[2026-06-17T09:50:40.126+0800][0.004s][info][gc] Using Serial
[2026-06-17T09:50:40.127+0800][0.005s][info][gc,heap,coops] Heap address: 0x00000000fc000000, size: 64 MB, Compressed Oops mode: 32-bit
[2026-06-17T09:50:40.207+0800][0.085s][info][gc,start     ] GC(0) Pause Young (Allocation Failure)
[2026-06-17T09:50:40.210+0800][0.089s][info][gc,heap      ] GC(0) DefNew: 17445K->2176K(19648K)
[2026-06-17T09:50:40.211+0800][0.089s][info][gc,heap      ] GC(0) Tenured: 0K->4482K(43712K)
[2026-06-17T09:50:40.211+0800][0.089s][info][gc,metaspace ] GC(0) Metaspace: 3135K(4864K)->3135K(4864K) NonClass: 2831K(4352K)->2831K(4352K) Class: 303K(512K)->303K(512K)
[2026-06-17T09:50:40.211+0800][0.089s][info][gc           ] GC(0) Pause Young (Allocation Failure) 17M->6M(61M) 4.171ms
[2026-06-17T09:50:40.212+0800][0.090s][info][gc,cpu       ] GC(0) User=0.00s Sys=0.00s Real=0.01s
[2026-06-17T09:50:40.254+0800][0.132s][info][gc,start     ] GC(1) Pause Young (Allocation Failure)
[2026-06-17T09:50:40.257+0800][0.135s][info][gc,heap      ] GC(1) DefNew: 19648K->2147K(19648K)
[2026-06-17T09:50:40.257+0800][0.136s][info][gc,heap      ] GC(1) Tenured: 4482K->8587K(43712K)
[2026-06-17T09:50:40.258+0800][0.136s][info][gc,metaspace ] GC(1) Metaspace: 3135K(4864K)->3135K(4864K) NonClass: 2831K(4352K)->2831K(4352K) Class: 303K(512K)->303K(512K)
[2026-06-17T09:50:40.258+0800][0.136s][info][gc           ] GC(1) Pause Young (Allocation Failure) 23M->10M(61M) 3.743ms
[2026-06-17T09:50:40.258+0800][0.136s][info][gc,cpu       ] GC(1) User=0.01s Sys=0.00s Real=0.00s
[2026-06-17T09:50:40.310+0800][0.189s][info][gc,start     ] GC(2) Pause Young (Allocation Failure)
[2026-06-17T09:50:40.312+0800][0.190s][info][gc,heap      ] GC(2) DefNew: 19559K->1729K(19648K)
[2026-06-17T09:50:40.313+0800][0.191s][info][gc,heap      ] GC(2) Tenured: 8587K->8732K(43712K)
[2026-06-17T09:50:40.314+0800][0.192s][info][gc,metaspace ] GC(2) Metaspace: 3135K(4864K)->3135K(4864K) NonClass: 2831K(4352K)->2831K(4352K) Class: 303K(512K)->303K(512K)
[2026-06-17T09:50:40.314+0800][0.192s][info][gc           ] GC(2) Pause Young (Allocation Failure) 27M->10M(61M) 3.787ms
[2026-06-17T09:50:40.315+0800][0.193s][info][gc,cpu       ] GC(2) User=0.00s Sys=0.00s Real=0.00s
[2026-06-17T09:50:40.347+0800][0.225s][info][gc,start     ] GC(3) Pause Young (Allocation Failure)
[2026-06-17T09:50:40.348+0800][0.226s][info][gc,heap      ] GC(3) DefNew: 19188K->2173K(19648K)
[2026-06-17T09:50:40.348+0800][0.227s][info][gc,heap      ] GC(3) Tenured: 8732K->11745K(43712K)
[2026-06-17T09:50:40.349+0800][0.227s][info][gc,metaspace ] GC(3) Metaspace: 3135K(4864K)->3135K(4864K) NonClass: 2831K(4352K)->2831K(4352K) Class: 303K(512K)->303K(512K)
[2026-06-17T09:50:40.349+0800][0.227s][info][gc           ] GC(3) Pause Young (Allocation Failure) 27M->13M(61M) 2.007ms
[2026-06-17T09:50:40.349+0800][0.227s][info][gc,cpu       ] GC(3) User=0.00s Sys=0.00s Real=0.00s
[2026-06-17T09:50:40.402+0800][0.280s][info][gc,start     ] GC(4) Pause Young (Allocation Failure)
[2026-06-17T09:50:40.405+0800][0.283s][info][gc,heap      ] GC(4) DefNew: 19634K->2129K(19648K)
[2026-06-17T09:50:40.407+0800][0.285s][info][gc,heap      ] GC(4) Tenured: 11745K->15790K(43712K)
[2026-06-17T09:50:40.408+0800][0.286s][info][gc,metaspace ] GC(4) Metaspace: 3135K(4864K)->3135K(4864K) NonClass: 2831K(4352K)->2831K(4352K) Class: 303K(512K)->303K(512K)
[2026-06-17T09:50:40.409+0800][0.287s][info][gc           ] GC(4) Pause Young (Allocation Failure) 30M->17M(61M) 6.624ms
[2026-06-17T09:50:40.409+0800][0.287s][info][gc,cpu       ] GC(4) User=0.00s Sys=0.00s Real=0.01s
[2026-06-17T09:50:40.453+0800][0.331s][info][gc,start     ] GC(5) Pause Young (Allocation Failure)
[2026-06-17T09:50:40.458+0800][0.336s][info][gc,heap      ] GC(5) DefNew: 19601K->2064K(19648K)
[2026-06-17T09:50:40.459+0800][0.337s][info][gc,heap      ] GC(5) Tenured: 15790K->19378K(43712K)
[2026-06-17T09:50:40.461+0800][0.339s][info][gc,metaspace ] GC(5) Metaspace: 3135K(4864K)->3135K(4864K) NonClass: 2831K(4352K)->2831K(4352K) Class: 303K(512K)->303K(512K)
[2026-06-17T09:50:40.463+0800][0.341s][info][gc           ] GC(5) Pause Young (Allocation Failure) 34M->20M(61M) 9.841ms
[2026-06-17T09:50:40.465+0800][0.343s][info][gc,cpu       ] GC(5) User=0.00s Sys=0.00s Real=0.01s
[2026-06-17T09:50:40.511+0800][0.389s][info][gc,start     ] GC(6) Pause Young (Allocation Failure)
[2026-06-17T09:50:40.515+0800][0.393s][info][gc,heap      ] GC(6) DefNew: 19498K->2163K(19648K)
[2026-06-17T09:50:40.516+0800][0.394s][info][gc,heap      ] GC(6) Tenured: 19378K->22738K(43712K)
[2026-06-17T09:50:40.516+0800][0.394s][info][gc,metaspace ] GC(6) Metaspace: 3135K(4864K)->3135K(4864K) NonClass: 2831K(4352K)->2831K(4352K) Class: 303K(512K)->303K(512K)
[2026-06-17T09:50:40.517+0800][0.395s][info][gc           ] GC(6) Pause Young (Allocation Failure) 37M->24M(61M) 5.808ms
[2026-06-17T09:50:40.518+0800][0.396s][info][gc,cpu       ] GC(6) User=0.00s Sys=0.01s Real=0.00s
[2026-06-17T09:50:40.564+0800][0.442s][info][gc,start     ] GC(7) Pause Young (Allocation Failure)
[2026-06-17T09:50:40.568+0800][0.446s][info][gc,heap      ] GC(7) DefNew: 19605K->2172K(19648K)
[2026-06-17T09:50:40.570+0800][0.448s][info][gc,heap      ] GC(7) Tenured: 22738K->26109K(43712K)
[2026-06-17T09:50:40.570+0800][0.448s][info][gc,metaspace ] GC(7) Metaspace: 3146K(4864K)->3146K(4864K) NonClass: 2841K(4352K)->2841K(4352K) Class: 305K(512K)->305K(512K)
[2026-06-17T09:50:40.571+0800][0.449s][info][gc           ] GC(7) Pause Young (Allocation Failure) 41M->27M(61M) 6.258ms
[2026-06-17T09:50:40.571+0800][0.449s][info][gc,cpu       ] GC(7) User=0.00s Sys=0.00s Real=0.01s
[2026-06-17T09:50:40.616+0800][0.494s][info][gc,start     ] GC(8) Pause Young (Allocation Failure)
[2026-06-17T09:50:40.622+0800][0.500s][info][gc,heap      ] GC(8) DefNew: 19617K->2172K(19648K)
[2026-06-17T09:50:40.625+0800][0.503s][info][gc,heap      ] GC(8) Tenured: 26109K->31052K(43712K)
[2026-06-17T09:50:40.625+0800][0.504s][info][gc,metaspace ] GC(8) Metaspace: 3146K(4864K)->3146K(4864K) NonClass: 2841K(4352K)->2841K(4352K) Class: 305K(512K)->305K(512K)
[2026-06-17T09:50:40.629+0800][0.508s][info][gc           ] GC(8) Pause Young (Allocation Failure) 44M->32M(61M) 13.984ms
[2026-06-17T09:50:40.630+0800][0.508s][info][gc,cpu       ] GC(8) User=0.00s Sys=0.00s Real=0.01s
[2026-06-17T09:50:40.685+0800][0.563s][info][gc,start     ] GC(9) Pause Young (Allocation Failure)
[2026-06-17T09:50:40.690+0800][0.568s][info][gc,heap      ] GC(9) DefNew: 19644K->2123K(19648K)
[2026-06-17T09:50:40.691+0800][0.569s][info][gc,heap      ] GC(9) Tenured: 31052K->34064K(43712K)
[2026-06-17T09:50:40.691+0800][0.569s][info][gc,metaspace ] GC(9) Metaspace: 3146K(4864K)->3146K(4864K) NonClass: 2841K(4352K)->2841K(4352K) Class: 305K(512K)->305K(512K)
[2026-06-17T09:50:40.692+0800][0.571s][info][gc           ] GC(9) Pause Young (Allocation Failure) 49M->35M(61M) 7.851ms
[2026-06-17T09:50:40.693+0800][0.572s][info][gc,cpu       ] GC(9) User=0.00s Sys=0.01s Real=0.01s
[2026-06-17T09:50:40.738+0800][0.616s][info][gc,start     ] GC(10) Pause Young (Allocation Failure)
[2026-06-17T09:50:40.744+0800][0.622s][info][gc,heap      ] GC(10) DefNew: 19595K->2048K(19648K)
[2026-06-17T09:50:40.744+0800][0.622s][info][gc,heap      ] GC(10) Tenured: 34064K->37389K(43712K)
[2026-06-17T09:50:40.747+0800][0.626s][info][gc,metaspace ] GC(10) Metaspace: 3146K(4864K)->3146K(4864K) NonClass: 2841K(4352K)->2841K(4352K) Class: 305K(512K)->305K(512K)
[2026-06-17T09:50:40.750+0800][0.628s][info][gc           ] GC(10) Pause Young (Allocation Failure) 52M->38M(61M) 12.085ms
[2026-06-17T09:50:40.752+0800][0.630s][info][gc,cpu       ] GC(10) User=0.00s Sys=0.00s Real=0.02s
[2026-06-17T09:50:40.797+0800][0.675s][info][gc,start     ] GC(11) Pause Young (Allocation Failure)
[2026-06-17T09:50:40.803+0800][0.681s][info][gc,heap      ] GC(11) DefNew: 19520K->2065K(19648K)
[2026-06-17T09:50:40.804+0800][0.682s][info][gc,heap      ] GC(11) Tenured: 37389K->41140K(43712K)
[2026-06-17T09:50:40.805+0800][0.683s][info][gc,metaspace ] GC(11) Metaspace: 3146K(4864K)->3146K(4864K) NonClass: 2841K(4352K)->2841K(4352K) Class: 305K(512K)->305K(512K)
[2026-06-17T09:50:40.805+0800][0.683s][info][gc           ] GC(11) Pause Young (Allocation Failure) 55M->42M(61M) 7.983ms
[2026-06-17T09:50:40.806+0800][0.684s][info][gc,cpu       ] GC(11) User=0.00s Sys=0.00s Real=0.01s
[2026-06-17T09:50:40.851+0800][0.729s][info][gc,start     ] GC(12) Pause Young (Allocation Failure)
[2026-06-17T09:50:40.852+0800][0.730s][info][gc,start     ] GC(13) Pause Full (Allocation Failure)
[2026-06-17T09:50:40.852+0800][0.730s][info][gc,phases,start] GC(13) Phase 1: Mark live objects
[2026-06-17T09:50:40.854+0800][0.732s][info][gc,phases      ] GC(13) Phase 1: Mark live objects 1.592ms
[2026-06-17T09:50:40.854+0800][0.732s][info][gc,phases,start] GC(13) Phase 2: Compute new object addresses
[2026-06-17T09:50:40.855+0800][0.733s][info][gc,phases      ] GC(13) Phase 2: Compute new object addresses 0.747ms
[2026-06-17T09:50:40.856+0800][0.734s][info][gc,phases,start] GC(13) Phase 3: Adjust pointers
[2026-06-17T09:50:40.857+0800][0.735s][info][gc,phases      ] GC(13) Phase 3: Adjust pointers 1.163ms
[2026-06-17T09:50:40.858+0800][0.736s][info][gc,phases,start] GC(13) Phase 4: Move objects
[2026-06-17T09:50:40.861+0800][0.739s][info][gc,phases      ] GC(13) Phase 4: Move objects 3.074ms
[2026-06-17T09:50:40.861+0800][0.739s][info][gc             ] GC(13) Pause Full (Allocation Failure) 59M->23M(61M) 9.690ms
[2026-06-17T09:50:40.862+0800][0.740s][info][gc,heap        ] GC(12) DefNew: 19520K->0K(19648K)
[2026-06-17T09:50:40.862+0800][0.740s][info][gc,heap        ] GC(12) Tenured: 41140K->23769K(43712K)
[2026-06-17T09:50:40.863+0800][0.741s][info][gc,metaspace   ] GC(12) Metaspace: 3146K(4864K)->3146K(4864K) NonClass: 2841K(4352K)->2841K(4352K) Class: 305K(512K)->305K(512K)
[2026-06-17T09:50:40.864+0800][0.742s][info][gc             ] GC(12) Pause Young (Allocation Failure) 59M->23M(61M) 12.828ms
[2026-06-17T09:50:40.864+0800][0.742s][info][gc,cpu         ] GC(12) User=0.00s Sys=0.00s Real=0.01s
[2026-06-17T09:50:40.908+0800][0.786s][info][gc,start       ] GC(14) Pause Young (Allocation Failure)
[2026-06-17T09:50:40.911+0800][0.789s][info][gc,heap        ] GC(14) DefNew: 17472K->2172K(19648K)
[2026-06-17T09:50:40.912+0800][0.790s][info][gc,heap        ] GC(14) Tenured: 23769K->28373K(43712K)
[2026-06-17T09:50:40.913+0800][0.791s][info][gc,metaspace   ] GC(14) Metaspace: 3146K(4864K)->3146K(4864K) NonClass: 2841K(4352K)->2841K(4352K) Class: 305K(512K)->305K(512K)
[2026-06-17T09:50:40.914+0800][0.792s][info][gc             ] GC(14) Pause Young (Allocation Failure) 40M->29M(61M) 5.438ms
[2026-06-17T09:50:40.914+0800][0.792s][info][gc,cpu         ] GC(14) User=0.00s Sys=0.00s Real=0.01s
[2026-06-17T09:50:40.958+0800][0.837s][info][gc,start       ] GC(15) Pause Young (Allocation Failure)
[2026-06-17T09:50:40.961+0800][0.839s][info][gc,heap        ] GC(15) DefNew: 19627K->2089K(19648K)
[2026-06-17T09:50:40.961+0800][0.839s][info][gc,heap        ] GC(15) Tenured: 28373K->33698K(43712K)
[2026-06-17T09:50:40.962+0800][0.840s][info][gc,metaspace   ] GC(15) Metaspace: 3146K(4864K)->3146K(4864K) NonClass: 2841K(4352K)->2841K(4352K) Class: 305K(512K)->305K(512K)
[2026-06-17T09:50:40.963+0800][0.841s][info][gc             ] GC(15) Pause Young (Allocation Failure) 46M->34M(61M) 4.069ms
[2026-06-17T09:50:40.963+0800][0.841s][info][gc,cpu         ] GC(15) User=0.00s Sys=0.00s Real=0.01s
[2026-06-17T09:50:41.017+0800][0.895s][info][gc,start       ] GC(16) Pause Young (Allocation Failure)
[2026-06-17T09:50:41.022+0800][0.900s][info][gc,heap        ] GC(16) DefNew: 19546K->1992K(19648K)
[2026-06-17T09:50:41.035+0800][0.913s][info][gc,heap        ] GC(16) Tenured: 33698K->34073K(43712K)
[2026-06-17T09:50:41.059+0800][0.937s][info][gc,metaspace   ] GC(16) Metaspace: 3146K(4864K)->3146K(4864K) NonClass: 2841K(4352K)->2841K(4352K) Class: 305K(512K)->305K(512K)
[2026-06-17T09:50:41.071+0800][0.949s][info][gc             ] GC(16) Pause Young (Allocation Failure) 51M->35M(61M) 53.875ms
[2026-06-17T09:50:41.072+0800][0.950s][info][gc,cpu         ] GC(16) User=0.00s Sys=0.00s Real=0.06s
[2026-06-17T09:50:41.134+0800][1.012s][info][gc,start       ] GC(17) Pause Young (Allocation Failure)
[2026-06-17T09:50:41.136+0800][1.014s][info][gc,heap        ] GC(17) DefNew: 19199K->2110K(19648K)
[2026-06-17T09:50:41.136+0800][1.014s][info][gc,heap        ] GC(17) Tenured: 34073K->36747K(43712K)
[2026-06-17T09:50:41.137+0800][1.015s][info][gc,metaspace   ] GC(17) Metaspace: 3146K(4864K)->3146K(4864K) NonClass: 2841K(4352K)->2841K(4352K) Class: 305K(512K)->305K(512K)
[2026-06-17T09:50:41.137+0800][1.015s][info][gc             ] GC(17) Pause Young (Allocation Failure) 52M->37M(61M) 2.474ms
[2026-06-17T09:50:41.139+0800][1.017s][info][gc,cpu         ] GC(17) User=0.00s Sys=0.00s Real=0.00s
[2026-06-17T09:50:41.184+0800][1.062s][info][gc,start       ] GC(18) Pause Young (Allocation Failure)
[2026-06-17T09:50:41.195+0800][1.073s][info][gc,heap        ] GC(18) DefNew: 19567K->2165K(19648K)
[2026-06-17T09:50:41.197+0800][1.075s][info][gc,heap        ] GC(18) Tenured: 36747K->43621K(43712K)
[2026-06-17T09:50:41.198+0800][1.076s][info][gc,metaspace   ] GC(18) Metaspace: 3146K(4864K)->3146K(4864K) NonClass: 2841K(4352K)->2841K(4352K) Class: 305K(512K)->305K(512K)
[2026-06-17T09:50:41.203+0800][1.081s][info][gc             ] GC(18) Pause Young (Allocation Failure) 54M->44M(61M) 19.261ms
[2026-06-17T09:50:41.204+0800][1.082s][info][gc,cpu         ] GC(18) User=0.00s Sys=0.00s Real=0.02s
[2026-06-17T09:50:41.262+0800][1.140s][info][gc,start       ] GC(19) Pause Young (Allocation Failure)
[2026-06-17T09:50:41.264+0800][1.142s][info][gc,start       ] GC(20) Pause Full (Allocation Failure)
[2026-06-17T09:50:41.265+0800][1.143s][info][gc,phases,start] GC(20) Phase 1: Mark live objects
[2026-06-17T09:50:41.267+0800][1.145s][info][gc,phases      ] GC(20) Phase 1: Mark live objects 1.562ms
[2026-06-17T09:50:41.268+0800][1.146s][info][gc,phases,start] GC(20) Phase 2: Compute new object addresses
[2026-06-17T09:50:41.270+0800][1.148s][info][gc,phases      ] GC(20) Phase 2: Compute new object addresses 1.881ms
[2026-06-17T09:50:41.272+0800][1.150s][info][gc,phases,start] GC(20) Phase 3: Adjust pointers
[2026-06-17T09:50:41.275+0800][1.153s][info][gc,phases      ] GC(20) Phase 3: Adjust pointers 2.157ms
[2026-06-17T09:50:41.276+0800][1.154s][info][gc,phases,start] GC(20) Phase 4: Move objects
[2026-06-17T09:50:41.280+0800][1.158s][info][gc,phases      ] GC(20) Phase 4: Move objects 4.249ms
[2026-06-17T09:50:41.281+0800][1.159s][info][gc             ] GC(20) Pause Full (Allocation Failure) 61M->19M(61M) 17.345ms
[2026-06-17T09:50:41.281+0800][1.159s][info][gc,heap        ] GC(19) DefNew: 19613K->0K(19648K)
[2026-06-17T09:50:41.282+0800][1.160s][info][gc,heap        ] GC(19) Tenured: 43621K->20281K(43712K)
[2026-06-17T09:50:41.282+0800][1.160s][info][gc,metaspace   ] GC(19) Metaspace: 3146K(4864K)->3146K(4864K) NonClass: 2841K(4352K)->2841K(4352K) Class: 305K(512K)->305K(512K)
[2026-06-17T09:50:41.283+0800][1.161s][info][gc             ] GC(19) Pause Young (Allocation Failure) 61M->19M(61M) 20.911ms
[2026-06-17T09:50:41.283+0800][1.161s][info][gc,cpu         ] GC(19) User=0.01s Sys=0.00s Real=0.03s
[2026-06-17T09:50:41.317+0800][1.195s][info][gc,start       ] GC(21) Pause Young (Allocation Failure)
[2026-06-17T09:50:41.319+0800][1.197s][info][gc,heap        ] GC(21) DefNew: 17351K->2174K(19648K)
[2026-06-17T09:50:41.319+0800][1.197s][info][gc,heap        ] GC(21) Tenured: 20281K->24784K(43712K)
[2026-06-17T09:50:41.320+0800][1.199s][info][gc,metaspace   ] GC(21) Metaspace: 3146K(4864K)->3146K(4864K) NonClass: 2841K(4352K)->2841K(4352K) Class: 305K(512K)->305K(512K)
[2026-06-17T09:50:41.322+0800][1.200s][info][gc             ] GC(21) Pause Young (Allocation Failure) 36M->26M(61M) 5.265ms
[2026-06-17T09:50:41.324+0800][1.202s][info][gc,cpu         ] GC(21) User=0.00s Sys=0.00s Real=0.01s
[2026-06-17T09:50:41.379+0800][1.257s][info][gc,start       ] GC(22) Pause Young (Allocation Failure)
[2026-06-17T09:50:41.380+0800][1.258s][info][gc,heap        ] GC(22) DefNew: 19646K->2141K(19648K)
[2026-06-17T09:50:41.381+0800][1.259s][info][gc,heap        ] GC(22) Tenured: 24784K->28430K(43712K)
[2026-06-17T09:50:41.381+0800][1.260s][info][gc,metaspace   ] GC(22) Metaspace: 3146K(4864K)->3146K(4864K) NonClass: 2841K(4352K)->2841K(4352K) Class: 305K(512K)->305K(512K)
[2026-06-17T09:50:41.382+0800][1.260s][info][gc             ] GC(22) Pause Young (Allocation Failure) 43M->29M(61M) 3.027ms
[2026-06-17T09:50:41.383+0800][1.261s][info][gc,cpu         ] GC(22) User=0.00s Sys=0.00s Real=0.01s
[2026-06-17T09:50:41.426+0800][1.304s][info][gc,start       ] GC(23) Pause Young (Allocation Failure)
[2026-06-17T09:50:41.427+0800][1.305s][info][gc,heap        ] GC(23) DefNew: 19613K->2164K(19648K)
[2026-06-17T09:50:41.427+0800][1.305s][info][gc,heap        ] GC(23) Tenured: 28430K->32315K(43712K)
[2026-06-17T09:50:41.427+0800][1.305s][info][gc,metaspace   ] GC(23) Metaspace: 3146K(4864K)->3146K(4864K) NonClass: 2841K(4352K)->2841K(4352K) Class: 305K(512K)->305K(512K)
[2026-06-17T09:50:41.427+0800][1.305s][info][gc             ] GC(23) Pause Young (Allocation Failure) 46M->33M(61M) 1.509ms
[2026-06-17T09:50:41.427+0800][1.305s][info][gc,cpu         ] GC(23) User=0.00s Sys=0.00s Real=0.00s
[2026-06-17T09:50:41.470+0800][1.348s][info][gc,start       ] GC(24) Pause Young (Allocation Failure)
[2026-06-17T09:50:41.471+0800][1.349s][info][gc,heap        ] GC(24) DefNew: 19636K->2148K(19648K)
[2026-06-17T09:50:41.471+0800][1.349s][info][gc,heap        ] GC(24) Tenured: 32315K->36054K(43712K)
[2026-06-17T09:50:41.472+0800][1.350s][info][gc,metaspace   ] GC(24) Metaspace: 3146K(4864K)->3146K(4864K) NonClass: 2841K(4352K)->2841K(4352K) Class: 305K(512K)->305K(512K)
[2026-06-17T09:50:41.472+0800][1.350s][info][gc             ] GC(24) Pause Young (Allocation Failure) 50M->37M(61M) 2.612ms
[2026-06-17T09:50:41.473+0800][1.351s][info][gc,cpu         ] GC(24) User=0.00s Sys=0.00s Real=0.01s
[2026-06-17T09:50:41.526+0800][1.404s][info][gc,start       ] GC(25) Pause Young (Allocation Failure)
[2026-06-17T09:50:41.526+0800][1.404s][info][gc,heap        ] GC(25) DefNew: 19588K->1992K(19648K)
[2026-06-17T09:50:41.527+0800][1.405s][info][gc,heap        ] GC(25) Tenured: 36054K->36566K(43712K)
[2026-06-17T09:50:41.527+0800][1.405s][info][gc,metaspace   ] GC(25) Metaspace: 3146K(4864K)->3146K(4864K) NonClass: 2841K(4352K)->2841K(4352K) Class: 305K(512K)->305K(512K)
[2026-06-17T09:50:41.528+0800][1.406s][info][gc             ] GC(25) Pause Young (Allocation Failure) 54M->37M(61M) 2.031ms
[2026-06-17T09:50:41.528+0800][1.406s][info][gc,cpu         ] GC(25) User=0.00s Sys=0.00s Real=0.00s
[2026-06-17T09:50:41.561+0800][1.439s][info][gc,start       ] GC(26) Pause Young (Allocation Failure)
[2026-06-17T09:50:41.562+0800][1.440s][info][gc,heap        ] GC(26) DefNew: 19231K->2171K(19648K)
[2026-06-17T09:50:41.563+0800][1.441s][info][gc,heap        ] GC(26) Tenured: 36566K->40112K(43712K)
[2026-06-17T09:50:41.563+0800][1.441s][info][gc,metaspace   ] GC(26) Metaspace: 3146K(4864K)->3146K(4864K) NonClass: 2841K(4352K)->2841K(4352K) Class: 305K(512K)->305K(512K)
[2026-06-17T09:50:41.563+0800][1.441s][info][gc             ] GC(26) Pause Young (Allocation Failure) 54M->41M(61M) 2.463ms
[2026-06-17T09:50:41.564+0800][1.442s][info][gc,cpu         ] GC(26) User=0.00s Sys=0.00s Real=0.01s
[2026-06-17T09:50:41.617+0800][1.495s][info][gc,start       ] GC(27) Pause Young (Allocation Failure)
[2026-06-17T09:50:41.618+0800][1.496s][info][gc,start       ] GC(28) Pause Full (Allocation Failure)
[2026-06-17T09:50:41.618+0800][1.496s][info][gc,phases,start] GC(28) Phase 1: Mark live objects
[2026-06-17T09:50:41.619+0800][1.497s][info][gc,phases      ] GC(28) Phase 1: Mark live objects 0.825ms
[2026-06-17T09:50:41.619+0800][1.497s][info][gc,phases,start] GC(28) Phase 2: Compute new object addresses
[2026-06-17T09:50:41.619+0800][1.497s][info][gc,phases      ] GC(28) Phase 2: Compute new object addresses 0.424ms
[2026-06-17T09:50:41.620+0800][1.498s][info][gc,phases,start] GC(28) Phase 3: Adjust pointers
[2026-06-17T09:50:41.620+0800][1.498s][info][gc,phases      ] GC(28) Phase 3: Adjust pointers 0.496ms
[2026-06-17T09:50:41.620+0800][1.499s][info][gc,phases,start] GC(28) Phase 4: Move objects
[2026-06-17T09:50:41.622+0800][1.500s][info][gc,phases      ] GC(28) Phase 4: Move objects 1.801ms
[2026-06-17T09:50:41.623+0800][1.501s][info][gc             ] GC(28) Pause Full (Allocation Failure) 58M->21M(61M) 5.200ms
[2026-06-17T09:50:41.623+0800][1.501s][info][gc,heap        ] GC(27) DefNew: 19643K->0K(19648K)
[2026-06-17T09:50:41.623+0800][1.502s][info][gc,heap        ] GC(27) Tenured: 40112K->21514K(43712K)
[2026-06-17T09:50:41.624+0800][1.502s][info][gc,metaspace   ] GC(27) Metaspace: 3151K(4864K)->3151K(4864K) NonClass: 2846K(4352K)->2846K(4352K) Class: 305K(512K)->305K(512K)
[2026-06-17T09:50:41.624+0800][1.502s][info][gc             ] GC(27) Pause Young (Allocation Failure) 58M->21M(61M) 7.147ms
[2026-06-17T09:50:41.625+0800][1.503s][info][gc,cpu         ] GC(27) User=0.00s Sys=0.00s Real=0.01s
[2026-06-17T09:50:41.667+0800][1.545s][info][gc,start       ] GC(29) Pause Young (Allocation Failure)
[2026-06-17T09:50:41.668+0800][1.546s][info][gc,heap        ] GC(29) DefNew: 17438K->2169K(19648K)
[2026-06-17T09:50:41.669+0800][1.547s][info][gc,heap        ] GC(29) Tenured: 21514K->26682K(43712K)
[2026-06-17T09:50:41.669+0800][1.547s][info][gc,metaspace   ] GC(29) Metaspace: 3151K(4864K)->3151K(4864K) NonClass: 2846K(4352K)->2846K(4352K) Class: 305K(512K)->305K(512K)
[2026-06-17T09:50:41.669+0800][1.547s][info][gc             ] GC(29) Pause Young (Allocation Failure) 38M->28M(61M) 1.949ms
[2026-06-17T09:50:41.669+0800][1.547s][info][gc,cpu         ] GC(29) User=0.00s Sys=0.00s Real=0.00s
[2026-06-17T09:50:41.712+0800][1.590s][info][gc,start       ] GC(30) Pause Young (Allocation Failure)
[2026-06-17T09:50:41.713+0800][1.591s][info][gc,heap        ] GC(30) DefNew: 19641K->2169K(19648K)
[2026-06-17T09:50:41.714+0800][1.592s][info][gc,heap        ] GC(30) Tenured: 26682K->32150K(43712K)
[2026-06-17T09:50:41.714+0800][1.592s][info][gc,metaspace   ] GC(30) Metaspace: 3151K(4864K)->3151K(4864K) NonClass: 2846K(4352K)->2846K(4352K) Class: 305K(512K)->305K(512K)
[2026-06-17T09:50:41.714+0800][1.592s][info][gc             ] GC(30) Pause Young (Allocation Failure) 45M->33M(61M) 2.632ms
[2026-06-17T09:50:41.715+0800][1.593s][info][gc,cpu         ] GC(30) User=0.01s Sys=0.00s Real=0.00s
[2026-06-17T09:50:41.757+0800][1.635s][info][gc,start       ] GC(31) Pause Young (Allocation Failure)
[2026-06-17T09:50:41.758+0800][1.636s][info][gc,heap        ] GC(31) DefNew: 19254K->1514K(19648K)
[2026-06-17T09:50:41.758+0800][1.636s][info][gc,heap        ] GC(31) Tenured: 32150K->32833K(43712K)
[2026-06-17T09:50:41.759+0800][1.637s][info][gc,metaspace   ] GC(31) Metaspace: 3151K(4864K)->3151K(4864K) NonClass: 2846K(4352K)->2846K(4352K) Class: 305K(512K)->305K(512K)
[2026-06-17T09:50:41.759+0800][1.637s][info][gc             ] GC(31) Pause Young (Allocation Failure) 50M->33M(61M) 2.020ms
[2026-06-17T09:50:41.759+0800][1.637s][info][gc,cpu         ] GC(31) User=0.00s Sys=0.00s Real=0.00s
[2026-06-17T09:50:41.802+0800][1.680s][info][gc,start       ] GC(32) Pause Young (Allocation Failure)
[2026-06-17T09:50:41.808+0800][1.686s][info][gc,heap        ] GC(32) DefNew: 18967K->2168K(19648K)
[2026-06-17T09:50:41.808+0800][1.686s][info][gc,heap        ] GC(32) Tenured: 32833K->39187K(43712K)
[2026-06-17T09:50:41.810+0800][1.688s][info][gc,metaspace   ] GC(32) Metaspace: 3151K(4864K)->3151K(4864K) NonClass: 2846K(4352K)->2846K(4352K) Class: 305K(512K)->305K(512K)
[2026-06-17T09:50:41.815+0800][1.693s][info][gc             ] GC(32) Pause Young (Allocation Failure) 50M->40M(61M) 12.788ms
[2026-06-17T09:50:41.815+0800][1.693s][info][gc,cpu         ] GC(32) User=0.00s Sys=0.00s Real=0.02s
[2026-06-17T09:50:41.857+0800][1.735s][info][gc,start       ] GC(33) Pause Young (Allocation Failure)
[2026-06-17T09:50:41.858+0800][1.736s][info][gc,start       ] GC(34) Pause Full (Allocation Failure)
[2026-06-17T09:50:41.858+0800][1.736s][info][gc,phases,start] GC(34) Phase 1: Mark live objects
[2026-06-17T09:50:41.859+0800][1.737s][info][gc,phases      ] GC(34) Phase 1: Mark live objects 0.737ms
[2026-06-17T09:50:41.859+0800][1.737s][info][gc,phases,start] GC(34) Phase 2: Compute new object addresses
[2026-06-17T09:50:41.859+0800][1.737s][info][gc,phases      ] GC(34) Phase 2: Compute new object addresses 0.415ms
[2026-06-17T09:50:41.860+0800][1.738s][info][gc,phases,start] GC(34) Phase 3: Adjust pointers
[2026-06-17T09:50:41.860+0800][1.738s][info][gc,phases      ] GC(34) Phase 3: Adjust pointers 0.490ms
[2026-06-17T09:50:41.860+0800][1.738s][info][gc,phases,start] GC(34) Phase 4: Move objects
[2026-06-17T09:50:41.863+0800][1.741s][info][gc,phases      ] GC(34) Phase 4: Move objects 2.513ms
[2026-06-17T09:50:41.863+0800][1.741s][info][gc             ] GC(34) Pause Full (Allocation Failure) 57M->27M(61M) 5.289ms
[2026-06-17T09:50:41.863+0800][1.741s][info][gc,heap        ] GC(33) DefNew: 19590K->0K(19648K)
[2026-06-17T09:50:41.863+0800][1.741s][info][gc,heap        ] GC(33) Tenured: 39187K->28078K(43712K)
[2026-06-17T09:50:41.863+0800][1.741s][info][gc,metaspace   ] GC(33) Metaspace: 3151K(4864K)->3151K(4864K) NonClass: 2846K(4352K)->2846K(4352K) Class: 305K(512K)->305K(512K)
[2026-06-17T09:50:41.864+0800][1.742s][info][gc             ] GC(33) Pause Young (Allocation Failure) 57M->27M(61M) 6.152ms
[2026-06-17T09:50:41.864+0800][1.742s][info][gc,cpu         ] GC(33) User=0.01s Sys=0.00s Real=0.01s
[2026-06-17T09:50:41.916+0800][1.794s][info][gc,start       ] GC(35) Pause Young (Allocation Failure)
[2026-06-17T09:50:41.917+0800][1.796s][info][gc,heap        ] GC(35) DefNew: 17451K->2037K(19648K)
[2026-06-17T09:50:41.918+0800][1.796s][info][gc,heap        ] GC(35) Tenured: 28078K->29659K(43712K)
[2026-06-17T09:50:41.918+0800][1.796s][info][gc,metaspace   ] GC(35) Metaspace: 3151K(4864K)->3151K(4864K) NonClass: 2846K(4352K)->2846K(4352K) Class: 305K(512K)->305K(512K)
[2026-06-17T09:50:41.919+0800][1.797s][info][gc             ] GC(35) Pause Young (Allocation Failure) 44M->30M(61M) 2.558ms
[2026-06-17T09:50:41.919+0800][1.797s][info][gc,cpu         ] GC(35) User=0.00s Sys=0.00s Real=0.00s
[2026-06-17T09:50:41.952+0800][1.830s][info][gc,start       ] GC(36) Pause Young (Allocation Failure)
[2026-06-17T09:50:41.952+0800][1.831s][info][gc,heap        ] GC(36) DefNew: 19278K->2160K(19648K)
[2026-06-17T09:50:41.953+0800][1.831s][info][gc,heap        ] GC(36) Tenured: 29659K->32597K(43712K)
[2026-06-17T09:50:41.953+0800][1.831s][info][gc,metaspace   ] GC(36) Metaspace: 3151K(4864K)->3151K(4864K) NonClass: 2846K(4352K)->2846K(4352K) Class: 305K(512K)->305K(512K)
[2026-06-17T09:50:41.953+0800][1.831s][info][gc             ] GC(36) Pause Young (Allocation Failure) 47M->33M(61M) 1.258ms
[2026-06-17T09:50:41.953+0800][1.831s][info][gc,cpu         ] GC(36) User=0.00s Sys=0.00s Real=0.00s
[2026-06-17T09:50:42.005+0800][1.883s][info][gc,start       ] GC(37) Pause Young (Allocation Failure)
[2026-06-17T09:50:42.006+0800][1.884s][info][gc,heap        ] GC(37) DefNew: 19609K->2105K(19648K)
[2026-06-17T09:50:42.006+0800][1.884s][info][gc,heap        ] GC(37) Tenured: 32597K->36445K(43712K)
[2026-06-17T09:50:42.006+0800][1.884s][info][gc,metaspace   ] GC(37) Metaspace: 3151K(4864K)->3151K(4864K) NonClass: 2846K(4352K)->2846K(4352K) Class: 305K(512K)->305K(512K)
[2026-06-17T09:50:42.006+0800][1.885s][info][gc             ] GC(37) Pause Young (Allocation Failure) 50M->37M(61M) 1.254ms
[2026-06-17T09:50:42.007+0800][1.885s][info][gc,cpu         ] GC(37) User=0.00s Sys=0.00s Real=0.00s
[2026-06-17T09:50:42.050+0800][1.928s][info][gc,start       ] GC(38) Pause Young (Allocation Failure)
[2026-06-17T09:50:42.052+0800][1.930s][info][gc,heap        ] GC(38) DefNew: 19577K->2151K(19648K)
[2026-06-17T09:50:42.053+0800][1.931s][info][gc,heap        ] GC(38) Tenured: 36445K->40126K(43712K)
[2026-06-17T09:50:42.054+0800][1.932s][info][gc,metaspace   ] GC(38) Metaspace: 3151K(4864K)->3151K(4864K) NonClass: 2846K(4352K)->2846K(4352K) Class: 305K(512K)->305K(512K)
[2026-06-17T09:50:42.055+0800][1.933s][info][gc             ] GC(38) Pause Young (Allocation Failure) 54M->41M(61M) 5.064ms
[2026-06-17T09:50:42.056+0800][1.934s][info][gc,cpu         ] GC(38) User=0.01s Sys=0.00s Real=0.01s
[2026-06-17T09:50:42.101+0800][1.979s][info][gc,start       ] GC(39) Pause Young (Allocation Failure)
[2026-06-17T09:50:42.102+0800][1.980s][info][gc,start       ] GC(40) Pause Full (Allocation Failure)
[2026-06-17T09:50:42.103+0800][1.981s][info][gc,phases,start] GC(40) Phase 1: Mark live objects
[2026-06-17T09:50:42.106+0800][1.984s][info][gc,phases      ] GC(40) Phase 1: Mark live objects 2.557ms
[2026-06-17T09:50:42.107+0800][1.985s][info][gc,phases,start] GC(40) Phase 2: Compute new object addresses
[2026-06-17T09:50:42.108+0800][1.986s][info][gc,phases      ] GC(40) Phase 2: Compute new object addresses 1.252ms
[2026-06-17T09:50:42.109+0800][1.987s][info][gc,phases,start] GC(40) Phase 3: Adjust pointers
[2026-06-17T09:50:42.110+0800][1.988s][info][gc,phases      ] GC(40) Phase 3: Adjust pointers 1.396ms
[2026-06-17T09:50:42.111+0800][1.989s][info][gc,phases,start] GC(40) Phase 4: Move objects
[2026-06-17T09:50:42.115+0800][1.993s][info][gc,phases      ] GC(40) Phase 4: Move objects 4.068ms
[2026-06-17T09:50:42.117+0800][1.995s][info][gc             ] GC(40) Pause Full (Allocation Failure) 58M->34M(61M) 14.367ms
[2026-06-17T09:50:42.117+0800][1.996s][info][gc,heap        ] GC(39) DefNew: 19589K->0K(19648K)
[2026-06-17T09:50:42.118+0800][1.996s][info][gc,heap        ] GC(39) Tenured: 40126K->35107K(43712K)
[2026-06-17T09:50:42.119+0800][1.997s][info][gc,metaspace   ] GC(39) Metaspace: 3151K(4864K)->3151K(4864K) NonClass: 2846K(4352K)->2846K(4352K) Class: 305K(512K)->305K(512K)
[2026-06-17T09:50:42.120+0800][1.998s][info][gc             ] GC(39) Pause Young (Allocation Failure) 58M->34M(61M) 18.598ms
[2026-06-17T09:50:42.120+0800][1.998s][info][gc,cpu         ] GC(39) User=0.01s Sys=0.00s Real=0.02s
[2026-06-17T09:50:42.175+0800][2.053s][info][gc,start       ] GC(41) Pause Young (Allocation Failure)
[2026-06-17T09:50:42.177+0800][2.055s][info][gc,heap        ] GC(41) DefNew: 17472K->2166K(19648K)
[2026-06-17T09:50:42.177+0800][2.055s][info][gc,heap        ] GC(41) Tenured: 35107K->36375K(43712K)
[2026-06-17T09:50:42.178+0800][2.056s][info][gc,metaspace   ] GC(41) Metaspace: 3151K(4864K)->3151K(4864K) NonClass: 2846K(4352K)->2846K(4352K) Class: 305K(512K)->305K(512K)
[2026-06-17T09:50:42.178+0800][2.056s][info][gc             ] GC(41) Pause Young (Allocation Failure) 51M->37M(61M) 3.002ms
[2026-06-17T09:50:42.179+0800][2.057s][info][gc,cpu         ] GC(41) User=0.00s Sys=0.00s Real=0.00s
[2026-06-17T09:50:42.213+0800][2.091s][info][gc,start       ] GC(42) Pause Young (Allocation Failure)
[2026-06-17T09:50:42.215+0800][2.093s][info][gc,heap        ] GC(42) DefNew: 19563K->2173K(19648K)
[2026-06-17T09:50:42.216+0800][2.094s][info][gc,heap        ] GC(42) Tenured: 36375K->39295K(43712K)
[2026-06-17T09:50:42.217+0800][2.095s][info][gc,metaspace   ] GC(42) Metaspace: 3151K(4864K)->3151K(4864K) NonClass: 2846K(4352K)->2846K(4352K) Class: 305K(512K)->305K(512K)
[2026-06-17T09:50:42.217+0800][2.095s][info][gc             ] GC(42) Pause Young (Allocation Failure) 54M->40M(61M) 4.023ms
[2026-06-17T09:50:42.217+0800][2.095s][info][gc,cpu         ] GC(42) User=0.01s Sys=0.00s Real=0.00s
[2026-06-17T09:50:42.273+0800][2.151s][info][gc,start       ] GC(43) Pause Young (Allocation Failure)
[2026-06-17T09:50:42.274+0800][2.152s][info][gc,start       ] GC(44) Pause Full (Allocation Failure)
[2026-06-17T09:50:42.275+0800][2.153s][info][gc,phases,start] GC(44) Phase 1: Mark live objects
[2026-06-17T09:50:42.277+0800][2.155s][info][gc,phases      ] GC(44) Phase 1: Mark live objects 2.058ms
[2026-06-17T09:50:42.277+0800][2.155s][info][gc,phases,start] GC(44) Phase 2: Compute new object addresses
[2026-06-17T09:50:42.278+0800][2.156s][info][gc,phases      ] GC(44) Phase 2: Compute new object addresses 1.000ms
[2026-06-17T09:50:42.279+0800][2.157s][info][gc,phases,start] GC(44) Phase 3: Adjust pointers
[2026-06-17T09:50:42.280+0800][2.158s][info][gc,phases      ] GC(44) Phase 3: Adjust pointers 1.075ms
[2026-06-17T09:50:42.280+0800][2.158s][info][gc,phases,start] GC(44) Phase 4: Move objects
[2026-06-17T09:50:42.283+0800][2.161s][info][gc,phases      ] GC(44) Phase 4: Move objects 2.887ms
[2026-06-17T09:50:42.284+0800][2.162s][info][gc             ] GC(44) Pause Full (Allocation Failure) 57M->30M(61M) 10.020ms
[2026-06-17T09:50:42.284+0800][2.162s][info][gc,heap        ] GC(43) DefNew: 19604K->0K(19648K)
[2026-06-17T09:50:42.285+0800][2.163s][info][gc,heap        ] GC(43) Tenured: 39295K->30746K(43712K)
[2026-06-17T09:50:42.285+0800][2.163s][info][gc,metaspace   ] GC(43) Metaspace: 3151K(4864K)->3151K(4864K) NonClass: 2846K(4352K)->2846K(4352K) Class: 305K(512K)->305K(512K)
[2026-06-17T09:50:42.285+0800][2.163s][info][gc             ] GC(43) Pause Young (Allocation Failure) 57M->30M(61M) 12.200ms
[2026-06-17T09:50:42.285+0800][2.163s][info][gc,cpu         ] GC(43) User=0.00s Sys=0.01s Real=0.01s
[2026-06-17T09:50:42.329+0800][2.207s][info][gc,start       ] GC(45) Pause Young (Allocation Failure)
[2026-06-17T09:50:42.331+0800][2.209s][info][gc,heap        ] GC(45) DefNew: 17409K->2172K(19648K)
[2026-06-17T09:50:42.332+0800][2.210s][info][gc,heap        ] GC(45) Tenured: 30746K->35142K(43712K)
[2026-06-17T09:50:42.332+0800][2.210s][info][gc,metaspace   ] GC(45) Metaspace: 3151K(4864K)->3151K(4864K) NonClass: 2846K(4352K)->2846K(4352K) Class: 305K(512K)->305K(512K)
[2026-06-17T09:50:42.333+0800][2.211s][info][gc             ] GC(45) Pause Young (Allocation Failure) 47M->36M(61M) 3.932ms
[2026-06-17T09:50:42.334+0800][2.212s][info][gc,cpu         ] GC(45) User=0.00s Sys=0.00s Real=0.01s
[2026-06-17T09:50:42.377+0800][2.255s][info][gc,start       ] GC(46) Pause Young (Allocation Failure)
[2026-06-17T09:50:42.379+0800][2.257s][info][gc,heap        ] GC(46) DefNew: 19644K->2164K(19648K)
[2026-06-17T09:50:42.380+0800][2.258s][info][gc,heap        ] GC(46) Tenured: 35142K->40623K(43712K)
[2026-06-17T09:50:42.381+0800][2.259s][info][gc,metaspace   ] GC(46) Metaspace: 3151K(4864K)->3151K(4864K) NonClass: 2846K(4352K)->2846K(4352K) Class: 305K(512K)->305K(512K)
[2026-06-17T09:50:42.382+0800][2.260s][info][gc             ] GC(46) Pause Young (Allocation Failure) 53M->41M(61M) 4.435ms
[2026-06-17T09:50:42.383+0800][2.261s][info][gc,cpu         ] GC(46) User=0.00s Sys=0.00s Real=0.00s
[2026-06-17T09:50:42.428+0800][2.306s][info][gc,start       ] GC(47) Pause Young (Allocation Failure)
[2026-06-17T09:50:42.429+0800][2.307s][info][gc,start       ] GC(48) Pause Full (Allocation Failure)
[2026-06-17T09:50:42.430+0800][2.308s][info][gc,phases,start] GC(48) Phase 1: Mark live objects
[2026-06-17T09:50:42.432+0800][2.311s][info][gc,phases      ] GC(48) Phase 1: Mark live objects 2.587ms
[2026-06-17T09:50:42.433+0800][2.311s][info][gc,phases,start] GC(48) Phase 2: Compute new object addresses
[2026-06-17T09:50:42.434+0800][2.312s][info][gc,phases      ] GC(48) Phase 2: Compute new object addresses 1.013ms
[2026-06-17T09:50:42.435+0800][2.313s][info][gc,phases,start] GC(48) Phase 3: Adjust pointers
[2026-06-17T09:50:42.436+0800][2.314s][info][gc,phases      ] GC(48) Phase 3: Adjust pointers 1.215ms
[2026-06-17T09:50:42.437+0800][2.315s][info][gc,phases,start] GC(48) Phase 4: Move objects
[2026-06-17T09:50:42.441+0800][2.319s][info][gc,phases      ] GC(48) Phase 4: Move objects 3.974ms
[2026-06-17T09:50:42.443+0800][2.321s][info][gc             ] GC(48) Pause Full (Allocation Failure) 58M->25M(61M) 14.128ms
[2026-06-17T09:50:42.445+0800][2.323s][info][gc,heap        ] GC(47) DefNew: 19636K->0K(19648K)
[2026-06-17T09:50:42.449+0800][2.327s][info][gc,heap        ] GC(47) Tenured: 40623K->25717K(43712K)
[2026-06-17T09:50:42.451+0800][2.329s][info][gc,metaspace   ] GC(47) Metaspace: 3151K(4864K)->3151K(4864K) NonClass: 2846K(4352K)->2846K(4352K) Class: 305K(512K)->305K(512K)
[2026-06-17T09:50:42.452+0800][2.330s][info][gc             ] GC(47) Pause Young (Allocation Failure) 58M->25M(61M) 24.142ms
[2026-06-17T09:50:42.454+0800][2.332s][info][gc,cpu         ] GC(47) User=0.01s Sys=0.00s Real=0.03s
[2026-06-17T09:50:42.499+0800][2.377s][info][gc,start       ] GC(49) Pause Young (Allocation Failure)
[2026-06-17T09:50:42.500+0800][2.378s][info][gc,heap        ] GC(49) DefNew: 17355K->2142K(19648K)
[2026-06-17T09:50:42.500+0800][2.379s][info][gc,heap        ] GC(49) Tenured: 25717K->26843K(43712K)
[2026-06-17T09:50:42.501+0800][2.379s][info][gc,metaspace   ] GC(49) Metaspace: 3151K(4864K)->3151K(4864K) NonClass: 2846K(4352K)->2846K(4352K) Class: 305K(512K)->305K(512K)
[2026-06-17T09:50:42.501+0800][2.379s][info][gc             ] GC(49) Pause Young (Allocation Failure) 42M->28M(61M) 2.060ms
[2026-06-17T09:50:42.501+0800][2.379s][info][gc,cpu         ] GC(49) User=0.00s Sys=0.00s Real=0.00s
[2026-06-17T09:50:42.554+0800][2.432s][info][gc,start       ] GC(50) Pause Young (Allocation Failure)
[2026-06-17T09:50:42.555+0800][2.433s][info][gc,heap        ] GC(50) DefNew: 19614K->2168K(19648K)
[2026-06-17T09:50:42.555+0800][2.433s][info][gc,heap        ] GC(50) Tenured: 26843K->30583K(43712K)
[2026-06-17T09:50:42.556+0800][2.434s][info][gc,metaspace   ] GC(50) Metaspace: 3151K(4864K)->3151K(4864K) NonClass: 2846K(4352K)->2846K(4352K) Class: 305K(512K)->305K(512K)
[2026-06-17T09:50:42.556+0800][2.434s][info][gc             ] GC(50) Pause Young (Allocation Failure) 45M->31M(61M) 2.179ms
[2026-06-17T09:50:42.557+0800][2.435s][info][gc,cpu         ] GC(50) User=0.00s Sys=0.00s Real=0.00s
[2026-06-17T09:50:42.600+0800][2.478s][info][gc,start       ] GC(51) Pause Young (Allocation Failure)
[2026-06-17T09:50:42.603+0800][2.481s][info][gc,heap        ] GC(51) DefNew: 19619K->2074K(19648K)
[2026-06-17T09:50:42.604+0800][2.482s][info][gc,heap        ] GC(51) Tenured: 30583K->33778K(43712K)
[2026-06-17T09:50:42.604+0800][2.482s][info][gc,metaspace   ] GC(51) Metaspace: 3151K(4864K)->3151K(4864K) NonClass: 2846K(4352K)->2846K(4352K) Class: 305K(512K)->305K(512K)
[2026-06-17T09:50:42.605+0800][2.483s][info][gc             ] GC(51) Pause Young (Allocation Failure) 49M->35M(61M) 4.489ms
[2026-06-17T09:50:42.605+0800][2.483s][info][gc,cpu         ] GC(51) User=0.00s Sys=0.00s Real=0.01s
[2026-06-17T09:50:42.651+0800][2.529s][info][gc,start       ] GC(52) Pause Young (Allocation Failure)
[2026-06-17T09:50:42.654+0800][2.532s][info][gc,heap        ] GC(52) DefNew: 19537K->2164K(19648K)
[2026-06-17T09:50:42.655+0800][2.533s][info][gc,heap        ] GC(52) Tenured: 33778K->37391K(43712K)
[2026-06-17T09:50:42.655+0800][2.533s][info][gc,metaspace   ] GC(52) Metaspace: 3151K(4864K)->3151K(4864K) NonClass: 2846K(4352K)->2846K(4352K) Class: 305K(512K)->305K(512K)
[2026-06-17T09:50:42.656+0800][2.534s][info][gc             ] GC(52) Pause Young (Allocation Failure) 52M->38M(61M) 4.528ms
[2026-06-17T09:50:42.657+0800][2.535s][info][gc,cpu         ] GC(52) User=0.01s Sys=0.00s Real=0.00s
[2026-06-17T09:50:42.702+0800][2.580s][info][gc,start       ] GC(53) Pause Young (Allocation Failure)
[2026-06-17T09:50:42.703+0800][2.581s][info][gc,start       ] GC(54) Pause Full (Allocation Failure)
[2026-06-17T09:50:42.704+0800][2.582s][info][gc,phases,start] GC(54) Phase 1: Mark live objects
[2026-06-17T09:50:42.706+0800][2.584s][info][gc,phases      ] GC(54) Phase 1: Mark live objects 2.113ms
[2026-06-17T09:50:42.706+0800][2.584s][info][gc,phases,start] GC(54) Phase 2: Compute new object addresses
[2026-06-17T09:50:42.708+0800][2.586s][info][gc,phases      ] GC(54) Phase 2: Compute new object addresses 1.283ms
[2026-06-17T09:50:42.708+0800][2.586s][info][gc,phases,start] GC(54) Phase 3: Adjust pointers
[2026-06-17T09:50:42.710+0800][2.588s][info][gc,phases      ] GC(54) Phase 3: Adjust pointers 1.590ms
[2026-06-17T09:50:42.711+0800][2.589s][info][gc,phases,start] GC(54) Phase 4: Move objects
[2026-06-17T09:50:42.715+0800][2.594s][info][gc,phases      ] GC(54) Phase 4: Move objects 4.884ms
[2026-06-17T09:50:42.717+0800][2.595s][info][gc             ] GC(54) Pause Full (Allocation Failure) 55M->28M(61M) 13.892ms
[2026-06-17T09:50:42.718+0800][2.596s][info][gc,heap        ] GC(53) DefNew: 19629K->0K(19648K)
[2026-06-17T09:50:42.718+0800][2.596s][info][gc,heap        ] GC(53) Tenured: 37391K->29041K(43712K)
[2026-06-17T09:50:42.718+0800][2.596s][info][gc,metaspace   ] GC(53) Metaspace: 3151K(4864K)->3151K(4864K) NonClass: 2846K(4352K)->2846K(4352K) Class: 305K(512K)->305K(512K)
[2026-06-17T09:50:42.718+0800][2.596s][info][gc             ] GC(53) Pause Young (Allocation Failure) 55M->28M(61M) 16.297ms
[2026-06-17T09:50:42.723+0800][2.601s][info][gc,cpu         ] GC(53) User=0.01s Sys=0.00s Real=0.03s
[2026-06-17T09:50:42.768+0800][2.646s][info][gc,start       ] GC(55) Pause Young (Allocation Failure)
[2026-06-17T09:50:42.770+0800][2.648s][info][gc,heap        ] GC(55) DefNew: 17374K->2130K(19648K)
[2026-06-17T09:50:42.771+0800][2.649s][info][gc,heap        ] GC(55) Tenured: 29041K->30327K(43712K)
[2026-06-17T09:50:42.771+0800][2.649s][info][gc,metaspace   ] GC(55) Metaspace: 3151K(4864K)->3151K(4864K) NonClass: 2846K(4352K)->2846K(4352K) Class: 305K(512K)->305K(512K)
[2026-06-17T09:50:42.772+0800][2.650s][info][gc             ] GC(55) Pause Young (Allocation Failure) 45M->31M(61M) 3.944ms
[2026-06-17T09:50:42.773+0800][2.651s][info][gc,cpu         ] GC(55) User=0.00s Sys=0.00s Real=0.01s
[2026-06-17T09:50:42.829+0800][2.707s][info][gc,start       ] GC(56) Pause Young (Allocation Failure)
[2026-06-17T09:50:42.831+0800][2.709s][info][gc,heap        ] GC(56) DefNew: 19602K->2083K(19648K)
[2026-06-17T09:50:42.832+0800][2.710s][info][gc,heap        ] GC(56) Tenured: 30327K->34089K(43712K)
[2026-06-17T09:50:42.833+0800][2.711s][info][gc,metaspace   ] GC(56) Metaspace: 3157K(4864K)->3157K(4864K) NonClass: 2851K(4352K)->2851K(4352K) Class: 305K(512K)->305K(512K)
[2026-06-17T09:50:42.834+0800][2.712s][info][gc             ] GC(56) Pause Young (Allocation Failure) 48M->35M(61M) 5.599ms
[2026-06-17T09:50:42.835+0800][2.713s][info][gc,cpu         ] GC(56) User=0.00s Sys=0.00s Real=0.01s
[2026-06-17T09:50:42.880+0800][2.758s][info][gc,start       ] GC(57) Pause Young (Allocation Failure)
[2026-06-17T09:50:42.883+0800][2.761s][info][gc,heap        ] GC(57) DefNew: 19555K->2119K(19648K)
[2026-06-17T09:50:42.883+0800][2.761s][info][gc,heap        ] GC(57) Tenured: 34089K->37564K(43712K)
[2026-06-17T09:50:42.884+0800][2.762s][info][gc,metaspace   ] GC(57) Metaspace: 3157K(4864K)->3157K(4864K) NonClass: 2851K(4352K)->2851K(4352K) Class: 305K(512K)->305K(512K)
[2026-06-17T09:50:42.885+0800][2.763s][info][gc             ] GC(57) Pause Young (Allocation Failure) 52M->38M(61M) 4.222ms
[2026-06-17T09:50:42.885+0800][2.763s][info][gc,cpu         ] GC(57) User=0.01s Sys=0.00s Real=0.01s
[2026-06-17T09:50:42.930+0800][2.809s][info][gc,start       ] GC(58) Pause Young (Allocation Failure)
[2026-06-17T09:50:42.932+0800][2.810s][info][gc,heap        ] GC(58) DefNew: 19585K->2132K(19648K)
[2026-06-17T09:50:42.933+0800][2.811s][info][gc,heap        ] GC(58) Tenured: 37564K->40803K(43712K)
[2026-06-17T09:50:42.933+0800][2.812s][info][gc,metaspace   ] GC(58) Metaspace: 3157K(4864K)->3157K(4864K) NonClass: 2851K(4352K)->2851K(4352K) Class: 305K(512K)->305K(512K)
[2026-06-17T09:50:42.934+0800][2.812s][info][gc             ] GC(58) Pause Young (Allocation Failure) 55M->41M(61M) 3.784ms
[2026-06-17T09:50:42.935+0800][2.813s][info][gc,cpu         ] GC(58) User=0.00s Sys=0.00s Real=0.01s
[2026-06-17T09:50:42.980+0800][2.858s][info][gc,start       ] GC(59) Pause Young (Allocation Failure)
[2026-06-17T09:50:42.981+0800][2.859s][info][gc,start       ] GC(60) Pause Full (Allocation Failure)
[2026-06-17T09:50:42.981+0800][2.859s][info][gc,phases,start] GC(60) Phase 1: Mark live objects
[2026-06-17T09:50:42.984+0800][2.862s][info][gc,phases      ] GC(60) Phase 1: Mark live objects 2.173ms
[2026-06-17T09:50:42.984+0800][2.862s][info][gc,phases,start] GC(60) Phase 2: Compute new object addresses
[2026-06-17T09:50:42.985+0800][2.863s][info][gc,phases      ] GC(60) Phase 2: Compute new object addresses 1.048ms
[2026-06-17T09:50:42.986+0800][2.864s][info][gc,phases,start] GC(60) Phase 3: Adjust pointers
[2026-06-17T09:50:42.987+0800][2.865s][info][gc,phases      ] GC(60) Phase 3: Adjust pointers 1.104ms
[2026-06-17T09:50:42.987+0800][2.865s][info][gc,phases,start] GC(60) Phase 4: Move objects
[2026-06-17T09:50:42.990+0800][2.868s][info][gc,phases      ] GC(60) Phase 4: Move objects 2.809ms
[2026-06-17T09:50:42.991+0800][2.869s][info][gc             ] GC(60) Pause Full (Allocation Failure) 58M->23M(61M) 10.028ms
[2026-06-17T09:50:42.991+0800][2.869s][info][gc,heap        ] GC(59) DefNew: 19578K->0K(19648K)
[2026-06-17T09:50:42.992+0800][2.870s][info][gc,heap        ] GC(59) Tenured: 40803K->23972K(43712K)
[2026-06-17T09:50:42.992+0800][2.870s][info][gc,metaspace   ] GC(59) Metaspace: 3157K(4864K)->3157K(4864K) NonClass: 2851K(4352K)->2851K(4352K) Class: 305K(512K)->305K(512K)
[2026-06-17T09:50:42.992+0800][2.871s][info][gc             ] GC(59) Pause Young (Allocation Failure) 58M->23M(61M) 12.698ms
[2026-06-17T09:50:42.993+0800][2.871s][info][gc,cpu         ] GC(59) User=0.01s Sys=0.00s Real=0.02s
[2026-06-17T09:50:43.037+0800][2.915s][info][gc,start       ] GC(61) Pause Young (Allocation Failure)
[2026-06-17T09:50:43.040+0800][2.918s][info][gc,heap        ] GC(61) DefNew: 17438K->2172K(19648K)
[2026-06-17T09:50:43.040+0800][2.918s][info][gc,heap        ] GC(61) Tenured: 23972K->28668K(43712K)
[2026-06-17T09:50:43.041+0800][2.919s][info][gc,metaspace   ] GC(61) Metaspace: 3157K(4864K)->3157K(4864K) NonClass: 2851K(4352K)->2851K(4352K) Class: 305K(512K)->305K(512K)
[2026-06-17T09:50:43.042+0800][2.921s][info][gc             ] GC(61) Pause Young (Allocation Failure) 40M->30M(61M) 5.372ms
[2026-06-17T09:50:43.043+0800][2.921s][info][gc,cpu         ] GC(61) User=0.00s Sys=0.00s Real=0.01s
[2026-06-17T09:50:43.089+0800][2.967s][info][gc,start       ] GC(62) Pause Young (Allocation Failure)
[2026-06-17T09:50:43.092+0800][2.970s][info][gc,heap        ] GC(62) DefNew: 19644K->2173K(19648K)
[2026-06-17T09:50:43.095+0800][2.973s][info][gc,heap        ] GC(62) Tenured: 28668K->35376K(43712K)
[2026-06-17T09:50:43.097+0800][2.975s][info][gc,metaspace   ] GC(62) Metaspace: 3157K(4864K)->3157K(4864K) NonClass: 2851K(4352K)->2851K(4352K) Class: 305K(512K)->305K(512K)
[2026-06-17T09:50:43.098+0800][2.976s][info][gc             ] GC(62) Pause Young (Allocation Failure) 47M->36M(61M) 9.769ms
[2026-06-17T09:50:43.100+0800][2.978s][info][gc,cpu         ] GC(62) User=0.00s Sys=0.00s Real=0.01s
[2026-06-17T09:50:43.157+0800][3.035s][info][gc,start       ] GC(63) Pause Young (Allocation Failure)
[2026-06-17T09:50:43.159+0800][3.037s][info][gc,heap        ] GC(63) DefNew: 19645K->1857K(19648K)
[2026-06-17T09:50:43.160+0800][3.038s][info][gc,heap        ] GC(63) Tenured: 35376K->36811K(43712K)
[2026-06-17T09:50:43.160+0800][3.038s][info][gc,metaspace   ] GC(63) Metaspace: 3157K(4864K)->3157K(4864K) NonClass: 2851K(4352K)->2851K(4352K) Class: 305K(512K)->305K(512K)
[2026-06-17T09:50:43.160+0800][3.038s][info][gc             ] GC(63) Pause Young (Allocation Failure) 53M->37M(61M) 3.733ms
[2026-06-17T09:50:43.161+0800][3.039s][info][gc,cpu         ] GC(63) User=0.00s Sys=0.00s Real=0.00s
[2026-06-17T09:50:43.195+0800][3.073s][info][gc,start       ] GC(64) Pause Young (Allocation Failure)
[2026-06-17T09:50:43.196+0800][3.074s][info][gc,start       ] GC(65) Pause Full (Allocation Failure)
[2026-06-17T09:50:43.197+0800][3.075s][info][gc,phases,start] GC(65) Phase 1: Mark live objects
[2026-06-17T09:50:43.199+0800][3.077s][info][gc,phases      ] GC(65) Phase 1: Mark live objects 1.777ms
[2026-06-17T09:50:43.199+0800][3.077s][info][gc,phases,start] GC(65) Phase 2: Compute new object addresses
[2026-06-17T09:50:43.199+0800][3.078s][info][gc,phases      ] GC(65) Phase 2: Compute new object addresses 0.484ms
[2026-06-17T09:50:43.200+0800][3.078s][info][gc,phases,start] GC(65) Phase 3: Adjust pointers
[2026-06-17T09:50:43.200+0800][3.078s][info][gc,phases      ] GC(65) Phase 3: Adjust pointers 0.529ms
[2026-06-17T09:50:43.201+0800][3.079s][info][gc,phases,start] GC(65) Phase 4: Move objects
[2026-06-17T09:50:43.203+0800][3.081s][info][gc,phases      ] GC(65) Phase 4: Move objects 1.925ms
[2026-06-17T09:50:43.203+0800][3.081s][info][gc             ] GC(65) Pause Full (Allocation Failure) 54M->24M(61M) 7.078ms
[2026-06-17T09:50:43.203+0800][3.081s][info][gc,heap        ] GC(64) DefNew: 19271K->0K(19648K)
[2026-06-17T09:50:43.204+0800][3.082s][info][gc,heap        ] GC(64) Tenured: 36811K->24783K(43712K)
[2026-06-17T09:50:43.204+0800][3.082s][info][gc,metaspace   ] GC(64) Metaspace: 3157K(4864K)->3157K(4864K) NonClass: 2851K(4352K)->2851K(4352K) Class: 305K(512K)->305K(512K)
[2026-06-17T09:50:43.204+0800][3.082s][info][gc             ] GC(64) Pause Young (Allocation Failure) 54M->24M(61M) 9.248ms
[2026-06-17T09:50:43.205+0800][3.083s][info][gc,cpu         ] GC(64) User=0.00s Sys=0.00s Real=0.01s
[2026-06-17T09:50:43.259+0800][3.137s][info][gc,start       ] GC(66) Pause Young (Allocation Failure)
[2026-06-17T09:50:43.261+0800][3.139s][info][gc,heap        ] GC(66) DefNew: 17414K->2154K(19648K)
[2026-06-17T09:50:43.261+0800][3.139s][info][gc,heap        ] GC(66) Tenured: 24783K->25938K(43712K)
[2026-06-17T09:50:43.262+0800][3.140s][info][gc,metaspace   ] GC(66) Metaspace: 3157K(4864K)->3157K(4864K) NonClass: 2851K(4352K)->2851K(4352K) Class: 305K(512K)->305K(512K)
[2026-06-17T09:50:43.263+0800][3.141s][info][gc             ] GC(66) Pause Young (Allocation Failure) 41M->27M(61M) 3.283ms
[2026-06-17T09:50:43.263+0800][3.142s][info][gc,cpu         ] GC(66) User=0.01s Sys=0.00s Real=0.01s
[2026-06-17T09:50:43.307+0800][3.185s][info][gc,start       ] GC(67) Pause Young (Allocation Failure)
[2026-06-17T09:50:43.309+0800][3.188s][info][gc,heap        ] GC(67) DefNew: 19626K->2174K(19648K)
[2026-06-17T09:50:43.323+0800][3.201s][info][gc,heap        ] GC(67) Tenured: 25938K->29934K(43712K)
[2026-06-17T09:50:43.324+0800][3.202s][info][gc,metaspace   ] GC(67) Metaspace: 3157K(4864K)->3157K(4864K) NonClass: 2851K(4352K)->2851K(4352K) Class: 305K(512K)->305K(512K)
[2026-06-17T09:50:43.324+0800][3.203s][info][gc             ] GC(67) Pause Young (Allocation Failure) 44M->31M(61M) 17.127ms
[2026-06-17T09:50:43.335+0800][3.213s][info][gc,cpu         ] GC(67) User=0.00s Sys=0.00s Real=0.03s
[2026-06-17T09:50:43.388+0800][3.266s][info][gc,start       ] GC(68) Pause Young (Allocation Failure)
[2026-06-17T09:50:43.390+0800][3.268s][info][gc,heap        ] GC(68) DefNew: 19625K->2158K(19648K)
[2026-06-17T09:50:43.414+0800][3.292s][info][gc,heap        ] GC(68) Tenured: 29934K->34130K(43712K)
[2026-06-17T09:50:43.414+0800][3.292s][info][gc,metaspace   ] GC(68) Metaspace: 3157K(4864K)->3157K(4864K) NonClass: 2851K(4352K)->2851K(4352K) Class: 305K(512K)->305K(512K)
[2026-06-17T09:50:43.415+0800][3.293s][info][gc             ] GC(68) Pause Young (Allocation Failure) 48M->35M(61M) 26.592ms
[2026-06-17T09:50:43.415+0800][3.293s][info][gc,cpu         ] GC(68) User=0.00s Sys=0.00s Real=0.03s
[2026-06-17T09:50:43.458+0800][3.336s][info][gc,start       ] GC(69) Pause Young (Allocation Failure)
[2026-06-17T09:50:43.460+0800][3.338s][info][gc,heap        ] GC(69) DefNew: 19597K->2173K(19648K)
[2026-06-17T09:50:43.460+0800][3.338s][info][gc,heap        ] GC(69) Tenured: 34130K->37466K(43712K)
[2026-06-17T09:50:43.460+0800][3.338s][info][gc,metaspace   ] GC(69) Metaspace: 3157K(4864K)->3157K(4864K) NonClass: 2851K(4352K)->2851K(4352K) Class: 305K(512K)->305K(512K)
[2026-06-17T09:50:43.460+0800][3.338s][info][gc             ] GC(69) Pause Young (Allocation Failure) 52M->38M(61M) 2.320ms
[2026-06-17T09:50:43.461+0800][3.339s][info][gc,cpu         ] GC(69) User=0.00s Sys=0.00s Real=0.00s
[2026-06-17T09:50:43.503+0800][3.381s][info][gc,start       ] GC(70) Pause Young (Allocation Failure)
[2026-06-17T09:50:43.506+0800][3.384s][info][gc,start       ] GC(71) Pause Full (Allocation Failure)
[2026-06-17T09:50:43.508+0800][3.386s][info][gc,phases,start] GC(71) Phase 1: Mark live objects
[2026-06-17T09:50:43.510+0800][3.388s][info][gc,phases      ] GC(71) Phase 1: Mark live objects 1.279ms
[2026-06-17T09:50:43.513+0800][3.391s][info][gc,phases,start] GC(71) Phase 2: Compute new object addresses
[2026-06-17T09:50:43.516+0800][3.394s][info][gc,phases      ] GC(71) Phase 2: Compute new object addresses 3.134ms
[2026-06-17T09:50:43.517+0800][3.395s][info][gc,phases,start] GC(71) Phase 3: Adjust pointers
[2026-06-17T09:50:43.520+0800][3.398s][info][gc,phases      ] GC(71) Phase 3: Adjust pointers 2.714ms
[2026-06-17T09:50:43.521+0800][3.399s][info][gc,phases,start] GC(71) Phase 4: Move objects
[2026-06-17T09:50:43.524+0800][3.402s][info][gc,phases      ] GC(71) Phase 4: Move objects 3.418ms
[2026-06-17T09:50:43.524+0800][3.403s][info][gc             ] GC(71) Pause Full (Allocation Failure) 55M->28M(61M) 18.161ms
[2026-06-17T09:50:43.526+0800][3.404s][info][gc,heap        ] GC(70) DefNew: 19467K->0K(19648K)
[2026-06-17T09:50:43.527+0800][3.405s][info][gc,heap        ] GC(70) Tenured: 37466K->29066K(43712K)
[2026-06-17T09:50:43.529+0800][3.408s][info][gc,metaspace   ] GC(70) Metaspace: 3157K(4864K)->3157K(4864K) NonClass: 2851K(4352K)->2851K(4352K) Class: 305K(512K)->305K(512K)
[2026-06-17T09:50:43.530+0800][3.408s][info][gc             ] GC(70) Pause Young (Allocation Failure) 55M->28M(61M) 27.113ms
[2026-06-17T09:50:43.532+0800][3.410s][info][gc,cpu         ] GC(70) User=0.00s Sys=0.00s Real=0.03s
[2026-06-17T09:50:43.577+0800][3.455s][info][gc,start       ] GC(72) Pause Young (Allocation Failure)
[2026-06-17T09:50:43.579+0800][3.458s][info][gc,heap        ] GC(72) DefNew: 17472K->2171K(19648K)
[2026-06-17T09:50:43.580+0800][3.458s][info][gc,heap        ] GC(72) Tenured: 29066K->33579K(43712K)
[2026-06-17T09:50:43.581+0800][3.459s][info][gc,metaspace   ] GC(72) Metaspace: 3157K(4864K)->3157K(4864K) NonClass: 2851K(4352K)->2851K(4352K) Class: 305K(512K)->305K(512K)
[2026-06-17T09:50:43.581+0800][3.459s][info][gc             ] GC(72) Pause Young (Allocation Failure) 45M->34M(61M) 4.066ms
[2026-06-17T09:50:43.582+0800][3.460s][info][gc,cpu         ] GC(72) User=0.00s Sys=0.00s Real=0.00s
[2026-06-17T09:50:43.637+0800][3.515s][info][gc,start       ] GC(73) Pause Young (Allocation Failure)
[2026-06-17T09:50:43.639+0800][3.517s][info][gc,heap        ] GC(73) DefNew: 19639K->2175K(19648K)
[2026-06-17T09:50:43.640+0800][3.518s][info][gc,heap        ] GC(73) Tenured: 33579K->35476K(43712K)
[2026-06-17T09:50:43.641+0800][3.519s][info][gc,metaspace   ] GC(73) Metaspace: 3157K(4864K)->3157K(4864K) NonClass: 2851K(4352K)->2851K(4352K) Class: 305K(512K)->305K(512K)
[2026-06-17T09:50:43.641+0800][3.519s][info][gc             ] GC(73) Pause Young (Allocation Failure) 51M->36M(61M) 4.464ms
[2026-06-17T09:50:43.642+0800][3.520s][info][gc,cpu         ] GC(73) User=0.00s Sys=0.00s Real=0.00s
[2026-06-17T09:50:43.687+0800][3.565s][info][gc,start       ] GC(74) Pause Young (Allocation Failure)
[2026-06-17T09:50:43.690+0800][3.568s][info][gc,heap        ] GC(74) DefNew: 19647K->2126K(19648K)
[2026-06-17T09:50:43.692+0800][3.570s][info][gc,heap        ] GC(74) Tenured: 35476K->39312K(43712K)
[2026-06-17T09:50:43.693+0800][3.571s][info][gc,metaspace   ] GC(74) Metaspace: 3157K(4864K)->3157K(4864K) NonClass: 2851K(4352K)->2851K(4352K) Class: 305K(512K)->305K(512K)
[2026-06-17T09:50:43.694+0800][3.572s][info][gc             ] GC(74) Pause Young (Allocation Failure) 53M->40M(61M) 6.368ms
[2026-06-17T09:50:43.695+0800][3.573s][info][gc,cpu         ] GC(74) User=0.01s Sys=0.00s Real=0.01s
[2026-06-17T09:50:43.740+0800][3.618s][info][gc,start       ] GC(75) Pause Young (Allocation Failure)
[2026-06-17T09:50:43.741+0800][3.619s][info][gc,start       ] GC(76) Pause Full (Allocation Failure)
[2026-06-17T09:50:43.742+0800][3.620s][info][gc,phases,start] GC(76) Phase 1: Mark live objects
[2026-06-17T09:50:43.744+0800][3.622s][info][gc,phases      ] GC(76) Phase 1: Mark live objects 2.266ms
[2026-06-17T09:50:43.745+0800][3.623s][info][gc,phases,start] GC(76) Phase 2: Compute new object addresses
[2026-06-17T09:50:43.746+0800][3.624s][info][gc,phases      ] GC(76) Phase 2: Compute new object addresses 1.131ms
[2026-06-17T09:50:43.746+0800][3.624s][info][gc,phases,start] GC(76) Phase 3: Adjust pointers
[2026-06-17T09:50:43.748+0800][3.626s][info][gc,phases      ] GC(76) Phase 3: Adjust pointers 1.374ms
[2026-06-17T09:50:43.748+0800][3.626s][info][gc,phases,start] GC(76) Phase 4: Move objects
[2026-06-17T09:50:43.753+0800][3.631s][info][gc,phases      ] GC(76) Phase 4: Move objects 5.017ms
[2026-06-17T09:50:43.754+0800][3.632s][info][gc             ] GC(76) Pause Full (Allocation Failure) 57M->27M(61M) 13.194ms
[2026-06-17T09:50:43.755+0800][3.633s][info][gc,heap        ] GC(75) DefNew: 19598K->0K(19648K)
[2026-06-17T09:50:43.755+0800][3.633s][info][gc,heap        ] GC(75) Tenured: 39312K->28493K(43712K)
[2026-06-17T09:50:43.755+0800][3.634s][info][gc,metaspace   ] GC(75) Metaspace: 3157K(4864K)->3157K(4864K) NonClass: 2851K(4352K)->2851K(4352K) Class: 305K(512K)->305K(512K)
[2026-06-17T09:50:43.756+0800][3.634s][info][gc             ] GC(75) Pause Young (Allocation Failure) 57M->27M(61M) 16.033ms
[2026-06-17T09:50:43.756+0800][3.634s][info][gc,cpu         ] GC(75) User=0.01s Sys=0.00s Real=0.02s
[2026-06-17T09:50:43.801+0800][3.679s][info][gc,start       ] GC(77) Pause Young (Allocation Failure)
[2026-06-17T09:50:43.803+0800][3.681s][info][gc,heap        ] GC(77) DefNew: 17452K->2168K(19648K)
[2026-06-17T09:50:43.804+0800][3.682s][info][gc,heap        ] GC(77) Tenured: 28493K->33303K(43712K)
[2026-06-17T09:50:43.805+0800][3.683s][info][gc,metaspace   ] GC(77) Metaspace: 3157K(4864K)->3157K(4864K) NonClass: 2851K(4352K)->2851K(4352K) Class: 305K(512K)->305K(512K)
[2026-06-17T09:50:43.805+0800][3.683s][info][gc             ] GC(77) Pause Young (Allocation Failure) 44M->34M(61M) 4.584ms
[2026-06-17T09:50:43.806+0800][3.684s][info][gc,cpu         ] GC(77) User=0.00s Sys=0.00s Real=0.01s
[2026-06-17T09:50:43.850+0800][3.728s][info][gc,start       ] GC(78) Pause Young (Allocation Failure)
[2026-06-17T09:50:43.853+0800][3.731s][info][gc,heap        ] GC(78) DefNew: 19612K->2172K(19648K)
[2026-06-17T09:50:43.853+0800][3.731s][info][gc,heap        ] GC(78) Tenured: 33303K->39884K(43712K)
[2026-06-17T09:50:43.854+0800][3.732s][info][gc,metaspace   ] GC(78) Metaspace: 3157K(4864K)->3157K(4864K) NonClass: 2851K(4352K)->2851K(4352K) Class: 305K(512K)->305K(512K)
[2026-06-17T09:50:43.855+0800][3.733s][info][gc             ] GC(78) Pause Young (Allocation Failure) 51M->41M(61M) 4.990ms
[2026-06-17T09:50:43.856+0800][3.734s][info][gc,cpu         ] GC(78) User=0.00s Sys=0.00s Real=0.01s
[2026-06-17T09:50:43.911+0800][3.789s][info][gc,start       ] GC(79) Pause Young (Allocation Failure)
[2026-06-17T09:50:43.912+0800][3.790s][info][gc,start       ] GC(80) Pause Full (Allocation Failure)
[2026-06-17T09:50:43.913+0800][3.791s][info][gc,phases,start] GC(80) Phase 1: Mark live objects
[2026-06-17T09:50:43.916+0800][3.794s][info][gc,phases      ] GC(80) Phase 1: Mark live objects 2.577ms
[2026-06-17T09:50:43.917+0800][3.795s][info][gc,phases,start] GC(80) Phase 2: Compute new object addresses
[2026-06-17T09:50:43.918+0800][3.796s][info][gc,phases      ] GC(80) Phase 2: Compute new object addresses 1.012ms
[2026-06-17T09:50:43.918+0800][3.797s][info][gc,phases,start] GC(80) Phase 3: Adjust pointers
[2026-06-17T09:50:43.920+0800][3.798s][info][gc,phases      ] GC(80) Phase 3: Adjust pointers 1.379ms
[2026-06-17T09:50:43.920+0800][3.799s][info][gc,phases,start] GC(80) Phase 4: Move objects
[2026-06-17T09:50:43.924+0800][3.802s][info][gc,phases      ] GC(80) Phase 4: Move objects 3.404ms
[2026-06-17T09:50:43.924+0800][3.803s][info][gc             ] GC(80) Pause Full (Allocation Failure) 58M->25M(61M) 12.071ms
[2026-06-17T09:50:43.925+0800][3.803s][info][gc,heap        ] GC(79) DefNew: 19644K->0K(19648K)
[2026-06-17T09:50:43.925+0800][3.803s][info][gc,heap        ] GC(79) Tenured: 39884K->26013K(43712K)
[2026-06-17T09:50:43.926+0800][3.804s][info][gc,metaspace   ] GC(79) Metaspace: 3157K(4864K)->3157K(4864K) NonClass: 2851K(4352K)->2851K(4352K) Class: 305K(512K)->305K(512K)
[2026-06-17T09:50:43.926+0800][3.804s][info][gc             ] GC(79) Pause Young (Allocation Failure) 58M->25M(61M) 14.831ms
[2026-06-17T09:50:43.927+0800][3.805s][info][gc,cpu         ] GC(79) User=0.01s Sys=0.00s Real=0.01s
[2026-06-17T09:50:43.970+0800][3.848s][info][gc,start       ] GC(81) Pause Young (Allocation Failure)
[2026-06-17T09:50:43.972+0800][3.850s][info][gc,heap        ] GC(81) DefNew: 17444K->2175K(19648K)
[2026-06-17T09:50:43.973+0800][3.851s][info][gc,heap        ] GC(81) Tenured: 26013K->30709K(43712K)
[2026-06-17T09:50:43.973+0800][3.851s][info][gc,metaspace   ] GC(81) Metaspace: 3157K(4864K)->3157K(4864K) NonClass: 2851K(4352K)->2851K(4352K) Class: 305K(512K)->305K(512K)
[2026-06-17T09:50:43.974+0800][3.852s][info][gc             ] GC(81) Pause Young (Allocation Failure) 42M->32M(61M) 3.849ms
[2026-06-17T09:50:43.974+0800][3.852s][info][gc,cpu         ] GC(81) User=0.00s Sys=0.00s Real=0.01s
[2026-06-17T09:50:44.019+0800][3.897s][info][gc,start       ] GC(82) Pause Young (Allocation Failure)
[2026-06-17T09:50:44.021+0800][3.899s][info][gc,heap        ] GC(82) DefNew: 19647K->2170K(19648K)
[2026-06-17T09:50:44.022+0800][3.900s][info][gc,heap        ] GC(82) Tenured: 30709K->35091K(43712K)
[2026-06-17T09:50:44.023+0800][3.901s][info][gc,metaspace   ] GC(82) Metaspace: 3157K(4864K)->3157K(4864K) NonClass: 2851K(4352K)->2851K(4352K) Class: 305K(512K)->305K(512K)
[2026-06-17T09:50:44.023+0800][3.901s][info][gc             ] GC(82) Pause Young (Allocation Failure) 49M->36M(61M) 4.296ms
[2026-06-17T09:50:44.024+0800][3.902s][info][gc,cpu         ] GC(82) User=0.00s Sys=0.00s Real=0.01s
[2026-06-17T09:50:44.069+0800][3.947s][info][gc,start       ] GC(83) Pause Young (Allocation Failure)
[2026-06-17T09:50:44.071+0800][3.949s][info][gc,heap        ] GC(83) DefNew: 19437K->2175K(19648K)
[2026-06-17T09:50:44.071+0800][3.949s][info][gc,heap        ] GC(83) Tenured: 35091K->36557K(43712K)
[2026-06-17T09:50:44.072+0800][3.950s][info][gc,metaspace   ] GC(83) Metaspace: 3157K(4864K)->3157K(4864K) NonClass: 2851K(4352K)->2851K(4352K) Class: 305K(512K)->305K(512K)
[2026-06-17T09:50:44.072+0800][3.950s][info][gc             ] GC(83) Pause Young (Allocation Failure) 53M->37M(61M) 3.106ms
[2026-06-17T09:50:44.073+0800][3.951s][info][gc,cpu         ] GC(83) User=0.00s Sys=0.00s Real=0.01s
[2026-06-17T09:50:44.118+0800][3.996s][info][gc,start       ] GC(84) Pause Young (Allocation Failure)
[2026-06-17T09:50:44.119+0800][3.997s][info][gc,start       ] GC(85) Pause Full (Allocation Failure)
[2026-06-17T09:50:44.120+0800][3.998s][info][gc,phases,start] GC(85) Phase 1: Mark live objects
[2026-06-17T09:50:44.123+0800][4.001s][info][gc,phases      ] GC(85) Phase 1: Mark live objects 2.921ms
[2026-06-17T09:50:44.124+0800][4.002s][info][gc,phases,start] GC(85) Phase 2: Compute new object addresses
[2026-06-17T09:50:44.125+0800][4.003s][info][gc,phases      ] GC(85) Phase 2: Compute new object addresses 1.007ms
[2026-06-17T09:50:44.125+0800][4.003s][info][gc,phases,start] GC(85) Phase 3: Adjust pointers
[2026-06-17T09:50:44.127+0800][4.005s][info][gc,phases      ] GC(85) Phase 3: Adjust pointers 1.456ms
[2026-06-17T09:50:44.127+0800][4.005s][info][gc,phases,start] GC(85) Phase 4: Move objects
[2026-06-17T09:50:44.131+0800][4.009s][info][gc,phases      ] GC(85) Phase 4: Move objects 3.805ms
[2026-06-17T09:50:44.132+0800][4.010s][info][gc             ] GC(85) Pause Full (Allocation Failure) 54M->30M(61M) 12.674ms
[2026-06-17T09:50:44.132+0800][4.010s][info][gc,heap        ] GC(84) DefNew: 19609K->0K(19648K)
[2026-06-17T09:50:44.133+0800][4.011s][info][gc,heap        ] GC(84) Tenured: 36557K->31223K(43712K)
[2026-06-17T09:50:44.133+0800][4.011s][info][gc,metaspace   ] GC(84) Metaspace: 3157K(4864K)->3157K(4864K) NonClass: 2851K(4352K)->2851K(4352K) Class: 305K(512K)->305K(512K)
[2026-06-17T09:50:44.134+0800][4.012s][info][gc             ] GC(84) Pause Young (Allocation Failure) 54M->30M(61M) 15.413ms
[2026-06-17T09:50:44.134+0800][4.012s][info][gc,cpu         ] GC(84) User=0.01s Sys=0.00s Real=0.02s
[2026-06-17T09:50:44.189+0800][4.067s][info][gc,start       ] GC(86) Pause Young (Allocation Failure)
[2026-06-17T09:50:44.191+0800][4.069s][info][gc,heap        ] GC(86) DefNew: 17472K->2163K(19648K)
[2026-06-17T09:50:44.192+0800][4.070s][info][gc,heap        ] GC(86) Tenured: 31223K->33337K(43712K)
[2026-06-17T09:50:44.192+0800][4.070s][info][gc,metaspace   ] GC(86) Metaspace: 3157K(4864K)->3157K(4864K) NonClass: 2851K(4352K)->2851K(4352K) Class: 305K(512K)->305K(512K)
[2026-06-17T09:50:44.193+0800][4.071s][info][gc             ] GC(86) Pause Young (Allocation Failure) 47M->34M(61M) 3.468ms
[2026-06-17T09:50:44.193+0800][4.071s][info][gc,cpu         ] GC(86) User=0.00s Sys=0.00s Real=0.01s
[2026-06-17T09:50:44.239+0800][4.117s][info][gc,start       ] GC(87) Pause Young (Allocation Failure)
[2026-06-17T09:50:44.241+0800][4.119s][info][gc,heap        ] GC(87) DefNew: 19635K->2149K(19648K)
[2026-06-17T09:50:44.241+0800][4.119s][info][gc,heap        ] GC(87) Tenured: 33337K->36871K(43712K)
[2026-06-17T09:50:44.242+0800][4.120s][info][gc,metaspace   ] GC(87) Metaspace: 3157K(4864K)->3157K(4864K) NonClass: 2851K(4352K)->2851K(4352K) Class: 305K(512K)->305K(512K)
[2026-06-17T09:50:44.243+0800][4.121s][info][gc             ] GC(87) Pause Young (Allocation Failure) 51M->38M(61M) 3.947ms
[2026-06-17T09:50:44.243+0800][4.121s][info][gc,cpu         ] GC(87) User=0.00s Sys=0.00s Real=0.01s
[2026-06-17T09:50:44.288+0800][4.166s][info][gc,start       ] GC(88) Pause Young (Allocation Failure)
[2026-06-17T09:50:44.289+0800][4.167s][info][gc,start       ] GC(89) Pause Full (Allocation Failure)
[2026-06-17T09:50:44.290+0800][4.168s][info][gc,phases,start] GC(89) Phase 1: Mark live objects
[2026-06-17T09:50:44.292+0800][4.170s][info][gc,phases      ] GC(89) Phase 1: Mark live objects 2.332ms
[2026-06-17T09:50:44.292+0800][4.171s][info][gc,phases,start] GC(89) Phase 2: Compute new object addresses
[2026-06-17T09:50:44.293+0800][4.172s][info][gc,phases      ] GC(89) Phase 2: Compute new object addresses 0.996ms
[2026-06-17T09:50:44.294+0800][4.172s][info][gc,phases,start] GC(89) Phase 3: Adjust pointers
[2026-06-17T09:50:44.295+0800][4.173s][info][gc,phases      ] GC(89) Phase 3: Adjust pointers 1.219ms
[2026-06-17T09:50:44.296+0800][4.174s][info][gc,phases,start] GC(89) Phase 4: Move objects
[2026-06-17T09:50:44.300+0800][4.178s][info][gc,phases      ] GC(89) Phase 4: Move objects 3.826ms
[2026-06-17T09:50:44.300+0800][4.178s][info][gc             ] GC(89) Pause Full (Allocation Failure) 55M->30M(61M) 11.356ms
[2026-06-17T09:50:44.301+0800][4.179s][info][gc,heap        ] GC(88) DefNew: 19621K->0K(19648K)
[2026-06-17T09:50:44.301+0800][4.179s][info][gc,heap        ] GC(88) Tenured: 36871K->31096K(43712K)
[2026-06-17T09:50:44.302+0800][4.180s][info][gc,metaspace   ] GC(88) Metaspace: 3157K(4864K)->3157K(4864K) NonClass: 2851K(4352K)->2851K(4352K) Class: 305K(512K)->305K(512K)
[2026-06-17T09:50:44.302+0800][4.180s][info][gc             ] GC(88) Pause Young (Allocation Failure) 55M->30M(61M) 14.230ms
[2026-06-17T09:50:44.303+0800][4.181s][info][gc,cpu         ] GC(88) User=0.01s Sys=0.00s Real=0.02s
[2026-06-17T09:50:44.347+0800][4.225s][info][gc,start       ] GC(90) Pause Young (Allocation Failure)
[2026-06-17T09:50:44.351+0800][4.229s][info][gc,heap        ] GC(90) DefNew: 17469K->2174K(19648K)
[2026-06-17T09:50:44.351+0800][4.229s][info][gc,heap        ] GC(90) Tenured: 31096K->35878K(43712K)
[2026-06-17T09:50:44.352+0800][4.230s][info][gc,metaspace   ] GC(90) Metaspace: 3157K(4864K)->3157K(4864K) NonClass: 2851K(4352K)->2851K(4352K) Class: 305K(512K)->305K(512K)
[2026-06-17T09:50:44.352+0800][4.230s][info][gc             ] GC(90) Pause Young (Allocation Failure) 47M->37M(61M) 5.090ms
[2026-06-17T09:50:44.353+0800][4.231s][info][gc,cpu         ] GC(90) User=0.00s Sys=0.00s Real=0.01s
[2026-06-17T09:50:44.396+0800][4.274s][info][gc,start       ] GC(91) Pause Young (Allocation Failure)
[2026-06-17T09:50:44.400+0800][4.278s][info][gc,heap        ] GC(91) DefNew: 19593K->2168K(19648K)
[2026-06-17T09:50:44.402+0800][4.280s][info][gc,heap        ] GC(91) Tenured: 35878K->41813K(43712K)
[2026-06-17T09:50:44.405+0800][4.283s][info][gc,metaspace   ] GC(91) Metaspace: 3157K(4864K)->3157K(4864K) NonClass: 2851K(4352K)->2851K(4352K) Class: 305K(512K)->305K(512K)
[2026-06-17T09:50:44.406+0800][4.284s][info][gc             ] GC(91) Pause Young (Allocation Failure) 54M->42M(61M) 9.711ms
[2026-06-17T09:50:44.407+0800][4.285s][info][gc,cpu         ] GC(91) User=0.00s Sys=0.00s Real=0.01s
[2026-06-17T09:50:44.455+0800][4.333s][info][gc,start       ] GC(92) Pause Young (Allocation Failure)
[2026-06-17T09:50:44.456+0800][4.334s][info][gc,start       ] GC(93) Pause Full (Allocation Failure)
[2026-06-17T09:50:44.456+0800][4.335s][info][gc,phases,start] GC(93) Phase 1: Mark live objects
[2026-06-17T09:50:44.459+0800][4.337s][info][gc,phases      ] GC(93) Phase 1: Mark live objects 2.417ms
[2026-06-17T09:50:44.460+0800][4.338s][info][gc,phases,start] GC(93) Phase 2: Compute new object addresses
[2026-06-17T09:50:44.461+0800][4.339s][info][gc,phases      ] GC(93) Phase 2: Compute new object addresses 1.129ms
[2026-06-17T09:50:44.461+0800][4.339s][info][gc,phases,start] GC(93) Phase 3: Adjust pointers
[2026-06-17T09:50:44.463+0800][4.341s][info][gc,phases      ] GC(93) Phase 3: Adjust pointers 1.329ms
[2026-06-17T09:50:44.463+0800][4.341s][info][gc,phases,start] GC(93) Phase 4: Move objects
[2026-06-17T09:50:44.467+0800][4.345s][info][gc,phases      ] GC(93) Phase 4: Move objects 3.397ms
[2026-06-17T09:50:44.467+0800][4.345s][info][gc             ] GC(93) Pause Full (Allocation Failure) 58M->25M(61M) 11.743ms
[2026-06-17T09:50:44.468+0800][4.346s][info][gc,heap        ] GC(92) DefNew: 18493K->0K(19648K)
[2026-06-17T09:50:44.469+0800][4.347s][info][gc,heap        ] GC(92) Tenured: 41813K->26085K(43712K)
[2026-06-17T09:50:44.469+0800][4.347s][info][gc,metaspace   ] GC(92) Metaspace: 3157K(4864K)->3157K(4864K) NonClass: 2851K(4352K)->2851K(4352K) Class: 305K(512K)->305K(512K)
[2026-06-17T09:50:44.470+0800][4.348s][info][gc             ] GC(92) Pause Young (Allocation Failure) 58M->25M(61M) 14.831ms
[2026-06-17T09:50:44.470+0800][4.348s][info][gc,cpu         ] GC(92) User=0.01s Sys=0.00s Real=0.01s
[2026-06-17T09:50:44.514+0800][4.392s][info][gc,start       ] GC(94) Pause Young (Allocation Failure)
[2026-06-17T09:50:44.516+0800][4.394s][info][gc,heap        ] GC(94) DefNew: 17342K->2167K(19648K)
[2026-06-17T09:50:44.517+0800][4.395s][info][gc,heap        ] GC(94) Tenured: 26085K->27686K(43712K)
[2026-06-17T09:50:44.517+0800][4.396s][info][gc,metaspace   ] GC(94) Metaspace: 3157K(4864K)->3157K(4864K) NonClass: 2851K(4352K)->2851K(4352K) Class: 305K(512K)->305K(512K)
[2026-06-17T09:50:44.518+0800][4.396s][info][gc             ] GC(94) Pause Young (Allocation Failure) 42M->29M(61M) 4.450ms
[2026-06-17T09:50:44.519+0800][4.397s][info][gc,cpu         ] GC(94) User=0.00s Sys=0.00s Real=0.00s
[2026-06-17T09:50:44.573+0800][4.451s][info][gc,start       ] GC(95) Pause Young (Allocation Failure)
[2026-06-17T09:50:44.578+0800][4.456s][info][gc,heap        ] GC(95) DefNew: 19633K->2074K(19648K)
[2026-06-17T09:50:44.578+0800][4.456s][info][gc,heap        ] GC(95) Tenured: 27686K->31139K(43712K)
[2026-06-17T09:50:44.579+0800][4.457s][info][gc,metaspace   ] GC(95) Metaspace: 3157K(4864K)->3157K(4864K) NonClass: 2851K(4352K)->2851K(4352K) Class: 305K(512K)->305K(512K)
[2026-06-17T09:50:44.580+0800][4.458s][info][gc             ] GC(95) Pause Young (Allocation Failure) 46M->32M(61M) 6.103ms
[2026-06-17T09:50:44.580+0800][4.458s][info][gc,cpu         ] GC(95) User=0.00s Sys=0.00s Real=0.00s
[2026-06-17T09:50:44.626+0800][4.504s][info][gc,start       ] GC(96) Pause Young (Allocation Failure)
[2026-06-17T09:50:44.628+0800][4.506s][info][gc,heap        ] GC(96) DefNew: 19506K->2169K(19648K)
[2026-06-17T09:50:44.630+0800][4.508s][info][gc,heap        ] GC(96) Tenured: 31139K->34937K(43712K)
[2026-06-17T09:50:44.632+0800][4.510s][info][gc,metaspace   ] GC(96) Metaspace: 3157K(4864K)->3157K(4864K) NonClass: 2851K(4352K)->2851K(4352K) Class: 305K(512K)->305K(512K)
[2026-06-17T09:50:44.634+0800][4.512s][info][gc             ] GC(96) Pause Young (Allocation Failure) 49M->36M(61M) 7.721ms
[2026-06-17T09:50:44.636+0800][4.514s][info][gc,cpu         ] GC(96) User=0.00s Sys=0.00s Real=0.01s
[2026-06-17T09:50:44.681+0800][4.559s][info][gc,start       ] GC(97) Pause Young (Allocation Failure)
[2026-06-17T09:50:44.684+0800][4.562s][info][gc,heap        ] GC(97) DefNew: 19616K->2170K(19648K)
[2026-06-17T09:50:44.684+0800][4.563s][info][gc,heap        ] GC(97) Tenured: 34937K->39627K(43712K)
[2026-06-17T09:50:44.685+0800][4.563s][info][gc,metaspace   ] GC(97) Metaspace: 3157K(4864K)->3157K(4864K) NonClass: 2851K(4352K)->2851K(4352K) Class: 305K(512K)->305K(512K)
[2026-06-17T09:50:44.686+0800][4.564s][info][gc             ] GC(97) Pause Young (Allocation Failure) 53M->40M(61M) 4.486ms
[2026-06-17T09:50:44.686+0800][4.564s][info][gc,cpu         ] GC(97) User=0.00s Sys=0.00s Real=0.01s
[2026-06-17T09:50:44.741+0800][4.619s][info][gc,start       ] GC(98) Pause Young (Allocation Failure)
[2026-06-17T09:50:44.742+0800][4.620s][info][gc,start       ] GC(99) Pause Full (Allocation Failure)
[2026-06-17T09:50:44.742+0800][4.620s][info][gc,phases,start] GC(99) Phase 1: Mark live objects
[2026-06-17T09:50:44.744+0800][4.622s][info][gc,phases      ] GC(99) Phase 1: Mark live objects 1.805ms
[2026-06-17T09:50:44.744+0800][4.623s][info][gc,phases,start] GC(99) Phase 2: Compute new object addresses
[2026-06-17T09:50:44.745+0800][4.623s][info][gc,phases      ] GC(99) Phase 2: Compute new object addresses 0.838ms
[2026-06-17T09:50:44.746+0800][4.624s][info][gc,phases,start] GC(99) Phase 3: Adjust pointers
[2026-06-17T09:50:44.747+0800][4.625s][info][gc,phases      ] GC(99) Phase 3: Adjust pointers 0.950ms
[2026-06-17T09:50:44.747+0800][4.625s][info][gc,phases,start] GC(99) Phase 4: Move objects
[2026-06-17T09:50:44.750+0800][4.628s][info][gc,phases      ] GC(99) Phase 4: Move objects 3.061ms
[2026-06-17T09:50:44.751+0800][4.629s][info][gc             ] GC(99) Pause Full (Allocation Failure) 57M->25M(61M) 9.385ms
[2026-06-17T09:50:44.751+0800][4.629s][info][gc,heap        ] GC(98) DefNew: 19642K->0K(19648K)
[2026-06-17T09:50:44.752+0800][4.630s][info][gc,heap        ] GC(98) Tenured: 39627K->26334K(43712K)
[2026-06-17T09:50:44.752+0800][4.630s][info][gc,metaspace   ] GC(98) Metaspace: 3157K(4864K)->3157K(4864K) NonClass: 2851K(4352K)->2851K(4352K) Class: 305K(512K)->305K(512K)
[2026-06-17T09:50:44.752+0800][4.631s][info][gc             ] GC(98) Pause Young (Allocation Failure) 57M->25M(61M) 11.555ms
[2026-06-17T09:50:44.753+0800][4.631s][info][gc,cpu         ] GC(98) User=0.01s Sys=0.00s Real=0.02s
[2026-06-17T09:50:44.796+0800][4.675s][info][gc,start       ] GC(100) Pause Young (Allocation Failure)
[2026-06-17T09:50:44.799+0800][4.677s][info][gc,heap        ] GC(100) DefNew: 17444K->2170K(19648K)
[2026-06-17T09:50:44.800+0800][4.678s][info][gc,heap        ] GC(100) Tenured: 26334K->31461K(43712K)
[2026-06-17T09:50:44.801+0800][4.679s][info][gc,metaspace   ] GC(100) Metaspace: 3157K(4864K)->3157K(4864K) NonClass: 2851K(4352K)->2851K(4352K) Class: 305K(512K)->305K(512K)
[2026-06-17T09:50:44.802+0800][4.680s][info][gc             ] GC(100) Pause Young (Allocation Failure) 42M->32M(61M) 5.070ms
[2026-06-17T09:50:44.802+0800][4.680s][info][gc,cpu         ] GC(100) User=0.00s Sys=0.00s Real=0.00s
[2026-06-17T09:50:44.848+0800][4.726s][info][gc,start       ] GC(101) Pause Young (Allocation Failure)
[2026-06-17T09:50:44.850+0800][4.728s][info][gc,heap        ] GC(101) DefNew: 19639K->2064K(19648K)
[2026-06-17T09:50:44.851+0800][4.729s][info][gc,heap        ] GC(101) Tenured: 31461K->35600K(43712K)
[2026-06-17T09:50:44.851+0800][4.730s][info][gc,metaspace   ] GC(101) Metaspace: 3157K(4864K)->3157K(4864K) NonClass: 2851K(4352K)->2851K(4352K) Class: 305K(512K)->305K(512K)
[2026-06-17T09:50:44.852+0800][4.730s][info][gc             ] GC(101) Pause Young (Allocation Failure) 49M->36M(61M) 4.684ms
[2026-06-17T09:50:44.853+0800][4.731s][info][gc,cpu         ] GC(101) User=0.00s Sys=0.00s Real=0.01s
[2026-06-17T09:50:44.899+0800][4.777s][info][gc,start       ] GC(102) Pause Young (Allocation Failure)
[2026-06-17T09:50:44.900+0800][4.779s][info][gc,heap        ] GC(102) DefNew: 19391K->2058K(19648K)
[2026-06-17T09:50:44.901+0800][4.779s][info][gc,heap        ] GC(102) Tenured: 35600K->35600K(43712K)
[2026-06-17T09:50:44.902+0800][4.780s][info][gc,metaspace   ] GC(102) Metaspace: 3157K(4864K)->3157K(4864K) NonClass: 2851K(4352K)->2851K(4352K) Class: 305K(512K)->305K(512K)
[2026-06-17T09:50:44.902+0800][4.780s][info][gc             ] GC(102) Pause Young (Allocation Failure) 53M->36M(61M) 3.336ms
[2026-06-17T09:50:44.903+0800][4.781s][info][gc,cpu         ] GC(102) User=0.00s Sys=0.00s Real=0.01s
[2026-06-17T09:50:44.948+0800][4.826s][info][gc,start       ] GC(103) Pause Young (Allocation Failure)
[2026-06-17T09:50:44.952+0800][4.830s][info][gc,heap        ] GC(103) DefNew: 19530K->2172K(19648K)
[2026-06-17T09:50:44.952+0800][4.830s][info][gc,heap        ] GC(103) Tenured: 35600K->42627K(43712K)
[2026-06-17T09:50:44.953+0800][4.831s][info][gc,metaspace   ] GC(103) Metaspace: 3157K(4864K)->3157K(4864K) NonClass: 2851K(4352K)->2851K(4352K) Class: 305K(512K)->305K(512K)
[2026-06-17T09:50:44.953+0800][4.831s][info][gc             ] GC(103) Pause Young (Allocation Failure) 53M->43M(61M) 4.960ms
[2026-06-17T09:50:44.954+0800][4.832s][info][gc,cpu         ] GC(103) User=0.00s Sys=0.00s Real=0.01s
[2026-06-17T09:50:45.008+0800][4.886s][info][gc,start       ] GC(104) Pause Young (Allocation Failure)
[2026-06-17T09:50:45.009+0800][4.887s][info][gc,start       ] GC(105) Pause Full (Allocation Failure)
[2026-06-17T09:50:45.010+0800][4.888s][info][gc,phases,start] GC(105) Phase 1: Mark live objects
[2026-06-17T09:50:45.012+0800][4.890s][info][gc,phases      ] GC(105) Phase 1: Mark live objects 1.834ms
[2026-06-17T09:50:45.012+0800][4.890s][info][gc,phases,start] GC(105) Phase 2: Compute new object addresses
[2026-06-17T09:50:45.013+0800][4.891s][info][gc,phases      ] GC(105) Phase 2: Compute new object addresses 0.921ms
[2026-06-17T09:50:45.014+0800][4.892s][info][gc,phases,start] GC(105) Phase 3: Adjust pointers
[2026-06-17T09:50:45.015+0800][4.893s][info][gc,phases      ] GC(105) Phase 3: Adjust pointers 0.986ms
[2026-06-17T09:50:45.015+0800][4.893s][info][gc,phases,start] GC(105) Phase 4: Move objects
[2026-06-17T09:50:45.018+0800][4.896s][info][gc,phases      ] GC(105) Phase 4: Move objects 2.662ms
[2026-06-17T09:50:45.018+0800][4.896s][info][gc             ] GC(105) Pause Full (Allocation Failure) 60M->21M(61M) 9.229ms
[2026-06-17T09:50:45.019+0800][4.897s][info][gc,heap        ] GC(104) DefNew: 19634K->0K(19648K)
[2026-06-17T09:50:45.019+0800][4.897s][info][gc,heap        ] GC(104) Tenured: 42627K->22420K(43712K)
[2026-06-17T09:50:45.020+0800][4.898s][info][gc,metaspace   ] GC(104) Metaspace: 3157K(4864K)->3157K(4864K) NonClass: 2851K(4352K)->2851K(4352K) Class: 305K(512K)->305K(512K)
[2026-06-17T09:50:45.020+0800][4.898s][info][gc             ] GC(104) Pause Young (Allocation Failure) 60M->21M(61M) 11.583ms
[2026-06-17T09:50:45.020+0800][4.898s][info][gc,cpu         ] GC(104) User=0.01s Sys=0.00s Real=0.01s
[2026-06-17T09:50:45.063+0800][4.941s][info][gc,start       ] GC(106) Pause Young (Allocation Failure)
[2026-06-17T09:50:45.066+0800][4.944s][info][gc,heap        ] GC(106) DefNew: 17472K->2169K(19648K)
[2026-06-17T09:50:45.067+0800][4.945s][info][gc,heap        ] GC(106) Tenured: 22420K->27137K(43712K)
[2026-06-17T09:50:45.067+0800][4.945s][info][gc,metaspace   ] GC(106) Metaspace: 3157K(4864K)->3157K(4864K) NonClass: 2851K(4352K)->2851K(4352K) Class: 305K(512K)->305K(512K)
[2026-06-17T09:50:45.068+0800][4.946s][info][gc             ] GC(106) Pause Young (Allocation Failure) 38M->28M(61M) 4.500ms
[2026-06-17T09:50:45.069+0800][4.947s][info][gc,cpu         ] GC(106) User=0.00s Sys=0.00s Real=0.00s
[2026-06-17T09:50:45.114+0800][4.992s][info][gc,start       ] GC(107) Pause Young (Allocation Failure)
[2026-06-17T09:50:45.116+0800][4.994s][info][gc,heap        ] GC(107) DefNew: 19641K->2168K(19648K)
[2026-06-17T09:50:45.117+0800][4.995s][info][gc,heap        ] GC(107) Tenured: 27137K->31754K(43712K)
[2026-06-17T09:50:45.117+0800][4.996s][info][gc,metaspace   ] GC(107) Metaspace: 3157K(4864K)->3157K(4864K) NonClass: 2851K(4352K)->2851K(4352K) Class: 305K(512K)->305K(512K)
[2026-06-17T09:50:45.118+0800][4.996s][info][gc             ] GC(107) Pause Young (Allocation Failure) 45M->33M(61M) 4.395ms
[2026-06-17T09:50:45.120+0800][4.998s][info][gc,cpu         ] GC(107) User=0.01s Sys=0.00s Real=0.00s
[2026-06-17T09:50:45.164+0800][5.042s][info][gc,start       ] GC(108) Pause Young (Allocation Failure)
[2026-06-17T09:50:45.165+0800][5.043s][info][gc,heap        ] GC(108) DefNew: 19640K->2168K(19648K)
[2026-06-17T09:50:45.167+0800][5.045s][info][gc,heap        ] GC(108) Tenured: 31754K->35200K(43712K)
[2026-06-17T09:50:45.168+0800][5.047s][info][gc,metaspace   ] GC(108) Metaspace: 3157K(4864K)->3157K(4864K) NonClass: 2851K(4352K)->2851K(4352K) Class: 305K(512K)->305K(512K)
[2026-06-17T09:50:45.170+0800][5.048s][info][gc             ] GC(108) Pause Young (Allocation Failure) 50M->36M(61M) 6.033ms
[2026-06-17T09:50:45.171+0800][5.049s][info][gc,cpu         ] GC(108) User=0.00s Sys=0.00s Real=0.01s
[2026-06-17T09:50:45.226+0800][5.104s][info][gc,start       ] GC(109) Pause Young (Allocation Failure)
[2026-06-17T09:50:45.228+0800][5.106s][info][gc,heap        ] GC(109) DefNew: 19636K->2172K(19648K)
[2026-06-17T09:50:45.228+0800][5.106s][info][gc,heap        ] GC(109) Tenured: 35200K->41097K(43712K)
[2026-06-17T09:50:45.229+0800][5.107s][info][gc,metaspace   ] GC(109) Metaspace: 3157K(4864K)->3157K(4864K) NonClass: 2851K(4352K)->2851K(4352K) Class: 305K(512K)->305K(512K)
[2026-06-17T09:50:45.229+0800][5.107s][info][gc             ] GC(109) Pause Young (Allocation Failure) 53M->42M(61M) 3.073ms
[2026-06-17T09:50:45.229+0800][5.107s][info][gc,cpu         ] GC(109) User=0.00s Sys=0.00s Real=0.00s
[2026-06-17T09:50:45.284+0800][5.162s][info][gc,start       ] GC(110) Pause Young (Allocation Failure)
[2026-06-17T09:50:45.285+0800][5.163s][info][gc,start       ] GC(111) Pause Full (Allocation Failure)
[2026-06-17T09:50:45.286+0800][5.164s][info][gc,phases,start] GC(111) Phase 1: Mark live objects
[2026-06-17T09:50:45.289+0800][5.167s][info][gc,phases      ] GC(111) Phase 1: Mark live objects 2.506ms
[2026-06-17T09:50:45.289+0800][5.167s][info][gc,phases,start] GC(111) Phase 2: Compute new object addresses
[2026-06-17T09:50:45.290+0800][5.168s][info][gc,phases      ] GC(111) Phase 2: Compute new object addresses 1.151ms
[2026-06-17T09:50:45.291+0800][5.169s][info][gc,phases,start] GC(111) Phase 3: Adjust pointers
[2026-06-17T09:50:45.292+0800][5.170s][info][gc,phases      ] GC(111) Phase 3: Adjust pointers 1.280ms
[2026-06-17T09:50:45.293+0800][5.171s][info][gc,phases,start] GC(111) Phase 4: Move objects
[2026-06-17T09:50:45.297+0800][5.175s][info][gc,phases      ] GC(111) Phase 4: Move objects 3.969ms
[2026-06-17T09:50:45.299+0800][5.177s][info][gc             ] GC(111) Pause Full (Allocation Failure) 59M->27M(61M) 13.940ms
[2026-06-17T09:50:45.300+0800][5.178s][info][gc,heap        ] GC(110) DefNew: 19644K->0K(19648K)
[2026-06-17T09:50:45.300+0800][5.178s][info][gc,heap        ] GC(110) Tenured: 41097K->27928K(43712K)
[2026-06-17T09:50:45.301+0800][5.179s][info][gc,metaspace   ] GC(110) Metaspace: 3157K(4864K)->3157K(4864K) NonClass: 2851K(4352K)->2851K(4352K) Class: 305K(512K)->305K(512K)
[2026-06-17T09:50:45.301+0800][5.179s][info][gc             ] GC(110) Pause Young (Allocation Failure) 59M->27M(61M) 17.006ms
[2026-06-17T09:50:45.302+0800][5.180s][info][gc,cpu         ] GC(110) User=0.00s Sys=0.00s Real=0.01s
[2026-06-17T09:50:45.347+0800][5.225s][info][gc,start       ] GC(112) Pause Young (Allocation Failure)
[2026-06-17T09:50:45.349+0800][5.227s][info][gc,heap        ] GC(112) DefNew: 17435K->2165K(19648K)
[2026-06-17T09:50:45.350+0800][5.228s][info][gc,heap        ] GC(112) Tenured: 27928K->32655K(43712K)
[2026-06-17T09:50:45.351+0800][5.229s][info][gc,metaspace   ] GC(112) Metaspace: 3157K(4864K)->3157K(4864K) NonClass: 2851K(4352K)->2851K(4352K) Class: 305K(512K)->305K(512K)
[2026-06-17T09:50:45.351+0800][5.229s][info][gc             ] GC(112) Pause Young (Allocation Failure) 44M->34M(61M) 4.652ms
[2026-06-17T09:50:45.352+0800][5.230s][info][gc,cpu         ] GC(112) User=0.01s Sys=0.00s Real=0.01s
[2026-06-17T09:50:45.395+0800][5.273s][info][gc,start       ] GC(113) Pause Young (Allocation Failure)
[2026-06-17T09:50:45.398+0800][5.276s][info][gc,heap        ] GC(113) DefNew: 19585K->2175K(19648K)
[2026-06-17T09:50:45.399+0800][5.277s][info][gc,heap        ] GC(113) Tenured: 32655K->37232K(43712K)
[2026-06-17T09:50:45.399+0800][5.277s][info][gc,metaspace   ] GC(113) Metaspace: 3157K(4864K)->3157K(4864K) NonClass: 2851K(4352K)->2851K(4352K) Class: 305K(512K)->305K(512K)
[2026-06-17T09:50:45.400+0800][5.278s][info][gc             ] GC(113) Pause Young (Allocation Failure) 51M->38M(61M) 4.511ms
[2026-06-17T09:50:45.401+0800][5.279s][info][gc,cpu         ] GC(113) User=0.00s Sys=0.00s Real=0.00s
[2026-06-17T09:50:45.445+0800][5.323s][info][gc,start       ] GC(114) Pause Young (Allocation Failure)
[2026-06-17T09:50:45.446+0800][5.324s][info][gc,start       ] GC(115) Pause Full (Allocation Failure)
[2026-06-17T09:50:45.447+0800][5.325s][info][gc,phases,start] GC(115) Phase 1: Mark live objects
[2026-06-17T09:50:45.449+0800][5.327s][info][gc,phases      ] GC(115) Phase 1: Mark live objects 2.240ms
[2026-06-17T09:50:45.450+0800][5.328s][info][gc,phases,start] GC(115) Phase 2: Compute new object addresses
[2026-06-17T09:50:45.451+0800][5.329s][info][gc,phases      ] GC(115) Phase 2: Compute new object addresses 1.053ms
[2026-06-17T09:50:45.452+0800][5.330s][info][gc,phases,start] GC(115) Phase 3: Adjust pointers
[2026-06-17T09:50:45.453+0800][5.331s][info][gc,phases      ] GC(115) Phase 3: Adjust pointers 1.084ms
[2026-06-17T09:50:45.453+0800][5.331s][info][gc,phases,start] GC(115) Phase 4: Move objects
[2026-06-17T09:50:45.457+0800][5.335s][info][gc,phases      ] GC(115) Phase 4: Move objects 3.555ms
[2026-06-17T09:50:45.458+0800][5.336s][info][gc             ] GC(115) Pause Full (Allocation Failure) 55M->28M(61M) 11.679ms
[2026-06-17T09:50:45.458+0800][5.336s][info][gc,heap        ] GC(114) DefNew: 19609K->0K(19648K)
[2026-06-17T09:50:45.459+0800][5.337s][info][gc,heap        ] GC(114) Tenured: 37232K->28974K(43712K)
[2026-06-17T09:50:45.459+0800][5.337s][info][gc,metaspace   ] GC(114) Metaspace: 3157K(4864K)->3157K(4864K) NonClass: 2851K(4352K)->2851K(4352K) Class: 305K(512K)->305K(512K)
[2026-06-17T09:50:45.459+0800][5.337s][info][gc             ] GC(114) Pause Young (Allocation Failure) 55M->28M(61M) 14.549ms
[2026-06-17T09:50:45.460+0800][5.338s][info][gc,cpu         ] GC(114) User=0.01s Sys=0.00s Real=0.01s
[2026-06-17T09:50:45.504+0800][5.382s][info][gc,start       ] GC(116) Pause Young (Allocation Failure)
[2026-06-17T09:50:45.506+0800][5.384s][info][gc,heap        ] GC(116) DefNew: 17441K->2164K(19648K)
[2026-06-17T09:50:45.506+0800][5.384s][info][gc,heap        ] GC(116) Tenured: 28974K->33951K(43712K)
[2026-06-17T09:50:45.507+0800][5.385s][info][gc,metaspace   ] GC(116) Metaspace: 3157K(4864K)->3157K(4864K) NonClass: 2851K(4352K)->2851K(4352K) Class: 305K(512K)->305K(512K)
[2026-06-17T09:50:45.507+0800][5.385s][info][gc             ] GC(116) Pause Young (Allocation Failure) 45M->35M(61M) 3.517ms
[2026-06-17T09:50:45.508+0800][5.386s][info][gc,cpu         ] GC(116) User=0.00s Sys=0.00s Real=0.00s
[2026-06-17T09:50:45.552+0800][5.430s][info][gc,start       ] GC(117) Pause Young (Allocation Failure)
[2026-06-17T09:50:45.554+0800][5.432s][info][gc,heap        ] GC(117) DefNew: 19603K->2175K(19648K)
[2026-06-17T09:50:45.555+0800][5.433s][info][gc,heap        ] GC(117) Tenured: 33951K->37546K(43712K)
[2026-06-17T09:50:45.555+0800][5.434s][info][gc,metaspace   ] GC(117) Metaspace: 3157K(4864K)->3157K(4864K) NonClass: 2851K(4352K)->2851K(4352K) Class: 305K(512K)->305K(512K)
[2026-06-17T09:50:45.556+0800][5.434s][info][gc             ] GC(117) Pause Young (Allocation Failure) 52M->38M(61M) 4.161ms
[2026-06-17T09:50:45.557+0800][5.435s][info][gc,cpu         ] GC(117) User=0.00s Sys=0.00s Real=0.00s
[2026-06-17T09:50:45.601+0800][5.479s][info][gc,start       ] GC(118) Pause Young (Allocation Failure)
[2026-06-17T09:50:45.608+0800][5.487s][info][gc,start       ] GC(119) Pause Full (Allocation Failure)
[2026-06-17T09:50:45.637+0800][5.515s][info][gc,phases,start] GC(119) Phase 1: Mark live objects
[2026-06-17T09:50:45.667+0800][5.546s][info][gc,phases      ] GC(119) Phase 1: Mark live objects 30.669ms
[2026-06-17T09:50:45.710+0800][5.589s][info][gc,phases,start] GC(119) Phase 2: Compute new object addresses
[2026-06-17T09:50:45.712+0800][5.590s][info][gc,phases      ] GC(119) Phase 2: Compute new object addresses 1.122ms
[2026-06-17T09:50:45.712+0800][5.590s][info][gc,phases,start] GC(119) Phase 3: Adjust pointers
[2026-06-17T09:50:45.713+0800][5.591s][info][gc,phases      ] GC(119) Phase 3: Adjust pointers 0.700ms
[2026-06-17T09:50:45.713+0800][5.591s][info][gc,phases,start] GC(119) Phase 4: Move objects
[2026-06-17T09:50:45.715+0800][5.593s][info][gc,phases      ] GC(119) Phase 4: Move objects 2.102ms
[2026-06-17T09:50:45.716+0800][5.594s][info][gc             ] GC(119) Pause Full (Allocation Failure) 55M->27M(61M) 107.596ms
[2026-06-17T09:50:45.721+0800][5.599s][info][gc,heap        ] GC(118) DefNew: 19619K->0K(19648K)
[2026-06-17T09:50:45.721+0800][5.599s][info][gc,heap        ] GC(118) Tenured: 37546K->27865K(43712K)
[2026-06-17T09:50:45.728+0800][5.606s][info][gc,metaspace   ] GC(118) Metaspace: 3157K(4864K)->3157K(4864K) NonClass: 2851K(4352K)->2851K(4352K) Class: 305K(512K)->305K(512K)
[2026-06-17T09:50:45.732+0800][5.610s][info][gc             ] GC(118) Pause Young (Allocation Failure) 55M->27M(61M) 131.122ms
[2026-06-17T09:50:45.734+0800][5.612s][info][gc,cpu         ] GC(118) User=0.00s Sys=0.00s Real=0.14s
[2026-06-17T09:50:45.788+0800][5.666s][info][gc,start       ] GC(120) Pause Young (Allocation Failure)
[2026-06-17T09:50:45.794+0800][5.672s][info][gc,heap        ] GC(120) DefNew: 17472K->2153K(19648K)
[2026-06-17T09:50:45.795+0800][5.673s][info][gc,heap        ] GC(120) Tenured: 27865K->29425K(43712K)
[2026-06-17T09:50:45.800+0800][5.678s][info][gc,metaspace   ] GC(120) Metaspace: 3157K(4864K)->3157K(4864K) NonClass: 2851K(4352K)->2851K(4352K) Class: 305K(512K)->305K(512K)
[2026-06-17T09:50:45.811+0800][5.689s][info][gc             ] GC(120) Pause Young (Allocation Failure) 44M->30M(61M) 23.308ms
[2026-06-17T09:50:45.811+0800][5.690s][info][gc,cpu         ] GC(120) User=0.00s Sys=0.00s Real=0.03s
[2026-06-17T09:50:45.856+0800][5.734s][info][gc,start       ] GC(121) Pause Young (Allocation Failure)
[2026-06-17T09:50:45.858+0800][5.736s][info][gc,heap        ] GC(121) DefNew: 19616K->2004K(19648K)
[2026-06-17T09:50:45.860+0800][5.738s][info][gc,heap        ] GC(121) Tenured: 29425K->33259K(43712K)
[2026-06-17T09:50:45.863+0800][5.742s][info][gc,metaspace   ] GC(121) Metaspace: 3157K(4864K)->3157K(4864K) NonClass: 2851K(4352K)->2851K(4352K) Class: 305K(512K)->305K(512K)
[2026-06-17T09:50:45.864+0800][5.742s][info][gc             ] GC(121) Pause Young (Allocation Failure) 47M->34M(61M) 7.894ms
[2026-06-17T09:50:45.866+0800][5.744s][info][gc,cpu         ] GC(121) User=0.00s Sys=0.00s Real=0.01s
[2026-06-17T09:50:45.914+0800][5.792s][info][gc,start       ] GC(122) Pause Young (Allocation Failure)
[2026-06-17T09:50:45.916+0800][5.794s][info][gc,heap        ] GC(122) DefNew: 19453K->2142K(19648K)
[2026-06-17T09:50:45.917+0800][5.795s][info][gc,heap        ] GC(122) Tenured: 33259K->36184K(43712K)
[2026-06-17T09:50:45.917+0800][5.795s][info][gc,metaspace   ] GC(122) Metaspace: 3157K(4864K)->3157K(4864K) NonClass: 2851K(4352K)->2851K(4352K) Class: 305K(512K)->305K(512K)
[2026-06-17T09:50:45.918+0800][5.796s][info][gc             ] GC(122) Pause Young (Allocation Failure) 51M->37M(61M) 4.365ms
[2026-06-17T09:50:45.919+0800][5.797s][info][gc,cpu         ] GC(122) User=0.01s Sys=0.00s Real=0.00s
[2026-06-17T09:50:45.964+0800][5.842s][info][gc,start       ] GC(123) Pause Young (Allocation Failure)
[2026-06-17T09:50:45.966+0800][5.844s][info][gc,heap        ] GC(123) DefNew: 19614K->2175K(19648K)
[2026-06-17T09:50:45.967+0800][5.845s][info][gc,heap        ] GC(123) Tenured: 36184K->39868K(43712K)
[2026-06-17T09:50:45.967+0800][5.845s][info][gc,metaspace   ] GC(123) Metaspace: 3157K(4864K)->3157K(4864K) NonClass: 2851K(4352K)->2851K(4352K) Class: 305K(512K)->305K(512K)
[2026-06-17T09:50:45.968+0800][5.846s][info][gc             ] GC(123) Pause Young (Allocation Failure) 54M->41M(61M) 4.360ms
[2026-06-17T09:50:45.969+0800][5.847s][info][gc,cpu         ] GC(123) User=0.00s Sys=0.00s Real=0.00s
[2026-06-17T09:50:46.014+0800][5.892s][info][gc,start       ] GC(124) Pause Young (Allocation Failure)
[2026-06-17T09:50:46.015+0800][5.893s][info][gc,start       ] GC(125) Pause Full (Allocation Failure)
[2026-06-17T09:50:46.017+0800][5.895s][info][gc,phases,start] GC(125) Phase 1: Mark live objects
[2026-06-17T09:50:46.019+0800][5.897s][info][gc,phases      ] GC(125) Phase 1: Mark live objects 2.160ms
[2026-06-17T09:50:46.019+0800][5.897s][info][gc,phases,start] GC(125) Phase 2: Compute new object addresses
[2026-06-17T09:50:46.020+0800][5.898s][info][gc,phases      ] GC(125) Phase 2: Compute new object addresses 0.877ms
[2026-06-17T09:50:46.021+0800][5.899s][info][gc,phases,start] GC(125) Phase 3: Adjust pointers
[2026-06-17T09:50:46.022+0800][5.900s][info][gc,phases      ] GC(125) Phase 3: Adjust pointers 1.058ms
[2026-06-17T09:50:46.022+0800][5.901s][info][gc,phases,start] GC(125) Phase 4: Move objects
[2026-06-17T09:50:46.025+0800][5.903s][info][gc,phases      ] GC(125) Phase 4: Move objects 2.969ms
[2026-06-17T09:50:46.026+0800][5.904s][info][gc             ] GC(125) Pause Full (Allocation Failure) 58M->23M(61M) 10.771ms
[2026-06-17T09:50:46.026+0800][5.904s][info][gc,heap        ] GC(124) DefNew: 19647K->0K(19648K)
[2026-06-17T09:50:46.027+0800][5.905s][info][gc,heap        ] GC(124) Tenured: 39868K->23949K(43712K)
[2026-06-17T09:50:46.027+0800][5.905s][info][gc,metaspace   ] GC(124) Metaspace: 3157K(4864K)->3157K(4864K) NonClass: 2851K(4352K)->2851K(4352K) Class: 305K(512K)->305K(512K)
[2026-06-17T09:50:46.027+0800][5.905s][info][gc             ] GC(124) Pause Young (Allocation Failure) 58M->23M(61M) 13.070ms
[2026-06-17T09:50:46.028+0800][5.906s][info][gc,cpu         ] GC(124) User=0.01s Sys=0.00s Real=0.01s
[2026-06-17T09:50:46.072+0800][5.950s][info][gc,start       ] GC(126) Pause Young (Allocation Failure)
[2026-06-17T09:50:46.074+0800][5.952s][info][gc,heap        ] GC(126) DefNew: 17472K->2173K(19648K)
[2026-06-17T09:50:46.074+0800][5.952s][info][gc,heap        ] GC(126) Tenured: 23949K->28413K(43712K)
[2026-06-17T09:50:46.075+0800][5.953s][info][gc,metaspace   ] GC(126) Metaspace: 3157K(4864K)->3157K(4864K) NonClass: 2851K(4352K)->2851K(4352K) Class: 305K(512K)->305K(512K)
[2026-06-17T09:50:46.076+0800][5.954s][info][gc             ] GC(126) Pause Young (Allocation Failure) 40M->29M(61M) 3.701ms
[2026-06-17T09:50:46.076+0800][5.954s][info][gc,cpu         ] GC(126) User=0.00s Sys=0.00s Real=0.00s
[2026-06-17T09:50:46.130+0800][6.008s][info][gc,start       ] GC(127) Pause Young (Allocation Failure)
[2026-06-17T09:50:46.132+0800][6.010s][info][gc,heap        ] GC(127) DefNew: 19638K->2061K(19648K)
[2026-06-17T09:50:46.132+0800][6.010s][info][gc,heap        ] GC(127) Tenured: 28413K->31003K(43712K)
[2026-06-17T09:50:46.132+0800][6.010s][info][gc,metaspace   ] GC(127) Metaspace: 3157K(4864K)->3157K(4864K) NonClass: 2851K(4352K)->2851K(4352K) Class: 305K(512K)->305K(512K)
[2026-06-17T09:50:46.133+0800][6.011s][info][gc             ] GC(127) Pause Young (Allocation Failure) 46M->32M(61M) 2.539ms
[2026-06-17T09:50:46.133+0800][6.011s][info][gc,cpu         ] GC(127) User=0.00s Sys=0.00s Real=0.01s
[2026-06-17T09:50:46.166+0800][6.044s][info][gc,start       ] GC(128) Pause Young (Allocation Failure)
[2026-06-17T09:50:46.167+0800][6.045s][info][gc,heap        ] GC(128) DefNew: 19302K->2157K(19648K)
[2026-06-17T09:50:46.168+0800][6.046s][info][gc,heap        ] GC(128) Tenured: 31003K->34012K(43712K)
[2026-06-17T09:50:46.168+0800][6.046s][info][gc,metaspace   ] GC(128) Metaspace: 3157K(4864K)->3157K(4864K) NonClass: 2851K(4352K)->2851K(4352K) Class: 305K(512K)->305K(512K)
[2026-06-17T09:50:46.168+0800][6.047s][info][gc             ] GC(128) Pause Young (Allocation Failure) 49M->35M(61M) 2.572ms
[2026-06-17T09:50:46.169+0800][6.047s][info][gc,cpu         ] GC(128) User=0.00s Sys=0.00s Real=0.00s
[2026-06-17T09:50:46.223+0800][6.101s][info][gc,start       ] GC(129) Pause Young (Allocation Failure)
[2026-06-17T09:50:46.225+0800][6.103s][info][gc,heap        ] GC(129) DefNew: 19603K->2159K(19648K)
[2026-06-17T09:50:46.226+0800][6.104s][info][gc,heap        ] GC(129) Tenured: 34012K->37915K(43712K)
[2026-06-17T09:50:46.226+0800][6.104s][info][gc,metaspace   ] GC(129) Metaspace: 3157K(4864K)->3157K(4864K) NonClass: 2851K(4352K)->2851K(4352K) Class: 305K(512K)->305K(512K)
[2026-06-17T09:50:46.227+0800][6.105s][info][gc             ] GC(129) Pause Young (Allocation Failure) 52M->39M(61M) 4.065ms
[2026-06-17T09:50:46.227+0800][6.105s][info][gc,cpu         ] GC(129) User=0.00s Sys=0.00s Real=0.00s
[2026-06-17T09:50:46.272+0800][6.150s][info][gc,start       ] GC(130) Pause Young (Allocation Failure)
[2026-06-17T09:50:46.273+0800][6.151s][info][gc,start       ] GC(131) Pause Full (Allocation Failure)
[2026-06-17T09:50:46.274+0800][6.152s][info][gc,phases,start] GC(131) Phase 1: Mark live objects
[2026-06-17T09:50:46.277+0800][6.155s][info][gc,phases      ] GC(131) Phase 1: Mark live objects 3.006ms
[2026-06-17T09:50:46.277+0800][6.155s][info][gc,phases,start] GC(131) Phase 2: Compute new object addresses
[2026-06-17T09:50:46.278+0800][6.156s][info][gc,phases      ] GC(131) Phase 2: Compute new object addresses 0.891ms
[2026-06-17T09:50:46.279+0800][6.157s][info][gc,phases,start] GC(131) Phase 3: Adjust pointers
[2026-06-17T09:50:46.280+0800][6.158s][info][gc,phases      ] GC(131) Phase 3: Adjust pointers 1.040ms
[2026-06-17T09:50:46.280+0800][6.158s][info][gc,phases,start] GC(131) Phase 4: Move objects
[2026-06-17T09:50:46.283+0800][6.161s][info][gc,phases      ] GC(131) Phase 4: Move objects 2.842ms
[2026-06-17T09:50:46.284+0800][6.162s][info][gc             ] GC(131) Pause Full (Allocation Failure) 56M->22M(61M) 10.813ms
[2026-06-17T09:50:46.284+0800][6.162s][info][gc,heap        ] GC(130) DefNew: 19617K->0K(19648K)
[2026-06-17T09:50:46.285+0800][6.163s][info][gc,heap        ] GC(130) Tenured: 37915K->22688K(43712K)
[2026-06-17T09:50:46.285+0800][6.163s][info][gc,metaspace   ] GC(130) Metaspace: 3157K(4864K)->3157K(4864K) NonClass: 2851K(4352K)->2851K(4352K) Class: 305K(512K)->305K(512K)
[2026-06-17T09:50:46.286+0800][6.164s][info][gc             ] GC(130) Pause Young (Allocation Failure) 56M->22M(61M) 13.923ms
[2026-06-17T09:50:46.287+0800][6.165s][info][gc,cpu         ] GC(130) User=0.01s Sys=0.00s Real=0.01s
[2026-06-17T09:50:46.331+0800][6.209s][info][gc,start       ] GC(132) Pause Young (Allocation Failure)
[2026-06-17T09:50:46.332+0800][6.210s][info][gc,heap        ] GC(132) DefNew: 17472K->2175K(19648K)
[2026-06-17T09:50:46.333+0800][6.211s][info][gc,heap        ] GC(132) Tenured: 22688K->27375K(43712K)
[2026-06-17T09:50:46.333+0800][6.211s][info][gc,metaspace   ] GC(132) Metaspace: 3157K(4864K)->3157K(4864K) NonClass: 2851K(4352K)->2851K(4352K) Class: 305K(512K)->305K(512K)
[2026-06-17T09:50:46.334+0800][6.212s][info][gc             ] GC(132) Pause Young (Allocation Failure) 39M->28M(61M) 3.096ms
[2026-06-17T09:50:46.334+0800][6.212s][info][gc,cpu         ] GC(132) User=0.00s Sys=0.00s Real=0.00s
[2026-06-17T09:50:46.388+0800][6.266s][info][gc,start       ] GC(133) Pause Young (Allocation Failure)
[2026-06-17T09:50:46.389+0800][6.267s][info][gc,heap        ] GC(133) DefNew: 19625K->2169K(19648K)
[2026-06-17T09:50:46.390+0800][6.268s][info][gc,heap        ] GC(133) Tenured: 27375K->29182K(43712K)
[2026-06-17T09:50:46.391+0800][6.269s][info][gc,metaspace   ] GC(133) Metaspace: 3157K(4864K)->3157K(4864K) NonClass: 2851K(4352K)->2851K(4352K) Class: 305K(512K)->305K(512K)
[2026-06-17T09:50:46.391+0800][6.269s][info][gc             ] GC(133) Pause Young (Allocation Failure) 45M->30M(61M) 3.517ms
[2026-06-17T09:50:46.392+0800][6.270s][info][gc,cpu         ] GC(133) User=0.00s Sys=0.00s Real=0.01s
[2026-06-17T09:50:46.436+0800][6.314s][info][gc,start       ] GC(134) Pause Young (Allocation Failure)
[2026-06-17T09:50:46.438+0800][6.316s][info][gc,heap        ] GC(134) DefNew: 19641K->2121K(19648K)
[2026-06-17T09:50:46.439+0800][6.317s][info][gc,heap        ] GC(134) Tenured: 29182K->32809K(43712K)
[2026-06-17T09:50:46.441+0800][6.319s][info][gc,metaspace   ] GC(134) Metaspace: 3157K(4864K)->3157K(4864K) NonClass: 2851K(4352K)->2851K(4352K) Class: 305K(512K)->305K(512K)
[2026-06-17T09:50:46.442+0800][6.320s][info][gc             ] GC(134) Pause Young (Allocation Failure) 47M->34M(61M) 6.256ms
[2026-06-17T09:50:46.444+0800][6.322s][info][gc,cpu         ] GC(134) User=0.00s Sys=0.00s Real=0.01s
[2026-06-17T09:50:46.489+0800][6.367s][info][gc,start       ] GC(135) Pause Young (Allocation Failure)
[2026-06-17T09:50:46.492+0800][6.370s][info][gc,heap        ] GC(135) DefNew: 19593K->2110K(19648K)
[2026-06-17T09:50:46.492+0800][6.370s][info][gc,heap        ] GC(135) Tenured: 32809K->36601K(43712K)
[2026-06-17T09:50:46.493+0800][6.371s][info][gc,metaspace   ] GC(135) Metaspace: 3157K(4864K)->3157K(4864K) NonClass: 2851K(4352K)->2851K(4352K) Class: 305K(512K)->305K(512K)
[2026-06-17T09:50:46.493+0800][6.371s][info][gc             ] GC(135) Pause Young (Allocation Failure) 51M->37M(61M) 4.104ms
[2026-06-17T09:50:46.494+0800][6.372s][info][gc,cpu         ] GC(135) User=0.00s Sys=0.00s Real=0.01s
[2026-06-17T09:50:46.539+0800][6.417s][info][gc,start       ] GC(136) Pause Young (Allocation Failure)
[2026-06-17T09:50:46.540+0800][6.418s][info][gc,heap        ] GC(136) DefNew: 19582K->2172K(19648K)
[2026-06-17T09:50:46.541+0800][6.419s][info][gc,heap        ] GC(136) Tenured: 36601K->39646K(43712K)
[2026-06-17T09:50:46.541+0800][6.420s][info][gc,metaspace   ] GC(136) Metaspace: 3157K(4864K)->3157K(4864K) NonClass: 2851K(4352K)->2851K(4352K) Class: 305K(512K)->305K(512K)
[2026-06-17T09:50:46.542+0800][6.420s][info][gc             ] GC(136) Pause Young (Allocation Failure) 54M->40M(61M) 3.367ms
[2026-06-17T09:50:46.543+0800][6.421s][info][gc,cpu         ] GC(136) User=0.00s Sys=0.00s Real=0.01s
[2026-06-17T09:50:46.587+0800][6.465s][info][gc,start       ] GC(137) Pause Young (Allocation Failure)
[2026-06-17T09:50:46.588+0800][6.466s][info][gc,start       ] GC(138) Pause Full (Allocation Failure)
[2026-06-17T09:50:46.589+0800][6.467s][info][gc,phases,start] GC(138) Phase 1: Mark live objects
[2026-06-17T09:50:46.591+0800][6.469s][info][gc,phases      ] GC(138) Phase 1: Mark live objects 2.048ms
[2026-06-17T09:50:46.591+0800][6.469s][info][gc,phases,start] GC(138) Phase 2: Compute new object addresses
[2026-06-17T09:50:46.592+0800][6.470s][info][gc,phases      ] GC(138) Phase 2: Compute new object addresses 0.863ms
[2026-06-17T09:50:46.593+0800][6.471s][info][gc,phases,start] GC(138) Phase 3: Adjust pointers
[2026-06-17T09:50:46.594+0800][6.472s][info][gc,phases      ] GC(138) Phase 3: Adjust pointers 1.008ms
[2026-06-17T09:50:46.594+0800][6.472s][info][gc,phases,start] GC(138) Phase 4: Move objects
[2026-06-17T09:50:46.597+0800][6.475s][info][gc,phases      ] GC(138) Phase 4: Move objects 3.351ms
[2026-06-17T09:50:46.598+0800][6.476s][info][gc             ] GC(138) Pause Full (Allocation Failure) 57M->30M(61M) 9.687ms
[2026-06-17T09:50:46.598+0800][6.477s][info][gc,heap        ] GC(137) DefNew: 19623K->0K(19648K)
[2026-06-17T09:50:46.600+0800][6.478s][info][gc,heap        ] GC(137) Tenured: 39646K->31238K(43712K)
[2026-06-17T09:50:46.602+0800][6.480s][info][gc,metaspace   ] GC(137) Metaspace: 3157K(4864K)->3157K(4864K) NonClass: 2851K(4352K)->2851K(4352K) Class: 305K(512K)->305K(512K)
[2026-06-17T09:50:46.604+0800][6.482s][info][gc             ] GC(137) Pause Young (Allocation Failure) 57M->30M(61M) 16.640ms
[2026-06-17T09:50:46.606+0800][6.484s][info][gc,cpu         ] GC(137) User=0.01s Sys=0.00s Real=0.02s
[2026-06-17T09:50:46.651+0800][6.529s][info][gc,start       ] GC(139) Pause Young (Allocation Failure)
[2026-06-17T09:50:46.653+0800][6.531s][info][gc,heap        ] GC(139) DefNew: 17458K->2171K(19648K)
[2026-06-17T09:50:46.654+0800][6.532s][info][gc,heap        ] GC(139) Tenured: 31238K->36018K(43712K)
[2026-06-17T09:50:46.655+0800][6.533s][info][gc,metaspace   ] GC(139) Metaspace: 3157K(4864K)->3157K(4864K) NonClass: 2851K(4352K)->2851K(4352K) Class: 305K(512K)->305K(512K)
[2026-06-17T09:50:46.655+0800][6.533s][info][gc             ] GC(139) Pause Young (Allocation Failure) 47M->37M(61M) 3.864ms
[2026-06-17T09:50:46.656+0800][6.534s][info][gc,cpu         ] GC(139) User=0.01s Sys=0.00s Real=0.00s
[2026-06-17T09:50:46.701+0800][6.579s][info][gc,start       ] GC(140) Pause Young (Allocation Failure)
[2026-06-17T09:50:46.703+0800][6.581s][info][gc,heap        ] GC(140) DefNew: 19610K->2156K(19648K)
[2026-06-17T09:50:46.703+0800][6.582s][info][gc,heap        ] GC(140) Tenured: 36018K->38677K(43712K)
[2026-06-17T09:50:46.704+0800][6.582s][info][gc,metaspace   ] GC(140) Metaspace: 3157K(4864K)->3157K(4864K) NonClass: 2851K(4352K)->2851K(4352K) Class: 305K(512K)->305K(512K)
[2026-06-17T09:50:46.705+0800][6.583s][info][gc             ] GC(140) Pause Young (Allocation Failure) 54M->39M(61M) 4.097ms
[2026-06-17T09:50:46.705+0800][6.583s][info][gc,cpu         ] GC(140) User=0.00s Sys=0.00s Real=0.01s
[2026-06-17T09:50:46.761+0800][6.639s][info][gc,start       ] GC(141) Pause Young (Allocation Failure)
[2026-06-17T09:50:46.762+0800][6.640s][info][gc,start       ] GC(142) Pause Full (Allocation Failure)
[2026-06-17T09:50:46.763+0800][6.641s][info][gc,phases,start] GC(142) Phase 1: Mark live objects
[2026-06-17T09:50:46.766+0800][6.644s][info][gc,phases      ] GC(142) Phase 1: Mark live objects 3.099ms
[2026-06-17T09:50:46.767+0800][6.645s][info][gc,phases,start] GC(142) Phase 2: Compute new object addresses
[2026-06-17T09:50:46.768+0800][6.646s][info][gc,phases      ] GC(142) Phase 2: Compute new object addresses 1.021ms
[2026-06-17T09:50:46.768+0800][6.646s][info][gc,phases,start] GC(142) Phase 3: Adjust pointers
[2026-06-17T09:50:46.769+0800][6.647s][info][gc,phases      ] GC(142) Phase 3: Adjust pointers 1.080ms
[2026-06-17T09:50:46.770+0800][6.648s][info][gc,phases,start] GC(142) Phase 4: Move objects
[2026-06-17T09:50:46.773+0800][6.652s][info][gc,phases      ] GC(142) Phase 4: Move objects 3.549ms
[2026-06-17T09:50:46.774+0800][6.652s][info][gc             ] GC(142) Pause Full (Allocation Failure) 56M->28M(61M) 12.228ms
[2026-06-17T09:50:46.775+0800][6.653s][info][gc,heap        ] GC(141) DefNew: 19628K->0K(19648K)
[2026-06-17T09:50:46.775+0800][6.653s][info][gc,heap        ] GC(141) Tenured: 38677K->28721K(43712K)
[2026-06-17T09:50:46.776+0800][6.654s][info][gc,metaspace   ] GC(141) Metaspace: 3157K(4864K)->3157K(4864K) NonClass: 2851K(4352K)->2851K(4352K) Class: 305K(512K)->305K(512K)
[2026-06-17T09:50:46.776+0800][6.654s][info][gc             ] GC(141) Pause Young (Allocation Failure) 56M->28M(61M) 15.350ms
[2026-06-17T09:50:46.777+0800][6.655s][info][gc,cpu         ] GC(141) User=0.01s Sys=0.00s Real=0.02s
[2026-06-17T09:50:46.820+0800][6.698s][info][gc,start       ] GC(143) Pause Young (Allocation Failure)
[2026-06-17T09:50:46.822+0800][6.700s][info][gc,heap        ] GC(143) DefNew: 17457K->2174K(19648K)
[2026-06-17T09:50:46.822+0800][6.700s][info][gc,heap        ] GC(143) Tenured: 28721K->33143K(43712K)
[2026-06-17T09:50:46.823+0800][6.701s][info][gc,metaspace   ] GC(143) Metaspace: 3157K(4864K)->3157K(4864K) NonClass: 2851K(4352K)->2851K(4352K) Class: 305K(512K)->305K(512K)
[2026-06-17T09:50:46.823+0800][6.701s][info][gc             ] GC(143) Pause Young (Allocation Failure) 45M->34M(61M) 3.153ms
[2026-06-17T09:50:46.824+0800][6.702s][info][gc,cpu         ] GC(143) User=0.00s Sys=0.00s Real=0.01s
[2026-06-17T09:50:46.868+0800][6.746s][info][gc,start       ] GC(144) Pause Young (Allocation Failure)
[2026-06-17T09:50:46.871+0800][6.749s][info][gc,heap        ] GC(144) DefNew: 19646K->2116K(19648K)
[2026-06-17T09:50:46.871+0800][6.749s][info][gc,heap        ] GC(144) Tenured: 33143K->37361K(43712K)
[2026-06-17T09:50:46.872+0800][6.750s][info][gc,metaspace   ] GC(144) Metaspace: 3157K(4864K)->3157K(4864K) NonClass: 2851K(4352K)->2851K(4352K) Class: 305K(512K)->305K(512K)
[2026-06-17T09:50:46.872+0800][6.750s][info][gc             ] GC(144) Pause Young (Allocation Failure) 51M->38M(61M) 4.289ms
[2026-06-17T09:50:46.873+0800][6.751s][info][gc,cpu         ] GC(144) User=0.00s Sys=0.00s Real=0.01s
[2026-06-17T09:50:46.917+0800][6.795s][info][gc,start       ] GC(145) Pause Young (Allocation Failure)
[2026-06-17T09:50:46.920+0800][6.798s][info][gc,heap        ] GC(145) DefNew: 19581K->2149K(19648K)
[2026-06-17T09:50:46.920+0800][6.798s][info][gc,heap        ] GC(145) Tenured: 37361K->40809K(43712K)
[2026-06-17T09:50:46.921+0800][6.799s][info][gc,metaspace   ] GC(145) Metaspace: 3157K(4864K)->3157K(4864K) NonClass: 2851K(4352K)->2851K(4352K) Class: 305K(512K)->305K(512K)
[2026-06-17T09:50:46.922+0800][6.800s][info][gc             ] GC(145) Pause Young (Allocation Failure) 55M->41M(61M) 4.093ms
[2026-06-17T09:50:46.922+0800][6.800s][info][gc,cpu         ] GC(145) User=0.00s Sys=0.00s Real=0.00s
[2026-06-17T09:50:46.967+0800][6.845s][info][gc,start       ] GC(146) Pause Young (Allocation Failure)
[2026-06-17T09:50:46.968+0800][6.846s][info][gc,start       ] GC(147) Pause Full (Allocation Failure)
[2026-06-17T09:50:46.969+0800][6.847s][info][gc,phases,start] GC(147) Phase 1: Mark live objects
[2026-06-17T09:50:46.971+0800][6.849s][info][gc,phases      ] GC(147) Phase 1: Mark live objects 2.250ms
[2026-06-17T09:50:46.972+0800][6.850s][info][gc,phases,start] GC(147) Phase 2: Compute new object addresses
[2026-06-17T09:50:46.973+0800][6.851s][info][gc,phases      ] GC(147) Phase 2: Compute new object addresses 1.025ms
[2026-06-17T09:50:46.974+0800][6.852s][info][gc,phases,start] GC(147) Phase 3: Adjust pointers
[2026-06-17T09:50:46.975+0800][6.853s][info][gc,phases      ] GC(147) Phase 3: Adjust pointers 1.351ms
[2026-06-17T09:50:46.976+0800][6.854s][info][gc,phases,start] GC(147) Phase 4: Move objects
[2026-06-17T09:50:46.979+0800][6.857s][info][gc,phases      ] GC(147) Phase 4: Move objects 3.823ms
[2026-06-17T09:50:46.980+0800][6.858s][info][gc             ] GC(147) Pause Full (Allocation Failure) 58M->28M(61M) 11.745ms
[2026-06-17T09:50:46.980+0800][6.858s][info][gc,heap        ] GC(146) DefNew: 19325K->0K(19648K)
[2026-06-17T09:50:46.981+0800][6.859s][info][gc,heap        ] GC(146) Tenured: 40809K->29625K(43712K)
[2026-06-17T09:50:46.981+0800][6.859s][info][gc,metaspace   ] GC(146) Metaspace: 3157K(4864K)->3157K(4864K) NonClass: 2851K(4352K)->2851K(4352K) Class: 305K(512K)->305K(512K)
[2026-06-17T09:50:46.982+0800][6.860s][info][gc             ] GC(146) Pause Young (Allocation Failure) 58M->28M(61M) 14.449ms
[2026-06-17T09:50:46.982+0800][6.860s][info][gc,cpu         ] GC(146) User=0.00s Sys=0.00s Real=0.01s
[2026-06-17T09:50:47.025+0800][6.903s][info][gc,start       ] GC(148) Pause Young (Allocation Failure)
[2026-06-17T09:50:47.034+0800][6.912s][info][gc,heap        ] GC(148) DefNew: 17462K->2172K(19648K)
[2026-06-17T09:50:47.037+0800][6.915s][info][gc,heap        ] GC(148) Tenured: 29625K->34545K(43712K)
[2026-06-17T09:50:47.038+0800][6.916s][info][gc,metaspace   ] GC(148) Metaspace: 3157K(4864K)->3157K(4864K) NonClass: 2851K(4352K)->2851K(4352K) Class: 305K(512K)->305K(512K)
[2026-06-17T09:50:47.038+0800][6.916s][info][gc             ] GC(148) Pause Young (Allocation Failure) 45M->35M(61M) 12.958ms
[2026-06-17T09:50:47.039+0800][6.917s][info][gc,cpu         ] GC(148) User=0.00s Sys=0.00s Real=0.01s
[2026-06-17T09:50:47.093+0800][6.971s][info][gc,start       ] GC(149) Pause Young (Allocation Failure)
[2026-06-17T09:50:47.099+0800][6.977s][info][gc,heap        ] GC(149) DefNew: 19644K->2004K(19648K)
[2026-06-17T09:50:47.100+0800][6.978s][info][gc,heap        ] GC(149) Tenured: 34545K->37177K(43712K)
[2026-06-17T09:50:47.101+0800][6.979s][info][gc,metaspace   ] GC(149) Metaspace: 3157K(4864K)->3157K(4864K) NonClass: 2851K(4352K)->2851K(4352K) Class: 305K(512K)->305K(512K)
[2026-06-17T09:50:47.102+0800][6.980s][info][gc             ] GC(149) Pause Young (Allocation Failure) 52M->38M(61M) 8.844ms
[2026-06-17T09:50:47.103+0800][6.981s][info][gc,cpu         ] GC(149) User=0.00s Sys=0.00s Real=0.01s
[2026-06-17T09:50:47.146+0800][7.024s][info][gc,start       ] GC(150) Pause Young (Allocation Failure)
[2026-06-17T09:50:47.147+0800][7.025s][info][gc,heap        ] GC(150) DefNew: 19466K->2149K(19648K)
[2026-06-17T09:50:47.147+0800][7.025s][info][gc,heap        ] GC(150) Tenured: 37177K->40504K(43712K)
[2026-06-17T09:50:47.147+0800][7.025s][info][gc,metaspace   ] GC(150) Metaspace: 3157K(4864K)->3157K(4864K) NonClass: 2851K(4352K)->2851K(4352K) Class: 305K(512K)->305K(512K)
[2026-06-17T09:50:47.147+0800][7.026s][info][gc             ] GC(150) Pause Young (Allocation Failure) 55M->41M(61M) 1.924ms
[2026-06-17T09:50:47.148+0800][7.026s][info][gc,cpu         ] GC(150) User=0.00s Sys=0.00s Real=0.00s
[2026-06-17T09:50:47.190+0800][7.068s][info][gc,start       ] GC(151) Pause Young (Allocation Failure)
[2026-06-17T09:50:47.191+0800][7.069s][info][gc,start       ] GC(152) Pause Full (Allocation Failure)
[2026-06-17T09:50:47.191+0800][7.069s][info][gc,phases,start] GC(152) Phase 1: Mark live objects
[2026-06-17T09:50:47.192+0800][7.070s][info][gc,phases      ] GC(152) Phase 1: Mark live objects 1.020ms
[2026-06-17T09:50:47.193+0800][7.071s][info][gc,phases,start] GC(152) Phase 2: Compute new object addresses
[2026-06-17T09:50:47.193+0800][7.071s][info][gc,phases      ] GC(152) Phase 2: Compute new object addresses 0.637ms
[2026-06-17T09:50:47.194+0800][7.072s][info][gc,phases,start] GC(152) Phase 3: Adjust pointers
[2026-06-17T09:50:47.194+0800][7.073s][info][gc,phases      ] GC(152) Phase 3: Adjust pointers 0.787ms
[2026-06-17T09:50:47.195+0800][7.073s][info][gc,phases,start] GC(152) Phase 4: Move objects
[2026-06-17T09:50:47.198+0800][7.076s][info][gc,phases      ] GC(152) Phase 4: Move objects 2.921ms
[2026-06-17T09:50:47.199+0800][7.077s][info][gc             ] GC(152) Pause Full (Allocation Failure) 58M->30M(61M) 8.045ms
[2026-06-17T09:50:47.199+0800][7.077s][info][gc,heap        ] GC(151) DefNew: 19614K->0K(19648K)
[2026-06-17T09:50:47.200+0800][7.078s][info][gc,heap        ] GC(151) Tenured: 40504K->31551K(43712K)
[2026-06-17T09:50:47.200+0800][7.078s][info][gc,metaspace   ] GC(151) Metaspace: 3157K(4864K)->3157K(4864K) NonClass: 2851K(4352K)->2851K(4352K) Class: 305K(512K)->305K(512K)
[2026-06-17T09:50:47.201+0800][7.079s][info][gc             ] GC(151) Pause Young (Allocation Failure) 58M->30M(61M) 10.905ms
[2026-06-17T09:50:47.201+0800][7.080s][info][gc,cpu         ] GC(151) User=0.01s Sys=0.00s Real=0.01s
[2026-06-17T09:50:47.244+0800][7.122s][info][gc,start       ] GC(153) Pause Young (Allocation Failure)
[2026-06-17T09:50:47.246+0800][7.124s][info][gc,heap        ] GC(153) DefNew: 17436K->2175K(19648K)
[2026-06-17T09:50:47.247+0800][7.125s][info][gc,heap        ] GC(153) Tenured: 31551K->36232K(43712K)
[2026-06-17T09:50:47.247+0800][7.125s][info][gc,metaspace   ] GC(153) Metaspace: 3157K(4864K)->3157K(4864K) NonClass: 2851K(4352K)->2851K(4352K) Class: 305K(512K)->305K(512K)
[2026-06-17T09:50:47.248+0800][7.126s][info][gc             ] GC(153) Pause Young (Allocation Failure) 47M->37M(61M) 3.788ms
[2026-06-17T09:50:47.249+0800][7.127s][info][gc,cpu         ] GC(153) User=0.00s Sys=0.00s Real=0.00s
[2026-06-17T09:50:47.292+0800][7.170s][info][gc,start       ] GC(154) Pause Young (Allocation Failure)
[2026-06-17T09:50:47.304+0800][7.182s][info][gc,heap        ] GC(154) DefNew: 19621K->2097K(19648K)
[2026-06-17T09:50:47.306+0800][7.184s][info][gc,heap        ] GC(154) Tenured: 36232K->41918K(43712K)
[2026-06-17T09:50:47.307+0800][7.185s][info][gc,metaspace   ] GC(154) Metaspace: 3157K(4864K)->3157K(4864K) NonClass: 2851K(4352K)->2851K(4352K) Class: 305K(512K)->305K(512K)
[2026-06-17T09:50:47.307+0800][7.185s][info][gc             ] GC(154) Pause Young (Allocation Failure) 54M->42M(61M) 15.141ms
[2026-06-17T09:50:47.308+0800][7.186s][info][gc,cpu         ] GC(154) User=0.00s Sys=0.00s Real=0.01s
[2026-06-17T09:50:47.362+0800][7.240s][info][gc,start       ] GC(155) Pause Young (Allocation Failure)
[2026-06-17T09:50:47.363+0800][7.241s][info][gc,start       ] GC(156) Pause Full (Allocation Failure)
[2026-06-17T09:50:47.364+0800][7.242s][info][gc,phases,start] GC(156) Phase 1: Mark live objects
[2026-06-17T09:50:47.368+0800][7.246s][info][gc,phases      ] GC(156) Phase 1: Mark live objects 3.870ms
[2026-06-17T09:50:47.372+0800][7.250s][info][gc,phases,start] GC(156) Phase 2: Compute new object addresses
[2026-06-17T09:50:47.372+0800][7.251s][info][gc,phases      ] GC(156) Phase 2: Compute new object addresses 0.690ms
[2026-06-17T09:50:47.373+0800][7.251s][info][gc,phases,start] GC(156) Phase 3: Adjust pointers
[2026-06-17T09:50:47.375+0800][7.253s][info][gc,phases      ] GC(156) Phase 3: Adjust pointers 2.034ms
[2026-06-17T09:50:47.381+0800][7.259s][info][gc,phases,start] GC(156) Phase 4: Move objects
[2026-06-17T09:50:47.389+0800][7.268s][info][gc,phases      ] GC(156) Phase 4: Move objects 8.457ms
[2026-06-17T09:50:47.393+0800][7.271s][info][gc             ] GC(156) Pause Full (Allocation Failure) 60M->26M(61M) 30.530ms
[2026-06-17T09:50:47.399+0800][7.277s][info][gc,heap        ] GC(155) DefNew: 19569K->0K(19648K)
[2026-06-17T09:50:47.400+0800][7.278s][info][gc,heap        ] GC(155) Tenured: 41918K->27097K(43712K)
[2026-06-17T09:50:47.401+0800][7.279s][info][gc,metaspace   ] GC(155) Metaspace: 3157K(4864K)->3157K(4864K) NonClass: 2851K(4352K)->2851K(4352K) Class: 305K(512K)->305K(512K)
[2026-06-17T09:50:47.401+0800][7.279s][info][gc             ] GC(155) Pause Young (Allocation Failure) 60M->26M(61M) 39.646ms
[2026-06-17T09:50:47.402+0800][7.280s][info][gc,cpu         ] GC(155) User=0.00s Sys=0.00s Real=0.04s
[2026-06-17T09:50:47.437+0800][7.315s][info][gc,start       ] GC(157) Pause Young (Allocation Failure)
[2026-06-17T09:50:47.439+0800][7.317s][info][gc,heap        ] GC(157) DefNew: 17320K->2175K(19648K)
[2026-06-17T09:50:47.440+0800][7.318s][info][gc,heap        ] GC(157) Tenured: 27097K->31792K(43712K)
[2026-06-17T09:50:47.440+0800][7.318s][info][gc,metaspace   ] GC(157) Metaspace: 3157K(4864K)->3157K(4864K) NonClass: 2851K(4352K)->2851K(4352K) Class: 305K(512K)->305K(512K)
[2026-06-17T09:50:47.441+0800][7.319s][info][gc             ] GC(157) Pause Young (Allocation Failure) 43M->33M(61M) 3.207ms
[2026-06-17T09:50:47.441+0800][7.319s][info][gc,cpu         ] GC(157) User=0.01s Sys=0.00s Real=0.00s
[2026-06-17T09:50:47.493+0800][7.371s][info][gc,start       ] GC(158) Pause Young (Allocation Failure)
[2026-06-17T09:50:47.494+0800][7.372s][info][gc,heap        ] GC(158) DefNew: 19604K->2174K(19648K)
[2026-06-17T09:50:47.495+0800][7.373s][info][gc,heap        ] GC(158) Tenured: 31792K->35314K(43712K)
[2026-06-17T09:50:47.495+0800][7.373s][info][gc,metaspace   ] GC(158) Metaspace: 3157K(4864K)->3157K(4864K) NonClass: 2851K(4352K)->2851K(4352K) Class: 305K(512K)->305K(512K)
[2026-06-17T09:50:47.495+0800][7.373s][info][gc             ] GC(158) Pause Young (Allocation Failure) 50M->36M(61M) 1.425ms
[2026-06-17T09:50:47.495+0800][7.373s][info][gc,cpu         ] GC(158) User=0.00s Sys=0.00s Real=0.00s
[2026-06-17T09:50:47.537+0800][7.415s][info][gc,start       ] GC(159) Pause Young (Allocation Failure)
[2026-06-17T09:50:47.538+0800][7.416s][info][gc,heap        ] GC(159) DefNew: 19620K->2132K(19648K)
[2026-06-17T09:50:47.539+0800][7.417s][info][gc,heap        ] GC(159) Tenured: 35314K->38701K(43712K)
[2026-06-17T09:50:47.539+0800][7.417s][info][gc,metaspace   ] GC(159) Metaspace: 3157K(4864K)->3157K(4864K) NonClass: 2851K(4352K)->2851K(4352K) Class: 305K(512K)->305K(512K)
[2026-06-17T09:50:47.539+0800][7.417s][info][gc             ] GC(159) Pause Young (Allocation Failure) 53M->39M(61M) 1.784ms
[2026-06-17T09:50:47.539+0800][7.417s][info][gc,cpu         ] GC(159) User=0.00s Sys=0.00s Real=0.00s
[2026-06-17T09:50:47.582+0800][7.460s][info][gc,start       ] GC(160) Pause Young (Allocation Failure)
[2026-06-17T09:50:47.582+0800][7.460s][info][gc,start       ] GC(161) Pause Full (Allocation Failure)
[2026-06-17T09:50:47.583+0800][7.461s][info][gc,phases,start] GC(161) Phase 1: Mark live objects
[2026-06-17T09:50:47.584+0800][7.462s][info][gc,phases      ] GC(161) Phase 1: Mark live objects 1.529ms
[2026-06-17T09:50:47.585+0800][7.463s][info][gc,phases,start] GC(161) Phase 2: Compute new object addresses
[2026-06-17T09:50:47.585+0800][7.463s][info][gc,phases      ] GC(161) Phase 2: Compute new object addresses 0.698ms
[2026-06-17T09:50:47.586+0800][7.464s][info][gc,phases,start] GC(161) Phase 3: Adjust pointers
[2026-06-17T09:50:47.587+0800][7.465s][info][gc,phases      ] GC(161) Phase 3: Adjust pointers 1.203ms
[2026-06-17T09:50:47.587+0800][7.465s][info][gc,phases,start] GC(161) Phase 4: Move objects
[2026-06-17T09:50:47.591+0800][7.469s][info][gc,phases      ] GC(161) Phase 4: Move objects 3.706ms
[2026-06-17T09:50:47.591+0800][7.469s][info][gc             ] GC(161) Pause Full (Allocation Failure) 56M->30M(61M) 9.209ms
[2026-06-17T09:50:47.592+0800][7.470s][info][gc,heap        ] GC(160) DefNew: 19584K->0K(19648K)
[2026-06-17T09:50:47.592+0800][7.470s][info][gc,heap        ] GC(160) Tenured: 38701K->31063K(43712K)
[2026-06-17T09:50:47.592+0800][7.470s][info][gc,metaspace   ] GC(160) Metaspace: 3157K(4864K)->3157K(4864K) NonClass: 2851K(4352K)->2851K(4352K) Class: 305K(512K)->305K(512K)
[2026-06-17T09:50:47.592+0800][7.470s][info][gc             ] GC(160) Pause Young (Allocation Failure) 56M->30M(61M) 10.570ms
[2026-06-17T09:50:47.592+0800][7.470s][info][gc,cpu         ] GC(160) User=0.01s Sys=0.00s Real=0.02s
[2026-06-17T09:50:47.646+0800][7.524s][info][gc,start       ] GC(162) Pause Young (Allocation Failure)
[2026-06-17T09:50:47.648+0800][7.526s][info][gc,heap        ] GC(162) DefNew: 17472K->2161K(19648K)
[2026-06-17T09:50:47.652+0800][7.530s][info][gc,heap        ] GC(162) Tenured: 31063K->32543K(43712K)
[2026-06-17T09:50:47.654+0800][7.532s][info][gc,metaspace   ] GC(162) Metaspace: 3157K(4864K)->3157K(4864K) NonClass: 2851K(4352K)->2851K(4352K) Class: 305K(512K)->305K(512K)
[2026-06-17T09:50:47.656+0800][7.534s][info][gc             ] GC(162) Pause Young (Allocation Failure) 47M->33M(61M) 9.397ms
[2026-06-17T09:50:47.658+0800][7.536s][info][gc,cpu         ] GC(162) User=0.00s Sys=0.00s Real=0.01s
[2026-06-17T09:50:47.694+0800][7.572s][info][gc,start       ] GC(163) Pause Young (Allocation Failure)
[2026-06-17T09:50:47.696+0800][7.574s][info][gc,heap        ] GC(163) DefNew: 19633K->2110K(19648K)
[2026-06-17T09:50:47.696+0800][7.574s][info][gc,heap        ] GC(163) Tenured: 32543K->35482K(43712K)
[2026-06-17T09:50:47.697+0800][7.575s][info][gc,metaspace   ] GC(163) Metaspace: 3157K(4864K)->3157K(4864K) NonClass: 2851K(4352K)->2851K(4352K) Class: 305K(512K)->305K(512K)
[2026-06-17T09:50:47.698+0800][7.576s][info][gc             ] GC(163) Pause Young (Allocation Failure) 50M->36M(61M) 3.914ms
[2026-06-17T09:50:47.699+0800][7.577s][info][gc,cpu         ] GC(163) User=0.01s Sys=0.00s Real=0.00s
[2026-06-17T09:50:47.754+0800][7.632s][info][gc,start       ] GC(164) Pause Young (Allocation Failure)
[2026-06-17T09:50:47.756+0800][7.634s][info][gc,heap        ] GC(164) DefNew: 19582K->2092K(19648K)
[2026-06-17T09:50:47.757+0800][7.635s][info][gc,heap        ] GC(164) Tenured: 35482K->39138K(43712K)
[2026-06-17T09:50:47.757+0800][7.635s][info][gc,metaspace   ] GC(164) Metaspace: 3157K(4864K)->3157K(4864K) NonClass: 2851K(4352K)->2851K(4352K) Class: 305K(512K)->305K(512K)
[2026-06-17T09:50:47.758+0800][7.636s][info][gc             ] GC(164) Pause Young (Allocation Failure) 53M->40M(61M) 4.049ms
[2026-06-17T09:50:47.758+0800][7.637s][info][gc,cpu         ] GC(164) User=0.00s Sys=0.00s Real=0.00s
[2026-06-17T09:50:47.803+0800][7.682s][info][gc,start       ] GC(165) Pause Young (Allocation Failure)
[2026-06-17T09:50:47.804+0800][7.683s][info][gc,start       ] GC(166) Pause Full (Allocation Failure)
[2026-06-17T09:50:47.805+0800][7.683s][info][gc,phases,start] GC(166) Phase 1: Mark live objects
[2026-06-17T09:50:47.807+0800][7.685s][info][gc,phases      ] GC(166) Phase 1: Mark live objects 2.189ms
[2026-06-17T09:50:47.808+0800][7.686s][info][gc,phases,start] GC(166) Phase 2: Compute new object addresses
[2026-06-17T09:50:47.809+0800][7.687s][info][gc,phases      ] GC(166) Phase 2: Compute new object addresses 1.010ms
[2026-06-17T09:50:47.810+0800][7.688s][info][gc,phases,start] GC(166) Phase 3: Adjust pointers
[2026-06-17T09:50:47.811+0800][7.689s][info][gc,phases      ] GC(166) Phase 3: Adjust pointers 1.392ms
[2026-06-17T09:50:47.812+0800][7.690s][info][gc,phases,start] GC(166) Phase 4: Move objects
[2026-06-17T09:50:47.816+0800][7.694s][info][gc,phases      ] GC(166) Phase 4: Move objects 4.151ms
[2026-06-17T09:50:47.817+0800][7.695s][info][gc             ] GC(166) Pause Full (Allocation Failure) 57M->33M(61M) 12.136ms
[2026-06-17T09:50:47.817+0800][7.695s][info][gc,heap        ] GC(165) DefNew: 19531K->0K(19648K)
[2026-06-17T09:50:47.818+0800][7.696s][info][gc,heap        ] GC(165) Tenured: 39138K->33993K(43712K)
[2026-06-17T09:50:47.818+0800][7.696s][info][gc,metaspace   ] GC(165) Metaspace: 3157K(4864K)->3157K(4864K) NonClass: 2851K(4352K)->2851K(4352K) Class: 305K(512K)->305K(512K)
[2026-06-17T09:50:47.818+0800][7.696s][info][gc             ] GC(165) Pause Young (Allocation Failure) 57M->33M(61M) 14.950ms
[2026-06-17T09:50:47.819+0800][7.697s][info][gc,cpu         ] GC(165) User=0.01s Sys=0.00s Real=0.01s
[2026-06-17T09:50:47.863+0800][7.741s][info][gc,start       ] GC(167) Pause Young (Allocation Failure)
[2026-06-17T09:50:47.866+0800][7.744s][info][gc,heap        ] GC(167) DefNew: 17469K->2173K(19648K)
[2026-06-17T09:50:47.867+0800][7.745s][info][gc,heap        ] GC(167) Tenured: 33993K->38514K(43712K)
[2026-06-17T09:50:47.867+0800][7.745s][info][gc,metaspace   ] GC(167) Metaspace: 3157K(4864K)->3157K(4864K) NonClass: 2851K(4352K)->2851K(4352K) Class: 305K(512K)->305K(512K)
[2026-06-17T09:50:47.868+0800][7.746s][info][gc             ] GC(167) Pause Young (Allocation Failure) 50M->39M(61M) 4.517ms
[2026-06-17T09:50:47.868+0800][7.746s][info][gc,cpu         ] GC(167) User=0.01s Sys=0.00s Real=0.00s
[2026-06-17T09:50:47.913+0800][7.791s][info][gc,start       ] GC(168) Pause Young (Allocation Failure)
[2026-06-17T09:50:47.913+0800][7.791s][info][gc,start       ] GC(169) Pause Full (Allocation Failure)
[2026-06-17T09:50:47.914+0800][7.792s][info][gc,phases,start] GC(169) Phase 1: Mark live objects
[2026-06-17T09:50:47.915+0800][7.793s][info][gc,phases      ] GC(169) Phase 1: Mark live objects 1.363ms
[2026-06-17T09:50:47.972+0800][7.850s][info][gc,phases,start] GC(169) Phase 2: Compute new object addresses
[2026-06-17T09:50:47.973+0800][7.851s][info][gc,phases      ] GC(169) Phase 2: Compute new object addresses 1.354ms
[2026-06-17T09:50:47.975+0800][7.853s][info][gc,phases,start] GC(169) Phase 3: Adjust pointers
[2026-06-17T09:50:47.977+0800][7.855s][info][gc,phases      ] GC(169) Phase 3: Adjust pointers 1.262ms
[2026-06-17T09:50:47.977+0800][7.855s][info][gc,phases,start] GC(169) Phase 4: Move objects
[2026-06-17T09:50:48.004+0800][7.883s][info][gc,phases      ] GC(169) Phase 4: Move objects 27.337ms
[2026-06-17T09:50:48.015+0800][7.893s][info][gc             ] GC(169) Pause Full (Allocation Failure) 56M->30M(61M) 102.034ms
[2026-06-17T09:50:48.016+0800][7.894s][info][gc,heap        ] GC(168) DefNew: 19641K->0K(19648K)
[2026-06-17T09:50:48.038+0800][7.916s][info][gc,heap        ] GC(168) Tenured: 38514K->31620K(43712K)
[2026-06-17T09:50:48.045+0800][7.923s][info][gc,metaspace   ] GC(168) Metaspace: 3157K(4864K)->3157K(4864K) NonClass: 2851K(4352K)->2851K(4352K) Class: 305K(512K)->305K(512K)
[2026-06-17T09:50:48.045+0800][7.924s][info][gc             ] GC(168) Pause Young (Allocation Failure) 56M->30M(61M) 132.905ms
[2026-06-17T09:50:48.047+0800][7.926s][info][gc,cpu         ] GC(168) User=0.00s Sys=0.00s Real=0.13s
[2026-06-17T09:50:48.096+0800][7.974s][info][gc,start       ] GC(170) Pause Young (Allocation Failure)
[2026-06-17T09:50:48.097+0800][7.975s][info][gc,heap        ] GC(170) DefNew: 17445K->2174K(19648K)
[2026-06-17T09:50:48.097+0800][7.975s][info][gc,heap        ] GC(170) Tenured: 31620K->35703K(43712K)
[2026-06-17T09:50:48.098+0800][7.976s][info][gc,metaspace   ] GC(170) Metaspace: 3157K(4864K)->3157K(4864K) NonClass: 2851K(4352K)->2851K(4352K) Class: 305K(512K)->305K(512K)
[2026-06-17T09:50:48.098+0800][7.976s][info][gc             ] GC(170) Pause Young (Allocation Failure) 47M->36M(61M) 2.329ms
[2026-06-17T09:50:48.108+0800][7.986s][info][gc,cpu         ] GC(170) User=0.00s Sys=0.00s Real=0.01s
[2026-06-17T09:50:48.151+0800][8.029s][info][gc,start       ] GC(171) Pause Young (Allocation Failure)
[2026-06-17T09:50:48.154+0800][8.032s][info][gc,heap        ] GC(171) DefNew: 19628K->2140K(19648K)
[2026-06-17T09:50:48.155+0800][8.033s][info][gc,heap        ] GC(171) Tenured: 35703K->40536K(43712K)
[2026-06-17T09:50:48.155+0800][8.033s][info][gc,metaspace   ] GC(171) Metaspace: 3157K(4864K)->3157K(4864K) NonClass: 2851K(4352K)->2851K(4352K) Class: 305K(512K)->305K(512K)
[2026-06-17T09:50:48.156+0800][8.034s][info][gc             ] GC(171) Pause Young (Allocation Failure) 54M->41M(61M) 4.781ms
[2026-06-17T09:50:48.157+0800][8.035s][info][gc,cpu         ] GC(171) User=0.00s Sys=0.00s Real=0.00s
[2026-06-17T09:50:48.202+0800][8.080s][info][gc,start       ] GC(172) Pause Young (Allocation Failure)
[2026-06-17T09:50:48.203+0800][8.081s][info][gc,start       ] GC(173) Pause Full (Allocation Failure)
[2026-06-17T09:50:48.204+0800][8.082s][info][gc,phases,start] GC(173) Phase 1: Mark live objects
[2026-06-17T09:50:48.206+0800][8.084s][info][gc,phases      ] GC(173) Phase 1: Mark live objects 2.018ms
[2026-06-17T09:50:48.206+0800][8.084s][info][gc,phases,start] GC(173) Phase 2: Compute new object addresses
[2026-06-17T09:50:48.207+0800][8.085s][info][gc,phases      ] GC(173) Phase 2: Compute new object addresses 0.909ms
[2026-06-17T09:50:48.208+0800][8.086s][info][gc,phases,start] GC(173) Phase 3: Adjust pointers
[2026-06-17T09:50:48.209+0800][8.087s][info][gc,phases      ] GC(173) Phase 3: Adjust pointers 0.956ms
[2026-06-17T09:50:48.209+0800][8.087s][info][gc,phases,start] GC(173) Phase 4: Move objects
[2026-06-17T09:50:48.212+0800][8.090s][info][gc,phases      ] GC(173) Phase 4: Move objects 3.358ms
[2026-06-17T09:50:48.215+0800][8.093s][info][gc             ] GC(173) Pause Full (Allocation Failure) 58M->28M(61M) 12.476ms
[2026-06-17T09:50:48.218+0800][8.096s][info][gc,heap        ] GC(172) DefNew: 19582K->0K(19648K)
[2026-06-17T09:50:48.218+0800][8.096s][info][gc,heap        ] GC(172) Tenured: 40536K->28838K(43712K)
[2026-06-17T09:50:48.220+0800][8.099s][info][gc,metaspace   ] GC(172) Metaspace: 3157K(4864K)->3157K(4864K) NonClass: 2851K(4352K)->2851K(4352K) Class: 305K(512K)->305K(512K)
[2026-06-17T09:50:48.221+0800][8.099s][info][gc             ] GC(172) Pause Young (Allocation Failure) 58M->28M(61M) 18.926ms
[2026-06-17T09:50:48.222+0800][8.100s][info][gc,cpu         ] GC(172) User=0.01s Sys=0.00s Real=0.02s
[2026-06-17T09:50:48.265+0800][8.143s][info][gc,start       ] GC(174) Pause Young (Allocation Failure)
[2026-06-17T09:50:48.266+0800][8.144s][info][gc,heap        ] GC(174) DefNew: 17220K->2116K(19648K)
[2026-06-17T09:50:48.266+0800][8.144s][info][gc,heap        ] GC(174) Tenured: 28838K->30116K(43712K)
[2026-06-17T09:50:48.267+0800][8.145s][info][gc,metaspace   ] GC(174) Metaspace: 3157K(4864K)->3157K(4864K) NonClass: 2851K(4352K)->2851K(4352K) Class: 305K(512K)->305K(512K)
[2026-06-17T09:50:48.267+0800][8.145s][info][gc             ] GC(174) Pause Young (Allocation Failure) 44M->31M(61M) 2.204ms
[2026-06-17T09:50:48.267+0800][8.145s][info][gc,cpu         ] GC(174) User=0.00s Sys=0.00s Real=0.00s
[2026-06-17T09:50:48.311+0800][8.189s][info][gc,start       ] GC(175) Pause Young (Allocation Failure)
[2026-06-17T09:50:48.314+0800][8.192s][info][gc,heap        ] GC(175) DefNew: 19565K->2173K(19648K)
[2026-06-17T09:50:48.314+0800][8.192s][info][gc,heap        ] GC(175) Tenured: 30116K->37088K(43712K)
[2026-06-17T09:50:48.315+0800][8.193s][info][gc,metaspace   ] GC(175) Metaspace: 3157K(4864K)->3157K(4864K) NonClass: 2851K(4352K)->2851K(4352K) Class: 305K(512K)->305K(512K)
[2026-06-17T09:50:48.315+0800][8.194s][info][gc             ] GC(175) Pause Young (Allocation Failure) 48M->38M(61M) 4.473ms
[2026-06-17T09:50:48.316+0800][8.194s][info][gc,cpu         ] GC(175) User=0.00s Sys=0.00s Real=0.00s
[2026-06-17T09:50:48.370+0800][8.248s][info][gc,start       ] GC(176) Pause Young (Allocation Failure)
[2026-06-17T09:50:48.371+0800][8.249s][info][gc,start       ] GC(177) Pause Full (Allocation Failure)
[2026-06-17T09:50:48.371+0800][8.249s][info][gc,phases,start] GC(177) Phase 1: Mark live objects
[2026-06-17T09:50:48.372+0800][8.251s][info][gc,phases      ] GC(177) Phase 1: Mark live objects 1.278ms
[2026-06-17T09:50:48.373+0800][8.251s][info][gc,phases,start] GC(177) Phase 2: Compute new object addresses
[2026-06-17T09:50:48.374+0800][8.252s][info][gc,phases      ] GC(177) Phase 2: Compute new object addresses 0.777ms
[2026-06-17T09:50:48.374+0800][8.252s][info][gc,phases,start] GC(177) Phase 3: Adjust pointers
[2026-06-17T09:50:48.375+0800][8.253s][info][gc,phases      ] GC(177) Phase 3: Adjust pointers 0.775ms
[2026-06-17T09:50:48.376+0800][8.254s][info][gc,phases,start] GC(177) Phase 4: Move objects
[2026-06-17T09:50:48.378+0800][8.256s][info][gc,phases      ] GC(177) Phase 4: Move objects 2.235ms
[2026-06-17T09:50:48.378+0800][8.256s][info][gc             ] GC(177) Pause Full (Allocation Failure) 55M->19M(61M) 7.588ms
[2026-06-17T09:50:48.378+0800][8.257s][info][gc,heap        ] GC(176) DefNew: 19645K->0K(19648K)
[2026-06-17T09:50:48.379+0800][8.257s][info][gc,heap        ] GC(176) Tenured: 37088K->19688K(43712K)
[2026-06-17T09:50:48.379+0800][8.257s][info][gc,metaspace   ] GC(176) Metaspace: 3157K(4864K)->3157K(4864K) NonClass: 2851K(4352K)->2851K(4352K) Class: 305K(512K)->305K(512K)
[2026-06-17T09:50:48.379+0800][8.257s][info][gc             ] GC(176) Pause Young (Allocation Failure) 55M->19M(61M) 9.015ms
[2026-06-17T09:50:48.379+0800][8.257s][info][gc,cpu         ] GC(176) User=0.00s Sys=0.00s Real=0.01s
[2026-06-17T09:50:48.423+0800][8.301s][info][gc,start       ] GC(178) Pause Young (Allocation Failure)
[2026-06-17T09:50:48.425+0800][8.303s][info][gc,heap        ] GC(178) DefNew: 17472K->2175K(19648K)
[2026-06-17T09:50:48.426+0800][8.304s][info][gc,heap        ] GC(178) Tenured: 19688K->24572K(43712K)
[2026-06-17T09:50:48.427+0800][8.305s][info][gc,metaspace   ] GC(178) Metaspace: 3157K(4864K)->3157K(4864K) NonClass: 2851K(4352K)->2851K(4352K) Class: 305K(512K)->305K(512K)
[2026-06-17T09:50:48.428+0800][8.306s][info][gc             ] GC(178) Pause Young (Allocation Failure) 36M->26M(61M) 5.198ms
[2026-06-17T09:50:48.428+0800][8.307s][info][gc,cpu         ] GC(178) User=0.00s Sys=0.00s Real=0.00s
[2026-06-17T09:50:48.474+0800][8.352s][info][gc,start       ] GC(179) Pause Young (Allocation Failure)
[2026-06-17T09:50:48.477+0800][8.355s][info][gc,heap        ] GC(179) DefNew: 19604K->2171K(19648K)
[2026-06-17T09:50:48.478+0800][8.356s][info][gc,heap        ] GC(179) Tenured: 24572K->28946K(43712K)
[2026-06-17T09:50:48.478+0800][8.356s][info][gc,metaspace   ] GC(179) Metaspace: 3157K(4864K)->3157K(4864K) NonClass: 2851K(4352K)->2851K(4352K) Class: 305K(512K)->305K(512K)
[2026-06-17T09:50:48.479+0800][8.357s][info][gc             ] GC(179) Pause Young (Allocation Failure) 43M->30M(61M) 5.035ms
[2026-06-17T09:50:48.479+0800][8.357s][info][gc,cpu         ] GC(179) User=0.00s Sys=0.00s Real=0.00s
[2026-06-17T09:50:48.523+0800][8.402s][info][gc,start       ] GC(180) Pause Young (Allocation Failure)
[2026-06-17T09:50:48.526+0800][8.404s][info][gc,heap        ] GC(180) DefNew: 19643K->2174K(19648K)
[2026-06-17T09:50:48.527+0800][8.405s][info][gc,heap        ] GC(180) Tenured: 28946K->32398K(43712K)
[2026-06-17T09:50:48.527+0800][8.405s][info][gc,metaspace   ] GC(180) Metaspace: 3157K(4864K)->3157K(4864K) NonClass: 2851K(4352K)->2851K(4352K) Class: 305K(512K)->305K(512K)
[2026-06-17T09:50:48.528+0800][8.406s][info][gc             ] GC(180) Pause Young (Allocation Failure) 47M->33M(61M) 4.366ms
[2026-06-17T09:50:48.529+0800][8.407s][info][gc,cpu         ] GC(180) User=0.00s Sys=0.00s Real=0.00s
[2026-06-17T09:50:48.574+0800][8.452s][info][gc,start       ] GC(181) Pause Young (Allocation Failure)
[2026-06-17T09:50:48.575+0800][8.453s][info][gc,heap        ] GC(181) DefNew: 19640K->2155K(19648K)
[2026-06-17T09:50:48.576+0800][8.454s][info][gc,heap        ] GC(181) Tenured: 32398K->38224K(43712K)
[2026-06-17T09:50:48.576+0800][8.455s][info][gc,metaspace   ] GC(181) Metaspace: 3157K(4864K)->3157K(4864K) NonClass: 2851K(4352K)->2851K(4352K) Class: 305K(512K)->305K(512K)
[2026-06-17T09:50:48.577+0800][8.455s][info][gc             ] GC(181) Pause Young (Allocation Failure) 50M->39M(61M) 3.187ms
[2026-06-17T09:50:48.577+0800][8.455s][info][gc,cpu         ] GC(181) User=0.00s Sys=0.00s Real=0.00s
[2026-06-17T09:50:48.632+0800][8.510s][info][gc,start       ] GC(182) Pause Young (Allocation Failure)
[2026-06-17T09:50:48.633+0800][8.511s][info][gc,start       ] GC(183) Pause Full (Allocation Failure)
[2026-06-17T09:50:48.633+0800][8.511s][info][gc,phases,start] GC(183) Phase 1: Mark live objects
[2026-06-17T09:50:48.635+0800][8.513s][info][gc,phases      ] GC(183) Phase 1: Mark live objects 1.753ms
[2026-06-17T09:50:48.636+0800][8.514s][info][gc,phases,start] GC(183) Phase 2: Compute new object addresses
[2026-06-17T09:50:48.637+0800][8.515s][info][gc,phases      ] GC(183) Phase 2: Compute new object addresses 0.969ms
[2026-06-17T09:50:48.637+0800][8.515s][info][gc,phases,start] GC(183) Phase 3: Adjust pointers
[2026-06-17T09:50:48.638+0800][8.516s][info][gc,phases      ] GC(183) Phase 3: Adjust pointers 1.044ms
[2026-06-17T09:50:48.639+0800][8.517s][info][gc,phases,start] GC(183) Phase 4: Move objects
[2026-06-17T09:50:48.645+0800][8.523s][info][gc,phases      ] GC(183) Phase 4: Move objects 6.706ms
[2026-06-17T09:50:48.646+0800][8.524s][info][gc             ] GC(183) Pause Full (Allocation Failure) 56M->23M(61M) 13.433ms
[2026-06-17T09:50:48.647+0800][8.525s][info][gc,heap        ] GC(182) DefNew: 19621K->0K(19648K)
[2026-06-17T09:50:48.647+0800][8.526s][info][gc,heap        ] GC(182) Tenured: 38224K->24484K(43712K)
[2026-06-17T09:50:48.648+0800][8.526s][info][gc,metaspace   ] GC(182) Metaspace: 3157K(4864K)->3157K(4864K) NonClass: 2851K(4352K)->2851K(4352K) Class: 305K(512K)->305K(512K)
[2026-06-17T09:50:48.648+0800][8.526s][info][gc             ] GC(182) Pause Young (Allocation Failure) 56M->23M(61M) 16.419ms
[2026-06-17T09:50:48.649+0800][8.527s][info][gc,cpu         ] GC(182) User=0.01s Sys=0.00s Real=0.01s
[2026-06-17T09:50:48.692+0800][8.570s][info][gc,start       ] GC(184) Pause Young (Allocation Failure)
[2026-06-17T09:50:48.694+0800][8.572s][info][gc,heap        ] GC(184) DefNew: 17472K->2172K(19648K)
[2026-06-17T09:50:48.695+0800][8.573s][info][gc,heap        ] GC(184) Tenured: 24484K->29173K(43712K)
[2026-06-17T09:50:48.696+0800][8.574s][info][gc,metaspace   ] GC(184) Metaspace: 3157K(4864K)->3157K(4864K) NonClass: 2851K(4352K)->2851K(4352K) Class: 305K(512K)->305K(512K)
[2026-06-17T09:50:48.698+0800][8.576s][info][gc             ] GC(184) Pause Young (Allocation Failure) 40M->30M(61M) 5.336ms
[2026-06-17T09:50:48.700+0800][8.578s][info][gc,cpu         ] GC(184) User=0.00s Sys=0.00s Real=0.00s
[2026-06-17T09:50:48.744+0800][8.622s][info][gc,start       ] GC(185) Pause Young (Allocation Failure)
[2026-06-17T09:50:48.747+0800][8.625s][info][gc,heap        ] GC(185) DefNew: 19638K->2174K(19648K)
[2026-06-17T09:50:48.748+0800][8.626s][info][gc,heap        ] GC(185) Tenured: 29173K->33361K(43712K)
[2026-06-17T09:50:48.748+0800][8.626s][info][gc,metaspace   ] GC(185) Metaspace: 3157K(4864K)->3157K(4864K) NonClass: 2851K(4352K)->2851K(4352K) Class: 305K(512K)->305K(512K)
[2026-06-17T09:50:48.749+0800][8.627s][info][gc             ] GC(185) Pause Young (Allocation Failure) 47M->34M(61M) 4.771ms
[2026-06-17T09:50:48.750+0800][8.628s][info][gc,cpu         ] GC(185) User=0.01s Sys=0.00s Real=0.00s
[2026-06-17T09:50:48.794+0800][8.672s][info][gc,start       ] GC(186) Pause Young (Allocation Failure)
[2026-06-17T09:50:48.795+0800][8.673s][info][gc,heap        ] GC(186) DefNew: 19646K->2175K(19648K)
[2026-06-17T09:50:48.795+0800][8.674s][info][gc,heap        ] GC(186) Tenured: 33361K->37556K(43712K)
[2026-06-17T09:50:48.796+0800][8.674s][info][gc,metaspace   ] GC(186) Metaspace: 3157K(4864K)->3157K(4864K) NonClass: 2851K(4352K)->2851K(4352K) Class: 305K(512K)->305K(512K)
[2026-06-17T09:50:48.796+0800][8.674s][info][gc             ] GC(186) Pause Young (Allocation Failure) 51M->38M(61M) 2.616ms
[2026-06-17T09:50:48.797+0800][8.675s][info][gc,cpu         ] GC(186) User=0.00s Sys=0.00s Real=0.00s
[2026-06-17T09:50:48.842+0800][8.720s][info][gc,start       ] GC(187) Pause Young (Allocation Failure)
[2026-06-17T09:50:48.843+0800][8.721s][info][gc,start       ] GC(188) Pause Full (Allocation Failure)
[2026-06-17T09:50:48.843+0800][8.721s][info][gc,phases,start] GC(188) Phase 1: Mark live objects
[2026-06-17T09:50:48.846+0800][8.724s][info][gc,phases      ] GC(188) Phase 1: Mark live objects 2.863ms
[2026-06-17T09:50:48.847+0800][8.725s][info][gc,phases,start] GC(188) Phase 2: Compute new object addresses
[2026-06-17T09:50:48.848+0800][8.726s][info][gc,phases      ] GC(188) Phase 2: Compute new object addresses 0.829ms
[2026-06-17T09:50:48.848+0800][8.726s][info][gc,phases,start] GC(188) Phase 3: Adjust pointers
[2026-06-17T09:50:48.849+0800][8.728s][info][gc,phases      ] GC(188) Phase 3: Adjust pointers 1.228ms
[2026-06-17T09:50:48.850+0800][8.728s][info][gc,phases,start] GC(188) Phase 4: Move objects
[2026-06-17T09:50:48.855+0800][8.733s][info][gc,phases      ] GC(188) Phase 4: Move objects 4.179ms
[2026-06-17T09:50:48.855+0800][8.733s][info][gc             ] GC(188) Pause Full (Allocation Failure) 55M->29M(61M) 12.347ms
[2026-06-17T09:50:48.855+0800][8.734s][info][gc,heap        ] GC(187) DefNew: 19647K->0K(19648K)
[2026-06-17T09:50:48.856+0800][8.734s][info][gc,heap        ] GC(187) Tenured: 37556K->29699K(43712K)
[2026-06-17T09:50:48.857+0800][8.735s][info][gc,metaspace   ] GC(187) Metaspace: 3157K(4864K)->3157K(4864K) NonClass: 2851K(4352K)->2851K(4352K) Class: 305K(512K)->305K(512K)
[2026-06-17T09:50:48.857+0800][8.735s][info][gc             ] GC(187) Pause Young (Allocation Failure) 55M->29M(61M) 15.600ms
[2026-06-17T09:50:48.858+0800][8.736s][info][gc,cpu         ] GC(187) User=0.01s Sys=0.00s Real=0.02s
[2026-06-17T09:50:48.911+0800][8.789s][info][gc,start       ] GC(189) Pause Young (Allocation Failure)
[2026-06-17T09:50:48.914+0800][8.792s][info][gc,heap        ] GC(189) DefNew: 17432K->2065K(19648K)
[2026-06-17T09:50:48.915+0800][8.793s][info][gc,heap        ] GC(189) Tenured: 29699K->31022K(43712K)
[2026-06-17T09:50:48.916+0800][8.794s][info][gc,metaspace   ] GC(189) Metaspace: 3157K(4864K)->3157K(4864K) NonClass: 2851K(4352K)->2851K(4352K) Class: 305K(512K)->305K(512K)
[2026-06-17T09:50:48.918+0800][8.796s][info][gc             ] GC(189) Pause Young (Allocation Failure) 46M->32M(61M) 7.062ms
[2026-06-17T09:50:48.921+0800][8.799s][info][gc,cpu         ] GC(189) User=0.00s Sys=0.00s Real=0.00s
[2026-06-17T09:50:48.955+0800][8.833s][info][gc,start       ] GC(190) Pause Young (Allocation Failure)
[2026-06-17T09:50:48.958+0800][8.836s][info][gc,heap        ] GC(190) DefNew: 19429K->2156K(19648K)
[2026-06-17T09:50:48.958+0800][8.836s][info][gc,heap        ] GC(190) Tenured: 31022K->34498K(43712K)
[2026-06-17T09:50:48.959+0800][8.837s][info][gc,metaspace   ] GC(190) Metaspace: 3157K(4864K)->3157K(4864K) NonClass: 2851K(4352K)->2851K(4352K) Class: 305K(512K)->305K(512K)
[2026-06-17T09:50:48.959+0800][8.838s][info][gc             ] GC(190) Pause Young (Allocation Failure) 49M->35M(61M) 4.284ms
[2026-06-17T09:50:48.960+0800][8.838s][info][gc,cpu         ] GC(190) User=0.00s Sys=0.00s Real=0.00s
[2026-06-17T09:50:49.016+0800][8.894s][info][gc,start       ] GC(191) Pause Young (Allocation Failure)
[2026-06-17T09:50:49.019+0800][8.897s][info][gc,heap        ] GC(191) DefNew: 19628K->2156K(19648K)
[2026-06-17T09:50:49.019+0800][8.898s][info][gc,heap        ] GC(191) Tenured: 34498K->38418K(43712K)
[2026-06-17T09:50:49.020+0800][8.898s][info][gc,metaspace   ] GC(191) Metaspace: 3157K(4864K)->3157K(4864K) NonClass: 2851K(4352K)->2851K(4352K) Class: 305K(512K)->305K(512K)
[2026-06-17T09:50:49.021+0800][8.899s][info][gc             ] GC(191) Pause Young (Allocation Failure) 52M->39M(61M) 5.331ms
[2026-06-17T09:50:49.022+0800][8.900s][info][gc,cpu         ] GC(191) User=0.00s Sys=0.00s Real=0.00s
[2026-06-17T09:50:49.067+0800][8.945s][info][gc,start       ] GC(192) Pause Young (Allocation Failure)
[2026-06-17T09:50:49.067+0800][8.945s][info][gc,start       ] GC(193) Pause Full (Allocation Failure)
[2026-06-17T09:50:49.067+0800][8.945s][info][gc,phases,start] GC(193) Phase 1: Mark live objects
[2026-06-17T09:50:49.068+0800][8.946s][info][gc,phases      ] GC(193) Phase 1: Mark live objects 0.675ms
[2026-06-17T09:50:49.068+0800][8.946s][info][gc,phases,start] GC(193) Phase 2: Compute new object addresses
[2026-06-17T09:50:49.070+0800][8.948s][info][gc,phases      ] GC(193) Phase 2: Compute new object addresses 2.043ms
[2026-06-17T09:50:49.073+0800][8.951s][info][gc,phases,start] GC(193) Phase 3: Adjust pointers
[2026-06-17T09:50:49.074+0800][8.952s][info][gc,phases      ] GC(193) Phase 3: Adjust pointers 0.841ms
[2026-06-17T09:50:49.074+0800][8.952s][info][gc,phases,start] GC(193) Phase 4: Move objects
[2026-06-17T09:50:49.077+0800][8.956s][info][gc,phases      ] GC(193) Phase 4: Move objects 3.252ms
[2026-06-17T09:50:49.078+0800][8.956s][info][gc             ] GC(193) Pause Full (Allocation Failure) 56M->30M(61M) 11.363ms
[2026-06-17T09:50:49.079+0800][8.957s][info][gc,heap        ] GC(192) DefNew: 19614K->0K(19648K)
[2026-06-17T09:50:49.079+0800][8.957s][info][gc,heap        ] GC(192) Tenured: 38418K->31375K(43712K)
[2026-06-17T09:50:49.080+0800][8.958s][info][gc,metaspace   ] GC(192) Metaspace: 3157K(4864K)->3157K(4864K) NonClass: 2851K(4352K)->2851K(4352K) Class: 305K(512K)->305K(512K)
[2026-06-17T09:50:49.080+0800][8.958s][info][gc             ] GC(192) Pause Young (Allocation Failure) 56M->30M(61M) 13.272ms
[2026-06-17T09:50:49.080+0800][8.958s][info][gc,cpu         ] GC(192) User=0.00s Sys=0.00s Real=0.01s
[2026-06-17T09:50:49.124+0800][9.002s][info][gc,start       ] GC(194) Pause Young (Allocation Failure)
[2026-06-17T09:50:49.126+0800][9.004s][info][gc,heap        ] GC(194) DefNew: 17443K->2174K(19648K)
[2026-06-17T09:50:49.126+0800][9.004s][info][gc,heap        ] GC(194) Tenured: 31375K->36664K(43712K)
[2026-06-17T09:50:49.127+0800][9.005s][info][gc,metaspace   ] GC(194) Metaspace: 3157K(4864K)->3157K(4864K) NonClass: 2851K(4352K)->2851K(4352K) Class: 305K(512K)->305K(512K)
[2026-06-17T09:50:49.128+0800][9.006s][info][gc             ] GC(194) Pause Young (Allocation Failure) 47M->37M(61M) 4.180ms
[2026-06-17T09:50:49.129+0800][9.007s][info][gc,cpu         ] GC(194) User=0.00s Sys=0.00s Real=0.00s
[2026-06-17T09:50:49.182+0800][9.060s][info][gc,start       ] GC(195) Pause Young (Allocation Failure)
[2026-06-17T09:50:49.183+0800][9.061s][info][gc,start       ] GC(196) Pause Full (Allocation Failure)
[2026-06-17T09:50:49.183+0800][9.062s][info][gc,phases,start] GC(196) Phase 1: Mark live objects
[2026-06-17T09:50:49.185+0800][9.063s][info][gc,phases      ] GC(196) Phase 1: Mark live objects 1.355ms
[2026-06-17T09:50:49.186+0800][9.064s][info][gc,phases,start] GC(196) Phase 2: Compute new object addresses
[2026-06-17T09:50:49.186+0800][9.064s][info][gc,phases      ] GC(196) Phase 2: Compute new object addresses 0.802ms
[2026-06-17T09:50:49.187+0800][9.065s][info][gc,phases,start] GC(196) Phase 3: Adjust pointers
[2026-06-17T09:50:49.188+0800][9.066s][info][gc,phases      ] GC(196) Phase 3: Adjust pointers 1.217ms
[2026-06-17T09:50:49.189+0800][9.067s][info][gc,phases,start] GC(196) Phase 4: Move objects
[2026-06-17T09:50:49.191+0800][9.069s][info][gc,phases      ] GC(196) Phase 4: Move objects 2.122ms
[2026-06-17T09:50:49.191+0800][9.070s][info][gc             ] GC(196) Pause Full (Allocation Failure) 54M->26M(61M) 8.914ms
[2026-06-17T09:50:49.192+0800][9.070s][info][gc,heap        ] GC(195) DefNew: 19605K->0K(19648K)
[2026-06-17T09:50:49.193+0800][9.071s][info][gc,heap        ] GC(195) Tenured: 36664K->27364K(43712K)
[2026-06-17T09:50:49.193+0800][9.071s][info][gc,metaspace   ] GC(195) Metaspace: 3157K(4864K)->3157K(4864K) NonClass: 2851K(4352K)->2851K(4352K) Class: 305K(512K)->305K(512K)
[2026-06-17T09:50:49.194+0800][9.072s][info][gc             ] GC(195) Pause Young (Allocation Failure) 54M->26M(61M) 12.211ms
[2026-06-17T09:50:49.194+0800][9.072s][info][gc,cpu         ] GC(195) User=0.00s Sys=0.00s Real=0.02s
[2026-06-17T09:50:49.237+0800][9.115s][info][gc,start       ] GC(197) Pause Young (Allocation Failure)
[2026-06-17T09:50:49.239+0800][9.117s][info][gc,heap        ] GC(197) DefNew: 17472K->2173K(19648K)
[2026-06-17T09:50:49.239+0800][9.117s][info][gc,heap        ] GC(197) Tenured: 27364K->32354K(43712K)
[2026-06-17T09:50:49.240+0800][9.118s][info][gc,metaspace   ] GC(197) Metaspace: 3157K(4864K)->3157K(4864K) NonClass: 2851K(4352K)->2851K(4352K) Class: 305K(512K)->305K(512K)
[2026-06-17T09:50:49.240+0800][9.118s][info][gc             ] GC(197) Pause Young (Allocation Failure) 43M->33M(61M) 2.404ms
[2026-06-17T09:50:49.240+0800][9.118s][info][gc,cpu         ] GC(197) User=0.00s Sys=0.00s Real=0.00s
[2026-06-17T09:50:49.283+0800][9.161s][info][gc,start       ] GC(198) Pause Young (Allocation Failure)
[2026-06-17T09:50:49.285+0800][9.163s][info][gc,heap        ] GC(198) DefNew: 19620K->2004K(19648K)
[2026-06-17T09:50:49.286+0800][9.164s][info][gc,heap        ] GC(198) Tenured: 32354K->36050K(43712K)
[2026-06-17T09:50:49.287+0800][9.165s][info][gc,metaspace   ] GC(198) Metaspace: 3157K(4864K)->3157K(4864K) NonClass: 2851K(4352K)->2851K(4352K) Class: 305K(512K)->305K(512K)
[2026-06-17T09:50:49.287+0800][9.165s][info][gc             ] GC(198) Pause Young (Allocation Failure) 50M->37M(61M) 4.251ms
[2026-06-17T09:50:49.288+0800][9.166s][info][gc,cpu         ] GC(198) User=0.01s Sys=0.00s Real=0.00s
[2026-06-17T09:50:49.331+0800][9.209s][info][gc,start       ] GC(199) Pause Young (Allocation Failure)
[2026-06-17T09:50:49.332+0800][9.210s][info][gc,heap        ] GC(199) DefNew: 19440K->2175K(19648K)
[2026-06-17T09:50:49.333+0800][9.211s][info][gc,heap        ] GC(199) Tenured: 36050K->39883K(43712K)
[2026-06-17T09:50:49.333+0800][9.211s][info][gc,metaspace   ] GC(199) Metaspace: 3157K(4864K)->3157K(4864K) NonClass: 2851K(4352K)->2851K(4352K) Class: 305K(512K)->305K(512K)
[2026-06-17T09:50:49.333+0800][9.211s][info][gc             ] GC(199) Pause Young (Allocation Failure) 54M->41M(61M) 1.712ms
[2026-06-17T09:50:49.333+0800][9.211s][info][gc,cpu         ] GC(199) User=0.00s Sys=0.00s Real=0.00s
[2026-06-17T09:50:49.375+0800][9.253s][info][gc,start       ] GC(200) Pause Young (Allocation Failure)
[2026-06-17T09:50:49.376+0800][9.254s][info][gc,start       ] GC(201) Pause Full (Allocation Failure)
[2026-06-17T09:50:49.376+0800][9.254s][info][gc,phases,start] GC(201) Phase 1: Mark live objects
[2026-06-17T09:50:49.377+0800][9.255s][info][gc,phases      ] GC(201) Phase 1: Mark live objects 1.070ms
[2026-06-17T09:50:49.378+0800][9.256s][info][gc,phases,start] GC(201) Phase 2: Compute new object addresses
[2026-06-17T09:50:49.378+0800][9.256s][info][gc,phases      ] GC(201) Phase 2: Compute new object addresses 0.607ms
[2026-06-17T09:50:49.379+0800][9.257s][info][gc,phases,start] GC(201) Phase 3: Adjust pointers
[2026-06-17T09:50:49.379+0800][9.258s][info][gc,phases      ] GC(201) Phase 3: Adjust pointers 0.685ms
[2026-06-17T09:50:49.380+0800][9.258s][info][gc,phases,start] GC(201) Phase 4: Move objects
[2026-06-17T09:50:49.382+0800][9.260s][info][gc,phases      ] GC(201) Phase 4: Move objects 2.436ms
[2026-06-17T09:50:49.383+0800][9.261s][info][gc             ] GC(201) Pause Full (Allocation Failure) 58M->25M(61M) 7.057ms
[2026-06-17T09:50:49.383+0800][9.261s][info][gc,heap        ] GC(200) DefNew: 19642K->0K(19648K)
[2026-06-17T09:50:49.384+0800][9.262s][info][gc,heap        ] GC(200) Tenured: 39883K->26015K(43712K)
[2026-06-17T09:50:49.384+0800][9.262s][info][gc,metaspace   ] GC(200) Metaspace: 3157K(4864K)->3157K(4864K) NonClass: 2851K(4352K)->2851K(4352K) Class: 305K(512K)->305K(512K)
[2026-06-17T09:50:49.384+0800][9.262s][info][gc             ] GC(200) Pause Young (Allocation Failure) 58M->25M(61M) 9.075ms
[2026-06-17T09:50:49.385+0800][9.263s][info][gc,cpu         ] GC(200) User=0.00s Sys=0.00s Real=0.01s
[2026-06-17T09:50:49.437+0800][9.316s][info][gc,start       ] GC(202) Pause Young (Allocation Failure)
[2026-06-17T09:50:49.439+0800][9.317s][info][gc,heap        ] GC(202) DefNew: 17432K->2139K(19648K)
[2026-06-17T09:50:49.440+0800][9.318s][info][gc,heap        ] GC(202) Tenured: 26015K->27771K(43712K)
[2026-06-17T09:50:49.440+0800][9.319s][info][gc,metaspace   ] GC(202) Metaspace: 3157K(4864K)->3157K(4864K) NonClass: 2851K(4352K)->2851K(4352K) Class: 305K(512K)->305K(512K)
[2026-06-17T09:50:49.441+0800][9.319s][info][gc             ] GC(202) Pause Young (Allocation Failure) 42M->29M(61M) 3.942ms
[2026-06-17T09:50:49.442+0800][9.320s][info][gc,cpu         ] GC(202) User=0.00s Sys=0.00s Real=0.00s
[2026-06-17T09:50:49.474+0800][9.352s][info][gc,start       ] GC(203) Pause Young (Allocation Failure)
[2026-06-17T09:50:49.475+0800][9.353s][info][gc,heap        ] GC(203) DefNew: 19516K->2128K(19648K)
[2026-06-17T09:50:49.475+0800][9.353s][info][gc,heap        ] GC(203) Tenured: 27771K->31344K(43712K)
[2026-06-17T09:50:49.475+0800][9.353s][info][gc,metaspace   ] GC(203) Metaspace: 3157K(4864K)->3157K(4864K) NonClass: 2851K(4352K)->2851K(4352K) Class: 305K(512K)->305K(512K)
[2026-06-17T09:50:49.475+0800][9.353s][info][gc             ] GC(203) Pause Young (Allocation Failure) 46M->32M(61M) 1.436ms
[2026-06-17T09:50:49.475+0800][9.354s][info][gc,cpu         ] GC(203) User=0.00s Sys=0.00s Real=0.00s
[2026-06-17T09:50:49.528+0800][9.406s][info][gc,start       ] GC(204) Pause Young (Allocation Failure)
[2026-06-17T09:50:49.530+0800][9.408s][info][gc,heap        ] GC(204) DefNew: 19600K->2096K(19648K)
[2026-06-17T09:50:49.530+0800][9.408s][info][gc,heap        ] GC(204) Tenured: 31344K->34880K(43712K)
[2026-06-17T09:50:49.531+0800][9.409s][info][gc,metaspace   ] GC(204) Metaspace: 3157K(4864K)->3157K(4864K) NonClass: 2851K(4352K)->2851K(4352K) Class: 305K(512K)->305K(512K)
[2026-06-17T09:50:49.531+0800][9.409s][info][gc             ] GC(204) Pause Young (Allocation Failure) 49M->36M(61M) 2.651ms
[2026-06-17T09:50:49.531+0800][9.409s][info][gc,cpu         ] GC(204) User=0.00s Sys=0.00s Real=0.01s
[2026-06-17T09:50:49.575+0800][9.453s][info][gc,start       ] GC(205) Pause Young (Allocation Failure)
[2026-06-17T09:50:49.576+0800][9.454s][info][gc,heap        ] GC(205) DefNew: 19563K->2172K(19648K)
[2026-06-17T09:50:49.577+0800][9.455s][info][gc,heap        ] GC(205) Tenured: 34880K->38383K(43712K)
[2026-06-17T09:50:49.577+0800][9.455s][info][gc,metaspace   ] GC(205) Metaspace: 3157K(4864K)->3157K(4864K) NonClass: 2851K(4352K)->2851K(4352K) Class: 305K(512K)->305K(512K)
[2026-06-17T09:50:49.578+0800][9.456s][info][gc             ] GC(205) Pause Young (Allocation Failure) 53M->39M(61M) 3.303ms
[2026-06-17T09:50:49.579+0800][9.457s][info][gc,cpu         ] GC(205) User=0.01s Sys=0.00s Real=0.00s
[2026-06-17T09:50:49.624+0800][9.502s][info][gc,start       ] GC(206) Pause Young (Allocation Failure)
[2026-06-17T09:50:49.625+0800][9.503s][info][gc,start       ] GC(207) Pause Full (Allocation Failure)
[2026-06-17T09:50:49.626+0800][9.504s][info][gc,phases,start] GC(207) Phase 1: Mark live objects
[2026-06-17T09:50:49.628+0800][9.506s][info][gc,phases      ] GC(207) Phase 1: Mark live objects 2.102ms
[2026-06-17T09:50:49.629+0800][9.507s][info][gc,phases,start] GC(207) Phase 2: Compute new object addresses
[2026-06-17T09:50:49.630+0800][9.508s][info][gc,phases      ] GC(207) Phase 2: Compute new object addresses 1.176ms
[2026-06-17T09:50:49.631+0800][9.509s][info][gc,phases,start] GC(207) Phase 3: Adjust pointers
[2026-06-17T09:50:49.632+0800][9.510s][info][gc,phases      ] GC(207) Phase 3: Adjust pointers 1.131ms
[2026-06-17T09:50:49.633+0800][9.511s][info][gc,phases,start] GC(207) Phase 4: Move objects
[2026-06-17T09:50:49.636+0800][9.514s][info][gc,phases      ] GC(207) Phase 4: Move objects 3.859ms
[2026-06-17T09:50:49.637+0800][9.515s][info][gc             ] GC(207) Pause Full (Allocation Failure) 56M->29M(61M) 11.867ms
[2026-06-17T09:50:49.637+0800][9.515s][info][gc,heap        ] GC(206) DefNew: 19644K->0K(19648K)
[2026-06-17T09:50:49.638+0800][9.516s][info][gc,heap        ] GC(206) Tenured: 38383K->29985K(43712K)
[2026-06-17T09:50:49.638+0800][9.516s][info][gc,metaspace   ] GC(206) Metaspace: 3157K(4864K)->3157K(4864K) NonClass: 2851K(4352K)->2851K(4352K) Class: 305K(512K)->305K(512K)
[2026-06-17T09:50:49.639+0800][9.517s][info][gc             ] GC(206) Pause Young (Allocation Failure) 56M->29M(61M) 15.056ms
[2026-06-17T09:50:49.639+0800][9.517s][info][gc,cpu         ] GC(206) User=0.01s Sys=0.00s Real=0.01s
[2026-06-17T09:50:49.682+0800][9.560s][info][gc,start       ] GC(208) Pause Young (Allocation Failure)
[2026-06-17T09:50:49.683+0800][9.561s][info][gc,heap        ] GC(208) DefNew: 17463K->2174K(19648K)
[2026-06-17T09:50:49.684+0800][9.562s][info][gc,heap        ] GC(208) Tenured: 29985K->35156K(43712K)
[2026-06-17T09:50:49.684+0800][9.562s][info][gc,metaspace   ] GC(208) Metaspace: 3157K(4864K)->3157K(4864K) NonClass: 2851K(4352K)->2851K(4352K) Class: 305K(512K)->305K(512K)
[2026-06-17T09:50:49.684+0800][9.562s][info][gc             ] GC(208) Pause Young (Allocation Failure) 46M->36M(61M) 2.691ms
[2026-06-17T09:50:49.685+0800][9.563s][info][gc,cpu         ] GC(208) User=0.00s Sys=0.00s Real=0.01s
[2026-06-17T09:50:49.728+0800][9.607s][info][gc,start       ] GC(209) Pause Young (Allocation Failure)
[2026-06-17T09:50:49.730+0800][9.608s][info][gc,heap        ] GC(209) DefNew: 19597K->2105K(19648K)
[2026-06-17T09:50:49.731+0800][9.609s][info][gc,heap        ] GC(209) Tenured: 35156K->38511K(43712K)
[2026-06-17T09:50:49.731+0800][9.609s][info][gc,metaspace   ] GC(209) Metaspace: 3157K(4864K)->3157K(4864K) NonClass: 2851K(4352K)->2851K(4352K) Class: 305K(512K)->305K(512K)
[2026-06-17T09:50:49.732+0800][9.610s][info][gc             ] GC(209) Pause Young (Allocation Failure) 53M->39M(61M) 3.512ms
[2026-06-17T09:50:49.732+0800][9.611s][info][gc,cpu         ] GC(209) User=0.00s Sys=0.00s Real=0.01s
[2026-06-17T09:50:49.776+0800][9.654s][info][gc,start       ] GC(210) Pause Young (Allocation Failure)
[2026-06-17T09:50:49.776+0800][9.655s][info][gc,start       ] GC(211) Pause Full (Allocation Failure)
[2026-06-17T09:50:49.777+0800][9.655s][info][gc,phases,start] GC(211) Phase 1: Mark live objects
[2026-06-17T09:50:49.777+0800][9.656s][info][gc,phases      ] GC(211) Phase 1: Mark live objects 0.751ms
[2026-06-17T09:50:49.778+0800][9.656s][info][gc,phases,start] GC(211) Phase 2: Compute new object addresses
[2026-06-17T09:50:49.778+0800][9.656s][info][gc,phases      ] GC(211) Phase 2: Compute new object addresses 0.419ms
[2026-06-17T09:50:49.778+0800][9.656s][info][gc,phases,start] GC(211) Phase 3: Adjust pointers
[2026-06-17T09:50:49.779+0800][9.657s][info][gc,phases      ] GC(211) Phase 3: Adjust pointers 0.527ms
[2026-06-17T09:50:49.779+0800][9.657s][info][gc,phases,start] GC(211) Phase 4: Move objects
[2026-06-17T09:50:49.782+0800][9.660s][info][gc,phases      ] GC(211) Phase 4: Move objects 2.395ms
[2026-06-17T09:50:49.782+0800][9.660s][info][gc             ] GC(211) Pause Full (Allocation Failure) 56M->29M(61M) 5.491ms
[2026-06-17T09:50:49.782+0800][9.660s][info][gc,heap        ] GC(210) DefNew: 19537K->0K(19648K)
[2026-06-17T09:50:49.782+0800][9.660s][info][gc,heap        ] GC(210) Tenured: 38511K->30517K(43712K)
[2026-06-17T09:50:49.783+0800][9.661s][info][gc,metaspace   ] GC(210) Metaspace: 3157K(4864K)->3157K(4864K) NonClass: 2851K(4352K)->2851K(4352K) Class: 305K(512K)->305K(512K)
[2026-06-17T09:50:49.783+0800][9.661s][info][gc             ] GC(210) Pause Young (Allocation Failure) 56M->29M(61M) 6.813ms
[2026-06-17T09:50:49.783+0800][9.661s][info][gc,cpu         ] GC(210) User=0.01s Sys=0.00s Real=0.01s
[2026-06-17T09:50:49.836+0800][9.715s][info][gc,start       ] GC(212) Pause Young (Allocation Failure)
[2026-06-17T09:50:49.838+0800][9.716s][info][gc,heap        ] GC(212) DefNew: 17461K->2089K(19648K)
[2026-06-17T09:50:49.840+0800][9.718s][info][gc,heap        ] GC(212) Tenured: 30517K->32088K(43712K)
[2026-06-17T09:50:49.842+0800][9.720s][info][gc,metaspace   ] GC(212) Metaspace: 3157K(4864K)->3157K(4864K) NonClass: 2851K(4352K)->2851K(4352K) Class: 305K(512K)->305K(512K)
[2026-06-17T09:50:49.843+0800][9.721s][info][gc             ] GC(212) Pause Young (Allocation Failure) 46M->33M(61M) 6.845ms
[2026-06-17T09:50:49.848+0800][9.726s][info][gc,cpu         ] GC(212) User=0.00s Sys=0.00s Real=0.01s
[2026-06-17T09:50:49.894+0800][9.772s][info][gc,start       ] GC(213) Pause Young (Allocation Failure)
[2026-06-17T09:50:49.896+0800][9.774s][info][gc,heap        ] GC(213) DefNew: 19535K->2174K(19648K)
[2026-06-17T09:50:49.897+0800][9.775s][info][gc,heap        ] GC(213) Tenured: 32088K->35566K(43712K)
[2026-06-17T09:50:49.898+0800][9.776s][info][gc,metaspace   ] GC(213) Metaspace: 3157K(4864K)->3157K(4864K) NonClass: 2851K(4352K)->2851K(4352K) Class: 305K(512K)->305K(512K)
[2026-06-17T09:50:49.898+0800][9.776s][info][gc             ] GC(213) Pause Young (Allocation Failure) 50M->36M(61M) 4.365ms
[2026-06-17T09:50:49.899+0800][9.777s][info][gc,cpu         ] GC(213) User=0.00s Sys=0.00s Real=0.00s
[2026-06-17T09:50:49.943+0800][9.821s][info][gc,start       ] GC(214) Pause Young (Allocation Failure)
[2026-06-17T09:50:49.944+0800][9.822s][info][gc,heap        ] GC(214) DefNew: 19646K->2171K(19648K)
[2026-06-17T09:50:49.944+0800][9.822s][info][gc,heap        ] GC(214) Tenured: 35566K->40098K(43712K)
[2026-06-17T09:50:49.944+0800][9.822s][info][gc,metaspace   ] GC(214) Metaspace: 3157K(4864K)->3157K(4864K) NonClass: 2851K(4352K)->2851K(4352K) Class: 305K(512K)->305K(512K)
[2026-06-17T09:50:49.945+0800][9.823s][info][gc             ] GC(214) Pause Young (Allocation Failure) 53M->41M(61M) 1.660ms
[2026-06-17T09:50:49.945+0800][9.823s][info][gc,cpu         ] GC(214) User=0.00s Sys=0.00s Real=0.00s
[2026-06-17T09:50:49.988+0800][9.866s][info][gc,start       ] GC(215) Pause Young (Allocation Failure)
[2026-06-17T09:50:49.989+0800][9.867s][info][gc,start       ] GC(216) Pause Full (Allocation Failure)
[2026-06-17T09:50:49.989+0800][9.868s][info][gc,phases,start] GC(216) Phase 1: Mark live objects
[2026-06-17T09:50:49.991+0800][9.869s][info][gc,phases      ] GC(216) Phase 1: Mark live objects 1.983ms
[2026-06-17T09:50:49.992+0800][9.870s][info][gc,phases,start] GC(216) Phase 2: Compute new object addresses
[2026-06-17T09:50:49.993+0800][9.871s][info][gc,phases      ] GC(216) Phase 2: Compute new object addresses 0.864ms
[2026-06-17T09:50:49.993+0800][9.872s][info][gc,phases,start] GC(216) Phase 3: Adjust pointers
[2026-06-17T09:50:49.995+0800][9.873s][info][gc,phases      ] GC(216) Phase 3: Adjust pointers 1.344ms
[2026-06-17T09:50:49.995+0800][9.873s][info][gc,phases,start] GC(216) Phase 4: Move objects
[2026-06-17T09:50:49.999+0800][9.877s][info][gc,phases      ] GC(216) Phase 4: Move objects 3.292ms
[2026-06-17T09:50:49.999+0800][9.877s][info][gc             ] GC(216) Pause Full (Allocation Failure) 58M->28M(61M) 10.301ms
[2026-06-17T09:50:50.000+0800][9.878s][info][gc,heap        ] GC(215) DefNew: 19544K->0K(19648K)
[2026-06-17T09:50:50.000+0800][9.878s][info][gc,heap        ] GC(215) Tenured: 40098K->28911K(43712K)
[2026-06-17T09:50:50.001+0800][9.879s][info][gc,metaspace   ] GC(215) Metaspace: 3157K(4864K)->3157K(4864K) NonClass: 2851K(4352K)->2851K(4352K) Class: 305K(512K)->305K(512K)
[2026-06-17T09:50:50.001+0800][9.879s][info][gc             ] GC(215) Pause Young (Allocation Failure) 58M->28M(61M) 13.061ms
[2026-06-17T09:50:50.002+0800][9.880s][info][gc,cpu         ] GC(215) User=0.00s Sys=0.00s Real=0.01s
[2026-06-17T09:50:50.057+0800][9.935s][info][gc,start       ] GC(217) Pause Young (Allocation Failure)
[2026-06-17T09:50:50.059+0800][9.937s][info][gc,heap        ] GC(217) DefNew: 17434K->2152K(19648K)
[2026-06-17T09:50:50.060+0800][9.938s][info][gc,heap        ] GC(217) Tenured: 28911K->30497K(43712K)
[2026-06-17T09:50:50.061+0800][9.939s][info][gc,metaspace   ] GC(217) Metaspace: 3157K(4864K)->3157K(4864K) NonClass: 2851K(4352K)->2851K(4352K) Class: 305K(512K)->305K(512K)
[2026-06-17T09:50:50.061+0800][9.939s][info][gc             ] GC(217) Pause Young (Allocation Failure) 45M->31M(61M) 4.551ms
[2026-06-17T09:50:50.062+0800][9.940s][info][gc,cpu         ] GC(217) User=0.00s Sys=0.00s Real=0.00s
[2026-06-17T09:50:50.107+0800][9.985s][info][gc,start       ] GC(218) Pause Young (Allocation Failure)
[2026-06-17T09:50:50.109+0800][9.987s][info][gc,heap        ] GC(218) DefNew: 19586K->2048K(19648K)
[2026-06-17T09:50:50.110+0800][9.988s][info][gc,heap        ] GC(218) Tenured: 30497K->34368K(43712K)
[2026-06-17T09:50:50.110+0800][9.988s][info][gc,metaspace   ] GC(218) Metaspace: 3157K(4864K)->3157K(4864K) NonClass: 2851K(4352K)->2851K(4352K) Class: 305K(512K)->305K(512K)
[2026-06-17T09:50:50.111+0800][9.989s][info][gc             ] GC(218) Pause Young (Allocation Failure) 48M->35M(61M) 4.432ms
[2026-06-17T09:50:50.112+0800][9.990s][info][gc,cpu         ] GC(218) User=0.00s Sys=0.00s Real=0.01s
[2026-06-17T09:50:50.156+0800][10.035s][info][gc,start       ] GC(219) Pause Young (Allocation Failure)
[2026-06-17T09:50:50.159+0800][10.037s][info][gc,heap        ] GC(219) DefNew: 19499K->2141K(19648K)
[2026-06-17T09:50:50.160+0800][10.038s][info][gc,heap        ] GC(219) Tenured: 34368K->37969K(43712K)
[2026-06-17T09:50:50.161+0800][10.039s][info][gc,metaspace   ] GC(219) Metaspace: 3157K(4864K)->3157K(4864K) NonClass: 2851K(4352K)->2851K(4352K) Class: 305K(512K)->305K(512K)
[2026-06-17T09:50:50.162+0800][10.040s][info][gc             ] GC(219) Pause Young (Allocation Failure) 52M->39M(61M) 4.865ms
[2026-06-17T09:50:50.162+0800][10.040s][info][gc,cpu         ] GC(219) User=0.00s Sys=0.00s Real=0.00s
[2026-06-17T09:50:50.210+0800][10.088s][info][gc,start       ] GC(220) Pause Young (Allocation Failure)
[2026-06-17T09:50:50.225+0800][10.103s][info][gc,start       ] GC(221) Pause Full (Allocation Failure)
[2026-06-17T09:50:50.226+0800][10.104s][info][gc,phases,start] GC(221) Phase 1: Mark live objects
[2026-06-17T09:50:50.228+0800][10.106s][info][gc,phases      ] GC(221) Phase 1: Mark live objects 2.391ms
[2026-06-17T09:50:50.234+0800][10.112s][info][gc,phases,start] GC(221) Phase 2: Compute new object addresses
[2026-06-17T09:50:50.240+0800][10.118s][info][gc,phases      ] GC(221) Phase 2: Compute new object addresses 6.135ms
[2026-06-17T09:50:50.246+0800][10.124s][info][gc,phases,start] GC(221) Phase 3: Adjust pointers
[2026-06-17T09:50:50.253+0800][10.131s][info][gc,phases      ] GC(221) Phase 3: Adjust pointers 6.770ms
[2026-06-17T09:50:50.259+0800][10.137s][info][gc,phases,start] GC(221) Phase 4: Move objects
[2026-06-17T09:50:50.266+0800][10.144s][info][gc,phases      ] GC(221) Phase 4: Move objects 7.523ms
[2026-06-17T09:50:50.268+0800][10.146s][info][gc             ] GC(221) Pause Full (Allocation Failure) 56M->32M(61M) 43.386ms
[2026-06-17T09:50:50.272+0800][10.150s][info][gc,heap        ] GC(220) DefNew: 19611K->0K(19648K)
[2026-06-17T09:50:50.275+0800][10.153s][info][gc,heap        ] GC(220) Tenured: 37969K->33571K(43712K)
[2026-06-17T09:50:50.276+0800][10.154s][info][gc,metaspace   ] GC(220) Metaspace: 3157K(4864K)->3157K(4864K) NonClass: 2851K(4352K)->2851K(4352K) Class: 305K(512K)->305K(512K)
[2026-06-17T09:50:50.277+0800][10.155s][info][gc             ] GC(220) Pause Young (Allocation Failure) 56M->32M(61M) 67.818ms
[2026-06-17T09:50:50.298+0800][10.176s][info][gc,cpu         ] GC(220) User=0.01s Sys=0.00s Real=0.09s
[2026-06-17T09:50:50.343+0800][10.221s][info][gc,start       ] GC(222) Pause Young (Allocation Failure)
[2026-06-17T09:50:50.345+0800][10.223s][info][gc,heap        ] GC(222) DefNew: 17439K->2174K(19648K)
[2026-06-17T09:50:50.346+0800][10.224s][info][gc,heap        ] GC(222) Tenured: 33571K->38251K(43712K)
[2026-06-17T09:50:50.347+0800][10.225s][info][gc,metaspace   ] GC(222) Metaspace: 3157K(4864K)->3157K(4864K) NonClass: 2851K(4352K)->2851K(4352K) Class: 305K(512K)->305K(512K)
[2026-06-17T09:50:50.347+0800][10.225s][info][gc             ] GC(222) Pause Young (Allocation Failure) 49M->39M(61M) 3.980ms
[2026-06-17T09:50:50.348+0800][10.226s][info][gc,cpu         ] GC(222) User=0.00s Sys=0.00s Real=0.00s
[2026-06-17T09:50:50.392+0800][10.270s][info][gc,start       ] GC(223) Pause Young (Allocation Failure)
[2026-06-17T09:50:50.392+0800][10.271s][info][gc,start       ] GC(224) Pause Full (Allocation Failure)
[2026-06-17T09:50:50.393+0800][10.271s][info][gc,phases,start] GC(224) Phase 1: Mark live objects
[2026-06-17T09:50:50.395+0800][10.273s][info][gc,phases      ] GC(224) Phase 1: Mark live objects 1.863ms
[2026-06-17T09:50:50.395+0800][10.273s][info][gc,phases,start] GC(224) Phase 2: Compute new object addresses
[2026-06-17T09:50:50.396+0800][10.274s][info][gc,phases      ] GC(224) Phase 2: Compute new object addresses 0.793ms
[2026-06-17T09:50:50.397+0800][10.275s][info][gc,phases,start] GC(224) Phase 3: Adjust pointers
[2026-06-17T09:50:50.398+0800][10.276s][info][gc,phases      ] GC(224) Phase 3: Adjust pointers 0.904ms
[2026-06-17T09:50:50.398+0800][10.276s][info][gc,phases,start] GC(224) Phase 4: Move objects
[2026-06-17T09:50:50.400+0800][10.278s][info][gc,phases      ] GC(224) Phase 4: Move objects 2.049ms
[2026-06-17T09:50:50.402+0800][10.280s][info][gc             ] GC(224) Pause Full (Allocation Failure) 56M->29M(61M) 9.272ms
[2026-06-17T09:50:50.403+0800][10.281s][info][gc,heap        ] GC(223) DefNew: 19629K->0K(19648K)
[2026-06-17T09:50:50.404+0800][10.282s][info][gc,heap        ] GC(223) Tenured: 38251K->30029K(43712K)
[2026-06-17T09:50:50.405+0800][10.283s][info][gc,metaspace   ] GC(223) Metaspace: 3157K(4864K)->3157K(4864K) NonClass: 2851K(4352K)->2851K(4352K) Class: 305K(512K)->305K(512K)
[2026-06-17T09:50:50.407+0800][10.285s][info][gc             ] GC(223) Pause Young (Allocation Failure) 56M->29M(61M) 14.922ms
[2026-06-17T09:50:50.409+0800][10.287s][info][gc,cpu         ] GC(223) User=0.00s Sys=0.00s Real=0.01s
[2026-06-17T09:50:50.464+0800][10.342s][info][gc,start       ] GC(225) Pause Young (Allocation Failure)
[2026-06-17T09:50:50.467+0800][10.345s][info][gc,heap        ] GC(225) DefNew: 17472K->2077K(19648K)
[2026-06-17T09:50:50.468+0800][10.346s][info][gc,heap        ] GC(225) Tenured: 30029K->31582K(43712K)
[2026-06-17T09:50:50.468+0800][10.346s][info][gc,metaspace   ] GC(225) Metaspace: 3157K(4864K)->3157K(4864K) NonClass: 2851K(4352K)->2851K(4352K) Class: 305K(512K)->305K(512K)
[2026-06-17T09:50:50.469+0800][10.347s][info][gc             ] GC(225) Pause Young (Allocation Failure) 46M->32M(61M) 4.444ms
[2026-06-17T09:50:50.469+0800][10.347s][info][gc,cpu         ] GC(225) User=0.00s Sys=0.00s Real=0.00s
[2026-06-17T09:50:50.503+0800][10.381s][info][gc,start       ] GC(226) Pause Young (Allocation Failure)
[2026-06-17T09:50:50.505+0800][10.383s][info][gc,heap        ] GC(226) DefNew: 18777K->2153K(19648K)
[2026-06-17T09:50:50.506+0800][10.384s][info][gc,heap        ] GC(226) Tenured: 31582K->34282K(43712K)
[2026-06-17T09:50:50.507+0800][10.385s][info][gc,metaspace   ] GC(226) Metaspace: 3157K(4864K)->3157K(4864K) NonClass: 2852K(4352K)->2852K(4352K) Class: 305K(512K)->305K(512K)
[2026-06-17T09:50:50.507+0800][10.386s][info][gc             ] GC(226) Pause Young (Allocation Failure) 49M->35M(61M) 4.194ms
[2026-06-17T09:50:50.508+0800][10.386s][info][gc,cpu         ] GC(226) User=0.00s Sys=0.00s Real=0.00s
[2026-06-17T09:50:50.562+0800][10.440s][info][gc,start       ] GC(227) Pause Young (Allocation Failure)
[2026-06-17T09:50:50.564+0800][10.442s][info][gc,heap        ] GC(227) DefNew: 19625K->2168K(19648K)
[2026-06-17T09:50:50.565+0800][10.443s][info][gc,heap        ] GC(227) Tenured: 34282K->37730K(43712K)
[2026-06-17T09:50:50.565+0800][10.443s][info][gc,metaspace   ] GC(227) Metaspace: 3158K(4864K)->3158K(4864K) NonClass: 2853K(4352K)->2853K(4352K) Class: 305K(512K)->305K(512K)
[2026-06-17T09:50:50.566+0800][10.444s][info][gc             ] GC(227) Pause Young (Allocation Failure) 52M->38M(61M) 3.392ms
[2026-06-17T09:50:50.566+0800][10.444s][info][gc,cpu         ] GC(227) User=0.00s Sys=0.00s Real=0.01s
[2026-06-17T09:50:50.611+0800][10.489s][info][gc,start       ] GC(228) Pause Young (Allocation Failure)
[2026-06-17T09:50:50.614+0800][10.492s][info][gc,heap        ] GC(228) DefNew: 19616K->2085K(19648K)
[2026-06-17T09:50:50.615+0800][10.493s][info][gc,heap        ] GC(228) Tenured: 37730K->41058K(43712K)
[2026-06-17T09:50:50.615+0800][10.494s][info][gc,metaspace   ] GC(228) Metaspace: 3158K(4864K)->3158K(4864K) NonClass: 2853K(4352K)->2853K(4352K) Class: 305K(512K)->305K(512K)
[2026-06-17T09:50:50.616+0800][10.494s][info][gc             ] GC(228) Pause Young (Allocation Failure) 56M->42M(61M) 5.535ms
[2026-06-17T09:50:50.618+0800][10.496s][info][gc,cpu         ] GC(228) User=0.00s Sys=0.00s Real=0.00s
[2026-06-17T09:50:50.662+0800][10.540s][info][gc,start       ] GC(229) Pause Young (Allocation Failure)
[2026-06-17T09:50:50.662+0800][10.540s][info][gc,start       ] GC(230) Pause Full (Allocation Failure)
[2026-06-17T09:50:50.663+0800][10.541s][info][gc,phases,start] GC(230) Phase 1: Mark live objects
[2026-06-17T09:50:50.665+0800][10.543s][info][gc,phases      ] GC(230) Phase 1: Mark live objects 1.847ms
[2026-06-17T09:50:50.665+0800][10.543s][info][gc,phases,start] GC(230) Phase 2: Compute new object addresses
[2026-06-17T09:50:50.666+0800][10.544s][info][gc,phases      ] GC(230) Phase 2: Compute new object addresses 0.797ms
[2026-06-17T09:50:50.667+0800][10.545s][info][gc,phases,start] GC(230) Phase 3: Adjust pointers
[2026-06-17T09:50:50.668+0800][10.546s][info][gc,phases      ] GC(230) Phase 3: Adjust pointers 1.018ms
[2026-06-17T09:50:50.668+0800][10.546s][info][gc,phases,start] GC(230) Phase 4: Move objects
[2026-06-17T09:50:50.671+0800][10.550s][info][gc,phases      ] GC(230) Phase 4: Move objects 3.348ms
[2026-06-17T09:50:50.672+0800][10.550s][info][gc             ] GC(230) Pause Full (Allocation Failure) 59M->27M(61M) 9.709ms
[2026-06-17T09:50:50.672+0800][10.550s][info][gc,heap        ] GC(229) DefNew: 19557K->0K(19648K)
[2026-06-17T09:50:50.673+0800][10.551s][info][gc,heap        ] GC(229) Tenured: 41058K->27889K(43712K)
[2026-06-17T09:50:50.673+0800][10.551s][info][gc,metaspace   ] GC(229) Metaspace: 3158K(4864K)->3158K(4864K) NonClass: 2853K(4352K)->2853K(4352K) Class: 305K(512K)->305K(512K)
[2026-06-17T09:50:50.674+0800][10.552s][info][gc             ] GC(229) Pause Young (Allocation Failure) 59M->27M(61M) 11.953ms
[2026-06-17T09:50:50.674+0800][10.552s][info][gc,cpu         ] GC(229) User=0.00s Sys=0.00s Real=0.02s
[2026-06-17T09:50:50.718+0800][10.596s][info][gc,start       ] GC(231) Pause Young (Allocation Failure)
[2026-06-17T09:50:50.720+0800][10.599s][info][gc,heap        ] GC(231) DefNew: 17472K->2170K(19648K)
[2026-06-17T09:50:50.721+0800][10.599s][info][gc,heap        ] GC(231) Tenured: 27889K->32554K(43712K)
[2026-06-17T09:50:50.722+0800][10.600s][info][gc,metaspace   ] GC(231) Metaspace: 3158K(4864K)->3158K(4864K) NonClass: 2853K(4352K)->2853K(4352K) Class: 305K(512K)->305K(512K)
[2026-06-17T09:50:50.722+0800][10.600s][info][gc             ] GC(231) Pause Young (Allocation Failure) 44M->33M(61M) 4.704ms
[2026-06-17T09:50:50.723+0800][10.601s][info][gc,cpu         ] GC(231) User=0.01s Sys=0.00s Real=0.01s
[2026-06-17T09:50:50.766+0800][10.644s][info][gc,start       ] GC(232) Pause Young (Allocation Failure)
[2026-06-17T09:50:50.768+0800][10.646s][info][gc,heap        ] GC(232) DefNew: 19642K->2169K(19648K)
[2026-06-17T09:50:50.768+0800][10.646s][info][gc,heap        ] GC(232) Tenured: 32554K->38340K(43712K)
[2026-06-17T09:50:50.769+0800][10.647s][info][gc,metaspace   ] GC(232) Metaspace: 3158K(4864K)->3158K(4864K) NonClass: 2853K(4352K)->2853K(4352K) Class: 305K(512K)->305K(512K)
[2026-06-17T09:50:50.769+0800][10.647s][info][gc             ] GC(232) Pause Young (Allocation Failure) 50M->39M(61M) 3.667ms
[2026-06-17T09:50:50.770+0800][10.648s][info][gc,cpu         ] GC(232) User=0.00s Sys=0.00s Real=0.00s
[2026-06-17T09:50:50.824+0800][10.702s][info][gc,start       ] GC(233) Pause Young (Allocation Failure)
[2026-06-17T09:50:50.825+0800][10.703s][info][gc,start       ] GC(234) Pause Full (Allocation Failure)
[2026-06-17T09:50:50.826+0800][10.704s][info][gc,phases,start] GC(234) Phase 1: Mark live objects
[2026-06-17T09:50:50.827+0800][10.705s][info][gc,phases      ] GC(234) Phase 1: Mark live objects 1.782ms
[2026-06-17T09:50:50.828+0800][10.706s][info][gc,phases,start] GC(234) Phase 2: Compute new object addresses
[2026-06-17T09:50:50.829+0800][10.707s][info][gc,phases      ] GC(234) Phase 2: Compute new object addresses 0.922ms
[2026-06-17T09:50:50.830+0800][10.708s][info][gc,phases,start] GC(234) Phase 3: Adjust pointers
[2026-06-17T09:50:50.831+0800][10.709s][info][gc,phases      ] GC(234) Phase 3: Adjust pointers 0.866ms
[2026-06-17T09:50:50.831+0800][10.709s][info][gc,phases,start] GC(234) Phase 4: Move objects
[2026-06-17T09:50:50.834+0800][10.712s][info][gc,phases      ] GC(234) Phase 4: Move objects 2.522ms
[2026-06-17T09:50:50.834+0800][10.712s][info][gc             ] GC(234) Pause Full (Allocation Failure) 56M->24M(61M) 9.373ms
[2026-06-17T09:50:50.835+0800][10.713s][info][gc,heap        ] GC(233) DefNew: 19627K->0K(19648K)
[2026-06-17T09:50:50.835+0800][10.713s][info][gc,heap        ] GC(233) Tenured: 38340K->25420K(43712K)
[2026-06-17T09:50:50.836+0800][10.714s][info][gc,metaspace   ] GC(233) Metaspace: 3158K(4864K)->3158K(4864K) NonClass: 2853K(4352K)->2853K(4352K) Class: 305K(512K)->305K(512K)
[2026-06-17T09:50:50.836+0800][10.714s][info][gc             ] GC(233) Pause Young (Allocation Failure) 56M->24M(61M) 11.476ms
[2026-06-17T09:50:50.836+0800][10.714s][info][gc,cpu         ] GC(233) User=0.01s Sys=0.00s Real=0.01s
[2026-06-17T09:50:50.878+0800][10.756s][info][gc,start       ] GC(235) Pause Young (Allocation Failure)
[2026-06-17T09:50:50.882+0800][10.760s][info][gc,heap        ] GC(235) DefNew: 17472K->2175K(19648K)
[2026-06-17T09:50:50.882+0800][10.761s][info][gc,heap        ] GC(235) Tenured: 25420K->30580K(43712K)
[2026-06-17T09:50:50.883+0800][10.761s][info][gc,metaspace   ] GC(235) Metaspace: 3158K(4864K)->3158K(4864K) NonClass: 2853K(4352K)->2853K(4352K) Class: 305K(512K)->305K(512K)
[2026-06-17T09:50:50.883+0800][10.761s][info][gc             ] GC(235) Pause Young (Allocation Failure) 41M->31M(61M) 4.857ms
[2026-06-17T09:50:50.883+0800][10.761s][info][gc,cpu         ] GC(235) User=0.00s Sys=0.00s Real=0.01s
[2026-06-17T09:50:50.926+0800][10.804s][info][gc,start       ] GC(236) Pause Young (Allocation Failure)
[2026-06-17T09:50:50.928+0800][10.806s][info][gc,heap        ] GC(236) DefNew: 19637K->2175K(19648K)
[2026-06-17T09:50:50.931+0800][10.809s][info][gc,heap        ] GC(236) Tenured: 30580K->37072K(43712K)
[2026-06-17T09:50:50.932+0800][10.810s][info][gc,metaspace   ] GC(236) Metaspace: 3159K(4864K)->3159K(4864K) NonClass: 2853K(4352K)->2853K(4352K) Class: 305K(512K)->305K(512K)
[2026-06-17T09:50:50.933+0800][10.811s][info][gc             ] GC(236) Pause Young (Allocation Failure) 49M->38M(61M) 6.685ms
[2026-06-17T09:50:50.933+0800][10.811s][info][gc,cpu         ] GC(236) User=0.00s Sys=0.00s Real=0.01s
[2026-06-17T09:50:50.977+0800][10.855s][info][gc,start       ] GC(237) Pause Young (Allocation Failure)
[2026-06-17T09:50:50.977+0800][10.855s][info][gc,start       ] GC(238) Pause Full (Allocation Failure)
[2026-06-17T09:50:50.977+0800][10.856s][info][gc,phases,start] GC(238) Phase 1: Mark live objects
[2026-06-17T09:50:50.978+0800][10.856s][info][gc,phases      ] GC(238) Phase 1: Mark live objects 0.657ms
[2026-06-17T09:50:50.978+0800][10.856s][info][gc,phases,start] GC(238) Phase 2: Compute new object addresses
[2026-06-17T09:50:50.979+0800][10.857s][info][gc,phases      ] GC(238) Phase 2: Compute new object addresses 0.384ms
[2026-06-17T09:50:50.979+0800][10.857s][info][gc,phases,start] GC(238) Phase 3: Adjust pointers
[2026-06-17T09:50:50.979+0800][10.857s][info][gc,phases      ] GC(238) Phase 3: Adjust pointers 0.397ms
[2026-06-17T09:50:50.979+0800][10.857s][info][gc,phases,start] GC(238) Phase 4: Move objects
[2026-06-17T09:50:50.982+0800][10.860s][info][gc,phases      ] GC(238) Phase 4: Move objects 2.423ms
[2026-06-17T09:50:50.982+0800][10.860s][info][gc             ] GC(238) Pause Full (Allocation Failure) 55M->26M(61M) 4.777ms
[2026-06-17T09:50:50.982+0800][10.860s][info][gc,heap        ] GC(237) DefNew: 19647K->0K(19648K)
[2026-06-17T09:50:50.982+0800][10.860s][info][gc,heap        ] GC(237) Tenured: 37072K->27372K(43712K)
[2026-06-17T09:50:50.983+0800][10.861s][info][gc,metaspace   ] GC(237) Metaspace: 3159K(4864K)->3159K(4864K) NonClass: 2853K(4352K)->2853K(4352K) Class: 305K(512K)->305K(512K)
[2026-06-17T09:50:50.983+0800][10.861s][info][gc             ] GC(237) Pause Young (Allocation Failure) 55M->26M(61M) 5.611ms
[2026-06-17T09:50:50.983+0800][10.861s][info][gc,cpu         ] GC(237) User=0.00s Sys=0.00s Real=0.01s
[2026-06-17T09:50:51.026+0800][10.904s][info][gc,start       ] GC(239) Pause Young (Allocation Failure)
[2026-06-17T09:50:51.027+0800][10.905s][info][gc,heap        ] GC(239) DefNew: 17371K->2137K(19648K)
[2026-06-17T09:50:51.028+0800][10.906s][info][gc,heap        ] GC(239) Tenured: 27372K->28655K(43712K)
[2026-06-17T09:50:51.028+0800][10.907s][info][gc,metaspace   ] GC(239) Metaspace: 3159K(4864K)->3159K(4864K) NonClass: 2853K(4352K)->2853K(4352K) Class: 305K(512K)->305K(512K)
[2026-06-17T09:50:51.029+0800][10.907s][info][gc             ] GC(239) Pause Young (Allocation Failure) 43M->30M(61M) 3.219ms
[2026-06-17T09:50:51.030+0800][10.908s][info][gc,cpu         ] GC(239) User=0.00s Sys=0.00s Real=0.00s
[2026-06-17T09:50:51.085+0800][10.963s][info][gc,start       ] GC(240) Pause Young (Allocation Failure)
[2026-06-17T09:50:51.088+0800][10.966s][info][gc,heap        ] GC(240) DefNew: 19609K->2168K(19648K)
[2026-06-17T09:50:51.088+0800][10.966s][info][gc,heap        ] GC(240) Tenured: 28655K->32191K(43712K)
[2026-06-17T09:50:51.089+0800][10.967s][info][gc,metaspace   ] GC(240) Metaspace: 3159K(4864K)->3159K(4864K) NonClass: 2853K(4352K)->2853K(4352K) Class: 305K(512K)->305K(512K)
[2026-06-17T09:50:51.090+0800][10.968s][info][gc             ] GC(240) Pause Young (Allocation Failure) 47M->33M(61M) 4.565ms
[2026-06-17T09:50:51.090+0800][10.968s][info][gc,cpu         ] GC(240) User=0.00s Sys=0.00s Real=0.00s
[2026-06-17T09:50:51.135+0800][11.013s][info][gc,start       ] GC(241) Pause Young (Allocation Failure)
[2026-06-17T09:50:51.138+0800][11.016s][info][gc,heap        ] GC(241) DefNew: 19640K->2161K(19648K)
[2026-06-17T09:50:51.139+0800][11.017s][info][gc,heap        ] GC(241) Tenured: 32191K->35975K(43712K)
[2026-06-17T09:50:51.139+0800][11.017s][info][gc,metaspace   ] GC(241) Metaspace: 3159K(4864K)->3159K(4864K) NonClass: 2853K(4352K)->2853K(4352K) Class: 305K(512K)->305K(512K)
[2026-06-17T09:50:51.139+0800][11.018s][info][gc             ] GC(241) Pause Young (Allocation Failure) 50M->37M(61M) 4.343ms
[2026-06-17T09:50:51.140+0800][11.018s][info][gc,cpu         ] GC(241) User=0.00s Sys=0.00s Real=0.00s
[2026-06-17T09:50:51.183+0800][11.061s][info][gc,start       ] GC(242) Pause Young (Allocation Failure)
[2026-06-17T09:50:51.184+0800][11.062s][info][gc,heap        ] GC(242) DefNew: 19619K->2164K(19648K)
[2026-06-17T09:50:51.184+0800][11.062s][info][gc,heap        ] GC(242) Tenured: 35975K->40709K(43712K)
[2026-06-17T09:50:51.184+0800][11.063s][info][gc,metaspace   ] GC(242) Metaspace: 3159K(4864K)->3159K(4864K) NonClass: 2853K(4352K)->2853K(4352K) Class: 305K(512K)->305K(512K)
[2026-06-17T09:50:51.185+0800][11.063s][info][gc             ] GC(242) Pause Young (Allocation Failure) 54M->41M(61M) 1.511ms
[2026-06-17T09:50:51.185+0800][11.063s][info][gc,cpu         ] GC(242) User=0.00s Sys=0.00s Real=0.00s
[2026-06-17T09:50:51.237+0800][11.115s][info][gc,start       ] GC(243) Pause Young (Allocation Failure)
[2026-06-17T09:50:51.238+0800][11.116s][info][gc,start       ] GC(244) Pause Full (Allocation Failure)
[2026-06-17T09:50:51.239+0800][11.117s][info][gc,phases,start] GC(244) Phase 1: Mark live objects
[2026-06-17T09:50:51.240+0800][11.118s][info][gc,phases      ] GC(244) Phase 1: Mark live objects 1.596ms
[2026-06-17T09:50:51.241+0800][11.119s][info][gc,phases,start] GC(244) Phase 2: Compute new object addresses
[2026-06-17T09:50:51.241+0800][11.120s][info][gc,phases      ] GC(244) Phase 2: Compute new object addresses 0.565ms
[2026-06-17T09:50:51.242+0800][11.120s][info][gc,phases,start] GC(244) Phase 3: Adjust pointers
[2026-06-17T09:50:51.245+0800][11.123s][info][gc,phases      ] GC(244) Phase 3: Adjust pointers 3.094ms
[2026-06-17T09:50:51.246+0800][11.124s][info][gc,phases,start] GC(244) Phase 4: Move objects
[2026-06-17T09:50:51.249+0800][11.127s][info][gc,phases      ] GC(244) Phase 4: Move objects 2.876ms
[2026-06-17T09:50:51.249+0800][11.127s][info][gc             ] GC(244) Pause Full (Allocation Failure) 58M->30M(61M) 11.335ms
[2026-06-17T09:50:51.250+0800][11.128s][info][gc,heap        ] GC(243) DefNew: 19636K->0K(19648K)
[2026-06-17T09:50:51.250+0800][11.128s][info][gc,heap        ] GC(243) Tenured: 40709K->30902K(43712K)
[2026-06-17T09:50:51.251+0800][11.129s][info][gc,metaspace   ] GC(243) Metaspace: 3159K(4864K)->3159K(4864K) NonClass: 2853K(4352K)->2853K(4352K) Class: 305K(512K)->305K(512K)
[2026-06-17T09:50:51.251+0800][11.129s][info][gc             ] GC(243) Pause Young (Allocation Failure) 58M->30M(61M) 13.683ms
[2026-06-17T09:50:51.251+0800][11.129s][info][gc,cpu         ] GC(243) User=0.00s Sys=0.00s Real=0.02s
[2026-06-17T09:50:51.285+0800][11.163s][info][gc,start       ] GC(245) Pause Young (Allocation Failure)
[2026-06-17T09:50:51.287+0800][11.165s][info][gc,heap        ] GC(245) DefNew: 17294K->2171K(19648K)
[2026-06-17T09:50:51.288+0800][11.166s][info][gc,heap        ] GC(245) Tenured: 30902K->35342K(43712K)
[2026-06-17T09:50:51.288+0800][11.166s][info][gc,metaspace   ] GC(245) Metaspace: 3159K(4864K)->3159K(4864K) NonClass: 2853K(4352K)->2853K(4352K) Class: 305K(512K)->305K(512K)
[2026-06-17T09:50:51.289+0800][11.167s][info][gc             ] GC(245) Pause Young (Allocation Failure) 47M->36M(61M) 4.272ms
[2026-06-17T09:50:51.290+0800][11.168s][info][gc,cpu         ] GC(245) User=0.01s Sys=0.00s Real=0.00s
[2026-06-17T09:50:51.344+0800][11.222s][info][gc,start       ] GC(246) Pause Young (Allocation Failure)
[2026-06-17T09:50:51.347+0800][11.225s][info][gc,heap        ] GC(246) DefNew: 19618K->2165K(19648K)
[2026-06-17T09:50:51.347+0800][11.225s][info][gc,heap        ] GC(246) Tenured: 35342K->39062K(43712K)
[2026-06-17T09:50:51.348+0800][11.226s][info][gc,metaspace   ] GC(246) Metaspace: 3159K(4864K)->3159K(4864K) NonClass: 2853K(4352K)->2853K(4352K) Class: 305K(512K)->305K(512K)
[2026-06-17T09:50:51.348+0800][11.226s][info][gc             ] GC(246) Pause Young (Allocation Failure) 53M->40M(61M) 4.424ms
[2026-06-17T09:50:51.348+0800][11.227s][info][gc,cpu         ] GC(246) User=0.00s Sys=0.00s Real=0.00s
[2026-06-17T09:50:51.393+0800][11.271s][info][gc,start       ] GC(247) Pause Young (Allocation Failure)
[2026-06-17T09:50:51.394+0800][11.272s][info][gc,start       ] GC(248) Pause Full (Allocation Failure)
[2026-06-17T09:50:51.395+0800][11.273s][info][gc,phases,start] GC(248) Phase 1: Mark live objects
[2026-06-17T09:50:51.397+0800][11.275s][info][gc,phases      ] GC(248) Phase 1: Mark live objects 2.044ms
[2026-06-17T09:50:51.397+0800][11.275s][info][gc,phases,start] GC(248) Phase 2: Compute new object addresses
[2026-06-17T09:50:51.398+0800][11.276s][info][gc,phases      ] GC(248) Phase 2: Compute new object addresses 0.955ms
[2026-06-17T09:50:51.399+0800][11.277s][info][gc,phases,start] GC(248) Phase 3: Adjust pointers
[2026-06-17T09:50:51.400+0800][11.278s][info][gc,phases      ] GC(248) Phase 3: Adjust pointers 1.075ms
[2026-06-17T09:50:51.400+0800][11.278s][info][gc,phases,start] GC(248) Phase 4: Move objects
[2026-06-17T09:50:51.404+0800][11.282s][info][gc,phases      ] GC(248) Phase 4: Move objects 3.872ms
[2026-06-17T09:50:51.405+0800][11.283s][info][gc             ] GC(248) Pause Full (Allocation Failure) 57M->30M(61M) 11.634ms
[2026-06-17T09:50:51.406+0800][11.284s][info][gc,heap        ] GC(247) DefNew: 19620K->0K(19648K)
[2026-06-17T09:50:51.406+0800][11.284s][info][gc,heap        ] GC(247) Tenured: 39062K->31026K(43712K)
[2026-06-17T09:50:51.407+0800][11.285s][info][gc,metaspace   ] GC(247) Metaspace: 3159K(4864K)->3159K(4864K) NonClass: 2853K(4352K)->2853K(4352K) Class: 305K(512K)->305K(512K)
[2026-06-17T09:50:51.407+0800][11.285s][info][gc             ] GC(247) Pause Young (Allocation Failure) 57M->30M(61M) 14.614ms
[2026-06-17T09:50:51.407+0800][11.286s][info][gc,cpu         ] GC(247) User=0.01s Sys=0.00s Real=0.01s
[2026-06-17T09:50:51.452+0800][11.330s][info][gc,start       ] GC(249) Pause Young (Allocation Failure)
[2026-06-17T09:50:51.455+0800][11.333s][info][gc,heap        ] GC(249) DefNew: 17472K->2167K(19648K)
[2026-06-17T09:50:51.455+0800][11.334s][info][gc,heap        ] GC(249) Tenured: 31026K->35749K(43712K)
[2026-06-17T09:50:51.456+0800][11.334s][info][gc,metaspace   ] GC(249) Metaspace: 3159K(4864K)->3159K(4864K) NonClass: 2853K(4352K)->2853K(4352K) Class: 305K(512K)->305K(512K)
[2026-06-17T09:50:51.457+0800][11.335s][info][gc             ] GC(249) Pause Young (Allocation Failure) 47M->37M(61M) 4.872ms
[2026-06-17T09:50:51.457+0800][11.335s][info][gc,cpu         ] GC(249) User=0.01s Sys=0.00s Real=0.00s
[2026-06-17T09:50:51.503+0800][11.381s][info][gc,start       ] GC(250) Pause Young (Allocation Failure)
[2026-06-17T09:50:51.505+0800][11.383s][info][gc,heap        ] GC(250) DefNew: 19602K->2164K(19648K)
[2026-06-17T09:50:51.506+0800][11.384s][info][gc,heap        ] GC(250) Tenured: 35749K->39994K(43712K)
[2026-06-17T09:50:51.506+0800][11.384s][info][gc,metaspace   ] GC(250) Metaspace: 3159K(4864K)->3159K(4864K) NonClass: 2853K(4352K)->2853K(4352K) Class: 305K(512K)->305K(512K)
[2026-06-17T09:50:51.507+0800][11.385s][info][gc             ] GC(250) Pause Young (Allocation Failure) 54M->41M(61M) 4.497ms
[2026-06-17T09:50:51.508+0800][11.386s][info][gc,cpu         ] GC(250) User=0.00s Sys=0.00s Real=0.00s
[2026-06-17T09:50:51.551+0800][11.429s][info][gc,start       ] GC(251) Pause Young (Allocation Failure)
[2026-06-17T09:50:51.551+0800][11.429s][info][gc,start       ] GC(252) Pause Full (Allocation Failure)
[2026-06-17T09:50:51.551+0800][11.429s][info][gc,phases,start] GC(252) Phase 1: Mark live objects
[2026-06-17T09:50:51.552+0800][11.430s][info][gc,phases      ] GC(252) Phase 1: Mark live objects 0.583ms
[2026-06-17T09:50:51.552+0800][11.430s][info][gc,phases,start] GC(252) Phase 2: Compute new object addresses
[2026-06-17T09:50:51.552+0800][11.430s][info][gc,phases      ] GC(252) Phase 2: Compute new object addresses 0.343ms
[2026-06-17T09:50:51.552+0800][11.430s][info][gc,phases,start] GC(252) Phase 3: Adjust pointers
[2026-06-17T09:50:51.553+0800][11.431s][info][gc,phases      ] GC(252) Phase 3: Adjust pointers 0.324ms
[2026-06-17T09:50:51.553+0800][11.431s][info][gc,phases,start] GC(252) Phase 4: Move objects
[2026-06-17T09:50:51.554+0800][11.432s][info][gc,phases      ] GC(252) Phase 4: Move objects 1.555ms
[2026-06-17T09:50:51.555+0800][11.433s][info][gc             ] GC(252) Pause Full (Allocation Failure) 58M->26M(61M) 3.688ms
[2026-06-17T09:50:51.555+0800][11.433s][info][gc,heap        ] GC(251) DefNew: 19508K->0K(19648K)
[2026-06-17T09:50:51.555+0800][11.433s][info][gc,heap        ] GC(251) Tenured: 39994K->27507K(43712K)
[2026-06-17T09:50:51.555+0800][11.433s][info][gc,metaspace   ] GC(251) Metaspace: 3159K(4864K)->3159K(4864K) NonClass: 2853K(4352K)->2853K(4352K) Class: 305K(512K)->305K(512K)
[2026-06-17T09:50:51.555+0800][11.433s][info][gc             ] GC(251) Pause Young (Allocation Failure) 58M->26M(61M) 4.402ms
[2026-06-17T09:50:51.555+0800][11.433s][info][gc,cpu         ] GC(251) User=0.00s Sys=0.00s Real=0.00s
[2026-06-17T09:50:51.598+0800][11.476s][info][gc,start       ] GC(253) Pause Young (Allocation Failure)
[2026-06-17T09:50:51.600+0800][11.478s][info][gc,heap        ] GC(253) DefNew: 17471K->2175K(19648K)
[2026-06-17T09:50:51.601+0800][11.479s][info][gc,heap        ] GC(253) Tenured: 27507K->32867K(43712K)
[2026-06-17T09:50:51.601+0800][11.479s][info][gc,metaspace   ] GC(253) Metaspace: 3159K(4864K)->3159K(4864K) NonClass: 2853K(4352K)->2853K(4352K) Class: 305K(512K)->305K(512K)
[2026-06-17T09:50:51.602+0800][11.480s][info][gc             ] GC(253) Pause Young (Allocation Failure) 43M->34M(61M) 3.919ms
[2026-06-17T09:50:51.603+0800][11.481s][info][gc,cpu         ] GC(253) User=0.00s Sys=0.00s Real=0.01s
[2026-06-17T09:50:51.658+0800][11.536s][info][gc,start       ] GC(254) Pause Young (Allocation Failure)
[2026-06-17T09:50:51.660+0800][11.538s][info][gc,heap        ] GC(254) DefNew: 19621K->2156K(19648K)
[2026-06-17T09:50:51.661+0800][11.539s][info][gc,heap        ] GC(254) Tenured: 32867K->36258K(43712K)
[2026-06-17T09:50:51.661+0800][11.539s][info][gc,metaspace   ] GC(254) Metaspace: 3159K(4864K)->3159K(4864K) NonClass: 2853K(4352K)->2853K(4352K) Class: 305K(512K)->305K(512K)
[2026-06-17T09:50:51.662+0800][11.540s][info][gc             ] GC(254) Pause Young (Allocation Failure) 51M->37M(61M) 4.133ms
[2026-06-17T09:50:51.663+0800][11.541s][info][gc,cpu         ] GC(254) User=0.00s Sys=0.00s Real=0.01s
[2026-06-17T09:50:51.708+0800][11.586s][info][gc,start       ] GC(255) Pause Young (Allocation Failure)
[2026-06-17T09:50:51.710+0800][11.588s][info][gc,heap        ] GC(255) DefNew: 19628K->2084K(19648K)
[2026-06-17T09:50:51.711+0800][11.589s][info][gc,heap        ] GC(255) Tenured: 36258K->39853K(43712K)
[2026-06-17T09:50:51.711+0800][11.589s][info][gc,metaspace   ] GC(255) Metaspace: 3159K(4864K)->3159K(4864K) NonClass: 2853K(4352K)->2853K(4352K) Class: 305K(512K)->305K(512K)
[2026-06-17T09:50:51.712+0800][11.590s][info][gc             ] GC(255) Pause Young (Allocation Failure) 54M->40M(61M) 4.091ms
[2026-06-17T09:50:51.713+0800][11.591s][info][gc,cpu         ] GC(255) User=0.01s Sys=0.00s Real=0.01s
[2026-06-17T09:50:51.756+0800][11.634s][info][gc,start       ] GC(256) Pause Young (Allocation Failure)
[2026-06-17T09:50:51.759+0800][11.637s][info][gc,start       ] GC(257) Pause Full (Allocation Failure)
[2026-06-17T09:50:51.761+0800][11.639s][info][gc,phases,start] GC(257) Phase 1: Mark live objects
[2026-06-17T09:50:51.763+0800][11.641s][info][gc,phases      ] GC(257) Phase 1: Mark live objects 1.804ms
[2026-06-17T09:50:51.763+0800][11.641s][info][gc,phases,start] GC(257) Phase 2: Compute new object addresses
[2026-06-17T09:50:51.764+0800][11.642s][info][gc,phases      ] GC(257) Phase 2: Compute new object addresses 0.939ms
[2026-06-17T09:50:51.765+0800][11.643s][info][gc,phases,start] GC(257) Phase 3: Adjust pointers
[2026-06-17T09:50:51.766+0800][11.644s][info][gc,phases      ] GC(257) Phase 3: Adjust pointers 1.011ms
[2026-06-17T09:50:51.767+0800][11.645s][info][gc,phases,start] GC(257) Phase 4: Move objects
[2026-06-17T09:50:51.771+0800][11.649s][info][gc,phases      ] GC(257) Phase 4: Move objects 4.668ms
[2026-06-17T09:50:51.772+0800][11.650s][info][gc             ] GC(257) Pause Full (Allocation Failure) 58M->26M(61M) 12.507ms
[2026-06-17T09:50:51.772+0800][11.650s][info][gc,heap        ] GC(256) DefNew: 19540K->0K(19648K)
[2026-06-17T09:50:51.773+0800][11.651s][info][gc,heap        ] GC(256) Tenured: 39853K->27555K(43712K)
[2026-06-17T09:50:51.773+0800][11.651s][info][gc,metaspace   ] GC(256) Metaspace: 3159K(4864K)->3159K(4864K) NonClass: 2853K(4352K)->2853K(4352K) Class: 305K(512K)->305K(512K)
[2026-06-17T09:50:51.774+0800][11.652s][info][gc             ] GC(256) Pause Young (Allocation Failure) 58M->26M(61M) 17.419ms
[2026-06-17T09:50:51.774+0800][11.652s][info][gc,cpu         ] GC(256) User=0.01s Sys=0.00s Real=0.02s
[2026-06-17T09:50:51.818+0800][11.696s][info][gc,start       ] GC(258) Pause Young (Allocation Failure)
[2026-06-17T09:50:51.819+0800][11.697s][info][gc,heap        ] GC(258) DefNew: 17257K->2134K(19648K)
[2026-06-17T09:50:51.820+0800][11.698s][info][gc,heap        ] GC(258) Tenured: 27555K->28649K(43712K)
[2026-06-17T09:50:51.820+0800][11.698s][info][gc,metaspace   ] GC(258) Metaspace: 3159K(4864K)->3159K(4864K) NonClass: 2853K(4352K)->2853K(4352K) Class: 305K(512K)->305K(512K)
[2026-06-17T09:50:51.822+0800][11.700s][info][gc             ] GC(258) Pause Young (Allocation Failure) 43M->30M(61M) 4.335ms
[2026-06-17T09:50:51.822+0800][11.700s][info][gc,cpu         ] GC(258) User=0.00s Sys=0.00s Real=0.00s
[2026-06-17T09:50:51.866+0800][11.744s][info][gc,start       ] GC(259) Pause Young (Allocation Failure)
[2026-06-17T09:50:51.869+0800][11.747s][info][gc,heap        ] GC(259) DefNew: 19606K->2175K(19648K)
[2026-06-17T09:50:51.869+0800][11.747s][info][gc,heap        ] GC(259) Tenured: 28649K->35187K(43712K)
[2026-06-17T09:50:51.870+0800][11.748s][info][gc,metaspace   ] GC(259) Metaspace: 3159K(4864K)->3159K(4864K) NonClass: 2853K(4352K)->2853K(4352K) Class: 305K(512K)->305K(512K)
[2026-06-17T09:50:51.870+0800][11.748s][info][gc             ] GC(259) Pause Young (Allocation Failure) 47M->36M(61M) 4.128ms
[2026-06-17T09:50:51.872+0800][11.750s][info][gc,cpu         ] GC(259) User=0.00s Sys=0.00s Real=0.01s
[2026-06-17T09:50:51.928+0800][11.806s][info][gc,start       ] GC(260) Pause Young (Allocation Failure)
[2026-06-17T09:50:51.929+0800][11.807s][info][gc,heap        ] GC(260) DefNew: 19647K->2166K(19648K)
[2026-06-17T09:50:51.930+0800][11.808s][info][gc,heap        ] GC(260) Tenured: 35187K->36282K(43712K)
[2026-06-17T09:50:51.931+0800][11.809s][info][gc,metaspace   ] GC(260) Metaspace: 3159K(4864K)->3159K(4864K) NonClass: 2853K(4352K)->2853K(4352K) Class: 305K(512K)->305K(512K)
[2026-06-17T09:50:51.931+0800][11.809s][info][gc             ] GC(260) Pause Young (Allocation Failure) 53M->37M(61M) 3.657ms
[2026-06-17T09:50:51.932+0800][11.810s][info][gc,cpu         ] GC(260) User=0.00s Sys=0.01s Real=0.01s
[2026-06-17T09:50:51.976+0800][11.854s][info][gc,start       ] GC(261) Pause Young (Allocation Failure)
[2026-06-17T09:50:51.976+0800][11.854s][info][gc,start       ] GC(262) Pause Full (Allocation Failure)
[2026-06-17T09:50:51.976+0800][11.854s][info][gc,phases,start] GC(262) Phase 1: Mark live objects
[2026-06-17T09:50:51.977+0800][11.855s][info][gc,phases      ] GC(262) Phase 1: Mark live objects 0.607ms
[2026-06-17T09:50:51.977+0800][11.855s][info][gc,phases,start] GC(262) Phase 2: Compute new object addresses
[2026-06-17T09:50:51.977+0800][11.855s][info][gc,phases      ] GC(262) Phase 2: Compute new object addresses 0.320ms
[2026-06-17T09:50:51.977+0800][11.856s][info][gc,phases,start] GC(262) Phase 3: Adjust pointers
[2026-06-17T09:50:51.978+0800][11.856s][info][gc,phases      ] GC(262) Phase 3: Adjust pointers 0.316ms
[2026-06-17T09:50:51.978+0800][11.856s][info][gc,phases,start] GC(262) Phase 4: Move objects
[2026-06-17T09:50:51.980+0800][11.858s][info][gc,phases      ] GC(262) Phase 4: Move objects 2.098ms
[2026-06-17T09:50:51.980+0800][11.859s][info][gc             ] GC(262) Pause Full (Allocation Failure) 54M->27M(61M) 4.516ms
[2026-06-17T09:50:51.981+0800][11.859s][info][gc,heap        ] GC(261) DefNew: 19638K->0K(19648K)
[2026-06-17T09:50:51.981+0800][11.859s][info][gc,heap        ] GC(261) Tenured: 36282K->27983K(43712K)
[2026-06-17T09:50:51.981+0800][11.859s][info][gc,metaspace   ] GC(261) Metaspace: 3159K(4864K)->3159K(4864K) NonClass: 2853K(4352K)->2853K(4352K) Class: 305K(512K)->305K(512K)
[2026-06-17T09:50:51.982+0800][11.860s][info][gc             ] GC(261) Pause Young (Allocation Failure) 54M->27M(61M) 6.142ms
[2026-06-17T09:50:51.982+0800][11.860s][info][gc,cpu         ] GC(261) User=0.00s Sys=0.00s Real=0.00s
[2026-06-17T09:50:52.025+0800][11.903s][info][gc,start       ] GC(263) Pause Young (Allocation Failure)
[2026-06-17T09:50:52.027+0800][11.905s][info][gc,heap        ] GC(263) DefNew: 17472K->2174K(19648K)
[2026-06-17T09:50:52.027+0800][11.905s][info][gc,heap        ] GC(263) Tenured: 27983K->32900K(43712K)
[2026-06-17T09:50:52.027+0800][11.905s][info][gc,metaspace   ] GC(263) Metaspace: 3159K(4864K)->3159K(4864K) NonClass: 2853K(4352K)->2853K(4352K) Class: 305K(512K)->305K(512K)
[2026-06-17T09:50:52.028+0800][11.906s][info][gc             ] GC(263) Pause Young (Allocation Failure) 44M->34M(61M) 2.672ms
[2026-06-17T09:50:52.028+0800][11.906s][info][gc,cpu         ] GC(263) User=0.00s Sys=0.00s Real=0.00s
[2026-06-17T09:50:52.072+0800][11.950s][info][gc,start       ] GC(264) Pause Young (Allocation Failure)
[2026-06-17T09:50:52.074+0800][11.952s][info][gc,heap        ] GC(264) DefNew: 19646K->2149K(19648K)
[2026-06-17T09:50:52.075+0800][11.953s][info][gc,heap        ] GC(264) Tenured: 32900K->36771K(43712K)
[2026-06-17T09:50:52.075+0800][11.953s][info][gc,metaspace   ] GC(264) Metaspace: 3159K(4864K)->3159K(4864K) NonClass: 2853K(4352K)->2853K(4352K) Class: 305K(512K)->305K(512K)
[2026-06-17T09:50:52.076+0800][11.954s][info][gc             ] GC(264) Pause Young (Allocation Failure) 51M->38M(61M) 3.870ms
[2026-06-17T09:50:52.076+0800][11.954s][info][gc,cpu         ] GC(264) User=0.00s Sys=0.00s Real=0.00s
[2026-06-17T09:50:52.121+0800][11.999s][info][gc,start       ] GC(265) Pause Young (Allocation Failure)
[2026-06-17T09:50:52.121+0800][11.999s][info][gc,start       ] GC(266) Pause Full (Allocation Failure)
[2026-06-17T09:50:52.122+0800][12.000s][info][gc,phases,start] GC(266) Phase 1: Mark live objects
[2026-06-17T09:50:52.124+0800][12.002s][info][gc,phases      ] GC(266) Phase 1: Mark live objects 2.120ms
[2026-06-17T09:50:52.125+0800][12.003s][info][gc,phases,start] GC(266) Phase 2: Compute new object addresses
[2026-06-17T09:50:52.126+0800][12.004s][info][gc,phases      ] GC(266) Phase 2: Compute new object addresses 1.012ms
[2026-06-17T09:50:52.126+0800][12.004s][info][gc,phases,start] GC(266) Phase 3: Adjust pointers
[2026-06-17T09:50:52.127+0800][12.005s][info][gc,phases      ] GC(266) Phase 3: Adjust pointers 0.999ms
[2026-06-17T09:50:52.128+0800][12.006s][info][gc,phases,start] GC(266) Phase 4: Move objects
[2026-06-17T09:50:52.131+0800][12.009s][info][gc,phases      ] GC(266) Phase 4: Move objects 3.189ms
[2026-06-17T09:50:52.132+0800][12.010s][info][gc             ] GC(266) Pause Full (Allocation Failure) 55M->28M(61M) 10.782ms
[2026-06-17T09:50:52.132+0800][12.010s][info][gc,heap        ] GC(265) DefNew: 19603K->0K(19648K)
[2026-06-17T09:50:52.133+0800][12.011s][info][gc,heap        ] GC(265) Tenured: 36771K->28739K(43712K)
[2026-06-17T09:50:52.133+0800][12.011s][info][gc,metaspace   ] GC(265) Metaspace: 3159K(4864K)->3159K(4864K) NonClass: 2853K(4352K)->2853K(4352K) Class: 305K(512K)->305K(512K)
[2026-06-17T09:50:52.134+0800][12.012s][info][gc             ] GC(265) Pause Young (Allocation Failure) 55M->28M(61M) 13.194ms
[2026-06-17T09:50:52.134+0800][12.012s][info][gc,cpu         ] GC(265) User=0.01s Sys=0.00s Real=0.02s
[2026-06-17T09:50:52.189+0800][12.067s][info][gc,start       ] GC(267) Pause Young (Allocation Failure)
[2026-06-17T09:50:52.191+0800][12.069s][info][gc,heap        ] GC(267) DefNew: 17455K->2149K(19648K)
[2026-06-17T09:50:52.192+0800][12.070s][info][gc,heap        ] GC(267) Tenured: 28739K->30540K(43712K)
[2026-06-17T09:50:52.193+0800][12.071s][info][gc,metaspace   ] GC(267) Metaspace: 3159K(4864K)->3159K(4864K) NonClass: 2853K(4352K)->2853K(4352K) Class: 305K(512K)->305K(512K)
[2026-06-17T09:50:52.193+0800][12.071s][info][gc             ] GC(267) Pause Young (Allocation Failure) 45M->31M(61M) 4.513ms
[2026-06-17T09:50:52.194+0800][12.072s][info][gc,cpu         ] GC(267) User=0.00s Sys=0.00s Real=0.01s
[2026-06-17T09:50:52.228+0800][12.106s][info][gc,start       ] GC(268) Pause Young (Allocation Failure)
[2026-06-17T09:50:52.230+0800][12.108s][info][gc,heap        ] GC(268) DefNew: 19550K->2132K(19648K)
[2026-06-17T09:50:52.231+0800][12.109s][info][gc,heap        ] GC(268) Tenured: 30540K->33889K(43712K)
[2026-06-17T09:50:52.232+0800][12.110s][info][gc,metaspace   ] GC(268) Metaspace: 3159K(4864K)->3159K(4864K) NonClass: 2853K(4352K)->2853K(4352K) Class: 305K(512K)->305K(512K)
[2026-06-17T09:50:52.232+0800][12.110s][info][gc             ] GC(268) Pause Young (Allocation Failure) 48M->35M(61M) 4.361ms
[2026-06-17T09:50:52.234+0800][12.112s][info][gc,cpu         ] GC(268) User=0.01s Sys=0.00s Real=0.01s
[2026-06-17T09:50:52.289+0800][12.167s][info][gc,start       ] GC(269) Pause Young (Allocation Failure)
[2026-06-17T09:50:52.291+0800][12.169s][info][gc,heap        ] GC(269) DefNew: 19604K->2121K(19648K)
[2026-06-17T09:50:52.291+0800][12.169s][info][gc,heap        ] GC(269) Tenured: 33889K->37141K(43712K)
[2026-06-17T09:50:52.292+0800][12.170s][info][gc,metaspace   ] GC(269) Metaspace: 3159K(4864K)->3159K(4864K) NonClass: 2853K(4352K)->2853K(4352K) Class: 305K(512K)->305K(512K)
[2026-06-17T09:50:52.292+0800][12.170s][info][gc             ] GC(269) Pause Young (Allocation Failure) 52M->38M(61M) 3.209ms
[2026-06-17T09:50:52.293+0800][12.171s][info][gc,cpu         ] GC(269) User=0.00s Sys=0.00s Real=0.01s
[2026-06-17T09:50:52.336+0800][12.215s][info][gc,start       ] GC(270) Pause Young (Allocation Failure)
[2026-06-17T09:50:52.337+0800][12.216s][info][gc,start       ] GC(271) Pause Full (Allocation Failure)
[2026-06-17T09:50:52.338+0800][12.216s][info][gc,phases,start] GC(271) Phase 1: Mark live objects
[2026-06-17T09:50:52.342+0800][12.220s][info][gc,phases      ] GC(271) Phase 1: Mark live objects 3.302ms
[2026-06-17T09:50:52.344+0800][12.222s][info][gc,phases,start] GC(271) Phase 2: Compute new object addresses
[2026-06-17T09:50:52.346+0800][12.224s][info][gc,phases      ] GC(271) Phase 2: Compute new object addresses 1.761ms
[2026-06-17T09:50:52.347+0800][12.225s][info][gc,phases,start] GC(271) Phase 3: Adjust pointers
[2026-06-17T09:50:52.349+0800][12.227s][info][gc,phases      ] GC(271) Phase 3: Adjust pointers 1.718ms
[2026-06-17T09:50:52.349+0800][12.227s][info][gc,phases,start] GC(271) Phase 4: Move objects
[2026-06-17T09:50:52.352+0800][12.231s][info][gc,phases      ] GC(271) Phase 4: Move objects 3.133ms
[2026-06-17T09:50:52.355+0800][12.233s][info][gc             ] GC(271) Pause Full (Allocation Failure) 55M->28M(61M) 17.102ms
[2026-06-17T09:50:52.355+0800][12.233s][info][gc,heap        ] GC(270) DefNew: 19593K->0K(19648K)
[2026-06-17T09:50:52.356+0800][12.234s][info][gc,heap        ] GC(270) Tenured: 37141K->29385K(43712K)
[2026-06-17T09:50:52.357+0800][12.235s][info][gc,metaspace   ] GC(270) Metaspace: 3159K(4864K)->3159K(4864K) NonClass: 2853K(4352K)->2853K(4352K) Class: 305K(512K)->305K(512K)
[2026-06-17T09:50:52.357+0800][12.235s][info][gc             ] GC(270) Pause Young (Allocation Failure) 55M->28M(61M) 20.741ms
[2026-06-17T09:50:52.358+0800][12.236s][info][gc,cpu         ] GC(270) User=0.01s Sys=0.00s Real=0.02s
[2026-06-17T09:50:52.400+0800][12.278s][info][gc,start       ] GC(272) Pause Young (Allocation Failure)
[2026-06-17T09:50:52.402+0800][12.280s][info][gc,heap        ] GC(272) DefNew: 17451K->2174K(19648K)
[2026-06-17T09:50:52.403+0800][12.281s][info][gc,heap        ] GC(272) Tenured: 29385K->33879K(43712K)
[2026-06-17T09:50:52.403+0800][12.281s][info][gc,metaspace   ] GC(272) Metaspace: 3159K(4864K)->3159K(4864K) NonClass: 2853K(4352K)->2853K(4352K) Class: 305K(512K)->305K(512K)
[2026-06-17T09:50:52.404+0800][12.282s][info][gc             ] GC(272) Pause Young (Allocation Failure) 45M->35M(61M) 3.220ms
[2026-06-17T09:50:52.404+0800][12.282s][info][gc,cpu         ] GC(272) User=0.00s Sys=0.00s Real=0.01s
[2026-06-17T09:50:52.449+0800][12.327s][info][gc,start       ] GC(273) Pause Young (Allocation Failure)
[2026-06-17T09:50:52.451+0800][12.329s][info][gc,heap        ] GC(273) DefNew: 19594K->2169K(19648K)
[2026-06-17T09:50:52.451+0800][12.329s][info][gc,heap        ] GC(273) Tenured: 33879K->38073K(43712K)
[2026-06-17T09:50:52.452+0800][12.330s][info][gc,metaspace   ] GC(273) Metaspace: 3159K(4864K)->3159K(4864K) NonClass: 2853K(4352K)->2853K(4352K) Class: 305K(512K)->305K(512K)
[2026-06-17T09:50:52.453+0800][12.331s][info][gc             ] GC(273) Pause Young (Allocation Failure) 52M->39M(61M) 3.940ms
[2026-06-17T09:50:52.453+0800][12.331s][info][gc,cpu         ] GC(273) User=0.01s Sys=0.00s Real=0.01s
[2026-06-17T09:50:52.497+0800][12.375s][info][gc,start       ] GC(274) Pause Young (Allocation Failure)
[2026-06-17T09:50:52.531+0800][12.409s][info][gc,start       ] GC(275) Pause Full (Allocation Failure)
[2026-06-17T09:50:52.531+0800][12.409s][info][gc,phases,start] GC(275) Phase 1: Mark live objects
[2026-06-17T09:50:52.536+0800][12.415s][info][gc,phases      ] GC(275) Phase 1: Mark live objects 5.382ms
[2026-06-17T09:50:52.537+0800][12.415s][info][gc,phases,start] GC(275) Phase 2: Compute new object addresses
[2026-06-17T09:50:52.560+0800][12.438s][info][gc,phases      ] GC(275) Phase 2: Compute new object addresses 22.178ms
[2026-06-17T09:50:52.580+0800][12.458s][info][gc,phases,start] GC(275) Phase 3: Adjust pointers
[2026-06-17T09:50:52.581+0800][12.459s][info][gc,phases      ] GC(275) Phase 3: Adjust pointers 0.904ms
[2026-06-17T09:50:52.581+0800][12.459s][info][gc,phases,start] GC(275) Phase 4: Move objects
[2026-06-17T09:50:52.584+0800][12.462s][info][gc,phases      ] GC(275) Phase 4: Move objects 2.505ms
[2026-06-17T09:50:52.586+0800][12.464s][info][gc             ] GC(275) Pause Full (Allocation Failure) 56M->25M(61M) 55.501ms
[2026-06-17T09:50:52.587+0800][12.465s][info][gc,heap        ] GC(274) DefNew: 19319K->0K(19648K)
[2026-06-17T09:50:52.589+0800][12.467s][info][gc,heap        ] GC(274) Tenured: 38073K->26297K(43712K)
[2026-06-17T09:50:52.591+0800][12.469s][info][gc,metaspace   ] GC(274) Metaspace: 3159K(4864K)->3159K(4864K) NonClass: 2853K(4352K)->2853K(4352K) Class: 305K(512K)->305K(512K)
[2026-06-17T09:50:52.593+0800][12.471s][info][gc             ] GC(274) Pause Young (Allocation Failure) 56M->25M(61M) 95.477ms
[2026-06-17T09:50:52.594+0800][12.472s][info][gc,cpu         ] GC(274) User=0.00s Sys=0.00s Real=0.10s
[2026-06-17T09:50:52.638+0800][12.516s][info][gc,start       ] GC(276) Pause Young (Allocation Failure)
[2026-06-17T09:50:52.640+0800][12.518s][info][gc,heap        ] GC(276) DefNew: 17469K->2173K(19648K)
[2026-06-17T09:50:52.641+0800][12.519s][info][gc,heap        ] GC(276) Tenured: 26297K->31114K(43712K)
[2026-06-17T09:50:52.642+0800][12.520s][info][gc,metaspace   ] GC(276) Metaspace: 3159K(4864K)->3159K(4864K) NonClass: 2853K(4352K)->2853K(4352K) Class: 305K(512K)->305K(512K)
[2026-06-17T09:50:52.642+0800][12.520s][info][gc             ] GC(276) Pause Young (Allocation Failure) 42M->32M(61M) 3.903ms
[2026-06-17T09:50:52.644+0800][12.522s][info][gc,cpu         ] GC(276) User=0.01s Sys=0.00s Real=0.01s
[2026-06-17T09:50:52.698+0800][12.576s][info][gc,start       ] GC(277) Pause Young (Allocation Failure)
[2026-06-17T09:50:52.699+0800][12.577s][info][gc,heap        ] GC(277) DefNew: 19630K->2053K(19648K)
[2026-06-17T09:50:52.701+0800][12.579s][info][gc,heap        ] GC(277) Tenured: 31114K->33152K(43712K)
[2026-06-17T09:50:52.702+0800][12.580s][info][gc,metaspace   ] GC(277) Metaspace: 3159K(4864K)->3159K(4864K) NonClass: 2853K(4352K)->2853K(4352K) Class: 305K(512K)->305K(512K)
[2026-06-17T09:50:52.703+0800][12.581s][info][gc             ] GC(277) Pause Young (Allocation Failure) 49M->34M(61M) 5.644ms
[2026-06-17T09:50:52.705+0800][12.583s][info][gc,cpu         ] GC(277) User=0.00s Sys=0.00s Real=0.01s
[2026-06-17T09:50:52.740+0800][12.618s][info][gc,start       ] GC(278) Pause Young (Allocation Failure)
[2026-06-17T09:50:52.743+0800][12.621s][info][gc,heap        ] GC(278) DefNew: 19348K->2105K(19648K)
[2026-06-17T09:50:52.743+0800][12.621s][info][gc,heap        ] GC(278) Tenured: 33152K->36380K(43712K)
[2026-06-17T09:50:52.744+0800][12.622s][info][gc,metaspace   ] GC(278) Metaspace: 3159K(4864K)->3159K(4864K) NonClass: 2853K(4352K)->2853K(4352K) Class: 305K(512K)->305K(512K)
[2026-06-17T09:50:52.744+0800][12.622s][info][gc             ] GC(278) Pause Young (Allocation Failure) 51M->37M(61M) 3.856ms
[2026-06-17T09:50:52.745+0800][12.623s][info][gc,cpu         ] GC(278) User=0.00s Sys=0.00s Real=0.01s
[2026-06-17T09:50:52.799+0800][12.677s][info][gc,start       ] GC(279) Pause Young (Allocation Failure)
[2026-06-17T09:50:52.801+0800][12.679s][info][gc,heap        ] GC(279) DefNew: 19577K->2092K(19648K)
[2026-06-17T09:50:52.802+0800][12.680s][info][gc,heap        ] GC(279) Tenured: 36380K->39949K(43712K)
[2026-06-17T09:50:52.802+0800][12.680s][info][gc,metaspace   ] GC(279) Metaspace: 3159K(4864K)->3159K(4864K) NonClass: 2853K(4352K)->2853K(4352K) Class: 305K(512K)->305K(512K)
[2026-06-17T09:50:52.803+0800][12.681s][info][gc             ] GC(279) Pause Young (Allocation Failure) 54M->41M(61M) 3.515ms
[2026-06-17T09:50:52.803+0800][12.681s][info][gc,cpu         ] GC(279) User=0.00s Sys=0.00s Real=0.01s
[2026-06-17T09:50:52.848+0800][12.726s][info][gc,start       ] GC(280) Pause Young (Allocation Failure)
[2026-06-17T09:50:52.849+0800][12.727s][info][gc,start       ] GC(281) Pause Full (Allocation Failure)
[2026-06-17T09:50:52.850+0800][12.728s][info][gc,phases,start] GC(281) Phase 1: Mark live objects
[2026-06-17T09:50:52.854+0800][12.732s][info][gc,phases      ] GC(281) Phase 1: Mark live objects 4.264ms
[2026-06-17T09:50:52.857+0800][12.735s][info][gc,phases,start] GC(281) Phase 2: Compute new object addresses
[2026-06-17T09:50:52.859+0800][12.737s][info][gc,phases      ] GC(281) Phase 2: Compute new object addresses 2.229ms
[2026-06-17T09:50:52.863+0800][12.741s][info][gc,phases,start] GC(281) Phase 3: Adjust pointers
[2026-06-17T09:50:52.865+0800][12.743s][info][gc,phases      ] GC(281) Phase 3: Adjust pointers 2.611ms
[2026-06-17T09:50:52.868+0800][12.746s][info][gc,phases,start] GC(281) Phase 4: Move objects
[2026-06-17T09:50:52.875+0800][12.754s][info][gc,phases      ] GC(281) Phase 4: Move objects 7.086ms
[2026-06-17T09:50:52.877+0800][12.755s][info][gc             ] GC(281) Pause Full (Allocation Failure) 58M->28M(61M) 28.536ms
[2026-06-17T09:50:52.878+0800][12.756s][info][gc,heap        ] GC(280) DefNew: 19549K->0K(19648K)
[2026-06-17T09:50:52.880+0800][12.758s][info][gc,heap        ] GC(280) Tenured: 39949K->28849K(43712K)
[2026-06-17T09:50:52.882+0800][12.760s][info][gc,metaspace   ] GC(280) Metaspace: 3159K(4864K)->3159K(4864K) NonClass: 2853K(4352K)->2853K(4352K) Class: 305K(512K)->305K(512K)
[2026-06-17T09:50:52.884+0800][12.762s][info][gc             ] GC(280) Pause Young (Allocation Failure) 58M->28M(61M) 36.407ms
[2026-06-17T09:50:52.887+0800][12.765s][info][gc,cpu         ] GC(280) User=0.01s Sys=0.00s Real=0.04s
[2026-06-17T09:50:52.931+0800][12.809s][info][gc,start       ] GC(282) Pause Young (Allocation Failure)
[2026-06-17T09:50:52.934+0800][12.812s][info][gc,heap        ] GC(282) DefNew: 17458K->2175K(19648K)
[2026-06-17T09:50:52.935+0800][12.813s][info][gc,heap        ] GC(282) Tenured: 28849K->33376K(43712K)
[2026-06-17T09:50:52.936+0800][12.814s][info][gc,metaspace   ] GC(282) Metaspace: 3159K(4864K)->3159K(4864K) NonClass: 2853K(4352K)->2853K(4352K) Class: 305K(512K)->305K(512K)
[2026-06-17T09:50:52.936+0800][12.814s][info][gc             ] GC(282) Pause Young (Allocation Failure) 45M->34M(61M) 5.097ms
[2026-06-17T09:50:52.937+0800][12.815s][info][gc,cpu         ] GC(282) User=0.00s Sys=0.00s Real=0.00s
[2026-06-17T09:50:52.983+0800][12.861s][info][gc,start       ] GC(283) Pause Young (Allocation Failure)
[2026-06-17T09:50:52.986+0800][12.864s][info][gc,heap        ] GC(283) DefNew: 19641K->2169K(19648K)
[2026-06-17T09:50:52.986+0800][12.864s][info][gc,heap        ] GC(283) Tenured: 33376K->38047K(43712K)
[2026-06-17T09:50:52.987+0800][12.865s][info][gc,metaspace   ] GC(283) Metaspace: 3159K(4864K)->3159K(4864K) NonClass: 2853K(4352K)->2853K(4352K) Class: 305K(512K)->305K(512K)
[2026-06-17T09:50:52.987+0800][12.865s][info][gc             ] GC(283) Pause Young (Allocation Failure) 51M->39M(61M) 4.159ms
[2026-06-17T09:50:52.988+0800][12.866s][info][gc,cpu         ] GC(283) User=0.01s Sys=0.00s Real=0.00s
[2026-06-17T09:50:53.033+0800][12.911s][info][gc,start       ] GC(284) Pause Young (Allocation Failure)
[2026-06-17T09:50:53.034+0800][12.912s][info][gc,start       ] GC(285) Pause Full (Allocation Failure)
[2026-06-17T09:50:53.035+0800][12.913s][info][gc,phases,start] GC(285) Phase 1: Mark live objects
[2026-06-17T09:50:53.036+0800][12.914s][info][gc,phases      ] GC(285) Phase 1: Mark live objects 1.572ms
[2026-06-17T09:50:53.037+0800][12.915s][info][gc,phases,start] GC(285) Phase 2: Compute new object addresses
[2026-06-17T09:50:53.038+0800][12.916s][info][gc,phases      ] GC(285) Phase 2: Compute new object addresses 0.875ms
[2026-06-17T09:50:53.038+0800][12.916s][info][gc,phases,start] GC(285) Phase 3: Adjust pointers
[2026-06-17T09:50:53.040+0800][12.918s][info][gc,phases      ] GC(285) Phase 3: Adjust pointers 1.462ms
[2026-06-17T09:50:53.040+0800][12.918s][info][gc,phases,start] GC(285) Phase 4: Move objects
[2026-06-17T09:50:53.043+0800][12.921s][info][gc,phases      ] GC(285) Phase 4: Move objects 2.862ms
[2026-06-17T09:50:53.044+0800][12.922s][info][gc             ] GC(285) Pause Full (Allocation Failure) 56M->25M(61M) 9.686ms
[2026-06-17T09:50:53.044+0800][12.922s][info][gc,heap        ] GC(284) DefNew: 19467K->0K(19648K)
[2026-06-17T09:50:53.045+0800][12.923s][info][gc,heap        ] GC(284) Tenured: 38047K->26066K(43712K)
[2026-06-17T09:50:53.045+0800][12.923s][info][gc,metaspace   ] GC(284) Metaspace: 3159K(4864K)->3159K(4864K) NonClass: 2853K(4352K)->2853K(4352K) Class: 305K(512K)->305K(512K)
[2026-06-17T09:50:53.045+0800][12.923s][info][gc             ] GC(284) Pause Young (Allocation Failure) 56M->25M(61M) 11.954ms
[2026-06-17T09:50:53.045+0800][12.923s][info][gc,cpu         ] GC(284) User=0.01s Sys=0.00s Real=0.01s
[2026-06-17T09:50:53.100+0800][12.978s][info][gc,start       ] GC(286) Pause Young (Allocation Failure)
[2026-06-17T09:50:53.102+0800][12.980s][info][gc,heap        ] GC(286) DefNew: 17429K->2106K(19648K)
[2026-06-17T09:50:53.103+0800][12.981s][info][gc,heap        ] GC(286) Tenured: 26066K->28262K(43712K)
[2026-06-17T09:50:53.104+0800][12.982s][info][gc,metaspace   ] GC(286) Metaspace: 3159K(4864K)->3159K(4864K) NonClass: 2853K(4352K)->2853K(4352K) Class: 305K(512K)->305K(512K)
[2026-06-17T09:50:53.105+0800][12.983s][info][gc             ] GC(286) Pause Young (Allocation Failure) 42M->29M(61M) 4.717ms
[2026-06-17T09:50:53.105+0800][12.983s][info][gc,cpu         ] GC(286) User=0.00s Sys=0.00s Real=0.01s
[2026-06-17T09:50:53.150+0800][13.028s][info][gc,start       ] GC(287) Pause Young (Allocation Failure)
[2026-06-17T09:50:53.152+0800][13.030s][info][gc,heap        ] GC(287) DefNew: 19575K->2171K(19648K)
[2026-06-17T09:50:53.153+0800][13.031s][info][gc,heap        ] GC(287) Tenured: 28262K->31856K(43712K)
[2026-06-17T09:50:53.153+0800][13.031s][info][gc,metaspace   ] GC(287) Metaspace: 3159K(4864K)->3159K(4864K) NonClass: 2853K(4352K)->2853K(4352K) Class: 305K(512K)->305K(512K)
[2026-06-17T09:50:53.154+0800][13.032s][info][gc             ] GC(287) Pause Young (Allocation Failure) 46M->33M(61M) 4.011ms
[2026-06-17T09:50:53.154+0800][13.032s][info][gc,cpu         ] GC(287) User=0.00s Sys=0.00s Real=0.01s
[2026-06-17T09:50:53.198+0800][13.076s][info][gc,start       ] GC(288) Pause Young (Allocation Failure)
[2026-06-17T09:50:53.200+0800][13.078s][info][gc,heap        ] GC(288) DefNew: 19643K->2170K(19648K)
[2026-06-17T09:50:53.201+0800][13.079s][info][gc,heap        ] GC(288) Tenured: 31856K->36297K(43712K)
[2026-06-17T09:50:53.201+0800][13.079s][info][gc,metaspace   ] GC(288) Metaspace: 3159K(4864K)->3159K(4864K) NonClass: 2853K(4352K)->2853K(4352K) Class: 305K(512K)->305K(512K)
[2026-06-17T09:50:53.201+0800][13.079s][info][gc             ] GC(288) Pause Young (Allocation Failure) 50M->37M(61M) 3.472ms
[2026-06-17T09:50:53.202+0800][13.080s][info][gc,cpu         ] GC(288) User=0.00s Sys=0.00s Real=0.00s
[2026-06-17T09:50:53.255+0800][13.133s][info][gc,start       ] GC(289) Pause Young (Allocation Failure)
[2026-06-17T09:50:53.257+0800][13.135s][info][gc,heap        ] GC(289) DefNew: 19636K->2102K(19648K)
[2026-06-17T09:50:53.257+0800][13.135s][info][gc,heap        ] GC(289) Tenured: 36297K->37695K(43712K)
[2026-06-17T09:50:53.258+0800][13.136s][info][gc,metaspace   ] GC(289) Metaspace: 3159K(4864K)->3159K(4864K) NonClass: 2853K(4352K)->2853K(4352K) Class: 305K(512K)->305K(512K)
[2026-06-17T09:50:53.259+0800][13.137s][info][gc             ] GC(289) Pause Young (Allocation Failure) 54M->38M(61M) 3.610ms
[2026-06-17T09:50:53.259+0800][13.137s][info][gc,cpu         ] GC(289) User=0.00s Sys=0.00s Real=0.00s
[2026-06-17T09:50:53.293+0800][13.171s][info][gc,start       ] GC(290) Pause Young (Allocation Failure)
[2026-06-17T09:50:53.294+0800][13.172s][info][gc,start       ] GC(291) Pause Full (Allocation Failure)
[2026-06-17T09:50:53.296+0800][13.174s][info][gc,phases,start] GC(291) Phase 1: Mark live objects
[2026-06-17T09:50:53.299+0800][13.177s][info][gc,phases      ] GC(291) Phase 1: Mark live objects 2.916ms
[2026-06-17T09:50:53.300+0800][13.178s][info][gc,phases,start] GC(291) Phase 2: Compute new object addresses
[2026-06-17T09:50:53.301+0800][13.179s][info][gc,phases      ] GC(291) Phase 2: Compute new object addresses 0.960ms
[2026-06-17T09:50:53.302+0800][13.180s][info][gc,phases,start] GC(291) Phase 3: Adjust pointers
[2026-06-17T09:50:53.303+0800][13.181s][info][gc,phases      ] GC(291) Phase 3: Adjust pointers 1.101ms
[2026-06-17T09:50:53.303+0800][13.181s][info][gc,phases,start] GC(291) Phase 4: Move objects
[2026-06-17T09:50:53.306+0800][13.184s][info][gc,phases      ] GC(291) Phase 4: Move objects 2.679ms
[2026-06-17T09:50:53.307+0800][13.185s][info][gc             ] GC(291) Pause Full (Allocation Failure) 55M->21M(61M) 12.461ms
[2026-06-17T09:50:53.307+0800][13.185s][info][gc,heap        ] GC(290) DefNew: 19574K->0K(19648K)
[2026-06-17T09:50:53.307+0800][13.185s][info][gc,heap        ] GC(290) Tenured: 37695K->22081K(43712K)
[2026-06-17T09:50:53.308+0800][13.186s][info][gc,metaspace   ] GC(290) Metaspace: 3159K(4864K)->3159K(4864K) NonClass: 2853K(4352K)->2853K(4352K) Class: 305K(512K)->305K(512K)
[2026-06-17T09:50:53.309+0800][13.187s][info][gc             ] GC(290) Pause Young (Allocation Failure) 55M->21M(61M) 15.491ms
[2026-06-17T09:50:53.310+0800][13.188s][info][gc,cpu         ] GC(290) User=0.01s Sys=0.00s Real=0.01s
[2026-06-17T09:50:53.363+0800][13.241s][info][gc,start       ] GC(292) Pause Young (Allocation Failure)
[2026-06-17T09:50:53.364+0800][13.242s][info][gc,heap        ] GC(292) DefNew: 17472K->2093K(19648K)
[2026-06-17T09:50:53.364+0800][13.243s][info][gc,heap        ] GC(292) Tenured: 22081K->23944K(43712K)
[2026-06-17T09:50:53.365+0800][13.243s][info][gc,metaspace   ] GC(292) Metaspace: 3159K(4864K)->3159K(4864K) NonClass: 2853K(4352K)->2853K(4352K) Class: 305K(512K)->305K(512K)
[2026-06-17T09:50:53.365+0800][13.243s][info][gc             ] GC(292) Pause Young (Allocation Failure) 38M->25M(61M) 1.328ms
[2026-06-17T09:50:53.365+0800][13.243s][info][gc,cpu         ] GC(292) User=0.00s Sys=0.00s Real=0.00s
[2026-06-17T09:50:53.407+0800][13.285s][info][gc,start       ] GC(293) Pause Young (Allocation Failure)
[2026-06-17T09:50:53.409+0800][13.287s][info][gc,heap        ] GC(293) DefNew: 19546K->2173K(19648K)
[2026-06-17T09:50:53.409+0800][13.287s][info][gc,heap        ] GC(293) Tenured: 23944K->27295K(43712K)
[2026-06-17T09:50:53.410+0800][13.288s][info][gc,metaspace   ] GC(293) Metaspace: 3159K(4864K)->3159K(4864K) NonClass: 2853K(4352K)->2853K(4352K) Class: 305K(512K)->305K(512K)
[2026-06-17T09:50:53.410+0800][13.288s][info][gc             ] GC(293) Pause Young (Allocation Failure) 42M->28M(61M) 3.338ms
[2026-06-17T09:50:53.411+0800][13.289s][info][gc,cpu         ] GC(293) User=0.00s Sys=0.00s Real=0.01s
[2026-06-17T09:50:53.453+0800][13.332s][info][gc,start       ] GC(294) Pause Young (Allocation Failure)
[2026-06-17T09:50:53.455+0800][13.333s][info][gc,heap        ] GC(294) DefNew: 19599K->2170K(19648K)
[2026-06-17T09:50:53.455+0800][13.333s][info][gc,heap        ] GC(294) Tenured: 27295K->32374K(43712K)
[2026-06-17T09:50:53.455+0800][13.333s][info][gc,metaspace   ] GC(294) Metaspace: 3159K(4864K)->3159K(4864K) NonClass: 2853K(4352K)->2853K(4352K) Class: 305K(512K)->305K(512K)
[2026-06-17T09:50:53.455+0800][13.333s][info][gc             ] GC(294) Pause Young (Allocation Failure) 45M->33M(61M) 1.587ms
[2026-06-17T09:50:53.455+0800][13.333s][info][gc,cpu         ] GC(294) User=0.00s Sys=0.00s Real=0.00s
[2026-06-17T09:50:53.509+0800][13.387s][info][gc,start       ] GC(295) Pause Young (Allocation Failure)
[2026-06-17T09:50:53.511+0800][13.389s][info][gc,heap        ] GC(295) DefNew: 19613K->2039K(19648K)
[2026-06-17T09:50:53.513+0800][13.391s][info][gc,heap        ] GC(295) Tenured: 32374K->33175K(43712K)
[2026-06-17T09:50:53.514+0800][13.392s][info][gc,metaspace   ] GC(295) Metaspace: 3159K(4864K)->3159K(4864K) NonClass: 2853K(4352K)->2853K(4352K) Class: 305K(512K)->305K(512K)
[2026-06-17T09:50:53.515+0800][13.393s][info][gc             ] GC(295) Pause Young (Allocation Failure) 50M->34M(61M) 6.196ms
[2026-06-17T09:50:53.517+0800][13.395s][info][gc,cpu         ] GC(295) User=0.00s Sys=0.00s Real=0.01s
[2026-06-17T09:50:53.560+0800][13.438s][info][gc,start       ] GC(296) Pause Young (Allocation Failure)
[2026-06-17T09:50:53.562+0800][13.440s][info][gc,heap        ] GC(296) DefNew: 19469K->2112K(19648K)
[2026-06-17T09:50:53.563+0800][13.441s][info][gc,heap        ] GC(296) Tenured: 33175K->36962K(43712K)
[2026-06-17T09:50:53.563+0800][13.441s][info][gc,metaspace   ] GC(296) Metaspace: 3159K(4864K)->3159K(4864K) NonClass: 2853K(4352K)->2853K(4352K) Class: 305K(512K)->305K(512K)
[2026-06-17T09:50:53.563+0800][13.441s][info][gc             ] GC(296) Pause Young (Allocation Failure) 51M->38M(61M) 3.014ms
[2026-06-17T09:50:53.564+0800][13.442s][info][gc,cpu         ] GC(296) User=0.00s Sys=0.00s Real=0.01s
[2026-06-17T09:50:53.606+0800][13.484s][info][gc,start       ] GC(297) Pause Young (Allocation Failure)
[2026-06-17T09:50:53.608+0800][13.486s][info][gc,heap        ] GC(297) DefNew: 19582K->2167K(19648K)
[2026-06-17T09:50:53.608+0800][13.486s][info][gc,heap        ] GC(297) Tenured: 36962K->40605K(43712K)
[2026-06-17T09:50:53.609+0800][13.487s][info][gc,metaspace   ] GC(297) Metaspace: 3159K(4864K)->3159K(4864K) NonClass: 2853K(4352K)->2853K(4352K) Class: 305K(512K)->305K(512K)
[2026-06-17T09:50:53.609+0800][13.487s][info][gc             ] GC(297) Pause Young (Allocation Failure) 55M->41M(61M) 2.748ms
[2026-06-17T09:50:53.609+0800][13.487s][info][gc,cpu         ] GC(297) User=0.01s Sys=0.00s Real=0.00s
[2026-06-17T09:50:53.653+0800][13.531s][info][gc,start       ] GC(298) Pause Young (Allocation Failure)
[2026-06-17T09:50:53.653+0800][13.531s][info][gc,start       ] GC(299) Pause Full (Allocation Failure)
[2026-06-17T09:50:53.654+0800][13.532s][info][gc,phases,start] GC(299) Phase 1: Mark live objects
[2026-06-17T09:50:53.654+0800][13.532s][info][gc,phases      ] GC(299) Phase 1: Mark live objects 0.726ms
[2026-06-17T09:50:53.655+0800][13.533s][info][gc,phases,start] GC(299) Phase 2: Compute new object addresses
[2026-06-17T09:50:53.655+0800][13.533s][info][gc,phases      ] GC(299) Phase 2: Compute new object addresses 0.296ms
[2026-06-17T09:50:53.655+0800][13.533s][info][gc,phases,start] GC(299) Phase 3: Adjust pointers
[2026-06-17T09:50:53.656+0800][13.534s][info][gc,phases      ] GC(299) Phase 3: Adjust pointers 0.451ms
[2026-06-17T09:50:53.656+0800][13.534s][info][gc,phases,start] GC(299) Phase 4: Move objects
[2026-06-17T09:50:53.657+0800][13.535s][info][gc,phases      ] GC(299) Phase 4: Move objects 1.327ms
[2026-06-17T09:50:53.657+0800][13.535s][info][gc             ] GC(299) Pause Full (Allocation Failure) 58M->22M(61M) 3.888ms
[2026-06-17T09:50:53.657+0800][13.536s][info][gc,heap        ] GC(298) DefNew: 19483K->0K(19648K)
[2026-06-17T09:50:53.658+0800][13.536s][info][gc,heap        ] GC(298) Tenured: 40605K->22844K(43712K)
[2026-06-17T09:50:53.658+0800][13.536s][info][gc,metaspace   ] GC(298) Metaspace: 3159K(4864K)->3159K(4864K) NonClass: 2853K(4352K)->2853K(4352K) Class: 305K(512K)->305K(512K)
[2026-06-17T09:50:53.658+0800][13.536s][info][gc             ] GC(298) Pause Young (Allocation Failure) 58M->22M(61M) 4.938ms
[2026-06-17T09:50:53.658+0800][13.536s][info][gc,cpu         ] GC(298) User=0.00s Sys=0.00s Real=0.00s
[2026-06-17T09:50:53.701+0800][13.579s][info][gc,start       ] GC(300) Pause Young (Allocation Failure)
[2026-06-17T09:50:53.702+0800][13.580s][info][gc,heap        ] GC(300) DefNew: 17472K->2168K(19648K)
[2026-06-17T09:50:53.703+0800][13.581s][info][gc,heap        ] GC(300) Tenured: 22844K->27760K(43712K)
[2026-06-17T09:50:53.703+0800][13.581s][info][gc,metaspace   ] GC(300) Metaspace: 3159K(4864K)->3159K(4864K) NonClass: 2853K(4352K)->2853K(4352K) Class: 305K(512K)->305K(512K)
[2026-06-17T09:50:53.703+0800][13.581s][info][gc             ] GC(300) Pause Young (Allocation Failure) 39M->29M(61M) 2.022ms
[2026-06-17T09:50:53.703+0800][13.582s][info][gc,cpu         ] GC(300) User=0.00s Sys=0.00s Real=0.01s
[2026-06-17T09:50:53.757+0800][13.635s][info][gc,start       ] GC(301) Pause Young (Allocation Failure)
[2026-06-17T09:50:53.759+0800][13.637s][info][gc,heap        ] GC(301) DefNew: 19610K->2136K(19648K)
[2026-06-17T09:50:53.760+0800][13.638s][info][gc,heap        ] GC(301) Tenured: 27760K->30665K(43712K)
[2026-06-17T09:50:53.760+0800][13.638s][info][gc,metaspace   ] GC(301) Metaspace: 3159K(4864K)->3159K(4864K) NonClass: 2853K(4352K)->2853K(4352K) Class: 305K(512K)->305K(512K)
[2026-06-17T09:50:53.761+0800][13.639s][info][gc             ] GC(301) Pause Young (Allocation Failure) 46M->32M(61M) 3.922ms
[2026-06-17T09:50:53.761+0800][13.639s][info][gc,cpu         ] GC(301) User=0.01s Sys=0.00s Real=0.00s
[2026-06-17T09:50:53.795+0800][13.673s][info][gc,start       ] GC(302) Pause Young (Allocation Failure)
[2026-06-17T09:50:53.798+0800][13.676s][info][gc,heap        ] GC(302) DefNew: 18626K->2034K(19648K)
[2026-06-17T09:50:53.798+0800][13.676s][info][gc,heap        ] GC(302) Tenured: 30665K->33394K(43712K)
[2026-06-17T09:50:53.798+0800][13.677s][info][gc,metaspace   ] GC(302) Metaspace: 3159K(4864K)->3159K(4864K) NonClass: 2853K(4352K)->2853K(4352K) Class: 305K(512K)->305K(512K)
[2026-06-17T09:50:53.799+0800][13.677s][info][gc             ] GC(302) Pause Young (Allocation Failure) 48M->34M(61M) 3.734ms
[2026-06-17T09:50:53.799+0800][13.678s][info][gc,cpu         ] GC(302) User=0.00s Sys=0.00s Real=0.00s
[2026-06-17T09:50:53.852+0800][13.730s][info][gc,start       ] GC(303) Pause Young (Allocation Failure)
[2026-06-17T09:50:53.854+0800][13.732s][info][gc,heap        ] GC(303) DefNew: 19491K->2102K(19648K)
[2026-06-17T09:50:53.854+0800][13.732s][info][gc,heap        ] GC(303) Tenured: 33394K->37137K(43712K)
[2026-06-17T09:50:53.854+0800][13.732s][info][gc,metaspace   ] GC(303) Metaspace: 3159K(4864K)->3159K(4864K) NonClass: 2853K(4352K)->2853K(4352K) Class: 305K(512K)->305K(512K)
[2026-06-17T09:50:53.854+0800][13.732s][info][gc             ] GC(303) Pause Young (Allocation Failure) 51M->38M(61M) 1.943ms
[2026-06-17T09:50:53.855+0800][13.733s][info][gc,cpu         ] GC(303) User=0.00s Sys=0.00s Real=0.00s
[2026-06-17T09:50:53.898+0800][13.776s][info][gc,start       ] GC(304) Pause Young (Allocation Failure)
[2026-06-17T09:50:53.901+0800][13.779s][info][gc,heap        ] GC(304) DefNew: 19574K->2120K(19648K)
[2026-06-17T09:50:53.901+0800][13.780s][info][gc,heap        ] GC(304) Tenured: 37137K->40182K(43712K)
[2026-06-17T09:50:53.902+0800][13.780s][info][gc,metaspace   ] GC(304) Metaspace: 3159K(4864K)->3159K(4864K) NonClass: 2853K(4352K)->2853K(4352K) Class: 305K(512K)->305K(512K)
[2026-06-17T09:50:53.903+0800][13.781s][info][gc             ] GC(304) Pause Young (Allocation Failure) 55M->41M(61M) 4.489ms
[2026-06-17T09:50:53.903+0800][13.781s][info][gc,cpu         ] GC(304) User=0.00s Sys=0.00s Real=0.01s
[2026-06-17T09:50:53.948+0800][13.826s][info][gc,start       ] GC(305) Pause Young (Allocation Failure)
[2026-06-17T09:50:53.949+0800][13.827s][info][gc,start       ] GC(306) Pause Full (Allocation Failure)
[2026-06-17T09:50:53.950+0800][13.828s][info][gc,phases,start] GC(306) Phase 1: Mark live objects
[2026-06-17T09:50:53.952+0800][13.830s][info][gc,phases      ] GC(306) Phase 1: Mark live objects 2.593ms
[2026-06-17T09:50:53.953+0800][13.831s][info][gc,phases,start] GC(306) Phase 2: Compute new object addresses
[2026-06-17T09:50:53.954+0800][13.832s][info][gc,phases      ] GC(306) Phase 2: Compute new object addresses 0.985ms
[2026-06-17T09:50:53.955+0800][13.833s][info][gc,phases,start] GC(306) Phase 3: Adjust pointers
[2026-06-17T09:50:53.956+0800][13.834s][info][gc,phases      ] GC(306) Phase 3: Adjust pointers 1.064ms
[2026-06-17T09:50:53.956+0800][13.834s][info][gc,phases,start] GC(306) Phase 4: Move objects
[2026-06-17T09:50:53.960+0800][13.838s][info][gc,phases      ] GC(306) Phase 4: Move objects 3.748ms
[2026-06-17T09:50:53.961+0800][13.839s][info][gc             ] GC(306) Pause Full (Allocation Failure) 58M->27M(61M) 12.631ms
[2026-06-17T09:50:53.962+0800][13.840s][info][gc,heap        ] GC(305) DefNew: 19592K->0K(19648K)
[2026-06-17T09:50:53.962+0800][13.840s][info][gc,heap        ] GC(305) Tenured: 40182K->28313K(43712K)
[2026-06-17T09:50:53.962+0800][13.840s][info][gc,metaspace   ] GC(305) Metaspace: 3159K(4864K)->3159K(4864K) NonClass: 2853K(4352K)->2853K(4352K) Class: 305K(512K)->305K(512K)
[2026-06-17T09:50:53.962+0800][13.840s][info][gc             ] GC(305) Pause Young (Allocation Failure) 58M->27M(61M) 14.462ms
[2026-06-17T09:50:53.962+0800][13.841s][info][gc,cpu         ] GC(305) User=0.01s Sys=0.00s Real=0.02s
[2026-06-17T09:50:54.006+0800][13.884s][info][gc,start       ] GC(307) Pause Young (Allocation Failure)
[2026-06-17T09:50:54.007+0800][13.885s][info][gc,heap        ] GC(307) DefNew: 16931K->2082K(19648K)
[2026-06-17T09:50:54.008+0800][13.886s][info][gc,heap        ] GC(307) Tenured: 28313K->29404K(43712K)
[2026-06-17T09:50:54.008+0800][13.886s][info][gc,metaspace   ] GC(307) Metaspace: 3159K(4864K)->3159K(4864K) NonClass: 2853K(4352K)->2853K(4352K) Class: 305K(512K)->305K(512K)
[2026-06-17T09:50:54.008+0800][13.886s][info][gc             ] GC(307) Pause Young (Allocation Failure) 44M->30M(61M) 2.505ms
[2026-06-17T09:50:54.008+0800][13.886s][info][gc,cpu         ] GC(307) User=0.00s Sys=0.00s Real=0.00s
[2026-06-17T09:50:54.050+0800][13.929s][info][gc,start       ] GC(308) Pause Young (Allocation Failure)
[2026-06-17T09:50:54.052+0800][13.930s][info][gc,heap        ] GC(308) DefNew: 19485K->2142K(19648K)
[2026-06-17T09:50:54.052+0800][13.930s][info][gc,heap        ] GC(308) Tenured: 29404K->32806K(43712K)
[2026-06-17T09:50:54.053+0800][13.931s][info][gc,metaspace   ] GC(308) Metaspace: 3159K(4864K)->3159K(4864K) NonClass: 2853K(4352K)->2853K(4352K) Class: 305K(512K)->305K(512K)
[2026-06-17T09:50:54.053+0800][13.931s][info][gc             ] GC(308) Pause Young (Allocation Failure) 47M->34M(61M) 2.262ms
[2026-06-17T09:50:54.053+0800][13.931s][info][gc,cpu         ] GC(308) User=0.00s Sys=0.00s Real=0.00s
[2026-06-17T09:50:54.107+0800][13.985s][info][gc,start       ] GC(309) Pause Young (Allocation Failure)
[2026-06-17T09:50:54.109+0800][13.987s][info][gc,heap        ] GC(309) DefNew: 19581K->2103K(19648K)
[2026-06-17T09:50:54.109+0800][13.987s][info][gc,heap        ] GC(309) Tenured: 32806K->36055K(43712K)
[2026-06-17T09:50:54.110+0800][13.988s][info][gc,metaspace   ] GC(309) Metaspace: 3159K(4864K)->3159K(4864K) NonClass: 2853K(4352K)->2853K(4352K) Class: 305K(512K)->305K(512K)
[2026-06-17T09:50:54.110+0800][13.988s][info][gc             ] GC(309) Pause Young (Allocation Failure) 51M->37M(61M) 3.381ms
[2026-06-17T09:50:54.111+0800][13.989s][info][gc,cpu         ] GC(309) User=0.00s Sys=0.00s Real=0.01s
[2026-06-17T09:50:54.155+0800][14.033s][info][gc,start       ] GC(310) Pause Young (Allocation Failure)
[2026-06-17T09:50:54.157+0800][14.035s][info][gc,heap        ] GC(310) DefNew: 19575K->2158K(19648K)
[2026-06-17T09:50:54.160+0800][14.038s][info][gc,heap        ] GC(310) Tenured: 36055K->39631K(43712K)
[2026-06-17T09:50:54.161+0800][14.039s][info][gc,metaspace   ] GC(310) Metaspace: 3159K(4864K)->3159K(4864K) NonClass: 2853K(4352K)->2853K(4352K) Class: 305K(512K)->305K(512K)
[2026-06-17T09:50:54.161+0800][14.039s][info][gc             ] GC(310) Pause Young (Allocation Failure) 54M->40M(61M) 6.410ms
[2026-06-17T09:50:54.162+0800][14.040s][info][gc,cpu         ] GC(310) User=0.01s Sys=0.00s Real=0.00s
[2026-06-17T09:50:54.205+0800][14.083s][info][gc,start       ] GC(311) Pause Young (Allocation Failure)
[2026-06-17T09:50:54.205+0800][14.083s][info][gc,start       ] GC(312) Pause Full (Allocation Failure)
[2026-06-17T09:50:54.206+0800][14.084s][info][gc,phases,start] GC(312) Phase 1: Mark live objects
[2026-06-17T09:50:54.207+0800][14.085s][info][gc,phases      ] GC(312) Phase 1: Mark live objects 1.658ms
[2026-06-17T09:50:54.208+0800][14.086s][info][gc,phases,start] GC(312) Phase 2: Compute new object addresses
[2026-06-17T09:50:54.209+0800][14.087s][info][gc,phases      ] GC(312) Phase 2: Compute new object addresses 0.829ms
[2026-06-17T09:50:54.209+0800][14.087s][info][gc,phases,start] GC(312) Phase 3: Adjust pointers
[2026-06-17T09:50:54.211+0800][14.089s][info][gc,phases      ] GC(312) Phase 3: Adjust pointers 1.092ms
[2026-06-17T09:50:54.211+0800][14.089s][info][gc,phases,start] GC(312) Phase 4: Move objects
[2026-06-17T09:50:54.213+0800][14.091s][info][gc,phases      ] GC(312) Phase 4: Move objects 2.405ms
[2026-06-17T09:50:54.214+0800][14.092s][info][gc             ] GC(312) Pause Full (Allocation Failure) 57M->22M(61M) 8.716ms
[2026-06-17T09:50:54.214+0800][14.092s][info][gc,heap        ] GC(311) DefNew: 19628K->0K(19648K)
[2026-06-17T09:50:54.215+0800][14.093s][info][gc,heap        ] GC(311) Tenured: 39631K->22960K(43712K)
[2026-06-17T09:50:54.215+0800][14.093s][info][gc,metaspace   ] GC(311) Metaspace: 3159K(4864K)->3159K(4864K) NonClass: 2853K(4352K)->2853K(4352K) Class: 305K(512K)->305K(512K)
[2026-06-17T09:50:54.215+0800][14.093s][info][gc             ] GC(311) Pause Young (Allocation Failure) 57M->22M(61M) 10.837ms
[2026-06-17T09:50:54.216+0800][14.094s][info][gc,cpu         ] GC(311) User=0.00s Sys=0.00s Real=0.01s
[2026-06-17T09:50:54.259+0800][14.137s][info][gc,start       ] GC(313) Pause Young (Allocation Failure)
[2026-06-17T09:50:54.261+0800][14.139s][info][gc,heap        ] GC(313) DefNew: 17472K->2166K(19648K)
[2026-06-17T09:50:54.262+0800][14.140s][info][gc,heap        ] GC(313) Tenured: 22960K->27491K(43712K)
[2026-06-17T09:50:54.263+0800][14.141s][info][gc,metaspace   ] GC(313) Metaspace: 3159K(4864K)->3159K(4864K) NonClass: 2853K(4352K)->2853K(4352K) Class: 305K(512K)->305K(512K)
[2026-06-17T09:50:54.263+0800][14.141s][info][gc             ] GC(313) Pause Young (Allocation Failure) 39M->28M(61M) 4.139ms
[2026-06-17T09:50:54.264+0800][14.142s][info][gc,cpu         ] GC(313) User=0.01s Sys=0.00s Real=0.01s
[2026-06-17T09:50:54.307+0800][14.185s][info][gc,start       ] GC(314) Pause Young (Allocation Failure)
[2026-06-17T09:50:54.308+0800][14.186s][info][gc,heap        ] GC(314) DefNew: 19610K->2165K(19648K)
[2026-06-17T09:50:54.309+0800][14.187s][info][gc,heap        ] GC(314) Tenured: 27491K->32596K(43712K)
[2026-06-17T09:50:54.309+0800][14.187s][info][gc,metaspace   ] GC(314) Metaspace: 3159K(4864K)->3159K(4864K) NonClass: 2853K(4352K)->2853K(4352K) Class: 305K(512K)->305K(512K)
[2026-06-17T09:50:54.310+0800][14.188s][info][gc             ] GC(314) Pause Young (Allocation Failure) 45M->33M(61M) 2.845ms
[2026-06-17T09:50:54.310+0800][14.188s][info][gc,cpu         ] GC(314) User=0.00s Sys=0.00s Real=0.00s
[2026-06-17T09:50:54.353+0800][14.231s][info][gc,start       ] GC(315) Pause Young (Allocation Failure)
[2026-06-17T09:50:54.354+0800][14.233s][info][gc,heap        ] GC(315) DefNew: 19581K->2174K(19648K)
[2026-06-17T09:50:54.355+0800][14.233s][info][gc,heap        ] GC(315) Tenured: 32596K->36880K(43712K)
[2026-06-17T09:50:54.355+0800][14.233s][info][gc,metaspace   ] GC(315) Metaspace: 3159K(4864K)->3159K(4864K) NonClass: 2853K(4352K)->2853K(4352K) Class: 305K(512K)->305K(512K)
[2026-06-17T09:50:54.356+0800][14.234s][info][gc             ] GC(315) Pause Young (Allocation Failure) 50M->38M(61M) 2.260ms
[2026-06-17T09:50:54.356+0800][14.234s][info][gc,cpu         ] GC(315) User=0.00s Sys=0.00s Real=0.00s
[2026-06-17T09:50:54.409+0800][14.287s][info][gc,start       ] GC(316) Pause Young (Allocation Failure)
[2026-06-17T09:50:54.411+0800][14.289s][info][gc,heap        ] GC(316) DefNew: 19646K->2065K(19648K)
[2026-06-17T09:50:54.411+0800][14.289s][info][gc,heap        ] GC(316) Tenured: 36880K->38000K(43712K)
[2026-06-17T09:50:54.412+0800][14.290s][info][gc,metaspace   ] GC(316) Metaspace: 3159K(4864K)->3159K(4864K) NonClass: 2853K(4352K)->2853K(4352K) Class: 305K(512K)->305K(512K)
[2026-06-17T09:50:54.412+0800][14.291s][info][gc             ] GC(316) Pause Young (Allocation Failure) 55M->39M(61M) 3.276ms
[2026-06-17T09:50:54.413+0800][14.291s][info][gc,cpu         ] GC(316) User=0.01s Sys=0.00s Real=0.01s
[2026-06-17T09:50:54.457+0800][14.335s][info][gc,start       ] GC(317) Pause Young (Allocation Failure)
[2026-06-17T09:50:54.458+0800][14.336s][info][gc,start       ] GC(318) Pause Full (Allocation Failure)
[2026-06-17T09:50:54.459+0800][14.337s][info][gc,phases,start] GC(318) Phase 1: Mark live objects
[2026-06-17T09:50:54.461+0800][14.339s][info][gc,phases      ] GC(318) Phase 1: Mark live objects 1.877ms
[2026-06-17T09:50:54.461+0800][14.339s][info][gc,phases,start] GC(318) Phase 2: Compute new object addresses
[2026-06-17T09:50:54.462+0800][14.341s][info][gc,phases      ] GC(318) Phase 2: Compute new object addresses 1.012ms
[2026-06-17T09:50:54.463+0800][14.341s][info][gc,phases,start] GC(318) Phase 3: Adjust pointers
[2026-06-17T09:50:54.464+0800][14.343s][info][gc,phases      ] GC(318) Phase 3: Adjust pointers 1.397ms
[2026-06-17T09:50:54.466+0800][14.344s][info][gc,phases,start] GC(318) Phase 4: Move objects
[2026-06-17T09:50:54.469+0800][14.347s][info][gc,phases      ] GC(318) Phase 4: Move objects 3.245ms
[2026-06-17T09:50:54.470+0800][14.348s][info][gc             ] GC(318) Pause Full (Allocation Failure) 56M->27M(61M) 11.965ms
[2026-06-17T09:50:54.471+0800][14.349s][info][gc,heap        ] GC(317) DefNew: 19537K->0K(19648K)
[2026-06-17T09:50:54.471+0800][14.349s][info][gc,heap        ] GC(317) Tenured: 38000K->28622K(43712K)
[2026-06-17T09:50:54.472+0800][14.350s][info][gc,metaspace   ] GC(317) Metaspace: 3159K(4864K)->3159K(4864K) NonClass: 2853K(4352K)->2853K(4352K) Class: 305K(512K)->305K(512K)
[2026-06-17T09:50:54.472+0800][14.350s][info][gc             ] GC(317) Pause Young (Allocation Failure) 56M->27M(61M) 15.034ms
[2026-06-17T09:50:54.472+0800][14.351s][info][gc,cpu         ] GC(317) User=0.00s Sys=0.01s Real=0.02s
[2026-06-17T09:50:54.517+0800][14.395s][info][gc,start       ] GC(319) Pause Young (Allocation Failure)
[2026-06-17T09:50:54.520+0800][14.398s][info][gc,heap        ] GC(319) DefNew: 17472K->2175K(19648K)
[2026-06-17T09:50:54.520+0800][14.398s][info][gc,heap        ] GC(319) Tenured: 28622K->33600K(43712K)
[2026-06-17T09:50:54.521+0800][14.399s][info][gc,metaspace   ] GC(319) Metaspace: 3159K(4864K)->3159K(4864K) NonClass: 2853K(4352K)->2853K(4352K) Class: 305K(512K)->305K(512K)
[2026-06-17T09:50:54.521+0800][14.399s][info][gc             ] GC(319) Pause Young (Allocation Failure) 45M->34M(61M) 4.416ms
[2026-06-17T09:50:54.522+0800][14.400s][info][gc,cpu         ] GC(319) User=0.01s Sys=0.00s Real=0.00s
[2026-06-17T09:50:54.565+0800][14.444s][info][gc,start       ] GC(320) Pause Young (Allocation Failure)
[2026-06-17T09:50:54.568+0800][14.446s][info][gc,heap        ] GC(320) DefNew: 19610K->2146K(19648K)
[2026-06-17T09:50:54.568+0800][14.446s][info][gc,heap        ] GC(320) Tenured: 33600K->37704K(43712K)
[2026-06-17T09:50:54.569+0800][14.447s][info][gc,metaspace   ] GC(320) Metaspace: 3159K(4864K)->3159K(4864K) NonClass: 2853K(4352K)->2853K(4352K) Class: 305K(512K)->305K(512K)
[2026-06-17T09:50:54.569+0800][14.447s][info][gc             ] GC(320) Pause Young (Allocation Failure) 51M->38M(61M) 3.599ms
[2026-06-17T09:50:54.570+0800][14.448s][info][gc,cpu         ] GC(320) User=0.00s Sys=0.00s Real=0.00s
[2026-06-17T09:50:54.623+0800][14.501s][info][gc,start       ] GC(321) Pause Young (Allocation Failure)
[2026-06-17T09:50:54.623+0800][14.501s][info][gc,start       ] GC(322) Pause Full (Allocation Failure)
[2026-06-17T09:50:54.624+0800][14.502s][info][gc,phases,start] GC(322) Phase 1: Mark live objects
[2026-06-17T09:50:54.625+0800][14.503s][info][gc,phases      ] GC(322) Phase 1: Mark live objects 1.560ms
[2026-06-17T09:50:54.626+0800][14.504s][info][gc,phases,start] GC(322) Phase 2: Compute new object addresses
[2026-06-17T09:50:54.627+0800][14.505s][info][gc,phases      ] GC(322) Phase 2: Compute new object addresses 0.803ms
[2026-06-17T09:50:54.627+0800][14.505s][info][gc,phases,start] GC(322) Phase 3: Adjust pointers
[2026-06-17T09:50:54.628+0800][14.506s][info][gc,phases      ] GC(322) Phase 3: Adjust pointers 1.127ms
[2026-06-17T09:50:54.629+0800][14.507s][info][gc,phases,start] GC(322) Phase 4: Move objects
[2026-06-17T09:50:54.631+0800][14.509s][info][gc,phases      ] GC(322) Phase 4: Move objects 2.408ms
[2026-06-17T09:50:54.631+0800][14.510s][info][gc             ] GC(322) Pause Full (Allocation Failure) 55M->26M(61M) 8.179ms
[2026-06-17T09:50:54.632+0800][14.510s][info][gc,heap        ] GC(321) DefNew: 19618K->0K(19648K)
[2026-06-17T09:50:54.632+0800][14.510s][info][gc,heap        ] GC(321) Tenured: 37704K->26632K(43712K)
[2026-06-17T09:50:54.632+0800][14.510s][info][gc,metaspace   ] GC(321) Metaspace: 3159K(4864K)->3159K(4864K) NonClass: 2853K(4352K)->2853K(4352K) Class: 305K(512K)->305K(512K)
[2026-06-17T09:50:54.633+0800][14.511s][info][gc             ] GC(321) Pause Young (Allocation Failure) 55M->26M(61M) 9.797ms
[2026-06-17T09:50:54.633+0800][14.511s][info][gc,cpu         ] GC(321) User=0.01s Sys=0.00s Real=0.01s
[2026-06-17T09:50:54.676+0800][14.555s][info][gc,start       ] GC(323) Pause Young (Allocation Failure)
[2026-06-17T09:50:54.679+0800][14.557s][info][gc,heap        ] GC(323) DefNew: 17450K->2174K(19648K)
[2026-06-17T09:50:54.680+0800][14.558s][info][gc,heap        ] GC(323) Tenured: 26632K->31464K(43712K)
[2026-06-17T09:50:54.680+0800][14.558s][info][gc,metaspace   ] GC(323) Metaspace: 3159K(4864K)->3159K(4864K) NonClass: 2853K(4352K)->2853K(4352K) Class: 305K(512K)->305K(512K)
[2026-06-17T09:50:54.681+0800][14.559s][info][gc             ] GC(323) Pause Young (Allocation Failure) 43M->32M(61M) 4.322ms
[2026-06-17T09:50:54.681+0800][14.559s][info][gc,cpu         ] GC(323) User=0.00s Sys=0.00s Real=0.00s
[2026-06-17T09:50:54.726+0800][14.604s][info][gc,start       ] GC(324) Pause Young (Allocation Failure)
[2026-06-17T09:50:54.729+0800][14.607s][info][gc,heap        ] GC(324) DefNew: 19628K->2162K(19648K)
[2026-06-17T09:50:54.729+0800][14.607s][info][gc,heap        ] GC(324) Tenured: 31464K->37114K(43712K)
[2026-06-17T09:50:54.730+0800][14.608s][info][gc,metaspace   ] GC(324) Metaspace: 3159K(4864K)->3159K(4864K) NonClass: 2853K(4352K)->2853K(4352K) Class: 305K(512K)->305K(512K)
[2026-06-17T09:50:54.731+0800][14.609s][info][gc             ] GC(324) Pause Young (Allocation Failure) 49M->38M(61M) 4.889ms
[2026-06-17T09:50:54.732+0800][14.610s][info][gc,cpu         ] GC(324) User=0.00s Sys=0.00s Real=0.01s
[2026-06-17T09:50:54.776+0800][14.654s][info][gc,start       ] GC(325) Pause Young (Allocation Failure)
[2026-06-17T09:50:54.800+0800][14.678s][info][gc,start       ] GC(326) Pause Full (Allocation Failure)
[2026-06-17T09:50:54.814+0800][14.692s][info][gc,phases,start] GC(326) Phase 1: Mark live objects
[2026-06-17T09:50:54.817+0800][14.695s][info][gc,phases      ] GC(326) Phase 1: Mark live objects 2.941ms
[2026-06-17T09:50:54.823+0800][14.701s][info][gc,phases,start] GC(326) Phase 2: Compute new object addresses
[2026-06-17T09:50:54.826+0800][14.704s][info][gc,phases      ] GC(326) Phase 2: Compute new object addresses 3.222ms
[2026-06-17T09:50:54.831+0800][14.709s][info][gc,phases,start] GC(326) Phase 3: Adjust pointers
[2026-06-17T09:50:54.835+0800][14.713s][info][gc,phases      ] GC(326) Phase 3: Adjust pointers 4.423ms
[2026-06-17T09:50:54.842+0800][14.720s][info][gc,phases,start] GC(326) Phase 4: Move objects
[2026-06-17T09:50:54.846+0800][14.724s][info][gc,phases      ] GC(326) Phase 4: Move objects 4.573ms
[2026-06-17T09:50:54.848+0800][14.726s][info][gc             ] GC(326) Pause Full (Allocation Failure) 55M->28M(61M) 47.257ms
[2026-06-17T09:50:54.851+0800][14.729s][info][gc,heap        ] GC(325) DefNew: 19624K->0K(19648K)
[2026-06-17T09:50:54.853+0800][14.731s][info][gc,heap        ] GC(325) Tenured: 37114K->29084K(43712K)
[2026-06-17T09:50:54.855+0800][14.733s][info][gc,metaspace   ] GC(325) Metaspace: 3159K(4864K)->3159K(4864K) NonClass: 2853K(4352K)->2853K(4352K) Class: 305K(512K)->305K(512K)
[2026-06-17T09:50:54.859+0800][14.737s][info][gc             ] GC(325) Pause Young (Allocation Failure) 55M->28M(61M) 83.479ms
[2026-06-17T09:50:54.860+0800][14.738s][info][gc,cpu         ] GC(325) User=0.01s Sys=0.00s Real=0.08s
[2026-06-17T09:50:54.904+0800][14.782s][info][gc,start       ] GC(327) Pause Young (Allocation Failure)
[2026-06-17T09:50:54.905+0800][14.783s][info][gc,heap        ] GC(327) DefNew: 17371K->2169K(19648K)
[2026-06-17T09:50:54.905+0800][14.784s][info][gc,heap        ] GC(327) Tenured: 29084K->30527K(43712K)
[2026-06-17T09:50:54.909+0800][14.787s][info][gc,metaspace   ] GC(327) Metaspace: 3159K(4864K)->3159K(4864K) NonClass: 2853K(4352K)->2853K(4352K) Class: 305K(512K)->305K(512K)
[2026-06-17T09:50:54.909+0800][14.788s][info][gc             ] GC(327) Pause Young (Allocation Failure) 45M->31M(61M) 5.815ms
[2026-06-17T09:50:54.910+0800][14.788s][info][gc,cpu         ] GC(327) User=0.00s Sys=0.00s Real=0.00s
[2026-06-17T09:50:54.952+0800][14.830s][info][gc,start       ] GC(328) Pause Young (Allocation Failure)
[2026-06-17T09:50:54.957+0800][14.835s][info][gc,heap        ] GC(328) DefNew: 19641K->2170K(19648K)
[2026-06-17T09:50:54.958+0800][14.836s][info][gc,heap        ] GC(328) Tenured: 30527K->37165K(43712K)
[2026-06-17T09:50:54.958+0800][14.836s][info][gc,metaspace   ] GC(328) Metaspace: 3159K(4864K)->3159K(4864K) NonClass: 2853K(4352K)->2853K(4352K) Class: 305K(512K)->305K(512K)
[2026-06-17T09:50:54.959+0800][14.837s][info][gc             ] GC(328) Pause Young (Allocation Failure) 48M->38M(61M) 6.955ms
[2026-06-17T09:50:54.960+0800][14.838s][info][gc,cpu         ] GC(328) User=0.00s Sys=0.00s Real=0.00s
[2026-06-17T09:50:55.004+0800][14.882s][info][gc,start       ] GC(329) Pause Young (Allocation Failure)
[2026-06-17T09:50:55.005+0800][14.883s][info][gc,start       ] GC(330) Pause Full (Allocation Failure)
[2026-06-17T09:50:55.006+0800][14.884s][info][gc,phases,start] GC(330) Phase 1: Mark live objects
[2026-06-17T09:50:55.008+0800][14.886s][info][gc,phases      ] GC(330) Phase 1: Mark live objects 2.109ms
[2026-06-17T09:50:55.010+0800][14.888s][info][gc,phases,start] GC(330) Phase 2: Compute new object addresses
[2026-06-17T09:50:55.011+0800][14.889s][info][gc,phases      ] GC(330) Phase 2: Compute new object addresses 1.039ms
[2026-06-17T09:50:55.013+0800][14.891s][info][gc,phases,start] GC(330) Phase 3: Adjust pointers
[2026-06-17T09:50:55.018+0800][14.896s][info][gc,phases      ] GC(330) Phase 3: Adjust pointers 4.801ms
[2026-06-17T09:50:55.019+0800][14.897s][info][gc,phases,start] GC(330) Phase 4: Move objects
[2026-06-17T09:50:55.025+0800][14.903s][info][gc,phases      ] GC(330) Phase 4: Move objects 5.724ms
[2026-06-17T09:50:55.027+0800][14.905s][info][gc             ] GC(330) Pause Full (Allocation Failure) 55M->22M(61M) 21.822ms
[2026-06-17T09:50:55.029+0800][14.907s][info][gc,heap        ] GC(329) DefNew: 19627K->0K(19648K)
[2026-06-17T09:50:55.031+0800][14.910s][info][gc,heap        ] GC(329) Tenured: 37165K->22942K(43712K)
[2026-06-17T09:50:55.034+0800][14.912s][info][gc,metaspace   ] GC(329) Metaspace: 3159K(4864K)->3159K(4864K) NonClass: 2853K(4352K)->2853K(4352K) Class: 305K(512K)->305K(512K)
[2026-06-17T09:50:55.035+0800][14.913s][info][gc             ] GC(329) Pause Young (Allocation Failure) 55M->22M(61M) 31.269ms
[2026-06-17T09:50:55.037+0800][14.915s][info][gc,cpu         ] GC(329) User=0.00s Sys=0.00s Real=0.03s
[2026-06-17T09:50:55.093+0800][14.971s][info][gc,start       ] GC(331) Pause Young (Allocation Failure)
[2026-06-17T09:50:55.096+0800][14.974s][info][gc,heap        ] GC(331) DefNew: 17442K->2140K(19648K)
[2026-06-17T09:50:55.096+0800][14.974s][info][gc,heap        ] GC(331) Tenured: 22942K->25458K(43712K)
[2026-06-17T09:50:55.097+0800][14.975s][info][gc,metaspace   ] GC(331) Metaspace: 3159K(4864K)->3159K(4864K) NonClass: 2853K(4352K)->2853K(4352K) Class: 305K(512K)->305K(512K)
[2026-06-17T09:50:55.097+0800][14.975s][info][gc             ] GC(331) Pause Young (Allocation Failure) 39M->26M(61M) 4.119ms
[2026-06-17T09:50:55.098+0800][14.976s][info][gc,cpu         ] GC(331) User=0.00s Sys=0.00s Real=0.00s
[2026-06-17T09:50:55.141+0800][15.019s][info][gc,start       ] GC(332) Pause Young (Allocation Failure)
[2026-06-17T09:50:55.142+0800][15.020s][info][gc,heap        ] GC(332) DefNew: 19608K->2151K(19648K)
[2026-06-17T09:50:55.142+0800][15.020s][info][gc,heap        ] GC(332) Tenured: 25458K->28758K(43712K)
[2026-06-17T09:50:55.142+0800][15.020s][info][gc,metaspace   ] GC(332) Metaspace: 3159K(4864K)->3159K(4864K) NonClass: 2853K(4352K)->2853K(4352K) Class: 305K(512K)->305K(512K)
[2026-06-17T09:50:55.142+0800][15.020s][info][gc             ] GC(332) Pause Young (Allocation Failure) 44M->30M(61M) 1.619ms
[2026-06-17T09:50:55.142+0800][15.020s][info][gc,cpu         ] GC(332) User=0.00s Sys=0.00s Real=0.00s
[2026-06-17T09:50:55.185+0800][15.063s][info][gc,start       ] GC(333) Pause Young (Allocation Failure)
[2026-06-17T09:50:55.187+0800][15.065s][info][gc,heap        ] GC(333) DefNew: 19616K->2174K(19648K)
[2026-06-17T09:50:55.188+0800][15.066s][info][gc,heap        ] GC(333) Tenured: 28758K->32948K(43712K)
[2026-06-17T09:50:55.188+0800][15.066s][info][gc,metaspace   ] GC(333) Metaspace: 3159K(4864K)->3159K(4864K) NonClass: 2853K(4352K)->2853K(4352K) Class: 305K(512K)->305K(512K)
[2026-06-17T09:50:55.189+0800][15.067s][info][gc             ] GC(333) Pause Young (Allocation Failure) 47M->34M(61M) 3.526ms
[2026-06-17T09:50:55.189+0800][15.067s][info][gc,cpu         ] GC(333) User=0.00s Sys=0.00s Real=0.00s
[2026-06-17T09:50:55.235+0800][15.113s][info][gc,start       ] GC(334) Pause Young (Allocation Failure)
[2026-06-17T09:50:55.236+0800][15.114s][info][gc,heap        ] GC(334) DefNew: 19621K->1986K(19648K)
[2026-06-17T09:50:55.237+0800][15.115s][info][gc,heap        ] GC(334) Tenured: 32948K->38134K(43712K)
[2026-06-17T09:50:55.237+0800][15.115s][info][gc,metaspace   ] GC(334) Metaspace: 3160K(4864K)->3160K(4864K) NonClass: 2855K(4352K)->2855K(4352K) Class: 305K(512K)->305K(512K)
[2026-06-17T09:50:55.238+0800][15.116s][info][gc             ] GC(334) Pause Young (Allocation Failure) 51M->39M(61M) 3.156ms
[2026-06-17T09:50:55.238+0800][15.116s][info][gc,cpu         ] GC(334) User=0.00s Sys=0.00s Real=0.00s
[2026-06-17T09:50:55.283+0800][15.161s][info][gc,start       ] GC(335) Pause Young (Allocation Failure)
[2026-06-17T09:50:55.284+0800][15.162s][info][gc,start       ] GC(336) Pause Full (Allocation Failure)
[2026-06-17T09:50:55.285+0800][15.163s][info][gc,phases,start] GC(336) Phase 1: Mark live objects
[2026-06-17T09:50:55.287+0800][15.165s][info][gc,phases      ] GC(336) Phase 1: Mark live objects 2.106ms
[2026-06-17T09:50:55.287+0800][15.165s][info][gc,phases,start] GC(336) Phase 2: Compute new object addresses
[2026-06-17T09:50:55.288+0800][15.166s][info][gc,phases      ] GC(336) Phase 2: Compute new object addresses 0.940ms
[2026-06-17T09:50:55.289+0800][15.167s][info][gc,phases,start] GC(336) Phase 3: Adjust pointers
[2026-06-17T09:50:55.290+0800][15.168s][info][gc,phases      ] GC(336) Phase 3: Adjust pointers 1.013ms
[2026-06-17T09:50:55.291+0800][15.169s][info][gc,phases,start] GC(336) Phase 4: Move objects
[2026-06-17T09:50:55.294+0800][15.172s][info][gc,phases      ] GC(336) Phase 4: Move objects 3.007ms
[2026-06-17T09:50:55.295+0800][15.173s][info][gc             ] GC(336) Pause Full (Allocation Failure) 56M->26M(61M) 10.774ms
[2026-06-17T09:50:55.297+0800][15.175s][info][gc,heap        ] GC(335) DefNew: 19430K->0K(19648K)
[2026-06-17T09:50:55.298+0800][15.176s][info][gc,heap        ] GC(335) Tenured: 38134K->27525K(43712K)
[2026-06-17T09:50:55.298+0800][15.176s][info][gc,metaspace   ] GC(335) Metaspace: 3160K(4864K)->3160K(4864K) NonClass: 2855K(4352K)->2855K(4352K) Class: 305K(512K)->305K(512K)
[2026-06-17T09:50:55.298+0800][15.176s][info][gc             ] GC(335) Pause Young (Allocation Failure) 56M->26M(61M) 15.287ms
[2026-06-17T09:50:55.299+0800][15.177s][info][gc,cpu         ] GC(335) User=0.00s Sys=0.00s Real=0.01s
[2026-06-17T09:50:55.342+0800][15.220s][info][gc,start       ] GC(337) Pause Young (Allocation Failure)
[2026-06-17T09:50:55.343+0800][15.221s][info][gc,heap        ] GC(337) DefNew: 17428K->2095K(19648K)
[2026-06-17T09:50:55.344+0800][15.222s][info][gc,heap        ] GC(337) Tenured: 27525K->28807K(43712K)
[2026-06-17T09:50:55.344+0800][15.222s][info][gc,metaspace   ] GC(337) Metaspace: 3160K(4864K)->3160K(4864K) NonClass: 2855K(4352K)->2855K(4352K) Class: 305K(512K)->305K(512K)
[2026-06-17T09:50:55.344+0800][15.222s][info][gc             ] GC(337) Pause Young (Allocation Failure) 43M->30M(61M) 1.534ms
[2026-06-17T09:50:55.344+0800][15.222s][info][gc,cpu         ] GC(337) User=0.00s Sys=0.00s Real=0.01s
[2026-06-17T09:50:55.396+0800][15.274s][info][gc,start       ] GC(338) Pause Young (Allocation Failure)
[2026-06-17T09:50:55.398+0800][15.276s][info][gc,heap        ] GC(338) DefNew: 19567K->2172K(19648K)
[2026-06-17T09:50:55.399+0800][15.277s][info][gc,heap        ] GC(338) Tenured: 28807K->32578K(43712K)
[2026-06-17T09:50:55.400+0800][15.278s][info][gc,metaspace   ] GC(338) Metaspace: 3160K(4864K)->3160K(4864K) NonClass: 2855K(4352K)->2855K(4352K) Class: 305K(512K)->305K(512K)
[2026-06-17T09:50:55.400+0800][15.278s][info][gc             ] GC(338) Pause Young (Allocation Failure) 47M->33M(61M) 3.908ms
[2026-06-17T09:50:55.401+0800][15.279s][info][gc,cpu         ] GC(338) User=0.00s Sys=0.00s Real=0.00s
[2026-06-17T09:50:55.447+0800][15.325s][info][gc,start       ] GC(339) Pause Young (Allocation Failure)
[2026-06-17T09:50:55.449+0800][15.327s][info][gc,heap        ] GC(339) DefNew: 19619K->1989K(19648K)
[2026-06-17T09:50:55.451+0800][15.329s][info][gc,heap        ] GC(339) Tenured: 32578K->35955K(43712K)
[2026-06-17T09:50:55.451+0800][15.330s][info][gc,metaspace   ] GC(339) Metaspace: 3160K(4864K)->3160K(4864K) NonClass: 2855K(4352K)->2855K(4352K) Class: 305K(512K)->305K(512K)
[2026-06-17T09:50:55.452+0800][15.330s][info][gc             ] GC(339) Pause Young (Allocation Failure) 50M->37M(61M) 4.747ms
[2026-06-17T09:50:55.453+0800][15.331s][info][gc,cpu         ] GC(339) User=0.00s Sys=0.00s Real=0.01s
[2026-06-17T09:50:55.497+0800][15.375s][info][gc,start       ] GC(340) Pause Young (Allocation Failure)
[2026-06-17T09:50:55.499+0800][15.377s][info][gc,heap        ] GC(340) DefNew: 19455K->2145K(19648K)
[2026-06-17T09:50:55.500+0800][15.378s][info][gc,heap        ] GC(340) Tenured: 35955K->39925K(43712K)
[2026-06-17T09:50:55.501+0800][15.379s][info][gc,metaspace   ] GC(340) Metaspace: 3160K(4864K)->3160K(4864K) NonClass: 2855K(4352K)->2855K(4352K) Class: 305K(512K)->305K(512K)
[2026-06-17T09:50:55.501+0800][15.380s][info][gc             ] GC(340) Pause Young (Allocation Failure) 54M->41M(61M) 4.501ms
[2026-06-17T09:50:55.502+0800][15.380s][info][gc,cpu         ] GC(340) User=0.00s Sys=0.00s Real=0.00s
[2026-06-17T09:50:55.546+0800][15.424s][info][gc,start       ] GC(341) Pause Young (Allocation Failure)
[2026-06-17T09:50:55.547+0800][15.425s][info][gc,start       ] GC(342) Pause Full (Allocation Failure)
[2026-06-17T09:50:55.548+0800][15.426s][info][gc,phases,start] GC(342) Phase 1: Mark live objects
[2026-06-17T09:50:55.550+0800][15.428s][info][gc,phases      ] GC(342) Phase 1: Mark live objects 2.272ms
[2026-06-17T09:50:55.551+0800][15.429s][info][gc,phases,start] GC(342) Phase 2: Compute new object addresses
[2026-06-17T09:50:55.552+0800][15.430s][info][gc,phases      ] GC(342) Phase 2: Compute new object addresses 0.732ms
[2026-06-17T09:50:55.553+0800][15.431s][info][gc,phases,start] GC(342) Phase 3: Adjust pointers
[2026-06-17T09:50:55.554+0800][15.432s][info][gc,phases      ] GC(342) Phase 3: Adjust pointers 1.012ms
[2026-06-17T09:50:55.554+0800][15.432s][info][gc,phases,start] GC(342) Phase 4: Move objects
[2026-06-17T09:50:55.558+0800][15.436s][info][gc,phases      ] GC(342) Phase 4: Move objects 3.745ms
[2026-06-17T09:50:55.559+0800][15.437s][info][gc             ] GC(342) Pause Full (Allocation Failure) 58M->33M(61M) 11.778ms
[2026-06-17T09:50:55.559+0800][15.437s][info][gc,heap        ] GC(341) DefNew: 19579K->0K(19648K)
[2026-06-17T09:50:55.560+0800][15.438s][info][gc,heap        ] GC(341) Tenured: 39925K->34560K(43712K)
[2026-06-17T09:50:55.560+0800][15.438s][info][gc,metaspace   ] GC(341) Metaspace: 3160K(4864K)->3160K(4864K) NonClass: 2855K(4352K)->2855K(4352K) Class: 305K(512K)->305K(512K)
[2026-06-17T09:50:55.560+0800][15.438s][info][gc             ] GC(341) Pause Young (Allocation Failure) 58M->33M(61M) 14.083ms
[2026-06-17T09:50:55.560+0800][15.438s][info][gc,cpu         ] GC(341) User=0.01s Sys=0.00s Real=0.01s
[2026-06-17T09:50:55.603+0800][15.481s][info][gc,start       ] GC(343) Pause Young (Allocation Failure)
[2026-06-17T09:50:55.603+0800][15.482s][info][gc,heap        ] GC(343) DefNew: 17278K->2075K(19648K)
[2026-06-17T09:50:55.604+0800][15.482s][info][gc,heap        ] GC(343) Tenured: 34560K->35789K(43712K)
[2026-06-17T09:50:55.604+0800][15.482s][info][gc,metaspace   ] GC(343) Metaspace: 3160K(4864K)->3160K(4864K) NonClass: 2855K(4352K)->2855K(4352K) Class: 305K(512K)->305K(512K)
[2026-06-17T09:50:55.604+0800][15.482s][info][gc             ] GC(343) Pause Young (Allocation Failure) 50M->36M(61M) 1.309ms
[2026-06-17T09:50:55.604+0800][15.482s][info][gc,cpu         ] GC(343) User=0.00s Sys=0.00s Real=0.00s
[2026-06-17T09:50:55.646+0800][15.524s][info][gc,start       ] GC(344) Pause Young (Allocation Failure)
[2026-06-17T09:50:55.647+0800][15.526s][info][gc,heap        ] GC(344) DefNew: 19519K->2172K(19648K)
[2026-06-17T09:50:55.648+0800][15.526s][info][gc,heap        ] GC(344) Tenured: 35789K->42351K(43712K)
[2026-06-17T09:50:55.648+0800][15.526s][info][gc,metaspace   ] GC(344) Metaspace: 3160K(4864K)->3160K(4864K) NonClass: 2855K(4352K)->2855K(4352K) Class: 305K(512K)->305K(512K)
[2026-06-17T09:50:55.648+0800][15.526s][info][gc             ] GC(344) Pause Young (Allocation Failure) 54M->43M(61M) 1.602ms
[2026-06-17T09:50:55.648+0800][15.526s][info][gc,cpu         ] GC(344) User=0.00s Sys=0.00s Real=0.00s
[2026-06-17T09:50:55.702+0800][15.580s][info][gc,start       ] GC(345) Pause Young (Allocation Failure)
[2026-06-17T09:50:55.703+0800][15.581s][info][gc,start       ] GC(346) Pause Full (Allocation Failure)
[2026-06-17T09:50:55.704+0800][15.582s][info][gc,phases,start] GC(346) Phase 1: Mark live objects
[2026-06-17T09:50:55.706+0800][15.584s][info][gc,phases      ] GC(346) Phase 1: Mark live objects 1.881ms
[2026-06-17T09:50:55.706+0800][15.584s][info][gc,phases,start] GC(346) Phase 2: Compute new object addresses
[2026-06-17T09:50:55.707+0800][15.585s][info][gc,phases      ] GC(346) Phase 2: Compute new object addresses 0.949ms
[2026-06-17T09:50:55.708+0800][15.586s][info][gc,phases,start] GC(346) Phase 3: Adjust pointers
[2026-06-17T09:50:55.708+0800][15.587s][info][gc,phases      ] GC(346) Phase 3: Adjust pointers 0.908ms
[2026-06-17T09:50:55.709+0800][15.587s][info][gc,phases,start] GC(346) Phase 4: Move objects
[2026-06-17T09:50:55.712+0800][15.590s][info][gc,phases      ] GC(346) Phase 4: Move objects 2.746ms
[2026-06-17T09:50:55.713+0800][15.591s][info][gc             ] GC(346) Pause Full (Allocation Failure) 60M->30M(61M) 9.568ms
[2026-06-17T09:50:55.713+0800][15.591s][info][gc,heap        ] GC(345) DefNew: 19644K->0K(19648K)
[2026-06-17T09:50:55.714+0800][15.592s][info][gc,heap        ] GC(345) Tenured: 42351K->31171K(43712K)
[2026-06-17T09:50:55.714+0800][15.592s][info][gc,metaspace   ] GC(345) Metaspace: 3160K(4864K)->3160K(4864K) NonClass: 2855K(4352K)->2855K(4352K) Class: 305K(512K)->305K(512K)
[2026-06-17T09:50:55.714+0800][15.592s][info][gc             ] GC(345) Pause Young (Allocation Failure) 60M->30M(61M) 12.592ms
[2026-06-17T09:50:55.715+0800][15.593s][info][gc,cpu         ] GC(345) User=0.01s Sys=0.00s Real=0.02s
[2026-06-17T09:50:55.758+0800][15.636s][info][gc,start       ] GC(347) Pause Young (Allocation Failure)
[2026-06-17T09:50:55.761+0800][15.639s][info][gc,heap        ] GC(347) DefNew: 17472K->2175K(19648K)
[2026-06-17T09:50:55.762+0800][15.640s][info][gc,heap        ] GC(347) Tenured: 31171K->35686K(43712K)
[2026-06-17T09:50:55.762+0800][15.640s][info][gc,metaspace   ] GC(347) Metaspace: 3160K(4864K)->3160K(4864K) NonClass: 2855K(4352K)->2855K(4352K) Class: 305K(512K)->305K(512K)
[2026-06-17T09:50:55.763+0800][15.641s][info][gc             ] GC(347) Pause Young (Allocation Failure) 47M->36M(61M) 4.633ms
[2026-06-17T09:50:55.764+0800][15.642s][info][gc,cpu         ] GC(347) User=0.00s Sys=0.00s Real=0.01s
[2026-06-17T09:50:55.809+0800][15.687s][info][gc,start       ] GC(348) Pause Young (Allocation Failure)
[2026-06-17T09:50:55.812+0800][15.690s][info][gc,heap        ] GC(348) DefNew: 19641K->2175K(19648K)
[2026-06-17T09:50:55.813+0800][15.691s][info][gc,heap        ] GC(348) Tenured: 35686K->40295K(43712K)
[2026-06-17T09:50:55.814+0800][15.692s][info][gc,metaspace   ] GC(348) Metaspace: 3160K(4864K)->3160K(4864K) NonClass: 2855K(4352K)->2855K(4352K) Class: 305K(512K)->305K(512K)
[2026-06-17T09:50:55.814+0800][15.692s][info][gc             ] GC(348) Pause Young (Allocation Failure) 54M->41M(61M) 5.327ms
[2026-06-17T09:50:55.815+0800][15.693s][info][gc,cpu         ] GC(348) User=0.01s Sys=0.00s Real=0.01s
[2026-06-17T09:50:55.858+0800][15.736s][info][gc,start       ] GC(349) Pause Young (Allocation Failure)
[2026-06-17T09:50:55.859+0800][15.737s][info][gc,start       ] GC(350) Pause Full (Allocation Failure)
[2026-06-17T09:50:55.859+0800][15.737s][info][gc,phases,start] GC(350) Phase 1: Mark live objects
[2026-06-17T09:50:55.860+0800][15.738s][info][gc,phases      ] GC(350) Phase 1: Mark live objects 1.058ms
[2026-06-17T09:50:55.861+0800][15.739s][info][gc,phases,start] GC(350) Phase 2: Compute new object addresses
[2026-06-17T09:50:55.862+0800][15.740s][info][gc,phases      ] GC(350) Phase 2: Compute new object addresses 0.690ms
[2026-06-17T09:50:55.862+0800][15.740s][info][gc,phases,start] GC(350) Phase 3: Adjust pointers
[2026-06-17T09:50:55.863+0800][15.741s][info][gc,phases      ] GC(350) Phase 3: Adjust pointers 0.817ms
[2026-06-17T09:50:55.863+0800][15.741s][info][gc,phases,start] GC(350) Phase 4: Move objects
[2026-06-17T09:50:55.866+0800][15.744s][info][gc,phases      ] GC(350) Phase 4: Move objects 2.731ms
[2026-06-17T09:50:55.867+0800][15.745s][info][gc             ] GC(350) Pause Full (Allocation Failure) 58M->29M(61M) 7.814ms
[2026-06-17T09:50:55.867+0800][15.745s][info][gc,heap        ] GC(349) DefNew: 19647K->0K(19648K)
[2026-06-17T09:50:55.867+0800][15.745s][info][gc,heap        ] GC(349) Tenured: 40295K->30078K(43712K)
[2026-06-17T09:50:55.867+0800][15.746s][info][gc,metaspace   ] GC(349) Metaspace: 3160K(4864K)->3160K(4864K) NonClass: 2855K(4352K)->2855K(4352K) Class: 305K(512K)->305K(512K)
[2026-06-17T09:50:55.868+0800][15.746s][info][gc             ] GC(349) Pause Young (Allocation Failure) 58M->29M(61M) 9.494ms
[2026-06-17T09:50:55.868+0800][15.746s][info][gc,cpu         ] GC(349) User=0.00s Sys=0.00s Real=0.01s
[2026-06-17T09:50:55.910+0800][15.788s][info][gc,start       ] GC(351) Pause Young (Allocation Failure)
[2026-06-17T09:50:55.912+0800][15.790s][info][gc,heap        ] GC(351) DefNew: 17472K->2172K(19648K)
[2026-06-17T09:50:55.912+0800][15.790s][info][gc,heap        ] GC(351) Tenured: 30078K->34850K(43712K)
[2026-06-17T09:50:55.913+0800][15.791s][info][gc,metaspace   ] GC(351) Metaspace: 3160K(4864K)->3160K(4864K) NonClass: 2855K(4352K)->2855K(4352K) Class: 305K(512K)->305K(512K)
[2026-06-17T09:50:55.913+0800][15.791s][info][gc             ] GC(351) Pause Young (Allocation Failure) 46M->36M(61M) 2.636ms
[2026-06-17T09:50:55.914+0800][15.792s][info][gc,cpu         ] GC(351) User=0.00s Sys=0.00s Real=0.01s
[2026-06-17T09:50:55.957+0800][15.835s][info][gc,start       ] GC(352) Pause Young (Allocation Failure)
[2026-06-17T09:50:55.959+0800][15.837s][info][gc,heap        ] GC(352) DefNew: 19641K->2174K(19648K)
[2026-06-17T09:50:55.960+0800][15.838s][info][gc,heap        ] GC(352) Tenured: 34850K->38559K(43712K)
[2026-06-17T09:50:55.960+0800][15.839s][info][gc,metaspace   ] GC(352) Metaspace: 3160K(4864K)->3160K(4864K) NonClass: 2855K(4352K)->2855K(4352K) Class: 305K(512K)->305K(512K)
[2026-06-17T09:50:55.961+0800][15.839s][info][gc             ] GC(352) Pause Young (Allocation Failure) 53M->39M(61M) 4.134ms
[2026-06-17T09:50:55.962+0800][15.840s][info][gc,cpu         ] GC(352) User=0.00s Sys=0.00s Real=0.00s
[2026-06-17T09:50:56.006+0800][15.884s][info][gc,start       ] GC(353) Pause Young (Allocation Failure)
[2026-06-17T09:50:56.007+0800][15.885s][info][gc,start       ] GC(354) Pause Full (Allocation Failure)
[2026-06-17T09:50:56.007+0800][15.886s][info][gc,phases,start] GC(354) Phase 1: Mark live objects
[2026-06-17T09:50:56.009+0800][15.887s][info][gc,phases      ] GC(354) Phase 1: Mark live objects 1.691ms
[2026-06-17T09:50:56.010+0800][15.888s][info][gc,phases,start] GC(354) Phase 2: Compute new object addresses
[2026-06-17T09:50:56.011+0800][15.889s][info][gc,phases      ] GC(354) Phase 2: Compute new object addresses 0.867ms
[2026-06-17T09:50:56.011+0800][15.889s][info][gc,phases,start] GC(354) Phase 3: Adjust pointers
[2026-06-17T09:50:56.012+0800][15.890s][info][gc,phases      ] GC(354) Phase 3: Adjust pointers 0.910ms
[2026-06-17T09:50:56.012+0800][15.890s][info][gc,phases,start] GC(354) Phase 4: Move objects
[2026-06-17T09:50:56.015+0800][15.893s][info][gc,phases      ] GC(354) Phase 4: Move objects 2.953ms
[2026-06-17T09:50:56.016+0800][15.894s][info][gc             ] GC(354) Pause Full (Allocation Failure) 56M->21M(61M) 8.819ms
[2026-06-17T09:50:56.016+0800][15.894s][info][gc,heap        ] GC(353) DefNew: 19519K->0K(19648K)
[2026-06-17T09:50:56.016+0800][15.894s][info][gc,heap        ] GC(353) Tenured: 38559K->21533K(43712K)
[2026-06-17T09:50:56.016+0800][15.895s][info][gc,metaspace   ] GC(353) Metaspace: 3160K(4864K)->3160K(4864K) NonClass: 2855K(4352K)->2855K(4352K) Class: 305K(512K)->305K(512K)
[2026-06-17T09:50:56.017+0800][15.895s][info][gc             ] GC(353) Pause Young (Allocation Failure) 56M->21M(61M) 10.802ms
[2026-06-17T09:50:56.017+0800][15.895s][info][gc,cpu         ] GC(353) User=0.01s Sys=0.00s Real=0.01s
[2026-06-17T09:50:56.071+0800][15.949s][info][gc,start       ] GC(355) Pause Young (Allocation Failure)
[2026-06-17T09:50:56.073+0800][15.951s][info][gc,heap        ] GC(355) DefNew: 17458K->2009K(19648K)
[2026-06-17T09:50:56.074+0800][15.952s][info][gc,heap        ] GC(355) Tenured: 21533K->23344K(43712K)
[2026-06-17T09:50:56.074+0800][15.953s][info][gc,metaspace   ] GC(355) Metaspace: 3160K(4864K)->3160K(4864K) NonClass: 2855K(4352K)->2855K(4352K) Class: 305K(512K)->305K(512K)
[2026-06-17T09:50:56.075+0800][15.953s][info][gc             ] GC(355) Pause Young (Allocation Failure) 38M->24M(61M) 3.800ms
[2026-06-17T09:50:56.076+0800][15.954s][info][gc,cpu         ] GC(355) User=0.00s Sys=0.00s Real=0.00s
[2026-06-17T09:50:56.121+0800][15.999s][info][gc,start       ] GC(356) Pause Young (Allocation Failure)
[2026-06-17T09:50:56.123+0800][16.001s][info][gc,heap        ] GC(356) DefNew: 19481K->2173K(19648K)
[2026-06-17T09:50:56.124+0800][16.002s][info][gc,heap        ] GC(356) Tenured: 23344K->27275K(43712K)
[2026-06-17T09:50:56.124+0800][16.002s][info][gc,metaspace   ] GC(356) Metaspace: 3160K(4864K)->3160K(4864K) NonClass: 2855K(4352K)->2855K(4352K) Class: 305K(512K)->305K(512K)
[2026-06-17T09:50:56.125+0800][16.003s][info][gc             ] GC(356) Pause Young (Allocation Failure) 41M->28M(61M) 4.333ms
[2026-06-17T09:50:56.126+0800][16.004s][info][gc,cpu         ] GC(356) User=0.00s Sys=0.00s Real=0.01s
[2026-06-17T09:50:56.180+0800][16.058s][info][gc,start       ] GC(357) Pause Young (Allocation Failure)
[2026-06-17T09:50:56.181+0800][16.059s][info][gc,heap        ] GC(357) DefNew: 19645K->2113K(19648K)
[2026-06-17T09:50:56.182+0800][16.060s][info][gc,heap        ] GC(357) Tenured: 27275K->28581K(43712K)
[2026-06-17T09:50:56.182+0800][16.060s][info][gc,metaspace   ] GC(357) Metaspace: 3160K(4864K)->3160K(4864K) NonClass: 2855K(4352K)->2855K(4352K) Class: 305K(512K)->305K(512K)
[2026-06-17T09:50:56.183+0800][16.061s][info][gc             ] GC(357) Pause Young (Allocation Failure) 45M->29M(61M) 3.037ms
[2026-06-17T09:50:56.183+0800][16.061s][info][gc,cpu         ] GC(357) User=0.00s Sys=0.00s Real=0.01s
[2026-06-17T09:50:56.227+0800][16.105s][info][gc,start       ] GC(358) Pause Young (Allocation Failure)
[2026-06-17T09:50:56.230+0800][16.108s][info][gc,heap        ] GC(358) DefNew: 19585K->2169K(19648K)
[2026-06-17T09:50:56.230+0800][16.108s][info][gc,heap        ] GC(358) Tenured: 28581K->32266K(43712K)
[2026-06-17T09:50:56.231+0800][16.109s][info][gc,metaspace   ] GC(358) Metaspace: 3160K(4864K)->3160K(4864K) NonClass: 2855K(4352K)->2855K(4352K) Class: 305K(512K)->305K(512K)
[2026-06-17T09:50:56.232+0800][16.110s][info][gc             ] GC(358) Pause Young (Allocation Failure) 47M->33M(61M) 4.229ms
[2026-06-17T09:50:56.232+0800][16.110s][info][gc,cpu         ] GC(358) User=0.00s Sys=0.00s Real=0.01s
[2026-06-17T09:50:56.277+0800][16.155s][info][gc,start       ] GC(359) Pause Young (Allocation Failure)
[2026-06-17T09:50:56.279+0800][16.157s][info][gc,heap        ] GC(359) DefNew: 19641K->2127K(19648K)
[2026-06-17T09:50:56.280+0800][16.158s][info][gc,heap        ] GC(359) Tenured: 32266K->35767K(43712K)
[2026-06-17T09:50:56.281+0800][16.159s][info][gc,metaspace   ] GC(359) Metaspace: 3160K(4864K)->3160K(4864K) NonClass: 2855K(4352K)->2855K(4352K) Class: 305K(512K)->305K(512K)
[2026-06-17T09:50:56.281+0800][16.159s][info][gc             ] GC(359) Pause Young (Allocation Failure) 50M->37M(61M) 4.248ms
[2026-06-17T09:50:56.282+0800][16.160s][info][gc,cpu         ] GC(359) User=0.00s Sys=0.00s Real=0.00s
[2026-06-17T09:50:56.326+0800][16.204s][info][gc,start       ] GC(360) Pause Young (Allocation Failure)
[2026-06-17T09:50:56.327+0800][16.205s][info][gc,heap        ] GC(360) DefNew: 19575K->2174K(19648K)
[2026-06-17T09:50:56.329+0800][16.207s][info][gc,heap        ] GC(360) Tenured: 35767K->39352K(43712K)
[2026-06-17T09:50:56.329+0800][16.207s][info][gc,metaspace   ] GC(360) Metaspace: 3160K(4864K)->3160K(4864K) NonClass: 2855K(4352K)->2855K(4352K) Class: 305K(512K)->305K(512K)
[2026-06-17T09:50:56.330+0800][16.208s][info][gc             ] GC(360) Pause Young (Allocation Failure) 54M->40M(61M) 4.067ms
[2026-06-17T09:50:56.330+0800][16.208s][info][gc,cpu         ] GC(360) User=0.01s Sys=0.00s Real=0.00s
[2026-06-17T09:50:56.373+0800][16.251s][info][gc,start       ] GC(361) Pause Young (Allocation Failure)
[2026-06-17T09:50:56.374+0800][16.252s][info][gc,start       ] GC(362) Pause Full (Allocation Failure)
[2026-06-17T09:50:56.374+0800][16.252s][info][gc,phases,start] GC(362) Phase 1: Mark live objects
[2026-06-17T09:50:56.375+0800][16.253s][info][gc,phases      ] GC(362) Phase 1: Mark live objects 0.848ms
[2026-06-17T09:50:56.375+0800][16.253s][info][gc,phases,start] GC(362) Phase 2: Compute new object addresses
[2026-06-17T09:50:56.375+0800][16.253s][info][gc,phases      ] GC(362) Phase 2: Compute new object addresses 0.379ms
[2026-06-17T09:50:56.376+0800][16.254s][info][gc,phases,start] GC(362) Phase 3: Adjust pointers
[2026-06-17T09:50:56.376+0800][16.254s][info][gc,phases      ] GC(362) Phase 3: Adjust pointers 0.438ms
[2026-06-17T09:50:56.376+0800][16.254s][info][gc,phases,start] GC(362) Phase 4: Move objects
[2026-06-17T09:50:56.378+0800][16.256s][info][gc,phases      ] GC(362) Phase 4: Move objects 1.833ms
[2026-06-17T09:50:56.378+0800][16.256s][info][gc             ] GC(362) Pause Full (Allocation Failure) 57M->23M(61M) 4.909ms
[2026-06-17T09:50:56.379+0800][16.257s][info][gc,heap        ] GC(361) DefNew: 19646K->0K(19648K)
[2026-06-17T09:50:56.379+0800][16.257s][info][gc,heap        ] GC(361) Tenured: 39352K->24574K(43712K)
[2026-06-17T09:50:56.379+0800][16.257s][info][gc,metaspace   ] GC(361) Metaspace: 3160K(4864K)->3160K(4864K) NonClass: 2855K(4352K)->2855K(4352K) Class: 305K(512K)->305K(512K)
[2026-06-17T09:50:56.379+0800][16.257s][info][gc             ] GC(361) Pause Young (Allocation Failure) 57M->23M(61M) 5.817ms
[2026-06-17T09:50:56.379+0800][16.257s][info][gc,cpu         ] GC(361) User=0.00s Sys=0.00s Real=0.00s
[2026-06-17T09:50:56.421+0800][16.299s][info][gc,start       ] GC(363) Pause Young (Allocation Failure)
[2026-06-17T09:50:56.422+0800][16.300s][info][gc,heap        ] GC(363) DefNew: 17453K->2171K(19648K)
[2026-06-17T09:50:56.423+0800][16.301s][info][gc,heap        ] GC(363) Tenured: 24574K->29298K(43712K)
[2026-06-17T09:50:56.423+0800][16.301s][info][gc,metaspace   ] GC(363) Metaspace: 3160K(4864K)->3160K(4864K) NonClass: 2855K(4352K)->2855K(4352K) Class: 305K(512K)->305K(512K)
[2026-06-17T09:50:56.423+0800][16.301s][info][gc             ] GC(363) Pause Young (Allocation Failure) 41M->30M(61M) 2.368ms
[2026-06-17T09:50:56.424+0800][16.302s][info][gc,cpu         ] GC(363) User=0.00s Sys=0.00s Real=0.01s
[2026-06-17T09:50:56.477+0800][16.355s][info][gc,start       ] GC(364) Pause Young (Allocation Failure)
[2026-06-17T09:50:56.478+0800][16.356s][info][gc,heap        ] GC(364) DefNew: 19639K->2151K(19648K)
[2026-06-17T09:50:56.479+0800][16.357s][info][gc,heap        ] GC(364) Tenured: 29298K->31097K(43712K)
[2026-06-17T09:50:56.480+0800][16.358s][info][gc,metaspace   ] GC(364) Metaspace: 3160K(4864K)->3160K(4864K) NonClass: 2855K(4352K)->2855K(4352K) Class: 305K(512K)->305K(512K)
[2026-06-17T09:50:56.480+0800][16.358s][info][gc             ] GC(364) Pause Young (Allocation Failure) 47M->32M(61M) 3.340ms
[2026-06-17T09:50:56.481+0800][16.359s][info][gc,cpu         ] GC(364) User=0.01s Sys=0.00s Real=0.00s
[2026-06-17T09:50:56.515+0800][16.393s][info][gc,start       ] GC(365) Pause Young (Allocation Failure)
[2026-06-17T09:50:56.517+0800][16.395s][info][gc,heap        ] GC(365) DefNew: 19425K->2081K(19648K)
[2026-06-17T09:50:56.518+0800][16.396s][info][gc,heap        ] GC(365) Tenured: 31097K->34482K(43712K)
[2026-06-17T09:50:56.518+0800][16.396s][info][gc,metaspace   ] GC(365) Metaspace: 3160K(4864K)->3160K(4864K) NonClass: 2855K(4352K)->2855K(4352K) Class: 305K(512K)->305K(512K)
[2026-06-17T09:50:56.518+0800][16.396s][info][gc             ] GC(365) Pause Young (Allocation Failure) 49M->35M(61M) 3.628ms
[2026-06-17T09:50:56.519+0800][16.397s][info][gc,cpu         ] GC(365) User=0.00s Sys=0.00s Real=0.00s
[2026-06-17T09:50:56.574+0800][16.452s][info][gc,start       ] GC(366) Pause Young (Allocation Failure)
[2026-06-17T09:50:56.575+0800][16.453s][info][gc,heap        ] GC(366) DefNew: 19502K->2091K(19648K)
[2026-06-17T09:50:56.575+0800][16.453s][info][gc,heap        ] GC(366) Tenured: 34482K->38010K(43712K)
[2026-06-17T09:50:56.576+0800][16.454s][info][gc,metaspace   ] GC(366) Metaspace: 3160K(4864K)->3160K(4864K) NonClass: 2855K(4352K)->2855K(4352K) Class: 305K(512K)->305K(512K)
[2026-06-17T09:50:56.576+0800][16.454s][info][gc             ] GC(366) Pause Young (Allocation Failure) 52M->39M(61M) 2.213ms
[2026-06-17T09:50:56.576+0800][16.454s][info][gc,cpu         ] GC(366) User=0.00s Sys=0.00s Real=0.00s
[2026-06-17T09:50:56.619+0800][16.497s][info][gc,start       ] GC(367) Pause Young (Allocation Failure)
[2026-06-17T09:50:56.620+0800][16.498s][info][gc,start       ] GC(368) Pause Full (Allocation Failure)
[2026-06-17T09:50:56.621+0800][16.499s][info][gc,phases,start] GC(368) Phase 1: Mark live objects
[2026-06-17T09:50:56.623+0800][16.501s][info][gc,phases      ] GC(368) Phase 1: Mark live objects 2.221ms
[2026-06-17T09:50:56.624+0800][16.502s][info][gc,phases,start] GC(368) Phase 2: Compute new object addresses
[2026-06-17T09:50:56.625+0800][16.503s][info][gc,phases      ] GC(368) Phase 2: Compute new object addresses 1.045ms
[2026-06-17T09:50:56.625+0800][16.503s][info][gc,phases,start] GC(368) Phase 3: Adjust pointers
[2026-06-17T09:50:56.627+0800][16.505s][info][gc,phases      ] GC(368) Phase 3: Adjust pointers 1.113ms
[2026-06-17T09:50:56.627+0800][16.505s][info][gc,phases,start] GC(368) Phase 4: Move objects
[2026-06-17T09:50:56.631+0800][16.509s][info][gc,phases      ] GC(368) Phase 4: Move objects 4.090ms
[2026-06-17T09:50:56.632+0800][16.510s][info][gc             ] GC(368) Pause Full (Allocation Failure) 56M->29M(61M) 11.603ms
[2026-06-17T09:50:56.632+0800][16.510s][info][gc,heap        ] GC(367) DefNew: 19505K->0K(19648K)
[2026-06-17T09:50:56.633+0800][16.511s][info][gc,heap        ] GC(367) Tenured: 38010K->30539K(43712K)
[2026-06-17T09:50:56.633+0800][16.511s][info][gc,metaspace   ] GC(367) Metaspace: 3160K(4864K)->3160K(4864K) NonClass: 2855K(4352K)->2855K(4352K) Class: 305K(512K)->305K(512K)
[2026-06-17T09:50:56.633+0800][16.511s][info][gc             ] GC(367) Pause Young (Allocation Failure) 56M->29M(61M) 14.081ms
[2026-06-17T09:50:56.634+0800][16.512s][info][gc,cpu         ] GC(367) User=0.01s Sys=0.00s Real=0.02s
[2026-06-17T09:50:56.677+0800][16.555s][info][gc,start       ] GC(369) Pause Young (Allocation Failure)
[2026-06-17T09:50:56.681+0800][16.559s][info][gc,heap        ] GC(369) DefNew: 17472K->2174K(19648K)
[2026-06-17T09:50:56.682+0800][16.560s][info][gc,heap        ] GC(369) Tenured: 30539K->35481K(43712K)
[2026-06-17T09:50:56.682+0800][16.561s][info][gc,metaspace   ] GC(369) Metaspace: 3160K(4864K)->3160K(4864K) NonClass: 2855K(4352K)->2855K(4352K) Class: 305K(512K)->305K(512K)
[2026-06-17T09:50:56.684+0800][16.562s][info][gc             ] GC(369) Pause Young (Allocation Failure) 46M->36M(61M) 7.230ms
[2026-06-17T09:50:56.684+0800][16.562s][info][gc,cpu         ] GC(369) User=0.00s Sys=0.00s Real=0.01s
[2026-06-17T09:50:56.727+0800][16.605s][info][gc,start       ] GC(370) Pause Young (Allocation Failure)
[2026-06-17T09:50:56.729+0800][16.607s][info][gc,heap        ] GC(370) DefNew: 19613K->2168K(19648K)
[2026-06-17T09:50:56.730+0800][16.608s][info][gc,heap        ] GC(370) Tenured: 35481K->39980K(43712K)
[2026-06-17T09:50:56.730+0800][16.608s][info][gc,metaspace   ] GC(370) Metaspace: 3160K(4864K)->3160K(4864K) NonClass: 2855K(4352K)->2855K(4352K) Class: 305K(512K)->305K(512K)
[2026-06-17T09:50:56.731+0800][16.609s][info][gc             ] GC(370) Pause Young (Allocation Failure) 53M->41M(61M) 3.699ms
[2026-06-17T09:50:56.731+0800][16.609s][info][gc,cpu         ] GC(370) User=0.00s Sys=0.00s Real=0.01s
[2026-06-17T09:50:56.776+0800][16.654s][info][gc,start       ] GC(371) Pause Young (Allocation Failure)
[2026-06-17T09:50:56.777+0800][16.655s][info][gc,start       ] GC(372) Pause Full (Allocation Failure)
[2026-06-17T09:50:56.778+0800][16.656s][info][gc,phases,start] GC(372) Phase 1: Mark live objects
[2026-06-17T09:50:56.780+0800][16.658s][info][gc,phases      ] GC(372) Phase 1: Mark live objects 2.409ms
[2026-06-17T09:50:56.781+0800][16.659s][info][gc,phases,start] GC(372) Phase 2: Compute new object addresses
[2026-06-17T09:50:56.782+0800][16.660s][info][gc,phases      ] GC(372) Phase 2: Compute new object addresses 0.928ms
[2026-06-17T09:50:56.782+0800][16.661s][info][gc,phases,start] GC(372) Phase 3: Adjust pointers
[2026-06-17T09:50:56.784+0800][16.662s][info][gc,phases      ] GC(372) Phase 3: Adjust pointers 1.279ms
[2026-06-17T09:50:56.784+0800][16.662s][info][gc,phases,start] GC(372) Phase 4: Move objects
[2026-06-17T09:50:56.787+0800][16.665s][info][gc,phases      ] GC(372) Phase 4: Move objects 2.718ms
[2026-06-17T09:50:56.788+0800][16.666s][info][gc             ] GC(372) Pause Full (Allocation Failure) 58M->27M(61M) 10.463ms
[2026-06-17T09:50:56.788+0800][16.666s][info][gc,heap        ] GC(371) DefNew: 19601K->0K(19648K)
[2026-06-17T09:50:56.789+0800][16.667s][info][gc,heap        ] GC(371) Tenured: 39980K->27915K(43712K)
[2026-06-17T09:50:56.789+0800][16.667s][info][gc,metaspace   ] GC(371) Metaspace: 3160K(4864K)->3160K(4864K) NonClass: 2855K(4352K)->2855K(4352K) Class: 305K(512K)->305K(512K)
[2026-06-17T09:50:56.790+0800][16.668s][info][gc             ] GC(371) Pause Young (Allocation Failure) 58M->27M(61M) 13.385ms
[2026-06-17T09:50:56.790+0800][16.668s][info][gc,cpu         ] GC(371) User=0.01s Sys=0.00s Real=0.01s
[2026-06-17T09:50:56.835+0800][16.713s][info][gc,start       ] GC(373) Pause Young (Allocation Failure)
[2026-06-17T09:50:56.837+0800][16.715s][info][gc,heap        ] GC(373) DefNew: 16438K->1913K(19648K)
[2026-06-17T09:50:56.838+0800][16.716s][info][gc,heap        ] GC(373) Tenured: 27915K->28544K(43712K)
[2026-06-17T09:50:56.839+0800][16.717s][info][gc,metaspace   ] GC(373) Metaspace: 3160K(4864K)->3160K(4864K) NonClass: 2855K(4352K)->2855K(4352K) Class: 305K(512K)->305K(512K)
[2026-06-17T09:50:56.839+0800][16.717s][info][gc             ] GC(373) Pause Young (Allocation Failure) 43M->29M(61M) 4.613ms
[2026-06-17T09:50:56.840+0800][16.718s][info][gc,cpu         ] GC(373) User=0.00s Sys=0.00s Real=0.00s
[2026-06-17T09:50:56.895+0800][16.773s][info][gc,start       ] GC(374) Pause Young (Allocation Failure)
[2026-06-17T09:50:56.898+0800][16.776s][info][gc,heap        ] GC(374) DefNew: 19385K->2110K(19648K)
[2026-06-17T09:50:56.901+0800][16.779s][info][gc,heap        ] GC(374) Tenured: 28544K->32387K(43712K)
[2026-06-17T09:50:56.903+0800][16.781s][info][gc,metaspace   ] GC(374) Metaspace: 3160K(4864K)->3160K(4864K) NonClass: 2855K(4352K)->2855K(4352K) Class: 305K(512K)->305K(512K)
[2026-06-17T09:50:56.904+0800][16.782s][info][gc             ] GC(374) Pause Young (Allocation Failure) 46M->33M(61M) 8.691ms
[2026-06-17T09:50:56.906+0800][16.784s][info][gc,cpu         ] GC(374) User=0.01s Sys=0.00s Real=0.01s
[2026-06-17T09:50:56.951+0800][16.829s][info][gc,start       ] GC(375) Pause Young (Allocation Failure)
[2026-06-17T09:50:56.953+0800][16.831s][info][gc,heap        ] GC(375) DefNew: 19551K->2172K(19648K)
[2026-06-17T09:50:56.954+0800][16.832s][info][gc,heap        ] GC(375) Tenured: 32387K->36001K(43712K)
[2026-06-17T09:50:56.955+0800][16.833s][info][gc,metaspace   ] GC(375) Metaspace: 3160K(4864K)->3160K(4864K) NonClass: 2855K(4352K)->2855K(4352K) Class: 305K(512K)->305K(512K)
[2026-06-17T09:50:56.955+0800][16.833s][info][gc             ] GC(375) Pause Young (Allocation Failure) 50M->37M(61M) 4.235ms
[2026-06-17T09:50:56.956+0800][16.834s][info][gc,cpu         ] GC(375) User=0.00s Sys=0.00s Real=0.00s
[2026-06-17T09:50:57.001+0800][16.879s][info][gc,start       ] GC(376) Pause Young (Allocation Failure)
[2026-06-17T09:50:57.003+0800][16.881s][info][gc,heap        ] GC(376) DefNew: 19609K->2100K(19648K)
[2026-06-17T09:50:57.004+0800][16.882s][info][gc,heap        ] GC(376) Tenured: 36001K->40091K(43712K)
[2026-06-17T09:50:57.004+0800][16.883s][info][gc,metaspace   ] GC(376) Metaspace: 3160K(4864K)->3160K(4864K) NonClass: 2855K(4352K)->2855K(4352K) Class: 305K(512K)->305K(512K)
[2026-06-17T09:50:57.005+0800][16.883s][info][gc             ] GC(376) Pause Young (Allocation Failure) 54M->41M(61M) 4.091ms
[2026-06-17T09:50:57.006+0800][16.884s][info][gc,cpu         ] GC(376) User=0.01s Sys=0.00s Real=0.01s
[2026-06-17T09:50:57.048+0800][16.927s][info][gc,start       ] GC(377) Pause Young (Allocation Failure)
[2026-06-17T09:50:57.053+0800][16.931s][info][gc,start       ] GC(378) Pause Full (Allocation Failure)
[2026-06-17T09:50:57.056+0800][16.935s][info][gc,phases,start] GC(378) Phase 1: Mark live objects
[2026-06-17T09:50:57.058+0800][16.936s][info][gc,phases      ] GC(378) Phase 1: Mark live objects 1.551ms
[2026-06-17T09:50:57.062+0800][16.940s][info][gc,phases,start] GC(378) Phase 2: Compute new object addresses
[2026-06-17T09:50:57.064+0800][16.942s][info][gc,phases      ] GC(378) Phase 2: Compute new object addresses 1.757ms
[2026-06-17T09:50:57.065+0800][16.943s][info][gc,phases,start] GC(378) Phase 3: Adjust pointers
[2026-06-17T09:50:57.067+0800][16.945s][info][gc,phases      ] GC(378) Phase 3: Adjust pointers 1.253ms
[2026-06-17T09:50:57.073+0800][16.951s][info][gc,phases,start] GC(378) Phase 4: Move objects
[2026-06-17T09:50:57.077+0800][16.955s][info][gc,phases      ] GC(378) Phase 4: Move objects 3.665ms
[2026-06-17T09:50:57.081+0800][16.959s][info][gc             ] GC(378) Pause Full (Allocation Failure) 58M->32M(61M) 28.003ms
[2026-06-17T09:50:57.086+0800][16.964s][info][gc,heap        ] GC(377) DefNew: 19572K->0K(19648K)
[2026-06-17T09:50:57.086+0800][16.964s][info][gc,heap        ] GC(377) Tenured: 40091K->32878K(43712K)
[2026-06-17T09:50:57.087+0800][16.965s][info][gc,metaspace   ] GC(377) Metaspace: 3160K(4864K)->3160K(4864K) NonClass: 2855K(4352K)->2855K(4352K) Class: 305K(512K)->305K(512K)
[2026-06-17T09:50:57.087+0800][16.965s][info][gc             ] GC(377) Pause Young (Allocation Failure) 58M->32M(61M) 38.702ms
[2026-06-17T09:50:57.091+0800][16.969s][info][gc,cpu         ] GC(377) User=0.00s Sys=0.00s Real=0.05s
[2026-06-17T09:50:57.137+0800][17.015s][info][gc,start       ] GC(379) Pause Young (Allocation Failure)
[2026-06-17T09:50:57.150+0800][17.029s][info][gc,heap        ] GC(379) DefNew: 17471K->2175K(19648K)
[2026-06-17T09:50:57.152+0800][17.030s][info][gc,heap        ] GC(379) Tenured: 32878K->37838K(43712K)
[2026-06-17T09:50:57.159+0800][17.037s][info][gc,metaspace   ] GC(379) Metaspace: 3160K(4864K)->3160K(4864K) NonClass: 2855K(4352K)->2855K(4352K) Class: 305K(512K)->305K(512K)
[2026-06-17T09:50:57.177+0800][17.055s][info][gc             ] GC(379) Pause Young (Allocation Failure) 49M->39M(61M) 39.761ms
[2026-06-17T09:50:57.177+0800][17.055s][info][gc,cpu         ] GC(379) User=0.00s Sys=0.00s Real=0.04s
[2026-06-17T09:50:57.229+0800][17.107s][info][gc,start       ] GC(380) Pause Young (Allocation Failure)
[2026-06-17T09:50:57.230+0800][17.108s][info][gc,start       ] GC(381) Pause Full (Allocation Failure)
[2026-06-17T09:50:57.230+0800][17.108s][info][gc,phases,start] GC(381) Phase 1: Mark live objects
[2026-06-17T09:50:57.230+0800][17.108s][info][gc,phases      ] GC(381) Phase 1: Mark live objects 0.595ms
[2026-06-17T09:50:57.233+0800][17.111s][info][gc,phases,start] GC(381) Phase 2: Compute new object addresses
[2026-06-17T09:50:57.235+0800][17.113s][info][gc,phases      ] GC(381) Phase 2: Compute new object addresses 1.923ms
[2026-06-17T09:50:57.235+0800][17.114s][info][gc,phases,start] GC(381) Phase 3: Adjust pointers
[2026-06-17T09:50:57.239+0800][17.117s][info][gc,phases      ] GC(381) Phase 3: Adjust pointers 3.226ms
[2026-06-17T09:50:57.240+0800][17.118s][info][gc,phases,start] GC(381) Phase 4: Move objects
[2026-06-17T09:50:57.243+0800][17.121s][info][gc,phases      ] GC(381) Phase 4: Move objects 3.294ms
[2026-06-17T09:50:57.245+0800][17.123s][info][gc             ] GC(381) Pause Full (Allocation Failure) 56M->23M(61M) 15.236ms
[2026-06-17T09:50:57.247+0800][17.125s][info][gc,heap        ] GC(380) DefNew: 19591K->0K(19648K)
[2026-06-17T09:50:57.249+0800][17.127s][info][gc,heap        ] GC(380) Tenured: 37838K->24016K(43712K)
[2026-06-17T09:50:57.250+0800][17.129s][info][gc,metaspace   ] GC(380) Metaspace: 3160K(4864K)->3160K(4864K) NonClass: 2855K(4352K)->2855K(4352K) Class: 305K(512K)->305K(512K)
[2026-06-17T09:50:57.253+0800][17.131s][info][gc             ] GC(380) Pause Young (Allocation Failure) 56M->23M(61M) 23.576ms
[2026-06-17T09:50:57.254+0800][17.132s][info][gc,cpu         ] GC(380) User=0.00s Sys=0.00s Real=0.03s
[2026-06-17T09:50:57.296+0800][17.174s][info][gc,start       ] GC(382) Pause Young (Allocation Failure)
[2026-06-17T09:50:57.303+0800][17.182s][info][gc,heap        ] GC(382) DefNew: 17424K->2171K(19648K)
[2026-06-17T09:50:57.305+0800][17.183s][info][gc,heap        ] GC(382) Tenured: 24016K->29203K(43712K)
[2026-06-17T09:50:57.306+0800][17.184s][info][gc,metaspace   ] GC(382) Metaspace: 3160K(4864K)->3160K(4864K) NonClass: 2855K(4352K)->2855K(4352K) Class: 305K(512K)->305K(512K)
[2026-06-17T09:50:57.306+0800][17.184s][info][gc             ] GC(382) Pause Young (Allocation Failure) 40M->30M(61M) 9.920ms
[2026-06-17T09:50:57.307+0800][17.185s][info][gc,cpu         ] GC(382) User=0.00s Sys=0.00s Real=0.01s
[2026-06-17T09:50:57.349+0800][17.227s][info][gc,start       ] GC(383) Pause Young (Allocation Failure)
[2026-06-17T09:50:57.352+0800][17.230s][info][gc,heap        ] GC(383) DefNew: 19643K->2164K(19648K)
[2026-06-17T09:50:57.352+0800][17.230s][info][gc,heap        ] GC(383) Tenured: 29203K->32910K(43712K)
[2026-06-17T09:50:57.353+0800][17.231s][info][gc,metaspace   ] GC(383) Metaspace: 3160K(4864K)->3160K(4864K) NonClass: 2855K(4352K)->2855K(4352K) Class: 305K(512K)->305K(512K)
[2026-06-17T09:50:57.353+0800][17.231s][info][gc             ] GC(383) Pause Young (Allocation Failure) 47M->34M(61M) 4.167ms
[2026-06-17T09:50:57.353+0800][17.231s][info][gc,cpu         ] GC(383) User=0.00s Sys=0.00s Real=0.01s
[2026-06-17T09:50:57.396+0800][17.274s][info][gc,start       ] GC(384) Pause Young (Allocation Failure)
[2026-06-17T09:50:57.397+0800][17.275s][info][gc,heap        ] GC(384) DefNew: 19603K->2175K(19648K)
[2026-06-17T09:50:57.397+0800][17.275s][info][gc,heap        ] GC(384) Tenured: 32910K->36584K(43712K)
[2026-06-17T09:50:57.398+0800][17.276s][info][gc,metaspace   ] GC(384) Metaspace: 3160K(4864K)->3160K(4864K) NonClass: 2855K(4352K)->2855K(4352K) Class: 305K(512K)->305K(512K)
[2026-06-17T09:50:57.398+0800][17.276s][info][gc             ] GC(384) Pause Young (Allocation Failure) 51M->37M(61M) 2.487ms
[2026-06-17T09:50:57.398+0800][17.276s][info][gc,cpu         ] GC(384) User=0.01s Sys=0.00s Real=0.00s
[2026-06-17T09:50:57.440+0800][17.319s][info][gc,start       ] GC(385) Pause Young (Allocation Failure)
[2026-06-17T09:50:57.444+0800][17.322s][info][gc,heap        ] GC(385) DefNew: 19647K->2174K(19648K)
[2026-06-17T09:50:57.446+0800][17.324s][info][gc,heap        ] GC(385) Tenured: 36584K->42222K(43712K)
[2026-06-17T09:50:57.447+0800][17.325s][info][gc,metaspace   ] GC(385) Metaspace: 3160K(4864K)->3160K(4864K) NonClass: 2855K(4352K)->2855K(4352K) Class: 305K(512K)->305K(512K)
[2026-06-17T09:50:57.447+0800][17.325s][info][gc             ] GC(385) Pause Young (Allocation Failure) 54M->43M(61M) 6.979ms
[2026-06-17T09:50:57.448+0800][17.326s][info][gc,cpu         ] GC(385) User=0.00s Sys=0.00s Real=0.01s
[2026-06-17T09:50:57.500+0800][17.378s][info][gc,start       ] GC(386) Pause Young (Allocation Failure)
[2026-06-17T09:50:57.500+0800][17.378s][info][gc,start       ] GC(387) Pause Full (Allocation Failure)
[2026-06-17T09:50:57.501+0800][17.379s][info][gc,phases,start] GC(387) Phase 1: Mark live objects
[2026-06-17T09:50:57.502+0800][17.380s][info][gc,phases      ] GC(387) Phase 1: Mark live objects 0.787ms
[2026-06-17T09:50:57.502+0800][17.380s][info][gc,phases,start] GC(387) Phase 2: Compute new object addresses
[2026-06-17T09:50:57.502+0800][17.380s][info][gc,phases      ] GC(387) Phase 2: Compute new object addresses 0.372ms
[2026-06-17T09:50:57.502+0800][17.380s][info][gc,phases,start] GC(387) Phase 3: Adjust pointers
[2026-06-17T09:50:57.503+0800][17.381s][info][gc,phases      ] GC(387) Phase 3: Adjust pointers 0.417ms
[2026-06-17T09:50:57.503+0800][17.381s][info][gc,phases,start] GC(387) Phase 4: Move objects
[2026-06-17T09:50:57.505+0800][17.383s][info][gc,phases      ] GC(387) Phase 4: Move objects 2.031ms
[2026-06-17T09:50:57.505+0800][17.383s][info][gc             ] GC(387) Pause Full (Allocation Failure) 60M->30M(61M) 5.134ms
[2026-06-17T09:50:57.506+0800][17.384s][info][gc,heap        ] GC(386) DefNew: 19646K->0K(19648K)
[2026-06-17T09:50:57.506+0800][17.384s][info][gc,heap        ] GC(386) Tenured: 42222K->31617K(43712K)
[2026-06-17T09:50:57.506+0800][17.384s][info][gc,metaspace   ] GC(386) Metaspace: 3160K(4864K)->3160K(4864K) NonClass: 2855K(4352K)->2855K(4352K) Class: 305K(512K)->305K(512K)
[2026-06-17T09:50:57.506+0800][17.384s][info][gc             ] GC(386) Pause Young (Allocation Failure) 60M->30M(61M) 6.076ms
[2026-06-17T09:50:57.506+0800][17.384s][info][gc,cpu         ] GC(386) User=0.00s Sys=0.00s Real=0.01s
[2026-06-17T09:50:57.549+0800][17.427s][info][gc,start       ] GC(388) Pause Young (Allocation Failure)
[2026-06-17T09:50:57.552+0800][17.430s][info][gc,heap        ] GC(388) DefNew: 17472K->2169K(19648K)
[2026-06-17T09:50:57.553+0800][17.431s][info][gc,heap        ] GC(388) Tenured: 31617K->36230K(43712K)
[2026-06-17T09:50:57.553+0800][17.431s][info][gc,metaspace   ] GC(388) Metaspace: 3160K(4864K)->3160K(4864K) NonClass: 2855K(4352K)->2855K(4352K) Class: 305K(512K)->305K(512K)
[2026-06-17T09:50:57.554+0800][17.432s][info][gc             ] GC(388) Pause Young (Allocation Failure) 47M->37M(61M) 5.053ms
[2026-06-17T09:50:57.554+0800][17.432s][info][gc,cpu         ] GC(388) User=0.00s Sys=0.00s Real=0.01s
[2026-06-17T09:50:57.599+0800][17.477s][info][gc,start       ] GC(389) Pause Young (Allocation Failure)
[2026-06-17T09:50:57.601+0800][17.479s][info][gc,heap        ] GC(389) DefNew: 19641K->2170K(19648K)
[2026-06-17T09:50:57.602+0800][17.480s][info][gc,heap        ] GC(389) Tenured: 36230K->40403K(43712K)
[2026-06-17T09:50:57.603+0800][17.481s][info][gc,metaspace   ] GC(389) Metaspace: 3160K(4864K)->3160K(4864K) NonClass: 2855K(4352K)->2855K(4352K) Class: 305K(512K)->305K(512K)
[2026-06-17T09:50:57.603+0800][17.481s][info][gc             ] GC(389) Pause Young (Allocation Failure) 54M->41M(61M) 4.732ms
[2026-06-17T09:50:57.604+0800][17.482s][info][gc,cpu         ] GC(389) User=0.00s Sys=0.00s Real=0.01s
[2026-06-17T09:50:57.649+0800][17.527s][info][gc,start       ] GC(390) Pause Young (Allocation Failure)
[2026-06-17T09:50:57.649+0800][17.528s][info][gc,start       ] GC(391) Pause Full (Allocation Failure)
[2026-06-17T09:50:57.650+0800][17.528s][info][gc,phases,start] GC(391) Phase 1: Mark live objects
[2026-06-17T09:50:57.651+0800][17.529s][info][gc,phases      ] GC(391) Phase 1: Mark live objects 1.434ms
[2026-06-17T09:50:57.652+0800][17.530s][info][gc,phases,start] GC(391) Phase 2: Compute new object addresses
[2026-06-17T09:50:57.653+0800][17.531s][info][gc,phases      ] GC(391) Phase 2: Compute new object addresses 0.684ms
[2026-06-17T09:50:57.653+0800][17.531s][info][gc,phases,start] GC(391) Phase 3: Adjust pointers
[2026-06-17T09:50:57.654+0800][17.532s][info][gc,phases      ] GC(391) Phase 3: Adjust pointers 0.692ms
[2026-06-17T09:50:57.654+0800][17.532s][info][gc,phases,start] GC(391) Phase 4: Move objects
[2026-06-17T09:50:57.656+0800][17.535s][info][gc,phases      ] GC(391) Phase 4: Move objects 2.577ms
[2026-06-17T09:50:57.657+0800][17.535s][info][gc             ] GC(391) Pause Full (Allocation Failure) 58M->26M(61M) 7.478ms
[2026-06-17T09:50:57.657+0800][17.535s][info][gc,heap        ] GC(390) DefNew: 19614K->0K(19648K)
[2026-06-17T09:50:57.657+0800][17.535s][info][gc,heap        ] GC(390) Tenured: 40403K->26928K(43712K)
[2026-06-17T09:50:57.657+0800][17.535s][info][gc,metaspace   ] GC(390) Metaspace: 3160K(4864K)->3160K(4864K) NonClass: 2855K(4352K)->2855K(4352K) Class: 305K(512K)->305K(512K)
[2026-06-17T09:50:57.657+0800][17.535s][info][gc             ] GC(390) Pause Young (Allocation Failure) 58M->26M(61M) 8.611ms
[2026-06-17T09:50:57.658+0800][17.536s][info][gc,cpu         ] GC(390) User=0.00s Sys=0.00s Real=0.01s
[2026-06-17T09:50:57.713+0800][17.591s][info][gc,start       ] GC(392) Pause Young (Allocation Failure)
[2026-06-17T09:50:57.714+0800][17.592s][info][gc,heap        ] GC(392) DefNew: 17441K->2107K(19648K)
[2026-06-17T09:50:57.715+0800][17.593s][info][gc,heap        ] GC(392) Tenured: 26928K->28479K(43712K)
[2026-06-17T09:50:57.715+0800][17.593s][info][gc,metaspace   ] GC(392) Metaspace: 3160K(4864K)->3160K(4864K) NonClass: 2855K(4352K)->2855K(4352K) Class: 305K(512K)->305K(512K)
[2026-06-17T09:50:57.716+0800][17.594s][info][gc             ] GC(392) Pause Young (Allocation Failure) 43M->29M(61M) 2.965ms
[2026-06-17T09:50:57.716+0800][17.594s][info][gc,cpu         ] GC(392) User=0.00s Sys=0.00s Real=0.00s
[2026-06-17T09:50:57.759+0800][17.637s][info][gc,start       ] GC(393) Pause Young (Allocation Failure)
[2026-06-17T09:50:57.762+0800][17.640s][info][gc,heap        ] GC(393) DefNew: 19579K->2079K(19648K)
[2026-06-17T09:50:57.763+0800][17.641s][info][gc,heap        ] GC(393) Tenured: 28479K->31809K(43712K)
[2026-06-17T09:50:57.763+0800][17.641s][info][gc,metaspace   ] GC(393) Metaspace: 3160K(4864K)->3160K(4864K) NonClass: 2855K(4352K)->2855K(4352K) Class: 305K(512K)->305K(512K)
[2026-06-17T09:50:57.764+0800][17.642s][info][gc             ] GC(393) Pause Young (Allocation Failure) 46M->33M(61M) 4.828ms
[2026-06-17T09:50:57.765+0800][17.643s][info][gc,cpu         ] GC(393) User=0.00s Sys=0.00s Real=0.01s
[2026-06-17T09:50:57.810+0800][17.688s][info][gc,start       ] GC(394) Pause Young (Allocation Failure)
[2026-06-17T09:50:57.813+0800][17.691s][info][gc,heap        ] GC(394) DefNew: 19534K->2124K(19648K)
[2026-06-17T09:50:57.813+0800][17.691s][info][gc,heap        ] GC(394) Tenured: 31809K->35585K(43712K)
[2026-06-17T09:50:57.814+0800][17.692s][info][gc,metaspace   ] GC(394) Metaspace: 3160K(4864K)->3160K(4864K) NonClass: 2855K(4352K)->2855K(4352K) Class: 305K(512K)->305K(512K)
[2026-06-17T09:50:57.815+0800][17.693s][info][gc             ] GC(394) Pause Young (Allocation Failure) 50M->36M(61M) 4.420ms
[2026-06-17T09:50:57.815+0800][17.693s][info][gc,cpu         ] GC(394) User=0.00s Sys=0.00s Real=0.01s
[2026-06-17T09:50:57.859+0800][17.737s][info][gc,start       ] GC(395) Pause Young (Allocation Failure)
[2026-06-17T09:50:57.861+0800][17.739s][info][gc,heap        ] GC(395) DefNew: 19565K->2157K(19648K)
[2026-06-17T09:50:57.861+0800][17.739s][info][gc,heap        ] GC(395) Tenured: 35585K->38896K(43712K)
[2026-06-17T09:50:57.861+0800][17.739s][info][gc,metaspace   ] GC(395) Metaspace: 3160K(4864K)->3160K(4864K) NonClass: 2855K(4352K)->2855K(4352K) Class: 305K(512K)->305K(512K)
[2026-06-17T09:50:57.861+0800][17.740s][info][gc             ] GC(395) Pause Young (Allocation Failure) 53M->40M(61M) 2.893ms
[2026-06-17T09:50:57.862+0800][17.740s][info][gc,cpu         ] GC(395) User=0.00s Sys=0.00s Real=0.00s
[2026-06-17T09:50:57.904+0800][17.782s][info][gc,start       ] GC(396) Pause Young (Allocation Failure)
[2026-06-17T09:50:57.909+0800][17.787s][info][gc,start       ] GC(397) Pause Full (Allocation Failure)
[2026-06-17T09:50:57.916+0800][17.794s][info][gc,phases,start] GC(397) Phase 1: Mark live objects
[2026-06-17T09:50:57.924+0800][17.802s][info][gc,phases      ] GC(397) Phase 1: Mark live objects 7.707ms
[2026-06-17T09:50:57.925+0800][17.804s][info][gc,phases,start] GC(397) Phase 2: Compute new object addresses
[2026-06-17T09:50:57.928+0800][17.806s][info][gc,phases      ] GC(397) Phase 2: Compute new object addresses 2.816ms
[2026-06-17T09:50:57.930+0800][17.809s][info][gc,phases,start] GC(397) Phase 3: Adjust pointers
[2026-06-17T09:50:57.933+0800][17.811s][info][gc,phases      ] GC(397) Phase 3: Adjust pointers 2.429ms
[2026-06-17T09:50:57.935+0800][17.813s][info][gc,phases,start] GC(397) Phase 4: Move objects
[2026-06-17T09:50:57.939+0800][17.817s][info][gc,phases      ] GC(397) Phase 4: Move objects 3.691ms
[2026-06-17T09:50:57.939+0800][17.817s][info][gc             ] GC(397) Pause Full (Allocation Failure) 57M->22M(61M) 29.943ms
[2026-06-17T09:50:57.939+0800][17.817s][info][gc,heap        ] GC(396) DefNew: 19587K->0K(19648K)
[2026-06-17T09:50:57.940+0800][17.819s][info][gc,heap        ] GC(396) Tenured: 38896K->23035K(43712K)
[2026-06-17T09:50:57.943+0800][17.821s][info][gc,metaspace   ] GC(396) Metaspace: 3160K(4864K)->3160K(4864K) NonClass: 2855K(4352K)->2855K(4352K) Class: 305K(512K)->305K(512K)
[2026-06-17T09:50:57.944+0800][17.823s][info][gc             ] GC(396) Pause Young (Allocation Failure) 57M->22M(61M) 40.533ms
[2026-06-17T09:50:57.946+0800][17.824s][info][gc,cpu         ] GC(396) User=0.00s Sys=0.00s Real=0.04s
[2026-06-17T09:50:57.999+0800][17.877s][info][gc,start       ] GC(398) Pause Young (Allocation Failure)
[2026-06-17T09:50:58.004+0800][17.882s][info][gc,heap        ] GC(398) DefNew: 17440K->2078K(19648K)
[2026-06-17T09:50:58.010+0800][17.888s][info][gc,heap        ] GC(398) Tenured: 23035K->23949K(43712K)
[2026-06-17T09:50:58.012+0800][17.890s][info][gc,metaspace   ] GC(398) Metaspace: 3160K(4864K)->3160K(4864K) NonClass: 2855K(4352K)->2855K(4352K) Class: 305K(512K)->305K(512K)
[2026-06-17T09:50:58.012+0800][17.890s][info][gc             ] GC(398) Pause Young (Allocation Failure) 39M->25M(61M) 12.845ms
[2026-06-17T09:50:58.014+0800][17.892s][info][gc,cpu         ] GC(398) User=0.00s Sys=0.00s Real=0.02s
[2026-06-17T09:50:58.059+0800][17.937s][info][gc,start       ] GC(399) Pause Young (Allocation Failure)
[2026-06-17T09:50:58.065+0800][17.943s][info][gc,heap        ] GC(399) DefNew: 19550K->2137K(19648K)
[2026-06-17T09:50:58.069+0800][17.947s][info][gc,heap        ] GC(399) Tenured: 23949K->27867K(43712K)
[2026-06-17T09:50:58.072+0800][17.951s][info][gc,metaspace   ] GC(399) Metaspace: 3160K(4864K)->3160K(4864K) NonClass: 2855K(4352K)->2855K(4352K) Class: 305K(512K)->305K(512K)
[2026-06-17T09:50:58.076+0800][17.954s][info][gc             ] GC(399) Pause Young (Allocation Failure) 42M->29M(61M) 17.244ms
[2026-06-17T09:50:58.078+0800][17.956s][info][gc,cpu         ] GC(399) User=0.00s Sys=0.00s Real=0.02s
[2026-06-17T09:50:58.122+0800][18.000s][info][gc,start       ] GC(400) Pause Young (Allocation Failure)
[2026-06-17T09:50:58.127+0800][18.005s][info][gc,heap        ] GC(400) DefNew: 19609K->2135K(19648K)
[2026-06-17T09:50:58.132+0800][18.010s][info][gc,heap        ] GC(400) Tenured: 27867K->31333K(43712K)
[2026-06-17T09:50:58.139+0800][18.017s][info][gc,metaspace   ] GC(400) Metaspace: 3160K(4864K)->3160K(4864K) NonClass: 2855K(4352K)->2855K(4352K) Class: 305K(512K)->305K(512K)
[2026-06-17T09:50:58.143+0800][18.022s][info][gc             ] GC(400) Pause Young (Allocation Failure) 46M->32M(61M) 21.724ms
[2026-06-17T09:50:58.149+0800][18.027s][info][gc,cpu         ] GC(400) User=0.00s Sys=0.00s Real=0.03s
[2026-06-17T09:50:58.196+0800][18.074s][info][gc,start       ] GC(401) Pause Young (Allocation Failure)
[2026-06-17T09:50:58.197+0800][18.075s][info][gc,heap        ] GC(401) DefNew: 19607K->2012K(19648K)
[2026-06-17T09:50:58.197+0800][18.075s][info][gc,heap        ] GC(401) Tenured: 31333K->35059K(43712K)
[2026-06-17T09:50:58.198+0800][18.076s][info][gc,metaspace   ] GC(401) Metaspace: 3160K(4864K)->3160K(4864K) NonClass: 2855K(4352K)->2855K(4352K) Class: 305K(512K)->305K(512K)
[2026-06-17T09:50:58.198+0800][18.076s][info][gc             ] GC(401) Pause Young (Allocation Failure) 49M->36M(61M) 2.010ms
[2026-06-17T09:50:58.198+0800][18.076s][info][gc,cpu         ] GC(401) User=0.00s Sys=0.00s Real=0.00s
[2026-06-17T09:50:58.241+0800][18.119s][info][gc,start       ] GC(402) Pause Young (Allocation Failure)
[2026-06-17T09:50:58.242+0800][18.120s][info][gc,heap        ] GC(402) DefNew: 19471K->2175K(19648K)
[2026-06-17T09:50:58.242+0800][18.120s][info][gc,heap        ] GC(402) Tenured: 35059K->38716K(43712K)
[2026-06-17T09:50:58.243+0800][18.121s][info][gc,metaspace   ] GC(402) Metaspace: 3160K(4864K)->3160K(4864K) NonClass: 2855K(4352K)->2855K(4352K) Class: 305K(512K)->305K(512K)
[2026-06-17T09:50:58.243+0800][18.121s][info][gc             ] GC(402) Pause Young (Allocation Failure) 53M->39M(61M) 1.967ms
[2026-06-17T09:50:58.243+0800][18.121s][info][gc,cpu         ] GC(402) User=0.01s Sys=0.00s Real=0.01s
[2026-06-17T09:50:58.286+0800][18.164s][info][gc,start       ] GC(403) Pause Young (Allocation Failure)
[2026-06-17T09:50:58.287+0800][18.165s][info][gc,start       ] GC(404) Pause Full (Allocation Failure)
[2026-06-17T09:50:58.287+0800][18.165s][info][gc,phases,start] GC(404) Phase 1: Mark live objects
[2026-06-17T09:50:58.290+0800][18.168s][info][gc,phases      ] GC(404) Phase 1: Mark live objects 2.335ms
[2026-06-17T09:50:58.291+0800][18.169s][info][gc,phases,start] GC(404) Phase 2: Compute new object addresses
[2026-06-17T09:50:58.292+0800][18.170s][info][gc,phases      ] GC(404) Phase 2: Compute new object addresses 1.024ms
[2026-06-17T09:50:58.292+0800][18.170s][info][gc,phases,start] GC(404) Phase 3: Adjust pointers
[2026-06-17T09:50:58.293+0800][18.171s][info][gc,phases      ] GC(404) Phase 3: Adjust pointers 0.970ms
[2026-06-17T09:50:58.294+0800][18.172s][info][gc,phases,start] GC(404) Phase 4: Move objects
[2026-06-17T09:50:58.298+0800][18.176s][info][gc,phases      ] GC(404) Phase 4: Move objects 4.436ms
[2026-06-17T09:50:58.299+0800][18.177s][info][gc             ] GC(404) Pause Full (Allocation Failure) 56M->27M(61M) 11.999ms
[2026-06-17T09:50:58.299+0800][18.177s][info][gc,heap        ] GC(403) DefNew: 19642K->0K(19648K)
[2026-06-17T09:50:58.300+0800][18.178s][info][gc,heap        ] GC(403) Tenured: 38716K->28218K(43712K)
[2026-06-17T09:50:58.300+0800][18.178s][info][gc,metaspace   ] GC(403) Metaspace: 3160K(4864K)->3160K(4864K) NonClass: 2855K(4352K)->2855K(4352K) Class: 305K(512K)->305K(512K)
[2026-06-17T09:50:58.301+0800][18.179s][info][gc             ] GC(403) Pause Young (Allocation Failure) 56M->27M(61M) 14.736ms
[2026-06-17T09:50:58.301+0800][18.179s][info][gc,cpu         ] GC(403) User=0.01s Sys=0.00s Real=0.01s
[2026-06-17T09:50:58.345+0800][18.223s][info][gc,start       ] GC(405) Pause Young (Allocation Failure)
[2026-06-17T09:50:58.347+0800][18.225s][info][gc,heap        ] GC(405) DefNew: 17437K->2172K(19648K)
[2026-06-17T09:50:58.348+0800][18.226s][info][gc,heap        ] GC(405) Tenured: 28218K->33193K(43712K)
[2026-06-17T09:50:58.349+0800][18.227s][info][gc,metaspace   ] GC(405) Metaspace: 3160K(4864K)->3160K(4864K) NonClass: 2855K(4352K)->2855K(4352K) Class: 305K(512K)->305K(512K)
[2026-06-17T09:50:58.349+0800][18.227s][info][gc             ] GC(405) Pause Young (Allocation Failure) 44M->34M(61M) 4.166ms
[2026-06-17T09:50:58.350+0800][18.228s][info][gc,cpu         ] GC(405) User=0.00s Sys=0.00s Real=0.00s
[2026-06-17T09:50:58.392+0800][18.270s][info][gc,start       ] GC(406) Pause Young (Allocation Failure)
[2026-06-17T09:50:58.394+0800][18.272s][info][gc,heap        ] GC(406) DefNew: 19365K->1959K(19648K)
[2026-06-17T09:50:58.394+0800][18.272s][info][gc,heap        ] GC(406) Tenured: 33193K->35919K(43712K)
[2026-06-17T09:50:58.394+0800][18.273s][info][gc,metaspace   ] GC(406) Metaspace: 3160K(4864K)->3160K(4864K) NonClass: 2855K(4352K)->2855K(4352K) Class: 305K(512K)->305K(512K)
[2026-06-17T09:50:58.395+0800][18.273s][info][gc             ] GC(406) Pause Young (Allocation Failure) 51M->36M(61M) 2.324ms
[2026-06-17T09:50:58.395+0800][18.273s][info][gc,cpu         ] GC(406) User=0.00s Sys=0.00s Real=0.00s
[2026-06-17T09:50:58.448+0800][18.326s][info][gc,start       ] GC(407) Pause Young (Allocation Failure)
[2026-06-17T09:50:58.449+0800][18.327s][info][gc,heap        ] GC(407) DefNew: 19414K->2175K(19648K)
[2026-06-17T09:50:58.450+0800][18.328s][info][gc,heap        ] GC(407) Tenured: 35919K->39053K(43712K)
[2026-06-17T09:50:58.450+0800][18.328s][info][gc,metaspace   ] GC(407) Metaspace: 3160K(4864K)->3160K(4864K) NonClass: 2855K(4352K)->2855K(4352K) Class: 305K(512K)->305K(512K)
[2026-06-17T09:50:58.451+0800][18.329s][info][gc             ] GC(407) Pause Young (Allocation Failure) 54M->40M(61M) 2.983ms
[2026-06-17T09:50:58.451+0800][18.329s][info][gc,cpu         ] GC(407) User=0.00s Sys=0.00s Real=0.01s
[2026-06-17T09:50:58.493+0800][18.372s][info][gc,start       ] GC(408) Pause Young (Allocation Failure)
[2026-06-17T09:50:58.494+0800][18.372s][info][gc,start       ] GC(409) Pause Full (Allocation Failure)
[2026-06-17T09:50:58.495+0800][18.373s][info][gc,phases,start] GC(409) Phase 1: Mark live objects
[2026-06-17T09:50:58.496+0800][18.374s][info][gc,phases      ] GC(409) Phase 1: Mark live objects 1.611ms
[2026-06-17T09:50:58.497+0800][18.375s][info][gc,phases,start] GC(409) Phase 2: Compute new object addresses
[2026-06-17T09:50:58.497+0800][18.375s][info][gc,phases      ] GC(409) Phase 2: Compute new object addresses 0.733ms
[2026-06-17T09:50:58.498+0800][18.376s][info][gc,phases,start] GC(409) Phase 3: Adjust pointers
[2026-06-17T09:50:58.499+0800][18.377s][info][gc,phases      ] GC(409) Phase 3: Adjust pointers 0.822ms
[2026-06-17T09:50:58.499+0800][18.377s][info][gc,phases,start] GC(409) Phase 4: Move objects
[2026-06-17T09:50:58.503+0800][18.381s][info][gc,phases      ] GC(409) Phase 4: Move objects 3.458ms
[2026-06-17T09:50:58.503+0800][18.381s][info][gc             ] GC(409) Pause Full (Allocation Failure) 57M->29M(61M) 8.895ms
[2026-06-17T09:50:58.503+0800][18.381s][info][gc,heap        ] GC(408) DefNew: 19647K->0K(19648K)
[2026-06-17T09:50:58.503+0800][18.381s][info][gc,heap        ] GC(408) Tenured: 39053K->29981K(43712K)
[2026-06-17T09:50:58.504+0800][18.382s][info][gc,metaspace   ] GC(408) Metaspace: 3160K(4864K)->3160K(4864K) NonClass: 2855K(4352K)->2855K(4352K) Class: 305K(512K)->305K(512K)
[2026-06-17T09:50:58.504+0800][18.382s][info][gc             ] GC(408) Pause Young (Allocation Failure) 57M->29M(61M) 10.453ms
[2026-06-17T09:50:58.504+0800][18.382s][info][gc,cpu         ] GC(408) User=0.01s Sys=0.00s Real=0.01s
[2026-06-17T09:50:58.547+0800][18.425s][info][gc,start       ] GC(410) Pause Young (Allocation Failure)
[2026-06-17T09:50:58.548+0800][18.426s][info][gc,heap        ] GC(410) DefNew: 17442K->2174K(19648K)
[2026-06-17T09:50:58.548+0800][18.427s][info][gc,heap        ] GC(410) Tenured: 29981K->34761K(43712K)
[2026-06-17T09:50:58.549+0800][18.427s][info][gc,metaspace   ] GC(410) Metaspace: 3160K(4864K)->3160K(4864K) NonClass: 2855K(4352K)->2855K(4352K) Class: 305K(512K)->305K(512K)
[2026-06-17T09:50:58.549+0800][18.427s][info][gc             ] GC(410) Pause Young (Allocation Failure) 46M->36M(61M) 1.959ms
[2026-06-17T09:50:58.549+0800][18.427s][info][gc,cpu         ] GC(410) User=0.00s Sys=0.00s Real=0.00s
[2026-06-17T09:50:58.591+0800][18.469s][info][gc,start       ] GC(411) Pause Young (Allocation Failure)
[2026-06-17T09:50:58.592+0800][18.471s][info][gc,heap        ] GC(411) DefNew: 19624K->2139K(19648K)
[2026-06-17T09:50:58.593+0800][18.471s][info][gc,heap        ] GC(411) Tenured: 34761K->38968K(43712K)
[2026-06-17T09:50:58.593+0800][18.471s][info][gc,metaspace   ] GC(411) Metaspace: 3160K(4864K)->3160K(4864K) NonClass: 2855K(4352K)->2855K(4352K) Class: 305K(512K)->305K(512K)
[2026-06-17T09:50:58.593+0800][18.471s][info][gc             ] GC(411) Pause Young (Allocation Failure) 53M->40M(61M) 1.999ms
[2026-06-17T09:50:58.594+0800][18.472s][info][gc,cpu         ] GC(411) User=0.00s Sys=0.00s Real=0.00s
[2026-06-17T09:50:58.636+0800][18.514s][info][gc,start       ] GC(412) Pause Young (Allocation Failure)
[2026-06-17T09:50:58.636+0800][18.514s][info][gc,start       ] GC(413) Pause Full (Allocation Failure)
[2026-06-17T09:50:58.636+0800][18.514s][info][gc,phases,start] GC(413) Phase 1: Mark live objects
[2026-06-17T09:50:58.637+0800][18.515s][info][gc,phases      ] GC(413) Phase 1: Mark live objects 0.862ms
[2026-06-17T09:50:58.637+0800][18.515s][info][gc,phases,start] GC(413) Phase 2: Compute new object addresses
[2026-06-17T09:50:58.638+0800][18.516s][info][gc,phases      ] GC(413) Phase 2: Compute new object addresses 0.455ms
[2026-06-17T09:50:58.638+0800][18.516s][info][gc,phases,start] GC(413) Phase 3: Adjust pointers
[2026-06-17T09:50:58.638+0800][18.516s][info][gc,phases      ] GC(413) Phase 3: Adjust pointers 0.449ms
[2026-06-17T09:50:58.639+0800][18.517s][info][gc,phases,start] GC(413) Phase 4: Move objects
[2026-06-17T09:50:58.641+0800][18.519s][info][gc,phases      ] GC(413) Phase 4: Move objects 2.311ms
[2026-06-17T09:50:58.641+0800][18.519s][info][gc             ] GC(413) Pause Full (Allocation Failure) 57M->25M(61M) 5.215ms
[2026-06-17T09:50:58.641+0800][18.519s][info][gc,heap        ] GC(412) DefNew: 19433K->0K(19648K)
[2026-06-17T09:50:58.642+0800][18.520s][info][gc,heap        ] GC(412) Tenured: 38968K->26323K(43712K)
[2026-06-17T09:50:58.642+0800][18.520s][info][gc,metaspace   ] GC(412) Metaspace: 3160K(4864K)->3160K(4864K) NonClass: 2855K(4352K)->2855K(4352K) Class: 305K(512K)->305K(512K)
[2026-06-17T09:50:58.642+0800][18.520s][info][gc             ] GC(412) Pause Young (Allocation Failure) 57M->25M(61M) 6.102ms
[2026-06-17T09:50:58.642+0800][18.520s][info][gc,cpu         ] GC(412) User=0.00s Sys=0.00s Real=0.00s
[2026-06-17T09:50:58.684+0800][18.562s][info][gc,start       ] GC(414) Pause Young (Allocation Failure)
[2026-06-17T09:50:58.688+0800][18.566s][info][gc,heap        ] GC(414) DefNew: 17450K->2175K(19648K)
[2026-06-17T09:50:58.689+0800][18.567s][info][gc,heap        ] GC(414) Tenured: 26323K->31026K(43712K)
[2026-06-17T09:50:58.689+0800][18.567s][info][gc,metaspace   ] GC(414) Metaspace: 3160K(4864K)->3160K(4864K) NonClass: 2855K(4352K)->2855K(4352K) Class: 305K(512K)->305K(512K)
[2026-06-17T09:50:58.690+0800][18.568s][info][gc             ] GC(414) Pause Young (Allocation Failure) 42M->32M(61M) 5.567ms
[2026-06-17T09:50:58.690+0800][18.568s][info][gc,cpu         ] GC(414) User=0.00s Sys=0.00s Real=0.00s
[2026-06-17T09:50:58.743+0800][18.621s][info][gc,start       ] GC(415) Pause Young (Allocation Failure)
[2026-06-17T09:50:58.744+0800][18.622s][info][gc,heap        ] GC(415) DefNew: 19615K->2035K(19648K)
[2026-06-17T09:50:58.744+0800][18.622s][info][gc,heap        ] GC(415) Tenured: 31026K->33209K(43712K)
[2026-06-17T09:50:58.745+0800][18.623s][info][gc,metaspace   ] GC(415) Metaspace: 3160K(4864K)->3160K(4864K) NonClass: 2855K(4352K)->2855K(4352K) Class: 305K(512K)->305K(512K)
[2026-06-17T09:50:58.745+0800][18.623s][info][gc             ] GC(415) Pause Young (Allocation Failure) 49M->34M(61M) 2.831ms
[2026-06-17T09:50:58.746+0800][18.624s][info][gc,cpu         ] GC(415) User=0.00s Sys=0.00s Real=0.00s
[2026-06-17T09:50:58.778+0800][18.656s][info][gc,start       ] GC(416) Pause Young (Allocation Failure)
[2026-06-17T09:50:58.780+0800][18.658s][info][gc,heap        ] GC(416) DefNew: 19504K->2114K(19648K)
[2026-06-17T09:50:58.780+0800][18.658s][info][gc,heap        ] GC(416) Tenured: 33209K->36358K(43712K)
[2026-06-17T09:50:58.781+0800][18.659s][info][gc,metaspace   ] GC(416) Metaspace: 3160K(4864K)->3160K(4864K) NonClass: 2855K(4352K)->2855K(4352K) Class: 305K(512K)->305K(512K)
[2026-06-17T09:50:58.783+0800][18.661s][info][gc             ] GC(416) Pause Young (Allocation Failure) 51M->37M(61M) 4.725ms
[2026-06-17T09:50:58.786+0800][18.664s][info][gc,cpu         ] GC(416) User=0.00s Sys=0.00s Real=0.01s
[2026-06-17T09:50:58.839+0800][18.717s][info][gc,start       ] GC(417) Pause Young (Allocation Failure)
[2026-06-17T09:50:58.840+0800][18.718s][info][gc,heap        ] GC(417) DefNew: 19586K->2021K(19648K)
[2026-06-17T09:50:58.841+0800][18.719s][info][gc,heap        ] GC(417) Tenured: 36358K->40075K(43712K)
[2026-06-17T09:50:58.841+0800][18.719s][info][gc,metaspace   ] GC(417) Metaspace: 3160K(4864K)->3160K(4864K) NonClass: 2855K(4352K)->2855K(4352K) Class: 305K(512K)->305K(512K)
[2026-06-17T09:50:58.841+0800][18.719s][info][gc             ] GC(417) Pause Young (Allocation Failure) 54M->41M(61M) 1.743ms
[2026-06-17T09:50:58.841+0800][18.719s][info][gc,cpu         ] GC(417) User=0.00s Sys=0.00s Real=0.00s
[2026-06-17T09:50:58.883+0800][18.761s][info][gc,start       ] GC(418) Pause Young (Allocation Failure)
[2026-06-17T09:50:58.884+0800][18.762s][info][gc,start       ] GC(419) Pause Full (Allocation Failure)
[2026-06-17T09:50:58.884+0800][18.762s][info][gc,phases,start] GC(419) Phase 1: Mark live objects
[2026-06-17T09:50:58.885+0800][18.763s][info][gc,phases      ] GC(419) Phase 1: Mark live objects 0.878ms
[2026-06-17T09:50:58.885+0800][18.763s][info][gc,phases,start] GC(419) Phase 2: Compute new object addresses
[2026-06-17T09:50:58.886+0800][18.764s][info][gc,phases      ] GC(419) Phase 2: Compute new object addresses 0.407ms
[2026-06-17T09:50:58.886+0800][18.764s][info][gc,phases,start] GC(419) Phase 3: Adjust pointers
[2026-06-17T09:50:58.886+0800][18.764s][info][gc,phases      ] GC(419) Phase 3: Adjust pointers 0.428ms
[2026-06-17T09:50:58.886+0800][18.765s][info][gc,phases,start] GC(419) Phase 4: Move objects
[2026-06-17T09:50:58.888+0800][18.766s][info][gc,phases      ] GC(419) Phase 4: Move objects 1.741ms
[2026-06-17T09:50:58.888+0800][18.766s][info][gc             ] GC(419) Pause Full (Allocation Failure) 58M->23M(61M) 4.531ms
[2026-06-17T09:50:58.889+0800][18.767s][info][gc,heap        ] GC(418) DefNew: 19493K->0K(19648K)
[2026-06-17T09:50:58.889+0800][18.767s][info][gc,heap        ] GC(418) Tenured: 40075K->24401K(43712K)
[2026-06-17T09:50:58.889+0800][18.767s][info][gc,metaspace   ] GC(418) Metaspace: 3160K(4864K)->3160K(4864K) NonClass: 2855K(4352K)->2855K(4352K) Class: 305K(512K)->305K(512K)
[2026-06-17T09:50:58.889+0800][18.767s][info][gc             ] GC(418) Pause Young (Allocation Failure) 58M->23M(61M) 5.758ms
[2026-06-17T09:50:58.889+0800][18.767s][info][gc,cpu         ] GC(418) User=0.00s Sys=0.00s Real=0.00s
[2026-06-17T09:50:58.931+0800][18.809s][info][gc,start       ] GC(420) Pause Young (Allocation Failure)
[2026-06-17T09:50:58.933+0800][18.811s][info][gc,heap        ] GC(420) DefNew: 17472K->2172K(19648K)
[2026-06-17T09:50:58.935+0800][18.813s][info][gc,heap        ] GC(420) Tenured: 24401K->29340K(43712K)
[2026-06-17T09:50:58.936+0800][18.814s][info][gc,metaspace   ] GC(420) Metaspace: 3160K(4864K)->3160K(4864K) NonClass: 2855K(4352K)->2855K(4352K) Class: 305K(512K)->305K(512K)
[2026-06-17T09:50:58.937+0800][18.815s][info][gc             ] GC(420) Pause Young (Allocation Failure) 40M->30M(61M) 5.763ms
[2026-06-17T09:50:58.938+0800][18.816s][info][gc,cpu         ] GC(420) User=0.00s Sys=0.00s Real=0.00s
[2026-06-17T09:50:58.981+0800][18.859s][info][gc,start       ] GC(421) Pause Young (Allocation Failure)
[2026-06-17T09:50:58.982+0800][18.860s][info][gc,heap        ] GC(421) DefNew: 19643K->2166K(19648K)
[2026-06-17T09:50:58.982+0800][18.861s][info][gc,heap        ] GC(421) Tenured: 29340K->34022K(43712K)
[2026-06-17T09:50:58.983+0800][18.861s][info][gc,metaspace   ] GC(421) Metaspace: 3160K(4864K)->3160K(4864K) NonClass: 2855K(4352K)->2855K(4352K) Class: 305K(512K)->305K(512K)
[2026-06-17T09:50:58.983+0800][18.861s][info][gc             ] GC(421) Pause Young (Allocation Failure) 47M->35M(61M) 1.960ms
[2026-06-17T09:50:58.983+0800][18.861s][info][gc,cpu         ] GC(421) User=0.00s Sys=0.00s Real=0.01s
[2026-06-17T09:50:59.025+0800][18.904s][info][gc,start       ] GC(422) Pause Young (Allocation Failure)
[2026-06-17T09:50:59.026+0800][18.904s][info][gc,heap        ] GC(422) DefNew: 19553K->1987K(19648K)
[2026-06-17T09:50:59.027+0800][18.905s][info][gc,heap        ] GC(422) Tenured: 34022K->34862K(43712K)
[2026-06-17T09:50:59.027+0800][18.905s][info][gc,metaspace   ] GC(422) Metaspace: 3160K(4864K)->3160K(4864K) NonClass: 2855K(4352K)->2855K(4352K) Class: 305K(512K)->305K(512K)
[2026-06-17T09:50:59.027+0800][18.905s][info][gc             ] GC(422) Pause Young (Allocation Failure) 52M->35M(61M) 1.598ms
[2026-06-17T09:50:59.027+0800][18.905s][info][gc,cpu         ] GC(422) User=0.00s Sys=0.00s Real=0.00s
[2026-06-17T09:50:59.080+0800][18.958s][info][gc,start       ] GC(423) Pause Young (Allocation Failure)
[2026-06-17T09:50:59.082+0800][18.960s][info][gc,heap        ] GC(423) DefNew: 19450K->2092K(19648K)
[2026-06-17T09:50:59.083+0800][18.961s][info][gc,heap        ] GC(423) Tenured: 34862K->38907K(43712K)
[2026-06-17T09:50:59.083+0800][18.961s][info][gc,metaspace   ] GC(423) Metaspace: 3160K(4864K)->3160K(4864K) NonClass: 2855K(4352K)->2855K(4352K) Class: 305K(512K)->305K(512K)
[2026-06-17T09:50:59.084+0800][18.962s][info][gc             ] GC(423) Pause Young (Allocation Failure) 53M->40M(61M) 3.678ms
[2026-06-17T09:50:59.084+0800][18.962s][info][gc,cpu         ] GC(423) User=0.00s Sys=0.00s Real=0.01s
[2026-06-17T09:50:59.128+0800][19.006s][info][gc,start       ] GC(424) Pause Young (Allocation Failure)
[2026-06-17T09:50:59.129+0800][19.007s][info][gc,start       ] GC(425) Pause Full (Allocation Failure)
[2026-06-17T09:50:59.130+0800][19.008s][info][gc,phases,start] GC(425) Phase 1: Mark live objects
[2026-06-17T09:50:59.131+0800][19.009s][info][gc,phases      ] GC(425) Phase 1: Mark live objects 1.291ms
[2026-06-17T09:50:59.131+0800][19.010s][info][gc,phases,start] GC(425) Phase 2: Compute new object addresses
[2026-06-17T09:50:59.132+0800][19.010s][info][gc,phases      ] GC(425) Phase 2: Compute new object addresses 0.575ms
[2026-06-17T09:50:59.132+0800][19.010s][info][gc,phases,start] GC(425) Phase 3: Adjust pointers
[2026-06-17T09:50:59.133+0800][19.011s][info][gc,phases      ] GC(425) Phase 3: Adjust pointers 0.626ms
[2026-06-17T09:50:59.133+0800][19.011s][info][gc,phases,start] GC(425) Phase 4: Move objects
[2026-06-17T09:50:59.136+0800][19.014s][info][gc,phases      ] GC(425) Phase 4: Move objects 2.304ms
[2026-06-17T09:50:59.136+0800][19.014s][info][gc             ] GC(425) Pause Full (Allocation Failure) 57M->28M(61M) 6.992ms
[2026-06-17T09:50:59.136+0800][19.014s][info][gc,heap        ] GC(424) DefNew: 19564K->0K(19648K)
[2026-06-17T09:50:59.136+0800][19.014s][info][gc,heap        ] GC(424) Tenured: 38907K->29477K(43712K)
[2026-06-17T09:50:59.136+0800][19.014s][info][gc,metaspace   ] GC(424) Metaspace: 3160K(4864K)->3160K(4864K) NonClass: 2855K(4352K)->2855K(4352K) Class: 305K(512K)->305K(512K)
[2026-06-17T09:50:59.136+0800][19.014s][info][gc             ] GC(424) Pause Young (Allocation Failure) 57M->28M(61M) 8.015ms
[2026-06-17T09:50:59.136+0800][19.015s][info][gc,cpu         ] GC(424) User=0.01s Sys=0.00s Real=0.01s
[2026-06-17T09:50:59.178+0800][19.057s][info][gc,start       ] GC(426) Pause Young (Allocation Failure)
[2026-06-17T09:50:59.180+0800][19.058s][info][gc,heap        ] GC(426) DefNew: 17431K->2171K(19648K)
[2026-06-17T09:50:59.180+0800][19.058s][info][gc,heap        ] GC(426) Tenured: 29477K->34594K(43712K)
[2026-06-17T09:50:59.181+0800][19.059s][info][gc,metaspace   ] GC(426) Metaspace: 3160K(4864K)->3160K(4864K) NonClass: 2855K(4352K)->2855K(4352K) Class: 305K(512K)->305K(512K)
[2026-06-17T09:50:59.181+0800][19.059s][info][gc             ] GC(426) Pause Young (Allocation Failure) 45M->35M(61M) 2.316ms
[2026-06-17T09:50:59.181+0800][19.059s][info][gc,cpu         ] GC(426) User=0.00s Sys=0.00s Real=0.00s
[2026-06-17T09:50:59.234+0800][19.112s][info][gc,start       ] GC(427) Pause Young (Allocation Failure)
[2026-06-17T09:50:59.235+0800][19.113s][info][gc,heap        ] GC(427) DefNew: 19601K->2162K(19648K)
[2026-06-17T09:50:59.236+0800][19.114s][info][gc,heap        ] GC(427) Tenured: 34594K->36508K(43712K)
[2026-06-17T09:50:59.237+0800][19.115s][info][gc,metaspace   ] GC(427) Metaspace: 3160K(4864K)->3160K(4864K) NonClass: 2855K(4352K)->2855K(4352K) Class: 305K(512K)->305K(512K)
[2026-06-17T09:50:59.237+0800][19.115s][info][gc             ] GC(427) Pause Young (Allocation Failure) 52M->37M(61M) 2.929ms
[2026-06-17T09:50:59.238+0800][19.116s][info][gc,cpu         ] GC(427) User=0.00s Sys=0.00s Real=0.00s
[2026-06-17T09:50:59.270+0800][19.149s][info][gc,start       ] GC(428) Pause Young (Allocation Failure)
[2026-06-17T09:50:59.272+0800][19.150s][info][gc,heap        ] GC(428) DefNew: 19634K->2065K(19648K)
[2026-06-17T09:50:59.273+0800][19.151s][info][gc,heap        ] GC(428) Tenured: 36508K->40181K(43712K)
[2026-06-17T09:50:59.274+0800][19.152s][info][gc,metaspace   ] GC(428) Metaspace: 3160K(4864K)->3160K(4864K) NonClass: 2855K(4352K)->2855K(4352K) Class: 305K(512K)->305K(512K)
[2026-06-17T09:50:59.275+0800][19.153s][info][gc             ] GC(428) Pause Young (Allocation Failure) 54M->41M(61M) 4.083ms
[2026-06-17T09:50:59.275+0800][19.153s][info][gc,cpu         ] GC(428) User=0.00s Sys=0.00s Real=0.00s
[2026-06-17T09:50:59.330+0800][19.208s][info][gc,start       ] GC(429) Pause Young (Allocation Failure)
[2026-06-17T09:50:59.331+0800][19.209s][info][gc,start       ] GC(430) Pause Full (Allocation Failure)
[2026-06-17T09:50:59.332+0800][19.210s][info][gc,phases,start] GC(430) Phase 1: Mark live objects
[2026-06-17T09:50:59.334+0800][19.212s][info][gc,phases      ] GC(430) Phase 1: Mark live objects 2.358ms
[2026-06-17T09:50:59.334+0800][19.212s][info][gc,phases,start] GC(430) Phase 2: Compute new object addresses
[2026-06-17T09:50:59.336+0800][19.214s][info][gc,phases      ] GC(430) Phase 2: Compute new object addresses 1.239ms
[2026-06-17T09:50:59.361+0800][19.239s][info][gc,phases,start] GC(430) Phase 3: Adjust pointers
[2026-06-17T09:50:59.362+0800][19.240s][info][gc,phases      ] GC(430) Phase 3: Adjust pointers 1.351ms
[2026-06-17T09:50:59.367+0800][19.245s][info][gc,phases,start] GC(430) Phase 4: Move objects
[2026-06-17T09:50:59.376+0800][19.254s][info][gc,phases      ] GC(430) Phase 4: Move objects 8.604ms
[2026-06-17T09:50:59.400+0800][19.278s][info][gc             ] GC(430) Pause Full (Allocation Failure) 58M->25M(61M) 69.060ms
[2026-06-17T09:50:59.401+0800][19.279s][info][gc,heap        ] GC(429) DefNew: 19537K->0K(19648K)
[2026-06-17T09:50:59.401+0800][19.279s][info][gc,heap        ] GC(429) Tenured: 40181K->26093K(43712K)
[2026-06-17T09:50:59.402+0800][19.280s][info][gc,metaspace   ] GC(429) Metaspace: 3160K(4864K)->3160K(4864K) NonClass: 2855K(4352K)->2855K(4352K) Class: 305K(512K)->305K(512K)
[2026-06-17T09:50:59.403+0800][19.281s][info][gc             ] GC(429) Pause Young (Allocation Failure) 58M->25M(61M) 73.213ms
[2026-06-17T09:50:59.428+0800][19.306s][info][gc,cpu         ] GC(429) User=0.01s Sys=0.00s Real=0.10s
[2026-06-17T09:50:59.470+0800][19.348s][info][gc,start       ] GC(431) Pause Young (Allocation Failure)
[2026-06-17T09:50:59.472+0800][19.350s][info][gc,heap        ] GC(431) DefNew: 17443K->2173K(19648K)
[2026-06-17T09:50:59.481+0800][19.360s][info][gc,heap        ] GC(431) Tenured: 26093K->31130K(43712K)
[2026-06-17T09:50:59.484+0800][19.362s][info][gc,metaspace   ] GC(431) Metaspace: 3160K(4864K)->3160K(4864K) NonClass: 2855K(4352K)->2855K(4352K) Class: 305K(512K)->305K(512K)
[2026-06-17T09:50:59.488+0800][19.366s][info][gc             ] GC(431) Pause Young (Allocation Failure) 42M->32M(61M) 17.280ms
[2026-06-17T09:50:59.490+0800][19.368s][info][gc,cpu         ] GC(431) User=0.00s Sys=0.00s Real=0.02s
[2026-06-17T09:50:59.534+0800][19.412s][info][gc,start       ] GC(432) Pause Young (Allocation Failure)
[2026-06-17T09:50:59.536+0800][19.414s][info][gc,heap        ] GC(432) DefNew: 19640K->2163K(19648K)
[2026-06-17T09:50:59.536+0800][19.414s][info][gc,heap        ] GC(432) Tenured: 31130K->37079K(43712K)
[2026-06-17T09:50:59.537+0800][19.415s][info][gc,metaspace   ] GC(432) Metaspace: 3160K(4864K)->3160K(4864K) NonClass: 2855K(4352K)->2855K(4352K) Class: 305K(512K)->305K(512K)
[2026-06-17T09:50:59.537+0800][19.415s][info][gc             ] GC(432) Pause Young (Allocation Failure) 49M->38M(61M) 3.396ms
[2026-06-17T09:50:59.537+0800][19.415s][info][gc,cpu         ] GC(432) User=0.00s Sys=0.00s Real=0.00s
[2026-06-17T09:50:59.580+0800][19.458s][info][gc,start       ] GC(433) Pause Young (Allocation Failure)
[2026-06-17T09:50:59.581+0800][19.459s][info][gc,start       ] GC(434) Pause Full (Allocation Failure)
[2026-06-17T09:50:59.582+0800][19.460s][info][gc,phases,start] GC(434) Phase 1: Mark live objects
[2026-06-17T09:50:59.583+0800][19.461s][info][gc,phases      ] GC(434) Phase 1: Mark live objects 1.572ms
[2026-06-17T09:50:59.584+0800][19.462s][info][gc,phases,start] GC(434) Phase 2: Compute new object addresses
[2026-06-17T09:50:59.585+0800][19.463s][info][gc,phases      ] GC(434) Phase 2: Compute new object addresses 0.977ms
[2026-06-17T09:50:59.586+0800][19.464s][info][gc,phases,start] GC(434) Phase 3: Adjust pointers
[2026-06-17T09:50:59.587+0800][19.465s][info][gc,phases      ] GC(434) Phase 3: Adjust pointers 1.097ms
[2026-06-17T09:50:59.588+0800][19.466s][info][gc,phases,start] GC(434) Phase 4: Move objects
[2026-06-17T09:50:59.591+0800][19.469s][info][gc,phases      ] GC(434) Phase 4: Move objects 3.460ms
[2026-06-17T09:50:59.592+0800][19.470s][info][gc             ] GC(434) Pause Full (Allocation Failure) 55M->27M(61M) 10.819ms
[2026-06-17T09:50:59.592+0800][19.471s][info][gc,heap        ] GC(433) DefNew: 19602K->0K(19648K)
[2026-06-17T09:50:59.593+0800][19.471s][info][gc,heap        ] GC(433) Tenured: 37079K->27687K(43712K)
[2026-06-17T09:50:59.593+0800][19.471s][info][gc,metaspace   ] GC(433) Metaspace: 3160K(4864K)->3160K(4864K) NonClass: 2855K(4352K)->2855K(4352K) Class: 305K(512K)->305K(512K)
[2026-06-17T09:50:59.594+0800][19.472s][info][gc             ] GC(433) Pause Young (Allocation Failure) 55M->27M(61M) 13.444ms
[2026-06-17T09:50:59.594+0800][19.472s][info][gc,cpu         ] GC(433) User=0.00s Sys=0.00s Real=0.02s
[2026-06-17T09:50:59.637+0800][19.515s][info][gc,start       ] GC(435) Pause Young (Allocation Failure)
[2026-06-17T09:50:59.640+0800][19.518s][info][gc,heap        ] GC(435) DefNew: 17303K->2062K(19648K)
[2026-06-17T09:50:59.643+0800][19.521s][info][gc,heap        ] GC(435) Tenured: 27687K->29323K(43712K)
[2026-06-17T09:50:59.645+0800][19.523s][info][gc,metaspace   ] GC(435) Metaspace: 3160K(4864K)->3160K(4864K) NonClass: 2855K(4352K)->2855K(4352K) Class: 305K(512K)->305K(512K)
[2026-06-17T09:50:59.647+0800][19.525s][info][gc             ] GC(435) Pause Young (Allocation Failure) 43M->30M(61M) 9.508ms
[2026-06-17T09:50:59.649+0800][19.527s][info][gc,cpu         ] GC(435) User=0.00s Sys=0.00s Real=0.01s
[2026-06-17T09:50:59.704+0800][19.582s][info][gc,start       ] GC(436) Pause Young (Allocation Failure)
[2026-06-17T09:50:59.707+0800][19.585s][info][gc,heap        ] GC(436) DefNew: 19534K->2105K(19648K)
[2026-06-17T09:50:59.712+0800][19.591s][info][gc,heap        ] GC(436) Tenured: 29323K->32841K(43712K)
[2026-06-17T09:50:59.714+0800][19.592s][info][gc,metaspace   ] GC(436) Metaspace: 3160K(4864K)->3160K(4864K) NonClass: 2855K(4352K)->2855K(4352K) Class: 305K(512K)->305K(512K)
[2026-06-17T09:50:59.714+0800][19.592s][info][gc             ] GC(436) Pause Young (Allocation Failure) 47M->34M(61M) 10.429ms
[2026-06-17T09:50:59.717+0800][19.595s][info][gc,cpu         ] GC(436) User=0.00s Sys=0.00s Real=0.01s
[2026-06-17T09:50:59.760+0800][19.638s][info][gc,start       ] GC(437) Pause Young (Allocation Failure)
[2026-06-17T09:50:59.762+0800][19.640s][info][gc,heap        ] GC(437) DefNew: 19574K->2155K(19648K)
[2026-06-17T09:50:59.767+0800][19.646s][info][gc,heap        ] GC(437) Tenured: 32841K->36257K(43712K)
[2026-06-17T09:50:59.771+0800][19.649s][info][gc,metaspace   ] GC(437) Metaspace: 3160K(4864K)->3160K(4864K) NonClass: 2855K(4352K)->2855K(4352K) Class: 305K(512K)->305K(512K)
[2026-06-17T09:50:59.776+0800][19.654s][info][gc             ] GC(437) Pause Young (Allocation Failure) 51M->37M(61M) 15.509ms
[2026-06-17T09:50:59.787+0800][19.665s][info][gc,cpu         ] GC(437) User=0.00s Sys=0.00s Real=0.03s
[2026-06-17T09:50:59.830+0800][19.708s][info][gc,start       ] GC(438) Pause Young (Allocation Failure)
[2026-06-17T09:50:59.832+0800][19.710s][info][gc,heap        ] GC(438) DefNew: 19627K->2140K(19648K)
[2026-06-17T09:50:59.833+0800][19.711s][info][gc,heap        ] GC(438) Tenured: 36257K->40014K(43712K)
[2026-06-17T09:50:59.833+0800][19.711s][info][gc,metaspace   ] GC(438) Metaspace: 3160K(4864K)->3160K(4864K) NonClass: 2855K(4352K)->2855K(4352K) Class: 305K(512K)->305K(512K)
[2026-06-17T09:50:59.834+0800][19.712s][info][gc             ] GC(438) Pause Young (Allocation Failure) 54M->41M(61M) 3.458ms
[2026-06-17T09:50:59.834+0800][19.712s][info][gc,cpu         ] GC(438) User=0.01s Sys=0.00s Real=0.01s
[2026-06-17T09:50:59.877+0800][19.755s][info][gc,start       ] GC(439) Pause Young (Allocation Failure)
[2026-06-17T09:50:59.878+0800][19.756s][info][gc,start       ] GC(440) Pause Full (Allocation Failure)
[2026-06-17T09:50:59.879+0800][19.757s][info][gc,phases,start] GC(440) Phase 1: Mark live objects
[2026-06-17T09:50:59.880+0800][19.758s][info][gc,phases      ] GC(440) Phase 1: Mark live objects 1.544ms
[2026-06-17T09:50:59.881+0800][19.759s][info][gc,phases,start] GC(440) Phase 2: Compute new object addresses
[2026-06-17T09:50:59.882+0800][19.760s][info][gc,phases      ] GC(440) Phase 2: Compute new object addresses 0.905ms
[2026-06-17T09:50:59.882+0800][19.760s][info][gc,phases,start] GC(440) Phase 3: Adjust pointers
[2026-06-17T09:50:59.883+0800][19.761s][info][gc,phases      ] GC(440) Phase 3: Adjust pointers 0.908ms
[2026-06-17T09:50:59.883+0800][19.762s][info][gc,phases,start] GC(440) Phase 4: Move objects
[2026-06-17T09:50:59.886+0800][19.764s][info][gc,phases      ] GC(440) Phase 4: Move objects 2.713ms
[2026-06-17T09:50:59.887+0800][19.765s][info][gc             ] GC(440) Pause Full (Allocation Failure) 58M->30M(61M) 8.338ms
[2026-06-17T09:50:59.887+0800][19.765s][info][gc,heap        ] GC(439) DefNew: 19571K->0K(19648K)
[2026-06-17T09:50:59.887+0800][19.765s][info][gc,heap        ] GC(439) Tenured: 40014K->31616K(43712K)
[2026-06-17T09:50:59.887+0800][19.765s][info][gc,metaspace   ] GC(439) Metaspace: 3160K(4864K)->3160K(4864K) NonClass: 2855K(4352K)->2855K(4352K) Class: 305K(512K)->305K(512K)
[2026-06-17T09:50:59.887+0800][19.765s][info][gc             ] GC(439) Pause Young (Allocation Failure) 58M->30M(61M) 9.898ms
[2026-06-17T09:50:59.888+0800][19.766s][info][gc,cpu         ] GC(439) User=0.00s Sys=0.00s Real=0.01s
[2026-06-17T09:50:59.932+0800][19.810s][info][gc,start       ] GC(441) Pause Young (Allocation Failure)
[2026-06-17T09:50:59.934+0800][19.812s][info][gc,heap        ] GC(441) DefNew: 17472K->2169K(19648K)
[2026-06-17T09:50:59.935+0800][19.813s][info][gc,heap        ] GC(441) Tenured: 31616K->36305K(43712K)
[2026-06-17T09:50:59.935+0800][19.813s][info][gc,metaspace   ] GC(441) Metaspace: 3160K(4864K)->3160K(4864K) NonClass: 2855K(4352K)->2855K(4352K) Class: 305K(512K)->305K(512K)
[2026-06-17T09:50:59.936+0800][19.814s][info][gc             ] GC(441) Pause Young (Allocation Failure) 47M->37M(61M) 4.272ms
[2026-06-17T09:50:59.936+0800][19.814s][info][gc,cpu         ] GC(441) User=0.01s Sys=0.00s Real=0.00s
[2026-06-17T09:50:59.990+0800][19.868s][info][gc,start       ] GC(442) Pause Young (Allocation Failure)
[2026-06-17T09:50:59.992+0800][19.870s][info][gc,heap        ] GC(442) DefNew: 19641K->2095K(19648K)
[2026-06-17T09:50:59.993+0800][19.871s][info][gc,heap        ] GC(442) Tenured: 36305K->39631K(43712K)
[2026-06-17T09:50:59.994+0800][19.872s][info][gc,metaspace   ] GC(442) Metaspace: 3160K(4864K)->3160K(4864K) NonClass: 2855K(4352K)->2855K(4352K) Class: 305K(512K)->305K(512K)
[2026-06-17T09:50:59.994+0800][19.872s][info][gc             ] GC(442) Pause Young (Allocation Failure) 54M->40M(61M) 4.357ms
[2026-06-17T09:50:59.995+0800][19.873s][info][gc,cpu         ] GC(442) User=0.00s Sys=0.00s Real=0.01s
[2026-06-17T09:51:00.041+0800][19.919s][info][gc,start       ] GC(443) Pause Young (Allocation Failure)
[2026-06-17T09:51:00.041+0800][19.919s][info][gc,start       ] GC(444) Pause Full (Allocation Failure)
[2026-06-17T09:51:00.042+0800][19.920s][info][gc,phases,start] GC(444) Phase 1: Mark live objects
[2026-06-17T09:51:00.044+0800][19.922s][info][gc,phases      ] GC(444) Phase 1: Mark live objects 1.800ms
[2026-06-17T09:51:00.044+0800][19.922s][info][gc,phases,start] GC(444) Phase 2: Compute new object addresses
[2026-06-17T09:51:00.045+0800][19.923s][info][gc,phases      ] GC(444) Phase 2: Compute new object addresses 0.878ms
[2026-06-17T09:51:00.045+0800][19.923s][info][gc,phases,start] GC(444) Phase 3: Adjust pointers
[2026-06-17T09:51:00.047+0800][19.925s][info][gc,phases      ] GC(444) Phase 3: Adjust pointers 1.130ms
[2026-06-17T09:51:00.047+0800][19.925s][info][gc,phases,start] GC(444) Phase 4: Move objects
[2026-06-17T09:51:00.051+0800][19.929s][info][gc,phases      ] GC(444) Phase 4: Move objects 3.478ms
[2026-06-17T09:51:00.051+0800][19.929s][info][gc             ] GC(444) Pause Full (Allocation Failure) 57M->28M(61M) 9.649ms
[2026-06-17T09:51:00.051+0800][19.929s][info][gc,heap        ] GC(443) DefNew: 19564K->0K(19648K)
[2026-06-17T09:51:00.052+0800][19.930s][info][gc,heap        ] GC(443) Tenured: 39631K->28970K(43712K)
[2026-06-17T09:51:00.052+0800][19.930s][info][gc,metaspace   ] GC(443) Metaspace: 3160K(4864K)->3160K(4864K) NonClass: 2855K(4352K)->2855K(4352K) Class: 305K(512K)->305K(512K)
[2026-06-17T09:51:00.052+0800][19.930s][info][gc             ] GC(443) Pause Young (Allocation Failure) 57M->28M(61M) 11.428ms
[2026-06-17T09:51:00.053+0800][19.931s][info][gc,cpu         ] GC(443) User=0.01s Sys=0.00s Real=0.02s
[2026-06-17T09:51:00.086+0800][19.964s][info][gc,start       ] GC(445) Pause Young (Allocation Failure)
[2026-06-17T09:51:00.089+0800][19.967s][info][gc,heap        ] GC(445) DefNew: 17172K->2175K(19648K)
[2026-06-17T09:51:00.090+0800][19.968s][info][gc,heap        ] GC(445) Tenured: 28970K->33451K(43712K)
[2026-06-17T09:51:00.090+0800][19.968s][info][gc,metaspace   ] GC(445) Metaspace: 3160K(4864K)->3160K(4864K) NonClass: 2855K(4352K)->2855K(4352K) Class: 305K(512K)->305K(512K)
[2026-06-17T09:51:00.091+0800][19.969s][info][gc             ] GC(445) Pause Young (Allocation Failure) 45M->34M(61M) 4.611ms
[2026-06-17T09:51:00.091+0800][19.970s][info][gc,cpu         ] GC(445) User=0.00s Sys=0.00s Real=0.01s
[2026-06-17T09:51:00.147+0800][20.025s][info][gc,start       ] GC(446) Pause Young (Allocation Failure)
[2026-06-17T09:51:00.149+0800][20.027s][info][gc,heap        ] GC(446) DefNew: 19636K->2071K(19648K)
[2026-06-17T09:51:00.150+0800][20.028s][info][gc,heap        ] GC(446) Tenured: 33451K->37555K(43712K)
[2026-06-17T09:51:00.151+0800][20.029s][info][gc,metaspace   ] GC(446) Metaspace: 3160K(4864K)->3160K(4864K) NonClass: 2855K(4352K)->2855K(4352K) Class: 305K(512K)->305K(512K)
[2026-06-17T09:51:00.151+0800][20.029s][info][gc             ] GC(446) Pause Young (Allocation Failure) 51M->38M(61M) 4.496ms
[2026-06-17T09:51:00.152+0800][20.030s][info][gc,cpu         ] GC(446) User=0.01s Sys=0.00s Real=0.01s
[2026-06-17T09:51:00.197+0800][20.075s][info][gc,start       ] GC(447) Pause Young (Allocation Failure)
[2026-06-17T09:51:00.198+0800][20.076s][info][gc,start       ] GC(448) Pause Full (Allocation Failure)
[2026-06-17T09:51:00.199+0800][20.077s][info][gc,phases,start] GC(448) Phase 1: Mark live objects
[2026-06-17T09:51:00.201+0800][20.079s][info][gc,phases      ] GC(448) Phase 1: Mark live objects 2.067ms
[2026-06-17T09:51:00.201+0800][20.079s][info][gc,phases,start] GC(448) Phase 2: Compute new object addresses
[2026-06-17T09:51:00.202+0800][20.080s][info][gc,phases      ] GC(448) Phase 2: Compute new object addresses 1.063ms
[2026-06-17T09:51:00.203+0800][20.081s][info][gc,phases,start] GC(448) Phase 3: Adjust pointers
[2026-06-17T09:51:00.204+0800][20.082s][info][gc,phases      ] GC(448) Phase 3: Adjust pointers 1.192ms
[2026-06-17T09:51:00.205+0800][20.083s][info][gc,phases,start] GC(448) Phase 4: Move objects
[2026-06-17T09:51:00.209+0800][20.087s][info][gc,phases      ] GC(448) Phase 4: Move objects 3.725ms
[2026-06-17T09:51:00.209+0800][20.087s][info][gc             ] GC(448) Pause Full (Allocation Failure) 55M->29M(61M) 11.587ms
[2026-06-17T09:51:00.210+0800][20.088s][info][gc,heap        ] GC(447) DefNew: 19543K->0K(19648K)
[2026-06-17T09:51:00.210+0800][20.088s][info][gc,heap        ] GC(447) Tenured: 37555K->29711K(43712K)
[2026-06-17T09:51:00.211+0800][20.089s][info][gc,metaspace   ] GC(447) Metaspace: 3160K(4864K)->3160K(4864K) NonClass: 2855K(4352K)->2855K(4352K) Class: 305K(512K)->305K(512K)
[2026-06-17T09:51:00.211+0800][20.089s][info][gc             ] GC(447) Pause Young (Allocation Failure) 55M->29M(61M) 14.207ms
[2026-06-17T09:51:00.212+0800][20.090s][info][gc,cpu         ] GC(447) User=0.01s Sys=0.00s Real=0.02s
[2026-06-17T09:51:00.257+0800][20.135s][info][gc,start       ] GC(449) Pause Young (Allocation Failure)
[2026-06-17T09:51:00.260+0800][20.138s][info][gc,heap        ] GC(449) DefNew: 17460K->2173K(19648K)
[2026-06-17T09:51:00.261+0800][20.139s][info][gc,heap        ] GC(449) Tenured: 29711K->34771K(43712K)
[2026-06-17T09:51:00.262+0800][20.140s][info][gc,metaspace   ] GC(449) Metaspace: 3160K(4864K)->3160K(4864K) NonClass: 2855K(4352K)->2855K(4352K) Class: 305K(512K)->305K(512K)
[2026-06-17T09:51:00.262+0800][20.140s][info][gc             ] GC(449) Pause Young (Allocation Failure) 46M->36M(61M) 4.926ms
[2026-06-17T09:51:00.263+0800][20.141s][info][gc,cpu         ] GC(449) User=0.00s Sys=0.00s Real=0.01s
[2026-06-17T09:51:00.307+0800][20.185s][info][gc,start       ] GC(450) Pause Young (Allocation Failure)
[2026-06-17T09:51:00.310+0800][20.188s][info][gc,heap        ] GC(450) DefNew: 19600K->2175K(19648K)
[2026-06-17T09:51:00.311+0800][20.189s][info][gc,heap        ] GC(450) Tenured: 34771K->39221K(43712K)
[2026-06-17T09:51:00.311+0800][20.189s][info][gc,metaspace   ] GC(450) Metaspace: 3160K(4864K)->3160K(4864K) NonClass: 2855K(4352K)->2855K(4352K) Class: 305K(512K)->305K(512K)
[2026-06-17T09:51:00.311+0800][20.189s][info][gc             ] GC(450) Pause Young (Allocation Failure) 53M->40M(61M) 4.053ms
[2026-06-17T09:51:00.311+0800][20.189s][info][gc,cpu         ] GC(450) User=0.00s Sys=0.00s Real=0.01s
[2026-06-17T09:51:00.354+0800][20.232s][info][gc,start       ] GC(451) Pause Young (Allocation Failure)
[2026-06-17T09:51:00.354+0800][20.232s][info][gc,start       ] GC(452) Pause Full (Allocation Failure)
[2026-06-17T09:51:00.355+0800][20.233s][info][gc,phases,start] GC(452) Phase 1: Mark live objects
[2026-06-17T09:51:00.355+0800][20.233s][info][gc,phases      ] GC(452) Phase 1: Mark live objects 0.883ms
[2026-06-17T09:51:00.356+0800][20.234s][info][gc,phases,start] GC(452) Phase 2: Compute new object addresses
[2026-06-17T09:51:00.356+0800][20.234s][info][gc,phases      ] GC(452) Phase 2: Compute new object addresses 0.409ms
[2026-06-17T09:51:00.356+0800][20.234s][info][gc,phases,start] GC(452) Phase 3: Adjust pointers
[2026-06-17T09:51:00.357+0800][20.235s][info][gc,phases      ] GC(452) Phase 3: Adjust pointers 0.397ms
[2026-06-17T09:51:00.357+0800][20.235s][info][gc,phases,start] GC(452) Phase 4: Move objects
[2026-06-17T09:51:00.359+0800][20.237s][info][gc,phases      ] GC(452) Phase 4: Move objects 1.691ms
[2026-06-17T09:51:00.359+0800][20.237s][info][gc             ] GC(452) Pause Full (Allocation Failure) 57M->26M(61M) 4.727ms
[2026-06-17T09:51:00.359+0800][20.237s][info][gc,heap        ] GC(451) DefNew: 19647K->0K(19648K)
[2026-06-17T09:51:00.359+0800][20.237s][info][gc,heap        ] GC(451) Tenured: 39221K->26625K(43712K)
[2026-06-17T09:51:00.359+0800][20.237s][info][gc,metaspace   ] GC(451) Metaspace: 3160K(4864K)->3160K(4864K) NonClass: 2855K(4352K)->2855K(4352K) Class: 305K(512K)->305K(512K)
[2026-06-17T09:51:00.359+0800][20.237s][info][gc             ] GC(451) Pause Young (Allocation Failure) 57M->26M(61M) 5.600ms
[2026-06-17T09:51:00.360+0800][20.238s][info][gc,cpu         ] GC(451) User=0.01s Sys=0.00s Real=0.00s
[2026-06-17T09:51:00.403+0800][20.281s][info][gc,start       ] GC(453) Pause Young (Allocation Failure)
[2026-06-17T09:51:00.405+0800][20.283s][info][gc,heap        ] GC(453) DefNew: 17456K->2173K(19648K)
[2026-06-17T09:51:00.406+0800][20.284s][info][gc,heap        ] GC(453) Tenured: 26625K->31714K(43712K)
[2026-06-17T09:51:00.406+0800][20.284s][info][gc,metaspace   ] GC(453) Metaspace: 3160K(4864K)->3160K(4864K) NonClass: 2855K(4352K)->2855K(4352K) Class: 305K(512K)->305K(512K)
[2026-06-17T09:51:00.407+0800][20.285s][info][gc             ] GC(453) Pause Young (Allocation Failure) 43M->33M(61M) 4.086ms
[2026-06-17T09:51:00.407+0800][20.285s][info][gc,cpu         ] GC(453) User=0.00s Sys=0.00s Real=0.00s
[2026-06-17T09:51:00.461+0800][20.339s][info][gc,start       ] GC(454) Pause Young (Allocation Failure)
[2026-06-17T09:51:00.477+0800][20.355s][info][gc,heap        ] GC(454) DefNew: 19627K->2152K(19648K)
[2026-06-17T09:51:00.504+0800][20.382s][info][gc,heap        ] GC(454) Tenured: 31714K->35063K(43712K)
[2026-06-17T09:51:00.506+0800][20.384s][info][gc,metaspace   ] GC(454) Metaspace: 3160K(4864K)->3160K(4864K) NonClass: 2855K(4352K)->2855K(4352K) Class: 305K(512K)->305K(512K)
[2026-06-17T09:51:00.507+0800][20.385s][info][gc             ] GC(454) Pause Young (Allocation Failure) 50M->36M(61M) 45.684ms
[2026-06-17T09:51:00.508+0800][20.386s][info][gc,cpu         ] GC(454) User=0.00s Sys=0.00s Real=0.05s
[2026-06-17T09:51:00.556+0800][20.434s][info][gc,start       ] GC(455) Pause Young (Allocation Failure)
[2026-06-17T09:51:00.558+0800][20.436s][info][gc,heap        ] GC(455) DefNew: 19593K->2166K(19648K)
[2026-06-17T09:51:00.559+0800][20.437s][info][gc,heap        ] GC(455) Tenured: 35063K->38878K(43712K)
[2026-06-17T09:51:00.559+0800][20.437s][info][gc,metaspace   ] GC(455) Metaspace: 3160K(4864K)->3160K(4864K) NonClass: 2855K(4352K)->2855K(4352K) Class: 305K(512K)->305K(512K)
[2026-06-17T09:51:00.559+0800][20.437s][info][gc             ] GC(455) Pause Young (Allocation Failure) 53M->40M(61M) 3.408ms
[2026-06-17T09:51:00.560+0800][20.438s][info][gc,cpu         ] GC(455) User=0.00s Sys=0.00s Real=0.00s
[2026-06-17T09:51:00.603+0800][20.481s][info][gc,start       ] GC(456) Pause Young (Allocation Failure)
[2026-06-17T09:51:00.604+0800][20.482s][info][gc,start       ] GC(457) Pause Full (Allocation Failure)
[2026-06-17T09:51:00.605+0800][20.483s][info][gc,phases,start] GC(457) Phase 1: Mark live objects
[2026-06-17T09:51:00.606+0800][20.484s][info][gc,phases      ] GC(457) Phase 1: Mark live objects 1.569ms
[2026-06-17T09:51:00.607+0800][20.485s][info][gc,phases,start] GC(457) Phase 2: Compute new object addresses
[2026-06-17T09:51:00.608+0800][20.486s][info][gc,phases      ] GC(457) Phase 2: Compute new object addresses 0.821ms
[2026-06-17T09:51:00.608+0800][20.486s][info][gc,phases,start] GC(457) Phase 3: Adjust pointers
[2026-06-17T09:51:00.609+0800][20.487s][info][gc,phases      ] GC(457) Phase 3: Adjust pointers 0.974ms
[2026-06-17T09:51:00.609+0800][20.488s][info][gc,phases,start] GC(457) Phase 4: Move objects
[2026-06-17T09:51:00.613+0800][20.491s][info][gc,phases      ] GC(457) Phase 4: Move objects 3.321ms
[2026-06-17T09:51:00.613+0800][20.491s][info][gc             ] GC(457) Pause Full (Allocation Failure) 57M->25M(61M) 9.237ms
[2026-06-17T09:51:00.613+0800][20.491s][info][gc,heap        ] GC(456) DefNew: 19588K->0K(19648K)
[2026-06-17T09:51:00.614+0800][20.492s][info][gc,heap        ] GC(456) Tenured: 38878K->26066K(43712K)
[2026-06-17T09:51:00.615+0800][20.493s][info][gc,metaspace   ] GC(456) Metaspace: 3160K(4864K)->3160K(4864K) NonClass: 2855K(4352K)->2855K(4352K) Class: 305K(512K)->305K(512K)
[2026-06-17T09:51:00.615+0800][20.493s][info][gc             ] GC(456) Pause Young (Allocation Failure) 57M->25M(61M) 11.697ms
[2026-06-17T09:51:00.615+0800][20.493s][info][gc,cpu         ] GC(456) User=0.01s Sys=0.00s Real=0.01s
[2026-06-17T09:51:00.657+0800][20.536s][info][gc,start       ] GC(458) Pause Young (Allocation Failure)
[2026-06-17T09:51:00.659+0800][20.537s][info][gc,heap        ] GC(458) DefNew: 17405K->2054K(19648K)
[2026-06-17T09:51:00.659+0800][20.537s][info][gc,heap        ] GC(458) Tenured: 26066K->27524K(43712K)
[2026-06-17T09:51:00.660+0800][20.538s][info][gc,metaspace   ] GC(458) Metaspace: 3160K(4864K)->3160K(4864K) NonClass: 2855K(4352K)->2855K(4352K) Class: 305K(512K)->305K(512K)
[2026-06-17T09:51:00.660+0800][20.538s][info][gc             ] GC(458) Pause Young (Allocation Failure) 42M->28M(61M) 2.564ms
[2026-06-17T09:51:00.660+0800][20.538s][info][gc,cpu         ] GC(458) User=0.00s Sys=0.00s Real=0.00s
[2026-06-17T09:51:00.713+0800][20.591s][info][gc,start       ] GC(459) Pause Young (Allocation Failure)
[2026-06-17T09:51:00.714+0800][20.592s][info][gc,heap        ] GC(459) DefNew: 19522K->2128K(19648K)
[2026-06-17T09:51:00.714+0800][20.592s][info][gc,heap        ] GC(459) Tenured: 27524K->31527K(43712K)
[2026-06-17T09:51:00.715+0800][20.593s][info][gc,metaspace   ] GC(459) Metaspace: 3160K(4864K)->3160K(4864K) NonClass: 2855K(4352K)->2855K(4352K) Class: 305K(512K)->305K(512K)
[2026-06-17T09:51:00.715+0800][20.593s][info][gc             ] GC(459) Pause Young (Allocation Failure) 45M->32M(61M) 1.792ms
[2026-06-17T09:51:00.715+0800][20.593s][info][gc,cpu         ] GC(459) User=0.00s Sys=0.00s Real=0.00s
[2026-06-17T09:51:00.757+0800][20.635s][info][gc,start       ] GC(460) Pause Young (Allocation Failure)
[2026-06-17T09:51:00.759+0800][20.638s][info][gc,heap        ] GC(460) DefNew: 19559K->2165K(19648K)
[2026-06-17T09:51:00.761+0800][20.639s][info][gc,heap        ] GC(460) Tenured: 31527K->34678K(43712K)
[2026-06-17T09:51:00.762+0800][20.641s][info][gc,metaspace   ] GC(460) Metaspace: 3160K(4864K)->3160K(4864K) NonClass: 2855K(4352K)->2855K(4352K) Class: 305K(512K)->305K(512K)
[2026-06-17T09:51:00.763+0800][20.641s][info][gc             ] GC(460) Pause Young (Allocation Failure) 49M->35M(61M) 5.848ms
[2026-06-17T09:51:00.765+0800][20.643s][info][gc,cpu         ] GC(460) User=0.00s Sys=0.00s Real=0.01s
[2026-06-17T09:51:00.811+0800][20.689s][info][gc,start       ] GC(461) Pause Young (Allocation Failure)
[2026-06-17T09:51:00.813+0800][20.691s][info][gc,heap        ] GC(461) DefNew: 19637K->2104K(19648K)
[2026-06-17T09:51:00.813+0800][20.691s][info][gc,heap        ] GC(461) Tenured: 34678K->38376K(43712K)
[2026-06-17T09:51:00.813+0800][20.691s][info][gc,metaspace   ] GC(461) Metaspace: 3160K(4864K)->3160K(4864K) NonClass: 2855K(4352K)->2855K(4352K) Class: 305K(512K)->305K(512K)
[2026-06-17T09:51:00.814+0800][20.692s][info][gc             ] GC(461) Pause Young (Allocation Failure) 53M->39M(61M) 2.366ms
[2026-06-17T09:51:00.814+0800][20.692s][info][gc,cpu         ] GC(461) User=0.00s Sys=0.00s Real=0.00s
[2026-06-17T09:51:00.857+0800][20.735s][info][gc,start       ] GC(462) Pause Young (Allocation Failure)
[2026-06-17T09:51:00.857+0800][20.735s][info][gc,start       ] GC(463) Pause Full (Allocation Failure)
[2026-06-17T09:51:00.858+0800][20.736s][info][gc,phases,start] GC(463) Phase 1: Mark live objects
[2026-06-17T09:51:00.859+0800][20.737s][info][gc,phases      ] GC(463) Phase 1: Mark live objects 1.016ms
[2026-06-17T09:51:00.859+0800][20.737s][info][gc,phases,start] GC(463) Phase 2: Compute new object addresses
[2026-06-17T09:51:00.860+0800][20.738s][info][gc,phases      ] GC(463) Phase 2: Compute new object addresses 0.668ms
[2026-06-17T09:51:00.860+0800][20.738s][info][gc,phases,start] GC(463) Phase 3: Adjust pointers
[2026-06-17T09:51:00.861+0800][20.739s][info][gc,phases      ] GC(463) Phase 3: Adjust pointers 0.718ms
[2026-06-17T09:51:00.861+0800][20.739s][info][gc,phases,start] GC(463) Phase 4: Move objects
[2026-06-17T09:51:00.864+0800][20.742s][info][gc,phases      ] GC(463) Phase 4: Move objects 2.824ms
[2026-06-17T09:51:00.865+0800][20.743s][info][gc             ] GC(463) Pause Full (Allocation Failure) 56M->30M(61M) 7.664ms
[2026-06-17T09:51:00.865+0800][20.743s][info][gc,heap        ] GC(462) DefNew: 19576K->0K(19648K)
[2026-06-17T09:51:00.865+0800][20.743s][info][gc,heap        ] GC(462) Tenured: 38376K->31006K(43712K)
[2026-06-17T09:51:00.866+0800][20.744s][info][gc,metaspace   ] GC(462) Metaspace: 3160K(4864K)->3160K(4864K) NonClass: 2855K(4352K)->2855K(4352K) Class: 305K(512K)->305K(512K)
[2026-06-17T09:51:00.866+0800][20.744s][info][gc             ] GC(462) Pause Young (Allocation Failure) 56M->30M(61M) 9.541ms
[2026-06-17T09:51:00.866+0800][20.745s][info][gc,cpu         ] GC(462) User=0.01s Sys=0.00s Real=0.01s
[2026-06-17T09:51:00.910+0800][20.788s][info][gc,start       ] GC(464) Pause Young (Allocation Failure)
[2026-06-17T09:51:00.911+0800][20.789s][info][gc,heap        ] GC(464) DefNew: 17471K->2026K(19648K)
[2026-06-17T09:51:00.911+0800][20.790s][info][gc,heap        ] GC(464) Tenured: 31006K->32640K(43712K)
[2026-06-17T09:51:00.912+0800][20.790s][info][gc,metaspace   ] GC(464) Metaspace: 3160K(4864K)->3160K(4864K) NonClass: 2855K(4352K)->2855K(4352K) Class: 305K(512K)->305K(512K)
[2026-06-17T09:51:00.912+0800][20.790s][info][gc             ] GC(464) Pause Young (Allocation Failure) 47M->33M(61M) 2.828ms
[2026-06-17T09:51:00.913+0800][20.791s][info][gc,cpu         ] GC(464) User=0.00s Sys=0.00s Real=0.01s
[2026-06-17T09:51:00.956+0800][20.834s][info][gc,start       ] GC(465) Pause Young (Allocation Failure)
[2026-06-17T09:51:00.957+0800][20.835s][info][gc,heap        ] GC(465) DefNew: 19498K->2175K(19648K)
[2026-06-17T09:51:00.958+0800][20.836s][info][gc,heap        ] GC(465) Tenured: 32640K->39590K(43712K)
[2026-06-17T09:51:00.958+0800][20.836s][info][gc,metaspace   ] GC(465) Metaspace: 3160K(4864K)->3160K(4864K) NonClass: 2855K(4352K)->2855K(4352K) Class: 305K(512K)->305K(512K)
[2026-06-17T09:51:00.959+0800][20.837s][info][gc             ] GC(465) Pause Young (Allocation Failure) 50M->40M(61M) 3.306ms
[2026-06-17T09:51:00.959+0800][20.838s][info][gc,cpu         ] GC(465) User=0.00s Sys=0.00s Real=0.00s
[2026-06-17T09:51:01.002+0800][20.880s][info][gc,start       ] GC(466) Pause Young (Allocation Failure)
[2026-06-17T09:51:01.003+0800][20.881s][info][gc,start       ] GC(467) Pause Full (Allocation Failure)
[2026-06-17T09:51:01.003+0800][20.881s][info][gc,phases,start] GC(467) Phase 1: Mark live objects
[2026-06-17T09:51:01.005+0800][20.884s][info][gc,phases      ] GC(467) Phase 1: Mark live objects 2.262ms
[2026-06-17T09:51:01.006+0800][20.884s][info][gc,phases,start] GC(467) Phase 2: Compute new object addresses
[2026-06-17T09:51:01.007+0800][20.885s][info][gc,phases      ] GC(467) Phase 2: Compute new object addresses 0.989ms
[2026-06-17T09:51:01.008+0800][20.886s][info][gc,phases,start] GC(467) Phase 3: Adjust pointers
[2026-06-17T09:51:01.008+0800][20.887s][info][gc,phases      ] GC(467) Phase 3: Adjust pointers 0.777ms
[2026-06-17T09:51:01.009+0800][20.887s][info][gc,phases,start] GC(467) Phase 4: Move objects
[2026-06-17T09:51:01.012+0800][20.890s][info][gc,phases      ] GC(467) Phase 4: Move objects 3.428ms
[2026-06-17T09:51:01.013+0800][20.891s][info][gc             ] GC(467) Pause Full (Allocation Failure) 57M->31M(61M) 10.368ms
[2026-06-17T09:51:01.013+0800][20.892s][info][gc,heap        ] GC(466) DefNew: 19633K->0K(19648K)
[2026-06-17T09:51:01.014+0800][20.892s][info][gc,heap        ] GC(466) Tenured: 39590K->31774K(43712K)
[2026-06-17T09:51:01.014+0800][20.892s][info][gc,metaspace   ] GC(466) Metaspace: 3160K(4864K)->3160K(4864K) NonClass: 2855K(4352K)->2855K(4352K) Class: 305K(512K)->305K(512K)
[2026-06-17T09:51:01.015+0800][20.893s][info][gc             ] GC(466) Pause Young (Allocation Failure) 57M->31M(61M) 12.546ms
[2026-06-17T09:51:01.015+0800][20.893s][info][gc,cpu         ] GC(466) User=0.00s Sys=0.00s Real=0.02s
[2026-06-17T09:51:01.057+0800][20.936s][info][gc,start       ] GC(468) Pause Young (Allocation Failure)
[2026-06-17T09:51:01.059+0800][20.937s][info][gc,heap        ] GC(468) DefNew: 17380K->2068K(19648K)
[2026-06-17T09:51:01.059+0800][20.937s][info][gc,heap        ] GC(468) Tenured: 31774K->33068K(43712K)
[2026-06-17T09:51:01.060+0800][20.938s][info][gc,metaspace   ] GC(468) Metaspace: 3160K(4864K)->3160K(4864K) NonClass: 2855K(4352K)->2855K(4352K) Class: 305K(512K)->305K(512K)
[2026-06-17T09:51:01.060+0800][20.938s][info][gc             ] GC(468) Pause Young (Allocation Failure) 48M->34M(61M) 2.727ms
[2026-06-17T09:51:01.061+0800][20.939s][info][gc,cpu         ] GC(468) User=0.00s Sys=0.00s Real=0.00s
[2026-06-17T09:51:01.114+0800][20.992s][info][gc,start       ] GC(469) Pause Young (Allocation Failure)
[2026-06-17T09:51:01.115+0800][20.993s][info][gc,heap        ] GC(469) DefNew: 19527K->2061K(19648K)
[2026-06-17T09:51:01.116+0800][20.994s][info][gc,heap        ] GC(469) Tenured: 33068K->36410K(43712K)
[2026-06-17T09:51:01.116+0800][20.994s][info][gc,metaspace   ] GC(469) Metaspace: 3160K(4864K)->3160K(4864K) NonClass: 2855K(4352K)->2855K(4352K) Class: 305K(512K)->305K(512K)
[2026-06-17T09:51:01.117+0800][20.995s][info][gc             ] GC(469) Pause Young (Allocation Failure) 51M->37M(61M) 3.221ms
[2026-06-17T09:51:01.117+0800][20.995s][info][gc,cpu         ] GC(469) User=0.00s Sys=0.00s Real=0.00s
[2026-06-17T09:51:01.160+0800][21.038s][info][gc,start       ] GC(470) Pause Young (Allocation Failure)
[2026-06-17T09:51:01.161+0800][21.039s][info][gc,heap        ] GC(470) DefNew: 19504K->2170K(19648K)
[2026-06-17T09:51:01.162+0800][21.040s][info][gc,heap        ] GC(470) Tenured: 36410K->39694K(43712K)
[2026-06-17T09:51:01.162+0800][21.040s][info][gc,metaspace   ] GC(470) Metaspace: 3160K(4864K)->3160K(4864K) NonClass: 2855K(4352K)->2855K(4352K) Class: 305K(512K)->305K(512K)
[2026-06-17T09:51:01.163+0800][21.041s][info][gc             ] GC(470) Pause Young (Allocation Failure) 54M->40M(61M) 2.437ms
[2026-06-17T09:51:01.163+0800][21.041s][info][gc,cpu         ] GC(470) User=0.00s Sys=0.00s Real=0.01s
[2026-06-17T09:51:01.195+0800][21.073s][info][gc,start       ] GC(471) Pause Young (Allocation Failure)
[2026-06-17T09:51:01.197+0800][21.075s][info][gc,start       ] GC(472) Pause Full (Allocation Failure)
[2026-06-17T09:51:01.199+0800][21.077s][info][gc,phases,start] GC(472) Phase 1: Mark live objects
[2026-06-17T09:51:01.200+0800][21.078s][info][gc,phases      ] GC(472) Phase 1: Mark live objects 0.870ms
[2026-06-17T09:51:01.200+0800][21.078s][info][gc,phases,start] GC(472) Phase 2: Compute new object addresses
[2026-06-17T09:51:01.201+0800][21.079s][info][gc,phases      ] GC(472) Phase 2: Compute new object addresses 0.401ms
[2026-06-17T09:51:01.201+0800][21.079s][info][gc,phases,start] GC(472) Phase 3: Adjust pointers
[2026-06-17T09:51:01.201+0800][21.079s][info][gc,phases      ] GC(472) Phase 3: Adjust pointers 0.400ms
[2026-06-17T09:51:01.201+0800][21.079s][info][gc,phases,start] GC(472) Phase 4: Move objects
[2026-06-17T09:51:01.204+0800][21.082s][info][gc,phases      ] GC(472) Phase 4: Move objects 2.353ms
[2026-06-17T09:51:01.204+0800][21.082s][info][gc             ] GC(472) Pause Full (Allocation Failure) 57M->31M(61M) 7.072ms
[2026-06-17T09:51:01.204+0800][21.082s][info][gc,heap        ] GC(471) DefNew: 19553K->0K(19648K)
[2026-06-17T09:51:01.204+0800][21.082s][info][gc,heap        ] GC(471) Tenured: 39694K->32554K(43712K)
[2026-06-17T09:51:01.204+0800][21.083s][info][gc,metaspace   ] GC(471) Metaspace: 3160K(4864K)->3160K(4864K) NonClass: 2855K(4352K)->2855K(4352K) Class: 305K(512K)->305K(512K)
[2026-06-17T09:51:01.205+0800][21.083s][info][gc             ] GC(471) Pause Young (Allocation Failure) 57M->31M(61M) 9.787ms
[2026-06-17T09:51:01.205+0800][21.083s][info][gc,cpu         ] GC(471) User=0.00s Sys=0.00s Real=0.01s
[2026-06-17T09:51:01.257+0800][21.135s][info][gc,start       ] GC(473) Pause Young (Allocation Failure)
[2026-06-17T09:51:01.258+0800][21.136s][info][gc,heap        ] GC(473) DefNew: 17472K->2168K(19648K)
[2026-06-17T09:51:01.258+0800][21.136s][info][gc,heap        ] GC(473) Tenured: 32554K->33543K(43712K)
[2026-06-17T09:51:01.259+0800][21.137s][info][gc,metaspace   ] GC(473) Metaspace: 3160K(4864K)->3160K(4864K) NonClass: 2855K(4352K)->2855K(4352K) Class: 305K(512K)->305K(512K)
[2026-06-17T09:51:01.259+0800][21.137s][info][gc             ] GC(473) Pause Young (Allocation Failure) 48M->34M(61M) 1.900ms
[2026-06-17T09:51:01.259+0800][21.137s][info][gc,cpu         ] GC(473) User=0.00s Sys=0.00s Real=0.00s
[2026-06-17T09:51:01.302+0800][21.180s][info][gc,start       ] GC(474) Pause Young (Allocation Failure)
[2026-06-17T09:51:01.303+0800][21.181s][info][gc,heap        ] GC(474) DefNew: 19600K->2175K(19648K)
[2026-06-17T09:51:01.304+0800][21.182s][info][gc,heap        ] GC(474) Tenured: 33543K->37561K(43712K)
[2026-06-17T09:51:01.304+0800][21.182s][info][gc,metaspace   ] GC(474) Metaspace: 3160K(4864K)->3160K(4864K) NonClass: 2855K(4352K)->2855K(4352K) Class: 305K(512K)->305K(512K)
[2026-06-17T09:51:01.304+0800][21.182s][info][gc             ] GC(474) Pause Young (Allocation Failure) 51M->38M(61M) 2.452ms
[2026-06-17T09:51:01.304+0800][21.183s][info][gc,cpu         ] GC(474) User=0.00s Sys=0.00s Real=0.01s
[2026-06-17T09:51:01.347+0800][21.225s][info][gc,start       ] GC(475) Pause Young (Allocation Failure)
[2026-06-17T09:51:01.347+0800][21.225s][info][gc,start       ] GC(476) Pause Full (Allocation Failure)
[2026-06-17T09:51:01.348+0800][21.226s][info][gc,phases,start] GC(476) Phase 1: Mark live objects
[2026-06-17T09:51:01.348+0800][21.226s][info][gc,phases      ] GC(476) Phase 1: Mark live objects 0.690ms
[2026-06-17T09:51:01.348+0800][21.226s][info][gc,phases,start] GC(476) Phase 2: Compute new object addresses
[2026-06-17T09:51:01.349+0800][21.227s][info][gc,phases      ] GC(476) Phase 2: Compute new object addresses 0.354ms
[2026-06-17T09:51:01.349+0800][21.227s][info][gc,phases,start] GC(476) Phase 3: Adjust pointers
[2026-06-17T09:51:01.350+0800][21.228s][info][gc,phases      ] GC(476) Phase 3: Adjust pointers 0.473ms
[2026-06-17T09:51:01.350+0800][21.228s][info][gc,phases,start] GC(476) Phase 4: Move objects
[2026-06-17T09:51:01.352+0800][21.230s][info][gc,phases      ] GC(476) Phase 4: Move objects 2.205ms
[2026-06-17T09:51:01.352+0800][21.230s][info][gc             ] GC(476) Pause Full (Allocation Failure) 55M->32M(61M) 4.998ms
[2026-06-17T09:51:01.352+0800][21.230s][info][gc,heap        ] GC(475) DefNew: 19588K->0K(19648K)
[2026-06-17T09:51:01.352+0800][21.231s][info][gc,heap        ] GC(475) Tenured: 37561K->32809K(43712K)
[2026-06-17T09:51:01.353+0800][21.231s][info][gc,metaspace   ] GC(475) Metaspace: 3160K(4864K)->3160K(4864K) NonClass: 2855K(4352K)->2855K(4352K) Class: 305K(512K)->305K(512K)
[2026-06-17T09:51:01.353+0800][21.231s][info][gc             ] GC(475) Pause Young (Allocation Failure) 55M->32M(61M) 5.815ms
[2026-06-17T09:51:01.353+0800][21.231s][info][gc,cpu         ] GC(475) User=0.01s Sys=0.00s Real=0.01s
[2026-06-17T09:51:01.395+0800][21.273s][info][gc,start       ] GC(477) Pause Young (Allocation Failure)
[2026-06-17T09:51:01.396+0800][21.274s][info][gc,heap        ] GC(477) DefNew: 17471K->2175K(19648K)
[2026-06-17T09:51:01.397+0800][21.275s][info][gc,heap        ] GC(477) Tenured: 32809K->37658K(43712K)
[2026-06-17T09:51:01.397+0800][21.275s][info][gc,metaspace   ] GC(477) Metaspace: 3160K(4864K)->3160K(4864K) NonClass: 2855K(4352K)->2855K(4352K) Class: 305K(512K)->305K(512K)
[2026-06-17T09:51:01.397+0800][21.275s][info][gc             ] GC(477) Pause Young (Allocation Failure) 49M->38M(61M) 2.122ms
[2026-06-17T09:51:01.397+0800][21.275s][info][gc,cpu         ] GC(477) User=0.00s Sys=0.00s Real=0.00s
[2026-06-17T09:51:01.440+0800][21.318s][info][gc,start       ] GC(478) Pause Young (Allocation Failure)
[2026-06-17T09:51:01.440+0800][21.318s][info][gc,start       ] GC(479) Pause Full (Allocation Failure)
[2026-06-17T09:51:01.441+0800][21.319s][info][gc,phases,start] GC(479) Phase 1: Mark live objects
[2026-06-17T09:51:01.442+0800][21.320s][info][gc,phases      ] GC(479) Phase 1: Mark live objects 1.569ms
[2026-06-17T09:51:01.443+0800][21.321s][info][gc,phases,start] GC(479) Phase 2: Compute new object addresses
[2026-06-17T09:51:01.443+0800][21.321s][info][gc,phases      ] GC(479) Phase 2: Compute new object addresses 0.588ms
[2026-06-17T09:51:01.443+0800][21.322s][info][gc,phases,start] GC(479) Phase 3: Adjust pointers
[2026-06-17T09:51:01.444+0800][21.322s][info][gc,phases      ] GC(479) Phase 3: Adjust pointers 0.901ms
[2026-06-17T09:51:01.445+0800][21.323s][info][gc,phases,start] GC(479) Phase 4: Move objects
[2026-06-17T09:51:01.447+0800][21.325s][info][gc,phases      ] GC(479) Phase 4: Move objects 2.611ms
[2026-06-17T09:51:01.448+0800][21.326s][info][gc             ] GC(479) Pause Full (Allocation Failure) 55M->25M(61M) 7.666ms
[2026-06-17T09:51:01.448+0800][21.326s][info][gc,heap        ] GC(478) DefNew: 19584K->0K(19648K)
[2026-06-17T09:51:01.449+0800][21.327s][info][gc,heap        ] GC(478) Tenured: 37658K->26364K(43712K)
[2026-06-17T09:51:01.449+0800][21.327s][info][gc,metaspace   ] GC(478) Metaspace: 3160K(4864K)->3160K(4864K) NonClass: 2855K(4352K)->2855K(4352K) Class: 305K(512K)->305K(512K)
[2026-06-17T09:51:01.449+0800][21.327s][info][gc             ] GC(478) Pause Young (Allocation Failure) 55M->25M(61M) 9.407ms
[2026-06-17T09:51:01.449+0800][21.327s][info][gc,cpu         ] GC(478) User=0.00s Sys=0.00s Real=0.01s
[2026-06-17T09:51:01.503+0800][21.381s][info][gc,start       ] GC(480) Pause Young (Allocation Failure)
[2026-06-17T09:51:01.504+0800][21.382s][info][gc,heap        ] GC(480) DefNew: 17468K->2064K(19648K)
[2026-06-17T09:51:01.504+0800][21.382s][info][gc,heap        ] GC(480) Tenured: 26364K->27967K(43712K)
[2026-06-17T09:51:01.504+0800][21.382s][info][gc,metaspace   ] GC(480) Metaspace: 3160K(4864K)->3160K(4864K) NonClass: 2855K(4352K)->2855K(4352K) Class: 305K(512K)->305K(512K)
[2026-06-17T09:51:01.504+0800][21.382s][info][gc             ] GC(480) Pause Young (Allocation Failure) 42M->29M(61M) 1.398ms
[2026-06-17T09:51:01.504+0800][21.382s][info][gc,cpu         ] GC(480) User=0.00s Sys=0.00s Real=0.00s
[2026-06-17T09:51:01.546+0800][21.424s][info][gc,start       ] GC(481) Pause Young (Allocation Failure)
[2026-06-17T09:51:01.548+0800][21.427s][info][gc,heap        ] GC(481) DefNew: 19536K->2170K(19648K)
[2026-06-17T09:51:01.550+0800][21.428s][info][gc,heap        ] GC(481) Tenured: 27967K->31838K(43712K)
[2026-06-17T09:51:01.550+0800][21.428s][info][gc,metaspace   ] GC(481) Metaspace: 3160K(4864K)->3160K(4864K) NonClass: 2855K(4352K)->2855K(4352K) Class: 305K(512K)->305K(512K)
[2026-06-17T09:51:01.552+0800][21.430s][info][gc             ] GC(481) Pause Young (Allocation Failure) 46M->33M(61M) 5.697ms
[2026-06-17T09:51:01.554+0800][21.432s][info][gc,cpu         ] GC(481) User=0.00s Sys=0.00s Real=0.01s
[2026-06-17T09:51:01.599+0800][21.477s][info][gc,start       ] GC(482) Pause Young (Allocation Failure)
[2026-06-17T09:51:01.601+0800][21.479s][info][gc,heap        ] GC(482) DefNew: 19602K->2175K(19648K)
[2026-06-17T09:51:01.602+0800][21.480s][info][gc,heap        ] GC(482) Tenured: 31838K->36498K(43712K)
[2026-06-17T09:51:01.602+0800][21.480s][info][gc,metaspace   ] GC(482) Metaspace: 3160K(4864K)->3160K(4864K) NonClass: 2855K(4352K)->2855K(4352K) Class: 305K(512K)->305K(512K)
[2026-06-17T09:51:01.603+0800][21.481s][info][gc             ] GC(482) Pause Young (Allocation Failure) 50M->37M(61M) 3.459ms
[2026-06-17T09:51:01.603+0800][21.481s][info][gc,cpu         ] GC(482) User=0.00s Sys=0.00s Real=0.01s
[2026-06-17T09:51:01.656+0800][21.534s][info][gc,start       ] GC(483) Pause Young (Allocation Failure)
[2026-06-17T09:51:01.683+0800][21.561s][info][gc,heap        ] GC(483) DefNew: 19639K->1986K(19648K)
[2026-06-17T09:51:01.702+0800][21.580s][info][gc,heap        ] GC(483) Tenured: 36498K->37309K(43712K)
[2026-06-17T09:51:01.702+0800][21.580s][info][gc,metaspace   ] GC(483) Metaspace: 3160K(4864K)->3160K(4864K) NonClass: 2855K(4352K)->2855K(4352K) Class: 305K(512K)->305K(512K)
[2026-06-17T09:51:01.702+0800][21.580s][info][gc             ] GC(483) Pause Young (Allocation Failure) 54M->38M(61M) 46.377ms
[2026-06-17T09:51:01.702+0800][21.581s][info][gc,cpu         ] GC(483) User=0.00s Sys=0.00s Real=0.05s
[2026-06-17T09:51:01.746+0800][21.624s][info][gc,start       ] GC(484) Pause Young (Allocation Failure)
[2026-06-17T09:51:01.746+0800][21.625s][info][gc,start       ] GC(485) Pause Full (Allocation Failure)
[2026-06-17T09:51:01.747+0800][21.625s][info][gc,phases,start] GC(485) Phase 1: Mark live objects
[2026-06-17T09:51:01.749+0800][21.627s][info][gc,phases      ] GC(485) Phase 1: Mark live objects 2.008ms
[2026-06-17T09:51:01.750+0800][21.628s][info][gc,phases,start] GC(485) Phase 2: Compute new object addresses
[2026-06-17T09:51:01.750+0800][21.628s][info][gc,phases      ] GC(485) Phase 2: Compute new object addresses 0.586ms
[2026-06-17T09:51:01.751+0800][21.629s][info][gc,phases,start] GC(485) Phase 3: Adjust pointers
[2026-06-17T09:51:01.751+0800][21.629s][info][gc,phases      ] GC(485) Phase 3: Adjust pointers 0.601ms
[2026-06-17T09:51:01.751+0800][21.629s][info][gc,phases,start] GC(485) Phase 4: Move objects
[2026-06-17T09:51:01.754+0800][21.632s][info][gc,phases      ] GC(485) Phase 4: Move objects 2.664ms
[2026-06-17T09:51:01.755+0800][21.633s][info][gc             ] GC(485) Pause Full (Allocation Failure) 55M->25M(61M) 8.143ms
[2026-06-17T09:51:01.755+0800][21.633s][info][gc,heap        ] GC(484) DefNew: 19452K->0K(19648K)
[2026-06-17T09:51:01.755+0800][21.633s][info][gc,heap        ] GC(484) Tenured: 37309K->25762K(43712K)
[2026-06-17T09:51:01.756+0800][21.634s][info][gc,metaspace   ] GC(484) Metaspace: 3160K(4864K)->3160K(4864K) NonClass: 2855K(4352K)->2855K(4352K) Class: 305K(512K)->305K(512K)
[2026-06-17T09:51:01.756+0800][21.634s][info][gc             ] GC(484) Pause Young (Allocation Failure) 55M->25M(61M) 10.082ms
[2026-06-17T09:51:01.756+0800][21.634s][info][gc,cpu         ] GC(484) User=0.00s Sys=0.00s Real=0.01s
[2026-06-17T09:51:01.799+0800][21.677s][info][gc,start       ] GC(486) Pause Young (Allocation Failure)
[2026-06-17T09:51:01.803+0800][21.681s][info][gc,heap        ] GC(486) DefNew: 17472K->2168K(19648K)
[2026-06-17T09:51:01.805+0800][21.683s][info][gc,heap        ] GC(486) Tenured: 25762K->30596K(43712K)
[2026-06-17T09:51:01.809+0800][21.687s][info][gc,metaspace   ] GC(486) Metaspace: 3160K(4864K)->3160K(4864K) NonClass: 2855K(4352K)->2855K(4352K) Class: 305K(512K)->305K(512K)
[2026-06-17T09:51:01.811+0800][21.689s][info][gc             ] GC(486) Pause Young (Allocation Failure) 42M->31M(61M) 12.061ms
[2026-06-17T09:51:01.814+0800][21.692s][info][gc,cpu         ] GC(486) User=0.00s Sys=0.00s Real=0.02s
[2026-06-17T09:51:01.859+0800][21.737s][info][gc,start       ] GC(487) Pause Young (Allocation Failure)
[2026-06-17T09:51:01.864+0800][21.742s][info][gc,heap        ] GC(487) DefNew: 19640K->2152K(19648K)
[2026-06-17T09:51:01.864+0800][21.742s][info][gc,heap        ] GC(487) Tenured: 30596K->35129K(43712K)
[2026-06-17T09:51:01.865+0800][21.743s][info][gc,metaspace   ] GC(487) Metaspace: 3160K(4864K)->3160K(4864K) NonClass: 2855K(4352K)->2855K(4352K) Class: 305K(512K)->305K(512K)
[2026-06-17T09:51:01.868+0800][21.746s][info][gc             ] GC(487) Pause Young (Allocation Failure) 49M->36M(61M) 9.139ms
[2026-06-17T09:51:01.872+0800][21.750s][info][gc,cpu         ] GC(487) User=0.00s Sys=0.00s Real=0.02s
[2026-06-17T09:51:01.917+0800][21.795s][info][gc,start       ] GC(488) Pause Young (Allocation Failure)
[2026-06-17T09:51:01.921+0800][21.799s][info][gc,heap        ] GC(488) DefNew: 19581K->2170K(19648K)
[2026-06-17T09:51:01.924+0800][21.802s][info][gc,heap        ] GC(488) Tenured: 35129K->38836K(43712K)
[2026-06-17T09:51:01.931+0800][21.809s][info][gc,metaspace   ] GC(488) Metaspace: 3160K(4864K)->3160K(4864K) NonClass: 2855K(4352K)->2855K(4352K) Class: 305K(512K)->305K(512K)
[2026-06-17T09:51:01.935+0800][21.813s][info][gc             ] GC(488) Pause Young (Allocation Failure) 53M->40M(61M) 17.513ms
[2026-06-17T09:51:01.939+0800][21.817s][info][gc,cpu         ] GC(488) User=0.00s Sys=0.00s Real=0.02s
[2026-06-17T09:51:02.001+0800][21.879s][info][gc,start       ] GC(489) Pause Young (Allocation Failure)
[2026-06-17T09:51:02.001+0800][21.879s][info][gc,start       ] GC(490) Pause Full (Allocation Failure)
[2026-06-17T09:51:02.002+0800][21.880s][info][gc,phases,start] GC(490) Phase 1: Mark live objects
[2026-06-17T09:51:02.004+0800][21.882s][info][gc,phases      ] GC(490) Phase 1: Mark live objects 1.853ms
[2026-06-17T09:51:02.004+0800][21.882s][info][gc,phases,start] GC(490) Phase 2: Compute new object addresses
[2026-06-17T09:51:02.005+0800][21.883s][info][gc,phases      ] GC(490) Phase 2: Compute new object addresses 0.847ms
[2026-06-17T09:51:02.006+0800][21.884s][info][gc,phases,start] GC(490) Phase 3: Adjust pointers
[2026-06-17T09:51:02.007+0800][21.885s][info][gc,phases      ] GC(490) Phase 3: Adjust pointers 1.039ms
[2026-06-17T09:51:02.007+0800][21.885s][info][gc,phases,start] GC(490) Phase 4: Move objects
[2026-06-17T09:51:02.011+0800][21.889s][info][gc,phases      ] GC(490) Phase 4: Move objects 3.543ms
[2026-06-17T09:51:02.011+0800][21.889s][info][gc             ] GC(490) Pause Full (Allocation Failure) 57M->27M(61M) 9.805ms
[2026-06-17T09:51:02.011+0800][21.889s][info][gc,heap        ] GC(489) DefNew: 19642K->0K(19648K)
[2026-06-17T09:51:02.012+0800][21.890s][info][gc,heap        ] GC(489) Tenured: 38836K->28439K(43712K)
[2026-06-17T09:51:02.012+0800][21.890s][info][gc,metaspace   ] GC(489) Metaspace: 3160K(4864K)->3160K(4864K) NonClass: 2855K(4352K)->2855K(4352K) Class: 305K(512K)->305K(512K)
[2026-06-17T09:51:02.013+0800][21.891s][info][gc             ] GC(489) Pause Young (Allocation Failure) 57M->27M(61M) 12.866ms
[2026-06-17T09:51:02.014+0800][21.892s][info][gc,cpu         ] GC(489) User=0.01s Sys=0.00s Real=0.02s
[2026-06-17T09:51:02.047+0800][21.926s][info][gc,start       ] GC(491) Pause Young (Allocation Failure)
[2026-06-17T09:51:02.052+0800][21.930s][info][gc,heap        ] GC(491) DefNew: 17294K->2175K(19648K)
[2026-06-17T09:51:02.053+0800][21.931s][info][gc,heap        ] GC(491) Tenured: 28439K->33520K(43712K)
[2026-06-17T09:51:02.053+0800][21.931s][info][gc,metaspace   ] GC(491) Metaspace: 3160K(4864K)->3160K(4864K) NonClass: 2855K(4352K)->2855K(4352K) Class: 305K(512K)->305K(512K)
[2026-06-17T09:51:02.054+0800][21.932s][info][gc             ] GC(491) Pause Young (Allocation Failure) 44M->34M(61M) 6.821ms
[2026-06-17T09:51:02.055+0800][21.933s][info][gc,cpu         ] GC(491) User=0.00s Sys=0.00s Real=0.01s
[2026-06-17T09:51:02.111+0800][21.990s][info][gc,start       ] GC(492) Pause Young (Allocation Failure)
[2026-06-17T09:51:02.114+0800][21.992s][info][gc,heap        ] GC(492) DefNew: 19635K->2087K(19648K)
[2026-06-17T09:51:02.115+0800][21.993s][info][gc,heap        ] GC(492) Tenured: 33520K->37265K(43712K)
[2026-06-17T09:51:02.116+0800][21.994s][info][gc,metaspace   ] GC(492) Metaspace: 3160K(4864K)->3160K(4864K) NonClass: 2855K(4352K)->2855K(4352K) Class: 305K(512K)->305K(512K)
[2026-06-17T09:51:02.116+0800][21.994s][info][gc             ] GC(492) Pause Young (Allocation Failure) 51M->38M(61M) 4.791ms
[2026-06-17T09:51:02.117+0800][21.995s][info][gc,cpu         ] GC(492) User=0.00s Sys=0.00s Real=0.00s
[2026-06-17T09:51:02.162+0800][22.040s][info][gc,start       ] GC(493) Pause Young (Allocation Failure)
[2026-06-17T09:51:02.163+0800][22.041s][info][gc,start       ] GC(494) Pause Full (Allocation Failure)
[2026-06-17T09:51:02.164+0800][22.042s][info][gc,phases,start] GC(494) Phase 1: Mark live objects
[2026-06-17T09:51:02.166+0800][22.044s][info][gc,phases      ] GC(494) Phase 1: Mark live objects 2.404ms
[2026-06-17T09:51:02.167+0800][22.045s][info][gc,phases,start] GC(494) Phase 2: Compute new object addresses
[2026-06-17T09:51:02.168+0800][22.046s][info][gc,phases      ] GC(494) Phase 2: Compute new object addresses 1.069ms
[2026-06-17T09:51:02.169+0800][22.047s][info][gc,phases,start] GC(494) Phase 3: Adjust pointers
[2026-06-17T09:51:02.170+0800][22.048s][info][gc,phases      ] GC(494) Phase 3: Adjust pointers 1.469ms
[2026-06-17T09:51:02.171+0800][22.049s][info][gc,phases,start] GC(494) Phase 4: Move objects
[2026-06-17T09:51:02.175+0800][22.053s][info][gc,phases      ] GC(494) Phase 4: Move objects 3.812ms
[2026-06-17T09:51:02.175+0800][22.053s][info][gc             ] GC(494) Pause Full (Allocation Failure) 55M->27M(61M) 12.567ms
[2026-06-17T09:51:02.176+0800][22.054s][info][gc,heap        ] GC(493) DefNew: 19542K->0K(19648K)
[2026-06-17T09:51:02.176+0800][22.054s][info][gc,heap        ] GC(493) Tenured: 37265K->28385K(43712K)
[2026-06-17T09:51:02.177+0800][22.055s][info][gc,metaspace   ] GC(493) Metaspace: 3160K(4864K)->3160K(4864K) NonClass: 2855K(4352K)->2855K(4352K) Class: 305K(512K)->305K(512K)
[2026-06-17T09:51:02.177+0800][22.055s][info][gc             ] GC(493) Pause Young (Allocation Failure) 55M->27M(61M) 15.318ms
[2026-06-17T09:51:02.177+0800][22.055s][info][gc,cpu         ] GC(493) User=0.01s Sys=0.00s Real=0.02s
[2026-06-17T09:51:02.222+0800][22.100s][info][gc,start       ] GC(495) Pause Young (Allocation Failure)
[2026-06-17T09:51:02.225+0800][22.103s][info][gc,heap        ] GC(495) DefNew: 17472K->2173K(19648K)
[2026-06-17T09:51:02.226+0800][22.104s][info][gc,heap        ] GC(495) Tenured: 28385K->33555K(43712K)
[2026-06-17T09:51:02.228+0800][22.106s][info][gc,metaspace   ] GC(495) Metaspace: 3160K(4864K)->3160K(4864K) NonClass: 2855K(4352K)->2855K(4352K) Class: 305K(512K)->305K(512K)
[2026-06-17T09:51:02.232+0800][22.110s][info][gc             ] GC(495) Pause Young (Allocation Failure) 44M->34M(61M) 10.359ms
[2026-06-17T09:51:02.235+0800][22.113s][info][gc,cpu         ] GC(495) User=0.00s Sys=0.00s Real=0.02s
[2026-06-17T09:51:02.282+0800][22.160s][info][gc,start       ] GC(496) Pause Young (Allocation Failure)
[2026-06-17T09:51:02.285+0800][22.163s][info][gc,heap        ] GC(496) DefNew: 19595K->2175K(19648K)
[2026-06-17T09:51:02.286+0800][22.164s][info][gc,heap        ] GC(496) Tenured: 33555K->38341K(43712K)
[2026-06-17T09:51:02.286+0800][22.164s][info][gc,metaspace   ] GC(496) Metaspace: 3161K(4864K)->3161K(4864K) NonClass: 2855K(4352K)->2855K(4352K) Class: 305K(512K)->305K(512K)
[2026-06-17T09:51:02.287+0800][22.165s][info][gc             ] GC(496) Pause Young (Allocation Failure) 51M->39M(61M) 4.473ms
[2026-06-17T09:51:02.287+0800][22.165s][info][gc,cpu         ] GC(496) User=0.00s Sys=0.00s Real=0.01s
[2026-06-17T09:51:02.332+0800][22.210s][info][gc,start       ] GC(497) Pause Young (Allocation Failure)
[2026-06-17T09:51:02.333+0800][22.211s][info][gc,start       ] GC(498) Pause Full (Allocation Failure)
[2026-06-17T09:51:02.334+0800][22.212s][info][gc,phases,start] GC(498) Phase 1: Mark live objects
[2026-06-17T09:51:02.336+0800][22.214s][info][gc,phases      ] GC(498) Phase 1: Mark live objects 1.919ms
[2026-06-17T09:51:02.336+0800][22.214s][info][gc,phases,start] GC(498) Phase 2: Compute new object addresses
[2026-06-17T09:51:02.337+0800][22.215s][info][gc,phases      ] GC(498) Phase 2: Compute new object addresses 0.823ms
[2026-06-17T09:51:02.338+0800][22.216s][info][gc,phases,start] GC(498) Phase 3: Adjust pointers
[2026-06-17T09:51:02.340+0800][22.218s][info][gc,phases      ] GC(498) Phase 3: Adjust pointers 2.214ms
[2026-06-17T09:51:02.341+0800][22.219s][info][gc,phases,start] GC(498) Phase 4: Move objects
[2026-06-17T09:51:02.344+0800][22.222s][info][gc,phases      ] GC(498) Phase 4: Move objects 3.094ms
[2026-06-17T09:51:02.344+0800][22.222s][info][gc             ] GC(498) Pause Full (Allocation Failure) 56M->24M(61M) 10.650ms
[2026-06-17T09:51:02.344+0800][22.222s][info][gc,heap        ] GC(497) DefNew: 19526K->0K(19648K)
[2026-06-17T09:51:02.344+0800][22.223s][info][gc,heap        ] GC(497) Tenured: 38341K->25490K(43712K)
[2026-06-17T09:51:02.345+0800][22.223s][info][gc,metaspace   ] GC(497) Metaspace: 3161K(4864K)->3161K(4864K) NonClass: 2855K(4352K)->2855K(4352K) Class: 305K(512K)->305K(512K)
[2026-06-17T09:51:02.345+0800][22.223s][info][gc             ] GC(497) Pause Young (Allocation Failure) 56M->24M(61M) 12.474ms
[2026-06-17T09:51:02.345+0800][22.223s][info][gc,cpu         ] GC(497) User=0.01s Sys=0.00s Real=0.01s
[2026-06-17T09:51:02.398+0800][22.276s][info][gc,start       ] GC(499) Pause Young (Allocation Failure)
[2026-06-17T09:51:02.399+0800][22.277s][info][gc,heap        ] GC(499) DefNew: 17458K->2079K(19648K)
[2026-06-17T09:51:02.400+0800][22.278s][info][gc,heap        ] GC(499) Tenured: 25490K->27257K(43712K)
[2026-06-17T09:51:02.400+0800][22.279s][info][gc,metaspace   ] GC(499) Metaspace: 3161K(4864K)->3161K(4864K) NonClass: 2855K(4352K)->2855K(4352K) Class: 305K(512K)->305K(512K)
[2026-06-17T09:51:02.401+0800][22.279s][info][gc             ] GC(499) Pause Young (Allocation Failure) 41M->28M(61M) 3.175ms
[2026-06-17T09:51:02.402+0800][22.280s][info][gc,cpu         ] GC(499) User=0.00s Sys=0.00s Real=0.00s
[2026-06-17T09:51:02.447+0800][22.325s][info][gc,start       ] GC(500) Pause Young (Allocation Failure)
[2026-06-17T09:51:02.448+0800][22.326s][info][gc,heap        ] GC(500) DefNew: 19551K->2148K(19648K)
[2026-06-17T09:51:02.449+0800][22.327s][info][gc,heap        ] GC(500) Tenured: 27257K->30471K(43712K)
[2026-06-17T09:51:02.449+0800][22.327s][info][gc,metaspace   ] GC(500) Metaspace: 3161K(4864K)->3161K(4864K) NonClass: 2855K(4352K)->2855K(4352K) Class: 305K(512K)->305K(512K)
[2026-06-17T09:51:02.450+0800][22.328s][info][gc             ] GC(500) Pause Young (Allocation Failure) 45M->31M(61M) 3.203ms
[2026-06-17T09:51:02.450+0800][22.328s][info][gc,cpu         ] GC(500) User=0.01s Sys=0.00s Real=0.00s
[2026-06-17T09:51:02.493+0800][22.371s][info][gc,start       ] GC(501) Pause Young (Allocation Failure)
[2026-06-17T09:51:02.495+0800][22.373s][info][gc,heap        ] GC(501) DefNew: 19620K->2145K(19648K)
[2026-06-17T09:51:02.495+0800][22.373s][info][gc,heap        ] GC(501) Tenured: 30471K->34377K(43712K)
[2026-06-17T09:51:02.496+0800][22.374s][info][gc,metaspace   ] GC(501) Metaspace: 3161K(4864K)->3161K(4864K) NonClass: 2855K(4352K)->2855K(4352K) Class: 305K(512K)->305K(512K)
[2026-06-17T09:51:02.496+0800][22.374s][info][gc             ] GC(501) Pause Young (Allocation Failure) 48M->35M(61M) 2.606ms
[2026-06-17T09:51:02.496+0800][22.374s][info][gc,cpu         ] GC(501) User=0.00s Sys=0.00s Real=0.00s
[2026-06-17T09:51:02.539+0800][22.417s][info][gc,start       ] GC(502) Pause Young (Allocation Failure)
[2026-06-17T09:51:02.541+0800][22.419s][info][gc,heap        ] GC(502) DefNew: 19617K->2153K(19648K)
[2026-06-17T09:51:02.541+0800][22.419s][info][gc,heap        ] GC(502) Tenured: 34377K->37764K(43712K)
[2026-06-17T09:51:02.543+0800][22.421s][info][gc,metaspace   ] GC(502) Metaspace: 3161K(4864K)->3161K(4864K) NonClass: 2855K(4352K)->2855K(4352K) Class: 305K(512K)->305K(512K)
[2026-06-17T09:51:02.543+0800][22.422s][info][gc             ] GC(502) Pause Young (Allocation Failure) 52M->38M(61M) 4.037ms
[2026-06-17T09:51:02.544+0800][22.422s][info][gc,cpu         ] GC(502) User=0.00s Sys=0.00s Real=0.01s
[2026-06-17T09:51:02.587+0800][22.465s][info][gc,start       ] GC(503) Pause Young (Allocation Failure)
[2026-06-17T09:51:02.587+0800][22.466s][info][gc,start       ] GC(504) Pause Full (Allocation Failure)
[2026-06-17T09:51:02.588+0800][22.466s][info][gc,phases,start] GC(504) Phase 1: Mark live objects
[2026-06-17T09:51:02.589+0800][22.467s][info][gc,phases      ] GC(504) Phase 1: Mark live objects 0.947ms
[2026-06-17T09:51:02.590+0800][22.468s][info][gc,phases,start] GC(504) Phase 2: Compute new object addresses
[2026-06-17T09:51:02.590+0800][22.468s][info][gc,phases      ] GC(504) Phase 2: Compute new object addresses 0.584ms
[2026-06-17T09:51:02.591+0800][22.469s][info][gc,phases,start] GC(504) Phase 3: Adjust pointers
[2026-06-17T09:51:02.591+0800][22.469s][info][gc,phases      ] GC(504) Phase 3: Adjust pointers 0.504ms
[2026-06-17T09:51:02.592+0800][22.470s][info][gc,phases,start] GC(504) Phase 4: Move objects
[2026-06-17T09:51:02.594+0800][22.472s][info][gc,phases      ] GC(504) Phase 4: Move objects 2.440ms
[2026-06-17T09:51:02.595+0800][22.473s][info][gc             ] GC(504) Pause Full (Allocation Failure) 56M->29M(61M) 7.037ms
[2026-06-17T09:51:02.595+0800][22.473s][info][gc,heap        ] GC(503) DefNew: 19625K->0K(19648K)
[2026-06-17T09:51:02.595+0800][22.473s][info][gc,heap        ] GC(503) Tenured: 37764K->30099K(43712K)
[2026-06-17T09:51:02.595+0800][22.473s][info][gc,metaspace   ] GC(503) Metaspace: 3161K(4864K)->3161K(4864K) NonClass: 2855K(4352K)->2855K(4352K) Class: 305K(512K)->305K(512K)
[2026-06-17T09:51:02.596+0800][22.474s][info][gc             ] GC(503) Pause Young (Allocation Failure) 56M->29M(61M) 8.934ms
[2026-06-17T09:51:02.596+0800][22.474s][info][gc,cpu         ] GC(503) User=0.01s Sys=0.00s Real=0.01s
[2026-06-17T09:51:02.639+0800][22.517s][info][gc,start       ] GC(505) Pause Young (Allocation Failure)
[2026-06-17T09:51:02.640+0800][22.518s][info][gc,heap        ] GC(505) DefNew: 17470K->2175K(19648K)
[2026-06-17T09:51:02.640+0800][22.518s][info][gc,heap        ] GC(505) Tenured: 30099K->34672K(43712K)
[2026-06-17T09:51:02.640+0800][22.518s][info][gc,metaspace   ] GC(505) Metaspace: 3161K(4864K)->3161K(4864K) NonClass: 2855K(4352K)->2855K(4352K) Class: 305K(512K)->305K(512K)
[2026-06-17T09:51:02.640+0800][22.518s][info][gc             ] GC(505) Pause Young (Allocation Failure) 46M->35M(61M) 1.498ms
[2026-06-17T09:51:02.640+0800][22.518s][info][gc,cpu         ] GC(505) User=0.00s Sys=0.00s Real=0.00s
[2026-06-17T09:51:02.693+0800][22.571s][info][gc,start       ] GC(506) Pause Young (Allocation Failure)
[2026-06-17T09:51:02.694+0800][22.572s][info][gc,heap        ] GC(506) DefNew: 19608K->2143K(19648K)
[2026-06-17T09:51:02.694+0800][22.572s][info][gc,heap        ] GC(506) Tenured: 34672K->37196K(43712K)
[2026-06-17T09:51:02.694+0800][22.572s][info][gc,metaspace   ] GC(506) Metaspace: 3161K(4864K)->3161K(4864K) NonClass: 2855K(4352K)->2855K(4352K) Class: 305K(512K)->305K(512K)
[2026-06-17T09:51:02.695+0800][22.573s][info][gc             ] GC(506) Pause Young (Allocation Failure) 53M->38M(61M) 1.972ms
[2026-06-17T09:51:02.695+0800][22.573s][info][gc,cpu         ] GC(506) User=0.00s Sys=0.00s Real=0.00s
[2026-06-17T09:51:02.739+0800][22.617s][info][gc,start       ] GC(507) Pause Young (Allocation Failure)
[2026-06-17T09:51:02.741+0800][22.619s][info][gc,heap        ] GC(507) DefNew: 19584K->2155K(19648K)
[2026-06-17T09:51:02.741+0800][22.619s][info][gc,heap        ] GC(507) Tenured: 37196K->40987K(43712K)
[2026-06-17T09:51:02.742+0800][22.620s][info][gc,metaspace   ] GC(507) Metaspace: 3161K(4864K)->3161K(4864K) NonClass: 2855K(4352K)->2855K(4352K) Class: 305K(512K)->305K(512K)
[2026-06-17T09:51:02.743+0800][22.621s][info][gc             ] GC(507) Pause Young (Allocation Failure) 55M->42M(61M) 3.853ms
[2026-06-17T09:51:02.743+0800][22.621s][info][gc,cpu         ] GC(507) User=0.00s Sys=0.00s Real=0.01s
[2026-06-17T09:51:02.787+0800][22.665s][info][gc,start       ] GC(508) Pause Young (Allocation Failure)
[2026-06-17T09:51:02.790+0800][22.668s][info][gc,start       ] GC(509) Pause Full (Allocation Failure)
[2026-06-17T09:51:02.792+0800][22.670s][info][gc,phases,start] GC(509) Phase 1: Mark live objects
[2026-06-17T09:51:02.793+0800][22.671s][info][gc,phases      ] GC(509) Phase 1: Mark live objects 1.384ms
[2026-06-17T09:51:02.796+0800][22.674s][info][gc,phases,start] GC(509) Phase 2: Compute new object addresses
[2026-06-17T09:51:02.796+0800][22.674s][info][gc,phases      ] GC(509) Phase 2: Compute new object addresses 0.520ms
[2026-06-17T09:51:02.800+0800][22.678s][info][gc,phases,start] GC(509) Phase 3: Adjust pointers
[2026-06-17T09:51:02.801+0800][22.679s][info][gc,phases      ] GC(509) Phase 3: Adjust pointers 0.924ms
[2026-06-17T09:51:02.801+0800][22.679s][info][gc,phases,start] GC(509) Phase 4: Move objects
[2026-06-17T09:51:02.804+0800][22.682s][info][gc,phases      ] GC(509) Phase 4: Move objects 3.284ms
[2026-06-17T09:51:02.805+0800][22.683s][info][gc             ] GC(509) Pause Full (Allocation Failure) 59M->26M(61M) 14.437ms
[2026-06-17T09:51:02.805+0800][22.683s][info][gc,heap        ] GC(508) DefNew: 19627K->0K(19648K)
[2026-06-17T09:51:02.805+0800][22.683s][info][gc,heap        ] GC(508) Tenured: 40987K->26985K(43712K)
[2026-06-17T09:51:02.805+0800][22.683s][info][gc,metaspace   ] GC(508) Metaspace: 3161K(4864K)->3161K(4864K) NonClass: 2855K(4352K)->2855K(4352K) Class: 305K(512K)->305K(512K)
[2026-06-17T09:51:02.805+0800][22.683s][info][gc             ] GC(508) Pause Young (Allocation Failure) 59M->26M(61M) 18.720ms
[2026-06-17T09:51:02.805+0800][22.684s][info][gc,cpu         ] GC(508) User=0.00s Sys=0.00s Real=0.02s
[2026-06-17T09:51:02.849+0800][22.727s][info][gc,start       ] GC(510) Pause Young (Allocation Failure)
[2026-06-17T09:51:02.851+0800][22.729s][info][gc,heap        ] GC(510) DefNew: 17430K->2170K(19648K)
[2026-06-17T09:51:02.852+0800][22.730s][info][gc,heap        ] GC(510) Tenured: 26985K->31584K(43712K)
[2026-06-17T09:51:02.853+0800][22.731s][info][gc,metaspace   ] GC(510) Metaspace: 3161K(4864K)->3161K(4864K) NonClass: 2855K(4352K)->2855K(4352K) Class: 305K(512K)->305K(512K)
[2026-06-17T09:51:02.853+0800][22.731s][info][gc             ] GC(510) Pause Young (Allocation Failure) 43M->32M(61M) 4.536ms
[2026-06-17T09:51:02.855+0800][22.733s][info][gc,cpu         ] GC(510) User=0.01s Sys=0.00s Real=0.01s
[2026-06-17T09:51:02.899+0800][22.777s][info][gc,start       ] GC(511) Pause Young (Allocation Failure)
[2026-06-17T09:51:02.901+0800][22.779s][info][gc,heap        ] GC(511) DefNew: 19632K->2141K(19648K)
[2026-06-17T09:51:02.902+0800][22.780s][info][gc,heap        ] GC(511) Tenured: 31584K->36485K(43712K)
[2026-06-17T09:51:02.903+0800][22.781s][info][gc,metaspace   ] GC(511) Metaspace: 3161K(4864K)->3161K(4864K) NonClass: 2855K(4352K)->2855K(4352K) Class: 305K(512K)->305K(512K)
[2026-06-17T09:51:02.904+0800][22.782s][info][gc             ] GC(511) Pause Young (Allocation Failure) 50M->37M(61M) 4.815ms
[2026-06-17T09:51:02.905+0800][22.783s][info][gc,cpu         ] GC(511) User=0.00s Sys=0.00s Real=0.01s
[2026-06-17T09:51:02.948+0800][22.826s][info][gc,start       ] GC(512) Pause Young (Allocation Failure)
[2026-06-17T09:51:02.950+0800][22.828s][info][gc,heap        ] GC(512) DefNew: 19603K->2175K(19648K)
[2026-06-17T09:51:02.951+0800][22.829s][info][gc,heap        ] GC(512) Tenured: 36485K->39490K(43712K)
[2026-06-17T09:51:02.956+0800][22.834s][info][gc,metaspace   ] GC(512) Metaspace: 3161K(4864K)->3161K(4864K) NonClass: 2855K(4352K)->2855K(4352K) Class: 305K(512K)->305K(512K)
[2026-06-17T09:51:02.958+0800][22.836s][info][gc             ] GC(512) Pause Young (Allocation Failure) 54M->40M(61M) 9.986ms
[2026-06-17T09:51:02.960+0800][22.838s][info][gc,cpu         ] GC(512) User=0.00s Sys=0.00s Real=0.01s
[2026-06-17T09:51:03.006+0800][22.884s][info][gc,start       ] GC(513) Pause Young (Allocation Failure)
[2026-06-17T09:51:03.007+0800][22.885s][info][gc,start       ] GC(514) Pause Full (Allocation Failure)
[2026-06-17T09:51:03.008+0800][22.886s][info][gc,phases,start] GC(514) Phase 1: Mark live objects
[2026-06-17T09:51:03.010+0800][22.888s][info][gc,phases      ] GC(514) Phase 1: Mark live objects 2.677ms
[2026-06-17T09:51:03.011+0800][22.889s][info][gc,phases,start] GC(514) Phase 2: Compute new object addresses
[2026-06-17T09:51:03.013+0800][22.891s][info][gc,phases      ] GC(514) Phase 2: Compute new object addresses 1.343ms
[2026-06-17T09:51:03.013+0800][22.891s][info][gc,phases,start] GC(514) Phase 3: Adjust pointers
[2026-06-17T09:51:03.015+0800][22.893s][info][gc,phases      ] GC(514) Phase 3: Adjust pointers 1.193ms
[2026-06-17T09:51:03.015+0800][22.893s][info][gc,phases,start] GC(514) Phase 4: Move objects
[2026-06-17T09:51:03.020+0800][22.898s][info][gc,phases      ] GC(514) Phase 4: Move objects 4.602ms
[2026-06-17T09:51:03.021+0800][22.899s][info][gc             ] GC(514) Pause Full (Allocation Failure) 57M->30M(61M) 14.545ms
[2026-06-17T09:51:03.022+0800][22.900s][info][gc,heap        ] GC(513) DefNew: 19647K->0K(19648K)
[2026-06-17T09:51:03.022+0800][22.901s][info][gc,heap        ] GC(513) Tenured: 39490K->31168K(43712K)
[2026-06-17T09:51:03.023+0800][22.901s][info][gc,metaspace   ] GC(513) Metaspace: 3161K(4864K)->3161K(4864K) NonClass: 2855K(4352K)->2855K(4352K) Class: 305K(512K)->305K(512K)
[2026-06-17T09:51:03.024+0800][22.902s][info][gc             ] GC(513) Pause Young (Allocation Failure) 57M->30M(61M) 18.076ms
[2026-06-17T09:51:03.024+0800][22.902s][info][gc,cpu         ] GC(513) User=0.01s Sys=0.00s Real=0.02s
[2026-06-17T09:51:03.068+0800][22.946s][info][gc,start       ] GC(515) Pause Young (Allocation Failure)
[2026-06-17T09:51:03.071+0800][22.949s][info][gc,heap        ] GC(515) DefNew: 17449K->2170K(19648K)
[2026-06-17T09:51:03.072+0800][22.950s][info][gc,heap        ] GC(515) Tenured: 31168K->36290K(43712K)
[2026-06-17T09:51:03.074+0800][22.952s][info][gc,metaspace   ] GC(515) Metaspace: 3161K(4864K)->3161K(4864K) NonClass: 2855K(4352K)->2855K(4352K) Class: 305K(512K)->305K(512K)
[2026-06-17T09:51:03.076+0800][22.954s][info][gc             ] GC(515) Pause Young (Allocation Failure) 47M->37M(61M) 7.661ms
[2026-06-17T09:51:03.078+0800][22.956s][info][gc,cpu         ] GC(515) User=0.00s Sys=0.00s Real=0.01s
[2026-06-17T09:51:03.133+0800][23.011s][info][gc,start       ] GC(516) Pause Young (Allocation Failure)
[2026-06-17T09:51:03.137+0800][23.015s][info][gc,heap        ] GC(516) DefNew: 19642K->2074K(19648K)
[2026-06-17T09:51:03.137+0800][23.015s][info][gc,heap        ] GC(516) Tenured: 36290K->37983K(43712K)
[2026-06-17T09:51:03.138+0800][23.016s][info][gc,metaspace   ] GC(516) Metaspace: 3161K(4864K)->3161K(4864K) NonClass: 2855K(4352K)->2855K(4352K) Class: 305K(512K)->305K(512K)
[2026-06-17T09:51:03.139+0800][23.017s][info][gc             ] GC(516) Pause Young (Allocation Failure) 54M->39M(61M) 5.542ms
[2026-06-17T09:51:03.139+0800][23.017s][info][gc,cpu         ] GC(516) User=0.00s Sys=0.00s Real=0.00s
[2026-06-17T09:51:03.172+0800][23.050s][info][gc,start       ] GC(517) Pause Young (Allocation Failure)
[2026-06-17T09:51:03.173+0800][23.051s][info][gc,start       ] GC(518) Pause Full (Allocation Failure)
[2026-06-17T09:51:03.173+0800][23.051s][info][gc,phases,start] GC(518) Phase 1: Mark live objects
[2026-06-17T09:51:03.174+0800][23.052s][info][gc,phases      ] GC(518) Phase 1: Mark live objects 0.932ms
[2026-06-17T09:51:03.174+0800][23.052s][info][gc,phases,start] GC(518) Phase 2: Compute new object addresses
[2026-06-17T09:51:03.174+0800][23.052s][info][gc,phases      ] GC(518) Phase 2: Compute new object addresses 0.350ms
[2026-06-17T09:51:03.174+0800][23.053s][info][gc,phases,start] GC(518) Phase 3: Adjust pointers
[2026-06-17T09:51:03.175+0800][23.053s][info][gc,phases      ] GC(518) Phase 3: Adjust pointers 0.550ms
[2026-06-17T09:51:03.175+0800][23.053s][info][gc,phases,start] GC(518) Phase 4: Move objects
[2026-06-17T09:51:03.178+0800][23.056s][info][gc,phases      ] GC(518) Phase 4: Move objects 2.396ms
[2026-06-17T09:51:03.178+0800][23.056s][info][gc             ] GC(518) Pause Full (Allocation Failure) 56M->28M(61M) 5.436ms
[2026-06-17T09:51:03.178+0800][23.056s][info][gc,heap        ] GC(517) DefNew: 19432K->0K(19648K)
[2026-06-17T09:51:03.178+0800][23.056s][info][gc,heap        ] GC(517) Tenured: 37983K->28891K(43712K)
[2026-06-17T09:51:03.179+0800][23.057s][info][gc,metaspace   ] GC(517) Metaspace: 3161K(4864K)->3161K(4864K) NonClass: 2855K(4352K)->2855K(4352K) Class: 305K(512K)->305K(512K)
[2026-06-17T09:51:03.179+0800][23.057s][info][gc             ] GC(517) Pause Young (Allocation Failure) 56M->28M(61M) 6.456ms
[2026-06-17T09:51:03.179+0800][23.057s][info][gc,cpu         ] GC(517) User=0.01s Sys=0.00s Real=0.00s
[2026-06-17T09:51:03.232+0800][23.110s][info][gc,start       ] GC(519) Pause Young (Allocation Failure)
[2026-06-17T09:51:03.233+0800][23.111s][info][gc,heap        ] GC(519) DefNew: 17472K->2146K(19648K)
[2026-06-17T09:51:03.234+0800][23.112s][info][gc,heap        ] GC(519) Tenured: 28891K->30527K(43712K)
[2026-06-17T09:51:03.234+0800][23.112s][info][gc,metaspace   ] GC(519) Metaspace: 3161K(4864K)->3161K(4864K) NonClass: 2855K(4352K)->2855K(4352K) Class: 305K(512K)->305K(512K)
[2026-06-17T09:51:03.234+0800][23.113s][info][gc             ] GC(519) Pause Young (Allocation Failure) 45M->31M(61M) 2.491ms
[2026-06-17T09:51:03.235+0800][23.113s][info][gc,cpu         ] GC(519) User=0.00s Sys=0.00s Real=0.00s
[2026-06-17T09:51:03.278+0800][23.156s][info][gc,start       ] GC(520) Pause Young (Allocation Failure)
[2026-06-17T09:51:03.281+0800][23.159s][info][gc,heap        ] GC(520) DefNew: 19618K->2170K(19648K)
[2026-06-17T09:51:03.282+0800][23.160s][info][gc,heap        ] GC(520) Tenured: 30527K->34063K(43712K)
[2026-06-17T09:51:03.283+0800][23.161s][info][gc,metaspace   ] GC(520) Metaspace: 3161K(4864K)->3161K(4864K) NonClass: 2855K(4352K)->2855K(4352K) Class: 305K(512K)->305K(512K)
[2026-06-17T09:51:03.285+0800][23.163s][info][gc             ] GC(520) Pause Young (Allocation Failure) 48M->35M(61M) 6.965ms
[2026-06-17T09:51:03.286+0800][23.164s][info][gc,cpu         ] GC(520) User=0.00s Sys=0.00s Real=0.01s
[2026-06-17T09:51:03.329+0800][23.207s][info][gc,start       ] GC(521) Pause Young (Allocation Failure)
[2026-06-17T09:51:03.330+0800][23.208s][info][gc,heap        ] GC(521) DefNew: 19602K->2163K(19648K)
[2026-06-17T09:51:03.331+0800][23.209s][info][gc,heap        ] GC(521) Tenured: 34063K->37907K(43712K)
[2026-06-17T09:51:03.331+0800][23.209s][info][gc,metaspace   ] GC(521) Metaspace: 3161K(4864K)->3161K(4864K) NonClass: 2855K(4352K)->2855K(4352K) Class: 305K(512K)->305K(512K)
[2026-06-17T09:51:03.331+0800][23.209s][info][gc             ] GC(521) Pause Young (Allocation Failure) 52M->39M(61M) 2.322ms
[2026-06-17T09:51:03.331+0800][23.210s][info][gc,cpu         ] GC(521) User=0.00s Sys=0.00s Real=0.01s
[2026-06-17T09:51:03.374+0800][23.252s][info][gc,start       ] GC(522) Pause Young (Allocation Failure)
[2026-06-17T09:51:03.375+0800][23.253s][info][gc,start       ] GC(523) Pause Full (Allocation Failure)
[2026-06-17T09:51:03.375+0800][23.253s][info][gc,phases,start] GC(523) Phase 1: Mark live objects
[2026-06-17T09:51:03.377+0800][23.255s][info][gc,phases      ] GC(523) Phase 1: Mark live objects 1.541ms
[2026-06-17T09:51:03.378+0800][23.256s][info][gc,phases,start] GC(523) Phase 2: Compute new object addresses
[2026-06-17T09:51:03.378+0800][23.256s][info][gc,phases      ] GC(523) Phase 2: Compute new object addresses 0.819ms
[2026-06-17T09:51:03.379+0800][23.257s][info][gc,phases,start] GC(523) Phase 3: Adjust pointers
[2026-06-17T09:51:03.380+0800][23.258s][info][gc,phases      ] GC(523) Phase 3: Adjust pointers 0.958ms
[2026-06-17T09:51:03.380+0800][23.259s][info][gc,phases,start] GC(523) Phase 4: Move objects
[2026-06-17T09:51:03.384+0800][23.262s][info][gc,phases      ] GC(523) Phase 4: Move objects 3.300ms
[2026-06-17T09:51:03.384+0800][23.263s][info][gc             ] GC(523) Pause Full (Allocation Failure) 56M->32M(61M) 9.521ms
[2026-06-17T09:51:03.385+0800][23.263s][info][gc,heap        ] GC(522) DefNew: 19635K->0K(19648K)
[2026-06-17T09:51:03.386+0800][23.264s][info][gc,heap        ] GC(522) Tenured: 37907K->33135K(43712K)
[2026-06-17T09:51:03.386+0800][23.264s][info][gc,metaspace   ] GC(522) Metaspace: 3161K(4864K)->3161K(4864K) NonClass: 2855K(4352K)->2855K(4352K) Class: 305K(512K)->305K(512K)
[2026-06-17T09:51:03.386+0800][23.264s][info][gc             ] GC(522) Pause Young (Allocation Failure) 56M->32M(61M) 11.737ms
[2026-06-17T09:51:03.386+0800][23.264s][info][gc,cpu         ] GC(522) User=0.00s Sys=0.00s Real=0.01s
[2026-06-17T09:51:03.430+0800][23.308s][info][gc,start       ] GC(524) Pause Young (Allocation Failure)
[2026-06-17T09:51:03.433+0800][23.311s][info][gc,heap        ] GC(524) DefNew: 17347K->2146K(19648K)
[2026-06-17T09:51:03.433+0800][23.311s][info][gc,heap        ] GC(524) Tenured: 33135K->34355K(43712K)
[2026-06-17T09:51:03.434+0800][23.312s][info][gc,metaspace   ] GC(524) Metaspace: 3161K(4864K)->3161K(4864K) NonClass: 2855K(4352K)->2855K(4352K) Class: 305K(512K)->305K(512K)
[2026-06-17T09:51:03.435+0800][23.313s][info][gc             ] GC(524) Pause Young (Allocation Failure) 49M->35M(61M) 4.291ms
[2026-06-17T09:51:03.435+0800][23.313s][info][gc,cpu         ] GC(524) User=0.00s Sys=0.00s Real=0.01s
[2026-06-17T09:51:03.491+0800][23.369s][info][gc,start       ] GC(525) Pause Young (Allocation Failure)
[2026-06-17T09:51:03.492+0800][23.371s][info][gc,heap        ] GC(525) DefNew: 19618K->2155K(19648K)
[2026-06-17T09:51:03.493+0800][23.371s][info][gc,heap        ] GC(525) Tenured: 34355K->37828K(43712K)
[2026-06-17T09:51:03.494+0800][23.372s][info][gc,metaspace   ] GC(525) Metaspace: 3161K(4864K)->3161K(4864K) NonClass: 2855K(4352K)->2855K(4352K) Class: 305K(512K)->305K(512K)
[2026-06-17T09:51:03.495+0800][23.373s][info][gc             ] GC(525) Pause Young (Allocation Failure) 52M->39M(61M) 4.433ms
[2026-06-17T09:51:03.495+0800][23.374s][info][gc,cpu         ] GC(525) User=0.00s Sys=0.00s Real=0.00s
[2026-06-17T09:51:03.540+0800][23.418s][info][gc,start       ] GC(526) Pause Young (Allocation Failure)
[2026-06-17T09:51:03.541+0800][23.419s][info][gc,start       ] GC(527) Pause Full (Allocation Failure)
[2026-06-17T09:51:03.542+0800][23.420s][info][gc,phases,start] GC(527) Phase 1: Mark live objects
[2026-06-17T09:51:03.543+0800][23.422s][info][gc,phases      ] GC(527) Phase 1: Mark live objects 1.643ms
[2026-06-17T09:51:03.544+0800][23.422s][info][gc,phases,start] GC(527) Phase 2: Compute new object addresses
[2026-06-17T09:51:03.545+0800][23.423s][info][gc,phases      ] GC(527) Phase 2: Compute new object addresses 0.745ms
[2026-06-17T09:51:03.545+0800][23.423s][info][gc,phases,start] GC(527) Phase 3: Adjust pointers
[2026-06-17T09:51:03.546+0800][23.424s][info][gc,phases      ] GC(527) Phase 3: Adjust pointers 0.842ms
[2026-06-17T09:51:03.547+0800][23.425s][info][gc,phases,start] GC(527) Phase 4: Move objects
[2026-06-17T09:51:03.550+0800][23.428s][info][gc,phases      ] GC(527) Phase 4: Move objects 3.212ms
[2026-06-17T09:51:03.550+0800][23.428s][info][gc             ] GC(527) Pause Full (Allocation Failure) 56M->29M(61M) 9.220ms
[2026-06-17T09:51:03.551+0800][23.429s][info][gc,heap        ] GC(526) DefNew: 19627K->0K(19648K)
[2026-06-17T09:51:03.551+0800][23.429s][info][gc,heap        ] GC(526) Tenured: 37828K->30660K(43712K)
[2026-06-17T09:51:03.552+0800][23.430s][info][gc,metaspace   ] GC(526) Metaspace: 3161K(4864K)->3161K(4864K) NonClass: 2855K(4352K)->2855K(4352K) Class: 305K(512K)->305K(512K)
[2026-06-17T09:51:03.552+0800][23.430s][info][gc             ] GC(526) Pause Young (Allocation Failure) 56M->29M(61M) 11.482ms
[2026-06-17T09:51:03.552+0800][23.430s][info][gc,cpu         ] GC(526) User=0.00s Sys=0.01s Real=0.02s
[2026-06-17T09:51:03.586+0800][23.464s][info][gc,start       ] GC(528) Pause Young (Allocation Failure)
[2026-06-17T09:51:03.588+0800][23.466s][info][gc,heap        ] GC(528) DefNew: 17112K->2143K(19648K)
[2026-06-17T09:51:03.590+0800][23.468s][info][gc,heap        ] GC(528) Tenured: 30660K->35054K(43712K)
[2026-06-17T09:51:03.591+0800][23.469s][info][gc,metaspace   ] GC(528) Metaspace: 3161K(4864K)->3161K(4864K) NonClass: 2855K(4352K)->2855K(4352K) Class: 305K(512K)->305K(512K)
[2026-06-17T09:51:03.591+0800][23.469s][info][gc             ] GC(528) Pause Young (Allocation Failure) 46M->36M(61M) 5.664ms
[2026-06-17T09:51:03.592+0800][23.470s][info][gc,cpu         ] GC(528) User=0.00s Sys=0.00s Real=0.01s
[2026-06-17T09:51:03.646+0800][23.524s][info][gc,start       ] GC(529) Pause Young (Allocation Failure)
[2026-06-17T09:51:03.648+0800][23.526s][info][gc,heap        ] GC(529) DefNew: 19593K->2129K(19648K)
[2026-06-17T09:51:03.649+0800][23.527s][info][gc,heap        ] GC(529) Tenured: 35054K->38548K(43712K)
[2026-06-17T09:51:03.649+0800][23.527s][info][gc,metaspace   ] GC(529) Metaspace: 3161K(4864K)->3161K(4864K) NonClass: 2855K(4352K)->2855K(4352K) Class: 305K(512K)->305K(512K)
[2026-06-17T09:51:03.650+0800][23.528s][info][gc             ] GC(529) Pause Young (Allocation Failure) 53M->39M(61M) 3.176ms
[2026-06-17T09:51:03.650+0800][23.528s][info][gc,cpu         ] GC(529) User=0.00s Sys=0.00s Real=0.00s
[2026-06-17T09:51:03.695+0800][23.573s][info][gc,start       ] GC(530) Pause Young (Allocation Failure)
[2026-06-17T09:51:03.695+0800][23.573s][info][gc,start       ] GC(531) Pause Full (Allocation Failure)
[2026-06-17T09:51:03.696+0800][23.574s][info][gc,phases,start] GC(531) Phase 1: Mark live objects
[2026-06-17T09:51:03.698+0800][23.576s][info][gc,phases      ] GC(531) Phase 1: Mark live objects 1.803ms
[2026-06-17T09:51:03.698+0800][23.576s][info][gc,phases,start] GC(531) Phase 2: Compute new object addresses
[2026-06-17T09:51:03.699+0800][23.577s][info][gc,phases      ] GC(531) Phase 2: Compute new object addresses 0.996ms
[2026-06-17T09:51:03.700+0800][23.578s][info][gc,phases,start] GC(531) Phase 3: Adjust pointers
[2026-06-17T09:51:03.701+0800][23.579s][info][gc,phases      ] GC(531) Phase 3: Adjust pointers 1.390ms
[2026-06-17T09:51:03.702+0800][23.580s][info][gc,phases,start] GC(531) Phase 4: Move objects
[2026-06-17T09:51:03.705+0800][23.583s][info][gc,phases      ] GC(531) Phase 4: Move objects 3.628ms
[2026-06-17T09:51:03.706+0800][23.584s][info][gc             ] GC(531) Pause Full (Allocation Failure) 56M->29M(61M) 10.709ms
[2026-06-17T09:51:03.706+0800][23.584s][info][gc,heap        ] GC(530) DefNew: 19573K->0K(19648K)
[2026-06-17T09:51:03.707+0800][23.585s][info][gc,heap        ] GC(530) Tenured: 38548K->30409K(43712K)
[2026-06-17T09:51:03.707+0800][23.586s][info][gc,metaspace   ] GC(530) Metaspace: 3161K(4864K)->3161K(4864K) NonClass: 2855K(4352K)->2855K(4352K) Class: 305K(512K)->305K(512K)
[2026-06-17T09:51:03.708+0800][23.586s][info][gc             ] GC(530) Pause Young (Allocation Failure) 56M->29M(61M) 13.341ms
[2026-06-17T09:51:03.708+0800][23.587s][info][gc,cpu         ] GC(530) User=0.00s Sys=0.00s Real=0.01s
[2026-06-17T09:51:03.753+0800][23.631s][info][gc,start       ] GC(532) Pause Young (Allocation Failure)
[2026-06-17T09:51:03.756+0800][23.634s][info][gc,heap        ] GC(532) DefNew: 17445K->2172K(19648K)
[2026-06-17T09:51:03.756+0800][23.634s][info][gc,heap        ] GC(532) Tenured: 30409K->35451K(43712K)
[2026-06-17T09:51:03.757+0800][23.635s][info][gc,metaspace   ] GC(532) Metaspace: 3161K(4864K)->3161K(4864K) NonClass: 2855K(4352K)->2855K(4352K) Class: 305K(512K)->305K(512K)
[2026-06-17T09:51:03.757+0800][23.635s][info][gc             ] GC(532) Pause Young (Allocation Failure) 46M->36M(61M) 4.676ms
[2026-06-17T09:51:03.758+0800][23.636s][info][gc,cpu         ] GC(532) User=0.00s Sys=0.00s Real=0.00s
[2026-06-17T09:51:03.813+0800][23.691s][info][gc,start       ] GC(533) Pause Young (Allocation Failure)
[2026-06-17T09:51:03.815+0800][23.693s][info][gc,heap        ] GC(533) DefNew: 19644K->2071K(19648K)
[2026-06-17T09:51:03.816+0800][23.694s][info][gc,heap        ] GC(533) Tenured: 35451K->37362K(43712K)
[2026-06-17T09:51:03.816+0800][23.694s][info][gc,metaspace   ] GC(533) Metaspace: 3161K(4864K)->3161K(4864K) NonClass: 2855K(4352K)->2855K(4352K) Class: 305K(512K)->305K(512K)
[2026-06-17T09:51:03.817+0800][23.695s][info][gc             ] GC(533) Pause Young (Allocation Failure) 53M->38M(61M) 3.759ms
[2026-06-17T09:51:03.818+0800][23.696s][info][gc,cpu         ] GC(533) User=0.01s Sys=0.00s Real=0.00s
[2026-06-17T09:51:03.862+0800][23.740s][info][gc,start       ] GC(534) Pause Young (Allocation Failure)
[2026-06-17T09:51:03.864+0800][23.742s][info][gc,heap        ] GC(534) DefNew: 19533K->2107K(19648K)
[2026-06-17T09:51:03.865+0800][23.743s][info][gc,heap        ] GC(534) Tenured: 37362K->41080K(43712K)
[2026-06-17T09:51:03.866+0800][23.744s][info][gc,metaspace   ] GC(534) Metaspace: 3161K(4864K)->3161K(4864K) NonClass: 2855K(4352K)->2855K(4352K) Class: 305K(512K)->305K(512K)
[2026-06-17T09:51:03.866+0800][23.744s][info][gc             ] GC(534) Pause Young (Allocation Failure) 55M->42M(61M) 4.404ms
[2026-06-17T09:51:03.867+0800][23.745s][info][gc,cpu         ] GC(534) User=0.00s Sys=0.00s Real=0.01s
[2026-06-17T09:51:03.911+0800][23.789s][info][gc,start       ] GC(535) Pause Young (Allocation Failure)
[2026-06-17T09:51:03.937+0800][23.815s][info][gc,start       ] GC(536) Pause Full (Allocation Failure)
[2026-06-17T09:51:03.957+0800][23.835s][info][gc,phases,start] GC(536) Phase 1: Mark live objects
[2026-06-17T09:51:03.959+0800][23.838s][info][gc,phases      ] GC(536) Phase 1: Mark live objects 2.155ms
[2026-06-17T09:51:03.999+0800][23.877s][info][gc,phases,start] GC(536) Phase 2: Compute new object addresses
[2026-06-17T09:51:04.000+0800][23.878s][info][gc,phases      ] GC(536) Phase 2: Compute new object addresses 0.995ms
[2026-06-17T09:51:04.001+0800][23.879s][info][gc,phases,start] GC(536) Phase 3: Adjust pointers
[2026-06-17T09:51:04.002+0800][23.880s][info][gc,phases      ] GC(536) Phase 3: Adjust pointers 1.137ms
[2026-06-17T09:51:04.003+0800][23.881s][info][gc,phases,start] GC(536) Phase 4: Move objects
[2026-06-17T09:51:04.008+0800][23.886s][info][gc,phases      ] GC(536) Phase 4: Move objects 5.163ms
[2026-06-17T09:51:04.009+0800][23.887s][info][gc             ] GC(536) Pause Full (Allocation Failure) 59M->25M(61M) 71.866ms
[2026-06-17T09:51:04.009+0800][23.887s][info][gc,heap        ] GC(535) DefNew: 19579K->0K(19648K)
[2026-06-17T09:51:04.010+0800][23.888s][info][gc,heap        ] GC(535) Tenured: 41080K->26565K(43712K)
[2026-06-17T09:51:04.010+0800][23.888s][info][gc,metaspace   ] GC(535) Metaspace: 3161K(4864K)->3161K(4864K) NonClass: 2855K(4352K)->2855K(4352K) Class: 305K(512K)->305K(512K)
[2026-06-17T09:51:04.011+0800][23.889s][info][gc             ] GC(535) Pause Young (Allocation Failure) 59M->25M(61M) 99.965ms
[2026-06-17T09:51:04.012+0800][23.890s][info][gc,cpu         ] GC(535) User=0.01s Sys=0.00s Real=0.10s
[2026-06-17T09:51:04.057+0800][23.935s][info][gc,start       ] GC(537) Pause Young (Allocation Failure)
[2026-06-17T09:51:04.059+0800][23.937s][info][gc,heap        ] GC(537) DefNew: 17456K->2171K(19648K)
[2026-06-17T09:51:04.059+0800][23.937s][info][gc,heap        ] GC(537) Tenured: 26565K->31367K(43712K)
[2026-06-17T09:51:04.059+0800][23.937s][info][gc,metaspace   ] GC(537) Metaspace: 3161K(4864K)->3161K(4864K) NonClass: 2855K(4352K)->2855K(4352K) Class: 305K(512K)->305K(512K)
[2026-06-17T09:51:04.059+0800][23.938s][info][gc             ] GC(537) Pause Young (Allocation Failure) 42M->32M(61M) 2.303ms
[2026-06-17T09:51:04.060+0800][23.938s][info][gc,cpu         ] GC(537) User=0.01s Sys=0.00s Real=0.00s
[2026-06-17T09:51:04.102+0800][23.980s][info][gc,start       ] GC(538) Pause Young (Allocation Failure)
[2026-06-17T09:51:04.104+0800][23.983s][info][gc,heap        ] GC(538) DefNew: 19614K->2173K(19648K)
[2026-06-17T09:51:04.105+0800][23.983s][info][gc,heap        ] GC(538) Tenured: 31367K->38079K(43712K)
[2026-06-17T09:51:04.105+0800][23.983s][info][gc,metaspace   ] GC(538) Metaspace: 3161K(4864K)->3161K(4864K) NonClass: 2855K(4352K)->2855K(4352K) Class: 305K(512K)->305K(512K)
[2026-06-17T09:51:04.106+0800][23.984s][info][gc             ] GC(538) Pause Young (Allocation Failure) 49M->39M(61M) 3.355ms
[2026-06-17T09:51:04.107+0800][23.985s][info][gc,cpu         ] GC(538) User=0.00s Sys=0.00s Real=0.01s
[2026-06-17T09:51:04.159+0800][24.037s][info][gc,start       ] GC(539) Pause Young (Allocation Failure)
[2026-06-17T09:51:04.159+0800][24.037s][info][gc,start       ] GC(540) Pause Full (Allocation Failure)
[2026-06-17T09:51:04.160+0800][24.038s][info][gc,phases,start] GC(540) Phase 1: Mark live objects
[2026-06-17T09:51:04.160+0800][24.038s][info][gc,phases      ] GC(540) Phase 1: Mark live objects 0.715ms
[2026-06-17T09:51:04.160+0800][24.039s][info][gc,phases,start] GC(540) Phase 2: Compute new object addresses
[2026-06-17T09:51:04.161+0800][24.039s][info][gc,phases      ] GC(540) Phase 2: Compute new object addresses 0.404ms
[2026-06-17T09:51:04.161+0800][24.039s][info][gc,phases,start] GC(540) Phase 3: Adjust pointers
[2026-06-17T09:51:04.161+0800][24.040s][info][gc,phases      ] GC(540) Phase 3: Adjust pointers 0.427ms
[2026-06-17T09:51:04.162+0800][24.040s][info][gc,phases,start] GC(540) Phase 4: Move objects
[2026-06-17T09:51:04.163+0800][24.042s][info][gc,phases      ] GC(540) Phase 4: Move objects 1.801ms
[2026-06-17T09:51:04.164+0800][24.042s][info][gc             ] GC(540) Pause Full (Allocation Failure) 56M->23M(61M) 4.382ms
[2026-06-17T09:51:04.164+0800][24.042s][info][gc,heap        ] GC(539) DefNew: 19624K->0K(19648K)
[2026-06-17T09:51:04.164+0800][24.042s][info][gc,heap        ] GC(539) Tenured: 38079K->24472K(43712K)
[2026-06-17T09:51:04.164+0800][24.042s][info][gc,metaspace   ] GC(539) Metaspace: 3161K(4864K)->3161K(4864K) NonClass: 2855K(4352K)->2855K(4352K) Class: 305K(512K)->305K(512K)
[2026-06-17T09:51:04.164+0800][24.042s][info][gc             ] GC(539) Pause Young (Allocation Failure) 56M->23M(61M) 5.336ms
[2026-06-17T09:51:04.164+0800][24.043s][info][gc,cpu         ] GC(539) User=0.00s Sys=0.00s Real=0.01s
[2026-06-17T09:51:04.207+0800][24.085s][info][gc,start       ] GC(541) Pause Young (Allocation Failure)
[2026-06-17T09:51:04.210+0800][24.088s][info][gc,heap        ] GC(541) DefNew: 17427K->2175K(19648K)
[2026-06-17T09:51:04.210+0800][24.088s][info][gc,heap        ] GC(541) Tenured: 24472K->28601K(43712K)
[2026-06-17T09:51:04.211+0800][24.089s][info][gc,metaspace   ] GC(541) Metaspace: 3161K(4864K)->3161K(4864K) NonClass: 2855K(4352K)->2855K(4352K) Class: 305K(512K)->305K(512K)
[2026-06-17T09:51:04.212+0800][24.090s][info][gc             ] GC(541) Pause Young (Allocation Failure) 40M->30M(61M) 4.361ms
[2026-06-17T09:51:04.212+0800][24.090s][info][gc,cpu         ] GC(541) User=0.00s Sys=0.00s Real=0.01s
[2026-06-17T09:51:04.256+0800][24.134s][info][gc,start       ] GC(542) Pause Young (Allocation Failure)
[2026-06-17T09:51:04.257+0800][24.135s][info][gc,heap        ] GC(542) DefNew: 19647K->2172K(19648K)
[2026-06-17T09:51:04.257+0800][24.135s][info][gc,heap        ] GC(542) Tenured: 28601K->35627K(43712K)
[2026-06-17T09:51:04.257+0800][24.135s][info][gc,metaspace   ] GC(542) Metaspace: 3161K(4864K)->3161K(4864K) NonClass: 2855K(4352K)->2855K(4352K) Class: 305K(512K)->305K(512K)
[2026-06-17T09:51:04.257+0800][24.136s][info][gc             ] GC(542) Pause Young (Allocation Failure) 47M->36M(61M) 1.805ms
[2026-06-17T09:51:04.258+0800][24.136s][info][gc,cpu         ] GC(542) User=0.00s Sys=0.00s Real=0.00s
[2026-06-17T09:51:04.300+0800][24.178s][info][gc,start       ] GC(543) Pause Young (Allocation Failure)
[2026-06-17T09:51:04.301+0800][24.179s][info][gc,start       ] GC(544) Pause Full (Allocation Failure)
[2026-06-17T09:51:04.302+0800][24.180s][info][gc,phases,start] GC(544) Phase 1: Mark live objects
[2026-06-17T09:51:04.307+0800][24.185s][info][gc,phases      ] GC(544) Phase 1: Mark live objects 4.515ms
[2026-06-17T09:51:04.307+0800][24.185s][info][gc,phases,start] GC(544) Phase 2: Compute new object addresses
[2026-06-17T09:51:04.308+0800][24.186s][info][gc,phases      ] GC(544) Phase 2: Compute new object addresses 1.031ms
[2026-06-17T09:51:04.309+0800][24.187s][info][gc,phases,start] GC(544) Phase 3: Adjust pointers
[2026-06-17T09:51:04.310+0800][24.188s][info][gc,phases      ] GC(544) Phase 3: Adjust pointers 1.177ms
[2026-06-17T09:51:04.311+0800][24.189s][info][gc,phases,start] GC(544) Phase 4: Move objects
[2026-06-17T09:51:04.314+0800][24.192s][info][gc,phases      ] GC(544) Phase 4: Move objects 3.175ms
[2026-06-17T09:51:04.316+0800][24.194s][info][gc             ] GC(544) Pause Full (Allocation Failure) 53M->24M(61M) 14.283ms
[2026-06-17T09:51:04.317+0800][24.195s][info][gc,heap        ] GC(543) DefNew: 19644K->0K(19648K)
[2026-06-17T09:51:04.317+0800][24.195s][info][gc,heap        ] GC(543) Tenured: 35627K->24858K(43712K)
[2026-06-17T09:51:04.318+0800][24.196s][info][gc,metaspace   ] GC(543) Metaspace: 3161K(4864K)->3161K(4864K) NonClass: 2855K(4352K)->2855K(4352K) Class: 305K(512K)->305K(512K)
[2026-06-17T09:51:04.319+0800][24.197s][info][gc             ] GC(543) Pause Young (Allocation Failure) 53M->24M(61M) 18.216ms
[2026-06-17T09:51:04.319+0800][24.197s][info][gc,cpu         ] GC(543) User=0.01s Sys=0.00s Real=0.02s
[2026-06-17T09:51:04.364+0800][24.242s][info][gc,start       ] GC(545) Pause Young (Allocation Failure)
[2026-06-17T09:51:04.365+0800][24.243s][info][gc,heap        ] GC(545) DefNew: 17454K->2175K(19648K)
[2026-06-17T09:51:04.365+0800][24.243s][info][gc,heap        ] GC(545) Tenured: 24858K->30453K(43712K)
[2026-06-17T09:51:04.365+0800][24.243s][info][gc,metaspace   ] GC(545) Metaspace: 3161K(4864K)->3161K(4864K) NonClass: 2855K(4352K)->2855K(4352K) Class: 305K(512K)->305K(512K)
[2026-06-17T09:51:04.365+0800][24.243s][info][gc             ] GC(545) Pause Young (Allocation Failure) 41M->31M(61M) 1.635ms
[2026-06-17T09:51:04.365+0800][24.244s][info][gc,cpu         ] GC(545) User=0.00s Sys=0.00s Real=0.00s
[2026-06-17T09:51:04.418+0800][24.296s][info][gc,start       ] GC(546) Pause Young (Allocation Failure)
[2026-06-17T09:51:04.419+0800][24.297s][info][gc,heap        ] GC(546) DefNew: 19602K->2026K(19648K)
[2026-06-17T09:51:04.419+0800][24.297s][info][gc,heap        ] GC(546) Tenured: 30453K->31931K(43712K)
[2026-06-17T09:51:04.419+0800][24.297s][info][gc,metaspace   ] GC(546) Metaspace: 3161K(4864K)->3161K(4864K) NonClass: 2855K(4352K)->2855K(4352K) Class: 305K(512K)->305K(512K)
[2026-06-17T09:51:04.419+0800][24.297s][info][gc             ] GC(546) Pause Young (Allocation Failure) 48M->33M(61M) 1.211ms
[2026-06-17T09:51:04.419+0800][24.297s][info][gc,cpu         ] GC(546) User=0.00s Sys=0.00s Real=0.00s
[2026-06-17T09:51:04.462+0800][24.340s][info][gc,start       ] GC(547) Pause Young (Allocation Failure)
[2026-06-17T09:51:04.464+0800][24.342s][info][gc,heap        ] GC(547) DefNew: 19495K->2173K(19648K)
[2026-06-17T09:51:04.464+0800][24.342s][info][gc,heap        ] GC(547) Tenured: 31931K->35304K(43712K)
[2026-06-17T09:51:04.464+0800][24.342s][info][gc,metaspace   ] GC(547) Metaspace: 3161K(4864K)->3161K(4864K) NonClass: 2855K(4352K)->2855K(4352K) Class: 305K(512K)->305K(512K)
[2026-06-17T09:51:04.465+0800][24.343s][info][gc             ] GC(547) Pause Young (Allocation Failure) 50M->36M(61M) 2.944ms
[2026-06-17T09:51:04.465+0800][24.343s][info][gc,cpu         ] GC(547) User=0.00s Sys=0.00s Real=0.01s
[2026-06-17T09:51:04.509+0800][24.387s][info][gc,start       ] GC(548) Pause Young (Allocation Failure)
[2026-06-17T09:51:04.510+0800][24.388s][info][gc,heap        ] GC(548) DefNew: 19597K->2132K(19648K)
[2026-06-17T09:51:04.510+0800][24.388s][info][gc,heap        ] GC(548) Tenured: 35304K->38632K(43712K)
[2026-06-17T09:51:04.511+0800][24.389s][info][gc,metaspace   ] GC(548) Metaspace: 3161K(4864K)->3161K(4864K) NonClass: 2855K(4352K)->2855K(4352K) Class: 305K(512K)->305K(512K)
[2026-06-17T09:51:04.511+0800][24.389s][info][gc             ] GC(548) Pause Young (Allocation Failure) 53M->39M(61M) 2.310ms
[2026-06-17T09:51:04.511+0800][24.389s][info][gc,cpu         ] GC(548) User=0.00s Sys=0.00s Real=0.01s
[2026-06-17T09:51:04.553+0800][24.431s][info][gc,start       ] GC(549) Pause Young (Allocation Failure)
[2026-06-17T09:51:04.554+0800][24.432s][info][gc,start       ] GC(550) Pause Full (Allocation Failure)
[2026-06-17T09:51:04.554+0800][24.432s][info][gc,phases,start] GC(550) Phase 1: Mark live objects
[2026-06-17T09:51:04.555+0800][24.433s][info][gc,phases      ] GC(550) Phase 1: Mark live objects 1.003ms
[2026-06-17T09:51:04.555+0800][24.433s][info][gc,phases,start] GC(550) Phase 2: Compute new object addresses
[2026-06-17T09:51:04.555+0800][24.433s][info][gc,phases      ] GC(550) Phase 2: Compute new object addresses 0.343ms
[2026-06-17T09:51:04.555+0800][24.434s][info][gc,phases,start] GC(550) Phase 3: Adjust pointers
[2026-06-17T09:51:04.556+0800][24.434s][info][gc,phases      ] GC(550) Phase 3: Adjust pointers 0.348ms
[2026-06-17T09:51:04.556+0800][24.434s][info][gc,phases,start] GC(550) Phase 4: Move objects
[2026-06-17T09:51:04.558+0800][24.436s][info][gc,phases      ] GC(550) Phase 4: Move objects 1.957ms
[2026-06-17T09:51:04.558+0800][24.436s][info][gc             ] GC(550) Pause Full (Allocation Failure) 56M->29M(61M) 4.556ms
[2026-06-17T09:51:04.558+0800][24.436s][info][gc,heap        ] GC(549) DefNew: 19574K->0K(19648K)
[2026-06-17T09:51:04.558+0800][24.436s][info][gc,heap        ] GC(549) Tenured: 38632K->30601K(43712K)
[2026-06-17T09:51:04.558+0800][24.436s][info][gc,metaspace   ] GC(549) Metaspace: 3161K(4864K)->3161K(4864K) NonClass: 2855K(4352K)->2855K(4352K) Class: 305K(512K)->305K(512K)
[2026-06-17T09:51:04.559+0800][24.437s][info][gc             ] GC(549) Pause Young (Allocation Failure) 56M->29M(61M) 5.220ms
[2026-06-17T09:51:04.559+0800][24.437s][info][gc,cpu         ] GC(549) User=0.00s Sys=0.00s Real=0.00s
[2026-06-17T09:51:04.601+0800][24.479s][info][gc,start       ] GC(551) Pause Young (Allocation Failure)
[2026-06-17T09:51:04.603+0800][24.481s][info][gc,heap        ] GC(551) DefNew: 17436K->2174K(19648K)
[2026-06-17T09:51:04.603+0800][24.481s][info][gc,heap        ] GC(551) Tenured: 30601K->35284K(43712K)
[2026-06-17T09:51:04.604+0800][24.482s][info][gc,metaspace   ] GC(551) Metaspace: 3161K(4864K)->3161K(4864K) NonClass: 2855K(4352K)->2855K(4352K) Class: 305K(512K)->305K(512K)
[2026-06-17T09:51:04.604+0800][24.482s][info][gc             ] GC(551) Pause Young (Allocation Failure) 46M->36M(61M) 3.505ms
[2026-06-17T09:51:04.605+0800][24.483s][info][gc,cpu         ] GC(551) User=0.00s Sys=0.00s Real=0.01s
[2026-06-17T09:51:04.658+0800][24.537s][info][gc,start       ] GC(552) Pause Young (Allocation Failure)
[2026-06-17T09:51:04.659+0800][24.537s][info][gc,heap        ] GC(552) DefNew: 19615K->2166K(19648K)
[2026-06-17T09:51:04.660+0800][24.538s][info][gc,heap        ] GC(552) Tenured: 35284K->36179K(43712K)
[2026-06-17T09:51:04.660+0800][24.538s][info][gc,metaspace   ] GC(552) Metaspace: 3161K(4864K)->3161K(4864K) NonClass: 2855K(4352K)->2855K(4352K) Class: 305K(512K)->305K(512K)
[2026-06-17T09:51:04.660+0800][24.538s][info][gc             ] GC(552) Pause Young (Allocation Failure) 53M->37M(61M) 1.605ms
[2026-06-17T09:51:04.660+0800][24.538s][info][gc,cpu         ] GC(552) User=0.00s Sys=0.00s Real=0.00s
[2026-06-17T09:51:04.694+0800][24.572s][info][gc,start       ] GC(553) Pause Young (Allocation Failure)
[2026-06-17T09:51:04.696+0800][24.574s][info][gc,heap        ] GC(553) DefNew: 19349K->2096K(19648K)
[2026-06-17T09:51:04.697+0800][24.575s][info][gc,heap        ] GC(553) Tenured: 36179K->40009K(43712K)
[2026-06-17T09:51:04.697+0800][24.575s][info][gc,metaspace   ] GC(553) Metaspace: 3161K(4864K)->3161K(4864K) NonClass: 2855K(4352K)->2855K(4352K) Class: 305K(512K)->305K(512K)
[2026-06-17T09:51:04.698+0800][24.576s][info][gc             ] GC(553) Pause Young (Allocation Failure) 54M->41M(61M) 4.511ms
[2026-06-17T09:51:04.699+0800][24.577s][info][gc,cpu         ] GC(553) User=0.01s Sys=0.00s Real=0.00s
[2026-06-17T09:51:04.754+0800][24.633s][info][gc,start       ] GC(554) Pause Young (Allocation Failure)
[2026-06-17T09:51:04.755+0800][24.634s][info][gc,start       ] GC(555) Pause Full (Allocation Failure)
[2026-06-17T09:51:04.756+0800][24.634s][info][gc,phases,start] GC(555) Phase 1: Mark live objects
[2026-06-17T09:51:04.759+0800][24.637s][info][gc,phases      ] GC(555) Phase 1: Mark live objects 2.367ms
[2026-06-17T09:51:04.759+0800][24.637s][info][gc,phases,start] GC(555) Phase 2: Compute new object addresses
[2026-06-17T09:51:04.760+0800][24.638s][info][gc,phases      ] GC(555) Phase 2: Compute new object addresses 1.144ms
[2026-06-17T09:51:04.762+0800][24.640s][info][gc,phases,start] GC(555) Phase 3: Adjust pointers
[2026-06-17T09:51:04.763+0800][24.641s][info][gc,phases      ] GC(555) Phase 3: Adjust pointers 1.147ms
[2026-06-17T09:51:04.763+0800][24.641s][info][gc,phases,start] GC(555) Phase 4: Move objects
[2026-06-17T09:51:04.767+0800][24.646s][info][gc,phases      ] GC(555) Phase 4: Move objects 4.105ms
[2026-06-17T09:51:04.768+0800][24.646s][info][gc             ] GC(555) Pause Full (Allocation Failure) 58M->30M(61M) 12.638ms
[2026-06-17T09:51:04.769+0800][24.647s][info][gc,heap        ] GC(554) DefNew: 19522K->0K(19648K)
[2026-06-17T09:51:04.769+0800][24.647s][info][gc,heap        ] GC(554) Tenured: 40009K->30907K(43712K)
[2026-06-17T09:51:04.770+0800][24.648s][info][gc,metaspace   ] GC(554) Metaspace: 3161K(4864K)->3161K(4864K) NonClass: 2855K(4352K)->2855K(4352K) Class: 305K(512K)->305K(512K)
[2026-06-17T09:51:04.770+0800][24.648s][info][gc             ] GC(554) Pause Young (Allocation Failure) 58M->30M(61M) 15.771ms
[2026-06-17T09:51:04.771+0800][24.649s][info][gc,cpu         ] GC(554) User=0.01s Sys=0.00s Real=0.02s
[2026-06-17T09:51:04.816+0800][24.694s][info][gc,start       ] GC(556) Pause Young (Allocation Failure)
[2026-06-17T09:51:04.818+0800][24.696s][info][gc,heap        ] GC(556) DefNew: 17455K->2174K(19648K)
[2026-06-17T09:51:04.819+0800][24.697s][info][gc,heap        ] GC(556) Tenured: 30907K->35828K(43712K)
[2026-06-17T09:51:04.820+0800][24.698s][info][gc,metaspace   ] GC(556) Metaspace: 3161K(4864K)->3161K(4864K) NonClass: 2855K(4352K)->2855K(4352K) Class: 305K(512K)->305K(512K)
[2026-06-17T09:51:04.820+0800][24.698s][info][gc             ] GC(556) Pause Young (Allocation Failure) 47M->37M(61M) 4.491ms
[2026-06-17T09:51:04.821+0800][24.699s][info][gc,cpu         ] GC(556) User=0.00s Sys=0.00s Real=0.00s
[2026-06-17T09:51:04.865+0800][24.743s][info][gc,start       ] GC(557) Pause Young (Allocation Failure)
[2026-06-17T09:51:04.869+0800][24.747s][info][gc,heap        ] GC(557) DefNew: 19635K->2151K(19648K)
[2026-06-17T09:51:04.871+0800][24.749s][info][gc,heap        ] GC(557) Tenured: 35828K->41642K(43712K)
[2026-06-17T09:51:04.875+0800][24.753s][info][gc,metaspace   ] GC(557) Metaspace: 3161K(4864K)->3161K(4864K) NonClass: 2855K(4352K)->2855K(4352K) Class: 305K(512K)->305K(512K)
[2026-06-17T09:51:04.876+0800][24.754s][info][gc             ] GC(557) Pause Young (Allocation Failure) 54M->42M(61M) 10.772ms
[2026-06-17T09:51:04.877+0800][24.755s][info][gc,cpu         ] GC(557) User=0.01s Sys=0.00s Real=0.01s
[2026-06-17T09:51:04.920+0800][24.798s][info][gc,start       ] GC(558) Pause Young (Allocation Failure)
[2026-06-17T09:51:04.920+0800][24.799s][info][gc,start       ] GC(559) Pause Full (Allocation Failure)
[2026-06-17T09:51:04.921+0800][24.799s][info][gc,phases,start] GC(559) Phase 1: Mark live objects
[2026-06-17T09:51:04.921+0800][24.799s][info][gc,phases      ] GC(559) Phase 1: Mark live objects 0.623ms
[2026-06-17T09:51:04.922+0800][24.800s][info][gc,phases,start] GC(559) Phase 2: Compute new object addresses
[2026-06-17T09:51:04.922+0800][24.800s][info][gc,phases      ] GC(559) Phase 2: Compute new object addresses 0.428ms
[2026-06-17T09:51:04.922+0800][24.800s][info][gc,phases,start] GC(559) Phase 3: Adjust pointers
[2026-06-17T09:51:04.923+0800][24.801s][info][gc,phases      ] GC(559) Phase 3: Adjust pointers 0.374ms
[2026-06-17T09:51:04.923+0800][24.801s][info][gc,phases,start] GC(559) Phase 4: Move objects
[2026-06-17T09:51:04.925+0800][24.803s][info][gc,phases      ] GC(559) Phase 4: Move objects 2.337ms
[2026-06-17T09:51:04.925+0800][24.803s][info][gc             ] GC(559) Pause Full (Allocation Failure) 59M->26M(61M) 4.767ms
[2026-06-17T09:51:04.925+0800][24.803s][info][gc,heap        ] GC(558) DefNew: 19585K->0K(19648K)
[2026-06-17T09:51:04.925+0800][24.803s][info][gc,heap        ] GC(558) Tenured: 41642K->27412K(43712K)
[2026-06-17T09:51:04.926+0800][24.804s][info][gc,metaspace   ] GC(558) Metaspace: 3161K(4864K)->3161K(4864K) NonClass: 2855K(4352K)->2855K(4352K) Class: 305K(512K)->305K(512K)
[2026-06-17T09:51:04.926+0800][24.804s][info][gc             ] GC(558) Pause Young (Allocation Failure) 59M->26M(61M) 5.681ms
[2026-06-17T09:51:04.926+0800][24.804s][info][gc,cpu         ] GC(558) User=0.00s Sys=0.00s Real=0.01s
[2026-06-17T09:51:04.969+0800][24.847s][info][gc,start       ] GC(560) Pause Young (Allocation Failure)
[2026-06-17T09:51:04.971+0800][24.849s][info][gc,heap        ] GC(560) DefNew: 17259K->2063K(19648K)
[2026-06-17T09:51:04.972+0800][24.850s][info][gc,heap        ] GC(560) Tenured: 27412K->29277K(43712K)
[2026-06-17T09:51:04.972+0800][24.850s][info][gc,metaspace   ] GC(560) Metaspace: 3161K(4864K)->3161K(4864K) NonClass: 2855K(4352K)->2855K(4352K) Class: 305K(512K)->305K(512K)
[2026-06-17T09:51:04.973+0800][24.851s][info][gc             ] GC(560) Pause Young (Allocation Failure) 43M->30M(61M) 3.549ms
[2026-06-17T09:51:04.973+0800][24.851s][info][gc,cpu         ] GC(560) User=0.01s Sys=0.00s Real=0.01s
[2026-06-17T09:51:05.028+0800][24.906s][info][gc,start       ] GC(561) Pause Young (Allocation Failure)
[2026-06-17T09:51:05.030+0800][24.908s][info][gc,heap        ] GC(561) DefNew: 19535K->2041K(19648K)
[2026-06-17T09:51:05.031+0800][24.909s][info][gc,heap        ] GC(561) Tenured: 29277K->32678K(43712K)
[2026-06-17T09:51:05.032+0800][24.910s][info][gc,metaspace   ] GC(561) Metaspace: 3161K(4864K)->3161K(4864K) NonClass: 2855K(4352K)->2855K(4352K) Class: 305K(512K)->305K(512K)
[2026-06-17T09:51:05.032+0800][24.910s][info][gc             ] GC(561) Pause Young (Allocation Failure) 47M->33M(61M) 4.640ms
[2026-06-17T09:51:05.033+0800][24.911s][info][gc,cpu         ] GC(561) User=0.00s Sys=0.00s Real=0.01s
[2026-06-17T09:51:05.076+0800][24.954s][info][gc,start       ] GC(562) Pause Young (Allocation Failure)
[2026-06-17T09:51:05.079+0800][24.957s][info][gc,heap        ] GC(562) DefNew: 19513K->2099K(19648K)
[2026-06-17T09:51:05.079+0800][24.957s][info][gc,heap        ] GC(562) Tenured: 32678K->36204K(43712K)
[2026-06-17T09:51:05.080+0800][24.958s][info][gc,metaspace   ] GC(562) Metaspace: 3161K(4864K)->3161K(4864K) NonClass: 2855K(4352K)->2855K(4352K) Class: 305K(512K)->305K(512K)
[2026-06-17T09:51:05.080+0800][24.958s][info][gc             ] GC(562) Pause Young (Allocation Failure) 50M->37M(61M) 4.341ms
[2026-06-17T09:51:05.081+0800][24.959s][info][gc,cpu         ] GC(562) User=0.01s Sys=0.00s Real=0.00s
[2026-06-17T09:51:05.125+0800][25.003s][info][gc,start       ] GC(563) Pause Young (Allocation Failure)
[2026-06-17T09:51:05.127+0800][25.005s][info][gc,heap        ] GC(563) DefNew: 19571K->2163K(19648K)
[2026-06-17T09:51:05.128+0800][25.006s][info][gc,heap        ] GC(563) Tenured: 36204K->39674K(43712K)
[2026-06-17T09:51:05.129+0800][25.007s][info][gc,metaspace   ] GC(563) Metaspace: 3161K(4864K)->3161K(4864K) NonClass: 2855K(4352K)->2855K(4352K) Class: 305K(512K)->305K(512K)
[2026-06-17T09:51:05.131+0800][25.009s][info][gc             ] GC(563) Pause Young (Allocation Failure) 54M->40M(61M) 6.293ms
[2026-06-17T09:51:05.131+0800][25.010s][info][gc,cpu         ] GC(563) User=0.00s Sys=0.00s Real=0.01s
[2026-06-17T09:51:05.175+0800][25.053s][info][gc,start       ] GC(564) Pause Young (Allocation Failure)
[2026-06-17T09:51:05.175+0800][25.053s][info][gc,start       ] GC(565) Pause Full (Allocation Failure)
[2026-06-17T09:51:05.176+0800][25.054s][info][gc,phases,start] GC(565) Phase 1: Mark live objects
[2026-06-17T09:51:05.176+0800][25.054s][info][gc,phases      ] GC(565) Phase 1: Mark live objects 0.611ms
[2026-06-17T09:51:05.176+0800][25.054s][info][gc,phases,start] GC(565) Phase 2: Compute new object addresses
[2026-06-17T09:51:05.177+0800][25.055s][info][gc,phases      ] GC(565) Phase 2: Compute new object addresses 0.468ms
[2026-06-17T09:51:05.177+0800][25.055s][info][gc,phases,start] GC(565) Phase 3: Adjust pointers
[2026-06-17T09:51:05.177+0800][25.055s][info][gc,phases      ] GC(565) Phase 3: Adjust pointers 0.365ms
[2026-06-17T09:51:05.178+0800][25.056s][info][gc,phases,start] GC(565) Phase 4: Move objects
[2026-06-17T09:51:05.179+0800][25.057s][info][gc,phases      ] GC(565) Phase 4: Move objects 1.691ms
[2026-06-17T09:51:05.180+0800][25.058s][info][gc             ] GC(565) Pause Full (Allocation Failure) 57M->21M(61M) 4.235ms
[2026-06-17T09:51:05.180+0800][25.058s][info][gc,heap        ] GC(564) DefNew: 19617K->0K(19648K)
[2026-06-17T09:51:05.180+0800][25.058s][info][gc,heap        ] GC(564) Tenured: 39674K->22186K(43712K)
[2026-06-17T09:51:05.180+0800][25.058s][info][gc,metaspace   ] GC(564) Metaspace: 3161K(4864K)->3161K(4864K) NonClass: 2855K(4352K)->2855K(4352K) Class: 305K(512K)->305K(512K)
[2026-06-17T09:51:05.180+0800][25.058s][info][gc             ] GC(564) Pause Young (Allocation Failure) 57M->21M(61M) 5.131ms
[2026-06-17T09:51:05.180+0800][25.058s][info][gc,cpu         ] GC(564) User=0.00s Sys=0.00s Real=0.00s
[2026-06-17T09:51:05.226+0800][25.104s][info][gc,start       ] GC(566) Pause Young (Allocation Failure)
[2026-06-17T09:51:05.227+0800][25.105s][info][gc,heap        ] GC(566) DefNew: 17457K->2175K(19648K)
[2026-06-17T09:51:05.228+0800][25.106s][info][gc,heap        ] GC(566) Tenured: 22186K->27026K(43712K)
[2026-06-17T09:51:05.228+0800][25.106s][info][gc,metaspace   ] GC(566) Metaspace: 3161K(4864K)->3161K(4864K) NonClass: 2855K(4352K)->2855K(4352K) Class: 305K(512K)->305K(512K)
[2026-06-17T09:51:05.228+0800][25.106s][info][gc             ] GC(566) Pause Young (Allocation Failure) 38M->28M(61M) 2.438ms
[2026-06-17T09:51:05.229+0800][25.107s][info][gc,cpu         ] GC(566) User=0.00s Sys=0.00s Real=0.00s
[2026-06-17T09:51:05.273+0800][25.151s][info][gc,start       ] GC(567) Pause Young (Allocation Failure)
[2026-06-17T09:51:05.277+0800][25.155s][info][gc,heap        ] GC(567) DefNew: 19618K->2130K(19648K)
[2026-06-17T09:51:05.277+0800][25.155s][info][gc,heap        ] GC(567) Tenured: 27026K->33304K(43712K)
[2026-06-17T09:51:05.278+0800][25.156s][info][gc,metaspace   ] GC(567) Metaspace: 3161K(4864K)->3161K(4864K) NonClass: 2855K(4352K)->2855K(4352K) Class: 305K(512K)->305K(512K)
[2026-06-17T09:51:05.278+0800][25.156s][info][gc             ] GC(567) Pause Young (Allocation Failure) 45M->34M(61M) 5.441ms
[2026-06-17T09:51:05.279+0800][25.157s][info][gc,cpu         ] GC(567) User=0.00s Sys=0.00s Real=0.00s
[2026-06-17T09:51:05.323+0800][25.201s][info][gc,start       ] GC(568) Pause Young (Allocation Failure)
[2026-06-17T09:51:05.324+0800][25.202s][info][gc,heap        ] GC(568) DefNew: 19520K->1897K(19648K)
[2026-06-17T09:51:05.325+0800][25.203s][info][gc,heap        ] GC(568) Tenured: 33304K->33404K(43712K)
[2026-06-17T09:51:05.326+0800][25.204s][info][gc,metaspace   ] GC(568) Metaspace: 3161K(4864K)->3161K(4864K) NonClass: 2855K(4352K)->2855K(4352K) Class: 305K(512K)->305K(512K)
[2026-06-17T09:51:05.327+0800][25.205s][info][gc             ] GC(568) Pause Young (Allocation Failure) 51M->34M(61M) 3.810ms
[2026-06-17T09:51:05.327+0800][25.205s][info][gc,cpu         ] GC(568) User=0.00s Sys=0.00s Real=0.00s
[2026-06-17T09:51:05.370+0800][25.248s][info][gc,start       ] GC(569) Pause Young (Allocation Failure)
[2026-06-17T09:51:05.371+0800][25.249s][info][gc,heap        ] GC(569) DefNew: 19205K->2167K(19648K)
[2026-06-17T09:51:05.375+0800][25.253s][info][gc,heap        ] GC(569) Tenured: 33404K->36476K(43712K)
[2026-06-17T09:51:05.375+0800][25.253s][info][gc,metaspace   ] GC(569) Metaspace: 3161K(4864K)->3161K(4864K) NonClass: 2855K(4352K)->2855K(4352K) Class: 305K(512K)->305K(512K)
[2026-06-17T09:51:05.376+0800][25.254s][info][gc             ] GC(569) Pause Young (Allocation Failure) 51M->37M(61M) 5.358ms
[2026-06-17T09:51:05.376+0800][25.254s][info][gc,cpu         ] GC(569) User=0.00s Sys=0.00s Real=0.01s
[2026-06-17T09:51:05.418+0800][25.296s][info][gc,start       ] GC(570) Pause Young (Allocation Failure)
[2026-06-17T09:51:05.418+0800][25.297s][info][gc,start       ] GC(571) Pause Full (Allocation Failure)
[2026-06-17T09:51:05.419+0800][25.297s][info][gc,phases,start] GC(571) Phase 1: Mark live objects
[2026-06-17T09:51:05.419+0800][25.297s][info][gc,phases      ] GC(571) Phase 1: Mark live objects 0.687ms
[2026-06-17T09:51:05.419+0800][25.298s][info][gc,phases,start] GC(571) Phase 2: Compute new object addresses
[2026-06-17T09:51:05.420+0800][25.298s][info][gc,phases      ] GC(571) Phase 2: Compute new object addresses 0.300ms
[2026-06-17T09:51:05.420+0800][25.298s][info][gc,phases,start] GC(571) Phase 3: Adjust pointers
[2026-06-17T09:51:05.420+0800][25.298s][info][gc,phases      ] GC(571) Phase 3: Adjust pointers 0.349ms
[2026-06-17T09:51:05.420+0800][25.298s][info][gc,phases,start] GC(571) Phase 4: Move objects
[2026-06-17T09:51:05.423+0800][25.301s][info][gc,phases      ] GC(571) Phase 4: Move objects 2.298ms
[2026-06-17T09:51:05.423+0800][25.301s][info][gc             ] GC(571) Pause Full (Allocation Failure) 54M->28M(61M) 4.503ms
[2026-06-17T09:51:05.423+0800][25.301s][info][gc,heap        ] GC(570) DefNew: 19639K->0K(19648K)
[2026-06-17T09:51:05.423+0800][25.301s][info][gc,heap        ] GC(570) Tenured: 36476K->28844K(43712K)
[2026-06-17T09:51:05.423+0800][25.301s][info][gc,metaspace   ] GC(570) Metaspace: 3161K(4864K)->3161K(4864K) NonClass: 2855K(4352K)->2855K(4352K) Class: 305K(512K)->305K(512K)
[2026-06-17T09:51:05.423+0800][25.301s][info][gc             ] GC(570) Pause Young (Allocation Failure) 54M->28M(61M) 5.286ms
[2026-06-17T09:51:05.424+0800][25.302s][info][gc,cpu         ] GC(570) User=0.00s Sys=0.00s Real=0.01s
[2026-06-17T09:51:05.476+0800][25.354s][info][gc,start       ] GC(572) Pause Young (Allocation Failure)
[2026-06-17T09:51:05.478+0800][25.356s][info][gc,heap        ] GC(572) DefNew: 17424K->2151K(19648K)
[2026-06-17T09:51:05.479+0800][25.357s][info][gc,heap        ] GC(572) Tenured: 28844K->29936K(43712K)
[2026-06-17T09:51:05.479+0800][25.357s][info][gc,metaspace   ] GC(572) Metaspace: 3161K(4864K)->3161K(4864K) NonClass: 2855K(4352K)->2855K(4352K) Class: 305K(512K)->305K(512K)
[2026-06-17T09:51:05.480+0800][25.358s][info][gc             ] GC(572) Pause Young (Allocation Failure) 45M->31M(61M) 3.608ms
[2026-06-17T09:51:05.481+0800][25.359s][info][gc,cpu         ] GC(572) User=0.00s Sys=0.00s Real=0.00s
[2026-06-17T09:51:05.525+0800][25.403s][info][gc,start       ] GC(573) Pause Young (Allocation Failure)
[2026-06-17T09:51:05.527+0800][25.405s][info][gc,heap        ] GC(573) DefNew: 19593K->2158K(19648K)
[2026-06-17T09:51:05.528+0800][25.406s][info][gc,heap        ] GC(573) Tenured: 29936K->33729K(43712K)
[2026-06-17T09:51:05.528+0800][25.406s][info][gc,metaspace   ] GC(573) Metaspace: 3161K(4864K)->3161K(4864K) NonClass: 2855K(4352K)->2855K(4352K) Class: 305K(512K)->305K(512K)
[2026-06-17T09:51:05.528+0800][25.406s][info][gc             ] GC(573) Pause Young (Allocation Failure) 48M->35M(61M) 2.863ms
[2026-06-17T09:51:05.528+0800][25.406s][info][gc,cpu         ] GC(573) User=0.00s Sys=0.00s Real=0.00s
[2026-06-17T09:51:05.571+0800][25.449s][info][gc,start       ] GC(574) Pause Young (Allocation Failure)
[2026-06-17T09:51:05.573+0800][25.451s][info][gc,heap        ] GC(574) DefNew: 19573K->2166K(19648K)
[2026-06-17T09:51:05.573+0800][25.452s][info][gc,heap        ] GC(574) Tenured: 33729K->37557K(43712K)
[2026-06-17T09:51:05.574+0800][25.452s][info][gc,metaspace   ] GC(574) Metaspace: 3161K(4864K)->3161K(4864K) NonClass: 2855K(4352K)->2855K(4352K) Class: 305K(512K)->305K(512K)
[2026-06-17T09:51:05.575+0800][25.453s][info][gc             ] GC(574) Pause Young (Allocation Failure) 52M->38M(61M) 4.125ms
[2026-06-17T09:51:05.576+0800][25.454s][info][gc,cpu         ] GC(574) User=0.00s Sys=0.00s Real=0.00s
[2026-06-17T09:51:05.619+0800][25.497s][info][gc,start       ] GC(575) Pause Young (Allocation Failure)
[2026-06-17T09:51:05.620+0800][25.498s][info][gc,start       ] GC(576) Pause Full (Allocation Failure)
[2026-06-17T09:51:05.620+0800][25.498s][info][gc,phases,start] GC(576) Phase 1: Mark live objects
[2026-06-17T09:51:05.621+0800][25.500s][info][gc,phases      ] GC(576) Phase 1: Mark live objects 1.215ms
[2026-06-17T09:51:05.622+0800][25.500s][info][gc,phases,start] GC(576) Phase 2: Compute new object addresses
[2026-06-17T09:51:05.623+0800][25.501s][info][gc,phases      ] GC(576) Phase 2: Compute new object addresses 0.709ms
[2026-06-17T09:51:05.623+0800][25.501s][info][gc,phases,start] GC(576) Phase 3: Adjust pointers
[2026-06-17T09:51:05.624+0800][25.502s][info][gc,phases      ] GC(576) Phase 3: Adjust pointers 0.705ms
[2026-06-17T09:51:05.625+0800][25.503s][info][gc,phases,start] GC(576) Phase 4: Move objects
[2026-06-17T09:51:05.627+0800][25.505s][info][gc,phases      ] GC(576) Phase 4: Move objects 1.994ms
[2026-06-17T09:51:05.627+0800][25.505s][info][gc             ] GC(576) Pause Full (Allocation Failure) 55M->26M(61M) 7.241ms
[2026-06-17T09:51:05.628+0800][25.506s][info][gc,heap        ] GC(575) DefNew: 19558K->0K(19648K)
[2026-06-17T09:51:05.628+0800][25.506s][info][gc,heap        ] GC(575) Tenured: 37557K->27537K(43712K)
[2026-06-17T09:51:05.628+0800][25.506s][info][gc,metaspace   ] GC(575) Metaspace: 3161K(4864K)->3161K(4864K) NonClass: 2855K(4352K)->2855K(4352K) Class: 305K(512K)->305K(512K)
[2026-06-17T09:51:05.628+0800][25.507s][info][gc             ] GC(575) Pause Young (Allocation Failure) 55M->26M(61M) 9.431ms
[2026-06-17T09:51:05.629+0800][25.507s][info][gc,cpu         ] GC(575) User=0.01s Sys=0.00s Real=0.01s
[2026-06-17T09:51:05.671+0800][25.549s][info][gc,start       ] GC(577) Pause Young (Allocation Failure)
[2026-06-17T09:51:05.672+0800][25.550s][info][gc,heap        ] GC(577) DefNew: 17465K->2169K(19648K)
[2026-06-17T09:51:05.672+0800][25.550s][info][gc,heap        ] GC(577) Tenured: 27537K->32303K(43712K)
[2026-06-17T09:51:05.672+0800][25.550s][info][gc,metaspace   ] GC(577) Metaspace: 3161K(4864K)->3161K(4864K) NonClass: 2855K(4352K)->2855K(4352K) Class: 305K(512K)->305K(512K)
[2026-06-17T09:51:05.672+0800][25.550s][info][gc             ] GC(577) Pause Young (Allocation Failure) 43M->33M(61M) 1.509ms
[2026-06-17T09:51:05.673+0800][25.551s][info][gc,cpu         ] GC(577) User=0.00s Sys=0.00s Real=0.00s
[2026-06-17T09:51:05.727+0800][25.605s][info][gc,start       ] GC(578) Pause Young (Allocation Failure)
[2026-06-17T09:51:05.729+0800][25.607s][info][gc,heap        ] GC(578) DefNew: 19641K->2153K(19648K)
[2026-06-17T09:51:05.729+0800][25.608s][info][gc,heap        ] GC(578) Tenured: 32303K->35056K(43712K)
[2026-06-17T09:51:05.730+0800][25.608s][info][gc,metaspace   ] GC(578) Metaspace: 3161K(4864K)->3161K(4864K) NonClass: 2855K(4352K)->2855K(4352K) Class: 305K(512K)->305K(512K)
[2026-06-17T09:51:05.731+0800][25.609s][info][gc             ] GC(578) Pause Young (Allocation Failure) 50M->36M(61M) 4.036ms
[2026-06-17T09:51:05.731+0800][25.609s][info][gc,cpu         ] GC(578) User=0.00s Sys=0.00s Real=0.01s
[2026-06-17T09:51:05.775+0800][25.653s][info][gc,start       ] GC(579) Pause Young (Allocation Failure)
[2026-06-17T09:51:05.776+0800][25.654s][info][gc,heap        ] GC(579) DefNew: 19625K->2143K(19648K)
[2026-06-17T09:51:05.776+0800][25.654s][info][gc,heap        ] GC(579) Tenured: 35056K->38385K(43712K)
[2026-06-17T09:51:05.776+0800][25.655s][info][gc,metaspace   ] GC(579) Metaspace: 3161K(4864K)->3161K(4864K) NonClass: 2855K(4352K)->2855K(4352K) Class: 305K(512K)->305K(512K)
[2026-06-17T09:51:05.777+0800][25.655s][info][gc             ] GC(579) Pause Young (Allocation Failure) 53M->39M(61M) 1.759ms
[2026-06-17T09:51:05.777+0800][25.655s][info][gc,cpu         ] GC(579) User=0.00s Sys=0.00s Real=0.00s
[2026-06-17T09:51:05.820+0800][25.698s][info][gc,start       ] GC(580) Pause Young (Allocation Failure)
[2026-06-17T09:51:05.821+0800][25.699s][info][gc,start       ] GC(581) Pause Full (Allocation Failure)
[2026-06-17T09:51:05.822+0800][25.700s][info][gc,phases,start] GC(581) Phase 1: Mark live objects
[2026-06-17T09:51:05.823+0800][25.701s][info][gc,phases      ] GC(581) Phase 1: Mark live objects 1.101ms
[2026-06-17T09:51:05.824+0800][25.702s][info][gc,phases,start] GC(581) Phase 2: Compute new object addresses
[2026-06-17T09:51:05.824+0800][25.702s][info][gc,phases      ] GC(581) Phase 2: Compute new object addresses 0.325ms
[2026-06-17T09:51:05.825+0800][25.703s][info][gc,phases,start] GC(581) Phase 3: Adjust pointers
[2026-06-17T09:51:05.825+0800][25.703s][info][gc,phases      ] GC(581) Phase 3: Adjust pointers 0.515ms
[2026-06-17T09:51:05.825+0800][25.703s][info][gc,phases,start] GC(581) Phase 4: Move objects
[2026-06-17T09:51:05.827+0800][25.705s][info][gc,phases      ] GC(581) Phase 4: Move objects 1.844ms
[2026-06-17T09:51:05.827+0800][25.706s][info][gc             ] GC(581) Pause Full (Allocation Failure) 56M->31M(61M) 6.246ms
[2026-06-17T09:51:05.828+0800][25.706s][info][gc,heap        ] GC(580) DefNew: 19615K->0K(19648K)
[2026-06-17T09:51:05.828+0800][25.706s][info][gc,heap        ] GC(580) Tenured: 38385K->31875K(43712K)
[2026-06-17T09:51:05.828+0800][25.706s][info][gc,metaspace   ] GC(580) Metaspace: 3161K(4864K)->3161K(4864K) NonClass: 2855K(4352K)->2855K(4352K) Class: 305K(512K)->305K(512K)
[2026-06-17T09:51:05.828+0800][25.706s][info][gc             ] GC(580) Pause Young (Allocation Failure) 56M->31M(61M) 7.518ms
[2026-06-17T09:51:05.828+0800][25.706s][info][gc,cpu         ] GC(580) User=0.01s Sys=0.00s Real=0.01s
[2026-06-17T09:51:05.870+0800][25.748s][info][gc,start       ] GC(582) Pause Young (Allocation Failure)
[2026-06-17T09:51:05.872+0800][25.750s][info][gc,heap        ] GC(582) DefNew: 17455K->2168K(19648K)
[2026-06-17T09:51:05.872+0800][25.750s][info][gc,heap        ] GC(582) Tenured: 31875K->36493K(43712K)
[2026-06-17T09:51:05.872+0800][25.750s][info][gc,metaspace   ] GC(582) Metaspace: 3161K(4864K)->3161K(4864K) NonClass: 2855K(4352K)->2855K(4352K) Class: 305K(512K)->305K(512K)
[2026-06-17T09:51:05.872+0800][25.750s][info][gc             ] GC(582) Pause Young (Allocation Failure) 48M->37M(61M) 2.045ms
[2026-06-17T09:51:05.872+0800][25.751s][info][gc,cpu         ] GC(582) User=0.00s Sys=0.00s Real=0.01s
[2026-06-17T09:51:05.926+0800][25.804s][info][gc,start       ] GC(583) Pause Young (Allocation Failure)
[2026-06-17T09:51:05.929+0800][25.807s][info][gc,heap        ] GC(583) DefNew: 19640K->2087K(19648K)
[2026-06-17T09:51:05.929+0800][25.807s][info][gc,heap        ] GC(583) Tenured: 36493K->39503K(43712K)
[2026-06-17T09:51:05.931+0800][25.809s][info][gc,metaspace   ] GC(583) Metaspace: 3161K(4864K)->3161K(4864K) NonClass: 2855K(4352K)->2855K(4352K) Class: 305K(512K)->305K(512K)
[2026-06-17T09:51:05.931+0800][25.809s][info][gc             ] GC(583) Pause Young (Allocation Failure) 54M->40M(61M) 5.251ms
[2026-06-17T09:51:05.932+0800][25.810s][info][gc,cpu         ] GC(583) User=0.00s Sys=0.00s Real=0.01s
[2026-06-17T09:51:05.966+0800][25.844s][info][gc,start       ] GC(584) Pause Young (Allocation Failure)
[2026-06-17T09:51:05.967+0800][25.845s][info][gc,start       ] GC(585) Pause Full (Allocation Failure)
[2026-06-17T09:51:05.968+0800][25.846s][info][gc,phases,start] GC(585) Phase 1: Mark live objects
[2026-06-17T09:51:05.970+0800][25.848s][info][gc,phases      ] GC(585) Phase 1: Mark live objects 2.082ms
[2026-06-17T09:51:05.970+0800][25.849s][info][gc,phases,start] GC(585) Phase 2: Compute new object addresses
[2026-06-17T09:51:05.972+0800][25.850s][info][gc,phases      ] GC(585) Phase 2: Compute new object addresses 1.088ms
[2026-06-17T09:51:05.972+0800][25.850s][info][gc,phases,start] GC(585) Phase 3: Adjust pointers
[2026-06-17T09:51:05.973+0800][25.851s][info][gc,phases      ] GC(585) Phase 3: Adjust pointers 1.259ms
[2026-06-17T09:51:05.974+0800][25.852s][info][gc,phases,start] GC(585) Phase 4: Move objects
[2026-06-17T09:51:05.979+0800][25.857s][info][gc,phases      ] GC(585) Phase 4: Move objects 4.590ms
[2026-06-17T09:51:05.979+0800][25.857s][info][gc             ] GC(585) Pause Full (Allocation Failure) 57M->25M(61M) 12.347ms
[2026-06-17T09:51:05.980+0800][25.858s][info][gc,heap        ] GC(584) DefNew: 19546K->0K(19648K)
[2026-06-17T09:51:05.980+0800][25.858s][info][gc,heap        ] GC(584) Tenured: 39503K->26034K(43712K)
[2026-06-17T09:51:05.981+0800][25.859s][info][gc,metaspace   ] GC(584) Metaspace: 3161K(4864K)->3161K(4864K) NonClass: 2855K(4352K)->2855K(4352K) Class: 305K(512K)->305K(512K)
[2026-06-17T09:51:05.981+0800][25.859s][info][gc             ] GC(584) Pause Young (Allocation Failure) 57M->25M(61M) 15.294ms
[2026-06-17T09:51:05.982+0800][25.860s][info][gc,cpu         ] GC(584) User=0.01s Sys=0.00s Real=0.01s
[2026-06-17T09:51:06.026+0800][25.904s][info][gc,start       ] GC(586) Pause Young (Allocation Failure)
[2026-06-17T09:51:06.027+0800][25.906s][info][gc,heap        ] GC(586) DefNew: 17229K->2138K(19648K)
[2026-06-17T09:51:06.028+0800][25.906s][info][gc,heap        ] GC(586) Tenured: 26034K->27114K(43712K)
[2026-06-17T09:51:06.029+0800][25.907s][info][gc,metaspace   ] GC(586) Metaspace: 3161K(4864K)->3161K(4864K) NonClass: 2855K(4352K)->2855K(4352K) Class: 305K(512K)->305K(512K)
[2026-06-17T09:51:06.029+0800][25.907s][info][gc             ] GC(586) Pause Young (Allocation Failure) 42M->28M(61M) 2.687ms
[2026-06-17T09:51:06.029+0800][25.907s][info][gc,cpu         ] GC(586) User=0.00s Sys=0.00s Real=0.00s
[2026-06-17T09:51:06.082+0800][25.960s][info][gc,start       ] GC(587) Pause Young (Allocation Failure)
[2026-06-17T09:51:06.084+0800][25.962s][info][gc,heap        ] GC(587) DefNew: 19599K->2132K(19648K)
[2026-06-17T09:51:06.084+0800][25.962s][info][gc,heap        ] GC(587) Tenured: 27114K->31218K(43712K)
[2026-06-17T09:51:06.085+0800][25.963s][info][gc,metaspace   ] GC(587) Metaspace: 3161K(4864K)->3161K(4864K) NonClass: 2855K(4352K)->2855K(4352K) Class: 305K(512K)->305K(512K)
[2026-06-17T09:51:06.085+0800][25.963s][info][gc             ] GC(587) Pause Young (Allocation Failure) 45M->32M(61M) 3.120ms
[2026-06-17T09:51:06.086+0800][25.964s][info][gc,cpu         ] GC(587) User=0.00s Sys=0.00s Real=0.01s
[2026-06-17T09:51:06.128+0800][26.006s][info][gc,start       ] GC(588) Pause Young (Allocation Failure)
[2026-06-17T09:51:06.129+0800][26.007s][info][gc,heap        ] GC(588) DefNew: 19604K->2155K(19648K)
[2026-06-17T09:51:06.129+0800][26.007s][info][gc,heap        ] GC(588) Tenured: 31218K->34608K(43712K)
[2026-06-17T09:51:06.129+0800][26.007s][info][gc,metaspace   ] GC(588) Metaspace: 3161K(4864K)->3161K(4864K) NonClass: 2855K(4352K)->2855K(4352K) Class: 305K(512K)->305K(512K)
[2026-06-17T09:51:06.129+0800][26.008s][info][gc             ] GC(588) Pause Young (Allocation Failure) 49M->35M(61M) 1.417ms
[2026-06-17T09:51:06.130+0800][26.008s][info][gc,cpu         ] GC(588) User=0.00s Sys=0.00s Real=0.00s
[2026-06-17T09:51:06.172+0800][26.050s][info][gc,start       ] GC(589) Pause Young (Allocation Failure)
[2026-06-17T09:51:06.173+0800][26.051s][info][gc,heap        ] GC(589) DefNew: 19627K->2108K(19648K)
[2026-06-17T09:51:06.174+0800][26.052s][info][gc,heap        ] GC(589) Tenured: 34608K->38250K(43712K)
[2026-06-17T09:51:06.175+0800][26.053s][info][gc,metaspace   ] GC(589) Metaspace: 3161K(4864K)->3161K(4864K) NonClass: 2855K(4352K)->2855K(4352K) Class: 305K(512K)->305K(512K)
[2026-06-17T09:51:06.177+0800][26.055s][info][gc             ] GC(589) Pause Young (Allocation Failure) 52M->39M(61M) 5.055ms
[2026-06-17T09:51:06.180+0800][26.058s][info][gc,cpu         ] GC(589) User=0.00s Sys=0.00s Real=0.00s
[2026-06-17T09:51:06.223+0800][26.102s][info][gc,start       ] GC(590) Pause Young (Allocation Failure)
[2026-06-17T09:51:06.257+0800][26.135s][info][gc,start       ] GC(591) Pause Full (Allocation Failure)
[2026-06-17T09:51:06.258+0800][26.136s][info][gc,phases,start] GC(591) Phase 1: Mark live objects
[2026-06-17T09:51:06.260+0800][26.138s][info][gc,phases      ] GC(591) Phase 1: Mark live objects 2.188ms
[2026-06-17T09:51:06.261+0800][26.139s][info][gc,phases,start] GC(591) Phase 2: Compute new object addresses
[2026-06-17T09:51:06.275+0800][26.154s][info][gc,phases      ] GC(591) Phase 2: Compute new object addresses 14.840ms
[2026-06-17T09:51:06.287+0800][26.165s][info][gc,phases,start] GC(591) Phase 3: Adjust pointers
[2026-06-17T09:51:06.288+0800][26.166s][info][gc,phases      ] GC(591) Phase 3: Adjust pointers 0.800ms
[2026-06-17T09:51:06.289+0800][26.167s][info][gc,phases,start] GC(591) Phase 4: Move objects
[2026-06-17T09:51:06.293+0800][26.171s][info][gc,phases      ] GC(591) Phase 4: Move objects 4.131ms
[2026-06-17T09:51:06.294+0800][26.172s][info][gc             ] GC(591) Pause Full (Allocation Failure) 56M->30M(61M) 37.017ms
[2026-06-17T09:51:06.299+0800][26.178s][info][gc,heap        ] GC(590) DefNew: 19552K->0K(19648K)
[2026-06-17T09:51:06.300+0800][26.178s][info][gc,heap        ] GC(590) Tenured: 38250K->30930K(43712K)
[2026-06-17T09:51:06.300+0800][26.178s][info][gc,metaspace   ] GC(590) Metaspace: 3161K(4864K)->3161K(4864K) NonClass: 2855K(4352K)->2855K(4352K) Class: 305K(512K)->305K(512K)
[2026-06-17T09:51:06.301+0800][26.179s][info][gc             ] GC(590) Pause Young (Allocation Failure) 56M->30M(61M) 77.206ms
[2026-06-17T09:51:06.301+0800][26.179s][info][gc,cpu         ] GC(590) User=0.00s Sys=0.00s Real=0.07s
[2026-06-17T09:51:06.343+0800][26.221s][info][gc,start       ] GC(592) Pause Young (Allocation Failure)
[2026-06-17T09:51:06.344+0800][26.222s][info][gc,heap        ] GC(592) DefNew: 17132K->2028K(19648K)
[2026-06-17T09:51:06.344+0800][26.223s][info][gc,heap        ] GC(592) Tenured: 30930K->32128K(43712K)
[2026-06-17T09:51:06.345+0800][26.223s][info][gc,metaspace   ] GC(592) Metaspace: 3161K(4864K)->3161K(4864K) NonClass: 2855K(4352K)->2855K(4352K) Class: 305K(512K)->305K(512K)
[2026-06-17T09:51:06.345+0800][26.223s][info][gc             ] GC(592) Pause Young (Allocation Failure) 46M->33M(61M) 1.811ms
[2026-06-17T09:51:06.345+0800][26.223s][info][gc,cpu         ] GC(592) User=0.00s Sys=0.00s Real=0.00s
[2026-06-17T09:51:06.387+0800][26.265s][info][gc,start       ] GC(593) Pause Young (Allocation Failure)
[2026-06-17T09:51:06.389+0800][26.268s][info][gc,heap        ] GC(593) DefNew: 19500K->2175K(19648K)
[2026-06-17T09:51:06.393+0800][26.271s][info][gc,heap        ] GC(593) Tenured: 32128K->38776K(43712K)
[2026-06-17T09:51:06.396+0800][26.274s][info][gc,metaspace   ] GC(593) Metaspace: 3161K(4864K)->3161K(4864K) NonClass: 2855K(4352K)->2855K(4352K) Class: 305K(512K)->305K(512K)
[2026-06-17T09:51:06.396+0800][26.274s][info][gc             ] GC(593) Pause Young (Allocation Failure) 50M->39M(61M) 8.924ms
[2026-06-17T09:51:06.397+0800][26.275s][info][gc,cpu         ] GC(593) User=0.00s Sys=0.00s Real=0.01s
[2026-06-17T09:51:06.439+0800][26.317s][info][gc,start       ] GC(594) Pause Young (Allocation Failure)
[2026-06-17T09:51:06.440+0800][26.318s][info][gc,start       ] GC(595) Pause Full (Allocation Failure)
[2026-06-17T09:51:06.440+0800][26.318s][info][gc,phases,start] GC(595) Phase 1: Mark live objects
[2026-06-17T09:51:06.441+0800][26.319s][info][gc,phases      ] GC(595) Phase 1: Mark live objects 0.740ms
[2026-06-17T09:51:06.441+0800][26.319s][info][gc,phases,start] GC(595) Phase 2: Compute new object addresses
[2026-06-17T09:51:06.441+0800][26.319s][info][gc,phases      ] GC(595) Phase 2: Compute new object addresses 0.451ms
[2026-06-17T09:51:06.441+0800][26.319s][info][gc,phases,start] GC(595) Phase 3: Adjust pointers
[2026-06-17T09:51:06.442+0800][26.320s][info][gc,phases      ] GC(595) Phase 3: Adjust pointers 0.463ms
[2026-06-17T09:51:06.442+0800][26.320s][info][gc,phases,start] GC(595) Phase 4: Move objects
[2026-06-17T09:51:06.444+0800][26.322s][info][gc,phases      ] GC(595) Phase 4: Move objects 2.186ms
[2026-06-17T09:51:06.445+0800][26.323s][info][gc             ] GC(595) Pause Full (Allocation Failure) 57M->31M(61M) 5.229ms
[2026-06-17T09:51:06.445+0800][26.323s][info][gc,heap        ] GC(594) DefNew: 19640K->0K(19648K)
[2026-06-17T09:51:06.445+0800][26.323s][info][gc,heap        ] GC(594) Tenured: 38776K->32583K(43712K)
[2026-06-17T09:51:06.446+0800][26.324s][info][gc,metaspace   ] GC(594) Metaspace: 3161K(4864K)->3161K(4864K) NonClass: 2855K(4352K)->2855K(4352K) Class: 305K(512K)->305K(512K)
[2026-06-17T09:51:06.446+0800][26.324s][info][gc             ] GC(594) Pause Young (Allocation Failure) 57M->31M(61M) 6.495ms
[2026-06-17T09:51:06.446+0800][26.324s][info][gc,cpu         ] GC(594) User=0.00s Sys=0.00s Real=0.01s
[2026-06-17T09:51:06.489+0800][26.367s][info][gc,start       ] GC(596) Pause Young (Allocation Failure)
[2026-06-17T09:51:06.491+0800][26.369s][info][gc,heap        ] GC(596) DefNew: 17300K->2138K(19648K)
[2026-06-17T09:51:06.492+0800][26.370s][info][gc,heap        ] GC(596) Tenured: 32583K->34164K(43712K)
[2026-06-17T09:51:06.492+0800][26.370s][info][gc,metaspace   ] GC(596) Metaspace: 3161K(4864K)->3161K(4864K) NonClass: 2855K(4352K)->2855K(4352K) Class: 305K(512K)->305K(512K)
[2026-06-17T09:51:06.493+0800][26.371s][info][gc             ] GC(596) Pause Young (Allocation Failure) 48M->35M(61M) 3.731ms
[2026-06-17T09:51:06.494+0800][26.372s][info][gc,cpu         ] GC(596) User=0.01s Sys=0.00s Real=0.01s
[2026-06-17T09:51:06.552+0800][26.430s][info][gc,start       ] GC(597) Pause Young (Allocation Failure)
[2026-06-17T09:51:06.553+0800][26.432s][info][gc,heap        ] GC(597) DefNew: 19557K->2034K(19648K)
[2026-06-17T09:51:06.554+0800][26.432s][info][gc,heap        ] GC(597) Tenured: 34164K->37479K(43712K)
[2026-06-17T09:51:06.555+0800][26.433s][info][gc,metaspace   ] GC(597) Metaspace: 3161K(4864K)->3161K(4864K) NonClass: 2855K(4352K)->2855K(4352K) Class: 305K(512K)->305K(512K)
[2026-06-17T09:51:06.555+0800][26.434s][info][gc             ] GC(597) Pause Young (Allocation Failure) 52M->38M(61M) 3.878ms
[2026-06-17T09:51:06.556+0800][26.434s][info][gc,cpu         ] GC(597) User=0.00s Sys=0.00s Real=0.00s
[2026-06-17T09:51:06.601+0800][26.479s][info][gc,start       ] GC(598) Pause Young (Allocation Failure)
[2026-06-17T09:51:06.602+0800][26.480s][info][gc,start       ] GC(599) Pause Full (Allocation Failure)
[2026-06-17T09:51:06.603+0800][26.481s][info][gc,phases,start] GC(599) Phase 1: Mark live objects
[2026-06-17T09:51:06.605+0800][26.483s][info][gc,phases      ] GC(599) Phase 1: Mark live objects 2.017ms
[2026-06-17T09:51:06.605+0800][26.484s][info][gc,phases,start] GC(599) Phase 2: Compute new object addresses
[2026-06-17T09:51:06.607+0800][26.485s][info][gc,phases      ] GC(599) Phase 2: Compute new object addresses 1.082ms
[2026-06-17T09:51:06.607+0800][26.485s][info][gc,phases,start] GC(599) Phase 3: Adjust pointers
[2026-06-17T09:51:06.608+0800][26.486s][info][gc,phases      ] GC(599) Phase 3: Adjust pointers 1.221ms
[2026-06-17T09:51:06.609+0800][26.487s][info][gc,phases,start] GC(599) Phase 4: Move objects
[2026-06-17T09:51:06.612+0800][26.490s][info][gc,phases      ] GC(599) Phase 4: Move objects 3.154ms
[2026-06-17T09:51:06.613+0800][26.491s][info][gc             ] GC(599) Pause Full (Allocation Failure) 55M->29M(61M) 10.999ms
[2026-06-17T09:51:06.614+0800][26.492s][info][gc,heap        ] GC(598) DefNew: 19506K->0K(19648K)
[2026-06-17T09:51:06.614+0800][26.492s][info][gc,heap        ] GC(598) Tenured: 37479K->30095K(43712K)
[2026-06-17T09:51:06.615+0800][26.493s][info][gc,metaspace   ] GC(598) Metaspace: 3161K(4864K)->3161K(4864K) NonClass: 2855K(4352K)->2855K(4352K) Class: 305K(512K)->305K(512K)
[2026-06-17T09:51:06.615+0800][26.493s][info][gc             ] GC(598) Pause Young (Allocation Failure) 55M->29M(61M) 14.256ms
[2026-06-17T09:51:06.616+0800][26.494s][info][gc,cpu         ] GC(598) User=0.01s Sys=0.00s Real=0.02s
[2026-06-17T09:51:06.660+0800][26.538s][info][gc,start       ] GC(600) Pause Young (Allocation Failure)
[2026-06-17T09:51:06.661+0800][26.539s][info][gc,heap        ] GC(600) DefNew: 17459K->2110K(19648K)
[2026-06-17T09:51:06.661+0800][26.539s][info][gc,heap        ] GC(600) Tenured: 30095K->35089K(43712K)
[2026-06-17T09:51:06.662+0800][26.540s][info][gc,metaspace   ] GC(600) Metaspace: 3161K(4864K)->3161K(4864K) NonClass: 2855K(4352K)->2855K(4352K) Class: 305K(512K)->305K(512K)
[2026-06-17T09:51:06.662+0800][26.540s][info][gc             ] GC(600) Pause Young (Allocation Failure) 46M->36M(61M) 2.325ms
[2026-06-17T09:51:06.662+0800][26.540s][info][gc,cpu         ] GC(600) User=0.00s Sys=0.00s Real=0.00s
[2026-06-17T09:51:06.704+0800][26.582s][info][gc,start       ] GC(601) Pause Young (Allocation Failure)
[2026-06-17T09:51:06.705+0800][26.583s][info][gc,heap        ] GC(601) DefNew: 19546K->2175K(19648K)
[2026-06-17T09:51:06.705+0800][26.583s][info][gc,heap        ] GC(601) Tenured: 35089K->38906K(43712K)
[2026-06-17T09:51:06.705+0800][26.584s][info][gc,metaspace   ] GC(601) Metaspace: 3161K(4864K)->3161K(4864K) NonClass: 2855K(4352K)->2855K(4352K) Class: 305K(512K)->305K(512K)
[2026-06-17T09:51:06.706+0800][26.584s][info][gc             ] GC(601) Pause Young (Allocation Failure) 53M->40M(61M) 1.533ms
[2026-06-17T09:51:06.706+0800][26.584s][info][gc,cpu         ] GC(601) User=0.00s Sys=0.00s Real=0.00s
[2026-06-17T09:51:06.748+0800][26.626s][info][gc,start       ] GC(602) Pause Young (Allocation Failure)
[2026-06-17T09:51:06.749+0800][26.627s][info][gc,start       ] GC(603) Pause Full (Allocation Failure)
[2026-06-17T09:51:06.749+0800][26.627s][info][gc,phases,start] GC(603) Phase 1: Mark live objects
[2026-06-17T09:51:06.750+0800][26.628s][info][gc,phases      ] GC(603) Phase 1: Mark live objects 1.219ms
[2026-06-17T09:51:06.751+0800][26.629s][info][gc,phases,start] GC(603) Phase 2: Compute new object addresses
[2026-06-17T09:51:06.751+0800][26.629s][info][gc,phases      ] GC(603) Phase 2: Compute new object addresses 0.586ms
[2026-06-17T09:51:06.751+0800][26.630s][info][gc,phases,start] GC(603) Phase 3: Adjust pointers
[2026-06-17T09:51:06.752+0800][26.630s][info][gc,phases      ] GC(603) Phase 3: Adjust pointers 0.516ms
[2026-06-17T09:51:06.752+0800][26.630s][info][gc,phases,start] GC(603) Phase 4: Move objects
[2026-06-17T09:51:06.754+0800][26.632s][info][gc,phases      ] GC(603) Phase 4: Move objects 1.750ms
[2026-06-17T09:51:06.754+0800][26.632s][info][gc             ] GC(603) Pause Full (Allocation Failure) 56M->24M(61M) 5.794ms
[2026-06-17T09:51:06.755+0800][26.633s][info][gc,heap        ] GC(602) DefNew: 19361K->0K(19648K)
[2026-06-17T09:51:06.755+0800][26.633s][info][gc,heap        ] GC(602) Tenured: 38906K->25399K(43712K)
[2026-06-17T09:51:06.755+0800][26.633s][info][gc,metaspace   ] GC(602) Metaspace: 3161K(4864K)->3161K(4864K) NonClass: 2855K(4352K)->2855K(4352K) Class: 305K(512K)->305K(512K)
[2026-06-17T09:51:06.755+0800][26.633s][info][gc             ] GC(602) Pause Young (Allocation Failure) 56M->24M(61M) 6.991ms
[2026-06-17T09:51:06.755+0800][26.633s][info][gc,cpu         ] GC(602) User=0.00s Sys=0.00s Real=0.01s
[2026-06-17T09:51:06.809+0800][26.687s][info][gc,start       ] GC(604) Pause Young (Allocation Failure)
[2026-06-17T09:51:06.811+0800][26.689s][info][gc,heap        ] GC(604) DefNew: 17472K->2157K(19648K)
[2026-06-17T09:51:06.811+0800][26.689s][info][gc,heap        ] GC(604) Tenured: 25399K->26868K(43712K)
[2026-06-17T09:51:06.812+0800][26.690s][info][gc,metaspace   ] GC(604) Metaspace: 3161K(4864K)->3161K(4864K) NonClass: 2855K(4352K)->2855K(4352K) Class: 305K(512K)->305K(512K)
[2026-06-17T09:51:06.813+0800][26.691s][info][gc             ] GC(604) Pause Young (Allocation Failure) 41M->28M(61M) 3.937ms
[2026-06-17T09:51:06.813+0800][26.691s][info][gc,cpu         ] GC(604) User=0.00s Sys=0.00s Real=0.01s
[2026-06-17T09:51:06.858+0800][26.736s][info][gc,start       ] GC(605) Pause Young (Allocation Failure)
[2026-06-17T09:51:06.859+0800][26.737s][info][gc,heap        ] GC(605) DefNew: 19629K->2166K(19648K)
[2026-06-17T09:51:06.859+0800][26.737s][info][gc,heap        ] GC(605) Tenured: 26868K->30412K(43712K)
[2026-06-17T09:51:06.860+0800][26.738s][info][gc,metaspace   ] GC(605) Metaspace: 3161K(4864K)->3161K(4864K) NonClass: 2855K(4352K)->2855K(4352K) Class: 305K(512K)->305K(512K)
[2026-06-17T09:51:06.860+0800][26.738s][info][gc             ] GC(605) Pause Young (Allocation Failure) 45M->31M(61M) 2.310ms
[2026-06-17T09:51:06.860+0800][26.738s][info][gc,cpu         ] GC(605) User=0.00s Sys=0.00s Real=0.00s
[2026-06-17T09:51:06.903+0800][26.781s][info][gc,start       ] GC(606) Pause Young (Allocation Failure)
[2026-06-17T09:51:06.904+0800][26.783s][info][gc,heap        ] GC(606) DefNew: 19622K->2059K(19648K)
[2026-06-17T09:51:06.905+0800][26.783s][info][gc,heap        ] GC(606) Tenured: 30412K->33987K(43712K)
[2026-06-17T09:51:06.906+0800][26.784s][info][gc,metaspace   ] GC(606) Metaspace: 3161K(4864K)->3161K(4864K) NonClass: 2855K(4352K)->2855K(4352K) Class: 305K(512K)->305K(512K)
[2026-06-17T09:51:06.906+0800][26.784s][info][gc             ] GC(606) Pause Young (Allocation Failure) 48M->35M(61M) 3.436ms
[2026-06-17T09:51:06.907+0800][26.785s][info][gc,cpu         ] GC(606) User=0.00s Sys=0.00s Real=0.00s
[2026-06-17T09:51:06.950+0800][26.829s][info][gc,start       ] GC(607) Pause Young (Allocation Failure)
[2026-06-17T09:51:06.952+0800][26.830s][info][gc,heap        ] GC(607) DefNew: 19531K->2132K(19648K)
[2026-06-17T09:51:06.953+0800][26.831s][info][gc,heap        ] GC(607) Tenured: 33987K->37078K(43712K)
[2026-06-17T09:51:06.954+0800][26.832s][info][gc,metaspace   ] GC(607) Metaspace: 3161K(4864K)->3161K(4864K) NonClass: 2855K(4352K)->2855K(4352K) Class: 305K(512K)->305K(512K)
[2026-06-17T09:51:06.955+0800][26.833s][info][gc             ] GC(607) Pause Young (Allocation Failure) 52M->38M(61M) 4.078ms
[2026-06-17T09:51:06.955+0800][26.833s][info][gc,cpu         ] GC(607) User=0.00s Sys=0.00s Real=0.00s
[2026-06-17T09:51:07.000+0800][26.878s][info][gc,start       ] GC(608) Pause Young (Allocation Failure)
[2026-06-17T09:51:07.002+0800][26.880s][info][gc,heap        ] GC(608) DefNew: 19589K->2169K(19648K)
[2026-06-17T09:51:07.003+0800][26.881s][info][gc,heap        ] GC(608) Tenured: 37078K->40372K(43712K)
[2026-06-17T09:51:07.004+0800][26.882s][info][gc,metaspace   ] GC(608) Metaspace: 3161K(4864K)->3161K(4864K) NonClass: 2855K(4352K)->2855K(4352K) Class: 305K(512K)->305K(512K)
[2026-06-17T09:51:07.004+0800][26.882s][info][gc             ] GC(608) Pause Young (Allocation Failure) 55M->41M(61M) 4.003ms
[2026-06-17T09:51:07.005+0800][26.883s][info][gc,cpu         ] GC(608) User=0.00s Sys=0.00s Real=0.01s
[2026-06-17T09:51:07.048+0800][26.926s][info][gc,start       ] GC(609) Pause Young (Allocation Failure)
[2026-06-17T09:51:07.049+0800][26.927s][info][gc,start       ] GC(610) Pause Full (Allocation Failure)
[2026-06-17T09:51:07.050+0800][26.928s][info][gc,phases,start] GC(610) Phase 1: Mark live objects
[2026-06-17T09:51:07.051+0800][26.929s][info][gc,phases      ] GC(610) Phase 1: Mark live objects 0.816ms
[2026-06-17T09:51:07.052+0800][26.930s][info][gc,phases,start] GC(610) Phase 2: Compute new object addresses
[2026-06-17T09:51:07.053+0800][26.931s][info][gc,phases      ] GC(610) Phase 2: Compute new object addresses 1.025ms
[2026-06-17T09:51:07.054+0800][26.932s][info][gc,phases,start] GC(610) Phase 3: Adjust pointers
[2026-06-17T09:51:07.054+0800][26.932s][info][gc,phases      ] GC(610) Phase 3: Adjust pointers 0.666ms
[2026-06-17T09:51:07.055+0800][26.933s][info][gc,phases,start] GC(610) Phase 4: Move objects
[2026-06-17T09:51:07.057+0800][26.935s][info][gc,phases      ] GC(610) Phase 4: Move objects 2.434ms
[2026-06-17T09:51:07.057+0800][26.936s][info][gc             ] GC(610) Pause Full (Allocation Failure) 58M->20M(61M) 8.164ms
[2026-06-17T09:51:07.058+0800][26.936s][info][gc,heap        ] GC(609) DefNew: 19628K->0K(19648K)
[2026-06-17T09:51:07.059+0800][26.937s][info][gc,heap        ] GC(609) Tenured: 40372K->20709K(43712K)
[2026-06-17T09:51:07.059+0800][26.937s][info][gc,metaspace   ] GC(609) Metaspace: 3161K(4864K)->3161K(4864K) NonClass: 2855K(4352K)->2855K(4352K) Class: 305K(512K)->305K(512K)
[2026-06-17T09:51:07.059+0800][26.937s][info][gc             ] GC(609) Pause Young (Allocation Failure) 58M->20M(61M) 11.649ms
[2026-06-17T09:51:07.059+0800][26.937s][info][gc,cpu         ] GC(609) User=0.01s Sys=0.00s Real=0.01s
[2026-06-17T09:51:07.112+0800][26.990s][info][gc,start       ] GC(611) Pause Young (Allocation Failure)
[2026-06-17T09:51:07.113+0800][26.991s][info][gc,heap        ] GC(611) DefNew: 17451K->2142K(19648K)
[2026-06-17T09:51:07.113+0800][26.992s][info][gc,heap        ] GC(611) Tenured: 20709K->22497K(43712K)
[2026-06-17T09:51:07.114+0800][26.992s][info][gc,metaspace   ] GC(611) Metaspace: 3161K(4864K)->3161K(4864K) NonClass: 2855K(4352K)->2855K(4352K) Class: 305K(512K)->305K(512K)
[2026-06-17T09:51:07.115+0800][26.993s][info][gc             ] GC(611) Pause Young (Allocation Failure) 37M->24M(61M) 3.162ms
[2026-06-17T09:51:07.115+0800][26.993s][info][gc,cpu         ] GC(611) User=0.00s Sys=0.00s Real=0.00s
[2026-06-17T09:51:07.158+0800][27.036s][info][gc,start       ] GC(612) Pause Young (Allocation Failure)
[2026-06-17T09:51:07.159+0800][27.037s][info][gc,heap        ] GC(612) DefNew: 19614K->2164K(19648K)
[2026-06-17T09:51:07.160+0800][27.038s][info][gc,heap        ] GC(612) Tenured: 22497K->26291K(43712K)
[2026-06-17T09:51:07.160+0800][27.038s][info][gc,metaspace   ] GC(612) Metaspace: 3161K(4864K)->3161K(4864K) NonClass: 2855K(4352K)->2855K(4352K) Class: 305K(512K)->305K(512K)
[2026-06-17T09:51:07.161+0800][27.039s][info][gc             ] GC(612) Pause Young (Allocation Failure) 41M->27M(61M) 3.157ms
[2026-06-17T09:51:07.162+0800][27.040s][info][gc,cpu         ] GC(612) User=0.00s Sys=0.00s Real=0.00s
[2026-06-17T09:51:07.204+0800][27.082s][info][gc,start       ] GC(613) Pause Young (Allocation Failure)
[2026-06-17T09:51:07.205+0800][27.083s][info][gc,heap        ] GC(613) DefNew: 19608K->2159K(19648K)
[2026-06-17T09:51:07.205+0800][27.083s][info][gc,heap        ] GC(613) Tenured: 26291K->30366K(43712K)
[2026-06-17T09:51:07.205+0800][27.083s][info][gc,metaspace   ] GC(613) Metaspace: 3161K(4864K)->3161K(4864K) NonClass: 2855K(4352K)->2855K(4352K) Class: 305K(512K)->305K(512K)
[2026-06-17T09:51:07.205+0800][27.083s][info][gc             ] GC(613) Pause Young (Allocation Failure) 44M->31M(61M) 1.473ms
[2026-06-17T09:51:07.206+0800][27.084s][info][gc,cpu         ] GC(613) User=0.00s Sys=0.00s Real=0.00s
[2026-06-17T09:51:07.248+0800][27.126s][info][gc,start       ] GC(614) Pause Young (Allocation Failure)
[2026-06-17T09:51:07.249+0800][27.127s][info][gc,heap        ] GC(614) DefNew: 19623K->2175K(19648K)
[2026-06-17T09:51:07.249+0800][27.127s][info][gc,heap        ] GC(614) Tenured: 30366K->34410K(43712K)
[2026-06-17T09:51:07.249+0800][27.127s][info][gc,metaspace   ] GC(614) Metaspace: 3161K(4864K)->3161K(4864K) NonClass: 2855K(4352K)->2855K(4352K) Class: 305K(512K)->305K(512K)
[2026-06-17T09:51:07.249+0800][27.127s][info][gc             ] GC(614) Pause Young (Allocation Failure) 48M->35M(61M) 1.716ms
[2026-06-17T09:51:07.249+0800][27.128s][info][gc,cpu         ] GC(614) User=0.00s Sys=0.00s Real=0.00s
[2026-06-17T09:51:07.292+0800][27.170s][info][gc,start       ] GC(615) Pause Young (Allocation Failure)
[2026-06-17T09:51:07.302+0800][27.180s][info][gc,heap        ] GC(615) DefNew: 19647K->2165K(19648K)
[2026-06-17T09:51:07.310+0800][27.188s][info][gc,heap        ] GC(615) Tenured: 34410K->39751K(43712K)
[2026-06-17T09:51:07.313+0800][27.191s][info][gc,metaspace   ] GC(615) Metaspace: 3161K(4864K)->3161K(4864K) NonClass: 2855K(4352K)->2855K(4352K) Class: 305K(512K)->305K(512K)
[2026-06-17T09:51:07.314+0800][27.192s][info][gc             ] GC(615) Pause Young (Allocation Failure) 52M->40M(61M) 22.422ms
[2026-06-17T09:51:07.314+0800][27.193s][info][gc,cpu         ] GC(615) User=0.00s Sys=0.00s Real=0.02s
[2026-06-17T09:51:07.367+0800][27.245s][info][gc,start       ] GC(616) Pause Young (Allocation Failure)
[2026-06-17T09:51:07.368+0800][27.246s][info][gc,start       ] GC(617) Pause Full (Allocation Failure)
[2026-06-17T09:51:07.372+0800][27.250s][info][gc,phases,start] GC(617) Phase 1: Mark live objects
[2026-06-17T09:51:07.374+0800][27.252s][info][gc,phases      ] GC(617) Phase 1: Mark live objects 1.630ms
[2026-06-17T09:51:07.377+0800][27.255s][info][gc,phases,start] GC(617) Phase 2: Compute new object addresses
[2026-06-17T09:51:07.380+0800][27.258s][info][gc,phases      ] GC(617) Phase 2: Compute new object addresses 2.797ms
[2026-06-17T09:51:07.385+0800][27.263s][info][gc,phases,start] GC(617) Phase 3: Adjust pointers
[2026-06-17T09:51:07.390+0800][27.268s][info][gc,phases      ] GC(617) Phase 3: Adjust pointers 4.102ms
[2026-06-17T09:51:07.392+0800][27.270s][info][gc,phases,start] GC(617) Phase 4: Move objects
[2026-06-17T09:51:07.401+0800][27.279s][info][gc,phases      ] GC(617) Phase 4: Move objects 8.932ms
[2026-06-17T09:51:07.402+0800][27.280s][info][gc             ] GC(617) Pause Full (Allocation Failure) 57M->26M(61M) 33.336ms
[2026-06-17T09:51:07.404+0800][27.282s][info][gc,heap        ] GC(616) DefNew: 19630K->0K(19648K)
[2026-06-17T09:51:07.407+0800][27.285s][info][gc,heap        ] GC(616) Tenured: 39751K->26942K(43712K)
[2026-06-17T09:51:07.409+0800][27.287s][info][gc,metaspace   ] GC(616) Metaspace: 3161K(4864K)->3161K(4864K) NonClass: 2855K(4352K)->2855K(4352K) Class: 305K(512K)->305K(512K)
[2026-06-17T09:51:07.410+0800][27.288s][info][gc             ] GC(616) Pause Young (Allocation Failure) 57M->26M(61M) 43.031ms
[2026-06-17T09:51:07.411+0800][27.289s][info][gc,cpu         ] GC(616) User=0.00s Sys=0.00s Real=0.05s
[2026-06-17T09:51:07.446+0800][27.324s][info][gc,start       ] GC(618) Pause Young (Allocation Failure)
[2026-06-17T09:51:07.447+0800][27.325s][info][gc,heap        ] GC(618) DefNew: 17439K->2170K(19648K)
[2026-06-17T09:51:07.449+0800][27.327s][info][gc,heap        ] GC(618) Tenured: 26942K->31777K(43712K)
[2026-06-17T09:51:07.452+0800][27.330s][info][gc,metaspace   ] GC(618) Metaspace: 3161K(4864K)->3161K(4864K) NonClass: 2855K(4352K)->2855K(4352K) Class: 305K(512K)->305K(512K)
[2026-06-17T09:51:07.454+0800][27.332s][info][gc             ] GC(618) Pause Young (Allocation Failure) 43M->33M(61M) 7.835ms
[2026-06-17T09:51:07.454+0800][27.332s][info][gc,cpu         ] GC(618) User=0.00s Sys=0.00s Real=0.01s
[2026-06-17T09:51:07.496+0800][27.374s][info][gc,start       ] GC(619) Pause Young (Allocation Failure)
[2026-06-17T09:51:07.497+0800][27.375s][info][gc,heap        ] GC(619) DefNew: 18363K->2142K(19648K)
[2026-06-17T09:51:07.497+0800][27.376s][info][gc,heap        ] GC(619) Tenured: 31777K->34679K(43712K)
[2026-06-17T09:51:07.498+0800][27.376s][info][gc,metaspace   ] GC(619) Metaspace: 3161K(4864K)->3161K(4864K) NonClass: 2855K(4352K)->2855K(4352K) Class: 305K(512K)->305K(512K)
[2026-06-17T09:51:07.498+0800][27.376s][info][gc             ] GC(619) Pause Young (Allocation Failure) 48M->35M(61M) 1.816ms
[2026-06-17T09:51:07.498+0800][27.376s][info][gc,cpu         ] GC(619) User=0.00s Sys=0.00s Real=0.00s
[2026-06-17T09:51:07.551+0800][27.429s][info][gc,start       ] GC(620) Pause Young (Allocation Failure)
[2026-06-17T09:51:07.554+0800][27.432s][info][gc,heap        ] GC(620) DefNew: 19614K->2046K(19648K)
[2026-06-17T09:51:07.555+0800][27.433s][info][gc,heap        ] GC(620) Tenured: 34679K->38254K(43712K)
[2026-06-17T09:51:07.555+0800][27.433s][info][gc,metaspace   ] GC(620) Metaspace: 3161K(4864K)->3161K(4864K) NonClass: 2855K(4352K)->2855K(4352K) Class: 305K(512K)->305K(512K)
[2026-06-17T09:51:07.555+0800][27.433s][info][gc             ] GC(620) Pause Young (Allocation Failure) 53M->39M(61M) 3.987ms
[2026-06-17T09:51:07.556+0800][27.434s][info][gc,cpu         ] GC(620) User=0.00s Sys=0.00s Real=0.00s
[2026-06-17T09:51:07.598+0800][27.477s][info][gc,start       ] GC(621) Pause Young (Allocation Failure)
[2026-06-17T09:51:07.599+0800][27.477s][info][gc,start       ] GC(622) Pause Full (Allocation Failure)
[2026-06-17T09:51:07.600+0800][27.478s][info][gc,phases,start] GC(622) Phase 1: Mark live objects
[2026-06-17T09:51:07.602+0800][27.480s][info][gc,phases      ] GC(622) Phase 1: Mark live objects 2.172ms
[2026-06-17T09:51:07.604+0800][27.482s][info][gc,phases,start] GC(622) Phase 2: Compute new object addresses
[2026-06-17T09:51:07.605+0800][27.483s][info][gc,phases      ] GC(622) Phase 2: Compute new object addresses 0.741ms
[2026-06-17T09:51:07.605+0800][27.483s][info][gc,phases,start] GC(622) Phase 3: Adjust pointers
[2026-06-17T09:51:07.606+0800][27.484s][info][gc,phases      ] GC(622) Phase 3: Adjust pointers 0.840ms
[2026-06-17T09:51:07.606+0800][27.484s][info][gc,phases,start] GC(622) Phase 4: Move objects
[2026-06-17T09:51:07.610+0800][27.488s][info][gc,phases      ] GC(622) Phase 4: Move objects 3.663ms
[2026-06-17T09:51:07.611+0800][27.489s][info][gc             ] GC(622) Pause Full (Allocation Failure) 56M->32M(61M) 11.535ms
[2026-06-17T09:51:07.611+0800][27.489s][info][gc,heap        ] GC(621) DefNew: 19467K->0K(19648K)
[2026-06-17T09:51:07.612+0800][27.490s][info][gc,heap        ] GC(621) Tenured: 38254K->33134K(43712K)
[2026-06-17T09:51:07.612+0800][27.490s][info][gc,metaspace   ] GC(621) Metaspace: 3161K(4864K)->3161K(4864K) NonClass: 2855K(4352K)->2855K(4352K) Class: 305K(512K)->305K(512K)
[2026-06-17T09:51:07.612+0800][27.490s][info][gc             ] GC(621) Pause Young (Allocation Failure) 56M->32M(61M) 13.406ms
[2026-06-17T09:51:07.612+0800][27.490s][info][gc,cpu         ] GC(621) User=0.01s Sys=0.00s Real=0.02s
[2026-06-17T09:51:07.657+0800][27.535s][info][gc,start       ] GC(623) Pause Young (Allocation Failure)
[2026-06-17T09:51:07.660+0800][27.538s][info][gc,heap        ] GC(623) DefNew: 17472K->2170K(19648K)
[2026-06-17T09:51:07.660+0800][27.538s][info][gc,heap        ] GC(623) Tenured: 33134K->37859K(43712K)
[2026-06-17T09:51:07.661+0800][27.539s][info][gc,metaspace   ] GC(623) Metaspace: 3161K(4864K)->3161K(4864K) NonClass: 2855K(4352K)->2855K(4352K) Class: 305K(512K)->305K(512K)
[2026-06-17T09:51:07.661+0800][27.539s][info][gc             ] GC(623) Pause Young (Allocation Failure) 49M->39M(61M) 4.194ms
[2026-06-17T09:51:07.662+0800][27.540s][info][gc,cpu         ] GC(623) User=0.01s Sys=0.00s Real=0.00s
[2026-06-17T09:51:07.704+0800][27.582s][info][gc,start       ] GC(624) Pause Young (Allocation Failure)
[2026-06-17T09:51:07.705+0800][27.583s][info][gc,start       ] GC(625) Pause Full (Allocation Failure)
[2026-06-17T09:51:07.705+0800][27.583s][info][gc,phases,start] GC(625) Phase 1: Mark live objects
[2026-06-17T09:51:07.706+0800][27.584s][info][gc,phases      ] GC(625) Phase 1: Mark live objects 0.700ms
[2026-06-17T09:51:07.706+0800][27.584s][info][gc,phases,start] GC(625) Phase 2: Compute new object addresses
[2026-06-17T09:51:07.706+0800][27.584s][info][gc,phases      ] GC(625) Phase 2: Compute new object addresses 0.410ms
[2026-06-17T09:51:07.706+0800][27.584s][info][gc,phases,start] GC(625) Phase 3: Adjust pointers
[2026-06-17T09:51:07.707+0800][27.585s][info][gc,phases      ] GC(625) Phase 3: Adjust pointers 0.396ms
[2026-06-17T09:51:07.707+0800][27.585s][info][gc,phases,start] GC(625) Phase 4: Move objects
[2026-06-17T09:51:07.709+0800][27.587s][info][gc,phases      ] GC(625) Phase 4: Move objects 1.596ms
[2026-06-17T09:51:07.709+0800][27.587s][info][gc             ] GC(625) Pause Full (Allocation Failure) 56M->24M(61M) 4.340ms
[2026-06-17T09:51:07.709+0800][27.587s][info][gc,heap        ] GC(624) DefNew: 19642K->0K(19648K)
[2026-06-17T09:51:07.709+0800][27.587s][info][gc,heap        ] GC(624) Tenured: 37859K->24738K(43712K)
[2026-06-17T09:51:07.710+0800][27.588s][info][gc,metaspace   ] GC(624) Metaspace: 3161K(4864K)->3161K(4864K) NonClass: 2855K(4352K)->2855K(4352K) Class: 305K(512K)->305K(512K)
[2026-06-17T09:51:07.710+0800][27.588s][info][gc             ] GC(624) Pause Young (Allocation Failure) 56M->24M(61M) 5.538ms
[2026-06-17T09:51:07.710+0800][27.588s][info][gc,cpu         ] GC(624) User=0.00s Sys=0.00s Real=0.00s
[2026-06-17T09:51:07.751+0800][27.630s][info][gc,start       ] GC(626) Pause Young (Allocation Failure)
[2026-06-17T09:51:07.753+0800][27.631s][info][gc,heap        ] GC(626) DefNew: 17466K->2168K(19648K)
[2026-06-17T09:51:07.753+0800][27.631s][info][gc,heap        ] GC(626) Tenured: 24738K->29733K(43712K)
[2026-06-17T09:51:07.753+0800][27.631s][info][gc,metaspace   ] GC(626) Metaspace: 3161K(4864K)->3161K(4864K) NonClass: 2855K(4352K)->2855K(4352K) Class: 305K(512K)->305K(512K)
[2026-06-17T09:51:07.753+0800][27.631s][info][gc             ] GC(626) Pause Young (Allocation Failure) 41M->31M(61M) 1.427ms
[2026-06-17T09:51:07.753+0800][27.631s][info][gc,cpu         ] GC(626) User=0.00s Sys=0.00s Real=0.00s
[2026-06-17T09:51:07.806+0800][27.684s][info][gc,start       ] GC(627) Pause Young (Allocation Failure)
[2026-06-17T09:51:07.807+0800][27.685s][info][gc,heap        ] GC(627) DefNew: 19598K->1943K(19648K)
[2026-06-17T09:51:07.808+0800][27.686s][info][gc,heap        ] GC(627) Tenured: 29733K->32526K(43712K)
[2026-06-17T09:51:07.808+0800][27.686s][info][gc,metaspace   ] GC(627) Metaspace: 3161K(4864K)->3161K(4864K) NonClass: 2855K(4352K)->2855K(4352K) Class: 305K(512K)->305K(512K)
[2026-06-17T09:51:07.808+0800][27.686s][info][gc             ] GC(627) Pause Young (Allocation Failure) 48M->33M(61M) 2.144ms
[2026-06-17T09:51:07.808+0800][27.686s][info][gc,cpu         ] GC(627) User=0.00s Sys=0.00s Real=0.00s
[2026-06-17T09:51:07.850+0800][27.728s][info][gc,start       ] GC(628) Pause Young (Allocation Failure)
[2026-06-17T09:51:07.852+0800][27.730s][info][gc,heap        ] GC(628) DefNew: 19411K->2097K(19648K)
[2026-06-17T09:51:07.853+0800][27.731s][info][gc,heap        ] GC(628) Tenured: 32526K->35779K(43712K)
[2026-06-17T09:51:07.853+0800][27.731s][info][gc,metaspace   ] GC(628) Metaspace: 3161K(4864K)->3161K(4864K) NonClass: 2855K(4352K)->2855K(4352K) Class: 305K(512K)->305K(512K)
[2026-06-17T09:51:07.854+0800][27.732s][info][gc             ] GC(628) Pause Young (Allocation Failure) 50M->36M(61M) 3.522ms
[2026-06-17T09:51:07.854+0800][27.732s][info][gc,cpu         ] GC(628) User=0.00s Sys=0.00s Real=0.01s
[2026-06-17T09:51:07.899+0800][27.777s][info][gc,start       ] GC(629) Pause Young (Allocation Failure)
[2026-06-17T09:51:07.902+0800][27.780s][info][gc,heap        ] GC(629) DefNew: 19562K->2163K(19648K)
[2026-06-17T09:51:07.902+0800][27.780s][info][gc,heap        ] GC(629) Tenured: 35779K->39350K(43712K)
[2026-06-17T09:51:07.903+0800][27.781s][info][gc,metaspace   ] GC(629) Metaspace: 3161K(4864K)->3161K(4864K) NonClass: 2855K(4352K)->2855K(4352K) Class: 305K(512K)->305K(512K)
[2026-06-17T09:51:07.904+0800][27.782s][info][gc             ] GC(629) Pause Young (Allocation Failure) 54M->40M(61M) 4.877ms
[2026-06-17T09:51:07.904+0800][27.782s][info][gc,cpu         ] GC(629) User=0.00s Sys=0.00s Real=0.01s
[2026-06-17T09:51:07.949+0800][27.827s][info][gc,start       ] GC(630) Pause Young (Allocation Failure)
[2026-06-17T09:51:07.950+0800][27.828s][info][gc,start       ] GC(631) Pause Full (Allocation Failure)
[2026-06-17T09:51:07.951+0800][27.829s][info][gc,phases,start] GC(631) Phase 1: Mark live objects
[2026-06-17T09:51:07.957+0800][27.835s][info][gc,phases      ] GC(631) Phase 1: Mark live objects 6.138ms
[2026-06-17T09:51:07.959+0800][27.837s][info][gc,phases,start] GC(631) Phase 2: Compute new object addresses
[2026-06-17T09:51:07.961+0800][27.839s][info][gc,phases      ] GC(631) Phase 2: Compute new object addresses 2.113ms
[2026-06-17T09:51:07.962+0800][27.840s][info][gc,phases,start] GC(631) Phase 3: Adjust pointers
[2026-06-17T09:51:07.963+0800][27.841s][info][gc,phases      ] GC(631) Phase 3: Adjust pointers 1.326ms
[2026-06-17T09:51:07.964+0800][27.842s][info][gc,phases,start] GC(631) Phase 4: Move objects
[2026-06-17T09:51:07.968+0800][27.846s][info][gc,phases      ] GC(631) Phase 4: Move objects 3.957ms
[2026-06-17T09:51:07.968+0800][27.846s][info][gc             ] GC(631) Pause Full (Allocation Failure) 57M->31M(61M) 18.503ms
[2026-06-17T09:51:07.969+0800][27.847s][info][gc,heap        ] GC(630) DefNew: 19615K->0K(19648K)
[2026-06-17T09:51:07.969+0800][27.847s][info][gc,heap        ] GC(630) Tenured: 39350K->32104K(43712K)
[2026-06-17T09:51:07.970+0800][27.848s][info][gc,metaspace   ] GC(630) Metaspace: 3161K(4864K)->3161K(4864K) NonClass: 2855K(4352K)->2855K(4352K) Class: 305K(512K)->305K(512K)
[2026-06-17T09:51:07.970+0800][27.848s][info][gc             ] GC(630) Pause Young (Allocation Failure) 57M->31M(61M) 21.623ms
[2026-06-17T09:51:07.971+0800][27.849s][info][gc,cpu         ] GC(630) User=0.00s Sys=0.00s Real=0.03s
[2026-06-17T09:51:08.015+0800][27.893s][info][gc,start       ] GC(632) Pause Young (Allocation Failure)
[2026-06-17T09:51:08.018+0800][27.896s][info][gc,heap        ] GC(632) DefNew: 17460K->2170K(19648K)
[2026-06-17T09:51:08.020+0800][27.898s][info][gc,heap        ] GC(632) Tenured: 32104K->36776K(43712K)
[2026-06-17T09:51:08.021+0800][27.899s][info][gc,metaspace   ] GC(632) Metaspace: 3161K(4864K)->3161K(4864K) NonClass: 2855K(4352K)->2855K(4352K) Class: 305K(512K)->305K(512K)
[2026-06-17T09:51:08.021+0800][27.899s][info][gc             ] GC(632) Pause Young (Allocation Failure) 48M->38M(61M) 6.433ms
[2026-06-17T09:51:08.022+0800][27.900s][info][gc,cpu         ] GC(632) User=0.00s Sys=0.00s Real=0.00s
[2026-06-17T09:51:08.066+0800][27.944s][info][gc,start       ] GC(633) Pause Young (Allocation Failure)
[2026-06-17T09:51:08.068+0800][27.946s][info][gc,heap        ] GC(633) DefNew: 19621K->2168K(19648K)
[2026-06-17T09:51:08.069+0800][27.947s][info][gc,heap        ] GC(633) Tenured: 36776K->40646K(43712K)
[2026-06-17T09:51:08.069+0800][27.947s][info][gc,metaspace   ] GC(633) Metaspace: 3161K(4864K)->3161K(4864K) NonClass: 2855K(4352K)->2855K(4352K) Class: 305K(512K)->305K(512K)
[2026-06-17T09:51:08.070+0800][27.948s][info][gc             ] GC(633) Pause Young (Allocation Failure) 55M->41M(61M) 4.188ms
[2026-06-17T09:51:08.071+0800][27.949s][info][gc,cpu         ] GC(633) User=0.00s Sys=0.00s Real=0.01s
[2026-06-17T09:51:08.116+0800][27.994s][info][gc,start       ] GC(634) Pause Young (Allocation Failure)
[2026-06-17T09:51:08.117+0800][27.995s][info][gc,start       ] GC(635) Pause Full (Allocation Failure)
[2026-06-17T09:51:08.119+0800][27.997s][info][gc,phases,start] GC(635) Phase 1: Mark live objects
[2026-06-17T09:51:08.121+0800][27.999s][info][gc,phases      ] GC(635) Phase 1: Mark live objects 2.015ms
[2026-06-17T09:51:08.121+0800][27.999s][info][gc,phases,start] GC(635) Phase 2: Compute new object addresses
[2026-06-17T09:51:08.123+0800][28.001s][info][gc,phases      ] GC(635) Phase 2: Compute new object addresses 1.213ms
[2026-06-17T09:51:08.123+0800][28.001s][info][gc,phases,start] GC(635) Phase 3: Adjust pointers
[2026-06-17T09:51:08.125+0800][28.003s][info][gc,phases      ] GC(635) Phase 3: Adjust pointers 1.497ms
[2026-06-17T09:51:08.125+0800][28.003s][info][gc,phases,start] GC(635) Phase 4: Move objects
[2026-06-17T09:51:08.129+0800][28.007s][info][gc,phases      ] GC(635) Phase 4: Move objects 3.259ms
[2026-06-17T09:51:08.129+0800][28.007s][info][gc             ] GC(635) Pause Full (Allocation Failure) 58M->28M(61M) 11.937ms
[2026-06-17T09:51:08.130+0800][28.008s][info][gc,heap        ] GC(634) DefNew: 19505K->0K(19648K)
[2026-06-17T09:51:08.130+0800][28.008s][info][gc,heap        ] GC(634) Tenured: 40646K->29422K(43712K)
[2026-06-17T09:51:08.131+0800][28.009s][info][gc,metaspace   ] GC(634) Metaspace: 3161K(4864K)->3161K(4864K) NonClass: 2855K(4352K)->2855K(4352K) Class: 305K(512K)->305K(512K)
[2026-06-17T09:51:08.131+0800][28.009s][info][gc             ] GC(634) Pause Young (Allocation Failure) 58M->28M(61M) 14.937ms
[2026-06-17T09:51:08.132+0800][28.010s][info][gc,cpu         ] GC(634) User=0.01s Sys=0.00s Real=0.02s
[2026-06-17T09:51:08.176+0800][28.054s][info][gc,start       ] GC(636) Pause Young (Allocation Failure)
[2026-06-17T09:51:08.178+0800][28.056s][info][gc,heap        ] GC(636) DefNew: 17460K->2170K(19648K)
[2026-06-17T09:51:08.179+0800][28.057s][info][gc,heap        ] GC(636) Tenured: 29422K->33799K(43712K)
[2026-06-17T09:51:08.179+0800][28.057s][info][gc,metaspace   ] GC(636) Metaspace: 3161K(4864K)->3161K(4864K) NonClass: 2855K(4352K)->2855K(4352K) Class: 305K(512K)->305K(512K)
[2026-06-17T09:51:08.180+0800][28.058s][info][gc             ] GC(636) Pause Young (Allocation Failure) 45M->35M(61M) 4.239ms
[2026-06-17T09:51:08.181+0800][28.059s][info][gc,cpu         ] GC(636) User=0.00s Sys=0.00s Real=0.00s
[2026-06-17T09:51:08.235+0800][28.113s][info][gc,start       ] GC(637) Pause Young (Allocation Failure)
[2026-06-17T09:51:08.237+0800][28.115s][info][gc,heap        ] GC(637) DefNew: 19642K->2146K(19648K)
[2026-06-17T09:51:08.238+0800][28.116s][info][gc,heap        ] GC(637) Tenured: 33799K->35080K(43712K)
[2026-06-17T09:51:08.239+0800][28.117s][info][gc,metaspace   ] GC(637) Metaspace: 3161K(4864K)->3161K(4864K) NonClass: 2855K(4352K)->2855K(4352K) Class: 305K(512K)->305K(512K)
[2026-06-17T09:51:08.240+0800][28.118s][info][gc             ] GC(637) Pause Young (Allocation Failure) 52M->36M(61M) 4.222ms
[2026-06-17T09:51:08.240+0800][28.118s][info][gc,cpu         ] GC(637) User=0.01s Sys=0.00s Real=0.00s
[2026-06-17T09:51:08.275+0800][28.153s][info][gc,start       ] GC(638) Pause Young (Allocation Failure)
[2026-06-17T09:51:08.279+0800][28.157s][info][gc,heap        ] GC(638) DefNew: 19586K->2074K(19648K)
[2026-06-17T09:51:08.279+0800][28.157s][info][gc,heap        ] GC(638) Tenured: 35080K->38227K(43712K)
[2026-06-17T09:51:08.280+0800][28.158s][info][gc,metaspace   ] GC(638) Metaspace: 3161K(4864K)->3161K(4864K) NonClass: 2855K(4352K)->2855K(4352K) Class: 305K(512K)->305K(512K)
[2026-06-17T09:51:08.281+0800][28.159s][info][gc             ] GC(638) Pause Young (Allocation Failure) 53M->39M(61M) 5.610ms
[2026-06-17T09:51:08.281+0800][28.160s][info][gc,cpu         ] GC(638) User=0.00s Sys=0.00s Real=0.00s
[2026-06-17T09:51:08.337+0800][28.215s][info][gc,start       ] GC(639) Pause Young (Allocation Failure)
[2026-06-17T09:51:08.339+0800][28.217s][info][gc,start       ] GC(640) Pause Full (Allocation Failure)
[2026-06-17T09:51:08.340+0800][28.218s][info][gc,phases,start] GC(640) Phase 1: Mark live objects
[2026-06-17T09:51:08.343+0800][28.221s][info][gc,phases      ] GC(640) Phase 1: Mark live objects 3.396ms
[2026-06-17T09:51:08.343+0800][28.222s][info][gc,phases,start] GC(640) Phase 2: Compute new object addresses
[2026-06-17T09:51:08.344+0800][28.222s][info][gc,phases      ] GC(640) Phase 2: Compute new object addresses 0.811ms
[2026-06-17T09:51:08.345+0800][28.223s][info][gc,phases,start] GC(640) Phase 3: Adjust pointers
[2026-06-17T09:51:08.346+0800][28.224s][info][gc,phases      ] GC(640) Phase 3: Adjust pointers 0.849ms
[2026-06-17T09:51:08.346+0800][28.224s][info][gc,phases,start] GC(640) Phase 4: Move objects
[2026-06-17T09:51:08.350+0800][28.228s][info][gc,phases      ] GC(640) Phase 4: Move objects 3.764ms
[2026-06-17T09:51:08.350+0800][28.228s][info][gc             ] GC(640) Pause Full (Allocation Failure) 56M->25M(61M) 11.483ms
[2026-06-17T09:51:08.350+0800][28.228s][info][gc,heap        ] GC(639) DefNew: 19502K->0K(19648K)
[2026-06-17T09:51:08.351+0800][28.229s][info][gc,heap        ] GC(639) Tenured: 38227K->26567K(43712K)
[2026-06-17T09:51:08.351+0800][28.229s][info][gc,metaspace   ] GC(639) Metaspace: 3161K(4864K)->3161K(4864K) NonClass: 2855K(4352K)->2855K(4352K) Class: 305K(512K)->305K(512K)
[2026-06-17T09:51:08.351+0800][28.229s][info][gc             ] GC(639) Pause Young (Allocation Failure) 56M->25M(61M) 14.148ms
[2026-06-17T09:51:08.351+0800][28.229s][info][gc,cpu         ] GC(639) User=0.00s Sys=0.00s Real=0.02s
[2026-06-17T09:51:08.395+0800][28.273s][info][gc,start       ] GC(641) Pause Young (Allocation Failure)
[2026-06-17T09:51:08.398+0800][28.276s][info][gc,heap        ] GC(641) DefNew: 17472K->2172K(19648K)
[2026-06-17T09:51:08.399+0800][28.277s][info][gc,heap        ] GC(641) Tenured: 26567K->31569K(43712K)
[2026-06-17T09:51:08.399+0800][28.277s][info][gc,metaspace   ] GC(641) Metaspace: 3161K(4864K)->3161K(4864K) NonClass: 2855K(4352K)->2855K(4352K) Class: 305K(512K)->305K(512K)
[2026-06-17T09:51:08.400+0800][28.278s][info][gc             ] GC(641) Pause Young (Allocation Failure) 43M->32M(61M) 4.723ms
[2026-06-17T09:51:08.401+0800][28.279s][info][gc,cpu         ] GC(641) User=0.00s Sys=0.00s Real=0.00s
[2026-06-17T09:51:08.445+0800][28.323s][info][gc,start       ] GC(642) Pause Young (Allocation Failure)
[2026-06-17T09:51:08.452+0800][28.330s][info][gc,heap        ] GC(642) DefNew: 19644K->2159K(19648K)
[2026-06-17T09:51:08.485+0800][28.363s][info][gc,heap        ] GC(642) Tenured: 31569K->36079K(43712K)
[2026-06-17T09:51:08.485+0800][28.363s][info][gc,metaspace   ] GC(642) Metaspace: 3161K(4864K)->3161K(4864K) NonClass: 2855K(4352K)->2855K(4352K) Class: 305K(512K)->305K(512K)
[2026-06-17T09:51:08.485+0800][28.363s][info][gc             ] GC(642) Pause Young (Allocation Failure) 50M->37M(61M) 40.248ms
[2026-06-17T09:51:08.486+0800][28.364s][info][gc,cpu         ] GC(642) User=0.00s Sys=0.00s Real=0.04s
[2026-06-17T09:51:08.528+0800][28.406s][info][gc,start       ] GC(643) Pause Young (Allocation Failure)
[2026-06-17T09:51:08.542+0800][28.420s][info][gc,heap        ] GC(643) DefNew: 19608K->2174K(19648K)
[2026-06-17T09:51:08.559+0800][28.437s][info][gc,heap        ] GC(643) Tenured: 36079K->39528K(43712K)
[2026-06-17T09:51:08.560+0800][28.438s][info][gc,metaspace   ] GC(643) Metaspace: 3161K(4864K)->3161K(4864K) NonClass: 2855K(4352K)->2855K(4352K) Class: 305K(512K)->305K(512K)
[2026-06-17T09:51:08.567+0800][28.445s][info][gc             ] GC(643) Pause Young (Allocation Failure) 54M->40M(61M) 39.047ms
[2026-06-17T09:51:08.569+0800][28.447s][info][gc,cpu         ] GC(643) User=0.00s Sys=0.00s Real=0.04s
[2026-06-17T09:51:08.617+0800][28.495s][info][gc,start       ] GC(644) Pause Young (Allocation Failure)
[2026-06-17T09:51:08.619+0800][28.497s][info][gc,start       ] GC(645) Pause Full (Allocation Failure)
[2026-06-17T09:51:08.622+0800][28.500s][info][gc,phases,start] GC(645) Phase 1: Mark live objects
[2026-06-17T09:51:08.624+0800][28.502s][info][gc,phases      ] GC(645) Phase 1: Mark live objects 1.535ms
[2026-06-17T09:51:08.624+0800][28.502s][info][gc,phases,start] GC(645) Phase 2: Compute new object addresses
[2026-06-17T09:51:08.624+0800][28.502s][info][gc,phases      ] GC(645) Phase 2: Compute new object addresses 0.543ms
[2026-06-17T09:51:08.625+0800][28.503s][info][gc,phases,start] GC(645) Phase 3: Adjust pointers
[2026-06-17T09:51:08.625+0800][28.503s][info][gc,phases      ] GC(645) Phase 3: Adjust pointers 0.511ms
[2026-06-17T09:51:08.626+0800][28.504s][info][gc,phases,start] GC(645) Phase 4: Move objects
[2026-06-17T09:51:08.628+0800][28.506s][info][gc,phases      ] GC(645) Phase 4: Move objects 2.319ms
[2026-06-17T09:51:08.633+0800][28.512s][info][gc             ] GC(645) Pause Full (Allocation Failure) 57M->26M(61M) 14.739ms
[2026-06-17T09:51:08.636+0800][28.514s][info][gc,heap        ] GC(644) DefNew: 19595K->0K(19648K)
[2026-06-17T09:51:08.638+0800][28.516s][info][gc,heap        ] GC(644) Tenured: 39528K->26797K(43712K)
[2026-06-17T09:51:08.639+0800][28.517s][info][gc,metaspace   ] GC(644) Metaspace: 3161K(4864K)->3161K(4864K) NonClass: 2855K(4352K)->2855K(4352K) Class: 305K(512K)->305K(512K)
[2026-06-17T09:51:08.639+0800][28.517s][info][gc             ] GC(644) Pause Young (Allocation Failure) 57M->26M(61M) 22.042ms
[2026-06-17T09:51:08.640+0800][28.518s][info][gc,cpu         ] GC(644) User=0.01s Sys=0.00s Real=0.02s
[2026-06-17T09:51:08.683+0800][28.561s][info][gc,start       ] GC(646) Pause Young (Allocation Failure)
[2026-06-17T09:51:08.685+0800][28.564s][info][gc,heap        ] GC(646) DefNew: 17467K->2170K(19648K)
[2026-06-17T09:51:08.689+0800][28.567s][info][gc,heap        ] GC(646) Tenured: 26797K->31537K(43712K)
[2026-06-17T09:51:08.691+0800][28.569s][info][gc,metaspace   ] GC(646) Metaspace: 3161K(4864K)->3161K(4864K) NonClass: 2855K(4352K)->2855K(4352K) Class: 305K(512K)->305K(512K)
[2026-06-17T09:51:08.691+0800][28.569s][info][gc             ] GC(646) Pause Young (Allocation Failure) 43M->32M(61M) 8.692ms
[2026-06-17T09:51:08.694+0800][28.573s][info][gc,cpu         ] GC(646) User=0.00s Sys=0.00s Real=0.01s
[2026-06-17T09:51:08.751+0800][28.629s][info][gc,start       ] GC(647) Pause Young (Allocation Failure)
[2026-06-17T09:51:08.751+0800][28.630s][info][gc,heap        ] GC(647) DefNew: 19642K->2133K(19648K)
[2026-06-17T09:51:08.752+0800][28.630s][info][gc,heap        ] GC(647) Tenured: 31537K->34454K(43712K)
[2026-06-17T09:51:08.752+0800][28.630s][info][gc,metaspace   ] GC(647) Metaspace: 3161K(4864K)->3161K(4864K) NonClass: 2855K(4352K)->2855K(4352K) Class: 305K(512K)->305K(512K)
[2026-06-17T09:51:08.752+0800][28.630s][info][gc             ] GC(647) Pause Young (Allocation Failure) 49M->35M(61M) 1.442ms
[2026-06-17T09:51:08.752+0800][28.630s][info][gc,cpu         ] GC(647) User=0.00s Sys=0.00s Real=0.00s
[2026-06-17T09:51:08.796+0800][28.674s][info][gc,start       ] GC(648) Pause Young (Allocation Failure)
[2026-06-17T09:51:08.799+0800][28.677s][info][gc,heap        ] GC(648) DefNew: 19600K->2155K(19648K)
[2026-06-17T09:51:08.800+0800][28.678s][info][gc,heap        ] GC(648) Tenured: 34454K->37645K(43712K)
[2026-06-17T09:51:08.800+0800][28.678s][info][gc,metaspace   ] GC(648) Metaspace: 3161K(4864K)->3161K(4864K) NonClass: 2855K(4352K)->2855K(4352K) Class: 305K(512K)->305K(512K)
[2026-06-17T09:51:08.801+0800][28.679s][info][gc             ] GC(648) Pause Young (Allocation Failure) 52M->38M(61M) 4.909ms
[2026-06-17T09:51:08.801+0800][28.680s][info][gc,cpu         ] GC(648) User=0.00s Sys=0.00s Real=0.00s
[2026-06-17T09:51:08.846+0800][28.724s][info][gc,start       ] GC(649) Pause Young (Allocation Failure)
[2026-06-17T09:51:08.849+0800][28.727s][info][gc,heap        ] GC(649) DefNew: 19627K->2173K(19648K)
[2026-06-17T09:51:08.850+0800][28.728s][info][gc,heap        ] GC(649) Tenured: 37645K->41438K(43712K)
[2026-06-17T09:51:08.850+0800][28.728s][info][gc,metaspace   ] GC(649) Metaspace: 3161K(4864K)->3161K(4864K) NonClass: 2855K(4352K)->2855K(4352K) Class: 305K(512K)->305K(512K)
[2026-06-17T09:51:08.851+0800][28.729s][info][gc             ] GC(649) Pause Young (Allocation Failure) 55M->42M(61M) 4.798ms
[2026-06-17T09:51:08.852+0800][28.730s][info][gc,cpu         ] GC(649) User=0.01s Sys=0.00s Real=0.01s
[2026-06-17T09:51:08.897+0800][28.775s][info][gc,start       ] GC(650) Pause Young (Allocation Failure)
[2026-06-17T09:51:08.898+0800][28.776s][info][gc,start       ] GC(651) Pause Full (Allocation Failure)
[2026-06-17T09:51:08.898+0800][28.776s][info][gc,phases,start] GC(651) Phase 1: Mark live objects
[2026-06-17T09:51:08.901+0800][28.779s][info][gc,phases      ] GC(651) Phase 1: Mark live objects 2.609ms
[2026-06-17T09:51:08.902+0800][28.780s][info][gc,phases,start] GC(651) Phase 2: Compute new object addresses
[2026-06-17T09:51:08.903+0800][28.781s][info][gc,phases      ] GC(651) Phase 2: Compute new object addresses 0.819ms
[2026-06-17T09:51:08.903+0800][28.781s][info][gc,phases,start] GC(651) Phase 3: Adjust pointers
[2026-06-17T09:51:08.904+0800][28.782s][info][gc,phases      ] GC(651) Phase 3: Adjust pointers 0.823ms
[2026-06-17T09:51:08.904+0800][28.782s][info][gc,phases,start] GC(651) Phase 4: Move objects
[2026-06-17T09:51:08.906+0800][28.784s][info][gc,phases      ] GC(651) Phase 4: Move objects 2.435ms
[2026-06-17T09:51:08.908+0800][28.786s][info][gc             ] GC(651) Pause Full (Allocation Failure) 59M->25M(61M) 9.991ms
[2026-06-17T09:51:08.908+0800][28.786s][info][gc,heap        ] GC(650) DefNew: 19617K->0K(19648K)
[2026-06-17T09:51:08.909+0800][28.787s][info][gc,heap        ] GC(650) Tenured: 41438K->25859K(43712K)
[2026-06-17T09:51:08.909+0800][28.787s][info][gc,metaspace   ] GC(650) Metaspace: 3161K(4864K)->3161K(4864K) NonClass: 2855K(4352K)->2855K(4352K) Class: 305K(512K)->305K(512K)
[2026-06-17T09:51:08.909+0800][28.787s][info][gc             ] GC(650) Pause Young (Allocation Failure) 59M->25M(61M) 12.191ms
[2026-06-17T09:51:08.909+0800][28.787s][info][gc,cpu         ] GC(650) User=0.00s Sys=0.01s Real=0.01s
[2026-06-17T09:51:08.952+0800][28.830s][info][gc,start       ] GC(652) Pause Young (Allocation Failure)
[2026-06-17T09:51:08.954+0800][28.832s][info][gc,heap        ] GC(652) DefNew: 17466K->2167K(19648K)
[2026-06-17T09:51:08.955+0800][28.833s][info][gc,heap        ] GC(652) Tenured: 25859K->30368K(43712K)
[2026-06-17T09:51:08.955+0800][28.833s][info][gc,metaspace   ] GC(652) Metaspace: 3161K(4864K)->3161K(4864K) NonClass: 2855K(4352K)->2855K(4352K) Class: 305K(512K)->305K(512K)
[2026-06-17T09:51:08.959+0800][28.837s][info][gc             ] GC(652) Pause Young (Allocation Failure) 42M->31M(61M) 6.939ms
[2026-06-17T09:51:08.960+0800][28.838s][info][gc,cpu         ] GC(652) User=0.00s Sys=0.00s Real=0.00s
[2026-06-17T09:51:09.014+0800][28.892s][info][gc,start       ] GC(653) Pause Young (Allocation Failure)
[2026-06-17T09:51:09.017+0800][28.895s][info][gc,heap        ] GC(653) DefNew: 19639K->2141K(19648K)
[2026-06-17T09:51:09.018+0800][28.896s][info][gc,heap        ] GC(653) Tenured: 30368K->30919K(43712K)
[2026-06-17T09:51:09.020+0800][28.898s][info][gc,metaspace   ] GC(653) Metaspace: 3161K(4864K)->3161K(4864K) NonClass: 2855K(4352K)->2855K(4352K) Class: 305K(512K)->305K(512K)
[2026-06-17T09:51:09.022+0800][28.901s][info][gc             ] GC(653) Pause Young (Allocation Failure) 48M->32M(61M) 8.141ms
[2026-06-17T09:51:09.025+0800][28.903s][info][gc,cpu         ] GC(653) User=0.00s Sys=0.00s Real=0.01s
[2026-06-17T09:51:09.069+0800][28.947s][info][gc,start       ] GC(654) Pause Young (Allocation Failure)
[2026-06-17T09:51:09.070+0800][28.948s][info][gc,heap        ] GC(654) DefNew: 19569K->2074K(19648K)
[2026-06-17T09:51:09.070+0800][28.948s][info][gc,heap        ] GC(654) Tenured: 30919K->34620K(43712K)
[2026-06-17T09:51:09.070+0800][28.948s][info][gc,metaspace   ] GC(654) Metaspace: 3161K(4864K)->3161K(4864K) NonClass: 2855K(4352K)->2855K(4352K) Class: 305K(512K)->305K(512K)
[2026-06-17T09:51:09.071+0800][28.949s][info][gc             ] GC(654) Pause Young (Allocation Failure) 49M->35M(61M) 1.474ms
[2026-06-17T09:51:09.071+0800][28.949s][info][gc,cpu         ] GC(654) User=0.00s Sys=0.00s Real=0.01s
[2026-06-17T09:51:09.114+0800][28.992s][info][gc,start       ] GC(655) Pause Young (Allocation Failure)
[2026-06-17T09:51:09.116+0800][28.994s][info][gc,heap        ] GC(655) DefNew: 19546K->2168K(19648K)
[2026-06-17T09:51:09.117+0800][28.995s][info][gc,heap        ] GC(655) Tenured: 34620K->38404K(43712K)
[2026-06-17T09:51:09.117+0800][28.995s][info][gc,metaspace   ] GC(655) Metaspace: 3161K(4864K)->3161K(4864K) NonClass: 2855K(4352K)->2855K(4352K) Class: 305K(512K)->305K(512K)
[2026-06-17T09:51:09.118+0800][28.996s][info][gc             ] GC(655) Pause Young (Allocation Failure) 52M->39M(61M) 4.143ms
[2026-06-17T09:51:09.118+0800][28.996s][info][gc,cpu         ] GC(655) User=0.00s Sys=0.00s Real=0.00s
[2026-06-17T09:51:09.161+0800][29.039s][info][gc,start       ] GC(656) Pause Young (Allocation Failure)
[2026-06-17T09:51:09.161+0800][29.039s][info][gc,start       ] GC(657) Pause Full (Allocation Failure)
[2026-06-17T09:51:09.161+0800][29.040s][info][gc,phases,start] GC(657) Phase 1: Mark live objects
[2026-06-17T09:51:09.162+0800][29.040s][info][gc,phases      ] GC(657) Phase 1: Mark live objects 0.803ms
[2026-06-17T09:51:09.163+0800][29.041s][info][gc,phases,start] GC(657) Phase 2: Compute new object addresses
[2026-06-17T09:51:09.163+0800][29.041s][info][gc,phases      ] GC(657) Phase 2: Compute new object addresses 0.429ms
[2026-06-17T09:51:09.163+0800][29.041s][info][gc,phases,start] GC(657) Phase 3: Adjust pointers
[2026-06-17T09:51:09.164+0800][29.042s][info][gc,phases      ] GC(657) Phase 3: Adjust pointers 0.519ms
[2026-06-17T09:51:09.164+0800][29.042s][info][gc,phases,start] GC(657) Phase 4: Move objects
[2026-06-17T09:51:09.166+0800][29.044s][info][gc,phases      ] GC(657) Phase 4: Move objects 2.200ms
[2026-06-17T09:51:09.167+0800][29.045s][info][gc             ] GC(657) Pause Full (Allocation Failure) 56M->31M(61M) 5.557ms
[2026-06-17T09:51:09.167+0800][29.045s][info][gc,heap        ] GC(656) DefNew: 19639K->0K(19648K)
[2026-06-17T09:51:09.167+0800][29.045s][info][gc,heap        ] GC(656) Tenured: 38404K->32314K(43712K)
[2026-06-17T09:51:09.167+0800][29.046s][info][gc,metaspace   ] GC(656) Metaspace: 3161K(4864K)->3161K(4864K) NonClass: 2855K(4352K)->2855K(4352K) Class: 305K(512K)->305K(512K)
[2026-06-17T09:51:09.168+0800][29.046s][info][gc             ] GC(656) Pause Young (Allocation Failure) 56M->31M(61M) 7.017ms
[2026-06-17T09:51:09.168+0800][29.046s][info][gc,cpu         ] GC(656) User=0.00s Sys=0.00s Real=0.01s
[2026-06-17T09:51:09.211+0800][29.089s][info][gc,start       ] GC(658) Pause Young (Allocation Failure)
[2026-06-17T09:51:09.213+0800][29.091s][info][gc,heap        ] GC(658) DefNew: 17472K->2158K(19648K)
[2026-06-17T09:51:09.213+0800][29.091s][info][gc,heap        ] GC(658) Tenured: 32314K->36990K(43712K)
[2026-06-17T09:51:09.214+0800][29.092s][info][gc,metaspace   ] GC(658) Metaspace: 3161K(4864K)->3161K(4864K) NonClass: 2855K(4352K)->2855K(4352K) Class: 305K(512K)->305K(512K)
[2026-06-17T09:51:09.214+0800][29.092s][info][gc             ] GC(658) Pause Young (Allocation Failure) 48M->38M(61M) 3.075ms
[2026-06-17T09:51:09.215+0800][29.093s][info][gc,cpu         ] GC(658) User=0.00s Sys=0.00s Real=0.00s
[2026-06-17T09:51:09.258+0800][29.136s][info][gc,start       ] GC(659) Pause Young (Allocation Failure)
[2026-06-17T09:51:09.261+0800][29.139s][info][gc,heap        ] GC(659) DefNew: 19598K->2158K(19648K)
[2026-06-17T09:51:09.262+0800][29.140s][info][gc,heap        ] GC(659) Tenured: 36990K->40624K(43712K)
[2026-06-17T09:51:09.262+0800][29.140s][info][gc,metaspace   ] GC(659) Metaspace: 3161K(4864K)->3161K(4864K) NonClass: 2855K(4352K)->2855K(4352K) Class: 305K(512K)->305K(512K)
[2026-06-17T09:51:09.263+0800][29.141s][info][gc             ] GC(659) Pause Young (Allocation Failure) 55M->41M(61M) 5.015ms
[2026-06-17T09:51:09.263+0800][29.141s][info][gc,cpu         ] GC(659) User=0.00s Sys=0.00s Real=0.01s
[2026-06-17T09:51:09.307+0800][29.185s][info][gc,start       ] GC(660) Pause Young (Allocation Failure)
[2026-06-17T09:51:09.307+0800][29.185s][info][gc,start       ] GC(661) Pause Full (Allocation Failure)
[2026-06-17T09:51:09.307+0800][29.186s][info][gc,phases,start] GC(661) Phase 1: Mark live objects
[2026-06-17T09:51:09.308+0800][29.186s][info][gc,phases      ] GC(661) Phase 1: Mark live objects 0.876ms
[2026-06-17T09:51:09.309+0800][29.187s][info][gc,phases,start] GC(661) Phase 2: Compute new object addresses
[2026-06-17T09:51:09.309+0800][29.187s][info][gc,phases      ] GC(661) Phase 2: Compute new object addresses 0.426ms
[2026-06-17T09:51:09.309+0800][29.187s][info][gc,phases,start] GC(661) Phase 3: Adjust pointers
[2026-06-17T09:51:09.310+0800][29.188s][info][gc,phases      ] GC(661) Phase 3: Adjust pointers 0.445ms
[2026-06-17T09:51:09.310+0800][29.188s][info][gc,phases,start] GC(661) Phase 4: Move objects
[2026-06-17T09:51:09.312+0800][29.190s][info][gc,phases      ] GC(661) Phase 4: Move objects 1.865ms
[2026-06-17T09:51:09.312+0800][29.190s][info][gc             ] GC(661) Pause Full (Allocation Failure) 58M->20M(61M) 5.008ms
[2026-06-17T09:51:09.313+0800][29.191s][info][gc,heap        ] GC(660) DefNew: 19516K->0K(19648K)
[2026-06-17T09:51:09.313+0800][29.191s][info][gc,heap        ] GC(660) Tenured: 40624K->20971K(43712K)
[2026-06-17T09:51:09.313+0800][29.191s][info][gc,metaspace   ] GC(660) Metaspace: 3161K(4864K)->3161K(4864K) NonClass: 2855K(4352K)->2855K(4352K) Class: 305K(512K)->305K(512K)
[2026-06-17T09:51:09.313+0800][29.191s][info][gc             ] GC(660) Pause Young (Allocation Failure) 58M->20M(61M) 6.255ms
[2026-06-17T09:51:09.314+0800][29.192s][info][gc,cpu         ] GC(660) User=0.01s Sys=0.00s Real=0.01s
[2026-06-17T09:51:09.356+0800][29.234s][info][gc,start       ] GC(662) Pause Young (Allocation Failure)
[2026-06-17T09:51:09.357+0800][29.235s][info][gc,heap        ] GC(662) DefNew: 17472K->2174K(19648K)
[2026-06-17T09:51:09.358+0800][29.236s][info][gc,heap        ] GC(662) Tenured: 20971K->25398K(43712K)
[2026-06-17T09:51:09.358+0800][29.236s][info][gc,metaspace   ] GC(662) Metaspace: 3161K(4864K)->3161K(4864K) NonClass: 2855K(4352K)->2855K(4352K) Class: 305K(512K)->305K(512K)
[2026-06-17T09:51:09.358+0800][29.236s][info][gc             ] GC(662) Pause Young (Allocation Failure) 37M->26M(61M) 1.732ms
[2026-06-17T09:51:09.358+0800][29.236s][info][gc,cpu         ] GC(662) User=0.00s Sys=0.00s Real=0.00s
[2026-06-17T09:51:09.411+0800][29.289s][info][gc,start       ] GC(663) Pause Young (Allocation Failure)
[2026-06-17T09:51:09.412+0800][29.290s][info][gc,heap        ] GC(663) DefNew: 19635K->2108K(19648K)
[2026-06-17T09:51:09.412+0800][29.290s][info][gc,heap        ] GC(663) Tenured: 25398K->28439K(43712K)
[2026-06-17T09:51:09.412+0800][29.290s][info][gc,metaspace   ] GC(663) Metaspace: 3161K(4864K)->3161K(4864K) NonClass: 2855K(4352K)->2855K(4352K) Class: 305K(512K)->305K(512K)
[2026-06-17T09:51:09.412+0800][29.290s][info][gc             ] GC(663) Pause Young (Allocation Failure) 43M->29M(61M) 1.440ms
[2026-06-17T09:51:09.412+0800][29.290s][info][gc,cpu         ] GC(663) User=0.00s Sys=0.00s Real=0.00s
[2026-06-17T09:51:09.455+0800][29.333s][info][gc,start       ] GC(664) Pause Young (Allocation Failure)
[2026-06-17T09:51:09.457+0800][29.335s][info][gc,heap        ] GC(664) DefNew: 19577K->2086K(19648K)
[2026-06-17T09:51:09.457+0800][29.335s][info][gc,heap        ] GC(664) Tenured: 28439K->32188K(43712K)
[2026-06-17T09:51:09.458+0800][29.336s][info][gc,metaspace   ] GC(664) Metaspace: 3161K(4864K)->3161K(4864K) NonClass: 2855K(4352K)->2855K(4352K) Class: 305K(512K)->305K(512K)
[2026-06-17T09:51:09.458+0800][29.336s][info][gc             ] GC(664) Pause Young (Allocation Failure) 46M->33M(61M) 3.188ms
[2026-06-17T09:51:09.459+0800][29.337s][info][gc,cpu         ] GC(664) User=0.00s Sys=0.00s Real=0.00s
[2026-06-17T09:51:09.503+0800][29.381s][info][gc,start       ] GC(665) Pause Young (Allocation Failure)
[2026-06-17T09:51:09.505+0800][29.383s][info][gc,heap        ] GC(665) DefNew: 19558K->2170K(19648K)
[2026-06-17T09:51:09.505+0800][29.383s][info][gc,heap        ] GC(665) Tenured: 32188K->36077K(43712K)
[2026-06-17T09:51:09.506+0800][29.384s][info][gc,metaspace   ] GC(665) Metaspace: 3161K(4864K)->3161K(4864K) NonClass: 2855K(4352K)->2855K(4352K) Class: 305K(512K)->305K(512K)
[2026-06-17T09:51:09.507+0800][29.385s][info][gc             ] GC(665) Pause Young (Allocation Failure) 50M->37M(61M) 3.962ms
[2026-06-17T09:51:09.507+0800][29.385s][info][gc,cpu         ] GC(665) User=0.00s Sys=0.00s Real=0.00s
[2026-06-17T09:51:09.551+0800][29.430s][info][gc,start       ] GC(666) Pause Young (Allocation Failure)
[2026-06-17T09:51:09.553+0800][29.431s][info][gc,heap        ] GC(666) DefNew: 19642K->1700K(19648K)
[2026-06-17T09:51:09.554+0800][29.432s][info][gc,heap        ] GC(666) Tenured: 36077K->37075K(43712K)
[2026-06-17T09:51:09.554+0800][29.432s][info][gc,metaspace   ] GC(666) Metaspace: 3161K(4864K)->3161K(4864K) NonClass: 2855K(4352K)->2855K(4352K) Class: 305K(512K)->305K(512K)
[2026-06-17T09:51:09.555+0800][29.433s][info][gc             ] GC(666) Pause Young (Allocation Failure) 54M->37M(61M) 3.494ms
[2026-06-17T09:51:09.556+0800][29.434s][info][gc,cpu         ] GC(666) User=0.00s Sys=0.00s Real=0.00s
[2026-06-17T09:51:09.611+0800][29.489s][info][gc,start       ] GC(667) Pause Young (Allocation Failure)
[2026-06-17T09:51:09.613+0800][29.491s][info][gc,heap        ] GC(667) DefNew: 19155K->2142K(19648K)
[2026-06-17T09:51:09.614+0800][29.492s][info][gc,heap        ] GC(667) Tenured: 37075K->40656K(43712K)
[2026-06-17T09:51:09.615+0800][29.493s][info][gc,metaspace   ] GC(667) Metaspace: 3161K(4864K)->3161K(4864K) NonClass: 2855K(4352K)->2855K(4352K) Class: 305K(512K)->305K(512K)
[2026-06-17T09:51:09.616+0800][29.494s][info][gc             ] GC(667) Pause Young (Allocation Failure) 54M->41M(61M) 5.268ms
[2026-06-17T09:51:09.616+0800][29.494s][info][gc,cpu         ] GC(667) User=0.00s Sys=0.00s Real=0.00s
[2026-06-17T09:51:09.661+0800][29.539s][info][gc,start       ] GC(668) Pause Young (Allocation Failure)
[2026-06-17T09:51:09.663+0800][29.541s][info][gc,start       ] GC(669) Pause Full (Allocation Failure)
[2026-06-17T09:51:09.664+0800][29.542s][info][gc,phases,start] GC(669) Phase 1: Mark live objects
[2026-06-17T09:51:09.666+0800][29.544s][info][gc,phases      ] GC(669) Phase 1: Mark live objects 2.021ms
[2026-06-17T09:51:09.667+0800][29.545s][info][gc,phases,start] GC(669) Phase 2: Compute new object addresses
[2026-06-17T09:51:09.668+0800][29.546s][info][gc,phases      ] GC(669) Phase 2: Compute new object addresses 1.003ms
[2026-06-17T09:51:09.668+0800][29.546s][info][gc,phases,start] GC(669) Phase 3: Adjust pointers
[2026-06-17T09:51:09.669+0800][29.547s][info][gc,phases      ] GC(669) Phase 3: Adjust pointers 0.963ms
[2026-06-17T09:51:09.670+0800][29.548s][info][gc,phases,start] GC(669) Phase 4: Move objects
[2026-06-17T09:51:09.673+0800][29.551s][info][gc,phases      ] GC(669) Phase 4: Move objects 2.669ms
[2026-06-17T09:51:09.674+0800][29.552s][info][gc             ] GC(669) Pause Full (Allocation Failure) 58M->22M(61M) 10.761ms
[2026-06-17T09:51:09.674+0800][29.552s][info][gc,heap        ] GC(668) DefNew: 19566K->0K(19648K)
[2026-06-17T09:51:09.674+0800][29.552s][info][gc,heap        ] GC(668) Tenured: 40656K->23309K(43712K)
[2026-06-17T09:51:09.675+0800][29.553s][info][gc,metaspace   ] GC(668) Metaspace: 3161K(4864K)->3161K(4864K) NonClass: 2855K(4352K)->2855K(4352K) Class: 305K(512K)->305K(512K)
[2026-06-17T09:51:09.675+0800][29.553s][info][gc             ] GC(668) Pause Young (Allocation Failure) 58M->22M(61M) 13.385ms
[2026-06-17T09:51:09.675+0800][29.553s][info][gc,cpu         ] GC(668) User=0.00s Sys=0.00s Real=0.02s
[2026-06-17T09:51:09.718+0800][29.596s][info][gc,start       ] GC(670) Pause Young (Allocation Failure)
[2026-06-17T09:51:09.721+0800][29.599s][info][gc,heap        ] GC(670) DefNew: 17472K->2169K(19648K)
[2026-06-17T09:51:09.722+0800][29.600s][info][gc,heap        ] GC(670) Tenured: 23309K->27935K(43712K)
[2026-06-17T09:51:09.722+0800][29.600s][info][gc,metaspace   ] GC(670) Metaspace: 3161K(4864K)->3161K(4864K) NonClass: 2855K(4352K)->2855K(4352K) Class: 305K(512K)->305K(512K)
[2026-06-17T09:51:09.723+0800][29.601s][info][gc             ] GC(670) Pause Young (Allocation Failure) 39M->29M(61M) 4.778ms
[2026-06-17T09:51:09.724+0800][29.602s][info][gc,cpu         ] GC(670) User=0.01s Sys=0.00s Real=0.01s
[2026-06-17T09:51:09.768+0800][29.647s][info][gc,start       ] GC(671) Pause Young (Allocation Failure)
[2026-06-17T09:51:09.771+0800][29.649s][info][gc,heap        ] GC(671) DefNew: 19631K->2174K(19648K)
[2026-06-17T09:51:09.772+0800][29.650s][info][gc,heap        ] GC(671) Tenured: 27935K->32452K(43712K)
[2026-06-17T09:51:09.772+0800][29.651s][info][gc,metaspace   ] GC(671) Metaspace: 3161K(4864K)->3161K(4864K) NonClass: 2855K(4352K)->2855K(4352K) Class: 305K(512K)->305K(512K)
[2026-06-17T09:51:09.773+0800][29.651s][info][gc             ] GC(671) Pause Young (Allocation Failure) 46M->33M(61M) 4.449ms
[2026-06-17T09:51:09.774+0800][29.652s][info][gc,cpu         ] GC(671) User=0.00s Sys=0.00s Real=0.01s
[2026-06-17T09:51:09.819+0800][29.697s][info][gc,start       ] GC(672) Pause Young (Allocation Failure)
[2026-06-17T09:51:09.820+0800][29.698s][info][gc,heap        ] GC(672) DefNew: 19640K->2020K(19648K)
[2026-06-17T09:51:09.821+0800][29.699s][info][gc,heap        ] GC(672) Tenured: 32452K->32682K(43712K)
[2026-06-17T09:51:09.822+0800][29.700s][info][gc,metaspace   ] GC(672) Metaspace: 3161K(4864K)->3161K(4864K) NonClass: 2855K(4352K)->2855K(4352K) Class: 305K(512K)->305K(512K)
[2026-06-17T09:51:09.822+0800][29.700s][info][gc             ] GC(672) Pause Young (Allocation Failure) 50M->33M(61M) 3.389ms
[2026-06-17T09:51:09.823+0800][29.701s][info][gc,cpu         ] GC(672) User=0.01s Sys=0.00s Real=0.01s
[2026-06-17T09:51:09.867+0800][29.746s][info][gc,start       ] GC(673) Pause Young (Allocation Failure)
[2026-06-17T09:51:09.869+0800][29.747s][info][gc,heap        ] GC(673) DefNew: 19483K->2170K(19648K)
[2026-06-17T09:51:09.870+0800][29.748s][info][gc,heap        ] GC(673) Tenured: 32682K->39471K(43712K)
[2026-06-17T09:51:09.870+0800][29.748s][info][gc,metaspace   ] GC(673) Metaspace: 3161K(4864K)->3161K(4864K) NonClass: 2855K(4352K)->2855K(4352K) Class: 305K(512K)->305K(512K)
[2026-06-17T09:51:09.871+0800][29.749s][info][gc             ] GC(673) Pause Young (Allocation Failure) 50M->40M(61M) 3.046ms
[2026-06-17T09:51:09.871+0800][29.749s][info][gc,cpu         ] GC(673) User=0.00s Sys=0.00s Real=0.01s
[2026-06-17T09:51:09.915+0800][29.793s][info][gc,start       ] GC(674) Pause Young (Allocation Failure)
[2026-06-17T09:51:09.916+0800][29.794s][info][gc,start       ] GC(675) Pause Full (Allocation Failure)
[2026-06-17T09:51:09.916+0800][29.794s][info][gc,phases,start] GC(675) Phase 1: Mark live objects
[2026-06-17T09:51:09.919+0800][29.797s][info][gc,phases      ] GC(675) Phase 1: Mark live objects 2.319ms
[2026-06-17T09:51:09.919+0800][29.797s][info][gc,phases,start] GC(675) Phase 2: Compute new object addresses
[2026-06-17T09:51:09.920+0800][29.798s][info][gc,phases      ] GC(675) Phase 2: Compute new object addresses 1.003ms
[2026-06-17T09:51:09.921+0800][29.799s][info][gc,phases,start] GC(675) Phase 3: Adjust pointers
[2026-06-17T09:51:09.922+0800][29.800s][info][gc,phases      ] GC(675) Phase 3: Adjust pointers 1.125ms
[2026-06-17T09:51:09.923+0800][29.801s][info][gc,phases,start] GC(675) Phase 4: Move objects
[2026-06-17T09:51:09.926+0800][29.804s][info][gc,phases      ] GC(675) Phase 4: Move objects 3.067ms
[2026-06-17T09:51:09.926+0800][29.804s][info][gc             ] GC(675) Pause Full (Allocation Failure) 57M->25M(61M) 10.473ms
[2026-06-17T09:51:09.927+0800][29.805s][info][gc,heap        ] GC(674) DefNew: 19102K->0K(19648K)
[2026-06-17T09:51:09.927+0800][29.805s][info][gc,heap        ] GC(674) Tenured: 39471K->25609K(43712K)
[2026-06-17T09:51:09.928+0800][29.806s][info][gc,metaspace   ] GC(674) Metaspace: 3161K(4864K)->3161K(4864K) NonClass: 2855K(4352K)->2855K(4352K) Class: 305K(512K)->305K(512K)
[2026-06-17T09:51:09.928+0800][29.806s][info][gc             ] GC(674) Pause Young (Allocation Failure) 57M->25M(61M) 13.498ms
[2026-06-17T09:51:09.929+0800][29.807s][info][gc,cpu         ] GC(674) User=0.01s Sys=0.00s Real=0.01s
[2026-06-17T09:51:09.971+0800][29.849s][info][gc,start       ] GC(676) Pause Young (Allocation Failure)
[2026-06-17T09:51:09.972+0800][29.850s][info][gc,heap        ] GC(676) DefNew: 17236K->2002K(19648K)
[2026-06-17T09:51:09.972+0800][29.850s][info][gc,heap        ] GC(676) Tenured: 25609K->26959K(43712K)
[2026-06-17T09:51:09.973+0800][29.851s][info][gc,metaspace   ] GC(676) Metaspace: 3161K(4864K)->3161K(4864K) NonClass: 2855K(4352K)->2855K(4352K) Class: 305K(512K)->305K(512K)
[2026-06-17T09:51:09.973+0800][29.851s][info][gc             ] GC(676) Pause Young (Allocation Failure) 41M->28M(61M) 1.426ms
[2026-06-17T09:51:09.973+0800][29.851s][info][gc,cpu         ] GC(676) User=0.00s Sys=0.00s Real=0.00s
[2026-06-17T09:51:10.026+0800][29.904s][info][gc,start       ] GC(677) Pause Young (Allocation Failure)
[2026-06-17T09:51:10.028+0800][29.906s][info][gc,heap        ] GC(677) DefNew: 19474K->2153K(19648K)
[2026-06-17T09:51:10.029+0800][29.907s][info][gc,heap        ] GC(677) Tenured: 26959K->30708K(43712K)
[2026-06-17T09:51:10.029+0800][29.908s][info][gc,metaspace   ] GC(677) Metaspace: 3161K(4864K)->3161K(4864K) NonClass: 2855K(4352K)->2855K(4352K) Class: 305K(512K)->305K(512K)
[2026-06-17T09:51:10.030+0800][29.908s][info][gc             ] GC(677) Pause Young (Allocation Failure) 45M->32M(61M) 4.048ms
[2026-06-17T09:51:10.031+0800][29.909s][info][gc,cpu         ] GC(677) User=0.01s Sys=0.00s Real=0.01s
[2026-06-17T09:51:10.075+0800][29.953s][info][gc,start       ] GC(678) Pause Young (Allocation Failure)
[2026-06-17T09:51:10.077+0800][29.955s][info][gc,heap        ] GC(678) DefNew: 19625K->2132K(19648K)
[2026-06-17T09:51:10.078+0800][29.956s][info][gc,heap        ] GC(678) Tenured: 30708K->34213K(43712K)
[2026-06-17T09:51:10.079+0800][29.957s][info][gc,metaspace   ] GC(678) Metaspace: 3161K(4864K)->3161K(4864K) NonClass: 2855K(4352K)->2855K(4352K) Class: 305K(512K)->305K(512K)
[2026-06-17T09:51:10.079+0800][29.957s][info][gc             ] GC(678) Pause Young (Allocation Failure) 49M->35M(61M) 4.461ms
[2026-06-17T09:51:10.080+0800][29.958s][info][gc,cpu         ] GC(678) User=0.00s Sys=0.00s Real=0.00s
[2026-06-17T09:51:10.125+0800][30.003s][info][gc,start       ] GC(679) Pause Young (Allocation Failure)
[2026-06-17T09:51:10.125+0800][30.003s][info][gc,heap        ] GC(679) DefNew: 19582K->2165K(19648K)
[2026-06-17T09:51:10.126+0800][30.004s][info][gc,heap        ] GC(679) Tenured: 34213K->37378K(43712K)
[2026-06-17T09:51:10.126+0800][30.004s][info][gc,metaspace   ] GC(679) Metaspace: 3161K(4864K)->3161K(4864K) NonClass: 2855K(4352K)->2855K(4352K) Class: 305K(512K)->305K(512K)
[2026-06-17T09:51:10.126+0800][30.004s][info][gc             ] GC(679) Pause Young (Allocation Failure) 52M->38M(61M) 1.522ms
[2026-06-17T09:51:10.126+0800][30.004s][info][gc,cpu         ] GC(679) User=0.00s Sys=0.00s Real=0.00s
[2026-06-17T09:51:10.170+0800][30.048s][info][gc,start       ] GC(680) Pause Young (Allocation Failure)
[2026-06-17T09:51:10.171+0800][30.049s][info][gc,start       ] GC(681) Pause Full (Allocation Failure)
[2026-06-17T09:51:10.171+0800][30.049s][info][gc,phases,start] GC(681) Phase 1: Mark live objects
[2026-06-17T09:51:10.173+0800][30.051s][info][gc,phases      ] GC(681) Phase 1: Mark live objects 1.892ms
[2026-06-17T09:51:10.174+0800][30.052s][info][gc,phases,start] GC(681) Phase 2: Compute new object addresses
[2026-06-17T09:51:10.175+0800][30.053s][info][gc,phases      ] GC(681) Phase 2: Compute new object addresses 0.991ms
[2026-06-17T09:51:10.175+0800][30.053s][info][gc,phases,start] GC(681) Phase 3: Adjust pointers
[2026-06-17T09:51:10.176+0800][30.054s][info][gc,phases      ] GC(681) Phase 3: Adjust pointers 0.999ms
[2026-06-17T09:51:10.177+0800][30.055s][info][gc,phases,start] GC(681) Phase 4: Move objects
[2026-06-17T09:51:10.179+0800][30.057s][info][gc,phases      ] GC(681) Phase 4: Move objects 2.273ms
[2026-06-17T09:51:10.180+0800][30.058s][info][gc             ] GC(681) Pause Full (Allocation Failure) 55M->23M(61M) 8.989ms
[2026-06-17T09:51:10.180+0800][30.058s][info][gc,heap        ] GC(680) DefNew: 19617K->0K(19648K)
[2026-06-17T09:51:10.180+0800][30.058s][info][gc,heap        ] GC(680) Tenured: 37378K->23936K(43712K)
[2026-06-17T09:51:10.180+0800][30.058s][info][gc,metaspace   ] GC(680) Metaspace: 3161K(4864K)->3161K(4864K) NonClass: 2855K(4352K)->2855K(4352K) Class: 305K(512K)->305K(512K)
[2026-06-17T09:51:10.181+0800][30.059s][info][gc             ] GC(680) Pause Young (Allocation Failure) 55M->23M(61M) 10.929ms
[2026-06-17T09:51:10.181+0800][30.059s][info][gc,cpu         ] GC(680) User=0.00s Sys=0.00s Real=0.01s
[2026-06-17T09:51:10.225+0800][30.103s][info][gc,start       ] GC(682) Pause Young (Allocation Failure)
[2026-06-17T09:51:10.227+0800][30.105s][info][gc,heap        ] GC(682) DefNew: 17209K->2085K(19648K)
[2026-06-17T09:51:10.228+0800][30.106s][info][gc,heap        ] GC(682) Tenured: 23936K->25253K(43712K)
[2026-06-17T09:51:10.228+0800][30.106s][info][gc,metaspace   ] GC(682) Metaspace: 3161K(4864K)->3161K(4864K) NonClass: 2855K(4352K)->2855K(4352K) Class: 305K(512K)->305K(512K)
[2026-06-17T09:51:10.229+0800][30.107s][info][gc             ] GC(682) Pause Young (Allocation Failure) 40M->26M(61M) 3.372ms
[2026-06-17T09:51:10.229+0800][30.107s][info][gc,cpu         ] GC(682) User=0.00s Sys=0.00s Real=0.00s
[2026-06-17T09:51:10.273+0800][30.151s][info][gc,start       ] GC(683) Pause Young (Allocation Failure)
[2026-06-17T09:51:10.276+0800][30.154s][info][gc,heap        ] GC(683) DefNew: 19512K->2167K(19648K)
[2026-06-17T09:51:10.276+0800][30.154s][info][gc,heap        ] GC(683) Tenured: 25253K->32374K(43712K)
[2026-06-17T09:51:10.277+0800][30.155s][info][gc,metaspace   ] GC(683) Metaspace: 3161K(4864K)->3161K(4864K) NonClass: 2855K(4352K)->2855K(4352K) Class: 305K(512K)->305K(512K)
[2026-06-17T09:51:10.277+0800][30.155s][info][gc             ] GC(683) Pause Young (Allocation Failure) 43M->33M(61M) 4.185ms
[2026-06-17T09:51:10.278+0800][30.156s][info][gc,cpu         ] GC(683) User=0.00s Sys=0.00s Real=0.00s
[2026-06-17T09:51:10.332+0800][30.210s][info][gc,start       ] GC(684) Pause Young (Allocation Failure)
[2026-06-17T09:51:10.336+0800][30.214s][info][gc,heap        ] GC(684) DefNew: 19596K->2116K(19648K)
[2026-06-17T09:51:10.336+0800][30.214s][info][gc,heap        ] GC(684) Tenured: 32374K->33572K(43712K)
[2026-06-17T09:51:10.337+0800][30.215s][info][gc,metaspace   ] GC(684) Metaspace: 3161K(4864K)->3161K(4864K) NonClass: 2855K(4352K)->2855K(4352K) Class: 305K(512K)->305K(512K)
[2026-06-17T09:51:10.337+0800][30.215s][info][gc             ] GC(684) Pause Young (Allocation Failure) 50M->34M(61M) 5.615ms
[2026-06-17T09:51:10.339+0800][30.217s][info][gc,cpu         ] GC(684) User=0.00s Sys=0.00s Real=0.00s
[2026-06-17T09:51:10.371+0800][30.249s][info][gc,start       ] GC(685) Pause Young (Allocation Failure)
[2026-06-17T09:51:10.373+0800][30.251s][info][gc,heap        ] GC(685) DefNew: 19450K->2082K(19648K)
[2026-06-17T09:51:10.373+0800][30.251s][info][gc,heap        ] GC(685) Tenured: 33572K->36975K(43712K)
[2026-06-17T09:51:10.373+0800][30.251s][info][gc,metaspace   ] GC(685) Metaspace: 3161K(4864K)->3161K(4864K) NonClass: 2855K(4352K)->2855K(4352K) Class: 305K(512K)->305K(512K)
[2026-06-17T09:51:10.373+0800][30.251s][info][gc             ] GC(685) Pause Young (Allocation Failure) 51M->38M(61M) 2.040ms
[2026-06-17T09:51:10.374+0800][30.252s][info][gc,cpu         ] GC(685) User=0.00s Sys=0.00s Real=0.00s
[2026-06-17T09:51:10.416+0800][30.294s][info][gc,start       ] GC(686) Pause Young (Allocation Failure)
[2026-06-17T09:51:10.417+0800][30.295s][info][gc,start       ] GC(687) Pause Full (Allocation Failure)
[2026-06-17T09:51:10.417+0800][30.295s][info][gc,phases,start] GC(687) Phase 1: Mark live objects
[2026-06-17T09:51:10.418+0800][30.296s][info][gc,phases      ] GC(687) Phase 1: Mark live objects 0.626ms
[2026-06-17T09:51:10.418+0800][30.296s][info][gc,phases,start] GC(687) Phase 2: Compute new object addresses
[2026-06-17T09:51:10.418+0800][30.296s][info][gc,phases      ] GC(687) Phase 2: Compute new object addresses 0.421ms
[2026-06-17T09:51:10.418+0800][30.297s][info][gc,phases,start] GC(687) Phase 3: Adjust pointers
[2026-06-17T09:51:10.419+0800][30.297s][info][gc,phases      ] GC(687) Phase 3: Adjust pointers 0.367ms
[2026-06-17T09:51:10.419+0800][30.297s][info][gc,phases,start] GC(687) Phase 4: Move objects
[2026-06-17T09:51:10.422+0800][30.300s][info][gc,phases      ] GC(687) Phase 4: Move objects 2.864ms
[2026-06-17T09:51:10.422+0800][30.300s][info][gc             ] GC(687) Pause Full (Allocation Failure) 55M->26M(61M) 5.433ms
[2026-06-17T09:51:10.423+0800][30.301s][info][gc,heap        ] GC(686) DefNew: 19554K->0K(19648K)
[2026-06-17T09:51:10.423+0800][30.301s][info][gc,heap        ] GC(686) Tenured: 36975K->26786K(43712K)
[2026-06-17T09:51:10.423+0800][30.301s][info][gc,metaspace   ] GC(686) Metaspace: 3161K(4864K)->3161K(4864K) NonClass: 2855K(4352K)->2855K(4352K) Class: 305K(512K)->305K(512K)
[2026-06-17T09:51:10.423+0800][30.301s][info][gc             ] GC(686) Pause Young (Allocation Failure) 55M->26M(61M) 6.514ms
[2026-06-17T09:51:10.423+0800][30.301s][info][gc,cpu         ] GC(686) User=0.01s Sys=0.00s Real=0.01s
[2026-06-17T09:51:10.476+0800][30.354s][info][gc,start       ] GC(688) Pause Young (Allocation Failure)
[2026-06-17T09:51:10.478+0800][30.356s][info][gc,heap        ] GC(688) DefNew: 17464K->2042K(19648K)
[2026-06-17T09:51:10.478+0800][30.356s][info][gc,heap        ] GC(688) Tenured: 26786K->28388K(43712K)
[2026-06-17T09:51:10.479+0800][30.357s][info][gc,metaspace   ] GC(688) Metaspace: 3161K(4864K)->3161K(4864K) NonClass: 2855K(4352K)->2855K(4352K) Class: 305K(512K)->305K(512K)
[2026-06-17T09:51:10.480+0800][30.358s][info][gc             ] GC(688) Pause Young (Allocation Failure) 43M->29M(61M) 3.433ms
[2026-06-17T09:51:10.480+0800][30.358s][info][gc,cpu         ] GC(688) User=0.00s Sys=0.00s Real=0.00s
[2026-06-17T09:51:10.524+0800][30.402s][info][gc,start       ] GC(689) Pause Young (Allocation Failure)
[2026-06-17T09:51:10.525+0800][30.403s][info][gc,heap        ] GC(689) DefNew: 19507K->2146K(19648K)
[2026-06-17T09:51:10.525+0800][30.403s][info][gc,heap        ] GC(689) Tenured: 28388K->32013K(43712K)
[2026-06-17T09:51:10.528+0800][30.406s][info][gc,metaspace   ] GC(689) Metaspace: 3161K(4864K)->3161K(4864K) NonClass: 2855K(4352K)->2855K(4352K) Class: 305K(512K)->305K(512K)
[2026-06-17T09:51:10.531+0800][30.409s][info][gc             ] GC(689) Pause Young (Allocation Failure) 46M->33M(61M) 7.280ms
[2026-06-17T09:51:10.539+0800][30.417s][info][gc,cpu         ] GC(689) User=0.00s Sys=0.00s Real=0.01s
[2026-06-17T09:51:10.587+0800][30.465s][info][gc,start       ] GC(690) Pause Young (Allocation Failure)
[2026-06-17T09:51:10.588+0800][30.467s][info][gc,heap        ] GC(690) DefNew: 19588K->2174K(19648K)
[2026-06-17T09:51:10.589+0800][30.467s][info][gc,heap        ] GC(690) Tenured: 32013K->36020K(43712K)
[2026-06-17T09:51:10.589+0800][30.468s][info][gc,metaspace   ] GC(690) Metaspace: 3161K(4864K)->3161K(4864K) NonClass: 2855K(4352K)->2855K(4352K) Class: 305K(512K)->305K(512K)
[2026-06-17T09:51:10.590+0800][30.468s][info][gc             ] GC(690) Pause Young (Allocation Failure) 50M->37M(61M) 3.192ms
[2026-06-17T09:51:10.591+0800][30.469s][info][gc,cpu         ] GC(690) User=0.01s Sys=0.00s Real=0.01s
[2026-06-17T09:51:10.633+0800][30.511s][info][gc,start       ] GC(691) Pause Young (Allocation Failure)
[2026-06-17T09:51:10.635+0800][30.513s][info][gc,heap        ] GC(691) DefNew: 19621K->2175K(19648K)
[2026-06-17T09:51:10.635+0800][30.513s][info][gc,heap        ] GC(691) Tenured: 36020K->40303K(43712K)
[2026-06-17T09:51:10.635+0800][30.513s][info][gc,metaspace   ] GC(691) Metaspace: 3161K(4864K)->3161K(4864K) NonClass: 2855K(4352K)->2855K(4352K) Class: 305K(512K)->305K(512K)
[2026-06-17T09:51:10.635+0800][30.513s][info][gc             ] GC(691) Pause Young (Allocation Failure) 54M->41M(61M) 1.897ms
[2026-06-17T09:51:10.636+0800][30.514s][info][gc,cpu         ] GC(691) User=0.00s Sys=0.00s Real=0.00s
[2026-06-17T09:51:10.679+0800][30.557s][info][gc,start       ] GC(692) Pause Young (Allocation Failure)
[2026-06-17T09:51:10.680+0800][30.558s][info][gc,start       ] GC(693) Pause Full (Allocation Failure)
[2026-06-17T09:51:10.681+0800][30.559s][info][gc,phases,start] GC(693) Phase 1: Mark live objects
[2026-06-17T09:51:10.683+0800][30.562s][info][gc,phases      ] GC(693) Phase 1: Mark live objects 2.551ms
[2026-06-17T09:51:10.684+0800][30.563s][info][gc,phases,start] GC(693) Phase 2: Compute new object addresses
[2026-06-17T09:51:10.686+0800][30.564s][info][gc,phases      ] GC(693) Phase 2: Compute new object addresses 1.446ms
[2026-06-17T09:51:10.686+0800][30.564s][info][gc,phases,start] GC(693) Phase 3: Adjust pointers
[2026-06-17T09:51:10.687+0800][30.565s][info][gc,phases      ] GC(693) Phase 3: Adjust pointers 0.762ms
[2026-06-17T09:51:10.688+0800][30.566s][info][gc,phases,start] GC(693) Phase 4: Move objects
[2026-06-17T09:51:10.691+0800][30.569s][info][gc,phases      ] GC(693) Phase 4: Move objects 3.039ms
[2026-06-17T09:51:10.691+0800][30.569s][info][gc             ] GC(693) Pause Full (Allocation Failure) 58M->30M(61M) 10.893ms
[2026-06-17T09:51:10.691+0800][30.569s][info][gc,heap        ] GC(692) DefNew: 19608K->0K(19648K)
[2026-06-17T09:51:10.692+0800][30.570s][info][gc,heap        ] GC(692) Tenured: 40303K->31073K(43712K)
[2026-06-17T09:51:10.692+0800][30.570s][info][gc,metaspace   ] GC(692) Metaspace: 3161K(4864K)->3161K(4864K) NonClass: 2855K(4352K)->2855K(4352K) Class: 305K(512K)->305K(512K)
[2026-06-17T09:51:10.692+0800][30.570s][info][gc             ] GC(692) Pause Young (Allocation Failure) 58M->30M(61M) 12.762ms
[2026-06-17T09:51:10.692+0800][30.570s][info][gc,cpu         ] GC(692) User=0.01s Sys=0.00s Real=0.02s
[2026-06-17T09:51:10.744+0800][30.622s][info][gc,start       ] GC(694) Pause Young (Allocation Failure)
[2026-06-17T09:51:10.759+0800][30.637s][info][gc,heap        ] GC(694) DefNew: 17472K->2025K(19648K)
[2026-06-17T09:51:10.767+0800][30.645s][info][gc,heap        ] GC(694) Tenured: 31073K->32892K(43712K)
[2026-06-17T09:51:10.770+0800][30.648s][info][gc,metaspace   ] GC(694) Metaspace: 3161K(4864K)->3161K(4864K) NonClass: 2855K(4352K)->2855K(4352K) Class: 305K(512K)->305K(512K)
[2026-06-17T09:51:10.772+0800][30.650s][info][gc             ] GC(694) Pause Young (Allocation Failure) 47M->34M(61M) 27.172ms
[2026-06-17T09:51:10.774+0800][30.652s][info][gc,cpu         ] GC(694) User=0.00s Sys=0.00s Real=0.03s
[2026-06-17T09:51:10.807+0800][30.685s][info][gc,start       ] GC(695) Pause Young (Allocation Failure)
[2026-06-17T09:51:10.831+0800][30.709s][info][gc,heap        ] GC(695) DefNew: 19300K->2069K(19648K)
[2026-06-17T09:51:10.838+0800][30.717s][info][gc,heap        ] GC(695) Tenured: 32892K->36196K(43712K)
[2026-06-17T09:51:10.842+0800][30.720s][info][gc,metaspace   ] GC(695) Metaspace: 3161K(4864K)->3161K(4864K) NonClass: 2855K(4352K)->2855K(4352K) Class: 305K(512K)->305K(512K)
[2026-06-17T09:51:10.844+0800][30.722s][info][gc             ] GC(695) Pause Young (Allocation Failure) 50M->37M(61M) 36.440ms
[2026-06-17T09:51:10.844+0800][30.722s][info][gc,cpu         ] GC(695) User=0.00s Sys=0.00s Real=0.04s
[2026-06-17T09:51:10.923+0800][30.801s][info][gc,start       ] GC(696) Pause Young (Allocation Failure)
[2026-06-17T09:51:10.926+0800][30.804s][info][gc,heap        ] GC(696) DefNew: 19525K->2106K(19648K)
[2026-06-17T09:51:10.929+0800][30.807s][info][gc,heap        ] GC(696) Tenured: 36196K->40001K(43712K)
[2026-06-17T09:51:10.929+0800][30.807s][info][gc,metaspace   ] GC(696) Metaspace: 3161K(4864K)->3161K(4864K) NonClass: 2855K(4352K)->2855K(4352K) Class: 305K(512K)->305K(512K)
[2026-06-17T09:51:10.938+0800][30.817s][info][gc             ] GC(696) Pause Young (Allocation Failure) 54M->41M(61M) 15.713ms
[2026-06-17T09:51:10.940+0800][30.818s][info][gc,cpu         ] GC(696) User=0.00s Sys=0.00s Real=0.01s
[2026-06-17T09:51:10.994+0800][30.872s][info][gc,start       ] GC(697) Pause Young (Allocation Failure)
[2026-06-17T09:51:10.995+0800][30.873s][info][gc,start       ] GC(698) Pause Full (Allocation Failure)
[2026-06-17T09:51:10.996+0800][30.874s][info][gc,phases,start] GC(698) Phase 1: Mark live objects
[2026-06-17T09:51:10.999+0800][30.877s][info][gc,phases      ] GC(698) Phase 1: Mark live objects 2.467ms
[2026-06-17T09:51:11.000+0800][30.878s][info][gc,phases,start] GC(698) Phase 2: Compute new object addresses
[2026-06-17T09:51:11.001+0800][30.879s][info][gc,phases      ] GC(698) Phase 2: Compute new object addresses 1.251ms
[2026-06-17T09:51:11.002+0800][30.880s][info][gc,phases,start] GC(698) Phase 3: Adjust pointers
[2026-06-17T09:51:11.005+0800][30.883s][info][gc,phases      ] GC(698) Phase 3: Adjust pointers 2.367ms
[2026-06-17T09:51:11.006+0800][30.884s][info][gc,phases,start] GC(698) Phase 4: Move objects
[2026-06-17T09:51:11.012+0800][30.890s][info][gc,phases      ] GC(698) Phase 4: Move objects 6.265ms
[2026-06-17T09:51:11.014+0800][30.892s][info][gc             ] GC(698) Pause Full (Allocation Failure) 58M->30M(61M) 18.521ms
[2026-06-17T09:51:11.016+0800][30.894s][info][gc,heap        ] GC(697) DefNew: 19560K->0K(19648K)
[2026-06-17T09:51:11.018+0800][30.896s][info][gc,heap        ] GC(697) Tenured: 40001K->31496K(43712K)
[2026-06-17T09:51:11.019+0800][30.897s][info][gc,metaspace   ] GC(697) Metaspace: 3161K(4864K)->3161K(4864K) NonClass: 2855K(4352K)->2855K(4352K) Class: 305K(512K)->305K(512K)
[2026-06-17T09:51:11.020+0800][30.898s][info][gc             ] GC(697) Pause Young (Allocation Failure) 58M->30M(61M) 26.421ms
[2026-06-17T09:51:11.022+0800][30.900s][info][gc,cpu         ] GC(697) User=0.00s Sys=0.00s Real=0.02s
[2026-06-17T09:51:11.068+0800][30.946s][info][gc,start       ] GC(699) Pause Young (Allocation Failure)
[2026-06-17T09:51:11.070+0800][30.948s][info][gc,heap        ] GC(699) DefNew: 17467K->2167K(19648K)
[2026-06-17T09:51:11.071+0800][30.949s][info][gc,heap        ] GC(699) Tenured: 31496K->36286K(43712K)
[2026-06-17T09:51:11.071+0800][30.950s][info][gc,metaspace   ] GC(699) Metaspace: 3161K(4864K)->3161K(4864K) NonClass: 2855K(4352K)->2855K(4352K) Class: 305K(512K)->305K(512K)
[2026-06-17T09:51:11.072+0800][30.950s][info][gc             ] GC(699) Pause Young (Allocation Failure) 47M->37M(61M) 3.864ms
[2026-06-17T09:51:11.073+0800][30.951s][info][gc,cpu         ] GC(699) User=0.00s Sys=0.00s Real=0.01s
[2026-06-17T09:51:11.117+0800][30.995s][info][gc,start       ] GC(700) Pause Young (Allocation Failure)
[2026-06-17T09:51:11.119+0800][30.997s][info][gc,heap        ] GC(700) DefNew: 19630K->2171K(19648K)
[2026-06-17T09:51:11.120+0800][30.998s][info][gc,heap        ] GC(700) Tenured: 36286K->40477K(43712K)
[2026-06-17T09:51:11.120+0800][30.998s][info][gc,metaspace   ] GC(700) Metaspace: 3161K(4864K)->3161K(4864K) NonClass: 2855K(4352K)->2855K(4352K) Class: 305K(512K)->305K(512K)
[2026-06-17T09:51:11.121+0800][30.999s][info][gc             ] GC(700) Pause Young (Allocation Failure) 54M->41M(61M) 4.061ms
[2026-06-17T09:51:11.121+0800][30.999s][info][gc,cpu         ] GC(700) User=0.00s Sys=0.00s Real=0.00s
[2026-06-17T09:51:11.166+0800][31.044s][info][gc,start       ] GC(701) Pause Young (Allocation Failure)
[2026-06-17T09:51:11.166+0800][31.044s][info][gc,start       ] GC(702) Pause Full (Allocation Failure)
[2026-06-17T09:51:11.167+0800][31.045s][info][gc,phases,start] GC(702) Phase 1: Mark live objects
[2026-06-17T09:51:11.169+0800][31.047s][info][gc,phases      ] GC(702) Phase 1: Mark live objects 1.354ms
[2026-06-17T09:51:11.169+0800][31.047s][info][gc,phases,start] GC(702) Phase 2: Compute new object addresses
[2026-06-17T09:51:11.170+0800][31.048s][info][gc,phases      ] GC(702) Phase 2: Compute new object addresses 0.676ms
[2026-06-17T09:51:11.170+0800][31.048s][info][gc,phases,start] GC(702) Phase 3: Adjust pointers
[2026-06-17T09:51:11.171+0800][31.049s][info][gc,phases      ] GC(702) Phase 3: Adjust pointers 0.787ms
[2026-06-17T09:51:11.172+0800][31.050s][info][gc,phases,start] GC(702) Phase 4: Move objects
[2026-06-17T09:51:11.174+0800][31.052s][info][gc,phases      ] GC(702) Phase 4: Move objects 2.595ms
[2026-06-17T09:51:11.175+0800][31.053s][info][gc             ] GC(702) Pause Full (Allocation Failure) 58M->27M(61M) 8.490ms
[2026-06-17T09:51:11.175+0800][31.053s][info][gc,heap        ] GC(701) DefNew: 19635K->0K(19648K)
[2026-06-17T09:51:11.176+0800][31.054s][info][gc,heap        ] GC(701) Tenured: 40477K->28372K(43712K)
[2026-06-17T09:51:11.176+0800][31.054s][info][gc,metaspace   ] GC(701) Metaspace: 3161K(4864K)->3161K(4864K) NonClass: 2855K(4352K)->2855K(4352K) Class: 305K(512K)->305K(512K)
[2026-06-17T09:51:11.176+0800][31.054s][info][gc             ] GC(701) Pause Young (Allocation Failure) 58M->27M(61M) 10.758ms
[2026-06-17T09:51:11.177+0800][31.055s][info][gc,cpu         ] GC(701) User=0.00s Sys=0.00s Real=0.01s
[2026-06-17T09:51:11.230+0800][31.108s][info][gc,start       ] GC(703) Pause Young (Allocation Failure)
[2026-06-17T09:51:11.231+0800][31.109s][info][gc,heap        ] GC(703) DefNew: 17472K->2087K(19648K)
[2026-06-17T09:51:11.232+0800][31.110s][info][gc,heap        ] GC(703) Tenured: 28372K->30199K(43712K)
[2026-06-17T09:51:11.232+0800][31.111s][info][gc,metaspace   ] GC(703) Metaspace: 3161K(4864K)->3161K(4864K) NonClass: 2855K(4352K)->2855K(4352K) Class: 305K(512K)->305K(512K)
[2026-06-17T09:51:11.233+0800][31.111s][info][gc             ] GC(703) Pause Young (Allocation Failure) 44M->31M(61M) 2.797ms
[2026-06-17T09:51:11.233+0800][31.111s][info][gc,cpu         ] GC(703) User=0.00s Sys=0.00s Real=0.01s
[2026-06-17T09:51:11.277+0800][31.156s][info][gc,start       ] GC(704) Pause Young (Allocation Failure)
[2026-06-17T09:51:11.281+0800][31.159s][info][gc,heap        ] GC(704) DefNew: 19559K->2155K(19648K)
[2026-06-17T09:51:11.282+0800][31.160s][info][gc,heap        ] GC(704) Tenured: 30199K->33817K(43712K)
[2026-06-17T09:51:11.283+0800][31.161s][info][gc,metaspace   ] GC(704) Metaspace: 3161K(4864K)->3161K(4864K) NonClass: 2855K(4352K)->2855K(4352K) Class: 305K(512K)->305K(512K)
[2026-06-17T09:51:11.285+0800][31.163s][info][gc             ] GC(704) Pause Young (Allocation Failure) 48M->35M(61M) 7.212ms
[2026-06-17T09:51:11.287+0800][31.165s][info][gc,cpu         ] GC(704) User=0.00s Sys=0.00s Real=0.01s
[2026-06-17T09:51:11.334+0800][31.212s][info][gc,start       ] GC(705) Pause Young (Allocation Failure)
[2026-06-17T09:51:11.336+0800][31.214s][info][gc,heap        ] GC(705) DefNew: 19624K->2158K(19648K)
[2026-06-17T09:51:11.337+0800][31.215s][info][gc,heap        ] GC(705) Tenured: 33817K->37470K(43712K)
[2026-06-17T09:51:11.337+0800][31.215s][info][gc,metaspace   ] GC(705) Metaspace: 3161K(4864K)->3161K(4864K) NonClass: 2855K(4352K)->2855K(4352K) Class: 305K(512K)->305K(512K)
[2026-06-17T09:51:11.338+0800][31.216s][info][gc             ] GC(705) Pause Young (Allocation Failure) 52M->38M(61M) 4.267ms
[2026-06-17T09:51:11.338+0800][31.216s][info][gc,cpu         ] GC(705) User=0.00s Sys=0.00s Real=0.00s
[2026-06-17T09:51:11.381+0800][31.259s][info][gc,start       ] GC(706) Pause Young (Allocation Failure)
[2026-06-17T09:51:11.382+0800][31.260s][info][gc,start       ] GC(707) Pause Full (Allocation Failure)
[2026-06-17T09:51:11.382+0800][31.260s][info][gc,phases,start] GC(707) Phase 1: Mark live objects
[2026-06-17T09:51:11.383+0800][31.261s][info][gc,phases      ] GC(707) Phase 1: Mark live objects 0.976ms
[2026-06-17T09:51:11.384+0800][31.262s][info][gc,phases,start] GC(707) Phase 2: Compute new object addresses
[2026-06-17T09:51:11.384+0800][31.263s][info][gc,phases      ] GC(707) Phase 2: Compute new object addresses 0.734ms
[2026-06-17T09:51:11.385+0800][31.263s][info][gc,phases,start] GC(707) Phase 3: Adjust pointers
[2026-06-17T09:51:11.385+0800][31.263s][info][gc,phases      ] GC(707) Phase 3: Adjust pointers 0.658ms
[2026-06-17T09:51:11.386+0800][31.264s][info][gc,phases,start] GC(707) Phase 4: Move objects
[2026-06-17T09:51:11.388+0800][31.266s][info][gc,phases      ] GC(707) Phase 4: Move objects 2.053ms
[2026-06-17T09:51:11.388+0800][31.266s][info][gc             ] GC(707) Pause Full (Allocation Failure) 55M->31M(61M) 6.151ms
[2026-06-17T09:51:11.388+0800][31.266s][info][gc,heap        ] GC(706) DefNew: 19604K->0K(19648K)
[2026-06-17T09:51:11.388+0800][31.266s][info][gc,heap        ] GC(706) Tenured: 37470K->32764K(43712K)
[2026-06-17T09:51:11.388+0800][31.266s][info][gc,metaspace   ] GC(706) Metaspace: 3161K(4864K)->3161K(4864K) NonClass: 2855K(4352K)->2855K(4352K) Class: 305K(512K)->305K(512K)
[2026-06-17T09:51:11.389+0800][31.267s][info][gc             ] GC(706) Pause Young (Allocation Failure) 55M->31M(61M) 7.245ms
[2026-06-17T09:51:11.389+0800][31.267s][info][gc,cpu         ] GC(706) User=0.00s Sys=0.00s Real=0.01s
[2026-06-17T09:51:11.432+0800][31.310s][info][gc,start       ] GC(708) Pause Young (Allocation Failure)
[2026-06-17T09:51:11.434+0800][31.312s][info][gc,heap        ] GC(708) DefNew: 17443K->2169K(19648K)
[2026-06-17T09:51:11.434+0800][31.312s][info][gc,heap        ] GC(708) Tenured: 32764K->37302K(43712K)
[2026-06-17T09:51:11.435+0800][31.313s][info][gc,metaspace   ] GC(708) Metaspace: 3161K(4864K)->3161K(4864K) NonClass: 2855K(4352K)->2855K(4352K) Class: 305K(512K)->305K(512K)
[2026-06-17T09:51:11.436+0800][31.314s][info][gc             ] GC(708) Pause Young (Allocation Failure) 49M->38M(61M) 3.983ms
[2026-06-17T09:51:11.436+0800][31.314s][info][gc,cpu         ] GC(708) User=0.00s Sys=0.00s Real=0.00s
[2026-06-17T09:51:11.492+0800][31.370s][info][gc,start       ] GC(709) Pause Young (Allocation Failure)
[2026-06-17T09:51:11.493+0800][31.371s][info][gc,start       ] GC(710) Pause Full (Allocation Failure)
[2026-06-17T09:51:11.494+0800][31.372s][info][gc,phases,start] GC(710) Phase 1: Mark live objects
[2026-06-17T09:51:11.496+0800][31.374s][info][gc,phases      ] GC(710) Phase 1: Mark live objects 2.268ms
[2026-06-17T09:51:11.497+0800][31.375s][info][gc,phases,start] GC(710) Phase 2: Compute new object addresses
[2026-06-17T09:51:11.498+0800][31.376s][info][gc,phases      ] GC(710) Phase 2: Compute new object addresses 0.857ms
[2026-06-17T09:51:11.499+0800][31.377s][info][gc,phases,start] GC(710) Phase 3: Adjust pointers
[2026-06-17T09:51:11.500+0800][31.378s][info][gc,phases      ] GC(710) Phase 3: Adjust pointers 1.212ms
[2026-06-17T09:51:11.501+0800][31.379s][info][gc,phases,start] GC(710) Phase 4: Move objects
[2026-06-17T09:51:11.504+0800][31.382s][info][gc,phases      ] GC(710) Phase 4: Move objects 3.135ms
[2026-06-17T09:51:11.504+0800][31.382s][info][gc             ] GC(710) Pause Full (Allocation Failure) 55M->25M(61M) 11.442ms
[2026-06-17T09:51:11.505+0800][31.383s][info][gc,heap        ] GC(709) DefNew: 19627K->0K(19648K)
[2026-06-17T09:51:11.505+0800][31.383s][info][gc,heap        ] GC(709) Tenured: 37302K->26322K(43712K)
[2026-06-17T09:51:11.506+0800][31.384s][info][gc,metaspace   ] GC(709) Metaspace: 3161K(4864K)->3161K(4864K) NonClass: 2855K(4352K)->2855K(4352K) Class: 305K(512K)->305K(512K)
[2026-06-17T09:51:11.506+0800][31.384s][info][gc             ] GC(709) Pause Young (Allocation Failure) 55M->25M(61M) 14.555ms
[2026-06-17T09:51:11.507+0800][31.385s][info][gc,cpu         ] GC(709) User=0.00s Sys=0.00s Real=0.01s
[2026-06-17T09:51:11.551+0800][31.429s][info][gc,start       ] GC(711) Pause Young (Allocation Failure)
[2026-06-17T09:51:11.553+0800][31.431s][info][gc,heap        ] GC(711) DefNew: 17472K->2174K(19648K)
[2026-06-17T09:51:11.554+0800][31.432s][info][gc,heap        ] GC(711) Tenured: 26322K->31015K(43712K)
[2026-06-17T09:51:11.555+0800][31.433s][info][gc,metaspace   ] GC(711) Metaspace: 3161K(4864K)->3161K(4864K) NonClass: 2855K(4352K)->2855K(4352K) Class: 305K(512K)->305K(512K)
[2026-06-17T09:51:11.555+0800][31.433s][info][gc             ] GC(711) Pause Young (Allocation Failure) 42M->32M(61M) 4.474ms
[2026-06-17T09:51:11.556+0800][31.434s][info][gc,cpu         ] GC(711) User=0.00s Sys=0.00s Real=0.00s
[2026-06-17T09:51:11.600+0800][31.479s][info][gc,start       ] GC(712) Pause Young (Allocation Failure)
[2026-06-17T09:51:11.603+0800][31.481s][info][gc,heap        ] GC(712) DefNew: 19635K->2129K(19648K)
[2026-06-17T09:51:11.604+0800][31.482s][info][gc,heap        ] GC(712) Tenured: 31015K->35525K(43712K)
[2026-06-17T09:51:11.604+0800][31.482s][info][gc,metaspace   ] GC(712) Metaspace: 3161K(4864K)->3161K(4864K) NonClass: 2855K(4352K)->2855K(4352K) Class: 305K(512K)->305K(512K)
[2026-06-17T09:51:11.605+0800][31.483s][info][gc             ] GC(712) Pause Young (Allocation Failure) 49M->36M(61M) 4.393ms
[2026-06-17T09:51:11.605+0800][31.483s][info][gc,cpu         ] GC(712) User=0.00s Sys=0.00s Real=0.01s
[2026-06-17T09:51:11.650+0800][31.528s][info][gc,start       ] GC(713) Pause Young (Allocation Failure)
[2026-06-17T09:51:11.652+0800][31.530s][info][gc,heap        ] GC(713) DefNew: 19601K->2172K(19648K)
[2026-06-17T09:51:11.652+0800][31.530s][info][gc,heap        ] GC(713) Tenured: 35525K->38917K(43712K)
[2026-06-17T09:51:11.653+0800][31.531s][info][gc,metaspace   ] GC(713) Metaspace: 3161K(4864K)->3161K(4864K) NonClass: 2855K(4352K)->2855K(4352K) Class: 305K(512K)->305K(512K)
[2026-06-17T09:51:11.653+0800][31.532s][info][gc             ] GC(713) Pause Young (Allocation Failure) 53M->40M(61M) 3.902ms
[2026-06-17T09:51:11.654+0800][31.532s][info][gc,cpu         ] GC(713) User=0.00s Sys=0.00s Real=0.01s
[2026-06-17T09:51:11.697+0800][31.575s][info][gc,start       ] GC(714) Pause Young (Allocation Failure)
[2026-06-17T09:51:11.700+0800][31.578s][info][gc,start       ] GC(715) Pause Full (Allocation Failure)
[2026-06-17T09:51:11.700+0800][31.578s][info][gc,phases,start] GC(715) Phase 1: Mark live objects
[2026-06-17T09:51:11.701+0800][31.579s][info][gc,phases      ] GC(715) Phase 1: Mark live objects 1.128ms
[2026-06-17T09:51:11.701+0800][31.580s][info][gc,phases,start] GC(715) Phase 2: Compute new object addresses
[2026-06-17T09:51:11.702+0800][31.580s][info][gc,phases      ] GC(715) Phase 2: Compute new object addresses 0.474ms
[2026-06-17T09:51:11.702+0800][31.580s][info][gc,phases,start] GC(715) Phase 3: Adjust pointers
[2026-06-17T09:51:11.703+0800][31.581s][info][gc,phases      ] GC(715) Phase 3: Adjust pointers 0.584ms
[2026-06-17T09:51:11.703+0800][31.581s][info][gc,phases,start] GC(715) Phase 4: Move objects
[2026-06-17T09:51:11.705+0800][31.583s][info][gc,phases      ] GC(715) Phase 4: Move objects 2.228ms
[2026-06-17T09:51:11.705+0800][31.583s][info][gc             ] GC(715) Pause Full (Allocation Failure) 57M->22M(61M) 5.733ms
[2026-06-17T09:51:11.705+0800][31.584s][info][gc,heap        ] GC(714) DefNew: 19615K->0K(19648K)
[2026-06-17T09:51:11.706+0800][31.584s][info][gc,heap        ] GC(714) Tenured: 38917K->22990K(43712K)
[2026-06-17T09:51:11.706+0800][31.584s][info][gc,metaspace   ] GC(714) Metaspace: 3161K(4864K)->3161K(4864K) NonClass: 2855K(4352K)->2855K(4352K) Class: 305K(512K)->305K(512K)
[2026-06-17T09:51:11.706+0800][31.584s][info][gc             ] GC(714) Pause Young (Allocation Failure) 57M->22M(61M) 8.347ms
[2026-06-17T09:51:11.706+0800][31.584s][info][gc,cpu         ] GC(714) User=0.00s Sys=0.00s Real=0.01s
[2026-06-17T09:51:11.749+0800][31.627s][info][gc,start       ] GC(716) Pause Young (Allocation Failure)
[2026-06-17T09:51:11.751+0800][31.629s][info][gc,heap        ] GC(716) DefNew: 17451K->2172K(19648K)
[2026-06-17T09:51:11.752+0800][31.630s][info][gc,heap        ] GC(716) Tenured: 22990K->27499K(43712K)
[2026-06-17T09:51:11.752+0800][31.630s][info][gc,metaspace   ] GC(716) Metaspace: 3161K(4864K)->3161K(4864K) NonClass: 2855K(4352K)->2855K(4352K) Class: 305K(512K)->305K(512K)
[2026-06-17T09:51:11.753+0800][31.631s][info][gc             ] GC(716) Pause Young (Allocation Failure) 39M->28M(61M) 3.983ms
[2026-06-17T09:51:11.754+0800][31.632s][info][gc,cpu         ] GC(716) User=0.00s Sys=0.00s Real=0.01s
[2026-06-17T09:51:11.808+0800][31.686s][info][gc,start       ] GC(717) Pause Young (Allocation Failure)
[2026-06-17T09:51:11.810+0800][31.688s][info][gc,heap        ] GC(717) DefNew: 19634K->2053K(19648K)
[2026-06-17T09:51:11.811+0800][31.689s][info][gc,heap        ] GC(717) Tenured: 27499K->29053K(43712K)
[2026-06-17T09:51:11.812+0800][31.690s][info][gc,metaspace   ] GC(717) Metaspace: 3161K(4864K)->3161K(4864K) NonClass: 2855K(4352K)->2855K(4352K) Class: 305K(512K)->305K(512K)
[2026-06-17T09:51:11.812+0800][31.690s][info][gc             ] GC(717) Pause Young (Allocation Failure) 46M->30M(61M) 4.065ms
[2026-06-17T09:51:11.813+0800][31.691s][info][gc,cpu         ] GC(717) User=0.00s Sys=0.01s Real=0.01s
[2026-06-17T09:51:11.858+0800][31.736s][info][gc,start       ] GC(718) Pause Young (Allocation Failure)
[2026-06-17T09:51:11.860+0800][31.738s][info][gc,heap        ] GC(718) DefNew: 19505K->2143K(19648K)
[2026-06-17T09:51:11.861+0800][31.739s][info][gc,heap        ] GC(718) Tenured: 29053K->32454K(43712K)
[2026-06-17T09:51:11.861+0800][31.739s][info][gc,metaspace   ] GC(718) Metaspace: 3161K(4864K)->3161K(4864K) NonClass: 2855K(4352K)->2855K(4352K) Class: 305K(512K)->305K(512K)
[2026-06-17T09:51:11.862+0800][31.740s][info][gc             ] GC(718) Pause Young (Allocation Failure) 47M->33M(61M) 4.141ms
[2026-06-17T09:51:11.863+0800][31.741s][info][gc,cpu         ] GC(718) User=0.00s Sys=0.00s Real=0.01s
[2026-06-17T09:51:11.908+0800][31.786s][info][gc,start       ] GC(719) Pause Young (Allocation Failure)
[2026-06-17T09:51:11.910+0800][31.788s][info][gc,heap        ] GC(719) DefNew: 19615K->2155K(19648K)
[2026-06-17T09:51:11.911+0800][31.789s][info][gc,heap        ] GC(719) Tenured: 32454K->35873K(43712K)
[2026-06-17T09:51:11.911+0800][31.789s][info][gc,metaspace   ] GC(719) Metaspace: 3161K(4864K)->3161K(4864K) NonClass: 2855K(4352K)->2855K(4352K) Class: 305K(512K)->305K(512K)
[2026-06-17T09:51:11.912+0800][31.790s][info][gc             ] GC(719) Pause Young (Allocation Failure) 50M->37M(61M) 3.712ms
[2026-06-17T09:51:11.912+0800][31.790s][info][gc,cpu         ] GC(719) User=0.01s Sys=0.00s Real=0.01s
[2026-06-17T09:51:11.958+0800][31.836s][info][gc,start       ] GC(720) Pause Young (Allocation Failure)
[2026-06-17T09:51:11.960+0800][31.838s][info][gc,heap        ] GC(720) DefNew: 19627K->2173K(19648K)
[2026-06-17T09:51:11.961+0800][31.839s][info][gc,heap        ] GC(720) Tenured: 35873K->39175K(43712K)
[2026-06-17T09:51:11.962+0800][31.840s][info][gc,metaspace   ] GC(720) Metaspace: 3161K(4864K)->3161K(4864K) NonClass: 2855K(4352K)->2855K(4352K) Class: 305K(512K)->305K(512K)
[2026-06-17T09:51:11.963+0800][31.841s][info][gc             ] GC(720) Pause Young (Allocation Failure) 54M->40M(61M) 4.691ms
[2026-06-17T09:51:11.963+0800][31.841s][info][gc,cpu         ] GC(720) User=0.00s Sys=0.00s Real=0.01s
[2026-06-17T09:51:12.007+0800][31.885s][info][gc,start       ] GC(721) Pause Young (Allocation Failure)
[2026-06-17T09:51:12.008+0800][31.886s][info][gc,start       ] GC(722) Pause Full (Allocation Failure)
[2026-06-17T09:51:12.009+0800][31.887s][info][gc,phases,start] GC(722) Phase 1: Mark live objects
[2026-06-17T09:51:12.011+0800][31.889s][info][gc,phases      ] GC(722) Phase 1: Mark live objects 2.293ms
[2026-06-17T09:51:12.012+0800][31.890s][info][gc,phases,start] GC(722) Phase 2: Compute new object addresses
[2026-06-17T09:51:12.013+0800][31.891s][info][gc,phases      ] GC(722) Phase 2: Compute new object addresses 0.979ms
[2026-06-17T09:51:12.014+0800][31.892s][info][gc,phases,start] GC(722) Phase 3: Adjust pointers
[2026-06-17T09:51:12.015+0800][31.893s][info][gc,phases      ] GC(722) Phase 3: Adjust pointers 1.298ms
[2026-06-17T09:51:12.015+0800][31.893s][info][gc,phases,start] GC(722) Phase 4: Move objects
[2026-06-17T09:51:12.018+0800][31.896s][info][gc,phases      ] GC(722) Phase 4: Move objects 2.826ms
[2026-06-17T09:51:12.019+0800][31.897s][info][gc             ] GC(722) Pause Full (Allocation Failure) 57M->25M(61M) 10.608ms
[2026-06-17T09:51:12.019+0800][31.897s][info][gc,heap        ] GC(721) DefNew: 19645K->0K(19648K)
[2026-06-17T09:51:12.020+0800][31.898s][info][gc,heap        ] GC(721) Tenured: 39175K->25662K(43712K)
[2026-06-17T09:51:12.021+0800][31.899s][info][gc,metaspace   ] GC(721) Metaspace: 3161K(4864K)->3161K(4864K) NonClass: 2855K(4352K)->2855K(4352K) Class: 305K(512K)->305K(512K)
[2026-06-17T09:51:12.022+0800][31.900s][info][gc             ] GC(721) Pause Young (Allocation Failure) 57M->25M(61M) 14.507ms
[2026-06-17T09:51:12.022+0800][31.900s][info][gc,cpu         ] GC(721) User=0.01s Sys=0.00s Real=0.01s
[2026-06-17T09:51:12.067+0800][31.945s][info][gc,start       ] GC(723) Pause Young (Allocation Failure)
[2026-06-17T09:51:12.069+0800][31.947s][info][gc,heap        ] GC(723) DefNew: 17472K->2167K(19648K)
[2026-06-17T09:51:12.069+0800][31.947s][info][gc,heap        ] GC(723) Tenured: 25662K->29965K(43712K)
[2026-06-17T09:51:12.070+0800][31.948s][info][gc,metaspace   ] GC(723) Metaspace: 3161K(4864K)->3161K(4864K) NonClass: 2855K(4352K)->2855K(4352K) Class: 305K(512K)->305K(512K)
[2026-06-17T09:51:12.071+0800][31.949s][info][gc             ] GC(723) Pause Young (Allocation Failure) 42M->31M(61M) 4.175ms
[2026-06-17T09:51:12.071+0800][31.949s][info][gc,cpu         ] GC(723) User=0.00s Sys=0.00s Real=0.01s
[2026-06-17T09:51:12.116+0800][31.994s][info][gc,start       ] GC(724) Pause Young (Allocation Failure)
[2026-06-17T09:51:12.118+0800][31.996s][info][gc,heap        ] GC(724) DefNew: 19399K->2017K(19648K)
[2026-06-17T09:51:12.119+0800][31.997s][info][gc,heap        ] GC(724) Tenured: 29965K->32091K(43712K)
[2026-06-17T09:51:12.119+0800][31.997s][info][gc,metaspace   ] GC(724) Metaspace: 3161K(4864K)->3161K(4864K) NonClass: 2855K(4352K)->2855K(4352K) Class: 305K(512K)->305K(512K)
[2026-06-17T09:51:12.120+0800][31.998s][info][gc             ] GC(724) Pause Young (Allocation Failure) 48M->33M(61M) 3.722ms
[2026-06-17T09:51:12.120+0800][31.998s][info][gc,cpu         ] GC(724) User=0.00s Sys=0.00s Real=0.00s
[2026-06-17T09:51:12.164+0800][32.042s][info][gc,start       ] GC(725) Pause Young (Allocation Failure)
[2026-06-17T09:51:12.166+0800][32.044s][info][gc,heap        ] GC(725) DefNew: 18916K->2105K(19648K)
[2026-06-17T09:51:12.167+0800][32.045s][info][gc,heap        ] GC(725) Tenured: 32091K->35034K(43712K)
[2026-06-17T09:51:12.167+0800][32.045s][info][gc,metaspace   ] GC(725) Metaspace: 3161K(4864K)->3161K(4864K) NonClass: 2855K(4352K)->2855K(4352K) Class: 305K(512K)->305K(512K)
[2026-06-17T09:51:12.168+0800][32.046s][info][gc             ] GC(725) Pause Young (Allocation Failure) 49M->36M(61M) 3.720ms
[2026-06-17T09:51:12.169+0800][32.047s][info][gc,cpu         ] GC(725) User=0.00s Sys=0.00s Real=0.00s
[2026-06-17T09:51:12.224+0800][32.102s][info][gc,start       ] GC(726) Pause Young (Allocation Failure)
[2026-06-17T09:51:12.226+0800][32.104s][info][gc,heap        ] GC(726) DefNew: 19577K->2078K(19648K)
[2026-06-17T09:51:12.227+0800][32.105s][info][gc,heap        ] GC(726) Tenured: 35034K->38875K(43712K)
[2026-06-17T09:51:12.228+0800][32.106s][info][gc,metaspace   ] GC(726) Metaspace: 3161K(4864K)->3161K(4864K) NonClass: 2855K(4352K)->2855K(4352K) Class: 305K(512K)->305K(512K)
[2026-06-17T09:51:12.228+0800][32.107s][info][gc             ] GC(726) Pause Young (Allocation Failure) 53M->39M(61M) 4.719ms
[2026-06-17T09:51:12.229+0800][32.107s][info][gc,cpu         ] GC(726) User=0.01s Sys=0.00s Real=0.00s
[2026-06-17T09:51:12.272+0800][32.150s][info][gc,start       ] GC(727) Pause Young (Allocation Failure)
[2026-06-17T09:51:12.272+0800][32.150s][info][gc,start       ] GC(728) Pause Full (Allocation Failure)
[2026-06-17T09:51:12.273+0800][32.151s][info][gc,phases,start] GC(728) Phase 1: Mark live objects
[2026-06-17T09:51:12.273+0800][32.151s][info][gc,phases      ] GC(728) Phase 1: Mark live objects 0.611ms
[2026-06-17T09:51:12.273+0800][32.151s][info][gc,phases,start] GC(728) Phase 2: Compute new object addresses
[2026-06-17T09:51:12.274+0800][32.152s][info][gc,phases      ] GC(728) Phase 2: Compute new object addresses 0.311ms
[2026-06-17T09:51:12.274+0800][32.152s][info][gc,phases,start] GC(728) Phase 3: Adjust pointers
[2026-06-17T09:51:12.274+0800][32.152s][info][gc,phases      ] GC(728) Phase 3: Adjust pointers 0.311ms
[2026-06-17T09:51:12.274+0800][32.152s][info][gc,phases,start] GC(728) Phase 4: Move objects
[2026-06-17T09:51:12.276+0800][32.154s][info][gc,phases      ] GC(728) Phase 4: Move objects 2.112ms
[2026-06-17T09:51:12.276+0800][32.155s][info][gc             ] GC(728) Pause Full (Allocation Failure) 57M->29M(61M) 4.116ms
[2026-06-17T09:51:12.277+0800][32.155s][info][gc,heap        ] GC(727) DefNew: 19550K->0K(19648K)
[2026-06-17T09:51:12.277+0800][32.155s][info][gc,heap        ] GC(727) Tenured: 38875K->29839K(43712K)
[2026-06-17T09:51:12.277+0800][32.155s][info][gc,metaspace   ] GC(727) Metaspace: 3161K(4864K)->3161K(4864K) NonClass: 2855K(4352K)->2855K(4352K) Class: 305K(512K)->305K(512K)
[2026-06-17T09:51:12.277+0800][32.155s][info][gc             ] GC(727) Pause Young (Allocation Failure) 57M->29M(61M) 4.842ms
[2026-06-17T09:51:12.277+0800][32.155s][info][gc,cpu         ] GC(727) User=0.00s Sys=0.00s Real=0.00s
[2026-06-17T09:51:12.320+0800][32.198s][info][gc,start       ] GC(729) Pause Young (Allocation Failure)
[2026-06-17T09:51:12.322+0800][32.200s][info][gc,heap        ] GC(729) DefNew: 17445K->2173K(19648K)
[2026-06-17T09:51:12.323+0800][32.201s][info][gc,heap        ] GC(729) Tenured: 29839K->33957K(43712K)
[2026-06-17T09:51:12.324+0800][32.202s][info][gc,metaspace   ] GC(729) Metaspace: 3161K(4864K)->3161K(4864K) NonClass: 2855K(4352K)->2855K(4352K) Class: 305K(512K)->305K(512K)
[2026-06-17T09:51:12.326+0800][32.204s][info][gc             ] GC(729) Pause Young (Allocation Failure) 46M->35M(61M) 6.433ms
[2026-06-17T09:51:12.327+0800][32.205s][info][gc,cpu         ] GC(729) User=0.01s Sys=0.00s Real=0.01s
[2026-06-17T09:51:12.371+0800][32.249s][info][gc,start       ] GC(730) Pause Young (Allocation Failure)
[2026-06-17T09:51:12.373+0800][32.251s][info][gc,heap        ] GC(730) DefNew: 19595K->2174K(19648K)
[2026-06-17T09:51:12.373+0800][32.251s][info][gc,heap        ] GC(730) Tenured: 33957K->39545K(43712K)
[2026-06-17T09:51:12.373+0800][32.251s][info][gc,metaspace   ] GC(730) Metaspace: 3161K(4864K)->3161K(4864K) NonClass: 2855K(4352K)->2855K(4352K) Class: 305K(512K)->305K(512K)
[2026-06-17T09:51:12.373+0800][32.251s][info][gc             ] GC(730) Pause Young (Allocation Failure) 52M->40M(61M) 2.443ms
[2026-06-17T09:51:12.373+0800][32.251s][info][gc,cpu         ] GC(730) User=0.00s Sys=0.00s Real=0.00s
[2026-06-17T09:51:12.416+0800][32.294s][info][gc,start       ] GC(731) Pause Young (Allocation Failure)
[2026-06-17T09:51:12.416+0800][32.294s][info][gc,start       ] GC(732) Pause Full (Allocation Failure)
[2026-06-17T09:51:12.416+0800][32.295s][info][gc,phases,start] GC(732) Phase 1: Mark live objects
[2026-06-17T09:51:12.418+0800][32.296s][info][gc,phases      ] GC(732) Phase 1: Mark live objects 1.200ms
[2026-06-17T09:51:12.418+0800][32.296s][info][gc,phases,start] GC(732) Phase 2: Compute new object addresses
[2026-06-17T09:51:12.419+0800][32.297s][info][gc,phases      ] GC(732) Phase 2: Compute new object addresses 0.720ms
[2026-06-17T09:51:12.419+0800][32.297s][info][gc,phases,start] GC(732) Phase 3: Adjust pointers
[2026-06-17T09:51:12.420+0800][32.298s][info][gc,phases      ] GC(732) Phase 3: Adjust pointers 0.765ms
[2026-06-17T09:51:12.421+0800][32.299s][info][gc,phases,start] GC(732) Phase 4: Move objects
[2026-06-17T09:51:12.423+0800][32.301s][info][gc,phases      ] GC(732) Phase 4: Move objects 2.621ms
[2026-06-17T09:51:12.424+0800][32.302s][info][gc             ] GC(732) Pause Full (Allocation Failure) 57M->29M(61M) 7.621ms
[2026-06-17T09:51:12.424+0800][32.302s][info][gc,heap        ] GC(731) DefNew: 19646K->0K(19648K)
[2026-06-17T09:51:12.424+0800][32.303s][info][gc,heap        ] GC(731) Tenured: 39545K->29996K(43712K)
[2026-06-17T09:51:12.425+0800][32.303s][info][gc,metaspace   ] GC(731) Metaspace: 3161K(4864K)->3161K(4864K) NonClass: 2855K(4352K)->2855K(4352K) Class: 305K(512K)->305K(512K)
[2026-06-17T09:51:12.425+0800][32.303s][info][gc             ] GC(731) Pause Young (Allocation Failure) 57M->29M(61M) 9.309ms
[2026-06-17T09:51:12.425+0800][32.304s][info][gc,cpu         ] GC(731) User=0.00s Sys=0.00s Real=0.01s
[2026-06-17T09:51:12.478+0800][32.356s][info][gc,start       ] GC(733) Pause Young (Allocation Failure)
[2026-06-17T09:51:12.479+0800][32.357s][info][gc,heap        ] GC(733) DefNew: 17472K->2074K(19648K)
[2026-06-17T09:51:12.480+0800][32.358s][info][gc,heap        ] GC(733) Tenured: 29996K->31212K(43712K)
[2026-06-17T09:51:12.480+0800][32.358s][info][gc,metaspace   ] GC(733) Metaspace: 3161K(4864K)->3161K(4864K) NonClass: 2855K(4352K)->2855K(4352K) Class: 305K(512K)->305K(512K)
[2026-06-17T09:51:12.481+0800][32.359s][info][gc             ] GC(733) Pause Young (Allocation Failure) 46M->32M(61M) 3.368ms
[2026-06-17T09:51:12.482+0800][32.360s][info][gc,cpu         ] GC(733) User=0.00s Sys=0.00s Real=0.00s
[2026-06-17T09:51:12.526+0800][32.404s][info][gc,start       ] GC(734) Pause Young (Allocation Failure)
[2026-06-17T09:51:12.527+0800][32.406s][info][gc,heap        ] GC(734) DefNew: 19518K->2054K(19648K)
[2026-06-17T09:51:12.528+0800][32.406s][info][gc,heap        ] GC(734) Tenured: 31212K->35250K(43712K)
[2026-06-17T09:51:12.528+0800][32.406s][info][gc,metaspace   ] GC(734) Metaspace: 3161K(4864K)->3161K(4864K) NonClass: 2855K(4352K)->2855K(4352K) Class: 305K(512K)->305K(512K)
[2026-06-17T09:51:12.528+0800][32.406s][info][gc             ] GC(734) Pause Young (Allocation Failure) 49M->36M(61M) 2.701ms
[2026-06-17T09:51:12.529+0800][32.407s][info][gc,cpu         ] GC(734) User=0.00s Sys=0.00s Real=0.00s
[2026-06-17T09:51:12.573+0800][32.451s][info][gc,start       ] GC(735) Pause Young (Allocation Failure)
[2026-06-17T09:51:12.575+0800][32.454s][info][gc,heap        ] GC(735) DefNew: 19520K->2163K(19648K)
[2026-06-17T09:51:12.576+0800][32.454s][info][gc,heap        ] GC(735) Tenured: 35250K->39178K(43712K)
[2026-06-17T09:51:12.577+0800][32.455s][info][gc,metaspace   ] GC(735) Metaspace: 3161K(4864K)->3161K(4864K) NonClass: 2855K(4352K)->2855K(4352K) Class: 305K(512K)->305K(512K)
[2026-06-17T09:51:12.578+0800][32.456s][info][gc             ] GC(735) Pause Young (Allocation Failure) 53M->40M(61M) 4.402ms
[2026-06-17T09:51:12.579+0800][32.457s][info][gc,cpu         ] GC(735) User=0.00s Sys=0.00s Real=0.00s
[2026-06-17T09:51:12.623+0800][32.501s][info][gc,start       ] GC(736) Pause Young (Allocation Failure)
[2026-06-17T09:51:12.624+0800][32.502s][info][gc,start       ] GC(737) Pause Full (Allocation Failure)
[2026-06-17T09:51:12.624+0800][32.502s][info][gc,phases,start] GC(737) Phase 1: Mark live objects
[2026-06-17T09:51:12.625+0800][32.503s][info][gc,phases      ] GC(737) Phase 1: Mark live objects 0.888ms
[2026-06-17T09:51:12.627+0800][32.505s][info][gc,phases,start] GC(737) Phase 2: Compute new object addresses
[2026-06-17T09:51:12.628+0800][32.506s][info][gc,phases      ] GC(737) Phase 2: Compute new object addresses 0.839ms
[2026-06-17T09:51:12.628+0800][32.506s][info][gc,phases,start] GC(737) Phase 3: Adjust pointers
[2026-06-17T09:51:12.628+0800][32.506s][info][gc,phases      ] GC(737) Phase 3: Adjust pointers 0.578ms
[2026-06-17T09:51:12.628+0800][32.506s][info][gc,phases,start] GC(737) Phase 4: Move objects
[2026-06-17T09:51:12.631+0800][32.509s][info][gc,phases      ] GC(737) Phase 4: Move objects 2.591ms
[2026-06-17T09:51:12.631+0800][32.509s][info][gc             ] GC(737) Pause Full (Allocation Failure) 57M->25M(61M) 7.574ms
[2026-06-17T09:51:12.632+0800][32.510s][info][gc,heap        ] GC(736) DefNew: 19598K->0K(19648K)
[2026-06-17T09:51:12.632+0800][32.510s][info][gc,heap        ] GC(736) Tenured: 39178K->25952K(43712K)
[2026-06-17T09:51:12.632+0800][32.510s][info][gc,metaspace   ] GC(736) Metaspace: 3161K(4864K)->3161K(4864K) NonClass: 2855K(4352K)->2855K(4352K) Class: 305K(512K)->305K(512K)
[2026-06-17T09:51:12.632+0800][32.510s][info][gc             ] GC(736) Pause Young (Allocation Failure) 57M->25M(61M) 9.276ms
[2026-06-17T09:51:12.632+0800][32.510s][info][gc,cpu         ] GC(736) User=0.01s Sys=0.00s Real=0.01s
[2026-06-17T09:51:12.675+0800][32.553s][info][gc,start       ] GC(738) Pause Young (Allocation Failure)
[2026-06-17T09:51:12.677+0800][32.555s][info][gc,heap        ] GC(738) DefNew: 17463K->2173K(19648K)
[2026-06-17T09:51:12.678+0800][32.556s][info][gc,heap        ] GC(738) Tenured: 25952K->30719K(43712K)
[2026-06-17T09:51:12.679+0800][32.557s][info][gc,metaspace   ] GC(738) Metaspace: 3161K(4864K)->3161K(4864K) NonClass: 2855K(4352K)->2855K(4352K) Class: 305K(512K)->305K(512K)
[2026-06-17T09:51:12.679+0800][32.557s][info][gc             ] GC(738) Pause Young (Allocation Failure) 42M->32M(61M) 4.181ms
[2026-06-17T09:51:12.680+0800][32.558s][info][gc,cpu         ] GC(738) User=0.00s Sys=0.00s Real=0.00s
[2026-06-17T09:51:12.723+0800][32.601s][info][gc,start       ] GC(739) Pause Young (Allocation Failure)
[2026-06-17T09:51:12.725+0800][32.603s][info][gc,heap        ] GC(739) DefNew: 19616K->2175K(19648K)
[2026-06-17T09:51:12.725+0800][32.603s][info][gc,heap        ] GC(739) Tenured: 30719K->34975K(43712K)
[2026-06-17T09:51:12.726+0800][32.604s][info][gc,metaspace   ] GC(739) Metaspace: 3161K(4864K)->3161K(4864K) NonClass: 2855K(4352K)->2855K(4352K) Class: 305K(512K)->305K(512K)
[2026-06-17T09:51:12.726+0800][32.604s][info][gc             ] GC(739) Pause Young (Allocation Failure) 49M->36M(61M) 2.845ms
[2026-06-17T09:51:12.726+0800][32.604s][info][gc,cpu         ] GC(739) User=0.00s Sys=0.00s Real=0.00s
[2026-06-17T09:51:12.769+0800][32.647s][info][gc,start       ] GC(740) Pause Young (Allocation Failure)
[2026-06-17T09:51:12.771+0800][32.649s][info][gc,heap        ] GC(740) DefNew: 19620K->2089K(19648K)
[2026-06-17T09:51:12.772+0800][32.650s][info][gc,heap        ] GC(740) Tenured: 34975K->36020K(43712K)
[2026-06-17T09:51:12.773+0800][32.651s][info][gc,metaspace   ] GC(740) Metaspace: 3161K(4864K)->3161K(4864K) NonClass: 2855K(4352K)->2855K(4352K) Class: 305K(512K)->305K(512K)
[2026-06-17T09:51:12.773+0800][32.651s][info][gc             ] GC(740) Pause Young (Allocation Failure) 53M->37M(61M) 3.692ms
[2026-06-17T09:51:12.774+0800][32.652s][info][gc,cpu         ] GC(740) User=0.00s Sys=0.00s Real=0.01s
[2026-06-17T09:51:12.818+0800][32.696s][info][gc,start       ] GC(741) Pause Young (Allocation Failure)
[2026-06-17T09:51:12.822+0800][32.700s][info][gc,heap        ] GC(741) DefNew: 19521K->2173K(19648K)
[2026-06-17T09:51:12.823+0800][32.701s][info][gc,heap        ] GC(741) Tenured: 36020K->42748K(43712K)
[2026-06-17T09:51:12.824+0800][32.702s][info][gc,metaspace   ] GC(741) Metaspace: 3161K(4864K)->3161K(4864K) NonClass: 2855K(4352K)->2855K(4352K) Class: 305K(512K)->305K(512K)
[2026-06-17T09:51:12.824+0800][32.702s][info][gc             ] GC(741) Pause Young (Allocation Failure) 54M->43M(61M) 6.095ms
[2026-06-17T09:51:12.825+0800][32.703s][info][gc,cpu         ] GC(741) User=0.00s Sys=0.00s Real=0.01s
[2026-06-17T09:51:12.879+0800][32.757s][info][gc,start       ] GC(742) Pause Young (Allocation Failure)
[2026-06-17T09:51:12.880+0800][32.758s][info][gc,start       ] GC(743) Pause Full (Allocation Failure)
[2026-06-17T09:51:12.881+0800][32.759s][info][gc,phases,start] GC(743) Phase 1: Mark live objects
[2026-06-17T09:51:12.883+0800][32.761s][info][gc,phases      ] GC(743) Phase 1: Mark live objects 2.193ms
[2026-06-17T09:51:12.884+0800][32.762s][info][gc,phases,start] GC(743) Phase 2: Compute new object addresses
[2026-06-17T09:51:12.885+0800][32.764s][info][gc,phases      ] GC(743) Phase 2: Compute new object addresses 1.455ms
[2026-06-17T09:51:12.886+0800][32.764s][info][gc,phases,start] GC(743) Phase 3: Adjust pointers
[2026-06-17T09:51:12.887+0800][32.765s][info][gc,phases      ] GC(743) Phase 3: Adjust pointers 1.250ms
[2026-06-17T09:51:12.888+0800][32.766s][info][gc,phases,start] GC(743) Phase 4: Move objects
[2026-06-17T09:51:12.891+0800][32.769s][info][gc,phases      ] GC(743) Phase 4: Move objects 3.335ms
[2026-06-17T09:51:12.892+0800][32.770s][info][gc             ] GC(743) Pause Full (Allocation Failure) 60M->28M(61M) 11.514ms
[2026-06-17T09:51:12.892+0800][32.770s][info][gc,heap        ] GC(742) DefNew: 19645K->0K(19648K)
[2026-06-17T09:51:12.893+0800][32.771s][info][gc,heap        ] GC(742) Tenured: 42748K->29300K(43712K)
[2026-06-17T09:51:12.894+0800][32.772s][info][gc,metaspace   ] GC(742) Metaspace: 3161K(4864K)->3161K(4864K) NonClass: 2855K(4352K)->2855K(4352K) Class: 305K(512K)->305K(512K)
[2026-06-17T09:51:12.894+0800][32.772s][info][gc             ] GC(742) Pause Young (Allocation Failure) 60M->28M(61M) 14.590ms
[2026-06-17T09:51:12.894+0800][32.772s][info][gc,cpu         ] GC(742) User=0.00s Sys=0.00s Real=0.02s
[2026-06-17T09:51:12.939+0800][32.817s][info][gc,start       ] GC(744) Pause Young (Allocation Failure)
[2026-06-17T09:51:12.942+0800][32.820s][info][gc,heap        ] GC(744) DefNew: 17447K->2175K(19648K)
[2026-06-17T09:51:12.943+0800][32.821s][info][gc,heap        ] GC(744) Tenured: 29300K->34235K(43712K)
[2026-06-17T09:51:12.944+0800][32.822s][info][gc,metaspace   ] GC(744) Metaspace: 3161K(4864K)->3161K(4864K) NonClass: 2855K(4352K)->2855K(4352K) Class: 305K(512K)->305K(512K)
[2026-06-17T09:51:12.944+0800][32.822s][info][gc             ] GC(744) Pause Young (Allocation Failure) 45M->35M(61M) 5.158ms
[2026-06-17T09:51:12.945+0800][32.823s][info][gc,cpu         ] GC(744) User=0.00s Sys=0.00s Real=0.01s
[2026-06-17T09:51:12.988+0800][32.866s][info][gc,start       ] GC(745) Pause Young (Allocation Failure)
[2026-06-17T09:51:12.990+0800][32.868s][info][gc,heap        ] GC(745) DefNew: 19598K->2159K(19648K)
[2026-06-17T09:51:12.990+0800][32.868s][info][gc,heap        ] GC(745) Tenured: 34235K->38585K(43712K)
[2026-06-17T09:51:12.990+0800][32.868s][info][gc,metaspace   ] GC(745) Metaspace: 3161K(4864K)->3161K(4864K) NonClass: 2855K(4352K)->2855K(4352K) Class: 305K(512K)->305K(512K)
[2026-06-17T09:51:12.991+0800][32.869s][info][gc             ] GC(745) Pause Young (Allocation Failure) 52M->39M(61M) 2.485ms
[2026-06-17T09:51:12.991+0800][32.869s][info][gc,cpu         ] GC(745) User=0.00s Sys=0.00s Real=0.01s
[2026-06-17T09:51:13.033+0800][32.912s][info][gc,start       ] GC(746) Pause Young (Allocation Failure)
[2026-06-17T09:51:13.034+0800][32.912s][info][gc,start       ] GC(747) Pause Full (Allocation Failure)
[2026-06-17T09:51:13.035+0800][32.913s][info][gc,phases,start] GC(747) Phase 1: Mark live objects
[2026-06-17T09:51:13.036+0800][32.915s][info][gc,phases      ] GC(747) Phase 1: Mark live objects 1.680ms
[2026-06-17T09:51:13.037+0800][32.915s][info][gc,phases,start] GC(747) Phase 2: Compute new object addresses
[2026-06-17T09:51:13.038+0800][32.916s][info][gc,phases      ] GC(747) Phase 2: Compute new object addresses 0.843ms
[2026-06-17T09:51:13.038+0800][32.917s][info][gc,phases,start] GC(747) Phase 3: Adjust pointers
[2026-06-17T09:51:13.039+0800][32.918s][info][gc,phases      ] GC(747) Phase 3: Adjust pointers 0.985ms
[2026-06-17T09:51:13.040+0800][32.918s][info][gc,phases,start] GC(747) Phase 4: Move objects
[2026-06-17T09:51:13.043+0800][32.921s][info][gc,phases      ] GC(747) Phase 4: Move objects 3.442ms
[2026-06-17T09:51:13.051+0800][32.929s][info][gc             ] GC(747) Pause Full (Allocation Failure) 56M->29M(61M) 17.023ms
[2026-06-17T09:51:13.054+0800][32.932s][info][gc,heap        ] GC(746) DefNew: 19598K->0K(19648K)
[2026-06-17T09:51:13.058+0800][32.936s][info][gc,heap        ] GC(746) Tenured: 38585K->30695K(43712K)
[2026-06-17T09:51:13.060+0800][32.938s][info][gc,metaspace   ] GC(746) Metaspace: 3161K(4864K)->3161K(4864K) NonClass: 2855K(4352K)->2855K(4352K) Class: 305K(512K)->305K(512K)
[2026-06-17T09:51:13.061+0800][32.939s][info][gc             ] GC(746) Pause Young (Allocation Failure) 56M->29M(61M) 27.636ms
[2026-06-17T09:51:13.063+0800][32.941s][info][gc,cpu         ] GC(746) User=0.00s Sys=0.00s Real=0.03s
[2026-06-17T09:51:13.107+0800][32.985s][info][gc,start       ] GC(748) Pause Young (Allocation Failure)
[2026-06-17T09:51:13.127+0800][33.005s][info][gc,heap        ] GC(748) DefNew: 17472K->2170K(19648K)
[2026-06-17T09:51:13.136+0800][33.014s][info][gc,heap        ] GC(748) Tenured: 30695K->35775K(43712K)
[2026-06-17T09:51:13.170+0800][33.048s][info][gc,metaspace   ] GC(748) Metaspace: 3161K(4864K)->3161K(4864K) NonClass: 2855K(4352K)->2855K(4352K) Class: 305K(512K)->305K(512K)
[2026-06-17T09:51:13.173+0800][33.051s][info][gc             ] GC(748) Pause Young (Allocation Failure) 47M->37M(61M) 66.173ms
[2026-06-17T09:51:13.176+0800][33.054s][info][gc,cpu         ] GC(748) User=0.00s Sys=0.00s Real=0.07s
[2026-06-17T09:51:13.231+0800][33.109s][info][gc,start       ] GC(749) Pause Young (Allocation Failure)
[2026-06-17T09:51:13.233+0800][33.111s][info][gc,heap        ] GC(749) DefNew: 19610K->2169K(19648K)
[2026-06-17T09:51:13.234+0800][33.112s][info][gc,heap        ] GC(749) Tenured: 35775K->37194K(43712K)
[2026-06-17T09:51:13.234+0800][33.112s][info][gc,metaspace   ] GC(749) Metaspace: 3161K(4864K)->3161K(4864K) NonClass: 2855K(4352K)->2855K(4352K) Class: 305K(512K)->305K(512K)
[2026-06-17T09:51:13.235+0800][33.113s][info][gc             ] GC(749) Pause Young (Allocation Failure) 54M->38M(61M) 4.022ms
[2026-06-17T09:51:13.235+0800][33.113s][info][gc,cpu         ] GC(749) User=0.00s Sys=0.00s Real=0.00s
[2026-06-17T09:51:13.278+0800][33.156s][info][gc,start       ] GC(750) Pause Young (Allocation Failure)
[2026-06-17T09:51:13.280+0800][33.158s][info][gc,start       ] GC(751) Pause Full (Allocation Failure)
[2026-06-17T09:51:13.282+0800][33.160s][info][gc,phases,start] GC(751) Phase 1: Mark live objects
[2026-06-17T09:51:13.285+0800][33.163s][info][gc,phases      ] GC(751) Phase 1: Mark live objects 3.177ms
[2026-06-17T09:51:13.286+0800][33.164s][info][gc,phases,start] GC(751) Phase 2: Compute new object addresses
[2026-06-17T09:51:13.288+0800][33.166s][info][gc,phases      ] GC(751) Phase 2: Compute new object addresses 2.242ms
[2026-06-17T09:51:13.290+0800][33.168s][info][gc,phases,start] GC(751) Phase 3: Adjust pointers
[2026-06-17T09:51:13.291+0800][33.169s][info][gc,phases      ] GC(751) Phase 3: Adjust pointers 1.506ms
[2026-06-17T09:51:13.294+0800][33.172s][info][gc,phases,start] GC(751) Phase 4: Move objects
[2026-06-17T09:51:13.299+0800][33.178s][info][gc,phases      ] GC(751) Phase 4: Move objects 5.529ms
[2026-06-17T09:51:13.302+0800][33.180s][info][gc             ] GC(751) Pause Full (Allocation Failure) 55M->28M(61M) 21.865ms
[2026-06-17T09:51:13.304+0800][33.182s][info][gc,heap        ] GC(750) DefNew: 19641K->0K(19648K)
[2026-06-17T09:51:13.306+0800][33.184s][info][gc,heap        ] GC(750) Tenured: 37194K->29298K(43712K)
[2026-06-17T09:51:13.308+0800][33.186s][info][gc,metaspace   ] GC(750) Metaspace: 3161K(4864K)->3161K(4864K) NonClass: 2855K(4352K)->2855K(4352K) Class: 305K(512K)->305K(512K)
[2026-06-17T09:51:13.310+0800][33.188s][info][gc             ] GC(750) Pause Young (Allocation Failure) 55M->28M(61M) 32.393ms
[2026-06-17T09:51:13.311+0800][33.189s][info][gc,cpu         ] GC(750) User=0.01s Sys=0.00s Real=0.04s
[2026-06-17T09:51:13.356+0800][33.234s][info][gc,start       ] GC(752) Pause Young (Allocation Failure)
[2026-06-17T09:51:13.358+0800][33.236s][info][gc,heap        ] GC(752) DefNew: 17465K->2173K(19648K)
[2026-06-17T09:51:13.359+0800][33.237s][info][gc,heap        ] GC(752) Tenured: 29298K->34250K(43712K)
[2026-06-17T09:51:13.363+0800][33.241s][info][gc,metaspace   ] GC(752) Metaspace: 3161K(4864K)->3161K(4864K) NonClass: 2855K(4352K)->2855K(4352K) Class: 305K(512K)->305K(512K)
[2026-06-17T09:51:13.365+0800][33.243s][info][gc             ] GC(752) Pause Young (Allocation Failure) 45M->35M(61M) 9.404ms
[2026-06-17T09:51:13.366+0800][33.244s][info][gc,cpu         ] GC(752) User=0.00s Sys=0.00s Real=0.01s
[2026-06-17T09:51:13.411+0800][33.289s][info][gc,start       ] GC(753) Pause Young (Allocation Failure)
[2026-06-17T09:51:13.412+0800][33.291s][info][gc,heap        ] GC(753) DefNew: 19644K->1791K(19648K)
[2026-06-17T09:51:13.413+0800][33.291s][info][gc,heap        ] GC(753) Tenured: 34250K->36423K(43712K)
[2026-06-17T09:51:13.414+0800][33.292s][info][gc,metaspace   ] GC(753) Metaspace: 3161K(4864K)->3161K(4864K) NonClass: 2855K(4352K)->2855K(4352K) Class: 305K(512K)->305K(512K)
[2026-06-17T09:51:13.414+0800][33.292s][info][gc             ] GC(753) Pause Young (Allocation Failure) 52M->37M(61M) 3.390ms
[2026-06-17T09:51:13.415+0800][33.293s][info][gc,cpu         ] GC(753) User=0.00s Sys=0.00s Real=0.00s
[2026-06-17T09:51:13.460+0800][33.338s][info][gc,start       ] GC(754) Pause Young (Allocation Failure)
[2026-06-17T09:51:13.461+0800][33.339s][info][gc,start       ] GC(755) Pause Full (Allocation Failure)
[2026-06-17T09:51:13.462+0800][33.340s][info][gc,phases,start] GC(755) Phase 1: Mark live objects
[2026-06-17T09:51:13.464+0800][33.342s][info][gc,phases      ] GC(755) Phase 1: Mark live objects 2.562ms
[2026-06-17T09:51:13.465+0800][33.343s][info][gc,phases,start] GC(755) Phase 2: Compute new object addresses
[2026-06-17T09:51:13.466+0800][33.344s][info][gc,phases      ] GC(755) Phase 2: Compute new object addresses 0.932ms
[2026-06-17T09:51:13.466+0800][33.344s][info][gc,phases,start] GC(755) Phase 3: Adjust pointers
[2026-06-17T09:51:13.468+0800][33.346s][info][gc,phases      ] GC(755) Phase 3: Adjust pointers 1.753ms
[2026-06-17T09:51:13.468+0800][33.347s][info][gc,phases,start] GC(755) Phase 4: Move objects
[2026-06-17T09:51:13.472+0800][33.351s][info][gc,phases      ] GC(755) Phase 4: Move objects 3.946ms
[2026-06-17T09:51:13.473+0800][33.351s][info][gc             ] GC(755) Pause Full (Allocation Failure) 54M->30M(61M) 12.271ms
[2026-06-17T09:51:13.473+0800][33.351s][info][gc,heap        ] GC(754) DefNew: 19263K->0K(19648K)
[2026-06-17T09:51:13.474+0800][33.352s][info][gc,heap        ] GC(754) Tenured: 36423K->30902K(43712K)
[2026-06-17T09:51:13.474+0800][33.352s][info][gc,metaspace   ] GC(754) Metaspace: 3161K(4864K)->3161K(4864K) NonClass: 2855K(4352K)->2855K(4352K) Class: 305K(512K)->305K(512K)
[2026-06-17T09:51:13.474+0800][33.352s][info][gc             ] GC(754) Pause Young (Allocation Failure) 54M->30M(61M) 14.446ms
[2026-06-17T09:51:13.475+0800][33.353s][info][gc,cpu         ] GC(754) User=0.01s Sys=0.00s Real=0.02s
[2026-06-17T09:51:13.529+0800][33.407s][info][gc,start       ] GC(756) Pause Young (Allocation Failure)
[2026-06-17T09:51:13.531+0800][33.409s][info][gc,heap        ] GC(756) DefNew: 17463K->2109K(19648K)
[2026-06-17T09:51:13.531+0800][33.410s][info][gc,heap        ] GC(756) Tenured: 30902K->32108K(43712K)
[2026-06-17T09:51:13.532+0800][33.410s][info][gc,metaspace   ] GC(756) Metaspace: 3161K(4864K)->3161K(4864K) NonClass: 2855K(4352K)->2855K(4352K) Class: 305K(512K)->305K(512K)
[2026-06-17T09:51:13.532+0800][33.411s][info][gc             ] GC(756) Pause Young (Allocation Failure) 47M->33M(61M) 3.266ms
[2026-06-17T09:51:13.533+0800][33.411s][info][gc,cpu         ] GC(756) User=0.00s Sys=0.00s Real=0.01s
[2026-06-17T09:51:13.567+0800][33.445s][info][gc,start       ] GC(757) Pause Young (Allocation Failure)
[2026-06-17T09:51:13.569+0800][33.447s][info][gc,heap        ] GC(757) DefNew: 19568K->2077K(19648K)
[2026-06-17T09:51:13.570+0800][33.448s][info][gc,heap        ] GC(757) Tenured: 32108K->35351K(43712K)
[2026-06-17T09:51:13.571+0800][33.449s][info][gc,metaspace   ] GC(757) Metaspace: 3161K(4864K)->3161K(4864K) NonClass: 2855K(4352K)->2855K(4352K) Class: 305K(512K)->305K(512K)
[2026-06-17T09:51:13.571+0800][33.449s][info][gc             ] GC(757) Pause Young (Allocation Failure) 50M->36M(61M) 4.539ms
[2026-06-17T09:51:13.572+0800][33.450s][info][gc,cpu         ] GC(757) User=0.00s Sys=0.00s Real=0.01s
[2026-06-17T09:51:13.627+0800][33.505s][info][gc,start       ] GC(758) Pause Young (Allocation Failure)
[2026-06-17T09:51:13.628+0800][33.506s][info][gc,heap        ] GC(758) DefNew: 19505K->2086K(19648K)
[2026-06-17T09:51:13.629+0800][33.507s][info][gc,heap        ] GC(758) Tenured: 35351K->38881K(43712K)
[2026-06-17T09:51:13.629+0800][33.507s][info][gc,metaspace   ] GC(758) Metaspace: 3161K(4864K)->3161K(4864K) NonClass: 2855K(4352K)->2855K(4352K) Class: 305K(512K)->305K(512K)
[2026-06-17T09:51:13.629+0800][33.507s][info][gc             ] GC(758) Pause Young (Allocation Failure) 53M->40M(61M) 2.480ms
[2026-06-17T09:51:13.629+0800][33.507s][info][gc,cpu         ] GC(758) User=0.00s Sys=0.00s Real=0.00s
[2026-06-17T09:51:13.673+0800][33.551s][info][gc,start       ] GC(759) Pause Young (Allocation Failure)
[2026-06-17T09:51:13.673+0800][33.551s][info][gc,start       ] GC(760) Pause Full (Allocation Failure)
[2026-06-17T09:51:13.674+0800][33.552s][info][gc,phases,start] GC(760) Phase 1: Mark live objects
[2026-06-17T09:51:13.676+0800][33.554s][info][gc,phases      ] GC(760) Phase 1: Mark live objects 2.275ms
[2026-06-17T09:51:13.677+0800][33.555s][info][gc,phases,start] GC(760) Phase 2: Compute new object addresses
[2026-06-17T09:51:13.678+0800][33.556s][info][gc,phases      ] GC(760) Phase 2: Compute new object addresses 0.943ms
[2026-06-17T09:51:13.678+0800][33.556s][info][gc,phases,start] GC(760) Phase 3: Adjust pointers
[2026-06-17T09:51:13.679+0800][33.557s][info][gc,phases      ] GC(760) Phase 3: Adjust pointers 0.992ms
[2026-06-17T09:51:13.680+0800][33.558s][info][gc,phases,start] GC(760) Phase 4: Move objects
[2026-06-17T09:51:13.683+0800][33.561s][info][gc,phases      ] GC(760) Phase 4: Move objects 3.445ms
[2026-06-17T09:51:13.684+0800][33.562s][info][gc             ] GC(760) Pause Full (Allocation Failure) 57M->30M(61M) 10.334ms
[2026-06-17T09:51:13.684+0800][33.562s][info][gc,heap        ] GC(759) DefNew: 19558K->0K(19648K)
[2026-06-17T09:51:13.684+0800][33.562s][info][gc,heap        ] GC(759) Tenured: 38881K->30928K(43712K)
[2026-06-17T09:51:13.685+0800][33.563s][info][gc,metaspace   ] GC(759) Metaspace: 3161K(4864K)->3161K(4864K) NonClass: 2855K(4352K)->2855K(4352K) Class: 305K(512K)->305K(512K)
[2026-06-17T09:51:13.685+0800][33.563s][info][gc             ] GC(759) Pause Young (Allocation Failure) 57M->30M(61M) 12.417ms
[2026-06-17T09:51:13.685+0800][33.563s][info][gc,cpu         ] GC(759) User=0.01s Sys=0.00s Real=0.01s
[2026-06-17T09:51:13.728+0800][33.606s][info][gc,start       ] GC(761) Pause Young (Allocation Failure)
[2026-06-17T09:51:13.731+0800][33.609s][info][gc,heap        ] GC(761) DefNew: 17458K->2171K(19648K)
[2026-06-17T09:51:13.732+0800][33.610s][info][gc,heap        ] GC(761) Tenured: 30928K->35314K(43712K)
[2026-06-17T09:51:13.732+0800][33.610s][info][gc,metaspace   ] GC(761) Metaspace: 3161K(4864K)->3161K(4864K) NonClass: 2855K(4352K)->2855K(4352K) Class: 305K(512K)->305K(512K)
[2026-06-17T09:51:13.733+0800][33.611s][info][gc             ] GC(761) Pause Young (Allocation Failure) 47M->36M(61M) 4.192ms
[2026-06-17T09:51:13.733+0800][33.611s][info][gc,cpu         ] GC(761) User=0.00s Sys=0.00s Real=0.01s
[2026-06-17T09:51:13.777+0800][33.655s][info][gc,start       ] GC(762) Pause Young (Allocation Failure)
[2026-06-17T09:51:13.780+0800][33.658s][info][gc,heap        ] GC(762) DefNew: 19602K->2153K(19648K)
[2026-06-17T09:51:13.780+0800][33.658s][info][gc,heap        ] GC(762) Tenured: 35314K->39586K(43712K)
[2026-06-17T09:51:13.781+0800][33.659s][info][gc,metaspace   ] GC(762) Metaspace: 3161K(4864K)->3161K(4864K) NonClass: 2855K(4352K)->2855K(4352K) Class: 305K(512K)->305K(512K)
[2026-06-17T09:51:13.782+0800][33.660s][info][gc             ] GC(762) Pause Young (Allocation Failure) 53M->40M(61M) 4.367ms
[2026-06-17T09:51:13.782+0800][33.660s][info][gc,cpu         ] GC(762) User=0.01s Sys=0.00s Real=0.00s
[2026-06-17T09:51:13.827+0800][33.705s][info][gc,start       ] GC(763) Pause Young (Allocation Failure)
[2026-06-17T09:51:13.827+0800][33.705s][info][gc,start       ] GC(764) Pause Full (Allocation Failure)
[2026-06-17T09:51:13.828+0800][33.706s][info][gc,phases,start] GC(764) Phase 1: Mark live objects
[2026-06-17T09:51:13.831+0800][33.709s][info][gc,phases      ] GC(764) Phase 1: Mark live objects 2.347ms
[2026-06-17T09:51:13.831+0800][33.709s][info][gc,phases,start] GC(764) Phase 2: Compute new object addresses
[2026-06-17T09:51:13.832+0800][33.710s][info][gc,phases      ] GC(764) Phase 2: Compute new object addresses 1.045ms
[2026-06-17T09:51:13.833+0800][33.711s][info][gc,phases,start] GC(764) Phase 3: Adjust pointers
[2026-06-17T09:51:13.834+0800][33.712s][info][gc,phases      ] GC(764) Phase 3: Adjust pointers 1.006ms
[2026-06-17T09:51:13.834+0800][33.712s][info][gc,phases,start] GC(764) Phase 4: Move objects
[2026-06-17T09:51:13.838+0800][33.716s][info][gc,phases      ] GC(764) Phase 4: Move objects 3.662ms
[2026-06-17T09:51:13.839+0800][33.717s][info][gc             ] GC(764) Pause Full (Allocation Failure) 57M->23M(61M) 11.498ms
[2026-06-17T09:51:13.839+0800][33.717s][info][gc,heap        ] GC(763) DefNew: 19608K->0K(19648K)
[2026-06-17T09:51:13.840+0800][33.718s][info][gc,heap        ] GC(763) Tenured: 39586K->24132K(43712K)
[2026-06-17T09:51:13.840+0800][33.718s][info][gc,metaspace   ] GC(763) Metaspace: 3161K(4864K)->3161K(4864K) NonClass: 2855K(4352K)->2855K(4352K) Class: 305K(512K)->305K(512K)
[2026-06-17T09:51:13.841+0800][33.719s][info][gc             ] GC(763) Pause Young (Allocation Failure) 57M->23M(61M) 14.419ms
[2026-06-17T09:51:13.841+0800][33.720s][info][gc,cpu         ] GC(763) User=0.00s Sys=0.00s Real=0.01s
[2026-06-17T09:51:13.885+0800][33.763s][info][gc,start       ] GC(765) Pause Young (Allocation Failure)
[2026-06-17T09:51:13.888+0800][33.766s][info][gc,heap        ] GC(765) DefNew: 17431K->2175K(19648K)
[2026-06-17T09:51:13.889+0800][33.767s][info][gc,heap        ] GC(765) Tenured: 24132K->28536K(43712K)
[2026-06-17T09:51:13.889+0800][33.767s][info][gc,metaspace   ] GC(765) Metaspace: 3161K(4864K)->3161K(4864K) NonClass: 2855K(4352K)->2855K(4352K) Class: 305K(512K)->305K(512K)
[2026-06-17T09:51:13.890+0800][33.768s][info][gc             ] GC(765) Pause Young (Allocation Failure) 40M->29M(61M) 4.549ms
[2026-06-17T09:51:13.890+0800][33.768s][info][gc,cpu         ] GC(765) User=0.01s Sys=0.00s Real=0.00s
[2026-06-17T09:51:13.935+0800][33.813s][info][gc,start       ] GC(766) Pause Young (Allocation Failure)
[2026-06-17T09:51:13.938+0800][33.816s][info][gc,heap        ] GC(766) DefNew: 19610K->2170K(19648K)
[2026-06-17T09:51:13.939+0800][33.817s][info][gc,heap        ] GC(766) Tenured: 28536K->32563K(43712K)
[2026-06-17T09:51:13.940+0800][33.818s][info][gc,metaspace   ] GC(766) Metaspace: 3161K(4864K)->3161K(4864K) NonClass: 2855K(4352K)->2855K(4352K) Class: 305K(512K)->305K(512K)
[2026-06-17T09:51:13.941+0800][33.819s][info][gc             ] GC(766) Pause Young (Allocation Failure) 47M->33M(61M) 5.493ms
[2026-06-17T09:51:13.941+0800][33.819s][info][gc,cpu         ] GC(766) User=0.00s Sys=0.00s Real=0.00s
[2026-06-17T09:51:13.984+0800][33.862s][info][gc,start       ] GC(767) Pause Young (Allocation Failure)
[2026-06-17T09:51:13.985+0800][33.863s][info][gc,heap        ] GC(767) DefNew: 19634K->2168K(19648K)
[2026-06-17T09:51:13.986+0800][33.864s][info][gc,heap        ] GC(767) Tenured: 32563K->36984K(43712K)
[2026-06-17T09:51:13.986+0800][33.864s][info][gc,metaspace   ] GC(767) Metaspace: 3161K(4864K)->3161K(4864K) NonClass: 2855K(4352K)->2855K(4352K) Class: 305K(512K)->305K(512K)
[2026-06-17T09:51:13.986+0800][33.864s][info][gc             ] GC(767) Pause Young (Allocation Failure) 50M->38M(61M) 1.743ms
[2026-06-17T09:51:13.986+0800][33.864s][info][gc,cpu         ] GC(767) User=0.00s Sys=0.00s Real=0.00s
[2026-06-17T09:51:14.030+0800][33.908s][info][gc,start       ] GC(768) Pause Young (Allocation Failure)
[2026-06-17T09:51:14.030+0800][33.908s][info][gc,start       ] GC(769) Pause Full (Allocation Failure)
[2026-06-17T09:51:14.030+0800][33.908s][info][gc,phases,start] GC(769) Phase 1: Mark live objects
[2026-06-17T09:51:14.032+0800][33.910s][info][gc,phases      ] GC(769) Phase 1: Mark live objects 1.451ms
[2026-06-17T09:51:14.032+0800][33.910s][info][gc,phases,start] GC(769) Phase 2: Compute new object addresses
[2026-06-17T09:51:14.033+0800][33.911s][info][gc,phases      ] GC(769) Phase 2: Compute new object addresses 0.645ms
[2026-06-17T09:51:14.033+0800][33.911s][info][gc,phases,start] GC(769) Phase 3: Adjust pointers
[2026-06-17T09:51:14.034+0800][33.912s][info][gc,phases      ] GC(769) Phase 3: Adjust pointers 0.695ms
[2026-06-17T09:51:14.034+0800][33.912s][info][gc,phases,start] GC(769) Phase 4: Move objects
[2026-06-17T09:51:14.038+0800][33.916s][info][gc,phases      ] GC(769) Phase 4: Move objects 3.423ms
[2026-06-17T09:51:14.038+0800][33.916s][info][gc             ] GC(769) Pause Full (Allocation Failure) 55M->27M(61M) 8.302ms
[2026-06-17T09:51:14.040+0800][33.918s][info][gc,heap        ] GC(768) DefNew: 19637K->0K(19648K)
[2026-06-17T09:51:14.041+0800][33.920s][info][gc,heap        ] GC(768) Tenured: 36984K->27869K(43712K)
[2026-06-17T09:51:14.044+0800][33.922s][info][gc,metaspace   ] GC(768) Metaspace: 3161K(4864K)->3161K(4864K) NonClass: 2855K(4352K)->2855K(4352K) Class: 305K(512K)->305K(512K)
[2026-06-17T09:51:14.046+0800][33.924s][info][gc             ] GC(768) Pause Young (Allocation Failure) 55M->27M(61M) 16.550ms
[2026-06-17T09:51:14.047+0800][33.925s][info][gc,cpu         ] GC(768) User=0.00s Sys=0.00s Real=0.02s
[2026-06-17T09:51:14.100+0800][33.979s][info][gc,start       ] GC(770) Pause Young (Allocation Failure)
[2026-06-17T09:51:14.103+0800][33.981s][info][gc,heap        ] GC(770) DefNew: 17450K->2171K(19648K)
[2026-06-17T09:51:14.105+0800][33.983s][info][gc,heap        ] GC(770) Tenured: 27869K->29360K(43712K)
[2026-06-17T09:51:14.107+0800][33.985s][info][gc,metaspace   ] GC(770) Metaspace: 3161K(4864K)->3161K(4864K) NonClass: 2855K(4352K)->2855K(4352K) Class: 305K(512K)->305K(512K)
[2026-06-17T09:51:14.108+0800][33.986s][info][gc             ] GC(770) Pause Young (Allocation Failure) 44M->30M(61M) 7.914ms
[2026-06-17T09:51:14.111+0800][33.989s][info][gc,cpu         ] GC(770) User=0.00s Sys=0.00s Real=0.02s
[2026-06-17T09:51:14.157+0800][34.035s][info][gc,start       ] GC(771) Pause Young (Allocation Failure)
[2026-06-17T09:51:14.160+0800][34.038s][info][gc,heap        ] GC(771) DefNew: 19643K->2111K(19648K)
[2026-06-17T09:51:14.160+0800][34.039s][info][gc,heap        ] GC(771) Tenured: 29360K->32749K(43712K)
[2026-06-17T09:51:14.161+0800][34.039s][info][gc,metaspace   ] GC(771) Metaspace: 3161K(4864K)->3161K(4864K) NonClass: 2855K(4352K)->2855K(4352K) Class: 305K(512K)->305K(512K)
[2026-06-17T09:51:14.162+0800][34.040s][info][gc             ] GC(771) Pause Young (Allocation Failure) 47M->34M(61M) 4.429ms
[2026-06-17T09:51:14.162+0800][34.040s][info][gc,cpu         ] GC(771) User=0.00s Sys=0.00s Real=0.00s
[2026-06-17T09:51:14.207+0800][34.085s][info][gc,start       ] GC(772) Pause Young (Allocation Failure)
[2026-06-17T09:51:14.209+0800][34.087s][info][gc,heap        ] GC(772) DefNew: 19579K->2174K(19648K)
[2026-06-17T09:51:14.211+0800][34.089s][info][gc,heap        ] GC(772) Tenured: 32749K->36797K(43712K)
[2026-06-17T09:51:14.213+0800][34.091s][info][gc,metaspace   ] GC(772) Metaspace: 3161K(4864K)->3161K(4864K) NonClass: 2855K(4352K)->2855K(4352K) Class: 305K(512K)->305K(512K)
[2026-06-17T09:51:14.214+0800][34.092s][info][gc             ] GC(772) Pause Young (Allocation Failure) 51M->38M(61M) 7.328ms
[2026-06-17T09:51:14.215+0800][34.093s][info][gc,cpu         ] GC(772) User=0.00s Sys=0.00s Real=0.01s
[2026-06-17T09:51:14.261+0800][34.139s][info][gc,start       ] GC(773) Pause Young (Allocation Failure)
[2026-06-17T09:51:14.263+0800][34.141s][info][gc,heap        ] GC(773) DefNew: 19574K->1960K(19648K)
[2026-06-17T09:51:14.265+0800][34.143s][info][gc,heap        ] GC(773) Tenured: 36797K->37996K(43712K)
[2026-06-17T09:51:14.266+0800][34.144s][info][gc,metaspace   ] GC(773) Metaspace: 3161K(4864K)->3161K(4864K) NonClass: 2855K(4352K)->2855K(4352K) Class: 305K(512K)->305K(512K)
[2026-06-17T09:51:14.267+0800][34.145s][info][gc             ] GC(773) Pause Young (Allocation Failure) 55M->39M(61M) 5.503ms
[2026-06-17T09:51:14.267+0800][34.145s][info][gc,cpu         ] GC(773) User=0.01s Sys=0.00s Real=0.01s
[2026-06-17T09:51:14.311+0800][34.189s][info][gc,start       ] GC(774) Pause Young (Allocation Failure)
[2026-06-17T09:51:14.312+0800][34.190s][info][gc,start       ] GC(775) Pause Full (Allocation Failure)
[2026-06-17T09:51:14.313+0800][34.191s][info][gc,phases,start] GC(775) Phase 1: Mark live objects
[2026-06-17T09:51:14.315+0800][34.193s][info][gc,phases      ] GC(775) Phase 1: Mark live objects 2.409ms
[2026-06-17T09:51:14.316+0800][34.194s][info][gc,phases,start] GC(775) Phase 2: Compute new object addresses
[2026-06-17T09:51:14.317+0800][34.195s][info][gc,phases      ] GC(775) Phase 2: Compute new object addresses 0.883ms
[2026-06-17T09:51:14.317+0800][34.195s][info][gc,phases,start] GC(775) Phase 3: Adjust pointers
[2026-06-17T09:51:14.318+0800][34.196s][info][gc,phases      ] GC(775) Phase 3: Adjust pointers 1.153ms
[2026-06-17T09:51:14.319+0800][34.197s][info][gc,phases,start] GC(775) Phase 4: Move objects
[2026-06-17T09:51:14.323+0800][34.201s][info][gc,phases      ] GC(775) Phase 4: Move objects 3.764ms
[2026-06-17T09:51:14.323+0800][34.202s][info][gc             ] GC(775) Pause Full (Allocation Failure) 56M->30M(61M) 11.322ms
[2026-06-17T09:51:14.324+0800][34.202s][info][gc,heap        ] GC(774) DefNew: 19398K->0K(19648K)
[2026-06-17T09:51:14.325+0800][34.203s][info][gc,heap        ] GC(774) Tenured: 37996K->31471K(43712K)
[2026-06-17T09:51:14.325+0800][34.203s][info][gc,metaspace   ] GC(774) Metaspace: 3161K(4864K)->3161K(4864K) NonClass: 2855K(4352K)->2855K(4352K) Class: 305K(512K)->305K(512K)
[2026-06-17T09:51:14.326+0800][34.204s][info][gc             ] GC(774) Pause Young (Allocation Failure) 56M->30M(61M) 14.478ms
[2026-06-17T09:51:14.326+0800][34.204s][info][gc,cpu         ] GC(774) User=0.01s Sys=0.00s Real=0.01s
[2026-06-17T09:51:14.379+0800][34.257s][info][gc,start       ] GC(776) Pause Young (Allocation Failure)
[2026-06-17T09:51:14.381+0800][34.259s][info][gc,heap        ] GC(776) DefNew: 17472K->2075K(19648K)
[2026-06-17T09:51:14.382+0800][34.260s][info][gc,heap        ] GC(776) Tenured: 31471K->33322K(43712K)
[2026-06-17T09:51:14.383+0800][34.261s][info][gc,metaspace   ] GC(776) Metaspace: 3161K(4864K)->3161K(4864K) NonClass: 2855K(4352K)->2855K(4352K) Class: 305K(512K)->305K(512K)
[2026-06-17T09:51:14.383+0800][34.261s][info][gc             ] GC(776) Pause Young (Allocation Failure) 47M->34M(61M) 4.109ms
[2026-06-17T09:51:14.384+0800][34.262s][info][gc,cpu         ] GC(776) User=0.00s Sys=0.00s Real=0.01s
[2026-06-17T09:51:14.418+0800][34.296s][info][gc,start       ] GC(777) Pause Young (Allocation Failure)
[2026-06-17T09:51:14.420+0800][34.298s][info][gc,heap        ] GC(777) DefNew: 19034K->2079K(19648K)
[2026-06-17T09:51:14.421+0800][34.299s][info][gc,heap        ] GC(777) Tenured: 33322K->36025K(43712K)
[2026-06-17T09:51:14.422+0800][34.300s][info][gc,metaspace   ] GC(777) Metaspace: 3161K(4864K)->3161K(4864K) NonClass: 2855K(4352K)->2855K(4352K) Class: 305K(512K)->305K(512K)
[2026-06-17T09:51:14.423+0800][34.301s][info][gc             ] GC(777) Pause Young (Allocation Failure) 51M->37M(61M) 5.061ms
[2026-06-17T09:51:14.424+0800][34.302s][info][gc,cpu         ] GC(777) User=0.00s Sys=0.00s Real=0.01s
[2026-06-17T09:51:14.480+0800][34.358s][info][gc,start       ] GC(778) Pause Young (Allocation Failure)
[2026-06-17T09:51:14.482+0800][34.360s][info][gc,heap        ] GC(778) DefNew: 19551K->2167K(19648K)
[2026-06-17T09:51:14.483+0800][34.361s][info][gc,heap        ] GC(778) Tenured: 36025K->39572K(43712K)
[2026-06-17T09:51:14.484+0800][34.362s][info][gc,metaspace   ] GC(778) Metaspace: 3161K(4864K)->3161K(4864K) NonClass: 2855K(4352K)->2855K(4352K) Class: 305K(512K)->305K(512K)
[2026-06-17T09:51:14.484+0800][34.362s][info][gc             ] GC(778) Pause Young (Allocation Failure) 54M->40M(61M) 4.585ms
[2026-06-17T09:51:14.485+0800][34.363s][info][gc,cpu         ] GC(778) User=0.00s Sys=0.00s Real=0.01s
[2026-06-17T09:51:14.530+0800][34.408s][info][gc,start       ] GC(779) Pause Young (Allocation Failure)
[2026-06-17T09:51:14.531+0800][34.409s][info][gc,start       ] GC(780) Pause Full (Allocation Failure)
[2026-06-17T09:51:14.532+0800][34.410s][info][gc,phases,start] GC(780) Phase 1: Mark live objects
[2026-06-17T09:51:14.533+0800][34.411s][info][gc,phases      ] GC(780) Phase 1: Mark live objects 1.561ms
[2026-06-17T09:51:14.534+0800][34.412s][info][gc,phases,start] GC(780) Phase 2: Compute new object addresses
[2026-06-17T09:51:14.535+0800][34.413s][info][gc,phases      ] GC(780) Phase 2: Compute new object addresses 0.855ms
[2026-06-17T09:51:14.535+0800][34.413s][info][gc,phases,start] GC(780) Phase 3: Adjust pointers
[2026-06-17T09:51:14.536+0800][34.414s][info][gc,phases      ] GC(780) Phase 3: Adjust pointers 0.960ms
[2026-06-17T09:51:14.537+0800][34.415s][info][gc,phases,start] GC(780) Phase 4: Move objects
[2026-06-17T09:51:14.540+0800][34.419s][info][gc,phases      ] GC(780) Phase 4: Move objects 3.428ms
[2026-06-17T09:51:14.541+0800][34.419s][info][gc             ] GC(780) Pause Full (Allocation Failure) 57M->31M(61M) 10.148ms
[2026-06-17T09:51:14.542+0800][34.420s][info][gc,heap        ] GC(779) DefNew: 19639K->0K(19648K)
[2026-06-17T09:51:14.542+0800][34.420s][info][gc,heap        ] GC(779) Tenured: 39572K->32419K(43712K)
[2026-06-17T09:51:14.543+0800][34.421s][info][gc,metaspace   ] GC(779) Metaspace: 3161K(4864K)->3161K(4864K) NonClass: 2855K(4352K)->2855K(4352K) Class: 305K(512K)->305K(512K)
[2026-06-17T09:51:14.543+0800][34.421s][info][gc             ] GC(779) Pause Young (Allocation Failure) 57M->31M(61M) 12.554ms
[2026-06-17T09:51:14.543+0800][34.421s][info][gc,cpu         ] GC(779) User=0.01s Sys=0.00s Real=0.02s
[2026-06-17T09:51:14.587+0800][34.465s][info][gc,start       ] GC(781) Pause Young (Allocation Failure)
[2026-06-17T09:51:14.590+0800][34.468s][info][gc,heap        ] GC(781) DefNew: 17465K->2155K(19648K)
[2026-06-17T09:51:14.591+0800][34.469s][info][gc,heap        ] GC(781) Tenured: 32419K->37251K(43712K)
[2026-06-17T09:51:14.591+0800][34.469s][info][gc,metaspace   ] GC(781) Metaspace: 3161K(4864K)->3161K(4864K) NonClass: 2855K(4352K)->2855K(4352K) Class: 305K(512K)->305K(512K)
[2026-06-17T09:51:14.592+0800][34.470s][info][gc             ] GC(781) Pause Young (Allocation Failure) 48M->38M(61M) 4.478ms
[2026-06-17T09:51:14.592+0800][34.470s][info][gc,cpu         ] GC(781) User=0.00s Sys=0.00s Real=0.01s
[2026-06-17T09:51:14.635+0800][34.513s][info][gc,start       ] GC(782) Pause Young (Allocation Failure)
[2026-06-17T09:51:14.636+0800][34.514s][info][gc,heap        ] GC(782) DefNew: 19585K->2175K(19648K)
[2026-06-17T09:51:14.637+0800][34.515s][info][gc,heap        ] GC(782) Tenured: 37251K->40627K(43712K)
[2026-06-17T09:51:14.637+0800][34.515s][info][gc,metaspace   ] GC(782) Metaspace: 3161K(4864K)->3161K(4864K) NonClass: 2855K(4352K)->2855K(4352K) Class: 305K(512K)->305K(512K)
[2026-06-17T09:51:14.638+0800][34.516s][info][gc             ] GC(782) Pause Young (Allocation Failure) 55M->41M(61M) 2.762ms
[2026-06-17T09:51:14.638+0800][34.516s][info][gc,cpu         ] GC(782) User=0.00s Sys=0.00s Real=0.00s
[2026-06-17T09:51:14.682+0800][34.561s][info][gc,start       ] GC(783) Pause Young (Allocation Failure)
[2026-06-17T09:51:14.683+0800][34.561s][info][gc,start       ] GC(784) Pause Full (Allocation Failure)
[2026-06-17T09:51:14.685+0800][34.563s][info][gc,phases,start] GC(784) Phase 1: Mark live objects
[2026-06-17T09:51:14.686+0800][34.564s][info][gc,phases      ] GC(784) Phase 1: Mark live objects 1.720ms
[2026-06-17T09:51:14.687+0800][34.565s][info][gc,phases,start] GC(784) Phase 2: Compute new object addresses
[2026-06-17T09:51:14.688+0800][34.566s][info][gc,phases      ] GC(784) Phase 2: Compute new object addresses 0.815ms
[2026-06-17T09:51:14.688+0800][34.566s][info][gc,phases,start] GC(784) Phase 3: Adjust pointers
[2026-06-17T09:51:14.689+0800][34.567s][info][gc,phases      ] GC(784) Phase 3: Adjust pointers 0.901ms
[2026-06-17T09:51:14.690+0800][34.568s][info][gc,phases,start] GC(784) Phase 4: Move objects
[2026-06-17T09:51:14.693+0800][34.571s][info][gc,phases      ] GC(784) Phase 4: Move objects 3.148ms
[2026-06-17T09:51:14.693+0800][34.572s][info][gc             ] GC(784) Pause Full (Allocation Failure) 58M->32M(61M) 10.162ms
[2026-06-17T09:51:14.694+0800][34.572s][info][gc,heap        ] GC(783) DefNew: 19647K->0K(19648K)
[2026-06-17T09:51:14.694+0800][34.572s][info][gc,heap        ] GC(783) Tenured: 40627K->33351K(43712K)
[2026-06-17T09:51:14.695+0800][34.573s][info][gc,metaspace   ] GC(783) Metaspace: 3161K(4864K)->3161K(4864K) NonClass: 2855K(4352K)->2855K(4352K) Class: 305K(512K)->305K(512K)
[2026-06-17T09:51:14.695+0800][34.573s][info][gc             ] GC(783) Pause Young (Allocation Failure) 58M->32M(61M) 12.433ms
[2026-06-17T09:51:14.695+0800][34.573s][info][gc,cpu         ] GC(783) User=0.00s Sys=0.00s Real=0.02s
[2026-06-17T09:51:14.738+0800][34.616s][info][gc,start       ] GC(785) Pause Young (Allocation Failure)
[2026-06-17T09:51:14.739+0800][34.617s][info][gc,heap        ] GC(785) DefNew: 17472K->2175K(19648K)
[2026-06-17T09:51:14.739+0800][34.617s][info][gc,heap        ] GC(785) Tenured: 33351K->38194K(43712K)
[2026-06-17T09:51:14.740+0800][34.618s][info][gc,metaspace   ] GC(785) Metaspace: 3161K(4864K)->3161K(4864K) NonClass: 2855K(4352K)->2855K(4352K) Class: 305K(512K)->305K(512K)
[2026-06-17T09:51:14.740+0800][34.618s][info][gc             ] GC(785) Pause Young (Allocation Failure) 49M->39M(61M) 2.196ms
[2026-06-17T09:51:14.740+0800][34.618s][info][gc,cpu         ] GC(785) User=0.00s Sys=0.00s Real=0.00s
[2026-06-17T09:51:14.794+0800][34.672s][info][gc,start       ] GC(786) Pause Young (Allocation Failure)
[2026-06-17T09:51:14.795+0800][34.673s][info][gc,start       ] GC(787) Pause Full (Allocation Failure)
[2026-06-17T09:51:14.796+0800][34.674s][info][gc,phases,start] GC(787) Phase 1: Mark live objects
[2026-06-17T09:51:14.798+0800][34.676s][info][gc,phases      ] GC(787) Phase 1: Mark live objects 1.724ms
[2026-06-17T09:51:14.798+0800][34.676s][info][gc,phases,start] GC(787) Phase 2: Compute new object addresses
[2026-06-17T09:51:14.799+0800][34.677s][info][gc,phases      ] GC(787) Phase 2: Compute new object addresses 1.043ms
[2026-06-17T09:51:14.800+0800][34.678s][info][gc,phases,start] GC(787) Phase 3: Adjust pointers
[2026-06-17T09:51:14.801+0800][34.679s][info][gc,phases      ] GC(787) Phase 3: Adjust pointers 1.476ms
[2026-06-17T09:51:14.802+0800][34.680s][info][gc,phases,start] GC(787) Phase 4: Move objects
[2026-06-17T09:51:14.805+0800][34.683s][info][gc,phases      ] GC(787) Phase 4: Move objects 3.342ms
[2026-06-17T09:51:14.806+0800][34.684s][info][gc             ] GC(787) Pause Full (Allocation Failure) 56M->26M(61M) 10.393ms
[2026-06-17T09:51:14.806+0800][34.684s][info][gc,heap        ] GC(786) DefNew: 19621K->0K(19648K)
[2026-06-17T09:51:14.807+0800][34.685s][info][gc,heap        ] GC(786) Tenured: 38194K->26639K(43712K)
[2026-06-17T09:51:14.807+0800][34.685s][info][gc,metaspace   ] GC(786) Metaspace: 3161K(4864K)->3161K(4864K) NonClass: 2855K(4352K)->2855K(4352K) Class: 305K(512K)->305K(512K)
[2026-06-17T09:51:14.808+0800][34.686s][info][gc             ] GC(786) Pause Young (Allocation Failure) 56M->26M(61M) 13.880ms
[2026-06-17T09:51:14.808+0800][34.686s][info][gc,cpu         ] GC(786) User=0.00s Sys=0.00s Real=0.01s
[2026-06-17T09:51:14.852+0800][34.730s][info][gc,start       ] GC(788) Pause Young (Allocation Failure)
[2026-06-17T09:51:14.854+0800][34.732s][info][gc,heap        ] GC(788) DefNew: 17452K->2174K(19648K)
[2026-06-17T09:51:14.855+0800][34.733s][info][gc,heap        ] GC(788) Tenured: 26639K->31617K(43712K)
[2026-06-17T09:51:14.855+0800][34.733s][info][gc,metaspace   ] GC(788) Metaspace: 3161K(4864K)->3161K(4864K) NonClass: 2855K(4352K)->2855K(4352K) Class: 305K(512K)->305K(512K)
[2026-06-17T09:51:14.856+0800][34.734s][info][gc             ] GC(788) Pause Young (Allocation Failure) 43M->32M(61M) 4.378ms
[2026-06-17T09:51:14.856+0800][34.734s][info][gc,cpu         ] GC(788) User=0.01s Sys=0.00s Real=0.00s
[2026-06-17T09:51:14.901+0800][34.779s][info][gc,start       ] GC(789) Pause Young (Allocation Failure)
[2026-06-17T09:51:14.904+0800][34.782s][info][gc,heap        ] GC(789) DefNew: 19636K->2143K(19648K)
[2026-06-17T09:51:14.904+0800][34.782s][info][gc,heap        ] GC(789) Tenured: 31617K->35702K(43712K)
[2026-06-17T09:51:14.905+0800][34.783s][info][gc,metaspace   ] GC(789) Metaspace: 3161K(4864K)->3161K(4864K) NonClass: 2855K(4352K)->2855K(4352K) Class: 305K(512K)->305K(512K)
[2026-06-17T09:51:14.906+0800][34.784s][info][gc             ] GC(789) Pause Young (Allocation Failure) 50M->36M(61M) 4.679ms
[2026-06-17T09:51:14.906+0800][34.785s][info][gc,cpu         ] GC(789) User=0.00s Sys=0.00s Real=0.01s
[2026-06-17T09:51:14.951+0800][34.829s][info][gc,start       ] GC(790) Pause Young (Allocation Failure)
[2026-06-17T09:51:14.954+0800][34.832s][info][gc,heap        ] GC(790) DefNew: 19602K->2171K(19648K)
[2026-06-17T09:51:14.955+0800][34.833s][info][gc,heap        ] GC(790) Tenured: 35702K->39693K(43712K)
[2026-06-17T09:51:14.955+0800][34.833s][info][gc,metaspace   ] GC(790) Metaspace: 3161K(4864K)->3161K(4864K) NonClass: 2856K(4352K)->2856K(4352K) Class: 305K(512K)->305K(512K)
[2026-06-17T09:51:14.956+0800][34.834s][info][gc             ] GC(790) Pause Young (Allocation Failure) 54M->40M(61M) 4.410ms
[2026-06-17T09:51:14.956+0800][34.834s][info][gc,cpu         ] GC(790) User=0.01s Sys=0.00s Real=0.00s
[2026-06-17T09:51:15.000+0800][34.878s][info][gc,start       ] GC(791) Pause Young (Allocation Failure)
[2026-06-17T09:51:15.002+0800][34.880s][info][gc,start       ] GC(792) Pause Full (Allocation Failure)
[2026-06-17T09:51:15.003+0800][34.881s][info][gc,phases,start] GC(792) Phase 1: Mark live objects
[2026-06-17T09:51:15.005+0800][34.884s][info][gc,phases      ] GC(792) Phase 1: Mark live objects 2.103ms
[2026-06-17T09:51:15.006+0800][34.884s][info][gc,phases,start] GC(792) Phase 2: Compute new object addresses
[2026-06-17T09:51:15.007+0800][34.885s][info][gc,phases      ] GC(792) Phase 2: Compute new object addresses 0.992ms
[2026-06-17T09:51:15.008+0800][34.886s][info][gc,phases,start] GC(792) Phase 3: Adjust pointers
[2026-06-17T09:51:15.009+0800][34.887s][info][gc,phases      ] GC(792) Phase 3: Adjust pointers 1.161ms
[2026-06-17T09:51:15.009+0800][34.887s][info][gc,phases,start] GC(792) Phase 4: Move objects
[2026-06-17T09:51:15.013+0800][34.892s][info][gc,phases      ] GC(792) Phase 4: Move objects 4.053ms
[2026-06-17T09:51:15.014+0800][34.892s][info][gc             ] GC(792) Pause Full (Allocation Failure) 57M->24M(61M) 12.095ms
[2026-06-17T09:51:15.015+0800][34.893s][info][gc,heap        ] GC(791) DefNew: 19643K->0K(19648K)
[2026-06-17T09:51:15.015+0800][34.893s][info][gc,heap        ] GC(791) Tenured: 39693K->25401K(43712K)
[2026-06-17T09:51:15.016+0800][34.894s][info][gc,metaspace   ] GC(791) Metaspace: 3161K(4864K)->3161K(4864K) NonClass: 2856K(4352K)->2856K(4352K) Class: 305K(512K)->305K(512K)
[2026-06-17T09:51:15.016+0800][34.894s][info][gc             ] GC(791) Pause Young (Allocation Failure) 57M->24M(61M) 15.929ms
[2026-06-17T09:51:15.016+0800][34.894s][info][gc,cpu         ] GC(791) User=0.00s Sys=0.00s Real=0.02s
[2026-06-17T09:51:15.060+0800][34.938s][info][gc,start       ] GC(793) Pause Young (Allocation Failure)
[2026-06-17T09:51:15.061+0800][34.939s][info][gc,heap        ] GC(793) DefNew: 17446K->2172K(19648K)
[2026-06-17T09:51:15.062+0800][34.940s][info][gc,heap        ] GC(793) Tenured: 25401K->30076K(43712K)
[2026-06-17T09:51:15.063+0800][34.941s][info][gc,metaspace   ] GC(793) Metaspace: 3161K(4864K)->3161K(4864K) NonClass: 2856K(4352K)->2856K(4352K) Class: 305K(512K)->305K(512K)
[2026-06-17T09:51:15.063+0800][34.941s][info][gc             ] GC(793) Pause Young (Allocation Failure) 41M->31M(61M) 3.177ms
[2026-06-17T09:51:15.064+0800][34.942s][info][gc,cpu         ] GC(793) User=0.01s Sys=0.00s Real=0.01s
[2026-06-17T09:51:15.107+0800][34.986s][info][gc,start       ] GC(794) Pause Young (Allocation Failure)
[2026-06-17T09:51:15.110+0800][34.988s][info][gc,heap        ] GC(794) DefNew: 19491K->2052K(19648K)
[2026-06-17T09:51:15.111+0800][34.989s][info][gc,heap        ] GC(794) Tenured: 30076K->32748K(43712K)
[2026-06-17T09:51:15.112+0800][34.990s][info][gc,metaspace   ] GC(794) Metaspace: 3161K(4864K)->3161K(4864K) NonClass: 2856K(4352K)->2856K(4352K) Class: 305K(512K)->305K(512K)
[2026-06-17T09:51:15.112+0800][34.990s][info][gc             ] GC(794) Pause Young (Allocation Failure) 48M->33M(61M) 4.552ms
[2026-06-17T09:51:15.112+0800][34.990s][info][gc,cpu         ] GC(794) User=0.00s Sys=0.00s Real=0.01s
[2026-06-17T09:51:15.165+0800][35.043s][info][gc,start       ] GC(795) Pause Young (Allocation Failure)
[2026-06-17T09:51:15.166+0800][35.044s][info][gc,heap        ] GC(795) DefNew: 19524K->2124K(19648K)
[2026-06-17T09:51:15.166+0800][35.044s][info][gc,heap        ] GC(795) Tenured: 32748K->36312K(43712K)
[2026-06-17T09:51:15.166+0800][35.044s][info][gc,metaspace   ] GC(795) Metaspace: 3161K(4864K)->3161K(4864K) NonClass: 2856K(4352K)->2856K(4352K) Class: 305K(512K)->305K(512K)
[2026-06-17T09:51:15.166+0800][35.044s][info][gc             ] GC(795) Pause Young (Allocation Failure) 51M->37M(61M) 1.517ms
[2026-06-17T09:51:15.166+0800][35.045s][info][gc,cpu         ] GC(795) User=0.00s Sys=0.00s Real=0.00s
[2026-06-17T09:51:15.209+0800][35.087s][info][gc,start       ] GC(796) Pause Young (Allocation Failure)
[2026-06-17T09:51:15.211+0800][35.089s][info][gc,heap        ] GC(796) DefNew: 19578K->2171K(19648K)
[2026-06-17T09:51:15.211+0800][35.089s][info][gc,heap        ] GC(796) Tenured: 36312K->40570K(43712K)
[2026-06-17T09:51:15.212+0800][35.090s][info][gc,metaspace   ] GC(796) Metaspace: 3161K(4864K)->3161K(4864K) NonClass: 2856K(4352K)->2856K(4352K) Class: 305K(512K)->305K(512K)
[2026-06-17T09:51:15.213+0800][35.091s][info][gc             ] GC(796) Pause Young (Allocation Failure) 54M->41M(61M) 3.880ms
[2026-06-17T09:51:15.213+0800][35.091s][info][gc,cpu         ] GC(796) User=0.00s Sys=0.00s Real=0.01s
[2026-06-17T09:51:15.258+0800][35.136s][info][gc,start       ] GC(797) Pause Young (Allocation Failure)
[2026-06-17T09:51:15.260+0800][35.138s][info][gc,start       ] GC(798) Pause Full (Allocation Failure)
[2026-06-17T09:51:15.264+0800][35.142s][info][gc,phases,start] GC(798) Phase 1: Mark live objects
[2026-06-17T09:51:15.271+0800][35.149s][info][gc,phases      ] GC(798) Phase 1: Mark live objects 6.317ms
[2026-06-17T09:51:15.276+0800][35.154s][info][gc,phases,start] GC(798) Phase 2: Compute new object addresses
[2026-06-17T09:51:15.277+0800][35.155s][info][gc,phases      ] GC(798) Phase 2: Compute new object addresses 1.461ms
[2026-06-17T09:51:15.278+0800][35.156s][info][gc,phases,start] GC(798) Phase 3: Adjust pointers
[2026-06-17T09:51:15.279+0800][35.157s][info][gc,phases      ] GC(798) Phase 3: Adjust pointers 0.978ms
[2026-06-17T09:51:15.286+0800][35.164s][info][gc,phases,start] GC(798) Phase 4: Move objects
[2026-06-17T09:51:15.293+0800][35.171s][info][gc,phases      ] GC(798) Phase 4: Move objects 7.152ms
[2026-06-17T09:51:15.297+0800][35.176s][info][gc             ] GC(798) Pause Full (Allocation Failure) 58M->29M(61M) 37.564ms
[2026-06-17T09:51:15.298+0800][35.176s][info][gc,heap        ] GC(797) DefNew: 19624K->0K(19648K)
[2026-06-17T09:51:15.299+0800][35.177s][info][gc,heap        ] GC(797) Tenured: 40570K->30205K(43712K)
[2026-06-17T09:51:15.299+0800][35.177s][info][gc,metaspace   ] GC(797) Metaspace: 3161K(4864K)->3161K(4864K) NonClass: 2856K(4352K)->2856K(4352K) Class: 305K(512K)->305K(512K)
[2026-06-17T09:51:15.300+0800][35.178s][info][gc             ] GC(797) Pause Young (Allocation Failure) 58M->29M(61M) 42.599ms
[2026-06-17T09:51:15.301+0800][35.179s][info][gc,cpu         ] GC(797) User=0.00s Sys=0.00s Real=0.04s
[2026-06-17T09:51:15.343+0800][35.222s][info][gc,start       ] GC(799) Pause Young (Allocation Failure)
[2026-06-17T09:51:15.345+0800][35.223s][info][gc,heap        ] GC(799) DefNew: 17461K->2173K(19648K)
[2026-06-17T09:51:15.346+0800][35.224s][info][gc,heap        ] GC(799) Tenured: 30205K->35242K(43712K)
[2026-06-17T09:51:15.346+0800][35.224s][info][gc,metaspace   ] GC(799) Metaspace: 3161K(4864K)->3161K(4864K) NonClass: 2856K(4352K)->2856K(4352K) Class: 305K(512K)->305K(512K)
[2026-06-17T09:51:15.347+0800][35.225s][info][gc             ] GC(799) Pause Young (Allocation Failure) 46M->36M(61M) 3.811ms
[2026-06-17T09:51:15.348+0800][35.226s][info][gc,cpu         ] GC(799) User=0.00s Sys=0.00s Real=0.00s
[2026-06-17T09:51:15.391+0800][35.269s][info][gc,start       ] GC(800) Pause Young (Allocation Failure)
[2026-06-17T09:51:15.393+0800][35.271s][info][gc,heap        ] GC(800) DefNew: 19633K->2142K(19648K)
[2026-06-17T09:51:15.393+0800][35.272s][info][gc,heap        ] GC(800) Tenured: 35242K->38200K(43712K)
[2026-06-17T09:51:15.394+0800][35.272s][info][gc,metaspace   ] GC(800) Metaspace: 3161K(4864K)->3161K(4864K) NonClass: 2856K(4352K)->2856K(4352K) Class: 305K(512K)->305K(512K)
[2026-06-17T09:51:15.395+0800][35.273s][info][gc             ] GC(800) Pause Young (Allocation Failure) 53M->39M(61M) 4.155ms
[2026-06-17T09:51:15.396+0800][35.274s][info][gc,cpu         ] GC(800) User=0.00s Sys=0.00s Real=0.00s
[2026-06-17T09:51:15.450+0800][35.328s][info][gc,start       ] GC(801) Pause Young (Allocation Failure)
[2026-06-17T09:51:15.462+0800][35.341s][info][gc,start       ] GC(802) Pause Full (Allocation Failure)
[2026-06-17T09:51:15.463+0800][35.341s][info][gc,phases,start] GC(802) Phase 1: Mark live objects
[2026-06-17T09:51:15.482+0800][35.360s][info][gc,phases      ] GC(802) Phase 1: Mark live objects 18.451ms
[2026-06-17T09:51:15.504+0800][35.382s][info][gc,phases,start] GC(802) Phase 2: Compute new object addresses
[2026-06-17T09:51:15.505+0800][35.383s][info][gc,phases      ] GC(802) Phase 2: Compute new object addresses 1.015ms
[2026-06-17T09:51:15.507+0800][35.385s][info][gc,phases,start] GC(802) Phase 3: Adjust pointers
[2026-06-17T09:51:15.510+0800][35.388s][info][gc,phases      ] GC(802) Phase 3: Adjust pointers 2.383ms
[2026-06-17T09:51:15.512+0800][35.390s][info][gc,phases,start] GC(802) Phase 4: Move objects
[2026-06-17T09:51:15.515+0800][35.393s][info][gc,phases      ] GC(802) Phase 4: Move objects 3.024ms
[2026-06-17T09:51:15.515+0800][35.393s][info][gc             ] GC(802) Pause Full (Allocation Failure) 56M->26M(61M) 52.661ms
[2026-06-17T09:51:15.515+0800][35.394s][info][gc,heap        ] GC(801) DefNew: 19614K->0K(19648K)
[2026-06-17T09:51:15.516+0800][35.394s][info][gc,heap        ] GC(801) Tenured: 38200K->27286K(43712K)
[2026-06-17T09:51:15.516+0800][35.394s][info][gc,metaspace   ] GC(801) Metaspace: 3161K(4864K)->3161K(4864K) NonClass: 2856K(4352K)->2856K(4352K) Class: 305K(512K)->305K(512K)
[2026-06-17T09:51:15.516+0800][35.394s][info][gc             ] GC(801) Pause Young (Allocation Failure) 56M->26M(61M) 66.625ms
[2026-06-17T09:51:15.516+0800][35.394s][info][gc,cpu         ] GC(801) User=0.01s Sys=0.00s Real=0.07s
[2026-06-17T09:51:15.559+0800][35.437s][info][gc,start       ] GC(803) Pause Young (Allocation Failure)
[2026-06-17T09:51:15.561+0800][35.439s][info][gc,heap        ] GC(803) DefNew: 17472K->2157K(19648K)
[2026-06-17T09:51:15.562+0800][35.440s][info][gc,heap        ] GC(803) Tenured: 27286K->29215K(43712K)
[2026-06-17T09:51:15.563+0800][35.441s][info][gc,metaspace   ] GC(803) Metaspace: 3161K(4864K)->3161K(4864K) NonClass: 2856K(4352K)->2856K(4352K) Class: 305K(512K)->305K(512K)
[2026-06-17T09:51:15.564+0800][35.443s][info][gc             ] GC(803) Pause Young (Allocation Failure) 43M->30M(61M) 5.612ms
[2026-06-17T09:51:15.571+0800][35.449s][info][gc,cpu         ] GC(803) User=0.00s Sys=0.00s Real=0.02s
[2026-06-17T09:51:15.614+0800][35.492s][info][gc,start       ] GC(804) Pause Young (Allocation Failure)
[2026-06-17T09:51:15.615+0800][35.493s][info][gc,heap        ] GC(804) DefNew: 19603K->2173K(19648K)
[2026-06-17T09:51:15.616+0800][35.494s][info][gc,heap        ] GC(804) Tenured: 29215K->35851K(43712K)
[2026-06-17T09:51:15.616+0800][35.494s][info][gc,metaspace   ] GC(804) Metaspace: 3161K(4864K)->3161K(4864K) NonClass: 2856K(4352K)->2856K(4352K) Class: 305K(512K)->305K(512K)
[2026-06-17T09:51:15.616+0800][35.494s][info][gc             ] GC(804) Pause Young (Allocation Failure) 47M->37M(61M) 2.726ms
[2026-06-17T09:51:15.617+0800][35.495s][info][gc,cpu         ] GC(804) User=0.00s Sys=0.00s Real=0.00s
[2026-06-17T09:51:15.659+0800][35.537s][info][gc,start       ] GC(805) Pause Young (Allocation Failure)
[2026-06-17T09:51:15.661+0800][35.539s][info][gc,heap        ] GC(805) DefNew: 19645K->2174K(19648K)
[2026-06-17T09:51:15.661+0800][35.539s][info][gc,heap        ] GC(805) Tenured: 35851K->39540K(43712K)
[2026-06-17T09:51:15.662+0800][35.540s][info][gc,metaspace   ] GC(805) Metaspace: 3161K(4864K)->3161K(4864K) NonClass: 2856K(4352K)->2856K(4352K) Class: 305K(512K)->305K(512K)
[2026-06-17T09:51:15.662+0800][35.540s][info][gc             ] GC(805) Pause Young (Allocation Failure) 54M->40M(61M) 3.020ms
[2026-06-17T09:51:15.663+0800][35.541s][info][gc,cpu         ] GC(805) User=0.00s Sys=0.00s Real=0.01s
[2026-06-17T09:51:15.705+0800][35.583s][info][gc,start       ] GC(806) Pause Young (Allocation Failure)
[2026-06-17T09:51:15.706+0800][35.584s][info][gc,start       ] GC(807) Pause Full (Allocation Failure)
[2026-06-17T09:51:15.706+0800][35.584s][info][gc,phases,start] GC(807) Phase 1: Mark live objects
[2026-06-17T09:51:15.707+0800][35.585s][info][gc,phases      ] GC(807) Phase 1: Mark live objects 0.762ms
[2026-06-17T09:51:15.707+0800][35.585s][info][gc,phases,start] GC(807) Phase 2: Compute new object addresses
[2026-06-17T09:51:15.708+0800][35.586s][info][gc,phases      ] GC(807) Phase 2: Compute new object addresses 0.697ms
[2026-06-17T09:51:15.708+0800][35.586s][info][gc,phases,start] GC(807) Phase 3: Adjust pointers
[2026-06-17T09:51:15.709+0800][35.587s][info][gc,phases      ] GC(807) Phase 3: Adjust pointers 0.416ms
[2026-06-17T09:51:15.709+0800][35.587s][info][gc,phases,start] GC(807) Phase 4: Move objects
[2026-06-17T09:51:15.711+0800][35.589s][info][gc,phases      ] GC(807) Phase 4: Move objects 2.047ms
[2026-06-17T09:51:15.711+0800][35.589s][info][gc             ] GC(807) Pause Full (Allocation Failure) 57M->28M(61M) 5.319ms
[2026-06-17T09:51:15.711+0800][35.589s][info][gc,heap        ] GC(806) DefNew: 19568K->0K(19648K)
[2026-06-17T09:51:15.712+0800][35.590s][info][gc,heap        ] GC(806) Tenured: 39540K->28684K(43712K)
[2026-06-17T09:51:15.712+0800][35.590s][info][gc,metaspace   ] GC(806) Metaspace: 3161K(4864K)->3161K(4864K) NonClass: 2856K(4352K)->2856K(4352K) Class: 305K(512K)->305K(512K)
[2026-06-17T09:51:15.712+0800][35.590s][info][gc             ] GC(806) Pause Young (Allocation Failure) 57M->28M(61M) 6.600ms
[2026-06-17T09:51:15.712+0800][35.590s][info][gc,cpu         ] GC(806) User=0.00s Sys=0.00s Real=0.01s
[2026-06-17T09:51:15.764+0800][35.643s][info][gc,start       ] GC(808) Pause Young (Allocation Failure)
[2026-06-17T09:51:15.765+0800][35.643s][info][gc,heap        ] GC(808) DefNew: 17447K->2086K(19648K)
[2026-06-17T09:51:15.766+0800][35.644s][info][gc,heap        ] GC(808) Tenured: 28684K->30185K(43712K)
[2026-06-17T09:51:15.766+0800][35.644s][info][gc,metaspace   ] GC(808) Metaspace: 3161K(4864K)->3161K(4864K) NonClass: 2856K(4352K)->2856K(4352K) Class: 305K(512K)->305K(512K)
[2026-06-17T09:51:15.766+0800][35.644s][info][gc             ] GC(808) Pause Young (Allocation Failure) 45M->31M(61M) 1.857ms
[2026-06-17T09:51:15.766+0800][35.645s][info][gc,cpu         ] GC(808) User=0.00s Sys=0.00s Real=0.00s
[2026-06-17T09:51:15.809+0800][35.687s][info][gc,start       ] GC(809) Pause Young (Allocation Failure)
[2026-06-17T09:51:15.810+0800][35.688s][info][gc,heap        ] GC(809) DefNew: 19558K->2171K(19648K)
[2026-06-17T09:51:15.810+0800][35.688s][info][gc,heap        ] GC(809) Tenured: 30185K->33499K(43712K)
[2026-06-17T09:51:15.811+0800][35.689s][info][gc,metaspace   ] GC(809) Metaspace: 3161K(4864K)->3161K(4864K) NonClass: 2856K(4352K)->2856K(4352K) Class: 305K(512K)->305K(512K)
[2026-06-17T09:51:15.811+0800][35.689s][info][gc             ] GC(809) Pause Young (Allocation Failure) 48M->34M(61M) 2.240ms
[2026-06-17T09:51:15.811+0800][35.689s][info][gc,cpu         ] GC(809) User=0.00s Sys=0.00s Real=0.01s
[2026-06-17T09:51:15.854+0800][35.732s][info][gc,start       ] GC(810) Pause Young (Allocation Failure)
[2026-06-17T09:51:15.855+0800][35.733s][info][gc,heap        ] GC(810) DefNew: 19617K->2159K(19648K)
[2026-06-17T09:51:15.856+0800][35.734s][info][gc,heap        ] GC(810) Tenured: 33499K->37956K(43712K)
[2026-06-17T09:51:15.856+0800][35.734s][info][gc,metaspace   ] GC(810) Metaspace: 3161K(4864K)->3161K(4864K) NonClass: 2856K(4352K)->2856K(4352K) Class: 305K(512K)->305K(512K)
[2026-06-17T09:51:15.857+0800][35.735s][info][gc             ] GC(810) Pause Young (Allocation Failure) 51M->39M(61M) 3.446ms
[2026-06-17T09:51:15.857+0800][35.735s][info][gc,cpu         ] GC(810) User=0.00s Sys=0.00s Real=0.00s
[2026-06-17T09:51:15.901+0800][35.779s][info][gc,start       ] GC(811) Pause Young (Allocation Failure)
[2026-06-17T09:51:15.902+0800][35.780s][info][gc,start       ] GC(812) Pause Full (Allocation Failure)
[2026-06-17T09:51:15.902+0800][35.780s][info][gc,phases,start] GC(812) Phase 1: Mark live objects
[2026-06-17T09:51:15.903+0800][35.781s][info][gc,phases      ] GC(812) Phase 1: Mark live objects 1.415ms
[2026-06-17T09:51:15.904+0800][35.782s][info][gc,phases,start] GC(812) Phase 2: Compute new object addresses
[2026-06-17T09:51:15.904+0800][35.782s][info][gc,phases      ] GC(812) Phase 2: Compute new object addresses 0.545ms
[2026-06-17T09:51:15.905+0800][35.783s][info][gc,phases,start] GC(812) Phase 3: Adjust pointers
[2026-06-17T09:51:15.905+0800][35.783s][info][gc,phases      ] GC(812) Phase 3: Adjust pointers 0.708ms
[2026-06-17T09:51:15.906+0800][35.784s][info][gc,phases,start] GC(812) Phase 4: Move objects
[2026-06-17T09:51:15.908+0800][35.786s][info][gc,phases      ] GC(812) Phase 4: Move objects 2.316ms
[2026-06-17T09:51:15.908+0800][35.786s][info][gc             ] GC(812) Pause Full (Allocation Failure) 56M->34M(61M) 6.910ms
[2026-06-17T09:51:15.909+0800][35.787s][info][gc,heap        ] GC(811) DefNew: 19631K->0K(19648K)
[2026-06-17T09:51:15.909+0800][35.787s][info][gc,heap        ] GC(811) Tenured: 37956K->34965K(43712K)
[2026-06-17T09:51:15.909+0800][35.787s][info][gc,metaspace   ] GC(811) Metaspace: 3161K(4864K)->3161K(4864K) NonClass: 2856K(4352K)->2856K(4352K) Class: 305K(512K)->305K(512K)
[2026-06-17T09:51:15.909+0800][35.787s][info][gc             ] GC(811) Pause Young (Allocation Failure) 56M->34M(61M) 8.601ms
[2026-06-17T09:51:15.910+0800][35.788s][info][gc,cpu         ] GC(811) User=0.01s Sys=0.00s Real=0.01s
[2026-06-17T09:51:15.953+0800][35.831s][info][gc,start       ] GC(813) Pause Young (Allocation Failure)
[2026-06-17T09:51:15.955+0800][35.833s][info][gc,heap        ] GC(813) DefNew: 17189K->2100K(19648K)
[2026-06-17T09:51:15.955+0800][35.833s][info][gc,heap        ] GC(813) Tenured: 34965K->36139K(43712K)
[2026-06-17T09:51:15.956+0800][35.834s][info][gc,metaspace   ] GC(813) Metaspace: 3161K(4864K)->3161K(4864K) NonClass: 2856K(4352K)->2856K(4352K) Class: 305K(512K)->305K(512K)
[2026-06-17T09:51:15.957+0800][35.835s][info][gc             ] GC(813) Pause Young (Allocation Failure) 50M->37M(61M) 3.721ms
[2026-06-17T09:51:15.957+0800][35.836s][info][gc,cpu         ] GC(813) User=0.00s Sys=0.00s Real=0.00s
[2026-06-17T09:51:16.002+0800][35.880s][info][gc,start       ] GC(814) Pause Young (Allocation Failure)
[2026-06-17T09:51:16.009+0800][35.887s][info][gc,heap        ] GC(814) DefNew: 19564K->2171K(19648K)
[2026-06-17T09:51:16.010+0800][35.888s][info][gc,heap        ] GC(814) Tenured: 36139K->42769K(43712K)
[2026-06-17T09:51:16.010+0800][35.888s][info][gc,metaspace   ] GC(814) Metaspace: 3161K(4864K)->3161K(4864K) NonClass: 2856K(4352K)->2856K(4352K) Class: 305K(512K)->305K(512K)
[2026-06-17T09:51:16.010+0800][35.888s][info][gc             ] GC(814) Pause Young (Allocation Failure) 54M->43M(61M) 8.782ms
[2026-06-17T09:51:16.011+0800][35.889s][info][gc,cpu         ] GC(814) User=0.01s Sys=0.00s Real=0.02s
[2026-06-17T09:51:16.070+0800][35.948s][info][gc,start       ] GC(815) Pause Young (Allocation Failure)
[2026-06-17T09:51:16.070+0800][35.949s][info][gc,start       ] GC(816) Pause Full (Allocation Failure)
[2026-06-17T09:51:16.071+0800][35.949s][info][gc,phases,start] GC(816) Phase 1: Mark live objects
[2026-06-17T09:51:16.074+0800][35.952s][info][gc,phases      ] GC(816) Phase 1: Mark live objects 2.548ms
[2026-06-17T09:51:16.075+0800][35.953s][info][gc,phases,start] GC(816) Phase 2: Compute new object addresses
[2026-06-17T09:51:16.076+0800][35.954s][info][gc,phases      ] GC(816) Phase 2: Compute new object addresses 1.148ms
[2026-06-17T09:51:16.076+0800][35.954s][info][gc,phases,start] GC(816) Phase 3: Adjust pointers
[2026-06-17T09:51:16.078+0800][35.956s][info][gc,phases      ] GC(816) Phase 3: Adjust pointers 1.284ms
[2026-06-17T09:51:16.078+0800][35.956s][info][gc,phases,start] GC(816) Phase 4: Move objects
[2026-06-17T09:51:16.083+0800][35.961s][info][gc,phases      ] GC(816) Phase 4: Move objects 4.422ms
[2026-06-17T09:51:16.083+0800][35.961s][info][gc             ] GC(816) Pause Full (Allocation Failure) 60M->24M(61M) 12.842ms
[2026-06-17T09:51:16.084+0800][35.962s][info][gc,heap        ] GC(815) DefNew: 19621K->0K(19648K)
[2026-06-17T09:51:16.084+0800][35.962s][info][gc,heap        ] GC(815) Tenured: 42769K->25245K(43712K)
[2026-06-17T09:51:16.085+0800][35.963s][info][gc,metaspace   ] GC(815) Metaspace: 3161K(4864K)->3161K(4864K) NonClass: 2856K(4352K)->2856K(4352K) Class: 305K(512K)->305K(512K)
[2026-06-17T09:51:16.088+0800][35.966s][info][gc             ] GC(815) Pause Young (Allocation Failure) 60M->24M(61M) 18.363ms
[2026-06-17T09:51:16.091+0800][35.969s][info][gc,cpu         ] GC(815) User=0.01s Sys=0.00s Real=0.03s
[2026-06-17T09:51:16.141+0800][36.019s][info][gc,start       ] GC(817) Pause Young (Allocation Failure)
[2026-06-17T09:51:16.144+0800][36.022s][info][gc,heap        ] GC(817) DefNew: 17460K->2171K(19648K)
[2026-06-17T09:51:16.146+0800][36.024s][info][gc,heap        ] GC(817) Tenured: 25245K->30249K(43712K)
[2026-06-17T09:51:16.148+0800][36.026s][info][gc,metaspace   ] GC(817) Metaspace: 3161K(4864K)->3161K(4864K) NonClass: 2856K(4352K)->2856K(4352K) Class: 305K(512K)->305K(512K)
[2026-06-17T09:51:16.148+0800][36.026s][info][gc             ] GC(817) Pause Young (Allocation Failure) 41M->31M(61M) 7.487ms
[2026-06-17T09:51:16.149+0800][36.027s][info][gc,cpu         ] GC(817) User=0.00s Sys=0.00s Real=0.01s
[2026-06-17T09:51:16.194+0800][36.072s][info][gc,start       ] GC(818) Pause Young (Allocation Failure)
[2026-06-17T09:51:16.196+0800][36.074s][info][gc,heap        ] GC(818) DefNew: 19643K->2169K(19648K)
[2026-06-17T09:51:16.197+0800][36.075s][info][gc,heap        ] GC(818) Tenured: 30249K->34964K(43712K)
[2026-06-17T09:51:16.197+0800][36.075s][info][gc,metaspace   ] GC(818) Metaspace: 3161K(4864K)->3161K(4864K) NonClass: 2856K(4352K)->2856K(4352K) Class: 305K(512K)->305K(512K)
[2026-06-17T09:51:16.198+0800][36.076s][info][gc             ] GC(818) Pause Young (Allocation Failure) 48M->36M(61M) 4.065ms
[2026-06-17T09:51:16.199+0800][36.077s][info][gc,cpu         ] GC(818) User=0.00s Sys=0.00s Real=0.00s
[2026-06-17T09:51:16.244+0800][36.122s][info][gc,start       ] GC(819) Pause Young (Allocation Failure)
[2026-06-17T09:51:16.247+0800][36.125s][info][gc,heap        ] GC(819) DefNew: 19614K->2169K(19648K)
[2026-06-17T09:51:16.247+0800][36.126s][info][gc,heap        ] GC(819) Tenured: 34964K->39109K(43712K)
[2026-06-17T09:51:16.248+0800][36.126s][info][gc,metaspace   ] GC(819) Metaspace: 3161K(4864K)->3161K(4864K) NonClass: 2856K(4352K)->2856K(4352K) Class: 305K(512K)->305K(512K)
[2026-06-17T09:51:16.249+0800][36.127s][info][gc             ] GC(819) Pause Young (Allocation Failure) 53M->40M(61M) 5.242ms
[2026-06-17T09:51:16.250+0800][36.128s][info][gc,cpu         ] GC(819) User=0.00s Sys=0.00s Real=0.00s
[2026-06-17T09:51:16.295+0800][36.173s][info][gc,start       ] GC(820) Pause Young (Allocation Failure)
[2026-06-17T09:51:16.296+0800][36.174s][info][gc,start       ] GC(821) Pause Full (Allocation Failure)
[2026-06-17T09:51:16.297+0800][36.175s][info][gc,phases,start] GC(821) Phase 1: Mark live objects
[2026-06-17T09:51:16.299+0800][36.177s][info][gc,phases      ] GC(821) Phase 1: Mark live objects 2.088ms
[2026-06-17T09:51:16.300+0800][36.178s][info][gc,phases,start] GC(821) Phase 2: Compute new object addresses
[2026-06-17T09:51:16.301+0800][36.179s][info][gc,phases      ] GC(821) Phase 2: Compute new object addresses 1.586ms
[2026-06-17T09:51:16.302+0800][36.180s][info][gc,phases,start] GC(821) Phase 3: Adjust pointers
[2026-06-17T09:51:16.303+0800][36.181s][info][gc,phases      ] GC(821) Phase 3: Adjust pointers 1.064ms
[2026-06-17T09:51:16.304+0800][36.182s][info][gc,phases,start] GC(821) Phase 4: Move objects
[2026-06-17T09:51:16.307+0800][36.185s][info][gc,phases      ] GC(821) Phase 4: Move objects 3.506ms
[2026-06-17T09:51:16.308+0800][36.186s][info][gc             ] GC(821) Pause Full (Allocation Failure) 57M->30M(61M) 11.304ms
[2026-06-17T09:51:16.308+0800][36.186s][info][gc,heap        ] GC(820) DefNew: 19641K->0K(19648K)
[2026-06-17T09:51:16.310+0800][36.188s][info][gc,heap        ] GC(820) Tenured: 39109K->31083K(43712K)
[2026-06-17T09:51:16.310+0800][36.188s][info][gc,metaspace   ] GC(820) Metaspace: 3161K(4864K)->3161K(4864K) NonClass: 2856K(4352K)->2856K(4352K) Class: 305K(512K)->305K(512K)
[2026-06-17T09:51:16.310+0800][36.188s][info][gc             ] GC(820) Pause Young (Allocation Failure) 57M->30M(61M) 15.324ms
[2026-06-17T09:51:16.310+0800][36.188s][info][gc,cpu         ] GC(820) User=0.01s Sys=0.00s Real=0.01s
[2026-06-17T09:51:16.353+0800][36.231s][info][gc,start       ] GC(822) Pause Young (Allocation Failure)
[2026-06-17T09:51:16.354+0800][36.232s][info][gc,heap        ] GC(822) DefNew: 17472K->2174K(19648K)
[2026-06-17T09:51:16.354+0800][36.232s][info][gc,heap        ] GC(822) Tenured: 31083K->35559K(43712K)
[2026-06-17T09:51:16.355+0800][36.233s][info][gc,metaspace   ] GC(822) Metaspace: 3161K(4864K)->3161K(4864K) NonClass: 2856K(4352K)->2856K(4352K) Class: 305K(512K)->305K(512K)
[2026-06-17T09:51:16.355+0800][36.233s][info][gc             ] GC(822) Pause Young (Allocation Failure) 47M->36M(61M) 2.018ms
[2026-06-17T09:51:16.355+0800][36.233s][info][gc,cpu         ] GC(822) User=0.00s Sys=0.00s Real=0.00s
[2026-06-17T09:51:16.397+0800][36.275s][info][gc,start       ] GC(823) Pause Young (Allocation Failure)
[2026-06-17T09:51:16.398+0800][36.276s][info][gc,heap        ] GC(823) DefNew: 19528K->2077K(19648K)
[2026-06-17T09:51:16.398+0800][36.276s][info][gc,heap        ] GC(823) Tenured: 35559K->37806K(43712K)
[2026-06-17T09:51:16.398+0800][36.276s][info][gc,metaspace   ] GC(823) Metaspace: 3161K(4864K)->3161K(4864K) NonClass: 2856K(4352K)->2856K(4352K) Class: 305K(512K)->305K(512K)
[2026-06-17T09:51:16.398+0800][36.277s][info][gc             ] GC(823) Pause Young (Allocation Failure) 53M->38M(61M) 1.470ms
[2026-06-17T09:51:16.399+0800][36.277s][info][gc,cpu         ] GC(823) User=0.00s Sys=0.00s Real=0.00s
[2026-06-17T09:51:16.441+0800][36.319s][info][gc,start       ] GC(824) Pause Young (Allocation Failure)
[2026-06-17T09:51:16.443+0800][36.321s][info][gc,start       ] GC(825) Pause Full (Allocation Failure)
[2026-06-17T09:51:16.445+0800][36.323s][info][gc,phases,start] GC(825) Phase 1: Mark live objects
[2026-06-17T09:51:16.447+0800][36.325s][info][gc,phases      ] GC(825) Phase 1: Mark live objects 2.161ms
[2026-06-17T09:51:16.450+0800][36.328s][info][gc,phases,start] GC(825) Phase 2: Compute new object addresses
[2026-06-17T09:51:16.452+0800][36.330s][info][gc,phases      ] GC(825) Phase 2: Compute new object addresses 2.106ms
[2026-06-17T09:51:16.454+0800][36.332s][info][gc,phases,start] GC(825) Phase 3: Adjust pointers
[2026-06-17T09:51:16.456+0800][36.334s][info][gc,phases      ] GC(825) Phase 3: Adjust pointers 1.779ms
[2026-06-17T09:51:16.456+0800][36.334s][info][gc,phases,start] GC(825) Phase 4: Move objects
[2026-06-17T09:51:16.461+0800][36.339s][info][gc,phases      ] GC(825) Phase 4: Move objects 4.716ms
[2026-06-17T09:51:16.462+0800][36.340s][info][gc             ] GC(825) Pause Full (Allocation Failure) 56M->30M(61M) 18.946ms
[2026-06-17T09:51:16.462+0800][36.340s][info][gc,heap        ] GC(824) DefNew: 19549K->0K(19648K)
[2026-06-17T09:51:16.463+0800][36.341s][info][gc,heap        ] GC(824) Tenured: 37806K->31054K(43712K)
[2026-06-17T09:51:16.463+0800][36.341s][info][gc,metaspace   ] GC(824) Metaspace: 3161K(4864K)->3161K(4864K) NonClass: 2856K(4352K)->2856K(4352K) Class: 305K(512K)->305K(512K)
[2026-06-17T09:51:16.464+0800][36.342s][info][gc             ] GC(824) Pause Young (Allocation Failure) 56M->30M(61M) 22.397ms
[2026-06-17T09:51:16.464+0800][36.342s][info][gc,cpu         ] GC(824) User=0.00s Sys=0.00s Real=0.03s
[2026-06-17T09:51:16.520+0800][36.398s][info][gc,start       ] GC(826) Pause Young (Allocation Failure)
[2026-06-17T09:51:16.521+0800][36.399s][info][gc,heap        ] GC(826) DefNew: 17472K->2157K(19648K)
[2026-06-17T09:51:16.522+0800][36.400s][info][gc,heap        ] GC(826) Tenured: 31054K->32222K(43712K)
[2026-06-17T09:51:16.523+0800][36.401s][info][gc,metaspace   ] GC(826) Metaspace: 3161K(4864K)->3161K(4864K) NonClass: 2856K(4352K)->2856K(4352K) Class: 305K(512K)->305K(512K)
[2026-06-17T09:51:16.523+0800][36.401s][info][gc             ] GC(826) Pause Young (Allocation Failure) 47M->33M(61M) 3.789ms
[2026-06-17T09:51:16.524+0800][36.402s][info][gc,cpu         ] GC(826) User=0.00s Sys=0.00s Real=0.01s
[2026-06-17T09:51:16.568+0800][36.446s][info][gc,start       ] GC(827) Pause Young (Allocation Failure)
[2026-06-17T09:51:16.570+0800][36.448s][info][gc,heap        ] GC(827) DefNew: 19623K->2137K(19648K)
[2026-06-17T09:51:16.571+0800][36.449s][info][gc,heap        ] GC(827) Tenured: 32222K->35502K(43712K)
[2026-06-17T09:51:16.571+0800][36.449s][info][gc,metaspace   ] GC(827) Metaspace: 3161K(4864K)->3161K(4864K) NonClass: 2856K(4352K)->2856K(4352K) Class: 305K(512K)->305K(512K)
[2026-06-17T09:51:16.572+0800][36.450s][info][gc             ] GC(827) Pause Young (Allocation Failure) 50M->36M(61M) 3.997ms
[2026-06-17T09:51:16.573+0800][36.451s][info][gc,cpu         ] GC(827) User=0.00s Sys=0.00s Real=0.01s
[2026-06-17T09:51:16.617+0800][36.495s][info][gc,start       ] GC(828) Pause Young (Allocation Failure)
[2026-06-17T09:51:16.621+0800][36.499s][info][gc,heap        ] GC(828) DefNew: 19609K->2156K(19648K)
[2026-06-17T09:51:16.623+0800][36.501s][info][gc,heap        ] GC(828) Tenured: 35502K->38764K(43712K)
[2026-06-17T09:51:16.623+0800][36.501s][info][gc,metaspace   ] GC(828) Metaspace: 3161K(4864K)->3161K(4864K) NonClass: 2856K(4352K)->2856K(4352K) Class: 305K(512K)->305K(512K)
[2026-06-17T09:51:16.624+0800][36.502s][info][gc             ] GC(828) Pause Young (Allocation Failure) 53M->39M(61M) 6.636ms
[2026-06-17T09:51:16.625+0800][36.503s][info][gc,cpu         ] GC(828) User=0.00s Sys=0.00s Real=0.01s
[2026-06-17T09:51:16.668+0800][36.546s][info][gc,start       ] GC(829) Pause Young (Allocation Failure)
[2026-06-17T09:51:16.669+0800][36.547s][info][gc,start       ] GC(830) Pause Full (Allocation Failure)
[2026-06-17T09:51:16.670+0800][36.548s][info][gc,phases,start] GC(830) Phase 1: Mark live objects
[2026-06-17T09:51:16.672+0800][36.550s][info][gc,phases      ] GC(830) Phase 1: Mark live objects 1.944ms
[2026-06-17T09:51:16.672+0800][36.550s][info][gc,phases,start] GC(830) Phase 2: Compute new object addresses
[2026-06-17T09:51:16.673+0800][36.551s][info][gc,phases      ] GC(830) Phase 2: Compute new object addresses 0.955ms
[2026-06-17T09:51:16.674+0800][36.552s][info][gc,phases,start] GC(830) Phase 3: Adjust pointers
[2026-06-17T09:51:16.675+0800][36.553s][info][gc,phases      ] GC(830) Phase 3: Adjust pointers 1.238ms
[2026-06-17T09:51:16.676+0800][36.554s][info][gc,phases,start] GC(830) Phase 4: Move objects
[2026-06-17T09:51:16.679+0800][36.557s][info][gc,phases      ] GC(830) Phase 4: Move objects 3.475ms
[2026-06-17T09:51:16.680+0800][36.558s][info][gc             ] GC(830) Pause Full (Allocation Failure) 57M->29M(61M) 10.616ms
[2026-06-17T09:51:16.680+0800][36.558s][info][gc,heap        ] GC(829) DefNew: 19626K->0K(19648K)
[2026-06-17T09:51:16.681+0800][36.559s][info][gc,heap        ] GC(829) Tenured: 38764K->30553K(43712K)
[2026-06-17T09:51:16.681+0800][36.559s][info][gc,metaspace   ] GC(829) Metaspace: 3161K(4864K)->3161K(4864K) NonClass: 2856K(4352K)->2856K(4352K) Class: 305K(512K)->305K(512K)
[2026-06-17T09:51:16.682+0800][36.560s][info][gc             ] GC(829) Pause Young (Allocation Failure) 57M->29M(61M) 13.482ms
[2026-06-17T09:51:16.682+0800][36.560s][info][gc,cpu         ] GC(829) User=0.00s Sys=0.01s Real=0.01s
[2026-06-17T09:51:16.726+0800][36.604s][info][gc,start       ] GC(831) Pause Young (Allocation Failure)
[2026-06-17T09:51:16.729+0800][36.607s][info][gc,heap        ] GC(831) DefNew: 17444K->2175K(19648K)
[2026-06-17T09:51:16.732+0800][36.610s][info][gc,heap        ] GC(831) Tenured: 30553K->35391K(43712K)
[2026-06-17T09:51:16.732+0800][36.610s][info][gc,metaspace   ] GC(831) Metaspace: 3161K(4864K)->3161K(4864K) NonClass: 2856K(4352K)->2856K(4352K) Class: 305K(512K)->305K(512K)
[2026-06-17T09:51:16.733+0800][36.611s][info][gc             ] GC(831) Pause Young (Allocation Failure) 46M->36M(61M) 6.672ms
[2026-06-17T09:51:16.733+0800][36.611s][info][gc,cpu         ] GC(831) User=0.01s Sys=0.00s Real=0.01s
[2026-06-17T09:51:16.788+0800][36.666s][info][gc,start       ] GC(832) Pause Young (Allocation Failure)
[2026-06-17T09:51:16.790+0800][36.668s][info][gc,heap        ] GC(832) DefNew: 19631K->2119K(19648K)
[2026-06-17T09:51:16.791+0800][36.669s][info][gc,heap        ] GC(832) Tenured: 35391K->37658K(43712K)
[2026-06-17T09:51:16.791+0800][36.669s][info][gc,metaspace   ] GC(832) Metaspace: 3161K(4864K)->3161K(4864K) NonClass: 2856K(4352K)->2856K(4352K) Class: 305K(512K)->305K(512K)
[2026-06-17T09:51:16.792+0800][36.670s][info][gc             ] GC(832) Pause Young (Allocation Failure) 53M->38M(61M) 4.201ms
[2026-06-17T09:51:16.793+0800][36.671s][info][gc,cpu         ] GC(832) User=0.00s Sys=0.00s Real=0.01s
[2026-06-17T09:51:16.839+0800][36.717s][info][gc,start       ] GC(833) Pause Young (Allocation Failure)
[2026-06-17T09:51:16.840+0800][36.718s][info][gc,start       ] GC(834) Pause Full (Allocation Failure)
[2026-06-17T09:51:16.841+0800][36.719s][info][gc,phases,start] GC(834) Phase 1: Mark live objects
[2026-06-17T09:51:16.843+0800][36.721s][info][gc,phases      ] GC(834) Phase 1: Mark live objects 2.568ms
[2026-06-17T09:51:16.844+0800][36.722s][info][gc,phases,start] GC(834) Phase 2: Compute new object addresses
[2026-06-17T09:51:16.846+0800][36.724s][info][gc,phases      ] GC(834) Phase 2: Compute new object addresses 1.662ms
[2026-06-17T09:51:16.846+0800][36.724s][info][gc,phases,start] GC(834) Phase 3: Adjust pointers
[2026-06-17T09:51:16.848+0800][36.726s][info][gc,phases      ] GC(834) Phase 3: Adjust pointers 1.348ms
[2026-06-17T09:51:16.848+0800][36.726s][info][gc,phases,start] GC(834) Phase 4: Move objects
[2026-06-17T09:51:16.852+0800][36.731s][info][gc,phases      ] GC(834) Phase 4: Move objects 4.174ms
[2026-06-17T09:51:16.853+0800][36.731s][info][gc             ] GC(834) Pause Full (Allocation Failure) 55M->28M(61M) 13.576ms
[2026-06-17T09:51:16.854+0800][36.732s][info][gc,heap        ] GC(833) DefNew: 19586K->0K(19648K)
[2026-06-17T09:51:16.855+0800][36.733s][info][gc,heap        ] GC(833) Tenured: 37658K->28799K(43712K)
[2026-06-17T09:51:16.855+0800][36.733s][info][gc,metaspace   ] GC(833) Metaspace: 3161K(4864K)->3161K(4864K) NonClass: 2856K(4352K)->2856K(4352K) Class: 305K(512K)->305K(512K)
[2026-06-17T09:51:16.856+0800][36.734s][info][gc             ] GC(833) Pause Young (Allocation Failure) 55M->28M(61M) 16.958ms
[2026-06-17T09:51:16.856+0800][36.734s][info][gc,cpu         ] GC(833) User=0.00s Sys=0.00s Real=0.02s
[2026-06-17T09:51:16.902+0800][36.780s][info][gc,start       ] GC(835) Pause Young (Allocation Failure)
[2026-06-17T09:51:16.904+0800][36.782s][info][gc,heap        ] GC(835) DefNew: 17472K->2172K(19648K)
[2026-06-17T09:51:16.905+0800][36.783s][info][gc,heap        ] GC(835) Tenured: 28799K->33485K(43712K)
[2026-06-17T09:51:16.905+0800][36.783s][info][gc,metaspace   ] GC(835) Metaspace: 3161K(4864K)->3161K(4864K) NonClass: 2856K(4352K)->2856K(4352K) Class: 305K(512K)->305K(512K)
[2026-06-17T09:51:16.907+0800][36.785s][info][gc             ] GC(835) Pause Young (Allocation Failure) 45M->34M(61M) 4.909ms
[2026-06-17T09:51:16.907+0800][36.785s][info][gc,cpu         ] GC(835) User=0.00s Sys=0.00s Real=0.01s
[2026-06-17T09:51:16.952+0800][36.830s][info][gc,start       ] GC(836) Pause Young (Allocation Failure)
[2026-06-17T09:51:16.954+0800][36.832s][info][gc,heap        ] GC(836) DefNew: 19631K->2144K(19648K)
[2026-06-17T09:51:16.955+0800][36.833s][info][gc,heap        ] GC(836) Tenured: 33485K->37688K(43712K)
[2026-06-17T09:51:16.955+0800][36.834s][info][gc,metaspace   ] GC(836) Metaspace: 3161K(4864K)->3161K(4864K) NonClass: 2856K(4352K)->2856K(4352K) Class: 305K(512K)->305K(512K)
[2026-06-17T09:51:16.956+0800][36.834s][info][gc             ] GC(836) Pause Young (Allocation Failure) 51M->38M(61M) 3.905ms
[2026-06-17T09:51:16.957+0800][36.835s][info][gc,cpu         ] GC(836) User=0.00s Sys=0.00s Real=0.00s
[2026-06-17T09:51:17.002+0800][36.880s][info][gc,start       ] GC(837) Pause Young (Allocation Failure)
[2026-06-17T09:51:17.003+0800][36.881s][info][gc,start       ] GC(838) Pause Full (Allocation Failure)
[2026-06-17T09:51:17.004+0800][36.882s][info][gc,phases,start] GC(838) Phase 1: Mark live objects
[2026-06-17T09:51:17.006+0800][36.884s][info][gc,phases      ] GC(838) Phase 1: Mark live objects 2.121ms
[2026-06-17T09:51:17.006+0800][36.884s][info][gc,phases,start] GC(838) Phase 2: Compute new object addresses
[2026-06-17T09:51:17.007+0800][36.885s][info][gc,phases      ] GC(838) Phase 2: Compute new object addresses 1.193ms
[2026-06-17T09:51:17.008+0800][36.886s][info][gc,phases,start] GC(838) Phase 3: Adjust pointers
[2026-06-17T09:51:17.010+0800][36.888s][info][gc,phases      ] GC(838) Phase 3: Adjust pointers 2.059ms
[2026-06-17T09:51:17.011+0800][36.889s][info][gc,phases,start] GC(838) Phase 4: Move objects
[2026-06-17T09:51:17.014+0800][36.892s][info][gc,phases      ] GC(838) Phase 4: Move objects 2.892ms
[2026-06-17T09:51:17.015+0800][36.893s][info][gc             ] GC(838) Pause Full (Allocation Failure) 55M->29M(61M) 12.149ms
[2026-06-17T09:51:17.015+0800][36.893s][info][gc,heap        ] GC(837) DefNew: 19584K->0K(19648K)
[2026-06-17T09:51:17.016+0800][36.894s][info][gc,heap        ] GC(837) Tenured: 37688K->29783K(43712K)
[2026-06-17T09:51:17.016+0800][36.894s][info][gc,metaspace   ] GC(837) Metaspace: 3161K(4864K)->3161K(4864K) NonClass: 2856K(4352K)->2856K(4352K) Class: 305K(512K)->305K(512K)
[2026-06-17T09:51:17.016+0800][36.894s][info][gc             ] GC(837) Pause Young (Allocation Failure) 55M->29M(61M) 14.507ms
[2026-06-17T09:51:17.016+0800][36.895s][info][gc,cpu         ] GC(837) User=0.00s Sys=0.00s Real=0.02s
[2026-06-17T09:51:17.069+0800][36.947s][info][gc,start       ] GC(839) Pause Young (Allocation Failure)
[2026-06-17T09:51:17.076+0800][36.954s][info][gc,heap        ] GC(839) DefNew: 17456K->2166K(19648K)
[2026-06-17T09:51:17.077+0800][36.955s][info][gc,heap        ] GC(839) Tenured: 29783K->31562K(43712K)
[2026-06-17T09:51:17.078+0800][36.956s][info][gc,metaspace   ] GC(839) Metaspace: 3161K(4864K)->3161K(4864K) NonClass: 2856K(4352K)->2856K(4352K) Class: 305K(512K)->305K(512K)
[2026-06-17T09:51:17.078+0800][36.956s][info][gc             ] GC(839) Pause Young (Allocation Failure) 46M->32M(61M) 8.947ms
[2026-06-17T09:51:17.078+0800][36.956s][info][gc,cpu         ] GC(839) User=0.00s Sys=0.00s Real=0.01s
[2026-06-17T09:51:17.110+0800][36.988s][info][gc,start       ] GC(840) Pause Young (Allocation Failure)
[2026-06-17T09:51:17.116+0800][36.994s][info][gc,heap        ] GC(840) DefNew: 19381K->2096K(19648K)
[2026-06-17T09:51:17.120+0800][36.998s][info][gc,heap        ] GC(840) Tenured: 31562K->34811K(43712K)
[2026-06-17T09:51:17.121+0800][36.999s][info][gc,metaspace   ] GC(840) Metaspace: 3161K(4864K)->3161K(4864K) NonClass: 2856K(4352K)->2856K(4352K) Class: 305K(512K)->305K(512K)
[2026-06-17T09:51:17.127+0800][37.005s][info][gc             ] GC(840) Pause Young (Allocation Failure) 49M->36M(61M) 17.004ms
[2026-06-17T09:51:17.131+0800][37.009s][info][gc,cpu         ] GC(840) User=0.00s Sys=0.00s Real=0.03s
[2026-06-17T09:51:17.184+0800][37.062s][info][gc,start       ] GC(841) Pause Young (Allocation Failure)
[2026-06-17T09:51:17.185+0800][37.063s][info][gc,heap        ] GC(841) DefNew: 19568K->2163K(19648K)
[2026-06-17T09:51:17.185+0800][37.063s][info][gc,heap        ] GC(841) Tenured: 34811K->38257K(43712K)
[2026-06-17T09:51:17.186+0800][37.064s][info][gc,metaspace   ] GC(841) Metaspace: 3161K(4864K)->3161K(4864K) NonClass: 2856K(4352K)->2856K(4352K) Class: 305K(512K)->305K(512K)
[2026-06-17T09:51:17.186+0800][37.064s][info][gc             ] GC(841) Pause Young (Allocation Failure) 53M->39M(61M) 2.211ms
[2026-06-17T09:51:17.187+0800][37.065s][info][gc,cpu         ] GC(841) User=0.00s Sys=0.00s Real=0.00s
[2026-06-17T09:51:17.229+0800][37.107s][info][gc,start       ] GC(842) Pause Young (Allocation Failure)
[2026-06-17T09:51:17.229+0800][37.107s][info][gc,start       ] GC(843) Pause Full (Allocation Failure)
[2026-06-17T09:51:17.229+0800][37.107s][info][gc,phases,start] GC(843) Phase 1: Mark live objects
[2026-06-17T09:51:17.230+0800][37.108s][info][gc,phases      ] GC(843) Phase 1: Mark live objects 0.690ms
[2026-06-17T09:51:17.230+0800][37.108s][info][gc,phases,start] GC(843) Phase 2: Compute new object addresses
[2026-06-17T09:51:17.230+0800][37.109s][info][gc,phases      ] GC(843) Phase 2: Compute new object addresses 0.365ms
[2026-06-17T09:51:17.231+0800][37.109s][info][gc,phases,start] GC(843) Phase 3: Adjust pointers
[2026-06-17T09:51:17.231+0800][37.109s][info][gc,phases      ] GC(843) Phase 3: Adjust pointers 0.358ms
[2026-06-17T09:51:17.231+0800][37.109s][info][gc,phases,start] GC(843) Phase 4: Move objects
[2026-06-17T09:51:17.233+0800][37.111s][info][gc,phases      ] GC(843) Phase 4: Move objects 2.204ms
[2026-06-17T09:51:17.234+0800][37.112s][info][gc             ] GC(843) Pause Full (Allocation Failure) 56M->24M(61M) 4.505ms
[2026-06-17T09:51:17.234+0800][37.112s][info][gc,heap        ] GC(842) DefNew: 19617K->0K(19648K)
[2026-06-17T09:51:17.234+0800][37.112s][info][gc,heap        ] GC(842) Tenured: 38257K->24777K(43712K)
[2026-06-17T09:51:17.234+0800][37.112s][info][gc,metaspace   ] GC(842) Metaspace: 3161K(4864K)->3161K(4864K) NonClass: 2856K(4352K)->2856K(4352K) Class: 305K(512K)->305K(512K)
[2026-06-17T09:51:17.234+0800][37.112s][info][gc             ] GC(842) Pause Young (Allocation Failure) 56M->24M(61M) 5.284ms
[2026-06-17T09:51:17.234+0800][37.112s][info][gc,cpu         ] GC(842) User=0.00s Sys=0.00s Real=0.01s
[2026-06-17T09:51:17.276+0800][37.154s][info][gc,start       ] GC(844) Pause Young (Allocation Failure)
[2026-06-17T09:51:17.278+0800][37.156s][info][gc,heap        ] GC(844) DefNew: 17448K->2171K(19648K)
[2026-06-17T09:51:17.278+0800][37.156s][info][gc,heap        ] GC(844) Tenured: 24777K->29817K(43712K)
[2026-06-17T09:51:17.278+0800][37.156s][info][gc,metaspace   ] GC(844) Metaspace: 3161K(4864K)->3161K(4864K) NonClass: 2856K(4352K)->2856K(4352K) Class: 305K(512K)->305K(512K)
[2026-06-17T09:51:17.278+0800][37.156s][info][gc             ] GC(844) Pause Young (Allocation Failure) 41M->31M(61M) 1.807ms
[2026-06-17T09:51:17.278+0800][37.156s][info][gc,cpu         ] GC(844) User=0.01s Sys=0.00s Real=0.00s
[2026-06-17T09:51:17.320+0800][37.198s][info][gc,start       ] GC(845) Pause Young (Allocation Failure)
[2026-06-17T09:51:17.322+0800][37.200s][info][gc,heap        ] GC(845) DefNew: 19553K->1841K(19648K)
[2026-06-17T09:51:17.323+0800][37.201s][info][gc,heap        ] GC(845) Tenured: 29817K->31988K(43712K)
[2026-06-17T09:51:17.324+0800][37.202s][info][gc,metaspace   ] GC(845) Metaspace: 3161K(4864K)->3161K(4864K) NonClass: 2856K(4352K)->2856K(4352K) Class: 305K(512K)->305K(512K)
[2026-06-17T09:51:17.324+0800][37.202s][info][gc             ] GC(845) Pause Young (Allocation Failure) 48M->33M(61M) 3.825ms
[2026-06-17T09:51:17.326+0800][37.204s][info][gc,cpu         ] GC(845) User=0.00s Sys=0.00s Real=0.01s
[2026-06-17T09:51:17.369+0800][37.247s][info][gc,start       ] GC(846) Pause Young (Allocation Failure)
[2026-06-17T09:51:17.372+0800][37.250s][info][gc,heap        ] GC(846) DefNew: 19311K->2171K(19648K)
[2026-06-17T09:51:17.372+0800][37.250s][info][gc,heap        ] GC(846) Tenured: 31988K->38482K(43712K)
[2026-06-17T09:51:17.373+0800][37.251s][info][gc,metaspace   ] GC(846) Metaspace: 3161K(4864K)->3161K(4864K) NonClass: 2856K(4352K)->2856K(4352K) Class: 305K(512K)->305K(512K)
[2026-06-17T09:51:17.373+0800][37.251s][info][gc             ] GC(846) Pause Young (Allocation Failure) 50M->39M(61M) 4.822ms
[2026-06-17T09:51:17.374+0800][37.252s][info][gc,cpu         ] GC(846) User=0.00s Sys=0.00s Real=0.01s
[2026-06-17T09:51:17.429+0800][37.307s][info][gc,start       ] GC(847) Pause Young (Allocation Failure)
[2026-06-17T09:51:17.432+0800][37.310s][info][gc,start       ] GC(848) Pause Full (Allocation Failure)
[2026-06-17T09:51:17.432+0800][37.310s][info][gc,phases,start] GC(848) Phase 1: Mark live objects
[2026-06-17T09:51:17.435+0800][37.313s][info][gc,phases      ] GC(848) Phase 1: Mark live objects 2.634ms
[2026-06-17T09:51:17.436+0800][37.314s][info][gc,phases,start] GC(848) Phase 2: Compute new object addresses
[2026-06-17T09:51:17.438+0800][37.316s][info][gc,phases      ] GC(848) Phase 2: Compute new object addresses 1.747ms
[2026-06-17T09:51:17.439+0800][37.317s][info][gc,phases,start] GC(848) Phase 3: Adjust pointers
[2026-06-17T09:51:17.440+0800][37.318s][info][gc,phases      ] GC(848) Phase 3: Adjust pointers 1.451ms
[2026-06-17T09:51:17.441+0800][37.319s][info][gc,phases,start] GC(848) Phase 4: Move objects
[2026-06-17T09:51:17.443+0800][37.321s][info][gc,phases      ] GC(848) Phase 4: Move objects 2.372ms
[2026-06-17T09:51:17.444+0800][37.322s][info][gc             ] GC(848) Pause Full (Allocation Failure) 56M->24M(61M) 12.052ms
[2026-06-17T09:51:17.444+0800][37.322s][info][gc,heap        ] GC(847) DefNew: 19643K->0K(19648K)
[2026-06-17T09:51:17.445+0800][37.323s][info][gc,heap        ] GC(847) Tenured: 38482K->25254K(43712K)
[2026-06-17T09:51:17.445+0800][37.323s][info][gc,metaspace   ] GC(847) Metaspace: 3161K(4864K)->3161K(4864K) NonClass: 2856K(4352K)->2856K(4352K) Class: 305K(512K)->305K(512K)
[2026-06-17T09:51:17.445+0800][37.323s][info][gc             ] GC(847) Pause Young (Allocation Failure) 56M->24M(61M) 16.918ms
[2026-06-17T09:51:17.446+0800][37.324s][info][gc,cpu         ] GC(847) User=0.00s Sys=0.00s Real=0.02s
[2026-06-17T09:51:17.489+0800][37.367s][info][gc,start       ] GC(849) Pause Young (Allocation Failure)
[2026-06-17T09:51:17.490+0800][37.368s][info][gc,heap        ] GC(849) DefNew: 17439K->2174K(19648K)
[2026-06-17T09:51:17.490+0800][37.368s][info][gc,heap        ] GC(849) Tenured: 25254K->30330K(43712K)
[2026-06-17T09:51:17.490+0800][37.368s][info][gc,metaspace   ] GC(849) Metaspace: 3161K(4864K)->3161K(4864K) NonClass: 2856K(4352K)->2856K(4352K) Class: 305K(512K)->305K(512K)
[2026-06-17T09:51:17.490+0800][37.368s][info][gc             ] GC(849) Pause Young (Allocation Failure) 41M->31M(61M) 1.717ms
[2026-06-17T09:51:17.491+0800][37.369s][info][gc,cpu         ] GC(849) User=0.00s Sys=0.00s Real=0.01s
[2026-06-17T09:51:17.537+0800][37.415s][info][gc,start       ] GC(850) Pause Young (Allocation Failure)
[2026-06-17T09:51:17.538+0800][37.416s][info][gc,heap        ] GC(850) DefNew: 19646K->2106K(19648K)
[2026-06-17T09:51:17.539+0800][37.417s][info][gc,heap        ] GC(850) Tenured: 30330K->36044K(43712K)
[2026-06-17T09:51:17.539+0800][37.417s][info][gc,metaspace   ] GC(850) Metaspace: 3161K(4864K)->3161K(4864K) NonClass: 2856K(4352K)->2856K(4352K) Class: 305K(512K)->305K(512K)
[2026-06-17T09:51:17.539+0800][37.417s][info][gc             ] GC(850) Pause Young (Allocation Failure) 48M->37M(61M) 2.019ms
[2026-06-17T09:51:17.539+0800][37.417s][info][gc,cpu         ] GC(850) User=0.00s Sys=0.00s Real=0.00s
[2026-06-17T09:51:17.582+0800][37.460s][info][gc,start       ] GC(851) Pause Young (Allocation Failure)
[2026-06-17T09:51:17.585+0800][37.463s][info][gc,start       ] GC(852) Pause Full (Allocation Failure)
[2026-06-17T09:51:17.585+0800][37.463s][info][gc,phases,start] GC(852) Phase 1: Mark live objects
[2026-06-17T09:51:17.586+0800][37.464s][info][gc,phases      ] GC(852) Phase 1: Mark live objects 0.813ms
[2026-06-17T09:51:17.586+0800][37.464s][info][gc,phases,start] GC(852) Phase 2: Compute new object addresses
[2026-06-17T09:51:17.587+0800][37.465s][info][gc,phases      ] GC(852) Phase 2: Compute new object addresses 0.357ms
[2026-06-17T09:51:17.587+0800][37.465s][info][gc,phases,start] GC(852) Phase 3: Adjust pointers
[2026-06-17T09:51:17.587+0800][37.465s][info][gc,phases      ] GC(852) Phase 3: Adjust pointers 0.435ms
[2026-06-17T09:51:17.588+0800][37.466s][info][gc,phases,start] GC(852) Phase 4: Move objects
[2026-06-17T09:51:17.589+0800][37.468s][info][gc,phases      ] GC(852) Phase 4: Move objects 1.905ms
[2026-06-17T09:51:17.590+0800][37.468s][info][gc             ] GC(852) Pause Full (Allocation Failure) 54M->27M(61M) 5.181ms
[2026-06-17T09:51:17.590+0800][37.468s][info][gc,heap        ] GC(851) DefNew: 19578K->0K(19648K)
[2026-06-17T09:51:17.591+0800][37.469s][info][gc,heap        ] GC(851) Tenured: 36044K->27763K(43712K)
[2026-06-17T09:51:17.591+0800][37.469s][info][gc,metaspace   ] GC(851) Metaspace: 3161K(4864K)->3161K(4864K) NonClass: 2856K(4352K)->2856K(4352K) Class: 305K(512K)->305K(512K)
[2026-06-17T09:51:17.591+0800][37.469s][info][gc             ] GC(851) Pause Young (Allocation Failure) 54M->27M(61M) 9.397ms
[2026-06-17T09:51:17.591+0800][37.469s][info][gc,cpu         ] GC(851) User=0.00s Sys=0.00s Real=0.02s
[2026-06-17T09:51:17.634+0800][37.512s][info][gc,start       ] GC(853) Pause Young (Allocation Failure)
[2026-06-17T09:51:17.635+0800][37.513s][info][gc,heap        ] GC(853) DefNew: 17275K->2148K(19648K)
[2026-06-17T09:51:17.635+0800][37.514s][info][gc,heap        ] GC(853) Tenured: 27763K->28845K(43712K)
[2026-06-17T09:51:17.636+0800][37.514s][info][gc,metaspace   ] GC(853) Metaspace: 3161K(4864K)->3161K(4864K) NonClass: 2856K(4352K)->2856K(4352K) Class: 305K(512K)->305K(512K)
[2026-06-17T09:51:17.636+0800][37.514s][info][gc             ] GC(853) Pause Young (Allocation Failure) 43M->30M(61M) 1.841ms
[2026-06-17T09:51:17.636+0800][37.514s][info][gc,cpu         ] GC(853) User=0.00s Sys=0.00s Real=0.00s
[2026-06-17T09:51:17.689+0800][37.568s][info][gc,start       ] GC(854) Pause Young (Allocation Failure)
[2026-06-17T09:51:17.691+0800][37.569s][info][gc,heap        ] GC(854) DefNew: 19613K->2136K(19648K)
[2026-06-17T09:51:17.691+0800][37.569s][info][gc,heap        ] GC(854) Tenured: 28845K->32250K(43712K)
[2026-06-17T09:51:17.691+0800][37.569s][info][gc,metaspace   ] GC(854) Metaspace: 3161K(4864K)->3161K(4864K) NonClass: 2856K(4352K)->2856K(4352K) Class: 305K(512K)->305K(512K)
[2026-06-17T09:51:17.692+0800][37.570s][info][gc             ] GC(854) Pause Young (Allocation Failure) 47M->33M(61M) 2.136ms
[2026-06-17T09:51:17.692+0800][37.570s][info][gc,cpu         ] GC(854) User=0.00s Sys=0.00s Real=0.01s
[2026-06-17T09:51:17.735+0800][37.613s][info][gc,start       ] GC(855) Pause Young (Allocation Failure)
[2026-06-17T09:51:17.740+0800][37.618s][info][gc,heap        ] GC(855) DefNew: 19608K->2172K(19648K)
[2026-06-17T09:51:17.744+0800][37.622s][info][gc,heap        ] GC(855) Tenured: 32250K->36297K(43712K)
[2026-06-17T09:51:17.744+0800][37.622s][info][gc,metaspace   ] GC(855) Metaspace: 3161K(4864K)->3161K(4864K) NonClass: 2856K(4352K)->2856K(4352K) Class: 305K(512K)->305K(512K)
[2026-06-17T09:51:17.745+0800][37.623s][info][gc             ] GC(855) Pause Young (Allocation Failure) 50M->37M(61M) 9.885ms
[2026-06-17T09:51:17.748+0800][37.626s][info][gc,cpu         ] GC(855) User=0.00s Sys=0.00s Real=0.01s
[2026-06-17T09:51:17.793+0800][37.671s][info][gc,start       ] GC(856) Pause Young (Allocation Failure)
[2026-06-17T09:51:17.797+0800][37.675s][info][gc,heap        ] GC(856) DefNew: 19644K->2159K(19648K)
[2026-06-17T09:51:17.800+0800][37.679s][info][gc,heap        ] GC(856) Tenured: 36297K->40337K(43712K)
[2026-06-17T09:51:17.803+0800][37.681s][info][gc,metaspace   ] GC(856) Metaspace: 3161K(4864K)->3161K(4864K) NonClass: 2856K(4352K)->2856K(4352K) Class: 305K(512K)->305K(512K)
[2026-06-17T09:51:17.805+0800][37.683s][info][gc             ] GC(856) Pause Young (Allocation Failure) 54M->41M(61M) 11.557ms
[2026-06-17T09:51:17.807+0800][37.685s][info][gc,cpu         ] GC(856) User=0.00s Sys=0.00s Real=0.01s
[2026-06-17T09:51:17.852+0800][37.730s][info][gc,start       ] GC(857) Pause Young (Allocation Failure)
[2026-06-17T09:51:17.855+0800][37.733s][info][gc,start       ] GC(858) Pause Full (Allocation Failure)
[2026-06-17T09:51:17.857+0800][37.735s][info][gc,phases,start] GC(858) Phase 1: Mark live objects
[2026-06-17T09:51:17.861+0800][37.740s][info][gc,phases      ] GC(858) Phase 1: Mark live objects 4.304ms
[2026-06-17T09:51:17.862+0800][37.740s][info][gc,phases,start] GC(858) Phase 2: Compute new object addresses
[2026-06-17T09:51:17.864+0800][37.742s][info][gc,phases      ] GC(858) Phase 2: Compute new object addresses 1.983ms
[2026-06-17T09:51:17.865+0800][37.743s][info][gc,phases,start] GC(858) Phase 3: Adjust pointers
[2026-06-17T09:51:17.866+0800][37.745s][info][gc,phases      ] GC(858) Phase 3: Adjust pointers 1.014ms
[2026-06-17T09:51:17.867+0800][37.745s][info][gc,phases,start] GC(858) Phase 4: Move objects
[2026-06-17T09:51:17.870+0800][37.749s][info][gc,phases      ] GC(858) Phase 4: Move objects 3.366ms
[2026-06-17T09:51:17.871+0800][37.749s][info][gc             ] GC(858) Pause Full (Allocation Failure) 58M->32M(61M) 15.549ms
[2026-06-17T09:51:17.872+0800][37.750s][info][gc,heap        ] GC(857) DefNew: 19612K->0K(19648K)
[2026-06-17T09:51:17.872+0800][37.750s][info][gc,heap        ] GC(857) Tenured: 40337K->32918K(43712K)
[2026-06-17T09:51:17.872+0800][37.750s][info][gc,metaspace   ] GC(857) Metaspace: 3161K(4864K)->3161K(4864K) NonClass: 2856K(4352K)->2856K(4352K) Class: 305K(512K)->305K(512K)
[2026-06-17T09:51:17.873+0800][37.751s][info][gc             ] GC(857) Pause Young (Allocation Failure) 58M->32M(61M) 20.965ms
[2026-06-17T09:51:17.873+0800][37.751s][info][gc,cpu         ] GC(857) User=0.00s Sys=0.00s Real=0.02s
[2026-06-17T09:51:17.916+0800][37.794s][info][gc,start       ] GC(859) Pause Young (Allocation Failure)
[2026-06-17T09:51:17.920+0800][37.798s][info][gc,heap        ] GC(859) DefNew: 17306K->2100K(19648K)
[2026-06-17T09:51:17.920+0800][37.798s][info][gc,heap        ] GC(859) Tenured: 32918K->34243K(43712K)
[2026-06-17T09:51:17.921+0800][37.799s][info][gc,metaspace   ] GC(859) Metaspace: 3161K(4864K)->3161K(4864K) NonClass: 2856K(4352K)->2856K(4352K) Class: 305K(512K)->305K(512K)
[2026-06-17T09:51:17.921+0800][37.799s][info][gc             ] GC(859) Pause Young (Allocation Failure) 49M->35M(61M) 5.255ms
[2026-06-17T09:51:17.921+0800][37.799s][info][gc,cpu         ] GC(859) User=0.00s Sys=0.00s Real=0.00s
[2026-06-17T09:51:17.963+0800][37.841s][info][gc,start       ] GC(860) Pause Young (Allocation Failure)
[2026-06-17T09:51:17.964+0800][37.842s][info][gc,heap        ] GC(860) DefNew: 19572K->2168K(19648K)
[2026-06-17T09:51:17.964+0800][37.843s][info][gc,heap        ] GC(860) Tenured: 34243K->40723K(43712K)
[2026-06-17T09:51:17.965+0800][37.843s][info][gc,metaspace   ] GC(860) Metaspace: 3161K(4864K)->3161K(4864K) NonClass: 2856K(4352K)->2856K(4352K) Class: 305K(512K)->305K(512K)
[2026-06-17T09:51:17.965+0800][37.843s][info][gc             ] GC(860) Pause Young (Allocation Failure) 52M->41M(61M) 2.465ms
[2026-06-17T09:51:17.966+0800][37.844s][info][gc,cpu         ] GC(860) User=0.00s Sys=0.00s Real=0.00s
[2026-06-17T09:51:18.008+0800][37.886s][info][gc,start       ] GC(861) Pause Young (Allocation Failure)
[2026-06-17T09:51:18.008+0800][37.886s][info][gc,start       ] GC(862) Pause Full (Allocation Failure)
[2026-06-17T09:51:18.009+0800][37.887s][info][gc,phases,start] GC(862) Phase 1: Mark live objects
[2026-06-17T09:51:18.010+0800][37.888s][info][gc,phases      ] GC(862) Phase 1: Mark live objects 0.977ms
[2026-06-17T09:51:18.010+0800][37.888s][info][gc,phases,start] GC(862) Phase 2: Compute new object addresses
[2026-06-17T09:51:18.010+0800][37.889s][info][gc,phases      ] GC(862) Phase 2: Compute new object addresses 0.716ms
[2026-06-17T09:51:18.011+0800][37.889s][info][gc,phases,start] GC(862) Phase 3: Adjust pointers
[2026-06-17T09:51:18.011+0800][37.889s][info][gc,phases      ] GC(862) Phase 3: Adjust pointers 0.431ms
[2026-06-17T09:51:18.011+0800][37.889s][info][gc,phases,start] GC(862) Phase 4: Move objects
[2026-06-17T09:51:18.014+0800][37.892s][info][gc,phases      ] GC(862) Phase 4: Move objects 2.171ms
[2026-06-17T09:51:18.014+0800][37.892s][info][gc             ] GC(862) Pause Full (Allocation Failure) 58M->33M(61M) 5.567ms
[2026-06-17T09:51:18.014+0800][37.892s][info][gc,heap        ] GC(861) DefNew: 19632K->0K(19648K)
[2026-06-17T09:51:18.014+0800][37.892s][info][gc,heap        ] GC(861) Tenured: 40723K->34046K(43712K)
[2026-06-17T09:51:18.014+0800][37.892s][info][gc,metaspace   ] GC(861) Metaspace: 3161K(4864K)->3161K(4864K) NonClass: 2856K(4352K)->2856K(4352K) Class: 305K(512K)->305K(512K)
[2026-06-17T09:51:18.014+0800][37.892s][info][gc             ] GC(861) Pause Young (Allocation Failure) 58M->33M(61M) 6.338ms
[2026-06-17T09:51:18.014+0800][37.892s][info][gc,cpu         ] GC(861) User=0.00s Sys=0.00s Real=0.01s
[2026-06-17T09:51:18.057+0800][37.935s][info][gc,start       ] GC(863) Pause Young (Allocation Failure)
[2026-06-17T09:51:18.058+0800][37.936s][info][gc,heap        ] GC(863) DefNew: 17258K->2168K(19648K)
[2026-06-17T09:51:18.059+0800][37.937s][info][gc,heap        ] GC(863) Tenured: 34046K->35491K(43712K)
[2026-06-17T09:51:18.059+0800][37.937s][info][gc,metaspace   ] GC(863) Metaspace: 3161K(4864K)->3161K(4864K) NonClass: 2856K(4352K)->2856K(4352K) Class: 305K(512K)->305K(512K)
[2026-06-17T09:51:18.059+0800][37.937s][info][gc             ] GC(863) Pause Young (Allocation Failure) 50M->36M(61M) 2.337ms
[2026-06-17T09:51:18.059+0800][37.938s][info][gc,cpu         ] GC(863) User=0.00s Sys=0.00s Real=0.00s
[2026-06-17T09:51:18.113+0800][37.991s][info][gc,start       ] GC(864) Pause Young (Allocation Failure)
[2026-06-17T09:51:18.114+0800][37.992s][info][gc,heap        ] GC(864) DefNew: 19626K->2137K(19648K)
[2026-06-17T09:51:18.114+0800][37.992s][info][gc,heap        ] GC(864) Tenured: 35491K->39345K(43712K)
[2026-06-17T09:51:18.114+0800][37.992s][info][gc,metaspace   ] GC(864) Metaspace: 3161K(4864K)->3161K(4864K) NonClass: 2856K(4352K)->2856K(4352K) Class: 305K(512K)->305K(512K)
[2026-06-17T09:51:18.115+0800][37.993s][info][gc             ] GC(864) Pause Young (Allocation Failure) 53M->40M(61M) 1.811ms
[2026-06-17T09:51:18.115+0800][37.993s][info][gc,cpu         ] GC(864) User=0.00s Sys=0.00s Real=0.00s
[2026-06-17T09:51:18.158+0800][38.036s][info][gc,start       ] GC(865) Pause Young (Allocation Failure)
[2026-06-17T09:51:18.158+0800][38.036s][info][gc,start       ] GC(866) Pause Full (Allocation Failure)
[2026-06-17T09:51:18.159+0800][38.037s][info][gc,phases,start] GC(866) Phase 1: Mark live objects
[2026-06-17T09:51:18.160+0800][38.038s][info][gc,phases      ] GC(866) Phase 1: Mark live objects 1.023ms
[2026-06-17T09:51:18.160+0800][38.038s][info][gc,phases,start] GC(866) Phase 2: Compute new object addresses
[2026-06-17T09:51:18.160+0800][38.038s][info][gc,phases      ] GC(866) Phase 2: Compute new object addresses 0.375ms
[2026-06-17T09:51:18.160+0800][38.038s][info][gc,phases,start] GC(866) Phase 3: Adjust pointers
[2026-06-17T09:51:18.161+0800][38.039s][info][gc,phases      ] GC(866) Phase 3: Adjust pointers 0.603ms
[2026-06-17T09:51:18.161+0800][38.039s][info][gc,phases,start] GC(866) Phase 4: Move objects
[2026-06-17T09:51:18.163+0800][38.041s][info][gc,phases      ] GC(866) Phase 4: Move objects 1.762ms
[2026-06-17T09:51:18.163+0800][38.041s][info][gc             ] GC(866) Pause Full (Allocation Failure) 57M->30M(61M) 4.931ms
[2026-06-17T09:51:18.163+0800][38.041s][info][gc,heap        ] GC(865) DefNew: 19609K->0K(19648K)
[2026-06-17T09:51:18.163+0800][38.041s][info][gc,heap        ] GC(865) Tenured: 39345K->31657K(43712K)
[2026-06-17T09:51:18.163+0800][38.041s][info][gc,metaspace   ] GC(865) Metaspace: 3161K(4864K)->3161K(4864K) NonClass: 2856K(4352K)->2856K(4352K) Class: 305K(512K)->305K(512K)
[2026-06-17T09:51:18.163+0800][38.042s][info][gc             ] GC(865) Pause Young (Allocation Failure) 57M->30M(61M) 5.784ms
[2026-06-17T09:51:18.164+0800][38.042s][info][gc,cpu         ] GC(865) User=0.00s Sys=0.00s Real=0.01s
[2026-06-17T09:51:18.206+0800][38.084s][info][gc,start       ] GC(867) Pause Young (Allocation Failure)
[2026-06-17T09:51:18.208+0800][38.086s][info][gc,heap        ] GC(867) DefNew: 17465K->2167K(19648K)
[2026-06-17T09:51:18.208+0800][38.086s][info][gc,heap        ] GC(867) Tenured: 31657K->36760K(43712K)
[2026-06-17T09:51:18.209+0800][38.087s][info][gc,metaspace   ] GC(867) Metaspace: 3161K(4864K)->3161K(4864K) NonClass: 2856K(4352K)->2856K(4352K) Class: 305K(512K)->305K(512K)
[2026-06-17T09:51:18.210+0800][38.088s][info][gc             ] GC(867) Pause Young (Allocation Failure) 47M->38M(61M) 3.572ms
[2026-06-17T09:51:18.210+0800][38.088s][info][gc,cpu         ] GC(867) User=0.01s Sys=0.00s Real=0.00s
[2026-06-17T09:51:18.253+0800][38.131s][info][gc,start       ] GC(868) Pause Young (Allocation Failure)
[2026-06-17T09:51:18.253+0800][38.131s][info][gc,start       ] GC(869) Pause Full (Allocation Failure)
[2026-06-17T09:51:18.254+0800][38.132s][info][gc,phases,start] GC(869) Phase 1: Mark live objects
[2026-06-17T09:51:18.255+0800][38.133s][info][gc,phases      ] GC(869) Phase 1: Mark live objects 1.231ms
[2026-06-17T09:51:18.255+0800][38.133s][info][gc,phases,start] GC(869) Phase 2: Compute new object addresses
[2026-06-17T09:51:18.256+0800][38.134s][info][gc,phases      ] GC(869) Phase 2: Compute new object addresses 0.661ms
[2026-06-17T09:51:18.256+0800][38.134s][info][gc,phases,start] GC(869) Phase 3: Adjust pointers
[2026-06-17T09:51:18.257+0800][38.135s][info][gc,phases      ] GC(869) Phase 3: Adjust pointers 0.848ms
[2026-06-17T09:51:18.258+0800][38.136s][info][gc,phases,start] GC(869) Phase 4: Move objects
[2026-06-17T09:51:18.260+0800][38.138s][info][gc,phases      ] GC(869) Phase 4: Move objects 2.690ms
[2026-06-17T09:51:18.261+0800][38.139s][info][gc             ] GC(869) Pause Full (Allocation Failure) 55M->21M(61M) 7.395ms
[2026-06-17T09:51:18.261+0800][38.139s][info][gc,heap        ] GC(868) DefNew: 19626K->0K(19648K)
[2026-06-17T09:51:18.261+0800][38.139s][info][gc,heap        ] GC(868) Tenured: 36760K->21970K(43712K)
[2026-06-17T09:51:18.261+0800][38.139s][info][gc,metaspace   ] GC(868) Metaspace: 3161K(4864K)->3161K(4864K) NonClass: 2856K(4352K)->2856K(4352K) Class: 305K(512K)->305K(512K)
[2026-06-17T09:51:18.261+0800][38.139s][info][gc             ] GC(868) Pause Young (Allocation Failure) 55M->21M(61M) 8.670ms
[2026-06-17T09:51:18.262+0800][38.140s][info][gc,cpu         ] GC(868) User=0.00s Sys=0.00s Real=0.00s
[2026-06-17T09:51:18.305+0800][38.183s][info][gc,start       ] GC(870) Pause Young (Allocation Failure)
[2026-06-17T09:51:18.307+0800][38.185s][info][gc,heap        ] GC(870) DefNew: 17215K->2148K(19648K)
[2026-06-17T09:51:18.308+0800][38.186s][info][gc,heap        ] GC(870) Tenured: 21970K->23276K(43712K)
[2026-06-17T09:51:18.309+0800][38.187s][info][gc,metaspace   ] GC(870) Metaspace: 3161K(4864K)->3161K(4864K) NonClass: 2856K(4352K)->2856K(4352K) Class: 305K(512K)->305K(512K)
[2026-06-17T09:51:18.309+0800][38.187s][info][gc             ] GC(870) Pause Young (Allocation Failure) 38M->24M(61M) 4.303ms
[2026-06-17T09:51:18.310+0800][38.188s][info][gc,cpu         ] GC(870) User=0.00s Sys=0.00s Real=0.00s
[2026-06-17T09:51:18.364+0800][38.242s][info][gc,start       ] GC(871) Pause Young (Allocation Failure)
[2026-06-17T09:51:18.365+0800][38.243s][info][gc,heap        ] GC(871) DefNew: 19589K->2092K(19648K)
[2026-06-17T09:51:18.365+0800][38.243s][info][gc,heap        ] GC(871) Tenured: 23276K->27178K(43712K)
[2026-06-17T09:51:18.366+0800][38.244s][info][gc,metaspace   ] GC(871) Metaspace: 3161K(4864K)->3161K(4864K) NonClass: 2856K(4352K)->2856K(4352K) Class: 305K(512K)->305K(512K)
[2026-06-17T09:51:18.366+0800][38.244s][info][gc             ] GC(871) Pause Young (Allocation Failure) 41M->28M(61M) 2.286ms
[2026-06-17T09:51:18.366+0800][38.244s][info][gc,cpu         ] GC(871) User=0.00s Sys=0.00s Real=0.00s
[2026-06-17T09:51:18.409+0800][38.288s][info][gc,start       ] GC(872) Pause Young (Allocation Failure)
[2026-06-17T09:51:18.411+0800][38.289s][info][gc,heap        ] GC(872) DefNew: 19564K->2171K(19648K)
[2026-06-17T09:51:18.412+0800][38.290s][info][gc,heap        ] GC(872) Tenured: 27178K->30478K(43712K)
[2026-06-17T09:51:18.412+0800][38.290s][info][gc,metaspace   ] GC(872) Metaspace: 3161K(4864K)->3161K(4864K) NonClass: 2856K(4352K)->2856K(4352K) Class: 305K(512K)->305K(512K)
[2026-06-17T09:51:18.413+0800][38.291s][info][gc             ] GC(872) Pause Young (Allocation Failure) 45M->31M(61M) 3.363ms
[2026-06-17T09:51:18.414+0800][38.292s][info][gc,cpu         ] GC(872) User=0.00s Sys=0.00s Real=0.01s
[2026-06-17T09:51:18.448+0800][38.326s][info][gc,start       ] GC(873) Pause Young (Allocation Failure)
[2026-06-17T09:51:18.450+0800][38.328s][info][gc,heap        ] GC(873) DefNew: 19634K->2069K(19648K)
[2026-06-17T09:51:18.450+0800][38.328s][info][gc,heap        ] GC(873) Tenured: 30478K->33799K(43712K)
[2026-06-17T09:51:18.451+0800][38.329s][info][gc,metaspace   ] GC(873) Metaspace: 3161K(4864K)->3161K(4864K) NonClass: 2856K(4352K)->2856K(4352K) Class: 305K(512K)->305K(512K)
[2026-06-17T09:51:18.452+0800][38.330s][info][gc             ] GC(873) Pause Young (Allocation Failure) 48M->35M(61M) 3.647ms
[2026-06-17T09:51:18.452+0800][38.330s][info][gc,cpu         ] GC(873) User=0.00s Sys=0.00s Real=0.01s
[2026-06-17T09:51:18.506+0800][38.384s][info][gc,start       ] GC(874) Pause Young (Allocation Failure)
[2026-06-17T09:51:18.508+0800][38.386s][info][gc,heap        ] GC(874) DefNew: 19505K->2138K(19648K)
[2026-06-17T09:51:18.509+0800][38.387s][info][gc,heap        ] GC(874) Tenured: 33799K->37613K(43712K)
[2026-06-17T09:51:18.509+0800][38.387s][info][gc,metaspace   ] GC(874) Metaspace: 3161K(4864K)->3161K(4864K) NonClass: 2856K(4352K)->2856K(4352K) Class: 305K(512K)->305K(512K)
[2026-06-17T09:51:18.510+0800][38.388s][info][gc             ] GC(874) Pause Young (Allocation Failure) 52M->38M(61M) 3.618ms
[2026-06-17T09:51:18.511+0800][38.389s][info][gc,cpu         ] GC(874) User=0.00s Sys=0.00s Real=0.01s
[2026-06-17T09:51:18.555+0800][38.433s][info][gc,start       ] GC(875) Pause Young (Allocation Failure)
[2026-06-17T09:51:18.556+0800][38.434s][info][gc,start       ] GC(876) Pause Full (Allocation Failure)
[2026-06-17T09:51:18.557+0800][38.435s][info][gc,phases,start] GC(876) Phase 1: Mark live objects
[2026-06-17T09:51:18.559+0800][38.437s][info][gc,phases      ] GC(876) Phase 1: Mark live objects 2.037ms
[2026-06-17T09:51:18.559+0800][38.437s][info][gc,phases,start] GC(876) Phase 2: Compute new object addresses
[2026-06-17T09:51:18.560+0800][38.438s][info][gc,phases      ] GC(876) Phase 2: Compute new object addresses 0.907ms
[2026-06-17T09:51:18.560+0800][38.439s][info][gc,phases,start] GC(876) Phase 3: Adjust pointers
[2026-06-17T09:51:18.561+0800][38.440s][info][gc,phases      ] GC(876) Phase 3: Adjust pointers 0.977ms
[2026-06-17T09:51:18.562+0800][38.440s][info][gc,phases,start] GC(876) Phase 4: Move objects
[2026-06-17T09:51:18.566+0800][38.444s][info][gc,phases      ] GC(876) Phase 4: Move objects 3.739ms
[2026-06-17T09:51:18.566+0800][38.444s][info][gc             ] GC(876) Pause Full (Allocation Failure) 55M->28M(61M) 9.987ms
[2026-06-17T09:51:18.566+0800][38.444s][info][gc,heap        ] GC(875) DefNew: 19609K->0K(19648K)
[2026-06-17T09:51:18.566+0800][38.445s][info][gc,heap        ] GC(875) Tenured: 37613K->29614K(43712K)
[2026-06-17T09:51:18.567+0800][38.445s][info][gc,metaspace   ] GC(875) Metaspace: 3161K(4864K)->3161K(4864K) NonClass: 2856K(4352K)->2856K(4352K) Class: 305K(512K)->305K(512K)
[2026-06-17T09:51:18.567+0800][38.445s][info][gc             ] GC(875) Pause Young (Allocation Failure) 55M->28M(61M) 11.713ms
[2026-06-17T09:51:18.567+0800][38.445s][info][gc,cpu         ] GC(875) User=0.01s Sys=0.00s Real=0.01s
[2026-06-17T09:51:18.611+0800][38.489s][info][gc,start       ] GC(877) Pause Young (Allocation Failure)
[2026-06-17T09:51:18.613+0800][38.491s][info][gc,heap        ] GC(877) DefNew: 17465K->2173K(19648K)
[2026-06-17T09:51:18.614+0800][38.492s][info][gc,heap        ] GC(877) Tenured: 29614K->34297K(43712K)
[2026-06-17T09:51:18.614+0800][38.492s][info][gc,metaspace   ] GC(877) Metaspace: 3161K(4864K)->3161K(4864K) NonClass: 2856K(4352K)->2856K(4352K) Class: 305K(512K)->305K(512K)
[2026-06-17T09:51:18.616+0800][38.494s][info][gc             ] GC(877) Pause Young (Allocation Failure) 45M->35M(61M) 4.749ms
[2026-06-17T09:51:18.617+0800][38.495s][info][gc,cpu         ] GC(877) User=0.00s Sys=0.00s Real=0.00s
[2026-06-17T09:51:18.661+0800][38.539s][info][gc,start       ] GC(878) Pause Young (Allocation Failure)
[2026-06-17T09:51:18.664+0800][38.542s][info][gc,heap        ] GC(878) DefNew: 19645K->2153K(19648K)
[2026-06-17T09:51:18.664+0800][38.542s][info][gc,heap        ] GC(878) Tenured: 34297K->37842K(43712K)
[2026-06-17T09:51:18.665+0800][38.543s][info][gc,metaspace   ] GC(878) Metaspace: 3161K(4864K)->3161K(4864K) NonClass: 2856K(4352K)->2856K(4352K) Class: 305K(512K)->305K(512K)
[2026-06-17T09:51:18.666+0800][38.544s][info][gc             ] GC(878) Pause Young (Allocation Failure) 52M->39M(61M) 4.774ms
[2026-06-17T09:51:18.666+0800][38.544s][info][gc,cpu         ] GC(878) User=0.00s Sys=0.00s Real=0.01s
[2026-06-17T09:51:18.711+0800][38.589s][info][gc,start       ] GC(879) Pause Young (Allocation Failure)
[2026-06-17T09:51:18.712+0800][38.590s][info][gc,start       ] GC(880) Pause Full (Allocation Failure)
[2026-06-17T09:51:18.712+0800][38.590s][info][gc,phases,start] GC(880) Phase 1: Mark live objects
[2026-06-17T09:51:18.715+0800][38.593s][info][gc,phases      ] GC(880) Phase 1: Mark live objects 2.474ms
[2026-06-17T09:51:18.715+0800][38.594s][info][gc,phases,start] GC(880) Phase 2: Compute new object addresses
[2026-06-17T09:51:18.716+0800][38.594s][info][gc,phases      ] GC(880) Phase 2: Compute new object addresses 0.962ms
[2026-06-17T09:51:18.717+0800][38.595s][info][gc,phases,start] GC(880) Phase 3: Adjust pointers
[2026-06-17T09:51:18.718+0800][38.596s][info][gc,phases      ] GC(880) Phase 3: Adjust pointers 1.132ms
[2026-06-17T09:51:18.718+0800][38.596s][info][gc,phases,start] GC(880) Phase 4: Move objects
[2026-06-17T09:51:18.722+0800][38.600s][info][gc,phases      ] GC(880) Phase 4: Move objects 3.652ms
[2026-06-17T09:51:18.723+0800][38.601s][info][gc             ] GC(880) Pause Full (Allocation Failure) 56M->28M(61M) 11.156ms
[2026-06-17T09:51:18.723+0800][38.601s][info][gc,heap        ] GC(879) DefNew: 19606K->0K(19648K)
[2026-06-17T09:51:18.724+0800][38.602s][info][gc,heap        ] GC(879) Tenured: 37842K->29283K(43712K)
[2026-06-17T09:51:18.724+0800][38.602s][info][gc,metaspace   ] GC(879) Metaspace: 3161K(4864K)->3161K(4864K) NonClass: 2856K(4352K)->2856K(4352K) Class: 305K(512K)->305K(512K)
[2026-06-17T09:51:18.724+0800][38.603s][info][gc             ] GC(879) Pause Young (Allocation Failure) 56M->28M(61M) 13.954ms
[2026-06-17T09:51:18.725+0800][38.603s][info][gc,cpu         ] GC(879) User=0.01s Sys=0.00s Real=0.01s
[2026-06-17T09:51:18.769+0800][38.647s][info][gc,start       ] GC(881) Pause Young (Allocation Failure)
[2026-06-17T09:51:18.771+0800][38.649s][info][gc,heap        ] GC(881) DefNew: 17466K->2170K(19648K)
[2026-06-17T09:51:18.772+0800][38.650s][info][gc,heap        ] GC(881) Tenured: 29283K->34290K(43712K)
[2026-06-17T09:51:18.773+0800][38.651s][info][gc,metaspace   ] GC(881) Metaspace: 3161K(4864K)->3161K(4864K) NonClass: 2856K(4352K)->2856K(4352K) Class: 305K(512K)->305K(512K)
[2026-06-17T09:51:18.773+0800][38.651s][info][gc             ] GC(881) Pause Young (Allocation Failure) 45M->35M(61M) 4.619ms
[2026-06-17T09:51:18.774+0800][38.652s][info][gc,cpu         ] GC(881) User=0.00s Sys=0.00s Real=0.01s
[2026-06-17T09:51:18.818+0800][38.696s][info][gc,start       ] GC(882) Pause Young (Allocation Failure)
[2026-06-17T09:51:18.821+0800][38.699s][info][gc,heap        ] GC(882) DefNew: 19642K->2175K(19648K)
[2026-06-17T09:51:18.822+0800][38.700s][info][gc,heap        ] GC(882) Tenured: 34290K->38897K(43712K)
[2026-06-17T09:51:18.822+0800][38.700s][info][gc,metaspace   ] GC(882) Metaspace: 3161K(4864K)->3161K(4864K) NonClass: 2856K(4352K)->2856K(4352K) Class: 305K(512K)->305K(512K)
[2026-06-17T09:51:18.823+0800][38.701s][info][gc             ] GC(882) Pause Young (Allocation Failure) 52M->40M(61M) 4.615ms
[2026-06-17T09:51:18.823+0800][38.701s][info][gc,cpu         ] GC(882) User=0.00s Sys=0.00s Real=0.01s
[2026-06-17T09:51:18.867+0800][38.745s][info][gc,start       ] GC(883) Pause Young (Allocation Failure)
[2026-06-17T09:51:18.868+0800][38.746s][info][gc,start       ] GC(884) Pause Full (Allocation Failure)
[2026-06-17T09:51:18.868+0800][38.747s][info][gc,phases,start] GC(884) Phase 1: Mark live objects
[2026-06-17T09:51:18.870+0800][38.748s][info][gc,phases      ] GC(884) Phase 1: Mark live objects 1.792ms
[2026-06-17T09:51:18.873+0800][38.751s][info][gc,phases,start] GC(884) Phase 2: Compute new object addresses
[2026-06-17T09:51:18.876+0800][38.754s][info][gc,phases      ] GC(884) Phase 2: Compute new object addresses 3.413ms
[2026-06-17T09:51:18.880+0800][38.758s][info][gc,phases,start] GC(884) Phase 3: Adjust pointers
[2026-06-17T09:51:18.882+0800][38.760s][info][gc,phases      ] GC(884) Phase 3: Adjust pointers 2.265ms
[2026-06-17T09:51:18.882+0800][38.760s][info][gc,phases,start] GC(884) Phase 4: Move objects
[2026-06-17T09:51:18.885+0800][38.763s][info][gc,phases      ] GC(884) Phase 4: Move objects 2.928ms
[2026-06-17T09:51:18.886+0800][38.764s][info][gc             ] GC(884) Pause Full (Allocation Failure) 56M->25M(61M) 17.920ms
[2026-06-17T09:51:18.886+0800][38.764s][info][gc,heap        ] GC(883) DefNew: 19449K->0K(19648K)
[2026-06-17T09:51:18.887+0800][38.765s][info][gc,heap        ] GC(883) Tenured: 38897K->26189K(43712K)
[2026-06-17T09:51:18.887+0800][38.765s][info][gc,metaspace   ] GC(883) Metaspace: 3161K(4864K)->3161K(4864K) NonClass: 2856K(4352K)->2856K(4352K) Class: 305K(512K)->305K(512K)
[2026-06-17T09:51:18.888+0800][38.766s][info][gc             ] GC(883) Pause Young (Allocation Failure) 56M->25M(61M) 20.445ms
[2026-06-17T09:51:18.888+0800][38.766s][info][gc,cpu         ] GC(883) User=0.01s Sys=0.00s Real=0.02s
[2026-06-17T09:51:18.943+0800][38.821s][info][gc,start       ] GC(885) Pause Young (Allocation Failure)
[2026-06-17T09:51:18.944+0800][38.822s][info][gc,heap        ] GC(885) DefNew: 17467K->2068K(19648K)
[2026-06-17T09:51:18.945+0800][38.823s][info][gc,heap        ] GC(885) Tenured: 26189K->27573K(43712K)
[2026-06-17T09:51:18.945+0800][38.823s][info][gc,metaspace   ] GC(885) Metaspace: 3161K(4864K)->3161K(4864K) NonClass: 2856K(4352K)->2856K(4352K) Class: 305K(512K)->305K(512K)
[2026-06-17T09:51:18.946+0800][38.824s][info][gc             ] GC(885) Pause Young (Allocation Failure) 42M->28M(61M) 3.209ms
[2026-06-17T09:51:18.947+0800][38.825s][info][gc,cpu         ] GC(885) User=0.00s Sys=0.00s Real=0.00s
[2026-06-17T09:51:18.991+0800][38.869s][info][gc,start       ] GC(886) Pause Young (Allocation Failure)
[2026-06-17T09:51:18.995+0800][38.873s][info][gc,heap        ] GC(886) DefNew: 19540K->2166K(19648K)
[2026-06-17T09:51:18.995+0800][38.874s][info][gc,heap        ] GC(886) Tenured: 27573K->31116K(43712K)
[2026-06-17T09:51:18.996+0800][38.874s][info][gc,metaspace   ] GC(886) Metaspace: 3161K(4864K)->3161K(4864K) NonClass: 2856K(4352K)->2856K(4352K) Class: 305K(512K)->305K(512K)
[2026-06-17T09:51:18.996+0800][38.874s][info][gc             ] GC(886) Pause Young (Allocation Failure) 46M->32M(61M) 5.473ms
[2026-06-17T09:51:18.997+0800][38.875s][info][gc,cpu         ] GC(886) User=0.00s Sys=0.00s Real=0.00s
[2026-06-17T09:51:19.040+0800][38.918s][info][gc,start       ] GC(887) Pause Young (Allocation Failure)
[2026-06-17T09:51:19.043+0800][38.921s][info][gc,heap        ] GC(887) DefNew: 19618K->2172K(19648K)
[2026-06-17T09:51:19.044+0800][38.922s][info][gc,heap        ] GC(887) Tenured: 31116K->35428K(43712K)
[2026-06-17T09:51:19.044+0800][38.922s][info][gc,metaspace   ] GC(887) Metaspace: 3161K(4864K)->3161K(4864K) NonClass: 2856K(4352K)->2856K(4352K) Class: 305K(512K)->305K(512K)
[2026-06-17T09:51:19.045+0800][38.923s][info][gc             ] GC(887) Pause Young (Allocation Failure) 49M->36M(61M) 4.913ms
[2026-06-17T09:51:19.045+0800][38.924s][info][gc,cpu         ] GC(887) User=0.00s Sys=0.00s Real=0.01s
[2026-06-17T09:51:19.090+0800][38.968s][info][gc,start       ] GC(888) Pause Young (Allocation Failure)
[2026-06-17T09:51:19.093+0800][38.971s][info][gc,heap        ] GC(888) DefNew: 19618K->2173K(19648K)
[2026-06-17T09:51:19.094+0800][38.972s][info][gc,heap        ] GC(888) Tenured: 35428K->40110K(43712K)
[2026-06-17T09:51:19.094+0800][38.972s][info][gc,metaspace   ] GC(888) Metaspace: 3161K(4864K)->3161K(4864K) NonClass: 2856K(4352K)->2856K(4352K) Class: 305K(512K)->305K(512K)
[2026-06-17T09:51:19.095+0800][38.973s][info][gc             ] GC(888) Pause Young (Allocation Failure) 53M->41M(61M) 4.209ms
[2026-06-17T09:51:19.095+0800][38.973s][info][gc,cpu         ] GC(888) User=0.00s Sys=0.00s Real=0.01s
[2026-06-17T09:51:19.139+0800][39.017s][info][gc,start       ] GC(889) Pause Young (Allocation Failure)
[2026-06-17T09:51:19.140+0800][39.018s][info][gc,start       ] GC(890) Pause Full (Allocation Failure)
[2026-06-17T09:51:19.141+0800][39.019s][info][gc,phases,start] GC(890) Phase 1: Mark live objects
[2026-06-17T09:51:19.143+0800][39.021s][info][gc,phases      ] GC(890) Phase 1: Mark live objects 2.100ms
[2026-06-17T09:51:19.143+0800][39.021s][info][gc,phases,start] GC(890) Phase 2: Compute new object addresses
[2026-06-17T09:51:19.144+0800][39.022s][info][gc,phases      ] GC(890) Phase 2: Compute new object addresses 0.814ms
[2026-06-17T09:51:19.144+0800][39.022s][info][gc,phases,start] GC(890) Phase 3: Adjust pointers
[2026-06-17T09:51:19.145+0800][39.023s][info][gc,phases      ] GC(890) Phase 3: Adjust pointers 0.879ms
[2026-06-17T09:51:19.146+0800][39.024s][info][gc,phases,start] GC(890) Phase 4: Move objects
[2026-06-17T09:51:19.149+0800][39.027s][info][gc,phases      ] GC(890) Phase 4: Move objects 3.412ms
[2026-06-17T09:51:19.150+0800][39.028s][info][gc             ] GC(890) Pause Full (Allocation Failure) 58M->32M(61M) 9.829ms
[2026-06-17T09:51:19.150+0800][39.028s][info][gc,heap        ] GC(889) DefNew: 19417K->0K(19648K)
[2026-06-17T09:51:19.150+0800][39.028s][info][gc,heap        ] GC(889) Tenured: 40110K->32833K(43712K)
[2026-06-17T09:51:19.151+0800][39.029s][info][gc,metaspace   ] GC(889) Metaspace: 3161K(4864K)->3161K(4864K) NonClass: 2856K(4352K)->2856K(4352K) Class: 305K(512K)->305K(512K)
[2026-06-17T09:51:19.151+0800][39.029s][info][gc             ] GC(889) Pause Young (Allocation Failure) 58M->32M(61M) 11.947ms
[2026-06-17T09:51:19.151+0800][39.029s][info][gc,cpu         ] GC(889) User=0.00s Sys=0.00s Real=0.02s
[2026-06-17T09:51:19.205+0800][39.083s][info][gc,start       ] GC(891) Pause Young (Allocation Failure)
[2026-06-17T09:51:19.209+0800][39.087s][info][gc,heap        ] GC(891) DefNew: 17472K->2168K(19648K)
[2026-06-17T09:51:19.212+0800][39.090s][info][gc,heap        ] GC(891) Tenured: 32833K->34369K(43712K)
[2026-06-17T09:51:19.213+0800][39.091s][info][gc,metaspace   ] GC(891) Metaspace: 3161K(4864K)->3161K(4864K) NonClass: 2856K(4352K)->2856K(4352K) Class: 305K(512K)->305K(512K)
[2026-06-17T09:51:19.213+0800][39.091s][info][gc             ] GC(891) Pause Young (Allocation Failure) 49M->35M(61M) 8.452ms
[2026-06-17T09:51:19.214+0800][39.092s][info][gc,cpu         ] GC(891) User=0.01s Sys=0.00s Real=0.01s
[2026-06-17T09:51:19.259+0800][39.137s][info][gc,start       ] GC(892) Pause Young (Allocation Failure)
[2026-06-17T09:51:19.261+0800][39.139s][info][gc,heap        ] GC(892) DefNew: 19613K->2173K(19648K)
[2026-06-17T09:51:19.262+0800][39.140s][info][gc,heap        ] GC(892) Tenured: 34369K->38598K(43712K)
[2026-06-17T09:51:19.262+0800][39.140s][info][gc,metaspace   ] GC(892) Metaspace: 3161K(4864K)->3161K(4864K) NonClass: 2856K(4352K)->2856K(4352K) Class: 305K(512K)->305K(512K)
[2026-06-17T09:51:19.263+0800][39.141s][info][gc             ] GC(892) Pause Young (Allocation Failure) 52M->39M(61M) 3.729ms
[2026-06-17T09:51:19.264+0800][39.142s][info][gc,cpu         ] GC(892) User=0.00s Sys=0.00s Real=0.01s
[2026-06-17T09:51:19.308+0800][39.186s][info][gc,start       ] GC(893) Pause Young (Allocation Failure)
[2026-06-17T09:51:19.309+0800][39.187s][info][gc,start       ] GC(894) Pause Full (Allocation Failure)
[2026-06-17T09:51:19.310+0800][39.188s][info][gc,phases,start] GC(894) Phase 1: Mark live objects
[2026-06-17T09:51:19.312+0800][39.191s][info][gc,phases      ] GC(894) Phase 1: Mark live objects 2.532ms
[2026-06-17T09:51:19.313+0800][39.191s][info][gc,phases,start] GC(894) Phase 2: Compute new object addresses
[2026-06-17T09:51:19.314+0800][39.193s][info][gc,phases      ] GC(894) Phase 2: Compute new object addresses 1.403ms
[2026-06-17T09:51:19.315+0800][39.193s][info][gc,phases,start] GC(894) Phase 3: Adjust pointers
[2026-06-17T09:51:19.316+0800][39.194s][info][gc,phases      ] GC(894) Phase 3: Adjust pointers 0.879ms
[2026-06-17T09:51:19.316+0800][39.194s][info][gc,phases,start] GC(894) Phase 4: Move objects
[2026-06-17T09:51:19.320+0800][39.198s][info][gc,phases      ] GC(894) Phase 4: Move objects 3.906ms
[2026-06-17T09:51:19.321+0800][39.199s][info][gc             ] GC(894) Pause Full (Allocation Failure) 56M->26M(61M) 11.287ms
[2026-06-17T09:51:19.321+0800][39.199s][info][gc,heap        ] GC(893) DefNew: 19645K->0K(19648K)
[2026-06-17T09:51:19.321+0800][39.199s][info][gc,heap        ] GC(893) Tenured: 38598K->26867K(43712K)
[2026-06-17T09:51:19.321+0800][39.199s][info][gc,metaspace   ] GC(893) Metaspace: 3161K(4864K)->3161K(4864K) NonClass: 2856K(4352K)->2856K(4352K) Class: 305K(512K)->305K(512K)
[2026-06-17T09:51:19.321+0800][39.199s][info][gc             ] GC(893) Pause Young (Allocation Failure) 56M->26M(61M) 13.101ms
[2026-06-17T09:51:19.322+0800][39.200s][info][gc,cpu         ] GC(893) User=0.01s Sys=0.00s Real=0.01s
[2026-06-17T09:51:19.364+0800][39.243s][info][gc,start       ] GC(895) Pause Young (Allocation Failure)
[2026-06-17T09:51:19.366+0800][39.244s][info][gc,heap        ] GC(895) DefNew: 17426K->2172K(19648K)
[2026-06-17T09:51:19.367+0800][39.245s][info][gc,heap        ] GC(895) Tenured: 26867K->31522K(43712K)
[2026-06-17T09:51:19.367+0800][39.245s][info][gc,metaspace   ] GC(895) Metaspace: 3161K(4864K)->3161K(4864K) NonClass: 2856K(4352K)->2856K(4352K) Class: 305K(512K)->305K(512K)
[2026-06-17T09:51:19.368+0800][39.246s][info][gc             ] GC(895) Pause Young (Allocation Failure) 43M->32M(61M) 3.246ms
[2026-06-17T09:51:19.368+0800][39.246s][info][gc,cpu         ] GC(895) User=0.00s Sys=0.00s Real=0.00s
[2026-06-17T09:51:19.412+0800][39.290s][info][gc,start       ] GC(896) Pause Young (Allocation Failure)
[2026-06-17T09:51:19.413+0800][39.292s][info][gc,heap        ] GC(896) DefNew: 19632K->2071K(19648K)
[2026-06-17T09:51:19.414+0800][39.292s][info][gc,heap        ] GC(896) Tenured: 31522K->34060K(43712K)
[2026-06-17T09:51:19.415+0800][39.293s][info][gc,metaspace   ] GC(896) Metaspace: 3161K(4864K)->3161K(4864K) NonClass: 2856K(4352K)->2856K(4352K) Class: 305K(512K)->305K(512K)
[2026-06-17T09:51:19.415+0800][39.293s][info][gc             ] GC(896) Pause Young (Allocation Failure) 49M->35M(61M) 3.287ms
[2026-06-17T09:51:19.416+0800][39.294s][info][gc,cpu         ] GC(896) User=0.00s Sys=0.00s Real=0.00s
[2026-06-17T09:51:19.460+0800][39.338s][info][gc,start       ] GC(897) Pause Young (Allocation Failure)
[2026-06-17T09:51:19.462+0800][39.340s][info][gc,heap        ] GC(897) DefNew: 19102K->2158K(19648K)
[2026-06-17T09:51:19.462+0800][39.340s][info][gc,heap        ] GC(897) Tenured: 34060K->36749K(43712K)
[2026-06-17T09:51:19.463+0800][39.341s][info][gc,metaspace   ] GC(897) Metaspace: 3161K(4864K)->3161K(4864K) NonClass: 2856K(4352K)->2856K(4352K) Class: 305K(512K)->305K(512K)
[2026-06-17T09:51:19.464+0800][39.342s][info][gc             ] GC(897) Pause Young (Allocation Failure) 51M->37M(61M) 4.353ms
[2026-06-17T09:51:19.464+0800][39.342s][info][gc,cpu         ] GC(897) User=0.00s Sys=0.00s Real=0.01s
[2026-06-17T09:51:19.519+0800][39.397s][info][gc,start       ] GC(898) Pause Young (Allocation Failure)
[2026-06-17T09:51:19.523+0800][39.401s][info][gc,heap        ] GC(898) DefNew: 19620K->2160K(19648K)
[2026-06-17T09:51:19.525+0800][39.403s][info][gc,heap        ] GC(898) Tenured: 36749K->40753K(43712K)
[2026-06-17T09:51:19.527+0800][39.405s][info][gc,metaspace   ] GC(898) Metaspace: 3161K(4864K)->3161K(4864K) NonClass: 2856K(4352K)->2856K(4352K) Class: 305K(512K)->305K(512K)
[2026-06-17T09:51:19.531+0800][39.409s][info][gc             ] GC(898) Pause Young (Allocation Failure) 55M->41M(61M) 11.722ms
[2026-06-17T09:51:19.531+0800][39.409s][info][gc,cpu         ] GC(898) User=0.01s Sys=0.00s Real=0.02s
[2026-06-17T09:51:19.568+0800][39.446s][info][gc,start       ] GC(899) Pause Young (Allocation Failure)
[2026-06-17T09:51:19.569+0800][39.447s][info][gc,start       ] GC(900) Pause Full (Allocation Failure)
[2026-06-17T09:51:19.570+0800][39.448s][info][gc,phases,start] GC(900) Phase 1: Mark live objects
[2026-06-17T09:51:19.571+0800][39.449s][info][gc,phases      ] GC(900) Phase 1: Mark live objects 1.832ms
[2026-06-17T09:51:19.572+0800][39.450s][info][gc,phases,start] GC(900) Phase 2: Compute new object addresses
[2026-06-17T09:51:19.573+0800][39.451s][info][gc,phases      ] GC(900) Phase 2: Compute new object addresses 0.974ms
[2026-06-17T09:51:19.574+0800][39.452s][info][gc,phases,start] GC(900) Phase 3: Adjust pointers
[2026-06-17T09:51:19.575+0800][39.453s][info][gc,phases      ] GC(900) Phase 3: Adjust pointers 1.037ms
[2026-06-17T09:51:19.575+0800][39.454s][info][gc,phases,start] GC(900) Phase 4: Move objects
[2026-06-17T09:51:19.579+0800][39.457s][info][gc,phases      ] GC(900) Phase 4: Move objects 3.699ms
[2026-06-17T09:51:19.580+0800][39.458s][info][gc             ] GC(900) Pause Full (Allocation Failure) 58M->30M(61M) 10.806ms
[2026-06-17T09:51:19.580+0800][39.458s][info][gc,heap        ] GC(899) DefNew: 19445K->0K(19648K)
[2026-06-17T09:51:19.580+0800][39.458s][info][gc,heap        ] GC(899) Tenured: 40753K->31007K(43712K)
[2026-06-17T09:51:19.580+0800][39.458s][info][gc,metaspace   ] GC(899) Metaspace: 3161K(4864K)->3161K(4864K) NonClass: 2856K(4352K)->2856K(4352K) Class: 305K(512K)->305K(512K)
[2026-06-17T09:51:19.581+0800][39.459s][info][gc             ] GC(899) Pause Young (Allocation Failure) 58M->30M(61M) 12.603ms
[2026-06-17T09:51:19.581+0800][39.459s][info][gc,cpu         ] GC(899) User=0.01s Sys=0.00s Real=0.01s
[2026-06-17T09:51:19.633+0800][39.511s][info][gc,start       ] GC(901) Pause Young (Allocation Failure)
[2026-06-17T09:51:19.635+0800][39.513s][info][gc,heap        ] GC(901) DefNew: 17455K->2132K(19648K)
[2026-06-17T09:51:19.635+0800][39.513s][info][gc,heap        ] GC(901) Tenured: 31007K->32435K(43712K)
[2026-06-17T09:51:19.635+0800][39.513s][info][gc,metaspace   ] GC(901) Metaspace: 3161K(4864K)->3161K(4864K) NonClass: 2856K(4352K)->2856K(4352K) Class: 305K(512K)->305K(512K)
[2026-06-17T09:51:19.635+0800][39.513s][info][gc             ] GC(901) Pause Young (Allocation Failure) 47M->33M(61M) 1.938ms
[2026-06-17T09:51:19.636+0800][39.514s][info][gc,cpu         ] GC(901) User=0.00s Sys=0.00s Real=0.00s
[2026-06-17T09:51:19.679+0800][39.557s][info][gc,start       ] GC(902) Pause Young (Allocation Failure)
[2026-06-17T09:51:19.680+0800][39.558s][info][gc,heap        ] GC(902) DefNew: 19572K->2151K(19648K)
[2026-06-17T09:51:19.680+0800][39.558s][info][gc,heap        ] GC(902) Tenured: 32435K->35186K(43712K)
[2026-06-17T09:51:19.681+0800][39.559s][info][gc,metaspace   ] GC(902) Metaspace: 3161K(4864K)->3161K(4864K) NonClass: 2856K(4352K)->2856K(4352K) Class: 305K(512K)->305K(512K)
[2026-06-17T09:51:19.681+0800][39.559s][info][gc             ] GC(902) Pause Young (Allocation Failure) 50M->36M(61M) 2.595ms
[2026-06-17T09:51:19.682+0800][39.560s][info][gc,cpu         ] GC(902) User=0.00s Sys=0.00s Real=0.00s
[2026-06-17T09:51:19.725+0800][39.603s][info][gc,start       ] GC(903) Pause Young (Allocation Failure)
[2026-06-17T09:51:19.726+0800][39.604s][info][gc,heap        ] GC(903) DefNew: 19620K->2096K(19648K)
[2026-06-17T09:51:19.727+0800][39.605s][info][gc,heap        ] GC(903) Tenured: 35186K->39055K(43712K)
[2026-06-17T09:51:19.727+0800][39.605s][info][gc,metaspace   ] GC(903) Metaspace: 3161K(4864K)->3161K(4864K) NonClass: 2856K(4352K)->2856K(4352K) Class: 305K(512K)->305K(512K)
[2026-06-17T09:51:19.727+0800][39.605s][info][gc             ] GC(903) Pause Young (Allocation Failure) 53M->40M(61M) 2.093ms
[2026-06-17T09:51:19.727+0800][39.605s][info][gc,cpu         ] GC(903) User=0.00s Sys=0.00s Real=0.00s
[2026-06-17T09:51:19.769+0800][39.647s][info][gc,start       ] GC(904) Pause Young (Allocation Failure)
[2026-06-17T09:51:19.769+0800][39.648s][info][gc,start       ] GC(905) Pause Full (Allocation Failure)
[2026-06-17T09:51:19.770+0800][39.648s][info][gc,phases,start] GC(905) Phase 1: Mark live objects
[2026-06-17T09:51:19.770+0800][39.648s][info][gc,phases      ] GC(905) Phase 1: Mark live objects 0.584ms
[2026-06-17T09:51:19.770+0800][39.648s][info][gc,phases,start] GC(905) Phase 2: Compute new object addresses
[2026-06-17T09:51:19.771+0800][39.649s][info][gc,phases      ] GC(905) Phase 2: Compute new object addresses 0.330ms
[2026-06-17T09:51:19.771+0800][39.649s][info][gc,phases,start] GC(905) Phase 3: Adjust pointers
[2026-06-17T09:51:19.771+0800][39.649s][info][gc,phases      ] GC(905) Phase 3: Adjust pointers 0.320ms
[2026-06-17T09:51:19.771+0800][39.649s][info][gc,phases,start] GC(905) Phase 4: Move objects
[2026-06-17T09:51:19.773+0800][39.651s][info][gc,phases      ] GC(905) Phase 4: Move objects 1.749ms
[2026-06-17T09:51:19.773+0800][39.651s][info][gc             ] GC(905) Pause Full (Allocation Failure) 57M->24M(61M) 3.850ms
[2026-06-17T09:51:19.773+0800][39.652s][info][gc,heap        ] GC(904) DefNew: 19518K->0K(19648K)
[2026-06-17T09:51:19.774+0800][39.652s][info][gc,heap        ] GC(904) Tenured: 39055K->24657K(43712K)
[2026-06-17T09:51:19.774+0800][39.652s][info][gc,metaspace   ] GC(904) Metaspace: 3161K(4864K)->3161K(4864K) NonClass: 2856K(4352K)->2856K(4352K) Class: 305K(512K)->305K(512K)
[2026-06-17T09:51:19.774+0800][39.652s][info][gc             ] GC(904) Pause Young (Allocation Failure) 57M->24M(61M) 4.647ms
[2026-06-17T09:51:19.774+0800][39.652s][info][gc,cpu         ] GC(904) User=0.01s Sys=0.00s Real=0.01s
[2026-06-17T09:51:19.816+0800][39.694s][info][gc,start       ] GC(906) Pause Young (Allocation Failure)
[2026-06-17T09:51:19.817+0800][39.695s][info][gc,heap        ] GC(906) DefNew: 17408K->1983K(19648K)
[2026-06-17T09:51:19.817+0800][39.695s][info][gc,heap        ] GC(906) Tenured: 24657K->26305K(43712K)
[2026-06-17T09:51:19.817+0800][39.695s][info][gc,metaspace   ] GC(906) Metaspace: 3161K(4864K)->3161K(4864K) NonClass: 2856K(4352K)->2856K(4352K) Class: 305K(512K)->305K(512K)
[2026-06-17T09:51:19.818+0800][39.696s][info][gc             ] GC(906) Pause Young (Allocation Failure) 41M->27M(61M) 1.508ms
[2026-06-17T09:51:19.818+0800][39.696s][info][gc,cpu         ] GC(906) User=0.00s Sys=0.00s Real=0.00s
[2026-06-17T09:51:19.870+0800][39.748s][info][gc,start       ] GC(907) Pause Young (Allocation Failure)
[2026-06-17T09:51:19.872+0800][39.750s][info][gc,heap        ] GC(907) DefNew: 19449K->2101K(19648K)
[2026-06-17T09:51:19.872+0800][39.750s][info][gc,heap        ] GC(907) Tenured: 26305K->30090K(43712K)
[2026-06-17T09:51:19.873+0800][39.751s][info][gc,metaspace   ] GC(907) Metaspace: 3161K(4864K)->3161K(4864K) NonClass: 2856K(4352K)->2856K(4352K) Class: 305K(512K)->305K(512K)
[2026-06-17T09:51:19.873+0800][39.751s][info][gc             ] GC(907) Pause Young (Allocation Failure) 44M->31M(61M) 2.640ms
[2026-06-17T09:51:19.873+0800][39.751s][info][gc,cpu         ] GC(907) User=0.00s Sys=0.00s Real=0.01s
[2026-06-17T09:51:19.915+0800][39.793s][info][gc,start       ] GC(908) Pause Young (Allocation Failure)
[2026-06-17T09:51:19.917+0800][39.795s][info][gc,heap        ] GC(908) DefNew: 19557K->2168K(19648K)
[2026-06-17T09:51:19.919+0800][39.797s][info][gc,heap        ] GC(908) Tenured: 30090K->33763K(43712K)
[2026-06-17T09:51:19.919+0800][39.797s][info][gc,metaspace   ] GC(908) Metaspace: 3161K(4864K)->3161K(4864K) NonClass: 2856K(4352K)->2856K(4352K) Class: 305K(512K)->305K(512K)
[2026-06-17T09:51:19.919+0800][39.797s][info][gc             ] GC(908) Pause Young (Allocation Failure) 48M->35M(61M) 3.788ms
[2026-06-17T09:51:19.920+0800][39.798s][info][gc,cpu         ] GC(908) User=0.00s Sys=0.00s Real=0.00s
[2026-06-17T09:51:19.962+0800][39.840s][info][gc,start       ] GC(909) Pause Young (Allocation Failure)
[2026-06-17T09:51:19.969+0800][39.847s][info][gc,heap        ] GC(909) DefNew: 19631K->2157K(19648K)
[2026-06-17T09:51:19.973+0800][39.851s][info][gc,heap        ] GC(909) Tenured: 33763K->38208K(43712K)
[2026-06-17T09:51:19.975+0800][39.853s][info][gc,metaspace   ] GC(909) Metaspace: 3161K(4864K)->3161K(4864K) NonClass: 2856K(4352K)->2856K(4352K) Class: 305K(512K)->305K(512K)
[2026-06-17T09:51:19.977+0800][39.855s][info][gc             ] GC(909) Pause Young (Allocation Failure) 52M->39M(61M) 14.815ms
[2026-06-17T09:51:19.979+0800][39.857s][info][gc,cpu         ] GC(909) User=0.00s Sys=0.00s Real=0.02s
[2026-06-17T09:51:20.031+0800][39.909s][info][gc,start       ] GC(910) Pause Young (Allocation Failure)
[2026-06-17T09:51:20.032+0800][39.910s][info][gc,start       ] GC(911) Pause Full (Allocation Failure)
[2026-06-17T09:51:20.032+0800][39.910s][info][gc,phases,start] GC(911) Phase 1: Mark live objects
[2026-06-17T09:51:20.032+0800][39.910s][info][gc,phases      ] GC(911) Phase 1: Mark live objects 0.594ms
[2026-06-17T09:51:20.033+0800][39.911s][info][gc,phases,start] GC(911) Phase 2: Compute new object addresses
[2026-06-17T09:51:20.033+0800][39.911s][info][gc,phases      ] GC(911) Phase 2: Compute new object addresses 0.444ms
[2026-06-17T09:51:20.033+0800][39.911s][info][gc,phases,start] GC(911) Phase 3: Adjust pointers
[2026-06-17T09:51:20.034+0800][39.912s][info][gc,phases      ] GC(911) Phase 3: Adjust pointers 0.431ms
[2026-06-17T09:51:20.034+0800][39.912s][info][gc,phases,start] GC(911) Phase 4: Move objects
[2026-06-17T09:51:20.036+0800][39.914s][info][gc,phases      ] GC(911) Phase 4: Move objects 1.662ms
[2026-06-17T09:51:20.036+0800][39.914s][info][gc             ] GC(911) Pause Full (Allocation Failure) 56M->27M(61M) 4.199ms
[2026-06-17T09:51:20.036+0800][39.914s][info][gc,heap        ] GC(910) DefNew: 19604K->0K(19648K)
[2026-06-17T09:51:20.036+0800][39.914s][info][gc,heap        ] GC(910) Tenured: 38208K->28561K(43712K)
[2026-06-17T09:51:20.036+0800][39.914s][info][gc,metaspace   ] GC(910) Metaspace: 3161K(4864K)->3161K(4864K) NonClass: 2856K(4352K)->2856K(4352K) Class: 305K(512K)->305K(512K)
[2026-06-17T09:51:20.036+0800][39.914s][info][gc             ] GC(910) Pause Young (Allocation Failure) 56M->27M(61M) 4.933ms
[2026-06-17T09:51:20.036+0800][39.914s][info][gc,cpu         ] GC(910) User=0.00s Sys=0.00s Real=0.00s
[2026-06-17T09:51:20.078+0800][39.956s][info][gc,start       ] GC(912) Pause Young (Allocation Failure)
[2026-06-17T09:51:20.080+0800][39.958s][info][gc,heap        ] GC(912) DefNew: 17468K->2175K(19648K)
[2026-06-17T09:51:20.081+0800][39.959s][info][gc,heap        ] GC(912) Tenured: 28561K->33228K(43712K)
[2026-06-17T09:51:20.082+0800][39.960s][info][gc,metaspace   ] GC(912) Metaspace: 3161K(4864K)->3161K(4864K) NonClass: 2856K(4352K)->2856K(4352K) Class: 305K(512K)->305K(512K)
[2026-06-17T09:51:20.083+0800][39.961s][info][gc             ] GC(912) Pause Young (Allocation Failure) 44M->34M(61M) 4.480ms
[2026-06-17T09:51:20.083+0800][39.961s][info][gc,cpu         ] GC(912) User=0.00s Sys=0.00s Real=0.01s
[2026-06-17T09:51:20.125+0800][40.004s][info][gc,start       ] GC(913) Pause Young (Allocation Failure)
[2026-06-17T09:51:20.130+0800][40.008s][info][gc,heap        ] GC(913) DefNew: 19608K->2167K(19648K)
[2026-06-17T09:51:20.131+0800][40.009s][info][gc,heap        ] GC(913) Tenured: 33228K->39933K(43712K)
[2026-06-17T09:51:20.132+0800][40.010s][info][gc,metaspace   ] GC(913) Metaspace: 3161K(4864K)->3161K(4864K) NonClass: 2856K(4352K)->2856K(4352K) Class: 305K(512K)->305K(512K)
[2026-06-17T09:51:20.134+0800][40.012s][info][gc             ] GC(913) Pause Young (Allocation Failure) 51M->41M(61M) 8.396ms
[2026-06-17T09:51:20.136+0800][40.014s][info][gc,cpu         ] GC(913) User=0.00s Sys=0.00s Real=0.01s
[2026-06-17T09:51:20.179+0800][40.057s][info][gc,start       ] GC(914) Pause Young (Allocation Failure)
[2026-06-17T09:51:20.179+0800][40.057s][info][gc,start       ] GC(915) Pause Full (Allocation Failure)
[2026-06-17T09:51:20.180+0800][40.058s][info][gc,phases,start] GC(915) Phase 1: Mark live objects
[2026-06-17T09:51:20.181+0800][40.059s][info][gc,phases      ] GC(915) Phase 1: Mark live objects 0.974ms
[2026-06-17T09:51:20.181+0800][40.059s][info][gc,phases,start] GC(915) Phase 2: Compute new object addresses
[2026-06-17T09:51:20.182+0800][40.060s][info][gc,phases      ] GC(915) Phase 2: Compute new object addresses 0.561ms
[2026-06-17T09:51:20.182+0800][40.060s][info][gc,phases,start] GC(915) Phase 3: Adjust pointers
[2026-06-17T09:51:20.183+0800][40.061s][info][gc,phases      ] GC(915) Phase 3: Adjust pointers 0.686ms
[2026-06-17T09:51:20.183+0800][40.061s][info][gc,phases,start] GC(915) Phase 4: Move objects
[2026-06-17T09:51:20.186+0800][40.064s][info][gc,phases      ] GC(915) Phase 4: Move objects 2.258ms
[2026-06-17T09:51:20.186+0800][40.064s][info][gc             ] GC(915) Pause Full (Allocation Failure) 58M->28M(61M) 6.862ms
[2026-06-17T09:51:20.186+0800][40.065s][info][gc,heap        ] GC(914) DefNew: 19621K->0K(19648K)
[2026-06-17T09:51:20.187+0800][40.065s][info][gc,heap        ] GC(914) Tenured: 39933K->29361K(43712K)
[2026-06-17T09:51:20.187+0800][40.065s][info][gc,metaspace   ] GC(914) Metaspace: 3161K(4864K)->3161K(4864K) NonClass: 2856K(4352K)->2856K(4352K) Class: 305K(512K)->305K(512K)
[2026-06-17T09:51:20.188+0800][40.066s][info][gc             ] GC(914) Pause Young (Allocation Failure) 58M->28M(61M) 9.292ms
[2026-06-17T09:51:20.188+0800][40.066s][info][gc,cpu         ] GC(914) User=0.00s Sys=0.00s Real=0.01s
[2026-06-17T09:51:20.232+0800][40.110s][info][gc,start       ] GC(916) Pause Young (Allocation Failure)
[2026-06-17T09:51:20.234+0800][40.112s][info][gc,heap        ] GC(916) DefNew: 17463K->2172K(19648K)
[2026-06-17T09:51:20.235+0800][40.113s][info][gc,heap        ] GC(916) Tenured: 29361K->33705K(43712K)
[2026-06-17T09:51:20.235+0800][40.113s][info][gc,metaspace   ] GC(916) Metaspace: 3161K(4864K)->3161K(4864K) NonClass: 2856K(4352K)->2856K(4352K) Class: 305K(512K)->305K(512K)
[2026-06-17T09:51:20.236+0800][40.114s][info][gc             ] GC(916) Pause Young (Allocation Failure) 45M->35M(61M) 4.058ms
[2026-06-17T09:51:20.236+0800][40.115s][info][gc,cpu         ] GC(916) User=0.00s Sys=0.00s Real=0.00s
[2026-06-17T09:51:20.289+0800][40.167s][info][gc,start       ] GC(917) Pause Young (Allocation Failure)
[2026-06-17T09:51:20.290+0800][40.168s][info][gc,heap        ] GC(917) DefNew: 19644K->2110K(19648K)
[2026-06-17T09:51:20.291+0800][40.169s][info][gc,heap        ] GC(917) Tenured: 33705K->35128K(43712K)
[2026-06-17T09:51:20.291+0800][40.169s][info][gc,metaspace   ] GC(917) Metaspace: 3161K(4864K)->3161K(4864K) NonClass: 2856K(4352K)->2856K(4352K) Class: 305K(512K)->305K(512K)
[2026-06-17T09:51:20.291+0800][40.170s][info][gc             ] GC(917) Pause Young (Allocation Failure) 52M->36M(61M) 2.401ms
[2026-06-17T09:51:20.293+0800][40.171s][info][gc,cpu         ] GC(917) User=0.00s Sys=0.00s Real=0.01s
[2026-06-17T09:51:20.326+0800][40.204s][info][gc,start       ] GC(918) Pause Young (Allocation Failure)
[2026-06-17T09:51:20.327+0800][40.205s][info][gc,heap        ] GC(918) DefNew: 19553K->2152K(19648K)
[2026-06-17T09:51:20.327+0800][40.205s][info][gc,heap        ] GC(918) Tenured: 35128K->38104K(43712K)
[2026-06-17T09:51:20.328+0800][40.206s][info][gc,metaspace   ] GC(918) Metaspace: 3161K(4864K)->3161K(4864K) NonClass: 2856K(4352K)->2856K(4352K) Class: 305K(512K)->305K(512K)
[2026-06-17T09:51:20.328+0800][40.207s][info][gc             ] GC(918) Pause Young (Allocation Failure) 53M->39M(61M) 2.938ms
[2026-06-17T09:51:20.329+0800][40.207s][info][gc,cpu         ] GC(918) User=0.00s Sys=0.00s Real=0.00s
[2026-06-17T09:51:20.382+0800][40.260s][info][gc,start       ] GC(919) Pause Young (Allocation Failure)
[2026-06-17T09:51:20.383+0800][40.261s][info][gc,start       ] GC(920) Pause Full (Allocation Failure)
[2026-06-17T09:51:20.384+0800][40.262s][info][gc,phases,start] GC(920) Phase 1: Mark live objects
[2026-06-17T09:51:20.386+0800][40.264s][info][gc,phases      ] GC(920) Phase 1: Mark live objects 1.925ms
[2026-06-17T09:51:20.386+0800][40.264s][info][gc,phases,start] GC(920) Phase 2: Compute new object addresses
[2026-06-17T09:51:20.388+0800][40.266s][info][gc,phases      ] GC(920) Phase 2: Compute new object addresses 1.301ms
[2026-06-17T09:51:20.389+0800][40.267s][info][gc,phases,start] GC(920) Phase 3: Adjust pointers
[2026-06-17T09:51:20.390+0800][40.268s][info][gc,phases      ] GC(920) Phase 3: Adjust pointers 1.466ms
[2026-06-17T09:51:20.391+0800][40.269s][info][gc,phases,start] GC(920) Phase 4: Move objects
[2026-06-17T09:51:20.395+0800][40.273s][info][gc,phases      ] GC(920) Phase 4: Move objects 4.050ms
[2026-06-17T09:51:20.396+0800][40.274s][info][gc             ] GC(920) Pause Full (Allocation Failure) 56M->21M(61M) 13.251ms
[2026-06-17T09:51:20.397+0800][40.275s][info][gc,heap        ] GC(919) DefNew: 19575K->0K(19648K)
[2026-06-17T09:51:20.398+0800][40.276s][info][gc,heap        ] GC(919) Tenured: 38104K->22073K(43712K)
[2026-06-17T09:51:20.399+0800][40.277s][info][gc,metaspace   ] GC(919) Metaspace: 3161K(4864K)->3161K(4864K) NonClass: 2856K(4352K)->2856K(4352K) Class: 305K(512K)->305K(512K)
[2026-06-17T09:51:20.399+0800][40.278s][info][gc             ] GC(919) Pause Young (Allocation Failure) 56M->21M(61M) 17.434ms
[2026-06-17T09:51:20.400+0800][40.278s][info][gc,cpu         ] GC(919) User=0.00s Sys=0.01s Real=0.02s
[2026-06-17T09:51:20.444+0800][40.322s][info][gc,start       ] GC(921) Pause Young (Allocation Failure)
[2026-06-17T09:51:20.447+0800][40.325s][info][gc,heap        ] GC(921) DefNew: 17464K->2174K(19648K)
[2026-06-17T09:51:20.447+0800][40.325s][info][gc,heap        ] GC(921) Tenured: 22073K->27443K(43712K)
[2026-06-17T09:51:20.448+0800][40.326s][info][gc,metaspace   ] GC(921) Metaspace: 3161K(4864K)->3161K(4864K) NonClass: 2856K(4352K)->2856K(4352K) Class: 305K(512K)->305K(512K)
[2026-06-17T09:51:20.449+0800][40.327s][info][gc             ] GC(921) Pause Young (Allocation Failure) 38M->28M(61M) 4.918ms
[2026-06-17T09:51:20.450+0800][40.328s][info][gc,cpu         ] GC(921) User=0.00s Sys=0.00s Real=0.00s
[2026-06-17T09:51:20.493+0800][40.371s][info][gc,start       ] GC(922) Pause Young (Allocation Failure)
[2026-06-17T09:51:20.495+0800][40.373s][info][gc,heap        ] GC(922) DefNew: 19610K->2172K(19648K)
[2026-06-17T09:51:20.496+0800][40.374s][info][gc,heap        ] GC(922) Tenured: 27443K->33558K(43712K)
[2026-06-17T09:51:20.497+0800][40.375s][info][gc,metaspace   ] GC(922) Metaspace: 3161K(4864K)->3161K(4864K) NonClass: 2856K(4352K)->2856K(4352K) Class: 305K(512K)->305K(512K)
[2026-06-17T09:51:20.497+0800][40.375s][info][gc             ] GC(922) Pause Young (Allocation Failure) 45M->34M(61M) 4.338ms
[2026-06-17T09:51:20.498+0800][40.376s][info][gc,cpu         ] GC(922) User=0.00s Sys=0.00s Real=0.00s
[2026-06-17T09:51:20.542+0800][40.420s][info][gc,start       ] GC(923) Pause Young (Allocation Failure)
[2026-06-17T09:51:20.544+0800][40.422s][info][gc,heap        ] GC(923) DefNew: 19635K->2167K(19648K)
[2026-06-17T09:51:20.545+0800][40.423s][info][gc,heap        ] GC(923) Tenured: 33558K->36723K(43712K)
[2026-06-17T09:51:20.546+0800][40.424s][info][gc,metaspace   ] GC(923) Metaspace: 3161K(4864K)->3161K(4864K) NonClass: 2856K(4352K)->2856K(4352K) Class: 305K(512K)->305K(512K)
[2026-06-17T09:51:20.546+0800][40.424s][info][gc             ] GC(923) Pause Young (Allocation Failure) 51M->37M(61M) 4.512ms
[2026-06-17T09:51:20.548+0800][40.426s][info][gc,cpu         ] GC(923) User=0.00s Sys=0.00s Real=0.01s
[2026-06-17T09:51:20.592+0800][40.470s][info][gc,start       ] GC(924) Pause Young (Allocation Failure)
[2026-06-17T09:51:20.593+0800][40.471s][info][gc,start       ] GC(925) Pause Full (Allocation Failure)
[2026-06-17T09:51:20.594+0800][40.472s][info][gc,phases,start] GC(925) Phase 1: Mark live objects
[2026-06-17T09:51:20.596+0800][40.474s][info][gc,phases      ] GC(925) Phase 1: Mark live objects 2.102ms
[2026-06-17T09:51:20.596+0800][40.474s][info][gc,phases,start] GC(925) Phase 2: Compute new object addresses
[2026-06-17T09:51:20.597+0800][40.475s][info][gc,phases      ] GC(925) Phase 2: Compute new object addresses 0.762ms
[2026-06-17T09:51:20.597+0800][40.475s][info][gc,phases,start] GC(925) Phase 3: Adjust pointers
[2026-06-17T09:51:20.598+0800][40.476s][info][gc,phases      ] GC(925) Phase 3: Adjust pointers 0.962ms
[2026-06-17T09:51:20.599+0800][40.477s][info][gc,phases,start] GC(925) Phase 4: Move objects
[2026-06-17T09:51:20.602+0800][40.480s][info][gc,phases      ] GC(925) Phase 4: Move objects 2.998ms
[2026-06-17T09:51:20.603+0800][40.481s][info][gc             ] GC(925) Pause Full (Allocation Failure) 54M->22M(61M) 9.684ms
[2026-06-17T09:51:20.603+0800][40.481s][info][gc,heap        ] GC(924) DefNew: 19428K->0K(19648K)
[2026-06-17T09:51:20.603+0800][40.481s][info][gc,heap        ] GC(924) Tenured: 36723K->23339K(43712K)
[2026-06-17T09:51:20.603+0800][40.481s][info][gc,metaspace   ] GC(924) Metaspace: 3161K(4864K)->3161K(4864K) NonClass: 2856K(4352K)->2856K(4352K) Class: 305K(512K)->305K(512K)
[2026-06-17T09:51:20.604+0800][40.482s][info][gc             ] GC(924) Pause Young (Allocation Failure) 54M->22M(61M) 11.908ms
[2026-06-17T09:51:20.604+0800][40.482s][info][gc,cpu         ] GC(924) User=0.00s Sys=0.00s Real=0.01s
[2026-06-17T09:51:20.658+0800][40.536s][info][gc,start       ] GC(926) Pause Young (Allocation Failure)
[2026-06-17T09:51:20.660+0800][40.538s][info][gc,heap        ] GC(926) DefNew: 17439K->2161K(19648K)
[2026-06-17T09:51:20.661+0800][40.539s][info][gc,heap        ] GC(926) Tenured: 23339K->25139K(43712K)
[2026-06-17T09:51:20.661+0800][40.539s][info][gc,metaspace   ] GC(926) Metaspace: 3161K(4864K)->3161K(4864K) NonClass: 2856K(4352K)->2856K(4352K) Class: 305K(512K)->305K(512K)
[2026-06-17T09:51:20.662+0800][40.540s][info][gc             ] GC(926) Pause Young (Allocation Failure) 39M->26M(61M) 3.877ms
[2026-06-17T09:51:20.662+0800][40.540s][info][gc,cpu         ] GC(926) User=0.00s Sys=0.00s Real=0.00s
[2026-06-17T09:51:20.707+0800][40.585s][info][gc,start       ] GC(927) Pause Young (Allocation Failure)
[2026-06-17T09:51:20.709+0800][40.587s][info][gc,heap        ] GC(927) DefNew: 19605K->2151K(19648K)
[2026-06-17T09:51:20.710+0800][40.588s][info][gc,heap        ] GC(927) Tenured: 25139K->28756K(43712K)
[2026-06-17T09:51:20.710+0800][40.588s][info][gc,metaspace   ] GC(927) Metaspace: 3162K(4864K)->3162K(4864K) NonClass: 2857K(4352K)->2857K(4352K) Class: 305K(512K)->305K(512K)
[2026-06-17T09:51:20.711+0800][40.589s][info][gc             ] GC(927) Pause Young (Allocation Failure) 43M->30M(61M) 3.550ms
[2026-06-17T09:51:20.712+0800][40.590s][info][gc,cpu         ] GC(927) User=0.00s Sys=0.00s Real=0.01s
[2026-06-17T09:51:20.756+0800][40.634s][info][gc,start       ] GC(928) Pause Young (Allocation Failure)
[2026-06-17T09:51:20.759+0800][40.637s][info][gc,heap        ] GC(928) DefNew: 19623K->2172K(19648K)
[2026-06-17T09:51:20.759+0800][40.637s][info][gc,heap        ] GC(928) Tenured: 28756K->32482K(43712K)
[2026-06-17T09:51:20.760+0800][40.638s][info][gc,metaspace   ] GC(928) Metaspace: 3162K(4864K)->3162K(4864K) NonClass: 2857K(4352K)->2857K(4352K) Class: 305K(512K)->305K(512K)
[2026-06-17T09:51:20.761+0800][40.639s][info][gc             ] GC(928) Pause Young (Allocation Failure) 47M->33M(61M) 4.132ms
[2026-06-17T09:51:20.761+0800][40.639s][info][gc,cpu         ] GC(928) User=0.01s Sys=0.00s Real=0.00s
[2026-06-17T09:51:20.805+0800][40.683s][info][gc,start       ] GC(929) Pause Young (Allocation Failure)
[2026-06-17T09:51:20.808+0800][40.686s][info][gc,heap        ] GC(929) DefNew: 19644K->2166K(19648K)
[2026-06-17T09:51:20.809+0800][40.687s][info][gc,heap        ] GC(929) Tenured: 32482K->35814K(43712K)
[2026-06-17T09:51:20.809+0800][40.687s][info][gc,metaspace   ] GC(929) Metaspace: 3162K(4864K)->3162K(4864K) NonClass: 2857K(4352K)->2857K(4352K) Class: 305K(512K)->305K(512K)
[2026-06-17T09:51:20.810+0800][40.688s][info][gc             ] GC(929) Pause Young (Allocation Failure) 50M->37M(61M) 4.612ms
[2026-06-17T09:51:20.810+0800][40.688s][info][gc,cpu         ] GC(929) User=0.00s Sys=0.00s Real=0.00s
[2026-06-17T09:51:20.855+0800][40.733s][info][gc,start       ] GC(930) Pause Young (Allocation Failure)
[2026-06-17T09:51:20.856+0800][40.734s][info][gc,heap        ] GC(930) DefNew: 19635K->2172K(19648K)
[2026-06-17T09:51:20.856+0800][40.734s][info][gc,heap        ] GC(930) Tenured: 35814K->38559K(43712K)
[2026-06-17T09:51:20.858+0800][40.736s][info][gc,metaspace   ] GC(930) Metaspace: 3162K(4864K)->3162K(4864K) NonClass: 2857K(4352K)->2857K(4352K) Class: 305K(512K)->305K(512K)
[2026-06-17T09:51:20.858+0800][40.736s][info][gc             ] GC(930) Pause Young (Allocation Failure) 54M->39M(61M) 3.322ms
[2026-06-17T09:51:20.858+0800][40.736s][info][gc,cpu         ] GC(930) User=0.00s Sys=0.00s Real=0.00s
[2026-06-17T09:51:20.901+0800][40.779s][info][gc,start       ] GC(931) Pause Young (Allocation Failure)
[2026-06-17T09:51:20.902+0800][40.780s][info][gc,start       ] GC(932) Pause Full (Allocation Failure)
[2026-06-17T09:51:20.903+0800][40.781s][info][gc,phases,start] GC(932) Phase 1: Mark live objects
[2026-06-17T09:51:20.904+0800][40.782s][info][gc,phases      ] GC(932) Phase 1: Mark live objects 0.958ms
[2026-06-17T09:51:20.905+0800][40.783s][info][gc,phases,start] GC(932) Phase 2: Compute new object addresses
[2026-06-17T09:51:20.905+0800][40.783s][info][gc,phases      ] GC(932) Phase 2: Compute new object addresses 0.671ms
[2026-06-17T09:51:20.906+0800][40.784s][info][gc,phases,start] GC(932) Phase 3: Adjust pointers
[2026-06-17T09:51:20.906+0800][40.784s][info][gc,phases      ] GC(932) Phase 3: Adjust pointers 0.532ms
[2026-06-17T09:51:20.906+0800][40.785s][info][gc,phases,start] GC(932) Phase 4: Move objects
[2026-06-17T09:51:20.908+0800][40.786s][info][gc,phases      ] GC(932) Phase 4: Move objects 1.960ms
[2026-06-17T09:51:20.909+0800][40.787s][info][gc             ] GC(932) Pause Full (Allocation Failure) 56M->24M(61M) 6.416ms
[2026-06-17T09:51:20.909+0800][40.787s][info][gc,heap        ] GC(931) DefNew: 19618K->0K(19648K)
[2026-06-17T09:51:20.909+0800][40.787s][info][gc,heap        ] GC(931) Tenured: 38559K->25477K(43712K)
[2026-06-17T09:51:20.909+0800][40.787s][info][gc,metaspace   ] GC(931) Metaspace: 3162K(4864K)->3162K(4864K) NonClass: 2857K(4352K)->2857K(4352K) Class: 305K(512K)->305K(512K)
[2026-06-17T09:51:20.909+0800][40.787s][info][gc             ] GC(931) Pause Young (Allocation Failure) 56M->24M(61M) 8.376ms
[2026-06-17T09:51:20.910+0800][40.788s][info][gc,cpu         ] GC(931) User=0.00s Sys=0.00s Real=0.01s
[2026-06-17T09:51:20.952+0800][40.830s][info][gc,start       ] GC(933) Pause Young (Allocation Failure)
[2026-06-17T09:51:20.954+0800][40.832s][info][gc,heap        ] GC(933) DefNew: 17472K->2170K(19648K)
[2026-06-17T09:51:20.955+0800][40.833s][info][gc,heap        ] GC(933) Tenured: 25477K->30354K(43712K)
[2026-06-17T09:51:20.955+0800][40.833s][info][gc,metaspace   ] GC(933) Metaspace: 3162K(4864K)->3162K(4864K) NonClass: 2857K(4352K)->2857K(4352K) Class: 305K(512K)->305K(512K)
[2026-06-17T09:51:20.957+0800][40.835s][info][gc             ] GC(933) Pause Young (Allocation Failure) 41M->31M(61M) 5.272ms
[2026-06-17T09:51:20.957+0800][40.835s][info][gc,cpu         ] GC(933) User=0.00s Sys=0.00s Real=0.00s
[2026-06-17T09:51:21.000+0800][40.878s][info][gc,start       ] GC(934) Pause Young (Allocation Failure)
[2026-06-17T09:51:21.001+0800][40.879s][info][gc,heap        ] GC(934) DefNew: 19642K->2169K(19648K)
[2026-06-17T09:51:21.001+0800][40.879s][info][gc,heap        ] GC(934) Tenured: 30354K->35248K(43712K)
[2026-06-17T09:51:21.001+0800][40.879s][info][gc,metaspace   ] GC(934) Metaspace: 3162K(4864K)->3162K(4864K) NonClass: 2857K(4352K)->2857K(4352K) Class: 305K(512K)->305K(512K)
[2026-06-17T09:51:21.002+0800][40.880s][info][gc             ] GC(934) Pause Young (Allocation Failure) 48M->36M(61M) 2.018ms
[2026-06-17T09:51:21.002+0800][40.880s][info][gc,cpu         ] GC(934) User=0.01s Sys=0.00s Real=0.00s
[2026-06-17T09:51:21.044+0800][40.922s][info][gc,start       ] GC(935) Pause Young (Allocation Failure)
[2026-06-17T09:51:21.048+0800][40.926s][info][gc,heap        ] GC(935) DefNew: 19616K->2168K(19648K)
[2026-06-17T09:51:21.054+0800][40.932s][info][gc,heap        ] GC(935) Tenured: 35248K->39857K(43712K)
[2026-06-17T09:51:21.059+0800][40.937s][info][gc,metaspace   ] GC(935) Metaspace: 3162K(4864K)->3162K(4864K) NonClass: 2857K(4352K)->2857K(4352K) Class: 305K(512K)->305K(512K)
[2026-06-17T09:51:21.059+0800][40.937s][info][gc             ] GC(935) Pause Young (Allocation Failure) 53M->41M(61M) 14.955ms
[2026-06-17T09:51:21.059+0800][40.937s][info][gc,cpu         ] GC(935) User=0.00s Sys=0.00s Real=0.01s
[2026-06-17T09:51:21.112+0800][40.990s][info][gc,start       ] GC(936) Pause Young (Allocation Failure)
[2026-06-17T09:51:21.112+0800][40.991s][info][gc,start       ] GC(937) Pause Full (Allocation Failure)
[2026-06-17T09:51:21.113+0800][40.991s][info][gc,phases,start] GC(937) Phase 1: Mark live objects
[2026-06-17T09:51:21.114+0800][40.992s][info][gc,phases      ] GC(937) Phase 1: Mark live objects 1.451ms
[2026-06-17T09:51:21.115+0800][40.993s][info][gc,phases,start] GC(937) Phase 2: Compute new object addresses
[2026-06-17T09:51:21.115+0800][40.993s][info][gc,phases      ] GC(937) Phase 2: Compute new object addresses 0.648ms
[2026-06-17T09:51:21.115+0800][40.994s][info][gc,phases,start] GC(937) Phase 3: Adjust pointers
[2026-06-17T09:51:21.116+0800][40.994s][info][gc,phases      ] GC(937) Phase 3: Adjust pointers 0.939ms
[2026-06-17T09:51:21.117+0800][40.995s][info][gc,phases,start] GC(937) Phase 4: Move objects
[2026-06-17T09:51:21.119+0800][40.997s][info][gc,phases      ] GC(937) Phase 4: Move objects 2.631ms
[2026-06-17T09:51:21.120+0800][40.998s][info][gc             ] GC(937) Pause Full (Allocation Failure) 58M->26M(61M) 7.295ms
[2026-06-17T09:51:21.120+0800][40.998s][info][gc,heap        ] GC(936) DefNew: 19612K->0K(19648K)
[2026-06-17T09:51:21.120+0800][40.998s][info][gc,heap        ] GC(936) Tenured: 39857K->26815K(43712K)
[2026-06-17T09:51:21.120+0800][40.998s][info][gc,metaspace   ] GC(936) Metaspace: 3162K(4864K)->3162K(4864K) NonClass: 2857K(4352K)->2857K(4352K) Class: 305K(512K)->305K(512K)
[2026-06-17T09:51:21.120+0800][40.999s][info][gc             ] GC(936) Pause Young (Allocation Failure) 58M->26M(61M) 8.545ms
[2026-06-17T09:51:21.121+0800][40.999s][info][gc,cpu         ] GC(936) User=0.01s Sys=0.00s Real=0.00s
[2026-06-17T09:51:21.154+0800][41.032s][info][gc,start       ] GC(938) Pause Young (Allocation Failure)
[2026-06-17T09:51:21.156+0800][41.034s][info][gc,heap        ] GC(938) DefNew: 17382K->2151K(19648K)
[2026-06-17T09:51:21.157+0800][41.035s][info][gc,heap        ] GC(938) Tenured: 26815K->31302K(43712K)
[2026-06-17T09:51:21.158+0800][41.036s][info][gc,metaspace   ] GC(938) Metaspace: 3162K(4864K)->3162K(4864K) NonClass: 2857K(4352K)->2857K(4352K) Class: 305K(512K)->305K(512K)
[2026-06-17T09:51:21.159+0800][41.037s][info][gc             ] GC(938) Pause Young (Allocation Failure) 43M->32M(61M) 4.808ms
[2026-06-17T09:51:21.159+0800][41.038s][info][gc,cpu         ] GC(938) User=0.00s Sys=0.00s Real=0.00s
[2026-06-17T09:51:21.214+0800][41.092s][info][gc,start       ] GC(939) Pause Young (Allocation Failure)
[2026-06-17T09:51:21.216+0800][41.094s][info][gc,heap        ] GC(939) DefNew: 19620K->2125K(19648K)
[2026-06-17T09:51:21.217+0800][41.095s][info][gc,heap        ] GC(939) Tenured: 31302K->34625K(43712K)
[2026-06-17T09:51:21.217+0800][41.095s][info][gc,metaspace   ] GC(939) Metaspace: 3162K(4864K)->3162K(4864K) NonClass: 2857K(4352K)->2857K(4352K) Class: 305K(512K)->305K(512K)
[2026-06-17T09:51:21.218+0800][41.096s][info][gc             ] GC(939) Pause Young (Allocation Failure) 49M->35M(61M) 4.097ms
[2026-06-17T09:51:21.218+0800][41.096s][info][gc,cpu         ] GC(939) User=0.00s Sys=0.00s Real=0.00s
[2026-06-17T09:51:21.262+0800][41.140s][info][gc,start       ] GC(940) Pause Young (Allocation Failure)
[2026-06-17T09:51:21.264+0800][41.142s][info][gc,heap        ] GC(940) DefNew: 19551K->2167K(19648K)
[2026-06-17T09:51:21.266+0800][41.144s][info][gc,heap        ] GC(940) Tenured: 34625K->38141K(43712K)
[2026-06-17T09:51:21.273+0800][41.151s][info][gc,metaspace   ] GC(940) Metaspace: 3162K(4864K)->3162K(4864K) NonClass: 2857K(4352K)->2857K(4352K) Class: 305K(512K)->305K(512K)
[2026-06-17T09:51:21.273+0800][41.151s][info][gc             ] GC(940) Pause Young (Allocation Failure) 52M->39M(61M) 11.520ms
[2026-06-17T09:51:21.274+0800][41.152s][info][gc,cpu         ] GC(940) User=0.00s Sys=0.00s Real=0.02s
[2026-06-17T09:51:21.316+0800][41.194s][info][gc,start       ] GC(941) Pause Young (Allocation Failure)
[2026-06-17T09:51:21.317+0800][41.195s][info][gc,start       ] GC(942) Pause Full (Allocation Failure)
[2026-06-17T09:51:21.317+0800][41.195s][info][gc,phases,start] GC(942) Phase 1: Mark live objects
[2026-06-17T09:51:21.318+0800][41.196s][info][gc,phases      ] GC(942) Phase 1: Mark live objects 1.196ms
[2026-06-17T09:51:21.319+0800][41.197s][info][gc,phases,start] GC(942) Phase 2: Compute new object addresses
[2026-06-17T09:51:21.319+0800][41.197s][info][gc,phases      ] GC(942) Phase 2: Compute new object addresses 0.388ms
[2026-06-17T09:51:21.319+0800][41.197s][info][gc,phases,start] GC(942) Phase 3: Adjust pointers
[2026-06-17T09:51:21.320+0800][41.198s][info][gc,phases      ] GC(942) Phase 3: Adjust pointers 0.515ms
[2026-06-17T09:51:21.320+0800][41.198s][info][gc,phases,start] GC(942) Phase 4: Move objects
[2026-06-17T09:51:21.321+0800][41.200s][info][gc,phases      ] GC(942) Phase 4: Move objects 1.725ms
[2026-06-17T09:51:21.322+0800][41.200s][info][gc             ] GC(942) Pause Full (Allocation Failure) 56M->29M(61M) 5.122ms
[2026-06-17T09:51:21.322+0800][41.200s][info][gc,heap        ] GC(941) DefNew: 19639K->0K(19648K)
[2026-06-17T09:51:21.322+0800][41.200s][info][gc,heap        ] GC(941) Tenured: 38141K->29947K(43712K)
[2026-06-17T09:51:21.322+0800][41.200s][info][gc,metaspace   ] GC(941) Metaspace: 3162K(4864K)->3162K(4864K) NonClass: 2857K(4352K)->2857K(4352K) Class: 305K(512K)->305K(512K)
[2026-06-17T09:51:21.322+0800][41.200s][info][gc             ] GC(941) Pause Young (Allocation Failure) 56M->29M(61M) 5.976ms
[2026-06-17T09:51:21.322+0800][41.200s][info][gc,cpu         ] GC(941) User=0.00s Sys=0.00s Real=0.00s
[2026-06-17T09:51:21.365+0800][41.243s][info][gc,start       ] GC(943) Pause Young (Allocation Failure)
[2026-06-17T09:51:21.366+0800][41.244s][info][gc,heap        ] GC(943) DefNew: 17471K->2174K(19648K)
[2026-06-17T09:51:21.367+0800][41.245s][info][gc,heap        ] GC(943) Tenured: 29947K->34402K(43712K)
[2026-06-17T09:51:21.367+0800][41.245s][info][gc,metaspace   ] GC(943) Metaspace: 3162K(4864K)->3162K(4864K) NonClass: 2857K(4352K)->2857K(4352K) Class: 305K(512K)->305K(512K)
[2026-06-17T09:51:21.367+0800][41.245s][info][gc             ] GC(943) Pause Young (Allocation Failure) 46M->35M(61M) 2.766ms
[2026-06-17T09:51:21.368+0800][41.246s][info][gc,cpu         ] GC(943) User=0.01s Sys=0.00s Real=0.00s
[2026-06-17T09:51:21.410+0800][41.288s][info][gc,start       ] GC(944) Pause Young (Allocation Failure)
[2026-06-17T09:51:21.411+0800][41.289s][info][gc,heap        ] GC(944) DefNew: 19437K->1856K(19648K)
[2026-06-17T09:51:21.411+0800][41.289s][info][gc,heap        ] GC(944) Tenured: 34402K->36485K(43712K)
[2026-06-17T09:51:21.412+0800][41.290s][info][gc,metaspace   ] GC(944) Metaspace: 3162K(4864K)->3162K(4864K) NonClass: 2857K(4352K)->2857K(4352K) Class: 305K(512K)->305K(512K)
[2026-06-17T09:51:21.412+0800][41.290s][info][gc             ] GC(944) Pause Young (Allocation Failure) 52M->37M(61M) 1.762ms
[2026-06-17T09:51:21.412+0800][41.290s][info][gc,cpu         ] GC(944) User=0.00s Sys=0.00s Real=0.01s
[2026-06-17T09:51:21.464+0800][41.342s][info][gc,start       ] GC(945) Pause Young (Allocation Failure)
[2026-06-17T09:51:21.465+0800][41.343s][info][gc,heap        ] GC(945) DefNew: 19328K->2156K(19648K)
[2026-06-17T09:51:21.468+0800][41.346s][info][gc,heap        ] GC(945) Tenured: 36485K->39444K(43712K)
[2026-06-17T09:51:21.469+0800][41.347s][info][gc,metaspace   ] GC(945) Metaspace: 3162K(4864K)->3162K(4864K) NonClass: 2857K(4352K)->2857K(4352K) Class: 305K(512K)->305K(512K)
[2026-06-17T09:51:21.470+0800][41.348s][info][gc             ] GC(945) Pause Young (Allocation Failure) 54M->40M(61M) 5.756ms
[2026-06-17T09:51:21.472+0800][41.350s][info][gc,cpu         ] GC(945) User=0.00s Sys=0.00s Real=0.01s
[2026-06-17T09:51:21.514+0800][41.392s][info][gc,start       ] GC(946) Pause Young (Allocation Failure)
[2026-06-17T09:51:21.515+0800][41.393s][info][gc,start       ] GC(947) Pause Full (Allocation Failure)
[2026-06-17T09:51:21.515+0800][41.393s][info][gc,phases,start] GC(947) Phase 1: Mark live objects
[2026-06-17T09:51:21.518+0800][41.396s][info][gc,phases      ] GC(947) Phase 1: Mark live objects 2.838ms
[2026-06-17T09:51:21.520+0800][41.398s][info][gc,phases,start] GC(947) Phase 2: Compute new object addresses
[2026-06-17T09:51:21.522+0800][41.400s][info][gc,phases      ] GC(947) Phase 2: Compute new object addresses 2.199ms
[2026-06-17T09:51:21.523+0800][41.401s][info][gc,phases,start] GC(947) Phase 3: Adjust pointers
[2026-06-17T09:51:21.524+0800][41.402s][info][gc,phases      ] GC(947) Phase 3: Adjust pointers 1.554ms
[2026-06-17T09:51:21.525+0800][41.403s][info][gc,phases,start] GC(947) Phase 4: Move objects
[2026-06-17T09:51:21.528+0800][41.406s][info][gc,phases      ] GC(947) Phase 4: Move objects 3.273ms
[2026-06-17T09:51:21.530+0800][41.408s][info][gc             ] GC(947) Pause Full (Allocation Failure) 57M->24M(61M) 14.707ms
[2026-06-17T09:51:21.531+0800][41.409s][info][gc,heap        ] GC(946) DefNew: 19603K->0K(19648K)
[2026-06-17T09:51:21.532+0800][41.410s][info][gc,heap        ] GC(946) Tenured: 39444K->25555K(43712K)
[2026-06-17T09:51:21.533+0800][41.411s][info][gc,metaspace   ] GC(946) Metaspace: 3162K(4864K)->3162K(4864K) NonClass: 2857K(4352K)->2857K(4352K) Class: 305K(512K)->305K(512K)
[2026-06-17T09:51:21.533+0800][41.411s][info][gc             ] GC(946) Pause Young (Allocation Failure) 57M->24M(61M) 18.671ms
[2026-06-17T09:51:21.535+0800][41.413s][info][gc,cpu         ] GC(946) User=0.01s Sys=0.00s Real=0.02s
[2026-06-17T09:51:21.579+0800][41.457s][info][gc,start       ] GC(948) Pause Young (Allocation Failure)
[2026-06-17T09:51:21.580+0800][41.458s][info][gc,heap        ] GC(948) DefNew: 17454K->2079K(19648K)
[2026-06-17T09:51:21.583+0800][41.461s][info][gc,heap        ] GC(948) Tenured: 25555K->30605K(43712K)
[2026-06-17T09:51:21.583+0800][41.461s][info][gc,metaspace   ] GC(948) Metaspace: 3162K(4864K)->3162K(4864K) NonClass: 2857K(4352K)->2857K(4352K) Class: 305K(512K)->305K(512K)
[2026-06-17T09:51:21.585+0800][41.463s][info][gc             ] GC(948) Pause Young (Allocation Failure) 42M->31M(61M) 5.887ms
[2026-06-17T09:51:21.588+0800][41.466s][info][gc,cpu         ] GC(948) User=0.00s Sys=0.00s Real=0.01s
[2026-06-17T09:51:21.632+0800][41.510s][info][gc,start       ] GC(949) Pause Young (Allocation Failure)
[2026-06-17T09:51:21.637+0800][41.515s][info][gc,heap        ] GC(949) DefNew: 19498K->2173K(19648K)
[2026-06-17T09:51:21.639+0800][41.517s][info][gc,heap        ] GC(949) Tenured: 30605K->34446K(43712K)
[2026-06-17T09:51:21.640+0800][41.518s][info][gc,metaspace   ] GC(949) Metaspace: 3162K(4864K)->3162K(4864K) NonClass: 2857K(4352K)->2857K(4352K) Class: 305K(512K)->305K(512K)
[2026-06-17T09:51:21.641+0800][41.519s][info][gc             ] GC(949) Pause Young (Allocation Failure) 48M->35M(61M) 9.022ms
[2026-06-17T09:51:21.641+0800][41.519s][info][gc,cpu         ] GC(949) User=0.00s Sys=0.00s Real=0.00s
[2026-06-17T09:51:21.685+0800][41.563s][info][gc,start       ] GC(950) Pause Young (Allocation Failure)
[2026-06-17T09:51:21.687+0800][41.565s][info][gc,heap        ] GC(950) DefNew: 19523K->2028K(19648K)
[2026-06-17T09:51:21.687+0800][41.566s][info][gc,heap        ] GC(950) Tenured: 34446K->35100K(43712K)
[2026-06-17T09:51:21.688+0800][41.566s][info][gc,metaspace   ] GC(950) Metaspace: 3162K(4864K)->3162K(4864K) NonClass: 2857K(4352K)->2857K(4352K) Class: 305K(512K)->305K(512K)
[2026-06-17T09:51:21.689+0800][41.567s][info][gc             ] GC(950) Pause Young (Allocation Failure) 52M->36M(61M) 3.755ms
[2026-06-17T09:51:21.689+0800][41.567s][info][gc,cpu         ] GC(950) User=0.00s Sys=0.00s Real=0.00s
[2026-06-17T09:51:21.744+0800][41.622s][info][gc,start       ] GC(951) Pause Young (Allocation Failure)
[2026-06-17T09:51:21.746+0800][41.624s][info][gc,heap        ] GC(951) DefNew: 19464K->2140K(19648K)
[2026-06-17T09:51:21.747+0800][41.625s][info][gc,heap        ] GC(951) Tenured: 35100K->38367K(43712K)
[2026-06-17T09:51:21.747+0800][41.625s][info][gc,metaspace   ] GC(951) Metaspace: 3162K(4864K)->3162K(4864K) NonClass: 2857K(4352K)->2857K(4352K) Class: 305K(512K)->305K(512K)
[2026-06-17T09:51:21.748+0800][41.626s][info][gc             ] GC(951) Pause Young (Allocation Failure) 53M->39M(61M) 3.461ms
[2026-06-17T09:51:21.749+0800][41.627s][info][gc,cpu         ] GC(951) User=0.00s Sys=0.00s Real=0.00s
[2026-06-17T09:51:21.781+0800][41.659s][info][gc,start       ] GC(952) Pause Young (Allocation Failure)
[2026-06-17T09:51:21.782+0800][41.660s][info][gc,start       ] GC(953) Pause Full (Allocation Failure)
[2026-06-17T09:51:21.782+0800][41.660s][info][gc,phases,start] GC(953) Phase 1: Mark live objects
[2026-06-17T09:51:21.784+0800][41.662s][info][gc,phases      ] GC(953) Phase 1: Mark live objects 1.255ms
[2026-06-17T09:51:21.784+0800][41.662s][info][gc,phases,start] GC(953) Phase 2: Compute new object addresses
[2026-06-17T09:51:21.785+0800][41.663s][info][gc,phases      ] GC(953) Phase 2: Compute new object addresses 0.586ms
[2026-06-17T09:51:21.785+0800][41.663s][info][gc,phases,start] GC(953) Phase 3: Adjust pointers
[2026-06-17T09:51:21.786+0800][41.664s][info][gc,phases      ] GC(953) Phase 3: Adjust pointers 0.567ms
[2026-06-17T09:51:21.786+0800][41.664s][info][gc,phases,start] GC(953) Phase 4: Move objects
[2026-06-17T09:51:21.788+0800][41.666s][info][gc,phases      ] GC(953) Phase 4: Move objects 2.381ms
[2026-06-17T09:51:21.789+0800][41.667s][info][gc             ] GC(953) Pause Full (Allocation Failure) 55M->27M(61M) 6.686ms
[2026-06-17T09:51:21.789+0800][41.667s][info][gc,heap        ] GC(952) DefNew: 18922K->0K(19648K)
[2026-06-17T09:51:21.789+0800][41.667s][info][gc,heap        ] GC(952) Tenured: 38367K->28198K(43712K)
[2026-06-17T09:51:21.789+0800][41.667s][info][gc,metaspace   ] GC(952) Metaspace: 3162K(4864K)->3162K(4864K) NonClass: 2857K(4352K)->2857K(4352K) Class: 305K(512K)->305K(512K)
[2026-06-17T09:51:21.789+0800][41.667s][info][gc             ] GC(952) Pause Young (Allocation Failure) 55M->27M(61M) 7.867ms
[2026-06-17T09:51:21.789+0800][41.667s][info][gc,cpu         ] GC(952) User=0.01s Sys=0.00s Real=0.01s
[2026-06-17T09:51:21.833+0800][41.711s][info][gc,start       ] GC(954) Pause Young (Allocation Failure)
[2026-06-17T09:51:21.835+0800][41.713s][info][gc,heap        ] GC(954) DefNew: 17290K->2139K(19648K)
[2026-06-17T09:51:21.836+0800][41.714s][info][gc,heap        ] GC(954) Tenured: 28198K->29105K(43712K)
[2026-06-17T09:51:21.836+0800][41.714s][info][gc,metaspace   ] GC(954) Metaspace: 3162K(4864K)->3162K(4864K) NonClass: 2857K(4352K)->2857K(4352K) Class: 305K(512K)->305K(512K)
[2026-06-17T09:51:21.837+0800][41.715s][info][gc             ] GC(954) Pause Young (Allocation Failure) 44M->30M(61M) 3.952ms
[2026-06-17T09:51:21.837+0800][41.715s][info][gc,cpu         ] GC(954) User=0.00s Sys=0.00s Real=0.00s
[2026-06-17T09:51:21.882+0800][41.760s][info][gc,start       ] GC(955) Pause Young (Allocation Failure)
[2026-06-17T09:51:21.885+0800][41.763s][info][gc,heap        ] GC(955) DefNew: 19560K->2166K(19648K)
[2026-06-17T09:51:21.886+0800][41.764s][info][gc,heap        ] GC(955) Tenured: 29105K->36041K(43712K)
[2026-06-17T09:51:21.886+0800][41.764s][info][gc,metaspace   ] GC(955) Metaspace: 3162K(4864K)->3162K(4864K) NonClass: 2857K(4352K)->2857K(4352K) Class: 305K(512K)->305K(512K)
[2026-06-17T09:51:21.887+0800][41.765s][info][gc             ] GC(955) Pause Young (Allocation Failure) 47M->37M(61M) 4.492ms
[2026-06-17T09:51:21.887+0800][41.765s][info][gc,cpu         ] GC(955) User=0.01s Sys=0.00s Real=0.01s
[2026-06-17T09:51:21.942+0800][41.820s][info][gc,start       ] GC(956) Pause Young (Allocation Failure)
[2026-06-17T09:51:21.944+0800][41.822s][info][gc,heap        ] GC(956) DefNew: 19629K->2166K(19648K)
[2026-06-17T09:51:21.944+0800][41.822s][info][gc,heap        ] GC(956) Tenured: 36041K->37249K(43712K)
[2026-06-17T09:51:21.945+0800][41.823s][info][gc,metaspace   ] GC(956) Metaspace: 3162K(4864K)->3162K(4864K) NonClass: 2857K(4352K)->2857K(4352K) Class: 305K(512K)->305K(512K)
[2026-06-17T09:51:21.946+0800][41.824s][info][gc             ] GC(956) Pause Young (Allocation Failure) 54M->38M(61M) 4.115ms
[2026-06-17T09:51:21.946+0800][41.824s][info][gc,cpu         ] GC(956) User=0.00s Sys=0.00s Real=0.01s
[2026-06-17T09:51:21.979+0800][41.857s][info][gc,start       ] GC(957) Pause Young (Allocation Failure)
[2026-06-17T09:51:21.980+0800][41.858s][info][gc,start       ] GC(958) Pause Full (Allocation Failure)
[2026-06-17T09:51:21.982+0800][41.861s][info][gc,phases,start] GC(958) Phase 1: Mark live objects
[2026-06-17T09:51:21.985+0800][41.863s][info][gc,phases      ] GC(958) Phase 1: Mark live objects 2.065ms
[2026-06-17T09:51:21.985+0800][41.863s][info][gc,phases,start] GC(958) Phase 2: Compute new object addresses
[2026-06-17T09:51:21.986+0800][41.864s][info][gc,phases      ] GC(958) Phase 2: Compute new object addresses 0.696ms
[2026-06-17T09:51:21.987+0800][41.865s][info][gc,phases,start] GC(958) Phase 3: Adjust pointers
[2026-06-17T09:51:21.987+0800][41.865s][info][gc,phases      ] GC(958) Phase 3: Adjust pointers 0.821ms
[2026-06-17T09:51:21.988+0800][41.866s][info][gc,phases,start] GC(958) Phase 4: Move objects
[2026-06-17T09:51:21.990+0800][41.868s][info][gc,phases      ] GC(958) Phase 4: Move objects 2.019ms
[2026-06-17T09:51:21.990+0800][41.869s][info][gc             ] GC(958) Pause Full (Allocation Failure) 55M->31M(61M) 10.739ms
[2026-06-17T09:51:21.991+0800][41.869s][info][gc,heap        ] GC(957) DefNew: 19381K->0K(19648K)
[2026-06-17T09:51:21.991+0800][41.869s][info][gc,heap        ] GC(957) Tenured: 37249K->32159K(43712K)
[2026-06-17T09:51:21.991+0800][41.869s][info][gc,metaspace   ] GC(957) Metaspace: 3162K(4864K)->3162K(4864K) NonClass: 2857K(4352K)->2857K(4352K) Class: 305K(512K)->305K(512K)
[2026-06-17T09:51:21.991+0800][41.869s][info][gc             ] GC(957) Pause Young (Allocation Failure) 55M->31M(61M) 12.049ms
[2026-06-17T09:51:21.991+0800][41.869s][info][gc,cpu         ] GC(957) User=0.01s Sys=0.00s Real=0.02s
[2026-06-17T09:51:22.034+0800][41.912s][info][gc,start       ] GC(959) Pause Young (Allocation Failure)
[2026-06-17T09:51:22.036+0800][41.914s][info][gc,heap        ] GC(959) DefNew: 17458K->2171K(19648K)
[2026-06-17T09:51:22.037+0800][41.915s][info][gc,heap        ] GC(959) Tenured: 32159K->37106K(43712K)
[2026-06-17T09:51:22.037+0800][41.915s][info][gc,metaspace   ] GC(959) Metaspace: 3162K(4864K)->3162K(4864K) NonClass: 2857K(4352K)->2857K(4352K) Class: 305K(512K)->305K(512K)
[2026-06-17T09:51:22.038+0800][41.916s][info][gc             ] GC(959) Pause Young (Allocation Failure) 48M->38M(61M) 3.984ms
[2026-06-17T09:51:22.039+0800][41.917s][info][gc,cpu         ] GC(959) User=0.00s Sys=0.00s Real=0.00s
[2026-06-17T09:51:22.091+0800][41.969s][info][gc,start       ] GC(960) Pause Young (Allocation Failure)
[2026-06-17T09:51:22.092+0800][41.970s][info][gc,start       ] GC(961) Pause Full (Allocation Failure)
[2026-06-17T09:51:22.093+0800][41.971s][info][gc,phases,start] GC(961) Phase 1: Mark live objects
[2026-06-17T09:51:22.094+0800][41.972s][info][gc,phases      ] GC(961) Phase 1: Mark live objects 1.202ms
[2026-06-17T09:51:22.094+0800][41.973s][info][gc,phases,start] GC(961) Phase 2: Compute new object addresses
[2026-06-17T09:51:22.095+0800][41.973s][info][gc,phases      ] GC(961) Phase 2: Compute new object addresses 0.895ms
[2026-06-17T09:51:22.096+0800][41.974s][info][gc,phases,start] GC(961) Phase 3: Adjust pointers
[2026-06-17T09:51:22.097+0800][41.975s][info][gc,phases      ] GC(961) Phase 3: Adjust pointers 0.915ms
[2026-06-17T09:51:22.098+0800][41.976s][info][gc,phases,start] GC(961) Phase 4: Move objects
[2026-06-17T09:51:22.100+0800][41.978s][info][gc,phases      ] GC(961) Phase 4: Move objects 2.353ms
[2026-06-17T09:51:22.101+0800][41.979s][info][gc             ] GC(961) Pause Full (Allocation Failure) 55M->29M(61M) 8.500ms
[2026-06-17T09:51:22.101+0800][41.979s][info][gc,heap        ] GC(960) DefNew: 19643K->0K(19648K)
[2026-06-17T09:51:22.101+0800][41.979s][info][gc,heap        ] GC(960) Tenured: 37106K->29833K(43712K)
[2026-06-17T09:51:22.102+0800][41.980s][info][gc,metaspace   ] GC(960) Metaspace: 3162K(4864K)->3162K(4864K) NonClass: 2857K(4352K)->2857K(4352K) Class: 305K(512K)->305K(512K)
[2026-06-17T09:51:22.102+0800][41.980s][info][gc             ] GC(960) Pause Young (Allocation Failure) 55M->29M(61M) 10.568ms
[2026-06-17T09:51:22.102+0800][41.980s][info][gc,cpu         ] GC(960) User=0.01s Sys=0.00s Real=0.00s
[2026-06-17T09:51:22.145+0800][42.023s][info][gc,start       ] GC(962) Pause Young (Allocation Failure)
[2026-06-17T09:51:22.146+0800][42.024s][info][gc,heap        ] GC(962) DefNew: 17472K->2175K(19648K)
[2026-06-17T09:51:22.147+0800][42.025s][info][gc,heap        ] GC(962) Tenured: 29833K->35055K(43712K)
[2026-06-17T09:51:22.147+0800][42.025s][info][gc,metaspace   ] GC(962) Metaspace: 3162K(4864K)->3162K(4864K) NonClass: 2857K(4352K)->2857K(4352K) Class: 305K(512K)->305K(512K)
[2026-06-17T09:51:22.148+0800][42.026s][info][gc             ] GC(962) Pause Young (Allocation Failure) 46M->36M(61M) 2.999ms
[2026-06-17T09:51:22.148+0800][42.026s][info][gc,cpu         ] GC(962) User=0.00s Sys=0.00s Real=0.00s
[2026-06-17T09:51:22.192+0800][42.070s][info][gc,start       ] GC(963) Pause Young (Allocation Failure)
[2026-06-17T09:51:22.194+0800][42.072s][info][gc,heap        ] GC(963) DefNew: 19635K->2167K(19648K)
[2026-06-17T09:51:22.195+0800][42.073s][info][gc,heap        ] GC(963) Tenured: 35055K->39185K(43712K)
[2026-06-17T09:51:22.196+0800][42.074s][info][gc,metaspace   ] GC(963) Metaspace: 3162K(4864K)->3162K(4864K) NonClass: 2857K(4352K)->2857K(4352K) Class: 305K(512K)->305K(512K)
[2026-06-17T09:51:22.196+0800][42.074s][info][gc             ] GC(963) Pause Young (Allocation Failure) 53M->40M(61M) 4.299ms
[2026-06-17T09:51:22.197+0800][42.075s][info][gc,cpu         ] GC(963) User=0.00s Sys=0.00s Real=0.00s
[2026-06-17T09:51:22.241+0800][42.119s][info][gc,start       ] GC(964) Pause Young (Allocation Failure)
[2026-06-17T09:51:22.241+0800][42.120s][info][gc,start       ] GC(965) Pause Full (Allocation Failure)
[2026-06-17T09:51:22.243+0800][42.121s][info][gc,phases,start] GC(965) Phase 1: Mark live objects
[2026-06-17T09:51:22.244+0800][42.123s][info][gc,phases      ] GC(965) Phase 1: Mark live objects 1.955ms
[2026-06-17T09:51:22.245+0800][42.123s][info][gc,phases,start] GC(965) Phase 2: Compute new object addresses
[2026-06-17T09:51:22.246+0800][42.124s][info][gc,phases      ] GC(965) Phase 2: Compute new object addresses 1.015ms
[2026-06-17T09:51:22.247+0800][42.125s][info][gc,phases,start] GC(965) Phase 3: Adjust pointers
[2026-06-17T09:51:22.248+0800][42.126s][info][gc,phases      ] GC(965) Phase 3: Adjust pointers 0.846ms
[2026-06-17T09:51:22.249+0800][42.128s][info][gc,phases,start] GC(965) Phase 4: Move objects
[2026-06-17T09:51:22.253+0800][42.131s][info][gc,phases      ] GC(965) Phase 4: Move objects 3.382ms
[2026-06-17T09:51:22.254+0800][42.132s][info][gc             ] GC(965) Pause Full (Allocation Failure) 57M->31M(61M) 12.200ms
[2026-06-17T09:51:22.254+0800][42.132s][info][gc,heap        ] GC(964) DefNew: 19639K->0K(19648K)
[2026-06-17T09:51:22.255+0800][42.133s][info][gc,heap        ] GC(964) Tenured: 39185K->32097K(43712K)
[2026-06-17T09:51:22.255+0800][42.133s][info][gc,metaspace   ] GC(964) Metaspace: 3162K(4864K)->3162K(4864K) NonClass: 2857K(4352K)->2857K(4352K) Class: 305K(512K)->305K(512K)
[2026-06-17T09:51:22.256+0800][42.134s][info][gc             ] GC(964) Pause Young (Allocation Failure) 57M->31M(61M) 15.469ms
[2026-06-17T09:51:22.257+0800][42.135s][info][gc,cpu         ] GC(964) User=0.01s Sys=0.00s Real=0.02s
[2026-06-17T09:51:22.301+0800][42.179s][info][gc,start       ] GC(966) Pause Young (Allocation Failure)
[2026-06-17T09:51:22.304+0800][42.182s][info][gc,heap        ] GC(966) DefNew: 17469K->2174K(19648K)
[2026-06-17T09:51:22.305+0800][42.183s][info][gc,heap        ] GC(966) Tenured: 32097K->37423K(43712K)
[2026-06-17T09:51:22.306+0800][42.184s][info][gc,metaspace   ] GC(966) Metaspace: 3162K(4864K)->3162K(4864K) NonClass: 2857K(4352K)->2857K(4352K) Class: 305K(512K)->305K(512K)
[2026-06-17T09:51:22.307+0800][42.185s][info][gc             ] GC(966) Pause Young (Allocation Failure) 48M->38M(61M) 6.039ms
[2026-06-17T09:51:22.308+0800][42.186s][info][gc,cpu         ] GC(966) User=0.00s Sys=0.00s Real=0.01s
[2026-06-17T09:51:22.362+0800][42.240s][info][gc,start       ] GC(967) Pause Young (Allocation Failure)
[2026-06-17T09:51:22.362+0800][42.240s][info][gc,start       ] GC(968) Pause Full (Allocation Failure)
[2026-06-17T09:51:22.363+0800][42.241s][info][gc,phases,start] GC(968) Phase 1: Mark live objects
[2026-06-17T09:51:22.364+0800][42.242s][info][gc,phases      ] GC(968) Phase 1: Mark live objects 1.420ms
[2026-06-17T09:51:22.365+0800][42.243s][info][gc,phases,start] GC(968) Phase 2: Compute new object addresses
[2026-06-17T09:51:22.366+0800][42.244s][info][gc,phases      ] GC(968) Phase 2: Compute new object addresses 0.835ms
[2026-06-17T09:51:22.366+0800][42.244s][info][gc,phases,start] GC(968) Phase 3: Adjust pointers
[2026-06-17T09:51:22.367+0800][42.245s][info][gc,phases      ] GC(968) Phase 3: Adjust pointers 1.084ms
[2026-06-17T09:51:22.368+0800][42.246s][info][gc,phases,start] GC(968) Phase 4: Move objects
[2026-06-17T09:51:22.369+0800][42.247s][info][gc,phases      ] GC(968) Phase 4: Move objects 1.356ms
[2026-06-17T09:51:22.370+0800][42.248s][info][gc             ] GC(968) Pause Full (Allocation Failure) 55M->35M(61M) 7.563ms
[2026-06-17T09:51:22.372+0800][42.250s][info][gc,heap        ] GC(967) DefNew: 19626K->0K(19648K)
[2026-06-17T09:51:22.372+0800][42.250s][info][gc,heap        ] GC(967) Tenured: 37423K->35964K(43712K)
[2026-06-17T09:51:22.372+0800][42.250s][info][gc,metaspace   ] GC(967) Metaspace: 3162K(4864K)->3162K(4864K) NonClass: 2857K(4352K)->2857K(4352K) Class: 305K(512K)->305K(512K)
[2026-06-17T09:51:22.373+0800][42.251s][info][gc             ] GC(967) Pause Young (Allocation Failure) 55M->35M(61M) 11.469ms
[2026-06-17T09:51:22.373+0800][42.252s][info][gc,cpu         ] GC(967) User=0.00s Sys=0.00s Real=0.02s
[2026-06-17T09:51:22.417+0800][42.295s][info][gc,start       ] GC(969) Pause Young (Allocation Failure)
[2026-06-17T09:51:22.420+0800][42.298s][info][gc,heap        ] GC(969) DefNew: 17472K->2173K(19648K)
[2026-06-17T09:51:22.420+0800][42.298s][info][gc,heap        ] GC(969) Tenured: 35964K->41270K(43712K)
[2026-06-17T09:51:22.421+0800][42.299s][info][gc,metaspace   ] GC(969) Metaspace: 3162K(4864K)->3162K(4864K) NonClass: 2857K(4352K)->2857K(4352K) Class: 305K(512K)->305K(512K)
[2026-06-17T09:51:22.423+0800][42.301s][info][gc             ] GC(969) Pause Young (Allocation Failure) 52M->42M(61M) 6.253ms
[2026-06-17T09:51:22.424+0800][42.302s][info][gc,cpu         ] GC(969) User=0.00s Sys=0.00s Real=0.01s
[2026-06-17T09:51:22.467+0800][42.345s][info][gc,start       ] GC(970) Pause Young (Allocation Failure)
[2026-06-17T09:51:22.470+0800][42.348s][info][gc,start       ] GC(971) Pause Full (Allocation Failure)
[2026-06-17T09:51:22.473+0800][42.351s][info][gc,phases,start] GC(971) Phase 1: Mark live objects
[2026-06-17T09:51:22.476+0800][42.354s][info][gc,phases      ] GC(971) Phase 1: Mark live objects 2.572ms
[2026-06-17T09:51:22.479+0800][42.357s][info][gc,phases,start] GC(971) Phase 2: Compute new object addresses
[2026-06-17T09:51:22.481+0800][42.359s][info][gc,phases      ] GC(971) Phase 2: Compute new object addresses 1.989ms
[2026-06-17T09:51:22.482+0800][42.360s][info][gc,phases,start] GC(971) Phase 3: Adjust pointers
[2026-06-17T09:51:22.483+0800][42.361s][info][gc,phases      ] GC(971) Phase 3: Adjust pointers 0.776ms
[2026-06-17T09:51:22.483+0800][42.361s][info][gc,phases,start] GC(971) Phase 4: Move objects
[2026-06-17T09:51:22.486+0800][42.364s][info][gc,phases      ] GC(971) Phase 4: Move objects 2.218ms
[2026-06-17T09:51:22.486+0800][42.364s][info][gc             ] GC(971) Pause Full (Allocation Failure) 59M->24M(61M) 16.394ms
[2026-06-17T09:51:22.486+0800][42.364s][info][gc,heap        ] GC(970) DefNew: 19645K->0K(19648K)
[2026-06-17T09:51:22.486+0800][42.364s][info][gc,heap        ] GC(970) Tenured: 41270K->25475K(43712K)
[2026-06-17T09:51:22.486+0800][42.364s][info][gc,metaspace   ] GC(970) Metaspace: 3162K(4864K)->3162K(4864K) NonClass: 2857K(4352K)->2857K(4352K) Class: 305K(512K)->305K(512K)
[2026-06-17T09:51:22.486+0800][42.365s][info][gc             ] GC(970) Pause Young (Allocation Failure) 59M->24M(61M) 19.114ms
[2026-06-17T09:51:22.487+0800][42.365s][info][gc,cpu         ] GC(970) User=0.00s Sys=0.00s Real=0.02s
[2026-06-17T09:51:22.530+0800][42.408s][info][gc,start       ] GC(972) Pause Young (Allocation Failure)
[2026-06-17T09:51:22.531+0800][42.409s][info][gc,heap        ] GC(972) DefNew: 17472K->2171K(19648K)
[2026-06-17T09:51:22.531+0800][42.409s][info][gc,heap        ] GC(972) Tenured: 25475K->30417K(43712K)
[2026-06-17T09:51:22.531+0800][42.409s][info][gc,metaspace   ] GC(972) Metaspace: 3162K(4864K)->3162K(4864K) NonClass: 2857K(4352K)->2857K(4352K) Class: 305K(512K)->305K(512K)
[2026-06-17T09:51:22.531+0800][42.409s][info][gc             ] GC(972) Pause Young (Allocation Failure) 41M->31M(61M) 1.801ms
[2026-06-17T09:51:22.531+0800][42.409s][info][gc,cpu         ] GC(972) User=0.00s Sys=0.00s Real=0.01s
[2026-06-17T09:51:22.573+0800][42.451s][info][gc,start       ] GC(973) Pause Young (Allocation Failure)
[2026-06-17T09:51:22.574+0800][42.453s][info][gc,heap        ] GC(973) DefNew: 19635K->2172K(19648K)
[2026-06-17T09:51:22.575+0800][42.453s][info][gc,heap        ] GC(973) Tenured: 30417K->36957K(43712K)
[2026-06-17T09:51:22.575+0800][42.453s][info][gc,metaspace   ] GC(973) Metaspace: 3162K(4864K)->3162K(4864K) NonClass: 2857K(4352K)->2857K(4352K) Class: 305K(512K)->305K(512K)
[2026-06-17T09:51:22.575+0800][42.453s][info][gc             ] GC(973) Pause Young (Allocation Failure) 48M->38M(61M) 1.718ms
[2026-06-17T09:51:22.575+0800][42.453s][info][gc,cpu         ] GC(973) User=0.00s Sys=0.00s Real=0.00s
[2026-06-17T09:51:22.627+0800][42.505s][info][gc,start       ] GC(974) Pause Young (Allocation Failure)
[2026-06-17T09:51:22.629+0800][42.507s][info][gc,start       ] GC(975) Pause Full (Allocation Failure)
[2026-06-17T09:51:22.629+0800][42.507s][info][gc,phases,start] GC(975) Phase 1: Mark live objects
[2026-06-17T09:51:22.632+0800][42.510s][info][gc,phases      ] GC(975) Phase 1: Mark live objects 2.558ms
[2026-06-17T09:51:22.633+0800][42.511s][info][gc,phases,start] GC(975) Phase 2: Compute new object addresses
[2026-06-17T09:51:22.634+0800][42.512s][info][gc,phases      ] GC(975) Phase 2: Compute new object addresses 0.778ms
[2026-06-17T09:51:22.636+0800][42.514s][info][gc,phases,start] GC(975) Phase 3: Adjust pointers
[2026-06-17T09:51:22.638+0800][42.516s][info][gc,phases      ] GC(975) Phase 3: Adjust pointers 1.660ms
[2026-06-17T09:51:22.639+0800][42.517s][info][gc,phases,start] GC(975) Phase 4: Move objects
[2026-06-17T09:51:22.641+0800][42.519s][info][gc,phases      ] GC(975) Phase 4: Move objects 2.072ms
[2026-06-17T09:51:22.641+0800][42.519s][info][gc             ] GC(975) Pause Full (Allocation Failure) 55M->21M(61M) 12.590ms
[2026-06-17T09:51:22.643+0800][42.521s][info][gc,heap        ] GC(974) DefNew: 19644K->0K(19648K)
[2026-06-17T09:51:22.645+0800][42.523s][info][gc,heap        ] GC(974) Tenured: 36957K->21822K(43712K)
[2026-06-17T09:51:22.645+0800][42.523s][info][gc,metaspace   ] GC(974) Metaspace: 3162K(4864K)->3162K(4864K) NonClass: 2857K(4352K)->2857K(4352K) Class: 305K(512K)->305K(512K)
[2026-06-17T09:51:22.646+0800][42.524s][info][gc             ] GC(974) Pause Young (Allocation Failure) 55M->21M(61M) 18.350ms
[2026-06-17T09:51:22.648+0800][42.526s][info][gc,cpu         ] GC(974) User=0.00s Sys=0.00s Real=0.02s
[2026-06-17T09:51:22.681+0800][42.559s][info][gc,start       ] GC(976) Pause Young (Allocation Failure)
[2026-06-17T09:51:22.683+0800][42.561s][info][gc,heap        ] GC(976) DefNew: 17306K->2173K(19648K)
[2026-06-17T09:51:22.683+0800][42.561s][info][gc,heap        ] GC(976) Tenured: 21822K->26407K(43712K)
[2026-06-17T09:51:22.686+0800][42.564s][info][gc,metaspace   ] GC(976) Metaspace: 3162K(4864K)->3162K(4864K) NonClass: 2857K(4352K)->2857K(4352K) Class: 305K(512K)->305K(512K)
[2026-06-17T09:51:22.688+0800][42.566s][info][gc             ] GC(976) Pause Young (Allocation Failure) 38M->27M(61M) 6.998ms
[2026-06-17T09:51:22.690+0800][42.568s][info][gc,cpu         ] GC(976) User=0.00s Sys=0.00s Real=0.01s
[2026-06-17T09:51:22.744+0800][42.622s][info][gc,start       ] GC(977) Pause Young (Allocation Failure)
[2026-06-17T09:51:22.746+0800][42.624s][info][gc,heap        ] GC(977) DefNew: 19609K->2173K(19648K)
[2026-06-17T09:51:22.747+0800][42.625s][info][gc,heap        ] GC(977) Tenured: 26407K->29758K(43712K)
[2026-06-17T09:51:22.749+0800][42.627s][info][gc,metaspace   ] GC(977) Metaspace: 3162K(4864K)->3162K(4864K) NonClass: 2857K(4352K)->2857K(4352K) Class: 305K(512K)->305K(512K)
[2026-06-17T09:51:22.751+0800][42.629s][info][gc             ] GC(977) Pause Young (Allocation Failure) 44M->31M(61M) 7.449ms
[2026-06-17T09:51:22.753+0800][42.631s][info][gc,cpu         ] GC(977) User=0.00s Sys=0.00s Real=0.01s
[2026-06-17T09:51:22.796+0800][42.674s][info][gc,start       ] GC(978) Pause Young (Allocation Failure)
[2026-06-17T09:51:22.798+0800][42.676s][info][gc,heap        ] GC(978) DefNew: 19610K->2092K(19648K)
[2026-06-17T09:51:22.800+0800][42.678s][info][gc,heap        ] GC(978) Tenured: 29758K->33438K(43712K)
[2026-06-17T09:51:22.801+0800][42.679s][info][gc,metaspace   ] GC(978) Metaspace: 3162K(4864K)->3162K(4864K) NonClass: 2857K(4352K)->2857K(4352K) Class: 305K(512K)->305K(512K)
[2026-06-17T09:51:22.801+0800][42.679s][info][gc             ] GC(978) Pause Young (Allocation Failure) 48M->34M(61M) 5.065ms
[2026-06-17T09:51:22.803+0800][42.681s][info][gc,cpu         ] GC(978) User=0.00s Sys=0.00s Real=0.01s
[2026-06-17T09:51:22.848+0800][42.726s][info][gc,start       ] GC(979) Pause Young (Allocation Failure)
[2026-06-17T09:51:22.849+0800][42.727s][info][gc,heap        ] GC(979) DefNew: 19545K->2114K(19648K)
[2026-06-17T09:51:22.850+0800][42.728s][info][gc,heap        ] GC(979) Tenured: 33438K->37232K(43712K)
[2026-06-17T09:51:22.851+0800][42.729s][info][gc,metaspace   ] GC(979) Metaspace: 3162K(4864K)->3162K(4864K) NonClass: 2857K(4352K)->2857K(4352K) Class: 305K(512K)->305K(512K)
[2026-06-17T09:51:22.851+0800][42.729s][info][gc             ] GC(979) Pause Young (Allocation Failure) 51M->38M(61M) 3.336ms
[2026-06-17T09:51:22.852+0800][42.730s][info][gc,cpu         ] GC(979) User=0.00s Sys=0.00s Real=0.01s
[2026-06-17T09:51:22.894+0800][42.772s][info][gc,start       ] GC(980) Pause Young (Allocation Failure)
[2026-06-17T09:51:22.895+0800][42.773s][info][gc,start       ] GC(981) Pause Full (Allocation Failure)
[2026-06-17T09:51:22.895+0800][42.773s][info][gc,phases,start] GC(981) Phase 1: Mark live objects
[2026-06-17T09:51:22.897+0800][42.775s][info][gc,phases      ] GC(981) Phase 1: Mark live objects 1.265ms
[2026-06-17T09:51:22.897+0800][42.775s][info][gc,phases,start] GC(981) Phase 2: Compute new object addresses
[2026-06-17T09:51:22.898+0800][42.776s][info][gc,phases      ] GC(981) Phase 2: Compute new object addresses 0.613ms
[2026-06-17T09:51:22.898+0800][42.776s][info][gc,phases,start] GC(981) Phase 3: Adjust pointers
[2026-06-17T09:51:22.899+0800][42.777s][info][gc,phases      ] GC(981) Phase 3: Adjust pointers 0.656ms
[2026-06-17T09:51:22.899+0800][42.777s][info][gc,phases,start] GC(981) Phase 4: Move objects
[2026-06-17T09:51:22.901+0800][42.779s][info][gc,phases      ] GC(981) Phase 4: Move objects 2.454ms
[2026-06-17T09:51:22.902+0800][42.780s][info][gc             ] GC(981) Pause Full (Allocation Failure) 55M->28M(61M) 6.752ms
[2026-06-17T09:51:22.902+0800][42.780s][info][gc,heap        ] GC(980) DefNew: 19565K->0K(19648K)
[2026-06-17T09:51:22.902+0800][42.780s][info][gc,heap        ] GC(980) Tenured: 37232K->29177K(43712K)
[2026-06-17T09:51:22.902+0800][42.780s][info][gc,metaspace   ] GC(980) Metaspace: 3162K(4864K)->3162K(4864K) NonClass: 2857K(4352K)->2857K(4352K) Class: 305K(512K)->305K(512K)
[2026-06-17T09:51:22.902+0800][42.780s][info][gc             ] GC(980) Pause Young (Allocation Failure) 55M->28M(61M) 8.042ms
[2026-06-17T09:51:22.902+0800][42.781s][info][gc,cpu         ] GC(980) User=0.01s Sys=0.00s Real=0.01s
[2026-06-17T09:51:22.945+0800][42.823s][info][gc,start       ] GC(982) Pause Young (Allocation Failure)
[2026-06-17T09:51:22.946+0800][42.824s][info][gc,heap        ] GC(982) DefNew: 17370K->2054K(19648K)
[2026-06-17T09:51:22.946+0800][42.824s][info][gc,heap        ] GC(982) Tenured: 29177K->30553K(43712K)
[2026-06-17T09:51:22.947+0800][42.825s][info][gc,metaspace   ] GC(982) Metaspace: 3162K(4864K)->3162K(4864K) NonClass: 2857K(4352K)->2857K(4352K) Class: 305K(512K)->305K(512K)
[2026-06-17T09:51:22.947+0800][42.825s][info][gc             ] GC(982) Pause Young (Allocation Failure) 45M->31M(61M) 2.068ms
[2026-06-17T09:51:22.947+0800][42.825s][info][gc,cpu         ] GC(982) User=0.00s Sys=0.00s Real=0.00s
[2026-06-17T09:51:23.000+0800][42.878s][info][gc,start       ] GC(983) Pause Young (Allocation Failure)
[2026-06-17T09:51:23.002+0800][42.880s][info][gc,heap        ] GC(983) DefNew: 19526K->2088K(19648K)
[2026-06-17T09:51:23.003+0800][42.881s][info][gc,heap        ] GC(983) Tenured: 30553K->34275K(43712K)
[2026-06-17T09:51:23.005+0800][42.883s][info][gc,metaspace   ] GC(983) Metaspace: 3162K(4864K)->3162K(4864K) NonClass: 2857K(4352K)->2857K(4352K) Class: 305K(512K)->305K(512K)
[2026-06-17T09:51:23.006+0800][42.884s][info][gc             ] GC(983) Pause Young (Allocation Failure) 48M->35M(61M) 5.437ms
[2026-06-17T09:51:23.008+0800][42.886s][info][gc,cpu         ] GC(983) User=0.00s Sys=0.00s Real=0.01s
[2026-06-17T09:51:23.053+0800][42.931s][info][gc,start       ] GC(984) Pause Young (Allocation Failure)
[2026-06-17T09:51:23.055+0800][42.933s][info][gc,heap        ] GC(984) DefNew: 19560K->2168K(19648K)
[2026-06-17T09:51:23.056+0800][42.934s][info][gc,heap        ] GC(984) Tenured: 34275K->38190K(43712K)
[2026-06-17T09:51:23.057+0800][42.935s][info][gc,metaspace   ] GC(984) Metaspace: 3162K(4864K)->3162K(4864K) NonClass: 2857K(4352K)->2857K(4352K) Class: 305K(512K)->305K(512K)
[2026-06-17T09:51:23.059+0800][42.937s][info][gc             ] GC(984) Pause Young (Allocation Failure) 52M->39M(61M) 6.179ms
[2026-06-17T09:51:23.060+0800][42.938s][info][gc,cpu         ] GC(984) User=0.01s Sys=0.00s Real=0.00s
[2026-06-17T09:51:23.105+0800][42.983s][info][gc,start       ] GC(985) Pause Young (Allocation Failure)
[2026-06-17T09:51:23.105+0800][42.984s][info][gc,start       ] GC(986) Pause Full (Allocation Failure)
[2026-06-17T09:51:23.106+0800][42.984s][info][gc,phases,start] GC(986) Phase 1: Mark live objects
[2026-06-17T09:51:23.108+0800][42.986s][info][gc,phases      ] GC(986) Phase 1: Mark live objects 1.952ms
[2026-06-17T09:51:23.108+0800][42.987s][info][gc,phases,start] GC(986) Phase 2: Compute new object addresses
[2026-06-17T09:51:23.109+0800][42.987s][info][gc,phases      ] GC(986) Phase 2: Compute new object addresses 0.674ms
[2026-06-17T09:51:23.109+0800][42.987s][info][gc,phases,start] GC(986) Phase 3: Adjust pointers
[2026-06-17T09:51:23.110+0800][42.988s][info][gc,phases      ] GC(986) Phase 3: Adjust pointers 0.791ms
[2026-06-17T09:51:23.110+0800][42.989s][info][gc,phases,start] GC(986) Phase 4: Move objects
[2026-06-17T09:51:23.114+0800][42.992s][info][gc,phases      ] GC(986) Phase 4: Move objects 3.393ms
[2026-06-17T09:51:23.114+0800][42.992s][info][gc             ] GC(986) Pause Full (Allocation Failure) 56M->30M(61M) 8.859ms
[2026-06-17T09:51:23.115+0800][42.993s][info][gc,heap        ] GC(985) DefNew: 19620K->0K(19648K)
[2026-06-17T09:51:23.115+0800][42.993s][info][gc,heap        ] GC(985) Tenured: 38190K->31325K(43712K)
[2026-06-17T09:51:23.115+0800][42.993s][info][gc,metaspace   ] GC(985) Metaspace: 3162K(4864K)->3162K(4864K) NonClass: 2857K(4352K)->2857K(4352K) Class: 305K(512K)->305K(512K)
[2026-06-17T09:51:23.115+0800][42.993s][info][gc             ] GC(985) Pause Young (Allocation Failure) 56M->30M(61M) 10.276ms
[2026-06-17T09:51:23.115+0800][42.993s][info][gc,cpu         ] GC(985) User=0.00s Sys=0.00s Real=0.01s
[2026-06-17T09:51:23.159+0800][43.037s][info][gc,start       ] GC(987) Pause Young (Allocation Failure)
[2026-06-17T09:51:23.161+0800][43.039s][info][gc,heap        ] GC(987) DefNew: 17472K->2175K(19648K)
[2026-06-17T09:51:23.161+0800][43.039s][info][gc,heap        ] GC(987) Tenured: 31325K->36465K(43712K)
[2026-06-17T09:51:23.162+0800][43.040s][info][gc,metaspace   ] GC(987) Metaspace: 3162K(4864K)->3162K(4864K) NonClass: 2857K(4352K)->2857K(4352K) Class: 305K(512K)->305K(512K)
[2026-06-17T09:51:23.162+0800][43.040s][info][gc             ] GC(987) Pause Young (Allocation Failure) 47M->37M(61M) 3.471ms
[2026-06-17T09:51:23.162+0800][43.040s][info][gc,cpu         ] GC(987) User=0.00s Sys=0.01s Real=0.00s
[2026-06-17T09:51:23.207+0800][43.085s][info][gc,start       ] GC(988) Pause Young (Allocation Failure)
[2026-06-17T09:51:23.209+0800][43.087s][info][gc,start       ] GC(989) Pause Full (Allocation Failure)
[2026-06-17T09:51:23.211+0800][43.089s][info][gc,phases,start] GC(989) Phase 1: Mark live objects
[2026-06-17T09:51:23.213+0800][43.091s][info][gc,phases      ] GC(989) Phase 1: Mark live objects 1.985ms
[2026-06-17T09:51:23.214+0800][43.092s][info][gc,phases,start] GC(989) Phase 2: Compute new object addresses
[2026-06-17T09:51:23.215+0800][43.093s][info][gc,phases      ] GC(989) Phase 2: Compute new object addresses 1.719ms
[2026-06-17T09:51:23.219+0800][43.097s][info][gc,phases,start] GC(989) Phase 3: Adjust pointers
[2026-06-17T09:51:23.221+0800][43.099s][info][gc,phases      ] GC(989) Phase 3: Adjust pointers 2.284ms
[2026-06-17T09:51:23.223+0800][43.101s][info][gc,phases,start] GC(989) Phase 4: Move objects
[2026-06-17T09:51:23.227+0800][43.106s][info][gc,phases      ] GC(989) Phase 4: Move objects 4.677ms
[2026-06-17T09:51:23.229+0800][43.107s][info][gc             ] GC(989) Pause Full (Allocation Failure) 54M->26M(61M) 19.783ms
[2026-06-17T09:51:23.230+0800][43.108s][info][gc,heap        ] GC(988) DefNew: 19579K->0K(19648K)
[2026-06-17T09:51:23.230+0800][43.108s][info][gc,heap        ] GC(988) Tenured: 36465K->26707K(43712K)
[2026-06-17T09:51:23.231+0800][43.109s][info][gc,metaspace   ] GC(988) Metaspace: 3162K(4864K)->3162K(4864K) NonClass: 2857K(4352K)->2857K(4352K) Class: 305K(512K)->305K(512K)
[2026-06-17T09:51:23.231+0800][43.109s][info][gc             ] GC(988) Pause Young (Allocation Failure) 54M->26M(61M) 24.572ms
[2026-06-17T09:51:23.232+0800][43.110s][info][gc,cpu         ] GC(988) User=0.00s Sys=0.00s Real=0.03s
[2026-06-17T09:51:23.286+0800][43.164s][info][gc,start       ] GC(990) Pause Young (Allocation Failure)
[2026-06-17T09:51:23.288+0800][43.166s][info][gc,heap        ] GC(990) DefNew: 17430K->2137K(19648K)
[2026-06-17T09:51:23.289+0800][43.167s][info][gc,heap        ] GC(990) Tenured: 26707K->27972K(43712K)
[2026-06-17T09:51:23.291+0800][43.169s][info][gc,metaspace   ] GC(990) Metaspace: 3162K(4864K)->3162K(4864K) NonClass: 2857K(4352K)->2857K(4352K) Class: 305K(512K)->305K(512K)
[2026-06-17T09:51:23.293+0800][43.171s][info][gc             ] GC(990) Pause Young (Allocation Failure) 43M->29M(61M) 7.340ms
[2026-06-17T09:51:23.294+0800][43.172s][info][gc,cpu         ] GC(990) User=0.00s Sys=0.00s Real=0.01s
[2026-06-17T09:51:23.338+0800][43.216s][info][gc,start       ] GC(991) Pause Young (Allocation Failure)
[2026-06-17T09:51:23.340+0800][43.218s][info][gc,heap        ] GC(991) DefNew: 19552K->2166K(19648K)
[2026-06-17T09:51:23.340+0800][43.218s][info][gc,heap        ] GC(991) Tenured: 27972K->31499K(43712K)
[2026-06-17T09:51:23.341+0800][43.219s][info][gc,metaspace   ] GC(991) Metaspace: 3162K(4864K)->3162K(4864K) NonClass: 2857K(4352K)->2857K(4352K) Class: 305K(512K)->305K(512K)
[2026-06-17T09:51:23.341+0800][43.219s][info][gc             ] GC(991) Pause Young (Allocation Failure) 46M->32M(61M) 2.748ms
[2026-06-17T09:51:23.342+0800][43.220s][info][gc,cpu         ] GC(991) User=0.00s Sys=0.00s Real=0.00s
[2026-06-17T09:51:23.384+0800][43.262s][info][gc,start       ] GC(992) Pause Young (Allocation Failure)
[2026-06-17T09:51:23.388+0800][43.266s][info][gc,heap        ] GC(992) DefNew: 19638K->2172K(19648K)
[2026-06-17T09:51:23.393+0800][43.271s][info][gc,heap        ] GC(992) Tenured: 31499K->35412K(43712K)
[2026-06-17T09:51:23.397+0800][43.275s][info][gc,metaspace   ] GC(992) Metaspace: 3166K(4864K)->3166K(4864K) NonClass: 2861K(4352K)->2861K(4352K) Class: 305K(512K)->305K(512K)
[2026-06-17T09:51:23.402+0800][43.280s][info][gc             ] GC(992) Pause Young (Allocation Failure) 49M->36M(61M) 17.919ms
[2026-06-17T09:51:23.403+0800][43.281s][info][gc,cpu         ] GC(992) User=0.00s Sys=0.00s Real=0.02s
[2026-06-17T09:51:23.447+0800][43.326s][info][gc,start       ] GC(993) Pause Young (Allocation Failure)
[2026-06-17T09:51:23.450+0800][43.328s][info][gc,heap        ] GC(993) DefNew: 19636K->2174K(19648K)
[2026-06-17T09:51:23.450+0800][43.328s][info][gc,heap        ] GC(993) Tenured: 35412K->39269K(43712K)
[2026-06-17T09:51:23.451+0800][43.329s][info][gc,metaspace   ] GC(993) Metaspace: 3166K(4864K)->3166K(4864K) NonClass: 2861K(4352K)->2861K(4352K) Class: 305K(512K)->305K(512K)
[2026-06-17T09:51:23.451+0800][43.330s][info][gc             ] GC(993) Pause Young (Allocation Failure) 53M->40M(61M) 3.939ms
[2026-06-17T09:51:23.452+0800][43.330s][info][gc,cpu         ] GC(993) User=0.00s Sys=0.00s Real=0.01s
[2026-06-17T09:51:23.507+0800][43.385s][info][gc,start       ] GC(994) Pause Young (Allocation Failure)
[2026-06-17T09:51:23.508+0800][43.386s][info][gc,start       ] GC(995) Pause Full (Allocation Failure)
[2026-06-17T09:51:23.509+0800][43.387s][info][gc,phases,start] GC(995) Phase 1: Mark live objects
[2026-06-17T09:51:23.512+0800][43.390s][info][gc,phases      ] GC(995) Phase 1: Mark live objects 3.219ms
[2026-06-17T09:51:23.513+0800][43.391s][info][gc,phases,start] GC(995) Phase 2: Compute new object addresses
[2026-06-17T09:51:23.514+0800][43.392s][info][gc,phases      ] GC(995) Phase 2: Compute new object addresses 0.960ms
[2026-06-17T09:51:23.514+0800][43.392s][info][gc,phases,start] GC(995) Phase 3: Adjust pointers
[2026-06-17T09:51:23.515+0800][43.393s][info][gc,phases      ] GC(995) Phase 3: Adjust pointers 0.900ms
[2026-06-17T09:51:23.516+0800][43.394s][info][gc,phases,start] GC(995) Phase 4: Move objects
[2026-06-17T09:51:23.518+0800][43.396s][info][gc,phases      ] GC(995) Phase 4: Move objects 2.506ms
[2026-06-17T09:51:23.519+0800][43.397s][info][gc             ] GC(995) Pause Full (Allocation Failure) 57M->30M(61M) 10.698ms
[2026-06-17T09:51:23.519+0800][43.397s][info][gc,heap        ] GC(994) DefNew: 19604K->0K(19648K)
[2026-06-17T09:51:23.520+0800][43.398s][info][gc,heap        ] GC(994) Tenured: 39269K->30862K(43712K)
[2026-06-17T09:51:23.520+0800][43.398s][info][gc,metaspace   ] GC(994) Metaspace: 3166K(4864K)->3166K(4864K) NonClass: 2861K(4352K)->2861K(4352K) Class: 305K(512K)->305K(512K)
[2026-06-17T09:51:23.520+0800][43.398s][info][gc             ] GC(994) Pause Young (Allocation Failure) 57M->30M(61M) 12.722ms
[2026-06-17T09:51:23.520+0800][43.398s][info][gc,cpu         ] GC(994) User=0.00s Sys=0.00s Real=0.01s
[2026-06-17T09:51:23.553+0800][43.431s][info][gc,start       ] GC(996) Pause Young (Allocation Failure)
[2026-06-17T09:51:23.556+0800][43.434s][info][gc,heap        ] GC(996) DefNew: 17459K->2172K(19648K)
[2026-06-17T09:51:23.556+0800][43.434s][info][gc,heap        ] GC(996) Tenured: 30862K->39203K(43712K)
[2026-06-17T09:51:23.557+0800][43.435s][info][gc,metaspace   ] GC(996) Metaspace: 3166K(4864K)->3166K(4864K) NonClass: 2861K(4352K)->2861K(4352K) Class: 305K(512K)->305K(512K)
[2026-06-17T09:51:23.558+0800][43.436s][info][gc             ] GC(996) Pause Young (Allocation Failure) 47M->40M(61M) 4.325ms
[2026-06-17T09:51:23.558+0800][43.436s][info][gc,cpu         ] GC(996) User=0.00s Sys=0.00s Real=0.00s
[2026-06-17T09:51:23.614+0800][43.492s][info][gc,start       ] GC(997) Pause Young (Allocation Failure)
[2026-06-17T09:51:23.615+0800][43.493s][info][gc,start       ] GC(998) Pause Full (Allocation Failure)
[2026-06-17T09:51:23.616+0800][43.494s][info][gc,phases,start] GC(998) Phase 1: Mark live objects
[2026-06-17T09:51:23.618+0800][43.496s][info][gc,phases      ] GC(998) Phase 1: Mark live objects 2.329ms
[2026-06-17T09:51:23.619+0800][43.497s][info][gc,phases,start] GC(998) Phase 2: Compute new object addresses
[2026-06-17T09:51:23.620+0800][43.498s][info][gc,phases      ] GC(998) Phase 2: Compute new object addresses 1.058ms
[2026-06-17T09:51:23.620+0800][43.499s][info][gc,phases,start] GC(998) Phase 3: Adjust pointers
[2026-06-17T09:51:23.622+0800][43.500s][info][gc,phases      ] GC(998) Phase 3: Adjust pointers 1.230ms
[2026-06-17T09:51:23.622+0800][43.500s][info][gc,phases,start] GC(998) Phase 4: Move objects
[2026-06-17T09:51:23.626+0800][43.504s][info][gc,phases      ] GC(998) Phase 4: Move objects 3.342ms
[2026-06-17T09:51:23.626+0800][43.505s][info][gc             ] GC(998) Pause Full (Allocation Failure) 57M->21M(61M) 11.254ms
[2026-06-17T09:51:23.627+0800][43.505s][info][gc,heap        ] GC(997) DefNew: 19606K->0K(19648K)
[2026-06-17T09:51:23.627+0800][43.505s][info][gc,heap        ] GC(997) Tenured: 39203K->21908K(43712K)
[2026-06-17T09:51:23.628+0800][43.506s][info][gc,metaspace   ] GC(997) Metaspace: 3166K(4864K)->3166K(4864K) NonClass: 2861K(4352K)->2861K(4352K) Class: 305K(512K)->305K(512K)
[2026-06-17T09:51:23.628+0800][43.506s][info][gc             ] GC(997) Pause Young (Allocation Failure) 57M->21M(61M) 14.232ms
[2026-06-17T09:51:23.628+0800][43.506s][info][gc,cpu         ] GC(997) User=0.01s Sys=0.00s Real=0.01s
[2026-06-17T09:51:23.672+0800][43.550s][info][gc,start       ] GC(999) Pause Young (Allocation Failure)
[2026-06-17T09:51:23.674+0800][43.552s][info][gc,heap        ] GC(999) DefNew: 17456K->2167K(19648K)
[2026-06-17T09:51:23.675+0800][43.553s][info][gc,heap        ] GC(999) Tenured: 21908K->26772K(43712K)
[2026-06-17T09:51:23.676+0800][43.554s][info][gc,metaspace   ] GC(999) Metaspace: 3166K(4864K)->3166K(4864K) NonClass: 2861K(4352K)->2861K(4352K) Class: 305K(512K)->305K(512K)
[2026-06-17T09:51:23.676+0800][43.554s][info][gc             ] GC(999) Pause Young (Allocation Failure) 38M->28M(61M) 4.176ms
[2026-06-17T09:51:23.677+0800][43.555s][info][gc,cpu         ] GC(999) User=0.00s Sys=0.00s Real=0.00s
[2026-06-17T09:51:23.722+0800][43.600s][info][gc,start       ] GC(1000) Pause Young (Allocation Failure)
[2026-06-17T09:51:23.725+0800][43.603s][info][gc,heap        ] GC(1000) DefNew: 19639K->2171K(19648K)
[2026-06-17T09:51:23.726+0800][43.604s][info][gc,heap        ] GC(1000) Tenured: 26772K->31004K(43712K)
[2026-06-17T09:51:23.727+0800][43.605s][info][gc,metaspace   ] GC(1000) Metaspace: 3166K(4864K)->3166K(4864K) NonClass: 2861K(4352K)->2861K(4352K) Class: 305K(512K)->305K(512K)
[2026-06-17T09:51:23.727+0800][43.606s][info][gc             ] GC(1000) Pause Young (Allocation Failure) 45M->32M(61M) 5.538ms
[2026-06-17T09:51:23.728+0800][43.606s][info][gc,cpu         ] GC(1000) User=0.00s Sys=0.00s Real=0.01s
[2026-06-17T09:51:23.773+0800][43.651s][info][gc,start       ] GC(1001) Pause Young (Allocation Failure)
[2026-06-17T09:51:23.775+0800][43.653s][info][gc,heap        ] GC(1001) DefNew: 19583K->2167K(19648K)
[2026-06-17T09:51:23.775+0800][43.653s][info][gc,heap        ] GC(1001) Tenured: 31004K->34759K(43712K)
[2026-06-17T09:51:23.776+0800][43.654s][info][gc,metaspace   ] GC(1001) Metaspace: 3166K(4864K)->3166K(4864K) NonClass: 2861K(4352K)->2861K(4352K) Class: 305K(512K)->305K(512K)
[2026-06-17T09:51:23.776+0800][43.654s][info][gc             ] GC(1001) Pause Young (Allocation Failure) 49M->36M(61M) 3.545ms
[2026-06-17T09:51:23.777+0800][43.655s][info][gc,cpu         ] GC(1001) User=0.00s Sys=0.00s Real=0.00s
[2026-06-17T09:51:23.820+0800][43.698s][info][gc,start       ] GC(1002) Pause Young (Allocation Failure)
[2026-06-17T09:51:23.822+0800][43.700s][info][gc,heap        ] GC(1002) DefNew: 19592K->2169K(19648K)
[2026-06-17T09:51:23.823+0800][43.701s][info][gc,heap        ] GC(1002) Tenured: 34759K->40743K(43712K)
[2026-06-17T09:51:23.823+0800][43.701s][info][gc,metaspace   ] GC(1002) Metaspace: 3166K(4864K)->3166K(4864K) NonClass: 2861K(4352K)->2861K(4352K) Class: 305K(512K)->305K(512K)
[2026-06-17T09:51:23.823+0800][43.701s][info][gc             ] GC(1002) Pause Young (Allocation Failure) 53M->41M(61M) 2.974ms
[2026-06-17T09:51:23.823+0800][43.701s][info][gc,cpu         ] GC(1002) User=0.00s Sys=0.00s Real=0.01s
[2026-06-17T09:51:23.876+0800][43.754s][info][gc,start       ] GC(1003) Pause Young (Allocation Failure)
[2026-06-17T09:51:23.877+0800][43.755s][info][gc,start       ] GC(1004) Pause Full (Allocation Failure)
[2026-06-17T09:51:23.877+0800][43.755s][info][gc,phases,start] GC(1004) Phase 1: Mark live objects
[2026-06-17T09:51:23.878+0800][43.756s][info][gc,phases      ] GC(1004) Phase 1: Mark live objects 1.231ms
[2026-06-17T09:51:23.879+0800][43.757s][info][gc,phases,start] GC(1004) Phase 2: Compute new object addresses
[2026-06-17T09:51:23.879+0800][43.757s][info][gc,phases      ] GC(1004) Phase 2: Compute new object addresses 0.567ms
[2026-06-17T09:51:23.879+0800][43.757s][info][gc,phases,start] GC(1004) Phase 3: Adjust pointers
[2026-06-17T09:51:23.880+0800][43.758s][info][gc,phases      ] GC(1004) Phase 3: Adjust pointers 0.623ms
[2026-06-17T09:51:23.880+0800][43.758s][info][gc,phases,start] GC(1004) Phase 4: Move objects
[2026-06-17T09:51:23.883+0800][43.761s][info][gc,phases      ] GC(1004) Phase 4: Move objects 2.388ms
[2026-06-17T09:51:23.883+0800][43.761s][info][gc             ] GC(1004) Pause Full (Allocation Failure) 58M->27M(61M) 6.292ms
[2026-06-17T09:51:23.883+0800][43.761s][info][gc,heap        ] GC(1003) DefNew: 19641K->0K(19648K)
[2026-06-17T09:51:23.883+0800][43.761s][info][gc,heap        ] GC(1003) Tenured: 40743K->27765K(43712K)
[2026-06-17T09:51:23.883+0800][43.762s][info][gc,metaspace   ] GC(1003) Metaspace: 3166K(4864K)->3166K(4864K) NonClass: 2861K(4352K)->2861K(4352K) Class: 305K(512K)->305K(512K)
[2026-06-17T09:51:23.884+0800][43.762s][info][gc             ] GC(1003) Pause Young (Allocation Failure) 58M->27M(61M) 7.386ms
[2026-06-17T09:51:23.884+0800][43.762s][info][gc,cpu         ] GC(1003) User=0.01s Sys=0.00s Real=0.01s
[2026-06-17T09:51:23.916+0800][43.794s][info][gc,start       ] GC(1005) Pause Young (Allocation Failure)
[2026-06-17T09:51:23.918+0800][43.796s][info][gc,heap        ] GC(1005) DefNew: 17209K->2176K(19648K)
[2026-06-17T09:51:23.918+0800][43.796s][info][gc,heap        ] GC(1005) Tenured: 27765K->31934K(43712K)
[2026-06-17T09:51:23.919+0800][43.797s][info][gc,metaspace   ] GC(1005) Metaspace: 3166K(4864K)->3166K(4864K) NonClass: 2861K(4352K)->2861K(4352K) Class: 305K(512K)->305K(512K)
[2026-06-17T09:51:23.919+0800][43.797s][info][gc             ] GC(1005) Pause Young (Allocation Failure) 43M->33M(61M) 2.780ms
[2026-06-17T09:51:23.919+0800][43.797s][info][gc,cpu         ] GC(1005) User=0.00s Sys=0.00s Real=0.00s
[2026-06-17T09:51:23.962+0800][43.840s][info][gc,start       ] GC(1006) Pause Young (Allocation Failure)
[2026-06-17T09:51:23.963+0800][43.841s][info][gc,heap        ] GC(1006) DefNew: 18684K->2088K(19648K)
[2026-06-17T09:51:23.964+0800][43.842s][info][gc,heap        ] GC(1006) Tenured: 31934K->34460K(43712K)
[2026-06-17T09:51:23.964+0800][43.842s][info][gc,metaspace   ] GC(1006) Metaspace: 3166K(4864K)->3166K(4864K) NonClass: 2861K(4352K)->2861K(4352K) Class: 305K(512K)->305K(512K)
[2026-06-17T09:51:23.964+0800][43.842s][info][gc             ] GC(1006) Pause Young (Allocation Failure) 49M->35M(61M) 2.614ms
[2026-06-17T09:51:23.965+0800][43.843s][info][gc,cpu         ] GC(1006) User=0.01s Sys=0.00s Real=0.01s
[2026-06-17T09:51:24.018+0800][43.896s][info][gc,start       ] GC(1007) Pause Young (Allocation Failure)
[2026-06-17T09:51:24.020+0800][43.898s][info][gc,heap        ] GC(1007) DefNew: 19560K->2042K(19648K)
[2026-06-17T09:51:24.021+0800][43.899s][info][gc,heap        ] GC(1007) Tenured: 34460K->38499K(43712K)
[2026-06-17T09:51:24.021+0800][43.899s][info][gc,metaspace   ] GC(1007) Metaspace: 3166K(4864K)->3166K(4864K) NonClass: 2861K(4352K)->2861K(4352K) Class: 305K(512K)->305K(512K)
[2026-06-17T09:51:24.022+0800][43.900s][info][gc             ] GC(1007) Pause Young (Allocation Failure) 52M->39M(61M) 3.479ms
[2026-06-17T09:51:24.022+0800][43.900s][info][gc,cpu         ] GC(1007) User=0.00s Sys=0.00s Real=0.00s
[2026-06-17T09:51:24.065+0800][43.943s][info][gc,start       ] GC(1008) Pause Young (Allocation Failure)
[2026-06-17T09:51:24.066+0800][43.944s][info][gc,start       ] GC(1009) Pause Full (Allocation Failure)
[2026-06-17T09:51:24.067+0800][43.945s][info][gc,phases,start] GC(1009) Phase 1: Mark live objects
[2026-06-17T09:51:24.068+0800][43.946s][info][gc,phases      ] GC(1009) Phase 1: Mark live objects 1.806ms
[2026-06-17T09:51:24.069+0800][43.947s][info][gc,phases,start] GC(1009) Phase 2: Compute new object addresses
[2026-06-17T09:51:24.070+0800][43.948s][info][gc,phases      ] GC(1009) Phase 2: Compute new object addresses 0.804ms
[2026-06-17T09:51:24.070+0800][43.948s][info][gc,phases,start] GC(1009) Phase 3: Adjust pointers
[2026-06-17T09:51:24.071+0800][43.949s][info][gc,phases      ] GC(1009) Phase 3: Adjust pointers 0.894ms
[2026-06-17T09:51:24.072+0800][43.950s][info][gc,phases,start] GC(1009) Phase 4: Move objects
[2026-06-17T09:51:24.074+0800][43.952s][info][gc,phases      ] GC(1009) Phase 4: Move objects 2.828ms
[2026-06-17T09:51:24.075+0800][43.953s][info][gc             ] GC(1009) Pause Full (Allocation Failure) 56M->28M(61M) 8.935ms
[2026-06-17T09:51:24.075+0800][43.953s][info][gc,heap        ] GC(1008) DefNew: 19495K->0K(19648K)
[2026-06-17T09:51:24.075+0800][43.954s][info][gc,heap        ] GC(1008) Tenured: 38499K->29518K(43712K)
[2026-06-17T09:51:24.076+0800][43.954s][info][gc,metaspace   ] GC(1008) Metaspace: 3166K(4864K)->3166K(4864K) NonClass: 2861K(4352K)->2861K(4352K) Class: 305K(512K)->305K(512K)
[2026-06-17T09:51:24.076+0800][43.954s][info][gc             ] GC(1008) Pause Young (Allocation Failure) 56M->28M(61M) 11.017ms
[2026-06-17T09:51:24.077+0800][43.955s][info][gc,cpu         ] GC(1008) User=0.01s Sys=0.00s Real=0.01s
[2026-06-17T09:51:24.119+0800][43.998s][info][gc,start       ] GC(1010) Pause Young (Allocation Failure)
[2026-06-17T09:51:24.121+0800][43.999s][info][gc,heap        ] GC(1010) DefNew: 17417K->2173K(19648K)
[2026-06-17T09:51:24.122+0800][44.000s][info][gc,heap        ] GC(1010) Tenured: 29518K->33645K(43712K)
[2026-06-17T09:51:24.122+0800][44.000s][info][gc,metaspace   ] GC(1010) Metaspace: 3166K(4864K)->3166K(4864K) NonClass: 2861K(4352K)->2861K(4352K) Class: 305K(512K)->305K(512K)
[2026-06-17T09:51:24.122+0800][44.000s][info][gc             ] GC(1010) Pause Young (Allocation Failure) 45M->34M(61M) 2.683ms
[2026-06-17T09:51:24.122+0800][44.000s][info][gc,cpu         ] GC(1010) User=0.00s Sys=0.00s Real=0.00s
[2026-06-17T09:51:24.165+0800][44.043s][info][gc,start       ] GC(1011) Pause Young (Allocation Failure)
[2026-06-17T09:51:24.168+0800][44.046s][info][gc,heap        ] GC(1011) DefNew: 19622K->2170K(19648K)
[2026-06-17T09:51:24.168+0800][44.046s][info][gc,heap        ] GC(1011) Tenured: 33645K->38062K(43712K)
[2026-06-17T09:51:24.169+0800][44.047s][info][gc,metaspace   ] GC(1011) Metaspace: 3166K(4864K)->3166K(4864K) NonClass: 2861K(4352K)->2861K(4352K) Class: 305K(512K)->305K(512K)
[2026-06-17T09:51:24.169+0800][44.047s][info][gc             ] GC(1011) Pause Young (Allocation Failure) 52M->39M(61M) 3.995ms
[2026-06-17T09:51:24.170+0800][44.048s][info][gc,cpu         ] GC(1011) User=0.01s Sys=0.00s Real=0.00s
[2026-06-17T09:51:24.213+0800][44.091s][info][gc,start       ] GC(1012) Pause Young (Allocation Failure)
[2026-06-17T09:51:24.214+0800][44.092s][info][gc,start       ] GC(1013) Pause Full (Allocation Failure)
[2026-06-17T09:51:24.215+0800][44.093s][info][gc,phases,start] GC(1013) Phase 1: Mark live objects
[2026-06-17T09:51:24.216+0800][44.094s][info][gc,phases      ] GC(1013) Phase 1: Mark live objects 1.242ms
[2026-06-17T09:51:24.216+0800][44.094s][info][gc,phases,start] GC(1013) Phase 2: Compute new object addresses
[2026-06-17T09:51:24.217+0800][44.095s][info][gc,phases      ] GC(1013) Phase 2: Compute new object addresses 0.567ms
[2026-06-17T09:51:24.217+0800][44.095s][info][gc,phases,start] GC(1013) Phase 3: Adjust pointers
[2026-06-17T09:51:24.218+0800][44.096s][info][gc,phases      ] GC(1013) Phase 3: Adjust pointers 0.829ms
[2026-06-17T09:51:24.219+0800][44.097s][info][gc,phases,start] GC(1013) Phase 4: Move objects
[2026-06-17T09:51:24.222+0800][44.100s][info][gc,phases      ] GC(1013) Phase 4: Move objects 3.769ms
[2026-06-17T09:51:24.223+0800][44.101s][info][gc             ] GC(1013) Pause Full (Allocation Failure) 56M->28M(61M) 9.217ms
[2026-06-17T09:51:24.224+0800][44.102s][info][gc,heap        ] GC(1012) DefNew: 19585K->0K(19648K)
[2026-06-17T09:51:24.224+0800][44.102s][info][gc,heap        ] GC(1012) Tenured: 38062K->29254K(43712K)
[2026-06-17T09:51:24.225+0800][44.103s][info][gc,metaspace   ] GC(1012) Metaspace: 3166K(4864K)->3166K(4864K) NonClass: 2861K(4352K)->2861K(4352K) Class: 305K(512K)->305K(512K)
[2026-06-17T09:51:24.225+0800][44.103s][info][gc             ] GC(1012) Pause Young (Allocation Failure) 56M->28M(61M) 12.017ms
[2026-06-17T09:51:24.226+0800][44.104s][info][gc,cpu         ] GC(1012) User=0.00s Sys=0.00s Real=0.01s
[2026-06-17T09:51:24.269+0800][44.147s][info][gc,start       ] GC(1014) Pause Young (Allocation Failure)
[2026-06-17T09:51:24.271+0800][44.149s][info][gc,heap        ] GC(1014) DefNew: 17444K->2175K(19648K)
[2026-06-17T09:51:24.272+0800][44.150s][info][gc,heap        ] GC(1014) Tenured: 29254K->33854K(43712K)
[2026-06-17T09:51:24.272+0800][44.150s][info][gc,metaspace   ] GC(1014) Metaspace: 3166K(4864K)->3166K(4864K) NonClass: 2861K(4352K)->2861K(4352K) Class: 305K(512K)->305K(512K)
[2026-06-17T09:51:24.273+0800][44.151s][info][gc             ] GC(1014) Pause Young (Allocation Failure) 45M->35M(61M) 4.636ms
[2026-06-17T09:51:24.274+0800][44.152s][info][gc,cpu         ] GC(1014) User=0.00s Sys=0.00s Real=0.01s
[2026-06-17T09:51:24.317+0800][44.195s][info][gc,start       ] GC(1015) Pause Young (Allocation Failure)
[2026-06-17T09:51:24.320+0800][44.198s][info][gc,heap        ] GC(1015) DefNew: 19627K->2174K(19648K)
[2026-06-17T09:51:24.321+0800][44.199s][info][gc,heap        ] GC(1015) Tenured: 33854K->40876K(43712K)
[2026-06-17T09:51:24.322+0800][44.200s][info][gc,metaspace   ] GC(1015) Metaspace: 3166K(4864K)->3166K(4864K) NonClass: 2861K(4352K)->2861K(4352K) Class: 305K(512K)->305K(512K)
[2026-06-17T09:51:24.323+0800][44.201s][info][gc             ] GC(1015) Pause Young (Allocation Failure) 52M->42M(61M) 5.510ms
[2026-06-17T09:51:24.323+0800][44.201s][info][gc,cpu         ] GC(1015) User=0.00s Sys=0.00s Real=0.01s
[2026-06-17T09:51:24.366+0800][44.244s][info][gc,start       ] GC(1016) Pause Young (Allocation Failure)
[2026-06-17T09:51:24.367+0800][44.245s][info][gc,start       ] GC(1017) Pause Full (Allocation Failure)
[2026-06-17T09:51:24.368+0800][44.246s][info][gc,phases,start] GC(1017) Phase 1: Mark live objects
[2026-06-17T09:51:24.370+0800][44.248s][info][gc,phases      ] GC(1017) Phase 1: Mark live objects 1.977ms
[2026-06-17T09:51:24.371+0800][44.249s][info][gc,phases,start] GC(1017) Phase 2: Compute new object addresses
[2026-06-17T09:51:24.372+0800][44.250s][info][gc,phases      ] GC(1017) Phase 2: Compute new object addresses 1.373ms
[2026-06-17T09:51:24.373+0800][44.251s][info][gc,phases,start] GC(1017) Phase 3: Adjust pointers
[2026-06-17T09:51:24.374+0800][44.252s][info][gc,phases      ] GC(1017) Phase 3: Adjust pointers 0.938ms
[2026-06-17T09:51:24.375+0800][44.253s][info][gc,phases,start] GC(1017) Phase 4: Move objects
[2026-06-17T09:51:24.378+0800][44.256s][info][gc,phases      ] GC(1017) Phase 4: Move objects 3.215ms
[2026-06-17T09:51:24.379+0800][44.257s][info][gc             ] GC(1017) Pause Full (Allocation Failure) 59M->29M(61M) 11.695ms
[2026-06-17T09:51:24.380+0800][44.258s][info][gc,heap        ] GC(1016) DefNew: 19645K->0K(19648K)
[2026-06-17T09:51:24.380+0800][44.258s][info][gc,heap        ] GC(1016) Tenured: 40876K->30297K(43712K)
[2026-06-17T09:51:24.381+0800][44.259s][info][gc,metaspace   ] GC(1016) Metaspace: 3166K(4864K)->3166K(4864K) NonClass: 2861K(4352K)->2861K(4352K) Class: 305K(512K)->305K(512K)
[2026-06-17T09:51:24.382+0800][44.260s][info][gc             ] GC(1016) Pause Young (Allocation Failure) 59M->29M(61M) 15.776ms
[2026-06-17T09:51:24.383+0800][44.261s][info][gc,cpu         ] GC(1016) User=0.01s Sys=0.00s Real=0.02s
[2026-06-17T09:51:24.426+0800][44.304s][info][gc,start       ] GC(1018) Pause Young (Allocation Failure)
[2026-06-17T09:51:24.428+0800][44.306s][info][gc,heap        ] GC(1018) DefNew: 17440K->2173K(19648K)
[2026-06-17T09:51:24.428+0800][44.307s][info][gc,heap        ] GC(1018) Tenured: 30297K->35128K(43712K)
[2026-06-17T09:51:24.429+0800][44.307s][info][gc,metaspace   ] GC(1018) Metaspace: 3166K(4864K)->3166K(4864K) NonClass: 2861K(4352K)->2861K(4352K) Class: 305K(512K)->305K(512K)
[2026-06-17T09:51:24.430+0800][44.308s][info][gc             ] GC(1018) Pause Young (Allocation Failure) 46M->36M(61M) 4.197ms
[2026-06-17T09:51:24.431+0800][44.309s][info][gc,cpu         ] GC(1018) User=0.00s Sys=0.00s Real=0.01s
[2026-06-17T09:51:24.474+0800][44.352s][info][gc,start       ] GC(1019) Pause Young (Allocation Failure)
[2026-06-17T09:51:24.479+0800][44.357s][info][gc,heap        ] GC(1019) DefNew: 19454K->1860K(19648K)
[2026-06-17T09:51:24.480+0800][44.358s][info][gc,heap        ] GC(1019) Tenured: 35128K->36408K(43712K)
[2026-06-17T09:51:24.480+0800][44.358s][info][gc,metaspace   ] GC(1019) Metaspace: 3166K(4864K)->3166K(4864K) NonClass: 2861K(4352K)->2861K(4352K) Class: 305K(512K)->305K(512K)
[2026-06-17T09:51:24.480+0800][44.358s][info][gc             ] GC(1019) Pause Young (Allocation Failure) 53M->37M(61M) 6.067ms
[2026-06-17T09:51:24.481+0800][44.359s][info][gc,cpu         ] GC(1019) User=0.00s Sys=0.00s Real=0.00s
[2026-06-17T09:51:24.524+0800][44.402s][info][gc,start       ] GC(1020) Pause Young (Allocation Failure)
[2026-06-17T09:51:24.551+0800][44.429s][info][gc,start       ] GC(1021) Pause Full (Allocation Failure)
[2026-06-17T09:51:24.554+0800][44.432s][info][gc,phases,start] GC(1021) Phase 1: Mark live objects
[2026-06-17T09:51:24.555+0800][44.433s][info][gc,phases      ] GC(1021) Phase 1: Mark live objects 1.883ms
[2026-06-17T09:51:24.557+0800][44.435s][info][gc,phases,start] GC(1021) Phase 2: Compute new object addresses
[2026-06-17T09:51:24.560+0800][44.438s][info][gc,phases      ] GC(1021) Phase 2: Compute new object addresses 2.375ms
[2026-06-17T09:51:24.561+0800][44.439s][info][gc,phases,start] GC(1021) Phase 3: Adjust pointers
[2026-06-17T09:51:24.563+0800][44.441s][info][gc,phases      ] GC(1021) Phase 3: Adjust pointers 2.090ms
[2026-06-17T09:51:24.564+0800][44.442s][info][gc,phases,start] GC(1021) Phase 4: Move objects
[2026-06-17T09:51:24.570+0800][44.448s][info][gc,phases      ] GC(1021) Phase 4: Move objects 5.629ms
[2026-06-17T09:51:24.571+0800][44.449s][info][gc             ] GC(1021) Pause Full (Allocation Failure) 54M->28M(61M) 20.160ms
[2026-06-17T09:51:24.590+0800][44.468s][info][gc,heap        ] GC(1020) DefNew: 19316K->0K(19648K)
[2026-06-17T09:51:24.591+0800][44.469s][info][gc,heap        ] GC(1020) Tenured: 36408K->29513K(43712K)
[2026-06-17T09:51:24.594+0800][44.472s][info][gc,metaspace   ] GC(1020) Metaspace: 3166K(4864K)->3166K(4864K) NonClass: 2861K(4352K)->2861K(4352K) Class: 305K(512K)->305K(512K)
[2026-06-17T09:51:24.596+0800][44.474s][info][gc             ] GC(1020) Pause Young (Allocation Failure) 54M->28M(61M) 72.103ms
[2026-06-17T09:51:24.599+0800][44.477s][info][gc,cpu         ] GC(1020) User=0.00s Sys=0.00s Real=0.07s
[2026-06-17T09:51:24.655+0800][44.533s][info][gc,start       ] GC(1022) Pause Young (Allocation Failure)
[2026-06-17T09:51:24.657+0800][44.535s][info][gc,heap        ] GC(1022) DefNew: 17458K->2140K(19648K)
[2026-06-17T09:51:24.657+0800][44.535s][info][gc,heap        ] GC(1022) Tenured: 29513K->31052K(43712K)
[2026-06-17T09:51:24.657+0800][44.535s][info][gc,metaspace   ] GC(1022) Metaspace: 3166K(4864K)->3166K(4864K) NonClass: 2861K(4352K)->2861K(4352K) Class: 305K(512K)->305K(512K)
[2026-06-17T09:51:24.658+0800][44.536s][info][gc             ] GC(1022) Pause Young (Allocation Failure) 45M->32M(61M) 2.456ms
[2026-06-17T09:51:24.658+0800][44.536s][info][gc,cpu         ] GC(1022) User=0.01s Sys=0.00s Real=0.00s
[2026-06-17T09:51:24.691+0800][44.569s][info][gc,start       ] GC(1023) Pause Young (Allocation Failure)
[2026-06-17T09:51:24.693+0800][44.571s][info][gc,heap        ] GC(1023) DefNew: 19589K->2167K(19648K)
[2026-06-17T09:51:24.694+0800][44.572s][info][gc,heap        ] GC(1023) Tenured: 31052K->34183K(43712K)
[2026-06-17T09:51:24.697+0800][44.575s][info][gc,metaspace   ] GC(1023) Metaspace: 3166K(4864K)->3166K(4864K) NonClass: 2861K(4352K)->2861K(4352K) Class: 305K(512K)->305K(512K)
[2026-06-17T09:51:24.706+0800][44.584s][info][gc             ] GC(1023) Pause Young (Allocation Failure) 49M->35M(61M) 14.829ms
[2026-06-17T09:51:24.708+0800][44.586s][info][gc,cpu         ] GC(1023) User=0.00s Sys=0.00s Real=0.01s
[2026-06-17T09:51:24.772+0800][44.650s][info][gc,start       ] GC(1024) Pause Young (Allocation Failure)
[2026-06-17T09:51:24.774+0800][44.652s][info][gc,heap        ] GC(1024) DefNew: 19591K->2040K(19648K)
[2026-06-17T09:51:24.776+0800][44.654s][info][gc,heap        ] GC(1024) Tenured: 34183K->38296K(43712K)
[2026-06-17T09:51:24.778+0800][44.656s][info][gc,metaspace   ] GC(1024) Metaspace: 3166K(4864K)->3166K(4864K) NonClass: 2861K(4352K)->2861K(4352K) Class: 305K(512K)->305K(512K)
[2026-06-17T09:51:24.779+0800][44.657s][info][gc             ] GC(1024) Pause Young (Allocation Failure) 52M->39M(61M) 6.866ms
[2026-06-17T09:51:24.779+0800][44.657s][info][gc,cpu         ] GC(1024) User=0.00s Sys=0.00s Real=0.00s
[2026-06-17T09:51:24.825+0800][44.703s][info][gc,start       ] GC(1025) Pause Young (Allocation Failure)
[2026-06-17T09:51:24.826+0800][44.704s][info][gc,start       ] GC(1026) Pause Full (Allocation Failure)
[2026-06-17T09:51:24.827+0800][44.705s][info][gc,phases,start] GC(1026) Phase 1: Mark live objects
[2026-06-17T09:51:24.829+0800][44.708s][info][gc,phases      ] GC(1026) Phase 1: Mark live objects 2.337ms
[2026-06-17T09:51:24.830+0800][44.708s][info][gc,phases,start] GC(1026) Phase 2: Compute new object addresses
[2026-06-17T09:51:24.831+0800][44.709s][info][gc,phases      ] GC(1026) Phase 2: Compute new object addresses 0.951ms
[2026-06-17T09:51:24.832+0800][44.710s][info][gc,phases,start] GC(1026) Phase 3: Adjust pointers
[2026-06-17T09:51:24.833+0800][44.711s][info][gc,phases      ] GC(1026) Phase 3: Adjust pointers 1.364ms
[2026-06-17T09:51:24.834+0800][44.712s][info][gc,phases,start] GC(1026) Phase 4: Move objects
[2026-06-17T09:51:24.838+0800][44.716s][info][gc,phases      ] GC(1026) Phase 4: Move objects 3.718ms
[2026-06-17T09:51:24.838+0800][44.716s][info][gc             ] GC(1026) Pause Full (Allocation Failure) 56M->21M(61M) 11.977ms
[2026-06-17T09:51:24.839+0800][44.717s][info][gc,heap        ] GC(1025) DefNew: 19389K->0K(19648K)
[2026-06-17T09:51:24.840+0800][44.718s][info][gc,heap        ] GC(1025) Tenured: 38296K->21576K(43712K)
[2026-06-17T09:51:24.840+0800][44.718s][info][gc,metaspace   ] GC(1025) Metaspace: 3166K(4864K)->3166K(4864K) NonClass: 2861K(4352K)->2861K(4352K) Class: 305K(512K)->305K(512K)
[2026-06-17T09:51:24.841+0800][44.719s][info][gc             ] GC(1025) Pause Young (Allocation Failure) 56M->21M(61M) 15.504ms
[2026-06-17T09:51:24.841+0800][44.719s][info][gc,cpu         ] GC(1025) User=0.00s Sys=0.00s Real=0.01s
[2026-06-17T09:51:24.896+0800][44.774s][info][gc,start       ] GC(1027) Pause Young (Allocation Failure)
[2026-06-17T09:51:24.898+0800][44.776s][info][gc,heap        ] GC(1027) DefNew: 17430K->2150K(19648K)
[2026-06-17T09:51:24.898+0800][44.776s][info][gc,heap        ] GC(1027) Tenured: 21576K->23405K(43712K)
[2026-06-17T09:51:24.899+0800][44.777s][info][gc,metaspace   ] GC(1027) Metaspace: 3166K(4864K)->3166K(4864K) NonClass: 2861K(4352K)->2861K(4352K) Class: 305K(512K)->305K(512K)
[2026-06-17T09:51:24.900+0800][44.778s][info][gc             ] GC(1027) Pause Young (Allocation Failure) 38M->24M(61M) 4.072ms
[2026-06-17T09:51:24.901+0800][44.779s][info][gc,cpu         ] GC(1027) User=0.00s Sys=0.00s Real=0.00s
[2026-06-17T09:51:24.944+0800][44.822s][info][gc,start       ] GC(1028) Pause Young (Allocation Failure)
[2026-06-17T09:51:24.945+0800][44.823s][info][gc,heap        ] GC(1028) DefNew: 19619K->2166K(19648K)
[2026-06-17T09:51:24.946+0800][44.824s][info][gc,heap        ] GC(1028) Tenured: 23405K->26922K(43712K)
[2026-06-17T09:51:24.946+0800][44.824s][info][gc,metaspace   ] GC(1028) Metaspace: 3166K(4864K)->3166K(4864K) NonClass: 2861K(4352K)->2861K(4352K) Class: 305K(512K)->305K(512K)
[2026-06-17T09:51:24.946+0800][44.824s][info][gc             ] GC(1028) Pause Young (Allocation Failure) 42M->28M(61M) 2.248ms
[2026-06-17T09:51:24.946+0800][44.824s][info][gc,cpu         ] GC(1028) User=0.00s Sys=0.00s Real=0.00s
[2026-06-17T09:51:24.989+0800][44.867s][info][gc,start       ] GC(1029) Pause Young (Allocation Failure)
[2026-06-17T09:51:24.990+0800][44.868s][info][gc,heap        ] GC(1029) DefNew: 19629K->2090K(19648K)
[2026-06-17T09:51:24.990+0800][44.868s][info][gc,heap        ] GC(1029) Tenured: 26922K->30775K(43712K)
[2026-06-17T09:51:24.990+0800][44.869s][info][gc,metaspace   ] GC(1029) Metaspace: 3166K(4864K)->3166K(4864K) NonClass: 2861K(4352K)->2861K(4352K) Class: 305K(512K)->305K(512K)
[2026-06-17T09:51:24.991+0800][44.869s][info][gc             ] GC(1029) Pause Young (Allocation Failure) 45M->32M(61M) 2.225ms
[2026-06-17T09:51:24.991+0800][44.869s][info][gc,cpu         ] GC(1029) User=0.00s Sys=0.00s Real=0.01s
[2026-06-17T09:51:25.033+0800][44.911s][info][gc,start       ] GC(1030) Pause Young (Allocation Failure)
[2026-06-17T09:51:25.035+0800][44.913s][info][gc,heap        ] GC(1030) DefNew: 19562K->2175K(19648K)
[2026-06-17T09:51:25.036+0800][44.914s][info][gc,heap        ] GC(1030) Tenured: 30775K->34656K(43712K)
[2026-06-17T09:51:25.036+0800][44.914s][info][gc,metaspace   ] GC(1030) Metaspace: 3166K(4864K)->3166K(4864K) NonClass: 2861K(4352K)->2861K(4352K) Class: 305K(512K)->305K(512K)
[2026-06-17T09:51:25.038+0800][44.916s][info][gc             ] GC(1030) Pause Young (Allocation Failure) 49M->35M(61M) 4.385ms
[2026-06-17T09:51:25.038+0800][44.916s][info][gc,cpu         ] GC(1030) User=0.00s Sys=0.00s Real=0.00s
[2026-06-17T09:51:25.083+0800][44.961s][info][gc,start       ] GC(1031) Pause Young (Allocation Failure)
[2026-06-17T09:51:25.084+0800][44.962s][info][gc,heap        ] GC(1031) DefNew: 19600K->2039K(19648K)
[2026-06-17T09:51:25.084+0800][44.963s][info][gc,heap        ] GC(1031) Tenured: 34656K->35744K(43712K)
[2026-06-17T09:51:25.085+0800][44.963s][info][gc,metaspace   ] GC(1031) Metaspace: 3166K(4864K)->3166K(4864K) NonClass: 2861K(4352K)->2861K(4352K) Class: 305K(512K)->305K(512K)
[2026-06-17T09:51:25.086+0800][44.964s][info][gc             ] GC(1031) Pause Young (Allocation Failure) 52M->36M(61M) 3.032ms
[2026-06-17T09:51:25.086+0800][44.964s][info][gc,cpu         ] GC(1031) User=0.00s Sys=0.00s Real=0.00s
[2026-06-17T09:51:25.139+0800][45.017s][info][gc,start       ] GC(1032) Pause Young (Allocation Failure)
[2026-06-17T09:51:25.141+0800][45.019s][info][gc,heap        ] GC(1032) DefNew: 19511K->2117K(19648K)
[2026-06-17T09:51:25.141+0800][45.019s][info][gc,heap        ] GC(1032) Tenured: 35744K->39749K(43712K)
[2026-06-17T09:51:25.142+0800][45.020s][info][gc,metaspace   ] GC(1032) Metaspace: 3166K(4864K)->3166K(4864K) NonClass: 2861K(4352K)->2861K(4352K) Class: 305K(512K)->305K(512K)
[2026-06-17T09:51:25.142+0800][45.020s][info][gc             ] GC(1032) Pause Young (Allocation Failure) 53M->40M(61M) 2.841ms
[2026-06-17T09:51:25.143+0800][45.021s][info][gc,cpu         ] GC(1032) User=0.00s Sys=0.00s Real=0.01s
[2026-06-17T09:51:25.186+0800][45.064s][info][gc,start       ] GC(1033) Pause Young (Allocation Failure)
[2026-06-17T09:51:25.186+0800][45.064s][info][gc,start       ] GC(1034) Pause Full (Allocation Failure)
[2026-06-17T09:51:25.187+0800][45.065s][info][gc,phases,start] GC(1034) Phase 1: Mark live objects
[2026-06-17T09:51:25.188+0800][45.066s][info][gc,phases      ] GC(1034) Phase 1: Mark live objects 1.117ms
[2026-06-17T09:51:25.188+0800][45.066s][info][gc,phases,start] GC(1034) Phase 2: Compute new object addresses
[2026-06-17T09:51:25.189+0800][45.067s][info][gc,phases      ] GC(1034) Phase 2: Compute new object addresses 0.713ms
[2026-06-17T09:51:25.189+0800][45.067s][info][gc,phases,start] GC(1034) Phase 3: Adjust pointers
[2026-06-17T09:51:25.190+0800][45.068s][info][gc,phases      ] GC(1034) Phase 3: Adjust pointers 0.728ms
[2026-06-17T09:51:25.191+0800][45.069s][info][gc,phases,start] GC(1034) Phase 4: Move objects
[2026-06-17T09:51:25.193+0800][45.071s][info][gc,phases      ] GC(1034) Phase 4: Move objects 2.388ms
[2026-06-17T09:51:25.193+0800][45.071s][info][gc             ] GC(1034) Pause Full (Allocation Failure) 57M->25M(61M) 7.087ms
[2026-06-17T09:51:25.193+0800][45.072s][info][gc,heap        ] GC(1033) DefNew: 19559K->0K(19648K)
[2026-06-17T09:51:25.194+0800][45.072s][info][gc,heap        ] GC(1033) Tenured: 39749K->25679K(43712K)
[2026-06-17T09:51:25.194+0800][45.072s][info][gc,metaspace   ] GC(1033) Metaspace: 3166K(4864K)->3166K(4864K) NonClass: 2861K(4352K)->2861K(4352K) Class: 305K(512K)->305K(512K)
[2026-06-17T09:51:25.194+0800][45.072s][info][gc             ] GC(1033) Pause Young (Allocation Failure) 57M->25M(61M) 8.302ms
[2026-06-17T09:51:25.194+0800][45.072s][info][gc,cpu         ] GC(1033) User=0.00s Sys=0.00s Real=0.01s
[2026-06-17T09:51:25.238+0800][45.116s][info][gc,start       ] GC(1035) Pause Young (Allocation Failure)
[2026-06-17T09:51:25.239+0800][45.117s][info][gc,heap        ] GC(1035) DefNew: 17462K->2168K(19648K)
[2026-06-17T09:51:25.240+0800][45.118s][info][gc,heap        ] GC(1035) Tenured: 25679K->30667K(43712K)
[2026-06-17T09:51:25.240+0800][45.119s][info][gc,metaspace   ] GC(1035) Metaspace: 3166K(4864K)->3166K(4864K) NonClass: 2861K(4352K)->2861K(4352K) Class: 305K(512K)->305K(512K)
[2026-06-17T09:51:25.241+0800][45.119s][info][gc             ] GC(1035) Pause Young (Allocation Failure) 42M->32M(61M) 3.418ms
[2026-06-17T09:51:25.242+0800][45.120s][info][gc,cpu         ] GC(1035) User=0.01s Sys=0.00s Real=0.00s
[2026-06-17T09:51:25.285+0800][45.163s][info][gc,start       ] GC(1036) Pause Young (Allocation Failure)
[2026-06-17T09:51:25.286+0800][45.164s][info][gc,heap        ] GC(1036) DefNew: 19640K->2169K(19648K)
[2026-06-17T09:51:25.287+0800][45.165s][info][gc,heap        ] GC(1036) Tenured: 30667K->35263K(43712K)
[2026-06-17T09:51:25.287+0800][45.165s][info][gc,metaspace   ] GC(1036) Metaspace: 3166K(4864K)->3166K(4864K) NonClass: 2861K(4352K)->2861K(4352K) Class: 305K(512K)->305K(512K)
[2026-06-17T09:51:25.287+0800][45.165s][info][gc             ] GC(1036) Pause Young (Allocation Failure) 49M->36M(61M) 2.774ms
[2026-06-17T09:51:25.288+0800][45.166s][info][gc,cpu         ] GC(1036) User=0.00s Sys=0.00s Real=0.00s
[2026-06-17T09:51:25.332+0800][45.210s][info][gc,start       ] GC(1037) Pause Young (Allocation Failure)
[2026-06-17T09:51:25.333+0800][45.211s][info][gc,heap        ] GC(1037) DefNew: 19567K->2079K(19648K)
[2026-06-17T09:51:25.334+0800][45.212s][info][gc,heap        ] GC(1037) Tenured: 35263K->36453K(43712K)
[2026-06-17T09:51:25.334+0800][45.213s][info][gc,metaspace   ] GC(1037) Metaspace: 3166K(4864K)->3166K(4864K) NonClass: 2861K(4352K)->2861K(4352K) Class: 305K(512K)->305K(512K)
[2026-06-17T09:51:25.335+0800][45.213s][info][gc             ] GC(1037) Pause Young (Allocation Failure) 53M->37M(61M) 3.246ms
[2026-06-17T09:51:25.335+0800][45.213s][info][gc,cpu         ] GC(1037) User=0.00s Sys=0.00s Real=0.00s
[2026-06-17T09:51:25.379+0800][45.257s][info][gc,start       ] GC(1038) Pause Young (Allocation Failure)
[2026-06-17T09:51:25.381+0800][45.259s][info][gc,heap        ] GC(1038) DefNew: 19551K->2171K(19648K)
[2026-06-17T09:51:25.382+0800][45.260s][info][gc,heap        ] GC(1038) Tenured: 36453K->43190K(43712K)
[2026-06-17T09:51:25.382+0800][45.260s][info][gc,metaspace   ] GC(1038) Metaspace: 3166K(4864K)->3166K(4864K) NonClass: 2861K(4352K)->2861K(4352K) Class: 305K(512K)->305K(512K)
[2026-06-17T09:51:25.383+0800][45.261s][info][gc             ] GC(1038) Pause Young (Allocation Failure) 54M->44M(61M) 3.918ms
[2026-06-17T09:51:25.383+0800][45.261s][info][gc,cpu         ] GC(1038) User=0.01s Sys=0.00s Real=0.01s
[2026-06-17T09:51:25.439+0800][45.317s][info][gc,start       ] GC(1039) Pause Young (Allocation Failure)
[2026-06-17T09:51:25.439+0800][45.317s][info][gc,start       ] GC(1040) Pause Full (Allocation Failure)
[2026-06-17T09:51:25.440+0800][45.318s][info][gc,phases,start] GC(1040) Phase 1: Mark live objects
[2026-06-17T09:51:25.443+0800][45.321s][info][gc,phases      ] GC(1040) Phase 1: Mark live objects 2.454ms
[2026-06-17T09:51:25.444+0800][45.322s][info][gc,phases,start] GC(1040) Phase 2: Compute new object addresses
[2026-06-17T09:51:25.445+0800][45.323s][info][gc,phases      ] GC(1040) Phase 2: Compute new object addresses 1.144ms
[2026-06-17T09:51:25.445+0800][45.323s][info][gc,phases,start] GC(1040) Phase 3: Adjust pointers
[2026-06-17T09:51:25.447+0800][45.325s][info][gc,phases      ] GC(1040) Phase 3: Adjust pointers 1.294ms
[2026-06-17T09:51:25.447+0800][45.325s][info][gc,phases,start] GC(1040) Phase 4: Move objects
[2026-06-17T09:51:25.451+0800][45.329s][info][gc,phases      ] GC(1040) Phase 4: Move objects 3.885ms
[2026-06-17T09:51:25.452+0800][45.330s][info][gc             ] GC(1040) Pause Full (Allocation Failure) 61M->29M(61M) 12.082ms
[2026-06-17T09:51:25.452+0800][45.330s][info][gc,heap        ] GC(1039) DefNew: 19628K->0K(19648K)
[2026-06-17T09:51:25.452+0800][45.330s][info][gc,heap        ] GC(1039) Tenured: 43190K->30250K(43712K)
[2026-06-17T09:51:25.452+0800][45.331s][info][gc,metaspace   ] GC(1039) Metaspace: 3166K(4864K)->3166K(4864K) NonClass: 2861K(4352K)->2861K(4352K) Class: 305K(512K)->305K(512K)
[2026-06-17T09:51:25.453+0800][45.331s][info][gc             ] GC(1039) Pause Young (Allocation Failure) 61M->29M(61M) 14.143ms
[2026-06-17T09:51:25.453+0800][45.331s][info][gc,cpu         ] GC(1039) User=0.01s Sys=0.00s Real=0.02s
[2026-06-17T09:51:25.497+0800][45.375s][info][gc,start       ] GC(1041) Pause Young (Allocation Failure)
[2026-06-17T09:51:25.499+0800][45.378s][info][gc,heap        ] GC(1041) DefNew: 17421K->2169K(19648K)
[2026-06-17T09:51:25.500+0800][45.378s][info][gc,heap        ] GC(1041) Tenured: 30250K->35593K(43712K)
[2026-06-17T09:51:25.518+0800][45.396s][info][gc,metaspace   ] GC(1041) Metaspace: 3166K(4864K)->3166K(4864K) NonClass: 2861K(4352K)->2861K(4352K) Class: 305K(512K)->305K(512K)
[2026-06-17T09:51:25.543+0800][45.421s][info][gc             ] GC(1041) Pause Young (Allocation Failure) 46M->36M(61M) 46.357ms
[2026-06-17T09:51:25.544+0800][45.422s][info][gc,cpu         ] GC(1041) User=0.00s Sys=0.00s Real=0.05s
[2026-06-17T09:51:25.589+0800][45.467s][info][gc,start       ] GC(1042) Pause Young (Allocation Failure)
[2026-06-17T09:51:25.590+0800][45.468s][info][gc,start       ] GC(1043) Pause Full (Allocation Failure)
[2026-06-17T09:51:25.591+0800][45.469s][info][gc,phases,start] GC(1043) Phase 1: Mark live objects
[2026-06-17T09:51:25.593+0800][45.472s][info][gc,phases      ] GC(1043) Phase 1: Mark live objects 2.205ms
[2026-06-17T09:51:25.594+0800][45.472s][info][gc,phases,start] GC(1043) Phase 2: Compute new object addresses
[2026-06-17T09:51:25.595+0800][45.473s][info][gc,phases      ] GC(1043) Phase 2: Compute new object addresses 1.022ms
[2026-06-17T09:51:25.596+0800][45.474s][info][gc,phases,start] GC(1043) Phase 3: Adjust pointers
[2026-06-17T09:51:25.597+0800][45.475s][info][gc,phases      ] GC(1043) Phase 3: Adjust pointers 1.287ms
[2026-06-17T09:51:25.598+0800][45.476s][info][gc,phases,start] GC(1043) Phase 4: Move objects
[2026-06-17T09:51:25.601+0800][45.479s][info][gc,phases      ] GC(1043) Phase 4: Move objects 3.559ms
[2026-06-17T09:51:25.602+0800][45.480s][info][gc             ] GC(1043) Pause Full (Allocation Failure) 53M->27M(61M) 11.580ms
[2026-06-17T09:51:25.602+0800][45.481s][info][gc,heap        ] GC(1042) DefNew: 19594K->0K(19648K)
[2026-06-17T09:51:25.603+0800][45.481s][info][gc,heap        ] GC(1042) Tenured: 35593K->28501K(43712K)
[2026-06-17T09:51:25.603+0800][45.482s][info][gc,metaspace   ] GC(1042) Metaspace: 3166K(4864K)->3166K(4864K) NonClass: 2861K(4352K)->2861K(4352K) Class: 305K(512K)->305K(512K)
[2026-06-17T09:51:25.604+0800][45.482s][info][gc             ] GC(1042) Pause Young (Allocation Failure) 53M->27M(61M) 14.662ms
[2026-06-17T09:51:25.604+0800][45.483s][info][gc,cpu         ] GC(1042) User=0.00s Sys=0.00s Real=0.02s
[2026-06-17T09:51:25.649+0800][45.527s][info][gc,start       ] GC(1044) Pause Young (Allocation Failure)
[2026-06-17T09:51:25.652+0800][45.530s][info][gc,heap        ] GC(1044) DefNew: 17436K->2171K(19648K)
[2026-06-17T09:51:25.653+0800][45.531s][info][gc,heap        ] GC(1044) Tenured: 28501K->32819K(43712K)
[2026-06-17T09:51:25.653+0800][45.531s][info][gc,metaspace   ] GC(1044) Metaspace: 3166K(4864K)->3166K(4864K) NonClass: 2861K(4352K)->2861K(4352K) Class: 305K(512K)->305K(512K)
[2026-06-17T09:51:25.654+0800][45.532s][info][gc             ] GC(1044) Pause Young (Allocation Failure) 44M->34M(61M) 4.981ms
[2026-06-17T09:51:25.655+0800][45.533s][info][gc,cpu         ] GC(1044) User=0.00s Sys=0.00s Real=0.01s
[2026-06-17T09:51:25.699+0800][45.577s][info][gc,start       ] GC(1045) Pause Young (Allocation Failure)
[2026-06-17T09:51:25.702+0800][45.580s][info][gc,heap        ] GC(1045) DefNew: 19597K->2115K(19648K)
[2026-06-17T09:51:25.706+0800][45.584s][info][gc,heap        ] GC(1045) Tenured: 32819K->38658K(43712K)
[2026-06-17T09:51:25.709+0800][45.587s][info][gc,metaspace   ] GC(1045) Metaspace: 3166K(4864K)->3166K(4864K) NonClass: 2861K(4352K)->2861K(4352K) Class: 305K(512K)->305K(512K)
[2026-06-17T09:51:25.712+0800][45.590s][info][gc             ] GC(1045) Pause Young (Allocation Failure) 51M->39M(61M) 13.008ms
[2026-06-17T09:51:25.714+0800][45.592s][info][gc,cpu         ] GC(1045) User=0.00s Sys=0.00s Real=0.02s
[2026-06-17T09:51:25.772+0800][45.650s][info][gc,start       ] GC(1046) Pause Young (Allocation Failure)
[2026-06-17T09:51:25.774+0800][45.652s][info][gc,start       ] GC(1047) Pause Full (Allocation Failure)
[2026-06-17T09:51:25.774+0800][45.652s][info][gc,phases,start] GC(1047) Phase 1: Mark live objects
[2026-06-17T09:51:25.777+0800][45.655s][info][gc,phases      ] GC(1047) Phase 1: Mark live objects 2.243ms
[2026-06-17T09:51:25.778+0800][45.656s][info][gc,phases,start] GC(1047) Phase 2: Compute new object addresses
[2026-06-17T09:51:25.779+0800][45.657s][info][gc,phases      ] GC(1047) Phase 2: Compute new object addresses 0.835ms
[2026-06-17T09:51:25.779+0800][45.657s][info][gc,phases,start] GC(1047) Phase 3: Adjust pointers
[2026-06-17T09:51:25.780+0800][45.658s][info][gc,phases      ] GC(1047) Phase 3: Adjust pointers 1.024ms
[2026-06-17T09:51:25.781+0800][45.659s][info][gc,phases,start] GC(1047) Phase 4: Move objects
[2026-06-17T09:51:25.783+0800][45.661s][info][gc,phases      ] GC(1047) Phase 4: Move objects 2.142ms
[2026-06-17T09:51:25.783+0800][45.662s][info][gc             ] GC(1047) Pause Full (Allocation Failure) 56M->25M(61M) 9.965ms
[2026-06-17T09:51:25.784+0800][45.662s][info][gc,heap        ] GC(1046) DefNew: 19587K->0K(19648K)
[2026-06-17T09:51:25.784+0800][45.662s][info][gc,heap        ] GC(1046) Tenured: 38658K->26333K(43712K)
[2026-06-17T09:51:25.784+0800][45.662s][info][gc,metaspace   ] GC(1046) Metaspace: 3166K(4864K)->3166K(4864K) NonClass: 2861K(4352K)->2861K(4352K) Class: 305K(512K)->305K(512K)
[2026-06-17T09:51:25.785+0800][45.663s][info][gc             ] GC(1046) Pause Young (Allocation Failure) 56M->25M(61M) 12.442ms
[2026-06-17T09:51:25.785+0800][45.663s][info][gc,cpu         ] GC(1046) User=0.01s Sys=0.00s Real=0.01s
[2026-06-17T09:51:25.818+0800][45.696s][info][gc,start       ] GC(1048) Pause Young (Allocation Failure)
[2026-06-17T09:51:25.820+0800][45.698s][info][gc,heap        ] GC(1048) DefNew: 17257K->2174K(19648K)
[2026-06-17T09:51:25.820+0800][45.698s][info][gc,heap        ] GC(1048) Tenured: 26333K->30952K(43712K)
[2026-06-17T09:51:25.821+0800][45.699s][info][gc,metaspace   ] GC(1048) Metaspace: 3166K(4864K)->3166K(4864K) NonClass: 2861K(4352K)->2861K(4352K) Class: 305K(512K)->305K(512K)
[2026-06-17T09:51:25.821+0800][45.699s][info][gc             ] GC(1048) Pause Young (Allocation Failure) 42M->32M(61M) 3.097ms
[2026-06-17T09:51:25.821+0800][45.699s][info][gc,cpu         ] GC(1048) User=0.00s Sys=0.00s Real=0.00s
[2026-06-17T09:51:25.876+0800][45.754s][info][gc,start       ] GC(1049) Pause Young (Allocation Failure)
[2026-06-17T09:51:25.879+0800][45.757s][info][gc,heap        ] GC(1049) DefNew: 19625K->2075K(19648K)
[2026-06-17T09:51:25.879+0800][45.757s][info][gc,heap        ] GC(1049) Tenured: 30952K->34741K(43712K)
[2026-06-17T09:51:25.880+0800][45.758s][info][gc,metaspace   ] GC(1049) Metaspace: 3166K(4864K)->3166K(4864K) NonClass: 2861K(4352K)->2861K(4352K) Class: 305K(512K)->305K(512K)
[2026-06-17T09:51:25.881+0800][45.759s][info][gc             ] GC(1049) Pause Young (Allocation Failure) 49M->35M(61M) 5.000ms
[2026-06-17T09:51:25.881+0800][45.759s][info][gc,cpu         ] GC(1049) User=0.00s Sys=0.00s Real=0.00s
[2026-06-17T09:51:25.926+0800][45.804s][info][gc,start       ] GC(1050) Pause Young (Allocation Failure)
[2026-06-17T09:51:25.929+0800][45.807s][info][gc,heap        ] GC(1050) DefNew: 19547K->2048K(19648K)
[2026-06-17T09:51:25.929+0800][45.808s][info][gc,heap        ] GC(1050) Tenured: 34741K->38209K(43712K)
[2026-06-17T09:51:25.930+0800][45.808s][info][gc,metaspace   ] GC(1050) Metaspace: 3166K(4864K)->3166K(4864K) NonClass: 2861K(4352K)->2861K(4352K) Class: 305K(512K)->305K(512K)
[2026-06-17T09:51:25.931+0800][45.809s][info][gc             ] GC(1050) Pause Young (Allocation Failure) 53M->39M(61M) 4.564ms
[2026-06-17T09:51:25.931+0800][45.809s][info][gc,cpu         ] GC(1050) User=0.00s Sys=0.00s Real=0.01s
[2026-06-17T09:51:25.976+0800][45.854s][info][gc,start       ] GC(1051) Pause Young (Allocation Failure)
[2026-06-17T09:51:25.978+0800][45.856s][info][gc,start       ] GC(1052) Pause Full (Allocation Failure)
[2026-06-17T09:51:25.981+0800][45.859s][info][gc,phases,start] GC(1052) Phase 1: Mark live objects
[2026-06-17T09:51:25.983+0800][45.861s][info][gc,phases      ] GC(1052) Phase 1: Mark live objects 2.186ms
[2026-06-17T09:51:25.984+0800][45.862s][info][gc,phases,start] GC(1052) Phase 2: Compute new object addresses
[2026-06-17T09:51:25.985+0800][45.863s][info][gc,phases      ] GC(1052) Phase 2: Compute new object addresses 0.856ms
[2026-06-17T09:51:25.985+0800][45.863s][info][gc,phases,start] GC(1052) Phase 3: Adjust pointers
[2026-06-17T09:51:25.986+0800][45.865s][info][gc,phases      ] GC(1052) Phase 3: Adjust pointers 1.168ms
[2026-06-17T09:51:25.987+0800][45.865s][info][gc,phases,start] GC(1052) Phase 4: Move objects
[2026-06-17T09:51:25.991+0800][45.869s][info][gc,phases      ] GC(1052) Phase 4: Move objects 4.062ms
[2026-06-17T09:51:25.992+0800][45.870s][info][gc             ] GC(1052) Pause Full (Allocation Failure) 56M->22M(61M) 14.108ms
[2026-06-17T09:51:25.993+0800][45.871s][info][gc,heap        ] GC(1051) DefNew: 19520K->0K(19648K)
[2026-06-17T09:51:25.993+0800][45.871s][info][gc,heap        ] GC(1051) Tenured: 38209K->22555K(43712K)
[2026-06-17T09:51:25.994+0800][45.872s][info][gc,metaspace   ] GC(1051) Metaspace: 3166K(4864K)->3166K(4864K) NonClass: 2861K(4352K)->2861K(4352K) Class: 305K(512K)->305K(512K)
[2026-06-17T09:51:25.994+0800][45.872s][info][gc             ] GC(1051) Pause Young (Allocation Failure) 56M->22M(61M) 18.344ms
[2026-06-17T09:51:25.995+0800][45.873s][info][gc,cpu         ] GC(1051) User=0.00s Sys=0.00s Real=0.02s
[2026-06-17T09:51:26.040+0800][45.918s][info][gc,start       ] GC(1053) Pause Young (Allocation Failure)
[2026-06-17T09:51:26.043+0800][45.922s][info][gc,heap        ] GC(1053) DefNew: 17454K->2172K(19648K)
[2026-06-17T09:51:26.044+0800][45.922s][info][gc,heap        ] GC(1053) Tenured: 22555K->27427K(43712K)
[2026-06-17T09:51:26.045+0800][45.923s][info][gc,metaspace   ] GC(1053) Metaspace: 3166K(4864K)->3166K(4864K) NonClass: 2861K(4352K)->2861K(4352K) Class: 305K(512K)->305K(512K)
[2026-06-17T09:51:26.045+0800][45.923s][info][gc             ] GC(1053) Pause Young (Allocation Failure) 39M->28M(61M) 5.308ms
[2026-06-17T09:51:26.046+0800][45.924s][info][gc,cpu         ] GC(1053) User=0.00s Sys=0.00s Real=0.01s
[2026-06-17T09:51:26.091+0800][45.969s][info][gc,start       ] GC(1054) Pause Young (Allocation Failure)
[2026-06-17T09:51:26.092+0800][45.970s][info][gc,heap        ] GC(1054) DefNew: 19644K->2175K(19648K)
[2026-06-17T09:51:26.092+0800][45.970s][info][gc,heap        ] GC(1054) Tenured: 27427K->31683K(43712K)
[2026-06-17T09:51:26.092+0800][45.970s][info][gc,metaspace   ] GC(1054) Metaspace: 3166K(4864K)->3166K(4864K) NonClass: 2861K(4352K)->2861K(4352K) Class: 305K(512K)->305K(512K)
[2026-06-17T09:51:26.093+0800][45.971s][info][gc             ] GC(1054) Pause Young (Allocation Failure) 45M->33M(61M) 2.106ms
[2026-06-17T09:51:26.093+0800][45.971s][info][gc,cpu         ] GC(1054) User=0.00s Sys=0.00s Real=0.00s
[2026-06-17T09:51:26.135+0800][46.013s][info][gc,start       ] GC(1055) Pause Young (Allocation Failure)
[2026-06-17T09:51:26.137+0800][46.015s][info][gc,heap        ] GC(1055) DefNew: 19606K->2172K(19648K)
[2026-06-17T09:51:26.137+0800][46.015s][info][gc,heap        ] GC(1055) Tenured: 31683K->35957K(43712K)
[2026-06-17T09:51:26.138+0800][46.016s][info][gc,metaspace   ] GC(1055) Metaspace: 3166K(4864K)->3166K(4864K) NonClass: 2861K(4352K)->2861K(4352K) Class: 305K(512K)->305K(512K)
[2026-06-17T09:51:26.138+0800][46.016s][info][gc             ] GC(1055) Pause Young (Allocation Failure) 50M->37M(61M) 3.136ms
[2026-06-17T09:51:26.139+0800][46.017s][info][gc,cpu         ] GC(1055) User=0.00s Sys=0.00s Real=0.00s
[2026-06-17T09:51:26.193+0800][46.071s][info][gc,start       ] GC(1056) Pause Young (Allocation Failure)
[2026-06-17T09:51:26.194+0800][46.072s][info][gc,heap        ] GC(1056) DefNew: 19643K->2149K(19648K)
[2026-06-17T09:51:26.194+0800][46.072s][info][gc,heap        ] GC(1056) Tenured: 35957K->36470K(43712K)
[2026-06-17T09:51:26.194+0800][46.072s][info][gc,metaspace   ] GC(1056) Metaspace: 3166K(4864K)->3166K(4864K) NonClass: 2861K(4352K)->2861K(4352K) Class: 305K(512K)->305K(512K)
[2026-06-17T09:51:26.195+0800][46.073s][info][gc             ] GC(1056) Pause Young (Allocation Failure) 54M->37M(61M) 2.086ms
[2026-06-17T09:51:26.195+0800][46.073s][info][gc,cpu         ] GC(1056) User=0.00s Sys=0.00s Real=0.00s
[2026-06-17T09:51:26.227+0800][46.105s][info][gc,start       ] GC(1057) Pause Young (Allocation Failure)
[2026-06-17T09:51:26.228+0800][46.106s][info][gc,start       ] GC(1058) Pause Full (Allocation Failure)
[2026-06-17T09:51:26.228+0800][46.106s][info][gc,phases,start] GC(1058) Phase 1: Mark live objects
[2026-06-17T09:51:26.229+0800][46.107s][info][gc,phases      ] GC(1058) Phase 1: Mark live objects 0.993ms
[2026-06-17T09:51:26.229+0800][46.108s][info][gc,phases,start] GC(1058) Phase 2: Compute new object addresses
[2026-06-17T09:51:26.230+0800][46.108s][info][gc,phases      ] GC(1058) Phase 2: Compute new object addresses 0.443ms
[2026-06-17T09:51:26.230+0800][46.108s][info][gc,phases,start] GC(1058) Phase 3: Adjust pointers
[2026-06-17T09:51:26.231+0800][46.109s][info][gc,phases      ] GC(1058) Phase 3: Adjust pointers 0.615ms
[2026-06-17T09:51:26.231+0800][46.109s][info][gc,phases,start] GC(1058) Phase 4: Move objects
[2026-06-17T09:51:26.233+0800][46.111s][info][gc,phases      ] GC(1058) Phase 4: Move objects 2.018ms
[2026-06-17T09:51:26.233+0800][46.111s][info][gc             ] GC(1058) Pause Full (Allocation Failure) 54M->27M(61M) 5.479ms
[2026-06-17T09:51:26.233+0800][46.112s][info][gc,heap        ] GC(1057) DefNew: 19163K->0K(19648K)
[2026-06-17T09:51:26.234+0800][46.112s][info][gc,heap        ] GC(1057) Tenured: 36470K->28349K(43712K)
[2026-06-17T09:51:26.234+0800][46.112s][info][gc,metaspace   ] GC(1057) Metaspace: 3166K(4864K)->3166K(4864K) NonClass: 2861K(4352K)->2861K(4352K) Class: 305K(512K)->305K(512K)
[2026-06-17T09:51:26.234+0800][46.112s][info][gc             ] GC(1057) Pause Young (Allocation Failure) 54M->27M(61M) 6.647ms
[2026-06-17T09:51:26.234+0800][46.112s][info][gc,cpu         ] GC(1057) User=0.00s Sys=0.00s Real=0.01s
[2026-06-17T09:51:26.287+0800][46.165s][info][gc,start       ] GC(1059) Pause Young (Allocation Failure)
[2026-06-17T09:51:26.288+0800][46.166s][info][gc,heap        ] GC(1059) DefNew: 17458K->2115K(19648K)
[2026-06-17T09:51:26.289+0800][46.167s][info][gc,heap        ] GC(1059) Tenured: 28349K->30038K(43712K)
[2026-06-17T09:51:26.289+0800][46.167s][info][gc,metaspace   ] GC(1059) Metaspace: 3166K(4864K)->3166K(4864K) NonClass: 2861K(4352K)->2861K(4352K) Class: 305K(512K)->305K(512K)
[2026-06-17T09:51:26.290+0800][46.168s][info][gc             ] GC(1059) Pause Young (Allocation Failure) 44M->31M(61M) 3.088ms
[2026-06-17T09:51:26.290+0800][46.168s][info][gc,cpu         ] GC(1059) User=0.00s Sys=0.00s Real=0.00s
[2026-06-17T09:51:26.335+0800][46.213s][info][gc,start       ] GC(1060) Pause Young (Allocation Failure)
[2026-06-17T09:51:26.338+0800][46.216s][info][gc,heap        ] GC(1060) DefNew: 19587K->2173K(19648K)
[2026-06-17T09:51:26.339+0800][46.217s][info][gc,heap        ] GC(1060) Tenured: 30038K->33860K(43712K)
[2026-06-17T09:51:26.339+0800][46.218s][info][gc,metaspace   ] GC(1060) Metaspace: 3166K(4864K)->3166K(4864K) NonClass: 2861K(4352K)->2861K(4352K) Class: 305K(512K)->305K(512K)
[2026-06-17T09:51:26.340+0800][46.218s][info][gc             ] GC(1060) Pause Young (Allocation Failure) 48M->35M(61M) 4.899ms
[2026-06-17T09:51:26.341+0800][46.219s][info][gc,cpu         ] GC(1060) User=0.00s Sys=0.00s Real=0.00s
[2026-06-17T09:51:26.384+0800][46.262s][info][gc,start       ] GC(1061) Pause Young (Allocation Failure)
[2026-06-17T09:51:26.386+0800][46.264s][info][gc,heap        ] GC(1061) DefNew: 19631K->2173K(19648K)
[2026-06-17T09:51:26.387+0800][46.265s][info][gc,heap        ] GC(1061) Tenured: 33860K->37836K(43712K)
[2026-06-17T09:51:26.388+0800][46.266s][info][gc,metaspace   ] GC(1061) Metaspace: 3166K(4864K)->3166K(4864K) NonClass: 2861K(4352K)->2861K(4352K) Class: 305K(512K)->305K(512K)
[2026-06-17T09:51:26.388+0800][46.266s][info][gc             ] GC(1061) Pause Young (Allocation Failure) 52M->39M(61M) 4.203ms
[2026-06-17T09:51:26.389+0800][46.267s][info][gc,cpu         ] GC(1061) User=0.00s Sys=0.00s Real=0.00s
[2026-06-17T09:51:26.435+0800][46.313s][info][gc,start       ] GC(1062) Pause Young (Allocation Failure)
[2026-06-17T09:51:26.435+0800][46.313s][info][gc,start       ] GC(1063) Pause Full (Allocation Failure)
[2026-06-17T09:51:26.435+0800][46.314s][info][gc,phases,start] GC(1063) Phase 1: Mark live objects
[2026-06-17T09:51:26.436+0800][46.314s][info][gc,phases      ] GC(1063) Phase 1: Mark live objects 0.757ms
[2026-06-17T09:51:26.436+0800][46.314s][info][gc,phases,start] GC(1063) Phase 2: Compute new object addresses
[2026-06-17T09:51:26.437+0800][46.315s][info][gc,phases      ] GC(1063) Phase 2: Compute new object addresses 0.394ms
[2026-06-17T09:51:26.437+0800][46.315s][info][gc,phases,start] GC(1063) Phase 3: Adjust pointers
[2026-06-17T09:51:26.438+0800][46.316s][info][gc,phases      ] GC(1063) Phase 3: Adjust pointers 0.392ms
[2026-06-17T09:51:26.438+0800][46.316s][info][gc,phases,start] GC(1063) Phase 4: Move objects
[2026-06-17T09:51:26.441+0800][46.319s][info][gc,phases      ] GC(1063) Phase 4: Move objects 2.758ms
[2026-06-17T09:51:26.441+0800][46.319s][info][gc             ] GC(1063) Pause Full (Allocation Failure) 55M->28M(61M) 5.771ms
[2026-06-17T09:51:26.441+0800][46.319s][info][gc,heap        ] GC(1062) DefNew: 19185K->0K(19648K)
[2026-06-17T09:51:26.441+0800][46.319s][info][gc,heap        ] GC(1062) Tenured: 37836K->29589K(43712K)
[2026-06-17T09:51:26.441+0800][46.319s][info][gc,metaspace   ] GC(1062) Metaspace: 3166K(4864K)->3166K(4864K) NonClass: 2861K(4352K)->2861K(4352K) Class: 305K(512K)->305K(512K)
[2026-06-17T09:51:26.442+0800][46.320s][info][gc             ] GC(1062) Pause Young (Allocation Failure) 55M->28M(61M) 6.952ms
[2026-06-17T09:51:26.442+0800][46.320s][info][gc,cpu         ] GC(1062) User=0.00s Sys=0.00s Real=0.00s
[2026-06-17T09:51:26.485+0800][46.363s][info][gc,start       ] GC(1064) Pause Young (Allocation Failure)
[2026-06-17T09:51:26.486+0800][46.364s][info][gc,heap        ] GC(1064) DefNew: 17349K->2104K(19648K)
[2026-06-17T09:51:26.486+0800][46.364s][info][gc,heap        ] GC(1064) Tenured: 29589K->30911K(43712K)
[2026-06-17T09:51:26.487+0800][46.365s][info][gc,metaspace   ] GC(1064) Metaspace: 3166K(4864K)->3166K(4864K) NonClass: 2861K(4352K)->2861K(4352K) Class: 305K(512K)->305K(512K)
[2026-06-17T09:51:26.487+0800][46.365s][info][gc             ] GC(1064) Pause Young (Allocation Failure) 45M->32M(61M) 2.857ms
[2026-06-17T09:51:26.488+0800][46.366s][info][gc,cpu         ] GC(1064) User=0.00s Sys=0.00s Real=0.00s
[2026-06-17T09:51:26.541+0800][46.419s][info][gc,start       ] GC(1065) Pause Young (Allocation Failure)
[2026-06-17T09:51:26.543+0800][46.421s][info][gc,heap        ] GC(1065) DefNew: 19574K->2088K(19648K)
[2026-06-17T09:51:26.544+0800][46.422s][info][gc,heap        ] GC(1065) Tenured: 30911K->34569K(43712K)
[2026-06-17T09:51:26.544+0800][46.422s][info][gc,metaspace   ] GC(1065) Metaspace: 3166K(4864K)->3166K(4864K) NonClass: 2861K(4352K)->2861K(4352K) Class: 305K(512K)->305K(512K)
[2026-06-17T09:51:26.545+0800][46.423s][info][gc             ] GC(1065) Pause Young (Allocation Failure) 49M->35M(61M) 3.556ms
[2026-06-17T09:51:26.546+0800][46.424s][info][gc,cpu         ] GC(1065) User=0.00s Sys=0.00s Real=0.01s
[2026-06-17T09:51:26.589+0800][46.467s][info][gc,start       ] GC(1066) Pause Young (Allocation Failure)
[2026-06-17T09:51:26.591+0800][46.469s][info][gc,heap        ] GC(1066) DefNew: 19555K->2174K(19648K)
[2026-06-17T09:51:26.591+0800][46.469s][info][gc,heap        ] GC(1066) Tenured: 34569K->38141K(43712K)
[2026-06-17T09:51:26.592+0800][46.470s][info][gc,metaspace   ] GC(1066) Metaspace: 3166K(4864K)->3166K(4864K) NonClass: 2861K(4352K)->2861K(4352K) Class: 305K(512K)->305K(512K)
[2026-06-17T09:51:26.592+0800][46.470s][info][gc             ] GC(1066) Pause Young (Allocation Failure) 52M->39M(61M) 3.610ms
[2026-06-17T09:51:26.593+0800][46.471s][info][gc,cpu         ] GC(1066) User=0.00s Sys=0.00s Real=0.01s
[2026-06-17T09:51:26.636+0800][46.514s][info][gc,start       ] GC(1067) Pause Young (Allocation Failure)
[2026-06-17T09:51:26.637+0800][46.515s][info][gc,start       ] GC(1068) Pause Full (Allocation Failure)
[2026-06-17T09:51:26.638+0800][46.516s][info][gc,phases,start] GC(1068) Phase 1: Mark live objects
[2026-06-17T09:51:26.639+0800][46.517s][info][gc,phases      ] GC(1068) Phase 1: Mark live objects 1.288ms
[2026-06-17T09:51:26.639+0800][46.518s][info][gc,phases,start] GC(1068) Phase 2: Compute new object addresses
[2026-06-17T09:51:26.640+0800][46.518s][info][gc,phases      ] GC(1068) Phase 2: Compute new object addresses 0.668ms
[2026-06-17T09:51:26.641+0800][46.519s][info][gc,phases,start] GC(1068) Phase 3: Adjust pointers
[2026-06-17T09:51:26.642+0800][46.520s][info][gc,phases      ] GC(1068) Phase 3: Adjust pointers 1.034ms
[2026-06-17T09:51:26.642+0800][46.520s][info][gc,phases,start] GC(1068) Phase 4: Move objects
[2026-06-17T09:51:26.645+0800][46.523s][info][gc,phases      ] GC(1068) Phase 4: Move objects 3.245ms
[2026-06-17T09:51:26.646+0800][46.524s][info][gc             ] GC(1068) Pause Full (Allocation Failure) 56M->34M(61M) 9.124ms
[2026-06-17T09:51:26.647+0800][46.525s][info][gc,heap        ] GC(1067) DefNew: 19646K->0K(19648K)
[2026-06-17T09:51:26.647+0800][46.525s][info][gc,heap        ] GC(1067) Tenured: 38141K->34882K(43712K)
[2026-06-17T09:51:26.647+0800][46.525s][info][gc,metaspace   ] GC(1067) Metaspace: 3166K(4864K)->3166K(4864K) NonClass: 2861K(4352K)->2861K(4352K) Class: 305K(512K)->305K(512K)
[2026-06-17T09:51:26.648+0800][46.526s][info][gc             ] GC(1067) Pause Young (Allocation Failure) 56M->34M(61M) 11.606ms
[2026-06-17T09:51:26.648+0800][46.527s][info][gc,cpu         ] GC(1067) User=0.00s Sys=0.00s Real=0.01s
[2026-06-17T09:51:26.701+0800][46.579s][info][gc,start       ] GC(1069) Pause Young (Allocation Failure)
[2026-06-17T09:51:26.702+0800][46.580s][info][gc,heap        ] GC(1069) DefNew: 17472K->2059K(19648K)
[2026-06-17T09:51:26.703+0800][46.581s][info][gc,heap        ] GC(1069) Tenured: 34882K->36296K(43712K)
[2026-06-17T09:51:26.703+0800][46.581s][info][gc,metaspace   ] GC(1069) Metaspace: 3166K(4864K)->3166K(4864K) NonClass: 2861K(4352K)->2861K(4352K) Class: 305K(512K)->305K(512K)
[2026-06-17T09:51:26.703+0800][46.581s][info][gc             ] GC(1069) Pause Young (Allocation Failure) 51M->37M(61M) 1.923ms
[2026-06-17T09:51:26.703+0800][46.581s][info][gc,cpu         ] GC(1069) User=0.00s Sys=0.00s Real=0.01s
[2026-06-17T09:51:26.736+0800][46.615s][info][gc,start       ] GC(1070) Pause Young (Allocation Failure)
[2026-06-17T09:51:26.741+0800][46.619s][info][gc,heap        ] GC(1070) DefNew: 19268K->2096K(19648K)
[2026-06-17T09:51:26.743+0800][46.621s][info][gc,heap        ] GC(1070) Tenured: 36296K->39710K(43712K)
[2026-06-17T09:51:26.746+0800][46.624s][info][gc,metaspace   ] GC(1070) Metaspace: 3166K(4864K)->3166K(4864K) NonClass: 2861K(4352K)->2861K(4352K) Class: 305K(512K)->305K(512K)
[2026-06-17T09:51:26.748+0800][46.626s][info][gc             ] GC(1070) Pause Young (Allocation Failure) 54M->40M(61M) 11.753ms
[2026-06-17T09:51:26.750+0800][46.628s][info][gc,cpu         ] GC(1070) User=0.00s Sys=0.00s Real=0.01s
[2026-06-17T09:51:26.807+0800][46.685s][info][gc,start       ] GC(1071) Pause Young (Allocation Failure)
[2026-06-17T09:51:26.808+0800][46.686s][info][gc,start       ] GC(1072) Pause Full (Allocation Failure)
[2026-06-17T09:51:26.812+0800][46.690s][info][gc,phases,start] GC(1072) Phase 1: Mark live objects
[2026-06-17T09:51:26.813+0800][46.691s][info][gc,phases      ] GC(1072) Phase 1: Mark live objects 0.798ms
[2026-06-17T09:51:26.814+0800][46.692s][info][gc,phases,start] GC(1072) Phase 2: Compute new object addresses
[2026-06-17T09:51:26.814+0800][46.692s][info][gc,phases      ] GC(1072) Phase 2: Compute new object addresses 0.574ms
[2026-06-17T09:51:26.827+0800][46.705s][info][gc,phases,start] GC(1072) Phase 3: Adjust pointers
[2026-06-17T09:51:26.828+0800][46.706s][info][gc,phases      ] GC(1072) Phase 3: Adjust pointers 0.682ms
[2026-06-17T09:51:26.832+0800][46.710s][info][gc,phases,start] GC(1072) Phase 4: Move objects
[2026-06-17T09:51:26.834+0800][46.712s][info][gc,phases      ] GC(1072) Phase 4: Move objects 2.499ms
[2026-06-17T09:51:26.835+0800][46.713s][info][gc             ] GC(1072) Pause Full (Allocation Failure) 57M->30M(61M) 26.246ms
[2026-06-17T09:51:26.835+0800][46.713s][info][gc,heap        ] GC(1071) DefNew: 19551K->0K(19648K)
[2026-06-17T09:51:26.836+0800][46.714s][info][gc,heap        ] GC(1071) Tenured: 39710K->31346K(43712K)
[2026-06-17T09:51:26.836+0800][46.714s][info][gc,metaspace   ] GC(1071) Metaspace: 3166K(4864K)->3166K(4864K) NonClass: 2861K(4352K)->2861K(4352K) Class: 305K(512K)->305K(512K)
[2026-06-17T09:51:26.836+0800][46.714s][info][gc             ] GC(1071) Pause Young (Allocation Failure) 57M->30M(61M) 29.360ms
[2026-06-17T09:51:26.836+0800][46.715s][info][gc,cpu         ] GC(1071) User=0.00s Sys=0.00s Real=0.03s
[2026-06-17T09:51:26.880+0800][46.758s][info][gc,start       ] GC(1073) Pause Young (Allocation Failure)
[2026-06-17T09:51:26.883+0800][46.761s][info][gc,heap        ] GC(1073) DefNew: 17441K->2173K(19648K)
[2026-06-17T09:51:26.884+0800][46.762s][info][gc,heap        ] GC(1073) Tenured: 31346K->36347K(43712K)
[2026-06-17T09:51:26.885+0800][46.763s][info][gc,metaspace   ] GC(1073) Metaspace: 3166K(4864K)->3166K(4864K) NonClass: 2861K(4352K)->2861K(4352K) Class: 305K(512K)->305K(512K)
[2026-06-17T09:51:26.885+0800][46.764s][info][gc             ] GC(1073) Pause Young (Allocation Failure) 47M->37M(61M) 5.579ms
[2026-06-17T09:51:26.886+0800][46.764s][info][gc,cpu         ] GC(1073) User=0.01s Sys=0.00s Real=0.01s
[2026-06-17T09:51:26.931+0800][46.809s][info][gc,start       ] GC(1074) Pause Young (Allocation Failure)
[2026-06-17T09:51:26.933+0800][46.811s][info][gc,heap        ] GC(1074) DefNew: 19645K->2174K(19648K)
[2026-06-17T09:51:26.934+0800][46.812s][info][gc,heap        ] GC(1074) Tenured: 36347K->42792K(43712K)
[2026-06-17T09:51:26.934+0800][46.813s][info][gc,metaspace   ] GC(1074) Metaspace: 3166K(4864K)->3166K(4864K) NonClass: 2861K(4352K)->2861K(4352K) Class: 305K(512K)->305K(512K)
[2026-06-17T09:51:26.935+0800][46.813s][info][gc             ] GC(1074) Pause Young (Allocation Failure) 54M->43M(61M) 4.000ms
[2026-06-17T09:51:26.935+0800][46.813s][info][gc,cpu         ] GC(1074) User=0.00s Sys=0.00s Real=0.00s
[2026-06-17T09:51:26.988+0800][46.866s][info][gc,start       ] GC(1075) Pause Young (Allocation Failure)
[2026-06-17T09:51:26.989+0800][46.867s][info][gc,start       ] GC(1076) Pause Full (Allocation Failure)
[2026-06-17T09:51:26.990+0800][46.868s][info][gc,phases,start] GC(1076) Phase 1: Mark live objects
[2026-06-17T09:51:26.991+0800][46.869s][info][gc,phases      ] GC(1076) Phase 1: Mark live objects 1.300ms
[2026-06-17T09:51:26.992+0800][46.870s][info][gc,phases,start] GC(1076) Phase 2: Compute new object addresses
[2026-06-17T09:51:26.993+0800][46.871s][info][gc,phases      ] GC(1076) Phase 2: Compute new object addresses 1.120ms
[2026-06-17T09:51:26.994+0800][46.872s][info][gc,phases,start] GC(1076) Phase 3: Adjust pointers
[2026-06-17T09:51:26.995+0800][46.873s][info][gc,phases      ] GC(1076) Phase 3: Adjust pointers 1.313ms
[2026-06-17T09:51:26.996+0800][46.874s][info][gc,phases,start] GC(1076) Phase 4: Move objects
[2026-06-17T09:51:26.998+0800][46.876s][info][gc,phases      ] GC(1076) Phase 4: Move objects 2.778ms
[2026-06-17T09:51:26.999+0800][46.877s][info][gc             ] GC(1076) Pause Full (Allocation Failure) 60M->23M(61M) 9.849ms
[2026-06-17T09:51:27.000+0800][46.878s][info][gc,heap        ] GC(1075) DefNew: 19642K->0K(19648K)
[2026-06-17T09:51:27.000+0800][46.878s][info][gc,heap        ] GC(1075) Tenured: 42792K->24154K(43712K)
[2026-06-17T09:51:27.001+0800][46.879s][info][gc,metaspace   ] GC(1075) Metaspace: 3166K(4864K)->3166K(4864K) NonClass: 2861K(4352K)->2861K(4352K) Class: 305K(512K)->305K(512K)
[2026-06-17T09:51:27.001+0800][46.879s][info][gc             ] GC(1075) Pause Young (Allocation Failure) 60M->23M(61M) 12.970ms
[2026-06-17T09:51:27.002+0800][46.880s][info][gc,cpu         ] GC(1075) User=0.01s Sys=0.00s Real=0.01s
[2026-06-17T09:51:27.044+0800][46.923s][info][gc,start       ] GC(1077) Pause Young (Allocation Failure)
[2026-06-17T09:51:27.046+0800][46.924s][info][gc,heap        ] GC(1077) DefNew: 17472K->2172K(19648K)
[2026-06-17T09:51:27.047+0800][46.925s][info][gc,heap        ] GC(1077) Tenured: 24154K->28626K(43712K)
[2026-06-17T09:51:27.047+0800][46.925s][info][gc,metaspace   ] GC(1077) Metaspace: 3166K(4864K)->3166K(4864K) NonClass: 2861K(4352K)->2861K(4352K) Class: 305K(512K)->305K(512K)
[2026-06-17T09:51:27.048+0800][46.926s][info][gc             ] GC(1077) Pause Young (Allocation Failure) 40M->30M(61M) 3.127ms
[2026-06-17T09:51:27.048+0800][46.926s][info][gc,cpu         ] GC(1077) User=0.00s Sys=0.00s Real=0.00s
[2026-06-17T09:51:27.091+0800][46.969s][info][gc,start       ] GC(1078) Pause Young (Allocation Failure)
[2026-06-17T09:51:27.095+0800][46.973s][info][gc,heap        ] GC(1078) DefNew: 19629K->2059K(19648K)
[2026-06-17T09:51:27.095+0800][46.973s][info][gc,heap        ] GC(1078) Tenured: 28626K->32358K(43712K)
[2026-06-17T09:51:27.095+0800][46.973s][info][gc,metaspace   ] GC(1078) Metaspace: 3166K(4864K)->3166K(4864K) NonClass: 2861K(4352K)->2861K(4352K) Class: 305K(512K)->305K(512K)
[2026-06-17T09:51:27.096+0800][46.974s][info][gc             ] GC(1078) Pause Young (Allocation Failure) 47M->33M(61M) 4.335ms
[2026-06-17T09:51:27.097+0800][46.975s][info][gc,cpu         ] GC(1078) User=0.00s Sys=0.00s Real=0.00s
[2026-06-17T09:51:27.139+0800][47.017s][info][gc,start       ] GC(1079) Pause Young (Allocation Failure)
[2026-06-17T09:51:27.140+0800][47.018s][info][gc,heap        ] GC(1079) DefNew: 19478K->2175K(19648K)
[2026-06-17T09:51:27.140+0800][47.018s][info][gc,heap        ] GC(1079) Tenured: 32358K->35830K(43712K)
[2026-06-17T09:51:27.141+0800][47.019s][info][gc,metaspace   ] GC(1079) Metaspace: 3166K(4864K)->3166K(4864K) NonClass: 2861K(4352K)->2861K(4352K) Class: 305K(512K)->305K(512K)
[2026-06-17T09:51:27.141+0800][47.019s][info][gc             ] GC(1079) Pause Young (Allocation Failure) 50M->37M(61M) 1.969ms
[2026-06-17T09:51:27.141+0800][47.019s][info][gc,cpu         ] GC(1079) User=0.00s Sys=0.00s Real=0.00s
[2026-06-17T09:51:27.183+0800][47.061s][info][gc,start       ] GC(1080) Pause Young (Allocation Failure)
[2026-06-17T09:51:27.184+0800][47.062s][info][gc,heap        ] GC(1080) DefNew: 19623K->2114K(19648K)
[2026-06-17T09:51:27.185+0800][47.063s][info][gc,heap        ] GC(1080) Tenured: 35830K->40141K(43712K)
[2026-06-17T09:51:27.185+0800][47.063s][info][gc,metaspace   ] GC(1080) Metaspace: 3166K(4864K)->3166K(4864K) NonClass: 2861K(4352K)->2861K(4352K) Class: 305K(512K)->305K(512K)
[2026-06-17T09:51:27.185+0800][47.063s][info][gc             ] GC(1080) Pause Young (Allocation Failure) 54M->41M(61M) 1.427ms
[2026-06-17T09:51:27.185+0800][47.063s][info][gc,cpu         ] GC(1080) User=0.00s Sys=0.00s Real=0.00s
[2026-06-17T09:51:27.227+0800][47.105s][info][gc,start       ] GC(1081) Pause Young (Allocation Failure)
[2026-06-17T09:51:27.228+0800][47.106s][info][gc,start       ] GC(1082) Pause Full (Allocation Failure)
[2026-06-17T09:51:27.228+0800][47.106s][info][gc,phases,start] GC(1082) Phase 1: Mark live objects
[2026-06-17T09:51:27.229+0800][47.107s][info][gc,phases      ] GC(1082) Phase 1: Mark live objects 0.739ms
[2026-06-17T09:51:27.229+0800][47.107s][info][gc,phases,start] GC(1082) Phase 2: Compute new object addresses
[2026-06-17T09:51:27.229+0800][47.107s][info][gc,phases      ] GC(1082) Phase 2: Compute new object addresses 0.366ms
[2026-06-17T09:51:27.229+0800][47.107s][info][gc,phases,start] GC(1082) Phase 3: Adjust pointers
[2026-06-17T09:51:27.230+0800][47.108s][info][gc,phases      ] GC(1082) Phase 3: Adjust pointers 0.355ms
[2026-06-17T09:51:27.230+0800][47.108s][info][gc,phases,start] GC(1082) Phase 4: Move objects
[2026-06-17T09:51:27.232+0800][47.110s][info][gc,phases      ] GC(1082) Phase 4: Move objects 2.314ms
[2026-06-17T09:51:27.232+0800][47.111s][info][gc             ] GC(1082) Pause Full (Allocation Failure) 58M->32M(61M) 4.773ms
[2026-06-17T09:51:27.233+0800][47.111s][info][gc,heap        ] GC(1081) DefNew: 19555K->0K(19648K)
[2026-06-17T09:51:27.233+0800][47.111s][info][gc,heap        ] GC(1081) Tenured: 40141K->33593K(43712K)
[2026-06-17T09:51:27.233+0800][47.111s][info][gc,metaspace   ] GC(1081) Metaspace: 3166K(4864K)->3166K(4864K) NonClass: 2861K(4352K)->2861K(4352K) Class: 305K(512K)->305K(512K)
[2026-06-17T09:51:27.233+0800][47.111s][info][gc             ] GC(1081) Pause Young (Allocation Failure) 58M->32M(61M) 5.817ms
[2026-06-17T09:51:27.233+0800][47.111s][info][gc,cpu         ] GC(1081) User=0.00s Sys=0.00s Real=0.01s
[2026-06-17T09:51:27.275+0800][47.153s][info][gc,start       ] GC(1083) Pause Young (Allocation Failure)
[2026-06-17T09:51:27.277+0800][47.155s][info][gc,heap        ] GC(1083) DefNew: 17453K->2106K(19648K)
[2026-06-17T09:51:27.279+0800][47.157s][info][gc,heap        ] GC(1083) Tenured: 33593K->35317K(43712K)
[2026-06-17T09:51:27.279+0800][47.157s][info][gc,metaspace   ] GC(1083) Metaspace: 3166K(4864K)->3166K(4864K) NonClass: 2861K(4352K)->2861K(4352K) Class: 305K(512K)->305K(512K)
[2026-06-17T09:51:27.280+0800][47.158s][info][gc             ] GC(1083) Pause Young (Allocation Failure) 49M->36M(61M) 4.907ms
[2026-06-17T09:51:27.281+0800][47.159s][info][gc,cpu         ] GC(1083) User=0.00s Sys=0.00s Real=0.00s
[2026-06-17T09:51:27.323+0800][47.201s][info][gc,start       ] GC(1084) Pause Young (Allocation Failure)
[2026-06-17T09:51:27.324+0800][47.202s][info][gc,heap        ] GC(1084) DefNew: 19533K->2173K(19648K)
[2026-06-17T09:51:27.325+0800][47.203s][info][gc,heap        ] GC(1084) Tenured: 35317K->42071K(43712K)
[2026-06-17T09:51:27.325+0800][47.203s][info][gc,metaspace   ] GC(1084) Metaspace: 3166K(4864K)->3166K(4864K) NonClass: 2861K(4352K)->2861K(4352K) Class: 305K(512K)->305K(512K)
[2026-06-17T09:51:27.325+0800][47.203s][info][gc             ] GC(1084) Pause Young (Allocation Failure) 53M->43M(61M) 1.693ms
[2026-06-17T09:51:27.325+0800][47.203s][info][gc,cpu         ] GC(1084) User=0.01s Sys=0.00s Real=0.00s
[2026-06-17T09:51:27.377+0800][47.255s][info][gc,start       ] GC(1085) Pause Young (Allocation Failure)
[2026-06-17T09:51:27.382+0800][47.260s][info][gc,start       ] GC(1086) Pause Full (Allocation Failure)
[2026-06-17T09:51:27.385+0800][47.263s][info][gc,phases,start] GC(1086) Phase 1: Mark live objects
[2026-06-17T09:51:27.389+0800][47.267s][info][gc,phases      ] GC(1086) Phase 1: Mark live objects 4.469ms
[2026-06-17T09:51:27.392+0800][47.271s][info][gc,phases,start] GC(1086) Phase 2: Compute new object addresses
[2026-06-17T09:51:27.395+0800][47.273s][info][gc,phases      ] GC(1086) Phase 2: Compute new object addresses 2.885ms
[2026-06-17T09:51:27.396+0800][47.275s][info][gc,phases,start] GC(1086) Phase 3: Adjust pointers
[2026-06-17T09:51:27.399+0800][47.277s][info][gc,phases      ] GC(1086) Phase 3: Adjust pointers 2.293ms
[2026-06-17T09:51:27.400+0800][47.278s][info][gc,phases,start] GC(1086) Phase 4: Move objects
[2026-06-17T09:51:27.406+0800][47.284s][info][gc,phases      ] GC(1086) Phase 4: Move objects 5.679ms
[2026-06-17T09:51:27.412+0800][47.290s][info][gc             ] GC(1086) Pause Full (Allocation Failure) 60M->30M(61M) 30.523ms
[2026-06-17T09:51:27.417+0800][47.295s][info][gc,heap        ] GC(1085) DefNew: 19645K->0K(19648K)
[2026-06-17T09:51:27.419+0800][47.297s][info][gc,heap        ] GC(1085) Tenured: 42071K->31446K(43712K)
[2026-06-17T09:51:27.419+0800][47.297s][info][gc,metaspace   ] GC(1085) Metaspace: 3166K(4864K)->3166K(4864K) NonClass: 2861K(4352K)->2861K(4352K) Class: 305K(512K)->305K(512K)
[2026-06-17T09:51:27.419+0800][47.297s][info][gc             ] GC(1085) Pause Young (Allocation Failure) 60M->30M(61M) 41.688ms
[2026-06-17T09:51:27.419+0800][47.297s][info][gc,cpu         ] GC(1085) User=0.00s Sys=0.00s Real=0.04s
[2026-06-17T09:51:27.452+0800][47.330s][info][gc,start       ] GC(1087) Pause Young (Allocation Failure)
[2026-06-17T09:51:27.454+0800][47.332s][info][gc,heap        ] GC(1087) DefNew: 17168K->2175K(19648K)
[2026-06-17T09:51:27.455+0800][47.333s][info][gc,heap        ] GC(1087) Tenured: 31446K->35745K(43712K)
[2026-06-17T09:51:27.457+0800][47.335s][info][gc,metaspace   ] GC(1087) Metaspace: 3166K(4864K)->3166K(4864K) NonClass: 2861K(4352K)->2861K(4352K) Class: 305K(512K)->305K(512K)
[2026-06-17T09:51:27.458+0800][47.336s][info][gc             ] GC(1087) Pause Young (Allocation Failure) 47M->37M(61M) 5.670ms
[2026-06-17T09:51:27.459+0800][47.337s][info][gc,cpu         ] GC(1087) User=0.00s Sys=0.00s Real=0.00s
[2026-06-17T09:51:27.511+0800][47.389s][info][gc,start       ] GC(1088) Pause Young (Allocation Failure)
[2026-06-17T09:51:27.512+0800][47.390s][info][gc,heap        ] GC(1088) DefNew: 19647K->2103K(19648K)
[2026-06-17T09:51:27.513+0800][47.391s][info][gc,heap        ] GC(1088) Tenured: 35745K->39377K(43712K)
[2026-06-17T09:51:27.513+0800][47.391s][info][gc,metaspace   ] GC(1088) Metaspace: 3166K(4864K)->3166K(4864K) NonClass: 2861K(4352K)->2861K(4352K) Class: 305K(512K)->305K(512K)
[2026-06-17T09:51:27.513+0800][47.391s][info][gc             ] GC(1088) Pause Young (Allocation Failure) 54M->40M(61M) 1.578ms
[2026-06-17T09:51:27.513+0800][47.391s][info][gc,cpu         ] GC(1088) User=0.00s Sys=0.00s Real=0.00s
[2026-06-17T09:51:27.556+0800][47.434s][info][gc,start       ] GC(1089) Pause Young (Allocation Failure)
[2026-06-17T09:51:27.557+0800][47.435s][info][gc,start       ] GC(1090) Pause Full (Allocation Failure)
[2026-06-17T09:51:27.557+0800][47.436s][info][gc,phases,start] GC(1090) Phase 1: Mark live objects
[2026-06-17T09:51:27.560+0800][47.438s][info][gc,phases      ] GC(1090) Phase 1: Mark live objects 2.320ms
[2026-06-17T09:51:27.560+0800][47.438s][info][gc,phases,start] GC(1090) Phase 2: Compute new object addresses
[2026-06-17T09:51:27.561+0800][47.439s][info][gc,phases      ] GC(1090) Phase 2: Compute new object addresses 0.820ms
[2026-06-17T09:51:27.562+0800][47.440s][info][gc,phases,start] GC(1090) Phase 3: Adjust pointers
[2026-06-17T09:51:27.563+0800][47.441s][info][gc,phases      ] GC(1090) Phase 3: Adjust pointers 1.298ms
[2026-06-17T09:51:27.565+0800][47.443s][info][gc,phases,start] GC(1090) Phase 4: Move objects
[2026-06-17T09:51:27.569+0800][47.447s][info][gc,phases      ] GC(1090) Phase 4: Move objects 4.098ms
[2026-06-17T09:51:27.570+0800][47.448s][info][gc             ] GC(1090) Pause Full (Allocation Failure) 57M->29M(61M) 12.971ms
[2026-06-17T09:51:27.570+0800][47.448s][info][gc,heap        ] GC(1089) DefNew: 19568K->0K(19648K)
[2026-06-17T09:51:27.571+0800][47.449s][info][gc,heap        ] GC(1089) Tenured: 39377K->30153K(43712K)
[2026-06-17T09:51:27.571+0800][47.449s][info][gc,metaspace   ] GC(1089) Metaspace: 3166K(4864K)->3166K(4864K) NonClass: 2861K(4352K)->2861K(4352K) Class: 305K(512K)->305K(512K)
[2026-06-17T09:51:27.571+0800][47.449s][info][gc             ] GC(1089) Pause Young (Allocation Failure) 57M->29M(61M) 15.574ms
[2026-06-17T09:51:27.572+0800][47.450s][info][gc,cpu         ] GC(1089) User=0.01s Sys=0.00s Real=0.02s
[2026-06-17T09:51:27.614+0800][47.492s][info][gc,start       ] GC(1091) Pause Young (Allocation Failure)
[2026-06-17T09:51:27.615+0800][47.493s][info][gc,heap        ] GC(1091) DefNew: 17463K->2167K(19648K)
[2026-06-17T09:51:27.615+0800][47.494s][info][gc,heap        ] GC(1091) Tenured: 30153K->34675K(43712K)
[2026-06-17T09:51:27.616+0800][47.494s][info][gc,metaspace   ] GC(1091) Metaspace: 3166K(4864K)->3166K(4864K) NonClass: 2861K(4352K)->2861K(4352K) Class: 305K(512K)->305K(512K)
[2026-06-17T09:51:27.616+0800][47.494s][info][gc             ] GC(1091) Pause Young (Allocation Failure) 46M->35M(61M) 1.479ms
[2026-06-17T09:51:27.616+0800][47.494s][info][gc,cpu         ] GC(1091) User=0.00s Sys=0.00s Real=0.00s
[2026-06-17T09:51:27.658+0800][47.536s][info][gc,start       ] GC(1092) Pause Young (Allocation Failure)
[2026-06-17T09:51:27.660+0800][47.538s][info][gc,heap        ] GC(1092) DefNew: 19615K->2158K(19648K)
[2026-06-17T09:51:27.661+0800][47.539s][info][gc,heap        ] GC(1092) Tenured: 34675K->38957K(43712K)
[2026-06-17T09:51:27.662+0800][47.540s][info][gc,metaspace   ] GC(1092) Metaspace: 3166K(4864K)->3166K(4864K) NonClass: 2861K(4352K)->2861K(4352K) Class: 305K(512K)->305K(512K)
[2026-06-17T09:51:27.662+0800][47.540s][info][gc             ] GC(1092) Pause Young (Allocation Failure) 53M->40M(61M) 3.828ms
[2026-06-17T09:51:27.663+0800][47.541s][info][gc,cpu         ] GC(1092) User=0.00s Sys=0.00s Real=0.01s
[2026-06-17T09:51:27.706+0800][47.584s][info][gc,start       ] GC(1093) Pause Young (Allocation Failure)
[2026-06-17T09:51:27.706+0800][47.584s][info][gc,start       ] GC(1094) Pause Full (Allocation Failure)
[2026-06-17T09:51:27.706+0800][47.584s][info][gc,phases,start] GC(1094) Phase 1: Mark live objects
[2026-06-17T09:51:27.707+0800][47.585s][info][gc,phases      ] GC(1094) Phase 1: Mark live objects 0.609ms
[2026-06-17T09:51:27.707+0800][47.585s][info][gc,phases,start] GC(1094) Phase 2: Compute new object addresses
[2026-06-17T09:51:27.707+0800][47.585s][info][gc,phases      ] GC(1094) Phase 2: Compute new object addresses 0.296ms
[2026-06-17T09:51:27.707+0800][47.585s][info][gc,phases,start] GC(1094) Phase 3: Adjust pointers
[2026-06-17T09:51:27.708+0800][47.586s][info][gc,phases      ] GC(1094) Phase 3: Adjust pointers 0.381ms
[2026-06-17T09:51:27.708+0800][47.586s][info][gc,phases,start] GC(1094) Phase 4: Move objects
[2026-06-17T09:51:27.709+0800][47.587s][info][gc,phases      ] GC(1094) Phase 4: Move objects 1.525ms
[2026-06-17T09:51:27.710+0800][47.588s][info][gc             ] GC(1094) Pause Full (Allocation Failure) 57M->26M(61M) 3.679ms
[2026-06-17T09:51:27.710+0800][47.588s][info][gc,heap        ] GC(1093) DefNew: 19551K->0K(19648K)
[2026-06-17T09:51:27.710+0800][47.588s][info][gc,heap        ] GC(1093) Tenured: 38957K->26781K(43712K)
[2026-06-17T09:51:27.710+0800][47.588s][info][gc,metaspace   ] GC(1093) Metaspace: 3166K(4864K)->3166K(4864K) NonClass: 2861K(4352K)->2861K(4352K) Class: 305K(512K)->305K(512K)
[2026-06-17T09:51:27.710+0800][47.588s][info][gc             ] GC(1093) Pause Young (Allocation Failure) 57M->26M(61M) 4.509ms
[2026-06-17T09:51:27.710+0800][47.588s][info][gc,cpu         ] GC(1093) User=0.01s Sys=0.00s Real=0.00s
[2026-06-17T09:51:27.752+0800][47.630s][info][gc,start       ] GC(1095) Pause Young (Allocation Failure)
[2026-06-17T09:51:27.753+0800][47.632s][info][gc,heap        ] GC(1095) DefNew: 17425K->2174K(19648K)
[2026-06-17T09:51:27.754+0800][47.632s][info][gc,heap        ] GC(1095) Tenured: 26781K->31422K(43712K)
[2026-06-17T09:51:27.754+0800][47.632s][info][gc,metaspace   ] GC(1095) Metaspace: 3166K(4864K)->3166K(4864K) NonClass: 2861K(4352K)->2861K(4352K) Class: 305K(512K)->305K(512K)
[2026-06-17T09:51:27.754+0800][47.633s][info][gc             ] GC(1095) Pause Young (Allocation Failure) 43M->32M(61M) 2.152ms
[2026-06-17T09:51:27.755+0800][47.633s][info][gc,cpu         ] GC(1095) User=0.00s Sys=0.00s Real=0.00s
[2026-06-17T09:51:27.798+0800][47.676s][info][gc,start       ] GC(1096) Pause Young (Allocation Failure)
[2026-06-17T09:51:27.800+0800][47.678s][info][gc,heap        ] GC(1096) DefNew: 19634K->2170K(19648K)
[2026-06-17T09:51:27.801+0800][47.679s][info][gc,heap        ] GC(1096) Tenured: 31422K->35779K(43712K)
[2026-06-17T09:51:27.802+0800][47.680s][info][gc,metaspace   ] GC(1096) Metaspace: 3166K(4864K)->3166K(4864K) NonClass: 2861K(4352K)->2861K(4352K) Class: 305K(512K)->305K(512K)
[2026-06-17T09:51:27.802+0800][47.680s][info][gc             ] GC(1096) Pause Young (Allocation Failure) 49M->37M(61M) 3.871ms
[2026-06-17T09:51:27.802+0800][47.681s][info][gc,cpu         ] GC(1096) User=0.00s Sys=0.00s Real=0.00s
[2026-06-17T09:51:27.846+0800][47.724s][info][gc,start       ] GC(1097) Pause Young (Allocation Failure)
[2026-06-17T09:51:27.847+0800][47.725s][info][gc,heap        ] GC(1097) DefNew: 19315K->2169K(19648K)
[2026-06-17T09:51:27.848+0800][47.726s][info][gc,heap        ] GC(1097) Tenured: 35779K->36507K(43712K)
[2026-06-17T09:51:27.848+0800][47.726s][info][gc,metaspace   ] GC(1097) Metaspace: 3166K(4864K)->3166K(4864K) NonClass: 2861K(4352K)->2861K(4352K) Class: 305K(512K)->305K(512K)
[2026-06-17T09:51:27.849+0800][47.727s][info][gc             ] GC(1097) Pause Young (Allocation Failure) 53M->37M(61M) 2.902ms
[2026-06-17T09:51:27.849+0800][47.727s][info][gc,cpu         ] GC(1097) User=0.01s Sys=0.00s Real=0.00s
[2026-06-17T09:51:27.904+0800][47.783s][info][gc,start       ] GC(1098) Pause Young (Allocation Failure)
[2026-06-17T09:51:27.905+0800][47.783s][info][gc,start       ] GC(1099) Pause Full (Allocation Failure)
[2026-06-17T09:51:27.906+0800][47.784s][info][gc,phases,start] GC(1099) Phase 1: Mark live objects
[2026-06-17T09:51:27.907+0800][47.785s][info][gc,phases      ] GC(1099) Phase 1: Mark live objects 1.057ms
[2026-06-17T09:51:27.908+0800][47.786s][info][gc,phases,start] GC(1099) Phase 2: Compute new object addresses
[2026-06-17T09:51:27.908+0800][47.787s][info][gc,phases      ] GC(1099) Phase 2: Compute new object addresses 0.455ms
[2026-06-17T09:51:27.909+0800][47.787s][info][gc,phases,start] GC(1099) Phase 3: Adjust pointers
[2026-06-17T09:51:27.910+0800][47.788s][info][gc,phases      ] GC(1099) Phase 3: Adjust pointers 1.366ms
[2026-06-17T09:51:27.910+0800][47.788s][info][gc,phases,start] GC(1099) Phase 4: Move objects
[2026-06-17T09:51:27.913+0800][47.791s][info][gc,phases      ] GC(1099) Phase 4: Move objects 2.466ms
[2026-06-17T09:51:27.913+0800][47.791s][info][gc             ] GC(1099) Pause Full (Allocation Failure) 54M->28M(61M) 8.285ms
[2026-06-17T09:51:27.914+0800][47.792s][info][gc,heap        ] GC(1098) DefNew: 19641K->0K(19648K)
[2026-06-17T09:51:27.914+0800][47.792s][info][gc,heap        ] GC(1098) Tenured: 36507K->29570K(43712K)
[2026-06-17T09:51:27.914+0800][47.792s][info][gc,metaspace   ] GC(1098) Metaspace: 3166K(4864K)->3166K(4864K) NonClass: 2861K(4352K)->2861K(4352K) Class: 305K(512K)->305K(512K)
[2026-06-17T09:51:27.914+0800][47.792s][info][gc             ] GC(1098) Pause Young (Allocation Failure) 54M->28M(61M) 9.789ms
[2026-06-17T09:51:27.914+0800][47.793s][info][gc,cpu         ] GC(1098) User=0.00s Sys=0.00s Real=0.01s
[2026-06-17T09:51:27.956+0800][47.835s][info][gc,start       ] GC(1100) Pause Young (Allocation Failure)
[2026-06-17T09:51:27.958+0800][47.836s][info][gc,heap        ] GC(1100) DefNew: 17437K->2171K(19648K)
[2026-06-17T09:51:27.958+0800][47.836s][info][gc,heap        ] GC(1100) Tenured: 29570K->34929K(43712K)
[2026-06-17T09:51:27.958+0800][47.836s][info][gc,metaspace   ] GC(1100) Metaspace: 3166K(4864K)->3166K(4864K) NonClass: 2861K(4352K)->2861K(4352K) Class: 305K(512K)->305K(512K)
[2026-06-17T09:51:27.958+0800][47.836s][info][gc             ] GC(1100) Pause Young (Allocation Failure) 45M->36M(61M) 1.797ms
[2026-06-17T09:51:27.958+0800][47.837s][info][gc,cpu         ] GC(1100) User=0.01s Sys=0.00s Real=0.00s
[2026-06-17T09:51:28.001+0800][47.879s][info][gc,start       ] GC(1101) Pause Young (Allocation Failure)
[2026-06-17T09:51:28.002+0800][47.880s][info][gc,heap        ] GC(1101) DefNew: 19643K->2141K(19648K)
[2026-06-17T09:51:28.003+0800][47.881s][info][gc,heap        ] GC(1101) Tenured: 34929K->39624K(43712K)
[2026-06-17T09:51:28.003+0800][47.881s][info][gc,metaspace   ] GC(1101) Metaspace: 3166K(4864K)->3166K(4864K) NonClass: 2861K(4352K)->2861K(4352K) Class: 305K(512K)->305K(512K)
[2026-06-17T09:51:28.003+0800][47.881s][info][gc             ] GC(1101) Pause Young (Allocation Failure) 53M->40M(61M) 2.788ms
[2026-06-17T09:51:28.004+0800][47.882s][info][gc,cpu         ] GC(1101) User=0.00s Sys=0.00s Real=0.01s
[2026-06-17T09:51:28.047+0800][47.925s][info][gc,start       ] GC(1102) Pause Young (Allocation Failure)
[2026-06-17T09:51:28.047+0800][47.925s][info][gc,start       ] GC(1103) Pause Full (Allocation Failure)
[2026-06-17T09:51:28.048+0800][47.926s][info][gc,phases,start] GC(1103) Phase 1: Mark live objects
[2026-06-17T09:51:28.049+0800][47.927s][info][gc,phases      ] GC(1103) Phase 1: Mark live objects 1.580ms
[2026-06-17T09:51:28.050+0800][47.928s][info][gc,phases,start] GC(1103) Phase 2: Compute new object addresses
[2026-06-17T09:51:28.051+0800][47.929s][info][gc,phases      ] GC(1103) Phase 2: Compute new object addresses 0.916ms
[2026-06-17T09:51:28.051+0800][47.929s][info][gc,phases,start] GC(1103) Phase 3: Adjust pointers
[2026-06-17T09:51:28.052+0800][47.930s][info][gc,phases      ] GC(1103) Phase 3: Adjust pointers 0.746ms
[2026-06-17T09:51:28.053+0800][47.931s][info][gc,phases,start] GC(1103) Phase 4: Move objects
[2026-06-17T09:51:28.056+0800][47.934s][info][gc,phases      ] GC(1103) Phase 4: Move objects 3.077ms
[2026-06-17T09:51:28.056+0800][47.934s][info][gc             ] GC(1103) Pause Full (Allocation Failure) 57M->23M(61M) 8.976ms
[2026-06-17T09:51:28.056+0800][47.934s][info][gc,heap        ] GC(1102) DefNew: 19613K->0K(19648K)
[2026-06-17T09:51:28.057+0800][47.935s][info][gc,heap        ] GC(1102) Tenured: 39624K->24188K(43712K)
[2026-06-17T09:51:28.057+0800][47.935s][info][gc,metaspace   ] GC(1102) Metaspace: 3166K(4864K)->3166K(4864K) NonClass: 2861K(4352K)->2861K(4352K) Class: 305K(512K)->305K(512K)
[2026-06-17T09:51:28.057+0800][47.935s][info][gc             ] GC(1102) Pause Young (Allocation Failure) 57M->23M(61M) 10.604ms
[2026-06-17T09:51:28.057+0800][47.935s][info][gc,cpu         ] GC(1102) User=0.00s Sys=0.00s Real=0.01s
[2026-06-17T09:51:28.100+0800][47.978s][info][gc,start       ] GC(1104) Pause Young (Allocation Failure)
[2026-06-17T09:51:28.101+0800][47.979s][info][gc,heap        ] GC(1104) DefNew: 17410K->2016K(19648K)
[2026-06-17T09:51:28.101+0800][47.979s][info][gc,heap        ] GC(1104) Tenured: 24188K->25793K(43712K)
[2026-06-17T09:51:28.102+0800][47.980s][info][gc,metaspace   ] GC(1104) Metaspace: 3166K(4864K)->3166K(4864K) NonClass: 2861K(4352K)->2861K(4352K) Class: 305K(512K)->305K(512K)
[2026-06-17T09:51:28.102+0800][47.980s][info][gc             ] GC(1104) Pause Young (Allocation Failure) 40M->27M(61M) 1.992ms
[2026-06-17T09:51:28.102+0800][47.980s][info][gc,cpu         ] GC(1104) User=0.00s Sys=0.00s Real=0.00s
[2026-06-17T09:51:28.146+0800][48.024s][info][gc,start       ] GC(1105) Pause Young (Allocation Failure)
[2026-06-17T09:51:28.147+0800][48.025s][info][gc,heap        ] GC(1105) DefNew: 19460K->2172K(19648K)
[2026-06-17T09:51:28.147+0800][48.025s][info][gc,heap        ] GC(1105) Tenured: 25793K->32310K(43712K)
[2026-06-17T09:51:28.147+0800][48.025s][info][gc,metaspace   ] GC(1105) Metaspace: 3166K(4864K)->3166K(4864K) NonClass: 2861K(4352K)->2861K(4352K) Class: 305K(512K)->305K(512K)
[2026-06-17T09:51:28.148+0800][48.026s][info][gc             ] GC(1105) Pause Young (Allocation Failure) 44M->33M(61M) 2.006ms
[2026-06-17T09:51:28.148+0800][48.026s][info][gc,cpu         ] GC(1105) User=0.00s Sys=0.00s Real=0.00s
[2026-06-17T09:51:28.201+0800][48.079s][info][gc,start       ] GC(1106) Pause Young (Allocation Failure)
[2026-06-17T09:51:28.202+0800][48.080s][info][gc,heap        ] GC(1106) DefNew: 19643K->2075K(19648K)
[2026-06-17T09:51:28.203+0800][48.081s][info][gc,heap        ] GC(1106) Tenured: 32310K->33812K(43712K)
[2026-06-17T09:51:28.203+0800][48.081s][info][gc,metaspace   ] GC(1106) Metaspace: 3166K(4864K)->3166K(4864K) NonClass: 2861K(4352K)->2861K(4352K) Class: 305K(512K)->305K(512K)
[2026-06-17T09:51:28.204+0800][48.082s][info][gc             ] GC(1106) Pause Young (Allocation Failure) 50M->35M(61M) 2.810ms
[2026-06-17T09:51:28.204+0800][48.082s][info][gc,cpu         ] GC(1106) User=0.00s Sys=0.00s Real=0.01s
[2026-06-17T09:51:28.237+0800][48.115s][info][gc,start       ] GC(1107) Pause Young (Allocation Failure)
[2026-06-17T09:51:28.238+0800][48.116s][info][gc,heap        ] GC(1107) DefNew: 19199K->2040K(19648K)
[2026-06-17T09:51:28.238+0800][48.116s][info][gc,heap        ] GC(1107) Tenured: 33812K->37122K(43712K)
[2026-06-17T09:51:28.238+0800][48.116s][info][gc,metaspace   ] GC(1107) Metaspace: 3166K(4864K)->3166K(4864K) NonClass: 2861K(4352K)->2861K(4352K) Class: 305K(512K)->305K(512K)
[2026-06-17T09:51:28.239+0800][48.117s][info][gc             ] GC(1107) Pause Young (Allocation Failure) 51M->38M(61M) 1.650ms
[2026-06-17T09:51:28.239+0800][48.117s][info][gc,cpu         ] GC(1107) User=0.00s Sys=0.00s Real=0.00s
[2026-06-17T09:51:28.291+0800][48.169s][info][gc,start       ] GC(1108) Pause Young (Allocation Failure)
[2026-06-17T09:51:28.292+0800][48.170s][info][gc,start       ] GC(1109) Pause Full (Allocation Failure)
[2026-06-17T09:51:28.292+0800][48.170s][info][gc,phases,start] GC(1109) Phase 1: Mark live objects
[2026-06-17T09:51:28.294+0800][48.172s][info][gc,phases      ] GC(1109) Phase 1: Mark live objects 1.826ms
[2026-06-17T09:51:28.295+0800][48.173s][info][gc,phases,start] GC(1109) Phase 2: Compute new object addresses
[2026-06-17T09:51:28.295+0800][48.173s][info][gc,phases      ] GC(1109) Phase 2: Compute new object addresses 0.858ms
[2026-06-17T09:51:28.296+0800][48.174s][info][gc,phases,start] GC(1109) Phase 3: Adjust pointers
[2026-06-17T09:51:28.297+0800][48.175s][info][gc,phases      ] GC(1109) Phase 3: Adjust pointers 0.840ms
[2026-06-17T09:51:28.297+0800][48.175s][info][gc,phases,start] GC(1109) Phase 4: Move objects
[2026-06-17T09:51:28.300+0800][48.179s][info][gc,phases      ] GC(1109) Phase 4: Move objects 3.522ms
[2026-06-17T09:51:28.301+0800][48.179s][info][gc             ] GC(1109) Pause Full (Allocation Failure) 55M->27M(61M) 9.391ms
[2026-06-17T09:51:28.301+0800][48.179s][info][gc,heap        ] GC(1108) DefNew: 19480K->0K(19648K)
[2026-06-17T09:51:28.302+0800][48.180s][info][gc,heap        ] GC(1108) Tenured: 37122K->28184K(43712K)
[2026-06-17T09:51:28.302+0800][48.180s][info][gc,metaspace   ] GC(1108) Metaspace: 3166K(4864K)->3166K(4864K) NonClass: 2861K(4352K)->2861K(4352K) Class: 305K(512K)->305K(512K)
[2026-06-17T09:51:28.302+0800][48.180s][info][gc             ] GC(1108) Pause Young (Allocation Failure) 55M->27M(61M) 11.224ms
[2026-06-17T09:51:28.303+0800][48.181s][info][gc,cpu         ] GC(1108) User=0.00s Sys=0.00s Real=0.01s
[2026-06-17T09:51:28.347+0800][48.225s][info][gc,start       ] GC(1110) Pause Young (Allocation Failure)
[2026-06-17T09:51:28.349+0800][48.227s][info][gc,heap        ] GC(1110) DefNew: 17471K->2173K(19648K)
[2026-06-17T09:51:28.350+0800][48.228s][info][gc,heap        ] GC(1110) Tenured: 28184K->33316K(43712K)
[2026-06-17T09:51:28.350+0800][48.228s][info][gc,metaspace   ] GC(1110) Metaspace: 3166K(4864K)->3166K(4864K) NonClass: 2861K(4352K)->2861K(4352K) Class: 305K(512K)->305K(512K)
[2026-06-17T09:51:28.350+0800][48.228s][info][gc             ] GC(1110) Pause Young (Allocation Failure) 44M->34M(61M) 3.678ms
[2026-06-17T09:51:28.351+0800][48.229s][info][gc,cpu         ] GC(1110) User=0.00s Sys=0.01s Real=0.01s
[2026-06-17T09:51:28.394+0800][48.272s][info][gc,start       ] GC(1111) Pause Young (Allocation Failure)
[2026-06-17T09:51:28.397+0800][48.275s][info][gc,heap        ] GC(1111) DefNew: 19612K->2118K(19648K)
[2026-06-17T09:51:28.398+0800][48.276s][info][gc,heap        ] GC(1111) Tenured: 33316K->38767K(43712K)
[2026-06-17T09:51:28.399+0800][48.277s][info][gc,metaspace   ] GC(1111) Metaspace: 3166K(4864K)->3166K(4864K) NonClass: 2861K(4352K)->2861K(4352K) Class: 305K(512K)->305K(512K)
[2026-06-17T09:51:28.399+0800][48.277s][info][gc             ] GC(1111) Pause Young (Allocation Failure) 51M->39M(61M) 5.076ms
[2026-06-17T09:51:28.400+0800][48.278s][info][gc,cpu         ] GC(1111) User=0.00s Sys=0.00s Real=0.00s
[2026-06-17T09:51:28.444+0800][48.322s][info][gc,start       ] GC(1112) Pause Young (Allocation Failure)
[2026-06-17T09:51:28.446+0800][48.324s][info][gc,start       ] GC(1113) Pause Full (Allocation Failure)
[2026-06-17T09:51:28.446+0800][48.324s][info][gc,phases,start] GC(1113) Phase 1: Mark live objects
[2026-06-17T09:51:28.448+0800][48.326s][info][gc,phases      ] GC(1113) Phase 1: Mark live objects 1.921ms
[2026-06-17T09:51:28.449+0800][48.327s][info][gc,phases,start] GC(1113) Phase 2: Compute new object addresses
[2026-06-17T09:51:28.450+0800][48.328s][info][gc,phases      ] GC(1113) Phase 2: Compute new object addresses 1.080ms
[2026-06-17T09:51:28.451+0800][48.329s][info][gc,phases,start] GC(1113) Phase 3: Adjust pointers
[2026-06-17T09:51:28.452+0800][48.330s][info][gc,phases      ] GC(1113) Phase 3: Adjust pointers 1.176ms
[2026-06-17T09:51:28.452+0800][48.330s][info][gc,phases,start] GC(1113) Phase 4: Move objects
[2026-06-17T09:51:28.456+0800][48.334s][info][gc,phases      ] GC(1113) Phase 4: Move objects 3.600ms
[2026-06-17T09:51:28.457+0800][48.335s][info][gc             ] GC(1113) Pause Full (Allocation Failure) 56M->28M(61M) 10.754ms
[2026-06-17T09:51:28.458+0800][48.336s][info][gc,heap        ] GC(1112) DefNew: 19530K->0K(19648K)
[2026-06-17T09:51:28.458+0800][48.336s][info][gc,heap        ] GC(1112) Tenured: 38767K->28943K(43712K)
[2026-06-17T09:51:28.459+0800][48.337s][info][gc,metaspace   ] GC(1112) Metaspace: 3166K(4864K)->3166K(4864K) NonClass: 2861K(4352K)->2861K(4352K) Class: 305K(512K)->305K(512K)
[2026-06-17T09:51:28.460+0800][48.338s][info][gc             ] GC(1112) Pause Young (Allocation Failure) 56M->28M(61M) 15.646ms
[2026-06-17T09:51:28.460+0800][48.338s][info][gc,cpu         ] GC(1112) User=0.01s Sys=0.00s Real=0.01s
[2026-06-17T09:51:28.504+0800][48.382s][info][gc,start       ] GC(1114) Pause Young (Allocation Failure)
[2026-06-17T09:51:28.505+0800][48.383s][info][gc,heap        ] GC(1114) DefNew: 17286K->2149K(19648K)
[2026-06-17T09:51:28.506+0800][48.384s][info][gc,heap        ] GC(1114) Tenured: 28943K->30405K(43712K)
[2026-06-17T09:51:28.506+0800][48.384s][info][gc,metaspace   ] GC(1114) Metaspace: 3166K(4864K)->3166K(4864K) NonClass: 2861K(4352K)->2861K(4352K) Class: 305K(512K)->305K(512K)
[2026-06-17T09:51:28.507+0800][48.385s][info][gc             ] GC(1114) Pause Young (Allocation Failure) 45M->31M(61M) 3.211ms
[2026-06-17T09:51:28.511+0800][48.389s][info][gc,cpu         ] GC(1114) User=0.00s Sys=0.00s Real=0.01s
[2026-06-17T09:51:28.556+0800][48.434s][info][gc,start       ] GC(1115) Pause Young (Allocation Failure)
[2026-06-17T09:51:28.558+0800][48.436s][info][gc,heap        ] GC(1115) DefNew: 19608K->2072K(19648K)
[2026-06-17T09:51:28.559+0800][48.437s][info][gc,heap        ] GC(1115) Tenured: 30405K->34249K(43712K)
[2026-06-17T09:51:28.559+0800][48.437s][info][gc,metaspace   ] GC(1115) Metaspace: 3166K(4864K)->3166K(4864K) NonClass: 2861K(4352K)->2861K(4352K) Class: 305K(512K)->305K(512K)
[2026-06-17T09:51:28.560+0800][48.438s][info][gc             ] GC(1115) Pause Young (Allocation Failure) 48M->35M(61M) 3.835ms
[2026-06-17T09:51:28.560+0800][48.438s][info][gc,cpu         ] GC(1115) User=0.01s Sys=0.00s Real=0.00s
[2026-06-17T09:51:28.615+0800][48.493s][info][gc,start       ] GC(1116) Pause Young (Allocation Failure)
[2026-06-17T09:51:28.617+0800][48.495s][info][gc,heap        ] GC(1116) DefNew: 19544K->2076K(19648K)
[2026-06-17T09:51:28.617+0800][48.496s][info][gc,heap        ] GC(1116) Tenured: 34249K->38292K(43712K)
[2026-06-17T09:51:28.618+0800][48.496s][info][gc,metaspace   ] GC(1116) Metaspace: 3166K(4864K)->3166K(4864K) NonClass: 2861K(4352K)->2861K(4352K) Class: 305K(512K)->305K(512K)
[2026-06-17T09:51:28.619+0800][48.497s][info][gc             ] GC(1116) Pause Young (Allocation Failure) 52M->39M(61M) 3.727ms
[2026-06-17T09:51:28.619+0800][48.497s][info][gc,cpu         ] GC(1116) User=0.00s Sys=0.00s Real=0.00s
[2026-06-17T09:51:28.654+0800][48.532s][info][gc,start       ] GC(1117) Pause Young (Allocation Failure)
[2026-06-17T09:51:28.655+0800][48.533s][info][gc,start       ] GC(1118) Pause Full (Allocation Failure)
[2026-06-17T09:51:28.656+0800][48.534s][info][gc,phases,start] GC(1118) Phase 1: Mark live objects
[2026-06-17T09:51:28.657+0800][48.535s][info][gc,phases      ] GC(1118) Phase 1: Mark live objects 1.802ms
[2026-06-17T09:51:28.658+0800][48.536s][info][gc,phases,start] GC(1118) Phase 2: Compute new object addresses
[2026-06-17T09:51:28.659+0800][48.537s][info][gc,phases      ] GC(1118) Phase 2: Compute new object addresses 0.817ms
[2026-06-17T09:51:28.659+0800][48.537s][info][gc,phases,start] GC(1118) Phase 3: Adjust pointers
[2026-06-17T09:51:28.660+0800][48.538s][info][gc,phases      ] GC(1118) Phase 3: Adjust pointers 0.871ms
[2026-06-17T09:51:28.661+0800][48.539s][info][gc,phases,start] GC(1118) Phase 4: Move objects
[2026-06-17T09:51:28.664+0800][48.542s][info][gc,phases      ] GC(1118) Phase 4: Move objects 2.887ms
[2026-06-17T09:51:28.664+0800][48.542s][info][gc             ] GC(1118) Pause Full (Allocation Failure) 56M->28M(61M) 9.410ms
[2026-06-17T09:51:28.665+0800][48.543s][info][gc,heap        ] GC(1117) DefNew: 19381K->0K(19648K)
[2026-06-17T09:51:28.665+0800][48.543s][info][gc,heap        ] GC(1117) Tenured: 38292K->29666K(43712K)
[2026-06-17T09:51:28.665+0800][48.543s][info][gc,metaspace   ] GC(1117) Metaspace: 3166K(4864K)->3166K(4864K) NonClass: 2861K(4352K)->2861K(4352K) Class: 305K(512K)->305K(512K)
[2026-06-17T09:51:28.665+0800][48.543s][info][gc             ] GC(1117) Pause Young (Allocation Failure) 56M->28M(61M) 11.148ms
[2026-06-17T09:51:28.665+0800][48.544s][info][gc,cpu         ] GC(1117) User=0.01s Sys=0.00s Real=0.01s
[2026-06-17T09:51:28.719+0800][48.597s][info][gc,start       ] GC(1119) Pause Young (Allocation Failure)
[2026-06-17T09:51:28.721+0800][48.599s][info][gc,heap        ] GC(1119) DefNew: 17436K->2030K(19648K)
[2026-06-17T09:51:28.721+0800][48.599s][info][gc,heap        ] GC(1119) Tenured: 29666K->31098K(43712K)
[2026-06-17T09:51:28.722+0800][48.600s][info][gc,metaspace   ] GC(1119) Metaspace: 3166K(4864K)->3166K(4864K) NonClass: 2861K(4352K)->2861K(4352K) Class: 305K(512K)->305K(512K)
[2026-06-17T09:51:28.723+0800][48.601s][info][gc             ] GC(1119) Pause Young (Allocation Failure) 45M->32M(61M) 3.498ms
[2026-06-17T09:51:28.723+0800][48.601s][info][gc,cpu         ] GC(1119) User=0.00s Sys=0.00s Real=0.01s
[2026-06-17T09:51:28.767+0800][48.645s][info][gc,start       ] GC(1120) Pause Young (Allocation Failure)
[2026-06-17T09:51:28.767+0800][48.645s][info][gc,heap        ] GC(1120) DefNew: 19502K->2168K(19648K)
[2026-06-17T09:51:28.767+0800][48.646s][info][gc,heap        ] GC(1120) Tenured: 31098K->34283K(43712K)
[2026-06-17T09:51:28.768+0800][48.646s][info][gc,metaspace   ] GC(1120) Metaspace: 3166K(4864K)->3166K(4864K) NonClass: 2861K(4352K)->2861K(4352K) Class: 305K(512K)->305K(512K)
[2026-06-17T09:51:28.768+0800][48.646s][info][gc             ] GC(1120) Pause Young (Allocation Failure) 49M->35M(61M) 1.152ms
[2026-06-17T09:51:28.768+0800][48.646s][info][gc,cpu         ] GC(1120) User=0.00s Sys=0.00s Real=0.00s
[2026-06-17T09:51:28.810+0800][48.688s][info][gc,start       ] GC(1121) Pause Young (Allocation Failure)
[2026-06-17T09:51:28.812+0800][48.690s][info][gc,heap        ] GC(1121) DefNew: 19633K->2068K(19648K)
[2026-06-17T09:51:28.813+0800][48.691s][info][gc,heap        ] GC(1121) Tenured: 34283K->38007K(43712K)
[2026-06-17T09:51:28.813+0800][48.691s][info][gc,metaspace   ] GC(1121) Metaspace: 3166K(4864K)->3166K(4864K) NonClass: 2861K(4352K)->2861K(4352K) Class: 305K(512K)->305K(512K)
[2026-06-17T09:51:28.814+0800][48.692s][info][gc             ] GC(1121) Pause Young (Allocation Failure) 52M->39M(61M) 3.585ms
[2026-06-17T09:51:28.816+0800][48.694s][info][gc,cpu         ] GC(1121) User=0.00s Sys=0.00s Real=0.01s
[2026-06-17T09:51:28.859+0800][48.737s][info][gc,start       ] GC(1122) Pause Young (Allocation Failure)
[2026-06-17T09:51:28.859+0800][48.737s][info][gc,start       ] GC(1123) Pause Full (Allocation Failure)
[2026-06-17T09:51:28.860+0800][48.739s][info][gc,phases,start] GC(1123) Phase 1: Mark live objects
[2026-06-17T09:51:28.861+0800][48.739s][info][gc,phases      ] GC(1123) Phase 1: Mark live objects 0.770ms
[2026-06-17T09:51:28.862+0800][48.740s][info][gc,phases,start] GC(1123) Phase 2: Compute new object addresses
[2026-06-17T09:51:28.862+0800][48.741s][info][gc,phases      ] GC(1123) Phase 2: Compute new object addresses 0.929ms
[2026-06-17T09:51:28.863+0800][48.741s][info][gc,phases,start] GC(1123) Phase 3: Adjust pointers
[2026-06-17T09:51:28.863+0800][48.741s][info][gc,phases      ] GC(1123) Phase 3: Adjust pointers 0.385ms
[2026-06-17T09:51:28.863+0800][48.741s][info][gc,phases,start] GC(1123) Phase 4: Move objects
[2026-06-17T09:51:28.866+0800][48.744s][info][gc,phases      ] GC(1123) Phase 4: Move objects 2.211ms
[2026-06-17T09:51:28.866+0800][48.744s][info][gc             ] GC(1123) Pause Full (Allocation Failure) 56M->31M(61M) 6.616ms
[2026-06-17T09:51:28.866+0800][48.744s][info][gc,heap        ] GC(1122) DefNew: 19533K->0K(19648K)
[2026-06-17T09:51:28.866+0800][48.744s][info][gc,heap        ] GC(1122) Tenured: 38007K->32766K(43712K)
[2026-06-17T09:51:28.867+0800][48.745s][info][gc,metaspace   ] GC(1122) Metaspace: 3166K(4864K)->3166K(4864K) NonClass: 2861K(4352K)->2861K(4352K) Class: 305K(512K)->305K(512K)
[2026-06-17T09:51:28.867+0800][48.745s][info][gc             ] GC(1122) Pause Young (Allocation Failure) 56M->31M(61M) 7.874ms
[2026-06-17T09:51:28.867+0800][48.745s][info][gc,cpu         ] GC(1122) User=0.00s Sys=0.00s Real=0.01s
[2026-06-17T09:51:28.910+0800][48.788s][info][gc,start       ] GC(1124) Pause Young (Allocation Failure)
[2026-06-17T09:51:28.912+0800][48.790s][info][gc,heap        ] GC(1124) DefNew: 17462K->2171K(19648K)
[2026-06-17T09:51:28.913+0800][48.791s][info][gc,heap        ] GC(1124) Tenured: 32766K->37664K(43712K)
[2026-06-17T09:51:28.913+0800][48.791s][info][gc,metaspace   ] GC(1124) Metaspace: 3166K(4864K)->3166K(4864K) NonClass: 2861K(4352K)->2861K(4352K) Class: 305K(512K)->305K(512K)
[2026-06-17T09:51:28.914+0800][48.792s][info][gc             ] GC(1124) Pause Young (Allocation Failure) 49M->38M(61M) 4.152ms
[2026-06-17T09:51:28.915+0800][48.793s][info][gc,cpu         ] GC(1124) User=0.00s Sys=0.00s Real=0.01s
[2026-06-17T09:51:28.959+0800][48.837s][info][gc,start       ] GC(1125) Pause Young (Allocation Failure)
[2026-06-17T09:51:28.960+0800][48.838s][info][gc,start       ] GC(1126) Pause Full (Allocation Failure)
[2026-06-17T09:51:28.961+0800][48.839s][info][gc,phases,start] GC(1126) Phase 1: Mark live objects
[2026-06-17T09:51:28.964+0800][48.842s][info][gc,phases      ] GC(1126) Phase 1: Mark live objects 2.603ms
[2026-06-17T09:51:28.964+0800][48.842s][info][gc,phases,start] GC(1126) Phase 2: Compute new object addresses
[2026-06-17T09:51:28.965+0800][48.843s][info][gc,phases      ] GC(1126) Phase 2: Compute new object addresses 1.008ms
[2026-06-17T09:51:28.966+0800][48.844s][info][gc,phases,start] GC(1126) Phase 3: Adjust pointers
[2026-06-17T09:51:28.967+0800][48.845s][info][gc,phases      ] GC(1126) Phase 3: Adjust pointers 0.977ms
[2026-06-17T09:51:28.967+0800][48.845s][info][gc,phases,start] GC(1126) Phase 4: Move objects
[2026-06-17T09:51:28.970+0800][48.848s][info][gc,phases      ] GC(1126) Phase 4: Move objects 2.711ms
[2026-06-17T09:51:28.970+0800][48.848s][info][gc             ] GC(1126) Pause Full (Allocation Failure) 55M->29M(61M) 9.901ms
[2026-06-17T09:51:28.971+0800][48.849s][info][gc,heap        ] GC(1125) DefNew: 19643K->0K(19648K)
[2026-06-17T09:51:28.971+0800][48.849s][info][gc,heap        ] GC(1125) Tenured: 37664K->29907K(43712K)
[2026-06-17T09:51:28.971+0800][48.849s][info][gc,metaspace   ] GC(1125) Metaspace: 3166K(4864K)->3166K(4864K) NonClass: 2861K(4352K)->2861K(4352K) Class: 305K(512K)->305K(512K)
[2026-06-17T09:51:28.972+0800][48.850s][info][gc             ] GC(1125) Pause Young (Allocation Failure) 55M->29M(61M) 12.551ms
[2026-06-17T09:51:28.972+0800][48.850s][info][gc,cpu         ] GC(1125) User=0.00s Sys=0.00s Real=0.02s
[2026-06-17T09:51:29.026+0800][48.904s][info][gc,start       ] GC(1127) Pause Young (Allocation Failure)
[2026-06-17T09:51:29.028+0800][48.906s][info][gc,heap        ] GC(1127) DefNew: 17445K->2104K(19648K)
[2026-06-17T09:51:29.028+0800][48.906s][info][gc,heap        ] GC(1127) Tenured: 29907K->31236K(43712K)
[2026-06-17T09:51:29.029+0800][48.907s][info][gc,metaspace   ] GC(1127) Metaspace: 3166K(4864K)->3166K(4864K) NonClass: 2861K(4352K)->2861K(4352K) Class: 305K(512K)->305K(512K)
[2026-06-17T09:51:29.029+0800][48.907s][info][gc             ] GC(1127) Pause Young (Allocation Failure) 46M->32M(61M) 3.464ms
[2026-06-17T09:51:29.030+0800][48.908s][info][gc,cpu         ] GC(1127) User=0.00s Sys=0.00s Real=0.00s
[2026-06-17T09:51:29.073+0800][48.951s][info][gc,start       ] GC(1128) Pause Young (Allocation Failure)
[2026-06-17T09:51:29.074+0800][48.952s][info][gc,heap        ] GC(1128) DefNew: 19576K->2139K(19648K)
[2026-06-17T09:51:29.074+0800][48.952s][info][gc,heap        ] GC(1128) Tenured: 31236K->34699K(43712K)
[2026-06-17T09:51:29.075+0800][48.953s][info][gc,metaspace   ] GC(1128) Metaspace: 3166K(4864K)->3166K(4864K) NonClass: 2861K(4352K)->2861K(4352K) Class: 305K(512K)->305K(512K)
[2026-06-17T09:51:29.075+0800][48.953s][info][gc             ] GC(1128) Pause Young (Allocation Failure) 49M->35M(61M) 1.432ms
[2026-06-17T09:51:29.075+0800][48.953s][info][gc,cpu         ] GC(1128) User=0.00s Sys=0.00s Real=0.00s
[2026-06-17T09:51:29.118+0800][48.996s][info][gc,start       ] GC(1129) Pause Young (Allocation Failure)
[2026-06-17T09:51:29.122+0800][49.000s][info][gc,heap        ] GC(1129) DefNew: 19563K->2115K(19648K)
[2026-06-17T09:51:29.151+0800][49.029s][info][gc,heap        ] GC(1129) Tenured: 34699K->37742K(43712K)
[2026-06-17T09:51:29.151+0800][49.029s][info][gc,metaspace   ] GC(1129) Metaspace: 3166K(4864K)->3166K(4864K) NonClass: 2861K(4352K)->2861K(4352K) Class: 305K(512K)->305K(512K)
[2026-06-17T09:51:29.152+0800][49.030s][info][gc             ] GC(1129) Pause Young (Allocation Failure) 52M->38M(61M) 34.033ms
[2026-06-17T09:51:29.152+0800][49.030s][info][gc,cpu         ] GC(1129) User=0.00s Sys=0.00s Real=0.04s
[2026-06-17T09:51:29.196+0800][49.074s][info][gc,start       ] GC(1130) Pause Young (Allocation Failure)
[2026-06-17T09:51:29.203+0800][49.081s][info][gc,start       ] GC(1131) Pause Full (Allocation Failure)
[2026-06-17T09:51:29.204+0800][49.082s][info][gc,phases,start] GC(1131) Phase 1: Mark live objects
[2026-06-17T09:51:29.208+0800][49.086s][info][gc,phases      ] GC(1131) Phase 1: Mark live objects 3.913ms
[2026-06-17T09:51:29.211+0800][49.089s][info][gc,phases,start] GC(1131) Phase 2: Compute new object addresses
[2026-06-17T09:51:29.212+0800][49.090s][info][gc,phases      ] GC(1131) Phase 2: Compute new object addresses 0.959ms
[2026-06-17T09:51:29.212+0800][49.090s][info][gc,phases,start] GC(1131) Phase 3: Adjust pointers
[2026-06-17T09:51:29.213+0800][49.091s][info][gc,phases      ] GC(1131) Phase 3: Adjust pointers 0.653ms
[2026-06-17T09:51:29.213+0800][49.091s][info][gc,phases,start] GC(1131) Phase 4: Move objects
[2026-06-17T09:51:29.217+0800][49.095s][info][gc,phases      ] GC(1131) Phase 4: Move objects 3.437ms
[2026-06-17T09:51:29.219+0800][49.097s][info][gc             ] GC(1131) Pause Full (Allocation Failure) 55M->22M(61M) 15.376ms
[2026-06-17T09:51:29.220+0800][49.098s][info][gc,heap        ] GC(1130) DefNew: 19587K->0K(19648K)
[2026-06-17T09:51:29.220+0800][49.098s][info][gc,heap        ] GC(1130) Tenured: 37742K->23049K(43712K)
[2026-06-17T09:51:29.220+0800][49.098s][info][gc,metaspace   ] GC(1130) Metaspace: 3166K(4864K)->3166K(4864K) NonClass: 2861K(4352K)->2861K(4352K) Class: 305K(512K)->305K(512K)
[2026-06-17T09:51:29.220+0800][49.098s][info][gc             ] GC(1130) Pause Young (Allocation Failure) 55M->22M(61M) 24.080ms
[2026-06-17T09:51:29.221+0800][49.099s][info][gc,cpu         ] GC(1130) User=0.00s Sys=0.00s Real=0.02s
[2026-06-17T09:51:29.264+0800][49.142s][info][gc,start       ] GC(1132) Pause Young (Allocation Failure)
[2026-06-17T09:51:29.266+0800][49.144s][info][gc,heap        ] GC(1132) DefNew: 17472K->2107K(19648K)
[2026-06-17T09:51:29.266+0800][49.144s][info][gc,heap        ] GC(1132) Tenured: 23049K->27617K(43712K)
[2026-06-17T09:51:29.267+0800][49.145s][info][gc,metaspace   ] GC(1132) Metaspace: 3166K(4864K)->3166K(4864K) NonClass: 2861K(4352K)->2861K(4352K) Class: 305K(512K)->305K(512K)
[2026-06-17T09:51:29.267+0800][49.145s][info][gc             ] GC(1132) Pause Young (Allocation Failure) 39M->29M(61M) 3.510ms
[2026-06-17T09:51:29.268+0800][49.146s][info][gc,cpu         ] GC(1132) User=0.00s Sys=0.00s Real=0.00s
[2026-06-17T09:51:29.312+0800][49.190s][info][gc,start       ] GC(1133) Pause Young (Allocation Failure)
[2026-06-17T09:51:29.314+0800][49.192s][info][gc,heap        ] GC(1133) DefNew: 19558K->2115K(19648K)
[2026-06-17T09:51:29.315+0800][49.193s][info][gc,heap        ] GC(1133) Tenured: 27617K->30550K(43712K)
[2026-06-17T09:51:29.316+0800][49.194s][info][gc,metaspace   ] GC(1133) Metaspace: 3166K(4864K)->3166K(4864K) NonClass: 2861K(4352K)->2861K(4352K) Class: 305K(512K)->305K(512K)
[2026-06-17T09:51:29.316+0800][49.194s][info][gc             ] GC(1133) Pause Young (Allocation Failure) 46M->31M(61M) 4.584ms
[2026-06-17T09:51:29.317+0800][49.195s][info][gc,cpu         ] GC(1133) User=0.00s Sys=0.00s Real=0.00s
[2026-06-17T09:51:29.360+0800][49.238s][info][gc,start       ] GC(1134) Pause Young (Allocation Failure)
[2026-06-17T09:51:29.362+0800][49.240s][info][gc,heap        ] GC(1134) DefNew: 19573K->2174K(19648K)
[2026-06-17T09:51:29.364+0800][49.242s][info][gc,heap        ] GC(1134) Tenured: 30550K->34058K(43712K)
[2026-06-17T09:51:29.366+0800][49.244s][info][gc,metaspace   ] GC(1134) Metaspace: 3166K(4864K)->3166K(4864K) NonClass: 2861K(4352K)->2861K(4352K) Class: 305K(512K)->305K(512K)
[2026-06-17T09:51:29.370+0800][49.248s][info][gc             ] GC(1134) Pause Young (Allocation Failure) 48M->35M(61M) 9.705ms
[2026-06-17T09:51:29.372+0800][49.250s][info][gc,cpu         ] GC(1134) User=0.00s Sys=0.00s Real=0.02s
[2026-06-17T09:51:29.415+0800][49.293s][info][gc,start       ] GC(1135) Pause Young (Allocation Failure)
[2026-06-17T09:51:29.417+0800][49.295s][info][gc,heap        ] GC(1135) DefNew: 19623K->2169K(19648K)
[2026-06-17T09:51:29.418+0800][49.296s][info][gc,heap        ] GC(1135) Tenured: 34058K->38660K(43712K)
[2026-06-17T09:51:29.418+0800][49.296s][info][gc,metaspace   ] GC(1135) Metaspace: 3166K(4864K)->3166K(4864K) NonClass: 2861K(4352K)->2861K(4352K) Class: 305K(512K)->305K(512K)
[2026-06-17T09:51:29.419+0800][49.297s][info][gc             ] GC(1135) Pause Young (Allocation Failure) 52M->39M(61M) 3.513ms
[2026-06-17T09:51:29.419+0800][49.297s][info][gc,cpu         ] GC(1135) User=0.00s Sys=0.00s Real=0.00s
[2026-06-17T09:51:29.474+0800][49.352s][info][gc,start       ] GC(1136) Pause Young (Allocation Failure)
[2026-06-17T09:51:29.475+0800][49.353s][info][gc,start       ] GC(1137) Pause Full (Allocation Failure)
[2026-06-17T09:51:29.476+0800][49.354s][info][gc,phases,start] GC(1137) Phase 1: Mark live objects
[2026-06-17T09:51:29.478+0800][49.356s][info][gc,phases      ] GC(1137) Phase 1: Mark live objects 2.206ms
[2026-06-17T09:51:29.480+0800][49.358s][info][gc,phases,start] GC(1137) Phase 2: Compute new object addresses
[2026-06-17T09:51:29.481+0800][49.359s][info][gc,phases      ] GC(1137) Phase 2: Compute new object addresses 1.438ms
[2026-06-17T09:51:29.483+0800][49.361s][info][gc,phases,start] GC(1137) Phase 3: Adjust pointers
[2026-06-17T09:51:29.486+0800][49.364s][info][gc,phases      ] GC(1137) Phase 3: Adjust pointers 2.159ms
[2026-06-17T09:51:29.487+0800][49.365s][info][gc,phases,start] GC(1137) Phase 4: Move objects
[2026-06-17T09:51:29.496+0800][49.374s][info][gc,phases      ] GC(1137) Phase 4: Move objects 8.234ms
[2026-06-17T09:51:29.499+0800][49.377s][info][gc             ] GC(1137) Pause Full (Allocation Failure) 56M->27M(61M) 23.851ms
[2026-06-17T09:51:29.499+0800][49.377s][info][gc,heap        ] GC(1136) DefNew: 19641K->0K(19648K)
[2026-06-17T09:51:29.500+0800][49.378s][info][gc,heap        ] GC(1136) Tenured: 38660K->28136K(43712K)
[2026-06-17T09:51:29.500+0800][49.378s][info][gc,metaspace   ] GC(1136) Metaspace: 3166K(4864K)->3166K(4864K) NonClass: 2861K(4352K)->2861K(4352K) Class: 305K(512K)->305K(512K)
[2026-06-17T09:51:29.501+0800][49.379s][info][gc             ] GC(1136) Pause Young (Allocation Failure) 56M->27M(61M) 27.148ms
[2026-06-17T09:51:29.501+0800][49.379s][info][gc,cpu         ] GC(1136) User=0.00s Sys=0.00s Real=0.02s
[2026-06-17T09:51:29.545+0800][49.423s][info][gc,start       ] GC(1138) Pause Young (Allocation Failure)
[2026-06-17T09:51:29.548+0800][49.426s][info][gc,heap        ] GC(1138) DefNew: 17447K->2173K(19648K)
[2026-06-17T09:51:29.550+0800][49.428s][info][gc,heap        ] GC(1138) Tenured: 28136K->32811K(43712K)
[2026-06-17T09:51:29.553+0800][49.431s][info][gc,metaspace   ] GC(1138) Metaspace: 3166K(4864K)->3166K(4864K) NonClass: 2861K(4352K)->2861K(4352K) Class: 305K(512K)->305K(512K)
[2026-06-17T09:51:29.555+0800][49.433s][info][gc             ] GC(1138) Pause Young (Allocation Failure) 44M->34M(61M) 9.440ms
[2026-06-17T09:51:29.557+0800][49.435s][info][gc,cpu         ] GC(1138) User=0.00s Sys=0.00s Real=0.01s
[2026-06-17T09:51:29.602+0800][49.480s][info][gc,start       ] GC(1139) Pause Young (Allocation Failure)
[2026-06-17T09:51:29.606+0800][49.484s][info][gc,heap        ] GC(1139) DefNew: 19616K->2059K(19648K)
[2026-06-17T09:51:29.607+0800][49.485s][info][gc,heap        ] GC(1139) Tenured: 32811K->36682K(43712K)
[2026-06-17T09:51:29.608+0800][49.486s][info][gc,metaspace   ] GC(1139) Metaspace: 3166K(4864K)->3166K(4864K) NonClass: 2861K(4352K)->2861K(4352K) Class: 305K(512K)->305K(512K)
[2026-06-17T09:51:29.609+0800][49.487s][info][gc             ] GC(1139) Pause Young (Allocation Failure) 51M->37M(61M) 6.489ms
[2026-06-17T09:51:29.609+0800][49.487s][info][gc,cpu         ] GC(1139) User=0.00s Sys=0.00s Real=0.01s
[2026-06-17T09:51:29.654+0800][49.532s][info][gc,start       ] GC(1140) Pause Young (Allocation Failure)
[2026-06-17T09:51:29.656+0800][49.535s][info][gc,heap        ] GC(1140) DefNew: 19529K->2175K(19648K)
[2026-06-17T09:51:29.657+0800][49.535s][info][gc,heap        ] GC(1140) Tenured: 36682K->40630K(43712K)
[2026-06-17T09:51:29.658+0800][49.536s][info][gc,metaspace   ] GC(1140) Metaspace: 3166K(4864K)->3166K(4864K) NonClass: 2861K(4352K)->2861K(4352K) Class: 305K(512K)->305K(512K)
[2026-06-17T09:51:29.658+0800][49.536s][info][gc             ] GC(1140) Pause Young (Allocation Failure) 54M->41M(61M) 4.206ms
[2026-06-17T09:51:29.659+0800][49.537s][info][gc,cpu         ] GC(1140) User=0.01s Sys=0.00s Real=0.00s
[2026-06-17T09:51:29.704+0800][49.582s][info][gc,start       ] GC(1141) Pause Young (Allocation Failure)
[2026-06-17T09:51:29.705+0800][49.583s][info][gc,start       ] GC(1142) Pause Full (Allocation Failure)
[2026-06-17T09:51:29.705+0800][49.583s][info][gc,phases,start] GC(1142) Phase 1: Mark live objects
[2026-06-17T09:51:29.707+0800][49.585s][info][gc,phases      ] GC(1142) Phase 1: Mark live objects 2.026ms
[2026-06-17T09:51:29.708+0800][49.586s][info][gc,phases,start] GC(1142) Phase 2: Compute new object addresses
[2026-06-17T09:51:29.709+0800][49.587s][info][gc,phases      ] GC(1142) Phase 2: Compute new object addresses 1.043ms
[2026-06-17T09:51:29.709+0800][49.588s][info][gc,phases,start] GC(1142) Phase 3: Adjust pointers
[2026-06-17T09:51:29.711+0800][49.589s][info][gc,phases      ] GC(1142) Phase 3: Adjust pointers 1.244ms
[2026-06-17T09:51:29.714+0800][49.592s][info][gc,phases,start] GC(1142) Phase 4: Move objects
[2026-06-17T09:51:29.718+0800][49.596s][info][gc,phases      ] GC(1142) Phase 4: Move objects 4.031ms
[2026-06-17T09:51:29.718+0800][49.596s][info][gc             ] GC(1142) Pause Full (Allocation Failure) 58M->32M(61M) 13.885ms
[2026-06-17T09:51:29.719+0800][49.597s][info][gc,heap        ] GC(1141) DefNew: 19647K->0K(19648K)
[2026-06-17T09:51:29.719+0800][49.597s][info][gc,heap        ] GC(1141) Tenured: 40630K->32774K(43712K)
[2026-06-17T09:51:29.719+0800][49.597s][info][gc,metaspace   ] GC(1141) Metaspace: 3166K(4864K)->3166K(4864K) NonClass: 2861K(4352K)->2861K(4352K) Class: 305K(512K)->305K(512K)
[2026-06-17T09:51:29.719+0800][49.597s][info][gc             ] GC(1141) Pause Young (Allocation Failure) 58M->32M(61M) 15.597ms
[2026-06-17T09:51:29.719+0800][49.597s][info][gc,cpu         ] GC(1141) User=0.01s Sys=0.00s Real=0.01s
[2026-06-17T09:51:29.772+0800][49.650s][info][gc,start       ] GC(1143) Pause Young (Allocation Failure)
[2026-06-17T09:51:29.773+0800][49.651s][info][gc,heap        ] GC(1143) DefNew: 17472K->2129K(19648K)
[2026-06-17T09:51:29.774+0800][49.652s][info][gc,heap        ] GC(1143) Tenured: 32774K->34072K(43712K)
[2026-06-17T09:51:29.775+0800][49.653s][info][gc,metaspace   ] GC(1143) Metaspace: 3166K(4864K)->3166K(4864K) NonClass: 2861K(4352K)->2861K(4352K) Class: 305K(512K)->305K(512K)
[2026-06-17T09:51:29.775+0800][49.653s][info][gc             ] GC(1143) Pause Young (Allocation Failure) 49M->35M(61M) 2.782ms
[2026-06-17T09:51:29.776+0800][49.654s][info][gc,cpu         ] GC(1143) User=0.00s Sys=0.00s Real=0.00s
[2026-06-17T09:51:29.820+0800][49.698s][info][gc,start       ] GC(1144) Pause Young (Allocation Failure)
[2026-06-17T09:51:29.823+0800][49.701s][info][gc,heap        ] GC(1144) DefNew: 19601K->2106K(19648K)
[2026-06-17T09:51:29.824+0800][49.702s][info][gc,heap        ] GC(1144) Tenured: 34072K->37658K(43712K)
[2026-06-17T09:51:29.826+0800][49.704s][info][gc,metaspace   ] GC(1144) Metaspace: 3166K(4864K)->3166K(4864K) NonClass: 2861K(4352K)->2861K(4352K) Class: 305K(512K)->305K(512K)
[2026-06-17T09:51:29.827+0800][49.705s][info][gc             ] GC(1144) Pause Young (Allocation Failure) 52M->38M(61M) 7.408ms
[2026-06-17T09:51:29.829+0800][49.707s][info][gc,cpu         ] GC(1144) User=0.00s Sys=0.00s Real=0.01s
[2026-06-17T09:51:29.874+0800][49.752s][info][gc,start       ] GC(1145) Pause Young (Allocation Failure)
[2026-06-17T09:51:29.874+0800][49.752s][info][gc,start       ] GC(1146) Pause Full (Allocation Failure)
[2026-06-17T09:51:29.875+0800][49.753s][info][gc,phases,start] GC(1146) Phase 1: Mark live objects
[2026-06-17T09:51:29.876+0800][49.754s][info][gc,phases      ] GC(1146) Phase 1: Mark live objects 1.509ms
[2026-06-17T09:51:29.877+0800][49.755s][info][gc,phases,start] GC(1146) Phase 2: Compute new object addresses
[2026-06-17T09:51:29.877+0800][49.755s][info][gc,phases      ] GC(1146) Phase 2: Compute new object addresses 0.714ms
[2026-06-17T09:51:29.878+0800][49.756s][info][gc,phases,start] GC(1146) Phase 3: Adjust pointers
[2026-06-17T09:51:29.879+0800][49.757s][info][gc,phases      ] GC(1146) Phase 3: Adjust pointers 1.004ms
[2026-06-17T09:51:29.879+0800][49.757s][info][gc,phases,start] GC(1146) Phase 4: Move objects
[2026-06-17T09:51:29.883+0800][49.761s][info][gc,phases      ] GC(1146) Phase 4: Move objects 3.815ms
[2026-06-17T09:51:29.884+0800][49.762s][info][gc             ] GC(1146) Pause Full (Allocation Failure) 55M->29M(61M) 9.692ms
[2026-06-17T09:51:29.884+0800][49.762s][info][gc,heap        ] GC(1145) DefNew: 19528K->0K(19648K)
[2026-06-17T09:51:29.885+0800][49.763s][info][gc,heap        ] GC(1145) Tenured: 37658K->29873K(43712K)
[2026-06-17T09:51:29.885+0800][49.763s][info][gc,metaspace   ] GC(1145) Metaspace: 3166K(4864K)->3166K(4864K) NonClass: 2861K(4352K)->2861K(4352K) Class: 305K(512K)->305K(512K)
[2026-06-17T09:51:29.885+0800][49.763s][info][gc             ] GC(1145) Pause Young (Allocation Failure) 55M->29M(61M) 11.681ms
[2026-06-17T09:51:29.886+0800][49.764s][info][gc,cpu         ] GC(1145) User=0.00s Sys=0.00s Real=0.01s
[2026-06-17T09:51:29.930+0800][49.808s][info][gc,start       ] GC(1147) Pause Young (Allocation Failure)
[2026-06-17T09:51:29.932+0800][49.810s][info][gc,heap        ] GC(1147) DefNew: 17464K->2172K(19648K)
[2026-06-17T09:51:29.933+0800][49.811s][info][gc,heap        ] GC(1147) Tenured: 29873K->34822K(43712K)
[2026-06-17T09:51:29.934+0800][49.812s][info][gc,metaspace   ] GC(1147) Metaspace: 3166K(4864K)->3166K(4864K) NonClass: 2861K(4352K)->2861K(4352K) Class: 305K(512K)->305K(512K)
[2026-06-17T09:51:29.934+0800][49.812s][info][gc             ] GC(1147) Pause Young (Allocation Failure) 46M->36M(61M) 4.277ms
[2026-06-17T09:51:29.935+0800][49.813s][info][gc,cpu         ] GC(1147) User=0.00s Sys=0.00s Real=0.01s
[2026-06-17T09:51:29.980+0800][49.858s][info][gc,start       ] GC(1148) Pause Young (Allocation Failure)
[2026-06-17T09:51:29.982+0800][49.860s][info][gc,heap        ] GC(1148) DefNew: 19644K->2167K(19648K)
[2026-06-17T09:51:29.983+0800][49.861s][info][gc,heap        ] GC(1148) Tenured: 34822K->40693K(43712K)
[2026-06-17T09:51:29.984+0800][49.862s][info][gc,metaspace   ] GC(1148) Metaspace: 3166K(4864K)->3166K(4864K) NonClass: 2861K(4352K)->2861K(4352K) Class: 305K(512K)->305K(512K)
[2026-06-17T09:51:29.984+0800][49.862s][info][gc             ] GC(1148) Pause Young (Allocation Failure) 53M->41M(61M) 4.452ms
[2026-06-17T09:51:29.985+0800][49.863s][info][gc,cpu         ] GC(1148) User=0.00s Sys=0.00s Real=0.01s
[2026-06-17T09:51:30.037+0800][49.916s][info][gc,start       ] GC(1149) Pause Young (Allocation Failure)
[2026-06-17T09:51:30.038+0800][49.916s][info][gc,start       ] GC(1150) Pause Full (Allocation Failure)
[2026-06-17T09:51:30.039+0800][49.917s][info][gc,phases,start] GC(1150) Phase 1: Mark live objects
[2026-06-17T09:51:30.040+0800][49.918s][info][gc,phases      ] GC(1150) Phase 1: Mark live objects 0.879ms
[2026-06-17T09:51:30.040+0800][49.918s][info][gc,phases,start] GC(1150) Phase 2: Compute new object addresses
[2026-06-17T09:51:30.040+0800][49.918s][info][gc,phases      ] GC(1150) Phase 2: Compute new object addresses 0.456ms
[2026-06-17T09:51:30.041+0800][49.919s][info][gc,phases,start] GC(1150) Phase 3: Adjust pointers
[2026-06-17T09:51:30.041+0800][49.919s][info][gc,phases      ] GC(1150) Phase 3: Adjust pointers 0.570ms
[2026-06-17T09:51:30.041+0800][49.920s][info][gc,phases,start] GC(1150) Phase 4: Move objects
[2026-06-17T09:51:30.043+0800][49.921s][info][gc,phases      ] GC(1150) Phase 4: Move objects 1.860ms
[2026-06-17T09:51:30.044+0800][49.922s][info][gc             ] GC(1150) Pause Full (Allocation Failure) 58M->27M(61M) 5.328ms
[2026-06-17T09:51:30.044+0800][49.922s][info][gc,heap        ] GC(1149) DefNew: 19621K->0K(19648K)
[2026-06-17T09:51:30.044+0800][49.922s][info][gc,heap        ] GC(1149) Tenured: 40693K->27925K(43712K)
[2026-06-17T09:51:30.044+0800][49.922s][info][gc,metaspace   ] GC(1149) Metaspace: 3166K(4864K)->3166K(4864K) NonClass: 2861K(4352K)->2861K(4352K) Class: 305K(512K)->305K(512K)
[2026-06-17T09:51:30.044+0800][49.922s][info][gc             ] GC(1149) Pause Young (Allocation Failure) 58M->27M(61M) 6.943ms
[2026-06-17T09:51:30.045+0800][49.923s][info][gc,cpu         ] GC(1149) User=0.01s Sys=0.00s Real=0.01s
[2026-06-17T09:51:30.078+0800][49.956s][info][gc,start       ] GC(1151) Pause Young (Allocation Failure)
[2026-06-17T09:51:30.080+0800][49.958s][info][gc,heap        ] GC(1151) DefNew: 17274K->2171K(19648K)
[2026-06-17T09:51:30.080+0800][49.959s][info][gc,heap        ] GC(1151) Tenured: 27925K->32068K(43712K)
[2026-06-17T09:51:30.081+0800][49.959s][info][gc,metaspace   ] GC(1151) Metaspace: 3166K(4864K)->3166K(4864K) NonClass: 2861K(4352K)->2861K(4352K) Class: 305K(512K)->305K(512K)
[2026-06-17T09:51:30.082+0800][49.960s][info][gc             ] GC(1151) Pause Young (Allocation Failure) 44M->33M(61M) 3.783ms
[2026-06-17T09:51:30.082+0800][49.960s][info][gc,cpu         ] GC(1151) User=0.00s Sys=0.00s Real=0.00s
[2026-06-17T09:51:30.126+0800][50.004s][info][gc,start       ] GC(1152) Pause Young (Allocation Failure)
[2026-06-17T09:51:30.127+0800][50.005s][info][gc,heap        ] GC(1152) DefNew: 19621K->2174K(19648K)
[2026-06-17T09:51:30.127+0800][50.005s][info][gc,heap        ] GC(1152) Tenured: 32068K->38768K(43712K)
[2026-06-17T09:51:30.127+0800][50.006s][info][gc,metaspace   ] GC(1152) Metaspace: 3166K(4864K)->3166K(4864K) NonClass: 2861K(4352K)->2861K(4352K) Class: 305K(512K)->305K(512K)
[2026-06-17T09:51:30.128+0800][50.006s][info][gc             ] GC(1152) Pause Young (Allocation Failure) 50M->39M(61M) 1.806ms
[2026-06-17T09:51:30.128+0800][50.006s][info][gc,cpu         ] GC(1152) User=0.00s Sys=0.00s Real=0.00s
[2026-06-17T09:51:30.181+0800][50.059s][info][gc,start       ] GC(1153) Pause Young (Allocation Failure)
[2026-06-17T09:51:30.181+0800][50.059s][info][gc,start       ] GC(1154) Pause Full (Allocation Failure)
[2026-06-17T09:51:30.181+0800][50.059s][info][gc,phases,start] GC(1154) Phase 1: Mark live objects
[2026-06-17T09:51:30.182+0800][50.060s][info][gc,phases      ] GC(1154) Phase 1: Mark live objects 0.728ms
[2026-06-17T09:51:30.182+0800][50.060s][info][gc,phases,start] GC(1154) Phase 2: Compute new object addresses
[2026-06-17T09:51:30.182+0800][50.060s][info][gc,phases      ] GC(1154) Phase 2: Compute new object addresses 0.325ms
[2026-06-17T09:51:30.182+0800][50.061s][info][gc,phases,start] GC(1154) Phase 3: Adjust pointers
[2026-06-17T09:51:30.183+0800][50.061s][info][gc,phases      ] GC(1154) Phase 3: Adjust pointers 0.491ms
[2026-06-17T09:51:30.184+0800][50.062s][info][gc,phases,start] GC(1154) Phase 4: Move objects
[2026-06-17T09:51:30.186+0800][50.064s][info][gc,phases      ] GC(1154) Phase 4: Move objects 2.244ms
[2026-06-17T09:51:30.186+0800][50.064s][info][gc             ] GC(1154) Pause Full (Allocation Failure) 57M->21M(61M) 5.163ms
[2026-06-17T09:51:30.186+0800][50.064s][info][gc,heap        ] GC(1153) DefNew: 19629K->0K(19648K)
[2026-06-17T09:51:30.186+0800][50.064s][info][gc,heap        ] GC(1153) Tenured: 38768K->22045K(43712K)
[2026-06-17T09:51:30.186+0800][50.064s][info][gc,metaspace   ] GC(1153) Metaspace: 3166K(4864K)->3166K(4864K) NonClass: 2861K(4352K)->2861K(4352K) Class: 305K(512K)->305K(512K)
[2026-06-17T09:51:30.187+0800][50.065s][info][gc             ] GC(1153) Pause Young (Allocation Failure) 57M->21M(61M) 5.990ms
[2026-06-17T09:51:30.187+0800][50.065s][info][gc,cpu         ] GC(1153) User=0.00s Sys=0.00s Real=0.01s
[2026-06-17T09:51:30.229+0800][50.107s][info][gc,start       ] GC(1155) Pause Young (Allocation Failure)
[2026-06-17T09:51:30.233+0800][50.111s][info][gc,heap        ] GC(1155) DefNew: 17472K->2170K(19648K)
[2026-06-17T09:51:30.233+0800][50.111s][info][gc,heap        ] GC(1155) Tenured: 22045K->26739K(43712K)
[2026-06-17T09:51:30.235+0800][50.113s][info][gc,metaspace   ] GC(1155) Metaspace: 3166K(4864K)->3166K(4864K) NonClass: 2861K(4352K)->2861K(4352K) Class: 305K(512K)->305K(512K)
[2026-06-17T09:51:30.236+0800][50.114s][info][gc             ] GC(1155) Pause Young (Allocation Failure) 38M->28M(61M) 6.381ms
[2026-06-17T09:51:30.236+0800][50.114s][info][gc,cpu         ] GC(1155) User=0.00s Sys=0.00s Real=0.01s
[2026-06-17T09:51:30.283+0800][50.161s][info][gc,start       ] GC(1156) Pause Young (Allocation Failure)
[2026-06-17T09:51:30.285+0800][50.163s][info][gc,heap        ] GC(1156) DefNew: 19642K->2166K(19648K)
[2026-06-17T09:51:30.285+0800][50.163s][info][gc,heap        ] GC(1156) Tenured: 26739K->30839K(43712K)
[2026-06-17T09:51:30.286+0800][50.164s][info][gc,metaspace   ] GC(1156) Metaspace: 3166K(4864K)->3166K(4864K) NonClass: 2861K(4352K)->2861K(4352K) Class: 305K(512K)->305K(512K)
[2026-06-17T09:51:30.287+0800][50.165s][info][gc             ] GC(1156) Pause Young (Allocation Failure) 45M->32M(61M) 3.774ms
[2026-06-17T09:51:30.287+0800][50.165s][info][gc,cpu         ] GC(1156) User=0.00s Sys=0.00s Real=0.00s
[2026-06-17T09:51:30.331+0800][50.209s][info][gc,start       ] GC(1157) Pause Young (Allocation Failure)
[2026-06-17T09:51:30.332+0800][50.210s][info][gc,heap        ] GC(1157) DefNew: 19600K->2175K(19648K)
[2026-06-17T09:51:30.332+0800][50.210s][info][gc,heap        ] GC(1157) Tenured: 30839K->34668K(43712K)
[2026-06-17T09:51:30.333+0800][50.211s][info][gc,metaspace   ] GC(1157) Metaspace: 3166K(4864K)->3166K(4864K) NonClass: 2861K(4352K)->2861K(4352K) Class: 305K(512K)->305K(512K)
[2026-06-17T09:51:30.333+0800][50.211s][info][gc             ] GC(1157) Pause Young (Allocation Failure) 49M->35M(61M) 1.795ms
[2026-06-17T09:51:30.333+0800][50.211s][info][gc,cpu         ] GC(1157) User=0.00s Sys=0.00s Real=0.00s
[2026-06-17T09:51:30.375+0800][50.253s][info][gc,start       ] GC(1158) Pause Young (Allocation Failure)
[2026-06-17T09:51:30.377+0800][50.255s][info][gc,heap        ] GC(1158) DefNew: 19615K->2098K(19648K)
[2026-06-17T09:51:30.378+0800][50.256s][info][gc,heap        ] GC(1158) Tenured: 34668K->39659K(43712K)
[2026-06-17T09:51:30.378+0800][50.256s][info][gc,metaspace   ] GC(1158) Metaspace: 3166K(4864K)->3166K(4864K) NonClass: 2861K(4352K)->2861K(4352K) Class: 305K(512K)->305K(512K)
[2026-06-17T09:51:30.379+0800][50.257s][info][gc             ] GC(1158) Pause Young (Allocation Failure) 53M->40M(61M) 3.702ms
[2026-06-17T09:51:30.379+0800][50.257s][info][gc,cpu         ] GC(1158) User=0.00s Sys=0.00s Real=0.00s
[2026-06-17T09:51:30.434+0800][50.312s][info][gc,start       ] GC(1159) Pause Young (Allocation Failure)
[2026-06-17T09:51:30.435+0800][50.313s][info][gc,start       ] GC(1160) Pause Full (Allocation Failure)
[2026-06-17T09:51:30.436+0800][50.314s][info][gc,phases,start] GC(1160) Phase 1: Mark live objects
[2026-06-17T09:51:30.438+0800][50.316s][info][gc,phases      ] GC(1160) Phase 1: Mark live objects 2.171ms
[2026-06-17T09:51:30.439+0800][50.317s][info][gc,phases,start] GC(1160) Phase 2: Compute new object addresses
[2026-06-17T09:51:30.440+0800][50.318s][info][gc,phases      ] GC(1160) Phase 2: Compute new object addresses 0.994ms
[2026-06-17T09:51:30.440+0800][50.319s][info][gc,phases,start] GC(1160) Phase 3: Adjust pointers
[2026-06-17T09:51:30.442+0800][50.320s][info][gc,phases      ] GC(1160) Phase 3: Adjust pointers 1.228ms
[2026-06-17T09:51:30.442+0800][50.320s][info][gc,phases,start] GC(1160) Phase 4: Move objects
[2026-06-17T09:51:30.445+0800][50.323s][info][gc,phases      ] GC(1160) Phase 4: Move objects 2.860ms
[2026-06-17T09:51:30.446+0800][50.324s][info][gc             ] GC(1160) Pause Full (Allocation Failure) 57M->25M(61M) 10.374ms
[2026-06-17T09:51:30.446+0800][50.324s][info][gc,heap        ] GC(1159) DefNew: 19567K->0K(19648K)
[2026-06-17T09:51:30.446+0800][50.324s][info][gc,heap        ] GC(1159) Tenured: 39659K->26578K(43712K)
[2026-06-17T09:51:30.446+0800][50.325s][info][gc,metaspace   ] GC(1159) Metaspace: 3166K(4864K)->3166K(4864K) NonClass: 2861K(4352K)->2861K(4352K) Class: 305K(512K)->305K(512K)
[2026-06-17T09:51:30.447+0800][50.325s][info][gc             ] GC(1159) Pause Young (Allocation Failure) 57M->25M(61M) 12.300ms
[2026-06-17T09:51:30.447+0800][50.325s][info][gc,cpu         ] GC(1159) User=0.00s Sys=0.01s Real=0.01s
[2026-06-17T09:51:30.490+0800][50.368s][info][gc,start       ] GC(1161) Pause Young (Allocation Failure)
[2026-06-17T09:51:30.493+0800][50.371s][info][gc,heap        ] GC(1161) DefNew: 17457K->2176K(19648K)
[2026-06-17T09:51:30.493+0800][50.371s][info][gc,heap        ] GC(1161) Tenured: 26578K->31358K(43712K)
[2026-06-17T09:51:30.494+0800][50.372s][info][gc,metaspace   ] GC(1161) Metaspace: 3166K(4864K)->3166K(4864K) NonClass: 2861K(4352K)->2861K(4352K) Class: 305K(512K)->305K(512K)
[2026-06-17T09:51:30.495+0800][50.373s][info][gc             ] GC(1161) Pause Young (Allocation Failure) 43M->32M(61M) 4.643ms
[2026-06-17T09:51:30.495+0800][50.373s][info][gc,cpu         ] GC(1161) User=0.00s Sys=0.00s Real=0.01s
[2026-06-17T09:51:30.539+0800][50.417s][info][gc,start       ] GC(1162) Pause Young (Allocation Failure)
[2026-06-17T09:51:30.540+0800][50.419s][info][gc,heap        ] GC(1162) DefNew: 19648K->2174K(19648K)
[2026-06-17T09:51:30.541+0800][50.419s][info][gc,heap        ] GC(1162) Tenured: 31358K->38210K(43712K)
[2026-06-17T09:51:30.541+0800][50.419s][info][gc,metaspace   ] GC(1162) Metaspace: 3166K(4864K)->3166K(4864K) NonClass: 2861K(4352K)->2861K(4352K) Class: 305K(512K)->305K(512K)
[2026-06-17T09:51:30.541+0800][50.419s][info][gc             ] GC(1162) Pause Young (Allocation Failure) 49M->39M(61M) 1.702ms
[2026-06-17T09:51:30.541+0800][50.419s][info][gc,cpu         ] GC(1162) User=0.00s Sys=0.00s Real=0.00s
[2026-06-17T09:51:30.584+0800][50.462s][info][gc,start       ] GC(1163) Pause Young (Allocation Failure)
[2026-06-17T09:51:30.585+0800][50.463s][info][gc,start       ] GC(1164) Pause Full (Allocation Failure)
[2026-06-17T09:51:30.586+0800][50.464s][info][gc,phases,start] GC(1164) Phase 1: Mark live objects
[2026-06-17T09:51:30.587+0800][50.465s][info][gc,phases      ] GC(1164) Phase 1: Mark live objects 1.886ms
[2026-06-17T09:51:30.588+0800][50.466s][info][gc,phases,start] GC(1164) Phase 2: Compute new object addresses
[2026-06-17T09:51:30.589+0800][50.467s][info][gc,phases      ] GC(1164) Phase 2: Compute new object addresses 0.930ms
[2026-06-17T09:51:30.590+0800][50.468s][info][gc,phases,start] GC(1164) Phase 3: Adjust pointers
[2026-06-17T09:51:30.590+0800][50.469s][info][gc,phases      ] GC(1164) Phase 3: Adjust pointers 0.965ms
[2026-06-17T09:51:30.591+0800][50.469s][info][gc,phases,start] GC(1164) Phase 4: Move objects
[2026-06-17T09:51:30.594+0800][50.472s][info][gc,phases      ] GC(1164) Phase 4: Move objects 2.788ms
[2026-06-17T09:51:30.594+0800][50.472s][info][gc             ] GC(1164) Pause Full (Allocation Failure) 56M->24M(61M) 9.536ms
[2026-06-17T09:51:30.595+0800][50.473s][info][gc,heap        ] GC(1163) DefNew: 19646K->0K(19648K)
[2026-06-17T09:51:30.596+0800][50.474s][info][gc,heap        ] GC(1163) Tenured: 38210K->24915K(43712K)
[2026-06-17T09:51:30.596+0800][50.474s][info][gc,metaspace   ] GC(1163) Metaspace: 3166K(4864K)->3166K(4864K) NonClass: 2861K(4352K)->2861K(4352K) Class: 305K(512K)->305K(512K)
[2026-06-17T09:51:30.596+0800][50.474s][info][gc             ] GC(1163) Pause Young (Allocation Failure) 56M->24M(61M) 12.523ms
[2026-06-17T09:51:30.597+0800][50.475s][info][gc,cpu         ] GC(1163) User=0.01s Sys=0.00s Real=0.01s
[2026-06-17T09:51:30.651+0800][50.529s][info][gc,start       ] GC(1165) Pause Young (Allocation Failure)
[2026-06-17T09:51:30.652+0800][50.530s][info][gc,heap        ] GC(1165) DefNew: 17437K->2140K(19648K)
[2026-06-17T09:51:30.653+0800][50.531s][info][gc,heap        ] GC(1165) Tenured: 24915K->26504K(43712K)
[2026-06-17T09:51:30.654+0800][50.532s][info][gc,metaspace   ] GC(1165) Metaspace: 3166K(4864K)->3166K(4864K) NonClass: 2861K(4352K)->2861K(4352K) Class: 305K(512K)->305K(512K)
[2026-06-17T09:51:30.654+0800][50.532s][info][gc             ] GC(1165) Pause Young (Allocation Failure) 41M->27M(61M) 3.610ms
[2026-06-17T09:51:30.655+0800][50.533s][info][gc,cpu         ] GC(1165) User=0.00s Sys=0.00s Real=0.00s
[2026-06-17T09:51:30.700+0800][50.578s][info][gc,start       ] GC(1166) Pause Young (Allocation Failure)
[2026-06-17T09:51:30.702+0800][50.580s][info][gc,heap        ] GC(1166) DefNew: 19612K->2116K(19648K)
[2026-06-17T09:51:30.702+0800][50.580s][info][gc,heap        ] GC(1166) Tenured: 26504K->30145K(43712K)
[2026-06-17T09:51:30.703+0800][50.581s][info][gc,metaspace   ] GC(1166) Metaspace: 3166K(4864K)->3166K(4864K) NonClass: 2861K(4352K)->2861K(4352K) Class: 305K(512K)->305K(512K)
[2026-06-17T09:51:30.704+0800][50.582s][info][gc             ] GC(1166) Pause Young (Allocation Failure) 45M->31M(61M) 3.980ms
[2026-06-17T09:51:30.704+0800][50.582s][info][gc,cpu         ] GC(1166) User=0.00s Sys=0.00s Real=0.01s
[2026-06-17T09:51:30.738+0800][50.616s][info][gc,start       ] GC(1167) Pause Young (Allocation Failure)
[2026-06-17T09:51:30.740+0800][50.618s][info][gc,heap        ] GC(1167) DefNew: 18556K->2164K(19648K)
[2026-06-17T09:51:30.740+0800][50.618s][info][gc,heap        ] GC(1167) Tenured: 30145K->32893K(43712K)
[2026-06-17T09:51:30.741+0800][50.619s][info][gc,metaspace   ] GC(1167) Metaspace: 3166K(4864K)->3166K(4864K) NonClass: 2861K(4352K)->2861K(4352K) Class: 305K(512K)->305K(512K)
[2026-06-17T09:51:30.741+0800][50.619s][info][gc             ] GC(1167) Pause Young (Allocation Failure) 47M->34M(61M) 3.537ms
[2026-06-17T09:51:30.742+0800][50.620s][info][gc,cpu         ] GC(1167) User=0.00s Sys=0.00s Real=0.00s
[2026-06-17T09:51:30.785+0800][50.663s][info][gc,start       ] GC(1168) Pause Young (Allocation Failure)
[2026-06-17T09:51:30.788+0800][50.666s][info][gc,heap        ] GC(1168) DefNew: 19636K->2175K(19648K)
[2026-06-17T09:51:30.788+0800][50.666s][info][gc,heap        ] GC(1168) Tenured: 32893K->39941K(43712K)
[2026-06-17T09:51:30.789+0800][50.667s][info][gc,metaspace   ] GC(1168) Metaspace: 3166K(4864K)->3166K(4864K) NonClass: 2861K(4352K)->2861K(4352K) Class: 305K(512K)->305K(512K)
[2026-06-17T09:51:30.790+0800][50.668s][info][gc             ] GC(1168) Pause Young (Allocation Failure) 51M->41M(61M) 4.597ms
[2026-06-17T09:51:30.790+0800][50.668s][info][gc,cpu         ] GC(1168) User=0.00s Sys=0.00s Real=0.00s
[2026-06-17T09:51:30.846+0800][50.724s][info][gc,start       ] GC(1169) Pause Young (Allocation Failure)
[2026-06-17T09:51:30.848+0800][50.726s][info][gc,start       ] GC(1170) Pause Full (Allocation Failure)
[2026-06-17T09:51:30.851+0800][50.729s][info][gc,phases,start] GC(1170) Phase 1: Mark live objects
[2026-06-17T09:51:30.856+0800][50.734s][info][gc,phases      ] GC(1170) Phase 1: Mark live objects 5.194ms
[2026-06-17T09:51:30.859+0800][50.737s][info][gc,phases,start] GC(1170) Phase 2: Compute new object addresses
[2026-06-17T09:51:30.861+0800][50.739s][info][gc,phases      ] GC(1170) Phase 2: Compute new object addresses 2.170ms
[2026-06-17T09:51:30.863+0800][50.741s][info][gc,phases,start] GC(1170) Phase 3: Adjust pointers
[2026-06-17T09:51:30.864+0800][50.742s][info][gc,phases      ] GC(1170) Phase 3: Adjust pointers 1.673ms
[2026-06-17T09:51:30.865+0800][50.743s][info][gc,phases,start] GC(1170) Phase 4: Move objects
[2026-06-17T09:51:30.869+0800][50.747s][info][gc,phases      ] GC(1170) Phase 4: Move objects 3.884ms
[2026-06-17T09:51:30.870+0800][50.748s][info][gc             ] GC(1170) Pause Full (Allocation Failure) 58M->31M(61M) 21.980ms
[2026-06-17T09:51:30.870+0800][50.748s][info][gc,heap        ] GC(1169) DefNew: 19647K->0K(19648K)
[2026-06-17T09:51:30.871+0800][50.749s][info][gc,heap        ] GC(1169) Tenured: 39941K->32000K(43712K)
[2026-06-17T09:51:30.871+0800][50.749s][info][gc,metaspace   ] GC(1169) Metaspace: 3166K(4864K)->3166K(4864K) NonClass: 2861K(4352K)->2861K(4352K) Class: 305K(512K)->305K(512K)
[2026-06-17T09:51:30.871+0800][50.749s][info][gc             ] GC(1169) Pause Young (Allocation Failure) 58M->31M(61M) 25.686ms
[2026-06-17T09:51:30.872+0800][50.750s][info][gc,cpu         ] GC(1169) User=0.01s Sys=0.00s Real=0.03s
[2026-06-17T09:51:30.914+0800][50.792s][info][gc,start       ] GC(1171) Pause Young (Allocation Failure)
[2026-06-17T09:51:30.915+0800][50.793s][info][gc,heap        ] GC(1171) DefNew: 17472K->2174K(19648K)
[2026-06-17T09:51:30.915+0800][50.793s][info][gc,heap        ] GC(1171) Tenured: 32000K->37467K(43712K)
[2026-06-17T09:51:30.915+0800][50.793s][info][gc,metaspace   ] GC(1171) Metaspace: 3166K(4864K)->3166K(4864K) NonClass: 2861K(4352K)->2861K(4352K) Class: 305K(512K)->305K(512K)
[2026-06-17T09:51:30.915+0800][50.793s][info][gc             ] GC(1171) Pause Young (Allocation Failure) 48M->38M(61M) 1.669ms
[2026-06-17T09:51:30.915+0800][50.794s][info][gc,cpu         ] GC(1171) User=0.00s Sys=0.00s Real=0.00s
[2026-06-17T09:51:30.958+0800][50.836s][info][gc,start       ] GC(1172) Pause Young (Allocation Failure)
[2026-06-17T09:51:30.958+0800][50.836s][info][gc,start       ] GC(1173) Pause Full (Allocation Failure)
[2026-06-17T09:51:30.958+0800][50.836s][info][gc,phases,start] GC(1173) Phase 1: Mark live objects
[2026-06-17T09:51:30.959+0800][50.837s][info][gc,phases      ] GC(1173) Phase 1: Mark live objects 0.888ms
[2026-06-17T09:51:30.959+0800][50.838s][info][gc,phases,start] GC(1173) Phase 2: Compute new object addresses
[2026-06-17T09:51:30.960+0800][50.838s][info][gc,phases      ] GC(1173) Phase 2: Compute new object addresses 0.308ms
[2026-06-17T09:51:30.960+0800][50.838s][info][gc,phases,start] GC(1173) Phase 3: Adjust pointers
[2026-06-17T09:51:30.960+0800][50.838s][info][gc,phases      ] GC(1173) Phase 3: Adjust pointers 0.361ms
[2026-06-17T09:51:30.960+0800][50.839s][info][gc,phases,start] GC(1173) Phase 4: Move objects
[2026-06-17T09:51:30.962+0800][50.840s][info][gc,phases      ] GC(1173) Phase 4: Move objects 1.731ms
[2026-06-17T09:51:30.963+0800][50.841s][info][gc             ] GC(1173) Pause Full (Allocation Failure) 55M->31M(61M) 4.406ms
[2026-06-17T09:51:30.963+0800][50.841s][info][gc,heap        ] GC(1172) DefNew: 19622K->0K(19648K)
[2026-06-17T09:51:30.963+0800][50.841s][info][gc,heap        ] GC(1172) Tenured: 37467K->32272K(43712K)
[2026-06-17T09:51:30.963+0800][50.841s][info][gc,metaspace   ] GC(1172) Metaspace: 3166K(4864K)->3166K(4864K) NonClass: 2861K(4352K)->2861K(4352K) Class: 305K(512K)->305K(512K)
[2026-06-17T09:51:30.963+0800][50.841s][info][gc             ] GC(1172) Pause Young (Allocation Failure) 55M->31M(61M) 5.204ms
[2026-06-17T09:51:30.963+0800][50.841s][info][gc,cpu         ] GC(1172) User=0.00s Sys=0.00s Real=0.01s
[2026-06-17T09:51:31.006+0800][50.884s][info][gc,start       ] GC(1174) Pause Young (Allocation Failure)
[2026-06-17T09:51:31.008+0800][50.886s][info][gc,heap        ] GC(1174) DefNew: 17467K->2175K(19648K)
[2026-06-17T09:51:31.008+0800][50.887s][info][gc,heap        ] GC(1174) Tenured: 32272K->37292K(43712K)
[2026-06-17T09:51:31.009+0800][50.887s][info][gc,metaspace   ] GC(1174) Metaspace: 3166K(4864K)->3166K(4864K) NonClass: 2861K(4352K)->2861K(4352K) Class: 305K(512K)->305K(512K)
[2026-06-17T09:51:31.011+0800][50.889s][info][gc             ] GC(1174) Pause Young (Allocation Failure) 48M->38M(61M) 4.818ms
[2026-06-17T09:51:31.011+0800][50.889s][info][gc,cpu         ] GC(1174) User=0.00s Sys=0.00s Real=0.01s
[2026-06-17T09:51:31.056+0800][50.934s][info][gc,start       ] GC(1175) Pause Young (Allocation Failure)
[2026-06-17T09:51:31.057+0800][50.935s][info][gc,start       ] GC(1176) Pause Full (Allocation Failure)
[2026-06-17T09:51:31.057+0800][50.935s][info][gc,phases,start] GC(1176) Phase 1: Mark live objects
[2026-06-17T09:51:31.059+0800][50.937s][info][gc,phases      ] GC(1176) Phase 1: Mark live objects 1.994ms
[2026-06-17T09:51:31.060+0800][50.938s][info][gc,phases,start] GC(1176) Phase 2: Compute new object addresses
[2026-06-17T09:51:31.062+0800][50.940s][info][gc,phases      ] GC(1176) Phase 2: Compute new object addresses 1.649ms
[2026-06-17T09:51:31.063+0800][50.941s][info][gc,phases,start] GC(1176) Phase 3: Adjust pointers
[2026-06-17T09:51:31.066+0800][50.944s][info][gc,phases      ] GC(1176) Phase 3: Adjust pointers 2.840ms
[2026-06-17T09:51:31.067+0800][50.945s][info][gc,phases,start] GC(1176) Phase 4: Move objects
[2026-06-17T09:51:31.071+0800][50.949s][info][gc,phases      ] GC(1176) Phase 4: Move objects 4.286ms
[2026-06-17T09:51:31.073+0800][50.951s][info][gc             ] GC(1176) Pause Full (Allocation Failure) 55M->27M(61M) 16.564ms
[2026-06-17T09:51:31.074+0800][50.952s][info][gc,heap        ] GC(1175) DefNew: 19617K->0K(19648K)
[2026-06-17T09:51:31.075+0800][50.953s][info][gc,heap        ] GC(1175) Tenured: 37292K->27815K(43712K)
[2026-06-17T09:51:31.076+0800][50.954s][info][gc,metaspace   ] GC(1175) Metaspace: 3166K(4864K)->3166K(4864K) NonClass: 2861K(4352K)->2861K(4352K) Class: 305K(512K)->305K(512K)
[2026-06-17T09:51:31.076+0800][50.954s][info][gc             ] GC(1175) Pause Young (Allocation Failure) 55M->27M(61M) 20.713ms
[2026-06-17T09:51:31.078+0800][50.956s][info][gc,cpu         ] GC(1175) User=0.01s Sys=0.00s Real=0.02s
[2026-06-17T09:51:31.124+0800][51.002s][info][gc,start       ] GC(1177) Pause Young (Allocation Failure)
[2026-06-17T09:51:31.127+0800][51.005s][info][gc,heap        ] GC(1177) DefNew: 17443K->2174K(19648K)
[2026-06-17T09:51:31.127+0800][51.005s][info][gc,heap        ] GC(1177) Tenured: 27815K->32089K(43712K)
[2026-06-17T09:51:31.128+0800][51.006s][info][gc,metaspace   ] GC(1177) Metaspace: 3166K(4864K)->3166K(4864K) NonClass: 2861K(4352K)->2861K(4352K) Class: 305K(512K)->305K(512K)
[2026-06-17T09:51:31.128+0800][51.006s][info][gc             ] GC(1177) Pause Young (Allocation Failure) 44M->33M(61M) 4.047ms
[2026-06-17T09:51:31.129+0800][51.007s][info][gc,cpu         ] GC(1177) User=0.00s Sys=0.00s Real=0.00s
[2026-06-17T09:51:31.173+0800][51.052s][info][gc,start       ] GC(1178) Pause Young (Allocation Failure)
[2026-06-17T09:51:31.175+0800][51.053s][info][gc,heap        ] GC(1178) DefNew: 19610K->2087K(19648K)
[2026-06-17T09:51:31.176+0800][51.054s][info][gc,heap        ] GC(1178) Tenured: 32089K->33958K(43712K)
[2026-06-17T09:51:31.177+0800][51.055s][info][gc,metaspace   ] GC(1178) Metaspace: 3166K(4864K)->3166K(4864K) NonClass: 2861K(4352K)->2861K(4352K) Class: 305K(512K)->305K(512K)
[2026-06-17T09:51:31.177+0800][51.055s][info][gc             ] GC(1178) Pause Young (Allocation Failure) 50M->35M(61M) 3.715ms
[2026-06-17T09:51:31.178+0800][51.056s][info][gc,cpu         ] GC(1178) User=0.01s Sys=0.00s Real=0.00s
[2026-06-17T09:51:31.222+0800][51.100s][info][gc,start       ] GC(1179) Pause Young (Allocation Failure)
[2026-06-17T09:51:31.223+0800][51.101s][info][gc,heap        ] GC(1179) DefNew: 19517K->2168K(19648K)
[2026-06-17T09:51:31.224+0800][51.102s][info][gc,heap        ] GC(1179) Tenured: 33958K->40766K(43712K)
[2026-06-17T09:51:31.224+0800][51.102s][info][gc,metaspace   ] GC(1179) Metaspace: 3166K(4864K)->3166K(4864K) NonClass: 2861K(4352K)->2861K(4352K) Class: 305K(512K)->305K(512K)
[2026-06-17T09:51:31.225+0800][51.103s][info][gc             ] GC(1179) Pause Young (Allocation Failure) 52M->41M(61M) 3.114ms
[2026-06-17T09:51:31.225+0800][51.103s][info][gc,cpu         ] GC(1179) User=0.00s Sys=0.00s Real=0.01s
[2026-06-17T09:51:31.280+0800][51.158s][info][gc,start       ] GC(1180) Pause Young (Allocation Failure)
[2026-06-17T09:51:31.281+0800][51.159s][info][gc,start       ] GC(1181) Pause Full (Allocation Failure)
[2026-06-17T09:51:31.282+0800][51.160s][info][gc,phases,start] GC(1181) Phase 1: Mark live objects
[2026-06-17T09:51:31.284+0800][51.162s][info][gc,phases      ] GC(1181) Phase 1: Mark live objects 2.183ms
[2026-06-17T09:51:31.286+0800][51.164s][info][gc,phases,start] GC(1181) Phase 2: Compute new object addresses
[2026-06-17T09:51:31.288+0800][51.166s][info][gc,phases      ] GC(1181) Phase 2: Compute new object addresses 1.964ms
[2026-06-17T09:51:31.289+0800][51.167s][info][gc,phases,start] GC(1181) Phase 3: Adjust pointers
[2026-06-17T09:51:31.292+0800][51.170s][info][gc,phases      ] GC(1181) Phase 3: Adjust pointers 2.667ms
[2026-06-17T09:51:31.294+0800][51.172s][info][gc,phases,start] GC(1181) Phase 4: Move objects
[2026-06-17T09:51:31.298+0800][51.176s][info][gc,phases      ] GC(1181) Phase 4: Move objects 4.055ms
[2026-06-17T09:51:31.299+0800][51.177s][info][gc             ] GC(1181) Pause Full (Allocation Failure) 58M->19M(61M) 18.438ms
[2026-06-17T09:51:31.302+0800][51.180s][info][gc,heap        ] GC(1180) DefNew: 19630K->0K(19648K)
[2026-06-17T09:51:31.303+0800][51.181s][info][gc,heap        ] GC(1180) Tenured: 40766K->20304K(43712K)
[2026-06-17T09:51:31.303+0800][51.182s][info][gc,metaspace   ] GC(1180) Metaspace: 3166K(4864K)->3166K(4864K) NonClass: 2861K(4352K)->2861K(4352K) Class: 305K(512K)->305K(512K)
[2026-06-17T09:51:31.304+0800][51.182s][info][gc             ] GC(1180) Pause Young (Allocation Failure) 58M->19M(61M) 23.915ms
[2026-06-17T09:51:31.305+0800][51.183s][info][gc,cpu         ] GC(1180) User=0.01s Sys=0.00s Real=0.03s
[2026-06-17T09:51:31.339+0800][51.217s][info][gc,start       ] GC(1182) Pause Young (Allocation Failure)
[2026-06-17T09:51:31.342+0800][51.220s][info][gc,heap        ] GC(1182) DefNew: 17259K->2169K(19648K)
[2026-06-17T09:51:31.342+0800][51.220s][info][gc,heap        ] GC(1182) Tenured: 20304K->24370K(43712K)
[2026-06-17T09:51:31.343+0800][51.221s][info][gc,metaspace   ] GC(1182) Metaspace: 3166K(4864K)->3166K(4864K) NonClass: 2861K(4352K)->2861K(4352K) Class: 305K(512K)->305K(512K)
[2026-06-17T09:51:31.343+0800][51.221s][info][gc             ] GC(1182) Pause Young (Allocation Failure) 36M->25M(61M) 4.193ms
[2026-06-17T09:51:31.344+0800][51.222s][info][gc,cpu         ] GC(1182) User=0.00s Sys=0.00s Real=0.01s
[2026-06-17T09:51:31.397+0800][51.275s][info][gc,start       ] GC(1183) Pause Young (Allocation Failure)
[2026-06-17T09:51:31.398+0800][51.276s][info][gc,heap        ] GC(1183) DefNew: 19628K->2140K(19648K)
[2026-06-17T09:51:31.398+0800][51.276s][info][gc,heap        ] GC(1183) Tenured: 24370K->27741K(43712K)
[2026-06-17T09:51:31.398+0800][51.276s][info][gc,metaspace   ] GC(1183) Metaspace: 3166K(4864K)->3166K(4864K) NonClass: 2861K(4352K)->2861K(4352K) Class: 305K(512K)->305K(512K)
[2026-06-17T09:51:31.398+0800][51.276s][info][gc             ] GC(1183) Pause Young (Allocation Failure) 42M->29M(61M) 1.671ms
[2026-06-17T09:51:31.399+0800][51.277s][info][gc,cpu         ] GC(1183) User=0.00s Sys=0.00s Real=0.00s
[2026-06-17T09:51:31.441+0800][51.319s][info][gc,start       ] GC(1184) Pause Young (Allocation Failure)
[2026-06-17T09:51:31.444+0800][51.322s][info][gc,heap        ] GC(1184) DefNew: 19584K->2171K(19648K)
[2026-06-17T09:51:31.444+0800][51.322s][info][gc,heap        ] GC(1184) Tenured: 27741K->31349K(43712K)
[2026-06-17T09:51:31.459+0800][51.337s][info][gc,metaspace   ] GC(1184) Metaspace: 3166K(4864K)->3166K(4864K) NonClass: 2861K(4352K)->2861K(4352K) Class: 305K(512K)->305K(512K)
[2026-06-17T09:51:31.459+0800][51.337s][info][gc             ] GC(1184) Pause Young (Allocation Failure) 46M->32M(61M) 18.104ms
[2026-06-17T09:51:31.460+0800][51.338s][info][gc,cpu         ] GC(1184) User=0.00s Sys=0.00s Real=0.02s
[2026-06-17T09:51:31.502+0800][51.380s][info][gc,start       ] GC(1185) Pause Young (Allocation Failure)
[2026-06-17T09:51:31.547+0800][51.425s][info][gc,heap        ] GC(1185) DefNew: 19622K->2095K(19648K)
[2026-06-17T09:51:31.547+0800][51.425s][info][gc,heap        ] GC(1185) Tenured: 31349K->34851K(43712K)
[2026-06-17T09:51:31.547+0800][51.426s][info][gc,metaspace   ] GC(1185) Metaspace: 3166K(4864K)->3166K(4864K) NonClass: 2861K(4352K)->2861K(4352K) Class: 305K(512K)->305K(512K)
[2026-06-17T09:51:31.548+0800][51.426s][info][gc             ] GC(1185) Pause Young (Allocation Failure) 49M->36M(61M) 45.329ms
[2026-06-17T09:51:31.548+0800][51.426s][info][gc,cpu         ] GC(1185) User=0.00s Sys=0.00s Real=0.05s
[2026-06-17T09:51:31.590+0800][51.469s][info][gc,start       ] GC(1186) Pause Young (Allocation Failure)
[2026-06-17T09:51:31.592+0800][51.470s][info][gc,heap        ] GC(1186) DefNew: 19550K->2174K(19648K)
[2026-06-17T09:51:31.592+0800][51.470s][info][gc,heap        ] GC(1186) Tenured: 34851K->38217K(43712K)
[2026-06-17T09:51:31.592+0800][51.470s][info][gc,metaspace   ] GC(1186) Metaspace: 3166K(4864K)->3166K(4864K) NonClass: 2861K(4352K)->2861K(4352K) Class: 305K(512K)->305K(512K)
[2026-06-17T09:51:31.593+0800][51.471s][info][gc             ] GC(1186) Pause Young (Allocation Failure) 53M->39M(61M) 2.239ms
[2026-06-17T09:51:31.593+0800][51.471s][info][gc,cpu         ] GC(1186) User=0.01s Sys=0.00s Real=0.00s
[2026-06-17T09:51:31.636+0800][51.514s][info][gc,start       ] GC(1187) Pause Young (Allocation Failure)
[2026-06-17T09:51:31.636+0800][51.514s][info][gc,start       ] GC(1188) Pause Full (Allocation Failure)
[2026-06-17T09:51:31.638+0800][51.516s][info][gc,phases,start] GC(1188) Phase 1: Mark live objects
[2026-06-17T09:51:31.640+0800][51.518s][info][gc,phases      ] GC(1188) Phase 1: Mark live objects 2.006ms
[2026-06-17T09:51:31.642+0800][51.520s][info][gc,phases,start] GC(1188) Phase 2: Compute new object addresses
[2026-06-17T09:51:31.644+0800][51.522s][info][gc,phases      ] GC(1188) Phase 2: Compute new object addresses 2.189ms
[2026-06-17T09:51:31.645+0800][51.523s][info][gc,phases,start] GC(1188) Phase 3: Adjust pointers
[2026-06-17T09:51:31.647+0800][51.525s][info][gc,phases      ] GC(1188) Phase 3: Adjust pointers 1.669ms
[2026-06-17T09:51:31.648+0800][51.526s][info][gc,phases,start] GC(1188) Phase 4: Move objects
[2026-06-17T09:51:31.653+0800][51.531s][info][gc,phases      ] GC(1188) Phase 4: Move objects 4.298ms
[2026-06-17T09:51:31.655+0800][51.533s][info][gc             ] GC(1188) Pause Full (Allocation Failure) 56M->26M(61M) 18.646ms
[2026-06-17T09:51:31.657+0800][51.535s][info][gc,heap        ] GC(1187) DefNew: 19464K->0K(19648K)
[2026-06-17T09:51:31.658+0800][51.537s][info][gc,heap        ] GC(1187) Tenured: 38217K->26817K(43712K)
[2026-06-17T09:51:31.661+0800][51.539s][info][gc,metaspace   ] GC(1187) Metaspace: 3166K(4864K)->3166K(4864K) NonClass: 2861K(4352K)->2861K(4352K) Class: 305K(512K)->305K(512K)
[2026-06-17T09:51:31.663+0800][51.541s][info][gc             ] GC(1187) Pause Young (Allocation Failure) 56M->26M(61M) 27.546ms
[2026-06-17T09:51:31.666+0800][51.544s][info][gc,cpu         ] GC(1187) User=0.00s Sys=0.00s Real=0.03s
[2026-06-17T09:51:31.711+0800][51.589s][info][gc,start       ] GC(1189) Pause Young (Allocation Failure)
[2026-06-17T09:51:31.715+0800][51.593s][info][gc,heap        ] GC(1189) DefNew: 17441K->2170K(19648K)
[2026-06-17T09:51:31.716+0800][51.594s][info][gc,heap        ] GC(1189) Tenured: 26817K->31918K(43712K)
[2026-06-17T09:51:31.716+0800][51.594s][info][gc,metaspace   ] GC(1189) Metaspace: 3166K(4864K)->3166K(4864K) NonClass: 2861K(4352K)->2861K(4352K) Class: 305K(512K)->305K(512K)
[2026-06-17T09:51:31.717+0800][51.595s][info][gc             ] GC(1189) Pause Young (Allocation Failure) 43M->33M(61M) 5.883ms
[2026-06-17T09:51:31.717+0800][51.595s][info][gc,cpu         ] GC(1189) User=0.00s Sys=0.00s Real=0.00s
[2026-06-17T09:51:31.769+0800][51.648s][info][gc,start       ] GC(1190) Pause Young (Allocation Failure)
[2026-06-17T09:51:31.770+0800][51.648s][info][gc,heap        ] GC(1190) DefNew: 19605K->2048K(19648K)
[2026-06-17T09:51:31.771+0800][51.649s][info][gc,heap        ] GC(1190) Tenured: 31918K->34286K(43712K)
[2026-06-17T09:51:31.771+0800][51.649s][info][gc,metaspace   ] GC(1190) Metaspace: 3166K(4864K)->3166K(4864K) NonClass: 2861K(4352K)->2861K(4352K) Class: 305K(512K)->305K(512K)
[2026-06-17T09:51:31.771+0800][51.649s][info][gc             ] GC(1190) Pause Young (Allocation Failure) 50M->35M(61M) 1.249ms
[2026-06-17T09:51:31.771+0800][51.649s][info][gc,cpu         ] GC(1190) User=0.00s Sys=0.00s Real=0.01s
[2026-06-17T09:51:31.813+0800][51.692s][info][gc,start       ] GC(1191) Pause Young (Allocation Failure)
[2026-06-17T09:51:31.816+0800][51.694s][info][gc,heap        ] GC(1191) DefNew: 19520K->2108K(19648K)
[2026-06-17T09:51:31.818+0800][51.696s][info][gc,heap        ] GC(1191) Tenured: 34286K->37946K(43712K)
[2026-06-17T09:51:31.819+0800][51.697s][info][gc,metaspace   ] GC(1191) Metaspace: 3166K(4864K)->3166K(4864K) NonClass: 2861K(4352K)->2861K(4352K) Class: 305K(512K)->305K(512K)
[2026-06-17T09:51:31.820+0800][51.698s][info][gc             ] GC(1191) Pause Young (Allocation Failure) 52M->39M(61M) 6.580ms
[2026-06-17T09:51:31.821+0800][51.699s][info][gc,cpu         ] GC(1191) User=0.00s Sys=0.00s Real=0.00s
[2026-06-17T09:51:31.866+0800][51.744s][info][gc,start       ] GC(1192) Pause Young (Allocation Failure)
[2026-06-17T09:51:31.867+0800][51.745s][info][gc,start       ] GC(1193) Pause Full (Allocation Failure)
[2026-06-17T09:51:31.869+0800][51.747s][info][gc,phases,start] GC(1193) Phase 1: Mark live objects
[2026-06-17T09:51:31.874+0800][51.752s][info][gc,phases      ] GC(1193) Phase 1: Mark live objects 4.633ms
[2026-06-17T09:51:31.875+0800][51.753s][info][gc,phases,start] GC(1193) Phase 2: Compute new object addresses
[2026-06-17T09:51:31.879+0800][51.757s][info][gc,phases      ] GC(1193) Phase 2: Compute new object addresses 4.044ms
[2026-06-17T09:51:31.880+0800][51.758s][info][gc,phases,start] GC(1193) Phase 3: Adjust pointers
[2026-06-17T09:51:31.882+0800][51.760s][info][gc,phases      ] GC(1193) Phase 3: Adjust pointers 2.401ms
[2026-06-17T09:51:31.883+0800][51.761s][info][gc,phases,start] GC(1193) Phase 4: Move objects
[2026-06-17T09:51:31.889+0800][51.767s][info][gc,phases      ] GC(1193) Phase 4: Move objects 5.779ms
[2026-06-17T09:51:31.891+0800][51.769s][info][gc             ] GC(1193) Pause Full (Allocation Failure) 56M->32M(61M) 23.443ms
[2026-06-17T09:51:31.891+0800][51.769s][info][gc,heap        ] GC(1192) DefNew: 19578K->0K(19648K)
[2026-06-17T09:51:31.892+0800][51.770s][info][gc,heap        ] GC(1192) Tenured: 37946K->33362K(43712K)
[2026-06-17T09:51:31.892+0800][51.770s][info][gc,metaspace   ] GC(1192) Metaspace: 3166K(4864K)->3166K(4864K) NonClass: 2861K(4352K)->2861K(4352K) Class: 305K(512K)->305K(512K)
[2026-06-17T09:51:31.892+0800][51.771s][info][gc             ] GC(1192) Pause Young (Allocation Failure) 56M->32M(61M) 26.248ms
[2026-06-17T09:51:31.893+0800][51.771s][info][gc,cpu         ] GC(1192) User=0.01s Sys=0.00s Real=0.03s
[2026-06-17T09:51:31.937+0800][51.815s][info][gc,start       ] GC(1194) Pause Young (Allocation Failure)
[2026-06-17T09:51:31.939+0800][51.817s][info][gc,heap        ] GC(1194) DefNew: 17422K->2092K(19648K)
[2026-06-17T09:51:31.939+0800][51.817s][info][gc,heap        ] GC(1194) Tenured: 33362K->34840K(43712K)
[2026-06-17T09:51:31.939+0800][51.817s][info][gc,metaspace   ] GC(1194) Metaspace: 3166K(4864K)->3166K(4864K) NonClass: 2861K(4352K)->2861K(4352K) Class: 305K(512K)->305K(512K)
[2026-06-17T09:51:31.940+0800][51.818s][info][gc             ] GC(1194) Pause Young (Allocation Failure) 49M->36M(61M) 2.383ms
[2026-06-17T09:51:31.940+0800][51.818s][info][gc,cpu         ] GC(1194) User=0.00s Sys=0.00s Real=0.00s
[2026-06-17T09:51:31.993+0800][51.872s][info][gc,start       ] GC(1195) Pause Young (Allocation Failure)
[2026-06-17T09:51:31.994+0800][51.872s][info][gc,heap        ] GC(1195) DefNew: 19564K->2106K(19648K)
[2026-06-17T09:51:31.995+0800][51.873s][info][gc,heap        ] GC(1195) Tenured: 34840K->38458K(43712K)
[2026-06-17T09:51:31.995+0800][51.873s][info][gc,metaspace   ] GC(1195) Metaspace: 3166K(4864K)->3166K(4864K) NonClass: 2861K(4352K)->2861K(4352K) Class: 305K(512K)->305K(512K)
[2026-06-17T09:51:31.995+0800][51.873s][info][gc             ] GC(1195) Pause Young (Allocation Failure) 53M->39M(61M) 1.416ms
[2026-06-17T09:51:31.995+0800][51.873s][info][gc,cpu         ] GC(1195) User=0.00s Sys=0.00s Real=0.00s
[2026-06-17T09:51:32.038+0800][51.916s][info][gc,start       ] GC(1196) Pause Young (Allocation Failure)
[2026-06-17T09:51:32.039+0800][51.917s][info][gc,start       ] GC(1197) Pause Full (Allocation Failure)
[2026-06-17T09:51:32.041+0800][51.919s][info][gc,phases,start] GC(1197) Phase 1: Mark live objects
[2026-06-17T09:51:32.043+0800][51.921s][info][gc,phases      ] GC(1197) Phase 1: Mark live objects 2.326ms
[2026-06-17T09:51:32.044+0800][51.922s][info][gc,phases,start] GC(1197) Phase 2: Compute new object addresses
[2026-06-17T09:51:32.045+0800][51.923s][info][gc,phases      ] GC(1197) Phase 2: Compute new object addresses 0.702ms
[2026-06-17T09:51:32.045+0800][51.923s][info][gc,phases,start] GC(1197) Phase 3: Adjust pointers
[2026-06-17T09:51:32.046+0800][51.924s][info][gc,phases      ] GC(1197) Phase 3: Adjust pointers 0.992ms
[2026-06-17T09:51:32.047+0800][51.925s][info][gc,phases,start] GC(1197) Phase 4: Move objects
[2026-06-17T09:51:32.050+0800][51.928s][info][gc,phases      ] GC(1197) Phase 4: Move objects 3.230ms
[2026-06-17T09:51:32.051+0800][51.929s][info][gc             ] GC(1197) Pause Full (Allocation Failure) 56M->31M(61M) 11.213ms
[2026-06-17T09:51:32.051+0800][51.929s][info][gc,heap        ] GC(1196) DefNew: 19578K->0K(19648K)
[2026-06-17T09:51:32.052+0800][51.930s][info][gc,heap        ] GC(1196) Tenured: 38458K->31930K(43712K)
[2026-06-17T09:51:32.052+0800][51.930s][info][gc,metaspace   ] GC(1196) Metaspace: 3166K(4864K)->3166K(4864K) NonClass: 2861K(4352K)->2861K(4352K) Class: 305K(512K)->305K(512K)
[2026-06-17T09:51:32.052+0800][51.930s][info][gc             ] GC(1196) Pause Young (Allocation Failure) 56M->31M(61M) 14.018ms
[2026-06-17T09:51:32.052+0800][51.931s][info][gc,cpu         ] GC(1196) User=0.00s Sys=0.00s Real=0.02s
[2026-06-17T09:51:32.097+0800][51.975s][info][gc,start       ] GC(1198) Pause Young (Allocation Failure)
[2026-06-17T09:51:32.100+0800][51.978s][info][gc,heap        ] GC(1198) DefNew: 17459K->2171K(19648K)
[2026-06-17T09:51:32.100+0800][51.978s][info][gc,heap        ] GC(1198) Tenured: 31930K->36758K(43712K)
[2026-06-17T09:51:32.101+0800][51.979s][info][gc,metaspace   ] GC(1198) Metaspace: 3166K(4864K)->3166K(4864K) NonClass: 2861K(4352K)->2861K(4352K) Class: 305K(512K)->305K(512K)
[2026-06-17T09:51:32.102+0800][51.980s][info][gc             ] GC(1198) Pause Young (Allocation Failure) 48M->38M(61M) 4.766ms
[2026-06-17T09:51:32.102+0800][51.980s][info][gc,cpu         ] GC(1198) User=0.00s Sys=0.00s Real=0.00s
[2026-06-17T09:51:32.148+0800][52.026s][info][gc,start       ] GC(1199) Pause Young (Allocation Failure)
[2026-06-17T09:51:32.150+0800][52.028s][info][gc,heap        ] GC(1199) DefNew: 19629K->2171K(19648K)
[2026-06-17T09:51:32.151+0800][52.029s][info][gc,heap        ] GC(1199) Tenured: 36758K->42065K(43712K)
[2026-06-17T09:51:32.151+0800][52.029s][info][gc,metaspace   ] GC(1199) Metaspace: 3166K(4864K)->3166K(4864K) NonClass: 2861K(4352K)->2861K(4352K) Class: 305K(512K)->305K(512K)
[2026-06-17T09:51:32.152+0800][52.030s][info][gc             ] GC(1199) Pause Young (Allocation Failure) 55M->43M(61M) 3.978ms
[2026-06-17T09:51:32.152+0800][52.030s][info][gc,cpu         ] GC(1199) User=0.00s Sys=0.01s Real=0.01s
[2026-06-17T09:51:32.197+0800][52.075s][info][gc,start       ] GC(1200) Pause Young (Allocation Failure)
[2026-06-17T09:51:32.198+0800][52.076s][info][gc,start       ] GC(1201) Pause Full (Allocation Failure)
[2026-06-17T09:51:32.198+0800][52.076s][info][gc,phases,start] GC(1201) Phase 1: Mark live objects
[2026-06-17T09:51:32.200+0800][52.078s][info][gc,phases      ] GC(1201) Phase 1: Mark live objects 1.930ms
[2026-06-17T09:51:32.201+0800][52.079s][info][gc,phases,start] GC(1201) Phase 2: Compute new object addresses
[2026-06-17T09:51:32.202+0800][52.080s][info][gc,phases      ] GC(1201) Phase 2: Compute new object addresses 0.962ms
[2026-06-17T09:51:32.202+0800][52.080s][info][gc,phases,start] GC(1201) Phase 3: Adjust pointers
[2026-06-17T09:51:32.203+0800][52.081s][info][gc,phases      ] GC(1201) Phase 3: Adjust pointers 1.160ms
[2026-06-17T09:51:32.204+0800][52.082s][info][gc,phases,start] GC(1201) Phase 4: Move objects
[2026-06-17T09:51:32.207+0800][52.085s][info][gc,phases      ] GC(1201) Phase 4: Move objects 3.152ms
[2026-06-17T09:51:32.207+0800][52.085s][info][gc             ] GC(1201) Pause Full (Allocation Failure) 60M->29M(61M) 9.797ms
[2026-06-17T09:51:32.208+0800][52.086s][info][gc,heap        ] GC(1200) DefNew: 19613K->0K(19648K)
[2026-06-17T09:51:32.208+0800][52.086s][info][gc,heap        ] GC(1200) Tenured: 42065K->30717K(43712K)
[2026-06-17T09:51:32.208+0800][52.087s][info][gc,metaspace   ] GC(1200) Metaspace: 3166K(4864K)->3166K(4864K) NonClass: 2861K(4352K)->2861K(4352K) Class: 305K(512K)->305K(512K)
[2026-06-17T09:51:32.209+0800][52.087s][info][gc             ] GC(1200) Pause Young (Allocation Failure) 60M->29M(61M) 11.875ms
[2026-06-17T09:51:32.209+0800][52.087s][info][gc,cpu         ] GC(1200) User=0.01s Sys=0.00s Real=0.01s
[2026-06-17T09:51:32.253+0800][52.131s][info][gc,start       ] GC(1202) Pause Young (Allocation Failure)
[2026-06-17T09:51:32.256+0800][52.134s][info][gc,heap        ] GC(1202) DefNew: 17447K->2172K(19648K)
[2026-06-17T09:51:32.256+0800][52.134s][info][gc,heap        ] GC(1202) Tenured: 30717K->35679K(43712K)
[2026-06-17T09:51:32.257+0800][52.135s][info][gc,metaspace   ] GC(1202) Metaspace: 3166K(4864K)->3166K(4864K) NonClass: 2861K(4352K)->2861K(4352K) Class: 305K(512K)->305K(512K)
[2026-06-17T09:51:32.257+0800][52.135s][info][gc             ] GC(1202) Pause Young (Allocation Failure) 47M->36M(61M) 4.130ms
[2026-06-17T09:51:32.258+0800][52.136s][info][gc,cpu         ] GC(1202) User=0.00s Sys=0.00s Real=0.00s
[2026-06-17T09:51:32.312+0800][52.190s][info][gc,start       ] GC(1203) Pause Young (Allocation Failure)
[2026-06-17T09:51:32.314+0800][52.192s][info][gc,heap        ] GC(1203) DefNew: 19644K->1948K(19648K)
[2026-06-17T09:51:32.316+0800][52.194s][info][gc,heap        ] GC(1203) Tenured: 35679K->36839K(43712K)
[2026-06-17T09:51:32.317+0800][52.195s][info][gc,metaspace   ] GC(1203) Metaspace: 3166K(4864K)->3166K(4864K) NonClass: 2861K(4352K)->2861K(4352K) Class: 305K(512K)->305K(512K)
[2026-06-17T09:51:32.317+0800][52.196s][info][gc             ] GC(1203) Pause Young (Allocation Failure) 54M->37M(61M) 5.274ms
[2026-06-17T09:51:32.319+0800][52.197s][info][gc,cpu         ] GC(1203) User=0.00s Sys=0.00s Real=0.00s
[2026-06-17T09:51:32.364+0800][52.242s][info][gc,start       ] GC(1204) Pause Young (Allocation Failure)
[2026-06-17T09:51:32.364+0800][52.242s][info][gc,start       ] GC(1205) Pause Full (Allocation Failure)
[2026-06-17T09:51:32.364+0800][52.242s][info][gc,phases,start] GC(1205) Phase 1: Mark live objects
[2026-06-17T09:51:32.365+0800][52.243s][info][gc,phases      ] GC(1205) Phase 1: Mark live objects 0.826ms
[2026-06-17T09:51:32.365+0800][52.243s][info][gc,phases,start] GC(1205) Phase 2: Compute new object addresses
[2026-06-17T09:51:32.365+0800][52.244s][info][gc,phases      ] GC(1205) Phase 2: Compute new object addresses 0.329ms
[2026-06-17T09:51:32.366+0800][52.244s][info][gc,phases,start] GC(1205) Phase 3: Adjust pointers
[2026-06-17T09:51:32.366+0800][52.244s][info][gc,phases      ] GC(1205) Phase 3: Adjust pointers 0.332ms
[2026-06-17T09:51:32.366+0800][52.244s][info][gc,phases,start] GC(1205) Phase 4: Move objects
[2026-06-17T09:51:32.368+0800][52.246s][info][gc,phases      ] GC(1205) Phase 4: Move objects 2.037ms
[2026-06-17T09:51:32.368+0800][52.246s][info][gc             ] GC(1205) Pause Full (Allocation Failure) 54M->22M(61M) 4.423ms
[2026-06-17T09:51:32.369+0800][52.247s][info][gc,heap        ] GC(1204) DefNew: 19420K->0K(19648K)
[2026-06-17T09:51:32.369+0800][52.247s][info][gc,heap        ] GC(1204) Tenured: 36839K->23095K(43712K)
[2026-06-17T09:51:32.369+0800][52.247s][info][gc,metaspace   ] GC(1204) Metaspace: 3166K(4864K)->3166K(4864K) NonClass: 2861K(4352K)->2861K(4352K) Class: 305K(512K)->305K(512K)
[2026-06-17T09:51:32.369+0800][52.247s][info][gc             ] GC(1204) Pause Young (Allocation Failure) 54M->22M(61M) 5.258ms
[2026-06-17T09:51:32.369+0800][52.247s][info][gc,cpu         ] GC(1204) User=0.00s Sys=0.00s Real=0.00s
[2026-06-17T09:51:32.411+0800][52.289s][info][gc,start       ] GC(1206) Pause Young (Allocation Failure)
[2026-06-17T09:51:32.412+0800][52.290s][info][gc,heap        ] GC(1206) DefNew: 17472K->2171K(19648K)
[2026-06-17T09:51:32.412+0800][52.290s][info][gc,heap        ] GC(1206) Tenured: 23095K->27567K(43712K)
[2026-06-17T09:51:32.412+0800][52.290s][info][gc,metaspace   ] GC(1206) Metaspace: 3166K(4864K)->3166K(4864K) NonClass: 2861K(4352K)->2861K(4352K) Class: 305K(512K)->305K(512K)
[2026-06-17T09:51:32.413+0800][52.291s][info][gc             ] GC(1206) Pause Young (Allocation Failure) 39M->29M(61M) 1.900ms
[2026-06-17T09:51:32.413+0800][52.291s][info][gc,cpu         ] GC(1206) User=0.01s Sys=0.00s Real=0.00s
[2026-06-17T09:51:32.455+0800][52.333s][info][gc,start       ] GC(1207) Pause Young (Allocation Failure)
[2026-06-17T09:51:32.456+0800][52.334s][info][gc,heap        ] GC(1207) DefNew: 19618K->2170K(19648K)
[2026-06-17T09:51:32.456+0800][52.334s][info][gc,heap        ] GC(1207) Tenured: 27567K->32593K(43712K)
[2026-06-17T09:51:32.456+0800][52.334s][info][gc,metaspace   ] GC(1207) Metaspace: 3166K(4864K)->3166K(4864K) NonClass: 2861K(4352K)->2861K(4352K) Class: 305K(512K)->305K(512K)
[2026-06-17T09:51:32.456+0800][52.334s][info][gc             ] GC(1207) Pause Young (Allocation Failure) 46M->33M(61M) 1.417ms
[2026-06-17T09:51:32.456+0800][52.334s][info][gc,cpu         ] GC(1207) User=0.00s Sys=0.00s Real=0.00s
[2026-06-17T09:51:32.500+0800][52.378s][info][gc,start       ] GC(1208) Pause Young (Allocation Failure)
[2026-06-17T09:51:32.503+0800][52.381s][info][gc,heap        ] GC(1208) DefNew: 19638K->2157K(19648K)
[2026-06-17T09:51:32.506+0800][52.384s][info][gc,heap        ] GC(1208) Tenured: 32593K->37052K(43712K)
[2026-06-17T09:51:32.507+0800][52.385s][info][gc,metaspace   ] GC(1208) Metaspace: 3166K(4864K)->3166K(4864K) NonClass: 2861K(4352K)->2861K(4352K) Class: 305K(512K)->305K(512K)
[2026-06-17T09:51:32.508+0800][52.386s][info][gc             ] GC(1208) Pause Young (Allocation Failure) 51M->38M(61M) 8.636ms
[2026-06-17T09:51:32.510+0800][52.388s][info][gc,cpu         ] GC(1208) User=0.00s Sys=0.00s Real=0.01s
[2026-06-17T09:51:32.553+0800][52.431s][info][gc,start       ] GC(1209) Pause Young (Allocation Failure)
[2026-06-17T09:51:32.553+0800][52.431s][info][gc,start       ] GC(1210) Pause Full (Allocation Failure)
[2026-06-17T09:51:32.553+0800][52.431s][info][gc,phases,start] GC(1210) Phase 1: Mark live objects
[2026-06-17T09:51:32.554+0800][52.432s][info][gc,phases      ] GC(1210) Phase 1: Mark live objects 0.609ms
[2026-06-17T09:51:32.554+0800][52.432s][info][gc,phases,start] GC(1210) Phase 2: Compute new object addresses
[2026-06-17T09:51:32.554+0800][52.432s][info][gc,phases      ] GC(1210) Phase 2: Compute new object addresses 0.361ms
[2026-06-17T09:51:32.554+0800][52.433s][info][gc,phases,start] GC(1210) Phase 3: Adjust pointers
[2026-06-17T09:51:32.555+0800][52.433s][info][gc,phases      ] GC(1210) Phase 3: Adjust pointers 0.322ms
[2026-06-17T09:51:32.555+0800][52.433s][info][gc,phases,start] GC(1210) Phase 4: Move objects
[2026-06-17T09:51:32.557+0800][52.435s][info][gc,phases      ] GC(1210) Phase 4: Move objects 1.825ms
[2026-06-17T09:51:32.557+0800][52.435s][info][gc             ] GC(1210) Pause Full (Allocation Failure) 55M->25M(61M) 4.053ms
[2026-06-17T09:51:32.557+0800][52.435s][info][gc,heap        ] GC(1209) DefNew: 19628K->0K(19648K)
[2026-06-17T09:51:32.557+0800][52.435s][info][gc,heap        ] GC(1209) Tenured: 37052K->25965K(43712K)
[2026-06-17T09:51:32.557+0800][52.435s][info][gc,metaspace   ] GC(1209) Metaspace: 3166K(4864K)->3166K(4864K) NonClass: 2861K(4352K)->2861K(4352K) Class: 305K(512K)->305K(512K)
[2026-06-17T09:51:32.558+0800][52.436s][info][gc             ] GC(1209) Pause Young (Allocation Failure) 55M->25M(61M) 4.881ms
[2026-06-17T09:51:32.558+0800][52.436s][info][gc,cpu         ] GC(1209) User=0.01s Sys=0.00s Real=0.00s
[2026-06-17T09:51:32.600+0800][52.478s][info][gc,start       ] GC(1211) Pause Young (Allocation Failure)
[2026-06-17T09:51:32.601+0800][52.479s][info][gc,heap        ] GC(1211) DefNew: 17227K->2092K(19648K)
[2026-06-17T09:51:32.602+0800][52.480s][info][gc,heap        ] GC(1211) Tenured: 25965K->27211K(43712K)
[2026-06-17T09:51:32.602+0800][52.480s][info][gc,metaspace   ] GC(1211) Metaspace: 3166K(4864K)->3166K(4864K) NonClass: 2861K(4352K)->2861K(4352K) Class: 305K(512K)->305K(512K)
[2026-06-17T09:51:32.602+0800][52.480s][info][gc             ] GC(1211) Pause Young (Allocation Failure) 42M->28M(61M) 2.168ms
[2026-06-17T09:51:32.602+0800][52.481s][info][gc,cpu         ] GC(1211) User=0.00s Sys=0.00s Real=0.01s
[2026-06-17T09:51:32.657+0800][52.535s][info][gc,start       ] GC(1212) Pause Young (Allocation Failure)
[2026-06-17T09:51:32.659+0800][52.538s][info][gc,heap        ] GC(1212) DefNew: 19564K->2153K(19648K)
[2026-06-17T09:51:32.660+0800][52.538s][info][gc,heap        ] GC(1212) Tenured: 27211K->30394K(43712K)
[2026-06-17T09:51:32.662+0800][52.540s][info][gc,metaspace   ] GC(1212) Metaspace: 3166K(4864K)->3166K(4864K) NonClass: 2861K(4352K)->2861K(4352K) Class: 305K(512K)->305K(512K)
[2026-06-17T09:51:32.662+0800][52.540s][info][gc             ] GC(1212) Pause Young (Allocation Failure) 45M->31M(61M) 5.327ms
[2026-06-17T09:51:32.663+0800][52.541s][info][gc,cpu         ] GC(1212) User=0.00s Sys=0.00s Real=0.01s
[2026-06-17T09:51:32.708+0800][52.586s][info][gc,start       ] GC(1213) Pause Young (Allocation Failure)
[2026-06-17T09:51:32.710+0800][52.588s][info][gc,heap        ] GC(1213) DefNew: 19598K->2161K(19648K)
[2026-06-17T09:51:32.712+0800][52.590s][info][gc,heap        ] GC(1213) Tenured: 30394K->34024K(43712K)
[2026-06-17T09:51:32.712+0800][52.590s][info][gc,metaspace   ] GC(1213) Metaspace: 3166K(4864K)->3166K(4864K) NonClass: 2861K(4352K)->2861K(4352K) Class: 305K(512K)->305K(512K)
[2026-06-17T09:51:32.713+0800][52.591s][info][gc             ] GC(1213) Pause Young (Allocation Failure) 48M->35M(61M) 4.921ms
[2026-06-17T09:51:32.713+0800][52.591s][info][gc,cpu         ] GC(1213) User=0.00s Sys=0.00s Real=0.01s
[2026-06-17T09:51:32.758+0800][52.636s][info][gc,start       ] GC(1214) Pause Young (Allocation Failure)
[2026-06-17T09:51:32.760+0800][52.638s][info][gc,heap        ] GC(1214) DefNew: 19633K->2152K(19648K)
[2026-06-17T09:51:32.761+0800][52.639s][info][gc,heap        ] GC(1214) Tenured: 34024K->37502K(43712K)
[2026-06-17T09:51:32.761+0800][52.640s][info][gc,metaspace   ] GC(1214) Metaspace: 3166K(4864K)->3166K(4864K) NonClass: 2861K(4352K)->2861K(4352K) Class: 305K(512K)->305K(512K)
[2026-06-17T09:51:32.762+0800][52.640s][info][gc             ] GC(1214) Pause Young (Allocation Failure) 52M->38M(61M) 4.641ms
[2026-06-17T09:51:32.763+0800][52.641s][info][gc,cpu         ] GC(1214) User=0.00s Sys=0.00s Real=0.01s
[2026-06-17T09:51:32.808+0800][52.686s][info][gc,start       ] GC(1215) Pause Young (Allocation Failure)
[2026-06-17T09:51:32.809+0800][52.687s][info][gc,start       ] GC(1216) Pause Full (Allocation Failure)
[2026-06-17T09:51:32.809+0800][52.687s][info][gc,phases,start] GC(1216) Phase 1: Mark live objects
[2026-06-17T09:51:32.812+0800][52.690s][info][gc,phases      ] GC(1216) Phase 1: Mark live objects 2.859ms
[2026-06-17T09:51:32.813+0800][52.691s][info][gc,phases,start] GC(1216) Phase 2: Compute new object addresses
[2026-06-17T09:51:32.814+0800][52.692s][info][gc,phases      ] GC(1216) Phase 2: Compute new object addresses 1.161ms
[2026-06-17T09:51:32.815+0800][52.693s][info][gc,phases,start] GC(1216) Phase 3: Adjust pointers
[2026-06-17T09:51:32.816+0800][52.694s][info][gc,phases      ] GC(1216) Phase 3: Adjust pointers 1.210ms
[2026-06-17T09:51:32.816+0800][52.695s][info][gc,phases,start] GC(1216) Phase 4: Move objects
[2026-06-17T09:51:32.821+0800][52.699s][info][gc,phases      ] GC(1216) Phase 4: Move objects 4.381ms
[2026-06-17T09:51:32.821+0800][52.699s][info][gc             ] GC(1216) Pause Full (Allocation Failure) 55M->30M(61M) 12.670ms
[2026-06-17T09:51:32.822+0800][52.700s][info][gc,heap        ] GC(1215) DefNew: 19624K->0K(19648K)
[2026-06-17T09:51:32.822+0800][52.700s][info][gc,heap        ] GC(1215) Tenured: 37502K->30875K(43712K)
[2026-06-17T09:51:32.823+0800][52.701s][info][gc,metaspace   ] GC(1215) Metaspace: 3166K(4864K)->3166K(4864K) NonClass: 2861K(4352K)->2861K(4352K) Class: 305K(512K)->305K(512K)
[2026-06-17T09:51:32.823+0800][52.701s][info][gc             ] GC(1215) Pause Young (Allocation Failure) 55M->30M(61M) 15.600ms
[2026-06-17T09:51:32.824+0800][52.702s][info][gc,cpu         ] GC(1215) User=0.00s Sys=0.00s Real=0.02s
[2026-06-17T09:51:32.866+0800][52.744s][info][gc,start       ] GC(1217) Pause Young (Allocation Failure)
[2026-06-17T09:51:32.867+0800][52.745s][info][gc,heap        ] GC(1217) DefNew: 17471K->2139K(19648K)
[2026-06-17T09:51:32.867+0800][52.745s][info][gc,heap        ] GC(1217) Tenured: 30875K->32438K(43712K)
[2026-06-17T09:51:32.868+0800][52.746s][info][gc,metaspace   ] GC(1217) Metaspace: 3166K(4864K)->3166K(4864K) NonClass: 2861K(4352K)->2861K(4352K) Class: 305K(512K)->305K(512K)
[2026-06-17T09:51:32.868+0800][52.746s][info][gc             ] GC(1217) Pause Young (Allocation Failure) 47M->33M(61M) 2.306ms
[2026-06-17T09:51:32.868+0800][52.746s][info][gc,cpu         ] GC(1217) User=0.00s Sys=0.00s Real=0.00s
[2026-06-17T09:51:32.922+0800][52.800s][info][gc,start       ] GC(1218) Pause Young (Allocation Failure)
[2026-06-17T09:51:32.924+0800][52.802s][info][gc,heap        ] GC(1218) DefNew: 19574K->2134K(19648K)
[2026-06-17T09:51:32.925+0800][52.803s][info][gc,heap        ] GC(1218) Tenured: 32438K->36393K(43712K)
[2026-06-17T09:51:32.925+0800][52.803s][info][gc,metaspace   ] GC(1218) Metaspace: 3166K(4864K)->3166K(4864K) NonClass: 2861K(4352K)->2861K(4352K) Class: 305K(512K)->305K(512K)
[2026-06-17T09:51:32.926+0800][52.804s][info][gc             ] GC(1218) Pause Young (Allocation Failure) 50M->37M(61M) 4.311ms
[2026-06-17T09:51:32.926+0800][52.804s][info][gc,cpu         ] GC(1218) User=0.00s Sys=0.00s Real=0.01s
[2026-06-17T09:51:32.971+0800][52.849s][info][gc,start       ] GC(1219) Pause Young (Allocation Failure)
[2026-06-17T09:51:32.973+0800][52.851s][info][gc,heap        ] GC(1219) DefNew: 19606K->2172K(19648K)
[2026-06-17T09:51:32.974+0800][52.852s][info][gc,heap        ] GC(1219) Tenured: 36393K->40039K(43712K)
[2026-06-17T09:51:32.975+0800][52.853s][info][gc,metaspace   ] GC(1219) Metaspace: 3166K(4864K)->3166K(4864K) NonClass: 2861K(4352K)->2861K(4352K) Class: 305K(512K)->305K(512K)
[2026-06-17T09:51:32.976+0800][52.854s][info][gc             ] GC(1219) Pause Young (Allocation Failure) 54M->41M(61M) 5.380ms
[2026-06-17T09:51:32.977+0800][52.855s][info][gc,cpu         ] GC(1219) User=0.00s Sys=0.00s Real=0.00s
[2026-06-17T09:51:33.023+0800][52.901s][info][gc,start       ] GC(1220) Pause Young (Allocation Failure)
[2026-06-17T09:51:33.024+0800][52.902s][info][gc,start       ] GC(1221) Pause Full (Allocation Failure)
[2026-06-17T09:51:33.025+0800][52.903s][info][gc,phases,start] GC(1221) Phase 1: Mark live objects
[2026-06-17T09:51:33.027+0800][52.905s][info][gc,phases      ] GC(1221) Phase 1: Mark live objects 2.291ms
[2026-06-17T09:51:33.028+0800][52.906s][info][gc,phases,start] GC(1221) Phase 2: Compute new object addresses
[2026-06-17T09:51:33.029+0800][52.907s][info][gc,phases      ] GC(1221) Phase 2: Compute new object addresses 0.987ms
[2026-06-17T09:51:33.029+0800][52.907s][info][gc,phases,start] GC(1221) Phase 3: Adjust pointers
[2026-06-17T09:51:33.031+0800][52.909s][info][gc,phases      ] GC(1221) Phase 3: Adjust pointers 1.138ms
[2026-06-17T09:51:33.031+0800][52.909s][info][gc,phases,start] GC(1221) Phase 4: Move objects
[2026-06-17T09:51:33.034+0800][52.912s][info][gc,phases      ] GC(1221) Phase 4: Move objects 2.829ms
[2026-06-17T09:51:33.035+0800][52.913s][info][gc             ] GC(1221) Pause Full (Allocation Failure) 58M->22M(61M) 10.341ms
[2026-06-17T09:51:33.035+0800][52.913s][info][gc,heap        ] GC(1220) DefNew: 19644K->0K(19648K)
[2026-06-17T09:51:33.036+0800][52.914s][info][gc,heap        ] GC(1220) Tenured: 40039K->23310K(43712K)
[2026-06-17T09:51:33.036+0800][52.914s][info][gc,metaspace   ] GC(1220) Metaspace: 3166K(4864K)->3166K(4864K) NonClass: 2861K(4352K)->2861K(4352K) Class: 305K(512K)->305K(512K)
[2026-06-17T09:51:33.037+0800][52.915s][info][gc             ] GC(1220) Pause Young (Allocation Failure) 58M->22M(61M) 13.554ms
[2026-06-17T09:51:33.038+0800][52.916s][info][gc,cpu         ] GC(1220) User=0.00s Sys=0.00s Real=0.01s
[2026-06-17T09:51:33.082+0800][52.960s][info][gc,start       ] GC(1222) Pause Young (Allocation Failure)
[2026-06-17T09:51:33.084+0800][52.962s][info][gc,heap        ] GC(1222) DefNew: 17452K->2168K(19648K)
[2026-06-17T09:51:33.085+0800][52.963s][info][gc,heap        ] GC(1222) Tenured: 23310K->28165K(43712K)
[2026-06-17T09:51:33.086+0800][52.964s][info][gc,metaspace   ] GC(1222) Metaspace: 3166K(4864K)->3166K(4864K) NonClass: 2861K(4352K)->2861K(4352K) Class: 305K(512K)->305K(512K)
[2026-06-17T09:51:33.087+0800][52.965s][info][gc             ] GC(1222) Pause Young (Allocation Failure) 39M->29M(61M) 4.692ms
[2026-06-17T09:51:33.088+0800][52.966s][info][gc,cpu         ] GC(1222) User=0.01s Sys=0.00s Real=0.01s
[2026-06-17T09:51:33.131+0800][53.009s][info][gc,start       ] GC(1223) Pause Young (Allocation Failure)
[2026-06-17T09:51:33.132+0800][53.010s][info][gc,heap        ] GC(1223) DefNew: 19275K->2145K(19648K)
[2026-06-17T09:51:33.133+0800][53.011s][info][gc,heap        ] GC(1223) Tenured: 28165K->31145K(43712K)
[2026-06-17T09:51:33.133+0800][53.011s][info][gc,metaspace   ] GC(1223) Metaspace: 3166K(4864K)->3166K(4864K) NonClass: 2861K(4352K)->2861K(4352K) Class: 305K(512K)->305K(512K)
[2026-06-17T09:51:33.133+0800][53.011s][info][gc             ] GC(1223) Pause Young (Allocation Failure) 46M->32M(61M) 1.881ms
[2026-06-17T09:51:33.134+0800][53.012s][info][gc,cpu         ] GC(1223) User=0.00s Sys=0.00s Real=0.00s
[2026-06-17T09:51:33.176+0800][53.054s][info][gc,start       ] GC(1224) Pause Young (Allocation Failure)
[2026-06-17T09:51:33.177+0800][53.055s][info][gc,heap        ] GC(1224) DefNew: 18993K->2152K(19648K)
[2026-06-17T09:51:33.177+0800][53.055s][info][gc,heap        ] GC(1224) Tenured: 31145K->34152K(43712K)
[2026-06-17T09:51:33.180+0800][53.058s][info][gc,metaspace   ] GC(1224) Metaspace: 3166K(4864K)->3166K(4864K) NonClass: 2861K(4352K)->2861K(4352K) Class: 305K(512K)->305K(512K)
[2026-06-17T09:51:33.180+0800][53.058s][info][gc             ] GC(1224) Pause Young (Allocation Failure) 48M->35M(61M) 4.102ms
[2026-06-17T09:51:33.180+0800][53.058s][info][gc,cpu         ] GC(1224) User=0.00s Sys=0.00s Real=0.00s
[2026-06-17T09:51:33.232+0800][53.110s][info][gc,start       ] GC(1225) Pause Young (Allocation Failure)
[2026-06-17T09:51:33.236+0800][53.114s][info][gc,heap        ] GC(1225) DefNew: 19624K->2169K(19648K)
[2026-06-17T09:51:33.247+0800][53.125s][info][gc,heap        ] GC(1225) Tenured: 34152K->37914K(43712K)
[2026-06-17T09:51:33.285+0800][53.163s][info][gc,metaspace   ] GC(1225) Metaspace: 3166K(4864K)->3166K(4864K) NonClass: 2861K(4352K)->2861K(4352K) Class: 305K(512K)->305K(512K)
[2026-06-17T09:51:33.340+0800][53.218s][info][gc             ] GC(1225) Pause Young (Allocation Failure) 52M->39M(61M) 107.710ms
[2026-06-17T09:51:33.341+0800][53.219s][info][gc,cpu         ] GC(1225) User=0.00s Sys=0.00s Real=0.10s
[2026-06-17T09:51:33.386+0800][53.264s][info][gc,start       ] GC(1226) Pause Young (Allocation Failure)
[2026-06-17T09:51:33.387+0800][53.265s][info][gc,start       ] GC(1227) Pause Full (Allocation Failure)
[2026-06-17T09:51:33.388+0800][53.266s][info][gc,phases,start] GC(1227) Phase 1: Mark live objects
[2026-06-17T09:51:33.390+0800][53.268s][info][gc,phases      ] GC(1227) Phase 1: Mark live objects 1.845ms
[2026-06-17T09:51:33.390+0800][53.268s][info][gc,phases,start] GC(1227) Phase 2: Compute new object addresses
[2026-06-17T09:51:33.391+0800][53.269s][info][gc,phases      ] GC(1227) Phase 2: Compute new object addresses 0.855ms
[2026-06-17T09:51:33.391+0800][53.270s][info][gc,phases,start] GC(1227) Phase 3: Adjust pointers
[2026-06-17T09:51:33.393+0800][53.271s][info][gc,phases      ] GC(1227) Phase 3: Adjust pointers 1.579ms
[2026-06-17T09:51:33.394+0800][53.272s][info][gc,phases,start] GC(1227) Phase 4: Move objects
[2026-06-17T09:51:33.397+0800][53.275s][info][gc,phases      ] GC(1227) Phase 4: Move objects 3.444ms
[2026-06-17T09:51:33.398+0800][53.276s][info][gc             ] GC(1227) Pause Full (Allocation Failure) 56M->27M(61M) 10.580ms
[2026-06-17T09:51:33.398+0800][53.276s][info][gc,heap        ] GC(1226) DefNew: 19590K->0K(19648K)
[2026-06-17T09:51:33.399+0800][53.277s][info][gc,heap        ] GC(1226) Tenured: 37914K->28030K(43712K)
[2026-06-17T09:51:33.399+0800][53.277s][info][gc,metaspace   ] GC(1226) Metaspace: 3166K(4864K)->3166K(4864K) NonClass: 2861K(4352K)->2861K(4352K) Class: 305K(512K)->305K(512K)
[2026-06-17T09:51:33.399+0800][53.277s][info][gc             ] GC(1226) Pause Young (Allocation Failure) 56M->27M(61M) 12.750ms
[2026-06-17T09:51:33.399+0800][53.277s][info][gc,cpu         ] GC(1226) User=0.00s Sys=0.00s Real=0.01s
[2026-06-17T09:51:33.444+0800][53.322s][info][gc,start       ] GC(1228) Pause Young (Allocation Failure)
[2026-06-17T09:51:33.446+0800][53.324s][info][gc,heap        ] GC(1228) DefNew: 17472K->2175K(19648K)
[2026-06-17T09:51:33.447+0800][53.325s][info][gc,heap        ] GC(1228) Tenured: 28030K->32704K(43712K)
[2026-06-17T09:51:33.447+0800][53.325s][info][gc,metaspace   ] GC(1228) Metaspace: 3166K(4864K)->3166K(4864K) NonClass: 2861K(4352K)->2861K(4352K) Class: 305K(512K)->305K(512K)
[2026-06-17T09:51:33.448+0800][53.326s][info][gc             ] GC(1228) Pause Young (Allocation Failure) 44M->34M(61M) 4.037ms
[2026-06-17T09:51:33.448+0800][53.326s][info][gc,cpu         ] GC(1228) User=0.00s Sys=0.00s Real=0.00s
[2026-06-17T09:51:33.493+0800][53.371s][info][gc,start       ] GC(1229) Pause Young (Allocation Failure)
[2026-06-17T09:51:33.496+0800][53.375s][info][gc,heap        ] GC(1229) DefNew: 19320K->2084K(19648K)
[2026-06-17T09:51:33.497+0800][53.375s][info][gc,heap        ] GC(1229) Tenured: 32704K->34879K(43712K)
[2026-06-17T09:51:33.498+0800][53.376s][info][gc,metaspace   ] GC(1229) Metaspace: 3166K(4864K)->3166K(4864K) NonClass: 2861K(4352K)->2861K(4352K) Class: 305K(512K)->305K(512K)
[2026-06-17T09:51:33.499+0800][53.377s][info][gc             ] GC(1229) Pause Young (Allocation Failure) 50M->36M(61M) 6.410ms
[2026-06-17T09:51:33.499+0800][53.377s][info][gc,cpu         ] GC(1229) User=0.00s Sys=0.00s Real=0.00s
[2026-06-17T09:51:33.542+0800][53.420s][info][gc,start       ] GC(1230) Pause Young (Allocation Failure)
[2026-06-17T09:51:33.547+0800][53.425s][info][gc,heap        ] GC(1230) DefNew: 19556K->2167K(19648K)
[2026-06-17T09:51:33.547+0800][53.425s][info][gc,heap        ] GC(1230) Tenured: 34879K->41786K(43712K)
[2026-06-17T09:51:33.547+0800][53.425s][info][gc,metaspace   ] GC(1230) Metaspace: 3166K(4864K)->3166K(4864K) NonClass: 2861K(4352K)->2861K(4352K) Class: 305K(512K)->305K(512K)
[2026-06-17T09:51:33.548+0800][53.426s][info][gc             ] GC(1230) Pause Young (Allocation Failure) 53M->42M(61M) 5.331ms
[2026-06-17T09:51:33.548+0800][53.426s][info][gc,cpu         ] GC(1230) User=0.00s Sys=0.00s Real=0.01s
[2026-06-17T09:51:33.603+0800][53.481s][info][gc,start       ] GC(1231) Pause Young (Allocation Failure)
[2026-06-17T09:51:33.604+0800][53.482s][info][gc,start       ] GC(1232) Pause Full (Allocation Failure)
[2026-06-17T09:51:33.604+0800][53.483s][info][gc,phases,start] GC(1232) Phase 1: Mark live objects
[2026-06-17T09:51:33.607+0800][53.485s][info][gc,phases      ] GC(1232) Phase 1: Mark live objects 2.121ms
[2026-06-17T09:51:33.607+0800][53.485s][info][gc,phases,start] GC(1232) Phase 2: Compute new object addresses
[2026-06-17T09:51:33.608+0800][53.486s][info][gc,phases      ] GC(1232) Phase 2: Compute new object addresses 0.871ms
[2026-06-17T09:51:33.608+0800][53.486s][info][gc,phases,start] GC(1232) Phase 3: Adjust pointers
[2026-06-17T09:51:33.609+0800][53.487s][info][gc,phases      ] GC(1232) Phase 3: Adjust pointers 0.992ms
[2026-06-17T09:51:33.610+0800][53.488s][info][gc,phases,start] GC(1232) Phase 4: Move objects
[2026-06-17T09:51:33.613+0800][53.491s][info][gc,phases      ] GC(1232) Phase 4: Move objects 3.164ms
[2026-06-17T09:51:33.614+0800][53.492s][info][gc             ] GC(1232) Pause Full (Allocation Failure) 59M->22M(61M) 9.604ms
[2026-06-17T09:51:33.614+0800][53.492s][info][gc,heap        ] GC(1231) DefNew: 19619K->0K(19648K)
[2026-06-17T09:51:33.614+0800][53.492s][info][gc,heap        ] GC(1231) Tenured: 41786K->22733K(43712K)
[2026-06-17T09:51:33.614+0800][53.492s][info][gc,metaspace   ] GC(1231) Metaspace: 3166K(4864K)->3166K(4864K) NonClass: 2861K(4352K)->2861K(4352K) Class: 305K(512K)->305K(512K)
[2026-06-17T09:51:33.615+0800][53.493s][info][gc             ] GC(1231) Pause Young (Allocation Failure) 59M->22M(61M) 11.336ms
[2026-06-17T09:51:33.615+0800][53.493s][info][gc,cpu         ] GC(1231) User=0.01s Sys=0.00s Real=0.01s
[2026-06-17T09:51:33.647+0800][53.525s][info][gc,start       ] GC(1233) Pause Young (Allocation Failure)
[2026-06-17T09:51:33.648+0800][53.526s][info][gc,heap        ] GC(1233) DefNew: 17143K->2175K(19648K)
[2026-06-17T09:51:33.648+0800][53.526s][info][gc,heap        ] GC(1233) Tenured: 22733K->27304K(43712K)
[2026-06-17T09:51:33.648+0800][53.526s][info][gc,metaspace   ] GC(1233) Metaspace: 3166K(4864K)->3166K(4864K) NonClass: 2861K(4352K)->2861K(4352K) Class: 305K(512K)->305K(512K)
[2026-06-17T09:51:33.648+0800][53.526s][info][gc             ] GC(1233) Pause Young (Allocation Failure) 38M->28M(61M) 1.608ms
[2026-06-17T09:51:33.649+0800][53.527s][info][gc,cpu         ] GC(1233) User=0.00s Sys=0.00s Real=0.00s
[2026-06-17T09:51:33.702+0800][53.580s][info][gc,start       ] GC(1234) Pause Young (Allocation Failure)
[2026-06-17T09:51:33.704+0800][53.582s][info][gc,heap        ] GC(1234) DefNew: 19606K->2097K(19648K)
[2026-06-17T09:51:33.704+0800][53.582s][info][gc,heap        ] GC(1234) Tenured: 27304K->31165K(43712K)
[2026-06-17T09:51:33.705+0800][53.583s][info][gc,metaspace   ] GC(1234) Metaspace: 3166K(4864K)->3166K(4864K) NonClass: 2861K(4352K)->2861K(4352K) Class: 305K(512K)->305K(512K)
[2026-06-17T09:51:33.705+0800][53.583s][info][gc             ] GC(1234) Pause Young (Allocation Failure) 45M->32M(61M) 3.609ms
[2026-06-17T09:51:33.718+0800][53.596s][info][gc,cpu         ] GC(1234) User=0.01s Sys=0.00s Real=0.02s
[2026-06-17T09:51:33.763+0800][53.641s][info][gc,start       ] GC(1235) Pause Young (Allocation Failure)
[2026-06-17T09:51:33.766+0800][53.644s][info][gc,heap        ] GC(1235) DefNew: 19536K->2171K(19648K)
[2026-06-17T09:51:33.767+0800][53.645s][info][gc,heap        ] GC(1235) Tenured: 31165K->34810K(43712K)
[2026-06-17T09:51:33.768+0800][53.646s][info][gc,metaspace   ] GC(1235) Metaspace: 3166K(4864K)->3166K(4864K) NonClass: 2861K(4352K)->2861K(4352K) Class: 305K(512K)->305K(512K)
[2026-06-17T09:51:33.789+0800][53.667s][info][gc             ] GC(1235) Pause Young (Allocation Failure) 49M->36M(61M) 26.627ms
[2026-06-17T09:51:33.823+0800][53.701s][info][gc,cpu         ] GC(1235) User=0.00s Sys=0.00s Real=0.06s
[2026-06-17T09:51:33.869+0800][53.747s][info][gc,start       ] GC(1236) Pause Young (Allocation Failure)
[2026-06-17T09:51:33.870+0800][53.748s][info][gc,heap        ] GC(1236) DefNew: 19639K->2121K(19648K)
[2026-06-17T09:51:33.871+0800][53.749s][info][gc,heap        ] GC(1236) Tenured: 34810K->39453K(43712K)
[2026-06-17T09:51:33.872+0800][53.750s][info][gc,metaspace   ] GC(1236) Metaspace: 3166K(4864K)->3166K(4864K) NonClass: 2861K(4352K)->2861K(4352K) Class: 305K(512K)->305K(512K)
[2026-06-17T09:51:33.872+0800][53.750s][info][gc             ] GC(1236) Pause Young (Allocation Failure) 53M->40M(61M) 3.267ms
[2026-06-17T09:51:33.872+0800][53.751s][info][gc,cpu         ] GC(1236) User=0.00s Sys=0.00s Real=0.01s
[2026-06-17T09:51:33.915+0800][53.793s][info][gc,start       ] GC(1237) Pause Young (Allocation Failure)
[2026-06-17T09:51:33.916+0800][53.794s][info][gc,start       ] GC(1238) Pause Full (Allocation Failure)
[2026-06-17T09:51:33.916+0800][53.794s][info][gc,phases,start] GC(1238) Phase 1: Mark live objects
[2026-06-17T09:51:33.917+0800][53.795s][info][gc,phases      ] GC(1238) Phase 1: Mark live objects 0.748ms
[2026-06-17T09:51:33.918+0800][53.796s][info][gc,phases,start] GC(1238) Phase 2: Compute new object addresses
[2026-06-17T09:51:33.920+0800][53.798s][info][gc,phases      ] GC(1238) Phase 2: Compute new object addresses 2.108ms
[2026-06-17T09:51:33.920+0800][53.798s][info][gc,phases,start] GC(1238) Phase 3: Adjust pointers
[2026-06-17T09:51:33.921+0800][53.799s][info][gc,phases      ] GC(1238) Phase 3: Adjust pointers 0.773ms
[2026-06-17T09:51:33.921+0800][53.800s][info][gc,phases,start] GC(1238) Phase 4: Move objects
[2026-06-17T09:51:33.924+0800][53.802s][info][gc,phases      ] GC(1238) Phase 4: Move objects 2.729ms
[2026-06-17T09:51:33.925+0800][53.803s][info][gc             ] GC(1238) Pause Full (Allocation Failure) 57M->30M(61M) 8.985ms
[2026-06-17T09:51:33.925+0800][53.803s][info][gc,heap        ] GC(1237) DefNew: 19593K->0K(19648K)
[2026-06-17T09:51:33.926+0800][53.804s][info][gc,heap        ] GC(1237) Tenured: 39453K->31459K(43712K)
[2026-06-17T09:51:33.929+0800][53.807s][info][gc,metaspace   ] GC(1237) Metaspace: 3166K(4864K)->3166K(4864K) NonClass: 2861K(4352K)->2861K(4352K) Class: 305K(512K)->305K(512K)
[2026-06-17T09:51:33.929+0800][53.807s][info][gc             ] GC(1237) Pause Young (Allocation Failure) 57M->30M(61M) 13.570ms
[2026-06-17T09:51:33.929+0800][53.808s][info][gc,cpu         ] GC(1237) User=0.00s Sys=0.00s Real=0.01s
[2026-06-17T09:51:33.972+0800][53.850s][info][gc,start       ] GC(1239) Pause Young (Allocation Failure)
[2026-06-17T09:51:33.973+0800][53.851s][info][gc,heap        ] GC(1239) DefNew: 17232K->2031K(19648K)
[2026-06-17T09:51:33.974+0800][53.852s][info][gc,heap        ] GC(1239) Tenured: 31459K->32869K(43712K)
[2026-06-17T09:51:33.974+0800][53.852s][info][gc,metaspace   ] GC(1239) Metaspace: 3166K(4864K)->3166K(4864K) NonClass: 2861K(4352K)->2861K(4352K) Class: 305K(512K)->305K(512K)
[2026-06-17T09:51:33.975+0800][53.853s][info][gc             ] GC(1239) Pause Young (Allocation Failure) 47M->34M(61M) 2.398ms
[2026-06-17T09:51:33.975+0800][53.853s][info][gc,cpu         ] GC(1239) User=0.00s Sys=0.00s Real=0.00s
[2026-06-17T09:51:34.017+0800][53.895s][info][gc,start       ] GC(1240) Pause Young (Allocation Failure)
[2026-06-17T09:51:34.019+0800][53.897s][info][gc,heap        ] GC(1240) DefNew: 19502K->2168K(19648K)
[2026-06-17T09:51:34.019+0800][53.897s][info][gc,heap        ] GC(1240) Tenured: 32869K->40278K(43712K)
[2026-06-17T09:51:34.020+0800][53.898s][info][gc,metaspace   ] GC(1240) Metaspace: 3166K(4864K)->3166K(4864K) NonClass: 2861K(4352K)->2861K(4352K) Class: 305K(512K)->305K(512K)
[2026-06-17T09:51:34.020+0800][53.898s][info][gc             ] GC(1240) Pause Young (Allocation Failure) 51M->41M(61M) 2.412ms
[2026-06-17T09:51:34.020+0800][53.898s][info][gc,cpu         ] GC(1240) User=0.00s Sys=0.00s Real=0.00s
[2026-06-17T09:51:34.074+0800][53.952s][info][gc,start       ] GC(1241) Pause Young (Allocation Failure)
[2026-06-17T09:51:34.075+0800][53.953s][info][gc,start       ] GC(1242) Pause Full (Allocation Failure)
[2026-06-17T09:51:34.076+0800][53.954s][info][gc,phases,start] GC(1242) Phase 1: Mark live objects
[2026-06-17T09:51:34.078+0800][53.956s][info][gc,phases      ] GC(1242) Phase 1: Mark live objects 2.435ms
[2026-06-17T09:51:34.079+0800][53.957s][info][gc,phases,start] GC(1242) Phase 2: Compute new object addresses
[2026-06-17T09:51:34.080+0800][53.958s][info][gc,phases      ] GC(1242) Phase 2: Compute new object addresses 1.026ms
[2026-06-17T09:51:34.080+0800][53.958s][info][gc,phases,start] GC(1242) Phase 3: Adjust pointers
[2026-06-17T09:51:34.082+0800][53.960s][info][gc,phases      ] GC(1242) Phase 3: Adjust pointers 1.180ms
[2026-06-17T09:51:34.082+0800][53.960s][info][gc,phases,start] GC(1242) Phase 4: Move objects
[2026-06-17T09:51:34.086+0800][53.964s][info][gc,phases      ] GC(1242) Phase 4: Move objects 3.968ms
[2026-06-17T09:51:34.087+0800][53.965s][info][gc             ] GC(1242) Pause Full (Allocation Failure) 58M->27M(61M) 11.623ms
[2026-06-17T09:51:34.087+0800][53.965s][info][gc,heap        ] GC(1241) DefNew: 19634K->0K(19648K)
[2026-06-17T09:51:34.088+0800][53.966s][info][gc,heap        ] GC(1241) Tenured: 40278K->28137K(43712K)
[2026-06-17T09:51:34.088+0800][53.966s][info][gc,metaspace   ] GC(1241) Metaspace: 3166K(4864K)->3166K(4864K) NonClass: 2861K(4352K)->2861K(4352K) Class: 305K(512K)->305K(512K)
[2026-06-17T09:51:34.089+0800][53.967s][info][gc             ] GC(1241) Pause Young (Allocation Failure) 58M->27M(61M) 14.526ms
[2026-06-17T09:51:34.089+0800][53.967s][info][gc,cpu         ] GC(1241) User=0.00s Sys=0.01s Real=0.01s
[2026-06-17T09:51:34.134+0800][54.012s][info][gc,start       ] GC(1243) Pause Young (Allocation Failure)
[2026-06-17T09:51:34.135+0800][54.013s][info][gc,heap        ] GC(1243) DefNew: 17443K->2174K(19648K)
[2026-06-17T09:51:34.136+0800][54.014s][info][gc,heap        ] GC(1243) Tenured: 28137K->32676K(43712K)
[2026-06-17T09:51:34.136+0800][54.014s][info][gc,metaspace   ] GC(1243) Metaspace: 3166K(4864K)->3166K(4864K) NonClass: 2861K(4352K)->2861K(4352K) Class: 305K(512K)->305K(512K)
[2026-06-17T09:51:34.137+0800][54.015s][info][gc             ] GC(1243) Pause Young (Allocation Failure) 44M->34M(61M) 3.336ms
[2026-06-17T09:51:34.138+0800][54.016s][info][gc,cpu         ] GC(1243) User=0.00s Sys=0.00s Real=0.00s
[2026-06-17T09:51:34.182+0800][54.060s][info][gc,start       ] GC(1244) Pause Young (Allocation Failure)
[2026-06-17T09:51:34.183+0800][54.061s][info][gc,heap        ] GC(1244) DefNew: 19646K->2166K(19648K)
[2026-06-17T09:51:34.183+0800][54.061s][info][gc,heap        ] GC(1244) Tenured: 32676K->36972K(43712K)
[2026-06-17T09:51:34.184+0800][54.062s][info][gc,metaspace   ] GC(1244) Metaspace: 3166K(4864K)->3166K(4864K) NonClass: 2861K(4352K)->2861K(4352K) Class: 305K(512K)->305K(512K)
[2026-06-17T09:51:34.184+0800][54.062s][info][gc             ] GC(1244) Pause Young (Allocation Failure) 51M->38M(61M) 1.935ms
[2026-06-17T09:51:34.184+0800][54.062s][info][gc,cpu         ] GC(1244) User=0.00s Sys=0.00s Real=0.01s
[2026-06-17T09:51:34.228+0800][54.106s][info][gc,start       ] GC(1245) Pause Young (Allocation Failure)
[2026-06-17T09:51:34.229+0800][54.107s][info][gc,start       ] GC(1246) Pause Full (Allocation Failure)
[2026-06-17T09:51:34.230+0800][54.108s][info][gc,phases,start] GC(1246) Phase 1: Mark live objects
[2026-06-17T09:51:34.232+0800][54.110s][info][gc,phases      ] GC(1246) Phase 1: Mark live objects 2.180ms
[2026-06-17T09:51:34.232+0800][54.110s][info][gc,phases,start] GC(1246) Phase 2: Compute new object addresses
[2026-06-17T09:51:34.233+0800][54.111s][info][gc,phases      ] GC(1246) Phase 2: Compute new object addresses 1.043ms
[2026-06-17T09:51:34.234+0800][54.112s][info][gc,phases,start] GC(1246) Phase 3: Adjust pointers
[2026-06-17T09:51:34.235+0800][54.113s][info][gc,phases      ] GC(1246) Phase 3: Adjust pointers 1.311ms
[2026-06-17T09:51:34.236+0800][54.114s][info][gc,phases,start] GC(1246) Phase 4: Move objects
[2026-06-17T09:51:34.240+0800][54.118s][info][gc,phases      ] GC(1246) Phase 4: Move objects 3.838ms
[2026-06-17T09:51:34.240+0800][54.118s][info][gc             ] GC(1246) Pause Full (Allocation Failure) 55M->27M(61M) 11.429ms
[2026-06-17T09:51:34.241+0800][54.119s][info][gc,heap        ] GC(1245) DefNew: 19602K->0K(19648K)
[2026-06-17T09:51:34.241+0800][54.119s][info][gc,heap        ] GC(1245) Tenured: 36972K->27773K(43712K)
[2026-06-17T09:51:34.242+0800][54.120s][info][gc,metaspace   ] GC(1245) Metaspace: 3166K(4864K)->3166K(4864K) NonClass: 2861K(4352K)->2861K(4352K) Class: 305K(512K)->305K(512K)
[2026-06-17T09:51:34.242+0800][54.120s][info][gc             ] GC(1245) Pause Young (Allocation Failure) 55M->27M(61M) 14.209ms
[2026-06-17T09:51:34.243+0800][54.121s][info][gc,cpu         ] GC(1245) User=0.01s Sys=0.00s Real=0.02s
[2026-06-17T09:51:34.299+0800][54.177s][info][gc,start       ] GC(1247) Pause Young (Allocation Failure)
[2026-06-17T09:51:34.301+0800][54.179s][info][gc,heap        ] GC(1247) DefNew: 17446K->2167K(19648K)
[2026-06-17T09:51:34.301+0800][54.179s][info][gc,heap        ] GC(1247) Tenured: 27773K->29802K(43712K)
[2026-06-17T09:51:34.302+0800][54.180s][info][gc,metaspace   ] GC(1247) Metaspace: 3166K(4864K)->3166K(4864K) NonClass: 2861K(4352K)->2861K(4352K) Class: 305K(512K)->305K(512K)
[2026-06-17T09:51:34.303+0800][54.182s][info][gc             ] GC(1247) Pause Young (Allocation Failure) 44M->31M(61M) 4.702ms
[2026-06-17T09:51:34.304+0800][54.182s][info][gc,cpu         ] GC(1247) User=0.00s Sys=0.00s Real=0.01s
[2026-06-17T09:51:34.349+0800][54.227s][info][gc,start       ] GC(1248) Pause Young (Allocation Failure)
[2026-06-17T09:51:34.350+0800][54.228s][info][gc,heap        ] GC(1248) DefNew: 19610K->2064K(19648K)
[2026-06-17T09:51:34.351+0800][54.229s][info][gc,heap        ] GC(1248) Tenured: 29802K->33465K(43712K)
[2026-06-17T09:51:34.351+0800][54.229s][info][gc,metaspace   ] GC(1248) Metaspace: 3166K(4864K)->3166K(4864K) NonClass: 2861K(4352K)->2861K(4352K) Class: 305K(512K)->305K(512K)
[2026-06-17T09:51:34.351+0800][54.229s][info][gc             ] GC(1248) Pause Young (Allocation Failure) 48M->34M(61M) 2.519ms
[2026-06-17T09:51:34.351+0800][54.229s][info][gc,cpu         ] GC(1248) User=0.00s Sys=0.00s Real=0.01s
[2026-06-17T09:51:34.394+0800][54.272s][info][gc,start       ] GC(1249) Pause Young (Allocation Failure)
[2026-06-17T09:51:34.396+0800][54.274s][info][gc,heap        ] GC(1249) DefNew: 19529K->2128K(19648K)
[2026-06-17T09:51:34.396+0800][54.274s][info][gc,heap        ] GC(1249) Tenured: 33465K->37223K(43712K)
[2026-06-17T09:51:34.396+0800][54.275s][info][gc,metaspace   ] GC(1249) Metaspace: 3166K(4864K)->3166K(4864K) NonClass: 2861K(4352K)->2861K(4352K) Class: 305K(512K)->305K(512K)
[2026-06-17T09:51:34.397+0800][54.275s][info][gc             ] GC(1249) Pause Young (Allocation Failure) 51M->38M(61M) 2.944ms
[2026-06-17T09:51:34.397+0800][54.275s][info][gc,cpu         ] GC(1249) User=0.00s Sys=0.00s Real=0.00s
[2026-06-17T09:51:34.441+0800][54.320s][info][gc,start       ] GC(1250) Pause Young (Allocation Failure)
[2026-06-17T09:51:34.443+0800][54.321s][info][gc,start       ] GC(1251) Pause Full (Allocation Failure)
[2026-06-17T09:51:34.443+0800][54.321s][info][gc,phases,start] GC(1251) Phase 1: Mark live objects
[2026-06-17T09:51:34.446+0800][54.324s][info][gc,phases      ] GC(1251) Phase 1: Mark live objects 2.391ms
[2026-06-17T09:51:34.446+0800][54.324s][info][gc,phases,start] GC(1251) Phase 2: Compute new object addresses
[2026-06-17T09:51:34.448+0800][54.326s][info][gc,phases      ] GC(1251) Phase 2: Compute new object addresses 1.139ms
[2026-06-17T09:51:34.448+0800][54.326s][info][gc,phases,start] GC(1251) Phase 3: Adjust pointers
[2026-06-17T09:51:34.449+0800][54.327s][info][gc,phases      ] GC(1251) Phase 3: Adjust pointers 1.194ms
[2026-06-17T09:51:34.450+0800][54.328s][info][gc,phases,start] GC(1251) Phase 4: Move objects
[2026-06-17T09:51:34.454+0800][54.332s][info][gc,phases      ] GC(1251) Phase 4: Move objects 3.663ms
[2026-06-17T09:51:34.454+0800][54.332s][info][gc             ] GC(1251) Pause Full (Allocation Failure) 55M->29M(61M) 11.849ms
[2026-06-17T09:51:34.455+0800][54.333s][info][gc,heap        ] GC(1250) DefNew: 19594K->0K(19648K)
[2026-06-17T09:51:34.455+0800][54.333s][info][gc,heap        ] GC(1250) Tenured: 37223K->30048K(43712K)
[2026-06-17T09:51:34.456+0800][54.334s][info][gc,metaspace   ] GC(1250) Metaspace: 3166K(4864K)->3166K(4864K) NonClass: 2861K(4352K)->2861K(4352K) Class: 305K(512K)->305K(512K)
[2026-06-17T09:51:34.456+0800][54.334s][info][gc             ] GC(1250) Pause Young (Allocation Failure) 55M->29M(61M) 14.827ms
[2026-06-17T09:51:34.457+0800][54.335s][info][gc,cpu         ] GC(1250) User=0.00s Sys=0.00s Real=0.02s
[2026-06-17T09:51:34.500+0800][54.378s][info][gc,start       ] GC(1252) Pause Young (Allocation Failure)
[2026-06-17T09:51:34.503+0800][54.382s][info][gc,heap        ] GC(1252) DefNew: 17463K->2168K(19648K)
[2026-06-17T09:51:34.504+0800][54.382s][info][gc,heap        ] GC(1252) Tenured: 30048K->34739K(43712K)
[2026-06-17T09:51:34.506+0800][54.384s][info][gc,metaspace   ] GC(1252) Metaspace: 3166K(4864K)->3166K(4864K) NonClass: 2861K(4352K)->2861K(4352K) Class: 305K(512K)->305K(512K)
[2026-06-17T09:51:34.506+0800][54.384s][info][gc             ] GC(1252) Pause Young (Allocation Failure) 46M->36M(61M) 5.768ms
[2026-06-17T09:51:34.506+0800][54.384s][info][gc,cpu         ] GC(1252) User=0.00s Sys=0.00s Real=0.01s
[2026-06-17T09:51:34.549+0800][54.427s][info][gc,start       ] GC(1253) Pause Young (Allocation Failure)
[2026-06-17T09:51:34.552+0800][54.430s][info][gc,heap        ] GC(1253) DefNew: 19627K->2167K(19648K)
[2026-06-17T09:51:34.553+0800][54.431s][info][gc,heap        ] GC(1253) Tenured: 34739K->41182K(43712K)
[2026-06-17T09:51:34.553+0800][54.432s][info][gc,metaspace   ] GC(1253) Metaspace: 3166K(4864K)->3166K(4864K) NonClass: 2861K(4352K)->2861K(4352K) Class: 305K(512K)->305K(512K)
[2026-06-17T09:51:34.555+0800][54.433s][info][gc             ] GC(1253) Pause Young (Allocation Failure) 53M->42M(61M) 5.157ms
[2026-06-17T09:51:34.555+0800][54.433s][info][gc,cpu         ] GC(1253) User=0.00s Sys=0.00s Real=0.01s
[2026-06-17T09:51:34.609+0800][54.487s][info][gc,start       ] GC(1254) Pause Young (Allocation Failure)
[2026-06-17T09:51:34.611+0800][54.489s][info][gc,start       ] GC(1255) Pause Full (Allocation Failure)
[2026-06-17T09:51:34.611+0800][54.490s][info][gc,phases,start] GC(1255) Phase 1: Mark live objects
[2026-06-17T09:51:34.613+0800][54.491s][info][gc,phases      ] GC(1255) Phase 1: Mark live objects 1.645ms
[2026-06-17T09:51:34.616+0800][54.494s][info][gc,phases,start] GC(1255) Phase 2: Compute new object addresses
[2026-06-17T09:51:34.618+0800][54.496s][info][gc,phases      ] GC(1255) Phase 2: Compute new object addresses 2.305ms
[2026-06-17T09:51:34.618+0800][54.497s][info][gc,phases,start] GC(1255) Phase 3: Adjust pointers
[2026-06-17T09:51:34.619+0800][54.497s][info][gc,phases      ] GC(1255) Phase 3: Adjust pointers 0.718ms
[2026-06-17T09:51:34.620+0800][54.498s][info][gc,phases,start] GC(1255) Phase 4: Move objects
[2026-06-17T09:51:34.622+0800][54.500s][info][gc,phases      ] GC(1255) Phase 4: Move objects 1.878ms
[2026-06-17T09:51:34.622+0800][54.500s][info][gc             ] GC(1255) Pause Full (Allocation Failure) 59M->27M(61M) 11.483ms
[2026-06-17T09:51:34.623+0800][54.501s][info][gc,heap        ] GC(1254) DefNew: 19628K->0K(19648K)
[2026-06-17T09:51:34.623+0800][54.501s][info][gc,heap        ] GC(1254) Tenured: 41182K->28156K(43712K)
[2026-06-17T09:51:34.623+0800][54.501s][info][gc,metaspace   ] GC(1254) Metaspace: 3166K(4864K)->3166K(4864K) NonClass: 2861K(4352K)->2861K(4352K) Class: 305K(512K)->305K(512K)
[2026-06-17T09:51:34.623+0800][54.502s][info][gc             ] GC(1254) Pause Young (Allocation Failure) 59M->27M(61M) 14.070ms
[2026-06-17T09:51:34.624+0800][54.502s][info][gc,cpu         ] GC(1254) User=0.01s Sys=0.00s Real=0.02s
[2026-06-17T09:51:34.656+0800][54.534s][info][gc,start       ] GC(1256) Pause Young (Allocation Failure)
[2026-06-17T09:51:34.657+0800][54.535s][info][gc,heap        ] GC(1256) DefNew: 17175K->2168K(19648K)
[2026-06-17T09:51:34.657+0800][54.535s][info][gc,heap        ] GC(1256) Tenured: 28156K->33405K(43712K)
[2026-06-17T09:51:34.657+0800][54.535s][info][gc,metaspace   ] GC(1256) Metaspace: 3166K(4864K)->3166K(4864K) NonClass: 2861K(4352K)->2861K(4352K) Class: 305K(512K)->305K(512K)
[2026-06-17T09:51:34.657+0800][54.535s][info][gc             ] GC(1256) Pause Young (Allocation Failure) 44M->34M(61M) 1.556ms
[2026-06-17T09:51:34.657+0800][54.535s][info][gc,cpu         ] GC(1256) User=0.00s Sys=0.00s Real=0.00s
[2026-06-17T09:51:34.711+0800][54.589s][info][gc,start       ] GC(1257) Pause Young (Allocation Failure)
[2026-06-17T09:51:34.713+0800][54.591s][info][gc,heap        ] GC(1257) DefNew: 19624K->2104K(19648K)
[2026-06-17T09:51:34.713+0800][54.591s][info][gc,heap        ] GC(1257) Tenured: 33405K->36533K(43712K)
[2026-06-17T09:51:34.714+0800][54.592s][info][gc,metaspace   ] GC(1257) Metaspace: 3166K(4864K)->3166K(4864K) NonClass: 2861K(4352K)->2861K(4352K) Class: 305K(512K)->305K(512K)
[2026-06-17T09:51:34.714+0800][54.592s][info][gc             ] GC(1257) Pause Young (Allocation Failure) 51M->37M(61M) 3.650ms
[2026-06-17T09:51:34.715+0800][54.593s][info][gc,cpu         ] GC(1257) User=0.00s Sys=0.00s Real=0.00s
[2026-06-17T09:51:34.759+0800][54.637s][info][gc,start       ] GC(1258) Pause Young (Allocation Failure)
[2026-06-17T09:51:34.761+0800][54.639s][info][gc,start       ] GC(1259) Pause Full (Allocation Failure)
[2026-06-17T09:51:34.763+0800][54.641s][info][gc,phases,start] GC(1259) Phase 1: Mark live objects
[2026-06-17T09:51:34.765+0800][54.643s][info][gc,phases      ] GC(1259) Phase 1: Mark live objects 2.157ms
[2026-06-17T09:51:34.765+0800][54.643s][info][gc,phases,start] GC(1259) Phase 2: Compute new object addresses
[2026-06-17T09:51:34.766+0800][54.644s][info][gc,phases      ] GC(1259) Phase 2: Compute new object addresses 0.735ms
[2026-06-17T09:51:34.767+0800][54.645s][info][gc,phases,start] GC(1259) Phase 3: Adjust pointers
[2026-06-17T09:51:34.768+0800][54.646s][info][gc,phases      ] GC(1259) Phase 3: Adjust pointers 1.005ms
[2026-06-17T09:51:34.768+0800][54.646s][info][gc,phases,start] GC(1259) Phase 4: Move objects
[2026-06-17T09:51:34.772+0800][54.650s][info][gc,phases      ] GC(1259) Phase 4: Move objects 3.434ms
[2026-06-17T09:51:34.772+0800][54.650s][info][gc             ] GC(1259) Pause Full (Allocation Failure) 54M->23M(61M) 11.484ms
[2026-06-17T09:51:34.773+0800][54.651s][info][gc,heap        ] GC(1258) DefNew: 19550K->0K(19648K)
[2026-06-17T09:51:34.773+0800][54.651s][info][gc,heap        ] GC(1258) Tenured: 36533K->23566K(43712K)
[2026-06-17T09:51:34.774+0800][54.652s][info][gc,metaspace   ] GC(1258) Metaspace: 3166K(4864K)->3166K(4864K) NonClass: 2861K(4352K)->2861K(4352K) Class: 305K(512K)->305K(512K)
[2026-06-17T09:51:34.774+0800][54.652s][info][gc             ] GC(1258) Pause Young (Allocation Failure) 54M->23M(61M) 14.782ms
[2026-06-17T09:51:34.775+0800][54.653s][info][gc,cpu         ] GC(1258) User=0.00s Sys=0.00s Real=0.02s
[2026-06-17T09:51:34.819+0800][54.697s][info][gc,start       ] GC(1260) Pause Young (Allocation Failure)
[2026-06-17T09:51:34.822+0800][54.700s][info][gc,heap        ] GC(1260) DefNew: 17465K->2175K(19648K)
[2026-06-17T09:51:34.822+0800][54.700s][info][gc,heap        ] GC(1260) Tenured: 23566K->28347K(43712K)
[2026-06-17T09:51:34.823+0800][54.701s][info][gc,metaspace   ] GC(1260) Metaspace: 3166K(4864K)->3166K(4864K) NonClass: 2861K(4352K)->2861K(4352K) Class: 305K(512K)->305K(512K)
[2026-06-17T09:51:34.823+0800][54.701s][info][gc             ] GC(1260) Pause Young (Allocation Failure) 40M->29M(61M) 4.797ms
[2026-06-17T09:51:34.824+0800][54.702s][info][gc,cpu         ] GC(1260) User=0.00s Sys=0.01s Real=0.01s
[2026-06-17T09:51:34.868+0800][54.746s][info][gc,start       ] GC(1261) Pause Young (Allocation Failure)
[2026-06-17T09:51:34.870+0800][54.748s][info][gc,heap        ] GC(1261) DefNew: 19647K->2170K(19648K)
[2026-06-17T09:51:34.871+0800][54.749s][info][gc,heap        ] GC(1261) Tenured: 28347K->33635K(43712K)
[2026-06-17T09:51:34.871+0800][54.749s][info][gc,metaspace   ] GC(1261) Metaspace: 3166K(4864K)->3166K(4864K) NonClass: 2861K(4352K)->2861K(4352K) Class: 305K(512K)->305K(512K)
[2026-06-17T09:51:34.871+0800][54.749s][info][gc             ] GC(1261) Pause Young (Allocation Failure) 46M->34M(61M) 2.983ms
[2026-06-17T09:51:34.871+0800][54.749s][info][gc,cpu         ] GC(1261) User=0.01s Sys=0.00s Real=0.01s
[2026-06-17T09:51:34.925+0800][54.803s][info][gc,start       ] GC(1262) Pause Young (Allocation Failure)
[2026-06-17T09:51:34.927+0800][54.805s][info][gc,heap        ] GC(1262) DefNew: 19607K->2171K(19648K)
[2026-06-17T09:51:34.927+0800][54.805s][info][gc,heap        ] GC(1262) Tenured: 33635K->36093K(43712K)
[2026-06-17T09:51:34.927+0800][54.805s][info][gc,metaspace   ] GC(1262) Metaspace: 3166K(4864K)->3166K(4864K) NonClass: 2861K(4352K)->2861K(4352K) Class: 305K(512K)->305K(512K)
[2026-06-17T09:51:34.928+0800][54.806s][info][gc             ] GC(1262) Pause Young (Allocation Failure) 51M->37M(61M) 2.817ms
[2026-06-17T09:51:34.928+0800][54.806s][info][gc,cpu         ] GC(1262) User=0.00s Sys=0.00s Real=0.00s
[2026-06-17T09:51:34.971+0800][54.849s][info][gc,start       ] GC(1263) Pause Young (Allocation Failure)
[2026-06-17T09:51:34.972+0800][54.850s][info][gc,heap        ] GC(1263) DefNew: 19614K->2101K(19648K)
[2026-06-17T09:51:34.972+0800][54.850s][info][gc,heap        ] GC(1263) Tenured: 36093K->39703K(43712K)
[2026-06-17T09:51:34.972+0800][54.850s][info][gc,metaspace   ] GC(1263) Metaspace: 3166K(4864K)->3166K(4864K) NonClass: 2861K(4352K)->2861K(4352K) Class: 305K(512K)->305K(512K)
[2026-06-17T09:51:34.972+0800][54.850s][info][gc             ] GC(1263) Pause Young (Allocation Failure) 54M->40M(61M) 1.512ms
[2026-06-17T09:51:34.972+0800][54.850s][info][gc,cpu         ] GC(1263) User=0.00s Sys=0.00s Real=0.00s
[2026-06-17T09:51:35.015+0800][54.893s][info][gc,start       ] GC(1264) Pause Young (Allocation Failure)
[2026-06-17T09:51:35.060+0800][54.938s][info][gc,start       ] GC(1265) Pause Full (Allocation Failure)
[2026-06-17T09:51:35.061+0800][54.939s][info][gc,phases,start] GC(1265) Phase 1: Mark live objects
[2026-06-17T09:51:35.065+0800][54.943s][info][gc,phases      ] GC(1265) Phase 1: Mark live objects 3.826ms
[2026-06-17T09:51:35.066+0800][54.944s][info][gc,phases,start] GC(1265) Phase 2: Compute new object addresses
[2026-06-17T09:51:35.067+0800][54.945s][info][gc,phases      ] GC(1265) Phase 2: Compute new object addresses 1.237ms
[2026-06-17T09:51:35.068+0800][54.946s][info][gc,phases,start] GC(1265) Phase 3: Adjust pointers
[2026-06-17T09:51:35.069+0800][54.947s][info][gc,phases      ] GC(1265) Phase 3: Adjust pointers 1.412ms
[2026-06-17T09:51:35.070+0800][54.948s][info][gc,phases,start] GC(1265) Phase 4: Move objects
[2026-06-17T09:51:35.073+0800][54.951s][info][gc,phases      ] GC(1265) Phase 4: Move objects 3.094ms
[2026-06-17T09:51:35.074+0800][54.952s][info][gc             ] GC(1265) Pause Full (Allocation Failure) 57M->25M(61M) 14.431ms
[2026-06-17T09:51:35.075+0800][54.953s][info][gc,heap        ] GC(1264) DefNew: 19536K->0K(19648K)
[2026-06-17T09:51:35.075+0800][54.953s][info][gc,heap        ] GC(1264) Tenured: 39703K->26566K(43712K)
[2026-06-17T09:51:35.076+0800][54.954s][info][gc,metaspace   ] GC(1264) Metaspace: 3166K(4864K)->3166K(4864K) NonClass: 2861K(4352K)->2861K(4352K) Class: 305K(512K)->305K(512K)
[2026-06-17T09:51:35.077+0800][54.955s][info][gc             ] GC(1264) Pause Young (Allocation Failure) 57M->25M(61M) 62.024ms
[2026-06-17T09:51:35.077+0800][54.956s][info][gc,cpu         ] GC(1264) User=0.01s Sys=0.00s Real=0.06s
[2026-06-17T09:51:35.121+0800][54.999s][info][gc,start       ] GC(1266) Pause Young (Allocation Failure)
[2026-06-17T09:51:35.123+0800][55.001s][info][gc,heap        ] GC(1266) DefNew: 17455K->2171K(19648K)
[2026-06-17T09:51:35.123+0800][55.001s][info][gc,heap        ] GC(1266) Tenured: 26566K->31538K(43712K)
[2026-06-17T09:51:35.123+0800][55.001s][info][gc,metaspace   ] GC(1266) Metaspace: 3166K(4864K)->3166K(4864K) NonClass: 2861K(4352K)->2861K(4352K) Class: 305K(512K)->305K(512K)
[2026-06-17T09:51:35.124+0800][55.002s][info][gc             ] GC(1266) Pause Young (Allocation Failure) 42M->32M(61M) 2.498ms
[2026-06-17T09:51:35.124+0800][55.002s][info][gc,cpu         ] GC(1266) User=0.00s Sys=0.00s Real=0.01s
[2026-06-17T09:51:35.166+0800][55.044s][info][gc,start       ] GC(1267) Pause Young (Allocation Failure)
[2026-06-17T09:51:35.167+0800][55.045s][info][gc,heap        ] GC(1267) DefNew: 19643K->2171K(19648K)
[2026-06-17T09:51:35.169+0800][55.047s][info][gc,heap        ] GC(1267) Tenured: 31538K->35478K(43712K)
[2026-06-17T09:51:35.172+0800][55.050s][info][gc,metaspace   ] GC(1267) Metaspace: 3166K(4864K)->3166K(4864K) NonClass: 2861K(4352K)->2861K(4352K) Class: 305K(512K)->305K(512K)
[2026-06-17T09:51:35.172+0800][55.050s][info][gc             ] GC(1267) Pause Young (Allocation Failure) 49M->36M(61M) 6.570ms
[2026-06-17T09:51:35.173+0800][55.051s][info][gc,cpu         ] GC(1267) User=0.00s Sys=0.00s Real=0.01s
[2026-06-17T09:51:35.215+0800][55.093s][info][gc,start       ] GC(1268) Pause Young (Allocation Failure)
[2026-06-17T09:51:35.216+0800][55.094s][info][gc,heap        ] GC(1268) DefNew: 19535K->2040K(19648K)
[2026-06-17T09:51:35.216+0800][55.094s][info][gc,heap        ] GC(1268) Tenured: 35478K->35875K(43712K)
[2026-06-17T09:51:35.216+0800][55.094s][info][gc,metaspace   ] GC(1268) Metaspace: 3166K(4864K)->3166K(4864K) NonClass: 2861K(4352K)->2861K(4352K) Class: 305K(512K)->305K(512K)
[2026-06-17T09:51:35.216+0800][55.094s][info][gc             ] GC(1268) Pause Young (Allocation Failure) 53M->37M(61M) 1.233ms
[2026-06-17T09:51:35.216+0800][55.094s][info][gc,cpu         ] GC(1268) User=0.00s Sys=0.00s Real=0.00s
[2026-06-17T09:51:35.269+0800][55.147s][info][gc,start       ] GC(1269) Pause Young (Allocation Failure)
[2026-06-17T09:51:35.270+0800][55.148s][info][gc,heap        ] GC(1269) DefNew: 19512K->2173K(19648K)
[2026-06-17T09:51:35.272+0800][55.150s][info][gc,heap        ] GC(1269) Tenured: 35875K->39144K(43712K)
[2026-06-17T09:51:35.273+0800][55.151s][info][gc,metaspace   ] GC(1269) Metaspace: 3166K(4864K)->3166K(4864K) NonClass: 2861K(4352K)->2861K(4352K) Class: 305K(512K)->305K(512K)
[2026-06-17T09:51:35.274+0800][55.152s][info][gc             ] GC(1269) Pause Young (Allocation Failure) 54M->40M(61M) 4.630ms
[2026-06-17T09:51:35.274+0800][55.152s][info][gc,cpu         ] GC(1269) User=0.00s Sys=0.00s Real=0.01s
[2026-06-17T09:51:35.317+0800][55.195s][info][gc,start       ] GC(1270) Pause Young (Allocation Failure)
[2026-06-17T09:51:35.317+0800][55.195s][info][gc,start       ] GC(1271) Pause Full (Allocation Failure)
[2026-06-17T09:51:35.318+0800][55.196s][info][gc,phases,start] GC(1271) Phase 1: Mark live objects
[2026-06-17T09:51:35.319+0800][55.197s][info][gc,phases      ] GC(1271) Phase 1: Mark live objects 1.052ms
[2026-06-17T09:51:35.319+0800][55.197s][info][gc,phases,start] GC(1271) Phase 2: Compute new object addresses
[2026-06-17T09:51:35.320+0800][55.198s][info][gc,phases      ] GC(1271) Phase 2: Compute new object addresses 0.562ms
[2026-06-17T09:51:35.320+0800][55.198s][info][gc,phases,start] GC(1271) Phase 3: Adjust pointers
[2026-06-17T09:51:35.321+0800][55.199s][info][gc,phases      ] GC(1271) Phase 3: Adjust pointers 0.698ms
[2026-06-17T09:51:35.321+0800][55.199s][info][gc,phases,start] GC(1271) Phase 4: Move objects
[2026-06-17T09:51:35.323+0800][55.201s][info][gc,phases      ] GC(1271) Phase 4: Move objects 1.785ms
[2026-06-17T09:51:35.324+0800][55.202s][info][gc             ] GC(1271) Pause Full (Allocation Failure) 57M->21M(61M) 6.234ms
[2026-06-17T09:51:35.324+0800][55.202s][info][gc,heap        ] GC(1270) DefNew: 19615K->0K(19648K)
[2026-06-17T09:51:35.324+0800][55.202s][info][gc,heap        ] GC(1270) Tenured: 39144K->21974K(43712K)
[2026-06-17T09:51:35.325+0800][55.203s][info][gc,metaspace   ] GC(1270) Metaspace: 3166K(4864K)->3166K(4864K) NonClass: 2861K(4352K)->2861K(4352K) Class: 305K(512K)->305K(512K)
[2026-06-17T09:51:35.325+0800][55.203s][info][gc             ] GC(1270) Pause Young (Allocation Failure) 57M->21M(61M) 8.343ms
[2026-06-17T09:51:35.326+0800][55.204s][info][gc,cpu         ] GC(1270) User=0.00s Sys=0.00s Real=0.01s
[2026-06-17T09:51:35.368+0800][55.246s][info][gc,start       ] GC(1272) Pause Young (Allocation Failure)
[2026-06-17T09:51:35.370+0800][55.248s][info][gc,heap        ] GC(1272) DefNew: 17447K->2175K(19648K)
[2026-06-17T09:51:35.371+0800][55.249s][info][gc,heap        ] GC(1272) Tenured: 21974K->27001K(43712K)
[2026-06-17T09:51:35.372+0800][55.250s][info][gc,metaspace   ] GC(1272) Metaspace: 3166K(4864K)->3166K(4864K) NonClass: 2861K(4352K)->2861K(4352K) Class: 305K(512K)->305K(512K)
[2026-06-17T09:51:35.373+0800][55.251s][info][gc             ] GC(1272) Pause Young (Allocation Failure) 38M->28M(61M) 4.898ms
[2026-06-17T09:51:35.374+0800][55.252s][info][gc,cpu         ] GC(1272) User=0.00s Sys=0.00s Real=0.01s
[2026-06-17T09:51:35.419+0800][55.297s][info][gc,start       ] GC(1273) Pause Young (Allocation Failure)
[2026-06-17T09:51:35.421+0800][55.299s][info][gc,heap        ] GC(1273) DefNew: 19647K->2171K(19648K)
[2026-06-17T09:51:35.422+0800][55.300s][info][gc,heap        ] GC(1273) Tenured: 27001K->33908K(43712K)
[2026-06-17T09:51:35.422+0800][55.300s][info][gc,metaspace   ] GC(1273) Metaspace: 3166K(4864K)->3166K(4864K) NonClass: 2861K(4352K)->2861K(4352K) Class: 305K(512K)->305K(512K)
[2026-06-17T09:51:35.423+0800][55.301s][info][gc             ] GC(1273) Pause Young (Allocation Failure) 45M->35M(61M) 3.209ms
[2026-06-17T09:51:35.423+0800][55.301s][info][gc,cpu         ] GC(1273) User=0.00s Sys=0.00s Real=0.01s
[2026-06-17T09:51:35.465+0800][55.343s][info][gc,start       ] GC(1274) Pause Young (Allocation Failure)
[2026-06-17T09:51:35.466+0800][55.344s][info][gc,heap        ] GC(1274) DefNew: 19365K->1885K(19648K)
[2026-06-17T09:51:35.467+0800][55.345s][info][gc,heap        ] GC(1274) Tenured: 33908K->36079K(43712K)
[2026-06-17T09:51:35.468+0800][55.346s][info][gc,metaspace   ] GC(1274) Metaspace: 3166K(4864K)->3166K(4864K) NonClass: 2861K(4352K)->2861K(4352K) Class: 305K(512K)->305K(512K)
[2026-06-17T09:51:35.468+0800][55.346s][info][gc             ] GC(1274) Pause Young (Allocation Failure) 52M->37M(61M) 2.753ms
[2026-06-17T09:51:35.469+0800][55.347s][info][gc,cpu         ] GC(1274) User=0.00s Sys=0.00s Real=0.00s
[2026-06-17T09:51:35.511+0800][55.389s][info][gc,start       ] GC(1275) Pause Young (Allocation Failure)
[2026-06-17T09:51:35.511+0800][55.389s][info][gc,start       ] GC(1276) Pause Full (Allocation Failure)
[2026-06-17T09:51:35.511+0800][55.389s][info][gc,phases,start] GC(1276) Phase 1: Mark live objects
[2026-06-17T09:51:35.512+0800][55.390s][info][gc,phases      ] GC(1276) Phase 1: Mark live objects 0.572ms
[2026-06-17T09:51:35.512+0800][55.390s][info][gc,phases,start] GC(1276) Phase 2: Compute new object addresses
[2026-06-17T09:51:35.512+0800][55.390s][info][gc,phases      ] GC(1276) Phase 2: Compute new object addresses 0.314ms
[2026-06-17T09:51:35.512+0800][55.391s][info][gc,phases,start] GC(1276) Phase 3: Adjust pointers
[2026-06-17T09:51:35.513+0800][55.391s][info][gc,phases      ] GC(1276) Phase 3: Adjust pointers 0.354ms
[2026-06-17T09:51:35.513+0800][55.391s][info][gc,phases,start] GC(1276) Phase 4: Move objects
[2026-06-17T09:51:35.515+0800][55.393s][info][gc,phases      ] GC(1276) Phase 4: Move objects 1.566ms
[2026-06-17T09:51:35.515+0800][55.393s][info][gc             ] GC(1276) Pause Full (Allocation Failure) 54M->26M(61M) 3.553ms
[2026-06-17T09:51:35.515+0800][55.393s][info][gc,heap        ] GC(1275) DefNew: 19337K->0K(19648K)
[2026-06-17T09:51:35.515+0800][55.393s][info][gc,heap        ] GC(1275) Tenured: 36079K->27116K(43712K)
[2026-06-17T09:51:35.515+0800][55.393s][info][gc,metaspace   ] GC(1275) Metaspace: 3166K(4864K)->3166K(4864K) NonClass: 2861K(4352K)->2861K(4352K) Class: 305K(512K)->305K(512K)
[2026-06-17T09:51:35.515+0800][55.393s][info][gc             ] GC(1275) Pause Young (Allocation Failure) 54M->26M(61M) 4.159ms
[2026-06-17T09:51:35.515+0800][55.393s][info][gc,cpu         ] GC(1275) User=0.01s Sys=0.00s Real=0.00s
[2026-06-17T09:51:35.557+0800][55.435s][info][gc,start       ] GC(1277) Pause Young (Allocation Failure)
[2026-06-17T09:51:35.558+0800][55.437s][info][gc,heap        ] GC(1277) DefNew: 17472K->2175K(19648K)
[2026-06-17T09:51:35.559+0800][55.437s][info][gc,heap        ] GC(1277) Tenured: 27116K->31957K(43712K)
[2026-06-17T09:51:35.559+0800][55.437s][info][gc,metaspace   ] GC(1277) Metaspace: 3166K(4864K)->3166K(4864K) NonClass: 2861K(4352K)->2861K(4352K) Class: 305K(512K)->305K(512K)
[2026-06-17T09:51:35.559+0800][55.437s][info][gc             ] GC(1277) Pause Young (Allocation Failure) 43M->33M(61M) 2.096ms
[2026-06-17T09:51:35.560+0800][55.438s][info][gc,cpu         ] GC(1277) User=0.00s Sys=0.00s Real=0.00s
[2026-06-17T09:51:35.602+0800][55.480s][info][gc,start       ] GC(1278) Pause Young (Allocation Failure)
[2026-06-17T09:51:35.603+0800][55.481s][info][gc,heap        ] GC(1278) DefNew: 19482K->2121K(19648K)
[2026-06-17T09:51:35.603+0800][55.481s][info][gc,heap        ] GC(1278) Tenured: 31957K->34591K(43712K)
[2026-06-17T09:51:35.603+0800][55.481s][info][gc,metaspace   ] GC(1278) Metaspace: 3166K(4864K)->3166K(4864K) NonClass: 2861K(4352K)->2861K(4352K) Class: 305K(512K)->305K(512K)
[2026-06-17T09:51:35.603+0800][55.481s][info][gc             ] GC(1278) Pause Young (Allocation Failure) 50M->35M(61M) 1.766ms
[2026-06-17T09:51:35.604+0800][55.482s][info][gc,cpu         ] GC(1278) User=0.00s Sys=0.00s Real=0.01s
[2026-06-17T09:51:35.656+0800][55.534s][info][gc,start       ] GC(1279) Pause Young (Allocation Failure)
[2026-06-17T09:51:35.656+0800][55.535s][info][gc,heap        ] GC(1279) DefNew: 19593K->2106K(19648K)
[2026-06-17T09:51:35.657+0800][55.535s][info][gc,heap        ] GC(1279) Tenured: 34591K->38181K(43712K)
[2026-06-17T09:51:35.657+0800][55.535s][info][gc,metaspace   ] GC(1279) Metaspace: 3166K(4864K)->3166K(4864K) NonClass: 2861K(4352K)->2861K(4352K) Class: 305K(512K)->305K(512K)
[2026-06-17T09:51:35.657+0800][55.535s][info][gc             ] GC(1279) Pause Young (Allocation Failure) 52M->39M(61M) 1.378ms
[2026-06-17T09:51:35.657+0800][55.535s][info][gc,cpu         ] GC(1279) User=0.00s Sys=0.00s Real=0.00s
[2026-06-17T09:51:35.699+0800][55.577s][info][gc,start       ] GC(1280) Pause Young (Allocation Failure)
[2026-06-17T09:51:35.699+0800][55.577s][info][gc,start       ] GC(1281) Pause Full (Allocation Failure)
[2026-06-17T09:51:35.699+0800][55.578s][info][gc,phases,start] GC(1281) Phase 1: Mark live objects
[2026-06-17T09:51:35.700+0800][55.578s][info][gc,phases      ] GC(1281) Phase 1: Mark live objects 0.678ms
[2026-06-17T09:51:35.700+0800][55.578s][info][gc,phases,start] GC(1281) Phase 2: Compute new object addresses
[2026-06-17T09:51:35.701+0800][55.579s][info][gc,phases      ] GC(1281) Phase 2: Compute new object addresses 0.349ms
[2026-06-17T09:51:35.701+0800][55.579s][info][gc,phases,start] GC(1281) Phase 3: Adjust pointers
[2026-06-17T09:51:35.701+0800][55.579s][info][gc,phases      ] GC(1281) Phase 3: Adjust pointers 0.373ms
[2026-06-17T09:51:35.701+0800][55.579s][info][gc,phases,start] GC(1281) Phase 4: Move objects
[2026-06-17T09:51:35.704+0800][55.582s][info][gc,phases      ] GC(1281) Phase 4: Move objects 2.150ms
[2026-06-17T09:51:35.704+0800][55.582s][info][gc             ] GC(1281) Pause Full (Allocation Failure) 56M->22M(61M) 4.617ms
[2026-06-17T09:51:35.704+0800][55.582s][info][gc,heap        ] GC(1280) DefNew: 19556K->0K(19648K)
[2026-06-17T09:51:35.705+0800][55.583s][info][gc,heap        ] GC(1280) Tenured: 38181K->22668K(43712K)
[2026-06-17T09:51:35.705+0800][55.583s][info][gc,metaspace   ] GC(1280) Metaspace: 3166K(4864K)->3166K(4864K) NonClass: 2861K(4352K)->2861K(4352K) Class: 305K(512K)->305K(512K)
[2026-06-17T09:51:35.705+0800][55.583s][info][gc             ] GC(1280) Pause Young (Allocation Failure) 56M->22M(61M) 5.941ms
[2026-06-17T09:51:35.705+0800][55.583s][info][gc,cpu         ] GC(1280) User=0.01s Sys=0.00s Real=0.01s
[2026-06-17T09:51:35.747+0800][55.625s][info][gc,start       ] GC(1282) Pause Young (Allocation Failure)
[2026-06-17T09:51:35.748+0800][55.626s][info][gc,heap        ] GC(1282) DefNew: 17453K->2174K(19648K)
[2026-06-17T09:51:35.751+0800][55.629s][info][gc,heap        ] GC(1282) Tenured: 22668K->27730K(43712K)
[2026-06-17T09:51:35.754+0800][55.632s][info][gc,metaspace   ] GC(1282) Metaspace: 3166K(4864K)->3166K(4864K) NonClass: 2861K(4352K)->2861K(4352K) Class: 305K(512K)->305K(512K)
[2026-06-17T09:51:35.755+0800][55.633s][info][gc             ] GC(1282) Pause Young (Allocation Failure) 39M->29M(61M) 8.080ms
[2026-06-17T09:51:35.756+0800][55.634s][info][gc,cpu         ] GC(1282) User=0.00s Sys=0.00s Real=0.01s
[2026-06-17T09:51:35.798+0800][55.676s][info][gc,start       ] GC(1283) Pause Young (Allocation Failure)
[2026-06-17T09:51:35.799+0800][55.677s][info][gc,heap        ] GC(1283) DefNew: 19646K->2173K(19648K)
[2026-06-17T09:51:35.800+0800][55.678s][info][gc,heap        ] GC(1283) Tenured: 27730K->31745K(43712K)
[2026-06-17T09:51:35.800+0800][55.678s][info][gc,metaspace   ] GC(1283) Metaspace: 3166K(4864K)->3166K(4864K) NonClass: 2861K(4352K)->2861K(4352K) Class: 305K(512K)->305K(512K)
[2026-06-17T09:51:35.800+0800][55.678s][info][gc             ] GC(1283) Pause Young (Allocation Failure) 46M->33M(61M) 2.218ms
[2026-06-17T09:51:35.800+0800][55.679s][info][gc,cpu         ] GC(1283) User=0.00s Sys=0.00s Real=0.00s
[2026-06-17T09:51:35.843+0800][55.721s][info][gc,start       ] GC(1284) Pause Young (Allocation Failure)
[2026-06-17T09:51:35.844+0800][55.722s][info][gc,heap        ] GC(1284) DefNew: 19332K->1976K(19648K)
[2026-06-17T09:51:35.844+0800][55.722s][info][gc,heap        ] GC(1284) Tenured: 31745K->31968K(43712K)
[2026-06-17T09:51:35.844+0800][55.722s][info][gc,metaspace   ] GC(1284) Metaspace: 3166K(4864K)->3166K(4864K) NonClass: 2861K(4352K)->2861K(4352K) Class: 305K(512K)->305K(512K)
[2026-06-17T09:51:35.844+0800][55.722s][info][gc             ] GC(1284) Pause Young (Allocation Failure) 49M->33M(61M) 1.384ms
[2026-06-17T09:51:35.844+0800][55.722s][info][gc,cpu         ] GC(1284) User=0.00s Sys=0.00s Real=0.00s
[2026-06-17T09:51:35.886+0800][55.764s][info][gc,start       ] GC(1285) Pause Young (Allocation Failure)
[2026-06-17T09:51:35.887+0800][55.765s][info][gc,heap        ] GC(1285) DefNew: 19448K->2175K(19648K)
[2026-06-17T09:51:35.887+0800][55.765s][info][gc,heap        ] GC(1285) Tenured: 31968K->35085K(43712K)
[2026-06-17T09:51:35.888+0800][55.766s][info][gc,metaspace   ] GC(1285) Metaspace: 3166K(4864K)->3166K(4864K) NonClass: 2861K(4352K)->2861K(4352K) Class: 305K(512K)->305K(512K)
[2026-06-17T09:51:35.888+0800][55.766s][info][gc             ] GC(1285) Pause Young (Allocation Failure) 50M->36M(61M) 1.410ms
[2026-06-17T09:51:35.888+0800][55.766s][info][gc,cpu         ] GC(1285) User=0.00s Sys=0.00s Real=0.00s
[2026-06-17T09:51:35.940+0800][55.818s][info][gc,start       ] GC(1286) Pause Young (Allocation Failure)
[2026-06-17T09:51:35.944+0800][55.822s][info][gc,heap        ] GC(1286) DefNew: 19647K->2139K(19648K)
[2026-06-17T09:51:35.944+0800][55.822s][info][gc,heap        ] GC(1286) Tenured: 35085K->38888K(43712K)
[2026-06-17T09:51:35.944+0800][55.822s][info][gc,metaspace   ] GC(1286) Metaspace: 3166K(4864K)->3166K(4864K) NonClass: 2861K(4352K)->2861K(4352K) Class: 305K(512K)->305K(512K)
[2026-06-17T09:51:35.945+0800][55.823s][info][gc             ] GC(1286) Pause Young (Allocation Failure) 53M->40M(61M) 5.288ms
[2026-06-17T09:51:35.946+0800][55.824s][info][gc,cpu         ] GC(1286) User=0.00s Sys=0.00s Real=0.01s
[2026-06-17T09:51:35.988+0800][55.866s][info][gc,start       ] GC(1287) Pause Young (Allocation Failure)
[2026-06-17T09:51:35.990+0800][55.868s][info][gc,start       ] GC(1288) Pause Full (Allocation Failure)
[2026-06-17T09:51:35.992+0800][55.870s][info][gc,phases,start] GC(1288) Phase 1: Mark live objects
[2026-06-17T09:51:35.995+0800][55.873s][info][gc,phases      ] GC(1288) Phase 1: Mark live objects 2.813ms
[2026-06-17T09:51:35.996+0800][55.874s][info][gc,phases,start] GC(1288) Phase 2: Compute new object addresses
[2026-06-17T09:51:35.999+0800][55.877s][info][gc,phases      ] GC(1288) Phase 2: Compute new object addresses 2.284ms
[2026-06-17T09:51:36.001+0800][55.879s][info][gc,phases,start] GC(1288) Phase 3: Adjust pointers
[2026-06-17T09:51:36.003+0800][55.881s][info][gc,phases      ] GC(1288) Phase 3: Adjust pointers 2.000ms
[2026-06-17T09:51:36.004+0800][55.882s][info][gc,phases,start] GC(1288) Phase 4: Move objects
[2026-06-17T09:51:36.005+0800][55.883s][info][gc,phases      ] GC(1288) Phase 4: Move objects 1.677ms
[2026-06-17T09:51:36.014+0800][55.892s][info][gc             ] GC(1288) Pause Full (Allocation Failure) 57M->20M(61M) 23.893ms
[2026-06-17T09:51:36.014+0800][55.892s][info][gc,heap        ] GC(1287) DefNew: 19580K->0K(19648K)
[2026-06-17T09:51:36.021+0800][55.899s][info][gc,heap        ] GC(1287) Tenured: 38888K->20713K(43712K)
[2026-06-17T09:51:36.022+0800][55.900s][info][gc,metaspace   ] GC(1287) Metaspace: 3166K(4864K)->3166K(4864K) NonClass: 2861K(4352K)->2861K(4352K) Class: 305K(512K)->305K(512K)
[2026-06-17T09:51:36.022+0800][55.900s][info][gc             ] GC(1287) Pause Young (Allocation Failure) 57M->20M(61M) 34.113ms
[2026-06-17T09:51:36.023+0800][55.901s][info][gc,cpu         ] GC(1287) User=0.00s Sys=0.00s Real=0.04s
[2026-06-17T09:51:36.068+0800][55.946s][info][gc,start       ] GC(1289) Pause Young (Allocation Failure)
[2026-06-17T09:51:36.072+0800][55.950s][info][gc,heap        ] GC(1289) DefNew: 17472K->2167K(19648K)
[2026-06-17T09:51:36.074+0800][55.952s][info][gc,heap        ] GC(1289) Tenured: 20713K->25808K(43712K)
[2026-06-17T09:51:36.076+0800][55.954s][info][gc,metaspace   ] GC(1289) Metaspace: 3166K(4864K)->3166K(4864K) NonClass: 2861K(4352K)->2861K(4352K) Class: 305K(512K)->305K(512K)
[2026-06-17T09:51:36.080+0800][55.958s][info][gc             ] GC(1289) Pause Young (Allocation Failure) 37M->27M(61M) 12.257ms
[2026-06-17T09:51:36.082+0800][55.960s][info][gc,cpu         ] GC(1289) User=0.00s Sys=0.00s Real=0.01s
[2026-06-17T09:51:36.127+0800][56.005s][info][gc,start       ] GC(1290) Pause Young (Allocation Failure)
[2026-06-17T09:51:36.132+0800][56.010s][info][gc,heap        ] GC(1290) DefNew: 19520K->2087K(19648K)
[2026-06-17T09:51:36.133+0800][56.011s][info][gc,heap        ] GC(1290) Tenured: 25808K->29031K(43712K)
[2026-06-17T09:51:36.134+0800][56.012s][info][gc,metaspace   ] GC(1290) Metaspace: 3166K(4864K)->3166K(4864K) NonClass: 2861K(4352K)->2861K(4352K) Class: 305K(512K)->305K(512K)
[2026-06-17T09:51:36.135+0800][56.013s][info][gc             ] GC(1290) Pause Young (Allocation Failure) 44M->30M(61M) 8.032ms
[2026-06-17T09:51:36.135+0800][56.013s][info][gc,cpu         ] GC(1290) User=0.00s Sys=0.00s Real=0.01s
[2026-06-17T09:51:36.178+0800][56.056s][info][gc,start       ] GC(1291) Pause Young (Allocation Failure)
[2026-06-17T09:51:36.181+0800][56.059s][info][gc,heap        ] GC(1291) DefNew: 19559K->2171K(19648K)
[2026-06-17T09:51:36.181+0800][56.059s][info][gc,heap        ] GC(1291) Tenured: 29031K->36013K(43712K)
[2026-06-17T09:51:36.182+0800][56.060s][info][gc,metaspace   ] GC(1291) Metaspace: 3166K(4864K)->3166K(4864K) NonClass: 2861K(4352K)->2861K(4352K) Class: 305K(512K)->305K(512K)
[2026-06-17T09:51:36.182+0800][56.060s][info][gc             ] GC(1291) Pause Young (Allocation Failure) 47M->37M(61M) 4.039ms
[2026-06-17T09:51:36.183+0800][56.061s][info][gc,cpu         ] GC(1291) User=0.01s Sys=0.00s Real=0.01s
[2026-06-17T09:51:36.236+0800][56.115s][info][gc,start       ] GC(1292) Pause Young (Allocation Failure)
[2026-06-17T09:51:36.237+0800][56.115s][info][gc,start       ] GC(1293) Pause Full (Allocation Failure)
[2026-06-17T09:51:36.238+0800][56.116s][info][gc,phases,start] GC(1293) Phase 1: Mark live objects
[2026-06-17T09:51:36.239+0800][56.117s][info][gc,phases      ] GC(1293) Phase 1: Mark live objects 1.377ms
[2026-06-17T09:51:36.239+0800][56.118s][info][gc,phases,start] GC(1293) Phase 2: Compute new object addresses
[2026-06-17T09:51:36.240+0800][56.118s][info][gc,phases      ] GC(1293) Phase 2: Compute new object addresses 0.621ms
[2026-06-17T09:51:36.241+0800][56.119s][info][gc,phases,start] GC(1293) Phase 3: Adjust pointers
[2026-06-17T09:51:36.251+0800][56.129s][info][gc,phases      ] GC(1293) Phase 3: Adjust pointers 9.829ms
[2026-06-17T09:51:36.252+0800][56.130s][info][gc,phases,start] GC(1293) Phase 4: Move objects
[2026-06-17T09:51:36.256+0800][56.134s][info][gc,phases      ] GC(1293) Phase 4: Move objects 4.238ms
[2026-06-17T09:51:36.258+0800][56.136s][info][gc             ] GC(1293) Pause Full (Allocation Failure) 54M->23M(61M) 20.983ms
[2026-06-17T09:51:36.261+0800][56.139s][info][gc,heap        ] GC(1292) DefNew: 19631K->0K(19648K)
[2026-06-17T09:51:36.262+0800][56.140s][info][gc,heap        ] GC(1292) Tenured: 36013K->23610K(43712K)
[2026-06-17T09:51:36.264+0800][56.142s][info][gc,metaspace   ] GC(1292) Metaspace: 3166K(4864K)->3166K(4864K) NonClass: 2861K(4352K)->2861K(4352K) Class: 305K(512K)->305K(512K)
[2026-06-17T09:51:36.268+0800][56.146s][info][gc             ] GC(1292) Pause Young (Allocation Failure) 54M->23M(61M) 31.310ms
[2026-06-17T09:51:36.268+0800][56.146s][info][gc,cpu         ] GC(1292) User=0.00s Sys=0.00s Real=0.03s
[2026-06-17T09:51:36.313+0800][56.191s][info][gc,start       ] GC(1294) Pause Young (Allocation Failure)
[2026-06-17T09:51:36.317+0800][56.195s][info][gc,heap        ] GC(1294) DefNew: 17455K->2174K(19648K)
[2026-06-17T09:51:36.318+0800][56.196s][info][gc,heap        ] GC(1294) Tenured: 23610K->28909K(43712K)
[2026-06-17T09:51:36.319+0800][56.197s][info][gc,metaspace   ] GC(1294) Metaspace: 3166K(4864K)->3166K(4864K) NonClass: 2861K(4352K)->2861K(4352K) Class: 305K(512K)->305K(512K)
[2026-06-17T09:51:36.320+0800][56.198s][info][gc             ] GC(1294) Pause Young (Allocation Failure) 40M->30M(61M) 7.102ms
[2026-06-17T09:51:36.320+0800][56.199s][info][gc,cpu         ] GC(1294) User=0.00s Sys=0.00s Real=0.00s
[2026-06-17T09:51:36.364+0800][56.242s][info][gc,start       ] GC(1295) Pause Young (Allocation Failure)
[2026-06-17T09:51:36.366+0800][56.244s][info][gc,heap        ] GC(1295) DefNew: 19619K->2171K(19648K)
[2026-06-17T09:51:36.369+0800][56.247s][info][gc,heap        ] GC(1295) Tenured: 28909K->33878K(43712K)
[2026-06-17T09:51:36.370+0800][56.248s][info][gc,metaspace   ] GC(1295) Metaspace: 3166K(4864K)->3166K(4864K) NonClass: 2861K(4352K)->2861K(4352K) Class: 305K(512K)->305K(512K)
[2026-06-17T09:51:36.371+0800][56.249s][info][gc             ] GC(1295) Pause Young (Allocation Failure) 47M->35M(61M) 7.094ms
[2026-06-17T09:51:36.372+0800][56.250s][info][gc,cpu         ] GC(1295) User=0.00s Sys=0.00s Real=0.01s
[2026-06-17T09:51:36.416+0800][56.294s][info][gc,start       ] GC(1296) Pause Young (Allocation Failure)
[2026-06-17T09:51:36.418+0800][56.296s][info][gc,heap        ] GC(1296) DefNew: 19638K->2168K(19648K)
[2026-06-17T09:51:36.419+0800][56.297s][info][gc,heap        ] GC(1296) Tenured: 33878K->38368K(43712K)
[2026-06-17T09:51:36.419+0800][56.298s][info][gc,metaspace   ] GC(1296) Metaspace: 3166K(4864K)->3166K(4864K) NonClass: 2861K(4352K)->2861K(4352K) Class: 305K(512K)->305K(512K)
[2026-06-17T09:51:36.420+0800][56.298s][info][gc             ] GC(1296) Pause Young (Allocation Failure) 52M->39M(61M) 4.219ms
[2026-06-17T09:51:36.420+0800][56.298s][info][gc,cpu         ] GC(1296) User=0.00s Sys=0.00s Real=0.00s
[2026-06-17T09:51:36.464+0800][56.342s][info][gc,start       ] GC(1297) Pause Young (Allocation Failure)
[2026-06-17T09:51:36.465+0800][56.343s][info][gc,start       ] GC(1298) Pause Full (Allocation Failure)
[2026-06-17T09:51:36.465+0800][56.343s][info][gc,phases,start] GC(1298) Phase 1: Mark live objects
[2026-06-17T09:51:36.466+0800][56.344s][info][gc,phases      ] GC(1298) Phase 1: Mark live objects 1.016ms
[2026-06-17T09:51:36.466+0800][56.345s][info][gc,phases,start] GC(1298) Phase 2: Compute new object addresses
[2026-06-17T09:51:36.467+0800][56.345s][info][gc,phases      ] GC(1298) Phase 2: Compute new object addresses 0.448ms
[2026-06-17T09:51:36.467+0800][56.345s][info][gc,phases,start] GC(1298) Phase 3: Adjust pointers
[2026-06-17T09:51:36.469+0800][56.347s][info][gc,phases      ] GC(1298) Phase 3: Adjust pointers 1.167ms
[2026-06-17T09:51:36.469+0800][56.347s][info][gc,phases,start] GC(1298) Phase 4: Move objects
[2026-06-17T09:51:36.471+0800][56.349s][info][gc,phases      ] GC(1298) Phase 4: Move objects 1.953ms
[2026-06-17T09:51:36.471+0800][56.349s][info][gc             ] GC(1298) Pause Full (Allocation Failure) 56M->27M(61M) 6.637ms
[2026-06-17T09:51:36.472+0800][56.350s][info][gc,heap        ] GC(1297) DefNew: 19628K->0K(19648K)
[2026-06-17T09:51:36.472+0800][56.350s][info][gc,heap        ] GC(1297) Tenured: 38368K->27991K(43712K)
[2026-06-17T09:51:36.472+0800][56.350s][info][gc,metaspace   ] GC(1297) Metaspace: 3166K(4864K)->3166K(4864K) NonClass: 2861K(4352K)->2861K(4352K) Class: 305K(512K)->305K(512K)
[2026-06-17T09:51:36.472+0800][56.350s][info][gc             ] GC(1297) Pause Young (Allocation Failure) 56M->27M(61M) 8.355ms
[2026-06-17T09:51:36.472+0800][56.350s][info][gc,cpu         ] GC(1297) User=0.00s Sys=0.00s Real=0.01s
[2026-06-17T09:51:36.526+0800][56.404s][info][gc,start       ] GC(1299) Pause Young (Allocation Failure)
[2026-06-17T09:51:36.527+0800][56.405s][info][gc,heap        ] GC(1299) DefNew: 17456K->2162K(19648K)
[2026-06-17T09:51:36.531+0800][56.409s][info][gc,heap        ] GC(1299) Tenured: 27991K->29866K(43712K)
[2026-06-17T09:51:36.531+0800][56.409s][info][gc,metaspace   ] GC(1299) Metaspace: 3166K(4864K)->3166K(4864K) NonClass: 2861K(4352K)->2861K(4352K) Class: 305K(512K)->305K(512K)
[2026-06-17T09:51:36.531+0800][56.409s][info][gc             ] GC(1299) Pause Young (Allocation Failure) 44M->31M(61M) 5.450ms
[2026-06-17T09:51:36.531+0800][56.409s][info][gc,cpu         ] GC(1299) User=0.01s Sys=0.00s Real=0.01s
[2026-06-17T09:51:36.575+0800][56.453s][info][gc,start       ] GC(1300) Pause Young (Allocation Failure)
[2026-06-17T09:51:36.577+0800][56.455s][info][gc,heap        ] GC(1300) DefNew: 19620K->2094K(19648K)
[2026-06-17T09:51:36.578+0800][56.456s][info][gc,heap        ] GC(1300) Tenured: 29866K->33475K(43712K)
[2026-06-17T09:51:36.579+0800][56.457s][info][gc,metaspace   ] GC(1300) Metaspace: 3166K(4864K)->3166K(4864K) NonClass: 2861K(4352K)->2861K(4352K) Class: 305K(512K)->305K(512K)
[2026-06-17T09:51:36.579+0800][56.457s][info][gc             ] GC(1300) Pause Young (Allocation Failure) 48M->34M(61M) 4.307ms
[2026-06-17T09:51:36.580+0800][56.458s][info][gc,cpu         ] GC(1300) User=0.00s Sys=0.00s Real=0.00s
[2026-06-17T09:51:36.623+0800][56.501s][info][gc,start       ] GC(1301) Pause Young (Allocation Failure)
[2026-06-17T09:51:36.624+0800][56.502s][info][gc,heap        ] GC(1301) DefNew: 19566K->2114K(19648K)
[2026-06-17T09:51:36.624+0800][56.502s][info][gc,heap        ] GC(1301) Tenured: 33475K->36416K(43712K)
[2026-06-17T09:51:36.624+0800][56.502s][info][gc,metaspace   ] GC(1301) Metaspace: 3166K(4864K)->3166K(4864K) NonClass: 2861K(4352K)->2861K(4352K) Class: 305K(512K)->305K(512K)
[2026-06-17T09:51:36.624+0800][56.502s][info][gc             ] GC(1301) Pause Young (Allocation Failure) 51M->37M(61M) 1.371ms
[2026-06-17T09:51:36.625+0800][56.503s][info][gc,cpu         ] GC(1301) User=0.00s Sys=0.00s Real=0.00s
[2026-06-17T09:51:36.668+0800][56.546s][info][gc,start       ] GC(1302) Pause Young (Allocation Failure)
[2026-06-17T09:51:36.671+0800][56.549s][info][gc,heap        ] GC(1302) DefNew: 19586K->2172K(19648K)
[2026-06-17T09:51:36.672+0800][56.550s][info][gc,heap        ] GC(1302) Tenured: 36416K->40407K(43712K)
[2026-06-17T09:51:36.673+0800][56.551s][info][gc,metaspace   ] GC(1302) Metaspace: 3166K(4864K)->3166K(4864K) NonClass: 2861K(4352K)->2861K(4352K) Class: 305K(512K)->305K(512K)
[2026-06-17T09:51:36.673+0800][56.551s][info][gc             ] GC(1302) Pause Young (Allocation Failure) 54M->41M(61M) 5.383ms
[2026-06-17T09:51:36.674+0800][56.552s][info][gc,cpu         ] GC(1302) User=0.00s Sys=0.00s Real=0.01s
[2026-06-17T09:51:36.718+0800][56.596s][info][gc,start       ] GC(1303) Pause Young (Allocation Failure)
[2026-06-17T09:51:36.720+0800][56.598s][info][gc,start       ] GC(1304) Pause Full (Allocation Failure)
[2026-06-17T09:51:36.720+0800][56.598s][info][gc,phases,start] GC(1304) Phase 1: Mark live objects
[2026-06-17T09:51:36.722+0800][56.600s][info][gc,phases      ] GC(1304) Phase 1: Mark live objects 1.630ms
[2026-06-17T09:51:36.722+0800][56.600s][info][gc,phases,start] GC(1304) Phase 2: Compute new object addresses
[2026-06-17T09:51:36.723+0800][56.601s][info][gc,phases      ] GC(1304) Phase 2: Compute new object addresses 0.938ms
[2026-06-17T09:51:36.723+0800][56.601s][info][gc,phases,start] GC(1304) Phase 3: Adjust pointers
[2026-06-17T09:51:36.724+0800][56.602s][info][gc,phases      ] GC(1304) Phase 3: Adjust pointers 0.807ms
[2026-06-17T09:51:36.725+0800][56.603s][info][gc,phases,start] GC(1304) Phase 4: Move objects
[2026-06-17T09:51:36.728+0800][56.606s][info][gc,phases      ] GC(1304) Phase 4: Move objects 3.639ms
[2026-06-17T09:51:36.729+0800][56.607s][info][gc             ] GC(1304) Pause Full (Allocation Failure) 58M->32M(61M) 9.087ms
[2026-06-17T09:51:36.729+0800][56.607s][info][gc,heap        ] GC(1303) DefNew: 19644K->0K(19648K)
[2026-06-17T09:51:36.729+0800][56.607s][info][gc,heap        ] GC(1303) Tenured: 40407K->32882K(43712K)
[2026-06-17T09:51:36.730+0800][56.608s][info][gc,metaspace   ] GC(1303) Metaspace: 3166K(4864K)->3166K(4864K) NonClass: 2861K(4352K)->2861K(4352K) Class: 305K(512K)->305K(512K)
[2026-06-17T09:51:36.730+0800][56.608s][info][gc             ] GC(1303) Pause Young (Allocation Failure) 58M->32M(61M) 11.519ms
[2026-06-17T09:51:36.730+0800][56.608s][info][gc,cpu         ] GC(1303) User=0.00s Sys=0.01s Real=0.01s
[2026-06-17T09:51:36.784+0800][56.663s][info][gc,start       ] GC(1305) Pause Young (Allocation Failure)
[2026-06-17T09:51:36.787+0800][56.665s][info][gc,heap        ] GC(1305) DefNew: 17467K->2130K(19648K)
[2026-06-17T09:51:36.788+0800][56.666s][info][gc,heap        ] GC(1305) Tenured: 32882K->33652K(43712K)
[2026-06-17T09:51:36.789+0800][56.667s][info][gc,metaspace   ] GC(1305) Metaspace: 3166K(4864K)->3166K(4864K) NonClass: 2861K(4352K)->2861K(4352K) Class: 305K(512K)->305K(512K)
[2026-06-17T09:51:36.789+0800][56.667s][info][gc             ] GC(1305) Pause Young (Allocation Failure) 49M->34M(61M) 4.923ms
[2026-06-17T09:51:36.790+0800][56.668s][info][gc,cpu         ] GC(1305) User=0.00s Sys=0.00s Real=0.00s
[2026-06-17T09:51:36.824+0800][56.702s][info][gc,start       ] GC(1306) Pause Young (Allocation Failure)
[2026-06-17T09:51:36.826+0800][56.704s][info][gc,heap        ] GC(1306) DefNew: 19419K->2121K(19648K)
[2026-06-17T09:51:36.827+0800][56.705s][info][gc,heap        ] GC(1306) Tenured: 33652K->36720K(43712K)
[2026-06-17T09:51:36.827+0800][56.705s][info][gc,metaspace   ] GC(1306) Metaspace: 3166K(4864K)->3166K(4864K) NonClass: 2861K(4352K)->2861K(4352K) Class: 305K(512K)->305K(512K)
[2026-06-17T09:51:36.828+0800][56.706s][info][gc             ] GC(1306) Pause Young (Allocation Failure) 51M->37M(61M) 3.891ms
[2026-06-17T09:51:36.829+0800][56.707s][info][gc,cpu         ] GC(1306) User=0.00s Sys=0.00s Real=0.00s
[2026-06-17T09:51:36.873+0800][56.751s][info][gc,start       ] GC(1307) Pause Young (Allocation Failure)
[2026-06-17T09:51:36.875+0800][56.753s][info][gc,promotion   ] Promotion failed
[2026-06-17T09:51:36.875+0800][56.753s][info][gc,start       ] GC(1308) Pause Full (Allocation Failure)
[2026-06-17T09:51:36.875+0800][56.753s][info][gc,phases,start] GC(1308) Phase 1: Mark live objects
[2026-06-17T09:51:36.876+0800][56.754s][info][gc,phases      ] GC(1308) Phase 1: Mark live objects 1.102ms
[2026-06-17T09:51:36.877+0800][56.755s][info][gc,phases,start] GC(1308) Phase 2: Compute new object addresses
[2026-06-17T09:51:36.877+0800][56.755s][info][gc,phases      ] GC(1308) Phase 2: Compute new object addresses 0.422ms
[2026-06-17T09:51:36.877+0800][56.755s][info][gc,phases,start] GC(1308) Phase 3: Adjust pointers
[2026-06-17T09:51:36.878+0800][56.756s][info][gc,phases      ] GC(1308) Phase 3: Adjust pointers 0.528ms
[2026-06-17T09:51:36.878+0800][56.756s][info][gc,phases,start] GC(1308) Phase 4: Move objects
[2026-06-17T09:51:36.881+0800][56.759s][info][gc,phases      ] GC(1308) Phase 4: Move objects 2.727ms
[2026-06-17T09:51:36.881+0800][56.759s][info][gc             ] GC(1308) Pause Full (Allocation Failure) 61M->26M(61M) 6.015ms
[2026-06-17T09:51:36.881+0800][56.759s][info][gc,heap        ] GC(1307) DefNew: 19591K->0K(19648K)
[2026-06-17T09:51:36.881+0800][56.759s][info][gc,heap        ] GC(1307) Tenured: 36720K->26824K(43712K)
[2026-06-17T09:51:36.881+0800][56.759s][info][gc,metaspace   ] GC(1307) Metaspace: 3166K(4864K)->3166K(4864K) NonClass: 2861K(4352K)->2861K(4352K) Class: 305K(512K)->305K(512K)
[2026-06-17T09:51:36.881+0800][56.760s][info][gc             ] GC(1307) Pause Young (Allocation Failure) 54M->26M(61M) 8.717ms
[2026-06-17T09:51:36.882+0800][56.760s][info][gc,cpu         ] GC(1307) User=0.01s Sys=0.00s Real=0.00s
[2026-06-17T09:51:36.935+0800][56.813s][info][gc,start       ] GC(1309) Pause Young (Allocation Failure)
[2026-06-17T09:51:36.936+0800][56.814s][info][gc,heap        ] GC(1309) DefNew: 17472K->2079K(19648K)
[2026-06-17T09:51:36.938+0800][56.816s][info][gc,heap        ] GC(1309) Tenured: 26824K->28599K(43712K)
[2026-06-17T09:51:36.939+0800][56.817s][info][gc,metaspace   ] GC(1309) Metaspace: 3166K(4864K)->3166K(4864K) NonClass: 2861K(4352K)->2861K(4352K) Class: 305K(512K)->305K(512K)
[2026-06-17T09:51:36.940+0800][56.818s][info][gc             ] GC(1309) Pause Young (Allocation Failure) 43M->29M(61M) 4.692ms
[2026-06-17T09:51:36.941+0800][56.819s][info][gc,cpu         ] GC(1309) User=0.00s Sys=0.00s Real=0.00s
[2026-06-17T09:51:36.986+0800][56.864s][info][gc,start       ] GC(1310) Pause Young (Allocation Failure)
[2026-06-17T09:51:36.989+0800][56.867s][info][gc,heap        ] GC(1310) DefNew: 19519K->2167K(19648K)
[2026-06-17T09:51:36.989+0800][56.867s][info][gc,heap        ] GC(1310) Tenured: 28599K->32261K(43712K)
[2026-06-17T09:51:36.990+0800][56.868s][info][gc,metaspace   ] GC(1310) Metaspace: 3166K(4864K)->3166K(4864K) NonClass: 2861K(4352K)->2861K(4352K) Class: 305K(512K)->305K(512K)
[2026-06-17T09:51:36.991+0800][56.869s][info][gc             ] GC(1310) Pause Young (Allocation Failure) 46M->33M(61M) 4.704ms
[2026-06-17T09:51:36.991+0800][56.869s][info][gc,cpu         ] GC(1310) User=0.00s Sys=0.00s Real=0.01s
[2026-06-17T09:51:37.034+0800][56.912s][info][gc,start       ] GC(1311) Pause Young (Allocation Failure)
[2026-06-17T09:51:37.035+0800][56.913s][info][gc,heap        ] GC(1311) DefNew: 19639K->1910K(19648K)
[2026-06-17T09:51:37.036+0800][56.914s][info][gc,heap        ] GC(1311) Tenured: 32261K->36178K(43712K)
[2026-06-17T09:51:37.037+0800][56.915s][info][gc,metaspace   ] GC(1311) Metaspace: 3166K(4864K)->3166K(4864K) NonClass: 2861K(4352K)->2861K(4352K) Class: 305K(512K)->305K(512K)
[2026-06-17T09:51:37.037+0800][56.915s][info][gc             ] GC(1311) Pause Young (Allocation Failure) 50M->37M(61M) 3.327ms
[2026-06-17T09:51:37.037+0800][56.915s][info][gc,cpu         ] GC(1311) User=0.00s Sys=0.00s Real=0.00s
[2026-06-17T09:51:37.080+0800][56.958s][info][gc,start       ] GC(1312) Pause Young (Allocation Failure)
[2026-06-17T09:51:37.081+0800][56.959s][info][gc,heap        ] GC(1312) DefNew: 19382K->2168K(19648K)
[2026-06-17T09:51:37.082+0800][56.960s][info][gc,heap        ] GC(1312) Tenured: 36178K->38960K(43712K)
[2026-06-17T09:51:37.083+0800][56.961s][info][gc,metaspace   ] GC(1312) Metaspace: 3166K(4864K)->3166K(4864K) NonClass: 2861K(4352K)->2861K(4352K) Class: 305K(512K)->305K(512K)
[2026-06-17T09:51:37.083+0800][56.961s][info][gc             ] GC(1312) Pause Young (Allocation Failure) 54M->40M(61M) 3.379ms
[2026-06-17T09:51:37.084+0800][56.962s][info][gc,cpu         ] GC(1312) User=0.00s Sys=0.00s Real=0.01s
[2026-06-17T09:51:37.126+0800][57.004s][info][gc,start       ] GC(1313) Pause Young (Allocation Failure)
[2026-06-17T09:51:37.127+0800][57.005s][info][gc,start       ] GC(1314) Pause Full (Allocation Failure)
[2026-06-17T09:51:37.127+0800][57.005s][info][gc,phases,start] GC(1314) Phase 1: Mark live objects
[2026-06-17T09:51:37.128+0800][57.006s][info][gc,phases      ] GC(1314) Phase 1: Mark live objects 0.994ms
[2026-06-17T09:51:37.129+0800][57.007s][info][gc,phases,start] GC(1314) Phase 2: Compute new object addresses
[2026-06-17T09:51:37.129+0800][57.007s][info][gc,phases      ] GC(1314) Phase 2: Compute new object addresses 0.682ms
[2026-06-17T09:51:37.130+0800][57.008s][info][gc,phases,start] GC(1314) Phase 3: Adjust pointers
[2026-06-17T09:51:37.130+0800][57.008s][info][gc,phases      ] GC(1314) Phase 3: Adjust pointers 0.645ms
[2026-06-17T09:51:37.131+0800][57.009s][info][gc,phases,start] GC(1314) Phase 4: Move objects
[2026-06-17T09:51:37.133+0800][57.011s][info][gc,phases      ] GC(1314) Phase 4: Move objects 2.599ms
[2026-06-17T09:51:37.134+0800][57.012s][info][gc             ] GC(1314) Pause Full (Allocation Failure) 57M->32M(61M) 7.233ms
[2026-06-17T09:51:37.134+0800][57.012s][info][gc,heap        ] GC(1313) DefNew: 19632K->0K(19648K)
[2026-06-17T09:51:37.135+0800][57.013s][info][gc,heap        ] GC(1313) Tenured: 38960K->33350K(43712K)
[2026-06-17T09:51:37.135+0800][57.013s][info][gc,metaspace   ] GC(1313) Metaspace: 3166K(4864K)->3166K(4864K) NonClass: 2861K(4352K)->2861K(4352K) Class: 305K(512K)->305K(512K)
[2026-06-17T09:51:37.136+0800][57.014s][info][gc             ] GC(1313) Pause Young (Allocation Failure) 57M->32M(61M) 9.535ms
[2026-06-17T09:51:37.136+0800][57.014s][info][gc,cpu         ] GC(1313) User=0.01s Sys=0.00s Real=0.01s
[2026-06-17T09:51:37.189+0800][57.067s][info][gc,start       ] GC(1315) Pause Young (Allocation Failure)
[2026-06-17T09:51:37.189+0800][57.067s][info][gc,heap        ] GC(1315) DefNew: 17411K->2082K(19648K)
[2026-06-17T09:51:37.190+0800][57.068s][info][gc,heap        ] GC(1315) Tenured: 33350K->34389K(43712K)
[2026-06-17T09:51:37.190+0800][57.068s][info][gc,metaspace   ] GC(1315) Metaspace: 3166K(4864K)->3166K(4864K) NonClass: 2861K(4352K)->2861K(4352K) Class: 305K(512K)->305K(512K)
[2026-06-17T09:51:37.190+0800][57.068s][info][gc             ] GC(1315) Pause Young (Allocation Failure) 49M->35M(61M) 1.401ms
[2026-06-17T09:51:37.190+0800][57.068s][info][gc,cpu         ] GC(1315) User=0.00s Sys=0.00s Real=0.00s
[2026-06-17T09:51:37.222+0800][57.100s][info][gc,start       ] GC(1316) Pause Young (Allocation Failure)
[2026-06-17T09:51:37.229+0800][57.107s][info][gc,heap        ] GC(1316) DefNew: 19515K->2157K(19648K)
[2026-06-17T09:51:37.230+0800][57.108s][info][gc,heap        ] GC(1316) Tenured: 34389K->38177K(43712K)
[2026-06-17T09:51:37.230+0800][57.108s][info][gc,metaspace   ] GC(1316) Metaspace: 3166K(4864K)->3166K(4864K) NonClass: 2861K(4352K)->2861K(4352K) Class: 305K(512K)->305K(512K)
[2026-06-17T09:51:37.230+0800][57.108s][info][gc             ] GC(1316) Pause Young (Allocation Failure) 52M->39M(61M) 7.890ms
[2026-06-17T09:51:37.230+0800][57.108s][info][gc,cpu         ] GC(1316) User=0.00s Sys=0.00s Real=0.01s
[2026-06-17T09:51:37.282+0800][57.160s][info][gc,start       ] GC(1317) Pause Young (Allocation Failure)
[2026-06-17T09:51:37.283+0800][57.161s][info][gc,start       ] GC(1318) Pause Full (Allocation Failure)
[2026-06-17T09:51:37.283+0800][57.161s][info][gc,phases,start] GC(1318) Phase 1: Mark live objects
[2026-06-17T09:51:37.285+0800][57.163s][info][gc,phases      ] GC(1318) Phase 1: Mark live objects 1.536ms
[2026-06-17T09:51:37.287+0800][57.165s][info][gc,phases,start] GC(1318) Phase 2: Compute new object addresses
[2026-06-17T09:51:37.289+0800][57.167s][info][gc,phases      ] GC(1318) Phase 2: Compute new object addresses 1.772ms
[2026-06-17T09:51:37.290+0800][57.168s][info][gc,phases,start] GC(1318) Phase 3: Adjust pointers
[2026-06-17T09:51:37.291+0800][57.169s][info][gc,phases      ] GC(1318) Phase 3: Adjust pointers 1.039ms
[2026-06-17T09:51:37.298+0800][57.176s][info][gc,phases,start] GC(1318) Phase 4: Move objects
[2026-06-17T09:51:37.300+0800][57.178s][info][gc,phases      ] GC(1318) Phase 4: Move objects 2.152ms
[2026-06-17T09:51:37.312+0800][57.191s][info][gc             ] GC(1318) Pause Full (Allocation Failure) 56M->29M(61M) 29.587ms
[2026-06-17T09:51:37.316+0800][57.194s][info][gc,heap        ] GC(1317) DefNew: 19629K->0K(19648K)
[2026-06-17T09:51:37.317+0800][57.195s][info][gc,heap        ] GC(1317) Tenured: 38177K->29795K(43712K)
[2026-06-17T09:51:37.318+0800][57.196s][info][gc,metaspace   ] GC(1317) Metaspace: 3166K(4864K)->3166K(4864K) NonClass: 2861K(4352K)->2861K(4352K) Class: 305K(512K)->305K(512K)
[2026-06-17T09:51:37.319+0800][57.197s][info][gc             ] GC(1317) Pause Young (Allocation Failure) 56M->29M(61M) 36.796ms
[2026-06-17T09:51:37.320+0800][57.198s][info][gc,cpu         ] GC(1317) User=0.01s Sys=0.00s Real=0.04s
[2026-06-17T09:51:37.364+0800][57.242s][info][gc,start       ] GC(1319) Pause Young (Allocation Failure)
[2026-06-17T09:51:37.365+0800][57.243s][info][gc,heap        ] GC(1319) DefNew: 17451K->2173K(19648K)
[2026-06-17T09:51:37.366+0800][57.244s][info][gc,heap        ] GC(1319) Tenured: 29795K->34870K(43712K)
[2026-06-17T09:51:37.366+0800][57.244s][info][gc,metaspace   ] GC(1319) Metaspace: 3166K(4864K)->3166K(4864K) NonClass: 2861K(4352K)->2861K(4352K) Class: 305K(512K)->305K(512K)
[2026-06-17T09:51:37.366+0800][57.244s][info][gc             ] GC(1319) Pause Young (Allocation Failure) 46M->36M(61M) 2.588ms
[2026-06-17T09:51:37.367+0800][57.245s][info][gc,cpu         ] GC(1319) User=0.00s Sys=0.00s Real=0.00s
[2026-06-17T09:51:37.409+0800][57.287s][info][gc,start       ] GC(1320) Pause Young (Allocation Failure)
[2026-06-17T09:51:37.413+0800][57.291s][info][gc,heap        ] GC(1320) DefNew: 19629K->2156K(19648K)
[2026-06-17T09:51:37.414+0800][57.292s][info][gc,heap        ] GC(1320) Tenured: 34870K->40427K(43712K)
[2026-06-17T09:51:37.416+0800][57.294s][info][gc,metaspace   ] GC(1320) Metaspace: 3166K(4864K)->3166K(4864K) NonClass: 2861K(4352K)->2861K(4352K) Class: 305K(512K)->305K(512K)
[2026-06-17T09:51:37.419+0800][57.297s][info][gc             ] GC(1320) Pause Young (Allocation Failure) 53M->41M(61M) 9.185ms
[2026-06-17T09:51:37.420+0800][57.298s][info][gc,cpu         ] GC(1320) User=0.00s Sys=0.00s Real=0.01s
[2026-06-17T09:51:37.464+0800][57.342s][info][gc,start       ] GC(1321) Pause Young (Allocation Failure)
[2026-06-17T09:51:37.466+0800][57.344s][info][gc,start       ] GC(1322) Pause Full (Allocation Failure)
[2026-06-17T09:51:37.468+0800][57.346s][info][gc,phases,start] GC(1322) Phase 1: Mark live objects
[2026-06-17T09:51:37.469+0800][57.347s][info][gc,phases      ] GC(1322) Phase 1: Mark live objects 0.767ms
[2026-06-17T09:51:37.469+0800][57.348s][info][gc,phases,start] GC(1322) Phase 2: Compute new object addresses
[2026-06-17T09:51:37.470+0800][57.348s][info][gc,phases      ] GC(1322) Phase 2: Compute new object addresses 0.405ms
[2026-06-17T09:51:37.470+0800][57.348s][info][gc,phases,start] GC(1322) Phase 3: Adjust pointers
[2026-06-17T09:51:37.470+0800][57.348s][info][gc,phases      ] GC(1322) Phase 3: Adjust pointers 0.416ms
[2026-06-17T09:51:37.471+0800][57.349s][info][gc,phases,start] GC(1322) Phase 4: Move objects
[2026-06-17T09:51:37.473+0800][57.351s][info][gc,phases      ] GC(1322) Phase 4: Move objects 2.199ms
[2026-06-17T09:51:37.473+0800][57.351s][info][gc             ] GC(1322) Pause Full (Allocation Failure) 58M->27M(61M) 7.204ms
[2026-06-17T09:51:37.473+0800][57.351s][info][gc,heap        ] GC(1321) DefNew: 19628K->0K(19648K)
[2026-06-17T09:51:37.473+0800][57.351s][info][gc,heap        ] GC(1321) Tenured: 40427K->28180K(43712K)
[2026-06-17T09:51:37.473+0800][57.351s][info][gc,metaspace   ] GC(1321) Metaspace: 3166K(4864K)->3166K(4864K) NonClass: 2861K(4352K)->2861K(4352K) Class: 305K(512K)->305K(512K)
[2026-06-17T09:51:37.474+0800][57.352s][info][gc             ] GC(1321) Pause Young (Allocation Failure) 58M->27M(61M) 9.630ms
[2026-06-17T09:51:37.474+0800][57.352s][info][gc,cpu         ] GC(1321) User=0.00s Sys=0.00s Real=0.01s
[2026-06-17T09:51:37.516+0800][57.394s][info][gc,start       ] GC(1323) Pause Young (Allocation Failure)
[2026-06-17T09:51:37.517+0800][57.395s][info][gc,heap        ] GC(1323) DefNew: 17317K->1995K(19648K)
[2026-06-17T09:51:37.517+0800][57.395s][info][gc,heap        ] GC(1323) Tenured: 28180K->29563K(43712K)
[2026-06-17T09:51:37.517+0800][57.395s][info][gc,metaspace   ] GC(1323) Metaspace: 3166K(4864K)->3166K(4864K) NonClass: 2861K(4352K)->2861K(4352K) Class: 305K(512K)->305K(512K)
[2026-06-17T09:51:37.517+0800][57.395s][info][gc             ] GC(1323) Pause Young (Allocation Failure) 44M->30M(61M) 1.643ms
[2026-06-17T09:51:37.517+0800][57.396s][info][gc,cpu         ] GC(1323) User=0.00s Sys=0.00s Real=0.00s
[2026-06-17T09:51:37.570+0800][57.448s][info][gc,start       ] GC(1324) Pause Young (Allocation Failure)
[2026-06-17T09:51:37.573+0800][57.451s][info][gc,heap        ] GC(1324) DefNew: 19456K->2132K(19648K)
[2026-06-17T09:51:37.574+0800][57.452s][info][gc,heap        ] GC(1324) Tenured: 29563K->33024K(43712K)
[2026-06-17T09:51:37.574+0800][57.452s][info][gc,metaspace   ] GC(1324) Metaspace: 3166K(4864K)->3166K(4864K) NonClass: 2861K(4352K)->2861K(4352K) Class: 305K(512K)->305K(512K)
[2026-06-17T09:51:37.576+0800][57.454s][info][gc             ] GC(1324) Pause Young (Allocation Failure) 47M->34M(61M) 5.602ms
[2026-06-17T09:51:37.577+0800][57.455s][info][gc,cpu         ] GC(1324) User=0.00s Sys=0.01s Real=0.01s
[2026-06-17T09:51:37.621+0800][57.499s][info][gc,start       ] GC(1325) Pause Young (Allocation Failure)
[2026-06-17T09:51:37.623+0800][57.501s][info][gc,heap        ] GC(1325) DefNew: 19604K->2173K(19648K)
[2026-06-17T09:51:37.624+0800][57.502s][info][gc,heap        ] GC(1325) Tenured: 33024K->36636K(43712K)
[2026-06-17T09:51:37.625+0800][57.503s][info][gc,metaspace   ] GC(1325) Metaspace: 3166K(4864K)->3166K(4864K) NonClass: 2861K(4352K)->2861K(4352K) Class: 305K(512K)->305K(512K)
[2026-06-17T09:51:37.625+0800][57.503s][info][gc             ] GC(1325) Pause Young (Allocation Failure) 51M->37M(61M) 4.441ms
[2026-06-17T09:51:37.626+0800][57.504s][info][gc,cpu         ] GC(1325) User=0.00s Sys=0.00s Real=0.01s
[2026-06-17T09:51:37.669+0800][57.547s][info][gc,start       ] GC(1326) Pause Young (Allocation Failure)
[2026-06-17T09:51:37.670+0800][57.548s][info][gc,heap        ] GC(1326) DefNew: 19633K->2175K(19648K)
[2026-06-17T09:51:37.670+0800][57.548s][info][gc,heap        ] GC(1326) Tenured: 36636K->40806K(43712K)
[2026-06-17T09:51:37.670+0800][57.548s][info][gc,metaspace   ] GC(1326) Metaspace: 3166K(4864K)->3166K(4864K) NonClass: 2861K(4352K)->2861K(4352K) Class: 305K(512K)->305K(512K)
[2026-06-17T09:51:37.670+0800][57.548s][info][gc             ] GC(1326) Pause Young (Allocation Failure) 54M->41M(61M) 1.820ms
[2026-06-17T09:51:37.671+0800][57.549s][info][gc,cpu         ] GC(1326) User=0.00s Sys=0.00s Real=0.01s
[2026-06-17T09:51:37.723+0800][57.601s][info][gc,start       ] GC(1327) Pause Young (Allocation Failure)
[2026-06-17T09:51:37.723+0800][57.602s][info][gc,start       ] GC(1328) Pause Full (Allocation Failure)
[2026-06-17T09:51:37.724+0800][57.602s][info][gc,phases,start] GC(1328) Phase 1: Mark live objects
[2026-06-17T09:51:37.725+0800][57.603s][info][gc,phases      ] GC(1328) Phase 1: Mark live objects 1.094ms
[2026-06-17T09:51:37.725+0800][57.603s][info][gc,phases,start] GC(1328) Phase 2: Compute new object addresses
[2026-06-17T09:51:37.726+0800][57.604s][info][gc,phases      ] GC(1328) Phase 2: Compute new object addresses 0.560ms
[2026-06-17T09:51:37.726+0800][57.604s][info][gc,phases,start] GC(1328) Phase 3: Adjust pointers
[2026-06-17T09:51:37.727+0800][57.605s][info][gc,phases      ] GC(1328) Phase 3: Adjust pointers 0.697ms
[2026-06-17T09:51:37.727+0800][57.605s][info][gc,phases,start] GC(1328) Phase 4: Move objects
[2026-06-17T09:51:37.729+0800][57.607s][info][gc,phases      ] GC(1328) Phase 4: Move objects 2.478ms
[2026-06-17T09:51:37.730+0800][57.608s][info][gc             ] GC(1328) Pause Full (Allocation Failure) 59M->29M(61M) 6.170ms
[2026-06-17T09:51:37.730+0800][57.608s][info][gc,heap        ] GC(1327) DefNew: 19634K->0K(19648K)
[2026-06-17T09:51:37.730+0800][57.608s][info][gc,heap        ] GC(1327) Tenured: 40806K->30319K(43712K)
[2026-06-17T09:51:37.730+0800][57.608s][info][gc,metaspace   ] GC(1327) Metaspace: 3166K(4864K)->3166K(4864K) NonClass: 2861K(4352K)->2861K(4352K) Class: 305K(512K)->305K(512K)
[2026-06-17T09:51:37.731+0800][57.609s][info][gc             ] GC(1327) Pause Young (Allocation Failure) 59M->29M(61M) 7.713ms
[2026-06-17T09:51:37.731+0800][57.609s][info][gc,cpu         ] GC(1327) User=0.01s Sys=0.00s Real=0.01s
[2026-06-17T09:51:37.773+0800][57.651s][info][gc,start       ] GC(1329) Pause Young (Allocation Failure)
[2026-06-17T09:51:37.774+0800][57.652s][info][gc,heap        ] GC(1329) DefNew: 17469K->2173K(19648K)
[2026-06-17T09:51:37.774+0800][57.652s][info][gc,heap        ] GC(1329) Tenured: 30319K->35153K(43712K)
[2026-06-17T09:51:37.774+0800][57.652s][info][gc,metaspace   ] GC(1329) Metaspace: 3166K(4864K)->3166K(4864K) NonClass: 2861K(4352K)->2861K(4352K) Class: 305K(512K)->305K(512K)
[2026-06-17T09:51:37.775+0800][57.653s][info][gc             ] GC(1329) Pause Young (Allocation Failure) 46M->36M(61M) 1.715ms
[2026-06-17T09:51:37.775+0800][57.653s][info][gc,cpu         ] GC(1329) User=0.00s Sys=0.00s Real=0.00s
[2026-06-17T09:51:37.817+0800][57.695s][info][gc,start       ] GC(1330) Pause Young (Allocation Failure)
[2026-06-17T09:51:37.818+0800][57.696s][info][gc,heap        ] GC(1330) DefNew: 19615K->2172K(19648K)
[2026-06-17T09:51:37.818+0800][57.696s][info][gc,heap        ] GC(1330) Tenured: 35153K->39645K(43712K)
[2026-06-17T09:51:37.818+0800][57.696s][info][gc,metaspace   ] GC(1330) Metaspace: 3166K(4864K)->3166K(4864K) NonClass: 2861K(4352K)->2861K(4352K) Class: 305K(512K)->305K(512K)
[2026-06-17T09:51:37.818+0800][57.696s][info][gc             ] GC(1330) Pause Young (Allocation Failure) 53M->40M(61M) 1.516ms
[2026-06-17T09:51:37.818+0800][57.696s][info][gc,cpu         ] GC(1330) User=0.00s Sys=0.00s Real=0.00s
[2026-06-17T09:51:37.860+0800][57.738s][info][gc,start       ] GC(1331) Pause Young (Allocation Failure)
[2026-06-17T09:51:37.861+0800][57.739s][info][gc,start       ] GC(1332) Pause Full (Allocation Failure)
[2026-06-17T09:51:37.861+0800][57.739s][info][gc,phases,start] GC(1332) Phase 1: Mark live objects
[2026-06-17T09:51:37.862+0800][57.740s][info][gc,phases      ] GC(1332) Phase 1: Mark live objects 0.771ms
[2026-06-17T09:51:37.862+0800][57.740s][info][gc,phases,start] GC(1332) Phase 2: Compute new object addresses
[2026-06-17T09:51:37.862+0800][57.740s][info][gc,phases      ] GC(1332) Phase 2: Compute new object addresses 0.447ms
[2026-06-17T09:51:37.863+0800][57.741s][info][gc,phases,start] GC(1332) Phase 3: Adjust pointers
[2026-06-17T09:51:37.863+0800][57.741s][info][gc,phases      ] GC(1332) Phase 3: Adjust pointers 0.463ms
[2026-06-17T09:51:37.863+0800][57.741s][info][gc,phases,start] GC(1332) Phase 4: Move objects
[2026-06-17T09:51:37.865+0800][57.743s][info][gc,phases      ] GC(1332) Phase 4: Move objects 2.045ms
[2026-06-17T09:51:37.866+0800][57.744s][info][gc             ] GC(1332) Pause Full (Allocation Failure) 57M->22M(61M) 4.942ms
[2026-06-17T09:51:37.866+0800][57.744s][info][gc,heap        ] GC(1331) DefNew: 19494K->0K(19648K)
[2026-06-17T09:51:37.866+0800][57.744s][info][gc,heap        ] GC(1331) Tenured: 39645K->23163K(43712K)
[2026-06-17T09:51:37.866+0800][57.744s][info][gc,metaspace   ] GC(1331) Metaspace: 3166K(4864K)->3166K(4864K) NonClass: 2861K(4352K)->2861K(4352K) Class: 305K(512K)->305K(512K)
[2026-06-17T09:51:37.866+0800][57.744s][info][gc             ] GC(1331) Pause Young (Allocation Failure) 57M->22M(61M) 5.754ms
[2026-06-17T09:51:37.866+0800][57.744s][info][gc,cpu         ] GC(1331) User=0.00s Sys=0.00s Real=0.01s
[2026-06-17T09:51:37.919+0800][57.797s][info][gc,start       ] GC(1333) Pause Young (Allocation Failure)
[2026-06-17T09:51:37.919+0800][57.797s][info][gc,heap        ] GC(1333) DefNew: 17472K->2115K(19648K)
[2026-06-17T09:51:37.919+0800][57.797s][info][gc,heap        ] GC(1333) Tenured: 23163K->25234K(43712K)
[2026-06-17T09:51:37.920+0800][57.798s][info][gc,metaspace   ] GC(1333) Metaspace: 3166K(4864K)->3166K(4864K) NonClass: 2861K(4352K)->2861K(4352K) Class: 305K(512K)->305K(512K)
[2026-06-17T09:51:37.920+0800][57.798s][info][gc             ] GC(1333) Pause Young (Allocation Failure) 39M->26M(61M) 1.035ms
[2026-06-17T09:51:37.920+0800][57.798s][info][gc,cpu         ] GC(1333) User=0.00s Sys=0.00s Real=0.00s
[2026-06-17T09:51:37.962+0800][57.840s][info][gc,start       ] GC(1334) Pause Young (Allocation Failure)
[2026-06-17T09:51:37.963+0800][57.841s][info][gc,heap        ] GC(1334) DefNew: 19587K->2153K(19648K)
[2026-06-17T09:51:37.963+0800][57.841s][info][gc,heap        ] GC(1334) Tenured: 25234K->29022K(43712K)
[2026-06-17T09:51:37.963+0800][57.841s][info][gc,metaspace   ] GC(1334) Metaspace: 3166K(4864K)->3166K(4864K) NonClass: 2861K(4352K)->2861K(4352K) Class: 305K(512K)->305K(512K)
[2026-06-17T09:51:37.963+0800][57.841s][info][gc             ] GC(1334) Pause Young (Allocation Failure) 43M->30M(61M) 1.404ms
[2026-06-17T09:51:37.963+0800][57.841s][info][gc,cpu         ] GC(1334) User=0.00s Sys=0.00s Real=0.01s
[2026-06-17T09:51:38.005+0800][57.883s][info][gc,start       ] GC(1335) Pause Young (Allocation Failure)
[2026-06-17T09:51:38.006+0800][57.884s][info][gc,heap        ] GC(1335) DefNew: 19625K->2174K(19648K)
[2026-06-17T09:51:38.006+0800][57.884s][info][gc,heap        ] GC(1335) Tenured: 29022K->33139K(43712K)
[2026-06-17T09:51:38.006+0800][57.884s][info][gc,metaspace   ] GC(1335) Metaspace: 3166K(4864K)->3166K(4864K) NonClass: 2861K(4352K)->2861K(4352K) Class: 305K(512K)->305K(512K)
[2026-06-17T09:51:38.006+0800][57.884s][info][gc             ] GC(1335) Pause Young (Allocation Failure) 47M->34M(61M) 1.349ms
[2026-06-17T09:51:38.006+0800][57.884s][info][gc,cpu         ] GC(1335) User=0.00s Sys=0.00s Real=0.00s
[2026-06-17T09:51:38.048+0800][57.926s][info][gc,start       ] GC(1336) Pause Young (Allocation Failure)
[2026-06-17T09:51:38.050+0800][57.928s][info][gc,heap        ] GC(1336) DefNew: 19624K->2168K(19648K)
[2026-06-17T09:51:38.051+0800][57.929s][info][gc,heap        ] GC(1336) Tenured: 33139K->37444K(43712K)
[2026-06-17T09:51:38.053+0800][57.931s][info][gc,metaspace   ] GC(1336) Metaspace: 3166K(4864K)->3166K(4864K) NonClass: 2861K(4352K)->2861K(4352K) Class: 305K(512K)->305K(512K)
[2026-06-17T09:51:38.053+0800][57.931s][info][gc             ] GC(1336) Pause Young (Allocation Failure) 51M->38M(61M) 4.663ms
[2026-06-17T09:51:38.056+0800][57.934s][info][gc,cpu         ] GC(1336) User=0.00s Sys=0.00s Real=0.01s
[2026-06-17T09:51:38.099+0800][57.977s][info][gc,start       ] GC(1337) Pause Young (Allocation Failure)
[2026-06-17T09:51:38.099+0800][57.977s][info][gc,start       ] GC(1338) Pause Full (Allocation Failure)
[2026-06-17T09:51:38.099+0800][57.977s][info][gc,phases,start] GC(1338) Phase 1: Mark live objects
[2026-06-17T09:51:38.100+0800][57.978s][info][gc,phases      ] GC(1338) Phase 1: Mark live objects 0.628ms
[2026-06-17T09:51:38.100+0800][57.978s][info][gc,phases,start] GC(1338) Phase 2: Compute new object addresses
[2026-06-17T09:51:38.100+0800][57.978s][info][gc,phases      ] GC(1338) Phase 2: Compute new object addresses 0.400ms
[2026-06-17T09:51:38.100+0800][57.979s][info][gc,phases,start] GC(1338) Phase 3: Adjust pointers
[2026-06-17T09:51:38.101+0800][57.979s][info][gc,phases      ] GC(1338) Phase 3: Adjust pointers 0.395ms
[2026-06-17T09:51:38.101+0800][57.979s][info][gc,phases,start] GC(1338) Phase 4: Move objects
[2026-06-17T09:51:38.103+0800][57.981s][info][gc,phases      ] GC(1338) Phase 4: Move objects 1.692ms
[2026-06-17T09:51:38.103+0800][57.981s][info][gc             ] GC(1338) Pause Full (Allocation Failure) 55M->21M(61M) 4.002ms
[2026-06-17T09:51:38.103+0800][57.981s][info][gc,heap        ] GC(1337) DefNew: 19640K->0K(19648K)
[2026-06-17T09:51:38.103+0800][57.981s][info][gc,heap        ] GC(1337) Tenured: 37444K->21624K(43712K)
[2026-06-17T09:51:38.103+0800][57.981s][info][gc,metaspace   ] GC(1337) Metaspace: 3166K(4864K)->3166K(4864K) NonClass: 2861K(4352K)->2861K(4352K) Class: 305K(512K)->305K(512K)
[2026-06-17T09:51:38.103+0800][57.981s][info][gc             ] GC(1337) Pause Young (Allocation Failure) 55M->21M(61M) 4.640ms
[2026-06-17T09:51:38.103+0800][57.981s][info][gc,cpu         ] GC(1337) User=0.00s Sys=0.00s Real=0.01s
[2026-06-17T09:51:38.156+0800][58.034s][info][gc,start       ] GC(1339) Pause Young (Allocation Failure)
[2026-06-17T09:51:38.157+0800][58.035s][info][gc,heap        ] GC(1339) DefNew: 17461K->2167K(19648K)
[2026-06-17T09:51:38.157+0800][58.035s][info][gc,heap        ] GC(1339) Tenured: 21624K->23401K(43712K)
[2026-06-17T09:51:38.158+0800][58.036s][info][gc,metaspace   ] GC(1339) Metaspace: 3166K(4864K)->3166K(4864K) NonClass: 2861K(4352K)->2861K(4352K) Class: 305K(512K)->305K(512K)
[2026-06-17T09:51:38.158+0800][58.036s][info][gc             ] GC(1339) Pause Young (Allocation Failure) 38M->24M(61M) 2.616ms
[2026-06-17T09:51:38.159+0800][58.037s][info][gc,cpu         ] GC(1339) User=0.00s Sys=0.00s Real=0.00s
[2026-06-17T09:51:38.202+0800][58.080s][info][gc,start       ] GC(1340) Pause Young (Allocation Failure)
[2026-06-17T09:51:38.203+0800][58.081s][info][gc,heap        ] GC(1340) DefNew: 19612K->2171K(19648K)
[2026-06-17T09:51:38.203+0800][58.081s][info][gc,heap        ] GC(1340) Tenured: 23401K->26526K(43712K)
[2026-06-17T09:51:38.203+0800][58.082s][info][gc,metaspace   ] GC(1340) Metaspace: 3166K(4864K)->3166K(4864K) NonClass: 2861K(4352K)->2861K(4352K) Class: 305K(512K)->305K(512K)
[2026-06-17T09:51:38.204+0800][58.082s][info][gc             ] GC(1340) Pause Young (Allocation Failure) 42M->28M(61M) 2.341ms
[2026-06-17T09:51:38.204+0800][58.082s][info][gc,cpu         ] GC(1340) User=0.00s Sys=0.00s Real=0.01s
[2026-06-17T09:51:38.246+0800][58.124s][info][gc,start       ] GC(1341) Pause Young (Allocation Failure)
[2026-06-17T09:51:38.248+0800][58.126s][info][gc,heap        ] GC(1341) DefNew: 19640K->2175K(19648K)
[2026-06-17T09:51:38.248+0800][58.126s][info][gc,heap        ] GC(1341) Tenured: 26526K->31172K(43712K)
[2026-06-17T09:51:38.249+0800][58.127s][info][gc,metaspace   ] GC(1341) Metaspace: 3166K(4864K)->3166K(4864K) NonClass: 2861K(4352K)->2861K(4352K) Class: 305K(512K)->305K(512K)
[2026-06-17T09:51:38.249+0800][58.127s][info][gc             ] GC(1341) Pause Young (Allocation Failure) 45M->32M(61M) 2.794ms
[2026-06-17T09:51:38.250+0800][58.128s][info][gc,cpu         ] GC(1341) User=0.01s Sys=0.00s Real=0.00s
[2026-06-17T09:51:38.292+0800][58.170s][info][gc,start       ] GC(1342) Pause Young (Allocation Failure)
[2026-06-17T09:51:38.294+0800][58.172s][info][gc,heap        ] GC(1342) DefNew: 19601K->2175K(19648K)
[2026-06-17T09:51:38.294+0800][58.172s][info][gc,heap        ] GC(1342) Tenured: 31172K->35434K(43712K)
[2026-06-17T09:51:38.294+0800][58.172s][info][gc,metaspace   ] GC(1342) Metaspace: 3166K(4864K)->3166K(4864K) NonClass: 2861K(4352K)->2861K(4352K) Class: 305K(512K)->305K(512K)
[2026-06-17T09:51:38.294+0800][58.172s][info][gc             ] GC(1342) Pause Young (Allocation Failure) 49M->36M(61M) 2.555ms
[2026-06-17T09:51:38.295+0800][58.173s][info][gc,cpu         ] GC(1342) User=0.00s Sys=0.00s Real=0.00s
[2026-06-17T09:51:38.337+0800][58.215s][info][gc,start       ] GC(1343) Pause Young (Allocation Failure)
[2026-06-17T09:51:38.338+0800][58.216s][info][gc,heap        ] GC(1343) DefNew: 19612K->2129K(19648K)
[2026-06-17T09:51:38.339+0800][58.217s][info][gc,heap        ] GC(1343) Tenured: 35434K->36738K(43712K)
[2026-06-17T09:51:38.339+0800][58.217s][info][gc,metaspace   ] GC(1343) Metaspace: 3166K(4864K)->3166K(4864K) NonClass: 2861K(4352K)->2861K(4352K) Class: 305K(512K)->305K(512K)
[2026-06-17T09:51:38.340+0800][58.218s][info][gc             ] GC(1343) Pause Young (Allocation Failure) 53M->37M(61M) 2.225ms
[2026-06-17T09:51:38.340+0800][58.218s][info][gc,cpu         ] GC(1343) User=0.00s Sys=0.00s Real=0.00s
[2026-06-17T09:51:38.393+0800][58.271s][info][gc,start       ] GC(1344) Pause Young (Allocation Failure)
[2026-06-17T09:51:38.394+0800][58.272s][info][gc,heap        ] GC(1344) DefNew: 19549K->2154K(19648K)
[2026-06-17T09:51:38.395+0800][58.273s][info][gc,heap        ] GC(1344) Tenured: 36738K->40505K(43712K)
[2026-06-17T09:51:38.395+0800][58.273s][info][gc,metaspace   ] GC(1344) Metaspace: 3166K(4864K)->3166K(4864K) NonClass: 2861K(4352K)->2861K(4352K) Class: 305K(512K)->305K(512K)
[2026-06-17T09:51:38.396+0800][58.274s][info][gc             ] GC(1344) Pause Young (Allocation Failure) 54M->41M(61M) 3.168ms
[2026-06-17T09:51:38.396+0800][58.275s][info][gc,cpu         ] GC(1344) User=0.00s Sys=0.00s Real=0.00s
[2026-06-17T09:51:38.439+0800][58.317s][info][gc,start       ] GC(1345) Pause Young (Allocation Failure)
[2026-06-17T09:51:38.451+0800][58.329s][info][gc,start       ] GC(1346) Pause Full (Allocation Failure)
[2026-06-17T09:51:38.452+0800][58.330s][info][gc,phases,start] GC(1346) Phase 1: Mark live objects
[2026-06-17T09:51:38.453+0800][58.331s][info][gc,phases      ] GC(1346) Phase 1: Mark live objects 0.789ms
[2026-06-17T09:51:38.453+0800][58.331s][info][gc,phases,start] GC(1346) Phase 2: Compute new object addresses
[2026-06-17T09:51:38.453+0800][58.331s][info][gc,phases      ] GC(1346) Phase 2: Compute new object addresses 0.399ms
[2026-06-17T09:51:38.462+0800][58.340s][info][gc,phases,start] GC(1346) Phase 3: Adjust pointers
[2026-06-17T09:51:38.463+0800][58.341s][info][gc,phases      ] GC(1346) Phase 3: Adjust pointers 1.562ms
[2026-06-17T09:51:38.465+0800][58.343s][info][gc,phases,start] GC(1346) Phase 4: Move objects
[2026-06-17T09:51:38.467+0800][58.345s][info][gc,phases      ] GC(1346) Phase 4: Move objects 2.343ms
[2026-06-17T09:51:38.468+0800][58.346s][info][gc             ] GC(1346) Pause Full (Allocation Failure) 58M->22M(61M) 16.668ms
[2026-06-17T09:51:38.469+0800][58.347s][info][gc,heap        ] GC(1345) DefNew: 19626K->0K(19648K)
[2026-06-17T09:51:38.469+0800][58.347s][info][gc,heap        ] GC(1345) Tenured: 40505K->23325K(43712K)
[2026-06-17T09:51:38.470+0800][58.348s][info][gc,metaspace   ] GC(1345) Metaspace: 3166K(4864K)->3166K(4864K) NonClass: 2861K(4352K)->2861K(4352K) Class: 305K(512K)->305K(512K)
[2026-06-17T09:51:38.471+0800][58.349s][info][gc             ] GC(1345) Pause Young (Allocation Failure) 58M->22M(61M) 31.782ms
[2026-06-17T09:51:38.473+0800][58.351s][info][gc,cpu         ] GC(1345) User=0.01s Sys=0.00s Real=0.04s
[2026-06-17T09:51:38.517+0800][58.395s][info][gc,start       ] GC(1347) Pause Young (Allocation Failure)
[2026-06-17T09:51:38.518+0800][58.397s][info][gc,heap        ] GC(1347) DefNew: 17456K->2171K(19648K)
[2026-06-17T09:51:38.524+0800][58.402s][info][gc,heap        ] GC(1347) Tenured: 23325K->28512K(43712K)
[2026-06-17T09:51:38.529+0800][58.407s][info][gc,metaspace   ] GC(1347) Metaspace: 3166K(4864K)->3166K(4864K) NonClass: 2861K(4352K)->2861K(4352K) Class: 305K(512K)->305K(512K)
[2026-06-17T09:51:38.531+0800][58.409s][info][gc             ] GC(1347) Pause Young (Allocation Failure) 39M->29M(61M) 14.013ms
[2026-06-17T09:51:38.531+0800][58.410s][info][gc,cpu         ] GC(1347) User=0.00s Sys=0.00s Real=0.02s
[2026-06-17T09:51:38.586+0800][58.464s][info][gc,start       ] GC(1348) Pause Young (Allocation Failure)
[2026-06-17T09:51:38.587+0800][58.465s][info][gc,heap        ] GC(1348) DefNew: 19613K->2144K(19648K)
[2026-06-17T09:51:38.589+0800][58.467s][info][gc,heap        ] GC(1348) Tenured: 28512K->30492K(43712K)
[2026-06-17T09:51:38.589+0800][58.467s][info][gc,metaspace   ] GC(1348) Metaspace: 3166K(4864K)->3166K(4864K) NonClass: 2861K(4352K)->2861K(4352K) Class: 305K(512K)->305K(512K)
[2026-06-17T09:51:38.590+0800][58.468s][info][gc             ] GC(1348) Pause Young (Allocation Failure) 46M->31M(61M) 3.822ms
[2026-06-17T09:51:38.590+0800][58.468s][info][gc,cpu         ] GC(1348) User=0.00s Sys=0.01s Real=0.00s
[2026-06-17T09:51:38.633+0800][58.511s][info][gc,start       ] GC(1349) Pause Young (Allocation Failure)
[2026-06-17T09:51:38.634+0800][58.512s][info][gc,heap        ] GC(1349) DefNew: 19567K->2079K(19648K)
[2026-06-17T09:51:38.634+0800][58.512s][info][gc,heap        ] GC(1349) Tenured: 30492K->34433K(43712K)
[2026-06-17T09:51:38.634+0800][58.512s][info][gc,metaspace   ] GC(1349) Metaspace: 3166K(4864K)->3166K(4864K) NonClass: 2861K(4352K)->2861K(4352K) Class: 305K(512K)->305K(512K)
[2026-06-17T09:51:38.634+0800][58.512s][info][gc             ] GC(1349) Pause Young (Allocation Failure) 48M->35M(61M) 1.509ms
[2026-06-17T09:51:38.634+0800][58.512s][info][gc,cpu         ] GC(1349) User=0.00s Sys=0.00s Real=0.00s
[2026-06-17T09:51:38.676+0800][58.554s][info][gc,start       ] GC(1350) Pause Young (Allocation Failure)
[2026-06-17T09:51:38.677+0800][58.555s][info][gc,heap        ] GC(1350) DefNew: 19551K->2116K(19648K)
[2026-06-17T09:51:38.678+0800][58.556s][info][gc,heap        ] GC(1350) Tenured: 34433K->37832K(43712K)
[2026-06-17T09:51:38.678+0800][58.556s][info][gc,metaspace   ] GC(1350) Metaspace: 3166K(4864K)->3166K(4864K) NonClass: 2861K(4352K)->2861K(4352K) Class: 305K(512K)->305K(512K)
[2026-06-17T09:51:38.678+0800][58.556s][info][gc             ] GC(1350) Pause Young (Allocation Failure) 52M->39M(61M) 1.489ms
[2026-06-17T09:51:38.678+0800][58.556s][info][gc,cpu         ] GC(1350) User=0.00s Sys=0.00s Real=0.00s
[2026-06-17T09:51:38.720+0800][58.598s][info][gc,start       ] GC(1351) Pause Young (Allocation Failure)
[2026-06-17T09:51:38.720+0800][58.598s][info][gc,start       ] GC(1352) Pause Full (Allocation Failure)
[2026-06-17T09:51:38.720+0800][58.598s][info][gc,phases,start] GC(1352) Phase 1: Mark live objects
[2026-06-17T09:51:38.721+0800][58.599s][info][gc,phases      ] GC(1352) Phase 1: Mark live objects 0.703ms
[2026-06-17T09:51:38.721+0800][58.599s][info][gc,phases,start] GC(1352) Phase 2: Compute new object addresses
[2026-06-17T09:51:38.722+0800][58.600s][info][gc,phases      ] GC(1352) Phase 2: Compute new object addresses 0.309ms
[2026-06-17T09:51:38.722+0800][58.600s][info][gc,phases,start] GC(1352) Phase 3: Adjust pointers
[2026-06-17T09:51:38.722+0800][58.600s][info][gc,phases      ] GC(1352) Phase 3: Adjust pointers 0.342ms
[2026-06-17T09:51:38.722+0800][58.600s][info][gc,phases,start] GC(1352) Phase 4: Move objects
[2026-06-17T09:51:38.724+0800][58.602s][info][gc,phases      ] GC(1352) Phase 4: Move objects 1.874ms
[2026-06-17T09:51:38.724+0800][58.602s][info][gc             ] GC(1352) Pause Full (Allocation Failure) 56M->30M(61M) 4.258ms
[2026-06-17T09:51:38.725+0800][58.603s][info][gc,heap        ] GC(1351) DefNew: 19558K->0K(19648K)
[2026-06-17T09:51:38.725+0800][58.603s][info][gc,heap        ] GC(1351) Tenured: 37832K->30754K(43712K)
[2026-06-17T09:51:38.725+0800][58.603s][info][gc,metaspace   ] GC(1351) Metaspace: 3166K(4864K)->3166K(4864K) NonClass: 2861K(4352K)->2861K(4352K) Class: 305K(512K)->305K(512K)
[2026-06-17T09:51:38.725+0800][58.603s][info][gc             ] GC(1351) Pause Young (Allocation Failure) 56M->30M(61M) 5.121ms
[2026-06-17T09:51:38.725+0800][58.603s][info][gc,cpu         ] GC(1351) User=0.00s Sys=0.00s Real=0.01s
[2026-06-17T09:51:38.767+0800][58.645s][info][gc,start       ] GC(1353) Pause Young (Allocation Failure)
[2026-06-17T09:51:38.768+0800][58.646s][info][gc,heap        ] GC(1353) DefNew: 17472K->2173K(19648K)
[2026-06-17T09:51:38.768+0800][58.646s][info][gc,heap        ] GC(1353) Tenured: 30754K->35316K(43712K)
[2026-06-17T09:51:38.769+0800][58.647s][info][gc,metaspace   ] GC(1353) Metaspace: 3166K(4864K)->3166K(4864K) NonClass: 2861K(4352K)->2861K(4352K) Class: 305K(512K)->305K(512K)
[2026-06-17T09:51:38.769+0800][58.647s][info][gc             ] GC(1353) Pause Young (Allocation Failure) 47M->36M(61M) 1.564ms
[2026-06-17T09:51:38.769+0800][58.647s][info][gc,cpu         ] GC(1353) User=0.00s Sys=0.00s Real=0.00s
[2026-06-17T09:51:38.821+0800][58.699s][info][gc,start       ] GC(1354) Pause Young (Allocation Failure)
[2026-06-17T09:51:38.822+0800][58.700s][info][gc,heap        ] GC(1354) DefNew: 19645K->2166K(19648K)
[2026-06-17T09:51:38.822+0800][58.700s][info][gc,heap        ] GC(1354) Tenured: 35316K->36352K(43712K)
[2026-06-17T09:51:38.822+0800][58.700s][info][gc,metaspace   ] GC(1354) Metaspace: 3166K(4864K)->3166K(4864K) NonClass: 2861K(4352K)->2861K(4352K) Class: 305K(512K)->305K(512K)
[2026-06-17T09:51:38.822+0800][58.700s][info][gc             ] GC(1354) Pause Young (Allocation Failure) 53M->37M(61M) 1.360ms
[2026-06-17T09:51:38.822+0800][58.701s][info][gc,cpu         ] GC(1354) User=0.00s Sys=0.00s Real=0.00s
[2026-06-17T09:51:38.854+0800][58.732s][info][gc,start       ] GC(1355) Pause Young (Allocation Failure)
[2026-06-17T09:51:38.856+0800][58.734s][info][gc,heap        ] GC(1355) DefNew: 19470K->2155K(19648K)
[2026-06-17T09:51:38.856+0800][58.734s][info][gc,heap        ] GC(1355) Tenured: 36352K->39981K(43712K)
[2026-06-17T09:51:38.857+0800][58.735s][info][gc,metaspace   ] GC(1355) Metaspace: 3166K(4864K)->3166K(4864K) NonClass: 2861K(4352K)->2861K(4352K) Class: 305K(512K)->305K(512K)
[2026-06-17T09:51:38.857+0800][58.735s][info][gc             ] GC(1355) Pause Young (Allocation Failure) 54M->41M(61M) 2.313ms
[2026-06-17T09:51:38.857+0800][58.735s][info][gc,cpu         ] GC(1355) User=0.00s Sys=0.00s Real=0.00s
[2026-06-17T09:51:38.909+0800][58.787s][info][gc,start       ] GC(1356) Pause Young (Allocation Failure)
[2026-06-17T09:51:38.909+0800][58.787s][info][gc,start       ] GC(1357) Pause Full (Allocation Failure)
[2026-06-17T09:51:38.910+0800][58.788s][info][gc,phases,start] GC(1357) Phase 1: Mark live objects
[2026-06-17T09:51:38.911+0800][58.789s][info][gc,phases      ] GC(1357) Phase 1: Mark live objects 1.217ms
[2026-06-17T09:51:38.911+0800][58.789s][info][gc,phases,start] GC(1357) Phase 2: Compute new object addresses
[2026-06-17T09:51:38.911+0800][58.789s][info][gc,phases      ] GC(1357) Phase 2: Compute new object addresses 0.297ms
[2026-06-17T09:51:38.912+0800][58.790s][info][gc,phases,start] GC(1357) Phase 3: Adjust pointers
[2026-06-17T09:51:38.912+0800][58.790s][info][gc,phases      ] GC(1357) Phase 3: Adjust pointers 0.310ms
[2026-06-17T09:51:38.912+0800][58.790s][info][gc,phases,start] GC(1357) Phase 4: Move objects
[2026-06-17T09:51:38.914+0800][58.792s][info][gc,phases      ] GC(1357) Phase 4: Move objects 2.217ms
[2026-06-17T09:51:38.914+0800][58.793s][info][gc             ] GC(1357) Pause Full (Allocation Failure) 58M->24M(61M) 5.039ms
[2026-06-17T09:51:38.915+0800][58.793s][info][gc,heap        ] GC(1356) DefNew: 19577K->0K(19648K)
[2026-06-17T09:51:38.915+0800][58.793s][info][gc,heap        ] GC(1356) Tenured: 39981K->25544K(43712K)
[2026-06-17T09:51:38.915+0800][58.793s][info][gc,metaspace   ] GC(1356) Metaspace: 3166K(4864K)->3166K(4864K) NonClass: 2861K(4352K)->2861K(4352K) Class: 305K(512K)->305K(512K)
[2026-06-17T09:51:38.915+0800][58.793s][info][gc             ] GC(1356) Pause Young (Allocation Failure) 58M->24M(61M) 6.136ms
[2026-06-17T09:51:38.915+0800][58.793s][info][gc,cpu         ] GC(1356) User=0.00s Sys=0.00s Real=0.01s
[2026-06-17T09:51:38.957+0800][58.835s][info][gc,start       ] GC(1358) Pause Young (Allocation Failure)
[2026-06-17T09:51:38.958+0800][58.836s][info][gc,heap        ] GC(1358) DefNew: 17453K->2173K(19648K)
[2026-06-17T09:51:38.959+0800][58.837s][info][gc,heap        ] GC(1358) Tenured: 25544K->30245K(43712K)
[2026-06-17T09:51:38.959+0800][58.837s][info][gc,metaspace   ] GC(1358) Metaspace: 3166K(4864K)->3166K(4864K) NonClass: 2861K(4352K)->2861K(4352K) Class: 305K(512K)->305K(512K)
[2026-06-17T09:51:38.959+0800][58.837s][info][gc             ] GC(1358) Pause Young (Allocation Failure) 41M->31M(61M) 1.623ms
[2026-06-17T09:51:38.959+0800][58.837s][info][gc,cpu         ] GC(1358) User=0.00s Sys=0.00s Real=0.00s
[2026-06-17T09:51:39.001+0800][58.879s][info][gc,start       ] GC(1359) Pause Young (Allocation Failure)
[2026-06-17T09:51:39.003+0800][58.881s][info][gc,heap        ] GC(1359) DefNew: 19620K->2113K(19648K)
[2026-06-17T09:51:39.003+0800][58.881s][info][gc,heap        ] GC(1359) Tenured: 30245K->36096K(43712K)
[2026-06-17T09:51:39.003+0800][58.881s][info][gc,metaspace   ] GC(1359) Metaspace: 3166K(4864K)->3166K(4864K) NonClass: 2861K(4352K)->2861K(4352K) Class: 305K(512K)->305K(512K)
[2026-06-17T09:51:39.004+0800][58.882s][info][gc             ] GC(1359) Pause Young (Allocation Failure) 48M->37M(61M) 2.224ms
[2026-06-17T09:51:39.004+0800][58.882s][info][gc,cpu         ] GC(1359) User=0.00s Sys=0.00s Real=0.01s
[2026-06-17T09:51:39.046+0800][58.924s][info][gc,start       ] GC(1360) Pause Young (Allocation Failure)
[2026-06-17T09:51:39.047+0800][58.925s][info][gc,heap        ] GC(1360) DefNew: 19585K->2175K(19648K)
[2026-06-17T09:51:39.047+0800][58.925s][info][gc,heap        ] GC(1360) Tenured: 36096K->39598K(43712K)
[2026-06-17T09:51:39.047+0800][58.925s][info][gc,metaspace   ] GC(1360) Metaspace: 3166K(4864K)->3166K(4864K) NonClass: 2861K(4352K)->2861K(4352K) Class: 305K(512K)->305K(512K)
[2026-06-17T09:51:39.048+0800][58.926s][info][gc             ] GC(1360) Pause Young (Allocation Failure) 54M->40M(61M) 1.701ms
[2026-06-17T09:51:39.048+0800][58.926s][info][gc,cpu         ] GC(1360) User=0.00s Sys=0.00s Real=0.00s
[2026-06-17T09:51:39.090+0800][58.968s][info][gc,start       ] GC(1361) Pause Young (Allocation Failure)
[2026-06-17T09:51:39.091+0800][58.969s][info][gc,start       ] GC(1362) Pause Full (Allocation Failure)
[2026-06-17T09:51:39.091+0800][58.969s][info][gc,phases,start] GC(1362) Phase 1: Mark live objects
[2026-06-17T09:51:39.092+0800][58.970s][info][gc,phases      ] GC(1362) Phase 1: Mark live objects 0.777ms
[2026-06-17T09:51:39.092+0800][58.970s][info][gc,phases,start] GC(1362) Phase 2: Compute new object addresses
[2026-06-17T09:51:39.093+0800][58.971s][info][gc,phases      ] GC(1362) Phase 2: Compute new object addresses 0.705ms
[2026-06-17T09:51:39.093+0800][58.971s][info][gc,phases,start] GC(1362) Phase 3: Adjust pointers
[2026-06-17T09:51:39.093+0800][58.971s][info][gc,phases      ] GC(1362) Phase 3: Adjust pointers 0.413ms
[2026-06-17T09:51:39.093+0800][58.971s][info][gc,phases,start] GC(1362) Phase 4: Move objects
[2026-06-17T09:51:39.095+0800][58.973s][info][gc,phases      ] GC(1362) Phase 4: Move objects 1.961ms
[2026-06-17T09:51:39.096+0800][58.974s][info][gc             ] GC(1362) Pause Full (Allocation Failure) 57M->25M(61M) 4.956ms
[2026-06-17T09:51:39.096+0800][58.974s][info][gc,heap        ] GC(1361) DefNew: 19647K->0K(19648K)
[2026-06-17T09:51:39.096+0800][58.974s][info][gc,heap        ] GC(1361) Tenured: 39598K->26254K(43712K)
[2026-06-17T09:51:39.096+0800][58.974s][info][gc,metaspace   ] GC(1361) Metaspace: 3166K(4864K)->3166K(4864K) NonClass: 2861K(4352K)->2861K(4352K) Class: 305K(512K)->305K(512K)
[2026-06-17T09:51:39.096+0800][58.974s][info][gc             ] GC(1361) Pause Young (Allocation Failure) 57M->25M(61M) 6.377ms
[2026-06-17T09:51:39.096+0800][58.974s][info][gc,cpu         ] GC(1361) User=0.00s Sys=0.00s Real=0.01s
[2026-06-17T09:51:39.138+0800][59.016s][info][gc,start       ] GC(1363) Pause Young (Allocation Failure)
[2026-06-17T09:51:39.140+0800][59.018s][info][gc,heap        ] GC(1363) DefNew: 17468K->2173K(19648K)
[2026-06-17T09:51:39.140+0800][59.018s][info][gc,heap        ] GC(1363) Tenured: 26254K->31222K(43712K)
[2026-06-17T09:51:39.140+0800][59.018s][info][gc,metaspace   ] GC(1363) Metaspace: 3166K(4864K)->3166K(4864K) NonClass: 2861K(4352K)->2861K(4352K) Class: 305K(512K)->305K(512K)
[2026-06-17T09:51:39.140+0800][59.018s][info][gc             ] GC(1363) Pause Young (Allocation Failure) 42M->32M(61M) 2.011ms
[2026-06-17T09:51:39.140+0800][59.018s][info][gc,cpu         ] GC(1363) User=0.00s Sys=0.00s Real=0.00s
[2026-06-17T09:51:39.193+0800][59.071s][info][gc,start       ] GC(1364) Pause Young (Allocation Failure)
[2026-06-17T09:51:39.194+0800][59.072s][info][gc,heap        ] GC(1364) DefNew: 19610K->2150K(19648K)
[2026-06-17T09:51:39.194+0800][59.072s][info][gc,heap        ] GC(1364) Tenured: 31222K->33773K(43712K)
[2026-06-17T09:51:39.194+0800][59.073s][info][gc,metaspace   ] GC(1364) Metaspace: 3166K(4864K)->3166K(4864K) NonClass: 2861K(4352K)->2861K(4352K) Class: 305K(512K)->305K(512K)
[2026-06-17T09:51:39.195+0800][59.073s][info][gc             ] GC(1364) Pause Young (Allocation Failure) 49M->35M(61M) 2.038ms
[2026-06-17T09:51:39.195+0800][59.073s][info][gc,cpu         ] GC(1364) User=0.00s Sys=0.00s Real=0.00s
[2026-06-17T09:51:39.227+0800][59.105s][info][gc,start       ] GC(1365) Pause Young (Allocation Failure)
[2026-06-17T09:51:39.228+0800][59.106s][info][gc,heap        ] GC(1365) DefNew: 19169K->2111K(19648K)
[2026-06-17T09:51:39.228+0800][59.106s][info][gc,heap        ] GC(1365) Tenured: 33773K->37086K(43712K)
[2026-06-17T09:51:39.228+0800][59.106s][info][gc,metaspace   ] GC(1365) Metaspace: 3166K(4864K)->3166K(4864K) NonClass: 2861K(4352K)->2861K(4352K) Class: 305K(512K)->305K(512K)
[2026-06-17T09:51:39.228+0800][59.107s][info][gc             ] GC(1365) Pause Young (Allocation Failure) 51M->38M(61M) 1.430ms
[2026-06-17T09:51:39.229+0800][59.107s][info][gc,cpu         ] GC(1365) User=0.00s Sys=0.00s Real=0.00s
[2026-06-17T09:51:39.271+0800][59.149s][info][gc,start       ] GC(1366) Pause Young (Allocation Failure)
[2026-06-17T09:51:39.272+0800][59.150s][info][gc,heap        ] GC(1366) DefNew: 19548K->2167K(19648K)
[2026-06-17T09:51:39.273+0800][59.151s][info][gc,heap        ] GC(1366) Tenured: 37086K->43547K(43712K)
[2026-06-17T09:51:39.273+0800][59.151s][info][gc,metaspace   ] GC(1366) Metaspace: 3166K(4864K)->3166K(4864K) NonClass: 2861K(4352K)->2861K(4352K) Class: 305K(512K)->305K(512K)
[2026-06-17T09:51:39.274+0800][59.152s][info][gc             ] GC(1366) Pause Young (Allocation Failure) 55M->44M(61M) 2.751ms
[2026-06-17T09:51:39.274+0800][59.152s][info][gc,cpu         ] GC(1366) User=0.00s Sys=0.00s Real=0.00s
[2026-06-17T09:51:39.328+0800][59.206s][info][gc,start       ] GC(1367) Pause Young (Allocation Failure)
[2026-06-17T09:51:39.328+0800][59.206s][info][gc,start       ] GC(1368) Pause Full (Allocation Failure)
[2026-06-17T09:51:39.329+0800][59.207s][info][gc,phases,start] GC(1368) Phase 1: Mark live objects
[2026-06-17T09:51:39.330+0800][59.208s][info][gc,phases      ] GC(1368) Phase 1: Mark live objects 0.851ms
[2026-06-17T09:51:39.330+0800][59.208s][info][gc,phases,start] GC(1368) Phase 2: Compute new object addresses
[2026-06-17T09:51:39.331+0800][59.209s][info][gc,phases      ] GC(1368) Phase 2: Compute new object addresses 0.418ms
[2026-06-17T09:51:39.331+0800][59.209s][info][gc,phases,start] GC(1368) Phase 3: Adjust pointers
[2026-06-17T09:51:39.331+0800][59.209s][info][gc,phases      ] GC(1368) Phase 3: Adjust pointers 0.408ms
[2026-06-17T09:51:39.331+0800][59.209s][info][gc,phases,start] GC(1368) Phase 4: Move objects
[2026-06-17T09:51:39.333+0800][59.211s][info][gc,phases      ] GC(1368) Phase 4: Move objects 1.586ms
[2026-06-17T09:51:39.333+0800][59.211s][info][gc             ] GC(1368) Pause Full (Allocation Failure) 61M->23M(61M) 5.313ms
[2026-06-17T09:51:39.334+0800][59.212s][info][gc,heap        ] GC(1367) DefNew: 19639K->0K(19648K)
[2026-06-17T09:51:39.334+0800][59.212s][info][gc,heap        ] GC(1367) Tenured: 43547K->23554K(43712K)
[2026-06-17T09:51:39.334+0800][59.212s][info][gc,metaspace   ] GC(1367) Metaspace: 3166K(4864K)->3166K(4864K) NonClass: 2861K(4352K)->2861K(4352K) Class: 305K(512K)->305K(512K)
[2026-06-17T09:51:39.334+0800][59.212s][info][gc             ] GC(1367) Pause Young (Allocation Failure) 61M->23M(61M) 6.242ms
[2026-06-17T09:51:39.334+0800][59.212s][info][gc,cpu         ] GC(1367) User=0.00s Sys=0.00s Real=0.01s
[2026-06-17T09:51:39.377+0800][59.255s][info][gc,start       ] GC(1369) Pause Young (Allocation Failure)
[2026-06-17T09:51:39.378+0800][59.256s][info][gc,heap        ] GC(1369) DefNew: 17432K->2171K(19648K)
[2026-06-17T09:51:39.378+0800][59.256s][info][gc,heap        ] GC(1369) Tenured: 23554K->28450K(43712K)
[2026-06-17T09:51:39.378+0800][59.256s][info][gc,metaspace   ] GC(1369) Metaspace: 3166K(4864K)->3166K(4864K) NonClass: 2861K(4352K)->2861K(4352K) Class: 305K(512K)->305K(512K)
[2026-06-17T09:51:39.378+0800][59.257s][info][gc             ] GC(1369) Pause Young (Allocation Failure) 40M->29M(61M) 1.855ms
[2026-06-17T09:51:39.379+0800][59.257s][info][gc,cpu         ] GC(1369) User=0.00s Sys=0.00s Real=0.00s
[2026-06-17T09:51:39.421+0800][59.299s][info][gc,start       ] GC(1370) Pause Young (Allocation Failure)
[2026-06-17T09:51:39.422+0800][59.300s][info][gc,heap        ] GC(1370) DefNew: 19643K->2172K(19648K)
[2026-06-17T09:51:39.422+0800][59.300s][info][gc,heap        ] GC(1370) Tenured: 28450K->33127K(43712K)
[2026-06-17T09:51:39.422+0800][59.300s][info][gc,metaspace   ] GC(1370) Metaspace: 3166K(4864K)->3166K(4864K) NonClass: 2861K(4352K)->2861K(4352K) Class: 305K(512K)->305K(512K)
[2026-06-17T09:51:39.422+0800][59.300s][info][gc             ] GC(1370) Pause Young (Allocation Failure) 46M->34M(61M) 1.415ms
[2026-06-17T09:51:39.422+0800][59.300s][info][gc,cpu         ] GC(1370) User=0.00s Sys=0.00s Real=0.00s
[2026-06-17T09:51:39.464+0800][59.342s][info][gc,start       ] GC(1371) Pause Young (Allocation Failure)
[2026-06-17T09:51:39.465+0800][59.343s][info][gc,heap        ] GC(1371) DefNew: 19614K->2170K(19648K)
[2026-06-17T09:51:39.466+0800][59.344s][info][gc,heap        ] GC(1371) Tenured: 33127K->36861K(43712K)
[2026-06-17T09:51:39.466+0800][59.344s][info][gc,metaspace   ] GC(1371) Metaspace: 3166K(4864K)->3166K(4864K) NonClass: 2861K(4352K)->2861K(4352K) Class: 305K(512K)->305K(512K)
[2026-06-17T09:51:39.466+0800][59.344s][info][gc             ] GC(1371) Pause Young (Allocation Failure) 51M->38M(61M) 1.610ms
[2026-06-17T09:51:39.466+0800][59.344s][info][gc,cpu         ] GC(1371) User=0.00s Sys=0.00s Real=0.00s
[2026-06-17T09:51:39.508+0800][59.386s][info][gc,start       ] GC(1372) Pause Young (Allocation Failure)
[2026-06-17T09:51:39.508+0800][59.386s][info][gc,start       ] GC(1373) Pause Full (Allocation Failure)
[2026-06-17T09:51:39.509+0800][59.387s][info][gc,phases,start] GC(1373) Phase 1: Mark live objects
[2026-06-17T09:51:39.509+0800][59.387s][info][gc,phases      ] GC(1373) Phase 1: Mark live objects 0.614ms
[2026-06-17T09:51:39.509+0800][59.387s][info][gc,phases,start] GC(1373) Phase 2: Compute new object addresses
[2026-06-17T09:51:39.510+0800][59.388s][info][gc,phases      ] GC(1373) Phase 2: Compute new object addresses 0.400ms
[2026-06-17T09:51:39.510+0800][59.388s][info][gc,phases,start] GC(1373) Phase 3: Adjust pointers
[2026-06-17T09:51:39.511+0800][59.389s][info][gc,phases      ] GC(1373) Phase 3: Adjust pointers 0.484ms
[2026-06-17T09:51:39.511+0800][59.389s][info][gc,phases,start] GC(1373) Phase 4: Move objects
[2026-06-17T09:51:39.513+0800][59.391s][info][gc,phases      ] GC(1373) Phase 4: Move objects 1.751ms
[2026-06-17T09:51:39.513+0800][59.391s][info][gc             ] GC(1373) Pause Full (Allocation Failure) 55M->26M(61M) 4.336ms
[2026-06-17T09:51:39.513+0800][59.391s][info][gc,heap        ] GC(1372) DefNew: 19642K->0K(19648K)
[2026-06-17T09:51:39.513+0800][59.391s][info][gc,heap        ] GC(1372) Tenured: 36861K->27496K(43712K)
[2026-06-17T09:51:39.513+0800][59.391s][info][gc,metaspace   ] GC(1372) Metaspace: 3166K(4864K)->3166K(4864K) NonClass: 2861K(4352K)->2861K(4352K) Class: 305K(512K)->305K(512K)
[2026-06-17T09:51:39.513+0800][59.391s][info][gc             ] GC(1372) Pause Young (Allocation Failure) 55M->26M(61M) 5.405ms
[2026-06-17T09:51:39.513+0800][59.391s][info][gc,cpu         ] GC(1372) User=0.01s Sys=0.00s Real=0.01s
[2026-06-17T09:51:39.555+0800][59.433s][info][gc,start       ] GC(1374) Pause Young (Allocation Failure)
[2026-06-17T09:51:39.556+0800][59.434s][info][gc,heap        ] GC(1374) DefNew: 17471K->2170K(19648K)
[2026-06-17T09:51:39.556+0800][59.435s][info][gc,heap        ] GC(1374) Tenured: 27496K->32306K(43712K)
[2026-06-17T09:51:39.557+0800][59.435s][info][gc,metaspace   ] GC(1374) Metaspace: 3166K(4864K)->3166K(4864K) NonClass: 2861K(4352K)->2861K(4352K) Class: 305K(512K)->305K(512K)
[2026-06-17T09:51:39.557+0800][59.435s][info][gc             ] GC(1374) Pause Young (Allocation Failure) 43M->33M(61M) 1.411ms
[2026-06-17T09:51:39.557+0800][59.435s][info][gc,cpu         ] GC(1374) User=0.00s Sys=0.00s Real=0.00s
[2026-06-17T09:51:39.609+0800][59.487s][info][gc,start       ] GC(1375) Pause Young (Allocation Failure)
[2026-06-17T09:51:39.610+0800][59.488s][info][gc,heap        ] GC(1375) DefNew: 19642K->2173K(19648K)
[2026-06-17T09:51:39.610+0800][59.488s][info][gc,heap        ] GC(1375) Tenured: 32306K->35524K(43712K)
[2026-06-17T09:51:39.610+0800][59.489s][info][gc,metaspace   ] GC(1375) Metaspace: 3166K(4864K)->3166K(4864K) NonClass: 2861K(4352K)->2861K(4352K) Class: 305K(512K)->305K(512K)
[2026-06-17T09:51:39.611+0800][59.489s][info][gc             ] GC(1375) Pause Young (Allocation Failure) 50M->36M(61M) 1.565ms
[2026-06-17T09:51:39.611+0800][59.489s][info][gc,cpu         ] GC(1375) User=0.00s Sys=0.00s Real=0.01s
[2026-06-17T09:51:39.653+0800][59.531s][info][gc,start       ] GC(1376) Pause Young (Allocation Failure)
[2026-06-17T09:51:39.654+0800][59.532s][info][gc,heap        ] GC(1376) DefNew: 19645K->2166K(19648K)
[2026-06-17T09:51:39.655+0800][59.533s][info][gc,heap        ] GC(1376) Tenured: 35524K->39057K(43712K)
[2026-06-17T09:51:39.655+0800][59.533s][info][gc,metaspace   ] GC(1376) Metaspace: 3166K(4864K)->3166K(4864K) NonClass: 2861K(4352K)->2861K(4352K) Class: 305K(512K)->305K(512K)
[2026-06-17T09:51:39.655+0800][59.533s][info][gc             ] GC(1376) Pause Young (Allocation Failure) 53M->40M(61M) 1.884ms
[2026-06-17T09:51:39.655+0800][59.533s][info][gc,cpu         ] GC(1376) User=0.00s Sys=0.00s Real=0.00s
[2026-06-17T09:51:39.698+0800][59.576s][info][gc,start       ] GC(1377) Pause Young (Allocation Failure)
[2026-06-17T09:51:39.698+0800][59.576s][info][gc,start       ] GC(1378) Pause Full (Allocation Failure)
[2026-06-17T09:51:39.699+0800][59.577s][info][gc,phases,start] GC(1378) Phase 1: Mark live objects
[2026-06-17T09:51:39.700+0800][59.578s][info][gc,phases      ] GC(1378) Phase 1: Mark live objects 0.961ms
[2026-06-17T09:51:39.700+0800][59.578s][info][gc,phases,start] GC(1378) Phase 2: Compute new object addresses
[2026-06-17T09:51:39.701+0800][59.579s][info][gc,phases      ] GC(1378) Phase 2: Compute new object addresses 0.545ms
[2026-06-17T09:51:39.701+0800][59.579s][info][gc,phases,start] GC(1378) Phase 3: Adjust pointers
[2026-06-17T09:51:39.702+0800][59.580s][info][gc,phases      ] GC(1378) Phase 3: Adjust pointers 0.583ms
[2026-06-17T09:51:39.702+0800][59.580s][info][gc,phases,start] GC(1378) Phase 4: Move objects
[2026-06-17T09:51:39.704+0800][59.582s][info][gc,phases      ] GC(1378) Phase 4: Move objects 1.850ms
[2026-06-17T09:51:39.704+0800][59.582s][info][gc             ] GC(1378) Pause Full (Allocation Failure) 57M->29M(61M) 5.807ms
[2026-06-17T09:51:39.705+0800][59.583s][info][gc,heap        ] GC(1377) DefNew: 19638K->0K(19648K)
[2026-06-17T09:51:39.705+0800][59.583s][info][gc,heap        ] GC(1377) Tenured: 39057K->29750K(43712K)
[2026-06-17T09:51:39.705+0800][59.583s][info][gc,metaspace   ] GC(1377) Metaspace: 3166K(4864K)->3166K(4864K) NonClass: 2861K(4352K)->2861K(4352K) Class: 305K(512K)->305K(512K)
[2026-06-17T09:51:39.706+0800][59.584s][info][gc             ] GC(1377) Pause Young (Allocation Failure) 57M->29M(61M) 7.798ms
[2026-06-17T09:51:39.706+0800][59.584s][info][gc,cpu         ] GC(1377) User=0.00s Sys=0.00s Real=0.01s
[2026-06-17T09:51:39.748+0800][59.626s][info][gc,start       ] GC(1379) Pause Young (Allocation Failure)
[2026-06-17T09:51:39.749+0800][59.627s][info][gc,heap        ] GC(1379) DefNew: 17438K->2174K(19648K)
[2026-06-17T09:51:39.749+0800][59.627s][info][gc,heap        ] GC(1379) Tenured: 29750K->34655K(43712K)
[2026-06-17T09:51:39.750+0800][59.628s][info][gc,metaspace   ] GC(1379) Metaspace: 3166K(4864K)->3166K(4864K) NonClass: 2861K(4352K)->2861K(4352K) Class: 305K(512K)->305K(512K)
[2026-06-17T09:51:39.750+0800][59.628s][info][gc             ] GC(1379) Pause Young (Allocation Failure) 46M->35M(61M) 1.948ms
[2026-06-17T09:51:39.750+0800][59.628s][info][gc,cpu         ] GC(1379) User=0.00s Sys=0.00s Real=0.00s
[2026-06-17T09:51:39.792+0800][59.670s][info][gc,start       ] GC(1380) Pause Young (Allocation Failure)
[2026-06-17T09:51:39.793+0800][59.671s][info][gc,heap        ] GC(1380) DefNew: 19646K->2170K(19648K)
[2026-06-17T09:51:39.794+0800][59.672s][info][gc,heap        ] GC(1380) Tenured: 34655K->38934K(43712K)
[2026-06-17T09:51:39.794+0800][59.672s][info][gc,metaspace   ] GC(1380) Metaspace: 3166K(4864K)->3166K(4864K) NonClass: 2861K(4352K)->2861K(4352K) Class: 305K(512K)->305K(512K)
[2026-06-17T09:51:39.794+0800][59.672s][info][gc             ] GC(1380) Pause Young (Allocation Failure) 53M->40M(61M) 1.566ms
[2026-06-17T09:51:39.794+0800][59.672s][info][gc,cpu         ] GC(1380) User=0.00s Sys=0.00s Real=0.00s
[2026-06-17T09:51:39.837+0800][59.715s][info][gc,start       ] GC(1381) Pause Young (Allocation Failure)
[2026-06-17T09:51:39.837+0800][59.715s][info][gc,start       ] GC(1382) Pause Full (Allocation Failure)
[2026-06-17T09:51:39.838+0800][59.716s][info][gc,phases,start] GC(1382) Phase 1: Mark live objects
[2026-06-17T09:51:39.839+0800][59.717s][info][gc,phases      ] GC(1382) Phase 1: Mark live objects 0.824ms
[2026-06-17T09:51:39.839+0800][59.717s][info][gc,phases,start] GC(1382) Phase 2: Compute new object addresses
[2026-06-17T09:51:39.840+0800][59.718s][info][gc,phases      ] GC(1382) Phase 2: Compute new object addresses 0.455ms
[2026-06-17T09:51:39.840+0800][59.718s][info][gc,phases,start] GC(1382) Phase 3: Adjust pointers
[2026-06-17T09:51:39.841+0800][59.719s][info][gc,phases      ] GC(1382) Phase 3: Adjust pointers 0.454ms
[2026-06-17T09:51:39.841+0800][59.719s][info][gc,phases,start] GC(1382) Phase 4: Move objects
[2026-06-17T09:51:39.843+0800][59.721s][info][gc,phases      ] GC(1382) Phase 4: Move objects 1.930ms
[2026-06-17T09:51:39.843+0800][59.721s][info][gc             ] GC(1382) Pause Full (Allocation Failure) 57M->22M(61M) 6.190ms
[2026-06-17T09:51:39.844+0800][59.722s][info][gc,heap        ] GC(1381) DefNew: 19619K->0K(19648K)
[2026-06-17T09:51:39.844+0800][59.722s][info][gc,heap        ] GC(1381) Tenured: 38934K->22573K(43712K)
[2026-06-17T09:51:39.844+0800][59.722s][info][gc,metaspace   ] GC(1381) Metaspace: 3166K(4864K)->3166K(4864K) NonClass: 2861K(4352K)->2861K(4352K) Class: 305K(512K)->305K(512K)
[2026-06-17T09:51:39.844+0800][59.722s][info][gc             ] GC(1381) Pause Young (Allocation Failure) 57M->22M(61M) 7.594ms
[2026-06-17T09:51:39.844+0800][59.722s][info][gc,cpu         ] GC(1381) User=0.00s Sys=0.00s Real=0.01s
[2026-06-17T09:51:39.886+0800][59.765s][info][gc,start       ] GC(1383) Pause Young (Allocation Failure)
[2026-06-17T09:51:39.888+0800][59.766s][info][gc,heap        ] GC(1383) DefNew: 17472K->2175K(19648K)
[2026-06-17T09:51:39.888+0800][59.766s][info][gc,heap        ] GC(1383) Tenured: 22573K->27704K(43712K)
[2026-06-17T09:51:39.889+0800][59.767s][info][gc,metaspace   ] GC(1383) Metaspace: 3166K(4864K)->3166K(4864K) NonClass: 2861K(4352K)->2861K(4352K) Class: 305K(512K)->305K(512K)
[2026-06-17T09:51:39.889+0800][59.767s][info][gc             ] GC(1383) Pause Young (Allocation Failure) 39M->29M(61M) 2.517ms
[2026-06-17T09:51:39.889+0800][59.767s][info][gc,cpu         ] GC(1383) User=0.00s Sys=0.00s Real=0.00s
[2026-06-17T09:51:39.942+0800][59.820s][info][gc,start       ] GC(1384) Pause Young (Allocation Failure)
[2026-06-17T09:51:39.942+0800][59.821s][info][gc,heap        ] GC(1384) DefNew: 19645K->2174K(19648K)
[2026-06-17T09:51:39.943+0800][59.821s][info][gc,heap        ] GC(1384) Tenured: 27704K->29202K(43712K)
[2026-06-17T09:51:39.943+0800][59.821s][info][gc,metaspace   ] GC(1384) Metaspace: 3166K(4864K)->3166K(4864K) NonClass: 2861K(4352K)->2861K(4352K) Class: 305K(512K)->305K(512K)
[2026-06-17T09:51:39.943+0800][59.821s][info][gc             ] GC(1384) Pause Young (Allocation Failure) 46M->30M(61M) 1.266ms
[2026-06-17T09:51:39.943+0800][59.821s][info][gc,cpu         ] GC(1384) User=0.00s Sys=0.00s Real=0.01s
[2026-06-17T09:51:39.985+0800][59.863s][info][gc,start       ] GC(1385) Pause Young (Allocation Failure)
[2026-06-17T09:51:39.986+0800][59.864s][info][gc,heap        ] GC(1385) DefNew: 19630K->2164K(19648K)
[2026-06-17T09:51:39.986+0800][59.864s][info][gc,heap        ] GC(1385) Tenured: 29202K->32817K(43712K)
[2026-06-17T09:51:39.986+0800][59.864s][info][gc,metaspace   ] GC(1385) Metaspace: 3166K(4864K)->3166K(4864K) NonClass: 2861K(4352K)->2861K(4352K) Class: 305K(512K)->305K(512K)
[2026-06-17T09:51:39.986+0800][59.864s][info][gc             ] GC(1385) Pause Young (Allocation Failure) 47M->34M(61M) 1.450ms
[2026-06-17T09:51:39.986+0800][59.864s][info][gc,cpu         ] GC(1385) User=0.00s Sys=0.00s Real=0.00s
[2026-06-17T09:51:40.028+0800][59.907s][info][gc,start       ] GC(1386) Pause Young (Allocation Failure)
[2026-06-17T09:51:40.029+0800][59.907s][info][gc,heap        ] GC(1386) DefNew: 19610K->2175K(19648K)
[2026-06-17T09:51:40.031+0800][59.909s][info][gc,heap        ] GC(1386) Tenured: 32817K->36144K(43712K)
[2026-06-17T09:51:40.031+0800][59.909s][info][gc,metaspace   ] GC(1386) Metaspace: 3166K(4864K)->3166K(4864K) NonClass: 2861K(4352K)->2861K(4352K) Class: 305K(512K)->305K(512K)
[2026-06-17T09:51:40.032+0800][59.910s][info][gc             ] GC(1386) Pause Young (Allocation Failure) 51M->37M(61M) 3.233ms
[2026-06-17T09:51:40.033+0800][59.911s][info][gc,cpu         ] GC(1386) User=0.00s Sys=0.00s Real=0.01s
[2026-06-17T09:51:40.075+0800][59.953s][info][gc,start       ] GC(1387) Pause Young (Allocation Failure)
[2026-06-17T09:51:40.076+0800][59.954s][info][gc,heap        ] GC(1387) DefNew: 19637K->2172K(19648K)
[2026-06-17T09:51:40.076+0800][59.954s][info][gc,heap        ] GC(1387) Tenured: 36144K->39886K(43712K)
[2026-06-17T09:51:40.076+0800][59.954s][info][gc,metaspace   ] GC(1387) Metaspace: 3166K(4864K)->3166K(4864K) NonClass: 2861K(4352K)->2861K(4352K) Class: 305K(512K)->305K(512K)
[2026-06-17T09:51:40.076+0800][59.954s][info][gc             ] GC(1387) Pause Young (Allocation Failure) 54M->41M(61M) 1.294ms
[2026-06-17T09:51:40.076+0800][59.954s][info][gc,cpu         ] GC(1387) User=0.00s Sys=0.00s Real=0.00s
[2026-06-17T09:51:40.118+0800][59.996s][info][gc,start       ] GC(1388) Pause Young (Allocation Failure)
[2026-06-17T09:51:40.119+0800][59.997s][info][gc,start       ] GC(1389) Pause Full (Allocation Failure)
[2026-06-17T09:51:40.119+0800][59.997s][info][gc,phases,start] GC(1389) Phase 1: Mark live objects
[2026-06-17T09:51:40.120+0800][59.998s][info][gc,phases      ] GC(1389) Phase 1: Mark live objects 0.866ms
[2026-06-17T09:51:40.120+0800][59.998s][info][gc,phases,start] GC(1389) Phase 2: Compute new object addresses
[2026-06-17T09:51:40.121+0800][59.999s][info][gc,phases      ] GC(1389) Phase 2: Compute new object addresses 0.392ms
[2026-06-17T09:51:40.121+0800][59.999s][info][gc,phases,start] GC(1389) Phase 3: Adjust pointers
[2026-06-17T09:51:40.121+0800][59.999s][info][gc,phases      ] GC(1389) Phase 3: Adjust pointers 0.372ms
[2026-06-17T09:51:40.121+0800][59.999s][info][gc,phases,start] GC(1389) Phase 4: Move objects
[2026-06-17T09:51:40.124+0800][60.002s][info][gc,phases      ] GC(1389) Phase 4: Move objects 2.250ms
[2026-06-17T09:51:40.124+0800][60.002s][info][gc             ] GC(1389) Pause Full (Allocation Failure) 58M->29M(61M) 5.110ms
[2026-06-17T09:51:40.124+0800][60.002s][info][gc,heap        ] GC(1388) DefNew: 19617K->0K(19648K)
[2026-06-17T09:51:40.124+0800][60.002s][info][gc,heap        ] GC(1388) Tenured: 39886K->29786K(43712K)
[2026-06-17T09:51:40.124+0800][60.002s][info][gc,metaspace   ] GC(1388) Metaspace: 3166K(4864K)->3166K(4864K) NonClass: 2861K(4352K)->2861K(4352K) Class: 305K(512K)->305K(512K)
[2026-06-17T09:51:40.124+0800][60.002s][info][gc             ] GC(1388) Pause Young (Allocation Failure) 58M->29M(61M) 6.116ms
[2026-06-17T09:51:40.124+0800][60.002s][info][gc,cpu         ] GC(1388) User=0.01s Sys=0.00s Real=0.01s
[2026-06-17T09:51:41.170+0800][61.048s][info][gc,heap,exit   ] Heap
[2026-06-17T09:51:41.171+0800][61.049s][info][gc,heap,exit   ]  def new generation   total 19648K, used 14677K [0x00000000fc000000, 0x00000000fd550000, 0x00000000fd550000)
[2026-06-17T09:51:41.171+0800][61.049s][info][gc,heap,exit   ]   eden space 17472K,  84% used [0x00000000fc000000, 0x00000000fce55780, 0x00000000fd110000)
[2026-06-17T09:51:41.172+0800][61.050s][info][gc,heap,exit   ]   from space 2176K,   0% used [0x00000000fd330000, 0x00000000fd330000, 0x00000000fd550000)
[2026-06-17T09:51:41.173+0800][61.051s][info][gc,heap,exit   ]   to   space 2176K,   0% used [0x00000000fd110000, 0x00000000fd110000, 0x00000000fd330000)
[2026-06-17T09:51:41.174+0800][61.052s][info][gc,heap,exit   ]  tenured generation   total 43712K, used 29786K [0x00000000fd550000, 0x0000000100000000, 0x0000000100000000)
[2026-06-17T09:51:41.175+0800][61.053s][info][gc,heap,exit   ]    the space 43712K,  68% used [0x00000000fd550000, 0x00000000ff266870, 0x00000000ff266a00, 0x0000000100000000)
[2026-06-17T09:51:41.176+0800][61.054s][info][gc,heap,exit   ]  Metaspace       used 3175K, capacity 4498K, committed 4864K, reserved 1056768K
[2026-06-17T09:51:41.176+0800][61.054s][info][gc,heap,exit   ]   class space    used 306K, capacity 386K, committed 512K, reserved 1048576K
