[2026-06-17T09:58:54.861+0800][0.004s][info][gc,init] Initializing The Z Garbage Collector
[2026-06-17T09:58:54.861+0800][0.004s][info][gc,init] Version: 17.0.19+10 (release)
[2026-06-17T09:58:54.862+0800][0.004s][info][gc,init] NUMA Support: Disabled
[2026-06-17T09:58:54.862+0800][0.004s][info][gc,init] CPUs: 24 total, 24 available
[2026-06-17T09:58:54.862+0800][0.004s][info][gc,init] Memory: 15856M
[2026-06-17T09:58:54.862+0800][0.004s][info][gc,init] Large Page Support: Disabled
[2026-06-17T09:58:54.862+0800][0.005s][info][gc,init] GC Workers: 1 (dynamic)
[2026-06-17T09:58:54.862+0800][0.005s][info][gc,init] Address Space Type: Contiguous/Unrestricted/Complete
[2026-06-17T09:58:54.863+0800][0.005s][info][gc,init] Address Space Size: 1024M x 3 = 3072M
[2026-06-17T09:58:54.863+0800][0.005s][info][gc,init] Heap Backing File: /memfd:java_heap
[2026-06-17T09:58:54.863+0800][0.005s][info][gc,init] Heap Backing Filesystem: tmpfs (0x1021994)
[2026-06-17T09:58:54.863+0800][0.006s][info][gc,init] Min Capacity: 64M
[2026-06-17T09:58:54.863+0800][0.006s][info][gc,init] Initial Capacity: 64M
[2026-06-17T09:58:54.863+0800][0.006s][info][gc,init] Max Capacity: 64M
[2026-06-17T09:58:54.863+0800][0.006s][info][gc,init] Medium Page Size: N/A
[2026-06-17T09:58:54.864+0800][0.006s][info][gc,init] Pre-touch: Disabled
[2026-06-17T09:58:54.864+0800][0.006s][info][gc,init] Available space on backing filesystem: N/A
[2026-06-17T09:58:54.864+0800][0.006s][info][gc,init] Uncommit: Implicitly Disabled (-Xms equals -Xmx)
[2026-06-17T09:58:54.875+0800][0.017s][info][gc,init] Runtime Workers: 1
[2026-06-17T09:58:54.923+0800][0.066s][info][gc     ] Using The Z Garbage Collector
[2026-06-17T09:58:54.930+0800][0.072s][info][gc,metaspace] CDS archive(s) mapped at: [0x00007aa8e7000000-0x00007aa8e7a3e000-0x00007aa8e7a3e000), size 10739712, SharedBaseAddress: 0x00007aa8e7000000, ArchiveRelocationMode: 1.
[2026-06-17T09:58:54.939+0800][0.082s][info][gc,metaspace] Compressed class space mapped at: 0x00007aa8e8000000-0x00007aa928000000, reserved size: 1073741824
[2026-06-17T09:58:54.940+0800][0.082s][info][gc,metaspace] Narrow klass base: 0x00007aa8e7000000, Narrow klass shift: 0, Narrow klass range: 0x100000000
[2026-06-17T09:58:55.060+0800][0.203s][info][gc,start    ] GC(0) Garbage Collection (Warmup)
[2026-06-17T09:58:55.063+0800][0.205s][info][gc,task     ] GC(0) Using 1 workers
[2026-06-17T09:58:55.064+0800][0.206s][info][gc,phases   ] GC(0) Pause Mark Start 0.014ms
[2026-06-17T09:58:55.069+0800][0.211s][info][gc,phases   ] GC(0) Concurrent Mark 2.778ms
[2026-06-17T09:58:55.070+0800][0.213s][info][gc,phases   ] GC(0) Pause Mark End 0.012ms
[2026-06-17T09:58:55.072+0800][0.214s][info][gc,phases   ] GC(0) Concurrent Mark Free 0.002ms
[2026-06-17T09:58:55.076+0800][0.218s][info][gc,phases   ] GC(0) Concurrent Process Non-Strong References 1.017ms
[2026-06-17T09:58:55.076+0800][0.219s][info][gc,phases   ] GC(0) Concurrent Reset Relocation Set 0.001ms
[2026-06-17T09:58:55.084+0800][0.226s][info][gc,phases   ] GC(0) Concurrent Select Relocation Set 6.362ms
[2026-06-17T09:58:55.085+0800][0.228s][info][gc,phases   ] GC(0) Pause Relocate Start 0.007ms
[2026-06-17T09:58:55.087+0800][0.229s][info][gc,phases   ] GC(0) Concurrent Relocate 0.669ms
[2026-06-17T09:58:55.088+0800][0.231s][info][gc,load     ] GC(0) Load: 0.31/0.47/0.53
[2026-06-17T09:58:55.090+0800][0.232s][info][gc,mmu      ] GC(0) MMU: 2ms/99.3%, 5ms/99.7%, 10ms/99.7%, 20ms/99.9%, 50ms/99.9%, 100ms/100.0%
[2026-06-17T09:58:55.092+0800][0.235s][info][gc,marking  ] GC(0) Mark: 1 stripe(s), 1 proactive flush(es), 1 terminate flush(es), 0 completion(s), 0 continuation(s) 
[2026-06-17T09:58:55.094+0800][0.236s][info][gc,marking  ] GC(0) Mark Stack Usage: 32M
[2026-06-17T09:58:55.094+0800][0.237s][info][gc,nmethod  ] GC(0) NMethods: 56 registered, 0 unregistered
[2026-06-17T09:58:55.095+0800][0.237s][info][gc,metaspace] GC(0) Metaspace: 0M used, 0M committed, 1088M reserved
[2026-06-17T09:58:55.099+0800][0.242s][info][gc,ref      ] GC(0) Soft: 2 encountered, 0 discovered, 0 enqueued
[2026-06-17T09:58:55.100+0800][0.243s][info][gc,ref      ] GC(0) Weak: 5 encountered, 0 discovered, 0 enqueued
[2026-06-17T09:58:55.102+0800][0.244s][info][gc,ref      ] GC(0) Final: 0 encountered, 0 discovered, 0 enqueued
[2026-06-17T09:58:55.103+0800][0.246s][info][gc,ref      ] GC(0) Phantom: 1 encountered, 0 discovered, 0 enqueued
[2026-06-17T09:58:55.106+0800][0.248s][info][gc,reloc    ] GC(0) Small Pages: 3 / 6M, Empty: 2M, Relocated: 1M, In-Place: 0
[2026-06-17T09:58:55.109+0800][0.252s][info][gc,reloc    ] GC(0) Large Pages: 3 / 6M, Empty: 0M, Relocated: 0M, In-Place: 0
[2026-06-17T09:58:55.111+0800][0.253s][info][gc,reloc    ] GC(0) Forwarding Usage: 0M
[2026-06-17T09:58:55.111+0800][0.254s][info][gc,heap     ] GC(0) Min Capacity: 64M(100%)
[2026-06-17T09:58:55.114+0800][0.256s][info][gc,heap     ] GC(0) Max Capacity: 64M(100%)
[2026-06-17T09:58:55.117+0800][0.260s][info][gc,heap     ] GC(0) Soft Max Capacity: 64M(100%)
[2026-06-17T09:58:55.122+0800][0.264s][info][gc,heap     ] GC(0)                Mark Start          Mark End        Relocate Start      Relocate End           High               Low         
[2026-06-17T09:58:55.123+0800][0.266s][info][gc,heap     ] GC(0)  Capacity:       64M (100%)         64M (100%)         64M (100%)         64M (100%)         64M (100%)         64M (100%)   
[2026-06-17T09:58:55.126+0800][0.268s][info][gc,heap     ] GC(0)      Free:       52M (81%)          52M (81%)          52M (81%)          54M (84%)          54M (84%)          50M (78%)    
[2026-06-17T09:58:55.128+0800][0.270s][info][gc,heap     ] GC(0)      Used:       12M (19%)          12M (19%)          12M (19%)          10M (16%)          14M (22%)          10M (16%)    
[2026-06-17T09:58:55.129+0800][0.271s][info][gc,heap     ] GC(0)      Live:         -                 7M (12%)           7M (12%)           7M (12%)            -                  -          
[2026-06-17T09:58:55.131+0800][0.274s][info][gc,heap     ] GC(0) Allocated:         -                 0M (0%)            2M (3%)            1M (3%)             -                  -          
[2026-06-17T09:58:55.133+0800][0.276s][info][gc,heap     ] GC(0)   Garbage:         -                 4M (7%)            2M (4%)            0M (1%)             -                  -          
[2026-06-17T09:58:55.134+0800][0.277s][info][gc,heap     ] GC(0) Reclaimed:         -                  -                 2M (3%)            3M (6%)             -                  -          
[2026-06-17T09:58:55.137+0800][0.280s][info][gc          ] GC(0) Garbage Collection (Warmup) 12M(19%)->10M(16%)
[2026-06-17T09:58:55.161+0800][0.303s][info][gc,start    ] GC(1) Garbage Collection (Warmup)
[2026-06-17T09:58:55.162+0800][0.305s][info][gc,task     ] GC(1) Using 1 workers
[2026-06-17T09:58:55.164+0800][0.307s][info][gc,phases   ] GC(1) Pause Mark Start 0.012ms
[2026-06-17T09:58:55.169+0800][0.312s][info][gc,phases   ] GC(1) Concurrent Mark 3.150ms
[2026-06-17T09:58:55.170+0800][0.312s][info][gc,phases   ] GC(1) Pause Mark End 0.010ms
[2026-06-17T09:58:55.171+0800][0.314s][info][gc,phases   ] GC(1) Concurrent Mark Free 0.002ms
[2026-06-17T09:58:55.173+0800][0.315s][info][gc,phases   ] GC(1) Concurrent Process Non-Strong References 0.834ms
[2026-06-17T09:58:55.174+0800][0.317s][info][gc,phases   ] GC(1) Concurrent Reset Relocation Set 0.002ms
[2026-06-17T09:58:55.176+0800][0.319s][info][gc,phases   ] GC(1) Concurrent Select Relocation Set 1.754ms
[2026-06-17T09:58:55.177+0800][0.320s][info][gc,phases   ] GC(1) Pause Relocate Start 0.006ms
[2026-06-17T09:58:55.178+0800][0.320s][info][gc,phases   ] GC(1) Concurrent Relocate 0.232ms
[2026-06-17T09:58:55.178+0800][0.321s][info][gc,load     ] GC(1) Load: 0.31/0.47/0.53
[2026-06-17T09:58:55.179+0800][0.321s][info][gc,mmu      ] GC(1) MMU: 2ms/99.3%, 5ms/99.7%, 10ms/99.7%, 20ms/99.9%, 50ms/99.9%, 100ms/100.0%
[2026-06-17T09:58:55.179+0800][0.322s][info][gc,marking  ] GC(1) Mark: 1 stripe(s), 2 proactive flush(es), 1 terminate flush(es), 0 completion(s), 0 continuation(s) 
[2026-06-17T09:58:55.180+0800][0.322s][info][gc,marking  ] GC(1) Mark Stack Usage: 32M
[2026-06-17T09:58:55.180+0800][0.322s][info][gc,nmethod  ] GC(1) NMethods: 62 registered, 0 unregistered
[2026-06-17T09:58:55.180+0800][0.323s][info][gc,metaspace] GC(1) Metaspace: 0M used, 0M committed, 1088M reserved
[2026-06-17T09:58:55.181+0800][0.323s][info][gc,ref      ] GC(1) Soft: 2 encountered, 0 discovered, 0 enqueued
[2026-06-17T09:58:55.181+0800][0.323s][info][gc,ref      ] GC(1) Weak: 5 encountered, 0 discovered, 0 enqueued
[2026-06-17T09:58:55.181+0800][0.324s][info][gc,ref      ] GC(1) Final: 0 encountered, 0 discovered, 0 enqueued
[2026-06-17T09:58:55.181+0800][0.324s][info][gc,ref      ] GC(1) Phantom: 1 encountered, 0 discovered, 0 enqueued
[2026-06-17T09:58:55.182+0800][0.324s][info][gc,reloc    ] GC(1) Small Pages: 11 / 22M, Empty: 8M, Relocated: 1M, In-Place: 0
[2026-06-17T09:58:55.182+0800][0.324s][info][gc,reloc    ] GC(1) Large Pages: 8 / 16M, Empty: 0M, Relocated: 0M, In-Place: 0
[2026-06-17T09:58:55.182+0800][0.325s][info][gc,reloc    ] GC(1) Forwarding Usage: 0M
[2026-06-17T09:58:55.182+0800][0.325s][info][gc,heap     ] GC(1) Min Capacity: 64M(100%)
[2026-06-17T09:58:55.182+0800][0.325s][info][gc,heap     ] GC(1) Max Capacity: 64M(100%)
[2026-06-17T09:58:55.183+0800][0.325s][info][gc,heap     ] GC(1) Soft Max Capacity: 64M(100%)
[2026-06-17T09:58:55.183+0800][0.325s][info][gc,heap     ] GC(1)                Mark Start          Mark End        Relocate Start      Relocate End           High               Low         
[2026-06-17T09:58:55.183+0800][0.326s][info][gc,heap     ] GC(1)  Capacity:       64M (100%)         64M (100%)         64M (100%)         64M (100%)         64M (100%)         64M (100%)   
[2026-06-17T09:58:55.183+0800][0.326s][info][gc,heap     ] GC(1)      Free:       26M (41%)          24M (38%)          32M (50%)          38M (59%)          38M (59%)          24M (38%)    
[2026-06-17T09:58:55.183+0800][0.326s][info][gc,heap     ] GC(1)      Used:       38M (59%)          40M (62%)          32M (50%)          26M (41%)          40M (62%)          26M (41%)    
[2026-06-17T09:58:55.183+0800][0.326s][info][gc,heap     ] GC(1)      Live:         -                21M (34%)          21M (34%)          21M (34%)            -                  -          
[2026-06-17T09:58:55.183+0800][0.326s][info][gc,heap     ] GC(1) Allocated:         -                 2M (3%)            2M (3%)            2M (3%)             -                  -          
[2026-06-17T09:58:55.184+0800][0.326s][info][gc,heap     ] GC(1)   Garbage:         -                16M (26%)           8M (13%)           2M (4%)             -                  -          
[2026-06-17T09:58:55.184+0800][0.326s][info][gc,heap     ] GC(1) Reclaimed:         -                  -                 8M (12%)          14M (22%)            -                  -          
[2026-06-17T09:58:55.184+0800][0.326s][info][gc          ] GC(1) Garbage Collection (Warmup) 38M(59%)->26M(41%)
[2026-06-17T09:58:55.255+0800][0.397s][info][gc,start    ] GC(2) Garbage Collection (Allocation Stall)
[2026-06-17T09:58:55.255+0800][0.398s][info][gc,ref      ] GC(2) Clearing All SoftReferences
[2026-06-17T09:58:55.256+0800][0.398s][info][gc,task     ] GC(2) Using 1 workers
[2026-06-17T09:58:55.257+0800][0.399s][info][gc,phases   ] GC(2) Pause Mark Start 0.010ms
[2026-06-17T09:58:55.259+0800][0.401s][info][gc,phases   ] GC(2) Concurrent Mark 1.707ms
[2026-06-17T09:58:55.259+0800][0.402s][info][gc,phases   ] GC(2) Pause Mark End 0.007ms
[2026-06-17T09:58:55.260+0800][0.402s][info][gc,phases   ] GC(2) Concurrent Mark Free 0.001ms
[2026-06-17T09:58:55.261+0800][0.403s][info][gc,phases   ] GC(2) Concurrent Process Non-Strong References 0.497ms
[2026-06-17T09:58:55.261+0800][0.404s][info][gc,phases   ] GC(2) Concurrent Reset Relocation Set 0.002ms
[2026-06-17T09:58:55.262+0800][0.405s][info][gc          ] Allocation Stall (main) 7.849ms
[2026-06-17T09:58:55.262+0800][0.405s][info][gc,phases   ] GC(2) Concurrent Select Relocation Set 1.130ms
[2026-06-17T09:58:55.263+0800][0.406s][info][gc,phases   ] GC(2) Pause Relocate Start 0.004ms
[2026-06-17T09:58:55.264+0800][0.406s][info][gc,phases   ] GC(2) Concurrent Relocate 0.474ms
[2026-06-17T09:58:55.264+0800][0.407s][info][gc,load     ] GC(2) Load: 0.31/0.47/0.53
[2026-06-17T09:58:55.264+0800][0.407s][info][gc,mmu      ] GC(2) MMU: 2ms/99.3%, 5ms/99.6%, 10ms/99.7%, 20ms/99.9%, 50ms/99.9%, 100ms/99.9%
[2026-06-17T09:58:55.265+0800][0.407s][info][gc,marking  ] GC(2) Mark: 1 stripe(s), 1 proactive flush(es), 1 terminate flush(es), 0 completion(s), 0 continuation(s) 
[2026-06-17T09:58:55.265+0800][0.407s][info][gc,marking  ] GC(2) Mark Stack Usage: 32M
[2026-06-17T09:58:55.265+0800][0.407s][info][gc,nmethod  ] GC(2) NMethods: 62 registered, 0 unregistered
[2026-06-17T09:58:55.265+0800][0.408s][info][gc,metaspace] GC(2) Metaspace: 0M used, 0M committed, 1088M reserved
[2026-06-17T09:58:55.265+0800][0.408s][info][gc,ref      ] GC(2) Soft: 2 encountered, 2 discovered, 2 enqueued
[2026-06-17T09:58:55.265+0800][0.408s][info][gc,ref      ] GC(2) Weak: 5 encountered, 0 discovered, 0 enqueued
[2026-06-17T09:58:55.266+0800][0.408s][info][gc,ref      ] GC(2) Final: 0 encountered, 0 discovered, 0 enqueued
[2026-06-17T09:58:55.266+0800][0.408s][info][gc,ref      ] GC(2) Phantom: 1 encountered, 0 discovered, 0 enqueued
[2026-06-17T09:58:55.266+0800][0.408s][info][gc,reloc    ] GC(2) Small Pages: 18 / 36M, Empty: 22M, Relocated: 2M, In-Place: 0
[2026-06-17T09:58:55.266+0800][0.409s][info][gc,reloc    ] GC(2) Large Pages: 14 / 28M, Empty: 0M, Relocated: 0M, In-Place: 0
[2026-06-17T09:58:55.266+0800][0.409s][info][gc,reloc    ] GC(2) Forwarding Usage: 0M
[2026-06-17T09:58:55.266+0800][0.409s][info][gc,heap     ] GC(2) Min Capacity: 64M(100%)
[2026-06-17T09:58:55.267+0800][0.409s][info][gc,heap     ] GC(2) Max Capacity: 64M(100%)
[2026-06-17T09:58:55.267+0800][0.409s][info][gc,heap     ] GC(2) Soft Max Capacity: 64M(100%)
[2026-06-17T09:58:55.267+0800][0.409s][info][gc,heap     ] GC(2)                Mark Start          Mark End        Relocate Start      Relocate End           High               Low         
[2026-06-17T09:58:55.267+0800][0.409s][info][gc,heap     ] GC(2)  Capacity:       64M (100%)         64M (100%)         64M (100%)         64M (100%)         64M (100%)         64M (100%)   
[2026-06-17T09:58:55.267+0800][0.409s][info][gc,heap     ] GC(2)      Free:        0M (0%)            0M (0%)           20M (31%)          22M (34%)          24M (38%)           0M (0%)     
[2026-06-17T09:58:55.267+0800][0.410s][info][gc,heap     ] GC(2)      Used:       64M (100%)         64M (100%)         44M (69%)          42M (66%)          64M (100%)         40M (62%)    
[2026-06-17T09:58:55.267+0800][0.410s][info][gc,heap     ] GC(2)      Live:         -                32M (50%)          32M (50%)          32M (50%)            -                  -          
[2026-06-17T09:58:55.267+0800][0.410s][info][gc,heap     ] GC(2) Allocated:         -                 0M (0%)            2M (3%)            7M (12%)            -                  -          
[2026-06-17T09:58:55.267+0800][0.410s][info][gc,heap     ] GC(2)   Garbage:         -                31M (50%)           9M (15%)           1M (3%)             -                  -          
[2026-06-17T09:58:55.267+0800][0.410s][info][gc,heap     ] GC(2) Reclaimed:         -                  -                22M (34%)          29M (47%)            -                  -          
[2026-06-17T09:58:55.267+0800][0.410s][info][gc          ] GC(2) Garbage Collection (Allocation Stall) 64M(100%)->42M(66%)
[2026-06-17T09:58:55.323+0800][0.466s][info][gc,start    ] GC(3) Garbage Collection (Allocation Stall)
[2026-06-17T09:58:55.324+0800][0.467s][info][gc,ref      ] GC(3) Clearing All SoftReferences
[2026-06-17T09:58:55.325+0800][0.467s][info][gc,task     ] GC(3) Using 1 workers
[2026-06-17T09:58:55.328+0800][0.470s][info][gc,phases   ] GC(3) Pause Mark Start 0.037ms
[2026-06-17T09:58:55.331+0800][0.473s][info][gc,phases   ] GC(3) Concurrent Mark 2.309ms
[2026-06-17T09:58:55.331+0800][0.474s][info][gc,phases   ] GC(3) Pause Mark End 0.010ms
[2026-06-17T09:58:55.332+0800][0.474s][info][gc,phases   ] GC(3) Concurrent Mark Free 0.002ms
[2026-06-17T09:58:55.333+0800][0.475s][info][gc,phases   ] GC(3) Concurrent Process Non-Strong References 0.536ms
[2026-06-17T09:58:55.333+0800][0.476s][info][gc,phases   ] GC(3) Concurrent Reset Relocation Set 0.002ms
[2026-06-17T09:58:55.335+0800][0.477s][info][gc,phases   ] GC(3) Concurrent Select Relocation Set 1.106ms
[2026-06-17T09:58:55.335+0800][0.477s][info][gc          ] Allocation Stall (main) 11.423ms
[2026-06-17T09:58:55.335+0800][0.478s][info][gc,phases   ] GC(3) Pause Relocate Start 0.004ms
[2026-06-17T09:58:55.336+0800][0.479s][info][gc,phases   ] GC(3) Concurrent Relocate 0.493ms
[2026-06-17T09:58:55.337+0800][0.479s][info][gc,load     ] GC(3) Load: 0.31/0.47/0.53
[2026-06-17T09:58:55.337+0800][0.479s][info][gc,mmu      ] GC(3) MMU: 2ms/98.1%, 5ms/99.0%, 10ms/99.5%, 20ms/99.7%, 50ms/99.9%, 100ms/99.9%
[2026-06-17T09:58:55.337+0800][0.480s][info][gc,marking  ] GC(3) Mark: 1 stripe(s), 1 proactive flush(es), 1 terminate flush(es), 0 completion(s), 0 continuation(s) 
[2026-06-17T09:58:55.337+0800][0.480s][info][gc,marking  ] GC(3) Mark Stack Usage: 32M
[2026-06-17T09:58:55.337+0800][0.480s][info][gc,nmethod  ] GC(3) NMethods: 63 registered, 0 unregistered
[2026-06-17T09:58:55.338+0800][0.480s][info][gc,metaspace] GC(3) Metaspace: 0M used, 0M committed, 1088M reserved
[2026-06-17T09:58:55.338+0800][0.480s][info][gc,ref      ] GC(3) Soft: 0 encountered, 0 discovered, 0 enqueued
[2026-06-17T09:58:55.338+0800][0.481s][info][gc,ref      ] GC(3) Weak: 5 encountered, 0 discovered, 0 enqueued
[2026-06-17T09:58:55.338+0800][0.481s][info][gc,ref      ] GC(3) Final: 0 encountered, 0 discovered, 0 enqueued
[2026-06-17T09:58:55.339+0800][0.481s][info][gc,ref      ] GC(3) Phantom: 1 encountered, 0 discovered, 0 enqueued
[2026-06-17T09:58:55.339+0800][0.481s][info][gc,reloc    ] GC(3) Small Pages: 12 / 24M, Empty: 10M, Relocated: 2M, In-Place: 0
[2026-06-17T09:58:55.339+0800][0.482s][info][gc,reloc    ] GC(3) Large Pages: 20 / 40M, Empty: 0M, Relocated: 0M, In-Place: 0
[2026-06-17T09:58:55.339+0800][0.482s][info][gc,reloc    ] GC(3) Forwarding Usage: 0M
[2026-06-17T09:58:55.339+0800][0.482s][info][gc,heap     ] GC(3) Min Capacity: 64M(100%)
[2026-06-17T09:58:55.339+0800][0.482s][info][gc,heap     ] GC(3) Max Capacity: 64M(100%)
[2026-06-17T09:58:55.340+0800][0.482s][info][gc,heap     ] GC(3) Soft Max Capacity: 64M(100%)
[2026-06-17T09:58:55.340+0800][0.482s][info][gc,heap     ] GC(3)                Mark Start          Mark End        Relocate Start      Relocate End           High               Low         
[2026-06-17T09:58:55.340+0800][0.482s][info][gc,heap     ] GC(3)  Capacity:       64M (100%)         64M (100%)         64M (100%)         64M (100%)         64M (100%)         64M (100%)   
[2026-06-17T09:58:55.340+0800][0.482s][info][gc,heap     ] GC(3)      Free:        0M (0%)            0M (0%)            8M (12%)          10M (16%)          10M (16%)           0M (0%)     
[2026-06-17T09:58:55.340+0800][0.482s][info][gc,heap     ] GC(3)      Used:       64M (100%)         64M (100%)         56M (88%)          54M (84%)          64M (100%)         54M (84%)    
[2026-06-17T09:58:55.340+0800][0.482s][info][gc,heap     ] GC(3)      Live:         -                48M (75%)          48M (75%)          48M (75%)            -                  -          
[2026-06-17T09:58:55.340+0800][0.483s][info][gc,heap     ] GC(3) Allocated:         -                 0M (0%)            2M (3%)            3M (6%)             -                  -          
[2026-06-17T09:58:55.340+0800][0.483s][info][gc,heap     ] GC(3)   Garbage:         -                15M (25%)           5M (9%)            1M (3%)             -                  -          
[2026-06-17T09:58:55.340+0800][0.483s][info][gc,heap     ] GC(3) Reclaimed:         -                  -                10M (16%)          13M (22%)            -                  -          
[2026-06-17T09:58:55.340+0800][0.483s][info][gc          ] GC(3) Garbage Collection (Allocation Stall) 64M(100%)->54M(84%)
[2026-06-17T09:58:55.348+0800][0.490s][info][gc,start    ] GC(4) Garbage Collection (Allocation Stall)
[2026-06-17T09:58:55.348+0800][0.491s][info][gc,ref      ] GC(4) Clearing All SoftReferences
[2026-06-17T09:58:55.348+0800][0.491s][info][gc,task     ] GC(4) Using 1 workers
[2026-06-17T09:58:55.348+0800][0.491s][info][gc,phases   ] GC(4) Pause Mark Start 0.005ms
[2026-06-17T09:58:55.349+0800][0.492s][info][gc,phases   ] GC(4) Concurrent Mark 0.823ms
[2026-06-17T09:58:55.350+0800][0.492s][info][gc,phases   ] GC(4) Pause Mark End 0.004ms
[2026-06-17T09:58:55.350+0800][0.492s][info][gc,phases   ] GC(4) Concurrent Mark Free 0.000ms
[2026-06-17T09:58:55.350+0800][0.493s][info][gc,phases   ] GC(4) Concurrent Process Non-Strong References 0.215ms
[2026-06-17T09:58:55.350+0800][0.493s][info][gc,phases   ] GC(4) Concurrent Reset Relocation Set 0.001ms
[2026-06-17T09:58:55.351+0800][0.494s][info][gc          ] Allocation Stall (main) 3.397ms
[2026-06-17T09:58:55.351+0800][0.494s][info][gc,phases   ] GC(4) Concurrent Select Relocation Set 0.800ms
[2026-06-17T09:58:55.352+0800][0.494s][info][gc,phases   ] GC(4) Pause Relocate Start 0.003ms
[2026-06-17T09:58:55.352+0800][0.495s][info][gc          ] Allocation Stall (main) 0.053ms
[2026-06-17T09:58:55.352+0800][0.495s][info][gc,phases   ] GC(4) Concurrent Relocate 0.146ms
[2026-06-17T09:58:55.353+0800][0.495s][info][gc,load     ] GC(4) Load: 0.31/0.47/0.53
[2026-06-17T09:58:55.353+0800][0.495s][info][gc,mmu      ] GC(4) MMU: 2ms/98.1%, 5ms/99.0%, 10ms/99.5%, 20ms/99.7%, 50ms/99.9%, 100ms/99.9%
[2026-06-17T09:58:55.353+0800][0.495s][info][gc,marking  ] GC(4) Mark: 1 stripe(s), 1 proactive flush(es), 1 terminate flush(es), 0 completion(s), 0 continuation(s) 
[2026-06-17T09:58:55.353+0800][0.496s][info][gc,marking  ] GC(4) Mark Stack Usage: 32M
[2026-06-17T09:58:55.353+0800][0.496s][info][gc,nmethod  ] GC(4) NMethods: 63 registered, 0 unregistered
[2026-06-17T09:58:55.353+0800][0.496s][info][gc,metaspace] GC(4) Metaspace: 0M used, 0M committed, 1088M reserved
[2026-06-17T09:58:55.353+0800][0.496s][info][gc,ref      ] GC(4) Soft: 0 encountered, 0 discovered, 0 enqueued
[2026-06-17T09:58:55.353+0800][0.496s][info][gc,ref      ] GC(4) Weak: 5 encountered, 0 discovered, 0 enqueued
[2026-06-17T09:58:55.353+0800][0.496s][info][gc,ref      ] GC(4) Final: 0 encountered, 0 discovered, 0 enqueued
[2026-06-17T09:58:55.353+0800][0.496s][info][gc,ref      ] GC(4) Phantom: 1 encountered, 0 discovered, 0 enqueued
[2026-06-17T09:58:55.354+0800][0.496s][info][gc,reloc    ] GC(4) Small Pages: 7 / 14M, Empty: 4M, Relocated: 1M, In-Place: 1
[2026-06-17T09:58:55.354+0800][0.496s][info][gc,reloc    ] GC(4) Large Pages: 25 / 50M, Empty: 0M, Relocated: 0M, In-Place: 0
[2026-06-17T09:58:55.354+0800][0.496s][info][gc,reloc    ] GC(4) Forwarding Usage: 0M
[2026-06-17T09:58:55.354+0800][0.496s][info][gc,heap     ] GC(4) Min Capacity: 64M(100%)
[2026-06-17T09:58:55.354+0800][0.496s][info][gc,heap     ] GC(4) Max Capacity: 64M(100%)
[2026-06-17T09:58:55.354+0800][0.496s][info][gc,heap     ] GC(4) Soft Max Capacity: 64M(100%)
[2026-06-17T09:58:55.354+0800][0.497s][info][gc,heap     ] GC(4)                Mark Start          Mark End        Relocate Start      Relocate End           High               Low         
[2026-06-17T09:58:55.354+0800][0.497s][info][gc,heap     ] GC(4)  Capacity:       64M (100%)         64M (100%)         64M (100%)         64M (100%)         64M (100%)         64M (100%)   
[2026-06-17T09:58:55.354+0800][0.497s][info][gc,heap     ] GC(4)      Free:        0M (0%)            0M (0%)            2M (3%)            0M (0%)            4M (6%)            0M (0%)     
[2026-06-17T09:58:55.354+0800][0.497s][info][gc,heap     ] GC(4)      Used:       64M (100%)         64M (100%)         62M (97%)          64M (100%)         64M (100%)         60M (94%)    
[2026-06-17T09:58:55.354+0800][0.497s][info][gc,heap     ] GC(4)      Live:         -                55M (87%)          55M (87%)          55M (87%)            -                  -          
[2026-06-17T09:58:55.355+0800][0.497s][info][gc,heap     ] GC(4) Allocated:         -                 0M (0%)            2M (3%)            5M (9%)             -                  -          
[2026-06-17T09:58:55.355+0800][0.497s][info][gc,heap     ] GC(4)   Garbage:         -                 8M (13%)           4M (7%)            2M (4%)             -                  -          
[2026-06-17T09:58:55.355+0800][0.497s][info][gc,heap     ] GC(4) Reclaimed:         -                  -                 4M (6%)            5M (9%)             -                  -          
[2026-06-17T09:58:55.355+0800][0.497s][info][gc          ] GC(4) Garbage Collection (Allocation Stall) 64M(100%)->64M(100%)
[2026-06-17T09:58:55.360+0800][0.502s][info][gc,start    ] GC(5) Garbage Collection (Allocation Stall)
[2026-06-17T09:58:55.360+0800][0.503s][info][gc,ref      ] GC(5) Clearing All SoftReferences
[2026-06-17T09:58:55.360+0800][0.503s][info][gc,task     ] GC(5) Using 1 workers
[2026-06-17T09:58:55.360+0800][0.503s][info][gc,phases   ] GC(5) Pause Mark Start 0.003ms
[2026-06-17T09:58:55.361+0800][0.504s][info][gc,phases   ] GC(5) Concurrent Mark 0.800ms
[2026-06-17T09:58:55.362+0800][0.504s][info][gc,phases   ] GC(5) Pause Mark End 0.004ms
[2026-06-17T09:58:55.362+0800][0.504s][info][gc,phases   ] GC(5) Concurrent Mark Free 0.001ms
[2026-06-17T09:58:55.362+0800][0.505s][info][gc,phases   ] GC(5) Concurrent Process Non-Strong References 0.231ms
[2026-06-17T09:58:55.362+0800][0.505s][info][gc,phases   ] GC(5) Concurrent Reset Relocation Set 0.001ms
[2026-06-17T09:58:55.363+0800][0.506s][info][gc,phases   ] GC(5) Concurrent Select Relocation Set 0.866ms
[2026-06-17T09:58:55.363+0800][0.506s][info][gc,phases   ] GC(5) Pause Relocate Start 0.003ms
[2026-06-17T09:58:55.364+0800][0.506s][info][gc,phases   ] GC(5) Concurrent Relocate 0.156ms
[2026-06-17T09:58:55.364+0800][0.506s][info][gc          ] Allocation Stall (main) 0.980ms
[2026-06-17T09:58:55.364+0800][0.506s][info][gc,load     ] GC(5) Load: 0.31/0.47/0.53
[2026-06-17T09:58:55.364+0800][0.506s][info][gc,mmu      ] GC(5) MMU: 2ms/98.1%, 5ms/99.0%, 10ms/99.5%, 20ms/99.7%, 50ms/99.9%, 100ms/99.9%
[2026-06-17T09:58:55.364+0800][0.507s][info][gc,marking  ] GC(5) Mark: 1 stripe(s), 1 proactive flush(es), 1 terminate flush(es), 0 completion(s), 0 continuation(s) 
[2026-06-17T09:58:55.364+0800][0.507s][info][gc,marking  ] GC(5) Mark Stack Usage: 32M
[2026-06-17T09:58:55.364+0800][0.507s][info][gc,nmethod  ] GC(5) NMethods: 63 registered, 0 unregistered
[2026-06-17T09:58:55.364+0800][0.507s][info][gc,metaspace] GC(5) Metaspace: 0M used, 0M committed, 1088M reserved
[2026-06-17T09:58:55.364+0800][0.507s][info][gc,ref      ] GC(5) Soft: 0 encountered, 0 discovered, 0 enqueued
[2026-06-17T09:58:55.364+0800][0.507s][info][gc,ref      ] GC(5) Weak: 5 encountered, 0 discovered, 0 enqueued
[2026-06-17T09:58:55.365+0800][0.507s][info][gc,ref      ] GC(5) Final: 0 encountered, 0 discovered, 0 enqueued
[2026-06-17T09:58:55.365+0800][0.507s][info][gc,ref      ] GC(5) Phantom: 1 encountered, 0 discovered, 0 enqueued
[2026-06-17T09:58:55.365+0800][0.507s][info][gc,reloc    ] GC(5) Small Pages: 5 / 10M, Empty: 0M, Relocated: 1M, In-Place: 1
[2026-06-17T09:58:55.365+0800][0.507s][info][gc,reloc    ] GC(5) Large Pages: 27 / 54M, Empty: 0M, Relocated: 0M, In-Place: 0
[2026-06-17T09:58:55.365+0800][0.507s][info][gc,reloc    ] GC(5) Forwarding Usage: 0M
[2026-06-17T09:58:55.365+0800][0.508s][info][gc,heap     ] GC(5) Min Capacity: 64M(100%)
[2026-06-17T09:58:55.365+0800][0.508s][info][gc,heap     ] GC(5) Max Capacity: 64M(100%)
[2026-06-17T09:58:55.365+0800][0.508s][info][gc,heap     ] GC(5) Soft Max Capacity: 64M(100%)
[2026-06-17T09:58:55.365+0800][0.508s][info][gc,heap     ] GC(5)                Mark Start          Mark End        Relocate Start      Relocate End           High               Low         
[2026-06-17T09:58:55.365+0800][0.508s][info][gc,heap     ] GC(5)  Capacity:       64M (100%)         64M (100%)         64M (100%)         64M (100%)         64M (100%)         64M (100%)   
[2026-06-17T09:58:55.365+0800][0.508s][info][gc,heap     ] GC(5)      Free:        0M (0%)            0M (0%)            0M (0%)            0M (0%)            2M (3%)            0M (0%)     
[2026-06-17T09:58:55.365+0800][0.508s][info][gc,heap     ] GC(5)      Used:       64M (100%)         64M (100%)         64M (100%)         64M (100%)         64M (100%)         62M (97%)    
[2026-06-17T09:58:55.366+0800][0.508s][info][gc,heap     ] GC(5)      Live:         -                59M (93%)          59M (93%)          59M (93%)            -                  -          
[2026-06-17T09:58:55.366+0800][0.508s][info][gc,heap     ] GC(5) Allocated:         -                 0M (0%)            0M (0%)            2M (3%)             -                  -          
[2026-06-17T09:58:55.366+0800][0.508s][info][gc,heap     ] GC(5)   Garbage:         -                 4M (7%)            4M (7%)            2M (3%)             -                  -          
[2026-06-17T09:58:55.366+0800][0.508s][info][gc,heap     ] GC(5) Reclaimed:         -                  -                 0M (0%)            2M (3%)             -                  -          
[2026-06-17T09:58:55.366+0800][0.508s][info][gc          ] GC(5) Garbage Collection (Allocation Stall) 64M(100%)->64M(100%)
[2026-06-17T09:58:55.366+0800][0.509s][info][gc,start    ] GC(6) Garbage Collection (Allocation Stall)
[2026-06-17T09:58:55.366+0800][0.509s][info][gc,ref      ] GC(6) Clearing All SoftReferences
[2026-06-17T09:58:55.366+0800][0.509s][info][gc,task     ] GC(6) Using 1 workers
[2026-06-17T09:58:55.366+0800][0.509s][info][gc,phases   ] GC(6) Pause Mark Start 0.003ms
[2026-06-17T09:58:55.367+0800][0.510s][info][gc,phases   ] GC(6) Concurrent Mark 0.740ms
[2026-06-17T09:58:55.367+0800][0.510s][info][gc,phases   ] GC(6) Pause Mark End 0.002ms
[2026-06-17T09:58:55.367+0800][0.510s][info][gc,phases   ] GC(6) Concurrent Mark Free 0.001ms
[2026-06-17T09:58:55.368+0800][0.510s][info][gc,phases   ] GC(6) Concurrent Process Non-Strong References 0.203ms
[2026-06-17T09:58:55.368+0800][0.510s][info][gc,phases   ] GC(6) Concurrent Reset Relocation Set 0.002ms
[2026-06-17T09:58:55.369+0800][0.511s][info][gc,phases   ] GC(6) Concurrent Select Relocation Set 0.762ms
[2026-06-17T09:58:55.369+0800][0.511s][info][gc,phases   ] GC(6) Pause Relocate Start 0.002ms
[2026-06-17T09:58:55.369+0800][0.511s][info][gc,phases   ] GC(6) Concurrent Relocate 0.034ms
[2026-06-17T09:58:55.369+0800][0.512s][info][gc,load     ] GC(6) Load: 0.31/0.47/0.53
[2026-06-17T09:58:55.369+0800][0.512s][info][gc,mmu      ] GC(6) MMU: 2ms/98.1%, 5ms/99.0%, 10ms/99.5%, 20ms/99.7%, 50ms/99.8%, 100ms/99.9%
[2026-06-17T09:58:55.369+0800][0.512s][info][gc,marking  ] GC(6) Mark: 1 stripe(s), 1 proactive flush(es), 1 terminate flush(es), 0 completion(s), 0 continuation(s) 
[2026-06-17T09:58:55.369+0800][0.512s][info][gc,marking  ] GC(6) Mark Stack Usage: 32M
[2026-06-17T09:58:55.369+0800][0.512s][info][gc,nmethod  ] GC(6) NMethods: 63 registered, 0 unregistered
[2026-06-17T09:58:55.370+0800][0.512s][info][gc,metaspace] GC(6) Metaspace: 0M used, 0M committed, 1088M reserved
[2026-06-17T09:58:55.370+0800][0.512s][info][gc,ref      ] GC(6) Soft: 0 encountered, 0 discovered, 0 enqueued
[2026-06-17T09:58:55.370+0800][0.512s][info][gc,ref      ] GC(6) Weak: 5 encountered, 0 discovered, 0 enqueued
[2026-06-17T09:58:55.370+0800][0.512s][info][gc,ref      ] GC(6) Final: 0 encountered, 0 discovered, 0 enqueued
[2026-06-17T09:58:55.370+0800][0.512s][info][gc,ref      ] GC(6) Phantom: 1 encountered, 0 discovered, 0 enqueued
[2026-06-17T09:58:55.370+0800][0.512s][info][gc,reloc    ] GC(6) Small Pages: 5 / 10M, Empty: 0M, Relocated: 0M, In-Place: 0
[2026-06-17T09:58:55.370+0800][0.513s][info][gc,reloc    ] GC(6) Large Pages: 27 / 54M, Empty: 0M, Relocated: 0M, In-Place: 0
[2026-06-17T09:58:55.370+0800][0.513s][info][gc,reloc    ] GC(6) Forwarding Usage: 0M
[2026-06-17T09:58:55.370+0800][0.513s][info][gc,heap     ] GC(6) Min Capacity: 64M(100%)
[2026-06-17T09:58:55.370+0800][0.513s][info][gc,heap     ] GC(6) Max Capacity: 64M(100%)
[2026-06-17T09:58:55.370+0800][0.513s][info][gc,heap     ] GC(6) Soft Max Capacity: 64M(100%)
[2026-06-17T09:58:55.370+0800][0.513s][info][gc,heap     ] GC(6)                Mark Start          Mark End        Relocate Start      Relocate End           High               Low         
[2026-06-17T09:58:55.371+0800][0.513s][info][gc,heap     ] GC(6)  Capacity:       64M (100%)         64M (100%)         64M (100%)         64M (100%)         64M (100%)         64M (100%)   
[2026-06-17T09:58:55.371+0800][0.513s][info][gc,heap     ] GC(6)      Free:        0M (0%)            0M (0%)            0M (0%)            0M (0%)            0M (0%)            0M (0%)     
[2026-06-17T09:58:55.371+0800][0.513s][info][gc,heap     ] GC(6)      Used:       64M (100%)         64M (100%)         64M (100%)         64M (100%)         64M (100%)         64M (100%)   
[2026-06-17T09:58:55.371+0800][0.513s][info][gc,heap     ] GC(6)      Live:         -                61M (97%)          61M (97%)          61M (97%)            -                  -          
[2026-06-17T09:58:55.371+0800][0.513s][info][gc,heap     ] GC(6) Allocated:         -                 0M (0%)            0M (0%)            0M (0%)             -                  -          
[2026-06-17T09:58:55.371+0800][0.513s][info][gc,heap     ] GC(6)   Garbage:         -                 2M (3%)            2M (3%)            2M (3%)             -                  -          
[2026-06-17T09:58:55.371+0800][0.514s][info][gc,heap     ] GC(6) Reclaimed:         -                  -                 0M (0%)            0M (0%)             -                  -          
[2026-06-17T09:58:55.371+0800][0.514s][info][gc          ] GC(6) Garbage Collection (Allocation Stall) 64M(100%)->64M(100%)
[2026-06-17T09:58:55.371+0800][0.514s][info][gc          ] Allocation Stall (main) 7.276ms
[2026-06-17T09:58:55.371+0800][0.514s][info][gc,start    ] GC(7) Garbage Collection (Allocation Stall)
[2026-06-17T09:58:55.371+0800][0.514s][info][gc,ref      ] GC(7) Clearing All SoftReferences
[2026-06-17T09:58:55.371+0800][0.514s][info][gc,task     ] GC(7) Using 1 workers
[2026-06-17T09:58:55.372+0800][0.514s][info][gc,phases   ] GC(7) Pause Mark Start 0.003ms
[2026-06-17T09:58:55.372+0800][0.515s][info][gc,phases   ] GC(7) Concurrent Mark 0.746ms
[2026-06-17T09:58:55.373+0800][0.515s][info][gc,phases   ] GC(7) Pause Mark End 0.003ms
[2026-06-17T09:58:55.373+0800][0.515s][info][gc,phases   ] GC(7) Concurrent Mark Free 0.000ms
[2026-06-17T09:58:55.373+0800][0.515s][info][gc,phases   ] GC(7) Concurrent Process Non-Strong References 0.197ms
[2026-06-17T09:58:55.373+0800][0.515s][info][gc,phases   ] GC(7) Concurrent Reset Relocation Set 0.001ms
[2026-06-17T09:58:55.374+0800][0.516s][info][gc,phases   ] GC(7) Concurrent Select Relocation Set 0.811ms
[2026-06-17T09:58:55.374+0800][0.517s][info][gc,phases   ] GC(7) Pause Relocate Start 0.002ms
[2026-06-17T09:58:55.374+0800][0.517s][info][gc,phases   ] GC(7) Concurrent Relocate 0.028ms
[2026-06-17T09:58:55.374+0800][0.517s][info][gc,load     ] GC(7) Load: 0.31/0.47/0.53
[2026-06-17T09:58:55.374+0800][0.517s][info][gc,mmu      ] GC(7) MMU: 2ms/98.1%, 5ms/99.0%, 10ms/99.5%, 20ms/99.7%, 50ms/99.8%, 100ms/99.9%
[2026-06-17T09:58:55.374+0800][0.517s][info][gc,marking  ] GC(7) Mark: 1 stripe(s), 1 proactive flush(es), 1 terminate flush(es), 0 completion(s), 0 continuation(s) 
[2026-06-17T09:58:55.374+0800][0.517s][info][gc,marking  ] GC(7) Mark Stack Usage: 32M
[2026-06-17T09:58:55.374+0800][0.517s][info][gc,nmethod  ] GC(7) NMethods: 63 registered, 0 unregistered
[2026-06-17T09:58:55.375+0800][0.517s][info][gc,metaspace] GC(7) Metaspace: 0M used, 0M committed, 1088M reserved
[2026-06-17T09:58:55.375+0800][0.517s][info][gc,ref      ] GC(7) Soft: 0 encountered, 0 discovered, 0 enqueued
[2026-06-17T09:58:55.375+0800][0.517s][info][gc,ref      ] GC(7) Weak: 5 encountered, 0 discovered, 0 enqueued
[2026-06-17T09:58:55.375+0800][0.517s][info][gc,ref      ] GC(7) Final: 0 encountered, 0 discovered, 0 enqueued
[2026-06-17T09:58:55.375+0800][0.517s][info][gc,ref      ] GC(7) Phantom: 1 encountered, 0 discovered, 0 enqueued
[2026-06-17T09:58:55.375+0800][0.518s][info][gc,reloc    ] GC(7) Small Pages: 5 / 10M, Empty: 0M, Relocated: 0M, In-Place: 0
[2026-06-17T09:58:55.375+0800][0.518s][info][gc,reloc    ] GC(7) Large Pages: 27 / 54M, Empty: 0M, Relocated: 0M, In-Place: 0
[2026-06-17T09:58:55.375+0800][0.518s][info][gc,reloc    ] GC(7) Forwarding Usage: 0M
[2026-06-17T09:58:55.375+0800][0.518s][info][gc,heap     ] GC(7) Min Capacity: 64M(100%)
[2026-06-17T09:58:55.375+0800][0.518s][info][gc,heap     ] GC(7) Max Capacity: 64M(100%)
[2026-06-17T09:58:55.375+0800][0.518s][info][gc,heap     ] GC(7) Soft Max Capacity: 64M(100%)
[2026-06-17T09:58:55.376+0800][0.518s][info][gc,heap     ] GC(7)                Mark Start          Mark End        Relocate Start      Relocate End           High               Low         
[2026-06-17T09:58:55.376+0800][0.518s][info][gc,heap     ] GC(7)  Capacity:       64M (100%)         64M (100%)         64M (100%)         64M (100%)         64M (100%)         64M (100%)   
[2026-06-17T09:58:55.376+0800][0.518s][info][gc,heap     ] GC(7)      Free:        0M (0%)            0M (0%)            0M (0%)            0M (0%)            0M (0%)            0M (0%)     
[2026-06-17T09:58:55.376+0800][0.519s][info][gc,heap     ] GC(7)      Used:       64M (100%)         64M (100%)         64M (100%)         64M (100%)         64M (100%)         64M (100%)   
[2026-06-17T09:58:55.376+0800][0.519s][info][gc,heap     ] GC(7)      Live:         -                61M (97%)          61M (97%)          61M (97%)            -                  -          
[2026-06-17T09:58:55.376+0800][0.519s][info][gc,heap     ] GC(7) Allocated:         -                 0M (0%)            0M (0%)            0M (0%)             -                  -          
[2026-06-17T09:58:55.376+0800][0.519s][info][gc,heap     ] GC(7)   Garbage:         -                 2M (3%)            2M (3%)            2M (3%)             -                  -          
[2026-06-17T09:58:55.376+0800][0.519s][info][gc,heap     ] GC(7) Reclaimed:         -                  -                 0M (0%)            0M (0%)             -                  -          
[2026-06-17T09:58:55.376+0800][0.519s][info][gc          ] GC(7) Garbage Collection (Allocation Stall) 64M(100%)->64M(100%)
[2026-06-17T09:58:55.376+0800][0.519s][info][gc          ] Allocation Stall (main) 5.190ms
[2026-06-17T09:58:55.377+0800][0.519s][info][gc          ] Out Of Memory (main)
[2026-06-17T09:58:55.377+0800][0.519s][info][gc,start    ] GC(8) Garbage Collection (Allocation Stall)
[2026-06-17T09:58:55.377+0800][0.519s][info][gc,ref      ] GC(8) Clearing All SoftReferences
[2026-06-17T09:58:55.377+0800][0.519s][info][gc,task     ] GC(8) Using 1 workers
[2026-06-17T09:58:55.377+0800][0.519s][info][gc,phases   ] GC(8) Pause Mark Start 0.003ms
[2026-06-17T09:58:55.378+0800][0.520s][info][gc,phases   ] GC(8) Concurrent Mark 0.539ms
[2026-06-17T09:58:55.378+0800][0.520s][info][gc,phases   ] GC(8) Pause Mark End 0.008ms
[2026-06-17T09:58:55.378+0800][0.520s][info][gc,phases   ] GC(8) Concurrent Mark Free 0.001ms
[2026-06-17T09:58:55.378+0800][0.521s][info][gc,phases   ] GC(8) Concurrent Process Non-Strong References 0.200ms
[2026-06-17T09:58:55.378+0800][0.521s][info][gc,phases   ] GC(8) Concurrent Reset Relocation Set 0.000ms
[2026-06-17T09:58:55.379+0800][0.522s][info][gc,phases   ] GC(8) Concurrent Select Relocation Set 0.793ms
[2026-06-17T09:58:55.379+0800][0.522s][info][gc          ] Allocation Stall (main) 2.447ms
[2026-06-17T09:58:55.379+0800][0.522s][info][gc,phases   ] GC(8) Pause Relocate Start 0.002ms
[2026-06-17T09:58:55.379+0800][0.522s][info][gc,phases   ] GC(8) Concurrent Relocate 0.030ms
[2026-06-17T09:58:55.380+0800][0.522s][info][gc,load     ] GC(8) Load: 0.31/0.47/0.53
[2026-06-17T09:58:55.380+0800][0.522s][info][gc,mmu      ] GC(8) MMU: 2ms/98.1%, 5ms/99.0%, 10ms/99.5%, 20ms/99.7%, 50ms/99.8%, 100ms/99.9%
[2026-06-17T09:58:55.380+0800][0.522s][info][gc,marking  ] GC(8) Mark: 1 stripe(s), 1 proactive flush(es), 1 terminate flush(es), 0 completion(s), 0 continuation(s) 
[2026-06-17T09:58:55.380+0800][0.523s][info][gc,marking  ] GC(8) Mark Stack Usage: 32M
[2026-06-17T09:58:55.380+0800][0.523s][info][gc,nmethod  ] GC(8) NMethods: 63 registered, 0 unregistered
[2026-06-17T09:58:55.380+0800][0.523s][info][gc,metaspace] GC(8) Metaspace: 0M used, 0M committed, 1088M reserved
[2026-06-17T09:58:55.380+0800][0.523s][info][gc,ref      ] GC(8) Soft: 0 encountered, 0 discovered, 0 enqueued
[2026-06-17T09:58:55.380+0800][0.523s][info][gc,ref      ] GC(8) Weak: 5 encountered, 0 discovered, 0 enqueued
[2026-06-17T09:58:55.380+0800][0.523s][info][gc,ref      ] GC(8) Final: 0 encountered, 0 discovered, 0 enqueued
[2026-06-17T09:58:55.380+0800][0.523s][info][gc,ref      ] GC(8) Phantom: 1 encountered, 0 discovered, 0 enqueued
[2026-06-17T09:58:55.381+0800][0.523s][info][gc,reloc    ] GC(8) Small Pages: 5 / 10M, Empty: 2M, Relocated: 0M, In-Place: 0
[2026-06-17T09:58:55.381+0800][0.523s][info][gc,reloc    ] GC(8) Large Pages: 27 / 54M, Empty: 0M, Relocated: 0M, In-Place: 0
[2026-06-17T09:58:55.381+0800][0.523s][info][gc,reloc    ] GC(8) Forwarding Usage: 0M
[2026-06-17T09:58:55.381+0800][0.523s][info][gc,heap     ] GC(8) Min Capacity: 64M(100%)
[2026-06-17T09:58:55.381+0800][0.523s][info][gc,heap     ] GC(8) Max Capacity: 64M(100%)
[2026-06-17T09:58:55.381+0800][0.523s][info][gc,heap     ] GC(8) Soft Max Capacity: 64M(100%)
[2026-06-17T09:58:55.381+0800][0.524s][info][gc,heap     ] GC(8)                Mark Start          Mark End        Relocate Start      Relocate End           High               Low         
[2026-06-17T09:58:55.381+0800][0.524s][info][gc,heap     ] GC(8)  Capacity:       64M (100%)         64M (100%)         64M (100%)         64M (100%)         64M (100%)         64M (100%)   
[2026-06-17T09:58:55.381+0800][0.524s][info][gc,heap     ] GC(8)      Free:        0M (0%)            0M (0%)            0M (0%)            0M (0%)            2M (3%)            0M (0%)     
[2026-06-17T09:58:55.381+0800][0.524s][info][gc,heap     ] GC(8)      Used:       64M (100%)         64M (100%)         64M (100%)         64M (100%)         64M (100%)         62M (97%)    
[2026-06-17T09:58:55.381+0800][0.524s][info][gc,heap     ] GC(8)      Live:         -                59M (93%)          59M (93%)          59M (93%)            -                  -          
[2026-06-17T09:58:55.381+0800][0.524s][info][gc,heap     ] GC(8) Allocated:         -                 0M (0%)            2M (3%)            2M (3%)             -                  -          
[2026-06-17T09:58:55.381+0800][0.524s][info][gc,heap     ] GC(8)   Garbage:         -                 4M (7%)            2M (3%)            2M (3%)             -                  -          
[2026-06-17T09:58:55.382+0800][0.524s][info][gc,heap     ] GC(8) Reclaimed:         -                  -                 2M (3%)            2M (3%)             -                  -          
[2026-06-17T09:58:55.382+0800][0.524s][info][gc          ] GC(8) Garbage Collection (Allocation Stall) 64M(100%)->64M(100%)
[2026-06-17T09:58:55.460+0800][0.603s][info][gc,start    ] GC(9) Garbage Collection (Warmup)
[2026-06-17T09:58:55.461+0800][0.604s][info][gc,task     ] GC(9) Using 1 workers
[2026-06-17T09:58:55.462+0800][0.605s][info][gc,phases   ] GC(9) Pause Mark Start 0.019ms
[2026-06-17T09:58:55.466+0800][0.609s][info][gc,phases   ] GC(9) Concurrent Mark 3.027ms
[2026-06-17T09:58:55.467+0800][0.610s][info][gc,phases   ] GC(9) Pause Mark End 0.016ms
[2026-06-17T09:58:55.468+0800][0.610s][info][gc,phases   ] GC(9) Concurrent Mark Free 0.002ms
[2026-06-17T09:58:55.469+0800][0.612s][info][gc,phases   ] GC(9) Concurrent Process Non-Strong References 1.010ms
[2026-06-17T09:58:55.470+0800][0.612s][info][gc,phases   ] GC(9) Concurrent Reset Relocation Set 0.002ms
[2026-06-17T09:58:55.472+0800][0.615s][info][gc,phases   ] GC(9) Concurrent Select Relocation Set 2.095ms
[2026-06-17T09:58:55.473+0800][0.615s][info][gc,phases   ] GC(9) Pause Relocate Start 0.006ms
[2026-06-17T09:58:55.474+0800][0.617s][info][gc,phases   ] GC(9) Concurrent Relocate 1.087ms
[2026-06-17T09:58:55.475+0800][0.617s][info][gc,load     ] GC(9) Load: 0.31/0.47/0.53
[2026-06-17T09:58:55.475+0800][0.617s][info][gc,mmu      ] GC(9) MMU: 2ms/98.1%, 5ms/99.0%, 10ms/99.5%, 20ms/99.7%, 50ms/99.8%, 100ms/99.9%
[2026-06-17T09:58:55.475+0800][0.618s][info][gc,marking  ] GC(9) Mark: 1 stripe(s), 1 proactive flush(es), 1 terminate flush(es), 0 completion(s), 0 continuation(s) 
[2026-06-17T09:58:55.475+0800][0.618s][info][gc,marking  ] GC(9) Mark Stack Usage: 32M
[2026-06-17T09:58:55.476+0800][0.618s][info][gc,nmethod  ] GC(9) NMethods: 63 registered, 0 unregistered
[2026-06-17T09:58:55.476+0800][0.618s][info][gc,metaspace] GC(9) Metaspace: 0M used, 0M committed, 1088M reserved
[2026-06-17T09:58:55.476+0800][0.618s][info][gc,ref      ] GC(9) Soft: 0 encountered, 0 discovered, 0 enqueued
[2026-06-17T09:58:55.476+0800][0.619s][info][gc,ref      ] GC(9) Weak: 5 encountered, 0 discovered, 0 enqueued
[2026-06-17T09:58:55.476+0800][0.619s][info][gc,ref      ] GC(9) Final: 0 encountered, 0 discovered, 0 enqueued
[2026-06-17T09:58:55.476+0800][0.619s][info][gc,ref      ] GC(9) Phantom: 1 encountered, 0 discovered, 0 enqueued
[2026-06-17T09:58:55.477+0800][0.619s][info][gc,reloc    ] GC(9) Small Pages: 5 / 10M, Empty: 0M, Relocated: 1M, In-Place: 0
[2026-06-17T09:58:55.477+0800][0.619s][info][gc,reloc    ] GC(9) Large Pages: 27 / 54M, Empty: 32M, Relocated: 0M, In-Place: 0
[2026-06-17T09:58:55.477+0800][0.619s][info][gc,reloc    ] GC(9) Forwarding Usage: 0M
[2026-06-17T09:58:55.477+0800][0.620s][info][gc,heap     ] GC(9) Min Capacity: 64M(100%)
[2026-06-17T09:58:55.477+0800][0.620s][info][gc,heap     ] GC(9) Max Capacity: 64M(100%)
[2026-06-17T09:58:55.477+0800][0.620s][info][gc,heap     ] GC(9) Soft Max Capacity: 64M(100%)
[2026-06-17T09:58:55.477+0800][0.620s][info][gc,heap     ] GC(9)                Mark Start          Mark End        Relocate Start      Relocate End           High               Low         
[2026-06-17T09:58:55.478+0800][0.620s][info][gc,heap     ] GC(9)  Capacity:       64M (100%)         64M (100%)         64M (100%)         64M (100%)         64M (100%)         64M (100%)   
[2026-06-17T09:58:55.478+0800][0.620s][info][gc,heap     ] GC(9)      Free:        0M (0%)            0M (0%)           32M (50%)          40M (62%)          40M (62%)           0M (0%)     
[2026-06-17T09:58:55.478+0800][0.620s][info][gc,heap     ] GC(9)      Used:       64M (100%)         64M (100%)         32M (50%)          24M (38%)          64M (100%)         24M (38%)    
[2026-06-17T09:58:55.478+0800][0.620s][info][gc,heap     ] GC(9)      Live:         -                23M (37%)          23M (37%)          23M (37%)            -                  -          
[2026-06-17T09:58:55.478+0800][0.621s][info][gc,heap     ] GC(9) Allocated:         -                 0M (0%)            0M (0%)            0M (0%)             -                  -          
[2026-06-17T09:58:55.478+0800][0.621s][info][gc,heap     ] GC(9)   Garbage:         -                40M (63%)           8M (13%)           0M (0%)             -                  -          
[2026-06-17T09:58:55.479+0800][0.621s][info][gc,heap     ] GC(9) Reclaimed:         -                  -                32M (50%)          40M (62%)            -                  -          
[2026-06-17T09:58:55.479+0800][0.621s][info][gc          ] GC(9) Garbage Collection (Warmup) 64M(100%)->24M(38%)
[2026-06-17T09:58:55.561+0800][0.703s][info][gc,start    ] GC(10) Garbage Collection (Allocation Rate)
[2026-06-17T09:58:55.562+0800][0.704s][info][gc,task     ] GC(10) Using 1 workers
[2026-06-17T09:58:55.563+0800][0.705s][info][gc,phases   ] GC(10) Pause Mark Start 0.019ms
[2026-06-17T09:58:55.566+0800][0.709s][info][gc,phases   ] GC(10) Concurrent Mark 3.017ms
[2026-06-17T09:58:55.567+0800][0.709s][info][gc,phases   ] GC(10) Pause Mark End 0.010ms
[2026-06-17T09:58:55.567+0800][0.710s][info][gc,phases   ] GC(10) Concurrent Mark Free 0.002ms
[2026-06-17T09:58:55.569+0800][0.711s][info][gc,phases   ] GC(10) Concurrent Process Non-Strong References 0.776ms
[2026-06-17T09:58:55.569+0800][0.712s][info][gc,phases   ] GC(10) Concurrent Reset Relocation Set 0.002ms
[2026-06-17T09:58:55.571+0800][0.714s][info][gc,phases   ] GC(10) Concurrent Select Relocation Set 1.557ms
[2026-06-17T09:58:55.571+0800][0.714s][info][gc,phases   ] GC(10) Pause Relocate Start 0.005ms
[2026-06-17T09:58:55.572+0800][0.714s][info][gc,phases   ] GC(10) Concurrent Relocate 0.044ms
[2026-06-17T09:58:55.572+0800][0.714s][info][gc,load     ] GC(10) Load: 0.31/0.47/0.53
[2026-06-17T09:58:55.572+0800][0.715s][info][gc,mmu      ] GC(10) MMU: 2ms/98.1%, 5ms/99.0%, 10ms/99.5%, 20ms/99.7%, 50ms/99.8%, 100ms/99.9%
[2026-06-17T09:58:55.572+0800][0.715s][info][gc,marking  ] GC(10) Mark: 1 stripe(s), 1 proactive flush(es), 1 terminate flush(es), 0 completion(s), 0 continuation(s) 
[2026-06-17T09:58:55.572+0800][0.715s][info][gc,marking  ] GC(10) Mark Stack Usage: 32M
[2026-06-17T09:58:55.573+0800][0.715s][info][gc,nmethod  ] GC(10) NMethods: 63 registered, 0 unregistered
[2026-06-17T09:58:55.573+0800][0.715s][info][gc,metaspace] GC(10) Metaspace: 0M used, 0M committed, 1088M reserved
[2026-06-17T09:58:55.573+0800][0.715s][info][gc,ref      ] GC(10) Soft: 0 encountered, 0 discovered, 0 enqueued
[2026-06-17T09:58:55.573+0800][0.716s][info][gc,ref      ] GC(10) Weak: 5 encountered, 0 discovered, 0 enqueued
[2026-06-17T09:58:55.573+0800][0.716s][info][gc,ref      ] GC(10) Final: 0 encountered, 0 discovered, 0 enqueued
[2026-06-17T09:58:55.573+0800][0.716s][info][gc,ref      ] GC(10) Phantom: 1 encountered, 0 discovered, 0 enqueued
[2026-06-17T09:58:55.574+0800][0.716s][info][gc,reloc    ] GC(10) Small Pages: 1 / 2M, Empty: 0M, Relocated: 0M, In-Place: 0
[2026-06-17T09:58:55.574+0800][0.716s][info][gc,reloc    ] GC(10) Large Pages: 11 / 22M, Empty: 0M, Relocated: 0M, In-Place: 0
[2026-06-17T09:58:55.574+0800][0.716s][info][gc,reloc    ] GC(10) Forwarding Usage: 0M
[2026-06-17T09:58:55.574+0800][0.716s][info][gc,heap     ] GC(10) Min Capacity: 64M(100%)
[2026-06-17T09:58:55.574+0800][0.717s][info][gc,heap     ] GC(10) Max Capacity: 64M(100%)
[2026-06-17T09:58:55.574+0800][0.717s][info][gc,heap     ] GC(10) Soft Max Capacity: 64M(100%)
[2026-06-17T09:58:55.574+0800][0.717s][info][gc,heap     ] GC(10)                Mark Start          Mark End        Relocate Start      Relocate End           High               Low         
[2026-06-17T09:58:55.574+0800][0.717s][info][gc,heap     ] GC(10)  Capacity:       64M (100%)         64M (100%)         64M (100%)         64M (100%)         64M (100%)         64M (100%)   
[2026-06-17T09:58:55.574+0800][0.717s][info][gc,heap     ] GC(10)      Free:       40M (62%)          40M (62%)          40M (62%)          40M (62%)          40M (62%)          40M (62%)    
[2026-06-17T09:58:55.575+0800][0.717s][info][gc,heap     ] GC(10)      Used:       24M (38%)          24M (38%)          24M (38%)          24M (38%)          24M (38%)          24M (38%)    
[2026-06-17T09:58:55.575+0800][0.717s][info][gc,heap     ] GC(10)      Live:         -                23M (37%)          23M (37%)          23M (37%)            -                  -          
[2026-06-17T09:58:55.575+0800][0.717s][info][gc,heap     ] GC(10) Allocated:         -                 0M (0%)            0M (0%)            0M (0%)             -                  -          
[2026-06-17T09:58:55.575+0800][0.717s][info][gc,heap     ] GC(10)   Garbage:         -                 0M (0%)            0M (0%)            0M (0%)             -                  -          
[2026-06-17T09:58:55.575+0800][0.717s][info][gc,heap     ] GC(10) Reclaimed:         -                  -                 0M (0%)            0M (0%)             -                  -          
[2026-06-17T09:58:55.575+0800][0.718s][info][gc          ] GC(10) Garbage Collection (Allocation Rate) 24M(38%)->24M(38%)
[2026-06-17T09:58:55.660+0800][0.803s][info][gc,start    ] GC(11) Garbage Collection (Allocation Rate)
[2026-06-17T09:58:55.661+0800][0.804s][info][gc,task     ] GC(11) Using 1 workers
[2026-06-17T09:58:55.662+0800][0.804s][info][gc,phases   ] GC(11) Pause Mark Start 0.014ms
[2026-06-17T09:58:55.664+0800][0.807s][info][gc,phases   ] GC(11) Concurrent Mark 2.170ms
[2026-06-17T09:58:55.665+0800][0.808s][info][gc,phases   ] GC(11) Pause Mark End 0.009ms
[2026-06-17T09:58:55.666+0800][0.809s][info][gc,phases   ] GC(11) Concurrent Mark Free 0.002ms
[2026-06-17T09:58:55.667+0800][0.810s][info][gc,phases   ] GC(11) Concurrent Process Non-Strong References 0.499ms
[2026-06-17T09:58:55.668+0800][0.810s][info][gc,phases   ] GC(11) Concurrent Reset Relocation Set 0.001ms
[2026-06-17T09:58:55.669+0800][0.812s][info][gc          ] Allocation Stall (main) 2.547ms
[2026-06-17T09:58:55.669+0800][0.812s][info][gc,phases   ] GC(11) Concurrent Select Relocation Set 1.323ms
[2026-06-17T09:58:55.671+0800][0.813s][info][gc,phases   ] GC(11) Pause Relocate Start 0.003ms
[2026-06-17T09:58:55.671+0800][0.813s][info][gc,phases   ] GC(11) Concurrent Relocate 0.043ms
[2026-06-17T09:58:55.671+0800][0.814s][info][gc,load     ] GC(11) Load: 0.31/0.47/0.53
[2026-06-17T09:58:55.671+0800][0.814s][info][gc,mmu      ] GC(11) MMU: 2ms/98.1%, 5ms/99.0%, 10ms/99.5%, 20ms/99.7%, 50ms/99.8%, 100ms/99.9%
[2026-06-17T09:58:55.672+0800][0.814s][info][gc,marking  ] GC(11) Mark: 1 stripe(s), 1 proactive flush(es), 1 terminate flush(es), 0 completion(s), 0 continuation(s) 
[2026-06-17T09:58:55.672+0800][0.815s][info][gc,marking  ] GC(11) Mark Stack Usage: 32M
[2026-06-17T09:58:55.672+0800][0.815s][info][gc,nmethod  ] GC(11) NMethods: 63 registered, 0 unregistered
[2026-06-17T09:58:55.673+0800][0.815s][info][gc,metaspace] GC(11) Metaspace: 0M used, 0M committed, 1088M reserved
[2026-06-17T09:58:55.673+0800][0.815s][info][gc,ref      ] GC(11) Soft: 0 encountered, 0 discovered, 0 enqueued
[2026-06-17T09:58:55.673+0800][0.816s][info][gc,ref      ] GC(11) Weak: 5 encountered, 0 discovered, 0 enqueued
[2026-06-17T09:58:55.673+0800][0.816s][info][gc,ref      ] GC(11) Final: 0 encountered, 0 discovered, 0 enqueued
[2026-06-17T09:58:55.673+0800][0.816s][info][gc,ref      ] GC(11) Phantom: 1 encountered, 0 discovered, 0 enqueued
[2026-06-17T09:58:55.674+0800][0.817s][info][gc,reloc    ] GC(11) Small Pages: 13 / 26M, Empty: 20M, Relocated: 0M, In-Place: 0
[2026-06-17T09:58:55.674+0800][0.817s][info][gc,reloc    ] GC(11) Large Pages: 18 / 36M, Empty: 0M, Relocated: 0M, In-Place: 0
[2026-06-17T09:58:55.674+0800][0.817s][info][gc,reloc    ] GC(11) Forwarding Usage: 0M
[2026-06-17T09:58:55.675+0800][0.817s][info][gc,heap     ] GC(11) Min Capacity: 64M(100%)
[2026-06-17T09:58:55.675+0800][0.817s][info][gc,heap     ] GC(11) Max Capacity: 64M(100%)
[2026-06-17T09:58:55.675+0800][0.817s][info][gc,heap     ] GC(11) Soft Max Capacity: 64M(100%)
[2026-06-17T09:58:55.675+0800][0.817s][info][gc,heap     ] GC(11)                Mark Start          Mark End        Relocate Start      Relocate End           High               Low         
[2026-06-17T09:58:55.675+0800][0.817s][info][gc,heap     ] GC(11)  Capacity:       64M (100%)         64M (100%)         64M (100%)         64M (100%)         64M (100%)         64M (100%)   
[2026-06-17T09:58:55.675+0800][0.817s][info][gc,heap     ] GC(11)      Free:        2M (3%)            0M (0%)           18M (28%)          18M (28%)          20M (31%)           0M (0%)     
[2026-06-17T09:58:55.675+0800][0.818s][info][gc,heap     ] GC(11)      Used:       62M (97%)          64M (100%)         46M (72%)          46M (72%)          64M (100%)         44M (69%)    
[2026-06-17T09:58:55.675+0800][0.818s][info][gc,heap     ] GC(11)      Live:         -                39M (62%)          39M (62%)          39M (62%)            -                  -          
[2026-06-17T09:58:55.675+0800][0.818s][info][gc,heap     ] GC(11) Allocated:         -                 2M (3%)            4M (6%)            4M (6%)             -                  -          
[2026-06-17T09:58:55.675+0800][0.818s][info][gc,heap     ] GC(11)   Garbage:         -                22M (35%)           2M (4%)            2M (4%)             -                  -          
[2026-06-17T09:58:55.675+0800][0.818s][info][gc,heap     ] GC(11) Reclaimed:         -                  -                20M (31%)          20M (31%)            -                  -          
[2026-06-17T09:58:55.675+0800][0.818s][info][gc          ] GC(11) Garbage Collection (Allocation Rate) 62M(97%)->46M(72%)
[2026-06-17T09:58:55.703+0800][0.845s][info][gc,start    ] GC(12) Garbage Collection (Allocation Stall)
[2026-06-17T09:58:55.703+0800][0.846s][info][gc,ref      ] GC(12) Clearing All SoftReferences
[2026-06-17T09:58:55.704+0800][0.846s][info][gc,task     ] GC(12) Using 1 workers
[2026-06-17T09:58:55.704+0800][0.847s][info][gc,phases   ] GC(12) Pause Mark Start 0.006ms
[2026-06-17T09:58:55.706+0800][0.848s][info][gc,phases   ] GC(12) Concurrent Mark 0.958ms
[2026-06-17T09:58:55.706+0800][0.849s][info][gc,phases   ] GC(12) Pause Mark End 0.005ms
[2026-06-17T09:58:55.706+0800][0.849s][info][gc,phases   ] GC(12) Concurrent Mark Free 0.001ms
[2026-06-17T09:58:55.707+0800][0.849s][info][gc,phases   ] GC(12) Concurrent Process Non-Strong References 0.270ms
[2026-06-17T09:58:55.707+0800][0.849s][info][gc,phases   ] GC(12) Concurrent Reset Relocation Set 0.001ms
[2026-06-17T09:58:55.708+0800][0.850s][info][gc,phases   ] GC(12) Concurrent Select Relocation Set 0.780ms
[2026-06-17T09:58:55.708+0800][0.850s][info][gc          ] Allocation Stall (main) 5.069ms
[2026-06-17T09:58:55.708+0800][0.851s][info][gc,phases   ] GC(12) Pause Relocate Start 0.003ms
[2026-06-17T09:58:55.709+0800][0.852s][info][gc,phases   ] GC(12) Concurrent Relocate 0.329ms
[2026-06-17T09:58:55.709+0800][0.852s][info][gc,load     ] GC(12) Load: 0.31/0.47/0.53
[2026-06-17T09:58:55.709+0800][0.852s][info][gc,mmu      ] GC(12) MMU: 2ms/98.1%, 5ms/99.0%, 10ms/99.5%, 20ms/99.7%, 50ms/99.8%, 100ms/99.9%
[2026-06-17T09:58:55.710+0800][0.852s][info][gc,marking  ] GC(12) Mark: 1 stripe(s), 1 proactive flush(es), 1 terminate flush(es), 0 completion(s), 0 continuation(s) 
[2026-06-17T09:58:55.710+0800][0.852s][info][gc,marking  ] GC(12) Mark Stack Usage: 32M
[2026-06-17T09:58:55.710+0800][0.852s][info][gc,nmethod  ] GC(12) NMethods: 64 registered, 0 unregistered
[2026-06-17T09:58:55.710+0800][0.853s][info][gc,metaspace] GC(12) Metaspace: 0M used, 0M committed, 1088M reserved
[2026-06-17T09:58:55.710+0800][0.853s][info][gc,ref      ] GC(12) Soft: 0 encountered, 0 discovered, 0 enqueued
[2026-06-17T09:58:55.710+0800][0.853s][info][gc,ref      ] GC(12) Weak: 5 encountered, 0 discovered, 0 enqueued
[2026-06-17T09:58:55.711+0800][0.853s][info][gc,ref      ] GC(12) Final: 0 encountered, 0 discovered, 0 enqueued
[2026-06-17T09:58:55.711+0800][0.853s][info][gc,ref      ] GC(12) Phantom: 1 encountered, 0 discovered, 0 enqueued
[2026-06-17T09:58:55.711+0800][0.853s][info][gc,reloc    ] GC(12) Small Pages: 10 / 20M, Empty: 8M, Relocated: 3M, In-Place: 0
[2026-06-17T09:58:55.711+0800][0.853s][info][gc,reloc    ] GC(12) Large Pages: 22 / 44M, Empty: 0M, Relocated: 0M, In-Place: 0
[2026-06-17T09:58:55.711+0800][0.853s][info][gc,reloc    ] GC(12) Forwarding Usage: 0M
[2026-06-17T09:58:55.711+0800][0.854s][info][gc,heap     ] GC(12) Min Capacity: 64M(100%)
[2026-06-17T09:58:55.711+0800][0.854s][info][gc,heap     ] GC(12) Max Capacity: 64M(100%)
[2026-06-17T09:58:55.711+0800][0.854s][info][gc,heap     ] GC(12) Soft Max Capacity: 64M(100%)
[2026-06-17T09:58:55.711+0800][0.854s][info][gc,heap     ] GC(12)                Mark Start          Mark End        Relocate Start      Relocate End           High               Low         
[2026-06-17T09:58:55.711+0800][0.854s][info][gc,heap     ] GC(12)  Capacity:       64M (100%)         64M (100%)         64M (100%)         64M (100%)         64M (100%)         64M (100%)   
[2026-06-17T09:58:55.711+0800][0.854s][info][gc,heap     ] GC(12)      Free:        0M (0%)            0M (0%)            6M (9%)           10M (16%)          10M (16%)           0M (0%)     
[2026-06-17T09:58:55.712+0800][0.854s][info][gc,heap     ] GC(12)      Used:       64M (100%)         64M (100%)         58M (91%)          54M (84%)          64M (100%)         54M (84%)    
[2026-06-17T09:58:55.712+0800][0.854s][info][gc,heap     ] GC(12)      Live:         -                50M (80%)          50M (80%)          50M (80%)            -                  -          
[2026-06-17T09:58:55.712+0800][0.854s][info][gc,heap     ] GC(12) Allocated:         -                 0M (0%)            2M (3%)            1M (3%)             -                  -          
[2026-06-17T09:58:55.712+0800][0.854s][info][gc,heap     ] GC(12)   Garbage:         -                13M (20%)           5M (8%)            1M (2%)             -                  -          
[2026-06-17T09:58:55.712+0800][0.854s][info][gc,heap     ] GC(12) Reclaimed:         -                  -                 8M (12%)          11M (19%)            -                  -          
[2026-06-17T09:58:55.712+0800][0.854s][info][gc          ] GC(12) Garbage Collection (Allocation Stall) 64M(100%)->54M(84%)
[2026-06-17T09:58:55.730+0800][0.873s][info][gc,start    ] GC(13) Garbage Collection (Allocation Stall)
[2026-06-17T09:58:55.731+0800][0.873s][info][gc,ref      ] GC(13) Clearing All SoftReferences
[2026-06-17T09:58:55.731+0800][0.874s][info][gc,task     ] GC(13) Using 1 workers
[2026-06-17T09:58:55.732+0800][0.874s][info][gc,phases   ] GC(13) Pause Mark Start 0.006ms
[2026-06-17T09:58:55.734+0800][0.876s][info][gc,phases   ] GC(13) Concurrent Mark 1.401ms
[2026-06-17T09:58:55.734+0800][0.877s][info][gc,phases   ] GC(13) Pause Mark End 0.010ms
[2026-06-17T09:58:55.734+0800][0.877s][info][gc,phases   ] GC(13) Concurrent Mark Free 0.001ms
[2026-06-17T09:58:55.735+0800][0.877s][info][gc,phases   ] GC(13) Concurrent Process Non-Strong References 0.327ms
[2026-06-17T09:58:55.735+0800][0.878s][info][gc,phases   ] GC(13) Concurrent Reset Relocation Set 0.001ms
[2026-06-17T09:58:55.737+0800][0.879s][info][gc          ] Allocation Stall (main) 6.410ms
[2026-06-17T09:58:55.737+0800][0.879s][info][gc,phases   ] GC(13) Concurrent Select Relocation Set 1.369ms
[2026-06-17T09:58:55.737+0800][0.880s][info][gc,phases   ] GC(13) Pause Relocate Start 0.005ms
[2026-06-17T09:58:55.738+0800][0.880s][info][gc,phases   ] GC(13) Concurrent Relocate 0.050ms
[2026-06-17T09:58:55.738+0800][0.880s][info][gc,load     ] GC(13) Load: 0.31/0.47/0.53
[2026-06-17T09:58:55.738+0800][0.881s][info][gc,mmu      ] GC(13) MMU: 2ms/98.1%, 5ms/99.0%, 10ms/99.5%, 20ms/99.7%, 50ms/99.8%, 100ms/99.9%
[2026-06-17T09:58:55.738+0800][0.881s][info][gc,marking  ] GC(13) Mark: 1 stripe(s), 1 proactive flush(es), 1 terminate flush(es), 0 completion(s), 0 continuation(s) 
[2026-06-17T09:58:55.739+0800][0.881s][info][gc,marking  ] GC(13) Mark Stack Usage: 32M
[2026-06-17T09:58:55.739+0800][0.881s][info][gc,nmethod  ] GC(13) NMethods: 64 registered, 0 unregistered
[2026-06-17T09:58:55.739+0800][0.882s][info][gc,metaspace] GC(13) Metaspace: 0M used, 0M committed, 1088M reserved
[2026-06-17T09:58:55.739+0800][0.882s][info][gc,ref      ] GC(13) Soft: 0 encountered, 0 discovered, 0 enqueued
[2026-06-17T09:58:55.739+0800][0.882s][info][gc,ref      ] GC(13) Weak: 5 encountered, 0 discovered, 0 enqueued
[2026-06-17T09:58:55.740+0800][0.882s][info][gc,ref      ] GC(13) Final: 0 encountered, 0 discovered, 0 enqueued
[2026-06-17T09:58:55.740+0800][0.882s][info][gc,ref      ] GC(13) Phantom: 1 encountered, 0 discovered, 0 enqueued
[2026-06-17T09:58:55.740+0800][0.882s][info][gc,reloc    ] GC(13) Small Pages: 7 / 14M, Empty: 6M, Relocated: 0M, In-Place: 0
[2026-06-17T09:58:55.740+0800][0.883s][info][gc,reloc    ] GC(13) Large Pages: 25 / 50M, Empty: 0M, Relocated: 0M, In-Place: 0
[2026-06-17T09:58:55.740+0800][0.883s][info][gc,reloc    ] GC(13) Forwarding Usage: 0M
[2026-06-17T09:58:55.740+0800][0.883s][info][gc,heap     ] GC(13) Min Capacity: 64M(100%)
[2026-06-17T09:58:55.740+0800][0.883s][info][gc,heap     ] GC(13) Max Capacity: 64M(100%)
[2026-06-17T09:58:55.740+0800][0.883s][info][gc,heap     ] GC(13) Soft Max Capacity: 64M(100%)
[2026-06-17T09:58:55.740+0800][0.883s][info][gc,heap     ] GC(13)                Mark Start          Mark End        Relocate Start      Relocate End           High               Low         
[2026-06-17T09:58:55.741+0800][0.883s][info][gc,heap     ] GC(13)  Capacity:       64M (100%)         64M (100%)         64M (100%)         64M (100%)         64M (100%)         64M (100%)   
[2026-06-17T09:58:55.741+0800][0.883s][info][gc,heap     ] GC(13)      Free:        0M (0%)            0M (0%)            4M (6%)            4M (6%)            6M (9%)            0M (0%)     
[2026-06-17T09:58:55.741+0800][0.883s][info][gc,heap     ] GC(13)      Used:       64M (100%)         64M (100%)         60M (94%)          60M (94%)          64M (100%)         58M (91%)    
[2026-06-17T09:58:55.741+0800][0.883s][info][gc,heap     ] GC(13)      Live:         -                55M (87%)          55M (87%)          55M (87%)            -                  -          
[2026-06-17T09:58:55.741+0800][0.884s][info][gc,heap     ] GC(13) Allocated:         -                 0M (0%)            2M (3%)            2M (3%)             -                  -          
[2026-06-17T09:58:55.741+0800][0.884s][info][gc,heap     ] GC(13)   Garbage:         -                 8M (13%)           2M (4%)            2M (4%)             -                  -          
[2026-06-17T09:58:55.741+0800][0.884s][info][gc,heap     ] GC(13) Reclaimed:         -                  -                 6M (9%)            6M (9%)             -                  -          
[2026-06-17T09:58:55.741+0800][0.884s][info][gc          ] GC(13) Garbage Collection (Allocation Stall) 64M(100%)->60M(94%)
[2026-06-17T09:58:55.748+0800][0.891s][info][gc,start    ] GC(14) Garbage Collection (Allocation Stall)
[2026-06-17T09:58:55.748+0800][0.891s][info][gc,ref      ] GC(14) Clearing All SoftReferences
[2026-06-17T09:58:55.749+0800][0.891s][info][gc,task     ] GC(14) Using 1 workers
[2026-06-17T09:58:55.749+0800][0.892s][info][gc,phases   ] GC(14) Pause Mark Start 0.007ms
[2026-06-17T09:58:55.750+0800][0.893s][info][gc,phases   ] GC(14) Concurrent Mark 1.167ms
[2026-06-17T09:58:55.751+0800][0.893s][info][gc,phases   ] GC(14) Pause Mark End 0.013ms
[2026-06-17T09:58:55.753+0800][0.896s][info][gc,phases   ] GC(14) Concurrent Mark Free 0.002ms
[2026-06-17T09:58:55.754+0800][0.897s][info][gc,phases   ] GC(14) Concurrent Process Non-Strong References 0.503ms
[2026-06-17T09:58:55.757+0800][0.900s][info][gc,phases   ] GC(14) Concurrent Reset Relocation Set 0.003ms
[2026-06-17T09:58:55.760+0800][0.902s][info][gc          ] Allocation Stall (main) 11.843ms
[2026-06-17T09:58:55.760+0800][0.903s][info][gc,phases   ] GC(14) Concurrent Select Relocation Set 1.731ms
[2026-06-17T09:58:55.764+0800][0.907s][info][gc,phases   ] GC(14) Pause Relocate Start 0.011ms
[2026-06-17T09:58:55.767+0800][0.909s][info][gc,phases   ] GC(14) Concurrent Relocate 0.500ms
[2026-06-17T09:58:55.769+0800][0.912s][info][gc,load     ] GC(14) Load: 0.31/0.47/0.53
[2026-06-17T09:58:55.773+0800][0.915s][info][gc,mmu      ] GC(14) MMU: 2ms/98.1%, 5ms/99.0%, 10ms/99.5%, 20ms/99.7%, 50ms/99.8%, 100ms/99.9%
[2026-06-17T09:58:55.773+0800][0.916s][info][gc,marking  ] GC(14) Mark: 1 stripe(s), 1 proactive flush(es), 1 terminate flush(es), 0 completion(s), 0 continuation(s) 
[2026-06-17T09:58:55.774+0800][0.917s][info][gc,marking  ] GC(14) Mark Stack Usage: 32M
[2026-06-17T09:58:55.774+0800][0.917s][info][gc,nmethod  ] GC(14) NMethods: 64 registered, 0 unregistered
[2026-06-17T09:58:55.775+0800][0.917s][info][gc,metaspace] GC(14) Metaspace: 0M used, 0M committed, 1088M reserved
[2026-06-17T09:58:55.775+0800][0.918s][info][gc,ref      ] GC(14) Soft: 0 encountered, 0 discovered, 0 enqueued
[2026-06-17T09:58:55.775+0800][0.918s][info][gc,ref      ] GC(14) Weak: 5 encountered, 0 discovered, 0 enqueued
[2026-06-17T09:58:55.776+0800][0.918s][info][gc,ref      ] GC(14) Final: 0 encountered, 0 discovered, 0 enqueued
[2026-06-17T09:58:55.776+0800][0.919s][info][gc,ref      ] GC(14) Phantom: 1 encountered, 0 discovered, 0 enqueued
[2026-06-17T09:58:55.776+0800][0.919s][info][gc,reloc    ] GC(14) Small Pages: 7 / 14M, Empty: 2M, Relocated: 2M, In-Place: 1
[2026-06-17T09:58:55.777+0800][0.919s][info][gc,reloc    ] GC(14) Large Pages: 25 / 50M, Empty: 0M, Relocated: 0M, In-Place: 0
[2026-06-17T09:58:55.777+0800][0.919s][info][gc,reloc    ] GC(14) Forwarding Usage: 0M
[2026-06-17T09:58:55.777+0800][0.920s][info][gc,heap     ] GC(14) Min Capacity: 64M(100%)
[2026-06-17T09:58:55.777+0800][0.920s][info][gc,heap     ] GC(14) Max Capacity: 64M(100%)
[2026-06-17T09:58:55.778+0800][0.920s][info][gc,heap     ] GC(14) Soft Max Capacity: 64M(100%)
[2026-06-17T09:58:55.778+0800][0.920s][info][gc,heap     ] GC(14)                Mark Start          Mark End        Relocate Start      Relocate End           High               Low         
[2026-06-17T09:58:55.778+0800][0.921s][info][gc,heap     ] GC(14)  Capacity:       64M (100%)         64M (100%)         64M (100%)         64M (100%)         64M (100%)         64M (100%)   
[2026-06-17T09:58:55.778+0800][0.921s][info][gc,heap     ] GC(14)      Free:        0M (0%)            0M (0%)            0M (0%)            2M (3%)            2M (3%)            0M (0%)     
[2026-06-17T09:58:55.779+0800][0.921s][info][gc,heap     ] GC(14)      Used:       64M (100%)         64M (100%)         64M (100%)         62M (97%)          64M (100%)         62M (97%)    
[2026-06-17T09:58:55.779+0800][0.921s][info][gc,heap     ] GC(14)      Live:         -                57M (91%)          57M (91%)          57M (91%)            -                  -          
[2026-06-17T09:58:55.779+0800][0.921s][info][gc,heap     ] GC(14) Allocated:         -                 0M (0%)            2M (3%)            2M (3%)             -                  -          
[2026-06-17T09:58:55.779+0800][0.922s][info][gc,heap     ] GC(14)   Garbage:         -                 6M (9%)            4M (6%)            2M (3%)             -                  -          
[2026-06-17T09:58:55.779+0800][0.922s][info][gc,heap     ] GC(14) Reclaimed:         -                  -                 2M (3%)            4M (6%)             -                  -          
[2026-06-17T09:58:55.779+0800][0.922s][info][gc          ] GC(14) Garbage Collection (Allocation Stall) 64M(100%)->62M(97%)
[2026-06-17T09:58:55.780+0800][0.922s][info][gc,start    ] GC(15) Garbage Collection (Allocation Stall)
[2026-06-17T09:58:55.780+0800][0.922s][info][gc,ref      ] GC(15) Clearing All SoftReferences
[2026-06-17T09:58:55.780+0800][0.923s][info][gc,task     ] GC(15) Using 1 workers
[2026-06-17T09:58:55.780+0800][0.923s][info][gc,phases   ] GC(15) Pause Mark Start 0.010ms
[2026-06-17T09:58:55.782+0800][0.925s][info][gc,phases   ] GC(15) Concurrent Mark 1.675ms
[2026-06-17T09:58:55.783+0800][0.925s][info][gc,phases   ] GC(15) Pause Mark End 0.009ms
[2026-06-17T09:58:55.783+0800][0.925s][info][gc,phases   ] GC(15) Concurrent Mark Free 0.001ms
[2026-06-17T09:58:55.783+0800][0.926s][info][gc,phases   ] GC(15) Concurrent Process Non-Strong References 0.453ms
[2026-06-17T09:58:55.783+0800][0.926s][info][gc,phases   ] GC(15) Concurrent Reset Relocation Set 0.001ms
[2026-06-17T09:58:55.785+0800][0.928s][info][gc          ] Allocation Stall (main) 11.756ms
[2026-06-17T09:58:55.785+0800][0.928s][info][gc,phases   ] GC(15) Concurrent Select Relocation Set 1.466ms
[2026-06-17T09:58:55.786+0800][0.928s][info][gc,phases   ] GC(15) Pause Relocate Start 0.004ms
[2026-06-17T09:58:55.786+0800][0.929s][info][gc          ] Allocation Stall (main) 0.417ms
[2026-06-17T09:58:55.786+0800][0.929s][info][gc,phases   ] GC(15) Concurrent Relocate 0.421ms
[2026-06-17T09:58:55.787+0800][0.929s][info][gc,load     ] GC(15) Load: 0.31/0.47/0.53
[2026-06-17T09:58:55.787+0800][0.929s][info][gc,mmu      ] GC(15) MMU: 2ms/98.1%, 5ms/99.0%, 10ms/99.5%, 20ms/99.7%, 50ms/99.8%, 100ms/99.9%
[2026-06-17T09:58:55.787+0800][0.930s][info][gc,marking  ] GC(15) Mark: 1 stripe(s), 1 proactive flush(es), 1 terminate flush(es), 0 completion(s), 0 continuation(s) 
[2026-06-17T09:58:55.787+0800][0.930s][info][gc,marking  ] GC(15) Mark Stack Usage: 32M
[2026-06-17T09:58:55.788+0800][0.930s][info][gc,nmethod  ] GC(15) NMethods: 64 registered, 0 unregistered
[2026-06-17T09:58:55.788+0800][0.930s][info][gc,metaspace] GC(15) Metaspace: 0M used, 0M committed, 1088M reserved
[2026-06-17T09:58:55.788+0800][0.930s][info][gc,ref      ] GC(15) Soft: 0 encountered, 0 discovered, 0 enqueued
[2026-06-17T09:58:55.788+0800][0.930s][info][gc,ref      ] GC(15) Weak: 5 encountered, 0 discovered, 0 enqueued
[2026-06-17T09:58:55.788+0800][0.930s][info][gc,ref      ] GC(15) Final: 0 encountered, 0 discovered, 0 enqueued
[2026-06-17T09:58:55.788+0800][0.931s][info][gc,ref      ] GC(15) Phantom: 1 encountered, 0 discovered, 0 enqueued
[2026-06-17T09:58:55.788+0800][0.931s][info][gc,reloc    ] GC(15) Small Pages: 7 / 14M, Empty: 4M, Relocated: 3M, In-Place: 1
[2026-06-17T09:58:55.788+0800][0.931s][info][gc,reloc    ] GC(15) Large Pages: 25 / 50M, Empty: 0M, Relocated: 0M, In-Place: 0
[2026-06-17T09:58:55.788+0800][0.931s][info][gc,reloc    ] GC(15) Forwarding Usage: 0M
[2026-06-17T09:58:55.788+0800][0.931s][info][gc,heap     ] GC(15) Min Capacity: 64M(100%)
[2026-06-17T09:58:55.789+0800][0.931s][info][gc,heap     ] GC(15) Max Capacity: 64M(100%)
[2026-06-17T09:58:55.789+0800][0.931s][info][gc,heap     ] GC(15) Soft Max Capacity: 64M(100%)
[2026-06-17T09:58:55.789+0800][0.931s][info][gc,heap     ] GC(15)                Mark Start          Mark End        Relocate Start      Relocate End           High               Low         
[2026-06-17T09:58:55.789+0800][0.931s][info][gc,heap     ] GC(15)  Capacity:       64M (100%)         64M (100%)         64M (100%)         64M (100%)         64M (100%)         64M (100%)   
[2026-06-17T09:58:55.789+0800][0.932s][info][gc,heap     ] GC(15)      Free:        0M (0%)            0M (0%)            0M (0%)            2M (3%)            4M (6%)            0M (0%)     
[2026-06-17T09:58:55.789+0800][0.932s][info][gc,heap     ] GC(15)      Used:       64M (100%)         64M (100%)         64M (100%)         62M (97%)          64M (100%)         60M (94%)    
[2026-06-17T09:58:55.789+0800][0.932s][info][gc,heap     ] GC(15)      Live:         -                55M (86%)          55M (86%)          55M (86%)            -                  -          
[2026-06-17T09:58:55.790+0800][0.932s][info][gc,heap     ] GC(15) Allocated:         -                 0M (0%)            4M (6%)            6M (9%)             -                  -          
[2026-06-17T09:58:55.790+0800][0.932s][info][gc,heap     ] GC(15)   Garbage:         -                 8M (14%)           4M (8%)            0M (1%)             -                  -          
[2026-06-17T09:58:55.790+0800][0.932s][info][gc,heap     ] GC(15) Reclaimed:         -                  -                 4M (6%)            8M (12%)            -                  -          
[2026-06-17T09:58:55.790+0800][0.932s][info][gc          ] GC(15) Garbage Collection (Allocation Stall) 64M(100%)->62M(97%)
[2026-06-17T09:58:55.790+0800][0.932s][info][gc,start    ] GC(16) Garbage Collection (Allocation Stall)
[2026-06-17T09:58:55.790+0800][0.933s][info][gc,ref      ] GC(16) Clearing All SoftReferences
[2026-06-17T09:58:55.790+0800][0.933s][info][gc,task     ] GC(16) Using 1 workers
[2026-06-17T09:58:55.790+0800][0.933s][info][gc,phases   ] GC(16) Pause Mark Start 0.004ms
[2026-06-17T09:58:55.791+0800][0.934s][info][gc,phases   ] GC(16) Concurrent Mark 0.773ms
[2026-06-17T09:58:55.791+0800][0.934s][info][gc,phases   ] GC(16) Pause Mark End 0.009ms
[2026-06-17T09:58:55.791+0800][0.934s][info][gc,phases   ] GC(16) Concurrent Mark Free 0.001ms
[2026-06-17T09:58:55.792+0800][0.934s][info][gc,phases   ] GC(16) Concurrent Process Non-Strong References 0.231ms
[2026-06-17T09:58:55.792+0800][0.934s][info][gc,phases   ] GC(16) Concurrent Reset Relocation Set 0.000ms
[2026-06-17T09:58:55.793+0800][0.935s][info][gc,phases   ] GC(16) Concurrent Select Relocation Set 0.872ms
[2026-06-17T09:58:55.793+0800][0.935s][info][gc,phases   ] GC(16) Pause Relocate Start 0.003ms
[2026-06-17T09:58:55.793+0800][0.936s][info][gc,phases   ] GC(16) Concurrent Relocate 0.038ms
[2026-06-17T09:58:55.793+0800][0.936s][info][gc,load     ] GC(16) Load: 0.31/0.47/0.53
[2026-06-17T09:58:55.794+0800][0.936s][info][gc,mmu      ] GC(16) MMU: 2ms/98.1%, 5ms/99.0%, 10ms/99.5%, 20ms/99.7%, 50ms/99.8%, 100ms/99.9%
[2026-06-17T09:58:55.794+0800][0.936s][info][gc,marking  ] GC(16) Mark: 1 stripe(s), 1 proactive flush(es), 1 terminate flush(es), 0 completion(s), 0 continuation(s) 
[2026-06-17T09:58:55.794+0800][0.936s][info][gc,marking  ] GC(16) Mark Stack Usage: 32M
[2026-06-17T09:58:55.794+0800][0.936s][info][gc,nmethod  ] GC(16) NMethods: 64 registered, 0 unregistered
[2026-06-17T09:58:55.794+0800][0.937s][info][gc,metaspace] GC(16) Metaspace: 0M used, 0M committed, 1088M reserved
[2026-06-17T09:58:55.794+0800][0.937s][info][gc,ref      ] GC(16) Soft: 0 encountered, 0 discovered, 0 enqueued
[2026-06-17T09:58:55.794+0800][0.937s][info][gc,ref      ] GC(16) Weak: 5 encountered, 0 discovered, 0 enqueued
[2026-06-17T09:58:55.794+0800][0.937s][info][gc,ref      ] GC(16) Final: 0 encountered, 0 discovered, 0 enqueued
[2026-06-17T09:58:55.794+0800][0.937s][info][gc,ref      ] GC(16) Phantom: 1 encountered, 0 discovered, 0 enqueued
[2026-06-17T09:58:55.794+0800][0.937s][info][gc,reloc    ] GC(16) Small Pages: 4 / 8M, Empty: 0M, Relocated: 0M, In-Place: 0
[2026-06-17T09:58:55.794+0800][0.937s][info][gc,reloc    ] GC(16) Large Pages: 28 / 56M, Empty: 0M, Relocated: 0M, In-Place: 0
[2026-06-17T09:58:55.795+0800][0.937s][info][gc,reloc    ] GC(16) Forwarding Usage: 0M
[2026-06-17T09:58:55.795+0800][0.937s][info][gc,heap     ] GC(16) Min Capacity: 64M(100%)
[2026-06-17T09:58:55.795+0800][0.937s][info][gc,heap     ] GC(16) Max Capacity: 64M(100%)
[2026-06-17T09:58:55.795+0800][0.937s][info][gc,heap     ] GC(16) Soft Max Capacity: 64M(100%)
[2026-06-17T09:58:55.795+0800][0.937s][info][gc,heap     ] GC(16)                Mark Start          Mark End        Relocate Start      Relocate End           High               Low         
[2026-06-17T09:58:55.795+0800][0.938s][info][gc,heap     ] GC(16)  Capacity:       64M (100%)         64M (100%)         64M (100%)         64M (100%)         64M (100%)         64M (100%)   
[2026-06-17T09:58:55.795+0800][0.938s][info][gc,heap     ] GC(16)      Free:        0M (0%)            0M (0%)            0M (0%)            0M (0%)            0M (0%)            0M (0%)     
[2026-06-17T09:58:55.795+0800][0.938s][info][gc,heap     ] GC(16)      Used:       64M (100%)         64M (100%)         64M (100%)         64M (100%)         64M (100%)         64M (100%)   
[2026-06-17T09:58:55.795+0800][0.938s][info][gc,heap     ] GC(16)      Live:         -                61M (96%)          61M (96%)          61M (96%)            -                  -          
[2026-06-17T09:58:55.795+0800][0.938s][info][gc,heap     ] GC(16) Allocated:         -                 0M (0%)            0M (0%)            0M (0%)             -                  -          
[2026-06-17T09:58:55.795+0800][0.938s][info][gc,heap     ] GC(16)   Garbage:         -                 2M (4%)            2M (4%)            2M (4%)             -                  -          
[2026-06-17T09:58:55.795+0800][0.938s][info][gc,heap     ] GC(16) Reclaimed:         -                  -                 0M (0%)            0M (0%)             -                  -          
[2026-06-17T09:58:55.796+0800][0.938s][info][gc          ] GC(16) Garbage Collection (Allocation Stall) 64M(100%)->64M(100%)
[2026-06-17T09:58:55.796+0800][0.938s][info][gc          ] Allocation Stall (main) 8.424ms
[2026-06-17T09:58:55.796+0800][0.938s][info][gc          ] Out Of Memory (main)
[2026-06-17T09:58:55.796+0800][0.938s][info][gc,start    ] GC(17) Garbage Collection (Allocation Stall)
[2026-06-17T09:58:55.796+0800][0.939s][info][gc,ref      ] GC(17) Clearing All SoftReferences
[2026-06-17T09:58:55.796+0800][0.939s][info][gc,task     ] GC(17) Using 1 workers
[2026-06-17T09:58:55.796+0800][0.939s][info][gc,phases   ] GC(17) Pause Mark Start 0.003ms
[2026-06-17T09:58:55.797+0800][0.939s][info][gc,phases   ] GC(17) Concurrent Mark 0.650ms
[2026-06-17T09:58:55.797+0800][0.940s][info][gc,phases   ] GC(17) Pause Mark End 0.003ms
[2026-06-17T09:58:55.797+0800][0.940s][info][gc,phases   ] GC(17) Concurrent Mark Free 0.000ms
[2026-06-17T09:58:55.797+0800][0.940s][info][gc,phases   ] GC(17) Concurrent Process Non-Strong References 0.197ms
[2026-06-17T09:58:55.797+0800][0.940s][info][gc,phases   ] GC(17) Concurrent Reset Relocation Set 0.000ms
[2026-06-17T09:58:55.798+0800][0.941s][info][gc          ] Allocation Stall (main) 2.394ms
[2026-06-17T09:58:55.798+0800][0.941s][info][gc,phases   ] GC(17) Concurrent Select Relocation Set 0.777ms
[2026-06-17T09:58:55.799+0800][0.941s][info][gc,phases   ] GC(17) Pause Relocate Start 0.003ms
[2026-06-17T09:58:55.799+0800][0.941s][info][gc,phases   ] GC(17) Concurrent Relocate 0.028ms
[2026-06-17T09:58:55.799+0800][0.941s][info][gc,load     ] GC(17) Load: 0.31/0.47/0.53
[2026-06-17T09:58:55.799+0800][0.941s][info][gc,mmu      ] GC(17) MMU: 2ms/98.1%, 5ms/99.0%, 10ms/99.5%, 20ms/99.7%, 50ms/99.8%, 100ms/99.9%
[2026-06-17T09:58:55.799+0800][0.942s][info][gc,marking  ] GC(17) Mark: 1 stripe(s), 1 proactive flush(es), 1 terminate flush(es), 0 completion(s), 0 continuation(s) 
[2026-06-17T09:58:55.799+0800][0.942s][info][gc,marking  ] GC(17) Mark Stack Usage: 32M
[2026-06-17T09:58:55.799+0800][0.942s][info][gc,nmethod  ] GC(17) NMethods: 64 registered, 0 unregistered
[2026-06-17T09:58:55.799+0800][0.942s][info][gc,metaspace] GC(17) Metaspace: 0M used, 0M committed, 1088M reserved
[2026-06-17T09:58:55.799+0800][0.942s][info][gc,ref      ] GC(17) Soft: 0 encountered, 0 discovered, 0 enqueued
[2026-06-17T09:58:55.799+0800][0.942s][info][gc,ref      ] GC(17) Weak: 5 encountered, 0 discovered, 0 enqueued
[2026-06-17T09:58:55.799+0800][0.942s][info][gc,ref      ] GC(17) Final: 0 encountered, 0 discovered, 0 enqueued
[2026-06-17T09:58:55.800+0800][0.942s][info][gc,ref      ] GC(17) Phantom: 1 encountered, 0 discovered, 0 enqueued
[2026-06-17T09:58:55.800+0800][0.942s][info][gc,reloc    ] GC(17) Small Pages: 4 / 8M, Empty: 2M, Relocated: 0M, In-Place: 0
[2026-06-17T09:58:55.800+0800][0.942s][info][gc,reloc    ] GC(17) Large Pages: 28 / 56M, Empty: 6M, Relocated: 0M, In-Place: 0
[2026-06-17T09:58:55.800+0800][0.942s][info][gc,reloc    ] GC(17) Forwarding Usage: 0M
[2026-06-17T09:58:55.800+0800][0.942s][info][gc,heap     ] GC(17) Min Capacity: 64M(100%)
[2026-06-17T09:58:55.800+0800][0.942s][info][gc,heap     ] GC(17) Max Capacity: 64M(100%)
[2026-06-17T09:58:55.800+0800][0.942s][info][gc,heap     ] GC(17) Soft Max Capacity: 64M(100%)
[2026-06-17T09:58:55.800+0800][0.943s][info][gc,heap     ] GC(17)                Mark Start          Mark End        Relocate Start      Relocate End           High               Low         
[2026-06-17T09:58:55.800+0800][0.943s][info][gc,heap     ] GC(17)  Capacity:       64M (100%)         64M (100%)         64M (100%)         64M (100%)         64M (100%)         64M (100%)   
[2026-06-17T09:58:55.800+0800][0.943s][info][gc,heap     ] GC(17)      Free:        0M (0%)            0M (0%)            6M (9%)            6M (9%)            8M (12%)           0M (0%)     
[2026-06-17T09:58:55.800+0800][0.943s][info][gc,heap     ] GC(17)      Used:       64M (100%)         64M (100%)         58M (91%)          58M (91%)          64M (100%)         56M (88%)    
[2026-06-17T09:58:55.800+0800][0.943s][info][gc,heap     ] GC(17)      Live:         -                55M (86%)          55M (86%)          55M (86%)            -                  -          
[2026-06-17T09:58:55.800+0800][0.943s][info][gc,heap     ] GC(17) Allocated:         -                 0M (0%)            2M (3%)            2M (3%)             -                  -          
[2026-06-17T09:58:55.800+0800][0.943s][info][gc,heap     ] GC(17)   Garbage:         -                 8M (14%)           0M (1%)            0M (1%)             -                  -          
[2026-06-17T09:58:55.800+0800][0.943s][info][gc,heap     ] GC(17) Reclaimed:         -                  -                 8M (12%)           8M (12%)            -                  -          
[2026-06-17T09:58:55.801+0800][0.943s][info][gc          ] GC(17) Garbage Collection (Allocation Stall) 64M(100%)->58M(91%)
[2026-06-17T09:58:55.861+0800][1.003s][info][gc,start    ] GC(18) Garbage Collection (Allocation Rate)
[2026-06-17T09:58:55.861+0800][1.004s][info][gc,task     ] GC(18) Using 1 workers
[2026-06-17T09:58:55.862+0800][1.005s][info][gc,phases   ] GC(18) Pause Mark Start 0.016ms
[2026-06-17T09:58:55.866+0800][1.008s][info][gc,phases   ] GC(18) Concurrent Mark 2.630ms
[2026-06-17T09:58:55.866+0800][1.009s][info][gc,phases   ] GC(18) Pause Mark End 0.012ms
[2026-06-17T09:58:55.867+0800][1.010s][info][gc,phases   ] GC(18) Concurrent Mark Free 0.002ms
[2026-06-17T09:58:55.869+0800][1.011s][info][gc,phases   ] GC(18) Concurrent Process Non-Strong References 1.012ms
[2026-06-17T09:58:55.869+0800][1.012s][info][gc,phases   ] GC(18) Concurrent Reset Relocation Set 0.002ms
[2026-06-17T09:58:55.872+0800][1.015s][info][gc,phases   ] GC(18) Concurrent Select Relocation Set 2.334ms
[2026-06-17T09:58:55.873+0800][1.015s][info][gc,phases   ] GC(18) Pause Relocate Start 0.007ms
[2026-06-17T09:58:55.874+0800][1.016s][info][gc,phases   ] GC(18) Concurrent Relocate 0.592ms
[2026-06-17T09:58:55.874+0800][1.017s][info][gc,load     ] GC(18) Load: 0.31/0.47/0.53
[2026-06-17T09:58:55.874+0800][1.017s][info][gc,mmu      ] GC(18) MMU: 2ms/98.1%, 5ms/99.0%, 10ms/99.5%, 20ms/99.7%, 50ms/99.8%, 100ms/99.9%
[2026-06-17T09:58:55.874+0800][1.017s][info][gc,marking  ] GC(18) Mark: 1 stripe(s), 1 proactive flush(es), 1 terminate flush(es), 0 completion(s), 0 continuation(s) 
[2026-06-17T09:58:55.875+0800][1.017s][info][gc,marking  ] GC(18) Mark Stack Usage: 32M
[2026-06-17T09:58:55.875+0800][1.017s][info][gc,nmethod  ] GC(18) NMethods: 64 registered, 0 unregistered
[2026-06-17T09:58:55.875+0800][1.018s][info][gc,metaspace] GC(18) Metaspace: 0M used, 0M committed, 1088M reserved
[2026-06-17T09:58:55.875+0800][1.018s][info][gc,ref      ] GC(18) Soft: 0 encountered, 0 discovered, 0 enqueued
[2026-06-17T09:58:55.875+0800][1.018s][info][gc,ref      ] GC(18) Weak: 5 encountered, 0 discovered, 0 enqueued
[2026-06-17T09:58:55.876+0800][1.018s][info][gc,ref      ] GC(18) Final: 0 encountered, 0 discovered, 0 enqueued
[2026-06-17T09:58:55.876+0800][1.018s][info][gc,ref      ] GC(18) Phantom: 1 encountered, 0 discovered, 0 enqueued
[2026-06-17T09:58:55.876+0800][1.019s][info][gc,reloc    ] GC(18) Small Pages: 4 / 8M, Empty: 2M, Relocated: 1M, In-Place: 0
[2026-06-17T09:58:55.876+0800][1.019s][info][gc,reloc    ] GC(18) Large Pages: 25 / 50M, Empty: 32M, Relocated: 0M, In-Place: 0
[2026-06-17T09:58:55.876+0800][1.019s][info][gc,reloc    ] GC(18) Forwarding Usage: 0M
[2026-06-17T09:58:55.877+0800][1.019s][info][gc,heap     ] GC(18) Min Capacity: 64M(100%)
[2026-06-17T09:58:55.877+0800][1.019s][info][gc,heap     ] GC(18) Max Capacity: 64M(100%)
[2026-06-17T09:58:55.877+0800][1.020s][info][gc,heap     ] GC(18) Soft Max Capacity: 64M(100%)
[2026-06-17T09:58:55.877+0800][1.020s][info][gc,heap     ] GC(18)                Mark Start          Mark End        Relocate Start      Relocate End           High               Low         
[2026-06-17T09:58:55.877+0800][1.020s][info][gc,heap     ] GC(18)  Capacity:       64M (100%)         64M (100%)         64M (100%)         64M (100%)         64M (100%)         64M (100%)   
[2026-06-17T09:58:55.877+0800][1.020s][info][gc,heap     ] GC(18)      Free:        6M (9%)            6M (9%)           40M (62%)          42M (66%)          42M (66%)           6M (9%)     
[2026-06-17T09:58:55.877+0800][1.020s][info][gc,heap     ] GC(18)      Used:       58M (91%)          58M (91%)          24M (38%)          22M (34%)          58M (91%)          22M (34%)    
[2026-06-17T09:58:55.878+0800][1.020s][info][gc,heap     ] GC(18)      Live:         -                20M (31%)          20M (31%)          20M (31%)            -                  -          
[2026-06-17T09:58:55.878+0800][1.020s][info][gc,heap     ] GC(18) Allocated:         -                 0M (0%)            0M (0%)            0M (0%)             -                  -          
[2026-06-17T09:58:55.878+0800][1.020s][info][gc,heap     ] GC(18)   Garbage:         -                37M (59%)           3M (6%)            1M (3%)             -                  -          
[2026-06-17T09:58:55.878+0800][1.020s][info][gc,heap     ] GC(18) Reclaimed:         -                  -                34M (53%)          36M (56%)            -                  -          
[2026-06-17T09:58:55.878+0800][1.021s][info][gc          ] GC(18) Garbage Collection (Allocation Rate) 58M(91%)->22M(34%)
[2026-06-17T09:58:55.961+0800][1.103s][info][gc,start    ] GC(19) Garbage Collection (Allocation Rate)
[2026-06-17T09:58:55.961+0800][1.104s][info][gc,task     ] GC(19) Using 1 workers
[2026-06-17T09:58:55.962+0800][1.105s][info][gc,phases   ] GC(19) Pause Mark Start 0.013ms
[2026-06-17T09:58:55.965+0800][1.108s][info][gc,phases   ] GC(19) Concurrent Mark 2.028ms
[2026-06-17T09:58:55.966+0800][1.108s][info][gc,phases   ] GC(19) Pause Mark End 0.009ms
[2026-06-17T09:58:55.966+0800][1.109s][info][gc,phases   ] GC(19) Concurrent Mark Free 0.001ms
[2026-06-17T09:58:55.967+0800][1.110s][info][gc,phases   ] GC(19) Concurrent Process Non-Strong References 0.618ms
[2026-06-17T09:58:55.968+0800][1.110s][info][gc,phases   ] GC(19) Concurrent Reset Relocation Set 0.001ms
[2026-06-17T09:58:55.969+0800][1.112s][info][gc,phases   ] GC(19) Concurrent Select Relocation Set 1.459ms
[2026-06-17T09:58:55.970+0800][1.112s][info][gc,phases   ] GC(19) Pause Relocate Start 0.006ms
[2026-06-17T09:58:55.970+0800][1.113s][info][gc,phases   ] GC(19) Concurrent Relocate 0.076ms
[2026-06-17T09:58:55.970+0800][1.113s][info][gc,load     ] GC(19) Load: 0.31/0.47/0.53
[2026-06-17T09:58:55.971+0800][1.113s][info][gc,mmu      ] GC(19) MMU: 2ms/98.1%, 5ms/99.0%, 10ms/99.5%, 20ms/99.7%, 50ms/99.8%, 100ms/99.9%
[2026-06-17T09:58:55.971+0800][1.113s][info][gc,marking  ] GC(19) Mark: 1 stripe(s), 1 proactive flush(es), 1 terminate flush(es), 0 completion(s), 0 continuation(s) 
[2026-06-17T09:58:55.971+0800][1.114s][info][gc,marking  ] GC(19) Mark Stack Usage: 32M
[2026-06-17T09:58:55.971+0800][1.114s][info][gc,nmethod  ] GC(19) NMethods: 64 registered, 0 unregistered
[2026-06-17T09:58:55.971+0800][1.114s][info][gc,metaspace] GC(19) Metaspace: 0M used, 0M committed, 1088M reserved
[2026-06-17T09:58:55.972+0800][1.114s][info][gc,ref      ] GC(19) Soft: 0 encountered, 0 discovered, 0 enqueued
[2026-06-17T09:58:55.972+0800][1.114s][info][gc,ref      ] GC(19) Weak: 5 encountered, 0 discovered, 0 enqueued
[2026-06-17T09:58:55.972+0800][1.114s][info][gc,ref      ] GC(19) Final: 0 encountered, 0 discovered, 0 enqueued
[2026-06-17T09:58:55.972+0800][1.115s][info][gc,ref      ] GC(19) Phantom: 1 encountered, 0 discovered, 0 enqueued
[2026-06-17T09:58:55.972+0800][1.115s][info][gc,reloc    ] GC(19) Small Pages: 2 / 4M, Empty: 0M, Relocated: 0M, In-Place: 0
[2026-06-17T09:58:55.972+0800][1.115s][info][gc,reloc    ] GC(19) Large Pages: 9 / 18M, Empty: 0M, Relocated: 0M, In-Place: 0
[2026-06-17T09:58:55.972+0800][1.115s][info][gc,reloc    ] GC(19) Forwarding Usage: 0M
[2026-06-17T09:58:55.973+0800][1.115s][info][gc,heap     ] GC(19) Min Capacity: 64M(100%)
[2026-06-17T09:58:55.973+0800][1.115s][info][gc,heap     ] GC(19) Max Capacity: 64M(100%)
[2026-06-17T09:58:55.973+0800][1.115s][info][gc,heap     ] GC(19) Soft Max Capacity: 64M(100%)
[2026-06-17T09:58:55.973+0800][1.116s][info][gc,heap     ] GC(19)                Mark Start          Mark End        Relocate Start      Relocate End           High               Low         
[2026-06-17T09:58:55.973+0800][1.116s][info][gc,heap     ] GC(19)  Capacity:       64M (100%)         64M (100%)         64M (100%)         64M (100%)         64M (100%)         64M (100%)   
[2026-06-17T09:58:55.973+0800][1.116s][info][gc,heap     ] GC(19)      Free:       42M (66%)          42M (66%)          42M (66%)          42M (66%)          42M (66%)          42M (66%)    
[2026-06-17T09:58:55.973+0800][1.116s][info][gc,heap     ] GC(19)      Used:       22M (34%)          22M (34%)          22M (34%)          22M (34%)          22M (34%)          22M (34%)    
[2026-06-17T09:58:55.973+0800][1.116s][info][gc,heap     ] GC(19)      Live:         -                20M (31%)          20M (31%)          20M (31%)            -                  -          
[2026-06-17T09:58:55.974+0800][1.116s][info][gc,heap     ] GC(19) Allocated:         -                 0M (0%)            0M (0%)            0M (0%)             -                  -          
[2026-06-17T09:58:55.974+0800][1.116s][info][gc,heap     ] GC(19)   Garbage:         -                 1M (3%)            1M (3%)            1M (3%)             -                  -          
[2026-06-17T09:58:55.974+0800][1.116s][info][gc,heap     ] GC(19) Reclaimed:         -                  -                 0M (0%)            0M (0%)             -                  -          
[2026-06-17T09:58:55.974+0800][1.117s][info][gc          ] GC(19) Garbage Collection (Allocation Rate) 22M(34%)->22M(34%)
[2026-06-17T09:58:56.060+0800][1.203s][info][gc,start    ] GC(20) Garbage Collection (Allocation Rate)
[2026-06-17T09:58:56.061+0800][1.204s][info][gc,task     ] GC(20) Using 1 workers
[2026-06-17T09:58:56.062+0800][1.204s][info][gc,phases   ] GC(20) Pause Mark Start 0.012ms
[2026-06-17T09:58:56.064+0800][1.206s][info][gc,phases   ] GC(20) Concurrent Mark 1.726ms
[2026-06-17T09:58:56.064+0800][1.207s][info][gc,phases   ] GC(20) Pause Mark End 0.008ms
[2026-06-17T09:58:56.065+0800][1.207s][info][gc,phases   ] GC(20) Concurrent Mark Free 0.001ms
[2026-06-17T09:58:56.066+0800][1.209s][info][gc,phases   ] GC(20) Concurrent Process Non-Strong References 0.866ms
[2026-06-17T09:58:56.066+0800][1.209s][info][gc,phases   ] GC(20) Concurrent Reset Relocation Set 0.001ms
[2026-06-17T09:58:56.068+0800][1.211s][info][gc,phases   ] GC(20) Concurrent Select Relocation Set 1.303ms
[2026-06-17T09:58:56.068+0800][1.211s][info][gc,phases   ] GC(20) Pause Relocate Start 0.006ms
[2026-06-17T09:58:56.069+0800][1.211s][info][gc,phases   ] GC(20) Concurrent Relocate 0.202ms
[2026-06-17T09:58:56.069+0800][1.212s][info][gc,load     ] GC(20) Load: 0.31/0.47/0.53
[2026-06-17T09:58:56.069+0800][1.212s][info][gc,mmu      ] GC(20) MMU: 2ms/98.1%, 5ms/99.0%, 10ms/99.5%, 20ms/99.7%, 50ms/99.8%, 100ms/99.9%
[2026-06-17T09:58:56.069+0800][1.212s][info][gc,marking  ] GC(20) Mark: 1 stripe(s), 1 proactive flush(es), 1 terminate flush(es), 0 completion(s), 0 continuation(s) 
[2026-06-17T09:58:56.070+0800][1.212s][info][gc,marking  ] GC(20) Mark Stack Usage: 32M
[2026-06-17T09:58:56.070+0800][1.212s][info][gc,nmethod  ] GC(20) NMethods: 64 registered, 0 unregistered
[2026-06-17T09:58:56.070+0800][1.212s][info][gc,metaspace] GC(20) Metaspace: 0M used, 0M committed, 1088M reserved
[2026-06-17T09:58:56.070+0800][1.213s][info][gc,ref      ] GC(20) Soft: 0 encountered, 0 discovered, 0 enqueued
[2026-06-17T09:58:56.070+0800][1.213s][info][gc,ref      ] GC(20) Weak: 5 encountered, 0 discovered, 0 enqueued
[2026-06-17T09:58:56.071+0800][1.214s][info][gc,ref      ] GC(20) Final: 0 encountered, 0 discovered, 0 enqueued
[2026-06-17T09:58:56.072+0800][1.214s][info][gc,ref      ] GC(20) Phantom: 1 encountered, 0 discovered, 0 enqueued
[2026-06-17T09:58:56.072+0800][1.215s][info][gc,reloc    ] GC(20) Small Pages: 11 / 22M, Empty: 16M, Relocated: 1M, In-Place: 0
[2026-06-17T09:58:56.072+0800][1.215s][info][gc,reloc    ] GC(20) Large Pages: 15 / 30M, Empty: 0M, Relocated: 0M, In-Place: 0
[2026-06-17T09:58:56.073+0800][1.215s][info][gc,reloc    ] GC(20) Forwarding Usage: 0M
[2026-06-17T09:58:56.073+0800][1.216s][info][gc,heap     ] GC(20) Min Capacity: 64M(100%)
[2026-06-17T09:58:56.074+0800][1.216s][info][gc,heap     ] GC(20) Max Capacity: 64M(100%)
[2026-06-17T09:58:56.074+0800][1.216s][info][gc,heap     ] GC(20) Soft Max Capacity: 64M(100%)
[2026-06-17T09:58:56.074+0800][1.217s][info][gc,heap     ] GC(20)                Mark Start          Mark End        Relocate Start      Relocate End           High               Low         
[2026-06-17T09:58:56.074+0800][1.217s][info][gc,heap     ] GC(20)  Capacity:       64M (100%)         64M (100%)         64M (100%)         64M (100%)         64M (100%)         64M (100%)   
[2026-06-17T09:58:56.074+0800][1.217s][info][gc,heap     ] GC(20)      Free:       12M (19%)          12M (19%)          28M (44%)          30M (47%)          30M (47%)          12M (19%)    
[2026-06-17T09:58:56.074+0800][1.217s][info][gc,heap     ] GC(20)      Used:       52M (81%)          52M (81%)          36M (56%)          34M (53%)          52M (81%)          34M (53%)    
[2026-06-17T09:58:56.075+0800][1.217s][info][gc,heap     ] GC(20)      Live:         -                32M (51%)          32M (51%)          32M (51%)            -                  -          
[2026-06-17T09:58:56.075+0800][1.217s][info][gc,heap     ] GC(20) Allocated:         -                 0M (0%)            0M (0%)            0M (0%)             -                  -          
[2026-06-17T09:58:56.075+0800][1.217s][info][gc,heap     ] GC(20)   Garbage:         -                19M (31%)           3M (6%)            1M (2%)             -                  -          
[2026-06-17T09:58:56.075+0800][1.218s][info][gc,heap     ] GC(20) Reclaimed:         -                  -                16M (25%)          18M (28%)            -                  -          
[2026-06-17T09:58:56.075+0800][1.218s][info][gc          ] GC(20) Garbage Collection (Allocation Rate) 52M(81%)->34M(53%)
[2026-06-17T09:58:56.105+0800][1.247s][info][gc,start    ] GC(21) Garbage Collection (Allocation Stall)
[2026-06-17T09:58:56.106+0800][1.248s][info][gc,ref      ] GC(21) Clearing All SoftReferences
[2026-06-17T09:58:56.106+0800][1.249s][info][gc,task     ] GC(21) Using 1 workers
[2026-06-17T09:58:56.107+0800][1.250s][info][gc,phases   ] GC(21) Pause Mark Start 0.013ms
[2026-06-17T09:58:56.110+0800][1.252s][info][gc,phases   ] GC(21) Concurrent Mark 2.442ms
[2026-06-17T09:58:56.111+0800][1.253s][info][gc,phases   ] GC(21) Pause Mark End 0.011ms
[2026-06-17T09:58:56.111+0800][1.254s][info][gc,phases   ] GC(21) Concurrent Mark Free 0.002ms
[2026-06-17T09:58:56.112+0800][1.255s][info][gc,phases   ] GC(21) Concurrent Process Non-Strong References 0.591ms
[2026-06-17T09:58:56.112+0800][1.255s][info][gc,phases   ] GC(21) Concurrent Reset Relocation Set 0.002ms
[2026-06-17T09:58:56.115+0800][1.257s][info][gc          ] Allocation Stall (main) 10.082ms
[2026-06-17T09:58:56.115+0800][1.258s][info][gc,phases   ] GC(21) Concurrent Select Relocation Set 2.313ms
[2026-06-17T09:58:56.116+0800][1.258s][info][gc,phases   ] GC(21) Pause Relocate Start 0.006ms
[2026-06-17T09:58:56.117+0800][1.259s][info][gc,phases   ] GC(21) Concurrent Relocate 0.695ms
[2026-06-17T09:58:56.117+0800][1.260s][info][gc,load     ] GC(21) Load: 0.31/0.47/0.53
[2026-06-17T09:58:56.117+0800][1.260s][info][gc,mmu      ] GC(21) MMU: 2ms/98.1%, 5ms/99.0%, 10ms/99.5%, 20ms/99.7%, 50ms/99.8%, 100ms/99.9%
[2026-06-17T09:58:56.117+0800][1.260s][info][gc,marking  ] GC(21) Mark: 1 stripe(s), 1 proactive flush(es), 1 terminate flush(es), 0 completion(s), 0 continuation(s) 
[2026-06-17T09:58:56.118+0800][1.260s][info][gc,marking  ] GC(21) Mark Stack Usage: 32M
[2026-06-17T09:58:56.118+0800][1.260s][info][gc,nmethod  ] GC(21) NMethods: 64 registered, 0 unregistered
[2026-06-17T09:58:56.118+0800][1.261s][info][gc,metaspace] GC(21) Metaspace: 0M used, 0M committed, 1088M reserved
[2026-06-17T09:58:56.118+0800][1.261s][info][gc,ref      ] GC(21) Soft: 0 encountered, 0 discovered, 0 enqueued
[2026-06-17T09:58:56.119+0800][1.261s][info][gc,ref      ] GC(21) Weak: 5 encountered, 0 discovered, 0 enqueued
[2026-06-17T09:58:56.119+0800][1.261s][info][gc,ref      ] GC(21) Final: 0 encountered, 0 discovered, 0 enqueued
[2026-06-17T09:58:56.119+0800][1.262s][info][gc,ref      ] GC(21) Phantom: 1 encountered, 0 discovered, 0 enqueued
[2026-06-17T09:58:56.119+0800][1.262s][info][gc,reloc    ] GC(21) Small Pages: 11 / 22M, Empty: 10M, Relocated: 2M, In-Place: 0
[2026-06-17T09:58:56.119+0800][1.262s][info][gc,reloc    ] GC(21) Large Pages: 21 / 42M, Empty: 0M, Relocated: 0M, In-Place: 0
[2026-06-17T09:58:56.120+0800][1.262s][info][gc,reloc    ] GC(21) Forwarding Usage: 0M
[2026-06-17T09:58:56.120+0800][1.262s][info][gc,heap     ] GC(21) Min Capacity: 64M(100%)
[2026-06-17T09:58:56.120+0800][1.262s][info][gc,heap     ] GC(21) Max Capacity: 64M(100%)
[2026-06-17T09:58:56.120+0800][1.263s][info][gc,heap     ] GC(21) Soft Max Capacity: 64M(100%)
[2026-06-17T09:58:56.120+0800][1.263s][info][gc,heap     ] GC(21)                Mark Start          Mark End        Relocate Start      Relocate End           High               Low         
[2026-06-17T09:58:56.120+0800][1.263s][info][gc,heap     ] GC(21)  Capacity:       64M (100%)         64M (100%)         64M (100%)         64M (100%)         64M (100%)         64M (100%)   
[2026-06-17T09:58:56.120+0800][1.263s][info][gc,heap     ] GC(21)      Free:        0M (0%)            0M (0%)            8M (12%)          12M (19%)          12M (19%)           0M (0%)     
[2026-06-17T09:58:56.121+0800][1.263s][info][gc,heap     ] GC(21)      Used:       64M (100%)         64M (100%)         56M (88%)          52M (81%)          64M (100%)         52M (81%)    
[2026-06-17T09:58:56.121+0800][1.263s][info][gc,heap     ] GC(21)      Live:         -                46M (72%)          46M (72%)          46M (72%)            -                  -          
[2026-06-17T09:58:56.121+0800][1.263s][info][gc,heap     ] GC(21) Allocated:         -                 0M (0%)            2M (3%)            3M (6%)             -                  -          
[2026-06-17T09:58:56.121+0800][1.264s][info][gc,heap     ] GC(21)   Garbage:         -                17M (28%)           7M (12%)           1M (3%)             -                  -          
[2026-06-17T09:58:56.121+0800][1.264s][info][gc,heap     ] GC(21) Reclaimed:         -                  -                10M (16%)          15M (25%)            -                  -          
[2026-06-17T09:58:56.121+0800][1.264s][info][gc          ] GC(21) Garbage Collection (Allocation Stall) 64M(100%)->52M(81%)
[2026-06-17T09:58:56.149+0800][1.292s][info][gc,start    ] GC(22) Garbage Collection (Allocation Stall)
[2026-06-17T09:58:56.150+0800][1.293s][info][gc,ref      ] GC(22) Clearing All SoftReferences
[2026-06-17T09:58:56.151+0800][1.293s][info][gc,task     ] GC(22) Using 1 workers
[2026-06-17T09:58:56.151+0800][1.294s][info][gc,phases   ] GC(22) Pause Mark Start 0.011ms
[2026-06-17T09:58:56.154+0800][1.297s][info][gc,phases   ] GC(22) Concurrent Mark 2.352ms
[2026-06-17T09:58:56.155+0800][1.297s][info][gc,phases   ] GC(22) Pause Mark End 0.010ms
[2026-06-17T09:58:56.155+0800][1.297s][info][gc,phases   ] GC(22) Concurrent Mark Free 0.001ms
[2026-06-17T09:58:56.156+0800][1.298s][info][gc,phases   ] GC(22) Concurrent Process Non-Strong References 0.680ms
[2026-06-17T09:58:56.156+0800][1.299s][info][gc,phases   ] GC(22) Concurrent Reset Relocation Set 0.001ms
[2026-06-17T09:58:56.158+0800][1.301s][info][gc          ] Allocation Stall (main) 9.077ms
[2026-06-17T09:58:56.158+0800][1.301s][info][gc,phases   ] GC(22) Concurrent Select Relocation Set 1.927ms
[2026-06-17T09:58:56.159+0800][1.302s][info][gc,phases   ] GC(22) Pause Relocate Start 0.006ms
[2026-06-17T09:58:56.160+0800][1.302s][info][gc,phases   ] GC(22) Concurrent Relocate 0.401ms
[2026-06-17T09:58:56.160+0800][1.303s][info][gc,load     ] GC(22) Load: 0.31/0.47/0.53
[2026-06-17T09:58:56.161+0800][1.303s][info][gc,mmu      ] GC(22) MMU: 2ms/98.1%, 5ms/99.0%, 10ms/99.5%, 20ms/99.7%, 50ms/99.8%, 100ms/99.9%
[2026-06-17T09:58:56.161+0800][1.303s][info][gc,marking  ] GC(22) Mark: 1 stripe(s), 1 proactive flush(es), 1 terminate flush(es), 0 completion(s), 0 continuation(s) 
[2026-06-17T09:58:56.161+0800][1.304s][info][gc,marking  ] GC(22) Mark Stack Usage: 32M
[2026-06-17T09:58:56.161+0800][1.304s][info][gc,nmethod  ] GC(22) NMethods: 64 registered, 0 unregistered
[2026-06-17T09:58:56.161+0800][1.304s][info][gc,metaspace] GC(22) Metaspace: 0M used, 0M committed, 1088M reserved
[2026-06-17T09:58:56.162+0800][1.304s][info][gc,ref      ] GC(22) Soft: 0 encountered, 0 discovered, 0 enqueued
[2026-06-17T09:58:56.162+0800][1.304s][info][gc,ref      ] GC(22) Weak: 5 encountered, 0 discovered, 0 enqueued
[2026-06-17T09:58:56.162+0800][1.304s][info][gc,ref      ] GC(22) Final: 0 encountered, 0 discovered, 0 enqueued
[2026-06-17T09:58:56.162+0800][1.305s][info][gc,ref      ] GC(22) Phantom: 1 encountered, 0 discovered, 0 enqueued
[2026-06-17T09:58:56.162+0800][1.305s][info][gc,reloc    ] GC(22) Small Pages: 9 / 18M, Empty: 8M, Relocated: 1M, In-Place: 0
[2026-06-17T09:58:56.162+0800][1.305s][info][gc,reloc    ] GC(22) Large Pages: 23 / 46M, Empty: 0M, Relocated: 0M, In-Place: 0
[2026-06-17T09:58:56.163+0800][1.305s][info][gc,reloc    ] GC(22) Forwarding Usage: 0M
[2026-06-17T09:58:56.163+0800][1.306s][info][gc,heap     ] GC(22) Min Capacity: 64M(100%)
[2026-06-17T09:58:56.163+0800][1.306s][info][gc,heap     ] GC(22) Max Capacity: 64M(100%)
[2026-06-17T09:58:56.163+0800][1.306s][info][gc,heap     ] GC(22) Soft Max Capacity: 64M(100%)
[2026-06-17T09:58:56.163+0800][1.306s][info][gc,heap     ] GC(22)                Mark Start          Mark End        Relocate Start      Relocate End           High               Low         
[2026-06-17T09:58:56.164+0800][1.306s][info][gc,heap     ] GC(22)  Capacity:       64M (100%)         64M (100%)         64M (100%)         64M (100%)         64M (100%)         64M (100%)   
[2026-06-17T09:58:56.164+0800][1.306s][info][gc,heap     ] GC(22)      Free:        0M (0%)            0M (0%)            6M (9%)            6M (9%)            8M (12%)           0M (0%)     
[2026-06-17T09:58:56.164+0800][1.306s][info][gc,heap     ] GC(22)      Used:       64M (100%)         64M (100%)         58M (91%)          58M (91%)          64M (100%)         56M (88%)    
[2026-06-17T09:58:56.164+0800][1.306s][info][gc,heap     ] GC(22)      Live:         -                50M (79%)          50M (79%)          50M (79%)            -                  -          
[2026-06-17T09:58:56.164+0800][1.307s][info][gc,heap     ] GC(22) Allocated:         -                 0M (0%)            2M (3%)            5M (9%)             -                  -          
[2026-06-17T09:58:56.164+0800][1.307s][info][gc,heap     ] GC(22)   Garbage:         -                13M (21%)           5M (9%)            1M (2%)             -                  -          
[2026-06-17T09:58:56.164+0800][1.307s][info][gc,heap     ] GC(22) Reclaimed:         -                  -                 8M (12%)          11M (19%)            -                  -          
[2026-06-17T09:58:56.164+0800][1.307s][info][gc          ] GC(22) Garbage Collection (Allocation Stall) 64M(100%)->58M(91%)
[2026-06-17T09:58:56.181+0800][1.324s][info][gc,start    ] GC(23) Garbage Collection (Allocation Stall)
[2026-06-17T09:58:56.182+0800][1.324s][info][gc,ref      ] GC(23) Clearing All SoftReferences
[2026-06-17T09:58:56.182+0800][1.325s][info][gc,task     ] GC(23) Using 1 workers
[2026-06-17T09:58:56.182+0800][1.325s][info][gc,phases   ] GC(23) Pause Mark Start 0.008ms
[2026-06-17T09:58:56.185+0800][1.327s][info][gc,phases   ] GC(23) Concurrent Mark 1.830ms
[2026-06-17T09:58:56.185+0800][1.328s][info][gc,phases   ] GC(23) Pause Mark End 0.008ms
[2026-06-17T09:58:56.185+0800][1.328s][info][gc,phases   ] GC(23) Concurrent Mark Free 0.001ms
[2026-06-17T09:58:56.186+0800][1.329s][info][gc,phases   ] GC(23) Concurrent Process Non-Strong References 0.524ms
[2026-06-17T09:58:56.186+0800][1.329s][info][gc,phases   ] GC(23) Concurrent Reset Relocation Set 0.001ms
[2026-06-17T09:58:56.188+0800][1.331s][info][gc,phases   ] GC(23) Concurrent Select Relocation Set 1.473ms
[2026-06-17T09:58:56.188+0800][1.331s][info][gc,phases   ] GC(23) Pause Relocate Start 0.005ms
[2026-06-17T09:58:56.189+0800][1.331s][info][gc          ] Allocation Stall (main) 7.595ms
[2026-06-17T09:58:56.189+0800][1.331s][info][gc,phases   ] GC(23) Concurrent Relocate 0.234ms
[2026-06-17T09:58:56.189+0800][1.332s][info][gc,load     ] GC(23) Load: 0.31/0.47/0.53
[2026-06-17T09:58:56.190+0800][1.332s][info][gc,mmu      ] GC(23) MMU: 2ms/98.1%, 5ms/99.0%, 10ms/99.5%, 20ms/99.7%, 50ms/99.8%, 100ms/99.9%
[2026-06-17T09:58:56.190+0800][1.332s][info][gc,marking  ] GC(23) Mark: 1 stripe(s), 1 proactive flush(es), 1 terminate flush(es), 0 completion(s), 0 continuation(s) 
[2026-06-17T09:58:56.190+0800][1.332s][info][gc,marking  ] GC(23) Mark Stack Usage: 32M
[2026-06-17T09:58:56.190+0800][1.333s][info][gc,nmethod  ] GC(23) NMethods: 64 registered, 0 unregistered
[2026-06-17T09:58:56.190+0800][1.333s][info][gc,metaspace] GC(23) Metaspace: 0M used, 0M committed, 1088M reserved
[2026-06-17T09:58:56.190+0800][1.333s][info][gc,ref      ] GC(23) Soft: 0 encountered, 0 discovered, 0 enqueued
[2026-06-17T09:58:56.191+0800][1.333s][info][gc,ref      ] GC(23) Weak: 5 encountered, 0 discovered, 0 enqueued
[2026-06-17T09:58:56.191+0800][1.333s][info][gc,ref      ] GC(23) Final: 0 encountered, 0 discovered, 0 enqueued
[2026-06-17T09:58:56.191+0800][1.334s][info][gc,ref      ] GC(23) Phantom: 1 encountered, 0 discovered, 0 enqueued
[2026-06-17T09:58:56.191+0800][1.334s][info][gc,reloc    ] GC(23) Small Pages: 5 / 10M, Empty: 0M, Relocated: 1M, In-Place: 1
[2026-06-17T09:58:56.191+0800][1.334s][info][gc,reloc    ] GC(23) Large Pages: 27 / 54M, Empty: 0M, Relocated: 0M, In-Place: 0
[2026-06-17T09:58:56.191+0800][1.334s][info][gc,reloc    ] GC(23) Forwarding Usage: 0M
[2026-06-17T09:58:56.191+0800][1.334s][info][gc,heap     ] GC(23) Min Capacity: 64M(100%)
[2026-06-17T09:58:56.192+0800][1.334s][info][gc,heap     ] GC(23) Max Capacity: 64M(100%)
[2026-06-17T09:58:56.192+0800][1.334s][info][gc,heap     ] GC(23) Soft Max Capacity: 64M(100%)
[2026-06-17T09:58:56.192+0800][1.334s][info][gc,heap     ] GC(23)                Mark Start          Mark End        Relocate Start      Relocate End           High               Low         
[2026-06-17T09:58:56.192+0800][1.334s][info][gc,heap     ] GC(23)  Capacity:       64M (100%)         64M (100%)         64M (100%)         64M (100%)         64M (100%)         64M (100%)   
[2026-06-17T09:58:56.192+0800][1.335s][info][gc,heap     ] GC(23)      Free:        0M (0%)            0M (0%)            0M (0%)            2M (3%)            2M (3%)            0M (0%)     
[2026-06-17T09:58:56.192+0800][1.335s][info][gc,heap     ] GC(23)      Used:       64M (100%)         64M (100%)         64M (100%)         62M (97%)          64M (100%)         62M (97%)    
[2026-06-17T09:58:56.192+0800][1.335s][info][gc,heap     ] GC(23)      Live:         -                58M (92%)          58M (92%)          58M (92%)            -                  -          
[2026-06-17T09:58:56.192+0800][1.335s][info][gc,heap     ] GC(23) Allocated:         -                 0M (0%)            0M (0%)            2M (3%)             -                  -          
[2026-06-17T09:58:56.192+0800][1.335s][info][gc,heap     ] GC(23)   Garbage:         -                 5M (8%)            5M (8%)            1M (2%)             -                  -          
[2026-06-17T09:58:56.193+0800][1.335s][info][gc,heap     ] GC(23) Reclaimed:         -                  -                 0M (0%)            4M (6%)             -                  -          
[2026-06-17T09:58:56.193+0800][1.335s][info][gc          ] GC(23) Garbage Collection (Allocation Stall) 64M(100%)->62M(97%)
[2026-06-17T09:58:56.200+0800][1.342s][info][gc,start    ] GC(24) Garbage Collection (Allocation Stall)
[2026-06-17T09:58:56.200+0800][1.342s][info][gc,ref      ] GC(24) Clearing All SoftReferences
[2026-06-17T09:58:56.203+0800][1.345s][info][gc,task     ] GC(24) Using 1 workers
[2026-06-17T09:58:56.204+0800][1.346s][info][gc,phases   ] GC(24) Pause Mark Start 0.006ms
[2026-06-17T09:58:56.205+0800][1.347s][info][gc,phases   ] GC(24) Concurrent Mark 0.880ms
[2026-06-17T09:58:56.205+0800][1.348s][info][gc,phases   ] GC(24) Pause Mark End 0.005ms
[2026-06-17T09:58:56.205+0800][1.348s][info][gc,phases   ] GC(24) Concurrent Mark Free 0.001ms
[2026-06-17T09:58:56.206+0800][1.348s][info][gc,phases   ] GC(24) Concurrent Process Non-Strong References 0.247ms
[2026-06-17T09:58:56.206+0800][1.348s][info][gc,phases   ] GC(24) Concurrent Reset Relocation Set 0.001ms
[2026-06-17T09:58:56.207+0800][1.349s][info][gc          ] Allocation Stall (main) 7.231ms
[2026-06-17T09:58:56.207+0800][1.349s][info][gc,phases   ] GC(24) Concurrent Select Relocation Set 0.768ms
[2026-06-17T09:58:56.207+0800][1.350s][info][gc,phases   ] GC(24) Pause Relocate Start 0.003ms
[2026-06-17T09:58:56.207+0800][1.350s][info][gc,phases   ] GC(24) Concurrent Relocate 0.033ms
[2026-06-17T09:58:56.208+0800][1.350s][info][gc,load     ] GC(24) Load: 0.31/0.47/0.53
[2026-06-17T09:58:56.208+0800][1.350s][info][gc,mmu      ] GC(24) MMU: 2ms/98.1%, 5ms/99.0%, 10ms/99.5%, 20ms/99.7%, 50ms/99.8%, 100ms/99.9%
[2026-06-17T09:58:56.208+0800][1.350s][info][gc,marking  ] GC(24) Mark: 1 stripe(s), 1 proactive flush(es), 1 terminate flush(es), 0 completion(s), 0 continuation(s) 
[2026-06-17T09:58:56.208+0800][1.351s][info][gc,marking  ] GC(24) Mark Stack Usage: 32M
[2026-06-17T09:58:56.208+0800][1.351s][info][gc,nmethod  ] GC(24) NMethods: 64 registered, 0 unregistered
[2026-06-17T09:58:56.208+0800][1.351s][info][gc,metaspace] GC(24) Metaspace: 0M used, 0M committed, 1088M reserved
[2026-06-17T09:58:56.208+0800][1.351s][info][gc,ref      ] GC(24) Soft: 0 encountered, 0 discovered, 0 enqueued
[2026-06-17T09:58:56.209+0800][1.351s][info][gc,ref      ] GC(24) Weak: 5 encountered, 0 discovered, 0 enqueued
[2026-06-17T09:58:56.209+0800][1.351s][info][gc,ref      ] GC(24) Final: 0 encountered, 0 discovered, 0 enqueued
[2026-06-17T09:58:56.209+0800][1.351s][info][gc,ref      ] GC(24) Phantom: 1 encountered, 0 discovered, 0 enqueued
[2026-06-17T09:58:56.209+0800][1.351s][info][gc,reloc    ] GC(24) Small Pages: 5 / 10M, Empty: 2M, Relocated: 0M, In-Place: 0
[2026-06-17T09:58:56.209+0800][1.351s][info][gc,reloc    ] GC(24) Large Pages: 27 / 54M, Empty: 0M, Relocated: 0M, In-Place: 0
[2026-06-17T09:58:56.209+0800][1.352s][info][gc,reloc    ] GC(24) Forwarding Usage: 0M
[2026-06-17T09:58:56.209+0800][1.352s][info][gc,heap     ] GC(24) Min Capacity: 64M(100%)
[2026-06-17T09:58:56.209+0800][1.352s][info][gc,heap     ] GC(24) Max Capacity: 64M(100%)
[2026-06-17T09:58:56.209+0800][1.352s][info][gc,heap     ] GC(24) Soft Max Capacity: 64M(100%)
[2026-06-17T09:58:56.209+0800][1.352s][info][gc,heap     ] GC(24)                Mark Start          Mark End        Relocate Start      Relocate End           High               Low         
[2026-06-17T09:58:56.209+0800][1.352s][info][gc,heap     ] GC(24)  Capacity:       64M (100%)         64M (100%)         64M (100%)         64M (100%)         64M (100%)         64M (100%)   
[2026-06-17T09:58:56.209+0800][1.352s][info][gc,heap     ] GC(24)      Free:        0M (0%)            0M (0%)            0M (0%)            0M (0%)            2M (3%)            0M (0%)     
[2026-06-17T09:58:56.209+0800][1.352s][info][gc,heap     ] GC(24)      Used:       64M (100%)         64M (100%)         64M (100%)         64M (100%)         64M (100%)         62M (97%)    
[2026-06-17T09:58:56.210+0800][1.352s][info][gc,heap     ] GC(24)      Live:         -                59M (93%)          59M (93%)          59M (93%)            -                  -          
[2026-06-17T09:58:56.210+0800][1.352s][info][gc,heap     ] GC(24) Allocated:         -                 0M (0%)            2M (3%)            2M (3%)             -                  -          
[2026-06-17T09:58:56.210+0800][1.352s][info][gc,heap     ] GC(24)   Garbage:         -                 4M (7%)            2M (4%)            2M (4%)             -                  -          
[2026-06-17T09:58:56.210+0800][1.352s][info][gc,heap     ] GC(24) Reclaimed:         -                  -                 2M (3%)            2M (3%)             -                  -          
[2026-06-17T09:58:56.210+0800][1.352s][info][gc          ] GC(24) Garbage Collection (Allocation Stall) 64M(100%)->64M(100%)
[2026-06-17T09:58:56.210+0800][1.352s][info][gc,start    ] GC(25) Garbage Collection (Allocation Stall)
[2026-06-17T09:58:56.210+0800][1.353s][info][gc,ref      ] GC(25) Clearing All SoftReferences
[2026-06-17T09:58:56.210+0800][1.353s][info][gc,task     ] GC(25) Using 1 workers
[2026-06-17T09:58:56.210+0800][1.353s][info][gc,phases   ] GC(25) Pause Mark Start 0.002ms
[2026-06-17T09:58:56.211+0800][1.354s][info][gc,phases   ] GC(25) Concurrent Mark 0.921ms
[2026-06-17T09:58:56.213+0800][1.355s][info][gc,phases   ] GC(25) Pause Mark End 0.004ms
[2026-06-17T09:58:56.213+0800][1.356s][info][gc,phases   ] GC(25) Concurrent Mark Free 0.002ms
[2026-06-17T09:58:56.213+0800][1.356s][info][gc,phases   ] GC(25) Concurrent Process Non-Strong References 0.207ms
[2026-06-17T09:58:56.213+0800][1.356s][info][gc,phases   ] GC(25) Concurrent Reset Relocation Set 0.000ms
[2026-06-17T09:58:56.214+0800][1.357s][info][gc,phases   ] GC(25) Concurrent Select Relocation Set 0.775ms
[2026-06-17T09:58:56.214+0800][1.357s][info][gc,phases   ] GC(25) Pause Relocate Start 0.003ms
[2026-06-17T09:58:56.215+0800][1.357s][info][gc,phases   ] GC(25) Concurrent Relocate 0.027ms
[2026-06-17T09:58:56.215+0800][1.357s][info][gc,load     ] GC(25) Load: 0.31/0.47/0.53
[2026-06-17T09:58:56.215+0800][1.357s][info][gc,mmu      ] GC(25) MMU: 2ms/98.1%, 5ms/99.0%, 10ms/99.5%, 20ms/99.7%, 50ms/99.8%, 100ms/99.9%
[2026-06-17T09:58:56.215+0800][1.357s][info][gc,marking  ] GC(25) Mark: 1 stripe(s), 1 proactive flush(es), 1 terminate flush(es), 0 completion(s), 0 continuation(s) 
[2026-06-17T09:58:56.215+0800][1.357s][info][gc,marking  ] GC(25) Mark Stack Usage: 32M
[2026-06-17T09:58:56.215+0800][1.357s][info][gc,nmethod  ] GC(25) NMethods: 64 registered, 0 unregistered
[2026-06-17T09:58:56.215+0800][1.358s][info][gc,metaspace] GC(25) Metaspace: 0M used, 0M committed, 1088M reserved
[2026-06-17T09:58:56.215+0800][1.358s][info][gc,ref      ] GC(25) Soft: 0 encountered, 0 discovered, 0 enqueued
[2026-06-17T09:58:56.215+0800][1.358s][info][gc,ref      ] GC(25) Weak: 5 encountered, 0 discovered, 0 enqueued
[2026-06-17T09:58:56.215+0800][1.358s][info][gc,ref      ] GC(25) Final: 0 encountered, 0 discovered, 0 enqueued
[2026-06-17T09:58:56.215+0800][1.358s][info][gc,ref      ] GC(25) Phantom: 1 encountered, 0 discovered, 0 enqueued
[2026-06-17T09:58:56.215+0800][1.358s][info][gc,reloc    ] GC(25) Small Pages: 5 / 10M, Empty: 0M, Relocated: 0M, In-Place: 0
[2026-06-17T09:58:56.215+0800][1.358s][info][gc,reloc    ] GC(25) Large Pages: 27 / 54M, Empty: 0M, Relocated: 0M, In-Place: 0
[2026-06-17T09:58:56.215+0800][1.358s][info][gc,reloc    ] GC(25) Forwarding Usage: 0M
[2026-06-17T09:58:56.216+0800][1.358s][info][gc,heap     ] GC(25) Min Capacity: 64M(100%)
[2026-06-17T09:58:56.216+0800][1.358s][info][gc,heap     ] GC(25) Max Capacity: 64M(100%)
[2026-06-17T09:58:56.216+0800][1.358s][info][gc,heap     ] GC(25) Soft Max Capacity: 64M(100%)
[2026-06-17T09:58:56.216+0800][1.359s][info][gc,heap     ] GC(25)                Mark Start          Mark End        Relocate Start      Relocate End           High               Low         
[2026-06-17T09:58:56.216+0800][1.359s][info][gc,heap     ] GC(25)  Capacity:       64M (100%)         64M (100%)         64M (100%)         64M (100%)         64M (100%)         64M (100%)   
[2026-06-17T09:58:56.216+0800][1.359s][info][gc,heap     ] GC(25)      Free:        0M (0%)            0M (0%)            0M (0%)            0M (0%)            0M (0%)            0M (0%)     
[2026-06-17T09:58:56.216+0800][1.359s][info][gc,heap     ] GC(25)      Used:       64M (100%)         64M (100%)         64M (100%)         64M (100%)         64M (100%)         64M (100%)   
[2026-06-17T09:58:56.216+0800][1.359s][info][gc,heap     ] GC(25)      Live:         -                61M (96%)          61M (96%)          61M (96%)            -                  -          
[2026-06-17T09:58:56.216+0800][1.359s][info][gc,heap     ] GC(25) Allocated:         -                 0M (0%)            0M (0%)            0M (0%)             -                  -          
[2026-06-17T09:58:56.216+0800][1.359s][info][gc,heap     ] GC(25)   Garbage:         -                 2M (4%)            2M (4%)            2M (4%)             -                  -          
[2026-06-17T09:58:56.217+0800][1.359s][info][gc,heap     ] GC(25) Reclaimed:         -                  -                 0M (0%)            0M (0%)             -                  -          
[2026-06-17T09:58:56.217+0800][1.359s][info][gc          ] GC(25) Garbage Collection (Allocation Stall) 64M(100%)->64M(100%)
[2026-06-17T09:58:56.217+0800][1.359s][info][gc          ] Allocation Stall (main) 9.322ms
[2026-06-17T09:58:56.217+0800][1.359s][info][gc,start    ] GC(26) Garbage Collection (Allocation Stall)
[2026-06-17T09:58:56.217+0800][1.359s][info][gc,ref      ] GC(26) Clearing All SoftReferences
[2026-06-17T09:58:56.217+0800][1.360s][info][gc,task     ] GC(26) Using 1 workers
[2026-06-17T09:58:56.217+0800][1.360s][info][gc,phases   ] GC(26) Pause Mark Start 0.002ms
[2026-06-17T09:58:56.218+0800][1.360s][info][gc,phases   ] GC(26) Concurrent Mark 0.677ms
[2026-06-17T09:58:56.218+0800][1.361s][info][gc,phases   ] GC(26) Pause Mark End 0.003ms
[2026-06-17T09:58:56.218+0800][1.361s][info][gc,phases   ] GC(26) Concurrent Mark Free 0.000ms
[2026-06-17T09:58:56.218+0800][1.361s][info][gc,phases   ] GC(26) Concurrent Process Non-Strong References 0.246ms
[2026-06-17T09:58:56.219+0800][1.361s][info][gc,phases   ] GC(26) Concurrent Reset Relocation Set 0.001ms
[2026-06-17T09:58:56.219+0800][1.362s][info][gc,phases   ] GC(26) Concurrent Select Relocation Set 0.753ms
[2026-06-17T09:58:56.220+0800][1.362s][info][gc,phases   ] GC(26) Pause Relocate Start 0.002ms
[2026-06-17T09:58:56.220+0800][1.362s][info][gc,phases   ] GC(26) Concurrent Relocate 0.026ms
[2026-06-17T09:58:56.220+0800][1.362s][info][gc,load     ] GC(26) Load: 0.31/0.47/0.53
[2026-06-17T09:58:56.220+0800][1.362s][info][gc,mmu      ] GC(26) MMU: 2ms/98.1%, 5ms/99.0%, 10ms/99.5%, 20ms/99.7%, 50ms/99.8%, 100ms/99.9%
[2026-06-17T09:58:56.220+0800][1.362s][info][gc,marking  ] GC(26) Mark: 1 stripe(s), 1 proactive flush(es), 1 terminate flush(es), 0 completion(s), 0 continuation(s) 
[2026-06-17T09:58:56.220+0800][1.362s][info][gc,marking  ] GC(26) Mark Stack Usage: 32M
[2026-06-17T09:58:56.220+0800][1.363s][info][gc,nmethod  ] GC(26) NMethods: 64 registered, 0 unregistered
[2026-06-17T09:58:56.220+0800][1.363s][info][gc,metaspace] GC(26) Metaspace: 0M used, 0M committed, 1088M reserved
[2026-06-17T09:58:56.220+0800][1.363s][info][gc,ref      ] GC(26) Soft: 0 encountered, 0 discovered, 0 enqueued
[2026-06-17T09:58:56.220+0800][1.363s][info][gc,ref      ] GC(26) Weak: 5 encountered, 0 discovered, 0 enqueued
[2026-06-17T09:58:56.220+0800][1.363s][info][gc,ref      ] GC(26) Final: 0 encountered, 0 discovered, 0 enqueued
[2026-06-17T09:58:56.220+0800][1.363s][info][gc,ref      ] GC(26) Phantom: 1 encountered, 0 discovered, 0 enqueued
[2026-06-17T09:58:56.220+0800][1.363s][info][gc,reloc    ] GC(26) Small Pages: 5 / 10M, Empty: 0M, Relocated: 0M, In-Place: 0
[2026-06-17T09:58:56.221+0800][1.363s][info][gc,reloc    ] GC(26) Large Pages: 27 / 54M, Empty: 0M, Relocated: 0M, In-Place: 0
[2026-06-17T09:58:56.221+0800][1.363s][info][gc,reloc    ] GC(26) Forwarding Usage: 0M
[2026-06-17T09:58:56.221+0800][1.363s][info][gc,heap     ] GC(26) Min Capacity: 64M(100%)
[2026-06-17T09:58:56.221+0800][1.363s][info][gc,heap     ] GC(26) Max Capacity: 64M(100%)
[2026-06-17T09:58:56.221+0800][1.363s][info][gc,heap     ] GC(26) Soft Max Capacity: 64M(100%)
[2026-06-17T09:58:56.221+0800][1.363s][info][gc,heap     ] GC(26)                Mark Start          Mark End        Relocate Start      Relocate End           High               Low         
[2026-06-17T09:58:56.221+0800][1.364s][info][gc,heap     ] GC(26)  Capacity:       64M (100%)         64M (100%)         64M (100%)         64M (100%)         64M (100%)         64M (100%)   
[2026-06-17T09:58:56.221+0800][1.364s][info][gc,heap     ] GC(26)      Free:        0M (0%)            0M (0%)            0M (0%)            0M (0%)            0M (0%)            0M (0%)     
[2026-06-17T09:58:56.221+0800][1.364s][info][gc,heap     ] GC(26)      Used:       64M (100%)         64M (100%)         64M (100%)         64M (100%)         64M (100%)         64M (100%)   
[2026-06-17T09:58:56.221+0800][1.364s][info][gc,heap     ] GC(26)      Live:         -                61M (96%)          61M (96%)          61M (96%)            -                  -          
[2026-06-17T09:58:56.221+0800][1.364s][info][gc,heap     ] GC(26) Allocated:         -                 0M (0%)            0M (0%)            0M (0%)             -                  -          
[2026-06-17T09:58:56.221+0800][1.364s][info][gc,heap     ] GC(26)   Garbage:         -                 2M (4%)            2M (4%)            2M (4%)             -                  -          
[2026-06-17T09:58:56.221+0800][1.364s][info][gc,heap     ] GC(26) Reclaimed:         -                  -                 0M (0%)            0M (0%)             -                  -          
[2026-06-17T09:58:56.222+0800][1.364s][info][gc          ] GC(26) Garbage Collection (Allocation Stall) 64M(100%)->64M(100%)
[2026-06-17T09:58:56.222+0800][1.364s][info][gc          ] Allocation Stall (main) 4.793ms
[2026-06-17T09:58:56.222+0800][1.364s][info][gc          ] Out Of Memory (main)
[2026-06-17T09:58:56.222+0800][1.364s][info][gc,start    ] GC(27) Garbage Collection (Allocation Stall)
[2026-06-17T09:58:56.222+0800][1.365s][info][gc,ref      ] GC(27) Clearing All SoftReferences
[2026-06-17T09:58:56.222+0800][1.365s][info][gc,task     ] GC(27) Using 1 workers
[2026-06-17T09:58:56.222+0800][1.365s][info][gc,phases   ] GC(27) Pause Mark Start 0.002ms
[2026-06-17T09:58:56.223+0800][1.365s][info][gc,phases   ] GC(27) Concurrent Mark 0.570ms
[2026-06-17T09:58:56.223+0800][1.366s][info][gc,phases   ] GC(27) Pause Mark End 0.007ms
[2026-06-17T09:58:56.223+0800][1.366s][info][gc,phases   ] GC(27) Concurrent Mark Free 0.001ms
[2026-06-17T09:58:56.224+0800][1.366s][info][gc,phases   ] GC(27) Concurrent Process Non-Strong References 0.439ms
[2026-06-17T09:58:56.224+0800][1.366s][info][gc,phases   ] GC(27) Concurrent Reset Relocation Set 0.001ms
[2026-06-17T09:58:56.225+0800][1.367s][info][gc          ] Allocation Stall (main) 2.702ms
[2026-06-17T09:58:56.225+0800][1.367s][info][gc,phases   ] GC(27) Concurrent Select Relocation Set 0.738ms
[2026-06-17T09:58:56.225+0800][1.367s][info][gc,phases   ] GC(27) Pause Relocate Start 0.008ms
[2026-06-17T09:58:56.225+0800][1.368s][info][gc,phases   ] GC(27) Concurrent Relocate 0.028ms
[2026-06-17T09:58:56.225+0800][1.368s][info][gc,load     ] GC(27) Load: 0.31/0.47/0.53
[2026-06-17T09:58:56.225+0800][1.368s][info][gc,mmu      ] GC(27) MMU: 2ms/98.1%, 5ms/99.0%, 10ms/99.5%, 20ms/99.7%, 50ms/99.8%, 100ms/99.9%
[2026-06-17T09:58:56.225+0800][1.368s][info][gc,marking  ] GC(27) Mark: 1 stripe(s), 1 proactive flush(es), 1 terminate flush(es), 0 completion(s), 0 continuation(s) 
[2026-06-17T09:58:56.225+0800][1.368s][info][gc,marking  ] GC(27) Mark Stack Usage: 32M
[2026-06-17T09:58:56.225+0800][1.368s][info][gc,nmethod  ] GC(27) NMethods: 64 registered, 0 unregistered
[2026-06-17T09:58:56.225+0800][1.368s][info][gc,metaspace] GC(27) Metaspace: 0M used, 0M committed, 1088M reserved
[2026-06-17T09:58:56.225+0800][1.368s][info][gc,ref      ] GC(27) Soft: 0 encountered, 0 discovered, 0 enqueued
[2026-06-17T09:58:56.226+0800][1.368s][info][gc,ref      ] GC(27) Weak: 5 encountered, 0 discovered, 0 enqueued
[2026-06-17T09:58:56.226+0800][1.368s][info][gc,ref      ] GC(27) Final: 0 encountered, 0 discovered, 0 enqueued
[2026-06-17T09:58:56.226+0800][1.368s][info][gc,ref      ] GC(27) Phantom: 1 encountered, 0 discovered, 0 enqueued
[2026-06-17T09:58:56.226+0800][1.368s][info][gc,reloc    ] GC(27) Small Pages: 5 / 10M, Empty: 4M, Relocated: 0M, In-Place: 0
[2026-06-17T09:58:56.226+0800][1.368s][info][gc,reloc    ] GC(27) Large Pages: 27 / 54M, Empty: 0M, Relocated: 0M, In-Place: 0
[2026-06-17T09:58:56.226+0800][1.368s][info][gc,reloc    ] GC(27) Forwarding Usage: 0M
[2026-06-17T09:58:56.226+0800][1.369s][info][gc,heap     ] GC(27) Min Capacity: 64M(100%)
[2026-06-17T09:58:56.226+0800][1.369s][info][gc,heap     ] GC(27) Max Capacity: 64M(100%)
[2026-06-17T09:58:56.227+0800][1.369s][info][gc,heap     ] GC(27) Soft Max Capacity: 64M(100%)
[2026-06-17T09:58:56.227+0800][1.369s][info][gc,heap     ] GC(27)                Mark Start          Mark End        Relocate Start      Relocate End           High               Low         
[2026-06-17T09:58:56.227+0800][1.369s][info][gc,heap     ] GC(27)  Capacity:       64M (100%)         64M (100%)         64M (100%)         64M (100%)         64M (100%)         64M (100%)   
[2026-06-17T09:58:56.227+0800][1.369s][info][gc,heap     ] GC(27)      Free:        0M (0%)            0M (0%)            2M (3%)            2M (3%)            4M (6%)            0M (0%)     
[2026-06-17T09:58:56.227+0800][1.370s][info][gc,heap     ] GC(27)      Used:       64M (100%)         64M (100%)         62M (97%)          62M (97%)          64M (100%)         60M (94%)    
[2026-06-17T09:58:56.227+0800][1.370s][info][gc,heap     ] GC(27)      Live:         -                58M (92%)          58M (92%)          58M (92%)            -                  -          
[2026-06-17T09:58:56.227+0800][1.370s][info][gc,heap     ] GC(27) Allocated:         -                 0M (0%)            2M (3%)            2M (3%)             -                  -          
[2026-06-17T09:58:56.227+0800][1.370s][info][gc,heap     ] GC(27)   Garbage:         -                 5M (8%)            1M (2%)            1M (2%)             -                  -          
[2026-06-17T09:58:56.227+0800][1.370s][info][gc,heap     ] GC(27) Reclaimed:         -                  -                 4M (6%)            4M (6%)             -                  -          
[2026-06-17T09:58:56.227+0800][1.370s][info][gc          ] GC(27) Garbage Collection (Allocation Stall) 64M(100%)->62M(97%)
[2026-06-17T09:58:56.260+0800][1.403s][info][gc,start    ] GC(28) Garbage Collection (Allocation Rate)
[2026-06-17T09:58:56.261+0800][1.404s][info][gc,task     ] GC(28) Using 1 workers
[2026-06-17T09:58:56.262+0800][1.404s][info][gc,phases   ] GC(28) Pause Mark Start 0.009ms
[2026-06-17T09:58:56.264+0800][1.406s][info][gc,phases   ] GC(28) Concurrent Mark 1.811ms
[2026-06-17T09:58:56.264+0800][1.407s][info][gc,phases   ] GC(28) Pause Mark End 0.009ms
[2026-06-17T09:58:56.264+0800][1.407s][info][gc,phases   ] GC(28) Concurrent Mark Free 0.002ms
[2026-06-17T09:58:56.265+0800][1.408s][info][gc,phases   ] GC(28) Concurrent Process Non-Strong References 0.553ms
[2026-06-17T09:58:56.266+0800][1.408s][info][gc,phases   ] GC(28) Concurrent Reset Relocation Set 0.001ms
[2026-06-17T09:58:56.268+0800][1.410s][info][gc,phases   ] GC(28) Concurrent Select Relocation Set 2.053ms
[2026-06-17T09:58:56.268+0800][1.411s][info][gc,phases   ] GC(28) Pause Relocate Start 0.006ms
[2026-06-17T09:58:56.269+0800][1.412s][info][gc,phases   ] GC(28) Concurrent Relocate 0.577ms
[2026-06-17T09:58:56.269+0800][1.412s][info][gc,load     ] GC(28) Load: 0.31/0.47/0.53
[2026-06-17T09:58:56.270+0800][1.412s][info][gc,mmu      ] GC(28) MMU: 2ms/98.1%, 5ms/99.0%, 10ms/99.5%, 20ms/99.7%, 50ms/99.8%, 100ms/99.9%
[2026-06-17T09:58:56.270+0800][1.412s][info][gc,marking  ] GC(28) Mark: 1 stripe(s), 1 proactive flush(es), 1 terminate flush(es), 0 completion(s), 0 continuation(s) 
[2026-06-17T09:58:56.270+0800][1.413s][info][gc,marking  ] GC(28) Mark Stack Usage: 32M
[2026-06-17T09:58:56.270+0800][1.413s][info][gc,nmethod  ] GC(28) NMethods: 64 registered, 0 unregistered
[2026-06-17T09:58:56.270+0800][1.413s][info][gc,metaspace] GC(28) Metaspace: 0M used, 0M committed, 1088M reserved
[2026-06-17T09:58:56.271+0800][1.413s][info][gc,ref      ] GC(28) Soft: 0 encountered, 0 discovered, 0 enqueued
[2026-06-17T09:58:56.271+0800][1.413s][info][gc,ref      ] GC(28) Weak: 5 encountered, 0 discovered, 0 enqueued
[2026-06-17T09:58:56.271+0800][1.413s][info][gc,ref      ] GC(28) Final: 0 encountered, 0 discovered, 0 enqueued
[2026-06-17T09:58:56.271+0800][1.414s][info][gc,ref      ] GC(28) Phantom: 1 encountered, 0 discovered, 0 enqueued
[2026-06-17T09:58:56.271+0800][1.414s][info][gc,reloc    ] GC(28) Small Pages: 4 / 8M, Empty: 2M, Relocated: 1M, In-Place: 0
[2026-06-17T09:58:56.271+0800][1.414s][info][gc,reloc    ] GC(28) Large Pages: 27 / 54M, Empty: 32M, Relocated: 0M, In-Place: 0
[2026-06-17T09:58:56.272+0800][1.414s][info][gc,reloc    ] GC(28) Forwarding Usage: 0M
[2026-06-17T09:58:56.272+0800][1.414s][info][gc,heap     ] GC(28) Min Capacity: 64M(100%)
[2026-06-17T09:58:56.272+0800][1.415s][info][gc,heap     ] GC(28) Max Capacity: 64M(100%)
[2026-06-17T09:58:56.272+0800][1.415s][info][gc,heap     ] GC(28) Soft Max Capacity: 64M(100%)
[2026-06-17T09:58:56.272+0800][1.415s][info][gc,heap     ] GC(28)                Mark Start          Mark End        Relocate Start      Relocate End           High               Low         
[2026-06-17T09:58:56.273+0800][1.415s][info][gc,heap     ] GC(28)  Capacity:       64M (100%)         64M (100%)         64M (100%)         64M (100%)         64M (100%)         64M (100%)   
[2026-06-17T09:58:56.273+0800][1.415s][info][gc,heap     ] GC(28)      Free:        2M (3%)            2M (3%)           36M (56%)          40M (62%)          40M (62%)           2M (3%)     
[2026-06-17T09:58:56.273+0800][1.415s][info][gc,heap     ] GC(28)      Used:       62M (97%)          62M (97%)          28M (44%)          24M (38%)          62M (97%)          24M (38%)    
[2026-06-17T09:58:56.273+0800][1.415s][info][gc,heap     ] GC(28)      Live:         -                23M (37%)          23M (37%)          23M (37%)            -                  -          
[2026-06-17T09:58:56.273+0800][1.416s][info][gc,heap     ] GC(28) Allocated:         -                 0M (0%)            0M (0%)            0M (0%)             -                  -          
[2026-06-17T09:58:56.273+0800][1.416s][info][gc,heap     ] GC(28)   Garbage:         -                38M (60%)           4M (7%)            0M (0%)             -                  -          
[2026-06-17T09:58:56.273+0800][1.416s][info][gc,heap     ] GC(28) Reclaimed:         -                  -                34M (53%)          38M (59%)            -                  -          
[2026-06-17T09:58:56.274+0800][1.416s][info][gc          ] GC(28) Garbage Collection (Allocation Rate) 62M(97%)->24M(38%)
[2026-06-17T09:58:56.361+0800][1.503s][info][gc,start    ] GC(29) Garbage Collection (Allocation Rate)
[2026-06-17T09:58:56.362+0800][1.504s][info][gc,task     ] GC(29) Using 1 workers
[2026-06-17T09:58:56.362+0800][1.505s][info][gc,phases   ] GC(29) Pause Mark Start 0.010ms
[2026-06-17T09:58:56.364+0800][1.507s][info][gc,phases   ] GC(29) Concurrent Mark 1.567ms
[2026-06-17T09:58:56.365+0800][1.507s][info][gc,phases   ] GC(29) Pause Mark End 0.020ms
[2026-06-17T09:58:56.365+0800][1.508s][info][gc,phases   ] GC(29) Concurrent Mark Free 0.001ms
[2026-06-17T09:58:56.366+0800][1.508s][info][gc,phases   ] GC(29) Concurrent Process Non-Strong References 0.466ms
[2026-06-17T09:58:56.366+0800][1.509s][info][gc,phases   ] GC(29) Concurrent Reset Relocation Set 0.001ms
[2026-06-17T09:58:56.367+0800][1.510s][info][gc,phases   ] GC(29) Concurrent Select Relocation Set 1.045ms
[2026-06-17T09:58:56.368+0800][1.510s][info][gc,phases   ] GC(29) Pause Relocate Start 0.004ms
[2026-06-17T09:58:56.368+0800][1.511s][info][gc,phases   ] GC(29) Concurrent Relocate 0.051ms
[2026-06-17T09:58:56.368+0800][1.511s][info][gc,load     ] GC(29) Load: 0.31/0.47/0.53
[2026-06-17T09:58:56.368+0800][1.511s][info][gc,mmu      ] GC(29) MMU: 2ms/98.1%, 5ms/99.0%, 10ms/99.5%, 20ms/99.7%, 50ms/99.8%, 100ms/99.9%
[2026-06-17T09:58:56.368+0800][1.511s][info][gc,marking  ] GC(29) Mark: 1 stripe(s), 1 proactive flush(es), 1 terminate flush(es), 0 completion(s), 0 continuation(s) 
[2026-06-17T09:58:56.369+0800][1.511s][info][gc,marking  ] GC(29) Mark Stack Usage: 32M
[2026-06-17T09:58:56.369+0800][1.511s][info][gc,nmethod  ] GC(29) NMethods: 64 registered, 0 unregistered
[2026-06-17T09:58:56.369+0800][1.512s][info][gc,metaspace] GC(29) Metaspace: 0M used, 0M committed, 1088M reserved
[2026-06-17T09:58:56.369+0800][1.512s][info][gc,ref      ] GC(29) Soft: 0 encountered, 0 discovered, 0 enqueued
[2026-06-17T09:58:56.369+0800][1.512s][info][gc,ref      ] GC(29) Weak: 5 encountered, 0 discovered, 0 enqueued
[2026-06-17T09:58:56.370+0800][1.512s][info][gc,ref      ] GC(29) Final: 0 encountered, 0 discovered, 0 enqueued
[2026-06-17T09:58:56.370+0800][1.512s][info][gc,ref      ] GC(29) Phantom: 1 encountered, 0 discovered, 0 enqueued
[2026-06-17T09:58:56.370+0800][1.513s][info][gc,reloc    ] GC(29) Small Pages: 1 / 2M, Empty: 0M, Relocated: 0M, In-Place: 0
[2026-06-17T09:58:56.370+0800][1.513s][info][gc,reloc    ] GC(29) Large Pages: 11 / 22M, Empty: 0M, Relocated: 0M, In-Place: 0
[2026-06-17T09:58:56.370+0800][1.513s][info][gc,reloc    ] GC(29) Forwarding Usage: 0M
[2026-06-17T09:58:56.370+0800][1.513s][info][gc,heap     ] GC(29) Min Capacity: 64M(100%)
[2026-06-17T09:58:56.370+0800][1.513s][info][gc,heap     ] GC(29) Max Capacity: 64M(100%)
[2026-06-17T09:58:56.371+0800][1.513s][info][gc,heap     ] GC(29) Soft Max Capacity: 64M(100%)
[2026-06-17T09:58:56.371+0800][1.513s][info][gc,heap     ] GC(29)                Mark Start          Mark End        Relocate Start      Relocate End           High               Low         
[2026-06-17T09:58:56.371+0800][1.513s][info][gc,heap     ] GC(29)  Capacity:       64M (100%)         64M (100%)         64M (100%)         64M (100%)         64M (100%)         64M (100%)   
[2026-06-17T09:58:56.371+0800][1.513s][info][gc,heap     ] GC(29)      Free:       40M (62%)          40M (62%)          40M (62%)          40M (62%)          40M (62%)          40M (62%)    
[2026-06-17T09:58:56.371+0800][1.513s][info][gc,heap     ] GC(29)      Used:       24M (38%)          24M (38%)          24M (38%)          24M (38%)          24M (38%)          24M (38%)    
[2026-06-17T09:58:56.371+0800][1.514s][info][gc,heap     ] GC(29)      Live:         -                23M (37%)          23M (37%)          23M (37%)            -                  -          
[2026-06-17T09:58:56.371+0800][1.514s][info][gc,heap     ] GC(29) Allocated:         -                 0M (0%)            0M (0%)            0M (0%)             -                  -          
[2026-06-17T09:58:56.371+0800][1.514s][info][gc,heap     ] GC(29)   Garbage:         -                 0M (0%)            0M (0%)            0M (0%)             -                  -          
[2026-06-17T09:58:56.371+0800][1.514s][info][gc,heap     ] GC(29) Reclaimed:         -                  -                 0M (0%)            0M (0%)             -                  -          
[2026-06-17T09:58:56.371+0800][1.514s][info][gc          ] GC(29) Garbage Collection (Allocation Rate) 24M(38%)->24M(38%)
[2026-06-17T09:58:56.460+0800][1.603s][info][gc,start    ] GC(30) Garbage Collection (Allocation Rate)
[2026-06-17T09:58:56.461+0800][1.603s][info][gc,task     ] GC(30) Using 1 workers
[2026-06-17T09:58:56.461+0800][1.604s][info][gc,phases   ] GC(30) Pause Mark Start 0.007ms
[2026-06-17T09:58:56.463+0800][1.605s][info][gc,phases   ] GC(30) Concurrent Mark 1.239ms
[2026-06-17T09:58:56.463+0800][1.606s][info][gc,phases   ] GC(30) Pause Mark End 0.007ms
[2026-06-17T09:58:56.463+0800][1.606s][info][gc,phases   ] GC(30) Concurrent Mark Free 0.001ms
[2026-06-17T09:58:56.464+0800][1.607s][info][gc,phases   ] GC(30) Concurrent Process Non-Strong References 0.471ms
[2026-06-17T09:58:56.465+0800][1.607s][info][gc,phases   ] GC(30) Concurrent Reset Relocation Set 0.001ms
[2026-06-17T09:58:56.466+0800][1.609s][info][gc,phases   ] GC(30) Concurrent Select Relocation Set 1.336ms
[2026-06-17T09:58:56.466+0800][1.609s][info][gc,phases   ] GC(30) Pause Relocate Start 0.004ms
[2026-06-17T09:58:56.467+0800][1.609s][info][gc,phases   ] GC(30) Concurrent Relocate 0.041ms
[2026-06-17T09:58:56.467+0800][1.609s][info][gc,load     ] GC(30) Load: 0.31/0.47/0.53
[2026-06-17T09:58:56.467+0800][1.610s][info][gc,mmu      ] GC(30) MMU: 2ms/98.1%, 5ms/99.0%, 10ms/99.5%, 20ms/99.7%, 50ms/99.8%, 100ms/99.9%
[2026-06-17T09:58:56.467+0800][1.610s][info][gc,marking  ] GC(30) Mark: 1 stripe(s), 1 proactive flush(es), 1 terminate flush(es), 0 completion(s), 0 continuation(s) 
[2026-06-17T09:58:56.467+0800][1.610s][info][gc,marking  ] GC(30) Mark Stack Usage: 32M
[2026-06-17T09:58:56.467+0800][1.610s][info][gc,nmethod  ] GC(30) NMethods: 64 registered, 0 unregistered
[2026-06-17T09:58:56.468+0800][1.610s][info][gc,metaspace] GC(30) Metaspace: 0M used, 0M committed, 1088M reserved
[2026-06-17T09:58:56.468+0800][1.610s][info][gc,ref      ] GC(30) Soft: 0 encountered, 0 discovered, 0 enqueued
[2026-06-17T09:58:56.468+0800][1.610s][info][gc,ref      ] GC(30) Weak: 5 encountered, 0 discovered, 0 enqueued
[2026-06-17T09:58:56.468+0800][1.611s][info][gc,ref      ] GC(30) Final: 0 encountered, 0 discovered, 0 enqueued
[2026-06-17T09:58:56.468+0800][1.611s][info][gc,ref      ] GC(30) Phantom: 1 encountered, 0 discovered, 0 enqueued
[2026-06-17T09:58:56.468+0800][1.611s][info][gc,reloc    ] GC(30) Small Pages: 7 / 14M, Empty: 10M, Relocated: 0M, In-Place: 0
[2026-06-17T09:58:56.468+0800][1.611s][info][gc,reloc    ] GC(30) Large Pages: 15 / 30M, Empty: 0M, Relocated: 0M, In-Place: 0
[2026-06-17T09:58:56.469+0800][1.611s][info][gc,reloc    ] GC(30) Forwarding Usage: 0M
[2026-06-17T09:58:56.469+0800][1.611s][info][gc,heap     ] GC(30) Min Capacity: 64M(100%)
[2026-06-17T09:58:56.469+0800][1.611s][info][gc,heap     ] GC(30) Max Capacity: 64M(100%)
[2026-06-17T09:58:56.469+0800][1.611s][info][gc,heap     ] GC(30) Soft Max Capacity: 64M(100%)
[2026-06-17T09:58:56.469+0800][1.612s][info][gc,heap     ] GC(30)                Mark Start          Mark End        Relocate Start      Relocate End           High               Low         
[2026-06-17T09:58:56.469+0800][1.612s][info][gc,heap     ] GC(30)  Capacity:       64M (100%)         64M (100%)         64M (100%)         64M (100%)         64M (100%)         64M (100%)   
[2026-06-17T09:58:56.469+0800][1.612s][info][gc,heap     ] GC(30)      Free:       20M (31%)          20M (31%)          30M (47%)          30M (47%)          30M (47%)          20M (31%)    
[2026-06-17T09:58:56.469+0800][1.612s][info][gc,heap     ] GC(30)      Used:       44M (69%)          44M (69%)          34M (53%)          34M (53%)          44M (69%)          34M (53%)    
[2026-06-17T09:58:56.469+0800][1.612s][info][gc,heap     ] GC(30)      Live:         -                32M (51%)          32M (51%)          32M (51%)            -                  -          
[2026-06-17T09:58:56.469+0800][1.612s][info][gc,heap     ] GC(30) Allocated:         -                 0M (0%)            0M (0%)            0M (0%)             -                  -          
[2026-06-17T09:58:56.470+0800][1.612s][info][gc,heap     ] GC(30)   Garbage:         -                11M (18%)           1M (2%)            1M (2%)             -                  -          
[2026-06-17T09:58:56.470+0800][1.612s][info][gc,heap     ] GC(30) Reclaimed:         -                  -                10M (16%)          10M (16%)            -                  -          
[2026-06-17T09:58:56.470+0800][1.612s][info][gc          ] GC(30) Garbage Collection (Allocation Rate) 44M(69%)->34M(53%)
[2026-06-17T09:58:56.526+0800][1.668s][info][gc,start    ] GC(31) Garbage Collection (Allocation Stall)
[2026-06-17T09:58:56.526+0800][1.668s][info][gc,ref      ] GC(31) Clearing All SoftReferences
[2026-06-17T09:58:56.526+0800][1.669s][info][gc,task     ] GC(31) Using 1 workers
[2026-06-17T09:58:56.527+0800][1.669s][info][gc,phases   ] GC(31) Pause Mark Start 0.007ms
[2026-06-17T09:58:56.528+0800][1.671s][info][gc,phases   ] GC(31) Concurrent Mark 0.865ms
[2026-06-17T09:58:56.528+0800][1.671s][info][gc,phases   ] GC(31) Pause Mark End 0.005ms
[2026-06-17T09:58:56.529+0800][1.671s][info][gc,phases   ] GC(31) Concurrent Mark Free 0.001ms
[2026-06-17T09:58:56.529+0800][1.672s][info][gc,phases   ] GC(31) Concurrent Process Non-Strong References 0.254ms
[2026-06-17T09:58:56.529+0800][1.672s][info][gc,phases   ] GC(31) Concurrent Reset Relocation Set 0.001ms
[2026-06-17T09:58:56.530+0800][1.673s][info][gc,phases   ] GC(31) Concurrent Select Relocation Set 0.722ms
[2026-06-17T09:58:56.531+0800][1.673s][info][gc          ] Allocation Stall (main) 4.965ms
[2026-06-17T09:58:56.531+0800][1.674s][info][gc,phases   ] GC(31) Pause Relocate Start 0.003ms
[2026-06-17T09:58:56.532+0800][1.674s][info][gc,phases   ] GC(31) Concurrent Relocate 0.208ms
[2026-06-17T09:58:56.532+0800][1.675s][info][gc,load     ] GC(31) Load: 0.31/0.47/0.53
[2026-06-17T09:58:56.533+0800][1.676s][info][gc,mmu      ] GC(31) MMU: 2ms/98.1%, 5ms/99.0%, 10ms/99.5%, 20ms/99.7%, 50ms/99.8%, 100ms/99.9%
[2026-06-17T09:58:56.533+0800][1.676s][info][gc,marking  ] GC(31) Mark: 1 stripe(s), 1 proactive flush(es), 1 terminate flush(es), 0 completion(s), 0 continuation(s) 
[2026-06-17T09:58:56.534+0800][1.676s][info][gc,marking  ] GC(31) Mark Stack Usage: 32M
[2026-06-17T09:58:56.536+0800][1.679s][info][gc,nmethod  ] GC(31) NMethods: 66 registered, 0 unregistered
[2026-06-17T09:58:56.536+0800][1.679s][info][gc,metaspace] GC(31) Metaspace: 0M used, 0M committed, 1088M reserved
[2026-06-17T09:58:56.536+0800][1.679s][info][gc,ref      ] GC(31) Soft: 0 encountered, 0 discovered, 0 enqueued
[2026-06-17T09:58:56.537+0800][1.679s][info][gc,ref      ] GC(31) Weak: 5 encountered, 0 discovered, 0 enqueued
[2026-06-17T09:58:56.537+0800][1.679s][info][gc,ref      ] GC(31) Final: 0 encountered, 0 discovered, 0 enqueued
[2026-06-17T09:58:56.537+0800][1.679s][info][gc,ref      ] GC(31) Phantom: 1 encountered, 0 discovered, 0 enqueued
[2026-06-17T09:58:56.537+0800][1.679s][info][gc,reloc    ] GC(31) Small Pages: 13 / 26M, Empty: 14M, Relocated: 1M, In-Place: 0
[2026-06-17T09:58:56.537+0800][1.680s][info][gc,reloc    ] GC(31) Large Pages: 19 / 38M, Empty: 0M, Relocated: 0M, In-Place: 0
[2026-06-17T09:58:56.537+0800][1.680s][info][gc,reloc    ] GC(31) Forwarding Usage: 0M
[2026-06-17T09:58:56.537+0800][1.680s][info][gc,heap     ] GC(31) Min Capacity: 64M(100%)
[2026-06-17T09:58:56.538+0800][1.680s][info][gc,heap     ] GC(31) Max Capacity: 64M(100%)
[2026-06-17T09:58:56.538+0800][1.680s][info][gc,heap     ] GC(31) Soft Max Capacity: 64M(100%)
[2026-06-17T09:58:56.538+0800][1.681s][info][gc,heap     ] GC(31)                Mark Start          Mark End        Relocate Start      Relocate End           High               Low         
[2026-06-17T09:58:56.538+0800][1.681s][info][gc,heap     ] GC(31)  Capacity:       64M (100%)         64M (100%)         64M (100%)         64M (100%)         64M (100%)         64M (100%)   
[2026-06-17T09:58:56.538+0800][1.681s][info][gc,heap     ] GC(31)      Free:        0M (0%)            0M (0%)           12M (19%)          14M (22%)          14M (22%)           0M (0%)     
[2026-06-17T09:58:56.538+0800][1.681s][info][gc,heap     ] GC(31)      Used:       64M (100%)         64M (100%)         52M (81%)          50M (78%)          64M (100%)         50M (78%)    
[2026-06-17T09:58:56.539+0800][1.682s][info][gc,heap     ] GC(31)      Live:         -                44M (69%)          44M (69%)          44M (69%)            -                  -          
[2026-06-17T09:58:56.540+0800][1.682s][info][gc,heap     ] GC(31) Allocated:         -                 0M (0%)            2M (3%)            4M (6%)             -                  -          
[2026-06-17T09:58:56.540+0800][1.682s][info][gc,heap     ] GC(31)   Garbage:         -                19M (31%)           5M (9%)            1M (2%)             -                  -          
[2026-06-17T09:58:56.540+0800][1.682s][info][gc,heap     ] GC(31) Reclaimed:         -                  -                14M (22%)          18M (28%)            -                  -          
[2026-06-17T09:58:56.540+0800][1.682s][info][gc          ] GC(31) Garbage Collection (Allocation Stall) 64M(100%)->50M(78%)
[2026-06-17T09:58:56.560+0800][1.703s][info][gc,start    ] GC(32) Garbage Collection (Allocation Rate)
[2026-06-17T09:58:56.561+0800][1.703s][info][gc,task     ] GC(32) Using 1 workers
[2026-06-17T09:58:56.561+0800][1.703s][info][gc,phases   ] GC(32) Pause Mark Start 0.005ms
[2026-06-17T09:58:56.562+0800][1.704s][info][gc,phases   ] GC(32) Concurrent Mark 0.721ms
[2026-06-17T09:58:56.562+0800][1.705s][info][gc,phases   ] GC(32) Pause Mark End 0.005ms
[2026-06-17T09:58:56.562+0800][1.705s][info][gc,phases   ] GC(32) Concurrent Mark Free 0.001ms
[2026-06-17T09:58:56.563+0800][1.705s][info][gc,phases   ] GC(32) Concurrent Process Non-Strong References 0.288ms
[2026-06-17T09:58:56.563+0800][1.706s][info][gc,phases   ] GC(32) Concurrent Reset Relocation Set 0.001ms
[2026-06-17T09:58:56.564+0800][1.706s][info][gc,phases   ] GC(32) Concurrent Select Relocation Set 0.733ms
[2026-06-17T09:58:56.564+0800][1.707s][info][gc,phases   ] GC(32) Pause Relocate Start 0.003ms
[2026-06-17T09:58:56.564+0800][1.707s][info][gc,phases   ] GC(32) Concurrent Relocate 0.035ms
[2026-06-17T09:58:56.565+0800][1.707s][info][gc,load     ] GC(32) Load: 0.31/0.47/0.53
[2026-06-17T09:58:56.565+0800][1.707s][info][gc,mmu      ] GC(32) MMU: 2ms/98.1%, 5ms/99.0%, 10ms/99.5%, 20ms/99.7%, 50ms/99.8%, 100ms/99.9%
[2026-06-17T09:58:56.565+0800][1.708s][info][gc,marking  ] GC(32) Mark: 1 stripe(s), 1 proactive flush(es), 1 terminate flush(es), 0 completion(s), 0 continuation(s) 
[2026-06-17T09:58:56.565+0800][1.708s][info][gc,marking  ] GC(32) Mark Stack Usage: 32M
[2026-06-17T09:58:56.565+0800][1.708s][info][gc,nmethod  ] GC(32) NMethods: 66 registered, 0 unregistered
[2026-06-17T09:58:56.566+0800][1.708s][info][gc,metaspace] GC(32) Metaspace: 0M used, 0M committed, 1088M reserved
[2026-06-17T09:58:56.566+0800][1.708s][info][gc,ref      ] GC(32) Soft: 0 encountered, 0 discovered, 0 enqueued
[2026-06-17T09:58:56.566+0800][1.708s][info][gc,ref      ] GC(32) Weak: 5 encountered, 0 discovered, 0 enqueued
[2026-06-17T09:58:56.566+0800][1.709s][info][gc,ref      ] GC(32) Final: 0 encountered, 0 discovered, 0 enqueued
[2026-06-17T09:58:56.566+0800][1.709s][info][gc,ref      ] GC(32) Phantom: 1 encountered, 0 discovered, 0 enqueued
[2026-06-17T09:58:56.566+0800][1.709s][info][gc,reloc    ] GC(32) Small Pages: 8 / 16M, Empty: 10M, Relocated: 0M, In-Place: 0
[2026-06-17T09:58:56.566+0800][1.709s][info][gc,reloc    ] GC(32) Large Pages: 24 / 48M, Empty: 0M, Relocated: 0M, In-Place: 0
[2026-06-17T09:58:56.566+0800][1.709s][info][gc,reloc    ] GC(32) Forwarding Usage: 0M
[2026-06-17T09:58:56.566+0800][1.709s][info][gc,heap     ] GC(32) Min Capacity: 64M(100%)
[2026-06-17T09:58:56.566+0800][1.709s][info][gc,heap     ] GC(32) Max Capacity: 64M(100%)
[2026-06-17T09:58:56.567+0800][1.709s][info][gc,heap     ] GC(32) Soft Max Capacity: 64M(100%)
[2026-06-17T09:58:56.567+0800][1.709s][info][gc,heap     ] GC(32)                Mark Start          Mark End        Relocate Start      Relocate End           High               Low         
[2026-06-17T09:58:56.567+0800][1.709s][info][gc,heap     ] GC(32)  Capacity:       64M (100%)         64M (100%)         64M (100%)         64M (100%)         64M (100%)         64M (100%)   
[2026-06-17T09:58:56.567+0800][1.709s][info][gc,heap     ] GC(32)      Free:        0M (0%)            0M (0%)           10M (16%)           8M (12%)          10M (16%)           0M (0%)     
[2026-06-17T09:58:56.567+0800][1.709s][info][gc,heap     ] GC(32)      Used:       64M (100%)         64M (100%)         54M (84%)          56M (88%)          64M (100%)         54M (84%)    
[2026-06-17T09:58:56.567+0800][1.709s][info][gc,heap     ] GC(32)      Live:         -                51M (81%)          51M (81%)          51M (81%)            -                  -          
[2026-06-17T09:58:56.567+0800][1.710s][info][gc,heap     ] GC(32) Allocated:         -                 0M (0%)            0M (0%)            2M (3%)             -                  -          
[2026-06-17T09:58:56.567+0800][1.710s][info][gc,heap     ] GC(32)   Garbage:         -                12M (19%)           2M (4%)            2M (4%)             -                  -          
[2026-06-17T09:58:56.567+0800][1.710s][info][gc,heap     ] GC(32) Reclaimed:         -                  -                10M (16%)          10M (16%)            -                  -          
[2026-06-17T09:58:56.567+0800][1.710s][info][gc          ] GC(32) Garbage Collection (Allocation Rate) 64M(100%)->56M(88%)
[2026-06-17T09:58:56.575+0800][1.718s][info][gc,start    ] GC(33) Garbage Collection (Allocation Stall)
[2026-06-17T09:58:56.575+0800][1.718s][info][gc,ref      ] GC(33) Clearing All SoftReferences
[2026-06-17T09:58:56.576+0800][1.718s][info][gc,task     ] GC(33) Using 1 workers
[2026-06-17T09:58:56.576+0800][1.718s][info][gc,phases   ] GC(33) Pause Mark Start 0.003ms
[2026-06-17T09:58:56.577+0800][1.720s][info][gc,phases   ] GC(33) Concurrent Mark 0.829ms
[2026-06-17T09:58:56.577+0800][1.720s][info][gc,phases   ] GC(33) Pause Mark End 0.004ms
[2026-06-17T09:58:56.577+0800][1.720s][info][gc,phases   ] GC(33) Concurrent Mark Free 0.000ms
[2026-06-17T09:58:56.578+0800][1.720s][info][gc,phases   ] GC(33) Concurrent Process Non-Strong References 0.202ms
[2026-06-17T09:58:56.578+0800][1.720s][info][gc,phases   ] GC(33) Concurrent Reset Relocation Set 0.001ms
[2026-06-17T09:58:56.579+0800][1.721s][info][gc,phases   ] GC(33) Concurrent Select Relocation Set 0.806ms
[2026-06-17T09:58:56.579+0800][1.721s][info][gc          ] Allocation Stall (main) 3.568ms
[2026-06-17T09:58:56.579+0800][1.722s][info][gc,phases   ] GC(33) Pause Relocate Start 0.003ms
[2026-06-17T09:58:56.580+0800][1.722s][info][gc,phases   ] GC(33) Concurrent Relocate 0.120ms
[2026-06-17T09:58:56.580+0800][1.722s][info][gc,load     ] GC(33) Load: 0.31/0.47/0.53
[2026-06-17T09:58:56.580+0800][1.723s][info][gc,mmu      ] GC(33) MMU: 2ms/98.1%, 5ms/99.0%, 10ms/99.5%, 20ms/99.7%, 50ms/99.8%, 100ms/99.9%
[2026-06-17T09:58:56.580+0800][1.723s][info][gc,marking  ] GC(33) Mark: 1 stripe(s), 1 proactive flush(es), 1 terminate flush(es), 0 completion(s), 0 continuation(s) 
[2026-06-17T09:58:56.580+0800][1.723s][info][gc,marking  ] GC(33) Mark Stack Usage: 32M
[2026-06-17T09:58:56.580+0800][1.723s][info][gc,nmethod  ] GC(33) NMethods: 66 registered, 0 unregistered
[2026-06-17T09:58:56.581+0800][1.723s][info][gc,metaspace] GC(33) Metaspace: 0M used, 0M committed, 1088M reserved
[2026-06-17T09:58:56.581+0800][1.723s][info][gc,ref      ] GC(33) Soft: 0 encountered, 0 discovered, 0 enqueued
[2026-06-17T09:58:56.581+0800][1.723s][info][gc,ref      ] GC(33) Weak: 5 encountered, 0 discovered, 0 enqueued
[2026-06-17T09:58:56.581+0800][1.723s][info][gc,ref      ] GC(33) Final: 0 encountered, 0 discovered, 0 enqueued
[2026-06-17T09:58:56.581+0800][1.724s][info][gc,ref      ] GC(33) Phantom: 1 encountered, 0 discovered, 0 enqueued
[2026-06-17T09:58:56.581+0800][1.724s][info][gc,reloc    ] GC(33) Small Pages: 6 / 12M, Empty: 2M, Relocated: 0M, In-Place: 1
[2026-06-17T09:58:56.581+0800][1.724s][info][gc,reloc    ] GC(33) Large Pages: 26 / 52M, Empty: 0M, Relocated: 0M, In-Place: 0
[2026-06-17T09:58:56.581+0800][1.724s][info][gc,reloc    ] GC(33) Forwarding Usage: 0M
[2026-06-17T09:58:56.581+0800][1.724s][info][gc,heap     ] GC(33) Min Capacity: 64M(100%)
[2026-06-17T09:58:56.581+0800][1.724s][info][gc,heap     ] GC(33) Max Capacity: 64M(100%)
[2026-06-17T09:58:56.582+0800][1.724s][info][gc,heap     ] GC(33) Soft Max Capacity: 64M(100%)
[2026-06-17T09:58:56.582+0800][1.724s][info][gc,heap     ] GC(33)                Mark Start          Mark End        Relocate Start      Relocate End           High               Low         
[2026-06-17T09:58:56.582+0800][1.724s][info][gc,heap     ] GC(33)  Capacity:       64M (100%)         64M (100%)         64M (100%)         64M (100%)         64M (100%)         64M (100%)   
[2026-06-17T09:58:56.582+0800][1.724s][info][gc,heap     ] GC(33)      Free:        0M (0%)            0M (0%)            0M (0%)            2M (3%)            2M (3%)            0M (0%)     
[2026-06-17T09:58:56.582+0800][1.724s][info][gc,heap     ] GC(33)      Used:       64M (100%)         64M (100%)         64M (100%)         62M (97%)          64M (100%)         62M (97%)    
[2026-06-17T09:58:56.582+0800][1.724s][info][gc,heap     ] GC(33)      Live:         -                57M (91%)          57M (91%)          57M (91%)            -                  -          
[2026-06-17T09:58:56.582+0800][1.725s][info][gc,heap     ] GC(33) Allocated:         -                 0M (0%)            2M (3%)            1M (3%)             -                  -          
[2026-06-17T09:58:56.582+0800][1.725s][info][gc,heap     ] GC(33)   Garbage:         -                 6M (9%)            4M (6%)            2M (3%)             -                  -          
[2026-06-17T09:58:56.582+0800][1.725s][info][gc,heap     ] GC(33) Reclaimed:         -                  -                 2M (3%)            3M (6%)             -                  -          
[2026-06-17T09:58:56.582+0800][1.725s][info][gc          ] GC(33) Garbage Collection (Allocation Stall) 64M(100%)->62M(97%)
[2026-06-17T09:58:56.590+0800][1.733s][info][gc,start    ] GC(34) Garbage Collection (Allocation Stall)
[2026-06-17T09:58:56.590+0800][1.733s][info][gc,ref      ] GC(34) Clearing All SoftReferences
[2026-06-17T09:58:56.590+0800][1.733s][info][gc,task     ] GC(34) Using 1 workers
[2026-06-17T09:58:56.591+0800][1.733s][info][gc,phases   ] GC(34) Pause Mark Start 0.004ms
[2026-06-17T09:58:56.592+0800][1.734s][info][gc,phases   ] GC(34) Concurrent Mark 0.917ms
[2026-06-17T09:58:56.592+0800][1.735s][info][gc,phases   ] GC(34) Pause Mark End 0.005ms
[2026-06-17T09:58:56.592+0800][1.735s][info][gc,phases   ] GC(34) Concurrent Mark Free 0.001ms
[2026-06-17T09:58:56.593+0800][1.735s][info][gc,phases   ] GC(34) Concurrent Process Non-Strong References 0.263ms
[2026-06-17T09:58:56.593+0800][1.735s][info][gc,phases   ] GC(34) Concurrent Reset Relocation Set 0.001ms
[2026-06-17T09:58:56.594+0800][1.737s][info][gc,phases   ] GC(34) Concurrent Select Relocation Set 0.956ms
[2026-06-17T09:58:56.594+0800][1.737s][info][gc,phases   ] GC(34) Pause Relocate Start 0.003ms
[2026-06-17T09:58:56.595+0800][1.737s][info][gc          ] Allocation Stall (main) 4.645ms
[2026-06-17T09:58:56.595+0800][1.737s][info][gc,phases   ] GC(34) Concurrent Relocate 0.172ms
[2026-06-17T09:58:56.595+0800][1.738s][info][gc,load     ] GC(34) Load: 0.31/0.47/0.53
[2026-06-17T09:58:56.595+0800][1.738s][info][gc,mmu      ] GC(34) MMU: 2ms/98.1%, 5ms/99.0%, 10ms/99.5%, 20ms/99.7%, 50ms/99.8%, 100ms/99.9%
[2026-06-17T09:58:56.595+0800][1.738s][info][gc,marking  ] GC(34) Mark: 1 stripe(s), 1 proactive flush(es), 1 terminate flush(es), 0 completion(s), 0 continuation(s) 
[2026-06-17T09:58:56.596+0800][1.738s][info][gc,marking  ] GC(34) Mark Stack Usage: 32M
[2026-06-17T09:58:56.596+0800][1.738s][info][gc,nmethod  ] GC(34) NMethods: 66 registered, 0 unregistered
[2026-06-17T09:58:56.596+0800][1.738s][info][gc,metaspace] GC(34) Metaspace: 0M used, 0M committed, 1088M reserved
[2026-06-17T09:58:56.596+0800][1.739s][info][gc,ref      ] GC(34) Soft: 0 encountered, 0 discovered, 0 enqueued
[2026-06-17T09:58:56.596+0800][1.739s][info][gc,ref      ] GC(34) Weak: 5 encountered, 0 discovered, 0 enqueued
[2026-06-17T09:58:56.596+0800][1.739s][info][gc,ref      ] GC(34) Final: 0 encountered, 0 discovered, 0 enqueued
[2026-06-17T09:58:56.596+0800][1.739s][info][gc,ref      ] GC(34) Phantom: 1 encountered, 0 discovered, 0 enqueued
[2026-06-17T09:58:56.596+0800][1.739s][info][gc,reloc    ] GC(34) Small Pages: 6 / 12M, Empty: 0M, Relocated: 1M, In-Place: 1
[2026-06-17T09:58:56.597+0800][1.739s][info][gc,reloc    ] GC(34) Large Pages: 26 / 52M, Empty: 0M, Relocated: 0M, In-Place: 0
[2026-06-17T09:58:56.597+0800][1.739s][info][gc,reloc    ] GC(34) Forwarding Usage: 0M
[2026-06-17T09:58:56.597+0800][1.739s][info][gc,heap     ] GC(34) Min Capacity: 64M(100%)
[2026-06-17T09:58:56.597+0800][1.739s][info][gc,heap     ] GC(34) Max Capacity: 64M(100%)
[2026-06-17T09:58:56.597+0800][1.739s][info][gc,heap     ] GC(34) Soft Max Capacity: 64M(100%)
[2026-06-17T09:58:56.597+0800][1.739s][info][gc,heap     ] GC(34)                Mark Start          Mark End        Relocate Start      Relocate End           High               Low         
[2026-06-17T09:58:56.597+0800][1.740s][info][gc,heap     ] GC(34)  Capacity:       64M (100%)         64M (100%)         64M (100%)         64M (100%)         64M (100%)         64M (100%)   
[2026-06-17T09:58:56.597+0800][1.740s][info][gc,heap     ] GC(34)      Free:        0M (0%)            0M (0%)            0M (0%)            2M (3%)            2M (3%)            0M (0%)     
[2026-06-17T09:58:56.597+0800][1.740s][info][gc,heap     ] GC(34)      Used:       64M (100%)         64M (100%)         64M (100%)         62M (97%)          64M (100%)         62M (97%)    
[2026-06-17T09:58:56.597+0800][1.740s][info][gc,heap     ] GC(34)      Live:         -                58M (92%)          58M (92%)          58M (92%)            -                  -          
[2026-06-17T09:58:56.597+0800][1.740s][info][gc,heap     ] GC(34) Allocated:         -                 0M (0%)            0M (0%)            2M (3%)             -                  -          
[2026-06-17T09:58:56.597+0800][1.740s][info][gc,heap     ] GC(34)   Garbage:         -                 5M (8%)            5M (8%)            1M (2%)             -                  -          
[2026-06-17T09:58:56.597+0800][1.740s][info][gc,heap     ] GC(34) Reclaimed:         -                  -                 0M (0%)            4M (6%)             -                  -          
[2026-06-17T09:58:56.598+0800][1.740s][info][gc          ] GC(34) Garbage Collection (Allocation Stall) 64M(100%)->62M(97%)
[2026-06-17T09:58:56.606+0800][1.748s][info][gc,start    ] GC(35) Garbage Collection (Allocation Stall)
[2026-06-17T09:58:56.606+0800][1.749s][info][gc,ref      ] GC(35) Clearing All SoftReferences
[2026-06-17T09:58:56.606+0800][1.749s][info][gc,task     ] GC(35) Using 1 workers
[2026-06-17T09:58:56.607+0800][1.749s][info][gc,phases   ] GC(35) Pause Mark Start 0.005ms
[2026-06-17T09:58:56.608+0800][1.750s][info][gc,phases   ] GC(35) Concurrent Mark 0.897ms
[2026-06-17T09:58:56.608+0800][1.750s][info][gc,phases   ] GC(35) Pause Mark End 0.004ms
[2026-06-17T09:58:56.608+0800][1.751s][info][gc,phases   ] GC(35) Concurrent Mark Free 0.001ms
[2026-06-17T09:58:56.609+0800][1.751s][info][gc,phases   ] GC(35) Concurrent Process Non-Strong References 0.285ms
[2026-06-17T09:58:56.609+0800][1.751s][info][gc,phases   ] GC(35) Concurrent Reset Relocation Set 0.001ms
[2026-06-17T09:58:56.610+0800][1.753s][info][gc          ] Allocation Stall (main) 4.361ms
[2026-06-17T09:58:56.610+0800][1.753s][info][gc,phases   ] GC(35) Concurrent Select Relocation Set 1.085ms
[2026-06-17T09:58:56.611+0800][1.753s][info][gc,phases   ] GC(35) Pause Relocate Start 0.003ms
[2026-06-17T09:58:56.611+0800][1.753s][info][gc,phases   ] GC(35) Concurrent Relocate 0.037ms
[2026-06-17T09:58:56.611+0800][1.754s][info][gc,load     ] GC(35) Load: 0.31/0.47/0.53
[2026-06-17T09:58:56.611+0800][1.754s][info][gc,mmu      ] GC(35) MMU: 2ms/98.1%, 5ms/99.0%, 10ms/99.5%, 20ms/99.7%, 50ms/99.8%, 100ms/99.9%
[2026-06-17T09:58:56.611+0800][1.754s][info][gc,marking  ] GC(35) Mark: 1 stripe(s), 1 proactive flush(es), 1 terminate flush(es), 0 completion(s), 0 continuation(s) 
[2026-06-17T09:58:56.612+0800][1.754s][info][gc,marking  ] GC(35) Mark Stack Usage: 32M
[2026-06-17T09:58:56.612+0800][1.754s][info][gc,nmethod  ] GC(35) NMethods: 67 registered, 0 unregistered
[2026-06-17T09:58:56.612+0800][1.755s][info][gc,metaspace] GC(35) Metaspace: 0M used, 0M committed, 1088M reserved
[2026-06-17T09:58:56.612+0800][1.755s][info][gc,ref      ] GC(35) Soft: 0 encountered, 0 discovered, 0 enqueued
[2026-06-17T09:58:56.612+0800][1.755s][info][gc,ref      ] GC(35) Weak: 5 encountered, 0 discovered, 0 enqueued
[2026-06-17T09:58:56.613+0800][1.755s][info][gc,ref      ] GC(35) Final: 0 encountered, 0 discovered, 0 enqueued
[2026-06-17T09:58:56.613+0800][1.755s][info][gc,ref      ] GC(35) Phantom: 1 encountered, 0 discovered, 0 enqueued
[2026-06-17T09:58:56.613+0800][1.755s][info][gc,reloc    ] GC(35) Small Pages: 6 / 12M, Empty: 2M, Relocated: 0M, In-Place: 0
[2026-06-17T09:58:56.613+0800][1.755s][info][gc,reloc    ] GC(35) Large Pages: 26 / 52M, Empty: 0M, Relocated: 0M, In-Place: 0
[2026-06-17T09:58:56.613+0800][1.755s][info][gc,reloc    ] GC(35) Forwarding Usage: 0M
[2026-06-17T09:58:56.613+0800][1.756s][info][gc,heap     ] GC(35) Min Capacity: 64M(100%)
[2026-06-17T09:58:56.613+0800][1.756s][info][gc,heap     ] GC(35) Max Capacity: 64M(100%)
[2026-06-17T09:58:56.613+0800][1.756s][info][gc,heap     ] GC(35) Soft Max Capacity: 64M(100%)
[2026-06-17T09:58:56.613+0800][1.756s][info][gc,heap     ] GC(35)                Mark Start          Mark End        Relocate Start      Relocate End           High               Low         
[2026-06-17T09:58:56.613+0800][1.756s][info][gc,heap     ] GC(35)  Capacity:       64M (100%)         64M (100%)         64M (100%)         64M (100%)         64M (100%)         64M (100%)   
[2026-06-17T09:58:56.613+0800][1.756s][info][gc,heap     ] GC(35)      Free:        0M (0%)            0M (0%)            0M (0%)            0M (0%)            2M (3%)            0M (0%)     
[2026-06-17T09:58:56.614+0800][1.756s][info][gc,heap     ] GC(35)      Used:       64M (100%)         64M (100%)         64M (100%)         64M (100%)         64M (100%)         62M (97%)    
[2026-06-17T09:58:56.614+0800][1.756s][info][gc,heap     ] GC(35)      Live:         -                59M (92%)          59M (92%)          59M (92%)            -                  -          
[2026-06-17T09:58:56.614+0800][1.756s][info][gc,heap     ] GC(35) Allocated:         -                 0M (0%)            2M (3%)            2M (3%)             -                  -          
[2026-06-17T09:58:56.614+0800][1.756s][info][gc,heap     ] GC(35)   Garbage:         -                 4M (8%)            2M (5%)            2M (5%)             -                  -          
[2026-06-17T09:58:56.614+0800][1.756s][info][gc,heap     ] GC(35) Reclaimed:         -                  -                 2M (3%)            2M (3%)             -                  -          
[2026-06-17T09:58:56.614+0800][1.757s][info][gc          ] GC(35) Garbage Collection (Allocation Stall) 64M(100%)->64M(100%)
[2026-06-17T09:58:56.614+0800][1.757s][info][gc,start    ] GC(36) Garbage Collection (Allocation Stall)
[2026-06-17T09:58:56.614+0800][1.757s][info][gc,ref      ] GC(36) Clearing All SoftReferences
[2026-06-17T09:58:56.614+0800][1.757s][info][gc,task     ] GC(36) Using 1 workers
[2026-06-17T09:58:56.614+0800][1.757s][info][gc,phases   ] GC(36) Pause Mark Start 0.003ms
[2026-06-17T09:58:56.615+0800][1.758s][info][gc,phases   ] GC(36) Concurrent Mark 0.667ms
[2026-06-17T09:58:56.615+0800][1.758s][info][gc,phases   ] GC(36) Pause Mark End 0.004ms
[2026-06-17T09:58:56.616+0800][1.758s][info][gc,phases   ] GC(36) Concurrent Mark Free 0.000ms
[2026-06-17T09:58:56.616+0800][1.758s][info][gc,phases   ] GC(36) Concurrent Process Non-Strong References 0.266ms
[2026-06-17T09:58:56.616+0800][1.759s][info][gc,phases   ] GC(36) Concurrent Reset Relocation Set 0.001ms
[2026-06-17T09:58:56.617+0800][1.760s][info][gc          ] Allocation Stall (main) 6.797ms
[2026-06-17T09:58:56.617+0800][1.760s][info][gc,phases   ] GC(36) Concurrent Select Relocation Set 0.807ms
[2026-06-17T09:58:56.619+0800][1.761s][info][gc,phases   ] GC(36) Pause Relocate Start 0.003ms
[2026-06-17T09:58:56.621+0800][1.763s][info][gc          ] Allocation Stall (main) 2.670ms
[2026-06-17T09:58:56.621+0800][1.764s][info][gc,phases   ] GC(36) Concurrent Relocate 0.234ms
[2026-06-17T09:58:56.623+0800][1.766s][info][gc,load     ] GC(36) Load: 0.31/0.47/0.53
[2026-06-17T09:58:56.624+0800][1.767s][info][gc,mmu      ] GC(36) MMU: 2ms/98.1%, 5ms/99.0%, 10ms/99.5%, 20ms/99.7%, 50ms/99.8%, 100ms/99.9%
[2026-06-17T09:58:56.626+0800][1.768s][info][gc,marking  ] GC(36) Mark: 1 stripe(s), 1 proactive flush(es), 1 terminate flush(es), 0 completion(s), 0 continuation(s) 
[2026-06-17T09:58:56.627+0800][1.769s][info][gc,marking  ] GC(36) Mark Stack Usage: 32M
[2026-06-17T09:58:56.627+0800][1.770s][info][gc,nmethod  ] GC(36) NMethods: 67 registered, 0 unregistered
[2026-06-17T09:58:56.627+0800][1.770s][info][gc,metaspace] GC(36) Metaspace: 0M used, 0M committed, 1088M reserved
[2026-06-17T09:58:56.629+0800][1.771s][info][gc,ref      ] GC(36) Soft: 0 encountered, 0 discovered, 0 enqueued
[2026-06-17T09:58:56.630+0800][1.773s][info][gc,ref      ] GC(36) Weak: 5 encountered, 0 discovered, 0 enqueued
[2026-06-17T09:58:56.632+0800][1.774s][info][gc,ref      ] GC(36) Final: 0 encountered, 0 discovered, 0 enqueued
[2026-06-17T09:58:56.634+0800][1.777s][info][gc,ref      ] GC(36) Phantom: 1 encountered, 0 discovered, 0 enqueued
[2026-06-17T09:58:56.636+0800][1.779s][info][gc,reloc    ] GC(36) Small Pages: 6 / 12M, Empty: 4M, Relocated: 1M, In-Place: 1
[2026-06-17T09:58:56.638+0800][1.781s][info][gc,reloc    ] GC(36) Large Pages: 26 / 52M, Empty: 0M, Relocated: 0M, In-Place: 0
[2026-06-17T09:58:56.642+0800][1.784s][info][gc,reloc    ] GC(36) Forwarding Usage: 0M
[2026-06-17T09:58:56.642+0800][1.785s][info][gc,heap     ] GC(36) Min Capacity: 64M(100%)
[2026-06-17T09:58:56.644+0800][1.787s][info][gc,heap     ] GC(36) Max Capacity: 64M(100%)
[2026-06-17T09:58:56.648+0800][1.791s][info][gc,heap     ] GC(36) Soft Max Capacity: 64M(100%)
[2026-06-17T09:58:56.649+0800][1.791s][info][gc,heap     ] GC(36)                Mark Start          Mark End        Relocate Start      Relocate End           High               Low         
[2026-06-17T09:58:56.649+0800][1.792s][info][gc,heap     ] GC(36)  Capacity:       64M (100%)         64M (100%)         64M (100%)         64M (100%)         64M (100%)         64M (100%)   
[2026-06-17T09:58:56.650+0800][1.792s][info][gc,heap     ] GC(36)      Free:        0M (0%)            0M (0%)            0M (0%)            0M (0%)            4M (6%)            0M (0%)     
[2026-06-17T09:58:56.650+0800][1.793s][info][gc,heap     ] GC(36)      Used:       64M (100%)         64M (100%)         64M (100%)         64M (100%)         64M (100%)         60M (94%)    
[2026-06-17T09:58:56.651+0800][1.793s][info][gc,heap     ] GC(36)      Live:         -                56M (89%)          56M (89%)          56M (89%)            -                  -          
[2026-06-17T09:58:56.651+0800][1.794s][info][gc,heap     ] GC(36) Allocated:         -                 0M (0%)            4M (6%)            6M (9%)             -                  -          
[2026-06-17T09:58:56.652+0800][1.794s][info][gc,heap     ] GC(36)   Garbage:         -                 7M (11%)           3M (5%)            1M (2%)             -                  -          
[2026-06-17T09:58:56.653+0800][1.796s][info][gc,heap     ] GC(36) Reclaimed:         -                  -                 4M (6%)            6M (9%)             -                  -          
[2026-06-17T09:58:56.655+0800][1.797s][info][gc          ] GC(36) Garbage Collection (Allocation Stall) 64M(100%)->64M(100%)
[2026-06-17T09:58:56.656+0800][1.799s][info][gc,start    ] GC(37) Garbage Collection (Allocation Stall)
[2026-06-17T09:58:56.656+0800][1.799s][info][gc,ref      ] GC(37) Clearing All SoftReferences
[2026-06-17T09:58:56.657+0800][1.799s][info][gc,task     ] GC(37) Using 1 workers
[2026-06-17T09:58:56.657+0800][1.800s][info][gc,phases   ] GC(37) Pause Mark Start 0.010ms
[2026-06-17T09:58:56.659+0800][1.802s][info][gc,phases   ] GC(37) Concurrent Mark 1.665ms
[2026-06-17T09:58:56.659+0800][1.802s][info][gc,phases   ] GC(37) Pause Mark End 0.009ms
[2026-06-17T09:58:56.660+0800][1.803s][info][gc,phases   ] GC(37) Concurrent Mark Free 0.001ms
[2026-06-17T09:58:56.661+0800][1.804s][info][gc,phases   ] GC(37) Concurrent Process Non-Strong References 0.654ms
[2026-06-17T09:58:56.661+0800][1.804s][info][gc,phases   ] GC(37) Concurrent Reset Relocation Set 0.001ms
[2026-06-17T09:58:56.664+0800][1.806s][info][gc,phases   ] GC(37) Concurrent Select Relocation Set 2.068ms
[2026-06-17T09:58:56.664+0800][1.807s][info][gc,phases   ] GC(37) Pause Relocate Start 0.007ms
[2026-06-17T09:58:56.664+0800][1.807s][info][gc,phases   ] GC(37) Concurrent Relocate 0.074ms
[2026-06-17T09:58:56.665+0800][1.807s][info][gc,load     ] GC(37) Load: 0.31/0.47/0.53
[2026-06-17T09:58:56.665+0800][1.808s][info][gc,mmu      ] GC(37) MMU: 2ms/98.1%, 5ms/99.0%, 10ms/99.5%, 20ms/99.7%, 50ms/99.8%, 100ms/99.9%
[2026-06-17T09:58:56.665+0800][1.808s][info][gc,marking  ] GC(37) Mark: 1 stripe(s), 1 proactive flush(es), 1 terminate flush(es), 0 completion(s), 0 continuation(s) 
[2026-06-17T09:58:56.665+0800][1.808s][info][gc,marking  ] GC(37) Mark Stack Usage: 32M
[2026-06-17T09:58:56.666+0800][1.808s][info][gc,nmethod  ] GC(37) NMethods: 67 registered, 0 unregistered
[2026-06-17T09:58:56.666+0800][1.809s][info][gc,metaspace] GC(37) Metaspace: 0M used, 0M committed, 1088M reserved
[2026-06-17T09:58:56.667+0800][1.809s][info][gc,ref      ] GC(37) Soft: 0 encountered, 0 discovered, 0 enqueued
[2026-06-17T09:58:56.667+0800][1.809s][info][gc,ref      ] GC(37) Weak: 5 encountered, 0 discovered, 0 enqueued
[2026-06-17T09:58:56.667+0800][1.810s][info][gc,ref      ] GC(37) Final: 0 encountered, 0 discovered, 0 enqueued
[2026-06-17T09:58:56.667+0800][1.810s][info][gc,ref      ] GC(37) Phantom: 1 encountered, 0 discovered, 0 enqueued
[2026-06-17T09:58:56.667+0800][1.810s][info][gc,reloc    ] GC(37) Small Pages: 4 / 8M, Empty: 0M, Relocated: 0M, In-Place: 0
[2026-06-17T09:58:56.668+0800][1.810s][info][gc,reloc    ] GC(37) Large Pages: 28 / 56M, Empty: 0M, Relocated: 0M, In-Place: 0
[2026-06-17T09:58:56.668+0800][1.810s][info][gc,reloc    ] GC(37) Forwarding Usage: 0M
[2026-06-17T09:58:56.668+0800][1.811s][info][gc,heap     ] GC(37) Min Capacity: 64M(100%)
[2026-06-17T09:58:56.668+0800][1.811s][info][gc,heap     ] GC(37) Max Capacity: 64M(100%)
[2026-06-17T09:58:56.669+0800][1.811s][info][gc,heap     ] GC(37) Soft Max Capacity: 64M(100%)
[2026-06-17T09:58:56.669+0800][1.811s][info][gc,heap     ] GC(37)                Mark Start          Mark End        Relocate Start      Relocate End           High               Low         
[2026-06-17T09:58:56.669+0800][1.811s][info][gc,heap     ] GC(37)  Capacity:       64M (100%)         64M (100%)         64M (100%)         64M (100%)         64M (100%)         64M (100%)   
[2026-06-17T09:58:56.669+0800][1.811s][info][gc,heap     ] GC(37)      Free:        0M (0%)            0M (0%)            0M (0%)            0M (0%)            0M (0%)            0M (0%)     
[2026-06-17T09:58:56.669+0800][1.812s][info][gc,heap     ] GC(37)      Used:       64M (100%)         64M (100%)         64M (100%)         64M (100%)         64M (100%)         64M (100%)   
[2026-06-17T09:58:56.669+0800][1.812s][info][gc,heap     ] GC(37)      Live:         -                61M (95%)          61M (95%)          61M (95%)            -                  -          
[2026-06-17T09:58:56.669+0800][1.812s][info][gc,heap     ] GC(37) Allocated:         -                 0M (0%)            0M (0%)            0M (0%)             -                  -          
[2026-06-17T09:58:56.670+0800][1.812s][info][gc,heap     ] GC(37)   Garbage:         -                 2M (5%)            2M (5%)            2M (5%)             -                  -          
[2026-06-17T09:58:56.670+0800][1.812s][info][gc,heap     ] GC(37) Reclaimed:         -                  -                 0M (0%)            0M (0%)             -                  -          
[2026-06-17T09:58:56.670+0800][1.812s][info][gc          ] GC(37) Garbage Collection (Allocation Stall) 64M(100%)->64M(100%)
[2026-06-17T09:58:56.670+0800][1.813s][info][gc          ] Allocation Stall (main) 48.930ms
[2026-06-17T09:58:56.670+0800][1.813s][info][gc          ] Out Of Memory (main)
[2026-06-17T09:58:56.671+0800][1.813s][info][gc,start    ] GC(38) Garbage Collection (Allocation Stall)
[2026-06-17T09:58:56.671+0800][1.813s][info][gc,ref      ] GC(38) Clearing All SoftReferences
[2026-06-17T09:58:56.671+0800][1.813s][info][gc,task     ] GC(38) Using 1 workers
[2026-06-17T09:58:56.671+0800][1.814s][info][gc,phases   ] GC(38) Pause Mark Start 0.005ms
[2026-06-17T09:58:56.672+0800][1.815s][info][gc,phases   ] GC(38) Concurrent Mark 1.221ms
[2026-06-17T09:58:56.673+0800][1.815s][info][gc,phases   ] GC(38) Pause Mark End 0.007ms
[2026-06-17T09:58:56.673+0800][1.815s][info][gc,phases   ] GC(38) Concurrent Mark Free 0.001ms
[2026-06-17T09:58:56.674+0800][1.816s][info][gc,phases   ] GC(38) Concurrent Process Non-Strong References 0.435ms
[2026-06-17T09:58:56.674+0800][1.816s][info][gc,phases   ] GC(38) Concurrent Reset Relocation Set 0.001ms
[2026-06-17T09:58:56.675+0800][1.817s][info][gc          ] Allocation Stall (main) 4.382ms
[2026-06-17T09:58:56.675+0800][1.818s][info][gc,phases   ] GC(38) Concurrent Select Relocation Set 1.176ms
[2026-06-17T09:58:56.675+0800][1.818s][info][gc,phases   ] GC(38) Pause Relocate Start 0.004ms
[2026-06-17T09:58:56.676+0800][1.818s][info][gc,phases   ] GC(38) Concurrent Relocate 0.037ms
[2026-06-17T09:58:56.676+0800][1.818s][info][gc,load     ] GC(38) Load: 0.31/0.47/0.53
[2026-06-17T09:58:56.676+0800][1.818s][info][gc,mmu      ] GC(38) MMU: 2ms/98.1%, 5ms/99.0%, 10ms/99.5%, 20ms/99.7%, 50ms/99.8%, 100ms/99.9%
[2026-06-17T09:58:56.676+0800][1.819s][info][gc,marking  ] GC(38) Mark: 1 stripe(s), 1 proactive flush(es), 1 terminate flush(es), 0 completion(s), 0 continuation(s) 
[2026-06-17T09:58:56.676+0800][1.819s][info][gc,marking  ] GC(38) Mark Stack Usage: 32M
[2026-06-17T09:58:56.676+0800][1.819s][info][gc,nmethod  ] GC(38) NMethods: 67 registered, 0 unregistered
[2026-06-17T09:58:56.676+0800][1.819s][info][gc,metaspace] GC(38) Metaspace: 0M used, 0M committed, 1088M reserved
[2026-06-17T09:58:56.676+0800][1.819s][info][gc,ref      ] GC(38) Soft: 0 encountered, 0 discovered, 0 enqueued
[2026-06-17T09:58:56.676+0800][1.819s][info][gc,ref      ] GC(38) Weak: 5 encountered, 0 discovered, 0 enqueued
[2026-06-17T09:58:56.677+0800][1.819s][info][gc,ref      ] GC(38) Final: 0 encountered, 0 discovered, 0 enqueued
[2026-06-17T09:58:56.677+0800][1.819s][info][gc,ref      ] GC(38) Phantom: 1 encountered, 0 discovered, 0 enqueued
[2026-06-17T09:58:56.677+0800][1.819s][info][gc,reloc    ] GC(38) Small Pages: 4 / 8M, Empty: 2M, Relocated: 0M, In-Place: 0
[2026-06-17T09:58:56.677+0800][1.819s][info][gc,reloc    ] GC(38) Large Pages: 28 / 56M, Empty: 4M, Relocated: 0M, In-Place: 0
[2026-06-17T09:58:56.677+0800][1.819s][info][gc,reloc    ] GC(38) Forwarding Usage: 0M
[2026-06-17T09:58:56.677+0800][1.820s][info][gc,heap     ] GC(38) Min Capacity: 64M(100%)
[2026-06-17T09:58:56.677+0800][1.820s][info][gc,heap     ] GC(38) Max Capacity: 64M(100%)
[2026-06-17T09:58:56.677+0800][1.820s][info][gc,heap     ] GC(38) Soft Max Capacity: 64M(100%)
[2026-06-17T09:58:56.677+0800][1.820s][info][gc,heap     ] GC(38)                Mark Start          Mark End        Relocate Start      Relocate End           High               Low         
[2026-06-17T09:58:56.677+0800][1.820s][info][gc,heap     ] GC(38)  Capacity:       64M (100%)         64M (100%)         64M (100%)         64M (100%)         64M (100%)         64M (100%)   
[2026-06-17T09:58:56.677+0800][1.820s][info][gc,heap     ] GC(38)      Free:        0M (0%)            0M (0%)            4M (6%)            4M (6%)            6M (9%)            0M (0%)     
[2026-06-17T09:58:56.678+0800][1.820s][info][gc,heap     ] GC(38)      Used:       64M (100%)         64M (100%)         60M (94%)          60M (94%)          64M (100%)         58M (91%)    
[2026-06-17T09:58:56.678+0800][1.820s][info][gc,heap     ] GC(38)      Live:         -                56M (89%)          56M (89%)          56M (89%)            -                  -          
[2026-06-17T09:58:56.678+0800][1.820s][info][gc,heap     ] GC(38) Allocated:         -                 0M (0%)            2M (3%)            2M (3%)             -                  -          
[2026-06-17T09:58:56.678+0800][1.820s][info][gc,heap     ] GC(38)   Garbage:         -                 7M (11%)           1M (2%)            1M (2%)             -                  -          
[2026-06-17T09:58:56.678+0800][1.820s][info][gc,heap     ] GC(38) Reclaimed:         -                  -                 6M (9%)            6M (9%)             -                  -          
[2026-06-17T09:58:56.678+0800][1.821s][info][gc          ] GC(38) Garbage Collection (Allocation Stall) 64M(100%)->60M(94%)
[2026-06-17T09:58:56.761+0800][1.903s][info][gc,start    ] GC(39) Garbage Collection (Allocation Rate)
[2026-06-17T09:58:56.762+0800][1.904s][info][gc,task     ] GC(39) Using 1 workers
[2026-06-17T09:58:56.762+0800][1.905s][info][gc,phases   ] GC(39) Pause Mark Start 0.007ms
[2026-06-17T09:58:56.763+0800][1.906s][info][gc,phases   ] GC(39) Concurrent Mark 0.669ms
[2026-06-17T09:58:56.764+0800][1.906s][info][gc,phases   ] GC(39) Pause Mark End 0.005ms
[2026-06-17T09:58:56.764+0800][1.907s][info][gc,phases   ] GC(39) Concurrent Mark Free 0.001ms
[2026-06-17T09:58:56.765+0800][1.907s][info][gc,phases   ] GC(39) Concurrent Process Non-Strong References 0.321ms
[2026-06-17T09:58:56.765+0800][1.908s][info][gc,phases   ] GC(39) Concurrent Reset Relocation Set 0.001ms
[2026-06-17T09:58:56.766+0800][1.909s][info][gc,phases   ] GC(39) Concurrent Select Relocation Set 0.793ms
[2026-06-17T09:58:56.766+0800][1.909s][info][gc,phases   ] GC(39) Pause Relocate Start 0.003ms
[2026-06-17T09:58:56.767+0800][1.909s][info][gc,phases   ] GC(39) Concurrent Relocate 0.208ms
[2026-06-17T09:58:56.767+0800][1.910s][info][gc,load     ] GC(39) Load: 0.31/0.47/0.53
[2026-06-17T09:58:56.767+0800][1.910s][info][gc,mmu      ] GC(39) MMU: 2ms/98.1%, 5ms/99.0%, 10ms/99.5%, 20ms/99.7%, 50ms/99.8%, 100ms/99.9%
[2026-06-17T09:58:56.767+0800][1.910s][info][gc,marking  ] GC(39) Mark: 1 stripe(s), 1 proactive flush(es), 1 terminate flush(es), 0 completion(s), 0 continuation(s) 
[2026-06-17T09:58:56.768+0800][1.910s][info][gc,marking  ] GC(39) Mark Stack Usage: 32M
[2026-06-17T09:58:56.768+0800][1.910s][info][gc,nmethod  ] GC(39) NMethods: 67 registered, 0 unregistered
[2026-06-17T09:58:56.768+0800][1.911s][info][gc,metaspace] GC(39) Metaspace: 0M used, 0M committed, 1088M reserved
[2026-06-17T09:58:56.768+0800][1.911s][info][gc,ref      ] GC(39) Soft: 0 encountered, 0 discovered, 0 enqueued
[2026-06-17T09:58:56.768+0800][1.911s][info][gc,ref      ] GC(39) Weak: 5 encountered, 0 discovered, 0 enqueued
[2026-06-17T09:58:56.768+0800][1.911s][info][gc,ref      ] GC(39) Final: 0 encountered, 0 discovered, 0 enqueued
[2026-06-17T09:58:56.769+0800][1.911s][info][gc,ref      ] GC(39) Phantom: 1 encountered, 0 discovered, 0 enqueued
[2026-06-17T09:58:56.769+0800][1.912s][info][gc,reloc    ] GC(39) Small Pages: 4 / 8M, Empty: 2M, Relocated: 0M, In-Place: 0
[2026-06-17T09:58:56.769+0800][1.912s][info][gc,reloc    ] GC(39) Large Pages: 26 / 52M, Empty: 34M, Relocated: 0M, In-Place: 0
[2026-06-17T09:58:56.769+0800][1.912s][info][gc,reloc    ] GC(39) Forwarding Usage: 0M
[2026-06-17T09:58:56.769+0800][1.912s][info][gc,heap     ] GC(39) Min Capacity: 64M(100%)
[2026-06-17T09:58:56.769+0800][1.912s][info][gc,heap     ] GC(39) Max Capacity: 64M(100%)
[2026-06-17T09:58:56.770+0800][1.912s][info][gc,heap     ] GC(39) Soft Max Capacity: 64M(100%)
[2026-06-17T09:58:56.770+0800][1.912s][info][gc,heap     ] GC(39)                Mark Start          Mark End        Relocate Start      Relocate End           High               Low         
[2026-06-17T09:58:56.770+0800][1.912s][info][gc,heap     ] GC(39)  Capacity:       64M (100%)         64M (100%)         64M (100%)         64M (100%)         64M (100%)         64M (100%)   
[2026-06-17T09:58:56.770+0800][1.912s][info][gc,heap     ] GC(39)      Free:        4M (6%)            4M (6%)           40M (62%)          42M (66%)          42M (66%)           4M (6%)     
[2026-06-17T09:58:56.770+0800][1.912s][info][gc,heap     ] GC(39)      Used:       60M (94%)          60M (94%)          24M (38%)          22M (34%)          60M (94%)          22M (34%)    
[2026-06-17T09:58:56.770+0800][1.912s][info][gc,heap     ] GC(39)      Live:         -                20M (31%)          20M (31%)          20M (31%)            -                  -          
[2026-06-17T09:58:56.770+0800][1.913s][info][gc,heap     ] GC(39) Allocated:         -                 0M (0%)            0M (0%)            0M (0%)             -                  -          
[2026-06-17T09:58:56.770+0800][1.913s][info][gc,heap     ] GC(39)   Garbage:         -                39M (62%)           3M (6%)            1M (3%)             -                  -          
[2026-06-17T09:58:56.770+0800][1.913s][info][gc,heap     ] GC(39) Reclaimed:         -                  -                36M (56%)          38M (59%)            -                  -          
[2026-06-17T09:58:56.770+0800][1.913s][info][gc          ] GC(39) Garbage Collection (Allocation Rate) 60M(94%)->22M(34%)
[2026-06-17T09:58:56.961+0800][2.103s][info][gc,start    ] GC(40) Garbage Collection (Allocation Rate)
[2026-06-17T09:58:56.962+0800][2.104s][info][gc,task     ] GC(40) Using 1 workers
[2026-06-17T09:58:56.962+0800][2.105s][info][gc,phases   ] GC(40) Pause Mark Start 0.011ms
[2026-06-17T09:58:56.966+0800][2.108s][info][gc,phases   ] GC(40) Concurrent Mark 2.766ms
[2026-06-17T09:58:56.966+0800][2.109s][info][gc,phases   ] GC(40) Pause Mark End 0.008ms
[2026-06-17T09:58:56.967+0800][2.109s][info][gc,phases   ] GC(40) Concurrent Mark Free 0.001ms
[2026-06-17T09:58:56.967+0800][2.110s][info][gc,phases   ] GC(40) Concurrent Process Non-Strong References 0.449ms
[2026-06-17T09:58:56.968+0800][2.110s][info][gc,phases   ] GC(40) Concurrent Reset Relocation Set 0.002ms
[2026-06-17T09:58:56.969+0800][2.112s][info][gc,phases   ] GC(40) Concurrent Select Relocation Set 1.206ms
[2026-06-17T09:58:56.970+0800][2.112s][info][gc,phases   ] GC(40) Pause Relocate Start 0.004ms
[2026-06-17T09:58:56.971+0800][2.113s][info][gc,phases   ] GC(40) Concurrent Relocate 0.637ms
[2026-06-17T09:58:56.971+0800][2.113s][info][gc,load     ] GC(40) Load: 0.31/0.47/0.53
[2026-06-17T09:58:56.971+0800][2.114s][info][gc,mmu      ] GC(40) MMU: 2ms/98.1%, 5ms/99.0%, 10ms/99.5%, 20ms/99.7%, 50ms/99.8%, 100ms/99.9%
[2026-06-17T09:58:56.971+0800][2.114s][info][gc,marking  ] GC(40) Mark: 1 stripe(s), 2 proactive flush(es), 1 terminate flush(es), 0 completion(s), 0 continuation(s) 
[2026-06-17T09:58:56.971+0800][2.114s][info][gc,marking  ] GC(40) Mark Stack Usage: 32M
[2026-06-17T09:58:56.971+0800][2.114s][info][gc,nmethod  ] GC(40) NMethods: 67 registered, 0 unregistered
[2026-06-17T09:58:56.972+0800][2.114s][info][gc,metaspace] GC(40) Metaspace: 0M used, 0M committed, 1088M reserved
[2026-06-17T09:58:56.972+0800][2.114s][info][gc,ref      ] GC(40) Soft: 0 encountered, 0 discovered, 0 enqueued
[2026-06-17T09:58:56.972+0800][2.114s][info][gc,ref      ] GC(40) Weak: 5 encountered, 0 discovered, 0 enqueued
[2026-06-17T09:58:56.972+0800][2.115s][info][gc,ref      ] GC(40) Final: 0 encountered, 0 discovered, 0 enqueued
[2026-06-17T09:58:56.972+0800][2.115s][info][gc,ref      ] GC(40) Phantom: 1 encountered, 0 discovered, 0 enqueued
[2026-06-17T09:58:56.972+0800][2.115s][info][gc,reloc    ] GC(40) Small Pages: 16 / 32M, Empty: 20M, Relocated: 2M, In-Place: 0
[2026-06-17T09:58:56.973+0800][2.115s][info][gc,reloc    ] GC(40) Large Pages: 13 / 26M, Empty: 0M, Relocated: 0M, In-Place: 0
[2026-06-17T09:58:56.973+0800][2.115s][info][gc,reloc    ] GC(40) Forwarding Usage: 0M
[2026-06-17T09:58:56.973+0800][2.115s][info][gc,heap     ] GC(40) Min Capacity: 64M(100%)
[2026-06-17T09:58:56.973+0800][2.115s][info][gc,heap     ] GC(40) Max Capacity: 64M(100%)
[2026-06-17T09:58:56.973+0800][2.116s][info][gc,heap     ] GC(40) Soft Max Capacity: 64M(100%)
[2026-06-17T09:58:56.973+0800][2.116s][info][gc,heap     ] GC(40)                Mark Start          Mark End        Relocate Start      Relocate End           High               Low         
[2026-06-17T09:58:56.973+0800][2.116s][info][gc,heap     ] GC(40)  Capacity:       64M (100%)         64M (100%)         64M (100%)         64M (100%)         64M (100%)         64M (100%)   
[2026-06-17T09:58:56.973+0800][2.116s][info][gc,heap     ] GC(40)      Free:        6M (9%)            4M (6%)           24M (38%)          28M (44%)          28M (44%)           4M (6%)     
[2026-06-17T09:58:56.974+0800][2.116s][info][gc,heap     ] GC(40)      Used:       58M (91%)          60M (94%)          40M (62%)          36M (56%)          60M (94%)          36M (56%)    
[2026-06-17T09:58:56.974+0800][2.116s][info][gc,heap     ] GC(40)      Live:         -                32M (51%)          32M (51%)          32M (51%)            -                  -          
[2026-06-17T09:58:56.974+0800][2.116s][info][gc,heap     ] GC(40) Allocated:         -                 2M (3%)            2M (3%)            2M (3%)             -                  -          
[2026-06-17T09:58:56.974+0800][2.117s][info][gc,heap     ] GC(40)   Garbage:         -                25M (40%)           5M (9%)            1M (2%)             -                  -          
[2026-06-17T09:58:56.974+0800][2.117s][info][gc,heap     ] GC(40) Reclaimed:         -                  -                20M (31%)          24M (38%)            -                  -          
[2026-06-17T09:58:56.974+0800][2.117s][info][gc          ] GC(40) Garbage Collection (Allocation Rate) 58M(91%)->36M(56%)
[2026-06-17T09:58:57.020+0800][2.163s][info][gc,start    ] GC(41) Garbage Collection (Allocation Stall)
[2026-06-17T09:58:57.021+0800][2.163s][info][gc,ref      ] GC(41) Clearing All SoftReferences
[2026-06-17T09:58:57.022+0800][2.164s][info][gc,task     ] GC(41) Using 1 workers
[2026-06-17T09:58:57.023+0800][2.166s][info][gc,phases   ] GC(41) Pause Mark Start 0.012ms
[2026-06-17T09:58:57.027+0800][2.170s][info][gc,phases   ] GC(41) Concurrent Mark 2.323ms
[2026-06-17T09:58:57.028+0800][2.171s][info][gc,phases   ] GC(41) Pause Mark End 0.013ms
[2026-06-17T09:58:57.029+0800][2.172s][info][gc,phases   ] GC(41) Concurrent Mark Free 0.001ms
[2026-06-17T09:58:57.032+0800][2.174s][info][gc,phases   ] GC(41) Concurrent Process Non-Strong References 0.896ms
[2026-06-17T09:58:57.034+0800][2.176s][info][gc,phases   ] GC(41) Concurrent Reset Relocation Set 0.002ms
[2026-06-17T09:58:57.037+0800][2.180s][info][gc          ] Allocation Stall (main) 17.149ms
[2026-06-17T09:58:57.037+0800][2.180s][info][gc,phases   ] GC(41) Concurrent Select Relocation Set 2.473ms
[2026-06-17T09:58:57.039+0800][2.181s][info][gc,phases   ] GC(41) Pause Relocate Start 0.010ms
[2026-06-17T09:58:57.040+0800][2.182s][info][gc,phases   ] GC(41) Concurrent Relocate 0.485ms
[2026-06-17T09:58:57.040+0800][2.183s][info][gc,load     ] GC(41) Load: 0.31/0.47/0.53
[2026-06-17T09:58:57.041+0800][2.183s][info][gc,mmu      ] GC(41) MMU: 2ms/98.1%, 5ms/99.0%, 10ms/99.5%, 20ms/99.7%, 50ms/99.8%, 100ms/99.9%
[2026-06-17T09:58:57.041+0800][2.184s][info][gc,marking  ] GC(41) Mark: 1 stripe(s), 1 proactive flush(es), 1 terminate flush(es), 0 completion(s), 0 continuation(s) 
[2026-06-17T09:58:57.041+0800][2.184s][info][gc,marking  ] GC(41) Mark Stack Usage: 32M
[2026-06-17T09:58:57.042+0800][2.184s][info][gc,nmethod  ] GC(41) NMethods: 67 registered, 0 unregistered
[2026-06-17T09:58:57.042+0800][2.185s][info][gc,metaspace] GC(41) Metaspace: 0M used, 0M committed, 1088M reserved
[2026-06-17T09:58:57.043+0800][2.185s][info][gc,ref      ] GC(41) Soft: 0 encountered, 0 discovered, 0 enqueued
[2026-06-17T09:58:57.043+0800][2.186s][info][gc,ref      ] GC(41) Weak: 5 encountered, 0 discovered, 0 enqueued
[2026-06-17T09:58:57.043+0800][2.186s][info][gc,ref      ] GC(41) Final: 0 encountered, 0 discovered, 0 enqueued
[2026-06-17T09:58:57.044+0800][2.186s][info][gc,ref      ] GC(41) Phantom: 1 encountered, 0 discovered, 0 enqueued
[2026-06-17T09:58:57.044+0800][2.186s][info][gc,reloc    ] GC(41) Small Pages: 15 / 30M, Empty: 16M, Relocated: 1M, In-Place: 0
[2026-06-17T09:58:57.044+0800][2.186s][info][gc,reloc    ] GC(41) Large Pages: 17 / 34M, Empty: 0M, Relocated: 0M, In-Place: 0
[2026-06-17T09:58:57.044+0800][2.187s][info][gc,reloc    ] GC(41) Forwarding Usage: 0M
[2026-06-17T09:58:57.044+0800][2.187s][info][gc,heap     ] GC(41) Min Capacity: 64M(100%)
[2026-06-17T09:58:57.045+0800][2.187s][info][gc,heap     ] GC(41) Max Capacity: 64M(100%)
[2026-06-17T09:58:57.045+0800][2.187s][info][gc,heap     ] GC(41) Soft Max Capacity: 64M(100%)
[2026-06-17T09:58:57.045+0800][2.187s][info][gc,heap     ] GC(41)                Mark Start          Mark End        Relocate Start      Relocate End           High               Low         
[2026-06-17T09:58:57.045+0800][2.188s][info][gc,heap     ] GC(41)  Capacity:       64M (100%)         64M (100%)         64M (100%)         64M (100%)         64M (100%)         64M (100%)   
[2026-06-17T09:58:57.045+0800][2.188s][info][gc,heap     ] GC(41)      Free:        0M (0%)            0M (0%)           14M (22%)          16M (25%)          16M (25%)           0M (0%)     
[2026-06-17T09:58:57.046+0800][2.188s][info][gc,heap     ] GC(41)      Used:       64M (100%)         64M (100%)         50M (78%)          48M (75%)          64M (100%)         48M (75%)    
[2026-06-17T09:58:57.046+0800][2.188s][info][gc,heap     ] GC(41)      Live:         -                39M (62%)          39M (62%)          39M (62%)            -                  -          
[2026-06-17T09:58:57.046+0800][2.189s][info][gc,heap     ] GC(41) Allocated:         -                 0M (0%)            2M (3%)            5M (9%)             -                  -          
[2026-06-17T09:58:57.046+0800][2.189s][info][gc,heap     ] GC(41)   Garbage:         -                24M (38%)           8M (13%)           2M (3%)             -                  -          
[2026-06-17T09:58:57.046+0800][2.189s][info][gc,heap     ] GC(41) Reclaimed:         -                  -                16M (25%)          21M (34%)            -                  -          
[2026-06-17T09:58:57.047+0800][2.189s][info][gc          ] GC(41) Garbage Collection (Allocation Stall) 64M(100%)->48M(75%)
[2026-06-17T09:58:57.060+0800][2.202s][info][gc,start    ] GC(42) Garbage Collection (Allocation Rate)
[2026-06-17T09:58:57.060+0800][2.203s][info][gc,task     ] GC(42) Using 1 workers
[2026-06-17T09:58:57.060+0800][2.203s][info][gc,phases   ] GC(42) Pause Mark Start 0.006ms
[2026-06-17T09:58:57.062+0800][2.204s][info][gc,phases   ] GC(42) Concurrent Mark 0.830ms
[2026-06-17T09:58:57.062+0800][2.204s][info][gc,phases   ] GC(42) Pause Mark End 0.005ms
[2026-06-17T09:58:57.062+0800][2.205s][info][gc,phases   ] GC(42) Concurrent Mark Free 0.001ms
[2026-06-17T09:58:57.063+0800][2.205s][info][gc,phases   ] GC(42) Concurrent Process Non-Strong References 0.324ms
[2026-06-17T09:58:57.063+0800][2.205s][info][gc,phases   ] GC(42) Concurrent Reset Relocation Set 0.001ms
[2026-06-17T09:58:57.064+0800][2.206s][info][gc,phases   ] GC(42) Concurrent Select Relocation Set 0.756ms
[2026-06-17T09:58:57.064+0800][2.206s][info][gc,phases   ] GC(42) Pause Relocate Start 0.003ms
[2026-06-17T09:58:57.064+0800][2.207s][info][gc,phases   ] GC(42) Concurrent Relocate 0.137ms
[2026-06-17T09:58:57.065+0800][2.207s][info][gc,load     ] GC(42) Load: 0.31/0.47/0.53
[2026-06-17T09:58:57.065+0800][2.207s][info][gc,mmu      ] GC(42) MMU: 2ms/98.1%, 5ms/99.0%, 10ms/99.5%, 20ms/99.7%, 50ms/99.8%, 100ms/99.9%
[2026-06-17T09:58:57.065+0800][2.208s][info][gc,marking  ] GC(42) Mark: 1 stripe(s), 1 proactive flush(es), 1 terminate flush(es), 0 completion(s), 0 continuation(s) 
[2026-06-17T09:58:57.065+0800][2.208s][info][gc,marking  ] GC(42) Mark Stack Usage: 32M
[2026-06-17T09:58:57.066+0800][2.208s][info][gc,nmethod  ] GC(42) NMethods: 67 registered, 0 unregistered
[2026-06-17T09:58:57.066+0800][2.208s][info][gc,metaspace] GC(42) Metaspace: 0M used, 0M committed, 1088M reserved
[2026-06-17T09:58:57.067+0800][2.209s][info][gc,ref      ] GC(42) Soft: 0 encountered, 0 discovered, 0 enqueued
[2026-06-17T09:58:57.067+0800][2.210s][info][gc,ref      ] GC(42) Weak: 5 encountered, 0 discovered, 0 enqueued
[2026-06-17T09:58:57.067+0800][2.210s][info][gc,ref      ] GC(42) Final: 0 encountered, 0 discovered, 0 enqueued
[2026-06-17T09:58:57.067+0800][2.210s][info][gc,ref      ] GC(42) Phantom: 1 encountered, 0 discovered, 0 enqueued
[2026-06-17T09:58:57.067+0800][2.210s][info][gc,reloc    ] GC(42) Small Pages: 6 / 12M, Empty: 2M, Relocated: 1M, In-Place: 0
[2026-06-17T09:58:57.068+0800][2.210s][info][gc,reloc    ] GC(42) Large Pages: 21 / 42M, Empty: 0M, Relocated: 0M, In-Place: 0
[2026-06-17T09:58:57.068+0800][2.210s][info][gc,reloc    ] GC(42) Forwarding Usage: 0M
[2026-06-17T09:58:57.068+0800][2.210s][info][gc,heap     ] GC(42) Min Capacity: 64M(100%)
[2026-06-17T09:58:57.068+0800][2.211s][info][gc,heap     ] GC(42) Max Capacity: 64M(100%)
[2026-06-17T09:58:57.068+0800][2.211s][info][gc,heap     ] GC(42) Soft Max Capacity: 64M(100%)
[2026-06-17T09:58:57.068+0800][2.211s][info][gc,heap     ] GC(42)                Mark Start          Mark End        Relocate Start      Relocate End           High               Low         
[2026-06-17T09:58:57.068+0800][2.211s][info][gc,heap     ] GC(42)  Capacity:       64M (100%)         64M (100%)         64M (100%)         64M (100%)         64M (100%)         64M (100%)   
[2026-06-17T09:58:57.068+0800][2.211s][info][gc,heap     ] GC(42)      Free:       10M (16%)          10M (16%)           8M (12%)          10M (16%)          10M (16%)           6M (9%)     
[2026-06-17T09:58:57.068+0800][2.211s][info][gc,heap     ] GC(42)      Used:       54M (84%)          54M (84%)          56M (88%)          54M (84%)          58M (91%)          54M (84%)    
[2026-06-17T09:58:57.068+0800][2.211s][info][gc,heap     ] GC(42)      Live:         -                47M (75%)          47M (75%)          47M (75%)            -                  -          
[2026-06-17T09:58:57.069+0800][2.211s][info][gc,heap     ] GC(42) Allocated:         -                 0M (0%)            4M (6%)            4M (6%)             -                  -          
[2026-06-17T09:58:57.069+0800][2.211s][info][gc,heap     ] GC(42)   Garbage:         -                 6M (10%)           4M (6%)            2M (3%)             -                  -          
[2026-06-17T09:58:57.069+0800][2.211s][info][gc,heap     ] GC(42) Reclaimed:         -                  -                 2M (3%)            4M (6%)             -                  -          
[2026-06-17T09:58:57.069+0800][2.211s][info][gc          ] GC(42) Garbage Collection (Allocation Rate) 54M(84%)->54M(84%)
[2026-06-17T09:58:57.075+0800][2.217s][info][gc,start    ] GC(43) Garbage Collection (Allocation Stall)
[2026-06-17T09:58:57.075+0800][2.217s][info][gc,ref      ] GC(43) Clearing All SoftReferences
[2026-06-17T09:58:57.075+0800][2.218s][info][gc,task     ] GC(43) Using 1 workers
[2026-06-17T09:58:57.075+0800][2.218s][info][gc,phases   ] GC(43) Pause Mark Start 0.005ms
[2026-06-17T09:58:57.077+0800][2.220s][info][gc,phases   ] GC(43) Concurrent Mark 1.966ms
[2026-06-17T09:58:57.078+0800][2.220s][info][gc,phases   ] GC(43) Pause Mark End 0.005ms
[2026-06-17T09:58:57.078+0800][2.220s][info][gc,phases   ] GC(43) Concurrent Mark Free 0.001ms
[2026-06-17T09:58:57.079+0800][2.222s][info][gc,phases   ] GC(43) Concurrent Process Non-Strong References 0.220ms
[2026-06-17T09:58:57.079+0800][2.222s][info][gc,phases   ] GC(43) Concurrent Reset Relocation Set 0.001ms
[2026-06-17T09:58:57.080+0800][2.223s][info][gc          ] Allocation Stall (main) 5.521ms
[2026-06-17T09:58:57.080+0800][2.223s][info][gc,phases   ] GC(43) Concurrent Select Relocation Set 0.788ms
[2026-06-17T09:58:57.081+0800][2.223s][info][gc,phases   ] GC(43) Pause Relocate Start 0.003ms
[2026-06-17T09:58:57.081+0800][2.223s][info][gc,phases   ] GC(43) Concurrent Relocate 0.163ms
[2026-06-17T09:58:57.081+0800][2.224s][info][gc,load     ] GC(43) Load: 0.31/0.47/0.53
[2026-06-17T09:58:57.081+0800][2.224s][info][gc,mmu      ] GC(43) MMU: 2ms/98.1%, 5ms/99.0%, 10ms/99.5%, 20ms/99.7%, 50ms/99.8%, 100ms/99.9%
[2026-06-17T09:58:57.081+0800][2.224s][info][gc,marking  ] GC(43) Mark: 1 stripe(s), 1 proactive flush(es), 1 terminate flush(es), 0 completion(s), 0 continuation(s) 
[2026-06-17T09:58:57.082+0800][2.224s][info][gc,marking  ] GC(43) Mark Stack Usage: 32M
[2026-06-17T09:58:57.082+0800][2.224s][info][gc,nmethod  ] GC(43) NMethods: 67 registered, 0 unregistered
[2026-06-17T09:58:57.082+0800][2.224s][info][gc,metaspace] GC(43) Metaspace: 0M used, 0M committed, 1088M reserved
[2026-06-17T09:58:57.082+0800][2.224s][info][gc,ref      ] GC(43) Soft: 0 encountered, 0 discovered, 0 enqueued
[2026-06-17T09:58:57.082+0800][2.225s][info][gc,ref      ] GC(43) Weak: 5 encountered, 0 discovered, 0 enqueued
[2026-06-17T09:58:57.082+0800][2.225s][info][gc,ref      ] GC(43) Final: 0 encountered, 0 discovered, 0 enqueued
[2026-06-17T09:58:57.082+0800][2.225s][info][gc,ref      ] GC(43) Phantom: 1 encountered, 0 discovered, 0 enqueued
[2026-06-17T09:58:57.082+0800][2.225s][info][gc,reloc    ] GC(43) Small Pages: 8 / 16M, Empty: 6M, Relocated: 1M, In-Place: 0
[2026-06-17T09:58:57.082+0800][2.225s][info][gc,reloc    ] GC(43) Large Pages: 24 / 48M, Empty: 0M, Relocated: 0M, In-Place: 0
[2026-06-17T09:58:57.082+0800][2.225s][info][gc,reloc    ] GC(43) Forwarding Usage: 0M
[2026-06-17T09:58:57.083+0800][2.225s][info][gc,heap     ] GC(43) Min Capacity: 64M(100%)
[2026-06-17T09:58:57.083+0800][2.225s][info][gc,heap     ] GC(43) Max Capacity: 64M(100%)
[2026-06-17T09:58:57.083+0800][2.225s][info][gc,heap     ] GC(43) Soft Max Capacity: 64M(100%)
[2026-06-17T09:58:57.083+0800][2.225s][info][gc,heap     ] GC(43)                Mark Start          Mark End        Relocate Start      Relocate End           High               Low         
[2026-06-17T09:58:57.083+0800][2.225s][info][gc,heap     ] GC(43)  Capacity:       64M (100%)         64M (100%)         64M (100%)         64M (100%)         64M (100%)         64M (100%)   
[2026-06-17T09:58:57.083+0800][2.225s][info][gc,heap     ] GC(43)      Free:        0M (0%)            0M (0%)            4M (6%)            4M (6%)            6M (9%)            0M (0%)     
[2026-06-17T09:58:57.083+0800][2.226s][info][gc,heap     ] GC(43)      Used:       64M (100%)         64M (100%)         60M (94%)          60M (94%)          64M (100%)         58M (91%)    
[2026-06-17T09:58:57.083+0800][2.226s][info][gc,heap     ] GC(43)      Live:         -                54M (85%)          54M (85%)          54M (85%)            -                  -          
[2026-06-17T09:58:57.083+0800][2.226s][info][gc,heap     ] GC(43) Allocated:         -                 0M (0%)            2M (3%)            3M (6%)             -                  -          
[2026-06-17T09:58:57.083+0800][2.226s][info][gc,heap     ] GC(43)   Garbage:         -                 9M (15%)           3M (6%)            1M (3%)             -                  -          
[2026-06-17T09:58:57.083+0800][2.226s][info][gc,heap     ] GC(43) Reclaimed:         -                  -                 6M (9%)            7M (12%)            -                  -          
[2026-06-17T09:58:57.083+0800][2.226s][info][gc          ] GC(43) Garbage Collection (Allocation Stall) 64M(100%)->60M(94%)
[2026-06-17T09:58:57.102+0800][2.244s][info][gc,start    ] GC(44) Garbage Collection (Allocation Stall)
[2026-06-17T09:58:57.102+0800][2.244s][info][gc,ref      ] GC(44) Clearing All SoftReferences
[2026-06-17T09:58:57.102+0800][2.245s][info][gc,task     ] GC(44) Using 1 workers
[2026-06-17T09:58:57.102+0800][2.245s][info][gc,phases   ] GC(44) Pause Mark Start 0.006ms
[2026-06-17T09:58:57.103+0800][2.246s][info][gc,phases   ] GC(44) Concurrent Mark 0.814ms
[2026-06-17T09:58:57.104+0800][2.246s][info][gc,phases   ] GC(44) Pause Mark End 0.005ms
[2026-06-17T09:58:57.104+0800][2.246s][info][gc,phases   ] GC(44) Concurrent Mark Free 0.001ms
[2026-06-17T09:58:57.104+0800][2.247s][info][gc,phases   ] GC(44) Concurrent Process Non-Strong References 0.226ms
[2026-06-17T09:58:57.104+0800][2.247s][info][gc,phases   ] GC(44) Concurrent Reset Relocation Set 0.001ms
[2026-06-17T09:58:57.105+0800][2.248s][info][gc,phases   ] GC(44) Concurrent Select Relocation Set 0.723ms
[2026-06-17T09:58:57.105+0800][2.248s][info][gc,phases   ] GC(44) Pause Relocate Start 0.003ms
[2026-06-17T09:58:57.106+0800][2.248s][info][gc          ] Allocation Stall (main) 4.073ms
[2026-06-17T09:58:57.106+0800][2.248s][info][gc,phases   ] GC(44) Concurrent Relocate 0.362ms
[2026-06-17T09:58:57.106+0800][2.249s][info][gc,load     ] GC(44) Load: 0.31/0.47/0.53
[2026-06-17T09:58:57.106+0800][2.249s][info][gc,mmu      ] GC(44) MMU: 2ms/98.1%, 5ms/99.0%, 10ms/99.5%, 20ms/99.7%, 50ms/99.8%, 100ms/99.9%
[2026-06-17T09:58:57.106+0800][2.249s][info][gc,marking  ] GC(44) Mark: 1 stripe(s), 1 proactive flush(es), 1 terminate flush(es), 0 completion(s), 0 continuation(s) 
[2026-06-17T09:58:57.107+0800][2.249s][info][gc,marking  ] GC(44) Mark Stack Usage: 32M
[2026-06-17T09:58:57.107+0800][2.249s][info][gc,nmethod  ] GC(44) NMethods: 67 registered, 0 unregistered
[2026-06-17T09:58:57.107+0800][2.249s][info][gc,metaspace] GC(44) Metaspace: 0M used, 0M committed, 1088M reserved
[2026-06-17T09:58:57.107+0800][2.250s][info][gc,ref      ] GC(44) Soft: 0 encountered, 0 discovered, 0 enqueued
[2026-06-17T09:58:57.107+0800][2.250s][info][gc,ref      ] GC(44) Weak: 5 encountered, 0 discovered, 0 enqueued
[2026-06-17T09:58:57.107+0800][2.250s][info][gc,ref      ] GC(44) Final: 0 encountered, 0 discovered, 0 enqueued
[2026-06-17T09:58:57.107+0800][2.250s][info][gc,ref      ] GC(44) Phantom: 1 encountered, 0 discovered, 0 enqueued
[2026-06-17T09:58:57.107+0800][2.250s][info][gc,reloc    ] GC(44) Small Pages: 7 / 14M, Empty: 0M, Relocated: 3M, In-Place: 1
[2026-06-17T09:58:57.107+0800][2.250s][info][gc,reloc    ] GC(44) Large Pages: 25 / 50M, Empty: 0M, Relocated: 0M, In-Place: 0
[2026-06-17T09:58:57.108+0800][2.250s][info][gc,reloc    ] GC(44) Forwarding Usage: 0M
[2026-06-17T09:58:57.108+0800][2.250s][info][gc,heap     ] GC(44) Min Capacity: 64M(100%)
[2026-06-17T09:58:57.108+0800][2.250s][info][gc,heap     ] GC(44) Max Capacity: 64M(100%)
[2026-06-17T09:58:57.108+0800][2.250s][info][gc,heap     ] GC(44) Soft Max Capacity: 64M(100%)
[2026-06-17T09:58:57.108+0800][2.250s][info][gc,heap     ] GC(44)                Mark Start          Mark End        Relocate Start      Relocate End           High               Low         
[2026-06-17T09:58:57.108+0800][2.250s][info][gc,heap     ] GC(44)  Capacity:       64M (100%)         64M (100%)         64M (100%)         64M (100%)         64M (100%)         64M (100%)   
[2026-06-17T09:58:57.108+0800][2.251s][info][gc,heap     ] GC(44)      Free:        0M (0%)            0M (0%)            0M (0%)            2M (3%)            2M (3%)            0M (0%)     
[2026-06-17T09:58:57.108+0800][2.251s][info][gc,heap     ] GC(44)      Used:       64M (100%)         64M (100%)         64M (100%)         62M (97%)          64M (100%)         62M (97%)    
[2026-06-17T09:58:57.108+0800][2.251s][info][gc,heap     ] GC(44)      Live:         -                58M (92%)          58M (92%)          58M (92%)            -                  -          
[2026-06-17T09:58:57.108+0800][2.251s][info][gc,heap     ] GC(44) Allocated:         -                 0M (0%)            0M (0%)            2M (3%)             -                  -          
[2026-06-17T09:58:57.109+0800][2.251s][info][gc,heap     ] GC(44)   Garbage:         -                 5M (8%)            5M (8%)            1M (2%)             -                  -          
[2026-06-17T09:58:57.109+0800][2.251s][info][gc,heap     ] GC(44) Reclaimed:         -                  -                 0M (0%)            4M (6%)             -                  -          
[2026-06-17T09:58:57.109+0800][2.251s][info][gc          ] GC(44) Garbage Collection (Allocation Stall) 64M(100%)->62M(97%)
[2026-06-17T09:58:57.116+0800][2.259s][info][gc,start    ] GC(45) Garbage Collection (Allocation Stall)
[2026-06-17T09:58:57.117+0800][2.259s][info][gc,ref      ] GC(45) Clearing All SoftReferences
[2026-06-17T09:58:57.117+0800][2.259s][info][gc,task     ] GC(45) Using 1 workers
[2026-06-17T09:58:57.117+0800][2.260s][info][gc,phases   ] GC(45) Pause Mark Start 0.004ms
[2026-06-17T09:58:57.118+0800][2.260s][info][gc,phases   ] GC(45) Concurrent Mark 0.778ms
[2026-06-17T09:58:57.118+0800][2.261s][info][gc,phases   ] GC(45) Pause Mark End 0.005ms
[2026-06-17T09:58:57.118+0800][2.261s][info][gc,phases   ] GC(45) Concurrent Mark Free 0.001ms
[2026-06-17T09:58:57.119+0800][2.261s][info][gc,phases   ] GC(45) Concurrent Process Non-Strong References 0.264ms
[2026-06-17T09:58:57.119+0800][2.262s][info][gc,phases   ] GC(45) Concurrent Reset Relocation Set 0.000ms
[2026-06-17T09:58:57.120+0800][2.263s][info][gc          ] Allocation Stall (main) 3.635ms
[2026-06-17T09:58:57.120+0800][2.263s][info][gc,phases   ] GC(45) Concurrent Select Relocation Set 0.738ms
[2026-06-17T09:58:57.121+0800][2.263s][info][gc,phases   ] GC(45) Pause Relocate Start 0.003ms
[2026-06-17T09:58:57.121+0800][2.264s][info][gc,phases   ] GC(45) Concurrent Relocate 0.034ms
[2026-06-17T09:58:57.121+0800][2.264s][info][gc,load     ] GC(45) Load: 0.31/0.47/0.53
[2026-06-17T09:58:57.121+0800][2.264s][info][gc,mmu      ] GC(45) MMU: 2ms/98.1%, 5ms/99.0%, 10ms/99.5%, 20ms/99.7%, 50ms/99.8%, 100ms/99.9%
[2026-06-17T09:58:57.122+0800][2.264s][info][gc,marking  ] GC(45) Mark: 1 stripe(s), 1 proactive flush(es), 1 terminate flush(es), 0 completion(s), 0 continuation(s) 
[2026-06-17T09:58:57.122+0800][2.264s][info][gc,marking  ] GC(45) Mark Stack Usage: 32M
[2026-06-17T09:58:57.122+0800][2.265s][info][gc,nmethod  ] GC(45) NMethods: 67 registered, 0 unregistered
[2026-06-17T09:58:57.122+0800][2.265s][info][gc,metaspace] GC(45) Metaspace: 0M used, 0M committed, 1088M reserved
[2026-06-17T09:58:57.122+0800][2.265s][info][gc,ref      ] GC(45) Soft: 0 encountered, 0 discovered, 0 enqueued
[2026-06-17T09:58:57.122+0800][2.265s][info][gc,ref      ] GC(45) Weak: 5 encountered, 0 discovered, 0 enqueued
[2026-06-17T09:58:57.122+0800][2.265s][info][gc,ref      ] GC(45) Final: 0 encountered, 0 discovered, 0 enqueued
[2026-06-17T09:58:57.123+0800][2.265s][info][gc,ref      ] GC(45) Phantom: 1 encountered, 0 discovered, 0 enqueued
[2026-06-17T09:58:57.123+0800][2.265s][info][gc,reloc    ] GC(45) Small Pages: 7 / 14M, Empty: 2M, Relocated: 0M, In-Place: 0
[2026-06-17T09:58:57.123+0800][2.265s][info][gc,reloc    ] GC(45) Large Pages: 25 / 50M, Empty: 0M, Relocated: 0M, In-Place: 0
[2026-06-17T09:58:57.123+0800][2.265s][info][gc,reloc    ] GC(45) Forwarding Usage: 0M
[2026-06-17T09:58:57.123+0800][2.265s][info][gc,heap     ] GC(45) Min Capacity: 64M(100%)
[2026-06-17T09:58:57.123+0800][2.265s][info][gc,heap     ] GC(45) Max Capacity: 64M(100%)
[2026-06-17T09:58:57.123+0800][2.266s][info][gc,heap     ] GC(45) Soft Max Capacity: 64M(100%)
[2026-06-17T09:58:57.123+0800][2.266s][info][gc,heap     ] GC(45)                Mark Start          Mark End        Relocate Start      Relocate End           High               Low         
[2026-06-17T09:58:57.123+0800][2.266s][info][gc,heap     ] GC(45)  Capacity:       64M (100%)         64M (100%)         64M (100%)         64M (100%)         64M (100%)         64M (100%)   
[2026-06-17T09:58:57.123+0800][2.266s][info][gc,heap     ] GC(45)      Free:        0M (0%)            0M (0%)            0M (0%)            0M (0%)            2M (3%)            0M (0%)     
[2026-06-17T09:58:57.123+0800][2.266s][info][gc,heap     ] GC(45)      Used:       64M (100%)         64M (100%)         64M (100%)         64M (100%)         64M (100%)         62M (97%)    
[2026-06-17T09:58:57.123+0800][2.266s][info][gc,heap     ] GC(45)      Live:         -                59M (92%)          59M (92%)          59M (92%)            -                  -          
[2026-06-17T09:58:57.123+0800][2.266s][info][gc,heap     ] GC(45) Allocated:         -                 0M (0%)            2M (3%)            2M (3%)             -                  -          
[2026-06-17T09:58:57.123+0800][2.266s][info][gc,heap     ] GC(45)   Garbage:         -                 4M (8%)            2M (5%)            2M (5%)             -                  -          
[2026-06-17T09:58:57.124+0800][2.266s][info][gc,heap     ] GC(45) Reclaimed:         -                  -                 2M (3%)            2M (3%)             -                  -          
[2026-06-17T09:58:57.124+0800][2.266s][info][gc          ] GC(45) Garbage Collection (Allocation Stall) 64M(100%)->64M(100%)
[2026-06-17T09:58:57.124+0800][2.266s][info][gc,start    ] GC(46) Garbage Collection (Allocation Stall)
[2026-06-17T09:58:57.124+0800][2.266s][info][gc,ref      ] GC(46) Clearing All SoftReferences
[2026-06-17T09:58:57.124+0800][2.266s][info][gc,task     ] GC(46) Using 1 workers
[2026-06-17T09:58:57.124+0800][2.267s][info][gc,phases   ] GC(46) Pause Mark Start 0.003ms
[2026-06-17T09:58:57.125+0800][2.267s][info][gc,phases   ] GC(46) Concurrent Mark 0.615ms
[2026-06-17T09:58:57.125+0800][2.267s][info][gc,phases   ] GC(46) Pause Mark End 0.004ms
[2026-06-17T09:58:57.125+0800][2.267s][info][gc,phases   ] GC(46) Concurrent Mark Free 0.000ms
[2026-06-17T09:58:57.125+0800][2.268s][info][gc,phases   ] GC(46) Concurrent Process Non-Strong References 0.196ms
[2026-06-17T09:58:57.125+0800][2.268s][info][gc,phases   ] GC(46) Concurrent Reset Relocation Set 0.001ms
[2026-06-17T09:58:57.126+0800][2.269s][info][gc          ] Allocation Stall (main) 5.754ms
[2026-06-17T09:58:57.126+0800][2.269s][info][gc,phases   ] GC(46) Concurrent Select Relocation Set 0.737ms
[2026-06-17T09:58:57.127+0800][2.269s][info][gc,phases   ] GC(46) Pause Relocate Start 0.003ms
[2026-06-17T09:58:57.127+0800][2.270s][info][gc          ] Allocation Stall (main) 0.096ms
[2026-06-17T09:58:57.127+0800][2.270s][info][gc,phases   ] GC(46) Concurrent Relocate 0.190ms
[2026-06-17T09:58:57.127+0800][2.270s][info][gc,load     ] GC(46) Load: 0.31/0.47/0.53
[2026-06-17T09:58:57.128+0800][2.270s][info][gc,mmu      ] GC(46) MMU: 2ms/98.1%, 5ms/99.0%, 10ms/99.5%, 20ms/99.7%, 50ms/99.8%, 100ms/99.9%
[2026-06-17T09:58:57.128+0800][2.270s][info][gc,marking  ] GC(46) Mark: 1 stripe(s), 1 proactive flush(es), 1 terminate flush(es), 0 completion(s), 0 continuation(s) 
[2026-06-17T09:58:57.128+0800][2.270s][info][gc,marking  ] GC(46) Mark Stack Usage: 32M
[2026-06-17T09:58:57.128+0800][2.270s][info][gc,nmethod  ] GC(46) NMethods: 67 registered, 0 unregistered
[2026-06-17T09:58:57.128+0800][2.270s][info][gc,metaspace] GC(46) Metaspace: 0M used, 0M committed, 1088M reserved
[2026-06-17T09:58:57.128+0800][2.270s][info][gc,ref      ] GC(46) Soft: 0 encountered, 0 discovered, 0 enqueued
[2026-06-17T09:58:57.128+0800][2.271s][info][gc,ref      ] GC(46) Weak: 5 encountered, 0 discovered, 0 enqueued
[2026-06-17T09:58:57.128+0800][2.271s][info][gc,ref      ] GC(46) Final: 0 encountered, 0 discovered, 0 enqueued
[2026-06-17T09:58:57.128+0800][2.271s][info][gc,ref      ] GC(46) Phantom: 1 encountered, 0 discovered, 0 enqueued
[2026-06-17T09:58:57.128+0800][2.271s][info][gc,reloc    ] GC(46) Small Pages: 7 / 14M, Empty: 4M, Relocated: 1M, In-Place: 1
[2026-06-17T09:58:57.128+0800][2.271s][info][gc,reloc    ] GC(46) Large Pages: 25 / 50M, Empty: 0M, Relocated: 0M, In-Place: 0
[2026-06-17T09:58:57.128+0800][2.271s][info][gc,reloc    ] GC(46) Forwarding Usage: 0M
[2026-06-17T09:58:57.128+0800][2.271s][info][gc,heap     ] GC(46) Min Capacity: 64M(100%)
[2026-06-17T09:58:57.128+0800][2.271s][info][gc,heap     ] GC(46) Max Capacity: 64M(100%)
[2026-06-17T09:58:57.129+0800][2.271s][info][gc,heap     ] GC(46) Soft Max Capacity: 64M(100%)
[2026-06-17T09:58:57.129+0800][2.271s][info][gc,heap     ] GC(46)                Mark Start          Mark End        Relocate Start      Relocate End           High               Low         
[2026-06-17T09:58:57.129+0800][2.271s][info][gc,heap     ] GC(46)  Capacity:       64M (100%)         64M (100%)         64M (100%)         64M (100%)         64M (100%)         64M (100%)   
[2026-06-17T09:58:57.129+0800][2.271s][info][gc,heap     ] GC(46)      Free:        0M (0%)            0M (0%)            0M (0%)            0M (0%)            4M (6%)            0M (0%)     
[2026-06-17T09:58:57.129+0800][2.271s][info][gc,heap     ] GC(46)      Used:       64M (100%)         64M (100%)         64M (100%)         64M (100%)         64M (100%)         60M (94%)    
[2026-06-17T09:58:57.129+0800][2.271s][info][gc,heap     ] GC(46)      Live:         -                56M (89%)          56M (89%)          56M (89%)            -                  -          
[2026-06-17T09:58:57.129+0800][2.272s][info][gc,heap     ] GC(46) Allocated:         -                 0M (0%)            4M (6%)            5M (9%)             -                  -          
[2026-06-17T09:58:57.129+0800][2.272s][info][gc,heap     ] GC(46)   Garbage:         -                 7M (11%)           3M (5%)            1M (2%)             -                  -          
[2026-06-17T09:58:57.129+0800][2.272s][info][gc,heap     ] GC(46) Reclaimed:         -                  -                 4M (6%)            5M (9%)             -                  -          
[2026-06-17T09:58:57.129+0800][2.272s][info][gc          ] GC(46) Garbage Collection (Allocation Stall) 64M(100%)->64M(100%)
[2026-06-17T09:58:57.129+0800][2.272s][info][gc,start    ] GC(47) Garbage Collection (Allocation Stall)
[2026-06-17T09:58:57.129+0800][2.272s][info][gc,ref      ] GC(47) Clearing All SoftReferences
[2026-06-17T09:58:57.129+0800][2.272s][info][gc,task     ] GC(47) Using 1 workers
[2026-06-17T09:58:57.130+0800][2.272s][info][gc,phases   ] GC(47) Pause Mark Start 0.003ms
[2026-06-17T09:58:57.130+0800][2.273s][info][gc,phases   ] GC(47) Concurrent Mark 0.801ms
[2026-06-17T09:58:57.131+0800][2.273s][info][gc,phases   ] GC(47) Pause Mark End 0.004ms
[2026-06-17T09:58:57.131+0800][2.273s][info][gc,phases   ] GC(47) Concurrent Mark Free 0.001ms
[2026-06-17T09:58:57.131+0800][2.274s][info][gc,phases   ] GC(47) Concurrent Process Non-Strong References 0.248ms
[2026-06-17T09:58:57.131+0800][2.274s][info][gc,phases   ] GC(47) Concurrent Reset Relocation Set 0.002ms
[2026-06-17T09:58:57.132+0800][2.275s][info][gc,phases   ] GC(47) Concurrent Select Relocation Set 0.745ms
[2026-06-17T09:58:57.132+0800][2.275s][info][gc,phases   ] GC(47) Pause Relocate Start 0.003ms
[2026-06-17T09:58:57.132+0800][2.275s][info][gc,phases   ] GC(47) Concurrent Relocate 0.038ms
[2026-06-17T09:58:57.132+0800][2.275s][info][gc,load     ] GC(47) Load: 0.31/0.47/0.53
[2026-06-17T09:58:57.133+0800][2.275s][info][gc,mmu      ] GC(47) MMU: 2ms/98.1%, 5ms/99.0%, 10ms/99.5%, 20ms/99.7%, 50ms/99.8%, 100ms/99.9%
[2026-06-17T09:58:57.133+0800][2.275s][info][gc,marking  ] GC(47) Mark: 1 stripe(s), 1 proactive flush(es), 1 terminate flush(es), 0 completion(s), 0 continuation(s) 
[2026-06-17T09:58:57.133+0800][2.275s][info][gc,marking  ] GC(47) Mark Stack Usage: 32M
[2026-06-17T09:58:57.133+0800][2.275s][info][gc,nmethod  ] GC(47) NMethods: 67 registered, 0 unregistered
[2026-06-17T09:58:57.133+0800][2.275s][info][gc,metaspace] GC(47) Metaspace: 0M used, 0M committed, 1088M reserved
[2026-06-17T09:58:57.133+0800][2.276s][info][gc,ref      ] GC(47) Soft: 0 encountered, 0 discovered, 0 enqueued
[2026-06-17T09:58:57.133+0800][2.276s][info][gc,ref      ] GC(47) Weak: 5 encountered, 0 discovered, 0 enqueued
[2026-06-17T09:58:57.133+0800][2.276s][info][gc,ref      ] GC(47) Final: 0 encountered, 0 discovered, 0 enqueued
[2026-06-17T09:58:57.133+0800][2.276s][info][gc,ref      ] GC(47) Phantom: 1 encountered, 0 discovered, 0 enqueued
[2026-06-17T09:58:57.133+0800][2.276s][info][gc,reloc    ] GC(47) Small Pages: 5 / 10M, Empty: 0M, Relocated: 0M, In-Place: 0
[2026-06-17T09:58:57.133+0800][2.276s][info][gc,reloc    ] GC(47) Large Pages: 27 / 54M, Empty: 0M, Relocated: 0M, In-Place: 0
[2026-06-17T09:58:57.134+0800][2.276s][info][gc,reloc    ] GC(47) Forwarding Usage: 0M
[2026-06-17T09:58:57.134+0800][2.276s][info][gc,heap     ] GC(47) Min Capacity: 64M(100%)
[2026-06-17T09:58:57.134+0800][2.276s][info][gc,heap     ] GC(47) Max Capacity: 64M(100%)
[2026-06-17T09:58:57.134+0800][2.276s][info][gc,heap     ] GC(47) Soft Max Capacity: 64M(100%)
[2026-06-17T09:58:57.134+0800][2.276s][info][gc,heap     ] GC(47)                Mark Start          Mark End        Relocate Start      Relocate End           High               Low         
[2026-06-17T09:58:57.134+0800][2.276s][info][gc,heap     ] GC(47)  Capacity:       64M (100%)         64M (100%)         64M (100%)         64M (100%)         64M (100%)         64M (100%)   
[2026-06-17T09:58:57.134+0800][2.276s][info][gc,heap     ] GC(47)      Free:        0M (0%)            0M (0%)            0M (0%)            0M (0%)            0M (0%)            0M (0%)     
[2026-06-17T09:58:57.134+0800][2.277s][info][gc,heap     ] GC(47)      Used:       64M (100%)         64M (100%)         64M (100%)         64M (100%)         64M (100%)         64M (100%)   
[2026-06-17T09:58:57.134+0800][2.277s][info][gc,heap     ] GC(47)      Live:         -                61M (96%)          61M (96%)          61M (96%)            -                  -          
[2026-06-17T09:58:57.134+0800][2.277s][info][gc,heap     ] GC(47) Allocated:         -                 0M (0%)            0M (0%)            0M (0%)             -                  -          
[2026-06-17T09:58:57.134+0800][2.277s][info][gc,heap     ] GC(47)   Garbage:         -                 2M (4%)            2M (4%)            2M (4%)             -                  -          
[2026-06-17T09:58:57.134+0800][2.277s][info][gc,heap     ] GC(47) Reclaimed:         -                  -                 0M (0%)            0M (0%)             -                  -          
[2026-06-17T09:58:57.134+0800][2.277s][info][gc          ] GC(47) Garbage Collection (Allocation Stall) 64M(100%)->64M(100%)
[2026-06-17T09:58:57.135+0800][2.277s][info][gc          ] Allocation Stall (main) 7.096ms
[2026-06-17T09:58:57.135+0800][2.277s][info][gc          ] Out Of Memory (main)
[2026-06-17T09:58:57.135+0800][2.277s][info][gc,start    ] GC(48) Garbage Collection (Allocation Stall)
[2026-06-17T09:58:57.135+0800][2.277s][info][gc,ref      ] GC(48) Clearing All SoftReferences
[2026-06-17T09:58:57.135+0800][2.277s][info][gc,task     ] GC(48) Using 1 workers
[2026-06-17T09:58:57.135+0800][2.278s][info][gc,phases   ] GC(48) Pause Mark Start 0.003ms
[2026-06-17T09:58:57.136+0800][2.278s][info][gc,phases   ] GC(48) Concurrent Mark 0.576ms
[2026-06-17T09:58:57.136+0800][2.278s][info][gc,phases   ] GC(48) Pause Mark End 0.003ms
[2026-06-17T09:58:57.136+0800][2.279s][info][gc,phases   ] GC(48) Concurrent Mark Free 0.000ms
[2026-06-17T09:58:57.136+0800][2.279s][info][gc,phases   ] GC(48) Concurrent Process Non-Strong References 0.203ms
[2026-06-17T09:58:57.136+0800][2.279s][info][gc,phases   ] GC(48) Concurrent Reset Relocation Set 0.001ms
[2026-06-17T09:58:57.137+0800][2.280s][info][gc          ] Allocation Stall (main) 2.395ms
[2026-06-17T09:58:57.137+0800][2.280s][info][gc,phases   ] GC(48) Concurrent Select Relocation Set 0.773ms
[2026-06-17T09:58:57.138+0800][2.280s][info][gc,phases   ] GC(48) Pause Relocate Start 0.002ms
[2026-06-17T09:58:57.138+0800][2.280s][info][gc,phases   ] GC(48) Concurrent Relocate 0.030ms
[2026-06-17T09:58:57.138+0800][2.280s][info][gc,load     ] GC(48) Load: 0.31/0.47/0.53
[2026-06-17T09:58:57.138+0800][2.280s][info][gc,mmu      ] GC(48) MMU: 2ms/98.1%, 5ms/99.0%, 10ms/99.5%, 20ms/99.7%, 50ms/99.8%, 100ms/99.9%
[2026-06-17T09:58:57.138+0800][2.280s][info][gc,marking  ] GC(48) Mark: 1 stripe(s), 1 proactive flush(es), 1 terminate flush(es), 0 completion(s), 0 continuation(s) 
[2026-06-17T09:58:57.138+0800][2.281s][info][gc,marking  ] GC(48) Mark Stack Usage: 32M
[2026-06-17T09:58:57.138+0800][2.281s][info][gc,nmethod  ] GC(48) NMethods: 68 registered, 0 unregistered
[2026-06-17T09:58:57.138+0800][2.281s][info][gc,metaspace] GC(48) Metaspace: 0M used, 0M committed, 1088M reserved
[2026-06-17T09:58:57.138+0800][2.281s][info][gc,ref      ] GC(48) Soft: 0 encountered, 0 discovered, 0 enqueued
[2026-06-17T09:58:57.138+0800][2.281s][info][gc,ref      ] GC(48) Weak: 5 encountered, 0 discovered, 0 enqueued
[2026-06-17T09:58:57.138+0800][2.281s][info][gc,ref      ] GC(48) Final: 0 encountered, 0 discovered, 0 enqueued
[2026-06-17T09:58:57.139+0800][2.281s][info][gc,ref      ] GC(48) Phantom: 1 encountered, 0 discovered, 0 enqueued
[2026-06-17T09:58:57.139+0800][2.281s][info][gc,reloc    ] GC(48) Small Pages: 5 / 10M, Empty: 2M, Relocated: 0M, In-Place: 0
[2026-06-17T09:58:57.139+0800][2.281s][info][gc,reloc    ] GC(48) Large Pages: 27 / 54M, Empty: 4M, Relocated: 0M, In-Place: 0
[2026-06-17T09:58:57.139+0800][2.281s][info][gc,reloc    ] GC(48) Forwarding Usage: 0M
[2026-06-17T09:58:57.139+0800][2.282s][info][gc,heap     ] GC(48) Min Capacity: 64M(100%)
[2026-06-17T09:58:57.139+0800][2.282s][info][gc,heap     ] GC(48) Max Capacity: 64M(100%)
[2026-06-17T09:58:57.139+0800][2.282s][info][gc,heap     ] GC(48) Soft Max Capacity: 64M(100%)
[2026-06-17T09:58:57.139+0800][2.282s][info][gc,heap     ] GC(48)                Mark Start          Mark End        Relocate Start      Relocate End           High               Low         
[2026-06-17T09:58:57.139+0800][2.282s][info][gc,heap     ] GC(48)  Capacity:       64M (100%)         64M (100%)         64M (100%)         64M (100%)         64M (100%)         64M (100%)   
[2026-06-17T09:58:57.139+0800][2.282s][info][gc,heap     ] GC(48)      Free:        0M (0%)            0M (0%)            4M (6%)            4M (6%)            6M (9%)            0M (0%)     
[2026-06-17T09:58:57.139+0800][2.282s][info][gc,heap     ] GC(48)      Used:       64M (100%)         64M (100%)         60M (94%)          60M (94%)          64M (100%)         58M (91%)    
[2026-06-17T09:58:57.140+0800][2.282s][info][gc,heap     ] GC(48)      Live:         -                56M (88%)          56M (88%)          56M (88%)            -                  -          
[2026-06-17T09:58:57.140+0800][2.282s][info][gc,heap     ] GC(48) Allocated:         -                 0M (0%)            2M (3%)            2M (3%)             -                  -          
[2026-06-17T09:58:57.140+0800][2.282s][info][gc,heap     ] GC(48)   Garbage:         -                 7M (12%)           1M (2%)            1M (2%)             -                  -          
[2026-06-17T09:58:57.140+0800][2.282s][info][gc,heap     ] GC(48) Reclaimed:         -                  -                 6M (9%)            6M (9%)             -                  -          
[2026-06-17T09:58:57.140+0800][2.282s][info][gc          ] GC(48) Garbage Collection (Allocation Stall) 64M(100%)->60M(94%)
[2026-06-17T09:58:57.160+0800][2.303s][info][gc,start    ] GC(49) Garbage Collection (Allocation Rate)
[2026-06-17T09:58:57.160+0800][2.303s][info][gc,task     ] GC(49) Using 1 workers
[2026-06-17T09:58:57.161+0800][2.303s][info][gc,phases   ] GC(49) Pause Mark Start 0.006ms
[2026-06-17T09:58:57.162+0800][2.304s][info][gc,phases   ] GC(49) Concurrent Mark 1.005ms
[2026-06-17T09:58:57.162+0800][2.305s][info][gc,phases   ] GC(49) Pause Mark End 0.005ms
[2026-06-17T09:58:57.162+0800][2.305s][info][gc,phases   ] GC(49) Concurrent Mark Free 0.001ms
[2026-06-17T09:58:57.163+0800][2.306s][info][gc,phases   ] GC(49) Concurrent Process Non-Strong References 0.621ms
[2026-06-17T09:58:57.163+0800][2.306s][info][gc,phases   ] GC(49) Concurrent Reset Relocation Set 0.002ms
[2026-06-17T09:58:57.165+0800][2.308s][info][gc,phases   ] GC(49) Concurrent Select Relocation Set 1.391ms
[2026-06-17T09:58:57.165+0800][2.308s][info][gc,phases   ] GC(49) Pause Relocate Start 0.005ms
[2026-06-17T09:58:57.166+0800][2.309s][info][gc,phases   ] GC(49) Concurrent Relocate 0.513ms
[2026-06-17T09:58:57.166+0800][2.309s][info][gc,load     ] GC(49) Load: 0.31/0.47/0.53
[2026-06-17T09:58:57.167+0800][2.309s][info][gc,mmu      ] GC(49) MMU: 2ms/98.1%, 5ms/99.0%, 10ms/99.5%, 20ms/99.7%, 50ms/99.8%, 100ms/99.9%
[2026-06-17T09:58:57.167+0800][2.309s][info][gc,marking  ] GC(49) Mark: 1 stripe(s), 1 proactive flush(es), 1 terminate flush(es), 0 completion(s), 0 continuation(s) 
[2026-06-17T09:58:57.167+0800][2.310s][info][gc,marking  ] GC(49) Mark Stack Usage: 32M
[2026-06-17T09:58:57.167+0800][2.310s][info][gc,nmethod  ] GC(49) NMethods: 68 registered, 0 unregistered
[2026-06-17T09:58:57.167+0800][2.310s][info][gc,metaspace] GC(49) Metaspace: 0M used, 0M committed, 1088M reserved
[2026-06-17T09:58:57.168+0800][2.310s][info][gc,ref      ] GC(49) Soft: 0 encountered, 0 discovered, 0 enqueued
[2026-06-17T09:58:57.168+0800][2.310s][info][gc,ref      ] GC(49) Weak: 5 encountered, 0 discovered, 0 enqueued
[2026-06-17T09:58:57.168+0800][2.310s][info][gc,ref      ] GC(49) Final: 0 encountered, 0 discovered, 0 enqueued
[2026-06-17T09:58:57.168+0800][2.311s][info][gc,ref      ] GC(49) Phantom: 1 encountered, 0 discovered, 0 enqueued
[2026-06-17T09:58:57.168+0800][2.311s][info][gc,reloc    ] GC(49) Small Pages: 5 / 10M, Empty: 4M, Relocated: 1M, In-Place: 0
[2026-06-17T09:58:57.168+0800][2.311s][info][gc,reloc    ] GC(49) Large Pages: 25 / 50M, Empty: 28M, Relocated: 0M, In-Place: 0
[2026-06-17T09:58:57.169+0800][2.311s][info][gc,reloc    ] GC(49) Forwarding Usage: 0M
[2026-06-17T09:58:57.169+0800][2.311s][info][gc,heap     ] GC(49) Min Capacity: 64M(100%)
[2026-06-17T09:58:57.169+0800][2.311s][info][gc,heap     ] GC(49) Max Capacity: 64M(100%)
[2026-06-17T09:58:57.169+0800][2.311s][info][gc,heap     ] GC(49) Soft Max Capacity: 64M(100%)
[2026-06-17T09:58:57.169+0800][2.312s][info][gc,heap     ] GC(49)                Mark Start          Mark End        Relocate Start      Relocate End           High               Low         
[2026-06-17T09:58:57.169+0800][2.312s][info][gc,heap     ] GC(49)  Capacity:       64M (100%)         64M (100%)         64M (100%)         64M (100%)         64M (100%)         64M (100%)   
[2026-06-17T09:58:57.169+0800][2.312s][info][gc,heap     ] GC(49)      Free:        4M (6%)            4M (6%)           36M (56%)          40M (62%)          40M (62%)           4M (6%)     
[2026-06-17T09:58:57.169+0800][2.312s][info][gc,heap     ] GC(49)      Used:       60M (94%)          60M (94%)          28M (44%)          24M (38%)          60M (94%)          24M (38%)    
[2026-06-17T09:58:57.170+0800][2.312s][info][gc,heap     ] GC(49)      Live:         -                23M (37%)          23M (37%)          23M (37%)            -                  -          
[2026-06-17T09:58:57.170+0800][2.312s][info][gc,heap     ] GC(49) Allocated:         -                 0M (0%)            0M (0%)            0M (0%)             -                  -          
[2026-06-17T09:58:57.170+0800][2.312s][info][gc,heap     ] GC(49)   Garbage:         -                36M (57%)           4M (7%)            0M (0%)             -                  -          
[2026-06-17T09:58:57.170+0800][2.312s][info][gc,heap     ] GC(49) Reclaimed:         -                  -                32M (50%)          36M (56%)            -                  -          
[2026-06-17T09:58:57.170+0800][2.313s][info][gc          ] GC(49) Garbage Collection (Allocation Rate) 60M(94%)->24M(38%)
[2026-06-17T09:58:57.361+0800][2.503s][info][gc,start    ] GC(50) Garbage Collection (Allocation Rate)
[2026-06-17T09:58:57.365+0800][2.507s][info][gc,task     ] GC(50) Using 1 workers
[2026-06-17T09:58:57.366+0800][2.508s][info][gc,phases   ] GC(50) Pause Mark Start 0.009ms
[2026-06-17T09:58:57.368+0800][2.511s][info][gc,phases   ] GC(50) Concurrent Mark 1.589ms
[2026-06-17T09:58:57.369+0800][2.512s][info][gc,phases   ] GC(50) Pause Mark End 0.007ms
[2026-06-17T09:58:57.370+0800][2.513s][info][gc,phases   ] GC(50) Concurrent Mark Free 0.001ms
[2026-06-17T09:58:57.372+0800][2.514s][info][gc,phases   ] GC(50) Concurrent Process Non-Strong References 0.433ms
[2026-06-17T09:58:57.372+0800][2.515s][info][gc,phases   ] GC(50) Concurrent Reset Relocation Set 0.002ms
[2026-06-17T09:58:57.376+0800][2.518s][info][gc,phases   ] GC(50) Concurrent Select Relocation Set 1.143ms
[2026-06-17T09:58:57.377+0800][2.519s][info][gc,phases   ] GC(50) Pause Relocate Start 0.008ms
[2026-06-17T09:58:57.378+0800][2.521s][info][gc,phases   ] GC(50) Concurrent Relocate 0.055ms
[2026-06-17T09:58:57.379+0800][2.522s][info][gc,load     ] GC(50) Load: 0.31/0.47/0.53
[2026-06-17T09:58:57.380+0800][2.523s][info][gc,mmu      ] GC(50) MMU: 2ms/98.1%, 5ms/99.0%, 10ms/99.5%, 20ms/99.7%, 50ms/99.8%, 100ms/99.9%
[2026-06-17T09:58:57.382+0800][2.524s][info][gc,marking  ] GC(50) Mark: 1 stripe(s), 1 proactive flush(es), 1 terminate flush(es), 0 completion(s), 0 continuation(s) 
[2026-06-17T09:58:57.382+0800][2.525s][info][gc,marking  ] GC(50) Mark Stack Usage: 32M
[2026-06-17T09:58:57.386+0800][2.529s][info][gc,nmethod  ] GC(50) NMethods: 68 registered, 0 unregistered
[2026-06-17T09:58:57.387+0800][2.529s][info][gc,metaspace] GC(50) Metaspace: 0M used, 0M committed, 1088M reserved
[2026-06-17T09:58:57.387+0800][2.530s][info][gc,ref      ] GC(50) Soft: 0 encountered, 0 discovered, 0 enqueued
[2026-06-17T09:58:57.393+0800][2.536s][info][gc,ref      ] GC(50) Weak: 5 encountered, 0 discovered, 0 enqueued
[2026-06-17T09:58:57.395+0800][2.538s][info][gc,ref      ] GC(50) Final: 0 encountered, 0 discovered, 0 enqueued
[2026-06-17T09:58:57.395+0800][2.538s][info][gc,ref      ] GC(50) Phantom: 1 encountered, 0 discovered, 0 enqueued
[2026-06-17T09:58:57.396+0800][2.538s][info][gc,reloc    ] GC(50) Small Pages: 5 / 10M, Empty: 8M, Relocated: 0M, In-Place: 0
[2026-06-17T09:58:57.396+0800][2.538s][info][gc,reloc    ] GC(50) Large Pages: 11 / 22M, Empty: 0M, Relocated: 0M, In-Place: 0
[2026-06-17T09:58:57.399+0800][2.542s][info][gc,reloc    ] GC(50) Forwarding Usage: 0M
[2026-06-17T09:58:57.404+0800][2.547s][info][gc,heap     ] GC(50) Min Capacity: 64M(100%)
[2026-06-17T09:58:57.406+0800][2.549s][info][gc,heap     ] GC(50) Max Capacity: 64M(100%)
[2026-06-17T09:58:57.407+0800][2.550s][info][gc,heap     ] GC(50) Soft Max Capacity: 64M(100%)
[2026-06-17T09:58:57.409+0800][2.552s][info][gc,heap     ] GC(50)                Mark Start          Mark End        Relocate Start      Relocate End           High               Low         
[2026-06-17T09:58:57.410+0800][2.552s][info][gc,heap     ] GC(50)  Capacity:       64M (100%)         64M (100%)         64M (100%)         64M (100%)         64M (100%)         64M (100%)   
[2026-06-17T09:58:57.412+0800][2.555s][info][gc,heap     ] GC(50)      Free:       32M (50%)          30M (47%)          28M (44%)          28M (44%)          32M (50%)          20M (31%)    
[2026-06-17T09:58:57.413+0800][2.555s][info][gc,heap     ] GC(50)      Used:       32M (50%)          34M (53%)          36M (56%)          36M (56%)          44M (69%)          32M (50%)    
[2026-06-17T09:58:57.414+0800][2.556s][info][gc,heap     ] GC(50)      Live:         -                23M (37%)          23M (37%)          23M (37%)            -                  -          
[2026-06-17T09:58:57.414+0800][2.557s][info][gc,heap     ] GC(50) Allocated:         -                 2M (3%)           12M (19%)          12M (19%)            -                  -          
[2026-06-17T09:58:57.421+0800][2.563s][info][gc,heap     ] GC(50)   Garbage:         -                 8M (13%)           0M (0%)            0M (0%)             -                  -          
[2026-06-17T09:58:57.421+0800][2.564s][info][gc,heap     ] GC(50) Reclaimed:         -                  -                 8M (12%)           8M (12%)            -                  -          
[2026-06-17T09:58:57.421+0800][2.564s][info][gc          ] GC(50) Garbage Collection (Allocation Rate) 32M(50%)->36M(56%)
[2026-06-17T09:58:57.437+0800][2.580s][info][gc,start    ] GC(51) Garbage Collection (Allocation Stall)
[2026-06-17T09:58:57.439+0800][2.581s][info][gc,ref      ] GC(51) Clearing All SoftReferences
[2026-06-17T09:58:57.439+0800][2.581s][info][gc,task     ] GC(51) Using 1 workers
[2026-06-17T09:58:57.441+0800][2.583s][info][gc,phases   ] GC(51) Pause Mark Start 0.006ms
[2026-06-17T09:58:57.442+0800][2.585s][info][gc,phases   ] GC(51) Concurrent Mark 0.880ms
[2026-06-17T09:58:57.444+0800][2.587s][info][gc,phases   ] GC(51) Pause Mark End 0.008ms
[2026-06-17T09:58:57.447+0800][2.590s][info][gc,phases   ] GC(51) Concurrent Mark Free 0.001ms
[2026-06-17T09:58:57.448+0800][2.591s][info][gc,phases   ] GC(51) Concurrent Process Non-Strong References 0.425ms
[2026-06-17T09:58:57.449+0800][2.591s][info][gc,phases   ] GC(51) Concurrent Reset Relocation Set 0.001ms
[2026-06-17T09:58:57.450+0800][2.593s][info][gc          ] Allocation Stall (main) 12.738ms
[2026-06-17T09:58:57.450+0800][2.593s][info][gc,phases   ] GC(51) Concurrent Select Relocation Set 0.831ms
[2026-06-17T09:58:57.452+0800][2.595s][info][gc,phases   ] GC(51) Pause Relocate Start 0.008ms
[2026-06-17T09:58:57.454+0800][2.596s][info][gc,phases   ] GC(51) Concurrent Relocate 0.200ms
[2026-06-17T09:58:57.454+0800][2.597s][info][gc,load     ] GC(51) Load: 0.31/0.47/0.53
[2026-06-17T09:58:57.455+0800][2.597s][info][gc,mmu      ] GC(51) MMU: 2ms/98.1%, 5ms/99.0%, 10ms/99.5%, 20ms/99.7%, 50ms/99.8%, 100ms/99.9%
[2026-06-17T09:58:57.456+0800][2.598s][info][gc,marking  ] GC(51) Mark: 1 stripe(s), 1 proactive flush(es), 1 terminate flush(es), 0 completion(s), 0 continuation(s) 
[2026-06-17T09:58:57.457+0800][2.599s][info][gc,marking  ] GC(51) Mark Stack Usage: 32M
[2026-06-17T09:58:57.458+0800][2.600s][info][gc,nmethod  ] GC(51) NMethods: 68 registered, 0 unregistered
[2026-06-17T09:58:57.460+0800][2.603s][info][gc,metaspace] GC(51) Metaspace: 0M used, 0M committed, 1088M reserved
[2026-06-17T09:58:57.461+0800][2.603s][info][gc,ref      ] GC(51) Soft: 0 encountered, 0 discovered, 0 enqueued
[2026-06-17T09:58:57.462+0800][2.605s][info][gc,ref      ] GC(51) Weak: 5 encountered, 0 discovered, 0 enqueued
[2026-06-17T09:58:57.463+0800][2.605s][info][gc,ref      ] GC(51) Final: 0 encountered, 0 discovered, 0 enqueued
[2026-06-17T09:58:57.465+0800][2.607s][info][gc,ref      ] GC(51) Phantom: 1 encountered, 0 discovered, 0 enqueued
[2026-06-17T09:58:57.466+0800][2.608s][info][gc,reloc    ] GC(51) Small Pages: 15 / 30M, Empty: 20M, Relocated: 0M, In-Place: 0
[2026-06-17T09:58:57.466+0800][2.609s][info][gc,reloc    ] GC(51) Large Pages: 17 / 34M, Empty: 0M, Relocated: 0M, In-Place: 0
[2026-06-17T09:58:57.467+0800][2.609s][info][gc,reloc    ] GC(51) Forwarding Usage: 0M
[2026-06-17T09:58:57.467+0800][2.610s][info][gc,heap     ] GC(51) Min Capacity: 64M(100%)
[2026-06-17T09:58:57.468+0800][2.610s][info][gc,heap     ] GC(51) Max Capacity: 64M(100%)
[2026-06-17T09:58:57.468+0800][2.611s][info][gc,heap     ] GC(51) Soft Max Capacity: 64M(100%)
[2026-06-17T09:58:57.468+0800][2.611s][info][gc,heap     ] GC(51)                Mark Start          Mark End        Relocate Start      Relocate End           High               Low         
[2026-06-17T09:58:57.470+0800][2.612s][info][gc,heap     ] GC(51)  Capacity:       64M (100%)         64M (100%)         64M (100%)         64M (100%)         64M (100%)         64M (100%)   
[2026-06-17T09:58:57.472+0800][2.615s][info][gc,heap     ] GC(51)      Free:        0M (0%)            0M (0%)           10M (16%)          12M (19%)          20M (31%)           0M (0%)     
[2026-06-17T09:58:57.473+0800][2.616s][info][gc,heap     ] GC(51)      Used:       64M (100%)         64M (100%)         54M (84%)          52M (81%)          64M (100%)         44M (69%)    
[2026-06-17T09:58:57.473+0800][2.616s][info][gc,heap     ] GC(51)      Live:         -                37M (59%)          37M (59%)          37M (59%)            -                  -          
[2026-06-17T09:58:57.473+0800][2.616s][info][gc,heap     ] GC(51) Allocated:         -                 0M (0%)           10M (16%)          11M (19%)            -                  -          
[2026-06-17T09:58:57.480+0800][2.622s][info][gc,heap     ] GC(51)   Garbage:         -                26M (41%)           6M (10%)           2M (4%)             -                  -          
[2026-06-17T09:58:57.483+0800][2.626s][info][gc,heap     ] GC(51) Reclaimed:         -                  -                20M (31%)          23M (37%)            -                  -          
[2026-06-17T09:58:57.483+0800][2.626s][info][gc          ] GC(51) Garbage Collection (Allocation Stall) 64M(100%)->52M(81%)
[2026-06-17T09:58:57.486+0800][2.629s][info][gc,start    ] GC(52) Garbage Collection (Allocation Stall)
[2026-06-17T09:58:57.489+0800][2.632s][info][gc,ref      ] GC(52) Clearing All SoftReferences
[2026-06-17T09:58:57.490+0800][2.632s][info][gc,task     ] GC(52) Using 1 workers
[2026-06-17T09:58:57.490+0800][2.633s][info][gc,phases   ] GC(52) Pause Mark Start 0.007ms
[2026-06-17T09:58:57.492+0800][2.634s][info][gc,phases   ] GC(52) Concurrent Mark 0.872ms
[2026-06-17T09:58:57.492+0800][2.634s][info][gc,phases   ] GC(52) Pause Mark End 0.005ms
[2026-06-17T09:58:57.492+0800][2.635s][info][gc,phases   ] GC(52) Concurrent Mark Free 0.001ms
[2026-06-17T09:58:57.493+0800][2.635s][info][gc,phases   ] GC(52) Concurrent Process Non-Strong References 0.293ms
[2026-06-17T09:58:57.493+0800][2.635s][info][gc,phases   ] GC(52) Concurrent Reset Relocation Set 0.001ms
[2026-06-17T09:58:57.494+0800][2.636s][info][gc          ] Allocation Stall (main) 7.314ms
[2026-06-17T09:58:57.494+0800][2.636s][info][gc,phases   ] GC(52) Concurrent Select Relocation Set 0.763ms
[2026-06-17T09:58:57.494+0800][2.637s][info][gc,phases   ] GC(52) Pause Relocate Start 0.003ms
[2026-06-17T09:58:57.495+0800][2.637s][info][gc,phases   ] GC(52) Concurrent Relocate 0.286ms
[2026-06-17T09:58:57.495+0800][2.637s][info][gc,load     ] GC(52) Load: 0.31/0.47/0.53
[2026-06-17T09:58:57.495+0800][2.637s][info][gc,mmu      ] GC(52) MMU: 2ms/98.1%, 5ms/99.0%, 10ms/99.5%, 20ms/99.7%, 50ms/99.8%, 100ms/99.9%
[2026-06-17T09:58:57.495+0800][2.638s][info][gc,marking  ] GC(52) Mark: 1 stripe(s), 1 proactive flush(es), 1 terminate flush(es), 0 completion(s), 0 continuation(s) 
[2026-06-17T09:58:57.495+0800][2.638s][info][gc,marking  ] GC(52) Mark Stack Usage: 32M
[2026-06-17T09:58:57.495+0800][2.638s][info][gc,nmethod  ] GC(52) NMethods: 68 registered, 0 unregistered
[2026-06-17T09:58:57.495+0800][2.638s][info][gc,metaspace] GC(52) Metaspace: 0M used, 0M committed, 1088M reserved
[2026-06-17T09:58:57.495+0800][2.638s][info][gc,ref      ] GC(52) Soft: 0 encountered, 0 discovered, 0 enqueued
[2026-06-17T09:58:57.495+0800][2.638s][info][gc,ref      ] GC(52) Weak: 5 encountered, 0 discovered, 0 enqueued
[2026-06-17T09:58:57.495+0800][2.638s][info][gc,ref      ] GC(52) Final: 0 encountered, 0 discovered, 0 enqueued
[2026-06-17T09:58:57.496+0800][2.638s][info][gc,ref      ] GC(52) Phantom: 1 encountered, 0 discovered, 0 enqueued
[2026-06-17T09:58:57.496+0800][2.638s][info][gc,reloc    ] GC(52) Small Pages: 9 / 18M, Empty: 8M, Relocated: 1M, In-Place: 0
[2026-06-17T09:58:57.496+0800][2.638s][info][gc,reloc    ] GC(52) Large Pages: 23 / 46M, Empty: 0M, Relocated: 0M, In-Place: 0
[2026-06-17T09:58:57.496+0800][2.638s][info][gc,reloc    ] GC(52) Forwarding Usage: 0M
[2026-06-17T09:58:57.496+0800][2.638s][info][gc,heap     ] GC(52) Min Capacity: 64M(100%)
[2026-06-17T09:58:57.496+0800][2.638s][info][gc,heap     ] GC(52) Max Capacity: 64M(100%)
[2026-06-17T09:58:57.496+0800][2.638s][info][gc,heap     ] GC(52) Soft Max Capacity: 64M(100%)
[2026-06-17T09:58:57.496+0800][2.639s][info][gc,heap     ] GC(52)                Mark Start          Mark End        Relocate Start      Relocate End           High               Low         
[2026-06-17T09:58:57.496+0800][2.639s][info][gc,heap     ] GC(52)  Capacity:       64M (100%)         64M (100%)         64M (100%)         64M (100%)         64M (100%)         64M (100%)   
[2026-06-17T09:58:57.496+0800][2.639s][info][gc,heap     ] GC(52)      Free:        0M (0%)            0M (0%)            4M (6%)            6M (9%)            8M (12%)           0M (0%)     
[2026-06-17T09:58:57.496+0800][2.639s][info][gc,heap     ] GC(52)      Used:       64M (100%)         64M (100%)         60M (94%)          58M (91%)          64M (100%)         56M (88%)    
[2026-06-17T09:58:57.497+0800][2.639s][info][gc,heap     ] GC(52)      Live:         -                50M (78%)          50M (78%)          50M (78%)            -                  -          
[2026-06-17T09:58:57.497+0800][2.639s][info][gc,heap     ] GC(52) Allocated:         -                 0M (0%)            4M (6%)            5M (9%)             -                  -          
[2026-06-17T09:58:57.497+0800][2.639s][info][gc,heap     ] GC(52)   Garbage:         -                13M (22%)           5M (9%)            1M (3%)             -                  -          
[2026-06-17T09:58:57.497+0800][2.639s][info][gc,heap     ] GC(52) Reclaimed:         -                  -                 8M (12%)          11M (19%)            -                  -          
[2026-06-17T09:58:57.497+0800][2.640s][info][gc          ] GC(52) Garbage Collection (Allocation Stall) 64M(100%)->58M(91%)
[2026-06-17T09:58:57.525+0800][2.668s][info][gc,start    ] GC(53) Garbage Collection (Allocation Stall)
[2026-06-17T09:58:57.526+0800][2.668s][info][gc,ref      ] GC(53) Clearing All SoftReferences
[2026-06-17T09:58:57.526+0800][2.668s][info][gc,task     ] GC(53) Using 1 workers
[2026-06-17T09:58:57.526+0800][2.669s][info][gc,phases   ] GC(53) Pause Mark Start 0.007ms
[2026-06-17T09:58:57.527+0800][2.670s][info][gc,phases   ] GC(53) Concurrent Mark 0.980ms
[2026-06-17T09:58:57.528+0800][2.670s][info][gc,phases   ] GC(53) Pause Mark End 0.006ms
[2026-06-17T09:58:57.528+0800][2.670s][info][gc,phases   ] GC(53) Concurrent Mark Free 0.001ms
[2026-06-17T09:58:57.528+0800][2.671s][info][gc,phases   ] GC(53) Concurrent Process Non-Strong References 0.258ms
[2026-06-17T09:58:57.528+0800][2.671s][info][gc,phases   ] GC(53) Concurrent Reset Relocation Set 0.001ms
[2026-06-17T09:58:57.529+0800][2.672s][info][gc          ] Allocation Stall (main) 3.907ms
[2026-06-17T09:58:57.529+0800][2.672s][info][gc,phases   ] GC(53) Concurrent Select Relocation Set 0.815ms
[2026-06-17T09:58:57.530+0800][2.672s][info][gc,phases   ] GC(53) Pause Relocate Start 0.004ms
[2026-06-17T09:58:57.530+0800][2.673s][info][gc,phases   ] GC(53) Concurrent Relocate 0.559ms
[2026-06-17T09:58:57.531+0800][2.673s][info][gc,load     ] GC(53) Load: 0.37/0.48/0.53
[2026-06-17T09:58:57.531+0800][2.673s][info][gc,mmu      ] GC(53) MMU: 2ms/98.1%, 5ms/99.0%, 10ms/99.5%, 20ms/99.7%, 50ms/99.8%, 100ms/99.9%
[2026-06-17T09:58:57.531+0800][2.673s][info][gc,marking  ] GC(53) Mark: 1 stripe(s), 1 proactive flush(es), 1 terminate flush(es), 0 completion(s), 0 continuation(s) 
[2026-06-17T09:58:57.531+0800][2.673s][info][gc,marking  ] GC(53) Mark Stack Usage: 32M
[2026-06-17T09:58:57.531+0800][2.674s][info][gc,nmethod  ] GC(53) NMethods: 68 registered, 0 unregistered
[2026-06-17T09:58:57.531+0800][2.674s][info][gc,metaspace] GC(53) Metaspace: 0M used, 0M committed, 1088M reserved
[2026-06-17T09:58:57.531+0800][2.674s][info][gc,ref      ] GC(53) Soft: 0 encountered, 0 discovered, 0 enqueued
[2026-06-17T09:58:57.531+0800][2.674s][info][gc,ref      ] GC(53) Weak: 5 encountered, 0 discovered, 0 enqueued
[2026-06-17T09:58:57.531+0800][2.674s][info][gc,ref      ] GC(53) Final: 0 encountered, 0 discovered, 0 enqueued
[2026-06-17T09:58:57.532+0800][2.674s][info][gc,ref      ] GC(53) Phantom: 1 encountered, 0 discovered, 0 enqueued
[2026-06-17T09:58:57.532+0800][2.674s][info][gc,reloc    ] GC(53) Small Pages: 7 / 14M, Empty: 4M, Relocated: 3M, In-Place: 0
[2026-06-17T09:58:57.532+0800][2.674s][info][gc,reloc    ] GC(53) Large Pages: 25 / 50M, Empty: 0M, Relocated: 0M, In-Place: 0
[2026-06-17T09:58:57.532+0800][2.675s][info][gc,reloc    ] GC(53) Forwarding Usage: 0M
[2026-06-17T09:58:57.532+0800][2.675s][info][gc,heap     ] GC(53) Min Capacity: 64M(100%)
[2026-06-17T09:58:57.532+0800][2.675s][info][gc,heap     ] GC(53) Max Capacity: 64M(100%)
[2026-06-17T09:58:57.532+0800][2.675s][info][gc,heap     ] GC(53) Soft Max Capacity: 64M(100%)
[2026-06-17T09:58:57.532+0800][2.675s][info][gc,heap     ] GC(53)                Mark Start          Mark End        Relocate Start      Relocate End           High               Low         
[2026-06-17T09:58:57.533+0800][2.675s][info][gc,heap     ] GC(53)  Capacity:       64M (100%)         64M (100%)         64M (100%)         64M (100%)         64M (100%)         64M (100%)   
[2026-06-17T09:58:57.533+0800][2.675s][info][gc,heap     ] GC(53)      Free:        0M (0%)            0M (0%)            2M (3%)            2M (3%)            4M (6%)            0M (0%)     
[2026-06-17T09:58:57.533+0800][2.676s][info][gc,heap     ] GC(53)      Used:       64M (100%)         64M (100%)         62M (97%)          62M (97%)          64M (100%)         60M (94%)    
[2026-06-17T09:58:57.533+0800][2.676s][info][gc,heap     ] GC(53)      Live:         -                54M (86%)          54M (86%)          54M (86%)            -                  -          
[2026-06-17T09:58:57.533+0800][2.676s][info][gc,heap     ] GC(53) Allocated:         -                 0M (0%)            2M (3%)            5M (9%)             -                  -          
[2026-06-17T09:58:57.533+0800][2.676s][info][gc,heap     ] GC(53)   Garbage:         -                 9M (14%)           5M (8%)            1M (2%)             -                  -          
[2026-06-17T09:58:57.533+0800][2.676s][info][gc,heap     ] GC(53) Reclaimed:         -                  -                 4M (6%)            7M (12%)            -                  -          
[2026-06-17T09:58:57.534+0800][2.676s][info][gc          ] GC(53) Garbage Collection (Allocation Stall) 64M(100%)->62M(97%)
[2026-06-17T09:58:57.534+0800][2.676s][info][gc,start    ] GC(54) Garbage Collection (Allocation Stall)
[2026-06-17T09:58:57.534+0800][2.676s][info][gc,ref      ] GC(54) Clearing All SoftReferences
[2026-06-17T09:58:57.534+0800][2.677s][info][gc,task     ] GC(54) Using 1 workers
[2026-06-17T09:58:57.535+0800][2.677s][info][gc,phases   ] GC(54) Pause Mark Start 0.005ms
[2026-06-17T09:58:57.535+0800][2.678s][info][gc,phases   ] GC(54) Concurrent Mark 0.700ms
[2026-06-17T09:58:57.536+0800][2.678s][info][gc,phases   ] GC(54) Pause Mark End 0.004ms
[2026-06-17T09:58:57.536+0800][2.678s][info][gc,phases   ] GC(54) Concurrent Mark Free 0.001ms
[2026-06-17T09:58:57.536+0800][2.679s][info][gc,phases   ] GC(54) Concurrent Process Non-Strong References 0.266ms
[2026-06-17T09:58:57.536+0800][2.679s][info][gc,phases   ] GC(54) Concurrent Reset Relocation Set 0.001ms
[2026-06-17T09:58:57.537+0800][2.680s][info][gc,phases   ] GC(54) Concurrent Select Relocation Set 0.816ms
[2026-06-17T09:58:57.537+0800][2.680s][info][gc          ] Allocation Stall (main) 6.351ms
[2026-06-17T09:58:57.538+0800][2.680s][info][gc,phases   ] GC(54) Pause Relocate Start 0.003ms
[2026-06-17T09:58:57.538+0800][2.680s][info][gc          ] Relocation Stall (main) 0.050ms
[2026-06-17T09:58:57.538+0800][2.680s][info][gc,phases   ] GC(54) Concurrent Relocate 0.185ms
[2026-06-17T09:58:57.538+0800][2.681s][info][gc,load     ] GC(54) Load: 0.37/0.48/0.53
[2026-06-17T09:58:57.538+0800][2.681s][info][gc,mmu      ] GC(54) MMU: 2ms/98.1%, 5ms/99.0%, 10ms/99.5%, 20ms/99.7%, 50ms/99.8%, 100ms/99.9%
[2026-06-17T09:58:57.538+0800][2.681s][info][gc,marking  ] GC(54) Mark: 1 stripe(s), 1 proactive flush(es), 1 terminate flush(es), 0 completion(s), 0 continuation(s) 
[2026-06-17T09:58:57.538+0800][2.681s][info][gc,marking  ] GC(54) Mark Stack Usage: 32M
[2026-06-17T09:58:57.538+0800][2.681s][info][gc,nmethod  ] GC(54) NMethods: 68 registered, 0 unregistered
[2026-06-17T09:58:57.539+0800][2.681s][info][gc,metaspace] GC(54) Metaspace: 0M used, 0M committed, 1088M reserved
[2026-06-17T09:58:57.539+0800][2.681s][info][gc,ref      ] GC(54) Soft: 0 encountered, 0 discovered, 0 enqueued
[2026-06-17T09:58:57.539+0800][2.681s][info][gc,ref      ] GC(54) Weak: 5 encountered, 0 discovered, 0 enqueued
[2026-06-17T09:58:57.539+0800][2.681s][info][gc,ref      ] GC(54) Final: 0 encountered, 0 discovered, 0 enqueued
[2026-06-17T09:58:57.539+0800][2.682s][info][gc,ref      ] GC(54) Phantom: 1 encountered, 0 discovered, 0 enqueued
[2026-06-17T09:58:57.539+0800][2.682s][info][gc,reloc    ] GC(54) Small Pages: 5 / 10M, Empty: 2M, Relocated: 1M, In-Place: 1
[2026-06-17T09:58:57.539+0800][2.682s][info][gc,reloc    ] GC(54) Large Pages: 27 / 54M, Empty: 0M, Relocated: 0M, In-Place: 0
[2026-06-17T09:58:57.539+0800][2.682s][info][gc,reloc    ] GC(54) Forwarding Usage: 0M
[2026-06-17T09:58:57.539+0800][2.682s][info][gc,heap     ] GC(54) Min Capacity: 64M(100%)
[2026-06-17T09:58:57.539+0800][2.682s][info][gc,heap     ] GC(54) Max Capacity: 64M(100%)
[2026-06-17T09:58:57.539+0800][2.682s][info][gc,heap     ] GC(54) Soft Max Capacity: 64M(100%)
[2026-06-17T09:58:57.540+0800][2.682s][info][gc,heap     ] GC(54)                Mark Start          Mark End        Relocate Start      Relocate End           High               Low         
[2026-06-17T09:58:57.540+0800][2.682s][info][gc,heap     ] GC(54)  Capacity:       64M (100%)         64M (100%)         64M (100%)         64M (100%)         64M (100%)         64M (100%)   
[2026-06-17T09:58:57.540+0800][2.682s][info][gc,heap     ] GC(54)      Free:        0M (0%)            0M (0%)            0M (0%)            2M (3%)            2M (3%)            0M (0%)     
[2026-06-17T09:58:57.540+0800][2.682s][info][gc,heap     ] GC(54)      Used:       64M (100%)         64M (100%)         64M (100%)         62M (97%)          64M (100%)         62M (97%)    
[2026-06-17T09:58:57.540+0800][2.682s][info][gc,heap     ] GC(54)      Live:         -                59M (92%)          59M (92%)          59M (92%)            -                  -          
[2026-06-17T09:58:57.540+0800][2.683s][info][gc,heap     ] GC(54) Allocated:         -                 0M (0%)            2M (3%)            2M (3%)             -                  -          
[2026-06-17T09:58:57.540+0800][2.683s][info][gc,heap     ] GC(54)   Garbage:         -                 4M (8%)            2M (5%)            0M (2%)             -                  -          
[2026-06-17T09:58:57.540+0800][2.683s][info][gc,heap     ] GC(54) Reclaimed:         -                  -                 2M (3%)            4M (6%)             -                  -          
[2026-06-17T09:58:57.540+0800][2.683s][info][gc          ] GC(54) Garbage Collection (Allocation Stall) 64M(100%)->62M(97%)
[2026-06-17T09:58:57.540+0800][2.683s][info][gc,start    ] GC(55) Garbage Collection (Allocation Stall)
[2026-06-17T09:58:57.541+0800][2.683s][info][gc,ref      ] GC(55) Clearing All SoftReferences
[2026-06-17T09:58:57.541+0800][2.683s][info][gc,task     ] GC(55) Using 1 workers
[2026-06-17T09:58:57.541+0800][2.683s][info][gc,phases   ] GC(55) Pause Mark Start 0.004ms
[2026-06-17T09:58:57.542+0800][2.684s][info][gc,phases   ] GC(55) Concurrent Mark 0.714ms
[2026-06-17T09:58:57.542+0800][2.684s][info][gc,phases   ] GC(55) Pause Mark End 0.005ms
[2026-06-17T09:58:57.542+0800][2.684s][info][gc,phases   ] GC(55) Concurrent Mark Free 0.001ms
[2026-06-17T09:58:57.542+0800][2.685s][info][gc,phases   ] GC(55) Concurrent Process Non-Strong References 0.238ms
[2026-06-17T09:58:57.542+0800][2.685s][info][gc,phases   ] GC(55) Concurrent Reset Relocation Set 0.002ms
[2026-06-17T09:58:57.543+0800][2.686s][info][gc,phases   ] GC(55) Concurrent Select Relocation Set 0.793ms
[2026-06-17T09:58:57.543+0800][2.686s][info][gc,phases   ] GC(55) Pause Relocate Start 0.003ms
[2026-06-17T09:58:57.544+0800][2.686s][info][gc,phases   ] GC(55) Concurrent Relocate 0.036ms
[2026-06-17T09:58:57.544+0800][2.686s][info][gc,load     ] GC(55) Load: 0.37/0.48/0.53
[2026-06-17T09:58:57.544+0800][2.686s][info][gc,mmu      ] GC(55) MMU: 2ms/98.1%, 5ms/99.0%, 10ms/99.5%, 20ms/99.7%, 50ms/99.8%, 100ms/99.9%
[2026-06-17T09:58:57.544+0800][2.686s][info][gc,marking  ] GC(55) Mark: 1 stripe(s), 1 proactive flush(es), 1 terminate flush(es), 0 completion(s), 0 continuation(s) 
[2026-06-17T09:58:57.544+0800][2.686s][info][gc,marking  ] GC(55) Mark Stack Usage: 32M
[2026-06-17T09:58:57.544+0800][2.686s][info][gc,nmethod  ] GC(55) NMethods: 68 registered, 0 unregistered
[2026-06-17T09:58:57.544+0800][2.687s][info][gc,metaspace] GC(55) Metaspace: 0M used, 0M committed, 1088M reserved
[2026-06-17T09:58:57.544+0800][2.687s][info][gc,ref      ] GC(55) Soft: 0 encountered, 0 discovered, 0 enqueued
[2026-06-17T09:58:57.544+0800][2.687s][info][gc,ref      ] GC(55) Weak: 5 encountered, 0 discovered, 0 enqueued
[2026-06-17T09:58:57.544+0800][2.687s][info][gc,ref      ] GC(55) Final: 0 encountered, 0 discovered, 0 enqueued
[2026-06-17T09:58:57.544+0800][2.687s][info][gc,ref      ] GC(55) Phantom: 1 encountered, 0 discovered, 0 enqueued
[2026-06-17T09:58:57.544+0800][2.687s][info][gc,reloc    ] GC(55) Small Pages: 4 / 8M, Empty: 0M, Relocated: 0M, In-Place: 0
[2026-06-17T09:58:57.544+0800][2.687s][info][gc,reloc    ] GC(55) Large Pages: 28 / 56M, Empty: 0M, Relocated: 0M, In-Place: 0
[2026-06-17T09:58:57.545+0800][2.687s][info][gc,reloc    ] GC(55) Forwarding Usage: 0M
[2026-06-17T09:58:57.545+0800][2.687s][info][gc,heap     ] GC(55) Min Capacity: 64M(100%)
[2026-06-17T09:58:57.545+0800][2.687s][info][gc,heap     ] GC(55) Max Capacity: 64M(100%)
[2026-06-17T09:58:57.545+0800][2.687s][info][gc,heap     ] GC(55) Soft Max Capacity: 64M(100%)
[2026-06-17T09:58:57.545+0800][2.687s][info][gc,heap     ] GC(55)                Mark Start          Mark End        Relocate Start      Relocate End           High               Low         
[2026-06-17T09:58:57.545+0800][2.687s][info][gc,heap     ] GC(55)  Capacity:       64M (100%)         64M (100%)         64M (100%)         64M (100%)         64M (100%)         64M (100%)   
[2026-06-17T09:58:57.545+0800][2.687s][info][gc,heap     ] GC(55)      Free:        0M (0%)            0M (0%)            0M (0%)            0M (0%)            0M (0%)            0M (0%)     
[2026-06-17T09:58:57.545+0800][2.688s][info][gc,heap     ] GC(55)      Used:       64M (100%)         64M (100%)         64M (100%)         64M (100%)         64M (100%)         64M (100%)   
[2026-06-17T09:58:57.545+0800][2.688s][info][gc,heap     ] GC(55)      Live:         -                61M (96%)          61M (96%)          61M (96%)            -                  -          
[2026-06-17T09:58:57.545+0800][2.688s][info][gc,heap     ] GC(55) Allocated:         -                 0M (0%)            0M (0%)            0M (0%)             -                  -          
[2026-06-17T09:58:57.545+0800][2.688s][info][gc,heap     ] GC(55)   Garbage:         -                 2M (4%)            2M (4%)            2M (4%)             -                  -          
[2026-06-17T09:58:57.545+0800][2.688s][info][gc,heap     ] GC(55) Reclaimed:         -                  -                 0M (0%)            0M (0%)             -                  -          
[2026-06-17T09:58:57.546+0800][2.688s][info][gc          ] GC(55) Garbage Collection (Allocation Stall) 64M(100%)->64M(100%)
[2026-06-17T09:58:57.546+0800][2.688s][info][gc          ] Allocation Stall (main) 7.656ms
[2026-06-17T09:58:57.546+0800][2.688s][info][gc          ] Out Of Memory (main)
[2026-06-17T09:58:57.546+0800][2.689s][info][gc,start    ] GC(56) Garbage Collection (Allocation Stall)
[2026-06-17T09:58:57.546+0800][2.689s][info][gc,ref      ] GC(56) Clearing All SoftReferences
[2026-06-17T09:58:57.546+0800][2.689s][info][gc,task     ] GC(56) Using 1 workers
[2026-06-17T09:58:57.547+0800][2.689s][info][gc,phases   ] GC(56) Pause Mark Start 0.003ms
[2026-06-17T09:58:57.547+0800][2.690s][info][gc,phases   ] GC(56) Concurrent Mark 0.706ms
[2026-06-17T09:58:57.548+0800][2.690s][info][gc,phases   ] GC(56) Pause Mark End 0.004ms
[2026-06-17T09:58:57.548+0800][2.690s][info][gc,phases   ] GC(56) Concurrent Mark Free 0.000ms
[2026-06-17T09:58:57.548+0800][2.690s][info][gc,phases   ] GC(56) Concurrent Process Non-Strong References 0.240ms
[2026-06-17T09:58:57.548+0800][2.691s][info][gc,phases   ] GC(56) Concurrent Reset Relocation Set 0.000ms
[2026-06-17T09:58:57.549+0800][2.692s][info][gc,phases   ] GC(56) Concurrent Select Relocation Set 0.817ms
[2026-06-17T09:58:57.549+0800][2.692s][info][gc          ] Allocation Stall (main) 3.106ms
[2026-06-17T09:58:57.549+0800][2.692s][info][gc,phases   ] GC(56) Pause Relocate Start 0.003ms
[2026-06-17T09:58:57.550+0800][2.692s][info][gc,phases   ] GC(56) Concurrent Relocate 0.034ms
[2026-06-17T09:58:57.550+0800][2.692s][info][gc,load     ] GC(56) Load: 0.37/0.48/0.53
[2026-06-17T09:58:57.550+0800][2.692s][info][gc,mmu      ] GC(56) MMU: 2ms/98.1%, 5ms/99.0%, 10ms/99.5%, 20ms/99.7%, 50ms/99.8%, 100ms/99.9%
[2026-06-17T09:58:57.550+0800][2.692s][info][gc,marking  ] GC(56) Mark: 1 stripe(s), 1 proactive flush(es), 1 terminate flush(es), 0 completion(s), 0 continuation(s) 
[2026-06-17T09:58:57.550+0800][2.693s][info][gc,marking  ] GC(56) Mark Stack Usage: 32M
[2026-06-17T09:58:57.550+0800][2.693s][info][gc,nmethod  ] GC(56) NMethods: 68 registered, 0 unregistered
[2026-06-17T09:58:57.550+0800][2.693s][info][gc,metaspace] GC(56) Metaspace: 0M used, 0M committed, 1088M reserved
[2026-06-17T09:58:57.550+0800][2.693s][info][gc,ref      ] GC(56) Soft: 0 encountered, 0 discovered, 0 enqueued
[2026-06-17T09:58:57.550+0800][2.693s][info][gc,ref      ] GC(56) Weak: 5 encountered, 0 discovered, 0 enqueued
[2026-06-17T09:58:57.551+0800][2.693s][info][gc,ref      ] GC(56) Final: 0 encountered, 0 discovered, 0 enqueued
[2026-06-17T09:58:57.551+0800][2.693s][info][gc,ref      ] GC(56) Phantom: 1 encountered, 0 discovered, 0 enqueued
[2026-06-17T09:58:57.551+0800][2.693s][info][gc,reloc    ] GC(56) Small Pages: 4 / 8M, Empty: 2M, Relocated: 0M, In-Place: 0
[2026-06-17T09:58:57.551+0800][2.693s][info][gc,reloc    ] GC(56) Large Pages: 28 / 56M, Empty: 6M, Relocated: 0M, In-Place: 0
[2026-06-17T09:58:57.551+0800][2.694s][info][gc,reloc    ] GC(56) Forwarding Usage: 0M
[2026-06-17T09:58:57.551+0800][2.694s][info][gc,heap     ] GC(56) Min Capacity: 64M(100%)
[2026-06-17T09:58:57.551+0800][2.694s][info][gc,heap     ] GC(56) Max Capacity: 64M(100%)
[2026-06-17T09:58:57.551+0800][2.694s][info][gc,heap     ] GC(56) Soft Max Capacity: 64M(100%)
[2026-06-17T09:58:57.551+0800][2.694s][info][gc,heap     ] GC(56)                Mark Start          Mark End        Relocate Start      Relocate End           High               Low         
[2026-06-17T09:58:57.552+0800][2.694s][info][gc,heap     ] GC(56)  Capacity:       64M (100%)         64M (100%)         64M (100%)         64M (100%)         64M (100%)         64M (100%)   
[2026-06-17T09:58:57.552+0800][2.694s][info][gc,heap     ] GC(56)      Free:        0M (0%)            0M (0%)            6M (9%)            6M (9%)            8M (12%)           0M (0%)     
[2026-06-17T09:58:57.552+0800][2.694s][info][gc,heap     ] GC(56)      Used:       64M (100%)         64M (100%)         58M (91%)          58M (91%)          64M (100%)         56M (88%)    
[2026-06-17T09:58:57.552+0800][2.694s][info][gc,heap     ] GC(56)      Live:         -                54M (86%)          54M (86%)          54M (86%)            -                  -          
[2026-06-17T09:58:57.552+0800][2.694s][info][gc,heap     ] GC(56) Allocated:         -                 0M (0%)            2M (3%)            2M (3%)             -                  -          
[2026-06-17T09:58:57.552+0800][2.694s][info][gc,heap     ] GC(56)   Garbage:         -                 9M (14%)           1M (2%)            1M (2%)             -                  -          
[2026-06-17T09:58:57.552+0800][2.695s][info][gc,heap     ] GC(56) Reclaimed:         -                  -                 8M (12%)           8M (12%)            -                  -          
[2026-06-17T09:58:57.552+0800][2.695s][info][gc          ] GC(56) Garbage Collection (Allocation Stall) 64M(100%)->58M(91%)
[2026-06-17T09:58:57.560+0800][2.703s][info][gc,start    ] GC(57) Garbage Collection (Allocation Rate)
[2026-06-17T09:58:57.560+0800][2.703s][info][gc,task     ] GC(57) Using 1 workers
[2026-06-17T09:58:57.560+0800][2.703s][info][gc,phases   ] GC(57) Pause Mark Start 0.005ms
[2026-06-17T09:58:57.561+0800][2.704s][info][gc,phases   ] GC(57) Concurrent Mark 0.676ms
[2026-06-17T09:58:57.561+0800][2.704s][info][gc,phases   ] GC(57) Pause Mark End 0.006ms
[2026-06-17T09:58:57.562+0800][2.704s][info][gc,phases   ] GC(57) Concurrent Mark Free 0.001ms
[2026-06-17T09:58:57.562+0800][2.704s][info][gc,phases   ] GC(57) Concurrent Process Non-Strong References 0.263ms
[2026-06-17T09:58:57.562+0800][2.705s][info][gc,phases   ] GC(57) Concurrent Reset Relocation Set 0.001ms
[2026-06-17T09:58:57.563+0800][2.706s][info][gc,phases   ] GC(57) Concurrent Select Relocation Set 0.936ms
[2026-06-17T09:58:57.563+0800][2.706s][info][gc,phases   ] GC(57) Pause Relocate Start 0.003ms
[2026-06-17T09:58:57.564+0800][2.706s][info][gc,phases   ] GC(57) Concurrent Relocate 0.394ms
[2026-06-17T09:58:57.564+0800][2.707s][info][gc,load     ] GC(57) Load: 0.37/0.48/0.53
[2026-06-17T09:58:57.564+0800][2.707s][info][gc,mmu      ] GC(57) MMU: 2ms/98.1%, 5ms/99.0%, 10ms/99.5%, 20ms/99.7%, 50ms/99.8%, 100ms/99.9%
[2026-06-17T09:58:57.564+0800][2.707s][info][gc,marking  ] GC(57) Mark: 1 stripe(s), 1 proactive flush(es), 1 terminate flush(es), 0 completion(s), 0 continuation(s) 
[2026-06-17T09:58:57.564+0800][2.707s][info][gc,marking  ] GC(57) Mark Stack Usage: 32M
[2026-06-17T09:58:57.564+0800][2.707s][info][gc,nmethod  ] GC(57) NMethods: 68 registered, 0 unregistered
[2026-06-17T09:58:57.564+0800][2.707s][info][gc,metaspace] GC(57) Metaspace: 0M used, 0M committed, 1088M reserved
[2026-06-17T09:58:57.565+0800][2.707s][info][gc,ref      ] GC(57) Soft: 0 encountered, 0 discovered, 0 enqueued
[2026-06-17T09:58:57.565+0800][2.707s][info][gc,ref      ] GC(57) Weak: 5 encountered, 0 discovered, 0 enqueued
[2026-06-17T09:58:57.565+0800][2.707s][info][gc,ref      ] GC(57) Final: 0 encountered, 0 discovered, 0 enqueued
[2026-06-17T09:58:57.565+0800][2.708s][info][gc,ref      ] GC(57) Phantom: 1 encountered, 0 discovered, 0 enqueued
[2026-06-17T09:58:57.565+0800][2.708s][info][gc,reloc    ] GC(57) Small Pages: 4 / 8M, Empty: 2M, Relocated: 1M, In-Place: 0
[2026-06-17T09:58:57.565+0800][2.708s][info][gc,reloc    ] GC(57) Large Pages: 25 / 50M, Empty: 30M, Relocated: 0M, In-Place: 0
[2026-06-17T09:58:57.565+0800][2.708s][info][gc,reloc    ] GC(57) Forwarding Usage: 0M
[2026-06-17T09:58:57.565+0800][2.708s][info][gc,heap     ] GC(57) Min Capacity: 64M(100%)
[2026-06-17T09:58:57.565+0800][2.708s][info][gc,heap     ] GC(57) Max Capacity: 64M(100%)
[2026-06-17T09:58:57.566+0800][2.708s][info][gc,heap     ] GC(57) Soft Max Capacity: 64M(100%)
[2026-06-17T09:58:57.566+0800][2.708s][info][gc,heap     ] GC(57)                Mark Start          Mark End        Relocate Start      Relocate End           High               Low         
[2026-06-17T09:58:57.566+0800][2.708s][info][gc,heap     ] GC(57)  Capacity:       64M (100%)         64M (100%)         64M (100%)         64M (100%)         64M (100%)         64M (100%)   
[2026-06-17T09:58:57.566+0800][2.708s][info][gc,heap     ] GC(57)      Free:        6M (9%)            6M (9%)           38M (59%)          42M (66%)          42M (66%)           6M (9%)     
[2026-06-17T09:58:57.566+0800][2.708s][info][gc,heap     ] GC(57)      Used:       58M (91%)          58M (91%)          26M (41%)          22M (34%)          58M (91%)          22M (34%)    
[2026-06-17T09:58:57.566+0800][2.709s][info][gc,heap     ] GC(57)      Live:         -                21M (34%)          21M (34%)          21M (34%)            -                  -          
[2026-06-17T09:58:57.566+0800][2.709s][info][gc,heap     ] GC(57) Allocated:         -                 0M (0%)            0M (0%)            0M (0%)             -                  -          
[2026-06-17T09:58:57.566+0800][2.709s][info][gc,heap     ] GC(57)   Garbage:         -                36M (57%)           4M (7%)            0M (1%)             -                  -          
[2026-06-17T09:58:57.566+0800][2.709s][info][gc,heap     ] GC(57) Reclaimed:         -                  -                32M (50%)          36M (56%)            -                  -          
[2026-06-17T09:58:57.566+0800][2.709s][info][gc          ] GC(57) Garbage Collection (Allocation Rate) 58M(91%)->22M(34%)
[2026-06-17T09:58:57.826+0800][2.969s][info][gc,start    ] GC(58) Garbage Collection (Allocation Stall)
[2026-06-17T09:58:57.827+0800][2.969s][info][gc,ref      ] GC(58) Clearing All SoftReferences
[2026-06-17T09:58:57.827+0800][2.969s][info][gc,task     ] GC(58) Using 1 workers
[2026-06-17T09:58:57.827+0800][2.970s][info][gc,phases   ] GC(58) Pause Mark Start 0.016ms
[2026-06-17T09:58:57.829+0800][2.971s][info][gc,phases   ] GC(58) Concurrent Mark 1.064ms
[2026-06-17T09:58:57.829+0800][2.972s][info][gc,phases   ] GC(58) Pause Mark End 0.005ms
[2026-06-17T09:58:57.829+0800][2.972s][info][gc,phases   ] GC(58) Concurrent Mark Free 0.000ms
[2026-06-17T09:58:57.830+0800][2.972s][info][gc,phases   ] GC(58) Concurrent Process Non-Strong References 0.376ms
[2026-06-17T09:58:57.830+0800][2.973s][info][gc,phases   ] GC(58) Concurrent Reset Relocation Set 0.001ms
[2026-06-17T09:58:57.831+0800][2.974s][info][gc          ] Allocation Stall (main) 4.834ms
[2026-06-17T09:58:57.831+0800][2.974s][info][gc,phases   ] GC(58) Concurrent Select Relocation Set 0.799ms
[2026-06-17T09:58:57.832+0800][2.974s][info][gc,phases   ] GC(58) Pause Relocate Start 0.003ms
[2026-06-17T09:58:57.832+0800][2.974s][info][gc,phases   ] GC(58) Concurrent Relocate 0.174ms
[2026-06-17T09:58:57.832+0800][2.975s][info][gc,load     ] GC(58) Load: 0.37/0.48/0.53
[2026-06-17T09:58:57.832+0800][2.975s][info][gc,mmu      ] GC(58) MMU: 2ms/98.1%, 5ms/99.0%, 10ms/99.5%, 20ms/99.7%, 50ms/99.8%, 100ms/99.9%
[2026-06-17T09:58:57.833+0800][2.975s][info][gc,marking  ] GC(58) Mark: 1 stripe(s), 1 proactive flush(es), 1 terminate flush(es), 0 completion(s), 0 continuation(s) 
[2026-06-17T09:58:57.833+0800][2.975s][info][gc,marking  ] GC(58) Mark Stack Usage: 32M
[2026-06-17T09:58:57.833+0800][2.975s][info][gc,nmethod  ] GC(58) NMethods: 68 registered, 0 unregistered
[2026-06-17T09:58:57.833+0800][2.976s][info][gc,metaspace] GC(58) Metaspace: 0M used, 0M committed, 1088M reserved
[2026-06-17T09:58:57.833+0800][2.976s][info][gc,ref      ] GC(58) Soft: 0 encountered, 0 discovered, 0 enqueued
[2026-06-17T09:58:57.833+0800][2.976s][info][gc,ref      ] GC(58) Weak: 5 encountered, 0 discovered, 0 enqueued
[2026-06-17T09:58:57.834+0800][2.976s][info][gc,ref      ] GC(58) Final: 0 encountered, 0 discovered, 0 enqueued
[2026-06-17T09:58:57.834+0800][2.976s][info][gc,ref      ] GC(58) Phantom: 1 encountered, 0 discovered, 0 enqueued
[2026-06-17T09:58:57.834+0800][2.976s][info][gc,reloc    ] GC(58) Small Pages: 12 / 24M, Empty: 18M, Relocated: 1M, In-Place: 0
[2026-06-17T09:58:57.834+0800][2.976s][info][gc,reloc    ] GC(58) Large Pages: 20 / 40M, Empty: 0M, Relocated: 0M, In-Place: 0
[2026-06-17T09:58:57.834+0800][2.976s][info][gc,reloc    ] GC(58) Forwarding Usage: 0M
[2026-06-17T09:58:57.834+0800][2.977s][info][gc,heap     ] GC(58) Min Capacity: 64M(100%)
[2026-06-17T09:58:57.834+0800][2.977s][info][gc,heap     ] GC(58) Max Capacity: 64M(100%)
[2026-06-17T09:58:57.834+0800][2.977s][info][gc,heap     ] GC(58) Soft Max Capacity: 64M(100%)
[2026-06-17T09:58:57.834+0800][2.977s][info][gc,heap     ] GC(58)                Mark Start          Mark End        Relocate Start      Relocate End           High               Low         
[2026-06-17T09:58:57.834+0800][2.977s][info][gc,heap     ] GC(58)  Capacity:       64M (100%)         64M (100%)         64M (100%)         64M (100%)         64M (100%)         64M (100%)   
[2026-06-17T09:58:57.835+0800][2.977s][info][gc,heap     ] GC(58)      Free:        0M (0%)            0M (0%)           14M (22%)          16M (25%)          18M (28%)           0M (0%)     
[2026-06-17T09:58:57.835+0800][2.977s][info][gc,heap     ] GC(58)      Used:       64M (100%)         64M (100%)         50M (78%)          48M (75%)          64M (100%)         46M (72%)    
[2026-06-17T09:58:57.835+0800][2.978s][info][gc,heap     ] GC(58)      Live:         -                42M (67%)          42M (67%)          42M (67%)            -                  -          
[2026-06-17T09:58:57.836+0800][2.978s][info][gc,heap     ] GC(58) Allocated:         -                 0M (0%)            4M (6%)            3M (6%)             -                  -          
[2026-06-17T09:58:57.836+0800][2.978s][info][gc,heap     ] GC(58)   Garbage:         -                21M (33%)           3M (5%)            1M (2%)             -                  -          
[2026-06-17T09:58:57.836+0800][2.979s][info][gc,heap     ] GC(58) Reclaimed:         -                  -                18M (28%)          19M (31%)            -                  -          
[2026-06-17T09:58:57.836+0800][2.979s][info][gc          ] GC(58) Garbage Collection (Allocation Stall) 64M(100%)->48M(75%)
[2026-06-17T09:58:57.861+0800][3.003s][info][gc,start    ] GC(59) Garbage Collection (Allocation Rate)
[2026-06-17T09:58:57.861+0800][3.004s][info][gc,task     ] GC(59) Using 1 workers
[2026-06-17T09:58:57.862+0800][3.004s][info][gc,phases   ] GC(59) Pause Mark Start 0.008ms
[2026-06-17T09:58:57.863+0800][3.006s][info][gc,phases   ] GC(59) Concurrent Mark 1.598ms
[2026-06-17T09:58:57.865+0800][3.007s][info][gc,phases   ] GC(59) Pause Mark End 0.009ms
[2026-06-17T09:58:57.865+0800][3.008s][info][gc,phases   ] GC(59) Concurrent Mark Free 0.001ms
[2026-06-17T09:58:57.866+0800][3.009s][info][gc,phases   ] GC(59) Concurrent Process Non-Strong References 0.813ms
[2026-06-17T09:58:57.866+0800][3.009s][info][gc,phases   ] GC(59) Concurrent Reset Relocation Set 0.001ms
[2026-06-17T09:58:57.868+0800][3.011s][info][gc          ] Allocation Stall (main) 2.173ms
[2026-06-17T09:58:57.868+0800][3.011s][info][gc,phases   ] GC(59) Concurrent Select Relocation Set 1.293ms
[2026-06-17T09:58:57.869+0800][3.011s][info][gc,phases   ] GC(59) Pause Relocate Start 0.005ms
[2026-06-17T09:58:57.869+0800][3.012s][info][gc,phases   ] GC(59) Concurrent Relocate 0.290ms
[2026-06-17T09:58:57.870+0800][3.012s][info][gc,load     ] GC(59) Load: 0.37/0.48/0.53
[2026-06-17T09:58:57.870+0800][3.012s][info][gc,mmu      ] GC(59) MMU: 2ms/98.1%, 5ms/99.0%, 10ms/99.5%, 20ms/99.7%, 50ms/99.8%, 100ms/99.9%
[2026-06-17T09:58:57.870+0800][3.012s][info][gc,marking  ] GC(59) Mark: 1 stripe(s), 1 proactive flush(es), 1 terminate flush(es), 0 completion(s), 0 continuation(s) 
[2026-06-17T09:58:57.870+0800][3.013s][info][gc,marking  ] GC(59) Mark Stack Usage: 32M
[2026-06-17T09:58:57.870+0800][3.013s][info][gc,nmethod  ] GC(59) NMethods: 68 registered, 0 unregistered
[2026-06-17T09:58:57.870+0800][3.013s][info][gc,metaspace] GC(59) Metaspace: 0M used, 0M committed, 1088M reserved
[2026-06-17T09:58:57.871+0800][3.013s][info][gc,ref      ] GC(59) Soft: 0 encountered, 0 discovered, 0 enqueued
[2026-06-17T09:58:57.871+0800][3.013s][info][gc,ref      ] GC(59) Weak: 5 encountered, 0 discovered, 0 enqueued
[2026-06-17T09:58:57.871+0800][3.014s][info][gc,ref      ] GC(59) Final: 0 encountered, 0 discovered, 0 enqueued
[2026-06-17T09:58:57.871+0800][3.014s][info][gc,ref      ] GC(59) Phantom: 1 encountered, 0 discovered, 0 enqueued
[2026-06-17T09:58:57.871+0800][3.014s][info][gc,reloc    ] GC(59) Small Pages: 8 / 16M, Empty: 8M, Relocated: 1M, In-Place: 0
[2026-06-17T09:58:57.872+0800][3.014s][info][gc,reloc    ] GC(59) Large Pages: 23 / 46M, Empty: 0M, Relocated: 0M, In-Place: 0
[2026-06-17T09:58:57.872+0800][3.014s][info][gc,reloc    ] GC(59) Forwarding Usage: 0M
[2026-06-17T09:58:57.872+0800][3.015s][info][gc,heap     ] GC(59) Min Capacity: 64M(100%)
[2026-06-17T09:58:57.872+0800][3.015s][info][gc,heap     ] GC(59) Max Capacity: 64M(100%)
[2026-06-17T09:58:57.872+0800][3.015s][info][gc,heap     ] GC(59) Soft Max Capacity: 64M(100%)
[2026-06-17T09:58:57.872+0800][3.015s][info][gc,heap     ] GC(59)                Mark Start          Mark End        Relocate Start      Relocate End           High               Low         
[2026-06-17T09:58:57.872+0800][3.015s][info][gc,heap     ] GC(59)  Capacity:       64M (100%)         64M (100%)         64M (100%)         64M (100%)         64M (100%)         64M (100%)   
[2026-06-17T09:58:57.873+0800][3.015s][info][gc,heap     ] GC(59)      Free:        2M (3%)            0M (0%)            6M (9%)           10M (16%)          10M (16%)           0M (0%)     
[2026-06-17T09:58:57.873+0800][3.015s][info][gc,heap     ] GC(59)      Used:       62M (97%)          64M (100%)         58M (91%)          54M (84%)          64M (100%)         54M (84%)    
[2026-06-17T09:58:57.873+0800][3.015s][info][gc,heap     ] GC(59)      Live:         -                49M (77%)          49M (77%)          49M (77%)            -                  -          
[2026-06-17T09:58:57.873+0800][3.015s][info][gc,heap     ] GC(59) Allocated:         -                 2M (3%)            4M (6%)            4M (6%)             -                  -          
[2026-06-17T09:58:57.873+0800][3.016s][info][gc,heap     ] GC(59)   Garbage:         -                12M (20%)           4M (7%)            0M (1%)             -                  -          
[2026-06-17T09:58:57.873+0800][3.016s][info][gc,heap     ] GC(59) Reclaimed:         -                  -                 8M (12%)          12M (19%)            -                  -          
[2026-06-17T09:58:57.873+0800][3.016s][info][gc          ] GC(59) Garbage Collection (Allocation Rate) 62M(97%)->54M(84%)
[2026-06-17T09:58:57.892+0800][3.034s][info][gc,start    ] GC(60) Garbage Collection (Allocation Stall)
[2026-06-17T09:58:57.892+0800][3.035s][info][gc,ref      ] GC(60) Clearing All SoftReferences
[2026-06-17T09:58:57.893+0800][3.035s][info][gc,task     ] GC(60) Using 1 workers
[2026-06-17T09:58:57.893+0800][3.036s][info][gc,phases   ] GC(60) Pause Mark Start 0.009ms
[2026-06-17T09:58:57.895+0800][3.038s][info][gc,phases   ] GC(60) Concurrent Mark 1.809ms
[2026-06-17T09:58:57.896+0800][3.038s][info][gc,phases   ] GC(60) Pause Mark End 0.008ms
[2026-06-17T09:58:57.896+0800][3.039s][info][gc,phases   ] GC(60) Concurrent Mark Free 0.002ms
[2026-06-17T09:58:57.897+0800][3.040s][info][gc,phases   ] GC(60) Concurrent Process Non-Strong References 0.486ms
[2026-06-17T09:58:57.897+0800][3.040s][info][gc,phases   ] GC(60) Concurrent Reset Relocation Set 0.002ms
[2026-06-17T09:58:57.899+0800][3.042s][info][gc          ] Allocation Stall (main) 7.562ms
[2026-06-17T09:58:57.899+0800][3.042s][info][gc,phases   ] GC(60) Concurrent Select Relocation Set 1.482ms
[2026-06-17T09:58:57.900+0800][3.042s][info][gc,phases   ] GC(60) Pause Relocate Start 0.005ms
[2026-06-17T09:58:57.900+0800][3.043s][info][gc,phases   ] GC(60) Concurrent Relocate 0.047ms
[2026-06-17T09:58:57.900+0800][3.043s][info][gc,load     ] GC(60) Load: 0.37/0.48/0.53
[2026-06-17T09:58:57.901+0800][3.043s][info][gc,mmu      ] GC(60) MMU: 2ms/98.1%, 5ms/99.0%, 10ms/99.5%, 20ms/99.7%, 50ms/99.8%, 100ms/99.9%
[2026-06-17T09:58:57.901+0800][3.043s][info][gc,marking  ] GC(60) Mark: 1 stripe(s), 1 proactive flush(es), 1 terminate flush(es), 0 completion(s), 0 continuation(s) 
[2026-06-17T09:58:57.901+0800][3.043s][info][gc,marking  ] GC(60) Mark Stack Usage: 32M
[2026-06-17T09:58:57.901+0800][3.044s][info][gc,nmethod  ] GC(60) NMethods: 69 registered, 0 unregistered
[2026-06-17T09:58:57.901+0800][3.044s][info][gc,metaspace] GC(60) Metaspace: 0M used, 0M committed, 1088M reserved
[2026-06-17T09:58:57.901+0800][3.044s][info][gc,ref      ] GC(60) Soft: 0 encountered, 0 discovered, 0 enqueued
[2026-06-17T09:58:57.902+0800][3.044s][info][gc,ref      ] GC(60) Weak: 5 encountered, 0 discovered, 0 enqueued
[2026-06-17T09:58:57.902+0800][3.044s][info][gc,ref      ] GC(60) Final: 0 encountered, 0 discovered, 0 enqueued
[2026-06-17T09:58:57.902+0800][3.044s][info][gc,ref      ] GC(60) Phantom: 1 encountered, 0 discovered, 0 enqueued
[2026-06-17T09:58:57.902+0800][3.045s][info][gc,reloc    ] GC(60) Small Pages: 8 / 16M, Empty: 10M, Relocated: 0M, In-Place: 0
[2026-06-17T09:58:57.902+0800][3.045s][info][gc,reloc    ] GC(60) Large Pages: 24 / 48M, Empty: 0M, Relocated: 0M, In-Place: 0
[2026-06-17T09:58:57.902+0800][3.045s][info][gc,reloc    ] GC(60) Forwarding Usage: 0M
[2026-06-17T09:58:57.903+0800][3.045s][info][gc,heap     ] GC(60) Min Capacity: 64M(100%)
[2026-06-17T09:58:57.903+0800][3.045s][info][gc,heap     ] GC(60) Max Capacity: 64M(100%)
[2026-06-17T09:58:57.903+0800][3.045s][info][gc,heap     ] GC(60) Soft Max Capacity: 64M(100%)
[2026-06-17T09:58:57.903+0800][3.046s][info][gc,heap     ] GC(60)                Mark Start          Mark End        Relocate Start      Relocate End           High               Low         
[2026-06-17T09:58:57.903+0800][3.046s][info][gc,heap     ] GC(60)  Capacity:       64M (100%)         64M (100%)         64M (100%)         64M (100%)         64M (100%)         64M (100%)   
[2026-06-17T09:58:57.903+0800][3.046s][info][gc,heap     ] GC(60)      Free:        0M (0%)            0M (0%)            6M (9%)            6M (9%)           10M (16%)           0M (0%)     
[2026-06-17T09:58:57.903+0800][3.046s][info][gc,heap     ] GC(60)      Used:       64M (100%)         64M (100%)         58M (91%)          58M (91%)          64M (100%)         54M (84%)    
[2026-06-17T09:58:57.903+0800][3.046s][info][gc,heap     ] GC(60)      Live:         -                51M (81%)          51M (81%)          51M (81%)            -                  -          
[2026-06-17T09:58:57.903+0800][3.046s][info][gc,heap     ] GC(60) Allocated:         -                 0M (0%)            4M (6%)            4M (6%)             -                  -          
[2026-06-17T09:58:57.904+0800][3.046s][info][gc,heap     ] GC(60)   Garbage:         -                12M (19%)           2M (4%)            2M (4%)             -                  -          
[2026-06-17T09:58:57.904+0800][3.046s][info][gc,heap     ] GC(60) Reclaimed:         -                  -                10M (16%)          10M (16%)            -                  -          
[2026-06-17T09:58:57.904+0800][3.046s][info][gc          ] GC(60) Garbage Collection (Allocation Stall) 64M(100%)->58M(91%)
[2026-06-17T09:58:57.932+0800][3.074s][info][gc,start    ] GC(61) Garbage Collection (Allocation Stall)
[2026-06-17T09:58:57.933+0800][3.075s][info][gc,ref      ] GC(61) Clearing All SoftReferences
[2026-06-17T09:58:57.934+0800][3.076s][info][gc,task     ] GC(61) Using 1 workers
[2026-06-17T09:58:57.934+0800][3.077s][info][gc,phases   ] GC(61) Pause Mark Start 0.016ms
[2026-06-17T09:58:57.937+0800][3.080s][info][gc,phases   ] GC(61) Concurrent Mark 2.503ms
[2026-06-17T09:58:57.938+0800][3.081s][info][gc,phases   ] GC(61) Pause Mark End 0.014ms
[2026-06-17T09:58:57.939+0800][3.081s][info][gc,phases   ] GC(61) Concurrent Mark Free 0.003ms
[2026-06-17T09:58:57.940+0800][3.083s][info][gc,phases   ] GC(61) Concurrent Process Non-Strong References 0.890ms
[2026-06-17T09:58:57.941+0800][3.083s][info][gc,phases   ] GC(61) Concurrent Reset Relocation Set 0.002ms
[2026-06-17T09:58:57.943+0800][3.086s][info][gc          ] Allocation Stall (main) 11.724ms
[2026-06-17T09:58:57.943+0800][3.086s][info][gc,phases   ] GC(61) Concurrent Select Relocation Set 2.187ms
[2026-06-17T09:58:57.944+0800][3.087s][info][gc,phases   ] GC(61) Pause Relocate Start 0.007ms
[2026-06-17T09:58:57.945+0800][3.087s][info][gc,phases   ] GC(61) Concurrent Relocate 0.358ms
[2026-06-17T09:58:57.945+0800][3.088s][info][gc,load     ] GC(61) Load: 0.37/0.48/0.53
[2026-06-17T09:58:57.946+0800][3.088s][info][gc,mmu      ] GC(61) MMU: 2ms/98.1%, 5ms/99.0%, 10ms/99.5%, 20ms/99.7%, 50ms/99.8%, 100ms/99.9%
[2026-06-17T09:58:57.946+0800][3.089s][info][gc,marking  ] GC(61) Mark: 1 stripe(s), 1 proactive flush(es), 1 terminate flush(es), 0 completion(s), 0 continuation(s) 
[2026-06-17T09:58:57.946+0800][3.089s][info][gc,marking  ] GC(61) Mark Stack Usage: 32M
[2026-06-17T09:58:57.947+0800][3.089s][info][gc,nmethod  ] GC(61) NMethods: 69 registered, 0 unregistered
[2026-06-17T09:58:57.947+0800][3.089s][info][gc,metaspace] GC(61) Metaspace: 0M used, 0M committed, 1088M reserved
[2026-06-17T09:58:57.947+0800][3.090s][info][gc,ref      ] GC(61) Soft: 0 encountered, 0 discovered, 0 enqueued
[2026-06-17T09:58:57.947+0800][3.090s][info][gc,ref      ] GC(61) Weak: 5 encountered, 0 discovered, 0 enqueued
[2026-06-17T09:58:57.947+0800][3.090s][info][gc,ref      ] GC(61) Final: 0 encountered, 0 discovered, 0 enqueued
[2026-06-17T09:58:57.948+0800][3.090s][info][gc,ref      ] GC(61) Phantom: 1 encountered, 0 discovered, 0 enqueued
[2026-06-17T09:58:57.948+0800][3.090s][info][gc,reloc    ] GC(61) Small Pages: 7 / 14M, Empty: 4M, Relocated: 1M, In-Place: 1
[2026-06-17T09:58:57.948+0800][3.091s][info][gc,reloc    ] GC(61) Large Pages: 25 / 50M, Empty: 0M, Relocated: 0M, In-Place: 0
[2026-06-17T09:58:57.948+0800][3.091s][info][gc,reloc    ] GC(61) Forwarding Usage: 0M
[2026-06-17T09:58:57.948+0800][3.091s][info][gc,heap     ] GC(61) Min Capacity: 64M(100%)
[2026-06-17T09:58:57.949+0800][3.091s][info][gc,heap     ] GC(61) Max Capacity: 64M(100%)
[2026-06-17T09:58:57.949+0800][3.091s][info][gc,heap     ] GC(61) Soft Max Capacity: 64M(100%)
[2026-06-17T09:58:57.949+0800][3.092s][info][gc,heap     ] GC(61)                Mark Start          Mark End        Relocate Start      Relocate End           High               Low         
[2026-06-17T09:58:57.949+0800][3.092s][info][gc,heap     ] GC(61)  Capacity:       64M (100%)         64M (100%)         64M (100%)         64M (100%)         64M (100%)         64M (100%)   
[2026-06-17T09:58:57.949+0800][3.092s][info][gc,heap     ] GC(61)      Free:        0M (0%)            0M (0%)            0M (0%)            2M (3%)            4M (6%)            0M (0%)     
[2026-06-17T09:58:57.949+0800][3.092s][info][gc,heap     ] GC(61)      Used:       64M (100%)         64M (100%)         64M (100%)         62M (97%)          64M (100%)         60M (94%)    
[2026-06-17T09:58:57.949+0800][3.092s][info][gc,heap     ] GC(61)      Live:         -                54M (85%)          54M (85%)          54M (85%)            -                  -          
[2026-06-17T09:58:57.950+0800][3.092s][info][gc,heap     ] GC(61) Allocated:         -                 0M (0%)            4M (6%)            5M (9%)             -                  -          
[2026-06-17T09:58:57.950+0800][3.092s][info][gc,heap     ] GC(61)   Garbage:         -                 9M (15%)           5M (8%)            1M (2%)             -                  -          
[2026-06-17T09:58:57.950+0800][3.092s][info][gc,heap     ] GC(61) Reclaimed:         -                  -                 4M (6%)            7M (12%)            -                  -          
[2026-06-17T09:58:57.950+0800][3.093s][info][gc          ] GC(61) Garbage Collection (Allocation Stall) 64M(100%)->62M(97%)
[2026-06-17T09:58:57.950+0800][3.093s][info][gc,start    ] GC(62) Garbage Collection (Allocation Stall)
[2026-06-17T09:58:57.950+0800][3.093s][info][gc,ref      ] GC(62) Clearing All SoftReferences
[2026-06-17T09:58:57.950+0800][3.093s][info][gc,task     ] GC(62) Using 1 workers
[2026-06-17T09:58:57.951+0800][3.093s][info][gc,phases   ] GC(62) Pause Mark Start 0.005ms
[2026-06-17T09:58:57.952+0800][3.095s][info][gc,phases   ] GC(62) Concurrent Mark 0.918ms
[2026-06-17T09:58:57.952+0800][3.095s][info][gc,phases   ] GC(62) Pause Mark End 0.005ms
[2026-06-17T09:58:57.952+0800][3.095s][info][gc,phases   ] GC(62) Concurrent Mark Free 0.001ms
[2026-06-17T09:58:57.953+0800][3.095s][info][gc,phases   ] GC(62) Concurrent Process Non-Strong References 0.295ms
[2026-06-17T09:58:57.953+0800][3.095s][info][gc,phases   ] GC(62) Concurrent Reset Relocation Set 0.000ms
[2026-06-17T09:58:57.954+0800][3.097s][info][gc          ] Allocation Stall (main) 8.235ms
[2026-06-17T09:58:57.954+0800][3.097s][info][gc,phases   ] GC(62) Concurrent Select Relocation Set 1.103ms
[2026-06-17T09:58:57.955+0800][3.097s][info][gc,phases   ] GC(62) Pause Relocate Start 0.004ms
[2026-06-17T09:58:57.955+0800][3.097s][info][gc,phases   ] GC(62) Concurrent Relocate 0.163ms
[2026-06-17T09:58:57.955+0800][3.097s][info][gc          ] Allocation Stall (main) 0.344ms
[2026-06-17T09:58:57.955+0800][3.098s][info][gc,load     ] GC(62) Load: 0.37/0.48/0.53
[2026-06-17T09:58:57.955+0800][3.098s][info][gc,mmu      ] GC(62) MMU: 2ms/98.1%, 5ms/99.0%, 10ms/99.5%, 20ms/99.7%, 50ms/99.8%, 100ms/99.9%
[2026-06-17T09:58:57.955+0800][3.098s][info][gc,marking  ] GC(62) Mark: 1 stripe(s), 1 proactive flush(es), 1 terminate flush(es), 0 completion(s), 0 continuation(s) 
[2026-06-17T09:58:57.956+0800][3.098s][info][gc,marking  ] GC(62) Mark Stack Usage: 32M
[2026-06-17T09:58:57.956+0800][3.098s][info][gc,nmethod  ] GC(62) NMethods: 69 registered, 0 unregistered
[2026-06-17T09:58:57.956+0800][3.098s][info][gc,metaspace] GC(62) Metaspace: 0M used, 0M committed, 1088M reserved
[2026-06-17T09:58:57.956+0800][3.098s][info][gc,ref      ] GC(62) Soft: 0 encountered, 0 discovered, 0 enqueued
[2026-06-17T09:58:57.956+0800][3.098s][info][gc,ref      ] GC(62) Weak: 5 encountered, 0 discovered, 0 enqueued
[2026-06-17T09:58:57.956+0800][3.099s][info][gc,ref      ] GC(62) Final: 0 encountered, 0 discovered, 0 enqueued
[2026-06-17T09:58:57.956+0800][3.099s][info][gc,ref      ] GC(62) Phantom: 1 encountered, 0 discovered, 0 enqueued
[2026-06-17T09:58:57.956+0800][3.099s][info][gc,reloc    ] GC(62) Small Pages: 5 / 10M, Empty: 2M, Relocated: 1M, In-Place: 1
[2026-06-17T09:58:57.956+0800][3.099s][info][gc,reloc    ] GC(62) Large Pages: 27 / 54M, Empty: 0M, Relocated: 0M, In-Place: 0
[2026-06-17T09:58:57.957+0800][3.099s][info][gc,reloc    ] GC(62) Forwarding Usage: 0M
[2026-06-17T09:58:57.957+0800][3.099s][info][gc,heap     ] GC(62) Min Capacity: 64M(100%)
[2026-06-17T09:58:57.957+0800][3.099s][info][gc,heap     ] GC(62) Max Capacity: 64M(100%)
[2026-06-17T09:58:57.957+0800][3.100s][info][gc,heap     ] GC(62) Soft Max Capacity: 64M(100%)
[2026-06-17T09:58:57.957+0800][3.100s][info][gc,heap     ] GC(62)                Mark Start          Mark End        Relocate Start      Relocate End           High               Low         
[2026-06-17T09:58:57.957+0800][3.100s][info][gc,heap     ] GC(62)  Capacity:       64M (100%)         64M (100%)         64M (100%)         64M (100%)         64M (100%)         64M (100%)   
[2026-06-17T09:58:57.957+0800][3.100s][info][gc,heap     ] GC(62)      Free:        0M (0%)            0M (0%)            0M (0%)            0M (0%)            2M (3%)            0M (0%)     
[2026-06-17T09:58:57.957+0800][3.100s][info][gc,heap     ] GC(62)      Used:       64M (100%)         64M (100%)         64M (100%)         64M (100%)         64M (100%)         62M (97%)    
[2026-06-17T09:58:57.957+0800][3.100s][info][gc,heap     ] GC(62)      Live:         -                58M (92%)          58M (92%)          58M (92%)            -                  -          
[2026-06-17T09:58:57.958+0800][3.100s][info][gc,heap     ] GC(62) Allocated:         -                 0M (0%)            2M (3%)            4M (6%)             -                  -          
[2026-06-17T09:58:57.958+0800][3.100s][info][gc,heap     ] GC(62)   Garbage:         -                 5M (8%)            3M (5%)            1M (2%)             -                  -          
[2026-06-17T09:58:57.958+0800][3.100s][info][gc,heap     ] GC(62) Reclaimed:         -                  -                 2M (3%)            4M (6%)             -                  -          
[2026-06-17T09:58:57.958+0800][3.100s][info][gc          ] GC(62) Garbage Collection (Allocation Stall) 64M(100%)->64M(100%)
[2026-06-17T09:58:57.960+0800][3.102s][info][gc,start    ] GC(63) Garbage Collection (Allocation Stall)
[2026-06-17T09:58:57.960+0800][3.102s][info][gc,ref      ] GC(63) Clearing All SoftReferences
[2026-06-17T09:58:57.960+0800][3.103s][info][gc,task     ] GC(63) Using 1 workers
[2026-06-17T09:58:57.960+0800][3.103s][info][gc,phases   ] GC(63) Pause Mark Start 0.003ms
[2026-06-17T09:58:57.961+0800][3.103s][info][gc,phases   ] GC(63) Concurrent Mark 0.693ms
[2026-06-17T09:58:57.961+0800][3.104s][info][gc,phases   ] GC(63) Pause Mark End 0.009ms
[2026-06-17T09:58:57.961+0800][3.104s][info][gc,phases   ] GC(63) Concurrent Mark Free 0.001ms
[2026-06-17T09:58:57.961+0800][3.104s][info][gc,phases   ] GC(63) Concurrent Process Non-Strong References 0.226ms
[2026-06-17T09:58:57.962+0800][3.104s][info][gc,phases   ] GC(63) Concurrent Reset Relocation Set 0.000ms
[2026-06-17T09:58:57.962+0800][3.105s][info][gc,phases   ] GC(63) Concurrent Select Relocation Set 0.854ms
[2026-06-17T09:58:57.963+0800][3.105s][info][gc,phases   ] GC(63) Pause Relocate Start 0.002ms
[2026-06-17T09:58:57.963+0800][3.106s][info][gc,phases   ] GC(63) Concurrent Relocate 0.028ms
[2026-06-17T09:58:57.963+0800][3.106s][info][gc,load     ] GC(63) Load: 0.37/0.48/0.53
[2026-06-17T09:58:57.963+0800][3.106s][info][gc,mmu      ] GC(63) MMU: 2ms/98.1%, 5ms/99.0%, 10ms/99.5%, 20ms/99.7%, 50ms/99.8%, 100ms/99.9%
[2026-06-17T09:58:57.963+0800][3.106s][info][gc,marking  ] GC(63) Mark: 1 stripe(s), 1 proactive flush(es), 1 terminate flush(es), 0 completion(s), 0 continuation(s) 
[2026-06-17T09:58:57.963+0800][3.106s][info][gc,marking  ] GC(63) Mark Stack Usage: 32M
[2026-06-17T09:58:57.963+0800][3.106s][info][gc,nmethod  ] GC(63) NMethods: 69 registered, 0 unregistered
[2026-06-17T09:58:57.964+0800][3.106s][info][gc,metaspace] GC(63) Metaspace: 0M used, 0M committed, 1088M reserved
[2026-06-17T09:58:57.964+0800][3.106s][info][gc,ref      ] GC(63) Soft: 0 encountered, 0 discovered, 0 enqueued
[2026-06-17T09:58:57.964+0800][3.106s][info][gc,ref      ] GC(63) Weak: 5 encountered, 0 discovered, 0 enqueued
[2026-06-17T09:58:57.964+0800][3.106s][info][gc,ref      ] GC(63) Final: 0 encountered, 0 discovered, 0 enqueued
[2026-06-17T09:58:57.964+0800][3.106s][info][gc,ref      ] GC(63) Phantom: 1 encountered, 0 discovered, 0 enqueued
[2026-06-17T09:58:57.964+0800][3.106s][info][gc,reloc    ] GC(63) Small Pages: 4 / 8M, Empty: 0M, Relocated: 0M, In-Place: 0
[2026-06-17T09:58:57.964+0800][3.107s][info][gc,reloc    ] GC(63) Large Pages: 28 / 56M, Empty: 0M, Relocated: 0M, In-Place: 0
[2026-06-17T09:58:57.964+0800][3.107s][info][gc,reloc    ] GC(63) Forwarding Usage: 0M
[2026-06-17T09:58:57.964+0800][3.107s][info][gc,heap     ] GC(63) Min Capacity: 64M(100%)
[2026-06-17T09:58:57.964+0800][3.107s][info][gc,heap     ] GC(63) Max Capacity: 64M(100%)
[2026-06-17T09:58:57.964+0800][3.107s][info][gc,heap     ] GC(63) Soft Max Capacity: 64M(100%)
[2026-06-17T09:58:57.964+0800][3.107s][info][gc,heap     ] GC(63)                Mark Start          Mark End        Relocate Start      Relocate End           High               Low         
[2026-06-17T09:58:57.964+0800][3.107s][info][gc,heap     ] GC(63)  Capacity:       64M (100%)         64M (100%)         64M (100%)         64M (100%)         64M (100%)         64M (100%)   
[2026-06-17T09:58:57.965+0800][3.107s][info][gc,heap     ] GC(63)      Free:        0M (0%)            0M (0%)            0M (0%)            0M (0%)            0M (0%)            0M (0%)     
[2026-06-17T09:58:57.965+0800][3.107s][info][gc,heap     ] GC(63)      Used:       64M (100%)         64M (100%)         64M (100%)         64M (100%)         64M (100%)         64M (100%)   
[2026-06-17T09:58:57.965+0800][3.107s][info][gc,heap     ] GC(63)      Live:         -                61M (96%)          61M (96%)          61M (96%)            -                  -          
[2026-06-17T09:58:57.965+0800][3.107s][info][gc,heap     ] GC(63) Allocated:         -                 0M (0%)            0M (0%)            0M (0%)             -                  -          
[2026-06-17T09:58:57.965+0800][3.107s][info][gc,heap     ] GC(63)   Garbage:         -                 2M (4%)            2M (4%)            2M (4%)             -                  -          
[2026-06-17T09:58:57.965+0800][3.107s][info][gc,heap     ] GC(63) Reclaimed:         -                  -                 0M (0%)            0M (0%)             -                  -          
[2026-06-17T09:58:57.965+0800][3.108s][info][gc          ] GC(63) Garbage Collection (Allocation Stall) 64M(100%)->64M(100%)
[2026-06-17T09:58:57.965+0800][3.108s][info][gc,start    ] GC(64) Garbage Collection (Allocation Stall)
[2026-06-17T09:58:57.965+0800][3.108s][info][gc,ref      ] GC(64) Clearing All SoftReferences
[2026-06-17T09:58:57.966+0800][3.108s][info][gc,task     ] GC(64) Using 1 workers
[2026-06-17T09:58:57.966+0800][3.108s][info][gc,phases   ] GC(64) Pause Mark Start 0.005ms
[2026-06-17T09:58:57.966+0800][3.109s][info][gc,phases   ] GC(64) Concurrent Mark 0.543ms
[2026-06-17T09:58:57.967+0800][3.109s][info][gc,phases   ] GC(64) Pause Mark End 0.003ms
[2026-06-17T09:58:57.967+0800][3.109s][info][gc,phases   ] GC(64) Concurrent Mark Free 0.000ms
[2026-06-17T09:58:57.967+0800][3.110s][info][gc,phases   ] GC(64) Concurrent Process Non-Strong References 0.233ms
[2026-06-17T09:58:57.967+0800][3.110s][info][gc,phases   ] GC(64) Concurrent Reset Relocation Set 0.000ms
[2026-06-17T09:58:57.968+0800][3.110s][info][gc,phases   ] GC(64) Concurrent Select Relocation Set 0.726ms
[2026-06-17T09:58:57.968+0800][3.111s][info][gc,phases   ] GC(64) Pause Relocate Start 0.002ms
[2026-06-17T09:58:57.968+0800][3.111s][info][gc,phases   ] GC(64) Concurrent Relocate 0.040ms
[2026-06-17T09:58:57.968+0800][3.111s][info][gc,load     ] GC(64) Load: 0.37/0.48/0.53
[2026-06-17T09:58:57.968+0800][3.111s][info][gc,mmu      ] GC(64) MMU: 2ms/98.1%, 5ms/99.0%, 10ms/99.5%, 20ms/99.7%, 50ms/99.8%, 100ms/99.9%
[2026-06-17T09:58:57.968+0800][3.111s][info][gc,marking  ] GC(64) Mark: 1 stripe(s), 1 proactive flush(es), 1 terminate flush(es), 0 completion(s), 0 continuation(s) 
[2026-06-17T09:58:57.968+0800][3.111s][info][gc,marking  ] GC(64) Mark Stack Usage: 32M
[2026-06-17T09:58:57.969+0800][3.111s][info][gc,nmethod  ] GC(64) NMethods: 69 registered, 0 unregistered
[2026-06-17T09:58:57.969+0800][3.111s][info][gc,metaspace] GC(64) Metaspace: 0M used, 0M committed, 1088M reserved
[2026-06-17T09:58:57.969+0800][3.111s][info][gc,ref      ] GC(64) Soft: 0 encountered, 0 discovered, 0 enqueued
[2026-06-17T09:58:57.969+0800][3.111s][info][gc,ref      ] GC(64) Weak: 5 encountered, 0 discovered, 0 enqueued
[2026-06-17T09:58:57.969+0800][3.111s][info][gc,ref      ] GC(64) Final: 0 encountered, 0 discovered, 0 enqueued
[2026-06-17T09:58:57.969+0800][3.112s][info][gc,ref      ] GC(64) Phantom: 1 encountered, 0 discovered, 0 enqueued
[2026-06-17T09:58:57.969+0800][3.112s][info][gc,reloc    ] GC(64) Small Pages: 4 / 8M, Empty: 0M, Relocated: 0M, In-Place: 0
[2026-06-17T09:58:57.969+0800][3.112s][info][gc,reloc    ] GC(64) Large Pages: 28 / 56M, Empty: 0M, Relocated: 0M, In-Place: 0
[2026-06-17T09:58:57.969+0800][3.112s][info][gc,reloc    ] GC(64) Forwarding Usage: 0M
[2026-06-17T09:58:57.969+0800][3.112s][info][gc,heap     ] GC(64) Min Capacity: 64M(100%)
[2026-06-17T09:58:57.969+0800][3.112s][info][gc,heap     ] GC(64) Max Capacity: 64M(100%)
[2026-06-17T09:58:57.970+0800][3.112s][info][gc,heap     ] GC(64) Soft Max Capacity: 64M(100%)
[2026-06-17T09:58:57.970+0800][3.112s][info][gc,heap     ] GC(64)                Mark Start          Mark End        Relocate Start      Relocate End           High               Low         
[2026-06-17T09:58:57.970+0800][3.112s][info][gc,heap     ] GC(64)  Capacity:       64M (100%)         64M (100%)         64M (100%)         64M (100%)         64M (100%)         64M (100%)   
[2026-06-17T09:58:57.970+0800][3.112s][info][gc,heap     ] GC(64)      Free:        0M (0%)            0M (0%)            0M (0%)            0M (0%)            0M (0%)            0M (0%)     
[2026-06-17T09:58:57.970+0800][3.112s][info][gc,heap     ] GC(64)      Used:       64M (100%)         64M (100%)         64M (100%)         64M (100%)         64M (100%)         64M (100%)   
[2026-06-17T09:58:57.970+0800][3.112s][info][gc,heap     ] GC(64)      Live:         -                61M (96%)          61M (96%)          61M (96%)            -                  -          
[2026-06-17T09:58:57.970+0800][3.113s][info][gc,heap     ] GC(64) Allocated:         -                 0M (0%)            0M (0%)            0M (0%)             -                  -          
[2026-06-17T09:58:57.970+0800][3.113s][info][gc,heap     ] GC(64)   Garbage:         -                 2M (4%)            2M (4%)            2M (4%)             -                  -          
[2026-06-17T09:58:57.970+0800][3.113s][info][gc,heap     ] GC(64) Reclaimed:         -                  -                 0M (0%)            0M (0%)             -                  -          
[2026-06-17T09:58:57.970+0800][3.113s][info][gc          ] GC(64) Garbage Collection (Allocation Stall) 64M(100%)->64M(100%)
[2026-06-17T09:58:57.970+0800][3.113s][info][gc          ] Allocation Stall (main) 5.107ms
[2026-06-17T09:58:57.971+0800][3.113s][info][gc,start    ] GC(65) Garbage Collection (Allocation Stall)
[2026-06-17T09:58:57.971+0800][3.113s][info][gc,ref      ] GC(65) Clearing All SoftReferences
[2026-06-17T09:58:57.971+0800][3.113s][info][gc,task     ] GC(65) Using 1 workers
[2026-06-17T09:58:57.971+0800][3.113s][info][gc,phases   ] GC(65) Pause Mark Start 0.003ms
[2026-06-17T09:58:57.971+0800][3.114s][info][gc,phases   ] GC(65) Concurrent Mark 0.533ms
[2026-06-17T09:58:57.972+0800][3.114s][info][gc,phases   ] GC(65) Pause Mark End 0.003ms
[2026-06-17T09:58:57.972+0800][3.114s][info][gc,phases   ] GC(65) Concurrent Mark Free 0.000ms
[2026-06-17T09:58:57.972+0800][3.114s][info][gc,phases   ] GC(65) Concurrent Process Non-Strong References 0.210ms
[2026-06-17T09:58:57.972+0800][3.115s][info][gc,phases   ] GC(65) Concurrent Reset Relocation Set 0.001ms
[2026-06-17T09:58:57.973+0800][3.116s][info][gc,phases   ] GC(65) Concurrent Select Relocation Set 0.772ms
[2026-06-17T09:58:57.973+0800][3.116s][info][gc,phases   ] GC(65) Pause Relocate Start 0.002ms
[2026-06-17T09:58:57.974+0800][3.116s][info][gc,phases   ] GC(65) Concurrent Relocate 0.045ms
[2026-06-17T09:58:57.974+0800][3.116s][info][gc,load     ] GC(65) Load: 0.37/0.48/0.53
[2026-06-17T09:58:57.974+0800][3.116s][info][gc,mmu      ] GC(65) MMU: 2ms/98.1%, 5ms/99.0%, 10ms/99.5%, 20ms/99.7%, 50ms/99.8%, 100ms/99.9%
[2026-06-17T09:58:57.974+0800][3.116s][info][gc,marking  ] GC(65) Mark: 1 stripe(s), 1 proactive flush(es), 1 terminate flush(es), 0 completion(s), 0 continuation(s) 
[2026-06-17T09:58:57.974+0800][3.116s][info][gc,marking  ] GC(65) Mark Stack Usage: 32M
[2026-06-17T09:58:57.974+0800][3.117s][info][gc,nmethod  ] GC(65) NMethods: 69 registered, 0 unregistered
[2026-06-17T09:58:57.974+0800][3.117s][info][gc,metaspace] GC(65) Metaspace: 0M used, 0M committed, 1088M reserved
[2026-06-17T09:58:57.974+0800][3.117s][info][gc,ref      ] GC(65) Soft: 0 encountered, 0 discovered, 0 enqueued
[2026-06-17T09:58:57.974+0800][3.117s][info][gc,ref      ] GC(65) Weak: 5 encountered, 0 discovered, 0 enqueued
[2026-06-17T09:58:57.974+0800][3.117s][info][gc,ref      ] GC(65) Final: 0 encountered, 0 discovered, 0 enqueued
[2026-06-17T09:58:57.974+0800][3.117s][info][gc,ref      ] GC(65) Phantom: 1 encountered, 0 discovered, 0 enqueued
[2026-06-17T09:58:57.975+0800][3.117s][info][gc,reloc    ] GC(65) Small Pages: 4 / 8M, Empty: 0M, Relocated: 0M, In-Place: 0
[2026-06-17T09:58:57.975+0800][3.117s][info][gc,reloc    ] GC(65) Large Pages: 28 / 56M, Empty: 0M, Relocated: 0M, In-Place: 0
[2026-06-17T09:58:57.975+0800][3.117s][info][gc,reloc    ] GC(65) Forwarding Usage: 0M
[2026-06-17T09:58:57.975+0800][3.117s][info][gc,heap     ] GC(65) Min Capacity: 64M(100%)
[2026-06-17T09:58:57.975+0800][3.117s][info][gc,heap     ] GC(65) Max Capacity: 64M(100%)
[2026-06-17T09:58:57.975+0800][3.118s][info][gc,heap     ] GC(65) Soft Max Capacity: 64M(100%)
[2026-06-17T09:58:57.975+0800][3.118s][info][gc,heap     ] GC(65)                Mark Start          Mark End        Relocate Start      Relocate End           High               Low         
[2026-06-17T09:58:57.975+0800][3.118s][info][gc,heap     ] GC(65)  Capacity:       64M (100%)         64M (100%)         64M (100%)         64M (100%)         64M (100%)         64M (100%)   
[2026-06-17T09:58:57.975+0800][3.118s][info][gc,heap     ] GC(65)      Free:        0M (0%)            0M (0%)            0M (0%)            0M (0%)            0M (0%)            0M (0%)     
[2026-06-17T09:58:57.975+0800][3.118s][info][gc,heap     ] GC(65)      Used:       64M (100%)         64M (100%)         64M (100%)         64M (100%)         64M (100%)         64M (100%)   
[2026-06-17T09:58:57.976+0800][3.118s][info][gc,heap     ] GC(65)      Live:         -                61M (96%)          61M (96%)          61M (96%)            -                  -          
[2026-06-17T09:58:57.976+0800][3.118s][info][gc,heap     ] GC(65) Allocated:         -                 0M (0%)            0M (0%)            0M (0%)             -                  -          
[2026-06-17T09:58:57.976+0800][3.118s][info][gc,heap     ] GC(65)   Garbage:         -                 2M (4%)            2M (4%)            2M (4%)             -                  -          
[2026-06-17T09:58:57.976+0800][3.118s][info][gc,heap     ] GC(65) Reclaimed:         -                  -                 0M (0%)            0M (0%)             -                  -          
[2026-06-17T09:58:57.976+0800][3.118s][info][gc          ] GC(65) Garbage Collection (Allocation Stall) 64M(100%)->64M(100%)
[2026-06-17T09:58:57.976+0800][3.119s][info][gc          ] Allocation Stall (main) 5.447ms
[2026-06-17T09:58:57.976+0800][3.119s][info][gc          ] Out Of Memory (main)
[2026-06-17T09:58:57.976+0800][3.119s][info][gc,start    ] GC(66) Garbage Collection (Allocation Stall)
[2026-06-17T09:58:57.976+0800][3.119s][info][gc,ref      ] GC(66) Clearing All SoftReferences
[2026-06-17T09:58:57.976+0800][3.119s][info][gc,task     ] GC(66) Using 1 workers
[2026-06-17T09:58:57.977+0800][3.119s][info][gc,phases   ] GC(66) Pause Mark Start 0.003ms
[2026-06-17T09:58:57.977+0800][3.120s][info][gc,phases   ] GC(66) Concurrent Mark 0.551ms
[2026-06-17T09:58:57.977+0800][3.120s][info][gc,phases   ] GC(66) Pause Mark End 0.003ms
[2026-06-17T09:58:57.977+0800][3.120s][info][gc,phases   ] GC(66) Concurrent Mark Free 0.000ms
[2026-06-17T09:58:57.978+0800][3.120s][info][gc,phases   ] GC(66) Concurrent Process Non-Strong References 0.188ms
[2026-06-17T09:58:57.978+0800][3.120s][info][gc,phases   ] GC(66) Concurrent Reset Relocation Set 0.000ms
[2026-06-17T09:58:57.979+0800][3.121s][info][gc,phases   ] GC(66) Concurrent Select Relocation Set 0.737ms
[2026-06-17T09:58:57.979+0800][3.121s][info][gc,phases   ] GC(66) Pause Relocate Start 0.002ms
[2026-06-17T09:58:57.979+0800][3.121s][info][gc,phases   ] GC(66) Concurrent Relocate 0.044ms
[2026-06-17T09:58:57.979+0800][3.121s][info][gc,load     ] GC(66) Load: 0.37/0.48/0.53
[2026-06-17T09:58:57.979+0800][3.122s][info][gc,mmu      ] GC(66) MMU: 2ms/98.1%, 5ms/99.0%, 10ms/99.5%, 20ms/99.7%, 50ms/99.8%, 100ms/99.9%
[2026-06-17T09:58:57.979+0800][3.122s][info][gc,marking  ] GC(66) Mark: 1 stripe(s), 1 proactive flush(es), 1 terminate flush(es), 0 completion(s), 0 continuation(s) 
[2026-06-17T09:58:57.979+0800][3.122s][info][gc,marking  ] GC(66) Mark Stack Usage: 32M
[2026-06-17T09:58:57.979+0800][3.122s][info][gc,nmethod  ] GC(66) NMethods: 69 registered, 0 unregistered
[2026-06-17T09:58:57.979+0800][3.122s][info][gc,metaspace] GC(66) Metaspace: 0M used, 0M committed, 1088M reserved
[2026-06-17T09:58:57.979+0800][3.122s][info][gc,ref      ] GC(66) Soft: 0 encountered, 0 discovered, 0 enqueued
[2026-06-17T09:58:57.979+0800][3.122s][info][gc,ref      ] GC(66) Weak: 5 encountered, 0 discovered, 0 enqueued
[2026-06-17T09:58:57.980+0800][3.122s][info][gc,ref      ] GC(66) Final: 0 encountered, 0 discovered, 0 enqueued
[2026-06-17T09:58:57.980+0800][3.122s][info][gc,ref      ] GC(66) Phantom: 1 encountered, 0 discovered, 0 enqueued
[2026-06-17T09:58:57.980+0800][3.122s][info][gc,reloc    ] GC(66) Small Pages: 4 / 8M, Empty: 0M, Relocated: 0M, In-Place: 0
[2026-06-17T09:58:57.980+0800][3.122s][info][gc,reloc    ] GC(66) Large Pages: 28 / 56M, Empty: 0M, Relocated: 0M, In-Place: 0
[2026-06-17T09:58:57.980+0800][3.122s][info][gc,reloc    ] GC(66) Forwarding Usage: 0M
[2026-06-17T09:58:57.980+0800][3.122s][info][gc,heap     ] GC(66) Min Capacity: 64M(100%)
[2026-06-17T09:58:57.980+0800][3.123s][info][gc,heap     ] GC(66) Max Capacity: 64M(100%)
[2026-06-17T09:58:57.980+0800][3.123s][info][gc,heap     ] GC(66) Soft Max Capacity: 64M(100%)
[2026-06-17T09:58:57.980+0800][3.123s][info][gc,heap     ] GC(66)                Mark Start          Mark End        Relocate Start      Relocate End           High               Low         
[2026-06-17T09:58:57.980+0800][3.123s][info][gc,heap     ] GC(66)  Capacity:       64M (100%)         64M (100%)         64M (100%)         64M (100%)         64M (100%)         64M (100%)   
[2026-06-17T09:58:57.980+0800][3.123s][info][gc,heap     ] GC(66)      Free:        0M (0%)            0M (0%)            0M (0%)            0M (0%)            0M (0%)            0M (0%)     
[2026-06-17T09:58:57.980+0800][3.123s][info][gc,heap     ] GC(66)      Used:       64M (100%)         64M (100%)         64M (100%)         64M (100%)         64M (100%)         64M (100%)   
[2026-06-17T09:58:57.980+0800][3.123s][info][gc,heap     ] GC(66)      Live:         -                61M (96%)          61M (96%)          61M (96%)            -                  -          
[2026-06-17T09:58:57.981+0800][3.123s][info][gc,heap     ] GC(66) Allocated:         -                 0M (0%)            0M (0%)            0M (0%)             -                  -          
[2026-06-17T09:58:57.981+0800][3.123s][info][gc,heap     ] GC(66)   Garbage:         -                 2M (4%)            2M (4%)            2M (4%)             -                  -          
[2026-06-17T09:58:57.981+0800][3.123s][info][gc,heap     ] GC(66) Reclaimed:         -                  -                 0M (0%)            0M (0%)             -                  -          
[2026-06-17T09:58:57.981+0800][3.123s][info][gc          ] GC(66) Garbage Collection (Allocation Stall) 64M(100%)->64M(100%)
[2026-06-17T09:58:57.981+0800][3.123s][info][gc          ] Allocation Stall (main) 4.547ms
[2026-06-17T09:58:57.981+0800][3.124s][info][gc,start    ] GC(67) Garbage Collection (Allocation Stall)
[2026-06-17T09:58:57.981+0800][3.124s][info][gc,ref      ] GC(67) Clearing All SoftReferences
[2026-06-17T09:58:57.981+0800][3.124s][info][gc,task     ] GC(67) Using 1 workers
[2026-06-17T09:58:57.981+0800][3.124s][info][gc,phases   ] GC(67) Pause Mark Start 0.003ms
[2026-06-17T09:58:57.982+0800][3.125s][info][gc,phases   ] GC(67) Concurrent Mark 0.573ms
[2026-06-17T09:58:57.982+0800][3.125s][info][gc,phases   ] GC(67) Pause Mark End 0.003ms
[2026-06-17T09:58:57.982+0800][3.125s][info][gc,phases   ] GC(67) Concurrent Mark Free 0.000ms
[2026-06-17T09:58:57.983+0800][3.125s][info][gc,phases   ] GC(67) Concurrent Process Non-Strong References 0.206ms
[2026-06-17T09:58:57.983+0800][3.125s][info][gc,phases   ] GC(67) Concurrent Reset Relocation Set 0.000ms
[2026-06-17T09:58:57.983+0800][3.126s][info][gc,phases   ] GC(67) Concurrent Select Relocation Set 0.755ms
[2026-06-17T09:58:57.984+0800][3.126s][info][gc,phases   ] GC(67) Pause Relocate Start 0.002ms
[2026-06-17T09:58:57.984+0800][3.126s][info][gc,phases   ] GC(67) Concurrent Relocate 0.050ms
[2026-06-17T09:58:57.984+0800][3.126s][info][gc,load     ] GC(67) Load: 0.37/0.48/0.53
[2026-06-17T09:58:57.984+0800][3.126s][info][gc,mmu      ] GC(67) MMU: 2ms/98.1%, 5ms/99.0%, 10ms/99.5%, 20ms/99.7%, 50ms/99.8%, 100ms/99.9%
[2026-06-17T09:58:57.984+0800][3.127s][info][gc,marking  ] GC(67) Mark: 1 stripe(s), 1 proactive flush(es), 1 terminate flush(es), 0 completion(s), 0 continuation(s) 
[2026-06-17T09:58:57.984+0800][3.127s][info][gc,marking  ] GC(67) Mark Stack Usage: 32M
[2026-06-17T09:58:57.984+0800][3.127s][info][gc,nmethod  ] GC(67) NMethods: 69 registered, 0 unregistered
[2026-06-17T09:58:57.984+0800][3.127s][info][gc,metaspace] GC(67) Metaspace: 0M used, 0M committed, 1088M reserved
[2026-06-17T09:58:57.984+0800][3.127s][info][gc,ref      ] GC(67) Soft: 0 encountered, 0 discovered, 0 enqueued
[2026-06-17T09:58:57.984+0800][3.127s][info][gc,ref      ] GC(67) Weak: 5 encountered, 0 discovered, 0 enqueued
[2026-06-17T09:58:57.984+0800][3.127s][info][gc,ref      ] GC(67) Final: 0 encountered, 0 discovered, 0 enqueued
[2026-06-17T09:58:57.984+0800][3.127s][info][gc,ref      ] GC(67) Phantom: 1 encountered, 0 discovered, 0 enqueued
[2026-06-17T09:58:57.985+0800][3.127s][info][gc,reloc    ] GC(67) Small Pages: 4 / 8M, Empty: 0M, Relocated: 0M, In-Place: 0
[2026-06-17T09:58:57.985+0800][3.127s][info][gc,reloc    ] GC(67) Large Pages: 28 / 56M, Empty: 0M, Relocated: 0M, In-Place: 0
[2026-06-17T09:58:57.985+0800][3.127s][info][gc,reloc    ] GC(67) Forwarding Usage: 0M
[2026-06-17T09:58:57.985+0800][3.127s][info][gc,heap     ] GC(67) Min Capacity: 64M(100%)
[2026-06-17T09:58:57.985+0800][3.127s][info][gc,heap     ] GC(67) Max Capacity: 64M(100%)
[2026-06-17T09:58:57.985+0800][3.127s][info][gc,heap     ] GC(67) Soft Max Capacity: 64M(100%)
[2026-06-17T09:58:57.985+0800][3.128s][info][gc,heap     ] GC(67)                Mark Start          Mark End        Relocate Start      Relocate End           High               Low         
[2026-06-17T09:58:57.985+0800][3.128s][info][gc,heap     ] GC(67)  Capacity:       64M (100%)         64M (100%)         64M (100%)         64M (100%)         64M (100%)         64M (100%)   
[2026-06-17T09:58:57.985+0800][3.128s][info][gc,heap     ] GC(67)      Free:        0M (0%)            0M (0%)            0M (0%)            0M (0%)            0M (0%)            0M (0%)     
[2026-06-17T09:58:57.985+0800][3.128s][info][gc,heap     ] GC(67)      Used:       64M (100%)         64M (100%)         64M (100%)         64M (100%)         64M (100%)         64M (100%)   
[2026-06-17T09:58:57.985+0800][3.128s][info][gc,heap     ] GC(67)      Live:         -                61M (96%)          61M (96%)          61M (96%)            -                  -          
[2026-06-17T09:58:57.985+0800][3.128s][info][gc,heap     ] GC(67) Allocated:         -                 0M (0%)            0M (0%)            0M (0%)             -                  -          
[2026-06-17T09:58:57.986+0800][3.128s][info][gc,heap     ] GC(67)   Garbage:         -                 2M (4%)            2M (4%)            2M (4%)             -                  -          
[2026-06-17T09:58:57.986+0800][3.128s][info][gc,heap     ] GC(67) Reclaimed:         -                  -                 0M (0%)            0M (0%)             -                  -          
[2026-06-17T09:58:57.986+0800][3.128s][info][gc          ] GC(67) Garbage Collection (Allocation Stall) 64M(100%)->64M(100%)
[2026-06-17T09:58:57.986+0800][3.128s][info][gc          ] Allocation Stall (main) 4.835ms
[2026-06-17T09:58:57.986+0800][3.128s][info][gc          ] Out Of Memory (main)
[2026-06-17T09:58:57.987+0800][3.130s][info][gc,start    ] GC(68) Garbage Collection (Allocation Stall)
[2026-06-17T09:58:57.988+0800][3.130s][info][gc,ref      ] GC(68) Clearing All SoftReferences
[2026-06-17T09:58:57.988+0800][3.130s][info][gc,task     ] GC(68) Using 1 workers
[2026-06-17T09:58:57.988+0800][3.130s][info][gc,phases   ] GC(68) Pause Mark Start 0.003ms
[2026-06-17T09:58:57.988+0800][3.131s][info][gc,phases   ] GC(68) Concurrent Mark 0.509ms
[2026-06-17T09:58:57.988+0800][3.131s][info][gc,phases   ] GC(68) Pause Mark End 0.003ms
[2026-06-17T09:58:57.989+0800][3.131s][info][gc,phases   ] GC(68) Concurrent Mark Free 0.001ms
[2026-06-17T09:58:57.989+0800][3.131s][info][gc,phases   ] GC(68) Concurrent Process Non-Strong References 0.193ms
[2026-06-17T09:58:57.989+0800][3.132s][info][gc,phases   ] GC(68) Concurrent Reset Relocation Set 0.000ms
[2026-06-17T09:58:57.990+0800][3.132s][info][gc,phases   ] GC(68) Concurrent Select Relocation Set 0.734ms
[2026-06-17T09:58:57.990+0800][3.132s][info][gc,phases   ] GC(68) Pause Relocate Start 0.002ms
[2026-06-17T09:58:57.990+0800][3.133s][info][gc,phases   ] GC(68) Concurrent Relocate 0.039ms
[2026-06-17T09:58:57.990+0800][3.133s][info][gc,load     ] GC(68) Load: 0.37/0.48/0.53
[2026-06-17T09:58:57.990+0800][3.133s][info][gc,mmu      ] GC(68) MMU: 2ms/98.1%, 5ms/99.0%, 10ms/99.5%, 20ms/99.7%, 50ms/99.8%, 100ms/99.9%
[2026-06-17T09:58:57.990+0800][3.133s][info][gc,marking  ] GC(68) Mark: 1 stripe(s), 1 proactive flush(es), 1 terminate flush(es), 0 completion(s), 0 continuation(s) 
[2026-06-17T09:58:57.990+0800][3.133s][info][gc,marking  ] GC(68) Mark Stack Usage: 32M
[2026-06-17T09:58:57.990+0800][3.133s][info][gc,nmethod  ] GC(68) NMethods: 69 registered, 0 unregistered
[2026-06-17T09:58:57.991+0800][3.133s][info][gc,metaspace] GC(68) Metaspace: 0M used, 0M committed, 1088M reserved
[2026-06-17T09:58:57.991+0800][3.133s][info][gc,ref      ] GC(68) Soft: 0 encountered, 0 discovered, 0 enqueued
[2026-06-17T09:58:57.991+0800][3.133s][info][gc,ref      ] GC(68) Weak: 5 encountered, 0 discovered, 0 enqueued
[2026-06-17T09:58:57.991+0800][3.133s][info][gc,ref      ] GC(68) Final: 0 encountered, 0 discovered, 0 enqueued
[2026-06-17T09:58:57.991+0800][3.133s][info][gc,ref      ] GC(68) Phantom: 1 encountered, 0 discovered, 0 enqueued
[2026-06-17T09:58:57.991+0800][3.134s][info][gc,reloc    ] GC(68) Small Pages: 4 / 8M, Empty: 0M, Relocated: 0M, In-Place: 0
[2026-06-17T09:58:57.991+0800][3.134s][info][gc,reloc    ] GC(68) Large Pages: 28 / 56M, Empty: 0M, Relocated: 0M, In-Place: 0
[2026-06-17T09:58:57.991+0800][3.134s][info][gc,reloc    ] GC(68) Forwarding Usage: 0M
[2026-06-17T09:58:57.991+0800][3.134s][info][gc,heap     ] GC(68) Min Capacity: 64M(100%)
[2026-06-17T09:58:57.991+0800][3.134s][info][gc,heap     ] GC(68) Max Capacity: 64M(100%)
[2026-06-17T09:58:57.991+0800][3.134s][info][gc,heap     ] GC(68) Soft Max Capacity: 64M(100%)
[2026-06-17T09:58:57.991+0800][3.134s][info][gc,heap     ] GC(68)                Mark Start          Mark End        Relocate Start      Relocate End           High               Low         
[2026-06-17T09:58:57.992+0800][3.134s][info][gc,heap     ] GC(68)  Capacity:       64M (100%)         64M (100%)         64M (100%)         64M (100%)         64M (100%)         64M (100%)   
[2026-06-17T09:58:57.992+0800][3.134s][info][gc,heap     ] GC(68)      Free:        0M (0%)            0M (0%)            0M (0%)            0M (0%)            0M (0%)            0M (0%)     
[2026-06-17T09:58:57.992+0800][3.134s][info][gc,heap     ] GC(68)      Used:       64M (100%)         64M (100%)         64M (100%)         64M (100%)         64M (100%)         64M (100%)   
[2026-06-17T09:58:57.992+0800][3.134s][info][gc,heap     ] GC(68)      Live:         -                61M (96%)          61M (96%)          61M (96%)            -                  -          
[2026-06-17T09:58:57.992+0800][3.134s][info][gc,heap     ] GC(68) Allocated:         -                 0M (0%)            0M (0%)            0M (0%)             -                  -          
[2026-06-17T09:58:57.992+0800][3.134s][info][gc,heap     ] GC(68)   Garbage:         -                 2M (4%)            2M (4%)            2M (4%)             -                  -          
[2026-06-17T09:58:57.992+0800][3.134s][info][gc,heap     ] GC(68) Reclaimed:         -                  -                 0M (0%)            0M (0%)             -                  -          
[2026-06-17T09:58:57.992+0800][3.135s][info][gc          ] GC(68) Garbage Collection (Allocation Stall) 64M(100%)->64M(100%)
[2026-06-17T09:58:57.992+0800][3.135s][info][gc          ] Allocation Stall (main) 4.809ms
[2026-06-17T09:58:57.992+0800][3.135s][info][gc,start    ] GC(69) Garbage Collection (Allocation Stall)
[2026-06-17T09:58:57.992+0800][3.135s][info][gc,ref      ] GC(69) Clearing All SoftReferences
[2026-06-17T09:58:57.992+0800][3.135s][info][gc,task     ] GC(69) Using 1 workers
[2026-06-17T09:58:57.992+0800][3.135s][info][gc,phases   ] GC(69) Pause Mark Start 0.002ms
[2026-06-17T09:58:57.993+0800][3.136s][info][gc,phases   ] GC(69) Concurrent Mark 0.563ms
[2026-06-17T09:58:57.993+0800][3.136s][info][gc,phases   ] GC(69) Pause Mark End 0.003ms
[2026-06-17T09:58:57.993+0800][3.136s][info][gc,phases   ] GC(69) Concurrent Mark Free 0.001ms
[2026-06-17T09:58:57.994+0800][3.136s][info][gc,phases   ] GC(69) Concurrent Process Non-Strong References 0.193ms
[2026-06-17T09:58:57.994+0800][3.136s][info][gc,phases   ] GC(69) Concurrent Reset Relocation Set 0.000ms
[2026-06-17T09:58:57.995+0800][3.137s][info][gc,phases   ] GC(69) Concurrent Select Relocation Set 0.749ms
[2026-06-17T09:58:57.995+0800][3.137s][info][gc,phases   ] GC(69) Pause Relocate Start 0.002ms
[2026-06-17T09:58:57.995+0800][3.138s][info][gc,phases   ] GC(69) Concurrent Relocate 0.043ms
[2026-06-17T09:58:57.995+0800][3.138s][info][gc,load     ] GC(69) Load: 0.37/0.48/0.53
[2026-06-17T09:58:57.995+0800][3.138s][info][gc,mmu      ] GC(69) MMU: 2ms/98.1%, 5ms/99.0%, 10ms/99.5%, 20ms/99.7%, 50ms/99.8%, 100ms/99.9%
[2026-06-17T09:58:57.995+0800][3.138s][info][gc,marking  ] GC(69) Mark: 1 stripe(s), 1 proactive flush(es), 1 terminate flush(es), 0 completion(s), 0 continuation(s) 
[2026-06-17T09:58:57.995+0800][3.138s][info][gc,marking  ] GC(69) Mark Stack Usage: 32M
[2026-06-17T09:58:57.995+0800][3.138s][info][gc,nmethod  ] GC(69) NMethods: 69 registered, 0 unregistered
[2026-06-17T09:58:57.995+0800][3.138s][info][gc,metaspace] GC(69) Metaspace: 0M used, 0M committed, 1088M reserved
[2026-06-17T09:58:57.996+0800][3.138s][info][gc,ref      ] GC(69) Soft: 0 encountered, 0 discovered, 0 enqueued
[2026-06-17T09:58:57.996+0800][3.138s][info][gc,ref      ] GC(69) Weak: 5 encountered, 0 discovered, 0 enqueued
[2026-06-17T09:58:57.996+0800][3.138s][info][gc,ref      ] GC(69) Final: 0 encountered, 0 discovered, 0 enqueued
[2026-06-17T09:58:57.996+0800][3.138s][info][gc,ref      ] GC(69) Phantom: 1 encountered, 0 discovered, 0 enqueued
[2026-06-17T09:58:57.996+0800][3.138s][info][gc,reloc    ] GC(69) Small Pages: 4 / 8M, Empty: 0M, Relocated: 0M, In-Place: 0
[2026-06-17T09:58:57.996+0800][3.139s][info][gc,reloc    ] GC(69) Large Pages: 28 / 56M, Empty: 0M, Relocated: 0M, In-Place: 0
[2026-06-17T09:58:57.996+0800][3.139s][info][gc,reloc    ] GC(69) Forwarding Usage: 0M
[2026-06-17T09:58:57.996+0800][3.139s][info][gc,heap     ] GC(69) Min Capacity: 64M(100%)
[2026-06-17T09:58:57.996+0800][3.139s][info][gc,heap     ] GC(69) Max Capacity: 64M(100%)
[2026-06-17T09:58:57.996+0800][3.139s][info][gc,heap     ] GC(69) Soft Max Capacity: 64M(100%)
[2026-06-17T09:58:57.996+0800][3.139s][info][gc,heap     ] GC(69)                Mark Start          Mark End        Relocate Start      Relocate End           High               Low         
[2026-06-17T09:58:57.996+0800][3.139s][info][gc,heap     ] GC(69)  Capacity:       64M (100%)         64M (100%)         64M (100%)         64M (100%)         64M (100%)         64M (100%)   
[2026-06-17T09:58:57.996+0800][3.139s][info][gc,heap     ] GC(69)      Free:        0M (0%)            0M (0%)            0M (0%)            0M (0%)            0M (0%)            0M (0%)     
[2026-06-17T09:58:57.997+0800][3.139s][info][gc,heap     ] GC(69)      Used:       64M (100%)         64M (100%)         64M (100%)         64M (100%)         64M (100%)         64M (100%)   
[2026-06-17T09:58:57.997+0800][3.139s][info][gc,heap     ] GC(69)      Live:         -                61M (96%)          61M (96%)          61M (96%)            -                  -          
[2026-06-17T09:58:57.997+0800][3.139s][info][gc,heap     ] GC(69) Allocated:         -                 0M (0%)            0M (0%)            0M (0%)             -                  -          
[2026-06-17T09:58:57.997+0800][3.139s][info][gc,heap     ] GC(69)   Garbage:         -                 2M (4%)            2M (4%)            2M (4%)             -                  -          
[2026-06-17T09:58:57.997+0800][3.139s][info][gc,heap     ] GC(69) Reclaimed:         -                  -                 0M (0%)            0M (0%)             -                  -          
[2026-06-17T09:58:57.997+0800][3.139s][info][gc          ] GC(69) Garbage Collection (Allocation Stall) 64M(100%)->64M(100%)
[2026-06-17T09:58:57.997+0800][3.140s][info][gc          ] Allocation Stall (main) 4.819ms
[2026-06-17T09:58:57.997+0800][3.140s][info][gc          ] Out Of Memory (main)
[2026-06-17T09:58:57.997+0800][3.140s][info][gc,start    ] GC(70) Garbage Collection (Allocation Stall)
[2026-06-17T09:58:57.997+0800][3.140s][info][gc,ref      ] GC(70) Clearing All SoftReferences
[2026-06-17T09:58:57.997+0800][3.140s][info][gc,task     ] GC(70) Using 1 workers
[2026-06-17T09:58:57.998+0800][3.140s][info][gc,phases   ] GC(70) Pause Mark Start 0.003ms
[2026-06-17T09:58:57.998+0800][3.141s][info][gc,phases   ] GC(70) Concurrent Mark 0.482ms
[2026-06-17T09:58:57.998+0800][3.141s][info][gc,phases   ] GC(70) Pause Mark End 0.003ms
[2026-06-17T09:58:57.998+0800][3.141s][info][gc,phases   ] GC(70) Concurrent Mark Free 0.000ms
[2026-06-17T09:58:57.999+0800][3.141s][info][gc,phases   ] GC(70) Concurrent Process Non-Strong References 0.190ms
[2026-06-17T09:58:57.999+0800][3.141s][info][gc,phases   ] GC(70) Concurrent Reset Relocation Set 0.000ms
[2026-06-17T09:58:58.000+0800][3.142s][info][gc,phases   ] GC(70) Concurrent Select Relocation Set 0.982ms
[2026-06-17T09:58:58.000+0800][3.142s][info][gc          ] Allocation Stall (main) 2.655ms
[2026-06-17T09:58:58.000+0800][3.143s][info][gc,phases   ] GC(70) Pause Relocate Start 0.003ms
[2026-06-17T09:58:58.000+0800][3.143s][info][gc,phases   ] GC(70) Concurrent Relocate 0.045ms
[2026-06-17T09:58:58.000+0800][3.143s][info][gc,load     ] GC(70) Load: 0.37/0.48/0.53
[2026-06-17T09:58:58.001+0800][3.143s][info][gc,mmu      ] GC(70) MMU: 2ms/98.1%, 5ms/99.0%, 10ms/99.5%, 20ms/99.7%, 50ms/99.8%, 100ms/99.9%
[2026-06-17T09:58:58.001+0800][3.143s][info][gc,marking  ] GC(70) Mark: 1 stripe(s), 1 proactive flush(es), 1 terminate flush(es), 0 completion(s), 0 continuation(s) 
[2026-06-17T09:58:58.001+0800][3.143s][info][gc,marking  ] GC(70) Mark Stack Usage: 32M
[2026-06-17T09:58:58.001+0800][3.143s][info][gc,nmethod  ] GC(70) NMethods: 69 registered, 0 unregistered
[2026-06-17T09:58:58.001+0800][3.143s][info][gc,metaspace] GC(70) Metaspace: 0M used, 0M committed, 1088M reserved
[2026-06-17T09:58:58.001+0800][3.144s][info][gc,ref      ] GC(70) Soft: 0 encountered, 0 discovered, 0 enqueued
[2026-06-17T09:58:58.001+0800][3.144s][info][gc,ref      ] GC(70) Weak: 5 encountered, 0 discovered, 0 enqueued
[2026-06-17T09:58:58.001+0800][3.144s][info][gc,ref      ] GC(70) Final: 0 encountered, 0 discovered, 0 enqueued
[2026-06-17T09:58:58.001+0800][3.144s][info][gc,ref      ] GC(70) Phantom: 1 encountered, 0 discovered, 0 enqueued
[2026-06-17T09:58:58.001+0800][3.144s][info][gc,reloc    ] GC(70) Small Pages: 4 / 8M, Empty: 6M, Relocated: 0M, In-Place: 0
[2026-06-17T09:58:58.001+0800][3.144s][info][gc,reloc    ] GC(70) Large Pages: 28 / 56M, Empty: 56M, Relocated: 0M, In-Place: 0
[2026-06-17T09:58:58.001+0800][3.144s][info][gc,reloc    ] GC(70) Forwarding Usage: 0M
[2026-06-17T09:58:58.002+0800][3.144s][info][gc,heap     ] GC(70) Min Capacity: 64M(100%)
[2026-06-17T09:58:58.002+0800][3.144s][info][gc,heap     ] GC(70) Max Capacity: 64M(100%)
[2026-06-17T09:58:58.002+0800][3.144s][info][gc,heap     ] GC(70) Soft Max Capacity: 64M(100%)
[2026-06-17T09:58:58.002+0800][3.144s][info][gc,heap     ] GC(70)                Mark Start          Mark End        Relocate Start      Relocate End           High               Low         
[2026-06-17T09:58:58.002+0800][3.144s][info][gc,heap     ] GC(70)  Capacity:       64M (100%)         64M (100%)         64M (100%)         64M (100%)         64M (100%)         64M (100%)   
[2026-06-17T09:58:58.002+0800][3.144s][info][gc,heap     ] GC(70)      Free:        0M (0%)            0M (0%)           60M (94%)          60M (94%)          62M (97%)           0M (0%)     
[2026-06-17T09:58:58.002+0800][3.145s][info][gc,heap     ] GC(70)      Used:       64M (100%)         64M (100%)          4M (6%)            4M (6%)           64M (100%)          2M (3%)     
[2026-06-17T09:58:58.002+0800][3.145s][info][gc,heap     ] GC(70)      Live:         -                 0M (1%)            0M (1%)            0M (1%)             -                  -          
[2026-06-17T09:58:58.002+0800][3.145s][info][gc,heap     ] GC(70) Allocated:         -                 0M (0%)            2M (3%)            2M (3%)             -                  -          
[2026-06-17T09:58:58.002+0800][3.145s][info][gc,heap     ] GC(70)   Garbage:         -                63M (99%)           1M (2%)            1M (2%)             -                  -          
[2026-06-17T09:58:58.002+0800][3.145s][info][gc,heap     ] GC(70) Reclaimed:         -                  -                62M (97%)          62M (97%)            -                  -          
[2026-06-17T09:58:58.002+0800][3.145s][info][gc          ] GC(70) Garbage Collection (Allocation Stall) 64M(100%)->4M(6%)
[2026-06-17T09:58:58.003+0800][3.145s][info][gc,heap,exit] Heap
[2026-06-17T09:58:58.003+0800][3.145s][info][gc,heap,exit]  ZHeap           used 4M, capacity 64M, max capacity 64M
[2026-06-17T09:58:58.003+0800][3.145s][info][gc,heap,exit]  Metaspace       used 146K, committed 384K, reserved 1114112K
[2026-06-17T09:58:58.003+0800][3.145s][info][gc,heap,exit]   class space    used 6K, committed 128K, reserved 1048576K
