[2026-06-17T10:02:03.509+0800][0.006s][info][gc,init] CardTable entry size: 512
[2026-06-17T10:02:03.510+0800][0.007s][info][gc     ] Using G1
[2026-06-17T10:02:03.511+0800][0.008s][info][gc,init] Version: 21.0.11+10-LTS (release)
[2026-06-17T10:02:03.512+0800][0.009s][info][gc,init] CPUs: 24 total, 24 available
[2026-06-17T10:02:03.512+0800][0.009s][info][gc,init] Memory: 15856M
[2026-06-17T10:02:03.513+0800][0.009s][info][gc,init] Large Page Support: Disabled
[2026-06-17T10:02:03.513+0800][0.010s][info][gc,init] NUMA Support: Disabled
[2026-06-17T10:02:03.513+0800][0.010s][info][gc,init] Compressed Oops: Enabled (32-bit)
[2026-06-17T10:02:03.514+0800][0.011s][info][gc,init] Heap Region Size: 1M
[2026-06-17T10:02:03.514+0800][0.011s][info][gc,init] Heap Min Capacity: 64M
[2026-06-17T10:02:03.515+0800][0.012s][info][gc,init] Heap Initial Capacity: 64M
[2026-06-17T10:02:03.515+0800][0.012s][info][gc,init] Heap Max Capacity: 64M
[2026-06-17T10:02:03.516+0800][0.013s][info][gc,init] Pre-touch: Disabled
[2026-06-17T10:02:03.516+0800][0.013s][info][gc,init] Parallel Workers: 18
[2026-06-17T10:02:03.517+0800][0.014s][info][gc,init] Concurrent Workers: 5
[2026-06-17T10:02:03.517+0800][0.014s][info][gc,init] Concurrent Refinement Workers: 18
[2026-06-17T10:02:03.517+0800][0.014s][info][gc,init] Periodic GC: Disabled
[2026-06-17T10:02:03.523+0800][0.020s][info][gc,metaspace] CDS archive(s) mapped at: [0x000077217b000000-0x000077217bbad000-0x000077217bbad000), size 12242944, SharedBaseAddress: 0x000077217b000000, ArchiveRelocationMode: 1.
[2026-06-17T10:02:03.524+0800][0.020s][info][gc,metaspace] Compressed class space mapped at: 0x000077217c000000-0x00007721bc000000, reserved size: 1073741824
[2026-06-17T10:02:03.524+0800][0.021s][info][gc,metaspace] Narrow klass base: 0x000077217b000000, Narrow klass shift: 0, Narrow klass range: 0x100000000
[2026-06-17T10:02:03.617+0800][0.114s][info][gc,start    ] GC(0) Pause Young (Normal) (G1 Evacuation Pause)
[2026-06-17T10:02:03.618+0800][0.115s][info][gc,task     ] GC(0) Using 2 workers of 18 for evacuation
[2026-06-17T10:02:03.621+0800][0.118s][info][gc,phases   ] GC(0)   Pre Evacuate Collection Set: 0.10ms
[2026-06-17T10:02:03.621+0800][0.118s][info][gc,phases   ] GC(0)   Merge Heap Roots: 0.03ms
[2026-06-17T10:02:03.622+0800][0.118s][info][gc,phases   ] GC(0)   Evacuate Collection Set: 1.29ms
[2026-06-17T10:02:03.622+0800][0.119s][info][gc,phases   ] GC(0)   Post Evacuate Collection Set: 0.17ms
[2026-06-17T10:02:03.623+0800][0.120s][info][gc,phases   ] GC(0)   Other: 0.90ms
[2026-06-17T10:02:03.623+0800][0.120s][info][gc,heap     ] GC(0) Eden regions: 23->0(35)
[2026-06-17T10:02:03.624+0800][0.121s][info][gc,heap     ] GC(0) Survivor regions: 0->3(3)
[2026-06-17T10:02:03.624+0800][0.121s][info][gc,heap     ] GC(0) Old regions: 1->4
[2026-06-17T10:02:03.625+0800][0.122s][info][gc,heap     ] GC(0) Humongous regions: 2->2
[2026-06-17T10:02:03.625+0800][0.122s][info][gc,metaspace] GC(0) Metaspace: 98K(320K)->98K(320K) NonClass: 90K(192K)->90K(192K) Class: 7K(128K)->7K(128K)
[2026-06-17T10:02:03.626+0800][0.123s][info][gc          ] GC(0) Pause Young (Normal) (G1 Evacuation Pause) 25M->8M(64M) 8.497ms
[2026-06-17T10:02:03.626+0800][0.123s][info][gc,cpu      ] GC(0) User=0.00s Sys=0.00s Real=0.01s
[2026-06-17T10:02:03.716+0800][0.213s][info][gc,start    ] GC(1) Pause Young (Normal) (G1 Evacuation Pause)
[2026-06-17T10:02:03.717+0800][0.214s][info][gc,task     ] GC(1) Using 2 workers of 18 for evacuation
[2026-06-17T10:02:03.720+0800][0.217s][info][gc,phases   ] GC(1)   Pre Evacuate Collection Set: 0.21ms
[2026-06-17T10:02:03.721+0800][0.218s][info][gc,phases   ] GC(1)   Merge Heap Roots: 0.09ms
[2026-06-17T10:02:03.721+0800][0.218s][info][gc,phases   ] GC(1)   Evacuate Collection Set: 2.47ms
[2026-06-17T10:02:03.723+0800][0.220s][info][gc,phases   ] GC(1)   Post Evacuate Collection Set: 0.23ms
[2026-06-17T10:02:03.723+0800][0.220s][info][gc,phases   ] GC(1)   Other: 0.33ms
[2026-06-17T10:02:03.724+0800][0.220s][info][gc,heap     ] GC(1) Eden regions: 35->0(26)
[2026-06-17T10:02:03.725+0800][0.222s][info][gc,heap     ] GC(1) Survivor regions: 3->5(5)
[2026-06-17T10:02:03.725+0800][0.222s][info][gc,heap     ] GC(1) Old regions: 4->10
[2026-06-17T10:02:03.726+0800][0.222s][info][gc,heap     ] GC(1) Humongous regions: 2->2
[2026-06-17T10:02:03.726+0800][0.223s][info][gc,metaspace] GC(1) Metaspace: 98K(320K)->98K(320K) NonClass: 90K(192K)->90K(192K) Class: 7K(128K)->7K(128K)
[2026-06-17T10:02:03.727+0800][0.223s][info][gc          ] GC(1) Pause Young (Normal) (G1 Evacuation Pause) 43M->16M(64M) 10.337ms
[2026-06-17T10:02:03.727+0800][0.224s][info][gc,cpu      ] GC(1) User=0.00s Sys=0.00s Real=0.01s
[2026-06-17T10:02:03.801+0800][0.298s][info][gc,start    ] GC(2) Pause Young (Normal) (G1 Evacuation Pause)
[2026-06-17T10:02:03.802+0800][0.299s][info][gc,task     ] GC(2) Using 2 workers of 18 for evacuation
[2026-06-17T10:02:03.804+0800][0.301s][info][gc,phases   ] GC(2)   Pre Evacuate Collection Set: 0.28ms
[2026-06-17T10:02:03.804+0800][0.301s][info][gc,phases   ] GC(2)   Merge Heap Roots: 0.05ms
[2026-06-17T10:02:03.804+0800][0.301s][info][gc,phases   ] GC(2)   Evacuate Collection Set: 0.89ms
[2026-06-17T10:02:03.805+0800][0.301s][info][gc,phases   ] GC(2)   Post Evacuate Collection Set: 0.26ms
[2026-06-17T10:02:03.805+0800][0.302s][info][gc,phases   ] GC(2)   Other: 0.33ms
[2026-06-17T10:02:03.805+0800][0.302s][info][gc,heap     ] GC(2) Eden regions: 26->0(25)
[2026-06-17T10:02:03.805+0800][0.302s][info][gc,heap     ] GC(2) Survivor regions: 5->4(4)
[2026-06-17T10:02:03.806+0800][0.302s][info][gc,heap     ] GC(2) Old regions: 10->14
[2026-06-17T10:02:03.806+0800][0.303s][info][gc,heap     ] GC(2) Humongous regions: 4->4
[2026-06-17T10:02:03.806+0800][0.303s][info][gc,metaspace] GC(2) Metaspace: 98K(320K)->98K(320K) NonClass: 90K(192K)->90K(192K) Class: 7K(128K)->7K(128K)
[2026-06-17T10:02:03.806+0800][0.303s][info][gc          ] GC(2) Pause Young (Normal) (G1 Evacuation Pause) 44M->21M(64M) 4.896ms
[2026-06-17T10:02:03.807+0800][0.303s][info][gc,cpu      ] GC(2) User=0.00s Sys=0.01s Real=0.01s
[2026-06-17T10:02:03.870+0800][0.367s][info][gc,start    ] GC(3) Pause Young (Normal) (G1 Evacuation Pause)
[2026-06-17T10:02:03.871+0800][0.368s][info][gc,task     ] GC(3) Using 2 workers of 18 for evacuation
[2026-06-17T10:02:03.873+0800][0.370s][info][gc,phases   ] GC(3)   Pre Evacuate Collection Set: 0.26ms
[2026-06-17T10:02:03.874+0800][0.371s][info][gc,phases   ] GC(3)   Merge Heap Roots: 0.05ms
[2026-06-17T10:02:03.874+0800][0.371s][info][gc,phases   ] GC(3)   Evacuate Collection Set: 1.15ms
[2026-06-17T10:02:03.875+0800][0.371s][info][gc,phases   ] GC(3)   Post Evacuate Collection Set: 0.20ms
[2026-06-17T10:02:03.875+0800][0.372s][info][gc,phases   ] GC(3)   Other: 0.58ms
[2026-06-17T10:02:03.876+0800][0.372s][info][gc,heap     ] GC(3) Eden regions: 25->0(23)
[2026-06-17T10:02:03.876+0800][0.373s][info][gc,heap     ] GC(3) Survivor regions: 4->4(4)
[2026-06-17T10:02:03.876+0800][0.373s][info][gc,heap     ] GC(3) Old regions: 14->18
[2026-06-17T10:02:03.877+0800][0.374s][info][gc,heap     ] GC(3) Humongous regions: 4->4
[2026-06-17T10:02:03.877+0800][0.374s][info][gc,metaspace] GC(3) Metaspace: 98K(320K)->98K(320K) NonClass: 90K(192K)->90K(192K) Class: 7K(128K)->7K(128K)
[2026-06-17T10:02:03.878+0800][0.374s][info][gc          ] GC(3) Pause Young (Normal) (G1 Evacuation Pause) 46M->25M(64M) 7.171ms
[2026-06-17T10:02:03.878+0800][0.375s][info][gc,cpu      ] GC(3) User=0.00s Sys=0.00s Real=0.01s
[2026-06-17T10:02:03.943+0800][0.440s][info][gc,start    ] GC(4) Pause Young (Normal) (G1 Evacuation Pause)
[2026-06-17T10:02:03.944+0800][0.441s][info][gc,task     ] GC(4) Using 2 workers of 18 for evacuation
[2026-06-17T10:02:03.947+0800][0.444s][info][gc,phases   ] GC(4)   Pre Evacuate Collection Set: 0.52ms
[2026-06-17T10:02:03.948+0800][0.445s][info][gc,phases   ] GC(4)   Merge Heap Roots: 0.18ms
[2026-06-17T10:02:03.949+0800][0.446s][info][gc,phases   ] GC(4)   Evacuate Collection Set: 1.14ms
[2026-06-17T10:02:03.950+0800][0.446s][info][gc,phases   ] GC(4)   Post Evacuate Collection Set: 0.76ms
[2026-06-17T10:02:03.950+0800][0.447s][info][gc,phases   ] GC(4)   Other: 0.90ms
[2026-06-17T10:02:03.951+0800][0.448s][info][gc,heap     ] GC(4) Eden regions: 23->0(21)
[2026-06-17T10:02:03.953+0800][0.450s][info][gc,heap     ] GC(4) Survivor regions: 4->4(4)
[2026-06-17T10:02:03.953+0800][0.450s][info][gc,heap     ] GC(4) Old regions: 18->21
[2026-06-17T10:02:03.955+0800][0.452s][info][gc,heap     ] GC(4) Humongous regions: 4->4
[2026-06-17T10:02:03.957+0800][0.454s][info][gc,metaspace] GC(4) Metaspace: 100K(320K)->100K(320K) NonClass: 92K(192K)->92K(192K) Class: 7K(128K)->7K(128K)
[2026-06-17T10:02:03.959+0800][0.456s][info][gc          ] GC(4) Pause Young (Normal) (G1 Evacuation Pause) 48M->28M(64M) 16.442ms
[2026-06-17T10:02:03.961+0800][0.458s][info][gc,cpu      ] GC(4) User=0.01s Sys=0.00s Real=0.01s
[2026-06-17T10:02:04.015+0800][0.512s][info][gc,start    ] GC(5) Pause Young (Normal) (G1 Evacuation Pause)
[2026-06-17T10:02:04.016+0800][0.513s][info][gc,task     ] GC(5) Using 2 workers of 18 for evacuation
[2026-06-17T10:02:04.018+0800][0.515s][info][gc,phases   ] GC(5)   Pre Evacuate Collection Set: 0.17ms
[2026-06-17T10:02:04.019+0800][0.516s][info][gc,phases   ] GC(5)   Merge Heap Roots: 0.06ms
[2026-06-17T10:02:04.020+0800][0.516s][info][gc,phases   ] GC(5)   Evacuate Collection Set: 0.72ms
[2026-06-17T10:02:04.020+0800][0.517s][info][gc,phases   ] GC(5)   Post Evacuate Collection Set: 0.30ms
[2026-06-17T10:02:04.021+0800][0.518s][info][gc,phases   ] GC(5)   Other: 1.00ms
[2026-06-17T10:02:04.022+0800][0.519s][info][gc,heap     ] GC(5) Eden regions: 21->0(16)
[2026-06-17T10:02:04.022+0800][0.519s][info][gc,heap     ] GC(5) Survivor regions: 4->4(4)
[2026-06-17T10:02:04.023+0800][0.520s][info][gc,heap     ] GC(5) Old regions: 21->25
[2026-06-17T10:02:04.024+0800][0.521s][info][gc,heap     ] GC(5) Humongous regions: 6->6
[2026-06-17T10:02:04.025+0800][0.522s][info][gc,metaspace] GC(5) Metaspace: 100K(320K)->100K(320K) NonClass: 92K(192K)->92K(192K) Class: 7K(128K)->7K(128K)
[2026-06-17T10:02:04.025+0800][0.522s][info][gc          ] GC(5) Pause Young (Normal) (G1 Evacuation Pause) 51M->34M(64M) 10.112ms
[2026-06-17T10:02:04.026+0800][0.523s][info][gc,cpu      ] GC(5) User=0.00s Sys=0.00s Real=0.01s
[2026-06-17T10:02:04.069+0800][0.566s][info][gc,start    ] GC(6) Pause Young (Concurrent Start) (G1 Evacuation Pause)
[2026-06-17T10:02:04.070+0800][0.567s][info][gc,task     ] GC(6) Using 2 workers of 18 for evacuation
[2026-06-17T10:02:04.072+0800][0.569s][info][gc,phases   ] GC(6)   Pre Evacuate Collection Set: 0.35ms
[2026-06-17T10:02:04.073+0800][0.570s][info][gc,phases   ] GC(6)   Merge Heap Roots: 0.13ms
[2026-06-17T10:02:04.073+0800][0.570s][info][gc,phases   ] GC(6)   Evacuate Collection Set: 1.01ms
[2026-06-17T10:02:04.074+0800][0.571s][info][gc,phases   ] GC(6)   Post Evacuate Collection Set: 0.22ms
[2026-06-17T10:02:04.074+0800][0.571s][info][gc,phases   ] GC(6)   Other: 0.99ms
[2026-06-17T10:02:04.075+0800][0.572s][info][gc,heap     ] GC(6) Eden regions: 16->0(14)
[2026-06-17T10:02:04.075+0800][0.572s][info][gc,heap     ] GC(6) Survivor regions: 4->3(3)
[2026-06-17T10:02:04.076+0800][0.573s][info][gc,heap     ] GC(6) Old regions: 25->30
[2026-06-17T10:02:04.076+0800][0.573s][info][gc,heap     ] GC(6) Humongous regions: 6->6
[2026-06-17T10:02:04.077+0800][0.574s][info][gc,metaspace] GC(6) Metaspace: 100K(320K)->100K(320K) NonClass: 92K(192K)->92K(192K) Class: 7K(128K)->7K(128K)
[2026-06-17T10:02:04.077+0800][0.574s][info][gc          ] GC(6) Pause Young (Concurrent Start) (G1 Evacuation Pause) 50M->38M(64M) 8.410ms
[2026-06-17T10:02:04.078+0800][0.575s][info][gc,cpu      ] GC(6) User=0.01s Sys=0.00s Real=0.01s
[2026-06-17T10:02:04.078+0800][0.575s][info][gc          ] GC(7) Concurrent Mark Cycle
[2026-06-17T10:02:04.079+0800][0.576s][info][gc,marking  ] GC(7) Concurrent Scan Root Regions
[2026-06-17T10:02:04.081+0800][0.578s][info][gc,marking  ] GC(7) Concurrent Scan Root Regions 2.223ms
[2026-06-17T10:02:04.082+0800][0.579s][info][gc,marking  ] GC(7) Concurrent Mark
[2026-06-17T10:02:04.082+0800][0.579s][info][gc,marking  ] GC(7) Concurrent Mark From Roots
[2026-06-17T10:02:04.083+0800][0.580s][info][gc,task     ] GC(7) Using 5 workers of 5 for marking
[2026-06-17T10:02:04.087+0800][0.583s][info][gc,marking  ] GC(7) Concurrent Mark From Roots 4.276ms
[2026-06-17T10:02:04.087+0800][0.584s][info][gc,marking  ] GC(7) Concurrent Preclean
[2026-06-17T10:02:04.088+0800][0.585s][info][gc,marking  ] GC(7) Concurrent Preclean 0.484ms
[2026-06-17T10:02:04.088+0800][0.585s][info][gc,start    ] GC(7) Pause Remark
[2026-06-17T10:02:04.089+0800][0.586s][info][gc          ] GC(7) Pause Remark 40M->32M(64M) 1.160ms
[2026-06-17T10:02:04.090+0800][0.587s][info][gc,cpu      ] GC(7) User=0.00s Sys=0.00s Real=0.00s
[2026-06-17T10:02:04.090+0800][0.587s][info][gc,marking  ] GC(7) Concurrent Mark 8.480ms
[2026-06-17T10:02:04.091+0800][0.588s][info][gc,marking  ] GC(7) Concurrent Rebuild Remembered Sets and Scrub Regions
[2026-06-17T10:02:04.092+0800][0.589s][info][gc,marking  ] GC(7) Concurrent Rebuild Remembered Sets and Scrub Regions 1.086ms
[2026-06-17T10:02:04.092+0800][0.589s][info][gc,start    ] GC(7) Pause Cleanup
[2026-06-17T10:02:04.093+0800][0.590s][info][gc          ] GC(7) Pause Cleanup 38M->38M(64M) 0.536ms
[2026-06-17T10:02:04.093+0800][0.590s][info][gc,cpu      ] GC(7) User=0.00s Sys=0.00s Real=0.00s
[2026-06-17T10:02:04.094+0800][0.591s][info][gc,marking  ] GC(7) Concurrent Clear Claimed Marks
[2026-06-17T10:02:04.094+0800][0.591s][info][gc,marking  ] GC(7) Concurrent Clear Claimed Marks 0.444ms
[2026-06-17T10:02:04.095+0800][0.591s][info][gc,marking  ] GC(7) Concurrent Cleanup for Next Mark
[2026-06-17T10:02:04.096+0800][0.592s][info][gc,marking  ] GC(7) Concurrent Cleanup for Next Mark 0.929ms
[2026-06-17T10:02:04.096+0800][0.593s][info][gc          ] GC(7) Concurrent Mark Cycle 18.197ms
[2026-06-17T10:02:04.112+0800][0.609s][info][gc,start    ] GC(8) Pause Young (Prepare Mixed) (G1 Evacuation Pause)
[2026-06-17T10:02:04.112+0800][0.609s][info][gc,task     ] GC(8) Using 2 workers of 18 for evacuation
[2026-06-17T10:02:04.115+0800][0.612s][info][gc,phases   ] GC(8)   Pre Evacuate Collection Set: 0.23ms
[2026-06-17T10:02:04.115+0800][0.612s][info][gc,phases   ] GC(8)   Merge Heap Roots: 0.09ms
[2026-06-17T10:02:04.116+0800][0.613s][info][gc,phases   ] GC(8)   Evacuate Collection Set: 0.86ms
[2026-06-17T10:02:04.117+0800][0.614s][info][gc,phases   ] GC(8)   Post Evacuate Collection Set: 0.47ms
[2026-06-17T10:02:04.117+0800][0.614s][info][gc,phases   ] GC(8)   Other: 0.70ms
[2026-06-17T10:02:04.118+0800][0.615s][info][gc,heap     ] GC(8) Eden regions: 14->0(16)
[2026-06-17T10:02:04.119+0800][0.615s][info][gc,heap     ] GC(8) Survivor regions: 3->3(3)
[2026-06-17T10:02:04.119+0800][0.616s][info][gc,heap     ] GC(8) Old regions: 22->25
[2026-06-17T10:02:04.119+0800][0.616s][info][gc,heap     ] GC(8) Humongous regions: 6->6
[2026-06-17T10:02:04.120+0800][0.617s][info][gc,metaspace] GC(8) Metaspace: 100K(320K)->100K(320K) NonClass: 92K(192K)->92K(192K) Class: 7K(128K)->7K(128K)
[2026-06-17T10:02:04.121+0800][0.618s][info][gc          ] GC(8) Pause Young (Prepare Mixed) (G1 Evacuation Pause) 44M->33M(64M) 9.055ms
[2026-06-17T10:02:04.121+0800][0.618s][info][gc,cpu      ] GC(8) User=0.00s Sys=0.00s Real=0.00s
[2026-06-17T10:02:04.165+0800][0.662s][info][gc,start    ] GC(9) Pause Young (Mixed) (G1 Evacuation Pause)
[2026-06-17T10:02:04.166+0800][0.663s][info][gc,task     ] GC(9) Using 2 workers of 18 for evacuation
[2026-06-17T10:02:04.170+0800][0.667s][info][gc,phases   ] GC(9)   Pre Evacuate Collection Set: 0.38ms
[2026-06-17T10:02:04.171+0800][0.667s][info][gc,phases   ] GC(9)   Merge Heap Roots: 0.24ms
[2026-06-17T10:02:04.171+0800][0.668s][info][gc,phases   ] GC(9)   Evacuate Collection Set: 1.30ms
[2026-06-17T10:02:04.172+0800][0.669s][info][gc,phases   ] GC(9)   Post Evacuate Collection Set: 0.89ms
[2026-06-17T10:02:04.172+0800][0.669s][info][gc,phases   ] GC(9)   Other: 0.76ms
[2026-06-17T10:02:04.173+0800][0.670s][info][gc,heap     ] GC(9) Eden regions: 16->0(13)
[2026-06-17T10:02:04.174+0800][0.671s][info][gc,heap     ] GC(9) Survivor regions: 3->3(3)
[2026-06-17T10:02:04.175+0800][0.671s][info][gc,heap     ] GC(9) Old regions: 25->28
[2026-06-17T10:02:04.175+0800][0.672s][info][gc,heap     ] GC(9) Humongous regions: 6->6
[2026-06-17T10:02:04.176+0800][0.673s][info][gc,metaspace] GC(9) Metaspace: 100K(320K)->100K(320K) NonClass: 92K(192K)->92K(192K) Class: 7K(128K)->7K(128K)
[2026-06-17T10:02:04.176+0800][0.673s][info][gc          ] GC(9) Pause Young (Mixed) (G1 Evacuation Pause) 49M->36M(64M) 11.270ms
[2026-06-17T10:02:04.177+0800][0.674s][info][gc,cpu      ] GC(9) User=0.00s Sys=0.01s Real=0.01s
[2026-06-17T10:02:04.211+0800][0.708s][info][gc,start    ] GC(10) Pause Young (Concurrent Start) (G1 Evacuation Pause)
[2026-06-17T10:02:04.212+0800][0.708s][info][gc,task     ] GC(10) Using 2 workers of 18 for evacuation
[2026-06-17T10:02:04.215+0800][0.712s][info][gc,phases   ] GC(10)   Pre Evacuate Collection Set: 0.53ms
[2026-06-17T10:02:04.216+0800][0.713s][info][gc,phases   ] GC(10)   Merge Heap Roots: 0.22ms
[2026-06-17T10:02:04.217+0800][0.714s][info][gc,phases   ] GC(10)   Evacuate Collection Set: 0.78ms
[2026-06-17T10:02:04.218+0800][0.715s][info][gc,phases   ] GC(10)   Post Evacuate Collection Set: 0.61ms
[2026-06-17T10:02:04.218+0800][0.715s][info][gc,phases   ] GC(10)   Other: 1.58ms
[2026-06-17T10:02:04.219+0800][0.716s][info][gc,heap     ] GC(10) Eden regions: 13->0(13)
[2026-06-17T10:02:04.219+0800][0.716s][info][gc,heap     ] GC(10) Survivor regions: 3->2(2)
[2026-06-17T10:02:04.220+0800][0.717s][info][gc,heap     ] GC(10) Old regions: 28->30
[2026-06-17T10:02:04.220+0800][0.717s][info][gc,heap     ] GC(10) Humongous regions: 6->6
[2026-06-17T10:02:04.221+0800][0.717s][info][gc,metaspace] GC(10) Metaspace: 100K(320K)->100K(320K) NonClass: 92K(192K)->92K(192K) Class: 7K(128K)->7K(128K)
[2026-06-17T10:02:04.221+0800][0.718s][info][gc          ] GC(10) Pause Young (Concurrent Start) (G1 Evacuation Pause) 49M->37M(64M) 10.202ms
[2026-06-17T10:02:04.221+0800][0.718s][info][gc,cpu      ] GC(10) User=0.01s Sys=0.00s Real=0.00s
[2026-06-17T10:02:04.222+0800][0.718s][info][gc          ] GC(11) Concurrent Mark Cycle
[2026-06-17T10:02:04.222+0800][0.719s][info][gc,marking  ] GC(11) Concurrent Scan Root Regions
[2026-06-17T10:02:04.223+0800][0.720s][info][gc,marking  ] GC(11) Concurrent Scan Root Regions 0.527ms
[2026-06-17T10:02:04.223+0800][0.720s][info][gc,marking  ] GC(11) Concurrent Mark
[2026-06-17T10:02:04.224+0800][0.721s][info][gc,marking  ] GC(11) Concurrent Mark From Roots
[2026-06-17T10:02:04.225+0800][0.722s][info][gc,task     ] GC(11) Using 5 workers of 5 for marking
[2026-06-17T10:02:04.229+0800][0.726s][info][gc,marking  ] GC(11) Concurrent Mark From Roots 4.497ms
[2026-06-17T10:02:04.229+0800][0.726s][info][gc,marking  ] GC(11) Concurrent Preclean
[2026-06-17T10:02:04.230+0800][0.727s][info][gc,marking  ] GC(11) Concurrent Preclean 1.070ms
[2026-06-17T10:02:04.231+0800][0.728s][info][gc,start    ] GC(11) Pause Remark
[2026-06-17T10:02:04.232+0800][0.729s][info][gc          ] GC(11) Pause Remark 40M->30M(64M) 1.395ms
[2026-06-17T10:02:04.233+0800][0.730s][info][gc,cpu      ] GC(11) User=0.00s Sys=0.00s Real=0.00s
[2026-06-17T10:02:04.233+0800][0.730s][info][gc,marking  ] GC(11) Concurrent Mark 9.946ms
[2026-06-17T10:02:04.234+0800][0.731s][info][gc,marking  ] GC(11) Concurrent Rebuild Remembered Sets and Scrub Regions
[2026-06-17T10:02:04.236+0800][0.733s][info][gc,marking  ] GC(11) Concurrent Rebuild Remembered Sets and Scrub Regions 2.107ms
[2026-06-17T10:02:04.237+0800][0.733s][info][gc,start    ] GC(11) Pause Cleanup
[2026-06-17T10:02:04.238+0800][0.735s][info][gc          ] GC(11) Pause Cleanup 33M->33M(64M) 1.037ms
[2026-06-17T10:02:04.239+0800][0.735s][info][gc,cpu      ] GC(11) User=0.00s Sys=0.00s Real=0.00s
[2026-06-17T10:02:04.239+0800][0.736s][info][gc,marking  ] GC(11) Concurrent Clear Claimed Marks
[2026-06-17T10:02:04.239+0800][0.736s][info][gc,marking  ] GC(11) Concurrent Clear Claimed Marks 0.249ms
[2026-06-17T10:02:04.239+0800][0.736s][info][gc,marking  ] GC(11) Concurrent Cleanup for Next Mark
[2026-06-17T10:02:04.240+0800][0.737s][info][gc,marking  ] GC(11) Concurrent Cleanup for Next Mark 0.502ms
[2026-06-17T10:02:04.240+0800][0.737s][info][gc          ] GC(11) Concurrent Mark Cycle 18.927ms
[2026-06-17T10:02:04.255+0800][0.752s][info][gc,start    ] GC(12) Pause Young (Prepare Mixed) (G1 Evacuation Pause)
[2026-06-17T10:02:04.256+0800][0.753s][info][gc,task     ] GC(12) Using 2 workers of 18 for evacuation
[2026-06-17T10:02:04.258+0800][0.755s][info][gc,phases   ] GC(12)   Pre Evacuate Collection Set: 0.26ms
[2026-06-17T10:02:04.258+0800][0.755s][info][gc,phases   ] GC(12)   Merge Heap Roots: 0.08ms
[2026-06-17T10:02:04.259+0800][0.755s][info][gc,phases   ] GC(12)   Evacuate Collection Set: 0.56ms
[2026-06-17T10:02:04.259+0800][0.756s][info][gc,phases   ] GC(12)   Post Evacuate Collection Set: 0.41ms
[2026-06-17T10:02:04.259+0800][0.756s][info][gc,phases   ] GC(12)   Other: 0.60ms
[2026-06-17T10:02:04.260+0800][0.756s][info][gc,heap     ] GC(12) Eden regions: 13->0(16)
[2026-06-17T10:02:04.260+0800][0.757s][info][gc,heap     ] GC(12) Survivor regions: 2->2(2)
[2026-06-17T10:02:04.261+0800][0.758s][info][gc,heap     ] GC(12) Old regions: 20->23
[2026-06-17T10:02:04.262+0800][0.758s][info][gc,heap     ] GC(12) Humongous regions: 7->7
[2026-06-17T10:02:04.263+0800][0.759s][info][gc,metaspace] GC(12) Metaspace: 100K(320K)->100K(320K) NonClass: 92K(192K)->92K(192K) Class: 7K(128K)->7K(128K)
[2026-06-17T10:02:04.263+0800][0.760s][info][gc          ] GC(12) Pause Young (Prepare Mixed) (G1 Evacuation Pause) 41M->31M(64M) 8.154ms
[2026-06-17T10:02:04.264+0800][0.761s][info][gc,cpu      ] GC(12) User=0.00s Sys=0.00s Real=0.01s
[2026-06-17T10:02:04.307+0800][0.804s][info][gc,start    ] GC(13) Pause Young (Mixed) (G1 Evacuation Pause)
[2026-06-17T10:02:04.308+0800][0.804s][info][gc,task     ] GC(13) Using 2 workers of 18 for evacuation
[2026-06-17T10:02:04.309+0800][0.806s][info][gc,phases   ] GC(13)   Pre Evacuate Collection Set: 0.15ms
[2026-06-17T10:02:04.309+0800][0.806s][info][gc,phases   ] GC(13)   Merge Heap Roots: 0.04ms
[2026-06-17T10:02:04.310+0800][0.807s][info][gc,phases   ] GC(13)   Evacuate Collection Set: 0.60ms
[2026-06-17T10:02:04.310+0800][0.807s][info][gc,phases   ] GC(13)   Post Evacuate Collection Set: 0.17ms
[2026-06-17T10:02:04.310+0800][0.807s][info][gc,phases   ] GC(13)   Other: 0.42ms
[2026-06-17T10:02:04.311+0800][0.807s][info][gc,heap     ] GC(13) Eden regions: 16->0(14)
[2026-06-17T10:02:04.311+0800][0.808s][info][gc,heap     ] GC(13) Survivor regions: 2->3(3)
[2026-06-17T10:02:04.311+0800][0.808s][info][gc,heap     ] GC(13) Old regions: 23->25
[2026-06-17T10:02:04.312+0800][0.808s][info][gc,heap     ] GC(13) Humongous regions: 7->7
[2026-06-17T10:02:04.312+0800][0.809s][info][gc,metaspace] GC(13) Metaspace: 100K(320K)->100K(320K) NonClass: 92K(192K)->92K(192K) Class: 7K(128K)->7K(128K)
[2026-06-17T10:02:04.312+0800][0.809s][info][gc          ] GC(13) Pause Young (Mixed) (G1 Evacuation Pause) 47M->34M(64M) 5.044ms
[2026-06-17T10:02:04.313+0800][0.810s][info][gc,cpu      ] GC(13) User=0.01s Sys=0.00s Real=0.01s
[2026-06-17T10:02:04.355+0800][0.852s][info][gc,start    ] GC(14) Pause Young (Concurrent Start) (G1 Evacuation Pause)
[2026-06-17T10:02:04.356+0800][0.853s][info][gc,task     ] GC(14) Using 2 workers of 18 for evacuation
[2026-06-17T10:02:04.357+0800][0.854s][info][gc,phases   ] GC(14)   Pre Evacuate Collection Set: 0.21ms
[2026-06-17T10:02:04.358+0800][0.855s][info][gc,phases   ] GC(14)   Merge Heap Roots: 0.05ms
[2026-06-17T10:02:04.358+0800][0.855s][info][gc,phases   ] GC(14)   Evacuate Collection Set: 0.52ms
[2026-06-17T10:02:04.359+0800][0.855s][info][gc,phases   ] GC(14)   Post Evacuate Collection Set: 0.32ms
[2026-06-17T10:02:04.359+0800][0.856s][info][gc,phases   ] GC(14)   Other: 0.37ms
[2026-06-17T10:02:04.359+0800][0.856s][info][gc,heap     ] GC(14) Eden regions: 14->0(12)
[2026-06-17T10:02:04.360+0800][0.857s][info][gc,heap     ] GC(14) Survivor regions: 3->3(3)
[2026-06-17T10:02:04.360+0800][0.857s][info][gc,heap     ] GC(14) Old regions: 25->29
[2026-06-17T10:02:04.361+0800][0.857s][info][gc,heap     ] GC(14) Humongous regions: 7->7
[2026-06-17T10:02:04.361+0800][0.858s][info][gc,metaspace] GC(14) Metaspace: 100K(320K)->100K(320K) NonClass: 92K(192K)->92K(192K) Class: 7K(128K)->7K(128K)
[2026-06-17T10:02:04.361+0800][0.858s][info][gc          ] GC(14) Pause Young (Concurrent Start) (G1 Evacuation Pause) 48M->38M(64M) 6.107ms
[2026-06-17T10:02:04.362+0800][0.859s][info][gc,cpu      ] GC(14) User=0.00s Sys=0.00s Real=0.00s
[2026-06-17T10:02:04.362+0800][0.859s][info][gc          ] GC(15) Concurrent Mark Cycle
[2026-06-17T10:02:04.363+0800][0.859s][info][gc,marking  ] GC(15) Concurrent Scan Root Regions
[2026-06-17T10:02:04.363+0800][0.860s][info][gc,marking  ] GC(15) Concurrent Scan Root Regions 0.492ms
[2026-06-17T10:02:04.363+0800][0.860s][info][gc,marking  ] GC(15) Concurrent Mark
[2026-06-17T10:02:04.364+0800][0.861s][info][gc,marking  ] GC(15) Concurrent Mark From Roots
[2026-06-17T10:02:04.364+0800][0.861s][info][gc,task     ] GC(15) Using 5 workers of 5 for marking
[2026-06-17T10:02:04.366+0800][0.863s][info][gc,marking  ] GC(15) Concurrent Mark From Roots 1.866ms
[2026-06-17T10:02:04.366+0800][0.863s][info][gc,marking  ] GC(15) Concurrent Preclean
[2026-06-17T10:02:04.366+0800][0.863s][info][gc,marking  ] GC(15) Concurrent Preclean 0.343ms
[2026-06-17T10:02:04.367+0800][0.864s][info][gc,start    ] GC(15) Pause Remark
[2026-06-17T10:02:04.368+0800][0.864s][info][gc          ] GC(15) Pause Remark 41M->31M(64M) 0.768ms
[2026-06-17T10:02:04.368+0800][0.865s][info][gc,cpu      ] GC(15) User=0.00s Sys=0.00s Real=0.00s
[2026-06-17T10:02:04.368+0800][0.865s][info][gc,marking  ] GC(15) Concurrent Mark 4.922ms
[2026-06-17T10:02:04.369+0800][0.866s][info][gc,marking  ] GC(15) Concurrent Rebuild Remembered Sets and Scrub Regions
[2026-06-17T10:02:04.370+0800][0.866s][info][gc,marking  ] GC(15) Concurrent Rebuild Remembered Sets and Scrub Regions 0.854ms
[2026-06-17T10:02:04.370+0800][0.867s][info][gc,start    ] GC(15) Pause Cleanup
[2026-06-17T10:02:04.371+0800][0.867s][info][gc          ] GC(15) Pause Cleanup 31M->31M(64M) 0.464ms
[2026-06-17T10:02:04.371+0800][0.868s][info][gc,cpu      ] GC(15) User=0.00s Sys=0.00s Real=0.01s
[2026-06-17T10:02:04.371+0800][0.868s][info][gc,marking  ] GC(15) Concurrent Clear Claimed Marks
[2026-06-17T10:02:04.372+0800][0.868s][info][gc,marking  ] GC(15) Concurrent Clear Claimed Marks 0.269ms
[2026-06-17T10:02:04.372+0800][0.869s][info][gc,marking  ] GC(15) Concurrent Cleanup for Next Mark
[2026-06-17T10:02:04.372+0800][0.869s][info][gc,marking  ] GC(15) Concurrent Cleanup for Next Mark 0.288ms
[2026-06-17T10:02:04.372+0800][0.869s][info][gc          ] GC(15) Concurrent Mark Cycle 10.622ms
[2026-06-17T10:02:04.394+0800][0.891s][info][gc,start    ] GC(16) Pause Young (Prepare Mixed) (G1 Evacuation Pause)
[2026-06-17T10:02:04.394+0800][0.891s][info][gc,task     ] GC(16) Using 2 workers of 18 for evacuation
[2026-06-17T10:02:04.396+0800][0.893s][info][gc,phases   ] GC(16)   Pre Evacuate Collection Set: 0.22ms
[2026-06-17T10:02:04.397+0800][0.894s][info][gc,phases   ] GC(16)   Merge Heap Roots: 0.12ms
[2026-06-17T10:02:04.397+0800][0.894s][info][gc,phases   ] GC(16)   Evacuate Collection Set: 0.47ms
[2026-06-17T10:02:04.398+0800][0.895s][info][gc,phases   ] GC(16)   Post Evacuate Collection Set: 0.51ms
[2026-06-17T10:02:04.398+0800][0.895s][info][gc,phases   ] GC(16)   Other: 0.52ms
[2026-06-17T10:02:04.399+0800][0.896s][info][gc,heap     ] GC(16) Eden regions: 12->0(17)
[2026-06-17T10:02:04.399+0800][0.896s][info][gc,heap     ] GC(16) Survivor regions: 3->2(2)
[2026-06-17T10:02:04.400+0800][0.897s][info][gc,heap     ] GC(16) Old regions: 19->20
[2026-06-17T10:02:04.400+0800][0.897s][info][gc,heap     ] GC(16) Humongous regions: 7->7
[2026-06-17T10:02:04.401+0800][0.898s][info][gc,metaspace] GC(16) Metaspace: 100K(320K)->100K(320K) NonClass: 92K(192K)->92K(192K) Class: 7K(128K)->7K(128K)
[2026-06-17T10:02:04.401+0800][0.898s][info][gc          ] GC(16) Pause Young (Prepare Mixed) (G1 Evacuation Pause) 40M->28M(64M) 7.431ms
[2026-06-17T10:02:04.402+0800][0.899s][info][gc,cpu      ] GC(16) User=0.01s Sys=0.00s Real=0.00s
[2026-06-17T10:02:04.445+0800][0.942s][info][gc,start    ] GC(17) Pause Young (Mixed) (G1 Evacuation Pause)
[2026-06-17T10:02:04.445+0800][0.942s][info][gc,task     ] GC(17) Using 2 workers of 18 for evacuation
[2026-06-17T10:02:04.446+0800][0.943s][info][gc,phases   ] GC(17)   Pre Evacuate Collection Set: 0.15ms
[2026-06-17T10:02:04.447+0800][0.944s][info][gc,phases   ] GC(17)   Merge Heap Roots: 0.05ms
[2026-06-17T10:02:04.447+0800][0.944s][info][gc,phases   ] GC(17)   Evacuate Collection Set: 0.53ms
[2026-06-17T10:02:04.448+0800][0.945s][info][gc,phases   ] GC(17)   Post Evacuate Collection Set: 0.18ms
[2026-06-17T10:02:04.450+0800][0.947s][info][gc,phases   ] GC(17)   Other: 0.23ms
[2026-06-17T10:02:04.451+0800][0.948s][info][gc,heap     ] GC(17) Eden regions: 17->0(17)
[2026-06-17T10:02:04.451+0800][0.948s][info][gc,heap     ] GC(17) Survivor regions: 2->3(3)
[2026-06-17T10:02:04.451+0800][0.948s][info][gc,heap     ] GC(17) Old regions: 20->19
[2026-06-17T10:02:04.452+0800][0.948s][info][gc,heap     ] GC(17) Humongous regions: 8->8
[2026-06-17T10:02:04.452+0800][0.949s][info][gc,metaspace] GC(17) Metaspace: 100K(320K)->100K(320K) NonClass: 92K(192K)->92K(192K) Class: 7K(128K)->7K(128K)
[2026-06-17T10:02:04.452+0800][0.949s][info][gc          ] GC(17) Pause Young (Mixed) (G1 Evacuation Pause) 46M->29M(64M) 6.929ms
[2026-06-17T10:02:04.452+0800][0.949s][info][gc,cpu      ] GC(17) User=0.00s Sys=0.00s Real=0.01s
[2026-06-17T10:02:04.494+0800][0.991s][info][gc,start    ] GC(18) Pause Young (Normal) (G1 Evacuation Pause)
[2026-06-17T10:02:04.494+0800][0.991s][info][gc,task     ] GC(18) Using 2 workers of 18 for evacuation
[2026-06-17T10:02:04.496+0800][0.992s][info][gc,phases   ] GC(18)   Pre Evacuate Collection Set: 0.11ms
[2026-06-17T10:02:04.496+0800][0.993s][info][gc,phases   ] GC(18)   Merge Heap Roots: 0.05ms
[2026-06-17T10:02:04.496+0800][0.993s][info][gc,phases   ] GC(18)   Evacuate Collection Set: 0.47ms
[2026-06-17T10:02:04.496+0800][0.993s][info][gc,phases   ] GC(18)   Post Evacuate Collection Set: 0.21ms
[2026-06-17T10:02:04.496+0800][0.993s][info][gc,phases   ] GC(18)   Other: 0.21ms
[2026-06-17T10:02:04.496+0800][0.993s][info][gc,heap     ] GC(18) Eden regions: 17->0(15)
[2026-06-17T10:02:04.496+0800][0.993s][info][gc,heap     ] GC(18) Survivor regions: 3->3(3)
[2026-06-17T10:02:04.496+0800][0.993s][info][gc,heap     ] GC(18) Old regions: 19->23
[2026-06-17T10:02:04.496+0800][0.993s][info][gc,heap     ] GC(18) Humongous regions: 8->8
[2026-06-17T10:02:04.497+0800][0.993s][info][gc,metaspace] GC(18) Metaspace: 100K(320K)->100K(320K) NonClass: 92K(192K)->92K(192K) Class: 7K(128K)->7K(128K)
[2026-06-17T10:02:04.497+0800][0.994s][info][gc          ] GC(18) Pause Young (Normal) (G1 Evacuation Pause) 46M->33M(64M) 2.578ms
[2026-06-17T10:02:04.497+0800][0.994s][info][gc,cpu      ] GC(18) User=0.00s Sys=0.00s Real=0.00s
[2026-06-17T10:02:04.529+0800][1.025s][info][gc,start    ] GC(19) Pause Young (Normal) (G1 Evacuation Pause)
[2026-06-17T10:02:04.529+0800][1.026s][info][gc,task     ] GC(19) Using 2 workers of 18 for evacuation
[2026-06-17T10:02:04.530+0800][1.027s][info][gc,phases   ] GC(19)   Pre Evacuate Collection Set: 0.14ms
[2026-06-17T10:02:04.531+0800][1.027s][info][gc,phases   ] GC(19)   Merge Heap Roots: 0.05ms
[2026-06-17T10:02:04.531+0800][1.028s][info][gc,phases   ] GC(19)   Evacuate Collection Set: 0.60ms
[2026-06-17T10:02:04.531+0800][1.028s][info][gc,phases   ] GC(19)   Post Evacuate Collection Set: 0.22ms
[2026-06-17T10:02:04.531+0800][1.028s][info][gc,phases   ] GC(19)   Other: 0.30ms
[2026-06-17T10:02:04.531+0800][1.028s][info][gc,heap     ] GC(19) Eden regions: 15->0(12)
[2026-06-17T10:02:04.531+0800][1.028s][info][gc,heap     ] GC(19) Survivor regions: 3->3(3)
[2026-06-17T10:02:04.532+0800][1.028s][info][gc,heap     ] GC(19) Old regions: 23->28
[2026-06-17T10:02:04.532+0800][1.029s][info][gc,heap     ] GC(19) Humongous regions: 8->8
[2026-06-17T10:02:04.532+0800][1.029s][info][gc,metaspace] GC(19) Metaspace: 100K(320K)->100K(320K) NonClass: 92K(192K)->92K(192K) Class: 7K(128K)->7K(128K)
[2026-06-17T10:02:04.532+0800][1.029s][info][gc          ] GC(19) Pause Young (Normal) (G1 Evacuation Pause) 48M->38M(64M) 3.542ms
[2026-06-17T10:02:04.532+0800][1.029s][info][gc,cpu      ] GC(19) User=0.00s Sys=0.00s Real=0.01s
[2026-06-17T10:02:04.565+0800][1.062s][info][gc,start    ] GC(20) Pause Young (Concurrent Start) (G1 Evacuation Pause)
[2026-06-17T10:02:04.566+0800][1.063s][info][gc,task     ] GC(20) Using 2 workers of 18 for evacuation
[2026-06-17T10:02:04.568+0800][1.065s][info][gc,phases   ] GC(20)   Pre Evacuate Collection Set: 0.39ms
[2026-06-17T10:02:04.569+0800][1.066s][info][gc,phases   ] GC(20)   Merge Heap Roots: 0.18ms
[2026-06-17T10:02:04.569+0800][1.066s][info][gc,phases   ] GC(20)   Evacuate Collection Set: 0.72ms
[2026-06-17T10:02:04.570+0800][1.067s][info][gc,phases   ] GC(20)   Post Evacuate Collection Set: 0.62ms
[2026-06-17T10:02:04.570+0800][1.067s][info][gc,phases   ] GC(20)   Other: 0.80ms
[2026-06-17T10:02:04.571+0800][1.068s][info][gc,heap     ] GC(20) Eden regions: 12->0(9)
[2026-06-17T10:02:04.571+0800][1.068s][info][gc,heap     ] GC(20) Survivor regions: 3->2(2)
[2026-06-17T10:02:04.572+0800][1.069s][info][gc,heap     ] GC(20) Old regions: 28->33
[2026-06-17T10:02:04.572+0800][1.069s][info][gc,heap     ] GC(20) Humongous regions: 8->8
[2026-06-17T10:02:04.573+0800][1.069s][info][gc,metaspace] GC(20) Metaspace: 100K(320K)->100K(320K) NonClass: 92K(192K)->92K(192K) Class: 7K(128K)->7K(128K)
[2026-06-17T10:02:04.575+0800][1.072s][info][gc          ] GC(20) Pause Young (Concurrent Start) (G1 Evacuation Pause) 50M->42M(64M) 10.158ms
[2026-06-17T10:02:04.575+0800][1.072s][info][gc,cpu      ] GC(20) User=0.00s Sys=0.00s Real=0.01s
[2026-06-17T10:02:04.576+0800][1.072s][info][gc          ] GC(21) Concurrent Mark Cycle
[2026-06-17T10:02:04.579+0800][1.076s][info][gc,marking  ] GC(21) Concurrent Scan Root Regions
[2026-06-17T10:02:04.579+0800][1.076s][info][gc,marking  ] GC(21) Concurrent Scan Root Regions 0.533ms
[2026-06-17T10:02:04.580+0800][1.077s][info][gc,marking  ] GC(21) Concurrent Mark
[2026-06-17T10:02:04.580+0800][1.077s][info][gc,marking  ] GC(21) Concurrent Mark From Roots
[2026-06-17T10:02:04.582+0800][1.079s][info][gc,task     ] GC(21) Using 5 workers of 5 for marking
[2026-06-17T10:02:04.584+0800][1.081s][info][gc,marking  ] GC(21) Concurrent Mark From Roots 3.566ms
[2026-06-17T10:02:04.584+0800][1.081s][info][gc,marking  ] GC(21) Concurrent Preclean
[2026-06-17T10:02:04.585+0800][1.081s][info][gc,marking  ] GC(21) Concurrent Preclean 0.339ms
[2026-06-17T10:02:04.585+0800][1.082s][info][gc,start    ] GC(21) Pause Remark
[2026-06-17T10:02:04.585+0800][1.082s][info][gc          ] GC(21) Pause Remark 43M->32M(64M) 0.619ms
[2026-06-17T10:02:04.586+0800][1.082s][info][gc,cpu      ] GC(21) User=0.00s Sys=0.00s Real=0.00s
[2026-06-17T10:02:04.586+0800][1.083s][info][gc,marking  ] GC(21) Concurrent Mark 5.969ms
[2026-06-17T10:02:04.586+0800][1.083s][info][gc,marking  ] GC(21) Concurrent Rebuild Remembered Sets and Scrub Regions
[2026-06-17T10:02:04.586+0800][1.083s][info][gc,marking  ] GC(21) Concurrent Rebuild Remembered Sets and Scrub Regions 0.537ms
[2026-06-17T10:02:04.587+0800][1.083s][info][gc,start    ] GC(21) Pause Cleanup
[2026-06-17T10:02:04.587+0800][1.084s][info][gc          ] GC(21) Pause Cleanup 35M->35M(64M) 0.207ms
[2026-06-17T10:02:04.587+0800][1.084s][info][gc,cpu      ] GC(21) User=0.00s Sys=0.00s Real=0.00s
[2026-06-17T10:02:04.587+0800][1.084s][info][gc,marking  ] GC(21) Concurrent Clear Claimed Marks
[2026-06-17T10:02:04.588+0800][1.085s][info][gc,marking  ] GC(21) Concurrent Clear Claimed Marks 1.146ms
[2026-06-17T10:02:04.588+0800][1.085s][info][gc,marking  ] GC(21) Concurrent Cleanup for Next Mark
[2026-06-17T10:02:04.589+0800][1.085s][info][gc,marking  ] GC(21) Concurrent Cleanup for Next Mark 0.225ms
[2026-06-17T10:02:04.589+0800][1.086s][info][gc          ] GC(21) Concurrent Mark Cycle 13.237ms
[2026-06-17T10:02:04.597+0800][1.094s][info][gc,start    ] GC(22) Pause Young (Prepare Mixed) (G1 Evacuation Pause)
[2026-06-17T10:02:04.597+0800][1.094s][info][gc,task     ] GC(22) Using 2 workers of 18 for evacuation
[2026-06-17T10:02:04.598+0800][1.095s][info][gc,phases   ] GC(22)   Pre Evacuate Collection Set: 0.11ms
[2026-06-17T10:02:04.598+0800][1.095s][info][gc,phases   ] GC(22)   Merge Heap Roots: 0.04ms
[2026-06-17T10:02:04.598+0800][1.095s][info][gc,phases   ] GC(22)   Evacuate Collection Set: 0.21ms
[2026-06-17T10:02:04.598+0800][1.095s][info][gc,phases   ] GC(22)   Post Evacuate Collection Set: 0.14ms
[2026-06-17T10:02:04.598+0800][1.095s][info][gc,phases   ] GC(22)   Other: 0.25ms
[2026-06-17T10:02:04.598+0800][1.095s][info][gc,heap     ] GC(22) Eden regions: 9->0(17)
[2026-06-17T10:02:04.599+0800][1.095s][info][gc,heap     ] GC(22) Survivor regions: 2->2(2)
[2026-06-17T10:02:04.599+0800][1.096s][info][gc,heap     ] GC(22) Old regions: 22->23
[2026-06-17T10:02:04.599+0800][1.096s][info][gc,heap     ] GC(22) Humongous regions: 8->8
[2026-06-17T10:02:04.599+0800][1.096s][info][gc,metaspace] GC(22) Metaspace: 100K(320K)->100K(320K) NonClass: 92K(192K)->92K(192K) Class: 7K(128K)->7K(128K)
[2026-06-17T10:02:04.599+0800][1.096s][info][gc          ] GC(22) Pause Young (Prepare Mixed) (G1 Evacuation Pause) 40M->31M(64M) 2.023ms
[2026-06-17T10:02:04.599+0800][1.096s][info][gc,cpu      ] GC(22) User=0.00s Sys=0.00s Real=0.00s
[2026-06-17T10:02:04.651+0800][1.148s][info][gc,start    ] GC(23) Pause Young (Mixed) (G1 Evacuation Pause)
[2026-06-17T10:02:04.652+0800][1.149s][info][gc,task     ] GC(23) Using 2 workers of 18 for evacuation
[2026-06-17T10:02:04.653+0800][1.150s][info][gc,phases   ] GC(23)   Pre Evacuate Collection Set: 0.15ms
[2026-06-17T10:02:04.654+0800][1.151s][info][gc,phases   ] GC(23)   Merge Heap Roots: 0.06ms
[2026-06-17T10:02:04.654+0800][1.151s][info][gc,phases   ] GC(23)   Evacuate Collection Set: 0.53ms
[2026-06-17T10:02:04.654+0800][1.151s][info][gc,phases   ] GC(23)   Post Evacuate Collection Set: 0.56ms
[2026-06-17T10:02:04.655+0800][1.152s][info][gc,phases   ] GC(23)   Other: 0.35ms
[2026-06-17T10:02:04.655+0800][1.152s][info][gc,heap     ] GC(23) Eden regions: 17->0(16)
[2026-06-17T10:02:04.655+0800][1.152s][info][gc,heap     ] GC(23) Survivor regions: 2->3(3)
[2026-06-17T10:02:04.656+0800][1.152s][info][gc,heap     ] GC(23) Old regions: 23->23
[2026-06-17T10:02:04.656+0800][1.153s][info][gc,heap     ] GC(23) Humongous regions: 9->9
[2026-06-17T10:02:04.656+0800][1.153s][info][gc,metaspace] GC(23) Metaspace: 100K(320K)->100K(320K) NonClass: 92K(192K)->92K(192K) Class: 7K(128K)->7K(128K)
[2026-06-17T10:02:04.656+0800][1.153s][info][gc          ] GC(23) Pause Young (Mixed) (G1 Evacuation Pause) 49M->34M(64M) 4.688ms
[2026-06-17T10:02:04.656+0800][1.153s][info][gc,cpu      ] GC(23) User=0.00s Sys=0.00s Real=0.00s
[2026-06-17T10:02:04.698+0800][1.195s][info][gc,start    ] GC(24) Pause Young (Normal) (G1 Evacuation Pause)
[2026-06-17T10:02:04.699+0800][1.196s][info][gc,task     ] GC(24) Using 2 workers of 18 for evacuation
[2026-06-17T10:02:04.701+0800][1.198s][info][gc,phases   ] GC(24)   Pre Evacuate Collection Set: 0.19ms
[2026-06-17T10:02:04.701+0800][1.198s][info][gc,phases   ] GC(24)   Merge Heap Roots: 0.07ms
[2026-06-17T10:02:04.702+0800][1.199s][info][gc,phases   ] GC(24)   Evacuate Collection Set: 0.64ms
[2026-06-17T10:02:04.703+0800][1.199s][info][gc,phases   ] GC(24)   Post Evacuate Collection Set: 0.55ms
[2026-06-17T10:02:04.703+0800][1.200s][info][gc,phases   ] GC(24)   Other: 0.68ms
[2026-06-17T10:02:04.703+0800][1.200s][info][gc,heap     ] GC(24) Eden regions: 16->0(14)
[2026-06-17T10:02:04.703+0800][1.200s][info][gc,heap     ] GC(24) Survivor regions: 3->3(3)
[2026-06-17T10:02:04.703+0800][1.200s][info][gc,heap     ] GC(24) Old regions: 23->26
[2026-06-17T10:02:04.703+0800][1.200s][info][gc,heap     ] GC(24) Humongous regions: 9->9
[2026-06-17T10:02:04.704+0800][1.200s][info][gc,metaspace] GC(24) Metaspace: 100K(320K)->100K(320K) NonClass: 92K(192K)->92K(192K) Class: 7K(128K)->7K(128K)
[2026-06-17T10:02:04.704+0800][1.201s][info][gc          ] GC(24) Pause Young (Normal) (G1 Evacuation Pause) 50M->37M(64M) 5.392ms
[2026-06-17T10:02:04.704+0800][1.201s][info][gc,cpu      ] GC(24) User=0.00s Sys=0.00s Real=0.01s
[2026-06-17T10:02:04.736+0800][1.233s][info][gc,start    ] GC(25) Pause Young (Concurrent Start) (G1 Evacuation Pause)
[2026-06-17T10:02:04.737+0800][1.234s][info][gc,task     ] GC(25) Using 2 workers of 18 for evacuation
[2026-06-17T10:02:04.739+0800][1.236s][info][gc,phases   ] GC(25)   Pre Evacuate Collection Set: 0.33ms
[2026-06-17T10:02:04.739+0800][1.236s][info][gc,phases   ] GC(25)   Merge Heap Roots: 0.16ms
[2026-06-17T10:02:04.740+0800][1.237s][info][gc,phases   ] GC(25)   Evacuate Collection Set: 0.69ms
[2026-06-17T10:02:04.740+0800][1.237s][info][gc,phases   ] GC(25)   Post Evacuate Collection Set: 0.40ms
[2026-06-17T10:02:04.740+0800][1.237s][info][gc,phases   ] GC(25)   Other: 0.58ms
[2026-06-17T10:02:04.741+0800][1.238s][info][gc,heap     ] GC(25) Eden regions: 14->0(11)
[2026-06-17T10:02:04.741+0800][1.238s][info][gc,heap     ] GC(25) Survivor regions: 3->3(3)
[2026-06-17T10:02:04.741+0800][1.238s][info][gc,heap     ] GC(25) Old regions: 26->29
[2026-06-17T10:02:04.741+0800][1.238s][info][gc,heap     ] GC(25) Humongous regions: 9->9
[2026-06-17T10:02:04.741+0800][1.238s][info][gc,metaspace] GC(25) Metaspace: 100K(320K)->100K(320K) NonClass: 92K(192K)->92K(192K) Class: 7K(128K)->7K(128K)
[2026-06-17T10:02:04.742+0800][1.238s][info][gc          ] GC(25) Pause Young (Concurrent Start) (G1 Evacuation Pause) 51M->40M(64M) 5.238ms
[2026-06-17T10:02:04.742+0800][1.239s][info][gc,cpu      ] GC(25) User=0.00s Sys=0.00s Real=0.00s
[2026-06-17T10:02:04.742+0800][1.239s][info][gc          ] GC(26) Concurrent Mark Cycle
[2026-06-17T10:02:04.742+0800][1.239s][info][gc,marking  ] GC(26) Concurrent Scan Root Regions
[2026-06-17T10:02:04.743+0800][1.240s][info][gc,marking  ] GC(26) Concurrent Scan Root Regions 0.390ms
[2026-06-17T10:02:04.743+0800][1.240s][info][gc,marking  ] GC(26) Concurrent Mark
[2026-06-17T10:02:04.744+0800][1.241s][info][gc,marking  ] GC(26) Concurrent Mark From Roots
[2026-06-17T10:02:04.744+0800][1.241s][info][gc,task     ] GC(26) Using 5 workers of 5 for marking
[2026-06-17T10:02:04.746+0800][1.243s][info][gc,marking  ] GC(26) Concurrent Mark From Roots 2.145ms
[2026-06-17T10:02:04.749+0800][1.246s][info][gc,marking  ] GC(26) Concurrent Preclean
[2026-06-17T10:02:04.753+0800][1.250s][info][gc,marking  ] GC(26) Concurrent Preclean 4.011ms
[2026-06-17T10:02:04.757+0800][1.254s][info][gc,start    ] GC(26) Pause Remark
[2026-06-17T10:02:04.760+0800][1.257s][info][gc          ] GC(26) Pause Remark 46M->36M(64M) 2.657ms
[2026-06-17T10:02:04.762+0800][1.259s][info][gc,cpu      ] GC(26) User=0.00s Sys=0.00s Real=0.00s
[2026-06-17T10:02:04.767+0800][1.264s][info][gc,marking  ] GC(26) Concurrent Mark 23.882ms
[2026-06-17T10:02:04.771+0800][1.267s][info][gc,marking  ] GC(26) Concurrent Rebuild Remembered Sets and Scrub Regions
[2026-06-17T10:02:04.775+0800][1.272s][info][gc,marking  ] GC(26) Concurrent Rebuild Remembered Sets and Scrub Regions 4.391ms
[2026-06-17T10:02:04.775+0800][1.272s][info][gc,start    ] GC(26) Pause Cleanup
[2026-06-17T10:02:04.780+0800][1.276s][info][gc          ] GC(26) Pause Cleanup 40M->40M(64M) 4.141ms
[2026-06-17T10:02:04.784+0800][1.281s][info][gc,cpu      ] GC(26) User=0.00s Sys=0.00s Real=0.01s
[2026-06-17T10:02:04.790+0800][1.287s][info][gc,marking  ] GC(26) Concurrent Clear Claimed Marks
[2026-06-17T10:02:04.791+0800][1.287s][info][gc,marking  ] GC(26) Concurrent Clear Claimed Marks 0.727ms
[2026-06-17T10:02:04.791+0800][1.288s][info][gc,marking  ] GC(26) Concurrent Cleanup for Next Mark
[2026-06-17T10:02:04.790+0800][1.287s][info][gc,start    ] GC(27) Pause Young (Prepare Mixed) (G1 Evacuation Pause)
[2026-06-17T10:02:04.791+0800][1.288s][info][gc,task     ] GC(27) Using 2 workers of 18 for evacuation
[2026-06-17T10:02:04.793+0800][1.289s][info][gc,phases   ] GC(27)   Pre Evacuate Collection Set: 0.11ms
[2026-06-17T10:02:04.797+0800][1.294s][info][gc,phases   ] GC(27)   Merge Heap Roots: 0.09ms
[2026-06-17T10:02:04.802+0800][1.299s][info][gc,phases   ] GC(27)   Evacuate Collection Set: 0.57ms
[2026-06-17T10:02:04.805+0800][1.302s][info][gc,phases   ] GC(27)   Post Evacuate Collection Set: 0.16ms
[2026-06-17T10:02:04.806+0800][1.303s][info][gc,phases   ] GC(27)   Other: 0.26ms
[2026-06-17T10:02:04.807+0800][1.303s][info][gc,heap     ] GC(27) Eden regions: 11->0(16)
[2026-06-17T10:02:04.807+0800][1.304s][info][gc,heap     ] GC(27) Survivor regions: 3->2(2)
[2026-06-17T10:02:04.808+0800][1.305s][info][gc,heap     ] GC(27) Old regions: 19->23
[2026-06-17T10:02:04.810+0800][1.307s][info][gc,heap     ] GC(27) Humongous regions: 9->9
[2026-06-17T10:02:04.811+0800][1.308s][info][gc,metaspace] GC(27) Metaspace: 100K(320K)->100K(320K) NonClass: 92K(192K)->92K(192K) Class: 7K(128K)->7K(128K)
[2026-06-17T10:02:04.815+0800][1.312s][info][gc          ] GC(27) Pause Young (Prepare Mixed) (G1 Evacuation Pause) 41M->33M(64M) 24.696ms
[2026-06-17T10:02:04.819+0800][1.315s][info][gc,cpu      ] GC(27) User=0.01s Sys=0.00s Real=0.03s
[2026-06-17T10:02:04.820+0800][1.316s][info][gc,marking  ] GC(26) Concurrent Cleanup for Next Mark 28.791ms
[2026-06-17T10:02:04.820+0800][1.317s][info][gc          ] GC(26) Concurrent Mark Cycle 78.663ms
[2026-06-17T10:02:04.861+0800][1.358s][info][gc,start    ] GC(28) Pause Young (Mixed) (G1 Evacuation Pause)
[2026-06-17T10:02:04.862+0800][1.359s][info][gc,task     ] GC(28) Using 2 workers of 18 for evacuation
[2026-06-17T10:02:04.863+0800][1.360s][info][gc,phases   ] GC(28)   Pre Evacuate Collection Set: 0.15ms
[2026-06-17T10:02:04.864+0800][1.360s][info][gc,phases   ] GC(28)   Merge Heap Roots: 0.06ms
[2026-06-17T10:02:04.864+0800][1.361s][info][gc,phases   ] GC(28)   Evacuate Collection Set: 0.58ms
[2026-06-17T10:02:04.864+0800][1.361s][info][gc,phases   ] GC(28)   Post Evacuate Collection Set: 0.40ms
[2026-06-17T10:02:04.864+0800][1.361s][info][gc,phases   ] GC(28)   Other: 0.23ms
[2026-06-17T10:02:04.864+0800][1.361s][info][gc,heap     ] GC(28) Eden regions: 16->0(15)
[2026-06-17T10:02:04.865+0800][1.361s][info][gc,heap     ] GC(28) Survivor regions: 2->3(3)
[2026-06-17T10:02:04.865+0800][1.362s][info][gc,heap     ] GC(28) Old regions: 23->23
[2026-06-17T10:02:04.865+0800][1.362s][info][gc,heap     ] GC(28) Humongous regions: 9->9
[2026-06-17T10:02:04.865+0800][1.362s][info][gc,metaspace] GC(28) Metaspace: 100K(320K)->100K(320K) NonClass: 92K(192K)->92K(192K) Class: 7K(128K)->7K(128K)
[2026-06-17T10:02:04.866+0800][1.362s][info][gc          ] GC(28) Pause Young (Mixed) (G1 Evacuation Pause) 49M->34M(64M) 4.038ms
[2026-06-17T10:02:04.866+0800][1.363s][info][gc,cpu      ] GC(28) User=0.00s Sys=0.00s Real=0.01s
[2026-06-17T10:02:04.897+0800][1.394s][info][gc,start    ] GC(29) Pause Young (Normal) (G1 Evacuation Pause)
[2026-06-17T10:02:04.898+0800][1.395s][info][gc,task     ] GC(29) Using 2 workers of 18 for evacuation
[2026-06-17T10:02:04.899+0800][1.396s][info][gc,phases   ] GC(29)   Pre Evacuate Collection Set: 0.14ms
[2026-06-17T10:02:04.899+0800][1.396s][info][gc,phases   ] GC(29)   Merge Heap Roots: 0.05ms
[2026-06-17T10:02:04.900+0800][1.396s][info][gc,phases   ] GC(29)   Evacuate Collection Set: 0.60ms
[2026-06-17T10:02:04.900+0800][1.397s][info][gc,phases   ] GC(29)   Post Evacuate Collection Set: 0.29ms
[2026-06-17T10:02:04.900+0800][1.397s][info][gc,phases   ] GC(29)   Other: 0.33ms
[2026-06-17T10:02:04.900+0800][1.397s][info][gc,heap     ] GC(29) Eden regions: 15->0(10)
[2026-06-17T10:02:04.900+0800][1.397s][info][gc,heap     ] GC(29) Survivor regions: 3->3(3)
[2026-06-17T10:02:04.900+0800][1.397s][info][gc,heap     ] GC(29) Old regions: 23->29
[2026-06-17T10:02:04.901+0800][1.397s][info][gc,heap     ] GC(29) Humongous regions: 10->10
[2026-06-17T10:02:04.901+0800][1.398s][info][gc,metaspace] GC(29) Metaspace: 100K(320K)->100K(320K) NonClass: 92K(192K)->92K(192K) Class: 7K(128K)->7K(128K)
[2026-06-17T10:02:04.901+0800][1.398s][info][gc          ] GC(29) Pause Young (Normal) (G1 Evacuation Pause) 50M->41M(64M) 3.358ms
[2026-06-17T10:02:04.901+0800][1.398s][info][gc,cpu      ] GC(29) User=0.00s Sys=0.00s Real=0.00s
[2026-06-17T10:02:04.933+0800][1.430s][info][gc,start    ] GC(30) Pause Young (Concurrent Start) (G1 Evacuation Pause)
[2026-06-17T10:02:04.933+0800][1.430s][info][gc,task     ] GC(30) Using 2 workers of 18 for evacuation
[2026-06-17T10:02:04.934+0800][1.431s][info][gc,phases   ] GC(30)   Pre Evacuate Collection Set: 0.18ms
[2026-06-17T10:02:04.934+0800][1.431s][info][gc,phases   ] GC(30)   Merge Heap Roots: 0.06ms
[2026-06-17T10:02:04.934+0800][1.431s][info][gc,phases   ] GC(30)   Evacuate Collection Set: 0.40ms
[2026-06-17T10:02:04.935+0800][1.432s][info][gc,phases   ] GC(30)   Post Evacuate Collection Set: 0.16ms
[2026-06-17T10:02:04.935+0800][1.432s][info][gc,phases   ] GC(30)   Other: 0.28ms
[2026-06-17T10:02:04.935+0800][1.432s][info][gc,heap     ] GC(30) Eden regions: 10->0(9)
[2026-06-17T10:02:04.936+0800][1.432s][info][gc,heap     ] GC(30) Survivor regions: 3->2(2)
[2026-06-17T10:02:04.936+0800][1.433s][info][gc,heap     ] GC(30) Old regions: 29->32
[2026-06-17T10:02:04.936+0800][1.433s][info][gc,heap     ] GC(30) Humongous regions: 10->10
[2026-06-17T10:02:04.936+0800][1.433s][info][gc,metaspace] GC(30) Metaspace: 101K(320K)->101K(320K) NonClass: 93K(192K)->93K(192K) Class: 7K(128K)->7K(128K)
[2026-06-17T10:02:04.936+0800][1.433s][info][gc          ] GC(30) Pause Young (Concurrent Start) (G1 Evacuation Pause) 51M->43M(64M) 3.271ms
[2026-06-17T10:02:04.936+0800][1.433s][info][gc,cpu      ] GC(30) User=0.01s Sys=0.00s Real=0.00s
[2026-06-17T10:02:04.936+0800][1.433s][info][gc          ] GC(31) Concurrent Mark Cycle
[2026-06-17T10:02:04.936+0800][1.433s][info][gc,marking  ] GC(31) Concurrent Scan Root Regions
[2026-06-17T10:02:04.937+0800][1.434s][info][gc,marking  ] GC(31) Concurrent Scan Root Regions 0.687ms
[2026-06-17T10:02:04.937+0800][1.434s][info][gc,marking  ] GC(31) Concurrent Mark
[2026-06-17T10:02:04.937+0800][1.434s][info][gc,marking  ] GC(31) Concurrent Mark From Roots
[2026-06-17T10:02:04.937+0800][1.434s][info][gc,task     ] GC(31) Using 5 workers of 5 for marking
[2026-06-17T10:02:04.939+0800][1.436s][info][gc,marking  ] GC(31) Concurrent Mark From Roots 1.455ms
[2026-06-17T10:02:04.939+0800][1.436s][info][gc,marking  ] GC(31) Concurrent Preclean
[2026-06-17T10:02:04.939+0800][1.436s][info][gc,marking  ] GC(31) Concurrent Preclean 0.122ms
[2026-06-17T10:02:04.939+0800][1.436s][info][gc,start    ] GC(31) Pause Remark
[2026-06-17T10:02:04.939+0800][1.436s][info][gc          ] GC(31) Pause Remark 45M->34M(64M) 0.384ms
[2026-06-17T10:02:04.940+0800][1.436s][info][gc,cpu      ] GC(31) User=0.00s Sys=0.00s Real=0.00s
[2026-06-17T10:02:04.940+0800][1.437s][info][gc,marking  ] GC(31) Concurrent Mark 2.575ms
[2026-06-17T10:02:04.940+0800][1.437s][info][gc,marking  ] GC(31) Concurrent Rebuild Remembered Sets and Scrub Regions
[2026-06-17T10:02:04.940+0800][1.437s][info][gc,marking  ] GC(31) Concurrent Rebuild Remembered Sets and Scrub Regions 0.438ms
[2026-06-17T10:02:04.941+0800][1.437s][info][gc,start    ] GC(31) Pause Cleanup
[2026-06-17T10:02:04.941+0800][1.438s][info][gc          ] GC(31) Pause Cleanup 34M->34M(64M) 0.134ms
[2026-06-17T10:02:04.941+0800][1.438s][info][gc,cpu      ] GC(31) User=0.00s Sys=0.00s Real=0.00s
[2026-06-17T10:02:04.941+0800][1.438s][info][gc,marking  ] GC(31) Concurrent Clear Claimed Marks
[2026-06-17T10:02:04.941+0800][1.438s][info][gc,marking  ] GC(31) Concurrent Clear Claimed Marks 0.067ms
[2026-06-17T10:02:04.941+0800][1.438s][info][gc,marking  ] GC(31) Concurrent Cleanup for Next Mark
[2026-06-17T10:02:04.942+0800][1.438s][info][gc,marking  ] GC(31) Concurrent Cleanup for Next Mark 0.232ms
[2026-06-17T10:02:04.942+0800][1.439s][info][gc          ] GC(31) Concurrent Mark Cycle 5.639ms
[2026-06-17T10:02:04.957+0800][1.454s][info][gc,start    ] GC(32) Pause Young (Prepare Mixed) (G1 Evacuation Pause)
[2026-06-17T10:02:04.959+0800][1.456s][info][gc,task     ] GC(32) Using 2 workers of 18 for evacuation
[2026-06-17T10:02:04.960+0800][1.457s][info][gc,phases   ] GC(32)   Pre Evacuate Collection Set: 0.20ms
[2026-06-17T10:02:04.989+0800][1.486s][info][gc,phases   ] GC(32)   Merge Heap Roots: 0.07ms
[2026-06-17T10:02:04.990+0800][1.487s][info][gc,phases   ] GC(32)   Evacuate Collection Set: 0.19ms
[2026-06-17T10:02:04.991+0800][1.488s][info][gc,phases   ] GC(32)   Post Evacuate Collection Set: 0.29ms
[2026-06-17T10:02:04.991+0800][1.488s][info][gc,phases   ] GC(32)   Other: 0.37ms
[2026-06-17T10:02:04.991+0800][1.488s][info][gc,heap     ] GC(32) Eden regions: 9->0(19)
[2026-06-17T10:02:04.992+0800][1.488s][info][gc,heap     ] GC(32) Survivor regions: 2->1(2)
[2026-06-17T10:02:04.992+0800][1.489s][info][gc,heap     ] GC(32) Old regions: 21->22
[2026-06-17T10:02:04.992+0800][1.489s][info][gc,heap     ] GC(32) Humongous regions: 10->10
[2026-06-17T10:02:04.992+0800][1.489s][info][gc,metaspace] GC(32) Metaspace: 102K(320K)->102K(320K) NonClass: 95K(192K)->95K(192K) Class: 7K(128K)->7K(128K)
[2026-06-17T10:02:04.993+0800][1.489s][info][gc          ] GC(32) Pause Young (Prepare Mixed) (G1 Evacuation Pause) 41M->32M(64M) 35.190ms
[2026-06-17T10:02:04.993+0800][1.490s][info][gc,cpu      ] GC(32) User=0.00s Sys=0.00s Real=0.04s
[2026-06-17T10:02:05.045+0800][1.542s][info][gc,start    ] GC(33) Pause Young (Mixed) (G1 Evacuation Pause)
[2026-06-17T10:02:05.046+0800][1.542s][info][gc,task     ] GC(33) Using 2 workers of 18 for evacuation
[2026-06-17T10:02:05.047+0800][1.543s][info][gc,phases   ] GC(33)   Pre Evacuate Collection Set: 0.12ms
[2026-06-17T10:02:05.047+0800][1.544s][info][gc,phases   ] GC(33)   Merge Heap Roots: 0.04ms
[2026-06-17T10:02:05.047+0800][1.544s][info][gc,phases   ] GC(33)   Evacuate Collection Set: 0.51ms
[2026-06-17T10:02:05.047+0800][1.544s][info][gc,phases   ] GC(33)   Post Evacuate Collection Set: 0.22ms
[2026-06-17T10:02:05.047+0800][1.544s][info][gc,phases   ] GC(33)   Other: 0.14ms
[2026-06-17T10:02:05.047+0800][1.544s][info][gc,heap     ] GC(33) Eden regions: 19->0(17)
[2026-06-17T10:02:05.047+0800][1.544s][info][gc,heap     ] GC(33) Survivor regions: 1->3(3)
[2026-06-17T10:02:05.047+0800][1.544s][info][gc,heap     ] GC(33) Old regions: 22->21
[2026-06-17T10:02:05.048+0800][1.544s][info][gc,heap     ] GC(33) Humongous regions: 10->10
[2026-06-17T10:02:05.048+0800][1.545s][info][gc,metaspace] GC(33) Metaspace: 102K(320K)->102K(320K) NonClass: 95K(192K)->95K(192K) Class: 7K(128K)->7K(128K)
[2026-06-17T10:02:05.048+0800][1.545s][info][gc          ] GC(33) Pause Young (Mixed) (G1 Evacuation Pause) 51M->33M(64M) 2.569ms
[2026-06-17T10:02:05.048+0800][1.545s][info][gc,cpu      ] GC(33) User=0.00s Sys=0.00s Real=0.00s
[2026-06-17T10:02:05.091+0800][1.588s][info][gc,start    ] GC(34) Pause Young (Normal) (G1 Evacuation Pause)
[2026-06-17T10:02:05.092+0800][1.589s][info][gc,task     ] GC(34) Using 2 workers of 18 for evacuation
[2026-06-17T10:02:05.095+0800][1.592s][info][gc,phases   ] GC(34)   Pre Evacuate Collection Set: 0.24ms
[2026-06-17T10:02:05.096+0800][1.593s][info][gc,phases   ] GC(34)   Merge Heap Roots: 0.12ms
[2026-06-17T10:02:05.097+0800][1.594s][info][gc,phases   ] GC(34)   Evacuate Collection Set: 0.85ms
[2026-06-17T10:02:05.099+0800][1.595s][info][gc,phases   ] GC(34)   Post Evacuate Collection Set: 0.73ms
[2026-06-17T10:02:05.100+0800][1.597s][info][gc,phases   ] GC(34)   Other: 0.67ms
[2026-06-17T10:02:05.104+0800][1.601s][info][gc,heap     ] GC(34) Eden regions: 17->0(12)
[2026-06-17T10:02:05.108+0800][1.605s][info][gc,heap     ] GC(34) Survivor regions: 3->3(3)
[2026-06-17T10:02:05.110+0800][1.607s][info][gc,heap     ] GC(34) Old regions: 21->26
[2026-06-17T10:02:05.111+0800][1.608s][info][gc,heap     ] GC(34) Humongous regions: 10->10
[2026-06-17T10:02:05.112+0800][1.609s][info][gc,metaspace] GC(34) Metaspace: 102K(320K)->102K(320K) NonClass: 95K(192K)->95K(192K) Class: 7K(128K)->7K(128K)
[2026-06-17T10:02:05.114+0800][1.611s][info][gc          ] GC(34) Pause Young (Normal) (G1 Evacuation Pause) 50M->38M(64M) 23.569ms
[2026-06-17T10:02:05.116+0800][1.613s][info][gc,cpu      ] GC(34) User=0.00s Sys=0.00s Real=0.02s
[2026-06-17T10:02:05.151+0800][1.647s][info][gc,start    ] GC(35) Pause Young (Concurrent Start) (G1 Evacuation Pause)
[2026-06-17T10:02:05.153+0800][1.650s][info][gc,task     ] GC(35) Using 2 workers of 18 for evacuation
[2026-06-17T10:02:05.155+0800][1.652s][info][gc,phases   ] GC(35)   Pre Evacuate Collection Set: 0.38ms
[2026-06-17T10:02:05.158+0800][1.655s][info][gc,phases   ] GC(35)   Merge Heap Roots: 0.07ms
[2026-06-17T10:02:05.160+0800][1.657s][info][gc,phases   ] GC(35)   Evacuate Collection Set: 0.52ms
[2026-06-17T10:02:05.162+0800][1.658s][info][gc,phases   ] GC(35)   Post Evacuate Collection Set: 0.20ms
[2026-06-17T10:02:05.165+0800][1.662s][info][gc,phases   ] GC(35)   Other: 0.89ms
[2026-06-17T10:02:05.170+0800][1.666s][info][gc,heap     ] GC(35) Eden regions: 12->0(9)
[2026-06-17T10:02:05.172+0800][1.669s][info][gc,heap     ] GC(35) Survivor regions: 3->2(2)
[2026-06-17T10:02:05.172+0800][1.669s][info][gc,heap     ] GC(35) Old regions: 26->31
[2026-06-17T10:02:05.174+0800][1.670s][info][gc,heap     ] GC(35) Humongous regions: 12->12
[2026-06-17T10:02:05.174+0800][1.671s][info][gc,metaspace] GC(35) Metaspace: 102K(320K)->102K(320K) NonClass: 95K(192K)->95K(192K) Class: 7K(128K)->7K(128K)
[2026-06-17T10:02:05.174+0800][1.671s][info][gc          ] GC(35) Pause Young (Concurrent Start) (G1 Evacuation Pause) 52M->44M(64M) 23.712ms
[2026-06-17T10:02:05.175+0800][1.672s][info][gc,cpu      ] GC(35) User=0.01s Sys=0.00s Real=0.02s
[2026-06-17T10:02:05.175+0800][1.672s][info][gc          ] GC(36) Concurrent Mark Cycle
[2026-06-17T10:02:05.176+0800][1.673s][info][gc,marking  ] GC(36) Concurrent Scan Root Regions
[2026-06-17T10:02:05.178+0800][1.675s][info][gc,marking  ] GC(36) Concurrent Scan Root Regions 2.202ms
[2026-06-17T10:02:05.182+0800][1.679s][info][gc,marking  ] GC(36) Concurrent Mark
[2026-06-17T10:02:05.184+0800][1.681s][info][gc,marking  ] GC(36) Concurrent Mark From Roots
[2026-06-17T10:02:05.185+0800][1.682s][info][gc,task     ] GC(36) Using 5 workers of 5 for marking
[2026-06-17T10:02:05.189+0800][1.685s][info][gc,marking  ] GC(36) Concurrent Mark From Roots 4.185ms
[2026-06-17T10:02:05.189+0800][1.686s][info][gc,marking  ] GC(36) Concurrent Preclean
[2026-06-17T10:02:05.192+0800][1.689s][info][gc,marking  ] GC(36) Concurrent Preclean 2.547ms
[2026-06-17T10:02:05.192+0800][1.689s][info][gc,start    ] GC(36) Pause Remark
[2026-06-17T10:02:05.194+0800][1.691s][info][gc          ] GC(36) Pause Remark 50M->50M(64M) 1.680ms
[2026-06-17T10:02:05.195+0800][1.692s][info][gc,cpu      ] GC(36) User=0.00s Sys=0.00s Real=0.00s
[2026-06-17T10:02:05.198+0800][1.694s][info][gc,marking  ] GC(36) Concurrent Mark 15.882ms
[2026-06-17T10:02:05.199+0800][1.696s][info][gc,marking  ] GC(36) Concurrent Rebuild Remembered Sets and Scrub Regions
[2026-06-17T10:02:05.198+0800][1.695s][info][gc,start    ] GC(37) Pause Young (Normal) (G1 Evacuation Pause)
[2026-06-17T10:02:05.200+0800][1.697s][info][gc,task     ] GC(37) Using 2 workers of 18 for evacuation
[2026-06-17T10:02:05.201+0800][1.698s][info][gc,phases   ] GC(37)   Pre Evacuate Collection Set: 0.13ms
[2026-06-17T10:02:05.201+0800][1.698s][info][gc,phases   ] GC(37)   Merge Heap Roots: 0.05ms
[2026-06-17T10:02:05.202+0800][1.699s][info][gc,phases   ] GC(37)   Evacuate Collection Set: 0.66ms
[2026-06-17T10:02:05.202+0800][1.699s][info][gc,phases   ] GC(37)   Post Evacuate Collection Set: 0.34ms
[2026-06-17T10:02:05.202+0800][1.699s][info][gc,phases   ] GC(37)   Other: 0.29ms
[2026-06-17T10:02:05.202+0800][1.699s][info][gc,heap     ] GC(37) Eden regions: 9->0(5)
[2026-06-17T10:02:05.202+0800][1.699s][info][gc,heap     ] GC(37) Survivor regions: 2->2(2)
[2026-06-17T10:02:05.203+0800][1.700s][info][gc,heap     ] GC(37) Old regions: 31->36
[2026-06-17T10:02:05.203+0800][1.700s][info][gc,heap     ] GC(37) Humongous regions: 12->12
[2026-06-17T10:02:05.203+0800][1.700s][info][gc,metaspace] GC(37) Metaspace: 102K(320K)->102K(320K) NonClass: 95K(192K)->95K(192K) Class: 7K(128K)->7K(128K)
[2026-06-17T10:02:05.203+0800][1.700s][info][gc          ] GC(37) Pause Young (Normal) (G1 Evacuation Pause) 53M->49M(64M) 5.277ms
[2026-06-17T10:02:05.203+0800][1.700s][info][gc,cpu      ] GC(37) User=0.01s Sys=0.00s Real=0.01s
[2026-06-17T10:02:05.204+0800][1.701s][info][gc,marking  ] GC(36) Concurrent Rebuild Remembered Sets and Scrub Regions 4.952ms
[2026-06-17T10:02:05.204+0800][1.701s][info][gc,start    ] GC(36) Pause Cleanup
[2026-06-17T10:02:05.204+0800][1.701s][info][gc          ] GC(36) Pause Cleanup 49M->49M(64M) 0.186ms
[2026-06-17T10:02:05.205+0800][1.701s][info][gc,cpu      ] GC(36) User=0.00s Sys=0.00s Real=0.00s
[2026-06-17T10:02:05.205+0800][1.702s][info][gc,marking  ] GC(36) Concurrent Clear Claimed Marks
[2026-06-17T10:02:05.205+0800][1.702s][info][gc,marking  ] GC(36) Concurrent Clear Claimed Marks 0.171ms
[2026-06-17T10:02:05.205+0800][1.702s][info][gc,marking  ] GC(36) Concurrent Cleanup for Next Mark
[2026-06-17T10:02:05.205+0800][1.702s][info][gc,marking  ] GC(36) Concurrent Cleanup for Next Mark 0.204ms
[2026-06-17T10:02:05.205+0800][1.702s][info][gc          ] GC(36) Concurrent Mark Cycle 30.510ms
[2026-06-17T10:02:05.214+0800][1.711s][info][gc,start    ] GC(38) Pause Young (Prepare Mixed) (G1 Evacuation Pause)
[2026-06-17T10:02:05.215+0800][1.711s][info][gc,task     ] GC(38) Using 2 workers of 18 for evacuation
[2026-06-17T10:02:05.216+0800][1.712s][info][gc,phases   ] GC(38)   Pre Evacuate Collection Set: 0.22ms
[2026-06-17T10:02:05.216+0800][1.713s][info][gc,phases   ] GC(38)   Merge Heap Roots: 0.09ms
[2026-06-17T10:02:05.216+0800][1.713s][info][gc,phases   ] GC(38)   Evacuate Collection Set: 0.24ms
[2026-06-17T10:02:05.216+0800][1.713s][info][gc,phases   ] GC(38)   Post Evacuate Collection Set: 0.22ms
[2026-06-17T10:02:05.216+0800][1.713s][info][gc,phases   ] GC(38)   Other: 0.23ms
[2026-06-17T10:02:05.216+0800][1.713s][info][gc,heap     ] GC(38) Eden regions: 5->0(6)
[2026-06-17T10:02:05.217+0800][1.713s][info][gc,heap     ] GC(38) Survivor regions: 2->1(1)
[2026-06-17T10:02:05.217+0800][1.714s][info][gc,heap     ] GC(38) Old regions: 36->37
[2026-06-17T10:02:05.217+0800][1.714s][info][gc,heap     ] GC(38) Humongous regions: 12->12
[2026-06-17T10:02:05.217+0800][1.714s][info][gc,metaspace] GC(38) Metaspace: 102K(320K)->102K(320K) NonClass: 95K(192K)->95K(192K) Class: 7K(128K)->7K(128K)
[2026-06-17T10:02:05.217+0800][1.714s][info][gc          ] GC(38) Pause Young (Prepare Mixed) (G1 Evacuation Pause) 54M->49M(64M) 2.774ms
[2026-06-17T10:02:05.217+0800][1.714s][info][gc,cpu      ] GC(38) User=0.00s Sys=0.00s Real=0.00s
[2026-06-17T10:02:05.238+0800][1.735s][info][gc,start    ] GC(39) Pause Young (Mixed) (G1 Evacuation Pause)
[2026-06-17T10:02:05.239+0800][1.736s][info][gc,task     ] GC(39) Using 2 workers of 18 for evacuation
[2026-06-17T10:02:05.241+0800][1.737s][info][gc,phases   ] GC(39)   Pre Evacuate Collection Set: 0.29ms
[2026-06-17T10:02:05.241+0800][1.738s][info][gc,phases   ] GC(39)   Merge Heap Roots: 0.12ms
[2026-06-17T10:02:05.241+0800][1.738s][info][gc,phases   ] GC(39)   Evacuate Collection Set: 0.71ms
[2026-06-17T10:02:05.241+0800][1.738s][info][gc,phases   ] GC(39)   Post Evacuate Collection Set: 0.34ms
[2026-06-17T10:02:05.242+0800][1.739s][info][gc,phases   ] GC(39)   Other: 0.43ms
[2026-06-17T10:02:05.242+0800][1.739s][info][gc,heap     ] GC(39) Eden regions: 6->0(7)
[2026-06-17T10:02:05.242+0800][1.739s][info][gc,heap     ] GC(39) Survivor regions: 1->1(1)
[2026-06-17T10:02:05.242+0800][1.739s][info][gc,heap     ] GC(39) Old regions: 37->34
[2026-06-17T10:02:05.243+0800][1.740s][info][gc,heap     ] GC(39) Humongous regions: 12->12
[2026-06-17T10:02:05.243+0800][1.740s][info][gc,metaspace] GC(39) Metaspace: 102K(320K)->102K(320K) NonClass: 95K(192K)->95K(192K) Class: 7K(128K)->7K(128K)
[2026-06-17T10:02:05.243+0800][1.740s][info][gc          ] GC(39) Pause Young (Mixed) (G1 Evacuation Pause) 55M->46M(64M) 5.116ms
[2026-06-17T10:02:05.244+0800][1.740s][info][gc,cpu      ] GC(39) User=0.00s Sys=0.00s Real=0.01s
[2026-06-17T10:02:05.255+0800][1.752s][info][gc,start    ] GC(40) Pause Young (Mixed) (G1 Evacuation Pause)
[2026-06-17T10:02:05.255+0800][1.752s][info][gc,task     ] GC(40) Using 2 workers of 18 for evacuation
[2026-06-17T10:02:05.257+0800][1.754s][info][gc,phases   ] GC(40)   Pre Evacuate Collection Set: 0.23ms
[2026-06-17T10:02:05.258+0800][1.754s][info][gc,phases   ] GC(40)   Merge Heap Roots: 0.15ms
[2026-06-17T10:02:05.258+0800][1.755s][info][gc,phases   ] GC(40)   Evacuate Collection Set: 0.45ms
[2026-06-17T10:02:05.258+0800][1.755s][info][gc,phases   ] GC(40)   Post Evacuate Collection Set: 0.39ms
[2026-06-17T10:02:05.258+0800][1.755s][info][gc,phases   ] GC(40)   Other: 0.61ms
[2026-06-17T10:02:05.259+0800][1.755s][info][gc,heap     ] GC(40) Eden regions: 7->0(9)
[2026-06-17T10:02:05.259+0800][1.756s][info][gc,heap     ] GC(40) Survivor regions: 1->1(1)
[2026-06-17T10:02:05.259+0800][1.756s][info][gc,heap     ] GC(40) Old regions: 34->33
[2026-06-17T10:02:05.259+0800][1.756s][info][gc,heap     ] GC(40) Humongous regions: 12->12
[2026-06-17T10:02:05.259+0800][1.756s][info][gc,metaspace] GC(40) Metaspace: 102K(320K)->102K(320K) NonClass: 95K(192K)->95K(192K) Class: 7K(128K)->7K(128K)
[2026-06-17T10:02:05.260+0800][1.757s][info][gc          ] GC(40) Pause Young (Mixed) (G1 Evacuation Pause) 53M->45M(64M) 4.853ms
[2026-06-17T10:02:05.260+0800][1.757s][info][gc,cpu      ] GC(40) User=0.00s Sys=0.00s Real=0.00s
[2026-06-17T10:02:05.292+0800][1.789s][info][gc,start    ] GC(41) Pause Young (Normal) (G1 Evacuation Pause)
[2026-06-17T10:02:05.293+0800][1.790s][info][gc,task     ] GC(41) Using 2 workers of 18 for evacuation
[2026-06-17T10:02:05.295+0800][1.792s][info][gc,phases   ] GC(41)   Pre Evacuate Collection Set: 0.31ms
[2026-06-17T10:02:05.295+0800][1.792s][info][gc,phases   ] GC(41)   Merge Heap Roots: 0.12ms
[2026-06-17T10:02:05.296+0800][1.792s][info][gc,phases   ] GC(41)   Evacuate Collection Set: 0.52ms
[2026-06-17T10:02:05.296+0800][1.793s][info][gc,phases   ] GC(41)   Post Evacuate Collection Set: 0.52ms
[2026-06-17T10:02:05.296+0800][1.793s][info][gc,phases   ] GC(41)   Other: 0.55ms
[2026-06-17T10:02:05.296+0800][1.793s][info][gc,heap     ] GC(41) Eden regions: 9->0(7)
[2026-06-17T10:02:05.297+0800][1.794s][info][gc,heap     ] GC(41) Survivor regions: 1->2(2)
[2026-06-17T10:02:05.297+0800][1.794s][info][gc,heap     ] GC(41) Old regions: 33->35
[2026-06-17T10:02:05.297+0800][1.794s][info][gc,heap     ] GC(41) Humongous regions: 12->12
[2026-06-17T10:02:05.297+0800][1.794s][info][gc,metaspace] GC(41) Metaspace: 102K(320K)->102K(320K) NonClass: 95K(192K)->95K(192K) Class: 7K(128K)->7K(128K)
[2026-06-17T10:02:05.297+0800][1.794s][info][gc          ] GC(41) Pause Young (Normal) (G1 Evacuation Pause) 54M->48M(64M) 5.299ms
[2026-06-17T10:02:05.298+0800][1.794s][info][gc,cpu      ] GC(41) User=0.01s Sys=0.00s Real=0.00s
[2026-06-17T10:02:05.309+0800][1.806s][info][gc,start    ] GC(42) Pause Young (Concurrent Start) (G1 Evacuation Pause)
[2026-06-17T10:02:05.309+0800][1.806s][info][gc,task     ] GC(42) Using 2 workers of 18 for evacuation
[2026-06-17T10:02:05.311+0800][1.808s][info][gc,phases   ] GC(42)   Pre Evacuate Collection Set: 0.19ms
[2026-06-17T10:02:05.311+0800][1.808s][info][gc,phases   ] GC(42)   Merge Heap Roots: 0.15ms
[2026-06-17T10:02:05.311+0800][1.808s][info][gc,phases   ] GC(42)   Evacuate Collection Set: 0.58ms
[2026-06-17T10:02:05.312+0800][1.809s][info][gc,phases   ] GC(42)   Post Evacuate Collection Set: 0.32ms
[2026-06-17T10:02:05.312+0800][1.809s][info][gc,phases   ] GC(42)   Other: 0.43ms
[2026-06-17T10:02:05.312+0800][1.809s][info][gc,heap     ] GC(42) Eden regions: 7->0(3)
[2026-06-17T10:02:05.312+0800][1.809s][info][gc,heap     ] GC(42) Survivor regions: 2->2(2)
[2026-06-17T10:02:05.312+0800][1.809s][info][gc,heap     ] GC(42) Old regions: 35->40
[2026-06-17T10:02:05.312+0800][1.809s][info][gc,heap     ] GC(42) Humongous regions: 12->12
[2026-06-17T10:02:05.312+0800][1.809s][info][gc,metaspace] GC(42) Metaspace: 102K(320K)->102K(320K) NonClass: 95K(192K)->95K(192K) Class: 7K(128K)->7K(128K)
[2026-06-17T10:02:05.313+0800][1.810s][info][gc          ] GC(42) Pause Young (Concurrent Start) (G1 Evacuation Pause) 55M->53M(64M) 3.667ms
[2026-06-17T10:02:05.313+0800][1.810s][info][gc,cpu      ] GC(42) User=0.00s Sys=0.00s Real=0.01s
[2026-06-17T10:02:05.313+0800][1.810s][info][gc          ] GC(43) Concurrent Mark Cycle
[2026-06-17T10:02:05.313+0800][1.810s][info][gc,marking  ] GC(43) Concurrent Scan Root Regions
[2026-06-17T10:02:05.314+0800][1.810s][info][gc,marking  ] GC(43) Concurrent Scan Root Regions 0.290ms
[2026-06-17T10:02:05.314+0800][1.811s][info][gc,marking  ] GC(43) Concurrent Mark
[2026-06-17T10:02:05.314+0800][1.811s][info][gc,marking  ] GC(43) Concurrent Mark From Roots
[2026-06-17T10:02:05.314+0800][1.811s][info][gc,task     ] GC(43) Using 5 workers of 5 for marking
[2026-06-17T10:02:05.315+0800][1.812s][info][gc,marking  ] GC(43) Concurrent Mark From Roots 1.581ms
[2026-06-17T10:02:05.316+0800][1.812s][info][gc,marking  ] GC(43) Concurrent Preclean
[2026-06-17T10:02:05.316+0800][1.812s][info][gc,marking  ] GC(43) Concurrent Preclean 0.104ms
[2026-06-17T10:02:05.316+0800][1.813s][info][gc,start    ] GC(43) Pause Remark
[2026-06-17T10:02:05.316+0800][1.813s][info][gc          ] GC(43) Pause Remark 54M->45M(64M) 0.348ms
[2026-06-17T10:02:05.316+0800][1.813s][info][gc,cpu      ] GC(43) User=0.00s Sys=0.00s Real=0.00s
[2026-06-17T10:02:05.316+0800][1.813s][info][gc,marking  ] GC(43) Concurrent Mark 2.699ms
[2026-06-17T10:02:05.317+0800][1.814s][info][gc,marking  ] GC(43) Concurrent Rebuild Remembered Sets and Scrub Regions
[2026-06-17T10:02:05.318+0800][1.814s][info][gc,marking  ] GC(43) Concurrent Rebuild Remembered Sets and Scrub Regions 0.492ms
[2026-06-17T10:02:05.318+0800][1.815s][info][gc,start    ] GC(43) Pause Cleanup
[2026-06-17T10:02:05.318+0800][1.815s][info][gc          ] GC(43) Pause Cleanup 45M->45M(64M) 0.146ms
[2026-06-17T10:02:05.318+0800][1.815s][info][gc,cpu      ] GC(43) User=0.00s Sys=0.00s Real=0.00s
[2026-06-17T10:02:05.318+0800][1.815s][info][gc,marking  ] GC(43) Concurrent Clear Claimed Marks
[2026-06-17T10:02:05.318+0800][1.815s][info][gc,marking  ] GC(43) Concurrent Clear Claimed Marks 0.104ms
[2026-06-17T10:02:05.318+0800][1.815s][info][gc,marking  ] GC(43) Concurrent Cleanup for Next Mark
[2026-06-17T10:02:05.318+0800][1.815s][info][gc,marking  ] GC(43) Concurrent Cleanup for Next Mark 0.178ms
[2026-06-17T10:02:05.319+0800][1.815s][info][gc          ] GC(43) Concurrent Mark Cycle 5.766ms
[2026-06-17T10:02:05.324+0800][1.820s][info][gc,start    ] GC(44) Pause Young (Prepare Mixed) (G1 Evacuation Pause)
[2026-06-17T10:02:05.324+0800][1.821s][info][gc,task     ] GC(44) Using 2 workers of 18 for evacuation
[2026-06-17T10:02:05.325+0800][1.822s][info][gc,phases   ] GC(44)   Pre Evacuate Collection Set: 0.27ms
[2026-06-17T10:02:05.325+0800][1.822s][info][gc,phases   ] GC(44)   Merge Heap Roots: 0.04ms
[2026-06-17T10:02:05.325+0800][1.822s][info][gc,phases   ] GC(44)   Evacuate Collection Set: 0.36ms
[2026-06-17T10:02:05.325+0800][1.822s][info][gc,phases   ] GC(44)   Post Evacuate Collection Set: 0.20ms
[2026-06-17T10:02:05.326+0800][1.822s][info][gc,phases   ] GC(44)   Other: 0.28ms
[2026-06-17T10:02:05.326+0800][1.823s][info][gc,heap     ] GC(44) Eden regions: 3->0(6)
[2026-06-17T10:02:05.326+0800][1.823s][info][gc,heap     ] GC(44) Survivor regions: 2->1(1)
[2026-06-17T10:02:05.326+0800][1.823s][info][gc,heap     ] GC(44) Old regions: 31->34
[2026-06-17T10:02:05.326+0800][1.823s][info][gc,heap     ] GC(44) Humongous regions: 12->12
[2026-06-17T10:02:05.326+0800][1.823s][info][gc,metaspace] GC(44) Metaspace: 102K(320K)->102K(320K) NonClass: 95K(192K)->95K(192K) Class: 7K(128K)->7K(128K)
[2026-06-17T10:02:05.326+0800][1.823s][info][gc          ] GC(44) Pause Young (Prepare Mixed) (G1 Evacuation Pause) 47M->46M(64M) 2.540ms
[2026-06-17T10:02:05.326+0800][1.823s][info][gc,cpu      ] GC(44) User=0.00s Sys=0.00s Real=0.00s
[2026-06-17T10:02:05.337+0800][1.834s][info][gc,start    ] GC(45) Pause Young (Mixed) (G1 Evacuation Pause)
[2026-06-17T10:02:05.338+0800][1.834s][info][gc,task     ] GC(45) Using 2 workers of 18 for evacuation
[2026-06-17T10:02:05.340+0800][1.837s][info][gc,phases   ] GC(45)   Pre Evacuate Collection Set: 0.10ms
[2026-06-17T10:02:05.341+0800][1.838s][info][gc,phases   ] GC(45)   Merge Heap Roots: 0.03ms
[2026-06-17T10:02:05.342+0800][1.838s][info][gc,phases   ] GC(45)   Evacuate Collection Set: 0.22ms
[2026-06-17T10:02:05.343+0800][1.839s][info][gc,phases   ] GC(45)   Post Evacuate Collection Set: 0.14ms
[2026-06-17T10:02:05.343+0800][1.840s][info][gc,phases   ] GC(45)   Other: 1.98ms
[2026-06-17T10:02:05.343+0800][1.840s][info][gc,heap     ] GC(45) Eden regions: 6->0(9)
[2026-06-17T10:02:05.343+0800][1.840s][info][gc,heap     ] GC(45) Survivor regions: 1->1(1)
[2026-06-17T10:02:05.343+0800][1.840s][info][gc,heap     ] GC(45) Old regions: 34->29
[2026-06-17T10:02:05.343+0800][1.840s][info][gc,heap     ] GC(45) Humongous regions: 12->12
[2026-06-17T10:02:05.343+0800][1.840s][info][gc,metaspace] GC(45) Metaspace: 102K(320K)->102K(320K) NonClass: 95K(192K)->95K(192K) Class: 7K(128K)->7K(128K)
[2026-06-17T10:02:05.343+0800][1.840s][info][gc          ] GC(45) Pause Young (Mixed) (G1 Evacuation Pause) 52M->41M(64M) 6.192ms
[2026-06-17T10:02:05.343+0800][1.840s][info][gc,cpu      ] GC(45) User=0.00s Sys=0.00s Real=0.01s
[2026-06-17T10:02:05.375+0800][1.872s][info][gc,start    ] GC(46) Pause Young (Mixed) (G1 Evacuation Pause)
[2026-06-17T10:02:05.375+0800][1.872s][info][gc,task     ] GC(46) Using 2 workers of 18 for evacuation
[2026-06-17T10:02:05.377+0800][1.874s][info][gc,phases   ] GC(46)   Pre Evacuate Collection Set: 0.21ms
[2026-06-17T10:02:05.378+0800][1.874s][info][gc,phases   ] GC(46)   Merge Heap Roots: 0.09ms
[2026-06-17T10:02:05.378+0800][1.875s][info][gc,phases   ] GC(46)   Evacuate Collection Set: 0.61ms
[2026-06-17T10:02:05.378+0800][1.875s][info][gc,phases   ] GC(46)   Post Evacuate Collection Set: 0.53ms
[2026-06-17T10:02:05.379+0800][1.875s][info][gc,phases   ] GC(46)   Other: 0.41ms
[2026-06-17T10:02:05.379+0800][1.876s][info][gc,heap     ] GC(46) Eden regions: 9->0(9)
[2026-06-17T10:02:05.380+0800][1.877s][info][gc,heap     ] GC(46) Survivor regions: 1->2(2)
[2026-06-17T10:02:05.380+0800][1.877s][info][gc,heap     ] GC(46) Old regions: 29->29
[2026-06-17T10:02:05.381+0800][1.877s][info][gc,heap     ] GC(46) Humongous regions: 12->12
[2026-06-17T10:02:05.381+0800][1.878s][info][gc,metaspace] GC(46) Metaspace: 102K(320K)->102K(320K) NonClass: 95K(192K)->95K(192K) Class: 7K(128K)->7K(128K)
[2026-06-17T10:02:05.381+0800][1.878s][info][gc          ] GC(46) Pause Young (Mixed) (G1 Evacuation Pause) 50M->42M(64M) 6.221ms
[2026-06-17T10:02:05.381+0800][1.878s][info][gc,cpu      ] GC(46) User=0.00s Sys=0.00s Real=0.00s
[2026-06-17T10:02:05.403+0800][1.900s][info][gc,start    ] GC(47) Pause Young (Normal) (G1 Evacuation Pause)
[2026-06-17T10:02:05.404+0800][1.900s][info][gc,task     ] GC(47) Using 2 workers of 18 for evacuation
[2026-06-17T10:02:05.405+0800][1.902s][info][gc,phases   ] GC(47)   Pre Evacuate Collection Set: 0.21ms
[2026-06-17T10:02:05.405+0800][1.902s][info][gc,phases   ] GC(47)   Merge Heap Roots: 0.08ms
[2026-06-17T10:02:05.407+0800][1.904s][info][gc,phases   ] GC(47)   Evacuate Collection Set: 0.42ms
[2026-06-17T10:02:05.408+0800][1.905s][info][gc,phases   ] GC(47)   Post Evacuate Collection Set: 0.25ms
[2026-06-17T10:02:05.408+0800][1.905s][info][gc,phases   ] GC(47)   Other: 0.32ms
[2026-06-17T10:02:05.414+0800][1.911s][info][gc,heap     ] GC(47) Eden regions: 9->0(6)
[2026-06-17T10:02:05.418+0800][1.915s][info][gc,heap     ] GC(47) Survivor regions: 2->2(2)
[2026-06-17T10:02:05.419+0800][1.915s][info][gc,heap     ] GC(47) Old regions: 29->33
[2026-06-17T10:02:05.419+0800][1.916s][info][gc,heap     ] GC(47) Humongous regions: 14->14
[2026-06-17T10:02:05.424+0800][1.921s][info][gc,metaspace] GC(47) Metaspace: 102K(320K)->102K(320K) NonClass: 95K(192K)->95K(192K) Class: 7K(128K)->7K(128K)
[2026-06-17T10:02:05.428+0800][1.925s][info][gc          ] GC(47) Pause Young (Normal) (G1 Evacuation Pause) 53M->48M(64M) 24.970ms
[2026-06-17T10:02:05.429+0800][1.926s][info][gc,cpu      ] GC(47) User=0.00s Sys=0.00s Real=0.02s
[2026-06-17T10:02:05.440+0800][1.937s][info][gc,start    ] GC(48) Pause Young (Concurrent Start) (G1 Evacuation Pause)
[2026-06-17T10:02:05.440+0800][1.937s][info][gc,task     ] GC(48) Using 2 workers of 18 for evacuation
[2026-06-17T10:02:05.441+0800][1.938s][info][gc,phases   ] GC(48)   Pre Evacuate Collection Set: 0.12ms
[2026-06-17T10:02:05.441+0800][1.938s][info][gc,phases   ] GC(48)   Merge Heap Roots: 0.04ms
[2026-06-17T10:02:05.442+0800][1.938s][info][gc,phases   ] GC(48)   Evacuate Collection Set: 0.20ms
[2026-06-17T10:02:05.442+0800][1.938s][info][gc,phases   ] GC(48)   Post Evacuate Collection Set: 0.22ms
[2026-06-17T10:02:05.442+0800][1.939s][info][gc,phases   ] GC(48)   Other: 0.20ms
[2026-06-17T10:02:05.442+0800][1.939s][info][gc,heap     ] GC(48) Eden regions: 6->0(7)
[2026-06-17T10:02:05.442+0800][1.939s][info][gc,heap     ] GC(48) Survivor regions: 2->1(1)
[2026-06-17T10:02:05.442+0800][1.939s][info][gc,heap     ] GC(48) Old regions: 33->34
[2026-06-17T10:02:05.442+0800][1.939s][info][gc,heap     ] GC(48) Humongous regions: 14->14
[2026-06-17T10:02:05.442+0800][1.939s][info][gc,metaspace] GC(48) Metaspace: 102K(320K)->102K(320K) NonClass: 95K(192K)->95K(192K) Class: 7K(128K)->7K(128K)
[2026-06-17T10:02:05.442+0800][1.939s][info][gc          ] GC(48) Pause Young (Concurrent Start) (G1 Evacuation Pause) 54M->47M(64M) 2.200ms
[2026-06-17T10:02:05.442+0800][1.939s][info][gc,cpu      ] GC(48) User=0.00s Sys=0.00s Real=0.01s
[2026-06-17T10:02:05.443+0800][1.939s][info][gc          ] GC(49) Concurrent Mark Cycle
[2026-06-17T10:02:05.443+0800][1.940s][info][gc,marking  ] GC(49) Concurrent Scan Root Regions
[2026-06-17T10:02:05.443+0800][1.940s][info][gc,marking  ] GC(49) Concurrent Scan Root Regions 0.124ms
[2026-06-17T10:02:05.443+0800][1.940s][info][gc,marking  ] GC(49) Concurrent Mark
[2026-06-17T10:02:05.443+0800][1.940s][info][gc,marking  ] GC(49) Concurrent Mark From Roots
[2026-06-17T10:02:05.443+0800][1.940s][info][gc,task     ] GC(49) Using 5 workers of 5 for marking
[2026-06-17T10:02:05.444+0800][1.941s][info][gc,marking  ] GC(49) Concurrent Mark From Roots 1.178ms
[2026-06-17T10:02:05.444+0800][1.941s][info][gc,marking  ] GC(49) Concurrent Preclean
[2026-06-17T10:02:05.444+0800][1.941s][info][gc,marking  ] GC(49) Concurrent Preclean 0.112ms
[2026-06-17T10:02:05.445+0800][1.941s][info][gc,start    ] GC(49) Pause Remark
[2026-06-17T10:02:05.445+0800][1.942s][info][gc          ] GC(49) Pause Remark 48M->41M(64M) 0.394ms
[2026-06-17T10:02:05.445+0800][1.942s][info][gc,cpu      ] GC(49) User=0.00s Sys=0.00s Real=0.00s
[2026-06-17T10:02:05.445+0800][1.942s][info][gc,marking  ] GC(49) Concurrent Mark 2.241ms
[2026-06-17T10:02:05.445+0800][1.942s][info][gc,marking  ] GC(49) Concurrent Rebuild Remembered Sets and Scrub Regions
[2026-06-17T10:02:05.446+0800][1.943s][info][gc,marking  ] GC(49) Concurrent Rebuild Remembered Sets and Scrub Regions 0.414ms
[2026-06-17T10:02:05.446+0800][1.943s][info][gc,start    ] GC(49) Pause Cleanup
[2026-06-17T10:02:05.446+0800][1.943s][info][gc          ] GC(49) Pause Cleanup 41M->41M(64M) 0.118ms
[2026-06-17T10:02:05.446+0800][1.943s][info][gc,cpu      ] GC(49) User=0.00s Sys=0.00s Real=0.00s
[2026-06-17T10:02:05.446+0800][1.943s][info][gc,marking  ] GC(49) Concurrent Clear Claimed Marks
[2026-06-17T10:02:05.446+0800][1.943s][info][gc,marking  ] GC(49) Concurrent Clear Claimed Marks 0.098ms
[2026-06-17T10:02:05.446+0800][1.943s][info][gc,marking  ] GC(49) Concurrent Cleanup for Next Mark
[2026-06-17T10:02:05.447+0800][1.943s][info][gc,marking  ] GC(49) Concurrent Cleanup for Next Mark 0.229ms
[2026-06-17T10:02:05.447+0800][1.943s][info][gc          ] GC(49) Concurrent Mark Cycle 4.100ms
[2026-06-17T10:02:05.464+0800][1.960s][info][gc,start    ] GC(50) Pause Young (Prepare Mixed) (G1 Evacuation Pause)
[2026-06-17T10:02:05.464+0800][1.961s][info][gc,task     ] GC(50) Using 2 workers of 18 for evacuation
[2026-06-17T10:02:05.465+0800][1.961s][info][gc,phases   ] GC(50)   Pre Evacuate Collection Set: 0.09ms
[2026-06-17T10:02:05.465+0800][1.962s][info][gc,phases   ] GC(50)   Merge Heap Roots: 0.05ms
[2026-06-17T10:02:05.465+0800][1.962s][info][gc,phases   ] GC(50)   Evacuate Collection Set: 0.37ms
[2026-06-17T10:02:05.465+0800][1.962s][info][gc,phases   ] GC(50)   Post Evacuate Collection Set: 0.16ms
[2026-06-17T10:02:05.465+0800][1.962s][info][gc,phases   ] GC(50)   Other: 0.16ms
[2026-06-17T10:02:05.465+0800][1.962s][info][gc,heap     ] GC(50) Eden regions: 7->0(8)
[2026-06-17T10:02:05.465+0800][1.962s][info][gc,heap     ] GC(50) Survivor regions: 1->1(1)
[2026-06-17T10:02:05.465+0800][1.962s][info][gc,heap     ] GC(50) Old regions: 27->30
[2026-06-17T10:02:05.466+0800][1.962s][info][gc,heap     ] GC(50) Humongous regions: 14->14
[2026-06-17T10:02:05.466+0800][1.962s][info][gc,metaspace] GC(50) Metaspace: 102K(320K)->102K(320K) NonClass: 95K(192K)->95K(192K) Class: 7K(128K)->7K(128K)
[2026-06-17T10:02:05.466+0800][1.963s][info][gc          ] GC(50) Pause Young (Prepare Mixed) (G1 Evacuation Pause) 47M->44M(64M) 2.164ms
[2026-06-17T10:02:05.466+0800][1.963s][info][gc,cpu      ] GC(50) User=0.00s Sys=0.00s Real=0.00s
[2026-06-17T10:02:05.487+0800][1.984s][info][gc,start    ] GC(51) Pause Young (Mixed) (G1 Evacuation Pause)
[2026-06-17T10:02:05.487+0800][1.984s][info][gc,task     ] GC(51) Using 2 workers of 18 for evacuation
[2026-06-17T10:02:05.488+0800][1.985s][info][gc,phases   ] GC(51)   Pre Evacuate Collection Set: 0.19ms
[2026-06-17T10:02:05.488+0800][1.985s][info][gc,phases   ] GC(51)   Merge Heap Roots: 0.05ms
[2026-06-17T10:02:05.488+0800][1.985s][info][gc,phases   ] GC(51)   Evacuate Collection Set: 0.49ms
[2026-06-17T10:02:05.489+0800][1.985s][info][gc,phases   ] GC(51)   Post Evacuate Collection Set: 0.19ms
[2026-06-17T10:02:05.489+0800][1.986s][info][gc,phases   ] GC(51)   Other: 0.21ms
[2026-06-17T10:02:05.489+0800][1.986s][info][gc,heap     ] GC(51) Eden regions: 8->0(8)
[2026-06-17T10:02:05.489+0800][1.986s][info][gc,heap     ] GC(51) Survivor regions: 1->2(2)
[2026-06-17T10:02:05.489+0800][1.986s][info][gc,heap     ] GC(51) Old regions: 30->28
[2026-06-17T10:02:05.489+0800][1.986s][info][gc,heap     ] GC(51) Humongous regions: 14->14
[2026-06-17T10:02:05.489+0800][1.986s][info][gc,metaspace] GC(51) Metaspace: 102K(320K)->102K(320K) NonClass: 95K(192K)->95K(192K) Class: 7K(128K)->7K(128K)
[2026-06-17T10:02:05.490+0800][1.986s][info][gc          ] GC(51) Pause Young (Mixed) (G1 Evacuation Pause) 52M->43M(64M) 2.787ms
[2026-06-17T10:02:05.490+0800][1.986s][info][gc,cpu      ] GC(51) User=0.00s Sys=0.00s Real=0.00s
[2026-06-17T10:02:05.511+0800][2.007s][info][gc,start    ] GC(52) Pause Young (Mixed) (G1 Evacuation Pause)
[2026-06-17T10:02:05.511+0800][2.008s][info][gc,task     ] GC(52) Using 2 workers of 18 for evacuation
[2026-06-17T10:02:05.512+0800][2.009s][info][gc,phases   ] GC(52)   Pre Evacuate Collection Set: 0.11ms
[2026-06-17T10:02:05.512+0800][2.009s][info][gc,phases   ] GC(52)   Merge Heap Roots: 0.04ms
[2026-06-17T10:02:05.512+0800][2.009s][info][gc,phases   ] GC(52)   Evacuate Collection Set: 0.72ms
[2026-06-17T10:02:05.513+0800][2.009s][info][gc,phases   ] GC(52)   Post Evacuate Collection Set: 0.24ms
[2026-06-17T10:02:05.513+0800][2.010s][info][gc,phases   ] GC(52)   Other: 0.25ms
[2026-06-17T10:02:05.513+0800][2.010s][info][gc,heap     ] GC(52) Eden regions: 8->0(7)
[2026-06-17T10:02:05.513+0800][2.010s][info][gc,heap     ] GC(52) Survivor regions: 2->2(2)
[2026-06-17T10:02:05.513+0800][2.010s][info][gc,heap     ] GC(52) Old regions: 28->29
[2026-06-17T10:02:05.513+0800][2.010s][info][gc,heap     ] GC(52) Humongous regions: 14->14
[2026-06-17T10:02:05.513+0800][2.010s][info][gc,metaspace] GC(52) Metaspace: 102K(320K)->102K(320K) NonClass: 95K(192K)->95K(192K) Class: 7K(128K)->7K(128K)
[2026-06-17T10:02:05.513+0800][2.010s][info][gc          ] GC(52) Pause Young (Mixed) (G1 Evacuation Pause) 51M->44M(64M) 2.733ms
[2026-06-17T10:02:05.513+0800][2.010s][info][gc,cpu      ] GC(52) User=0.00s Sys=0.00s Real=0.00s
[2026-06-17T10:02:05.535+0800][2.031s][info][gc,start    ] GC(53) Pause Young (Normal) (G1 Evacuation Pause)
[2026-06-17T10:02:05.535+0800][2.032s][info][gc,task     ] GC(53) Using 2 workers of 18 for evacuation
[2026-06-17T10:02:05.536+0800][2.033s][info][gc,phases   ] GC(53)   Pre Evacuate Collection Set: 0.10ms
[2026-06-17T10:02:05.537+0800][2.033s][info][gc,phases   ] GC(53)   Merge Heap Roots: 0.03ms
[2026-06-17T10:02:05.537+0800][2.034s][info][gc,phases   ] GC(53)   Evacuate Collection Set: 0.35ms
[2026-06-17T10:02:05.537+0800][2.034s][info][gc,phases   ] GC(53)   Post Evacuate Collection Set: 0.13ms
[2026-06-17T10:02:05.537+0800][2.034s][info][gc,phases   ] GC(53)   Other: 0.61ms
[2026-06-17T10:02:05.537+0800][2.034s][info][gc,heap     ] GC(53) Eden regions: 7->0(5)
[2026-06-17T10:02:05.537+0800][2.034s][info][gc,heap     ] GC(53) Survivor regions: 2->2(2)
[2026-06-17T10:02:05.538+0800][2.034s][info][gc,heap     ] GC(53) Old regions: 29->33
[2026-06-17T10:02:05.538+0800][2.035s][info][gc,heap     ] GC(53) Humongous regions: 14->14
[2026-06-17T10:02:05.538+0800][2.035s][info][gc,metaspace] GC(53) Metaspace: 102K(320K)->102K(320K) NonClass: 95K(192K)->95K(192K) Class: 7K(128K)->7K(128K)
[2026-06-17T10:02:05.538+0800][2.035s][info][gc          ] GC(53) Pause Young (Normal) (G1 Evacuation Pause) 51M->48M(64M) 3.412ms
[2026-06-17T10:02:05.538+0800][2.035s][info][gc,cpu      ] GC(53) User=0.00s Sys=0.00s Real=0.00s
[2026-06-17T10:02:05.549+0800][2.046s][info][gc,start    ] GC(54) Pause Young (Concurrent Start) (G1 Evacuation Pause)
[2026-06-17T10:02:05.550+0800][2.046s][info][gc,task     ] GC(54) Using 2 workers of 18 for evacuation
[2026-06-17T10:02:05.551+0800][2.048s][info][gc,phases   ] GC(54)   Pre Evacuate Collection Set: 0.14ms
[2026-06-17T10:02:05.551+0800][2.048s][info][gc,phases   ] GC(54)   Merge Heap Roots: 0.04ms
[2026-06-17T10:02:05.552+0800][2.049s][info][gc,phases   ] GC(54)   Evacuate Collection Set: 0.46ms
[2026-06-17T10:02:05.552+0800][2.049s][info][gc,phases   ] GC(54)   Post Evacuate Collection Set: 0.14ms
[2026-06-17T10:02:05.553+0800][2.049s][info][gc,phases   ] GC(54)   Other: 0.43ms
[2026-06-17T10:02:05.553+0800][2.050s][info][gc,heap     ] GC(54) Eden regions: 5->0(2)
[2026-06-17T10:02:05.553+0800][2.050s][info][gc,heap     ] GC(54) Survivor regions: 2->1(1)
[2026-06-17T10:02:05.554+0800][2.051s][info][gc,heap     ] GC(54) Old regions: 33->39
[2026-06-17T10:02:05.554+0800][2.051s][info][gc,heap     ] GC(54) Humongous regions: 14->14
[2026-06-17T10:02:05.554+0800][2.051s][info][gc,metaspace] GC(54) Metaspace: 102K(320K)->102K(320K) NonClass: 95K(192K)->95K(192K) Class: 7K(128K)->7K(128K)
[2026-06-17T10:02:05.555+0800][2.052s][info][gc          ] GC(54) Pause Young (Concurrent Start) (G1 Evacuation Pause) 53M->53M(64M) 5.755ms
[2026-06-17T10:02:05.555+0800][2.052s][info][gc,cpu      ] GC(54) User=0.01s Sys=0.00s Real=0.01s
[2026-06-17T10:02:05.555+0800][2.052s][info][gc          ] GC(55) Concurrent Mark Cycle
[2026-06-17T10:02:05.556+0800][2.053s][info][gc,marking  ] GC(55) Concurrent Scan Root Regions
[2026-06-17T10:02:05.556+0800][2.053s][info][gc,marking  ] GC(55) Concurrent Scan Root Regions 0.503ms
[2026-06-17T10:02:05.556+0800][2.053s][info][gc,marking  ] GC(55) Concurrent Mark
[2026-06-17T10:02:05.557+0800][2.054s][info][gc,marking  ] GC(55) Concurrent Mark From Roots
[2026-06-17T10:02:05.557+0800][2.054s][info][gc,task     ] GC(55) Using 5 workers of 5 for marking
[2026-06-17T10:02:05.559+0800][2.055s][info][gc,marking  ] GC(55) Concurrent Mark From Roots 1.953ms
[2026-06-17T10:02:05.559+0800][2.056s][info][gc,marking  ] GC(55) Concurrent Preclean
[2026-06-17T10:02:05.559+0800][2.056s][info][gc,marking  ] GC(55) Concurrent Preclean 0.262ms
[2026-06-17T10:02:05.560+0800][2.056s][info][gc,start    ] GC(55) Pause Remark
[2026-06-17T10:02:05.560+0800][2.057s][info][gc          ] GC(55) Pause Remark 55M->49M(64M) 0.585ms
[2026-06-17T10:02:05.560+0800][2.057s][info][gc,cpu      ] GC(55) User=0.00s Sys=0.00s Real=0.00s
[2026-06-17T10:02:05.561+0800][2.058s][info][gc,marking  ] GC(55) Concurrent Mark 4.375ms
[2026-06-17T10:02:05.561+0800][2.058s][info][gc,marking  ] GC(55) Concurrent Rebuild Remembered Sets and Scrub Regions
[2026-06-17T10:02:05.562+0800][2.059s][info][gc,marking  ] GC(55) Concurrent Rebuild Remembered Sets and Scrub Regions 0.704ms
[2026-06-17T10:02:05.562+0800][2.059s][info][gc,start    ] GC(55) Pause Cleanup
[2026-06-17T10:02:05.563+0800][2.060s][info][gc          ] GC(55) Pause Cleanup 49M->49M(64M) 0.397ms
[2026-06-17T10:02:05.563+0800][2.060s][info][gc,cpu      ] GC(55) User=0.00s Sys=0.00s Real=0.01s
[2026-06-17T10:02:05.563+0800][2.060s][info][gc,marking  ] GC(55) Concurrent Clear Claimed Marks
[2026-06-17T10:02:05.564+0800][2.060s][info][gc,marking  ] GC(55) Concurrent Clear Claimed Marks 0.200ms
[2026-06-17T10:02:05.564+0800][2.061s][info][gc,marking  ] GC(55) Concurrent Cleanup for Next Mark
[2026-06-17T10:02:05.564+0800][2.061s][info][gc,marking  ] GC(55) Concurrent Cleanup for Next Mark 0.327ms
[2026-06-17T10:02:05.564+0800][2.061s][info][gc          ] GC(55) Concurrent Mark Cycle 9.348ms
[2026-06-17T10:02:05.566+0800][2.063s][info][gc,start    ] GC(56) Pause Young (Prepare Mixed) (G1 Evacuation Pause)
[2026-06-17T10:02:05.566+0800][2.063s][info][gc,task     ] GC(56) Using 2 workers of 18 for evacuation
[2026-06-17T10:02:05.567+0800][2.063s][info][gc,phases   ] GC(56)   Pre Evacuate Collection Set: 0.10ms
[2026-06-17T10:02:05.567+0800][2.064s][info][gc,phases   ] GC(56)   Merge Heap Roots: 0.04ms
[2026-06-17T10:02:05.567+0800][2.064s][info][gc,phases   ] GC(56)   Evacuate Collection Set: 0.17ms
[2026-06-17T10:02:05.567+0800][2.064s][info][gc,phases   ] GC(56)   Post Evacuate Collection Set: 0.13ms
[2026-06-17T10:02:05.567+0800][2.064s][info][gc,phases   ] GC(56)   Other: 0.14ms
[2026-06-17T10:02:05.567+0800][2.064s][info][gc,heap     ] GC(56) Eden regions: 2->0(4)
[2026-06-17T10:02:05.567+0800][2.064s][info][gc,heap     ] GC(56) Survivor regions: 1->1(1)
[2026-06-17T10:02:05.567+0800][2.064s][info][gc,heap     ] GC(56) Old regions: 33->34
[2026-06-17T10:02:05.568+0800][2.064s][info][gc,heap     ] GC(56) Humongous regions: 14->14
[2026-06-17T10:02:05.568+0800][2.065s][info][gc,metaspace] GC(56) Metaspace: 102K(320K)->102K(320K) NonClass: 95K(192K)->95K(192K) Class: 7K(128K)->7K(128K)
[2026-06-17T10:02:05.568+0800][2.065s][info][gc          ] GC(56) Pause Young (Prepare Mixed) (G1 Evacuation Pause) 49M->48M(64M) 1.851ms
[2026-06-17T10:02:05.568+0800][2.065s][info][gc,cpu      ] GC(56) User=0.00s Sys=0.00s Real=0.00s
[2026-06-17T10:02:05.578+0800][2.075s][info][gc,start    ] GC(57) Pause Young (Mixed) (G1 Evacuation Pause)
[2026-06-17T10:02:05.579+0800][2.076s][info][gc,task     ] GC(57) Using 2 workers of 18 for evacuation
[2026-06-17T10:02:05.580+0800][2.077s][info][gc,phases   ] GC(57)   Pre Evacuate Collection Set: 0.20ms
[2026-06-17T10:02:05.580+0800][2.077s][info][gc,phases   ] GC(57)   Merge Heap Roots: 0.08ms
[2026-06-17T10:02:05.580+0800][2.077s][info][gc,phases   ] GC(57)   Evacuate Collection Set: 0.43ms
[2026-06-17T10:02:05.581+0800][2.078s][info][gc,phases   ] GC(57)   Post Evacuate Collection Set: 0.18ms
[2026-06-17T10:02:05.581+0800][2.078s][info][gc,phases   ] GC(57)   Other: 0.30ms
[2026-06-17T10:02:05.581+0800][2.078s][info][gc,heap     ] GC(57) Eden regions: 4->0(6)
[2026-06-17T10:02:05.581+0800][2.078s][info][gc,heap     ] GC(57) Survivor regions: 1->1(1)
[2026-06-17T10:02:05.581+0800][2.078s][info][gc,heap     ] GC(57) Old regions: 34->30
[2026-06-17T10:02:05.581+0800][2.078s][info][gc,heap     ] GC(57) Humongous regions: 14->14
[2026-06-17T10:02:05.582+0800][2.079s][info][gc,metaspace] GC(57) Metaspace: 102K(320K)->102K(320K) NonClass: 95K(192K)->95K(192K) Class: 7K(128K)->7K(128K)
[2026-06-17T10:02:05.582+0800][2.079s][info][gc          ] GC(57) Pause Young (Mixed) (G1 Evacuation Pause) 52M->44M(64M) 3.408ms
[2026-06-17T10:02:05.582+0800][2.079s][info][gc,cpu      ] GC(57) User=0.01s Sys=0.00s Real=0.00s
[2026-06-17T10:02:05.593+0800][2.090s][info][gc,start    ] GC(58) Pause Young (Mixed) (G1 Evacuation Pause)
[2026-06-17T10:02:05.593+0800][2.090s][info][gc,task     ] GC(58) Using 2 workers of 18 for evacuation
[2026-06-17T10:02:05.594+0800][2.091s][info][gc,phases   ] GC(58)   Pre Evacuate Collection Set: 0.10ms
[2026-06-17T10:02:05.594+0800][2.091s][info][gc,phases   ] GC(58)   Merge Heap Roots: 0.05ms
[2026-06-17T10:02:05.594+0800][2.091s][info][gc,phases   ] GC(58)   Evacuate Collection Set: 0.23ms
[2026-06-17T10:02:05.594+0800][2.091s][info][gc,phases   ] GC(58)   Post Evacuate Collection Set: 0.19ms
[2026-06-17T10:02:05.594+0800][2.091s][info][gc,phases   ] GC(58)   Other: 0.16ms
[2026-06-17T10:02:05.594+0800][2.091s][info][gc,heap     ] GC(58) Eden regions: 6->0(7)
[2026-06-17T10:02:05.595+0800][2.091s][info][gc,heap     ] GC(58) Survivor regions: 1->1(1)
[2026-06-17T10:02:05.595+0800][2.092s][info][gc,heap     ] GC(58) Old regions: 30->29
[2026-06-17T10:02:05.595+0800][2.092s][info][gc,heap     ] GC(58) Humongous regions: 14->14
[2026-06-17T10:02:05.595+0800][2.092s][info][gc,metaspace] GC(58) Metaspace: 102K(320K)->102K(320K) NonClass: 95K(192K)->95K(192K) Class: 7K(128K)->7K(128K)
[2026-06-17T10:02:05.595+0800][2.092s][info][gc          ] GC(58) Pause Young (Mixed) (G1 Evacuation Pause) 50M->42M(64M) 2.496ms
[2026-06-17T10:02:05.595+0800][2.092s][info][gc,cpu      ] GC(58) User=0.00s Sys=0.00s Real=0.00s
[2026-06-17T10:02:05.616+0800][2.113s][info][gc,start    ] GC(59) Pause Young (Normal) (G1 Evacuation Pause)
[2026-06-17T10:02:05.617+0800][2.114s][info][gc,task     ] GC(59) Using 2 workers of 18 for evacuation
[2026-06-17T10:02:05.618+0800][2.115s][info][gc,phases   ] GC(59)   Pre Evacuate Collection Set: 0.14ms
[2026-06-17T10:02:05.618+0800][2.115s][info][gc,phases   ] GC(59)   Merge Heap Roots: 0.03ms
[2026-06-17T10:02:05.618+0800][2.115s][info][gc,phases   ] GC(59)   Evacuate Collection Set: 0.33ms
[2026-06-17T10:02:05.619+0800][2.116s][info][gc,phases   ] GC(59)   Post Evacuate Collection Set: 0.26ms
[2026-06-17T10:02:05.619+0800][2.116s][info][gc,phases   ] GC(59)   Other: 0.33ms
[2026-06-17T10:02:05.619+0800][2.116s][info][gc,heap     ] GC(59) Eden regions: 7->0(6)
[2026-06-17T10:02:05.619+0800][2.116s][info][gc,heap     ] GC(59) Survivor regions: 1->1(1)
[2026-06-17T10:02:05.620+0800][2.117s][info][gc,heap     ] GC(59) Old regions: 29->32
[2026-06-17T10:02:05.620+0800][2.117s][info][gc,heap     ] GC(59) Humongous regions: 14->14
[2026-06-17T10:02:05.620+0800][2.117s][info][gc,metaspace] GC(59) Metaspace: 102K(320K)->102K(320K) NonClass: 95K(192K)->95K(192K) Class: 7K(128K)->7K(128K)
[2026-06-17T10:02:05.620+0800][2.117s][info][gc          ] GC(59) Pause Young (Normal) (G1 Evacuation Pause) 49M->46M(64M) 3.809ms
[2026-06-17T10:02:05.621+0800][2.117s][info][gc,cpu      ] GC(59) User=0.00s Sys=0.00s Real=0.00s
[2026-06-17T10:02:05.632+0800][2.129s][info][gc,start    ] GC(60) Pause Young (Normal) (G1 Evacuation Pause)
[2026-06-17T10:02:05.632+0800][2.129s][info][gc,task     ] GC(60) Using 2 workers of 18 for evacuation
[2026-06-17T10:02:05.633+0800][2.130s][info][gc,phases   ] GC(60)   Pre Evacuate Collection Set: 0.20ms
[2026-06-17T10:02:05.634+0800][2.130s][info][gc,phases   ] GC(60)   Merge Heap Roots: 0.08ms
[2026-06-17T10:02:05.634+0800][2.131s][info][gc,phases   ] GC(60)   Evacuate Collection Set: 0.24ms
[2026-06-17T10:02:05.634+0800][2.131s][info][gc,phases   ] GC(60)   Post Evacuate Collection Set: 0.30ms
[2026-06-17T10:02:05.634+0800][2.131s][info][gc,phases   ] GC(60)   Other: 0.32ms
[2026-06-17T10:02:05.635+0800][2.131s][info][gc,heap     ] GC(60) Eden regions: 6->0(6)
[2026-06-17T10:02:05.635+0800][2.132s][info][gc,heap     ] GC(60) Survivor regions: 1->1(1)
[2026-06-17T10:02:05.635+0800][2.132s][info][gc,heap     ] GC(60) Old regions: 32->33
[2026-06-17T10:02:05.635+0800][2.132s][info][gc,heap     ] GC(60) Humongous regions: 14->14
[2026-06-17T10:02:05.635+0800][2.132s][info][gc,metaspace] GC(60) Metaspace: 102K(320K)->102K(320K) NonClass: 95K(192K)->95K(192K) Class: 7K(128K)->7K(128K)
[2026-06-17T10:02:05.636+0800][2.132s][info][gc          ] GC(60) Pause Young (Normal) (G1 Evacuation Pause) 52M->47M(64M) 3.861ms
[2026-06-17T10:02:05.636+0800][2.133s][info][gc,cpu      ] GC(60) User=0.00s Sys=0.00s Real=0.00s
[2026-06-17T10:02:05.636+0800][2.133s][info][gc,start    ] GC(61) Pause Young (Concurrent Start) (G1 Humongous Allocation)
[2026-06-17T10:02:05.636+0800][2.133s][info][gc,task     ] GC(61) Using 2 workers of 18 for evacuation
[2026-06-17T10:02:05.637+0800][2.134s][info][gc,phases   ] GC(61)   Pre Evacuate Collection Set: 0.13ms
[2026-06-17T10:02:05.638+0800][2.134s][info][gc,phases   ] GC(61)   Merge Heap Roots: 0.06ms
[2026-06-17T10:02:05.638+0800][2.135s][info][gc,phases   ] GC(61)   Evacuate Collection Set: 0.25ms
[2026-06-17T10:02:05.638+0800][2.135s][info][gc,phases   ] GC(61)   Post Evacuate Collection Set: 0.21ms
[2026-06-17T10:02:05.638+0800][2.135s][info][gc,phases   ] GC(61)   Other: 0.24ms
[2026-06-17T10:02:05.638+0800][2.135s][info][gc,heap     ] GC(61) Eden regions: 1->0(5)
[2026-06-17T10:02:05.638+0800][2.135s][info][gc,heap     ] GC(61) Survivor regions: 1->1(1)
[2026-06-17T10:02:05.638+0800][2.135s][info][gc,heap     ] GC(61) Old regions: 33->34
[2026-06-17T10:02:05.639+0800][2.135s][info][gc,heap     ] GC(61) Humongous regions: 14->14
[2026-06-17T10:02:05.639+0800][2.136s][info][gc,metaspace] GC(61) Metaspace: 102K(320K)->102K(320K) NonClass: 95K(192K)->95K(192K) Class: 7K(128K)->7K(128K)
[2026-06-17T10:02:05.639+0800][2.136s][info][gc          ] GC(61) Pause Young (Concurrent Start) (G1 Humongous Allocation) 47M->48M(64M) 2.730ms
[2026-06-17T10:02:05.639+0800][2.136s][info][gc,cpu      ] GC(61) User=0.00s Sys=0.00s Real=0.00s
[2026-06-17T10:02:05.639+0800][2.136s][info][gc          ] GC(62) Concurrent Mark Cycle
[2026-06-17T10:02:05.639+0800][2.136s][info][gc,marking  ] GC(62) Concurrent Scan Root Regions
[2026-06-17T10:02:05.640+0800][2.137s][info][gc,marking  ] GC(62) Concurrent Scan Root Regions 0.210ms
[2026-06-17T10:02:05.640+0800][2.137s][info][gc,marking  ] GC(62) Concurrent Mark
[2026-06-17T10:02:05.640+0800][2.137s][info][gc,marking  ] GC(62) Concurrent Mark From Roots
[2026-06-17T10:02:05.640+0800][2.137s][info][gc,task     ] GC(62) Using 5 workers of 5 for marking
[2026-06-17T10:02:05.642+0800][2.139s][info][gc,marking  ] GC(62) Concurrent Mark From Roots 1.863ms
[2026-06-17T10:02:05.642+0800][2.139s][info][gc,marking  ] GC(62) Concurrent Preclean
[2026-06-17T10:02:05.642+0800][2.139s][info][gc,marking  ] GC(62) Concurrent Preclean 0.109ms
[2026-06-17T10:02:05.642+0800][2.139s][info][gc,start    ] GC(62) Pause Remark
[2026-06-17T10:02:05.643+0800][2.139s][info][gc          ] GC(62) Pause Remark 50M->41M(64M) 0.386ms
[2026-06-17T10:02:05.643+0800][2.140s][info][gc,cpu      ] GC(62) User=0.00s Sys=0.00s Real=0.01s
[2026-06-17T10:02:05.643+0800][2.140s][info][gc,marking  ] GC(62) Concurrent Mark 3.150ms
[2026-06-17T10:02:05.643+0800][2.140s][info][gc,marking  ] GC(62) Concurrent Rebuild Remembered Sets and Scrub Regions
[2026-06-17T10:02:05.644+0800][2.141s][info][gc,marking  ] GC(62) Concurrent Rebuild Remembered Sets and Scrub Regions 0.620ms
[2026-06-17T10:02:05.644+0800][2.141s][info][gc,start    ] GC(62) Pause Cleanup
[2026-06-17T10:02:05.644+0800][2.141s][info][gc          ] GC(62) Pause Cleanup 41M->41M(64M) 0.162ms
[2026-06-17T10:02:05.644+0800][2.141s][info][gc,cpu      ] GC(62) User=0.00s Sys=0.00s Real=0.00s
[2026-06-17T10:02:05.644+0800][2.141s][info][gc,marking  ] GC(62) Concurrent Clear Claimed Marks
[2026-06-17T10:02:05.644+0800][2.141s][info][gc,marking  ] GC(62) Concurrent Clear Claimed Marks 0.097ms
[2026-06-17T10:02:05.644+0800][2.141s][info][gc,marking  ] GC(62) Concurrent Cleanup for Next Mark
[2026-06-17T10:02:05.645+0800][2.141s][info][gc,marking  ] GC(62) Concurrent Cleanup for Next Mark 0.149ms
[2026-06-17T10:02:05.645+0800][2.142s][info][gc          ] GC(62) Concurrent Mark Cycle 5.679ms
[2026-06-17T10:02:05.660+0800][2.157s][info][gc,start    ] GC(63) Pause Young (Prepare Mixed) (G1 Evacuation Pause)
[2026-06-17T10:02:05.660+0800][2.157s][info][gc,task     ] GC(63) Using 2 workers of 18 for evacuation
[2026-06-17T10:02:05.661+0800][2.158s][info][gc,phases   ] GC(63)   Pre Evacuate Collection Set: 0.11ms
[2026-06-17T10:02:05.661+0800][2.158s][info][gc,phases   ] GC(63)   Merge Heap Roots: 0.04ms
[2026-06-17T10:02:05.662+0800][2.158s][info][gc,phases   ] GC(63)   Evacuate Collection Set: 0.19ms
[2026-06-17T10:02:05.663+0800][2.159s][info][gc,phases   ] GC(63)   Post Evacuate Collection Set: 0.25ms
[2026-06-17T10:02:05.663+0800][2.160s][info][gc,phases   ] GC(63)   Other: 0.20ms
[2026-06-17T10:02:05.663+0800][2.160s][info][gc,heap     ] GC(63) Eden regions: 5->0(8)
[2026-06-17T10:02:05.663+0800][2.160s][info][gc,heap     ] GC(63) Survivor regions: 1->1(1)
[2026-06-17T10:02:05.663+0800][2.160s][info][gc,heap     ] GC(63) Old regions: 25->26
[2026-06-17T10:02:05.664+0800][2.160s][info][gc,heap     ] GC(63) Humongous regions: 16->16
[2026-06-17T10:02:05.664+0800][2.161s][info][gc,metaspace] GC(63) Metaspace: 102K(320K)->102K(320K) NonClass: 95K(192K)->95K(192K) Class: 7K(128K)->7K(128K)
[2026-06-17T10:02:05.664+0800][2.161s][info][gc          ] GC(63) Pause Young (Prepare Mixed) (G1 Evacuation Pause) 46M->42M(64M) 3.791ms
[2026-06-17T10:02:05.664+0800][2.161s][info][gc,cpu      ] GC(63) User=0.00s Sys=0.00s Real=0.01s
[2026-06-17T10:02:05.675+0800][2.172s][info][gc,start    ] GC(64) Pause Young (Mixed) (G1 Evacuation Pause)
[2026-06-17T10:02:05.675+0800][2.172s][info][gc,task     ] GC(64) Using 2 workers of 18 for evacuation
[2026-06-17T10:02:05.676+0800][2.173s][info][gc,phases   ] GC(64)   Pre Evacuate Collection Set: 0.13ms
[2026-06-17T10:02:05.676+0800][2.173s][info][gc,phases   ] GC(64)   Merge Heap Roots: 0.05ms
[2026-06-17T10:02:05.677+0800][2.173s][info][gc,phases   ] GC(64)   Evacuate Collection Set: 0.31ms
[2026-06-17T10:02:05.677+0800][2.173s][info][gc,phases   ] GC(64)   Post Evacuate Collection Set: 0.20ms
[2026-06-17T10:02:05.677+0800][2.174s][info][gc,phases   ] GC(64)   Other: 0.22ms
[2026-06-17T10:02:05.677+0800][2.174s][info][gc,heap     ] GC(64) Eden regions: 8->0(10)
[2026-06-17T10:02:05.677+0800][2.174s][info][gc,heap     ] GC(64) Survivor regions: 1->2(2)
[2026-06-17T10:02:05.677+0800][2.174s][info][gc,heap     ] GC(64) Old regions: 26->22
[2026-06-17T10:02:05.677+0800][2.174s][info][gc,heap     ] GC(64) Humongous regions: 16->16
[2026-06-17T10:02:05.677+0800][2.174s][info][gc,metaspace] GC(64) Metaspace: 102K(320K)->102K(320K) NonClass: 95K(192K)->95K(192K) Class: 7K(128K)->7K(128K)
[2026-06-17T10:02:05.677+0800][2.174s][info][gc          ] GC(64) Pause Young (Mixed) (G1 Evacuation Pause) 50M->39M(64M) 2.342ms
[2026-06-17T10:02:05.677+0800][2.174s][info][gc,cpu      ] GC(64) User=0.00s Sys=0.00s Real=0.00s
[2026-06-17T10:02:05.709+0800][2.206s][info][gc,start    ] GC(65) Pause Young (Mixed) (G1 Evacuation Pause)
[2026-06-17T10:02:05.710+0800][2.207s][info][gc,task     ] GC(65) Using 2 workers of 18 for evacuation
[2026-06-17T10:02:05.712+0800][2.209s][info][gc,phases   ] GC(65)   Pre Evacuate Collection Set: 0.30ms
[2026-06-17T10:02:05.712+0800][2.209s][info][gc,phases   ] GC(65)   Merge Heap Roots: 0.11ms
[2026-06-17T10:02:05.713+0800][2.210s][info][gc,phases   ] GC(65)   Evacuate Collection Set: 0.89ms
[2026-06-17T10:02:05.713+0800][2.210s][info][gc,phases   ] GC(65)   Post Evacuate Collection Set: 0.33ms
[2026-06-17T10:02:05.713+0800][2.210s][info][gc,phases   ] GC(65)   Other: 0.45ms
[2026-06-17T10:02:05.713+0800][2.210s][info][gc,heap     ] GC(65) Eden regions: 10->0(10)
[2026-06-17T10:02:05.714+0800][2.211s][info][gc,heap     ] GC(65) Survivor regions: 2->2(2)
[2026-06-17T10:02:05.714+0800][2.211s][info][gc,heap     ] GC(65) Old regions: 22->22
[2026-06-17T10:02:05.714+0800][2.211s][info][gc,heap     ] GC(65) Humongous regions: 16->16
[2026-06-17T10:02:05.714+0800][2.211s][info][gc,metaspace] GC(65) Metaspace: 102K(320K)->102K(320K) NonClass: 95K(192K)->95K(192K) Class: 7K(128K)->7K(128K)
[2026-06-17T10:02:05.715+0800][2.212s][info][gc          ] GC(65) Pause Young (Mixed) (G1 Evacuation Pause) 49M->39M(64M) 5.386ms
[2026-06-17T10:02:05.715+0800][2.212s][info][gc,cpu      ] GC(65) User=0.00s Sys=0.00s Real=0.01s
[2026-06-17T10:02:05.747+0800][2.244s][info][gc,start    ] GC(66) Pause Young (Normal) (G1 Evacuation Pause)
[2026-06-17T10:02:05.747+0800][2.244s][info][gc,task     ] GC(66) Using 2 workers of 18 for evacuation
[2026-06-17T10:02:05.749+0800][2.245s][info][gc,phases   ] GC(66)   Pre Evacuate Collection Set: 0.17ms
[2026-06-17T10:02:05.749+0800][2.246s][info][gc,phases   ] GC(66)   Merge Heap Roots: 0.07ms
[2026-06-17T10:02:05.749+0800][2.246s][info][gc,phases   ] GC(66)   Evacuate Collection Set: 0.35ms
[2026-06-17T10:02:05.750+0800][2.246s][info][gc,phases   ] GC(66)   Post Evacuate Collection Set: 0.29ms
[2026-06-17T10:02:05.750+0800][2.247s][info][gc,phases   ] GC(66)   Other: 0.39ms
[2026-06-17T10:02:05.750+0800][2.247s][info][gc,heap     ] GC(66) Eden regions: 10->0(10)
[2026-06-17T10:02:05.750+0800][2.247s][info][gc,heap     ] GC(66) Survivor regions: 2->2(2)
[2026-06-17T10:02:05.751+0800][2.247s][info][gc,heap     ] GC(66) Old regions: 22->23
[2026-06-17T10:02:05.751+0800][2.248s][info][gc,heap     ] GC(66) Humongous regions: 16->16
[2026-06-17T10:02:05.751+0800][2.248s][info][gc,metaspace] GC(66) Metaspace: 102K(320K)->102K(320K) NonClass: 95K(192K)->95K(192K) Class: 7K(128K)->7K(128K)
[2026-06-17T10:02:05.751+0800][2.248s][info][gc          ] GC(66) Pause Young (Normal) (G1 Evacuation Pause) 49M->40M(64M) 4.635ms
[2026-06-17T10:02:05.752+0800][2.249s][info][gc,cpu      ] GC(66) User=0.00s Sys=0.00s Real=0.01s
[2026-06-17T10:02:05.773+0800][2.270s][info][gc,start    ] GC(67) Pause Young (Normal) (G1 Evacuation Pause)
[2026-06-17T10:02:05.774+0800][2.271s][info][gc,task     ] GC(67) Using 2 workers of 18 for evacuation
[2026-06-17T10:02:05.775+0800][2.272s][info][gc,phases   ] GC(67)   Pre Evacuate Collection Set: 0.16ms
[2026-06-17T10:02:05.776+0800][2.273s][info][gc,phases   ] GC(67)   Merge Heap Roots: 0.12ms
[2026-06-17T10:02:05.776+0800][2.273s][info][gc,phases   ] GC(67)   Evacuate Collection Set: 0.52ms
[2026-06-17T10:02:05.776+0800][2.273s][info][gc,phases   ] GC(67)   Post Evacuate Collection Set: 0.32ms
[2026-06-17T10:02:05.776+0800][2.273s][info][gc,phases   ] GC(67)   Other: 0.44ms
[2026-06-17T10:02:05.777+0800][2.274s][info][gc,heap     ] GC(67) Eden regions: 10->0(9)
[2026-06-17T10:02:05.777+0800][2.274s][info][gc,heap     ] GC(67) Survivor regions: 2->2(2)
[2026-06-17T10:02:05.777+0800][2.274s][info][gc,heap     ] GC(67) Old regions: 23->26
[2026-06-17T10:02:05.778+0800][2.274s][info][gc,heap     ] GC(67) Humongous regions: 16->16
[2026-06-17T10:02:05.778+0800][2.275s][info][gc,metaspace] GC(67) Metaspace: 102K(320K)->102K(320K) NonClass: 95K(192K)->95K(192K) Class: 7K(128K)->7K(128K)
[2026-06-17T10:02:05.778+0800][2.275s][info][gc          ] GC(67) Pause Young (Normal) (G1 Evacuation Pause) 50M->43M(64M) 4.793ms
[2026-06-17T10:02:05.778+0800][2.275s][info][gc,cpu      ] GC(67) User=0.00s Sys=0.00s Real=0.00s
[2026-06-17T10:02:05.800+0800][2.297s][info][gc,start    ] GC(68) Pause Young (Concurrent Start) (G1 Evacuation Pause)
[2026-06-17T10:02:05.801+0800][2.297s][info][gc,task     ] GC(68) Using 2 workers of 18 for evacuation
[2026-06-17T10:02:05.803+0800][2.300s][info][gc,phases   ] GC(68)   Pre Evacuate Collection Set: 0.31ms
[2026-06-17T10:02:05.803+0800][2.300s][info][gc,phases   ] GC(68)   Merge Heap Roots: 0.11ms
[2026-06-17T10:02:05.804+0800][2.300s][info][gc,phases   ] GC(68)   Evacuate Collection Set: 0.68ms
[2026-06-17T10:02:05.804+0800][2.301s][info][gc,phases   ] GC(68)   Post Evacuate Collection Set: 0.38ms
[2026-06-17T10:02:05.804+0800][2.301s][info][gc,phases   ] GC(68)   Other: 0.82ms
[2026-06-17T10:02:05.804+0800][2.301s][info][gc,heap     ] GC(68) Eden regions: 9->0(6)
[2026-06-17T10:02:05.805+0800][2.302s][info][gc,heap     ] GC(68) Survivor regions: 2->2(2)
[2026-06-17T10:02:05.805+0800][2.302s][info][gc,heap     ] GC(68) Old regions: 26->30
[2026-06-17T10:02:05.805+0800][2.302s][info][gc,heap     ] GC(68) Humongous regions: 16->16
[2026-06-17T10:02:05.806+0800][2.303s][info][gc,metaspace] GC(68) Metaspace: 102K(320K)->102K(320K) NonClass: 95K(192K)->95K(192K) Class: 7K(128K)->7K(128K)
[2026-06-17T10:02:05.806+0800][2.303s][info][gc          ] GC(68) Pause Young (Concurrent Start) (G1 Evacuation Pause) 52M->47M(64M) 6.106ms
[2026-06-17T10:02:05.806+0800][2.303s][info][gc,cpu      ] GC(68) User=0.01s Sys=0.00s Real=0.01s
[2026-06-17T10:02:05.806+0800][2.303s][info][gc          ] GC(69) Concurrent Mark Cycle
[2026-06-17T10:02:05.807+0800][2.304s][info][gc,marking  ] GC(69) Concurrent Scan Root Regions
[2026-06-17T10:02:05.808+0800][2.305s][info][gc,marking  ] GC(69) Concurrent Scan Root Regions 0.435ms
[2026-06-17T10:02:05.808+0800][2.305s][info][gc,marking  ] GC(69) Concurrent Mark
[2026-06-17T10:02:05.808+0800][2.305s][info][gc,marking  ] GC(69) Concurrent Mark From Roots
[2026-06-17T10:02:05.809+0800][2.305s][info][gc,task     ] GC(69) Using 5 workers of 5 for marking
[2026-06-17T10:02:05.811+0800][2.308s][info][gc,marking  ] GC(69) Concurrent Mark From Roots 2.402ms
[2026-06-17T10:02:05.811+0800][2.308s][info][gc,marking  ] GC(69) Concurrent Preclean
[2026-06-17T10:02:05.811+0800][2.308s][info][gc,marking  ] GC(69) Concurrent Preclean 0.200ms
[2026-06-17T10:02:05.811+0800][2.308s][info][gc,start    ] GC(69) Pause Remark
[2026-06-17T10:02:05.812+0800][2.309s][info][gc          ] GC(69) Pause Remark 49M->43M(64M) 0.704ms
[2026-06-17T10:02:05.812+0800][2.309s][info][gc,cpu      ] GC(69) User=0.00s Sys=0.00s Real=0.00s
[2026-06-17T10:02:05.813+0800][2.309s][info][gc,marking  ] GC(69) Concurrent Mark 4.575ms
[2026-06-17T10:02:05.813+0800][2.310s][info][gc,marking  ] GC(69) Concurrent Rebuild Remembered Sets and Scrub Regions
[2026-06-17T10:02:05.814+0800][2.310s][info][gc,marking  ] GC(69) Concurrent Rebuild Remembered Sets and Scrub Regions 0.847ms
[2026-06-17T10:02:05.814+0800][2.311s][info][gc,start    ] GC(69) Pause Cleanup
[2026-06-17T10:02:05.814+0800][2.311s][info][gc          ] GC(69) Pause Cleanup 43M->43M(64M) 0.230ms
[2026-06-17T10:02:05.814+0800][2.311s][info][gc,cpu      ] GC(69) User=0.00s Sys=0.00s Real=0.00s
[2026-06-17T10:02:05.815+0800][2.311s][info][gc,marking  ] GC(69) Concurrent Clear Claimed Marks
[2026-06-17T10:02:05.815+0800][2.312s][info][gc,marking  ] GC(69) Concurrent Clear Claimed Marks 0.083ms
[2026-06-17T10:02:05.815+0800][2.312s][info][gc,marking  ] GC(69) Concurrent Cleanup for Next Mark
[2026-06-17T10:02:05.815+0800][2.312s][info][gc,marking  ] GC(69) Concurrent Cleanup for Next Mark 0.207ms
[2026-06-17T10:02:05.815+0800][2.312s][info][gc          ] GC(69) Concurrent Mark Cycle 8.674ms
[2026-06-17T10:02:05.828+0800][2.324s][info][gc,start    ] GC(70) Pause Young (Prepare Mixed) (G1 Evacuation Pause)
[2026-06-17T10:02:05.828+0800][2.325s][info][gc,task     ] GC(70) Using 2 workers of 18 for evacuation
[2026-06-17T10:02:05.829+0800][2.326s][info][gc,phases   ] GC(70)   Pre Evacuate Collection Set: 0.11ms
[2026-06-17T10:02:05.829+0800][2.326s][info][gc,phases   ] GC(70)   Merge Heap Roots: 0.05ms
[2026-06-17T10:02:05.829+0800][2.326s][info][gc,phases   ] GC(70)   Evacuate Collection Set: 0.22ms
[2026-06-17T10:02:05.830+0800][2.326s][info][gc,phases   ] GC(70)   Post Evacuate Collection Set: 0.19ms
[2026-06-17T10:02:05.830+0800][2.327s][info][gc,phases   ] GC(70)   Other: 0.29ms
[2026-06-17T10:02:05.830+0800][2.327s][info][gc,heap     ] GC(70) Eden regions: 6->0(11)
[2026-06-17T10:02:05.830+0800][2.327s][info][gc,heap     ] GC(70) Survivor regions: 2->1(1)
[2026-06-17T10:02:05.830+0800][2.327s][info][gc,heap     ] GC(70) Old regions: 24->25
[2026-06-17T10:02:05.831+0800][2.328s][info][gc,heap     ] GC(70) Humongous regions: 16->16
[2026-06-17T10:02:05.831+0800][2.328s][info][gc,metaspace] GC(70) Metaspace: 102K(320K)->102K(320K) NonClass: 95K(192K)->95K(192K) Class: 7K(128K)->7K(128K)
[2026-06-17T10:02:05.831+0800][2.328s][info][gc          ] GC(70) Pause Young (Prepare Mixed) (G1 Evacuation Pause) 47M->41M(64M) 3.835ms
[2026-06-17T10:02:05.832+0800][2.328s][info][gc,cpu      ] GC(70) User=0.01s Sys=0.00s Real=0.01s
[2026-06-17T10:02:05.864+0800][2.361s][info][gc,start    ] GC(71) Pause Young (Mixed) (G1 Evacuation Pause)
[2026-06-17T10:02:05.864+0800][2.361s][info][gc,task     ] GC(71) Using 2 workers of 18 for evacuation
[2026-06-17T10:02:05.866+0800][2.363s][info][gc,phases   ] GC(71)   Pre Evacuate Collection Set: 0.27ms
[2026-06-17T10:02:05.866+0800][2.363s][info][gc,phases   ] GC(71)   Merge Heap Roots: 0.10ms
[2026-06-17T10:02:05.866+0800][2.363s][info][gc,phases   ] GC(71)   Evacuate Collection Set: 0.37ms
[2026-06-17T10:02:05.867+0800][2.363s][info][gc,phases   ] GC(71)   Post Evacuate Collection Set: 0.31ms
[2026-06-17T10:02:05.867+0800][2.364s][info][gc,phases   ] GC(71)   Other: 0.41ms
[2026-06-17T10:02:05.867+0800][2.364s][info][gc,heap     ] GC(71) Eden regions: 11->0(14)
[2026-06-17T10:02:05.867+0800][2.364s][info][gc,heap     ] GC(71) Survivor regions: 1->2(2)
[2026-06-17T10:02:05.867+0800][2.364s][info][gc,heap     ] GC(71) Old regions: 25->19
[2026-06-17T10:02:05.867+0800][2.364s][info][gc,heap     ] GC(71) Humongous regions: 17->17
[2026-06-17T10:02:05.867+0800][2.364s][info][gc,metaspace] GC(71) Metaspace: 102K(320K)->102K(320K) NonClass: 95K(192K)->95K(192K) Class: 7K(128K)->7K(128K)
[2026-06-17T10:02:05.868+0800][2.365s][info][gc          ] GC(71) Pause Young (Mixed) (G1 Evacuation Pause) 53M->37M(64M) 3.974ms
[2026-06-17T10:02:05.868+0800][2.365s][info][gc,cpu      ] GC(71) User=0.00s Sys=0.00s Real=0.00s
[2026-06-17T10:02:05.900+0800][2.397s][info][gc,start    ] GC(72) Pause Young (Mixed) (G1 Evacuation Pause)
[2026-06-17T10:02:05.900+0800][2.397s][info][gc,task     ] GC(72) Using 2 workers of 18 for evacuation
[2026-06-17T10:02:05.902+0800][2.399s][info][gc,phases   ] GC(72)   Pre Evacuate Collection Set: 0.15ms
[2026-06-17T10:02:05.902+0800][2.399s][info][gc,phases   ] GC(72)   Merge Heap Roots: 0.08ms
[2026-06-17T10:02:05.902+0800][2.399s][info][gc,phases   ] GC(72)   Evacuate Collection Set: 0.69ms
[2026-06-17T10:02:05.903+0800][2.400s][info][gc,phases   ] GC(72)   Post Evacuate Collection Set: 0.28ms
[2026-06-17T10:02:05.903+0800][2.400s][info][gc,phases   ] GC(72)   Other: 0.30ms
[2026-06-17T10:02:05.903+0800][2.400s][info][gc,heap     ] GC(72) Eden regions: 14->0(11)
[2026-06-17T10:02:05.903+0800][2.400s][info][gc,heap     ] GC(72) Survivor regions: 2->2(2)
[2026-06-17T10:02:05.903+0800][2.400s][info][gc,heap     ] GC(72) Old regions: 19->22
[2026-06-17T10:02:05.904+0800][2.400s][info][gc,heap     ] GC(72) Humongous regions: 17->17
[2026-06-17T10:02:05.904+0800][2.401s][info][gc,metaspace] GC(72) Metaspace: 102K(320K)->102K(320K) NonClass: 95K(192K)->95K(192K) Class: 7K(128K)->7K(128K)
[2026-06-17T10:02:05.904+0800][2.401s][info][gc          ] GC(72) Pause Young (Mixed) (G1 Evacuation Pause) 51M->40M(64M) 3.952ms
[2026-06-17T10:02:05.904+0800][2.401s][info][gc,cpu      ] GC(72) User=0.00s Sys=0.00s Real=0.01s
[2026-06-17T10:02:05.936+0800][2.433s][info][gc,start    ] GC(73) Pause Young (Normal) (G1 Evacuation Pause)
[2026-06-17T10:02:05.936+0800][2.433s][info][gc,task     ] GC(73) Using 2 workers of 18 for evacuation
[2026-06-17T10:02:05.938+0800][2.435s][info][gc,phases   ] GC(73)   Pre Evacuate Collection Set: 0.16ms
[2026-06-17T10:02:05.938+0800][2.435s][info][gc,phases   ] GC(73)   Merge Heap Roots: 0.06ms
[2026-06-17T10:02:05.939+0800][2.436s][info][gc,phases   ] GC(73)   Evacuate Collection Set: 0.48ms
[2026-06-17T10:02:05.939+0800][2.436s][info][gc,phases   ] GC(73)   Post Evacuate Collection Set: 0.22ms
[2026-06-17T10:02:05.939+0800][2.436s][info][gc,phases   ] GC(73)   Other: 0.82ms
[2026-06-17T10:02:05.939+0800][2.436s][info][gc,heap     ] GC(73) Eden regions: 11->0(10)
[2026-06-17T10:02:05.940+0800][2.436s][info][gc,heap     ] GC(73) Survivor regions: 2->2(2)
[2026-06-17T10:02:05.940+0800][2.437s][info][gc,heap     ] GC(73) Old regions: 22->24
[2026-06-17T10:02:05.940+0800][2.437s][info][gc,heap     ] GC(73) Humongous regions: 17->17
[2026-06-17T10:02:05.940+0800][2.437s][info][gc,metaspace] GC(73) Metaspace: 102K(320K)->102K(320K) NonClass: 95K(192K)->95K(192K) Class: 7K(128K)->7K(128K)
[2026-06-17T10:02:05.940+0800][2.437s][info][gc          ] GC(73) Pause Young (Normal) (G1 Evacuation Pause) 51M->42M(64M) 4.526ms
[2026-06-17T10:02:05.941+0800][2.437s][info][gc,cpu      ] GC(73) User=0.01s Sys=0.00s Real=0.00s
[2026-06-17T10:02:05.962+0800][2.459s][info][gc,start    ] GC(74) Pause Young (Concurrent Start) (G1 Evacuation Pause)
[2026-06-17T10:02:05.962+0800][2.459s][info][gc,task     ] GC(74) Using 2 workers of 18 for evacuation
[2026-06-17T10:02:05.964+0800][2.461s][info][gc,phases   ] GC(74)   Pre Evacuate Collection Set: 0.20ms
[2026-06-17T10:02:05.964+0800][2.461s][info][gc,phases   ] GC(74)   Merge Heap Roots: 0.07ms
[2026-06-17T10:02:05.965+0800][2.461s][info][gc,phases   ] GC(74)   Evacuate Collection Set: 0.55ms
[2026-06-17T10:02:05.965+0800][2.462s][info][gc,phases   ] GC(74)   Post Evacuate Collection Set: 0.30ms
[2026-06-17T10:02:05.965+0800][2.462s][info][gc,phases   ] GC(74)   Other: 0.45ms
[2026-06-17T10:02:05.965+0800][2.462s][info][gc,heap     ] GC(74) Eden regions: 10->0(8)
[2026-06-17T10:02:05.966+0800][2.463s][info][gc,heap     ] GC(74) Survivor regions: 2->2(2)
[2026-06-17T10:02:05.966+0800][2.463s][info][gc,heap     ] GC(74) Old regions: 24->27
[2026-06-17T10:02:05.966+0800][2.463s][info][gc,heap     ] GC(74) Humongous regions: 17->17
[2026-06-17T10:02:05.967+0800][2.464s][info][gc,metaspace] GC(74) Metaspace: 103K(320K)->103K(320K) NonClass: 95K(192K)->95K(192K) Class: 7K(128K)->7K(128K)
[2026-06-17T10:02:05.970+0800][2.467s][info][gc          ] GC(74) Pause Young (Concurrent Start) (G1 Evacuation Pause) 52M->45M(64M) 8.011ms
[2026-06-17T10:02:05.971+0800][2.468s][info][gc,cpu      ] GC(74) User=0.00s Sys=0.00s Real=0.02s
[2026-06-17T10:02:05.971+0800][2.468s][info][gc          ] GC(75) Concurrent Mark Cycle
[2026-06-17T10:02:05.972+0800][2.469s][info][gc,marking  ] GC(75) Concurrent Scan Root Regions
[2026-06-17T10:02:05.973+0800][2.470s][info][gc,marking  ] GC(75) Concurrent Scan Root Regions 0.381ms
[2026-06-17T10:02:05.973+0800][2.470s][info][gc,marking  ] GC(75) Concurrent Mark
[2026-06-17T10:02:05.973+0800][2.470s][info][gc,marking  ] GC(75) Concurrent Mark From Roots
[2026-06-17T10:02:05.973+0800][2.470s][info][gc,task     ] GC(75) Using 5 workers of 5 for marking
[2026-06-17T10:02:05.975+0800][2.472s][info][gc,marking  ] GC(75) Concurrent Mark From Roots 1.958ms
[2026-06-17T10:02:05.975+0800][2.472s][info][gc,marking  ] GC(75) Concurrent Preclean
[2026-06-17T10:02:05.976+0800][2.472s][info][gc,marking  ] GC(75) Concurrent Preclean 0.202ms
[2026-06-17T10:02:05.976+0800][2.473s][info][gc,start    ] GC(75) Pause Remark
[2026-06-17T10:02:05.977+0800][2.474s][info][gc          ] GC(75) Pause Remark 46M->38M(64M) 0.634ms
[2026-06-17T10:02:05.977+0800][2.474s][info][gc,cpu      ] GC(75) User=0.00s Sys=0.00s Real=0.00s
[2026-06-17T10:02:05.977+0800][2.474s][info][gc,marking  ] GC(75) Concurrent Mark 4.151ms
[2026-06-17T10:02:05.978+0800][2.474s][info][gc,marking  ] GC(75) Concurrent Rebuild Remembered Sets and Scrub Regions
[2026-06-17T10:02:05.978+0800][2.475s][info][gc,marking  ] GC(75) Concurrent Rebuild Remembered Sets and Scrub Regions 0.649ms
[2026-06-17T10:02:05.979+0800][2.475s][info][gc,start    ] GC(75) Pause Cleanup
[2026-06-17T10:02:05.979+0800][2.476s][info][gc          ] GC(75) Pause Cleanup 38M->38M(64M) 0.178ms
[2026-06-17T10:02:05.979+0800][2.476s][info][gc,cpu      ] GC(75) User=0.00s Sys=0.00s Real=0.00s
[2026-06-17T10:02:05.979+0800][2.476s][info][gc,marking  ] GC(75) Concurrent Clear Claimed Marks
[2026-06-17T10:02:05.979+0800][2.476s][info][gc,marking  ] GC(75) Concurrent Clear Claimed Marks 0.137ms
[2026-06-17T10:02:05.979+0800][2.476s][info][gc,marking  ] GC(75) Concurrent Cleanup for Next Mark
[2026-06-17T10:02:05.979+0800][2.476s][info][gc,marking  ] GC(75) Concurrent Cleanup for Next Mark 0.143ms
[2026-06-17T10:02:05.979+0800][2.476s][info][gc          ] GC(75) Concurrent Mark Cycle 8.464ms
[2026-06-17T10:02:05.993+0800][2.490s][info][gc,start    ] GC(76) Pause Young (Prepare Mixed) (G1 Evacuation Pause)
[2026-06-17T10:02:05.994+0800][2.490s][info][gc,task     ] GC(76) Using 2 workers of 18 for evacuation
[2026-06-17T10:02:05.995+0800][2.492s][info][gc,phases   ] GC(76)   Pre Evacuate Collection Set: 0.15ms
[2026-06-17T10:02:05.995+0800][2.492s][info][gc,phases   ] GC(76)   Merge Heap Roots: 0.06ms
[2026-06-17T10:02:05.996+0800][2.492s][info][gc,phases   ] GC(76)   Evacuate Collection Set: 0.61ms
[2026-06-17T10:02:05.996+0800][2.493s][info][gc,phases   ] GC(76)   Post Evacuate Collection Set: 0.44ms
[2026-06-17T10:02:05.996+0800][2.493s][info][gc,phases   ] GC(76)   Other: 0.29ms
[2026-06-17T10:02:05.996+0800][2.493s][info][gc,heap     ] GC(76) Eden regions: 8->0(11)
[2026-06-17T10:02:05.996+0800][2.493s][info][gc,heap     ] GC(76) Survivor regions: 2->2(2)
[2026-06-17T10:02:05.996+0800][2.493s][info][gc,heap     ] GC(76) Old regions: 27->30
[2026-06-17T10:02:05.997+0800][2.493s][info][gc,heap     ] GC(76) Humongous regions: 9->9
[2026-06-17T10:02:05.997+0800][2.494s][info][gc,metaspace] GC(76) Metaspace: 103K(320K)->103K(320K) NonClass: 95K(192K)->95K(192K) Class: 7K(128K)->7K(128K)
[2026-06-17T10:02:05.997+0800][2.494s][info][gc          ] GC(76) Pause Young (Prepare Mixed) (G1 Evacuation Pause) 45M->40M(64M) 3.642ms
[2026-06-17T10:02:05.997+0800][2.494s][info][gc,cpu      ] GC(76) User=0.00s Sys=0.00s Real=0.00s
[2026-06-17T10:02:06.018+0800][2.515s][info][gc,start    ] GC(77) Pause Young (Mixed) (G1 Evacuation Pause)
[2026-06-17T10:02:06.019+0800][2.516s][info][gc,task     ] GC(77) Using 2 workers of 18 for evacuation
[2026-06-17T10:02:06.020+0800][2.517s][info][gc,phases   ] GC(77)   Pre Evacuate Collection Set: 0.21ms
[2026-06-17T10:02:06.021+0800][2.517s][info][gc,phases   ] GC(77)   Merge Heap Roots: 0.10ms
[2026-06-17T10:02:06.021+0800][2.518s][info][gc,phases   ] GC(77)   Evacuate Collection Set: 0.62ms
[2026-06-17T10:02:06.021+0800][2.518s][info][gc,phases   ] GC(77)   Post Evacuate Collection Set: 0.31ms
[2026-06-17T10:02:06.021+0800][2.518s][info][gc,phases   ] GC(77)   Other: 0.32ms
[2026-06-17T10:02:06.021+0800][2.518s][info][gc,heap     ] GC(77) Eden regions: 11->0(16)
[2026-06-17T10:02:06.022+0800][2.518s][info][gc,heap     ] GC(77) Survivor regions: 2->2(2)
[2026-06-17T10:02:06.022+0800][2.519s][info][gc,heap     ] GC(77) Old regions: 30->26
[2026-06-17T10:02:06.022+0800][2.519s][info][gc,heap     ] GC(77) Humongous regions: 9->9
[2026-06-17T10:02:06.022+0800][2.519s][info][gc,metaspace] GC(77) Metaspace: 103K(320K)->103K(320K) NonClass: 95K(192K)->95K(192K) Class: 7K(128K)->7K(128K)
[2026-06-17T10:02:06.022+0800][2.519s][info][gc          ] GC(77) Pause Young (Mixed) (G1 Evacuation Pause) 51M->36M(64M) 3.673ms
[2026-06-17T10:02:06.022+0800][2.519s][info][gc,cpu      ] GC(77) User=0.00s Sys=0.00s Real=0.00s
[2026-06-17T10:02:06.075+0800][2.572s][info][gc,start    ] GC(78) Pause Young (Normal) (G1 Evacuation Pause)
[2026-06-17T10:02:06.075+0800][2.572s][info][gc,task     ] GC(78) Using 2 workers of 18 for evacuation
[2026-06-17T10:02:06.076+0800][2.573s][info][gc,phases   ] GC(78)   Pre Evacuate Collection Set: 0.16ms
[2026-06-17T10:02:06.076+0800][2.573s][info][gc,phases   ] GC(78)   Merge Heap Roots: 0.04ms
[2026-06-17T10:02:06.077+0800][2.573s][info][gc,phases   ] GC(78)   Evacuate Collection Set: 0.28ms
[2026-06-17T10:02:06.077+0800][2.573s][info][gc,phases   ] GC(78)   Post Evacuate Collection Set: 0.31ms
[2026-06-17T10:02:06.077+0800][2.574s][info][gc,phases   ] GC(78)   Other: 0.21ms
[2026-06-17T10:02:06.077+0800][2.574s][info][gc,heap     ] GC(78) Eden regions: 16->0(14)
[2026-06-17T10:02:06.077+0800][2.574s][info][gc,heap     ] GC(78) Survivor regions: 2->3(3)
[2026-06-17T10:02:06.077+0800][2.574s][info][gc,heap     ] GC(78) Old regions: 26->27
[2026-06-17T10:02:06.077+0800][2.574s][info][gc,heap     ] GC(78) Humongous regions: 10->10
[2026-06-17T10:02:06.077+0800][2.574s][info][gc,metaspace] GC(78) Metaspace: 103K(320K)->103K(320K) NonClass: 95K(192K)->95K(192K) Class: 7K(128K)->7K(128K)
[2026-06-17T10:02:06.077+0800][2.574s][info][gc          ] GC(78) Pause Young (Normal) (G1 Evacuation Pause) 53M->39M(64M) 2.132ms
[2026-06-17T10:02:06.077+0800][2.574s][info][gc,cpu      ] GC(78) User=0.00s Sys=0.01s Real=0.00s
[2026-06-17T10:02:06.109+0800][2.606s][info][gc,start    ] GC(79) Pause Young (Normal) (G1 Evacuation Pause)
[2026-06-17T10:02:06.109+0800][2.606s][info][gc,task     ] GC(79) Using 2 workers of 18 for evacuation
[2026-06-17T10:02:06.111+0800][2.608s][info][gc,phases   ] GC(79)   Pre Evacuate Collection Set: 0.12ms
[2026-06-17T10:02:06.111+0800][2.608s][info][gc,phases   ] GC(79)   Merge Heap Roots: 0.04ms
[2026-06-17T10:02:06.111+0800][2.608s][info][gc,phases   ] GC(79)   Evacuate Collection Set: 0.61ms
[2026-06-17T10:02:06.111+0800][2.608s][info][gc,phases   ] GC(79)   Post Evacuate Collection Set: 0.26ms
[2026-06-17T10:02:06.111+0800][2.608s][info][gc,phases   ] GC(79)   Other: 0.31ms
[2026-06-17T10:02:06.112+0800][2.608s][info][gc,heap     ] GC(79) Eden regions: 14->0(9)
[2026-06-17T10:02:06.112+0800][2.609s][info][gc,heap     ] GC(79) Survivor regions: 3->3(3)
[2026-06-17T10:02:06.112+0800][2.609s][info][gc,heap     ] GC(79) Old regions: 27->32
[2026-06-17T10:02:06.112+0800][2.609s][info][gc,heap     ] GC(79) Humongous regions: 10->10
[2026-06-17T10:02:06.112+0800][2.609s][info][gc,metaspace] GC(79) Metaspace: 103K(320K)->103K(320K) NonClass: 95K(192K)->95K(192K) Class: 7K(128K)->7K(128K)
[2026-06-17T10:02:06.112+0800][2.609s][info][gc          ] GC(79) Pause Young (Normal) (G1 Evacuation Pause) 53M->44M(64M) 3.285ms
[2026-06-17T10:02:06.112+0800][2.609s][info][gc,cpu      ] GC(79) User=0.00s Sys=0.00s Real=0.01s
[2026-06-17T10:02:06.134+0800][2.630s][info][gc,start    ] GC(80) Pause Young (Concurrent Start) (G1 Evacuation Pause)
[2026-06-17T10:02:06.134+0800][2.631s][info][gc,task     ] GC(80) Using 2 workers of 18 for evacuation
[2026-06-17T10:02:06.135+0800][2.632s][info][gc,phases   ] GC(80)   Pre Evacuate Collection Set: 0.23ms
[2026-06-17T10:02:06.136+0800][2.633s][info][gc,phases   ] GC(80)   Merge Heap Roots: 0.08ms
[2026-06-17T10:02:06.136+0800][2.633s][info][gc,phases   ] GC(80)   Evacuate Collection Set: 0.46ms
[2026-06-17T10:02:06.136+0800][2.633s][info][gc,phases   ] GC(80)   Post Evacuate Collection Set: 0.29ms
[2026-06-17T10:02:06.136+0800][2.633s][info][gc,phases   ] GC(80)   Other: 0.36ms
[2026-06-17T10:02:06.136+0800][2.633s][info][gc,heap     ] GC(80) Eden regions: 9->0(6)
[2026-06-17T10:02:06.137+0800][2.633s][info][gc,heap     ] GC(80) Survivor regions: 3->2(2)
[2026-06-17T10:02:06.137+0800][2.634s][info][gc,heap     ] GC(80) Old regions: 32->35
[2026-06-17T10:02:06.137+0800][2.634s][info][gc,heap     ] GC(80) Humongous regions: 10->10
[2026-06-17T10:02:06.137+0800][2.634s][info][gc,metaspace] GC(80) Metaspace: 103K(320K)->103K(320K) NonClass: 95K(192K)->95K(192K) Class: 7K(128K)->7K(128K)
[2026-06-17T10:02:06.137+0800][2.634s][info][gc          ] GC(80) Pause Young (Concurrent Start) (G1 Evacuation Pause) 53M->46M(64M) 3.780ms
[2026-06-17T10:02:06.138+0800][2.634s][info][gc,cpu      ] GC(80) User=0.00s Sys=0.00s Real=0.00s
[2026-06-17T10:02:06.138+0800][2.634s][info][gc          ] GC(81) Concurrent Mark Cycle
[2026-06-17T10:02:06.138+0800][2.635s][info][gc,marking  ] GC(81) Concurrent Scan Root Regions
[2026-06-17T10:02:06.139+0800][2.635s][info][gc,marking  ] GC(81) Concurrent Scan Root Regions 0.621ms
[2026-06-17T10:02:06.139+0800][2.636s][info][gc,marking  ] GC(81) Concurrent Mark
[2026-06-17T10:02:06.139+0800][2.636s][info][gc,marking  ] GC(81) Concurrent Mark From Roots
[2026-06-17T10:02:06.139+0800][2.636s][info][gc,task     ] GC(81) Using 5 workers of 5 for marking
[2026-06-17T10:02:06.141+0800][2.638s][info][gc,marking  ] GC(81) Concurrent Mark From Roots 1.466ms
[2026-06-17T10:02:06.141+0800][2.638s][info][gc,marking  ] GC(81) Concurrent Preclean
[2026-06-17T10:02:06.141+0800][2.638s][info][gc,marking  ] GC(81) Concurrent Preclean 0.110ms
[2026-06-17T10:02:06.141+0800][2.638s][info][gc,start    ] GC(81) Pause Remark
[2026-06-17T10:02:06.141+0800][2.638s][info][gc          ] GC(81) Pause Remark 47M->39M(64M) 0.412ms
[2026-06-17T10:02:06.142+0800][2.639s][info][gc,cpu      ] GC(81) User=0.00s Sys=0.00s Real=0.00s
[2026-06-17T10:02:06.142+0800][2.639s][info][gc,marking  ] GC(81) Concurrent Mark 2.704ms
[2026-06-17T10:02:06.142+0800][2.639s][info][gc,marking  ] GC(81) Concurrent Rebuild Remembered Sets and Scrub Regions
[2026-06-17T10:02:06.142+0800][2.639s][info][gc,marking  ] GC(81) Concurrent Rebuild Remembered Sets and Scrub Regions 0.438ms
[2026-06-17T10:02:06.143+0800][2.639s][info][gc,start    ] GC(81) Pause Cleanup
[2026-06-17T10:02:06.143+0800][2.640s][info][gc          ] GC(81) Pause Cleanup 39M->39M(64M) 0.134ms
[2026-06-17T10:02:06.143+0800][2.640s][info][gc,cpu      ] GC(81) User=0.00s Sys=0.00s Real=0.00s
[2026-06-17T10:02:06.143+0800][2.640s][info][gc,marking  ] GC(81) Concurrent Clear Claimed Marks
[2026-06-17T10:02:06.143+0800][2.640s][info][gc,marking  ] GC(81) Concurrent Clear Claimed Marks 0.066ms
[2026-06-17T10:02:06.143+0800][2.640s][info][gc,marking  ] GC(81) Concurrent Cleanup for Next Mark
[2026-06-17T10:02:06.143+0800][2.640s][info][gc,marking  ] GC(81) Concurrent Cleanup for Next Mark 0.176ms
[2026-06-17T10:02:06.143+0800][2.640s][info][gc          ] GC(81) Concurrent Mark Cycle 5.675ms
[2026-06-17T10:02:06.159+0800][2.656s][info][gc,start    ] GC(82) Pause Young (Prepare Mixed) (G1 Evacuation Pause)
[2026-06-17T10:02:06.159+0800][2.656s][info][gc,task     ] GC(82) Using 2 workers of 18 for evacuation
[2026-06-17T10:02:06.160+0800][2.657s][info][gc,phases   ] GC(82)   Pre Evacuate Collection Set: 0.09ms
[2026-06-17T10:02:06.160+0800][2.657s][info][gc,phases   ] GC(82)   Merge Heap Roots: 0.05ms
[2026-06-17T10:02:06.160+0800][2.657s][info][gc,phases   ] GC(82)   Evacuate Collection Set: 0.25ms
[2026-06-17T10:02:06.160+0800][2.657s][info][gc,phases   ] GC(82)   Post Evacuate Collection Set: 0.16ms
[2026-06-17T10:02:06.161+0800][2.657s][info][gc,phases   ] GC(82)   Other: 0.26ms
[2026-06-17T10:02:06.161+0800][2.658s][info][gc,heap     ] GC(82) Eden regions: 6->0(13)
[2026-06-17T10:02:06.161+0800][2.658s][info][gc,heap     ] GC(82) Survivor regions: 2->1(1)
[2026-06-17T10:02:06.161+0800][2.658s][info][gc,heap     ] GC(82) Old regions: 27->30
[2026-06-17T10:02:06.161+0800][2.658s][info][gc,heap     ] GC(82) Humongous regions: 10->10
[2026-06-17T10:02:06.161+0800][2.658s][info][gc,metaspace] GC(82) Metaspace: 103K(320K)->103K(320K) NonClass: 95K(192K)->95K(192K) Class: 7K(128K)->7K(128K)
[2026-06-17T10:02:06.161+0800][2.658s][info][gc          ] GC(82) Pause Young (Prepare Mixed) (G1 Evacuation Pause) 44M->40M(64M) 2.657ms
[2026-06-17T10:02:06.162+0800][2.658s][info][gc,cpu      ] GC(82) User=0.00s Sys=0.00s Real=0.00s
[2026-06-17T10:02:06.194+0800][2.690s][info][gc,start    ] GC(83) Pause Young (Mixed) (G1 Evacuation Pause)
[2026-06-17T10:02:06.194+0800][2.691s][info][gc,task     ] GC(83) Using 2 workers of 18 for evacuation
[2026-06-17T10:02:06.196+0800][2.693s][info][gc,phases   ] GC(83)   Pre Evacuate Collection Set: 0.22ms
[2026-06-17T10:02:06.196+0800][2.693s][info][gc,phases   ] GC(83)   Merge Heap Roots: 0.08ms
[2026-06-17T10:02:06.196+0800][2.693s][info][gc,phases   ] GC(83)   Evacuate Collection Set: 0.76ms
[2026-06-17T10:02:06.197+0800][2.694s][info][gc,phases   ] GC(83)   Post Evacuate Collection Set: 0.33ms
[2026-06-17T10:02:06.197+0800][2.694s][info][gc,phases   ] GC(83)   Other: 0.42ms
[2026-06-17T10:02:06.197+0800][2.694s][info][gc,heap     ] GC(83) Eden regions: 13->0(13)
[2026-06-17T10:02:06.197+0800][2.694s][info][gc,heap     ] GC(83) Survivor regions: 1->2(2)
[2026-06-17T10:02:06.198+0800][2.694s][info][gc,heap     ] GC(83) Old regions: 30->28
[2026-06-17T10:02:06.198+0800][2.695s][info][gc,heap     ] GC(83) Humongous regions: 10->10
[2026-06-17T10:02:06.198+0800][2.695s][info][gc,metaspace] GC(83) Metaspace: 103K(320K)->103K(320K) NonClass: 95K(192K)->95K(192K) Class: 7K(128K)->7K(128K)
[2026-06-17T10:02:06.198+0800][2.695s][info][gc          ] GC(83) Pause Young (Mixed) (G1 Evacuation Pause) 53M->39M(64M) 4.614ms
[2026-06-17T10:02:06.198+0800][2.695s][info][gc,cpu      ] GC(83) User=0.00s Sys=0.00s Real=0.00s
[2026-06-17T10:02:06.231+0800][2.727s][info][gc,start    ] GC(84) Pause Young (Normal) (G1 Evacuation Pause)
[2026-06-17T10:02:06.231+0800][2.728s][info][gc,task     ] GC(84) Using 2 workers of 18 for evacuation
[2026-06-17T10:02:06.235+0800][2.731s][info][gc,phases   ] GC(84)   Pre Evacuate Collection Set: 0.53ms
[2026-06-17T10:02:06.235+0800][2.732s][info][gc,phases   ] GC(84)   Merge Heap Roots: 0.25ms
[2026-06-17T10:02:06.237+0800][2.734s][info][gc,phases   ] GC(84)   Evacuate Collection Set: 1.19ms
[2026-06-17T10:02:06.239+0800][2.735s][info][gc,phases   ] GC(84)   Post Evacuate Collection Set: 0.64ms
[2026-06-17T10:02:06.239+0800][2.736s][info][gc,phases   ] GC(84)   Other: 0.71ms
[2026-06-17T10:02:06.241+0800][2.738s][info][gc,heap     ] GC(84) Eden regions: 13->0(9)
[2026-06-17T10:02:06.243+0800][2.740s][info][gc,heap     ] GC(84) Survivor regions: 2->2(2)
[2026-06-17T10:02:06.245+0800][2.742s][info][gc,heap     ] GC(84) Old regions: 28->33
[2026-06-17T10:02:06.247+0800][2.744s][info][gc,heap     ] GC(84) Humongous regions: 10->10
[2026-06-17T10:02:06.248+0800][2.745s][info][gc,metaspace] GC(84) Metaspace: 103K(320K)->103K(320K) NonClass: 95K(192K)->95K(192K) Class: 7K(128K)->7K(128K)
[2026-06-17T10:02:06.249+0800][2.746s][info][gc          ] GC(84) Pause Young (Normal) (G1 Evacuation Pause) 52M->44M(64M) 18.214ms
[2026-06-17T10:02:06.249+0800][2.746s][info][gc,cpu      ] GC(84) User=0.00s Sys=0.00s Real=0.01s
[2026-06-17T10:02:06.283+0800][2.780s][info][gc,start    ] GC(85) Pause Young (Concurrent Start) (G1 Evacuation Pause)
[2026-06-17T10:02:06.284+0800][2.780s][info][gc,task     ] GC(85) Using 2 workers of 18 for evacuation
[2026-06-17T10:02:06.286+0800][2.783s][info][gc,phases   ] GC(85)   Pre Evacuate Collection Set: 0.43ms
[2026-06-17T10:02:06.287+0800][2.784s][info][gc,phases   ] GC(85)   Merge Heap Roots: 0.13ms
[2026-06-17T10:02:06.287+0800][2.784s][info][gc,phases   ] GC(85)   Evacuate Collection Set: 0.64ms
[2026-06-17T10:02:06.288+0800][2.784s][info][gc,phases   ] GC(85)   Post Evacuate Collection Set: 0.79ms
[2026-06-17T10:02:06.288+0800][2.785s][info][gc,phases   ] GC(85)   Other: 0.73ms
[2026-06-17T10:02:06.288+0800][2.785s][info][gc,heap     ] GC(85) Eden regions: 9->0(8)
[2026-06-17T10:02:06.288+0800][2.785s][info][gc,heap     ] GC(85) Survivor regions: 2->2(2)
[2026-06-17T10:02:06.289+0800][2.786s][info][gc,heap     ] GC(85) Old regions: 33->35
[2026-06-17T10:02:06.289+0800][2.786s][info][gc,heap     ] GC(85) Humongous regions: 10->10
[2026-06-17T10:02:06.289+0800][2.786s][info][gc,metaspace] GC(85) Metaspace: 107K(320K)->107K(320K) NonClass: 99K(192K)->99K(192K) Class: 7K(128K)->7K(128K)
[2026-06-17T10:02:06.290+0800][2.786s][info][gc          ] GC(85) Pause Young (Concurrent Start) (G1 Evacuation Pause) 53M->46M(64M) 6.603ms
[2026-06-17T10:02:06.290+0800][2.787s][info][gc,cpu      ] GC(85) User=0.01s Sys=0.00s Real=0.00s
[2026-06-17T10:02:06.290+0800][2.787s][info][gc          ] GC(86) Concurrent Mark Cycle
[2026-06-17T10:02:06.291+0800][2.787s][info][gc,marking  ] GC(86) Concurrent Scan Root Regions
[2026-06-17T10:02:06.291+0800][2.788s][info][gc,marking  ] GC(86) Concurrent Scan Root Regions 0.421ms
[2026-06-17T10:02:06.291+0800][2.788s][info][gc,marking  ] GC(86) Concurrent Mark
[2026-06-17T10:02:06.291+0800][2.788s][info][gc,marking  ] GC(86) Concurrent Mark From Roots
[2026-06-17T10:02:06.292+0800][2.788s][info][gc,task     ] GC(86) Using 5 workers of 5 for marking
[2026-06-17T10:02:06.294+0800][2.791s][info][gc,marking  ] GC(86) Concurrent Mark From Roots 2.920ms
[2026-06-17T10:02:06.295+0800][2.791s][info][gc,marking  ] GC(86) Concurrent Preclean
[2026-06-17T10:02:06.295+0800][2.792s][info][gc,marking  ] GC(86) Concurrent Preclean 0.205ms
[2026-06-17T10:02:06.295+0800][2.792s][info][gc,start    ] GC(86) Pause Remark
[2026-06-17T10:02:06.296+0800][2.792s][info][gc          ] GC(86) Pause Remark 52M->44M(64M) 0.660ms
[2026-06-17T10:02:06.296+0800][2.793s][info][gc,cpu      ] GC(86) User=0.00s Sys=0.00s Real=0.00s
[2026-06-17T10:02:06.296+0800][2.793s][info][gc,marking  ] GC(86) Concurrent Mark 4.697ms
[2026-06-17T10:02:06.296+0800][2.793s][info][gc,marking  ] GC(86) Concurrent Rebuild Remembered Sets and Scrub Regions
[2026-06-17T10:02:06.297+0800][2.794s][info][gc,marking  ] GC(86) Concurrent Rebuild Remembered Sets and Scrub Regions 0.635ms
[2026-06-17T10:02:06.297+0800][2.794s][info][gc,start    ] GC(86) Pause Cleanup
[2026-06-17T10:02:06.297+0800][2.794s][info][gc          ] GC(86) Pause Cleanup 44M->44M(64M) 0.229ms
[2026-06-17T10:02:06.297+0800][2.794s][info][gc,cpu      ] GC(86) User=0.00s Sys=0.00s Real=0.00s
[2026-06-17T10:02:06.297+0800][2.794s][info][gc,marking  ] GC(86) Concurrent Clear Claimed Marks
[2026-06-17T10:02:06.298+0800][2.794s][info][gc,marking  ] GC(86) Concurrent Clear Claimed Marks 0.135ms
[2026-06-17T10:02:06.298+0800][2.795s][info][gc,marking  ] GC(86) Concurrent Cleanup for Next Mark
[2026-06-17T10:02:06.298+0800][2.795s][info][gc,marking  ] GC(86) Concurrent Cleanup for Next Mark 0.418ms
[2026-06-17T10:02:06.298+0800][2.795s][info][gc          ] GC(86) Concurrent Mark Cycle 8.505ms
[2026-06-17T10:02:06.301+0800][2.798s][info][gc,start    ] GC(87) Pause Young (Prepare Mixed) (G1 Evacuation Pause)
[2026-06-17T10:02:06.302+0800][2.798s][info][gc,task     ] GC(87) Using 2 workers of 18 for evacuation
[2026-06-17T10:02:06.303+0800][2.800s][info][gc,phases   ] GC(87)   Pre Evacuate Collection Set: 0.09ms
[2026-06-17T10:02:06.303+0800][2.800s][info][gc,phases   ] GC(87)   Merge Heap Roots: 0.07ms
[2026-06-17T10:02:06.303+0800][2.800s][info][gc,phases   ] GC(87)   Evacuate Collection Set: 0.57ms
[2026-06-17T10:02:06.303+0800][2.800s][info][gc,phases   ] GC(87)   Post Evacuate Collection Set: 0.18ms
[2026-06-17T10:02:06.304+0800][2.800s][info][gc,phases   ] GC(87)   Other: 0.19ms
[2026-06-17T10:02:06.304+0800][2.800s][info][gc,heap     ] GC(87) Eden regions: 8->0(8)
[2026-06-17T10:02:06.304+0800][2.801s][info][gc,heap     ] GC(87) Survivor regions: 2->2(2)
[2026-06-17T10:02:06.304+0800][2.801s][info][gc,heap     ] GC(87) Old regions: 27->31
[2026-06-17T10:02:06.304+0800][2.801s][info][gc,heap     ] GC(87) Humongous regions: 11->11
[2026-06-17T10:02:06.304+0800][2.801s][info][gc,metaspace] GC(87) Metaspace: 107K(320K)->107K(320K) NonClass: 99K(192K)->99K(192K) Class: 7K(128K)->7K(128K)
[2026-06-17T10:02:06.305+0800][2.801s][info][gc          ] GC(87) Pause Young (Prepare Mixed) (G1 Evacuation Pause) 47M->43M(64M) 3.210ms
[2026-06-17T10:02:06.305+0800][2.802s][info][gc,cpu      ] GC(87) User=0.00s Sys=0.00s Real=0.01s
[2026-06-17T10:02:06.326+0800][2.823s][info][gc,start    ] GC(88) Pause Young (Mixed) (G1 Evacuation Pause)
[2026-06-17T10:02:06.327+0800][2.823s][info][gc,task     ] GC(88) Using 2 workers of 18 for evacuation
[2026-06-17T10:02:06.329+0800][2.826s][info][gc,phases   ] GC(88)   Pre Evacuate Collection Set: 0.20ms
[2026-06-17T10:02:06.330+0800][2.827s][info][gc,phases   ] GC(88)   Merge Heap Roots: 0.08ms
[2026-06-17T10:02:06.331+0800][2.828s][info][gc,phases   ] GC(88)   Evacuate Collection Set: 0.88ms
[2026-06-17T10:02:06.332+0800][2.829s][info][gc,phases   ] GC(88)   Post Evacuate Collection Set: 0.54ms
[2026-06-17T10:02:06.333+0800][2.830s][info][gc,phases   ] GC(88)   Other: 0.89ms
[2026-06-17T10:02:06.334+0800][2.831s][info][gc,heap     ] GC(88) Eden regions: 8->0(12)
[2026-06-17T10:02:06.335+0800][2.832s][info][gc,heap     ] GC(88) Survivor regions: 2->1(2)
[2026-06-17T10:02:06.336+0800][2.832s][info][gc,heap     ] GC(88) Old regions: 31->27
[2026-06-17T10:02:06.337+0800][2.833s][info][gc,heap     ] GC(88) Humongous regions: 11->11
[2026-06-17T10:02:06.337+0800][2.834s][info][gc,metaspace] GC(88) Metaspace: 107K(320K)->107K(320K) NonClass: 99K(192K)->99K(192K) Class: 7K(128K)->7K(128K)
[2026-06-17T10:02:06.338+0800][2.835s][info][gc          ] GC(88) Pause Young (Mixed) (G1 Evacuation Pause) 51M->37M(64M) 12.111ms
[2026-06-17T10:02:06.339+0800][2.836s][info][gc,cpu      ] GC(88) User=0.00s Sys=0.00s Real=0.01s
[2026-06-17T10:02:06.374+0800][2.871s][info][gc,start    ] GC(89) Pause Young (Mixed) (G1 Evacuation Pause)
[2026-06-17T10:02:06.375+0800][2.871s][info][gc,task     ] GC(89) Using 2 workers of 18 for evacuation
[2026-06-17T10:02:06.376+0800][2.873s][info][gc,phases   ] GC(89)   Pre Evacuate Collection Set: 0.21ms
[2026-06-17T10:02:06.376+0800][2.873s][info][gc,phases   ] GC(89)   Merge Heap Roots: 0.07ms
[2026-06-17T10:02:06.376+0800][2.873s][info][gc,phases   ] GC(89)   Evacuate Collection Set: 0.41ms
[2026-06-17T10:02:06.377+0800][2.874s][info][gc,phases   ] GC(89)   Post Evacuate Collection Set: 0.28ms
[2026-06-17T10:02:06.377+0800][2.874s][info][gc,phases   ] GC(89)   Other: 0.30ms
[2026-06-17T10:02:06.377+0800][2.874s][info][gc,heap     ] GC(89) Eden regions: 12->0(12)
[2026-06-17T10:02:06.377+0800][2.874s][info][gc,heap     ] GC(89) Survivor regions: 1->2(2)
[2026-06-17T10:02:06.377+0800][2.874s][info][gc,heap     ] GC(89) Old regions: 27->26
[2026-06-17T10:02:06.378+0800][2.875s][info][gc,heap     ] GC(89) Humongous regions: 11->11
[2026-06-17T10:02:06.378+0800][2.875s][info][gc,metaspace] GC(89) Metaspace: 107K(320K)->107K(320K) NonClass: 99K(192K)->99K(192K) Class: 7K(128K)->7K(128K)
[2026-06-17T10:02:06.378+0800][2.875s][info][gc          ] GC(89) Pause Young (Mixed) (G1 Evacuation Pause) 49M->38M(64M) 3.862ms
[2026-06-17T10:02:06.378+0800][2.875s][info][gc,cpu      ] GC(89) User=0.01s Sys=0.00s Real=0.00s
[2026-06-17T10:02:06.410+0800][2.907s][info][gc,start    ] GC(90) Pause Young (Normal) (G1 Evacuation Pause)
[2026-06-17T10:02:06.411+0800][2.907s][info][gc,task     ] GC(90) Using 2 workers of 18 for evacuation
[2026-06-17T10:02:06.412+0800][2.909s][info][gc,phases   ] GC(90)   Pre Evacuate Collection Set: 0.24ms
[2026-06-17T10:02:06.412+0800][2.909s][info][gc,phases   ] GC(90)   Merge Heap Roots: 0.07ms
[2026-06-17T10:02:06.413+0800][2.910s][info][gc,phases   ] GC(90)   Evacuate Collection Set: 0.36ms
[2026-06-17T10:02:06.413+0800][2.910s][info][gc,phases   ] GC(90)   Post Evacuate Collection Set: 0.33ms
[2026-06-17T10:02:06.413+0800][2.910s][info][gc,phases   ] GC(90)   Other: 0.41ms
[2026-06-17T10:02:06.414+0800][2.911s][info][gc,heap     ] GC(90) Eden regions: 12->0(12)
[2026-06-17T10:02:06.414+0800][2.911s][info][gc,heap     ] GC(90) Survivor regions: 2->2(2)
[2026-06-17T10:02:06.414+0800][2.911s][info][gc,heap     ] GC(90) Old regions: 26->28
[2026-06-17T10:02:06.414+0800][2.911s][info][gc,heap     ] GC(90) Humongous regions: 11->11
[2026-06-17T10:02:06.415+0800][2.912s][info][gc,metaspace] GC(90) Metaspace: 107K(320K)->107K(320K) NonClass: 99K(192K)->99K(192K) Class: 7K(128K)->7K(128K)
[2026-06-17T10:02:06.415+0800][2.912s][info][gc          ] GC(90) Pause Young (Normal) (G1 Evacuation Pause) 50M->40M(64M) 4.709ms
[2026-06-17T10:02:06.415+0800][2.912s][info][gc,cpu      ] GC(90) User=0.00s Sys=0.00s Real=0.01s
[2026-06-17T10:02:06.447+0800][2.944s][info][gc,start    ] GC(91) Pause Young (Normal) (G1 Evacuation Pause)
[2026-06-17T10:02:06.447+0800][2.944s][info][gc,task     ] GC(91) Using 2 workers of 18 for evacuation
[2026-06-17T10:02:06.449+0800][2.945s][info][gc,phases   ] GC(91)   Pre Evacuate Collection Set: 0.14ms
[2026-06-17T10:02:06.449+0800][2.946s][info][gc,phases   ] GC(91)   Merge Heap Roots: 0.06ms
[2026-06-17T10:02:06.449+0800][2.946s][info][gc,phases   ] GC(91)   Evacuate Collection Set: 0.53ms
[2026-06-17T10:02:06.449+0800][2.946s][info][gc,phases   ] GC(91)   Post Evacuate Collection Set: 0.25ms
[2026-06-17T10:02:06.449+0800][2.946s][info][gc,phases   ] GC(91)   Other: 0.35ms
[2026-06-17T10:02:06.450+0800][2.946s][info][gc,heap     ] GC(91) Eden regions: 12->0(9)
[2026-06-17T10:02:06.450+0800][2.947s][info][gc,heap     ] GC(91) Survivor regions: 2->2(2)
[2026-06-17T10:02:06.450+0800][2.947s][info][gc,heap     ] GC(91) Old regions: 28->33
[2026-06-17T10:02:06.450+0800][2.947s][info][gc,heap     ] GC(91) Humongous regions: 11->11
[2026-06-17T10:02:06.450+0800][2.947s][info][gc,metaspace] GC(91) Metaspace: 107K(320K)->107K(320K) NonClass: 99K(192K)->99K(192K) Class: 7K(128K)->7K(128K)
[2026-06-17T10:02:06.450+0800][2.947s][info][gc          ] GC(91) Pause Young (Normal) (G1 Evacuation Pause) 52M->45M(64M) 3.705ms
[2026-06-17T10:02:06.452+0800][2.948s][info][gc,cpu      ] GC(91) User=0.00s Sys=0.00s Real=0.01s
[2026-06-17T10:02:06.473+0800][2.970s][info][gc,start    ] GC(92) Pause Young (Concurrent Start) (G1 Evacuation Pause)
[2026-06-17T10:02:06.473+0800][2.970s][info][gc,task     ] GC(92) Using 2 workers of 18 for evacuation
[2026-06-17T10:02:06.475+0800][2.972s][info][gc,phases   ] GC(92)   Pre Evacuate Collection Set: 0.17ms
[2026-06-17T10:02:06.475+0800][2.972s][info][gc,phases   ] GC(92)   Merge Heap Roots: 0.06ms
[2026-06-17T10:02:06.476+0800][2.972s][info][gc,phases   ] GC(92)   Evacuate Collection Set: 0.58ms
[2026-06-17T10:02:06.476+0800][2.973s][info][gc,phases   ] GC(92)   Post Evacuate Collection Set: 0.27ms
[2026-06-17T10:02:06.476+0800][2.973s][info][gc,phases   ] GC(92)   Other: 0.39ms
[2026-06-17T10:02:06.476+0800][2.973s][info][gc,heap     ] GC(92) Eden regions: 9->0(5)
[2026-06-17T10:02:06.476+0800][2.973s][info][gc,heap     ] GC(92) Survivor regions: 2->2(2)
[2026-06-17T10:02:06.477+0800][2.973s][info][gc,heap     ] GC(92) Old regions: 33->39
[2026-06-17T10:02:06.477+0800][2.973s][info][gc,heap     ] GC(92) Humongous regions: 11->11
[2026-06-17T10:02:06.477+0800][2.974s][info][gc,metaspace] GC(92) Metaspace: 107K(320K)->107K(320K) NonClass: 99K(192K)->99K(192K) Class: 7K(128K)->7K(128K)
[2026-06-17T10:02:06.477+0800][2.974s][info][gc          ] GC(92) Pause Young (Concurrent Start) (G1 Evacuation Pause) 54M->51M(64M) 3.894ms
[2026-06-17T10:02:06.477+0800][2.974s][info][gc,cpu      ] GC(92) User=0.00s Sys=0.00s Real=0.00s
[2026-06-17T10:02:06.477+0800][2.974s][info][gc          ] GC(93) Concurrent Mark Cycle
[2026-06-17T10:02:06.477+0800][2.974s][info][gc,marking  ] GC(93) Concurrent Scan Root Regions
[2026-06-17T10:02:06.478+0800][2.975s][info][gc,marking  ] GC(93) Concurrent Scan Root Regions 0.283ms
[2026-06-17T10:02:06.478+0800][2.975s][info][gc,marking  ] GC(93) Concurrent Mark
[2026-06-17T10:02:06.478+0800][2.975s][info][gc,marking  ] GC(93) Concurrent Mark From Roots
[2026-06-17T10:02:06.478+0800][2.975s][info][gc,task     ] GC(93) Using 5 workers of 5 for marking
[2026-06-17T10:02:06.479+0800][2.976s][info][gc,marking  ] GC(93) Concurrent Mark From Roots 1.454ms
[2026-06-17T10:02:06.480+0800][2.976s][info][gc,marking  ] GC(93) Concurrent Preclean
[2026-06-17T10:02:06.480+0800][2.977s][info][gc,marking  ] GC(93) Concurrent Preclean 0.157ms
[2026-06-17T10:02:06.480+0800][2.977s][info][gc,start    ] GC(93) Pause Remark
[2026-06-17T10:02:06.480+0800][2.977s][info][gc          ] GC(93) Pause Remark 51M->39M(64M) 0.347ms
[2026-06-17T10:02:06.480+0800][2.977s][info][gc,cpu      ] GC(93) User=0.01s Sys=0.00s Real=0.00s
[2026-06-17T10:02:06.481+0800][2.977s][info][gc,marking  ] GC(93) Concurrent Mark 2.625ms
[2026-06-17T10:02:06.481+0800][2.977s][info][gc,marking  ] GC(93) Concurrent Rebuild Remembered Sets and Scrub Regions
[2026-06-17T10:02:06.481+0800][2.978s][info][gc,marking  ] GC(93) Concurrent Rebuild Remembered Sets and Scrub Regions 0.408ms
[2026-06-17T10:02:06.481+0800][2.978s][info][gc,start    ] GC(93) Pause Cleanup
[2026-06-17T10:02:06.481+0800][2.978s][info][gc          ] GC(93) Pause Cleanup 39M->39M(64M) 0.146ms
[2026-06-17T10:02:06.481+0800][2.978s][info][gc,cpu      ] GC(93) User=0.00s Sys=0.00s Real=0.00s
[2026-06-17T10:02:06.482+0800][2.979s][info][gc,marking  ] GC(93) Concurrent Clear Claimed Marks
[2026-06-17T10:02:06.482+0800][2.979s][info][gc,marking  ] GC(93) Concurrent Clear Claimed Marks 0.122ms
[2026-06-17T10:02:06.482+0800][2.979s][info][gc,marking  ] GC(93) Concurrent Cleanup for Next Mark
[2026-06-17T10:02:06.482+0800][2.979s][info][gc,marking  ] GC(93) Concurrent Cleanup for Next Mark 0.148ms
[2026-06-17T10:02:06.482+0800][2.979s][info][gc          ] GC(93) Concurrent Mark Cycle 5.007ms
[2026-06-17T10:02:06.488+0800][2.985s][info][gc,start    ] GC(94) Pause Young (Prepare Mixed) (G1 Evacuation Pause)
[2026-06-17T10:02:06.488+0800][2.985s][info][gc,task     ] GC(94) Using 2 workers of 18 for evacuation
[2026-06-17T10:02:06.489+0800][2.985s][info][gc,phases   ] GC(94)   Pre Evacuate Collection Set: 0.08ms
[2026-06-17T10:02:06.489+0800][2.986s][info][gc,phases   ] GC(94)   Merge Heap Roots: 0.04ms
[2026-06-17T10:02:06.489+0800][2.986s][info][gc,phases   ] GC(94)   Evacuate Collection Set: 0.16ms
[2026-06-17T10:02:06.489+0800][2.986s][info][gc,phases   ] GC(94)   Post Evacuate Collection Set: 0.13ms
[2026-06-17T10:02:06.489+0800][2.986s][info][gc,phases   ] GC(94)   Other: 0.18ms
[2026-06-17T10:02:06.489+0800][2.986s][info][gc,heap     ] GC(94) Eden regions: 5->0(12)
[2026-06-17T10:02:06.489+0800][2.986s][info][gc,heap     ] GC(94) Survivor regions: 2->1(1)
[2026-06-17T10:02:06.489+0800][2.986s][info][gc,heap     ] GC(94) Old regions: 27->28
[2026-06-17T10:02:06.489+0800][2.986s][info][gc,heap     ] GC(94) Humongous regions: 11->11
[2026-06-17T10:02:06.490+0800][2.986s][info][gc,metaspace] GC(94) Metaspace: 107K(320K)->107K(320K) NonClass: 99K(192K)->99K(192K) Class: 7K(128K)->7K(128K)
[2026-06-17T10:02:06.490+0800][2.987s][info][gc          ] GC(94) Pause Young (Prepare Mixed) (G1 Evacuation Pause) 44M->39M(64M) 1.863ms
[2026-06-17T10:02:06.490+0800][2.987s][info][gc,cpu      ] GC(94) User=0.00s Sys=0.00s Real=0.00s
[2026-06-17T10:02:06.521+0800][3.018s][info][gc,start    ] GC(95) Pause Young (Mixed) (G1 Evacuation Pause)
[2026-06-17T10:02:06.522+0800][3.019s][info][gc,task     ] GC(95) Using 2 workers of 18 for evacuation
[2026-06-17T10:02:06.523+0800][3.020s][info][gc,phases   ] GC(95)   Pre Evacuate Collection Set: 0.23ms
[2026-06-17T10:02:06.523+0800][3.020s][info][gc,phases   ] GC(95)   Merge Heap Roots: 0.05ms
[2026-06-17T10:02:06.524+0800][3.020s][info][gc,phases   ] GC(95)   Evacuate Collection Set: 0.49ms
[2026-06-17T10:02:06.524+0800][3.021s][info][gc,phases   ] GC(95)   Post Evacuate Collection Set: 0.24ms
[2026-06-17T10:02:06.524+0800][3.021s][info][gc,phases   ] GC(95)   Other: 0.33ms
[2026-06-17T10:02:06.524+0800][3.021s][info][gc,heap     ] GC(95) Eden regions: 12->0(12)
[2026-06-17T10:02:06.524+0800][3.021s][info][gc,heap     ] GC(95) Survivor regions: 1->2(2)
[2026-06-17T10:02:06.524+0800][3.021s][info][gc,heap     ] GC(95) Old regions: 28->25
[2026-06-17T10:02:06.524+0800][3.021s][info][gc,heap     ] GC(95) Humongous regions: 13->13
[2026-06-17T10:02:06.525+0800][3.022s][info][gc,metaspace] GC(95) Metaspace: 107K(320K)->107K(320K) NonClass: 99K(192K)->99K(192K) Class: 7K(128K)->7K(128K)
[2026-06-17T10:02:06.525+0800][3.022s][info][gc          ] GC(95) Pause Young (Mixed) (G1 Evacuation Pause) 53M->39M(64M) 3.499ms
[2026-06-17T10:02:06.525+0800][3.022s][info][gc,cpu      ] GC(95) User=0.00s Sys=0.00s Real=0.01s
[2026-06-17T10:02:06.557+0800][3.053s][info][gc,start    ] GC(96) Pause Young (Mixed) (G1 Evacuation Pause)
[2026-06-17T10:02:06.557+0800][3.054s][info][gc,task     ] GC(96) Using 2 workers of 18 for evacuation
[2026-06-17T10:02:06.559+0800][3.056s][info][gc,phases   ] GC(96)   Pre Evacuate Collection Set: 0.22ms
[2026-06-17T10:02:06.559+0800][3.056s][info][gc,phases   ] GC(96)   Merge Heap Roots: 0.08ms
[2026-06-17T10:02:06.560+0800][3.057s][info][gc,phases   ] GC(96)   Evacuate Collection Set: 0.46ms
[2026-06-17T10:02:06.560+0800][3.057s][info][gc,phases   ] GC(96)   Post Evacuate Collection Set: 0.42ms
[2026-06-17T10:02:06.560+0800][3.057s][info][gc,phases   ] GC(96)   Other: 0.48ms
[2026-06-17T10:02:06.561+0800][3.057s][info][gc,heap     ] GC(96) Eden regions: 12->0(12)
[2026-06-17T10:02:06.561+0800][3.058s][info][gc,heap     ] GC(96) Survivor regions: 2->2(2)
[2026-06-17T10:02:06.561+0800][3.058s][info][gc,heap     ] GC(96) Old regions: 25->27
[2026-06-17T10:02:06.561+0800][3.058s][info][gc,heap     ] GC(96) Humongous regions: 13->13
[2026-06-17T10:02:06.562+0800][3.058s][info][gc,metaspace] GC(96) Metaspace: 107K(320K)->107K(320K) NonClass: 99K(192K)->99K(192K) Class: 7K(128K)->7K(128K)
[2026-06-17T10:02:06.562+0800][3.059s][info][gc          ] GC(96) Pause Young (Mixed) (G1 Evacuation Pause) 51M->40M(64M) 5.267ms
[2026-06-17T10:02:06.562+0800][3.059s][info][gc,cpu      ] GC(96) User=0.00s Sys=0.00s Real=0.00s
[2026-06-17T10:02:06.595+0800][3.091s][info][gc,start    ] GC(97) Pause Young (Concurrent Start) (G1 Evacuation Pause)
[2026-06-17T10:02:06.595+0800][3.092s][info][gc,task     ] GC(97) Using 2 workers of 18 for evacuation
[2026-06-17T10:02:06.597+0800][3.094s][info][gc,phases   ] GC(97)   Pre Evacuate Collection Set: 0.35ms
[2026-06-17T10:02:06.597+0800][3.094s][info][gc,phases   ] GC(97)   Merge Heap Roots: 0.11ms
[2026-06-17T10:02:06.598+0800][3.095s][info][gc,phases   ] GC(97)   Evacuate Collection Set: 0.46ms
[2026-06-17T10:02:06.598+0800][3.095s][info][gc,phases   ] GC(97)   Post Evacuate Collection Set: 0.51ms
[2026-06-17T10:02:06.599+0800][3.095s][info][gc,phases   ] GC(97)   Other: 0.55ms
[2026-06-17T10:02:06.599+0800][3.096s][info][gc,heap     ] GC(97) Eden regions: 12->0(12)
[2026-06-17T10:02:06.599+0800][3.096s][info][gc,heap     ] GC(97) Survivor regions: 2->2(2)
[2026-06-17T10:02:06.599+0800][3.096s][info][gc,heap     ] GC(97) Old regions: 27->28
[2026-06-17T10:02:06.600+0800][3.096s][info][gc,heap     ] GC(97) Humongous regions: 13->13
[2026-06-17T10:02:06.600+0800][3.097s][info][gc,metaspace] GC(97) Metaspace: 107K(320K)->107K(320K) NonClass: 99K(192K)->99K(192K) Class: 7K(128K)->7K(128K)
[2026-06-17T10:02:06.600+0800][3.097s][info][gc          ] GC(97) Pause Young (Concurrent Start) (G1 Evacuation Pause) 52M->42M(64M) 5.528ms
[2026-06-17T10:02:06.600+0800][3.097s][info][gc,cpu      ] GC(97) User=0.00s Sys=0.00s Real=0.00s
[2026-06-17T10:02:06.600+0800][3.097s][info][gc          ] GC(98) Concurrent Mark Cycle
[2026-06-17T10:02:06.601+0800][3.098s][info][gc,marking  ] GC(98) Concurrent Scan Root Regions
[2026-06-17T10:02:06.601+0800][3.098s][info][gc,marking  ] GC(98) Concurrent Scan Root Regions 0.418ms
[2026-06-17T10:02:06.602+0800][3.098s][info][gc,marking  ] GC(98) Concurrent Mark
[2026-06-17T10:02:06.602+0800][3.099s][info][gc,marking  ] GC(98) Concurrent Mark From Roots
[2026-06-17T10:02:06.602+0800][3.099s][info][gc,task     ] GC(98) Using 5 workers of 5 for marking
[2026-06-17T10:02:06.604+0800][3.101s][info][gc,marking  ] GC(98) Concurrent Mark From Roots 2.315ms
[2026-06-17T10:02:06.604+0800][3.101s][info][gc,marking  ] GC(98) Concurrent Preclean
[2026-06-17T10:02:06.605+0800][3.101s][info][gc,marking  ] GC(98) Concurrent Preclean 0.204ms
[2026-06-17T10:02:06.605+0800][3.102s][info][gc,start    ] GC(98) Pause Remark
[2026-06-17T10:02:06.605+0800][3.102s][info][gc          ] GC(98) Pause Remark 44M->37M(64M) 0.609ms
[2026-06-17T10:02:06.607+0800][3.104s][info][gc,cpu      ] GC(98) User=0.00s Sys=0.00s Real=0.00s
[2026-06-17T10:02:06.607+0800][3.104s][info][gc,marking  ] GC(98) Concurrent Mark 5.921ms
[2026-06-17T10:02:06.608+0800][3.105s][info][gc,marking  ] GC(98) Concurrent Rebuild Remembered Sets and Scrub Regions
[2026-06-17T10:02:06.608+0800][3.105s][info][gc,marking  ] GC(98) Concurrent Rebuild Remembered Sets and Scrub Regions 0.610ms
[2026-06-17T10:02:06.609+0800][3.106s][info][gc,start    ] GC(98) Pause Cleanup
[2026-06-17T10:02:06.609+0800][3.106s][info][gc          ] GC(98) Pause Cleanup 37M->37M(64M) 0.247ms
[2026-06-17T10:02:06.609+0800][3.106s][info][gc,cpu      ] GC(98) User=0.00s Sys=0.00s Real=0.00s
[2026-06-17T10:02:06.609+0800][3.106s][info][gc,marking  ] GC(98) Concurrent Clear Claimed Marks
[2026-06-17T10:02:06.609+0800][3.106s][info][gc,marking  ] GC(98) Concurrent Clear Claimed Marks 0.142ms
[2026-06-17T10:02:06.610+0800][3.106s][info][gc,marking  ] GC(98) Concurrent Cleanup for Next Mark
[2026-06-17T10:02:06.610+0800][3.107s][info][gc,marking  ] GC(98) Concurrent Cleanup for Next Mark 0.219ms
[2026-06-17T10:02:06.610+0800][3.107s][info][gc          ] GC(98) Concurrent Mark Cycle 9.598ms
[2026-06-17T10:02:06.632+0800][3.129s][info][gc,start    ] GC(99) Pause Young (Prepare Mixed) (G1 Evacuation Pause)
[2026-06-17T10:02:06.632+0800][3.129s][info][gc,task     ] GC(99) Using 2 workers of 18 for evacuation
[2026-06-17T10:02:06.634+0800][3.131s][info][gc,phases   ] GC(99)   Pre Evacuate Collection Set: 0.20ms
[2026-06-17T10:02:06.634+0800][3.131s][info][gc,phases   ] GC(99)   Merge Heap Roots: 0.09ms
[2026-06-17T10:02:06.635+0800][3.131s][info][gc,phases   ] GC(99)   Evacuate Collection Set: 0.57ms
[2026-06-17T10:02:06.635+0800][3.132s][info][gc,phases   ] GC(99)   Post Evacuate Collection Set: 0.25ms
[2026-06-17T10:02:06.635+0800][3.132s][info][gc,phases   ] GC(99)   Other: 0.34ms
[2026-06-17T10:02:06.635+0800][3.132s][info][gc,heap     ] GC(99) Eden regions: 12->0(11)
[2026-06-17T10:02:06.635+0800][3.132s][info][gc,heap     ] GC(99) Survivor regions: 2->2(2)
[2026-06-17T10:02:06.636+0800][3.132s][info][gc,heap     ] GC(99) Old regions: 21->26
[2026-06-17T10:02:06.636+0800][3.133s][info][gc,heap     ] GC(99) Humongous regions: 13->13
[2026-06-17T10:02:06.636+0800][3.133s][info][gc,metaspace] GC(99) Metaspace: 107K(320K)->107K(320K) NonClass: 99K(192K)->99K(192K) Class: 7K(128K)->7K(128K)
[2026-06-17T10:02:06.636+0800][3.133s][info][gc          ] GC(99) Pause Young (Prepare Mixed) (G1 Evacuation Pause) 47M->40M(64M) 4.110ms
[2026-06-17T10:02:06.636+0800][3.133s][info][gc,cpu      ] GC(99) User=0.00s Sys=0.00s Real=0.00s
[2026-06-17T10:02:06.668+0800][3.165s][info][gc,start    ] GC(100) Pause Young (Mixed) (G1 Evacuation Pause)
[2026-06-17T10:02:06.669+0800][3.166s][info][gc,task     ] GC(100) Using 2 workers of 18 for evacuation
[2026-06-17T10:02:06.671+0800][3.168s][info][gc,phases   ] GC(100)   Pre Evacuate Collection Set: 0.21ms
[2026-06-17T10:02:06.671+0800][3.168s][info][gc,phases   ] GC(100)   Merge Heap Roots: 0.31ms
[2026-06-17T10:02:06.671+0800][3.168s][info][gc,phases   ] GC(100)   Evacuate Collection Set: 0.64ms
[2026-06-17T10:02:06.672+0800][3.168s][info][gc,phases   ] GC(100)   Post Evacuate Collection Set: 0.24ms
[2026-06-17T10:02:06.672+0800][3.169s][info][gc,phases   ] GC(100)   Other: 0.42ms
[2026-06-17T10:02:06.672+0800][3.169s][info][gc,heap     ] GC(100) Eden regions: 11->0(11)
[2026-06-17T10:02:06.672+0800][3.169s][info][gc,heap     ] GC(100) Survivor regions: 2->2(2)
[2026-06-17T10:02:06.672+0800][3.169s][info][gc,heap     ] GC(100) Old regions: 26->25
[2026-06-17T10:02:06.673+0800][3.170s][info][gc,heap     ] GC(100) Humongous regions: 13->13
[2026-06-17T10:02:06.673+0800][3.170s][info][gc,metaspace] GC(100) Metaspace: 107K(320K)->107K(320K) NonClass: 99K(192K)->99K(192K) Class: 7K(128K)->7K(128K)
[2026-06-17T10:02:06.673+0800][3.170s][info][gc          ] GC(100) Pause Young (Mixed) (G1 Evacuation Pause) 51M->39M(64M) 5.114ms
[2026-06-17T10:02:06.673+0800][3.170s][info][gc,cpu      ] GC(100) User=0.00s Sys=0.00s Real=0.01s
[2026-06-17T10:02:06.705+0800][3.202s][info][gc,start    ] GC(101) Pause Young (Mixed) (G1 Evacuation Pause)
[2026-06-17T10:02:06.706+0800][3.203s][info][gc,task     ] GC(101) Using 2 workers of 18 for evacuation
[2026-06-17T10:02:06.707+0800][3.204s][info][gc,phases   ] GC(101)   Pre Evacuate Collection Set: 0.29ms
[2026-06-17T10:02:06.707+0800][3.204s][info][gc,phases   ] GC(101)   Merge Heap Roots: 0.05ms
[2026-06-17T10:02:06.707+0800][3.204s][info][gc,phases   ] GC(101)   Evacuate Collection Set: 0.46ms
[2026-06-17T10:02:06.708+0800][3.204s][info][gc,phases   ] GC(101)   Post Evacuate Collection Set: 0.23ms
[2026-06-17T10:02:06.708+0800][3.205s][info][gc,phases   ] GC(101)   Other: 0.28ms
[2026-06-17T10:02:06.708+0800][3.205s][info][gc,heap     ] GC(101) Eden regions: 11->0(10)
[2026-06-17T10:02:06.708+0800][3.205s][info][gc,heap     ] GC(101) Survivor regions: 2->2(2)
[2026-06-17T10:02:06.708+0800][3.205s][info][gc,heap     ] GC(101) Old regions: 25->27
[2026-06-17T10:02:06.708+0800][3.205s][info][gc,heap     ] GC(101) Humongous regions: 13->13
[2026-06-17T10:02:06.709+0800][3.205s][info][gc,metaspace] GC(101) Metaspace: 107K(320K)->107K(320K) NonClass: 99K(192K)->99K(192K) Class: 7K(128K)->7K(128K)
[2026-06-17T10:02:06.709+0800][3.206s][info][gc          ] GC(101) Pause Young (Mixed) (G1 Evacuation Pause) 50M->41M(64M) 3.383ms
[2026-06-17T10:02:06.709+0800][3.206s][info][gc,cpu      ] GC(101) User=0.00s Sys=0.00s Real=0.00s
[2026-06-17T10:02:06.720+0800][3.217s][info][gc,start    ] GC(102) Pause Young (Concurrent Start) (G1 Humongous Allocation)
[2026-06-17T10:02:06.720+0800][3.217s][info][gc,task     ] GC(102) Using 2 workers of 18 for evacuation
[2026-06-17T10:02:06.721+0800][3.218s][info][gc,phases   ] GC(102)   Pre Evacuate Collection Set: 0.13ms
[2026-06-17T10:02:06.721+0800][3.218s][info][gc,phases   ] GC(102)   Merge Heap Roots: 0.04ms
[2026-06-17T10:02:06.721+0800][3.218s][info][gc,phases   ] GC(102)   Evacuate Collection Set: 0.30ms
[2026-06-17T10:02:06.722+0800][3.219s][info][gc,phases   ] GC(102)   Post Evacuate Collection Set: 0.20ms
[2026-06-17T10:02:06.722+0800][3.219s][info][gc,phases   ] GC(102)   Other: 0.30ms
[2026-06-17T10:02:06.722+0800][3.219s][info][gc,heap     ] GC(102) Eden regions: 8->0(10)
[2026-06-17T10:02:06.722+0800][3.219s][info][gc,heap     ] GC(102) Survivor regions: 2->2(2)
[2026-06-17T10:02:06.723+0800][3.219s][info][gc,heap     ] GC(102) Old regions: 27->29
[2026-06-17T10:02:06.723+0800][3.220s][info][gc,heap     ] GC(102) Humongous regions: 13->13
[2026-06-17T10:02:06.723+0800][3.220s][info][gc,metaspace] GC(102) Metaspace: 107K(320K)->107K(320K) NonClass: 99K(192K)->99K(192K) Class: 7K(128K)->7K(128K)
[2026-06-17T10:02:06.723+0800][3.220s][info][gc          ] GC(102) Pause Young (Concurrent Start) (G1 Humongous Allocation) 49M->43M(64M) 3.493ms
[2026-06-17T10:02:06.723+0800][3.220s][info][gc,cpu      ] GC(102) User=0.00s Sys=0.00s Real=0.01s
[2026-06-17T10:02:06.723+0800][3.220s][info][gc          ] GC(103) Concurrent Mark Cycle
[2026-06-17T10:02:06.724+0800][3.221s][info][gc,marking  ] GC(103) Concurrent Scan Root Regions
[2026-06-17T10:02:06.724+0800][3.221s][info][gc,marking  ] GC(103) Concurrent Scan Root Regions 0.276ms
[2026-06-17T10:02:06.724+0800][3.221s][info][gc,marking  ] GC(103) Concurrent Mark
[2026-06-17T10:02:06.724+0800][3.221s][info][gc,marking  ] GC(103) Concurrent Mark From Roots
[2026-06-17T10:02:06.725+0800][3.221s][info][gc,task     ] GC(103) Using 5 workers of 5 for marking
[2026-06-17T10:02:06.726+0800][3.223s][info][gc,marking  ] GC(103) Concurrent Mark From Roots 1.313ms
[2026-06-17T10:02:06.726+0800][3.223s][info][gc,marking  ] GC(103) Concurrent Preclean
[2026-06-17T10:02:06.726+0800][3.223s][info][gc,marking  ] GC(103) Concurrent Preclean 0.120ms
[2026-06-17T10:02:06.726+0800][3.223s][info][gc,start    ] GC(103) Pause Remark
[2026-06-17T10:02:06.727+0800][3.224s][info][gc          ] GC(103) Pause Remark 44M->41M(64M) 0.372ms
[2026-06-17T10:02:06.727+0800][3.224s][info][gc,cpu      ] GC(103) User=0.00s Sys=0.00s Real=0.00s
[2026-06-17T10:02:06.727+0800][3.224s][info][gc,marking  ] GC(103) Concurrent Mark 2.767ms
[2026-06-17T10:02:06.727+0800][3.224s][info][gc,marking  ] GC(103) Concurrent Rebuild Remembered Sets and Scrub Regions
[2026-06-17T10:02:06.728+0800][3.225s][info][gc,marking  ] GC(103) Concurrent Rebuild Remembered Sets and Scrub Regions 0.421ms
[2026-06-17T10:02:06.728+0800][3.225s][info][gc,start    ] GC(103) Pause Cleanup
[2026-06-17T10:02:06.728+0800][3.225s][info][gc          ] GC(103) Pause Cleanup 41M->41M(64M) 0.136ms
[2026-06-17T10:02:06.728+0800][3.225s][info][gc,cpu      ] GC(103) User=0.00s Sys=0.00s Real=0.00s
[2026-06-17T10:02:06.728+0800][3.225s][info][gc,marking  ] GC(103) Concurrent Clear Claimed Marks
[2026-06-17T10:02:06.728+0800][3.225s][info][gc,marking  ] GC(103) Concurrent Clear Claimed Marks 0.090ms
[2026-06-17T10:02:06.728+0800][3.225s][info][gc,marking  ] GC(103) Concurrent Cleanup for Next Mark
[2026-06-17T10:02:06.729+0800][3.225s][info][gc,marking  ] GC(103) Concurrent Cleanup for Next Mark 0.156ms
[2026-06-17T10:02:06.729+0800][3.226s][info][gc          ] GC(103) Concurrent Mark Cycle 5.259ms
[2026-06-17T10:02:06.756+0800][3.252s][info][gc,start    ] GC(104) Pause Young (Prepare Mixed) (G1 Evacuation Pause)
[2026-06-17T10:02:06.756+0800][3.253s][info][gc,task     ] GC(104) Using 2 workers of 18 for evacuation
[2026-06-17T10:02:06.758+0800][3.255s][info][gc,phases   ] GC(104)   Pre Evacuate Collection Set: 0.29ms
[2026-06-17T10:02:06.758+0800][3.255s][info][gc,phases   ] GC(104)   Merge Heap Roots: 0.11ms
[2026-06-17T10:02:06.759+0800][3.255s][info][gc,phases   ] GC(104)   Evacuate Collection Set: 0.61ms
[2026-06-17T10:02:06.759+0800][3.256s][info][gc,phases   ] GC(104)   Post Evacuate Collection Set: 0.35ms
[2026-06-17T10:02:06.759+0800][3.256s][info][gc,phases   ] GC(104)   Other: 0.46ms
[2026-06-17T10:02:06.760+0800][3.257s][info][gc,heap     ] GC(104) Eden regions: 10->0(9)
[2026-06-17T10:02:06.760+0800][3.257s][info][gc,heap     ] GC(104) Survivor regions: 2->2(2)
[2026-06-17T10:02:06.760+0800][3.257s][info][gc,heap     ] GC(104) Old regions: 26->29
[2026-06-17T10:02:06.760+0800][3.257s][info][gc,heap     ] GC(104) Humongous regions: 14->14
[2026-06-17T10:02:06.761+0800][3.258s][info][gc,metaspace] GC(104) Metaspace: 107K(320K)->107K(320K) NonClass: 99K(192K)->99K(192K) Class: 7K(128K)->7K(128K)
[2026-06-17T10:02:06.761+0800][3.258s][info][gc          ] GC(104) Pause Young (Prepare Mixed) (G1 Evacuation Pause) 51M->44M(64M) 5.367ms
[2026-06-17T10:02:06.761+0800][3.258s][info][gc,cpu      ] GC(104) User=0.00s Sys=0.00s Real=0.00s
[2026-06-17T10:02:06.783+0800][3.280s][info][gc,start    ] GC(105) Pause Young (Mixed) (G1 Evacuation Pause)
[2026-06-17T10:02:06.784+0800][3.281s][info][gc,task     ] GC(105) Using 2 workers of 18 for evacuation
[2026-06-17T10:02:06.786+0800][3.283s][info][gc,phases   ] GC(105)   Pre Evacuate Collection Set: 0.33ms
[2026-06-17T10:02:06.787+0800][3.284s][info][gc,phases   ] GC(105)   Merge Heap Roots: 0.14ms
[2026-06-17T10:02:06.787+0800][3.284s][info][gc,phases   ] GC(105)   Evacuate Collection Set: 0.84ms
[2026-06-17T10:02:06.788+0800][3.285s][info][gc,phases   ] GC(105)   Post Evacuate Collection Set: 0.60ms
[2026-06-17T10:02:06.788+0800][3.285s][info][gc,phases   ] GC(105)   Other: 0.61ms
[2026-06-17T10:02:06.788+0800][3.285s][info][gc,heap     ] GC(105) Eden regions: 9->0(10)
[2026-06-17T10:02:06.789+0800][3.286s][info][gc,heap     ] GC(105) Survivor regions: 2->2(2)
[2026-06-17T10:02:06.789+0800][3.286s][info][gc,heap     ] GC(105) Old regions: 29->27
[2026-06-17T10:02:06.789+0800][3.286s][info][gc,heap     ] GC(105) Humongous regions: 14->14
[2026-06-17T10:02:06.790+0800][3.287s][info][gc,metaspace] GC(105) Metaspace: 107K(320K)->107K(320K) NonClass: 99K(192K)->99K(192K) Class: 7K(128K)->7K(128K)
[2026-06-17T10:02:06.790+0800][3.287s][info][gc          ] GC(105) Pause Young (Mixed) (G1 Evacuation Pause) 53M->42M(64M) 6.936ms
[2026-06-17T10:02:06.790+0800][3.287s][info][gc,cpu      ] GC(105) User=0.00s Sys=0.00s Real=0.00s
[2026-06-17T10:02:06.822+0800][3.319s][info][gc,start    ] GC(106) Pause Young (Normal) (G1 Evacuation Pause)
[2026-06-17T10:02:06.823+0800][3.320s][info][gc,task     ] GC(106) Using 2 workers of 18 for evacuation
[2026-06-17T10:02:06.826+0800][3.323s][info][gc,phases   ] GC(106)   Pre Evacuate Collection Set: 0.34ms
[2026-06-17T10:02:06.827+0800][3.324s][info][gc,phases   ] GC(106)   Merge Heap Roots: 0.12ms
[2026-06-17T10:02:06.827+0800][3.324s][info][gc,phases   ] GC(106)   Evacuate Collection Set: 0.44ms
[2026-06-17T10:02:06.828+0800][3.324s][info][gc,phases   ] GC(106)   Post Evacuate Collection Set: 0.42ms
[2026-06-17T10:02:06.828+0800][3.325s][info][gc,phases   ] GC(106)   Other: 1.88ms
[2026-06-17T10:02:06.828+0800][3.325s][info][gc,heap     ] GC(106) Eden regions: 10->0(10)
[2026-06-17T10:02:06.829+0800][3.325s][info][gc,heap     ] GC(106) Survivor regions: 2->2(2)
[2026-06-17T10:02:06.829+0800][3.326s][info][gc,heap     ] GC(106) Old regions: 27->28
[2026-06-17T10:02:06.829+0800][3.326s][info][gc,heap     ] GC(106) Humongous regions: 14->14
[2026-06-17T10:02:06.829+0800][3.326s][info][gc,metaspace] GC(106) Metaspace: 107K(320K)->107K(320K) NonClass: 99K(192K)->99K(192K) Class: 7K(128K)->7K(128K)
[2026-06-17T10:02:06.830+0800][3.326s][info][gc          ] GC(106) Pause Young (Normal) (G1 Evacuation Pause) 52M->43M(64M) 7.129ms
[2026-06-17T10:02:06.830+0800][3.327s][info][gc,cpu      ] GC(106) User=0.00s Sys=0.00s Real=0.00s
[2026-06-17T10:02:06.852+0800][3.349s][info][gc,start    ] GC(107) Pause Young (Concurrent Start) (G1 Evacuation Pause)
[2026-06-17T10:02:06.853+0800][3.350s][info][gc,task     ] GC(107) Using 2 workers of 18 for evacuation
[2026-06-17T10:02:06.856+0800][3.353s][info][gc,phases   ] GC(107)   Pre Evacuate Collection Set: 0.35ms
[2026-06-17T10:02:06.857+0800][3.353s][info][gc,phases   ] GC(107)   Merge Heap Roots: 0.12ms
[2026-06-17T10:02:06.857+0800][3.354s][info][gc,phases   ] GC(107)   Evacuate Collection Set: 0.86ms
[2026-06-17T10:02:06.857+0800][3.354s][info][gc,phases   ] GC(107)   Post Evacuate Collection Set: 0.45ms
[2026-06-17T10:02:06.858+0800][3.355s][info][gc,phases   ] GC(107)   Other: 1.15ms
[2026-06-17T10:02:06.858+0800][3.355s][info][gc,heap     ] GC(107) Eden regions: 10->0(7)
[2026-06-17T10:02:06.858+0800][3.355s][info][gc,heap     ] GC(107) Survivor regions: 2->2(2)
[2026-06-17T10:02:06.859+0800][3.355s][info][gc,heap     ] GC(107) Old regions: 28->31
[2026-06-17T10:02:06.859+0800][3.356s][info][gc,heap     ] GC(107) Humongous regions: 14->14
[2026-06-17T10:02:06.859+0800][3.356s][info][gc,metaspace] GC(107) Metaspace: 107K(320K)->107K(320K) NonClass: 99K(192K)->99K(192K) Class: 7K(128K)->7K(128K)
[2026-06-17T10:02:06.859+0800][3.356s][info][gc          ] GC(107) Pause Young (Concurrent Start) (G1 Evacuation Pause) 53M->46M(64M) 7.216ms
[2026-06-17T10:02:06.860+0800][3.356s][info][gc,cpu      ] GC(107) User=0.01s Sys=0.00s Real=0.00s
[2026-06-17T10:02:06.860+0800][3.356s][info][gc          ] GC(108) Concurrent Mark Cycle
[2026-06-17T10:02:06.860+0800][3.357s][info][gc,marking  ] GC(108) Concurrent Scan Root Regions
[2026-06-17T10:02:06.860+0800][3.357s][info][gc,marking  ] GC(108) Concurrent Scan Root Regions 0.365ms
[2026-06-17T10:02:06.861+0800][3.358s][info][gc,marking  ] GC(108) Concurrent Mark
[2026-06-17T10:02:06.861+0800][3.358s][info][gc,marking  ] GC(108) Concurrent Mark From Roots
[2026-06-17T10:02:06.861+0800][3.358s][info][gc,task     ] GC(108) Using 5 workers of 5 for marking
[2026-06-17T10:02:06.864+0800][3.360s][info][gc,marking  ] GC(108) Concurrent Mark From Roots 2.487ms
[2026-06-17T10:02:06.864+0800][3.361s][info][gc,marking  ] GC(108) Concurrent Preclean
[2026-06-17T10:02:06.864+0800][3.361s][info][gc,marking  ] GC(108) Concurrent Preclean 0.250ms
[2026-06-17T10:02:06.864+0800][3.361s][info][gc,start    ] GC(108) Pause Remark
[2026-06-17T10:02:06.865+0800][3.362s][info][gc          ] GC(108) Pause Remark 47M->40M(64M) 0.623ms
[2026-06-17T10:02:06.865+0800][3.362s][info][gc,cpu      ] GC(108) User=0.00s Sys=0.00s Real=0.00s
[2026-06-17T10:02:06.865+0800][3.362s][info][gc,marking  ] GC(108) Concurrent Mark 4.646ms
[2026-06-17T10:02:06.866+0800][3.362s][info][gc,marking  ] GC(108) Concurrent Rebuild Remembered Sets and Scrub Regions
[2026-06-17T10:02:06.866+0800][3.363s][info][gc,marking  ] GC(108) Concurrent Rebuild Remembered Sets and Scrub Regions 0.690ms
[2026-06-17T10:02:06.867+0800][3.363s][info][gc,start    ] GC(108) Pause Cleanup
[2026-06-17T10:02:06.867+0800][3.364s][info][gc          ] GC(108) Pause Cleanup 40M->40M(64M) 0.296ms
[2026-06-17T10:02:06.867+0800][3.364s][info][gc,cpu      ] GC(108) User=0.00s Sys=0.00s Real=0.00s
[2026-06-17T10:02:06.867+0800][3.364s][info][gc,marking  ] GC(108) Concurrent Clear Claimed Marks
[2026-06-17T10:02:06.867+0800][3.364s][info][gc,marking  ] GC(108) Concurrent Clear Claimed Marks 0.163ms
[2026-06-17T10:02:06.868+0800][3.364s][info][gc,marking  ] GC(108) Concurrent Cleanup for Next Mark
[2026-06-17T10:02:06.868+0800][3.365s][info][gc,marking  ] GC(108) Concurrent Cleanup for Next Mark 0.285ms
[2026-06-17T10:02:06.868+0800][3.365s][info][gc          ] GC(108) Concurrent Mark Cycle 8.408ms
[2026-06-17T10:02:06.881+0800][3.378s][info][gc,start    ] GC(109) Pause Young (Prepare Mixed) (G1 Evacuation Pause)
[2026-06-17T10:02:06.883+0800][3.380s][info][gc,task     ] GC(109) Using 2 workers of 18 for evacuation
[2026-06-17T10:02:06.885+0800][3.382s][info][gc,phases   ] GC(109)   Pre Evacuate Collection Set: 0.24ms
[2026-06-17T10:02:06.887+0800][3.384s][info][gc,phases   ] GC(109)   Merge Heap Roots: 0.08ms
[2026-06-17T10:02:06.888+0800][3.385s][info][gc,phases   ] GC(109)   Evacuate Collection Set: 0.38ms
[2026-06-17T10:02:06.889+0800][3.386s][info][gc,phases   ] GC(109)   Post Evacuate Collection Set: 0.31ms
[2026-06-17T10:02:06.890+0800][3.387s][info][gc,phases   ] GC(109)   Other: 1.38ms
[2026-06-17T10:02:06.890+0800][3.387s][info][gc,heap     ] GC(109) Eden regions: 7->0(11)
[2026-06-17T10:02:06.890+0800][3.387s][info][gc,heap     ] GC(109) Survivor regions: 2->2(2)
[2026-06-17T10:02:06.890+0800][3.387s][info][gc,heap     ] GC(109) Old regions: 24->26
[2026-06-17T10:02:06.891+0800][3.388s][info][gc,heap     ] GC(109) Humongous regions: 14->14
[2026-06-17T10:02:06.891+0800][3.388s][info][gc,metaspace] GC(109) Metaspace: 107K(320K)->107K(320K) NonClass: 99K(192K)->99K(192K) Class: 7K(128K)->7K(128K)
[2026-06-17T10:02:06.891+0800][3.388s][info][gc          ] GC(109) Pause Young (Prepare Mixed) (G1 Evacuation Pause) 46M->41M(64M) 10.307ms
[2026-06-17T10:02:06.892+0800][3.388s][info][gc,cpu      ] GC(109) User=0.00s Sys=0.00s Real=0.02s
[2026-06-17T10:02:06.914+0800][3.410s][info][gc,start    ] GC(110) Pause Young (Mixed) (G1 Evacuation Pause)
[2026-06-17T10:02:06.915+0800][3.412s][info][gc,task     ] GC(110) Using 2 workers of 18 for evacuation
[2026-06-17T10:02:06.917+0800][3.414s][info][gc,phases   ] GC(110)   Pre Evacuate Collection Set: 0.37ms
[2026-06-17T10:02:06.917+0800][3.414s][info][gc,phases   ] GC(110)   Merge Heap Roots: 0.06ms
[2026-06-17T10:02:06.918+0800][3.415s][info][gc,phases   ] GC(110)   Evacuate Collection Set: 0.33ms
[2026-06-17T10:02:06.918+0800][3.415s][info][gc,phases   ] GC(110)   Post Evacuate Collection Set: 0.24ms
[2026-06-17T10:02:06.919+0800][3.416s][info][gc,phases   ] GC(110)   Other: 0.90ms
[2026-06-17T10:02:06.920+0800][3.417s][info][gc,heap     ] GC(110) Eden regions: 11->0(14)
[2026-06-17T10:02:06.920+0800][3.417s][info][gc,heap     ] GC(110) Survivor regions: 2->1(2)
[2026-06-17T10:02:06.921+0800][3.418s][info][gc,heap     ] GC(110) Old regions: 26->24
[2026-06-17T10:02:06.922+0800][3.419s][info][gc,heap     ] GC(110) Humongous regions: 14->14
[2026-06-17T10:02:06.922+0800][3.419s][info][gc,metaspace] GC(110) Metaspace: 107K(320K)->107K(320K) NonClass: 99K(192K)->99K(192K) Class: 7K(128K)->7K(128K)
[2026-06-17T10:02:06.923+0800][3.420s][info][gc          ] GC(110) Pause Young (Mixed) (G1 Evacuation Pause) 52M->38M(64M) 9.097ms
[2026-06-17T10:02:06.923+0800][3.420s][info][gc,cpu      ] GC(110) User=0.00s Sys=0.00s Real=0.01s
[2026-06-17T10:02:06.966+0800][3.463s][info][gc,start    ] GC(111) Pause Young (Normal) (G1 Evacuation Pause)
[2026-06-17T10:02:06.967+0800][3.464s][info][gc,task     ] GC(111) Using 2 workers of 18 for evacuation
[2026-06-17T10:02:06.968+0800][3.465s][info][gc,phases   ] GC(111)   Pre Evacuate Collection Set: 0.13ms
[2026-06-17T10:02:06.968+0800][3.465s][info][gc,phases   ] GC(111)   Merge Heap Roots: 0.05ms
[2026-06-17T10:02:06.969+0800][3.466s][info][gc,phases   ] GC(111)   Evacuate Collection Set: 0.39ms
[2026-06-17T10:02:06.969+0800][3.466s][info][gc,phases   ] GC(111)   Post Evacuate Collection Set: 0.20ms
[2026-06-17T10:02:06.970+0800][3.467s][info][gc,phases   ] GC(111)   Other: 0.44ms
[2026-06-17T10:02:06.971+0800][3.468s][info][gc,heap     ] GC(111) Eden regions: 14->0(15)
[2026-06-17T10:02:06.971+0800][3.468s][info][gc,heap     ] GC(111) Survivor regions: 1->2(2)
[2026-06-17T10:02:06.972+0800][3.468s][info][gc,heap     ] GC(111) Old regions: 24->27
[2026-06-17T10:02:06.972+0800][3.469s][info][gc,heap     ] GC(111) Humongous regions: 16->8
[2026-06-17T10:02:06.973+0800][3.470s][info][gc,metaspace] GC(111) Metaspace: 110K(320K)->110K(320K) NonClass: 103K(192K)->103K(192K) Class: 7K(128K)->7K(128K)
[2026-06-17T10:02:06.973+0800][3.470s][info][gc          ] GC(111) Pause Young (Normal) (G1 Evacuation Pause) 54M->36M(64M) 7.396ms
[2026-06-17T10:02:06.973+0800][3.470s][info][gc,cpu      ] GC(111) User=0.01s Sys=0.00s Real=0.01s
[2026-06-17T10:02:07.016+0800][3.513s][info][gc,start    ] GC(112) Pause Young (Normal) (G1 Evacuation Pause)
[2026-06-17T10:02:07.017+0800][3.514s][info][gc,task     ] GC(112) Using 2 workers of 18 for evacuation
[2026-06-17T10:02:07.019+0800][3.516s][info][gc,phases   ] GC(112)   Pre Evacuate Collection Set: 0.18ms
[2026-06-17T10:02:07.020+0800][3.517s][info][gc,phases   ] GC(112)   Merge Heap Roots: 0.08ms
[2026-06-17T10:02:07.021+0800][3.518s][info][gc,phases   ] GC(112)   Evacuate Collection Set: 0.33ms
[2026-06-17T10:02:07.022+0800][3.519s][info][gc,phases   ] GC(112)   Post Evacuate Collection Set: 0.32ms
[2026-06-17T10:02:07.023+0800][3.520s][info][gc,phases   ] GC(112)   Other: 0.98ms
[2026-06-17T10:02:07.024+0800][3.521s][info][gc,heap     ] GC(112) Eden regions: 15->0(13)
[2026-06-17T10:02:07.024+0800][3.521s][info][gc,heap     ] GC(112) Survivor regions: 2->3(3)
[2026-06-17T10:02:07.025+0800][3.522s][info][gc,heap     ] GC(112) Old regions: 27->29
[2026-06-17T10:02:07.026+0800][3.522s][info][gc,heap     ] GC(112) Humongous regions: 8->8
[2026-06-17T10:02:07.027+0800][3.524s][info][gc,metaspace] GC(112) Metaspace: 110K(320K)->110K(320K) NonClass: 103K(192K)->103K(192K) Class: 7K(128K)->7K(128K)
[2026-06-17T10:02:07.029+0800][3.526s][info][gc          ] GC(112) Pause Young (Normal) (G1 Evacuation Pause) 51M->38M(64M) 12.766ms
[2026-06-17T10:02:07.030+0800][3.527s][info][gc,cpu      ] GC(112) User=0.00s Sys=0.01s Real=0.01s
[2026-06-17T10:02:07.063+0800][3.560s][info][gc,start    ] GC(113) Pause Young (Concurrent Start) (G1 Evacuation Pause)
[2026-06-17T10:02:07.063+0800][3.560s][info][gc,task     ] GC(113) Using 2 workers of 18 for evacuation
[2026-06-17T10:02:07.067+0800][3.564s][info][gc,phases   ] GC(113)   Pre Evacuate Collection Set: 0.44ms
[2026-06-17T10:02:07.068+0800][3.565s][info][gc,phases   ] GC(113)   Merge Heap Roots: 0.14ms
[2026-06-17T10:02:07.068+0800][3.565s][info][gc,phases   ] GC(113)   Evacuate Collection Set: 0.74ms
[2026-06-17T10:02:07.069+0800][3.566s][info][gc,phases   ] GC(113)   Post Evacuate Collection Set: 1.01ms
[2026-06-17T10:02:07.070+0800][3.567s][info][gc,phases   ] GC(113)   Other: 1.09ms
[2026-06-17T10:02:07.070+0800][3.567s][info][gc,heap     ] GC(113) Eden regions: 13->0(12)
[2026-06-17T10:02:07.071+0800][3.568s][info][gc,heap     ] GC(113) Survivor regions: 3->2(2)
[2026-06-17T10:02:07.072+0800][3.569s][info][gc,heap     ] GC(113) Old regions: 29->32
[2026-06-17T10:02:07.072+0800][3.569s][info][gc,heap     ] GC(113) Humongous regions: 8->8
[2026-06-17T10:02:07.073+0800][3.570s][info][gc,metaspace] GC(113) Metaspace: 110K(320K)->110K(320K) NonClass: 103K(192K)->103K(192K) Class: 7K(128K)->7K(128K)
[2026-06-17T10:02:07.073+0800][3.570s][info][gc          ] GC(113) Pause Young (Concurrent Start) (G1 Evacuation Pause) 51M->41M(64M) 10.670ms
[2026-06-17T10:02:07.074+0800][3.571s][info][gc,cpu      ] GC(113) User=0.00s Sys=0.00s Real=0.01s
[2026-06-17T10:02:07.074+0800][3.571s][info][gc          ] GC(114) Concurrent Mark Cycle
[2026-06-17T10:02:07.075+0800][3.572s][info][gc,marking  ] GC(114) Concurrent Scan Root Regions
[2026-06-17T10:02:07.075+0800][3.572s][info][gc,marking  ] GC(114) Concurrent Scan Root Regions 0.553ms
[2026-06-17T10:02:07.076+0800][3.573s][info][gc,marking  ] GC(114) Concurrent Mark
[2026-06-17T10:02:07.076+0800][3.573s][info][gc,marking  ] GC(114) Concurrent Mark From Roots
[2026-06-17T10:02:07.077+0800][3.574s][info][gc,task     ] GC(114) Using 5 workers of 5 for marking
[2026-06-17T10:02:07.079+0800][3.576s][info][gc,marking  ] GC(114) Concurrent Mark From Roots 2.762ms
[2026-06-17T10:02:07.079+0800][3.576s][info][gc,marking  ] GC(114) Concurrent Preclean
[2026-06-17T10:02:07.080+0800][3.577s][info][gc,marking  ] GC(114) Concurrent Preclean 0.590ms
[2026-06-17T10:02:07.080+0800][3.577s][info][gc,start    ] GC(114) Pause Remark
[2026-06-17T10:02:07.081+0800][3.578s][info][gc          ] GC(114) Pause Remark 43M->35M(64M) 0.755ms
[2026-06-17T10:02:07.081+0800][3.578s][info][gc,cpu      ] GC(114) User=0.00s Sys=0.00s Real=0.00s
[2026-06-17T10:02:07.082+0800][3.579s][info][gc,marking  ] GC(114) Concurrent Mark 5.978ms
[2026-06-17T10:02:07.082+0800][3.579s][info][gc,marking  ] GC(114) Concurrent Rebuild Remembered Sets and Scrub Regions
[2026-06-17T10:02:07.083+0800][3.579s][info][gc,marking  ] GC(114) Concurrent Rebuild Remembered Sets and Scrub Regions 0.586ms
[2026-06-17T10:02:07.083+0800][3.580s][info][gc,start    ] GC(114) Pause Cleanup
[2026-06-17T10:02:07.083+0800][3.580s][info][gc          ] GC(114) Pause Cleanup 35M->35M(64M) 0.456ms
[2026-06-17T10:02:07.084+0800][3.581s][info][gc,cpu      ] GC(114) User=0.00s Sys=0.00s Real=0.00s
[2026-06-17T10:02:07.084+0800][3.581s][info][gc,marking  ] GC(114) Concurrent Clear Claimed Marks
[2026-06-17T10:02:07.085+0800][3.581s][info][gc,marking  ] GC(114) Concurrent Clear Claimed Marks 0.337ms
[2026-06-17T10:02:07.085+0800][3.582s][info][gc,marking  ] GC(114) Concurrent Cleanup for Next Mark
[2026-06-17T10:02:07.085+0800][3.582s][info][gc,marking  ] GC(114) Concurrent Cleanup for Next Mark 0.505ms
[2026-06-17T10:02:07.086+0800][3.583s][info][gc          ] GC(114) Concurrent Mark Cycle 11.961ms
[2026-06-17T10:02:07.106+0800][3.603s][info][gc,start    ] GC(115) Pause Young (Prepare Mixed) (G1 Evacuation Pause)
[2026-06-17T10:02:07.107+0800][3.604s][info][gc,task     ] GC(115) Using 2 workers of 18 for evacuation
[2026-06-17T10:02:07.110+0800][3.607s][info][gc,phases   ] GC(115)   Pre Evacuate Collection Set: 0.39ms
[2026-06-17T10:02:07.111+0800][3.608s][info][gc,phases   ] GC(115)   Merge Heap Roots: 0.22ms
[2026-06-17T10:02:07.111+0800][3.608s][info][gc,phases   ] GC(115)   Evacuate Collection Set: 0.63ms
[2026-06-17T10:02:07.112+0800][3.609s][info][gc,phases   ] GC(115)   Post Evacuate Collection Set: 0.61ms
[2026-06-17T10:02:07.113+0800][3.609s][info][gc,phases   ] GC(115)   Other: 1.14ms
[2026-06-17T10:02:07.113+0800][3.610s][info][gc,heap     ] GC(115) Eden regions: 12->0(16)
[2026-06-17T10:02:07.114+0800][3.611s][info][gc,heap     ] GC(115) Survivor regions: 2->2(2)
[2026-06-17T10:02:07.114+0800][3.611s][info][gc,heap     ] GC(115) Old regions: 24->26
[2026-06-17T10:02:07.115+0800][3.612s][info][gc,heap     ] GC(115) Humongous regions: 8->8
[2026-06-17T10:02:07.116+0800][3.613s][info][gc,metaspace] GC(115) Metaspace: 110K(320K)->110K(320K) NonClass: 103K(192K)->103K(192K) Class: 7K(128K)->7K(128K)
[2026-06-17T10:02:07.116+0800][3.613s][info][gc          ] GC(115) Pause Young (Prepare Mixed) (G1 Evacuation Pause) 45M->35M(64M) 10.381ms
[2026-06-17T10:02:07.117+0800][3.614s][info][gc,cpu      ] GC(115) User=0.00s Sys=0.01s Real=0.01s
[2026-06-17T10:02:07.161+0800][3.658s][info][gc,start    ] GC(116) Pause Young (Mixed) (G1 Evacuation Pause)
[2026-06-17T10:02:07.163+0800][3.660s][info][gc,task     ] GC(116) Using 2 workers of 18 for evacuation
[2026-06-17T10:02:07.167+0800][3.664s][info][gc,phases   ] GC(116)   Pre Evacuate Collection Set: 0.24ms
[2026-06-17T10:02:07.168+0800][3.665s][info][gc,phases   ] GC(116)   Merge Heap Roots: 0.22ms
[2026-06-17T10:02:07.170+0800][3.667s][info][gc,phases   ] GC(116)   Evacuate Collection Set: 0.99ms
[2026-06-17T10:02:07.171+0800][3.668s][info][gc,phases   ] GC(116)   Post Evacuate Collection Set: 0.95ms
[2026-06-17T10:02:07.173+0800][3.670s][info][gc,phases   ] GC(116)   Other: 1.83ms
[2026-06-17T10:02:07.175+0800][3.672s][info][gc,heap     ] GC(116) Eden regions: 16->0(17)
[2026-06-17T10:02:07.176+0800][3.673s][info][gc,heap     ] GC(116) Survivor regions: 2->3(3)
[2026-06-17T10:02:07.178+0800][3.675s][info][gc,heap     ] GC(116) Old regions: 26->23
[2026-06-17T10:02:07.180+0800][3.677s][info][gc,heap     ] GC(116) Humongous regions: 8->8
[2026-06-17T10:02:07.182+0800][3.679s][info][gc,metaspace] GC(116) Metaspace: 110K(320K)->110K(320K) NonClass: 103K(192K)->103K(192K) Class: 7K(128K)->7K(128K)
[2026-06-17T10:02:07.184+0800][3.681s][info][gc          ] GC(116) Pause Young (Mixed) (G1 Evacuation Pause) 51M->33M(64M) 23.011ms
[2026-06-17T10:02:07.185+0800][3.682s][info][gc,cpu      ] GC(116) User=0.00s Sys=0.00s Real=0.03s
[2026-06-17T10:02:07.230+0800][3.727s][info][gc,start    ] GC(117) Pause Young (Mixed) (G1 Evacuation Pause)
[2026-06-17T10:02:07.231+0800][3.728s][info][gc,task     ] GC(117) Using 2 workers of 18 for evacuation
[2026-06-17T10:02:07.234+0800][3.731s][info][gc,phases   ] GC(117)   Pre Evacuate Collection Set: 0.44ms
[2026-06-17T10:02:07.235+0800][3.732s][info][gc,phases   ] GC(117)   Merge Heap Roots: 0.20ms
[2026-06-17T10:02:07.235+0800][3.732s][info][gc,phases   ] GC(117)   Evacuate Collection Set: 1.18ms
[2026-06-17T10:02:07.236+0800][3.733s][info][gc,phases   ] GC(117)   Post Evacuate Collection Set: 0.38ms
[2026-06-17T10:02:07.236+0800][3.733s][info][gc,phases   ] GC(117)   Other: 0.55ms
[2026-06-17T10:02:07.237+0800][3.734s][info][gc,heap     ] GC(117) Eden regions: 17->0(13)
[2026-06-17T10:02:07.238+0800][3.735s][info][gc,heap     ] GC(117) Survivor regions: 3->3(3)
[2026-06-17T10:02:07.239+0800][3.736s][info][gc,heap     ] GC(117) Old regions: 23->28
[2026-06-17T10:02:07.239+0800][3.736s][info][gc,heap     ] GC(117) Humongous regions: 9->9
[2026-06-17T10:02:07.240+0800][3.737s][info][gc,metaspace] GC(117) Metaspace: 110K(320K)->110K(320K) NonClass: 103K(192K)->103K(192K) Class: 7K(128K)->7K(128K)
[2026-06-17T10:02:07.240+0800][3.737s][info][gc          ] GC(117) Pause Young (Mixed) (G1 Evacuation Pause) 51M->39M(64M) 10.031ms
[2026-06-17T10:02:07.241+0800][3.738s][info][gc,cpu      ] GC(117) User=0.01s Sys=0.00s Real=0.01s
[2026-06-17T10:02:07.274+0800][3.770s][info][gc,start    ] GC(118) Pause Young (Concurrent Start) (G1 Evacuation Pause)
[2026-06-17T10:02:07.275+0800][3.772s][info][gc,task     ] GC(118) Using 2 workers of 18 for evacuation
[2026-06-17T10:02:07.277+0800][3.774s][info][gc,phases   ] GC(118)   Pre Evacuate Collection Set: 0.30ms
[2026-06-17T10:02:07.279+0800][3.776s][info][gc,phases   ] GC(118)   Merge Heap Roots: 0.08ms
[2026-06-17T10:02:07.279+0800][3.776s][info][gc,phases   ] GC(118)   Evacuate Collection Set: 0.72ms
[2026-06-17T10:02:07.279+0800][3.776s][info][gc,phases   ] GC(118)   Post Evacuate Collection Set: 0.52ms
[2026-06-17T10:02:07.280+0800][3.777s][info][gc,phases   ] GC(118)   Other: 0.81ms
[2026-06-17T10:02:07.281+0800][3.778s][info][gc,heap     ] GC(118) Eden regions: 13->0(10)
[2026-06-17T10:02:07.281+0800][3.778s][info][gc,heap     ] GC(118) Survivor regions: 3->2(2)
[2026-06-17T10:02:07.282+0800][3.779s][info][gc,heap     ] GC(118) Old regions: 28->32
[2026-06-17T10:02:07.284+0800][3.780s][info][gc,heap     ] GC(118) Humongous regions: 9->9
[2026-06-17T10:02:07.286+0800][3.782s][info][gc,metaspace] GC(118) Metaspace: 110K(320K)->110K(320K) NonClass: 103K(192K)->103K(192K) Class: 7K(128K)->7K(128K)
[2026-06-17T10:02:07.288+0800][3.784s][info][gc          ] GC(118) Pause Young (Concurrent Start) (G1 Evacuation Pause) 52M->42M(64M) 13.956ms
[2026-06-17T10:02:07.290+0800][3.786s][info][gc,cpu      ] GC(118) User=0.00s Sys=0.00s Real=0.01s
[2026-06-17T10:02:07.290+0800][3.786s][info][gc          ] GC(119) Concurrent Mark Cycle
[2026-06-17T10:02:07.294+0800][3.791s][info][gc,marking  ] GC(119) Concurrent Scan Root Regions
[2026-06-17T10:02:07.295+0800][3.792s][info][gc,marking  ] GC(119) Concurrent Scan Root Regions 0.886ms
[2026-06-17T10:02:07.295+0800][3.792s][info][gc,marking  ] GC(119) Concurrent Mark
[2026-06-17T10:02:07.296+0800][3.792s][info][gc,marking  ] GC(119) Concurrent Mark From Roots
[2026-06-17T10:02:07.296+0800][3.793s][info][gc,task     ] GC(119) Using 5 workers of 5 for marking
[2026-06-17T10:02:07.299+0800][3.796s][info][gc,marking  ] GC(119) Concurrent Mark From Roots 3.368ms
[2026-06-17T10:02:07.300+0800][3.796s][info][gc,marking  ] GC(119) Concurrent Preclean
[2026-06-17T10:02:07.300+0800][3.797s][info][gc,marking  ] GC(119) Concurrent Preclean 0.520ms
[2026-06-17T10:02:07.301+0800][3.798s][info][gc,start    ] GC(119) Pause Remark
[2026-06-17T10:02:07.302+0800][3.799s][info][gc          ] GC(119) Pause Remark 43M->38M(64M) 1.069ms
[2026-06-17T10:02:07.302+0800][3.799s][info][gc,cpu      ] GC(119) User=0.00s Sys=0.00s Real=0.00s
[2026-06-17T10:02:07.303+0800][3.800s][info][gc,marking  ] GC(119) Concurrent Mark 7.745ms
[2026-06-17T10:02:07.304+0800][3.801s][info][gc,marking  ] GC(119) Concurrent Rebuild Remembered Sets and Scrub Regions
[2026-06-17T10:02:07.305+0800][3.802s][info][gc,marking  ] GC(119) Concurrent Rebuild Remembered Sets and Scrub Regions 1.229ms
[2026-06-17T10:02:07.306+0800][3.803s][info][gc,start    ] GC(119) Pause Cleanup
[2026-06-17T10:02:07.307+0800][3.804s][info][gc          ] GC(119) Pause Cleanup 42M->42M(64M) 0.762ms
[2026-06-17T10:02:07.308+0800][3.805s][info][gc,cpu      ] GC(119) User=0.00s Sys=0.00s Real=0.00s
[2026-06-17T10:02:07.309+0800][3.806s][info][gc,marking  ] GC(119) Concurrent Clear Claimed Marks
[2026-06-17T10:02:07.311+0800][3.807s][info][gc,marking  ] GC(119) Concurrent Clear Claimed Marks 1.482ms
[2026-06-17T10:02:07.311+0800][3.808s][info][gc,marking  ] GC(119) Concurrent Cleanup for Next Mark
[2026-06-17T10:02:07.312+0800][3.809s][info][gc,marking  ] GC(119) Concurrent Cleanup for Next Mark 0.683ms
[2026-06-17T10:02:07.312+0800][3.809s][info][gc          ] GC(119) Concurrent Mark Cycle 22.740ms
[2026-06-17T10:02:07.314+0800][3.811s][info][gc,start    ] GC(120) Pause Young (Prepare Mixed) (G1 Evacuation Pause)
[2026-06-17T10:02:07.314+0800][3.811s][info][gc,task     ] GC(120) Using 2 workers of 18 for evacuation
[2026-06-17T10:02:07.317+0800][3.814s][info][gc,phases   ] GC(120)   Pre Evacuate Collection Set: 0.16ms
[2026-06-17T10:02:07.318+0800][3.815s][info][gc,phases   ] GC(120)   Merge Heap Roots: 0.06ms
[2026-06-17T10:02:07.319+0800][3.815s][info][gc,phases   ] GC(120)   Evacuate Collection Set: 0.30ms
[2026-06-17T10:02:07.320+0800][3.817s][info][gc,phases   ] GC(120)   Post Evacuate Collection Set: 0.42ms
[2026-06-17T10:02:07.321+0800][3.818s][info][gc,phases   ] GC(120)   Other: 1.62ms
[2026-06-17T10:02:07.322+0800][3.819s][info][gc,heap     ] GC(120) Eden regions: 10->0(14)
[2026-06-17T10:02:07.323+0800][3.820s][info][gc,heap     ] GC(120) Survivor regions: 2->2(2)
[2026-06-17T10:02:07.324+0800][3.821s][info][gc,heap     ] GC(120) Old regions: 27->28
[2026-06-17T10:02:07.325+0800][3.822s][info][gc,heap     ] GC(120) Humongous regions: 9->9
[2026-06-17T10:02:07.326+0800][3.823s][info][gc,metaspace] GC(120) Metaspace: 110K(320K)->110K(320K) NonClass: 103K(192K)->103K(192K) Class: 7K(128K)->7K(128K)
[2026-06-17T10:02:07.326+0800][3.823s][info][gc          ] GC(120) Pause Young (Prepare Mixed) (G1 Evacuation Pause) 47M->37M(64M) 12.399ms
[2026-06-17T10:02:07.328+0800][3.825s][info][gc,cpu      ] GC(120) User=0.00s Sys=0.00s Real=0.01s
[2026-06-17T10:02:07.372+0800][3.868s][info][gc,start    ] GC(121) Pause Young (Mixed) (G1 Evacuation Pause)
[2026-06-17T10:02:07.373+0800][3.870s][info][gc,task     ] GC(121) Using 2 workers of 18 for evacuation
[2026-06-17T10:02:07.379+0800][3.876s][info][gc,phases   ] GC(121)   Pre Evacuate Collection Set: 0.35ms
[2026-06-17T10:02:07.380+0800][3.876s][info][gc,phases   ] GC(121)   Merge Heap Roots: 0.14ms
[2026-06-17T10:02:07.380+0800][3.877s][info][gc,phases   ] GC(121)   Evacuate Collection Set: 0.78ms
[2026-06-17T10:02:07.381+0800][3.877s][info][gc,phases   ] GC(121)   Post Evacuate Collection Set: 0.59ms
[2026-06-17T10:02:07.382+0800][3.879s][info][gc,phases   ] GC(121)   Other: 4.31ms
[2026-06-17T10:02:07.383+0800][3.879s][info][gc,heap     ] GC(121) Eden regions: 14->0(15)
[2026-06-17T10:02:07.383+0800][3.880s][info][gc,heap     ] GC(121) Survivor regions: 2->2(2)
[2026-06-17T10:02:07.384+0800][3.881s][info][gc,heap     ] GC(121) Old regions: 28->26
[2026-06-17T10:02:07.385+0800][3.881s][info][gc,heap     ] GC(121) Humongous regions: 9->9
[2026-06-17T10:02:07.385+0800][3.882s][info][gc,metaspace] GC(121) Metaspace: 110K(320K)->110K(320K) NonClass: 103K(192K)->103K(192K) Class: 7K(128K)->7K(128K)
[2026-06-17T10:02:07.386+0800][3.883s][info][gc          ] GC(121) Pause Young (Mixed) (G1 Evacuation Pause) 51M->36M(64M) 14.264ms
[2026-06-17T10:02:07.387+0800][3.884s][info][gc,cpu      ] GC(121) User=0.00s Sys=0.00s Real=0.01s
[2026-06-17T10:02:07.431+0800][3.928s][info][gc,start    ] GC(122) Pause Young (Mixed) (G1 Evacuation Pause)
[2026-06-17T10:02:07.432+0800][3.929s][info][gc,task     ] GC(122) Using 2 workers of 18 for evacuation
[2026-06-17T10:02:07.435+0800][3.932s][info][gc,phases   ] GC(122)   Pre Evacuate Collection Set: 0.44ms
[2026-06-17T10:02:07.436+0800][3.933s][info][gc,phases   ] GC(122)   Merge Heap Roots: 0.30ms
[2026-06-17T10:02:07.437+0800][3.934s][info][gc,phases   ] GC(122)   Evacuate Collection Set: 0.81ms
[2026-06-17T10:02:07.438+0800][3.935s][info][gc,phases   ] GC(122)   Post Evacuate Collection Set: 0.65ms
[2026-06-17T10:02:07.439+0800][3.936s][info][gc,phases   ] GC(122)   Other: 1.48ms
[2026-06-17T10:02:07.440+0800][3.937s][info][gc,heap     ] GC(122) Eden regions: 15->0(15)
[2026-06-17T10:02:07.441+0800][3.938s][info][gc,heap     ] GC(122) Survivor regions: 2->3(3)
[2026-06-17T10:02:07.442+0800][3.939s][info][gc,heap     ] GC(122) Old regions: 26->25
[2026-06-17T10:02:07.443+0800][3.940s][info][gc,heap     ] GC(122) Humongous regions: 9->9
[2026-06-17T10:02:07.444+0800][3.941s][info][gc,metaspace] GC(122) Metaspace: 110K(320K)->110K(320K) NonClass: 103K(192K)->103K(192K) Class: 7K(128K)->7K(128K)
[2026-06-17T10:02:07.444+0800][3.941s][info][gc          ] GC(122) Pause Young (Mixed) (G1 Evacuation Pause) 51M->36M(64M) 13.707ms
[2026-06-17T10:02:07.445+0800][3.942s][info][gc,cpu      ] GC(122) User=0.01s Sys=0.00s Real=0.01s
[2026-06-17T10:02:07.488+0800][3.985s][info][gc,start    ] GC(123) Pause Young (Normal) (G1 Evacuation Pause)
[2026-06-17T10:02:07.489+0800][3.986s][info][gc,task     ] GC(123) Using 2 workers of 18 for evacuation
[2026-06-17T10:02:07.490+0800][3.987s][info][gc,phases   ] GC(123)   Pre Evacuate Collection Set: 0.14ms
[2026-06-17T10:02:07.491+0800][3.987s][info][gc,phases   ] GC(123)   Merge Heap Roots: 0.04ms
[2026-06-17T10:02:07.491+0800][3.988s][info][gc,phases   ] GC(123)   Evacuate Collection Set: 0.38ms
[2026-06-17T10:02:07.491+0800][3.988s][info][gc,phases   ] GC(123)   Post Evacuate Collection Set: 0.18ms
[2026-06-17T10:02:07.492+0800][3.989s][info][gc,phases   ] GC(123)   Other: 0.48ms
[2026-06-17T10:02:07.492+0800][3.989s][info][gc,heap     ] GC(123) Eden regions: 15->0(13)
[2026-06-17T10:02:07.493+0800][3.990s][info][gc,heap     ] GC(123) Survivor regions: 3->3(3)
[2026-06-17T10:02:07.493+0800][3.990s][info][gc,heap     ] GC(123) Old regions: 25->27
[2026-06-17T10:02:07.493+0800][3.990s][info][gc,heap     ] GC(123) Humongous regions: 11->11
[2026-06-17T10:02:07.494+0800][3.991s][info][gc,metaspace] GC(123) Metaspace: 110K(320K)->110K(320K) NonClass: 103K(192K)->103K(192K) Class: 7K(128K)->7K(128K)
[2026-06-17T10:02:07.494+0800][3.991s][info][gc          ] GC(123) Pause Young (Normal) (G1 Evacuation Pause) 53M->40M(64M) 5.847ms
[2026-06-17T10:02:07.495+0800][3.992s][info][gc,cpu      ] GC(123) User=0.00s Sys=0.00s Real=0.01s
[2026-06-17T10:02:07.527+0800][4.024s][info][gc,start    ] GC(124) Pause Young (Concurrent Start) (G1 Evacuation Pause)
[2026-06-17T10:02:07.527+0800][4.024s][info][gc,task     ] GC(124) Using 2 workers of 18 for evacuation
[2026-06-17T10:02:07.528+0800][4.025s][info][gc,phases   ] GC(124)   Pre Evacuate Collection Set: 0.17ms
[2026-06-17T10:02:07.529+0800][4.025s][info][gc,phases   ] GC(124)   Merge Heap Roots: 0.04ms
[2026-06-17T10:02:07.529+0800][4.026s][info][gc,phases   ] GC(124)   Evacuate Collection Set: 0.44ms
[2026-06-17T10:02:07.529+0800][4.026s][info][gc,phases   ] GC(124)   Post Evacuate Collection Set: 0.22ms
[2026-06-17T10:02:07.529+0800][4.026s][info][gc,phases   ] GC(124)   Other: 0.40ms
[2026-06-17T10:02:07.529+0800][4.026s][info][gc,heap     ] GC(124) Eden regions: 13->0(9)
[2026-06-17T10:02:07.530+0800][4.026s][info][gc,heap     ] GC(124) Survivor regions: 3->2(2)
[2026-06-17T10:02:07.530+0800][4.027s][info][gc,heap     ] GC(124) Old regions: 27->31
[2026-06-17T10:02:07.530+0800][4.027s][info][gc,heap     ] GC(124) Humongous regions: 11->11
[2026-06-17T10:02:07.530+0800][4.027s][info][gc,metaspace] GC(124) Metaspace: 110K(320K)->110K(320K) NonClass: 103K(192K)->103K(192K) Class: 7K(128K)->7K(128K)
[2026-06-17T10:02:07.531+0800][4.027s][info][gc          ] GC(124) Pause Young (Concurrent Start) (G1 Evacuation Pause) 53M->43M(64M) 3.880ms
[2026-06-17T10:02:07.531+0800][4.028s][info][gc,cpu      ] GC(124) User=0.00s Sys=0.00s Real=0.01s
[2026-06-17T10:02:07.531+0800][4.028s][info][gc          ] GC(125) Concurrent Mark Cycle
[2026-06-17T10:02:07.531+0800][4.028s][info][gc,marking  ] GC(125) Concurrent Scan Root Regions
[2026-06-17T10:02:07.532+0800][4.028s][info][gc,marking  ] GC(125) Concurrent Scan Root Regions 0.280ms
[2026-06-17T10:02:07.532+0800][4.029s][info][gc,marking  ] GC(125) Concurrent Mark
[2026-06-17T10:02:07.532+0800][4.029s][info][gc,marking  ] GC(125) Concurrent Mark From Roots
[2026-06-17T10:02:07.532+0800][4.029s][info][gc,task     ] GC(125) Using 5 workers of 5 for marking
[2026-06-17T10:02:07.534+0800][4.031s][info][gc,marking  ] GC(125) Concurrent Mark From Roots 1.832ms
[2026-06-17T10:02:07.534+0800][4.031s][info][gc,marking  ] GC(125) Concurrent Preclean
[2026-06-17T10:02:07.535+0800][4.031s][info][gc,marking  ] GC(125) Concurrent Preclean 0.354ms
[2026-06-17T10:02:07.535+0800][4.032s][info][gc,start    ] GC(125) Pause Remark
[2026-06-17T10:02:07.535+0800][4.032s][info][gc          ] GC(125) Pause Remark 46M->40M(64M) 0.654ms
[2026-06-17T10:02:07.536+0800][4.033s][info][gc,cpu      ] GC(125) User=0.00s Sys=0.00s Real=0.00s
[2026-06-17T10:02:07.536+0800][4.033s][info][gc,marking  ] GC(125) Concurrent Mark 4.234ms
[2026-06-17T10:02:07.536+0800][4.033s][info][gc,marking  ] GC(125) Concurrent Rebuild Remembered Sets and Scrub Regions
[2026-06-17T10:02:07.537+0800][4.034s][info][gc,marking  ] GC(125) Concurrent Rebuild Remembered Sets and Scrub Regions 0.714ms
[2026-06-17T10:02:07.537+0800][4.034s][info][gc,start    ] GC(125) Pause Cleanup
[2026-06-17T10:02:07.538+0800][4.034s][info][gc          ] GC(125) Pause Cleanup 40M->40M(64M) 0.264ms
[2026-06-17T10:02:07.538+0800][4.035s][info][gc,cpu      ] GC(125) User=0.00s Sys=0.00s Real=0.00s
[2026-06-17T10:02:07.538+0800][4.035s][info][gc,marking  ] GC(125) Concurrent Clear Claimed Marks
[2026-06-17T10:02:07.538+0800][4.035s][info][gc,marking  ] GC(125) Concurrent Clear Claimed Marks 0.160ms
[2026-06-17T10:02:07.538+0800][4.035s][info][gc,marking  ] GC(125) Concurrent Cleanup for Next Mark
[2026-06-17T10:02:07.539+0800][4.035s][info][gc,marking  ] GC(125) Concurrent Cleanup for Next Mark 0.444ms
[2026-06-17T10:02:07.539+0800][4.036s][info][gc          ] GC(125) Concurrent Mark Cycle 8.067ms
[2026-06-17T10:02:07.552+0800][4.049s][info][gc,start    ] GC(126) Pause Young (Prepare Mixed) (G1 Evacuation Pause)
[2026-06-17T10:02:07.553+0800][4.049s][info][gc,task     ] GC(126) Using 2 workers of 18 for evacuation
[2026-06-17T10:02:07.554+0800][4.050s][info][gc,phases   ] GC(126)   Pre Evacuate Collection Set: 0.13ms
[2026-06-17T10:02:07.554+0800][4.051s][info][gc,phases   ] GC(126)   Merge Heap Roots: 0.05ms
[2026-06-17T10:02:07.554+0800][4.051s][info][gc,phases   ] GC(126)   Evacuate Collection Set: 0.45ms
[2026-06-17T10:02:07.555+0800][4.052s][info][gc,phases   ] GC(126)   Post Evacuate Collection Set: 0.19ms
[2026-06-17T10:02:07.555+0800][4.052s][info][gc,phases   ] GC(126)   Other: 0.22ms
[2026-06-17T10:02:07.555+0800][4.052s][info][gc,heap     ] GC(126) Eden regions: 9->0(10)
[2026-06-17T10:02:07.555+0800][4.052s][info][gc,heap     ] GC(126) Survivor regions: 2->2(2)
[2026-06-17T10:02:07.556+0800][4.052s][info][gc,heap     ] GC(126) Old regions: 25->29
[2026-06-17T10:02:07.556+0800][4.053s][info][gc,heap     ] GC(126) Humongous regions: 11->11
[2026-06-17T10:02:07.556+0800][4.053s][info][gc,metaspace] GC(126) Metaspace: 110K(320K)->110K(320K) NonClass: 103K(192K)->103K(192K) Class: 7K(128K)->7K(128K)
[2026-06-17T10:02:07.556+0800][4.053s][info][gc          ] GC(126) Pause Young (Prepare Mixed) (G1 Evacuation Pause) 46M->41M(64M) 4.007ms
[2026-06-17T10:02:07.557+0800][4.053s][info][gc,cpu      ] GC(126) User=0.00s Sys=0.00s Real=0.00s
[2026-06-17T10:02:07.588+0800][4.085s][info][gc,start    ] GC(127) Pause Young (Mixed) (G1 Evacuation Pause)
[2026-06-17T10:02:07.589+0800][4.086s][info][gc,task     ] GC(127) Using 2 workers of 18 for evacuation
[2026-06-17T10:02:07.590+0800][4.087s][info][gc,phases   ] GC(127)   Pre Evacuate Collection Set: 0.15ms
[2026-06-17T10:02:07.591+0800][4.087s][info][gc,phases   ] GC(127)   Merge Heap Roots: 0.05ms
[2026-06-17T10:02:07.591+0800][4.088s][info][gc,phases   ] GC(127)   Evacuate Collection Set: 0.46ms
[2026-06-17T10:02:07.591+0800][4.088s][info][gc,phases   ] GC(127)   Post Evacuate Collection Set: 0.18ms
[2026-06-17T10:02:07.592+0800][4.088s][info][gc,phases   ] GC(127)   Other: 0.39ms
[2026-06-17T10:02:07.592+0800][4.089s][info][gc,heap     ] GC(127) Eden regions: 10->0(13)
[2026-06-17T10:02:07.592+0800][4.089s][info][gc,heap     ] GC(127) Survivor regions: 2->2(2)
[2026-06-17T10:02:07.593+0800][4.090s][info][gc,heap     ] GC(127) Old regions: 29->26
[2026-06-17T10:02:07.593+0800][4.090s][info][gc,heap     ] GC(127) Humongous regions: 11->11
[2026-06-17T10:02:07.593+0800][4.090s][info][gc,metaspace] GC(127) Metaspace: 110K(320K)->110K(320K) NonClass: 103K(192K)->103K(192K) Class: 7K(128K)->7K(128K)
[2026-06-17T10:02:07.594+0800][4.091s][info][gc          ] GC(127) Pause Young (Mixed) (G1 Evacuation Pause) 51M->38M(64M) 5.386ms
[2026-06-17T10:02:07.594+0800][4.091s][info][gc,cpu      ] GC(127) User=0.00s Sys=0.00s Real=0.01s
[2026-06-17T10:02:07.626+0800][4.123s][info][gc,start    ] GC(128) Pause Young (Mixed) (G1 Evacuation Pause)
[2026-06-17T10:02:07.627+0800][4.123s][info][gc,task     ] GC(128) Using 2 workers of 18 for evacuation
[2026-06-17T10:02:07.628+0800][4.125s][info][gc,phases   ] GC(128)   Pre Evacuate Collection Set: 0.13ms
[2026-06-17T10:02:07.630+0800][4.127s][info][gc,phases   ] GC(128)   Merge Heap Roots: 0.04ms
[2026-06-17T10:02:07.631+0800][4.128s][info][gc,phases   ] GC(128)   Evacuate Collection Set: 0.46ms
[2026-06-17T10:02:07.632+0800][4.129s][info][gc,phases   ] GC(128)   Post Evacuate Collection Set: 0.19ms
[2026-06-17T10:02:07.633+0800][4.130s][info][gc,phases   ] GC(128)   Other: 1.06ms
[2026-06-17T10:02:07.634+0800][4.131s][info][gc,heap     ] GC(128) Eden regions: 13->0(12)
[2026-06-17T10:02:07.636+0800][4.133s][info][gc,heap     ] GC(128) Survivor regions: 2->2(2)
[2026-06-17T10:02:07.638+0800][4.135s][info][gc,heap     ] GC(128) Old regions: 26->28
[2026-06-17T10:02:07.638+0800][4.135s][info][gc,heap     ] GC(128) Humongous regions: 11->11
[2026-06-17T10:02:07.639+0800][4.135s][info][gc,metaspace] GC(128) Metaspace: 110K(320K)->110K(320K) NonClass: 103K(192K)->103K(192K) Class: 7K(128K)->7K(128K)
[2026-06-17T10:02:07.639+0800][4.136s][info][gc          ] GC(128) Pause Young (Mixed) (G1 Evacuation Pause) 51M->40M(64M) 12.951ms
[2026-06-17T10:02:07.639+0800][4.136s][info][gc,cpu      ] GC(128) User=0.01s Sys=0.00s Real=0.01s
[2026-06-17T10:02:07.671+0800][4.168s][info][gc,start    ] GC(129) Pause Young (Normal) (G1 Evacuation Pause)
[2026-06-17T10:02:07.672+0800][4.168s][info][gc,task     ] GC(129) Using 2 workers of 18 for evacuation
[2026-06-17T10:02:07.673+0800][4.170s][info][gc,phases   ] GC(129)   Pre Evacuate Collection Set: 0.17ms
[2026-06-17T10:02:07.673+0800][4.170s][info][gc,phases   ] GC(129)   Merge Heap Roots: 0.04ms
[2026-06-17T10:02:07.674+0800][4.170s][info][gc,phases   ] GC(129)   Evacuate Collection Set: 0.37ms
[2026-06-17T10:02:07.674+0800][4.171s][info][gc,phases   ] GC(129)   Post Evacuate Collection Set: 0.16ms
[2026-06-17T10:02:07.674+0800][4.171s][info][gc,phases   ] GC(129)   Other: 0.43ms
[2026-06-17T10:02:07.675+0800][4.172s][info][gc,heap     ] GC(129) Eden regions: 12->0(9)
[2026-06-17T10:02:07.675+0800][4.172s][info][gc,heap     ] GC(129) Survivor regions: 2->2(2)
[2026-06-17T10:02:07.675+0800][4.172s][info][gc,heap     ] GC(129) Old regions: 28->32
[2026-06-17T10:02:07.676+0800][4.173s][info][gc,heap     ] GC(129) Humongous regions: 11->11
[2026-06-17T10:02:07.676+0800][4.173s][info][gc,metaspace] GC(129) Metaspace: 110K(320K)->110K(320K) NonClass: 103K(192K)->103K(192K) Class: 7K(128K)->7K(128K)
[2026-06-17T10:02:07.676+0800][4.173s][info][gc          ] GC(129) Pause Young (Normal) (G1 Evacuation Pause) 52M->44M(64M) 5.206ms
[2026-06-17T10:02:07.677+0800][4.174s][info][gc,cpu      ] GC(129) User=0.00s Sys=0.00s Real=0.00s
[2026-06-17T10:02:07.688+0800][4.185s][info][gc,start    ] GC(130) Pause Young (Concurrent Start) (G1 Humongous Allocation)
[2026-06-17T10:02:07.688+0800][4.185s][info][gc,task     ] GC(130) Using 2 workers of 18 for evacuation
[2026-06-17T10:02:07.690+0800][4.187s][info][gc,phases   ] GC(130)   Pre Evacuate Collection Set: 0.20ms
[2026-06-17T10:02:07.690+0800][4.187s][info][gc,phases   ] GC(130)   Merge Heap Roots: 0.04ms
[2026-06-17T10:02:07.690+0800][4.187s][info][gc,phases   ] GC(130)   Evacuate Collection Set: 0.28ms
[2026-06-17T10:02:07.691+0800][4.188s][info][gc,phases   ] GC(130)   Post Evacuate Collection Set: 0.19ms
[2026-06-17T10:02:07.691+0800][4.188s][info][gc,phases   ] GC(130)   Other: 0.51ms
[2026-06-17T10:02:07.692+0800][4.189s][info][gc,heap     ] GC(130) Eden regions: 8->0(8)
[2026-06-17T10:02:07.692+0800][4.189s][info][gc,heap     ] GC(130) Survivor regions: 2->2(2)
[2026-06-17T10:02:07.693+0800][4.190s][info][gc,heap     ] GC(130) Old regions: 32->33
[2026-06-17T10:02:07.693+0800][4.190s][info][gc,heap     ] GC(130) Humongous regions: 11->11
[2026-06-17T10:02:07.694+0800][4.191s][info][gc,metaspace] GC(130) Metaspace: 110K(320K)->110K(320K) NonClass: 103K(192K)->103K(192K) Class: 7K(128K)->7K(128K)
[2026-06-17T10:02:07.694+0800][4.191s][info][gc          ] GC(130) Pause Young (Concurrent Start) (G1 Humongous Allocation) 51M->45M(64M) 6.154ms
[2026-06-17T10:02:07.695+0800][4.191s][info][gc,cpu      ] GC(130) User=0.00s Sys=0.00s Real=0.01s
[2026-06-17T10:02:07.695+0800][4.191s][info][gc          ] GC(131) Concurrent Mark Cycle
[2026-06-17T10:02:07.695+0800][4.192s][info][gc,marking  ] GC(131) Concurrent Scan Root Regions
[2026-06-17T10:02:07.696+0800][4.193s][info][gc,marking  ] GC(131) Concurrent Scan Root Regions 0.473ms
[2026-06-17T10:02:07.696+0800][4.193s][info][gc,marking  ] GC(131) Concurrent Mark
[2026-06-17T10:02:07.697+0800][4.193s][info][gc,marking  ] GC(131) Concurrent Mark From Roots
[2026-06-17T10:02:07.697+0800][4.194s][info][gc,task     ] GC(131) Using 5 workers of 5 for marking
[2026-06-17T10:02:07.699+0800][4.196s][info][gc,marking  ] GC(131) Concurrent Mark From Roots 2.075ms
[2026-06-17T10:02:07.699+0800][4.196s][info][gc,marking  ] GC(131) Concurrent Preclean
[2026-06-17T10:02:07.700+0800][4.196s][info][gc,marking  ] GC(131) Concurrent Preclean 0.401ms
[2026-06-17T10:02:07.700+0800][4.197s][info][gc,start    ] GC(131) Pause Remark
[2026-06-17T10:02:07.701+0800][4.198s][info][gc          ] GC(131) Pause Remark 47M->39M(64M) 0.725ms
[2026-06-17T10:02:07.701+0800][4.198s][info][gc,cpu      ] GC(131) User=0.00s Sys=0.00s Real=0.00s
[2026-06-17T10:02:07.701+0800][4.198s][info][gc,marking  ] GC(131) Concurrent Mark 5.201ms
[2026-06-17T10:02:07.702+0800][4.199s][info][gc,marking  ] GC(131) Concurrent Rebuild Remembered Sets and Scrub Regions
[2026-06-17T10:02:07.703+0800][4.199s][info][gc,marking  ] GC(131) Concurrent Rebuild Remembered Sets and Scrub Regions 0.798ms
[2026-06-17T10:02:07.703+0800][4.200s][info][gc,start    ] GC(131) Pause Cleanup
[2026-06-17T10:02:07.703+0800][4.200s][info][gc          ] GC(131) Pause Cleanup 39M->39M(64M) 0.481ms
[2026-06-17T10:02:07.704+0800][4.201s][info][gc,cpu      ] GC(131) User=0.00s Sys=0.00s Real=0.00s
[2026-06-17T10:02:07.704+0800][4.201s][info][gc,marking  ] GC(131) Concurrent Clear Claimed Marks
[2026-06-17T10:02:07.705+0800][4.202s][info][gc,marking  ] GC(131) Concurrent Clear Claimed Marks 0.368ms
[2026-06-17T10:02:07.705+0800][4.202s][info][gc,marking  ] GC(131) Concurrent Cleanup for Next Mark
[2026-06-17T10:02:07.706+0800][4.202s][info][gc,marking  ] GC(131) Concurrent Cleanup for Next Mark 0.487ms
[2026-06-17T10:02:07.706+0800][4.203s][info][gc          ] GC(131) Concurrent Mark Cycle 11.369ms
[2026-06-17T10:02:07.726+0800][4.223s][info][gc,start    ] GC(132) Pause Young (Prepare Mixed) (G1 Evacuation Pause)
[2026-06-17T10:02:07.727+0800][4.224s][info][gc,task     ] GC(132) Using 2 workers of 18 for evacuation
[2026-06-17T10:02:07.728+0800][4.225s][info][gc,phases   ] GC(132)   Pre Evacuate Collection Set: 0.13ms
[2026-06-17T10:02:07.728+0800][4.225s][info][gc,phases   ] GC(132)   Merge Heap Roots: 0.04ms
[2026-06-17T10:02:07.728+0800][4.225s][info][gc,phases   ] GC(132)   Evacuate Collection Set: 0.23ms
[2026-06-17T10:02:07.729+0800][4.226s][info][gc,phases   ] GC(132)   Post Evacuate Collection Set: 0.16ms
[2026-06-17T10:02:07.729+0800][4.226s][info][gc,phases   ] GC(132)   Other: 0.42ms
[2026-06-17T10:02:07.729+0800][4.226s][info][gc,heap     ] GC(132) Eden regions: 8->0(13)
[2026-06-17T10:02:07.730+0800][4.226s][info][gc,heap     ] GC(132) Survivor regions: 2->2(2)
[2026-06-17T10:02:07.730+0800][4.227s][info][gc,heap     ] GC(132) Old regions: 25->27
[2026-06-17T10:02:07.730+0800][4.227s][info][gc,heap     ] GC(132) Humongous regions: 13->13
[2026-06-17T10:02:07.731+0800][4.228s][info][gc,metaspace] GC(132) Metaspace: 110K(320K)->110K(320K) NonClass: 103K(192K)->103K(192K) Class: 7K(128K)->7K(128K)
[2026-06-17T10:02:07.731+0800][4.228s][info][gc          ] GC(132) Pause Young (Prepare Mixed) (G1 Evacuation Pause) 47M->40M(64M) 4.932ms
[2026-06-17T10:02:07.732+0800][4.228s][info][gc,cpu      ] GC(132) User=0.00s Sys=0.00s Real=0.01s
[2026-06-17T10:02:07.763+0800][4.260s][info][gc,start    ] GC(133) Pause Young (Mixed) (G1 Evacuation Pause)
[2026-06-17T10:02:07.764+0800][4.261s][info][gc,task     ] GC(133) Using 2 workers of 18 for evacuation
[2026-06-17T10:02:07.767+0800][4.264s][info][gc,phases   ] GC(133)   Pre Evacuate Collection Set: 0.12ms
[2026-06-17T10:02:07.767+0800][4.264s][info][gc,phases   ] GC(133)   Merge Heap Roots: 0.04ms
[2026-06-17T10:02:07.768+0800][4.264s][info][gc,phases   ] GC(133)   Evacuate Collection Set: 0.59ms
[2026-06-17T10:02:07.768+0800][4.265s][info][gc,phases   ] GC(133)   Post Evacuate Collection Set: 0.41ms
[2026-06-17T10:02:07.768+0800][4.265s][info][gc,phases   ] GC(133)   Other: 1.50ms
[2026-06-17T10:02:07.769+0800][4.266s][info][gc,heap     ] GC(133) Eden regions: 13->0(15)
[2026-06-17T10:02:07.769+0800][4.266s][info][gc,heap     ] GC(133) Survivor regions: 2->2(2)
[2026-06-17T10:02:07.770+0800][4.267s][info][gc,heap     ] GC(133) Old regions: 27->24
[2026-06-17T10:02:07.770+0800][4.267s][info][gc,heap     ] GC(133) Humongous regions: 13->13
[2026-06-17T10:02:07.771+0800][4.268s][info][gc,metaspace] GC(133) Metaspace: 110K(320K)->110K(320K) NonClass: 103K(192K)->103K(192K) Class: 7K(128K)->7K(128K)
[2026-06-17T10:02:07.771+0800][4.268s][info][gc          ] GC(133) Pause Young (Mixed) (G1 Evacuation Pause) 53M->38M(64M) 7.978ms
[2026-06-17T10:02:07.772+0800][4.269s][info][gc,cpu      ] GC(133) User=0.00s Sys=0.00s Real=0.01s
[2026-06-17T10:02:07.804+0800][4.301s][info][gc,start    ] GC(134) Pause Young (Mixed) (G1 Evacuation Pause)
[2026-06-17T10:02:07.804+0800][4.301s][info][gc,task     ] GC(134) Using 2 workers of 18 for evacuation
[2026-06-17T10:02:07.806+0800][4.303s][info][gc,phases   ] GC(134)   Pre Evacuate Collection Set: 0.12ms
[2026-06-17T10:02:07.806+0800][4.303s][info][gc,phases   ] GC(134)   Merge Heap Roots: 0.05ms
[2026-06-17T10:02:07.807+0800][4.304s][info][gc,phases   ] GC(134)   Evacuate Collection Set: 0.45ms
[2026-06-17T10:02:07.807+0800][4.304s][info][gc,phases   ] GC(134)   Post Evacuate Collection Set: 0.22ms
[2026-06-17T10:02:07.808+0800][4.305s][info][gc,phases   ] GC(134)   Other: 0.60ms
[2026-06-17T10:02:07.808+0800][4.305s][info][gc,heap     ] GC(134) Eden regions: 15->0(13)
[2026-06-17T10:02:07.809+0800][4.306s][info][gc,heap     ] GC(134) Survivor regions: 2->3(3)
[2026-06-17T10:02:07.810+0800][4.306s][info][gc,heap     ] GC(134) Old regions: 24->24
[2026-06-17T10:02:07.810+0800][4.307s][info][gc,heap     ] GC(134) Humongous regions: 13->13
[2026-06-17T10:02:07.810+0800][4.307s][info][gc,metaspace] GC(134) Metaspace: 110K(320K)->110K(320K) NonClass: 103K(192K)->103K(192K) Class: 7K(128K)->7K(128K)
[2026-06-17T10:02:07.811+0800][4.308s][info][gc          ] GC(134) Pause Young (Mixed) (G1 Evacuation Pause) 53M->39M(64M) 6.929ms
[2026-06-17T10:02:07.811+0800][4.308s][info][gc,cpu      ] GC(134) User=0.00s Sys=0.00s Real=0.01s
[2026-06-17T10:02:07.843+0800][4.340s][info][gc,start    ] GC(135) Pause Young (Normal) (G1 Evacuation Pause)
[2026-06-17T10:02:07.844+0800][4.341s][info][gc,task     ] GC(135) Using 2 workers of 18 for evacuation
[2026-06-17T10:02:07.845+0800][4.342s][info][gc,phases   ] GC(135)   Pre Evacuate Collection Set: 0.19ms
[2026-06-17T10:02:07.846+0800][4.342s][info][gc,phases   ] GC(135)   Merge Heap Roots: 0.05ms
[2026-06-17T10:02:07.846+0800][4.343s][info][gc,phases   ] GC(135)   Evacuate Collection Set: 0.35ms
[2026-06-17T10:02:07.847+0800][4.343s][info][gc,phases   ] GC(135)   Post Evacuate Collection Set: 0.17ms
[2026-06-17T10:02:07.847+0800][4.344s][info][gc,phases   ] GC(135)   Other: 0.59ms
[2026-06-17T10:02:07.848+0800][4.344s][info][gc,heap     ] GC(135) Eden regions: 13->0(12)
[2026-06-17T10:02:07.848+0800][4.345s][info][gc,heap     ] GC(135) Survivor regions: 3->2(2)
[2026-06-17T10:02:07.849+0800][4.345s][info][gc,heap     ] GC(135) Old regions: 24->28
[2026-06-17T10:02:07.849+0800][4.346s][info][gc,heap     ] GC(135) Humongous regions: 13->13
[2026-06-17T10:02:07.849+0800][4.346s][info][gc,metaspace] GC(135) Metaspace: 110K(320K)->110K(320K) NonClass: 103K(192K)->103K(192K) Class: 7K(128K)->7K(128K)
[2026-06-17T10:02:07.850+0800][4.347s][info][gc          ] GC(135) Pause Young (Normal) (G1 Evacuation Pause) 52M->42M(64M) 6.756ms
[2026-06-17T10:02:07.850+0800][4.347s][info][gc,cpu      ] GC(135) User=0.00s Sys=0.00s Real=0.00s
[2026-06-17T10:02:07.882+0800][4.379s][info][gc,start    ] GC(136) Pause Young (Concurrent Start) (G1 Evacuation Pause)
[2026-06-17T10:02:07.884+0800][4.381s][info][gc,task     ] GC(136) Using 2 workers of 18 for evacuation
[2026-06-17T10:02:07.888+0800][4.385s][info][gc,phases   ] GC(136)   Pre Evacuate Collection Set: 0.22ms
[2026-06-17T10:02:07.891+0800][4.388s][info][gc,phases   ] GC(136)   Merge Heap Roots: 0.07ms
[2026-06-17T10:02:07.893+0800][4.390s][info][gc,phases   ] GC(136)   Evacuate Collection Set: 0.34ms
[2026-06-17T10:02:07.895+0800][4.392s][info][gc,phases   ] GC(136)   Post Evacuate Collection Set: 0.31ms
[2026-06-17T10:02:07.895+0800][4.392s][info][gc,phases   ] GC(136)   Other: 2.92ms
[2026-06-17T10:02:07.897+0800][4.393s][info][gc,heap     ] GC(136) Eden regions: 12->0(11)
[2026-06-17T10:02:07.897+0800][4.394s][info][gc,heap     ] GC(136) Survivor regions: 2->2(2)
[2026-06-17T10:02:07.898+0800][4.395s][info][gc,heap     ] GC(136) Old regions: 28->30
[2026-06-17T10:02:07.899+0800][4.396s][info][gc,heap     ] GC(136) Humongous regions: 13->13
[2026-06-17T10:02:07.901+0800][4.398s][info][gc,metaspace] GC(136) Metaspace: 110K(320K)->110K(320K) NonClass: 103K(192K)->103K(192K) Class: 7K(128K)->7K(128K)
[2026-06-17T10:02:07.903+0800][4.399s][info][gc          ] GC(136) Pause Young (Concurrent Start) (G1 Evacuation Pause) 54M->44M(64M) 20.275ms
[2026-06-17T10:02:07.905+0800][4.402s][info][gc,cpu      ] GC(136) User=0.00s Sys=0.00s Real=0.03s
[2026-06-17T10:02:07.905+0800][4.402s][info][gc          ] GC(137) Concurrent Mark Cycle
[2026-06-17T10:02:07.908+0800][4.405s][info][gc,marking  ] GC(137) Concurrent Scan Root Regions
[2026-06-17T10:02:07.908+0800][4.405s][info][gc,marking  ] GC(137) Concurrent Scan Root Regions 0.530ms
[2026-06-17T10:02:07.910+0800][4.407s][info][gc,marking  ] GC(137) Concurrent Mark
[2026-06-17T10:02:07.911+0800][4.408s][info][gc,marking  ] GC(137) Concurrent Mark From Roots
[2026-06-17T10:02:07.912+0800][4.409s][info][gc,task     ] GC(137) Using 5 workers of 5 for marking
[2026-06-17T10:02:07.916+0800][4.413s][info][gc,marking  ] GC(137) Concurrent Mark From Roots 5.168ms
[2026-06-17T10:02:07.917+0800][4.414s][info][gc,marking  ] GC(137) Concurrent Preclean
[2026-06-17T10:02:07.918+0800][4.415s][info][gc,marking  ] GC(137) Concurrent Preclean 1.500ms
[2026-06-17T10:02:07.919+0800][4.416s][info][gc,start    ] GC(137) Pause Remark
[2026-06-17T10:02:07.920+0800][4.417s][info][gc          ] GC(137) Pause Remark 48M->38M(64M) 1.281ms
[2026-06-17T10:02:07.921+0800][4.418s][info][gc,cpu      ] GC(137) User=0.00s Sys=0.00s Real=0.00s
[2026-06-17T10:02:07.923+0800][4.419s][info][gc,marking  ] GC(137) Concurrent Mark 12.362ms
[2026-06-17T10:02:07.923+0800][4.420s][info][gc,marking  ] GC(137) Concurrent Rebuild Remembered Sets and Scrub Regions
[2026-06-17T10:02:07.925+0800][4.422s][info][gc,marking  ] GC(137) Concurrent Rebuild Remembered Sets and Scrub Regions 1.847ms
[2026-06-17T10:02:07.926+0800][4.423s][info][gc,start    ] GC(137) Pause Cleanup
[2026-06-17T10:02:07.927+0800][4.423s][info][gc          ] GC(137) Pause Cleanup 38M->38M(64M) 0.824ms
[2026-06-17T10:02:07.928+0800][4.425s][info][gc,cpu      ] GC(137) User=0.00s Sys=0.00s Real=0.00s
[2026-06-17T10:02:07.928+0800][4.425s][info][gc,marking  ] GC(137) Concurrent Clear Claimed Marks
[2026-06-17T10:02:07.929+0800][4.426s][info][gc,marking  ] GC(137) Concurrent Clear Claimed Marks 0.660ms
[2026-06-17T10:02:07.930+0800][4.427s][info][gc,marking  ] GC(137) Concurrent Cleanup for Next Mark
[2026-06-17T10:02:07.931+0800][4.428s][info][gc,marking  ] GC(137) Concurrent Cleanup for Next Mark 0.970ms
[2026-06-17T10:02:07.931+0800][4.428s][info][gc          ] GC(137) Concurrent Mark Cycle 26.357ms
[2026-06-17T10:02:07.939+0800][4.436s][info][gc,start    ] GC(138) Pause Young (Prepare Mixed) (G1 Evacuation Pause)
[2026-06-17T10:02:07.942+0800][4.439s][info][gc,task     ] GC(138) Using 2 workers of 18 for evacuation
[2026-06-17T10:02:07.943+0800][4.440s][info][gc,phases   ] GC(138)   Pre Evacuate Collection Set: 0.16ms
[2026-06-17T10:02:07.944+0800][4.440s][info][gc,phases   ] GC(138)   Merge Heap Roots: 0.05ms
[2026-06-17T10:02:07.944+0800][4.441s][info][gc,phases   ] GC(138)   Evacuate Collection Set: 0.27ms
[2026-06-17T10:02:07.944+0800][4.441s][info][gc,phases   ] GC(138)   Post Evacuate Collection Set: 0.19ms
[2026-06-17T10:02:07.945+0800][4.441s][info][gc,phases   ] GC(138)   Other: 0.51ms
[2026-06-17T10:02:07.945+0800][4.442s][info][gc,heap     ] GC(138) Eden regions: 11->0(15)
[2026-06-17T10:02:07.945+0800][4.442s][info][gc,heap     ] GC(138) Survivor regions: 2->1(2)
[2026-06-17T10:02:07.946+0800][4.443s][info][gc,heap     ] GC(138) Old regions: 20->22
[2026-06-17T10:02:07.946+0800][4.443s][info][gc,heap     ] GC(138) Humongous regions: 15->15
[2026-06-17T10:02:07.946+0800][4.443s][info][gc,metaspace] GC(138) Metaspace: 110K(320K)->110K(320K) NonClass: 103K(192K)->103K(192K) Class: 7K(128K)->7K(128K)
[2026-06-17T10:02:07.947+0800][4.444s][info][gc          ] GC(138) Pause Young (Prepare Mixed) (G1 Evacuation Pause) 47M->37M(64M) 7.481ms
[2026-06-17T10:02:07.947+0800][4.444s][info][gc,cpu      ] GC(138) User=0.00s Sys=0.00s Real=0.01s
[2026-06-17T10:02:07.989+0800][4.486s][info][gc,start    ] GC(139) Pause Young (Mixed) (G1 Evacuation Pause)
[2026-06-17T10:02:07.990+0800][4.487s][info][gc,task     ] GC(139) Using 2 workers of 18 for evacuation
[2026-06-17T10:02:07.991+0800][4.488s][info][gc,phases   ] GC(139)   Pre Evacuate Collection Set: 0.20ms
[2026-06-17T10:02:07.992+0800][4.489s][info][gc,phases   ] GC(139)   Merge Heap Roots: 0.05ms
[2026-06-17T10:02:07.992+0800][4.489s][info][gc,phases   ] GC(139)   Evacuate Collection Set: 0.55ms
[2026-06-17T10:02:07.993+0800][4.489s][info][gc,phases   ] GC(139)   Post Evacuate Collection Set: 0.19ms
[2026-06-17T10:02:07.993+0800][4.490s][info][gc,phases   ] GC(139)   Other: 0.50ms
[2026-06-17T10:02:07.993+0800][4.490s][info][gc,heap     ] GC(139) Eden regions: 15->0(13)
[2026-06-17T10:02:07.994+0800][4.491s][info][gc,heap     ] GC(139) Survivor regions: 1->2(2)
[2026-06-17T10:02:07.994+0800][4.491s][info][gc,heap     ] GC(139) Old regions: 22->24
[2026-06-17T10:02:07.994+0800][4.491s][info][gc,heap     ] GC(139) Humongous regions: 15->15
[2026-06-17T10:02:07.995+0800][4.491s][info][gc,metaspace] GC(139) Metaspace: 110K(320K)->110K(320K) NonClass: 103K(192K)->103K(192K) Class: 7K(128K)->7K(128K)
[2026-06-17T10:02:07.995+0800][4.492s][info][gc          ] GC(139) Pause Young (Mixed) (G1 Evacuation Pause) 52M->40M(64M) 6.072ms
[2026-06-17T10:02:07.996+0800][4.493s][info][gc,cpu      ] GC(139) User=0.01s Sys=0.00s Real=0.01s
[2026-06-17T10:02:08.028+0800][4.524s][info][gc,start    ] GC(140) Pause Young (Concurrent Start) (G1 Evacuation Pause)
[2026-06-17T10:02:08.028+0800][4.525s][info][gc,task     ] GC(140) Using 2 workers of 18 for evacuation
[2026-06-17T10:02:08.030+0800][4.527s][info][gc,phases   ] GC(140)   Pre Evacuate Collection Set: 0.17ms
[2026-06-17T10:02:08.030+0800][4.527s][info][gc,phases   ] GC(140)   Merge Heap Roots: 0.04ms
[2026-06-17T10:02:08.031+0800][4.527s][info][gc,phases   ] GC(140)   Evacuate Collection Set: 0.45ms
[2026-06-17T10:02:08.031+0800][4.528s][info][gc,phases   ] GC(140)   Post Evacuate Collection Set: 0.19ms
[2026-06-17T10:02:08.031+0800][4.528s][info][gc,phases   ] GC(140)   Other: 0.62ms
[2026-06-17T10:02:08.032+0800][4.528s][info][gc,heap     ] GC(140) Eden regions: 13->0(9)
[2026-06-17T10:02:08.032+0800][4.529s][info][gc,heap     ] GC(140) Survivor regions: 2->2(2)
[2026-06-17T10:02:08.032+0800][4.529s][info][gc,heap     ] GC(140) Old regions: 24->29
[2026-06-17T10:02:08.033+0800][4.529s][info][gc,heap     ] GC(140) Humongous regions: 15->15
[2026-06-17T10:02:08.033+0800][4.530s][info][gc,metaspace] GC(140) Metaspace: 110K(320K)->110K(320K) NonClass: 103K(192K)->103K(192K) Class: 7K(128K)->7K(128K)
[2026-06-17T10:02:08.033+0800][4.530s][info][gc          ] GC(140) Pause Young (Concurrent Start) (G1 Evacuation Pause) 53M->45M(64M) 5.402ms
[2026-06-17T10:02:08.033+0800][4.530s][info][gc,cpu      ] GC(140) User=0.00s Sys=0.00s Real=0.01s
[2026-06-17T10:02:08.033+0800][4.530s][info][gc          ] GC(141) Concurrent Mark Cycle
[2026-06-17T10:02:08.033+0800][4.530s][info][gc,marking  ] GC(141) Concurrent Scan Root Regions
[2026-06-17T10:02:08.034+0800][4.530s][info][gc,marking  ] GC(141) Concurrent Scan Root Regions 0.219ms
[2026-06-17T10:02:08.034+0800][4.531s][info][gc,marking  ] GC(141) Concurrent Mark
[2026-06-17T10:02:08.034+0800][4.531s][info][gc,marking  ] GC(141) Concurrent Mark From Roots
[2026-06-17T10:02:08.034+0800][4.531s][info][gc,task     ] GC(141) Using 5 workers of 5 for marking
[2026-06-17T10:02:08.035+0800][4.532s][info][gc,marking  ] GC(141) Concurrent Mark From Roots 1.519ms
[2026-06-17T10:02:08.035+0800][4.532s][info][gc,marking  ] GC(141) Concurrent Preclean
[2026-06-17T10:02:08.036+0800][4.532s][info][gc,marking  ] GC(141) Concurrent Preclean 0.167ms
[2026-06-17T10:02:08.036+0800][4.533s][info][gc,start    ] GC(141) Pause Remark
[2026-06-17T10:02:08.036+0800][4.533s][info][gc          ] GC(141) Pause Remark 46M->38M(64M) 0.391ms
[2026-06-17T10:02:08.036+0800][4.533s][info][gc,cpu      ] GC(141) User=0.00s Sys=0.00s Real=0.00s
[2026-06-17T10:02:08.036+0800][4.533s][info][gc,marking  ] GC(141) Concurrent Mark 2.650ms
[2026-06-17T10:02:08.036+0800][4.533s][info][gc,marking  ] GC(141) Concurrent Rebuild Remembered Sets and Scrub Regions
[2026-06-17T10:02:08.037+0800][4.534s][info][gc,marking  ] GC(141) Concurrent Rebuild Remembered Sets and Scrub Regions 0.457ms
[2026-06-17T10:02:08.037+0800][4.534s][info][gc,start    ] GC(141) Pause Cleanup
[2026-06-17T10:02:08.037+0800][4.534s][info][gc          ] GC(141) Pause Cleanup 38M->38M(64M) 0.142ms
[2026-06-17T10:02:08.037+0800][4.534s][info][gc,cpu      ] GC(141) User=0.00s Sys=0.00s Real=0.00s
[2026-06-17T10:02:08.038+0800][4.534s][info][gc,marking  ] GC(141) Concurrent Clear Claimed Marks
[2026-06-17T10:02:08.038+0800][4.534s][info][gc,marking  ] GC(141) Concurrent Clear Claimed Marks 0.087ms
[2026-06-17T10:02:08.038+0800][4.535s][info][gc,marking  ] GC(141) Concurrent Cleanup for Next Mark
[2026-06-17T10:02:08.038+0800][4.535s][info][gc,marking  ] GC(141) Concurrent Cleanup for Next Mark 0.209ms
[2026-06-17T10:02:08.038+0800][4.535s][info][gc          ] GC(141) Concurrent Mark Cycle 5.061ms
[2026-06-17T10:02:08.054+0800][4.551s][info][gc,start    ] GC(142) Pause Young (Prepare Mixed) (G1 Evacuation Pause)
[2026-06-17T10:02:08.055+0800][4.551s][info][gc,task     ] GC(142) Using 2 workers of 18 for evacuation
[2026-06-17T10:02:08.055+0800][4.552s][info][gc,phases   ] GC(142)   Pre Evacuate Collection Set: 0.11ms
[2026-06-17T10:02:08.055+0800][4.552s][info][gc,phases   ] GC(142)   Merge Heap Roots: 0.05ms
[2026-06-17T10:02:08.055+0800][4.552s][info][gc,phases   ] GC(142)   Evacuate Collection Set: 0.18ms
[2026-06-17T10:02:08.056+0800][4.552s][info][gc,phases   ] GC(142)   Post Evacuate Collection Set: 0.19ms
[2026-06-17T10:02:08.056+0800][4.553s][info][gc,phases   ] GC(142)   Other: 0.15ms
[2026-06-17T10:02:08.056+0800][4.553s][info][gc,heap     ] GC(142) Eden regions: 9->0(15)
[2026-06-17T10:02:08.056+0800][4.553s][info][gc,heap     ] GC(142) Survivor regions: 2->1(2)
[2026-06-17T10:02:08.056+0800][4.553s][info][gc,heap     ] GC(142) Old regions: 21->22
[2026-06-17T10:02:08.056+0800][4.553s][info][gc,heap     ] GC(142) Humongous regions: 15->15
[2026-06-17T10:02:08.056+0800][4.553s][info][gc,metaspace] GC(142) Metaspace: 110K(320K)->110K(320K) NonClass: 103K(192K)->103K(192K) Class: 7K(128K)->7K(128K)
[2026-06-17T10:02:08.056+0800][4.553s][info][gc          ] GC(142) Pause Young (Prepare Mixed) (G1 Evacuation Pause) 46M->37M(64M) 2.177ms
[2026-06-17T10:02:08.057+0800][4.553s][info][gc,cpu      ] GC(142) User=0.01s Sys=0.00s Real=0.00s
[2026-06-17T10:02:08.099+0800][4.596s][info][gc,start    ] GC(143) Pause Young (Mixed) (G1 Evacuation Pause)
[2026-06-17T10:02:08.100+0800][4.597s][info][gc,task     ] GC(143) Using 2 workers of 18 for evacuation
[2026-06-17T10:02:08.101+0800][4.598s][info][gc,phases   ] GC(143)   Pre Evacuate Collection Set: 0.12ms
[2026-06-17T10:02:08.102+0800][4.599s][info][gc,phases   ] GC(143)   Merge Heap Roots: 0.04ms
[2026-06-17T10:02:08.102+0800][4.599s][info][gc,phases   ] GC(143)   Evacuate Collection Set: 0.53ms
[2026-06-17T10:02:08.102+0800][4.599s][info][gc,phases   ] GC(143)   Post Evacuate Collection Set: 0.22ms
[2026-06-17T10:02:08.102+0800][4.599s][info][gc,phases   ] GC(143)   Other: 0.46ms
[2026-06-17T10:02:08.103+0800][4.600s][info][gc,heap     ] GC(143) Eden regions: 15->0(13)
[2026-06-17T10:02:08.103+0800][4.600s][info][gc,heap     ] GC(143) Survivor regions: 1->2(2)
[2026-06-17T10:02:08.103+0800][4.600s][info][gc,heap     ] GC(143) Old regions: 22->22
[2026-06-17T10:02:08.103+0800][4.600s][info][gc,heap     ] GC(143) Humongous regions: 15->15
[2026-06-17T10:02:08.104+0800][4.601s][info][gc,metaspace] GC(143) Metaspace: 110K(320K)->110K(320K) NonClass: 103K(192K)->103K(192K) Class: 7K(128K)->7K(128K)
[2026-06-17T10:02:08.104+0800][4.601s][info][gc          ] GC(143) Pause Young (Mixed) (G1 Evacuation Pause) 52M->38M(64M) 5.451ms
[2026-06-17T10:02:08.104+0800][4.601s][info][gc,cpu      ] GC(143) User=0.00s Sys=0.00s Real=0.01s
[2026-06-17T10:02:08.136+0800][4.633s][info][gc,start    ] GC(144) Pause Young (Concurrent Start) (G1 Humongous Allocation)
[2026-06-17T10:02:08.137+0800][4.633s][info][gc,task     ] GC(144) Using 2 workers of 18 for evacuation
[2026-06-17T10:02:08.138+0800][4.635s][info][gc,phases   ] GC(144)   Pre Evacuate Collection Set: 0.16ms
[2026-06-17T10:02:08.138+0800][4.635s][info][gc,phases   ] GC(144)   Merge Heap Roots: 0.05ms
[2026-06-17T10:02:08.138+0800][4.635s][info][gc,phases   ] GC(144)   Evacuate Collection Set: 0.31ms
[2026-06-17T10:02:08.138+0800][4.635s][info][gc,phases   ] GC(144)   Post Evacuate Collection Set: 0.20ms
[2026-06-17T10:02:08.138+0800][4.635s][info][gc,phases   ] GC(144)   Other: 0.46ms
[2026-06-17T10:02:08.138+0800][4.635s][info][gc,heap     ] GC(144) Eden regions: 13->0(12)
[2026-06-17T10:02:08.139+0800][4.635s][info][gc,heap     ] GC(144) Survivor regions: 2->2(2)
[2026-06-17T10:02:08.139+0800][4.635s][info][gc,heap     ] GC(144) Old regions: 22->24
[2026-06-17T10:02:08.139+0800][4.636s][info][gc,heap     ] GC(144) Humongous regions: 15->15
[2026-06-17T10:02:08.139+0800][4.636s][info][gc,metaspace] GC(144) Metaspace: 110K(320K)->110K(320K) NonClass: 103K(192K)->103K(192K) Class: 7K(128K)->7K(128K)
[2026-06-17T10:02:08.139+0800][4.636s][info][gc          ] GC(144) Pause Young (Concurrent Start) (G1 Humongous Allocation) 50M->40M(64M) 2.647ms
[2026-06-17T10:02:08.139+0800][4.636s][info][gc,cpu      ] GC(144) User=0.00s Sys=0.00s Real=0.00s
[2026-06-17T10:02:08.139+0800][4.636s][info][gc          ] GC(145) Concurrent Mark Cycle
[2026-06-17T10:02:08.139+0800][4.636s][info][gc,marking  ] GC(145) Concurrent Scan Root Regions
[2026-06-17T10:02:08.139+0800][4.636s][info][gc,marking  ] GC(145) Concurrent Scan Root Regions 0.189ms
[2026-06-17T10:02:08.139+0800][4.636s][info][gc,marking  ] GC(145) Concurrent Mark
[2026-06-17T10:02:08.140+0800][4.636s][info][gc,marking  ] GC(145) Concurrent Mark From Roots
[2026-06-17T10:02:08.140+0800][4.637s][info][gc,task     ] GC(145) Using 5 workers of 5 for marking
[2026-06-17T10:02:08.141+0800][4.638s][info][gc,marking  ] GC(145) Concurrent Mark From Roots 1.444ms
[2026-06-17T10:02:08.142+0800][4.638s][info][gc,marking  ] GC(145) Concurrent Preclean
[2026-06-17T10:02:08.142+0800][4.639s][info][gc,marking  ] GC(145) Concurrent Preclean 0.147ms
[2026-06-17T10:02:08.142+0800][4.639s][info][gc,start    ] GC(145) Pause Remark
[2026-06-17T10:02:08.142+0800][4.639s][info][gc          ] GC(145) Pause Remark 41M->41M(64M) 0.388ms
[2026-06-17T10:02:08.142+0800][4.639s][info][gc,cpu      ] GC(145) User=0.01s Sys=0.00s Real=0.00s
[2026-06-17T10:02:08.142+0800][4.639s][info][gc,marking  ] GC(145) Concurrent Mark 2.933ms
[2026-06-17T10:02:08.143+0800][4.639s][info][gc,marking  ] GC(145) Concurrent Rebuild Remembered Sets and Scrub Regions
[2026-06-17T10:02:08.143+0800][4.640s][info][gc,marking  ] GC(145) Concurrent Rebuild Remembered Sets and Scrub Regions 0.501ms
[2026-06-17T10:02:08.143+0800][4.640s][info][gc,start    ] GC(145) Pause Cleanup
[2026-06-17T10:02:08.143+0800][4.640s][info][gc          ] GC(145) Pause Cleanup 41M->41M(64M) 0.212ms
[2026-06-17T10:02:08.144+0800][4.640s][info][gc,cpu      ] GC(145) User=0.00s Sys=0.00s Real=0.00s
[2026-06-17T10:02:08.144+0800][4.641s][info][gc,marking  ] GC(145) Concurrent Clear Claimed Marks
[2026-06-17T10:02:08.144+0800][4.641s][info][gc,marking  ] GC(145) Concurrent Clear Claimed Marks 0.110ms
[2026-06-17T10:02:08.144+0800][4.641s][info][gc,marking  ] GC(145) Concurrent Cleanup for Next Mark
[2026-06-17T10:02:08.144+0800][4.641s][info][gc,marking  ] GC(145) Concurrent Cleanup for Next Mark 0.156ms
[2026-06-17T10:02:08.144+0800][4.641s][info][gc          ] GC(145) Concurrent Mark Cycle 5.170ms
[2026-06-17T10:02:08.171+0800][4.668s][info][gc,start    ] GC(146) Pause Young (Prepare Mixed) (G1 Evacuation Pause)
[2026-06-17T10:02:08.172+0800][4.668s][info][gc,task     ] GC(146) Using 2 workers of 18 for evacuation
[2026-06-17T10:02:08.173+0800][4.670s][info][gc,phases   ] GC(146)   Pre Evacuate Collection Set: 0.15ms
[2026-06-17T10:02:08.173+0800][4.670s][info][gc,phases   ] GC(146)   Merge Heap Roots: 0.07ms
[2026-06-17T10:02:08.174+0800][4.671s][info][gc,phases   ] GC(146)   Evacuate Collection Set: 0.54ms
[2026-06-17T10:02:08.174+0800][4.671s][info][gc,phases   ] GC(146)   Post Evacuate Collection Set: 0.20ms
[2026-06-17T10:02:08.175+0800][4.671s][info][gc,phases   ] GC(146)   Other: 0.41ms
[2026-06-17T10:02:08.175+0800][4.672s][info][gc,heap     ] GC(146) Eden regions: 12->0(12)
[2026-06-17T10:02:08.175+0800][4.672s][info][gc,heap     ] GC(146) Survivor regions: 2->2(2)
[2026-06-17T10:02:08.175+0800][4.672s][info][gc,heap     ] GC(146) Old regions: 24->28
[2026-06-17T10:02:08.176+0800][4.672s][info][gc,heap     ] GC(146) Humongous regions: 16->10
[2026-06-17T10:02:08.176+0800][4.673s][info][gc,metaspace] GC(146) Metaspace: 110K(320K)->110K(320K) NonClass: 103K(192K)->103K(192K) Class: 7K(128K)->7K(128K)
[2026-06-17T10:02:08.176+0800][4.673s][info][gc          ] GC(146) Pause Young (Prepare Mixed) (G1 Evacuation Pause) 53M->39M(64M) 4.947ms
[2026-06-17T10:02:08.176+0800][4.673s][info][gc,cpu      ] GC(146) User=0.00s Sys=0.00s Real=0.00s
[2026-06-17T10:02:08.208+0800][4.705s][info][gc,start    ] GC(147) Pause Young (Mixed) (G1 Evacuation Pause)
[2026-06-17T10:02:08.209+0800][4.706s][info][gc,task     ] GC(147) Using 2 workers of 18 for evacuation
[2026-06-17T10:02:08.210+0800][4.707s][info][gc,phases   ] GC(147)   Pre Evacuate Collection Set: 0.14ms
[2026-06-17T10:02:08.211+0800][4.708s][info][gc,phases   ] GC(147)   Merge Heap Roots: 0.14ms
[2026-06-17T10:02:08.212+0800][4.708s][info][gc,phases   ] GC(147)   Evacuate Collection Set: 0.57ms
[2026-06-17T10:02:08.212+0800][4.709s][info][gc,phases   ] GC(147)   Post Evacuate Collection Set: 0.19ms
[2026-06-17T10:02:08.213+0800][4.710s][info][gc,phases   ] GC(147)   Other: 0.62ms
[2026-06-17T10:02:08.214+0800][4.711s][info][gc,heap     ] GC(147) Eden regions: 12->0(11)
[2026-06-17T10:02:08.214+0800][4.711s][info][gc,heap     ] GC(147) Survivor regions: 2->2(2)
[2026-06-17T10:02:08.215+0800][4.712s][info][gc,heap     ] GC(147) Old regions: 28->29
[2026-06-17T10:02:08.216+0800][4.712s][info][gc,heap     ] GC(147) Humongous regions: 10->10
[2026-06-17T10:02:08.216+0800][4.713s][info][gc,metaspace] GC(147) Metaspace: 110K(320K)->110K(320K) NonClass: 103K(192K)->103K(192K) Class: 7K(128K)->7K(128K)
[2026-06-17T10:02:08.217+0800][4.713s][info][gc          ] GC(147) Pause Young (Mixed) (G1 Evacuation Pause) 51M->40M(64M) 8.503ms
[2026-06-17T10:02:08.217+0800][4.714s][info][gc,cpu      ] GC(147) User=0.00s Sys=0.00s Real=0.01s
[2026-06-17T10:02:08.249+0800][4.746s][info][gc,start    ] GC(148) Pause Young (Normal) (G1 Evacuation Pause)
[2026-06-17T10:02:08.251+0800][4.747s][info][gc,task     ] GC(148) Using 2 workers of 18 for evacuation
[2026-06-17T10:02:08.252+0800][4.749s][info][gc,phases   ] GC(148)   Pre Evacuate Collection Set: 0.17ms
[2026-06-17T10:02:08.253+0800][4.750s][info][gc,phases   ] GC(148)   Merge Heap Roots: 0.07ms
[2026-06-17T10:02:08.255+0800][4.752s][info][gc,phases   ] GC(148)   Evacuate Collection Set: 0.45ms
[2026-06-17T10:02:08.257+0800][4.754s][info][gc,phases   ] GC(148)   Post Evacuate Collection Set: 0.19ms
[2026-06-17T10:02:08.259+0800][4.756s][info][gc,phases   ] GC(148)   Other: 0.40ms
[2026-06-17T10:02:08.260+0800][4.757s][info][gc,heap     ] GC(148) Eden regions: 11->0(9)
[2026-06-17T10:02:08.261+0800][4.757s][info][gc,heap     ] GC(148) Survivor regions: 2->2(2)
[2026-06-17T10:02:08.261+0800][4.758s][info][gc,heap     ] GC(148) Old regions: 29->32
[2026-06-17T10:02:08.261+0800][4.758s][info][gc,heap     ] GC(148) Humongous regions: 10->10
[2026-06-17T10:02:08.261+0800][4.758s][info][gc,metaspace] GC(148) Metaspace: 110K(320K)->110K(320K) NonClass: 103K(192K)->103K(192K) Class: 7K(128K)->7K(128K)
[2026-06-17T10:02:08.262+0800][4.758s][info][gc          ] GC(148) Pause Young (Normal) (G1 Evacuation Pause) 51M->43M(64M) 12.696ms
[2026-06-17T10:02:08.262+0800][4.759s][info][gc,cpu      ] GC(148) User=0.00s Sys=0.00s Real=0.01s
[2026-06-17T10:02:08.284+0800][4.780s][info][gc,start    ] GC(149) Pause Young (Concurrent Start) (G1 Evacuation Pause)
[2026-06-17T10:02:08.284+0800][4.781s][info][gc,task     ] GC(149) Using 2 workers of 18 for evacuation
[2026-06-17T10:02:08.285+0800][4.782s][info][gc,phases   ] GC(149)   Pre Evacuate Collection Set: 0.19ms
[2026-06-17T10:02:08.285+0800][4.782s][info][gc,phases   ] GC(149)   Merge Heap Roots: 0.05ms
[2026-06-17T10:02:08.286+0800][4.783s][info][gc,phases   ] GC(149)   Evacuate Collection Set: 0.23ms
[2026-06-17T10:02:08.286+0800][4.783s][info][gc,phases   ] GC(149)   Post Evacuate Collection Set: 0.30ms
[2026-06-17T10:02:08.286+0800][4.783s][info][gc,phases   ] GC(149)   Other: 0.41ms
[2026-06-17T10:02:08.286+0800][4.783s][info][gc,heap     ] GC(149) Eden regions: 9->0(10)
[2026-06-17T10:02:08.287+0800][4.783s][info][gc,heap     ] GC(149) Survivor regions: 2->1(2)
[2026-06-17T10:02:08.287+0800][4.784s][info][gc,heap     ] GC(149) Old regions: 32->34
[2026-06-17T10:02:08.287+0800][4.784s][info][gc,heap     ] GC(149) Humongous regions: 10->10
[2026-06-17T10:02:08.287+0800][4.784s][info][gc,metaspace] GC(149) Metaspace: 110K(320K)->110K(320K) NonClass: 103K(192K)->103K(192K) Class: 7K(128K)->7K(128K)
[2026-06-17T10:02:08.287+0800][4.784s][info][gc          ] GC(149) Pause Young (Concurrent Start) (G1 Evacuation Pause) 52M->43M(64M) 3.872ms
[2026-06-17T10:02:08.288+0800][4.784s][info][gc,cpu      ] GC(149) User=0.00s Sys=0.00s Real=0.00s
[2026-06-17T10:02:08.288+0800][4.784s][info][gc          ] GC(150) Concurrent Mark Cycle
[2026-06-17T10:02:08.288+0800][4.785s][info][gc,marking  ] GC(150) Concurrent Scan Root Regions
[2026-06-17T10:02:08.288+0800][4.785s][info][gc,marking  ] GC(150) Concurrent Scan Root Regions 0.150ms
[2026-06-17T10:02:08.288+0800][4.785s][info][gc,marking  ] GC(150) Concurrent Mark
[2026-06-17T10:02:08.288+0800][4.785s][info][gc,marking  ] GC(150) Concurrent Mark From Roots
[2026-06-17T10:02:08.288+0800][4.785s][info][gc,task     ] GC(150) Using 5 workers of 5 for marking
[2026-06-17T10:02:08.290+0800][4.786s][info][gc,marking  ] GC(150) Concurrent Mark From Roots 1.288ms
[2026-06-17T10:02:08.290+0800][4.786s][info][gc,marking  ] GC(150) Concurrent Preclean
[2026-06-17T10:02:08.290+0800][4.787s][info][gc,marking  ] GC(150) Concurrent Preclean 0.129ms
[2026-06-17T10:02:08.290+0800][4.787s][info][gc,start    ] GC(150) Pause Remark
[2026-06-17T10:02:08.290+0800][4.787s][info][gc          ] GC(150) Pause Remark 45M->36M(64M) 0.392ms
[2026-06-17T10:02:08.290+0800][4.787s][info][gc,cpu      ] GC(150) User=0.00s Sys=0.00s Real=0.00s
[2026-06-17T10:02:08.291+0800][4.787s][info][gc,marking  ] GC(150) Concurrent Mark 2.398ms
[2026-06-17T10:02:08.291+0800][4.787s][info][gc,marking  ] GC(150) Concurrent Rebuild Remembered Sets and Scrub Regions
[2026-06-17T10:02:08.291+0800][4.788s][info][gc,marking  ] GC(150) Concurrent Rebuild Remembered Sets and Scrub Regions 0.455ms
[2026-06-17T10:02:08.291+0800][4.788s][info][gc,start    ] GC(150) Pause Cleanup
[2026-06-17T10:02:08.291+0800][4.788s][info][gc          ] GC(150) Pause Cleanup 36M->36M(64M) 0.174ms
[2026-06-17T10:02:08.291+0800][4.788s][info][gc,cpu      ] GC(150) User=0.00s Sys=0.00s Real=0.00s
[2026-06-17T10:02:08.292+0800][4.788s][info][gc,marking  ] GC(150) Concurrent Clear Claimed Marks
[2026-06-17T10:02:08.292+0800][4.789s][info][gc,marking  ] GC(150) Concurrent Clear Claimed Marks 0.098ms
[2026-06-17T10:02:08.292+0800][4.789s][info][gc,marking  ] GC(150) Concurrent Cleanup for Next Mark
[2026-06-17T10:02:08.292+0800][4.789s][info][gc,marking  ] GC(150) Concurrent Cleanup for Next Mark 0.223ms
[2026-06-17T10:02:08.292+0800][4.789s][info][gc          ] GC(150) Concurrent Mark Cycle 4.572ms
[2026-06-17T10:02:08.319+0800][4.816s][info][gc,start    ] GC(151) Pause Young (Prepare Mixed) (G1 Evacuation Pause)
[2026-06-17T10:02:08.319+0800][4.816s][info][gc,task     ] GC(151) Using 2 workers of 18 for evacuation
[2026-06-17T10:02:08.320+0800][4.817s][info][gc,phases   ] GC(151)   Pre Evacuate Collection Set: 0.11ms
[2026-06-17T10:02:08.320+0800][4.817s][info][gc,phases   ] GC(151)   Merge Heap Roots: 0.04ms
[2026-06-17T10:02:08.320+0800][4.817s][info][gc,phases   ] GC(151)   Evacuate Collection Set: 0.29ms
[2026-06-17T10:02:08.320+0800][4.817s][info][gc,phases   ] GC(151)   Post Evacuate Collection Set: 0.15ms
[2026-06-17T10:02:08.321+0800][4.817s][info][gc,phases   ] GC(151)   Other: 0.19ms
[2026-06-17T10:02:08.321+0800][4.817s][info][gc,heap     ] GC(151) Eden regions: 10->0(12)
[2026-06-17T10:02:08.321+0800][4.818s][info][gc,heap     ] GC(151) Survivor regions: 1->2(2)
[2026-06-17T10:02:08.321+0800][4.818s][info][gc,heap     ] GC(151) Old regions: 25->27
[2026-06-17T10:02:08.321+0800][4.818s][info][gc,heap     ] GC(151) Humongous regions: 10->10
[2026-06-17T10:02:08.321+0800][4.818s][info][gc,metaspace] GC(151) Metaspace: 110K(320K)->110K(320K) NonClass: 103K(192K)->103K(192K) Class: 7K(128K)->7K(128K)
[2026-06-17T10:02:08.321+0800][4.818s][info][gc          ] GC(151) Pause Young (Prepare Mixed) (G1 Evacuation Pause) 44M->38M(64M) 2.020ms
[2026-06-17T10:02:08.321+0800][4.818s][info][gc,cpu      ] GC(151) User=0.00s Sys=0.00s Real=0.00s
[2026-06-17T10:02:08.353+0800][4.849s][info][gc,start    ] GC(152) Pause Young (Mixed) (G1 Evacuation Pause)
[2026-06-17T10:02:08.353+0800][4.850s][info][gc,task     ] GC(152) Using 2 workers of 18 for evacuation
[2026-06-17T10:02:08.354+0800][4.851s][info][gc,phases   ] GC(152)   Pre Evacuate Collection Set: 0.14ms
[2026-06-17T10:02:08.354+0800][4.851s][info][gc,phases   ] GC(152)   Merge Heap Roots: 0.05ms
[2026-06-17T10:02:08.355+0800][4.851s][info][gc,phases   ] GC(152)   Evacuate Collection Set: 0.59ms
[2026-06-17T10:02:08.355+0800][4.852s][info][gc,phases   ] GC(152)   Post Evacuate Collection Set: 0.21ms
[2026-06-17T10:02:08.355+0800][4.852s][info][gc,phases   ] GC(152)   Other: 0.19ms
[2026-06-17T10:02:08.355+0800][4.852s][info][gc,heap     ] GC(152) Eden regions: 12->0(13)
[2026-06-17T10:02:08.355+0800][4.852s][info][gc,heap     ] GC(152) Survivor regions: 2->2(2)
[2026-06-17T10:02:08.355+0800][4.852s][info][gc,heap     ] GC(152) Old regions: 27->25
[2026-06-17T10:02:08.355+0800][4.852s][info][gc,heap     ] GC(152) Humongous regions: 10->10
[2026-06-17T10:02:08.355+0800][4.852s][info][gc,metaspace] GC(152) Metaspace: 110K(320K)->110K(320K) NonClass: 103K(192K)->103K(192K) Class: 7K(128K)->7K(128K)
[2026-06-17T10:02:08.355+0800][4.852s][info][gc          ] GC(152) Pause Young (Mixed) (G1 Evacuation Pause) 50M->36M(64M) 2.687ms
[2026-06-17T10:02:08.355+0800][4.852s][info][gc,cpu      ] GC(152) User=0.00s Sys=0.00s Real=0.00s
[2026-06-17T10:02:08.387+0800][4.884s][info][gc,start    ] GC(153) Pause Young (Mixed) (G1 Evacuation Pause)
[2026-06-17T10:02:08.388+0800][4.885s][info][gc,task     ] GC(153) Using 2 workers of 18 for evacuation
[2026-06-17T10:02:08.390+0800][4.886s][info][gc,phases   ] GC(153)   Pre Evacuate Collection Set: 0.16ms
[2026-06-17T10:02:08.390+0800][4.887s][info][gc,phases   ] GC(153)   Merge Heap Roots: 0.06ms
[2026-06-17T10:02:08.390+0800][4.887s][info][gc,phases   ] GC(153)   Evacuate Collection Set: 0.73ms
[2026-06-17T10:02:08.390+0800][4.887s][info][gc,phases   ] GC(153)   Post Evacuate Collection Set: 0.31ms
[2026-06-17T10:02:08.390+0800][4.887s][info][gc,phases   ] GC(153)   Other: 0.38ms
[2026-06-17T10:02:08.391+0800][4.887s][info][gc,heap     ] GC(153) Eden regions: 13->0(11)
[2026-06-17T10:02:08.391+0800][4.888s][info][gc,heap     ] GC(153) Survivor regions: 2->2(2)
[2026-06-17T10:02:08.391+0800][4.888s][info][gc,heap     ] GC(153) Old regions: 25->27
[2026-06-17T10:02:08.391+0800][4.888s][info][gc,heap     ] GC(153) Humongous regions: 11->11
[2026-06-17T10:02:08.391+0800][4.888s][info][gc,metaspace] GC(153) Metaspace: 110K(320K)->110K(320K) NonClass: 103K(192K)->103K(192K) Class: 7K(128K)->7K(128K)
[2026-06-17T10:02:08.392+0800][4.888s][info][gc          ] GC(153) Pause Young (Mixed) (G1 Evacuation Pause) 50M->39M(64M) 4.436ms
[2026-06-17T10:02:08.392+0800][4.889s][info][gc,cpu      ] GC(153) User=0.01s Sys=0.01s Real=0.01s
[2026-06-17T10:02:08.424+0800][4.920s][info][gc,start    ] GC(154) Pause Young (Normal) (G1 Evacuation Pause)
[2026-06-17T10:02:08.424+0800][4.921s][info][gc,task     ] GC(154) Using 2 workers of 18 for evacuation
[2026-06-17T10:02:08.426+0800][4.923s][info][gc,phases   ] GC(154)   Pre Evacuate Collection Set: 0.24ms
[2026-06-17T10:02:08.426+0800][4.923s][info][gc,phases   ] GC(154)   Merge Heap Roots: 0.12ms
[2026-06-17T10:02:08.426+0800][4.923s][info][gc,phases   ] GC(154)   Evacuate Collection Set: 0.58ms
[2026-06-17T10:02:08.427+0800][4.924s][info][gc,phases   ] GC(154)   Post Evacuate Collection Set: 0.34ms
[2026-06-17T10:02:08.427+0800][4.924s][info][gc,phases   ] GC(154)   Other: 0.54ms
[2026-06-17T10:02:08.427+0800][4.924s][info][gc,heap     ] GC(154) Eden regions: 11->0(9)
[2026-06-17T10:02:08.428+0800][4.924s][info][gc,heap     ] GC(154) Survivor regions: 2->2(2)
[2026-06-17T10:02:08.428+0800][4.925s][info][gc,heap     ] GC(154) Old regions: 27->32
[2026-06-17T10:02:08.428+0800][4.925s][info][gc,heap     ] GC(154) Humongous regions: 11->11
[2026-06-17T10:02:08.428+0800][4.925s][info][gc,metaspace] GC(154) Metaspace: 110K(320K)->110K(320K) NonClass: 103K(192K)->103K(192K) Class: 7K(128K)->7K(128K)
[2026-06-17T10:02:08.428+0800][4.925s][info][gc          ] GC(154) Pause Young (Normal) (G1 Evacuation Pause) 50M->44M(64M) 4.707ms
[2026-06-17T10:02:08.428+0800][4.925s][info][gc,cpu      ] GC(154) User=0.00s Sys=0.00s Real=0.00s
[2026-06-17T10:02:08.450+0800][4.947s][info][gc,start    ] GC(155) Pause Young (Concurrent Start) (G1 Evacuation Pause)
[2026-06-17T10:02:08.451+0800][4.948s][info][gc,task     ] GC(155) Using 2 workers of 18 for evacuation
[2026-06-17T10:02:08.454+0800][4.951s][info][gc,phases   ] GC(155)   Pre Evacuate Collection Set: 0.30ms
[2026-06-17T10:02:08.454+0800][4.951s][info][gc,phases   ] GC(155)   Merge Heap Roots: 0.04ms
[2026-06-17T10:02:08.454+0800][4.951s][info][gc,phases   ] GC(155)   Evacuate Collection Set: 0.44ms
[2026-06-17T10:02:08.455+0800][4.951s][info][gc,phases   ] GC(155)   Post Evacuate Collection Set: 0.41ms
[2026-06-17T10:02:08.455+0800][4.952s][info][gc,phases   ] GC(155)   Other: 1.89ms
[2026-06-17T10:02:08.455+0800][4.952s][info][gc,heap     ] GC(155) Eden regions: 9->0(6)
[2026-06-17T10:02:08.455+0800][4.952s][info][gc,heap     ] GC(155) Survivor regions: 2->2(2)
[2026-06-17T10:02:08.455+0800][4.952s][info][gc,heap     ] GC(155) Old regions: 32->36
[2026-06-17T10:02:08.455+0800][4.952s][info][gc,heap     ] GC(155) Humongous regions: 11->11
[2026-06-17T10:02:08.455+0800][4.952s][info][gc,metaspace] GC(155) Metaspace: 110K(320K)->110K(320K) NonClass: 103K(192K)->103K(192K) Class: 7K(128K)->7K(128K)
[2026-06-17T10:02:08.456+0800][4.953s][info][gc          ] GC(155) Pause Young (Concurrent Start) (G1 Evacuation Pause) 53M->48M(64M) 6.013ms
[2026-06-17T10:02:08.456+0800][4.953s][info][gc,cpu      ] GC(155) User=0.00s Sys=0.00s Real=0.01s
[2026-06-17T10:02:08.456+0800][4.953s][info][gc          ] GC(156) Concurrent Mark Cycle
[2026-06-17T10:02:08.456+0800][4.953s][info][gc,marking  ] GC(156) Concurrent Scan Root Regions
[2026-06-17T10:02:08.457+0800][4.953s][info][gc,marking  ] GC(156) Concurrent Scan Root Regions 0.255ms
[2026-06-17T10:02:08.457+0800][4.954s][info][gc,marking  ] GC(156) Concurrent Mark
[2026-06-17T10:02:08.457+0800][4.954s][info][gc,marking  ] GC(156) Concurrent Mark From Roots
[2026-06-17T10:02:08.457+0800][4.954s][info][gc,task     ] GC(156) Using 5 workers of 5 for marking
[2026-06-17T10:02:08.458+0800][4.955s][info][gc,marking  ] GC(156) Concurrent Mark From Roots 1.335ms
[2026-06-17T10:02:08.458+0800][4.955s][info][gc,marking  ] GC(156) Concurrent Preclean
[2026-06-17T10:02:08.459+0800][4.955s][info][gc,marking  ] GC(156) Concurrent Preclean 0.099ms
[2026-06-17T10:02:08.459+0800][4.956s][info][gc,start    ] GC(156) Pause Remark
[2026-06-17T10:02:08.459+0800][4.956s][info][gc          ] GC(156) Pause Remark 49M->39M(64M) 0.381ms
[2026-06-17T10:02:08.459+0800][4.956s][info][gc,cpu      ] GC(156) User=0.00s Sys=0.00s Real=0.00s
[2026-06-17T10:02:08.459+0800][4.956s][info][gc,marking  ] GC(156) Concurrent Mark 2.430ms
[2026-06-17T10:02:08.459+0800][4.956s][info][gc,marking  ] GC(156) Concurrent Rebuild Remembered Sets and Scrub Regions
[2026-06-17T10:02:08.460+0800][4.957s][info][gc,marking  ] GC(156) Concurrent Rebuild Remembered Sets and Scrub Regions 0.430ms
[2026-06-17T10:02:08.460+0800][4.957s][info][gc,start    ] GC(156) Pause Cleanup
[2026-06-17T10:02:08.460+0800][4.957s][info][gc          ] GC(156) Pause Cleanup 39M->39M(64M) 0.139ms
[2026-06-17T10:02:08.460+0800][4.957s][info][gc,cpu      ] GC(156) User=0.00s Sys=0.00s Real=0.00s
[2026-06-17T10:02:08.460+0800][4.957s][info][gc,marking  ] GC(156) Concurrent Clear Claimed Marks
[2026-06-17T10:02:08.460+0800][4.957s][info][gc,marking  ] GC(156) Concurrent Clear Claimed Marks 0.073ms
[2026-06-17T10:02:08.460+0800][4.957s][info][gc,marking  ] GC(156) Concurrent Cleanup for Next Mark
[2026-06-17T10:02:08.461+0800][4.957s][info][gc,marking  ] GC(156) Concurrent Cleanup for Next Mark 0.212ms
[2026-06-17T10:02:08.461+0800][4.958s][info][gc          ] GC(156) Concurrent Mark Cycle 4.696ms
[2026-06-17T10:02:08.467+0800][4.964s][info][gc,start    ] GC(157) Pause Young (Prepare Mixed) (G1 Evacuation Pause)
[2026-06-17T10:02:08.468+0800][4.964s][info][gc,task     ] GC(157) Using 2 workers of 18 for evacuation
[2026-06-17T10:02:08.469+0800][4.966s][info][gc,phases   ] GC(157)   Pre Evacuate Collection Set: 0.13ms
[2026-06-17T10:02:08.470+0800][4.967s][info][gc,phases   ] GC(157)   Merge Heap Roots: 0.05ms
[2026-06-17T10:02:08.471+0800][4.968s][info][gc,phases   ] GC(157)   Evacuate Collection Set: 0.21ms
[2026-06-17T10:02:08.471+0800][4.968s][info][gc,phases   ] GC(157)   Post Evacuate Collection Set: 0.18ms
[2026-06-17T10:02:08.471+0800][4.968s][info][gc,phases   ] GC(157)   Other: 1.21ms
[2026-06-17T10:02:08.471+0800][4.968s][info][gc,heap     ] GC(157) Eden regions: 6->0(12)
[2026-06-17T10:02:08.471+0800][4.968s][info][gc,heap     ] GC(157) Survivor regions: 2->1(1)
[2026-06-17T10:02:08.471+0800][4.968s][info][gc,heap     ] GC(157) Old regions: 26->27
[2026-06-17T10:02:08.471+0800][4.968s][info][gc,heap     ] GC(157) Humongous regions: 11->11
[2026-06-17T10:02:08.471+0800][4.968s][info][gc,metaspace] GC(157) Metaspace: 110K(320K)->110K(320K) NonClass: 103K(192K)->103K(192K) Class: 7K(128K)->7K(128K)
[2026-06-17T10:02:08.471+0800][4.968s][info][gc          ] GC(157) Pause Young (Prepare Mixed) (G1 Evacuation Pause) 44M->38M(64M) 4.409ms
[2026-06-17T10:02:08.471+0800][4.968s][info][gc,cpu      ] GC(157) User=0.00s Sys=0.00s Real=0.01s
[2026-06-17T10:02:08.503+0800][5.000s][info][gc,start    ] GC(158) Pause Young (Mixed) (G1 Evacuation Pause)
[2026-06-17T10:02:08.503+0800][5.000s][info][gc,task     ] GC(158) Using 2 workers of 18 for evacuation
[2026-06-17T10:02:08.504+0800][5.001s][info][gc,phases   ] GC(158)   Pre Evacuate Collection Set: 0.12ms
[2026-06-17T10:02:08.505+0800][5.002s][info][gc,phases   ] GC(158)   Merge Heap Roots: 0.05ms
[2026-06-17T10:02:08.505+0800][5.002s][info][gc,phases   ] GC(158)   Evacuate Collection Set: 0.36ms
[2026-06-17T10:02:08.505+0800][5.002s][info][gc,phases   ] GC(158)   Post Evacuate Collection Set: 0.20ms
[2026-06-17T10:02:08.505+0800][5.002s][info][gc,phases   ] GC(158)   Other: 0.14ms
[2026-06-17T10:02:08.505+0800][5.002s][info][gc,heap     ] GC(158) Eden regions: 12->0(14)
[2026-06-17T10:02:08.505+0800][5.002s][info][gc,heap     ] GC(158) Survivor regions: 1->2(2)
[2026-06-17T10:02:08.506+0800][5.002s][info][gc,heap     ] GC(158) Old regions: 27->23
[2026-06-17T10:02:08.506+0800][5.003s][info][gc,heap     ] GC(158) Humongous regions: 11->11
[2026-06-17T10:02:08.506+0800][5.003s][info][gc,metaspace] GC(158) Metaspace: 110K(320K)->110K(320K) NonClass: 103K(192K)->103K(192K) Class: 7K(128K)->7K(128K)
[2026-06-17T10:02:08.506+0800][5.003s][info][gc          ] GC(158) Pause Young (Mixed) (G1 Evacuation Pause) 50M->35M(64M) 3.195ms
[2026-06-17T10:02:08.506+0800][5.003s][info][gc,cpu      ] GC(158) User=0.01s Sys=0.00s Real=0.00s
[2026-06-17T10:02:08.548+0800][5.045s][info][gc,start    ] GC(159) Pause Young (Mixed) (G1 Evacuation Pause)
[2026-06-17T10:02:08.549+0800][5.046s][info][gc,task     ] GC(159) Using 2 workers of 18 for evacuation
[2026-06-17T10:02:08.551+0800][5.048s][info][gc,phases   ] GC(159)   Pre Evacuate Collection Set: 0.13ms
[2026-06-17T10:02:08.551+0800][5.048s][info][gc,phases   ] GC(159)   Merge Heap Roots: 0.11ms
[2026-06-17T10:02:08.552+0800][5.049s][info][gc,phases   ] GC(159)   Evacuate Collection Set: 0.62ms
[2026-06-17T10:02:08.553+0800][5.049s][info][gc,phases   ] GC(159)   Post Evacuate Collection Set: 0.17ms
[2026-06-17T10:02:08.553+0800][5.050s][info][gc,phases   ] GC(159)   Other: 0.47ms
[2026-06-17T10:02:08.553+0800][5.050s][info][gc,heap     ] GC(159) Eden regions: 14->0(13)
[2026-06-17T10:02:08.554+0800][5.051s][info][gc,heap     ] GC(159) Survivor regions: 2->2(2)
[2026-06-17T10:02:08.554+0800][5.051s][info][gc,heap     ] GC(159) Old regions: 23->25
[2026-06-17T10:02:08.555+0800][5.051s][info][gc,heap     ] GC(159) Humongous regions: 11->11
[2026-06-17T10:02:08.555+0800][5.052s][info][gc,metaspace] GC(159) Metaspace: 110K(320K)->110K(320K) NonClass: 103K(192K)->103K(192K) Class: 7K(128K)->7K(128K)
[2026-06-17T10:02:08.555+0800][5.052s][info][gc          ] GC(159) Pause Young (Mixed) (G1 Evacuation Pause) 49M->37M(64M) 7.070ms
[2026-06-17T10:02:08.556+0800][5.053s][info][gc,cpu      ] GC(159) User=0.00s Sys=0.00s Real=0.01s
[2026-06-17T10:02:08.589+0800][5.086s][info][gc,start    ] GC(160) Pause Young (Normal) (G1 Evacuation Pause)
[2026-06-17T10:02:08.589+0800][5.086s][info][gc,task     ] GC(160) Using 2 workers of 18 for evacuation
[2026-06-17T10:02:08.591+0800][5.088s][info][gc,phases   ] GC(160)   Pre Evacuate Collection Set: 0.12ms
[2026-06-17T10:02:08.592+0800][5.088s][info][gc,phases   ] GC(160)   Merge Heap Roots: 0.06ms
[2026-06-17T10:02:08.592+0800][5.089s][info][gc,phases   ] GC(160)   Evacuate Collection Set: 0.50ms
[2026-06-17T10:02:08.593+0800][5.090s][info][gc,phases   ] GC(160)   Post Evacuate Collection Set: 0.36ms
[2026-06-17T10:02:08.593+0800][5.090s][info][gc,phases   ] GC(160)   Other: 0.59ms
[2026-06-17T10:02:08.594+0800][5.091s][info][gc,heap     ] GC(160) Eden regions: 13->0(10)
[2026-06-17T10:02:08.594+0800][5.091s][info][gc,heap     ] GC(160) Survivor regions: 2->2(2)
[2026-06-17T10:02:08.595+0800][5.092s][info][gc,heap     ] GC(160) Old regions: 25->29
[2026-06-17T10:02:08.595+0800][5.092s][info][gc,heap     ] GC(160) Humongous regions: 13->13
[2026-06-17T10:02:08.596+0800][5.093s][info][gc,metaspace] GC(160) Metaspace: 110K(320K)->110K(320K) NonClass: 103K(192K)->103K(192K) Class: 7K(128K)->7K(128K)
[2026-06-17T10:02:08.596+0800][5.093s][info][gc          ] GC(160) Pause Young (Normal) (G1 Evacuation Pause) 52M->43M(64M) 7.338ms
[2026-06-17T10:02:08.597+0800][5.093s][info][gc,cpu      ] GC(160) User=0.00s Sys=0.00s Real=0.01s
[2026-06-17T10:02:08.618+0800][5.115s][info][gc,start    ] GC(161) Pause Young (Concurrent Start) (G1 Evacuation Pause)
[2026-06-17T10:02:08.619+0800][5.115s][info][gc,task     ] GC(161) Using 2 workers of 18 for evacuation
[2026-06-17T10:02:08.620+0800][5.117s][info][gc,phases   ] GC(161)   Pre Evacuate Collection Set: 0.20ms
[2026-06-17T10:02:08.621+0800][5.117s][info][gc,phases   ] GC(161)   Merge Heap Roots: 0.05ms
[2026-06-17T10:02:08.621+0800][5.118s][info][gc,phases   ] GC(161)   Evacuate Collection Set: 0.26ms
[2026-06-17T10:02:08.622+0800][5.119s][info][gc,phases   ] GC(161)   Post Evacuate Collection Set: 0.21ms
[2026-06-17T10:02:08.622+0800][5.119s][info][gc,phases   ] GC(161)   Other: 0.68ms
[2026-06-17T10:02:08.623+0800][5.120s][info][gc,heap     ] GC(161) Eden regions: 10->0(10)
[2026-06-17T10:02:08.623+0800][5.120s][info][gc,heap     ] GC(161) Survivor regions: 2->2(2)
[2026-06-17T10:02:08.624+0800][5.121s][info][gc,heap     ] GC(161) Old regions: 29->30
[2026-06-17T10:02:08.624+0800][5.121s][info][gc,heap     ] GC(161) Humongous regions: 13->13
[2026-06-17T10:02:08.625+0800][5.121s][info][gc,metaspace] GC(161) Metaspace: 110K(320K)->110K(320K) NonClass: 103K(192K)->103K(192K) Class: 7K(128K)->7K(128K)
[2026-06-17T10:02:08.625+0800][5.122s][info][gc          ] GC(161) Pause Young (Concurrent Start) (G1 Evacuation Pause) 53M->44M(64M) 6.996ms
[2026-06-17T10:02:08.626+0800][5.122s][info][gc,cpu      ] GC(161) User=0.00s Sys=0.00s Real=0.01s
[2026-06-17T10:02:08.626+0800][5.122s][info][gc          ] GC(162) Concurrent Mark Cycle
[2026-06-17T10:02:08.627+0800][5.123s][info][gc,marking  ] GC(162) Concurrent Scan Root Regions
[2026-06-17T10:02:08.627+0800][5.124s][info][gc,marking  ] GC(162) Concurrent Scan Root Regions 0.565ms
[2026-06-17T10:02:08.628+0800][5.124s][info][gc,marking  ] GC(162) Concurrent Mark
[2026-06-17T10:02:08.628+0800][5.125s][info][gc,marking  ] GC(162) Concurrent Mark From Roots
[2026-06-17T10:02:08.629+0800][5.125s][info][gc,task     ] GC(162) Using 5 workers of 5 for marking
[2026-06-17T10:02:08.630+0800][5.127s][info][gc,marking  ] GC(162) Concurrent Mark From Roots 2.013ms
[2026-06-17T10:02:08.630+0800][5.127s][info][gc,marking  ] GC(162) Concurrent Preclean
[2026-06-17T10:02:08.631+0800][5.128s][info][gc,marking  ] GC(162) Concurrent Preclean 0.614ms
[2026-06-17T10:02:08.632+0800][5.128s][info][gc,start    ] GC(162) Pause Remark
[2026-06-17T10:02:08.633+0800][5.129s][info][gc          ] GC(162) Pause Remark 44M->36M(64M) 0.975ms
[2026-06-17T10:02:08.633+0800][5.130s][info][gc,cpu      ] GC(162) User=0.00s Sys=0.00s Real=0.00s
[2026-06-17T10:02:08.634+0800][5.131s][info][gc,marking  ] GC(162) Concurrent Mark 6.065ms
[2026-06-17T10:02:08.634+0800][5.131s][info][gc,marking  ] GC(162) Concurrent Rebuild Remembered Sets and Scrub Regions
[2026-06-17T10:02:08.635+0800][5.132s][info][gc,marking  ] GC(162) Concurrent Rebuild Remembered Sets and Scrub Regions 0.903ms
[2026-06-17T10:02:08.635+0800][5.132s][info][gc,start    ] GC(162) Pause Cleanup
[2026-06-17T10:02:08.636+0800][5.133s][info][gc          ] GC(162) Pause Cleanup 36M->36M(64M) 0.314ms
[2026-06-17T10:02:08.636+0800][5.133s][info][gc,cpu      ] GC(162) User=0.00s Sys=0.00s Real=0.00s
[2026-06-17T10:02:08.636+0800][5.133s][info][gc,marking  ] GC(162) Concurrent Clear Claimed Marks
[2026-06-17T10:02:08.637+0800][5.133s][info][gc,marking  ] GC(162) Concurrent Clear Claimed Marks 0.257ms
[2026-06-17T10:02:08.637+0800][5.134s][info][gc,marking  ] GC(162) Concurrent Cleanup for Next Mark
[2026-06-17T10:02:08.637+0800][5.134s][info][gc,marking  ] GC(162) Concurrent Cleanup for Next Mark 0.401ms
[2026-06-17T10:02:08.638+0800][5.135s][info][gc          ] GC(162) Concurrent Mark Cycle 12.115ms
[2026-06-17T10:02:08.657+0800][5.154s][info][gc,start    ] GC(163) Pause Young (Prepare Mixed) (G1 Evacuation Pause)
[2026-06-17T10:02:08.658+0800][5.155s][info][gc,task     ] GC(163) Using 2 workers of 18 for evacuation
[2026-06-17T10:02:08.659+0800][5.156s][info][gc,phases   ] GC(163)   Pre Evacuate Collection Set: 0.11ms
[2026-06-17T10:02:08.660+0800][5.156s][info][gc,phases   ] GC(163)   Merge Heap Roots: 0.04ms
[2026-06-17T10:02:08.660+0800][5.157s][info][gc,phases   ] GC(163)   Evacuate Collection Set: 0.24ms
[2026-06-17T10:02:08.661+0800][5.157s][info][gc,phases   ] GC(163)   Post Evacuate Collection Set: 0.20ms
[2026-06-17T10:02:08.661+0800][5.158s][info][gc,phases   ] GC(163)   Other: 0.60ms
[2026-06-17T10:02:08.662+0800][5.158s][info][gc,heap     ] GC(163) Eden regions: 10->0(15)
[2026-06-17T10:02:08.662+0800][5.159s][info][gc,heap     ] GC(163) Survivor regions: 2->1(2)
[2026-06-17T10:02:08.663+0800][5.160s][info][gc,heap     ] GC(163) Old regions: 22->24
[2026-06-17T10:02:08.663+0800][5.160s][info][gc,heap     ] GC(163) Humongous regions: 13->13
[2026-06-17T10:02:08.664+0800][5.160s][info][gc,metaspace] GC(163) Metaspace: 110K(320K)->110K(320K) NonClass: 103K(192K)->103K(192K) Class: 7K(128K)->7K(128K)
[2026-06-17T10:02:08.664+0800][5.161s][info][gc          ] GC(163) Pause Young (Prepare Mixed) (G1 Evacuation Pause) 46M->36M(64M) 6.656ms
[2026-06-17T10:02:08.664+0800][5.161s][info][gc,cpu      ] GC(163) User=0.00s Sys=0.00s Real=0.01s
[2026-06-17T10:02:08.707+0800][5.204s][info][gc,start    ] GC(164) Pause Young (Mixed) (G1 Evacuation Pause)
[2026-06-17T10:02:08.707+0800][5.204s][info][gc,task     ] GC(164) Using 2 workers of 18 for evacuation
[2026-06-17T10:02:08.709+0800][5.206s][info][gc,phases   ] GC(164)   Pre Evacuate Collection Set: 0.17ms
[2026-06-17T10:02:08.709+0800][5.206s][info][gc,phases   ] GC(164)   Merge Heap Roots: 0.08ms
[2026-06-17T10:02:08.710+0800][5.207s][info][gc,phases   ] GC(164)   Evacuate Collection Set: 0.56ms
[2026-06-17T10:02:08.710+0800][5.207s][info][gc,phases   ] GC(164)   Post Evacuate Collection Set: 0.25ms
[2026-06-17T10:02:08.711+0800][5.208s][info][gc,phases   ] GC(164)   Other: 0.48ms
[2026-06-17T10:02:08.711+0800][5.208s][info][gc,heap     ] GC(164) Eden regions: 15->0(14)
[2026-06-17T10:02:08.711+0800][5.208s][info][gc,heap     ] GC(164) Survivor regions: 1->2(2)
[2026-06-17T10:02:08.712+0800][5.209s][info][gc,heap     ] GC(164) Old regions: 24->23
[2026-06-17T10:02:08.712+0800][5.209s][info][gc,heap     ] GC(164) Humongous regions: 13->13
[2026-06-17T10:02:08.712+0800][5.209s][info][gc,metaspace] GC(164) Metaspace: 110K(320K)->110K(320K) NonClass: 103K(192K)->103K(192K) Class: 7K(128K)->7K(128K)
[2026-06-17T10:02:08.712+0800][5.209s][info][gc          ] GC(164) Pause Young (Mixed) (G1 Evacuation Pause) 51M->37M(64M) 5.627ms
[2026-06-17T10:02:08.713+0800][5.210s][info][gc,cpu      ] GC(164) User=0.01s Sys=0.00s Real=0.01s
[2026-06-17T10:02:08.745+0800][5.242s][info][gc,start    ] GC(165) Pause Young (Mixed) (G1 Evacuation Pause)
[2026-06-17T10:02:08.745+0800][5.242s][info][gc,task     ] GC(165) Using 2 workers of 18 for evacuation
[2026-06-17T10:02:08.747+0800][5.243s][info][gc,phases   ] GC(165)   Pre Evacuate Collection Set: 0.15ms
[2026-06-17T10:02:08.747+0800][5.244s][info][gc,phases   ] GC(165)   Merge Heap Roots: 0.05ms
[2026-06-17T10:02:08.747+0800][5.244s][info][gc,phases   ] GC(165)   Evacuate Collection Set: 0.57ms
[2026-06-17T10:02:08.747+0800][5.244s][info][gc,phases   ] GC(165)   Post Evacuate Collection Set: 0.26ms
[2026-06-17T10:02:08.747+0800][5.244s][info][gc,phases   ] GC(165)   Other: 0.24ms
[2026-06-17T10:02:08.748+0800][5.244s][info][gc,heap     ] GC(165) Eden regions: 14->0(11)
[2026-06-17T10:02:08.748+0800][5.245s][info][gc,heap     ] GC(165) Survivor regions: 2->2(2)
[2026-06-17T10:02:08.748+0800][5.245s][info][gc,heap     ] GC(165) Old regions: 23->27
[2026-06-17T10:02:08.749+0800][5.245s][info][gc,heap     ] GC(165) Humongous regions: 13->13
[2026-06-17T10:02:08.749+0800][5.246s][info][gc,metaspace] GC(165) Metaspace: 110K(320K)->110K(320K) NonClass: 103K(192K)->103K(192K) Class: 7K(128K)->7K(128K)
[2026-06-17T10:02:08.749+0800][5.246s][info][gc          ] GC(165) Pause Young (Mixed) (G1 Evacuation Pause) 51M->41M(64M) 4.228ms
[2026-06-17T10:02:08.750+0800][5.246s][info][gc,cpu      ] GC(165) User=0.00s Sys=0.00s Real=0.00s
[2026-06-17T10:02:08.782+0800][5.278s][info][gc,start    ] GC(166) Pause Young (Concurrent Start) (G1 Evacuation Pause)
[2026-06-17T10:02:08.782+0800][5.279s][info][gc,task     ] GC(166) Using 2 workers of 18 for evacuation
[2026-06-17T10:02:08.784+0800][5.281s][info][gc,phases   ] GC(166)   Pre Evacuate Collection Set: 0.19ms
[2026-06-17T10:02:08.785+0800][5.281s][info][gc,phases   ] GC(166)   Merge Heap Roots: 0.08ms
[2026-06-17T10:02:08.785+0800][5.282s][info][gc,phases   ] GC(166)   Evacuate Collection Set: 0.75ms
[2026-06-17T10:02:08.786+0800][5.282s][info][gc,phases   ] GC(166)   Post Evacuate Collection Set: 0.25ms
[2026-06-17T10:02:08.786+0800][5.283s][info][gc,phases   ] GC(166)   Other: 0.63ms
[2026-06-17T10:02:08.787+0800][5.283s][info][gc,heap     ] GC(166) Eden regions: 11->0(9)
[2026-06-17T10:02:08.787+0800][5.284s][info][gc,heap     ] GC(166) Survivor regions: 2->2(2)
[2026-06-17T10:02:08.787+0800][5.284s][info][gc,heap     ] GC(166) Old regions: 27->30
[2026-06-17T10:02:08.787+0800][5.284s][info][gc,heap     ] GC(166) Humongous regions: 13->13
[2026-06-17T10:02:08.788+0800][5.284s][info][gc,metaspace] GC(166) Metaspace: 110K(320K)->110K(320K) NonClass: 103K(192K)->103K(192K) Class: 7K(128K)->7K(128K)
[2026-06-17T10:02:08.788+0800][5.285s][info][gc          ] GC(166) Pause Young (Concurrent Start) (G1 Evacuation Pause) 52M->44M(64M) 6.437ms
[2026-06-17T10:02:08.788+0800][5.285s][info][gc,cpu      ] GC(166) User=0.00s Sys=0.00s Real=0.01s
[2026-06-17T10:02:08.788+0800][5.285s][info][gc          ] GC(167) Concurrent Mark Cycle
[2026-06-17T10:02:08.789+0800][5.286s][info][gc,marking  ] GC(167) Concurrent Scan Root Regions
[2026-06-17T10:02:08.790+0800][5.287s][info][gc,marking  ] GC(167) Concurrent Scan Root Regions 0.521ms
[2026-06-17T10:02:08.790+0800][5.287s][info][gc,marking  ] GC(167) Concurrent Mark
[2026-06-17T10:02:08.790+0800][5.287s][info][gc,marking  ] GC(167) Concurrent Mark From Roots
[2026-06-17T10:02:08.790+0800][5.287s][info][gc,task     ] GC(167) Using 5 workers of 5 for marking
[2026-06-17T10:02:08.792+0800][5.289s][info][gc,marking  ] GC(167) Concurrent Mark From Roots 1.960ms
[2026-06-17T10:02:08.793+0800][5.289s][info][gc,marking  ] GC(167) Concurrent Preclean
[2026-06-17T10:02:08.793+0800][5.290s][info][gc,marking  ] GC(167) Concurrent Preclean 0.433ms
[2026-06-17T10:02:08.793+0800][5.290s][info][gc,start    ] GC(167) Pause Remark
[2026-06-17T10:02:08.794+0800][5.291s][info][gc          ] GC(167) Pause Remark 48M->39M(64M) 0.804ms
[2026-06-17T10:02:08.795+0800][5.292s][info][gc,cpu      ] GC(167) User=0.00s Sys=0.00s Real=0.00s
[2026-06-17T10:02:08.795+0800][5.292s][info][gc,marking  ] GC(167) Concurrent Mark 5.125ms
[2026-06-17T10:02:08.795+0800][5.292s][info][gc,marking  ] GC(167) Concurrent Rebuild Remembered Sets and Scrub Regions
[2026-06-17T10:02:08.796+0800][5.293s][info][gc,marking  ] GC(167) Concurrent Rebuild Remembered Sets and Scrub Regions 0.613ms
[2026-06-17T10:02:08.796+0800][5.293s][info][gc,start    ] GC(167) Pause Cleanup
[2026-06-17T10:02:08.796+0800][5.293s][info][gc          ] GC(167) Pause Cleanup 39M->39M(64M) 0.352ms
[2026-06-17T10:02:08.797+0800][5.294s][info][gc,cpu      ] GC(167) User=0.00s Sys=0.00s Real=0.00s
[2026-06-17T10:02:08.797+0800][5.294s][info][gc,marking  ] GC(167) Concurrent Clear Claimed Marks
[2026-06-17T10:02:08.797+0800][5.294s][info][gc,marking  ] GC(167) Concurrent Clear Claimed Marks 0.214ms
[2026-06-17T10:02:08.797+0800][5.294s][info][gc,marking  ] GC(167) Concurrent Cleanup for Next Mark
[2026-06-17T10:02:08.798+0800][5.295s][info][gc,marking  ] GC(167) Concurrent Cleanup for Next Mark 0.292ms
[2026-06-17T10:02:08.798+0800][5.295s][info][gc          ] GC(167) Concurrent Mark Cycle 9.487ms
[2026-06-17T10:02:08.810+0800][5.307s][info][gc,start    ] GC(168) Pause Young (Prepare Mixed) (G1 Evacuation Pause)
[2026-06-17T10:02:08.811+0800][5.307s][info][gc,task     ] GC(168) Using 2 workers of 18 for evacuation
[2026-06-17T10:02:08.812+0800][5.309s][info][gc,phases   ] GC(168)   Pre Evacuate Collection Set: 0.16ms
[2026-06-17T10:02:08.812+0800][5.309s][info][gc,phases   ] GC(168)   Merge Heap Roots: 0.07ms
[2026-06-17T10:02:08.812+0800][5.309s][info][gc,phases   ] GC(168)   Evacuate Collection Set: 0.17ms
[2026-06-17T10:02:08.813+0800][5.310s][info][gc,phases   ] GC(168)   Post Evacuate Collection Set: 0.20ms
[2026-06-17T10:02:08.813+0800][5.310s][info][gc,phases   ] GC(168)   Other: 0.56ms
[2026-06-17T10:02:08.814+0800][5.310s][info][gc,heap     ] GC(168) Eden regions: 9->0(15)
[2026-06-17T10:02:08.814+0800][5.311s][info][gc,heap     ] GC(168) Survivor regions: 2->1(2)
[2026-06-17T10:02:08.814+0800][5.311s][info][gc,heap     ] GC(168) Old regions: 21->22
[2026-06-17T10:02:08.815+0800][5.311s][info][gc,heap     ] GC(168) Humongous regions: 15->15
[2026-06-17T10:02:08.815+0800][5.312s][info][gc,metaspace] GC(168) Metaspace: 110K(320K)->110K(320K) NonClass: 103K(192K)->103K(192K) Class: 7K(128K)->7K(128K)
[2026-06-17T10:02:08.815+0800][5.312s][info][gc          ] GC(168) Pause Young (Prepare Mixed) (G1 Evacuation Pause) 46M->37M(64M) 5.089ms
[2026-06-17T10:02:08.815+0800][5.312s][info][gc,cpu      ] GC(168) User=0.00s Sys=0.00s Real=0.01s
[2026-06-17T10:02:08.858+0800][5.355s][info][gc,start    ] GC(169) Pause Young (Mixed) (G1 Evacuation Pause)
[2026-06-17T10:02:08.858+0800][5.355s][info][gc,task     ] GC(169) Using 2 workers of 18 for evacuation
[2026-06-17T10:02:08.859+0800][5.356s][info][gc,phases   ] GC(169)   Pre Evacuate Collection Set: 0.12ms
[2026-06-17T10:02:08.860+0800][5.357s][info][gc,phases   ] GC(169)   Merge Heap Roots: 0.05ms
[2026-06-17T10:02:08.860+0800][5.357s][info][gc,phases   ] GC(169)   Evacuate Collection Set: 0.58ms
[2026-06-17T10:02:08.860+0800][5.357s][info][gc,phases   ] GC(169)   Post Evacuate Collection Set: 0.19ms
[2026-06-17T10:02:08.861+0800][5.357s][info][gc,phases   ] GC(169)   Other: 0.39ms
[2026-06-17T10:02:08.861+0800][5.358s][info][gc,heap     ] GC(169) Eden regions: 15->0(14)
[2026-06-17T10:02:08.861+0800][5.358s][info][gc,heap     ] GC(169) Survivor regions: 1->2(2)
[2026-06-17T10:02:08.861+0800][5.358s][info][gc,heap     ] GC(169) Old regions: 22->21
[2026-06-17T10:02:08.861+0800][5.358s][info][gc,heap     ] GC(169) Humongous regions: 15->15
[2026-06-17T10:02:08.861+0800][5.358s][info][gc,metaspace] GC(169) Metaspace: 110K(320K)->110K(320K) NonClass: 103K(192K)->103K(192K) Class: 7K(128K)->7K(128K)
[2026-06-17T10:02:08.861+0800][5.358s][info][gc          ] GC(169) Pause Young (Mixed) (G1 Evacuation Pause) 52M->37M(64M) 3.829ms
[2026-06-17T10:02:08.862+0800][5.359s][info][gc,cpu      ] GC(169) User=0.00s Sys=0.01s Real=0.00s
[2026-06-17T10:02:08.894+0800][5.390s][info][gc,start    ] GC(170) Pause Young (Mixed) (G1 Evacuation Pause)
[2026-06-17T10:02:08.894+0800][5.391s][info][gc,task     ] GC(170) Using 2 workers of 18 for evacuation
[2026-06-17T10:02:08.895+0800][5.392s][info][gc,phases   ] GC(170)   Pre Evacuate Collection Set: 0.14ms
[2026-06-17T10:02:08.896+0800][5.393s][info][gc,phases   ] GC(170)   Merge Heap Roots: 0.05ms
[2026-06-17T10:02:08.896+0800][5.393s][info][gc,phases   ] GC(170)   Evacuate Collection Set: 0.51ms
[2026-06-17T10:02:08.896+0800][5.393s][info][gc,phases   ] GC(170)   Post Evacuate Collection Set: 0.20ms
[2026-06-17T10:02:08.897+0800][5.393s][info][gc,phases   ] GC(170)   Other: 0.38ms
[2026-06-17T10:02:08.897+0800][5.394s][info][gc,heap     ] GC(170) Eden regions: 14->0(12)
[2026-06-17T10:02:08.897+0800][5.394s][info][gc,heap     ] GC(170) Survivor regions: 2->2(2)
[2026-06-17T10:02:08.897+0800][5.394s][info][gc,heap     ] GC(170) Old regions: 21->24
[2026-06-17T10:02:08.897+0800][5.394s][info][gc,heap     ] GC(170) Humongous regions: 15->15
[2026-06-17T10:02:08.897+0800][5.394s][info][gc,metaspace] GC(170) Metaspace: 110K(320K)->110K(320K) NonClass: 103K(192K)->103K(192K) Class: 7K(128K)->7K(128K)
[2026-06-17T10:02:08.898+0800][5.395s][info][gc          ] GC(170) Pause Young (Mixed) (G1 Evacuation Pause) 51M->40M(64M) 4.114ms
[2026-06-17T10:02:08.898+0800][5.395s][info][gc,cpu      ] GC(170) User=0.00s Sys=0.00s Real=0.00s
[2026-06-17T10:02:08.930+0800][5.427s][info][gc,start    ] GC(171) Pause Young (Concurrent Start) (G1 Evacuation Pause)
[2026-06-17T10:02:08.930+0800][5.427s][info][gc,task     ] GC(171) Using 2 workers of 18 for evacuation
[2026-06-17T10:02:08.931+0800][5.428s][info][gc,phases   ] GC(171)   Pre Evacuate Collection Set: 0.15ms
[2026-06-17T10:02:08.932+0800][5.429s][info][gc,phases   ] GC(171)   Merge Heap Roots: 0.04ms
[2026-06-17T10:02:08.932+0800][5.429s][info][gc,phases   ] GC(171)   Evacuate Collection Set: 0.42ms
[2026-06-17T10:02:08.933+0800][5.430s][info][gc,phases   ] GC(171)   Post Evacuate Collection Set: 0.20ms
[2026-06-17T10:02:08.933+0800][5.430s][info][gc,phases   ] GC(171)   Other: 0.31ms
[2026-06-17T10:02:08.933+0800][5.430s][info][gc,heap     ] GC(171) Eden regions: 12->0(11)
[2026-06-17T10:02:08.934+0800][5.431s][info][gc,heap     ] GC(171) Survivor regions: 2->2(2)
[2026-06-17T10:02:08.934+0800][5.431s][info][gc,heap     ] GC(171) Old regions: 24->27
[2026-06-17T10:02:08.934+0800][5.431s][info][gc,heap     ] GC(171) Humongous regions: 15->15
[2026-06-17T10:02:08.935+0800][5.432s][info][gc,metaspace] GC(171) Metaspace: 110K(320K)->110K(320K) NonClass: 103K(192K)->103K(192K) Class: 7K(128K)->7K(128K)
[2026-06-17T10:02:08.935+0800][5.432s][info][gc          ] GC(171) Pause Young (Concurrent Start) (G1 Evacuation Pause) 52M->43M(64M) 5.268ms
[2026-06-17T10:02:08.935+0800][5.432s][info][gc,cpu      ] GC(171) User=0.01s Sys=0.00s Real=0.01s
[2026-06-17T10:02:08.935+0800][5.432s][info][gc          ] GC(172) Concurrent Mark Cycle
[2026-06-17T10:02:08.936+0800][5.433s][info][gc,marking  ] GC(172) Concurrent Scan Root Regions
[2026-06-17T10:02:08.936+0800][5.433s][info][gc,marking  ] GC(172) Concurrent Scan Root Regions 0.382ms
[2026-06-17T10:02:08.936+0800][5.433s][info][gc,marking  ] GC(172) Concurrent Mark
[2026-06-17T10:02:08.937+0800][5.433s][info][gc,marking  ] GC(172) Concurrent Mark From Roots
[2026-06-17T10:02:08.937+0800][5.434s][info][gc,task     ] GC(172) Using 5 workers of 5 for marking
[2026-06-17T10:02:08.939+0800][5.436s][info][gc,marking  ] GC(172) Concurrent Mark From Roots 2.108ms
[2026-06-17T10:02:08.939+0800][5.436s][info][gc,marking  ] GC(172) Concurrent Preclean
[2026-06-17T10:02:08.940+0800][5.436s][info][gc,marking  ] GC(172) Concurrent Preclean 0.400ms
[2026-06-17T10:02:08.940+0800][5.437s][info][gc,start    ] GC(172) Pause Remark
[2026-06-17T10:02:08.941+0800][5.438s][info][gc          ] GC(172) Pause Remark 45M->45M(64M) 1.118ms
[2026-06-17T10:02:08.941+0800][5.438s][info][gc,cpu      ] GC(172) User=0.00s Sys=0.00s Real=0.00s
[2026-06-17T10:02:08.942+0800][5.439s][info][gc,marking  ] GC(172) Concurrent Mark 5.200ms
[2026-06-17T10:02:08.942+0800][5.439s][info][gc,marking  ] GC(172) Concurrent Rebuild Remembered Sets and Scrub Regions
[2026-06-17T10:02:08.943+0800][5.439s][info][gc,marking  ] GC(172) Concurrent Rebuild Remembered Sets and Scrub Regions 0.660ms
[2026-06-17T10:02:08.943+0800][5.440s][info][gc,start    ] GC(172) Pause Cleanup
[2026-06-17T10:02:08.943+0800][5.440s][info][gc          ] GC(172) Pause Cleanup 45M->45M(64M) 0.452ms
[2026-06-17T10:02:08.944+0800][5.441s][info][gc,cpu      ] GC(172) User=0.00s Sys=0.00s Real=0.00s
[2026-06-17T10:02:08.945+0800][5.442s][info][gc,marking  ] GC(172) Concurrent Clear Claimed Marks
[2026-06-17T10:02:08.946+0800][5.442s][info][gc,marking  ] GC(172) Concurrent Clear Claimed Marks 0.941ms
[2026-06-17T10:02:08.946+0800][5.443s][info][gc,marking  ] GC(172) Concurrent Cleanup for Next Mark
[2026-06-17T10:02:08.947+0800][5.443s][info][gc,marking  ] GC(172) Concurrent Cleanup for Next Mark 0.591ms
[2026-06-17T10:02:08.947+0800][5.444s][info][gc          ] GC(172) Concurrent Mark Cycle 11.388ms
[2026-06-17T10:02:08.967+0800][5.464s][info][gc,start    ] GC(173) Pause Young (Prepare Mixed) (G1 Evacuation Pause)
[2026-06-17T10:02:08.968+0800][5.465s][info][gc,task     ] GC(173) Using 2 workers of 18 for evacuation
[2026-06-17T10:02:08.969+0800][5.466s][info][gc,phases   ] GC(173)   Pre Evacuate Collection Set: 0.23ms
[2026-06-17T10:02:08.970+0800][5.466s][info][gc,phases   ] GC(173)   Merge Heap Roots: 0.11ms
[2026-06-17T10:02:08.970+0800][5.467s][info][gc,phases   ] GC(173)   Evacuate Collection Set: 0.41ms
[2026-06-17T10:02:08.970+0800][5.467s][info][gc,phases   ] GC(173)   Post Evacuate Collection Set: 0.41ms
[2026-06-17T10:02:08.970+0800][5.467s][info][gc,phases   ] GC(173)   Other: 0.34ms
[2026-06-17T10:02:08.971+0800][5.468s][info][gc,heap     ] GC(173) Eden regions: 11->0(10)
[2026-06-17T10:02:08.971+0800][5.468s][info][gc,heap     ] GC(173) Survivor regions: 2->2(2)
[2026-06-17T10:02:08.971+0800][5.468s][info][gc,heap     ] GC(173) Old regions: 27->29
[2026-06-17T10:02:08.972+0800][5.468s][info][gc,heap     ] GC(173) Humongous regions: 15->15
[2026-06-17T10:02:08.972+0800][5.469s][info][gc,metaspace] GC(173) Metaspace: 110K(320K)->110K(320K) NonClass: 103K(192K)->103K(192K) Class: 7K(128K)->7K(128K)
[2026-06-17T10:02:08.972+0800][5.469s][info][gc          ] GC(173) Pause Young (Prepare Mixed) (G1 Evacuation Pause) 54M->45M(64M) 4.674ms
[2026-06-17T10:02:08.972+0800][5.469s][info][gc,cpu      ] GC(173) User=0.00s Sys=0.00s Real=0.01s
[2026-06-17T10:02:08.994+0800][5.491s][info][gc,start    ] GC(174) Pause Young (Mixed) (G1 Evacuation Pause)
[2026-06-17T10:02:08.994+0800][5.491s][info][gc,task     ] GC(174) Using 2 workers of 18 for evacuation
[2026-06-17T10:02:08.996+0800][5.493s][info][gc,phases   ] GC(174)   Pre Evacuate Collection Set: 0.13ms
[2026-06-17T10:02:08.996+0800][5.493s][info][gc,phases   ] GC(174)   Merge Heap Roots: 0.06ms
[2026-06-17T10:02:08.996+0800][5.493s][info][gc,phases   ] GC(174)   Evacuate Collection Set: 0.53ms
[2026-06-17T10:02:08.997+0800][5.494s][info][gc,phases   ] GC(174)   Post Evacuate Collection Set: 0.58ms
[2026-06-17T10:02:08.997+0800][5.494s][info][gc,phases   ] GC(174)   Other: 0.44ms
[2026-06-17T10:02:08.997+0800][5.494s][info][gc,heap     ] GC(174) Eden regions: 10->0(12)
[2026-06-17T10:02:08.998+0800][5.495s][info][gc,heap     ] GC(174) Survivor regions: 2->1(2)
[2026-06-17T10:02:08.998+0800][5.495s][info][gc,heap     ] GC(174) Old regions: 29->28
[2026-06-17T10:02:08.998+0800][5.495s][info][gc,heap     ] GC(174) Humongous regions: 15->15
[2026-06-17T10:02:08.998+0800][5.495s][info][gc,metaspace] GC(174) Metaspace: 110K(320K)->110K(320K) NonClass: 103K(192K)->103K(192K) Class: 7K(128K)->7K(128K)
[2026-06-17T10:02:08.999+0800][5.496s][info][gc          ] GC(174) Pause Young (Mixed) (G1 Evacuation Pause) 55M->43M(64M) 4.980ms
[2026-06-17T10:02:08.999+0800][5.496s][info][gc,cpu      ] GC(174) User=0.00s Sys=0.00s Real=0.00s
[2026-06-17T10:02:09.000+0800][5.496s][info][gc,start    ] GC(175) Pause Young (Concurrent Start) (G1 Humongous Allocation)
[2026-06-17T10:02:09.000+0800][5.497s][info][gc,task     ] GC(175) Using 2 workers of 18 for evacuation
[2026-06-17T10:02:09.001+0800][5.498s][info][gc,phases   ] GC(175)   Pre Evacuate Collection Set: 0.21ms
[2026-06-17T10:02:09.001+0800][5.498s][info][gc,phases   ] GC(175)   Merge Heap Roots: 0.06ms
[2026-06-17T10:02:09.002+0800][5.498s][info][gc,phases   ] GC(175)   Evacuate Collection Set: 0.24ms
[2026-06-17T10:02:09.002+0800][5.499s][info][gc,phases   ] GC(175)   Post Evacuate Collection Set: 0.28ms
[2026-06-17T10:02:09.002+0800][5.499s][info][gc,phases   ] GC(175)   Other: 0.36ms
[2026-06-17T10:02:09.002+0800][5.499s][info][gc,heap     ] GC(175) Eden regions: 2->0(7)
[2026-06-17T10:02:09.003+0800][5.499s][info][gc,heap     ] GC(175) Survivor regions: 1->2(2)
[2026-06-17T10:02:09.003+0800][5.500s][info][gc,heap     ] GC(175) Old regions: 28->28
[2026-06-17T10:02:09.003+0800][5.500s][info][gc,heap     ] GC(175) Humongous regions: 15->15
[2026-06-17T10:02:09.003+0800][5.500s][info][gc,metaspace] GC(175) Metaspace: 110K(320K)->110K(320K) NonClass: 103K(192K)->103K(192K) Class: 7K(128K)->7K(128K)
[2026-06-17T10:02:09.003+0800][5.500s][info][gc          ] GC(175) Pause Young (Concurrent Start) (G1 Humongous Allocation) 44M->44M(64M) 3.763ms
[2026-06-17T10:02:09.004+0800][5.500s][info][gc,cpu      ] GC(175) User=0.00s Sys=0.00s Real=0.01s
[2026-06-17T10:02:09.004+0800][5.500s][info][gc          ] GC(176) Concurrent Mark Cycle
[2026-06-17T10:02:09.004+0800][5.501s][info][gc,marking  ] GC(176) Concurrent Scan Root Regions
[2026-06-17T10:02:09.004+0800][5.501s][info][gc,marking  ] GC(176) Concurrent Scan Root Regions 0.326ms
[2026-06-17T10:02:09.004+0800][5.501s][info][gc,marking  ] GC(176) Concurrent Mark
[2026-06-17T10:02:09.005+0800][5.502s][info][gc,marking  ] GC(176) Concurrent Mark From Roots
[2026-06-17T10:02:09.005+0800][5.502s][info][gc,task     ] GC(176) Using 5 workers of 5 for marking
[2026-06-17T10:02:09.007+0800][5.504s][info][gc,marking  ] GC(176) Concurrent Mark From Roots 1.951ms
[2026-06-17T10:02:09.007+0800][5.504s][info][gc,marking  ] GC(176) Concurrent Preclean
[2026-06-17T10:02:09.007+0800][5.504s][info][gc,marking  ] GC(176) Concurrent Preclean 0.326ms
[2026-06-17T10:02:09.008+0800][5.504s][info][gc,start    ] GC(176) Pause Remark
[2026-06-17T10:02:09.008+0800][5.505s][info][gc          ] GC(176) Pause Remark 46M->42M(64M) 0.736ms
[2026-06-17T10:02:09.008+0800][5.505s][info][gc,cpu      ] GC(176) User=0.00s Sys=0.00s Real=0.00s
[2026-06-17T10:02:09.009+0800][5.506s][info][gc,marking  ] GC(176) Concurrent Mark 4.329ms
[2026-06-17T10:02:09.009+0800][5.506s][info][gc,marking  ] GC(176) Concurrent Rebuild Remembered Sets and Scrub Regions
[2026-06-17T10:02:09.010+0800][5.507s][info][gc,marking  ] GC(176) Concurrent Rebuild Remembered Sets and Scrub Regions 0.621ms
[2026-06-17T10:02:09.010+0800][5.507s][info][gc,start    ] GC(176) Pause Cleanup
[2026-06-17T10:02:09.010+0800][5.507s][info][gc          ] GC(176) Pause Cleanup 42M->42M(64M) 0.273ms
[2026-06-17T10:02:09.010+0800][5.507s][info][gc,cpu      ] GC(176) User=0.00s Sys=0.00s Real=0.01s
[2026-06-17T10:02:09.011+0800][5.508s][info][gc,marking  ] GC(176) Concurrent Clear Claimed Marks
[2026-06-17T10:02:09.011+0800][5.508s][info][gc,marking  ] GC(176) Concurrent Clear Claimed Marks 0.159ms
[2026-06-17T10:02:09.011+0800][5.508s][info][gc,marking  ] GC(176) Concurrent Cleanup for Next Mark
[2026-06-17T10:02:09.011+0800][5.508s][info][gc,marking  ] GC(176) Concurrent Cleanup for Next Mark 0.368ms
[2026-06-17T10:02:09.012+0800][5.508s][info][gc          ] GC(176) Concurrent Mark Cycle 8.022ms
[2026-06-17T10:02:09.035+0800][5.532s][info][gc,start    ] GC(177) Pause Young (Prepare Mixed) (G1 Evacuation Pause)
[2026-06-17T10:02:09.036+0800][5.533s][info][gc,task     ] GC(177) Using 2 workers of 18 for evacuation
[2026-06-17T10:02:09.037+0800][5.534s][info][gc,phases   ] GC(177)   Pre Evacuate Collection Set: 0.14ms
[2026-06-17T10:02:09.037+0800][5.534s][info][gc,phases   ] GC(177)   Merge Heap Roots: 0.06ms
[2026-06-17T10:02:09.038+0800][5.534s][info][gc,phases   ] GC(177)   Evacuate Collection Set: 0.21ms
[2026-06-17T10:02:09.038+0800][5.535s][info][gc,phases   ] GC(177)   Post Evacuate Collection Set: 0.19ms
[2026-06-17T10:02:09.039+0800][5.535s][info][gc,phases   ] GC(177)   Other: 0.39ms
[2026-06-17T10:02:09.039+0800][5.536s][info][gc,heap     ] GC(177) Eden regions: 7->0(9)
[2026-06-17T10:02:09.039+0800][5.536s][info][gc,heap     ] GC(177) Survivor regions: 2->1(2)
[2026-06-17T10:02:09.039+0800][5.536s][info][gc,heap     ] GC(177) Old regions: 24->26
[2026-06-17T10:02:09.040+0800][5.537s][info][gc,heap     ] GC(177) Humongous regions: 17->17
[2026-06-17T10:02:09.040+0800][5.537s][info][gc,metaspace] GC(177) Metaspace: 110K(320K)->110K(320K) NonClass: 103K(192K)->103K(192K) Class: 7K(128K)->7K(128K)
[2026-06-17T10:02:09.040+0800][5.537s][info][gc          ] GC(177) Pause Young (Prepare Mixed) (G1 Evacuation Pause) 49M->42M(64M) 4.982ms
[2026-06-17T10:02:09.041+0800][5.537s][info][gc,cpu      ] GC(177) User=0.00s Sys=0.00s Real=0.00s
[2026-06-17T10:02:09.062+0800][5.559s][info][gc,start    ] GC(178) Pause Young (Mixed) (G1 Evacuation Pause)
[2026-06-17T10:02:09.063+0800][5.559s][info][gc,task     ] GC(178) Using 2 workers of 18 for evacuation
[2026-06-17T10:02:09.064+0800][5.561s][info][gc,phases   ] GC(178)   Pre Evacuate Collection Set: 0.13ms
[2026-06-17T10:02:09.064+0800][5.561s][info][gc,phases   ] GC(178)   Merge Heap Roots: 0.04ms
[2026-06-17T10:02:09.065+0800][5.562s][info][gc,phases   ] GC(178)   Evacuate Collection Set: 0.43ms
[2026-06-17T10:02:09.065+0800][5.562s][info][gc,phases   ] GC(178)   Post Evacuate Collection Set: 0.18ms
[2026-06-17T10:02:09.065+0800][5.562s][info][gc,phases   ] GC(178)   Other: 0.44ms
[2026-06-17T10:02:09.066+0800][5.562s][info][gc,heap     ] GC(178) Eden regions: 9->0(11)
[2026-06-17T10:02:09.066+0800][5.563s][info][gc,heap     ] GC(178) Survivor regions: 1->2(2)
[2026-06-17T10:02:09.066+0800][5.563s][info][gc,heap     ] GC(178) Old regions: 26->22
[2026-06-17T10:02:09.066+0800][5.563s][info][gc,heap     ] GC(178) Humongous regions: 17->17
[2026-06-17T10:02:09.066+0800][5.563s][info][gc,metaspace] GC(178) Metaspace: 110K(320K)->110K(320K) NonClass: 103K(192K)->103K(192K) Class: 7K(128K)->7K(128K)
[2026-06-17T10:02:09.067+0800][5.563s][info][gc          ] GC(178) Pause Young (Mixed) (G1 Evacuation Pause) 51M->40M(64M) 4.536ms
[2026-06-17T10:02:09.067+0800][5.564s][info][gc,cpu      ] GC(178) User=0.00s Sys=0.00s Real=0.01s
[2026-06-17T10:02:09.089+0800][5.586s][info][gc,start    ] GC(179) Pause Young (Mixed) (G1 Evacuation Pause)
[2026-06-17T10:02:09.089+0800][5.586s][info][gc,task     ] GC(179) Using 2 workers of 18 for evacuation
[2026-06-17T10:02:09.091+0800][5.588s][info][gc,phases   ] GC(179)   Pre Evacuate Collection Set: 0.14ms
[2026-06-17T10:02:09.091+0800][5.588s][info][gc,phases   ] GC(179)   Merge Heap Roots: 0.05ms
[2026-06-17T10:02:09.091+0800][5.588s][info][gc,phases   ] GC(179)   Evacuate Collection Set: 0.67ms
[2026-06-17T10:02:09.092+0800][5.589s][info][gc,phases   ] GC(179)   Post Evacuate Collection Set: 0.17ms
[2026-06-17T10:02:09.092+0800][5.589s][info][gc,phases   ] GC(179)   Other: 0.46ms
[2026-06-17T10:02:09.093+0800][5.590s][info][gc,heap     ] GC(179) Eden regions: 11->0(9)
[2026-06-17T10:02:09.093+0800][5.590s][info][gc,heap     ] GC(179) Survivor regions: 2->2(2)
[2026-06-17T10:02:09.093+0800][5.590s][info][gc,heap     ] GC(179) Old regions: 22->24
[2026-06-17T10:02:09.094+0800][5.591s][info][gc,heap     ] GC(179) Humongous regions: 17->17
[2026-06-17T10:02:09.094+0800][5.591s][info][gc,metaspace] GC(179) Metaspace: 110K(320K)->110K(320K) NonClass: 103K(192K)->103K(192K) Class: 7K(128K)->7K(128K)
[2026-06-17T10:02:09.095+0800][5.592s][info][gc          ] GC(179) Pause Young (Mixed) (G1 Evacuation Pause) 51M->42M(64M) 6.025ms
[2026-06-17T10:02:09.095+0800][5.592s][info][gc,cpu      ] GC(179) User=0.00s Sys=0.00s Real=0.01s
[2026-06-17T10:02:09.117+0800][5.613s][info][gc,start    ] GC(180) Pause Young (Normal) (G1 Evacuation Pause)
[2026-06-17T10:02:09.117+0800][5.614s][info][gc,task     ] GC(180) Using 2 workers of 18 for evacuation
[2026-06-17T10:02:09.119+0800][5.616s][info][gc,phases   ] GC(180)   Pre Evacuate Collection Set: 0.13ms
[2026-06-17T10:02:09.120+0800][5.617s][info][gc,phases   ] GC(180)   Merge Heap Roots: 0.04ms
[2026-06-17T10:02:09.120+0800][5.617s][info][gc,phases   ] GC(180)   Evacuate Collection Set: 0.28ms
[2026-06-17T10:02:09.121+0800][5.617s][info][gc,phases   ] GC(180)   Post Evacuate Collection Set: 0.18ms
[2026-06-17T10:02:09.122+0800][5.618s][info][gc,phases   ] GC(180)   Other: 1.23ms
[2026-06-17T10:02:09.123+0800][5.620s][info][gc,heap     ] GC(180) Eden regions: 9->0(9)
[2026-06-17T10:02:09.124+0800][5.621s][info][gc,heap     ] GC(180) Survivor regions: 2->2(2)
[2026-06-17T10:02:09.124+0800][5.621s][info][gc,heap     ] GC(180) Old regions: 24->26
[2026-06-17T10:02:09.125+0800][5.621s][info][gc,heap     ] GC(180) Humongous regions: 17->17
[2026-06-17T10:02:09.125+0800][5.622s][info][gc,metaspace] GC(180) Metaspace: 110K(320K)->110K(320K) NonClass: 103K(192K)->103K(192K) Class: 7K(128K)->7K(128K)
[2026-06-17T10:02:09.125+0800][5.622s][info][gc          ] GC(180) Pause Young (Normal) (G1 Evacuation Pause) 51M->44M(64M) 8.522ms
[2026-06-17T10:02:09.126+0800][5.622s][info][gc,cpu      ] GC(180) User=0.00s Sys=0.00s Real=0.01s
[2026-06-17T10:02:09.157+0800][5.654s][info][gc,start    ] GC(181) Pause Young (Concurrent Start) (G1 Evacuation Pause)
[2026-06-17T10:02:09.158+0800][5.654s][info][gc,task     ] GC(181) Using 2 workers of 18 for evacuation
[2026-06-17T10:02:09.159+0800][5.656s][info][gc,phases   ] GC(181)   Pre Evacuate Collection Set: 0.13ms
[2026-06-17T10:02:09.159+0800][5.656s][info][gc,phases   ] GC(181)   Merge Heap Roots: 0.04ms
[2026-06-17T10:02:09.160+0800][5.657s][info][gc,phases   ] GC(181)   Evacuate Collection Set: 0.38ms
[2026-06-17T10:02:09.160+0800][5.657s][info][gc,phases   ] GC(181)   Post Evacuate Collection Set: 0.29ms
[2026-06-17T10:02:09.160+0800][5.657s][info][gc,phases   ] GC(181)   Other: 0.23ms
[2026-06-17T10:02:09.160+0800][5.657s][info][gc,heap     ] GC(181) Eden regions: 9->0(8)
[2026-06-17T10:02:09.160+0800][5.657s][info][gc,heap     ] GC(181) Survivor regions: 2->2(2)
[2026-06-17T10:02:09.160+0800][5.657s][info][gc,heap     ] GC(181) Old regions: 26->28
[2026-06-17T10:02:09.160+0800][5.657s][info][gc,heap     ] GC(181) Humongous regions: 17->17
[2026-06-17T10:02:09.161+0800][5.657s][info][gc,metaspace] GC(181) Metaspace: 110K(320K)->110K(320K) NonClass: 103K(192K)->103K(192K) Class: 7K(128K)->7K(128K)
[2026-06-17T10:02:09.161+0800][5.658s][info][gc          ] GC(181) Pause Young (Concurrent Start) (G1 Evacuation Pause) 53M->46M(64M) 3.462ms
[2026-06-17T10:02:09.161+0800][5.658s][info][gc,cpu      ] GC(181) User=0.00s Sys=0.00s Real=0.00s
[2026-06-17T10:02:09.161+0800][5.658s][info][gc          ] GC(182) Concurrent Mark Cycle
[2026-06-17T10:02:09.161+0800][5.658s][info][gc,marking  ] GC(182) Concurrent Scan Root Regions
[2026-06-17T10:02:09.161+0800][5.658s][info][gc,marking  ] GC(182) Concurrent Scan Root Regions 0.280ms
[2026-06-17T10:02:09.162+0800][5.659s][info][gc,marking  ] GC(182) Concurrent Mark
[2026-06-17T10:02:09.162+0800][5.659s][info][gc,marking  ] GC(182) Concurrent Mark From Roots
[2026-06-17T10:02:09.162+0800][5.659s][info][gc,task     ] GC(182) Using 5 workers of 5 for marking
[2026-06-17T10:02:09.163+0800][5.660s][info][gc,marking  ] GC(182) Concurrent Mark From Roots 1.397ms
[2026-06-17T10:02:09.163+0800][5.660s][info][gc,marking  ] GC(182) Concurrent Preclean
[2026-06-17T10:02:09.164+0800][5.660s][info][gc,marking  ] GC(182) Concurrent Preclean 0.156ms
[2026-06-17T10:02:09.164+0800][5.661s][info][gc,start    ] GC(182) Pause Remark
[2026-06-17T10:02:09.164+0800][5.661s][info][gc          ] GC(182) Pause Remark 50M->49M(64M) 0.460ms
[2026-06-17T10:02:09.164+0800][5.661s][info][gc,cpu      ] GC(182) User=0.00s Sys=0.00s Real=0.00s
[2026-06-17T10:02:09.164+0800][5.661s][info][gc,marking  ] GC(182) Concurrent Mark 2.841ms
[2026-06-17T10:02:09.165+0800][5.662s][info][gc,marking  ] GC(182) Concurrent Rebuild Remembered Sets and Scrub Regions
[2026-06-17T10:02:09.165+0800][5.662s][info][gc,marking  ] GC(182) Concurrent Rebuild Remembered Sets and Scrub Regions 0.497ms
[2026-06-17T10:02:09.165+0800][5.662s][info][gc,start    ] GC(182) Pause Cleanup
[2026-06-17T10:02:09.166+0800][5.662s][info][gc          ] GC(182) Pause Cleanup 49M->49M(64M) 0.219ms
[2026-06-17T10:02:09.166+0800][5.663s][info][gc,cpu      ] GC(182) User=0.00s Sys=0.00s Real=0.00s
[2026-06-17T10:02:09.166+0800][5.663s][info][gc,marking  ] GC(182) Concurrent Clear Claimed Marks
[2026-06-17T10:02:09.166+0800][5.663s][info][gc,marking  ] GC(182) Concurrent Clear Claimed Marks 0.086ms
[2026-06-17T10:02:09.166+0800][5.663s][info][gc,marking  ] GC(182) Concurrent Cleanup for Next Mark
[2026-06-17T10:02:09.166+0800][5.663s][info][gc,marking  ] GC(182) Concurrent Cleanup for Next Mark 0.165ms
[2026-06-17T10:02:09.166+0800][5.663s][info][gc          ] GC(182) Concurrent Mark Cycle 5.392ms
[2026-06-17T10:02:09.182+0800][5.679s][info][gc,start    ] GC(183) Pause Young (Prepare Mixed) (G1 Evacuation Pause)
[2026-06-17T10:02:09.183+0800][5.679s][info][gc,task     ] GC(183) Using 2 workers of 18 for evacuation
[2026-06-17T10:02:09.184+0800][5.681s][info][gc,phases   ] GC(183)   Pre Evacuate Collection Set: 0.18ms
[2026-06-17T10:02:09.184+0800][5.681s][info][gc,phases   ] GC(183)   Merge Heap Roots: 0.08ms
[2026-06-17T10:02:09.185+0800][5.681s][info][gc,phases   ] GC(183)   Evacuate Collection Set: 0.33ms
[2026-06-17T10:02:09.185+0800][5.682s][info][gc,phases   ] GC(183)   Post Evacuate Collection Set: 0.23ms
[2026-06-17T10:02:09.185+0800][5.682s][info][gc,phases   ] GC(183)   Other: 0.31ms
[2026-06-17T10:02:09.185+0800][5.682s][info][gc,heap     ] GC(183) Eden regions: 8->0(7)
[2026-06-17T10:02:09.185+0800][5.682s][info][gc,heap     ] GC(183) Survivor regions: 2->2(2)
[2026-06-17T10:02:09.185+0800][5.682s][info][gc,heap     ] GC(183) Old regions: 27->29
[2026-06-17T10:02:09.186+0800][5.682s][info][gc,heap     ] GC(183) Humongous regions: 17->17
[2026-06-17T10:02:09.186+0800][5.683s][info][gc,metaspace] GC(183) Metaspace: 110K(320K)->110K(320K) NonClass: 103K(192K)->103K(192K) Class: 7K(128K)->7K(128K)
[2026-06-17T10:02:09.186+0800][5.683s][info][gc          ] GC(183) Pause Young (Prepare Mixed) (G1 Evacuation Pause) 53M->47M(64M) 3.700ms
[2026-06-17T10:02:09.186+0800][5.683s][info][gc,cpu      ] GC(183) User=0.00s Sys=0.00s Real=0.01s
[2026-06-17T10:02:09.197+0800][5.694s][info][gc,start    ] GC(184) Pause Young (Mixed) (G1 Evacuation Pause)
[2026-06-17T10:02:09.197+0800][5.694s][info][gc,task     ] GC(184) Using 2 workers of 18 for evacuation
[2026-06-17T10:02:09.198+0800][5.695s][info][gc,phases   ] GC(184)   Pre Evacuate Collection Set: 0.13ms
[2026-06-17T10:02:09.198+0800][5.695s][info][gc,phases   ] GC(184)   Merge Heap Roots: 0.06ms
[2026-06-17T10:02:09.199+0800][5.695s][info][gc,phases   ] GC(184)   Evacuate Collection Set: 0.38ms
[2026-06-17T10:02:09.199+0800][5.695s][info][gc,phases   ] GC(184)   Post Evacuate Collection Set: 0.17ms
[2026-06-17T10:02:09.199+0800][5.696s][info][gc,phases   ] GC(184)   Other: 0.17ms
[2026-06-17T10:02:09.199+0800][5.696s][info][gc,heap     ] GC(184) Eden regions: 7->0(9)
[2026-06-17T10:02:09.199+0800][5.696s][info][gc,heap     ] GC(184) Survivor regions: 2->1(2)
[2026-06-17T10:02:09.199+0800][5.696s][info][gc,heap     ] GC(184) Old regions: 29->27
[2026-06-17T10:02:09.199+0800][5.696s][info][gc,heap     ] GC(184) Humongous regions: 17->17
[2026-06-17T10:02:09.199+0800][5.696s][info][gc,metaspace] GC(184) Metaspace: 110K(320K)->110K(320K) NonClass: 103K(192K)->103K(192K) Class: 7K(128K)->7K(128K)
[2026-06-17T10:02:09.200+0800][5.696s][info][gc          ] GC(184) Pause Young (Mixed) (G1 Evacuation Pause) 54M->44M(64M) 2.655ms
[2026-06-17T10:02:09.200+0800][5.697s][info][gc,cpu      ] GC(184) User=0.00s Sys=0.00s Real=0.00s
[2026-06-17T10:02:09.221+0800][5.718s][info][gc,start    ] GC(185) Pause Young (Concurrent Start) (G1 Humongous Allocation)
[2026-06-17T10:02:09.221+0800][5.718s][info][gc,task     ] GC(185) Using 2 workers of 18 for evacuation
[2026-06-17T10:02:09.222+0800][5.719s][info][gc,phases   ] GC(185)   Pre Evacuate Collection Set: 0.16ms
[2026-06-17T10:02:09.222+0800][5.719s][info][gc,phases   ] GC(185)   Merge Heap Roots: 0.07ms
[2026-06-17T10:02:09.222+0800][5.719s][info][gc,phases   ] GC(185)   Evacuate Collection Set: 0.24ms
[2026-06-17T10:02:09.223+0800][5.719s][info][gc,phases   ] GC(185)   Post Evacuate Collection Set: 0.20ms
[2026-06-17T10:02:09.223+0800][5.720s][info][gc,phases   ] GC(185)   Other: 0.26ms
[2026-06-17T10:02:09.223+0800][5.720s][info][gc,heap     ] GC(185) Eden regions: 8->0(9)
[2026-06-17T10:02:09.223+0800][5.720s][info][gc,heap     ] GC(185) Survivor regions: 1->2(2)
[2026-06-17T10:02:09.223+0800][5.720s][info][gc,heap     ] GC(185) Old regions: 27->27
[2026-06-17T10:02:09.223+0800][5.720s][info][gc,heap     ] GC(185) Humongous regions: 17->17
[2026-06-17T10:02:09.223+0800][5.720s][info][gc,metaspace] GC(185) Metaspace: 110K(320K)->110K(320K) NonClass: 103K(192K)->103K(192K) Class: 7K(128K)->7K(128K)
[2026-06-17T10:02:09.223+0800][5.720s][info][gc          ] GC(185) Pause Young (Concurrent Start) (G1 Humongous Allocation) 52M->45M(64M) 2.529ms
[2026-06-17T10:02:09.223+0800][5.720s][info][gc,cpu      ] GC(185) User=0.00s Sys=0.00s Real=0.01s
[2026-06-17T10:02:09.223+0800][5.720s][info][gc          ] GC(186) Concurrent Mark Cycle
[2026-06-17T10:02:09.224+0800][5.721s][info][gc,marking  ] GC(186) Concurrent Scan Root Regions
[2026-06-17T10:02:09.224+0800][5.721s][info][gc,marking  ] GC(186) Concurrent Scan Root Regions 0.197ms
[2026-06-17T10:02:09.224+0800][5.721s][info][gc,marking  ] GC(186) Concurrent Mark
[2026-06-17T10:02:09.224+0800][5.721s][info][gc,marking  ] GC(186) Concurrent Mark From Roots
[2026-06-17T10:02:09.224+0800][5.721s][info][gc,task     ] GC(186) Using 5 workers of 5 for marking
[2026-06-17T10:02:09.226+0800][5.723s][info][gc,marking  ] GC(186) Concurrent Mark From Roots 1.540ms
[2026-06-17T10:02:09.226+0800][5.723s][info][gc,marking  ] GC(186) Concurrent Preclean
[2026-06-17T10:02:09.226+0800][5.723s][info][gc,marking  ] GC(186) Concurrent Preclean 0.128ms
[2026-06-17T10:02:09.226+0800][5.723s][info][gc,start    ] GC(186) Pause Remark
[2026-06-17T10:02:09.227+0800][5.724s][info][gc          ] GC(186) Pause Remark 47M->40M(64M) 0.455ms
[2026-06-17T10:02:09.227+0800][5.724s][info][gc,cpu      ] GC(186) User=0.00s Sys=0.00s Real=0.00s
[2026-06-17T10:02:09.227+0800][5.724s][info][gc,marking  ] GC(186) Concurrent Mark 3.046ms
[2026-06-17T10:02:09.227+0800][5.724s][info][gc,marking  ] GC(186) Concurrent Rebuild Remembered Sets and Scrub Regions
[2026-06-17T10:02:09.228+0800][5.725s][info][gc,marking  ] GC(186) Concurrent Rebuild Remembered Sets and Scrub Regions 0.458ms
[2026-06-17T10:02:09.228+0800][5.725s][info][gc,start    ] GC(186) Pause Cleanup
[2026-06-17T10:02:09.228+0800][5.725s][info][gc          ] GC(186) Pause Cleanup 40M->40M(64M) 0.391ms
[2026-06-17T10:02:09.228+0800][5.725s][info][gc,cpu      ] GC(186) User=0.00s Sys=0.00s Real=0.00s
[2026-06-17T10:02:09.229+0800][5.725s][info][gc,marking  ] GC(186) Concurrent Clear Claimed Marks
[2026-06-17T10:02:09.229+0800][5.726s][info][gc,marking  ] GC(186) Concurrent Clear Claimed Marks 0.105ms
[2026-06-17T10:02:09.229+0800][5.726s][info][gc,marking  ] GC(186) Concurrent Cleanup for Next Mark
[2026-06-17T10:02:09.229+0800][5.726s][info][gc,marking  ] GC(186) Concurrent Cleanup for Next Mark 0.174ms
[2026-06-17T10:02:09.229+0800][5.726s][info][gc          ] GC(186) Concurrent Mark Cycle 5.621ms
[2026-06-17T10:02:09.255+0800][5.752s][info][gc,start    ] GC(187) Pause Young (Prepare Mixed) (G1 Evacuation Pause)
[2026-06-17T10:02:09.255+0800][5.752s][info][gc,task     ] GC(187) Using 2 workers of 18 for evacuation
[2026-06-17T10:02:09.256+0800][5.753s][info][gc,phases   ] GC(187)   Pre Evacuate Collection Set: 0.11ms
[2026-06-17T10:02:09.257+0800][5.754s][info][gc,phases   ] GC(187)   Merge Heap Roots: 0.06ms
[2026-06-17T10:02:09.257+0800][5.754s][info][gc,phases   ] GC(187)   Evacuate Collection Set: 0.37ms
[2026-06-17T10:02:09.257+0800][5.754s][info][gc,phases   ] GC(187)   Post Evacuate Collection Set: 0.23ms
[2026-06-17T10:02:09.257+0800][5.754s][info][gc,phases   ] GC(187)   Other: 0.29ms
[2026-06-17T10:02:09.257+0800][5.754s][info][gc,heap     ] GC(187) Eden regions: 9->0(15)
[2026-06-17T10:02:09.257+0800][5.754s][info][gc,heap     ] GC(187) Survivor regions: 2->2(2)
[2026-06-17T10:02:09.258+0800][5.755s][info][gc,heap     ] GC(187) Old regions: 19->22
[2026-06-17T10:02:09.258+0800][5.755s][info][gc,heap     ] GC(187) Humongous regions: 19->10
[2026-06-17T10:02:09.258+0800][5.755s][info][gc,metaspace] GC(187) Metaspace: 110K(320K)->110K(320K) NonClass: 103K(192K)->103K(192K) Class: 7K(128K)->7K(128K)
[2026-06-17T10:02:09.258+0800][5.755s][info][gc          ] GC(187) Pause Young (Prepare Mixed) (G1 Evacuation Pause) 48M->33M(64M) 3.069ms
[2026-06-17T10:02:09.258+0800][5.755s][info][gc,cpu      ] GC(187) User=0.00s Sys=0.00s Real=0.00s
[2026-06-17T10:02:09.300+0800][5.797s][info][gc,start    ] GC(188) Pause Young (Mixed) (G1 Evacuation Pause)
[2026-06-17T10:02:09.301+0800][5.797s][info][gc,task     ] GC(188) Using 2 workers of 18 for evacuation
[2026-06-17T10:02:09.302+0800][5.798s][info][gc,phases   ] GC(188)   Pre Evacuate Collection Set: 0.12ms
[2026-06-17T10:02:09.302+0800][5.799s][info][gc,phases   ] GC(188)   Merge Heap Roots: 0.04ms
[2026-06-17T10:02:09.302+0800][5.799s][info][gc,phases   ] GC(188)   Evacuate Collection Set: 0.40ms
[2026-06-17T10:02:09.302+0800][5.799s][info][gc,phases   ] GC(188)   Post Evacuate Collection Set: 0.20ms
[2026-06-17T10:02:09.302+0800][5.799s][info][gc,phases   ] GC(188)   Other: 0.20ms
[2026-06-17T10:02:09.302+0800][5.799s][info][gc,heap     ] GC(188) Eden regions: 15->0(17)
[2026-06-17T10:02:09.302+0800][5.799s][info][gc,heap     ] GC(188) Survivor regions: 2->3(3)
[2026-06-17T10:02:09.302+0800][5.799s][info][gc,heap     ] GC(188) Old regions: 22->19
[2026-06-17T10:02:09.302+0800][5.799s][info][gc,heap     ] GC(188) Humongous regions: 10->10
[2026-06-17T10:02:09.302+0800][5.799s][info][gc,metaspace] GC(188) Metaspace: 110K(320K)->110K(320K) NonClass: 103K(192K)->103K(192K) Class: 7K(128K)->7K(128K)
[2026-06-17T10:02:09.303+0800][5.799s][info][gc          ] GC(188) Pause Young (Mixed) (G1 Evacuation Pause) 48M->31M(64M) 2.399ms
[2026-06-17T10:02:09.303+0800][5.800s][info][gc,cpu      ] GC(188) User=0.00s Sys=0.00s Real=0.01s
[2026-06-17T10:02:09.335+0800][5.832s][info][gc,start    ] GC(189) Pause Young (Normal) (G1 Evacuation Pause)
[2026-06-17T10:02:09.335+0800][5.832s][info][gc,task     ] GC(189) Using 2 workers of 18 for evacuation
[2026-06-17T10:02:09.336+0800][5.833s][info][gc,phases   ] GC(189)   Pre Evacuate Collection Set: 0.13ms
[2026-06-17T10:02:09.336+0800][5.833s][info][gc,phases   ] GC(189)   Merge Heap Roots: 0.04ms
[2026-06-17T10:02:09.337+0800][5.833s][info][gc,phases   ] GC(189)   Evacuate Collection Set: 0.34ms
[2026-06-17T10:02:09.337+0800][5.834s][info][gc,phases   ] GC(189)   Post Evacuate Collection Set: 0.19ms
[2026-06-17T10:02:09.337+0800][5.834s][info][gc,phases   ] GC(189)   Other: 0.21ms
[2026-06-17T10:02:09.337+0800][5.834s][info][gc,heap     ] GC(189) Eden regions: 17->0(15)
[2026-06-17T10:02:09.337+0800][5.834s][info][gc,heap     ] GC(189) Survivor regions: 3->3(3)
[2026-06-17T10:02:09.337+0800][5.834s][info][gc,heap     ] GC(189) Old regions: 19->22
[2026-06-17T10:02:09.337+0800][5.834s][info][gc,heap     ] GC(189) Humongous regions: 10->10
[2026-06-17T10:02:09.338+0800][5.834s][info][gc,metaspace] GC(189) Metaspace: 110K(320K)->110K(320K) NonClass: 103K(192K)->103K(192K) Class: 7K(128K)->7K(128K)
[2026-06-17T10:02:09.338+0800][5.835s][info][gc          ] GC(189) Pause Young (Normal) (G1 Evacuation Pause) 47M->34M(64M) 2.938ms
[2026-06-17T10:02:09.338+0800][5.835s][info][gc,cpu      ] GC(189) User=0.01s Sys=0.00s Real=0.00s
[2026-06-17T10:02:09.380+0800][5.877s][info][gc,start    ] GC(190) Pause Young (Normal) (G1 Evacuation Pause)
[2026-06-17T10:02:09.380+0800][5.877s][info][gc,task     ] GC(190) Using 2 workers of 18 for evacuation
[2026-06-17T10:02:09.381+0800][5.878s][info][gc,phases   ] GC(190)   Pre Evacuate Collection Set: 0.13ms
[2026-06-17T10:02:09.382+0800][5.878s][info][gc,phases   ] GC(190)   Merge Heap Roots: 0.04ms
[2026-06-17T10:02:09.382+0800][5.879s][info][gc,phases   ] GC(190)   Evacuate Collection Set: 0.50ms
[2026-06-17T10:02:09.382+0800][5.879s][info][gc,phases   ] GC(190)   Post Evacuate Collection Set: 0.15ms
[2026-06-17T10:02:09.382+0800][5.879s][info][gc,phases   ] GC(190)   Other: 0.25ms
[2026-06-17T10:02:09.382+0800][5.879s][info][gc,heap     ] GC(190) Eden regions: 15->0(12)
[2026-06-17T10:02:09.382+0800][5.879s][info][gc,heap     ] GC(190) Survivor regions: 3->3(3)
[2026-06-17T10:02:09.383+0800][5.879s][info][gc,heap     ] GC(190) Old regions: 22->27
[2026-06-17T10:02:09.383+0800][5.880s][info][gc,heap     ] GC(190) Humongous regions: 10->10
[2026-06-17T10:02:09.383+0800][5.880s][info][gc,metaspace] GC(190) Metaspace: 110K(320K)->110K(320K) NonClass: 103K(192K)->103K(192K) Class: 7K(128K)->7K(128K)
[2026-06-17T10:02:09.384+0800][5.880s][info][gc          ] GC(190) Pause Young (Normal) (G1 Evacuation Pause) 49M->39M(64M) 3.760ms
[2026-06-17T10:02:09.384+0800][5.881s][info][gc,cpu      ] GC(190) User=0.00s Sys=0.01s Real=0.01s
[2026-06-17T10:02:09.416+0800][5.913s][info][gc,start    ] GC(191) Pause Young (Concurrent Start) (G1 Evacuation Pause)
[2026-06-17T10:02:09.416+0800][5.913s][info][gc,task     ] GC(191) Using 2 workers of 18 for evacuation
[2026-06-17T10:02:09.417+0800][5.914s][info][gc,phases   ] GC(191)   Pre Evacuate Collection Set: 0.12ms
[2026-06-17T10:02:09.417+0800][5.914s][info][gc,phases   ] GC(191)   Merge Heap Roots: 0.03ms
[2026-06-17T10:02:09.417+0800][5.914s][info][gc,phases   ] GC(191)   Evacuate Collection Set: 0.41ms
[2026-06-17T10:02:09.418+0800][5.915s][info][gc,phases   ] GC(191)   Post Evacuate Collection Set: 0.14ms
[2026-06-17T10:02:09.418+0800][5.915s][info][gc,phases   ] GC(191)   Other: 0.23ms
[2026-06-17T10:02:09.418+0800][5.915s][info][gc,heap     ] GC(191) Eden regions: 12->0(10)
[2026-06-17T10:02:09.418+0800][5.915s][info][gc,heap     ] GC(191) Survivor regions: 3->2(2)
[2026-06-17T10:02:09.418+0800][5.915s][info][gc,heap     ] GC(191) Old regions: 27->31
[2026-06-17T10:02:09.418+0800][5.915s][info][gc,heap     ] GC(191) Humongous regions: 10->10
[2026-06-17T10:02:09.418+0800][5.915s][info][gc,metaspace] GC(191) Metaspace: 110K(320K)->110K(320K) NonClass: 103K(192K)->103K(192K) Class: 7K(128K)->7K(128K)
[2026-06-17T10:02:09.418+0800][5.915s][info][gc          ] GC(191) Pause Young (Concurrent Start) (G1 Evacuation Pause) 51M->42M(64M) 2.597ms
[2026-06-17T10:02:09.418+0800][5.915s][info][gc,cpu      ] GC(191) User=0.00s Sys=0.00s Real=0.00s
[2026-06-17T10:02:09.418+0800][5.915s][info][gc          ] GC(192) Concurrent Mark Cycle
[2026-06-17T10:02:09.419+0800][5.916s][info][gc,marking  ] GC(192) Concurrent Scan Root Regions
[2026-06-17T10:02:09.419+0800][5.916s][info][gc,marking  ] GC(192) Concurrent Scan Root Regions 0.191ms
[2026-06-17T10:02:09.419+0800][5.916s][info][gc,marking  ] GC(192) Concurrent Mark
[2026-06-17T10:02:09.419+0800][5.916s][info][gc,marking  ] GC(192) Concurrent Mark From Roots
[2026-06-17T10:02:09.419+0800][5.916s][info][gc,task     ] GC(192) Using 5 workers of 5 for marking
[2026-06-17T10:02:09.421+0800][5.918s][info][gc,marking  ] GC(192) Concurrent Mark From Roots 1.640ms
[2026-06-17T10:02:09.421+0800][5.918s][info][gc,marking  ] GC(192) Concurrent Preclean
[2026-06-17T10:02:09.421+0800][5.918s][info][gc,marking  ] GC(192) Concurrent Preclean 0.172ms
[2026-06-17T10:02:09.421+0800][5.918s][info][gc,start    ] GC(192) Pause Remark
[2026-06-17T10:02:09.422+0800][5.919s][info][gc          ] GC(192) Pause Remark 45M->37M(64M) 0.402ms
[2026-06-17T10:02:09.422+0800][5.919s][info][gc,cpu      ] GC(192) User=0.00s Sys=0.00s Real=0.00s
[2026-06-17T10:02:09.422+0800][5.919s][info][gc,marking  ] GC(192) Concurrent Mark 2.934ms
[2026-06-17T10:02:09.422+0800][5.919s][info][gc,marking  ] GC(192) Concurrent Rebuild Remembered Sets and Scrub Regions
[2026-06-17T10:02:09.423+0800][5.919s][info][gc,marking  ] GC(192) Concurrent Rebuild Remembered Sets and Scrub Regions 0.479ms
[2026-06-17T10:02:09.423+0800][5.920s][info][gc,start    ] GC(192) Pause Cleanup
[2026-06-17T10:02:09.423+0800][5.920s][info][gc          ] GC(192) Pause Cleanup 37M->37M(64M) 0.139ms
[2026-06-17T10:02:09.423+0800][5.920s][info][gc,cpu      ] GC(192) User=0.00s Sys=0.00s Real=0.00s
[2026-06-17T10:02:09.423+0800][5.920s][info][gc,marking  ] GC(192) Concurrent Clear Claimed Marks
[2026-06-17T10:02:09.423+0800][5.920s][info][gc,marking  ] GC(192) Concurrent Clear Claimed Marks 0.074ms
[2026-06-17T10:02:09.423+0800][5.920s][info][gc,marking  ] GC(192) Concurrent Cleanup for Next Mark
[2026-06-17T10:02:09.423+0800][5.920s][info][gc,marking  ] GC(192) Concurrent Cleanup for Next Mark 0.263ms
[2026-06-17T10:02:09.424+0800][5.920s][info][gc          ] GC(192) Concurrent Mark Cycle 5.141ms
[2026-06-17T10:02:09.440+0800][5.937s][info][gc,start    ] GC(193) Pause Young (Prepare Mixed) (G1 Evacuation Pause)
[2026-06-17T10:02:09.440+0800][5.937s][info][gc,task     ] GC(193) Using 2 workers of 18 for evacuation
[2026-06-17T10:02:09.441+0800][5.938s][info][gc,phases   ] GC(193)   Pre Evacuate Collection Set: 0.15ms
[2026-06-17T10:02:09.441+0800][5.938s][info][gc,phases   ] GC(193)   Merge Heap Roots: 0.07ms
[2026-06-17T10:02:09.442+0800][5.938s][info][gc,phases   ] GC(193)   Evacuate Collection Set: 0.25ms
[2026-06-17T10:02:09.442+0800][5.939s][info][gc,phases   ] GC(193)   Post Evacuate Collection Set: 0.18ms
[2026-06-17T10:02:09.442+0800][5.939s][info][gc,phases   ] GC(193)   Other: 0.27ms
[2026-06-17T10:02:09.442+0800][5.939s][info][gc,heap     ] GC(193) Eden regions: 10->0(14)
[2026-06-17T10:02:09.442+0800][5.939s][info][gc,heap     ] GC(193) Survivor regions: 2->2(2)
[2026-06-17T10:02:09.442+0800][5.939s][info][gc,heap     ] GC(193) Old regions: 23->24
[2026-06-17T10:02:09.442+0800][5.939s][info][gc,heap     ] GC(193) Humongous regions: 12->12
[2026-06-17T10:02:09.443+0800][5.939s][info][gc,metaspace] GC(193) Metaspace: 110K(320K)->110K(320K) NonClass: 103K(192K)->103K(192K) Class: 7K(128K)->7K(128K)
[2026-06-17T10:02:09.443+0800][5.940s][info][gc          ] GC(193) Pause Young (Prepare Mixed) (G1 Evacuation Pause) 46M->37M(64M) 3.009ms
[2026-06-17T10:02:09.443+0800][5.940s][info][gc,cpu      ] GC(193) User=0.00s Sys=0.00s Real=0.01s
[2026-06-17T10:02:09.485+0800][5.982s][info][gc,start    ] GC(194) Pause Young (Mixed) (G1 Evacuation Pause)
[2026-06-17T10:02:09.487+0800][5.984s][info][gc,task     ] GC(194) Using 2 workers of 18 for evacuation
[2026-06-17T10:02:09.488+0800][5.985s][info][gc,phases   ] GC(194)   Pre Evacuate Collection Set: 0.14ms
[2026-06-17T10:02:09.489+0800][5.986s][info][gc,phases   ] GC(194)   Merge Heap Roots: 0.07ms
[2026-06-17T10:02:09.489+0800][5.986s][info][gc,phases   ] GC(194)   Evacuate Collection Set: 0.50ms
[2026-06-17T10:02:09.489+0800][5.986s][info][gc,phases   ] GC(194)   Post Evacuate Collection Set: 0.19ms
[2026-06-17T10:02:09.489+0800][5.986s][info][gc,phases   ] GC(194)   Other: 0.44ms
[2026-06-17T10:02:09.489+0800][5.986s][info][gc,heap     ] GC(194) Eden regions: 14->0(12)
[2026-06-17T10:02:09.489+0800][5.986s][info][gc,heap     ] GC(194) Survivor regions: 2->2(2)
[2026-06-17T10:02:09.489+0800][5.986s][info][gc,heap     ] GC(194) Old regions: 24->26
[2026-06-17T10:02:09.489+0800][5.986s][info][gc,heap     ] GC(194) Humongous regions: 12->12
[2026-06-17T10:02:09.490+0800][5.986s][info][gc,metaspace] GC(194) Metaspace: 110K(320K)->110K(320K) NonClass: 103K(192K)->103K(192K) Class: 7K(128K)->7K(128K)
[2026-06-17T10:02:09.490+0800][5.987s][info][gc          ] GC(194) Pause Young (Mixed) (G1 Evacuation Pause) 51M->39M(64M) 4.723ms
[2026-06-17T10:02:09.490+0800][5.987s][info][gc,cpu      ] GC(194) User=0.00s Sys=0.00s Real=0.00s
[2026-06-17T10:02:09.522+0800][6.018s][info][gc,start    ] GC(195) Pause Young (Concurrent Start) (G1 Evacuation Pause)
[2026-06-17T10:02:09.529+0800][6.026s][info][gc,task     ] GC(195) Using 2 workers of 18 for evacuation
[2026-06-17T10:02:09.534+0800][6.030s][info][gc,phases   ] GC(195)   Pre Evacuate Collection Set: 0.16ms
[2026-06-17T10:02:09.538+0800][6.035s][info][gc,phases   ] GC(195)   Merge Heap Roots: 0.04ms
[2026-06-17T10:02:09.544+0800][6.041s][info][gc,phases   ] GC(195)   Evacuate Collection Set: 0.39ms
[2026-06-17T10:02:09.546+0800][6.043s][info][gc,phases   ] GC(195)   Post Evacuate Collection Set: 0.23ms
[2026-06-17T10:02:09.548+0800][6.044s][info][gc,phases   ] GC(195)   Other: 3.79ms
[2026-06-17T10:02:09.554+0800][6.051s][info][gc,heap     ] GC(195) Eden regions: 12->0(11)
[2026-06-17T10:02:09.560+0800][6.056s][info][gc,heap     ] GC(195) Survivor regions: 2->2(2)
[2026-06-17T10:02:09.566+0800][6.063s][info][gc,heap     ] GC(195) Old regions: 26->29
[2026-06-17T10:02:09.566+0800][6.063s][info][gc,heap     ] GC(195) Humongous regions: 12->12
[2026-06-17T10:02:09.567+0800][6.064s][info][gc,metaspace] GC(195) Metaspace: 110K(320K)->110K(320K) NonClass: 103K(192K)->103K(192K) Class: 7K(128K)->7K(128K)
[2026-06-17T10:02:09.567+0800][6.064s][info][gc          ] GC(195) Pause Young (Concurrent Start) (G1 Evacuation Pause) 51M->42M(64M) 45.806ms
[2026-06-17T10:02:09.568+0800][6.065s][info][gc,cpu      ] GC(195) User=0.01s Sys=0.00s Real=0.05s
[2026-06-17T10:02:09.568+0800][6.065s][info][gc          ] GC(196) Concurrent Mark Cycle
[2026-06-17T10:02:09.569+0800][6.065s][info][gc,marking  ] GC(196) Concurrent Scan Root Regions
[2026-06-17T10:02:09.569+0800][6.066s][info][gc,marking  ] GC(196) Concurrent Scan Root Regions 0.555ms
[2026-06-17T10:02:09.570+0800][6.066s][info][gc,marking  ] GC(196) Concurrent Mark
[2026-06-17T10:02:09.570+0800][6.067s][info][gc,marking  ] GC(196) Concurrent Mark From Roots
[2026-06-17T10:02:09.570+0800][6.067s][info][gc,task     ] GC(196) Using 5 workers of 5 for marking
[2026-06-17T10:02:09.572+0800][6.069s][info][gc,marking  ] GC(196) Concurrent Mark From Roots 2.181ms
[2026-06-17T10:02:09.572+0800][6.069s][info][gc,marking  ] GC(196) Concurrent Preclean
[2026-06-17T10:02:09.573+0800][6.070s][info][gc,marking  ] GC(196) Concurrent Preclean 0.507ms
[2026-06-17T10:02:09.573+0800][6.070s][info][gc,start    ] GC(196) Pause Remark
[2026-06-17T10:02:09.574+0800][6.071s][info][gc          ] GC(196) Pause Remark 44M->37M(64M) 0.929ms
[2026-06-17T10:02:09.575+0800][6.072s][info][gc,cpu      ] GC(196) User=0.00s Sys=0.00s Real=0.00s
[2026-06-17T10:02:09.575+0800][6.072s][info][gc,marking  ] GC(196) Concurrent Mark 5.764ms
[2026-06-17T10:02:09.576+0800][6.073s][info][gc,marking  ] GC(196) Concurrent Rebuild Remembered Sets and Scrub Regions
[2026-06-17T10:02:09.577+0800][6.074s][info][gc,marking  ] GC(196) Concurrent Rebuild Remembered Sets and Scrub Regions 0.590ms
[2026-06-17T10:02:09.577+0800][6.074s][info][gc,start    ] GC(196) Pause Cleanup
[2026-06-17T10:02:09.578+0800][6.075s][info][gc          ] GC(196) Pause Cleanup 37M->37M(64M) 0.599ms
[2026-06-17T10:02:09.578+0800][6.075s][info][gc,cpu      ] GC(196) User=0.00s Sys=0.00s Real=0.00s
[2026-06-17T10:02:09.579+0800][6.076s][info][gc,marking  ] GC(196) Concurrent Clear Claimed Marks
[2026-06-17T10:02:09.579+0800][6.076s][info][gc,marking  ] GC(196) Concurrent Clear Claimed Marks 0.409ms
[2026-06-17T10:02:09.579+0800][6.076s][info][gc,marking  ] GC(196) Concurrent Cleanup for Next Mark
[2026-06-17T10:02:09.580+0800][6.077s][info][gc,marking  ] GC(196) Concurrent Cleanup for Next Mark 0.351ms
[2026-06-17T10:02:09.580+0800][6.077s][info][gc          ] GC(196) Concurrent Mark Cycle 12.445ms
[2026-06-17T10:02:09.600+0800][6.097s][info][gc,start    ] GC(197) Pause Young (Prepare Mixed) (G1 Evacuation Pause)
[2026-06-17T10:02:09.601+0800][6.098s][info][gc,task     ] GC(197) Using 2 workers of 18 for evacuation
[2026-06-17T10:02:09.602+0800][6.099s][info][gc,phases   ] GC(197)   Pre Evacuate Collection Set: 0.23ms
[2026-06-17T10:02:09.603+0800][6.100s][info][gc,phases   ] GC(197)   Merge Heap Roots: 0.11ms
[2026-06-17T10:02:09.603+0800][6.100s][info][gc,phases   ] GC(197)   Evacuate Collection Set: 0.31ms
[2026-06-17T10:02:09.604+0800][6.101s][info][gc,phases   ] GC(197)   Post Evacuate Collection Set: 0.33ms
[2026-06-17T10:02:09.605+0800][6.101s][info][gc,phases   ] GC(197)   Other: 0.64ms
[2026-06-17T10:02:09.605+0800][6.102s][info][gc,heap     ] GC(197) Eden regions: 11->0(16)
[2026-06-17T10:02:09.606+0800][6.103s][info][gc,heap     ] GC(197) Survivor regions: 2->2(2)
[2026-06-17T10:02:09.606+0800][6.103s][info][gc,heap     ] GC(197) Old regions: 22->23
[2026-06-17T10:02:09.607+0800][6.103s][info][gc,heap     ] GC(197) Humongous regions: 12->12
[2026-06-17T10:02:09.607+0800][6.104s][info][gc,metaspace] GC(197) Metaspace: 110K(320K)->110K(320K) NonClass: 103K(192K)->103K(192K) Class: 7K(128K)->7K(128K)
[2026-06-17T10:02:09.608+0800][6.104s][info][gc          ] GC(197) Pause Young (Prepare Mixed) (G1 Evacuation Pause) 46M->36M(64M) 7.484ms
[2026-06-17T10:02:09.608+0800][6.105s][info][gc,cpu      ] GC(197) User=0.00s Sys=0.00s Real=0.01s
[2026-06-17T10:02:09.650+0800][6.147s][info][gc,start    ] GC(198) Pause Young (Mixed) (G1 Evacuation Pause)
[2026-06-17T10:02:09.651+0800][6.147s][info][gc,task     ] GC(198) Using 2 workers of 18 for evacuation
[2026-06-17T10:02:09.652+0800][6.149s][info][gc,phases   ] GC(198)   Pre Evacuate Collection Set: 0.16ms
[2026-06-17T10:02:09.652+0800][6.149s][info][gc,phases   ] GC(198)   Merge Heap Roots: 0.06ms
[2026-06-17T10:02:09.653+0800][6.150s][info][gc,phases   ] GC(198)   Evacuate Collection Set: 0.48ms
[2026-06-17T10:02:09.653+0800][6.150s][info][gc,phases   ] GC(198)   Post Evacuate Collection Set: 0.18ms
[2026-06-17T10:02:09.654+0800][6.150s][info][gc,phases   ] GC(198)   Other: 0.47ms
[2026-06-17T10:02:09.654+0800][6.151s][info][gc,heap     ] GC(198) Eden regions: 16->0(17)
[2026-06-17T10:02:09.654+0800][6.151s][info][gc,heap     ] GC(198) Survivor regions: 2->3(3)
[2026-06-17T10:02:09.655+0800][6.152s][info][gc,heap     ] GC(198) Old regions: 23->20
[2026-06-17T10:02:09.655+0800][6.152s][info][gc,heap     ] GC(198) Humongous regions: 12->12
[2026-06-17T10:02:09.656+0800][6.153s][info][gc,metaspace] GC(198) Metaspace: 110K(320K)->110K(320K) NonClass: 103K(192K)->103K(192K) Class: 7K(128K)->7K(128K)
[2026-06-17T10:02:09.656+0800][6.153s][info][gc          ] GC(198) Pause Young (Mixed) (G1 Evacuation Pause) 52M->34M(64M) 6.306ms
[2026-06-17T10:02:09.657+0800][6.154s][info][gc,cpu      ] GC(198) User=0.00s Sys=0.00s Real=0.01s
[2026-06-17T10:02:09.700+0800][6.197s][info][gc,start    ] GC(199) Pause Young (Mixed) (G1 Evacuation Pause)
[2026-06-17T10:02:09.705+0800][6.202s][info][gc,task     ] GC(199) Using 2 workers of 18 for evacuation
[2026-06-17T10:02:09.710+0800][6.207s][info][gc,phases   ] GC(199)   Pre Evacuate Collection Set: 0.24ms
[2026-06-17T10:02:09.715+0800][6.212s][info][gc,phases   ] GC(199)   Merge Heap Roots: 0.13ms
[2026-06-17T10:02:09.719+0800][6.216s][info][gc,phases   ] GC(199)   Evacuate Collection Set: 0.61ms
[2026-06-17T10:02:09.726+0800][6.223s][info][gc,phases   ] GC(199)   Post Evacuate Collection Set: 0.31ms
[2026-06-17T10:02:09.730+0800][6.227s][info][gc,phases   ] GC(199)   Other: 3.96ms
[2026-06-17T10:02:09.730+0800][6.227s][info][gc,heap     ] GC(199) Eden regions: 17->0(12)
[2026-06-17T10:02:09.731+0800][6.228s][info][gc,heap     ] GC(199) Survivor regions: 3->3(3)
[2026-06-17T10:02:09.731+0800][6.228s][info][gc,heap     ] GC(199) Old regions: 20->23
[2026-06-17T10:02:09.731+0800][6.228s][info][gc,heap     ] GC(199) Humongous regions: 14->14
[2026-06-17T10:02:09.732+0800][6.229s][info][gc,metaspace] GC(199) Metaspace: 110K(320K)->110K(320K) NonClass: 103K(192K)->103K(192K) Class: 7K(128K)->7K(128K)
[2026-06-17T10:02:09.732+0800][6.229s][info][gc          ] GC(199) Pause Young (Mixed) (G1 Evacuation Pause) 53M->39M(64M) 31.899ms
[2026-06-17T10:02:09.732+0800][6.229s][info][gc,cpu      ] GC(199) User=0.00s Sys=0.00s Real=0.04s
[2026-06-17T10:02:09.764+0800][6.261s][info][gc,start    ] GC(200) Pause Young (Concurrent Start) (G1 Evacuation Pause)
[2026-06-17T10:02:09.765+0800][6.262s][info][gc,task     ] GC(200) Using 2 workers of 18 for evacuation
[2026-06-17T10:02:09.766+0800][6.263s][info][gc,phases   ] GC(200)   Pre Evacuate Collection Set: 0.22ms
[2026-06-17T10:02:09.767+0800][6.264s][info][gc,phases   ] GC(200)   Merge Heap Roots: 0.06ms
[2026-06-17T10:02:09.767+0800][6.264s][info][gc,phases   ] GC(200)   Evacuate Collection Set: 0.52ms
[2026-06-17T10:02:09.767+0800][6.264s][info][gc,phases   ] GC(200)   Post Evacuate Collection Set: 0.21ms
[2026-06-17T10:02:09.768+0800][6.265s][info][gc,phases   ] GC(200)   Other: 0.51ms
[2026-06-17T10:02:09.768+0800][6.265s][info][gc,heap     ] GC(200) Eden regions: 12->0(9)
[2026-06-17T10:02:09.769+0800][6.265s][info][gc,heap     ] GC(200) Survivor regions: 3->2(2)
[2026-06-17T10:02:09.769+0800][6.266s][info][gc,heap     ] GC(200) Old regions: 23->28
[2026-06-17T10:02:09.769+0800][6.266s][info][gc,heap     ] GC(200) Humongous regions: 14->14
[2026-06-17T10:02:09.769+0800][6.266s][info][gc,metaspace] GC(200) Metaspace: 110K(320K)->110K(320K) NonClass: 103K(192K)->103K(192K) Class: 7K(128K)->7K(128K)
[2026-06-17T10:02:09.770+0800][6.266s][info][gc          ] GC(200) Pause Young (Concurrent Start) (G1 Evacuation Pause) 51M->43M(64M) 5.314ms
[2026-06-17T10:02:09.770+0800][6.267s][info][gc,cpu      ] GC(200) User=0.00s Sys=0.00s Real=0.00s
[2026-06-17T10:02:09.770+0800][6.267s][info][gc          ] GC(201) Concurrent Mark Cycle
[2026-06-17T10:02:09.770+0800][6.267s][info][gc,marking  ] GC(201) Concurrent Scan Root Regions
[2026-06-17T10:02:09.771+0800][6.268s][info][gc,marking  ] GC(201) Concurrent Scan Root Regions 0.453ms
[2026-06-17T10:02:09.771+0800][6.268s][info][gc,marking  ] GC(201) Concurrent Mark
[2026-06-17T10:02:09.772+0800][6.269s][info][gc,marking  ] GC(201) Concurrent Mark From Roots
[2026-06-17T10:02:09.772+0800][6.269s][info][gc,task     ] GC(201) Using 5 workers of 5 for marking
[2026-06-17T10:02:09.774+0800][6.270s][info][gc,marking  ] GC(201) Concurrent Mark From Roots 1.872ms
[2026-06-17T10:02:09.776+0800][6.273s][info][gc,marking  ] GC(201) Concurrent Preclean
[2026-06-17T10:02:09.778+0800][6.275s][info][gc,marking  ] GC(201) Concurrent Preclean 1.421ms
[2026-06-17T10:02:09.780+0800][6.276s][info][gc,start    ] GC(201) Pause Remark
[2026-06-17T10:02:09.782+0800][6.279s][info][gc          ] GC(201) Pause Remark 45M->45M(64M) 2.468ms
[2026-06-17T10:02:09.784+0800][6.281s][info][gc,cpu      ] GC(201) User=0.00s Sys=0.00s Real=0.01s
[2026-06-17T10:02:09.786+0800][6.283s][info][gc,marking  ] GC(201) Concurrent Mark 14.366ms
[2026-06-17T10:02:09.788+0800][6.285s][info][gc,marking  ] GC(201) Concurrent Rebuild Remembered Sets and Scrub Regions
[2026-06-17T10:02:09.791+0800][6.288s][info][gc,marking  ] GC(201) Concurrent Rebuild Remembered Sets and Scrub Regions 3.044ms
[2026-06-17T10:02:09.793+0800][6.290s][info][gc,start    ] GC(201) Pause Cleanup
[2026-06-17T10:02:09.795+0800][6.292s][info][gc          ] GC(201) Pause Cleanup 49M->49M(64M) 2.152ms
[2026-06-17T10:02:09.800+0800][6.296s][info][gc,cpu      ] GC(201) User=0.00s Sys=0.00s Real=0.00s
[2026-06-17T10:02:09.804+0800][6.300s][info][gc,marking  ] GC(201) Concurrent Clear Claimed Marks
[2026-06-17T10:02:09.805+0800][6.302s][info][gc,marking  ] GC(201) Concurrent Clear Claimed Marks 1.812ms
[2026-06-17T10:02:09.807+0800][6.304s][info][gc,marking  ] GC(201) Concurrent Cleanup for Next Mark
[2026-06-17T10:02:09.804+0800][6.301s][info][gc,start    ] GC(202) Pause Young (Prepare Mixed) (G1 Evacuation Pause)
[2026-06-17T10:02:09.810+0800][6.307s][info][gc,task     ] GC(202) Using 2 workers of 18 for evacuation
[2026-06-17T10:02:09.811+0800][6.308s][info][gc,phases   ] GC(202)   Pre Evacuate Collection Set: 0.18ms
[2026-06-17T10:02:09.813+0800][6.310s][info][gc,phases   ] GC(202)   Merge Heap Roots: 0.08ms
[2026-06-17T10:02:09.816+0800][6.312s][info][gc,phases   ] GC(202)   Evacuate Collection Set: 0.52ms
[2026-06-17T10:02:09.819+0800][6.316s][info][gc,phases   ] GC(202)   Post Evacuate Collection Set: 0.23ms
[2026-06-17T10:02:09.821+0800][6.317s][info][gc,phases   ] GC(202)   Other: 0.31ms
[2026-06-17T10:02:09.821+0800][6.318s][info][gc,heap     ] GC(202) Eden regions: 9->0(6)
[2026-06-17T10:02:09.821+0800][6.318s][info][gc,heap     ] GC(202) Survivor regions: 2->2(2)
[2026-06-17T10:02:09.822+0800][6.319s][info][gc,heap     ] GC(202) Old regions: 28->33
[2026-06-17T10:02:09.822+0800][6.319s][info][gc,heap     ] GC(202) Humongous regions: 14->14
[2026-06-17T10:02:09.823+0800][6.319s][info][gc,metaspace] GC(202) Metaspace: 110K(320K)->110K(320K) NonClass: 103K(192K)->103K(192K) Class: 7K(128K)->7K(128K)
[2026-06-17T10:02:09.823+0800][6.320s][info][gc          ] GC(202) Pause Young (Prepare Mixed) (G1 Evacuation Pause) 52M->48M(64M) 18.935ms
[2026-06-17T10:02:09.823+0800][6.320s][info][gc,cpu      ] GC(202) User=0.00s Sys=0.00s Real=0.02s
[2026-06-17T10:02:09.823+0800][6.320s][info][gc,marking  ] GC(201) Concurrent Cleanup for Next Mark 15.743ms
[2026-06-17T10:02:09.823+0800][6.320s][info][gc          ] GC(201) Concurrent Mark Cycle 53.570ms
[2026-06-17T10:02:09.844+0800][6.341s][info][gc,start    ] GC(203) Pause Young (Mixed) (G1 Evacuation Pause)
[2026-06-17T10:02:09.845+0800][6.341s][info][gc,task     ] GC(203) Using 2 workers of 18 for evacuation
[2026-06-17T10:02:09.846+0800][6.343s][info][gc,phases   ] GC(203)   Pre Evacuate Collection Set: 0.14ms
[2026-06-17T10:02:09.846+0800][6.343s][info][gc,phases   ] GC(203)   Merge Heap Roots: 0.04ms
[2026-06-17T10:02:09.846+0800][6.343s][info][gc,phases   ] GC(203)   Evacuate Collection Set: 0.49ms
[2026-06-17T10:02:09.846+0800][6.343s][info][gc,phases   ] GC(203)   Post Evacuate Collection Set: 0.20ms
[2026-06-17T10:02:09.847+0800][6.343s][info][gc,phases   ] GC(203)   Other: 0.33ms
[2026-06-17T10:02:09.847+0800][6.344s][info][gc,heap     ] GC(203) Eden regions: 6->0(7)
[2026-06-17T10:02:09.847+0800][6.344s][info][gc,heap     ] GC(203) Survivor regions: 2->1(1)
[2026-06-17T10:02:09.847+0800][6.344s][info][gc,heap     ] GC(203) Old regions: 33->32
[2026-06-17T10:02:09.847+0800][6.344s][info][gc,heap     ] GC(203) Humongous regions: 14->14
[2026-06-17T10:02:09.847+0800][6.344s][info][gc,metaspace] GC(203) Metaspace: 110K(320K)->110K(320K) NonClass: 103K(192K)->103K(192K) Class: 7K(128K)->7K(128K)
[2026-06-17T10:02:09.848+0800][6.344s][info][gc          ] GC(203) Pause Young (Mixed) (G1 Evacuation Pause) 54M->46M(64M) 3.557ms
[2026-06-17T10:02:09.848+0800][6.345s][info][gc,cpu      ] GC(203) User=0.00s Sys=0.01s Real=0.00s
[2026-06-17T10:02:09.869+0800][6.366s][info][gc,start    ] GC(204) Pause Young (Concurrent Start) (G1 Evacuation Pause)
[2026-06-17T10:02:09.869+0800][6.366s][info][gc,task     ] GC(204) Using 2 workers of 18 for evacuation
[2026-06-17T10:02:09.870+0800][6.367s][info][gc,phases   ] GC(204)   Pre Evacuate Collection Set: 0.15ms
[2026-06-17T10:02:09.870+0800][6.367s][info][gc,phases   ] GC(204)   Merge Heap Roots: 0.04ms
[2026-06-17T10:02:09.870+0800][6.367s][info][gc,phases   ] GC(204)   Evacuate Collection Set: 0.15ms
[2026-06-17T10:02:09.870+0800][6.367s][info][gc,phases   ] GC(204)   Post Evacuate Collection Set: 0.17ms
[2026-06-17T10:02:09.870+0800][6.367s][info][gc,phases   ] GC(204)   Other: 0.28ms
[2026-06-17T10:02:09.870+0800][6.367s][info][gc,heap     ] GC(204) Eden regions: 7->0(7)
[2026-06-17T10:02:09.871+0800][6.367s][info][gc,heap     ] GC(204) Survivor regions: 1->1(1)
[2026-06-17T10:02:09.871+0800][6.368s][info][gc,heap     ] GC(204) Old regions: 32->33
[2026-06-17T10:02:09.871+0800][6.368s][info][gc,heap     ] GC(204) Humongous regions: 14->14
[2026-06-17T10:02:09.871+0800][6.368s][info][gc,metaspace] GC(204) Metaspace: 110K(320K)->110K(320K) NonClass: 103K(192K)->103K(192K) Class: 7K(128K)->7K(128K)
[2026-06-17T10:02:09.871+0800][6.368s][info][gc          ] GC(204) Pause Young (Concurrent Start) (G1 Evacuation Pause) 53M->46M(64M) 2.271ms
[2026-06-17T10:02:09.871+0800][6.368s][info][gc,cpu      ] GC(204) User=0.00s Sys=0.00s Real=0.01s
[2026-06-17T10:02:09.871+0800][6.368s][info][gc          ] GC(205) Concurrent Mark Cycle
[2026-06-17T10:02:09.871+0800][6.368s][info][gc,marking  ] GC(205) Concurrent Scan Root Regions
[2026-06-17T10:02:09.872+0800][6.368s][info][gc,marking  ] GC(205) Concurrent Scan Root Regions 0.215ms
[2026-06-17T10:02:09.872+0800][6.369s][info][gc,marking  ] GC(205) Concurrent Mark
[2026-06-17T10:02:09.872+0800][6.369s][info][gc,marking  ] GC(205) Concurrent Mark From Roots
[2026-06-17T10:02:09.872+0800][6.369s][info][gc,task     ] GC(205) Using 5 workers of 5 for marking
[2026-06-17T10:02:09.873+0800][6.370s][info][gc,marking  ] GC(205) Concurrent Mark From Roots 1.332ms
[2026-06-17T10:02:09.873+0800][6.370s][info][gc,marking  ] GC(205) Concurrent Preclean
[2026-06-17T10:02:09.873+0800][6.370s][info][gc,marking  ] GC(205) Concurrent Preclean 0.109ms
[2026-06-17T10:02:09.873+0800][6.370s][info][gc,start    ] GC(205) Pause Remark
[2026-06-17T10:02:09.874+0800][6.371s][info][gc          ] GC(205) Pause Remark 51M->45M(64M) 0.524ms
[2026-06-17T10:02:09.874+0800][6.371s][info][gc,cpu      ] GC(205) User=0.00s Sys=0.00s Real=0.00s
[2026-06-17T10:02:09.874+0800][6.371s][info][gc,marking  ] GC(205) Concurrent Mark 2.668ms
[2026-06-17T10:02:09.874+0800][6.371s][info][gc,marking  ] GC(205) Concurrent Rebuild Remembered Sets and Scrub Regions
[2026-06-17T10:02:09.875+0800][6.372s][info][gc,marking  ] GC(205) Concurrent Rebuild Remembered Sets and Scrub Regions 0.458ms
[2026-06-17T10:02:09.875+0800][6.372s][info][gc,start    ] GC(205) Pause Cleanup
[2026-06-17T10:02:09.875+0800][6.372s][info][gc          ] GC(205) Pause Cleanup 45M->45M(64M) 0.267ms
[2026-06-17T10:02:09.875+0800][6.372s][info][gc,cpu      ] GC(205) User=0.00s Sys=0.00s Real=0.00s
[2026-06-17T10:02:09.876+0800][6.372s][info][gc,marking  ] GC(205) Concurrent Clear Claimed Marks
[2026-06-17T10:02:09.876+0800][6.373s][info][gc,marking  ] GC(205) Concurrent Clear Claimed Marks 0.099ms
[2026-06-17T10:02:09.876+0800][6.373s][info][gc,marking  ] GC(205) Concurrent Cleanup for Next Mark
[2026-06-17T10:02:09.876+0800][6.373s][info][gc,marking  ] GC(205) Concurrent Cleanup for Next Mark 0.191ms
[2026-06-17T10:02:09.876+0800][6.373s][info][gc          ] GC(205) Concurrent Mark Cycle 4.922ms
[2026-06-17T10:02:09.882+0800][6.379s][info][gc,start    ] GC(206) Pause Young (Prepare Mixed) (G1 Evacuation Pause)
[2026-06-17T10:02:09.882+0800][6.379s][info][gc,task     ] GC(206) Using 2 workers of 18 for evacuation
[2026-06-17T10:02:09.883+0800][6.380s][info][gc,phases   ] GC(206)   Pre Evacuate Collection Set: 0.11ms
[2026-06-17T10:02:09.883+0800][6.380s][info][gc,phases   ] GC(206)   Merge Heap Roots: 0.05ms
[2026-06-17T10:02:09.883+0800][6.380s][info][gc,phases   ] GC(206)   Evacuate Collection Set: 0.29ms
[2026-06-17T10:02:09.884+0800][6.380s][info][gc,phases   ] GC(206)   Post Evacuate Collection Set: 0.18ms
[2026-06-17T10:02:09.884+0800][6.381s][info][gc,phases   ] GC(206)   Other: 0.18ms
[2026-06-17T10:02:09.884+0800][6.381s][info][gc,heap     ] GC(206) Eden regions: 7->0(9)
[2026-06-17T10:02:09.884+0800][6.381s][info][gc,heap     ] GC(206) Survivor regions: 1->1(1)
[2026-06-17T10:02:09.884+0800][6.381s][info][gc,heap     ] GC(206) Old regions: 27->30
[2026-06-17T10:02:09.884+0800][6.381s][info][gc,heap     ] GC(206) Humongous regions: 14->14
[2026-06-17T10:02:09.884+0800][6.381s][info][gc,metaspace] GC(206) Metaspace: 110K(320K)->110K(320K) NonClass: 103K(192K)->103K(192K) Class: 7K(128K)->7K(128K)
[2026-06-17T10:02:09.884+0800][6.381s][info][gc          ] GC(206) Pause Young (Prepare Mixed) (G1 Evacuation Pause) 47M->44M(64M) 2.291ms
[2026-06-17T10:02:09.884+0800][6.381s][info][gc,cpu      ] GC(206) User=0.00s Sys=0.00s Real=0.01s
[2026-06-17T10:02:09.906+0800][6.403s][info][gc,start    ] GC(207) Pause Young (Mixed) (G1 Evacuation Pause)
[2026-06-17T10:02:09.906+0800][6.403s][info][gc,task     ] GC(207) Using 2 workers of 18 for evacuation
[2026-06-17T10:02:09.907+0800][6.404s][info][gc,phases   ] GC(207)   Pre Evacuate Collection Set: 0.24ms
[2026-06-17T10:02:09.907+0800][6.404s][info][gc,phases   ] GC(207)   Merge Heap Roots: 0.08ms
[2026-06-17T10:02:09.908+0800][6.404s][info][gc,phases   ] GC(207)   Evacuate Collection Set: 0.25ms
[2026-06-17T10:02:09.908+0800][6.405s][info][gc,phases   ] GC(207)   Post Evacuate Collection Set: 0.20ms
[2026-06-17T10:02:09.908+0800][6.405s][info][gc,phases   ] GC(207)   Other: 0.27ms
[2026-06-17T10:02:09.908+0800][6.405s][info][gc,heap     ] GC(207) Eden regions: 9->0(12)
[2026-06-17T10:02:09.908+0800][6.405s][info][gc,heap     ] GC(207) Survivor regions: 1->1(2)
[2026-06-17T10:02:09.908+0800][6.405s][info][gc,heap     ] GC(207) Old regions: 30->25
[2026-06-17T10:02:09.908+0800][6.405s][info][gc,heap     ] GC(207) Humongous regions: 14->14
[2026-06-17T10:02:09.908+0800][6.405s][info][gc,metaspace] GC(207) Metaspace: 110K(320K)->110K(320K) NonClass: 103K(192K)->103K(192K) Class: 7K(128K)->7K(128K)
[2026-06-17T10:02:09.909+0800][6.405s][info][gc          ] GC(207) Pause Young (Mixed) (G1 Evacuation Pause) 53M->38M(64M) 2.715ms
[2026-06-17T10:02:09.909+0800][6.406s][info][gc,cpu      ] GC(207) User=0.00s Sys=0.00s Real=0.00s
[2026-06-17T10:02:09.941+0800][6.437s][info][gc,start    ] GC(208) Pause Young (Mixed) (G1 Evacuation Pause)
[2026-06-17T10:02:09.941+0800][6.438s][info][gc,task     ] GC(208) Using 2 workers of 18 for evacuation
[2026-06-17T10:02:09.942+0800][6.439s][info][gc,phases   ] GC(208)   Pre Evacuate Collection Set: 0.16ms
[2026-06-17T10:02:09.943+0800][6.440s][info][gc,phases   ] GC(208)   Merge Heap Roots: 0.06ms
[2026-06-17T10:02:09.943+0800][6.440s][info][gc,phases   ] GC(208)   Evacuate Collection Set: 0.42ms
[2026-06-17T10:02:09.943+0800][6.440s][info][gc,phases   ] GC(208)   Post Evacuate Collection Set: 0.20ms
[2026-06-17T10:02:09.943+0800][6.440s][info][gc,phases   ] GC(208)   Other: 0.58ms
[2026-06-17T10:02:09.943+0800][6.440s][info][gc,heap     ] GC(208) Eden regions: 12->0(12)
[2026-06-17T10:02:09.943+0800][6.440s][info][gc,heap     ] GC(208) Survivor regions: 1->2(2)
[2026-06-17T10:02:09.944+0800][6.440s][info][gc,heap     ] GC(208) Old regions: 25->23
[2026-06-17T10:02:09.944+0800][6.440s][info][gc,heap     ] GC(208) Humongous regions: 16->16
[2026-06-17T10:02:09.944+0800][6.441s][info][gc,metaspace] GC(208) Metaspace: 110K(320K)->110K(320K) NonClass: 103K(192K)->103K(192K) Class: 7K(128K)->7K(128K)
[2026-06-17T10:02:09.944+0800][6.441s][info][gc          ] GC(208) Pause Young (Mixed) (G1 Evacuation Pause) 52M->40M(64M) 3.166ms
[2026-06-17T10:02:09.944+0800][6.441s][info][gc,cpu      ] GC(208) User=0.00s Sys=0.00s Real=0.01s
[2026-06-17T10:02:09.976+0800][6.473s][info][gc,start    ] GC(209) Pause Young (Normal) (G1 Evacuation Pause)
[2026-06-17T10:02:09.976+0800][6.473s][info][gc,task     ] GC(209) Using 2 workers of 18 for evacuation
[2026-06-17T10:02:09.978+0800][6.475s][info][gc,phases   ] GC(209)   Pre Evacuate Collection Set: 0.21ms
[2026-06-17T10:02:09.978+0800][6.475s][info][gc,phases   ] GC(209)   Merge Heap Roots: 0.10ms
[2026-06-17T10:02:09.978+0800][6.475s][info][gc,phases   ] GC(209)   Evacuate Collection Set: 0.53ms
[2026-06-17T10:02:09.978+0800][6.475s][info][gc,phases   ] GC(209)   Post Evacuate Collection Set: 0.26ms
[2026-06-17T10:02:09.979+0800][6.476s][info][gc,phases   ] GC(209)   Other: 0.38ms
[2026-06-17T10:02:09.979+0800][6.476s][info][gc,heap     ] GC(209) Eden regions: 12->0(11)
[2026-06-17T10:02:09.979+0800][6.476s][info][gc,heap     ] GC(209) Survivor regions: 2->2(2)
[2026-06-17T10:02:09.979+0800][6.476s][info][gc,heap     ] GC(209) Old regions: 23->25
[2026-06-17T10:02:09.979+0800][6.476s][info][gc,heap     ] GC(209) Humongous regions: 16->16
[2026-06-17T10:02:09.979+0800][6.476s][info][gc,metaspace] GC(209) Metaspace: 110K(320K)->110K(320K) NonClass: 103K(192K)->103K(192K) Class: 7K(128K)->7K(128K)
[2026-06-17T10:02:09.980+0800][6.476s][info][gc          ] GC(209) Pause Young (Normal) (G1 Evacuation Pause) 52M->41M(64M) 3.780ms
[2026-06-17T10:02:09.980+0800][6.477s][info][gc,cpu      ] GC(209) User=0.00s Sys=0.00s Real=0.00s
[2026-06-17T10:02:10.011+0800][6.508s][info][gc,start    ] GC(210) Pause Young (Normal) (G1 Evacuation Pause)
[2026-06-17T10:02:10.012+0800][6.509s][info][gc,task     ] GC(210) Using 2 workers of 18 for evacuation
[2026-06-17T10:02:10.013+0800][6.510s][info][gc,phases   ] GC(210)   Pre Evacuate Collection Set: 0.15ms
[2026-06-17T10:02:10.013+0800][6.510s][info][gc,phases   ] GC(210)   Merge Heap Roots: 0.05ms
[2026-06-17T10:02:10.014+0800][6.511s][info][gc,phases   ] GC(210)   Evacuate Collection Set: 0.46ms
[2026-06-17T10:02:10.014+0800][6.511s][info][gc,phases   ] GC(210)   Post Evacuate Collection Set: 0.33ms
[2026-06-17T10:02:10.014+0800][6.511s][info][gc,phases   ] GC(210)   Other: 0.27ms
[2026-06-17T10:02:10.014+0800][6.511s][info][gc,heap     ] GC(210) Eden regions: 11->0(9)
[2026-06-17T10:02:10.015+0800][6.512s][info][gc,heap     ] GC(210) Survivor regions: 2->2(2)
[2026-06-17T10:02:10.015+0800][6.512s][info][gc,heap     ] GC(210) Old regions: 25->29
[2026-06-17T10:02:10.016+0800][6.513s][info][gc,heap     ] GC(210) Humongous regions: 16->16
[2026-06-17T10:02:10.016+0800][6.513s][info][gc,metaspace] GC(210) Metaspace: 110K(320K)->110K(320K) NonClass: 103K(192K)->103K(192K) Class: 7K(128K)->7K(128K)
[2026-06-17T10:02:10.017+0800][6.514s][info][gc          ] GC(210) Pause Young (Normal) (G1 Evacuation Pause) 52M->46M(64M) 5.407ms
[2026-06-17T10:02:10.017+0800][6.514s][info][gc,cpu      ] GC(210) User=0.00s Sys=0.01s Real=0.00s
[2026-06-17T10:02:10.039+0800][6.536s][info][gc,start    ] GC(211) Pause Young (Concurrent Start) (G1 Evacuation Pause)
[2026-06-17T10:02:10.039+0800][6.536s][info][gc,task     ] GC(211) Using 2 workers of 18 for evacuation
[2026-06-17T10:02:10.041+0800][6.538s][info][gc,phases   ] GC(211)   Pre Evacuate Collection Set: 0.14ms
[2026-06-17T10:02:10.041+0800][6.538s][info][gc,phases   ] GC(211)   Merge Heap Roots: 0.09ms
[2026-06-17T10:02:10.042+0800][6.539s][info][gc,phases   ] GC(211)   Evacuate Collection Set: 0.39ms
[2026-06-17T10:02:10.043+0800][6.539s][info][gc,phases   ] GC(211)   Post Evacuate Collection Set: 0.20ms
[2026-06-17T10:02:10.043+0800][6.540s][info][gc,phases   ] GC(211)   Other: 0.58ms
[2026-06-17T10:02:10.044+0800][6.541s][info][gc,heap     ] GC(211) Eden regions: 9->0(6)
[2026-06-17T10:02:10.045+0800][6.541s][info][gc,heap     ] GC(211) Survivor regions: 2->2(2)
[2026-06-17T10:02:10.045+0800][6.542s][info][gc,heap     ] GC(211) Old regions: 29->32
[2026-06-17T10:02:10.046+0800][6.542s][info][gc,heap     ] GC(211) Humongous regions: 16->16
[2026-06-17T10:02:10.046+0800][6.543s][info][gc,metaspace] GC(211) Metaspace: 110K(320K)->110K(320K) NonClass: 103K(192K)->103K(192K) Class: 7K(128K)->7K(128K)
[2026-06-17T10:02:10.046+0800][6.543s][info][gc          ] GC(211) Pause Young (Concurrent Start) (G1 Evacuation Pause) 55M->49M(64M) 7.579ms
[2026-06-17T10:02:10.047+0800][6.543s][info][gc,cpu      ] GC(211) User=0.00s Sys=0.00s Real=0.01s
[2026-06-17T10:02:10.047+0800][6.543s][info][gc          ] GC(212) Concurrent Mark Cycle
[2026-06-17T10:02:10.047+0800][6.544s][info][gc,marking  ] GC(212) Concurrent Scan Root Regions
[2026-06-17T10:02:10.048+0800][6.545s][info][gc,marking  ] GC(212) Concurrent Scan Root Regions 0.422ms
[2026-06-17T10:02:10.048+0800][6.545s][info][gc,marking  ] GC(212) Concurrent Mark
[2026-06-17T10:02:10.049+0800][6.545s][info][gc,marking  ] GC(212) Concurrent Mark From Roots
[2026-06-17T10:02:10.049+0800][6.546s][info][gc,task     ] GC(212) Using 5 workers of 5 for marking
[2026-06-17T10:02:10.050+0800][6.547s][info][gc,marking  ] GC(212) Concurrent Mark From Roots 1.949ms
[2026-06-17T10:02:10.051+0800][6.548s][info][gc,marking  ] GC(212) Concurrent Preclean
[2026-06-17T10:02:10.051+0800][6.548s][info][gc,marking  ] GC(212) Concurrent Preclean 0.355ms
[2026-06-17T10:02:10.052+0800][6.548s][info][gc,start    ] GC(212) Pause Remark
[2026-06-17T10:02:10.052+0800][6.549s][info][gc          ] GC(212) Pause Remark 50M->42M(64M) 0.820ms
[2026-06-17T10:02:10.053+0800][6.550s][info][gc,cpu      ] GC(212) User=0.00s Sys=0.00s Real=0.00s
[2026-06-17T10:02:10.053+0800][6.550s][info][gc,marking  ] GC(212) Concurrent Mark 4.900ms
[2026-06-17T10:02:10.053+0800][6.550s][info][gc,marking  ] GC(212) Concurrent Rebuild Remembered Sets and Scrub Regions
[2026-06-17T10:02:10.054+0800][6.551s][info][gc,marking  ] GC(212) Concurrent Rebuild Remembered Sets and Scrub Regions 0.763ms
[2026-06-17T10:02:10.055+0800][6.551s][info][gc,start    ] GC(212) Pause Cleanup
[2026-06-17T10:02:10.055+0800][6.552s][info][gc          ] GC(212) Pause Cleanup 42M->42M(64M) 0.458ms
[2026-06-17T10:02:10.055+0800][6.552s][info][gc,cpu      ] GC(212) User=0.00s Sys=0.00s Real=0.00s
[2026-06-17T10:02:10.056+0800][6.553s][info][gc,marking  ] GC(212) Concurrent Clear Claimed Marks
[2026-06-17T10:02:10.056+0800][6.553s][info][gc,marking  ] GC(212) Concurrent Clear Claimed Marks 0.432ms
[2026-06-17T10:02:10.057+0800][6.553s][info][gc,marking  ] GC(212) Concurrent Cleanup for Next Mark
[2026-06-17T10:02:10.057+0800][6.554s][info][gc,marking  ] GC(212) Concurrent Cleanup for Next Mark 0.488ms
[2026-06-17T10:02:10.057+0800][6.554s][info][gc          ] GC(212) Concurrent Mark Cycle 10.752ms
[2026-06-17T10:02:10.058+0800][6.554s][info][gc,start    ] GC(213) Pause Young (Prepare Mixed) (G1 Evacuation Pause)
[2026-06-17T10:02:10.058+0800][6.555s][info][gc,task     ] GC(213) Using 2 workers of 18 for evacuation
[2026-06-17T10:02:10.059+0800][6.556s][info][gc,phases   ] GC(213)   Pre Evacuate Collection Set: 0.09ms
[2026-06-17T10:02:10.059+0800][6.556s][info][gc,phases   ] GC(213)   Merge Heap Roots: 0.04ms
[2026-06-17T10:02:10.060+0800][6.556s][info][gc,phases   ] GC(213)   Evacuate Collection Set: 0.22ms
[2026-06-17T10:02:10.060+0800][6.557s][info][gc,phases   ] GC(213)   Post Evacuate Collection Set: 0.15ms
[2026-06-17T10:02:10.060+0800][6.557s][info][gc,phases   ] GC(213)   Other: 0.37ms
[2026-06-17T10:02:10.060+0800][6.557s][info][gc,heap     ] GC(213) Eden regions: 6->0(11)
[2026-06-17T10:02:10.061+0800][6.557s][info][gc,heap     ] GC(213) Survivor regions: 2->1(1)
[2026-06-17T10:02:10.061+0800][6.558s][info][gc,heap     ] GC(213) Old regions: 24->26
[2026-06-17T10:02:10.061+0800][6.558s][info][gc,heap     ] GC(213) Humongous regions: 16->16
[2026-06-17T10:02:10.061+0800][6.558s][info][gc,metaspace] GC(213) Metaspace: 110K(320K)->110K(320K) NonClass: 103K(192K)->103K(192K) Class: 7K(128K)->7K(128K)
[2026-06-17T10:02:10.062+0800][6.558s][info][gc          ] GC(213) Pause Young (Prepare Mixed) (G1 Evacuation Pause) 47M->42M(64M) 3.933ms
[2026-06-17T10:02:10.062+0800][6.559s][info][gc,cpu      ] GC(213) User=0.00s Sys=0.00s Real=0.00s
[2026-06-17T10:02:10.094+0800][6.591s][info][gc,start    ] GC(214) Pause Young (Mixed) (G1 Evacuation Pause)
[2026-06-17T10:02:10.095+0800][6.591s][info][gc,task     ] GC(214) Using 2 workers of 18 for evacuation
[2026-06-17T10:02:10.096+0800][6.593s][info][gc,phases   ] GC(214)   Pre Evacuate Collection Set: 0.20ms
[2026-06-17T10:02:10.097+0800][6.594s][info][gc,phases   ] GC(214)   Merge Heap Roots: 0.08ms
[2026-06-17T10:02:10.098+0800][6.595s][info][gc,phases   ] GC(214)   Evacuate Collection Set: 0.42ms
[2026-06-17T10:02:10.098+0800][6.595s][info][gc,phases   ] GC(214)   Post Evacuate Collection Set: 0.29ms
[2026-06-17T10:02:10.100+0800][6.597s][info][gc,phases   ] GC(214)   Other: 0.60ms
[2026-06-17T10:02:10.100+0800][6.597s][info][gc,heap     ] GC(214) Eden regions: 11->0(13)
[2026-06-17T10:02:10.101+0800][6.598s][info][gc,heap     ] GC(214) Survivor regions: 1->2(2)
[2026-06-17T10:02:10.102+0800][6.599s][info][gc,heap     ] GC(214) Old regions: 26->22
[2026-06-17T10:02:10.102+0800][6.599s][info][gc,heap     ] GC(214) Humongous regions: 16->16
[2026-06-17T10:02:10.103+0800][6.600s][info][gc,metaspace] GC(214) Metaspace: 110K(320K)->110K(320K) NonClass: 103K(192K)->103K(192K) Class: 7K(128K)->7K(128K)
[2026-06-17T10:02:10.103+0800][6.600s][info][gc          ] GC(214) Pause Young (Mixed) (G1 Evacuation Pause) 53M->39M(64M) 9.585ms
[2026-06-17T10:02:10.104+0800][6.601s][info][gc,cpu      ] GC(214) User=0.00s Sys=0.00s Real=0.01s
[2026-06-17T10:02:10.136+0800][6.633s][info][gc,start    ] GC(215) Pause Young (Mixed) (G1 Evacuation Pause)
[2026-06-17T10:02:10.136+0800][6.633s][info][gc,task     ] GC(215) Using 2 workers of 18 for evacuation
[2026-06-17T10:02:10.137+0800][6.634s][info][gc,phases   ] GC(215)   Pre Evacuate Collection Set: 0.16ms
[2026-06-17T10:02:10.138+0800][6.635s][info][gc,phases   ] GC(215)   Merge Heap Roots: 0.05ms
[2026-06-17T10:02:10.138+0800][6.635s][info][gc,phases   ] GC(215)   Evacuate Collection Set: 0.48ms
[2026-06-17T10:02:10.138+0800][6.635s][info][gc,phases   ] GC(215)   Post Evacuate Collection Set: 0.28ms
[2026-06-17T10:02:10.138+0800][6.635s][info][gc,phases   ] GC(215)   Other: 0.18ms
[2026-06-17T10:02:10.139+0800][6.635s][info][gc,heap     ] GC(215) Eden regions: 13->0(12)
[2026-06-17T10:02:10.139+0800][6.636s][info][gc,heap     ] GC(215) Survivor regions: 2->2(2)
[2026-06-17T10:02:10.139+0800][6.636s][info][gc,heap     ] GC(215) Old regions: 22->24
[2026-06-17T10:02:10.139+0800][6.636s][info][gc,heap     ] GC(215) Humongous regions: 16->16
[2026-06-17T10:02:10.139+0800][6.636s][info][gc,metaspace] GC(215) Metaspace: 110K(320K)->110K(320K) NonClass: 103K(192K)->103K(192K) Class: 7K(128K)->7K(128K)
[2026-06-17T10:02:10.139+0800][6.636s][info][gc          ] GC(215) Pause Young (Mixed) (G1 Evacuation Pause) 52M->41M(64M) 3.341ms
[2026-06-17T10:02:10.139+0800][6.636s][info][gc,cpu      ] GC(215) User=0.00s Sys=0.00s Real=0.00s
[2026-06-17T10:02:10.150+0800][6.647s][info][gc,start    ] GC(216) Pause Young (Concurrent Start) (G1 Humongous Allocation)
[2026-06-17T10:02:10.151+0800][6.648s][info][gc,task     ] GC(216) Using 2 workers of 18 for evacuation
[2026-06-17T10:02:10.152+0800][6.649s][info][gc,phases   ] GC(216)   Pre Evacuate Collection Set: 0.16ms
[2026-06-17T10:02:10.152+0800][6.649s][info][gc,phases   ] GC(216)   Merge Heap Roots: 0.05ms
[2026-06-17T10:02:10.152+0800][6.649s][info][gc,phases   ] GC(216)   Evacuate Collection Set: 0.27ms
[2026-06-17T10:02:10.152+0800][6.649s][info][gc,phases   ] GC(216)   Post Evacuate Collection Set: 0.21ms
[2026-06-17T10:02:10.152+0800][6.649s][info][gc,phases   ] GC(216)   Other: 0.32ms
[2026-06-17T10:02:10.153+0800][6.649s][info][gc,heap     ] GC(216) Eden regions: 5->0(9)
[2026-06-17T10:02:10.153+0800][6.650s][info][gc,heap     ] GC(216) Survivor regions: 2->2(2)
[2026-06-17T10:02:10.153+0800][6.650s][info][gc,heap     ] GC(216) Old regions: 24->25
[2026-06-17T10:02:10.153+0800][6.650s][info][gc,heap     ] GC(216) Humongous regions: 16->16
[2026-06-17T10:02:10.153+0800][6.650s][info][gc,metaspace] GC(216) Metaspace: 110K(320K)->110K(320K) NonClass: 103K(192K)->103K(192K) Class: 7K(128K)->7K(128K)
[2026-06-17T10:02:10.154+0800][6.650s][info][gc          ] GC(216) Pause Young (Concurrent Start) (G1 Humongous Allocation) 45M->42M(64M) 3.508ms
[2026-06-17T10:02:10.154+0800][6.651s][info][gc,cpu      ] GC(216) User=0.01s Sys=0.00s Real=0.01s
[2026-06-17T10:02:10.154+0800][6.651s][info][gc          ] GC(217) Concurrent Undo Cycle
[2026-06-17T10:02:10.154+0800][6.651s][info][gc,marking  ] GC(217) Concurrent Clear Claimed Marks
[2026-06-17T10:02:10.154+0800][6.651s][info][gc,marking  ] GC(217) Concurrent Clear Claimed Marks 0.132ms
[2026-06-17T10:02:10.154+0800][6.651s][info][gc,marking  ] GC(217) Concurrent Cleanup for Next Mark
[2026-06-17T10:02:10.154+0800][6.651s][info][gc,marking  ] GC(217) Concurrent Cleanup for Next Mark 0.131ms
[2026-06-17T10:02:10.154+0800][6.651s][info][gc          ] GC(217) Concurrent Undo Cycle 0.719ms
[2026-06-17T10:02:10.186+0800][6.682s][info][gc,start    ] GC(218) Pause Young (Normal) (G1 Evacuation Pause)
[2026-06-17T10:02:10.186+0800][6.683s][info][gc,task     ] GC(218) Using 2 workers of 18 for evacuation
[2026-06-17T10:02:10.187+0800][6.684s][info][gc,phases   ] GC(218)   Pre Evacuate Collection Set: 0.19ms
[2026-06-17T10:02:10.187+0800][6.684s][info][gc,phases   ] GC(218)   Merge Heap Roots: 0.07ms
[2026-06-17T10:02:10.188+0800][6.685s][info][gc,phases   ] GC(218)   Evacuate Collection Set: 0.29ms
[2026-06-17T10:02:10.188+0800][6.685s][info][gc,phases   ] GC(218)   Post Evacuate Collection Set: 0.30ms
[2026-06-17T10:02:10.188+0800][6.685s][info][gc,phases   ] GC(218)   Other: 0.26ms
[2026-06-17T10:02:10.188+0800][6.685s][info][gc,heap     ] GC(218) Eden regions: 9->0(8)
[2026-06-17T10:02:10.189+0800][6.686s][info][gc,heap     ] GC(218) Survivor regions: 2->2(2)
[2026-06-17T10:02:10.189+0800][6.686s][info][gc,heap     ] GC(218) Old regions: 25->27
[2026-06-17T10:02:10.189+0800][6.686s][info][gc,heap     ] GC(218) Humongous regions: 18->18
[2026-06-17T10:02:10.189+0800][6.686s][info][gc,metaspace] GC(218) Metaspace: 110K(320K)->110K(320K) NonClass: 103K(192K)->103K(192K) Class: 7K(128K)->7K(128K)
[2026-06-17T10:02:10.190+0800][6.686s][info][gc          ] GC(218) Pause Young (Normal) (G1 Evacuation Pause) 53M->46M(64M) 4.128ms
[2026-06-17T10:02:10.190+0800][6.687s][info][gc,cpu      ] GC(218) User=0.00s Sys=0.00s Real=0.00s
[2026-06-17T10:02:10.211+0800][6.708s][info][gc,start    ] GC(219) Pause Young (Concurrent Start) (G1 Evacuation Pause)
[2026-06-17T10:02:10.211+0800][6.708s][info][gc,task     ] GC(219) Using 2 workers of 18 for evacuation
[2026-06-17T10:02:10.213+0800][6.710s][info][gc,phases   ] GC(219)   Pre Evacuate Collection Set: 0.18ms
[2026-06-17T10:02:10.213+0800][6.710s][info][gc,phases   ] GC(219)   Merge Heap Roots: 0.05ms
[2026-06-17T10:02:10.213+0800][6.710s][info][gc,phases   ] GC(219)   Evacuate Collection Set: 0.27ms
[2026-06-17T10:02:10.214+0800][6.711s][info][gc,phases   ] GC(219)   Post Evacuate Collection Set: 0.19ms
[2026-06-17T10:02:10.214+0800][6.711s][info][gc,phases   ] GC(219)   Other: 0.53ms
[2026-06-17T10:02:10.214+0800][6.711s][info][gc,heap     ] GC(219) Eden regions: 8->0(8)
[2026-06-17T10:02:10.214+0800][6.711s][info][gc,heap     ] GC(219) Survivor regions: 2->2(2)
[2026-06-17T10:02:10.214+0800][6.711s][info][gc,heap     ] GC(219) Old regions: 27->28
[2026-06-17T10:02:10.214+0800][6.711s][info][gc,heap     ] GC(219) Humongous regions: 18->18
[2026-06-17T10:02:10.215+0800][6.712s][info][gc,metaspace] GC(219) Metaspace: 110K(320K)->110K(320K) NonClass: 103K(192K)->103K(192K) Class: 7K(128K)->7K(128K)
[2026-06-17T10:02:10.215+0800][6.712s][info][gc          ] GC(219) Pause Young (Concurrent Start) (G1 Evacuation Pause) 54M->47M(64M) 3.847ms
[2026-06-17T10:02:10.215+0800][6.712s][info][gc,cpu      ] GC(219) User=0.00s Sys=0.00s Real=0.00s
[2026-06-17T10:02:10.215+0800][6.712s][info][gc          ] GC(220) Concurrent Mark Cycle
[2026-06-17T10:02:10.215+0800][6.712s][info][gc,marking  ] GC(220) Concurrent Scan Root Regions
[2026-06-17T10:02:10.216+0800][6.712s][info][gc,marking  ] GC(220) Concurrent Scan Root Regions 0.214ms
[2026-06-17T10:02:10.216+0800][6.713s][info][gc,marking  ] GC(220) Concurrent Mark
[2026-06-17T10:02:10.216+0800][6.713s][info][gc,marking  ] GC(220) Concurrent Mark From Roots
[2026-06-17T10:02:10.216+0800][6.713s][info][gc,task     ] GC(220) Using 5 workers of 5 for marking
[2026-06-17T10:02:10.217+0800][6.714s][info][gc,marking  ] GC(220) Concurrent Mark From Roots 1.296ms
[2026-06-17T10:02:10.217+0800][6.714s][info][gc,marking  ] GC(220) Concurrent Preclean
[2026-06-17T10:02:10.217+0800][6.714s][info][gc,marking  ] GC(220) Concurrent Preclean 0.101ms
[2026-06-17T10:02:10.218+0800][6.714s][info][gc,start    ] GC(220) Pause Remark
[2026-06-17T10:02:10.218+0800][6.715s][info][gc          ] GC(220) Pause Remark 51M->41M(64M) 0.448ms
[2026-06-17T10:02:10.218+0800][6.715s][info][gc,cpu      ] GC(220) User=0.00s Sys=0.00s Real=0.00s
[2026-06-17T10:02:10.218+0800][6.715s][info][gc,marking  ] GC(220) Concurrent Mark 2.470ms
[2026-06-17T10:02:10.218+0800][6.715s][info][gc,marking  ] GC(220) Concurrent Rebuild Remembered Sets and Scrub Regions
[2026-06-17T10:02:10.219+0800][6.716s][info][gc,marking  ] GC(220) Concurrent Rebuild Remembered Sets and Scrub Regions 0.409ms
[2026-06-17T10:02:10.219+0800][6.716s][info][gc,start    ] GC(220) Pause Cleanup
[2026-06-17T10:02:10.220+0800][6.717s][info][gc          ] GC(220) Pause Cleanup 41M->41M(64M) 1.042ms
[2026-06-17T10:02:10.220+0800][6.717s][info][gc,cpu      ] GC(220) User=0.00s Sys=0.00s Real=0.00s
[2026-06-17T10:02:10.220+0800][6.717s][info][gc,marking  ] GC(220) Concurrent Clear Claimed Marks
[2026-06-17T10:02:10.220+0800][6.717s][info][gc,marking  ] GC(220) Concurrent Clear Claimed Marks 0.079ms
[2026-06-17T10:02:10.220+0800][6.717s][info][gc,marking  ] GC(220) Concurrent Cleanup for Next Mark
[2026-06-17T10:02:10.220+0800][6.717s][info][gc,marking  ] GC(220) Concurrent Cleanup for Next Mark 0.184ms
[2026-06-17T10:02:10.221+0800][6.717s][info][gc          ] GC(220) Concurrent Mark Cycle 5.545ms
[2026-06-17T10:02:10.236+0800][6.733s][info][gc,start    ] GC(221) Pause Young (Prepare Mixed) (G1 Evacuation Pause)
[2026-06-17T10:02:10.236+0800][6.733s][info][gc,task     ] GC(221) Using 2 workers of 18 for evacuation
[2026-06-17T10:02:10.237+0800][6.734s][info][gc,phases   ] GC(221)   Pre Evacuate Collection Set: 0.10ms
[2026-06-17T10:02:10.238+0800][6.735s][info][gc,phases   ] GC(221)   Merge Heap Roots: 0.05ms
[2026-06-17T10:02:10.238+0800][6.735s][info][gc,phases   ] GC(221)   Evacuate Collection Set: 0.25ms
[2026-06-17T10:02:10.238+0800][6.735s][info][gc,phases   ] GC(221)   Post Evacuate Collection Set: 0.25ms
[2026-06-17T10:02:10.239+0800][6.735s][info][gc,phases   ] GC(221)   Other: 0.18ms
[2026-06-17T10:02:10.239+0800][6.736s][info][gc,heap     ] GC(221) Eden regions: 8->0(12)
[2026-06-17T10:02:10.239+0800][6.736s][info][gc,heap     ] GC(221) Survivor regions: 2->2(2)
[2026-06-17T10:02:10.239+0800][6.736s][info][gc,heap     ] GC(221) Old regions: 18->20
[2026-06-17T10:02:10.239+0800][6.736s][info][gc,heap     ] GC(221) Humongous regions: 18->18
[2026-06-17T10:02:10.239+0800][6.736s][info][gc,metaspace] GC(221) Metaspace: 110K(320K)->110K(320K) NonClass: 103K(192K)->103K(192K) Class: 7K(128K)->7K(128K)
[2026-06-17T10:02:10.239+0800][6.736s][info][gc          ] GC(221) Pause Young (Prepare Mixed) (G1 Evacuation Pause) 45M->39M(64M) 3.101ms
[2026-06-17T10:02:10.239+0800][6.736s][info][gc,cpu      ] GC(221) User=0.00s Sys=0.00s Real=0.00s
[2026-06-17T10:02:10.271+0800][6.768s][info][gc,start    ] GC(222) Pause Young (Mixed) (G1 Evacuation Pause)
[2026-06-17T10:02:10.272+0800][6.769s][info][gc,task     ] GC(222) Using 2 workers of 18 for evacuation
[2026-06-17T10:02:10.275+0800][6.772s][info][gc,phases   ] GC(222)   Pre Evacuate Collection Set: 0.19ms
[2026-06-17T10:02:10.277+0800][6.774s][info][gc,phases   ] GC(222)   Merge Heap Roots: 0.10ms
[2026-06-17T10:02:10.277+0800][6.774s][info][gc,phases   ] GC(222)   Evacuate Collection Set: 0.47ms
[2026-06-17T10:02:10.278+0800][6.775s][info][gc,phases   ] GC(222)   Post Evacuate Collection Set: 0.29ms
[2026-06-17T10:02:10.278+0800][6.775s][info][gc,phases   ] GC(222)   Other: 1.99ms
[2026-06-17T10:02:10.278+0800][6.775s][info][gc,heap     ] GC(222) Eden regions: 12->0(13)
[2026-06-17T10:02:10.279+0800][6.775s][info][gc,heap     ] GC(222) Survivor regions: 2->2(2)
[2026-06-17T10:02:10.279+0800][6.776s][info][gc,heap     ] GC(222) Old regions: 20->19
[2026-06-17T10:02:10.279+0800][6.776s][info][gc,heap     ] GC(222) Humongous regions: 18->18
[2026-06-17T10:02:10.279+0800][6.776s][info][gc,metaspace] GC(222) Metaspace: 110K(320K)->110K(320K) NonClass: 103K(192K)->103K(192K) Class: 7K(128K)->7K(128K)
[2026-06-17T10:02:10.279+0800][6.776s][info][gc          ] GC(222) Pause Young (Mixed) (G1 Evacuation Pause) 51M->38M(64M) 8.115ms
[2026-06-17T10:02:10.279+0800][6.776s][info][gc,cpu      ] GC(222) User=0.01s Sys=0.00s Real=0.00s
[2026-06-17T10:02:10.311+0800][6.808s][info][gc,start    ] GC(223) Pause Young (Normal) (G1 Evacuation Pause)
[2026-06-17T10:02:10.311+0800][6.808s][info][gc,task     ] GC(223) Using 2 workers of 18 for evacuation
[2026-06-17T10:02:10.313+0800][6.810s][info][gc,phases   ] GC(223)   Pre Evacuate Collection Set: 0.28ms
[2026-06-17T10:02:10.319+0800][6.816s][info][gc,phases   ] GC(223)   Merge Heap Roots: 0.08ms
[2026-06-17T10:02:10.321+0800][6.818s][info][gc,phases   ] GC(223)   Evacuate Collection Set: 0.40ms
[2026-06-17T10:02:10.326+0800][6.823s][info][gc,phases   ] GC(223)   Post Evacuate Collection Set: 0.44ms
[2026-06-17T10:02:10.327+0800][6.824s][info][gc,phases   ] GC(223)   Other: 0.38ms
[2026-06-17T10:02:10.327+0800][6.824s][info][gc,heap     ] GC(223) Eden regions: 13->0(12)
[2026-06-17T10:02:10.327+0800][6.824s][info][gc,heap     ] GC(223) Survivor regions: 2->2(2)
[2026-06-17T10:02:10.329+0800][6.825s][info][gc,heap     ] GC(223) Old regions: 19->21
[2026-06-17T10:02:10.332+0800][6.828s][info][gc,heap     ] GC(223) Humongous regions: 18->18
[2026-06-17T10:02:10.332+0800][6.829s][info][gc,metaspace] GC(223) Metaspace: 110K(320K)->110K(320K) NonClass: 103K(192K)->103K(192K) Class: 7K(128K)->7K(128K)
[2026-06-17T10:02:10.333+0800][6.830s][info][gc          ] GC(223) Pause Young (Normal) (G1 Evacuation Pause) 51M->40M(64M) 21.967ms
[2026-06-17T10:02:10.334+0800][6.831s][info][gc,cpu      ] GC(223) User=0.00s Sys=0.00s Real=0.02s
[2026-06-17T10:02:10.368+0800][6.865s][info][gc,start    ] GC(224) Pause Young (Concurrent Start) (G1 Evacuation Pause)
[2026-06-17T10:02:10.377+0800][6.874s][info][gc,task     ] GC(224) Using 2 workers of 18 for evacuation
[2026-06-17T10:02:10.380+0800][6.877s][info][gc,phases   ] GC(224)   Pre Evacuate Collection Set: 0.25ms
[2026-06-17T10:02:10.383+0800][6.880s][info][gc,phases   ] GC(224)   Merge Heap Roots: 0.10ms
[2026-06-17T10:02:10.384+0800][6.881s][info][gc,phases   ] GC(224)   Evacuate Collection Set: 0.47ms
[2026-06-17T10:02:10.387+0800][6.884s][info][gc,phases   ] GC(224)   Post Evacuate Collection Set: 0.37ms
[2026-06-17T10:02:10.390+0800][6.886s][info][gc,phases   ] GC(224)   Other: 2.02ms
[2026-06-17T10:02:10.390+0800][6.887s][info][gc,heap     ] GC(224) Eden regions: 12->0(10)
[2026-06-17T10:02:10.395+0800][6.892s][info][gc,heap     ] GC(224) Survivor regions: 2->2(2)
[2026-06-17T10:02:10.402+0800][6.899s][info][gc,heap     ] GC(224) Old regions: 21->24
[2026-06-17T10:02:10.403+0800][6.900s][info][gc,heap     ] GC(224) Humongous regions: 18->18
[2026-06-17T10:02:10.404+0800][6.900s][info][gc,metaspace] GC(224) Metaspace: 110K(320K)->110K(320K) NonClass: 103K(192K)->103K(192K) Class: 7K(128K)->7K(128K)
[2026-06-17T10:02:10.404+0800][6.901s][info][gc          ] GC(224) Pause Young (Concurrent Start) (G1 Evacuation Pause) 52M->43M(64M) 35.754ms
[2026-06-17T10:02:10.406+0800][6.903s][info][gc,cpu      ] GC(224) User=0.00s Sys=0.00s Real=0.04s
[2026-06-17T10:02:10.406+0800][6.903s][info][gc          ] GC(225) Concurrent Mark Cycle
[2026-06-17T10:02:10.408+0800][6.905s][info][gc,marking  ] GC(225) Concurrent Scan Root Regions
[2026-06-17T10:02:10.410+0800][6.907s][info][gc,marking  ] GC(225) Concurrent Scan Root Regions 1.336ms
[2026-06-17T10:02:10.411+0800][6.908s][info][gc,marking  ] GC(225) Concurrent Mark
[2026-06-17T10:02:10.414+0800][6.910s][info][gc,marking  ] GC(225) Concurrent Mark From Roots
[2026-06-17T10:02:10.414+0800][6.911s][info][gc,task     ] GC(225) Using 5 workers of 5 for marking
[2026-06-17T10:02:10.418+0800][6.915s][info][gc,marking  ] GC(225) Concurrent Mark From Roots 4.666ms
[2026-06-17T10:02:10.420+0800][6.917s][info][gc,marking  ] GC(225) Concurrent Preclean
[2026-06-17T10:02:10.420+0800][6.917s][info][gc,marking  ] GC(225) Concurrent Preclean 0.669ms
[2026-06-17T10:02:10.421+0800][6.918s][info][gc,start    ] GC(225) Pause Remark
[2026-06-17T10:02:10.423+0800][6.920s][info][gc          ] GC(225) Pause Remark 52M->52M(64M) 1.392ms
[2026-06-17T10:02:10.423+0800][6.920s][info][gc,cpu      ] GC(225) User=0.00s Sys=0.00s Real=0.01s
[2026-06-17T10:02:10.424+0800][6.921s][info][gc,marking  ] GC(225) Concurrent Mark 12.704ms
[2026-06-17T10:02:10.425+0800][6.922s][info][gc,marking  ] GC(225) Concurrent Rebuild Remembered Sets and Scrub Regions
[2026-06-17T10:02:10.426+0800][6.923s][info][gc,marking  ] GC(225) Concurrent Rebuild Remembered Sets and Scrub Regions 1.304ms
[2026-06-17T10:02:10.427+0800][6.924s][info][gc,start    ] GC(225) Pause Cleanup
[2026-06-17T10:02:10.428+0800][6.925s][info][gc          ] GC(225) Pause Cleanup 52M->52M(64M) 0.753ms
[2026-06-17T10:02:10.429+0800][6.926s][info][gc,cpu      ] GC(225) User=0.00s Sys=0.00s Real=0.00s
[2026-06-17T10:02:10.430+0800][6.927s][info][gc,marking  ] GC(225) Concurrent Clear Claimed Marks
[2026-06-17T10:02:10.432+0800][6.929s][info][gc,marking  ] GC(225) Concurrent Clear Claimed Marks 1.715ms
[2026-06-17T10:02:10.432+0800][6.929s][info][gc,marking  ] GC(225) Concurrent Cleanup for Next Mark
[2026-06-17T10:02:10.430+0800][6.927s][info][gc,start    ] GC(226) Pause Young (Prepare Mixed) (G1 Evacuation Pause)
[2026-06-17T10:02:10.433+0800][6.930s][info][gc,task     ] GC(226) Using 2 workers of 18 for evacuation
[2026-06-17T10:02:10.434+0800][6.931s][info][gc,phases   ] GC(226)   Pre Evacuate Collection Set: 0.13ms
[2026-06-17T10:02:10.434+0800][6.931s][info][gc,phases   ] GC(226)   Merge Heap Roots: 0.05ms
[2026-06-17T10:02:10.435+0800][6.931s][info][gc,phases   ] GC(226)   Evacuate Collection Set: 0.46ms
[2026-06-17T10:02:10.435+0800][6.932s][info][gc,phases   ] GC(226)   Post Evacuate Collection Set: 0.21ms
[2026-06-17T10:02:10.435+0800][6.932s][info][gc,phases   ] GC(226)   Other: 0.30ms
[2026-06-17T10:02:10.435+0800][6.932s][info][gc,heap     ] GC(226) Eden regions: 10->0(9)
[2026-06-17T10:02:10.437+0800][6.934s][info][gc,heap     ] GC(226) Survivor regions: 2->2(2)
[2026-06-17T10:02:10.438+0800][6.935s][info][gc,heap     ] GC(226) Old regions: 24->29
[2026-06-17T10:02:10.438+0800][6.935s][info][gc,heap     ] GC(226) Humongous regions: 20->12
[2026-06-17T10:02:10.439+0800][6.935s][info][gc,metaspace] GC(226) Metaspace: 110K(320K)->110K(320K) NonClass: 103K(192K)->103K(192K) Class: 7K(128K)->7K(128K)
[2026-06-17T10:02:10.439+0800][6.936s][info][gc          ] GC(226) Pause Young (Prepare Mixed) (G1 Evacuation Pause) 55M->42M(64M) 9.027ms
[2026-06-17T10:02:10.440+0800][6.937s][info][gc,cpu      ] GC(226) User=0.00s Sys=0.00s Real=0.01s
[2026-06-17T10:02:10.440+0800][6.937s][info][gc,marking  ] GC(225) Concurrent Cleanup for Next Mark 8.397ms
[2026-06-17T10:02:10.441+0800][6.937s][info][gc          ] GC(225) Concurrent Mark Cycle 34.840ms
[2026-06-17T10:02:10.472+0800][6.969s][info][gc,start    ] GC(227) Pause Young (Mixed) (G1 Evacuation Pause)
[2026-06-17T10:02:10.472+0800][6.969s][info][gc,task     ] GC(227) Using 2 workers of 18 for evacuation
[2026-06-17T10:02:10.474+0800][6.971s][info][gc,phases   ] GC(227)   Pre Evacuate Collection Set: 0.17ms
[2026-06-17T10:02:10.475+0800][6.972s][info][gc,phases   ] GC(227)   Merge Heap Roots: 0.10ms
[2026-06-17T10:02:10.475+0800][6.972s][info][gc,phases   ] GC(227)   Evacuate Collection Set: 0.48ms
[2026-06-17T10:02:10.476+0800][6.973s][info][gc,phases   ] GC(227)   Post Evacuate Collection Set: 0.40ms
[2026-06-17T10:02:10.477+0800][6.974s][info][gc,phases   ] GC(227)   Other: 0.73ms
[2026-06-17T10:02:10.478+0800][6.974s][info][gc,heap     ] GC(227) Eden regions: 9->0(10)
[2026-06-17T10:02:10.478+0800][6.975s][info][gc,heap     ] GC(227) Survivor regions: 2->2(2)
[2026-06-17T10:02:10.479+0800][6.976s][info][gc,heap     ] GC(227) Old regions: 29->29
[2026-06-17T10:02:10.479+0800][6.976s][info][gc,heap     ] GC(227) Humongous regions: 12->12
[2026-06-17T10:02:10.480+0800][6.977s][info][gc,metaspace] GC(227) Metaspace: 110K(320K)->110K(320K) NonClass: 103K(192K)->103K(192K) Class: 7K(128K)->7K(128K)
[2026-06-17T10:02:10.481+0800][6.978s][info][gc          ] GC(227) Pause Young (Mixed) (G1 Evacuation Pause) 51M->42M(64M) 9.266ms
[2026-06-17T10:02:10.482+0800][6.978s][info][gc,cpu      ] GC(227) User=0.00s Sys=0.00s Real=0.00s
[2026-06-17T10:02:10.503+0800][7.000s][info][gc,start    ] GC(228) Pause Young (Normal) (G1 Evacuation Pause)
[2026-06-17T10:02:10.504+0800][7.001s][info][gc,task     ] GC(228) Using 2 workers of 18 for evacuation
[2026-06-17T10:02:10.507+0800][7.004s][info][gc,phases   ] GC(228)   Pre Evacuate Collection Set: 0.25ms
[2026-06-17T10:02:10.508+0800][7.005s][info][gc,phases   ] GC(228)   Merge Heap Roots: 0.08ms
[2026-06-17T10:02:10.509+0800][7.006s][info][gc,phases   ] GC(228)   Evacuate Collection Set: 0.22ms
[2026-06-17T10:02:10.509+0800][7.006s][info][gc,phases   ] GC(228)   Post Evacuate Collection Set: 0.30ms
[2026-06-17T10:02:10.509+0800][7.006s][info][gc,phases   ] GC(228)   Other: 2.39ms
[2026-06-17T10:02:10.510+0800][7.007s][info][gc,heap     ] GC(228) Eden regions: 10->0(11)
[2026-06-17T10:02:10.510+0800][7.007s][info][gc,heap     ] GC(228) Survivor regions: 2->1(2)
[2026-06-17T10:02:10.511+0800][7.007s][info][gc,heap     ] GC(228) Old regions: 29->31
[2026-06-17T10:02:10.511+0800][7.008s][info][gc,heap     ] GC(228) Humongous regions: 12->12
[2026-06-17T10:02:10.511+0800][7.008s][info][gc,metaspace] GC(228) Metaspace: 110K(320K)->110K(320K) NonClass: 103K(192K)->103K(192K) Class: 7K(128K)->7K(128K)
[2026-06-17T10:02:10.512+0800][7.008s][info][gc          ] GC(228) Pause Young (Normal) (G1 Evacuation Pause) 52M->42M(64M) 8.150ms
[2026-06-17T10:02:10.512+0800][7.009s][info][gc,cpu      ] GC(228) User=0.00s Sys=0.01s Real=0.01s
[2026-06-17T10:02:10.544+0800][7.041s][info][gc,start    ] GC(229) Pause Young (Concurrent Start) (G1 Evacuation Pause)
[2026-06-17T10:02:10.549+0800][7.045s][info][gc,task     ] GC(229) Using 2 workers of 18 for evacuation
[2026-06-17T10:02:10.568+0800][7.065s][info][gc,phases   ] GC(229)   Pre Evacuate Collection Set: 0.18ms
[2026-06-17T10:02:10.591+0800][7.088s][info][gc,phases   ] GC(229)   Merge Heap Roots: 0.07ms
[2026-06-17T10:02:10.591+0800][7.088s][info][gc,phases   ] GC(229)   Evacuate Collection Set: 0.37ms
[2026-06-17T10:02:10.592+0800][7.089s][info][gc,phases   ] GC(229)   Post Evacuate Collection Set: 0.25ms
[2026-06-17T10:02:10.593+0800][7.089s][info][gc,phases   ] GC(229)   Other: 18.72ms
[2026-06-17T10:02:10.593+0800][7.090s][info][gc,heap     ] GC(229) Eden regions: 11->0(8)
[2026-06-17T10:02:10.612+0800][7.109s][info][gc,heap     ] GC(229) Survivor regions: 1->2(2)
[2026-06-17T10:02:10.614+0800][7.111s][info][gc,heap     ] GC(229) Old regions: 31->34
[2026-06-17T10:02:10.615+0800][7.112s][info][gc,heap     ] GC(229) Humongous regions: 12->12
[2026-06-17T10:02:10.659+0800][7.156s][info][gc,metaspace] GC(229) Metaspace: 110K(320K)->110K(320K) NonClass: 103K(192K)->103K(192K) Class: 7K(128K)->7K(128K)
[2026-06-17T10:02:10.667+0800][7.164s][info][gc          ] GC(229) Pause Young (Concurrent Start) (G1 Evacuation Pause) 53M->47M(64M) 122.558ms
[2026-06-17T10:02:10.669+0800][7.165s][info][gc,cpu      ] GC(229) User=0.00s Sys=0.00s Real=0.12s
[2026-06-17T10:02:10.669+0800][7.166s][info][gc          ] GC(230) Concurrent Mark Cycle
[2026-06-17T10:02:10.727+0800][7.224s][info][gc,marking  ] GC(230) Concurrent Scan Root Regions
[2026-06-17T10:02:10.728+0800][7.225s][info][gc,marking  ] GC(230) Concurrent Scan Root Regions 0.972ms
[2026-06-17T10:02:10.731+0800][7.227s][info][gc,marking  ] GC(230) Concurrent Mark
[2026-06-17T10:02:10.731+0800][7.228s][info][gc,marking  ] GC(230) Concurrent Mark From Roots
[2026-06-17T10:02:10.732+0800][7.228s][info][gc,task     ] GC(230) Using 5 workers of 5 for marking
[2026-06-17T10:02:10.734+0800][7.230s][info][gc,marking  ] GC(230) Concurrent Mark From Roots 2.448ms
[2026-06-17T10:02:10.734+0800][7.231s][info][gc,marking  ] GC(230) Concurrent Preclean
[2026-06-17T10:02:10.734+0800][7.231s][info][gc,marking  ] GC(230) Concurrent Preclean 0.260ms
[2026-06-17T10:02:10.735+0800][7.231s][info][gc,start    ] GC(230) Pause Remark
[2026-06-17T10:02:10.736+0800][7.232s][info][gc          ] GC(230) Pause Remark 50M->44M(64M) 1.006ms
[2026-06-17T10:02:10.736+0800][7.233s][info][gc,cpu      ] GC(230) User=0.00s Sys=0.00s Real=0.00s
[2026-06-17T10:02:10.736+0800][7.233s][info][gc,marking  ] GC(230) Concurrent Mark 5.816ms
[2026-06-17T10:02:10.738+0800][7.235s][info][gc,marking  ] GC(230) Concurrent Rebuild Remembered Sets and Scrub Regions
[2026-06-17T10:02:10.739+0800][7.236s][info][gc,marking  ] GC(230) Concurrent Rebuild Remembered Sets and Scrub Regions 0.737ms
[2026-06-17T10:02:10.739+0800][7.236s][info][gc,start    ] GC(230) Pause Cleanup
[2026-06-17T10:02:10.740+0800][7.237s][info][gc          ] GC(230) Pause Cleanup 48M->48M(64M) 0.336ms
[2026-06-17T10:02:10.740+0800][7.237s][info][gc,cpu      ] GC(230) User=0.00s Sys=0.00s Real=0.00s
[2026-06-17T10:02:10.741+0800][7.237s][info][gc,marking  ] GC(230) Concurrent Clear Claimed Marks
[2026-06-17T10:02:10.741+0800][7.238s][info][gc,marking  ] GC(230) Concurrent Clear Claimed Marks 0.304ms
[2026-06-17T10:02:10.741+0800][7.238s][info][gc,marking  ] GC(230) Concurrent Cleanup for Next Mark
[2026-06-17T10:02:10.741+0800][7.238s][info][gc,marking  ] GC(230) Concurrent Cleanup for Next Mark 0.332ms
[2026-06-17T10:02:10.742+0800][7.239s][info][gc          ] GC(230) Concurrent Mark Cycle 72.982ms
[2026-06-17T10:02:10.747+0800][7.244s][info][gc,start    ] GC(231) Pause Young (Prepare Mixed) (G1 Evacuation Pause)
[2026-06-17T10:02:10.748+0800][7.244s][info][gc,task     ] GC(231) Using 2 workers of 18 for evacuation
[2026-06-17T10:02:10.749+0800][7.246s][info][gc,phases   ] GC(231)   Pre Evacuate Collection Set: 0.13ms
[2026-06-17T10:02:10.749+0800][7.246s][info][gc,phases   ] GC(231)   Merge Heap Roots: 0.05ms
[2026-06-17T10:02:10.749+0800][7.246s][info][gc,phases   ] GC(231)   Evacuate Collection Set: 0.36ms
[2026-06-17T10:02:10.750+0800][7.246s][info][gc,phases   ] GC(231)   Post Evacuate Collection Set: 0.17ms
[2026-06-17T10:02:10.750+0800][7.247s][info][gc,phases   ] GC(231)   Other: 0.39ms
[2026-06-17T10:02:10.750+0800][7.247s][info][gc,heap     ] GC(231) Eden regions: 8->0(9)
[2026-06-17T10:02:10.750+0800][7.247s][info][gc,heap     ] GC(231) Survivor regions: 2->2(2)
[2026-06-17T10:02:10.750+0800][7.247s][info][gc,heap     ] GC(231) Old regions: 28->31
[2026-06-17T10:02:10.751+0800][7.248s][info][gc,heap     ] GC(231) Humongous regions: 12->12
[2026-06-17T10:02:10.751+0800][7.248s][info][gc,metaspace] GC(231) Metaspace: 110K(320K)->110K(320K) NonClass: 103K(192K)->103K(192K) Class: 7K(128K)->7K(128K)
[2026-06-17T10:02:10.751+0800][7.248s][info][gc          ] GC(231) Pause Young (Prepare Mixed) (G1 Evacuation Pause) 49M->44M(64M) 4.004ms
[2026-06-17T10:02:10.751+0800][7.248s][info][gc,cpu      ] GC(231) User=0.00s Sys=0.00s Real=0.01s
[2026-06-17T10:02:10.773+0800][7.270s][info][gc,start    ] GC(232) Pause Young (Mixed) (G1 Evacuation Pause)
[2026-06-17T10:02:10.773+0800][7.270s][info][gc,task     ] GC(232) Using 2 workers of 18 for evacuation
[2026-06-17T10:02:10.774+0800][7.271s][info][gc,phases   ] GC(232)   Pre Evacuate Collection Set: 0.15ms
[2026-06-17T10:02:10.775+0800][7.271s][info][gc,phases   ] GC(232)   Merge Heap Roots: 0.06ms
[2026-06-17T10:02:10.775+0800][7.272s][info][gc,phases   ] GC(232)   Evacuate Collection Set: 0.59ms
[2026-06-17T10:02:10.775+0800][7.272s][info][gc,phases   ] GC(232)   Post Evacuate Collection Set: 0.22ms
[2026-06-17T10:02:10.775+0800][7.272s][info][gc,phases   ] GC(232)   Other: 0.30ms
[2026-06-17T10:02:10.776+0800][7.272s][info][gc,heap     ] GC(232) Eden regions: 9->0(10)
[2026-06-17T10:02:10.776+0800][7.273s][info][gc,heap     ] GC(232) Survivor regions: 2->2(2)
[2026-06-17T10:02:10.776+0800][7.273s][info][gc,heap     ] GC(232) Old regions: 31->28
[2026-06-17T10:02:10.776+0800][7.273s][info][gc,heap     ] GC(232) Humongous regions: 12->12
[2026-06-17T10:02:10.776+0800][7.273s][info][gc,metaspace] GC(232) Metaspace: 110K(320K)->110K(320K) NonClass: 103K(192K)->103K(192K) Class: 7K(128K)->7K(128K)
[2026-06-17T10:02:10.777+0800][7.274s][info][gc          ] GC(232) Pause Young (Mixed) (G1 Evacuation Pause) 53M->41M(64M) 4.147ms
[2026-06-17T10:02:10.777+0800][7.274s][info][gc,cpu      ] GC(232) User=0.00s Sys=0.00s Real=0.00s
[2026-06-17T10:02:10.799+0800][7.296s][info][gc,start    ] GC(233) Pause Young (Mixed) (G1 Evacuation Pause)
[2026-06-17T10:02:10.799+0800][7.296s][info][gc,task     ] GC(233) Using 2 workers of 18 for evacuation
[2026-06-17T10:02:10.800+0800][7.297s][info][gc,phases   ] GC(233)   Pre Evacuate Collection Set: 0.12ms
[2026-06-17T10:02:10.800+0800][7.297s][info][gc,phases   ] GC(233)   Merge Heap Roots: 0.04ms
[2026-06-17T10:02:10.800+0800][7.297s][info][gc,phases   ] GC(233)   Evacuate Collection Set: 0.42ms
[2026-06-17T10:02:10.800+0800][7.297s][info][gc,phases   ] GC(233)   Post Evacuate Collection Set: 0.16ms
[2026-06-17T10:02:10.801+0800][7.298s][info][gc,phases   ] GC(233)   Other: 0.18ms
[2026-06-17T10:02:10.801+0800][7.298s][info][gc,heap     ] GC(233) Eden regions: 10->0(11)
[2026-06-17T10:02:10.801+0800][7.298s][info][gc,heap     ] GC(233) Survivor regions: 2->2(2)
[2026-06-17T10:02:10.801+0800][7.298s][info][gc,heap     ] GC(233) Old regions: 28->28
[2026-06-17T10:02:10.801+0800][7.298s][info][gc,heap     ] GC(233) Humongous regions: 12->12
[2026-06-17T10:02:10.802+0800][7.298s][info][gc,metaspace] GC(233) Metaspace: 110K(320K)->110K(320K) NonClass: 103K(192K)->103K(192K) Class: 7K(128K)->7K(128K)
[2026-06-17T10:02:10.802+0800][7.299s][info][gc          ] GC(233) Pause Young (Mixed) (G1 Evacuation Pause) 51M->40M(64M) 3.203ms
[2026-06-17T10:02:10.802+0800][7.299s][info][gc,cpu      ] GC(233) User=0.00s Sys=0.00s Real=0.00s
[2026-06-17T10:02:10.834+0800][7.331s][info][gc,start    ] GC(234) Pause Young (Normal) (G1 Evacuation Pause)
[2026-06-17T10:02:10.835+0800][7.332s][info][gc,task     ] GC(234) Using 2 workers of 18 for evacuation
[2026-06-17T10:02:10.836+0800][7.333s][info][gc,phases   ] GC(234)   Pre Evacuate Collection Set: 0.14ms
[2026-06-17T10:02:10.837+0800][7.334s][info][gc,phases   ] GC(234)   Merge Heap Roots: 0.05ms
[2026-06-17T10:02:10.839+0800][7.335s][info][gc,phases   ] GC(234)   Evacuate Collection Set: 0.38ms
[2026-06-17T10:02:10.839+0800][7.336s][info][gc,phases   ] GC(234)   Post Evacuate Collection Set: 0.17ms
[2026-06-17T10:02:10.839+0800][7.336s][info][gc,phases   ] GC(234)   Other: 0.34ms
[2026-06-17T10:02:10.840+0800][7.337s][info][gc,heap     ] GC(234) Eden regions: 11->0(9)
[2026-06-17T10:02:10.840+0800][7.337s][info][gc,heap     ] GC(234) Survivor regions: 2->2(2)
[2026-06-17T10:02:10.840+0800][7.337s][info][gc,heap     ] GC(234) Old regions: 28->31
[2026-06-17T10:02:10.841+0800][7.337s][info][gc,heap     ] GC(234) Humongous regions: 13->13
[2026-06-17T10:02:10.841+0800][7.338s][info][gc,metaspace] GC(234) Metaspace: 110K(320K)->110K(320K) NonClass: 103K(192K)->103K(192K) Class: 7K(128K)->7K(128K)
[2026-06-17T10:02:10.841+0800][7.338s][info][gc          ] GC(234) Pause Young (Normal) (G1 Evacuation Pause) 52M->45M(64M) 7.334ms
[2026-06-17T10:02:10.841+0800][7.338s][info][gc,cpu      ] GC(234) User=0.01s Sys=0.00s Real=0.00s
[2026-06-17T10:02:10.863+0800][7.360s][info][gc,start    ] GC(235) Pause Young (Concurrent Start) (G1 Evacuation Pause)
[2026-06-17T10:02:10.866+0800][7.363s][info][gc,task     ] GC(235) Using 2 workers of 18 for evacuation
[2026-06-17T10:02:10.867+0800][7.364s][info][gc,phases   ] GC(235)   Pre Evacuate Collection Set: 0.16ms
[2026-06-17T10:02:10.868+0800][7.365s][info][gc,phases   ] GC(235)   Merge Heap Roots: 0.04ms
[2026-06-17T10:02:10.868+0800][7.365s][info][gc,phases   ] GC(235)   Evacuate Collection Set: 0.46ms
[2026-06-17T10:02:10.870+0800][7.367s][info][gc,phases   ] GC(235)   Post Evacuate Collection Set: 0.14ms
[2026-06-17T10:02:10.870+0800][7.367s][info][gc,phases   ] GC(235)   Other: 0.35ms
[2026-06-17T10:02:10.871+0800][7.368s][info][gc,heap     ] GC(235) Eden regions: 9->0(5)
[2026-06-17T10:02:10.873+0800][7.370s][info][gc,heap     ] GC(235) Survivor regions: 2->2(2)
[2026-06-17T10:02:10.873+0800][7.370s][info][gc,heap     ] GC(235) Old regions: 31->36
[2026-06-17T10:02:10.874+0800][7.371s][info][gc,heap     ] GC(235) Humongous regions: 13->13
[2026-06-17T10:02:10.874+0800][7.371s][info][gc,metaspace] GC(235) Metaspace: 110K(320K)->110K(320K) NonClass: 103K(192K)->103K(192K) Class: 7K(128K)->7K(128K)
[2026-06-17T10:02:10.874+0800][7.371s][info][gc          ] GC(235) Pause Young (Concurrent Start) (G1 Evacuation Pause) 54M->50M(64M) 11.416ms
[2026-06-17T10:02:10.874+0800][7.371s][info][gc,cpu      ] GC(235) User=0.00s Sys=0.00s Real=0.01s
[2026-06-17T10:02:10.874+0800][7.371s][info][gc          ] GC(236) Concurrent Mark Cycle
[2026-06-17T10:02:10.875+0800][7.372s][info][gc,marking  ] GC(236) Concurrent Scan Root Regions
[2026-06-17T10:02:10.875+0800][7.372s][info][gc,marking  ] GC(236) Concurrent Scan Root Regions 0.231ms
[2026-06-17T10:02:10.875+0800][7.372s][info][gc,marking  ] GC(236) Concurrent Mark
[2026-06-17T10:02:10.876+0800][7.372s][info][gc,marking  ] GC(236) Concurrent Mark From Roots
[2026-06-17T10:02:10.876+0800][7.373s][info][gc,task     ] GC(236) Using 5 workers of 5 for marking
[2026-06-17T10:02:10.877+0800][7.374s][info][gc,marking  ] GC(236) Concurrent Mark From Roots 1.547ms
[2026-06-17T10:02:10.877+0800][7.374s][info][gc,marking  ] GC(236) Concurrent Preclean
[2026-06-17T10:02:10.878+0800][7.374s][info][gc,marking  ] GC(236) Concurrent Preclean 0.244ms
[2026-06-17T10:02:10.878+0800][7.375s][info][gc,start    ] GC(236) Pause Remark
[2026-06-17T10:02:10.878+0800][7.375s][info][gc          ] GC(236) Pause Remark 50M->41M(64M) 0.627ms
[2026-06-17T10:02:10.879+0800][7.376s][info][gc,cpu      ] GC(236) User=0.00s Sys=0.00s Real=0.00s
[2026-06-17T10:02:10.879+0800][7.376s][info][gc,marking  ] GC(236) Concurrent Mark 3.684ms
[2026-06-17T10:02:10.879+0800][7.376s][info][gc,marking  ] GC(236) Concurrent Rebuild Remembered Sets and Scrub Regions
[2026-06-17T10:02:10.880+0800][7.377s][info][gc,marking  ] GC(236) Concurrent Rebuild Remembered Sets and Scrub Regions 0.633ms
[2026-06-17T10:02:10.880+0800][7.377s][info][gc,start    ] GC(236) Pause Cleanup
[2026-06-17T10:02:10.881+0800][7.377s][info][gc          ] GC(236) Pause Cleanup 41M->41M(64M) 0.342ms
[2026-06-17T10:02:10.881+0800][7.378s][info][gc,cpu      ] GC(236) User=0.00s Sys=0.00s Real=0.00s
[2026-06-17T10:02:10.881+0800][7.378s][info][gc,marking  ] GC(236) Concurrent Clear Claimed Marks
[2026-06-17T10:02:10.881+0800][7.378s][info][gc,marking  ] GC(236) Concurrent Clear Claimed Marks 0.228ms
[2026-06-17T10:02:10.882+0800][7.379s][info][gc,marking  ] GC(236) Concurrent Cleanup for Next Mark
[2026-06-17T10:02:10.882+0800][7.379s][info][gc,marking  ] GC(236) Concurrent Cleanup for Next Mark 0.369ms
[2026-06-17T10:02:10.882+0800][7.379s][info][gc          ] GC(236) Concurrent Mark Cycle 7.801ms
[2026-06-17T10:02:10.885+0800][7.382s][info][gc,start    ] GC(237) Pause Young (Prepare Mixed) (G1 Evacuation Pause)
[2026-06-17T10:02:10.886+0800][7.383s][info][gc,task     ] GC(237) Using 2 workers of 18 for evacuation
[2026-06-17T10:02:10.887+0800][7.383s][info][gc,phases   ] GC(237)   Pre Evacuate Collection Set: 0.10ms
[2026-06-17T10:02:10.887+0800][7.384s][info][gc,phases   ] GC(237)   Merge Heap Roots: 0.05ms
[2026-06-17T10:02:10.887+0800][7.384s][info][gc,phases   ] GC(237)   Evacuate Collection Set: 0.24ms
[2026-06-17T10:02:10.887+0800][7.384s][info][gc,phases   ] GC(237)   Post Evacuate Collection Set: 0.19ms
[2026-06-17T10:02:10.888+0800][7.384s][info][gc,phases   ] GC(237)   Other: 0.34ms
[2026-06-17T10:02:10.888+0800][7.385s][info][gc,heap     ] GC(237) Eden regions: 5->0(11)
[2026-06-17T10:02:10.888+0800][7.385s][info][gc,heap     ] GC(237) Survivor regions: 2->1(1)
[2026-06-17T10:02:10.888+0800][7.385s][info][gc,heap     ] GC(237) Old regions: 27->27
[2026-06-17T10:02:10.889+0800][7.385s][info][gc,heap     ] GC(237) Humongous regions: 13->13
[2026-06-17T10:02:10.889+0800][7.386s][info][gc,metaspace] GC(237) Metaspace: 110K(320K)->110K(320K) NonClass: 103K(192K)->103K(192K) Class: 7K(128K)->7K(128K)
[2026-06-17T10:02:10.889+0800][7.386s][info][gc          ] GC(237) Pause Young (Prepare Mixed) (G1 Evacuation Pause) 46M->40M(64M) 3.643ms
[2026-06-17T10:02:10.889+0800][7.386s][info][gc,cpu      ] GC(237) User=0.01s Sys=0.00s Real=0.00s
[2026-06-17T10:02:10.921+0800][7.418s][info][gc,start    ] GC(238) Pause Young (Mixed) (G1 Evacuation Pause)
[2026-06-17T10:02:10.921+0800][7.418s][info][gc,task     ] GC(238) Using 2 workers of 18 for evacuation
[2026-06-17T10:02:10.922+0800][7.419s][info][gc,phases   ] GC(238)   Pre Evacuate Collection Set: 0.10ms
[2026-06-17T10:02:10.923+0800][7.420s][info][gc,phases   ] GC(238)   Merge Heap Roots: 0.05ms
[2026-06-17T10:02:10.923+0800][7.420s][info][gc,phases   ] GC(238)   Evacuate Collection Set: 0.41ms
[2026-06-17T10:02:10.923+0800][7.420s][info][gc,phases   ] GC(238)   Post Evacuate Collection Set: 0.27ms
[2026-06-17T10:02:10.923+0800][7.420s][info][gc,phases   ] GC(238)   Other: 0.17ms
[2026-06-17T10:02:10.923+0800][7.420s][info][gc,heap     ] GC(238) Eden regions: 11->0(14)
[2026-06-17T10:02:10.924+0800][7.421s][info][gc,heap     ] GC(238) Survivor regions: 1->2(2)
[2026-06-17T10:02:10.924+0800][7.421s][info][gc,heap     ] GC(238) Old regions: 27->22
[2026-06-17T10:02:10.924+0800][7.421s][info][gc,heap     ] GC(238) Humongous regions: 13->13
[2026-06-17T10:02:10.924+0800][7.421s][info][gc,metaspace] GC(238) Metaspace: 110K(320K)->110K(320K) NonClass: 103K(192K)->103K(192K) Class: 7K(128K)->7K(128K)
[2026-06-17T10:02:10.924+0800][7.421s][info][gc          ] GC(238) Pause Young (Mixed) (G1 Evacuation Pause) 51M->36M(64M) 3.116ms
[2026-06-17T10:02:10.924+0800][7.421s][info][gc,cpu      ] GC(238) User=0.00s Sys=0.00s Real=0.01s
[2026-06-17T10:02:10.966+0800][7.463s][info][gc,start    ] GC(239) Pause Young (Mixed) (G1 Evacuation Pause)
[2026-06-17T10:02:10.971+0800][7.467s][info][gc,task     ] GC(239) Using 2 workers of 18 for evacuation
[2026-06-17T10:02:10.979+0800][7.476s][info][gc,phases   ] GC(239)   Pre Evacuate Collection Set: 0.30ms
[2026-06-17T10:02:10.980+0800][7.477s][info][gc,phases   ] GC(239)   Merge Heap Roots: 0.07ms
[2026-06-17T10:02:10.981+0800][7.478s][info][gc,phases   ] GC(239)   Evacuate Collection Set: 0.69ms
[2026-06-17T10:02:10.981+0800][7.478s][info][gc,phases   ] GC(239)   Post Evacuate Collection Set: 0.27ms
[2026-06-17T10:02:10.982+0800][7.479s][info][gc,phases   ] GC(239)   Other: 7.00ms
[2026-06-17T10:02:10.983+0800][7.480s][info][gc,heap     ] GC(239) Eden regions: 14->0(12)
[2026-06-17T10:02:10.983+0800][7.480s][info][gc,heap     ] GC(239) Survivor regions: 2->2(2)
[2026-06-17T10:02:10.985+0800][7.482s][info][gc,heap     ] GC(239) Old regions: 22->25
[2026-06-17T10:02:10.985+0800][7.482s][info][gc,heap     ] GC(239) Humongous regions: 13->13
[2026-06-17T10:02:10.986+0800][7.483s][info][gc,metaspace] GC(239) Metaspace: 110K(320K)->110K(320K) NonClass: 103K(192K)->103K(192K) Class: 7K(128K)->7K(128K)
[2026-06-17T10:02:10.986+0800][7.483s][info][gc          ] GC(239) Pause Young (Mixed) (G1 Evacuation Pause) 50M->39M(64M) 19.719ms
[2026-06-17T10:02:10.986+0800][7.483s][info][gc,cpu      ] GC(239) User=0.00s Sys=0.00s Real=0.02s
[2026-06-17T10:02:11.008+0800][7.505s][info][gc,start    ] GC(240) Pause Young (Normal) (G1 Evacuation Pause)
[2026-06-17T10:02:11.008+0800][7.505s][info][gc,task     ] GC(240) Using 2 workers of 18 for evacuation
[2026-06-17T10:02:11.009+0800][7.506s][info][gc,phases   ] GC(240)   Pre Evacuate Collection Set: 0.15ms
[2026-06-17T10:02:11.010+0800][7.507s][info][gc,phases   ] GC(240)   Merge Heap Roots: 0.06ms
[2026-06-17T10:02:11.011+0800][7.507s][info][gc,phases   ] GC(240)   Evacuate Collection Set: 0.45ms
[2026-06-17T10:02:11.011+0800][7.508s][info][gc,phases   ] GC(240)   Post Evacuate Collection Set: 0.21ms
[2026-06-17T10:02:11.011+0800][7.508s][info][gc,phases   ] GC(240)   Other: 0.25ms
[2026-06-17T10:02:11.011+0800][7.508s][info][gc,heap     ] GC(240) Eden regions: 12->0(12)
[2026-06-17T10:02:11.011+0800][7.508s][info][gc,heap     ] GC(240) Survivor regions: 2->2(2)
[2026-06-17T10:02:11.011+0800][7.508s][info][gc,heap     ] GC(240) Old regions: 25->27
[2026-06-17T10:02:11.011+0800][7.508s][info][gc,heap     ] GC(240) Humongous regions: 13->13
[2026-06-17T10:02:11.012+0800][7.509s][info][gc,metaspace] GC(240) Metaspace: 110K(320K)->110K(320K) NonClass: 103K(192K)->103K(192K) Class: 7K(128K)->7K(128K)
[2026-06-17T10:02:11.012+0800][7.509s][info][gc          ] GC(240) Pause Young (Normal) (G1 Evacuation Pause) 51M->41M(64M) 3.974ms
[2026-06-17T10:02:11.012+0800][7.509s][info][gc,cpu      ] GC(240) User=0.00s Sys=0.00s Real=0.01s
[2026-06-17T10:02:11.054+0800][7.551s][info][gc,start    ] GC(241) Pause Young (Normal) (G1 Evacuation Pause)
[2026-06-17T10:02:11.054+0800][7.551s][info][gc,task     ] GC(241) Using 2 workers of 18 for evacuation
[2026-06-17T10:02:11.056+0800][7.552s][info][gc,phases   ] GC(241)   Pre Evacuate Collection Set: 0.15ms
[2026-06-17T10:02:11.056+0800][7.553s][info][gc,phases   ] GC(241)   Merge Heap Roots: 0.12ms
[2026-06-17T10:02:11.057+0800][7.553s][info][gc,phases   ] GC(241)   Evacuate Collection Set: 0.29ms
[2026-06-17T10:02:11.057+0800][7.554s][info][gc,phases   ] GC(241)   Post Evacuate Collection Set: 0.42ms
[2026-06-17T10:02:11.057+0800][7.554s][info][gc,phases   ] GC(241)   Other: 0.25ms
[2026-06-17T10:02:11.057+0800][7.554s][info][gc,heap     ] GC(241) Eden regions: 12->0(11)
[2026-06-17T10:02:11.057+0800][7.554s][info][gc,heap     ] GC(241) Survivor regions: 2->2(2)
[2026-06-17T10:02:11.058+0800][7.554s][info][gc,heap     ] GC(241) Old regions: 27->29
[2026-06-17T10:02:11.058+0800][7.555s][info][gc,heap     ] GC(241) Humongous regions: 13->13
[2026-06-17T10:02:11.058+0800][7.555s][info][gc,metaspace] GC(241) Metaspace: 110K(320K)->110K(320K) NonClass: 103K(192K)->103K(192K) Class: 7K(128K)->7K(128K)
[2026-06-17T10:02:11.058+0800][7.555s][info][gc          ] GC(241) Pause Young (Normal) (G1 Evacuation Pause) 53M->43M(64M) 4.451ms
[2026-06-17T10:02:11.059+0800][7.555s][info][gc,cpu      ] GC(241) User=0.00s Sys=0.00s Real=0.00s
[2026-06-17T10:02:11.059+0800][7.556s][info][gc,start    ] GC(242) Pause Young (Concurrent Start) (G1 Humongous Allocation)
[2026-06-17T10:02:11.059+0800][7.556s][info][gc,task     ] GC(242) Using 2 workers of 18 for evacuation
[2026-06-17T10:02:11.060+0800][7.557s][info][gc,phases   ] GC(242)   Pre Evacuate Collection Set: 0.13ms
[2026-06-17T10:02:11.060+0800][7.557s][info][gc,phases   ] GC(242)   Merge Heap Roots: 0.04ms
[2026-06-17T10:02:11.060+0800][7.557s][info][gc,phases   ] GC(242)   Evacuate Collection Set: 0.20ms
[2026-06-17T10:02:11.060+0800][7.557s][info][gc,phases   ] GC(242)   Post Evacuate Collection Set: 0.17ms
[2026-06-17T10:02:11.060+0800][7.557s][info][gc,phases   ] GC(242)   Other: 0.13ms
[2026-06-17T10:02:11.060+0800][7.557s][info][gc,heap     ] GC(242) Eden regions: 4->0(12)
[2026-06-17T10:02:11.060+0800][7.557s][info][gc,heap     ] GC(242) Survivor regions: 2->0(2)
[2026-06-17T10:02:11.060+0800][7.557s][info][gc,heap     ] GC(242) Old regions: 29->31
[2026-06-17T10:02:11.061+0800][7.557s][info][gc,heap     ] GC(242) Humongous regions: 13->13
[2026-06-17T10:02:11.061+0800][7.557s][info][gc,metaspace] GC(242) Metaspace: 110K(320K)->110K(320K) NonClass: 103K(192K)->103K(192K) Class: 7K(128K)->7K(128K)
[2026-06-17T10:02:11.061+0800][7.558s][info][gc          ] GC(242) Pause Young (Concurrent Start) (G1 Humongous Allocation) 47M->43M(64M) 1.721ms
[2026-06-17T10:02:11.061+0800][7.558s][info][gc,cpu      ] GC(242) User=0.00s Sys=0.00s Real=0.00s
[2026-06-17T10:02:11.061+0800][7.558s][info][gc          ] GC(243) Concurrent Mark Cycle
[2026-06-17T10:02:11.061+0800][7.558s][info][gc,marking  ] GC(243) Concurrent Scan Root Regions
[2026-06-17T10:02:11.061+0800][7.558s][info][gc,marking  ] GC(243) Concurrent Scan Root Regions 0.142ms
[2026-06-17T10:02:11.061+0800][7.558s][info][gc,marking  ] GC(243) Concurrent Mark
[2026-06-17T10:02:11.061+0800][7.558s][info][gc,marking  ] GC(243) Concurrent Mark From Roots
[2026-06-17T10:02:11.062+0800][7.558s][info][gc,task     ] GC(243) Using 5 workers of 5 for marking
[2026-06-17T10:02:11.063+0800][7.560s][info][gc,marking  ] GC(243) Concurrent Mark From Roots 1.780ms
[2026-06-17T10:02:11.063+0800][7.560s][info][gc,marking  ] GC(243) Concurrent Preclean
[2026-06-17T10:02:11.063+0800][7.560s][info][gc,marking  ] GC(243) Concurrent Preclean 0.149ms
[2026-06-17T10:02:11.064+0800][7.561s][info][gc,start    ] GC(243) Pause Remark
[2026-06-17T10:02:11.064+0800][7.561s][info][gc          ] GC(243) Pause Remark 45M->36M(64M) 0.464ms
[2026-06-17T10:02:11.064+0800][7.561s][info][gc,cpu      ] GC(243) User=0.00s Sys=0.00s Real=0.00s
[2026-06-17T10:02:11.064+0800][7.561s][info][gc,marking  ] GC(243) Concurrent Mark 3.210ms
[2026-06-17T10:02:11.065+0800][7.561s][info][gc,marking  ] GC(243) Concurrent Rebuild Remembered Sets and Scrub Regions
[2026-06-17T10:02:11.065+0800][7.562s][info][gc,marking  ] GC(243) Concurrent Rebuild Remembered Sets and Scrub Regions 0.456ms
[2026-06-17T10:02:11.065+0800][7.562s][info][gc,start    ] GC(243) Pause Cleanup
[2026-06-17T10:02:11.065+0800][7.562s][info][gc          ] GC(243) Pause Cleanup 36M->36M(64M) 0.148ms
[2026-06-17T10:02:11.065+0800][7.562s][info][gc,cpu      ] GC(243) User=0.00s Sys=0.00s Real=0.00s
[2026-06-17T10:02:11.065+0800][7.562s][info][gc,marking  ] GC(243) Concurrent Clear Claimed Marks
[2026-06-17T10:02:11.066+0800][7.562s][info][gc,marking  ] GC(243) Concurrent Clear Claimed Marks 0.080ms
[2026-06-17T10:02:11.066+0800][7.563s][info][gc,marking  ] GC(243) Concurrent Cleanup for Next Mark
[2026-06-17T10:02:11.066+0800][7.563s][info][gc,marking  ] GC(243) Concurrent Cleanup for Next Mark 0.141ms
[2026-06-17T10:02:11.066+0800][7.563s][info][gc          ] GC(243) Concurrent Mark Cycle 5.070ms
[2026-06-17T10:02:11.093+0800][7.589s][info][gc,start    ] GC(244) Pause Young (Prepare Mixed) (G1 Evacuation Pause)
[2026-06-17T10:02:11.101+0800][7.598s][info][gc,task     ] GC(244) Using 2 workers of 18 for evacuation
[2026-06-17T10:02:11.103+0800][7.600s][info][gc,phases   ] GC(244)   Pre Evacuate Collection Set: 0.18ms
[2026-06-17T10:02:11.109+0800][7.606s][info][gc,phases   ] GC(244)   Merge Heap Roots: 0.04ms
[2026-06-17T10:02:11.112+0800][7.609s][info][gc,phases   ] GC(244)   Evacuate Collection Set: 0.39ms
[2026-06-17T10:02:11.113+0800][7.609s][info][gc,phases   ] GC(244)   Post Evacuate Collection Set: 0.22ms
[2026-06-17T10:02:11.119+0800][7.616s][info][gc,phases   ] GC(244)   Other: 1.28ms
[2026-06-17T10:02:11.121+0800][7.618s][info][gc,heap     ] GC(244) Eden regions: 12->0(12)
[2026-06-17T10:02:11.121+0800][7.618s][info][gc,heap     ] GC(244) Survivor regions: 0->2(2)
[2026-06-17T10:02:11.122+0800][7.618s][info][gc,heap     ] GC(244) Old regions: 22->25
[2026-06-17T10:02:11.123+0800][7.620s][info][gc,heap     ] GC(244) Humongous regions: 15->15
[2026-06-17T10:02:11.125+0800][7.622s][info][gc,metaspace] GC(244) Metaspace: 110K(320K)->110K(320K) NonClass: 103K(192K)->103K(192K) Class: 7K(128K)->7K(128K)
[2026-06-17T10:02:11.129+0800][7.626s][info][gc          ] GC(244) Pause Young (Prepare Mixed) (G1 Evacuation Pause) 48M->41M(64M) 36.301ms
[2026-06-17T10:02:11.129+0800][7.626s][info][gc,cpu      ] GC(244) User=0.00s Sys=0.00s Real=0.03s
[2026-06-17T10:02:11.161+0800][7.658s][info][gc,start    ] GC(245) Pause Young (Mixed) (G1 Evacuation Pause)
[2026-06-17T10:02:11.162+0800][7.659s][info][gc,task     ] GC(245) Using 2 workers of 18 for evacuation
[2026-06-17T10:02:11.163+0800][7.660s][info][gc,phases   ] GC(245)   Pre Evacuate Collection Set: 0.17ms
[2026-06-17T10:02:11.164+0800][7.660s][info][gc,phases   ] GC(245)   Merge Heap Roots: 0.04ms
[2026-06-17T10:02:11.164+0800][7.661s][info][gc,phases   ] GC(245)   Evacuate Collection Set: 0.61ms
[2026-06-17T10:02:11.164+0800][7.661s][info][gc,phases   ] GC(245)   Post Evacuate Collection Set: 0.22ms
[2026-06-17T10:02:11.164+0800][7.661s][info][gc,phases   ] GC(245)   Other: 0.36ms
[2026-06-17T10:02:11.165+0800][7.662s][info][gc,heap     ] GC(245) Eden regions: 12->0(10)
[2026-06-17T10:02:11.165+0800][7.662s][info][gc,heap     ] GC(245) Survivor regions: 2->2(2)
[2026-06-17T10:02:11.165+0800][7.662s][info][gc,heap     ] GC(245) Old regions: 25->26
[2026-06-17T10:02:11.166+0800][7.662s][info][gc,heap     ] GC(245) Humongous regions: 15->15
[2026-06-17T10:02:11.166+0800][7.663s][info][gc,metaspace] GC(245) Metaspace: 110K(320K)->110K(320K) NonClass: 103K(192K)->103K(192K) Class: 7K(128K)->7K(128K)
[2026-06-17T10:02:11.166+0800][7.663s][info][gc          ] GC(245) Pause Young (Mixed) (G1 Evacuation Pause) 53M->42M(64M) 5.015ms
[2026-06-17T10:02:11.167+0800][7.664s][info][gc,cpu      ] GC(245) User=0.00s Sys=0.00s Real=0.01s
[2026-06-17T10:02:11.199+0800][7.695s][info][gc,start    ] GC(246) Pause Young (Concurrent Start) (G1 Evacuation Pause)
[2026-06-17T10:02:11.199+0800][7.696s][info][gc,task     ] GC(246) Using 2 workers of 18 for evacuation
[2026-06-17T10:02:11.200+0800][7.697s][info][gc,phases   ] GC(246)   Pre Evacuate Collection Set: 0.13ms
[2026-06-17T10:02:11.200+0800][7.697s][info][gc,phases   ] GC(246)   Merge Heap Roots: 0.04ms
[2026-06-17T10:02:11.200+0800][7.697s][info][gc,phases   ] GC(246)   Evacuate Collection Set: 0.34ms
[2026-06-17T10:02:11.200+0800][7.697s][info][gc,phases   ] GC(246)   Post Evacuate Collection Set: 0.19ms
[2026-06-17T10:02:11.200+0800][7.697s][info][gc,phases   ] GC(246)   Other: 0.23ms
[2026-06-17T10:02:11.201+0800][7.697s][info][gc,heap     ] GC(246) Eden regions: 10->0(8)
[2026-06-17T10:02:11.201+0800][7.698s][info][gc,heap     ] GC(246) Survivor regions: 2->2(2)
[2026-06-17T10:02:11.201+0800][7.698s][info][gc,heap     ] GC(246) Old regions: 26->29
[2026-06-17T10:02:11.201+0800][7.698s][info][gc,heap     ] GC(246) Humongous regions: 15->15
[2026-06-17T10:02:11.202+0800][7.699s][info][gc,metaspace] GC(246) Metaspace: 110K(320K)->110K(320K) NonClass: 103K(192K)->103K(192K) Class: 7K(128K)->7K(128K)
[2026-06-17T10:02:11.202+0800][7.699s][info][gc          ] GC(246) Pause Young (Concurrent Start) (G1 Evacuation Pause) 52M->45M(64M) 3.441ms
[2026-06-17T10:02:11.202+0800][7.699s][info][gc,cpu      ] GC(246) User=0.00s Sys=0.00s Real=0.00s
[2026-06-17T10:02:11.202+0800][7.699s][info][gc          ] GC(247) Concurrent Mark Cycle
[2026-06-17T10:02:11.203+0800][7.700s][info][gc,marking  ] GC(247) Concurrent Scan Root Regions
[2026-06-17T10:02:11.203+0800][7.700s][info][gc,marking  ] GC(247) Concurrent Scan Root Regions 0.323ms
[2026-06-17T10:02:11.203+0800][7.700s][info][gc,marking  ] GC(247) Concurrent Mark
[2026-06-17T10:02:11.203+0800][7.700s][info][gc,marking  ] GC(247) Concurrent Mark From Roots
[2026-06-17T10:02:11.203+0800][7.700s][info][gc,task     ] GC(247) Using 5 workers of 5 for marking
[2026-06-17T10:02:11.205+0800][7.702s][info][gc,marking  ] GC(247) Concurrent Mark From Roots 1.485ms
[2026-06-17T10:02:11.205+0800][7.702s][info][gc,marking  ] GC(247) Concurrent Preclean
[2026-06-17T10:02:11.205+0800][7.702s][info][gc,marking  ] GC(247) Concurrent Preclean 0.124ms
[2026-06-17T10:02:11.205+0800][7.702s][info][gc,start    ] GC(247) Pause Remark
[2026-06-17T10:02:11.206+0800][7.703s][info][gc          ] GC(247) Pause Remark 47M->46M(64M) 0.577ms
[2026-06-17T10:02:11.206+0800][7.703s][info][gc,cpu      ] GC(247) User=0.00s Sys=0.00s Real=0.00s
[2026-06-17T10:02:11.206+0800][7.703s][info][gc,marking  ] GC(247) Concurrent Mark 2.949ms
[2026-06-17T10:02:11.206+0800][7.703s][info][gc,marking  ] GC(247) Concurrent Rebuild Remembered Sets and Scrub Regions
[2026-06-17T10:02:11.207+0800][7.703s][info][gc,marking  ] GC(247) Concurrent Rebuild Remembered Sets and Scrub Regions 0.465ms
[2026-06-17T10:02:11.207+0800][7.704s][info][gc,start    ] GC(247) Pause Cleanup
[2026-06-17T10:02:11.207+0800][7.704s][info][gc          ] GC(247) Pause Cleanup 46M->46M(64M) 0.384ms
[2026-06-17T10:02:11.207+0800][7.704s][info][gc,cpu      ] GC(247) User=0.00s Sys=0.00s Real=0.00s
[2026-06-17T10:02:11.208+0800][7.704s][info][gc,marking  ] GC(247) Concurrent Clear Claimed Marks
[2026-06-17T10:02:11.208+0800][7.705s][info][gc,marking  ] GC(247) Concurrent Clear Claimed Marks 0.111ms
[2026-06-17T10:02:11.208+0800][7.705s][info][gc,marking  ] GC(247) Concurrent Cleanup for Next Mark
[2026-06-17T10:02:11.208+0800][7.705s][info][gc,marking  ] GC(247) Concurrent Cleanup for Next Mark 0.245ms
[2026-06-17T10:02:11.208+0800][7.705s][info][gc          ] GC(247) Concurrent Mark Cycle 5.984ms
[2026-06-17T10:02:11.224+0800][7.720s][info][gc,start    ] GC(248) Pause Young (Prepare Mixed) (G1 Evacuation Pause)
[2026-06-17T10:02:11.224+0800][7.721s][info][gc,task     ] GC(248) Using 2 workers of 18 for evacuation
[2026-06-17T10:02:11.225+0800][7.721s][info][gc,phases   ] GC(248)   Pre Evacuate Collection Set: 0.10ms
[2026-06-17T10:02:11.225+0800][7.722s][info][gc,phases   ] GC(248)   Merge Heap Roots: 0.04ms
[2026-06-17T10:02:11.225+0800][7.722s][info][gc,phases   ] GC(248)   Evacuate Collection Set: 0.23ms
[2026-06-17T10:02:11.225+0800][7.722s][info][gc,phases   ] GC(248)   Post Evacuate Collection Set: 0.15ms
[2026-06-17T10:02:11.225+0800][7.722s][info][gc,phases   ] GC(248)   Other: 0.16ms
[2026-06-17T10:02:11.225+0800][7.722s][info][gc,heap     ] GC(248) Eden regions: 8->0(9)
[2026-06-17T10:02:11.225+0800][7.722s][info][gc,heap     ] GC(248) Survivor regions: 2->2(2)
[2026-06-17T10:02:11.225+0800][7.722s][info][gc,heap     ] GC(248) Old regions: 28->29
[2026-06-17T10:02:11.226+0800][7.722s][info][gc,heap     ] GC(248) Humongous regions: 15->15
[2026-06-17T10:02:11.226+0800][7.723s][info][gc,metaspace] GC(248) Metaspace: 110K(320K)->110K(320K) NonClass: 103K(192K)->103K(192K) Class: 7K(128K)->7K(128K)
[2026-06-17T10:02:11.226+0800][7.723s][info][gc          ] GC(248) Pause Young (Prepare Mixed) (G1 Evacuation Pause) 52M->45M(64M) 2.352ms
[2026-06-17T10:02:11.226+0800][7.723s][info][gc,cpu      ] GC(248) User=0.00s Sys=0.00s Real=0.00s
[2026-06-17T10:02:11.247+0800][7.744s][info][gc,start    ] GC(249) Pause Young (Mixed) (G1 Evacuation Pause)
[2026-06-17T10:02:11.248+0800][7.745s][info][gc,task     ] GC(249) Using 2 workers of 18 for evacuation
[2026-06-17T10:02:11.249+0800][7.745s][info][gc,phases   ] GC(249)   Pre Evacuate Collection Set: 0.10ms
[2026-06-17T10:02:11.249+0800][7.746s][info][gc,phases   ] GC(249)   Merge Heap Roots: 0.04ms
[2026-06-17T10:02:11.249+0800][7.746s][info][gc,phases   ] GC(249)   Evacuate Collection Set: 0.48ms
[2026-06-17T10:02:11.249+0800][7.746s][info][gc,phases   ] GC(249)   Post Evacuate Collection Set: 0.16ms
[2026-06-17T10:02:11.249+0800][7.746s][info][gc,phases   ] GC(249)   Other: 0.19ms
[2026-06-17T10:02:11.250+0800][7.747s][info][gc,heap     ] GC(249) Eden regions: 9->0(10)
[2026-06-17T10:02:11.250+0800][7.747s][info][gc,heap     ] GC(249) Survivor regions: 2->2(2)
[2026-06-17T10:02:11.250+0800][7.747s][info][gc,heap     ] GC(249) Old regions: 29->27
[2026-06-17T10:02:11.251+0800][7.748s][info][gc,heap     ] GC(249) Humongous regions: 15->15
[2026-06-17T10:02:11.251+0800][7.748s][info][gc,metaspace] GC(249) Metaspace: 110K(320K)->110K(320K) NonClass: 103K(192K)->103K(192K) Class: 7K(128K)->7K(128K)
[2026-06-17T10:02:11.251+0800][7.748s][info][gc          ] GC(249) Pause Young (Mixed) (G1 Evacuation Pause) 54M->43M(64M) 3.737ms
[2026-06-17T10:02:11.251+0800][7.748s][info][gc,cpu      ] GC(249) User=0.00s Sys=0.00s Real=0.01s
[2026-06-17T10:02:11.283+0800][7.780s][info][gc,start    ] GC(250) Pause Young (Concurrent Start) (G1 Evacuation Pause)
[2026-06-17T10:02:11.283+0800][7.780s][info][gc,task     ] GC(250) Using 2 workers of 18 for evacuation
[2026-06-17T10:02:11.285+0800][7.781s][info][gc,phases   ] GC(250)   Pre Evacuate Collection Set: 0.16ms
[2026-06-17T10:02:11.285+0800][7.782s][info][gc,phases   ] GC(250)   Merge Heap Roots: 0.07ms
[2026-06-17T10:02:11.285+0800][7.782s][info][gc,phases   ] GC(250)   Evacuate Collection Set: 0.35ms
[2026-06-17T10:02:11.285+0800][7.782s][info][gc,phases   ] GC(250)   Post Evacuate Collection Set: 0.19ms
[2026-06-17T10:02:11.285+0800][7.782s][info][gc,phases   ] GC(250)   Other: 0.31ms
[2026-06-17T10:02:11.285+0800][7.782s][info][gc,heap     ] GC(250) Eden regions: 10->0(7)
[2026-06-17T10:02:11.286+0800][7.782s][info][gc,heap     ] GC(250) Survivor regions: 2->2(2)
[2026-06-17T10:02:11.286+0800][7.783s][info][gc,heap     ] GC(250) Old regions: 27->30
[2026-06-17T10:02:11.286+0800][7.783s][info][gc,heap     ] GC(250) Humongous regions: 15->15
[2026-06-17T10:02:11.286+0800][7.783s][info][gc,metaspace] GC(250) Metaspace: 110K(320K)->110K(320K) NonClass: 103K(192K)->103K(192K) Class: 7K(128K)->7K(128K)
[2026-06-17T10:02:11.287+0800][7.783s][info][gc          ] GC(250) Pause Young (Concurrent Start) (G1 Evacuation Pause) 53M->46M(64M) 3.621ms
[2026-06-17T10:02:11.287+0800][7.784s][info][gc,cpu      ] GC(250) User=0.00s Sys=0.00s Real=0.00s
[2026-06-17T10:02:11.287+0800][7.784s][info][gc          ] GC(251) Concurrent Mark Cycle
[2026-06-17T10:02:11.287+0800][7.784s][info][gc,marking  ] GC(251) Concurrent Scan Root Regions
[2026-06-17T10:02:11.287+0800][7.784s][info][gc,marking  ] GC(251) Concurrent Scan Root Regions 0.182ms
[2026-06-17T10:02:11.287+0800][7.784s][info][gc,marking  ] GC(251) Concurrent Mark
[2026-06-17T10:02:11.287+0800][7.784s][info][gc,marking  ] GC(251) Concurrent Mark From Roots
[2026-06-17T10:02:11.288+0800][7.784s][info][gc,task     ] GC(251) Using 5 workers of 5 for marking
[2026-06-17T10:02:11.289+0800][7.786s][info][gc,marking  ] GC(251) Concurrent Mark From Roots 1.281ms
[2026-06-17T10:02:11.289+0800][7.786s][info][gc,marking  ] GC(251) Concurrent Preclean
[2026-06-17T10:02:11.289+0800][7.786s][info][gc,marking  ] GC(251) Concurrent Preclean 0.093ms
[2026-06-17T10:02:11.289+0800][7.786s][info][gc,start    ] GC(251) Pause Remark
[2026-06-17T10:02:11.290+0800][7.786s][info][gc          ] GC(251) Pause Remark 49M->42M(64M) 0.417ms
[2026-06-17T10:02:11.290+0800][7.787s][info][gc,cpu      ] GC(251) User=0.00s Sys=0.00s Real=0.00s
[2026-06-17T10:02:11.290+0800][7.787s][info][gc,marking  ] GC(251) Concurrent Mark 2.391ms
[2026-06-17T10:02:11.290+0800][7.787s][info][gc,marking  ] GC(251) Concurrent Rebuild Remembered Sets and Scrub Regions
[2026-06-17T10:02:11.290+0800][7.787s][info][gc,marking  ] GC(251) Concurrent Rebuild Remembered Sets and Scrub Regions 0.413ms
[2026-06-17T10:02:11.290+0800][7.787s][info][gc,start    ] GC(251) Pause Cleanup
[2026-06-17T10:02:11.291+0800][7.787s][info][gc          ] GC(251) Pause Cleanup 42M->42M(64M) 0.137ms
[2026-06-17T10:02:11.291+0800][7.787s][info][gc,cpu      ] GC(251) User=0.00s Sys=0.00s Real=0.01s
[2026-06-17T10:02:11.291+0800][7.788s][info][gc,marking  ] GC(251) Concurrent Clear Claimed Marks
[2026-06-17T10:02:11.291+0800][7.788s][info][gc,marking  ] GC(251) Concurrent Clear Claimed Marks 0.067ms
[2026-06-17T10:02:11.291+0800][7.788s][info][gc,marking  ] GC(251) Concurrent Cleanup for Next Mark
[2026-06-17T10:02:11.291+0800][7.788s][info][gc,marking  ] GC(251) Concurrent Cleanup for Next Mark 0.165ms
[2026-06-17T10:02:11.291+0800][7.788s][info][gc          ] GC(251) Concurrent Mark Cycle 4.218ms
[2026-06-17T10:02:11.298+0800][7.795s][info][gc,start    ] GC(252) Pause Young (Prepare Mixed) (G1 Evacuation Pause)
[2026-06-17T10:02:11.298+0800][7.795s][info][gc,task     ] GC(252) Using 2 workers of 18 for evacuation
[2026-06-17T10:02:11.299+0800][7.796s][info][gc,phases   ] GC(252)   Pre Evacuate Collection Set: 0.11ms
[2026-06-17T10:02:11.299+0800][7.796s][info][gc,phases   ] GC(252)   Merge Heap Roots: 0.09ms
[2026-06-17T10:02:11.299+0800][7.796s][info][gc,phases   ] GC(252)   Evacuate Collection Set: 0.25ms
[2026-06-17T10:02:11.299+0800][7.796s][info][gc,phases   ] GC(252)   Post Evacuate Collection Set: 0.21ms
[2026-06-17T10:02:11.299+0800][7.796s][info][gc,phases   ] GC(252)   Other: 0.18ms
[2026-06-17T10:02:11.299+0800][7.796s][info][gc,heap     ] GC(252) Eden regions: 7->0(15)
[2026-06-17T10:02:11.300+0800][7.796s][info][gc,heap     ] GC(252) Survivor regions: 2->1(2)
[2026-06-17T10:02:11.300+0800][7.796s][info][gc,heap     ] GC(252) Old regions: 23->24
[2026-06-17T10:02:11.300+0800][7.797s][info][gc,heap     ] GC(252) Humongous regions: 15->15
[2026-06-17T10:02:11.300+0800][7.797s][info][gc,metaspace] GC(252) Metaspace: 110K(320K)->110K(320K) NonClass: 103K(192K)->103K(192K) Class: 7K(128K)->7K(128K)
[2026-06-17T10:02:11.300+0800][7.797s][info][gc          ] GC(252) Pause Young (Prepare Mixed) (G1 Evacuation Pause) 46M->38M(64M) 2.378ms
[2026-06-17T10:02:11.300+0800][7.797s][info][gc,cpu      ] GC(252) User=0.00s Sys=0.00s Real=0.00s
[2026-06-17T10:02:11.342+0800][7.839s][info][gc,start    ] GC(253) Pause Young (Mixed) (G1 Evacuation Pause)
[2026-06-17T10:02:11.345+0800][7.842s][info][gc,task     ] GC(253) Using 2 workers of 18 for evacuation
[2026-06-17T10:02:11.347+0800][7.844s][info][gc,phases   ] GC(253)   Pre Evacuate Collection Set: 0.13ms
[2026-06-17T10:02:11.347+0800][7.844s][info][gc,phases   ] GC(253)   Merge Heap Roots: 0.05ms
[2026-06-17T10:02:11.347+0800][7.844s][info][gc,phases   ] GC(253)   Evacuate Collection Set: 0.55ms
[2026-06-17T10:02:11.348+0800][7.845s][info][gc,phases   ] GC(253)   Post Evacuate Collection Set: 0.33ms
[2026-06-17T10:02:11.348+0800][7.845s][info][gc,phases   ] GC(253)   Other: 1.10ms
[2026-06-17T10:02:11.348+0800][7.845s][info][gc,heap     ] GC(253) Eden regions: 15->0(13)
[2026-06-17T10:02:11.349+0800][7.845s][info][gc,heap     ] GC(253) Survivor regions: 1->2(2)
[2026-06-17T10:02:11.349+0800][7.846s][info][gc,heap     ] GC(253) Old regions: 24->22
[2026-06-17T10:02:11.349+0800][7.846s][info][gc,heap     ] GC(253) Humongous regions: 16->16
[2026-06-17T10:02:11.349+0800][7.846s][info][gc,metaspace] GC(253) Metaspace: 110K(320K)->110K(320K) NonClass: 103K(192K)->103K(192K) Class: 7K(128K)->7K(128K)
[2026-06-17T10:02:11.349+0800][7.846s][info][gc          ] GC(253) Pause Young (Mixed) (G1 Evacuation Pause) 54M->39M(64M) 7.138ms
[2026-06-17T10:02:11.349+0800][7.846s][info][gc,cpu      ] GC(253) User=0.00s Sys=0.00s Real=0.01s
[2026-06-17T10:02:11.381+0800][7.878s][info][gc,start    ] GC(254) Pause Young (Mixed) (G1 Evacuation Pause)
[2026-06-17T10:02:11.382+0800][7.878s][info][gc,task     ] GC(254) Using 2 workers of 18 for evacuation
[2026-06-17T10:02:11.383+0800][7.880s][info][gc,phases   ] GC(254)   Pre Evacuate Collection Set: 0.18ms
[2026-06-17T10:02:11.383+0800][7.880s][info][gc,phases   ] GC(254)   Merge Heap Roots: 0.08ms
[2026-06-17T10:02:11.383+0800][7.880s][info][gc,phases   ] GC(254)   Evacuate Collection Set: 0.48ms
[2026-06-17T10:02:11.384+0800][7.880s][info][gc,phases   ] GC(254)   Post Evacuate Collection Set: 0.31ms
[2026-06-17T10:02:11.384+0800][7.881s][info][gc,phases   ] GC(254)   Other: 0.34ms
[2026-06-17T10:02:11.384+0800][7.881s][info][gc,heap     ] GC(254) Eden regions: 13->0(11)
[2026-06-17T10:02:11.384+0800][7.881s][info][gc,heap     ] GC(254) Survivor regions: 2->2(2)
[2026-06-17T10:02:11.385+0800][7.881s][info][gc,heap     ] GC(254) Old regions: 22->25
[2026-06-17T10:02:11.385+0800][7.882s][info][gc,heap     ] GC(254) Humongous regions: 16->16
[2026-06-17T10:02:11.385+0800][7.882s][info][gc,metaspace] GC(254) Metaspace: 110K(320K)->110K(320K) NonClass: 103K(192K)->103K(192K) Class: 7K(128K)->7K(128K)
[2026-06-17T10:02:11.385+0800][7.882s][info][gc          ] GC(254) Pause Young (Mixed) (G1 Evacuation Pause) 52M->42M(64M) 3.885ms
[2026-06-17T10:02:11.385+0800][7.882s][info][gc,cpu      ] GC(254) User=0.00s Sys=0.00s Real=0.01s
[2026-06-17T10:02:11.417+0800][7.914s][info][gc,start    ] GC(255) Pause Young (Concurrent Start) (G1 Evacuation Pause)
[2026-06-17T10:02:11.417+0800][7.914s][info][gc,task     ] GC(255) Using 2 workers of 18 for evacuation
[2026-06-17T10:02:11.419+0800][7.916s][info][gc,phases   ] GC(255)   Pre Evacuate Collection Set: 0.26ms
[2026-06-17T10:02:11.419+0800][7.916s][info][gc,phases   ] GC(255)   Merge Heap Roots: 0.07ms
[2026-06-17T10:02:11.420+0800][7.917s][info][gc,phases   ] GC(255)   Evacuate Collection Set: 0.43ms
[2026-06-17T10:02:11.420+0800][7.917s][info][gc,phases   ] GC(255)   Post Evacuate Collection Set: 0.31ms
[2026-06-17T10:02:11.420+0800][7.917s][info][gc,phases   ] GC(255)   Other: 0.52ms
[2026-06-17T10:02:11.421+0800][7.917s][info][gc,heap     ] GC(255) Eden regions: 11->0(8)
[2026-06-17T10:02:11.421+0800][7.918s][info][gc,heap     ] GC(255) Survivor regions: 2->2(2)
[2026-06-17T10:02:11.421+0800][7.918s][info][gc,heap     ] GC(255) Old regions: 25->28
[2026-06-17T10:02:11.421+0800][7.918s][info][gc,heap     ] GC(255) Humongous regions: 16->16
[2026-06-17T10:02:11.421+0800][7.918s][info][gc,metaspace] GC(255) Metaspace: 110K(320K)->110K(320K) NonClass: 103K(192K)->103K(192K) Class: 7K(128K)->7K(128K)
[2026-06-17T10:02:11.421+0800][7.918s][info][gc          ] GC(255) Pause Young (Concurrent Start) (G1 Evacuation Pause) 53M->45M(64M) 4.568ms
[2026-06-17T10:02:11.422+0800][7.918s][info][gc,cpu      ] GC(255) User=0.00s Sys=0.00s Real=0.00s
[2026-06-17T10:02:11.422+0800][7.918s][info][gc          ] GC(256) Concurrent Mark Cycle
[2026-06-17T10:02:11.422+0800][7.919s][info][gc,marking  ] GC(256) Concurrent Scan Root Regions
[2026-06-17T10:02:11.422+0800][7.919s][info][gc,marking  ] GC(256) Concurrent Scan Root Regions 0.250ms
[2026-06-17T10:02:11.422+0800][7.919s][info][gc,marking  ] GC(256) Concurrent Mark
[2026-06-17T10:02:11.423+0800][7.919s][info][gc,marking  ] GC(256) Concurrent Mark From Roots
[2026-06-17T10:02:11.423+0800][7.920s][info][gc,task     ] GC(256) Using 5 workers of 5 for marking
[2026-06-17T10:02:11.424+0800][7.921s][info][gc,marking  ] GC(256) Concurrent Mark From Roots 1.435ms
[2026-06-17T10:02:11.424+0800][7.921s][info][gc,marking  ] GC(256) Concurrent Preclean
[2026-06-17T10:02:11.424+0800][7.921s][info][gc,marking  ] GC(256) Concurrent Preclean 0.115ms
[2026-06-17T10:02:11.424+0800][7.921s][info][gc,start    ] GC(256) Pause Remark
[2026-06-17T10:02:11.425+0800][7.922s][info][gc          ] GC(256) Pause Remark 47M->39M(64M) 0.391ms
[2026-06-17T10:02:11.425+0800][7.922s][info][gc,cpu      ] GC(256) User=0.00s Sys=0.00s Real=0.00s
[2026-06-17T10:02:11.425+0800][7.922s][info][gc,marking  ] GC(256) Concurrent Mark 2.757ms
[2026-06-17T10:02:11.425+0800][7.922s][info][gc,marking  ] GC(256) Concurrent Rebuild Remembered Sets and Scrub Regions
[2026-06-17T10:02:11.426+0800][7.923s][info][gc,marking  ] GC(256) Concurrent Rebuild Remembered Sets and Scrub Regions 0.701ms
[2026-06-17T10:02:11.426+0800][7.923s][info][gc,start    ] GC(256) Pause Cleanup
[2026-06-17T10:02:11.426+0800][7.923s][info][gc          ] GC(256) Pause Cleanup 39M->39M(64M) 0.180ms
[2026-06-17T10:02:11.427+0800][7.923s][info][gc,cpu      ] GC(256) User=0.00s Sys=0.00s Real=0.00s
[2026-06-17T10:02:11.427+0800][7.923s][info][gc,marking  ] GC(256) Concurrent Clear Claimed Marks
[2026-06-17T10:02:11.427+0800][7.924s][info][gc,marking  ] GC(256) Concurrent Clear Claimed Marks 0.084ms
[2026-06-17T10:02:11.427+0800][7.924s][info][gc,marking  ] GC(256) Concurrent Cleanup for Next Mark
[2026-06-17T10:02:11.427+0800][7.924s][info][gc,marking  ] GC(256) Concurrent Cleanup for Next Mark 0.172ms
[2026-06-17T10:02:11.427+0800][7.924s][info][gc          ] GC(256) Concurrent Mark Cycle 5.478ms
[2026-06-17T10:02:11.443+0800][7.940s][info][gc,start    ] GC(257) Pause Young (Prepare Mixed) (G1 Evacuation Pause)
[2026-06-17T10:02:11.444+0800][7.940s][info][gc,task     ] GC(257) Using 2 workers of 18 for evacuation
[2026-06-17T10:02:11.445+0800][7.942s][info][gc,phases   ] GC(257)   Pre Evacuate Collection Set: 0.15ms
[2026-06-17T10:02:11.448+0800][7.945s][info][gc,phases   ] GC(257)   Merge Heap Roots: 0.08ms
[2026-06-17T10:02:11.450+0800][7.947s][info][gc,phases   ] GC(257)   Evacuate Collection Set: 0.29ms
[2026-06-17T10:02:11.451+0800][7.948s][info][gc,phases   ] GC(257)   Post Evacuate Collection Set: 0.19ms
[2026-06-17T10:02:11.453+0800][7.949s][info][gc,phases   ] GC(257)   Other: 0.81ms
[2026-06-17T10:02:11.454+0800][7.951s][info][gc,heap     ] GC(257) Eden regions: 8->0(15)
[2026-06-17T10:02:11.454+0800][7.951s][info][gc,heap     ] GC(257) Survivor regions: 2->2(2)
[2026-06-17T10:02:11.454+0800][7.951s][info][gc,heap     ] GC(257) Old regions: 20->21
[2026-06-17T10:02:11.454+0800][7.951s][info][gc,heap     ] GC(257) Humongous regions: 16->16
[2026-06-17T10:02:11.455+0800][7.951s][info][gc,metaspace] GC(257) Metaspace: 110K(320K)->110K(320K) NonClass: 103K(192K)->103K(192K) Class: 7K(128K)->7K(128K)
[2026-06-17T10:02:11.455+0800][7.951s][info][gc          ] GC(257) Pause Young (Prepare Mixed) (G1 Evacuation Pause) 45M->38M(64M) 11.814ms
[2026-06-17T10:02:11.455+0800][7.952s][info][gc,cpu      ] GC(257) User=0.00s Sys=0.00s Real=0.01s
[2026-06-17T10:02:11.487+0800][7.983s][info][gc,start    ] GC(258) Pause Young (Mixed) (G1 Evacuation Pause)
[2026-06-17T10:02:11.487+0800][7.984s][info][gc,task     ] GC(258) Using 2 workers of 18 for evacuation
[2026-06-17T10:02:11.488+0800][7.985s][info][gc,phases   ] GC(258)   Pre Evacuate Collection Set: 0.16ms
[2026-06-17T10:02:11.489+0800][7.985s][info][gc,phases   ] GC(258)   Merge Heap Roots: 0.06ms
[2026-06-17T10:02:11.489+0800][7.986s][info][gc,phases   ] GC(258)   Evacuate Collection Set: 0.46ms
[2026-06-17T10:02:11.489+0800][7.986s][info][gc,phases   ] GC(258)   Post Evacuate Collection Set: 0.20ms
[2026-06-17T10:02:11.489+0800][7.986s][info][gc,phases   ] GC(258)   Other: 0.33ms
[2026-06-17T10:02:11.489+0800][7.986s][info][gc,heap     ] GC(258) Eden regions: 15->0(16)
[2026-06-17T10:02:11.489+0800][7.986s][info][gc,heap     ] GC(258) Survivor regions: 2->3(3)
[2026-06-17T10:02:11.489+0800][7.986s][info][gc,heap     ] GC(258) Old regions: 21->18
[2026-06-17T10:02:11.490+0800][7.986s][info][gc,heap     ] GC(258) Humongous regions: 16->16
[2026-06-17T10:02:11.490+0800][7.987s][info][gc,metaspace] GC(258) Metaspace: 110K(320K)->110K(320K) NonClass: 103K(192K)->103K(192K) Class: 7K(128K)->7K(128K)
[2026-06-17T10:02:11.490+0800][7.987s][info][gc          ] GC(258) Pause Young (Mixed) (G1 Evacuation Pause) 53M->36M(64M) 3.332ms
[2026-06-17T10:02:11.490+0800][7.987s][info][gc,cpu      ] GC(258) User=0.00s Sys=0.00s Real=0.00s
[2026-06-17T10:02:11.532+0800][8.029s][info][gc,start    ] GC(259) Pause Young (Normal) (G1 Evacuation Pause)
[2026-06-17T10:02:11.533+0800][8.029s][info][gc,task     ] GC(259) Using 2 workers of 18 for evacuation
[2026-06-17T10:02:11.534+0800][8.031s][info][gc,phases   ] GC(259)   Pre Evacuate Collection Set: 0.16ms
[2026-06-17T10:02:11.534+0800][8.031s][info][gc,phases   ] GC(259)   Merge Heap Roots: 0.13ms
[2026-06-17T10:02:11.535+0800][8.031s][info][gc,phases   ] GC(259)   Evacuate Collection Set: 0.57ms
[2026-06-17T10:02:11.535+0800][8.032s][info][gc,phases   ] GC(259)   Post Evacuate Collection Set: 0.19ms
[2026-06-17T10:02:11.535+0800][8.032s][info][gc,phases   ] GC(259)   Other: 0.34ms
[2026-06-17T10:02:11.535+0800][8.032s][info][gc,heap     ] GC(259) Eden regions: 16->0(9)
[2026-06-17T10:02:11.535+0800][8.032s][info][gc,heap     ] GC(259) Survivor regions: 3->3(3)
[2026-06-17T10:02:11.536+0800][8.032s][info][gc,heap     ] GC(259) Old regions: 18->24
[2026-06-17T10:02:11.536+0800][8.033s][info][gc,heap     ] GC(259) Humongous regions: 18->18
[2026-06-17T10:02:11.536+0800][8.033s][info][gc,metaspace] GC(259) Metaspace: 110K(320K)->110K(320K) NonClass: 103K(192K)->103K(192K) Class: 7K(128K)->7K(128K)
[2026-06-17T10:02:11.536+0800][8.033s][info][gc          ] GC(259) Pause Young (Normal) (G1 Evacuation Pause) 54M->44M(64M) 3.994ms
[2026-06-17T10:02:11.536+0800][8.033s][info][gc,cpu      ] GC(259) User=0.00s Sys=0.00s Real=0.00s
[2026-06-17T10:02:11.557+0800][8.054s][info][gc,start    ] GC(260) Pause Young (Concurrent Start) (G1 Evacuation Pause)
[2026-06-17T10:02:11.560+0800][8.056s][info][gc,task     ] GC(260) Using 2 workers of 18 for evacuation
[2026-06-17T10:02:11.561+0800][8.058s][info][gc,phases   ] GC(260)   Pre Evacuate Collection Set: 0.20ms
[2026-06-17T10:02:11.561+0800][8.058s][info][gc,phases   ] GC(260)   Merge Heap Roots: 0.06ms
[2026-06-17T10:02:11.561+0800][8.058s][info][gc,phases   ] GC(260)   Evacuate Collection Set: 0.24ms
[2026-06-17T10:02:11.561+0800][8.058s][info][gc,phases   ] GC(260)   Post Evacuate Collection Set: 0.37ms
[2026-06-17T10:02:11.562+0800][8.058s][info][gc,phases   ] GC(260)   Other: 0.47ms
[2026-06-17T10:02:11.562+0800][8.058s][info][gc,heap     ] GC(260) Eden regions: 9->0(11)
[2026-06-17T10:02:11.562+0800][8.059s][info][gc,heap     ] GC(260) Survivor regions: 3->1(2)
[2026-06-17T10:02:11.562+0800][8.059s][info][gc,heap     ] GC(260) Old regions: 24->25
[2026-06-17T10:02:11.562+0800][8.059s][info][gc,heap     ] GC(260) Humongous regions: 18->18
[2026-06-17T10:02:11.562+0800][8.059s][info][gc,metaspace] GC(260) Metaspace: 110K(320K)->110K(320K) NonClass: 103K(192K)->103K(192K) Class: 7K(128K)->7K(128K)
[2026-06-17T10:02:11.562+0800][8.059s][info][gc          ] GC(260) Pause Young (Concurrent Start) (G1 Evacuation Pause) 53M->43M(64M) 4.710ms
[2026-06-17T10:02:11.562+0800][8.059s][info][gc,cpu      ] GC(260) User=0.00s Sys=0.00s Real=0.00s
[2026-06-17T10:02:11.562+0800][8.059s][info][gc          ] GC(261) Concurrent Mark Cycle
[2026-06-17T10:02:11.562+0800][8.059s][info][gc,marking  ] GC(261) Concurrent Scan Root Regions
[2026-06-17T10:02:11.563+0800][8.059s][info][gc,marking  ] GC(261) Concurrent Scan Root Regions 0.221ms
[2026-06-17T10:02:11.563+0800][8.060s][info][gc,marking  ] GC(261) Concurrent Mark
[2026-06-17T10:02:11.563+0800][8.060s][info][gc,marking  ] GC(261) Concurrent Mark From Roots
[2026-06-17T10:02:11.563+0800][8.060s][info][gc,task     ] GC(261) Using 5 workers of 5 for marking
[2026-06-17T10:02:11.564+0800][8.061s][info][gc,marking  ] GC(261) Concurrent Mark From Roots 1.220ms
[2026-06-17T10:02:11.564+0800][8.061s][info][gc,marking  ] GC(261) Concurrent Preclean
[2026-06-17T10:02:11.564+0800][8.061s][info][gc,marking  ] GC(261) Concurrent Preclean 0.099ms
[2026-06-17T10:02:11.564+0800][8.061s][info][gc,start    ] GC(261) Pause Remark
[2026-06-17T10:02:11.565+0800][8.062s][info][gc          ] GC(261) Pause Remark 44M->44M(64M) 1.060ms
[2026-06-17T10:02:11.566+0800][8.062s][info][gc,cpu      ] GC(261) User=0.00s Sys=0.00s Real=0.00s
[2026-06-17T10:02:11.566+0800][8.063s][info][gc,marking  ] GC(261) Concurrent Mark 3.003ms
[2026-06-17T10:02:11.566+0800][8.063s][info][gc,marking  ] GC(261) Concurrent Rebuild Remembered Sets and Scrub Regions
[2026-06-17T10:02:11.566+0800][8.063s][info][gc,marking  ] GC(261) Concurrent Rebuild Remembered Sets and Scrub Regions 0.420ms
[2026-06-17T10:02:11.566+0800][8.063s][info][gc,start    ] GC(261) Pause Cleanup
[2026-06-17T10:02:11.567+0800][8.063s][info][gc          ] GC(261) Pause Cleanup 44M->44M(64M) 0.166ms
[2026-06-17T10:02:11.567+0800][8.063s][info][gc,cpu      ] GC(261) User=0.00s Sys=0.00s Real=0.00s
[2026-06-17T10:02:11.567+0800][8.064s][info][gc,marking  ] GC(261) Concurrent Clear Claimed Marks
[2026-06-17T10:02:11.567+0800][8.064s][info][gc,marking  ] GC(261) Concurrent Clear Claimed Marks 0.122ms
[2026-06-17T10:02:11.567+0800][8.064s][info][gc,marking  ] GC(261) Concurrent Cleanup for Next Mark
[2026-06-17T10:02:11.567+0800][8.064s][info][gc,marking  ] GC(261) Concurrent Cleanup for Next Mark 0.163ms
[2026-06-17T10:02:11.567+0800][8.064s][info][gc          ] GC(261) Concurrent Mark Cycle 5.015ms
[2026-06-17T10:02:11.594+0800][8.091s][info][gc,start    ] GC(262) Pause Young (Prepare Mixed) (G1 Evacuation Pause)
[2026-06-17T10:02:11.594+0800][8.091s][info][gc,task     ] GC(262) Using 2 workers of 18 for evacuation
[2026-06-17T10:02:11.595+0800][8.092s][info][gc,phases   ] GC(262)   Pre Evacuate Collection Set: 0.17ms
[2026-06-17T10:02:11.596+0800][8.093s][info][gc,phases   ] GC(262)   Merge Heap Roots: 0.12ms
[2026-06-17T10:02:11.596+0800][8.093s][info][gc,phases   ] GC(262)   Evacuate Collection Set: 0.40ms
[2026-06-17T10:02:11.596+0800][8.093s][info][gc,phases   ] GC(262)   Post Evacuate Collection Set: 0.35ms
[2026-06-17T10:02:11.596+0800][8.093s][info][gc,phases   ] GC(262)   Other: 0.31ms
[2026-06-17T10:02:11.596+0800][8.093s][info][gc,heap     ] GC(262) Eden regions: 11->0(8)
[2026-06-17T10:02:11.596+0800][8.093s][info][gc,heap     ] GC(262) Survivor regions: 1->2(2)
[2026-06-17T10:02:11.597+0800][8.093s][info][gc,heap     ] GC(262) Old regions: 25->28
[2026-06-17T10:02:11.597+0800][8.094s][info][gc,heap     ] GC(262) Humongous regions: 18->18
[2026-06-17T10:02:11.597+0800][8.094s][info][gc,metaspace] GC(262) Metaspace: 110K(320K)->110K(320K) NonClass: 103K(192K)->103K(192K) Class: 7K(128K)->7K(128K)
[2026-06-17T10:02:11.597+0800][8.094s][info][gc          ] GC(262) Pause Young (Prepare Mixed) (G1 Evacuation Pause) 54M->47M(64M) 3.293ms
[2026-06-17T10:02:11.597+0800][8.094s][info][gc,cpu      ] GC(262) User=0.00s Sys=0.00s Real=0.00s
[2026-06-17T10:02:11.618+0800][8.115s][info][gc,start    ] GC(263) Pause Young (Mixed) (G1 Evacuation Pause)
[2026-06-17T10:02:11.619+0800][8.116s][info][gc,task     ] GC(263) Using 2 workers of 18 for evacuation
[2026-06-17T10:02:11.621+0800][8.117s][info][gc,phases   ] GC(263)   Pre Evacuate Collection Set: 0.25ms
[2026-06-17T10:02:11.621+0800][8.118s][info][gc,phases   ] GC(263)   Merge Heap Roots: 0.06ms
[2026-06-17T10:02:11.621+0800][8.118s][info][gc,phases   ] GC(263)   Evacuate Collection Set: 0.53ms
[2026-06-17T10:02:11.621+0800][8.118s][info][gc,phases   ] GC(263)   Post Evacuate Collection Set: 0.44ms
[2026-06-17T10:02:11.622+0800][8.118s][info][gc,phases   ] GC(263)   Other: 0.61ms
[2026-06-17T10:02:11.622+0800][8.119s][info][gc,heap     ] GC(263) Eden regions: 8->0(9)
[2026-06-17T10:02:11.622+0800][8.119s][info][gc,heap     ] GC(263) Survivor regions: 2->2(2)
[2026-06-17T10:02:11.622+0800][8.119s][info][gc,heap     ] GC(263) Old regions: 28->26
[2026-06-17T10:02:11.622+0800][8.119s][info][gc,heap     ] GC(263) Humongous regions: 18->18
[2026-06-17T10:02:11.622+0800][8.119s][info][gc,metaspace] GC(263) Metaspace: 110K(320K)->110K(320K) NonClass: 103K(192K)->103K(192K) Class: 7K(128K)->7K(128K)
[2026-06-17T10:02:11.622+0800][8.119s][info][gc          ] GC(263) Pause Young (Mixed) (G1 Evacuation Pause) 55M->45M(64M) 4.117ms
[2026-06-17T10:02:11.623+0800][8.119s][info][gc,cpu      ] GC(263) User=0.00s Sys=0.00s Real=0.01s
[2026-06-17T10:02:11.644+0800][8.141s][info][gc,start    ] GC(264) Pause Young (Concurrent Start) (G1 Evacuation Pause)
[2026-06-17T10:02:11.644+0800][8.141s][info][gc,task     ] GC(264) Using 2 workers of 18 for evacuation
[2026-06-17T10:02:11.645+0800][8.142s][info][gc,phases   ] GC(264)   Pre Evacuate Collection Set: 0.20ms
[2026-06-17T10:02:11.646+0800][8.143s][info][gc,phases   ] GC(264)   Merge Heap Roots: 0.07ms
[2026-06-17T10:02:11.646+0800][8.143s][info][gc,phases   ] GC(264)   Evacuate Collection Set: 0.45ms
[2026-06-17T10:02:11.646+0800][8.143s][info][gc,phases   ] GC(264)   Post Evacuate Collection Set: 0.23ms
[2026-06-17T10:02:11.646+0800][8.143s][info][gc,phases   ] GC(264)   Other: 0.36ms
[2026-06-17T10:02:11.646+0800][8.143s][info][gc,heap     ] GC(264) Eden regions: 9->0(5)
[2026-06-17T10:02:11.647+0800][8.143s][info][gc,heap     ] GC(264) Survivor regions: 2->2(2)
[2026-06-17T10:02:11.647+0800][8.144s][info][gc,heap     ] GC(264) Old regions: 26->30
[2026-06-17T10:02:11.647+0800][8.144s][info][gc,heap     ] GC(264) Humongous regions: 18->18
[2026-06-17T10:02:11.647+0800][8.144s][info][gc,metaspace] GC(264) Metaspace: 110K(320K)->110K(320K) NonClass: 103K(192K)->103K(192K) Class: 7K(128K)->7K(128K)
[2026-06-17T10:02:11.647+0800][8.144s][info][gc          ] GC(264) Pause Young (Concurrent Start) (G1 Evacuation Pause) 54M->49M(64M) 3.178ms
[2026-06-17T10:02:11.647+0800][8.144s][info][gc,cpu      ] GC(264) User=0.00s Sys=0.00s Real=0.00s
[2026-06-17T10:02:11.647+0800][8.144s][info][gc          ] GC(265) Concurrent Mark Cycle
[2026-06-17T10:02:11.647+0800][8.144s][info][gc,marking  ] GC(265) Concurrent Scan Root Regions
[2026-06-17T10:02:11.647+0800][8.144s][info][gc,marking  ] GC(265) Concurrent Scan Root Regions 0.146ms
[2026-06-17T10:02:11.648+0800][8.144s][info][gc,marking  ] GC(265) Concurrent Mark
[2026-06-17T10:02:11.648+0800][8.144s][info][gc,marking  ] GC(265) Concurrent Mark From Roots
[2026-06-17T10:02:11.648+0800][8.145s][info][gc,task     ] GC(265) Using 5 workers of 5 for marking
[2026-06-17T10:02:11.649+0800][8.146s][info][gc,marking  ] GC(265) Concurrent Mark From Roots 1.359ms
[2026-06-17T10:02:11.649+0800][8.146s][info][gc,marking  ] GC(265) Concurrent Preclean
[2026-06-17T10:02:11.649+0800][8.146s][info][gc,marking  ] GC(265) Concurrent Preclean 0.199ms
[2026-06-17T10:02:11.649+0800][8.146s][info][gc,start    ] GC(265) Pause Remark
[2026-06-17T10:02:11.650+0800][8.147s][info][gc          ] GC(265) Pause Remark 50M->44M(64M) 0.439ms
[2026-06-17T10:02:11.650+0800][8.147s][info][gc,cpu      ] GC(265) User=0.00s Sys=0.00s Real=0.00s
[2026-06-17T10:02:11.650+0800][8.147s][info][gc,marking  ] GC(265) Concurrent Mark 2.792ms
[2026-06-17T10:02:11.650+0800][8.147s][info][gc,marking  ] GC(265) Concurrent Rebuild Remembered Sets and Scrub Regions
[2026-06-17T10:02:11.651+0800][8.148s][info][gc,marking  ] GC(265) Concurrent Rebuild Remembered Sets and Scrub Regions 0.502ms
[2026-06-17T10:02:11.651+0800][8.148s][info][gc,start    ] GC(265) Pause Cleanup
[2026-06-17T10:02:11.651+0800][8.148s][info][gc          ] GC(265) Pause Cleanup 44M->44M(64M) 0.178ms
[2026-06-17T10:02:11.651+0800][8.148s][info][gc,cpu      ] GC(265) User=0.00s Sys=0.00s Real=0.00s
[2026-06-17T10:02:11.651+0800][8.148s][info][gc,marking  ] GC(265) Concurrent Clear Claimed Marks
[2026-06-17T10:02:11.652+0800][8.148s][info][gc,marking  ] GC(265) Concurrent Clear Claimed Marks 0.087ms
[2026-06-17T10:02:11.652+0800][8.149s][info][gc,marking  ] GC(265) Concurrent Cleanup for Next Mark
[2026-06-17T10:02:11.652+0800][8.149s][info][gc,marking  ] GC(265) Concurrent Cleanup for Next Mark 0.241ms
[2026-06-17T10:02:11.652+0800][8.149s][info][gc          ] GC(265) Concurrent Mark Cycle 4.966ms
[2026-06-17T10:02:11.658+0800][8.155s][info][gc,start    ] GC(266) Pause Young (Prepare Mixed) (G1 Evacuation Pause)
[2026-06-17T10:02:11.658+0800][8.155s][info][gc,task     ] GC(266) Using 2 workers of 18 for evacuation
[2026-06-17T10:02:11.659+0800][8.156s][info][gc,phases   ] GC(266)   Pre Evacuate Collection Set: 0.12ms
[2026-06-17T10:02:11.659+0800][8.156s][info][gc,phases   ] GC(266)   Merge Heap Roots: 0.04ms
[2026-06-17T10:02:11.659+0800][8.156s][info][gc,phases   ] GC(266)   Evacuate Collection Set: 0.33ms
[2026-06-17T10:02:11.659+0800][8.156s][info][gc,phases   ] GC(266)   Post Evacuate Collection Set: 0.16ms
[2026-06-17T10:02:11.659+0800][8.156s][info][gc,phases   ] GC(266)   Other: 0.14ms
[2026-06-17T10:02:11.659+0800][8.156s][info][gc,heap     ] GC(266) Eden regions: 5->0(9)
[2026-06-17T10:02:11.659+0800][8.156s][info][gc,heap     ] GC(266) Survivor regions: 2->1(1)
[2026-06-17T10:02:11.659+0800][8.156s][info][gc,heap     ] GC(266) Old regions: 24->27
[2026-06-17T10:02:11.660+0800][8.156s][info][gc,heap     ] GC(266) Humongous regions: 18->18
[2026-06-17T10:02:11.660+0800][8.156s][info][gc,metaspace] GC(266) Metaspace: 110K(320K)->110K(320K) NonClass: 103K(192K)->103K(192K) Class: 7K(128K)->7K(128K)
[2026-06-17T10:02:11.660+0800][8.157s][info][gc          ] GC(266) Pause Young (Prepare Mixed) (G1 Evacuation Pause) 48M->45M(64M) 1.977ms
[2026-06-17T10:02:11.660+0800][8.157s][info][gc,cpu      ] GC(266) User=0.00s Sys=0.00s Real=0.00s
[2026-06-17T10:02:11.691+0800][8.188s][info][gc,start    ] GC(267) Pause Young (Mixed) (G1 Evacuation Pause)
[2026-06-17T10:02:11.691+0800][8.188s][info][gc,task     ] GC(267) Using 2 workers of 18 for evacuation
[2026-06-17T10:02:11.692+0800][8.189s][info][gc,phases   ] GC(267)   Pre Evacuate Collection Set: 0.10ms
[2026-06-17T10:02:11.692+0800][8.189s][info][gc,phases   ] GC(267)   Merge Heap Roots: 0.04ms
[2026-06-17T10:02:11.693+0800][8.189s][info][gc,phases   ] GC(267)   Evacuate Collection Set: 0.37ms
[2026-06-17T10:02:11.693+0800][8.190s][info][gc,phases   ] GC(267)   Post Evacuate Collection Set: 0.31ms
[2026-06-17T10:02:11.693+0800][8.190s][info][gc,phases   ] GC(267)   Other: 0.15ms
[2026-06-17T10:02:11.693+0800][8.190s][info][gc,heap     ] GC(267) Eden regions: 9->0(10)
[2026-06-17T10:02:11.693+0800][8.190s][info][gc,heap     ] GC(267) Survivor regions: 1->2(2)
[2026-06-17T10:02:11.693+0800][8.190s][info][gc,heap     ] GC(267) Old regions: 27->23
[2026-06-17T10:02:11.693+0800][8.190s][info][gc,heap     ] GC(267) Humongous regions: 18->18
[2026-06-17T10:02:11.693+0800][8.190s][info][gc,metaspace] GC(267) Metaspace: 110K(320K)->110K(320K) NonClass: 103K(192K)->103K(192K) Class: 7K(128K)->7K(128K)
[2026-06-17T10:02:11.693+0800][8.190s][info][gc          ] GC(267) Pause Young (Mixed) (G1 Evacuation Pause) 54M->42M(64M) 2.606ms
[2026-06-17T10:02:11.694+0800][8.190s][info][gc,cpu      ] GC(267) User=0.00s Sys=0.00s Real=0.00s
[2026-06-17T10:02:11.715+0800][8.212s][info][gc,start    ] GC(268) Pause Young (Mixed) (G1 Evacuation Pause)
[2026-06-17T10:02:11.715+0800][8.212s][info][gc,task     ] GC(268) Using 2 workers of 18 for evacuation
[2026-06-17T10:02:11.717+0800][8.213s][info][gc,phases   ] GC(268)   Pre Evacuate Collection Set: 0.13ms
[2026-06-17T10:02:11.717+0800][8.214s][info][gc,phases   ] GC(268)   Merge Heap Roots: 0.06ms
[2026-06-17T10:02:11.717+0800][8.214s][info][gc,phases   ] GC(268)   Evacuate Collection Set: 0.51ms
[2026-06-17T10:02:11.717+0800][8.214s][info][gc,phases   ] GC(268)   Post Evacuate Collection Set: 0.31ms
[2026-06-17T10:02:11.717+0800][8.214s][info][gc,phases   ] GC(268)   Other: 0.26ms
[2026-06-17T10:02:11.718+0800][8.215s][info][gc,heap     ] GC(268) Eden regions: 10->0(9)
[2026-06-17T10:02:11.718+0800][8.215s][info][gc,heap     ] GC(268) Survivor regions: 2->2(2)
[2026-06-17T10:02:11.718+0800][8.215s][info][gc,heap     ] GC(268) Old regions: 23->26
[2026-06-17T10:02:11.718+0800][8.215s][info][gc,heap     ] GC(268) Humongous regions: 18->18
[2026-06-17T10:02:11.718+0800][8.215s][info][gc,metaspace] GC(268) Metaspace: 110K(320K)->110K(320K) NonClass: 103K(192K)->103K(192K) Class: 7K(128K)->7K(128K)
[2026-06-17T10:02:11.719+0800][8.215s][info][gc          ] GC(268) Pause Young (Mixed) (G1 Evacuation Pause) 52M->45M(64M) 3.712ms
[2026-06-17T10:02:11.719+0800][8.216s][info][gc,cpu      ] GC(268) User=0.00s Sys=0.00s Real=0.00s
[2026-06-17T10:02:11.719+0800][8.216s][info][gc,start    ] GC(269) Pause Young (Concurrent Start) (G1 Humongous Allocation)
[2026-06-17T10:02:11.719+0800][8.216s][info][gc,task     ] GC(269) Using 2 workers of 18 for evacuation
[2026-06-17T10:02:11.720+0800][8.217s][info][gc,phases   ] GC(269)   Pre Evacuate Collection Set: 0.11ms
[2026-06-17T10:02:11.720+0800][8.217s][info][gc,phases   ] GC(269)   Merge Heap Roots: 0.04ms
[2026-06-17T10:02:11.720+0800][8.217s][info][gc,phases   ] GC(269)   Evacuate Collection Set: 0.14ms
[2026-06-17T10:02:11.720+0800][8.217s][info][gc,phases   ] GC(269)   Post Evacuate Collection Set: 0.14ms
[2026-06-17T10:02:11.720+0800][8.217s][info][gc,phases   ] GC(269)   Other: 0.13ms
[2026-06-17T10:02:11.720+0800][8.217s][info][gc,heap     ] GC(269) Eden regions: 3->0(10)
[2026-06-17T10:02:11.720+0800][8.217s][info][gc,heap     ] GC(269) Survivor regions: 2->0(2)
[2026-06-17T10:02:11.720+0800][8.217s][info][gc,heap     ] GC(269) Old regions: 26->27
[2026-06-17T10:02:11.721+0800][8.217s][info][gc,heap     ] GC(269) Humongous regions: 18->18
[2026-06-17T10:02:11.721+0800][8.218s][info][gc,metaspace] GC(269) Metaspace: 110K(320K)->110K(320K) NonClass: 103K(192K)->103K(192K) Class: 7K(128K)->7K(128K)
[2026-06-17T10:02:11.721+0800][8.218s][info][gc          ] GC(269) Pause Young (Concurrent Start) (G1 Humongous Allocation) 47M->44M(64M) 1.627ms
[2026-06-17T10:02:11.721+0800][8.218s][info][gc,cpu      ] GC(269) User=0.00s Sys=0.00s Real=0.00s
[2026-06-17T10:02:11.721+0800][8.218s][info][gc          ] GC(270) Concurrent Mark Cycle
[2026-06-17T10:02:11.721+0800][8.218s][info][gc,marking  ] GC(270) Concurrent Scan Root Regions
[2026-06-17T10:02:11.721+0800][8.218s][info][gc,marking  ] GC(270) Concurrent Scan Root Regions 0.195ms
[2026-06-17T10:02:11.721+0800][8.218s][info][gc,marking  ] GC(270) Concurrent Mark
[2026-06-17T10:02:11.722+0800][8.218s][info][gc,marking  ] GC(270) Concurrent Mark From Roots
[2026-06-17T10:02:11.722+0800][8.218s][info][gc,task     ] GC(270) Using 5 workers of 5 for marking
[2026-06-17T10:02:11.723+0800][8.220s][info][gc,marking  ] GC(270) Concurrent Mark From Roots 1.402ms
[2026-06-17T10:02:11.723+0800][8.220s][info][gc,marking  ] GC(270) Concurrent Preclean
[2026-06-17T10:02:11.724+0800][8.220s][info][gc,marking  ] GC(270) Concurrent Preclean 0.178ms
[2026-06-17T10:02:11.724+0800][8.221s][info][gc,start    ] GC(270) Pause Remark
[2026-06-17T10:02:11.724+0800][8.221s][info][gc          ] GC(270) Pause Remark 45M->44M(64M) 0.509ms
[2026-06-17T10:02:11.724+0800][8.221s][info][gc,cpu      ] GC(270) User=0.00s Sys=0.00s Real=0.00s
[2026-06-17T10:02:11.725+0800][8.221s][info][gc,marking  ] GC(270) Concurrent Mark 3.132ms
[2026-06-17T10:02:11.725+0800][8.221s][info][gc,marking  ] GC(270) Concurrent Rebuild Remembered Sets and Scrub Regions
[2026-06-17T10:02:11.725+0800][8.222s][info][gc,marking  ] GC(270) Concurrent Rebuild Remembered Sets and Scrub Regions 0.453ms
[2026-06-17T10:02:11.725+0800][8.222s][info][gc,start    ] GC(270) Pause Cleanup
[2026-06-17T10:02:11.726+0800][8.222s][info][gc          ] GC(270) Pause Cleanup 44M->44M(64M) 0.241ms
[2026-06-17T10:02:11.726+0800][8.222s][info][gc,cpu      ] GC(270) User=0.00s Sys=0.00s Real=0.00s
[2026-06-17T10:02:11.726+0800][8.223s][info][gc,marking  ] GC(270) Concurrent Clear Claimed Marks
[2026-06-17T10:02:11.726+0800][8.223s][info][gc,marking  ] GC(270) Concurrent Clear Claimed Marks 0.092ms
[2026-06-17T10:02:11.726+0800][8.223s][info][gc,marking  ] GC(270) Concurrent Cleanup for Next Mark
[2026-06-17T10:02:11.726+0800][8.223s][info][gc,marking  ] GC(270) Concurrent Cleanup for Next Mark 0.142ms
[2026-06-17T10:02:11.726+0800][8.223s][info][gc          ] GC(270) Concurrent Mark Cycle 5.224ms
[2026-06-17T10:02:11.752+0800][8.249s][info][gc,start    ] GC(271) Pause Young (Prepare Mixed) (G1 Evacuation Pause)
[2026-06-17T10:02:11.753+0800][8.250s][info][gc,task     ] GC(271) Using 2 workers of 18 for evacuation
[2026-06-17T10:02:11.754+0800][8.251s][info][gc,phases   ] GC(271)   Pre Evacuate Collection Set: 0.15ms
[2026-06-17T10:02:11.754+0800][8.251s][info][gc,phases   ] GC(271)   Merge Heap Roots: 0.06ms
[2026-06-17T10:02:11.754+0800][8.251s][info][gc,phases   ] GC(271)   Evacuate Collection Set: 0.29ms
[2026-06-17T10:02:11.754+0800][8.251s][info][gc,phases   ] GC(271)   Post Evacuate Collection Set: 0.23ms
[2026-06-17T10:02:11.755+0800][8.251s][info][gc,phases   ] GC(271)   Other: 0.47ms
[2026-06-17T10:02:11.755+0800][8.252s][info][gc,heap     ] GC(271) Eden regions: 10->0(15)
[2026-06-17T10:02:11.755+0800][8.252s][info][gc,heap     ] GC(271) Survivor regions: 0->2(2)
[2026-06-17T10:02:11.755+0800][8.252s][info][gc,heap     ] GC(271) Old regions: 26->27
[2026-06-17T10:02:11.755+0800][8.252s][info][gc,heap     ] GC(271) Humongous regions: 19->9
[2026-06-17T10:02:11.755+0800][8.252s][info][gc,metaspace] GC(271) Metaspace: 110K(320K)->110K(320K) NonClass: 103K(192K)->103K(192K) Class: 7K(128K)->7K(128K)
[2026-06-17T10:02:11.755+0800][8.252s][info][gc          ] GC(271) Pause Young (Prepare Mixed) (G1 Evacuation Pause) 54M->37M(64M) 3.158ms
[2026-06-17T10:02:11.755+0800][8.252s][info][gc,cpu      ] GC(271) User=0.00s Sys=0.00s Real=0.00s
[2026-06-17T10:02:11.798+0800][8.294s][info][gc,start    ] GC(272) Pause Young (Mixed) (G1 Evacuation Pause)
[2026-06-17T10:02:11.798+0800][8.295s][info][gc,task     ] GC(272) Using 2 workers of 18 for evacuation
[2026-06-17T10:02:11.799+0800][8.296s][info][gc,phases   ] GC(272)   Pre Evacuate Collection Set: 0.19ms
[2026-06-17T10:02:11.800+0800][8.297s][info][gc,phases   ] GC(272)   Merge Heap Roots: 0.07ms
[2026-06-17T10:02:11.800+0800][8.297s][info][gc,phases   ] GC(272)   Evacuate Collection Set: 0.48ms
[2026-06-17T10:02:11.800+0800][8.297s][info][gc,phases   ] GC(272)   Post Evacuate Collection Set: 0.33ms
[2026-06-17T10:02:11.801+0800][8.297s][info][gc,phases   ] GC(272)   Other: 0.22ms
[2026-06-17T10:02:11.801+0800][8.298s][info][gc,heap     ] GC(272) Eden regions: 15->0(17)
[2026-06-17T10:02:11.801+0800][8.298s][info][gc,heap     ] GC(272) Survivor regions: 2->3(3)
[2026-06-17T10:02:11.801+0800][8.298s][info][gc,heap     ] GC(272) Old regions: 27->23
[2026-06-17T10:02:11.802+0800][8.299s][info][gc,heap     ] GC(272) Humongous regions: 9->9
[2026-06-17T10:02:11.802+0800][8.299s][info][gc,metaspace] GC(272) Metaspace: 110K(320K)->110K(320K) NonClass: 103K(192K)->103K(192K) Class: 7K(128K)->7K(128K)
[2026-06-17T10:02:11.802+0800][8.299s][info][gc          ] GC(272) Pause Young (Mixed) (G1 Evacuation Pause) 52M->34M(64M) 4.844ms
[2026-06-17T10:02:11.803+0800][8.299s][info][gc,cpu      ] GC(272) User=0.01s Sys=0.00s Real=0.01s
[2026-06-17T10:02:11.845+0800][8.342s][info][gc,start    ] GC(273) Pause Young (Normal) (G1 Evacuation Pause)
[2026-06-17T10:02:11.870+0800][8.366s][info][gc,task     ] GC(273) Using 2 workers of 18 for evacuation
[2026-06-17T10:02:11.912+0800][8.409s][info][gc,phases   ] GC(273)   Pre Evacuate Collection Set: 0.21ms
[2026-06-17T10:02:11.913+0800][8.410s][info][gc,phases   ] GC(273)   Merge Heap Roots: 0.06ms
[2026-06-17T10:02:11.924+0800][8.421s][info][gc,phases   ] GC(273)   Evacuate Collection Set: 0.54ms
[2026-06-17T10:02:11.925+0800][8.422s][info][gc,phases   ] GC(273)   Post Evacuate Collection Set: 0.24ms
[2026-06-17T10:02:11.955+0800][8.452s][info][gc,phases   ] GC(273)   Other: 41.08ms
[2026-06-17T10:02:11.955+0800][8.452s][info][gc,heap     ] GC(273) Eden regions: 17->0(13)
[2026-06-17T10:02:11.956+0800][8.453s][info][gc,heap     ] GC(273) Survivor regions: 3->3(3)
[2026-06-17T10:02:11.956+0800][8.453s][info][gc,heap     ] GC(273) Old regions: 23->27
[2026-06-17T10:02:11.959+0800][8.455s][info][gc,heap     ] GC(273) Humongous regions: 9->9
[2026-06-17T10:02:11.964+0800][8.461s][info][gc,metaspace] GC(273) Metaspace: 110K(320K)->110K(320K) NonClass: 103K(192K)->103K(192K) Class: 7K(128K)->7K(128K)
[2026-06-17T10:02:11.972+0800][8.469s][info][gc          ] GC(273) Pause Young (Normal) (G1 Evacuation Pause) 51M->38M(64M) 127.269ms
[2026-06-17T10:02:11.972+0800][8.469s][info][gc,cpu      ] GC(273) User=0.00s Sys=0.00s Real=0.13s
[2026-06-17T10:02:12.009+0800][8.505s][info][gc,start    ] GC(274) Pause Young (Normal) (G1 Evacuation Pause)
[2026-06-17T10:02:12.011+0800][8.508s][info][gc,task     ] GC(274) Using 2 workers of 18 for evacuation
[2026-06-17T10:02:12.015+0800][8.512s][info][gc,phases   ] GC(274)   Pre Evacuate Collection Set: 0.29ms
[2026-06-17T10:02:12.015+0800][8.512s][info][gc,phases   ] GC(274)   Merge Heap Roots: 0.08ms
[2026-06-17T10:02:12.016+0800][8.513s][info][gc,phases   ] GC(274)   Evacuate Collection Set: 0.82ms
[2026-06-17T10:02:12.017+0800][8.514s][info][gc,phases   ] GC(274)   Post Evacuate Collection Set: 0.77ms
[2026-06-17T10:02:12.019+0800][8.516s][info][gc,phases   ] GC(274)   Other: 2.08ms
[2026-06-17T10:02:12.020+0800][8.517s][info][gc,heap     ] GC(274) Eden regions: 13->0(9)
[2026-06-17T10:02:12.021+0800][8.518s][info][gc,heap     ] GC(274) Survivor regions: 3->2(2)
[2026-06-17T10:02:12.022+0800][8.519s][info][gc,heap     ] GC(274) Old regions: 27->33
[2026-06-17T10:02:12.023+0800][8.520s][info][gc,heap     ] GC(274) Humongous regions: 9->9
[2026-06-17T10:02:12.024+0800][8.521s][info][gc,metaspace] GC(274) Metaspace: 110K(320K)->110K(320K) NonClass: 103K(192K)->103K(192K) Class: 7K(128K)->7K(128K)
[2026-06-17T10:02:12.025+0800][8.522s][info][gc          ] GC(274) Pause Young (Normal) (G1 Evacuation Pause) 51M->43M(64M) 16.283ms
[2026-06-17T10:02:12.025+0800][8.522s][info][gc,cpu      ] GC(274) User=0.00s Sys=0.00s Real=0.02s
[2026-06-17T10:02:12.048+0800][8.545s][info][gc,start    ] GC(275) Pause Young (Concurrent Start) (G1 Evacuation Pause)
[2026-06-17T10:02:12.049+0800][8.546s][info][gc,task     ] GC(275) Using 2 workers of 18 for evacuation
[2026-06-17T10:02:12.058+0800][8.555s][info][gc,phases   ] GC(275)   Pre Evacuate Collection Set: 0.23ms
[2026-06-17T10:02:12.062+0800][8.559s][info][gc,phases   ] GC(275)   Merge Heap Roots: 0.04ms
[2026-06-17T10:02:12.067+0800][8.563s][info][gc,phases   ] GC(275)   Evacuate Collection Set: 0.50ms
[2026-06-17T10:02:12.068+0800][8.565s][info][gc,phases   ] GC(275)   Post Evacuate Collection Set: 0.21ms
[2026-06-17T10:02:12.070+0800][8.567s][info][gc,phases   ] GC(275)   Other: 8.41ms
[2026-06-17T10:02:12.072+0800][8.569s][info][gc,heap     ] GC(275) Eden regions: 9->0(6)
[2026-06-17T10:02:12.074+0800][8.571s][info][gc,heap     ] GC(275) Survivor regions: 2->2(2)
[2026-06-17T10:02:12.074+0800][8.571s][info][gc,heap     ] GC(275) Old regions: 33->38
[2026-06-17T10:02:12.076+0800][8.573s][info][gc,heap     ] GC(275) Humongous regions: 9->9
[2026-06-17T10:02:12.077+0800][8.574s][info][gc,metaspace] GC(275) Metaspace: 110K(320K)->110K(320K) NonClass: 103K(192K)->103K(192K) Class: 7K(128K)->7K(128K)
[2026-06-17T10:02:12.078+0800][8.575s][info][gc          ] GC(275) Pause Young (Concurrent Start) (G1 Evacuation Pause) 52M->48M(64M) 29.762ms
[2026-06-17T10:02:12.079+0800][8.575s][info][gc,cpu      ] GC(275) User=0.00s Sys=0.00s Real=0.03s
[2026-06-17T10:02:12.079+0800][8.575s][info][gc          ] GC(276) Concurrent Mark Cycle
[2026-06-17T10:02:12.081+0800][8.578s][info][gc,marking  ] GC(276) Concurrent Scan Root Regions
[2026-06-17T10:02:12.082+0800][8.579s][info][gc,marking  ] GC(276) Concurrent Scan Root Regions 0.794ms
[2026-06-17T10:02:12.082+0800][8.579s][info][gc,marking  ] GC(276) Concurrent Mark
[2026-06-17T10:02:12.084+0800][8.580s][info][gc,marking  ] GC(276) Concurrent Mark From Roots
[2026-06-17T10:02:12.085+0800][8.582s][info][gc,task     ] GC(276) Using 5 workers of 5 for marking
[2026-06-17T10:02:12.087+0800][8.584s][info][gc,marking  ] GC(276) Concurrent Mark From Roots 3.388ms
[2026-06-17T10:02:12.090+0800][8.586s][info][gc,marking  ] GC(276) Concurrent Preclean
[2026-06-17T10:02:12.093+0800][8.590s][info][gc,marking  ] GC(276) Concurrent Preclean 3.627ms
[2026-06-17T10:02:12.097+0800][8.594s][info][gc,start    ] GC(276) Pause Remark
[2026-06-17T10:02:12.099+0800][8.596s][info][gc          ] GC(276) Pause Remark 55M->46M(64M) 2.614ms
[2026-06-17T10:02:12.101+0800][8.597s][info][gc,cpu      ] GC(276) User=0.00s Sys=0.00s Real=0.00s
[2026-06-17T10:02:12.103+0800][8.600s][info][gc,marking  ] GC(276) Concurrent Mark 20.346ms
[2026-06-17T10:02:12.105+0800][8.601s][info][gc,marking  ] GC(276) Concurrent Rebuild Remembered Sets and Scrub Regions
[2026-06-17T10:02:12.103+0800][8.600s][info][gc,start    ] GC(277) Pause Young (Normal) (G1 Evacuation Pause)
[2026-06-17T10:02:12.106+0800][8.602s][info][gc,task     ] GC(277) Using 2 workers of 18 for evacuation
[2026-06-17T10:02:12.109+0800][8.606s][info][gc,phases   ] GC(277)   Pre Evacuate Collection Set: 0.18ms
[2026-06-17T10:02:12.109+0800][8.606s][info][gc,phases   ] GC(277)   Merge Heap Roots: 0.04ms
[2026-06-17T10:02:12.110+0800][8.607s][info][gc,phases   ] GC(277)   Evacuate Collection Set: 0.33ms
[2026-06-17T10:02:12.111+0800][8.607s][info][gc,phases   ] GC(277)   Post Evacuate Collection Set: 0.21ms
[2026-06-17T10:02:12.111+0800][8.608s][info][gc,phases   ] GC(277)   Other: 2.76ms
[2026-06-17T10:02:12.111+0800][8.608s][info][gc,heap     ] GC(277) Eden regions: 6->0(8)
[2026-06-17T10:02:12.114+0800][8.610s][info][gc,heap     ] GC(277) Survivor regions: 2->1(1)
[2026-06-17T10:02:12.116+0800][8.612s][info][gc,heap     ] GC(277) Old regions: 29->32
[2026-06-17T10:02:12.117+0800][8.614s][info][gc,heap     ] GC(277) Humongous regions: 11->11
[2026-06-17T10:02:12.119+0800][8.616s][info][gc,metaspace] GC(277) Metaspace: 110K(320K)->110K(320K) NonClass: 103K(192K)->103K(192K) Class: 7K(128K)->7K(128K)
[2026-06-17T10:02:12.121+0800][8.618s][info][gc          ] GC(277) Pause Young (Normal) (G1 Evacuation Pause) 47M->43M(64M) 18.177ms
[2026-06-17T10:02:12.125+0800][8.622s][info][gc,cpu      ] GC(277) User=0.00s Sys=0.00s Real=0.02s
[2026-06-17T10:02:12.126+0800][8.623s][info][gc,marking  ] GC(276) Concurrent Rebuild Remembered Sets and Scrub Regions 21.109ms
[2026-06-17T10:02:12.129+0800][8.626s][info][gc,start    ] GC(276) Pause Cleanup
[2026-06-17T10:02:12.131+0800][8.628s][info][gc          ] GC(276) Pause Cleanup 46M->46M(64M) 1.982ms
[2026-06-17T10:02:12.135+0800][8.632s][info][gc,cpu      ] GC(276) User=0.00s Sys=0.00s Real=0.01s
[2026-06-17T10:02:12.135+0800][8.632s][info][gc,marking  ] GC(276) Concurrent Clear Claimed Marks
[2026-06-17T10:02:12.137+0800][8.634s][info][gc,marking  ] GC(276) Concurrent Clear Claimed Marks 2.005ms
[2026-06-17T10:02:12.139+0800][8.636s][info][gc,marking  ] GC(276) Concurrent Cleanup for Next Mark
[2026-06-17T10:02:12.142+0800][8.639s][info][gc,marking  ] GC(276) Concurrent Cleanup for Next Mark 2.853ms
[2026-06-17T10:02:12.143+0800][8.639s][info][gc          ] GC(276) Concurrent Mark Cycle 63.948ms
[2026-06-17T10:02:12.146+0800][8.643s][info][gc,start    ] GC(278) Pause Young (Prepare Mixed) (G1 Evacuation Pause)
[2026-06-17T10:02:12.150+0800][8.647s][info][gc,task     ] GC(278) Using 2 workers of 18 for evacuation
[2026-06-17T10:02:12.153+0800][8.650s][info][gc,phases   ] GC(278)   Pre Evacuate Collection Set: 0.13ms
[2026-06-17T10:02:12.153+0800][8.650s][info][gc,phases   ] GC(278)   Merge Heap Roots: 0.06ms
[2026-06-17T10:02:12.155+0800][8.652s][info][gc,phases   ] GC(278)   Evacuate Collection Set: 0.25ms
[2026-06-17T10:02:12.157+0800][8.653s][info][gc,phases   ] GC(278)   Post Evacuate Collection Set: 0.41ms
[2026-06-17T10:02:12.158+0800][8.655s][info][gc,phases   ] GC(278)   Other: 1.88ms
[2026-06-17T10:02:12.159+0800][8.656s][info][gc,heap     ] GC(278) Eden regions: 8->0(9)
[2026-06-17T10:02:12.159+0800][8.656s][info][gc,heap     ] GC(278) Survivor regions: 1->2(2)
[2026-06-17T10:02:12.159+0800][8.656s][info][gc,heap     ] GC(278) Old regions: 32->32
[2026-06-17T10:02:12.159+0800][8.656s][info][gc,heap     ] GC(278) Humongous regions: 11->11
[2026-06-17T10:02:12.160+0800][8.657s][info][gc,metaspace] GC(278) Metaspace: 110K(320K)->110K(320K) NonClass: 103K(192K)->103K(192K) Class: 7K(128K)->7K(128K)
[2026-06-17T10:02:12.160+0800][8.657s][info][gc          ] GC(278) Pause Young (Prepare Mixed) (G1 Evacuation Pause) 51M->44M(64M) 13.477ms
[2026-06-17T10:02:12.160+0800][8.657s][info][gc,cpu      ] GC(278) User=0.00s Sys=0.00s Real=0.01s
[2026-06-17T10:02:12.182+0800][8.678s][info][gc,start    ] GC(279) Pause Young (Mixed) (G1 Evacuation Pause)
[2026-06-17T10:02:12.186+0800][8.683s][info][gc,task     ] GC(279) Using 2 workers of 18 for evacuation
[2026-06-17T10:02:12.191+0800][8.688s][info][gc,phases   ] GC(279)   Pre Evacuate Collection Set: 0.21ms
[2026-06-17T10:02:12.196+0800][8.693s][info][gc,phases   ] GC(279)   Merge Heap Roots: 0.06ms
[2026-06-17T10:02:12.201+0800][8.698s][info][gc,phases   ] GC(279)   Evacuate Collection Set: 0.60ms
[2026-06-17T10:02:12.208+0800][8.705s][info][gc,phases   ] GC(279)   Post Evacuate Collection Set: 0.34ms
[2026-06-17T10:02:12.211+0800][8.708s][info][gc,phases   ] GC(279)   Other: 3.94ms
[2026-06-17T10:02:12.212+0800][8.708s][info][gc,heap     ] GC(279) Eden regions: 9->0(8)
[2026-06-17T10:02:12.212+0800][8.709s][info][gc,heap     ] GC(279) Survivor regions: 2->2(2)
[2026-06-17T10:02:12.212+0800][8.709s][info][gc,heap     ] GC(279) Old regions: 32->32
[2026-06-17T10:02:12.213+0800][8.709s][info][gc,heap     ] GC(279) Humongous regions: 11->11
[2026-06-17T10:02:12.213+0800][8.710s][info][gc,metaspace] GC(279) Metaspace: 110K(320K)->110K(320K) NonClass: 103K(192K)->103K(192K) Class: 7K(128K)->7K(128K)
[2026-06-17T10:02:12.213+0800][8.710s][info][gc          ] GC(279) Pause Young (Mixed) (G1 Evacuation Pause) 53M->44M(64M) 31.496ms
[2026-06-17T10:02:12.213+0800][8.710s][info][gc,cpu      ] GC(279) User=0.00s Sys=0.00s Real=0.04s
[2026-06-17T10:02:12.235+0800][8.732s][info][gc,start    ] GC(280) Pause Young (Concurrent Start) (G1 Evacuation Pause)
[2026-06-17T10:02:12.236+0800][8.733s][info][gc,task     ] GC(280) Using 2 workers of 18 for evacuation
[2026-06-17T10:02:12.237+0800][8.734s][info][gc,phases   ] GC(280)   Pre Evacuate Collection Set: 0.13ms
[2026-06-17T10:02:12.237+0800][8.734s][info][gc,phases   ] GC(280)   Merge Heap Roots: 0.06ms
[2026-06-17T10:02:12.238+0800][8.735s][info][gc,phases   ] GC(280)   Evacuate Collection Set: 0.28ms
[2026-06-17T10:02:12.238+0800][8.735s][info][gc,phases   ] GC(280)   Post Evacuate Collection Set: 0.29ms
[2026-06-17T10:02:12.238+0800][8.735s][info][gc,phases   ] GC(280)   Other: 0.47ms
[2026-06-17T10:02:12.238+0800][8.735s][info][gc,heap     ] GC(280) Eden regions: 8->0(7)
[2026-06-17T10:02:12.239+0800][8.735s][info][gc,heap     ] GC(280) Survivor regions: 2->2(2)
[2026-06-17T10:02:12.239+0800][8.736s][info][gc,heap     ] GC(280) Old regions: 32->34
[2026-06-17T10:02:12.239+0800][8.736s][info][gc,heap     ] GC(280) Humongous regions: 11->11
[2026-06-17T10:02:12.239+0800][8.736s][info][gc,metaspace] GC(280) Metaspace: 110K(320K)->110K(320K) NonClass: 103K(192K)->103K(192K) Class: 7K(128K)->7K(128K)
[2026-06-17T10:02:12.239+0800][8.736s][info][gc          ] GC(280) Pause Young (Concurrent Start) (G1 Evacuation Pause) 52M->46M(64M) 3.951ms
[2026-06-17T10:02:12.240+0800][8.736s][info][gc,cpu      ] GC(280) User=0.00s Sys=0.00s Real=0.00s
[2026-06-17T10:02:12.240+0800][8.736s][info][gc          ] GC(281) Concurrent Mark Cycle
[2026-06-17T10:02:12.240+0800][8.737s][info][gc,marking  ] GC(281) Concurrent Scan Root Regions
[2026-06-17T10:02:12.240+0800][8.737s][info][gc,marking  ] GC(281) Concurrent Scan Root Regions 0.242ms
[2026-06-17T10:02:12.240+0800][8.737s][info][gc,marking  ] GC(281) Concurrent Mark
[2026-06-17T10:02:12.240+0800][8.737s][info][gc,marking  ] GC(281) Concurrent Mark From Roots
[2026-06-17T10:02:12.240+0800][8.737s][info][gc,task     ] GC(281) Using 5 workers of 5 for marking
[2026-06-17T10:02:12.241+0800][8.738s][info][gc,marking  ] GC(281) Concurrent Mark From Roots 1.224ms
[2026-06-17T10:02:12.242+0800][8.738s][info][gc,marking  ] GC(281) Concurrent Preclean
[2026-06-17T10:02:12.242+0800][8.739s][info][gc,marking  ] GC(281) Concurrent Preclean 0.088ms
[2026-06-17T10:02:12.242+0800][8.739s][info][gc,start    ] GC(281) Pause Remark
[2026-06-17T10:02:12.242+0800][8.739s][info][gc          ] GC(281) Pause Remark 48M->38M(64M) 0.395ms
[2026-06-17T10:02:12.242+0800][8.739s][info][gc,cpu      ] GC(281) User=0.00s Sys=0.00s Real=0.00s
[2026-06-17T10:02:12.242+0800][8.739s][info][gc,marking  ] GC(281) Concurrent Mark 2.197ms
[2026-06-17T10:02:12.242+0800][8.739s][info][gc,marking  ] GC(281) Concurrent Rebuild Remembered Sets and Scrub Regions
[2026-06-17T10:02:12.243+0800][8.740s][info][gc,marking  ] GC(281) Concurrent Rebuild Remembered Sets and Scrub Regions 0.459ms
[2026-06-17T10:02:12.243+0800][8.740s][info][gc,start    ] GC(281) Pause Cleanup
[2026-06-17T10:02:12.244+0800][8.740s][info][gc          ] GC(281) Pause Cleanup 38M->38M(64M) 0.314ms
[2026-06-17T10:02:12.244+0800][8.741s][info][gc,cpu      ] GC(281) User=0.00s Sys=0.00s Real=0.00s
[2026-06-17T10:02:12.244+0800][8.741s][info][gc,marking  ] GC(281) Concurrent Clear Claimed Marks
[2026-06-17T10:02:12.244+0800][8.741s][info][gc,marking  ] GC(281) Concurrent Clear Claimed Marks 0.155ms
[2026-06-17T10:02:12.244+0800][8.741s][info][gc,marking  ] GC(281) Concurrent Cleanup for Next Mark
[2026-06-17T10:02:12.245+0800][8.742s][info][gc,marking  ] GC(281) Concurrent Cleanup for Next Mark 0.316ms
[2026-06-17T10:02:12.245+0800][8.742s][info][gc          ] GC(281) Concurrent Mark Cycle 5.486ms
[2026-06-17T10:02:12.261+0800][8.758s][info][gc,start    ] GC(282) Pause Young (Prepare Mixed) (G1 Evacuation Pause)
[2026-06-17T10:02:12.261+0800][8.758s][info][gc,task     ] GC(282) Using 2 workers of 18 for evacuation
[2026-06-17T10:02:12.262+0800][8.759s][info][gc,phases   ] GC(282)   Pre Evacuate Collection Set: 0.14ms
[2026-06-17T10:02:12.263+0800][8.760s][info][gc,phases   ] GC(282)   Merge Heap Roots: 0.07ms
[2026-06-17T10:02:12.263+0800][8.760s][info][gc,phases   ] GC(282)   Evacuate Collection Set: 0.27ms
[2026-06-17T10:02:12.263+0800][8.760s][info][gc,phases   ] GC(282)   Post Evacuate Collection Set: 0.31ms
[2026-06-17T10:02:12.264+0800][8.760s][info][gc,phases   ] GC(282)   Other: 0.17ms
[2026-06-17T10:02:12.264+0800][8.761s][info][gc,heap     ] GC(282) Eden regions: 7->0(13)
[2026-06-17T10:02:12.264+0800][8.761s][info][gc,heap     ] GC(282) Survivor regions: 2->2(2)
[2026-06-17T10:02:12.264+0800][8.761s][info][gc,heap     ] GC(282) Old regions: 24->26
[2026-06-17T10:02:12.264+0800][8.761s][info][gc,heap     ] GC(282) Humongous regions: 11->11
[2026-06-17T10:02:12.264+0800][8.761s][info][gc,metaspace] GC(282) Metaspace: 110K(320K)->110K(320K) NonClass: 103K(192K)->103K(192K) Class: 7K(128K)->7K(128K)
[2026-06-17T10:02:12.264+0800][8.761s][info][gc          ] GC(282) Pause Young (Prepare Mixed) (G1 Evacuation Pause) 43M->37M(64M) 3.486ms
[2026-06-17T10:02:12.264+0800][8.761s][info][gc,cpu      ] GC(282) User=0.00s Sys=0.00s Real=0.01s
[2026-06-17T10:02:12.296+0800][8.793s][info][gc,start    ] GC(283) Pause Young (Mixed) (G1 Evacuation Pause)
[2026-06-17T10:02:12.296+0800][8.793s][info][gc,task     ] GC(283) Using 2 workers of 18 for evacuation
[2026-06-17T10:02:12.297+0800][8.794s][info][gc,phases   ] GC(283)   Pre Evacuate Collection Set: 0.12ms
[2026-06-17T10:02:12.298+0800][8.795s][info][gc,phases   ] GC(283)   Merge Heap Roots: 0.05ms
[2026-06-17T10:02:12.299+0800][8.795s][info][gc,phases   ] GC(283)   Evacuate Collection Set: 0.41ms
[2026-06-17T10:02:12.299+0800][8.796s][info][gc,phases   ] GC(283)   Post Evacuate Collection Set: 0.21ms
[2026-06-17T10:02:12.299+0800][8.796s][info][gc,phases   ] GC(283)   Other: 0.22ms
[2026-06-17T10:02:12.299+0800][8.796s][info][gc,heap     ] GC(283) Eden regions: 13->0(15)
[2026-06-17T10:02:12.300+0800][8.797s][info][gc,heap     ] GC(283) Survivor regions: 2->2(2)
[2026-06-17T10:02:12.300+0800][8.797s][info][gc,heap     ] GC(283) Old regions: 26->23
[2026-06-17T10:02:12.300+0800][8.797s][info][gc,heap     ] GC(283) Humongous regions: 11->11
[2026-06-17T10:02:12.301+0800][8.798s][info][gc,metaspace] GC(283) Metaspace: 110K(320K)->110K(320K) NonClass: 103K(192K)->103K(192K) Class: 7K(128K)->7K(128K)
[2026-06-17T10:02:12.301+0800][8.798s][info][gc          ] GC(283) Pause Young (Mixed) (G1 Evacuation Pause) 50M->35M(64M) 4.897ms
[2026-06-17T10:02:12.301+0800][8.798s][info][gc,cpu      ] GC(283) User=0.00s Sys=0.00s Real=0.00s
[2026-06-17T10:02:12.333+0800][8.830s][info][gc,start    ] GC(284) Pause Young (Mixed) (G1 Evacuation Pause)
[2026-06-17T10:02:12.333+0800][8.830s][info][gc,task     ] GC(284) Using 2 workers of 18 for evacuation
[2026-06-17T10:02:12.334+0800][8.831s][info][gc,phases   ] GC(284)   Pre Evacuate Collection Set: 0.09ms
[2026-06-17T10:02:12.335+0800][8.832s][info][gc,phases   ] GC(284)   Merge Heap Roots: 0.04ms
[2026-06-17T10:02:12.335+0800][8.832s][info][gc,phases   ] GC(284)   Evacuate Collection Set: 0.44ms
[2026-06-17T10:02:12.336+0800][8.833s][info][gc,phases   ] GC(284)   Post Evacuate Collection Set: 0.30ms
[2026-06-17T10:02:12.336+0800][8.833s][info][gc,phases   ] GC(284)   Other: 0.21ms
[2026-06-17T10:02:12.336+0800][8.833s][info][gc,heap     ] GC(284) Eden regions: 15->0(13)
[2026-06-17T10:02:12.336+0800][8.833s][info][gc,heap     ] GC(284) Survivor regions: 2->3(3)
[2026-06-17T10:02:12.336+0800][8.833s][info][gc,heap     ] GC(284) Old regions: 23->25
[2026-06-17T10:02:12.336+0800][8.833s][info][gc,heap     ] GC(284) Humongous regions: 11->11
[2026-06-17T10:02:12.336+0800][8.833s][info][gc,metaspace] GC(284) Metaspace: 110K(320K)->110K(320K) NonClass: 103K(192K)->103K(192K) Class: 7K(128K)->7K(128K)
[2026-06-17T10:02:12.337+0800][8.833s][info][gc          ] GC(284) Pause Young (Mixed) (G1 Evacuation Pause) 50M->38M(64M) 3.680ms
[2026-06-17T10:02:12.337+0800][8.834s][info][gc,cpu      ] GC(284) User=0.01s Sys=0.00s Real=0.00s
[2026-06-17T10:02:12.379+0800][8.876s][info][gc,start    ] GC(285) Pause Young (Normal) (G1 Evacuation Pause)
[2026-06-17T10:02:12.379+0800][8.876s][info][gc,task     ] GC(285) Using 2 workers of 18 for evacuation
[2026-06-17T10:02:12.381+0800][8.878s][info][gc,phases   ] GC(285)   Pre Evacuate Collection Set: 0.17ms
[2026-06-17T10:02:12.381+0800][8.878s][info][gc,phases   ] GC(285)   Merge Heap Roots: 0.14ms
[2026-06-17T10:02:12.381+0800][8.878s][info][gc,phases   ] GC(285)   Evacuate Collection Set: 0.43ms
[2026-06-17T10:02:12.381+0800][8.878s][info][gc,phases   ] GC(285)   Post Evacuate Collection Set: 0.43ms
[2026-06-17T10:02:12.382+0800][8.878s][info][gc,phases   ] GC(285)   Other: 0.38ms
[2026-06-17T10:02:12.382+0800][8.879s][info][gc,heap     ] GC(285) Eden regions: 13->0(11)
[2026-06-17T10:02:12.382+0800][8.879s][info][gc,heap     ] GC(285) Survivor regions: 3->2(2)
[2026-06-17T10:02:12.382+0800][8.879s][info][gc,heap     ] GC(285) Old regions: 25->29
[2026-06-17T10:02:12.382+0800][8.879s][info][gc,heap     ] GC(285) Humongous regions: 13->13
[2026-06-17T10:02:12.382+0800][8.879s][info][gc,metaspace] GC(285) Metaspace: 110K(320K)->110K(320K) NonClass: 103K(192K)->103K(192K) Class: 7K(128K)->7K(128K)
[2026-06-17T10:02:12.382+0800][8.879s][info][gc          ] GC(285) Pause Young (Normal) (G1 Evacuation Pause) 53M->43M(64M) 3.449ms
[2026-06-17T10:02:12.382+0800][8.879s][info][gc,cpu      ] GC(285) User=0.00s Sys=0.00s Real=0.00s
[2026-06-17T10:02:12.404+0800][8.900s][info][gc,start    ] GC(286) Pause Young (Concurrent Start) (G1 Evacuation Pause)
[2026-06-17T10:02:12.404+0800][8.901s][info][gc,task     ] GC(286) Using 2 workers of 18 for evacuation
[2026-06-17T10:02:12.405+0800][8.902s][info][gc,phases   ] GC(286)   Pre Evacuate Collection Set: 0.16ms
[2026-06-17T10:02:12.405+0800][8.902s][info][gc,phases   ] GC(286)   Merge Heap Roots: 0.05ms
[2026-06-17T10:02:12.405+0800][8.902s][info][gc,phases   ] GC(286)   Evacuate Collection Set: 0.26ms
[2026-06-17T10:02:12.405+0800][8.902s][info][gc,phases   ] GC(286)   Post Evacuate Collection Set: 0.23ms
[2026-06-17T10:02:12.405+0800][8.902s][info][gc,phases   ] GC(286)   Other: 0.28ms
[2026-06-17T10:02:12.405+0800][8.902s][info][gc,heap     ] GC(286) Eden regions: 11->0(11)
[2026-06-17T10:02:12.406+0800][8.902s][info][gc,heap     ] GC(286) Survivor regions: 2->2(2)
[2026-06-17T10:02:12.406+0800][8.903s][info][gc,heap     ] GC(286) Old regions: 29->30
[2026-06-17T10:02:12.406+0800][8.903s][info][gc,heap     ] GC(286) Humongous regions: 13->13
[2026-06-17T10:02:12.406+0800][8.903s][info][gc,metaspace] GC(286) Metaspace: 110K(320K)->110K(320K) NonClass: 103K(192K)->103K(192K) Class: 7K(128K)->7K(128K)
[2026-06-17T10:02:12.406+0800][8.903s][info][gc          ] GC(286) Pause Young (Concurrent Start) (G1 Evacuation Pause) 53M->43M(64M) 2.361ms
[2026-06-17T10:02:12.406+0800][8.903s][info][gc,cpu      ] GC(286) User=0.00s Sys=0.00s Real=0.00s
[2026-06-17T10:02:12.406+0800][8.903s][info][gc          ] GC(287) Concurrent Mark Cycle
[2026-06-17T10:02:12.406+0800][8.903s][info][gc,marking  ] GC(287) Concurrent Scan Root Regions
[2026-06-17T10:02:12.407+0800][8.903s][info][gc,marking  ] GC(287) Concurrent Scan Root Regions 0.164ms
[2026-06-17T10:02:12.407+0800][8.903s][info][gc,marking  ] GC(287) Concurrent Mark
[2026-06-17T10:02:12.407+0800][8.904s][info][gc,marking  ] GC(287) Concurrent Mark From Roots
[2026-06-17T10:02:12.407+0800][8.904s][info][gc,task     ] GC(287) Using 5 workers of 5 for marking
[2026-06-17T10:02:12.409+0800][8.906s][info][gc,marking  ] GC(287) Concurrent Mark From Roots 1.822ms
[2026-06-17T10:02:12.409+0800][8.906s][info][gc,marking  ] GC(287) Concurrent Preclean
[2026-06-17T10:02:12.409+0800][8.906s][info][gc,marking  ] GC(287) Concurrent Preclean 0.150ms
[2026-06-17T10:02:12.409+0800][8.906s][info][gc,start    ] GC(287) Pause Remark
[2026-06-17T10:02:12.410+0800][8.906s][info][gc          ] GC(287) Pause Remark 44M->31M(64M) 0.426ms
[2026-06-17T10:02:12.410+0800][8.907s][info][gc,cpu      ] GC(287) User=0.00s Sys=0.00s Real=0.00s
[2026-06-17T10:02:12.410+0800][8.907s][info][gc,marking  ] GC(287) Concurrent Mark 3.250ms
[2026-06-17T10:02:12.410+0800][8.907s][info][gc,marking  ] GC(287) Concurrent Rebuild Remembered Sets and Scrub Regions
[2026-06-17T10:02:12.410+0800][8.907s][info][gc,marking  ] GC(287) Concurrent Rebuild Remembered Sets and Scrub Regions 0.447ms
[2026-06-17T10:02:12.411+0800][8.907s][info][gc,start    ] GC(287) Pause Cleanup
[2026-06-17T10:02:12.411+0800][8.908s][info][gc          ] GC(287) Pause Cleanup 31M->31M(64M) 0.163ms
[2026-06-17T10:02:12.411+0800][8.908s][info][gc,cpu      ] GC(287) User=0.00s Sys=0.00s Real=0.00s
[2026-06-17T10:02:12.411+0800][8.908s][info][gc,marking  ] GC(287) Concurrent Clear Claimed Marks
[2026-06-17T10:02:12.411+0800][8.908s][info][gc,marking  ] GC(287) Concurrent Clear Claimed Marks 0.078ms
[2026-06-17T10:02:12.411+0800][8.908s][info][gc,marking  ] GC(287) Concurrent Cleanup for Next Mark
[2026-06-17T10:02:12.411+0800][8.908s][info][gc,marking  ] GC(287) Concurrent Cleanup for Next Mark 0.155ms
[2026-06-17T10:02:12.411+0800][8.908s][info][gc          ] GC(287) Concurrent Mark Cycle 5.301ms
[2026-06-17T10:02:12.438+0800][8.935s][info][gc,start    ] GC(288) Pause Young (Prepare Mixed) (G1 Evacuation Pause)
[2026-06-17T10:02:12.438+0800][8.935s][info][gc,task     ] GC(288) Using 2 workers of 18 for evacuation
[2026-06-17T10:02:12.439+0800][8.936s][info][gc,phases   ] GC(288)   Pre Evacuate Collection Set: 0.13ms
[2026-06-17T10:02:12.439+0800][8.936s][info][gc,phases   ] GC(288)   Merge Heap Roots: 0.07ms
[2026-06-17T10:02:12.439+0800][8.936s][info][gc,phases   ] GC(288)   Evacuate Collection Set: 0.28ms
[2026-06-17T10:02:12.439+0800][8.936s][info][gc,phases   ] GC(288)   Post Evacuate Collection Set: 0.22ms
[2026-06-17T10:02:12.440+0800][8.936s][info][gc,phases   ] GC(288)   Other: 0.25ms
[2026-06-17T10:02:12.440+0800][8.937s][info][gc,heap     ] GC(288) Eden regions: 11->0(17)
[2026-06-17T10:02:12.440+0800][8.937s][info][gc,heap     ] GC(288) Survivor regions: 2->1(2)
[2026-06-17T10:02:12.440+0800][8.937s][info][gc,heap     ] GC(288) Old regions: 17->18
[2026-06-17T10:02:12.440+0800][8.937s][info][gc,heap     ] GC(288) Humongous regions: 13->13
[2026-06-17T10:02:12.440+0800][8.937s][info][gc,metaspace] GC(288) Metaspace: 110K(320K)->110K(320K) NonClass: 103K(192K)->103K(192K) Class: 7K(128K)->7K(128K)
[2026-06-17T10:02:12.441+0800][8.937s][info][gc          ] GC(288) Pause Young (Prepare Mixed) (G1 Evacuation Pause) 41M->31M(64M) 2.817ms
[2026-06-17T10:02:12.441+0800][8.937s][info][gc,cpu      ] GC(288) User=0.00s Sys=0.00s Real=0.00s
[2026-06-17T10:02:12.493+0800][8.990s][info][gc,start    ] GC(289) Pause Young (Mixed) (G1 Evacuation Pause)
[2026-06-17T10:02:12.493+0800][8.990s][info][gc,task     ] GC(289) Using 2 workers of 18 for evacuation
[2026-06-17T10:02:12.497+0800][8.994s][info][gc,phases   ] GC(289)   Pre Evacuate Collection Set: 0.16ms
[2026-06-17T10:02:12.498+0800][8.995s][info][gc,phases   ] GC(289)   Merge Heap Roots: 0.07ms
[2026-06-17T10:02:12.498+0800][8.995s][info][gc,phases   ] GC(289)   Evacuate Collection Set: 0.41ms
[2026-06-17T10:02:12.499+0800][8.996s][info][gc,phases   ] GC(289)   Post Evacuate Collection Set: 0.27ms
[2026-06-17T10:02:12.501+0800][8.998s][info][gc,phases   ] GC(289)   Other: 2.58ms
[2026-06-17T10:02:12.504+0800][9.001s][info][gc,heap     ] GC(289) Eden regions: 17->0(16)
[2026-06-17T10:02:12.504+0800][9.001s][info][gc,heap     ] GC(289) Survivor regions: 1->3(3)
[2026-06-17T10:02:12.510+0800][9.007s][info][gc,heap     ] GC(289) Old regions: 18->19
[2026-06-17T10:02:12.518+0800][9.015s][info][gc,heap     ] GC(289) Humongous regions: 13->13
[2026-06-17T10:02:12.531+0800][9.027s][info][gc,metaspace] GC(289) Metaspace: 110K(320K)->110K(320K) NonClass: 103K(192K)->103K(192K) Class: 7K(128K)->7K(128K)
[2026-06-17T10:02:12.531+0800][9.028s][info][gc          ] GC(289) Pause Young (Mixed) (G1 Evacuation Pause) 48M->34M(64M) 37.868ms
[2026-06-17T10:02:12.531+0800][9.028s][info][gc,cpu      ] GC(289) User=0.00s Sys=0.00s Real=0.04s
[2026-06-17T10:02:12.574+0800][9.071s][info][gc,start    ] GC(290) Pause Young (Normal) (G1 Evacuation Pause)
[2026-06-17T10:02:12.574+0800][9.071s][info][gc,task     ] GC(290) Using 2 workers of 18 for evacuation
[2026-06-17T10:02:12.576+0800][9.073s][info][gc,phases   ] GC(290)   Pre Evacuate Collection Set: 0.23ms
[2026-06-17T10:02:12.576+0800][9.073s][info][gc,phases   ] GC(290)   Merge Heap Roots: 0.07ms
[2026-06-17T10:02:12.576+0800][9.073s][info][gc,phases   ] GC(290)   Evacuate Collection Set: 0.45ms
[2026-06-17T10:02:12.577+0800][9.073s][info][gc,phases   ] GC(290)   Post Evacuate Collection Set: 0.30ms
[2026-06-17T10:02:12.577+0800][9.074s][info][gc,phases   ] GC(290)   Other: 0.45ms
[2026-06-17T10:02:12.577+0800][9.074s][info][gc,heap     ] GC(290) Eden regions: 16->0(15)
[2026-06-17T10:02:12.577+0800][9.074s][info][gc,heap     ] GC(290) Survivor regions: 3->3(3)
[2026-06-17T10:02:12.578+0800][9.074s][info][gc,heap     ] GC(290) Old regions: 19->22
[2026-06-17T10:02:12.578+0800][9.075s][info][gc,heap     ] GC(290) Humongous regions: 13->13
[2026-06-17T10:02:12.578+0800][9.075s][info][gc,metaspace] GC(290) Metaspace: 110K(320K)->110K(320K) NonClass: 103K(192K)->103K(192K) Class: 7K(128K)->7K(128K)
[2026-06-17T10:02:12.578+0800][9.075s][info][gc          ] GC(290) Pause Young (Normal) (G1 Evacuation Pause) 50M->37M(64M) 4.311ms
[2026-06-17T10:02:12.578+0800][9.075s][info][gc,cpu      ] GC(290) User=0.00s Sys=0.00s Real=0.00s
[2026-06-17T10:02:12.589+0800][9.086s][info][gc,start    ] GC(291) Pause Young (Concurrent Start) (G1 Humongous Allocation)
[2026-06-17T10:02:12.590+0800][9.087s][info][gc,task     ] GC(291) Using 2 workers of 18 for evacuation
[2026-06-17T10:02:12.591+0800][9.088s][info][gc,phases   ] GC(291)   Pre Evacuate Collection Set: 0.24ms
[2026-06-17T10:02:12.591+0800][9.088s][info][gc,phases   ] GC(291)   Merge Heap Roots: 0.05ms
[2026-06-17T10:02:12.592+0800][9.089s][info][gc,phases   ] GC(291)   Evacuate Collection Set: 0.32ms
[2026-06-17T10:02:12.592+0800][9.089s][info][gc,phases   ] GC(291)   Post Evacuate Collection Set: 0.18ms
[2026-06-17T10:02:12.592+0800][9.089s][info][gc,phases   ] GC(291)   Other: 0.55ms
[2026-06-17T10:02:12.592+0800][9.089s][info][gc,heap     ] GC(291) Eden regions: 8->0(14)
[2026-06-17T10:02:12.592+0800][9.089s][info][gc,heap     ] GC(291) Survivor regions: 3->3(3)
[2026-06-17T10:02:12.593+0800][9.089s][info][gc,heap     ] GC(291) Old regions: 22->24
[2026-06-17T10:02:12.593+0800][9.089s][info][gc,heap     ] GC(291) Humongous regions: 13->13
[2026-06-17T10:02:12.593+0800][9.090s][info][gc,metaspace] GC(291) Metaspace: 110K(320K)->110K(320K) NonClass: 103K(192K)->103K(192K) Class: 7K(128K)->7K(128K)
[2026-06-17T10:02:12.593+0800][9.090s][info][gc          ] GC(291) Pause Young (Concurrent Start) (G1 Humongous Allocation) 45M->39M(64M) 3.659ms
[2026-06-17T10:02:12.593+0800][9.090s][info][gc,cpu      ] GC(291) User=0.00s Sys=0.00s Real=0.01s
[2026-06-17T10:02:12.593+0800][9.090s][info][gc          ] GC(292) Concurrent Mark Cycle
[2026-06-17T10:02:12.593+0800][9.090s][info][gc,marking  ] GC(292) Concurrent Scan Root Regions
[2026-06-17T10:02:12.594+0800][9.091s][info][gc,marking  ] GC(292) Concurrent Scan Root Regions 0.273ms
[2026-06-17T10:02:12.594+0800][9.091s][info][gc,marking  ] GC(292) Concurrent Mark
[2026-06-17T10:02:12.594+0800][9.091s][info][gc,marking  ] GC(292) Concurrent Mark From Roots
[2026-06-17T10:02:12.594+0800][9.091s][info][gc,task     ] GC(292) Using 5 workers of 5 for marking
[2026-06-17T10:02:12.596+0800][9.093s][info][gc,marking  ] GC(292) Concurrent Mark From Roots 1.683ms
[2026-06-17T10:02:12.596+0800][9.093s][info][gc,marking  ] GC(292) Concurrent Preclean
[2026-06-17T10:02:12.596+0800][9.093s][info][gc,marking  ] GC(292) Concurrent Preclean 0.180ms
[2026-06-17T10:02:12.596+0800][9.093s][info][gc,start    ] GC(292) Pause Remark
[2026-06-17T10:02:12.597+0800][9.094s][info][gc          ] GC(292) Pause Remark 41M->33M(64M) 0.459ms
[2026-06-17T10:02:12.597+0800][9.094s][info][gc,cpu      ] GC(292) User=0.00s Sys=0.00s Real=0.00s
[2026-06-17T10:02:12.597+0800][9.094s][info][gc,marking  ] GC(292) Concurrent Mark 3.126ms
[2026-06-17T10:02:12.597+0800][9.094s][info][gc,marking  ] GC(292) Concurrent Rebuild Remembered Sets and Scrub Regions
[2026-06-17T10:02:12.598+0800][9.094s][info][gc,marking  ] GC(292) Concurrent Rebuild Remembered Sets and Scrub Regions 0.431ms
[2026-06-17T10:02:12.598+0800][9.095s][info][gc,start    ] GC(292) Pause Cleanup
[2026-06-17T10:02:12.598+0800][9.095s][info][gc          ] GC(292) Pause Cleanup 33M->33M(64M) 0.150ms
[2026-06-17T10:02:12.598+0800][9.095s][info][gc,cpu      ] GC(292) User=0.00s Sys=0.00s Real=0.00s
[2026-06-17T10:02:12.598+0800][9.095s][info][gc,marking  ] GC(292) Concurrent Clear Claimed Marks
[2026-06-17T10:02:12.598+0800][9.095s][info][gc,marking  ] GC(292) Concurrent Clear Claimed Marks 0.077ms
[2026-06-17T10:02:12.598+0800][9.095s][info][gc,marking  ] GC(292) Concurrent Cleanup for Next Mark
[2026-06-17T10:02:12.598+0800][9.095s][info][gc,marking  ] GC(292) Concurrent Cleanup for Next Mark 0.185ms
[2026-06-17T10:02:12.598+0800][9.095s][info][gc          ] GC(292) Concurrent Mark Cycle 5.351ms
[2026-06-17T10:02:12.635+0800][9.132s][info][gc,start    ] GC(293) Pause Young (Prepare Mixed) (G1 Evacuation Pause)
[2026-06-17T10:02:12.635+0800][9.132s][info][gc,task     ] GC(293) Using 2 workers of 18 for evacuation
[2026-06-17T10:02:12.637+0800][9.134s][info][gc,phases   ] GC(293)   Pre Evacuate Collection Set: 0.17ms
[2026-06-17T10:02:12.637+0800][9.134s][info][gc,phases   ] GC(293)   Merge Heap Roots: 0.06ms
[2026-06-17T10:02:12.637+0800][9.134s][info][gc,phases   ] GC(293)   Evacuate Collection Set: 0.47ms
[2026-06-17T10:02:12.637+0800][9.134s][info][gc,phases   ] GC(293)   Post Evacuate Collection Set: 0.24ms
[2026-06-17T10:02:12.638+0800][9.134s][info][gc,phases   ] GC(293)   Other: 0.30ms
[2026-06-17T10:02:12.638+0800][9.135s][info][gc,heap     ] GC(293) Eden regions: 14->0(15)
[2026-06-17T10:02:12.638+0800][9.135s][info][gc,heap     ] GC(293) Survivor regions: 3->3(3)
[2026-06-17T10:02:12.638+0800][9.135s][info][gc,heap     ] GC(293) Old regions: 16->19
[2026-06-17T10:02:12.638+0800][9.135s][info][gc,heap     ] GC(293) Humongous regions: 15->15
[2026-06-17T10:02:12.638+0800][9.135s][info][gc,metaspace] GC(293) Metaspace: 110K(320K)->110K(320K) NonClass: 103K(192K)->103K(192K) Class: 7K(128K)->7K(128K)
[2026-06-17T10:02:12.638+0800][9.135s][info][gc          ] GC(293) Pause Young (Prepare Mixed) (G1 Evacuation Pause) 47M->36M(64M) 3.410ms
[2026-06-17T10:02:12.638+0800][9.135s][info][gc,cpu      ] GC(293) User=0.00s Sys=0.00s Real=0.00s
[2026-06-17T10:02:12.680+0800][9.177s][info][gc,start    ] GC(294) Pause Young (Mixed) (G1 Evacuation Pause)
[2026-06-17T10:02:12.681+0800][9.178s][info][gc,task     ] GC(294) Using 2 workers of 18 for evacuation
[2026-06-17T10:02:12.682+0800][9.179s][info][gc,phases   ] GC(294)   Pre Evacuate Collection Set: 0.16ms
[2026-06-17T10:02:12.682+0800][9.179s][info][gc,phases   ] GC(294)   Merge Heap Roots: 0.06ms
[2026-06-17T10:02:12.683+0800][9.179s][info][gc,phases   ] GC(294)   Evacuate Collection Set: 0.46ms
[2026-06-17T10:02:12.683+0800][9.179s][info][gc,phases   ] GC(294)   Post Evacuate Collection Set: 0.28ms
[2026-06-17T10:02:12.683+0800][9.180s][info][gc,phases   ] GC(294)   Other: 0.31ms
[2026-06-17T10:02:12.683+0800][9.180s][info][gc,heap     ] GC(294) Eden regions: 15->0(14)
[2026-06-17T10:02:12.683+0800][9.180s][info][gc,heap     ] GC(294) Survivor regions: 3->3(3)
[2026-06-17T10:02:12.683+0800][9.180s][info][gc,heap     ] GC(294) Old regions: 19->20
[2026-06-17T10:02:12.683+0800][9.180s][info][gc,heap     ] GC(294) Humongous regions: 15->15
[2026-06-17T10:02:12.683+0800][9.180s][info][gc,metaspace] GC(294) Metaspace: 110K(320K)->110K(320K) NonClass: 103K(192K)->103K(192K) Class: 7K(128K)->7K(128K)
[2026-06-17T10:02:12.683+0800][9.180s][info][gc          ] GC(294) Pause Young (Mixed) (G1 Evacuation Pause) 51M->37M(64M) 3.122ms
[2026-06-17T10:02:12.684+0800][9.181s][info][gc,cpu      ] GC(294) User=0.00s Sys=0.00s Real=0.01s
[2026-06-17T10:02:12.716+0800][9.212s][info][gc,start    ] GC(295) Pause Young (Concurrent Start) (G1 Evacuation Pause)
[2026-06-17T10:02:12.716+0800][9.213s][info][gc,task     ] GC(295) Using 2 workers of 18 for evacuation
[2026-06-17T10:02:12.718+0800][9.214s][info][gc,phases   ] GC(295)   Pre Evacuate Collection Set: 0.22ms
[2026-06-17T10:02:12.718+0800][9.215s][info][gc,phases   ] GC(295)   Merge Heap Roots: 0.05ms
[2026-06-17T10:02:12.718+0800][9.215s][info][gc,phases   ] GC(295)   Evacuate Collection Set: 0.37ms
[2026-06-17T10:02:12.718+0800][9.215s][info][gc,phases   ] GC(295)   Post Evacuate Collection Set: 0.18ms
[2026-06-17T10:02:12.718+0800][9.215s][info][gc,phases   ] GC(295)   Other: 0.71ms
[2026-06-17T10:02:12.718+0800][9.215s][info][gc,heap     ] GC(295) Eden regions: 14->0(13)
[2026-06-17T10:02:12.719+0800][9.215s][info][gc,heap     ] GC(295) Survivor regions: 3->3(3)
[2026-06-17T10:02:12.719+0800][9.216s][info][gc,heap     ] GC(295) Old regions: 20->22
[2026-06-17T10:02:12.719+0800][9.216s][info][gc,heap     ] GC(295) Humongous regions: 15->15
[2026-06-17T10:02:12.719+0800][9.216s][info][gc,metaspace] GC(295) Metaspace: 110K(320K)->110K(320K) NonClass: 103K(192K)->103K(192K) Class: 7K(128K)->7K(128K)
[2026-06-17T10:02:12.719+0800][9.216s][info][gc          ] GC(295) Pause Young (Concurrent Start) (G1 Evacuation Pause) 50M->38M(64M) 3.350ms
[2026-06-17T10:02:12.719+0800][9.216s][info][gc,cpu      ] GC(295) User=0.00s Sys=0.00s Real=0.00s
[2026-06-17T10:02:12.719+0800][9.216s][info][gc          ] GC(296) Concurrent Mark Cycle
[2026-06-17T10:02:12.719+0800][9.216s][info][gc,marking  ] GC(296) Concurrent Scan Root Regions
[2026-06-17T10:02:12.720+0800][9.216s][info][gc,marking  ] GC(296) Concurrent Scan Root Regions 0.149ms
[2026-06-17T10:02:12.720+0800][9.216s][info][gc,marking  ] GC(296) Concurrent Mark
[2026-06-17T10:02:12.720+0800][9.217s][info][gc,marking  ] GC(296) Concurrent Mark From Roots
[2026-06-17T10:02:12.720+0800][9.217s][info][gc,task     ] GC(296) Using 5 workers of 5 for marking
[2026-06-17T10:02:12.721+0800][9.218s][info][gc,marking  ] GC(296) Concurrent Mark From Roots 1.434ms
[2026-06-17T10:02:12.721+0800][9.218s][info][gc,marking  ] GC(296) Concurrent Preclean
[2026-06-17T10:02:12.721+0800][9.218s][info][gc,marking  ] GC(296) Concurrent Preclean 0.098ms
[2026-06-17T10:02:12.721+0800][9.218s][info][gc,start    ] GC(296) Pause Remark
[2026-06-17T10:02:12.722+0800][9.219s][info][gc          ] GC(296) Pause Remark 40M->40M(64M) 0.348ms
[2026-06-17T10:02:12.722+0800][9.219s][info][gc,cpu      ] GC(296) User=0.00s Sys=0.00s Real=0.00s
[2026-06-17T10:02:12.722+0800][9.219s][info][gc,marking  ] GC(296) Concurrent Mark 2.802ms
[2026-06-17T10:02:12.723+0800][9.219s][info][gc,marking  ] GC(296) Concurrent Rebuild Remembered Sets and Scrub Regions
[2026-06-17T10:02:12.723+0800][9.220s][info][gc,marking  ] GC(296) Concurrent Rebuild Remembered Sets and Scrub Regions 0.518ms
[2026-06-17T10:02:12.723+0800][9.220s][info][gc,start    ] GC(296) Pause Cleanup
[2026-06-17T10:02:12.723+0800][9.220s][info][gc          ] GC(296) Pause Cleanup 40M->40M(64M) 0.151ms
[2026-06-17T10:02:12.724+0800][9.220s][info][gc,cpu      ] GC(296) User=0.00s Sys=0.00s Real=0.00s
[2026-06-17T10:02:12.724+0800][9.220s][info][gc,marking  ] GC(296) Concurrent Clear Claimed Marks
[2026-06-17T10:02:12.724+0800][9.221s][info][gc,marking  ] GC(296) Concurrent Clear Claimed Marks 0.076ms
[2026-06-17T10:02:12.724+0800][9.221s][info][gc,marking  ] GC(296) Concurrent Cleanup for Next Mark
[2026-06-17T10:02:12.724+0800][9.221s][info][gc,marking  ] GC(296) Concurrent Cleanup for Next Mark 0.192ms
[2026-06-17T10:02:12.724+0800][9.221s][info][gc          ] GC(296) Concurrent Mark Cycle 4.931ms
[2026-06-17T10:02:12.751+0800][9.248s][info][gc,start    ] GC(297) Pause Young (Prepare Mixed) (G1 Evacuation Pause)
[2026-06-17T10:02:12.751+0800][9.248s][info][gc,task     ] GC(297) Using 2 workers of 18 for evacuation
[2026-06-17T10:02:12.752+0800][9.249s][info][gc,phases   ] GC(297)   Pre Evacuate Collection Set: 0.15ms
[2026-06-17T10:02:12.753+0800][9.250s][info][gc,phases   ] GC(297)   Merge Heap Roots: 0.06ms
[2026-06-17T10:02:12.753+0800][9.250s][info][gc,phases   ] GC(297)   Evacuate Collection Set: 0.44ms
[2026-06-17T10:02:12.753+0800][9.250s][info][gc,phases   ] GC(297)   Post Evacuate Collection Set: 0.27ms
[2026-06-17T10:02:12.754+0800][9.250s][info][gc,phases   ] GC(297)   Other: 0.26ms
[2026-06-17T10:02:12.754+0800][9.251s][info][gc,heap     ] GC(297) Eden regions: 13->0(11)
[2026-06-17T10:02:12.754+0800][9.251s][info][gc,heap     ] GC(297) Survivor regions: 3->2(2)
[2026-06-17T10:02:12.754+0800][9.251s][info][gc,heap     ] GC(297) Old regions: 22->25
[2026-06-17T10:02:12.754+0800][9.251s][info][gc,heap     ] GC(297) Humongous regions: 15->15
[2026-06-17T10:02:12.754+0800][9.251s][info][gc,metaspace] GC(297) Metaspace: 110K(320K)->110K(320K) NonClass: 103K(192K)->103K(192K) Class: 7K(128K)->7K(128K)
[2026-06-17T10:02:12.754+0800][9.251s][info][gc          ] GC(297) Pause Young (Prepare Mixed) (G1 Evacuation Pause) 51M->41M(64M) 3.410ms
[2026-06-17T10:02:12.754+0800][9.251s][info][gc,cpu      ] GC(297) User=0.00s Sys=0.00s Real=0.00s
[2026-06-17T10:02:12.786+0800][9.283s][info][gc,start    ] GC(298) Pause Young (Mixed) (G1 Evacuation Pause)
[2026-06-17T10:02:12.787+0800][9.283s][info][gc,task     ] GC(298) Using 2 workers of 18 for evacuation
[2026-06-17T10:02:12.788+0800][9.285s][info][gc,phases   ] GC(298)   Pre Evacuate Collection Set: 0.17ms
[2026-06-17T10:02:12.788+0800][9.285s][info][gc,phases   ] GC(298)   Merge Heap Roots: 0.09ms
[2026-06-17T10:02:12.789+0800][9.286s][info][gc,phases   ] GC(298)   Evacuate Collection Set: 0.38ms
[2026-06-17T10:02:12.789+0800][9.286s][info][gc,phases   ] GC(298)   Post Evacuate Collection Set: 0.25ms
[2026-06-17T10:02:12.789+0800][9.286s][info][gc,phases   ] GC(298)   Other: 0.45ms
[2026-06-17T10:02:12.790+0800][9.287s][info][gc,heap     ] GC(298) Eden regions: 11->0(12)
[2026-06-17T10:02:12.790+0800][9.287s][info][gc,heap     ] GC(298) Survivor regions: 2->1(2)
[2026-06-17T10:02:12.790+0800][9.287s][info][gc,heap     ] GC(298) Old regions: 25->25
[2026-06-17T10:02:12.790+0800][9.287s][info][gc,heap     ] GC(298) Humongous regions: 15->15
[2026-06-17T10:02:12.791+0800][9.287s][info][gc,metaspace] GC(298) Metaspace: 110K(320K)->110K(320K) NonClass: 103K(192K)->103K(192K) Class: 7K(128K)->7K(128K)
[2026-06-17T10:02:12.791+0800][9.288s][info][gc          ] GC(298) Pause Young (Mixed) (G1 Evacuation Pause) 52M->40M(64M) 4.671ms
[2026-06-17T10:02:12.791+0800][9.288s][info][gc,cpu      ] GC(298) User=0.00s Sys=0.01s Real=0.01s
[2026-06-17T10:02:12.791+0800][9.288s][info][gc,start    ] GC(299) Pause Young (Concurrent Start) (G1 Humongous Allocation)
[2026-06-17T10:02:12.791+0800][9.288s][info][gc,task     ] GC(299) Using 2 workers of 18 for evacuation
[2026-06-17T10:02:12.792+0800][9.289s][info][gc,phases   ] GC(299)   Pre Evacuate Collection Set: 0.12ms
[2026-06-17T10:02:12.792+0800][9.289s][info][gc,phases   ] GC(299)   Merge Heap Roots: 0.04ms
[2026-06-17T10:02:12.792+0800][9.289s][info][gc,phases   ] GC(299)   Evacuate Collection Set: 0.19ms
[2026-06-17T10:02:12.792+0800][9.289s][info][gc,phases   ] GC(299)   Post Evacuate Collection Set: 0.15ms
[2026-06-17T10:02:12.793+0800][9.289s][info][gc,phases   ] GC(299)   Other: 0.23ms
[2026-06-17T10:02:12.793+0800][9.289s][info][gc,heap     ] GC(299) Eden regions: 2->0(8)
[2026-06-17T10:02:12.793+0800][9.290s][info][gc,heap     ] GC(299) Survivor regions: 1->2(2)
[2026-06-17T10:02:12.793+0800][9.290s][info][gc,heap     ] GC(299) Old regions: 25->26
[2026-06-17T10:02:12.793+0800][9.290s][info][gc,heap     ] GC(299) Humongous regions: 15->15
[2026-06-17T10:02:12.793+0800][9.290s][info][gc,metaspace] GC(299) Metaspace: 110K(320K)->110K(320K) NonClass: 103K(192K)->103K(192K) Class: 7K(128K)->7K(128K)
[2026-06-17T10:02:12.793+0800][9.290s][info][gc          ] GC(299) Pause Young (Concurrent Start) (G1 Humongous Allocation) 42M->42M(64M) 1.844ms
[2026-06-17T10:02:12.793+0800][9.290s][info][gc,cpu      ] GC(299) User=0.00s Sys=0.00s Real=0.00s
[2026-06-17T10:02:12.793+0800][9.290s][info][gc          ] GC(300) Concurrent Mark Cycle
[2026-06-17T10:02:12.793+0800][9.290s][info][gc,marking  ] GC(300) Concurrent Scan Root Regions
[2026-06-17T10:02:12.793+0800][9.290s][info][gc,marking  ] GC(300) Concurrent Scan Root Regions 0.127ms
[2026-06-17T10:02:12.794+0800][9.290s][info][gc,marking  ] GC(300) Concurrent Mark
[2026-06-17T10:02:12.794+0800][9.290s][info][gc,marking  ] GC(300) Concurrent Mark From Roots
[2026-06-17T10:02:12.794+0800][9.291s][info][gc,task     ] GC(300) Using 5 workers of 5 for marking
[2026-06-17T10:02:12.795+0800][9.292s][info][gc,marking  ] GC(300) Concurrent Mark From Roots 1.358ms
[2026-06-17T10:02:12.795+0800][9.292s][info][gc,marking  ] GC(300) Concurrent Preclean
[2026-06-17T10:02:12.795+0800][9.292s][info][gc,marking  ] GC(300) Concurrent Preclean 0.142ms
[2026-06-17T10:02:12.795+0800][9.292s][info][gc,start    ] GC(300) Pause Remark
[2026-06-17T10:02:12.796+0800][9.293s][info][gc          ] GC(300) Pause Remark 43M->34M(64M) 0.542ms
[2026-06-17T10:02:12.796+0800][9.293s][info][gc,cpu      ] GC(300) User=0.00s Sys=0.00s Real=0.00s
[2026-06-17T10:02:12.796+0800][9.293s][info][gc,marking  ] GC(300) Concurrent Mark 2.785ms
[2026-06-17T10:02:12.796+0800][9.293s][info][gc,marking  ] GC(300) Concurrent Rebuild Remembered Sets and Scrub Regions
[2026-06-17T10:02:12.797+0800][9.294s][info][gc,marking  ] GC(300) Concurrent Rebuild Remembered Sets and Scrub Regions 0.449ms
[2026-06-17T10:02:12.797+0800][9.294s][info][gc,start    ] GC(300) Pause Cleanup
[2026-06-17T10:02:12.797+0800][9.294s][info][gc          ] GC(300) Pause Cleanup 34M->34M(64M) 0.125ms
[2026-06-17T10:02:12.797+0800][9.294s][info][gc,cpu      ] GC(300) User=0.00s Sys=0.00s Real=0.00s
[2026-06-17T10:02:12.797+0800][9.294s][info][gc,marking  ] GC(300) Concurrent Clear Claimed Marks
[2026-06-17T10:02:12.797+0800][9.294s][info][gc,marking  ] GC(300) Concurrent Clear Claimed Marks 0.099ms
[2026-06-17T10:02:12.797+0800][9.294s][info][gc,marking  ] GC(300) Concurrent Cleanup for Next Mark
[2026-06-17T10:02:12.798+0800][9.295s][info][gc,marking  ] GC(300) Concurrent Cleanup for Next Mark 0.206ms
[2026-06-17T10:02:12.798+0800][9.295s][info][gc          ] GC(300) Concurrent Mark Cycle 4.648ms
[2026-06-17T10:02:12.824+0800][9.321s][info][gc,start    ] GC(301) Pause Young (Prepare Mixed) (G1 Evacuation Pause)
[2026-06-17T10:02:12.825+0800][9.322s][info][gc,task     ] GC(301) Using 2 workers of 18 for evacuation
[2026-06-17T10:02:12.826+0800][9.323s][info][gc,phases   ] GC(301)   Pre Evacuate Collection Set: 0.21ms
[2026-06-17T10:02:12.827+0800][9.323s][info][gc,phases   ] GC(301)   Merge Heap Roots: 0.06ms
[2026-06-17T10:02:12.827+0800][9.324s][info][gc,phases   ] GC(301)   Evacuate Collection Set: 0.33ms
[2026-06-17T10:02:12.827+0800][9.324s][info][gc,phases   ] GC(301)   Post Evacuate Collection Set: 0.33ms
[2026-06-17T10:02:12.827+0800][9.324s][info][gc,phases   ] GC(301)   Other: 0.29ms
[2026-06-17T10:02:12.828+0800][9.325s][info][gc,heap     ] GC(301) Eden regions: 8->0(12)
[2026-06-17T10:02:12.828+0800][9.325s][info][gc,heap     ] GC(301) Survivor regions: 2->2(2)
[2026-06-17T10:02:12.828+0800][9.325s][info][gc,heap     ] GC(301) Old regions: 17->19
[2026-06-17T10:02:12.828+0800][9.325s][info][gc,heap     ] GC(301) Humongous regions: 16->16
[2026-06-17T10:02:12.828+0800][9.325s][info][gc,metaspace] GC(301) Metaspace: 110K(320K)->110K(320K) NonClass: 103K(192K)->103K(192K) Class: 7K(128K)->7K(128K)
[2026-06-17T10:02:12.829+0800][9.325s][info][gc          ] GC(301) Pause Young (Prepare Mixed) (G1 Evacuation Pause) 42M->35M(64M) 4.241ms
[2026-06-17T10:02:12.829+0800][9.326s][info][gc,cpu      ] GC(301) User=0.00s Sys=0.00s Real=0.00s
[2026-06-17T10:02:12.860+0800][9.357s][info][gc,start    ] GC(302) Pause Young (Mixed) (G1 Evacuation Pause)
[2026-06-17T10:02:12.861+0800][9.357s][info][gc,task     ] GC(302) Using 2 workers of 18 for evacuation
[2026-06-17T10:02:12.862+0800][9.359s][info][gc,phases   ] GC(302)   Pre Evacuate Collection Set: 0.22ms
[2026-06-17T10:02:12.862+0800][9.359s][info][gc,phases   ] GC(302)   Merge Heap Roots: 0.18ms
[2026-06-17T10:02:12.863+0800][9.360s][info][gc,phases   ] GC(302)   Evacuate Collection Set: 0.35ms
[2026-06-17T10:02:12.863+0800][9.360s][info][gc,phases   ] GC(302)   Post Evacuate Collection Set: 0.36ms
[2026-06-17T10:02:12.863+0800][9.360s][info][gc,phases   ] GC(302)   Other: 0.29ms
[2026-06-17T10:02:12.863+0800][9.360s][info][gc,heap     ] GC(302) Eden regions: 12->0(12)
[2026-06-17T10:02:12.864+0800][9.360s][info][gc,heap     ] GC(302) Survivor regions: 2->2(2)
[2026-06-17T10:02:12.864+0800][9.361s][info][gc,heap     ] GC(302) Old regions: 19->19
[2026-06-17T10:02:12.864+0800][9.361s][info][gc,heap     ] GC(302) Humongous regions: 16->16
[2026-06-17T10:02:12.864+0800][9.361s][info][gc,metaspace] GC(302) Metaspace: 110K(320K)->110K(320K) NonClass: 103K(192K)->103K(192K) Class: 7K(128K)->7K(128K)
[2026-06-17T10:02:12.864+0800][9.361s][info][gc          ] GC(302) Pause Young (Mixed) (G1 Evacuation Pause) 47M->36M(64M) 3.972ms
[2026-06-17T10:02:12.864+0800][9.361s][info][gc,cpu      ] GC(302) User=0.00s Sys=0.00s Real=0.01s
[2026-06-17T10:02:12.896+0800][9.393s][info][gc,start    ] GC(303) Pause Young (Normal) (G1 Evacuation Pause)
[2026-06-17T10:02:12.898+0800][9.395s][info][gc,task     ] GC(303) Using 2 workers of 18 for evacuation
[2026-06-17T10:02:12.901+0800][9.397s][info][gc,phases   ] GC(303)   Pre Evacuate Collection Set: 0.16ms
[2026-06-17T10:02:12.901+0800][9.398s][info][gc,phases   ] GC(303)   Merge Heap Roots: 0.06ms
[2026-06-17T10:02:12.901+0800][9.398s][info][gc,phases   ] GC(303)   Evacuate Collection Set: 0.34ms
[2026-06-17T10:02:12.901+0800][9.398s][info][gc,phases   ] GC(303)   Post Evacuate Collection Set: 0.42ms
[2026-06-17T10:02:12.901+0800][9.398s][info][gc,phases   ] GC(303)   Other: 1.88ms
[2026-06-17T10:02:12.902+0800][9.398s][info][gc,heap     ] GC(303) Eden regions: 12->0(11)
[2026-06-17T10:02:12.902+0800][9.399s][info][gc,heap     ] GC(303) Survivor regions: 2->2(2)
[2026-06-17T10:02:12.902+0800][9.399s][info][gc,heap     ] GC(303) Old regions: 19->22
[2026-06-17T10:02:12.902+0800][9.399s][info][gc,heap     ] GC(303) Humongous regions: 16->16
[2026-06-17T10:02:12.902+0800][9.399s][info][gc,metaspace] GC(303) Metaspace: 110K(320K)->110K(320K) NonClass: 103K(192K)->103K(192K) Class: 7K(128K)->7K(128K)
[2026-06-17T10:02:12.903+0800][9.399s][info][gc          ] GC(303) Pause Young (Normal) (G1 Evacuation Pause) 48M->39M(64M) 6.117ms
[2026-06-17T10:02:12.903+0800][9.400s][info][gc,cpu      ] GC(303) User=0.00s Sys=0.00s Real=0.01s
[2026-06-17T10:02:12.924+0800][9.421s][info][gc,start    ] GC(304) Pause Young (Normal) (G1 Evacuation Pause)
[2026-06-17T10:02:12.928+0800][9.425s][info][gc,task     ] GC(304) Using 2 workers of 18 for evacuation
[2026-06-17T10:02:12.931+0800][9.427s][info][gc,phases   ] GC(304)   Pre Evacuate Collection Set: 0.27ms
[2026-06-17T10:02:12.932+0800][9.428s][info][gc,phases   ] GC(304)   Merge Heap Roots: 0.04ms
[2026-06-17T10:02:12.935+0800][9.431s][info][gc,phases   ] GC(304)   Evacuate Collection Set: 0.47ms
[2026-06-17T10:02:12.935+0800][9.432s][info][gc,phases   ] GC(304)   Post Evacuate Collection Set: 0.21ms
[2026-06-17T10:02:12.936+0800][9.432s][info][gc,phases   ] GC(304)   Other: 1.44ms
[2026-06-17T10:02:12.936+0800][9.433s][info][gc,heap     ] GC(304) Eden regions: 11->0(9)
[2026-06-17T10:02:12.936+0800][9.433s][info][gc,heap     ] GC(304) Survivor regions: 2->2(2)
[2026-06-17T10:02:12.937+0800][9.433s][info][gc,heap     ] GC(304) Old regions: 22->25
[2026-06-17T10:02:12.937+0800][9.434s][info][gc,heap     ] GC(304) Humongous regions: 16->16
[2026-06-17T10:02:12.941+0800][9.437s][info][gc,metaspace] GC(304) Metaspace: 110K(320K)->110K(320K) NonClass: 103K(192K)->103K(192K) Class: 7K(128K)->7K(128K)
[2026-06-17T10:02:12.944+0800][9.441s][info][gc          ] GC(304) Pause Young (Normal) (G1 Evacuation Pause) 50M->42M(64M) 19.621ms
[2026-06-17T10:02:12.948+0800][9.445s][info][gc,cpu      ] GC(304) User=0.00s Sys=0.00s Real=0.02s
[2026-06-17T10:02:12.973+0800][9.470s][info][gc,start    ] GC(305) Pause Young (Concurrent Start) (G1 Evacuation Pause)
[2026-06-17T10:02:12.973+0800][9.470s][info][gc,task     ] GC(305) Using 2 workers of 18 for evacuation
[2026-06-17T10:02:12.974+0800][9.471s][info][gc,phases   ] GC(305)   Pre Evacuate Collection Set: 0.21ms
[2026-06-17T10:02:12.974+0800][9.471s][info][gc,phases   ] GC(305)   Merge Heap Roots: 0.04ms
[2026-06-17T10:02:12.974+0800][9.471s][info][gc,phases   ] GC(305)   Evacuate Collection Set: 0.46ms
[2026-06-17T10:02:12.975+0800][9.471s][info][gc,phases   ] GC(305)   Post Evacuate Collection Set: 0.18ms
[2026-06-17T10:02:12.975+0800][9.472s][info][gc,phases   ] GC(305)   Other: 0.25ms
[2026-06-17T10:02:12.975+0800][9.472s][info][gc,heap     ] GC(305) Eden regions: 9->0(6)
[2026-06-17T10:02:12.975+0800][9.472s][info][gc,heap     ] GC(305) Survivor regions: 2->2(2)
[2026-06-17T10:02:12.975+0800][9.472s][info][gc,heap     ] GC(305) Old regions: 25->30
[2026-06-17T10:02:12.975+0800][9.472s][info][gc,heap     ] GC(305) Humongous regions: 16->16
[2026-06-17T10:02:12.975+0800][9.472s][info][gc,metaspace] GC(305) Metaspace: 110K(320K)->110K(320K) NonClass: 103K(192K)->103K(192K) Class: 7K(128K)->7K(128K)
[2026-06-17T10:02:12.975+0800][9.472s][info][gc          ] GC(305) Pause Young (Concurrent Start) (G1 Evacuation Pause) 51M->47M(64M) 2.610ms
[2026-06-17T10:02:12.975+0800][9.472s][info][gc,cpu      ] GC(305) User=0.00s Sys=0.00s Real=0.00s
[2026-06-17T10:02:12.975+0800][9.472s][info][gc          ] GC(306) Concurrent Mark Cycle
[2026-06-17T10:02:12.976+0800][9.472s][info][gc,marking  ] GC(306) Concurrent Scan Root Regions
[2026-06-17T10:02:12.976+0800][9.473s][info][gc,marking  ] GC(306) Concurrent Scan Root Regions 0.137ms
[2026-06-17T10:02:12.976+0800][9.473s][info][gc,marking  ] GC(306) Concurrent Mark
[2026-06-17T10:02:12.976+0800][9.473s][info][gc,marking  ] GC(306) Concurrent Mark From Roots
[2026-06-17T10:02:12.976+0800][9.473s][info][gc,task     ] GC(306) Using 5 workers of 5 for marking
[2026-06-17T10:02:12.977+0800][9.474s][info][gc,marking  ] GC(306) Concurrent Mark From Roots 1.557ms
[2026-06-17T10:02:12.980+0800][9.477s][info][gc,marking  ] GC(306) Concurrent Preclean
[2026-06-17T10:02:12.980+0800][9.477s][info][gc,marking  ] GC(306) Concurrent Preclean 0.445ms
[2026-06-17T10:02:12.981+0800][9.478s][info][gc,start    ] GC(306) Pause Remark
[2026-06-17T10:02:12.982+0800][9.479s][info][gc          ] GC(306) Pause Remark 48M->41M(64M) 0.894ms
[2026-06-17T10:02:12.983+0800][9.480s][info][gc,cpu      ] GC(306) User=0.00s Sys=0.00s Real=0.01s
[2026-06-17T10:02:12.983+0800][9.480s][info][gc,marking  ] GC(306) Concurrent Mark 7.361ms
[2026-06-17T10:02:12.984+0800][9.481s][info][gc,marking  ] GC(306) Concurrent Rebuild Remembered Sets and Scrub Regions
[2026-06-17T10:02:12.985+0800][9.482s][info][gc,marking  ] GC(306) Concurrent Rebuild Remembered Sets and Scrub Regions 0.986ms
[2026-06-17T10:02:12.989+0800][9.486s][info][gc,start    ] GC(306) Pause Cleanup
[2026-06-17T10:02:12.993+0800][9.490s][info][gc          ] GC(306) Pause Cleanup 44M->44M(64M) 3.856ms
[2026-06-17T10:02:12.993+0800][9.490s][info][gc,cpu      ] GC(306) User=0.00s Sys=0.00s Real=0.01s
[2026-06-17T10:02:12.993+0800][9.490s][info][gc,marking  ] GC(306) Concurrent Clear Claimed Marks
[2026-06-17T10:02:12.993+0800][9.490s][info][gc,marking  ] GC(306) Concurrent Clear Claimed Marks 0.105ms
[2026-06-17T10:02:12.993+0800][9.490s][info][gc,marking  ] GC(306) Concurrent Cleanup for Next Mark
[2026-06-17T10:02:12.993+0800][9.490s][info][gc,marking  ] GC(306) Concurrent Cleanup for Next Mark 0.185ms
[2026-06-17T10:02:12.994+0800][9.491s][info][gc          ] GC(306) Concurrent Mark Cycle 18.254ms
[2026-06-17T10:02:12.996+0800][9.493s][info][gc,start    ] GC(307) Pause Young (Prepare Mixed) (G1 Evacuation Pause)
[2026-06-17T10:02:12.996+0800][9.493s][info][gc,task     ] GC(307) Using 2 workers of 18 for evacuation
[2026-06-17T10:02:12.997+0800][9.494s][info][gc,phases   ] GC(307)   Pre Evacuate Collection Set: 0.11ms
[2026-06-17T10:02:12.997+0800][9.494s][info][gc,phases   ] GC(307)   Merge Heap Roots: 0.06ms
[2026-06-17T10:02:12.997+0800][9.494s][info][gc,phases   ] GC(307)   Evacuate Collection Set: 0.26ms
[2026-06-17T10:02:12.998+0800][9.495s][info][gc,phases   ] GC(307)   Post Evacuate Collection Set: 0.18ms
[2026-06-17T10:02:12.998+0800][9.495s][info][gc,phases   ] GC(307)   Other: 0.22ms
[2026-06-17T10:02:12.998+0800][9.495s][info][gc,heap     ] GC(307) Eden regions: 6->0(9)
[2026-06-17T10:02:12.998+0800][9.495s][info][gc,heap     ] GC(307) Survivor regions: 2->1(1)
[2026-06-17T10:02:12.998+0800][9.495s][info][gc,heap     ] GC(307) Old regions: 23->26
[2026-06-17T10:02:12.998+0800][9.495s][info][gc,heap     ] GC(307) Humongous regions: 16->16
[2026-06-17T10:02:12.998+0800][9.495s][info][gc,metaspace] GC(307) Metaspace: 110K(320K)->110K(320K) NonClass: 103K(192K)->103K(192K) Class: 7K(128K)->7K(128K)
[2026-06-17T10:02:12.998+0800][9.495s][info][gc          ] GC(307) Pause Young (Prepare Mixed) (G1 Evacuation Pause) 46M->42M(64M) 2.235ms
[2026-06-17T10:02:12.999+0800][9.495s][info][gc,cpu      ] GC(307) User=0.00s Sys=0.01s Real=0.00s
[2026-06-17T10:02:13.030+0800][9.527s][info][gc,start    ] GC(308) Pause Young (Mixed) (G1 Evacuation Pause)
[2026-06-17T10:02:13.030+0800][9.527s][info][gc,task     ] GC(308) Using 2 workers of 18 for evacuation
[2026-06-17T10:02:13.032+0800][9.529s][info][gc,phases   ] GC(308)   Pre Evacuate Collection Set: 0.18ms
[2026-06-17T10:02:13.032+0800][9.529s][info][gc,phases   ] GC(308)   Merge Heap Roots: 0.11ms
[2026-06-17T10:02:13.034+0800][9.531s][info][gc,phases   ] GC(308)   Evacuate Collection Set: 0.43ms
[2026-06-17T10:02:13.036+0800][9.533s][info][gc,phases   ] GC(308)   Post Evacuate Collection Set: 0.26ms
[2026-06-17T10:02:13.038+0800][9.535s][info][gc,phases   ] GC(308)   Other: 0.68ms
[2026-06-17T10:02:13.038+0800][9.535s][info][gc,heap     ] GC(308) Eden regions: 9->0(17)
[2026-06-17T10:02:13.039+0800][9.536s][info][gc,heap     ] GC(308) Survivor regions: 1->2(2)
[2026-06-17T10:02:13.039+0800][9.536s][info][gc,heap     ] GC(308) Old regions: 26->21
[2026-06-17T10:02:13.039+0800][9.536s][info][gc,heap     ] GC(308) Humongous regions: 18->10
[2026-06-17T10:02:13.040+0800][9.536s][info][gc,metaspace] GC(308) Metaspace: 110K(320K)->110K(320K) NonClass: 103K(192K)->103K(192K) Class: 7K(128K)->7K(128K)
[2026-06-17T10:02:13.040+0800][9.537s][info][gc          ] GC(308) Pause Young (Mixed) (G1 Evacuation Pause) 53M->32M(64M) 10.350ms
[2026-06-17T10:02:13.042+0800][9.539s][info][gc,cpu      ] GC(308) User=0.00s Sys=0.00s Real=0.01s
[2026-06-17T10:02:13.076+0800][9.573s][info][gc,start    ] GC(309) Pause Young (Mixed) (G1 Evacuation Pause)
[2026-06-17T10:02:13.076+0800][9.573s][info][gc,task     ] GC(309) Using 2 workers of 18 for evacuation
[2026-06-17T10:02:13.078+0800][9.575s][info][gc,phases   ] GC(309)   Pre Evacuate Collection Set: 0.14ms
[2026-06-17T10:02:13.079+0800][9.575s][info][gc,phases   ] GC(309)   Merge Heap Roots: 0.04ms
[2026-06-17T10:02:13.079+0800][9.576s][info][gc,phases   ] GC(309)   Evacuate Collection Set: 0.38ms
[2026-06-17T10:02:13.080+0800][9.577s][info][gc,phases   ] GC(309)   Post Evacuate Collection Set: 0.23ms
[2026-06-17T10:02:13.080+0800][9.577s][info][gc,phases   ] GC(309)   Other: 0.65ms
[2026-06-17T10:02:13.081+0800][9.577s][info][gc,heap     ] GC(309) Eden regions: 17->0(15)
[2026-06-17T10:02:13.081+0800][9.578s][info][gc,heap     ] GC(309) Survivor regions: 2->3(3)
[2026-06-17T10:02:13.082+0800][9.578s][info][gc,heap     ] GC(309) Old regions: 21->23
[2026-06-17T10:02:13.082+0800][9.579s][info][gc,heap     ] GC(309) Humongous regions: 10->10
[2026-06-17T10:02:13.083+0800][9.579s][info][gc,metaspace] GC(309) Metaspace: 110K(320K)->110K(320K) NonClass: 103K(192K)->103K(192K) Class: 7K(128K)->7K(128K)
[2026-06-17T10:02:13.083+0800][9.580s][info][gc          ] GC(309) Pause Young (Mixed) (G1 Evacuation Pause) 49M->35M(64M) 7.592ms
[2026-06-17T10:02:13.084+0800][9.581s][info][gc,cpu      ] GC(309) User=0.01s Sys=0.00s Real=0.01s
[2026-06-17T10:02:13.126+0800][9.623s][info][gc,start    ] GC(310) Pause Young (Normal) (G1 Evacuation Pause)
[2026-06-17T10:02:13.127+0800][9.624s][info][gc,task     ] GC(310) Using 2 workers of 18 for evacuation
[2026-06-17T10:02:13.129+0800][9.625s][info][gc,phases   ] GC(310)   Pre Evacuate Collection Set: 0.12ms
[2026-06-17T10:02:13.129+0800][9.626s][info][gc,phases   ] GC(310)   Merge Heap Roots: 0.04ms
[2026-06-17T10:02:13.130+0800][9.626s][info][gc,phases   ] GC(310)   Evacuate Collection Set: 0.58ms
[2026-06-17T10:02:13.130+0800][9.627s][info][gc,phases   ] GC(310)   Post Evacuate Collection Set: 0.26ms
[2026-06-17T10:02:13.131+0800][9.627s][info][gc,phases   ] GC(310)   Other: 0.49ms
[2026-06-17T10:02:13.131+0800][9.628s][info][gc,heap     ] GC(310) Eden regions: 15->0(11)
[2026-06-17T10:02:13.131+0800][9.628s][info][gc,heap     ] GC(310) Survivor regions: 3->3(3)
[2026-06-17T10:02:13.132+0800][9.629s][info][gc,heap     ] GC(310) Old regions: 23->29
[2026-06-17T10:02:13.132+0800][9.629s][info][gc,heap     ] GC(310) Humongous regions: 10->10
[2026-06-17T10:02:13.133+0800][9.629s][info][gc,metaspace] GC(310) Metaspace: 110K(320K)->110K(320K) NonClass: 103K(192K)->103K(192K) Class: 7K(128K)->7K(128K)
[2026-06-17T10:02:13.133+0800][9.630s][info][gc          ] GC(310) Pause Young (Normal) (G1 Evacuation Pause) 50M->41M(64M) 6.505ms
[2026-06-17T10:02:13.133+0800][9.630s][info][gc,cpu      ] GC(310) User=0.00s Sys=0.00s Real=0.01s
[2026-06-17T10:02:13.165+0800][9.662s][info][gc,start    ] GC(311) Pause Young (Normal) (G1 Evacuation Pause)
[2026-06-17T10:02:13.166+0800][9.662s][info][gc,task     ] GC(311) Using 2 workers of 18 for evacuation
[2026-06-17T10:02:13.167+0800][9.664s][info][gc,phases   ] GC(311)   Pre Evacuate Collection Set: 0.13ms
[2026-06-17T10:02:13.167+0800][9.664s][info][gc,phases   ] GC(311)   Merge Heap Roots: 0.05ms
[2026-06-17T10:02:13.168+0800][9.665s][info][gc,phases   ] GC(311)   Evacuate Collection Set: 0.36ms
[2026-06-17T10:02:13.168+0800][9.665s][info][gc,phases   ] GC(311)   Post Evacuate Collection Set: 0.22ms
[2026-06-17T10:02:13.169+0800][9.666s][info][gc,phases   ] GC(311)   Other: 0.49ms
[2026-06-17T10:02:13.169+0800][9.666s][info][gc,heap     ] GC(311) Eden regions: 11->0(11)
[2026-06-17T10:02:13.169+0800][9.666s][info][gc,heap     ] GC(311) Survivor regions: 3->2(2)
[2026-06-17T10:02:13.170+0800][9.667s][info][gc,heap     ] GC(311) Old regions: 29->31
[2026-06-17T10:02:13.171+0800][9.667s][info][gc,heap     ] GC(311) Humongous regions: 10->10
[2026-06-17T10:02:13.173+0800][9.670s][info][gc,metaspace] GC(311) Metaspace: 110K(320K)->110K(320K) NonClass: 103K(192K)->103K(192K) Class: 7K(128K)->7K(128K)
[2026-06-17T10:02:13.174+0800][9.671s][info][gc          ] GC(311) Pause Young (Normal) (G1 Evacuation Pause) 52M->42M(64M) 8.581ms
[2026-06-17T10:02:13.175+0800][9.672s][info][gc,cpu      ] GC(311) User=0.00s Sys=0.00s Real=0.01s
[2026-06-17T10:02:13.197+0800][9.694s][info][gc,start    ] GC(312) Pause Young (Concurrent Start) (G1 Evacuation Pause)
[2026-06-17T10:02:13.198+0800][9.695s][info][gc,task     ] GC(312) Using 2 workers of 18 for evacuation
[2026-06-17T10:02:13.202+0800][9.699s][info][gc,phases   ] GC(312)   Pre Evacuate Collection Set: 0.38ms
[2026-06-17T10:02:13.203+0800][9.700s][info][gc,phases   ] GC(312)   Merge Heap Roots: 0.06ms
[2026-06-17T10:02:13.203+0800][9.700s][info][gc,phases   ] GC(312)   Evacuate Collection Set: 0.30ms
[2026-06-17T10:02:13.204+0800][9.700s][info][gc,phases   ] GC(312)   Post Evacuate Collection Set: 0.18ms
[2026-06-17T10:02:13.204+0800][9.701s][info][gc,phases   ] GC(312)   Other: 3.29ms
[2026-06-17T10:02:13.205+0800][9.701s][info][gc,heap     ] GC(312) Eden regions: 11->0(11)
[2026-06-17T10:02:13.205+0800][9.702s][info][gc,heap     ] GC(312) Survivor regions: 2->2(2)
[2026-06-17T10:02:13.206+0800][9.703s][info][gc,heap     ] GC(312) Old regions: 31->32
[2026-06-17T10:02:13.212+0800][9.709s][info][gc,heap     ] GC(312) Humongous regions: 10->10
[2026-06-17T10:02:13.214+0800][9.711s][info][gc,metaspace] GC(312) Metaspace: 110K(320K)->110K(320K) NonClass: 103K(192K)->103K(192K) Class: 7K(128K)->7K(128K)
[2026-06-17T10:02:13.216+0800][9.712s][info][gc          ] GC(312) Pause Young (Concurrent Start) (G1 Evacuation Pause) 53M->42M(64M) 18.893ms
[2026-06-17T10:02:13.222+0800][9.719s][info][gc,cpu      ] GC(312) User=0.00s Sys=0.00s Real=0.02s
[2026-06-17T10:02:13.222+0800][9.719s][info][gc          ] GC(313) Concurrent Mark Cycle
[2026-06-17T10:02:13.223+0800][9.720s][info][gc,marking  ] GC(313) Concurrent Scan Root Regions
[2026-06-17T10:02:13.223+0800][9.720s][info][gc,marking  ] GC(313) Concurrent Scan Root Regions 0.274ms
[2026-06-17T10:02:13.224+0800][9.721s][info][gc,marking  ] GC(313) Concurrent Mark
[2026-06-17T10:02:13.225+0800][9.721s][info][gc,marking  ] GC(313) Concurrent Mark From Roots
[2026-06-17T10:02:13.226+0800][9.723s][info][gc,task     ] GC(313) Using 5 workers of 5 for marking
[2026-06-17T10:02:13.228+0800][9.725s][info][gc,marking  ] GC(313) Concurrent Mark From Roots 3.390ms
[2026-06-17T10:02:13.228+0800][9.725s][info][gc,marking  ] GC(313) Concurrent Preclean
[2026-06-17T10:02:13.229+0800][9.726s][info][gc,marking  ] GC(313) Concurrent Preclean 0.468ms
[2026-06-17T10:02:13.230+0800][9.726s][info][gc,start    ] GC(313) Pause Remark
[2026-06-17T10:02:13.231+0800][9.728s][info][gc          ] GC(313) Pause Remark 44M->32M(64M) 1.789ms
[2026-06-17T10:02:13.232+0800][9.729s][info][gc,cpu      ] GC(313) User=0.00s Sys=0.00s Real=0.01s
[2026-06-17T10:02:13.233+0800][9.729s][info][gc,marking  ] GC(313) Concurrent Mark 8.341ms
[2026-06-17T10:02:13.234+0800][9.731s][info][gc,marking  ] GC(313) Concurrent Rebuild Remembered Sets and Scrub Regions
[2026-06-17T10:02:13.234+0800][9.731s][info][gc,marking  ] GC(313) Concurrent Rebuild Remembered Sets and Scrub Regions 0.685ms
[2026-06-17T10:02:13.235+0800][9.732s][info][gc,start    ] GC(313) Pause Cleanup
[2026-06-17T10:02:13.235+0800][9.732s][info][gc          ] GC(313) Pause Cleanup 35M->35M(64M) 0.311ms
[2026-06-17T10:02:13.236+0800][9.733s][info][gc,cpu      ] GC(313) User=0.00s Sys=0.00s Real=0.00s
[2026-06-17T10:02:13.236+0800][9.733s][info][gc,marking  ] GC(313) Concurrent Clear Claimed Marks
[2026-06-17T10:02:13.236+0800][9.733s][info][gc,marking  ] GC(313) Concurrent Clear Claimed Marks 0.293ms
[2026-06-17T10:02:13.237+0800][9.734s][info][gc,marking  ] GC(313) Concurrent Cleanup for Next Mark
[2026-06-17T10:02:13.237+0800][9.734s][info][gc,marking  ] GC(313) Concurrent Cleanup for Next Mark 0.403ms
[2026-06-17T10:02:13.238+0800][9.735s][info][gc          ] GC(313) Concurrent Mark Cycle 15.515ms
[2026-06-17T10:02:13.255+0800][9.751s][info][gc,start    ] GC(314) Pause Young (Prepare Mixed) (G1 Evacuation Pause)
[2026-06-17T10:02:13.255+0800][9.752s][info][gc,task     ] GC(314) Using 2 workers of 18 for evacuation
[2026-06-17T10:02:13.256+0800][9.753s][info][gc,phases   ] GC(314)   Pre Evacuate Collection Set: 0.13ms
[2026-06-17T10:02:13.257+0800][9.754s][info][gc,phases   ] GC(314)   Merge Heap Roots: 0.05ms
[2026-06-17T10:02:13.257+0800][9.754s][info][gc,phases   ] GC(314)   Evacuate Collection Set: 0.48ms
[2026-06-17T10:02:13.258+0800][9.754s][info][gc,phases   ] GC(314)   Post Evacuate Collection Set: 0.21ms
[2026-06-17T10:02:13.258+0800][9.755s][info][gc,phases   ] GC(314)   Other: 0.50ms
[2026-06-17T10:02:13.258+0800][9.755s][info][gc,heap     ] GC(314) Eden regions: 11->0(13)
[2026-06-17T10:02:13.259+0800][9.756s][info][gc,heap     ] GC(314) Survivor regions: 2->2(2)
[2026-06-17T10:02:13.259+0800][9.756s][info][gc,heap     ] GC(314) Old regions: 20->25
[2026-06-17T10:02:13.259+0800][9.756s][info][gc,heap     ] GC(314) Humongous regions: 10->10
[2026-06-17T10:02:13.260+0800][9.757s][info][gc,metaspace] GC(314) Metaspace: 110K(320K)->110K(320K) NonClass: 103K(192K)->103K(192K) Class: 7K(128K)->7K(128K)
[2026-06-17T10:02:13.260+0800][9.757s][info][gc          ] GC(314) Pause Young (Prepare Mixed) (G1 Evacuation Pause) 41M->36M(64M) 5.563ms
[2026-06-17T10:02:13.260+0800][9.757s][info][gc,cpu      ] GC(314) User=0.00s Sys=0.00s Real=0.00s
[2026-06-17T10:02:13.292+0800][9.789s][info][gc,start    ] GC(315) Pause Young (Mixed) (G1 Evacuation Pause)
[2026-06-17T10:02:13.293+0800][9.790s][info][gc,task     ] GC(315) Using 2 workers of 18 for evacuation
[2026-06-17T10:02:13.294+0800][9.791s][info][gc,phases   ] GC(315)   Pre Evacuate Collection Set: 0.12ms
[2026-06-17T10:02:13.295+0800][9.791s][info][gc,phases   ] GC(315)   Merge Heap Roots: 0.04ms
[2026-06-17T10:02:13.295+0800][9.792s][info][gc,phases   ] GC(315)   Evacuate Collection Set: 0.33ms
[2026-06-17T10:02:13.296+0800][9.792s][info][gc,phases   ] GC(315)   Post Evacuate Collection Set: 0.20ms
[2026-06-17T10:02:13.296+0800][9.793s][info][gc,phases   ] GC(315)   Other: 0.45ms
[2026-06-17T10:02:13.296+0800][9.793s][info][gc,heap     ] GC(315) Eden regions: 13->0(15)
[2026-06-17T10:02:13.297+0800][9.793s][info][gc,heap     ] GC(315) Survivor regions: 2->2(2)
[2026-06-17T10:02:13.297+0800][9.794s][info][gc,heap     ] GC(315) Old regions: 25->22
[2026-06-17T10:02:13.297+0800][9.794s][info][gc,heap     ] GC(315) Humongous regions: 11->11
[2026-06-17T10:02:13.297+0800][9.794s][info][gc,metaspace] GC(315) Metaspace: 110K(320K)->110K(320K) NonClass: 103K(192K)->103K(192K) Class: 7K(128K)->7K(128K)
[2026-06-17T10:02:13.298+0800][9.795s][info][gc          ] GC(315) Pause Young (Mixed) (G1 Evacuation Pause) 50M->34M(64M) 5.262ms
[2026-06-17T10:02:13.298+0800][9.795s][info][gc,cpu      ] GC(315) User=0.00s Sys=0.00s Real=0.00s
[2026-06-17T10:02:13.340+0800][9.837s][info][gc,start    ] GC(316) Pause Young (Normal) (G1 Evacuation Pause)
[2026-06-17T10:02:13.341+0800][9.838s][info][gc,task     ] GC(316) Using 2 workers of 18 for evacuation
[2026-06-17T10:02:13.343+0800][9.839s][info][gc,phases   ] GC(316)   Pre Evacuate Collection Set: 0.14ms
[2026-06-17T10:02:13.343+0800][9.840s][info][gc,phases   ] GC(316)   Merge Heap Roots: 0.06ms
[2026-06-17T10:02:13.343+0800][9.840s][info][gc,phases   ] GC(316)   Evacuate Collection Set: 0.55ms
[2026-06-17T10:02:13.343+0800][9.840s][info][gc,phases   ] GC(316)   Post Evacuate Collection Set: 0.26ms
[2026-06-17T10:02:13.343+0800][9.840s][info][gc,phases   ] GC(316)   Other: 0.37ms
[2026-06-17T10:02:13.344+0800][9.840s][info][gc,heap     ] GC(316) Eden regions: 15->0(12)
[2026-06-17T10:02:13.344+0800][9.841s][info][gc,heap     ] GC(316) Survivor regions: 2->3(3)
[2026-06-17T10:02:13.344+0800][9.841s][info][gc,heap     ] GC(316) Old regions: 22->26
[2026-06-17T10:02:13.344+0800][9.841s][info][gc,heap     ] GC(316) Humongous regions: 11->11
[2026-06-17T10:02:13.345+0800][9.841s][info][gc,metaspace] GC(316) Metaspace: 110K(320K)->110K(320K) NonClass: 103K(192K)->103K(192K) Class: 7K(128K)->7K(128K)
[2026-06-17T10:02:13.345+0800][9.842s][info][gc          ] GC(316) Pause Young (Normal) (G1 Evacuation Pause) 49M->39M(64M) 4.627ms
[2026-06-17T10:02:13.345+0800][9.842s][info][gc,cpu      ] GC(316) User=0.00s Sys=0.00s Real=0.01s
[2026-06-17T10:02:13.377+0800][9.874s][info][gc,start    ] GC(317) Pause Young (Normal) (G1 Evacuation Pause)
[2026-06-17T10:02:13.377+0800][9.874s][info][gc,task     ] GC(317) Using 2 workers of 18 for evacuation
[2026-06-17T10:02:13.378+0800][9.875s][info][gc,phases   ] GC(317)   Pre Evacuate Collection Set: 0.16ms
[2026-06-17T10:02:13.378+0800][9.875s][info][gc,phases   ] GC(317)   Merge Heap Roots: 0.03ms
[2026-06-17T10:02:13.379+0800][9.875s][info][gc,phases   ] GC(317)   Evacuate Collection Set: 0.45ms
[2026-06-17T10:02:13.379+0800][9.876s][info][gc,phases   ] GC(317)   Post Evacuate Collection Set: 0.22ms
[2026-06-17T10:02:13.379+0800][9.876s][info][gc,phases   ] GC(317)   Other: 0.25ms
[2026-06-17T10:02:13.379+0800][9.876s][info][gc,heap     ] GC(317) Eden regions: 12->0(11)
[2026-06-17T10:02:13.379+0800][9.876s][info][gc,heap     ] GC(317) Survivor regions: 3->2(2)
[2026-06-17T10:02:13.379+0800][9.876s][info][gc,heap     ] GC(317) Old regions: 26->30
[2026-06-17T10:02:13.379+0800][9.876s][info][gc,heap     ] GC(317) Humongous regions: 11->11
[2026-06-17T10:02:13.380+0800][9.876s][info][gc,metaspace] GC(317) Metaspace: 110K(320K)->110K(320K) NonClass: 103K(192K)->103K(192K) Class: 7K(128K)->7K(128K)
[2026-06-17T10:02:13.380+0800][9.877s][info][gc          ] GC(317) Pause Young (Normal) (G1 Evacuation Pause) 51M->42M(64M) 2.763ms
[2026-06-17T10:02:13.380+0800][9.877s][info][gc,cpu      ] GC(317) User=0.00s Sys=0.00s Real=0.00s
[2026-06-17T10:02:13.401+0800][9.898s][info][gc,start    ] GC(318) Pause Young (Concurrent Start) (G1 Evacuation Pause)
[2026-06-17T10:02:13.402+0800][9.899s][info][gc,task     ] GC(318) Using 2 workers of 18 for evacuation
[2026-06-17T10:02:13.406+0800][9.903s][info][gc,phases   ] GC(318)   Pre Evacuate Collection Set: 0.16ms
[2026-06-17T10:02:13.409+0800][9.905s][info][gc,phases   ] GC(318)   Merge Heap Roots: 0.04ms
[2026-06-17T10:02:13.409+0800][9.906s][info][gc,phases   ] GC(318)   Evacuate Collection Set: 0.27ms
[2026-06-17T10:02:13.410+0800][9.907s][info][gc,phases   ] GC(318)   Post Evacuate Collection Set: 0.17ms
[2026-06-17T10:02:13.410+0800][9.907s][info][gc,phases   ] GC(318)   Other: 3.34ms
[2026-06-17T10:02:13.411+0800][9.908s][info][gc,heap     ] GC(318) Eden regions: 11->0(11)
[2026-06-17T10:02:13.411+0800][9.908s][info][gc,heap     ] GC(318) Survivor regions: 2->2(2)
[2026-06-17T10:02:13.411+0800][9.908s][info][gc,heap     ] GC(318) Old regions: 30->31
[2026-06-17T10:02:13.412+0800][9.908s][info][gc,heap     ] GC(318) Humongous regions: 11->11
[2026-06-17T10:02:13.412+0800][9.909s][info][gc,metaspace] GC(318) Metaspace: 110K(320K)->110K(320K) NonClass: 103K(192K)->103K(192K) Class: 7K(128K)->7K(128K)
[2026-06-17T10:02:13.412+0800][9.909s][info][gc          ] GC(318) Pause Young (Concurrent Start) (G1 Evacuation Pause) 53M->43M(64M) 10.532ms
[2026-06-17T10:02:13.412+0800][9.909s][info][gc,cpu      ] GC(318) User=0.00s Sys=0.00s Real=0.02s
[2026-06-17T10:02:13.412+0800][9.909s][info][gc          ] GC(319) Concurrent Mark Cycle
[2026-06-17T10:02:13.412+0800][9.909s][info][gc,marking  ] GC(319) Concurrent Scan Root Regions
[2026-06-17T10:02:13.412+0800][9.909s][info][gc,marking  ] GC(319) Concurrent Scan Root Regions 0.160ms
[2026-06-17T10:02:13.412+0800][9.909s][info][gc,marking  ] GC(319) Concurrent Mark
[2026-06-17T10:02:13.412+0800][9.909s][info][gc,marking  ] GC(319) Concurrent Mark From Roots
[2026-06-17T10:02:13.412+0800][9.909s][info][gc,task     ] GC(319) Using 5 workers of 5 for marking
[2026-06-17T10:02:13.414+0800][9.911s][info][gc,marking  ] GC(319) Concurrent Mark From Roots 1.455ms
[2026-06-17T10:02:13.414+0800][9.911s][info][gc,marking  ] GC(319) Concurrent Preclean
[2026-06-17T10:02:13.414+0800][9.911s][info][gc,marking  ] GC(319) Concurrent Preclean 0.155ms
[2026-06-17T10:02:13.415+0800][9.911s][info][gc,start    ] GC(319) Pause Remark
[2026-06-17T10:02:13.415+0800][9.912s][info][gc          ] GC(319) Pause Remark 44M->34M(64M) 0.511ms
[2026-06-17T10:02:13.415+0800][9.912s][info][gc,cpu      ] GC(319) User=0.00s Sys=0.00s Real=0.00s
[2026-06-17T10:02:13.415+0800][9.912s][info][gc,marking  ] GC(319) Concurrent Mark 3.015ms
[2026-06-17T10:02:13.416+0800][9.912s][info][gc,marking  ] GC(319) Concurrent Rebuild Remembered Sets and Scrub Regions
[2026-06-17T10:02:13.416+0800][9.913s][info][gc,marking  ] GC(319) Concurrent Rebuild Remembered Sets and Scrub Regions 0.530ms
[2026-06-17T10:02:13.416+0800][9.913s][info][gc,start    ] GC(319) Pause Cleanup
[2026-06-17T10:02:13.416+0800][9.913s][info][gc          ] GC(319) Pause Cleanup 34M->34M(64M) 0.148ms
[2026-06-17T10:02:13.416+0800][9.913s][info][gc,cpu      ] GC(319) User=0.00s Sys=0.00s Real=0.00s
[2026-06-17T10:02:13.417+0800][9.913s][info][gc,marking  ] GC(319) Concurrent Clear Claimed Marks
[2026-06-17T10:02:13.417+0800][9.914s][info][gc,marking  ] GC(319) Concurrent Clear Claimed Marks 0.082ms
[2026-06-17T10:02:13.417+0800][9.914s][info][gc,marking  ] GC(319) Concurrent Cleanup for Next Mark
[2026-06-17T10:02:13.417+0800][9.914s][info][gc,marking  ] GC(319) Concurrent Cleanup for Next Mark 0.330ms
[2026-06-17T10:02:13.417+0800][9.914s][info][gc          ] GC(319) Concurrent Mark Cycle 5.316ms
[2026-06-17T10:02:13.444+0800][9.940s][info][gc,start    ] GC(320) Pause Young (Prepare Mixed) (G1 Evacuation Pause)
[2026-06-17T10:02:13.444+0800][9.941s][info][gc,task     ] GC(320) Using 2 workers of 18 for evacuation
[2026-06-17T10:02:13.445+0800][9.942s][info][gc,phases   ] GC(320)   Pre Evacuate Collection Set: 0.15ms
[2026-06-17T10:02:13.445+0800][9.942s][info][gc,phases   ] GC(320)   Merge Heap Roots: 0.04ms
[2026-06-17T10:02:13.445+0800][9.942s][info][gc,phases   ] GC(320)   Evacuate Collection Set: 0.23ms
[2026-06-17T10:02:13.445+0800][9.942s][info][gc,phases   ] GC(320)   Post Evacuate Collection Set: 0.23ms
[2026-06-17T10:02:13.445+0800][9.942s][info][gc,phases   ] GC(320)   Other: 0.24ms
[2026-06-17T10:02:13.445+0800][9.942s][info][gc,heap     ] GC(320) Eden regions: 11->0(17)
[2026-06-17T10:02:13.446+0800][9.942s][info][gc,heap     ] GC(320) Survivor regions: 2->1(2)
[2026-06-17T10:02:13.446+0800][9.943s][info][gc,heap     ] GC(320) Old regions: 21->23
[2026-06-17T10:02:13.446+0800][9.943s][info][gc,heap     ] GC(320) Humongous regions: 11->11
[2026-06-17T10:02:13.446+0800][9.943s][info][gc,metaspace] GC(320) Metaspace: 110K(320K)->110K(320K) NonClass: 103K(192K)->103K(192K) Class: 7K(128K)->7K(128K)
[2026-06-17T10:02:13.446+0800][9.943s][info][gc          ] GC(320) Pause Young (Prepare Mixed) (G1 Evacuation Pause) 44M->34M(64M) 2.440ms
[2026-06-17T10:02:13.446+0800][9.943s][info][gc,cpu      ] GC(320) User=0.00s Sys=0.00s Real=0.00s
[2026-06-17T10:02:13.488+0800][9.985s][info][gc,start    ] GC(321) Pause Young (Mixed) (G1 Evacuation Pause)
[2026-06-17T10:02:13.489+0800][9.986s][info][gc,task     ] GC(321) Using 2 workers of 18 for evacuation
[2026-06-17T10:02:13.490+0800][9.987s][info][gc,phases   ] GC(321)   Pre Evacuate Collection Set: 0.11ms
[2026-06-17T10:02:13.491+0800][9.987s][info][gc,phases   ] GC(321)   Merge Heap Roots: 0.05ms
[2026-06-17T10:02:13.491+0800][9.988s][info][gc,phases   ] GC(321)   Evacuate Collection Set: 0.81ms
[2026-06-17T10:02:13.491+0800][9.988s][info][gc,phases   ] GC(321)   Post Evacuate Collection Set: 0.35ms
[2026-06-17T10:02:13.491+0800][9.988s][info][gc,phases   ] GC(321)   Other: 0.28ms
[2026-06-17T10:02:13.491+0800][9.988s][info][gc,heap     ] GC(321) Eden regions: 17->0(13)
[2026-06-17T10:02:13.491+0800][9.988s][info][gc,heap     ] GC(321) Survivor regions: 1->3(3)
[2026-06-17T10:02:13.491+0800][9.988s][info][gc,heap     ] GC(321) Old regions: 23->23
[2026-06-17T10:02:13.492+0800][9.988s][info][gc,heap     ] GC(321) Humongous regions: 13->13
[2026-06-17T10:02:13.492+0800][9.988s][info][gc,metaspace] GC(321) Metaspace: 110K(320K)->110K(320K) NonClass: 103K(192K)->103K(192K) Class: 7K(128K)->7K(128K)
[2026-06-17T10:02:13.492+0800][9.989s][info][gc          ] GC(321) Pause Young (Mixed) (G1 Evacuation Pause) 53M->38M(64M) 3.507ms
[2026-06-17T10:02:13.492+0800][9.989s][info][gc,cpu      ] GC(321) User=0.00s Sys=0.00s Real=0.01s
[2026-06-17T10:02:13.534+0800][10.030s][info][gc,start    ] GC(322) Pause Young (Mixed) (G1 Evacuation Pause)
[2026-06-17T10:02:13.534+0800][10.031s][info][gc,task     ] GC(322) Using 2 workers of 18 for evacuation
[2026-06-17T10:02:13.536+0800][10.033s][info][gc,phases   ] GC(322)   Pre Evacuate Collection Set: 0.31ms
[2026-06-17T10:02:13.539+0800][10.036s][info][gc,phases   ] GC(322)   Merge Heap Roots: 0.07ms
[2026-06-17T10:02:13.539+0800][10.036s][info][gc,phases   ] GC(322)   Evacuate Collection Set: 0.63ms
[2026-06-17T10:02:13.541+0800][10.038s][info][gc,phases   ] GC(322)   Post Evacuate Collection Set: 0.27ms
[2026-06-17T10:02:13.544+0800][10.041s][info][gc,phases   ] GC(322)   Other: 0.87ms
[2026-06-17T10:02:13.544+0800][10.041s][info][gc,heap     ] GC(322) Eden regions: 13->0(13)
[2026-06-17T10:02:13.545+0800][10.042s][info][gc,heap     ] GC(322) Survivor regions: 3->2(2)
[2026-06-17T10:02:13.546+0800][10.043s][info][gc,heap     ] GC(322) Old regions: 23->26
[2026-06-17T10:02:13.547+0800][10.043s][info][gc,heap     ] GC(322) Humongous regions: 13->13
[2026-06-17T10:02:13.547+0800][10.044s][info][gc,metaspace] GC(322) Metaspace: 110K(320K)->110K(320K) NonClass: 103K(192K)->103K(192K) Class: 7K(128K)->7K(128K)
[2026-06-17T10:02:13.547+0800][10.044s][info][gc          ] GC(322) Pause Young (Mixed) (G1 Evacuation Pause) 51M->40M(64M) 13.459ms
[2026-06-17T10:02:13.550+0800][10.047s][info][gc,cpu      ] GC(322) User=0.00s Sys=0.00s Real=0.01s
[2026-06-17T10:02:13.584+0800][10.081s][info][gc,start    ] GC(323) Pause Young (Concurrent Start) (G1 Evacuation Pause)
[2026-06-17T10:02:13.596+0800][10.093s][info][gc,task     ] GC(323) Using 2 workers of 18 for evacuation
[2026-06-17T10:02:13.598+0800][10.095s][info][gc,phases   ] GC(323)   Pre Evacuate Collection Set: 0.15ms
[2026-06-17T10:02:13.600+0800][10.096s][info][gc,phases   ] GC(323)   Merge Heap Roots: 0.03ms
[2026-06-17T10:02:13.600+0800][10.097s][info][gc,phases   ] GC(323)   Evacuate Collection Set: 0.37ms
[2026-06-17T10:02:13.601+0800][10.098s][info][gc,phases   ] GC(323)   Post Evacuate Collection Set: 0.15ms
[2026-06-17T10:02:13.601+0800][10.098s][info][gc,phases   ] GC(323)   Other: 1.15ms
[2026-06-17T10:02:13.601+0800][10.098s][info][gc,heap     ] GC(323) Eden regions: 13->0(10)
[2026-06-17T10:02:13.602+0800][10.099s][info][gc,heap     ] GC(323) Survivor regions: 2->2(2)
[2026-06-17T10:02:13.602+0800][10.099s][info][gc,heap     ] GC(323) Old regions: 26->29
[2026-06-17T10:02:13.602+0800][10.099s][info][gc,heap     ] GC(323) Humongous regions: 13->13
[2026-06-17T10:02:13.603+0800][10.100s][info][gc,metaspace] GC(323) Metaspace: 110K(320K)->110K(320K) NonClass: 103K(192K)->103K(192K) Class: 7K(128K)->7K(128K)
[2026-06-17T10:02:13.603+0800][10.100s][info][gc          ] GC(323) Pause Young (Concurrent Start) (G1 Evacuation Pause) 53M->43M(64M) 19.124ms
[2026-06-17T10:02:13.603+0800][10.100s][info][gc,cpu      ] GC(323) User=0.00s Sys=0.00s Real=0.02s
[2026-06-17T10:02:13.603+0800][10.100s][info][gc          ] GC(324) Concurrent Mark Cycle
[2026-06-17T10:02:13.603+0800][10.100s][info][gc,marking  ] GC(324) Concurrent Scan Root Regions
[2026-06-17T10:02:13.604+0800][10.101s][info][gc,marking  ] GC(324) Concurrent Scan Root Regions 0.254ms
[2026-06-17T10:02:13.604+0800][10.101s][info][gc,marking  ] GC(324) Concurrent Mark
[2026-06-17T10:02:13.604+0800][10.101s][info][gc,marking  ] GC(324) Concurrent Mark From Roots
[2026-06-17T10:02:13.604+0800][10.101s][info][gc,task     ] GC(324) Using 5 workers of 5 for marking
[2026-06-17T10:02:13.606+0800][10.102s][info][gc,marking  ] GC(324) Concurrent Mark From Roots 1.521ms
[2026-06-17T10:02:13.606+0800][10.103s][info][gc,marking  ] GC(324) Concurrent Preclean
[2026-06-17T10:02:13.606+0800][10.103s][info][gc,marking  ] GC(324) Concurrent Preclean 0.115ms
[2026-06-17T10:02:13.606+0800][10.103s][info][gc,start    ] GC(324) Pause Remark
[2026-06-17T10:02:13.606+0800][10.103s][info][gc          ] GC(324) Pause Remark 45M->35M(64M) 0.441ms
[2026-06-17T10:02:13.607+0800][10.103s][info][gc,cpu      ] GC(324) User=0.00s Sys=0.00s Real=0.00s
[2026-06-17T10:02:13.607+0800][10.104s][info][gc,marking  ] GC(324) Concurrent Mark 3.035ms
[2026-06-17T10:02:13.607+0800][10.104s][info][gc,marking  ] GC(324) Concurrent Rebuild Remembered Sets and Scrub Regions
[2026-06-17T10:02:13.608+0800][10.105s][info][gc,marking  ] GC(324) Concurrent Rebuild Remembered Sets and Scrub Regions 0.573ms
[2026-06-17T10:02:13.608+0800][10.105s][info][gc,start    ] GC(324) Pause Cleanup
[2026-06-17T10:02:13.608+0800][10.105s][info][gc          ] GC(324) Pause Cleanup 35M->35M(64M) 0.206ms
[2026-06-17T10:02:13.608+0800][10.105s][info][gc,cpu      ] GC(324) User=0.00s Sys=0.00s Real=0.00s
[2026-06-17T10:02:13.608+0800][10.105s][info][gc,marking  ] GC(324) Concurrent Clear Claimed Marks
[2026-06-17T10:02:13.608+0800][10.105s][info][gc,marking  ] GC(324) Concurrent Clear Claimed Marks 0.120ms
[2026-06-17T10:02:13.609+0800][10.105s][info][gc,marking  ] GC(324) Concurrent Cleanup for Next Mark
[2026-06-17T10:02:13.609+0800][10.106s][info][gc,marking  ] GC(324) Concurrent Cleanup for Next Mark 0.188ms
[2026-06-17T10:02:13.609+0800][10.106s][info][gc          ] GC(324) Concurrent Mark Cycle 5.784ms
[2026-06-17T10:02:13.624+0800][10.121s][info][gc,start    ] GC(325) Pause Young (Prepare Mixed) (G1 Evacuation Pause)
[2026-06-17T10:02:13.625+0800][10.122s][info][gc,task     ] GC(325) Using 2 workers of 18 for evacuation
[2026-06-17T10:02:13.626+0800][10.123s][info][gc,phases   ] GC(325)   Pre Evacuate Collection Set: 0.20ms
[2026-06-17T10:02:13.627+0800][10.124s][info][gc,phases   ] GC(325)   Merge Heap Roots: 0.09ms
[2026-06-17T10:02:13.627+0800][10.124s][info][gc,phases   ] GC(325)   Evacuate Collection Set: 0.46ms
[2026-06-17T10:02:13.629+0800][10.126s][info][gc,phases   ] GC(325)   Post Evacuate Collection Set: 0.22ms
[2026-06-17T10:02:13.630+0800][10.127s][info][gc,phases   ] GC(325)   Other: 0.64ms
[2026-06-17T10:02:13.630+0800][10.127s][info][gc,heap     ] GC(325) Eden regions: 10->0(14)
[2026-06-17T10:02:13.633+0800][10.130s][info][gc,heap     ] GC(325) Survivor regions: 2->2(2)
[2026-06-17T10:02:13.634+0800][10.131s][info][gc,heap     ] GC(325) Old regions: 19->23
[2026-06-17T10:02:13.634+0800][10.131s][info][gc,heap     ] GC(325) Humongous regions: 13->13
[2026-06-17T10:02:13.634+0800][10.131s][info][gc,metaspace] GC(325) Metaspace: 110K(320K)->110K(320K) NonClass: 103K(192K)->103K(192K) Class: 7K(128K)->7K(128K)
[2026-06-17T10:02:13.635+0800][10.131s][info][gc          ] GC(325) Pause Young (Prepare Mixed) (G1 Evacuation Pause) 43M->37M(64M) 10.057ms
[2026-06-17T10:02:13.635+0800][10.132s][info][gc,cpu      ] GC(325) User=0.00s Sys=0.00s Real=0.01s
[2026-06-17T10:02:13.677+0800][10.174s][info][gc,start    ] GC(326) Pause Young (Mixed) (G1 Evacuation Pause)
[2026-06-17T10:02:13.677+0800][10.174s][info][gc,task     ] GC(326) Using 2 workers of 18 for evacuation
[2026-06-17T10:02:13.679+0800][10.176s][info][gc,phases   ] GC(326)   Pre Evacuate Collection Set: 0.25ms
[2026-06-17T10:02:13.679+0800][10.176s][info][gc,phases   ] GC(326)   Merge Heap Roots: 0.09ms
[2026-06-17T10:02:13.680+0800][10.177s][info][gc,phases   ] GC(326)   Evacuate Collection Set: 0.64ms
[2026-06-17T10:02:13.680+0800][10.177s][info][gc,phases   ] GC(326)   Post Evacuate Collection Set: 0.32ms
[2026-06-17T10:02:13.680+0800][10.177s][info][gc,phases   ] GC(326)   Other: 0.47ms
[2026-06-17T10:02:13.681+0800][10.178s][info][gc,heap     ] GC(326) Eden regions: 14->0(14)
[2026-06-17T10:02:13.681+0800][10.178s][info][gc,heap     ] GC(326) Survivor regions: 2->2(2)
[2026-06-17T10:02:13.681+0800][10.178s][info][gc,heap     ] GC(326) Old regions: 23->22
[2026-06-17T10:02:13.682+0800][10.179s][info][gc,heap     ] GC(326) Humongous regions: 13->13
[2026-06-17T10:02:13.682+0800][10.179s][info][gc,metaspace] GC(326) Metaspace: 110K(320K)->110K(320K) NonClass: 103K(192K)->103K(192K) Class: 7K(128K)->7K(128K)
[2026-06-17T10:02:13.682+0800][10.179s][info][gc          ] GC(326) Pause Young (Mixed) (G1 Evacuation Pause) 51M->36M(64M) 5.333ms
[2026-06-17T10:02:13.683+0800][10.179s][info][gc,cpu      ] GC(326) User=0.00s Sys=0.00s Real=0.01s
[2026-06-17T10:02:13.715+0800][10.212s][info][gc,start    ] GC(327) Pause Young (Normal) (G1 Evacuation Pause)
[2026-06-17T10:02:13.716+0800][10.213s][info][gc,task     ] GC(327) Using 2 workers of 18 for evacuation
[2026-06-17T10:02:13.717+0800][10.214s][info][gc,phases   ] GC(327)   Pre Evacuate Collection Set: 0.17ms
[2026-06-17T10:02:13.718+0800][10.215s][info][gc,phases   ] GC(327)   Merge Heap Roots: 0.09ms
[2026-06-17T10:02:13.719+0800][10.215s][info][gc,phases   ] GC(327)   Evacuate Collection Set: 0.58ms
[2026-06-17T10:02:13.719+0800][10.216s][info][gc,phases   ] GC(327)   Post Evacuate Collection Set: 0.36ms
[2026-06-17T10:02:13.719+0800][10.216s][info][gc,phases   ] GC(327)   Other: 0.55ms
[2026-06-17T10:02:13.720+0800][10.217s][info][gc,heap     ] GC(327) Eden regions: 14->0(10)
[2026-06-17T10:02:13.720+0800][10.217s][info][gc,heap     ] GC(327) Survivor regions: 2->2(2)
[2026-06-17T10:02:13.721+0800][10.217s][info][gc,heap     ] GC(327) Old regions: 22->27
[2026-06-17T10:02:13.721+0800][10.218s][info][gc,heap     ] GC(327) Humongous regions: 13->13
[2026-06-17T10:02:13.721+0800][10.218s][info][gc,metaspace] GC(327) Metaspace: 110K(320K)->110K(320K) NonClass: 103K(192K)->103K(192K) Class: 7K(128K)->7K(128K)
[2026-06-17T10:02:13.722+0800][10.219s][info][gc          ] GC(327) Pause Young (Normal) (G1 Evacuation Pause) 50M->41M(64M) 7.121ms
[2026-06-17T10:02:13.723+0800][10.220s][info][gc,cpu      ] GC(327) User=0.01s Sys=0.00s Real=0.01s
[2026-06-17T10:02:13.755+0800][10.251s][info][gc,start    ] GC(328) Pause Young (Concurrent Start) (G1 Evacuation Pause)
[2026-06-17T10:02:13.755+0800][10.252s][info][gc,task     ] GC(328) Using 2 workers of 18 for evacuation
[2026-06-17T10:02:13.756+0800][10.253s][info][gc,phases   ] GC(328)   Pre Evacuate Collection Set: 0.14ms
[2026-06-17T10:02:13.757+0800][10.254s][info][gc,phases   ] GC(328)   Merge Heap Roots: 0.05ms
[2026-06-17T10:02:13.757+0800][10.254s][info][gc,phases   ] GC(328)   Evacuate Collection Set: 0.34ms
[2026-06-17T10:02:13.757+0800][10.254s][info][gc,phases   ] GC(328)   Post Evacuate Collection Set: 0.21ms
[2026-06-17T10:02:13.758+0800][10.255s][info][gc,phases   ] GC(328)   Other: 0.53ms
[2026-06-17T10:02:13.758+0800][10.255s][info][gc,heap     ] GC(328) Eden regions: 10->0(7)
[2026-06-17T10:02:13.759+0800][10.256s][info][gc,heap     ] GC(328) Survivor regions: 2->2(2)
[2026-06-17T10:02:13.759+0800][10.256s][info][gc,heap     ] GC(328) Old regions: 27->29
[2026-06-17T10:02:13.760+0800][10.256s][info][gc,heap     ] GC(328) Humongous regions: 14->14
[2026-06-17T10:02:13.760+0800][10.257s][info][gc,metaspace] GC(328) Metaspace: 110K(320K)->110K(320K) NonClass: 103K(192K)->103K(192K) Class: 7K(128K)->7K(128K)
[2026-06-17T10:02:13.760+0800][10.257s][info][gc          ] GC(328) Pause Young (Concurrent Start) (G1 Evacuation Pause) 52M->44M(64M) 5.844ms
[2026-06-17T10:02:13.761+0800][10.258s][info][gc,cpu      ] GC(328) User=0.00s Sys=0.00s Real=0.00s
[2026-06-17T10:02:13.761+0800][10.258s][info][gc          ] GC(329) Concurrent Mark Cycle
[2026-06-17T10:02:13.762+0800][10.258s][info][gc,marking  ] GC(329) Concurrent Scan Root Regions
[2026-06-17T10:02:13.762+0800][10.259s][info][gc,marking  ] GC(329) Concurrent Scan Root Regions 0.447ms
[2026-06-17T10:02:13.762+0800][10.259s][info][gc,marking  ] GC(329) Concurrent Mark
[2026-06-17T10:02:13.763+0800][10.260s][info][gc,marking  ] GC(329) Concurrent Mark From Roots
[2026-06-17T10:02:13.763+0800][10.260s][info][gc,task     ] GC(329) Using 5 workers of 5 for marking
[2026-06-17T10:02:13.765+0800][10.262s][info][gc,marking  ] GC(329) Concurrent Mark From Roots 2.051ms
[2026-06-17T10:02:13.765+0800][10.262s][info][gc,marking  ] GC(329) Concurrent Preclean
[2026-06-17T10:02:13.766+0800][10.262s][info][gc,marking  ] GC(329) Concurrent Preclean 0.365ms
[2026-06-17T10:02:13.766+0800][10.263s][info][gc,start    ] GC(329) Pause Remark
[2026-06-17T10:02:13.767+0800][10.263s][info][gc          ] GC(329) Pause Remark 47M->47M(64M) 0.732ms
[2026-06-17T10:02:13.767+0800][10.264s][info][gc,cpu      ] GC(329) User=0.00s Sys=0.00s Real=0.00s
[2026-06-17T10:02:13.767+0800][10.264s][info][gc,marking  ] GC(329) Concurrent Mark 4.915ms
[2026-06-17T10:02:13.768+0800][10.264s][info][gc,marking  ] GC(329) Concurrent Rebuild Remembered Sets and Scrub Regions
[2026-06-17T10:02:13.768+0800][10.265s][info][gc,marking  ] GC(329) Concurrent Rebuild Remembered Sets and Scrub Regions 0.879ms
[2026-06-17T10:02:13.769+0800][10.266s][info][gc,start    ] GC(329) Pause Cleanup
[2026-06-17T10:02:13.769+0800][10.266s][info][gc          ] GC(329) Pause Cleanup 47M->47M(64M) 0.422ms
[2026-06-17T10:02:13.770+0800][10.267s][info][gc,cpu      ] GC(329) User=0.00s Sys=0.00s Real=0.00s
[2026-06-17T10:02:13.770+0800][10.267s][info][gc,marking  ] GC(329) Concurrent Clear Claimed Marks
[2026-06-17T10:02:13.770+0800][10.267s][info][gc,marking  ] GC(329) Concurrent Clear Claimed Marks 0.308ms
[2026-06-17T10:02:13.771+0800][10.267s][info][gc,marking  ] GC(329) Concurrent Cleanup for Next Mark
[2026-06-17T10:02:13.771+0800][10.268s][info][gc,marking  ] GC(329) Concurrent Cleanup for Next Mark 0.608ms
[2026-06-17T10:02:13.772+0800][10.268s][info][gc          ] GC(329) Concurrent Mark Cycle 10.805ms
[2026-06-17T10:02:13.772+0800][10.269s][info][gc,start    ] GC(330) Pause Young (Prepare Mixed) (G1 Evacuation Pause)
[2026-06-17T10:02:13.773+0800][10.269s][info][gc,task     ] GC(330) Using 2 workers of 18 for evacuation
[2026-06-17T10:02:13.773+0800][10.270s][info][gc,phases   ] GC(330)   Pre Evacuate Collection Set: 0.11ms
[2026-06-17T10:02:13.774+0800][10.271s][info][gc,phases   ] GC(330)   Merge Heap Roots: 0.04ms
[2026-06-17T10:02:13.774+0800][10.271s][info][gc,phases   ] GC(330)   Evacuate Collection Set: 0.17ms
[2026-06-17T10:02:13.775+0800][10.271s][info][gc,phases   ] GC(330)   Post Evacuate Collection Set: 0.16ms
[2026-06-17T10:02:13.775+0800][10.272s][info][gc,phases   ] GC(330)   Other: 0.40ms
[2026-06-17T10:02:13.775+0800][10.272s][info][gc,heap     ] GC(330) Eden regions: 7->0(9)
[2026-06-17T10:02:13.775+0800][10.272s][info][gc,heap     ] GC(330) Survivor regions: 2->1(2)
[2026-06-17T10:02:13.776+0800][10.273s][info][gc,heap     ] GC(330) Old regions: 29->30
[2026-06-17T10:02:13.776+0800][10.273s][info][gc,heap     ] GC(330) Humongous regions: 14->14
[2026-06-17T10:02:13.777+0800][10.274s][info][gc,metaspace] GC(330) Metaspace: 110K(320K)->110K(320K) NonClass: 103K(192K)->103K(192K) Class: 7K(128K)->7K(128K)
[2026-06-17T10:02:13.777+0800][10.274s][info][gc          ] GC(330) Pause Young (Prepare Mixed) (G1 Evacuation Pause) 51M->44M(64M) 5.057ms
[2026-06-17T10:02:13.777+0800][10.274s][info][gc,cpu      ] GC(330) User=0.00s Sys=0.00s Real=0.00s
[2026-06-17T10:02:13.809+0800][10.306s][info][gc,start    ] GC(331) Pause Young (Mixed) (G1 Evacuation Pause)
[2026-06-17T10:02:13.809+0800][10.306s][info][gc,task     ] GC(331) Using 2 workers of 18 for evacuation
[2026-06-17T10:02:13.810+0800][10.307s][info][gc,phases   ] GC(331)   Pre Evacuate Collection Set: 0.13ms
[2026-06-17T10:02:13.811+0800][10.307s][info][gc,phases   ] GC(331)   Merge Heap Roots: 0.04ms
[2026-06-17T10:02:13.811+0800][10.308s][info][gc,phases   ] GC(331)   Evacuate Collection Set: 0.44ms
[2026-06-17T10:02:13.811+0800][10.308s][info][gc,phases   ] GC(331)   Post Evacuate Collection Set: 0.17ms
[2026-06-17T10:02:13.811+0800][10.308s][info][gc,phases   ] GC(331)   Other: 0.30ms
[2026-06-17T10:02:13.811+0800][10.308s][info][gc,heap     ] GC(331) Eden regions: 9->0(11)
[2026-06-17T10:02:13.811+0800][10.308s][info][gc,heap     ] GC(331) Survivor regions: 1->2(2)
[2026-06-17T10:02:13.812+0800][10.308s][info][gc,heap     ] GC(331) Old regions: 30->28
[2026-06-17T10:02:13.812+0800][10.309s][info][gc,heap     ] GC(331) Humongous regions: 14->14
[2026-06-17T10:02:13.812+0800][10.309s][info][gc,metaspace] GC(331) Metaspace: 110K(320K)->110K(320K) NonClass: 103K(192K)->103K(192K) Class: 7K(128K)->7K(128K)
[2026-06-17T10:02:13.812+0800][10.309s][info][gc          ] GC(331) Pause Young (Mixed) (G1 Evacuation Pause) 53M->43M(64M) 2.889ms
[2026-06-17T10:02:13.812+0800][10.309s][info][gc,cpu      ] GC(331) User=0.00s Sys=0.00s Real=0.01s
[2026-06-17T10:02:13.844+0800][10.340s][info][gc,start    ] GC(332) Pause Young (Mixed) (G1 Evacuation Pause)
[2026-06-17T10:02:13.844+0800][10.341s][info][gc,task     ] GC(332) Using 2 workers of 18 for evacuation
[2026-06-17T10:02:13.845+0800][10.342s][info][gc,phases   ] GC(332)   Pre Evacuate Collection Set: 0.15ms
[2026-06-17T10:02:13.845+0800][10.342s][info][gc,phases   ] GC(332)   Merge Heap Roots: 0.07ms
[2026-06-17T10:02:13.846+0800][10.342s][info][gc,phases   ] GC(332)   Evacuate Collection Set: 0.57ms
[2026-06-17T10:02:13.846+0800][10.343s][info][gc,phases   ] GC(332)   Post Evacuate Collection Set: 0.23ms
[2026-06-17T10:02:13.846+0800][10.343s][info][gc,phases   ] GC(332)   Other: 0.24ms
[2026-06-17T10:02:13.846+0800][10.343s][info][gc,heap     ] GC(332) Eden regions: 11->0(11)
[2026-06-17T10:02:13.846+0800][10.343s][info][gc,heap     ] GC(332) Survivor regions: 2->2(2)
[2026-06-17T10:02:13.846+0800][10.343s][info][gc,heap     ] GC(332) Old regions: 28->28
[2026-06-17T10:02:13.846+0800][10.343s][info][gc,heap     ] GC(332) Humongous regions: 14->14
[2026-06-17T10:02:13.846+0800][10.343s][info][gc,metaspace] GC(332) Metaspace: 110K(320K)->110K(320K) NonClass: 103K(192K)->103K(192K) Class: 7K(128K)->7K(128K)
[2026-06-17T10:02:13.846+0800][10.343s][info][gc          ] GC(332) Pause Young (Mixed) (G1 Evacuation Pause) 54M->43M(64M) 2.878ms
[2026-06-17T10:02:13.846+0800][10.343s][info][gc,cpu      ] GC(332) User=0.00s Sys=0.00s Real=0.00s
[2026-06-17T10:02:13.868+0800][10.365s][info][gc,start    ] GC(333) Pause Young (Normal) (G1 Evacuation Pause)
[2026-06-17T10:02:13.869+0800][10.365s][info][gc,task     ] GC(333) Using 2 workers of 18 for evacuation
[2026-06-17T10:02:13.870+0800][10.367s][info][gc,phases   ] GC(333)   Pre Evacuate Collection Set: 0.19ms
[2026-06-17T10:02:13.870+0800][10.367s][info][gc,phases   ] GC(333)   Merge Heap Roots: 0.06ms
[2026-06-17T10:02:13.870+0800][10.367s][info][gc,phases   ] GC(333)   Evacuate Collection Set: 0.54ms
[2026-06-17T10:02:13.870+0800][10.367s][info][gc,phases   ] GC(333)   Post Evacuate Collection Set: 0.24ms
[2026-06-17T10:02:13.871+0800][10.367s][info][gc,phases   ] GC(333)   Other: 0.27ms
[2026-06-17T10:02:13.871+0800][10.367s][info][gc,heap     ] GC(333) Eden regions: 11->0(6)
[2026-06-17T10:02:13.871+0800][10.368s][info][gc,heap     ] GC(333) Survivor regions: 2->2(2)
[2026-06-17T10:02:13.871+0800][10.368s][info][gc,heap     ] GC(333) Old regions: 28->33
[2026-06-17T10:02:13.871+0800][10.368s][info][gc,heap     ] GC(333) Humongous regions: 14->14
[2026-06-17T10:02:13.871+0800][10.368s][info][gc,metaspace] GC(333) Metaspace: 110K(320K)->110K(320K) NonClass: 103K(192K)->103K(192K) Class: 7K(128K)->7K(128K)
[2026-06-17T10:02:13.871+0800][10.368s][info][gc          ] GC(333) Pause Young (Normal) (G1 Evacuation Pause) 54M->48M(64M) 3.368ms
[2026-06-17T10:02:13.871+0800][10.368s][info][gc,cpu      ] GC(333) User=0.00s Sys=0.00s Real=0.01s
[2026-06-17T10:02:13.882+0800][10.379s][info][gc,start    ] GC(334) Pause Young (Concurrent Start) (G1 Evacuation Pause)
[2026-06-17T10:02:13.882+0800][10.379s][info][gc,task     ] GC(334) Using 2 workers of 18 for evacuation
[2026-06-17T10:02:13.883+0800][10.380s][info][gc,phases   ] GC(334)   Pre Evacuate Collection Set: 0.19ms
[2026-06-17T10:02:13.883+0800][10.380s][info][gc,phases   ] GC(334)   Merge Heap Roots: 0.05ms
[2026-06-17T10:02:13.884+0800][10.380s][info][gc,phases   ] GC(334)   Evacuate Collection Set: 0.27ms
[2026-06-17T10:02:13.884+0800][10.381s][info][gc,phases   ] GC(334)   Post Evacuate Collection Set: 0.18ms
[2026-06-17T10:02:13.884+0800][10.381s][info][gc,phases   ] GC(334)   Other: 0.17ms
[2026-06-17T10:02:13.884+0800][10.381s][info][gc,heap     ] GC(334) Eden regions: 6->0(6)
[2026-06-17T10:02:13.884+0800][10.381s][info][gc,heap     ] GC(334) Survivor regions: 2->1(1)
[2026-06-17T10:02:13.884+0800][10.381s][info][gc,heap     ] GC(334) Old regions: 33->35
[2026-06-17T10:02:13.884+0800][10.381s][info][gc,heap     ] GC(334) Humongous regions: 14->14
[2026-06-17T10:02:13.884+0800][10.381s][info][gc,metaspace] GC(334) Metaspace: 110K(320K)->110K(320K) NonClass: 103K(192K)->103K(192K) Class: 7K(128K)->7K(128K)
[2026-06-17T10:02:13.884+0800][10.381s][info][gc          ] GC(334) Pause Young (Concurrent Start) (G1 Evacuation Pause) 54M->49M(64M) 2.323ms
[2026-06-17T10:02:13.884+0800][10.381s][info][gc,cpu      ] GC(334) User=0.00s Sys=0.00s Real=0.01s
[2026-06-17T10:02:13.884+0800][10.381s][info][gc          ] GC(335) Concurrent Mark Cycle
[2026-06-17T10:02:13.885+0800][10.382s][info][gc,marking  ] GC(335) Concurrent Scan Root Regions
[2026-06-17T10:02:13.885+0800][10.382s][info][gc,marking  ] GC(335) Concurrent Scan Root Regions 0.177ms
[2026-06-17T10:02:13.885+0800][10.382s][info][gc,marking  ] GC(335) Concurrent Mark
[2026-06-17T10:02:13.885+0800][10.382s][info][gc,marking  ] GC(335) Concurrent Mark From Roots
[2026-06-17T10:02:13.885+0800][10.382s][info][gc,task     ] GC(335) Using 5 workers of 5 for marking
[2026-06-17T10:02:13.887+0800][10.383s][info][gc,marking  ] GC(335) Concurrent Mark From Roots 1.526ms
[2026-06-17T10:02:13.887+0800][10.384s][info][gc,marking  ] GC(335) Concurrent Preclean
[2026-06-17T10:02:13.888+0800][10.385s][info][gc,marking  ] GC(335) Concurrent Preclean 0.498ms
[2026-06-17T10:02:13.888+0800][10.385s][info][gc,start    ] GC(335) Pause Remark
[2026-06-17T10:02:13.888+0800][10.385s][info][gc          ] GC(335) Pause Remark 50M->45M(64M) 0.550ms
[2026-06-17T10:02:13.889+0800][10.386s][info][gc,cpu      ] GC(335) User=0.00s Sys=0.00s Real=0.00s
[2026-06-17T10:02:13.889+0800][10.386s][info][gc,marking  ] GC(335) Concurrent Mark 3.800ms
[2026-06-17T10:02:13.889+0800][10.386s][info][gc,marking  ] GC(335) Concurrent Rebuild Remembered Sets and Scrub Regions
[2026-06-17T10:02:13.889+0800][10.386s][info][gc,marking  ] GC(335) Concurrent Rebuild Remembered Sets and Scrub Regions 0.549ms
[2026-06-17T10:02:13.890+0800][10.387s][info][gc,start    ] GC(335) Pause Cleanup
[2026-06-17T10:02:13.890+0800][10.387s][info][gc          ] GC(335) Pause Cleanup 45M->45M(64M) 0.171ms
[2026-06-17T10:02:13.890+0800][10.387s][info][gc,cpu      ] GC(335) User=0.00s Sys=0.00s Real=0.00s
[2026-06-17T10:02:13.890+0800][10.387s][info][gc,marking  ] GC(335) Concurrent Clear Claimed Marks
[2026-06-17T10:02:13.890+0800][10.387s][info][gc,marking  ] GC(335) Concurrent Clear Claimed Marks 0.111ms
[2026-06-17T10:02:13.890+0800][10.387s][info][gc,marking  ] GC(335) Concurrent Cleanup for Next Mark
[2026-06-17T10:02:13.891+0800][10.387s][info][gc,marking  ] GC(335) Concurrent Cleanup for Next Mark 0.286ms
[2026-06-17T10:02:13.891+0800][10.388s][info][gc          ] GC(335) Concurrent Mark Cycle 6.262ms
[2026-06-17T10:02:13.905+0800][10.402s][info][gc,start    ] GC(336) Pause Young (Prepare Mixed) (G1 Evacuation Pause)
[2026-06-17T10:02:13.906+0800][10.403s][info][gc,task     ] GC(336) Using 2 workers of 18 for evacuation
[2026-06-17T10:02:13.907+0800][10.403s][info][gc,phases   ] GC(336)   Pre Evacuate Collection Set: 0.14ms
[2026-06-17T10:02:13.907+0800][10.404s][info][gc,phases   ] GC(336)   Merge Heap Roots: 0.05ms
[2026-06-17T10:02:13.907+0800][10.404s][info][gc,phases   ] GC(336)   Evacuate Collection Set: 0.27ms
[2026-06-17T10:02:13.907+0800][10.404s][info][gc,phases   ] GC(336)   Post Evacuate Collection Set: 0.18ms
[2026-06-17T10:02:13.907+0800][10.404s][info][gc,phases   ] GC(336)   Other: 0.18ms
[2026-06-17T10:02:13.907+0800][10.404s][info][gc,heap     ] GC(336) Eden regions: 6->0(7)
[2026-06-17T10:02:13.907+0800][10.404s][info][gc,heap     ] GC(336) Survivor regions: 1->1(1)
[2026-06-17T10:02:13.907+0800][10.404s][info][gc,heap     ] GC(336) Old regions: 30->33
[2026-06-17T10:02:13.908+0800][10.404s][info][gc,heap     ] GC(336) Humongous regions: 14->14
[2026-06-17T10:02:13.908+0800][10.404s][info][gc,metaspace] GC(336) Metaspace: 110K(320K)->110K(320K) NonClass: 103K(192K)->103K(192K) Class: 7K(128K)->7K(128K)
[2026-06-17T10:02:13.908+0800][10.405s][info][gc          ] GC(336) Pause Young (Prepare Mixed) (G1 Evacuation Pause) 50M->47M(64M) 2.379ms
[2026-06-17T10:02:13.908+0800][10.405s][info][gc,cpu      ] GC(336) User=0.00s Sys=0.00s Real=0.00s
[2026-06-17T10:02:13.919+0800][10.416s][info][gc,start    ] GC(337) Pause Young (Mixed) (G1 Evacuation Pause)
[2026-06-17T10:02:13.919+0800][10.416s][info][gc,task     ] GC(337) Using 2 workers of 18 for evacuation
[2026-06-17T10:02:13.920+0800][10.417s][info][gc,phases   ] GC(337)   Pre Evacuate Collection Set: 0.11ms
[2026-06-17T10:02:13.920+0800][10.417s][info][gc,phases   ] GC(337)   Merge Heap Roots: 0.04ms
[2026-06-17T10:02:13.920+0800][10.417s][info][gc,phases   ] GC(337)   Evacuate Collection Set: 0.29ms
[2026-06-17T10:02:13.920+0800][10.417s][info][gc,phases   ] GC(337)   Post Evacuate Collection Set: 0.16ms
[2026-06-17T10:02:13.921+0800][10.417s][info][gc,phases   ] GC(337)   Other: 0.16ms
[2026-06-17T10:02:13.921+0800][10.418s][info][gc,heap     ] GC(337) Eden regions: 7->0(10)
[2026-06-17T10:02:13.921+0800][10.418s][info][gc,heap     ] GC(337) Survivor regions: 1->1(1)
[2026-06-17T10:02:13.921+0800][10.418s][info][gc,heap     ] GC(337) Old regions: 33->29
[2026-06-17T10:02:13.921+0800][10.418s][info][gc,heap     ] GC(337) Humongous regions: 14->14
[2026-06-17T10:02:13.921+0800][10.418s][info][gc,metaspace] GC(337) Metaspace: 110K(320K)->110K(320K) NonClass: 103K(192K)->103K(192K) Class: 7K(128K)->7K(128K)
[2026-06-17T10:02:13.921+0800][10.418s][info][gc          ] GC(337) Pause Young (Mixed) (G1 Evacuation Pause) 53M->43M(64M) 2.222ms
[2026-06-17T10:02:13.921+0800][10.418s][info][gc,cpu      ] GC(337) User=0.00s Sys=0.00s Real=0.00s
[2026-06-17T10:02:13.953+0800][10.450s][info][gc,start    ] GC(338) Pause Young (Mixed) (G1 Evacuation Pause)
[2026-06-17T10:02:13.953+0800][10.450s][info][gc,task     ] GC(338) Using 2 workers of 18 for evacuation
[2026-06-17T10:02:13.954+0800][10.451s][info][gc,phases   ] GC(338)   Pre Evacuate Collection Set: 0.15ms
[2026-06-17T10:02:13.955+0800][10.452s][info][gc,phases   ] GC(338)   Merge Heap Roots: 0.07ms
[2026-06-17T10:02:13.955+0800][10.452s][info][gc,phases   ] GC(338)   Evacuate Collection Set: 0.58ms
[2026-06-17T10:02:13.955+0800][10.452s][info][gc,phases   ] GC(338)   Post Evacuate Collection Set: 0.20ms
[2026-06-17T10:02:13.955+0800][10.452s][info][gc,phases   ] GC(338)   Other: 0.21ms
[2026-06-17T10:02:13.955+0800][10.452s][info][gc,heap     ] GC(338) Eden regions: 10->0(9)
[2026-06-17T10:02:13.955+0800][10.452s][info][gc,heap     ] GC(338) Survivor regions: 1->2(2)
[2026-06-17T10:02:13.955+0800][10.452s][info][gc,heap     ] GC(338) Old regions: 29->28
[2026-06-17T10:02:13.955+0800][10.452s][info][gc,heap     ] GC(338) Humongous regions: 16->16
[2026-06-17T10:02:13.955+0800][10.452s][info][gc,metaspace] GC(338) Metaspace: 110K(320K)->110K(320K) NonClass: 103K(192K)->103K(192K) Class: 7K(128K)->7K(128K)
[2026-06-17T10:02:13.955+0800][10.452s][info][gc          ] GC(338) Pause Young (Mixed) (G1 Evacuation Pause) 55M->45M(64M) 2.629ms
[2026-06-17T10:02:13.956+0800][10.452s][info][gc,cpu      ] GC(338) User=0.00s Sys=0.00s Real=0.00s
[2026-06-17T10:02:13.977+0800][10.474s][info][gc,start    ] GC(339) Pause Young (Normal) (G1 Evacuation Pause)
[2026-06-17T10:02:13.978+0800][10.475s][info][gc,task     ] GC(339) Using 2 workers of 18 for evacuation
[2026-06-17T10:02:13.979+0800][10.476s][info][gc,phases   ] GC(339)   Pre Evacuate Collection Set: 0.11ms
[2026-06-17T10:02:13.980+0800][10.477s][info][gc,phases   ] GC(339)   Merge Heap Roots: 0.06ms
[2026-06-17T10:02:13.980+0800][10.477s][info][gc,phases   ] GC(339)   Evacuate Collection Set: 0.53ms
[2026-06-17T10:02:13.980+0800][10.477s][info][gc,phases   ] GC(339)   Post Evacuate Collection Set: 0.22ms
[2026-06-17T10:02:13.980+0800][10.477s][info][gc,phases   ] GC(339)   Other: 0.34ms
[2026-06-17T10:02:13.980+0800][10.477s][info][gc,heap     ] GC(339) Eden regions: 9->0(5)
[2026-06-17T10:02:13.981+0800][10.477s][info][gc,heap     ] GC(339) Survivor regions: 2->2(2)
[2026-06-17T10:02:13.981+0800][10.478s][info][gc,heap     ] GC(339) Old regions: 28->33
[2026-06-17T10:02:13.981+0800][10.478s][info][gc,heap     ] GC(339) Humongous regions: 16->16
[2026-06-17T10:02:13.981+0800][10.478s][info][gc,metaspace] GC(339) Metaspace: 110K(320K)->110K(320K) NonClass: 103K(192K)->103K(192K) Class: 7K(128K)->7K(128K)
[2026-06-17T10:02:13.981+0800][10.478s][info][gc          ] GC(339) Pause Young (Normal) (G1 Evacuation Pause) 54M->49M(64M) 4.242ms
[2026-06-17T10:02:13.981+0800][10.478s][info][gc,cpu      ] GC(339) User=0.00s Sys=0.00s Real=0.00s
[2026-06-17T10:02:13.992+0800][10.489s][info][gc,start    ] GC(340) Pause Young (Concurrent Start) (G1 Evacuation Pause)
[2026-06-17T10:02:13.993+0800][10.489s][info][gc,task     ] GC(340) Using 2 workers of 18 for evacuation
[2026-06-17T10:02:13.993+0800][10.490s][info][gc,phases   ] GC(340)   Pre Evacuate Collection Set: 0.15ms
[2026-06-17T10:02:13.994+0800][10.491s][info][gc,phases   ] GC(340)   Merge Heap Roots: 0.04ms
[2026-06-17T10:02:13.994+0800][10.491s][info][gc,phases   ] GC(340)   Evacuate Collection Set: 0.20ms
[2026-06-17T10:02:13.994+0800][10.491s][info][gc,phases   ] GC(340)   Post Evacuate Collection Set: 0.17ms
[2026-06-17T10:02:13.994+0800][10.491s][info][gc,phases   ] GC(340)   Other: 0.28ms
[2026-06-17T10:02:13.995+0800][10.491s][info][gc,heap     ] GC(340) Eden regions: 5->0(6)
[2026-06-17T10:02:13.995+0800][10.492s][info][gc,heap     ] GC(340) Survivor regions: 2->1(1)
[2026-06-17T10:02:13.995+0800][10.492s][info][gc,heap     ] GC(340) Old regions: 33->34
[2026-06-17T10:02:13.995+0800][10.492s][info][gc,heap     ] GC(340) Humongous regions: 16->16
[2026-06-17T10:02:13.995+0800][10.492s][info][gc,metaspace] GC(340) Metaspace: 110K(320K)->110K(320K) NonClass: 103K(192K)->103K(192K) Class: 7K(128K)->7K(128K)
[2026-06-17T10:02:13.995+0800][10.492s][info][gc          ] GC(340) Pause Young (Concurrent Start) (G1 Evacuation Pause) 54M->50M(64M) 3.284ms
[2026-06-17T10:02:13.996+0800][10.492s][info][gc,cpu      ] GC(340) User=0.00s Sys=0.00s Real=0.00s
[2026-06-17T10:02:13.996+0800][10.492s][info][gc          ] GC(341) Concurrent Mark Cycle
[2026-06-17T10:02:13.996+0800][10.493s][info][gc,marking  ] GC(341) Concurrent Scan Root Regions
[2026-06-17T10:02:13.996+0800][10.493s][info][gc,marking  ] GC(341) Concurrent Scan Root Regions 0.180ms
[2026-06-17T10:02:13.996+0800][10.493s][info][gc,marking  ] GC(341) Concurrent Mark
[2026-06-17T10:02:13.997+0800][10.494s][info][gc,marking  ] GC(341) Concurrent Mark From Roots
[2026-06-17T10:02:13.997+0800][10.494s][info][gc,task     ] GC(341) Using 5 workers of 5 for marking
[2026-06-17T10:02:13.998+0800][10.495s][info][gc,marking  ] GC(341) Concurrent Mark From Roots 1.484ms
[2026-06-17T10:02:13.998+0800][10.495s][info][gc,marking  ] GC(341) Concurrent Preclean
[2026-06-17T10:02:13.998+0800][10.495s][info][gc,marking  ] GC(341) Concurrent Preclean 0.077ms
[2026-06-17T10:02:13.999+0800][10.495s][info][gc,start    ] GC(341) Pause Remark
[2026-06-17T10:02:13.999+0800][10.496s][info][gc          ] GC(341) Pause Remark 51M->39M(64M) 0.449ms
[2026-06-17T10:02:13.999+0800][10.496s][info][gc,cpu      ] GC(341) User=0.00s Sys=0.00s Real=0.00s
[2026-06-17T10:02:13.999+0800][10.496s][info][gc,marking  ] GC(341) Concurrent Mark 2.787ms
[2026-06-17T10:02:13.999+0800][10.496s][info][gc,marking  ] GC(341) Concurrent Rebuild Remembered Sets and Scrub Regions
[2026-06-17T10:02:14.000+0800][10.497s][info][gc,marking  ] GC(341) Concurrent Rebuild Remembered Sets and Scrub Regions 0.407ms
[2026-06-17T10:02:14.000+0800][10.497s][info][gc,start    ] GC(341) Pause Cleanup
[2026-06-17T10:02:14.000+0800][10.497s][info][gc          ] GC(341) Pause Cleanup 39M->39M(64M) 0.158ms
[2026-06-17T10:02:14.000+0800][10.497s][info][gc,cpu      ] GC(341) User=0.00s Sys=0.00s Real=0.00s
[2026-06-17T10:02:14.000+0800][10.497s][info][gc,marking  ] GC(341) Concurrent Clear Claimed Marks
[2026-06-17T10:02:14.000+0800][10.497s][info][gc,marking  ] GC(341) Concurrent Clear Claimed Marks 0.079ms
[2026-06-17T10:02:14.000+0800][10.497s][info][gc,marking  ] GC(341) Concurrent Cleanup for Next Mark
[2026-06-17T10:02:14.001+0800][10.498s][info][gc,marking  ] GC(341) Concurrent Cleanup for Next Mark 0.201ms
[2026-06-17T10:02:14.001+0800][10.498s][info][gc          ] GC(341) Concurrent Mark Cycle 5.178ms
[2026-06-17T10:02:14.017+0800][10.514s][info][gc,start    ] GC(342) Pause Young (Prepare Mixed) (G1 Evacuation Pause)
[2026-06-17T10:02:14.017+0800][10.514s][info][gc,task     ] GC(342) Using 2 workers of 18 for evacuation
[2026-06-17T10:02:14.018+0800][10.515s][info][gc,phases   ] GC(342)   Pre Evacuate Collection Set: 0.10ms
[2026-06-17T10:02:14.018+0800][10.515s][info][gc,phases   ] GC(342)   Merge Heap Roots: 0.04ms
[2026-06-17T10:02:14.018+0800][10.515s][info][gc,phases   ] GC(342)   Evacuate Collection Set: 0.27ms
[2026-06-17T10:02:14.018+0800][10.515s][info][gc,phases   ] GC(342)   Post Evacuate Collection Set: 0.16ms
[2026-06-17T10:02:14.018+0800][10.515s][info][gc,phases   ] GC(342)   Other: 0.16ms
[2026-06-17T10:02:14.018+0800][10.515s][info][gc,heap     ] GC(342) Eden regions: 6->0(9)
[2026-06-17T10:02:14.018+0800][10.515s][info][gc,heap     ] GC(342) Survivor regions: 1->1(1)
[2026-06-17T10:02:14.019+0800][10.515s][info][gc,heap     ] GC(342) Old regions: 22->25
[2026-06-17T10:02:14.019+0800][10.515s][info][gc,heap     ] GC(342) Humongous regions: 16->16
[2026-06-17T10:02:14.019+0800][10.516s][info][gc,metaspace] GC(342) Metaspace: 110K(320K)->110K(320K) NonClass: 103K(192K)->103K(192K) Class: 7K(128K)->7K(128K)
[2026-06-17T10:02:14.019+0800][10.516s][info][gc          ] GC(342) Pause Young (Prepare Mixed) (G1 Evacuation Pause) 44M->41M(64M) 2.387ms
[2026-06-17T10:02:14.019+0800][10.516s][info][gc,cpu      ] GC(342) User=0.00s Sys=0.00s Real=0.00s
[2026-06-17T10:02:14.041+0800][10.537s][info][gc,start    ] GC(343) Pause Young (Mixed) (G1 Evacuation Pause)
[2026-06-17T10:02:14.041+0800][10.538s][info][gc,task     ] GC(343) Using 2 workers of 18 for evacuation
[2026-06-17T10:02:14.042+0800][10.539s][info][gc,phases   ] GC(343)   Pre Evacuate Collection Set: 0.19ms
[2026-06-17T10:02:14.042+0800][10.539s][info][gc,phases   ] GC(343)   Merge Heap Roots: 0.06ms
[2026-06-17T10:02:14.042+0800][10.539s][info][gc,phases   ] GC(343)   Evacuate Collection Set: 0.43ms
[2026-06-17T10:02:14.043+0800][10.539s][info][gc,phases   ] GC(343)   Post Evacuate Collection Set: 0.18ms
[2026-06-17T10:02:14.043+0800][10.540s][info][gc,phases   ] GC(343)   Other: 0.35ms
[2026-06-17T10:02:14.043+0800][10.540s][info][gc,heap     ] GC(343) Eden regions: 9->0(10)
[2026-06-17T10:02:14.043+0800][10.540s][info][gc,heap     ] GC(343) Survivor regions: 1->2(2)
[2026-06-17T10:02:14.044+0800][10.541s][info][gc,heap     ] GC(343) Old regions: 25->22
[2026-06-17T10:02:14.045+0800][10.542s][info][gc,heap     ] GC(343) Humongous regions: 16->16
[2026-06-17T10:02:14.045+0800][10.542s][info][gc,metaspace] GC(343) Metaspace: 110K(320K)->110K(320K) NonClass: 103K(192K)->103K(192K) Class: 7K(128K)->7K(128K)
[2026-06-17T10:02:14.046+0800][10.542s][info][gc          ] GC(343) Pause Young (Mixed) (G1 Evacuation Pause) 50M->39M(64M) 5.011ms
[2026-06-17T10:02:14.046+0800][10.543s][info][gc,cpu      ] GC(343) User=0.00s Sys=0.00s Real=0.01s
[2026-06-17T10:02:14.067+0800][10.564s][info][gc,start    ] GC(344) Pause Young (Mixed) (G1 Evacuation Pause)
[2026-06-17T10:02:14.067+0800][10.564s][info][gc,task     ] GC(344) Using 2 workers of 18 for evacuation
[2026-06-17T10:02:14.068+0800][10.565s][info][gc,phases   ] GC(344)   Pre Evacuate Collection Set: 0.17ms
[2026-06-17T10:02:14.068+0800][10.565s][info][gc,phases   ] GC(344)   Merge Heap Roots: 0.04ms
[2026-06-17T10:02:14.068+0800][10.565s][info][gc,phases   ] GC(344)   Evacuate Collection Set: 0.28ms
[2026-06-17T10:02:14.068+0800][10.565s][info][gc,phases   ] GC(344)   Post Evacuate Collection Set: 0.18ms
[2026-06-17T10:02:14.069+0800][10.565s][info][gc,phases   ] GC(344)   Other: 0.29ms
[2026-06-17T10:02:14.069+0800][10.566s][info][gc,heap     ] GC(344) Eden regions: 10->0(11)
[2026-06-17T10:02:14.069+0800][10.566s][info][gc,heap     ] GC(344) Survivor regions: 2->1(2)
[2026-06-17T10:02:14.069+0800][10.566s][info][gc,heap     ] GC(344) Old regions: 22->23
[2026-06-17T10:02:14.069+0800][10.566s][info][gc,heap     ] GC(344) Humongous regions: 16->16
[2026-06-17T10:02:14.069+0800][10.566s][info][gc,metaspace] GC(344) Metaspace: 110K(320K)->110K(320K) NonClass: 103K(192K)->103K(192K) Class: 7K(128K)->7K(128K)
[2026-06-17T10:02:14.069+0800][10.566s][info][gc          ] GC(344) Pause Young (Mixed) (G1 Evacuation Pause) 49M->39M(64M) 2.539ms
[2026-06-17T10:02:14.069+0800][10.566s][info][gc,cpu      ] GC(344) User=0.00s Sys=0.00s Real=0.00s
[2026-06-17T10:02:14.101+0800][10.598s][info][gc,start    ] GC(345) Pause Young (Normal) (G1 Evacuation Pause)
[2026-06-17T10:02:14.101+0800][10.598s][info][gc,task     ] GC(345) Using 2 workers of 18 for evacuation
[2026-06-17T10:02:14.102+0800][10.599s][info][gc,phases   ] GC(345)   Pre Evacuate Collection Set: 0.17ms
[2026-06-17T10:02:14.103+0800][10.600s][info][gc,phases   ] GC(345)   Merge Heap Roots: 0.05ms
[2026-06-17T10:02:14.103+0800][10.600s][info][gc,phases   ] GC(345)   Evacuate Collection Set: 0.36ms
[2026-06-17T10:02:14.103+0800][10.600s][info][gc,phases   ] GC(345)   Post Evacuate Collection Set: 0.21ms
[2026-06-17T10:02:14.103+0800][10.600s][info][gc,phases   ] GC(345)   Other: 0.35ms
[2026-06-17T10:02:14.104+0800][10.600s][info][gc,heap     ] GC(345) Eden regions: 11->0(9)
[2026-06-17T10:02:14.104+0800][10.601s][info][gc,heap     ] GC(345) Survivor regions: 1->2(2)
[2026-06-17T10:02:14.105+0800][10.602s][info][gc,heap     ] GC(345) Old regions: 23->27
[2026-06-17T10:02:14.105+0800][10.602s][info][gc,heap     ] GC(345) Humongous regions: 16->16
[2026-06-17T10:02:14.105+0800][10.602s][info][gc,metaspace] GC(345) Metaspace: 110K(320K)->110K(320K) NonClass: 103K(192K)->103K(192K) Class: 7K(128K)->7K(128K)
[2026-06-17T10:02:14.105+0800][10.602s][info][gc          ] GC(345) Pause Young (Normal) (G1 Evacuation Pause) 50M->44M(64M) 4.607ms
[2026-06-17T10:02:14.106+0800][10.603s][info][gc,cpu      ] GC(345) User=0.01s Sys=0.00s Real=0.01s
[2026-06-17T10:02:14.137+0800][10.634s][info][gc,start    ] GC(346) Pause Young (Normal) (G1 Evacuation Pause)
[2026-06-17T10:02:14.138+0800][10.635s][info][gc,task     ] GC(346) Using 2 workers of 18 for evacuation
[2026-06-17T10:02:14.139+0800][10.636s][info][gc,phases   ] GC(346)   Pre Evacuate Collection Set: 0.20ms
[2026-06-17T10:02:14.139+0800][10.636s][info][gc,phases   ] GC(346)   Merge Heap Roots: 0.06ms
[2026-06-17T10:02:14.139+0800][10.636s][info][gc,phases   ] GC(346)   Evacuate Collection Set: 0.29ms
[2026-06-17T10:02:14.140+0800][10.637s][info][gc,phases   ] GC(346)   Post Evacuate Collection Set: 0.30ms
[2026-06-17T10:02:14.140+0800][10.637s][info][gc,phases   ] GC(346)   Other: 0.33ms
[2026-06-17T10:02:14.140+0800][10.637s][info][gc,heap     ] GC(346) Eden regions: 9->0(8)
[2026-06-17T10:02:14.140+0800][10.637s][info][gc,heap     ] GC(346) Survivor regions: 2->2(2)
[2026-06-17T10:02:14.141+0800][10.638s][info][gc,heap     ] GC(346) Old regions: 27->28
[2026-06-17T10:02:14.141+0800][10.638s][info][gc,heap     ] GC(346) Humongous regions: 16->16
[2026-06-17T10:02:14.142+0800][10.638s][info][gc,metaspace] GC(346) Metaspace: 110K(320K)->110K(320K) NonClass: 103K(192K)->103K(192K) Class: 7K(128K)->7K(128K)
[2026-06-17T10:02:14.142+0800][10.639s][info][gc          ] GC(346) Pause Young (Normal) (G1 Evacuation Pause) 53M->45M(64M) 4.675ms
[2026-06-17T10:02:14.142+0800][10.639s][info][gc,cpu      ] GC(346) User=0.00s Sys=0.00s Real=0.00s
[2026-06-17T10:02:14.143+0800][10.640s][info][gc,start    ] GC(347) Pause Young (Concurrent Start) (G1 Humongous Allocation)
[2026-06-17T10:02:14.145+0800][10.642s][info][gc,task     ] GC(347) Using 2 workers of 18 for evacuation
[2026-06-17T10:02:14.148+0800][10.645s][info][gc,phases   ] GC(347)   Pre Evacuate Collection Set: 0.22ms
[2026-06-17T10:02:14.150+0800][10.646s][info][gc,phases   ] GC(347)   Merge Heap Roots: 0.10ms
[2026-06-17T10:02:14.151+0800][10.647s][info][gc,phases   ] GC(347)   Evacuate Collection Set: 0.28ms
[2026-06-17T10:02:14.151+0800][10.648s][info][gc,phases   ] GC(347)   Post Evacuate Collection Set: 0.18ms
[2026-06-17T10:02:14.151+0800][10.648s][info][gc,phases   ] GC(347)   Other: 2.13ms
[2026-06-17T10:02:14.151+0800][10.648s][info][gc,heap     ] GC(347) Eden regions: 6->0(8)
[2026-06-17T10:02:14.151+0800][10.648s][info][gc,heap     ] GC(347) Survivor regions: 2->2(2)
[2026-06-17T10:02:14.152+0800][10.648s][info][gc,heap     ] GC(347) Old regions: 28->29
[2026-06-17T10:02:14.152+0800][10.648s][info][gc,heap     ] GC(347) Humongous regions: 16->16
[2026-06-17T10:02:14.152+0800][10.649s][info][gc,metaspace] GC(347) Metaspace: 111K(320K)->111K(320K) NonClass: 103K(192K)->103K(192K) Class: 7K(128K)->7K(128K)
[2026-06-17T10:02:14.152+0800][10.649s][info][gc          ] GC(347) Pause Young (Concurrent Start) (G1 Humongous Allocation) 50M->46M(64M) 8.898ms
[2026-06-17T10:02:14.152+0800][10.649s][info][gc,cpu      ] GC(347) User=0.00s Sys=0.01s Real=0.01s
[2026-06-17T10:02:14.152+0800][10.649s][info][gc          ] GC(348) Concurrent Mark Cycle
[2026-06-17T10:02:14.153+0800][10.649s][info][gc,marking  ] GC(348) Concurrent Scan Root Regions
[2026-06-17T10:02:14.153+0800][10.650s][info][gc,marking  ] GC(348) Concurrent Scan Root Regions 0.391ms
[2026-06-17T10:02:14.153+0800][10.650s][info][gc,marking  ] GC(348) Concurrent Mark
[2026-06-17T10:02:14.153+0800][10.650s][info][gc,marking  ] GC(348) Concurrent Mark From Roots
[2026-06-17T10:02:14.153+0800][10.650s][info][gc,task     ] GC(348) Using 5 workers of 5 for marking
[2026-06-17T10:02:14.155+0800][10.652s][info][gc,marking  ] GC(348) Concurrent Mark From Roots 1.468ms
[2026-06-17T10:02:14.155+0800][10.652s][info][gc,marking  ] GC(348) Concurrent Preclean
[2026-06-17T10:02:14.155+0800][10.652s][info][gc,marking  ] GC(348) Concurrent Preclean 0.148ms
[2026-06-17T10:02:14.155+0800][10.652s][info][gc,start    ] GC(348) Pause Remark
[2026-06-17T10:02:14.156+0800][10.652s][info][gc          ] GC(348) Pause Remark 49M->48M(64M) 0.447ms
[2026-06-17T10:02:14.156+0800][10.653s][info][gc,cpu      ] GC(348) User=0.00s Sys=0.00s Real=0.00s
[2026-06-17T10:02:14.156+0800][10.653s][info][gc,marking  ] GC(348) Concurrent Mark 2.739ms
[2026-06-17T10:02:14.156+0800][10.653s][info][gc,marking  ] GC(348) Concurrent Rebuild Remembered Sets and Scrub Regions
[2026-06-17T10:02:14.156+0800][10.653s][info][gc,marking  ] GC(348) Concurrent Rebuild Remembered Sets and Scrub Regions 0.426ms
[2026-06-17T10:02:14.156+0800][10.653s][info][gc,start    ] GC(348) Pause Cleanup
[2026-06-17T10:02:14.157+0800][10.653s][info][gc          ] GC(348) Pause Cleanup 48M->48M(64M) 0.193ms
[2026-06-17T10:02:14.157+0800][10.654s][info][gc,cpu      ] GC(348) User=0.00s Sys=0.00s Real=0.00s
[2026-06-17T10:02:14.157+0800][10.654s][info][gc,marking  ] GC(348) Concurrent Clear Claimed Marks
[2026-06-17T10:02:14.157+0800][10.654s][info][gc,marking  ] GC(348) Concurrent Clear Claimed Marks 0.076ms
[2026-06-17T10:02:14.157+0800][10.654s][info][gc,marking  ] GC(348) Concurrent Cleanup for Next Mark
[2026-06-17T10:02:14.157+0800][10.654s][info][gc,marking  ] GC(348) Concurrent Cleanup for Next Mark 0.167ms
[2026-06-17T10:02:14.157+0800][10.654s][info][gc          ] GC(348) Concurrent Mark Cycle 4.905ms
[2026-06-17T10:02:14.184+0800][10.680s][info][gc,start    ] GC(349) Pause Young (Prepare Mixed) (G1 Evacuation Pause)
[2026-06-17T10:02:14.185+0800][10.682s][info][gc,task     ] GC(349) Using 2 workers of 18 for evacuation
[2026-06-17T10:02:14.205+0800][10.702s][info][gc,phases   ] GC(349)   Pre Evacuate Collection Set: 0.16ms
[2026-06-17T10:02:14.220+0800][10.717s][info][gc,phases   ] GC(349)   Merge Heap Roots: 0.06ms
[2026-06-17T10:02:14.221+0800][10.718s][info][gc,phases   ] GC(349)   Evacuate Collection Set: 0.28ms
[2026-06-17T10:02:14.221+0800][10.718s][info][gc,phases   ] GC(349)   Post Evacuate Collection Set: 0.27ms
[2026-06-17T10:02:14.223+0800][10.720s][info][gc,phases   ] GC(349)   Other: 19.18ms
[2026-06-17T10:02:14.225+0800][10.722s][info][gc,heap     ] GC(349) Eden regions: 8->0(11)
[2026-06-17T10:02:14.226+0800][10.723s][info][gc,heap     ] GC(349) Survivor regions: 2->2(2)
[2026-06-17T10:02:14.239+0800][10.736s][info][gc,heap     ] GC(349) Old regions: 28->30
[2026-06-17T10:02:14.240+0800][10.736s][info][gc,heap     ] GC(349) Humongous regions: 18->10
[2026-06-17T10:02:14.240+0800][10.737s][info][gc,metaspace] GC(349) Metaspace: 112K(320K)->112K(320K) NonClass: 104K(192K)->104K(192K) Class: 7K(128K)->7K(128K)
[2026-06-17T10:02:14.240+0800][10.737s][info][gc          ] GC(349) Pause Young (Prepare Mixed) (G1 Evacuation Pause) 55M->40M(64M) 56.482ms
[2026-06-17T10:02:14.260+0800][10.757s][info][gc,cpu      ] GC(349) User=0.00s Sys=0.00s Real=0.07s
[2026-06-17T10:02:14.292+0800][10.789s][info][gc,start    ] GC(350) Pause Young (Mixed) (G1 Evacuation Pause)
[2026-06-17T10:02:14.293+0800][10.789s][info][gc,task     ] GC(350) Using 2 workers of 18 for evacuation
[2026-06-17T10:02:14.296+0800][10.793s][info][gc,phases   ] GC(350)   Pre Evacuate Collection Set: 0.10ms
[2026-06-17T10:02:14.299+0800][10.795s][info][gc,phases   ] GC(350)   Merge Heap Roots: 0.05ms
[2026-06-17T10:02:14.302+0800][10.799s][info][gc,phases   ] GC(350)   Evacuate Collection Set: 0.37ms
[2026-06-17T10:02:14.304+0800][10.801s][info][gc,phases   ] GC(350)   Post Evacuate Collection Set: 0.16ms
[2026-06-17T10:02:14.305+0800][10.802s][info][gc,phases   ] GC(350)   Other: 2.56ms
[2026-06-17T10:02:14.306+0800][10.803s][info][gc,heap     ] GC(350) Eden regions: 11->0(14)
[2026-06-17T10:02:14.309+0800][10.806s][info][gc,heap     ] GC(350) Survivor regions: 2->2(2)
[2026-06-17T10:02:14.320+0800][10.817s][info][gc,heap     ] GC(350) Old regions: 30->26
[2026-06-17T10:02:14.323+0800][10.820s][info][gc,heap     ] GC(350) Humongous regions: 10->10
[2026-06-17T10:02:14.324+0800][10.821s][info][gc,metaspace] GC(350) Metaspace: 112K(320K)->112K(320K) NonClass: 104K(192K)->104K(192K) Class: 7K(128K)->7K(128K)
[2026-06-17T10:02:14.324+0800][10.821s][info][gc          ] GC(350) Pause Young (Mixed) (G1 Evacuation Pause) 51M->37M(64M) 31.961ms
[2026-06-17T10:02:14.324+0800][10.821s][info][gc,cpu      ] GC(350) User=0.00s Sys=0.00s Real=0.03s
[2026-06-17T10:02:14.356+0800][10.853s][info][gc,start    ] GC(351) Pause Young (Mixed) (G1 Evacuation Pause)
[2026-06-17T10:02:14.357+0800][10.854s][info][gc,task     ] GC(351) Using 2 workers of 18 for evacuation
[2026-06-17T10:02:14.358+0800][10.855s][info][gc,phases   ] GC(351)   Pre Evacuate Collection Set: 0.23ms
[2026-06-17T10:02:14.359+0800][10.855s][info][gc,phases   ] GC(351)   Merge Heap Roots: 0.13ms
[2026-06-17T10:02:14.359+0800][10.856s][info][gc,phases   ] GC(351)   Evacuate Collection Set: 0.46ms
[2026-06-17T10:02:14.359+0800][10.856s][info][gc,phases   ] GC(351)   Post Evacuate Collection Set: 0.39ms
[2026-06-17T10:02:14.360+0800][10.856s][info][gc,phases   ] GC(351)   Other: 0.35ms
[2026-06-17T10:02:14.360+0800][10.857s][info][gc,heap     ] GC(351) Eden regions: 14->0(12)
[2026-06-17T10:02:14.360+0800][10.857s][info][gc,heap     ] GC(351) Survivor regions: 2->2(2)
[2026-06-17T10:02:14.361+0800][10.857s][info][gc,heap     ] GC(351) Old regions: 26->28
[2026-06-17T10:02:14.361+0800][10.858s][info][gc,heap     ] GC(351) Humongous regions: 10->10
[2026-06-17T10:02:14.361+0800][10.858s][info][gc,metaspace] GC(351) Metaspace: 112K(320K)->112K(320K) NonClass: 104K(192K)->104K(192K) Class: 7K(128K)->7K(128K)
[2026-06-17T10:02:14.361+0800][10.858s][info][gc          ] GC(351) Pause Young (Mixed) (G1 Evacuation Pause) 51M->39M(64M) 5.366ms
[2026-06-17T10:02:14.361+0800][10.858s][info][gc,cpu      ] GC(351) User=0.00s Sys=0.00s Real=0.00s
[2026-06-17T10:02:14.393+0800][10.890s][info][gc,start    ] GC(352) Pause Young (Normal) (G1 Evacuation Pause)
[2026-06-17T10:02:14.394+0800][10.890s][info][gc,task     ] GC(352) Using 2 workers of 18 for evacuation
[2026-06-17T10:02:14.395+0800][10.892s][info][gc,phases   ] GC(352)   Pre Evacuate Collection Set: 0.15ms
[2026-06-17T10:02:14.395+0800][10.892s][info][gc,phases   ] GC(352)   Merge Heap Roots: 0.05ms
[2026-06-17T10:02:14.395+0800][10.892s][info][gc,phases   ] GC(352)   Evacuate Collection Set: 0.40ms
[2026-06-17T10:02:14.396+0800][10.893s][info][gc,phases   ] GC(352)   Post Evacuate Collection Set: 0.32ms
[2026-06-17T10:02:14.396+0800][10.893s][info][gc,phases   ] GC(352)   Other: 0.28ms
[2026-06-17T10:02:14.396+0800][10.893s][info][gc,heap     ] GC(352) Eden regions: 12->0(10)
[2026-06-17T10:02:14.396+0800][10.893s][info][gc,heap     ] GC(352) Survivor regions: 2->2(2)
[2026-06-17T10:02:14.397+0800][10.893s][info][gc,heap     ] GC(352) Old regions: 28->32
[2026-06-17T10:02:14.397+0800][10.894s][info][gc,heap     ] GC(352) Humongous regions: 10->10
[2026-06-17T10:02:14.397+0800][10.894s][info][gc,metaspace] GC(352) Metaspace: 112K(320K)->112K(320K) NonClass: 104K(192K)->104K(192K) Class: 7K(128K)->7K(128K)
[2026-06-17T10:02:14.397+0800][10.894s][info][gc          ] GC(352) Pause Young (Normal) (G1 Evacuation Pause) 51M->43M(64M) 4.097ms
[2026-06-17T10:02:14.397+0800][10.894s][info][gc,cpu      ] GC(352) User=0.00s Sys=0.00s Real=0.00s
[2026-06-17T10:02:14.419+0800][10.916s][info][gc,start    ] GC(353) Pause Young (Concurrent Start) (G1 Evacuation Pause)
[2026-06-17T10:02:14.421+0800][10.918s][info][gc,task     ] GC(353) Using 2 workers of 18 for evacuation
[2026-06-17T10:02:14.424+0800][10.920s][info][gc,phases   ] GC(353)   Pre Evacuate Collection Set: 0.24ms
[2026-06-17T10:02:14.425+0800][10.921s][info][gc,phases   ] GC(353)   Merge Heap Roots: 0.07ms
[2026-06-17T10:02:14.429+0800][10.926s][info][gc,phases   ] GC(353)   Evacuate Collection Set: 0.51ms
[2026-06-17T10:02:14.431+0800][10.927s][info][gc,phases   ] GC(353)   Post Evacuate Collection Set: 0.36ms
[2026-06-17T10:02:14.432+0800][10.929s][info][gc,phases   ] GC(353)   Other: 1.72ms
[2026-06-17T10:02:14.432+0800][10.929s][info][gc,heap     ] GC(353) Eden regions: 10->0(7)
[2026-06-17T10:02:14.433+0800][10.930s][info][gc,heap     ] GC(353) Survivor regions: 2->2(2)
[2026-06-17T10:02:14.433+0800][10.930s][info][gc,heap     ] GC(353) Old regions: 32->37
[2026-06-17T10:02:14.434+0800][10.931s][info][gc,heap     ] GC(353) Humongous regions: 10->10
[2026-06-17T10:02:14.436+0800][10.933s][info][gc,metaspace] GC(353) Metaspace: 112K(320K)->112K(320K) NonClass: 104K(192K)->104K(192K) Class: 7K(128K)->7K(128K)
[2026-06-17T10:02:14.438+0800][10.934s][info][gc          ] GC(353) Pause Young (Concurrent Start) (G1 Evacuation Pause) 53M->48M(64M) 18.785ms
[2026-06-17T10:02:14.438+0800][10.935s][info][gc,cpu      ] GC(353) User=0.00s Sys=0.00s Real=0.02s
[2026-06-17T10:02:14.438+0800][10.935s][info][gc          ] GC(354) Concurrent Mark Cycle
[2026-06-17T10:02:14.439+0800][10.935s][info][gc,marking  ] GC(354) Concurrent Scan Root Regions
[2026-06-17T10:02:14.439+0800][10.936s][info][gc,marking  ] GC(354) Concurrent Scan Root Regions 0.410ms
[2026-06-17T10:02:14.439+0800][10.936s][info][gc,marking  ] GC(354) Concurrent Mark
[2026-06-17T10:02:14.439+0800][10.936s][info][gc,marking  ] GC(354) Concurrent Mark From Roots
[2026-06-17T10:02:14.440+0800][10.936s][info][gc,task     ] GC(354) Using 5 workers of 5 for marking
[2026-06-17T10:02:14.441+0800][10.938s][info][gc,marking  ] GC(354) Concurrent Mark From Roots 1.726ms
[2026-06-17T10:02:14.441+0800][10.938s][info][gc,marking  ] GC(354) Concurrent Preclean
[2026-06-17T10:02:14.442+0800][10.938s][info][gc,marking  ] GC(354) Concurrent Preclean 0.234ms
[2026-06-17T10:02:14.442+0800][10.939s][info][gc,start    ] GC(354) Pause Remark
[2026-06-17T10:02:14.442+0800][10.939s][info][gc          ] GC(354) Pause Remark 48M->44M(64M) 0.408ms
[2026-06-17T10:02:14.442+0800][10.939s][info][gc,cpu      ] GC(354) User=0.00s Sys=0.00s Real=0.00s
[2026-06-17T10:02:14.442+0800][10.939s][info][gc,marking  ] GC(354) Concurrent Mark 3.162ms
[2026-06-17T10:02:14.442+0800][10.939s][info][gc,marking  ] GC(354) Concurrent Rebuild Remembered Sets and Scrub Regions
[2026-06-17T10:02:14.443+0800][10.940s][info][gc,marking  ] GC(354) Concurrent Rebuild Remembered Sets and Scrub Regions 0.604ms
[2026-06-17T10:02:14.443+0800][10.940s][info][gc,start    ] GC(354) Pause Cleanup
[2026-06-17T10:02:14.443+0800][10.940s][info][gc          ] GC(354) Pause Cleanup 44M->44M(64M) 0.202ms
[2026-06-17T10:02:14.444+0800][10.940s][info][gc,cpu      ] GC(354) User=0.00s Sys=0.00s Real=0.00s
[2026-06-17T10:02:14.444+0800][10.941s][info][gc,marking  ] GC(354) Concurrent Clear Claimed Marks
[2026-06-17T10:02:14.444+0800][10.941s][info][gc,marking  ] GC(354) Concurrent Clear Claimed Marks 0.191ms
[2026-06-17T10:02:14.444+0800][10.941s][info][gc,marking  ] GC(354) Concurrent Cleanup for Next Mark
[2026-06-17T10:02:14.444+0800][10.941s][info][gc,marking  ] GC(354) Concurrent Cleanup for Next Mark 0.289ms
[2026-06-17T10:02:14.444+0800][10.941s][info][gc          ] GC(354) Concurrent Mark Cycle 6.537ms
[2026-06-17T10:02:14.459+0800][10.956s][info][gc,start    ] GC(355) Pause Young (Prepare Mixed) (G1 Evacuation Pause)
[2026-06-17T10:02:14.466+0800][10.963s][info][gc,task     ] GC(355) Using 2 workers of 18 for evacuation
[2026-06-17T10:02:14.467+0800][10.964s][info][gc,phases   ] GC(355)   Pre Evacuate Collection Set: 0.14ms
[2026-06-17T10:02:14.467+0800][10.964s][info][gc,phases   ] GC(355)   Merge Heap Roots: 0.05ms
[2026-06-17T10:02:14.467+0800][10.964s][info][gc,phases   ] GC(355)   Evacuate Collection Set: 0.37ms
[2026-06-17T10:02:14.468+0800][10.965s][info][gc,phases   ] GC(355)   Post Evacuate Collection Set: 0.19ms
[2026-06-17T10:02:14.468+0800][10.965s][info][gc,phases   ] GC(355)   Other: 0.39ms
[2026-06-17T10:02:14.468+0800][10.965s][info][gc,heap     ] GC(355) Eden regions: 7->0(8)
[2026-06-17T10:02:14.468+0800][10.965s][info][gc,heap     ] GC(355) Survivor regions: 2->2(2)
[2026-06-17T10:02:14.468+0800][10.965s][info][gc,heap     ] GC(355) Old regions: 33->35
[2026-06-17T10:02:14.469+0800][10.966s][info][gc,heap     ] GC(355) Humongous regions: 10->10
[2026-06-17T10:02:14.469+0800][10.966s][info][gc,metaspace] GC(355) Metaspace: 112K(320K)->112K(320K) NonClass: 104K(192K)->104K(192K) Class: 7K(128K)->7K(128K)
[2026-06-17T10:02:14.469+0800][10.966s][info][gc          ] GC(355) Pause Young (Prepare Mixed) (G1 Evacuation Pause) 51M->46M(64M) 9.696ms
[2026-06-17T10:02:14.469+0800][10.966s][info][gc,cpu      ] GC(355) User=0.00s Sys=0.00s Real=0.01s
[2026-06-17T10:02:14.490+0800][10.987s][info][gc,start    ] GC(356) Pause Young (Mixed) (G1 Evacuation Pause)
[2026-06-17T10:02:14.491+0800][10.988s][info][gc,task     ] GC(356) Using 2 workers of 18 for evacuation
[2026-06-17T10:02:14.492+0800][10.989s][info][gc,phases   ] GC(356)   Pre Evacuate Collection Set: 0.17ms
[2026-06-17T10:02:14.493+0800][10.990s][info][gc,phases   ] GC(356)   Merge Heap Roots: 0.06ms
[2026-06-17T10:02:14.494+0800][10.990s][info][gc,phases   ] GC(356)   Evacuate Collection Set: 0.42ms
[2026-06-17T10:02:14.496+0800][10.992s][info][gc,phases   ] GC(356)   Post Evacuate Collection Set: 0.46ms
[2026-06-17T10:02:14.498+0800][10.995s][info][gc,phases   ] GC(356)   Other: 0.24ms
[2026-06-17T10:02:14.500+0800][10.997s][info][gc,heap     ] GC(356) Eden regions: 8->0(9)
[2026-06-17T10:02:14.502+0800][10.999s][info][gc,heap     ] GC(356) Survivor regions: 2->2(2)
[2026-06-17T10:02:14.505+0800][11.002s][info][gc,heap     ] GC(356) Old regions: 35->32
[2026-06-17T10:02:14.506+0800][11.003s][info][gc,heap     ] GC(356) Humongous regions: 12->12
[2026-06-17T10:02:14.506+0800][11.003s][info][gc,metaspace] GC(356) Metaspace: 112K(320K)->112K(320K) NonClass: 104K(192K)->104K(192K) Class: 7K(128K)->7K(128K)
[2026-06-17T10:02:14.506+0800][11.003s][info][gc          ] GC(356) Pause Young (Mixed) (G1 Evacuation Pause) 56M->44M(64M) 15.917ms
[2026-06-17T10:02:14.508+0800][11.005s][info][gc,cpu      ] GC(356) User=0.00s Sys=0.00s Real=0.01s
[2026-06-17T10:02:14.532+0800][11.029s][info][gc,start    ] GC(357) Pause Young (Mixed) (G1 Evacuation Pause)
[2026-06-17T10:02:14.532+0800][11.029s][info][gc,task     ] GC(357) Using 2 workers of 18 for evacuation
[2026-06-17T10:02:14.534+0800][11.030s][info][gc,phases   ] GC(357)   Pre Evacuate Collection Set: 0.16ms
[2026-06-17T10:02:14.534+0800][11.031s][info][gc,phases   ] GC(357)   Merge Heap Roots: 0.06ms
[2026-06-17T10:02:14.534+0800][11.031s][info][gc,phases   ] GC(357)   Evacuate Collection Set: 0.60ms
[2026-06-17T10:02:14.534+0800][11.031s][info][gc,phases   ] GC(357)   Post Evacuate Collection Set: 0.21ms
[2026-06-17T10:02:14.535+0800][11.032s][info][gc,phases   ] GC(357)   Other: 0.34ms
[2026-06-17T10:02:14.535+0800][11.032s][info][gc,heap     ] GC(357) Eden regions: 9->0(9)
[2026-06-17T10:02:14.535+0800][11.032s][info][gc,heap     ] GC(357) Survivor regions: 2->2(2)
[2026-06-17T10:02:14.535+0800][11.032s][info][gc,heap     ] GC(357) Old regions: 32->31
[2026-06-17T10:02:14.536+0800][11.033s][info][gc,heap     ] GC(357) Humongous regions: 12->12
[2026-06-17T10:02:14.536+0800][11.033s][info][gc,metaspace] GC(357) Metaspace: 112K(320K)->112K(320K) NonClass: 104K(192K)->104K(192K) Class: 7K(128K)->7K(128K)
[2026-06-17T10:02:14.536+0800][11.033s][info][gc          ] GC(357) Pause Young (Mixed) (G1 Evacuation Pause) 53M->44M(64M) 4.303ms
[2026-06-17T10:02:14.536+0800][11.033s][info][gc,cpu      ] GC(357) User=0.01s Sys=0.00s Real=0.00s
[2026-06-17T10:02:14.557+0800][11.054s][info][gc,start    ] GC(358) Pause Young (Normal) (G1 Evacuation Pause)
[2026-06-17T10:02:14.558+0800][11.055s][info][gc,task     ] GC(358) Using 2 workers of 18 for evacuation
[2026-06-17T10:02:14.559+0800][11.056s][info][gc,phases   ] GC(358)   Pre Evacuate Collection Set: 0.16ms
[2026-06-17T10:02:14.560+0800][11.057s][info][gc,phases   ] GC(358)   Merge Heap Roots: 0.08ms
[2026-06-17T10:02:14.560+0800][11.057s][info][gc,phases   ] GC(358)   Evacuate Collection Set: 0.56ms
[2026-06-17T10:02:14.560+0800][11.057s][info][gc,phases   ] GC(358)   Post Evacuate Collection Set: 0.60ms
[2026-06-17T10:02:14.561+0800][11.057s][info][gc,phases   ] GC(358)   Other: 0.25ms
[2026-06-17T10:02:14.561+0800][11.058s][info][gc,heap     ] GC(358) Eden regions: 9->0(5)
[2026-06-17T10:02:14.561+0800][11.058s][info][gc,heap     ] GC(358) Survivor regions: 2->2(2)
[2026-06-17T10:02:14.561+0800][11.058s][info][gc,heap     ] GC(358) Old regions: 31->36
[2026-06-17T10:02:14.561+0800][11.058s][info][gc,heap     ] GC(358) Humongous regions: 12->12
[2026-06-17T10:02:14.561+0800][11.058s][info][gc,metaspace] GC(358) Metaspace: 112K(320K)->112K(320K) NonClass: 104K(192K)->104K(192K) Class: 7K(128K)->7K(128K)
[2026-06-17T10:02:14.561+0800][11.058s][info][gc          ] GC(358) Pause Young (Normal) (G1 Evacuation Pause) 53M->49M(64M) 4.120ms
[2026-06-17T10:02:14.562+0800][11.058s][info][gc,cpu      ] GC(358) User=0.00s Sys=0.00s Real=0.00s
[2026-06-17T10:02:14.583+0800][11.079s][info][gc,start    ] GC(359) Pause Young (Concurrent Start) (G1 Evacuation Pause)
[2026-06-17T10:02:14.583+0800][11.080s][info][gc,task     ] GC(359) Using 2 workers of 18 for evacuation
[2026-06-17T10:02:14.583+0800][11.080s][info][gc,phases   ] GC(359)   Pre Evacuate Collection Set: 0.13ms
[2026-06-17T10:02:14.584+0800][11.080s][info][gc,phases   ] GC(359)   Merge Heap Roots: 0.03ms
[2026-06-17T10:02:14.584+0800][11.081s][info][gc,phases   ] GC(359)   Evacuate Collection Set: 0.19ms
[2026-06-17T10:02:14.584+0800][11.081s][info][gc,phases   ] GC(359)   Post Evacuate Collection Set: 0.12ms
[2026-06-17T10:02:14.584+0800][11.081s][info][gc,phases   ] GC(359)   Other: 0.21ms
[2026-06-17T10:02:14.584+0800][11.081s][info][gc,heap     ] GC(359) Eden regions: 5->0(6)
[2026-06-17T10:02:14.584+0800][11.081s][info][gc,heap     ] GC(359) Survivor regions: 2->1(1)
[2026-06-17T10:02:14.584+0800][11.081s][info][gc,heap     ] GC(359) Old regions: 36->37
[2026-06-17T10:02:14.584+0800][11.081s][info][gc,heap     ] GC(359) Humongous regions: 12->12
[2026-06-17T10:02:14.585+0800][11.081s][info][gc,metaspace] GC(359) Metaspace: 112K(320K)->112K(320K) NonClass: 104K(192K)->104K(192K) Class: 7K(128K)->7K(128K)
[2026-06-17T10:02:14.585+0800][11.082s][info][gc          ] GC(359) Pause Young (Concurrent Start) (G1 Evacuation Pause) 54M->49M(64M) 2.240ms
[2026-06-17T10:02:14.585+0800][11.082s][info][gc,cpu      ] GC(359) User=0.00s Sys=0.00s Real=0.00s
[2026-06-17T10:02:14.585+0800][11.082s][info][gc          ] GC(360) Concurrent Mark Cycle
[2026-06-17T10:02:14.585+0800][11.082s][info][gc,marking  ] GC(360) Concurrent Scan Root Regions
[2026-06-17T10:02:14.585+0800][11.082s][info][gc,marking  ] GC(360) Concurrent Scan Root Regions 0.135ms
[2026-06-17T10:02:14.585+0800][11.082s][info][gc,marking  ] GC(360) Concurrent Mark
[2026-06-17T10:02:14.586+0800][11.082s][info][gc,marking  ] GC(360) Concurrent Mark From Roots
[2026-06-17T10:02:14.586+0800][11.082s][info][gc,task     ] GC(360) Using 5 workers of 5 for marking
[2026-06-17T10:02:14.587+0800][11.084s][info][gc,marking  ] GC(360) Concurrent Mark From Roots 1.362ms
[2026-06-17T10:02:14.587+0800][11.084s][info][gc,marking  ] GC(360) Concurrent Preclean
[2026-06-17T10:02:14.587+0800][11.084s][info][gc,marking  ] GC(360) Concurrent Preclean 0.131ms
[2026-06-17T10:02:14.587+0800][11.084s][info][gc,start    ] GC(360) Pause Remark
[2026-06-17T10:02:14.588+0800][11.085s][info][gc          ] GC(360) Pause Remark 53M->45M(64M) 0.540ms
[2026-06-17T10:02:14.588+0800][11.085s][info][gc,cpu      ] GC(360) User=0.00s Sys=0.00s Real=0.00s
[2026-06-17T10:02:14.588+0800][11.085s][info][gc,marking  ] GC(360) Concurrent Mark 2.619ms
[2026-06-17T10:02:14.588+0800][11.085s][info][gc,marking  ] GC(360) Concurrent Rebuild Remembered Sets and Scrub Regions
[2026-06-17T10:02:14.589+0800][11.085s][info][gc,marking  ] GC(360) Concurrent Rebuild Remembered Sets and Scrub Regions 0.434ms
[2026-06-17T10:02:14.589+0800][11.086s][info][gc,start    ] GC(360) Pause Cleanup
[2026-06-17T10:02:14.589+0800][11.086s][info][gc          ] GC(360) Pause Cleanup 45M->45M(64M) 0.206ms
[2026-06-17T10:02:14.589+0800][11.086s][info][gc,cpu      ] GC(360) User=0.00s Sys=0.00s Real=0.00s
[2026-06-17T10:02:14.590+0800][11.086s][info][gc,marking  ] GC(360) Concurrent Clear Claimed Marks
[2026-06-17T10:02:14.590+0800][11.087s][info][gc,marking  ] GC(360) Concurrent Clear Claimed Marks 0.075ms
[2026-06-17T10:02:14.590+0800][11.087s][info][gc,marking  ] GC(360) Concurrent Cleanup for Next Mark
[2026-06-17T10:02:14.590+0800][11.087s][info][gc,marking  ] GC(360) Concurrent Cleanup for Next Mark 0.195ms
[2026-06-17T10:02:14.590+0800][11.087s][info][gc          ] GC(360) Concurrent Mark Cycle 5.205ms
[2026-06-17T10:02:14.596+0800][11.093s][info][gc,start    ] GC(361) Pause Young (Prepare Mixed) (G1 Evacuation Pause)
[2026-06-17T10:02:14.596+0800][11.093s][info][gc,task     ] GC(361) Using 2 workers of 18 for evacuation
[2026-06-17T10:02:14.597+0800][11.094s][info][gc,phases   ] GC(361)   Pre Evacuate Collection Set: 0.09ms
[2026-06-17T10:02:14.597+0800][11.094s][info][gc,phases   ] GC(361)   Merge Heap Roots: 0.04ms
[2026-06-17T10:02:14.597+0800][11.094s][info][gc,phases   ] GC(361)   Evacuate Collection Set: 0.27ms
[2026-06-17T10:02:14.597+0800][11.094s][info][gc,phases   ] GC(361)   Post Evacuate Collection Set: 0.16ms
[2026-06-17T10:02:14.597+0800][11.094s][info][gc,phases   ] GC(361)   Other: 0.18ms
[2026-06-17T10:02:14.597+0800][11.094s][info][gc,heap     ] GC(361) Eden regions: 6->0(9)
[2026-06-17T10:02:14.597+0800][11.094s][info][gc,heap     ] GC(361) Survivor regions: 1->1(1)
[2026-06-17T10:02:14.597+0800][11.094s][info][gc,heap     ] GC(361) Old regions: 29->32
[2026-06-17T10:02:14.598+0800][11.094s][info][gc,heap     ] GC(361) Humongous regions: 12->12
[2026-06-17T10:02:14.598+0800][11.095s][info][gc,metaspace] GC(361) Metaspace: 112K(320K)->112K(320K) NonClass: 104K(192K)->104K(192K) Class: 7K(128K)->7K(128K)
[2026-06-17T10:02:14.598+0800][11.095s][info][gc          ] GC(361) Pause Young (Prepare Mixed) (G1 Evacuation Pause) 47M->44M(64M) 2.040ms
[2026-06-17T10:02:14.598+0800][11.095s][info][gc,cpu      ] GC(361) User=0.00s Sys=0.00s Real=0.00s
[2026-06-17T10:02:14.619+0800][11.116s][info][gc,start    ] GC(362) Pause Young (Mixed) (G1 Evacuation Pause)
[2026-06-17T10:02:14.619+0800][11.116s][info][gc,task     ] GC(362) Using 2 workers of 18 for evacuation
[2026-06-17T10:02:14.620+0800][11.117s][info][gc,phases   ] GC(362)   Pre Evacuate Collection Set: 0.19ms
[2026-06-17T10:02:14.620+0800][11.117s][info][gc,phases   ] GC(362)   Merge Heap Roots: 0.05ms
[2026-06-17T10:02:14.620+0800][11.117s][info][gc,phases   ] GC(362)   Evacuate Collection Set: 0.28ms
[2026-06-17T10:02:14.621+0800][11.117s][info][gc,phases   ] GC(362)   Post Evacuate Collection Set: 0.18ms
[2026-06-17T10:02:14.621+0800][11.118s][info][gc,phases   ] GC(362)   Other: 0.25ms
[2026-06-17T10:02:14.621+0800][11.118s][info][gc,heap     ] GC(362) Eden regions: 9->0(13)
[2026-06-17T10:02:14.621+0800][11.118s][info][gc,heap     ] GC(362) Survivor regions: 1->2(2)
[2026-06-17T10:02:14.621+0800][11.118s][info][gc,heap     ] GC(362) Old regions: 32->27
[2026-06-17T10:02:14.621+0800][11.118s][info][gc,heap     ] GC(362) Humongous regions: 12->12
[2026-06-17T10:02:14.621+0800][11.118s][info][gc,metaspace] GC(362) Metaspace: 112K(320K)->112K(320K) NonClass: 104K(192K)->104K(192K) Class: 7K(128K)->7K(128K)
[2026-06-17T10:02:14.621+0800][11.118s][info][gc          ] GC(362) Pause Young (Mixed) (G1 Evacuation Pause) 52M->40M(64M) 2.301ms
[2026-06-17T10:02:14.621+0800][11.118s][info][gc,cpu      ] GC(362) User=0.00s Sys=0.00s Real=0.00s
[2026-06-17T10:02:14.664+0800][11.160s][info][gc,start    ] GC(363) Pause Young (Mixed) (G1 Evacuation Pause)
[2026-06-17T10:02:14.667+0800][11.163s][info][gc,task     ] GC(363) Using 2 workers of 18 for evacuation
[2026-06-17T10:02:14.669+0800][11.166s][info][gc,phases   ] GC(363)   Pre Evacuate Collection Set: 0.32ms
[2026-06-17T10:02:14.670+0800][11.167s][info][gc,phases   ] GC(363)   Merge Heap Roots: 0.07ms
[2026-06-17T10:02:14.670+0800][11.167s][info][gc,phases   ] GC(363)   Evacuate Collection Set: 0.58ms
[2026-06-17T10:02:14.670+0800][11.167s][info][gc,phases   ] GC(363)   Post Evacuate Collection Set: 0.27ms
[2026-06-17T10:02:14.670+0800][11.167s][info][gc,phases   ] GC(363)   Other: 1.50ms
[2026-06-17T10:02:14.671+0800][11.167s][info][gc,heap     ] GC(363) Eden regions: 13->0(15)
[2026-06-17T10:02:14.671+0800][11.168s][info][gc,heap     ] GC(363) Survivor regions: 2->2(2)
[2026-06-17T10:02:14.671+0800][11.168s][info][gc,heap     ] GC(363) Old regions: 27->25
[2026-06-17T10:02:14.671+0800][11.168s][info][gc,heap     ] GC(363) Humongous regions: 12->12
[2026-06-17T10:02:14.671+0800][11.168s][info][gc,metaspace] GC(363) Metaspace: 112K(320K)->112K(320K) NonClass: 105K(192K)->105K(192K) Class: 7K(128K)->7K(128K)
[2026-06-17T10:02:14.671+0800][11.168s][info][gc          ] GC(363) Pause Young (Mixed) (G1 Evacuation Pause) 53M->38M(64M) 7.971ms
[2026-06-17T10:02:14.672+0800][11.168s][info][gc,cpu      ] GC(363) User=0.00s Sys=0.00s Real=0.01s
[2026-06-17T10:02:14.703+0800][11.200s][info][gc,start    ] GC(364) Pause Young (Mixed) (G1 Evacuation Pause)
[2026-06-17T10:02:14.704+0800][11.201s][info][gc,task     ] GC(364) Using 2 workers of 18 for evacuation
[2026-06-17T10:02:14.705+0800][11.202s][info][gc,phases   ] GC(364)   Pre Evacuate Collection Set: 0.25ms
[2026-06-17T10:02:14.706+0800][11.203s][info][gc,phases   ] GC(364)   Merge Heap Roots: 0.11ms
[2026-06-17T10:02:14.706+0800][11.203s][info][gc,phases   ] GC(364)   Evacuate Collection Set: 0.53ms
[2026-06-17T10:02:14.706+0800][11.203s][info][gc,phases   ] GC(364)   Post Evacuate Collection Set: 0.26ms
[2026-06-17T10:02:14.706+0800][11.203s][info][gc,phases   ] GC(364)   Other: 0.42ms
[2026-06-17T10:02:14.706+0800][11.203s][info][gc,heap     ] GC(364) Eden regions: 15->0(9)
[2026-06-17T10:02:14.707+0800][11.203s][info][gc,heap     ] GC(364) Survivor regions: 2->3(3)
[2026-06-17T10:02:14.707+0800][11.204s][info][gc,heap     ] GC(364) Old regions: 25->29
[2026-06-17T10:02:14.707+0800][11.204s][info][gc,heap     ] GC(364) Humongous regions: 12->12
[2026-06-17T10:02:14.707+0800][11.204s][info][gc,metaspace] GC(364) Metaspace: 112K(320K)->112K(320K) NonClass: 105K(192K)->105K(192K) Class: 7K(128K)->7K(128K)
[2026-06-17T10:02:14.707+0800][11.204s][info][gc          ] GC(364) Pause Young (Mixed) (G1 Evacuation Pause) 53M->43M(64M) 3.924ms
[2026-06-17T10:02:14.707+0800][11.204s][info][gc,cpu      ] GC(364) User=0.00s Sys=0.00s Real=0.00s
[2026-06-17T10:02:14.729+0800][11.226s][info][gc,start    ] GC(365) Pause Young (Normal) (G1 Evacuation Pause)
[2026-06-17T10:02:14.729+0800][11.226s][info][gc,task     ] GC(365) Using 2 workers of 18 for evacuation
[2026-06-17T10:02:14.731+0800][11.228s][info][gc,phases   ] GC(365)   Pre Evacuate Collection Set: 0.14ms
[2026-06-17T10:02:14.731+0800][11.228s][info][gc,phases   ] GC(365)   Merge Heap Roots: 0.06ms
[2026-06-17T10:02:14.731+0800][11.228s][info][gc,phases   ] GC(365)   Evacuate Collection Set: 0.40ms
[2026-06-17T10:02:14.732+0800][11.229s][info][gc,phases   ] GC(365)   Post Evacuate Collection Set: 0.50ms
[2026-06-17T10:02:14.732+0800][11.229s][info][gc,phases   ] GC(365)   Other: 0.32ms
[2026-06-17T10:02:14.732+0800][11.229s][info][gc,heap     ] GC(365) Eden regions: 9->0(9)
[2026-06-17T10:02:14.732+0800][11.229s][info][gc,heap     ] GC(365) Survivor regions: 3->2(2)
[2026-06-17T10:02:14.732+0800][11.229s][info][gc,heap     ] GC(365) Old regions: 29->30
[2026-06-17T10:02:14.733+0800][11.229s][info][gc,heap     ] GC(365) Humongous regions: 13->13
[2026-06-17T10:02:14.733+0800][11.230s][info][gc,metaspace] GC(365) Metaspace: 112K(320K)->112K(320K) NonClass: 105K(192K)->105K(192K) Class: 7K(128K)->7K(128K)
[2026-06-17T10:02:14.733+0800][11.230s][info][gc          ] GC(365) Pause Young (Normal) (G1 Evacuation Pause) 52M->44M(64M) 4.153ms
[2026-06-17T10:02:14.733+0800][11.230s][info][gc,cpu      ] GC(365) User=0.00s Sys=0.00s Real=0.01s
[2026-06-17T10:02:14.764+0800][11.261s][info][gc,start    ] GC(366) Pause Young (Normal) (G1 Evacuation Pause)
[2026-06-17T10:02:14.765+0800][11.262s][info][gc,task     ] GC(366) Using 2 workers of 18 for evacuation
[2026-06-17T10:02:14.767+0800][11.264s][info][gc,phases   ] GC(366)   Pre Evacuate Collection Set: 0.19ms
[2026-06-17T10:02:14.767+0800][11.264s][info][gc,phases   ] GC(366)   Merge Heap Roots: 0.09ms
[2026-06-17T10:02:14.767+0800][11.264s][info][gc,phases   ] GC(366)   Evacuate Collection Set: 0.48ms
[2026-06-17T10:02:14.768+0800][11.264s][info][gc,phases   ] GC(366)   Post Evacuate Collection Set: 0.28ms
[2026-06-17T10:02:14.768+0800][11.265s][info][gc,phases   ] GC(366)   Other: 0.63ms
[2026-06-17T10:02:14.768+0800][11.265s][info][gc,heap     ] GC(366) Eden regions: 9->0(8)
[2026-06-17T10:02:14.768+0800][11.265s][info][gc,heap     ] GC(366) Survivor regions: 2->2(2)
[2026-06-17T10:02:14.768+0800][11.265s][info][gc,heap     ] GC(366) Old regions: 30->32
[2026-06-17T10:02:14.769+0800][11.265s][info][gc,heap     ] GC(366) Humongous regions: 13->13
[2026-06-17T10:02:14.769+0800][11.266s][info][gc,metaspace] GC(366) Metaspace: 112K(320K)->112K(320K) NonClass: 105K(192K)->105K(192K) Class: 7K(128K)->7K(128K)
[2026-06-17T10:02:14.769+0800][11.266s][info][gc          ] GC(366) Pause Young (Normal) (G1 Evacuation Pause) 53M->46M(64M) 4.455ms
[2026-06-17T10:02:14.769+0800][11.266s][info][gc,cpu      ] GC(366) User=0.00s Sys=0.00s Real=0.00s
[2026-06-17T10:02:14.790+0800][11.287s][info][gc,start    ] GC(367) Pause Young (Concurrent Start) (G1 Evacuation Pause)
[2026-06-17T10:02:14.791+0800][11.287s][info][gc,task     ] GC(367) Using 2 workers of 18 for evacuation
[2026-06-17T10:02:14.791+0800][11.288s][info][gc,phases   ] GC(367)   Pre Evacuate Collection Set: 0.17ms
[2026-06-17T10:02:14.792+0800][11.289s][info][gc,phases   ] GC(367)   Merge Heap Roots: 0.04ms
[2026-06-17T10:02:14.792+0800][11.289s][info][gc,phases   ] GC(367)   Evacuate Collection Set: 0.29ms
[2026-06-17T10:02:14.792+0800][11.289s][info][gc,phases   ] GC(367)   Post Evacuate Collection Set: 0.20ms
[2026-06-17T10:02:14.792+0800][11.289s][info][gc,phases   ] GC(367)   Other: 0.27ms
[2026-06-17T10:02:14.792+0800][11.289s][info][gc,heap     ] GC(367) Eden regions: 8->0(6)
[2026-06-17T10:02:14.793+0800][11.289s][info][gc,heap     ] GC(367) Survivor regions: 2->2(2)
[2026-06-17T10:02:14.793+0800][11.289s][info][gc,heap     ] GC(367) Old regions: 32->34
[2026-06-17T10:02:14.793+0800][11.290s][info][gc,heap     ] GC(367) Humongous regions: 13->13
[2026-06-17T10:02:14.793+0800][11.290s][info][gc,metaspace] GC(367) Metaspace: 112K(320K)->112K(320K) NonClass: 105K(192K)->105K(192K) Class: 7K(128K)->7K(128K)
[2026-06-17T10:02:14.793+0800][11.290s][info][gc          ] GC(367) Pause Young (Concurrent Start) (G1 Evacuation Pause) 54M->48M(64M) 2.922ms
[2026-06-17T10:02:14.793+0800][11.290s][info][gc,cpu      ] GC(367) User=0.00s Sys=0.00s Real=0.01s
[2026-06-17T10:02:14.793+0800][11.290s][info][gc          ] GC(368) Concurrent Mark Cycle
[2026-06-17T10:02:14.793+0800][11.290s][info][gc,marking  ] GC(368) Concurrent Scan Root Regions
[2026-06-17T10:02:14.794+0800][11.290s][info][gc,marking  ] GC(368) Concurrent Scan Root Regions 0.152ms
[2026-06-17T10:02:14.794+0800][11.291s][info][gc,marking  ] GC(368) Concurrent Mark
[2026-06-17T10:02:14.794+0800][11.291s][info][gc,marking  ] GC(368) Concurrent Mark From Roots
[2026-06-17T10:02:14.794+0800][11.291s][info][gc,task     ] GC(368) Using 5 workers of 5 for marking
[2026-06-17T10:02:14.795+0800][11.292s][info][gc,marking  ] GC(368) Concurrent Mark From Roots 1.576ms
[2026-06-17T10:02:14.796+0800][11.293s][info][gc,marking  ] GC(368) Concurrent Preclean
[2026-06-17T10:02:14.798+0800][11.295s][info][gc,marking  ] GC(368) Concurrent Preclean 2.603ms
[2026-06-17T10:02:14.800+0800][11.297s][info][gc,start    ] GC(368) Pause Remark
[2026-06-17T10:02:14.802+0800][11.299s][info][gc          ] GC(368) Pause Remark 50M->45M(64M) 1.470ms
[2026-06-17T10:02:14.802+0800][11.299s][info][gc,cpu      ] GC(368) User=0.00s Sys=0.00s Real=0.00s
[2026-06-17T10:02:14.802+0800][11.299s][info][gc,marking  ] GC(368) Concurrent Mark 8.734ms
[2026-06-17T10:02:14.803+0800][11.299s][info][gc,marking  ] GC(368) Concurrent Rebuild Remembered Sets and Scrub Regions
[2026-06-17T10:02:14.803+0800][11.300s][info][gc,marking  ] GC(368) Concurrent Rebuild Remembered Sets and Scrub Regions 0.604ms
[2026-06-17T10:02:14.803+0800][11.300s][info][gc,start    ] GC(368) Pause Cleanup
[2026-06-17T10:02:14.803+0800][11.300s][info][gc          ] GC(368) Pause Cleanup 45M->45M(64M) 0.132ms
[2026-06-17T10:02:14.804+0800][11.300s][info][gc,cpu      ] GC(368) User=0.00s Sys=0.00s Real=0.00s
[2026-06-17T10:02:14.804+0800][11.301s][info][gc,marking  ] GC(368) Concurrent Clear Claimed Marks
[2026-06-17T10:02:14.804+0800][11.301s][info][gc,marking  ] GC(368) Concurrent Clear Claimed Marks 0.091ms
[2026-06-17T10:02:14.804+0800][11.301s][info][gc,marking  ] GC(368) Concurrent Cleanup for Next Mark
[2026-06-17T10:02:14.804+0800][11.301s][info][gc,start    ] GC(369) Pause Young (Prepare Mixed) (G1 Evacuation Pause)
[2026-06-17T10:02:14.804+0800][11.301s][info][gc,task     ] GC(369) Using 2 workers of 18 for evacuation
[2026-06-17T10:02:14.805+0800][11.301s][info][gc,phases   ] GC(369)   Pre Evacuate Collection Set: 0.10ms
[2026-06-17T10:02:14.805+0800][11.302s][info][gc,phases   ] GC(369)   Merge Heap Roots: 0.04ms
[2026-06-17T10:02:14.805+0800][11.302s][info][gc,phases   ] GC(369)   Evacuate Collection Set: 0.17ms
[2026-06-17T10:02:14.805+0800][11.302s][info][gc,phases   ] GC(369)   Post Evacuate Collection Set: 0.16ms
[2026-06-17T10:02:14.805+0800][11.302s][info][gc,phases   ] GC(369)   Other: 0.12ms
[2026-06-17T10:02:14.805+0800][11.302s][info][gc,heap     ] GC(369) Eden regions: 6->0(11)
[2026-06-17T10:02:14.805+0800][11.302s][info][gc,heap     ] GC(369) Survivor regions: 2->1(1)
[2026-06-17T10:02:14.805+0800][11.302s][info][gc,heap     ] GC(369) Old regions: 29->30
[2026-06-17T10:02:14.805+0800][11.302s][info][gc,heap     ] GC(369) Humongous regions: 13->13
[2026-06-17T10:02:14.805+0800][11.302s][info][gc,metaspace] GC(369) Metaspace: 112K(320K)->112K(320K) NonClass: 105K(192K)->105K(192K) Class: 7K(128K)->7K(128K)
[2026-06-17T10:02:14.805+0800][11.302s][info][gc          ] GC(369) Pause Young (Prepare Mixed) (G1 Evacuation Pause) 49M->42M(64M) 1.573ms
[2026-06-17T10:02:14.806+0800][11.302s][info][gc,cpu      ] GC(369) User=0.00s Sys=0.00s Real=0.00s
[2026-06-17T10:02:14.806+0800][11.303s][info][gc,marking  ] GC(368) Concurrent Cleanup for Next Mark 1.943ms
[2026-06-17T10:02:14.806+0800][11.303s][info][gc          ] GC(368) Concurrent Mark Cycle 12.697ms
[2026-06-17T10:02:14.837+0800][11.334s][info][gc,start    ] GC(370) Pause Young (Mixed) (G1 Evacuation Pause)
[2026-06-17T10:02:14.838+0800][11.335s][info][gc,task     ] GC(370) Using 2 workers of 18 for evacuation
[2026-06-17T10:02:14.839+0800][11.336s][info][gc,phases   ] GC(370)   Pre Evacuate Collection Set: 0.15ms
[2026-06-17T10:02:14.840+0800][11.337s][info][gc,phases   ] GC(370)   Merge Heap Roots: 0.04ms
[2026-06-17T10:02:14.840+0800][11.337s][info][gc,phases   ] GC(370)   Evacuate Collection Set: 0.50ms
[2026-06-17T10:02:14.840+0800][11.337s][info][gc,phases   ] GC(370)   Post Evacuate Collection Set: 0.34ms
[2026-06-17T10:02:14.841+0800][11.337s][info][gc,phases   ] GC(370)   Other: 0.37ms
[2026-06-17T10:02:14.841+0800][11.338s][info][gc,heap     ] GC(370) Eden regions: 11->0(11)
[2026-06-17T10:02:14.841+0800][11.338s][info][gc,heap     ] GC(370) Survivor regions: 1->2(2)
[2026-06-17T10:02:14.841+0800][11.338s][info][gc,heap     ] GC(370) Old regions: 30->28
[2026-06-17T10:02:14.841+0800][11.338s][info][gc,heap     ] GC(370) Humongous regions: 13->13
[2026-06-17T10:02:14.841+0800][11.338s][info][gc,metaspace] GC(370) Metaspace: 112K(320K)->112K(320K) NonClass: 105K(192K)->105K(192K) Class: 7K(128K)->7K(128K)
[2026-06-17T10:02:14.841+0800][11.338s][info][gc          ] GC(370) Pause Young (Mixed) (G1 Evacuation Pause) 53M->42M(64M) 4.314ms
[2026-06-17T10:02:14.842+0800][11.338s][info][gc,cpu      ] GC(370) User=0.00s Sys=0.00s Real=0.00s
[2026-06-17T10:02:14.873+0800][11.370s][info][gc,start    ] GC(371) Pause Young (Mixed) (G1 Evacuation Pause)
[2026-06-17T10:02:14.874+0800][11.371s][info][gc,task     ] GC(371) Using 2 workers of 18 for evacuation
[2026-06-17T10:02:14.876+0800][11.373s][info][gc,phases   ] GC(371)   Pre Evacuate Collection Set: 0.19ms
[2026-06-17T10:02:14.876+0800][11.373s][info][gc,phases   ] GC(371)   Merge Heap Roots: 0.15ms
[2026-06-17T10:02:14.877+0800][11.374s][info][gc,phases   ] GC(371)   Evacuate Collection Set: 0.84ms
[2026-06-17T10:02:14.877+0800][11.374s][info][gc,phases   ] GC(371)   Post Evacuate Collection Set: 0.41ms
[2026-06-17T10:02:14.877+0800][11.374s][info][gc,phases   ] GC(371)   Other: 0.54ms
[2026-06-17T10:02:14.877+0800][11.374s][info][gc,heap     ] GC(371) Eden regions: 11->0(11)
[2026-06-17T10:02:14.877+0800][11.374s][info][gc,heap     ] GC(371) Survivor regions: 2->2(2)
[2026-06-17T10:02:14.878+0800][11.374s][info][gc,heap     ] GC(371) Old regions: 28->28
[2026-06-17T10:02:14.878+0800][11.375s][info][gc,heap     ] GC(371) Humongous regions: 13->13
[2026-06-17T10:02:14.878+0800][11.375s][info][gc,metaspace] GC(371) Metaspace: 112K(320K)->112K(320K) NonClass: 105K(192K)->105K(192K) Class: 7K(128K)->7K(128K)
[2026-06-17T10:02:14.878+0800][11.375s][info][gc          ] GC(371) Pause Young (Mixed) (G1 Evacuation Pause) 53M->42M(64M) 4.671ms
[2026-06-17T10:02:14.878+0800][11.375s][info][gc,cpu      ] GC(371) User=0.01s Sys=0.00s Real=0.00s
[2026-06-17T10:02:14.910+0800][11.406s][info][gc,start    ] GC(372) Pause Young (Normal) (G1 Evacuation Pause)
[2026-06-17T10:02:14.910+0800][11.407s][info][gc,task     ] GC(372) Using 2 workers of 18 for evacuation
[2026-06-17T10:02:14.911+0800][11.408s][info][gc,phases   ] GC(372)   Pre Evacuate Collection Set: 0.17ms
[2026-06-17T10:02:14.913+0800][11.410s][info][gc,phases   ] GC(372)   Merge Heap Roots: 0.07ms
[2026-06-17T10:02:14.913+0800][11.410s][info][gc,phases   ] GC(372)   Evacuate Collection Set: 0.37ms
[2026-06-17T10:02:14.914+0800][11.410s][info][gc,phases   ] GC(372)   Post Evacuate Collection Set: 0.39ms
[2026-06-17T10:02:14.914+0800][11.411s][info][gc,phases   ] GC(372)   Other: 0.30ms
[2026-06-17T10:02:14.914+0800][11.411s][info][gc,heap     ] GC(372) Eden regions: 11->0(10)
[2026-06-17T10:02:14.915+0800][11.411s][info][gc,heap     ] GC(372) Survivor regions: 2->2(2)
[2026-06-17T10:02:14.915+0800][11.412s][info][gc,heap     ] GC(372) Old regions: 28->29
[2026-06-17T10:02:14.915+0800][11.412s][info][gc,heap     ] GC(372) Humongous regions: 13->13
[2026-06-17T10:02:14.916+0800][11.413s][info][gc,metaspace] GC(372) Metaspace: 112K(320K)->112K(320K) NonClass: 105K(192K)->105K(192K) Class: 7K(128K)->7K(128K)
[2026-06-17T10:02:14.917+0800][11.414s][info][gc          ] GC(372) Pause Young (Normal) (G1 Evacuation Pause) 53M->43M(64M) 7.192ms
[2026-06-17T10:02:14.918+0800][11.415s][info][gc,cpu      ] GC(372) User=0.00s Sys=0.00s Real=0.01s
[2026-06-17T10:02:14.918+0800][11.415s][info][gc,start    ] GC(373) Pause Young (Concurrent Start) (G1 Humongous Allocation)
[2026-06-17T10:02:14.919+0800][11.415s][info][gc,task     ] GC(373) Using 2 workers of 18 for evacuation
[2026-06-17T10:02:14.920+0800][11.416s][info][gc,phases   ] GC(373)   Pre Evacuate Collection Set: 0.15ms
[2026-06-17T10:02:14.920+0800][11.417s][info][gc,phases   ] GC(373)   Merge Heap Roots: 0.03ms
[2026-06-17T10:02:14.920+0800][11.417s][info][gc,phases   ] GC(373)   Evacuate Collection Set: 0.30ms
[2026-06-17T10:02:14.920+0800][11.417s][info][gc,phases   ] GC(373)   Post Evacuate Collection Set: 0.20ms
[2026-06-17T10:02:14.920+0800][11.417s][info][gc,phases   ] GC(373)   Other: 0.32ms
[2026-06-17T10:02:14.920+0800][11.417s][info][gc,heap     ] GC(373) Eden regions: 6->0(9)
[2026-06-17T10:02:14.920+0800][11.417s][info][gc,heap     ] GC(373) Survivor regions: 2->2(2)
[2026-06-17T10:02:14.921+0800][11.417s][info][gc,heap     ] GC(373) Old regions: 29->31
[2026-06-17T10:02:14.921+0800][11.417s][info][gc,heap     ] GC(373) Humongous regions: 13->13
[2026-06-17T10:02:14.921+0800][11.418s][info][gc,metaspace] GC(373) Metaspace: 112K(320K)->112K(320K) NonClass: 105K(192K)->105K(192K) Class: 7K(128K)->7K(128K)
[2026-06-17T10:02:14.921+0800][11.418s][info][gc          ] GC(373) Pause Young (Concurrent Start) (G1 Humongous Allocation) 48M->45M(64M) 2.366ms
[2026-06-17T10:02:14.921+0800][11.418s][info][gc,cpu      ] GC(373) User=0.00s Sys=0.00s Real=0.00s
[2026-06-17T10:02:14.921+0800][11.418s][info][gc          ] GC(374) Concurrent Mark Cycle
[2026-06-17T10:02:14.921+0800][11.418s][info][gc,marking  ] GC(374) Concurrent Scan Root Regions
[2026-06-17T10:02:14.921+0800][11.418s][info][gc,marking  ] GC(374) Concurrent Scan Root Regions 0.171ms
[2026-06-17T10:02:14.921+0800][11.418s][info][gc,marking  ] GC(374) Concurrent Mark
[2026-06-17T10:02:14.922+0800][11.418s][info][gc,marking  ] GC(374) Concurrent Mark From Roots
[2026-06-17T10:02:14.922+0800][11.419s][info][gc,task     ] GC(374) Using 5 workers of 5 for marking
[2026-06-17T10:02:14.924+0800][11.421s][info][gc,marking  ] GC(374) Concurrent Mark From Roots 2.680ms
[2026-06-17T10:02:14.924+0800][11.421s][info][gc,marking  ] GC(374) Concurrent Preclean
[2026-06-17T10:02:14.925+0800][11.421s][info][gc,marking  ] GC(374) Concurrent Preclean 0.203ms
[2026-06-17T10:02:14.925+0800][11.422s][info][gc,start    ] GC(374) Pause Remark
[2026-06-17T10:02:14.925+0800][11.422s][info][gc          ] GC(374) Pause Remark 47M->41M(64M) 0.418ms
[2026-06-17T10:02:14.925+0800][11.422s][info][gc,cpu      ] GC(374) User=0.01s Sys=0.00s Real=0.00s
[2026-06-17T10:02:14.925+0800][11.422s][info][gc,marking  ] GC(374) Concurrent Mark 3.879ms
[2026-06-17T10:02:14.925+0800][11.422s][info][gc,marking  ] GC(374) Concurrent Rebuild Remembered Sets and Scrub Regions
[2026-06-17T10:02:14.926+0800][11.423s][info][gc,marking  ] GC(374) Concurrent Rebuild Remembered Sets and Scrub Regions 0.386ms
[2026-06-17T10:02:14.926+0800][11.423s][info][gc,start    ] GC(374) Pause Cleanup
[2026-06-17T10:02:14.926+0800][11.423s][info][gc          ] GC(374) Pause Cleanup 41M->41M(64M) 0.146ms
[2026-06-17T10:02:14.926+0800][11.423s][info][gc,cpu      ] GC(374) User=0.00s Sys=0.00s Real=0.00s
[2026-06-17T10:02:14.926+0800][11.423s][info][gc,marking  ] GC(374) Concurrent Clear Claimed Marks
[2026-06-17T10:02:14.926+0800][11.423s][info][gc,marking  ] GC(374) Concurrent Clear Claimed Marks 0.079ms
[2026-06-17T10:02:14.926+0800][11.423s][info][gc,marking  ] GC(374) Concurrent Cleanup for Next Mark
[2026-06-17T10:02:14.927+0800][11.424s][info][gc,marking  ] GC(374) Concurrent Cleanup for Next Mark 0.236ms
[2026-06-17T10:02:14.927+0800][11.424s][info][gc          ] GC(374) Concurrent Mark Cycle 5.833ms
[2026-06-17T10:02:14.952+0800][11.449s][info][gc,start    ] GC(375) Pause Young (Prepare Mixed) (G1 Evacuation Pause)
[2026-06-17T10:02:14.953+0800][11.450s][info][gc,task     ] GC(375) Using 2 workers of 18 for evacuation
[2026-06-17T10:02:14.954+0800][11.451s][info][gc,phases   ] GC(375)   Pre Evacuate Collection Set: 0.16ms
[2026-06-17T10:02:14.954+0800][11.451s][info][gc,phases   ] GC(375)   Merge Heap Roots: 0.05ms
[2026-06-17T10:02:14.954+0800][11.451s][info][gc,phases   ] GC(375)   Evacuate Collection Set: 0.41ms
[2026-06-17T10:02:14.955+0800][11.452s][info][gc,phases   ] GC(375)   Post Evacuate Collection Set: 0.34ms
[2026-06-17T10:02:14.955+0800][11.452s][info][gc,phases   ] GC(375)   Other: 0.31ms
[2026-06-17T10:02:14.955+0800][11.452s][info][gc,heap     ] GC(375) Eden regions: 9->0(10)
[2026-06-17T10:02:14.955+0800][11.452s][info][gc,heap     ] GC(375) Survivor regions: 2->2(2)
[2026-06-17T10:02:14.956+0800][11.452s][info][gc,heap     ] GC(375) Old regions: 25->28
[2026-06-17T10:02:14.956+0800][11.453s][info][gc,heap     ] GC(375) Humongous regions: 15->15
[2026-06-17T10:02:14.956+0800][11.453s][info][gc,metaspace] GC(375) Metaspace: 112K(320K)->112K(320K) NonClass: 105K(192K)->105K(192K) Class: 7K(128K)->7K(128K)
[2026-06-17T10:02:14.956+0800][11.453s][info][gc          ] GC(375) Pause Young (Prepare Mixed) (G1 Evacuation Pause) 50M->44M(64M) 4.003ms
[2026-06-17T10:02:14.956+0800][11.453s][info][gc,cpu      ] GC(375) User=0.00s Sys=0.00s Real=0.00s
[2026-06-17T10:02:14.988+0800][11.485s][info][gc,start    ] GC(376) Pause Young (Mixed) (G1 Evacuation Pause)
[2026-06-17T10:02:14.988+0800][11.485s][info][gc,task     ] GC(376) Using 2 workers of 18 for evacuation
[2026-06-17T10:02:14.990+0800][11.486s][info][gc,phases   ] GC(376)   Pre Evacuate Collection Set: 0.20ms
[2026-06-17T10:02:14.990+0800][11.487s][info][gc,phases   ] GC(376)   Merge Heap Roots: 0.06ms
[2026-06-17T10:02:14.990+0800][11.487s][info][gc,phases   ] GC(376)   Evacuate Collection Set: 0.45ms
[2026-06-17T10:02:14.990+0800][11.487s][info][gc,phases   ] GC(376)   Post Evacuate Collection Set: 0.20ms
[2026-06-17T10:02:14.991+0800][11.488s][info][gc,phases   ] GC(376)   Other: 0.35ms
[2026-06-17T10:02:14.991+0800][11.488s][info][gc,heap     ] GC(376) Eden regions: 10->0(13)
[2026-06-17T10:02:14.991+0800][11.488s][info][gc,heap     ] GC(376) Survivor regions: 2->2(2)
[2026-06-17T10:02:14.991+0800][11.488s][info][gc,heap     ] GC(376) Old regions: 28->24
[2026-06-17T10:02:14.991+0800][11.488s][info][gc,heap     ] GC(376) Humongous regions: 15->15
[2026-06-17T10:02:14.991+0800][11.488s][info][gc,metaspace] GC(376) Metaspace: 112K(320K)->112K(320K) NonClass: 105K(192K)->105K(192K) Class: 7K(128K)->7K(128K)
[2026-06-17T10:02:14.992+0800][11.488s][info][gc          ] GC(376) Pause Young (Mixed) (G1 Evacuation Pause) 54M->40M(64M) 3.728ms
[2026-06-17T10:02:14.992+0800][11.489s][info][gc,cpu      ] GC(376) User=0.00s Sys=0.01s Real=0.01s
[2026-06-17T10:02:15.023+0800][11.520s][info][gc,start    ] GC(377) Pause Young (Mixed) (G1 Evacuation Pause)
[2026-06-17T10:02:15.024+0800][11.521s][info][gc,task     ] GC(377) Using 2 workers of 18 for evacuation
[2026-06-17T10:02:15.025+0800][11.522s][info][gc,phases   ] GC(377)   Pre Evacuate Collection Set: 0.31ms
[2026-06-17T10:02:15.026+0800][11.522s][info][gc,phases   ] GC(377)   Merge Heap Roots: 0.09ms
[2026-06-17T10:02:15.026+0800][11.523s][info][gc,phases   ] GC(377)   Evacuate Collection Set: 0.53ms
[2026-06-17T10:02:15.026+0800][11.523s][info][gc,phases   ] GC(377)   Post Evacuate Collection Set: 0.28ms
[2026-06-17T10:02:15.027+0800][11.524s][info][gc,phases   ] GC(377)   Other: 0.39ms
[2026-06-17T10:02:15.027+0800][11.524s][info][gc,heap     ] GC(377) Eden regions: 13->0(10)
[2026-06-17T10:02:15.028+0800][11.524s][info][gc,heap     ] GC(377) Survivor regions: 2->2(2)
[2026-06-17T10:02:15.028+0800][11.525s][info][gc,heap     ] GC(377) Old regions: 24->27
[2026-06-17T10:02:15.028+0800][11.525s][info][gc,heap     ] GC(377) Humongous regions: 15->15
[2026-06-17T10:02:15.028+0800][11.525s][info][gc,metaspace] GC(377) Metaspace: 112K(320K)->112K(320K) NonClass: 105K(192K)->105K(192K) Class: 7K(128K)->7K(128K)
[2026-06-17T10:02:15.028+0800][11.525s][info][gc          ] GC(377) Pause Young (Mixed) (G1 Evacuation Pause) 53M->43M(64M) 5.285ms
[2026-06-17T10:02:15.029+0800][11.525s][info][gc,cpu      ] GC(377) User=0.00s Sys=0.00s Real=0.00s
[2026-06-17T10:02:15.050+0800][11.547s][info][gc,start    ] GC(378) Pause Young (Concurrent Start) (G1 Evacuation Pause)
[2026-06-17T10:02:15.051+0800][11.547s][info][gc,task     ] GC(378) Using 2 workers of 18 for evacuation
[2026-06-17T10:02:15.052+0800][11.549s][info][gc,phases   ] GC(378)   Pre Evacuate Collection Set: 0.19ms
[2026-06-17T10:02:15.052+0800][11.549s][info][gc,phases   ] GC(378)   Merge Heap Roots: 0.15ms
[2026-06-17T10:02:15.053+0800][11.550s][info][gc,phases   ] GC(378)   Evacuate Collection Set: 0.58ms
[2026-06-17T10:02:15.053+0800][11.550s][info][gc,phases   ] GC(378)   Post Evacuate Collection Set: 0.21ms
[2026-06-17T10:02:15.053+0800][11.550s][info][gc,phases   ] GC(378)   Other: 0.40ms
[2026-06-17T10:02:15.053+0800][11.550s][info][gc,heap     ] GC(378) Eden regions: 10->0(6)
[2026-06-17T10:02:15.053+0800][11.550s][info][gc,heap     ] GC(378) Survivor regions: 2->2(2)
[2026-06-17T10:02:15.053+0800][11.550s][info][gc,heap     ] GC(378) Old regions: 27->33
[2026-06-17T10:02:15.053+0800][11.550s][info][gc,heap     ] GC(378) Humongous regions: 15->15
[2026-06-17T10:02:15.054+0800][11.550s][info][gc,metaspace] GC(378) Metaspace: 112K(320K)->112K(320K) NonClass: 105K(192K)->105K(192K) Class: 7K(128K)->7K(128K)
[2026-06-17T10:02:15.054+0800][11.550s][info][gc          ] GC(378) Pause Young (Concurrent Start) (G1 Evacuation Pause) 53M->49M(64M) 3.504ms
[2026-06-17T10:02:15.054+0800][11.551s][info][gc,cpu      ] GC(378) User=0.00s Sys=0.00s Real=0.01s
[2026-06-17T10:02:15.054+0800][11.551s][info][gc          ] GC(379) Concurrent Mark Cycle
[2026-06-17T10:02:15.054+0800][11.551s][info][gc,marking  ] GC(379) Concurrent Scan Root Regions
[2026-06-17T10:02:15.054+0800][11.551s][info][gc,marking  ] GC(379) Concurrent Scan Root Regions 0.285ms
[2026-06-17T10:02:15.054+0800][11.551s][info][gc,marking  ] GC(379) Concurrent Mark
[2026-06-17T10:02:15.054+0800][11.551s][info][gc,marking  ] GC(379) Concurrent Mark From Roots
[2026-06-17T10:02:15.055+0800][11.551s][info][gc,task     ] GC(379) Using 5 workers of 5 for marking
[2026-06-17T10:02:15.056+0800][11.553s][info][gc,marking  ] GC(379) Concurrent Mark From Roots 1.468ms
[2026-06-17T10:02:15.056+0800][11.553s][info][gc,marking  ] GC(379) Concurrent Preclean
[2026-06-17T10:02:15.056+0800][11.553s][info][gc,marking  ] GC(379) Concurrent Preclean 0.205ms
[2026-06-17T10:02:15.057+0800][11.553s][info][gc,start    ] GC(379) Pause Remark
[2026-06-17T10:02:15.057+0800][11.554s][info][gc          ] GC(379) Pause Remark 49M->40M(64M) 0.500ms
[2026-06-17T10:02:15.057+0800][11.554s][info][gc,cpu      ] GC(379) User=0.00s Sys=0.00s Real=0.00s
[2026-06-17T10:02:15.057+0800][11.554s][info][gc,marking  ] GC(379) Concurrent Mark 3.003ms
[2026-06-17T10:02:15.057+0800][11.554s][info][gc,marking  ] GC(379) Concurrent Rebuild Remembered Sets and Scrub Regions
[2026-06-17T10:02:15.058+0800][11.555s][info][gc,marking  ] GC(379) Concurrent Rebuild Remembered Sets and Scrub Regions 0.458ms
[2026-06-17T10:02:15.058+0800][11.555s][info][gc,start    ] GC(379) Pause Cleanup
[2026-06-17T10:02:15.058+0800][11.555s][info][gc          ] GC(379) Pause Cleanup 40M->40M(64M) 0.212ms
[2026-06-17T10:02:15.058+0800][11.555s][info][gc,cpu      ] GC(379) User=0.00s Sys=0.00s Real=0.00s
[2026-06-17T10:02:15.058+0800][11.555s][info][gc,marking  ] GC(379) Concurrent Clear Claimed Marks
[2026-06-17T10:02:15.059+0800][11.555s][info][gc,marking  ] GC(379) Concurrent Clear Claimed Marks 0.103ms
[2026-06-17T10:02:15.059+0800][11.556s][info][gc,marking  ] GC(379) Concurrent Cleanup for Next Mark
[2026-06-17T10:02:15.059+0800][11.556s][info][gc,marking  ] GC(379) Concurrent Cleanup for Next Mark 0.187ms
[2026-06-17T10:02:15.059+0800][11.556s][info][gc          ] GC(379) Concurrent Mark Cycle 5.270ms
[2026-06-17T10:02:15.075+0800][11.571s][info][gc,start    ] GC(380) Pause Young (Prepare Mixed) (G1 Evacuation Pause)
[2026-06-17T10:02:15.075+0800][11.572s][info][gc,task     ] GC(380) Using 2 workers of 18 for evacuation
[2026-06-17T10:02:15.076+0800][11.573s][info][gc,phases   ] GC(380)   Pre Evacuate Collection Set: 0.11ms
[2026-06-17T10:02:15.076+0800][11.573s][info][gc,phases   ] GC(380)   Merge Heap Roots: 0.04ms
[2026-06-17T10:02:15.076+0800][11.573s][info][gc,phases   ] GC(380)   Evacuate Collection Set: 0.32ms
[2026-06-17T10:02:15.076+0800][11.573s][info][gc,phases   ] GC(380)   Post Evacuate Collection Set: 0.17ms
[2026-06-17T10:02:15.076+0800][11.573s][info][gc,phases   ] GC(380)   Other: 0.22ms
[2026-06-17T10:02:15.076+0800][11.573s][info][gc,heap     ] GC(380) Eden regions: 6->0(11)
[2026-06-17T10:02:15.076+0800][11.573s][info][gc,heap     ] GC(380) Survivor regions: 2->1(1)
[2026-06-17T10:02:15.076+0800][11.573s][info][gc,heap     ] GC(380) Old regions: 24->26
[2026-06-17T10:02:15.077+0800][11.573s][info][gc,heap     ] GC(380) Humongous regions: 15->15
[2026-06-17T10:02:15.077+0800][11.573s][info][gc,metaspace] GC(380) Metaspace: 112K(320K)->112K(320K) NonClass: 105K(192K)->105K(192K) Class: 7K(128K)->7K(128K)
[2026-06-17T10:02:15.077+0800][11.574s][info][gc          ] GC(380) Pause Young (Prepare Mixed) (G1 Evacuation Pause) 46M->41M(64M) 2.074ms
[2026-06-17T10:02:15.077+0800][11.574s][info][gc,cpu      ] GC(380) User=0.00s Sys=0.00s Real=0.00s
[2026-06-17T10:02:15.098+0800][11.595s][info][gc,start    ] GC(381) Pause Young (Mixed) (G1 Evacuation Pause)
[2026-06-17T10:02:15.098+0800][11.595s][info][gc,task     ] GC(381) Using 2 workers of 18 for evacuation
[2026-06-17T10:02:15.101+0800][11.598s][info][gc,phases   ] GC(381)   Pre Evacuate Collection Set: 0.13ms
[2026-06-17T10:02:15.102+0800][11.599s][info][gc,phases   ] GC(381)   Merge Heap Roots: 0.04ms
[2026-06-17T10:02:15.104+0800][11.601s][info][gc,phases   ] GC(381)   Evacuate Collection Set: 0.34ms
[2026-06-17T10:02:15.107+0800][11.604s][info][gc,phases   ] GC(381)   Post Evacuate Collection Set: 0.22ms
[2026-06-17T10:02:15.107+0800][11.604s][info][gc,phases   ] GC(381)   Other: 1.76ms
[2026-06-17T10:02:15.107+0800][11.604s][info][gc,heap     ] GC(381) Eden regions: 11->0(16)
[2026-06-17T10:02:15.107+0800][11.604s][info][gc,heap     ] GC(381) Survivor regions: 1->2(2)
[2026-06-17T10:02:15.108+0800][11.604s][info][gc,heap     ] GC(381) Old regions: 26->21
[2026-06-17T10:02:15.108+0800][11.605s][info][gc,heap     ] GC(381) Humongous regions: 15->15
[2026-06-17T10:02:15.108+0800][11.605s][info][gc,metaspace] GC(381) Metaspace: 112K(320K)->112K(320K) NonClass: 105K(192K)->105K(192K) Class: 7K(128K)->7K(128K)
[2026-06-17T10:02:15.108+0800][11.605s][info][gc          ] GC(381) Pause Young (Mixed) (G1 Evacuation Pause) 52M->37M(64M) 9.951ms
[2026-06-17T10:02:15.108+0800][11.605s][info][gc,cpu      ] GC(381) User=0.00s Sys=0.00s Real=0.01s
[2026-06-17T10:02:15.150+0800][11.647s][info][gc,start    ] GC(382) Pause Young (Mixed) (G1 Evacuation Pause)
[2026-06-17T10:02:15.151+0800][11.647s][info][gc,task     ] GC(382) Using 2 workers of 18 for evacuation
[2026-06-17T10:02:15.152+0800][11.649s][info][gc,phases   ] GC(382)   Pre Evacuate Collection Set: 0.11ms
[2026-06-17T10:02:15.152+0800][11.649s][info][gc,phases   ] GC(382)   Merge Heap Roots: 0.03ms
[2026-06-17T10:02:15.152+0800][11.649s][info][gc,phases   ] GC(382)   Evacuate Collection Set: 0.53ms
[2026-06-17T10:02:15.152+0800][11.649s][info][gc,phases   ] GC(382)   Post Evacuate Collection Set: 0.17ms
[2026-06-17T10:02:15.152+0800][11.649s][info][gc,phases   ] GC(382)   Other: 0.23ms
[2026-06-17T10:02:15.152+0800][11.649s][info][gc,heap     ] GC(382) Eden regions: 16->0(9)
[2026-06-17T10:02:15.153+0800][11.649s][info][gc,heap     ] GC(382) Survivor regions: 2->3(3)
[2026-06-17T10:02:15.153+0800][11.649s][info][gc,heap     ] GC(382) Old regions: 21->25
[2026-06-17T10:02:15.153+0800][11.650s][info][gc,heap     ] GC(382) Humongous regions: 16->16
[2026-06-17T10:02:15.153+0800][11.650s][info][gc,metaspace] GC(382) Metaspace: 112K(320K)->112K(320K) NonClass: 105K(192K)->105K(192K) Class: 7K(128K)->7K(128K)
[2026-06-17T10:02:15.153+0800][11.650s][info][gc          ] GC(382) Pause Young (Mixed) (G1 Evacuation Pause) 54M->43M(64M) 2.740ms
[2026-06-17T10:02:15.153+0800][11.650s][info][gc,cpu      ] GC(382) User=0.00s Sys=0.00s Real=0.01s
[2026-06-17T10:02:15.185+0800][11.681s][info][gc,start    ] GC(383) Pause Young (Normal) (G1 Evacuation Pause)
[2026-06-17T10:02:15.185+0800][11.682s][info][gc,task     ] GC(383) Using 2 workers of 18 for evacuation
[2026-06-17T10:02:15.186+0800][11.683s][info][gc,phases   ] GC(383)   Pre Evacuate Collection Set: 0.19ms
[2026-06-17T10:02:15.186+0800][11.683s][info][gc,phases   ] GC(383)   Merge Heap Roots: 0.06ms
[2026-06-17T10:02:15.186+0800][11.683s][info][gc,phases   ] GC(383)   Evacuate Collection Set: 0.33ms
[2026-06-17T10:02:15.187+0800][11.683s][info][gc,phases   ] GC(383)   Post Evacuate Collection Set: 0.26ms
[2026-06-17T10:02:15.187+0800][11.684s][info][gc,phases   ] GC(383)   Other: 0.27ms
[2026-06-17T10:02:15.187+0800][11.684s][info][gc,heap     ] GC(383) Eden regions: 9->0(9)
[2026-06-17T10:02:15.187+0800][11.684s][info][gc,heap     ] GC(383) Survivor regions: 3->2(2)
[2026-06-17T10:02:15.187+0800][11.684s][info][gc,heap     ] GC(383) Old regions: 25->27
[2026-06-17T10:02:15.187+0800][11.684s][info][gc,heap     ] GC(383) Humongous regions: 16->16
[2026-06-17T10:02:15.187+0800][11.684s][info][gc,metaspace] GC(383) Metaspace: 112K(320K)->112K(320K) NonClass: 105K(192K)->105K(192K) Class: 7K(128K)->7K(128K)
[2026-06-17T10:02:15.187+0800][11.684s][info][gc          ] GC(383) Pause Young (Normal) (G1 Evacuation Pause) 52M->44M(64M) 2.838ms
[2026-06-17T10:02:15.187+0800][11.684s][info][gc,cpu      ] GC(383) User=0.00s Sys=0.00s Real=0.00s
[2026-06-17T10:02:15.209+0800][11.705s][info][gc,start    ] GC(384) Pause Young (Concurrent Start) (G1 Evacuation Pause)
[2026-06-17T10:02:15.209+0800][11.706s][info][gc,task     ] GC(384) Using 2 workers of 18 for evacuation
[2026-06-17T10:02:15.210+0800][11.707s][info][gc,phases   ] GC(384)   Pre Evacuate Collection Set: 0.18ms
[2026-06-17T10:02:15.210+0800][11.707s][info][gc,phases   ] GC(384)   Merge Heap Roots: 0.05ms
[2026-06-17T10:02:15.210+0800][11.707s][info][gc,phases   ] GC(384)   Evacuate Collection Set: 0.30ms
[2026-06-17T10:02:15.210+0800][11.707s][info][gc,phases   ] GC(384)   Post Evacuate Collection Set: 0.18ms
[2026-06-17T10:02:15.211+0800][11.707s][info][gc,phases   ] GC(384)   Other: 0.26ms
[2026-06-17T10:02:15.211+0800][11.708s][info][gc,heap     ] GC(384) Eden regions: 9->0(8)
[2026-06-17T10:02:15.211+0800][11.708s][info][gc,heap     ] GC(384) Survivor regions: 2->2(2)
[2026-06-17T10:02:15.211+0800][11.708s][info][gc,heap     ] GC(384) Old regions: 27->29
[2026-06-17T10:02:15.211+0800][11.708s][info][gc,heap     ] GC(384) Humongous regions: 16->16
[2026-06-17T10:02:15.211+0800][11.708s][info][gc,metaspace] GC(384) Metaspace: 112K(320K)->112K(320K) NonClass: 105K(192K)->105K(192K) Class: 7K(128K)->7K(128K)
[2026-06-17T10:02:15.211+0800][11.708s][info][gc          ] GC(384) Pause Young (Concurrent Start) (G1 Evacuation Pause) 53M->46M(64M) 2.631ms
[2026-06-17T10:02:15.211+0800][11.708s][info][gc,cpu      ] GC(384) User=0.00s Sys=0.00s Real=0.01s
[2026-06-17T10:02:15.211+0800][11.708s][info][gc          ] GC(385) Concurrent Mark Cycle
[2026-06-17T10:02:15.211+0800][11.708s][info][gc,marking  ] GC(385) Concurrent Scan Root Regions
[2026-06-17T10:02:15.212+0800][11.709s][info][gc,marking  ] GC(385) Concurrent Scan Root Regions 0.198ms
[2026-06-17T10:02:15.212+0800][11.709s][info][gc,marking  ] GC(385) Concurrent Mark
[2026-06-17T10:02:15.212+0800][11.709s][info][gc,marking  ] GC(385) Concurrent Mark From Roots
[2026-06-17T10:02:15.212+0800][11.709s][info][gc,task     ] GC(385) Using 5 workers of 5 for marking
[2026-06-17T10:02:15.214+0800][11.711s][info][gc,marking  ] GC(385) Concurrent Mark From Roots 1.748ms
[2026-06-17T10:02:15.214+0800][11.711s][info][gc,marking  ] GC(385) Concurrent Preclean
[2026-06-17T10:02:15.214+0800][11.711s][info][gc,marking  ] GC(385) Concurrent Preclean 0.155ms
[2026-06-17T10:02:15.214+0800][11.711s][info][gc,start    ] GC(385) Pause Remark
[2026-06-17T10:02:15.215+0800][11.711s][info][gc          ] GC(385) Pause Remark 49M->49M(64M) 0.460ms
[2026-06-17T10:02:15.215+0800][11.712s][info][gc,cpu      ] GC(385) User=0.00s Sys=0.00s Real=0.00s
[2026-06-17T10:02:15.215+0800][11.712s][info][gc,marking  ] GC(385) Concurrent Mark 3.081ms
[2026-06-17T10:02:15.215+0800][11.712s][info][gc,marking  ] GC(385) Concurrent Rebuild Remembered Sets and Scrub Regions
[2026-06-17T10:02:15.215+0800][11.712s][info][gc,marking  ] GC(385) Concurrent Rebuild Remembered Sets and Scrub Regions 0.408ms
[2026-06-17T10:02:15.215+0800][11.712s][info][gc,start    ] GC(385) Pause Cleanup
[2026-06-17T10:02:15.216+0800][11.713s][info][gc          ] GC(385) Pause Cleanup 49M->49M(64M) 0.178ms
[2026-06-17T10:02:15.216+0800][11.713s][info][gc,cpu      ] GC(385) User=0.00s Sys=0.00s Real=0.00s
[2026-06-17T10:02:15.216+0800][11.713s][info][gc,marking  ] GC(385) Concurrent Clear Claimed Marks
[2026-06-17T10:02:15.216+0800][11.713s][info][gc,marking  ] GC(385) Concurrent Clear Claimed Marks 0.110ms
[2026-06-17T10:02:15.216+0800][11.713s][info][gc,marking  ] GC(385) Concurrent Cleanup for Next Mark
[2026-06-17T10:02:15.216+0800][11.713s][info][gc,marking  ] GC(385) Concurrent Cleanup for Next Mark 0.165ms
[2026-06-17T10:02:15.216+0800][11.713s][info][gc          ] GC(385) Concurrent Mark Cycle 5.056ms
[2026-06-17T10:02:15.232+0800][11.729s][info][gc,start    ] GC(386) Pause Young (Prepare Mixed) (G1 Evacuation Pause)
[2026-06-17T10:02:15.233+0800][11.730s][info][gc,task     ] GC(386) Using 2 workers of 18 for evacuation
[2026-06-17T10:02:15.234+0800][11.730s][info][gc,phases   ] GC(386)   Pre Evacuate Collection Set: 0.13ms
[2026-06-17T10:02:15.234+0800][11.731s][info][gc,phases   ] GC(386)   Merge Heap Roots: 0.07ms
[2026-06-17T10:02:15.234+0800][11.731s][info][gc,phases   ] GC(386)   Evacuate Collection Set: 0.29ms
[2026-06-17T10:02:15.234+0800][11.731s][info][gc,phases   ] GC(386)   Post Evacuate Collection Set: 0.20ms
[2026-06-17T10:02:15.234+0800][11.731s][info][gc,phases   ] GC(386)   Other: 0.22ms
[2026-06-17T10:02:15.234+0800][11.731s][info][gc,heap     ] GC(386) Eden regions: 8->0(6)
[2026-06-17T10:02:15.234+0800][11.731s][info][gc,heap     ] GC(386) Survivor regions: 2->2(2)
[2026-06-17T10:02:15.235+0800][11.731s][info][gc,heap     ] GC(386) Old regions: 29->31
[2026-06-17T10:02:15.235+0800][11.732s][info][gc,heap     ] GC(386) Humongous regions: 16->16
[2026-06-17T10:02:15.235+0800][11.732s][info][gc,metaspace] GC(386) Metaspace: 112K(320K)->112K(320K) NonClass: 105K(192K)->105K(192K) Class: 7K(128K)->7K(128K)
[2026-06-17T10:02:15.235+0800][11.732s][info][gc          ] GC(386) Pause Young (Prepare Mixed) (G1 Evacuation Pause) 54M->48M(64M) 2.469ms
[2026-06-17T10:02:15.235+0800][11.732s][info][gc,cpu      ] GC(386) User=0.00s Sys=0.00s Real=0.00s
[2026-06-17T10:02:15.246+0800][11.742s][info][gc,start    ] GC(387) Pause Young (Mixed) (G1 Evacuation Pause)
[2026-06-17T10:02:15.246+0800][11.743s][info][gc,task     ] GC(387) Using 2 workers of 18 for evacuation
[2026-06-17T10:02:15.247+0800][11.744s][info][gc,phases   ] GC(387)   Pre Evacuate Collection Set: 0.11ms
[2026-06-17T10:02:15.247+0800][11.744s][info][gc,phases   ] GC(387)   Merge Heap Roots: 0.04ms
[2026-06-17T10:02:15.247+0800][11.744s][info][gc,phases   ] GC(387)   Evacuate Collection Set: 0.28ms
[2026-06-17T10:02:15.247+0800][11.744s][info][gc,phases   ] GC(387)   Post Evacuate Collection Set: 0.18ms
[2026-06-17T10:02:15.247+0800][11.744s][info][gc,phases   ] GC(387)   Other: 0.25ms
[2026-06-17T10:02:15.247+0800][11.744s][info][gc,heap     ] GC(387) Eden regions: 6->0(11)
[2026-06-17T10:02:15.247+0800][11.744s][info][gc,heap     ] GC(387) Survivor regions: 2->1(1)
[2026-06-17T10:02:15.247+0800][11.744s][info][gc,heap     ] GC(387) Old regions: 31->27
[2026-06-17T10:02:15.248+0800][11.744s][info][gc,heap     ] GC(387) Humongous regions: 16->16
[2026-06-17T10:02:15.248+0800][11.745s][info][gc,metaspace] GC(387) Metaspace: 112K(320K)->112K(320K) NonClass: 105K(192K)->105K(192K) Class: 7K(128K)->7K(128K)
[2026-06-17T10:02:15.248+0800][11.745s][info][gc          ] GC(387) Pause Young (Mixed) (G1 Evacuation Pause) 54M->43M(64M) 2.181ms
[2026-06-17T10:02:15.248+0800][11.745s][info][gc,cpu      ] GC(387) User=0.00s Sys=0.00s Real=0.00s
[2026-06-17T10:02:15.280+0800][11.776s][info][gc,start    ] GC(388) Pause Young (Mixed) (G1 Evacuation Pause)
[2026-06-17T10:02:15.281+0800][11.778s][info][gc,task     ] GC(388) Using 2 workers of 18 for evacuation
[2026-06-17T10:02:15.282+0800][11.779s][info][gc,phases   ] GC(388)   Pre Evacuate Collection Set: 0.23ms
[2026-06-17T10:02:15.283+0800][11.780s][info][gc,phases   ] GC(388)   Merge Heap Roots: 0.05ms
[2026-06-17T10:02:15.284+0800][11.780s][info][gc,phases   ] GC(388)   Evacuate Collection Set: 0.38ms
[2026-06-17T10:02:15.284+0800][11.781s][info][gc,phases   ] GC(388)   Post Evacuate Collection Set: 0.40ms
[2026-06-17T10:02:15.284+0800][11.781s][info][gc,phases   ] GC(388)   Other: 0.40ms
[2026-06-17T10:02:15.284+0800][11.781s][info][gc,heap     ] GC(388) Eden regions: 11->0(8)
[2026-06-17T10:02:15.285+0800][11.782s][info][gc,heap     ] GC(388) Survivor regions: 1->2(2)
[2026-06-17T10:02:15.285+0800][11.782s][info][gc,heap     ] GC(388) Old regions: 27->29
[2026-06-17T10:02:15.285+0800][11.782s][info][gc,heap     ] GC(388) Humongous regions: 16->16
[2026-06-17T10:02:15.285+0800][11.782s][info][gc,metaspace] GC(388) Metaspace: 112K(320K)->112K(320K) NonClass: 105K(192K)->105K(192K) Class: 7K(128K)->7K(128K)
[2026-06-17T10:02:15.285+0800][11.782s][info][gc          ] GC(388) Pause Young (Mixed) (G1 Evacuation Pause) 54M->46M(64M) 5.780ms
[2026-06-17T10:02:15.285+0800][11.782s][info][gc,cpu      ] GC(388) User=0.00s Sys=0.00s Real=0.01s
[2026-06-17T10:02:15.307+0800][11.804s][info][gc,start    ] GC(389) Pause Young (Normal) (G1 Evacuation Pause)
[2026-06-17T10:02:15.308+0800][11.805s][info][gc,task     ] GC(389) Using 2 workers of 18 for evacuation
[2026-06-17T10:02:15.309+0800][11.806s][info][gc,phases   ] GC(389)   Pre Evacuate Collection Set: 0.16ms
[2026-06-17T10:02:15.309+0800][11.806s][info][gc,phases   ] GC(389)   Merge Heap Roots: 0.05ms
[2026-06-17T10:02:15.310+0800][11.807s][info][gc,phases   ] GC(389)   Evacuate Collection Set: 0.31ms
[2026-06-17T10:02:15.311+0800][11.807s][info][gc,phases   ] GC(389)   Post Evacuate Collection Set: 0.29ms
[2026-06-17T10:02:15.311+0800][11.808s][info][gc,phases   ] GC(389)   Other: 0.35ms
[2026-06-17T10:02:15.311+0800][11.808s][info][gc,heap     ] GC(389) Eden regions: 8->0(8)
[2026-06-17T10:02:15.312+0800][11.809s][info][gc,heap     ] GC(389) Survivor regions: 2->2(2)
[2026-06-17T10:02:15.312+0800][11.809s][info][gc,heap     ] GC(389) Old regions: 29->30
[2026-06-17T10:02:15.312+0800][11.809s][info][gc,heap     ] GC(389) Humongous regions: 16->16
[2026-06-17T10:02:15.312+0800][11.809s][info][gc,metaspace] GC(389) Metaspace: 112K(320K)->112K(320K) NonClass: 105K(192K)->105K(192K) Class: 7K(128K)->7K(128K)
[2026-06-17T10:02:15.312+0800][11.809s][info][gc          ] GC(389) Pause Young (Normal) (G1 Evacuation Pause) 54M->47M(64M) 4.743ms
[2026-06-17T10:02:15.312+0800][11.809s][info][gc,cpu      ] GC(389) User=0.00s Sys=0.00s Real=0.01s
[2026-06-17T10:02:15.333+0800][11.830s][info][gc,start    ] GC(390) Pause Young (Concurrent Start) (G1 Evacuation Pause)
[2026-06-17T10:02:15.335+0800][11.831s][info][gc,task     ] GC(390) Using 2 workers of 18 for evacuation
[2026-06-17T10:02:15.336+0800][11.833s][info][gc,phases   ] GC(390)   Pre Evacuate Collection Set: 0.17ms
[2026-06-17T10:02:15.338+0800][11.835s][info][gc,phases   ] GC(390)   Merge Heap Roots: 0.03ms
[2026-06-17T10:02:15.340+0800][11.837s][info][gc,phases   ] GC(390)   Evacuate Collection Set: 0.37ms
[2026-06-17T10:02:15.341+0800][11.837s][info][gc,phases   ] GC(390)   Post Evacuate Collection Set: 0.35ms
[2026-06-17T10:02:15.341+0800][11.838s][info][gc,phases   ] GC(390)   Other: 0.44ms
[2026-06-17T10:02:15.343+0800][11.840s][info][gc,heap     ] GC(390) Eden regions: 8->0(5)
[2026-06-17T10:02:15.345+0800][11.842s][info][gc,heap     ] GC(390) Survivor regions: 2->2(2)
[2026-06-17T10:02:15.347+0800][11.843s][info][gc,heap     ] GC(390) Old regions: 30->33
[2026-06-17T10:02:15.347+0800][11.844s][info][gc,heap     ] GC(390) Humongous regions: 16->16
[2026-06-17T10:02:15.347+0800][11.844s][info][gc,metaspace] GC(390) Metaspace: 112K(320K)->112K(320K) NonClass: 105K(192K)->105K(192K) Class: 7K(128K)->7K(128K)
[2026-06-17T10:02:15.347+0800][11.844s][info][gc          ] GC(390) Pause Young (Concurrent Start) (G1 Evacuation Pause) 55M->50M(64M) 13.956ms
[2026-06-17T10:02:15.347+0800][11.844s][info][gc,cpu      ] GC(390) User=0.00s Sys=0.00s Real=0.01s
[2026-06-17T10:02:15.347+0800][11.844s][info][gc          ] GC(391) Concurrent Mark Cycle
[2026-06-17T10:02:15.350+0800][11.846s][info][gc,marking  ] GC(391) Concurrent Scan Root Regions
[2026-06-17T10:02:15.352+0800][11.849s][info][gc,marking  ] GC(391) Concurrent Scan Root Regions 2.121ms
[2026-06-17T10:02:15.356+0800][11.853s][info][gc,marking  ] GC(391) Concurrent Mark
[2026-06-17T10:02:15.358+0800][11.855s][info][gc,marking  ] GC(391) Concurrent Mark From Roots
[2026-06-17T10:02:15.360+0800][11.857s][info][gc,task     ] GC(391) Using 5 workers of 5 for marking
[2026-06-17T10:02:15.358+0800][11.855s][info][gc,start    ] GC(392) Pause Young (Normal) (G1 Evacuation Pause)
[2026-06-17T10:02:15.362+0800][11.859s][info][gc,task     ] GC(392) Using 2 workers of 18 for evacuation
[2026-06-17T10:02:15.363+0800][11.860s][info][gc,phases   ] GC(392)   Pre Evacuate Collection Set: 0.16ms
[2026-06-17T10:02:15.363+0800][11.860s][info][gc,phases   ] GC(392)   Merge Heap Roots: 0.04ms
[2026-06-17T10:02:15.364+0800][11.860s][info][gc,phases   ] GC(392)   Evacuate Collection Set: 0.30ms
[2026-06-17T10:02:15.364+0800][11.860s][info][gc,phases   ] GC(392)   Post Evacuate Collection Set: 0.15ms
[2026-06-17T10:02:15.364+0800][11.861s][info][gc,phases   ] GC(392)   Other: 0.20ms
[2026-06-17T10:02:15.364+0800][11.861s][info][gc,heap     ] GC(392) Eden regions: 5->0(9)
[2026-06-17T10:02:15.364+0800][11.861s][info][gc,heap     ] GC(392) Survivor regions: 2->1(1)
[2026-06-17T10:02:15.365+0800][11.861s][info][gc,heap     ] GC(392) Old regions: 33->36
[2026-06-17T10:02:15.365+0800][11.862s][info][gc,heap     ] GC(392) Humongous regions: 17->9
[2026-06-17T10:02:15.365+0800][11.862s][info][gc,metaspace] GC(392) Metaspace: 112K(320K)->112K(320K) NonClass: 105K(192K)->105K(192K) Class: 7K(128K)->7K(128K)
[2026-06-17T10:02:15.365+0800][11.862s][info][gc          ] GC(392) Pause Young (Normal) (G1 Evacuation Pause) 56M->45M(64M) 6.627ms
[2026-06-17T10:02:15.365+0800][11.862s][info][gc,cpu      ] GC(392) User=0.00s Sys=0.00s Real=0.01s
[2026-06-17T10:02:15.367+0800][11.863s][info][gc,marking  ] GC(391) Concurrent Mark From Roots 8.764ms
[2026-06-17T10:02:15.367+0800][11.864s][info][gc,marking  ] GC(391) Concurrent Preclean
[2026-06-17T10:02:15.367+0800][11.864s][info][gc,marking  ] GC(391) Concurrent Preclean 0.119ms
[2026-06-17T10:02:15.367+0800][11.864s][info][gc,start    ] GC(391) Pause Remark
[2026-06-17T10:02:15.368+0800][11.864s][info][gc          ] GC(391) Pause Remark 46M->39M(64M) 0.528ms
[2026-06-17T10:02:15.368+0800][11.865s][info][gc,cpu      ] GC(391) User=0.00s Sys=0.00s Real=0.00s
[2026-06-17T10:02:15.368+0800][11.865s][info][gc,marking  ] GC(391) Concurrent Mark 12.123ms
[2026-06-17T10:02:15.368+0800][11.865s][info][gc,marking  ] GC(391) Concurrent Rebuild Remembered Sets and Scrub Regions
[2026-06-17T10:02:15.368+0800][11.865s][info][gc,marking  ] GC(391) Concurrent Rebuild Remembered Sets and Scrub Regions 0.421ms
[2026-06-17T10:02:15.368+0800][11.865s][info][gc,start    ] GC(391) Pause Cleanup
[2026-06-17T10:02:15.369+0800][11.866s][info][gc          ] GC(391) Pause Cleanup 39M->39M(64M) 0.181ms
[2026-06-17T10:02:15.369+0800][11.866s][info][gc,cpu      ] GC(391) User=0.00s Sys=0.00s Real=0.00s
[2026-06-17T10:02:15.369+0800][11.866s][info][gc,marking  ] GC(391) Concurrent Clear Claimed Marks
[2026-06-17T10:02:15.369+0800][11.866s][info][gc,marking  ] GC(391) Concurrent Clear Claimed Marks 0.076ms
[2026-06-17T10:02:15.369+0800][11.866s][info][gc,marking  ] GC(391) Concurrent Cleanup for Next Mark
[2026-06-17T10:02:15.369+0800][11.866s][info][gc,marking  ] GC(391) Concurrent Cleanup for Next Mark 0.148ms
[2026-06-17T10:02:15.369+0800][11.866s][info][gc          ] GC(391) Concurrent Mark Cycle 21.748ms
[2026-06-17T10:02:15.386+0800][11.883s][info][gc,start    ] GC(393) Pause Young (Prepare Mixed) (G1 Evacuation Pause)
[2026-06-17T10:02:15.387+0800][11.884s][info][gc,task     ] GC(393) Using 2 workers of 18 for evacuation
[2026-06-17T10:02:15.388+0800][11.885s][info][gc,phases   ] GC(393)   Pre Evacuate Collection Set: 0.11ms
[2026-06-17T10:02:15.389+0800][11.886s][info][gc,phases   ] GC(393)   Merge Heap Roots: 0.05ms
[2026-06-17T10:02:15.389+0800][11.886s][info][gc,phases   ] GC(393)   Evacuate Collection Set: 0.32ms
[2026-06-17T10:02:15.389+0800][11.886s][info][gc,phases   ] GC(393)   Post Evacuate Collection Set: 0.36ms
[2026-06-17T10:02:15.389+0800][11.886s][info][gc,phases   ] GC(393)   Other: 0.53ms
[2026-06-17T10:02:15.389+0800][11.886s][info][gc,heap     ] GC(393) Eden regions: 9->0(10)
[2026-06-17T10:02:15.390+0800][11.886s][info][gc,heap     ] GC(393) Survivor regions: 1->2(2)
[2026-06-17T10:02:15.390+0800][11.887s][info][gc,heap     ] GC(393) Old regions: 29->32
[2026-06-17T10:02:15.390+0800][11.887s][info][gc,heap     ] GC(393) Humongous regions: 9->9
[2026-06-17T10:02:15.390+0800][11.887s][info][gc,metaspace] GC(393) Metaspace: 112K(320K)->112K(320K) NonClass: 105K(192K)->105K(192K) Class: 7K(128K)->7K(128K)
[2026-06-17T10:02:15.391+0800][11.887s][info][gc          ] GC(393) Pause Young (Prepare Mixed) (G1 Evacuation Pause) 47M->42M(64M) 4.164ms
[2026-06-17T10:02:15.391+0800][11.888s][info][gc,cpu      ] GC(393) User=0.00s Sys=0.00s Real=0.01s
[2026-06-17T10:02:15.422+0800][11.919s][info][gc,start    ] GC(394) Pause Young (Mixed) (G1 Evacuation Pause)
[2026-06-17T10:02:15.423+0800][11.920s][info][gc,task     ] GC(394) Using 2 workers of 18 for evacuation
[2026-06-17T10:02:15.424+0800][11.921s][info][gc,phases   ] GC(394)   Pre Evacuate Collection Set: 0.27ms
[2026-06-17T10:02:15.425+0800][11.922s][info][gc,phases   ] GC(394)   Merge Heap Roots: 0.07ms
[2026-06-17T10:02:15.425+0800][11.922s][info][gc,phases   ] GC(394)   Evacuate Collection Set: 0.45ms
[2026-06-17T10:02:15.425+0800][11.922s][info][gc,phases   ] GC(394)   Post Evacuate Collection Set: 0.31ms
[2026-06-17T10:02:15.426+0800][11.922s][info][gc,phases   ] GC(394)   Other: 0.43ms
[2026-06-17T10:02:15.426+0800][11.923s][info][gc,heap     ] GC(394) Eden regions: 10->0(13)
[2026-06-17T10:02:15.426+0800][11.923s][info][gc,heap     ] GC(394) Survivor regions: 2->2(2)
[2026-06-17T10:02:15.426+0800][11.923s][info][gc,heap     ] GC(394) Old regions: 32->30
[2026-06-17T10:02:15.426+0800][11.923s][info][gc,heap     ] GC(394) Humongous regions: 9->9
[2026-06-17T10:02:15.427+0800][11.923s][info][gc,metaspace] GC(394) Metaspace: 112K(320K)->112K(320K) NonClass: 105K(192K)->105K(192K) Class: 7K(128K)->7K(128K)
[2026-06-17T10:02:15.427+0800][11.924s][info][gc          ] GC(394) Pause Young (Mixed) (G1 Evacuation Pause) 52M->40M(64M) 4.232ms
[2026-06-17T10:02:15.427+0800][11.924s][info][gc,cpu      ] GC(394) User=0.00s Sys=0.00s Real=0.00s
[2026-06-17T10:02:15.459+0800][11.955s][info][gc,start    ] GC(395) Pause Young (Mixed) (G1 Evacuation Pause)
[2026-06-17T10:02:15.459+0800][11.956s][info][gc,task     ] GC(395) Using 2 workers of 18 for evacuation
[2026-06-17T10:02:15.460+0800][11.957s][info][gc,phases   ] GC(395)   Pre Evacuate Collection Set: 0.19ms
[2026-06-17T10:02:15.461+0800][11.957s][info][gc,phases   ] GC(395)   Merge Heap Roots: 0.06ms
[2026-06-17T10:02:15.461+0800][11.958s][info][gc,phases   ] GC(395)   Evacuate Collection Set: 0.52ms
[2026-06-17T10:02:15.462+0800][11.959s][info][gc,phases   ] GC(395)   Post Evacuate Collection Set: 0.27ms
[2026-06-17T10:02:15.462+0800][11.959s][info][gc,phases   ] GC(395)   Other: 0.29ms
[2026-06-17T10:02:15.462+0800][11.959s][info][gc,heap     ] GC(395) Eden regions: 13->0(10)
[2026-06-17T10:02:15.463+0800][11.960s][info][gc,heap     ] GC(395) Survivor regions: 2->2(2)
[2026-06-17T10:02:15.464+0800][11.960s][info][gc,heap     ] GC(395) Old regions: 30->33
[2026-06-17T10:02:15.464+0800][11.961s][info][gc,heap     ] GC(395) Humongous regions: 9->9
[2026-06-17T10:02:15.464+0800][11.961s][info][gc,metaspace] GC(395) Metaspace: 112K(320K)->112K(320K) NonClass: 105K(192K)->105K(192K) Class: 7K(128K)->7K(128K)
[2026-06-17T10:02:15.464+0800][11.961s][info][gc          ] GC(395) Pause Young (Mixed) (G1 Evacuation Pause) 53M->43M(64M) 5.472ms
[2026-06-17T10:02:15.464+0800][11.961s][info][gc,cpu      ] GC(395) User=0.00s Sys=0.00s Real=0.01s
[2026-06-17T10:02:15.485+0800][11.982s][info][gc,start    ] GC(396) Pause Young (Concurrent Start) (G1 Evacuation Pause)
[2026-06-17T10:02:15.487+0800][11.984s][info][gc,task     ] GC(396) Using 2 workers of 18 for evacuation
[2026-06-17T10:02:15.489+0800][11.986s][info][gc,phases   ] GC(396)   Pre Evacuate Collection Set: 0.19ms
[2026-06-17T10:02:15.489+0800][11.986s][info][gc,phases   ] GC(396)   Merge Heap Roots: 0.13ms
[2026-06-17T10:02:15.490+0800][11.987s][info][gc,phases   ] GC(396)   Evacuate Collection Set: 0.25ms
[2026-06-17T10:02:15.490+0800][11.987s][info][gc,phases   ] GC(396)   Post Evacuate Collection Set: 0.33ms
[2026-06-17T10:02:15.490+0800][11.987s][info][gc,phases   ] GC(396)   Other: 1.41ms
[2026-06-17T10:02:15.490+0800][11.987s][info][gc,heap     ] GC(396) Eden regions: 10->0(11)
[2026-06-17T10:02:15.490+0800][11.987s][info][gc,heap     ] GC(396) Survivor regions: 2->1(2)
[2026-06-17T10:02:15.490+0800][11.987s][info][gc,heap     ] GC(396) Old regions: 33->35
[2026-06-17T10:02:15.490+0800][11.987s][info][gc,heap     ] GC(396) Humongous regions: 9->9
[2026-06-17T10:02:15.491+0800][11.987s][info][gc,metaspace] GC(396) Metaspace: 112K(320K)->112K(320K) NonClass: 105K(192K)->105K(192K) Class: 7K(128K)->7K(128K)
[2026-06-17T10:02:15.491+0800][11.988s][info][gc          ] GC(396) Pause Young (Concurrent Start) (G1 Evacuation Pause) 53M->43M(64M) 5.283ms
[2026-06-17T10:02:15.491+0800][11.988s][info][gc,cpu      ] GC(396) User=0.00s Sys=0.00s Real=0.01s
[2026-06-17T10:02:15.491+0800][11.988s][info][gc          ] GC(397) Concurrent Mark Cycle
[2026-06-17T10:02:15.491+0800][11.988s][info][gc,marking  ] GC(397) Concurrent Scan Root Regions
[2026-06-17T10:02:15.492+0800][11.988s][info][gc,marking  ] GC(397) Concurrent Scan Root Regions 0.440ms
[2026-06-17T10:02:15.492+0800][11.989s][info][gc,marking  ] GC(397) Concurrent Mark
[2026-06-17T10:02:15.492+0800][11.989s][info][gc,marking  ] GC(397) Concurrent Mark From Roots
[2026-06-17T10:02:15.492+0800][11.989s][info][gc,task     ] GC(397) Using 5 workers of 5 for marking
[2026-06-17T10:02:15.493+0800][11.990s][info][gc,marking  ] GC(397) Concurrent Mark From Roots 1.577ms
[2026-06-17T10:02:15.493+0800][11.990s][info][gc,marking  ] GC(397) Concurrent Preclean
[2026-06-17T10:02:15.494+0800][11.991s][info][gc,marking  ] GC(397) Concurrent Preclean 0.201ms
[2026-06-17T10:02:15.494+0800][11.991s][info][gc,start    ] GC(397) Pause Remark
[2026-06-17T10:02:15.494+0800][11.991s][info][gc          ] GC(397) Pause Remark 45M->38M(64M) 0.405ms
[2026-06-17T10:02:15.494+0800][11.991s][info][gc,cpu      ] GC(397) User=0.00s Sys=0.00s Real=0.00s
[2026-06-17T10:02:15.495+0800][11.991s][info][gc,marking  ] GC(397) Concurrent Mark 2.806ms
[2026-06-17T10:02:15.495+0800][11.991s][info][gc,marking  ] GC(397) Concurrent Rebuild Remembered Sets and Scrub Regions
[2026-06-17T10:02:15.495+0800][11.992s][info][gc,marking  ] GC(397) Concurrent Rebuild Remembered Sets and Scrub Regions 0.391ms
[2026-06-17T10:02:15.495+0800][11.992s][info][gc,start    ] GC(397) Pause Cleanup
[2026-06-17T10:02:15.495+0800][11.992s][info][gc          ] GC(397) Pause Cleanup 38M->38M(64M) 0.213ms
[2026-06-17T10:02:15.495+0800][11.992s][info][gc,cpu      ] GC(397) User=0.00s Sys=0.00s Real=0.00s
[2026-06-17T10:02:15.495+0800][11.992s][info][gc,marking  ] GC(397) Concurrent Clear Claimed Marks
[2026-06-17T10:02:15.496+0800][11.992s][info][gc,marking  ] GC(397) Concurrent Clear Claimed Marks 0.070ms
[2026-06-17T10:02:15.496+0800][11.993s][info][gc,marking  ] GC(397) Concurrent Cleanup for Next Mark
[2026-06-17T10:02:15.496+0800][11.993s][info][gc,marking  ] GC(397) Concurrent Cleanup for Next Mark 0.153ms
[2026-06-17T10:02:15.496+0800][11.993s][info][gc          ] GC(397) Concurrent Mark Cycle 4.976ms
[2026-06-17T10:02:15.522+0800][12.019s][info][gc,start    ] GC(398) Pause Young (Prepare Mixed) (G1 Evacuation Pause)
[2026-06-17T10:02:15.523+0800][12.019s][info][gc,task     ] GC(398) Using 2 workers of 18 for evacuation
[2026-06-17T10:02:15.524+0800][12.021s][info][gc,phases   ] GC(398)   Pre Evacuate Collection Set: 0.36ms
[2026-06-17T10:02:15.526+0800][12.023s][info][gc,phases   ] GC(398)   Merge Heap Roots: 0.24ms
[2026-06-17T10:02:15.528+0800][12.025s][info][gc,phases   ] GC(398)   Evacuate Collection Set: 0.47ms
[2026-06-17T10:02:15.529+0800][12.026s][info][gc,phases   ] GC(398)   Post Evacuate Collection Set: 0.18ms
[2026-06-17T10:02:15.529+0800][12.026s][info][gc,phases   ] GC(398)   Other: 0.27ms
[2026-06-17T10:02:15.531+0800][12.028s][info][gc,heap     ] GC(398) Eden regions: 11->0(11)
[2026-06-17T10:02:15.533+0800][12.030s][info][gc,heap     ] GC(398) Survivor regions: 1->2(2)
[2026-06-17T10:02:15.535+0800][12.032s][info][gc,heap     ] GC(398) Old regions: 28->31
[2026-06-17T10:02:15.537+0800][12.034s][info][gc,heap     ] GC(398) Humongous regions: 9->9
[2026-06-17T10:02:15.538+0800][12.034s][info][gc,metaspace] GC(398) Metaspace: 112K(320K)->112K(320K) NonClass: 105K(192K)->105K(192K) Class: 7K(128K)->7K(128K)
[2026-06-17T10:02:15.538+0800][12.035s][info][gc          ] GC(398) Pause Young (Prepare Mixed) (G1 Evacuation Pause) 47M->41M(64M) 15.906ms
[2026-06-17T10:02:15.539+0800][12.035s][info][gc,cpu      ] GC(398) User=0.00s Sys=0.00s Real=0.02s
[2026-06-17T10:02:15.570+0800][12.067s][info][gc,start    ] GC(399) Pause Young (Mixed) (G1 Evacuation Pause)
[2026-06-17T10:02:15.570+0800][12.067s][info][gc,task     ] GC(399) Using 2 workers of 18 for evacuation
[2026-06-17T10:02:15.572+0800][12.069s][info][gc,phases   ] GC(399)   Pre Evacuate Collection Set: 0.14ms
[2026-06-17T10:02:15.572+0800][12.069s][info][gc,phases   ] GC(399)   Merge Heap Roots: 0.05ms
[2026-06-17T10:02:15.572+0800][12.069s][info][gc,phases   ] GC(399)   Evacuate Collection Set: 0.52ms
[2026-06-17T10:02:15.572+0800][12.069s][info][gc,phases   ] GC(399)   Post Evacuate Collection Set: 0.21ms
[2026-06-17T10:02:15.573+0800][12.069s][info][gc,phases   ] GC(399)   Other: 0.35ms
[2026-06-17T10:02:15.573+0800][12.069s][info][gc,heap     ] GC(399) Eden regions: 11->0(12)
[2026-06-17T10:02:15.573+0800][12.070s][info][gc,heap     ] GC(399) Survivor regions: 2->2(2)
[2026-06-17T10:02:15.573+0800][12.070s][info][gc,heap     ] GC(399) Old regions: 31->29
[2026-06-17T10:02:15.573+0800][12.070s][info][gc,heap     ] GC(399) Humongous regions: 9->9
[2026-06-17T10:02:15.573+0800][12.070s][info][gc,metaspace] GC(399) Metaspace: 112K(320K)->112K(320K) NonClass: 105K(192K)->105K(192K) Class: 7K(128K)->7K(128K)
[2026-06-17T10:02:15.573+0800][12.070s][info][gc          ] GC(399) Pause Young (Mixed) (G1 Evacuation Pause) 52M->39M(64M) 3.397ms
[2026-06-17T10:02:15.574+0800][12.070s][info][gc,cpu      ] GC(399) User=0.00s Sys=0.00s Real=0.01s
[2026-06-17T10:02:15.606+0800][12.102s][info][gc,start    ] GC(400) Pause Young (Mixed) (G1 Evacuation Pause)
[2026-06-17T10:02:15.606+0800][12.103s][info][gc,task     ] GC(400) Using 2 workers of 18 for evacuation
[2026-06-17T10:02:15.609+0800][12.106s][info][gc,phases   ] GC(400)   Pre Evacuate Collection Set: 0.34ms
[2026-06-17T10:02:15.609+0800][12.106s][info][gc,phases   ] GC(400)   Merge Heap Roots: 0.05ms
[2026-06-17T10:02:15.610+0800][12.106s][info][gc,phases   ] GC(400)   Evacuate Collection Set: 0.72ms
[2026-06-17T10:02:15.610+0800][12.107s][info][gc,phases   ] GC(400)   Post Evacuate Collection Set: 0.25ms
[2026-06-17T10:02:15.610+0800][12.107s][info][gc,phases   ] GC(400)   Other: 1.48ms
[2026-06-17T10:02:15.610+0800][12.107s][info][gc,heap     ] GC(400) Eden regions: 12->0(11)
[2026-06-17T10:02:15.611+0800][12.107s][info][gc,heap     ] GC(400) Survivor regions: 2->2(2)
[2026-06-17T10:02:15.611+0800][12.108s][info][gc,heap     ] GC(400) Old regions: 29->29
[2026-06-17T10:02:15.611+0800][12.108s][info][gc,heap     ] GC(400) Humongous regions: 11->11
[2026-06-17T10:02:15.611+0800][12.108s][info][gc,metaspace] GC(400) Metaspace: 112K(320K)->112K(320K) NonClass: 105K(192K)->105K(192K) Class: 7K(128K)->7K(128K)
[2026-06-17T10:02:15.611+0800][12.108s][info][gc          ] GC(400) Pause Young (Mixed) (G1 Evacuation Pause) 53M->41M(64M) 5.487ms
[2026-06-17T10:02:15.611+0800][12.108s][info][gc,cpu      ] GC(400) User=0.00s Sys=0.00s Real=0.01s
[2026-06-17T10:02:15.643+0800][12.140s][info][gc,start    ] GC(401) Pause Young (Normal) (G1 Evacuation Pause)
[2026-06-17T10:02:15.644+0800][12.140s][info][gc,task     ] GC(401) Using 2 workers of 18 for evacuation
[2026-06-17T10:02:15.645+0800][12.142s][info][gc,phases   ] GC(401)   Pre Evacuate Collection Set: 0.14ms
[2026-06-17T10:02:15.645+0800][12.142s][info][gc,phases   ] GC(401)   Merge Heap Roots: 0.06ms
[2026-06-17T10:02:15.645+0800][12.142s][info][gc,phases   ] GC(401)   Evacuate Collection Set: 0.30ms
[2026-06-17T10:02:15.645+0800][12.142s][info][gc,phases   ] GC(401)   Post Evacuate Collection Set: 0.37ms
[2026-06-17T10:02:15.646+0800][12.142s][info][gc,phases   ] GC(401)   Other: 0.49ms
[2026-06-17T10:02:15.646+0800][12.142s][info][gc,heap     ] GC(401) Eden regions: 11->0(10)
[2026-06-17T10:02:15.646+0800][12.143s][info][gc,heap     ] GC(401) Survivor regions: 2->2(2)
[2026-06-17T10:02:15.646+0800][12.143s][info][gc,heap     ] GC(401) Old regions: 29->31
[2026-06-17T10:02:15.646+0800][12.143s][info][gc,heap     ] GC(401) Humongous regions: 11->11
[2026-06-17T10:02:15.646+0800][12.143s][info][gc,metaspace] GC(401) Metaspace: 112K(320K)->112K(320K) NonClass: 105K(192K)->105K(192K) Class: 7K(128K)->7K(128K)
[2026-06-17T10:02:15.646+0800][12.143s][info][gc          ] GC(401) Pause Young (Normal) (G1 Evacuation Pause) 52M->43M(64M) 3.179ms
[2026-06-17T10:02:15.646+0800][12.143s][info][gc,cpu      ] GC(401) User=0.00s Sys=0.00s Real=0.00s
[2026-06-17T10:02:15.668+0800][12.164s][info][gc,start    ] GC(402) Pause Young (Concurrent Start) (G1 Evacuation Pause)
[2026-06-17T10:02:15.668+0800][12.165s][info][gc,task     ] GC(402) Using 2 workers of 18 for evacuation
[2026-06-17T10:02:15.670+0800][12.167s][info][gc,phases   ] GC(402)   Pre Evacuate Collection Set: 0.51ms
[2026-06-17T10:02:15.670+0800][12.167s][info][gc,phases   ] GC(402)   Merge Heap Roots: 0.07ms
[2026-06-17T10:02:15.670+0800][12.167s][info][gc,phases   ] GC(402)   Evacuate Collection Set: 0.54ms
[2026-06-17T10:02:15.671+0800][12.167s][info][gc,phases   ] GC(402)   Post Evacuate Collection Set: 0.30ms
[2026-06-17T10:02:15.671+0800][12.168s][info][gc,phases   ] GC(402)   Other: 0.40ms
[2026-06-17T10:02:15.671+0800][12.168s][info][gc,heap     ] GC(402) Eden regions: 10->0(7)
[2026-06-17T10:02:15.671+0800][12.168s][info][gc,heap     ] GC(402) Survivor regions: 2->2(2)
[2026-06-17T10:02:15.671+0800][12.168s][info][gc,heap     ] GC(402) Old regions: 31->35
[2026-06-17T10:02:15.671+0800][12.168s][info][gc,heap     ] GC(402) Humongous regions: 11->11
[2026-06-17T10:02:15.671+0800][12.168s][info][gc,metaspace] GC(402) Metaspace: 112K(320K)->112K(320K) NonClass: 105K(192K)->105K(192K) Class: 7K(128K)->7K(128K)
[2026-06-17T10:02:15.672+0800][12.168s][info][gc          ] GC(402) Pause Young (Concurrent Start) (G1 Evacuation Pause) 53M->47M(64M) 3.910ms
[2026-06-17T10:02:15.672+0800][12.169s][info][gc,cpu      ] GC(402) User=0.00s Sys=0.00s Real=0.01s
[2026-06-17T10:02:15.672+0800][12.169s][info][gc          ] GC(403) Concurrent Mark Cycle
[2026-06-17T10:02:15.672+0800][12.169s][info][gc,marking  ] GC(403) Concurrent Scan Root Regions
[2026-06-17T10:02:15.672+0800][12.169s][info][gc,marking  ] GC(403) Concurrent Scan Root Regions 0.208ms
[2026-06-17T10:02:15.672+0800][12.169s][info][gc,marking  ] GC(403) Concurrent Mark
[2026-06-17T10:02:15.672+0800][12.169s][info][gc,marking  ] GC(403) Concurrent Mark From Roots
[2026-06-17T10:02:15.672+0800][12.169s][info][gc,task     ] GC(403) Using 5 workers of 5 for marking
[2026-06-17T10:02:15.674+0800][12.171s][info][gc,marking  ] GC(403) Concurrent Mark From Roots 1.580ms
[2026-06-17T10:02:15.674+0800][12.171s][info][gc,marking  ] GC(403) Concurrent Preclean
[2026-06-17T10:02:15.674+0800][12.171s][info][gc,marking  ] GC(403) Concurrent Preclean 0.215ms
[2026-06-17T10:02:15.675+0800][12.171s][info][gc,start    ] GC(403) Pause Remark
[2026-06-17T10:02:15.675+0800][12.172s][info][gc          ] GC(403) Pause Remark 48M->38M(64M) 0.579ms
[2026-06-17T10:02:15.675+0800][12.172s][info][gc,cpu      ] GC(403) User=0.00s Sys=0.00s Real=0.00s
[2026-06-17T10:02:15.675+0800][12.172s][info][gc,marking  ] GC(403) Concurrent Mark 3.211ms
[2026-06-17T10:02:15.676+0800][12.172s][info][gc,marking  ] GC(403) Concurrent Rebuild Remembered Sets and Scrub Regions
[2026-06-17T10:02:15.676+0800][12.173s][info][gc,marking  ] GC(403) Concurrent Rebuild Remembered Sets and Scrub Regions 0.419ms
[2026-06-17T10:02:15.676+0800][12.173s][info][gc,start    ] GC(403) Pause Cleanup
[2026-06-17T10:02:15.676+0800][12.173s][info][gc          ] GC(403) Pause Cleanup 38M->38M(64M) 0.147ms
[2026-06-17T10:02:15.676+0800][12.173s][info][gc,cpu      ] GC(403) User=0.00s Sys=0.00s Real=0.00s
[2026-06-17T10:02:15.677+0800][12.173s][info][gc,marking  ] GC(403) Concurrent Clear Claimed Marks
[2026-06-17T10:02:15.677+0800][12.173s][info][gc,marking  ] GC(403) Concurrent Clear Claimed Marks 0.069ms
[2026-06-17T10:02:15.677+0800][12.174s][info][gc,marking  ] GC(403) Concurrent Cleanup for Next Mark
[2026-06-17T10:02:15.677+0800][12.174s][info][gc,marking  ] GC(403) Concurrent Cleanup for Next Mark 0.139ms
[2026-06-17T10:02:15.677+0800][12.174s][info][gc          ] GC(403) Concurrent Mark Cycle 5.220ms
[2026-06-17T10:02:15.693+0800][12.189s][info][gc,start    ] GC(404) Pause Young (Prepare Mixed) (G1 Evacuation Pause)
[2026-06-17T10:02:15.694+0800][12.191s][info][gc,task     ] GC(404) Using 2 workers of 18 for evacuation
[2026-06-17T10:02:15.697+0800][12.194s][info][gc,phases   ] GC(404)   Pre Evacuate Collection Set: 0.10ms
[2026-06-17T10:02:15.698+0800][12.195s][info][gc,phases   ] GC(404)   Merge Heap Roots: 0.05ms
[2026-06-17T10:02:15.699+0800][12.195s][info][gc,phases   ] GC(404)   Evacuate Collection Set: 0.30ms
[2026-06-17T10:02:15.699+0800][12.196s][info][gc,phases   ] GC(404)   Post Evacuate Collection Set: 0.17ms
[2026-06-17T10:02:15.701+0800][12.198s][info][gc,phases   ] GC(404)   Other: 2.22ms
[2026-06-17T10:02:15.702+0800][12.199s][info][gc,heap     ] GC(404) Eden regions: 7->0(13)
[2026-06-17T10:02:15.702+0800][12.199s][info][gc,heap     ] GC(404) Survivor regions: 2->2(2)
[2026-06-17T10:02:15.702+0800][12.199s][info][gc,heap     ] GC(404) Old regions: 25->27
[2026-06-17T10:02:15.702+0800][12.199s][info][gc,heap     ] GC(404) Humongous regions: 11->11
[2026-06-17T10:02:15.702+0800][12.199s][info][gc,metaspace] GC(404) Metaspace: 112K(320K)->112K(320K) NonClass: 105K(192K)->105K(192K) Class: 7K(128K)->7K(128K)
[2026-06-17T10:02:15.702+0800][12.199s][info][gc          ] GC(404) Pause Young (Prepare Mixed) (G1 Evacuation Pause) 44M->39M(64M) 9.448ms
[2026-06-17T10:02:15.702+0800][12.199s][info][gc,cpu      ] GC(404) User=0.01s Sys=0.00s Real=0.00s
[2026-06-17T10:02:15.734+0800][12.231s][info][gc,start    ] GC(405) Pause Young (Mixed) (G1 Evacuation Pause)
[2026-06-17T10:02:15.734+0800][12.231s][info][gc,task     ] GC(405) Using 2 workers of 18 for evacuation
[2026-06-17T10:02:15.735+0800][12.232s][info][gc,phases   ] GC(405)   Pre Evacuate Collection Set: 0.18ms
[2026-06-17T10:02:15.736+0800][12.233s][info][gc,phases   ] GC(405)   Merge Heap Roots: 0.08ms
[2026-06-17T10:02:15.736+0800][12.233s][info][gc,phases   ] GC(405)   Evacuate Collection Set: 0.46ms
[2026-06-17T10:02:15.736+0800][12.233s][info][gc,phases   ] GC(405)   Post Evacuate Collection Set: 0.23ms
[2026-06-17T10:02:15.736+0800][12.233s][info][gc,phases   ] GC(405)   Other: 0.26ms
[2026-06-17T10:02:15.736+0800][12.233s][info][gc,heap     ] GC(405) Eden regions: 13->0(14)
[2026-06-17T10:02:15.736+0800][12.233s][info][gc,heap     ] GC(405) Survivor regions: 2->2(2)
[2026-06-17T10:02:15.737+0800][12.233s][info][gc,heap     ] GC(405) Old regions: 27->26
[2026-06-17T10:02:15.737+0800][12.234s][info][gc,heap     ] GC(405) Humongous regions: 11->11
[2026-06-17T10:02:15.737+0800][12.234s][info][gc,metaspace] GC(405) Metaspace: 112K(320K)->112K(320K) NonClass: 105K(192K)->105K(192K) Class: 7K(128K)->7K(128K)
[2026-06-17T10:02:15.737+0800][12.234s][info][gc          ] GC(405) Pause Young (Mixed) (G1 Evacuation Pause) 52M->38M(64M) 3.085ms
[2026-06-17T10:02:15.737+0800][12.234s][info][gc,cpu      ] GC(405) User=0.00s Sys=0.00s Real=0.00s
[2026-06-17T10:02:15.769+0800][12.266s][info][gc,start    ] GC(406) Pause Young (Mixed) (G1 Evacuation Pause)
[2026-06-17T10:02:15.769+0800][12.266s][info][gc,task     ] GC(406) Using 2 workers of 18 for evacuation
[2026-06-17T10:02:15.771+0800][12.268s][info][gc,phases   ] GC(406)   Pre Evacuate Collection Set: 0.14ms
[2026-06-17T10:02:15.771+0800][12.268s][info][gc,phases   ] GC(406)   Merge Heap Roots: 0.05ms
[2026-06-17T10:02:15.771+0800][12.268s][info][gc,phases   ] GC(406)   Evacuate Collection Set: 0.57ms
[2026-06-17T10:02:15.772+0800][12.268s][info][gc,phases   ] GC(406)   Post Evacuate Collection Set: 0.27ms
[2026-06-17T10:02:15.772+0800][12.269s][info][gc,phases   ] GC(406)   Other: 0.27ms
[2026-06-17T10:02:15.772+0800][12.269s][info][gc,heap     ] GC(406) Eden regions: 14->0(11)
[2026-06-17T10:02:15.773+0800][12.270s][info][gc,heap     ] GC(406) Survivor regions: 2->2(2)
[2026-06-17T10:02:15.773+0800][12.270s][info][gc,heap     ] GC(406) Old regions: 26->29
[2026-06-17T10:02:15.773+0800][12.270s][info][gc,heap     ] GC(406) Humongous regions: 11->11
[2026-06-17T10:02:15.773+0800][12.270s][info][gc,metaspace] GC(406) Metaspace: 112K(320K)->112K(320K) NonClass: 105K(192K)->105K(192K) Class: 7K(128K)->7K(128K)
[2026-06-17T10:02:15.773+0800][12.270s][info][gc          ] GC(406) Pause Young (Mixed) (G1 Evacuation Pause) 52M->41M(64M) 4.320ms
[2026-06-17T10:02:15.773+0800][12.270s][info][gc,cpu      ] GC(406) User=0.00s Sys=0.00s Real=0.01s
[2026-06-17T10:02:15.784+0800][12.281s][info][gc,start    ] GC(407) Pause Young (Concurrent Start) (G1 Humongous Allocation)
[2026-06-17T10:02:15.784+0800][12.281s][info][gc,task     ] GC(407) Using 2 workers of 18 for evacuation
[2026-06-17T10:02:15.785+0800][12.282s][info][gc,phases   ] GC(407)   Pre Evacuate Collection Set: 0.12ms
[2026-06-17T10:02:15.785+0800][12.282s][info][gc,phases   ] GC(407)   Merge Heap Roots: 0.03ms
[2026-06-17T10:02:15.785+0800][12.282s][info][gc,phases   ] GC(407)   Evacuate Collection Set: 0.11ms
[2026-06-17T10:02:15.785+0800][12.282s][info][gc,phases   ] GC(407)   Post Evacuate Collection Set: 0.14ms
[2026-06-17T10:02:15.786+0800][12.282s][info][gc,phases   ] GC(407)   Other: 0.29ms
[2026-06-17T10:02:15.786+0800][12.283s][info][gc,heap     ] GC(407) Eden regions: 5->0(14)
[2026-06-17T10:02:15.786+0800][12.283s][info][gc,heap     ] GC(407) Survivor regions: 2->0(2)
[2026-06-17T10:02:15.786+0800][12.283s][info][gc,heap     ] GC(407) Old regions: 29->29
[2026-06-17T10:02:15.786+0800][12.283s][info][gc,heap     ] GC(407) Humongous regions: 11->11
[2026-06-17T10:02:15.786+0800][12.283s][info][gc,metaspace] GC(407) Metaspace: 112K(320K)->112K(320K) NonClass: 105K(192K)->105K(192K) Class: 7K(128K)->7K(128K)
[2026-06-17T10:02:15.786+0800][12.283s][info][gc          ] GC(407) Pause Young (Concurrent Start) (G1 Humongous Allocation) 46M->39M(64M) 2.037ms
[2026-06-17T10:02:15.786+0800][12.283s][info][gc,cpu      ] GC(407) User=0.00s Sys=0.00s Real=0.00s
[2026-06-17T10:02:15.786+0800][12.283s][info][gc          ] GC(408) Concurrent Mark Cycle
[2026-06-17T10:02:15.786+0800][12.283s][info][gc,marking  ] GC(408) Concurrent Scan Root Regions
[2026-06-17T10:02:15.787+0800][12.283s][info][gc,marking  ] GC(408) Concurrent Scan Root Regions 0.226ms
[2026-06-17T10:02:15.787+0800][12.284s][info][gc,marking  ] GC(408) Concurrent Mark
[2026-06-17T10:02:15.787+0800][12.284s][info][gc,marking  ] GC(408) Concurrent Mark From Roots
[2026-06-17T10:02:15.787+0800][12.284s][info][gc,task     ] GC(408) Using 5 workers of 5 for marking
[2026-06-17T10:02:15.788+0800][12.285s][info][gc,marking  ] GC(408) Concurrent Mark From Roots 1.390ms
[2026-06-17T10:02:15.788+0800][12.285s][info][gc,marking  ] GC(408) Concurrent Preclean
[2026-06-17T10:02:15.789+0800][12.285s][info][gc,marking  ] GC(408) Concurrent Preclean 0.148ms
[2026-06-17T10:02:15.789+0800][12.286s][info][gc,start    ] GC(408) Pause Remark
[2026-06-17T10:02:15.790+0800][12.286s][info][gc          ] GC(408) Pause Remark 41M->41M(64M) 0.705ms
[2026-06-17T10:02:15.790+0800][12.287s][info][gc,cpu      ] GC(408) User=0.00s Sys=0.00s Real=0.00s
[2026-06-17T10:02:15.790+0800][12.287s][info][gc,marking  ] GC(408) Concurrent Mark 3.096ms
[2026-06-17T10:02:15.790+0800][12.287s][info][gc,marking  ] GC(408) Concurrent Rebuild Remembered Sets and Scrub Regions
[2026-06-17T10:02:15.790+0800][12.287s][info][gc,marking  ] GC(408) Concurrent Rebuild Remembered Sets and Scrub Regions 0.449ms
[2026-06-17T10:02:15.791+0800][12.287s][info][gc,start    ] GC(408) Pause Cleanup
[2026-06-17T10:02:15.791+0800][12.288s][info][gc          ] GC(408) Pause Cleanup 41M->41M(64M) 0.157ms
[2026-06-17T10:02:15.791+0800][12.288s][info][gc,cpu      ] GC(408) User=0.00s Sys=0.00s Real=0.00s
[2026-06-17T10:02:15.791+0800][12.288s][info][gc,marking  ] GC(408) Concurrent Clear Claimed Marks
[2026-06-17T10:02:15.791+0800][12.288s][info][gc,marking  ] GC(408) Concurrent Clear Claimed Marks 0.082ms
[2026-06-17T10:02:15.791+0800][12.288s][info][gc,marking  ] GC(408) Concurrent Cleanup for Next Mark
[2026-06-17T10:02:15.791+0800][12.288s][info][gc,marking  ] GC(408) Concurrent Cleanup for Next Mark 0.190ms
[2026-06-17T10:02:15.791+0800][12.288s][info][gc          ] GC(408) Concurrent Mark Cycle 5.311ms
[2026-06-17T10:02:15.828+0800][12.325s][info][gc,start    ] GC(409) Pause Young (Prepare Mixed) (G1 Evacuation Pause)
[2026-06-17T10:02:15.828+0800][12.325s][info][gc,task     ] GC(409) Using 2 workers of 18 for evacuation
[2026-06-17T10:02:15.830+0800][12.326s][info][gc,phases   ] GC(409)   Pre Evacuate Collection Set: 0.16ms
[2026-06-17T10:02:15.830+0800][12.327s][info][gc,phases   ] GC(409)   Merge Heap Roots: 0.06ms
[2026-06-17T10:02:15.830+0800][12.327s][info][gc,phases   ] GC(409)   Evacuate Collection Set: 0.32ms
[2026-06-17T10:02:15.830+0800][12.327s][info][gc,phases   ] GC(409)   Post Evacuate Collection Set: 0.26ms
[2026-06-17T10:02:15.831+0800][12.327s][info][gc,phases   ] GC(409)   Other: 0.35ms
[2026-06-17T10:02:15.831+0800][12.328s][info][gc,heap     ] GC(409) Eden regions: 14->0(9)
[2026-06-17T10:02:15.831+0800][12.328s][info][gc,heap     ] GC(409) Survivor regions: 0->2(2)
[2026-06-17T10:02:15.831+0800][12.328s][info][gc,heap     ] GC(409) Old regions: 29->31
[2026-06-17T10:02:15.832+0800][12.329s][info][gc,heap     ] GC(409) Humongous regions: 13->13
[2026-06-17T10:02:15.832+0800][12.329s][info][gc,metaspace] GC(409) Metaspace: 112K(320K)->112K(320K) NonClass: 105K(192K)->105K(192K) Class: 7K(128K)->7K(128K)
[2026-06-17T10:02:15.832+0800][12.329s][info][gc          ] GC(409) Pause Young (Prepare Mixed) (G1 Evacuation Pause) 55M->45M(64M) 4.261ms
[2026-06-17T10:02:15.832+0800][12.329s][info][gc,cpu      ] GC(409) User=0.00s Sys=0.00s Real=0.01s
[2026-06-17T10:02:15.853+0800][12.350s][info][gc,start    ] GC(410) Pause Young (Mixed) (G1 Evacuation Pause)
[2026-06-17T10:02:15.854+0800][12.351s][info][gc,task     ] GC(410) Using 2 workers of 18 for evacuation
[2026-06-17T10:02:15.856+0800][12.352s][info][gc,phases   ] GC(410)   Pre Evacuate Collection Set: 0.18ms
[2026-06-17T10:02:15.856+0800][12.353s][info][gc,phases   ] GC(410)   Merge Heap Roots: 0.07ms
[2026-06-17T10:02:15.856+0800][12.353s][info][gc,phases   ] GC(410)   Evacuate Collection Set: 0.67ms
[2026-06-17T10:02:15.857+0800][12.354s][info][gc,phases   ] GC(410)   Post Evacuate Collection Set: 0.34ms
[2026-06-17T10:02:15.857+0800][12.354s][info][gc,phases   ] GC(410)   Other: 0.40ms
[2026-06-17T10:02:15.857+0800][12.354s][info][gc,heap     ] GC(410) Eden regions: 9->0(8)
[2026-06-17T10:02:15.858+0800][12.355s][info][gc,heap     ] GC(410) Survivor regions: 2->2(2)
[2026-06-17T10:02:15.858+0800][12.355s][info][gc,heap     ] GC(410) Old regions: 31->31
[2026-06-17T10:02:15.858+0800][12.355s][info][gc,heap     ] GC(410) Humongous regions: 13->13
[2026-06-17T10:02:15.858+0800][12.355s][info][gc,metaspace] GC(410) Metaspace: 112K(320K)->112K(320K) NonClass: 105K(192K)->105K(192K) Class: 7K(128K)->7K(128K)
[2026-06-17T10:02:15.858+0800][12.355s][info][gc          ] GC(410) Pause Young (Mixed) (G1 Evacuation Pause) 54M->45M(64M) 4.958ms
[2026-06-17T10:02:15.859+0800][12.356s][info][gc,cpu      ] GC(410) User=0.00s Sys=0.00s Real=0.00s
[2026-06-17T10:02:15.880+0800][12.377s][info][gc,start    ] GC(411) Pause Young (Mixed) (G1 Evacuation Pause)
[2026-06-17T10:02:15.880+0800][12.377s][info][gc,task     ] GC(411) Using 2 workers of 18 for evacuation
[2026-06-17T10:02:15.881+0800][12.378s][info][gc,phases   ] GC(411)   Pre Evacuate Collection Set: 0.15ms
[2026-06-17T10:02:15.882+0800][12.379s][info][gc,phases   ] GC(411)   Merge Heap Roots: 0.05ms
[2026-06-17T10:02:15.882+0800][12.379s][info][gc,phases   ] GC(411)   Evacuate Collection Set: 0.53ms
[2026-06-17T10:02:15.882+0800][12.379s][info][gc,phases   ] GC(411)   Post Evacuate Collection Set: 0.21ms
[2026-06-17T10:02:15.882+0800][12.379s][info][gc,phases   ] GC(411)   Other: 0.31ms
[2026-06-17T10:02:15.882+0800][12.379s][info][gc,heap     ] GC(411) Eden regions: 8->0(8)
[2026-06-17T10:02:15.882+0800][12.379s][info][gc,heap     ] GC(411) Survivor regions: 2->2(2)
[2026-06-17T10:02:15.883+0800][12.379s][info][gc,heap     ] GC(411) Old regions: 31->31
[2026-06-17T10:02:15.883+0800][12.379s][info][gc,heap     ] GC(411) Humongous regions: 13->13
[2026-06-17T10:02:15.883+0800][12.380s][info][gc,metaspace] GC(411) Metaspace: 112K(320K)->112K(320K) NonClass: 105K(192K)->105K(192K) Class: 7K(128K)->7K(128K)
[2026-06-17T10:02:15.883+0800][12.380s][info][gc          ] GC(411) Pause Young (Mixed) (G1 Evacuation Pause) 53M->45M(64M) 3.060ms
[2026-06-17T10:02:15.883+0800][12.380s][info][gc,cpu      ] GC(411) User=0.01s Sys=0.00s Real=0.01s
[2026-06-17T10:02:15.904+0800][12.401s][info][gc,start    ] GC(412) Pause Young (Concurrent Start) (G1 Evacuation Pause)
[2026-06-17T10:02:15.904+0800][12.401s][info][gc,task     ] GC(412) Using 2 workers of 18 for evacuation
[2026-06-17T10:02:15.905+0800][12.402s][info][gc,phases   ] GC(412)   Pre Evacuate Collection Set: 0.15ms
[2026-06-17T10:02:15.906+0800][12.403s][info][gc,phases   ] GC(412)   Merge Heap Roots: 0.06ms
[2026-06-17T10:02:15.906+0800][12.403s][info][gc,phases   ] GC(412)   Evacuate Collection Set: 0.30ms
[2026-06-17T10:02:15.906+0800][12.403s][info][gc,phases   ] GC(412)   Post Evacuate Collection Set: 0.23ms
[2026-06-17T10:02:15.906+0800][12.403s][info][gc,phases   ] GC(412)   Other: 0.33ms
[2026-06-17T10:02:15.907+0800][12.404s][info][gc,heap     ] GC(412) Eden regions: 8->0(8)
[2026-06-17T10:02:15.908+0800][12.404s][info][gc,heap     ] GC(412) Survivor regions: 2->2(2)
[2026-06-17T10:02:15.908+0800][12.405s][info][gc,heap     ] GC(412) Old regions: 31->32
[2026-06-17T10:02:15.908+0800][12.405s][info][gc,heap     ] GC(412) Humongous regions: 13->13
[2026-06-17T10:02:15.910+0800][12.407s][info][gc,metaspace] GC(412) Metaspace: 112K(320K)->112K(320K) NonClass: 105K(192K)->105K(192K) Class: 7K(128K)->7K(128K)
[2026-06-17T10:02:15.912+0800][12.409s][info][gc          ] GC(412) Pause Young (Concurrent Start) (G1 Evacuation Pause) 53M->46M(64M) 7.645ms
[2026-06-17T10:02:15.912+0800][12.409s][info][gc,cpu      ] GC(412) User=0.00s Sys=0.00s Real=0.01s
[2026-06-17T10:02:15.912+0800][12.409s][info][gc          ] GC(413) Concurrent Mark Cycle
[2026-06-17T10:02:15.914+0800][12.411s][info][gc,marking  ] GC(413) Concurrent Scan Root Regions
[2026-06-17T10:02:15.914+0800][12.411s][info][gc,marking  ] GC(413) Concurrent Scan Root Regions 0.579ms
[2026-06-17T10:02:15.915+0800][12.412s][info][gc,marking  ] GC(413) Concurrent Mark
[2026-06-17T10:02:15.915+0800][12.412s][info][gc,marking  ] GC(413) Concurrent Mark From Roots
[2026-06-17T10:02:15.915+0800][12.412s][info][gc,task     ] GC(413) Using 5 workers of 5 for marking
[2026-06-17T10:02:15.918+0800][12.415s][info][gc,marking  ] GC(413) Concurrent Mark From Roots 2.878ms
[2026-06-17T10:02:15.918+0800][12.415s][info][gc,marking  ] GC(413) Concurrent Preclean
[2026-06-17T10:02:15.919+0800][12.416s][info][gc,marking  ] GC(413) Concurrent Preclean 0.345ms
[2026-06-17T10:02:15.919+0800][12.416s][info][gc,start    ] GC(413) Pause Remark
[2026-06-17T10:02:15.920+0800][12.417s][info][gc          ] GC(413) Pause Remark 49M->43M(64M) 0.933ms
[2026-06-17T10:02:15.920+0800][12.417s][info][gc,cpu      ] GC(413) User=0.00s Sys=0.00s Real=0.00s
[2026-06-17T10:02:15.921+0800][12.418s][info][gc,marking  ] GC(413) Concurrent Mark 6.051ms
[2026-06-17T10:02:15.921+0800][12.418s][info][gc,marking  ] GC(413) Concurrent Rebuild Remembered Sets and Scrub Regions
[2026-06-17T10:02:15.922+0800][12.419s][info][gc,marking  ] GC(413) Concurrent Rebuild Remembered Sets and Scrub Regions 1.001ms
[2026-06-17T10:02:15.922+0800][12.419s][info][gc,start    ] GC(413) Pause Cleanup
[2026-06-17T10:02:15.923+0800][12.420s][info][gc          ] GC(413) Pause Cleanup 43M->43M(64M) 0.451ms
[2026-06-17T10:02:15.923+0800][12.420s][info][gc,cpu      ] GC(413) User=0.01s Sys=0.00s Real=0.01s
[2026-06-17T10:02:15.924+0800][12.420s][info][gc,marking  ] GC(413) Concurrent Clear Claimed Marks
[2026-06-17T10:02:15.924+0800][12.421s][info][gc,marking  ] GC(413) Concurrent Clear Claimed Marks 0.477ms
[2026-06-17T10:02:15.925+0800][12.421s][info][gc,marking  ] GC(413) Concurrent Cleanup for Next Mark
[2026-06-17T10:02:15.925+0800][12.422s][info][gc,marking  ] GC(413) Concurrent Cleanup for Next Mark 0.516ms
[2026-06-17T10:02:15.925+0800][12.422s][info][gc          ] GC(413) Concurrent Mark Cycle 13.117ms
[2026-06-17T10:02:15.934+0800][12.431s][info][gc,start    ] GC(414) Pause Young (Prepare Mixed) (G1 Evacuation Pause)
[2026-06-17T10:02:15.945+0800][12.441s][info][gc,task     ] GC(414) Using 2 workers of 18 for evacuation
[2026-06-17T10:02:15.949+0800][12.446s][info][gc,phases   ] GC(414)   Pre Evacuate Collection Set: 0.14ms
[2026-06-17T10:02:15.951+0800][12.448s][info][gc,phases   ] GC(414)   Merge Heap Roots: 0.06ms
[2026-06-17T10:02:15.961+0800][12.457s][info][gc,phases   ] GC(414)   Evacuate Collection Set: 0.29ms
[2026-06-17T10:02:15.966+0800][12.463s][info][gc,phases   ] GC(414)   Post Evacuate Collection Set: 0.20ms
[2026-06-17T10:02:15.966+0800][12.463s][info][gc,phases   ] GC(414)   Other: 3.78ms
[2026-06-17T10:02:15.967+0800][12.464s][info][gc,heap     ] GC(414) Eden regions: 8->0(11)
[2026-06-17T10:02:15.968+0800][12.465s][info][gc,heap     ] GC(414) Survivor regions: 2->2(2)
[2026-06-17T10:02:15.969+0800][12.466s][info][gc,heap     ] GC(414) Old regions: 26->28
[2026-06-17T10:02:15.970+0800][12.467s][info][gc,heap     ] GC(414) Humongous regions: 13->13
[2026-06-17T10:02:15.971+0800][12.468s][info][gc,metaspace] GC(414) Metaspace: 112K(320K)->112K(320K) NonClass: 105K(192K)->105K(192K) Class: 7K(128K)->7K(128K)
[2026-06-17T10:02:15.972+0800][12.468s][info][gc          ] GC(414) Pause Young (Prepare Mixed) (G1 Evacuation Pause) 48M->42M(64M) 37.333ms
[2026-06-17T10:02:15.972+0800][12.469s][info][gc,cpu      ] GC(414) User=0.00s Sys=0.01s Real=0.04s
[2026-06-17T10:02:16.004+0800][12.501s][info][gc,start    ] GC(415) Pause Young (Mixed) (G1 Evacuation Pause)
[2026-06-17T10:02:16.005+0800][12.502s][info][gc,task     ] GC(415) Using 2 workers of 18 for evacuation
[2026-06-17T10:02:16.007+0800][12.504s][info][gc,phases   ] GC(415)   Pre Evacuate Collection Set: 0.14ms
[2026-06-17T10:02:16.008+0800][12.504s][info][gc,phases   ] GC(415)   Merge Heap Roots: 0.05ms
[2026-06-17T10:02:16.008+0800][12.505s][info][gc,phases   ] GC(415)   Evacuate Collection Set: 0.58ms
[2026-06-17T10:02:16.009+0800][12.506s][info][gc,phases   ] GC(415)   Post Evacuate Collection Set: 0.32ms
[2026-06-17T10:02:16.010+0800][12.506s][info][gc,phases   ] GC(415)   Other: 1.01ms
[2026-06-17T10:02:16.010+0800][12.507s][info][gc,heap     ] GC(415) Eden regions: 11->0(13)
[2026-06-17T10:02:16.011+0800][12.508s][info][gc,heap     ] GC(415) Survivor regions: 2->2(2)
[2026-06-17T10:02:16.011+0800][12.508s][info][gc,heap     ] GC(415) Old regions: 28->26
[2026-06-17T10:02:16.012+0800][12.509s][info][gc,heap     ] GC(415) Humongous regions: 13->13
[2026-06-17T10:02:16.012+0800][12.509s][info][gc,metaspace] GC(415) Metaspace: 112K(320K)->112K(320K) NonClass: 105K(192K)->105K(192K) Class: 7K(128K)->7K(128K)
[2026-06-17T10:02:16.013+0800][12.510s][info][gc          ] GC(415) Pause Young (Mixed) (G1 Evacuation Pause) 53M->40M(64M) 8.648ms
[2026-06-17T10:02:16.013+0800][12.510s][info][gc,cpu      ] GC(415) User=0.00s Sys=0.00s Real=0.01s
[2026-06-17T10:02:16.045+0800][12.542s][info][gc,start    ] GC(416) Pause Young (Mixed) (G1 Evacuation Pause)
[2026-06-17T10:02:16.046+0800][12.543s][info][gc,task     ] GC(416) Using 2 workers of 18 for evacuation
[2026-06-17T10:02:16.047+0800][12.544s][info][gc,phases   ] GC(416)   Pre Evacuate Collection Set: 0.11ms
[2026-06-17T10:02:16.047+0800][12.544s][info][gc,phases   ] GC(416)   Merge Heap Roots: 0.04ms
[2026-06-17T10:02:16.047+0800][12.544s][info][gc,phases   ] GC(416)   Evacuate Collection Set: 0.40ms
[2026-06-17T10:02:16.047+0800][12.544s][info][gc,phases   ] GC(416)   Post Evacuate Collection Set: 0.20ms
[2026-06-17T10:02:16.047+0800][12.544s][info][gc,phases   ] GC(416)   Other: 0.25ms
[2026-06-17T10:02:16.047+0800][12.544s][info][gc,heap     ] GC(416) Eden regions: 13->0(10)
[2026-06-17T10:02:16.048+0800][12.544s][info][gc,heap     ] GC(416) Survivor regions: 2->2(2)
[2026-06-17T10:02:16.048+0800][12.545s][info][gc,heap     ] GC(416) Old regions: 26->27
[2026-06-17T10:02:16.048+0800][12.545s][info][gc,heap     ] GC(416) Humongous regions: 15->15
[2026-06-17T10:02:16.048+0800][12.545s][info][gc,metaspace] GC(416) Metaspace: 112K(320K)->112K(320K) NonClass: 105K(192K)->105K(192K) Class: 7K(128K)->7K(128K)
[2026-06-17T10:02:16.048+0800][12.545s][info][gc          ] GC(416) Pause Young (Mixed) (G1 Evacuation Pause) 55M->43M(64M) 2.705ms
[2026-06-17T10:02:16.048+0800][12.545s][info][gc,cpu      ] GC(416) User=0.00s Sys=0.00s Real=0.00s
[2026-06-17T10:02:16.069+0800][12.566s][info][gc,start    ] GC(417) Pause Young (Concurrent Start) (G1 Evacuation Pause)
[2026-06-17T10:02:16.070+0800][12.566s][info][gc,task     ] GC(417) Using 2 workers of 18 for evacuation
[2026-06-17T10:02:16.071+0800][12.568s][info][gc,phases   ] GC(417)   Pre Evacuate Collection Set: 0.13ms
[2026-06-17T10:02:16.071+0800][12.568s][info][gc,phases   ] GC(417)   Merge Heap Roots: 0.03ms
[2026-06-17T10:02:16.071+0800][12.568s][info][gc,phases   ] GC(417)   Evacuate Collection Set: 0.47ms
[2026-06-17T10:02:16.071+0800][12.568s][info][gc,phases   ] GC(417)   Post Evacuate Collection Set: 0.16ms
[2026-06-17T10:02:16.071+0800][12.568s][info][gc,phases   ] GC(417)   Other: 0.27ms
[2026-06-17T10:02:16.071+0800][12.568s][info][gc,heap     ] GC(417) Eden regions: 10->0(5)
[2026-06-17T10:02:16.071+0800][12.568s][info][gc,heap     ] GC(417) Survivor regions: 2->2(2)
[2026-06-17T10:02:16.071+0800][12.568s][info][gc,heap     ] GC(417) Old regions: 27->32
[2026-06-17T10:02:16.072+0800][12.568s][info][gc,heap     ] GC(417) Humongous regions: 15->15
[2026-06-17T10:02:16.072+0800][12.569s][info][gc,metaspace] GC(417) Metaspace: 112K(320K)->112K(320K) NonClass: 105K(192K)->105K(192K) Class: 7K(128K)->7K(128K)
[2026-06-17T10:02:16.072+0800][12.569s][info][gc          ] GC(417) Pause Young (Concurrent Start) (G1 Evacuation Pause) 53M->48M(64M) 2.446ms
[2026-06-17T10:02:16.072+0800][12.569s][info][gc,cpu      ] GC(417) User=0.00s Sys=0.00s Real=0.01s
[2026-06-17T10:02:16.072+0800][12.569s][info][gc          ] GC(418) Concurrent Mark Cycle
[2026-06-17T10:02:16.072+0800][12.569s][info][gc,marking  ] GC(418) Concurrent Scan Root Regions
[2026-06-17T10:02:16.072+0800][12.569s][info][gc,marking  ] GC(418) Concurrent Scan Root Regions 0.161ms
[2026-06-17T10:02:16.072+0800][12.569s][info][gc,marking  ] GC(418) Concurrent Mark
[2026-06-17T10:02:16.073+0800][12.569s][info][gc,marking  ] GC(418) Concurrent Mark From Roots
[2026-06-17T10:02:16.073+0800][12.570s][info][gc,task     ] GC(418) Using 5 workers of 5 for marking
[2026-06-17T10:02:16.074+0800][12.571s][info][gc,marking  ] GC(418) Concurrent Mark From Roots 1.655ms
[2026-06-17T10:02:16.074+0800][12.571s][info][gc,marking  ] GC(418) Concurrent Preclean
[2026-06-17T10:02:16.074+0800][12.571s][info][gc,marking  ] GC(418) Concurrent Preclean 0.148ms
[2026-06-17T10:02:16.075+0800][12.572s][info][gc,start    ] GC(418) Pause Remark
[2026-06-17T10:02:16.075+0800][12.572s][info][gc          ] GC(418) Pause Remark 48M->41M(64M) 0.582ms
[2026-06-17T10:02:16.075+0800][12.572s][info][gc,cpu      ] GC(418) User=0.00s Sys=0.00s Real=0.00s
[2026-06-17T10:02:16.076+0800][12.572s][info][gc,marking  ] GC(418) Concurrent Mark 3.127ms
[2026-06-17T10:02:16.076+0800][12.573s][info][gc,marking  ] GC(418) Concurrent Rebuild Remembered Sets and Scrub Regions
[2026-06-17T10:02:16.076+0800][12.573s][info][gc,marking  ] GC(418) Concurrent Rebuild Remembered Sets and Scrub Regions 0.444ms
[2026-06-17T10:02:16.076+0800][12.573s][info][gc,start    ] GC(418) Pause Cleanup
[2026-06-17T10:02:16.077+0800][12.573s][info][gc          ] GC(418) Pause Cleanup 41M->41M(64M) 0.189ms
[2026-06-17T10:02:16.077+0800][12.573s][info][gc,cpu      ] GC(418) User=0.00s Sys=0.00s Real=0.00s
[2026-06-17T10:02:16.077+0800][12.574s][info][gc,marking  ] GC(418) Concurrent Clear Claimed Marks
[2026-06-17T10:02:16.077+0800][12.574s][info][gc,marking  ] GC(418) Concurrent Clear Claimed Marks 0.084ms
[2026-06-17T10:02:16.077+0800][12.574s][info][gc,marking  ] GC(418) Concurrent Cleanup for Next Mark
[2026-06-17T10:02:16.077+0800][12.574s][info][gc,marking  ] GC(418) Concurrent Cleanup for Next Mark 0.153ms
[2026-06-17T10:02:16.077+0800][12.574s][info][gc          ] GC(418) Concurrent Mark Cycle 5.186ms
[2026-06-17T10:02:16.093+0800][12.590s][info][gc,start    ] GC(419) Pause Young (Prepare Mixed) (G1 Evacuation Pause)
[2026-06-17T10:02:16.093+0800][12.590s][info][gc,task     ] GC(419) Using 2 workers of 18 for evacuation
[2026-06-17T10:02:16.094+0800][12.591s][info][gc,phases   ] GC(419)   Pre Evacuate Collection Set: 0.12ms
[2026-06-17T10:02:16.094+0800][12.591s][info][gc,phases   ] GC(419)   Merge Heap Roots: 0.06ms
[2026-06-17T10:02:16.094+0800][12.591s][info][gc,phases   ] GC(419)   Evacuate Collection Set: 0.22ms
[2026-06-17T10:02:16.095+0800][12.591s][info][gc,phases   ] GC(419)   Post Evacuate Collection Set: 0.15ms
[2026-06-17T10:02:16.095+0800][12.592s][info][gc,phases   ] GC(419)   Other: 0.24ms
[2026-06-17T10:02:16.095+0800][12.592s][info][gc,heap     ] GC(419) Eden regions: 5->0(11)
[2026-06-17T10:02:16.095+0800][12.592s][info][gc,heap     ] GC(419) Survivor regions: 2->1(1)
[2026-06-17T10:02:16.095+0800][12.592s][info][gc,heap     ] GC(419) Old regions: 25->27
[2026-06-17T10:02:16.095+0800][12.592s][info][gc,heap     ] GC(419) Humongous regions: 15->15
[2026-06-17T10:02:16.095+0800][12.592s][info][gc,metaspace] GC(419) Metaspace: 112K(320K)->112K(320K) NonClass: 105K(192K)->105K(192K) Class: 7K(128K)->7K(128K)
[2026-06-17T10:02:16.095+0800][12.592s][info][gc          ] GC(419) Pause Young (Prepare Mixed) (G1 Evacuation Pause) 46M->42M(64M) 2.348ms
[2026-06-17T10:02:16.095+0800][12.592s][info][gc,cpu      ] GC(419) User=0.00s Sys=0.00s Real=0.00s
[2026-06-17T10:02:16.116+0800][12.613s][info][gc,start    ] GC(420) Pause Young (Mixed) (G1 Evacuation Pause)
[2026-06-17T10:02:16.117+0800][12.614s][info][gc,task     ] GC(420) Using 2 workers of 18 for evacuation
[2026-06-17T10:02:16.118+0800][12.615s][info][gc,phases   ] GC(420)   Pre Evacuate Collection Set: 0.23ms
[2026-06-17T10:02:16.118+0800][12.615s][info][gc,phases   ] GC(420)   Merge Heap Roots: 0.04ms
[2026-06-17T10:02:16.119+0800][12.615s][info][gc,phases   ] GC(420)   Evacuate Collection Set: 0.58ms
[2026-06-17T10:02:16.119+0800][12.616s][info][gc,phases   ] GC(420)   Post Evacuate Collection Set: 0.20ms
[2026-06-17T10:02:16.119+0800][12.616s][info][gc,phases   ] GC(420)   Other: 0.26ms
[2026-06-17T10:02:16.119+0800][12.616s][info][gc,heap     ] GC(420) Eden regions: 11->0(10)
[2026-06-17T10:02:16.119+0800][12.616s][info][gc,heap     ] GC(420) Survivor regions: 1->2(2)
[2026-06-17T10:02:16.119+0800][12.616s][info][gc,heap     ] GC(420) Old regions: 27->25
[2026-06-17T10:02:16.119+0800][12.616s][info][gc,heap     ] GC(420) Humongous regions: 15->15
[2026-06-17T10:02:16.120+0800][12.616s][info][gc,metaspace] GC(420) Metaspace: 112K(320K)->112K(320K) NonClass: 105K(192K)->105K(192K) Class: 7K(128K)->7K(128K)
[2026-06-17T10:02:16.120+0800][12.616s][info][gc          ] GC(420) Pause Young (Mixed) (G1 Evacuation Pause) 53M->41M(64M) 3.306ms
[2026-06-17T10:02:16.120+0800][12.617s][info][gc,cpu      ] GC(420) User=0.00s Sys=0.00s Real=0.00s
[2026-06-17T10:02:16.151+0800][12.648s][info][gc,start    ] GC(421) Pause Young (Mixed) (G1 Evacuation Pause)
[2026-06-17T10:02:16.151+0800][12.648s][info][gc,task     ] GC(421) Using 2 workers of 18 for evacuation
[2026-06-17T10:02:16.153+0800][12.649s][info][gc,phases   ] GC(421)   Pre Evacuate Collection Set: 0.14ms
[2026-06-17T10:02:16.153+0800][12.650s][info][gc,phases   ] GC(421)   Merge Heap Roots: 0.05ms
[2026-06-17T10:02:16.153+0800][12.650s][info][gc,phases   ] GC(421)   Evacuate Collection Set: 0.36ms
[2026-06-17T10:02:16.154+0800][12.651s][info][gc,phases   ] GC(421)   Post Evacuate Collection Set: 0.39ms
[2026-06-17T10:02:16.154+0800][12.651s][info][gc,phases   ] GC(421)   Other: 0.23ms
[2026-06-17T10:02:16.154+0800][12.651s][info][gc,heap     ] GC(421) Eden regions: 10->0(9)
[2026-06-17T10:02:16.154+0800][12.651s][info][gc,heap     ] GC(421) Survivor regions: 2->2(2)
[2026-06-17T10:02:16.155+0800][12.651s][info][gc,heap     ] GC(421) Old regions: 25->26
[2026-06-17T10:02:16.155+0800][12.652s][info][gc,heap     ] GC(421) Humongous regions: 15->15
[2026-06-17T10:02:16.155+0800][12.652s][info][gc,metaspace] GC(421) Metaspace: 112K(320K)->112K(320K) NonClass: 105K(192K)->105K(192K) Class: 7K(128K)->7K(128K)
[2026-06-17T10:02:16.155+0800][12.652s][info][gc          ] GC(421) Pause Young (Mixed) (G1 Evacuation Pause) 51M->42M(64M) 3.908ms
[2026-06-17T10:02:16.155+0800][12.652s][info][gc,cpu      ] GC(421) User=0.00s Sys=0.00s Real=0.00s
[2026-06-17T10:02:16.176+0800][12.673s][info][gc,start    ] GC(422) Pause Young (Normal) (G1 Evacuation Pause)
[2026-06-17T10:02:16.177+0800][12.673s][info][gc,task     ] GC(422) Using 2 workers of 18 for evacuation
[2026-06-17T10:02:16.178+0800][12.675s][info][gc,phases   ] GC(422)   Pre Evacuate Collection Set: 0.15ms
[2026-06-17T10:02:16.178+0800][12.675s][info][gc,phases   ] GC(422)   Merge Heap Roots: 0.05ms
[2026-06-17T10:02:16.179+0800][12.675s][info][gc,phases   ] GC(422)   Evacuate Collection Set: 0.37ms
[2026-06-17T10:02:16.179+0800][12.676s][info][gc,phases   ] GC(422)   Post Evacuate Collection Set: 0.47ms
[2026-06-17T10:02:16.179+0800][12.676s][info][gc,phases   ] GC(422)   Other: 0.31ms
[2026-06-17T10:02:16.179+0800][12.676s][info][gc,heap     ] GC(422) Eden regions: 9->0(7)
[2026-06-17T10:02:16.179+0800][12.676s][info][gc,heap     ] GC(422) Survivor regions: 2->2(2)
[2026-06-17T10:02:16.179+0800][12.676s][info][gc,heap     ] GC(422) Old regions: 26->30
[2026-06-17T10:02:16.180+0800][12.676s][info][gc,heap     ] GC(422) Humongous regions: 15->15
[2026-06-17T10:02:16.180+0800][12.677s][info][gc,metaspace] GC(422) Metaspace: 112K(320K)->112K(320K) NonClass: 105K(192K)->105K(192K) Class: 7K(128K)->7K(128K)
[2026-06-17T10:02:16.180+0800][12.677s][info][gc          ] GC(422) Pause Young (Normal) (G1 Evacuation Pause) 51M->46M(64M) 3.748ms
[2026-06-17T10:02:16.180+0800][12.677s][info][gc,cpu      ] GC(422) User=0.00s Sys=0.00s Real=0.00s
[2026-06-17T10:02:16.201+0800][12.698s][info][gc,start    ] GC(423) Pause Young (Concurrent Start) (G1 Evacuation Pause)
[2026-06-17T10:02:16.202+0800][12.698s][info][gc,task     ] GC(423) Using 2 workers of 18 for evacuation
[2026-06-17T10:02:16.203+0800][12.700s][info][gc,phases   ] GC(423)   Pre Evacuate Collection Set: 0.20ms
[2026-06-17T10:02:16.203+0800][12.700s][info][gc,phases   ] GC(423)   Merge Heap Roots: 0.08ms
[2026-06-17T10:02:16.203+0800][12.700s][info][gc,phases   ] GC(423)   Evacuate Collection Set: 0.35ms
[2026-06-17T10:02:16.204+0800][12.700s][info][gc,phases   ] GC(423)   Post Evacuate Collection Set: 0.31ms
[2026-06-17T10:02:16.204+0800][12.701s][info][gc,phases   ] GC(423)   Other: 0.38ms
[2026-06-17T10:02:16.204+0800][12.701s][info][gc,heap     ] GC(423) Eden regions: 7->0(7)
[2026-06-17T10:02:16.204+0800][12.701s][info][gc,heap     ] GC(423) Survivor regions: 2->2(2)
[2026-06-17T10:02:16.204+0800][12.701s][info][gc,heap     ] GC(423) Old regions: 30->31
[2026-06-17T10:02:16.204+0800][12.701s][info][gc,heap     ] GC(423) Humongous regions: 15->15
[2026-06-17T10:02:16.204+0800][12.701s][info][gc,metaspace] GC(423) Metaspace: 112K(320K)->112K(320K) NonClass: 105K(192K)->105K(192K) Class: 7K(128K)->7K(128K)
[2026-06-17T10:02:16.205+0800][12.701s][info][gc          ] GC(423) Pause Young (Concurrent Start) (G1 Evacuation Pause) 53M->47M(64M) 3.430ms
[2026-06-17T10:02:16.205+0800][12.702s][info][gc,cpu      ] GC(423) User=0.00s Sys=0.00s Real=0.01s
[2026-06-17T10:02:16.205+0800][12.702s][info][gc          ] GC(424) Concurrent Mark Cycle
[2026-06-17T10:02:16.205+0800][12.702s][info][gc,marking  ] GC(424) Concurrent Scan Root Regions
[2026-06-17T10:02:16.205+0800][12.702s][info][gc,marking  ] GC(424) Concurrent Scan Root Regions 0.196ms
[2026-06-17T10:02:16.205+0800][12.702s][info][gc,marking  ] GC(424) Concurrent Mark
[2026-06-17T10:02:16.205+0800][12.702s][info][gc,marking  ] GC(424) Concurrent Mark From Roots
[2026-06-17T10:02:16.205+0800][12.702s][info][gc,task     ] GC(424) Using 5 workers of 5 for marking
[2026-06-17T10:02:16.207+0800][12.704s][info][gc,marking  ] GC(424) Concurrent Mark From Roots 2.061ms
[2026-06-17T10:02:16.211+0800][12.708s][info][gc,marking  ] GC(424) Concurrent Preclean
[2026-06-17T10:02:16.213+0800][12.710s][info][gc,marking  ] GC(424) Concurrent Preclean 2.196ms
[2026-06-17T10:02:16.215+0800][12.712s][info][gc,start    ] GC(424) Pause Remark
[2026-06-17T10:02:16.217+0800][12.714s][info][gc          ] GC(424) Pause Remark 50M->49M(64M) 2.449ms
[2026-06-17T10:02:16.220+0800][12.717s][info][gc,cpu      ] GC(424) User=0.00s Sys=0.00s Real=0.00s
[2026-06-17T10:02:16.220+0800][12.717s][info][gc,marking  ] GC(424) Concurrent Mark 15.069ms
[2026-06-17T10:02:16.223+0800][12.720s][info][gc,marking  ] GC(424) Concurrent Rebuild Remembered Sets and Scrub Regions
[2026-06-17T10:02:16.221+0800][12.717s][info][gc,start    ] GC(425) Pause Young (Normal) (G1 Evacuation Pause)
[2026-06-17T10:02:16.226+0800][12.723s][info][gc,task     ] GC(425) Using 2 workers of 18 for evacuation
[2026-06-17T10:02:16.227+0800][12.724s][info][gc,phases   ] GC(425)   Pre Evacuate Collection Set: 0.12ms
[2026-06-17T10:02:16.228+0800][12.725s][info][gc,phases   ] GC(425)   Merge Heap Roots: 0.04ms
[2026-06-17T10:02:16.228+0800][12.725s][info][gc,phases   ] GC(425)   Evacuate Collection Set: 0.38ms
[2026-06-17T10:02:16.228+0800][12.725s][info][gc,phases   ] GC(425)   Post Evacuate Collection Set: 0.17ms
[2026-06-17T10:02:16.228+0800][12.725s][info][gc,phases   ] GC(425)   Other: 0.91ms
[2026-06-17T10:02:16.228+0800][12.725s][info][gc,heap     ] GC(425) Eden regions: 7->0(4)
[2026-06-17T10:02:16.228+0800][12.725s][info][gc,heap     ] GC(425) Survivor regions: 2->2(2)
[2026-06-17T10:02:16.228+0800][12.725s][info][gc,heap     ] GC(425) Old regions: 30->33
[2026-06-17T10:02:16.228+0800][12.725s][info][gc,heap     ] GC(425) Humongous regions: 15->15
[2026-06-17T10:02:16.228+0800][12.725s][info][gc,metaspace] GC(425) Metaspace: 112K(320K)->112K(320K) NonClass: 105K(192K)->105K(192K) Class: 7K(128K)->7K(128K)
[2026-06-17T10:02:16.229+0800][12.725s][info][gc          ] GC(425) Pause Young (Normal) (G1 Evacuation Pause) 52M->49M(64M) 7.977ms
[2026-06-17T10:02:16.229+0800][12.725s][info][gc,cpu      ] GC(425) User=0.00s Sys=0.01s Real=0.01s
[2026-06-17T10:02:16.229+0800][12.726s][info][gc,marking  ] GC(424) Concurrent Rebuild Remembered Sets and Scrub Regions 6.187ms
[2026-06-17T10:02:16.229+0800][12.726s][info][gc,start    ] GC(424) Pause Cleanup
[2026-06-17T10:02:16.229+0800][12.726s][info][gc          ] GC(424) Pause Cleanup 49M->49M(64M) 0.145ms
[2026-06-17T10:02:16.229+0800][12.726s][info][gc,cpu      ] GC(424) User=0.00s Sys=0.00s Real=0.00s
[2026-06-17T10:02:16.230+0800][12.726s][info][gc,marking  ] GC(424) Concurrent Clear Claimed Marks
[2026-06-17T10:02:16.230+0800][12.726s][info][gc,marking  ] GC(424) Concurrent Clear Claimed Marks 0.075ms
[2026-06-17T10:02:16.230+0800][12.727s][info][gc,marking  ] GC(424) Concurrent Cleanup for Next Mark
[2026-06-17T10:02:16.230+0800][12.727s][info][gc,marking  ] GC(424) Concurrent Cleanup for Next Mark 0.179ms
[2026-06-17T10:02:16.230+0800][12.727s][info][gc          ] GC(424) Concurrent Mark Cycle 25.339ms
[2026-06-17T10:02:16.249+0800][12.746s][info][gc,start    ] GC(426) Pause Young (Prepare Mixed) (G1 Evacuation Pause)
[2026-06-17T10:02:16.250+0800][12.747s][info][gc,task     ] GC(426) Using 2 workers of 18 for evacuation
[2026-06-17T10:02:16.251+0800][12.748s][info][gc,phases   ] GC(426)   Pre Evacuate Collection Set: 0.17ms
[2026-06-17T10:02:16.251+0800][12.748s][info][gc,phases   ] GC(426)   Merge Heap Roots: 0.15ms
[2026-06-17T10:02:16.251+0800][12.748s][info][gc,phases   ] GC(426)   Evacuate Collection Set: 0.19ms
[2026-06-17T10:02:16.251+0800][12.748s][info][gc,phases   ] GC(426)   Post Evacuate Collection Set: 0.29ms
[2026-06-17T10:02:16.251+0800][12.748s][info][gc,phases   ] GC(426)   Other: 0.22ms
[2026-06-17T10:02:16.252+0800][12.748s][info][gc,heap     ] GC(426) Eden regions: 4->0(5)
[2026-06-17T10:02:16.252+0800][12.749s][info][gc,heap     ] GC(426) Survivor regions: 2->1(1)
[2026-06-17T10:02:16.252+0800][12.749s][info][gc,heap     ] GC(426) Old regions: 33->34
[2026-06-17T10:02:16.252+0800][12.749s][info][gc,heap     ] GC(426) Humongous regions: 15->15
[2026-06-17T10:02:16.252+0800][12.749s][info][gc,metaspace] GC(426) Metaspace: 112K(320K)->112K(320K) NonClass: 105K(192K)->105K(192K) Class: 7K(128K)->7K(128K)
[2026-06-17T10:02:16.252+0800][12.749s][info][gc          ] GC(426) Pause Young (Prepare Mixed) (G1 Evacuation Pause) 53M->49M(64M) 2.767ms
[2026-06-17T10:02:16.252+0800][12.749s][info][gc,cpu      ] GC(426) User=0.00s Sys=0.00s Real=0.01s
[2026-06-17T10:02:16.263+0800][12.760s][info][gc,start    ] GC(427) Pause Young (Mixed) (G1 Evacuation Pause)
[2026-06-17T10:02:16.263+0800][12.760s][info][gc,task     ] GC(427) Using 2 workers of 18 for evacuation
[2026-06-17T10:02:16.265+0800][12.761s][info][gc,phases   ] GC(427)   Pre Evacuate Collection Set: 0.14ms
[2026-06-17T10:02:16.265+0800][12.762s][info][gc,phases   ] GC(427)   Merge Heap Roots: 0.06ms
[2026-06-17T10:02:16.265+0800][12.762s][info][gc,phases   ] GC(427)   Evacuate Collection Set: 0.40ms
[2026-06-17T10:02:16.265+0800][12.762s][info][gc,phases   ] GC(427)   Post Evacuate Collection Set: 0.19ms
[2026-06-17T10:02:16.265+0800][12.762s][info][gc,phases   ] GC(427)   Other: 0.29ms
[2026-06-17T10:02:16.265+0800][12.762s][info][gc,heap     ] GC(427) Eden regions: 5->0(6)
[2026-06-17T10:02:16.266+0800][12.762s][info][gc,heap     ] GC(427) Survivor regions: 1->1(1)
[2026-06-17T10:02:16.266+0800][12.763s][info][gc,heap     ] GC(427) Old regions: 34->32
[2026-06-17T10:02:16.266+0800][12.763s][info][gc,heap     ] GC(427) Humongous regions: 16->16
[2026-06-17T10:02:16.266+0800][12.763s][info][gc,metaspace] GC(427) Metaspace: 112K(320K)->112K(320K) NonClass: 105K(192K)->105K(192K) Class: 7K(128K)->7K(128K)
[2026-06-17T10:02:16.266+0800][12.763s][info][gc          ] GC(427) Pause Young (Mixed) (G1 Evacuation Pause) 55M->48M(64M) 3.103ms
[2026-06-17T10:02:16.266+0800][12.763s][info][gc,cpu      ] GC(427) User=0.00s Sys=0.00s Real=0.00s
[2026-06-17T10:02:16.277+0800][12.774s][info][gc,start    ] GC(428) Pause Young (Mixed) (G1 Evacuation Pause)
[2026-06-17T10:02:16.278+0800][12.774s][info][gc,task     ] GC(428) Using 2 workers of 18 for evacuation
[2026-06-17T10:02:16.279+0800][12.776s][info][gc,phases   ] GC(428)   Pre Evacuate Collection Set: 0.12ms
[2026-06-17T10:02:16.279+0800][12.776s][info][gc,phases   ] GC(428)   Merge Heap Roots: 0.05ms
[2026-06-17T10:02:16.279+0800][12.776s][info][gc,phases   ] GC(428)   Evacuate Collection Set: 0.50ms
[2026-06-17T10:02:16.280+0800][12.776s][info][gc,phases   ] GC(428)   Post Evacuate Collection Set: 0.23ms
[2026-06-17T10:02:16.280+0800][12.777s][info][gc,phases   ] GC(428)   Other: 0.31ms
[2026-06-17T10:02:16.280+0800][12.777s][info][gc,heap     ] GC(428) Eden regions: 6->0(6)
[2026-06-17T10:02:16.280+0800][12.777s][info][gc,heap     ] GC(428) Survivor regions: 1->1(1)
[2026-06-17T10:02:16.280+0800][12.777s][info][gc,heap     ] GC(428) Old regions: 32->32
[2026-06-17T10:02:16.280+0800][12.777s][info][gc,heap     ] GC(428) Humongous regions: 16->16
[2026-06-17T10:02:16.281+0800][12.777s][info][gc,metaspace] GC(428) Metaspace: 112K(320K)->112K(320K) NonClass: 105K(192K)->105K(192K) Class: 7K(128K)->7K(128K)
[2026-06-17T10:02:16.281+0800][12.778s][info][gc          ] GC(428) Pause Young (Mixed) (G1 Evacuation Pause) 54M->48M(64M) 3.517ms
[2026-06-17T10:02:16.281+0800][12.778s][info][gc,cpu      ] GC(428) User=0.01s Sys=0.00s Real=0.00s
[2026-06-17T10:02:16.292+0800][12.789s][info][gc,start    ] GC(429) Pause Young (Concurrent Start) (G1 Evacuation Pause)
[2026-06-17T10:02:16.292+0800][12.789s][info][gc,task     ] GC(429) Using 2 workers of 18 for evacuation
[2026-06-17T10:02:16.293+0800][12.790s][info][gc,phases   ] GC(429)   Pre Evacuate Collection Set: 0.18ms
[2026-06-17T10:02:16.294+0800][12.790s][info][gc,phases   ] GC(429)   Merge Heap Roots: 0.06ms
[2026-06-17T10:02:16.294+0800][12.791s][info][gc,phases   ] GC(429)   Evacuate Collection Set: 0.20ms
[2026-06-17T10:02:16.294+0800][12.791s][info][gc,phases   ] GC(429)   Post Evacuate Collection Set: 0.30ms
[2026-06-17T10:02:16.294+0800][12.791s][info][gc,phases   ] GC(429)   Other: 0.31ms
[2026-06-17T10:02:16.294+0800][12.791s][info][gc,heap     ] GC(429) Eden regions: 6->0(6)
[2026-06-17T10:02:16.294+0800][12.791s][info][gc,heap     ] GC(429) Survivor regions: 1->1(1)
[2026-06-17T10:02:16.295+0800][12.791s][info][gc,heap     ] GC(429) Old regions: 32->33
[2026-06-17T10:02:16.295+0800][12.791s][info][gc,heap     ] GC(429) Humongous regions: 16->16
[2026-06-17T10:02:16.295+0800][12.792s][info][gc,metaspace] GC(429) Metaspace: 112K(320K)->112K(320K) NonClass: 105K(192K)->105K(192K) Class: 7K(128K)->7K(128K)
[2026-06-17T10:02:16.295+0800][12.792s][info][gc          ] GC(429) Pause Young (Concurrent Start) (G1 Evacuation Pause) 54M->49M(64M) 3.070ms
[2026-06-17T10:02:16.295+0800][12.792s][info][gc          ] GC(430) Concurrent Mark Cycle
[2026-06-17T10:02:16.295+0800][12.792s][info][gc,marking  ] GC(430) Concurrent Scan Root Regions
[2026-06-17T10:02:16.295+0800][12.792s][info][gc,cpu      ] GC(429) User=0.00s Sys=0.00s Real=0.00s
[2026-06-17T10:02:16.295+0800][12.792s][info][gc,marking  ] GC(430) Concurrent Scan Root Regions 0.146ms
[2026-06-17T10:02:16.295+0800][12.792s][info][gc,marking  ] GC(430) Concurrent Mark
[2026-06-17T10:02:16.296+0800][12.792s][info][gc,marking  ] GC(430) Concurrent Mark From Roots
[2026-06-17T10:02:16.296+0800][12.793s][info][gc,task     ] GC(430) Using 5 workers of 5 for marking
[2026-06-17T10:02:16.297+0800][12.794s][info][gc,marking  ] GC(430) Concurrent Mark From Roots 1.435ms
[2026-06-17T10:02:16.297+0800][12.794s][info][gc,marking  ] GC(430) Concurrent Preclean
[2026-06-17T10:02:16.297+0800][12.794s][info][gc,marking  ] GC(430) Concurrent Preclean 0.097ms
[2026-06-17T10:02:16.298+0800][12.795s][info][gc,start    ] GC(430) Pause Remark
[2026-06-17T10:02:16.300+0800][12.797s][info][gc          ] GC(430) Pause Remark 50M->40M(64M) 1.869ms
[2026-06-17T10:02:16.300+0800][12.797s][info][gc,cpu      ] GC(430) User=0.00s Sys=0.00s Real=0.00s
[2026-06-17T10:02:16.300+0800][12.797s][info][gc,marking  ] GC(430) Concurrent Mark 4.799ms
[2026-06-17T10:02:16.300+0800][12.797s][info][gc,marking  ] GC(430) Concurrent Rebuild Remembered Sets and Scrub Regions
[2026-06-17T10:02:16.301+0800][12.798s][info][gc,marking  ] GC(430) Concurrent Rebuild Remembered Sets and Scrub Regions 0.465ms
[2026-06-17T10:02:16.301+0800][12.798s][info][gc,start    ] GC(430) Pause Cleanup
[2026-06-17T10:02:16.301+0800][12.798s][info][gc          ] GC(430) Pause Cleanup 40M->40M(64M) 0.122ms
[2026-06-17T10:02:16.301+0800][12.798s][info][gc,cpu      ] GC(430) User=0.00s Sys=0.00s Real=0.00s
[2026-06-17T10:02:16.301+0800][12.798s][info][gc,marking  ] GC(430) Concurrent Clear Claimed Marks
[2026-06-17T10:02:16.301+0800][12.798s][info][gc,marking  ] GC(430) Concurrent Clear Claimed Marks 0.088ms
[2026-06-17T10:02:16.301+0800][12.798s][info][gc,marking  ] GC(430) Concurrent Cleanup for Next Mark
[2026-06-17T10:02:16.302+0800][12.799s][info][gc,marking  ] GC(430) Concurrent Cleanup for Next Mark 0.167ms
[2026-06-17T10:02:16.302+0800][12.799s][info][gc          ] GC(430) Concurrent Mark Cycle 6.737ms
[2026-06-17T10:02:16.316+0800][12.813s][info][gc,start    ] GC(431) Pause Young (Prepare Mixed) (G1 Evacuation Pause)
[2026-06-17T10:02:16.316+0800][12.813s][info][gc,task     ] GC(431) Using 2 workers of 18 for evacuation
[2026-06-17T10:02:16.317+0800][12.814s][info][gc,phases   ] GC(431)   Pre Evacuate Collection Set: 0.15ms
[2026-06-17T10:02:16.318+0800][12.815s][info][gc,phases   ] GC(431)   Merge Heap Roots: 0.04ms
[2026-06-17T10:02:16.318+0800][12.815s][info][gc,phases   ] GC(431)   Evacuate Collection Set: 0.32ms
[2026-06-17T10:02:16.318+0800][12.815s][info][gc,phases   ] GC(431)   Post Evacuate Collection Set: 0.23ms
[2026-06-17T10:02:16.318+0800][12.815s][info][gc,phases   ] GC(431)   Other: 0.26ms
[2026-06-17T10:02:16.318+0800][12.815s][info][gc,heap     ] GC(431) Eden regions: 6->0(10)
[2026-06-17T10:02:16.318+0800][12.815s][info][gc,heap     ] GC(431) Survivor regions: 1->1(1)
[2026-06-17T10:02:16.318+0800][12.815s][info][gc,heap     ] GC(431) Old regions: 23->26
[2026-06-17T10:02:16.319+0800][12.815s][info][gc,heap     ] GC(431) Humongous regions: 16->16
[2026-06-17T10:02:16.319+0800][12.815s][info][gc,metaspace] GC(431) Metaspace: 112K(320K)->112K(320K) NonClass: 105K(192K)->105K(192K) Class: 7K(128K)->7K(128K)
[2026-06-17T10:02:16.319+0800][12.816s][info][gc          ] GC(431) Pause Young (Prepare Mixed) (G1 Evacuation Pause) 45M->42M(64M) 2.564ms
[2026-06-17T10:02:16.319+0800][12.816s][info][gc,cpu      ] GC(431) User=0.01s Sys=0.00s Real=0.00s
[2026-06-17T10:02:16.340+0800][12.837s][info][gc,start    ] GC(432) Pause Young (Mixed) (G1 Evacuation Pause)
[2026-06-17T10:02:16.341+0800][12.838s][info][gc,task     ] GC(432) Using 2 workers of 18 for evacuation
[2026-06-17T10:02:16.343+0800][12.839s][info][gc,phases   ] GC(432)   Pre Evacuate Collection Set: 0.14ms
[2026-06-17T10:02:16.343+0800][12.840s][info][gc,phases   ] GC(432)   Merge Heap Roots: 0.04ms
[2026-06-17T10:02:16.343+0800][12.840s][info][gc,phases   ] GC(432)   Evacuate Collection Set: 0.57ms
[2026-06-17T10:02:16.343+0800][12.840s][info][gc,phases   ] GC(432)   Post Evacuate Collection Set: 0.19ms
[2026-06-17T10:02:16.343+0800][12.840s][info][gc,phases   ] GC(432)   Other: 0.41ms
[2026-06-17T10:02:16.344+0800][12.840s][info][gc,heap     ] GC(432) Eden regions: 10->0(9)
[2026-06-17T10:02:16.344+0800][12.840s][info][gc,heap     ] GC(432) Survivor regions: 1->2(2)
[2026-06-17T10:02:16.344+0800][12.841s][info][gc,heap     ] GC(432) Old regions: 26->25
[2026-06-17T10:02:16.344+0800][12.841s][info][gc,heap     ] GC(432) Humongous regions: 16->16
[2026-06-17T10:02:16.344+0800][12.841s][info][gc,metaspace] GC(432) Metaspace: 112K(320K)->112K(320K) NonClass: 105K(192K)->105K(192K) Class: 7K(128K)->7K(128K)
[2026-06-17T10:02:16.344+0800][12.841s][info][gc          ] GC(432) Pause Young (Mixed) (G1 Evacuation Pause) 52M->42M(64M) 3.648ms
[2026-06-17T10:02:16.344+0800][12.841s][info][gc,cpu      ] GC(432) User=0.00s Sys=0.00s Real=0.01s
[2026-06-17T10:02:16.365+0800][12.862s][info][gc,start    ] GC(433) Pause Young (Normal) (G1 Evacuation Pause)
[2026-06-17T10:02:16.366+0800][12.863s][info][gc,task     ] GC(433) Using 2 workers of 18 for evacuation
[2026-06-17T10:02:16.367+0800][12.863s][info][gc,phases   ] GC(433)   Pre Evacuate Collection Set: 0.19ms
[2026-06-17T10:02:16.367+0800][12.864s][info][gc,phases   ] GC(433)   Merge Heap Roots: 0.06ms
[2026-06-17T10:02:16.367+0800][12.864s][info][gc,phases   ] GC(433)   Evacuate Collection Set: 0.27ms
[2026-06-17T10:02:16.367+0800][12.864s][info][gc,phases   ] GC(433)   Post Evacuate Collection Set: 0.14ms
[2026-06-17T10:02:16.367+0800][12.864s][info][gc,phases   ] GC(433)   Other: 0.21ms
[2026-06-17T10:02:16.367+0800][12.864s][info][gc,heap     ] GC(433) Eden regions: 9->0(9)
[2026-06-17T10:02:16.367+0800][12.864s][info][gc,heap     ] GC(433) Survivor regions: 2->2(2)
[2026-06-17T10:02:16.367+0800][12.864s][info][gc,heap     ] GC(433) Old regions: 25->27
[2026-06-17T10:02:16.368+0800][12.864s][info][gc,heap     ] GC(433) Humongous regions: 16->16
[2026-06-17T10:02:16.368+0800][12.864s][info][gc,metaspace] GC(433) Metaspace: 112K(320K)->112K(320K) NonClass: 105K(192K)->105K(192K) Class: 7K(128K)->7K(128K)
[2026-06-17T10:02:16.368+0800][12.865s][info][gc          ] GC(433) Pause Young (Normal) (G1 Evacuation Pause) 51M->44M(64M) 2.643ms
[2026-06-17T10:02:16.368+0800][12.865s][info][gc,cpu      ] GC(433) User=0.00s Sys=0.00s Real=0.00s
[2026-06-17T10:02:16.399+0800][12.896s][info][gc,start    ] GC(434) Pause Young (Concurrent Start) (G1 Evacuation Pause)
[2026-06-17T10:02:16.400+0800][12.897s][info][gc,task     ] GC(434) Using 2 workers of 18 for evacuation
[2026-06-17T10:02:16.402+0800][12.898s][info][gc,phases   ] GC(434)   Pre Evacuate Collection Set: 0.23ms
[2026-06-17T10:02:16.402+0800][12.899s][info][gc,phases   ] GC(434)   Merge Heap Roots: 0.05ms
[2026-06-17T10:02:16.402+0800][12.899s][info][gc,phases   ] GC(434)   Evacuate Collection Set: 0.40ms
[2026-06-17T10:02:16.403+0800][12.900s][info][gc,phases   ] GC(434)   Post Evacuate Collection Set: 0.32ms
[2026-06-17T10:02:16.403+0800][12.900s][info][gc,phases   ] GC(434)   Other: 0.63ms
[2026-06-17T10:02:16.403+0800][12.900s][info][gc,heap     ] GC(434) Eden regions: 9->0(8)
[2026-06-17T10:02:16.404+0800][12.900s][info][gc,heap     ] GC(434) Survivor regions: 2->2(2)
[2026-06-17T10:02:16.404+0800][12.901s][info][gc,heap     ] GC(434) Old regions: 27->29
[2026-06-17T10:02:16.404+0800][12.901s][info][gc,heap     ] GC(434) Humongous regions: 16->16
[2026-06-17T10:02:16.404+0800][12.901s][info][gc,metaspace] GC(434) Metaspace: 112K(320K)->112K(320K) NonClass: 105K(192K)->105K(192K) Class: 7K(128K)->7K(128K)
[2026-06-17T10:02:16.405+0800][12.902s][info][gc          ] GC(434) Pause Young (Concurrent Start) (G1 Evacuation Pause) 53M->46M(64M) 5.371ms
[2026-06-17T10:02:16.405+0800][12.902s][info][gc,cpu      ] GC(434) User=0.00s Sys=0.00s Real=0.01s
[2026-06-17T10:02:16.405+0800][12.902s][info][gc          ] GC(435) Concurrent Mark Cycle
[2026-06-17T10:02:16.406+0800][12.903s][info][gc,marking  ] GC(435) Concurrent Scan Root Regions
[2026-06-17T10:02:16.406+0800][12.903s][info][gc,marking  ] GC(435) Concurrent Scan Root Regions 0.244ms
[2026-06-17T10:02:16.406+0800][12.903s][info][gc,marking  ] GC(435) Concurrent Mark
[2026-06-17T10:02:16.406+0800][12.903s][info][gc,marking  ] GC(435) Concurrent Mark From Roots
[2026-06-17T10:02:16.406+0800][12.903s][info][gc,task     ] GC(435) Using 5 workers of 5 for marking
[2026-06-17T10:02:16.408+0800][12.905s][info][gc,marking  ] GC(435) Concurrent Mark From Roots 1.934ms
[2026-06-17T10:02:16.427+0800][12.924s][info][gc,start    ] GC(436) Pause Young (Normal) (G1 Evacuation Pause)
[2026-06-17T10:02:16.474+0800][12.971s][info][gc,marking  ] GC(435) Concurrent Preclean
[2026-06-17T10:02:16.474+0800][12.971s][info][gc,task     ] GC(436) Using 2 workers of 18 for evacuation
[2026-06-17T10:02:16.476+0800][12.973s][info][gc,phases   ] GC(436)   Pre Evacuate Collection Set: 0.14ms
[2026-06-17T10:02:16.476+0800][12.973s][info][gc,phases   ] GC(436)   Merge Heap Roots: 0.04ms
[2026-06-17T10:02:16.476+0800][12.973s][info][gc,phases   ] GC(436)   Evacuate Collection Set: 0.29ms
[2026-06-17T10:02:16.477+0800][12.973s][info][gc,phases   ] GC(436)   Post Evacuate Collection Set: 0.22ms
[2026-06-17T10:02:16.477+0800][12.974s][info][gc,phases   ] GC(436)   Other: 1.06ms
[2026-06-17T10:02:16.477+0800][12.974s][info][gc,heap     ] GC(436) Eden regions: 8->0(7)
[2026-06-17T10:02:16.477+0800][12.974s][info][gc,heap     ] GC(436) Survivor regions: 2->2(2)
[2026-06-17T10:02:16.477+0800][12.974s][info][gc,heap     ] GC(436) Old regions: 29->30
[2026-06-17T10:02:16.478+0800][12.975s][info][gc,heap     ] GC(436) Humongous regions: 16->16
[2026-06-17T10:02:16.478+0800][12.975s][info][gc,metaspace] GC(436) Metaspace: 112K(320K)->112K(320K) NonClass: 105K(192K)->105K(192K) Class: 7K(128K)->7K(128K)
[2026-06-17T10:02:16.478+0800][12.975s][info][gc          ] GC(436) Pause Young (Normal) (G1 Evacuation Pause) 54M->47M(64M) 51.587ms
[2026-06-17T10:02:16.479+0800][12.975s][info][gc,cpu      ] GC(436) User=0.00s Sys=0.00s Real=0.05s
[2026-06-17T10:02:16.479+0800][12.976s][info][gc,marking  ] GC(435) Concurrent Preclean 5.479ms
[2026-06-17T10:02:16.480+0800][12.976s][info][gc,start    ] GC(435) Pause Remark
[2026-06-17T10:02:16.480+0800][12.977s][info][gc          ] GC(435) Pause Remark 50M->49M(64M) 0.675ms
[2026-06-17T10:02:16.483+0800][12.980s][info][gc,cpu      ] GC(435) User=0.00s Sys=0.00s Real=0.01s
[2026-06-17T10:02:16.486+0800][12.983s][info][gc,marking  ] GC(435) Concurrent Mark 79.814ms
[2026-06-17T10:02:16.486+0800][12.983s][info][gc,marking  ] GC(435) Concurrent Rebuild Remembered Sets and Scrub Regions
[2026-06-17T10:02:16.487+0800][12.984s][info][gc,marking  ] GC(435) Concurrent Rebuild Remembered Sets and Scrub Regions 1.049ms
[2026-06-17T10:02:16.489+0800][12.986s][info][gc,start    ] GC(435) Pause Cleanup
[2026-06-17T10:02:16.491+0800][12.988s][info][gc          ] GC(435) Pause Cleanup 49M->49M(64M) 2.262ms
[2026-06-17T10:02:16.492+0800][12.989s][info][gc,cpu      ] GC(435) User=0.00s Sys=0.00s Real=0.01s
[2026-06-17T10:02:16.493+0800][12.989s][info][gc,marking  ] GC(435) Concurrent Clear Claimed Marks
[2026-06-17T10:02:16.493+0800][12.990s][info][gc,marking  ] GC(435) Concurrent Clear Claimed Marks 0.106ms
[2026-06-17T10:02:16.493+0800][12.990s][info][gc,marking  ] GC(435) Concurrent Cleanup for Next Mark
[2026-06-17T10:02:16.493+0800][12.990s][info][gc,marking  ] GC(435) Concurrent Cleanup for Next Mark 0.196ms
[2026-06-17T10:02:16.493+0800][12.990s][info][gc          ] GC(435) Concurrent Mark Cycle 88.005ms
[2026-06-17T10:02:16.496+0800][12.993s][info][gc,start    ] GC(437) Pause Young (Prepare Mixed) (G1 Evacuation Pause)
[2026-06-17T10:02:16.497+0800][12.994s][info][gc,task     ] GC(437) Using 2 workers of 18 for evacuation
[2026-06-17T10:02:16.498+0800][12.995s][info][gc,phases   ] GC(437)   Pre Evacuate Collection Set: 0.10ms
[2026-06-17T10:02:16.498+0800][12.995s][info][gc,phases   ] GC(437)   Merge Heap Roots: 0.05ms
[2026-06-17T10:02:16.499+0800][12.995s][info][gc,phases   ] GC(437)   Evacuate Collection Set: 0.22ms
[2026-06-17T10:02:16.499+0800][12.996s][info][gc,phases   ] GC(437)   Post Evacuate Collection Set: 0.27ms
[2026-06-17T10:02:16.499+0800][12.996s][info][gc,phases   ] GC(437)   Other: 0.45ms
[2026-06-17T10:02:16.500+0800][12.997s][info][gc,heap     ] GC(437) Eden regions: 7->0(8)
[2026-06-17T10:02:16.500+0800][12.997s][info][gc,heap     ] GC(437) Survivor regions: 2->1(2)
[2026-06-17T10:02:16.501+0800][12.998s][info][gc,heap     ] GC(437) Old regions: 29->31
[2026-06-17T10:02:16.501+0800][12.998s][info][gc,heap     ] GC(437) Humongous regions: 16->16
[2026-06-17T10:02:16.502+0800][12.998s][info][gc,metaspace] GC(437) Metaspace: 112K(320K)->112K(320K) NonClass: 105K(192K)->105K(192K) Class: 7K(128K)->7K(128K)
[2026-06-17T10:02:16.502+0800][12.999s][info][gc          ] GC(437) Pause Young (Prepare Mixed) (G1 Evacuation Pause) 53M->46M(64M) 5.659ms
[2026-06-17T10:02:16.502+0800][12.999s][info][gc,cpu      ] GC(437) User=0.00s Sys=0.00s Real=0.00s
[2026-06-17T10:02:16.524+0800][13.021s][info][gc,start    ] GC(438) Pause Young (Mixed) (G1 Evacuation Pause)
[2026-06-17T10:02:16.526+0800][13.023s][info][gc,task     ] GC(438) Using 2 workers of 18 for evacuation
[2026-06-17T10:02:16.527+0800][13.024s][info][gc,phases   ] GC(438)   Pre Evacuate Collection Set: 0.13ms
[2026-06-17T10:02:16.528+0800][13.025s][info][gc,phases   ] GC(438)   Merge Heap Roots: 0.04ms
[2026-06-17T10:02:16.528+0800][13.025s][info][gc,phases   ] GC(438)   Evacuate Collection Set: 0.54ms
[2026-06-17T10:02:16.528+0800][13.025s][info][gc,phases   ] GC(438)   Post Evacuate Collection Set: 0.16ms
[2026-06-17T10:02:16.529+0800][13.026s][info][gc,phases   ] GC(438)   Other: 0.61ms
[2026-06-17T10:02:16.529+0800][13.026s][info][gc,heap     ] GC(438) Eden regions: 8->0(7)
[2026-06-17T10:02:16.529+0800][13.026s][info][gc,heap     ] GC(438) Survivor regions: 1->2(2)
[2026-06-17T10:02:16.530+0800][13.027s][info][gc,heap     ] GC(438) Old regions: 31->30
[2026-06-17T10:02:16.530+0800][13.027s][info][gc,heap     ] GC(438) Humongous regions: 16->16
[2026-06-17T10:02:16.530+0800][13.027s][info][gc,metaspace] GC(438) Metaspace: 112K(320K)->112K(320K) NonClass: 105K(192K)->105K(192K) Class: 7K(128K)->7K(128K)
[2026-06-17T10:02:16.531+0800][13.028s][info][gc          ] GC(438) Pause Young (Mixed) (G1 Evacuation Pause) 54M->47M(64M) 7.012ms
[2026-06-17T10:02:16.531+0800][13.028s][info][gc,cpu      ] GC(438) User=0.00s Sys=0.00s Real=0.01s
[2026-06-17T10:02:16.532+0800][13.029s][info][gc,start    ] GC(439) Pause Young (Concurrent Start) (G1 Humongous Allocation)
[2026-06-17T10:02:16.532+0800][13.029s][info][gc,task     ] GC(439) Using 2 workers of 18 for evacuation
[2026-06-17T10:02:16.533+0800][13.030s][info][gc,phases   ] GC(439)   Pre Evacuate Collection Set: 0.13ms
[2026-06-17T10:02:16.533+0800][13.030s][info][gc,phases   ] GC(439)   Merge Heap Roots: 0.03ms
[2026-06-17T10:02:16.534+0800][13.031s][info][gc,phases   ] GC(439)   Evacuate Collection Set: 0.19ms
[2026-06-17T10:02:16.534+0800][13.031s][info][gc,phases   ] GC(439)   Post Evacuate Collection Set: 0.16ms
[2026-06-17T10:02:16.535+0800][13.032s][info][gc,phases   ] GC(439)   Other: 0.43ms
[2026-06-17T10:02:16.535+0800][13.032s][info][gc,heap     ] GC(439) Eden regions: 1->0(8)
[2026-06-17T10:02:16.535+0800][13.032s][info][gc,heap     ] GC(439) Survivor regions: 2->0(2)
[2026-06-17T10:02:16.536+0800][13.033s][info][gc,heap     ] GC(439) Old regions: 30->32
[2026-06-17T10:02:16.536+0800][13.033s][info][gc,heap     ] GC(439) Humongous regions: 16->16
[2026-06-17T10:02:16.536+0800][13.033s][info][gc,metaspace] GC(439) Metaspace: 112K(320K)->112K(320K) NonClass: 105K(192K)->105K(192K) Class: 7K(128K)->7K(128K)
[2026-06-17T10:02:16.537+0800][13.034s][info][gc          ] GC(439) Pause Young (Concurrent Start) (G1 Humongous Allocation) 47M->47M(64M) 5.109ms
[2026-06-17T10:02:16.537+0800][13.034s][info][gc,cpu      ] GC(439) User=0.00s Sys=0.00s Real=0.00s
[2026-06-17T10:02:16.537+0800][13.034s][info][gc          ] GC(440) Concurrent Mark Cycle
[2026-06-17T10:02:16.538+0800][13.035s][info][gc,marking  ] GC(440) Concurrent Scan Root Regions
[2026-06-17T10:02:16.538+0800][13.035s][info][gc,marking  ] GC(440) Concurrent Scan Root Regions 0.468ms
[2026-06-17T10:02:16.539+0800][13.036s][info][gc,marking  ] GC(440) Concurrent Mark
[2026-06-17T10:02:16.539+0800][13.036s][info][gc,marking  ] GC(440) Concurrent Mark From Roots
[2026-06-17T10:02:16.540+0800][13.036s][info][gc,task     ] GC(440) Using 5 workers of 5 for marking
[2026-06-17T10:02:16.541+0800][13.038s][info][gc,marking  ] GC(440) Concurrent Mark From Roots 2.252ms
[2026-06-17T10:02:16.542+0800][13.039s][info][gc,marking  ] GC(440) Concurrent Preclean
[2026-06-17T10:02:16.542+0800][13.039s][info][gc,marking  ] GC(440) Concurrent Preclean 0.392ms
[2026-06-17T10:02:16.543+0800][13.040s][info][gc,start    ] GC(440) Pause Remark
[2026-06-17T10:02:16.543+0800][13.040s][info][gc          ] GC(440) Pause Remark 49M->43M(64M) 0.762ms
[2026-06-17T10:02:16.544+0800][13.041s][info][gc,cpu      ] GC(440) User=0.00s Sys=0.00s Real=0.00s
[2026-06-17T10:02:16.544+0800][13.041s][info][gc,marking  ] GC(440) Concurrent Mark 5.527ms
[2026-06-17T10:02:16.545+0800][13.041s][info][gc,marking  ] GC(440) Concurrent Rebuild Remembered Sets and Scrub Regions
[2026-06-17T10:02:16.545+0800][13.042s][info][gc,marking  ] GC(440) Concurrent Rebuild Remembered Sets and Scrub Regions 0.855ms
[2026-06-17T10:02:16.546+0800][13.043s][info][gc,start    ] GC(440) Pause Cleanup
[2026-06-17T10:02:16.546+0800][13.043s][info][gc          ] GC(440) Pause Cleanup 43M->43M(64M) 0.438ms
[2026-06-17T10:02:16.547+0800][13.044s][info][gc,cpu      ] GC(440) User=0.00s Sys=0.00s Real=0.00s
[2026-06-17T10:02:16.547+0800][13.044s][info][gc,marking  ] GC(440) Concurrent Clear Claimed Marks
[2026-06-17T10:02:16.548+0800][13.044s][info][gc,marking  ] GC(440) Concurrent Clear Claimed Marks 0.372ms
[2026-06-17T10:02:16.548+0800][13.045s][info][gc,marking  ] GC(440) Concurrent Cleanup for Next Mark
[2026-06-17T10:02:16.548+0800][13.045s][info][gc,marking  ] GC(440) Concurrent Cleanup for Next Mark 0.445ms
[2026-06-17T10:02:16.549+0800][13.046s][info][gc          ] GC(440) Concurrent Mark Cycle 11.632ms
[2026-06-17T10:02:16.559+0800][13.055s][info][gc,start    ] GC(441) Pause Young (Prepare Mixed) (G1 Evacuation Pause)
[2026-06-17T10:02:16.559+0800][13.056s][info][gc,task     ] GC(441) Using 2 workers of 18 for evacuation
[2026-06-17T10:02:16.560+0800][13.057s][info][gc,phases   ] GC(441)   Pre Evacuate Collection Set: 0.10ms
[2026-06-17T10:02:16.561+0800][13.058s][info][gc,phases   ] GC(441)   Merge Heap Roots: 0.04ms
[2026-06-17T10:02:16.561+0800][13.058s][info][gc,phases   ] GC(441)   Evacuate Collection Set: 0.32ms
[2026-06-17T10:02:16.562+0800][13.058s][info][gc,phases   ] GC(441)   Post Evacuate Collection Set: 0.17ms
[2026-06-17T10:02:16.562+0800][13.059s][info][gc,phases   ] GC(441)   Other: 0.41ms
[2026-06-17T10:02:16.562+0800][13.059s][info][gc,heap     ] GC(441) Eden regions: 8->0(12)
[2026-06-17T10:02:16.563+0800][13.060s][info][gc,heap     ] GC(441) Survivor regions: 0->1(1)
[2026-06-17T10:02:16.563+0800][13.060s][info][gc,heap     ] GC(441) Old regions: 26->30
[2026-06-17T10:02:16.564+0800][13.061s][info][gc,heap     ] GC(441) Humongous regions: 18->10
[2026-06-17T10:02:16.564+0800][13.061s][info][gc,metaspace] GC(441) Metaspace: 112K(320K)->112K(320K) NonClass: 105K(192K)->105K(192K) Class: 7K(128K)->7K(128K)
[2026-06-17T10:02:16.564+0800][13.061s][info][gc          ] GC(441) Pause Young (Prepare Mixed) (G1 Evacuation Pause) 51M->40M(64M) 5.757ms
[2026-06-17T10:02:16.565+0800][13.062s][info][gc,cpu      ] GC(441) User=0.00s Sys=0.00s Real=0.01s
[2026-06-17T10:02:16.597+0800][13.094s][info][gc,start    ] GC(442) Pause Young (Mixed) (G1 Evacuation Pause)
[2026-06-17T10:02:16.598+0800][13.095s][info][gc,task     ] GC(442) Using 2 workers of 18 for evacuation
[2026-06-17T10:02:16.603+0800][13.100s][info][gc,phases   ] GC(442)   Pre Evacuate Collection Set: 0.24ms
[2026-06-17T10:02:16.605+0800][13.102s][info][gc,phases   ] GC(442)   Merge Heap Roots: 0.08ms
[2026-06-17T10:02:16.608+0800][13.105s][info][gc,phases   ] GC(442)   Evacuate Collection Set: 0.53ms
[2026-06-17T10:02:16.608+0800][13.105s][info][gc,phases   ] GC(442)   Post Evacuate Collection Set: 0.20ms
[2026-06-17T10:02:16.608+0800][13.105s][info][gc,phases   ] GC(442)   Other: 3.99ms
[2026-06-17T10:02:16.610+0800][13.107s][info][gc,heap     ] GC(442) Eden regions: 12->0(12)
[2026-06-17T10:02:16.611+0800][13.108s][info][gc,heap     ] GC(442) Survivor regions: 1->2(2)
[2026-06-17T10:02:16.612+0800][13.109s][info][gc,heap     ] GC(442) Old regions: 30->28
[2026-06-17T10:02:16.613+0800][13.110s][info][gc,heap     ] GC(442) Humongous regions: 10->10
[2026-06-17T10:02:16.614+0800][13.111s][info][gc,metaspace] GC(442) Metaspace: 112K(320K)->112K(320K) NonClass: 105K(192K)->105K(192K) Class: 7K(128K)->7K(128K)
[2026-06-17T10:02:16.616+0800][13.112s][info][gc          ] GC(442) Pause Young (Mixed) (G1 Evacuation Pause) 52M->39M(64M) 18.894ms
[2026-06-17T10:02:16.616+0800][13.113s][info][gc,cpu      ] GC(442) User=0.00s Sys=0.00s Real=0.02s
[2026-06-17T10:02:16.649+0800][13.146s][info][gc,start    ] GC(443) Pause Young (Mixed) (G1 Evacuation Pause)
[2026-06-17T10:02:16.650+0800][13.147s][info][gc,task     ] GC(443) Using 2 workers of 18 for evacuation
[2026-06-17T10:02:16.652+0800][13.149s][info][gc,phases   ] GC(443)   Pre Evacuate Collection Set: 0.22ms
[2026-06-17T10:02:16.652+0800][13.149s][info][gc,phases   ] GC(443)   Merge Heap Roots: 0.37ms
[2026-06-17T10:02:16.653+0800][13.149s][info][gc,phases   ] GC(443)   Evacuate Collection Set: 0.66ms
[2026-06-17T10:02:16.653+0800][13.150s][info][gc,phases   ] GC(443)   Post Evacuate Collection Set: 0.30ms
[2026-06-17T10:02:16.653+0800][13.150s][info][gc,phases   ] GC(443)   Other: 0.29ms
[2026-06-17T10:02:16.653+0800][13.150s][info][gc,heap     ] GC(443) Eden regions: 12->0(11)
[2026-06-17T10:02:16.654+0800][13.151s][info][gc,heap     ] GC(443) Survivor regions: 2->2(2)
[2026-06-17T10:02:16.654+0800][13.151s][info][gc,heap     ] GC(443) Old regions: 28->30
[2026-06-17T10:02:16.654+0800][13.151s][info][gc,heap     ] GC(443) Humongous regions: 10->10
[2026-06-17T10:02:16.654+0800][13.151s][info][gc,metaspace] GC(443) Metaspace: 112K(320K)->112K(320K) NonClass: 105K(192K)->105K(192K) Class: 7K(128K)->7K(128K)
[2026-06-17T10:02:16.654+0800][13.151s][info][gc          ] GC(443) Pause Young (Mixed) (G1 Evacuation Pause) 51M->41M(64M) 5.063ms
[2026-06-17T10:02:16.655+0800][13.151s][info][gc,cpu      ] GC(443) User=0.01s Sys=0.00s Real=0.01s
[2026-06-17T10:02:16.686+0800][13.183s][info][gc,start    ] GC(444) Pause Young (Normal) (G1 Evacuation Pause)
[2026-06-17T10:02:16.686+0800][13.183s][info][gc,task     ] GC(444) Using 2 workers of 18 for evacuation
[2026-06-17T10:02:16.687+0800][13.184s][info][gc,phases   ] GC(444)   Pre Evacuate Collection Set: 0.11ms
[2026-06-17T10:02:16.688+0800][13.184s][info][gc,phases   ] GC(444)   Merge Heap Roots: 0.04ms
[2026-06-17T10:02:16.688+0800][13.185s][info][gc,phases   ] GC(444)   Evacuate Collection Set: 0.34ms
[2026-06-17T10:02:16.688+0800][13.185s][info][gc,phases   ] GC(444)   Post Evacuate Collection Set: 0.15ms
[2026-06-17T10:02:16.688+0800][13.185s][info][gc,phases   ] GC(444)   Other: 0.32ms
[2026-06-17T10:02:16.688+0800][13.185s][info][gc,heap     ] GC(444) Eden regions: 11->0(9)
[2026-06-17T10:02:16.688+0800][13.185s][info][gc,heap     ] GC(444) Survivor regions: 2->2(2)
[2026-06-17T10:02:16.688+0800][13.185s][info][gc,heap     ] GC(444) Old regions: 30->33
[2026-06-17T10:02:16.688+0800][13.185s][info][gc,heap     ] GC(444) Humongous regions: 10->10
[2026-06-17T10:02:16.688+0800][13.185s][info][gc,metaspace] GC(444) Metaspace: 112K(320K)->112K(320K) NonClass: 105K(192K)->105K(192K) Class: 7K(128K)->7K(128K)
[2026-06-17T10:02:16.689+0800][13.185s][info][gc          ] GC(444) Pause Young (Normal) (G1 Evacuation Pause) 52M->44M(64M) 2.432ms
[2026-06-17T10:02:16.689+0800][13.185s][info][gc,cpu      ] GC(444) User=0.00s Sys=0.00s Real=0.00s
[2026-06-17T10:02:16.710+0800][13.207s][info][gc,start    ] GC(445) Pause Young (Concurrent Start) (G1 Evacuation Pause)
[2026-06-17T10:02:16.710+0800][13.207s][info][gc,task     ] GC(445) Using 2 workers of 18 for evacuation
[2026-06-17T10:02:16.711+0800][13.208s][info][gc,phases   ] GC(445)   Pre Evacuate Collection Set: 0.18ms
[2026-06-17T10:02:16.711+0800][13.208s][info][gc,phases   ] GC(445)   Merge Heap Roots: 0.07ms
[2026-06-17T10:02:16.712+0800][13.208s][info][gc,phases   ] GC(445)   Evacuate Collection Set: 0.39ms
[2026-06-17T10:02:16.712+0800][13.209s][info][gc,phases   ] GC(445)   Post Evacuate Collection Set: 0.22ms
[2026-06-17T10:02:16.712+0800][13.209s][info][gc,phases   ] GC(445)   Other: 0.34ms
[2026-06-17T10:02:16.712+0800][13.209s][info][gc,heap     ] GC(445) Eden regions: 9->0(7)
[2026-06-17T10:02:16.712+0800][13.209s][info][gc,heap     ] GC(445) Survivor regions: 2->2(2)
[2026-06-17T10:02:16.712+0800][13.209s][info][gc,heap     ] GC(445) Old regions: 33->35
[2026-06-17T10:02:16.712+0800][13.209s][info][gc,heap     ] GC(445) Humongous regions: 10->10
[2026-06-17T10:02:16.712+0800][13.209s][info][gc,metaspace] GC(445) Metaspace: 112K(320K)->112K(320K) NonClass: 105K(192K)->105K(192K) Class: 7K(128K)->7K(128K)
[2026-06-17T10:02:16.713+0800][13.209s][info][gc          ] GC(445) Pause Young (Concurrent Start) (G1 Evacuation Pause) 53M->46M(64M) 2.844ms
[2026-06-17T10:02:16.713+0800][13.209s][info][gc,cpu      ] GC(445) User=0.00s Sys=0.00s Real=0.01s
[2026-06-17T10:02:16.713+0800][13.209s][info][gc          ] GC(446) Concurrent Mark Cycle
[2026-06-17T10:02:16.713+0800][13.210s][info][gc,marking  ] GC(446) Concurrent Scan Root Regions
[2026-06-17T10:02:16.713+0800][13.210s][info][gc,marking  ] GC(446) Concurrent Scan Root Regions 0.223ms
[2026-06-17T10:02:16.713+0800][13.210s][info][gc,marking  ] GC(446) Concurrent Mark
[2026-06-17T10:02:16.713+0800][13.210s][info][gc,marking  ] GC(446) Concurrent Mark From Roots
[2026-06-17T10:02:16.713+0800][13.210s][info][gc,task     ] GC(446) Using 5 workers of 5 for marking
[2026-06-17T10:02:16.715+0800][13.211s][info][gc,marking  ] GC(446) Concurrent Mark From Roots 1.362ms
[2026-06-17T10:02:16.715+0800][13.212s][info][gc,marking  ] GC(446) Concurrent Preclean
[2026-06-17T10:02:16.715+0800][13.212s][info][gc,marking  ] GC(446) Concurrent Preclean 0.139ms
[2026-06-17T10:02:16.715+0800][13.212s][info][gc,start    ] GC(446) Pause Remark
[2026-06-17T10:02:16.715+0800][13.212s][info][gc          ] GC(446) Pause Remark 49M->37M(64M) 0.364ms
[2026-06-17T10:02:16.715+0800][13.212s][info][gc,cpu      ] GC(446) User=0.00s Sys=0.00s Real=0.00s
[2026-06-17T10:02:16.716+0800][13.212s][info][gc,marking  ] GC(446) Concurrent Mark 2.434ms
[2026-06-17T10:02:16.716+0800][13.213s][info][gc,marking  ] GC(446) Concurrent Rebuild Remembered Sets and Scrub Regions
[2026-06-17T10:02:16.716+0800][13.213s][info][gc,marking  ] GC(446) Concurrent Rebuild Remembered Sets and Scrub Regions 0.506ms
[2026-06-17T10:02:16.716+0800][13.213s][info][gc,start    ] GC(446) Pause Cleanup
[2026-06-17T10:02:16.717+0800][13.214s][info][gc          ] GC(446) Pause Cleanup 37M->37M(64M) 0.258ms
[2026-06-17T10:02:16.717+0800][13.214s][info][gc,cpu      ] GC(446) User=0.00s Sys=0.00s Real=0.00s
[2026-06-17T10:02:16.717+0800][13.214s][info][gc,marking  ] GC(446) Concurrent Clear Claimed Marks
[2026-06-17T10:02:16.717+0800][13.214s][info][gc,marking  ] GC(446) Concurrent Clear Claimed Marks 0.084ms
[2026-06-17T10:02:16.717+0800][13.214s][info][gc,marking  ] GC(446) Concurrent Cleanup for Next Mark
[2026-06-17T10:02:16.717+0800][13.214s][info][gc,marking  ] GC(446) Concurrent Cleanup for Next Mark 0.176ms
[2026-06-17T10:02:16.717+0800][13.214s][info][gc          ] GC(446) Concurrent Mark Cycle 4.728ms
[2026-06-17T10:02:16.734+0800][13.231s][info][gc,start    ] GC(447) Pause Young (Prepare Mixed) (G1 Evacuation Pause)
[2026-06-17T10:02:16.734+0800][13.231s][info][gc,task     ] GC(447) Using 2 workers of 18 for evacuation
[2026-06-17T10:02:16.735+0800][13.232s][info][gc,phases   ] GC(447)   Pre Evacuate Collection Set: 0.14ms
[2026-06-17T10:02:16.736+0800][13.232s][info][gc,phases   ] GC(447)   Merge Heap Roots: 0.06ms
[2026-06-17T10:02:16.736+0800][13.233s][info][gc,phases   ] GC(447)   Evacuate Collection Set: 0.33ms
[2026-06-17T10:02:16.736+0800][13.233s][info][gc,phases   ] GC(447)   Post Evacuate Collection Set: 0.21ms
[2026-06-17T10:02:16.736+0800][13.233s][info][gc,phases   ] GC(447)   Other: 0.33ms
[2026-06-17T10:02:16.736+0800][13.233s][info][gc,heap     ] GC(447) Eden regions: 7->0(13)
[2026-06-17T10:02:16.736+0800][13.233s][info][gc,heap     ] GC(447) Survivor regions: 2->2(2)
[2026-06-17T10:02:16.736+0800][13.233s][info][gc,heap     ] GC(447) Old regions: 23->25
[2026-06-17T10:02:16.737+0800][13.233s][info][gc,heap     ] GC(447) Humongous regions: 10->10
[2026-06-17T10:02:16.737+0800][13.234s][info][gc,metaspace] GC(447) Metaspace: 112K(320K)->112K(320K) NonClass: 105K(192K)->105K(192K) Class: 7K(128K)->7K(128K)
[2026-06-17T10:02:16.737+0800][13.234s][info][gc          ] GC(447) Pause Young (Prepare Mixed) (G1 Evacuation Pause) 41M->36M(64M) 3.065ms
[2026-06-17T10:02:16.737+0800][13.234s][info][gc,cpu      ] GC(447) User=0.00s Sys=0.00s Real=0.00s
[2026-06-17T10:02:16.768+0800][13.265s][info][gc,start    ] GC(448) Pause Young (Mixed) (G1 Evacuation Pause)
[2026-06-17T10:02:16.769+0800][13.266s][info][gc,task     ] GC(448) Using 2 workers of 18 for evacuation
[2026-06-17T10:02:16.770+0800][13.267s][info][gc,phases   ] GC(448)   Pre Evacuate Collection Set: 0.13ms
[2026-06-17T10:02:16.770+0800][13.267s][info][gc,phases   ] GC(448)   Merge Heap Roots: 0.05ms
[2026-06-17T10:02:16.770+0800][13.267s][info][gc,phases   ] GC(448)   Evacuate Collection Set: 0.53ms
[2026-06-17T10:02:16.770+0800][13.267s][info][gc,phases   ] GC(448)   Post Evacuate Collection Set: 0.18ms
[2026-06-17T10:02:16.771+0800][13.267s][info][gc,phases   ] GC(448)   Other: 0.18ms
[2026-06-17T10:02:16.771+0800][13.268s][info][gc,heap     ] GC(448) Eden regions: 13->0(13)
[2026-06-17T10:02:16.771+0800][13.268s][info][gc,heap     ] GC(448) Survivor regions: 2->2(2)
[2026-06-17T10:02:16.771+0800][13.268s][info][gc,heap     ] GC(448) Old regions: 25->24
[2026-06-17T10:02:16.771+0800][13.268s][info][gc,heap     ] GC(448) Humongous regions: 12->12
[2026-06-17T10:02:16.771+0800][13.268s][info][gc,metaspace] GC(448) Metaspace: 112K(320K)->112K(320K) NonClass: 105K(192K)->105K(192K) Class: 7K(128K)->7K(128K)
[2026-06-17T10:02:16.771+0800][13.268s][info][gc          ] GC(448) Pause Young (Mixed) (G1 Evacuation Pause) 51M->37M(64M) 2.792ms
[2026-06-17T10:02:16.771+0800][13.268s][info][gc,cpu      ] GC(448) User=0.00s Sys=0.00s Real=0.01s
[2026-06-17T10:02:16.803+0800][13.300s][info][gc,start    ] GC(449) Pause Young (Mixed) (G1 Evacuation Pause)
[2026-06-17T10:02:16.804+0800][13.300s][info][gc,task     ] GC(449) Using 2 workers of 18 for evacuation
[2026-06-17T10:02:16.805+0800][13.302s][info][gc,phases   ] GC(449)   Pre Evacuate Collection Set: 0.19ms
[2026-06-17T10:02:16.805+0800][13.302s][info][gc,phases   ] GC(449)   Merge Heap Roots: 0.03ms
[2026-06-17T10:02:16.805+0800][13.302s][info][gc,phases   ] GC(449)   Evacuate Collection Set: 0.54ms
[2026-06-17T10:02:16.805+0800][13.302s][info][gc,phases   ] GC(449)   Post Evacuate Collection Set: 0.21ms
[2026-06-17T10:02:16.805+0800][13.302s][info][gc,phases   ] GC(449)   Other: 0.23ms
[2026-06-17T10:02:16.805+0800][13.302s][info][gc,heap     ] GC(449) Eden regions: 13->0(10)
[2026-06-17T10:02:16.806+0800][13.302s][info][gc,heap     ] GC(449) Survivor regions: 2->2(2)
[2026-06-17T10:02:16.806+0800][13.303s][info][gc,heap     ] GC(449) Old regions: 24->27
[2026-06-17T10:02:16.806+0800][13.303s][info][gc,heap     ] GC(449) Humongous regions: 12->12
[2026-06-17T10:02:16.806+0800][13.303s][info][gc,metaspace] GC(449) Metaspace: 112K(320K)->112K(320K) NonClass: 105K(192K)->105K(192K) Class: 7K(128K)->7K(128K)
[2026-06-17T10:02:16.806+0800][13.303s][info][gc          ] GC(449) Pause Young (Mixed) (G1 Evacuation Pause) 50M->40M(64M) 2.793ms
[2026-06-17T10:02:16.806+0800][13.303s][info][gc,cpu      ] GC(449) User=0.00s Sys=0.00s Real=0.00s
[2026-06-17T10:02:16.837+0800][13.334s][info][gc,start    ] GC(450) Pause Young (Concurrent Start) (G1 Evacuation Pause)
[2026-06-17T10:02:16.838+0800][13.335s][info][gc,task     ] GC(450) Using 2 workers of 18 for evacuation
[2026-06-17T10:02:16.840+0800][13.336s][info][gc,phases   ] GC(450)   Pre Evacuate Collection Set: 0.38ms
[2026-06-17T10:02:16.840+0800][13.337s][info][gc,phases   ] GC(450)   Merge Heap Roots: 0.09ms
[2026-06-17T10:02:16.840+0800][13.337s][info][gc,phases   ] GC(450)   Evacuate Collection Set: 0.37ms
[2026-06-17T10:02:16.841+0800][13.337s][info][gc,phases   ] GC(450)   Post Evacuate Collection Set: 0.42ms
[2026-06-17T10:02:16.841+0800][13.338s][info][gc,phases   ] GC(450)   Other: 0.56ms
[2026-06-17T10:02:16.841+0800][13.338s][info][gc,heap     ] GC(450) Eden regions: 10->0(9)
[2026-06-17T10:02:16.841+0800][13.338s][info][gc,heap     ] GC(450) Survivor regions: 2->2(2)
[2026-06-17T10:02:16.841+0800][13.338s][info][gc,heap     ] GC(450) Old regions: 27->29
[2026-06-17T10:02:16.841+0800][13.338s][info][gc,heap     ] GC(450) Humongous regions: 12->12
[2026-06-17T10:02:16.841+0800][13.338s][info][gc,metaspace] GC(450) Metaspace: 112K(320K)->112K(320K) NonClass: 105K(192K)->105K(192K) Class: 7K(128K)->7K(128K)
[2026-06-17T10:02:16.841+0800][13.338s][info][gc          ] GC(450) Pause Young (Concurrent Start) (G1 Evacuation Pause) 50M->42M(64M) 4.055ms
[2026-06-17T10:02:16.842+0800][13.338s][info][gc,cpu      ] GC(450) User=0.00s Sys=0.01s Real=0.00s
[2026-06-17T10:02:16.842+0800][13.338s][info][gc          ] GC(451) Concurrent Mark Cycle
[2026-06-17T10:02:16.842+0800][13.339s][info][gc,marking  ] GC(451) Concurrent Scan Root Regions
[2026-06-17T10:02:16.842+0800][13.339s][info][gc,marking  ] GC(451) Concurrent Scan Root Regions 0.167ms
[2026-06-17T10:02:16.842+0800][13.339s][info][gc,marking  ] GC(451) Concurrent Mark
[2026-06-17T10:02:16.842+0800][13.339s][info][gc,marking  ] GC(451) Concurrent Mark From Roots
[2026-06-17T10:02:16.842+0800][13.339s][info][gc,task     ] GC(451) Using 5 workers of 5 for marking
[2026-06-17T10:02:16.844+0800][13.341s][info][gc,marking  ] GC(451) Concurrent Mark From Roots 1.488ms
[2026-06-17T10:02:16.844+0800][13.341s][info][gc,marking  ] GC(451) Concurrent Preclean
[2026-06-17T10:02:16.844+0800][13.341s][info][gc,marking  ] GC(451) Concurrent Preclean 0.143ms
[2026-06-17T10:02:16.844+0800][13.341s][info][gc,start    ] GC(451) Pause Remark
[2026-06-17T10:02:16.845+0800][13.342s][info][gc          ] GC(451) Pause Remark 44M->43M(64M) 0.505ms
[2026-06-17T10:02:16.845+0800][13.342s][info][gc,cpu      ] GC(451) User=0.00s Sys=0.00s Real=0.00s
[2026-06-17T10:02:16.845+0800][13.342s][info][gc,marking  ] GC(451) Concurrent Mark 3.089ms
[2026-06-17T10:02:16.845+0800][13.342s][info][gc,marking  ] GC(451) Concurrent Rebuild Remembered Sets and Scrub Regions
[2026-06-17T10:02:16.846+0800][13.343s][info][gc,marking  ] GC(451) Concurrent Rebuild Remembered Sets and Scrub Regions 0.409ms
[2026-06-17T10:02:16.846+0800][13.343s][info][gc,start    ] GC(451) Pause Cleanup
[2026-06-17T10:02:16.846+0800][13.343s][info][gc          ] GC(451) Pause Cleanup 43M->43M(64M) 0.169ms
[2026-06-17T10:02:16.846+0800][13.343s][info][gc,cpu      ] GC(451) User=0.00s Sys=0.00s Real=0.00s
[2026-06-17T10:02:16.846+0800][13.343s][info][gc,marking  ] GC(451) Concurrent Clear Claimed Marks
[2026-06-17T10:02:16.846+0800][13.343s][info][gc,marking  ] GC(451) Concurrent Clear Claimed Marks 0.114ms
[2026-06-17T10:02:16.847+0800][13.343s][info][gc,marking  ] GC(451) Concurrent Cleanup for Next Mark
[2026-06-17T10:02:16.847+0800][13.344s][info][gc,marking  ] GC(451) Concurrent Cleanup for Next Mark 0.168ms
[2026-06-17T10:02:16.847+0800][13.344s][info][gc          ] GC(451) Concurrent Mark Cycle 5.261ms
[2026-06-17T10:02:16.863+0800][13.360s][info][gc,start    ] GC(452) Pause Young (Prepare Mixed) (G1 Evacuation Pause)
[2026-06-17T10:02:16.863+0800][13.360s][info][gc,task     ] GC(452) Using 2 workers of 18 for evacuation
[2026-06-17T10:02:16.864+0800][13.361s][info][gc,phases   ] GC(452)   Pre Evacuate Collection Set: 0.09ms
[2026-06-17T10:02:16.864+0800][13.361s][info][gc,phases   ] GC(452)   Merge Heap Roots: 0.04ms
[2026-06-17T10:02:16.864+0800][13.361s][info][gc,phases   ] GC(452)   Evacuate Collection Set: 0.36ms
[2026-06-17T10:02:16.864+0800][13.361s][info][gc,phases   ] GC(452)   Post Evacuate Collection Set: 0.14ms
[2026-06-17T10:02:16.864+0800][13.361s][info][gc,phases   ] GC(452)   Other: 0.18ms
[2026-06-17T10:02:16.865+0800][13.361s][info][gc,heap     ] GC(452) Eden regions: 9->0(7)
[2026-06-17T10:02:16.865+0800][13.362s][info][gc,heap     ] GC(452) Survivor regions: 2->2(2)
[2026-06-17T10:02:16.865+0800][13.362s][info][gc,heap     ] GC(452) Old regions: 28->32
[2026-06-17T10:02:16.865+0800][13.362s][info][gc,heap     ] GC(452) Humongous regions: 12->12
[2026-06-17T10:02:16.865+0800][13.362s][info][gc,metaspace] GC(452) Metaspace: 112K(320K)->112K(320K) NonClass: 105K(192K)->105K(192K) Class: 7K(128K)->7K(128K)
[2026-06-17T10:02:16.865+0800][13.362s][info][gc          ] GC(452) Pause Young (Prepare Mixed) (G1 Evacuation Pause) 50M->45M(64M) 2.375ms
[2026-06-17T10:02:16.865+0800][13.362s][info][gc,cpu      ] GC(452) User=0.00s Sys=0.00s Real=0.00s
[2026-06-17T10:02:16.886+0800][13.383s][info][gc,start    ] GC(453) Pause Young (Mixed) (G1 Evacuation Pause)
[2026-06-17T10:02:16.887+0800][13.383s][info][gc,task     ] GC(453) Using 2 workers of 18 for evacuation
[2026-06-17T10:02:16.888+0800][13.385s][info][gc,phases   ] GC(453)   Pre Evacuate Collection Set: 0.19ms
[2026-06-17T10:02:16.888+0800][13.385s][info][gc,phases   ] GC(453)   Merge Heap Roots: 0.07ms
[2026-06-17T10:02:16.888+0800][13.385s][info][gc,phases   ] GC(453)   Evacuate Collection Set: 0.51ms
[2026-06-17T10:02:16.888+0800][13.385s][info][gc,phases   ] GC(453)   Post Evacuate Collection Set: 0.25ms
[2026-06-17T10:02:16.888+0800][13.385s][info][gc,phases   ] GC(453)   Other: 0.32ms
[2026-06-17T10:02:16.888+0800][13.385s][info][gc,heap     ] GC(453) Eden regions: 7->0(9)
[2026-06-17T10:02:16.889+0800][13.385s][info][gc,heap     ] GC(453) Survivor regions: 2->2(2)
[2026-06-17T10:02:16.889+0800][13.386s][info][gc,heap     ] GC(453) Old regions: 32->30
[2026-06-17T10:02:16.889+0800][13.386s][info][gc,heap     ] GC(453) Humongous regions: 12->12
[2026-06-17T10:02:16.889+0800][13.386s][info][gc,metaspace] GC(453) Metaspace: 112K(320K)->112K(320K) NonClass: 105K(192K)->105K(192K) Class: 7K(128K)->7K(128K)
[2026-06-17T10:02:16.889+0800][13.386s][info][gc          ] GC(453) Pause Young (Mixed) (G1 Evacuation Pause) 52M->43M(64M) 3.052ms
[2026-06-17T10:02:16.889+0800][13.386s][info][gc,cpu      ] GC(453) User=0.00s Sys=0.00s Real=0.00s
[2026-06-17T10:02:16.910+0800][13.407s][info][gc,start    ] GC(454) Pause Young (Mixed) (G1 Evacuation Pause)
[2026-06-17T10:02:16.911+0800][13.408s][info][gc,task     ] GC(454) Using 2 workers of 18 for evacuation
[2026-06-17T10:02:16.912+0800][13.409s][info][gc,phases   ] GC(454)   Pre Evacuate Collection Set: 0.26ms
[2026-06-17T10:02:16.913+0800][13.409s][info][gc,phases   ] GC(454)   Merge Heap Roots: 0.05ms
[2026-06-17T10:02:16.913+0800][13.410s][info][gc,phases   ] GC(454)   Evacuate Collection Set: 0.42ms
[2026-06-17T10:02:16.913+0800][13.410s][info][gc,phases   ] GC(454)   Post Evacuate Collection Set: 0.19ms
[2026-06-17T10:02:16.913+0800][13.410s][info][gc,phases   ] GC(454)   Other: 0.45ms
[2026-06-17T10:02:16.913+0800][13.410s][info][gc,heap     ] GC(454) Eden regions: 9->0(8)
[2026-06-17T10:02:16.913+0800][13.410s][info][gc,heap     ] GC(454) Survivor regions: 2->2(2)
[2026-06-17T10:02:16.913+0800][13.410s][info][gc,heap     ] GC(454) Old regions: 30->31
[2026-06-17T10:02:16.914+0800][13.410s][info][gc,heap     ] GC(454) Humongous regions: 12->12
[2026-06-17T10:02:16.914+0800][13.411s][info][gc,metaspace] GC(454) Metaspace: 112K(320K)->112K(320K) NonClass: 105K(192K)->105K(192K) Class: 7K(128K)->7K(128K)
[2026-06-17T10:02:16.914+0800][13.411s][info][gc          ] GC(454) Pause Young (Mixed) (G1 Evacuation Pause) 52M->44M(64M) 3.314ms
[2026-06-17T10:02:16.914+0800][13.411s][info][gc,cpu      ] GC(454) User=0.00s Sys=0.00s Real=0.00s
[2026-06-17T10:02:16.935+0800][13.432s][info][gc,start    ] GC(455) Pause Young (Normal) (G1 Evacuation Pause)
[2026-06-17T10:02:16.935+0800][13.432s][info][gc,task     ] GC(455) Using 2 workers of 18 for evacuation
[2026-06-17T10:02:16.937+0800][13.433s][info][gc,phases   ] GC(455)   Pre Evacuate Collection Set: 0.16ms
[2026-06-17T10:02:16.937+0800][13.434s][info][gc,phases   ] GC(455)   Merge Heap Roots: 0.04ms
[2026-06-17T10:02:16.937+0800][13.434s][info][gc,phases   ] GC(455)   Evacuate Collection Set: 0.39ms
[2026-06-17T10:02:16.937+0800][13.434s][info][gc,phases   ] GC(455)   Post Evacuate Collection Set: 0.19ms
[2026-06-17T10:02:16.937+0800][13.434s][info][gc,phases   ] GC(455)   Other: 0.31ms
[2026-06-17T10:02:16.937+0800][13.434s][info][gc,heap     ] GC(455) Eden regions: 8->0(6)
[2026-06-17T10:02:16.937+0800][13.434s][info][gc,heap     ] GC(455) Survivor regions: 2->2(2)
[2026-06-17T10:02:16.938+0800][13.434s][info][gc,heap     ] GC(455) Old regions: 31->34
[2026-06-17T10:02:16.938+0800][13.434s][info][gc,heap     ] GC(455) Humongous regions: 12->12
[2026-06-17T10:02:16.938+0800][13.435s][info][gc,metaspace] GC(455) Metaspace: 112K(320K)->112K(320K) NonClass: 105K(192K)->105K(192K) Class: 7K(128K)->7K(128K)
[2026-06-17T10:02:16.938+0800][13.435s][info][gc          ] GC(455) Pause Young (Normal) (G1 Evacuation Pause) 52M->47M(64M) 2.663ms
[2026-06-17T10:02:16.938+0800][13.435s][info][gc,cpu      ] GC(455) User=0.00s Sys=0.00s Real=0.00s
[2026-06-17T10:02:16.959+0800][13.456s][info][gc,start    ] GC(456) Pause Young (Concurrent Start) (G1 Evacuation Pause)
[2026-06-17T10:02:16.959+0800][13.456s][info][gc,task     ] GC(456) Using 2 workers of 18 for evacuation
[2026-06-17T10:02:16.960+0800][13.457s][info][gc,phases   ] GC(456)   Pre Evacuate Collection Set: 0.16ms
[2026-06-17T10:02:16.960+0800][13.457s][info][gc,phases   ] GC(456)   Merge Heap Roots: 0.05ms
[2026-06-17T10:02:16.960+0800][13.457s][info][gc,phases   ] GC(456)   Evacuate Collection Set: 0.22ms
[2026-06-17T10:02:16.961+0800][13.457s][info][gc,phases   ] GC(456)   Post Evacuate Collection Set: 0.18ms
[2026-06-17T10:02:16.961+0800][13.458s][info][gc,phases   ] GC(456)   Other: 0.38ms
[2026-06-17T10:02:16.961+0800][13.458s][info][gc,heap     ] GC(456) Eden regions: 6->0(6)
[2026-06-17T10:02:16.961+0800][13.458s][info][gc,heap     ] GC(456) Survivor regions: 2->1(1)
[2026-06-17T10:02:16.961+0800][13.458s][info][gc,heap     ] GC(456) Old regions: 34->36
[2026-06-17T10:02:16.961+0800][13.458s][info][gc,heap     ] GC(456) Humongous regions: 12->12
[2026-06-17T10:02:16.962+0800][13.458s][info][gc,metaspace] GC(456) Metaspace: 112K(320K)->112K(320K) NonClass: 105K(192K)->105K(192K) Class: 7K(128K)->7K(128K)
[2026-06-17T10:02:16.962+0800][13.459s][info][gc          ] GC(456) Pause Young (Concurrent Start) (G1 Evacuation Pause) 53M->48M(64M) 2.955ms
[2026-06-17T10:02:16.962+0800][13.459s][info][gc,cpu      ] GC(456) User=0.00s Sys=0.00s Real=0.00s
[2026-06-17T10:02:16.962+0800][13.459s][info][gc          ] GC(457) Concurrent Mark Cycle
[2026-06-17T10:02:16.962+0800][13.459s][info][gc,marking  ] GC(457) Concurrent Scan Root Regions
[2026-06-17T10:02:16.962+0800][13.459s][info][gc,marking  ] GC(457) Concurrent Scan Root Regions 0.152ms
[2026-06-17T10:02:16.962+0800][13.459s][info][gc,marking  ] GC(457) Concurrent Mark
[2026-06-17T10:02:16.962+0800][13.459s][info][gc,marking  ] GC(457) Concurrent Mark From Roots
[2026-06-17T10:02:16.963+0800][13.459s][info][gc,task     ] GC(457) Using 5 workers of 5 for marking
[2026-06-17T10:02:16.964+0800][13.461s][info][gc,marking  ] GC(457) Concurrent Mark From Roots 1.345ms
[2026-06-17T10:02:16.964+0800][13.461s][info][gc,marking  ] GC(457) Concurrent Preclean
[2026-06-17T10:02:16.965+0800][13.461s][info][gc,marking  ] GC(457) Concurrent Preclean 0.598ms
[2026-06-17T10:02:16.965+0800][13.462s][info][gc,start    ] GC(457) Pause Remark
[2026-06-17T10:02:16.965+0800][13.462s][info][gc          ] GC(457) Pause Remark 53M->46M(64M) 0.474ms
[2026-06-17T10:02:16.965+0800][13.462s][info][gc,cpu      ] GC(457) User=0.00s Sys=0.00s Real=0.00s
[2026-06-17T10:02:16.966+0800][13.462s][info][gc,marking  ] GC(457) Concurrent Mark 3.229ms
[2026-06-17T10:02:16.966+0800][13.463s][info][gc,marking  ] GC(457) Concurrent Rebuild Remembered Sets and Scrub Regions
[2026-06-17T10:02:16.966+0800][13.463s][info][gc,marking  ] GC(457) Concurrent Rebuild Remembered Sets and Scrub Regions 0.445ms
[2026-06-17T10:02:16.966+0800][13.463s][info][gc,start    ] GC(457) Pause Cleanup
[2026-06-17T10:02:16.967+0800][13.463s][info][gc          ] GC(457) Pause Cleanup 46M->46M(64M) 0.207ms
[2026-06-17T10:02:16.967+0800][13.463s][info][gc,cpu      ] GC(457) User=0.00s Sys=0.00s Real=0.00s
[2026-06-17T10:02:16.967+0800][13.464s][info][gc,marking  ] GC(457) Concurrent Clear Claimed Marks
[2026-06-17T10:02:16.967+0800][13.464s][info][gc,marking  ] GC(457) Concurrent Clear Claimed Marks 0.084ms
[2026-06-17T10:02:16.967+0800][13.464s][info][gc,marking  ] GC(457) Concurrent Cleanup for Next Mark
[2026-06-17T10:02:16.967+0800][13.464s][info][gc,marking  ] GC(457) Concurrent Cleanup for Next Mark 0.161ms
[2026-06-17T10:02:16.967+0800][13.464s][info][gc          ] GC(457) Concurrent Mark Cycle 5.316ms
[2026-06-17T10:02:16.973+0800][13.469s][info][gc,start    ] GC(458) Pause Young (Prepare Mixed) (G1 Evacuation Pause)
[2026-06-17T10:02:16.973+0800][13.470s][info][gc,task     ] GC(458) Using 2 workers of 18 for evacuation
[2026-06-17T10:02:16.974+0800][13.470s][info][gc,phases   ] GC(458)   Pre Evacuate Collection Set: 0.11ms
[2026-06-17T10:02:16.974+0800][13.471s][info][gc,phases   ] GC(458)   Merge Heap Roots: 0.04ms
[2026-06-17T10:02:16.974+0800][13.471s][info][gc,phases   ] GC(458)   Evacuate Collection Set: 0.33ms
[2026-06-17T10:02:16.974+0800][13.471s][info][gc,phases   ] GC(458)   Post Evacuate Collection Set: 0.16ms
[2026-06-17T10:02:16.974+0800][13.471s][info][gc,phases   ] GC(458)   Other: 0.14ms
[2026-06-17T10:02:16.974+0800][13.471s][info][gc,heap     ] GC(458) Eden regions: 6->0(8)
[2026-06-17T10:02:16.974+0800][13.471s][info][gc,heap     ] GC(458) Survivor regions: 1->1(1)
[2026-06-17T10:02:16.974+0800][13.471s][info][gc,heap     ] GC(458) Old regions: 29->32
[2026-06-17T10:02:16.975+0800][13.471s][info][gc,heap     ] GC(458) Humongous regions: 13->13
[2026-06-17T10:02:16.975+0800][13.471s][info][gc,metaspace] GC(458) Metaspace: 112K(320K)->112K(320K) NonClass: 105K(192K)->105K(192K) Class: 7K(128K)->7K(128K)
[2026-06-17T10:02:16.975+0800][13.472s][info][gc          ] GC(458) Pause Young (Prepare Mixed) (G1 Evacuation Pause) 48M->45M(64M) 2.111ms
[2026-06-17T10:02:16.975+0800][13.472s][info][gc,cpu      ] GC(458) User=0.00s Sys=0.00s Real=0.00s
[2026-06-17T10:02:16.996+0800][13.493s][info][gc,start    ] GC(459) Pause Young (Mixed) (G1 Evacuation Pause)
[2026-06-17T10:02:16.996+0800][13.493s][info][gc,task     ] GC(459) Using 2 workers of 18 for evacuation
[2026-06-17T10:02:16.997+0800][13.494s][info][gc,phases   ] GC(459)   Pre Evacuate Collection Set: 0.10ms
[2026-06-17T10:02:16.997+0800][13.494s][info][gc,phases   ] GC(459)   Merge Heap Roots: 0.05ms
[2026-06-17T10:02:16.997+0800][13.494s][info][gc,phases   ] GC(459)   Evacuate Collection Set: 0.29ms
[2026-06-17T10:02:16.997+0800][13.494s][info][gc,phases   ] GC(459)   Post Evacuate Collection Set: 0.20ms
[2026-06-17T10:02:16.998+0800][13.494s][info][gc,phases   ] GC(459)   Other: 0.15ms
[2026-06-17T10:02:16.998+0800][13.495s][info][gc,heap     ] GC(459) Eden regions: 8->0(12)
[2026-06-17T10:02:16.998+0800][13.495s][info][gc,heap     ] GC(459) Survivor regions: 1->2(2)
[2026-06-17T10:02:16.998+0800][13.495s][info][gc,heap     ] GC(459) Old regions: 32->28
[2026-06-17T10:02:16.998+0800][13.495s][info][gc,heap     ] GC(459) Humongous regions: 13->13
[2026-06-17T10:02:16.998+0800][13.495s][info][gc,metaspace] GC(459) Metaspace: 112K(320K)->112K(320K) NonClass: 105K(192K)->105K(192K) Class: 7K(128K)->7K(128K)
[2026-06-17T10:02:16.998+0800][13.495s][info][gc          ] GC(459) Pause Young (Mixed) (G1 Evacuation Pause) 53M->41M(64M) 2.083ms
[2026-06-17T10:02:16.998+0800][13.495s][info][gc,cpu      ] GC(459) User=0.00s Sys=0.00s Real=0.00s
[2026-06-17T10:02:17.030+0800][13.527s][info][gc,start    ] GC(460) Pause Young (Mixed) (G1 Evacuation Pause)
[2026-06-17T10:02:17.030+0800][13.527s][info][gc,task     ] GC(460) Using 2 workers of 18 for evacuation
[2026-06-17T10:02:17.032+0800][13.529s][info][gc,phases   ] GC(460)   Pre Evacuate Collection Set: 0.15ms
[2026-06-17T10:02:17.032+0800][13.529s][info][gc,phases   ] GC(460)   Merge Heap Roots: 0.09ms
[2026-06-17T10:02:17.032+0800][13.529s][info][gc,phases   ] GC(460)   Evacuate Collection Set: 0.54ms
[2026-06-17T10:02:17.033+0800][13.529s][info][gc,phases   ] GC(460)   Post Evacuate Collection Set: 0.27ms
[2026-06-17T10:02:17.033+0800][13.530s][info][gc,phases   ] GC(460)   Other: 0.49ms
[2026-06-17T10:02:17.033+0800][13.530s][info][gc,heap     ] GC(460) Eden regions: 12->0(15)
[2026-06-17T10:02:17.033+0800][13.530s][info][gc,heap     ] GC(460) Survivor regions: 2->2(2)
[2026-06-17T10:02:17.034+0800][13.531s][info][gc,heap     ] GC(460) Old regions: 28->25
[2026-06-17T10:02:17.034+0800][13.531s][info][gc,heap     ] GC(460) Humongous regions: 13->13
[2026-06-17T10:02:17.034+0800][13.531s][info][gc,metaspace] GC(460) Metaspace: 112K(320K)->112K(320K) NonClass: 105K(192K)->105K(192K) Class: 7K(128K)->7K(128K)
[2026-06-17T10:02:17.034+0800][13.531s][info][gc          ] GC(460) Pause Young (Mixed) (G1 Evacuation Pause) 53M->39M(64M) 4.528ms
[2026-06-17T10:02:17.034+0800][13.531s][info][gc,cpu      ] GC(460) User=0.00s Sys=0.00s Real=0.01s
[2026-06-17T10:02:17.077+0800][13.574s][info][gc,start    ] GC(461) Pause Young (Normal) (G1 Evacuation Pause)
[2026-06-17T10:02:17.077+0800][13.574s][info][gc,task     ] GC(461) Using 2 workers of 18 for evacuation
[2026-06-17T10:02:17.079+0800][13.575s][info][gc,phases   ] GC(461)   Pre Evacuate Collection Set: 0.25ms
[2026-06-17T10:02:17.079+0800][13.576s][info][gc,phases   ] GC(461)   Merge Heap Roots: 0.07ms
[2026-06-17T10:02:17.079+0800][13.576s][info][gc,phases   ] GC(461)   Evacuate Collection Set: 0.46ms
[2026-06-17T10:02:17.080+0800][13.576s][info][gc,phases   ] GC(461)   Post Evacuate Collection Set: 0.32ms
[2026-06-17T10:02:17.080+0800][13.577s][info][gc,phases   ] GC(461)   Other: 0.36ms
[2026-06-17T10:02:17.080+0800][13.577s][info][gc,heap     ] GC(461) Eden regions: 15->0(11)
[2026-06-17T10:02:17.080+0800][13.577s][info][gc,heap     ] GC(461) Survivor regions: 2->3(3)
[2026-06-17T10:02:17.080+0800][13.577s][info][gc,heap     ] GC(461) Old regions: 25->29
[2026-06-17T10:02:17.080+0800][13.577s][info][gc,heap     ] GC(461) Humongous regions: 13->13
[2026-06-17T10:02:17.081+0800][13.577s][info][gc,metaspace] GC(461) Metaspace: 112K(320K)->112K(320K) NonClass: 105K(192K)->105K(192K) Class: 7K(128K)->7K(128K)
[2026-06-17T10:02:17.081+0800][13.578s][info][gc          ] GC(461) Pause Young (Normal) (G1 Evacuation Pause) 54M->44M(64M) 4.046ms
[2026-06-17T10:02:17.081+0800][13.578s][info][gc,cpu      ] GC(461) User=0.00s Sys=0.00s Real=0.00s
[2026-06-17T10:02:17.102+0800][13.599s][info][gc,start    ] GC(462) Pause Young (Normal) (G1 Evacuation Pause)
[2026-06-17T10:02:17.103+0800][13.600s][info][gc,task     ] GC(462) Using 2 workers of 18 for evacuation
[2026-06-17T10:02:17.104+0800][13.601s][info][gc,phases   ] GC(462)   Pre Evacuate Collection Set: 0.15ms
[2026-06-17T10:02:17.104+0800][13.601s][info][gc,phases   ] GC(462)   Merge Heap Roots: 0.06ms
[2026-06-17T10:02:17.105+0800][13.601s][info][gc,phases   ] GC(462)   Evacuate Collection Set: 0.30ms
[2026-06-17T10:02:17.105+0800][13.602s][info][gc,phases   ] GC(462)   Post Evacuate Collection Set: 0.31ms
[2026-06-17T10:02:17.105+0800][13.602s][info][gc,phases   ] GC(462)   Other: 0.38ms
[2026-06-17T10:02:17.105+0800][13.602s][info][gc,heap     ] GC(462) Eden regions: 11->0(10)
[2026-06-17T10:02:17.105+0800][13.602s][info][gc,heap     ] GC(462) Survivor regions: 3->2(2)
[2026-06-17T10:02:17.105+0800][13.602s][info][gc,heap     ] GC(462) Old regions: 29->32
[2026-06-17T10:02:17.105+0800][13.602s][info][gc,heap     ] GC(462) Humongous regions: 13->13
[2026-06-17T10:02:17.106+0800][13.603s][info][gc,metaspace] GC(462) Metaspace: 112K(320K)->112K(320K) NonClass: 105K(192K)->105K(192K) Class: 7K(128K)->7K(128K)
[2026-06-17T10:02:17.106+0800][13.603s][info][gc          ] GC(462) Pause Young (Normal) (G1 Evacuation Pause) 55M->45M(64M) 3.496ms
[2026-06-17T10:02:17.106+0800][13.603s][info][gc,cpu      ] GC(462) User=0.00s Sys=0.00s Real=0.01s
[2026-06-17T10:02:17.137+0800][13.634s][info][gc,start    ] GC(463) Pause Young (Concurrent Start) (G1 Evacuation Pause)
[2026-06-17T10:02:17.138+0800][13.635s][info][gc,task     ] GC(463) Using 2 workers of 18 for evacuation
[2026-06-17T10:02:17.139+0800][13.636s][info][gc,phases   ] GC(463)   Pre Evacuate Collection Set: 0.20ms
[2026-06-17T10:02:17.139+0800][13.636s][info][gc,phases   ] GC(463)   Merge Heap Roots: 0.07ms
[2026-06-17T10:02:17.139+0800][13.636s][info][gc,phases   ] GC(463)   Evacuate Collection Set: 0.35ms
[2026-06-17T10:02:17.140+0800][13.637s][info][gc,phases   ] GC(463)   Post Evacuate Collection Set: 0.17ms
[2026-06-17T10:02:17.140+0800][13.637s][info][gc,phases   ] GC(463)   Other: 0.35ms
[2026-06-17T10:02:17.141+0800][13.638s][info][gc,heap     ] GC(463) Eden regions: 10->0(7)
[2026-06-17T10:02:17.141+0800][13.638s][info][gc,heap     ] GC(463) Survivor regions: 2->2(2)
[2026-06-17T10:02:17.141+0800][13.638s][info][gc,heap     ] GC(463) Old regions: 32->35
[2026-06-17T10:02:17.141+0800][13.638s][info][gc,heap     ] GC(463) Humongous regions: 13->13
[2026-06-17T10:02:17.141+0800][13.638s][info][gc,metaspace] GC(463) Metaspace: 112K(320K)->112K(320K) NonClass: 105K(192K)->105K(192K) Class: 7K(128K)->7K(128K)
[2026-06-17T10:02:17.141+0800][13.638s][info][gc          ] GC(463) Pause Young (Concurrent Start) (G1 Evacuation Pause) 55M->49M(64M) 4.091ms
[2026-06-17T10:02:17.142+0800][13.638s][info][gc,cpu      ] GC(463) User=0.00s Sys=0.00s Real=0.00s
[2026-06-17T10:02:17.142+0800][13.638s][info][gc          ] GC(464) Concurrent Mark Cycle
[2026-06-17T10:02:17.142+0800][13.639s][info][gc,marking  ] GC(464) Concurrent Scan Root Regions
[2026-06-17T10:02:17.142+0800][13.639s][info][gc,marking  ] GC(464) Concurrent Scan Root Regions 0.305ms
[2026-06-17T10:02:17.142+0800][13.639s][info][gc,marking  ] GC(464) Concurrent Mark
[2026-06-17T10:02:17.142+0800][13.639s][info][gc,marking  ] GC(464) Concurrent Mark From Roots
[2026-06-17T10:02:17.143+0800][13.639s][info][gc,task     ] GC(464) Using 5 workers of 5 for marking
[2026-06-17T10:02:17.144+0800][13.641s][info][gc,marking  ] GC(464) Concurrent Mark From Roots 1.446ms
[2026-06-17T10:02:17.144+0800][13.641s][info][gc,marking  ] GC(464) Concurrent Preclean
[2026-06-17T10:02:17.144+0800][13.641s][info][gc,marking  ] GC(464) Concurrent Preclean 0.116ms
[2026-06-17T10:02:17.144+0800][13.641s][info][gc,start    ] GC(464) Pause Remark
[2026-06-17T10:02:17.145+0800][13.641s][info][gc          ] GC(464) Pause Remark 51M->43M(64M) 0.368ms
[2026-06-17T10:02:17.145+0800][13.642s][info][gc,cpu      ] GC(464) User=0.00s Sys=0.00s Real=0.00s
[2026-06-17T10:02:17.145+0800][13.642s][info][gc,marking  ] GC(464) Concurrent Mark 2.572ms
[2026-06-17T10:02:17.145+0800][13.642s][info][gc,marking  ] GC(464) Concurrent Rebuild Remembered Sets and Scrub Regions
[2026-06-17T10:02:17.146+0800][13.642s][info][gc,marking  ] GC(464) Concurrent Rebuild Remembered Sets and Scrub Regions 0.627ms
[2026-06-17T10:02:17.146+0800][13.643s][info][gc,start    ] GC(464) Pause Cleanup
[2026-06-17T10:02:17.146+0800][13.643s][info][gc          ] GC(464) Pause Cleanup 43M->43M(64M) 0.190ms
[2026-06-17T10:02:17.146+0800][13.643s][info][gc,cpu      ] GC(464) User=0.00s Sys=0.00s Real=0.00s
[2026-06-17T10:02:17.147+0800][13.644s][info][gc,marking  ] GC(464) Concurrent Clear Claimed Marks
[2026-06-17T10:02:17.147+0800][13.644s][info][gc,marking  ] GC(464) Concurrent Clear Claimed Marks 0.291ms
[2026-06-17T10:02:17.147+0800][13.644s][info][gc,marking  ] GC(464) Concurrent Cleanup for Next Mark
[2026-06-17T10:02:17.147+0800][13.644s][info][gc,marking  ] GC(464) Concurrent Cleanup for Next Mark 0.237ms
[2026-06-17T10:02:17.148+0800][13.644s][info][gc          ] GC(464) Concurrent Mark Cycle 5.910ms
[2026-06-17T10:02:17.163+0800][13.660s][info][gc,start    ] GC(465) Pause Young (Prepare Mixed) (G1 Evacuation Pause)
[2026-06-17T10:02:17.163+0800][13.660s][info][gc,task     ] GC(465) Using 2 workers of 18 for evacuation
[2026-06-17T10:02:17.164+0800][13.661s][info][gc,phases   ] GC(465)   Pre Evacuate Collection Set: 0.10ms
[2026-06-17T10:02:17.164+0800][13.661s][info][gc,phases   ] GC(465)   Merge Heap Roots: 0.05ms
[2026-06-17T10:02:17.164+0800][13.661s][info][gc,phases   ] GC(465)   Evacuate Collection Set: 0.27ms
[2026-06-17T10:02:17.164+0800][13.661s][info][gc,phases   ] GC(465)   Post Evacuate Collection Set: 0.14ms
[2026-06-17T10:02:17.165+0800][13.661s][info][gc,phases   ] GC(465)   Other: 0.14ms
[2026-06-17T10:02:17.165+0800][13.662s][info][gc,heap     ] GC(465) Eden regions: 7->0(10)
[2026-06-17T10:02:17.165+0800][13.662s][info][gc,heap     ] GC(465) Survivor regions: 2->2(2)
[2026-06-17T10:02:17.165+0800][13.662s][info][gc,heap     ] GC(465) Old regions: 27->29
[2026-06-17T10:02:17.165+0800][13.662s][info][gc,heap     ] GC(465) Humongous regions: 13->13
[2026-06-17T10:02:17.165+0800][13.662s][info][gc,metaspace] GC(465) Metaspace: 112K(320K)->112K(320K) NonClass: 105K(192K)->105K(192K) Class: 7K(128K)->7K(128K)
[2026-06-17T10:02:17.165+0800][13.662s][info][gc          ] GC(465) Pause Young (Prepare Mixed) (G1 Evacuation Pause) 48M->43M(64M) 2.687ms
[2026-06-17T10:02:17.165+0800][13.662s][info][gc,cpu      ] GC(465) User=0.00s Sys=0.00s Real=0.00s
[2026-06-17T10:02:17.187+0800][13.684s][info][gc,start    ] GC(466) Pause Young (Mixed) (G1 Evacuation Pause)
[2026-06-17T10:02:17.187+0800][13.684s][info][gc,task     ] GC(466) Using 2 workers of 18 for evacuation
[2026-06-17T10:02:17.189+0800][13.686s][info][gc,phases   ] GC(466)   Pre Evacuate Collection Set: 0.13ms
[2026-06-17T10:02:17.189+0800][13.686s][info][gc,phases   ] GC(466)   Merge Heap Roots: 0.03ms
[2026-06-17T10:02:17.189+0800][13.686s][info][gc,phases   ] GC(466)   Evacuate Collection Set: 0.88ms
[2026-06-17T10:02:17.189+0800][13.686s][info][gc,phases   ] GC(466)   Post Evacuate Collection Set: 0.37ms
[2026-06-17T10:02:17.190+0800][13.686s][info][gc,phases   ] GC(466)   Other: 0.29ms
[2026-06-17T10:02:17.190+0800][13.687s][info][gc,heap     ] GC(466) Eden regions: 10->0(9)
[2026-06-17T10:02:17.190+0800][13.687s][info][gc,heap     ] GC(466) Survivor regions: 2->2(2)
[2026-06-17T10:02:17.190+0800][13.687s][info][gc,heap     ] GC(466) Old regions: 29->28
[2026-06-17T10:02:17.190+0800][13.687s][info][gc,heap     ] GC(466) Humongous regions: 15->15
[2026-06-17T10:02:17.190+0800][13.687s][info][gc,metaspace] GC(466) Metaspace: 112K(320K)->112K(320K) NonClass: 105K(192K)->105K(192K) Class: 7K(128K)->7K(128K)
[2026-06-17T10:02:17.191+0800][13.688s][info][gc          ] GC(466) Pause Young (Mixed) (G1 Evacuation Pause) 55M->44M(64M) 3.964ms
[2026-06-17T10:02:17.191+0800][13.688s][info][gc,cpu      ] GC(466) User=0.00s Sys=0.00s Real=0.01s
[2026-06-17T10:02:17.212+0800][13.709s][info][gc,start    ] GC(467) Pause Young (Mixed) (G1 Evacuation Pause)
[2026-06-17T10:02:17.212+0800][13.709s][info][gc,task     ] GC(467) Using 2 workers of 18 for evacuation
[2026-06-17T10:02:17.213+0800][13.710s][info][gc,phases   ] GC(467)   Pre Evacuate Collection Set: 0.13ms
[2026-06-17T10:02:17.214+0800][13.710s][info][gc,phases   ] GC(467)   Merge Heap Roots: 0.05ms
[2026-06-17T10:02:17.214+0800][13.711s][info][gc,phases   ] GC(467)   Evacuate Collection Set: 0.28ms
[2026-06-17T10:02:17.214+0800][13.711s][info][gc,phases   ] GC(467)   Post Evacuate Collection Set: 0.20ms
[2026-06-17T10:02:17.214+0800][13.711s][info][gc,phases   ] GC(467)   Other: 0.40ms
[2026-06-17T10:02:17.215+0800][13.711s][info][gc,heap     ] GC(467) Eden regions: 9->0(10)
[2026-06-17T10:02:17.215+0800][13.712s][info][gc,heap     ] GC(467) Survivor regions: 2->2(2)
[2026-06-17T10:02:17.215+0800][13.712s][info][gc,heap     ] GC(467) Old regions: 28->28
[2026-06-17T10:02:17.215+0800][13.712s][info][gc,heap     ] GC(467) Humongous regions: 15->15
[2026-06-17T10:02:17.215+0800][13.712s][info][gc,metaspace] GC(467) Metaspace: 112K(320K)->112K(320K) NonClass: 105K(192K)->105K(192K) Class: 7K(128K)->7K(128K)
[2026-06-17T10:02:17.216+0800][13.712s][info][gc          ] GC(467) Pause Young (Mixed) (G1 Evacuation Pause) 53M->44M(64M) 3.681ms
[2026-06-17T10:02:17.216+0800][13.713s][info][gc,cpu      ] GC(467) User=0.00s Sys=0.00s Real=0.00s
[2026-06-17T10:02:17.247+0800][13.744s][info][gc,start    ] GC(468) Pause Young (Concurrent Start) (G1 Evacuation Pause)
[2026-06-17T10:02:17.249+0800][13.746s][info][gc,task     ] GC(468) Using 2 workers of 18 for evacuation
[2026-06-17T10:02:17.252+0800][13.749s][info][gc,phases   ] GC(468)   Pre Evacuate Collection Set: 0.30ms
[2026-06-17T10:02:17.254+0800][13.751s][info][gc,phases   ] GC(468)   Merge Heap Roots: 0.07ms
[2026-06-17T10:02:17.256+0800][13.753s][info][gc,phases   ] GC(468)   Evacuate Collection Set: 0.36ms
[2026-06-17T10:02:17.260+0800][13.757s][info][gc,phases   ] GC(468)   Post Evacuate Collection Set: 0.26ms
[2026-06-17T10:02:17.262+0800][13.759s][info][gc,phases   ] GC(468)   Other: 2.06ms
[2026-06-17T10:02:17.263+0800][13.760s][info][gc,heap     ] GC(468) Eden regions: 10->0(8)
[2026-06-17T10:02:17.263+0800][13.760s][info][gc,heap     ] GC(468) Survivor regions: 2->2(2)
[2026-06-17T10:02:17.264+0800][13.761s][info][gc,heap     ] GC(468) Old regions: 28->31
[2026-06-17T10:02:17.264+0800][13.761s][info][gc,heap     ] GC(468) Humongous regions: 15->15
[2026-06-17T10:02:17.264+0800][13.761s][info][gc,metaspace] GC(468) Metaspace: 112K(320K)->112K(320K) NonClass: 105K(192K)->105K(192K) Class: 7K(128K)->7K(128K)
[2026-06-17T10:02:17.265+0800][13.761s][info][gc          ] GC(468) Pause Young (Concurrent Start) (G1 Evacuation Pause) 54M->47M(64M) 17.440ms
[2026-06-17T10:02:17.265+0800][13.762s][info][gc,cpu      ] GC(468) User=0.01s Sys=0.00s Real=0.02s
[2026-06-17T10:02:17.265+0800][13.762s][info][gc          ] GC(469) Concurrent Mark Cycle
[2026-06-17T10:02:17.265+0800][13.762s][info][gc,marking  ] GC(469) Concurrent Scan Root Regions
[2026-06-17T10:02:17.265+0800][13.762s][info][gc,marking  ] GC(469) Concurrent Scan Root Regions 0.166ms
[2026-06-17T10:02:17.265+0800][13.762s][info][gc,marking  ] GC(469) Concurrent Mark
[2026-06-17T10:02:17.265+0800][13.762s][info][gc,marking  ] GC(469) Concurrent Mark From Roots
[2026-06-17T10:02:17.266+0800][13.762s][info][gc,task     ] GC(469) Using 5 workers of 5 for marking
[2026-06-17T10:02:17.267+0800][13.764s][info][gc,marking  ] GC(469) Concurrent Mark From Roots 1.377ms
[2026-06-17T10:02:17.267+0800][13.764s][info][gc,marking  ] GC(469) Concurrent Preclean
[2026-06-17T10:02:17.267+0800][13.764s][info][gc,marking  ] GC(469) Concurrent Preclean 0.106ms
[2026-06-17T10:02:17.267+0800][13.764s][info][gc,start    ] GC(469) Pause Remark
[2026-06-17T10:02:17.268+0800][13.765s][info][gc          ] GC(469) Pause Remark 50M->44M(64M) 0.561ms
[2026-06-17T10:02:17.268+0800][13.765s][info][gc,cpu      ] GC(469) User=0.00s Sys=0.00s Real=0.00s
[2026-06-17T10:02:17.268+0800][13.765s][info][gc,marking  ] GC(469) Concurrent Mark 2.809ms
[2026-06-17T10:02:17.268+0800][13.765s][info][gc,marking  ] GC(469) Concurrent Rebuild Remembered Sets and Scrub Regions
[2026-06-17T10:02:17.269+0800][13.766s][info][gc,marking  ] GC(469) Concurrent Rebuild Remembered Sets and Scrub Regions 0.463ms
[2026-06-17T10:02:17.269+0800][13.766s][info][gc,start    ] GC(469) Pause Cleanup
[2026-06-17T10:02:17.269+0800][13.766s][info][gc          ] GC(469) Pause Cleanup 44M->44M(64M) 0.264ms
[2026-06-17T10:02:17.269+0800][13.766s][info][gc,cpu      ] GC(469) User=0.00s Sys=0.00s Real=0.00s
[2026-06-17T10:02:17.269+0800][13.766s][info][gc,marking  ] GC(469) Concurrent Clear Claimed Marks
[2026-06-17T10:02:17.269+0800][13.766s][info][gc,marking  ] GC(469) Concurrent Clear Claimed Marks 0.131ms
[2026-06-17T10:02:17.270+0800][13.766s][info][gc,marking  ] GC(469) Concurrent Cleanup for Next Mark
[2026-06-17T10:02:17.270+0800][13.767s][info][gc,marking  ] GC(469) Concurrent Cleanup for Next Mark 0.177ms
[2026-06-17T10:02:17.270+0800][13.767s][info][gc          ] GC(469) Concurrent Mark Cycle 5.228ms
[2026-06-17T10:02:17.286+0800][13.783s][info][gc,start    ] GC(470) Pause Young (Prepare Mixed) (G1 Evacuation Pause)
[2026-06-17T10:02:17.286+0800][13.783s][info][gc,task     ] GC(470) Using 2 workers of 18 for evacuation
[2026-06-17T10:02:17.287+0800][13.784s][info][gc,phases   ] GC(470)   Pre Evacuate Collection Set: 0.19ms
[2026-06-17T10:02:17.288+0800][13.785s][info][gc,phases   ] GC(470)   Merge Heap Roots: 0.05ms
[2026-06-17T10:02:17.288+0800][13.785s][info][gc,phases   ] GC(470)   Evacuate Collection Set: 0.45ms
[2026-06-17T10:02:17.288+0800][13.785s][info][gc,phases   ] GC(470)   Post Evacuate Collection Set: 0.31ms
[2026-06-17T10:02:17.288+0800][13.785s][info][gc,phases   ] GC(470)   Other: 0.24ms
[2026-06-17T10:02:17.288+0800][13.785s][info][gc,heap     ] GC(470) Eden regions: 8->0(9)
[2026-06-17T10:02:17.288+0800][13.785s][info][gc,heap     ] GC(470) Survivor regions: 2->2(2)
[2026-06-17T10:02:17.289+0800][13.785s][info][gc,heap     ] GC(470) Old regions: 25->28
[2026-06-17T10:02:17.289+0800][13.786s][info][gc,heap     ] GC(470) Humongous regions: 15->15
[2026-06-17T10:02:17.289+0800][13.786s][info][gc,metaspace] GC(470) Metaspace: 112K(320K)->112K(320K) NonClass: 105K(192K)->105K(192K) Class: 7K(128K)->7K(128K)
[2026-06-17T10:02:17.289+0800][13.786s][info][gc          ] GC(470) Pause Young (Prepare Mixed) (G1 Evacuation Pause) 49M->44M(64M) 3.098ms
[2026-06-17T10:02:17.289+0800][13.786s][info][gc,cpu      ] GC(470) User=0.01s Sys=0.00s Real=0.00s
[2026-06-17T10:02:17.310+0800][13.807s][info][gc,start    ] GC(471) Pause Young (Mixed) (G1 Evacuation Pause)
[2026-06-17T10:02:17.311+0800][13.807s][info][gc,task     ] GC(471) Using 2 workers of 18 for evacuation
[2026-06-17T10:02:17.312+0800][13.809s][info][gc,phases   ] GC(471)   Pre Evacuate Collection Set: 0.15ms
[2026-06-17T10:02:17.312+0800][13.809s][info][gc,phases   ] GC(471)   Merge Heap Roots: 0.06ms
[2026-06-17T10:02:17.312+0800][13.809s][info][gc,phases   ] GC(471)   Evacuate Collection Set: 0.51ms
[2026-06-17T10:02:17.313+0800][13.809s][info][gc,phases   ] GC(471)   Post Evacuate Collection Set: 0.42ms
[2026-06-17T10:02:17.313+0800][13.810s][info][gc,phases   ] GC(471)   Other: 0.27ms
[2026-06-17T10:02:17.313+0800][13.810s][info][gc,heap     ] GC(471) Eden regions: 9->0(9)
[2026-06-17T10:02:17.313+0800][13.810s][info][gc,heap     ] GC(471) Survivor regions: 2->2(2)
[2026-06-17T10:02:17.313+0800][13.810s][info][gc,heap     ] GC(471) Old regions: 28->26
[2026-06-17T10:02:17.313+0800][13.810s][info][gc,heap     ] GC(471) Humongous regions: 15->15
[2026-06-17T10:02:17.313+0800][13.810s][info][gc,metaspace] GC(471) Metaspace: 112K(320K)->112K(320K) NonClass: 105K(192K)->105K(192K) Class: 7K(128K)->7K(128K)
[2026-06-17T10:02:17.313+0800][13.810s][info][gc          ] GC(471) Pause Young (Mixed) (G1 Evacuation Pause) 53M->42M(64M) 3.305ms
[2026-06-17T10:02:17.314+0800][13.810s][info][gc,cpu      ] GC(471) User=0.00s Sys=0.00s Real=0.01s
[2026-06-17T10:02:17.335+0800][13.832s][info][gc,start    ] GC(472) Pause Young (Mixed) (G1 Evacuation Pause)
[2026-06-17T10:02:17.335+0800][13.832s][info][gc,task     ] GC(472) Using 2 workers of 18 for evacuation
[2026-06-17T10:02:17.336+0800][13.833s][info][gc,phases   ] GC(472)   Pre Evacuate Collection Set: 0.15ms
[2026-06-17T10:02:17.337+0800][13.833s][info][gc,phases   ] GC(472)   Merge Heap Roots: 0.06ms
[2026-06-17T10:02:17.337+0800][13.834s][info][gc,phases   ] GC(472)   Evacuate Collection Set: 0.47ms
[2026-06-17T10:02:17.337+0800][13.834s][info][gc,phases   ] GC(472)   Post Evacuate Collection Set: 0.27ms
[2026-06-17T10:02:17.337+0800][13.834s][info][gc,phases   ] GC(472)   Other: 0.28ms
[2026-06-17T10:02:17.337+0800][13.834s][info][gc,heap     ] GC(472) Eden regions: 9->0(11)
[2026-06-17T10:02:17.337+0800][13.834s][info][gc,heap     ] GC(472) Survivor regions: 2->2(2)
[2026-06-17T10:02:17.337+0800][13.834s][info][gc,heap     ] GC(472) Old regions: 26->25
[2026-06-17T10:02:17.338+0800][13.834s][info][gc,heap     ] GC(472) Humongous regions: 15->15
[2026-06-17T10:02:17.338+0800][13.834s][info][gc,metaspace] GC(472) Metaspace: 112K(320K)->112K(320K) NonClass: 105K(192K)->105K(192K) Class: 7K(128K)->7K(128K)
[2026-06-17T10:02:17.338+0800][13.835s][info][gc          ] GC(472) Pause Young (Mixed) (G1 Evacuation Pause) 51M->40M(64M) 2.866ms
[2026-06-17T10:02:17.338+0800][13.835s][info][gc,cpu      ] GC(472) User=0.00s Sys=0.00s Real=0.00s
[2026-06-17T10:02:17.369+0800][13.866s][info][gc,start    ] GC(473) Pause Young (Normal) (G1 Evacuation Pause)
[2026-06-17T10:02:17.370+0800][13.867s][info][gc,task     ] GC(473) Using 2 workers of 18 for evacuation
[2026-06-17T10:02:17.371+0800][13.867s][info][gc,phases   ] GC(473)   Pre Evacuate Collection Set: 0.11ms
[2026-06-17T10:02:17.371+0800][13.868s][info][gc,phases   ] GC(473)   Merge Heap Roots: 0.04ms
[2026-06-17T10:02:17.371+0800][13.868s][info][gc,phases   ] GC(473)   Evacuate Collection Set: 0.21ms
[2026-06-17T10:02:17.371+0800][13.868s][info][gc,phases   ] GC(473)   Post Evacuate Collection Set: 0.21ms
[2026-06-17T10:02:17.371+0800][13.868s][info][gc,phases   ] GC(473)   Other: 0.17ms
[2026-06-17T10:02:17.371+0800][13.868s][info][gc,heap     ] GC(473) Eden regions: 11->0(11)
[2026-06-17T10:02:17.371+0800][13.868s][info][gc,heap     ] GC(473) Survivor regions: 2->1(2)
[2026-06-17T10:02:17.372+0800][13.868s][info][gc,heap     ] GC(473) Old regions: 25->26
[2026-06-17T10:02:17.372+0800][13.869s][info][gc,heap     ] GC(473) Humongous regions: 15->15
[2026-06-17T10:02:17.372+0800][13.869s][info][gc,metaspace] GC(473) Metaspace: 112K(320K)->112K(320K) NonClass: 105K(192K)->105K(192K) Class: 7K(128K)->7K(128K)
[2026-06-17T10:02:17.372+0800][13.869s][info][gc          ] GC(473) Pause Young (Normal) (G1 Evacuation Pause) 51M->41M(64M) 2.408ms
[2026-06-17T10:02:17.372+0800][13.869s][info][gc,cpu      ] GC(473) User=0.00s Sys=0.00s Real=0.01s
[2026-06-17T10:02:17.383+0800][13.880s][info][gc,start    ] GC(474) Pause Young (Concurrent Start) (G1 Humongous Allocation)
[2026-06-17T10:02:17.383+0800][13.880s][info][gc,task     ] GC(474) Using 2 workers of 18 for evacuation
[2026-06-17T10:02:17.384+0800][13.881s][info][gc,phases   ] GC(474)   Pre Evacuate Collection Set: 0.17ms
[2026-06-17T10:02:17.384+0800][13.881s][info][gc,phases   ] GC(474)   Merge Heap Roots: 0.04ms
[2026-06-17T10:02:17.384+0800][13.881s][info][gc,phases   ] GC(474)   Evacuate Collection Set: 0.25ms
[2026-06-17T10:02:17.384+0800][13.881s][info][gc,phases   ] GC(474)   Post Evacuate Collection Set: 0.18ms
[2026-06-17T10:02:17.384+0800][13.881s][info][gc,phases   ] GC(474)   Other: 0.24ms
[2026-06-17T10:02:17.385+0800][13.881s][info][gc,heap     ] GC(474) Eden regions: 6->0(8)
[2026-06-17T10:02:17.385+0800][13.881s][info][gc,heap     ] GC(474) Survivor regions: 1->2(2)
[2026-06-17T10:02:17.385+0800][13.882s][info][gc,heap     ] GC(474) Old regions: 26->27
[2026-06-17T10:02:17.385+0800][13.882s][info][gc,heap     ] GC(474) Humongous regions: 15->15
[2026-06-17T10:02:17.385+0800][13.882s][info][gc,metaspace] GC(474) Metaspace: 112K(320K)->112K(320K) NonClass: 105K(192K)->105K(192K) Class: 7K(128K)->7K(128K)
[2026-06-17T10:02:17.385+0800][13.882s][info][gc          ] GC(474) Pause Young (Concurrent Start) (G1 Humongous Allocation) 46M->43M(64M) 2.324ms
[2026-06-17T10:02:17.385+0800][13.882s][info][gc,cpu      ] GC(474) User=0.00s Sys=0.00s Real=0.00s
[2026-06-17T10:02:17.385+0800][13.882s][info][gc          ] GC(475) Concurrent Mark Cycle
[2026-06-17T10:02:17.385+0800][13.882s][info][gc,marking  ] GC(475) Concurrent Scan Root Regions
[2026-06-17T10:02:17.386+0800][13.882s][info][gc,marking  ] GC(475) Concurrent Scan Root Regions 0.177ms
[2026-06-17T10:02:17.386+0800][13.882s][info][gc,marking  ] GC(475) Concurrent Mark
[2026-06-17T10:02:17.386+0800][13.883s][info][gc,marking  ] GC(475) Concurrent Mark From Roots
[2026-06-17T10:02:17.386+0800][13.883s][info][gc,task     ] GC(475) Using 5 workers of 5 for marking
[2026-06-17T10:02:17.387+0800][13.884s][info][gc,marking  ] GC(475) Concurrent Mark From Roots 1.332ms
[2026-06-17T10:02:17.387+0800][13.884s][info][gc,marking  ] GC(475) Concurrent Preclean
[2026-06-17T10:02:17.387+0800][13.884s][info][gc,marking  ] GC(475) Concurrent Preclean 0.135ms
[2026-06-17T10:02:17.387+0800][13.884s][info][gc,start    ] GC(475) Pause Remark
[2026-06-17T10:02:17.388+0800][13.885s][info][gc          ] GC(475) Pause Remark 45M->45M(64M) 0.350ms
[2026-06-17T10:02:17.388+0800][13.885s][info][gc,cpu      ] GC(475) User=0.00s Sys=0.00s Real=0.00s
[2026-06-17T10:02:17.388+0800][13.885s][info][gc,marking  ] GC(475) Concurrent Mark 2.365ms
[2026-06-17T10:02:17.388+0800][13.885s][info][gc,marking  ] GC(475) Concurrent Rebuild Remembered Sets and Scrub Regions
[2026-06-17T10:02:17.389+0800][13.885s][info][gc,marking  ] GC(475) Concurrent Rebuild Remembered Sets and Scrub Regions 0.480ms
[2026-06-17T10:02:17.389+0800][13.886s][info][gc,start    ] GC(475) Pause Cleanup
[2026-06-17T10:02:17.389+0800][13.886s][info][gc          ] GC(475) Pause Cleanup 45M->45M(64M) 0.218ms
[2026-06-17T10:02:17.389+0800][13.886s][info][gc,cpu      ] GC(475) User=0.00s Sys=0.00s Real=0.00s
[2026-06-17T10:02:17.389+0800][13.886s][info][gc,marking  ] GC(475) Concurrent Clear Claimed Marks
[2026-06-17T10:02:17.389+0800][13.886s][info][gc,marking  ] GC(475) Concurrent Clear Claimed Marks 0.172ms
[2026-06-17T10:02:17.389+0800][13.886s][info][gc,marking  ] GC(475) Concurrent Cleanup for Next Mark
[2026-06-17T10:02:17.390+0800][13.887s][info][gc,marking  ] GC(475) Concurrent Cleanup for Next Mark 0.197ms
[2026-06-17T10:02:17.390+0800][13.887s][info][gc          ] GC(475) Concurrent Mark Cycle 4.574ms
[2026-06-17T10:02:17.406+0800][13.903s][info][gc,start    ] GC(476) Pause Young (Prepare Mixed) (G1 Evacuation Pause)
[2026-06-17T10:02:17.407+0800][13.904s][info][gc,task     ] GC(476) Using 2 workers of 18 for evacuation
[2026-06-17T10:02:17.408+0800][13.904s][info][gc,phases   ] GC(476)   Pre Evacuate Collection Set: 0.15ms
[2026-06-17T10:02:17.408+0800][13.905s][info][gc,phases   ] GC(476)   Merge Heap Roots: 0.05ms
[2026-06-17T10:02:17.408+0800][13.905s][info][gc,phases   ] GC(476)   Evacuate Collection Set: 0.37ms
[2026-06-17T10:02:17.408+0800][13.905s][info][gc,phases   ] GC(476)   Post Evacuate Collection Set: 0.18ms
[2026-06-17T10:02:17.408+0800][13.905s][info][gc,phases   ] GC(476)   Other: 0.21ms
[2026-06-17T10:02:17.408+0800][13.905s][info][gc,heap     ] GC(476) Eden regions: 8->0(7)
[2026-06-17T10:02:17.409+0800][13.905s][info][gc,heap     ] GC(476) Survivor regions: 2->2(2)
[2026-06-17T10:02:17.409+0800][13.906s][info][gc,heap     ] GC(476) Old regions: 27->29
[2026-06-17T10:02:17.409+0800][13.906s][info][gc,heap     ] GC(476) Humongous regions: 17->17
[2026-06-17T10:02:17.409+0800][13.906s][info][gc,metaspace] GC(476) Metaspace: 112K(320K)->112K(320K) NonClass: 105K(192K)->105K(192K) Class: 7K(128K)->7K(128K)
[2026-06-17T10:02:17.409+0800][13.906s][info][gc          ] GC(476) Pause Young (Prepare Mixed) (G1 Evacuation Pause) 53M->47M(64M) 2.997ms
[2026-06-17T10:02:17.409+0800][13.906s][info][gc,cpu      ] GC(476) User=0.00s Sys=0.00s Real=0.00s
[2026-06-17T10:02:17.430+0800][13.927s][info][gc,start    ] GC(477) Pause Young (Mixed) (G1 Evacuation Pause)
[2026-06-17T10:02:17.431+0800][13.928s][info][gc,task     ] GC(477) Using 2 workers of 18 for evacuation
[2026-06-17T10:02:17.433+0800][13.930s][info][gc,phases   ] GC(477)   Pre Evacuate Collection Set: 0.21ms
[2026-06-17T10:02:17.433+0800][13.930s][info][gc,phases   ] GC(477)   Merge Heap Roots: 0.09ms
[2026-06-17T10:02:17.434+0800][13.930s][info][gc,phases   ] GC(477)   Evacuate Collection Set: 0.57ms
[2026-06-17T10:02:17.434+0800][13.931s][info][gc,phases   ] GC(477)   Post Evacuate Collection Set: 0.57ms
[2026-06-17T10:02:17.434+0800][13.931s][info][gc,phases   ] GC(477)   Other: 0.44ms
[2026-06-17T10:02:17.434+0800][13.931s][info][gc,heap     ] GC(477) Eden regions: 7->0(7)
[2026-06-17T10:02:17.435+0800][13.932s][info][gc,heap     ] GC(477) Survivor regions: 2->2(2)
[2026-06-17T10:02:17.435+0800][13.932s][info][gc,heap     ] GC(477) Old regions: 29->28
[2026-06-17T10:02:17.435+0800][13.932s][info][gc,heap     ] GC(477) Humongous regions: 17->17
[2026-06-17T10:02:17.435+0800][13.932s][info][gc,metaspace] GC(477) Metaspace: 112K(320K)->112K(320K) NonClass: 105K(192K)->105K(192K) Class: 7K(128K)->7K(128K)
[2026-06-17T10:02:17.435+0800][13.932s][info][gc          ] GC(477) Pause Young (Mixed) (G1 Evacuation Pause) 54M->46M(64M) 4.763ms
[2026-06-17T10:02:17.435+0800][13.932s][info][gc,cpu      ] GC(477) User=0.00s Sys=0.00s Real=0.01s
[2026-06-17T10:02:17.456+0800][13.953s][info][gc,start    ] GC(478) Pause Young (Mixed) (G1 Evacuation Pause)
[2026-06-17T10:02:17.457+0800][13.954s][info][gc,task     ] GC(478) Using 2 workers of 18 for evacuation
[2026-06-17T10:02:17.458+0800][13.955s][info][gc,phases   ] GC(478)   Pre Evacuate Collection Set: 0.12ms
[2026-06-17T10:02:17.458+0800][13.955s][info][gc,phases   ] GC(478)   Merge Heap Roots: 0.04ms
[2026-06-17T10:02:17.458+0800][13.955s][info][gc,phases   ] GC(478)   Evacuate Collection Set: 0.47ms
[2026-06-17T10:02:17.458+0800][13.955s][info][gc,phases   ] GC(478)   Post Evacuate Collection Set: 0.18ms
[2026-06-17T10:02:17.458+0800][13.955s][info][gc,phases   ] GC(478)   Other: 0.23ms
[2026-06-17T10:02:17.459+0800][13.956s][info][gc,heap     ] GC(478) Eden regions: 7->0(6)
[2026-06-17T10:02:17.459+0800][13.956s][info][gc,heap     ] GC(478) Survivor regions: 2->2(2)
[2026-06-17T10:02:17.459+0800][13.956s][info][gc,heap     ] GC(478) Old regions: 28->29
[2026-06-17T10:02:17.459+0800][13.956s][info][gc,heap     ] GC(478) Humongous regions: 17->17
[2026-06-17T10:02:17.459+0800][13.956s][info][gc,metaspace] GC(478) Metaspace: 112K(320K)->112K(320K) NonClass: 105K(192K)->105K(192K) Class: 7K(128K)->7K(128K)
[2026-06-17T10:02:17.459+0800][13.956s][info][gc          ] GC(478) Pause Young (Mixed) (G1 Evacuation Pause) 53M->47M(64M) 2.931ms
[2026-06-17T10:02:17.460+0800][13.956s][info][gc,cpu      ] GC(478) User=0.00s Sys=0.00s Real=0.00s
[2026-06-17T10:02:17.481+0800][13.977s][info][gc,start    ] GC(479) Pause Young (Concurrent Start) (G1 Evacuation Pause)
[2026-06-17T10:02:17.482+0800][13.979s][info][gc,task     ] GC(479) Using 2 workers of 18 for evacuation
[2026-06-17T10:02:17.485+0800][13.982s][info][gc,phases   ] GC(479)   Pre Evacuate Collection Set: 0.16ms
[2026-06-17T10:02:17.486+0800][13.983s][info][gc,phases   ] GC(479)   Merge Heap Roots: 0.04ms
[2026-06-17T10:02:17.486+0800][13.983s][info][gc,phases   ] GC(479)   Evacuate Collection Set: 0.16ms
[2026-06-17T10:02:17.486+0800][13.983s][info][gc,phases   ] GC(479)   Post Evacuate Collection Set: 0.15ms
[2026-06-17T10:02:17.487+0800][13.984s][info][gc,phases   ] GC(479)   Other: 1.80ms
[2026-06-17T10:02:17.493+0800][13.990s][info][gc,heap     ] GC(479) Eden regions: 6->0(7)
[2026-06-17T10:02:17.497+0800][13.994s][info][gc,heap     ] GC(479) Survivor regions: 2->1(1)
[2026-06-17T10:02:17.499+0800][13.996s][info][gc,heap     ] GC(479) Old regions: 29->30
[2026-06-17T10:02:17.500+0800][13.997s][info][gc,heap     ] GC(479) Humongous regions: 17->17
[2026-06-17T10:02:17.500+0800][13.997s][info][gc,metaspace] GC(479) Metaspace: 112K(320K)->112K(320K) NonClass: 105K(192K)->105K(192K) Class: 7K(128K)->7K(128K)
[2026-06-17T10:02:17.503+0800][14.000s][info][gc          ] GC(479) Pause Young (Concurrent Start) (G1 Evacuation Pause) 53M->47M(64M) 22.822ms
[2026-06-17T10:02:17.505+0800][14.002s][info][gc,cpu      ] GC(479) User=0.00s Sys=0.00s Real=0.03s
[2026-06-17T10:02:17.505+0800][14.002s][info][gc          ] GC(480) Concurrent Mark Cycle
[2026-06-17T10:02:17.507+0800][14.003s][info][gc,marking  ] GC(480) Concurrent Scan Root Regions
[2026-06-17T10:02:17.509+0800][14.005s][info][gc,marking  ] GC(480) Concurrent Scan Root Regions 1.999ms
[2026-06-17T10:02:17.512+0800][14.009s][info][gc,marking  ] GC(480) Concurrent Mark
[2026-06-17T10:02:17.513+0800][14.009s][info][gc,marking  ] GC(480) Concurrent Mark From Roots
[2026-06-17T10:02:17.513+0800][14.010s][info][gc,task     ] GC(480) Using 5 workers of 5 for marking
[2026-06-17T10:02:17.515+0800][14.012s][info][gc,marking  ] GC(480) Concurrent Mark From Roots 2.838ms
[2026-06-17T10:02:17.516+0800][14.013s][info][gc,marking  ] GC(480) Concurrent Preclean
[2026-06-17T10:02:17.516+0800][14.013s][info][gc,marking  ] GC(480) Concurrent Preclean 0.211ms
[2026-06-17T10:02:17.517+0800][14.014s][info][gc,start    ] GC(481) Pause Young (Normal) (G1 Evacuation Pause)
[2026-06-17T10:02:17.519+0800][14.016s][info][gc,task     ] GC(481) Using 2 workers of 18 for evacuation
[2026-06-17T10:02:17.521+0800][14.018s][info][gc,phases   ] GC(481)   Pre Evacuate Collection Set: 0.17ms
[2026-06-17T10:02:17.521+0800][14.018s][info][gc,phases   ] GC(481)   Merge Heap Roots: 0.13ms
[2026-06-17T10:02:17.522+0800][14.019s][info][gc,phases   ] GC(481)   Evacuate Collection Set: 0.37ms
[2026-06-17T10:02:17.522+0800][14.019s][info][gc,phases   ] GC(481)   Post Evacuate Collection Set: 0.30ms
[2026-06-17T10:02:17.522+0800][14.019s][info][gc,phases   ] GC(481)   Other: 0.91ms
[2026-06-17T10:02:17.523+0800][14.020s][info][gc,heap     ] GC(481) Eden regions: 7->0(5)
[2026-06-17T10:02:17.524+0800][14.021s][info][gc,heap     ] GC(481) Survivor regions: 1->1(1)
[2026-06-17T10:02:17.524+0800][14.021s][info][gc,heap     ] GC(481) Old regions: 30->33
[2026-06-17T10:02:17.525+0800][14.022s][info][gc,heap     ] GC(481) Humongous regions: 17->17
[2026-06-17T10:02:17.525+0800][14.022s][info][gc,metaspace] GC(481) Metaspace: 112K(320K)->112K(320K) NonClass: 105K(192K)->105K(192K) Class: 7K(128K)->7K(128K)
[2026-06-17T10:02:17.526+0800][14.022s][info][gc          ] GC(481) Pause Young (Normal) (G1 Evacuation Pause) 54M->50M(64M) 8.538ms
[2026-06-17T10:02:17.526+0800][14.023s][info][gc,cpu      ] GC(481) User=0.00s Sys=0.00s Real=0.01s
[2026-06-17T10:02:17.527+0800][14.024s][info][gc,start    ] GC(480) Pause Remark
[2026-06-17T10:02:17.528+0800][14.024s][info][gc          ] GC(480) Pause Remark 51M->44M(64M) 0.737ms
[2026-06-17T10:02:17.528+0800][14.025s][info][gc,cpu      ] GC(480) User=0.00s Sys=0.00s Real=0.00s
[2026-06-17T10:02:17.528+0800][14.025s][info][gc,marking  ] GC(480) Concurrent Mark 16.639ms
[2026-06-17T10:02:17.529+0800][14.026s][info][gc,marking  ] GC(480) Concurrent Rebuild Remembered Sets and Scrub Regions
[2026-06-17T10:02:17.530+0800][14.027s][info][gc,marking  ] GC(480) Concurrent Rebuild Remembered Sets and Scrub Regions 1.113ms
[2026-06-17T10:02:17.531+0800][14.028s][info][gc,start    ] GC(480) Pause Cleanup
[2026-06-17T10:02:17.531+0800][14.028s][info][gc          ] GC(480) Pause Cleanup 44M->44M(64M) 0.398ms
[2026-06-17T10:02:17.532+0800][14.029s][info][gc,cpu      ] GC(480) User=0.00s Sys=0.00s Real=0.00s
[2026-06-17T10:02:17.532+0800][14.029s][info][gc,marking  ] GC(480) Concurrent Clear Claimed Marks
[2026-06-17T10:02:17.533+0800][14.029s][info][gc,marking  ] GC(480) Concurrent Clear Claimed Marks 0.405ms
[2026-06-17T10:02:17.533+0800][14.030s][info][gc,marking  ] GC(480) Concurrent Cleanup for Next Mark
[2026-06-17T10:02:17.533+0800][14.030s][info][gc,marking  ] GC(480) Concurrent Cleanup for Next Mark 0.469ms
[2026-06-17T10:02:17.534+0800][14.031s][info][gc          ] GC(480) Concurrent Mark Cycle 28.406ms
[2026-06-17T10:02:17.549+0800][14.046s][info][gc,start    ] GC(482) Pause Young (Prepare Mixed) (G1 Evacuation Pause)
[2026-06-17T10:02:17.550+0800][14.047s][info][gc,task     ] GC(482) Using 2 workers of 18 for evacuation
[2026-06-17T10:02:17.551+0800][14.048s][info][gc,phases   ] GC(482)   Pre Evacuate Collection Set: 0.14ms
[2026-06-17T10:02:17.551+0800][14.048s][info][gc,phases   ] GC(482)   Merge Heap Roots: 0.04ms
[2026-06-17T10:02:17.552+0800][14.049s][info][gc,phases   ] GC(482)   Evacuate Collection Set: 0.13ms
[2026-06-17T10:02:17.552+0800][14.049s][info][gc,phases   ] GC(482)   Post Evacuate Collection Set: 0.14ms
[2026-06-17T10:02:17.553+0800][14.050s][info][gc,phases   ] GC(482)   Other: 0.60ms
[2026-06-17T10:02:17.553+0800][14.050s][info][gc,heap     ] GC(482) Eden regions: 5->0(9)
[2026-06-17T10:02:17.554+0800][14.051s][info][gc,heap     ] GC(482) Survivor regions: 1->1(1)
[2026-06-17T10:02:17.554+0800][14.051s][info][gc,heap     ] GC(482) Old regions: 26->27
[2026-06-17T10:02:17.554+0800][14.051s][info][gc,heap     ] GC(482) Humongous regions: 17->17
[2026-06-17T10:02:17.554+0800][14.051s][info][gc,metaspace] GC(482) Metaspace: 112K(320K)->112K(320K) NonClass: 105K(192K)->105K(192K) Class: 7K(128K)->7K(128K)
[2026-06-17T10:02:17.555+0800][14.052s][info][gc          ] GC(482) Pause Young (Prepare Mixed) (G1 Evacuation Pause) 48M->43M(64M) 5.773ms
[2026-06-17T10:02:17.555+0800][14.052s][info][gc,cpu      ] GC(482) User=0.00s Sys=0.00s Real=0.01s
[2026-06-17T10:02:17.577+0800][14.073s][info][gc,start    ] GC(483) Pause Young (Mixed) (G1 Evacuation Pause)
[2026-06-17T10:02:17.577+0800][14.074s][info][gc,task     ] GC(483) Using 2 workers of 18 for evacuation
[2026-06-17T10:02:17.578+0800][14.075s][info][gc,phases   ] GC(483)   Pre Evacuate Collection Set: 0.16ms
[2026-06-17T10:02:17.579+0800][14.076s][info][gc,phases   ] GC(483)   Merge Heap Roots: 0.04ms
[2026-06-17T10:02:17.579+0800][14.076s][info][gc,phases   ] GC(483)   Evacuate Collection Set: 0.38ms
[2026-06-17T10:02:17.580+0800][14.076s][info][gc,phases   ] GC(483)   Post Evacuate Collection Set: 0.20ms
[2026-06-17T10:02:17.580+0800][14.077s][info][gc,phases   ] GC(483)   Other: 0.54ms
[2026-06-17T10:02:17.580+0800][14.077s][info][gc,heap     ] GC(483) Eden regions: 9->0(11)
[2026-06-17T10:02:17.581+0800][14.078s][info][gc,heap     ] GC(483) Survivor regions: 1->2(2)
[2026-06-17T10:02:17.581+0800][14.078s][info][gc,heap     ] GC(483) Old regions: 27->23
[2026-06-17T10:02:17.582+0800][14.078s][info][gc,heap     ] GC(483) Humongous regions: 17->17
[2026-06-17T10:02:17.582+0800][14.079s][info][gc,metaspace] GC(483) Metaspace: 112K(320K)->112K(320K) NonClass: 105K(192K)->105K(192K) Class: 7K(128K)->7K(128K)
[2026-06-17T10:02:17.582+0800][14.079s][info][gc          ] GC(483) Pause Young (Mixed) (G1 Evacuation Pause) 52M->41M(64M) 5.725ms
[2026-06-17T10:02:17.583+0800][14.080s][info][gc,cpu      ] GC(483) User=0.00s Sys=0.00s Real=0.01s
[2026-06-17T10:02:17.604+0800][14.101s][info][gc,start    ] GC(484) Pause Young (Normal) (G1 Evacuation Pause)
[2026-06-17T10:02:17.605+0800][14.102s][info][gc,task     ] GC(484) Using 2 workers of 18 for evacuation
[2026-06-17T10:02:17.606+0800][14.103s][info][gc,phases   ] GC(484)   Pre Evacuate Collection Set: 0.11ms
[2026-06-17T10:02:17.607+0800][14.104s][info][gc,phases   ] GC(484)   Merge Heap Roots: 0.06ms
[2026-06-17T10:02:17.608+0800][14.104s][info][gc,phases   ] GC(484)   Evacuate Collection Set: 0.40ms
[2026-06-17T10:02:17.608+0800][14.105s][info][gc,phases   ] GC(484)   Post Evacuate Collection Set: 0.24ms
[2026-06-17T10:02:17.609+0800][14.106s][info][gc,phases   ] GC(484)   Other: 0.57ms
[2026-06-17T10:02:17.609+0800][14.106s][info][gc,heap     ] GC(484) Eden regions: 11->0(7)
[2026-06-17T10:02:17.610+0800][14.107s][info][gc,heap     ] GC(484) Survivor regions: 2->2(2)
[2026-06-17T10:02:17.610+0800][14.107s][info][gc,heap     ] GC(484) Old regions: 23->27
[2026-06-17T10:02:17.611+0800][14.108s][info][gc,heap     ] GC(484) Humongous regions: 17->17
[2026-06-17T10:02:17.611+0800][14.108s][info][gc,metaspace] GC(484) Metaspace: 112K(320K)->112K(320K) NonClass: 105K(192K)->105K(192K) Class: 7K(128K)->7K(128K)
[2026-06-17T10:02:17.612+0800][14.109s][info][gc          ] GC(484) Pause Young (Normal) (G1 Evacuation Pause) 52M->45M(64M) 7.627ms
[2026-06-17T10:02:17.612+0800][14.109s][info][gc,cpu      ] GC(484) User=0.00s Sys=0.01s Real=0.01s
[2026-06-17T10:02:17.634+0800][14.131s][info][gc,start    ] GC(485) Pause Young (Concurrent Start) (G1 Evacuation Pause)
[2026-06-17T10:02:17.634+0800][14.131s][info][gc,task     ] GC(485) Using 2 workers of 18 for evacuation
[2026-06-17T10:02:17.635+0800][14.132s][info][gc,phases   ] GC(485)   Pre Evacuate Collection Set: 0.15ms
[2026-06-17T10:02:17.635+0800][14.132s][info][gc,phases   ] GC(485)   Merge Heap Roots: 0.04ms
[2026-06-17T10:02:17.635+0800][14.132s][info][gc,phases   ] GC(485)   Evacuate Collection Set: 0.17ms
[2026-06-17T10:02:17.636+0800][14.132s][info][gc,phases   ] GC(485)   Post Evacuate Collection Set: 0.20ms
[2026-06-17T10:02:17.636+0800][14.133s][info][gc,phases   ] GC(485)   Other: 0.27ms
[2026-06-17T10:02:17.636+0800][14.133s][info][gc,heap     ] GC(485) Eden regions: 7->0(8)
[2026-06-17T10:02:17.636+0800][14.133s][info][gc,heap     ] GC(485) Survivor regions: 2->1(2)
[2026-06-17T10:02:17.636+0800][14.133s][info][gc,heap     ] GC(485) Old regions: 27->29
[2026-06-17T10:02:17.636+0800][14.133s][info][gc,heap     ] GC(485) Humongous regions: 17->17
[2026-06-17T10:02:17.636+0800][14.133s][info][gc,metaspace] GC(485) Metaspace: 112K(320K)->112K(320K) NonClass: 105K(192K)->105K(192K) Class: 7K(128K)->7K(128K)
[2026-06-17T10:02:17.636+0800][14.133s][info][gc          ] GC(485) Pause Young (Concurrent Start) (G1 Evacuation Pause) 52M->45M(64M) 2.588ms
[2026-06-17T10:02:17.637+0800][14.133s][info][gc,cpu      ] GC(485) User=0.00s Sys=0.00s Real=0.00s
[2026-06-17T10:02:17.637+0800][14.133s][info][gc          ] GC(486) Concurrent Mark Cycle
[2026-06-17T10:02:17.637+0800][14.134s][info][gc,marking  ] GC(486) Concurrent Scan Root Regions
[2026-06-17T10:02:17.637+0800][14.134s][info][gc,marking  ] GC(486) Concurrent Scan Root Regions 0.206ms
[2026-06-17T10:02:17.637+0800][14.134s][info][gc,marking  ] GC(486) Concurrent Mark
[2026-06-17T10:02:17.638+0800][14.134s][info][gc,marking  ] GC(486) Concurrent Mark From Roots
[2026-06-17T10:02:17.638+0800][14.135s][info][gc,task     ] GC(486) Using 5 workers of 5 for marking
[2026-06-17T10:02:17.639+0800][14.136s][info][gc,marking  ] GC(486) Concurrent Mark From Roots 1.710ms
[2026-06-17T10:02:17.640+0800][14.136s][info][gc,marking  ] GC(486) Concurrent Preclean
[2026-06-17T10:02:17.640+0800][14.136s][info][gc,marking  ] GC(486) Concurrent Preclean 0.099ms
[2026-06-17T10:02:17.640+0800][14.137s][info][gc,start    ] GC(486) Pause Remark
[2026-06-17T10:02:17.640+0800][14.137s][info][gc          ] GC(486) Pause Remark 49M->49M(64M) 0.441ms
[2026-06-17T10:02:17.640+0800][14.137s][info][gc,cpu      ] GC(486) User=0.00s Sys=0.00s Real=0.00s
[2026-06-17T10:02:17.640+0800][14.137s][info][gc,marking  ] GC(486) Concurrent Mark 2.967ms
[2026-06-17T10:02:17.641+0800][14.137s][info][gc,marking  ] GC(486) Concurrent Rebuild Remembered Sets and Scrub Regions
[2026-06-17T10:02:17.641+0800][14.138s][info][gc,marking  ] GC(486) Concurrent Rebuild Remembered Sets and Scrub Regions 0.413ms
[2026-06-17T10:02:17.641+0800][14.138s][info][gc,start    ] GC(486) Pause Cleanup
[2026-06-17T10:02:17.641+0800][14.138s][info][gc          ] GC(486) Pause Cleanup 49M->49M(64M) 0.163ms
[2026-06-17T10:02:17.641+0800][14.138s][info][gc,cpu      ] GC(486) User=0.00s Sys=0.00s Real=0.00s
[2026-06-17T10:02:17.642+0800][14.138s][info][gc,marking  ] GC(486) Concurrent Clear Claimed Marks
[2026-06-17T10:02:17.642+0800][14.139s][info][gc,marking  ] GC(486) Concurrent Clear Claimed Marks 0.099ms
[2026-06-17T10:02:17.642+0800][14.139s][info][gc,marking  ] GC(486) Concurrent Cleanup for Next Mark
[2026-06-17T10:02:17.642+0800][14.139s][info][gc,marking  ] GC(486) Concurrent Cleanup for Next Mark 0.170ms
[2026-06-17T10:02:17.642+0800][14.139s][info][gc          ] GC(486) Concurrent Mark Cycle 5.416ms
[2026-06-17T10:02:17.658+0800][14.155s][info][gc,start    ] GC(487) Pause Young (Prepare Mixed) (G1 Evacuation Pause)
[2026-06-17T10:02:17.658+0800][14.155s][info][gc,task     ] GC(487) Using 2 workers of 18 for evacuation
[2026-06-17T10:02:17.659+0800][14.156s][info][gc,phases   ] GC(487)   Pre Evacuate Collection Set: 0.12ms
[2026-06-17T10:02:17.659+0800][14.156s][info][gc,phases   ] GC(487)   Merge Heap Roots: 0.05ms
[2026-06-17T10:02:17.660+0800][14.156s][info][gc,phases   ] GC(487)   Evacuate Collection Set: 0.40ms
[2026-06-17T10:02:17.660+0800][14.157s][info][gc,phases   ] GC(487)   Post Evacuate Collection Set: 0.21ms
[2026-06-17T10:02:17.660+0800][14.157s][info][gc,phases   ] GC(487)   Other: 0.22ms
[2026-06-17T10:02:17.660+0800][14.157s][info][gc,heap     ] GC(487) Eden regions: 8->0(8)
[2026-06-17T10:02:17.660+0800][14.157s][info][gc,heap     ] GC(487) Survivor regions: 1->2(2)
[2026-06-17T10:02:17.660+0800][14.157s][info][gc,heap     ] GC(487) Old regions: 29->31
[2026-06-17T10:02:17.660+0800][14.157s][info][gc,heap     ] GC(487) Humongous regions: 19->11
[2026-06-17T10:02:17.660+0800][14.157s][info][gc,metaspace] GC(487) Metaspace: 112K(320K)->112K(320K) NonClass: 105K(192K)->105K(192K) Class: 7K(128K)->7K(128K)
[2026-06-17T10:02:17.660+0800][14.157s][info][gc          ] GC(487) Pause Young (Prepare Mixed) (G1 Evacuation Pause) 55M->43M(64M) 2.371ms
[2026-06-17T10:02:17.660+0800][14.157s][info][gc,cpu      ] GC(487) User=0.00s Sys=0.00s Real=0.00s
[2026-06-17T10:02:17.682+0800][14.179s][info][gc,start    ] GC(488) Pause Young (Mixed) (G1 Evacuation Pause)
[2026-06-17T10:02:17.682+0800][14.179s][info][gc,task     ] GC(488) Using 2 workers of 18 for evacuation
[2026-06-17T10:02:17.684+0800][14.180s][info][gc,phases   ] GC(488)   Pre Evacuate Collection Set: 0.13ms
[2026-06-17T10:02:17.684+0800][14.181s][info][gc,phases   ] GC(488)   Merge Heap Roots: 0.04ms
[2026-06-17T10:02:17.684+0800][14.181s][info][gc,phases   ] GC(488)   Evacuate Collection Set: 0.59ms
[2026-06-17T10:02:17.684+0800][14.181s][info][gc,phases   ] GC(488)   Post Evacuate Collection Set: 0.17ms
[2026-06-17T10:02:17.684+0800][14.181s][info][gc,phases   ] GC(488)   Other: 0.34ms
[2026-06-17T10:02:17.685+0800][14.182s][info][gc,heap     ] GC(488) Eden regions: 8->0(8)
[2026-06-17T10:02:17.685+0800][14.182s][info][gc,heap     ] GC(488) Survivor regions: 2->2(2)
[2026-06-17T10:02:17.685+0800][14.182s][info][gc,heap     ] GC(488) Old regions: 31->31
[2026-06-17T10:02:17.685+0800][14.182s][info][gc,heap     ] GC(488) Humongous regions: 11->11
[2026-06-17T10:02:17.686+0800][14.182s][info][gc,metaspace] GC(488) Metaspace: 112K(320K)->112K(320K) NonClass: 105K(192K)->105K(192K) Class: 7K(128K)->7K(128K)
[2026-06-17T10:02:17.686+0800][14.183s][info][gc          ] GC(488) Pause Young (Mixed) (G1 Evacuation Pause) 51M->43M(64M) 4.264ms
[2026-06-17T10:02:17.686+0800][14.183s][info][gc,cpu      ] GC(488) User=0.00s Sys=0.00s Real=0.01s
[2026-06-17T10:02:17.708+0800][14.204s][info][gc,start    ] GC(489) Pause Young (Mixed) (G1 Evacuation Pause)
[2026-06-17T10:02:17.708+0800][14.205s][info][gc,task     ] GC(489) Using 2 workers of 18 for evacuation
[2026-06-17T10:02:17.709+0800][14.206s][info][gc,phases   ] GC(489)   Pre Evacuate Collection Set: 0.15ms
[2026-06-17T10:02:17.709+0800][14.206s][info][gc,phases   ] GC(489)   Merge Heap Roots: 0.05ms
[2026-06-17T10:02:17.709+0800][14.206s][info][gc,phases   ] GC(489)   Evacuate Collection Set: 0.34ms
[2026-06-17T10:02:17.709+0800][14.206s][info][gc,phases   ] GC(489)   Post Evacuate Collection Set: 0.24ms
[2026-06-17T10:02:17.710+0800][14.207s][info][gc,phases   ] GC(489)   Other: 0.20ms
[2026-06-17T10:02:17.710+0800][14.207s][info][gc,heap     ] GC(489) Eden regions: 8->0(8)
[2026-06-17T10:02:17.710+0800][14.207s][info][gc,heap     ] GC(489) Survivor regions: 2->2(2)
[2026-06-17T10:02:17.710+0800][14.207s][info][gc,heap     ] GC(489) Old regions: 31->31
[2026-06-17T10:02:17.710+0800][14.207s][info][gc,heap     ] GC(489) Humongous regions: 11->11
[2026-06-17T10:02:17.710+0800][14.207s][info][gc,metaspace] GC(489) Metaspace: 112K(320K)->112K(320K) NonClass: 105K(192K)->105K(192K) Class: 7K(128K)->7K(128K)
[2026-06-17T10:02:17.711+0800][14.207s][info][gc          ] GC(489) Pause Young (Mixed) (G1 Evacuation Pause) 51M->43M(64M) 2.942ms
[2026-06-17T10:02:17.711+0800][14.208s][info][gc,cpu      ] GC(489) User=0.01s Sys=0.00s Real=0.01s
[2026-06-17T10:02:17.732+0800][14.229s][info][gc,start    ] GC(490) Pause Young (Normal) (G1 Evacuation Pause)
[2026-06-17T10:02:17.732+0800][14.229s][info][gc,task     ] GC(490) Using 2 workers of 18 for evacuation
[2026-06-17T10:02:17.733+0800][14.230s][info][gc,phases   ] GC(490)   Pre Evacuate Collection Set: 0.24ms
[2026-06-17T10:02:17.737+0800][14.234s][info][gc,phases   ] GC(490)   Merge Heap Roots: 0.08ms
[2026-06-17T10:02:17.753+0800][14.250s][info][gc,phases   ] GC(490)   Evacuate Collection Set: 0.30ms
[2026-06-17T10:02:17.760+0800][14.256s][info][gc,phases   ] GC(490)   Post Evacuate Collection Set: 0.17ms
[2026-06-17T10:02:17.763+0800][14.259s][info][gc,phases   ] GC(490)   Other: 0.46ms
[2026-06-17T10:02:17.764+0800][14.261s][info][gc,heap     ] GC(490) Eden regions: 8->0(7)
[2026-06-17T10:02:17.764+0800][14.261s][info][gc,heap     ] GC(490) Survivor regions: 2->2(2)
[2026-06-17T10:02:17.765+0800][14.262s][info][gc,heap     ] GC(490) Old regions: 31->33
[2026-06-17T10:02:17.766+0800][14.263s][info][gc,heap     ] GC(490) Humongous regions: 11->11
[2026-06-17T10:02:17.768+0800][14.265s][info][gc,metaspace] GC(490) Metaspace: 112K(320K)->112K(320K) NonClass: 105K(192K)->105K(192K) Class: 7K(128K)->7K(128K)
[2026-06-17T10:02:17.772+0800][14.269s][info][gc          ] GC(490) Pause Young (Normal) (G1 Evacuation Pause) 51M->45M(64M) 39.829ms
[2026-06-17T10:02:17.772+0800][14.269s][info][gc,cpu      ] GC(490) User=0.00s Sys=0.00s Real=0.04s
[2026-06-17T10:02:17.793+0800][14.290s][info][gc,start    ] GC(491) Pause Young (Concurrent Start) (G1 Evacuation Pause)
[2026-06-17T10:02:17.808+0800][14.305s][info][gc,task     ] GC(491) Using 2 workers of 18 for evacuation
[2026-06-17T10:02:17.811+0800][14.308s][info][gc,phases   ] GC(491)   Pre Evacuate Collection Set: 0.49ms
[2026-06-17T10:02:17.813+0800][14.310s][info][gc,phases   ] GC(491)   Merge Heap Roots: 0.17ms
[2026-06-17T10:02:17.815+0800][14.312s][info][gc,phases   ] GC(491)   Evacuate Collection Set: 0.47ms
[2026-06-17T10:02:17.815+0800][14.312s][info][gc,phases   ] GC(491)   Post Evacuate Collection Set: 0.63ms
[2026-06-17T10:02:17.816+0800][14.313s][info][gc,phases   ] GC(491)   Other: 0.88ms
[2026-06-17T10:02:17.817+0800][14.314s][info][gc,heap     ] GC(491) Eden regions: 7->0(7)
[2026-06-17T10:02:17.818+0800][14.315s][info][gc,heap     ] GC(491) Survivor regions: 2->2(2)
[2026-06-17T10:02:17.821+0800][14.318s][info][gc,heap     ] GC(491) Old regions: 33->34
[2026-06-17T10:02:17.821+0800][14.318s][info][gc,heap     ] GC(491) Humongous regions: 11->11
[2026-06-17T10:02:17.822+0800][14.318s][info][gc,metaspace] GC(491) Metaspace: 112K(320K)->112K(320K) NonClass: 105K(192K)->105K(192K) Class: 7K(128K)->7K(128K)
[2026-06-17T10:02:17.822+0800][14.319s][info][gc          ] GC(491) Pause Young (Concurrent Start) (G1 Evacuation Pause) 52M->46M(64M) 28.636ms
[2026-06-17T10:02:17.822+0800][14.319s][info][gc,cpu      ] GC(491) User=0.00s Sys=0.00s Real=0.02s
[2026-06-17T10:02:17.822+0800][14.319s][info][gc          ] GC(492) Concurrent Mark Cycle
[2026-06-17T10:02:17.823+0800][14.319s][info][gc,marking  ] GC(492) Concurrent Scan Root Regions
[2026-06-17T10:02:17.823+0800][14.320s][info][gc,marking  ] GC(492) Concurrent Scan Root Regions 0.193ms
[2026-06-17T10:02:17.823+0800][14.320s][info][gc,marking  ] GC(492) Concurrent Mark
[2026-06-17T10:02:17.823+0800][14.320s][info][gc,marking  ] GC(492) Concurrent Mark From Roots
[2026-06-17T10:02:17.823+0800][14.320s][info][gc,task     ] GC(492) Using 5 workers of 5 for marking
[2026-06-17T10:02:17.824+0800][14.321s][info][gc,marking  ] GC(492) Concurrent Mark From Roots 1.355ms
[2026-06-17T10:02:17.824+0800][14.321s][info][gc,marking  ] GC(492) Concurrent Preclean
[2026-06-17T10:02:17.825+0800][14.321s][info][gc,marking  ] GC(492) Concurrent Preclean 0.180ms
[2026-06-17T10:02:17.825+0800][14.322s][info][gc,start    ] GC(492) Pause Remark
[2026-06-17T10:02:17.826+0800][14.323s][info][gc          ] GC(492) Pause Remark 49M->42M(64M) 1.124ms
[2026-06-17T10:02:17.826+0800][14.323s][info][gc,cpu      ] GC(492) User=0.00s Sys=0.00s Real=0.00s
[2026-06-17T10:02:17.827+0800][14.323s][info][gc,marking  ] GC(492) Concurrent Mark 3.658ms
[2026-06-17T10:02:17.827+0800][14.323s][info][gc,marking  ] GC(492) Concurrent Rebuild Remembered Sets and Scrub Regions
[2026-06-17T10:02:17.827+0800][14.324s][info][gc,marking  ] GC(492) Concurrent Rebuild Remembered Sets and Scrub Regions 0.501ms
[2026-06-17T10:02:17.827+0800][14.324s][info][gc,start    ] GC(492) Pause Cleanup
[2026-06-17T10:02:17.828+0800][14.324s][info][gc          ] GC(492) Pause Cleanup 42M->42M(64M) 0.258ms
[2026-06-17T10:02:17.828+0800][14.325s][info][gc,cpu      ] GC(492) User=0.00s Sys=0.00s Real=0.00s
[2026-06-17T10:02:17.828+0800][14.325s][info][gc,marking  ] GC(492) Concurrent Clear Claimed Marks
[2026-06-17T10:02:17.828+0800][14.325s][info][gc,marking  ] GC(492) Concurrent Clear Claimed Marks 0.093ms
[2026-06-17T10:02:17.828+0800][14.325s][info][gc,marking  ] GC(492) Concurrent Cleanup for Next Mark
[2026-06-17T10:02:17.828+0800][14.325s][info][gc,marking  ] GC(492) Concurrent Cleanup for Next Mark 0.176ms
[2026-06-17T10:02:17.828+0800][14.325s][info][gc          ] GC(492) Concurrent Mark Cycle 6.199ms
[2026-06-17T10:02:17.843+0800][14.340s][info][gc,start    ] GC(493) Pause Young (Prepare Mixed) (G1 Evacuation Pause)
[2026-06-17T10:02:17.843+0800][14.340s][info][gc,task     ] GC(493) Using 2 workers of 18 for evacuation
[2026-06-17T10:02:17.844+0800][14.341s][info][gc,phases   ] GC(493)   Pre Evacuate Collection Set: 0.15ms
[2026-06-17T10:02:17.845+0800][14.341s][info][gc,phases   ] GC(493)   Merge Heap Roots: 0.06ms
[2026-06-17T10:02:17.845+0800][14.342s][info][gc,phases   ] GC(493)   Evacuate Collection Set: 0.20ms
[2026-06-17T10:02:17.845+0800][14.342s][info][gc,phases   ] GC(493)   Post Evacuate Collection Set: 0.18ms
[2026-06-17T10:02:17.845+0800][14.342s][info][gc,phases   ] GC(493)   Other: 0.27ms
[2026-06-17T10:02:17.845+0800][14.342s][info][gc,heap     ] GC(493) Eden regions: 7->0(12)
[2026-06-17T10:02:17.845+0800][14.342s][info][gc,heap     ] GC(493) Survivor regions: 2->1(2)
[2026-06-17T10:02:17.845+0800][14.342s][info][gc,heap     ] GC(493) Old regions: 27->29
[2026-06-17T10:02:17.845+0800][14.342s][info][gc,heap     ] GC(493) Humongous regions: 11->11
[2026-06-17T10:02:17.845+0800][14.342s][info][gc,metaspace] GC(493) Metaspace: 112K(320K)->112K(320K) NonClass: 105K(192K)->105K(192K) Class: 7K(128K)->7K(128K)
[2026-06-17T10:02:17.846+0800][14.342s][info][gc          ] GC(493) Pause Young (Prepare Mixed) (G1 Evacuation Pause) 46M->39M(64M) 2.325ms
[2026-06-17T10:02:17.846+0800][14.342s][info][gc,cpu      ] GC(493) User=0.01s Sys=0.00s Real=0.00s
[2026-06-17T10:02:17.877+0800][14.374s][info][gc,start    ] GC(494) Pause Young (Mixed) (G1 Evacuation Pause)
[2026-06-17T10:02:17.877+0800][14.374s][info][gc,task     ] GC(494) Using 2 workers of 18 for evacuation
[2026-06-17T10:02:17.879+0800][14.375s][info][gc,phases   ] GC(494)   Pre Evacuate Collection Set: 0.17ms
[2026-06-17T10:02:17.879+0800][14.376s][info][gc,phases   ] GC(494)   Merge Heap Roots: 0.05ms
[2026-06-17T10:02:17.879+0800][14.376s][info][gc,phases   ] GC(494)   Evacuate Collection Set: 0.42ms
[2026-06-17T10:02:17.879+0800][14.376s][info][gc,phases   ] GC(494)   Post Evacuate Collection Set: 0.25ms
[2026-06-17T10:02:17.879+0800][14.376s][info][gc,phases   ] GC(494)   Other: 0.22ms
[2026-06-17T10:02:17.880+0800][14.377s][info][gc,heap     ] GC(494) Eden regions: 12->0(14)
[2026-06-17T10:02:17.880+0800][14.377s][info][gc,heap     ] GC(494) Survivor regions: 1->2(2)
[2026-06-17T10:02:17.881+0800][14.378s][info][gc,heap     ] GC(494) Old regions: 29->26
[2026-06-17T10:02:17.881+0800][14.378s][info][gc,heap     ] GC(494) Humongous regions: 11->11
[2026-06-17T10:02:17.881+0800][14.378s][info][gc,metaspace] GC(494) Metaspace: 112K(320K)->112K(320K) NonClass: 105K(192K)->105K(192K) Class: 7K(128K)->7K(128K)
[2026-06-17T10:02:17.881+0800][14.378s][info][gc          ] GC(494) Pause Young (Mixed) (G1 Evacuation Pause) 51M->38M(64M) 4.239ms
[2026-06-17T10:02:17.882+0800][14.378s][info][gc,cpu      ] GC(494) User=0.00s Sys=0.00s Real=0.00s
[2026-06-17T10:02:17.914+0800][14.411s][info][gc,start    ] GC(495) Pause Young (Mixed) (G1 Evacuation Pause)
[2026-06-17T10:02:17.914+0800][14.411s][info][gc,task     ] GC(495) Using 2 workers of 18 for evacuation
[2026-06-17T10:02:17.915+0800][14.412s][info][gc,phases   ] GC(495)   Pre Evacuate Collection Set: 0.15ms
[2026-06-17T10:02:17.916+0800][14.413s][info][gc,phases   ] GC(495)   Merge Heap Roots: 0.04ms
[2026-06-17T10:02:17.916+0800][14.413s][info][gc,phases   ] GC(495)   Evacuate Collection Set: 0.54ms
[2026-06-17T10:02:17.916+0800][14.413s][info][gc,phases   ] GC(495)   Post Evacuate Collection Set: 0.21ms
[2026-06-17T10:02:17.917+0800][14.414s][info][gc,phases   ] GC(495)   Other: 0.21ms
[2026-06-17T10:02:17.917+0800][14.414s][info][gc,heap     ] GC(495) Eden regions: 14->0(10)
[2026-06-17T10:02:17.917+0800][14.414s][info][gc,heap     ] GC(495) Survivor regions: 2->2(2)
[2026-06-17T10:02:17.917+0800][14.414s][info][gc,heap     ] GC(495) Old regions: 26->28
[2026-06-17T10:02:17.917+0800][14.414s][info][gc,heap     ] GC(495) Humongous regions: 13->13
[2026-06-17T10:02:17.917+0800][14.414s][info][gc,metaspace] GC(495) Metaspace: 112K(320K)->112K(320K) NonClass: 105K(192K)->105K(192K) Class: 7K(128K)->7K(128K)
[2026-06-17T10:02:17.918+0800][14.414s][info][gc          ] GC(495) Pause Young (Mixed) (G1 Evacuation Pause) 54M->42M(64M) 3.744ms
[2026-06-17T10:02:17.918+0800][14.415s][info][gc,cpu      ] GC(495) User=0.00s Sys=0.00s Real=0.00s
[2026-06-17T10:02:17.949+0800][14.446s][info][gc,start    ] GC(496) Pause Young (Concurrent Start) (G1 Evacuation Pause)
[2026-06-17T10:02:17.950+0800][14.446s][info][gc,task     ] GC(496) Using 2 workers of 18 for evacuation
[2026-06-17T10:02:17.950+0800][14.447s][info][gc,phases   ] GC(496)   Pre Evacuate Collection Set: 0.16ms
[2026-06-17T10:02:17.951+0800][14.448s][info][gc,phases   ] GC(496)   Merge Heap Roots: 0.04ms
[2026-06-17T10:02:17.951+0800][14.448s][info][gc,phases   ] GC(496)   Evacuate Collection Set: 0.33ms
[2026-06-17T10:02:17.951+0800][14.448s][info][gc,phases   ] GC(496)   Post Evacuate Collection Set: 0.17ms
[2026-06-17T10:02:17.951+0800][14.448s][info][gc,phases   ] GC(496)   Other: 0.25ms
[2026-06-17T10:02:17.951+0800][14.448s][info][gc,heap     ] GC(496) Eden regions: 10->0(9)
[2026-06-17T10:02:17.951+0800][14.448s][info][gc,heap     ] GC(496) Survivor regions: 2->2(2)
[2026-06-17T10:02:17.951+0800][14.448s][info][gc,heap     ] GC(496) Old regions: 28->31
[2026-06-17T10:02:17.951+0800][14.448s][info][gc,heap     ] GC(496) Humongous regions: 13->13
[2026-06-17T10:02:17.951+0800][14.448s][info][gc,metaspace] GC(496) Metaspace: 112K(320K)->112K(320K) NonClass: 105K(192K)->105K(192K) Class: 7K(128K)->7K(128K)
[2026-06-17T10:02:17.951+0800][14.448s][info][gc          ] GC(496) Pause Young (Concurrent Start) (G1 Evacuation Pause) 52M->45M(64M) 2.324ms
[2026-06-17T10:02:17.952+0800][14.448s][info][gc,cpu      ] GC(496) User=0.00s Sys=0.00s Real=0.01s
[2026-06-17T10:02:17.952+0800][14.448s][info][gc          ] GC(497) Concurrent Mark Cycle
[2026-06-17T10:02:17.952+0800][14.449s][info][gc,marking  ] GC(497) Concurrent Scan Root Regions
[2026-06-17T10:02:17.952+0800][14.449s][info][gc,marking  ] GC(497) Concurrent Scan Root Regions 0.203ms
[2026-06-17T10:02:17.952+0800][14.449s][info][gc,marking  ] GC(497) Concurrent Mark
[2026-06-17T10:02:17.952+0800][14.449s][info][gc,marking  ] GC(497) Concurrent Mark From Roots
[2026-06-17T10:02:17.952+0800][14.449s][info][gc,task     ] GC(497) Using 5 workers of 5 for marking
[2026-06-17T10:02:17.954+0800][14.451s][info][gc,marking  ] GC(497) Concurrent Mark From Roots 1.630ms
[2026-06-17T10:02:17.954+0800][14.451s][info][gc,marking  ] GC(497) Concurrent Preclean
[2026-06-17T10:02:17.954+0800][14.451s][info][gc,marking  ] GC(497) Concurrent Preclean 0.110ms
[2026-06-17T10:02:17.954+0800][14.451s][info][gc,start    ] GC(497) Pause Remark
[2026-06-17T10:02:17.955+0800][14.452s][info][gc          ] GC(497) Pause Remark 49M->43M(64M) 0.495ms
[2026-06-17T10:02:17.955+0800][14.452s][info][gc,cpu      ] GC(497) User=0.00s Sys=0.00s Real=0.00s
[2026-06-17T10:02:17.955+0800][14.452s][info][gc,marking  ] GC(497) Concurrent Mark 2.928ms
[2026-06-17T10:02:17.955+0800][14.452s][info][gc,marking  ] GC(497) Concurrent Rebuild Remembered Sets and Scrub Regions
[2026-06-17T10:02:17.956+0800][14.452s][info][gc,marking  ] GC(497) Concurrent Rebuild Remembered Sets and Scrub Regions 0.500ms
[2026-06-17T10:02:17.956+0800][14.453s][info][gc,start    ] GC(497) Pause Cleanup
[2026-06-17T10:02:17.956+0800][14.453s][info][gc          ] GC(497) Pause Cleanup 43M->43M(64M) 0.125ms
[2026-06-17T10:02:17.956+0800][14.453s][info][gc,cpu      ] GC(497) User=0.00s Sys=0.00s Real=0.00s
[2026-06-17T10:02:17.956+0800][14.453s][info][gc,marking  ] GC(497) Concurrent Clear Claimed Marks
[2026-06-17T10:02:17.956+0800][14.453s][info][gc,marking  ] GC(497) Concurrent Clear Claimed Marks 0.069ms
[2026-06-17T10:02:17.956+0800][14.453s][info][gc,marking  ] GC(497) Concurrent Cleanup for Next Mark
[2026-06-17T10:02:17.957+0800][14.453s][info][gc,marking  ] GC(497) Concurrent Cleanup for Next Mark 0.182ms
[2026-06-17T10:02:17.957+0800][14.453s][info][gc          ] GC(497) Concurrent Mark Cycle 4.994ms
[2026-06-17T10:02:17.973+0800][14.470s][info][gc,start    ] GC(498) Pause Young (Prepare Mixed) (G1 Evacuation Pause)
[2026-06-17T10:02:17.973+0800][14.470s][info][gc,task     ] GC(498) Using 2 workers of 18 for evacuation
[2026-06-17T10:02:17.974+0800][14.471s][info][gc,phases   ] GC(498)   Pre Evacuate Collection Set: 0.11ms
[2026-06-17T10:02:17.974+0800][14.471s][info][gc,phases   ] GC(498)   Merge Heap Roots: 0.03ms
[2026-06-17T10:02:17.974+0800][14.471s][info][gc,phases   ] GC(498)   Evacuate Collection Set: 0.32ms
[2026-06-17T10:02:17.974+0800][14.471s][info][gc,phases   ] GC(498)   Post Evacuate Collection Set: 0.16ms
[2026-06-17T10:02:17.975+0800][14.471s][info][gc,phases   ] GC(498)   Other: 0.24ms
[2026-06-17T10:02:17.975+0800][14.472s][info][gc,heap     ] GC(498) Eden regions: 9->0(11)
[2026-06-17T10:02:17.975+0800][14.472s][info][gc,heap     ] GC(498) Survivor regions: 2->2(2)
[2026-06-17T10:02:17.975+0800][14.472s][info][gc,heap     ] GC(498) Old regions: 25->27
[2026-06-17T10:02:17.975+0800][14.472s][info][gc,heap     ] GC(498) Humongous regions: 13->13
[2026-06-17T10:02:17.975+0800][14.472s][info][gc,metaspace] GC(498) Metaspace: 112K(320K)->112K(320K) NonClass: 105K(192K)->105K(192K) Class: 7K(128K)->7K(128K)
[2026-06-17T10:02:17.975+0800][14.472s][info][gc          ] GC(498) Pause Young (Prepare Mixed) (G1 Evacuation Pause) 48M->41M(64M) 2.515ms
[2026-06-17T10:02:17.975+0800][14.472s][info][gc,cpu      ] GC(498) User=0.00s Sys=0.00s Real=0.00s
[2026-06-17T10:02:18.007+0800][14.504s][info][gc,start    ] GC(499) Pause Young (Mixed) (G1 Evacuation Pause)
[2026-06-17T10:02:18.007+0800][14.504s][info][gc,task     ] GC(499) Using 2 workers of 18 for evacuation
[2026-06-17T10:02:18.009+0800][14.505s][info][gc,phases   ] GC(499)   Pre Evacuate Collection Set: 0.17ms
[2026-06-17T10:02:18.009+0800][14.506s][info][gc,phases   ] GC(499)   Merge Heap Roots: 0.05ms
[2026-06-17T10:02:18.009+0800][14.506s][info][gc,phases   ] GC(499)   Evacuate Collection Set: 0.43ms
[2026-06-17T10:02:18.010+0800][14.506s][info][gc,phases   ] GC(499)   Post Evacuate Collection Set: 0.35ms
[2026-06-17T10:02:18.010+0800][14.507s][info][gc,phases   ] GC(499)   Other: 0.30ms
[2026-06-17T10:02:18.010+0800][14.507s][info][gc,heap     ] GC(499) Eden regions: 11->0(14)
[2026-06-17T10:02:18.010+0800][14.507s][info][gc,heap     ] GC(499) Survivor regions: 2->2(2)
[2026-06-17T10:02:18.010+0800][14.507s][info][gc,heap     ] GC(499) Old regions: 27->23
[2026-06-17T10:02:18.010+0800][14.507s][info][gc,heap     ] GC(499) Humongous regions: 13->13
[2026-06-17T10:02:18.010+0800][14.507s][info][gc,metaspace] GC(499) Metaspace: 112K(320K)->112K(320K) NonClass: 105K(192K)->105K(192K) Class: 7K(128K)->7K(128K)
[2026-06-17T10:02:18.010+0800][14.507s][info][gc          ] GC(499) Pause Young (Mixed) (G1 Evacuation Pause) 52M->37M(64M) 3.438ms
[2026-06-17T10:02:18.010+0800][14.507s][info][gc,cpu      ] GC(499) User=0.00s Sys=0.00s Real=0.00s
[2026-06-17T10:02:18.042+0800][14.539s][info][gc,start    ] GC(500) Pause Young (Mixed) (G1 Evacuation Pause)
[2026-06-17T10:02:18.043+0800][14.540s][info][gc,task     ] GC(500) Using 2 workers of 18 for evacuation
[2026-06-17T10:02:18.045+0800][14.542s][info][gc,phases   ] GC(500)   Pre Evacuate Collection Set: 0.11ms
[2026-06-17T10:02:18.045+0800][14.542s][info][gc,phases   ] GC(500)   Merge Heap Roots: 0.09ms
[2026-06-17T10:02:18.046+0800][14.542s][info][gc,phases   ] GC(500)   Evacuate Collection Set: 0.71ms
[2026-06-17T10:02:18.046+0800][14.543s][info][gc,phases   ] GC(500)   Post Evacuate Collection Set: 0.35ms
[2026-06-17T10:02:18.046+0800][14.543s][info][gc,phases   ] GC(500)   Other: 1.07ms
[2026-06-17T10:02:18.046+0800][14.543s][info][gc,heap     ] GC(500) Eden regions: 14->0(13)
[2026-06-17T10:02:18.046+0800][14.543s][info][gc,heap     ] GC(500) Survivor regions: 2->2(2)
[2026-06-17T10:02:18.046+0800][14.543s][info][gc,heap     ] GC(500) Old regions: 23->24
[2026-06-17T10:02:18.047+0800][14.543s][info][gc,heap     ] GC(500) Humongous regions: 13->13
[2026-06-17T10:02:18.047+0800][14.544s][info][gc,metaspace] GC(500) Metaspace: 112K(320K)->112K(320K) NonClass: 105K(192K)->105K(192K) Class: 7K(128K)->7K(128K)
[2026-06-17T10:02:18.047+0800][14.544s][info][gc          ] GC(500) Pause Young (Mixed) (G1 Evacuation Pause) 51M->38M(64M) 4.745ms
[2026-06-17T10:02:18.047+0800][14.544s][info][gc,cpu      ] GC(500) User=0.01s Sys=0.01s Real=0.01s
[2026-06-17T10:02:18.079+0800][14.576s][info][gc,start    ] GC(501) Pause Young (Normal) (G1 Evacuation Pause)
[2026-06-17T10:02:18.080+0800][14.577s][info][gc,task     ] GC(501) Using 2 workers of 18 for evacuation
[2026-06-17T10:02:18.081+0800][14.578s][info][gc,phases   ] GC(501)   Pre Evacuate Collection Set: 0.25ms
[2026-06-17T10:02:18.082+0800][14.578s][info][gc,phases   ] GC(501)   Merge Heap Roots: 0.05ms
[2026-06-17T10:02:18.082+0800][14.579s][info][gc,phases   ] GC(501)   Evacuate Collection Set: 0.47ms
[2026-06-17T10:02:18.082+0800][14.579s][info][gc,phases   ] GC(501)   Post Evacuate Collection Set: 0.34ms
[2026-06-17T10:02:18.082+0800][14.579s][info][gc,phases   ] GC(501)   Other: 0.25ms
[2026-06-17T10:02:18.082+0800][14.579s][info][gc,heap     ] GC(501) Eden regions: 13->0(9)
[2026-06-17T10:02:18.083+0800][14.579s][info][gc,heap     ] GC(501) Survivor regions: 2->2(2)
[2026-06-17T10:02:18.083+0800][14.580s][info][gc,heap     ] GC(501) Old regions: 24->28
[2026-06-17T10:02:18.083+0800][14.580s][info][gc,heap     ] GC(501) Humongous regions: 13->13
[2026-06-17T10:02:18.083+0800][14.580s][info][gc,metaspace] GC(501) Metaspace: 112K(320K)->112K(320K) NonClass: 105K(192K)->105K(192K) Class: 7K(128K)->7K(128K)
[2026-06-17T10:02:18.083+0800][14.580s][info][gc          ] GC(501) Pause Young (Normal) (G1 Evacuation Pause) 51M->42M(64M) 3.927ms
[2026-06-17T10:02:18.083+0800][14.580s][info][gc,cpu      ] GC(501) User=0.00s Sys=0.00s Real=0.01s
[2026-06-17T10:02:18.104+0800][14.601s][info][gc,start    ] GC(502) Pause Young (Concurrent Start) (G1 Evacuation Pause)
[2026-06-17T10:02:18.105+0800][14.602s][info][gc,task     ] GC(502) Using 2 workers of 18 for evacuation
[2026-06-17T10:02:18.106+0800][14.603s][info][gc,phases   ] GC(502)   Pre Evacuate Collection Set: 0.14ms
[2026-06-17T10:02:18.106+0800][14.603s][info][gc,phases   ] GC(502)   Merge Heap Roots: 0.05ms
[2026-06-17T10:02:18.106+0800][14.603s][info][gc,phases   ] GC(502)   Evacuate Collection Set: 0.38ms
[2026-06-17T10:02:18.107+0800][14.603s][info][gc,phases   ] GC(502)   Post Evacuate Collection Set: 0.29ms
[2026-06-17T10:02:18.107+0800][14.604s][info][gc,phases   ] GC(502)   Other: 0.39ms
[2026-06-17T10:02:18.107+0800][14.604s][info][gc,heap     ] GC(502) Eden regions: 9->0(6)
[2026-06-17T10:02:18.107+0800][14.604s][info][gc,heap     ] GC(502) Survivor regions: 2->2(2)
[2026-06-17T10:02:18.107+0800][14.604s][info][gc,heap     ] GC(502) Old regions: 28->32
[2026-06-17T10:02:18.107+0800][14.604s][info][gc,heap     ] GC(502) Humongous regions: 13->13
[2026-06-17T10:02:18.107+0800][14.604s][info][gc,metaspace] GC(502) Metaspace: 112K(320K)->112K(320K) NonClass: 105K(192K)->105K(192K) Class: 7K(128K)->7K(128K)
[2026-06-17T10:02:18.107+0800][14.604s][info][gc          ] GC(502) Pause Young (Concurrent Start) (G1 Evacuation Pause) 51M->46M(64M) 2.884ms
[2026-06-17T10:02:18.107+0800][14.604s][info][gc,cpu      ] GC(502) User=0.00s Sys=0.00s Real=0.00s
[2026-06-17T10:02:18.107+0800][14.604s][info][gc          ] GC(503) Concurrent Mark Cycle
[2026-06-17T10:02:18.108+0800][14.604s][info][gc,marking  ] GC(503) Concurrent Scan Root Regions
[2026-06-17T10:02:18.108+0800][14.605s][info][gc,marking  ] GC(503) Concurrent Scan Root Regions 0.149ms
[2026-06-17T10:02:18.108+0800][14.605s][info][gc,marking  ] GC(503) Concurrent Mark
[2026-06-17T10:02:18.108+0800][14.605s][info][gc,marking  ] GC(503) Concurrent Mark From Roots
[2026-06-17T10:02:18.108+0800][14.605s][info][gc,task     ] GC(503) Using 5 workers of 5 for marking
[2026-06-17T10:02:18.109+0800][14.606s][info][gc,marking  ] GC(503) Concurrent Mark From Roots 1.344ms
[2026-06-17T10:02:18.110+0800][14.606s][info][gc,marking  ] GC(503) Concurrent Preclean
[2026-06-17T10:02:18.110+0800][14.607s][info][gc,marking  ] GC(503) Concurrent Preclean 0.419ms
[2026-06-17T10:02:18.110+0800][14.607s][info][gc,start    ] GC(503) Pause Remark
[2026-06-17T10:02:18.111+0800][14.608s][info][gc          ] GC(503) Pause Remark 49M->41M(64M) 0.520ms
[2026-06-17T10:02:18.111+0800][14.608s][info][gc,cpu      ] GC(503) User=0.00s Sys=0.00s Real=0.01s
[2026-06-17T10:02:18.111+0800][14.608s][info][gc,marking  ] GC(503) Concurrent Mark 3.200ms
[2026-06-17T10:02:18.111+0800][14.608s][info][gc,marking  ] GC(503) Concurrent Rebuild Remembered Sets and Scrub Regions
[2026-06-17T10:02:18.112+0800][14.608s][info][gc,marking  ] GC(503) Concurrent Rebuild Remembered Sets and Scrub Regions 0.458ms
[2026-06-17T10:02:18.112+0800][14.609s][info][gc,start    ] GC(503) Pause Cleanup
[2026-06-17T10:02:18.112+0800][14.609s][info][gc          ] GC(503) Pause Cleanup 41M->41M(64M) 0.223ms
[2026-06-17T10:02:18.112+0800][14.609s][info][gc,cpu      ] GC(503) User=0.00s Sys=0.00s Real=0.00s
[2026-06-17T10:02:18.112+0800][14.609s][info][gc,marking  ] GC(503) Concurrent Clear Claimed Marks
[2026-06-17T10:02:18.112+0800][14.609s][info][gc,marking  ] GC(503) Concurrent Clear Claimed Marks 0.090ms
[2026-06-17T10:02:18.112+0800][14.609s][info][gc,marking  ] GC(503) Concurrent Cleanup for Next Mark
[2026-06-17T10:02:18.113+0800][14.609s][info][gc,marking  ] GC(503) Concurrent Cleanup for Next Mark 0.158ms
[2026-06-17T10:02:18.113+0800][14.609s][info][gc          ] GC(503) Concurrent Mark Cycle 5.276ms
[2026-06-17T10:02:18.128+0800][14.625s][info][gc,start    ] GC(504) Pause Young (Prepare Mixed) (G1 Evacuation Pause)
[2026-06-17T10:02:18.128+0800][14.625s][info][gc,task     ] GC(504) Using 2 workers of 18 for evacuation
[2026-06-17T10:02:18.129+0800][14.626s][info][gc,phases   ] GC(504)   Pre Evacuate Collection Set: 0.28ms
[2026-06-17T10:02:18.130+0800][14.627s][info][gc,phases   ] GC(504)   Merge Heap Roots: 0.05ms
[2026-06-17T10:02:18.130+0800][14.627s][info][gc,phases   ] GC(504)   Evacuate Collection Set: 0.26ms
[2026-06-17T10:02:18.130+0800][14.627s][info][gc,phases   ] GC(504)   Post Evacuate Collection Set: 0.14ms
[2026-06-17T10:02:18.130+0800][14.627s][info][gc,phases   ] GC(504)   Other: 0.27ms
[2026-06-17T10:02:18.130+0800][14.627s][info][gc,heap     ] GC(504) Eden regions: 6->0(11)
[2026-06-17T10:02:18.130+0800][14.627s][info][gc,heap     ] GC(504) Survivor regions: 2->1(1)
[2026-06-17T10:02:18.130+0800][14.627s][info][gc,heap     ] GC(504) Old regions: 24->26
[2026-06-17T10:02:18.131+0800][14.627s][info][gc,heap     ] GC(504) Humongous regions: 15->15
[2026-06-17T10:02:18.131+0800][14.628s][info][gc,metaspace] GC(504) Metaspace: 112K(320K)->112K(320K) NonClass: 105K(192K)->105K(192K) Class: 7K(128K)->7K(128K)
[2026-06-17T10:02:18.131+0800][14.628s][info][gc          ] GC(504) Pause Young (Prepare Mixed) (G1 Evacuation Pause) 46M->41M(64M) 2.516ms
[2026-06-17T10:02:18.131+0800][14.628s][info][gc,cpu      ] GC(504) User=0.00s Sys=0.00s Real=0.01s
[2026-06-17T10:02:18.162+0800][14.659s][info][gc,start    ] GC(505) Pause Young (Mixed) (G1 Evacuation Pause)
[2026-06-17T10:02:18.163+0800][14.660s][info][gc,task     ] GC(505) Using 2 workers of 18 for evacuation
[2026-06-17T10:02:18.166+0800][14.663s][info][gc,phases   ] GC(505)   Pre Evacuate Collection Set: 0.14ms
[2026-06-17T10:02:18.169+0800][14.666s][info][gc,phases   ] GC(505)   Merge Heap Roots: 0.06ms
[2026-06-17T10:02:18.171+0800][14.668s][info][gc,phases   ] GC(505)   Evacuate Collection Set: 0.38ms
[2026-06-17T10:02:18.174+0800][14.671s][info][gc,phases   ] GC(505)   Post Evacuate Collection Set: 0.22ms
[2026-06-17T10:02:18.176+0800][14.673s][info][gc,phases   ] GC(505)   Other: 2.05ms
[2026-06-17T10:02:18.179+0800][14.675s][info][gc,heap     ] GC(505) Eden regions: 11->0(14)
[2026-06-17T10:02:18.181+0800][14.678s][info][gc,heap     ] GC(505) Survivor regions: 1->2(2)
[2026-06-17T10:02:18.183+0800][14.680s][info][gc,heap     ] GC(505) Old regions: 26->22
[2026-06-17T10:02:18.185+0800][14.681s][info][gc,heap     ] GC(505) Humongous regions: 15->15
[2026-06-17T10:02:18.187+0800][14.684s][info][gc,metaspace] GC(505) Metaspace: 112K(320K)->112K(320K) NonClass: 105K(192K)->105K(192K) Class: 7K(128K)->7K(128K)
[2026-06-17T10:02:18.190+0800][14.686s][info][gc          ] GC(505) Pause Young (Mixed) (G1 Evacuation Pause) 52M->38M(64M) 27.234ms
[2026-06-17T10:02:18.191+0800][14.688s][info][gc,cpu      ] GC(505) User=0.00s Sys=0.00s Real=0.04s
[2026-06-17T10:02:18.224+0800][14.721s][info][gc,start    ] GC(506) Pause Young (Mixed) (G1 Evacuation Pause)
[2026-06-17T10:02:18.225+0800][14.722s][info][gc,task     ] GC(506) Using 2 workers of 18 for evacuation
[2026-06-17T10:02:18.226+0800][14.723s][info][gc,phases   ] GC(506)   Pre Evacuate Collection Set: 0.30ms
[2026-06-17T10:02:18.228+0800][14.724s][info][gc,phases   ] GC(506)   Merge Heap Roots: 0.06ms
[2026-06-17T10:02:18.228+0800][14.725s][info][gc,phases   ] GC(506)   Evacuate Collection Set: 0.61ms
[2026-06-17T10:02:18.228+0800][14.725s][info][gc,phases   ] GC(506)   Post Evacuate Collection Set: 0.29ms
[2026-06-17T10:02:18.228+0800][14.725s][info][gc,phases   ] GC(506)   Other: 0.27ms
[2026-06-17T10:02:18.228+0800][14.725s][info][gc,heap     ] GC(506) Eden regions: 14->0(11)
[2026-06-17T10:02:18.229+0800][14.725s][info][gc,heap     ] GC(506) Survivor regions: 2->2(2)
[2026-06-17T10:02:18.229+0800][14.726s][info][gc,heap     ] GC(506) Old regions: 22->24
[2026-06-17T10:02:18.229+0800][14.726s][info][gc,heap     ] GC(506) Humongous regions: 15->15
[2026-06-17T10:02:18.229+0800][14.726s][info][gc,metaspace] GC(506) Metaspace: 112K(320K)->112K(320K) NonClass: 105K(192K)->105K(192K) Class: 7K(128K)->7K(128K)
[2026-06-17T10:02:18.229+0800][14.726s][info][gc          ] GC(506) Pause Young (Mixed) (G1 Evacuation Pause) 52M->40M(64M) 4.958ms
[2026-06-17T10:02:18.229+0800][14.726s][info][gc,cpu      ] GC(506) User=0.00s Sys=0.00s Real=0.00s
[2026-06-17T10:02:18.261+0800][14.758s][info][gc,start    ] GC(507) Pause Young (Normal) (G1 Evacuation Pause)
[2026-06-17T10:02:18.261+0800][14.758s][info][gc,task     ] GC(507) Using 2 workers of 18 for evacuation
[2026-06-17T10:02:18.262+0800][14.759s][info][gc,phases   ] GC(507)   Pre Evacuate Collection Set: 0.19ms
[2026-06-17T10:02:18.262+0800][14.759s][info][gc,phases   ] GC(507)   Merge Heap Roots: 0.05ms
[2026-06-17T10:02:18.262+0800][14.759s][info][gc,phases   ] GC(507)   Evacuate Collection Set: 0.25ms
[2026-06-17T10:02:18.262+0800][14.759s][info][gc,phases   ] GC(507)   Post Evacuate Collection Set: 0.15ms
[2026-06-17T10:02:18.263+0800][14.759s][info][gc,phases   ] GC(507)   Other: 0.21ms
[2026-06-17T10:02:18.263+0800][14.760s][info][gc,heap     ] GC(507) Eden regions: 11->0(10)
[2026-06-17T10:02:18.263+0800][14.760s][info][gc,heap     ] GC(507) Survivor regions: 2->2(2)
[2026-06-17T10:02:18.263+0800][14.760s][info][gc,heap     ] GC(507) Old regions: 24->26
[2026-06-17T10:02:18.263+0800][14.760s][info][gc,heap     ] GC(507) Humongous regions: 15->15
[2026-06-17T10:02:18.263+0800][14.760s][info][gc,metaspace] GC(507) Metaspace: 112K(320K)->112K(320K) NonClass: 105K(192K)->105K(192K) Class: 7K(128K)->7K(128K)
[2026-06-17T10:02:18.263+0800][14.760s][info][gc          ] GC(507) Pause Young (Normal) (G1 Evacuation Pause) 51M->42M(64M) 2.438ms
[2026-06-17T10:02:18.263+0800][14.760s][info][gc,cpu      ] GC(507) User=0.00s Sys=0.00s Real=0.01s
[2026-06-17T10:02:18.285+0800][14.782s][info][gc,start    ] GC(508) Pause Young (Concurrent Start) (G1 Evacuation Pause)
[2026-06-17T10:02:18.285+0800][14.782s][info][gc,task     ] GC(508) Using 2 workers of 18 for evacuation
[2026-06-17T10:02:18.287+0800][14.784s][info][gc,phases   ] GC(508)   Pre Evacuate Collection Set: 0.21ms
[2026-06-17T10:02:18.287+0800][14.784s][info][gc,phases   ] GC(508)   Merge Heap Roots: 0.08ms
[2026-06-17T10:02:18.288+0800][14.784s][info][gc,phases   ] GC(508)   Evacuate Collection Set: 0.56ms
[2026-06-17T10:02:18.288+0800][14.785s][info][gc,phases   ] GC(508)   Post Evacuate Collection Set: 0.25ms
[2026-06-17T10:02:18.288+0800][14.785s][info][gc,phases   ] GC(508)   Other: 0.59ms
[2026-06-17T10:02:18.289+0800][14.785s][info][gc,heap     ] GC(508) Eden regions: 10->0(7)
[2026-06-17T10:02:18.289+0800][14.786s][info][gc,heap     ] GC(508) Survivor regions: 2->2(2)
[2026-06-17T10:02:18.289+0800][14.786s][info][gc,heap     ] GC(508) Old regions: 26->30
[2026-06-17T10:02:18.290+0800][14.787s][info][gc,heap     ] GC(508) Humongous regions: 15->15
[2026-06-17T10:02:18.290+0800][14.787s][info][gc,metaspace] GC(508) Metaspace: 112K(320K)->112K(320K) NonClass: 105K(192K)->105K(192K) Class: 7K(128K)->7K(128K)
[2026-06-17T10:02:18.290+0800][14.787s][info][gc          ] GC(508) Pause Young (Concurrent Start) (G1 Evacuation Pause) 52M->46M(64M) 5.621ms
[2026-06-17T10:02:18.291+0800][14.787s][info][gc,cpu      ] GC(508) User=0.00s Sys=0.00s Real=0.01s
[2026-06-17T10:02:18.291+0800][14.787s][info][gc          ] GC(509) Concurrent Mark Cycle
[2026-06-17T10:02:18.291+0800][14.788s][info][gc,marking  ] GC(509) Concurrent Scan Root Regions
[2026-06-17T10:02:18.292+0800][14.789s][info][gc,marking  ] GC(509) Concurrent Scan Root Regions 0.585ms
[2026-06-17T10:02:18.292+0800][14.789s][info][gc,marking  ] GC(509) Concurrent Mark
[2026-06-17T10:02:18.293+0800][14.790s][info][gc,marking  ] GC(509) Concurrent Mark From Roots
[2026-06-17T10:02:18.293+0800][14.790s][info][gc,task     ] GC(509) Using 5 workers of 5 for marking
[2026-06-17T10:02:18.295+0800][14.791s][info][gc,marking  ] GC(509) Concurrent Mark From Roots 1.899ms
[2026-06-17T10:02:18.297+0800][14.794s][info][gc,marking  ] GC(509) Concurrent Preclean
[2026-06-17T10:02:18.301+0800][14.798s][info][gc,marking  ] GC(509) Concurrent Preclean 4.455ms
[2026-06-17T10:02:18.302+0800][14.798s][info][gc,start    ] GC(509) Pause Remark
[2026-06-17T10:02:18.304+0800][14.801s][info][gc          ] GC(509) Pause Remark 51M->42M(64M) 2.768ms
[2026-06-17T10:02:18.305+0800][14.801s][info][gc,cpu      ] GC(509) User=0.01s Sys=0.00s Real=0.01s
[2026-06-17T10:02:18.305+0800][14.802s][info][gc,marking  ] GC(509) Concurrent Mark 12.327ms
[2026-06-17T10:02:18.305+0800][14.802s][info][gc,marking  ] GC(509) Concurrent Rebuild Remembered Sets and Scrub Regions
[2026-06-17T10:02:18.305+0800][14.802s][info][gc,marking  ] GC(509) Concurrent Rebuild Remembered Sets and Scrub Regions 0.462ms
[2026-06-17T10:02:18.305+0800][14.802s][info][gc,start    ] GC(509) Pause Cleanup
[2026-06-17T10:02:18.306+0800][14.803s][info][gc          ] GC(509) Pause Cleanup 43M->43M(64M) 0.183ms
[2026-06-17T10:02:18.306+0800][14.803s][info][gc,cpu      ] GC(509) User=0.00s Sys=0.00s Real=0.00s
[2026-06-17T10:02:18.306+0800][14.803s][info][gc,marking  ] GC(509) Concurrent Clear Claimed Marks
[2026-06-17T10:02:18.306+0800][14.803s][info][gc,marking  ] GC(509) Concurrent Clear Claimed Marks 0.100ms
[2026-06-17T10:02:18.306+0800][14.803s][info][gc,marking  ] GC(509) Concurrent Cleanup for Next Mark
[2026-06-17T10:02:18.306+0800][14.803s][info][gc,marking  ] GC(509) Concurrent Cleanup for Next Mark 0.153ms
[2026-06-17T10:02:18.306+0800][14.803s][info][gc          ] GC(509) Concurrent Mark Cycle 15.762ms
[2026-06-17T10:02:18.315+0800][14.812s][info][gc,start    ] GC(510) Pause Young (Prepare Mixed) (G1 Evacuation Pause)
[2026-06-17T10:02:18.315+0800][14.812s][info][gc,task     ] GC(510) Using 2 workers of 18 for evacuation
[2026-06-17T10:02:18.316+0800][14.813s][info][gc,phases   ] GC(510)   Pre Evacuate Collection Set: 0.12ms
[2026-06-17T10:02:18.317+0800][14.813s][info][gc,phases   ] GC(510)   Merge Heap Roots: 0.04ms
[2026-06-17T10:02:18.317+0800][14.814s][info][gc,phases   ] GC(510)   Evacuate Collection Set: 0.33ms
[2026-06-17T10:02:18.317+0800][14.814s][info][gc,phases   ] GC(510)   Post Evacuate Collection Set: 0.26ms
[2026-06-17T10:02:18.317+0800][14.814s][info][gc,phases   ] GC(510)   Other: 0.22ms
[2026-06-17T10:02:18.317+0800][14.814s][info][gc,heap     ] GC(510) Eden regions: 7->0(13)
[2026-06-17T10:02:18.317+0800][14.814s][info][gc,heap     ] GC(510) Survivor regions: 2->2(2)
[2026-06-17T10:02:18.317+0800][14.814s][info][gc,heap     ] GC(510) Old regions: 21->23
[2026-06-17T10:02:18.317+0800][14.814s][info][gc,heap     ] GC(510) Humongous regions: 15->15
[2026-06-17T10:02:18.317+0800][14.814s][info][gc,metaspace] GC(510) Metaspace: 112K(320K)->112K(320K) NonClass: 105K(192K)->105K(192K) Class: 7K(128K)->7K(128K)
[2026-06-17T10:02:18.318+0800][14.814s][info][gc          ] GC(510) Pause Young (Prepare Mixed) (G1 Evacuation Pause) 43M->39M(64M) 2.407ms
[2026-06-17T10:02:18.318+0800][14.814s][info][gc,cpu      ] GC(510) User=0.00s Sys=0.00s Real=0.00s
[2026-06-17T10:02:18.349+0800][14.846s][info][gc,start    ] GC(511) Pause Young (Mixed) (G1 Evacuation Pause)
[2026-06-17T10:02:18.350+0800][14.847s][info][gc,task     ] GC(511) Using 2 workers of 18 for evacuation
[2026-06-17T10:02:18.351+0800][14.848s][info][gc,phases   ] GC(511)   Pre Evacuate Collection Set: 0.12ms
[2026-06-17T10:02:18.351+0800][14.848s][info][gc,phases   ] GC(511)   Merge Heap Roots: 0.05ms
[2026-06-17T10:02:18.351+0800][14.848s][info][gc,phases   ] GC(511)   Evacuate Collection Set: 0.50ms
[2026-06-17T10:02:18.351+0800][14.848s][info][gc,phases   ] GC(511)   Post Evacuate Collection Set: 0.17ms
[2026-06-17T10:02:18.351+0800][14.848s][info][gc,phases   ] GC(511)   Other: 0.23ms
[2026-06-17T10:02:18.351+0800][14.848s][info][gc,heap     ] GC(511) Eden regions: 13->0(14)
[2026-06-17T10:02:18.351+0800][14.848s][info][gc,heap     ] GC(511) Survivor regions: 2->2(2)
[2026-06-17T10:02:18.351+0800][14.848s][info][gc,heap     ] GC(511) Old regions: 23->21
[2026-06-17T10:02:18.351+0800][14.848s][info][gc,heap     ] GC(511) Humongous regions: 16->16
[2026-06-17T10:02:18.351+0800][14.848s][info][gc,metaspace] GC(511) Metaspace: 112K(320K)->112K(320K) NonClass: 105K(192K)->105K(192K) Class: 7K(128K)->7K(128K)
[2026-06-17T10:02:18.352+0800][14.848s][info][gc          ] GC(511) Pause Young (Mixed) (G1 Evacuation Pause) 53M->38M(64M) 2.233ms
[2026-06-17T10:02:18.352+0800][14.849s][info][gc,cpu      ] GC(511) User=0.00s Sys=0.00s Real=0.01s
[2026-06-17T10:02:18.393+0800][14.890s][info][gc,start    ] GC(512) Pause Young (Normal) (G1 Evacuation Pause)
[2026-06-17T10:02:18.396+0800][14.893s][info][gc,task     ] GC(512) Using 2 workers of 18 for evacuation
[2026-06-17T10:02:18.398+0800][14.895s][info][gc,phases   ] GC(512)   Pre Evacuate Collection Set: 0.13ms
[2026-06-17T10:02:18.399+0800][14.896s][info][gc,phases   ] GC(512)   Merge Heap Roots: 0.04ms
[2026-06-17T10:02:18.399+0800][14.896s][info][gc,phases   ] GC(512)   Evacuate Collection Set: 0.30ms
[2026-06-17T10:02:18.400+0800][14.896s][info][gc,phases   ] GC(512)   Post Evacuate Collection Set: 0.19ms
[2026-06-17T10:02:18.400+0800][14.897s][info][gc,phases   ] GC(512)   Other: 1.58ms
[2026-06-17T10:02:18.400+0800][14.897s][info][gc,heap     ] GC(512) Eden regions: 14->0(11)
[2026-06-17T10:02:18.400+0800][14.897s][info][gc,heap     ] GC(512) Survivor regions: 2->2(2)
[2026-06-17T10:02:18.400+0800][14.897s][info][gc,heap     ] GC(512) Old regions: 21->24
[2026-06-17T10:02:18.400+0800][14.897s][info][gc,heap     ] GC(512) Humongous regions: 16->16
[2026-06-17T10:02:18.400+0800][14.897s][info][gc,metaspace] GC(512) Metaspace: 112K(320K)->112K(320K) NonClass: 105K(192K)->105K(192K) Class: 7K(128K)->7K(128K)
[2026-06-17T10:02:18.400+0800][14.897s][info][gc          ] GC(512) Pause Young (Normal) (G1 Evacuation Pause) 52M->41M(64M) 6.861ms
[2026-06-17T10:02:18.400+0800][14.897s][info][gc,cpu      ] GC(512) User=0.00s Sys=0.00s Real=0.00s
[2026-06-17T10:02:18.422+0800][14.919s][info][gc,start    ] GC(513) Pause Young (Concurrent Start) (G1 Evacuation Pause)
[2026-06-17T10:02:18.422+0800][14.919s][info][gc,task     ] GC(513) Using 2 workers of 18 for evacuation
[2026-06-17T10:02:18.423+0800][14.920s][info][gc,phases   ] GC(513)   Pre Evacuate Collection Set: 0.18ms
[2026-06-17T10:02:18.424+0800][14.920s][info][gc,phases   ] GC(513)   Merge Heap Roots: 0.06ms
[2026-06-17T10:02:18.424+0800][14.921s][info][gc,phases   ] GC(513)   Evacuate Collection Set: 0.49ms
[2026-06-17T10:02:18.424+0800][14.921s][info][gc,phases   ] GC(513)   Post Evacuate Collection Set: 0.21ms
[2026-06-17T10:02:18.424+0800][14.921s][info][gc,phases   ] GC(513)   Other: 0.23ms
[2026-06-17T10:02:18.424+0800][14.921s][info][gc,heap     ] GC(513) Eden regions: 11->0(7)
[2026-06-17T10:02:18.424+0800][14.921s][info][gc,heap     ] GC(513) Survivor regions: 2->2(2)
[2026-06-17T10:02:18.424+0800][14.921s][info][gc,heap     ] GC(513) Old regions: 24->28
[2026-06-17T10:02:18.424+0800][14.921s][info][gc,heap     ] GC(513) Humongous regions: 16->16
[2026-06-17T10:02:18.424+0800][14.921s][info][gc,metaspace] GC(513) Metaspace: 112K(320K)->112K(320K) NonClass: 105K(192K)->105K(192K) Class: 7K(128K)->7K(128K)
[2026-06-17T10:02:18.424+0800][14.921s][info][gc          ] GC(513) Pause Young (Concurrent Start) (G1 Evacuation Pause) 52M->45M(64M) 2.707ms
[2026-06-17T10:02:18.425+0800][14.922s][info][gc,cpu      ] GC(513) User=0.00s Sys=0.00s Real=0.01s
[2026-06-17T10:02:18.425+0800][14.922s][info][gc          ] GC(514) Concurrent Mark Cycle
[2026-06-17T10:02:18.425+0800][14.922s][info][gc,marking  ] GC(514) Concurrent Scan Root Regions
[2026-06-17T10:02:18.426+0800][14.922s][info][gc,marking  ] GC(514) Concurrent Scan Root Regions 0.212ms
[2026-06-17T10:02:18.426+0800][14.922s][info][gc,marking  ] GC(514) Concurrent Mark
[2026-06-17T10:02:18.426+0800][14.923s][info][gc,marking  ] GC(514) Concurrent Mark From Roots
[2026-06-17T10:02:18.426+0800][14.923s][info][gc,task     ] GC(514) Using 5 workers of 5 for marking
[2026-06-17T10:02:18.427+0800][14.924s][info][gc,marking  ] GC(514) Concurrent Mark From Roots 1.319ms
[2026-06-17T10:02:18.427+0800][14.924s][info][gc,marking  ] GC(514) Concurrent Preclean
[2026-06-17T10:02:18.427+0800][14.924s][info][gc,marking  ] GC(514) Concurrent Preclean 0.091ms
[2026-06-17T10:02:18.427+0800][14.924s][info][gc,start    ] GC(514) Pause Remark
[2026-06-17T10:02:18.428+0800][14.925s][info][gc          ] GC(514) Pause Remark 45M->45M(64M) 0.399ms
[2026-06-17T10:02:18.428+0800][14.925s][info][gc,cpu      ] GC(514) User=0.00s Sys=0.00s Real=0.00s
[2026-06-17T10:02:18.428+0800][14.925s][info][gc,marking  ] GC(514) Concurrent Mark 2.345ms
[2026-06-17T10:02:18.428+0800][14.925s][info][gc,marking  ] GC(514) Concurrent Rebuild Remembered Sets and Scrub Regions
[2026-06-17T10:02:18.428+0800][14.925s][info][gc,marking  ] GC(514) Concurrent Rebuild Remembered Sets and Scrub Regions 0.419ms
[2026-06-17T10:02:18.429+0800][14.925s][info][gc,start    ] GC(514) Pause Cleanup
[2026-06-17T10:02:18.429+0800][14.926s][info][gc          ] GC(514) Pause Cleanup 45M->45M(64M) 0.173ms
[2026-06-17T10:02:18.429+0800][14.926s][info][gc,cpu      ] GC(514) User=0.00s Sys=0.00s Real=0.00s
[2026-06-17T10:02:18.429+0800][14.926s][info][gc,marking  ] GC(514) Concurrent Clear Claimed Marks
[2026-06-17T10:02:18.429+0800][14.926s][info][gc,marking  ] GC(514) Concurrent Clear Claimed Marks 0.107ms
[2026-06-17T10:02:18.429+0800][14.926s][info][gc,marking  ] GC(514) Concurrent Cleanup for Next Mark
[2026-06-17T10:02:18.429+0800][14.926s][info][gc,marking  ] GC(514) Concurrent Cleanup for Next Mark 0.144ms
[2026-06-17T10:02:18.429+0800][14.926s][info][gc          ] GC(514) Concurrent Mark Cycle 4.356ms
[2026-06-17T10:02:18.446+0800][14.943s][info][gc,start    ] GC(515) Pause Young (Prepare Mixed) (G1 Evacuation Pause)
[2026-06-17T10:02:18.446+0800][14.943s][info][gc,task     ] GC(515) Using 2 workers of 18 for evacuation
[2026-06-17T10:02:18.447+0800][14.944s][info][gc,phases   ] GC(515)   Pre Evacuate Collection Set: 0.10ms
[2026-06-17T10:02:18.447+0800][14.944s][info][gc,phases   ] GC(515)   Merge Heap Roots: 0.04ms
[2026-06-17T10:02:18.447+0800][14.944s][info][gc,phases   ] GC(515)   Evacuate Collection Set: 0.14ms
[2026-06-17T10:02:18.447+0800][14.944s][info][gc,phases   ] GC(515)   Post Evacuate Collection Set: 0.13ms
[2026-06-17T10:02:18.448+0800][14.944s][info][gc,phases   ] GC(515)   Other: 0.21ms
[2026-06-17T10:02:18.448+0800][14.944s][info][gc,heap     ] GC(515) Eden regions: 7->0(9)
[2026-06-17T10:02:18.448+0800][14.945s][info][gc,heap     ] GC(515) Survivor regions: 2->1(2)
[2026-06-17T10:02:18.448+0800][14.945s][info][gc,heap     ] GC(515) Old regions: 28->29
[2026-06-17T10:02:18.448+0800][14.945s][info][gc,heap     ] GC(515) Humongous regions: 16->16
[2026-06-17T10:02:18.448+0800][14.945s][info][gc,metaspace] GC(515) Metaspace: 112K(320K)->112K(320K) NonClass: 105K(192K)->105K(192K) Class: 7K(128K)->7K(128K)
[2026-06-17T10:02:18.448+0800][14.945s][info][gc          ] GC(515) Pause Young (Prepare Mixed) (G1 Evacuation Pause) 52M->44M(64M) 1.977ms
[2026-06-17T10:02:18.448+0800][14.945s][info][gc,cpu      ] GC(515) User=0.00s Sys=0.00s Real=0.00s
[2026-06-17T10:02:18.479+0800][14.976s][info][gc,start    ] GC(516) Pause Young (Mixed) (G1 Evacuation Pause)
[2026-06-17T10:02:18.480+0800][14.977s][info][gc,task     ] GC(516) Using 2 workers of 18 for evacuation
[2026-06-17T10:02:18.481+0800][14.978s][info][gc,phases   ] GC(516)   Pre Evacuate Collection Set: 0.12ms
[2026-06-17T10:02:18.481+0800][14.978s][info][gc,phases   ] GC(516)   Merge Heap Roots: 0.04ms
[2026-06-17T10:02:18.481+0800][14.978s][info][gc,phases   ] GC(516)   Evacuate Collection Set: 0.39ms
[2026-06-17T10:02:18.481+0800][14.978s][info][gc,phases   ] GC(516)   Post Evacuate Collection Set: 0.16ms
[2026-06-17T10:02:18.481+0800][14.978s][info][gc,phases   ] GC(516)   Other: 0.24ms
[2026-06-17T10:02:18.481+0800][14.978s][info][gc,heap     ] GC(516) Eden regions: 9->0(10)
[2026-06-17T10:02:18.482+0800][14.978s][info][gc,heap     ] GC(516) Survivor regions: 1->2(2)
[2026-06-17T10:02:18.482+0800][14.979s][info][gc,heap     ] GC(516) Old regions: 29->26
[2026-06-17T10:02:18.482+0800][14.979s][info][gc,heap     ] GC(516) Humongous regions: 16->16
[2026-06-17T10:02:18.482+0800][14.979s][info][gc,metaspace] GC(516) Metaspace: 112K(320K)->112K(320K) NonClass: 105K(192K)->105K(192K) Class: 7K(128K)->7K(128K)
[2026-06-17T10:02:18.482+0800][14.979s][info][gc          ] GC(516) Pause Young (Mixed) (G1 Evacuation Pause) 53M->43M(64M) 2.475ms
[2026-06-17T10:02:18.482+0800][14.979s][info][gc,cpu      ] GC(516) User=0.00s Sys=0.01s Real=0.00s
[2026-06-17T10:02:18.503+0800][15.000s][info][gc,start    ] GC(517) Pause Young (Normal) (G1 Evacuation Pause)
[2026-06-17T10:02:18.503+0800][15.000s][info][gc,task     ] GC(517) Using 2 workers of 18 for evacuation
[2026-06-17T10:02:18.505+0800][15.002s][info][gc,phases   ] GC(517)   Pre Evacuate Collection Set: 0.19ms
[2026-06-17T10:02:18.506+0800][15.003s][info][gc,phases   ] GC(517)   Merge Heap Roots: 0.06ms
[2026-06-17T10:02:18.506+0800][15.003s][info][gc,phases   ] GC(517)   Evacuate Collection Set: 0.47ms
[2026-06-17T10:02:18.506+0800][15.003s][info][gc,phases   ] GC(517)   Post Evacuate Collection Set: 0.34ms
[2026-06-17T10:02:18.507+0800][15.003s][info][gc,phases   ] GC(517)   Other: 0.99ms
[2026-06-17T10:02:18.507+0800][15.004s][info][gc,heap     ] GC(517) Eden regions: 10->0(7)
[2026-06-17T10:02:18.507+0800][15.004s][info][gc,heap     ] GC(517) Survivor regions: 2->2(2)
[2026-06-17T10:02:18.507+0800][15.004s][info][gc,heap     ] GC(517) Old regions: 26->30
[2026-06-17T10:02:18.507+0800][15.004s][info][gc,heap     ] GC(517) Humongous regions: 16->16
[2026-06-17T10:02:18.507+0800][15.004s][info][gc,metaspace] GC(517) Metaspace: 112K(320K)->112K(320K) NonClass: 105K(192K)->105K(192K) Class: 7K(128K)->7K(128K)
[2026-06-17T10:02:18.508+0800][15.005s][info][gc          ] GC(517) Pause Young (Normal) (G1 Evacuation Pause) 53M->47M(64M) 4.632ms
[2026-06-17T10:02:18.508+0800][15.005s][info][gc,cpu      ] GC(517) User=0.00s Sys=0.00s Real=0.00s
[2026-06-17T10:02:18.529+0800][15.026s][info][gc,start    ] GC(518) Pause Young (Concurrent Start) (G1 Evacuation Pause)
[2026-06-17T10:02:18.529+0800][15.026s][info][gc,task     ] GC(518) Using 2 workers of 18 for evacuation
[2026-06-17T10:02:18.530+0800][15.027s][info][gc,phases   ] GC(518)   Pre Evacuate Collection Set: 0.13ms
[2026-06-17T10:02:18.530+0800][15.027s][info][gc,phases   ] GC(518)   Merge Heap Roots: 0.03ms
[2026-06-17T10:02:18.530+0800][15.027s][info][gc,phases   ] GC(518)   Evacuate Collection Set: 0.23ms
[2026-06-17T10:02:18.530+0800][15.027s][info][gc,phases   ] GC(518)   Post Evacuate Collection Set: 0.27ms
[2026-06-17T10:02:18.531+0800][15.027s][info][gc,phases   ] GC(518)   Other: 0.17ms
[2026-06-17T10:02:18.531+0800][15.028s][info][gc,heap     ] GC(518) Eden regions: 7->0(7)
[2026-06-17T10:02:18.531+0800][15.028s][info][gc,heap     ] GC(518) Survivor regions: 2->2(2)
[2026-06-17T10:02:18.531+0800][15.028s][info][gc,heap     ] GC(518) Old regions: 30->31
[2026-06-17T10:02:18.531+0800][15.028s][info][gc,heap     ] GC(518) Humongous regions: 16->16
[2026-06-17T10:02:18.531+0800][15.028s][info][gc,metaspace] GC(518) Metaspace: 112K(320K)->112K(320K) NonClass: 105K(192K)->105K(192K) Class: 7K(128K)->7K(128K)
[2026-06-17T10:02:18.531+0800][15.028s][info][gc          ] GC(518) Pause Young (Concurrent Start) (G1 Evacuation Pause) 54M->47M(64M) 2.419ms
[2026-06-17T10:02:18.531+0800][15.028s][info][gc,cpu      ] GC(518) User=0.00s Sys=0.00s Real=0.01s
[2026-06-17T10:02:18.531+0800][15.028s][info][gc          ] GC(519) Concurrent Mark Cycle
[2026-06-17T10:02:18.532+0800][15.028s][info][gc,marking  ] GC(519) Concurrent Scan Root Regions
[2026-06-17T10:02:18.532+0800][15.029s][info][gc,marking  ] GC(519) Concurrent Scan Root Regions 0.154ms
[2026-06-17T10:02:18.532+0800][15.029s][info][gc,marking  ] GC(519) Concurrent Mark
[2026-06-17T10:02:18.532+0800][15.029s][info][gc,marking  ] GC(519) Concurrent Mark From Roots
[2026-06-17T10:02:18.532+0800][15.029s][info][gc,task     ] GC(519) Using 5 workers of 5 for marking
[2026-06-17T10:02:18.533+0800][15.030s][info][gc,marking  ] GC(519) Concurrent Mark From Roots 1.245ms
[2026-06-17T10:02:18.533+0800][15.030s][info][gc,marking  ] GC(519) Concurrent Preclean
[2026-06-17T10:02:18.533+0800][15.030s][info][gc,marking  ] GC(519) Concurrent Preclean 0.101ms
[2026-06-17T10:02:18.533+0800][15.030s][info][gc,start    ] GC(519) Pause Remark
[2026-06-17T10:02:18.534+0800][15.031s][info][gc          ] GC(519) Pause Remark 51M->44M(64M) 0.620ms
[2026-06-17T10:02:18.539+0800][15.036s][info][gc,cpu      ] GC(519) User=0.00s Sys=0.00s Real=0.00s
[2026-06-17T10:02:18.539+0800][15.036s][info][gc,marking  ] GC(519) Concurrent Mark 7.234ms
[2026-06-17T10:02:18.539+0800][15.036s][info][gc,marking  ] GC(519) Concurrent Rebuild Remembered Sets and Scrub Regions
[2026-06-17T10:02:18.540+0800][15.037s][info][gc,marking  ] GC(519) Concurrent Rebuild Remembered Sets and Scrub Regions 0.664ms
[2026-06-17T10:02:18.540+0800][15.037s][info][gc,start    ] GC(519) Pause Cleanup
[2026-06-17T10:02:18.542+0800][15.039s][info][gc          ] GC(519) Pause Cleanup 44M->44M(64M) 2.059ms
[2026-06-17T10:02:18.545+0800][15.042s][info][gc,cpu      ] GC(519) User=0.00s Sys=0.00s Real=0.01s
[2026-06-17T10:02:18.545+0800][15.042s][info][gc,marking  ] GC(519) Concurrent Clear Claimed Marks
[2026-06-17T10:02:18.546+0800][15.042s][info][gc,marking  ] GC(519) Concurrent Clear Claimed Marks 0.336ms
[2026-06-17T10:02:18.546+0800][15.043s][info][gc,marking  ] GC(519) Concurrent Cleanup for Next Mark
[2026-06-17T10:02:18.547+0800][15.043s][info][gc,marking  ] GC(519) Concurrent Cleanup for Next Mark 0.674ms
[2026-06-17T10:02:18.547+0800][15.044s][info][gc          ] GC(519) Concurrent Mark Cycle 15.710ms
[2026-06-17T10:02:18.556+0800][15.053s][info][gc,start    ] GC(520) Pause Young (Prepare Mixed) (G1 Evacuation Pause)
[2026-06-17T10:02:18.556+0800][15.053s][info][gc,task     ] GC(520) Using 2 workers of 18 for evacuation
[2026-06-17T10:02:18.557+0800][15.054s][info][gc,phases   ] GC(520)   Pre Evacuate Collection Set: 0.10ms
[2026-06-17T10:02:18.557+0800][15.054s][info][gc,phases   ] GC(520)   Merge Heap Roots: 0.05ms
[2026-06-17T10:02:18.557+0800][15.054s][info][gc,phases   ] GC(520)   Evacuate Collection Set: 0.20ms
[2026-06-17T10:02:18.557+0800][15.054s][info][gc,phases   ] GC(520)   Post Evacuate Collection Set: 0.14ms
[2026-06-17T10:02:18.557+0800][15.054s][info][gc,phases   ] GC(520)   Other: 0.16ms
[2026-06-17T10:02:18.557+0800][15.054s][info][gc,heap     ] GC(520) Eden regions: 7->0(11)
[2026-06-17T10:02:18.557+0800][15.054s][info][gc,heap     ] GC(520) Survivor regions: 2->1(2)
[2026-06-17T10:02:18.557+0800][15.054s][info][gc,heap     ] GC(520) Old regions: 24->26
[2026-06-17T10:02:18.557+0800][15.054s][info][gc,heap     ] GC(520) Humongous regions: 18->18
[2026-06-17T10:02:18.557+0800][15.054s][info][gc,metaspace] GC(520) Metaspace: 112K(320K)->112K(320K) NonClass: 105K(192K)->105K(192K) Class: 7K(128K)->7K(128K)
[2026-06-17T10:02:18.558+0800][15.054s][info][gc          ] GC(520) Pause Young (Prepare Mixed) (G1 Evacuation Pause) 49M->43M(64M) 1.747ms
[2026-06-17T10:02:18.558+0800][15.054s][info][gc,cpu      ] GC(520) User=0.00s Sys=0.00s Real=0.00s
[2026-06-17T10:02:18.579+0800][15.076s][info][gc,start    ] GC(521) Pause Young (Mixed) (G1 Evacuation Pause)
[2026-06-17T10:02:18.579+0800][15.076s][info][gc,task     ] GC(521) Using 2 workers of 18 for evacuation
[2026-06-17T10:02:18.581+0800][15.078s][info][gc,phases   ] GC(521)   Pre Evacuate Collection Set: 0.16ms
[2026-06-17T10:02:18.581+0800][15.078s][info][gc,phases   ] GC(521)   Merge Heap Roots: 0.05ms
[2026-06-17T10:02:18.581+0800][15.078s][info][gc,phases   ] GC(521)   Evacuate Collection Set: 0.49ms
[2026-06-17T10:02:18.582+0800][15.078s][info][gc,phases   ] GC(521)   Post Evacuate Collection Set: 0.24ms
[2026-06-17T10:02:18.582+0800][15.079s][info][gc,phases   ] GC(521)   Other: 0.27ms
[2026-06-17T10:02:18.582+0800][15.079s][info][gc,heap     ] GC(521) Eden regions: 11->0(10)
[2026-06-17T10:02:18.582+0800][15.079s][info][gc,heap     ] GC(521) Survivor regions: 1->2(2)
[2026-06-17T10:02:18.582+0800][15.079s][info][gc,heap     ] GC(521) Old regions: 26->24
[2026-06-17T10:02:18.583+0800][15.079s][info][gc,heap     ] GC(521) Humongous regions: 18->18
[2026-06-17T10:02:18.583+0800][15.079s][info][gc,metaspace] GC(521) Metaspace: 112K(320K)->112K(320K) NonClass: 105K(192K)->105K(192K) Class: 7K(128K)->7K(128K)
[2026-06-17T10:02:18.583+0800][15.080s][info][gc          ] GC(521) Pause Young (Mixed) (G1 Evacuation Pause) 54M->42M(64M) 3.743ms
[2026-06-17T10:02:18.583+0800][15.080s][info][gc,cpu      ] GC(521) User=0.00s Sys=0.00s Real=0.01s
[2026-06-17T10:02:18.615+0800][15.112s][info][gc,start    ] GC(522) Pause Young (Mixed) (G1 Evacuation Pause)
[2026-06-17T10:02:18.615+0800][15.112s][info][gc,task     ] GC(522) Using 2 workers of 18 for evacuation
[2026-06-17T10:02:18.616+0800][15.113s][info][gc,phases   ] GC(522)   Pre Evacuate Collection Set: 0.13ms
[2026-06-17T10:02:18.616+0800][15.113s][info][gc,phases   ] GC(522)   Merge Heap Roots: 0.04ms
[2026-06-17T10:02:18.616+0800][15.113s][info][gc,phases   ] GC(522)   Evacuate Collection Set: 0.33ms
[2026-06-17T10:02:18.617+0800][15.114s][info][gc,phases   ] GC(522)   Post Evacuate Collection Set: 0.21ms
[2026-06-17T10:02:18.617+0800][15.114s][info][gc,phases   ] GC(522)   Other: 0.30ms
[2026-06-17T10:02:18.617+0800][15.114s][info][gc,heap     ] GC(522) Eden regions: 10->0(8)
[2026-06-17T10:02:18.617+0800][15.114s][info][gc,heap     ] GC(522) Survivor regions: 2->2(2)
[2026-06-17T10:02:18.617+0800][15.114s][info][gc,heap     ] GC(522) Old regions: 24->26
[2026-06-17T10:02:18.617+0800][15.114s][info][gc,heap     ] GC(522) Humongous regions: 18->18
[2026-06-17T10:02:18.618+0800][15.114s][info][gc,metaspace] GC(522) Metaspace: 112K(320K)->112K(320K) NonClass: 105K(192K)->105K(192K) Class: 7K(128K)->7K(128K)
[2026-06-17T10:02:18.618+0800][15.114s][info][gc          ] GC(522) Pause Young (Mixed) (G1 Evacuation Pause) 52M->45M(64M) 2.908ms
[2026-06-17T10:02:18.618+0800][15.115s][info][gc,cpu      ] GC(522) User=0.00s Sys=0.00s Real=0.00s
[2026-06-17T10:02:18.629+0800][15.126s][info][gc,start    ] GC(523) Pause Young (Concurrent Start) (G1 Evacuation Pause)
[2026-06-17T10:02:18.629+0800][15.126s][info][gc,task     ] GC(523) Using 2 workers of 18 for evacuation
[2026-06-17T10:02:18.630+0800][15.127s][info][gc,phases   ] GC(523)   Pre Evacuate Collection Set: 0.13ms
[2026-06-17T10:02:18.630+0800][15.127s][info][gc,phases   ] GC(523)   Merge Heap Roots: 0.04ms
[2026-06-17T10:02:18.630+0800][15.127s][info][gc,phases   ] GC(523)   Evacuate Collection Set: 0.24ms
[2026-06-17T10:02:18.630+0800][15.127s][info][gc,phases   ] GC(523)   Post Evacuate Collection Set: 0.17ms
[2026-06-17T10:02:18.631+0800][15.127s][info][gc,phases   ] GC(523)   Other: 0.24ms
[2026-06-17T10:02:18.631+0800][15.128s][info][gc,heap     ] GC(523) Eden regions: 8->0(8)
[2026-06-17T10:02:18.631+0800][15.128s][info][gc,heap     ] GC(523) Survivor regions: 2->2(2)
[2026-06-17T10:02:18.631+0800][15.128s][info][gc,heap     ] GC(523) Old regions: 26->27
[2026-06-17T10:02:18.631+0800][15.128s][info][gc,heap     ] GC(523) Humongous regions: 18->18
[2026-06-17T10:02:18.632+0800][15.128s][info][gc,metaspace] GC(523) Metaspace: 112K(320K)->112K(320K) NonClass: 105K(192K)->105K(192K) Class: 7K(128K)->7K(128K)
[2026-06-17T10:02:18.632+0800][15.129s][info][gc          ] GC(523) Pause Young (Concurrent Start) (G1 Evacuation Pause) 53M->46M(64M) 3.098ms
[2026-06-17T10:02:18.632+0800][15.129s][info][gc,cpu      ] GC(523) User=0.00s Sys=0.00s Real=0.01s
[2026-06-17T10:02:18.632+0800][15.129s][info][gc          ] GC(524) Concurrent Mark Cycle
[2026-06-17T10:02:18.632+0800][15.129s][info][gc,marking  ] GC(524) Concurrent Scan Root Regions
[2026-06-17T10:02:18.632+0800][15.129s][info][gc,marking  ] GC(524) Concurrent Scan Root Regions 0.130ms
[2026-06-17T10:02:18.632+0800][15.129s][info][gc,marking  ] GC(524) Concurrent Mark
[2026-06-17T10:02:18.633+0800][15.129s][info][gc,marking  ] GC(524) Concurrent Mark From Roots
[2026-06-17T10:02:18.633+0800][15.130s][info][gc,task     ] GC(524) Using 5 workers of 5 for marking
[2026-06-17T10:02:18.634+0800][15.131s][info][gc,marking  ] GC(524) Concurrent Mark From Roots 1.284ms
[2026-06-17T10:02:18.634+0800][15.131s][info][gc,marking  ] GC(524) Concurrent Preclean
[2026-06-17T10:02:18.634+0800][15.131s][info][gc,marking  ] GC(524) Concurrent Preclean 0.091ms
[2026-06-17T10:02:18.634+0800][15.131s][info][gc,start    ] GC(524) Pause Remark
[2026-06-17T10:02:18.635+0800][15.131s][info][gc          ] GC(524) Pause Remark 47M->47M(64M) 0.405ms
[2026-06-17T10:02:18.635+0800][15.132s][info][gc,cpu      ] GC(524) User=0.00s Sys=0.00s Real=0.00s
[2026-06-17T10:02:18.635+0800][15.132s][info][gc,marking  ] GC(524) Concurrent Mark 2.352ms
[2026-06-17T10:02:18.635+0800][15.132s][info][gc,marking  ] GC(524) Concurrent Rebuild Remembered Sets and Scrub Regions
[2026-06-17T10:02:18.635+0800][15.132s][info][gc,marking  ] GC(524) Concurrent Rebuild Remembered Sets and Scrub Regions 0.409ms
[2026-06-17T10:02:18.635+0800][15.132s][info][gc,start    ] GC(524) Pause Cleanup
[2026-06-17T10:02:18.636+0800][15.132s][info][gc          ] GC(524) Pause Cleanup 47M->47M(64M) 0.125ms
[2026-06-17T10:02:18.636+0800][15.133s][info][gc,cpu      ] GC(524) User=0.00s Sys=0.00s Real=0.00s
[2026-06-17T10:02:18.636+0800][15.133s][info][gc,marking  ] GC(524) Concurrent Clear Claimed Marks
[2026-06-17T10:02:18.636+0800][15.133s][info][gc,marking  ] GC(524) Concurrent Clear Claimed Marks 0.091ms
[2026-06-17T10:02:18.636+0800][15.133s][info][gc,marking  ] GC(524) Concurrent Cleanup for Next Mark
[2026-06-17T10:02:18.636+0800][15.133s][info][gc,marking  ] GC(524) Concurrent Cleanup for Next Mark 0.161ms
[2026-06-17T10:02:18.636+0800][15.133s][info][gc          ] GC(524) Concurrent Mark Cycle 4.232ms
[2026-06-17T10:02:18.663+0800][15.160s][info][gc,start    ] GC(525) Pause Young (Prepare Mixed) (G1 Evacuation Pause)
[2026-06-17T10:02:18.664+0800][15.161s][info][gc,task     ] GC(525) Using 2 workers of 18 for evacuation
[2026-06-17T10:02:18.665+0800][15.162s][info][gc,phases   ] GC(525)   Pre Evacuate Collection Set: 0.12ms
[2026-06-17T10:02:18.665+0800][15.162s][info][gc,phases   ] GC(525)   Merge Heap Roots: 0.05ms
[2026-06-17T10:02:18.666+0800][15.163s][info][gc,phases   ] GC(525)   Evacuate Collection Set: 0.23ms
[2026-06-17T10:02:18.666+0800][15.163s][info][gc,phases   ] GC(525)   Post Evacuate Collection Set: 0.36ms
[2026-06-17T10:02:18.666+0800][15.163s][info][gc,phases   ] GC(525)   Other: 0.32ms
[2026-06-17T10:02:18.666+0800][15.163s][info][gc,heap     ] GC(525) Eden regions: 8->0(7)
[2026-06-17T10:02:18.667+0800][15.163s][info][gc,heap     ] GC(525) Survivor regions: 2->2(2)
[2026-06-17T10:02:18.667+0800][15.164s][info][gc,heap     ] GC(525) Old regions: 27->29
[2026-06-17T10:02:18.667+0800][15.164s][info][gc,heap     ] GC(525) Humongous regions: 18->18
[2026-06-17T10:02:18.668+0800][15.165s][info][gc,metaspace] GC(525) Metaspace: 112K(320K)->112K(320K) NonClass: 105K(192K)->105K(192K) Class: 7K(128K)->7K(128K)
[2026-06-17T10:02:18.668+0800][15.165s][info][gc          ] GC(525) Pause Young (Prepare Mixed) (G1 Evacuation Pause) 54M->47M(64M) 4.925ms
[2026-06-17T10:02:18.669+0800][15.166s][info][gc,cpu      ] GC(525) User=0.00s Sys=0.00s Real=0.00s
[2026-06-17T10:02:18.680+0800][15.177s][info][gc,start    ] GC(526) Pause Young (Mixed) (G1 Evacuation Pause)
[2026-06-17T10:02:18.680+0800][15.177s][info][gc,task     ] GC(526) Using 2 workers of 18 for evacuation
[2026-06-17T10:02:18.681+0800][15.178s][info][gc,phases   ] GC(526)   Pre Evacuate Collection Set: 0.12ms
[2026-06-17T10:02:18.681+0800][15.178s][info][gc,phases   ] GC(526)   Merge Heap Roots: 0.04ms
[2026-06-17T10:02:18.681+0800][15.178s][info][gc,phases   ] GC(526)   Evacuate Collection Set: 0.46ms
[2026-06-17T10:02:18.682+0800][15.178s][info][gc,phases   ] GC(526)   Post Evacuate Collection Set: 0.15ms
[2026-06-17T10:02:18.682+0800][15.179s][info][gc,phases   ] GC(526)   Other: 0.23ms
[2026-06-17T10:02:18.682+0800][15.179s][info][gc,heap     ] GC(526) Eden regions: 7->0(7)
[2026-06-17T10:02:18.682+0800][15.179s][info][gc,heap     ] GC(526) Survivor regions: 2->2(2)
[2026-06-17T10:02:18.682+0800][15.179s][info][gc,heap     ] GC(526) Old regions: 29->28
[2026-06-17T10:02:18.682+0800][15.179s][info][gc,heap     ] GC(526) Humongous regions: 18->18
[2026-06-17T10:02:18.682+0800][15.179s][info][gc,metaspace] GC(526) Metaspace: 112K(320K)->112K(320K) NonClass: 105K(192K)->105K(192K) Class: 7K(128K)->7K(128K)
[2026-06-17T10:02:18.682+0800][15.179s][info][gc          ] GC(526) Pause Young (Mixed) (G1 Evacuation Pause) 54M->47M(64M) 2.505ms
[2026-06-17T10:02:18.682+0800][15.179s][info][gc,cpu      ] GC(526) User=0.00s Sys=0.00s Real=0.00s
[2026-06-17T10:02:18.704+0800][15.200s][info][gc,start    ] GC(527) Pause Young (Concurrent Start) (G1 Evacuation Pause)
[2026-06-17T10:02:18.704+0800][15.201s][info][gc,task     ] GC(527) Using 2 workers of 18 for evacuation
[2026-06-17T10:02:18.706+0800][15.203s][info][gc,phases   ] GC(527)   Pre Evacuate Collection Set: 0.21ms
[2026-06-17T10:02:18.706+0800][15.203s][info][gc,phases   ] GC(527)   Merge Heap Roots: 0.08ms
[2026-06-17T10:02:18.706+0800][15.203s][info][gc,phases   ] GC(527)   Evacuate Collection Set: 0.44ms
[2026-06-17T10:02:18.706+0800][15.203s][info][gc,phases   ] GC(527)   Post Evacuate Collection Set: 0.32ms
[2026-06-17T10:02:18.706+0800][15.203s][info][gc,phases   ] GC(527)   Other: 0.46ms
[2026-06-17T10:02:18.707+0800][15.203s][info][gc,heap     ] GC(527) Eden regions: 7->0(6)
[2026-06-17T10:02:18.707+0800][15.204s][info][gc,heap     ] GC(527) Survivor regions: 2->2(2)
[2026-06-17T10:02:18.707+0800][15.204s][info][gc,heap     ] GC(527) Old regions: 28->29
[2026-06-17T10:02:18.707+0800][15.204s][info][gc,heap     ] GC(527) Humongous regions: 18->18
[2026-06-17T10:02:18.707+0800][15.204s][info][gc,metaspace] GC(527) Metaspace: 112K(320K)->112K(320K) NonClass: 105K(192K)->105K(192K) Class: 7K(128K)->7K(128K)
[2026-06-17T10:02:18.707+0800][15.204s][info][gc          ] GC(527) Pause Young (Concurrent Start) (G1 Evacuation Pause) 54M->48M(64M) 3.814ms
[2026-06-17T10:02:18.707+0800][15.204s][info][gc,cpu      ] GC(527) User=0.00s Sys=0.00s Real=0.00s
[2026-06-17T10:02:18.707+0800][15.204s][info][gc          ] GC(528) Concurrent Mark Cycle
[2026-06-17T10:02:18.708+0800][15.205s][info][gc,marking  ] GC(528) Concurrent Scan Root Regions
[2026-06-17T10:02:18.708+0800][15.205s][info][gc,marking  ] GC(528) Concurrent Scan Root Regions 0.213ms
[2026-06-17T10:02:18.708+0800][15.205s][info][gc,marking  ] GC(528) Concurrent Mark
[2026-06-17T10:02:18.708+0800][15.205s][info][gc,marking  ] GC(528) Concurrent Mark From Roots
[2026-06-17T10:02:18.708+0800][15.205s][info][gc,task     ] GC(528) Using 5 workers of 5 for marking
[2026-06-17T10:02:18.710+0800][15.206s][info][gc,marking  ] GC(528) Concurrent Mark From Roots 1.420ms
[2026-06-17T10:02:18.710+0800][15.207s][info][gc,marking  ] GC(528) Concurrent Preclean
[2026-06-17T10:02:18.710+0800][15.207s][info][gc,marking  ] GC(528) Concurrent Preclean 0.346ms
[2026-06-17T10:02:18.711+0800][15.208s][info][gc,start    ] GC(528) Pause Remark
[2026-06-17T10:02:18.711+0800][15.208s][info][gc          ] GC(528) Pause Remark 51M->45M(64M) 0.608ms
[2026-06-17T10:02:18.712+0800][15.208s][info][gc,cpu      ] GC(528) User=0.01s Sys=0.00s Real=0.00s
[2026-06-17T10:02:18.712+0800][15.209s][info][gc,marking  ] GC(528) Concurrent Mark 3.707ms
[2026-06-17T10:02:18.712+0800][15.209s][info][gc,marking  ] GC(528) Concurrent Rebuild Remembered Sets and Scrub Regions
[2026-06-17T10:02:18.712+0800][15.209s][info][gc,marking  ] GC(528) Concurrent Rebuild Remembered Sets and Scrub Regions 0.448ms
[2026-06-17T10:02:18.713+0800][15.209s][info][gc,start    ] GC(528) Pause Cleanup
[2026-06-17T10:02:18.713+0800][15.210s][info][gc          ] GC(528) Pause Cleanup 45M->45M(64M) 0.198ms
[2026-06-17T10:02:18.713+0800][15.210s][info][gc,cpu      ] GC(528) User=0.00s Sys=0.00s Real=0.00s
[2026-06-17T10:02:18.713+0800][15.210s][info][gc,marking  ] GC(528) Concurrent Clear Claimed Marks
[2026-06-17T10:02:18.713+0800][15.210s][info][gc,marking  ] GC(528) Concurrent Clear Claimed Marks 0.101ms
[2026-06-17T10:02:18.713+0800][15.210s][info][gc,marking  ] GC(528) Concurrent Cleanup for Next Mark
[2026-06-17T10:02:18.713+0800][15.210s][info][gc,marking  ] GC(528) Concurrent Cleanup for Next Mark 0.173ms
[2026-06-17T10:02:18.713+0800][15.210s][info][gc          ] GC(528) Concurrent Mark Cycle 5.946ms
[2026-06-17T10:02:18.718+0800][15.215s][info][gc,start    ] GC(529) Pause Young (Prepare Mixed) (G1 Evacuation Pause)
[2026-06-17T10:02:18.719+0800][15.216s][info][gc,task     ] GC(529) Using 2 workers of 18 for evacuation
[2026-06-17T10:02:18.720+0800][15.216s][info][gc,phases   ] GC(529)   Pre Evacuate Collection Set: 0.12ms
[2026-06-17T10:02:18.720+0800][15.217s][info][gc,phases   ] GC(529)   Merge Heap Roots: 0.06ms
[2026-06-17T10:02:18.720+0800][15.217s][info][gc,phases   ] GC(529)   Evacuate Collection Set: 0.35ms
[2026-06-17T10:02:18.720+0800][15.217s][info][gc,phases   ] GC(529)   Post Evacuate Collection Set: 0.17ms
[2026-06-17T10:02:18.720+0800][15.217s][info][gc,phases   ] GC(529)   Other: 0.21ms
[2026-06-17T10:02:18.720+0800][15.217s][info][gc,heap     ] GC(529) Eden regions: 6->0(8)
[2026-06-17T10:02:18.720+0800][15.217s][info][gc,heap     ] GC(529) Survivor regions: 2->1(1)
[2026-06-17T10:02:18.720+0800][15.217s][info][gc,heap     ] GC(529) Old regions: 23->27
[2026-06-17T10:02:18.720+0800][15.217s][info][gc,heap     ] GC(529) Humongous regions: 18->18
[2026-06-17T10:02:18.720+0800][15.217s][info][gc,metaspace] GC(529) Metaspace: 112K(320K)->112K(320K) NonClass: 105K(192K)->105K(192K) Class: 7K(128K)->7K(128K)
[2026-06-17T10:02:18.721+0800][15.217s][info][gc          ] GC(529) Pause Young (Prepare Mixed) (G1 Evacuation Pause) 48M->45M(64M) 2.186ms
[2026-06-17T10:02:18.721+0800][15.217s][info][gc,cpu      ] GC(529) User=0.00s Sys=0.00s Real=0.00s
[2026-06-17T10:02:18.742+0800][15.239s][info][gc,start    ] GC(530) Pause Young (Mixed) (G1 Evacuation Pause)
[2026-06-17T10:02:18.743+0800][15.240s][info][gc,task     ] GC(530) Using 2 workers of 18 for evacuation
[2026-06-17T10:02:18.744+0800][15.241s][info][gc,phases   ] GC(530)   Pre Evacuate Collection Set: 0.11ms
[2026-06-17T10:02:18.748+0800][15.245s][info][gc,phases   ] GC(530)   Merge Heap Roots: 0.04ms
[2026-06-17T10:02:18.748+0800][15.245s][info][gc,phases   ] GC(530)   Evacuate Collection Set: 0.23ms
[2026-06-17T10:02:18.748+0800][15.245s][info][gc,phases   ] GC(530)   Post Evacuate Collection Set: 0.16ms
[2026-06-17T10:02:18.750+0800][15.247s][info][gc,phases   ] GC(530)   Other: 0.95ms
[2026-06-17T10:02:18.752+0800][15.249s][info][gc,heap     ] GC(530) Eden regions: 8->0(11)
[2026-06-17T10:02:18.754+0800][15.251s][info][gc,heap     ] GC(530) Survivor regions: 1->1(2)
[2026-06-17T10:02:18.755+0800][15.251s][info][gc,heap     ] GC(530) Old regions: 27->24
[2026-06-17T10:02:18.760+0800][15.257s][info][gc,heap     ] GC(530) Humongous regions: 18->18
[2026-06-17T10:02:18.766+0800][15.262s][info][gc,metaspace] GC(530) Metaspace: 112K(320K)->112K(320K) NonClass: 105K(192K)->105K(192K) Class: 7K(128K)->7K(128K)
[2026-06-17T10:02:18.766+0800][15.263s][info][gc          ] GC(530) Pause Young (Mixed) (G1 Evacuation Pause) 53M->42M(64M) 24.171ms
[2026-06-17T10:02:18.772+0800][15.268s][info][gc,cpu      ] GC(530) User=0.00s Sys=0.00s Real=0.04s
[2026-06-17T10:02:18.809+0800][15.305s][info][gc,start    ] GC(531) Pause Young (Normal) (G1 Evacuation Pause)
[2026-06-17T10:02:18.809+0800][15.306s][info][gc,task     ] GC(531) Using 2 workers of 18 for evacuation
[2026-06-17T10:02:18.813+0800][15.309s][info][gc,phases   ] GC(531)   Pre Evacuate Collection Set: 0.17ms
[2026-06-17T10:02:18.813+0800][15.310s][info][gc,phases   ] GC(531)   Merge Heap Roots: 0.06ms
[2026-06-17T10:02:18.814+0800][15.311s][info][gc,phases   ] GC(531)   Evacuate Collection Set: 0.42ms
[2026-06-17T10:02:18.815+0800][15.312s][info][gc,phases   ] GC(531)   Post Evacuate Collection Set: 0.35ms
[2026-06-17T10:02:18.816+0800][15.313s][info][gc,phases   ] GC(531)   Other: 2.13ms
[2026-06-17T10:02:18.817+0800][15.314s][info][gc,heap     ] GC(531) Eden regions: 11->0(12)
[2026-06-17T10:02:18.818+0800][15.315s][info][gc,heap     ] GC(531) Survivor regions: 1->2(2)
[2026-06-17T10:02:18.820+0800][15.317s][info][gc,heap     ] GC(531) Old regions: 24->26
[2026-06-17T10:02:18.820+0800][15.317s][info][gc,heap     ] GC(531) Humongous regions: 20->11
[2026-06-17T10:02:18.822+0800][15.319s][info][gc,metaspace] GC(531) Metaspace: 112K(320K)->112K(320K) NonClass: 105K(192K)->105K(192K) Class: 7K(128K)->7K(128K)
[2026-06-17T10:02:18.823+0800][15.319s][info][gc          ] GC(531) Pause Young (Normal) (G1 Evacuation Pause) 55M->38M(64M) 13.966ms
[2026-06-17T10:02:18.824+0800][15.321s][info][gc,cpu      ] GC(531) User=0.00s Sys=0.00s Real=0.02s
[2026-06-17T10:02:18.856+0800][15.353s][info][gc,start    ] GC(532) Pause Young (Normal) (G1 Evacuation Pause)
[2026-06-17T10:02:18.859+0800][15.356s][info][gc,task     ] GC(532) Using 2 workers of 18 for evacuation
[2026-06-17T10:02:18.862+0800][15.359s][info][gc,phases   ] GC(532)   Pre Evacuate Collection Set: 0.15ms
[2026-06-17T10:02:18.862+0800][15.359s][info][gc,phases   ] GC(532)   Merge Heap Roots: 0.04ms
[2026-06-17T10:02:18.865+0800][15.362s][info][gc,phases   ] GC(532)   Evacuate Collection Set: 0.49ms
[2026-06-17T10:02:18.867+0800][15.364s][info][gc,phases   ] GC(532)   Post Evacuate Collection Set: 0.17ms
[2026-06-17T10:02:18.868+0800][15.365s][info][gc,phases   ] GC(532)   Other: 2.15ms
[2026-06-17T10:02:18.871+0800][15.368s][info][gc,heap     ] GC(532) Eden regions: 12->0(11)
[2026-06-17T10:02:18.873+0800][15.370s][info][gc,heap     ] GC(532) Survivor regions: 2->2(2)
[2026-06-17T10:02:18.874+0800][15.371s][info][gc,heap     ] GC(532) Old regions: 26->29
[2026-06-17T10:02:18.876+0800][15.373s][info][gc,heap     ] GC(532) Humongous regions: 11->11
[2026-06-17T10:02:18.878+0800][15.375s][info][gc,metaspace] GC(532) Metaspace: 112K(320K)->112K(320K) NonClass: 105K(192K)->105K(192K) Class: 7K(128K)->7K(128K)
[2026-06-17T10:02:18.880+0800][15.377s][info][gc          ] GC(532) Pause Young (Normal) (G1 Evacuation Pause) 50M->41M(64M) 24.248ms
[2026-06-17T10:02:18.882+0800][15.379s][info][gc,cpu      ] GC(532) User=0.00s Sys=0.00s Real=0.02s
[2026-06-17T10:02:18.905+0800][15.402s][info][gc,start    ] GC(533) Pause Young (Concurrent Start) (G1 Evacuation Pause)
[2026-06-17T10:02:18.905+0800][15.402s][info][gc,task     ] GC(533) Using 2 workers of 18 for evacuation
[2026-06-17T10:02:18.907+0800][15.404s][info][gc,phases   ] GC(533)   Pre Evacuate Collection Set: 0.30ms
[2026-06-17T10:02:18.907+0800][15.404s][info][gc,phases   ] GC(533)   Merge Heap Roots: 0.06ms
[2026-06-17T10:02:18.907+0800][15.404s][info][gc,phases   ] GC(533)   Evacuate Collection Set: 0.52ms
[2026-06-17T10:02:18.908+0800][15.405s][info][gc,phases   ] GC(533)   Post Evacuate Collection Set: 0.22ms
[2026-06-17T10:02:18.908+0800][15.405s][info][gc,phases   ] GC(533)   Other: 0.42ms
[2026-06-17T10:02:18.908+0800][15.405s][info][gc,heap     ] GC(533) Eden regions: 11->0(7)
[2026-06-17T10:02:18.908+0800][15.405s][info][gc,heap     ] GC(533) Survivor regions: 2->2(2)
[2026-06-17T10:02:18.908+0800][15.405s][info][gc,heap     ] GC(533) Old regions: 29->34
[2026-06-17T10:02:18.908+0800][15.405s][info][gc,heap     ] GC(533) Humongous regions: 11->11
[2026-06-17T10:02:18.908+0800][15.405s][info][gc,metaspace] GC(533) Metaspace: 112K(320K)->112K(320K) NonClass: 105K(192K)->105K(192K) Class: 7K(128K)->7K(128K)
[2026-06-17T10:02:18.909+0800][15.405s][info][gc          ] GC(533) Pause Young (Concurrent Start) (G1 Evacuation Pause) 52M->46M(64M) 3.486ms
[2026-06-17T10:02:18.909+0800][15.406s][info][gc,cpu      ] GC(533) User=0.01s Sys=0.00s Real=0.00s
[2026-06-17T10:02:18.909+0800][15.406s][info][gc          ] GC(534) Concurrent Mark Cycle
[2026-06-17T10:02:18.909+0800][15.406s][info][gc,marking  ] GC(534) Concurrent Scan Root Regions
[2026-06-17T10:02:18.909+0800][15.406s][info][gc,marking  ] GC(534) Concurrent Scan Root Regions 0.165ms
[2026-06-17T10:02:18.909+0800][15.406s][info][gc,marking  ] GC(534) Concurrent Mark
[2026-06-17T10:02:18.909+0800][15.406s][info][gc,marking  ] GC(534) Concurrent Mark From Roots
[2026-06-17T10:02:18.909+0800][15.406s][info][gc,task     ] GC(534) Using 5 workers of 5 for marking
[2026-06-17T10:02:18.911+0800][15.408s][info][gc,marking  ] GC(534) Concurrent Mark From Roots 1.716ms
[2026-06-17T10:02:18.911+0800][15.408s][info][gc,marking  ] GC(534) Concurrent Preclean
[2026-06-17T10:02:18.911+0800][15.408s][info][gc,marking  ] GC(534) Concurrent Preclean 0.145ms
[2026-06-17T10:02:18.912+0800][15.408s][info][gc,start    ] GC(534) Pause Remark
[2026-06-17T10:02:18.912+0800][15.409s][info][gc          ] GC(534) Pause Remark 46M->35M(64M) 0.591ms
[2026-06-17T10:02:18.912+0800][15.409s][info][gc,cpu      ] GC(534) User=0.00s Sys=0.00s Real=0.00s
[2026-06-17T10:02:18.913+0800][15.409s][info][gc,marking  ] GC(534) Concurrent Mark 3.279ms
[2026-06-17T10:02:18.913+0800][15.409s][info][gc,marking  ] GC(534) Concurrent Rebuild Remembered Sets and Scrub Regions
[2026-06-17T10:02:18.913+0800][15.410s][info][gc,marking  ] GC(534) Concurrent Rebuild Remembered Sets and Scrub Regions 0.483ms
[2026-06-17T10:02:18.913+0800][15.410s][info][gc,start    ] GC(534) Pause Cleanup
[2026-06-17T10:02:18.913+0800][15.410s][info][gc          ] GC(534) Pause Cleanup 35M->35M(64M) 0.143ms
[2026-06-17T10:02:18.914+0800][15.410s][info][gc,cpu      ] GC(534) User=0.00s Sys=0.00s Real=0.00s
[2026-06-17T10:02:18.914+0800][15.411s][info][gc,marking  ] GC(534) Concurrent Clear Claimed Marks
[2026-06-17T10:02:18.914+0800][15.411s][info][gc,marking  ] GC(534) Concurrent Clear Claimed Marks 0.080ms
[2026-06-17T10:02:18.914+0800][15.411s][info][gc,marking  ] GC(534) Concurrent Cleanup for Next Mark
[2026-06-17T10:02:18.914+0800][15.411s][info][gc,marking  ] GC(534) Concurrent Cleanup for Next Mark 0.154ms
[2026-06-17T10:02:18.914+0800][15.411s][info][gc          ] GC(534) Concurrent Mark Cycle 5.340ms
[2026-06-17T10:02:18.930+0800][15.427s][info][gc,start    ] GC(535) Pause Young (Prepare Mixed) (G1 Evacuation Pause)
[2026-06-17T10:02:18.930+0800][15.427s][info][gc,task     ] GC(535) Using 2 workers of 18 for evacuation
[2026-06-17T10:02:18.931+0800][15.428s][info][gc,phases   ] GC(535)   Pre Evacuate Collection Set: 0.15ms
[2026-06-17T10:02:18.931+0800][15.428s][info][gc,phases   ] GC(535)   Merge Heap Roots: 0.04ms
[2026-06-17T10:02:18.931+0800][15.428s][info][gc,phases   ] GC(535)   Evacuate Collection Set: 0.31ms
[2026-06-17T10:02:18.931+0800][15.428s][info][gc,phases   ] GC(535)   Post Evacuate Collection Set: 0.19ms
[2026-06-17T10:02:18.932+0800][15.428s][info][gc,phases   ] GC(535)   Other: 0.18ms
[2026-06-17T10:02:18.932+0800][15.428s][info][gc,heap     ] GC(535) Eden regions: 7->0(12)
[2026-06-17T10:02:18.932+0800][15.429s][info][gc,heap     ] GC(535) Survivor regions: 2->2(2)
[2026-06-17T10:02:18.932+0800][15.429s][info][gc,heap     ] GC(535) Old regions: 23->26
[2026-06-17T10:02:18.932+0800][15.429s][info][gc,heap     ] GC(535) Humongous regions: 11->11
[2026-06-17T10:02:18.932+0800][15.429s][info][gc,metaspace] GC(535) Metaspace: 112K(320K)->112K(320K) NonClass: 105K(192K)->105K(192K) Class: 7K(128K)->7K(128K)
[2026-06-17T10:02:18.932+0800][15.429s][info][gc          ] GC(535) Pause Young (Prepare Mixed) (G1 Evacuation Pause) 42M->38M(64M) 2.403ms
[2026-06-17T10:02:18.932+0800][15.429s][info][gc,cpu      ] GC(535) User=0.01s Sys=0.00s Real=0.01s
[2026-06-17T10:02:18.964+0800][15.461s][info][gc,start    ] GC(536) Pause Young (Mixed) (G1 Evacuation Pause)
[2026-06-17T10:02:18.964+0800][15.461s][info][gc,task     ] GC(536) Using 2 workers of 18 for evacuation
[2026-06-17T10:02:18.966+0800][15.462s][info][gc,phases   ] GC(536)   Pre Evacuate Collection Set: 0.16ms
[2026-06-17T10:02:18.966+0800][15.463s][info][gc,phases   ] GC(536)   Merge Heap Roots: 0.06ms
[2026-06-17T10:02:18.966+0800][15.463s][info][gc,phases   ] GC(536)   Evacuate Collection Set: 0.61ms
[2026-06-17T10:02:18.966+0800][15.463s][info][gc,phases   ] GC(536)   Post Evacuate Collection Set: 0.21ms
[2026-06-17T10:02:18.966+0800][15.463s][info][gc,phases   ] GC(536)   Other: 0.24ms
[2026-06-17T10:02:18.966+0800][15.463s][info][gc,heap     ] GC(536) Eden regions: 12->0(12)
[2026-06-17T10:02:18.966+0800][15.463s][info][gc,heap     ] GC(536) Survivor regions: 2->2(2)
[2026-06-17T10:02:18.967+0800][15.463s][info][gc,heap     ] GC(536) Old regions: 26->26
[2026-06-17T10:02:18.967+0800][15.464s][info][gc,heap     ] GC(536) Humongous regions: 11->11
[2026-06-17T10:02:18.967+0800][15.464s][info][gc,metaspace] GC(536) Metaspace: 112K(320K)->112K(320K) NonClass: 105K(192K)->105K(192K) Class: 7K(128K)->7K(128K)
[2026-06-17T10:02:18.967+0800][15.464s][info][gc          ] GC(536) Pause Young (Mixed) (G1 Evacuation Pause) 50M->38M(64M) 3.282ms
[2026-06-17T10:02:18.967+0800][15.464s][info][gc,cpu      ] GC(536) User=0.00s Sys=0.00s Real=0.00s
[2026-06-17T10:02:18.999+0800][15.496s][info][gc,start    ] GC(537) Pause Young (Normal) (G1 Evacuation Pause)
[2026-06-17T10:02:18.999+0800][15.496s][info][gc,task     ] GC(537) Using 2 workers of 18 for evacuation
[2026-06-17T10:02:19.000+0800][15.497s][info][gc,phases   ] GC(537)   Pre Evacuate Collection Set: 0.17ms
[2026-06-17T10:02:19.000+0800][15.497s][info][gc,phases   ] GC(537)   Merge Heap Roots: 0.03ms
[2026-06-17T10:02:19.000+0800][15.497s][info][gc,phases   ] GC(537)   Evacuate Collection Set: 0.31ms
[2026-06-17T10:02:19.001+0800][15.498s][info][gc,phases   ] GC(537)   Post Evacuate Collection Set: 0.19ms
[2026-06-17T10:02:19.001+0800][15.498s][info][gc,phases   ] GC(537)   Other: 0.21ms
[2026-06-17T10:02:19.001+0800][15.498s][info][gc,heap     ] GC(537) Eden regions: 12->0(10)
[2026-06-17T10:02:19.001+0800][15.498s][info][gc,heap     ] GC(537) Survivor regions: 2->2(2)
[2026-06-17T10:02:19.002+0800][15.498s][info][gc,heap     ] GC(537) Old regions: 26->29
[2026-06-17T10:02:19.002+0800][15.499s][info][gc,heap     ] GC(537) Humongous regions: 11->11
[2026-06-17T10:02:19.002+0800][15.499s][info][gc,metaspace] GC(537) Metaspace: 112K(320K)->112K(320K) NonClass: 105K(192K)->105K(192K) Class: 7K(128K)->7K(128K)
[2026-06-17T10:02:19.002+0800][15.499s][info][gc          ] GC(537) Pause Young (Normal) (G1 Evacuation Pause) 50M->41M(64M) 3.356ms
[2026-06-17T10:02:19.002+0800][15.499s][info][gc,cpu      ] GC(537) User=0.00s Sys=0.00s Real=0.00s
[2026-06-17T10:02:19.024+0800][15.521s][info][gc,start    ] GC(538) Pause Young (Concurrent Start) (G1 Humongous Allocation)
[2026-06-17T10:02:19.024+0800][15.521s][info][gc,task     ] GC(538) Using 2 workers of 18 for evacuation
[2026-06-17T10:02:19.026+0800][15.523s][info][gc,phases   ] GC(538)   Pre Evacuate Collection Set: 0.20ms
[2026-06-17T10:02:19.026+0800][15.523s][info][gc,phases   ] GC(538)   Merge Heap Roots: 0.15ms
[2026-06-17T10:02:19.027+0800][15.524s][info][gc,phases   ] GC(538)   Evacuate Collection Set: 0.29ms
[2026-06-17T10:02:19.027+0800][15.524s][info][gc,phases   ] GC(538)   Post Evacuate Collection Set: 0.56ms
[2026-06-17T10:02:19.027+0800][15.524s][info][gc,phases   ] GC(538)   Other: 0.60ms
[2026-06-17T10:02:19.027+0800][15.524s][info][gc,heap     ] GC(538) Eden regions: 10->0(11)
[2026-06-17T10:02:19.028+0800][15.524s][info][gc,heap     ] GC(538) Survivor regions: 2->2(2)
[2026-06-17T10:02:19.028+0800][15.525s][info][gc,heap     ] GC(538) Old regions: 29->30
[2026-06-17T10:02:19.028+0800][15.525s][info][gc,heap     ] GC(538) Humongous regions: 11->11
[2026-06-17T10:02:19.028+0800][15.525s][info][gc,metaspace] GC(538) Metaspace: 112K(320K)->112K(320K) NonClass: 105K(192K)->105K(192K) Class: 7K(128K)->7K(128K)
[2026-06-17T10:02:19.029+0800][15.525s][info][gc          ] GC(538) Pause Young (Concurrent Start) (G1 Humongous Allocation) 51M->42M(64M) 4.738ms
[2026-06-17T10:02:19.029+0800][15.525s][info][gc,cpu      ] GC(538) User=0.00s Sys=0.00s Real=0.00s
[2026-06-17T10:02:19.029+0800][15.525s][info][gc          ] GC(539) Concurrent Undo Cycle
[2026-06-17T10:02:19.029+0800][15.526s][info][gc,marking  ] GC(539) Concurrent Clear Claimed Marks
[2026-06-17T10:02:19.029+0800][15.526s][info][gc,marking  ] GC(539) Concurrent Clear Claimed Marks 0.096ms
[2026-06-17T10:02:19.029+0800][15.526s][info][gc,marking  ] GC(539) Concurrent Cleanup for Next Mark
[2026-06-17T10:02:19.029+0800][15.526s][info][gc,marking  ] GC(539) Concurrent Cleanup for Next Mark 0.128ms
[2026-06-17T10:02:19.029+0800][15.526s][info][gc          ] GC(539) Concurrent Undo Cycle 0.704ms
[2026-06-17T10:02:19.060+0800][15.557s][info][gc,start    ] GC(540) Pause Young (Normal) (G1 Evacuation Pause)
[2026-06-17T10:02:19.061+0800][15.558s][info][gc,task     ] GC(540) Using 2 workers of 18 for evacuation
[2026-06-17T10:02:19.063+0800][15.560s][info][gc,phases   ] GC(540)   Pre Evacuate Collection Set: 0.27ms
[2026-06-17T10:02:19.063+0800][15.560s][info][gc,phases   ] GC(540)   Merge Heap Roots: 0.11ms
[2026-06-17T10:02:19.064+0800][15.561s][info][gc,phases   ] GC(540)   Evacuate Collection Set: 0.38ms
[2026-06-17T10:02:19.064+0800][15.561s][info][gc,phases   ] GC(540)   Post Evacuate Collection Set: 0.54ms
[2026-06-17T10:02:19.064+0800][15.561s][info][gc,phases   ] GC(540)   Other: 0.67ms
[2026-06-17T10:02:19.064+0800][15.561s][info][gc,heap     ] GC(540) Eden regions: 11->0(9)
[2026-06-17T10:02:19.065+0800][15.561s][info][gc,heap     ] GC(540) Survivor regions: 2->1(2)
[2026-06-17T10:02:19.065+0800][15.562s][info][gc,heap     ] GC(540) Old regions: 30->32
[2026-06-17T10:02:19.065+0800][15.562s][info][gc,heap     ] GC(540) Humongous regions: 13->13
[2026-06-17T10:02:19.065+0800][15.562s][info][gc,metaspace] GC(540) Metaspace: 112K(320K)->112K(320K) NonClass: 105K(192K)->105K(192K) Class: 7K(128K)->7K(128K)
[2026-06-17T10:02:19.065+0800][15.562s][info][gc          ] GC(540) Pause Young (Normal) (G1 Evacuation Pause) 55M->45M(64M) 4.726ms
[2026-06-17T10:02:19.065+0800][15.562s][info][gc,cpu      ] GC(540) User=0.00s Sys=0.00s Real=0.01s
[2026-06-17T10:02:19.097+0800][15.594s][info][gc,start    ] GC(541) Pause Young (Concurrent Start) (G1 Evacuation Pause)
[2026-06-17T10:02:19.097+0800][15.594s][info][gc,task     ] GC(541) Using 2 workers of 18 for evacuation
[2026-06-17T10:02:19.098+0800][15.595s][info][gc,phases   ] GC(541)   Pre Evacuate Collection Set: 0.18ms
[2026-06-17T10:02:19.099+0800][15.596s][info][gc,phases   ] GC(541)   Merge Heap Roots: 0.10ms
[2026-06-17T10:02:19.099+0800][15.596s][info][gc,phases   ] GC(541)   Evacuate Collection Set: 0.38ms
[2026-06-17T10:02:19.099+0800][15.596s][info][gc,phases   ] GC(541)   Post Evacuate Collection Set: 0.28ms
[2026-06-17T10:02:19.100+0800][15.597s][info][gc,phases   ] GC(541)   Other: 0.37ms
[2026-06-17T10:02:19.100+0800][15.597s][info][gc,heap     ] GC(541) Eden regions: 9->0(8)
[2026-06-17T10:02:19.100+0800][15.597s][info][gc,heap     ] GC(541) Survivor regions: 1->2(2)
[2026-06-17T10:02:19.101+0800][15.598s][info][gc,heap     ] GC(541) Old regions: 32->33
[2026-06-17T10:02:19.101+0800][15.598s][info][gc,heap     ] GC(541) Humongous regions: 13->13
[2026-06-17T10:02:19.101+0800][15.598s][info][gc,metaspace] GC(541) Metaspace: 112K(320K)->112K(320K) NonClass: 105K(192K)->105K(192K) Class: 7K(128K)->7K(128K)
[2026-06-17T10:02:19.101+0800][15.598s][info][gc          ] GC(541) Pause Young (Concurrent Start) (G1 Evacuation Pause) 54M->47M(64M) 4.527ms
[2026-06-17T10:02:19.101+0800][15.598s][info][gc,cpu      ] GC(541) User=0.00s Sys=0.00s Real=0.00s
[2026-06-17T10:02:19.101+0800][15.598s][info][gc          ] GC(542) Concurrent Mark Cycle
[2026-06-17T10:02:19.102+0800][15.599s][info][gc,marking  ] GC(542) Concurrent Scan Root Regions
[2026-06-17T10:02:19.102+0800][15.599s][info][gc,marking  ] GC(542) Concurrent Scan Root Regions 0.171ms
[2026-06-17T10:02:19.102+0800][15.599s][info][gc,marking  ] GC(542) Concurrent Mark
[2026-06-17T10:02:19.102+0800][15.599s][info][gc,marking  ] GC(542) Concurrent Mark From Roots
[2026-06-17T10:02:19.102+0800][15.599s][info][gc,task     ] GC(542) Using 5 workers of 5 for marking
[2026-06-17T10:02:19.103+0800][15.600s][info][gc,marking  ] GC(542) Concurrent Mark From Roots 1.349ms
[2026-06-17T10:02:19.104+0800][15.601s][info][gc,marking  ] GC(542) Concurrent Preclean
[2026-06-17T10:02:19.104+0800][15.601s][info][gc,marking  ] GC(542) Concurrent Preclean 0.145ms
[2026-06-17T10:02:19.104+0800][15.601s][info][gc,start    ] GC(542) Pause Remark
[2026-06-17T10:02:19.105+0800][15.601s][info][gc          ] GC(542) Pause Remark 53M->40M(64M) 0.492ms
[2026-06-17T10:02:19.105+0800][15.602s][info][gc,cpu      ] GC(542) User=0.00s Sys=0.00s Real=0.00s
[2026-06-17T10:02:19.105+0800][15.602s][info][gc,marking  ] GC(542) Concurrent Mark 2.901ms
[2026-06-17T10:02:19.105+0800][15.602s][info][gc,marking  ] GC(542) Concurrent Rebuild Remembered Sets and Scrub Regions
[2026-06-17T10:02:19.106+0800][15.602s][info][gc,marking  ] GC(542) Concurrent Rebuild Remembered Sets and Scrub Regions 0.461ms
[2026-06-17T10:02:19.106+0800][15.603s][info][gc,start    ] GC(542) Pause Cleanup
[2026-06-17T10:02:19.106+0800][15.603s][info][gc          ] GC(542) Pause Cleanup 40M->40M(64M) 0.188ms
[2026-06-17T10:02:19.106+0800][15.603s][info][gc,cpu      ] GC(542) User=0.00s Sys=0.00s Real=0.00s
[2026-06-17T10:02:19.106+0800][15.603s][info][gc,marking  ] GC(542) Concurrent Clear Claimed Marks
[2026-06-17T10:02:19.106+0800][15.603s][info][gc,marking  ] GC(542) Concurrent Clear Claimed Marks 0.070ms
[2026-06-17T10:02:19.106+0800][15.603s][info][gc,marking  ] GC(542) Concurrent Cleanup for Next Mark
[2026-06-17T10:02:19.106+0800][15.603s][info][gc,marking  ] GC(542) Concurrent Cleanup for Next Mark 0.143ms
[2026-06-17T10:02:19.107+0800][15.603s][info][gc          ] GC(542) Concurrent Mark Cycle 5.126ms
[2026-06-17T10:02:19.112+0800][15.609s][info][gc,start    ] GC(543) Pause Young (Prepare Mixed) (G1 Evacuation Pause)
[2026-06-17T10:02:19.113+0800][15.609s][info][gc,task     ] GC(543) Using 2 workers of 18 for evacuation
[2026-06-17T10:02:19.113+0800][15.610s][info][gc,phases   ] GC(543)   Pre Evacuate Collection Set: 0.10ms
[2026-06-17T10:02:19.114+0800][15.610s][info][gc,phases   ] GC(543)   Merge Heap Roots: 0.05ms
[2026-06-17T10:02:19.114+0800][15.611s][info][gc,phases   ] GC(543)   Evacuate Collection Set: 0.42ms
[2026-06-17T10:02:19.114+0800][15.611s][info][gc,phases   ] GC(543)   Post Evacuate Collection Set: 0.14ms
[2026-06-17T10:02:19.114+0800][15.611s][info][gc,phases   ] GC(543)   Other: 0.19ms
[2026-06-17T10:02:19.114+0800][15.611s][info][gc,heap     ] GC(543) Eden regions: 8->0(11)
[2026-06-17T10:02:19.114+0800][15.611s][info][gc,heap     ] GC(543) Survivor regions: 2->2(2)
[2026-06-17T10:02:19.114+0800][15.611s][info][gc,heap     ] GC(543) Old regions: 20->25
[2026-06-17T10:02:19.114+0800][15.611s][info][gc,heap     ] GC(543) Humongous regions: 13->13
[2026-06-17T10:02:19.114+0800][15.611s][info][gc,metaspace] GC(543) Metaspace: 112K(320K)->112K(320K) NonClass: 105K(192K)->105K(192K) Class: 7K(128K)->7K(128K)
[2026-06-17T10:02:19.114+0800][15.611s][info][gc          ] GC(543) Pause Young (Prepare Mixed) (G1 Evacuation Pause) 42M->39M(64M) 2.122ms
[2026-06-17T10:02:19.115+0800][15.611s][info][gc,cpu      ] GC(543) User=0.00s Sys=0.00s Real=0.00s
[2026-06-17T10:02:19.146+0800][15.643s][info][gc,start    ] GC(544) Pause Young (Mixed) (G1 Evacuation Pause)
[2026-06-17T10:02:19.146+0800][15.643s][info][gc,task     ] GC(544) Using 2 workers of 18 for evacuation
[2026-06-17T10:02:19.148+0800][15.645s][info][gc,phases   ] GC(544)   Pre Evacuate Collection Set: 0.13ms
[2026-06-17T10:02:19.148+0800][15.645s][info][gc,phases   ] GC(544)   Merge Heap Roots: 0.06ms
[2026-06-17T10:02:19.148+0800][15.645s][info][gc,phases   ] GC(544)   Evacuate Collection Set: 0.73ms
[2026-06-17T10:02:19.148+0800][15.645s][info][gc,phases   ] GC(544)   Post Evacuate Collection Set: 0.20ms
[2026-06-17T10:02:19.149+0800][15.645s][info][gc,phases   ] GC(544)   Other: 0.32ms
[2026-06-17T10:02:19.149+0800][15.646s][info][gc,heap     ] GC(544) Eden regions: 11->0(13)
[2026-06-17T10:02:19.149+0800][15.646s][info][gc,heap     ] GC(544) Survivor regions: 2->2(2)
[2026-06-17T10:02:19.149+0800][15.646s][info][gc,heap     ] GC(544) Old regions: 25->23
[2026-06-17T10:02:19.149+0800][15.646s][info][gc,heap     ] GC(544) Humongous regions: 13->13
[2026-06-17T10:02:19.149+0800][15.646s][info][gc,metaspace] GC(544) Metaspace: 112K(320K)->112K(320K) NonClass: 105K(192K)->105K(192K) Class: 7K(128K)->7K(128K)
[2026-06-17T10:02:19.149+0800][15.646s][info][gc          ] GC(544) Pause Young (Mixed) (G1 Evacuation Pause) 50M->37M(64M) 3.135ms
[2026-06-17T10:02:19.149+0800][15.646s][info][gc,cpu      ] GC(544) User=0.00s Sys=0.00s Real=0.00s
[2026-06-17T10:02:19.181+0800][15.678s][info][gc,start    ] GC(545) Pause Young (Mixed) (G1 Evacuation Pause)
[2026-06-17T10:02:19.181+0800][15.678s][info][gc,task     ] GC(545) Using 2 workers of 18 for evacuation
[2026-06-17T10:02:19.183+0800][15.680s][info][gc,phases   ] GC(545)   Pre Evacuate Collection Set: 0.23ms
[2026-06-17T10:02:19.183+0800][15.680s][info][gc,phases   ] GC(545)   Merge Heap Roots: 0.08ms
[2026-06-17T10:02:19.183+0800][15.680s][info][gc,phases   ] GC(545)   Evacuate Collection Set: 0.63ms
[2026-06-17T10:02:19.184+0800][15.681s][info][gc,phases   ] GC(545)   Post Evacuate Collection Set: 0.21ms
[2026-06-17T10:02:19.184+0800][15.681s][info][gc,phases   ] GC(545)   Other: 0.31ms
[2026-06-17T10:02:19.184+0800][15.681s][info][gc,heap     ] GC(545) Eden regions: 13->0(10)
[2026-06-17T10:02:19.185+0800][15.681s][info][gc,heap     ] GC(545) Survivor regions: 2->2(2)
[2026-06-17T10:02:19.185+0800][15.682s][info][gc,heap     ] GC(545) Old regions: 23->27
[2026-06-17T10:02:19.185+0800][15.682s][info][gc,heap     ] GC(545) Humongous regions: 13->13
[2026-06-17T10:02:19.185+0800][15.682s][info][gc,metaspace] GC(545) Metaspace: 112K(320K)->112K(320K) NonClass: 105K(192K)->105K(192K) Class: 7K(128K)->7K(128K)
[2026-06-17T10:02:19.185+0800][15.682s][info][gc          ] GC(545) Pause Young (Mixed) (G1 Evacuation Pause) 50M->41M(64M) 4.442ms
[2026-06-17T10:02:19.186+0800][15.682s][info][gc,cpu      ] GC(545) User=0.01s Sys=0.00s Real=0.01s
[2026-06-17T10:02:19.218+0800][15.714s][info][gc,start    ] GC(546) Pause Young (Normal) (G1 Evacuation Pause)
[2026-06-17T10:02:19.218+0800][15.715s][info][gc,task     ] GC(546) Using 2 workers of 18 for evacuation
[2026-06-17T10:02:19.220+0800][15.717s][info][gc,phases   ] GC(546)   Pre Evacuate Collection Set: 0.18ms
[2026-06-17T10:02:19.220+0800][15.717s][info][gc,phases   ] GC(546)   Merge Heap Roots: 0.07ms
[2026-06-17T10:02:19.220+0800][15.717s][info][gc,phases   ] GC(546)   Evacuate Collection Set: 0.31ms
[2026-06-17T10:02:19.221+0800][15.717s][info][gc,phases   ] GC(546)   Post Evacuate Collection Set: 0.35ms
[2026-06-17T10:02:19.221+0800][15.717s][info][gc,phases   ] GC(546)   Other: 0.87ms
[2026-06-17T10:02:19.221+0800][15.718s][info][gc,heap     ] GC(546) Eden regions: 10->0(10)
[2026-06-17T10:02:19.221+0800][15.718s][info][gc,heap     ] GC(546) Survivor regions: 2->2(2)
[2026-06-17T10:02:19.221+0800][15.718s][info][gc,heap     ] GC(546) Old regions: 27->28
[2026-06-17T10:02:19.221+0800][15.718s][info][gc,heap     ] GC(546) Humongous regions: 13->13
[2026-06-17T10:02:19.221+0800][15.718s][info][gc,metaspace] GC(546) Metaspace: 112K(320K)->112K(320K) NonClass: 105K(192K)->105K(192K) Class: 7K(128K)->7K(128K)
[2026-06-17T10:02:19.222+0800][15.719s][info][gc          ] GC(546) Pause Young (Normal) (G1 Evacuation Pause) 51M->42M(64M) 4.147ms
[2026-06-17T10:02:19.222+0800][15.719s][info][gc,cpu      ] GC(546) User=0.00s Sys=0.00s Real=0.00s
[2026-06-17T10:02:19.233+0800][15.730s][info][gc,start    ] GC(547) Pause Young (Concurrent Start) (G1 Humongous Allocation)
[2026-06-17T10:02:19.233+0800][15.730s][info][gc,task     ] GC(547) Using 2 workers of 18 for evacuation
[2026-06-17T10:02:19.234+0800][15.731s][info][gc,phases   ] GC(547)   Pre Evacuate Collection Set: 0.13ms
[2026-06-17T10:02:19.234+0800][15.731s][info][gc,phases   ] GC(547)   Merge Heap Roots: 0.04ms
[2026-06-17T10:02:19.234+0800][15.731s][info][gc,phases   ] GC(547)   Evacuate Collection Set: 0.17ms
[2026-06-17T10:02:19.235+0800][15.731s][info][gc,phases   ] GC(547)   Post Evacuate Collection Set: 0.17ms
[2026-06-17T10:02:19.235+0800][15.731s][info][gc,phases   ] GC(547)   Other: 0.29ms
[2026-06-17T10:02:19.235+0800][15.732s][info][gc,heap     ] GC(547) Eden regions: 7->0(12)
[2026-06-17T10:02:19.235+0800][15.732s][info][gc,heap     ] GC(547) Survivor regions: 2->0(2)
[2026-06-17T10:02:19.235+0800][15.732s][info][gc,heap     ] GC(547) Old regions: 28->30
[2026-06-17T10:02:19.235+0800][15.732s][info][gc,heap     ] GC(547) Humongous regions: 13->13
[2026-06-17T10:02:19.235+0800][15.732s][info][gc,metaspace] GC(547) Metaspace: 112K(320K)->112K(320K) NonClass: 105K(192K)->105K(192K) Class: 7K(128K)->7K(128K)
[2026-06-17T10:02:19.235+0800][15.732s][info][gc          ] GC(547) Pause Young (Concurrent Start) (G1 Humongous Allocation) 49M->42M(64M) 2.414ms
[2026-06-17T10:02:19.235+0800][15.732s][info][gc          ] GC(548) Concurrent Mark Cycle
[2026-06-17T10:02:19.235+0800][15.732s][info][gc,marking  ] GC(548) Concurrent Scan Root Regions
[2026-06-17T10:02:19.235+0800][15.732s][info][gc,cpu      ] GC(547) User=0.00s Sys=0.00s Real=0.00s
[2026-06-17T10:02:19.235+0800][15.732s][info][gc,marking  ] GC(548) Concurrent Scan Root Regions 0.161ms
[2026-06-17T10:02:19.236+0800][15.733s][info][gc,marking  ] GC(548) Concurrent Mark
[2026-06-17T10:02:19.236+0800][15.733s][info][gc,marking  ] GC(548) Concurrent Mark From Roots
[2026-06-17T10:02:19.236+0800][15.733s][info][gc,task     ] GC(548) Using 5 workers of 5 for marking
[2026-06-17T10:02:19.237+0800][15.734s][info][gc,marking  ] GC(548) Concurrent Mark From Roots 1.364ms
[2026-06-17T10:02:19.238+0800][15.735s][info][gc,marking  ] GC(548) Concurrent Preclean
[2026-06-17T10:02:19.238+0800][15.735s][info][gc,marking  ] GC(548) Concurrent Preclean 0.260ms
[2026-06-17T10:02:19.238+0800][15.735s][info][gc,start    ] GC(548) Pause Remark
[2026-06-17T10:02:19.239+0800][15.736s][info][gc          ] GC(548) Pause Remark 44M->44M(64M) 0.481ms
[2026-06-17T10:02:19.239+0800][15.736s][info][gc,cpu      ] GC(548) User=0.00s Sys=0.00s Real=0.00s
[2026-06-17T10:02:19.239+0800][15.736s][info][gc,marking  ] GC(548) Concurrent Mark 3.152ms
[2026-06-17T10:02:19.239+0800][15.736s][info][gc,marking  ] GC(548) Concurrent Rebuild Remembered Sets and Scrub Regions
[2026-06-17T10:02:19.239+0800][15.736s][info][gc,marking  ] GC(548) Concurrent Rebuild Remembered Sets and Scrub Regions 0.437ms
[2026-06-17T10:02:19.240+0800][15.736s][info][gc,start    ] GC(548) Pause Cleanup
[2026-06-17T10:02:19.240+0800][15.737s][info][gc          ] GC(548) Pause Cleanup 44M->44M(64M) 0.129ms
[2026-06-17T10:02:19.240+0800][15.737s][info][gc,cpu      ] GC(548) User=0.00s Sys=0.00s Real=0.00s
[2026-06-17T10:02:19.240+0800][15.737s][info][gc,marking  ] GC(548) Concurrent Clear Claimed Marks
[2026-06-17T10:02:19.240+0800][15.737s][info][gc,marking  ] GC(548) Concurrent Clear Claimed Marks 0.080ms
[2026-06-17T10:02:19.240+0800][15.737s][info][gc,marking  ] GC(548) Concurrent Cleanup for Next Mark
[2026-06-17T10:02:19.240+0800][15.737s][info][gc,marking  ] GC(548) Concurrent Cleanup for Next Mark 0.178ms
[2026-06-17T10:02:19.240+0800][15.737s][info][gc          ] GC(548) Concurrent Mark Cycle 5.122ms
[2026-06-17T10:02:19.277+0800][15.774s][info][gc,start    ] GC(549) Pause Young (Prepare Mixed) (G1 Evacuation Pause)
[2026-06-17T10:02:19.278+0800][15.775s][info][gc,task     ] GC(549) Using 2 workers of 18 for evacuation
[2026-06-17T10:02:19.279+0800][15.776s][info][gc,phases   ] GC(549)   Pre Evacuate Collection Set: 0.16ms
[2026-06-17T10:02:19.279+0800][15.776s][info][gc,phases   ] GC(549)   Merge Heap Roots: 0.06ms
[2026-06-17T10:02:19.279+0800][15.776s][info][gc,phases   ] GC(549)   Evacuate Collection Set: 0.26ms
[2026-06-17T10:02:19.280+0800][15.777s][info][gc,phases   ] GC(549)   Post Evacuate Collection Set: 0.21ms
[2026-06-17T10:02:19.280+0800][15.777s][info][gc,phases   ] GC(549)   Other: 0.30ms
[2026-06-17T10:02:19.280+0800][15.777s][info][gc,heap     ] GC(549) Eden regions: 12->0(8)
[2026-06-17T10:02:19.281+0800][15.777s][info][gc,heap     ] GC(549) Survivor regions: 0->2(2)
[2026-06-17T10:02:19.281+0800][15.778s][info][gc,heap     ] GC(549) Old regions: 30->31
[2026-06-17T10:02:19.281+0800][15.778s][info][gc,heap     ] GC(549) Humongous regions: 15->15
[2026-06-17T10:02:19.281+0800][15.778s][info][gc,metaspace] GC(549) Metaspace: 112K(320K)->112K(320K) NonClass: 105K(192K)->105K(192K) Class: 7K(128K)->7K(128K)
[2026-06-17T10:02:19.281+0800][15.778s][info][gc          ] GC(549) Pause Young (Prepare Mixed) (G1 Evacuation Pause) 56M->47M(64M) 4.039ms
[2026-06-17T10:02:19.281+0800][15.778s][info][gc,cpu      ] GC(549) User=0.01s Sys=0.00s Real=0.00s
[2026-06-17T10:02:19.292+0800][15.789s][info][gc,start    ] GC(550) Pause Young (Mixed) (G1 Evacuation Pause)
[2026-06-17T10:02:19.293+0800][15.790s][info][gc,task     ] GC(550) Using 2 workers of 18 for evacuation
[2026-06-17T10:02:19.294+0800][15.791s][info][gc,phases   ] GC(550)   Pre Evacuate Collection Set: 0.12ms
[2026-06-17T10:02:19.294+0800][15.791s][info][gc,phases   ] GC(550)   Merge Heap Roots: 0.06ms
[2026-06-17T10:02:19.295+0800][15.791s][info][gc,phases   ] GC(550)   Evacuate Collection Set: 0.61ms
[2026-06-17T10:02:19.295+0800][15.792s][info][gc,phases   ] GC(550)   Post Evacuate Collection Set: 0.37ms
[2026-06-17T10:02:19.295+0800][15.792s][info][gc,phases   ] GC(550)   Other: 0.28ms
[2026-06-17T10:02:19.295+0800][15.792s][info][gc,heap     ] GC(550) Eden regions: 8->0(5)
[2026-06-17T10:02:19.295+0800][15.792s][info][gc,heap     ] GC(550) Survivor regions: 2->2(2)
[2026-06-17T10:02:19.295+0800][15.792s][info][gc,heap     ] GC(550) Old regions: 31->34
[2026-06-17T10:02:19.296+0800][15.792s][info][gc,heap     ] GC(550) Humongous regions: 15->15
[2026-06-17T10:02:19.296+0800][15.793s][info][gc,metaspace] GC(550) Metaspace: 112K(320K)->112K(320K) NonClass: 105K(192K)->105K(192K) Class: 7K(128K)->7K(128K)
[2026-06-17T10:02:19.296+0800][15.793s][info][gc          ] GC(550) Pause Young (Mixed) (G1 Evacuation Pause) (Evacuation Failure) 55M->50M(64M) 3.453ms
[2026-06-17T10:02:19.296+0800][15.793s][info][gc,cpu      ] GC(550) User=0.00s Sys=0.00s Real=0.00s
[2026-06-17T10:02:19.317+0800][15.814s][info][gc,start    ] GC(551) Pause Young (Mixed) (G1 Evacuation Pause)
[2026-06-17T10:02:19.317+0800][15.814s][info][gc,task     ] GC(551) Using 2 workers of 18 for evacuation
[2026-06-17T10:02:19.318+0800][15.815s][info][gc,phases   ] GC(551)   Pre Evacuate Collection Set: 0.14ms
[2026-06-17T10:02:19.318+0800][15.815s][info][gc,phases   ] GC(551)   Merge Heap Roots: 0.05ms
[2026-06-17T10:02:19.319+0800][15.816s][info][gc,phases   ] GC(551)   Evacuate Collection Set: 0.25ms
[2026-06-17T10:02:19.319+0800][15.816s][info][gc,phases   ] GC(551)   Post Evacuate Collection Set: 0.18ms
[2026-06-17T10:02:19.319+0800][15.816s][info][gc,phases   ] GC(551)   Other: 0.25ms
[2026-06-17T10:02:19.319+0800][15.816s][info][gc,heap     ] GC(551) Eden regions: 5->0(6)
[2026-06-17T10:02:19.319+0800][15.816s][info][gc,heap     ] GC(551) Survivor regions: 2->1(1)
[2026-06-17T10:02:19.319+0800][15.816s][info][gc,heap     ] GC(551) Old regions: 34->35
[2026-06-17T10:02:19.319+0800][15.816s][info][gc,heap     ] GC(551) Humongous regions: 15->15
[2026-06-17T10:02:19.319+0800][15.816s][info][gc,metaspace] GC(551) Metaspace: 112K(320K)->112K(320K) NonClass: 105K(192K)->105K(192K) Class: 7K(128K)->7K(128K)
[2026-06-17T10:02:19.320+0800][15.816s][info][gc          ] GC(551) Pause Young (Mixed) (G1 Evacuation Pause) 55M->49M(64M) 2.626ms
[2026-06-17T10:02:19.320+0800][15.817s][info][gc,cpu      ] GC(551) User=0.00s Sys=0.00s Real=0.00s
[2026-06-17T10:02:19.331+0800][15.827s][info][gc,start    ] GC(552) Pause Young (Concurrent Start) (G1 Evacuation Pause)
[2026-06-17T10:02:19.331+0800][15.828s][info][gc,task     ] GC(552) Using 2 workers of 18 for evacuation
[2026-06-17T10:02:19.332+0800][15.829s][info][gc,phases   ] GC(552)   Pre Evacuate Collection Set: 0.15ms
[2026-06-17T10:02:19.332+0800][15.829s][info][gc,phases   ] GC(552)   Merge Heap Roots: 0.04ms
[2026-06-17T10:02:19.332+0800][15.829s][info][gc,phases   ] GC(552)   Evacuate Collection Set: 0.30ms
[2026-06-17T10:02:19.332+0800][15.829s][info][gc,phases   ] GC(552)   Post Evacuate Collection Set: 0.18ms
[2026-06-17T10:02:19.332+0800][15.829s][info][gc,phases   ] GC(552)   Other: 0.26ms
[2026-06-17T10:02:19.333+0800][15.829s][info][gc,heap     ] GC(552) Eden regions: 6->0(3)
[2026-06-17T10:02:19.333+0800][15.830s][info][gc,heap     ] GC(552) Survivor regions: 1->1(1)
[2026-06-17T10:02:19.333+0800][15.830s][info][gc,heap     ] GC(552) Old regions: 35->37
[2026-06-17T10:02:19.333+0800][15.830s][info][gc,heap     ] GC(552) Humongous regions: 15->15
[2026-06-17T10:02:19.333+0800][15.830s][info][gc,metaspace] GC(552) Metaspace: 112K(320K)->112K(320K) NonClass: 105K(192K)->105K(192K) Class: 7K(128K)->7K(128K)
[2026-06-17T10:02:19.333+0800][15.830s][info][gc          ] GC(552) Pause Young (Concurrent Start) (G1 Evacuation Pause) 55M->52M(64M) 2.508ms
[2026-06-17T10:02:19.333+0800][15.830s][info][gc,cpu      ] GC(552) User=0.00s Sys=0.00s Real=0.00s
[2026-06-17T10:02:19.333+0800][15.830s][info][gc          ] GC(553) Concurrent Mark Cycle
[2026-06-17T10:02:19.333+0800][15.830s][info][gc,marking  ] GC(553) Concurrent Scan Root Regions
[2026-06-17T10:02:19.334+0800][15.831s][info][gc,marking  ] GC(553) Concurrent Scan Root Regions 0.575ms
[2026-06-17T10:02:19.336+0800][15.833s][info][gc,marking  ] GC(553) Concurrent Mark
[2026-06-17T10:02:19.338+0800][15.835s][info][gc,marking  ] GC(553) Concurrent Mark From Roots
[2026-06-17T10:02:19.340+0800][15.837s][info][gc,task     ] GC(553) Using 5 workers of 5 for marking
[2026-06-17T10:02:19.342+0800][15.839s][info][gc,marking  ] GC(553) Concurrent Mark From Roots 4.000ms
[2026-06-17T10:02:19.342+0800][15.839s][info][gc,marking  ] GC(553) Concurrent Preclean
[2026-06-17T10:02:19.342+0800][15.839s][info][gc,marking  ] GC(553) Concurrent Preclean 0.164ms
[2026-06-17T10:02:19.342+0800][15.839s][info][gc,start    ] GC(553) Pause Remark
[2026-06-17T10:02:19.343+0800][15.840s][info][gc          ] GC(553) Pause Remark 54M->46M(64M) 0.560ms
[2026-06-17T10:02:19.343+0800][15.840s][info][gc,cpu      ] GC(553) User=0.00s Sys=0.00s Real=0.01s
[2026-06-17T10:02:19.343+0800][15.840s][info][gc,marking  ] GC(553) Concurrent Mark 7.428ms
[2026-06-17T10:02:19.343+0800][15.840s][info][gc,marking  ] GC(553) Concurrent Rebuild Remembered Sets and Scrub Regions
[2026-06-17T10:02:19.344+0800][15.841s][info][gc,start    ] GC(554) Pause Young (Normal) (G1 Evacuation Pause)
[2026-06-17T10:02:19.344+0800][15.841s][info][gc,marking  ] GC(553) Concurrent Rebuild Remembered Sets and Scrub Regions 0.427ms
[2026-06-17T10:02:19.344+0800][15.841s][info][gc,task     ] GC(554) Using 2 workers of 18 for evacuation
[2026-06-17T10:02:19.345+0800][15.841s][info][gc,phases   ] GC(554)   Pre Evacuate Collection Set: 0.09ms
[2026-06-17T10:02:19.345+0800][15.841s][info][gc,phases   ] GC(554)   Merge Heap Roots: 0.05ms
[2026-06-17T10:02:19.345+0800][15.842s][info][gc,phases   ] GC(554)   Evacuate Collection Set: 0.14ms
[2026-06-17T10:02:19.345+0800][15.842s][info][gc,phases   ] GC(554)   Post Evacuate Collection Set: 0.13ms
[2026-06-17T10:02:19.345+0800][15.842s][info][gc,phases   ] GC(554)   Other: 0.30ms
[2026-06-17T10:02:19.345+0800][15.842s][info][gc,heap     ] GC(554) Eden regions: 3->0(9)
[2026-06-17T10:02:19.345+0800][15.842s][info][gc,heap     ] GC(554) Survivor regions: 1->1(1)
[2026-06-17T10:02:19.345+0800][15.842s][info][gc,heap     ] GC(554) Old regions: 29->30
[2026-06-17T10:02:19.345+0800][15.842s][info][gc,heap     ] GC(554) Humongous regions: 15->15
[2026-06-17T10:02:19.345+0800][15.842s][info][gc,metaspace] GC(554) Metaspace: 112K(320K)->112K(320K) NonClass: 105K(192K)->105K(192K) Class: 7K(128K)->7K(128K)
[2026-06-17T10:02:19.345+0800][15.842s][info][gc          ] GC(554) Pause Young (Normal) (G1 Evacuation Pause) 47M->45M(64M) 1.742ms
[2026-06-17T10:02:19.346+0800][15.842s][info][gc,cpu      ] GC(554) User=0.00s Sys=0.00s Real=0.00s
[2026-06-17T10:02:19.346+0800][15.843s][info][gc,start    ] GC(553) Pause Cleanup
[2026-06-17T10:02:19.346+0800][15.843s][info][gc          ] GC(553) Pause Cleanup 45M->45M(64M) 0.231ms
[2026-06-17T10:02:19.346+0800][15.843s][info][gc,cpu      ] GC(553) User=0.00s Sys=0.00s Real=0.00s
[2026-06-17T10:02:19.346+0800][15.843s][info][gc,marking  ] GC(553) Concurrent Clear Claimed Marks
[2026-06-17T10:02:19.346+0800][15.843s][info][gc,marking  ] GC(553) Concurrent Clear Claimed Marks 0.130ms
[2026-06-17T10:02:19.347+0800][15.843s][info][gc,marking  ] GC(553) Concurrent Cleanup for Next Mark
[2026-06-17T10:02:19.347+0800][15.844s][info][gc,marking  ] GC(553) Concurrent Cleanup for Next Mark 0.352ms
[2026-06-17T10:02:19.347+0800][15.844s][info][gc          ] GC(553) Concurrent Mark Cycle 13.820ms
[2026-06-17T10:02:19.367+0800][15.864s][info][gc,start    ] GC(555) Pause Young (Prepare Mixed) (G1 Evacuation Pause)
[2026-06-17T10:02:19.368+0800][15.865s][info][gc,task     ] GC(555) Using 2 workers of 18 for evacuation
[2026-06-17T10:02:19.369+0800][15.865s][info][gc,phases   ] GC(555)   Pre Evacuate Collection Set: 0.09ms
[2026-06-17T10:02:19.369+0800][15.866s][info][gc,phases   ] GC(555)   Merge Heap Roots: 0.04ms
[2026-06-17T10:02:19.369+0800][15.866s][info][gc,phases   ] GC(555)   Evacuate Collection Set: 0.26ms
[2026-06-17T10:02:19.369+0800][15.866s][info][gc,phases   ] GC(555)   Post Evacuate Collection Set: 0.17ms
[2026-06-17T10:02:19.369+0800][15.866s][info][gc,phases   ] GC(555)   Other: 0.28ms
[2026-06-17T10:02:19.369+0800][15.866s][info][gc,heap     ] GC(555) Eden regions: 9->0(6)
[2026-06-17T10:02:19.369+0800][15.866s][info][gc,heap     ] GC(555) Survivor regions: 1->2(2)
[2026-06-17T10:02:19.370+0800][15.866s][info][gc,heap     ] GC(555) Old regions: 30->32
[2026-06-17T10:02:19.370+0800][15.867s][info][gc,heap     ] GC(555) Humongous regions: 15->15
[2026-06-17T10:02:19.370+0800][15.867s][info][gc,metaspace] GC(555) Metaspace: 112K(320K)->112K(320K) NonClass: 105K(192K)->105K(192K) Class: 7K(128K)->7K(128K)
[2026-06-17T10:02:19.370+0800][15.867s][info][gc          ] GC(555) Pause Young (Prepare Mixed) (G1 Evacuation Pause) 54M->48M(64M) 2.560ms
[2026-06-17T10:02:19.370+0800][15.867s][info][gc,cpu      ] GC(555) User=0.00s Sys=0.00s Real=0.00s
[2026-06-17T10:02:19.391+0800][15.888s][info][gc,start    ] GC(556) Pause Young (Mixed) (G1 Evacuation Pause)
[2026-06-17T10:02:19.392+0800][15.889s][info][gc,task     ] GC(556) Using 2 workers of 18 for evacuation
[2026-06-17T10:02:19.393+0800][15.890s][info][gc,phases   ] GC(556)   Pre Evacuate Collection Set: 0.16ms
[2026-06-17T10:02:19.393+0800][15.890s][info][gc,phases   ] GC(556)   Merge Heap Roots: 0.05ms
[2026-06-17T10:02:19.393+0800][15.890s][info][gc,phases   ] GC(556)   Evacuate Collection Set: 0.34ms
[2026-06-17T10:02:19.393+0800][15.890s][info][gc,phases   ] GC(556)   Post Evacuate Collection Set: 0.21ms
[2026-06-17T10:02:19.394+0800][15.891s][info][gc,phases   ] GC(556)   Other: 0.35ms
[2026-06-17T10:02:19.394+0800][15.891s][info][gc,heap     ] GC(556) Eden regions: 6->0(11)
[2026-06-17T10:02:19.394+0800][15.891s][info][gc,heap     ] GC(556) Survivor regions: 2->1(1)
[2026-06-17T10:02:19.395+0800][15.892s][info][gc,heap     ] GC(556) Old regions: 32->28
[2026-06-17T10:02:19.395+0800][15.892s][info][gc,heap     ] GC(556) Humongous regions: 15->15
[2026-06-17T10:02:19.395+0800][15.892s][info][gc,metaspace] GC(556) Metaspace: 112K(320K)->112K(320K) NonClass: 105K(192K)->105K(192K) Class: 7K(128K)->7K(128K)
[2026-06-17T10:02:19.395+0800][15.892s][info][gc          ] GC(556) Pause Young (Mixed) (G1 Evacuation Pause) 54M->43M(64M) 4.038ms
[2026-06-17T10:02:19.395+0800][15.892s][info][gc,cpu      ] GC(556) User=0.00s Sys=0.00s Real=0.00s
[2026-06-17T10:02:19.417+0800][15.914s][info][gc,start    ] GC(557) Pause Young (Mixed) (G1 Evacuation Pause)
[2026-06-17T10:02:19.417+0800][15.914s][info][gc,task     ] GC(557) Using 2 workers of 18 for evacuation
[2026-06-17T10:02:19.418+0800][15.915s][info][gc,phases   ] GC(557)   Pre Evacuate Collection Set: 0.13ms
[2026-06-17T10:02:19.419+0800][15.916s][info][gc,phases   ] GC(557)   Merge Heap Roots: 0.03ms
[2026-06-17T10:02:19.419+0800][15.916s][info][gc,phases   ] GC(557)   Evacuate Collection Set: 0.59ms
[2026-06-17T10:02:19.419+0800][15.916s][info][gc,phases   ] GC(557)   Post Evacuate Collection Set: 0.28ms
[2026-06-17T10:02:19.419+0800][15.916s][info][gc,phases   ] GC(557)   Other: 0.22ms
[2026-06-17T10:02:19.419+0800][15.916s][info][gc,heap     ] GC(557) Eden regions: 11->0(8)
[2026-06-17T10:02:19.420+0800][15.917s][info][gc,heap     ] GC(557) Survivor regions: 1->2(2)
[2026-06-17T10:02:19.420+0800][15.917s][info][gc,heap     ] GC(557) Old regions: 28->29
[2026-06-17T10:02:19.420+0800][15.917s][info][gc,heap     ] GC(557) Humongous regions: 15->15
[2026-06-17T10:02:19.420+0800][15.917s][info][gc,metaspace] GC(557) Metaspace: 112K(320K)->112K(320K) NonClass: 105K(192K)->105K(192K) Class: 7K(128K)->7K(128K)
[2026-06-17T10:02:19.420+0800][15.917s][info][gc          ] GC(557) Pause Young (Mixed) (G1 Evacuation Pause) 54M->45M(64M) 3.567ms
[2026-06-17T10:02:19.420+0800][15.917s][info][gc,cpu      ] GC(557) User=0.00s Sys=0.01s Real=0.00s
[2026-06-17T10:02:19.442+0800][15.939s][info][gc,start    ] GC(558) Pause Young (Normal) (G1 Evacuation Pause)
[2026-06-17T10:02:19.442+0800][15.939s][info][gc,task     ] GC(558) Using 2 workers of 18 for evacuation
[2026-06-17T10:02:19.444+0800][15.940s][info][gc,phases   ] GC(558)   Pre Evacuate Collection Set: 0.11ms
[2026-06-17T10:02:19.444+0800][15.941s][info][gc,phases   ] GC(558)   Merge Heap Roots: 0.07ms
[2026-06-17T10:02:19.444+0800][15.941s][info][gc,phases   ] GC(558)   Evacuate Collection Set: 0.57ms
[2026-06-17T10:02:19.444+0800][15.941s][info][gc,phases   ] GC(558)   Post Evacuate Collection Set: 0.41ms
[2026-06-17T10:02:19.444+0800][15.941s][info][gc,phases   ] GC(558)   Other: 0.31ms
[2026-06-17T10:02:19.445+0800][15.941s][info][gc,heap     ] GC(558) Eden regions: 8->0(5)
[2026-06-17T10:02:19.445+0800][15.942s][info][gc,heap     ] GC(558) Survivor regions: 2->2(2)
[2026-06-17T10:02:19.445+0800][15.942s][info][gc,heap     ] GC(558) Old regions: 29->33
[2026-06-17T10:02:19.445+0800][15.942s][info][gc,heap     ] GC(558) Humongous regions: 15->15
[2026-06-17T10:02:19.445+0800][15.942s][info][gc,metaspace] GC(558) Metaspace: 112K(320K)->112K(320K) NonClass: 105K(192K)->105K(192K) Class: 7K(128K)->7K(128K)
[2026-06-17T10:02:19.445+0800][15.942s][info][gc          ] GC(558) Pause Young (Normal) (G1 Evacuation Pause) 53M->49M(64M) 3.320ms
[2026-06-17T10:02:19.445+0800][15.942s][info][gc,cpu      ] GC(558) User=0.00s Sys=0.00s Real=0.01s
[2026-06-17T10:02:19.446+0800][15.942s][info][gc,start    ] GC(559) Pause Young (Concurrent Start) (G1 Humongous Allocation)
[2026-06-17T10:02:19.446+0800][15.943s][info][gc,task     ] GC(559) Using 2 workers of 18 for evacuation
[2026-06-17T10:02:19.446+0800][15.943s][info][gc,phases   ] GC(559)   Pre Evacuate Collection Set: 0.12ms
[2026-06-17T10:02:19.446+0800][15.943s][info][gc,phases   ] GC(559)   Merge Heap Roots: 0.03ms
[2026-06-17T10:02:19.447+0800][15.943s][info][gc,phases   ] GC(559)   Evacuate Collection Set: 0.18ms
[2026-06-17T10:02:19.447+0800][15.943s][info][gc,phases   ] GC(559)   Post Evacuate Collection Set: 0.17ms
[2026-06-17T10:02:19.447+0800][15.944s][info][gc,phases   ] GC(559)   Other: 0.16ms
[2026-06-17T10:02:19.447+0800][15.944s][info][gc,heap     ] GC(559) Eden regions: 1->0(6)
[2026-06-17T10:02:19.447+0800][15.944s][info][gc,heap     ] GC(559) Survivor regions: 2->0(1)
[2026-06-17T10:02:19.447+0800][15.944s][info][gc,heap     ] GC(559) Old regions: 33->35
[2026-06-17T10:02:19.447+0800][15.944s][info][gc,heap     ] GC(559) Humongous regions: 15->15
[2026-06-17T10:02:19.447+0800][15.944s][info][gc,metaspace] GC(559) Metaspace: 112K(320K)->112K(320K) NonClass: 105K(192K)->105K(192K) Class: 7K(128K)->7K(128K)
[2026-06-17T10:02:19.447+0800][15.944s][info][gc          ] GC(559) Pause Young (Concurrent Start) (G1 Humongous Allocation) 50M->49M(64M) 1.638ms
[2026-06-17T10:02:19.447+0800][15.944s][info][gc,cpu      ] GC(559) User=0.00s Sys=0.00s Real=0.00s
[2026-06-17T10:02:19.447+0800][15.944s][info][gc          ] GC(560) Concurrent Mark Cycle
[2026-06-17T10:02:19.447+0800][15.944s][info][gc,marking  ] GC(560) Concurrent Scan Root Regions
[2026-06-17T10:02:19.448+0800][15.944s][info][gc,marking  ] GC(560) Concurrent Scan Root Regions 0.150ms
[2026-06-17T10:02:19.448+0800][15.945s][info][gc,marking  ] GC(560) Concurrent Mark
[2026-06-17T10:02:19.448+0800][15.945s][info][gc,marking  ] GC(560) Concurrent Mark From Roots
[2026-06-17T10:02:19.448+0800][15.945s][info][gc,task     ] GC(560) Using 5 workers of 5 for marking
[2026-06-17T10:02:19.449+0800][15.946s][info][gc,marking  ] GC(560) Concurrent Mark From Roots 1.367ms
[2026-06-17T10:02:19.450+0800][15.946s][info][gc,marking  ] GC(560) Concurrent Preclean
[2026-06-17T10:02:19.450+0800][15.947s][info][gc,marking  ] GC(560) Concurrent Preclean 0.251ms
[2026-06-17T10:02:19.450+0800][15.947s][info][gc,start    ] GC(560) Pause Remark
[2026-06-17T10:02:19.451+0800][15.948s][info][gc          ] GC(560) Pause Remark 51M->44M(64M) 0.513ms
[2026-06-17T10:02:19.451+0800][15.948s][info][gc,cpu      ] GC(560) User=0.00s Sys=0.00s Real=0.01s
[2026-06-17T10:02:19.451+0800][15.948s][info][gc,marking  ] GC(560) Concurrent Mark 3.256ms
[2026-06-17T10:02:19.451+0800][15.948s][info][gc,marking  ] GC(560) Concurrent Rebuild Remembered Sets and Scrub Regions
[2026-06-17T10:02:19.452+0800][15.948s][info][gc,marking  ] GC(560) Concurrent Rebuild Remembered Sets and Scrub Regions 0.487ms
[2026-06-17T10:02:19.452+0800][15.949s][info][gc,start    ] GC(560) Pause Cleanup
[2026-06-17T10:02:19.452+0800][15.949s][info][gc          ] GC(560) Pause Cleanup 44M->44M(64M) 0.206ms
[2026-06-17T10:02:19.452+0800][15.949s][info][gc,cpu      ] GC(560) User=0.00s Sys=0.00s Real=0.00s
[2026-06-17T10:02:19.452+0800][15.949s][info][gc,marking  ] GC(560) Concurrent Clear Claimed Marks
[2026-06-17T10:02:19.452+0800][15.949s][info][gc,marking  ] GC(560) Concurrent Clear Claimed Marks 0.079ms
[2026-06-17T10:02:19.452+0800][15.949s][info][gc,marking  ] GC(560) Concurrent Cleanup for Next Mark
[2026-06-17T10:02:19.452+0800][15.949s][info][gc,marking  ] GC(560) Concurrent Cleanup for Next Mark 0.167ms
[2026-06-17T10:02:19.453+0800][15.949s][info][gc          ] GC(560) Concurrent Mark Cycle 5.289ms
[2026-06-17T10:02:19.468+0800][15.965s][info][gc,start    ] GC(561) Pause Young (Prepare Mixed) (G1 Evacuation Pause)
[2026-06-17T10:02:19.469+0800][15.965s][info][gc,task     ] GC(561) Using 2 workers of 18 for evacuation
[2026-06-17T10:02:19.469+0800][15.966s][info][gc,phases   ] GC(561)   Pre Evacuate Collection Set: 0.14ms
[2026-06-17T10:02:19.470+0800][15.966s][info][gc,phases   ] GC(561)   Merge Heap Roots: 0.06ms
[2026-06-17T10:02:19.470+0800][15.967s][info][gc,phases   ] GC(561)   Evacuate Collection Set: 0.22ms
[2026-06-17T10:02:19.470+0800][15.967s][info][gc,phases   ] GC(561)   Post Evacuate Collection Set: 0.23ms
[2026-06-17T10:02:19.470+0800][15.967s][info][gc,phases   ] GC(561)   Other: 0.18ms
[2026-06-17T10:02:19.470+0800][15.967s][info][gc,heap     ] GC(561) Eden regions: 6->0(8)
[2026-06-17T10:02:19.470+0800][15.967s][info][gc,heap     ] GC(561) Survivor regions: 0->1(1)
[2026-06-17T10:02:19.470+0800][15.967s][info][gc,heap     ] GC(561) Old regions: 28->29
[2026-06-17T10:02:19.470+0800][15.967s][info][gc,heap     ] GC(561) Humongous regions: 17->17
[2026-06-17T10:02:19.470+0800][15.967s][info][gc,metaspace] GC(561) Metaspace: 112K(320K)->112K(320K) NonClass: 105K(192K)->105K(192K) Class: 7K(128K)->7K(128K)
[2026-06-17T10:02:19.471+0800][15.967s][info][gc          ] GC(561) Pause Young (Prepare Mixed) (G1 Evacuation Pause) 50M->46M(64M) 2.386ms
[2026-06-17T10:02:19.471+0800][15.968s][info][gc,cpu      ] GC(561) User=0.00s Sys=0.01s Real=0.01s
[2026-06-17T10:02:19.492+0800][15.988s][info][gc,start    ] GC(562) Pause Young (Mixed) (G1 Evacuation Pause)
[2026-06-17T10:02:19.492+0800][15.989s][info][gc,task     ] GC(562) Using 2 workers of 18 for evacuation
[2026-06-17T10:02:19.493+0800][15.990s][info][gc,phases   ] GC(562)   Pre Evacuate Collection Set: 0.17ms
[2026-06-17T10:02:19.493+0800][15.990s][info][gc,phases   ] GC(562)   Merge Heap Roots: 0.05ms
[2026-06-17T10:02:19.493+0800][15.990s][info][gc,phases   ] GC(562)   Evacuate Collection Set: 0.39ms
[2026-06-17T10:02:19.493+0800][15.990s][info][gc,phases   ] GC(562)   Post Evacuate Collection Set: 0.25ms
[2026-06-17T10:02:19.494+0800][15.990s][info][gc,phases   ] GC(562)   Other: 0.29ms
[2026-06-17T10:02:19.494+0800][15.991s][info][gc,heap     ] GC(562) Eden regions: 8->0(9)
[2026-06-17T10:02:19.494+0800][15.991s][info][gc,heap     ] GC(562) Survivor regions: 1->2(2)
[2026-06-17T10:02:19.494+0800][15.991s][info][gc,heap     ] GC(562) Old regions: 29->26
[2026-06-17T10:02:19.494+0800][15.991s][info][gc,heap     ] GC(562) Humongous regions: 17->17
[2026-06-17T10:02:19.494+0800][15.991s][info][gc,metaspace] GC(562) Metaspace: 112K(320K)->112K(320K) NonClass: 105K(192K)->105K(192K) Class: 7K(128K)->7K(128K)
[2026-06-17T10:02:19.494+0800][15.991s][info][gc          ] GC(562) Pause Young (Mixed) (G1 Evacuation Pause) 54M->44M(64M) 2.691ms
[2026-06-17T10:02:19.494+0800][15.991s][info][gc,cpu      ] GC(562) User=0.00s Sys=0.00s Real=0.00s
[2026-06-17T10:02:19.515+0800][16.012s][info][gc,start    ] GC(563) Pause Young (Mixed) (G1 Evacuation Pause)
[2026-06-17T10:02:19.516+0800][16.013s][info][gc,task     ] GC(563) Using 2 workers of 18 for evacuation
[2026-06-17T10:02:19.518+0800][16.015s][info][gc,phases   ] GC(563)   Pre Evacuate Collection Set: 0.20ms
[2026-06-17T10:02:19.518+0800][16.015s][info][gc,phases   ] GC(563)   Merge Heap Roots: 0.06ms
[2026-06-17T10:02:19.518+0800][16.015s][info][gc,phases   ] GC(563)   Evacuate Collection Set: 0.56ms
[2026-06-17T10:02:19.519+0800][16.016s][info][gc,phases   ] GC(563)   Post Evacuate Collection Set: 0.21ms
[2026-06-17T10:02:19.519+0800][16.016s][info][gc,phases   ] GC(563)   Other: 0.82ms
[2026-06-17T10:02:19.519+0800][16.016s][info][gc,heap     ] GC(563) Eden regions: 9->0(10)
[2026-06-17T10:02:19.519+0800][16.016s][info][gc,heap     ] GC(563) Survivor regions: 2->2(2)
[2026-06-17T10:02:19.519+0800][16.016s][info][gc,heap     ] GC(563) Old regions: 26->25
[2026-06-17T10:02:19.520+0800][16.016s][info][gc,heap     ] GC(563) Humongous regions: 17->17
[2026-06-17T10:02:19.520+0800][16.017s][info][gc,metaspace] GC(563) Metaspace: 112K(320K)->112K(320K) NonClass: 105K(192K)->105K(192K) Class: 7K(128K)->7K(128K)
[2026-06-17T10:02:19.520+0800][16.017s][info][gc          ] GC(563) Pause Young (Mixed) (G1 Evacuation Pause) 53M->43M(64M) 4.541ms
[2026-06-17T10:02:19.520+0800][16.017s][info][gc,cpu      ] GC(563) User=0.00s Sys=0.00s Real=0.00s
[2026-06-17T10:02:19.541+0800][16.038s][info][gc,start    ] GC(564) Pause Young (Mixed) (G1 Evacuation Pause)
[2026-06-17T10:02:19.542+0800][16.039s][info][gc,task     ] GC(564) Using 2 workers of 18 for evacuation
[2026-06-17T10:02:19.543+0800][16.040s][info][gc,phases   ] GC(564)   Pre Evacuate Collection Set: 0.15ms
[2026-06-17T10:02:19.543+0800][16.040s][info][gc,phases   ] GC(564)   Merge Heap Roots: 0.05ms
[2026-06-17T10:02:19.543+0800][16.040s][info][gc,phases   ] GC(564)   Evacuate Collection Set: 0.44ms
[2026-06-17T10:02:19.544+0800][16.040s][info][gc,phases   ] GC(564)   Post Evacuate Collection Set: 0.39ms
[2026-06-17T10:02:19.544+0800][16.040s][info][gc,phases   ] GC(564)   Other: 0.25ms
[2026-06-17T10:02:19.544+0800][16.041s][info][gc,heap     ] GC(564) Eden regions: 10->0(12)
[2026-06-17T10:02:19.544+0800][16.041s][info][gc,heap     ] GC(564) Survivor regions: 2->1(2)
[2026-06-17T10:02:19.544+0800][16.041s][info][gc,heap     ] GC(564) Old regions: 25->25
[2026-06-17T10:02:19.544+0800][16.041s][info][gc,heap     ] GC(564) Humongous regions: 17->17
[2026-06-17T10:02:19.544+0800][16.041s][info][gc,metaspace] GC(564) Metaspace: 112K(320K)->112K(320K) NonClass: 105K(192K)->105K(192K) Class: 7K(128K)->7K(128K)
[2026-06-17T10:02:19.544+0800][16.041s][info][gc          ] GC(564) Pause Young (Mixed) (G1 Evacuation Pause) 53M->42M(64M) 2.890ms
[2026-06-17T10:02:19.544+0800][16.041s][info][gc,cpu      ] GC(564) User=0.00s Sys=0.00s Real=0.01s
[2026-06-17T10:02:19.576+0800][16.073s][info][gc,start    ] GC(565) Pause Young (Normal) (G1 Evacuation Pause)
[2026-06-17T10:02:19.579+0800][16.075s][info][gc,task     ] GC(565) Using 2 workers of 18 for evacuation
[2026-06-17T10:02:19.581+0800][16.078s][info][gc,phases   ] GC(565)   Pre Evacuate Collection Set: 0.14ms
[2026-06-17T10:02:19.583+0800][16.080s][info][gc,phases   ] GC(565)   Merge Heap Roots: 0.06ms
[2026-06-17T10:02:19.583+0800][16.080s][info][gc,phases   ] GC(565)   Evacuate Collection Set: 0.33ms
[2026-06-17T10:02:19.584+0800][16.080s][info][gc,phases   ] GC(565)   Post Evacuate Collection Set: 0.24ms
[2026-06-17T10:02:19.584+0800][16.081s][info][gc,phases   ] GC(565)   Other: 2.10ms
[2026-06-17T10:02:19.586+0800][16.082s][info][gc,heap     ] GC(565) Eden regions: 12->0(10)
[2026-06-17T10:02:19.587+0800][16.084s][info][gc,heap     ] GC(565) Survivor regions: 1->2(2)
[2026-06-17T10:02:19.587+0800][16.084s][info][gc,heap     ] GC(565) Old regions: 25->26
[2026-06-17T10:02:19.588+0800][16.085s][info][gc,heap     ] GC(565) Humongous regions: 17->17
[2026-06-17T10:02:19.588+0800][16.085s][info][gc,metaspace] GC(565) Metaspace: 112K(320K)->112K(320K) NonClass: 105K(192K)->105K(192K) Class: 7K(128K)->7K(128K)
[2026-06-17T10:02:19.588+0800][16.085s][info][gc          ] GC(565) Pause Young (Normal) (G1 Evacuation Pause) 54M->44M(64M) 11.684ms
[2026-06-17T10:02:19.588+0800][16.085s][info][gc,cpu      ] GC(565) User=0.00s Sys=0.00s Real=0.01s
[2026-06-17T10:02:19.620+0800][16.117s][info][gc,start    ] GC(566) Pause Young (Normal) (G1 Evacuation Pause)
[2026-06-17T10:02:19.622+0800][16.119s][info][gc,task     ] GC(566) Using 2 workers of 18 for evacuation
[2026-06-17T10:02:19.626+0800][16.123s][info][gc,phases   ] GC(566)   Pre Evacuate Collection Set: 0.16ms
[2026-06-17T10:02:19.627+0800][16.124s][info][gc,phases   ] GC(566)   Merge Heap Roots: 0.14ms
[2026-06-17T10:02:19.629+0800][16.126s][info][gc,phases   ] GC(566)   Evacuate Collection Set: 0.73ms
[2026-06-17T10:02:19.631+0800][16.128s][info][gc,phases   ] GC(566)   Post Evacuate Collection Set: 0.54ms
[2026-06-17T10:02:19.632+0800][16.129s][info][gc,phases   ] GC(566)   Other: 2.02ms
[2026-06-17T10:02:19.633+0800][16.130s][info][gc,heap     ] GC(566) Eden regions: 10->0(7)
[2026-06-17T10:02:19.633+0800][16.130s][info][gc,heap     ] GC(566) Survivor regions: 2->2(2)
[2026-06-17T10:02:19.633+0800][16.130s][info][gc,heap     ] GC(566) Old regions: 26->30
[2026-06-17T10:02:19.634+0800][16.131s][info][gc,heap     ] GC(566) Humongous regions: 17->17
[2026-06-17T10:02:19.634+0800][16.131s][info][gc,metaspace] GC(566) Metaspace: 112K(320K)->112K(320K) NonClass: 105K(192K)->105K(192K) Class: 7K(128K)->7K(128K)
[2026-06-17T10:02:19.634+0800][16.131s][info][gc          ] GC(566) Pause Young (Normal) (G1 Evacuation Pause) 54M->48M(64M) 14.117ms
[2026-06-17T10:02:19.634+0800][16.131s][info][gc,cpu      ] GC(566) User=0.00s Sys=0.00s Real=0.02s
[2026-06-17T10:02:19.656+0800][16.152s][info][gc,start    ] GC(567) Pause Young (Concurrent Start) (G1 Evacuation Pause)
[2026-06-17T10:02:19.656+0800][16.153s][info][gc,task     ] GC(567) Using 2 workers of 18 for evacuation
[2026-06-17T10:02:19.657+0800][16.154s][info][gc,phases   ] GC(567)   Pre Evacuate Collection Set: 0.24ms
[2026-06-17T10:02:19.657+0800][16.154s][info][gc,phases   ] GC(567)   Merge Heap Roots: 0.07ms
[2026-06-17T10:02:19.657+0800][16.154s][info][gc,phases   ] GC(567)   Evacuate Collection Set: 0.29ms
[2026-06-17T10:02:19.658+0800][16.155s][info][gc,phases   ] GC(567)   Post Evacuate Collection Set: 0.24ms
[2026-06-17T10:02:19.658+0800][16.155s][info][gc,phases   ] GC(567)   Other: 0.32ms
[2026-06-17T10:02:19.658+0800][16.155s][info][gc,heap     ] GC(567) Eden regions: 7->0(6)
[2026-06-17T10:02:19.658+0800][16.155s][info][gc,heap     ] GC(567) Survivor regions: 2->2(2)
[2026-06-17T10:02:19.658+0800][16.155s][info][gc,heap     ] GC(567) Old regions: 30->31
[2026-06-17T10:02:19.658+0800][16.155s][info][gc,heap     ] GC(567) Humongous regions: 17->17
[2026-06-17T10:02:19.659+0800][16.155s][info][gc,metaspace] GC(567) Metaspace: 112K(320K)->112K(320K) NonClass: 105K(192K)->105K(192K) Class: 7K(128K)->7K(128K)
[2026-06-17T10:02:19.659+0800][16.156s][info][gc          ] GC(567) Pause Young (Concurrent Start) (G1 Evacuation Pause) 55M->49M(64M) 3.202ms
[2026-06-17T10:02:19.659+0800][16.156s][info][gc,cpu      ] GC(567) User=0.01s Sys=0.00s Real=0.00s
[2026-06-17T10:02:19.659+0800][16.156s][info][gc          ] GC(568) Concurrent Mark Cycle
[2026-06-17T10:02:19.659+0800][16.156s][info][gc,marking  ] GC(568) Concurrent Scan Root Regions
[2026-06-17T10:02:19.660+0800][16.156s][info][gc,marking  ] GC(568) Concurrent Scan Root Regions 0.285ms
[2026-06-17T10:02:19.660+0800][16.157s][info][gc,marking  ] GC(568) Concurrent Mark
[2026-06-17T10:02:19.660+0800][16.157s][info][gc,marking  ] GC(568) Concurrent Mark From Roots
[2026-06-17T10:02:19.660+0800][16.157s][info][gc,task     ] GC(568) Using 5 workers of 5 for marking
[2026-06-17T10:02:19.662+0800][16.158s][info][gc,marking  ] GC(568) Concurrent Mark From Roots 1.800ms
[2026-06-17T10:02:19.662+0800][16.159s][info][gc,marking  ] GC(568) Concurrent Preclean
[2026-06-17T10:02:19.662+0800][16.159s][info][gc,marking  ] GC(568) Concurrent Preclean 0.167ms
[2026-06-17T10:02:19.662+0800][16.159s][info][gc,start    ] GC(568) Pause Remark
[2026-06-17T10:02:19.663+0800][16.159s][info][gc          ] GC(568) Pause Remark 52M->45M(64M) 0.477ms
[2026-06-17T10:02:19.663+0800][16.160s][info][gc,cpu      ] GC(568) User=0.00s Sys=0.00s Real=0.01s
[2026-06-17T10:02:19.663+0800][16.160s][info][gc,marking  ] GC(568) Concurrent Mark 3.198ms
[2026-06-17T10:02:19.663+0800][16.160s][info][gc,marking  ] GC(568) Concurrent Rebuild Remembered Sets and Scrub Regions
[2026-06-17T10:02:19.663+0800][16.160s][info][gc,marking  ] GC(568) Concurrent Rebuild Remembered Sets and Scrub Regions 0.501ms
[2026-06-17T10:02:19.664+0800][16.161s][info][gc,start    ] GC(568) Pause Cleanup
[2026-06-17T10:02:19.664+0800][16.161s][info][gc          ] GC(568) Pause Cleanup 45M->45M(64M) 0.135ms
[2026-06-17T10:02:19.664+0800][16.161s][info][gc,cpu      ] GC(568) User=0.00s Sys=0.00s Real=0.00s
[2026-06-17T10:02:19.664+0800][16.161s][info][gc,marking  ] GC(568) Concurrent Clear Claimed Marks
[2026-06-17T10:02:19.664+0800][16.161s][info][gc,marking  ] GC(568) Concurrent Clear Claimed Marks 0.070ms
[2026-06-17T10:02:19.664+0800][16.161s][info][gc,marking  ] GC(568) Concurrent Cleanup for Next Mark
[2026-06-17T10:02:19.664+0800][16.161s][info][gc,marking  ] GC(568) Concurrent Cleanup for Next Mark 0.180ms
[2026-06-17T10:02:19.664+0800][16.161s][info][gc          ] GC(568) Concurrent Mark Cycle 5.479ms
[2026-06-17T10:02:19.670+0800][16.167s][info][gc,start    ] GC(569) Pause Young (Prepare Mixed) (G1 Evacuation Pause)
[2026-06-17T10:02:19.670+0800][16.167s][info][gc,task     ] GC(569) Using 2 workers of 18 for evacuation
[2026-06-17T10:02:19.670+0800][16.167s][info][gc,phases   ] GC(569)   Pre Evacuate Collection Set: 0.09ms
[2026-06-17T10:02:19.671+0800][16.167s][info][gc,phases   ] GC(569)   Merge Heap Roots: 0.05ms
[2026-06-17T10:02:19.671+0800][16.168s][info][gc,phases   ] GC(569)   Evacuate Collection Set: 0.13ms
[2026-06-17T10:02:19.671+0800][16.168s][info][gc,phases   ] GC(569)   Post Evacuate Collection Set: 0.14ms
[2026-06-17T10:02:19.671+0800][16.168s][info][gc,phases   ] GC(569)   Other: 0.13ms
[2026-06-17T10:02:19.671+0800][16.168s][info][gc,heap     ] GC(569) Eden regions: 6->0(12)
[2026-06-17T10:02:19.671+0800][16.168s][info][gc,heap     ] GC(569) Survivor regions: 2->1(1)
[2026-06-17T10:02:19.671+0800][16.168s][info][gc,heap     ] GC(569) Old regions: 24->25
[2026-06-17T10:02:19.671+0800][16.168s][info][gc,heap     ] GC(569) Humongous regions: 17->17
[2026-06-17T10:02:19.671+0800][16.168s][info][gc,metaspace] GC(569) Metaspace: 112K(320K)->112K(320K) NonClass: 105K(192K)->105K(192K) Class: 7K(128K)->7K(128K)
[2026-06-17T10:02:19.672+0800][16.168s][info][gc          ] GC(569) Pause Young (Prepare Mixed) (G1 Evacuation Pause) 48M->41M(64M) 1.850ms
[2026-06-17T10:02:19.672+0800][16.168s][info][gc,cpu      ] GC(569) User=0.00s Sys=0.00s Real=0.01s
[2026-06-17T10:02:19.703+0800][16.200s][info][gc,start    ] GC(570) Pause Young (Mixed) (G1 Evacuation Pause)
[2026-06-17T10:02:19.705+0800][16.202s][info][gc,task     ] GC(570) Using 2 workers of 18 for evacuation
[2026-06-17T10:02:19.707+0800][16.204s][info][gc,phases   ] GC(570)   Pre Evacuate Collection Set: 0.11ms
[2026-06-17T10:02:19.708+0800][16.205s][info][gc,phases   ] GC(570)   Merge Heap Roots: 0.05ms
[2026-06-17T10:02:19.710+0800][16.207s][info][gc,phases   ] GC(570)   Evacuate Collection Set: 0.49ms
[2026-06-17T10:02:19.711+0800][16.208s][info][gc,phases   ] GC(570)   Post Evacuate Collection Set: 0.18ms
[2026-06-17T10:02:19.711+0800][16.208s][info][gc,phases   ] GC(570)   Other: 1.30ms
[2026-06-17T10:02:19.714+0800][16.210s][info][gc,heap     ] GC(570) Eden regions: 12->0(11)
[2026-06-17T10:02:19.716+0800][16.213s][info][gc,heap     ] GC(570) Survivor regions: 1->2(2)
[2026-06-17T10:02:19.717+0800][16.214s][info][gc,heap     ] GC(570) Old regions: 25->23
[2026-06-17T10:02:19.718+0800][16.215s][info][gc,heap     ] GC(570) Humongous regions: 18->18
[2026-06-17T10:02:19.720+0800][16.217s][info][gc,metaspace] GC(570) Metaspace: 112K(320K)->112K(320K) NonClass: 105K(192K)->105K(192K) Class: 7K(128K)->7K(128K)
[2026-06-17T10:02:19.723+0800][16.220s][info][gc          ] GC(570) Pause Young (Mixed) (G1 Evacuation Pause) 54M->42M(64M) 19.746ms
[2026-06-17T10:02:19.724+0800][16.221s][info][gc,cpu      ] GC(570) User=0.00s Sys=0.00s Real=0.02s
[2026-06-17T10:02:19.758+0800][16.255s][info][gc,start    ] GC(571) Pause Young (Mixed) (G1 Evacuation Pause)
[2026-06-17T10:02:19.759+0800][16.256s][info][gc,task     ] GC(571) Using 2 workers of 18 for evacuation
[2026-06-17T10:02:19.761+0800][16.258s][info][gc,phases   ] GC(571)   Pre Evacuate Collection Set: 0.23ms
[2026-06-17T10:02:19.761+0800][16.258s][info][gc,phases   ] GC(571)   Merge Heap Roots: 0.10ms
[2026-06-17T10:02:19.761+0800][16.258s][info][gc,phases   ] GC(571)   Evacuate Collection Set: 0.63ms
[2026-06-17T10:02:19.762+0800][16.259s][info][gc,phases   ] GC(571)   Post Evacuate Collection Set: 0.31ms
[2026-06-17T10:02:19.762+0800][16.259s][info][gc,phases   ] GC(571)   Other: 0.55ms
[2026-06-17T10:02:19.762+0800][16.259s][info][gc,heap     ] GC(571) Eden regions: 11->0(11)
[2026-06-17T10:02:19.763+0800][16.259s][info][gc,heap     ] GC(571) Survivor regions: 2->2(2)
[2026-06-17T10:02:19.763+0800][16.260s][info][gc,heap     ] GC(571) Old regions: 23->22
[2026-06-17T10:02:19.763+0800][16.260s][info][gc,heap     ] GC(571) Humongous regions: 18->18
[2026-06-17T10:02:19.763+0800][16.260s][info][gc,metaspace] GC(571) Metaspace: 112K(320K)->112K(320K) NonClass: 105K(192K)->105K(192K) Class: 7K(128K)->7K(128K)
[2026-06-17T10:02:19.763+0800][16.260s][info][gc          ] GC(571) Pause Young (Mixed) (G1 Evacuation Pause) 53M->41M(64M) 4.945ms
[2026-06-17T10:02:19.763+0800][16.260s][info][gc,cpu      ] GC(571) User=0.01s Sys=0.00s Real=0.01s
[2026-06-17T10:02:19.795+0800][16.292s][info][gc,start    ] GC(572) Pause Young (Concurrent Start) (G1 Evacuation Pause)
[2026-06-17T10:02:19.796+0800][16.293s][info][gc,task     ] GC(572) Using 2 workers of 18 for evacuation
[2026-06-17T10:02:19.797+0800][16.294s][info][gc,phases   ] GC(572)   Pre Evacuate Collection Set: 0.22ms
[2026-06-17T10:02:19.798+0800][16.294s][info][gc,phases   ] GC(572)   Merge Heap Roots: 0.13ms
[2026-06-17T10:02:19.798+0800][16.295s][info][gc,phases   ] GC(572)   Evacuate Collection Set: 0.40ms
[2026-06-17T10:02:19.798+0800][16.295s][info][gc,phases   ] GC(572)   Post Evacuate Collection Set: 0.35ms
[2026-06-17T10:02:19.798+0800][16.295s][info][gc,phases   ] GC(572)   Other: 0.53ms
[2026-06-17T10:02:19.799+0800][16.296s][info][gc,heap     ] GC(572) Eden regions: 11->0(10)
[2026-06-17T10:02:19.799+0800][16.296s][info][gc,heap     ] GC(572) Survivor regions: 2->2(2)
[2026-06-17T10:02:19.799+0800][16.296s][info][gc,heap     ] GC(572) Old regions: 22->24
[2026-06-17T10:02:19.799+0800][16.296s][info][gc,heap     ] GC(572) Humongous regions: 18->18
[2026-06-17T10:02:19.799+0800][16.296s][info][gc,metaspace] GC(572) Metaspace: 112K(320K)->112K(320K) NonClass: 105K(192K)->105K(192K) Class: 7K(128K)->7K(128K)
[2026-06-17T10:02:19.799+0800][16.296s][info][gc          ] GC(572) Pause Young (Concurrent Start) (G1 Evacuation Pause) 52M->43M(64M) 4.349ms
[2026-06-17T10:02:19.800+0800][16.296s][info][gc,cpu      ] GC(572) User=0.00s Sys=0.00s Real=0.00s
[2026-06-17T10:02:19.800+0800][16.296s][info][gc          ] GC(573) Concurrent Mark Cycle
[2026-06-17T10:02:19.800+0800][16.297s][info][gc,marking  ] GC(573) Concurrent Scan Root Regions
[2026-06-17T10:02:19.800+0800][16.297s][info][gc,marking  ] GC(573) Concurrent Scan Root Regions 0.166ms
[2026-06-17T10:02:19.800+0800][16.297s][info][gc,marking  ] GC(573) Concurrent Mark
[2026-06-17T10:02:19.800+0800][16.297s][info][gc,marking  ] GC(573) Concurrent Mark From Roots
[2026-06-17T10:02:19.801+0800][16.298s][info][gc,task     ] GC(573) Using 5 workers of 5 for marking
[2026-06-17T10:02:19.802+0800][16.299s][info][gc,marking  ] GC(573) Concurrent Mark From Roots 1.917ms
[2026-06-17T10:02:19.802+0800][16.299s][info][gc,marking  ] GC(573) Concurrent Preclean
[2026-06-17T10:02:19.803+0800][16.299s][info][gc,marking  ] GC(573) Concurrent Preclean 0.215ms
[2026-06-17T10:02:19.803+0800][16.300s][info][gc,start    ] GC(573) Pause Remark
[2026-06-17T10:02:19.803+0800][16.300s][info][gc          ] GC(573) Pause Remark 48M->48M(64M) 0.468ms
[2026-06-17T10:02:19.803+0800][16.300s][info][gc,cpu      ] GC(573) User=0.01s Sys=0.00s Real=0.00s
[2026-06-17T10:02:19.803+0800][16.300s][info][gc,marking  ] GC(573) Concurrent Mark 3.339ms
[2026-06-17T10:02:19.804+0800][16.300s][info][gc,marking  ] GC(573) Concurrent Rebuild Remembered Sets and Scrub Regions
[2026-06-17T10:02:19.804+0800][16.301s][info][gc,marking  ] GC(573) Concurrent Rebuild Remembered Sets and Scrub Regions 0.462ms
[2026-06-17T10:02:19.804+0800][16.301s][info][gc,start    ] GC(573) Pause Cleanup
[2026-06-17T10:02:19.804+0800][16.301s][info][gc          ] GC(573) Pause Cleanup 48M->48M(64M) 0.124ms
[2026-06-17T10:02:19.804+0800][16.301s][info][gc,cpu      ] GC(573) User=0.00s Sys=0.00s Real=0.00s
[2026-06-17T10:02:19.804+0800][16.301s][info][gc,marking  ] GC(573) Concurrent Clear Claimed Marks
[2026-06-17T10:02:19.805+0800][16.301s][info][gc,marking  ] GC(573) Concurrent Clear Claimed Marks 0.071ms
[2026-06-17T10:02:19.805+0800][16.301s][info][gc,marking  ] GC(573) Concurrent Cleanup for Next Mark
[2026-06-17T10:02:19.805+0800][16.302s][info][gc,marking  ] GC(573) Concurrent Cleanup for Next Mark 0.171ms
[2026-06-17T10:02:19.805+0800][16.302s][info][gc          ] GC(573) Concurrent Mark Cycle 5.233ms
[2026-06-17T10:02:19.821+0800][16.318s][info][gc,start    ] GC(574) Pause Young (Prepare Mixed) (G1 Evacuation Pause)
[2026-06-17T10:02:19.821+0800][16.318s][info][gc,task     ] GC(574) Using 2 workers of 18 for evacuation
[2026-06-17T10:02:19.822+0800][16.319s][info][gc,phases   ] GC(574)   Pre Evacuate Collection Set: 0.13ms
[2026-06-17T10:02:19.823+0800][16.319s][info][gc,phases   ] GC(574)   Merge Heap Roots: 0.09ms
[2026-06-17T10:02:19.823+0800][16.320s][info][gc,phases   ] GC(574)   Evacuate Collection Set: 0.40ms
[2026-06-17T10:02:19.823+0800][16.320s][info][gc,phases   ] GC(574)   Post Evacuate Collection Set: 0.24ms
[2026-06-17T10:02:19.823+0800][16.320s][info][gc,phases   ] GC(574)   Other: 0.25ms
[2026-06-17T10:02:19.823+0800][16.320s][info][gc,heap     ] GC(574) Eden regions: 10->0(7)
[2026-06-17T10:02:19.823+0800][16.320s][info][gc,heap     ] GC(574) Survivor regions: 2->2(2)
[2026-06-17T10:02:19.824+0800][16.320s][info][gc,heap     ] GC(574) Old regions: 24->28
[2026-06-17T10:02:19.824+0800][16.321s][info][gc,heap     ] GC(574) Humongous regions: 18->18
[2026-06-17T10:02:19.824+0800][16.321s][info][gc,metaspace] GC(574) Metaspace: 112K(320K)->112K(320K) NonClass: 105K(192K)->105K(192K) Class: 7K(128K)->7K(128K)
[2026-06-17T10:02:19.824+0800][16.321s][info][gc          ] GC(574) Pause Young (Prepare Mixed) (G1 Evacuation Pause) 53M->47M(64M) 3.171ms
[2026-06-17T10:02:19.824+0800][16.321s][info][gc,cpu      ] GC(574) User=0.00s Sys=0.00s Real=0.01s
[2026-06-17T10:02:19.835+0800][16.332s][info][gc,start    ] GC(575) Pause Young (Mixed) (G1 Evacuation Pause)
[2026-06-17T10:02:19.835+0800][16.332s][info][gc,task     ] GC(575) Using 2 workers of 18 for evacuation
[2026-06-17T10:02:19.837+0800][16.333s][info][gc,phases   ] GC(575)   Pre Evacuate Collection Set: 0.12ms
[2026-06-17T10:02:19.837+0800][16.334s][info][gc,phases   ] GC(575)   Merge Heap Roots: 0.05ms
[2026-06-17T10:02:19.837+0800][16.334s][info][gc,phases   ] GC(575)   Evacuate Collection Set: 0.46ms
[2026-06-17T10:02:19.837+0800][16.334s][info][gc,phases   ] GC(575)   Post Evacuate Collection Set: 0.22ms
[2026-06-17T10:02:19.838+0800][16.335s][info][gc,phases   ] GC(575)   Other: 0.29ms
[2026-06-17T10:02:19.838+0800][16.335s][info][gc,heap     ] GC(575) Eden regions: 7->0(10)
[2026-06-17T10:02:19.838+0800][16.335s][info][gc,heap     ] GC(575) Survivor regions: 2->1(2)
[2026-06-17T10:02:19.838+0800][16.335s][info][gc,heap     ] GC(575) Old regions: 28->25
[2026-06-17T10:02:19.838+0800][16.335s][info][gc,heap     ] GC(575) Humongous regions: 18->18
[2026-06-17T10:02:19.839+0800][16.335s][info][gc,metaspace] GC(575) Metaspace: 112K(320K)->112K(320K) NonClass: 105K(192K)->105K(192K) Class: 7K(128K)->7K(128K)
[2026-06-17T10:02:19.839+0800][16.336s][info][gc          ] GC(575) Pause Young (Mixed) (G1 Evacuation Pause) 53M->43M(64M) 3.564ms
[2026-06-17T10:02:19.839+0800][16.336s][info][gc,cpu      ] GC(575) User=0.00s Sys=0.00s Real=0.00s
[2026-06-17T10:02:19.871+0800][16.368s][info][gc,start    ] GC(576) Pause Young (Normal) (G1 Evacuation Pause)
[2026-06-17T10:02:19.871+0800][16.368s][info][gc,task     ] GC(576) Using 2 workers of 18 for evacuation
[2026-06-17T10:02:19.872+0800][16.369s][info][gc,phases   ] GC(576)   Pre Evacuate Collection Set: 0.17ms
[2026-06-17T10:02:19.873+0800][16.370s][info][gc,phases   ] GC(576)   Merge Heap Roots: 0.05ms
[2026-06-17T10:02:19.873+0800][16.370s][info][gc,phases   ] GC(576)   Evacuate Collection Set: 0.31ms
[2026-06-17T10:02:19.873+0800][16.370s][info][gc,phases   ] GC(576)   Post Evacuate Collection Set: 0.24ms
[2026-06-17T10:02:19.874+0800][16.370s][info][gc,phases   ] GC(576)   Other: 0.48ms
[2026-06-17T10:02:19.874+0800][16.371s][info][gc,heap     ] GC(576) Eden regions: 10->0(8)
[2026-06-17T10:02:19.874+0800][16.371s][info][gc,heap     ] GC(576) Survivor regions: 1->2(2)
[2026-06-17T10:02:19.874+0800][16.371s][info][gc,heap     ] GC(576) Old regions: 25->27
[2026-06-17T10:02:19.874+0800][16.371s][info][gc,heap     ] GC(576) Humongous regions: 18->18
[2026-06-17T10:02:19.874+0800][16.371s][info][gc,metaspace] GC(576) Metaspace: 112K(320K)->112K(320K) NonClass: 105K(192K)->105K(192K) Class: 7K(128K)->7K(128K)
[2026-06-17T10:02:19.874+0800][16.371s][info][gc          ] GC(576) Pause Young (Normal) (G1 Evacuation Pause) 53M->46M(64M) 3.785ms
[2026-06-17T10:02:19.875+0800][16.371s][info][gc,cpu      ] GC(576) User=0.00s Sys=0.00s Real=0.00s
[2026-06-17T10:02:19.896+0800][16.393s][info][gc,start    ] GC(577) Pause Young (Concurrent Start) (G1 Evacuation Pause)
[2026-06-17T10:02:19.896+0800][16.393s][info][gc,task     ] GC(577) Using 2 workers of 18 for evacuation
[2026-06-17T10:02:19.898+0800][16.394s][info][gc,phases   ] GC(577)   Pre Evacuate Collection Set: 0.16ms
[2026-06-17T10:02:19.898+0800][16.395s][info][gc,phases   ] GC(577)   Merge Heap Roots: 0.06ms
[2026-06-17T10:02:19.898+0800][16.395s][info][gc,phases   ] GC(577)   Evacuate Collection Set: 0.35ms
[2026-06-17T10:02:19.898+0800][16.395s][info][gc,phases   ] GC(577)   Post Evacuate Collection Set: 0.28ms
[2026-06-17T10:02:19.899+0800][16.396s][info][gc,phases   ] GC(577)   Other: 0.36ms
[2026-06-17T10:02:19.899+0800][16.396s][info][gc,heap     ] GC(577) Eden regions: 8->0(6)
[2026-06-17T10:02:19.899+0800][16.396s][info][gc,heap     ] GC(577) Survivor regions: 2->2(2)
[2026-06-17T10:02:19.900+0800][16.396s][info][gc,heap     ] GC(577) Old regions: 27->30
[2026-06-17T10:02:19.900+0800][16.397s][info][gc,heap     ] GC(577) Humongous regions: 18->18
[2026-06-17T10:02:19.900+0800][16.397s][info][gc,metaspace] GC(577) Metaspace: 112K(320K)->112K(320K) NonClass: 105K(192K)->105K(192K) Class: 7K(128K)->7K(128K)
[2026-06-17T10:02:19.900+0800][16.397s][info][gc          ] GC(577) Pause Young (Concurrent Start) (G1 Evacuation Pause) 54M->49M(64M) 4.309ms
[2026-06-17T10:02:19.900+0800][16.397s][info][gc,cpu      ] GC(577) User=0.00s Sys=0.00s Real=0.00s
[2026-06-17T10:02:19.900+0800][16.397s][info][gc          ] GC(578) Concurrent Mark Cycle
[2026-06-17T10:02:19.901+0800][16.398s][info][gc,marking  ] GC(578) Concurrent Scan Root Regions
[2026-06-17T10:02:19.901+0800][16.398s][info][gc,marking  ] GC(578) Concurrent Scan Root Regions 0.195ms
[2026-06-17T10:02:19.901+0800][16.398s][info][gc,marking  ] GC(578) Concurrent Mark
[2026-06-17T10:02:19.901+0800][16.398s][info][gc,marking  ] GC(578) Concurrent Mark From Roots
[2026-06-17T10:02:19.901+0800][16.398s][info][gc,task     ] GC(578) Using 5 workers of 5 for marking
[2026-06-17T10:02:19.902+0800][16.399s][info][gc,marking  ] GC(578) Concurrent Mark From Roots 1.331ms
[2026-06-17T10:02:19.902+0800][16.399s][info][gc,marking  ] GC(578) Concurrent Preclean
[2026-06-17T10:02:19.903+0800][16.399s][info][gc,marking  ] GC(578) Concurrent Preclean 0.091ms
[2026-06-17T10:02:19.903+0800][16.400s][info][gc,start    ] GC(578) Pause Remark
[2026-06-17T10:02:19.903+0800][16.400s][info][gc          ] GC(578) Pause Remark 52M->46M(64M) 0.358ms
[2026-06-17T10:02:19.903+0800][16.400s][info][gc,cpu      ] GC(578) User=0.00s Sys=0.00s Real=0.00s
[2026-06-17T10:02:19.904+0800][16.401s][info][gc,marking  ] GC(578) Concurrent Mark 2.943ms
[2026-06-17T10:02:19.904+0800][16.401s][info][gc,marking  ] GC(578) Concurrent Rebuild Remembered Sets and Scrub Regions
[2026-06-17T10:02:19.905+0800][16.401s][info][gc,marking  ] GC(578) Concurrent Rebuild Remembered Sets and Scrub Regions 0.541ms
[2026-06-17T10:02:19.905+0800][16.402s][info][gc,start    ] GC(578) Pause Cleanup
[2026-06-17T10:02:19.905+0800][16.402s][info][gc          ] GC(578) Pause Cleanup 46M->46M(64M) 0.150ms
[2026-06-17T10:02:19.905+0800][16.402s][info][gc,cpu      ] GC(578) User=0.00s Sys=0.00s Real=0.00s
[2026-06-17T10:02:19.905+0800][16.402s][info][gc,marking  ] GC(578) Concurrent Clear Claimed Marks
[2026-06-17T10:02:19.905+0800][16.402s][info][gc,marking  ] GC(578) Concurrent Clear Claimed Marks 0.086ms
[2026-06-17T10:02:19.905+0800][16.402s][info][gc,marking  ] GC(578) Concurrent Cleanup for Next Mark
[2026-06-17T10:02:19.906+0800][16.402s][info][gc,marking  ] GC(578) Concurrent Cleanup for Next Mark 0.203ms
[2026-06-17T10:02:19.906+0800][16.403s][info][gc          ] GC(578) Concurrent Mark Cycle 5.294ms
[2026-06-17T10:02:19.911+0800][16.408s][info][gc,start    ] GC(579) Pause Young (Prepare Mixed) (G1 Evacuation Pause)
[2026-06-17T10:02:19.911+0800][16.408s][info][gc,task     ] GC(579) Using 2 workers of 18 for evacuation
[2026-06-17T10:02:19.912+0800][16.409s][info][gc,phases   ] GC(579)   Pre Evacuate Collection Set: 0.11ms
[2026-06-17T10:02:19.912+0800][16.409s][info][gc,phases   ] GC(579)   Merge Heap Roots: 0.05ms
[2026-06-17T10:02:19.912+0800][16.409s][info][gc,phases   ] GC(579)   Evacuate Collection Set: 0.20ms
[2026-06-17T10:02:19.912+0800][16.409s][info][gc,phases   ] GC(579)   Post Evacuate Collection Set: 0.15ms
[2026-06-17T10:02:19.912+0800][16.409s][info][gc,phases   ] GC(579)   Other: 0.17ms
[2026-06-17T10:02:19.913+0800][16.409s][info][gc,heap     ] GC(579) Eden regions: 6->0(15)
[2026-06-17T10:02:19.913+0800][16.410s][info][gc,heap     ] GC(579) Survivor regions: 2->1(1)
[2026-06-17T10:02:19.913+0800][16.410s][info][gc,heap     ] GC(579) Old regions: 24->25
[2026-06-17T10:02:19.913+0800][16.410s][info][gc,heap     ] GC(579) Humongous regions: 20->11
[2026-06-17T10:02:19.913+0800][16.410s][info][gc,metaspace] GC(579) Metaspace: 112K(320K)->112K(320K) NonClass: 105K(192K)->105K(192K) Class: 7K(128K)->7K(128K)
[2026-06-17T10:02:19.913+0800][16.410s][info][gc          ] GC(579) Pause Young (Prepare Mixed) (G1 Evacuation Pause) 51M->36M(64M) 1.878ms
[2026-06-17T10:02:19.913+0800][16.410s][info][gc,cpu      ] GC(579) User=0.00s Sys=0.00s Real=0.00s
[2026-06-17T10:02:19.955+0800][16.452s][info][gc,start    ] GC(580) Pause Young (Mixed) (G1 Evacuation Pause)
[2026-06-17T10:02:19.956+0800][16.453s][info][gc,task     ] GC(580) Using 2 workers of 18 for evacuation
[2026-06-17T10:02:19.957+0800][16.454s][info][gc,phases   ] GC(580)   Pre Evacuate Collection Set: 0.26ms
[2026-06-17T10:02:19.958+0800][16.455s][info][gc,phases   ] GC(580)   Merge Heap Roots: 0.09ms
[2026-06-17T10:02:19.958+0800][16.455s][info][gc,phases   ] GC(580)   Evacuate Collection Set: 0.61ms
[2026-06-17T10:02:19.959+0800][16.455s][info][gc,phases   ] GC(580)   Post Evacuate Collection Set: 0.34ms
[2026-06-17T10:02:19.959+0800][16.456s][info][gc,phases   ] GC(580)   Other: 0.37ms
[2026-06-17T10:02:19.959+0800][16.456s][info][gc,heap     ] GC(580) Eden regions: 15->0(13)
[2026-06-17T10:02:19.960+0800][16.456s][info][gc,heap     ] GC(580) Survivor regions: 1->2(2)
[2026-06-17T10:02:19.960+0800][16.457s][info][gc,heap     ] GC(580) Old regions: 25->25
[2026-06-17T10:02:19.960+0800][16.457s][info][gc,heap     ] GC(580) Humongous regions: 11->11
[2026-06-17T10:02:19.960+0800][16.457s][info][gc,metaspace] GC(580) Metaspace: 112K(320K)->112K(320K) NonClass: 105K(192K)->105K(192K) Class: 7K(128K)->7K(128K)
[2026-06-17T10:02:19.960+0800][16.457s][info][gc          ] GC(580) Pause Young (Mixed) (G1 Evacuation Pause) 51M->37M(64M) 5.171ms
[2026-06-17T10:02:19.960+0800][16.457s][info][gc,cpu      ] GC(580) User=0.00s Sys=0.00s Real=0.00s
[2026-06-17T10:02:19.992+0800][16.489s][info][gc,start    ] GC(581) Pause Young (Normal) (G1 Evacuation Pause)
[2026-06-17T10:02:19.993+0800][16.490s][info][gc,task     ] GC(581) Using 2 workers of 18 for evacuation
[2026-06-17T10:02:19.994+0800][16.491s][info][gc,phases   ] GC(581)   Pre Evacuate Collection Set: 0.18ms
[2026-06-17T10:02:19.995+0800][16.492s][info][gc,phases   ] GC(581)   Merge Heap Roots: 0.14ms
[2026-06-17T10:02:19.996+0800][16.492s][info][gc,phases   ] GC(581)   Evacuate Collection Set: 0.52ms
[2026-06-17T10:02:19.996+0800][16.493s][info][gc,phases   ] GC(581)   Post Evacuate Collection Set: 0.33ms
[2026-06-17T10:02:19.996+0800][16.493s][info][gc,phases   ] GC(581)   Other: 0.36ms
[2026-06-17T10:02:19.997+0800][16.494s][info][gc,heap     ] GC(581) Eden regions: 13->0(9)
[2026-06-17T10:02:19.997+0800][16.494s][info][gc,heap     ] GC(581) Survivor regions: 2->2(2)
[2026-06-17T10:02:19.997+0800][16.494s][info][gc,heap     ] GC(581) Old regions: 25->30
[2026-06-17T10:02:19.998+0800][16.494s][info][gc,heap     ] GC(581) Humongous regions: 11->11
[2026-06-17T10:02:19.998+0800][16.495s][info][gc,metaspace] GC(581) Metaspace: 112K(320K)->112K(320K) NonClass: 105K(192K)->105K(192K) Class: 7K(128K)->7K(128K)
[2026-06-17T10:02:19.998+0800][16.495s][info][gc          ] GC(581) Pause Young (Normal) (G1 Evacuation Pause) 50M->42M(64M) 5.720ms
[2026-06-17T10:02:19.998+0800][16.495s][info][gc,cpu      ] GC(581) User=0.00s Sys=0.00s Real=0.00s
[2026-06-17T10:02:20.030+0800][16.527s][info][gc,start    ] GC(582) Pause Young (Concurrent Start) (G1 Evacuation Pause)
[2026-06-17T10:02:20.030+0800][16.527s][info][gc,task     ] GC(582) Using 2 workers of 18 for evacuation
[2026-06-17T10:02:20.032+0800][16.529s][info][gc,phases   ] GC(582)   Pre Evacuate Collection Set: 0.22ms
[2026-06-17T10:02:20.033+0800][16.530s][info][gc,phases   ] GC(582)   Merge Heap Roots: 0.10ms
[2026-06-17T10:02:20.033+0800][16.530s][info][gc,phases   ] GC(582)   Evacuate Collection Set: 0.46ms
[2026-06-17T10:02:20.034+0800][16.531s][info][gc,phases   ] GC(582)   Post Evacuate Collection Set: 0.53ms
[2026-06-17T10:02:20.034+0800][16.531s][info][gc,phases   ] GC(582)   Other: 0.48ms
[2026-06-17T10:02:20.035+0800][16.531s][info][gc,heap     ] GC(582) Eden regions: 9->0(10)
[2026-06-17T10:02:20.035+0800][16.532s][info][gc,heap     ] GC(582) Survivor regions: 2->2(2)
[2026-06-17T10:02:20.035+0800][16.532s][info][gc,heap     ] GC(582) Old regions: 30->31
[2026-06-17T10:02:20.036+0800][16.533s][info][gc,heap     ] GC(582) Humongous regions: 11->11
[2026-06-17T10:02:20.036+0800][16.533s][info][gc,metaspace] GC(582) Metaspace: 112K(320K)->112K(320K) NonClass: 105K(192K)->105K(192K) Class: 7K(128K)->7K(128K)
[2026-06-17T10:02:20.036+0800][16.533s][info][gc          ] GC(582) Pause Young (Concurrent Start) (G1 Evacuation Pause) 51M->43M(64M) 6.775ms
[2026-06-17T10:02:20.037+0800][16.534s][info][gc,cpu      ] GC(582) User=0.01s Sys=0.00s Real=0.01s
[2026-06-17T10:02:20.037+0800][16.534s][info][gc          ] GC(583) Concurrent Mark Cycle
[2026-06-17T10:02:20.038+0800][16.535s][info][gc,marking  ] GC(583) Concurrent Scan Root Regions
[2026-06-17T10:02:20.039+0800][16.535s][info][gc,marking  ] GC(583) Concurrent Scan Root Regions 0.476ms
[2026-06-17T10:02:20.039+0800][16.536s][info][gc,marking  ] GC(583) Concurrent Mark
[2026-06-17T10:02:20.039+0800][16.536s][info][gc,marking  ] GC(583) Concurrent Mark From Roots
[2026-06-17T10:02:20.039+0800][16.536s][info][gc,task     ] GC(583) Using 5 workers of 5 for marking
[2026-06-17T10:02:20.041+0800][16.538s][info][gc,marking  ] GC(583) Concurrent Mark From Roots 1.796ms
[2026-06-17T10:02:20.041+0800][16.538s][info][gc,marking  ] GC(583) Concurrent Preclean
[2026-06-17T10:02:20.041+0800][16.538s][info][gc,marking  ] GC(583) Concurrent Preclean 0.109ms
[2026-06-17T10:02:20.041+0800][16.538s][info][gc,start    ] GC(583) Pause Remark
[2026-06-17T10:02:20.042+0800][16.539s][info][gc          ] GC(583) Pause Remark 45M->36M(64M) 0.505ms
[2026-06-17T10:02:20.042+0800][16.539s][info][gc,cpu      ] GC(583) User=0.00s Sys=0.00s Real=0.00s
[2026-06-17T10:02:20.042+0800][16.539s][info][gc,marking  ] GC(583) Concurrent Mark 3.219ms
[2026-06-17T10:02:20.042+0800][16.539s][info][gc,marking  ] GC(583) Concurrent Rebuild Remembered Sets and Scrub Regions
[2026-06-17T10:02:20.043+0800][16.540s][info][gc,marking  ] GC(583) Concurrent Rebuild Remembered Sets and Scrub Regions 0.679ms
[2026-06-17T10:02:20.043+0800][16.540s][info][gc,start    ] GC(583) Pause Cleanup
[2026-06-17T10:02:20.044+0800][16.541s][info][gc          ] GC(583) Pause Cleanup 36M->36M(64M) 0.254ms
[2026-06-17T10:02:20.044+0800][16.541s][info][gc,cpu      ] GC(583) User=0.00s Sys=0.00s Real=0.00s
[2026-06-17T10:02:20.044+0800][16.541s][info][gc,marking  ] GC(583) Concurrent Clear Claimed Marks
[2026-06-17T10:02:20.044+0800][16.541s][info][gc,marking  ] GC(583) Concurrent Clear Claimed Marks 0.099ms
[2026-06-17T10:02:20.044+0800][16.541s][info][gc,marking  ] GC(583) Concurrent Cleanup for Next Mark
[2026-06-17T10:02:20.044+0800][16.541s][info][gc,marking  ] GC(583) Concurrent Cleanup for Next Mark 0.272ms
[2026-06-17T10:02:20.045+0800][16.541s][info][gc          ] GC(583) Concurrent Mark Cycle 7.637ms
[2026-06-17T10:02:20.059+0800][16.555s][info][gc,start    ] GC(584) Pause Young (Prepare Mixed) (G1 Evacuation Pause)
[2026-06-17T10:02:20.059+0800][16.556s][info][gc,task     ] GC(584) Using 2 workers of 18 for evacuation
[2026-06-17T10:02:20.060+0800][16.557s][info][gc,phases   ] GC(584)   Pre Evacuate Collection Set: 0.11ms
[2026-06-17T10:02:20.060+0800][16.557s][info][gc,phases   ] GC(584)   Merge Heap Roots: 0.05ms
[2026-06-17T10:02:20.060+0800][16.557s][info][gc,phases   ] GC(584)   Evacuate Collection Set: 0.19ms
[2026-06-17T10:02:20.060+0800][16.557s][info][gc,phases   ] GC(584)   Post Evacuate Collection Set: 0.22ms
[2026-06-17T10:02:20.060+0800][16.557s][info][gc,phases   ] GC(584)   Other: 0.31ms
[2026-06-17T10:02:20.060+0800][16.557s][info][gc,heap     ] GC(584) Eden regions: 10->0(18)
[2026-06-17T10:02:20.061+0800][16.557s][info][gc,heap     ] GC(584) Survivor regions: 2->1(2)
[2026-06-17T10:02:20.061+0800][16.558s][info][gc,heap     ] GC(584) Old regions: 22->23
[2026-06-17T10:02:20.061+0800][16.558s][info][gc,heap     ] GC(584) Humongous regions: 11->11
[2026-06-17T10:02:20.061+0800][16.558s][info][gc,metaspace] GC(584) Metaspace: 112K(320K)->112K(320K) NonClass: 105K(192K)->105K(192K) Class: 7K(128K)->7K(128K)
[2026-06-17T10:02:20.061+0800][16.558s][info][gc          ] GC(584) Pause Young (Prepare Mixed) (G1 Evacuation Pause) 44M->34M(64M) 2.939ms
[2026-06-17T10:02:20.062+0800][16.558s][info][gc,cpu      ] GC(584) User=0.00s Sys=0.00s Real=0.00s
[2026-06-17T10:02:20.114+0800][16.611s][info][gc,start    ] GC(585) Pause Young (Mixed) (G1 Evacuation Pause)
[2026-06-17T10:02:20.115+0800][16.611s][info][gc,task     ] GC(585) Using 2 workers of 18 for evacuation
[2026-06-17T10:02:20.116+0800][16.613s][info][gc,phases   ] GC(585)   Pre Evacuate Collection Set: 0.16ms
[2026-06-17T10:02:20.117+0800][16.614s][info][gc,phases   ] GC(585)   Merge Heap Roots: 0.06ms
[2026-06-17T10:02:20.118+0800][16.615s][info][gc,phases   ] GC(585)   Evacuate Collection Set: 0.64ms
[2026-06-17T10:02:20.118+0800][16.615s][info][gc,phases   ] GC(585)   Post Evacuate Collection Set: 0.38ms
[2026-06-17T10:02:20.118+0800][16.615s][info][gc,phases   ] GC(585)   Other: 0.46ms
[2026-06-17T10:02:20.119+0800][16.615s][info][gc,heap     ] GC(585) Eden regions: 18->0(16)
[2026-06-17T10:02:20.119+0800][16.616s][info][gc,heap     ] GC(585) Survivor regions: 1->3(3)
[2026-06-17T10:02:20.119+0800][16.616s][info][gc,heap     ] GC(585) Old regions: 23->21
[2026-06-17T10:02:20.119+0800][16.616s][info][gc,heap     ] GC(585) Humongous regions: 12->12
[2026-06-17T10:02:20.119+0800][16.616s][info][gc,metaspace] GC(585) Metaspace: 112K(320K)->112K(320K) NonClass: 105K(192K)->105K(192K) Class: 7K(128K)->7K(128K)
[2026-06-17T10:02:20.119+0800][16.616s][info][gc          ] GC(585) Pause Young (Mixed) (G1 Evacuation Pause) 53M->35M(64M) 5.199ms
[2026-06-17T10:02:20.119+0800][16.616s][info][gc,cpu      ] GC(585) User=0.00s Sys=0.00s Real=0.00s
[2026-06-17T10:02:20.162+0800][16.659s][info][gc,start    ] GC(586) Pause Young (Mixed) (G1 Evacuation Pause)
[2026-06-17T10:02:20.162+0800][16.659s][info][gc,task     ] GC(586) Using 2 workers of 18 for evacuation
[2026-06-17T10:02:20.164+0800][16.661s][info][gc,phases   ] GC(586)   Pre Evacuate Collection Set: 0.27ms
[2026-06-17T10:02:20.165+0800][16.661s][info][gc,phases   ] GC(586)   Merge Heap Roots: 0.10ms
[2026-06-17T10:02:20.166+0800][16.662s][info][gc,phases   ] GC(586)   Evacuate Collection Set: 0.70ms
[2026-06-17T10:02:20.166+0800][16.663s][info][gc,phases   ] GC(586)   Post Evacuate Collection Set: 0.36ms
[2026-06-17T10:02:20.166+0800][16.663s][info][gc,phases   ] GC(586)   Other: 0.50ms
[2026-06-17T10:02:20.167+0800][16.664s][info][gc,heap     ] GC(586) Eden regions: 16->0(15)
[2026-06-17T10:02:20.167+0800][16.664s][info][gc,heap     ] GC(586) Survivor regions: 3->3(3)
[2026-06-17T10:02:20.168+0800][16.665s][info][gc,heap     ] GC(586) Old regions: 21->22
[2026-06-17T10:02:20.168+0800][16.665s][info][gc,heap     ] GC(586) Humongous regions: 12->12
[2026-06-17T10:02:20.168+0800][16.665s][info][gc,metaspace] GC(586) Metaspace: 112K(320K)->112K(320K) NonClass: 105K(192K)->105K(192K) Class: 7K(128K)->7K(128K)
[2026-06-17T10:02:20.168+0800][16.665s][info][gc          ] GC(586) Pause Young (Mixed) (G1 Evacuation Pause) 51M->36M(64M) 6.604ms
[2026-06-17T10:02:20.168+0800][16.665s][info][gc,cpu      ] GC(586) User=0.00s Sys=0.00s Real=0.01s
[2026-06-17T10:02:20.200+0800][16.697s][info][gc,start    ] GC(587) Pause Young (Normal) (G1 Evacuation Pause)
[2026-06-17T10:02:20.201+0800][16.697s][info][gc,task     ] GC(587) Using 2 workers of 18 for evacuation
[2026-06-17T10:02:20.202+0800][16.699s][info][gc,phases   ] GC(587)   Pre Evacuate Collection Set: 0.18ms
[2026-06-17T10:02:20.203+0800][16.699s][info][gc,phases   ] GC(587)   Merge Heap Roots: 0.07ms
[2026-06-17T10:02:20.203+0800][16.700s][info][gc,phases   ] GC(587)   Evacuate Collection Set: 0.42ms
[2026-06-17T10:02:20.203+0800][16.700s][info][gc,phases   ] GC(587)   Post Evacuate Collection Set: 0.26ms
[2026-06-17T10:02:20.203+0800][16.700s][info][gc,phases   ] GC(587)   Other: 0.82ms
[2026-06-17T10:02:20.203+0800][16.700s][info][gc,heap     ] GC(587) Eden regions: 15->0(13)
[2026-06-17T10:02:20.203+0800][16.700s][info][gc,heap     ] GC(587) Survivor regions: 3->3(3)
[2026-06-17T10:02:20.203+0800][16.700s][info][gc,heap     ] GC(587) Old regions: 22->25
[2026-06-17T10:02:20.204+0800][16.700s][info][gc,heap     ] GC(587) Humongous regions: 12->12
[2026-06-17T10:02:20.204+0800][16.701s][info][gc,metaspace] GC(587) Metaspace: 112K(320K)->112K(320K) NonClass: 105K(192K)->105K(192K) Class: 7K(128K)->7K(128K)
[2026-06-17T10:02:20.204+0800][16.701s][info][gc          ] GC(587) Pause Young (Normal) (G1 Evacuation Pause) 51M->39M(64M) 3.776ms
[2026-06-17T10:02:20.204+0800][16.701s][info][gc,cpu      ] GC(587) User=0.00s Sys=0.00s Real=0.01s
[2026-06-17T10:02:20.236+0800][16.732s][info][gc,start    ] GC(588) Pause Young (Concurrent Start) (G1 Evacuation Pause)
[2026-06-17T10:02:20.236+0800][16.733s][info][gc,task     ] GC(588) Using 2 workers of 18 for evacuation
[2026-06-17T10:02:20.237+0800][16.734s][info][gc,phases   ] GC(588)   Pre Evacuate Collection Set: 0.12ms
[2026-06-17T10:02:20.237+0800][16.734s][info][gc,phases   ] GC(588)   Merge Heap Roots: 0.04ms
[2026-06-17T10:02:20.237+0800][16.734s][info][gc,phases   ] GC(588)   Evacuate Collection Set: 0.35ms
[2026-06-17T10:02:20.237+0800][16.734s][info][gc,phases   ] GC(588)   Post Evacuate Collection Set: 0.22ms
[2026-06-17T10:02:20.237+0800][16.734s][info][gc,phases   ] GC(588)   Other: 0.18ms
[2026-06-17T10:02:20.237+0800][16.734s][info][gc,heap     ] GC(588) Eden regions: 13->0(12)
[2026-06-17T10:02:20.238+0800][16.734s][info][gc,heap     ] GC(588) Survivor regions: 3->2(2)
[2026-06-17T10:02:20.238+0800][16.735s][info][gc,heap     ] GC(588) Old regions: 25->28
[2026-06-17T10:02:20.238+0800][16.735s][info][gc,heap     ] GC(588) Humongous regions: 12->12
[2026-06-17T10:02:20.238+0800][16.735s][info][gc,metaspace] GC(588) Metaspace: 112K(320K)->112K(320K) NonClass: 105K(192K)->105K(192K) Class: 7K(128K)->7K(128K)
[2026-06-17T10:02:20.238+0800][16.735s][info][gc          ] GC(588) Pause Young (Concurrent Start) (G1 Evacuation Pause) 52M->41M(64M) 2.402ms
[2026-06-17T10:02:20.238+0800][16.735s][info][gc,cpu      ] GC(588) User=0.00s Sys=0.00s Real=0.00s
[2026-06-17T10:02:20.238+0800][16.735s][info][gc          ] GC(589) Concurrent Mark Cycle
[2026-06-17T10:02:20.238+0800][16.735s][info][gc,marking  ] GC(589) Concurrent Scan Root Regions
[2026-06-17T10:02:20.238+0800][16.735s][info][gc,marking  ] GC(589) Concurrent Scan Root Regions 0.195ms
[2026-06-17T10:02:20.239+0800][16.735s][info][gc,marking  ] GC(589) Concurrent Mark
[2026-06-17T10:02:20.239+0800][16.736s][info][gc,marking  ] GC(589) Concurrent Mark From Roots
[2026-06-17T10:02:20.239+0800][16.736s][info][gc,task     ] GC(589) Using 5 workers of 5 for marking
[2026-06-17T10:02:20.240+0800][16.737s][info][gc,marking  ] GC(589) Concurrent Mark From Roots 1.574ms
[2026-06-17T10:02:20.240+0800][16.737s][info][gc,marking  ] GC(589) Concurrent Preclean
[2026-06-17T10:02:20.241+0800][16.737s][info][gc,marking  ] GC(589) Concurrent Preclean 0.103ms
[2026-06-17T10:02:20.241+0800][16.737s][info][gc,start    ] GC(589) Pause Remark
[2026-06-17T10:02:20.241+0800][16.738s][info][gc          ] GC(589) Pause Remark 42M->34M(64M) 0.431ms
[2026-06-17T10:02:20.241+0800][16.738s][info][gc,cpu      ] GC(589) User=0.00s Sys=0.00s Real=0.00s
[2026-06-17T10:02:20.241+0800][16.738s][info][gc,marking  ] GC(589) Concurrent Mark 2.691ms
[2026-06-17T10:02:20.241+0800][16.738s][info][gc,marking  ] GC(589) Concurrent Rebuild Remembered Sets and Scrub Regions
[2026-06-17T10:02:20.242+0800][16.739s][info][gc,marking  ] GC(589) Concurrent Rebuild Remembered Sets and Scrub Regions 0.441ms
[2026-06-17T10:02:20.242+0800][16.739s][info][gc,start    ] GC(589) Pause Cleanup
[2026-06-17T10:02:20.242+0800][16.739s][info][gc          ] GC(589) Pause Cleanup 34M->34M(64M) 0.168ms
[2026-06-17T10:02:20.242+0800][16.739s][info][gc,cpu      ] GC(589) User=0.00s Sys=0.00s Real=0.00s
[2026-06-17T10:02:20.242+0800][16.739s][info][gc,marking  ] GC(589) Concurrent Clear Claimed Marks
[2026-06-17T10:02:20.242+0800][16.739s][info][gc,marking  ] GC(589) Concurrent Clear Claimed Marks 0.081ms
[2026-06-17T10:02:20.243+0800][16.739s][info][gc,marking  ] GC(589) Concurrent Cleanup for Next Mark
[2026-06-17T10:02:20.243+0800][16.740s][info][gc,marking  ] GC(589) Concurrent Cleanup for Next Mark 0.356ms
[2026-06-17T10:02:20.243+0800][16.740s][info][gc          ] GC(589) Concurrent Mark Cycle 5.088ms
[2026-06-17T10:02:20.269+0800][16.766s][info][gc,start    ] GC(590) Pause Young (Prepare Mixed) (G1 Evacuation Pause)
[2026-06-17T10:02:20.270+0800][16.767s][info][gc,task     ] GC(590) Using 2 workers of 18 for evacuation
[2026-06-17T10:02:20.271+0800][16.768s][info][gc,phases   ] GC(590)   Pre Evacuate Collection Set: 0.11ms
[2026-06-17T10:02:20.271+0800][16.768s][info][gc,phases   ] GC(590)   Merge Heap Roots: 0.05ms
[2026-06-17T10:02:20.271+0800][16.768s][info][gc,phases   ] GC(590)   Evacuate Collection Set: 0.27ms
[2026-06-17T10:02:20.271+0800][16.768s][info][gc,phases   ] GC(590)   Post Evacuate Collection Set: 0.14ms
[2026-06-17T10:02:20.271+0800][16.768s][info][gc,phases   ] GC(590)   Other: 0.23ms
[2026-06-17T10:02:20.271+0800][16.768s][info][gc,heap     ] GC(590) Eden regions: 12->0(15)
[2026-06-17T10:02:20.272+0800][16.768s][info][gc,heap     ] GC(590) Survivor regions: 2->2(2)
[2026-06-17T10:02:20.272+0800][16.769s][info][gc,heap     ] GC(590) Old regions: 20->22
[2026-06-17T10:02:20.272+0800][16.769s][info][gc,heap     ] GC(590) Humongous regions: 12->12
[2026-06-17T10:02:20.272+0800][16.769s][info][gc,metaspace] GC(590) Metaspace: 112K(320K)->112K(320K) NonClass: 105K(192K)->105K(192K) Class: 7K(128K)->7K(128K)
[2026-06-17T10:02:20.272+0800][16.769s][info][gc          ] GC(590) Pause Young (Prepare Mixed) (G1 Evacuation Pause) 45M->34M(64M) 2.486ms
[2026-06-17T10:02:20.272+0800][16.769s][info][gc,cpu      ] GC(590) User=0.00s Sys=0.00s Real=0.01s
[2026-06-17T10:02:20.314+0800][16.811s][info][gc,start    ] GC(591) Pause Young (Mixed) (G1 Evacuation Pause)
[2026-06-17T10:02:20.315+0800][16.812s][info][gc,task     ] GC(591) Using 2 workers of 18 for evacuation
[2026-06-17T10:02:20.317+0800][16.814s][info][gc,phases   ] GC(591)   Pre Evacuate Collection Set: 0.28ms
[2026-06-17T10:02:20.317+0800][16.814s][info][gc,phases   ] GC(591)   Merge Heap Roots: 0.08ms
[2026-06-17T10:02:20.318+0800][16.815s][info][gc,phases   ] GC(591)   Evacuate Collection Set: 0.91ms
[2026-06-17T10:02:20.318+0800][16.815s][info][gc,phases   ] GC(591)   Post Evacuate Collection Set: 0.41ms
[2026-06-17T10:02:20.318+0800][16.815s][info][gc,phases   ] GC(591)   Other: 0.41ms
[2026-06-17T10:02:20.319+0800][16.816s][info][gc,heap     ] GC(591) Eden regions: 15->0(14)
[2026-06-17T10:02:20.319+0800][16.816s][info][gc,heap     ] GC(591) Survivor regions: 2->3(3)
[2026-06-17T10:02:20.319+0800][16.816s][info][gc,heap     ] GC(591) Old regions: 22->21
[2026-06-17T10:02:20.320+0800][16.816s][info][gc,heap     ] GC(591) Humongous regions: 14->14
[2026-06-17T10:02:20.320+0800][16.817s][info][gc,metaspace] GC(591) Metaspace: 112K(320K)->112K(320K) NonClass: 105K(192K)->105K(192K) Class: 7K(128K)->7K(128K)
[2026-06-17T10:02:20.320+0800][16.817s][info][gc          ] GC(591) Pause Young (Mixed) (G1 Evacuation Pause) 51M->37M(64M) 5.932ms
[2026-06-17T10:02:20.320+0800][16.817s][info][gc,cpu      ] GC(591) User=0.01s Sys=0.00s Real=0.00s
[2026-06-17T10:02:20.362+0800][16.859s][info][gc,start    ] GC(592) Pause Young (Normal) (G1 Evacuation Pause)
[2026-06-17T10:02:20.363+0800][16.859s][info][gc,task     ] GC(592) Using 2 workers of 18 for evacuation
[2026-06-17T10:02:20.365+0800][16.862s][info][gc,phases   ] GC(592)   Pre Evacuate Collection Set: 0.15ms
[2026-06-17T10:02:20.369+0800][16.865s][info][gc,phases   ] GC(592)   Merge Heap Roots: 0.04ms
[2026-06-17T10:02:20.371+0800][16.867s][info][gc,phases   ] GC(592)   Evacuate Collection Set: 0.38ms
[2026-06-17T10:02:20.371+0800][16.868s][info][gc,phases   ] GC(592)   Post Evacuate Collection Set: 0.20ms
[2026-06-17T10:02:20.373+0800][16.870s][info][gc,phases   ] GC(592)   Other: 2.01ms
[2026-06-17T10:02:20.375+0800][16.872s][info][gc,heap     ] GC(592) Eden regions: 14->0(12)
[2026-06-17T10:02:20.377+0800][16.874s][info][gc,heap     ] GC(592) Survivor regions: 3->3(3)
[2026-06-17T10:02:20.378+0800][16.874s][info][gc,heap     ] GC(592) Old regions: 21->24
[2026-06-17T10:02:20.378+0800][16.875s][info][gc,heap     ] GC(592) Humongous regions: 14->14
[2026-06-17T10:02:20.378+0800][16.875s][info][gc,metaspace] GC(592) Metaspace: 112K(320K)->112K(320K) NonClass: 105K(192K)->105K(192K) Class: 7K(128K)->7K(128K)
[2026-06-17T10:02:20.378+0800][16.875s][info][gc          ] GC(592) Pause Young (Normal) (G1 Evacuation Pause) 51M->40M(64M) 15.725ms
[2026-06-17T10:02:20.378+0800][16.875s][info][gc,cpu      ] GC(592) User=0.00s Sys=0.00s Real=0.02s
[2026-06-17T10:02:20.399+0800][16.896s][info][gc,start    ] GC(593) Pause Young (Concurrent Start) (G1 Evacuation Pause)
[2026-06-17T10:02:20.400+0800][16.897s][info][gc,task     ] GC(593) Using 2 workers of 18 for evacuation
[2026-06-17T10:02:20.401+0800][16.898s][info][gc,phases   ] GC(593)   Pre Evacuate Collection Set: 0.16ms
[2026-06-17T10:02:20.402+0800][16.899s][info][gc,phases   ] GC(593)   Merge Heap Roots: 0.06ms
[2026-06-17T10:02:20.402+0800][16.899s][info][gc,phases   ] GC(593)   Evacuate Collection Set: 0.60ms
[2026-06-17T10:02:20.402+0800][16.899s][info][gc,phases   ] GC(593)   Post Evacuate Collection Set: 0.29ms
[2026-06-17T10:02:20.402+0800][16.899s][info][gc,phases   ] GC(593)   Other: 0.41ms
[2026-06-17T10:02:20.403+0800][16.899s][info][gc,heap     ] GC(593) Eden regions: 12->0(7)
[2026-06-17T10:02:20.403+0800][16.899s][info][gc,heap     ] GC(593) Survivor regions: 3->2(2)
[2026-06-17T10:02:20.403+0800][16.900s][info][gc,heap     ] GC(593) Old regions: 24->31
[2026-06-17T10:02:20.403+0800][16.900s][info][gc,heap     ] GC(593) Humongous regions: 14->14
[2026-06-17T10:02:20.403+0800][16.900s][info][gc,metaspace] GC(593) Metaspace: 112K(320K)->112K(320K) NonClass: 105K(192K)->105K(192K) Class: 7K(128K)->7K(128K)
[2026-06-17T10:02:20.403+0800][16.900s][info][gc          ] GC(593) Pause Young (Concurrent Start) (G1 Evacuation Pause) 52M->46M(64M) 3.794ms
[2026-06-17T10:02:20.403+0800][16.900s][info][gc,cpu      ] GC(593) User=0.00s Sys=0.00s Real=0.01s
[2026-06-17T10:02:20.403+0800][16.900s][info][gc          ] GC(594) Concurrent Mark Cycle
[2026-06-17T10:02:20.404+0800][16.900s][info][gc,marking  ] GC(594) Concurrent Scan Root Regions
[2026-06-17T10:02:20.404+0800][16.901s][info][gc,marking  ] GC(594) Concurrent Scan Root Regions 0.144ms
[2026-06-17T10:02:20.404+0800][16.901s][info][gc,marking  ] GC(594) Concurrent Mark
[2026-06-17T10:02:20.404+0800][16.901s][info][gc,marking  ] GC(594) Concurrent Mark From Roots
[2026-06-17T10:02:20.404+0800][16.901s][info][gc,task     ] GC(594) Using 5 workers of 5 for marking
[2026-06-17T10:02:20.405+0800][16.902s][info][gc,marking  ] GC(594) Concurrent Mark From Roots 1.291ms
[2026-06-17T10:02:20.405+0800][16.902s][info][gc,marking  ] GC(594) Concurrent Preclean
[2026-06-17T10:02:20.405+0800][16.902s][info][gc,marking  ] GC(594) Concurrent Preclean 0.113ms
[2026-06-17T10:02:20.405+0800][16.902s][info][gc,start    ] GC(594) Pause Remark
[2026-06-17T10:02:20.406+0800][16.903s][info][gc          ] GC(594) Pause Remark 46M->39M(64M) 0.449ms
[2026-06-17T10:02:20.406+0800][16.903s][info][gc,cpu      ] GC(594) User=0.00s Sys=0.00s Real=0.00s
[2026-06-17T10:02:20.406+0800][16.903s][info][gc,marking  ] GC(594) Concurrent Mark 2.359ms
[2026-06-17T10:02:20.406+0800][16.903s][info][gc,marking  ] GC(594) Concurrent Rebuild Remembered Sets and Scrub Regions
[2026-06-17T10:02:20.407+0800][16.904s][info][gc,marking  ] GC(594) Concurrent Rebuild Remembered Sets and Scrub Regions 0.521ms
[2026-06-17T10:02:20.407+0800][16.904s][info][gc,start    ] GC(594) Pause Cleanup
[2026-06-17T10:02:20.407+0800][16.904s][info][gc          ] GC(594) Pause Cleanup 39M->39M(64M) 0.286ms
[2026-06-17T10:02:20.407+0800][16.904s][info][gc,cpu      ] GC(594) User=0.00s Sys=0.00s Real=0.00s
[2026-06-17T10:02:20.407+0800][16.904s][info][gc,marking  ] GC(594) Concurrent Clear Claimed Marks
[2026-06-17T10:02:20.408+0800][16.904s][info][gc,marking  ] GC(594) Concurrent Clear Claimed Marks 0.125ms
[2026-06-17T10:02:20.408+0800][16.905s][info][gc,marking  ] GC(594) Concurrent Cleanup for Next Mark
[2026-06-17T10:02:20.408+0800][16.905s][info][gc,marking  ] GC(594) Concurrent Cleanup for Next Mark 0.228ms
[2026-06-17T10:02:20.408+0800][16.905s][info][gc          ] GC(594) Concurrent Mark Cycle 4.693ms
[2026-06-17T10:02:20.424+0800][16.921s][info][gc,start    ] GC(595) Pause Young (Prepare Mixed) (G1 Evacuation Pause)
[2026-06-17T10:02:20.425+0800][16.922s][info][gc,task     ] GC(595) Using 2 workers of 18 for evacuation
[2026-06-17T10:02:20.426+0800][16.923s][info][gc,phases   ] GC(595)   Pre Evacuate Collection Set: 0.14ms
[2026-06-17T10:02:20.426+0800][16.923s][info][gc,phases   ] GC(595)   Merge Heap Roots: 0.04ms
[2026-06-17T10:02:20.426+0800][16.923s][info][gc,phases   ] GC(595)   Evacuate Collection Set: 0.16ms
[2026-06-17T10:02:20.426+0800][16.923s][info][gc,phases   ] GC(595)   Post Evacuate Collection Set: 0.18ms
[2026-06-17T10:02:20.426+0800][16.923s][info][gc,phases   ] GC(595)   Other: 0.38ms
[2026-06-17T10:02:20.426+0800][16.923s][info][gc,heap     ] GC(595) Eden regions: 7->0(13)
[2026-06-17T10:02:20.427+0800][16.923s][info][gc,heap     ] GC(595) Survivor regions: 2->1(2)
[2026-06-17T10:02:20.427+0800][16.924s][info][gc,heap     ] GC(595) Old regions: 24->25
[2026-06-17T10:02:20.427+0800][16.924s][info][gc,heap     ] GC(595) Humongous regions: 14->14
[2026-06-17T10:02:20.427+0800][16.924s][info][gc,metaspace] GC(595) Metaspace: 112K(320K)->112K(320K) NonClass: 105K(192K)->105K(192K) Class: 7K(128K)->7K(128K)
[2026-06-17T10:02:20.427+0800][16.924s][info][gc          ] GC(595) Pause Young (Prepare Mixed) (G1 Evacuation Pause) 46M->38M(64M) 2.727ms
[2026-06-17T10:02:20.427+0800][16.924s][info][gc,cpu      ] GC(595) User=0.00s Sys=0.00s Real=0.00s
[2026-06-17T10:02:20.459+0800][16.956s][info][gc,start    ] GC(596) Pause Young (Mixed) (G1 Evacuation Pause)
[2026-06-17T10:02:20.459+0800][16.956s][info][gc,task     ] GC(596) Using 2 workers of 18 for evacuation
[2026-06-17T10:02:20.460+0800][16.957s][info][gc,phases   ] GC(596)   Pre Evacuate Collection Set: 0.13ms
[2026-06-17T10:02:20.460+0800][16.957s][info][gc,phases   ] GC(596)   Merge Heap Roots: 0.04ms
[2026-06-17T10:02:20.460+0800][16.957s][info][gc,phases   ] GC(596)   Evacuate Collection Set: 0.30ms
[2026-06-17T10:02:20.460+0800][16.957s][info][gc,phases   ] GC(596)   Post Evacuate Collection Set: 0.16ms
[2026-06-17T10:02:20.460+0800][16.957s][info][gc,phases   ] GC(596)   Other: 0.24ms
[2026-06-17T10:02:20.460+0800][16.957s][info][gc,heap     ] GC(596) Eden regions: 13->0(14)
[2026-06-17T10:02:20.460+0800][16.957s][info][gc,heap     ] GC(596) Survivor regions: 1->2(2)
[2026-06-17T10:02:20.460+0800][16.957s][info][gc,heap     ] GC(596) Old regions: 25->22
[2026-06-17T10:02:20.461+0800][16.957s][info][gc,heap     ] GC(596) Humongous regions: 14->14
[2026-06-17T10:02:20.461+0800][16.957s][info][gc,metaspace] GC(596) Metaspace: 112K(320K)->112K(320K) NonClass: 105K(192K)->105K(192K) Class: 7K(128K)->7K(128K)
[2026-06-17T10:02:20.461+0800][16.958s][info][gc          ] GC(596) Pause Young (Mixed) (G1 Evacuation Pause) 51M->37M(64M) 2.070ms
[2026-06-17T10:02:20.461+0800][16.958s][info][gc,cpu      ] GC(596) User=0.00s Sys=0.00s Real=0.00s
[2026-06-17T10:02:20.503+0800][17.000s][info][gc,start    ] GC(597) Pause Young (Normal) (G1 Evacuation Pause)
[2026-06-17T10:02:20.504+0800][17.000s][info][gc,task     ] GC(597) Using 2 workers of 18 for evacuation
[2026-06-17T10:02:20.505+0800][17.002s][info][gc,phases   ] GC(597)   Pre Evacuate Collection Set: 0.27ms
[2026-06-17T10:02:20.505+0800][17.002s][info][gc,phases   ] GC(597)   Merge Heap Roots: 0.08ms
[2026-06-17T10:02:20.506+0800][17.003s][info][gc,phases   ] GC(597)   Evacuate Collection Set: 0.41ms
[2026-06-17T10:02:20.506+0800][17.003s][info][gc,phases   ] GC(597)   Post Evacuate Collection Set: 0.29ms
[2026-06-17T10:02:20.506+0800][17.003s][info][gc,phases   ] GC(597)   Other: 0.40ms
[2026-06-17T10:02:20.507+0800][17.004s][info][gc,heap     ] GC(597) Eden regions: 14->0(12)
[2026-06-17T10:02:20.507+0800][17.004s][info][gc,heap     ] GC(597) Survivor regions: 2->2(2)
[2026-06-17T10:02:20.507+0800][17.004s][info][gc,heap     ] GC(597) Old regions: 22->26
[2026-06-17T10:02:20.507+0800][17.004s][info][gc,heap     ] GC(597) Humongous regions: 14->14
[2026-06-17T10:02:20.508+0800][17.004s][info][gc,metaspace] GC(597) Metaspace: 112K(320K)->112K(320K) NonClass: 105K(192K)->105K(192K) Class: 7K(128K)->7K(128K)
[2026-06-17T10:02:20.508+0800][17.005s][info][gc          ] GC(597) Pause Young (Normal) (G1 Evacuation Pause) 51M->41M(64M) 4.668ms
[2026-06-17T10:02:20.508+0800][17.005s][info][gc,cpu      ] GC(597) User=0.00s Sys=0.00s Real=0.00s
[2026-06-17T10:02:20.519+0800][17.016s][info][gc,start    ] GC(598) Pause Young (Concurrent Start) (G1 Humongous Allocation)
[2026-06-17T10:02:20.519+0800][17.016s][info][gc,task     ] GC(598) Using 2 workers of 18 for evacuation
[2026-06-17T10:02:20.520+0800][17.017s][info][gc,phases   ] GC(598)   Pre Evacuate Collection Set: 0.17ms
[2026-06-17T10:02:20.520+0800][17.017s][info][gc,phases   ] GC(598)   Merge Heap Roots: 0.05ms
[2026-06-17T10:02:20.521+0800][17.017s][info][gc,phases   ] GC(598)   Evacuate Collection Set: 0.24ms
[2026-06-17T10:02:20.521+0800][17.018s][info][gc,phases   ] GC(598)   Post Evacuate Collection Set: 0.20ms
[2026-06-17T10:02:20.521+0800][17.018s][info][gc,phases   ] GC(598)   Other: 0.39ms
[2026-06-17T10:02:20.521+0800][17.018s][info][gc,heap     ] GC(598) Eden regions: 6->0(13)
[2026-06-17T10:02:20.521+0800][17.018s][info][gc,heap     ] GC(598) Survivor regions: 2->0(2)
[2026-06-17T10:02:20.521+0800][17.018s][info][gc,heap     ] GC(598) Old regions: 26->27
[2026-06-17T10:02:20.521+0800][17.018s][info][gc,heap     ] GC(598) Humongous regions: 14->14
[2026-06-17T10:02:20.521+0800][17.018s][info][gc,metaspace] GC(598) Metaspace: 112K(320K)->112K(320K) NonClass: 105K(192K)->105K(192K) Class: 7K(128K)->7K(128K)
[2026-06-17T10:02:20.522+0800][17.019s][info][gc          ] GC(598) Pause Young (Concurrent Start) (G1 Humongous Allocation) 47M->40M(64M) 3.136ms
[2026-06-17T10:02:20.522+0800][17.019s][info][gc,cpu      ] GC(598) User=0.00s Sys=0.00s Real=0.00s
[2026-06-17T10:02:20.522+0800][17.019s][info][gc          ] GC(599) Concurrent Mark Cycle
[2026-06-17T10:02:20.523+0800][17.019s][info][gc,marking  ] GC(599) Concurrent Scan Root Regions
[2026-06-17T10:02:20.523+0800][17.020s][info][gc,marking  ] GC(599) Concurrent Scan Root Regions 0.230ms
[2026-06-17T10:02:20.523+0800][17.020s][info][gc,marking  ] GC(599) Concurrent Mark
[2026-06-17T10:02:20.523+0800][17.020s][info][gc,marking  ] GC(599) Concurrent Mark From Roots
[2026-06-17T10:02:20.523+0800][17.020s][info][gc,task     ] GC(599) Using 5 workers of 5 for marking
[2026-06-17T10:02:20.525+0800][17.021s][info][gc,marking  ] GC(599) Concurrent Mark From Roots 1.603ms
[2026-06-17T10:02:20.525+0800][17.022s][info][gc,marking  ] GC(599) Concurrent Preclean
[2026-06-17T10:02:20.525+0800][17.022s][info][gc,marking  ] GC(599) Concurrent Preclean 0.117ms
[2026-06-17T10:02:20.525+0800][17.022s][info][gc,start    ] GC(599) Pause Remark
[2026-06-17T10:02:20.525+0800][17.022s][info][gc          ] GC(599) Pause Remark 42M->42M(64M) 0.431ms
[2026-06-17T10:02:20.526+0800][17.022s][info][gc,cpu      ] GC(599) User=0.01s Sys=0.00s Real=0.00s
[2026-06-17T10:02:20.526+0800][17.023s][info][gc,marking  ] GC(599) Concurrent Mark 2.776ms
[2026-06-17T10:02:20.526+0800][17.023s][info][gc,marking  ] GC(599) Concurrent Rebuild Remembered Sets and Scrub Regions
[2026-06-17T10:02:20.526+0800][17.023s][info][gc,marking  ] GC(599) Concurrent Rebuild Remembered Sets and Scrub Regions 0.399ms
[2026-06-17T10:02:20.526+0800][17.023s][info][gc,start    ] GC(599) Pause Cleanup
[2026-06-17T10:02:20.526+0800][17.023s][info][gc          ] GC(599) Pause Cleanup 42M->42M(64M) 0.134ms
[2026-06-17T10:02:20.527+0800][17.023s][info][gc,cpu      ] GC(599) User=0.00s Sys=0.00s Real=0.00s
[2026-06-17T10:02:20.527+0800][17.023s][info][gc,marking  ] GC(599) Concurrent Clear Claimed Marks
[2026-06-17T10:02:20.527+0800][17.024s][info][gc,marking  ] GC(599) Concurrent Clear Claimed Marks 0.120ms
[2026-06-17T10:02:20.527+0800][17.024s][info][gc,marking  ] GC(599) Concurrent Cleanup for Next Mark
[2026-06-17T10:02:20.527+0800][17.024s][info][gc,marking  ] GC(599) Concurrent Cleanup for Next Mark 0.163ms
[2026-06-17T10:02:20.527+0800][17.024s][info][gc          ] GC(599) Concurrent Mark Cycle 4.963ms
[2026-06-17T10:02:20.564+0800][17.061s][info][gc,start    ] GC(600) Pause Young (Prepare Mixed) (G1 Evacuation Pause)
[2026-06-17T10:02:20.565+0800][17.061s][info][gc,task     ] GC(600) Using 2 workers of 18 for evacuation
[2026-06-17T10:02:20.566+0800][17.063s][info][gc,phases   ] GC(600)   Pre Evacuate Collection Set: 0.27ms
[2026-06-17T10:02:20.566+0800][17.063s][info][gc,phases   ] GC(600)   Merge Heap Roots: 0.08ms
[2026-06-17T10:02:20.567+0800][17.063s][info][gc,phases   ] GC(600)   Evacuate Collection Set: 0.38ms
[2026-06-17T10:02:20.567+0800][17.064s][info][gc,phases   ] GC(600)   Post Evacuate Collection Set: 0.36ms
[2026-06-17T10:02:20.567+0800][17.064s][info][gc,phases   ] GC(600)   Other: 0.41ms
[2026-06-17T10:02:20.567+0800][17.064s][info][gc,heap     ] GC(600) Eden regions: 13->0(10)
[2026-06-17T10:02:20.567+0800][17.064s][info][gc,heap     ] GC(600) Survivor regions: 0->2(2)
[2026-06-17T10:02:20.568+0800][17.064s][info][gc,heap     ] GC(600) Old regions: 27->28
[2026-06-17T10:02:20.568+0800][17.065s][info][gc,heap     ] GC(600) Humongous regions: 16->16
[2026-06-17T10:02:20.568+0800][17.065s][info][gc,metaspace] GC(600) Metaspace: 112K(320K)->112K(320K) NonClass: 105K(192K)->105K(192K) Class: 7K(128K)->7K(128K)
[2026-06-17T10:02:20.568+0800][17.065s][info][gc          ] GC(600) Pause Young (Prepare Mixed) (G1 Evacuation Pause) 55M->45M(64M) 4.114ms
[2026-06-17T10:02:20.568+0800][17.065s][info][gc,cpu      ] GC(600) User=0.00s Sys=0.00s Real=0.00s
[2026-06-17T10:02:20.590+0800][17.087s][info][gc,start    ] GC(601) Pause Young (Mixed) (G1 Evacuation Pause)
[2026-06-17T10:02:20.590+0800][17.087s][info][gc,task     ] GC(601) Using 2 workers of 18 for evacuation
[2026-06-17T10:02:20.592+0800][17.089s][info][gc,phases   ] GC(601)   Pre Evacuate Collection Set: 0.19ms
[2026-06-17T10:02:20.592+0800][17.089s][info][gc,phases   ] GC(601)   Merge Heap Roots: 0.07ms
[2026-06-17T10:02:20.592+0800][17.089s][info][gc,phases   ] GC(601)   Evacuate Collection Set: 0.70ms
[2026-06-17T10:02:20.592+0800][17.089s][info][gc,phases   ] GC(601)   Post Evacuate Collection Set: 0.27ms
[2026-06-17T10:02:20.593+0800][17.090s][info][gc,phases   ] GC(601)   Other: 0.33ms
[2026-06-17T10:02:20.593+0800][17.090s][info][gc,heap     ] GC(601) Eden regions: 10->0(9)
[2026-06-17T10:02:20.593+0800][17.090s][info][gc,heap     ] GC(601) Survivor regions: 2->2(2)
[2026-06-17T10:02:20.594+0800][17.090s][info][gc,heap     ] GC(601) Old regions: 28->27
[2026-06-17T10:02:20.594+0800][17.091s][info][gc,heap     ] GC(601) Humongous regions: 16->16
[2026-06-17T10:02:20.594+0800][17.091s][info][gc,metaspace] GC(601) Metaspace: 112K(320K)->112K(320K) NonClass: 105K(192K)->105K(192K) Class: 7K(128K)->7K(128K)
[2026-06-17T10:02:20.594+0800][17.091s][info][gc          ] GC(601) Pause Young (Mixed) (G1 Evacuation Pause) 55M->44M(64M) 4.127ms
[2026-06-17T10:02:20.594+0800][17.091s][info][gc,cpu      ] GC(601) User=0.00s Sys=0.00s Real=0.01s
[2026-06-17T10:02:20.615+0800][17.112s][info][gc,start    ] GC(602) Pause Young (Concurrent Start) (G1 Evacuation Pause)
[2026-06-17T10:02:20.616+0800][17.113s][info][gc,task     ] GC(602) Using 2 workers of 18 for evacuation
[2026-06-17T10:02:20.617+0800][17.114s][info][gc,phases   ] GC(602)   Pre Evacuate Collection Set: 0.13ms
[2026-06-17T10:02:20.617+0800][17.114s][info][gc,phases   ] GC(602)   Merge Heap Roots: 0.04ms
[2026-06-17T10:02:20.617+0800][17.114s][info][gc,phases   ] GC(602)   Evacuate Collection Set: 0.38ms
[2026-06-17T10:02:20.618+0800][17.114s][info][gc,phases   ] GC(602)   Post Evacuate Collection Set: 0.19ms
[2026-06-17T10:02:20.618+0800][17.115s][info][gc,phases   ] GC(602)   Other: 0.54ms
[2026-06-17T10:02:20.618+0800][17.115s][info][gc,heap     ] GC(602) Eden regions: 9->0(6)
[2026-06-17T10:02:20.618+0800][17.115s][info][gc,heap     ] GC(602) Survivor regions: 2->2(2)
[2026-06-17T10:02:20.618+0800][17.115s][info][gc,heap     ] GC(602) Old regions: 27->30
[2026-06-17T10:02:20.619+0800][17.116s][info][gc,heap     ] GC(602) Humongous regions: 16->16
[2026-06-17T10:02:20.619+0800][17.116s][info][gc,metaspace] GC(602) Metaspace: 112K(320K)->112K(320K) NonClass: 105K(192K)->105K(192K) Class: 7K(128K)->7K(128K)
[2026-06-17T10:02:20.619+0800][17.116s][info][gc          ] GC(602) Pause Young (Concurrent Start) (G1 Evacuation Pause) 53M->47M(64M) 4.060ms
[2026-06-17T10:02:20.619+0800][17.116s][info][gc,cpu      ] GC(602) User=0.00s Sys=0.00s Real=0.00s
[2026-06-17T10:02:20.619+0800][17.116s][info][gc          ] GC(603) Concurrent Mark Cycle
[2026-06-17T10:02:20.620+0800][17.117s][info][gc,marking  ] GC(603) Concurrent Scan Root Regions
[2026-06-17T10:02:20.620+0800][17.117s][info][gc,marking  ] GC(603) Concurrent Scan Root Regions 0.151ms
[2026-06-17T10:02:20.620+0800][17.117s][info][gc,marking  ] GC(603) Concurrent Mark
[2026-06-17T10:02:20.620+0800][17.117s][info][gc,marking  ] GC(603) Concurrent Mark From Roots
[2026-06-17T10:02:20.620+0800][17.117s][info][gc,task     ] GC(603) Using 5 workers of 5 for marking
[2026-06-17T10:02:20.621+0800][17.118s][info][gc,marking  ] GC(603) Concurrent Mark From Roots 1.423ms
[2026-06-17T10:02:20.622+0800][17.118s][info][gc,marking  ] GC(603) Concurrent Preclean
[2026-06-17T10:02:20.622+0800][17.119s][info][gc,marking  ] GC(603) Concurrent Preclean 0.173ms
[2026-06-17T10:02:20.622+0800][17.119s][info][gc,start    ] GC(603) Pause Remark
[2026-06-17T10:02:20.622+0800][17.119s][info][gc          ] GC(603) Pause Remark 49M->41M(64M) 0.400ms
[2026-06-17T10:02:20.622+0800][17.119s][info][gc,cpu      ] GC(603) User=0.00s Sys=0.00s Real=0.01s
[2026-06-17T10:02:20.623+0800][17.119s][info][gc,marking  ] GC(603) Concurrent Mark 2.553ms
[2026-06-17T10:02:20.623+0800][17.120s][info][gc,marking  ] GC(603) Concurrent Rebuild Remembered Sets and Scrub Regions
[2026-06-17T10:02:20.623+0800][17.120s][info][gc,marking  ] GC(603) Concurrent Rebuild Remembered Sets and Scrub Regions 0.445ms
[2026-06-17T10:02:20.623+0800][17.120s][info][gc,start    ] GC(603) Pause Cleanup
[2026-06-17T10:02:20.623+0800][17.120s][info][gc          ] GC(603) Pause Cleanup 41M->41M(64M) 0.222ms
[2026-06-17T10:02:20.624+0800][17.120s][info][gc,cpu      ] GC(603) User=0.00s Sys=0.00s Real=0.00s
[2026-06-17T10:02:20.624+0800][17.121s][info][gc,marking  ] GC(603) Concurrent Clear Claimed Marks
[2026-06-17T10:02:20.624+0800][17.121s][info][gc,marking  ] GC(603) Concurrent Clear Claimed Marks 0.067ms
[2026-06-17T10:02:20.624+0800][17.121s][info][gc,marking  ] GC(603) Concurrent Cleanup for Next Mark
[2026-06-17T10:02:20.624+0800][17.121s][info][gc,marking  ] GC(603) Concurrent Cleanup for Next Mark 0.140ms
[2026-06-17T10:02:20.624+0800][17.121s][info][gc          ] GC(603) Concurrent Mark Cycle 4.671ms
[2026-06-17T10:02:20.640+0800][17.137s][info][gc,start    ] GC(604) Pause Young (Prepare Mixed) (G1 Evacuation Pause)
[2026-06-17T10:02:20.641+0800][17.138s][info][gc,task     ] GC(604) Using 2 workers of 18 for evacuation
[2026-06-17T10:02:20.642+0800][17.138s][info][gc,phases   ] GC(604)   Pre Evacuate Collection Set: 0.13ms
[2026-06-17T10:02:20.642+0800][17.139s][info][gc,phases   ] GC(604)   Merge Heap Roots: 0.12ms
[2026-06-17T10:02:20.642+0800][17.139s][info][gc,phases   ] GC(604)   Evacuate Collection Set: 0.24ms
[2026-06-17T10:02:20.642+0800][17.139s][info][gc,phases   ] GC(604)   Post Evacuate Collection Set: 0.18ms
[2026-06-17T10:02:20.642+0800][17.139s][info][gc,phases   ] GC(604)   Other: 0.17ms
[2026-06-17T10:02:20.642+0800][17.139s][info][gc,heap     ] GC(604) Eden regions: 6->0(13)
[2026-06-17T10:02:20.642+0800][17.139s][info][gc,heap     ] GC(604) Survivor regions: 2->1(1)
[2026-06-17T10:02:20.642+0800][17.139s][info][gc,heap     ] GC(604) Old regions: 22->24
[2026-06-17T10:02:20.643+0800][17.139s][info][gc,heap     ] GC(604) Humongous regions: 16->16
[2026-06-17T10:02:20.643+0800][17.139s][info][gc,metaspace] GC(604) Metaspace: 112K(320K)->112K(320K) NonClass: 105K(192K)->105K(192K) Class: 7K(128K)->7K(128K)
[2026-06-17T10:02:20.644+0800][17.140s][info][gc          ] GC(604) Pause Young (Prepare Mixed) (G1 Evacuation Pause) 45M->40M(64M) 3.158ms
[2026-06-17T10:02:20.644+0800][17.141s][info][gc,cpu      ] GC(604) User=0.00s Sys=0.00s Real=0.01s
[2026-06-17T10:02:20.679+0800][17.176s][info][gc,start    ] GC(605) Pause Young (Mixed) (G1 Evacuation Pause)
[2026-06-17T10:02:20.680+0800][17.177s][info][gc,task     ] GC(605) Using 2 workers of 18 for evacuation
[2026-06-17T10:02:20.682+0800][17.179s][info][gc,phases   ] GC(605)   Pre Evacuate Collection Set: 0.33ms
[2026-06-17T10:02:20.682+0800][17.179s][info][gc,phases   ] GC(605)   Merge Heap Roots: 0.08ms
[2026-06-17T10:02:20.683+0800][17.180s][info][gc,phases   ] GC(605)   Evacuate Collection Set: 0.77ms
[2026-06-17T10:02:20.683+0800][17.180s][info][gc,phases   ] GC(605)   Post Evacuate Collection Set: 0.61ms
[2026-06-17T10:02:20.684+0800][17.180s][info][gc,phases   ] GC(605)   Other: 0.45ms
[2026-06-17T10:02:20.684+0800][17.181s][info][gc,heap     ] GC(605) Eden regions: 13->0(12)
[2026-06-17T10:02:20.684+0800][17.181s][info][gc,heap     ] GC(605) Survivor regions: 1->2(2)
[2026-06-17T10:02:20.684+0800][17.181s][info][gc,heap     ] GC(605) Old regions: 24->23
[2026-06-17T10:02:20.685+0800][17.181s][info][gc,heap     ] GC(605) Humongous regions: 16->16
[2026-06-17T10:02:20.685+0800][17.182s][info][gc,metaspace] GC(605) Metaspace: 112K(320K)->112K(320K) NonClass: 105K(192K)->105K(192K) Class: 7K(128K)->7K(128K)
[2026-06-17T10:02:20.685+0800][17.182s][info][gc          ] GC(605) Pause Young (Mixed) (G1 Evacuation Pause) 53M->40M(64M) 5.652ms
[2026-06-17T10:02:20.685+0800][17.182s][info][gc,cpu      ] GC(605) User=0.01s Sys=0.01s Real=0.01s
[2026-06-17T10:02:20.717+0800][17.214s][info][gc,start    ] GC(606) Pause Young (Normal) (G1 Evacuation Pause)
[2026-06-17T10:02:20.718+0800][17.215s][info][gc,task     ] GC(606) Using 2 workers of 18 for evacuation
[2026-06-17T10:02:20.719+0800][17.216s][info][gc,phases   ] GC(606)   Pre Evacuate Collection Set: 0.25ms
[2026-06-17T10:02:20.719+0800][17.216s][info][gc,phases   ] GC(606)   Merge Heap Roots: 0.06ms
[2026-06-17T10:02:20.720+0800][17.216s][info][gc,phases   ] GC(606)   Evacuate Collection Set: 0.38ms
[2026-06-17T10:02:20.720+0800][17.217s][info][gc,phases   ] GC(606)   Post Evacuate Collection Set: 0.34ms
[2026-06-17T10:02:20.720+0800][17.217s][info][gc,phases   ] GC(606)   Other: 0.34ms
[2026-06-17T10:02:20.720+0800][17.217s][info][gc,heap     ] GC(606) Eden regions: 12->0(9)
[2026-06-17T10:02:20.720+0800][17.217s][info][gc,heap     ] GC(606) Survivor regions: 2->2(2)
[2026-06-17T10:02:20.721+0800][17.217s][info][gc,heap     ] GC(606) Old regions: 23->27
[2026-06-17T10:02:20.721+0800][17.218s][info][gc,heap     ] GC(606) Humongous regions: 16->16
[2026-06-17T10:02:20.721+0800][17.218s][info][gc,metaspace] GC(606) Metaspace: 112K(320K)->112K(320K) NonClass: 105K(192K)->105K(192K) Class: 7K(128K)->7K(128K)
[2026-06-17T10:02:20.721+0800][17.218s][info][gc          ] GC(606) Pause Young (Normal) (G1 Evacuation Pause) 52M->44M(64M) 3.801ms
[2026-06-17T10:02:20.721+0800][17.218s][info][gc,cpu      ] GC(606) User=0.00s Sys=0.00s Real=0.00s
[2026-06-17T10:02:20.732+0800][17.229s][info][gc,start    ] GC(607) Pause Young (Concurrent Start) (G1 Humongous Allocation)
[2026-06-17T10:02:20.732+0800][17.229s][info][gc,task     ] GC(607) Using 2 workers of 18 for evacuation
[2026-06-17T10:02:20.733+0800][17.230s][info][gc,phases   ] GC(607)   Pre Evacuate Collection Set: 0.13ms
[2026-06-17T10:02:20.733+0800][17.230s][info][gc,phases   ] GC(607)   Merge Heap Roots: 0.03ms
[2026-06-17T10:02:20.733+0800][17.230s][info][gc,phases   ] GC(607)   Evacuate Collection Set: 0.25ms
[2026-06-17T10:02:20.733+0800][17.230s][info][gc,phases   ] GC(607)   Post Evacuate Collection Set: 0.13ms
[2026-06-17T10:02:20.733+0800][17.230s][info][gc,phases   ] GC(607)   Other: 0.17ms
[2026-06-17T10:02:20.733+0800][17.230s][info][gc,heap     ] GC(607) Eden regions: 7->0(8)
[2026-06-17T10:02:20.733+0800][17.230s][info][gc,heap     ] GC(607) Survivor regions: 2->2(2)
[2026-06-17T10:02:20.733+0800][17.230s][info][gc,heap     ] GC(607) Old regions: 27->28
[2026-06-17T10:02:20.733+0800][17.230s][info][gc,heap     ] GC(607) Humongous regions: 16->16
[2026-06-17T10:02:20.734+0800][17.230s][info][gc,metaspace] GC(607) Metaspace: 112K(320K)->112K(320K) NonClass: 105K(192K)->105K(192K) Class: 7K(128K)->7K(128K)
[2026-06-17T10:02:20.734+0800][17.231s][info][gc          ] GC(607) Pause Young (Concurrent Start) (G1 Humongous Allocation) 50M->45M(64M) 1.947ms
[2026-06-17T10:02:20.734+0800][17.231s][info][gc,cpu      ] GC(607) User=0.00s Sys=0.00s Real=0.00s
[2026-06-17T10:02:20.734+0800][17.231s][info][gc          ] GC(608) Concurrent Mark Cycle
[2026-06-17T10:02:20.734+0800][17.231s][info][gc,marking  ] GC(608) Concurrent Scan Root Regions
[2026-06-17T10:02:20.735+0800][17.231s][info][gc,marking  ] GC(608) Concurrent Scan Root Regions 0.241ms
[2026-06-17T10:02:20.735+0800][17.232s][info][gc,marking  ] GC(608) Concurrent Mark
[2026-06-17T10:02:20.735+0800][17.232s][info][gc,marking  ] GC(608) Concurrent Mark From Roots
[2026-06-17T10:02:20.735+0800][17.232s][info][gc,task     ] GC(608) Using 5 workers of 5 for marking
[2026-06-17T10:02:20.736+0800][17.233s][info][gc,marking  ] GC(608) Concurrent Mark From Roots 1.575ms
[2026-06-17T10:02:20.737+0800][17.234s][info][gc,marking  ] GC(608) Concurrent Preclean
[2026-06-17T10:02:20.737+0800][17.234s][info][gc,marking  ] GC(608) Concurrent Preclean 0.451ms
[2026-06-17T10:02:20.738+0800][17.235s][info][gc,start    ] GC(608) Pause Remark
[2026-06-17T10:02:20.739+0800][17.235s][info][gc          ] GC(608) Pause Remark 47M->47M(64M) 0.890ms
[2026-06-17T10:02:20.739+0800][17.236s][info][gc,cpu      ] GC(608) User=0.00s Sys=0.00s Real=0.00s
[2026-06-17T10:02:20.739+0800][17.236s][info][gc,marking  ] GC(608) Concurrent Mark 4.156ms
[2026-06-17T10:02:20.739+0800][17.236s][info][gc,marking  ] GC(608) Concurrent Rebuild Remembered Sets and Scrub Regions
[2026-06-17T10:02:20.740+0800][17.236s][info][gc,marking  ] GC(608) Concurrent Rebuild Remembered Sets and Scrub Regions 0.575ms
[2026-06-17T10:02:20.740+0800][17.237s][info][gc,start    ] GC(608) Pause Cleanup
[2026-06-17T10:02:20.740+0800][17.237s][info][gc          ] GC(608) Pause Cleanup 47M->47M(64M) 0.273ms
[2026-06-17T10:02:20.740+0800][17.237s][info][gc,cpu      ] GC(608) User=0.00s Sys=0.00s Real=0.00s
[2026-06-17T10:02:20.741+0800][17.237s][info][gc,marking  ] GC(608) Concurrent Clear Claimed Marks
[2026-06-17T10:02:20.741+0800][17.238s][info][gc,marking  ] GC(608) Concurrent Clear Claimed Marks 0.152ms
[2026-06-17T10:02:20.741+0800][17.238s][info][gc,marking  ] GC(608) Concurrent Cleanup for Next Mark
[2026-06-17T10:02:20.741+0800][17.238s][info][gc,marking  ] GC(608) Concurrent Cleanup for Next Mark 0.284ms
[2026-06-17T10:02:20.741+0800][17.238s][info][gc          ] GC(608) Concurrent Mark Cycle 7.262ms
[2026-06-17T10:02:20.755+0800][17.252s][info][gc,start    ] GC(609) Pause Young (Prepare Mixed) (G1 Evacuation Pause)
[2026-06-17T10:02:20.756+0800][17.253s][info][gc,task     ] GC(609) Using 2 workers of 18 for evacuation
[2026-06-17T10:02:20.757+0800][17.254s][info][gc,phases   ] GC(609)   Pre Evacuate Collection Set: 0.10ms
[2026-06-17T10:02:20.758+0800][17.255s][info][gc,phases   ] GC(609)   Merge Heap Roots: 0.05ms
[2026-06-17T10:02:20.758+0800][17.255s][info][gc,phases   ] GC(609)   Evacuate Collection Set: 0.24ms
[2026-06-17T10:02:20.759+0800][17.256s][info][gc,phases   ] GC(609)   Post Evacuate Collection Set: 0.14ms
[2026-06-17T10:02:20.759+0800][17.256s][info][gc,phases   ] GC(609)   Other: 0.61ms
[2026-06-17T10:02:20.760+0800][17.257s][info][gc,heap     ] GC(609) Eden regions: 8->0(7)
[2026-06-17T10:02:20.761+0800][17.257s][info][gc,heap     ] GC(609) Survivor regions: 2->2(2)
[2026-06-17T10:02:20.761+0800][17.258s][info][gc,heap     ] GC(609) Old regions: 28->30
[2026-06-17T10:02:20.761+0800][17.258s][info][gc,heap     ] GC(609) Humongous regions: 18->18
[2026-06-17T10:02:20.762+0800][17.259s][info][gc,metaspace] GC(609) Metaspace: 112K(320K)->112K(320K) NonClass: 105K(192K)->105K(192K) Class: 7K(128K)->7K(128K)
[2026-06-17T10:02:20.762+0800][17.259s][info][gc          ] GC(609) Pause Young (Prepare Mixed) (G1 Evacuation Pause) 55M->48M(64M) 6.854ms
[2026-06-17T10:02:20.763+0800][17.259s][info][gc,cpu      ] GC(609) User=0.00s Sys=0.00s Real=0.01s
[2026-06-17T10:02:20.784+0800][17.281s][info][gc,start    ] GC(610) Pause Young (Mixed) (G1 Evacuation Pause)
[2026-06-17T10:02:20.785+0800][17.282s][info][gc,task     ] GC(610) Using 2 workers of 18 for evacuation
[2026-06-17T10:02:20.787+0800][17.283s][info][gc,phases   ] GC(610)   Pre Evacuate Collection Set: 0.14ms
[2026-06-17T10:02:20.787+0800][17.284s][info][gc,phases   ] GC(610)   Merge Heap Roots: 0.06ms
[2026-06-17T10:02:20.788+0800][17.285s][info][gc,phases   ] GC(610)   Evacuate Collection Set: 0.46ms
[2026-06-17T10:02:20.789+0800][17.286s][info][gc,phases   ] GC(610)   Post Evacuate Collection Set: 0.31ms
[2026-06-17T10:02:20.789+0800][17.286s][info][gc,phases   ] GC(610)   Other: 0.84ms
[2026-06-17T10:02:20.790+0800][17.287s][info][gc,heap     ] GC(610) Eden regions: 7->0(6)
[2026-06-17T10:02:20.791+0800][17.288s][info][gc,heap     ] GC(610) Survivor regions: 2->2(2)
[2026-06-17T10:02:20.791+0800][17.288s][info][gc,heap     ] GC(610) Old regions: 30->30
[2026-06-17T10:02:20.792+0800][17.289s][info][gc,heap     ] GC(610) Humongous regions: 18->18
[2026-06-17T10:02:20.793+0800][17.290s][info][gc,metaspace] GC(610) Metaspace: 112K(320K)->112K(320K) NonClass: 105K(192K)->105K(192K) Class: 7K(128K)->7K(128K)
[2026-06-17T10:02:20.793+0800][17.290s][info][gc          ] GC(610) Pause Young (Mixed) (G1 Evacuation Pause) (Evacuation Failure) 55M->49M(64M) 9.349ms
[2026-06-17T10:02:20.794+0800][17.291s][info][gc,cpu      ] GC(610) User=0.01s Sys=0.00s Real=0.01s
[2026-06-17T10:02:20.805+0800][17.302s][info][gc,start    ] GC(611) Pause Young (Mixed) (G1 Evacuation Pause)
[2026-06-17T10:02:20.806+0800][17.303s][info][gc,task     ] GC(611) Using 2 workers of 18 for evacuation
[2026-06-17T10:02:20.808+0800][17.305s][info][gc,phases   ] GC(611)   Pre Evacuate Collection Set: 0.24ms
[2026-06-17T10:02:20.808+0800][17.305s][info][gc,phases   ] GC(611)   Merge Heap Roots: 0.04ms
[2026-06-17T10:02:20.809+0800][17.306s][info][gc,phases   ] GC(611)   Evacuate Collection Set: 0.35ms
[2026-06-17T10:02:20.809+0800][17.306s][info][gc,phases   ] GC(611)   Post Evacuate Collection Set: 0.27ms
[2026-06-17T10:02:20.810+0800][17.307s][info][gc,phases   ] GC(611)   Other: 0.81ms
[2026-06-17T10:02:20.810+0800][17.307s][info][gc,heap     ] GC(611) Eden regions: 6->0(7)
[2026-06-17T10:02:20.811+0800][17.308s][info][gc,heap     ] GC(611) Survivor regions: 2->1(1)
[2026-06-17T10:02:20.812+0800][17.309s][info][gc,heap     ] GC(611) Old regions: 30->30
[2026-06-17T10:02:20.812+0800][17.309s][info][gc,heap     ] GC(611) Humongous regions: 18->18
[2026-06-17T10:02:20.813+0800][17.310s][info][gc,metaspace] GC(611) Metaspace: 112K(320K)->112K(320K) NonClass: 105K(192K)->105K(192K) Class: 7K(128K)->7K(128K)
[2026-06-17T10:02:20.813+0800][17.310s][info][gc          ] GC(611) Pause Young (Mixed) (G1 Evacuation Pause) 55M->48M(64M) 7.879ms
[2026-06-17T10:02:20.814+0800][17.311s][info][gc,cpu      ] GC(611) User=0.00s Sys=0.00s Real=0.01s
[2026-06-17T10:02:20.836+0800][17.332s][info][gc,start    ] GC(612) Pause Young (Concurrent Start) (G1 Evacuation Pause)
[2026-06-17T10:02:20.837+0800][17.333s][info][gc,task     ] GC(612) Using 2 workers of 18 for evacuation
[2026-06-17T10:02:20.839+0800][17.336s][info][gc,phases   ] GC(612)   Pre Evacuate Collection Set: 0.29ms
[2026-06-17T10:02:20.840+0800][17.337s][info][gc,phases   ] GC(612)   Merge Heap Roots: 0.23ms
[2026-06-17T10:02:20.841+0800][17.338s][info][gc,phases   ] GC(612)   Evacuate Collection Set: 0.74ms
[2026-06-17T10:02:20.842+0800][17.338s][info][gc,phases   ] GC(612)   Post Evacuate Collection Set: 0.37ms
[2026-06-17T10:02:20.842+0800][17.339s][info][gc,phases   ] GC(612)   Other: 1.16ms
[2026-06-17T10:02:20.843+0800][17.340s][info][gc,heap     ] GC(612) Eden regions: 7->0(4)
[2026-06-17T10:02:20.844+0800][17.341s][info][gc,heap     ] GC(612) Survivor regions: 1->1(1)
[2026-06-17T10:02:20.844+0800][17.341s][info][gc,heap     ] GC(612) Old regions: 30->34
[2026-06-17T10:02:20.844+0800][17.341s][info][gc,heap     ] GC(612) Humongous regions: 18->18
[2026-06-17T10:02:20.844+0800][17.341s][info][gc,metaspace] GC(612) Metaspace: 112K(320K)->112K(320K) NonClass: 105K(192K)->105K(192K) Class: 7K(128K)->7K(128K)
[2026-06-17T10:02:20.845+0800][17.342s][info][gc          ] GC(612) Pause Young (Concurrent Start) (G1 Evacuation Pause) 55M->51M(64M) 9.258ms
[2026-06-17T10:02:20.845+0800][17.342s][info][gc,cpu      ] GC(612) User=0.00s Sys=0.00s Real=0.01s
[2026-06-17T10:02:20.845+0800][17.342s][info][gc          ] GC(613) Concurrent Mark Cycle
[2026-06-17T10:02:20.845+0800][17.342s][info][gc,marking  ] GC(613) Concurrent Scan Root Regions
[2026-06-17T10:02:20.846+0800][17.343s][info][gc,marking  ] GC(613) Concurrent Scan Root Regions 0.256ms
[2026-06-17T10:02:20.846+0800][17.343s][info][gc,marking  ] GC(613) Concurrent Mark
[2026-06-17T10:02:20.846+0800][17.343s][info][gc,marking  ] GC(613) Concurrent Mark From Roots
[2026-06-17T10:02:20.846+0800][17.343s][info][gc,task     ] GC(613) Using 5 workers of 5 for marking
[2026-06-17T10:02:20.848+0800][17.344s][info][gc,marking  ] GC(613) Concurrent Mark From Roots 1.545ms
[2026-06-17T10:02:20.848+0800][17.345s][info][gc,marking  ] GC(613) Concurrent Preclean
[2026-06-17T10:02:20.848+0800][17.345s][info][gc,marking  ] GC(613) Concurrent Preclean 0.094ms
[2026-06-17T10:02:20.848+0800][17.345s][info][gc,start    ] GC(613) Pause Remark
[2026-06-17T10:02:20.848+0800][17.345s][info][gc          ] GC(613) Pause Remark 52M->41M(64M) 0.455ms
[2026-06-17T10:02:20.848+0800][17.345s][info][gc,cpu      ] GC(613) User=0.00s Sys=0.00s Real=0.00s
[2026-06-17T10:02:20.849+0800][17.345s][info][gc,marking  ] GC(613) Concurrent Mark 2.696ms
[2026-06-17T10:02:20.849+0800][17.346s][info][gc,marking  ] GC(613) Concurrent Rebuild Remembered Sets and Scrub Regions
[2026-06-17T10:02:20.849+0800][17.346s][info][gc,marking  ] GC(613) Concurrent Rebuild Remembered Sets and Scrub Regions 0.660ms
[2026-06-17T10:02:20.850+0800][17.346s][info][gc,start    ] GC(613) Pause Cleanup
[2026-06-17T10:02:20.850+0800][17.347s][info][gc          ] GC(613) Pause Cleanup 41M->41M(64M) 0.213ms
[2026-06-17T10:02:20.850+0800][17.347s][info][gc,cpu      ] GC(613) User=0.00s Sys=0.00s Real=0.00s
[2026-06-17T10:02:20.850+0800][17.347s][info][gc,marking  ] GC(613) Concurrent Clear Claimed Marks
[2026-06-17T10:02:20.850+0800][17.347s][info][gc,marking  ] GC(613) Concurrent Clear Claimed Marks 0.090ms
[2026-06-17T10:02:20.850+0800][17.347s][info][gc,marking  ] GC(613) Concurrent Cleanup for Next Mark
[2026-06-17T10:02:20.850+0800][17.347s][info][gc,marking  ] GC(613) Concurrent Cleanup for Next Mark 0.159ms
[2026-06-17T10:02:20.850+0800][17.347s][info][gc          ] GC(613) Concurrent Mark Cycle 5.352ms
[2026-06-17T10:02:20.856+0800][17.353s][info][gc,start    ] GC(614) Pause Young (Prepare Mixed) (G1 Evacuation Pause)
[2026-06-17T10:02:20.856+0800][17.353s][info][gc,task     ] GC(614) Using 2 workers of 18 for evacuation
[2026-06-17T10:02:20.856+0800][17.353s][info][gc,phases   ] GC(614)   Pre Evacuate Collection Set: 0.12ms
[2026-06-17T10:02:20.857+0800][17.353s][info][gc,phases   ] GC(614)   Merge Heap Roots: 0.04ms
[2026-06-17T10:02:20.857+0800][17.354s][info][gc,phases   ] GC(614)   Evacuate Collection Set: 0.11ms
[2026-06-17T10:02:20.857+0800][17.354s][info][gc,phases   ] GC(614)   Post Evacuate Collection Set: 0.15ms
[2026-06-17T10:02:20.857+0800][17.354s][info][gc,phases   ] GC(614)   Other: 0.18ms
[2026-06-17T10:02:20.857+0800][17.354s][info][gc,heap     ] GC(614) Eden regions: 4->0(12)
[2026-06-17T10:02:20.857+0800][17.354s][info][gc,heap     ] GC(614) Survivor regions: 1->1(1)
[2026-06-17T10:02:20.857+0800][17.354s][info][gc,heap     ] GC(614) Old regions: 23->23
[2026-06-17T10:02:20.857+0800][17.354s][info][gc,heap     ] GC(614) Humongous regions: 18->18
[2026-06-17T10:02:20.858+0800][17.354s][info][gc,metaspace] GC(614) Metaspace: 112K(320K)->112K(320K) NonClass: 105K(192K)->105K(192K) Class: 7K(128K)->7K(128K)
[2026-06-17T10:02:20.858+0800][17.354s][info][gc          ] GC(614) Pause Young (Prepare Mixed) (G1 Evacuation Pause) 44M->40M(64M) 1.949ms
[2026-06-17T10:02:20.858+0800][17.355s][info][gc,cpu      ] GC(614) User=0.00s Sys=0.00s Real=0.00s
[2026-06-17T10:02:20.889+0800][17.386s][info][gc,start    ] GC(615) Pause Young (Mixed) (G1 Evacuation Pause)
[2026-06-17T10:02:20.890+0800][17.387s][info][gc,task     ] GC(615) Using 2 workers of 18 for evacuation
[2026-06-17T10:02:20.892+0800][17.388s][info][gc,phases   ] GC(615)   Pre Evacuate Collection Set: 0.14ms
[2026-06-17T10:02:20.893+0800][17.390s][info][gc,phases   ] GC(615)   Merge Heap Roots: 0.05ms
[2026-06-17T10:02:20.894+0800][17.391s][info][gc,phases   ] GC(615)   Evacuate Collection Set: 0.30ms
[2026-06-17T10:02:20.944+0800][17.441s][info][gc,phases   ] GC(615)   Post Evacuate Collection Set: 0.29ms
[2026-06-17T10:02:20.954+0800][17.451s][info][gc,phases   ] GC(615)   Other: 0.44ms
[2026-06-17T10:02:21.004+0800][17.501s][info][gc,heap     ] GC(615) Eden regions: 12->0(11)
[2026-06-17T10:02:21.004+0800][17.501s][info][gc,heap     ] GC(615) Survivor regions: 1->2(2)
[2026-06-17T10:02:21.004+0800][17.501s][info][gc,heap     ] GC(615) Old regions: 23->23
[2026-06-17T10:02:21.008+0800][17.505s][info][gc,heap     ] GC(615) Humongous regions: 18->18
[2026-06-17T10:02:21.009+0800][17.506s][info][gc,metaspace] GC(615) Metaspace: 112K(320K)->112K(320K) NonClass: 105K(192K)->105K(192K) Class: 7K(128K)->7K(128K)
[2026-06-17T10:02:21.013+0800][17.509s][info][gc          ] GC(615) Pause Young (Mixed) (G1 Evacuation Pause) 52M->42M(64M) 123.267ms
[2026-06-17T10:02:21.013+0800][17.510s][info][gc,cpu      ] GC(615) User=0.00s Sys=0.00s Real=0.13s
[2026-06-17T10:02:21.049+0800][17.546s][info][gc,start    ] GC(616) Pause Young (Concurrent Start) (G1 Evacuation Pause)
[2026-06-17T10:02:21.051+0800][17.548s][info][gc,task     ] GC(616) Using 2 workers of 18 for evacuation
[2026-06-17T10:02:21.052+0800][17.549s][info][gc,phases   ] GC(616)   Pre Evacuate Collection Set: 0.18ms
[2026-06-17T10:02:21.059+0800][17.555s][info][gc,phases   ] GC(616)   Merge Heap Roots: 0.05ms
[2026-06-17T10:02:21.063+0800][17.559s][info][gc,phases   ] GC(616)   Evacuate Collection Set: 0.52ms
[2026-06-17T10:02:21.068+0800][17.565s][info][gc,phases   ] GC(616)   Post Evacuate Collection Set: 0.23ms
[2026-06-17T10:02:21.068+0800][17.565s][info][gc,phases   ] GC(616)   Other: 0.73ms
[2026-06-17T10:02:21.068+0800][17.565s][info][gc,heap     ] GC(616) Eden regions: 11->0(9)
[2026-06-17T10:02:21.073+0800][17.570s][info][gc,heap     ] GC(616) Survivor regions: 2->2(2)
[2026-06-17T10:02:21.074+0800][17.571s][info][gc,heap     ] GC(616) Old regions: 23->27
[2026-06-17T10:02:21.075+0800][17.572s][info][gc,heap     ] GC(616) Humongous regions: 18->18
[2026-06-17T10:02:21.077+0800][17.574s][info][gc,metaspace] GC(616) Metaspace: 112K(320K)->112K(320K) NonClass: 105K(192K)->105K(192K) Class: 7K(128K)->7K(128K)
[2026-06-17T10:02:21.079+0800][17.576s][info][gc          ] GC(616) Pause Young (Concurrent Start) (G1 Evacuation Pause) 53M->46M(64M) 30.190ms
[2026-06-17T10:02:21.081+0800][17.578s][info][gc,cpu      ] GC(616) User=0.01s Sys=0.00s Real=0.03s
[2026-06-17T10:02:21.081+0800][17.578s][info][gc          ] GC(617) Concurrent Mark Cycle
[2026-06-17T10:02:21.083+0800][17.580s][info][gc,marking  ] GC(617) Concurrent Scan Root Regions
[2026-06-17T10:02:21.086+0800][17.583s][info][gc,marking  ] GC(617) Concurrent Scan Root Regions 2.490ms
[2026-06-17T10:02:21.086+0800][17.583s][info][gc,marking  ] GC(617) Concurrent Mark
[2026-06-17T10:02:21.094+0800][17.591s][info][gc,marking  ] GC(617) Concurrent Mark From Roots
[2026-06-17T10:02:21.105+0800][17.602s][info][gc,task     ] GC(617) Using 5 workers of 5 for marking
[2026-06-17T10:02:21.104+0800][17.601s][info][gc,start    ] GC(618) Pause Young (Normal) (G1 Evacuation Pause)
[2026-06-17T10:02:21.111+0800][17.608s][info][gc,task     ] GC(618) Using 2 workers of 18 for evacuation
[2026-06-17T10:02:21.116+0800][17.613s][info][gc,phases   ] GC(618)   Pre Evacuate Collection Set: 0.16ms
[2026-06-17T10:02:21.117+0800][17.614s][info][gc,phases   ] GC(618)   Merge Heap Roots: 0.06ms
[2026-06-17T10:02:21.120+0800][17.617s][info][gc,phases   ] GC(618)   Evacuate Collection Set: 0.50ms
[2026-06-17T10:02:21.120+0800][17.617s][info][gc,phases   ] GC(618)   Post Evacuate Collection Set: 0.35ms
[2026-06-17T10:02:21.121+0800][17.618s][info][gc,phases   ] GC(618)   Other: 3.54ms
[2026-06-17T10:02:21.123+0800][17.620s][info][gc,heap     ] GC(618) Eden regions: 9->0(5)
[2026-06-17T10:02:21.125+0800][17.622s][info][gc,heap     ] GC(618) Survivor regions: 2->2(2)
[2026-06-17T10:02:21.128+0800][17.625s][info][gc,heap     ] GC(618) Old regions: 27->31
[2026-06-17T10:02:21.129+0800][17.626s][info][gc,heap     ] GC(618) Humongous regions: 18->18
[2026-06-17T10:02:21.129+0800][17.626s][info][gc,metaspace] GC(618) Metaspace: 112K(320K)->112K(320K) NonClass: 105K(192K)->105K(192K) Class: 7K(128K)->7K(128K)
[2026-06-17T10:02:21.130+0800][17.627s][info][gc          ] GC(618) Pause Young (Normal) (G1 Evacuation Pause) 55M->50M(64M) 26.294ms
[2026-06-17T10:02:21.131+0800][17.628s][info][gc,cpu      ] GC(618) User=0.00s Sys=0.00s Real=0.03s
[2026-06-17T10:02:21.132+0800][17.629s][info][gc,marking  ] GC(617) Concurrent Mark From Roots 38.522ms
[2026-06-17T10:02:21.133+0800][17.630s][info][gc,marking  ] GC(617) Concurrent Preclean
[2026-06-17T10:02:21.133+0800][17.630s][info][gc,marking  ] GC(617) Concurrent Preclean 0.332ms
[2026-06-17T10:02:21.134+0800][17.631s][info][gc,start    ] GC(617) Pause Remark
[2026-06-17T10:02:21.135+0800][17.632s][info][gc          ] GC(617) Pause Remark 50M->48M(64M) 0.945ms
[2026-06-17T10:02:21.135+0800][17.632s][info][gc,cpu      ] GC(617) User=0.00s Sys=0.00s Real=0.00s
[2026-06-17T10:02:21.135+0800][17.632s][info][gc,marking  ] GC(617) Concurrent Mark 49.081ms
[2026-06-17T10:02:21.135+0800][17.632s][info][gc,marking  ] GC(617) Concurrent Rebuild Remembered Sets and Scrub Regions
[2026-06-17T10:02:21.139+0800][17.635s][info][gc,marking  ] GC(617) Concurrent Rebuild Remembered Sets and Scrub Regions 3.103ms
[2026-06-17T10:02:21.141+0800][17.638s][info][gc,start    ] GC(617) Pause Cleanup
[2026-06-17T10:02:21.144+0800][17.640s][info][gc          ] GC(617) Pause Cleanup 48M->48M(64M) 2.593ms
[2026-06-17T10:02:21.145+0800][17.642s][info][gc,cpu      ] GC(617) User=0.00s Sys=0.00s Real=0.01s
[2026-06-17T10:02:21.146+0800][17.643s][info][gc,marking  ] GC(617) Concurrent Clear Claimed Marks
[2026-06-17T10:02:21.146+0800][17.643s][info][gc,start    ] GC(619) Pause Young (Prepare Mixed) (G1 Evacuation Pause)
[2026-06-17T10:02:21.146+0800][17.643s][info][gc,marking  ] GC(617) Concurrent Clear Claimed Marks 0.514ms
[2026-06-17T10:02:21.147+0800][17.644s][info][gc,marking  ] GC(617) Concurrent Cleanup for Next Mark
[2026-06-17T10:02:21.147+0800][17.643s][info][gc,task     ] GC(619) Using 2 workers of 18 for evacuation
[2026-06-17T10:02:21.149+0800][17.646s][info][gc,phases   ] GC(619)   Pre Evacuate Collection Set: 0.12ms
[2026-06-17T10:02:21.149+0800][17.646s][info][gc,phases   ] GC(619)   Merge Heap Roots: 0.06ms
[2026-06-17T10:02:21.150+0800][17.647s][info][gc,phases   ] GC(619)   Evacuate Collection Set: 0.30ms
[2026-06-17T10:02:21.150+0800][17.647s][info][gc,phases   ] GC(619)   Post Evacuate Collection Set: 0.21ms
[2026-06-17T10:02:21.150+0800][17.647s][info][gc,phases   ] GC(619)   Other: 1.37ms
[2026-06-17T10:02:21.151+0800][17.648s][info][gc,heap     ] GC(619) Eden regions: 5->0(6)
[2026-06-17T10:02:21.151+0800][17.648s][info][gc,heap     ] GC(619) Survivor regions: 2->1(1)
[2026-06-17T10:02:21.151+0800][17.648s][info][gc,heap     ] GC(619) Old regions: 29->31
[2026-06-17T10:02:21.152+0800][17.649s][info][gc,heap     ] GC(619) Humongous regions: 18->18
[2026-06-17T10:02:21.152+0800][17.649s][info][gc,metaspace] GC(619) Metaspace: 112K(320K)->112K(320K) NonClass: 105K(192K)->105K(192K) Class: 7K(128K)->7K(128K)
[2026-06-17T10:02:21.153+0800][17.650s][info][gc          ] GC(619) Pause Young (Prepare Mixed) (G1 Evacuation Pause) 53M->49M(64M) 6.657ms
[2026-06-17T10:02:21.153+0800][17.650s][info][gc,cpu      ] GC(619) User=0.01s Sys=0.00s Real=0.01s
[2026-06-17T10:02:21.154+0800][17.651s][info][gc,marking  ] GC(617) Concurrent Cleanup for Next Mark 6.798ms
[2026-06-17T10:02:21.154+0800][17.651s][info][gc          ] GC(617) Concurrent Mark Cycle 72.890ms
[2026-06-17T10:02:21.175+0800][17.672s][info][gc,start    ] GC(620) Pause Young (Mixed) (G1 Evacuation Pause)
[2026-06-17T10:02:21.176+0800][17.672s][info][gc,task     ] GC(620) Using 2 workers of 18 for evacuation
[2026-06-17T10:02:21.177+0800][17.674s][info][gc,phases   ] GC(620)   Pre Evacuate Collection Set: 0.20ms
[2026-06-17T10:02:21.178+0800][17.675s][info][gc,phases   ] GC(620)   Merge Heap Roots: 0.07ms
[2026-06-17T10:02:21.178+0800][17.675s][info][gc,phases   ] GC(620)   Evacuate Collection Set: 0.42ms
[2026-06-17T10:02:21.179+0800][17.676s][info][gc,phases   ] GC(620)   Post Evacuate Collection Set: 0.21ms
[2026-06-17T10:02:21.179+0800][17.676s][info][gc,phases   ] GC(620)   Other: 0.71ms
[2026-06-17T10:02:21.180+0800][17.677s][info][gc,heap     ] GC(620) Eden regions: 6->0(10)
[2026-06-17T10:02:21.181+0800][17.678s][info][gc,heap     ] GC(620) Survivor regions: 1->1(1)
[2026-06-17T10:02:21.182+0800][17.679s][info][gc,heap     ] GC(620) Old regions: 31->32
[2026-06-17T10:02:21.182+0800][17.679s][info][gc,heap     ] GC(620) Humongous regions: 19->10
[2026-06-17T10:02:21.183+0800][17.679s][info][gc,metaspace] GC(620) Metaspace: 112K(320K)->112K(320K) NonClass: 105K(192K)->105K(192K) Class: 7K(128K)->7K(128K)
[2026-06-17T10:02:21.183+0800][17.680s][info][gc          ] GC(620) Pause Young (Mixed) (G1 Evacuation Pause) 56M->42M(64M) 8.397ms
[2026-06-17T10:02:21.184+0800][17.680s][info][gc,cpu      ] GC(620) User=0.00s Sys=0.01s Real=0.01s
[2026-06-17T10:02:21.206+0800][17.702s][info][gc,start    ] GC(621) Pause Young (Normal) (G1 Evacuation Pause)
[2026-06-17T10:02:21.206+0800][17.703s][info][gc,task     ] GC(621) Using 2 workers of 18 for evacuation
[2026-06-17T10:02:21.208+0800][17.705s][info][gc,phases   ] GC(621)   Pre Evacuate Collection Set: 0.16ms
[2026-06-17T10:02:21.208+0800][17.705s][info][gc,phases   ] GC(621)   Merge Heap Roots: 0.06ms
[2026-06-17T10:02:21.209+0800][17.706s][info][gc,phases   ] GC(621)   Evacuate Collection Set: 0.42ms
[2026-06-17T10:02:21.210+0800][17.707s][info][gc,phases   ] GC(621)   Post Evacuate Collection Set: 0.24ms
[2026-06-17T10:02:21.211+0800][17.708s][info][gc,phases   ] GC(621)   Other: 0.61ms
[2026-06-17T10:02:21.212+0800][17.709s][info][gc,heap     ] GC(621) Eden regions: 10->0(5)
[2026-06-17T10:02:21.212+0800][17.709s][info][gc,heap     ] GC(621) Survivor regions: 1->2(2)
[2026-06-17T10:02:21.213+0800][17.710s][info][gc,heap     ] GC(621) Old regions: 32->37
[2026-06-17T10:02:21.214+0800][17.711s][info][gc,heap     ] GC(621) Humongous regions: 10->10
[2026-06-17T10:02:21.214+0800][17.711s][info][gc,metaspace] GC(621) Metaspace: 112K(320K)->112K(320K) NonClass: 105K(192K)->105K(192K) Class: 7K(128K)->7K(128K)
[2026-06-17T10:02:21.215+0800][17.711s][info][gc          ] GC(621) Pause Young (Normal) (G1 Evacuation Pause) 52M->48M(64M) 8.905ms
[2026-06-17T10:02:21.215+0800][17.712s][info][gc,cpu      ] GC(621) User=0.00s Sys=0.00s Real=0.01s
[2026-06-17T10:02:21.237+0800][17.733s][info][gc,start    ] GC(622) Pause Young (Concurrent Start) (G1 Evacuation Pause)
[2026-06-17T10:02:21.237+0800][17.734s][info][gc,task     ] GC(622) Using 2 workers of 18 for evacuation
[2026-06-17T10:02:21.239+0800][17.735s][info][gc,phases   ] GC(622)   Pre Evacuate Collection Set: 0.22ms
[2026-06-17T10:02:21.239+0800][17.736s][info][gc,phases   ] GC(622)   Merge Heap Roots: 0.06ms
[2026-06-17T10:02:21.239+0800][17.736s][info][gc,phases   ] GC(622)   Evacuate Collection Set: 0.27ms
[2026-06-17T10:02:21.240+0800][17.736s][info][gc,phases   ] GC(622)   Post Evacuate Collection Set: 0.43ms
[2026-06-17T10:02:21.240+0800][17.737s][info][gc,phases   ] GC(622)   Other: 0.47ms
[2026-06-17T10:02:21.240+0800][17.737s][info][gc,heap     ] GC(622) Eden regions: 5->0(6)
[2026-06-17T10:02:21.240+0800][17.737s][info][gc,heap     ] GC(622) Survivor regions: 2->1(1)
[2026-06-17T10:02:21.240+0800][17.737s][info][gc,heap     ] GC(622) Old regions: 37->38
[2026-06-17T10:02:21.240+0800][17.737s][info][gc,heap     ] GC(622) Humongous regions: 10->10
[2026-06-17T10:02:21.241+0800][17.737s][info][gc,metaspace] GC(622) Metaspace: 112K(320K)->112K(320K) NonClass: 105K(192K)->105K(192K) Class: 7K(128K)->7K(128K)
[2026-06-17T10:02:21.241+0800][17.738s][info][gc          ] GC(622) Pause Young (Concurrent Start) (G1 Evacuation Pause) 53M->48M(64M) 4.139ms
[2026-06-17T10:02:21.241+0800][17.738s][info][gc,cpu      ] GC(622) User=0.00s Sys=0.00s Real=0.00s
[2026-06-17T10:02:21.241+0800][17.738s][info][gc          ] GC(623) Concurrent Mark Cycle
[2026-06-17T10:02:21.241+0800][17.738s][info][gc,marking  ] GC(623) Concurrent Scan Root Regions
[2026-06-17T10:02:21.241+0800][17.738s][info][gc,marking  ] GC(623) Concurrent Scan Root Regions 0.240ms
[2026-06-17T10:02:21.241+0800][17.738s][info][gc,marking  ] GC(623) Concurrent Mark
[2026-06-17T10:02:21.241+0800][17.738s][info][gc,marking  ] GC(623) Concurrent Mark From Roots
[2026-06-17T10:02:21.242+0800][17.738s][info][gc,task     ] GC(623) Using 5 workers of 5 for marking
[2026-06-17T10:02:21.243+0800][17.740s][info][gc,marking  ] GC(623) Concurrent Mark From Roots 1.614ms
[2026-06-17T10:02:21.244+0800][17.740s][info][gc,marking  ] GC(623) Concurrent Preclean
[2026-06-17T10:02:21.244+0800][17.741s][info][gc,marking  ] GC(623) Concurrent Preclean 0.141ms
[2026-06-17T10:02:21.244+0800][17.741s][info][gc,start    ] GC(623) Pause Remark
[2026-06-17T10:02:21.244+0800][17.741s][info][gc          ] GC(623) Pause Remark 53M->44M(64M) 0.403ms
[2026-06-17T10:02:21.244+0800][17.741s][info][gc,cpu      ] GC(623) User=0.00s Sys=0.00s Real=0.00s
[2026-06-17T10:02:21.245+0800][17.741s][info][gc,marking  ] GC(623) Concurrent Mark 3.138ms
[2026-06-17T10:02:21.245+0800][17.741s][info][gc,marking  ] GC(623) Concurrent Rebuild Remembered Sets and Scrub Regions
[2026-06-17T10:02:21.245+0800][17.742s][info][gc,marking  ] GC(623) Concurrent Rebuild Remembered Sets and Scrub Regions 0.546ms
[2026-06-17T10:02:21.245+0800][17.742s][info][gc,start    ] GC(623) Pause Cleanup
[2026-06-17T10:02:21.246+0800][17.742s][info][gc          ] GC(623) Pause Cleanup 44M->44M(64M) 0.186ms
[2026-06-17T10:02:21.246+0800][17.743s][info][gc,cpu      ] GC(623) User=0.00s Sys=0.00s Real=0.00s
[2026-06-17T10:02:21.246+0800][17.743s][info][gc,marking  ] GC(623) Concurrent Clear Claimed Marks
[2026-06-17T10:02:21.246+0800][17.743s][info][gc,marking  ] GC(623) Concurrent Clear Claimed Marks 0.134ms
[2026-06-17T10:02:21.246+0800][17.743s][info][gc,marking  ] GC(623) Concurrent Cleanup for Next Mark
[2026-06-17T10:02:21.246+0800][17.743s][info][gc,marking  ] GC(623) Concurrent Cleanup for Next Mark 0.196ms
[2026-06-17T10:02:21.246+0800][17.743s][info][gc          ] GC(623) Concurrent Mark Cycle 5.452ms
[2026-06-17T10:02:21.252+0800][17.748s][info][gc,start    ] GC(624) Pause Young (Prepare Mixed) (G1 Evacuation Pause)
[2026-06-17T10:02:21.252+0800][17.749s][info][gc,task     ] GC(624) Using 2 workers of 18 for evacuation
[2026-06-17T10:02:21.252+0800][17.749s][info][gc,phases   ] GC(624)   Pre Evacuate Collection Set: 0.08ms
[2026-06-17T10:02:21.253+0800][17.750s][info][gc,phases   ] GC(624)   Merge Heap Roots: 0.03ms
[2026-06-17T10:02:21.253+0800][17.750s][info][gc,phases   ] GC(624)   Evacuate Collection Set: 0.25ms
[2026-06-17T10:02:21.253+0800][17.750s][info][gc,phases   ] GC(624)   Post Evacuate Collection Set: 0.15ms
[2026-06-17T10:02:21.253+0800][17.750s][info][gc,phases   ] GC(624)   Other: 0.15ms
[2026-06-17T10:02:21.253+0800][17.750s][info][gc,heap     ] GC(624) Eden regions: 6->0(10)
[2026-06-17T10:02:21.253+0800][17.750s][info][gc,heap     ] GC(624) Survivor regions: 1->1(1)
[2026-06-17T10:02:21.253+0800][17.750s][info][gc,heap     ] GC(624) Old regions: 29->32
[2026-06-17T10:02:21.253+0800][17.750s][info][gc,heap     ] GC(624) Humongous regions: 10->10
[2026-06-17T10:02:21.253+0800][17.750s][info][gc,metaspace] GC(624) Metaspace: 112K(320K)->112K(320K) NonClass: 105K(192K)->105K(192K) Class: 7K(128K)->7K(128K)
[2026-06-17T10:02:21.253+0800][17.750s][info][gc          ] GC(624) Pause Young (Prepare Mixed) (G1 Evacuation Pause) 45M->42M(64M) 1.811ms
[2026-06-17T10:02:21.253+0800][17.750s][info][gc,cpu      ] GC(624) User=0.00s Sys=0.00s Real=0.00s
[2026-06-17T10:02:21.275+0800][17.771s][info][gc,start    ] GC(625) Pause Young (Mixed) (G1 Evacuation Pause)
[2026-06-17T10:02:21.275+0800][17.772s][info][gc,task     ] GC(625) Using 2 workers of 18 for evacuation
[2026-06-17T10:02:21.276+0800][17.773s][info][gc,phases   ] GC(625)   Pre Evacuate Collection Set: 0.16ms
[2026-06-17T10:02:21.276+0800][17.773s][info][gc,phases   ] GC(625)   Merge Heap Roots: 0.04ms
[2026-06-17T10:02:21.276+0800][17.773s][info][gc,phases   ] GC(625)   Evacuate Collection Set: 0.25ms
[2026-06-17T10:02:21.276+0800][17.773s][info][gc,phases   ] GC(625)   Post Evacuate Collection Set: 0.22ms
[2026-06-17T10:02:21.276+0800][17.773s][info][gc,phases   ] GC(625)   Other: 0.23ms
[2026-06-17T10:02:21.276+0800][17.773s][info][gc,heap     ] GC(625) Eden regions: 10->0(14)
[2026-06-17T10:02:21.277+0800][17.773s][info][gc,heap     ] GC(625) Survivor regions: 1->2(2)
[2026-06-17T10:02:21.277+0800][17.773s][info][gc,heap     ] GC(625) Old regions: 32->27
[2026-06-17T10:02:21.277+0800][17.774s][info][gc,heap     ] GC(625) Humongous regions: 10->10
[2026-06-17T10:02:21.277+0800][17.774s][info][gc,metaspace] GC(625) Metaspace: 112K(320K)->112K(320K) NonClass: 105K(192K)->105K(192K) Class: 7K(128K)->7K(128K)
[2026-06-17T10:02:21.277+0800][17.774s][info][gc          ] GC(625) Pause Young (Mixed) (G1 Evacuation Pause) 52M->37M(64M) 2.396ms
[2026-06-17T10:02:21.277+0800][17.774s][info][gc,cpu      ] GC(625) User=0.00s Sys=0.00s Real=0.00s
[2026-06-17T10:02:21.319+0800][17.816s][info][gc,start    ] GC(626) Pause Young (Mixed) (G1 Evacuation Pause)
[2026-06-17T10:02:21.320+0800][17.816s][info][gc,task     ] GC(626) Using 2 workers of 18 for evacuation
[2026-06-17T10:02:21.321+0800][17.818s][info][gc,phases   ] GC(626)   Pre Evacuate Collection Set: 0.22ms
[2026-06-17T10:02:21.322+0800][17.819s][info][gc,phases   ] GC(626)   Merge Heap Roots: 0.09ms
[2026-06-17T10:02:21.322+0800][17.819s][info][gc,phases   ] GC(626)   Evacuate Collection Set: 0.67ms
[2026-06-17T10:02:21.322+0800][17.819s][info][gc,phases   ] GC(626)   Post Evacuate Collection Set: 0.35ms
[2026-06-17T10:02:21.323+0800][17.820s][info][gc,phases   ] GC(626)   Other: 0.46ms
[2026-06-17T10:02:21.323+0800][17.820s][info][gc,heap     ] GC(626) Eden regions: 14->0(13)
[2026-06-17T10:02:21.323+0800][17.820s][info][gc,heap     ] GC(626) Survivor regions: 2->2(2)
[2026-06-17T10:02:21.324+0800][17.821s][info][gc,heap     ] GC(626) Old regions: 27->28
[2026-06-17T10:02:21.324+0800][17.821s][info][gc,heap     ] GC(626) Humongous regions: 10->10
[2026-06-17T10:02:21.324+0800][17.821s][info][gc,metaspace] GC(626) Metaspace: 112K(320K)->112K(320K) NonClass: 105K(192K)->105K(192K) Class: 7K(128K)->7K(128K)
[2026-06-17T10:02:21.324+0800][17.821s][info][gc          ] GC(626) Pause Young (Mixed) (G1 Evacuation Pause) 51M->39M(64M) 5.462ms
[2026-06-17T10:02:21.325+0800][17.822s][info][gc,cpu      ] GC(626) User=0.01s Sys=0.00s Real=0.01s
[2026-06-17T10:02:21.357+0800][17.853s][info][gc,start    ] GC(627) Pause Young (Mixed) (G1 Evacuation Pause)
[2026-06-17T10:02:21.358+0800][17.854s][info][gc,task     ] GC(627) Using 2 workers of 18 for evacuation
[2026-06-17T10:02:21.359+0800][17.856s][info][gc,phases   ] GC(627)   Pre Evacuate Collection Set: 0.20ms
[2026-06-17T10:02:21.360+0800][17.857s][info][gc,phases   ] GC(627)   Merge Heap Roots: 0.05ms
[2026-06-17T10:02:21.360+0800][17.857s][info][gc,phases   ] GC(627)   Evacuate Collection Set: 0.61ms
[2026-06-17T10:02:21.360+0800][17.857s][info][gc,phases   ] GC(627)   Post Evacuate Collection Set: 0.31ms
[2026-06-17T10:02:21.360+0800][17.857s][info][gc,phases   ] GC(627)   Other: 0.52ms
[2026-06-17T10:02:21.360+0800][17.857s][info][gc,heap     ] GC(627) Eden regions: 13->0(11)
[2026-06-17T10:02:21.360+0800][17.857s][info][gc,heap     ] GC(627) Survivor regions: 2->2(2)
[2026-06-17T10:02:21.361+0800][17.858s][info][gc,heap     ] GC(627) Old regions: 28->30
[2026-06-17T10:02:21.361+0800][17.858s][info][gc,heap     ] GC(627) Humongous regions: 10->10
[2026-06-17T10:02:21.361+0800][17.858s][info][gc,metaspace] GC(627) Metaspace: 112K(320K)->112K(320K) NonClass: 105K(192K)->105K(192K) Class: 7K(128K)->7K(128K)
[2026-06-17T10:02:21.361+0800][17.858s][info][gc          ] GC(627) Pause Young (Mixed) (G1 Evacuation Pause) 52M->41M(64M) 4.599ms
[2026-06-17T10:02:21.361+0800][17.858s][info][gc,cpu      ] GC(627) User=0.00s Sys=0.00s Real=0.00s
[2026-06-17T10:02:21.393+0800][17.890s][info][gc,start    ] GC(628) Pause Young (Normal) (G1 Evacuation Pause)
[2026-06-17T10:02:21.394+0800][17.891s][info][gc,task     ] GC(628) Using 2 workers of 18 for evacuation
[2026-06-17T10:02:21.395+0800][17.892s][info][gc,phases   ] GC(628)   Pre Evacuate Collection Set: 0.10ms
[2026-06-17T10:02:21.395+0800][17.892s][info][gc,phases   ] GC(628)   Merge Heap Roots: 0.10ms
[2026-06-17T10:02:21.396+0800][17.892s][info][gc,phases   ] GC(628)   Evacuate Collection Set: 0.48ms
[2026-06-17T10:02:21.396+0800][17.893s][info][gc,phases   ] GC(628)   Post Evacuate Collection Set: 0.34ms
[2026-06-17T10:02:21.396+0800][17.893s][info][gc,phases   ] GC(628)   Other: 0.21ms
[2026-06-17T10:02:21.398+0800][17.895s][info][gc,heap     ] GC(628) Eden regions: 11->0(7)
[2026-06-17T10:02:21.400+0800][17.897s][info][gc,heap     ] GC(628) Survivor regions: 2->2(2)
[2026-06-17T10:02:21.402+0800][17.899s][info][gc,heap     ] GC(628) Old regions: 30->34
[2026-06-17T10:02:21.403+0800][17.899s][info][gc,heap     ] GC(628) Humongous regions: 12->12
[2026-06-17T10:02:21.404+0800][17.901s][info][gc,metaspace] GC(628) Metaspace: 112K(320K)->112K(320K) NonClass: 105K(192K)->105K(192K) Class: 7K(128K)->7K(128K)
[2026-06-17T10:02:21.405+0800][17.902s][info][gc          ] GC(628) Pause Young (Normal) (G1 Evacuation Pause) 54M->47M(64M) 11.409ms
[2026-06-17T10:02:21.406+0800][17.903s][info][gc,cpu      ] GC(628) User=0.00s Sys=0.00s Real=0.01s
[2026-06-17T10:02:21.428+0800][17.925s][info][gc,start    ] GC(629) Pause Young (Concurrent Start) (G1 Evacuation Pause)
[2026-06-17T10:02:21.428+0800][17.925s][info][gc,task     ] GC(629) Using 2 workers of 18 for evacuation
[2026-06-17T10:02:21.429+0800][17.926s][info][gc,phases   ] GC(629)   Pre Evacuate Collection Set: 0.19ms
[2026-06-17T10:02:21.429+0800][17.926s][info][gc,phases   ] GC(629)   Merge Heap Roots: 0.05ms
[2026-06-17T10:02:21.430+0800][17.926s][info][gc,phases   ] GC(629)   Evacuate Collection Set: 0.22ms
[2026-06-17T10:02:21.430+0800][17.927s][info][gc,phases   ] GC(629)   Post Evacuate Collection Set: 0.18ms
[2026-06-17T10:02:21.430+0800][17.927s][info][gc,phases   ] GC(629)   Other: 0.42ms
[2026-06-17T10:02:21.430+0800][17.927s][info][gc,heap     ] GC(629) Eden regions: 7->0(7)
[2026-06-17T10:02:21.430+0800][17.927s][info][gc,heap     ] GC(629) Survivor regions: 2->2(2)
[2026-06-17T10:02:21.430+0800][17.927s][info][gc,heap     ] GC(629) Old regions: 34->35
[2026-06-17T10:02:21.430+0800][17.927s][info][gc,heap     ] GC(629) Humongous regions: 12->12
[2026-06-17T10:02:21.430+0800][17.927s][info][gc,metaspace] GC(629) Metaspace: 112K(320K)->112K(320K) NonClass: 105K(192K)->105K(192K) Class: 7K(128K)->7K(128K)
[2026-06-17T10:02:21.431+0800][17.928s][info][gc          ] GC(629) Pause Young (Concurrent Start) (G1 Evacuation Pause) 54M->47M(64M) 3.183ms
[2026-06-17T10:02:21.431+0800][17.928s][info][gc,cpu      ] GC(629) User=0.00s Sys=0.00s Real=0.01s
[2026-06-17T10:02:21.431+0800][17.928s][info][gc          ] GC(630) Concurrent Mark Cycle
[2026-06-17T10:02:21.432+0800][17.929s][info][gc,marking  ] GC(630) Concurrent Scan Root Regions
[2026-06-17T10:02:21.432+0800][17.929s][info][gc,marking  ] GC(630) Concurrent Scan Root Regions 0.299ms
[2026-06-17T10:02:21.433+0800][17.929s][info][gc,marking  ] GC(630) Concurrent Mark
[2026-06-17T10:02:21.433+0800][17.930s][info][gc,marking  ] GC(630) Concurrent Mark From Roots
[2026-06-17T10:02:21.433+0800][17.930s][info][gc,task     ] GC(630) Using 5 workers of 5 for marking
[2026-06-17T10:02:21.434+0800][17.931s][info][gc,marking  ] GC(630) Concurrent Mark From Roots 1.496ms
[2026-06-17T10:02:21.434+0800][17.931s][info][gc,marking  ] GC(630) Concurrent Preclean
[2026-06-17T10:02:21.435+0800][17.931s][info][gc,marking  ] GC(630) Concurrent Preclean 0.133ms
[2026-06-17T10:02:21.435+0800][17.932s][info][gc,start    ] GC(630) Pause Remark
[2026-06-17T10:02:21.435+0800][17.932s][info][gc          ] GC(630) Pause Remark 51M->43M(64M) 0.389ms
[2026-06-17T10:02:21.435+0800][17.932s][info][gc,cpu      ] GC(630) User=0.00s Sys=0.00s Real=0.00s
[2026-06-17T10:02:21.435+0800][17.932s][info][gc,marking  ] GC(630) Concurrent Mark 2.634ms
[2026-06-17T10:02:21.435+0800][17.932s][info][gc,marking  ] GC(630) Concurrent Rebuild Remembered Sets and Scrub Regions
[2026-06-17T10:02:21.436+0800][17.933s][info][gc,marking  ] GC(630) Concurrent Rebuild Remembered Sets and Scrub Regions 0.430ms
[2026-06-17T10:02:21.436+0800][17.933s][info][gc,start    ] GC(630) Pause Cleanup
[2026-06-17T10:02:21.436+0800][17.933s][info][gc          ] GC(630) Pause Cleanup 43M->43M(64M) 0.142ms
[2026-06-17T10:02:21.436+0800][17.933s][info][gc,cpu      ] GC(630) User=0.00s Sys=0.00s Real=0.00s
[2026-06-17T10:02:21.436+0800][17.933s][info][gc,marking  ] GC(630) Concurrent Clear Claimed Marks
[2026-06-17T10:02:21.436+0800][17.933s][info][gc,marking  ] GC(630) Concurrent Clear Claimed Marks 0.076ms
[2026-06-17T10:02:21.437+0800][17.933s][info][gc,marking  ] GC(630) Concurrent Cleanup for Next Mark
[2026-06-17T10:02:21.437+0800][17.934s][info][gc,marking  ] GC(630) Concurrent Cleanup for Next Mark 0.252ms
[2026-06-17T10:02:21.437+0800][17.934s][info][gc          ] GC(630) Concurrent Mark Cycle 5.847ms
[2026-06-17T10:02:21.453+0800][17.950s][info][gc,start    ] GC(631) Pause Young (Prepare Mixed) (G1 Evacuation Pause)
[2026-06-17T10:02:21.453+0800][17.950s][info][gc,task     ] GC(631) Using 2 workers of 18 for evacuation
[2026-06-17T10:02:21.454+0800][17.951s][info][gc,phases   ] GC(631)   Pre Evacuate Collection Set: 0.11ms
[2026-06-17T10:02:21.455+0800][17.951s][info][gc,phases   ] GC(631)   Merge Heap Roots: 0.06ms
[2026-06-17T10:02:21.455+0800][17.952s][info][gc,phases   ] GC(631)   Evacuate Collection Set: 0.24ms
[2026-06-17T10:02:21.455+0800][17.952s][info][gc,phases   ] GC(631)   Post Evacuate Collection Set: 0.20ms
[2026-06-17T10:02:21.455+0800][17.952s][info][gc,phases   ] GC(631)   Other: 0.28ms
[2026-06-17T10:02:21.455+0800][17.952s][info][gc,heap     ] GC(631) Eden regions: 7->0(13)
[2026-06-17T10:02:21.456+0800][17.952s][info][gc,heap     ] GC(631) Survivor regions: 2->2(2)
[2026-06-17T10:02:21.456+0800][17.953s][info][gc,heap     ] GC(631) Old regions: 27->27
[2026-06-17T10:02:21.456+0800][17.953s][info][gc,heap     ] GC(631) Humongous regions: 12->12
[2026-06-17T10:02:21.456+0800][17.953s][info][gc,metaspace] GC(631) Metaspace: 112K(320K)->112K(320K) NonClass: 105K(192K)->105K(192K) Class: 7K(128K)->7K(128K)
[2026-06-17T10:02:21.456+0800][17.953s][info][gc          ] GC(631) Pause Young (Prepare Mixed) (G1 Evacuation Pause) 46M->40M(64M) 3.094ms
[2026-06-17T10:02:21.456+0800][17.953s][info][gc,cpu      ] GC(631) User=0.00s Sys=0.00s Real=0.00s
[2026-06-17T10:02:21.488+0800][17.985s][info][gc,start    ] GC(632) Pause Young (Mixed) (G1 Evacuation Pause)
[2026-06-17T10:02:21.488+0800][17.985s][info][gc,task     ] GC(632) Using 2 workers of 18 for evacuation
[2026-06-17T10:02:21.490+0800][17.987s][info][gc,phases   ] GC(632)   Pre Evacuate Collection Set: 0.20ms
[2026-06-17T10:02:21.490+0800][17.987s][info][gc,phases   ] GC(632)   Merge Heap Roots: 0.07ms
[2026-06-17T10:02:21.490+0800][17.987s][info][gc,phases   ] GC(632)   Evacuate Collection Set: 0.64ms
[2026-06-17T10:02:21.491+0800][17.987s][info][gc,phases   ] GC(632)   Post Evacuate Collection Set: 0.33ms
[2026-06-17T10:02:21.491+0800][17.988s][info][gc,phases   ] GC(632)   Other: 0.29ms
[2026-06-17T10:02:21.491+0800][17.988s][info][gc,heap     ] GC(632) Eden regions: 13->0(13)
[2026-06-17T10:02:21.491+0800][17.988s][info][gc,heap     ] GC(632) Survivor regions: 2->2(2)
[2026-06-17T10:02:21.491+0800][17.988s][info][gc,heap     ] GC(632) Old regions: 27->26
[2026-06-17T10:02:21.492+0800][17.989s][info][gc,heap     ] GC(632) Humongous regions: 12->12
[2026-06-17T10:02:21.492+0800][17.989s][info][gc,metaspace] GC(632) Metaspace: 112K(320K)->112K(320K) NonClass: 105K(192K)->105K(192K) Class: 7K(128K)->7K(128K)
[2026-06-17T10:02:21.492+0800][17.989s][info][gc          ] GC(632) Pause Young (Mixed) (G1 Evacuation Pause) 53M->39M(64M) 4.344ms
[2026-06-17T10:02:21.492+0800][17.989s][info][gc,cpu      ] GC(632) User=0.01s Sys=0.00s Real=0.01s
[2026-06-17T10:02:21.524+0800][18.021s][info][gc,start    ] GC(633) Pause Young (Mixed) (G1 Evacuation Pause)
[2026-06-17T10:02:21.524+0800][18.021s][info][gc,task     ] GC(633) Using 2 workers of 18 for evacuation
[2026-06-17T10:02:21.526+0800][18.023s][info][gc,phases   ] GC(633)   Pre Evacuate Collection Set: 0.15ms
[2026-06-17T10:02:21.526+0800][18.023s][info][gc,phases   ] GC(633)   Merge Heap Roots: 0.06ms
[2026-06-17T10:02:21.526+0800][18.023s][info][gc,phases   ] GC(633)   Evacuate Collection Set: 0.67ms
[2026-06-17T10:02:21.526+0800][18.023s][info][gc,phases   ] GC(633)   Post Evacuate Collection Set: 0.21ms
[2026-06-17T10:02:21.526+0800][18.023s][info][gc,phases   ] GC(633)   Other: 0.23ms
[2026-06-17T10:02:21.526+0800][18.023s][info][gc,heap     ] GC(633) Eden regions: 13->0(11)
[2026-06-17T10:02:21.527+0800][18.023s][info][gc,heap     ] GC(633) Survivor regions: 2->2(2)
[2026-06-17T10:02:21.527+0800][18.024s][info][gc,heap     ] GC(633) Old regions: 26->28
[2026-06-17T10:02:21.527+0800][18.024s][info][gc,heap     ] GC(633) Humongous regions: 12->12
[2026-06-17T10:02:21.527+0800][18.024s][info][gc,metaspace] GC(633) Metaspace: 112K(320K)->112K(320K) NonClass: 105K(192K)->105K(192K) Class: 7K(128K)->7K(128K)
[2026-06-17T10:02:21.527+0800][18.024s][info][gc          ] GC(633) Pause Young (Mixed) (G1 Evacuation Pause) 52M->41M(64M) 3.052ms
[2026-06-17T10:02:21.527+0800][18.024s][info][gc,cpu      ] GC(633) User=0.00s Sys=0.00s Real=0.00s
[2026-06-17T10:02:21.559+0800][18.055s][info][gc,start    ] GC(634) Pause Young (Concurrent Start) (G1 Evacuation Pause)
[2026-06-17T10:02:21.559+0800][18.056s][info][gc,task     ] GC(634) Using 2 workers of 18 for evacuation
[2026-06-17T10:02:21.561+0800][18.057s][info][gc,phases   ] GC(634)   Pre Evacuate Collection Set: 0.15ms
[2026-06-17T10:02:21.561+0800][18.058s][info][gc,phases   ] GC(634)   Merge Heap Roots: 0.06ms
[2026-06-17T10:02:21.561+0800][18.058s][info][gc,phases   ] GC(634)   Evacuate Collection Set: 0.50ms
[2026-06-17T10:02:21.561+0800][18.058s][info][gc,phases   ] GC(634)   Post Evacuate Collection Set: 0.22ms
[2026-06-17T10:02:21.561+0800][18.058s][info][gc,phases   ] GC(634)   Other: 0.51ms
[2026-06-17T10:02:21.561+0800][18.058s][info][gc,heap     ] GC(634) Eden regions: 11->0(7)
[2026-06-17T10:02:21.562+0800][18.058s][info][gc,heap     ] GC(634) Survivor regions: 2->2(2)
[2026-06-17T10:02:21.562+0800][18.058s][info][gc,heap     ] GC(634) Old regions: 28->32
[2026-06-17T10:02:21.562+0800][18.059s][info][gc,heap     ] GC(634) Humongous regions: 12->12
[2026-06-17T10:02:21.562+0800][18.059s][info][gc,metaspace] GC(634) Metaspace: 112K(320K)->112K(320K) NonClass: 105K(192K)->105K(192K) Class: 7K(128K)->7K(128K)
[2026-06-17T10:02:21.562+0800][18.059s][info][gc          ] GC(634) Pause Young (Concurrent Start) (G1 Evacuation Pause) 52M->45M(64M) 3.263ms
[2026-06-17T10:02:21.562+0800][18.059s][info][gc,cpu      ] GC(634) User=0.00s Sys=0.00s Real=0.00s
[2026-06-17T10:02:21.562+0800][18.059s][info][gc          ] GC(635) Concurrent Mark Cycle
[2026-06-17T10:02:21.562+0800][18.059s][info][gc,marking  ] GC(635) Concurrent Scan Root Regions
[2026-06-17T10:02:21.562+0800][18.059s][info][gc,marking  ] GC(635) Concurrent Scan Root Regions 0.150ms
[2026-06-17T10:02:21.563+0800][18.059s][info][gc,marking  ] GC(635) Concurrent Mark
[2026-06-17T10:02:21.563+0800][18.059s][info][gc,marking  ] GC(635) Concurrent Mark From Roots
[2026-06-17T10:02:21.563+0800][18.060s][info][gc,task     ] GC(635) Using 5 workers of 5 for marking
[2026-06-17T10:02:21.564+0800][18.061s][info][gc,marking  ] GC(635) Concurrent Mark From Roots 1.527ms
[2026-06-17T10:02:21.564+0800][18.061s][info][gc,marking  ] GC(635) Concurrent Preclean
[2026-06-17T10:02:21.565+0800][18.062s][info][gc,marking  ] GC(635) Concurrent Preclean 0.543ms
[2026-06-17T10:02:21.565+0800][18.062s][info][gc,start    ] GC(635) Pause Remark
[2026-06-17T10:02:21.566+0800][18.063s][info][gc          ] GC(635) Pause Remark 47M->36M(64M) 0.560ms
[2026-06-17T10:02:21.566+0800][18.063s][info][gc,cpu      ] GC(635) User=0.00s Sys=0.00s Real=0.00s
[2026-06-17T10:02:21.566+0800][18.063s][info][gc,marking  ] GC(635) Concurrent Mark 3.697ms
[2026-06-17T10:02:21.566+0800][18.063s][info][gc,marking  ] GC(635) Concurrent Rebuild Remembered Sets and Scrub Regions
[2026-06-17T10:02:21.567+0800][18.064s][info][gc,marking  ] GC(635) Concurrent Rebuild Remembered Sets and Scrub Regions 0.481ms
[2026-06-17T10:02:21.567+0800][18.064s][info][gc,start    ] GC(635) Pause Cleanup
[2026-06-17T10:02:21.567+0800][18.064s][info][gc          ] GC(635) Pause Cleanup 36M->36M(64M) 0.140ms
[2026-06-17T10:02:21.567+0800][18.064s][info][gc,cpu      ] GC(635) User=0.00s Sys=0.00s Real=0.00s
[2026-06-17T10:02:21.567+0800][18.064s][info][gc,marking  ] GC(635) Concurrent Clear Claimed Marks
[2026-06-17T10:02:21.567+0800][18.064s][info][gc,marking  ] GC(635) Concurrent Clear Claimed Marks 0.083ms
[2026-06-17T10:02:21.567+0800][18.064s][info][gc,marking  ] GC(635) Concurrent Cleanup for Next Mark
[2026-06-17T10:02:21.568+0800][18.065s][info][gc,marking  ] GC(635) Concurrent Cleanup for Next Mark 0.230ms
[2026-06-17T10:02:21.568+0800][18.065s][info][gc          ] GC(635) Concurrent Mark Cycle 5.742ms
[2026-06-17T10:02:21.573+0800][18.070s][info][gc,start    ] GC(636) Pause Young (Prepare Mixed) (G1 Evacuation Pause)
[2026-06-17T10:02:21.573+0800][18.070s][info][gc,task     ] GC(636) Using 2 workers of 18 for evacuation
[2026-06-17T10:02:21.574+0800][18.071s][info][gc,phases   ] GC(636)   Pre Evacuate Collection Set: 0.10ms
[2026-06-17T10:02:21.574+0800][18.071s][info][gc,phases   ] GC(636)   Merge Heap Roots: 0.04ms
[2026-06-17T10:02:21.574+0800][18.071s][info][gc,phases   ] GC(636)   Evacuate Collection Set: 0.21ms
[2026-06-17T10:02:21.574+0800][18.071s][info][gc,phases   ] GC(636)   Post Evacuate Collection Set: 0.16ms
[2026-06-17T10:02:21.574+0800][18.071s][info][gc,phases   ] GC(636)   Other: 0.11ms
[2026-06-17T10:02:21.574+0800][18.071s][info][gc,heap     ] GC(636) Eden regions: 7->0(18)
[2026-06-17T10:02:21.574+0800][18.071s][info][gc,heap     ] GC(636) Survivor regions: 2->2(2)
[2026-06-17T10:02:21.574+0800][18.071s][info][gc,heap     ] GC(636) Old regions: 21->22
[2026-06-17T10:02:21.574+0800][18.071s][info][gc,heap     ] GC(636) Humongous regions: 12->12
[2026-06-17T10:02:21.574+0800][18.071s][info][gc,metaspace] GC(636) Metaspace: 112K(320K)->112K(320K) NonClass: 105K(192K)->105K(192K) Class: 7K(128K)->7K(128K)
[2026-06-17T10:02:21.575+0800][18.071s][info][gc          ] GC(636) Pause Young (Prepare Mixed) (G1 Evacuation Pause) 40M->34M(64M) 1.702ms
[2026-06-17T10:02:21.575+0800][18.071s][info][gc,cpu      ] GC(636) User=0.00s Sys=0.00s Real=0.00s
[2026-06-17T10:02:21.627+0800][18.124s][info][gc,start    ] GC(637) Pause Young (Mixed) (G1 Evacuation Pause)
[2026-06-17T10:02:21.628+0800][18.124s][info][gc,task     ] GC(637) Using 2 workers of 18 for evacuation
[2026-06-17T10:02:21.629+0800][18.126s][info][gc,phases   ] GC(637)   Pre Evacuate Collection Set: 0.23ms
[2026-06-17T10:02:21.630+0800][18.127s][info][gc,phases   ] GC(637)   Merge Heap Roots: 0.09ms
[2026-06-17T10:02:21.630+0800][18.127s][info][gc,phases   ] GC(637)   Evacuate Collection Set: 0.59ms
[2026-06-17T10:02:21.630+0800][18.127s][info][gc,phases   ] GC(637)   Post Evacuate Collection Set: 0.27ms
[2026-06-17T10:02:21.630+0800][18.127s][info][gc,phases   ] GC(637)   Other: 0.48ms
[2026-06-17T10:02:21.631+0800][18.127s][info][gc,heap     ] GC(637) Eden regions: 18->0(16)
[2026-06-17T10:02:21.631+0800][18.128s][info][gc,heap     ] GC(637) Survivor regions: 2->3(3)
[2026-06-17T10:02:21.631+0800][18.128s][info][gc,heap     ] GC(637) Old regions: 22->20
[2026-06-17T10:02:21.631+0800][18.128s][info][gc,heap     ] GC(637) Humongous regions: 14->14
[2026-06-17T10:02:21.632+0800][18.129s][info][gc,metaspace] GC(637) Metaspace: 112K(320K)->112K(320K) NonClass: 105K(192K)->105K(192K) Class: 7K(128K)->7K(128K)
[2026-06-17T10:02:21.632+0800][18.129s][info][gc          ] GC(637) Pause Young (Mixed) (G1 Evacuation Pause) 54M->36M(64M) 4.788ms
[2026-06-17T10:02:21.632+0800][18.129s][info][gc,cpu      ] GC(637) User=0.00s Sys=0.00s Real=0.01s
[2026-06-17T10:02:21.674+0800][18.171s][info][gc,start    ] GC(638) Pause Young (Mixed) (G1 Evacuation Pause)
[2026-06-17T10:02:21.675+0800][18.172s][info][gc,task     ] GC(638) Using 2 workers of 18 for evacuation
[2026-06-17T10:02:21.678+0800][18.175s][info][gc,phases   ] GC(638)   Pre Evacuate Collection Set: 0.18ms
[2026-06-17T10:02:21.679+0800][18.176s][info][gc,phases   ] GC(638)   Merge Heap Roots: 0.08ms
[2026-06-17T10:02:21.681+0800][18.177s][info][gc,phases   ] GC(638)   Evacuate Collection Set: 0.56ms
[2026-06-17T10:02:21.683+0800][18.179s][info][gc,phases   ] GC(638)   Post Evacuate Collection Set: 0.47ms
[2026-06-17T10:02:21.684+0800][18.181s][info][gc,phases   ] GC(638)   Other: 2.00ms
[2026-06-17T10:02:21.684+0800][18.181s][info][gc,heap     ] GC(638) Eden regions: 16->0(12)
[2026-06-17T10:02:21.684+0800][18.181s][info][gc,heap     ] GC(638) Survivor regions: 3->3(3)
[2026-06-17T10:02:21.685+0800][18.181s][info][gc,heap     ] GC(638) Old regions: 20->23
[2026-06-17T10:02:21.685+0800][18.182s][info][gc,heap     ] GC(638) Humongous regions: 14->14
[2026-06-17T10:02:21.685+0800][18.182s][info][gc,metaspace] GC(638) Metaspace: 112K(320K)->112K(320K) NonClass: 105K(192K)->105K(192K) Class: 7K(128K)->7K(128K)
[2026-06-17T10:02:21.685+0800][18.182s][info][gc          ] GC(638) Pause Young (Mixed) (G1 Evacuation Pause) 52M->39M(64M) 10.970ms
[2026-06-17T10:02:21.686+0800][18.183s][info][gc,cpu      ] GC(638) User=0.00s Sys=0.00s Real=0.01s
[2026-06-17T10:02:21.718+0800][18.214s][info][gc,start    ] GC(639) Pause Young (Concurrent Start) (G1 Evacuation Pause)
[2026-06-17T10:02:21.718+0800][18.215s][info][gc,task     ] GC(639) Using 2 workers of 18 for evacuation
[2026-06-17T10:02:21.720+0800][18.217s][info][gc,phases   ] GC(639)   Pre Evacuate Collection Set: 0.30ms
[2026-06-17T10:02:21.720+0800][18.217s][info][gc,phases   ] GC(639)   Merge Heap Roots: 0.06ms
[2026-06-17T10:02:21.721+0800][18.217s][info][gc,phases   ] GC(639)   Evacuate Collection Set: 0.68ms
[2026-06-17T10:02:21.721+0800][18.218s][info][gc,phases   ] GC(639)   Post Evacuate Collection Set: 0.23ms
[2026-06-17T10:02:21.721+0800][18.218s][info][gc,phases   ] GC(639)   Other: 0.56ms
[2026-06-17T10:02:21.721+0800][18.218s][info][gc,heap     ] GC(639) Eden regions: 12->0(9)
[2026-06-17T10:02:21.721+0800][18.218s][info][gc,heap     ] GC(639) Survivor regions: 3->2(2)
[2026-06-17T10:02:21.722+0800][18.218s][info][gc,heap     ] GC(639) Old regions: 23->27
[2026-06-17T10:02:21.723+0800][18.220s][info][gc,heap     ] GC(639) Humongous regions: 14->14
[2026-06-17T10:02:21.723+0800][18.220s][info][gc,metaspace] GC(639) Metaspace: 112K(320K)->112K(320K) NonClass: 105K(192K)->105K(192K) Class: 7K(128K)->7K(128K)
[2026-06-17T10:02:21.723+0800][18.220s][info][gc          ] GC(639) Pause Young (Concurrent Start) (G1 Evacuation Pause) 51M->42M(64M) 5.663ms
[2026-06-17T10:02:21.723+0800][18.220s][info][gc,cpu      ] GC(639) User=0.00s Sys=0.00s Real=0.01s
[2026-06-17T10:02:21.723+0800][18.220s][info][gc          ] GC(640) Concurrent Mark Cycle
[2026-06-17T10:02:21.724+0800][18.221s][info][gc,marking  ] GC(640) Concurrent Scan Root Regions
[2026-06-17T10:02:21.724+0800][18.221s][info][gc,marking  ] GC(640) Concurrent Scan Root Regions 0.224ms
[2026-06-17T10:02:21.724+0800][18.221s][info][gc,marking  ] GC(640) Concurrent Mark
[2026-06-17T10:02:21.724+0800][18.221s][info][gc,marking  ] GC(640) Concurrent Mark From Roots
[2026-06-17T10:02:21.724+0800][18.221s][info][gc,task     ] GC(640) Using 5 workers of 5 for marking
[2026-06-17T10:02:21.726+0800][18.223s][info][gc,marking  ] GC(640) Concurrent Mark From Roots 1.543ms
[2026-06-17T10:02:21.726+0800][18.223s][info][gc,marking  ] GC(640) Concurrent Preclean
[2026-06-17T10:02:21.726+0800][18.223s][info][gc,marking  ] GC(640) Concurrent Preclean 0.096ms
[2026-06-17T10:02:21.726+0800][18.223s][info][gc,start    ] GC(640) Pause Remark
[2026-06-17T10:02:21.727+0800][18.223s][info][gc          ] GC(640) Pause Remark 45M->44M(64M) 0.420ms
[2026-06-17T10:02:21.727+0800][18.224s][info][gc,cpu      ] GC(640) User=0.00s Sys=0.00s Real=0.00s
[2026-06-17T10:02:21.727+0800][18.224s][info][gc,marking  ] GC(640) Concurrent Mark 2.819ms
[2026-06-17T10:02:21.727+0800][18.224s][info][gc,marking  ] GC(640) Concurrent Rebuild Remembered Sets and Scrub Regions
[2026-06-17T10:02:21.727+0800][18.224s][info][gc,marking  ] GC(640) Concurrent Rebuild Remembered Sets and Scrub Regions 0.410ms
[2026-06-17T10:02:21.727+0800][18.224s][info][gc,start    ] GC(640) Pause Cleanup
[2026-06-17T10:02:21.728+0800][18.225s][info][gc          ] GC(640) Pause Cleanup 44M->44M(64M) 0.210ms
[2026-06-17T10:02:21.728+0800][18.225s][info][gc,cpu      ] GC(640) User=0.00s Sys=0.00s Real=0.00s
[2026-06-17T10:02:21.728+0800][18.225s][info][gc,marking  ] GC(640) Concurrent Clear Claimed Marks
[2026-06-17T10:02:21.728+0800][18.225s][info][gc,marking  ] GC(640) Concurrent Clear Claimed Marks 0.108ms
[2026-06-17T10:02:21.728+0800][18.225s][info][gc,marking  ] GC(640) Concurrent Cleanup for Next Mark
[2026-06-17T10:02:21.729+0800][18.225s][info][gc,marking  ] GC(640) Concurrent Cleanup for Next Mark 0.215ms
[2026-06-17T10:02:21.729+0800][18.226s][info][gc          ] GC(640) Concurrent Mark Cycle 5.423ms
[2026-06-17T10:02:21.744+0800][18.241s][info][gc,start    ] GC(641) Pause Young (Prepare Mixed) (G1 Evacuation Pause)
[2026-06-17T10:02:21.745+0800][18.242s][info][gc,task     ] GC(641) Using 2 workers of 18 for evacuation
[2026-06-17T10:02:21.746+0800][18.243s][info][gc,phases   ] GC(641)   Pre Evacuate Collection Set: 0.11ms
[2026-06-17T10:02:21.746+0800][18.243s][info][gc,phases   ] GC(641)   Merge Heap Roots: 0.04ms
[2026-06-17T10:02:21.746+0800][18.243s][info][gc,phases   ] GC(641)   Evacuate Collection Set: 0.41ms
[2026-06-17T10:02:21.747+0800][18.243s][info][gc,phases   ] GC(641)   Post Evacuate Collection Set: 0.28ms
[2026-06-17T10:02:21.747+0800][18.244s][info][gc,phases   ] GC(641)   Other: 0.26ms
[2026-06-17T10:02:21.747+0800][18.244s][info][gc,heap     ] GC(641) Eden regions: 9->0(7)
[2026-06-17T10:02:21.747+0800][18.244s][info][gc,heap     ] GC(641) Survivor regions: 2->2(2)
[2026-06-17T10:02:21.747+0800][18.244s][info][gc,heap     ] GC(641) Old regions: 26->31
[2026-06-17T10:02:21.747+0800][18.244s][info][gc,heap     ] GC(641) Humongous regions: 14->14
[2026-06-17T10:02:21.747+0800][18.244s][info][gc,metaspace] GC(641) Metaspace: 112K(320K)->112K(320K) NonClass: 105K(192K)->105K(192K) Class: 7K(128K)->7K(128K)
[2026-06-17T10:02:21.747+0800][18.244s][info][gc          ] GC(641) Pause Young (Prepare Mixed) (G1 Evacuation Pause) 50M->46M(64M) 2.863ms
[2026-06-17T10:02:21.747+0800][18.244s][info][gc,cpu      ] GC(641) User=0.00s Sys=0.00s Real=0.00s
[2026-06-17T10:02:21.768+0800][18.265s][info][gc,start    ] GC(642) Pause Young (Mixed) (G1 Evacuation Pause)
[2026-06-17T10:02:21.769+0800][18.266s][info][gc,task     ] GC(642) Using 2 workers of 18 for evacuation
[2026-06-17T10:02:21.770+0800][18.267s][info][gc,phases   ] GC(642)   Pre Evacuate Collection Set: 0.15ms
[2026-06-17T10:02:21.771+0800][18.268s][info][gc,phases   ] GC(642)   Merge Heap Roots: 0.05ms
[2026-06-17T10:02:21.771+0800][18.268s][info][gc,phases   ] GC(642)   Evacuate Collection Set: 0.41ms
[2026-06-17T10:02:21.771+0800][18.268s][info][gc,phases   ] GC(642)   Post Evacuate Collection Set: 0.51ms
[2026-06-17T10:02:21.771+0800][18.268s][info][gc,phases   ] GC(642)   Other: 0.34ms
[2026-06-17T10:02:21.772+0800][18.268s][info][gc,heap     ] GC(642) Eden regions: 7->0(6)
[2026-06-17T10:02:21.772+0800][18.269s][info][gc,heap     ] GC(642) Survivor regions: 2->2(2)
[2026-06-17T10:02:21.772+0800][18.269s][info][gc,heap     ] GC(642) Old regions: 31->32
[2026-06-17T10:02:21.772+0800][18.269s][info][gc,heap     ] GC(642) Humongous regions: 14->14
[2026-06-17T10:02:21.772+0800][18.269s][info][gc,metaspace] GC(642) Metaspace: 112K(320K)->112K(320K) NonClass: 105K(192K)->105K(192K) Class: 7K(128K)->7K(128K)
[2026-06-17T10:02:21.772+0800][18.269s][info][gc          ] GC(642) Pause Young (Mixed) (G1 Evacuation Pause) 53M->47M(64M) 3.961ms
[2026-06-17T10:02:21.773+0800][18.269s][info][gc,cpu      ] GC(642) User=0.00s Sys=0.00s Real=0.01s
[2026-06-17T10:02:21.794+0800][18.290s][info][gc,start    ] GC(643) Pause Young (Concurrent Start) (G1 Evacuation Pause)
[2026-06-17T10:02:21.795+0800][18.292s][info][gc,task     ] GC(643) Using 2 workers of 18 for evacuation
[2026-06-17T10:02:21.796+0800][18.293s][info][gc,phases   ] GC(643)   Pre Evacuate Collection Set: 0.28ms
[2026-06-17T10:02:21.796+0800][18.293s][info][gc,phases   ] GC(643)   Merge Heap Roots: 0.07ms
[2026-06-17T10:02:21.797+0800][18.294s][info][gc,phases   ] GC(643)   Evacuate Collection Set: 0.23ms
[2026-06-17T10:02:21.797+0800][18.294s][info][gc,phases   ] GC(643)   Post Evacuate Collection Set: 0.29ms
[2026-06-17T10:02:21.797+0800][18.294s][info][gc,phases   ] GC(643)   Other: 0.56ms
[2026-06-17T10:02:21.797+0800][18.294s][info][gc,heap     ] GC(643) Eden regions: 6->0(7)
[2026-06-17T10:02:21.798+0800][18.295s][info][gc,heap     ] GC(643) Survivor regions: 2->1(1)
[2026-06-17T10:02:21.802+0800][18.298s][info][gc,heap     ] GC(643) Old regions: 32->33
[2026-06-17T10:02:21.802+0800][18.299s][info][gc,heap     ] GC(643) Humongous regions: 14->14
[2026-06-17T10:02:21.802+0800][18.299s][info][gc,metaspace] GC(643) Metaspace: 112K(320K)->112K(320K) NonClass: 105K(192K)->105K(192K) Class: 7K(128K)->7K(128K)
[2026-06-17T10:02:21.803+0800][18.299s][info][gc          ] GC(643) Pause Young (Concurrent Start) (G1 Evacuation Pause) 53M->46M(64M) 8.989ms
[2026-06-17T10:02:21.803+0800][18.300s][info][gc,cpu      ] GC(643) User=0.00s Sys=0.00s Real=0.01s
[2026-06-17T10:02:21.803+0800][18.300s][info][gc          ] GC(644) Concurrent Mark Cycle
[2026-06-17T10:02:21.803+0800][18.300s][info][gc,marking  ] GC(644) Concurrent Scan Root Regions
[2026-06-17T10:02:21.803+0800][18.300s][info][gc,marking  ] GC(644) Concurrent Scan Root Regions 0.237ms
[2026-06-17T10:02:21.804+0800][18.300s][info][gc,marking  ] GC(644) Concurrent Mark
[2026-06-17T10:02:21.804+0800][18.301s][info][gc,marking  ] GC(644) Concurrent Mark From Roots
[2026-06-17T10:02:21.804+0800][18.301s][info][gc,task     ] GC(644) Using 5 workers of 5 for marking
[2026-06-17T10:02:21.805+0800][18.302s][info][gc,marking  ] GC(644) Concurrent Mark From Roots 1.748ms
[2026-06-17T10:02:21.806+0800][18.302s][info][gc,marking  ] GC(644) Concurrent Preclean
[2026-06-17T10:02:21.806+0800][18.303s][info][gc,marking  ] GC(644) Concurrent Preclean 0.136ms
[2026-06-17T10:02:21.806+0800][18.303s][info][gc,start    ] GC(644) Pause Remark
[2026-06-17T10:02:21.807+0800][18.304s][info][gc          ] GC(644) Pause Remark 53M->48M(64M) 0.912ms
[2026-06-17T10:02:21.808+0800][18.305s][info][gc,cpu      ] GC(644) User=0.00s Sys=0.00s Real=0.00s
[2026-06-17T10:02:21.808+0800][18.305s][info][gc,marking  ] GC(644) Concurrent Mark 4.780ms
[2026-06-17T10:02:21.808+0800][18.305s][info][gc,marking  ] GC(644) Concurrent Rebuild Remembered Sets and Scrub Regions
[2026-06-17T10:02:21.809+0800][18.306s][info][gc,marking  ] GC(644) Concurrent Rebuild Remembered Sets and Scrub Regions 0.714ms
[2026-06-17T10:02:21.809+0800][18.306s][info][gc,start    ] GC(644) Pause Cleanup
[2026-06-17T10:02:21.810+0800][18.306s][info][gc          ] GC(644) Pause Cleanup 48M->48M(64M) 0.214ms
[2026-06-17T10:02:21.810+0800][18.307s][info][gc,cpu      ] GC(644) User=0.00s Sys=0.00s Real=0.00s
[2026-06-17T10:02:21.810+0800][18.307s][info][gc,marking  ] GC(644) Concurrent Clear Claimed Marks
[2026-06-17T10:02:21.810+0800][18.307s][info][gc,marking  ] GC(644) Concurrent Clear Claimed Marks 0.094ms
[2026-06-17T10:02:21.810+0800][18.307s][info][gc,marking  ] GC(644) Concurrent Cleanup for Next Mark
[2026-06-17T10:02:21.810+0800][18.307s][info][gc,marking  ] GC(644) Concurrent Cleanup for Next Mark 0.186ms
[2026-06-17T10:02:21.810+0800][18.307s][info][gc          ] GC(644) Concurrent Mark Cycle 7.678ms
[2026-06-17T10:02:21.814+0800][18.311s][info][gc,start    ] GC(645) Pause Young (Prepare Mixed) (G1 Evacuation Pause)
[2026-06-17T10:02:21.814+0800][18.311s][info][gc,task     ] GC(645) Using 2 workers of 18 for evacuation
[2026-06-17T10:02:21.815+0800][18.312s][info][gc,phases   ] GC(645)   Pre Evacuate Collection Set: 0.16ms
[2026-06-17T10:02:21.815+0800][18.312s][info][gc,phases   ] GC(645)   Merge Heap Roots: 0.04ms
[2026-06-17T10:02:21.815+0800][18.312s][info][gc,phases   ] GC(645)   Evacuate Collection Set: 0.34ms
[2026-06-17T10:02:21.816+0800][18.312s][info][gc,phases   ] GC(645)   Post Evacuate Collection Set: 0.16ms
[2026-06-17T10:02:21.816+0800][18.313s][info][gc,phases   ] GC(645)   Other: 0.23ms
[2026-06-17T10:02:21.816+0800][18.313s][info][gc,heap     ] GC(645) Eden regions: 7->0(6)
[2026-06-17T10:02:21.816+0800][18.313s][info][gc,heap     ] GC(645) Survivor regions: 1->1(1)
[2026-06-17T10:02:21.816+0800][18.313s][info][gc,heap     ] GC(645) Old regions: 28->31
[2026-06-17T10:02:21.816+0800][18.313s][info][gc,heap     ] GC(645) Humongous regions: 16->16
[2026-06-17T10:02:21.816+0800][18.313s][info][gc,metaspace] GC(645) Metaspace: 112K(320K)->112K(320K) NonClass: 105K(192K)->105K(192K) Class: 7K(128K)->7K(128K)
[2026-06-17T10:02:21.816+0800][18.313s][info][gc          ] GC(645) Pause Young (Prepare Mixed) (G1 Evacuation Pause) 50M->47M(64M) 2.297ms
[2026-06-17T10:02:21.816+0800][18.313s][info][gc,cpu      ] GC(645) User=0.00s Sys=0.00s Real=0.00s
[2026-06-17T10:02:21.837+0800][18.334s][info][gc,start    ] GC(646) Pause Young (Mixed) (G1 Evacuation Pause)
[2026-06-17T10:02:21.837+0800][18.334s][info][gc,task     ] GC(646) Using 2 workers of 18 for evacuation
[2026-06-17T10:02:21.838+0800][18.335s][info][gc,phases   ] GC(646)   Pre Evacuate Collection Set: 0.15ms
[2026-06-17T10:02:21.839+0800][18.335s][info][gc,phases   ] GC(646)   Merge Heap Roots: 0.04ms
[2026-06-17T10:02:21.839+0800][18.336s][info][gc,phases   ] GC(646)   Evacuate Collection Set: 0.42ms
[2026-06-17T10:02:21.839+0800][18.336s][info][gc,phases   ] GC(646)   Post Evacuate Collection Set: 0.17ms
[2026-06-17T10:02:21.839+0800][18.336s][info][gc,phases   ] GC(646)   Other: 0.29ms
[2026-06-17T10:02:21.839+0800][18.336s][info][gc,heap     ] GC(646) Eden regions: 6->0(8)
[2026-06-17T10:02:21.839+0800][18.336s][info][gc,heap     ] GC(646) Survivor regions: 1->1(1)
[2026-06-17T10:02:21.839+0800][18.336s][info][gc,heap     ] GC(646) Old regions: 31->29
[2026-06-17T10:02:21.839+0800][18.336s][info][gc,heap     ] GC(646) Humongous regions: 16->16
[2026-06-17T10:02:21.840+0800][18.336s][info][gc,metaspace] GC(646) Metaspace: 112K(320K)->112K(320K) NonClass: 105K(192K)->105K(192K) Class: 7K(128K)->7K(128K)
[2026-06-17T10:02:21.840+0800][18.337s][info][gc          ] GC(646) Pause Young (Mixed) (G1 Evacuation Pause) 53M->45M(64M) 2.618ms
[2026-06-17T10:02:21.840+0800][18.337s][info][gc,cpu      ] GC(646) User=0.00s Sys=0.00s Real=0.00s
[2026-06-17T10:02:21.861+0800][18.358s][info][gc,start    ] GC(647) Pause Young (Mixed) (G1 Evacuation Pause)
[2026-06-17T10:02:21.861+0800][18.358s][info][gc,task     ] GC(647) Using 2 workers of 18 for evacuation
[2026-06-17T10:02:21.863+0800][18.359s][info][gc,phases   ] GC(647)   Pre Evacuate Collection Set: 0.15ms
[2026-06-17T10:02:21.863+0800][18.360s][info][gc,phases   ] GC(647)   Merge Heap Roots: 0.06ms
[2026-06-17T10:02:21.863+0800][18.360s][info][gc,phases   ] GC(647)   Evacuate Collection Set: 0.48ms
[2026-06-17T10:02:21.863+0800][18.360s][info][gc,phases   ] GC(647)   Post Evacuate Collection Set: 0.28ms
[2026-06-17T10:02:21.863+0800][18.360s][info][gc,phases   ] GC(647)   Other: 0.26ms
[2026-06-17T10:02:21.863+0800][18.360s][info][gc,heap     ] GC(647) Eden regions: 8->0(8)
[2026-06-17T10:02:21.864+0800][18.361s][info][gc,heap     ] GC(647) Survivor regions: 1->2(2)
[2026-06-17T10:02:21.864+0800][18.361s][info][gc,heap     ] GC(647) Old regions: 29->27
[2026-06-17T10:02:21.864+0800][18.361s][info][gc,heap     ] GC(647) Humongous regions: 16->16
[2026-06-17T10:02:21.864+0800][18.361s][info][gc,metaspace] GC(647) Metaspace: 112K(320K)->112K(320K) NonClass: 105K(192K)->105K(192K) Class: 7K(128K)->7K(128K)
[2026-06-17T10:02:21.864+0800][18.361s][info][gc          ] GC(647) Pause Young (Mixed) (G1 Evacuation Pause) 53M->44M(64M) 3.272ms
[2026-06-17T10:02:21.864+0800][18.361s][info][gc,cpu      ] GC(647) User=0.00s Sys=0.00s Real=0.01s
[2026-06-17T10:02:21.885+0800][18.382s][info][gc,start    ] GC(648) Pause Young (Mixed) (G1 Evacuation Pause)
[2026-06-17T10:02:21.886+0800][18.383s][info][gc,task     ] GC(648) Using 2 workers of 18 for evacuation
[2026-06-17T10:02:21.887+0800][18.384s][info][gc,phases   ] GC(648)   Pre Evacuate Collection Set: 0.19ms
[2026-06-17T10:02:21.887+0800][18.384s][info][gc,phases   ] GC(648)   Merge Heap Roots: 0.08ms
[2026-06-17T10:02:21.888+0800][18.385s][info][gc,phases   ] GC(648)   Evacuate Collection Set: 0.62ms
[2026-06-17T10:02:21.888+0800][18.385s][info][gc,phases   ] GC(648)   Post Evacuate Collection Set: 0.23ms
[2026-06-17T10:02:21.888+0800][18.385s][info][gc,phases   ] GC(648)   Other: 0.30ms
[2026-06-17T10:02:21.888+0800][18.385s][info][gc,heap     ] GC(648) Eden regions: 8->0(6)
[2026-06-17T10:02:21.888+0800][18.385s][info][gc,heap     ] GC(648) Survivor regions: 2->2(2)
[2026-06-17T10:02:21.888+0800][18.385s][info][gc,heap     ] GC(648) Old regions: 27->30
[2026-06-17T10:02:21.889+0800][18.385s][info][gc,heap     ] GC(648) Humongous regions: 16->16
[2026-06-17T10:02:21.889+0800][18.386s][info][gc,metaspace] GC(648) Metaspace: 112K(320K)->112K(320K) NonClass: 105K(192K)->105K(192K) Class: 7K(128K)->7K(128K)
[2026-06-17T10:02:21.889+0800][18.386s][info][gc          ] GC(648) Pause Young (Mixed) (G1 Evacuation Pause) 52M->47M(64M) 3.361ms
[2026-06-17T10:02:21.889+0800][18.386s][info][gc,cpu      ] GC(648) User=0.00s Sys=0.00s Real=0.00s
[2026-06-17T10:02:21.900+0800][18.397s][info][gc,start    ] GC(649) Pause Young (Concurrent Start) (G1 Evacuation Pause)
[2026-06-17T10:02:21.900+0800][18.397s][info][gc,task     ] GC(649) Using 2 workers of 18 for evacuation
[2026-06-17T10:02:21.902+0800][18.398s][info][gc,phases   ] GC(649)   Pre Evacuate Collection Set: 0.20ms
[2026-06-17T10:02:21.902+0800][18.399s][info][gc,phases   ] GC(649)   Merge Heap Roots: 0.06ms
[2026-06-17T10:02:21.902+0800][18.399s][info][gc,phases   ] GC(649)   Evacuate Collection Set: 0.61ms
[2026-06-17T10:02:21.902+0800][18.399s][info][gc,phases   ] GC(649)   Post Evacuate Collection Set: 0.19ms
[2026-06-17T10:02:21.902+0800][18.399s][info][gc,phases   ] GC(649)   Other: 0.32ms
[2026-06-17T10:02:21.903+0800][18.399s][info][gc,heap     ] GC(649) Eden regions: 6->0(2)
[2026-06-17T10:02:21.903+0800][18.400s][info][gc,heap     ] GC(649) Survivor regions: 2->1(1)
[2026-06-17T10:02:21.903+0800][18.400s][info][gc,heap     ] GC(649) Old regions: 30->38
[2026-06-17T10:02:21.904+0800][18.401s][info][gc,heap     ] GC(649) Humongous regions: 16->16
[2026-06-17T10:02:21.904+0800][18.401s][info][gc,metaspace] GC(649) Metaspace: 112K(320K)->112K(320K) NonClass: 105K(192K)->105K(192K) Class: 7K(128K)->7K(128K)
[2026-06-17T10:02:21.904+0800][18.401s][info][gc          ] GC(649) Pause Young (Concurrent Start) (G1 Evacuation Pause) 53M->54M(64M) 4.326ms
[2026-06-17T10:02:21.904+0800][18.401s][info][gc,cpu      ] GC(649) User=0.00s Sys=0.00s Real=0.01s
[2026-06-17T10:02:21.904+0800][18.401s][info][gc          ] GC(650) Concurrent Mark Cycle
[2026-06-17T10:02:21.905+0800][18.402s][info][gc,marking  ] GC(650) Concurrent Scan Root Regions
[2026-06-17T10:02:21.905+0800][18.402s][info][gc,marking  ] GC(650) Concurrent Scan Root Regions 0.183ms
[2026-06-17T10:02:21.905+0800][18.402s][info][gc,marking  ] GC(650) Concurrent Mark
[2026-06-17T10:02:21.905+0800][18.402s][info][gc,marking  ] GC(650) Concurrent Mark From Roots
[2026-06-17T10:02:21.905+0800][18.402s][info][gc,task     ] GC(650) Using 5 workers of 5 for marking
[2026-06-17T10:02:21.907+0800][18.403s][info][gc,marking  ] GC(650) Concurrent Mark From Roots 1.448ms
[2026-06-17T10:02:21.907+0800][18.404s][info][gc,marking  ] GC(650) Concurrent Preclean
[2026-06-17T10:02:21.907+0800][18.404s][info][gc,marking  ] GC(650) Concurrent Preclean 0.101ms
[2026-06-17T10:02:21.907+0800][18.404s][info][gc,start    ] GC(650) Pause Remark
[2026-06-17T10:02:21.907+0800][18.404s][info][gc          ] GC(650) Pause Remark 54M->53M(64M) 0.406ms
[2026-06-17T10:02:21.908+0800][18.404s][info][gc,cpu      ] GC(650) User=0.00s Sys=0.00s Real=0.00s
[2026-06-17T10:02:21.908+0800][18.405s][info][gc,marking  ] GC(650) Concurrent Mark 2.621ms
[2026-06-17T10:02:21.908+0800][18.405s][info][gc,marking  ] GC(650) Concurrent Rebuild Remembered Sets and Scrub Regions
[2026-06-17T10:02:21.908+0800][18.405s][info][gc,marking  ] GC(650) Concurrent Rebuild Remembered Sets and Scrub Regions 0.498ms
[2026-06-17T10:02:21.908+0800][18.405s][info][gc,start    ] GC(650) Pause Cleanup
[2026-06-17T10:02:21.909+0800][18.405s][info][gc          ] GC(650) Pause Cleanup 53M->53M(64M) 0.120ms
[2026-06-17T10:02:21.909+0800][18.405s][info][gc,cpu      ] GC(650) User=0.00s Sys=0.00s Real=0.00s
[2026-06-17T10:02:21.909+0800][18.406s][info][gc,marking  ] GC(650) Concurrent Clear Claimed Marks
[2026-06-17T10:02:21.909+0800][18.406s][info][gc,marking  ] GC(650) Concurrent Clear Claimed Marks 0.075ms
[2026-06-17T10:02:21.909+0800][18.406s][info][gc,marking  ] GC(650) Concurrent Cleanup for Next Mark
[2026-06-17T10:02:21.909+0800][18.406s][info][gc,marking  ] GC(650) Concurrent Cleanup for Next Mark 0.179ms
[2026-06-17T10:02:21.909+0800][18.406s][info][gc          ] GC(650) Concurrent Mark Cycle 5.023ms
[2026-06-17T10:02:21.915+0800][18.412s][info][gc,start    ] GC(651) Pause Young (Prepare Mixed) (G1 Evacuation Pause)
[2026-06-17T10:02:21.915+0800][18.412s][info][gc,task     ] GC(651) Using 2 workers of 18 for evacuation
[2026-06-17T10:02:21.916+0800][18.412s][info][gc,phases   ] GC(651)   Pre Evacuate Collection Set: 0.09ms
[2026-06-17T10:02:21.916+0800][18.413s][info][gc,phases   ] GC(651)   Merge Heap Roots: 0.04ms
[2026-06-17T10:02:21.917+0800][18.414s][info][gc,phases   ] GC(651)   Evacuate Collection Set: 0.15ms
[2026-06-17T10:02:21.919+0800][18.416s][info][gc,phases   ] GC(651)   Post Evacuate Collection Set: 0.18ms
[2026-06-17T10:02:21.921+0800][18.418s][info][gc,phases   ] GC(651)   Other: 0.18ms
[2026-06-17T10:02:21.923+0800][18.420s][info][gc,heap     ] GC(651) Eden regions: 2->0(3)
[2026-06-17T10:02:21.926+0800][18.422s][info][gc,heap     ] GC(651) Survivor regions: 1->1(1)
[2026-06-17T10:02:21.928+0800][18.424s][info][gc,heap     ] GC(651) Old regions: 37->37
[2026-06-17T10:02:21.929+0800][18.426s][info][gc,heap     ] GC(651) Humongous regions: 16->16
[2026-06-17T10:02:21.930+0800][18.427s][info][gc,metaspace] GC(651) Metaspace: 112K(320K)->112K(320K) NonClass: 105K(192K)->105K(192K) Class: 7K(128K)->7K(128K)
[2026-06-17T10:02:21.933+0800][18.430s][info][gc          ] GC(651) Pause Young (Prepare Mixed) (G1 Evacuation Pause) 55M->53M(64M) 17.968ms
[2026-06-17T10:02:21.935+0800][18.432s][info][gc,cpu      ] GC(651) User=0.00s Sys=0.00s Real=0.02s
[2026-06-17T10:02:21.936+0800][18.433s][info][gc,start    ] GC(652) Pause Young (Mixed) (G1 Evacuation Pause)
[2026-06-17T10:02:21.936+0800][18.433s][info][gc,task     ] GC(652) Using 2 workers of 18 for evacuation
[2026-06-17T10:02:21.937+0800][18.434s][info][gc,phases   ] GC(652)   Pre Evacuate Collection Set: 0.15ms
[2026-06-17T10:02:21.937+0800][18.434s][info][gc,phases   ] GC(652)   Merge Heap Roots: 0.05ms
[2026-06-17T10:02:21.938+0800][18.434s][info][gc,phases   ] GC(652)   Evacuate Collection Set: 0.45ms
[2026-06-17T10:02:21.938+0800][18.435s][info][gc,phases   ] GC(652)   Post Evacuate Collection Set: 0.19ms
[2026-06-17T10:02:21.938+0800][18.435s][info][gc,phases   ] GC(652)   Other: 0.21ms
[2026-06-17T10:02:21.938+0800][18.435s][info][gc,heap     ] GC(652) Eden regions: 3->0(5)
[2026-06-17T10:02:21.938+0800][18.435s][info][gc,heap     ] GC(652) Survivor regions: 1->1(1)
[2026-06-17T10:02:21.938+0800][18.435s][info][gc,heap     ] GC(652) Old regions: 37->33
[2026-06-17T10:02:21.939+0800][18.435s][info][gc,heap     ] GC(652) Humongous regions: 16->16
[2026-06-17T10:02:21.939+0800][18.436s][info][gc,metaspace] GC(652) Metaspace: 112K(320K)->112K(320K) NonClass: 105K(192K)->105K(192K) Class: 7K(128K)->7K(128K)
[2026-06-17T10:02:21.939+0800][18.436s][info][gc          ] GC(652) Pause Young (Mixed) (G1 Evacuation Pause) 56M->49M(64M) 2.943ms
[2026-06-17T10:02:21.939+0800][18.436s][info][gc,cpu      ] GC(652) User=0.00s Sys=0.00s Real=0.00s
[2026-06-17T10:02:21.960+0800][18.457s][info][gc,start    ] GC(653) Pause Young (Mixed) (G1 Evacuation Pause)
[2026-06-17T10:02:21.960+0800][18.457s][info][gc,task     ] GC(653) Using 2 workers of 18 for evacuation
[2026-06-17T10:02:21.962+0800][18.458s][info][gc,phases   ] GC(653)   Pre Evacuate Collection Set: 0.14ms
[2026-06-17T10:02:21.962+0800][18.459s][info][gc,phases   ] GC(653)   Merge Heap Roots: 0.05ms
[2026-06-17T10:02:21.962+0800][18.459s][info][gc,phases   ] GC(653)   Evacuate Collection Set: 0.41ms
[2026-06-17T10:02:21.962+0800][18.459s][info][gc,phases   ] GC(653)   Post Evacuate Collection Set: 0.29ms
[2026-06-17T10:02:21.962+0800][18.459s][info][gc,phases   ] GC(653)   Other: 0.37ms
[2026-06-17T10:02:21.963+0800][18.459s][info][gc,heap     ] GC(653) Eden regions: 5->0(5)
[2026-06-17T10:02:21.963+0800][18.460s][info][gc,heap     ] GC(653) Survivor regions: 1->1(1)
[2026-06-17T10:02:21.963+0800][18.460s][info][gc,heap     ] GC(653) Old regions: 33->32
[2026-06-17T10:02:21.963+0800][18.460s][info][gc,heap     ] GC(653) Humongous regions: 16->16
[2026-06-17T10:02:21.963+0800][18.460s][info][gc,metaspace] GC(653) Metaspace: 112K(320K)->112K(320K) NonClass: 105K(192K)->105K(192K) Class: 7K(128K)->7K(128K)
[2026-06-17T10:02:21.963+0800][18.460s][info][gc          ] GC(653) Pause Young (Mixed) (G1 Evacuation Pause) 54M->48M(64M) 3.394ms
[2026-06-17T10:02:21.963+0800][18.460s][info][gc,cpu      ] GC(653) User=0.00s Sys=0.00s Real=0.01s
[2026-06-17T10:02:21.974+0800][18.471s][info][gc,start    ] GC(654) Pause Young (Normal) (G1 Evacuation Pause)
[2026-06-17T10:02:21.975+0800][18.471s][info][gc,task     ] GC(654) Using 2 workers of 18 for evacuation
[2026-06-17T10:02:21.975+0800][18.472s][info][gc,phases   ] GC(654)   Pre Evacuate Collection Set: 0.12ms
[2026-06-17T10:02:21.976+0800][18.472s][info][gc,phases   ] GC(654)   Merge Heap Roots: 0.05ms
[2026-06-17T10:02:21.976+0800][18.472s][info][gc,phases   ] GC(654)   Evacuate Collection Set: 0.29ms
[2026-06-17T10:02:21.976+0800][18.473s][info][gc,phases   ] GC(654)   Post Evacuate Collection Set: 0.16ms
[2026-06-17T10:02:21.976+0800][18.473s][info][gc,phases   ] GC(654)   Other: 0.20ms
[2026-06-17T10:02:21.977+0800][18.473s][info][gc,heap     ] GC(654) Eden regions: 5->0(4)
[2026-06-17T10:02:21.977+0800][18.474s][info][gc,heap     ] GC(654) Survivor regions: 1->1(1)
[2026-06-17T10:02:21.977+0800][18.474s][info][gc,heap     ] GC(654) Old regions: 32->34
[2026-06-17T10:02:21.977+0800][18.474s][info][gc,heap     ] GC(654) Humongous regions: 16->16
[2026-06-17T10:02:21.977+0800][18.474s][info][gc,metaspace] GC(654) Metaspace: 112K(320K)->112K(320K) NonClass: 105K(192K)->105K(192K) Class: 7K(128K)->7K(128K)
[2026-06-17T10:02:21.977+0800][18.474s][info][gc          ] GC(654) Pause Young (Normal) (G1 Evacuation Pause) 53M->50M(64M) 3.235ms
[2026-06-17T10:02:21.977+0800][18.474s][info][gc,cpu      ] GC(654) User=0.00s Sys=0.00s Real=0.00s
[2026-06-17T10:02:21.988+0800][18.485s][info][gc,start    ] GC(655) Pause Young (Concurrent Start) (G1 Evacuation Pause)
[2026-06-17T10:02:21.988+0800][18.485s][info][gc,task     ] GC(655) Using 2 workers of 18 for evacuation
[2026-06-17T10:02:21.990+0800][18.486s][info][gc,phases   ] GC(655)   Pre Evacuate Collection Set: 0.18ms
[2026-06-17T10:02:21.990+0800][18.487s][info][gc,phases   ] GC(655)   Merge Heap Roots: 0.06ms
[2026-06-17T10:02:21.990+0800][18.487s][info][gc,phases   ] GC(655)   Evacuate Collection Set: 0.30ms
[2026-06-17T10:02:21.990+0800][18.487s][info][gc,phases   ] GC(655)   Post Evacuate Collection Set: 0.24ms
[2026-06-17T10:02:21.990+0800][18.487s][info][gc,phases   ] GC(655)   Other: 0.39ms
[2026-06-17T10:02:21.991+0800][18.487s][info][gc,heap     ] GC(655) Eden regions: 4->0(3)
[2026-06-17T10:02:21.991+0800][18.488s][info][gc,heap     ] GC(655) Survivor regions: 1->1(1)
[2026-06-17T10:02:21.991+0800][18.488s][info][gc,heap     ] GC(655) Old regions: 34->37
[2026-06-17T10:02:21.991+0800][18.488s][info][gc,heap     ] GC(655) Humongous regions: 16->16
[2026-06-17T10:02:21.991+0800][18.488s][info][gc,metaspace] GC(655) Metaspace: 112K(320K)->112K(320K) NonClass: 105K(192K)->105K(192K) Class: 7K(128K)->7K(128K)
[2026-06-17T10:02:21.992+0800][18.488s][info][gc          ] GC(655) Pause Young (Concurrent Start) (G1 Evacuation Pause) 54M->53M(64M) 3.445ms
[2026-06-17T10:02:21.992+0800][18.489s][info][gc,cpu      ] GC(655) User=0.00s Sys=0.00s Real=0.01s
[2026-06-17T10:02:21.992+0800][18.489s][info][gc          ] GC(656) Concurrent Mark Cycle
[2026-06-17T10:02:21.992+0800][18.489s][info][gc,marking  ] GC(656) Concurrent Scan Root Regions
[2026-06-17T10:02:21.992+0800][18.489s][info][gc,marking  ] GC(656) Concurrent Scan Root Regions 0.211ms
[2026-06-17T10:02:21.992+0800][18.489s][info][gc,marking  ] GC(656) Concurrent Mark
[2026-06-17T10:02:21.993+0800][18.489s][info][gc,marking  ] GC(656) Concurrent Mark From Roots
[2026-06-17T10:02:21.993+0800][18.489s][info][gc,task     ] GC(656) Using 5 workers of 5 for marking
[2026-06-17T10:02:21.994+0800][18.491s][info][gc,marking  ] GC(656) Concurrent Mark From Roots 1.662ms
[2026-06-17T10:02:21.994+0800][18.491s][info][gc,marking  ] GC(656) Concurrent Preclean
[2026-06-17T10:02:21.995+0800][18.491s][info][gc,marking  ] GC(656) Concurrent Preclean 0.228ms
[2026-06-17T10:02:21.995+0800][18.492s][info][gc,start    ] GC(656) Pause Remark
[2026-06-17T10:02:21.995+0800][18.492s][info][gc          ] GC(656) Pause Remark 55M->42M(64M) 0.441ms
[2026-06-17T10:02:21.995+0800][18.492s][info][gc,cpu      ] GC(656) User=0.00s Sys=0.00s Real=0.00s
[2026-06-17T10:02:21.996+0800][18.492s][info][gc,marking  ] GC(656) Concurrent Mark 3.124ms
[2026-06-17T10:02:21.996+0800][18.493s][info][gc,marking  ] GC(656) Concurrent Rebuild Remembered Sets and Scrub Regions
[2026-06-17T10:02:21.996+0800][18.493s][info][gc,marking  ] GC(656) Concurrent Rebuild Remembered Sets and Scrub Regions 0.435ms
[2026-06-17T10:02:21.996+0800][18.493s][info][gc,start    ] GC(656) Pause Cleanup
[2026-06-17T10:02:21.996+0800][18.493s][info][gc          ] GC(656) Pause Cleanup 42M->42M(64M) 0.166ms
[2026-06-17T10:02:21.997+0800][18.493s][info][gc,cpu      ] GC(656) User=0.00s Sys=0.00s Real=0.00s
[2026-06-17T10:02:21.997+0800][18.493s][info][gc,marking  ] GC(656) Concurrent Clear Claimed Marks
[2026-06-17T10:02:21.997+0800][18.494s][info][gc,marking  ] GC(656) Concurrent Clear Claimed Marks 0.131ms
[2026-06-17T10:02:21.997+0800][18.494s][info][gc,marking  ] GC(656) Concurrent Cleanup for Next Mark
[2026-06-17T10:02:21.997+0800][18.494s][info][gc,marking  ] GC(656) Concurrent Cleanup for Next Mark 0.200ms
[2026-06-17T10:02:21.997+0800][18.494s][info][gc          ] GC(656) Concurrent Mark Cycle 5.290ms
[2026-06-17T10:02:22.002+0800][18.499s][info][gc,start    ] GC(657) Pause Young (Prepare Mixed) (G1 Evacuation Pause)
[2026-06-17T10:02:22.003+0800][18.499s][info][gc,task     ] GC(657) Using 2 workers of 18 for evacuation
[2026-06-17T10:02:22.003+0800][18.500s][info][gc,phases   ] GC(657)   Pre Evacuate Collection Set: 0.10ms
[2026-06-17T10:02:22.003+0800][18.500s][info][gc,phases   ] GC(657)   Merge Heap Roots: 0.04ms
[2026-06-17T10:02:22.003+0800][18.500s][info][gc,phases   ] GC(657)   Evacuate Collection Set: 0.13ms
[2026-06-17T10:02:22.003+0800][18.500s][info][gc,phases   ] GC(657)   Post Evacuate Collection Set: 0.14ms
[2026-06-17T10:02:22.004+0800][18.500s][info][gc,phases   ] GC(657)   Other: 0.18ms
[2026-06-17T10:02:22.004+0800][18.501s][info][gc,heap     ] GC(657) Eden regions: 3->0(11)
[2026-06-17T10:02:22.004+0800][18.501s][info][gc,heap     ] GC(657) Survivor regions: 1->1(1)
[2026-06-17T10:02:22.004+0800][18.501s][info][gc,heap     ] GC(657) Old regions: 24->24
[2026-06-17T10:02:22.004+0800][18.501s][info][gc,heap     ] GC(657) Humongous regions: 16->16
[2026-06-17T10:02:22.004+0800][18.501s][info][gc,metaspace] GC(657) Metaspace: 112K(320K)->112K(320K) NonClass: 105K(192K)->105K(192K) Class: 7K(128K)->7K(128K)
[2026-06-17T10:02:22.004+0800][18.501s][info][gc          ] GC(657) Pause Young (Prepare Mixed) (G1 Evacuation Pause) 43M->40M(64M) 1.679ms
[2026-06-17T10:02:22.004+0800][18.501s][info][gc,cpu      ] GC(657) User=0.00s Sys=0.00s Real=0.01s
[2026-06-17T10:02:22.025+0800][18.522s][info][gc,start    ] GC(658) Pause Young (Mixed) (G1 Evacuation Pause)
[2026-06-17T10:02:22.026+0800][18.523s][info][gc,task     ] GC(658) Using 2 workers of 18 for evacuation
[2026-06-17T10:02:22.027+0800][18.524s][info][gc,phases   ] GC(658)   Pre Evacuate Collection Set: 0.16ms
[2026-06-17T10:02:22.028+0800][18.524s][info][gc,phases   ] GC(658)   Merge Heap Roots: 0.06ms
[2026-06-17T10:02:22.028+0800][18.525s][info][gc,phases   ] GC(658)   Evacuate Collection Set: 0.56ms
[2026-06-17T10:02:22.028+0800][18.525s][info][gc,phases   ] GC(658)   Post Evacuate Collection Set: 0.35ms
[2026-06-17T10:02:22.028+0800][18.525s][info][gc,phases   ] GC(658)   Other: 0.31ms
[2026-06-17T10:02:22.028+0800][18.525s][info][gc,heap     ] GC(658) Eden regions: 11->0(10)
[2026-06-17T10:02:22.028+0800][18.525s][info][gc,heap     ] GC(658) Survivor regions: 1->2(2)
[2026-06-17T10:02:22.029+0800][18.525s][info][gc,heap     ] GC(658) Old regions: 24->23
[2026-06-17T10:02:22.029+0800][18.525s][info][gc,heap     ] GC(658) Humongous regions: 16->16
[2026-06-17T10:02:22.029+0800][18.526s][info][gc,metaspace] GC(658) Metaspace: 112K(320K)->112K(320K) NonClass: 105K(192K)->105K(192K) Class: 7K(128K)->7K(128K)
[2026-06-17T10:02:22.029+0800][18.526s][info][gc          ] GC(658) Pause Young (Mixed) (G1 Evacuation Pause) 51M->40M(64M) 3.458ms
[2026-06-17T10:02:22.029+0800][18.526s][info][gc,cpu      ] GC(658) User=0.00s Sys=0.00s Real=0.00s
[2026-06-17T10:02:22.061+0800][18.557s][info][gc,start    ] GC(659) Pause Young (Mixed) (G1 Evacuation Pause)
[2026-06-17T10:02:22.061+0800][18.558s][info][gc,task     ] GC(659) Using 2 workers of 18 for evacuation
[2026-06-17T10:02:22.063+0800][18.560s][info][gc,phases   ] GC(659)   Pre Evacuate Collection Set: 0.18ms
[2026-06-17T10:02:22.063+0800][18.560s][info][gc,phases   ] GC(659)   Merge Heap Roots: 0.13ms
[2026-06-17T10:02:22.063+0800][18.560s][info][gc,phases   ] GC(659)   Evacuate Collection Set: 0.48ms
[2026-06-17T10:02:22.064+0800][18.561s][info][gc,phases   ] GC(659)   Post Evacuate Collection Set: 0.52ms
[2026-06-17T10:02:22.064+0800][18.561s][info][gc,phases   ] GC(659)   Other: 0.31ms
[2026-06-17T10:02:22.064+0800][18.561s][info][gc,heap     ] GC(659) Eden regions: 10->0(8)
[2026-06-17T10:02:22.065+0800][18.562s][info][gc,heap     ] GC(659) Survivor regions: 2->2(2)
[2026-06-17T10:02:22.065+0800][18.562s][info][gc,heap     ] GC(659) Old regions: 23->25
[2026-06-17T10:02:22.065+0800][18.562s][info][gc,heap     ] GC(659) Humongous regions: 18->18
[2026-06-17T10:02:22.065+0800][18.562s][info][gc,metaspace] GC(659) Metaspace: 112K(320K)->112K(320K) NonClass: 105K(192K)->105K(192K) Class: 7K(128K)->7K(128K)
[2026-06-17T10:02:22.066+0800][18.562s][info][gc          ] GC(659) Pause Young (Mixed) (G1 Evacuation Pause) 52M->44M(64M) 4.927ms
[2026-06-17T10:02:22.066+0800][18.563s][info][gc,cpu      ] GC(659) User=0.00s Sys=0.00s Real=0.01s
[2026-06-17T10:02:22.087+0800][18.584s][info][gc,start    ] GC(660) Pause Young (Concurrent Start) (G1 Evacuation Pause)
[2026-06-17T10:02:22.087+0800][18.584s][info][gc,task     ] GC(660) Using 2 workers of 18 for evacuation
[2026-06-17T10:02:22.089+0800][18.585s][info][gc,phases   ] GC(660)   Pre Evacuate Collection Set: 0.19ms
[2026-06-17T10:02:22.089+0800][18.586s][info][gc,phases   ] GC(660)   Merge Heap Roots: 0.07ms
[2026-06-17T10:02:22.089+0800][18.586s][info][gc,phases   ] GC(660)   Evacuate Collection Set: 0.34ms
[2026-06-17T10:02:22.089+0800][18.586s][info][gc,phases   ] GC(660)   Post Evacuate Collection Set: 0.22ms
[2026-06-17T10:02:22.089+0800][18.586s][info][gc,phases   ] GC(660)   Other: 0.41ms
[2026-06-17T10:02:22.090+0800][18.587s][info][gc,heap     ] GC(660) Eden regions: 8->0(7)
[2026-06-17T10:02:22.090+0800][18.587s][info][gc,heap     ] GC(660) Survivor regions: 2->2(2)
[2026-06-17T10:02:22.090+0800][18.587s][info][gc,heap     ] GC(660) Old regions: 25->27
[2026-06-17T10:02:22.090+0800][18.587s][info][gc,heap     ] GC(660) Humongous regions: 18->18
[2026-06-17T10:02:22.091+0800][18.588s][info][gc,metaspace] GC(660) Metaspace: 112K(320K)->112K(320K) NonClass: 105K(192K)->105K(192K) Class: 7K(128K)->7K(128K)
[2026-06-17T10:02:22.091+0800][18.588s][info][gc          ] GC(660) Pause Young (Concurrent Start) (G1 Evacuation Pause) 52M->46M(64M) 3.949ms
[2026-06-17T10:02:22.091+0800][18.588s][info][gc,cpu      ] GC(660) User=0.00s Sys=0.00s Real=0.01s
[2026-06-17T10:02:22.091+0800][18.588s][info][gc          ] GC(661) Concurrent Mark Cycle
[2026-06-17T10:02:22.092+0800][18.589s][info][gc,marking  ] GC(661) Concurrent Scan Root Regions
[2026-06-17T10:02:22.092+0800][18.589s][info][gc,marking  ] GC(661) Concurrent Scan Root Regions 0.349ms
[2026-06-17T10:02:22.093+0800][18.589s][info][gc,marking  ] GC(661) Concurrent Mark
[2026-06-17T10:02:22.093+0800][18.590s][info][gc,marking  ] GC(661) Concurrent Mark From Roots
[2026-06-17T10:02:22.093+0800][18.590s][info][gc,task     ] GC(661) Using 5 workers of 5 for marking
[2026-06-17T10:02:22.094+0800][18.591s][info][gc,marking  ] GC(661) Concurrent Mark From Roots 1.623ms
[2026-06-17T10:02:22.094+0800][18.591s][info][gc,marking  ] GC(661) Concurrent Preclean
[2026-06-17T10:02:22.095+0800][18.591s][info][gc,marking  ] GC(661) Concurrent Preclean 0.105ms
[2026-06-17T10:02:22.095+0800][18.592s][info][gc,start    ] GC(661) Pause Remark
[2026-06-17T10:02:22.095+0800][18.592s][info][gc          ] GC(661) Pause Remark 49M->48M(64M) 0.361ms
[2026-06-17T10:02:22.095+0800][18.592s][info][gc,cpu      ] GC(661) User=0.00s Sys=0.00s Real=0.00s
[2026-06-17T10:02:22.095+0800][18.592s][info][gc,marking  ] GC(661) Concurrent Mark 2.736ms
[2026-06-17T10:02:22.095+0800][18.592s][info][gc,marking  ] GC(661) Concurrent Rebuild Remembered Sets and Scrub Regions
[2026-06-17T10:02:22.096+0800][18.593s][info][gc,marking  ] GC(661) Concurrent Rebuild Remembered Sets and Scrub Regions 0.412ms
[2026-06-17T10:02:22.096+0800][18.593s][info][gc,start    ] GC(661) Pause Cleanup
[2026-06-17T10:02:22.096+0800][18.593s][info][gc          ] GC(661) Pause Cleanup 48M->48M(64M) 0.121ms
[2026-06-17T10:02:22.096+0800][18.593s][info][gc,cpu      ] GC(661) User=0.00s Sys=0.00s Real=0.00s
[2026-06-17T10:02:22.096+0800][18.593s][info][gc,marking  ] GC(661) Concurrent Clear Claimed Marks
[2026-06-17T10:02:22.096+0800][18.593s][info][gc,marking  ] GC(661) Concurrent Clear Claimed Marks 0.068ms
[2026-06-17T10:02:22.096+0800][18.593s][info][gc,marking  ] GC(661) Concurrent Cleanup for Next Mark
[2026-06-17T10:02:22.096+0800][18.593s][info][gc,marking  ] GC(661) Concurrent Cleanup for Next Mark 0.134ms
[2026-06-17T10:02:22.097+0800][18.593s][info][gc          ] GC(661) Concurrent Mark Cycle 5.463ms
[2026-06-17T10:02:22.113+0800][18.610s][info][gc,start    ] GC(662) Pause Young (Prepare Mixed) (G1 Evacuation Pause)
[2026-06-17T10:02:22.113+0800][18.610s][info][gc,task     ] GC(662) Using 2 workers of 18 for evacuation
[2026-06-17T10:02:22.114+0800][18.611s][info][gc,phases   ] GC(662)   Pre Evacuate Collection Set: 0.13ms
[2026-06-17T10:02:22.114+0800][18.611s][info][gc,phases   ] GC(662)   Merge Heap Roots: 0.05ms
[2026-06-17T10:02:22.114+0800][18.611s][info][gc,phases   ] GC(662)   Evacuate Collection Set: 0.22ms
[2026-06-17T10:02:22.114+0800][18.611s][info][gc,phases   ] GC(662)   Post Evacuate Collection Set: 0.14ms
[2026-06-17T10:02:22.114+0800][18.611s][info][gc,phases   ] GC(662)   Other: 0.25ms
[2026-06-17T10:02:22.114+0800][18.611s][info][gc,heap     ] GC(662) Eden regions: 7->0(8)
[2026-06-17T10:02:22.114+0800][18.611s][info][gc,heap     ] GC(662) Survivor regions: 2->2(2)
[2026-06-17T10:02:22.115+0800][18.611s][info][gc,heap     ] GC(662) Old regions: 26->26
[2026-06-17T10:02:22.115+0800][18.612s][info][gc,heap     ] GC(662) Humongous regions: 18->18
[2026-06-17T10:02:22.115+0800][18.612s][info][gc,metaspace] GC(662) Metaspace: 112K(320K)->112K(320K) NonClass: 105K(192K)->105K(192K) Class: 7K(128K)->7K(128K)
[2026-06-17T10:02:22.115+0800][18.612s][info][gc          ] GC(662) Pause Young (Prepare Mixed) (G1 Evacuation Pause) 52M->45M(64M) 2.074ms
[2026-06-17T10:02:22.115+0800][18.612s][info][gc,cpu      ] GC(662) User=0.00s Sys=0.00s Real=0.00s
[2026-06-17T10:02:22.126+0800][18.623s][info][gc,start    ] GC(663) Pause Young (Mixed) (G1 Evacuation Pause)
[2026-06-17T10:02:22.126+0800][18.623s][info][gc,task     ] GC(663) Using 2 workers of 18 for evacuation
[2026-06-17T10:02:22.127+0800][18.624s][info][gc,phases   ] GC(663)   Pre Evacuate Collection Set: 0.13ms
[2026-06-17T10:02:22.127+0800][18.624s][info][gc,phases   ] GC(663)   Merge Heap Roots: 0.04ms
[2026-06-17T10:02:22.127+0800][18.624s][info][gc,phases   ] GC(663)   Evacuate Collection Set: 0.45ms
[2026-06-17T10:02:22.128+0800][18.624s][info][gc,phases   ] GC(663)   Post Evacuate Collection Set: 0.17ms
[2026-06-17T10:02:22.128+0800][18.625s][info][gc,phases   ] GC(663)   Other: 0.23ms
[2026-06-17T10:02:22.129+0800][18.626s][info][gc,heap     ] GC(663) Eden regions: 8->0(10)
[2026-06-17T10:02:22.130+0800][18.627s][info][gc,heap     ] GC(663) Survivor regions: 2->2(2)
[2026-06-17T10:02:22.131+0800][18.627s][info][gc,heap     ] GC(663) Old regions: 26->25
[2026-06-17T10:02:22.131+0800][18.628s][info][gc,heap     ] GC(663) Humongous regions: 18->18
[2026-06-17T10:02:22.131+0800][18.628s][info][gc,metaspace] GC(663) Metaspace: 112K(320K)->112K(320K) NonClass: 105K(192K)->105K(192K) Class: 7K(128K)->7K(128K)
[2026-06-17T10:02:22.131+0800][18.628s][info][gc          ] GC(663) Pause Young (Mixed) (G1 Evacuation Pause) 53M->44M(64M) 5.301ms
[2026-06-17T10:02:22.131+0800][18.628s][info][gc,cpu      ] GC(663) User=0.00s Sys=0.00s Real=0.01s
[2026-06-17T10:02:22.163+0800][18.660s][info][gc,start    ] GC(664) Pause Young (Mixed) (G1 Evacuation Pause)
[2026-06-17T10:02:22.163+0800][18.660s][info][gc,task     ] GC(664) Using 2 workers of 18 for evacuation
[2026-06-17T10:02:22.165+0800][18.661s][info][gc,phases   ] GC(664)   Pre Evacuate Collection Set: 0.14ms
[2026-06-17T10:02:22.165+0800][18.662s][info][gc,phases   ] GC(664)   Merge Heap Roots: 0.05ms
[2026-06-17T10:02:22.165+0800][18.662s][info][gc,phases   ] GC(664)   Evacuate Collection Set: 0.51ms
[2026-06-17T10:02:22.165+0800][18.662s][info][gc,phases   ] GC(664)   Post Evacuate Collection Set: 0.31ms
[2026-06-17T10:02:22.165+0800][18.662s][info][gc,phases   ] GC(664)   Other: 0.36ms
[2026-06-17T10:02:22.165+0800][18.662s][info][gc,heap     ] GC(664) Eden regions: 10->0(8)
[2026-06-17T10:02:22.165+0800][18.662s][info][gc,heap     ] GC(664) Survivor regions: 2->2(2)
[2026-06-17T10:02:22.166+0800][18.662s][info][gc,heap     ] GC(664) Old regions: 25->27
[2026-06-17T10:02:22.166+0800][18.662s][info][gc,heap     ] GC(664) Humongous regions: 18->18
[2026-06-17T10:02:22.166+0800][18.663s][info][gc,metaspace] GC(664) Metaspace: 112K(320K)->112K(320K) NonClass: 105K(192K)->105K(192K) Class: 7K(128K)->7K(128K)
[2026-06-17T10:02:22.166+0800][18.663s][info][gc          ] GC(664) Pause Young (Mixed) (G1 Evacuation Pause) 54M->46M(64M) 2.998ms
[2026-06-17T10:02:22.166+0800][18.663s][info][gc,cpu      ] GC(664) User=0.00s Sys=0.00s Real=0.00s
[2026-06-17T10:02:22.187+0800][18.684s][info][gc,start    ] GC(665) Pause Young (Concurrent Start) (G1 Evacuation Pause)
[2026-06-17T10:02:22.187+0800][18.684s][info][gc,task     ] GC(665) Using 2 workers of 18 for evacuation
[2026-06-17T10:02:22.189+0800][18.686s][info][gc,phases   ] GC(665)   Pre Evacuate Collection Set: 0.21ms
[2026-06-17T10:02:22.189+0800][18.686s][info][gc,phases   ] GC(665)   Merge Heap Roots: 0.10ms
[2026-06-17T10:02:22.189+0800][18.686s][info][gc,phases   ] GC(665)   Evacuate Collection Set: 0.49ms
[2026-06-17T10:02:22.190+0800][18.686s][info][gc,phases   ] GC(665)   Post Evacuate Collection Set: 0.33ms
[2026-06-17T10:02:22.190+0800][18.687s][info][gc,phases   ] GC(665)   Other: 0.31ms
[2026-06-17T10:02:22.190+0800][18.687s][info][gc,heap     ] GC(665) Eden regions: 8->0(5)
[2026-06-17T10:02:22.190+0800][18.687s][info][gc,heap     ] GC(665) Survivor regions: 2->2(2)
[2026-06-17T10:02:22.191+0800][18.687s][info][gc,heap     ] GC(665) Old regions: 27->30
[2026-06-17T10:02:22.191+0800][18.688s][info][gc,heap     ] GC(665) Humongous regions: 18->18
[2026-06-17T10:02:22.191+0800][18.688s][info][gc,metaspace] GC(665) Metaspace: 112K(320K)->112K(320K) NonClass: 105K(192K)->105K(192K) Class: 7K(128K)->7K(128K)
[2026-06-17T10:02:22.191+0800][18.688s][info][gc          ] GC(665) Pause Young (Concurrent Start) (G1 Evacuation Pause) 54M->49M(64M) 3.836ms
[2026-06-17T10:02:22.191+0800][18.688s][info][gc,cpu      ] GC(665) User=0.00s Sys=0.00s Real=0.01s
[2026-06-17T10:02:22.191+0800][18.688s][info][gc          ] GC(666) Concurrent Mark Cycle
[2026-06-17T10:02:22.191+0800][18.688s][info][gc,marking  ] GC(666) Concurrent Scan Root Regions
[2026-06-17T10:02:22.191+0800][18.688s][info][gc,marking  ] GC(666) Concurrent Scan Root Regions 0.213ms
[2026-06-17T10:02:22.192+0800][18.688s][info][gc,marking  ] GC(666) Concurrent Mark
[2026-06-17T10:02:22.192+0800][18.689s][info][gc,marking  ] GC(666) Concurrent Mark From Roots
[2026-06-17T10:02:22.192+0800][18.689s][info][gc,task     ] GC(666) Using 5 workers of 5 for marking
[2026-06-17T10:02:22.193+0800][18.690s][info][gc,marking  ] GC(666) Concurrent Mark From Roots 1.617ms
[2026-06-17T10:02:22.193+0800][18.690s][info][gc,marking  ] GC(666) Concurrent Preclean
[2026-06-17T10:02:22.194+0800][18.690s][info][gc,marking  ] GC(666) Concurrent Preclean 0.145ms
[2026-06-17T10:02:22.194+0800][18.691s][info][gc,start    ] GC(666) Pause Remark
[2026-06-17T10:02:22.194+0800][18.691s][info][gc          ] GC(666) Pause Remark 51M->43M(64M) 0.470ms
[2026-06-17T10:02:22.194+0800][18.691s][info][gc,cpu      ] GC(666) User=0.00s Sys=0.00s Real=0.00s
[2026-06-17T10:02:22.195+0800][18.691s][info][gc,marking  ] GC(666) Concurrent Mark 2.946ms
[2026-06-17T10:02:22.195+0800][18.692s][info][gc,marking  ] GC(666) Concurrent Rebuild Remembered Sets and Scrub Regions
[2026-06-17T10:02:22.195+0800][18.692s][info][gc,marking  ] GC(666) Concurrent Rebuild Remembered Sets and Scrub Regions 0.596ms
[2026-06-17T10:02:22.196+0800][18.692s][info][gc,start    ] GC(666) Pause Cleanup
[2026-06-17T10:02:22.196+0800][18.693s][info][gc          ] GC(666) Pause Cleanup 43M->43M(64M) 0.168ms
[2026-06-17T10:02:22.196+0800][18.693s][info][gc,cpu      ] GC(666) User=0.00s Sys=0.00s Real=0.00s
[2026-06-17T10:02:22.196+0800][18.693s][info][gc,marking  ] GC(666) Concurrent Clear Claimed Marks
[2026-06-17T10:02:22.196+0800][18.693s][info][gc,marking  ] GC(666) Concurrent Clear Claimed Marks 0.105ms
[2026-06-17T10:02:22.196+0800][18.693s][info][gc,marking  ] GC(666) Concurrent Cleanup for Next Mark
[2026-06-17T10:02:22.196+0800][18.693s][info][gc,marking  ] GC(666) Concurrent Cleanup for Next Mark 0.163ms
[2026-06-17T10:02:22.196+0800][18.693s][info][gc          ] GC(666) Concurrent Mark Cycle 5.414ms
[2026-06-17T10:02:22.202+0800][18.699s][info][gc,start    ] GC(667) Pause Young (Prepare Mixed) (G1 Evacuation Pause)
[2026-06-17T10:02:22.202+0800][18.699s][info][gc,task     ] GC(667) Using 2 workers of 18 for evacuation
[2026-06-17T10:02:22.203+0800][18.700s][info][gc,phases   ] GC(667)   Pre Evacuate Collection Set: 0.08ms
[2026-06-17T10:02:22.203+0800][18.700s][info][gc,phases   ] GC(667)   Merge Heap Roots: 0.04ms
[2026-06-17T10:02:22.203+0800][18.700s][info][gc,phases   ] GC(667)   Evacuate Collection Set: 0.31ms
[2026-06-17T10:02:22.203+0800][18.700s][info][gc,phases   ] GC(667)   Post Evacuate Collection Set: 0.18ms
[2026-06-17T10:02:22.203+0800][18.700s][info][gc,phases   ] GC(667)   Other: 0.15ms
[2026-06-17T10:02:22.203+0800][18.700s][info][gc,heap     ] GC(667) Eden regions: 5->0(10)
[2026-06-17T10:02:22.203+0800][18.700s][info][gc,heap     ] GC(667) Survivor regions: 2->1(1)
[2026-06-17T10:02:22.204+0800][18.700s][info][gc,heap     ] GC(667) Old regions: 22->25
[2026-06-17T10:02:22.204+0800][18.700s][info][gc,heap     ] GC(667) Humongous regions: 18->18
[2026-06-17T10:02:22.204+0800][18.701s][info][gc,metaspace] GC(667) Metaspace: 112K(320K)->112K(320K) NonClass: 105K(192K)->105K(192K) Class: 7K(128K)->7K(128K)
[2026-06-17T10:02:22.204+0800][18.701s][info][gc          ] GC(667) Pause Young (Prepare Mixed) (G1 Evacuation Pause) 46M->43M(64M) 2.024ms
[2026-06-17T10:02:22.204+0800][18.701s][info][gc,cpu      ] GC(667) User=0.00s Sys=0.00s Real=0.01s
[2026-06-17T10:02:22.235+0800][18.732s][info][gc,start    ] GC(668) Pause Young (Mixed) (G1 Evacuation Pause)
[2026-06-17T10:02:22.236+0800][18.732s][info][gc,task     ] GC(668) Using 2 workers of 18 for evacuation
[2026-06-17T10:02:22.237+0800][18.733s][info][gc,phases   ] GC(668)   Pre Evacuate Collection Set: 0.12ms
[2026-06-17T10:02:22.237+0800][18.734s][info][gc,phases   ] GC(668)   Merge Heap Roots: 0.04ms
[2026-06-17T10:02:22.238+0800][18.735s][info][gc,phases   ] GC(668)   Evacuate Collection Set: 0.36ms
[2026-06-17T10:02:22.239+0800][18.735s][info][gc,phases   ] GC(668)   Post Evacuate Collection Set: 0.26ms
[2026-06-17T10:02:22.239+0800][18.736s][info][gc,phases   ] GC(668)   Other: 0.22ms
[2026-06-17T10:02:22.239+0800][18.736s][info][gc,heap     ] GC(668) Eden regions: 10->0(11)
[2026-06-17T10:02:22.239+0800][18.736s][info][gc,heap     ] GC(668) Survivor regions: 1->2(2)
[2026-06-17T10:02:22.239+0800][18.736s][info][gc,heap     ] GC(668) Old regions: 25->22
[2026-06-17T10:02:22.240+0800][18.736s][info][gc,heap     ] GC(668) Humongous regions: 18->18
[2026-06-17T10:02:22.240+0800][18.737s][info][gc,metaspace] GC(668) Metaspace: 112K(320K)->112K(320K) NonClass: 105K(192K)->105K(192K) Class: 7K(128K)->7K(128K)
[2026-06-17T10:02:22.240+0800][18.737s][info][gc          ] GC(668) Pause Young (Mixed) (G1 Evacuation Pause) 53M->41M(64M) 4.575ms
[2026-06-17T10:02:22.240+0800][18.737s][info][gc,cpu      ] GC(668) User=0.00s Sys=0.00s Real=0.00s
[2026-06-17T10:02:22.261+0800][18.758s][info][gc,start    ] GC(669) Pause Young (Normal) (G1 Evacuation Pause)
[2026-06-17T10:02:22.262+0800][18.759s][info][gc,task     ] GC(669) Using 2 workers of 18 for evacuation
[2026-06-17T10:02:22.263+0800][18.760s][info][gc,phases   ] GC(669)   Pre Evacuate Collection Set: 0.14ms
[2026-06-17T10:02:22.263+0800][18.760s][info][gc,phases   ] GC(669)   Merge Heap Roots: 0.05ms
[2026-06-17T10:02:22.263+0800][18.760s][info][gc,phases   ] GC(669)   Evacuate Collection Set: 0.50ms
[2026-06-17T10:02:22.264+0800][18.760s][info][gc,phases   ] GC(669)   Post Evacuate Collection Set: 0.20ms
[2026-06-17T10:02:22.264+0800][18.761s][info][gc,phases   ] GC(669)   Other: 0.34ms
[2026-06-17T10:02:22.264+0800][18.761s][info][gc,heap     ] GC(669) Eden regions: 11->0(12)
[2026-06-17T10:02:22.264+0800][18.761s][info][gc,heap     ] GC(669) Survivor regions: 2->2(2)
[2026-06-17T10:02:22.264+0800][18.761s][info][gc,heap     ] GC(669) Old regions: 22->27
[2026-06-17T10:02:22.264+0800][18.761s][info][gc,heap     ] GC(669) Humongous regions: 20->11
[2026-06-17T10:02:22.264+0800][18.761s][info][gc,metaspace] GC(669) Metaspace: 112K(320K)->112K(320K) NonClass: 105K(192K)->105K(192K) Class: 7K(128K)->7K(128K)
[2026-06-17T10:02:22.265+0800][18.761s][info][gc          ] GC(669) Pause Young (Normal) (G1 Evacuation Pause) 54M->39M(64M) 3.248ms
[2026-06-17T10:02:22.265+0800][18.762s][info][gc,cpu      ] GC(669) User=0.00s Sys=0.00s Real=0.01s
[2026-06-17T10:02:22.296+0800][18.793s][info][gc,start    ] GC(670) Pause Young (Normal) (G1 Evacuation Pause)
[2026-06-17T10:02:22.297+0800][18.794s][info][gc,task     ] GC(670) Using 2 workers of 18 for evacuation
[2026-06-17T10:02:22.298+0800][18.795s][info][gc,phases   ] GC(670)   Pre Evacuate Collection Set: 0.35ms
[2026-06-17T10:02:22.299+0800][18.796s][info][gc,phases   ] GC(670)   Merge Heap Roots: 0.08ms
[2026-06-17T10:02:22.299+0800][18.796s][info][gc,phases   ] GC(670)   Evacuate Collection Set: 0.47ms
[2026-06-17T10:02:22.299+0800][18.796s][info][gc,phases   ] GC(670)   Post Evacuate Collection Set: 0.34ms
[2026-06-17T10:02:22.299+0800][18.796s][info][gc,phases   ] GC(670)   Other: 0.38ms
[2026-06-17T10:02:22.299+0800][18.796s][info][gc,heap     ] GC(670) Eden regions: 12->0(9)
[2026-06-17T10:02:22.300+0800][18.796s][info][gc,heap     ] GC(670) Survivor regions: 2->2(2)
[2026-06-17T10:02:22.300+0800][18.797s][info][gc,heap     ] GC(670) Old regions: 27->30
[2026-06-17T10:02:22.300+0800][18.797s][info][gc,heap     ] GC(670) Humongous regions: 11->11
[2026-06-17T10:02:22.300+0800][18.797s][info][gc,metaspace] GC(670) Metaspace: 112K(320K)->112K(320K) NonClass: 105K(192K)->105K(192K) Class: 7K(128K)->7K(128K)
[2026-06-17T10:02:22.300+0800][18.797s][info][gc          ] GC(670) Pause Young (Normal) (G1 Evacuation Pause) 51M->42M(64M) 4.064ms
[2026-06-17T10:02:22.300+0800][18.797s][info][gc,cpu      ] GC(670) User=0.00s Sys=0.00s Real=0.00s
[2026-06-17T10:02:22.322+0800][18.819s][info][gc,start    ] GC(671) Pause Young (Concurrent Start) (G1 Evacuation Pause)
[2026-06-17T10:02:22.323+0800][18.819s][info][gc,task     ] GC(671) Using 2 workers of 18 for evacuation
[2026-06-17T10:02:22.324+0800][18.821s][info][gc,phases   ] GC(671)   Pre Evacuate Collection Set: 0.21ms
[2026-06-17T10:02:22.325+0800][18.821s][info][gc,phases   ] GC(671)   Merge Heap Roots: 0.08ms
[2026-06-17T10:02:22.325+0800][18.822s][info][gc,phases   ] GC(671)   Evacuate Collection Set: 0.63ms
[2026-06-17T10:02:22.325+0800][18.822s][info][gc,phases   ] GC(671)   Post Evacuate Collection Set: 0.28ms
[2026-06-17T10:02:22.325+0800][18.822s][info][gc,phases   ] GC(671)   Other: 0.58ms
[2026-06-17T10:02:22.326+0800][18.823s][info][gc,heap     ] GC(671) Eden regions: 9->0(6)
[2026-06-17T10:02:22.326+0800][18.823s][info][gc,heap     ] GC(671) Survivor regions: 2->2(2)
[2026-06-17T10:02:22.326+0800][18.823s][info][gc,heap     ] GC(671) Old regions: 30->34
[2026-06-17T10:02:22.327+0800][18.823s][info][gc,heap     ] GC(671) Humongous regions: 11->11
[2026-06-17T10:02:22.327+0800][18.824s][info][gc,metaspace] GC(671) Metaspace: 112K(320K)->112K(320K) NonClass: 105K(192K)->105K(192K) Class: 7K(128K)->7K(128K)
[2026-06-17T10:02:22.327+0800][18.824s][info][gc          ] GC(671) Pause Young (Concurrent Start) (G1 Evacuation Pause) 51M->46M(64M) 5.169ms
[2026-06-17T10:02:22.327+0800][18.824s][info][gc,cpu      ] GC(671) User=0.00s Sys=0.00s Real=0.01s
[2026-06-17T10:02:22.327+0800][18.824s][info][gc          ] GC(672) Concurrent Mark Cycle
[2026-06-17T10:02:22.328+0800][18.825s][info][gc,marking  ] GC(672) Concurrent Scan Root Regions
[2026-06-17T10:02:22.329+0800][18.825s][info][gc,marking  ] GC(672) Concurrent Scan Root Regions 0.416ms
[2026-06-17T10:02:22.329+0800][18.826s][info][gc,marking  ] GC(672) Concurrent Mark
[2026-06-17T10:02:22.329+0800][18.826s][info][gc,marking  ] GC(672) Concurrent Mark From Roots
[2026-06-17T10:02:22.329+0800][18.826s][info][gc,task     ] GC(672) Using 5 workers of 5 for marking
[2026-06-17T10:02:22.331+0800][18.827s][info][gc,marking  ] GC(672) Concurrent Mark From Roots 1.668ms
[2026-06-17T10:02:22.331+0800][18.828s][info][gc,marking  ] GC(672) Concurrent Preclean
[2026-06-17T10:02:22.331+0800][18.828s][info][gc,marking  ] GC(672) Concurrent Preclean 0.118ms
[2026-06-17T10:02:22.331+0800][18.828s][info][gc,start    ] GC(672) Pause Remark
[2026-06-17T10:02:22.332+0800][18.828s][info][gc          ] GC(672) Pause Remark 47M->37M(64M) 0.578ms
[2026-06-17T10:02:22.332+0800][18.829s][info][gc,cpu      ] GC(672) User=0.00s Sys=0.00s Real=0.00s
[2026-06-17T10:02:22.332+0800][18.829s][info][gc,marking  ] GC(672) Concurrent Mark 3.112ms
[2026-06-17T10:02:22.332+0800][18.829s][info][gc,marking  ] GC(672) Concurrent Rebuild Remembered Sets and Scrub Regions
[2026-06-17T10:02:22.333+0800][18.829s][info][gc,marking  ] GC(672) Concurrent Rebuild Remembered Sets and Scrub Regions 0.499ms
[2026-06-17T10:02:22.333+0800][18.830s][info][gc,start    ] GC(672) Pause Cleanup
[2026-06-17T10:02:22.333+0800][18.830s][info][gc          ] GC(672) Pause Cleanup 37M->37M(64M) 0.151ms
[2026-06-17T10:02:22.333+0800][18.830s][info][gc,cpu      ] GC(672) User=0.00s Sys=0.00s Real=0.00s
[2026-06-17T10:02:22.333+0800][18.830s][info][gc,marking  ] GC(672) Concurrent Clear Claimed Marks
[2026-06-17T10:02:22.333+0800][18.830s][info][gc,marking  ] GC(672) Concurrent Clear Claimed Marks 0.102ms
[2026-06-17T10:02:22.333+0800][18.830s][info][gc,marking  ] GC(672) Concurrent Cleanup for Next Mark
[2026-06-17T10:02:22.334+0800][18.831s][info][gc,marking  ] GC(672) Concurrent Cleanup for Next Mark 0.612ms
[2026-06-17T10:02:22.334+0800][18.831s][info][gc          ] GC(672) Concurrent Mark Cycle 7.257ms
[2026-06-17T10:02:22.348+0800][18.845s][info][gc,start    ] GC(673) Pause Young (Prepare Mixed) (G1 Evacuation Pause)
[2026-06-17T10:02:22.349+0800][18.845s][info][gc,task     ] GC(673) Using 2 workers of 18 for evacuation
[2026-06-17T10:02:22.349+0800][18.846s][info][gc,phases   ] GC(673)   Pre Evacuate Collection Set: 0.12ms
[2026-06-17T10:02:22.350+0800][18.846s][info][gc,phases   ] GC(673)   Merge Heap Roots: 0.05ms
[2026-06-17T10:02:22.350+0800][18.847s][info][gc,phases   ] GC(673)   Evacuate Collection Set: 0.27ms
[2026-06-17T10:02:22.350+0800][18.847s][info][gc,phases   ] GC(673)   Post Evacuate Collection Set: 0.19ms
[2026-06-17T10:02:22.350+0800][18.847s][info][gc,phases   ] GC(673)   Other: 0.17ms
[2026-06-17T10:02:22.350+0800][18.847s][info][gc,heap     ] GC(673) Eden regions: 6->0(15)
[2026-06-17T10:02:22.350+0800][18.847s][info][gc,heap     ] GC(673) Survivor regions: 2->1(1)
[2026-06-17T10:02:22.350+0800][18.847s][info][gc,heap     ] GC(673) Old regions: 24->26
[2026-06-17T10:02:22.350+0800][18.847s][info][gc,heap     ] GC(673) Humongous regions: 11->11
[2026-06-17T10:02:22.350+0800][18.847s][info][gc,metaspace] GC(673) Metaspace: 112K(320K)->112K(320K) NonClass: 105K(192K)->105K(192K) Class: 7K(128K)->7K(128K)
[2026-06-17T10:02:22.350+0800][18.847s][info][gc          ] GC(673) Pause Young (Prepare Mixed) (G1 Evacuation Pause) 42M->37M(64M) 2.130ms
[2026-06-17T10:02:22.350+0800][18.847s][info][gc,cpu      ] GC(673) User=0.00s Sys=0.00s Real=0.00s
[2026-06-17T10:02:22.382+0800][18.879s][info][gc,start    ] GC(674) Pause Young (Mixed) (G1 Evacuation Pause)
[2026-06-17T10:02:22.382+0800][18.879s][info][gc,task     ] GC(674) Using 2 workers of 18 for evacuation
[2026-06-17T10:02:22.386+0800][18.883s][info][gc,phases   ] GC(674)   Pre Evacuate Collection Set: 0.26ms
[2026-06-17T10:02:22.387+0800][18.884s][info][gc,phases   ] GC(674)   Merge Heap Roots: 0.14ms
[2026-06-17T10:02:22.388+0800][18.884s][info][gc,phases   ] GC(674)   Evacuate Collection Set: 0.93ms
[2026-06-17T10:02:22.388+0800][18.885s][info][gc,phases   ] GC(674)   Post Evacuate Collection Set: 0.58ms
[2026-06-17T10:02:22.389+0800][18.886s][info][gc,phases   ] GC(674)   Other: 1.57ms
[2026-06-17T10:02:22.390+0800][18.887s][info][gc,heap     ] GC(674) Eden regions: 15->0(16)
[2026-06-17T10:02:22.391+0800][18.887s][info][gc,heap     ] GC(674) Survivor regions: 1->2(2)
[2026-06-17T10:02:22.391+0800][18.888s][info][gc,heap     ] GC(674) Old regions: 26->23
[2026-06-17T10:02:22.392+0800][18.889s][info][gc,heap     ] GC(674) Humongous regions: 11->11
[2026-06-17T10:02:22.392+0800][18.889s][info][gc,metaspace] GC(674) Metaspace: 112K(320K)->112K(320K) NonClass: 105K(192K)->105K(192K) Class: 7K(128K)->7K(128K)
[2026-06-17T10:02:22.393+0800][18.890s][info][gc          ] GC(674) Pause Young (Mixed) (G1 Evacuation Pause) 52M->35M(64M) 10.740ms
[2026-06-17T10:02:22.393+0800][18.890s][info][gc,cpu      ] GC(674) User=0.00s Sys=0.00s Real=0.02s
[2026-06-17T10:02:22.436+0800][18.933s][info][gc,start    ] GC(675) Pause Young (Mixed) (G1 Evacuation Pause)
[2026-06-17T10:02:22.437+0800][18.934s][info][gc,task     ] GC(675) Using 2 workers of 18 for evacuation
[2026-06-17T10:02:22.439+0800][18.936s][info][gc,phases   ] GC(675)   Pre Evacuate Collection Set: 0.29ms
[2026-06-17T10:02:22.439+0800][18.936s][info][gc,phases   ] GC(675)   Merge Heap Roots: 0.09ms
[2026-06-17T10:02:22.440+0800][18.937s][info][gc,phases   ] GC(675)   Evacuate Collection Set: 0.69ms
[2026-06-17T10:02:22.441+0800][18.938s][info][gc,phases   ] GC(675)   Post Evacuate Collection Set: 0.40ms
[2026-06-17T10:02:22.442+0800][18.938s][info][gc,phases   ] GC(675)   Other: 0.66ms
[2026-06-17T10:02:22.442+0800][18.939s][info][gc,heap     ] GC(675) Eden regions: 16->0(11)
[2026-06-17T10:02:22.443+0800][18.940s][info][gc,heap     ] GC(675) Survivor regions: 2->3(3)
[2026-06-17T10:02:22.443+0800][18.940s][info][gc,heap     ] GC(675) Old regions: 23->27
[2026-06-17T10:02:22.444+0800][18.941s][info][gc,heap     ] GC(675) Humongous regions: 11->11
[2026-06-17T10:02:22.445+0800][18.942s][info][gc,metaspace] GC(675) Metaspace: 112K(320K)->112K(320K) NonClass: 105K(192K)->105K(192K) Class: 7K(128K)->7K(128K)
[2026-06-17T10:02:22.445+0800][18.942s][info][gc          ] GC(675) Pause Young (Mixed) (G1 Evacuation Pause) 51M->40M(64M) 9.434ms
[2026-06-17T10:02:22.446+0800][18.943s][info][gc,cpu      ] GC(675) User=0.00s Sys=0.00s Real=0.01s
[2026-06-17T10:02:22.468+0800][18.965s][info][gc,start    ] GC(676) Pause Young (Concurrent Start) (G1 Humongous Allocation)
[2026-06-17T10:02:22.468+0800][18.965s][info][gc,task     ] GC(676) Using 2 workers of 18 for evacuation
[2026-06-17T10:02:22.470+0800][18.967s][info][gc,phases   ] GC(676)   Pre Evacuate Collection Set: 0.30ms
[2026-06-17T10:02:22.471+0800][18.968s][info][gc,phases   ] GC(676)   Merge Heap Roots: 0.08ms
[2026-06-17T10:02:22.472+0800][18.969s][info][gc,phases   ] GC(676)   Evacuate Collection Set: 0.37ms
[2026-06-17T10:02:22.473+0800][18.969s][info][gc,phases   ] GC(676)   Post Evacuate Collection Set: 0.36ms
[2026-06-17T10:02:22.473+0800][18.970s][info][gc,phases   ] GC(676)   Other: 0.81ms
[2026-06-17T10:02:22.474+0800][18.971s][info][gc,heap     ] GC(676) Eden regions: 9->0(11)
[2026-06-17T10:02:22.475+0800][18.971s][info][gc,heap     ] GC(676) Survivor regions: 3->2(2)
[2026-06-17T10:02:22.475+0800][18.972s][info][gc,heap     ] GC(676) Old regions: 27->29
[2026-06-17T10:02:22.476+0800][18.973s][info][gc,heap     ] GC(676) Humongous regions: 11->11
[2026-06-17T10:02:22.477+0800][18.974s][info][gc,metaspace] GC(676) Metaspace: 112K(320K)->112K(320K) NonClass: 105K(192K)->105K(192K) Class: 7K(128K)->7K(128K)
[2026-06-17T10:02:22.477+0800][18.974s][info][gc          ] GC(676) Pause Young (Concurrent Start) (G1 Humongous Allocation) 49M->41M(64M) 9.650ms
[2026-06-17T10:02:22.478+0800][18.975s][info][gc,cpu      ] GC(676) User=0.00s Sys=0.00s Real=0.01s
[2026-06-17T10:02:22.478+0800][18.975s][info][gc          ] GC(677) Concurrent Mark Cycle
[2026-06-17T10:02:22.480+0800][18.976s][info][gc,marking  ] GC(677) Concurrent Scan Root Regions
[2026-06-17T10:02:22.480+0800][18.977s][info][gc,marking  ] GC(677) Concurrent Scan Root Regions 0.571ms
[2026-06-17T10:02:22.481+0800][18.978s][info][gc,marking  ] GC(677) Concurrent Mark
[2026-06-17T10:02:22.481+0800][18.978s][info][gc,marking  ] GC(677) Concurrent Mark From Roots
[2026-06-17T10:02:22.482+0800][18.979s][info][gc,task     ] GC(677) Using 5 workers of 5 for marking
[2026-06-17T10:02:22.484+0800][18.981s][info][gc,marking  ] GC(677) Concurrent Mark From Roots 2.538ms
[2026-06-17T10:02:22.485+0800][18.981s][info][gc,marking  ] GC(677) Concurrent Preclean
[2026-06-17T10:02:22.485+0800][18.982s][info][gc,marking  ] GC(677) Concurrent Preclean 0.559ms
[2026-06-17T10:02:22.486+0800][18.983s][info][gc,start    ] GC(677) Pause Remark
[2026-06-17T10:02:22.487+0800][18.983s][info][gc          ] GC(677) Pause Remark 42M->42M(64M) 0.830ms
[2026-06-17T10:02:22.487+0800][18.984s][info][gc,cpu      ] GC(677) User=0.00s Sys=0.01s Real=0.00s
[2026-06-17T10:02:22.488+0800][18.984s][info][gc,marking  ] GC(677) Concurrent Mark 6.804ms
[2026-06-17T10:02:22.488+0800][18.985s][info][gc,marking  ] GC(677) Concurrent Rebuild Remembered Sets and Scrub Regions
[2026-06-17T10:02:22.489+0800][18.986s][info][gc,marking  ] GC(677) Concurrent Rebuild Remembered Sets and Scrub Regions 1.057ms
[2026-06-17T10:02:22.490+0800][18.987s][info][gc,start    ] GC(677) Pause Cleanup
[2026-06-17T10:02:22.491+0800][18.987s][info][gc          ] GC(677) Pause Cleanup 45M->45M(64M) 0.730ms
[2026-06-17T10:02:22.491+0800][18.988s][info][gc,cpu      ] GC(677) User=0.00s Sys=0.00s Real=0.01s
[2026-06-17T10:02:22.492+0800][18.989s][info][gc,marking  ] GC(677) Concurrent Clear Claimed Marks
[2026-06-17T10:02:22.492+0800][18.989s][info][gc,marking  ] GC(677) Concurrent Clear Claimed Marks 0.178ms
[2026-06-17T10:02:22.492+0800][18.989s][info][gc,marking  ] GC(677) Concurrent Cleanup for Next Mark
[2026-06-17T10:02:22.492+0800][18.989s][info][gc,marking  ] GC(677) Concurrent Cleanup for Next Mark 0.284ms
[2026-06-17T10:02:22.493+0800][18.990s][info][gc          ] GC(677) Concurrent Mark Cycle 14.478ms
[2026-06-17T10:02:22.510+0800][19.007s][info][gc,start    ] GC(678) Pause Young (Prepare Mixed) (G1 Evacuation Pause)
[2026-06-17T10:02:22.511+0800][19.008s][info][gc,task     ] GC(678) Using 2 workers of 18 for evacuation
[2026-06-17T10:02:22.512+0800][19.009s][info][gc,phases   ] GC(678)   Pre Evacuate Collection Set: 0.16ms
[2026-06-17T10:02:22.512+0800][19.009s][info][gc,phases   ] GC(678)   Merge Heap Roots: 0.14ms
[2026-06-17T10:02:22.512+0800][19.009s][info][gc,phases   ] GC(678)   Evacuate Collection Set: 0.34ms
[2026-06-17T10:02:22.512+0800][19.009s][info][gc,phases   ] GC(678)   Post Evacuate Collection Set: 0.25ms
[2026-06-17T10:02:22.513+0800][19.009s][info][gc,phases   ] GC(678)   Other: 0.43ms
[2026-06-17T10:02:22.513+0800][19.010s][info][gc,heap     ] GC(678) Eden regions: 11->0(11)
[2026-06-17T10:02:22.513+0800][19.010s][info][gc,heap     ] GC(678) Survivor regions: 2->1(2)
[2026-06-17T10:02:22.513+0800][19.010s][info][gc,heap     ] GC(678) Old regions: 29->31
[2026-06-17T10:02:22.513+0800][19.010s][info][gc,heap     ] GC(678) Humongous regions: 12->12
[2026-06-17T10:02:22.513+0800][19.010s][info][gc,metaspace] GC(678) Metaspace: 112K(320K)->112K(320K) NonClass: 105K(192K)->105K(192K) Class: 7K(128K)->7K(128K)
[2026-06-17T10:02:22.513+0800][19.010s][info][gc          ] GC(678) Pause Young (Prepare Mixed) (G1 Evacuation Pause) 53M->43M(64M) 2.910ms
[2026-06-17T10:02:22.513+0800][19.010s][info][gc,cpu      ] GC(678) User=0.00s Sys=0.00s Real=0.01s
[2026-06-17T10:02:22.545+0800][19.042s][info][gc,start    ] GC(679) Pause Young (Mixed) (G1 Evacuation Pause)
[2026-06-17T10:02:22.546+0800][19.042s][info][gc,task     ] GC(679) Using 2 workers of 18 for evacuation
[2026-06-17T10:02:22.547+0800][19.044s][info][gc,phases   ] GC(679)   Pre Evacuate Collection Set: 0.23ms
[2026-06-17T10:02:22.547+0800][19.044s][info][gc,phases   ] GC(679)   Merge Heap Roots: 0.04ms
[2026-06-17T10:02:22.548+0800][19.045s][info][gc,phases   ] GC(679)   Evacuate Collection Set: 0.59ms
[2026-06-17T10:02:22.548+0800][19.045s][info][gc,phases   ] GC(679)   Post Evacuate Collection Set: 0.43ms
[2026-06-17T10:02:22.548+0800][19.045s][info][gc,phases   ] GC(679)   Other: 0.31ms
[2026-06-17T10:02:22.548+0800][19.045s][info][gc,heap     ] GC(679) Eden regions: 11->0(11)
[2026-06-17T10:02:22.549+0800][19.045s][info][gc,heap     ] GC(679) Survivor regions: 1->2(2)
[2026-06-17T10:02:22.549+0800][19.046s][info][gc,heap     ] GC(679) Old regions: 31->29
[2026-06-17T10:02:22.549+0800][19.046s][info][gc,heap     ] GC(679) Humongous regions: 12->12
[2026-06-17T10:02:22.549+0800][19.046s][info][gc,metaspace] GC(679) Metaspace: 112K(320K)->112K(320K) NonClass: 105K(192K)->105K(192K) Class: 7K(128K)->7K(128K)
[2026-06-17T10:02:22.549+0800][19.046s][info][gc          ] GC(679) Pause Young (Mixed) (G1 Evacuation Pause) 54M->42M(64M) 4.148ms
[2026-06-17T10:02:22.549+0800][19.046s][info][gc,cpu      ] GC(679) User=0.00s Sys=0.00s Real=0.00s
[2026-06-17T10:02:22.581+0800][19.078s][info][gc,start    ] GC(680) Pause Young (Mixed) (G1 Evacuation Pause)
[2026-06-17T10:02:22.581+0800][19.078s][info][gc,task     ] GC(680) Using 2 workers of 18 for evacuation
[2026-06-17T10:02:22.583+0800][19.080s][info][gc,phases   ] GC(680)   Pre Evacuate Collection Set: 0.26ms
[2026-06-17T10:02:22.584+0800][19.080s][info][gc,phases   ] GC(680)   Merge Heap Roots: 0.09ms
[2026-06-17T10:02:22.584+0800][19.081s][info][gc,phases   ] GC(680)   Evacuate Collection Set: 0.71ms
[2026-06-17T10:02:22.584+0800][19.081s][info][gc,phases   ] GC(680)   Post Evacuate Collection Set: 0.32ms
[2026-06-17T10:02:22.584+0800][19.081s][info][gc,phases   ] GC(680)   Other: 0.40ms
[2026-06-17T10:02:22.584+0800][19.081s][info][gc,heap     ] GC(680) Eden regions: 11->0(9)
[2026-06-17T10:02:22.585+0800][19.081s][info][gc,heap     ] GC(680) Survivor regions: 2->2(2)
[2026-06-17T10:02:22.585+0800][19.082s][info][gc,heap     ] GC(680) Old regions: 29->31
[2026-06-17T10:02:22.585+0800][19.082s][info][gc,heap     ] GC(680) Humongous regions: 12->12
[2026-06-17T10:02:22.585+0800][19.082s][info][gc,metaspace] GC(680) Metaspace: 112K(320K)->112K(320K) NonClass: 105K(192K)->105K(192K) Class: 7K(128K)->7K(128K)
[2026-06-17T10:02:22.585+0800][19.082s][info][gc          ] GC(680) Pause Young (Mixed) (G1 Evacuation Pause) 53M->44M(64M) 4.201ms
[2026-06-17T10:02:22.585+0800][19.082s][info][gc,cpu      ] GC(680) User=0.01s Sys=0.00s Real=0.01s
[2026-06-17T10:02:22.607+0800][19.103s][info][gc,start    ] GC(681) Pause Young (Concurrent Start) (G1 Evacuation Pause)
[2026-06-17T10:02:22.607+0800][19.104s][info][gc,task     ] GC(681) Using 2 workers of 18 for evacuation
[2026-06-17T10:02:22.608+0800][19.105s][info][gc,phases   ] GC(681)   Pre Evacuate Collection Set: 0.22ms
[2026-06-17T10:02:22.609+0800][19.105s][info][gc,phases   ] GC(681)   Merge Heap Roots: 0.07ms
[2026-06-17T10:02:22.609+0800][19.106s][info][gc,phases   ] GC(681)   Evacuate Collection Set: 0.44ms
[2026-06-17T10:02:22.609+0800][19.106s][info][gc,phases   ] GC(681)   Post Evacuate Collection Set: 0.24ms
[2026-06-17T10:02:22.609+0800][19.106s][info][gc,phases   ] GC(681)   Other: 0.42ms
[2026-06-17T10:02:22.610+0800][19.106s][info][gc,heap     ] GC(681) Eden regions: 9->0(7)
[2026-06-17T10:02:22.610+0800][19.107s][info][gc,heap     ] GC(681) Survivor regions: 2->2(2)
[2026-06-17T10:02:22.610+0800][19.107s][info][gc,heap     ] GC(681) Old regions: 31->34
[2026-06-17T10:02:22.610+0800][19.107s][info][gc,heap     ] GC(681) Humongous regions: 12->12
[2026-06-17T10:02:22.610+0800][19.107s][info][gc,metaspace] GC(681) Metaspace: 112K(320K)->112K(320K) NonClass: 105K(192K)->105K(192K) Class: 7K(128K)->7K(128K)
[2026-06-17T10:02:22.610+0800][19.107s][info][gc          ] GC(681) Pause Young (Concurrent Start) (G1 Evacuation Pause) 53M->47M(64M) 3.805ms
[2026-06-17T10:02:22.611+0800][19.107s][info][gc,cpu      ] GC(681) User=0.00s Sys=0.00s Real=0.01s
[2026-06-17T10:02:22.611+0800][19.107s][info][gc          ] GC(682) Concurrent Mark Cycle
[2026-06-17T10:02:22.611+0800][19.108s][info][gc,marking  ] GC(682) Concurrent Scan Root Regions
[2026-06-17T10:02:22.611+0800][19.108s][info][gc,marking  ] GC(682) Concurrent Scan Root Regions 0.182ms
[2026-06-17T10:02:22.611+0800][19.108s][info][gc,marking  ] GC(682) Concurrent Mark
[2026-06-17T10:02:22.611+0800][19.108s][info][gc,marking  ] GC(682) Concurrent Mark From Roots
[2026-06-17T10:02:22.611+0800][19.108s][info][gc,task     ] GC(682) Using 5 workers of 5 for marking
[2026-06-17T10:02:22.613+0800][19.110s][info][gc,marking  ] GC(682) Concurrent Mark From Roots 1.809ms
[2026-06-17T10:02:22.613+0800][19.110s][info][gc,marking  ] GC(682) Concurrent Preclean
[2026-06-17T10:02:22.613+0800][19.110s][info][gc,marking  ] GC(682) Concurrent Preclean 0.135ms
[2026-06-17T10:02:22.614+0800][19.110s][info][gc,start    ] GC(682) Pause Remark
[2026-06-17T10:02:22.614+0800][19.111s][info][gc          ] GC(682) Pause Remark 49M->40M(64M) 0.485ms
[2026-06-17T10:02:22.614+0800][19.111s][info][gc,cpu      ] GC(682) User=0.00s Sys=0.00s Real=0.00s
[2026-06-17T10:02:22.614+0800][19.111s][info][gc,marking  ] GC(682) Concurrent Mark 3.191ms
[2026-06-17T10:02:22.615+0800][19.111s][info][gc,marking  ] GC(682) Concurrent Rebuild Remembered Sets and Scrub Regions
[2026-06-17T10:02:22.615+0800][19.112s][info][gc,marking  ] GC(682) Concurrent Rebuild Remembered Sets and Scrub Regions 0.457ms
[2026-06-17T10:02:22.615+0800][19.112s][info][gc,start    ] GC(682) Pause Cleanup
[2026-06-17T10:02:22.615+0800][19.112s][info][gc          ] GC(682) Pause Cleanup 40M->40M(64M) 0.213ms
[2026-06-17T10:02:22.615+0800][19.112s][info][gc,cpu      ] GC(682) User=0.00s Sys=0.00s Real=0.00s
[2026-06-17T10:02:22.616+0800][19.112s][info][gc,marking  ] GC(682) Concurrent Clear Claimed Marks
[2026-06-17T10:02:22.616+0800][19.112s][info][gc,marking  ] GC(682) Concurrent Clear Claimed Marks 0.072ms
[2026-06-17T10:02:22.616+0800][19.113s][info][gc,marking  ] GC(682) Concurrent Cleanup for Next Mark
[2026-06-17T10:02:22.616+0800][19.113s][info][gc,marking  ] GC(682) Concurrent Cleanup for Next Mark 0.175ms
[2026-06-17T10:02:22.616+0800][19.113s][info][gc          ] GC(682) Concurrent Mark Cycle 5.425ms
[2026-06-17T10:02:22.621+0800][19.118s][info][gc,start    ] GC(683) Pause Young (Prepare Mixed) (G1 Evacuation Pause)
[2026-06-17T10:02:22.622+0800][19.118s][info][gc,task     ] GC(683) Using 2 workers of 18 for evacuation
[2026-06-17T10:02:22.622+0800][19.119s][info][gc,phases   ] GC(683)   Pre Evacuate Collection Set: 0.09ms
[2026-06-17T10:02:22.622+0800][19.119s][info][gc,phases   ] GC(683)   Merge Heap Roots: 0.04ms
[2026-06-17T10:02:22.623+0800][19.119s][info][gc,phases   ] GC(683)   Evacuate Collection Set: 0.19ms
[2026-06-17T10:02:22.623+0800][19.119s][info][gc,phases   ] GC(683)   Post Evacuate Collection Set: 0.14ms
[2026-06-17T10:02:22.623+0800][19.120s][info][gc,phases   ] GC(683)   Other: 0.19ms
[2026-06-17T10:02:22.623+0800][19.120s][info][gc,heap     ] GC(683) Eden regions: 7->0(14)
[2026-06-17T10:02:22.623+0800][19.120s][info][gc,heap     ] GC(683) Survivor regions: 2->2(2)
[2026-06-17T10:02:22.623+0800][19.120s][info][gc,heap     ] GC(683) Old regions: 25->26
[2026-06-17T10:02:22.623+0800][19.120s][info][gc,heap     ] GC(683) Humongous regions: 12->12
[2026-06-17T10:02:22.623+0800][19.120s][info][gc,metaspace] GC(683) Metaspace: 112K(320K)->112K(320K) NonClass: 105K(192K)->105K(192K) Class: 7K(128K)->7K(128K)
[2026-06-17T10:02:22.623+0800][19.120s][info][gc          ] GC(683) Pause Young (Prepare Mixed) (G1 Evacuation Pause) 45M->39M(64M) 1.918ms
[2026-06-17T10:02:22.623+0800][19.120s][info][gc,cpu      ] GC(683) User=0.00s Sys=0.00s Real=0.01s
[2026-06-17T10:02:22.665+0800][19.162s][info][gc,start    ] GC(684) Pause Young (Mixed) (G1 Evacuation Pause)
[2026-06-17T10:02:22.666+0800][19.163s][info][gc,task     ] GC(684) Using 2 workers of 18 for evacuation
[2026-06-17T10:02:22.667+0800][19.164s][info][gc,phases   ] GC(684)   Pre Evacuate Collection Set: 0.24ms
[2026-06-17T10:02:22.668+0800][19.164s][info][gc,phases   ] GC(684)   Merge Heap Roots: 0.06ms
[2026-06-17T10:02:22.668+0800][19.165s][info][gc,phases   ] GC(684)   Evacuate Collection Set: 0.65ms
[2026-06-17T10:02:22.668+0800][19.165s][info][gc,phases   ] GC(684)   Post Evacuate Collection Set: 0.24ms
[2026-06-17T10:02:22.668+0800][19.165s][info][gc,phases   ] GC(684)   Other: 0.37ms
[2026-06-17T10:02:22.669+0800][19.165s][info][gc,heap     ] GC(684) Eden regions: 14->0(13)
[2026-06-17T10:02:22.669+0800][19.166s][info][gc,heap     ] GC(684) Survivor regions: 2->2(2)
[2026-06-17T10:02:22.669+0800][19.166s][info][gc,heap     ] GC(684) Old regions: 26->26
[2026-06-17T10:02:22.669+0800][19.166s][info][gc,heap     ] GC(684) Humongous regions: 12->12
[2026-06-17T10:02:22.669+0800][19.166s][info][gc,metaspace] GC(684) Metaspace: 112K(320K)->112K(320K) NonClass: 105K(192K)->105K(192K) Class: 7K(128K)->7K(128K)
[2026-06-17T10:02:22.669+0800][19.166s][info][gc          ] GC(684) Pause Young (Mixed) (G1 Evacuation Pause) 53M->39M(64M) 4.034ms
[2026-06-17T10:02:22.669+0800][19.166s][info][gc,cpu      ] GC(684) User=0.00s Sys=0.00s Real=0.00s
[2026-06-17T10:02:22.701+0800][19.198s][info][gc,start    ] GC(685) Pause Young (Mixed) (G1 Evacuation Pause)
[2026-06-17T10:02:22.702+0800][19.199s][info][gc,task     ] GC(685) Using 2 workers of 18 for evacuation
[2026-06-17T10:02:22.704+0800][19.201s][info][gc,phases   ] GC(685)   Pre Evacuate Collection Set: 0.16ms
[2026-06-17T10:02:22.705+0800][19.202s][info][gc,phases   ] GC(685)   Merge Heap Roots: 0.07ms
[2026-06-17T10:02:22.705+0800][19.202s][info][gc,phases   ] GC(685)   Evacuate Collection Set: 0.57ms
[2026-06-17T10:02:22.705+0800][19.202s][info][gc,phases   ] GC(685)   Post Evacuate Collection Set: 0.24ms
[2026-06-17T10:02:22.705+0800][19.202s][info][gc,phases   ] GC(685)   Other: 1.18ms
[2026-06-17T10:02:22.707+0800][19.204s][info][gc,heap     ] GC(685) Eden regions: 13->0(9)
[2026-06-17T10:02:22.707+0800][19.204s][info][gc,heap     ] GC(685) Survivor regions: 2->2(2)
[2026-06-17T10:02:22.708+0800][19.204s][info][gc,heap     ] GC(685) Old regions: 26->29
[2026-06-17T10:02:22.708+0800][19.204s][info][gc,heap     ] GC(685) Humongous regions: 14->14
[2026-06-17T10:02:22.708+0800][19.205s][info][gc,metaspace] GC(685) Metaspace: 112K(320K)->112K(320K) NonClass: 105K(192K)->105K(192K) Class: 7K(128K)->7K(128K)
[2026-06-17T10:02:22.708+0800][19.205s][info][gc          ] GC(685) Pause Young (Mixed) (G1 Evacuation Pause) 54M->44M(64M) 6.653ms
[2026-06-17T10:02:22.708+0800][19.205s][info][gc,cpu      ] GC(685) User=0.01s Sys=0.00s Real=0.01s
[2026-06-17T10:02:22.729+0800][19.226s][info][gc,start    ] GC(686) Pause Young (Concurrent Start) (G1 Evacuation Pause)
[2026-06-17T10:02:22.729+0800][19.226s][info][gc,task     ] GC(686) Using 2 workers of 18 for evacuation
[2026-06-17T10:02:22.730+0800][19.227s][info][gc,phases   ] GC(686)   Pre Evacuate Collection Set: 0.15ms
[2026-06-17T10:02:22.731+0800][19.227s][info][gc,phases   ] GC(686)   Merge Heap Roots: 0.03ms
[2026-06-17T10:02:22.731+0800][19.228s][info][gc,phases   ] GC(686)   Evacuate Collection Set: 0.20ms
[2026-06-17T10:02:22.731+0800][19.228s][info][gc,phases   ] GC(686)   Post Evacuate Collection Set: 0.21ms
[2026-06-17T10:02:22.731+0800][19.228s][info][gc,phases   ] GC(686)   Other: 0.33ms
[2026-06-17T10:02:22.732+0800][19.228s][info][gc,heap     ] GC(686) Eden regions: 9->0(10)
[2026-06-17T10:02:22.732+0800][19.229s][info][gc,heap     ] GC(686) Survivor regions: 2->1(2)
[2026-06-17T10:02:22.732+0800][19.229s][info][gc,heap     ] GC(686) Old regions: 29->30
[2026-06-17T10:02:22.732+0800][19.229s][info][gc,heap     ] GC(686) Humongous regions: 14->14
[2026-06-17T10:02:22.732+0800][19.229s][info][gc,metaspace] GC(686) Metaspace: 112K(320K)->112K(320K) NonClass: 105K(192K)->105K(192K) Class: 7K(128K)->7K(128K)
[2026-06-17T10:02:22.732+0800][19.229s][info][gc          ] GC(686) Pause Young (Concurrent Start) (G1 Evacuation Pause) 53M->44M(64M) 3.347ms
[2026-06-17T10:02:22.732+0800][19.229s][info][gc,cpu      ] GC(686) User=0.00s Sys=0.00s Real=0.01s
[2026-06-17T10:02:22.732+0800][19.229s][info][gc          ] GC(687) Concurrent Mark Cycle
[2026-06-17T10:02:22.733+0800][19.230s][info][gc,marking  ] GC(687) Concurrent Scan Root Regions
[2026-06-17T10:02:22.733+0800][19.230s][info][gc,marking  ] GC(687) Concurrent Scan Root Regions 0.208ms
[2026-06-17T10:02:22.733+0800][19.230s][info][gc,marking  ] GC(687) Concurrent Mark
[2026-06-17T10:02:22.733+0800][19.230s][info][gc,marking  ] GC(687) Concurrent Mark From Roots
[2026-06-17T10:02:22.733+0800][19.230s][info][gc,task     ] GC(687) Using 5 workers of 5 for marking
[2026-06-17T10:02:22.735+0800][19.231s][info][gc,marking  ] GC(687) Concurrent Mark From Roots 1.530ms
[2026-06-17T10:02:22.735+0800][19.232s][info][gc,marking  ] GC(687) Concurrent Preclean
[2026-06-17T10:02:22.736+0800][19.233s][info][gc,marking  ] GC(687) Concurrent Preclean 0.284ms
[2026-06-17T10:02:22.736+0800][19.233s][info][gc,start    ] GC(687) Pause Remark
[2026-06-17T10:02:22.737+0800][19.234s][info][gc          ] GC(687) Pause Remark 45M->38M(64M) 0.802ms
[2026-06-17T10:02:22.737+0800][19.234s][info][gc,cpu      ] GC(687) User=0.00s Sys=0.00s Real=0.00s
[2026-06-17T10:02:22.737+0800][19.234s][info][gc,marking  ] GC(687) Concurrent Mark 4.335ms
[2026-06-17T10:02:22.738+0800][19.234s][info][gc,marking  ] GC(687) Concurrent Rebuild Remembered Sets and Scrub Regions
[2026-06-17T10:02:22.738+0800][19.235s][info][gc,marking  ] GC(687) Concurrent Rebuild Remembered Sets and Scrub Regions 0.571ms
[2026-06-17T10:02:22.738+0800][19.235s][info][gc,start    ] GC(687) Pause Cleanup
[2026-06-17T10:02:22.739+0800][19.235s][info][gc          ] GC(687) Pause Cleanup 38M->38M(64M) 0.250ms
[2026-06-17T10:02:22.739+0800][19.236s][info][gc,cpu      ] GC(687) User=0.00s Sys=0.00s Real=0.00s
[2026-06-17T10:02:22.739+0800][19.236s][info][gc,marking  ] GC(687) Concurrent Clear Claimed Marks
[2026-06-17T10:02:22.739+0800][19.236s][info][gc,marking  ] GC(687) Concurrent Clear Claimed Marks 0.182ms
[2026-06-17T10:02:22.739+0800][19.236s][info][gc,marking  ] GC(687) Concurrent Cleanup for Next Mark
[2026-06-17T10:02:22.740+0800][19.237s][info][gc,marking  ] GC(687) Concurrent Cleanup for Next Mark 0.311ms
[2026-06-17T10:02:22.740+0800][19.237s][info][gc          ] GC(687) Concurrent Mark Cycle 7.437ms
[2026-06-17T10:02:22.764+0800][19.260s][info][gc,start    ] GC(688) Pause Young (Prepare Mixed) (G1 Evacuation Pause)
[2026-06-17T10:02:22.764+0800][19.261s][info][gc,task     ] GC(688) Using 2 workers of 18 for evacuation
[2026-06-17T10:02:22.765+0800][19.262s][info][gc,phases   ] GC(688)   Pre Evacuate Collection Set: 0.16ms
[2026-06-17T10:02:22.766+0800][19.263s][info][gc,phases   ] GC(688)   Merge Heap Roots: 0.09ms
[2026-06-17T10:02:22.766+0800][19.263s][info][gc,phases   ] GC(688)   Evacuate Collection Set: 0.37ms
[2026-06-17T10:02:22.766+0800][19.263s][info][gc,phases   ] GC(688)   Post Evacuate Collection Set: 0.34ms
[2026-06-17T10:02:22.767+0800][19.263s][info][gc,phases   ] GC(688)   Other: 0.26ms
[2026-06-17T10:02:22.767+0800][19.264s][info][gc,heap     ] GC(688) Eden regions: 10->0(11)
[2026-06-17T10:02:22.767+0800][19.264s][info][gc,heap     ] GC(688) Survivor regions: 1->2(2)
[2026-06-17T10:02:22.767+0800][19.264s][info][gc,heap     ] GC(688) Old regions: 23->25
[2026-06-17T10:02:22.767+0800][19.264s][info][gc,heap     ] GC(688) Humongous regions: 14->14
[2026-06-17T10:02:22.768+0800][19.264s][info][gc,metaspace] GC(688) Metaspace: 112K(320K)->112K(320K) NonClass: 105K(192K)->105K(192K) Class: 7K(128K)->7K(128K)
[2026-06-17T10:02:22.768+0800][19.265s][info][gc          ] GC(688) Pause Young (Prepare Mixed) (G1 Evacuation Pause) 47M->40M(64M) 4.103ms
[2026-06-17T10:02:22.768+0800][19.265s][info][gc,cpu      ] GC(688) User=0.00s Sys=0.00s Real=0.00s
[2026-06-17T10:02:22.799+0800][19.296s][info][gc,start    ] GC(689) Pause Young (Mixed) (G1 Evacuation Pause)
[2026-06-17T10:02:22.800+0800][19.297s][info][gc,task     ] GC(689) Using 2 workers of 18 for evacuation
[2026-06-17T10:02:22.801+0800][19.298s][info][gc,phases   ] GC(689)   Pre Evacuate Collection Set: 0.15ms
[2026-06-17T10:02:22.801+0800][19.298s][info][gc,phases   ] GC(689)   Merge Heap Roots: 0.14ms
[2026-06-17T10:02:22.802+0800][19.298s][info][gc,phases   ] GC(689)   Evacuate Collection Set: 0.52ms
[2026-06-17T10:02:22.802+0800][19.299s][info][gc,phases   ] GC(689)   Post Evacuate Collection Set: 0.32ms
[2026-06-17T10:02:22.802+0800][19.299s][info][gc,phases   ] GC(689)   Other: 0.19ms
[2026-06-17T10:02:22.802+0800][19.299s][info][gc,heap     ] GC(689) Eden regions: 11->0(13)
[2026-06-17T10:02:22.802+0800][19.299s][info][gc,heap     ] GC(689) Survivor regions: 2->2(2)
[2026-06-17T10:02:22.802+0800][19.299s][info][gc,heap     ] GC(689) Old regions: 25->22
[2026-06-17T10:02:22.802+0800][19.299s][info][gc,heap     ] GC(689) Humongous regions: 14->14
[2026-06-17T10:02:22.802+0800][19.299s][info][gc,metaspace] GC(689) Metaspace: 112K(320K)->112K(320K) NonClass: 105K(192K)->105K(192K) Class: 7K(128K)->7K(128K)
[2026-06-17T10:02:22.803+0800][19.299s][info][gc          ] GC(689) Pause Young (Mixed) (G1 Evacuation Pause) 51M->37M(64M) 3.200ms
[2026-06-17T10:02:22.803+0800][19.300s][info][gc,cpu      ] GC(689) User=0.00s Sys=0.00s Real=0.01s
[2026-06-17T10:02:22.834+0800][19.331s][info][gc,start    ] GC(690) Pause Young (Mixed) (G1 Evacuation Pause)
[2026-06-17T10:02:22.835+0800][19.332s][info][gc,task     ] GC(690) Using 2 workers of 18 for evacuation
[2026-06-17T10:02:22.837+0800][19.334s][info][gc,phases   ] GC(690)   Pre Evacuate Collection Set: 0.18ms
[2026-06-17T10:02:22.837+0800][19.334s][info][gc,phases   ] GC(690)   Merge Heap Roots: 0.07ms
[2026-06-17T10:02:22.837+0800][19.334s][info][gc,phases   ] GC(690)   Evacuate Collection Set: 0.53ms
[2026-06-17T10:02:22.838+0800][19.334s][info][gc,phases   ] GC(690)   Post Evacuate Collection Set: 0.46ms
[2026-06-17T10:02:22.838+0800][19.335s][info][gc,phases   ] GC(690)   Other: 0.50ms
[2026-06-17T10:02:22.838+0800][19.335s][info][gc,heap     ] GC(690) Eden regions: 13->0(12)
[2026-06-17T10:02:22.838+0800][19.335s][info][gc,heap     ] GC(690) Survivor regions: 2->2(2)
[2026-06-17T10:02:22.838+0800][19.335s][info][gc,heap     ] GC(690) Old regions: 22->24
[2026-06-17T10:02:22.839+0800][19.335s][info][gc,heap     ] GC(690) Humongous regions: 14->14
[2026-06-17T10:02:22.839+0800][19.336s][info][gc,metaspace] GC(690) Metaspace: 112K(320K)->112K(320K) NonClass: 105K(192K)->105K(192K) Class: 7K(128K)->7K(128K)
[2026-06-17T10:02:22.839+0800][19.336s][info][gc          ] GC(690) Pause Young (Mixed) (G1 Evacuation Pause) 50M->39M(64M) 4.517ms
[2026-06-17T10:02:22.839+0800][19.336s][info][gc,cpu      ] GC(690) User=0.00s Sys=0.00s Real=0.00s
[2026-06-17T10:02:22.871+0800][19.368s][info][gc,start    ] GC(691) Pause Young (Normal) (G1 Evacuation Pause)
[2026-06-17T10:02:22.872+0800][19.369s][info][gc,task     ] GC(691) Using 2 workers of 18 for evacuation
[2026-06-17T10:02:22.873+0800][19.370s][info][gc,phases   ] GC(691)   Pre Evacuate Collection Set: 0.18ms
[2026-06-17T10:02:22.874+0800][19.371s][info][gc,phases   ] GC(691)   Merge Heap Roots: 0.07ms
[2026-06-17T10:02:22.874+0800][19.371s][info][gc,phases   ] GC(691)   Evacuate Collection Set: 0.48ms
[2026-06-17T10:02:22.874+0800][19.371s][info][gc,phases   ] GC(691)   Post Evacuate Collection Set: 0.39ms
[2026-06-17T10:02:22.875+0800][19.371s][info][gc,phases   ] GC(691)   Other: 0.34ms
[2026-06-17T10:02:22.875+0800][19.372s][info][gc,heap     ] GC(691) Eden regions: 12->0(10)
[2026-06-17T10:02:22.875+0800][19.372s][info][gc,heap     ] GC(691) Survivor regions: 2->2(2)
[2026-06-17T10:02:22.875+0800][19.372s][info][gc,heap     ] GC(691) Old regions: 24->28
[2026-06-17T10:02:22.875+0800][19.372s][info][gc,heap     ] GC(691) Humongous regions: 14->14
[2026-06-17T10:02:22.875+0800][19.372s][info][gc,metaspace] GC(691) Metaspace: 112K(320K)->112K(320K) NonClass: 105K(192K)->105K(192K) Class: 7K(128K)->7K(128K)
[2026-06-17T10:02:22.876+0800][19.372s][info][gc          ] GC(691) Pause Young (Normal) (G1 Evacuation Pause) 51M->43M(64M) 4.116ms
[2026-06-17T10:02:22.876+0800][19.373s][info][gc,cpu      ] GC(691) User=0.01s Sys=0.00s Real=0.00s
[2026-06-17T10:02:22.887+0800][19.384s][info][gc,start    ] GC(692) Pause Young (Concurrent Start) (G1 Humongous Allocation)
[2026-06-17T10:02:22.887+0800][19.384s][info][gc,task     ] GC(692) Using 2 workers of 18 for evacuation
[2026-06-17T10:02:22.888+0800][19.385s][info][gc,phases   ] GC(692)   Pre Evacuate Collection Set: 0.15ms
[2026-06-17T10:02:22.888+0800][19.385s][info][gc,phases   ] GC(692)   Merge Heap Roots: 0.04ms
[2026-06-17T10:02:22.888+0800][19.385s][info][gc,phases   ] GC(692)   Evacuate Collection Set: 0.31ms
[2026-06-17T10:02:22.888+0800][19.385s][info][gc,phases   ] GC(692)   Post Evacuate Collection Set: 0.20ms
[2026-06-17T10:02:22.888+0800][19.385s][info][gc,phases   ] GC(692)   Other: 0.33ms
[2026-06-17T10:02:22.889+0800][19.385s][info][gc,heap     ] GC(692) Eden regions: 8->0(8)
[2026-06-17T10:02:22.889+0800][19.385s][info][gc,heap     ] GC(692) Survivor regions: 2->2(2)
[2026-06-17T10:02:22.889+0800][19.386s][info][gc,heap     ] GC(692) Old regions: 28->30
[2026-06-17T10:02:22.889+0800][19.386s][info][gc,heap     ] GC(692) Humongous regions: 14->14
[2026-06-17T10:02:22.889+0800][19.386s][info][gc,metaspace] GC(692) Metaspace: 112K(320K)->112K(320K) NonClass: 105K(192K)->105K(192K) Class: 7K(128K)->7K(128K)
[2026-06-17T10:02:22.889+0800][19.386s][info][gc          ] GC(692) Pause Young (Concurrent Start) (G1 Humongous Allocation) 50M->45M(64M) 2.171ms
[2026-06-17T10:02:22.889+0800][19.386s][info][gc,cpu      ] GC(692) User=0.00s Sys=0.00s Real=0.00s
[2026-06-17T10:02:22.889+0800][19.386s][info][gc          ] GC(693) Concurrent Mark Cycle
[2026-06-17T10:02:22.889+0800][19.386s][info][gc,marking  ] GC(693) Concurrent Scan Root Regions
[2026-06-17T10:02:22.889+0800][19.386s][info][gc,marking  ] GC(693) Concurrent Scan Root Regions 0.137ms
[2026-06-17T10:02:22.889+0800][19.386s][info][gc,marking  ] GC(693) Concurrent Mark
[2026-06-17T10:02:22.890+0800][19.386s][info][gc,marking  ] GC(693) Concurrent Mark From Roots
[2026-06-17T10:02:22.890+0800][19.387s][info][gc,task     ] GC(693) Using 5 workers of 5 for marking
[2026-06-17T10:02:22.891+0800][19.388s][info][gc,marking  ] GC(693) Concurrent Mark From Roots 1.526ms
[2026-06-17T10:02:22.891+0800][19.388s][info][gc,marking  ] GC(693) Concurrent Preclean
[2026-06-17T10:02:22.892+0800][19.388s][info][gc,marking  ] GC(693) Concurrent Preclean 0.372ms
[2026-06-17T10:02:22.892+0800][19.389s][info][gc,start    ] GC(693) Pause Remark
[2026-06-17T10:02:22.892+0800][19.389s][info][gc          ] GC(693) Pause Remark 46M->36M(64M) 0.449ms
[2026-06-17T10:02:22.892+0800][19.389s][info][gc,cpu      ] GC(693) User=0.00s Sys=0.00s Real=0.00s
[2026-06-17T10:02:22.893+0800][19.389s][info][gc,marking  ] GC(693) Concurrent Mark 3.132ms
[2026-06-17T10:02:22.893+0800][19.390s][info][gc,marking  ] GC(693) Concurrent Rebuild Remembered Sets and Scrub Regions
[2026-06-17T10:02:22.893+0800][19.390s][info][gc,marking  ] GC(693) Concurrent Rebuild Remembered Sets and Scrub Regions 0.423ms
[2026-06-17T10:02:22.893+0800][19.390s][info][gc,start    ] GC(693) Pause Cleanup
[2026-06-17T10:02:22.893+0800][19.390s][info][gc          ] GC(693) Pause Cleanup 36M->36M(64M) 0.201ms
[2026-06-17T10:02:22.894+0800][19.390s][info][gc,cpu      ] GC(693) User=0.00s Sys=0.00s Real=0.00s
[2026-06-17T10:02:22.894+0800][19.391s][info][gc,marking  ] GC(693) Concurrent Clear Claimed Marks
[2026-06-17T10:02:22.894+0800][19.391s][info][gc,marking  ] GC(693) Concurrent Clear Claimed Marks 0.124ms
[2026-06-17T10:02:22.894+0800][19.391s][info][gc,marking  ] GC(693) Concurrent Cleanup for Next Mark
[2026-06-17T10:02:22.894+0800][19.391s][info][gc,marking  ] GC(693) Concurrent Cleanup for Next Mark 0.172ms
[2026-06-17T10:02:22.894+0800][19.391s][info][gc          ] GC(693) Concurrent Mark Cycle 5.114ms
[2026-06-17T10:02:22.910+0800][19.407s][info][gc,start    ] GC(694) Pause Young (Prepare Mixed) (G1 Evacuation Pause)
[2026-06-17T10:02:22.911+0800][19.407s][info][gc,task     ] GC(694) Using 2 workers of 18 for evacuation
[2026-06-17T10:02:22.911+0800][19.408s][info][gc,phases   ] GC(694)   Pre Evacuate Collection Set: 0.13ms
[2026-06-17T10:02:22.912+0800][19.409s][info][gc,phases   ] GC(694)   Merge Heap Roots: 0.05ms
[2026-06-17T10:02:22.912+0800][19.409s][info][gc,phases   ] GC(694)   Evacuate Collection Set: 0.23ms
[2026-06-17T10:02:22.912+0800][19.409s][info][gc,phases   ] GC(694)   Post Evacuate Collection Set: 0.18ms
[2026-06-17T10:02:22.912+0800][19.409s][info][gc,phases   ] GC(694)   Other: 0.25ms
[2026-06-17T10:02:22.912+0800][19.409s][info][gc,heap     ] GC(694) Eden regions: 8->0(16)
[2026-06-17T10:02:22.912+0800][19.409s][info][gc,heap     ] GC(694) Survivor regions: 2->1(2)
[2026-06-17T10:02:22.912+0800][19.409s][info][gc,heap     ] GC(694) Old regions: 20->21
[2026-06-17T10:02:22.912+0800][19.409s][info][gc,heap     ] GC(694) Humongous regions: 15->15
[2026-06-17T10:02:22.913+0800][19.409s][info][gc,metaspace] GC(694) Metaspace: 112K(320K)->112K(320K) NonClass: 105K(192K)->105K(192K) Class: 7K(128K)->7K(128K)
[2026-06-17T10:02:22.913+0800][19.409s][info][gc          ] GC(694) Pause Young (Prepare Mixed) (G1 Evacuation Pause) 44M->36M(64M) 2.438ms
[2026-06-17T10:02:22.913+0800][19.410s][info][gc,cpu      ] GC(694) User=0.00s Sys=0.00s Real=0.01s
[2026-06-17T10:02:22.955+0800][19.452s][info][gc,start    ] GC(695) Pause Young (Mixed) (G1 Evacuation Pause)
[2026-06-17T10:02:22.955+0800][19.452s][info][gc,task     ] GC(695) Using 2 workers of 18 for evacuation
[2026-06-17T10:02:22.957+0800][19.454s][info][gc,phases   ] GC(695)   Pre Evacuate Collection Set: 0.28ms
[2026-06-17T10:02:22.957+0800][19.454s][info][gc,phases   ] GC(695)   Merge Heap Roots: 0.08ms
[2026-06-17T10:02:22.958+0800][19.455s][info][gc,phases   ] GC(695)   Evacuate Collection Set: 0.63ms
[2026-06-17T10:02:22.958+0800][19.455s][info][gc,phases   ] GC(695)   Post Evacuate Collection Set: 0.31ms
[2026-06-17T10:02:22.959+0800][19.456s][info][gc,phases   ] GC(695)   Other: 0.29ms
[2026-06-17T10:02:22.959+0800][19.456s][info][gc,heap     ] GC(695) Eden regions: 16->0(13)
[2026-06-17T10:02:22.960+0800][19.456s][info][gc,heap     ] GC(695) Survivor regions: 1->3(3)
[2026-06-17T10:02:22.960+0800][19.457s][info][gc,heap     ] GC(695) Old regions: 21->21
[2026-06-17T10:02:22.960+0800][19.457s][info][gc,heap     ] GC(695) Humongous regions: 15->15
[2026-06-17T10:02:22.960+0800][19.457s][info][gc,metaspace] GC(695) Metaspace: 112K(320K)->112K(320K) NonClass: 105K(192K)->105K(192K) Class: 7K(128K)->7K(128K)
[2026-06-17T10:02:22.960+0800][19.457s][info][gc          ] GC(695) Pause Young (Mixed) (G1 Evacuation Pause) 52M->38M(64M) 5.327ms
[2026-06-17T10:02:22.960+0800][19.457s][info][gc,cpu      ] GC(695) User=0.00s Sys=0.00s Real=0.00s
[2026-06-17T10:02:23.002+0800][19.499s][info][gc,start    ] GC(696) Pause Young (Normal) (G1 Evacuation Pause)
[2026-06-17T10:02:23.003+0800][19.500s][info][gc,task     ] GC(696) Using 2 workers of 18 for evacuation
[2026-06-17T10:02:23.004+0800][19.501s][info][gc,phases   ] GC(696)   Pre Evacuate Collection Set: 0.20ms
[2026-06-17T10:02:23.004+0800][19.501s][info][gc,phases   ] GC(696)   Merge Heap Roots: 0.07ms
[2026-06-17T10:02:23.005+0800][19.501s][info][gc,phases   ] GC(696)   Evacuate Collection Set: 0.41ms
[2026-06-17T10:02:23.005+0800][19.502s][info][gc,phases   ] GC(696)   Post Evacuate Collection Set: 0.27ms
[2026-06-17T10:02:23.005+0800][19.502s][info][gc,phases   ] GC(696)   Other: 0.33ms
[2026-06-17T10:02:23.005+0800][19.502s][info][gc,heap     ] GC(696) Eden regions: 13->0(13)
[2026-06-17T10:02:23.005+0800][19.502s][info][gc,heap     ] GC(696) Survivor regions: 3->2(2)
[2026-06-17T10:02:23.006+0800][19.502s][info][gc,heap     ] GC(696) Old regions: 21->23
[2026-06-17T10:02:23.006+0800][19.503s][info][gc,heap     ] GC(696) Humongous regions: 15->15
[2026-06-17T10:02:23.006+0800][19.503s][info][gc,metaspace] GC(696) Metaspace: 112K(320K)->112K(320K) NonClass: 105K(192K)->105K(192K) Class: 7K(128K)->7K(128K)
[2026-06-17T10:02:23.006+0800][19.503s][info][gc          ] GC(696) Pause Young (Normal) (G1 Evacuation Pause) 51M->39M(64M) 3.774ms
[2026-06-17T10:02:23.007+0800][19.503s][info][gc,cpu      ] GC(696) User=0.00s Sys=0.00s Real=0.01s
[2026-06-17T10:02:23.039+0800][19.536s][info][gc,start    ] GC(697) Pause Young (Concurrent Start) (G1 Evacuation Pause)
[2026-06-17T10:02:23.039+0800][19.536s][info][gc,task     ] GC(697) Using 2 workers of 18 for evacuation
[2026-06-17T10:02:23.040+0800][19.537s][info][gc,phases   ] GC(697)   Pre Evacuate Collection Set: 0.23ms
[2026-06-17T10:02:23.040+0800][19.537s][info][gc,phases   ] GC(697)   Merge Heap Roots: 0.06ms
[2026-06-17T10:02:23.040+0800][19.537s][info][gc,phases   ] GC(697)   Evacuate Collection Set: 0.37ms
[2026-06-17T10:02:23.040+0800][19.537s][info][gc,phases   ] GC(697)   Post Evacuate Collection Set: 0.19ms
[2026-06-17T10:02:23.041+0800][19.537s][info][gc,phases   ] GC(697)   Other: 0.28ms
[2026-06-17T10:02:23.041+0800][19.538s][info][gc,heap     ] GC(697) Eden regions: 13->0(10)
[2026-06-17T10:02:23.041+0800][19.538s][info][gc,heap     ] GC(697) Survivor regions: 2->2(2)
[2026-06-17T10:02:23.041+0800][19.538s][info][gc,heap     ] GC(697) Old regions: 23->26
[2026-06-17T10:02:23.041+0800][19.538s][info][gc,heap     ] GC(697) Humongous regions: 15->15
[2026-06-17T10:02:23.041+0800][19.538s][info][gc,metaspace] GC(697) Metaspace: 112K(320K)->112K(320K) NonClass: 105K(192K)->105K(192K) Class: 7K(128K)->7K(128K)
[2026-06-17T10:02:23.041+0800][19.538s][info][gc          ] GC(697) Pause Young (Concurrent Start) (G1 Evacuation Pause) 52M->42M(64M) 2.794ms
[2026-06-17T10:02:23.042+0800][19.538s][info][gc,cpu      ] GC(697) User=0.01s Sys=0.00s Real=0.00s
[2026-06-17T10:02:23.042+0800][19.539s][info][gc          ] GC(698) Concurrent Mark Cycle
[2026-06-17T10:02:23.042+0800][19.539s][info][gc,marking  ] GC(698) Concurrent Scan Root Regions
[2026-06-17T10:02:23.042+0800][19.539s][info][gc,marking  ] GC(698) Concurrent Scan Root Regions 0.176ms
[2026-06-17T10:02:23.042+0800][19.539s][info][gc,marking  ] GC(698) Concurrent Mark
[2026-06-17T10:02:23.042+0800][19.539s][info][gc,marking  ] GC(698) Concurrent Mark From Roots
[2026-06-17T10:02:23.042+0800][19.539s][info][gc,task     ] GC(698) Using 5 workers of 5 for marking
[2026-06-17T10:02:23.044+0800][19.541s][info][gc,marking  ] GC(698) Concurrent Mark From Roots 1.657ms
[2026-06-17T10:02:23.044+0800][19.541s][info][gc,marking  ] GC(698) Concurrent Preclean
[2026-06-17T10:02:23.044+0800][19.541s][info][gc,marking  ] GC(698) Concurrent Preclean 0.194ms
[2026-06-17T10:02:23.045+0800][19.542s][info][gc,start    ] GC(698) Pause Remark
[2026-06-17T10:02:23.045+0800][19.542s][info][gc          ] GC(698) Pause Remark 44M->44M(64M) 0.526ms
[2026-06-17T10:02:23.045+0800][19.542s][info][gc,cpu      ] GC(698) User=0.00s Sys=0.00s Real=0.00s
[2026-06-17T10:02:23.046+0800][19.542s][info][gc,marking  ] GC(698) Concurrent Mark 3.291ms
[2026-06-17T10:02:23.046+0800][19.542s][info][gc,marking  ] GC(698) Concurrent Rebuild Remembered Sets and Scrub Regions
[2026-06-17T10:02:23.046+0800][19.543s][info][gc,marking  ] GC(698) Concurrent Rebuild Remembered Sets and Scrub Regions 0.498ms
[2026-06-17T10:02:23.046+0800][19.543s][info][gc,start    ] GC(698) Pause Cleanup
[2026-06-17T10:02:23.047+0800][19.543s][info][gc          ] GC(698) Pause Cleanup 44M->44M(64M) 0.198ms
[2026-06-17T10:02:23.047+0800][19.544s][info][gc,cpu      ] GC(698) User=0.00s Sys=0.00s Real=0.00s
[2026-06-17T10:02:23.047+0800][19.544s][info][gc,marking  ] GC(698) Concurrent Clear Claimed Marks
[2026-06-17T10:02:23.047+0800][19.544s][info][gc,marking  ] GC(698) Concurrent Clear Claimed Marks 0.115ms
[2026-06-17T10:02:23.047+0800][19.544s][info][gc,marking  ] GC(698) Concurrent Cleanup for Next Mark
[2026-06-17T10:02:23.047+0800][19.544s][info][gc,marking  ] GC(698) Concurrent Cleanup for Next Mark 0.228ms
[2026-06-17T10:02:23.047+0800][19.544s][info][gc          ] GC(698) Concurrent Mark Cycle 5.706ms
[2026-06-17T10:02:23.063+0800][19.560s][info][gc,start    ] GC(699) Pause Young (Prepare Mixed) (G1 Evacuation Pause)
[2026-06-17T10:02:23.063+0800][19.560s][info][gc,task     ] GC(699) Using 2 workers of 18 for evacuation
[2026-06-17T10:02:23.064+0800][19.561s][info][gc,phases   ] GC(699)   Pre Evacuate Collection Set: 0.11ms
[2026-06-17T10:02:23.065+0800][19.561s][info][gc,phases   ] GC(699)   Merge Heap Roots: 0.05ms
[2026-06-17T10:02:23.065+0800][19.561s][info][gc,phases   ] GC(699)   Evacuate Collection Set: 0.38ms
[2026-06-17T10:02:23.065+0800][19.562s][info][gc,phases   ] GC(699)   Post Evacuate Collection Set: 0.16ms
[2026-06-17T10:02:23.065+0800][19.562s][info][gc,phases   ] GC(699)   Other: 0.25ms
[2026-06-17T10:02:23.065+0800][19.562s][info][gc,heap     ] GC(699) Eden regions: 10->0(7)
[2026-06-17T10:02:23.065+0800][19.562s][info][gc,heap     ] GC(699) Survivor regions: 2->2(2)
[2026-06-17T10:02:23.065+0800][19.562s][info][gc,heap     ] GC(699) Old regions: 26->30
[2026-06-17T10:02:23.065+0800][19.562s][info][gc,heap     ] GC(699) Humongous regions: 15->15
[2026-06-17T10:02:23.065+0800][19.562s][info][gc,metaspace] GC(699) Metaspace: 112K(320K)->112K(320K) NonClass: 105K(192K)->105K(192K) Class: 7K(128K)->7K(128K)
[2026-06-17T10:02:23.066+0800][19.562s][info][gc          ] GC(699) Pause Young (Prepare Mixed) (G1 Evacuation Pause) 52M->46M(64M) 2.537ms
[2026-06-17T10:02:23.066+0800][19.562s][info][gc,cpu      ] GC(699) User=0.00s Sys=0.00s Real=0.00s
[2026-06-17T10:02:23.087+0800][19.584s][info][gc,start    ] GC(700) Pause Young (Mixed) (G1 Evacuation Pause)
[2026-06-17T10:02:23.087+0800][19.584s][info][gc,task     ] GC(700) Using 2 workers of 18 for evacuation
[2026-06-17T10:02:23.088+0800][19.585s][info][gc,phases   ] GC(700)   Pre Evacuate Collection Set: 0.16ms
[2026-06-17T10:02:23.088+0800][19.585s][info][gc,phases   ] GC(700)   Merge Heap Roots: 0.04ms
[2026-06-17T10:02:23.089+0800][19.585s][info][gc,phases   ] GC(700)   Evacuate Collection Set: 0.38ms
[2026-06-17T10:02:23.089+0800][19.586s][info][gc,phases   ] GC(700)   Post Evacuate Collection Set: 0.16ms
[2026-06-17T10:02:23.089+0800][19.586s][info][gc,phases   ] GC(700)   Other: 0.29ms
[2026-06-17T10:02:23.089+0800][19.586s][info][gc,heap     ] GC(700) Eden regions: 7->0(6)
[2026-06-17T10:02:23.089+0800][19.586s][info][gc,heap     ] GC(700) Survivor regions: 2->2(2)
[2026-06-17T10:02:23.089+0800][19.586s][info][gc,heap     ] GC(700) Old regions: 30->31
[2026-06-17T10:02:23.089+0800][19.586s][info][gc,heap     ] GC(700) Humongous regions: 15->15
[2026-06-17T10:02:23.090+0800][19.586s][info][gc,metaspace] GC(700) Metaspace: 112K(320K)->112K(320K) NonClass: 105K(192K)->105K(192K) Class: 7K(128K)->7K(128K)
[2026-06-17T10:02:23.090+0800][19.587s][info][gc          ] GC(700) Pause Young (Mixed) (G1 Evacuation Pause) 53M->47M(64M) 3.000ms
[2026-06-17T10:02:23.090+0800][19.587s][info][gc,cpu      ] GC(700) User=0.00s Sys=0.00s Real=0.00s
[2026-06-17T10:02:23.090+0800][19.587s][info][gc,start    ] GC(701) Pause Young (Concurrent Start) (G1 Humongous Allocation)
[2026-06-17T10:02:23.090+0800][19.587s][info][gc,task     ] GC(701) Using 2 workers of 18 for evacuation
[2026-06-17T10:02:23.091+0800][19.588s][info][gc,phases   ] GC(701)   Pre Evacuate Collection Set: 0.13ms
[2026-06-17T10:02:23.091+0800][19.588s][info][gc,phases   ] GC(701)   Merge Heap Roots: 0.04ms
[2026-06-17T10:02:23.091+0800][19.588s][info][gc,phases   ] GC(701)   Evacuate Collection Set: 0.19ms
[2026-06-17T10:02:23.092+0800][19.589s][info][gc,phases   ] GC(701)   Post Evacuate Collection Set: 0.20ms
[2026-06-17T10:02:23.092+0800][19.589s][info][gc,phases   ] GC(701)   Other: 0.20ms
[2026-06-17T10:02:23.092+0800][19.589s][info][gc,heap     ] GC(701) Eden regions: 3->0(5)
[2026-06-17T10:02:23.092+0800][19.589s][info][gc,heap     ] GC(701) Survivor regions: 2->1(1)
[2026-06-17T10:02:23.092+0800][19.589s][info][gc,heap     ] GC(701) Old regions: 31->32
[2026-06-17T10:02:23.092+0800][19.589s][info][gc,heap     ] GC(701) Humongous regions: 15->15
[2026-06-17T10:02:23.092+0800][19.589s][info][gc,metaspace] GC(701) Metaspace: 112K(320K)->112K(320K) NonClass: 105K(192K)->105K(192K) Class: 7K(128K)->7K(128K)
[2026-06-17T10:02:23.092+0800][19.589s][info][gc          ] GC(701) Pause Young (Concurrent Start) (G1 Humongous Allocation) 49M->47M(64M) 2.250ms
[2026-06-17T10:02:23.093+0800][19.589s][info][gc,cpu      ] GC(701) User=0.00s Sys=0.00s Real=0.01s
[2026-06-17T10:02:23.093+0800][19.589s][info][gc          ] GC(702) Concurrent Mark Cycle
[2026-06-17T10:02:23.093+0800][19.590s][info][gc,marking  ] GC(702) Concurrent Scan Root Regions
[2026-06-17T10:02:23.093+0800][19.590s][info][gc,marking  ] GC(702) Concurrent Scan Root Regions 0.184ms
[2026-06-17T10:02:23.093+0800][19.590s][info][gc,marking  ] GC(702) Concurrent Mark
[2026-06-17T10:02:23.093+0800][19.590s][info][gc,marking  ] GC(702) Concurrent Mark From Roots
[2026-06-17T10:02:23.093+0800][19.590s][info][gc,task     ] GC(702) Using 5 workers of 5 for marking
[2026-06-17T10:02:23.095+0800][19.591s][info][gc,marking  ] GC(702) Concurrent Mark From Roots 1.380ms
[2026-06-17T10:02:23.095+0800][19.592s][info][gc,marking  ] GC(702) Concurrent Preclean
[2026-06-17T10:02:23.095+0800][19.592s][info][gc,marking  ] GC(702) Concurrent Preclean 0.168ms
[2026-06-17T10:02:23.095+0800][19.592s][info][gc,start    ] GC(702) Pause Remark
[2026-06-17T10:02:23.095+0800][19.592s][info][gc          ] GC(702) Pause Remark 49M->40M(64M) 0.361ms
[2026-06-17T10:02:23.095+0800][19.592s][info][gc,cpu      ] GC(702) User=0.00s Sys=0.00s Real=0.00s
[2026-06-17T10:02:23.096+0800][19.592s][info][gc,marking  ] GC(702) Concurrent Mark 2.503ms
[2026-06-17T10:02:23.096+0800][19.593s][info][gc,marking  ] GC(702) Concurrent Rebuild Remembered Sets and Scrub Regions
[2026-06-17T10:02:23.096+0800][19.593s][info][gc,marking  ] GC(702) Concurrent Rebuild Remembered Sets and Scrub Regions 0.422ms
[2026-06-17T10:02:23.096+0800][19.593s][info][gc,start    ] GC(702) Pause Cleanup
[2026-06-17T10:02:23.096+0800][19.593s][info][gc          ] GC(702) Pause Cleanup 40M->40M(64M) 0.162ms
[2026-06-17T10:02:23.097+0800][19.593s][info][gc,cpu      ] GC(702) User=0.00s Sys=0.00s Real=0.00s
[2026-06-17T10:02:23.097+0800][19.594s][info][gc,marking  ] GC(702) Concurrent Clear Claimed Marks
[2026-06-17T10:02:23.097+0800][19.594s][info][gc,marking  ] GC(702) Concurrent Clear Claimed Marks 0.082ms
[2026-06-17T10:02:23.097+0800][19.594s][info][gc,marking  ] GC(702) Concurrent Cleanup for Next Mark
[2026-06-17T10:02:23.097+0800][19.594s][info][gc,marking  ] GC(702) Concurrent Cleanup for Next Mark 0.154ms
[2026-06-17T10:02:23.097+0800][19.594s][info][gc          ] GC(702) Concurrent Mark Cycle 4.701ms
[2026-06-17T10:02:23.114+0800][19.610s][info][gc,start    ] GC(703) Pause Young (Prepare Mixed) (G1 Evacuation Pause)
[2026-06-17T10:02:23.114+0800][19.611s][info][gc,task     ] GC(703) Using 2 workers of 18 for evacuation
[2026-06-17T10:02:23.115+0800][19.612s][info][gc,phases   ] GC(703)   Pre Evacuate Collection Set: 0.10ms
[2026-06-17T10:02:23.115+0800][19.612s][info][gc,phases   ] GC(703)   Merge Heap Roots: 0.05ms
[2026-06-17T10:02:23.115+0800][19.612s][info][gc,phases   ] GC(703)   Evacuate Collection Set: 0.26ms
[2026-06-17T10:02:23.115+0800][19.612s][info][gc,phases   ] GC(703)   Post Evacuate Collection Set: 0.15ms
[2026-06-17T10:02:23.115+0800][19.612s][info][gc,phases   ] GC(703)   Other: 0.17ms
[2026-06-17T10:02:23.116+0800][19.612s][info][gc,heap     ] GC(703) Eden regions: 5->0(9)
[2026-06-17T10:02:23.117+0800][19.614s][info][gc,heap     ] GC(703) Survivor regions: 1->1(1)
[2026-06-17T10:02:23.117+0800][19.614s][info][gc,heap     ] GC(703) Old regions: 23->25
[2026-06-17T10:02:23.117+0800][19.614s][info][gc,heap     ] GC(703) Humongous regions: 17->17
[2026-06-17T10:02:23.117+0800][19.614s][info][gc,metaspace] GC(703) Metaspace: 112K(320K)->112K(320K) NonClass: 105K(192K)->105K(192K) Class: 7K(128K)->7K(128K)
[2026-06-17T10:02:23.117+0800][19.614s][info][gc          ] GC(703) Pause Young (Prepare Mixed) (G1 Evacuation Pause) 45M->42M(64M) 3.943ms
[2026-06-17T10:02:23.118+0800][19.614s][info][gc,cpu      ] GC(703) User=0.00s Sys=0.00s Real=0.00s
[2026-06-17T10:02:23.139+0800][19.636s][info][gc,start    ] GC(704) Pause Young (Mixed) (G1 Evacuation Pause)
[2026-06-17T10:02:23.139+0800][19.636s][info][gc,task     ] GC(704) Using 2 workers of 18 for evacuation
[2026-06-17T10:02:23.140+0800][19.637s][info][gc,phases   ] GC(704)   Pre Evacuate Collection Set: 0.23ms
[2026-06-17T10:02:23.141+0800][19.637s][info][gc,phases   ] GC(704)   Merge Heap Roots: 0.11ms
[2026-06-17T10:02:23.141+0800][19.638s][info][gc,phases   ] GC(704)   Evacuate Collection Set: 0.54ms
[2026-06-17T10:02:23.141+0800][19.638s][info][gc,phases   ] GC(704)   Post Evacuate Collection Set: 0.19ms
[2026-06-17T10:02:23.141+0800][19.638s][info][gc,phases   ] GC(704)   Other: 0.22ms
[2026-06-17T10:02:23.141+0800][19.638s][info][gc,heap     ] GC(704) Eden regions: 9->0(9)
[2026-06-17T10:02:23.141+0800][19.638s][info][gc,heap     ] GC(704) Survivor regions: 1->2(2)
[2026-06-17T10:02:23.141+0800][19.638s][info][gc,heap     ] GC(704) Old regions: 25->24
[2026-06-17T10:02:23.141+0800][19.638s][info][gc,heap     ] GC(704) Humongous regions: 17->17
[2026-06-17T10:02:23.141+0800][19.638s][info][gc,metaspace] GC(704) Metaspace: 112K(320K)->112K(320K) NonClass: 105K(192K)->105K(192K) Class: 7K(128K)->7K(128K)
[2026-06-17T10:02:23.142+0800][19.638s][info][gc          ] GC(704) Pause Young (Mixed) (G1 Evacuation Pause) 51M->42M(64M) 2.684ms
[2026-06-17T10:02:23.142+0800][19.638s][info][gc,cpu      ] GC(704) User=0.00s Sys=0.00s Real=0.00s
[2026-06-17T10:02:23.163+0800][19.660s][info][gc,start    ] GC(705) Pause Young (Mixed) (G1 Evacuation Pause)
[2026-06-17T10:02:23.163+0800][19.660s][info][gc,task     ] GC(705) Using 2 workers of 18 for evacuation
[2026-06-17T10:02:23.164+0800][19.661s][info][gc,phases   ] GC(705)   Pre Evacuate Collection Set: 0.12ms
[2026-06-17T10:02:23.165+0800][19.661s][info][gc,phases   ] GC(705)   Merge Heap Roots: 0.04ms
[2026-06-17T10:02:23.165+0800][19.662s][info][gc,phases   ] GC(705)   Evacuate Collection Set: 0.32ms
[2026-06-17T10:02:23.165+0800][19.662s][info][gc,phases   ] GC(705)   Post Evacuate Collection Set: 0.28ms
[2026-06-17T10:02:23.165+0800][19.662s][info][gc,phases   ] GC(705)   Other: 0.16ms
[2026-06-17T10:02:23.165+0800][19.662s][info][gc,heap     ] GC(705) Eden regions: 9->0(10)
[2026-06-17T10:02:23.165+0800][19.662s][info][gc,heap     ] GC(705) Survivor regions: 2->1(2)
[2026-06-17T10:02:23.166+0800][19.662s][info][gc,heap     ] GC(705) Old regions: 24->24
[2026-06-17T10:02:23.166+0800][19.663s][info][gc,heap     ] GC(705) Humongous regions: 17->17
[2026-06-17T10:02:23.166+0800][19.663s][info][gc,metaspace] GC(705) Metaspace: 112K(320K)->112K(320K) NonClass: 105K(192K)->105K(192K) Class: 7K(128K)->7K(128K)
[2026-06-17T10:02:23.166+0800][19.663s][info][gc          ] GC(705) Pause Young (Mixed) (G1 Evacuation Pause) 51M->41M(64M) 3.165ms
[2026-06-17T10:02:23.166+0800][19.663s][info][gc,cpu      ] GC(705) User=0.01s Sys=0.00s Real=0.00s
[2026-06-17T10:02:23.198+0800][19.695s][info][gc,start    ] GC(706) Pause Young (Normal) (G1 Evacuation Pause)
[2026-06-17T10:02:23.221+0800][19.717s][info][gc,task     ] GC(706) Using 2 workers of 18 for evacuation
[2026-06-17T10:02:23.222+0800][19.718s][info][gc,phases   ] GC(706)   Pre Evacuate Collection Set: 0.15ms
[2026-06-17T10:02:23.222+0800][19.719s][info][gc,phases   ] GC(706)   Merge Heap Roots: 0.06ms
[2026-06-17T10:02:23.234+0800][19.731s][info][gc,phases   ] GC(706)   Evacuate Collection Set: 0.35ms
[2026-06-17T10:02:23.235+0800][19.732s][info][gc,phases   ] GC(706)   Post Evacuate Collection Set: 0.19ms
[2026-06-17T10:02:23.235+0800][19.732s][info][gc,phases   ] GC(706)   Other: 0.26ms
[2026-06-17T10:02:23.235+0800][19.732s][info][gc,heap     ] GC(706) Eden regions: 10->0(8)
[2026-06-17T10:02:23.237+0800][19.733s][info][gc,heap     ] GC(706) Survivor regions: 1->2(2)
[2026-06-17T10:02:23.239+0800][19.736s][info][gc,heap     ] GC(706) Old regions: 24->27
[2026-06-17T10:02:23.241+0800][19.738s][info][gc,heap     ] GC(706) Humongous regions: 17->17
[2026-06-17T10:02:23.277+0800][19.774s][info][gc,metaspace] GC(706) Metaspace: 112K(320K)->112K(320K) NonClass: 105K(192K)->105K(192K) Class: 7K(128K)->7K(128K)
[2026-06-17T10:02:23.306+0800][19.802s][info][gc          ] GC(706) Pause Young (Normal) (G1 Evacuation Pause) 51M->45M(64M) 107.855ms
[2026-06-17T10:02:23.316+0800][19.813s][info][gc,cpu      ] GC(706) User=0.00s Sys=0.01s Real=0.12s
[2026-06-17T10:02:23.338+0800][19.835s][info][gc,start    ] GC(707) Pause Young (Concurrent Start) (G1 Evacuation Pause)
[2026-06-17T10:02:23.338+0800][19.835s][info][gc,task     ] GC(707) Using 2 workers of 18 for evacuation
[2026-06-17T10:02:23.339+0800][19.836s][info][gc,phases   ] GC(707)   Pre Evacuate Collection Set: 0.15ms
[2026-06-17T10:02:23.340+0800][19.836s][info][gc,phases   ] GC(707)   Merge Heap Roots: 0.04ms
[2026-06-17T10:02:23.340+0800][19.837s][info][gc,phases   ] GC(707)   Evacuate Collection Set: 0.37ms
[2026-06-17T10:02:23.340+0800][19.837s][info][gc,phases   ] GC(707)   Post Evacuate Collection Set: 0.17ms
[2026-06-17T10:02:23.340+0800][19.837s][info][gc,phases   ] GC(707)   Other: 0.31ms
[2026-06-17T10:02:23.340+0800][19.837s][info][gc,heap     ] GC(707) Eden regions: 8->0(6)
[2026-06-17T10:02:23.340+0800][19.837s][info][gc,heap     ] GC(707) Survivor regions: 2->2(2)
[2026-06-17T10:02:23.341+0800][19.838s][info][gc,heap     ] GC(707) Old regions: 27->30
[2026-06-17T10:02:23.341+0800][19.838s][info][gc,heap     ] GC(707) Humongous regions: 17->17
[2026-06-17T10:02:23.341+0800][19.838s][info][gc,metaspace] GC(707) Metaspace: 112K(320K)->112K(320K) NonClass: 105K(192K)->105K(192K) Class: 7K(128K)->7K(128K)
[2026-06-17T10:02:23.342+0800][19.838s][info][gc          ] GC(707) Pause Young (Concurrent Start) (G1 Evacuation Pause) 53M->48M(64M) 3.665ms
[2026-06-17T10:02:23.342+0800][19.839s][info][gc,cpu      ] GC(707) User=0.00s Sys=0.00s Real=0.00s
[2026-06-17T10:02:23.342+0800][19.839s][info][gc          ] GC(708) Concurrent Mark Cycle
[2026-06-17T10:02:23.342+0800][19.839s][info][gc,marking  ] GC(708) Concurrent Scan Root Regions
[2026-06-17T10:02:23.342+0800][19.839s][info][gc,marking  ] GC(708) Concurrent Scan Root Regions 0.214ms
[2026-06-17T10:02:23.342+0800][19.839s][info][gc,marking  ] GC(708) Concurrent Mark
[2026-06-17T10:02:23.343+0800][19.839s][info][gc,marking  ] GC(708) Concurrent Mark From Roots
[2026-06-17T10:02:23.343+0800][19.840s][info][gc,task     ] GC(708) Using 5 workers of 5 for marking
[2026-06-17T10:02:23.344+0800][19.841s][info][gc,marking  ] GC(708) Concurrent Mark From Roots 1.976ms
[2026-06-17T10:02:23.345+0800][19.842s][info][gc,marking  ] GC(708) Concurrent Preclean
[2026-06-17T10:02:23.345+0800][19.842s][info][gc,marking  ] GC(708) Concurrent Preclean 0.272ms
[2026-06-17T10:02:23.345+0800][19.842s][info][gc,start    ] GC(708) Pause Remark
[2026-06-17T10:02:23.346+0800][19.843s][info][gc          ] GC(708) Pause Remark 49M->49M(64M) 0.766ms
[2026-06-17T10:02:23.346+0800][19.843s][info][gc,cpu      ] GC(708) User=0.00s Sys=0.00s Real=0.00s
[2026-06-17T10:02:23.347+0800][19.844s][info][gc,marking  ] GC(708) Concurrent Mark 4.266ms
[2026-06-17T10:02:23.347+0800][19.844s][info][gc,marking  ] GC(708) Concurrent Rebuild Remembered Sets and Scrub Regions
[2026-06-17T10:02:23.348+0800][19.844s][info][gc,marking  ] GC(708) Concurrent Rebuild Remembered Sets and Scrub Regions 0.678ms
[2026-06-17T10:02:23.348+0800][19.845s][info][gc,start    ] GC(708) Pause Cleanup
[2026-06-17T10:02:23.348+0800][19.845s][info][gc          ] GC(708) Pause Cleanup 49M->49M(64M) 0.347ms
[2026-06-17T10:02:23.349+0800][19.845s][info][gc,cpu      ] GC(708) User=0.00s Sys=0.00s Real=0.00s
[2026-06-17T10:02:23.349+0800][19.846s][info][gc,marking  ] GC(708) Concurrent Clear Claimed Marks
[2026-06-17T10:02:23.349+0800][19.846s][info][gc,marking  ] GC(708) Concurrent Clear Claimed Marks 0.220ms
[2026-06-17T10:02:23.349+0800][19.846s][info][gc,marking  ] GC(708) Concurrent Cleanup for Next Mark
[2026-06-17T10:02:23.350+0800][19.846s][info][gc,marking  ] GC(708) Concurrent Cleanup for Next Mark 0.290ms
[2026-06-17T10:02:23.350+0800][19.847s][info][gc          ] GC(708) Concurrent Mark Cycle 8.005ms
[2026-06-17T10:02:23.352+0800][19.849s][info][gc,start    ] GC(709) Pause Young (Prepare Mixed) (G1 Evacuation Pause)
[2026-06-17T10:02:23.353+0800][19.850s][info][gc,task     ] GC(709) Using 2 workers of 18 for evacuation
[2026-06-17T10:02:23.354+0800][19.851s][info][gc,phases   ] GC(709)   Pre Evacuate Collection Set: 0.09ms
[2026-06-17T10:02:23.354+0800][19.851s][info][gc,phases   ] GC(709)   Merge Heap Roots: 0.06ms
[2026-06-17T10:02:23.354+0800][19.851s][info][gc,phases   ] GC(709)   Evacuate Collection Set: 0.16ms
[2026-06-17T10:02:23.354+0800][19.851s][info][gc,phases   ] GC(709)   Post Evacuate Collection Set: 0.15ms
[2026-06-17T10:02:23.354+0800][19.851s][info][gc,phases   ] GC(709)   Other: 0.32ms
[2026-06-17T10:02:23.355+0800][19.852s][info][gc,heap     ] GC(709) Eden regions: 6->0(7)
[2026-06-17T10:02:23.355+0800][19.852s][info][gc,heap     ] GC(709) Survivor regions: 2->1(1)
[2026-06-17T10:02:23.355+0800][19.852s][info][gc,heap     ] GC(709) Old regions: 30->31
[2026-06-17T10:02:23.355+0800][19.852s][info][gc,heap     ] GC(709) Humongous regions: 17->17
[2026-06-17T10:02:23.356+0800][19.852s][info][gc,metaspace] GC(709) Metaspace: 112K(320K)->112K(320K) NonClass: 105K(192K)->105K(192K) Class: 7K(128K)->7K(128K)
[2026-06-17T10:02:23.356+0800][19.853s][info][gc          ] GC(709) Pause Young (Prepare Mixed) (G1 Evacuation Pause) 53M->48M(64M) 3.265ms
[2026-06-17T10:02:23.356+0800][19.853s][info][gc,cpu      ] GC(709) User=0.01s Sys=0.00s Real=0.00s
[2026-06-17T10:02:23.377+0800][19.874s][info][gc,start    ] GC(710) Pause Young (Mixed) (G1 Evacuation Pause)
[2026-06-17T10:02:23.378+0800][19.874s][info][gc,task     ] GC(710) Using 2 workers of 18 for evacuation
[2026-06-17T10:02:23.379+0800][19.876s][info][gc,phases   ] GC(710)   Pre Evacuate Collection Set: 0.17ms
[2026-06-17T10:02:23.379+0800][19.876s][info][gc,phases   ] GC(710)   Merge Heap Roots: 0.07ms
[2026-06-17T10:02:23.380+0800][19.877s][info][gc,phases   ] GC(710)   Evacuate Collection Set: 0.52ms
[2026-06-17T10:02:23.380+0800][19.877s][info][gc,phases   ] GC(710)   Post Evacuate Collection Set: 0.20ms
[2026-06-17T10:02:23.381+0800][19.878s][info][gc,phases   ] GC(710)   Other: 0.45ms
[2026-06-17T10:02:23.381+0800][19.878s][info][gc,heap     ] GC(710) Eden regions: 7->0(7)
[2026-06-17T10:02:23.382+0800][19.879s][info][gc,heap     ] GC(710) Survivor regions: 1->1(1)
[2026-06-17T10:02:23.383+0800][19.880s][info][gc,heap     ] GC(710) Old regions: 31->30
[2026-06-17T10:02:23.383+0800][19.880s][info][gc,heap     ] GC(710) Humongous regions: 17->17
[2026-06-17T10:02:23.384+0800][19.880s][info][gc,metaspace] GC(710) Metaspace: 112K(320K)->112K(320K) NonClass: 105K(192K)->105K(192K) Class: 7K(128K)->7K(128K)
[2026-06-17T10:02:23.384+0800][19.881s][info][gc          ] GC(710) Pause Young (Mixed) (G1 Evacuation Pause) 55M->47M(64M) 7.161ms
[2026-06-17T10:02:23.385+0800][19.882s][info][gc,cpu      ] GC(710) User=0.00s Sys=0.00s Real=0.01s
[2026-06-17T10:02:23.406+0800][19.903s][info][gc,start    ] GC(711) Pause Young (Mixed) (G1 Evacuation Pause)
[2026-06-17T10:02:23.407+0800][19.904s][info][gc,task     ] GC(711) Using 2 workers of 18 for evacuation
[2026-06-17T10:02:23.408+0800][19.905s][info][gc,phases   ] GC(711)   Pre Evacuate Collection Set: 0.25ms
[2026-06-17T10:02:23.409+0800][19.906s][info][gc,phases   ] GC(711)   Merge Heap Roots: 0.06ms
[2026-06-17T10:02:23.409+0800][19.906s][info][gc,phases   ] GC(711)   Evacuate Collection Set: 0.32ms
[2026-06-17T10:02:23.410+0800][19.907s][info][gc,phases   ] GC(711)   Post Evacuate Collection Set: 0.28ms
[2026-06-17T10:02:23.410+0800][19.907s][info][gc,phases   ] GC(711)   Other: 0.72ms
[2026-06-17T10:02:23.411+0800][19.908s][info][gc,heap     ] GC(711) Eden regions: 7->0(8)
[2026-06-17T10:02:23.411+0800][19.908s][info][gc,heap     ] GC(711) Survivor regions: 1->1(1)
[2026-06-17T10:02:23.412+0800][19.909s][info][gc,heap     ] GC(711) Old regions: 30->29
[2026-06-17T10:02:23.412+0800][19.909s][info][gc,heap     ] GC(711) Humongous regions: 17->17
[2026-06-17T10:02:23.413+0800][19.910s][info][gc,metaspace] GC(711) Metaspace: 112K(320K)->112K(320K) NonClass: 105K(192K)->105K(192K) Class: 7K(128K)->7K(128K)
[2026-06-17T10:02:23.413+0800][19.910s][info][gc          ] GC(711) Pause Young (Mixed) (G1 Evacuation Pause) 54M->46M(64M) 6.919ms
[2026-06-17T10:02:23.414+0800][19.910s][info][gc,cpu      ] GC(711) User=0.00s Sys=0.00s Real=0.01s
[2026-06-17T10:02:23.425+0800][19.922s][info][gc,start    ] GC(712) Pause Young (Concurrent Start) (G1 Humongous Allocation)
[2026-06-17T10:02:23.426+0800][19.923s][info][gc,task     ] GC(712) Using 2 workers of 18 for evacuation
[2026-06-17T10:02:23.430+0800][19.927s][info][gc,phases   ] GC(712)   Pre Evacuate Collection Set: 0.20ms
[2026-06-17T10:02:23.431+0800][19.928s][info][gc,phases   ] GC(712)   Merge Heap Roots: 0.07ms
[2026-06-17T10:02:23.432+0800][19.929s][info][gc,phases   ] GC(712)   Evacuate Collection Set: 0.16ms
[2026-06-17T10:02:23.435+0800][19.932s][info][gc,phases   ] GC(712)   Post Evacuate Collection Set: 0.32ms
[2026-06-17T10:02:23.438+0800][19.934s][info][gc,phases   ] GC(712)   Other: 3.54ms
[2026-06-17T10:02:23.438+0800][19.935s][info][gc,heap     ] GC(712) Eden regions: 6->0(9)
[2026-06-17T10:02:23.438+0800][19.935s][info][gc,heap     ] GC(712) Survivor regions: 1->1(2)
[2026-06-17T10:02:23.440+0800][19.937s][info][gc,heap     ] GC(712) Old regions: 29->29
[2026-06-17T10:02:23.444+0800][19.941s][info][gc,heap     ] GC(712) Humongous regions: 17->17
[2026-06-17T10:02:23.446+0800][19.943s][info][gc,metaspace] GC(712) Metaspace: 112K(320K)->112K(320K) NonClass: 105K(192K)->105K(192K) Class: 7K(128K)->7K(128K)
[2026-06-17T10:02:23.448+0800][19.945s][info][gc          ] GC(712) Pause Young (Concurrent Start) (G1 Humongous Allocation) 52M->46M(64M) 23.372ms
[2026-06-17T10:02:23.450+0800][19.947s][info][gc,cpu      ] GC(712) User=0.00s Sys=0.00s Real=0.02s
[2026-06-17T10:02:23.450+0800][19.947s][info][gc          ] GC(713) Concurrent Mark Cycle
[2026-06-17T10:02:23.454+0800][19.950s][info][gc,marking  ] GC(713) Concurrent Scan Root Regions
[2026-06-17T10:02:23.455+0800][19.951s][info][gc,marking  ] GC(713) Concurrent Scan Root Regions 1.106ms
[2026-06-17T10:02:23.455+0800][19.952s][info][gc,marking  ] GC(713) Concurrent Mark
[2026-06-17T10:02:23.455+0800][19.952s][info][gc,marking  ] GC(713) Concurrent Mark From Roots
[2026-06-17T10:02:23.456+0800][19.953s][info][gc,task     ] GC(713) Using 5 workers of 5 for marking
[2026-06-17T10:02:23.458+0800][19.955s][info][gc,marking  ] GC(713) Concurrent Mark From Roots 2.375ms
[2026-06-17T10:02:23.458+0800][19.955s][info][gc,marking  ] GC(713) Concurrent Preclean
[2026-06-17T10:02:23.458+0800][19.955s][info][gc,marking  ] GC(713) Concurrent Preclean 0.250ms
[2026-06-17T10:02:23.458+0800][19.955s][info][gc,start    ] GC(713) Pause Remark
[2026-06-17T10:02:23.459+0800][19.956s][info][gc          ] GC(713) Pause Remark 48M->44M(64M) 0.559ms
[2026-06-17T10:02:23.459+0800][19.956s][info][gc,cpu      ] GC(713) User=0.00s Sys=0.00s Real=0.00s
[2026-06-17T10:02:23.459+0800][19.956s][info][gc,marking  ] GC(713) Concurrent Mark 4.480ms
[2026-06-17T10:02:23.460+0800][19.956s][info][gc,marking  ] GC(713) Concurrent Rebuild Remembered Sets and Scrub Regions
[2026-06-17T10:02:23.460+0800][19.957s][info][gc,marking  ] GC(713) Concurrent Rebuild Remembered Sets and Scrub Regions 0.527ms
[2026-06-17T10:02:23.460+0800][19.957s][info][gc,start    ] GC(713) Pause Cleanup
[2026-06-17T10:02:23.461+0800][19.958s][info][gc          ] GC(713) Pause Cleanup 44M->44M(64M) 0.306ms
[2026-06-17T10:02:23.461+0800][19.958s][info][gc,cpu      ] GC(713) User=0.00s Sys=0.00s Real=0.00s
[2026-06-17T10:02:23.461+0800][19.958s][info][gc,marking  ] GC(713) Concurrent Clear Claimed Marks
[2026-06-17T10:02:23.462+0800][19.958s][info][gc,marking  ] GC(713) Concurrent Clear Claimed Marks 0.141ms
[2026-06-17T10:02:23.462+0800][19.959s][info][gc,marking  ] GC(713) Concurrent Cleanup for Next Mark
[2026-06-17T10:02:23.462+0800][19.959s][info][gc,marking  ] GC(713) Concurrent Cleanup for Next Mark 0.267ms
[2026-06-17T10:02:23.462+0800][19.959s][info][gc          ] GC(713) Concurrent Mark Cycle 12.157ms
[2026-06-17T10:02:23.473+0800][19.970s][info][gc,start    ] GC(714) Pause Young (Prepare Mixed) (G1 Evacuation Pause)
[2026-06-17T10:02:23.473+0800][19.970s][info][gc,task     ] GC(714) Using 2 workers of 18 for evacuation
[2026-06-17T10:02:23.475+0800][19.972s][info][gc,phases   ] GC(714)   Pre Evacuate Collection Set: 0.15ms
[2026-06-17T10:02:23.476+0800][19.973s][info][gc,phases   ] GC(714)   Merge Heap Roots: 0.10ms
[2026-06-17T10:02:23.478+0800][19.975s][info][gc,phases   ] GC(714)   Evacuate Collection Set: 0.49ms
[2026-06-17T10:02:23.479+0800][19.976s][info][gc,phases   ] GC(714)   Post Evacuate Collection Set: 0.21ms
[2026-06-17T10:02:23.480+0800][19.977s][info][gc,phases   ] GC(714)   Other: 1.16ms
[2026-06-17T10:02:23.480+0800][19.977s][info][gc,heap     ] GC(714) Eden regions: 9->0(11)
[2026-06-17T10:02:23.481+0800][19.978s][info][gc,heap     ] GC(714) Survivor regions: 1->2(2)
[2026-06-17T10:02:23.481+0800][19.978s][info][gc,heap     ] GC(714) Old regions: 25->30
[2026-06-17T10:02:23.483+0800][19.980s][info][gc,heap     ] GC(714) Humongous regions: 19->10
[2026-06-17T10:02:23.483+0800][19.980s][info][gc,metaspace] GC(714) Metaspace: 112K(320K)->112K(320K) NonClass: 105K(192K)->105K(192K) Class: 7K(128K)->7K(128K)
[2026-06-17T10:02:23.486+0800][19.982s][info][gc          ] GC(714) Pause Young (Prepare Mixed) (G1 Evacuation Pause) 53M->41M(64M) 12.907ms
[2026-06-17T10:02:23.486+0800][19.983s][info][gc,cpu      ] GC(714) User=0.00s Sys=0.01s Real=0.01s
[2026-06-17T10:02:23.520+0800][20.017s][info][gc,start    ] GC(715) Pause Young (Mixed) (G1 Evacuation Pause)
[2026-06-17T10:02:23.520+0800][20.017s][info][gc,task     ] GC(715) Using 2 workers of 18 for evacuation
[2026-06-17T10:02:23.522+0800][20.019s][info][gc,phases   ] GC(715)   Pre Evacuate Collection Set: 0.12ms
[2026-06-17T10:02:23.522+0800][20.019s][info][gc,phases   ] GC(715)   Merge Heap Roots: 0.05ms
[2026-06-17T10:02:23.522+0800][20.019s][info][gc,phases   ] GC(715)   Evacuate Collection Set: 0.52ms
[2026-06-17T10:02:23.522+0800][20.019s][info][gc,phases   ] GC(715)   Post Evacuate Collection Set: 0.28ms
[2026-06-17T10:02:23.523+0800][20.019s][info][gc,phases   ] GC(715)   Other: 0.34ms
[2026-06-17T10:02:23.523+0800][20.020s][info][gc,heap     ] GC(715) Eden regions: 11->0(12)
[2026-06-17T10:02:23.523+0800][20.020s][info][gc,heap     ] GC(715) Survivor regions: 2->2(2)
[2026-06-17T10:02:23.523+0800][20.020s][info][gc,heap     ] GC(715) Old regions: 30->28
[2026-06-17T10:02:23.523+0800][20.020s][info][gc,heap     ] GC(715) Humongous regions: 10->10
[2026-06-17T10:02:23.523+0800][20.020s][info][gc,metaspace] GC(715) Metaspace: 112K(320K)->112K(320K) NonClass: 105K(192K)->105K(192K) Class: 7K(128K)->7K(128K)
[2026-06-17T10:02:23.523+0800][20.020s][info][gc          ] GC(715) Pause Young (Mixed) (G1 Evacuation Pause) 52M->39M(64M) 3.372ms
[2026-06-17T10:02:23.524+0800][20.020s][info][gc,cpu      ] GC(715) User=0.00s Sys=0.00s Real=0.01s
[2026-06-17T10:02:23.555+0800][20.052s][info][gc,start    ] GC(716) Pause Young (Mixed) (G1 Evacuation Pause)
[2026-06-17T10:02:23.555+0800][20.052s][info][gc,task     ] GC(716) Using 2 workers of 18 for evacuation
[2026-06-17T10:02:23.557+0800][20.053s][info][gc,phases   ] GC(716)   Pre Evacuate Collection Set: 0.14ms
[2026-06-17T10:02:23.557+0800][20.054s][info][gc,phases   ] GC(716)   Merge Heap Roots: 0.05ms
[2026-06-17T10:02:23.557+0800][20.054s][info][gc,phases   ] GC(716)   Evacuate Collection Set: 0.45ms
[2026-06-17T10:02:23.557+0800][20.054s][info][gc,phases   ] GC(716)   Post Evacuate Collection Set: 0.19ms
[2026-06-17T10:02:23.557+0800][20.054s][info][gc,phases   ] GC(716)   Other: 0.33ms
[2026-06-17T10:02:23.557+0800][20.054s][info][gc,heap     ] GC(716) Eden regions: 12->0(12)
[2026-06-17T10:02:23.558+0800][20.054s][info][gc,heap     ] GC(716) Survivor regions: 2->2(2)
[2026-06-17T10:02:23.558+0800][20.055s][info][gc,heap     ] GC(716) Old regions: 28->28
[2026-06-17T10:02:23.559+0800][20.056s][info][gc,heap     ] GC(716) Humongous regions: 10->10
[2026-06-17T10:02:23.560+0800][20.057s][info][gc,metaspace] GC(716) Metaspace: 112K(320K)->112K(320K) NonClass: 105K(192K)->105K(192K) Class: 7K(128K)->7K(128K)
[2026-06-17T10:02:23.560+0800][20.057s][info][gc          ] GC(716) Pause Young (Mixed) (G1 Evacuation Pause) 51M->39M(64M) 4.966ms
[2026-06-17T10:02:23.560+0800][20.057s][info][gc,cpu      ] GC(716) User=0.00s Sys=0.00s Real=0.00s
[2026-06-17T10:02:23.592+0800][20.089s][info][gc,start    ] GC(717) Pause Young (Normal) (G1 Evacuation Pause)
[2026-06-17T10:02:23.592+0800][20.089s][info][gc,task     ] GC(717) Using 2 workers of 18 for evacuation
[2026-06-17T10:02:23.594+0800][20.091s][info][gc,phases   ] GC(717)   Pre Evacuate Collection Set: 0.17ms
[2026-06-17T10:02:23.594+0800][20.091s][info][gc,phases   ] GC(717)   Merge Heap Roots: 0.06ms
[2026-06-17T10:02:23.595+0800][20.092s][info][gc,phases   ] GC(717)   Evacuate Collection Set: 0.40ms
[2026-06-17T10:02:23.595+0800][20.092s][info][gc,phases   ] GC(717)   Post Evacuate Collection Set: 0.49ms
[2026-06-17T10:02:23.596+0800][20.092s][info][gc,phases   ] GC(717)   Other: 0.30ms
[2026-06-17T10:02:23.596+0800][20.093s][info][gc,heap     ] GC(717) Eden regions: 12->0(10)
[2026-06-17T10:02:23.596+0800][20.093s][info][gc,heap     ] GC(717) Survivor regions: 2->2(2)
[2026-06-17T10:02:23.596+0800][20.093s][info][gc,heap     ] GC(717) Old regions: 28->32
[2026-06-17T10:02:23.596+0800][20.093s][info][gc,heap     ] GC(717) Humongous regions: 10->10
[2026-06-17T10:02:23.596+0800][20.093s][info][gc,metaspace] GC(717) Metaspace: 112K(320K)->112K(320K) NonClass: 105K(192K)->105K(192K) Class: 7K(128K)->7K(128K)
[2026-06-17T10:02:23.597+0800][20.093s][info][gc          ] GC(717) Pause Young (Normal) (G1 Evacuation Pause) 51M->43M(64M) 4.393ms
[2026-06-17T10:02:23.597+0800][20.093s][info][gc,cpu      ] GC(717) User=0.00s Sys=0.00s Real=0.00s
[2026-06-17T10:02:23.618+0800][20.115s][info][gc,start    ] GC(718) Pause Young (Concurrent Start) (G1 Evacuation Pause)
[2026-06-17T10:02:23.619+0800][20.116s][info][gc,task     ] GC(718) Using 2 workers of 18 for evacuation
[2026-06-17T10:02:23.620+0800][20.117s][info][gc,phases   ] GC(718)   Pre Evacuate Collection Set: 0.18ms
[2026-06-17T10:02:23.620+0800][20.117s][info][gc,phases   ] GC(718)   Merge Heap Roots: 0.05ms
[2026-06-17T10:02:23.620+0800][20.117s][info][gc,phases   ] GC(718)   Evacuate Collection Set: 0.24ms
[2026-06-17T10:02:23.620+0800][20.117s][info][gc,phases   ] GC(718)   Post Evacuate Collection Set: 0.17ms
[2026-06-17T10:02:23.620+0800][20.117s][info][gc,phases   ] GC(718)   Other: 0.37ms
[2026-06-17T10:02:23.620+0800][20.117s][info][gc,heap     ] GC(718) Eden regions: 10->0(10)
[2026-06-17T10:02:23.621+0800][20.117s][info][gc,heap     ] GC(718) Survivor regions: 2->2(2)
[2026-06-17T10:02:23.621+0800][20.118s][info][gc,heap     ] GC(718) Old regions: 32->33
[2026-06-17T10:02:23.621+0800][20.118s][info][gc,heap     ] GC(718) Humongous regions: 10->10
[2026-06-17T10:02:23.621+0800][20.118s][info][gc,metaspace] GC(718) Metaspace: 112K(320K)->112K(320K) NonClass: 105K(192K)->105K(192K) Class: 7K(128K)->7K(128K)
[2026-06-17T10:02:23.621+0800][20.118s][info][gc          ] GC(718) Pause Young (Concurrent Start) (G1 Evacuation Pause) 53M->43M(64M) 2.743ms
[2026-06-17T10:02:23.621+0800][20.118s][info][gc,cpu      ] GC(718) User=0.00s Sys=0.00s Real=0.00s
[2026-06-17T10:02:23.621+0800][20.118s][info][gc          ] GC(719) Concurrent Mark Cycle
[2026-06-17T10:02:23.621+0800][20.118s][info][gc,marking  ] GC(719) Concurrent Scan Root Regions
[2026-06-17T10:02:23.622+0800][20.118s][info][gc,marking  ] GC(719) Concurrent Scan Root Regions 0.184ms
[2026-06-17T10:02:23.622+0800][20.118s][info][gc,marking  ] GC(719) Concurrent Mark
[2026-06-17T10:02:23.622+0800][20.119s][info][gc,marking  ] GC(719) Concurrent Mark From Roots
[2026-06-17T10:02:23.622+0800][20.119s][info][gc,task     ] GC(719) Using 5 workers of 5 for marking
[2026-06-17T10:02:23.623+0800][20.120s][info][gc,marking  ] GC(719) Concurrent Mark From Roots 1.412ms
[2026-06-17T10:02:23.623+0800][20.120s][info][gc,marking  ] GC(719) Concurrent Preclean
[2026-06-17T10:02:23.623+0800][20.120s][info][gc,marking  ] GC(719) Concurrent Preclean 0.092ms
[2026-06-17T10:02:23.623+0800][20.120s][info][gc,start    ] GC(719) Pause Remark
[2026-06-17T10:02:23.624+0800][20.121s][info][gc          ] GC(719) Pause Remark 44M->39M(64M) 0.336ms
[2026-06-17T10:02:23.624+0800][20.121s][info][gc,cpu      ] GC(719) User=0.00s Sys=0.00s Real=0.00s
[2026-06-17T10:02:23.624+0800][20.121s][info][gc,marking  ] GC(719) Concurrent Mark 2.349ms
[2026-06-17T10:02:23.624+0800][20.121s][info][gc,marking  ] GC(719) Concurrent Rebuild Remembered Sets and Scrub Regions
[2026-06-17T10:02:23.624+0800][20.121s][info][gc,marking  ] GC(719) Concurrent Rebuild Remembered Sets and Scrub Regions 0.427ms
[2026-06-17T10:02:23.625+0800][20.122s][info][gc,start    ] GC(719) Pause Cleanup
[2026-06-17T10:02:23.625+0800][20.122s][info][gc          ] GC(719) Pause Cleanup 39M->39M(64M) 0.213ms
[2026-06-17T10:02:23.625+0800][20.122s][info][gc,cpu      ] GC(719) User=0.00s Sys=0.00s Real=0.00s
[2026-06-17T10:02:23.625+0800][20.122s][info][gc,marking  ] GC(719) Concurrent Clear Claimed Marks
[2026-06-17T10:02:23.625+0800][20.122s][info][gc,marking  ] GC(719) Concurrent Clear Claimed Marks 0.160ms
[2026-06-17T10:02:23.625+0800][20.122s][info][gc,marking  ] GC(719) Concurrent Cleanup for Next Mark
[2026-06-17T10:02:23.626+0800][20.122s][info][gc,marking  ] GC(719) Concurrent Cleanup for Next Mark 0.155ms
[2026-06-17T10:02:23.626+0800][20.123s][info][gc          ] GC(719) Concurrent Mark Cycle 4.563ms
[2026-06-17T10:02:23.653+0800][20.149s][info][gc,start    ] GC(720) Pause Young (Prepare Mixed) (G1 Evacuation Pause)
[2026-06-17T10:02:23.653+0800][20.150s][info][gc,task     ] GC(720) Using 2 workers of 18 for evacuation
[2026-06-17T10:02:23.654+0800][20.151s][info][gc,phases   ] GC(720)   Pre Evacuate Collection Set: 0.14ms
[2026-06-17T10:02:23.654+0800][20.151s][info][gc,phases   ] GC(720)   Merge Heap Roots: 0.07ms
[2026-06-17T10:02:23.654+0800][20.151s][info][gc,phases   ] GC(720)   Evacuate Collection Set: 0.31ms
[2026-06-17T10:02:23.655+0800][20.152s][info][gc,phases   ] GC(720)   Post Evacuate Collection Set: 0.22ms
[2026-06-17T10:02:23.655+0800][20.152s][info][gc,phases   ] GC(720)   Other: 0.27ms
[2026-06-17T10:02:23.655+0800][20.152s][info][gc,heap     ] GC(720) Eden regions: 10->0(11)
[2026-06-17T10:02:23.655+0800][20.152s][info][gc,heap     ] GC(720) Survivor regions: 2->2(2)
[2026-06-17T10:02:23.655+0800][20.152s][info][gc,heap     ] GC(720) Old regions: 28->30
[2026-06-17T10:02:23.656+0800][20.152s][info][gc,heap     ] GC(720) Humongous regions: 10->10
[2026-06-17T10:02:23.656+0800][20.153s][info][gc,metaspace] GC(720) Metaspace: 112K(320K)->112K(320K) NonClass: 105K(192K)->105K(192K) Class: 7K(128K)->7K(128K)
[2026-06-17T10:02:23.656+0800][20.153s][info][gc          ] GC(720) Pause Young (Prepare Mixed) (G1 Evacuation Pause) 48M->41M(64M) 3.280ms
[2026-06-17T10:02:23.656+0800][20.153s][info][gc,cpu      ] GC(720) User=0.00s Sys=0.00s Real=0.00s
[2026-06-17T10:02:23.688+0800][20.185s][info][gc,start    ] GC(721) Pause Young (Mixed) (G1 Evacuation Pause)
[2026-06-17T10:02:23.691+0800][20.188s][info][gc,task     ] GC(721) Using 2 workers of 18 for evacuation
[2026-06-17T10:02:23.696+0800][20.192s][info][gc,phases   ] GC(721)   Pre Evacuate Collection Set: 0.11ms
[2026-06-17T10:02:23.698+0800][20.195s][info][gc,phases   ] GC(721)   Merge Heap Roots: 0.04ms
[2026-06-17T10:02:23.699+0800][20.196s][info][gc,phases   ] GC(721)   Evacuate Collection Set: 0.44ms
[2026-06-17T10:02:23.699+0800][20.196s][info][gc,phases   ] GC(721)   Post Evacuate Collection Set: 0.19ms
[2026-06-17T10:02:23.701+0800][20.197s][info][gc,phases   ] GC(721)   Other: 3.30ms
[2026-06-17T10:02:23.702+0800][20.199s][info][gc,heap     ] GC(721) Eden regions: 11->0(11)
[2026-06-17T10:02:23.703+0800][20.200s][info][gc,heap     ] GC(721) Survivor regions: 2->2(2)
[2026-06-17T10:02:23.703+0800][20.200s][info][gc,heap     ] GC(721) Old regions: 30->27
[2026-06-17T10:02:23.703+0800][20.200s][info][gc,heap     ] GC(721) Humongous regions: 12->12
[2026-06-17T10:02:23.703+0800][20.200s][info][gc,metaspace] GC(721) Metaspace: 112K(320K)->112K(320K) NonClass: 105K(192K)->105K(192K) Class: 7K(128K)->7K(128K)
[2026-06-17T10:02:23.703+0800][20.200s][info][gc          ] GC(721) Pause Young (Mixed) (G1 Evacuation Pause) 54M->40M(64M) 15.538ms
[2026-06-17T10:02:23.703+0800][20.200s][info][gc,cpu      ] GC(721) User=0.00s Sys=0.00s Real=0.02s
[2026-06-17T10:02:23.725+0800][20.222s][info][gc,start    ] GC(722) Pause Young (Mixed) (G1 Evacuation Pause)
[2026-06-17T10:02:23.726+0800][20.223s][info][gc,task     ] GC(722) Using 2 workers of 18 for evacuation
[2026-06-17T10:02:23.731+0800][20.228s][info][gc,phases   ] GC(722)   Pre Evacuate Collection Set: 0.19ms
[2026-06-17T10:02:23.732+0800][20.229s][info][gc,phases   ] GC(722)   Merge Heap Roots: 0.05ms
[2026-06-17T10:02:23.732+0800][20.229s][info][gc,phases   ] GC(722)   Evacuate Collection Set: 0.67ms
[2026-06-17T10:02:23.732+0800][20.229s][info][gc,phases   ] GC(722)   Post Evacuate Collection Set: 0.19ms
[2026-06-17T10:02:23.732+0800][20.229s][info][gc,phases   ] GC(722)   Other: 3.98ms
[2026-06-17T10:02:23.732+0800][20.229s][info][gc,heap     ] GC(722) Eden regions: 11->0(10)
[2026-06-17T10:02:23.732+0800][20.229s][info][gc,heap     ] GC(722) Survivor regions: 2->2(2)
[2026-06-17T10:02:23.732+0800][20.229s][info][gc,heap     ] GC(722) Old regions: 27->28
[2026-06-17T10:02:23.733+0800][20.229s][info][gc,heap     ] GC(722) Humongous regions: 12->12
[2026-06-17T10:02:23.733+0800][20.230s][info][gc,metaspace] GC(722) Metaspace: 112K(320K)->112K(320K) NonClass: 105K(192K)->105K(192K) Class: 7K(128K)->7K(128K)
[2026-06-17T10:02:23.733+0800][20.230s][info][gc          ] GC(722) Pause Young (Mixed) (G1 Evacuation Pause) 51M->41M(64M) 7.972ms
[2026-06-17T10:02:23.733+0800][20.230s][info][gc,cpu      ] GC(722) User=0.00s Sys=0.01s Real=0.01s
[2026-06-17T10:02:23.764+0800][20.261s][info][gc,start    ] GC(723) Pause Young (Mixed) (G1 Evacuation Pause)
[2026-06-17T10:02:23.765+0800][20.262s][info][gc,task     ] GC(723) Using 2 workers of 18 for evacuation
[2026-06-17T10:02:23.766+0800][20.263s][info][gc,phases   ] GC(723)   Pre Evacuate Collection Set: 0.18ms
[2026-06-17T10:02:23.766+0800][20.263s][info][gc,phases   ] GC(723)   Merge Heap Roots: 0.05ms
[2026-06-17T10:02:23.767+0800][20.263s][info][gc,phases   ] GC(723)   Evacuate Collection Set: 0.48ms
[2026-06-17T10:02:23.767+0800][20.264s][info][gc,phases   ] GC(723)   Post Evacuate Collection Set: 0.24ms
[2026-06-17T10:02:23.767+0800][20.264s][info][gc,phases   ] GC(723)   Other: 0.41ms
[2026-06-17T10:02:23.767+0800][20.264s][info][gc,heap     ] GC(723) Eden regions: 10->0(8)
[2026-06-17T10:02:23.768+0800][20.265s][info][gc,heap     ] GC(723) Survivor regions: 2->2(2)
[2026-06-17T10:02:23.768+0800][20.265s][info][gc,heap     ] GC(723) Old regions: 28->31
[2026-06-17T10:02:23.768+0800][20.265s][info][gc,heap     ] GC(723) Humongous regions: 12->12
[2026-06-17T10:02:23.769+0800][20.265s][info][gc,metaspace] GC(723) Metaspace: 112K(320K)->112K(320K) NonClass: 105K(192K)->105K(192K) Class: 7K(128K)->7K(128K)
[2026-06-17T10:02:23.769+0800][20.266s][info][gc          ] GC(723) Pause Young (Mixed) (G1 Evacuation Pause) 51M->44M(64M) 4.563ms
[2026-06-17T10:02:23.769+0800][20.266s][info][gc,cpu      ] GC(723) User=0.00s Sys=0.00s Real=0.00s
[2026-06-17T10:02:23.790+0800][20.287s][info][gc,start    ] GC(724) Pause Young (Concurrent Start) (G1 Evacuation Pause)
[2026-06-17T10:02:23.790+0800][20.287s][info][gc,task     ] GC(724) Using 2 workers of 18 for evacuation
[2026-06-17T10:02:23.791+0800][20.288s][info][gc,phases   ] GC(724)   Pre Evacuate Collection Set: 0.13ms
[2026-06-17T10:02:23.791+0800][20.288s][info][gc,phases   ] GC(724)   Merge Heap Roots: 0.04ms
[2026-06-17T10:02:23.792+0800][20.288s][info][gc,phases   ] GC(724)   Evacuate Collection Set: 0.28ms
[2026-06-17T10:02:23.792+0800][20.288s][info][gc,phases   ] GC(724)   Post Evacuate Collection Set: 0.15ms
[2026-06-17T10:02:23.792+0800][20.289s][info][gc,phases   ] GC(724)   Other: 0.26ms
[2026-06-17T10:02:23.792+0800][20.289s][info][gc,heap     ] GC(724) Eden regions: 8->0(8)
[2026-06-17T10:02:23.792+0800][20.289s][info][gc,heap     ] GC(724) Survivor regions: 2->2(2)
[2026-06-17T10:02:23.792+0800][20.289s][info][gc,heap     ] GC(724) Old regions: 31->32
[2026-06-17T10:02:23.792+0800][20.289s][info][gc,heap     ] GC(724) Humongous regions: 12->12
[2026-06-17T10:02:23.792+0800][20.289s][info][gc,metaspace] GC(724) Metaspace: 112K(320K)->112K(320K) NonClass: 105K(192K)->105K(192K) Class: 7K(128K)->7K(128K)
[2026-06-17T10:02:23.792+0800][20.289s][info][gc          ] GC(724) Pause Young (Concurrent Start) (G1 Evacuation Pause) 52M->45M(64M) 2.049ms
[2026-06-17T10:02:23.792+0800][20.289s][info][gc,cpu      ] GC(724) User=0.00s Sys=0.00s Real=0.01s
[2026-06-17T10:02:23.792+0800][20.289s][info][gc          ] GC(725) Concurrent Mark Cycle
[2026-06-17T10:02:23.792+0800][20.289s][info][gc,marking  ] GC(725) Concurrent Scan Root Regions
[2026-06-17T10:02:23.793+0800][20.289s][info][gc,marking  ] GC(725) Concurrent Scan Root Regions 0.140ms
[2026-06-17T10:02:23.793+0800][20.289s][info][gc,marking  ] GC(725) Concurrent Mark
[2026-06-17T10:02:23.793+0800][20.290s][info][gc,marking  ] GC(725) Concurrent Mark From Roots
[2026-06-17T10:02:23.793+0800][20.290s][info][gc,task     ] GC(725) Using 5 workers of 5 for marking
[2026-06-17T10:02:23.794+0800][20.291s][info][gc,marking  ] GC(725) Concurrent Mark From Roots 1.355ms
[2026-06-17T10:02:23.794+0800][20.291s][info][gc,marking  ] GC(725) Concurrent Preclean
[2026-06-17T10:02:23.794+0800][20.291s][info][gc,marking  ] GC(725) Concurrent Preclean 0.165ms
[2026-06-17T10:02:23.795+0800][20.292s][info][gc,start    ] GC(725) Pause Remark
[2026-06-17T10:02:23.795+0800][20.292s][info][gc          ] GC(725) Pause Remark 48M->39M(64M) 0.420ms
[2026-06-17T10:02:23.795+0800][20.292s][info][gc,cpu      ] GC(725) User=0.00s Sys=0.00s Real=0.00s
[2026-06-17T10:02:23.795+0800][20.292s][info][gc,marking  ] GC(725) Concurrent Mark 2.871ms
[2026-06-17T10:02:23.796+0800][20.292s][info][gc,marking  ] GC(725) Concurrent Rebuild Remembered Sets and Scrub Regions
[2026-06-17T10:02:23.796+0800][20.293s][info][gc,marking  ] GC(725) Concurrent Rebuild Remembered Sets and Scrub Regions 0.427ms
[2026-06-17T10:02:23.796+0800][20.293s][info][gc,start    ] GC(725) Pause Cleanup
[2026-06-17T10:02:23.796+0800][20.293s][info][gc          ] GC(725) Pause Cleanup 39M->39M(64M) 0.140ms
[2026-06-17T10:02:23.796+0800][20.293s][info][gc,cpu      ] GC(725) User=0.00s Sys=0.00s Real=0.00s
[2026-06-17T10:02:23.797+0800][20.293s][info][gc,marking  ] GC(725) Concurrent Clear Claimed Marks
[2026-06-17T10:02:23.797+0800][20.294s][info][gc,marking  ] GC(725) Concurrent Clear Claimed Marks 0.140ms
[2026-06-17T10:02:23.797+0800][20.294s][info][gc,marking  ] GC(725) Concurrent Cleanup for Next Mark
[2026-06-17T10:02:23.797+0800][20.294s][info][gc,marking  ] GC(725) Concurrent Cleanup for Next Mark 0.173ms
[2026-06-17T10:02:23.797+0800][20.294s][info][gc          ] GC(725) Concurrent Mark Cycle 4.868ms
[2026-06-17T10:02:23.813+0800][20.310s][info][gc,start    ] GC(726) Pause Young (Prepare Mixed) (G1 Evacuation Pause)
[2026-06-17T10:02:23.814+0800][20.310s][info][gc,task     ] GC(726) Using 2 workers of 18 for evacuation
[2026-06-17T10:02:23.814+0800][20.311s][info][gc,phases   ] GC(726)   Pre Evacuate Collection Set: 0.13ms
[2026-06-17T10:02:23.815+0800][20.311s][info][gc,phases   ] GC(726)   Merge Heap Roots: 0.06ms
[2026-06-17T10:02:23.815+0800][20.312s][info][gc,phases   ] GC(726)   Evacuate Collection Set: 0.23ms
[2026-06-17T10:02:23.815+0800][20.312s][info][gc,phases   ] GC(726)   Post Evacuate Collection Set: 0.23ms
[2026-06-17T10:02:23.815+0800][20.312s][info][gc,phases   ] GC(726)   Other: 0.30ms
[2026-06-17T10:02:23.815+0800][20.312s][info][gc,heap     ] GC(726) Eden regions: 8->0(13)
[2026-06-17T10:02:23.815+0800][20.312s][info][gc,heap     ] GC(726) Survivor regions: 2->2(2)
[2026-06-17T10:02:23.815+0800][20.312s][info][gc,heap     ] GC(726) Old regions: 23->25
[2026-06-17T10:02:23.815+0800][20.312s][info][gc,heap     ] GC(726) Humongous regions: 12->12
[2026-06-17T10:02:23.816+0800][20.312s][info][gc,metaspace] GC(726) Metaspace: 112K(320K)->112K(320K) NonClass: 105K(192K)->105K(192K) Class: 7K(128K)->7K(128K)
[2026-06-17T10:02:23.816+0800][20.312s][info][gc          ] GC(726) Pause Young (Prepare Mixed) (G1 Evacuation Pause) 44M->37M(64M) 2.397ms
[2026-06-17T10:02:23.816+0800][20.313s][info][gc,cpu      ] GC(726) User=0.00s Sys=0.00s Real=0.00s
[2026-06-17T10:02:23.847+0800][20.344s][info][gc,start    ] GC(727) Pause Young (Mixed) (G1 Evacuation Pause)
[2026-06-17T10:02:23.848+0800][20.344s][info][gc,task     ] GC(727) Using 2 workers of 18 for evacuation
[2026-06-17T10:02:23.849+0800][20.345s][info][gc,phases   ] GC(727)   Pre Evacuate Collection Set: 0.10ms
[2026-06-17T10:02:23.849+0800][20.346s][info][gc,phases   ] GC(727)   Merge Heap Roots: 0.04ms
[2026-06-17T10:02:23.849+0800][20.346s][info][gc,phases   ] GC(727)   Evacuate Collection Set: 0.42ms
[2026-06-17T10:02:23.849+0800][20.346s][info][gc,phases   ] GC(727)   Post Evacuate Collection Set: 0.19ms
[2026-06-17T10:02:23.850+0800][20.346s][info][gc,phases   ] GC(727)   Other: 0.24ms
[2026-06-17T10:02:23.850+0800][20.347s][info][gc,heap     ] GC(727) Eden regions: 13->0(14)
[2026-06-17T10:02:23.850+0800][20.347s][info][gc,heap     ] GC(727) Survivor regions: 2->2(2)
[2026-06-17T10:02:23.850+0800][20.347s][info][gc,heap     ] GC(727) Old regions: 25->22
[2026-06-17T10:02:23.850+0800][20.347s][info][gc,heap     ] GC(727) Humongous regions: 12->12
[2026-06-17T10:02:23.850+0800][20.347s][info][gc,metaspace] GC(727) Metaspace: 112K(320K)->112K(320K) NonClass: 105K(192K)->105K(192K) Class: 7K(128K)->7K(128K)
[2026-06-17T10:02:23.850+0800][20.347s][info][gc          ] GC(727) Pause Young (Mixed) (G1 Evacuation Pause) 50M->35M(64M) 3.105ms
[2026-06-17T10:02:23.850+0800][20.347s][info][gc,cpu      ] GC(727) User=0.01s Sys=0.00s Real=0.01s
[2026-06-17T10:02:23.882+0800][20.379s][info][gc,start    ] GC(728) Pause Young (Mixed) (G1 Evacuation Pause)
[2026-06-17T10:02:23.883+0800][20.379s][info][gc,task     ] GC(728) Using 2 workers of 18 for evacuation
[2026-06-17T10:02:23.884+0800][20.381s][info][gc,phases   ] GC(728)   Pre Evacuate Collection Set: 0.11ms
[2026-06-17T10:02:23.884+0800][20.381s][info][gc,phases   ] GC(728)   Merge Heap Roots: 0.04ms
[2026-06-17T10:02:23.884+0800][20.381s][info][gc,phases   ] GC(728)   Evacuate Collection Set: 0.53ms
[2026-06-17T10:02:23.884+0800][20.381s][info][gc,phases   ] GC(728)   Post Evacuate Collection Set: 0.19ms
[2026-06-17T10:02:23.884+0800][20.381s][info][gc,phases   ] GC(728)   Other: 0.17ms
[2026-06-17T10:02:23.884+0800][20.381s][info][gc,heap     ] GC(728) Eden regions: 14->0(15)
[2026-06-17T10:02:23.884+0800][20.381s][info][gc,heap     ] GC(728) Survivor regions: 2->2(2)
[2026-06-17T10:02:23.884+0800][20.381s][info][gc,heap     ] GC(728) Old regions: 22->22
[2026-06-17T10:02:23.884+0800][20.381s][info][gc,heap     ] GC(728) Humongous regions: 12->12
[2026-06-17T10:02:23.885+0800][20.381s][info][gc,metaspace] GC(728) Metaspace: 112K(320K)->112K(320K) NonClass: 105K(192K)->105K(192K) Class: 7K(128K)->7K(128K)
[2026-06-17T10:02:23.885+0800][20.381s][info][gc          ] GC(728) Pause Young (Mixed) (G1 Evacuation Pause) 49M->35M(64M) 2.360ms
[2026-06-17T10:02:23.885+0800][20.382s][info][gc,cpu      ] GC(728) User=0.00s Sys=0.00s Real=0.01s
[2026-06-17T10:02:23.927+0800][20.424s][info][gc,start    ] GC(729) Pause Young (Normal) (G1 Evacuation Pause)
[2026-06-17T10:02:23.928+0800][20.424s][info][gc,task     ] GC(729) Using 2 workers of 18 for evacuation
[2026-06-17T10:02:23.929+0800][20.426s][info][gc,phases   ] GC(729)   Pre Evacuate Collection Set: 0.16ms
[2026-06-17T10:02:23.929+0800][20.426s][info][gc,phases   ] GC(729)   Merge Heap Roots: 0.04ms
[2026-06-17T10:02:23.929+0800][20.426s][info][gc,phases   ] GC(729)   Evacuate Collection Set: 0.50ms
[2026-06-17T10:02:23.929+0800][20.426s][info][gc,phases   ] GC(729)   Post Evacuate Collection Set: 0.19ms
[2026-06-17T10:02:23.930+0800][20.426s][info][gc,phases   ] GC(729)   Other: 0.51ms
[2026-06-17T10:02:23.930+0800][20.427s][info][gc,heap     ] GC(729) Eden regions: 15->0(11)
[2026-06-17T10:02:23.930+0800][20.427s][info][gc,heap     ] GC(729) Survivor regions: 2->3(3)
[2026-06-17T10:02:23.930+0800][20.427s][info][gc,heap     ] GC(729) Old regions: 22->26
[2026-06-17T10:02:23.930+0800][20.427s][info][gc,heap     ] GC(729) Humongous regions: 14->14
[2026-06-17T10:02:23.930+0800][20.427s][info][gc,metaspace] GC(729) Metaspace: 112K(320K)->112K(320K) NonClass: 105K(192K)->105K(192K) Class: 7K(128K)->7K(128K)
[2026-06-17T10:02:23.930+0800][20.427s][info][gc          ] GC(729) Pause Young (Normal) (G1 Evacuation Pause) 52M->42M(64M) 3.337ms
[2026-06-17T10:02:23.930+0800][20.427s][info][gc,cpu      ] GC(729) User=0.00s Sys=0.00s Real=0.00s
[2026-06-17T10:02:23.962+0800][20.459s][info][gc,start    ] GC(730) Pause Young (Concurrent Start) (G1 Evacuation Pause)
[2026-06-17T10:02:23.962+0800][20.459s][info][gc,task     ] GC(730) Using 2 workers of 18 for evacuation
[2026-06-17T10:02:23.963+0800][20.460s][info][gc,phases   ] GC(730)   Pre Evacuate Collection Set: 0.18ms
[2026-06-17T10:02:23.963+0800][20.460s][info][gc,phases   ] GC(730)   Merge Heap Roots: 0.04ms
[2026-06-17T10:02:23.964+0800][20.460s][info][gc,phases   ] GC(730)   Evacuate Collection Set: 0.33ms
[2026-06-17T10:02:23.964+0800][20.460s][info][gc,phases   ] GC(730)   Post Evacuate Collection Set: 0.19ms
[2026-06-17T10:02:23.964+0800][20.461s][info][gc,phases   ] GC(730)   Other: 0.36ms
[2026-06-17T10:02:23.965+0800][20.461s][info][gc,heap     ] GC(730) Eden regions: 11->0(10)
[2026-06-17T10:02:23.965+0800][20.462s][info][gc,heap     ] GC(730) Survivor regions: 3->2(2)
[2026-06-17T10:02:23.965+0800][20.462s][info][gc,heap     ] GC(730) Old regions: 26->28
[2026-06-17T10:02:23.965+0800][20.462s][info][gc,heap     ] GC(730) Humongous regions: 14->14
[2026-06-17T10:02:23.965+0800][20.462s][info][gc,metaspace] GC(730) Metaspace: 112K(320K)->112K(320K) NonClass: 105K(192K)->105K(192K) Class: 7K(128K)->7K(128K)
[2026-06-17T10:02:23.965+0800][20.462s][info][gc          ] GC(730) Pause Young (Concurrent Start) (G1 Evacuation Pause) 53M->43M(64M) 3.538ms
[2026-06-17T10:02:23.965+0800][20.462s][info][gc,cpu      ] GC(730) User=0.00s Sys=0.00s Real=0.01s
[2026-06-17T10:02:23.965+0800][20.462s][info][gc          ] GC(731) Concurrent Mark Cycle
[2026-06-17T10:02:23.966+0800][20.463s][info][gc,marking  ] GC(731) Concurrent Scan Root Regions
[2026-06-17T10:02:23.966+0800][20.463s][info][gc,marking  ] GC(731) Concurrent Scan Root Regions 0.224ms
[2026-06-17T10:02:23.966+0800][20.463s][info][gc,marking  ] GC(731) Concurrent Mark
[2026-06-17T10:02:23.966+0800][20.463s][info][gc,marking  ] GC(731) Concurrent Mark From Roots
[2026-06-17T10:02:23.966+0800][20.463s][info][gc,task     ] GC(731) Using 5 workers of 5 for marking
[2026-06-17T10:02:23.968+0800][20.465s][info][gc,marking  ] GC(731) Concurrent Mark From Roots 1.518ms
[2026-06-17T10:02:23.968+0800][20.465s][info][gc,marking  ] GC(731) Concurrent Preclean
[2026-06-17T10:02:23.968+0800][20.465s][info][gc,marking  ] GC(731) Concurrent Preclean 0.202ms
[2026-06-17T10:02:23.968+0800][20.465s][info][gc,start    ] GC(731) Pause Remark
[2026-06-17T10:02:23.969+0800][20.465s][info][gc          ] GC(731) Pause Remark 46M->39M(64M) 0.439ms
[2026-06-17T10:02:23.969+0800][20.466s][info][gc,cpu      ] GC(731) User=0.00s Sys=0.00s Real=0.00s
[2026-06-17T10:02:23.969+0800][20.466s][info][gc,marking  ] GC(731) Concurrent Mark 2.975ms
[2026-06-17T10:02:23.969+0800][20.466s][info][gc,marking  ] GC(731) Concurrent Rebuild Remembered Sets and Scrub Regions
[2026-06-17T10:02:23.970+0800][20.466s][info][gc,marking  ] GC(731) Concurrent Rebuild Remembered Sets and Scrub Regions 0.468ms
[2026-06-17T10:02:23.970+0800][20.467s][info][gc,start    ] GC(731) Pause Cleanup
[2026-06-17T10:02:23.970+0800][20.467s][info][gc          ] GC(731) Pause Cleanup 39M->39M(64M) 0.261ms
[2026-06-17T10:02:23.970+0800][20.467s][info][gc,cpu      ] GC(731) User=0.00s Sys=0.00s Real=0.00s
[2026-06-17T10:02:23.970+0800][20.467s][info][gc,marking  ] GC(731) Concurrent Clear Claimed Marks
[2026-06-17T10:02:23.970+0800][20.467s][info][gc,marking  ] GC(731) Concurrent Clear Claimed Marks 0.127ms
[2026-06-17T10:02:23.971+0800][20.467s][info][gc,marking  ] GC(731) Concurrent Cleanup for Next Mark
[2026-06-17T10:02:23.971+0800][20.468s][info][gc,marking  ] GC(731) Concurrent Cleanup for Next Mark 0.224ms
[2026-06-17T10:02:23.971+0800][20.468s][info][gc          ] GC(731) Concurrent Mark Cycle 5.583ms
[2026-06-17T10:02:23.987+0800][20.484s][info][gc,start    ] GC(732) Pause Young (Prepare Mixed) (G1 Evacuation Pause)
[2026-06-17T10:02:23.987+0800][20.484s][info][gc,task     ] GC(732) Using 2 workers of 18 for evacuation
[2026-06-17T10:02:23.988+0800][20.485s][info][gc,phases   ] GC(732)   Pre Evacuate Collection Set: 0.11ms
[2026-06-17T10:02:23.988+0800][20.485s][info][gc,phases   ] GC(732)   Merge Heap Roots: 0.06ms
[2026-06-17T10:02:23.989+0800][20.486s][info][gc,phases   ] GC(732)   Evacuate Collection Set: 0.17ms
[2026-06-17T10:02:23.989+0800][20.486s][info][gc,phases   ] GC(732)   Post Evacuate Collection Set: 0.14ms
[2026-06-17T10:02:23.989+0800][20.486s][info][gc,phases   ] GC(732)   Other: 0.18ms
[2026-06-17T10:02:23.989+0800][20.486s][info][gc,heap     ] GC(732) Eden regions: 10->0(15)
[2026-06-17T10:02:23.989+0800][20.486s][info][gc,heap     ] GC(732) Survivor regions: 2->1(2)
[2026-06-17T10:02:23.990+0800][20.486s][info][gc,heap     ] GC(732) Old regions: 21->23
[2026-06-17T10:02:23.990+0800][20.487s][info][gc,heap     ] GC(732) Humongous regions: 14->14
[2026-06-17T10:02:23.990+0800][20.487s][info][gc,metaspace] GC(732) Metaspace: 112K(320K)->112K(320K) NonClass: 105K(192K)->105K(192K) Class: 7K(128K)->7K(128K)
[2026-06-17T10:02:23.990+0800][20.487s][info][gc          ] GC(732) Pause Young (Prepare Mixed) (G1 Evacuation Pause) 46M->36M(64M) 3.256ms
[2026-06-17T10:02:23.990+0800][20.487s][info][gc,cpu      ] GC(732) User=0.00s Sys=0.00s Real=0.00s
[2026-06-17T10:02:24.032+0800][20.529s][info][gc,start    ] GC(733) Pause Young (Mixed) (G1 Evacuation Pause)
[2026-06-17T10:02:24.033+0800][20.530s][info][gc,task     ] GC(733) Using 2 workers of 18 for evacuation
[2026-06-17T10:02:24.035+0800][20.531s][info][gc,phases   ] GC(733)   Pre Evacuate Collection Set: 0.20ms
[2026-06-17T10:02:24.035+0800][20.532s][info][gc,phases   ] GC(733)   Merge Heap Roots: 0.09ms
[2026-06-17T10:02:24.035+0800][20.532s][info][gc,phases   ] GC(733)   Evacuate Collection Set: 0.62ms
[2026-06-17T10:02:24.036+0800][20.533s][info][gc,phases   ] GC(733)   Post Evacuate Collection Set: 0.35ms
[2026-06-17T10:02:24.036+0800][20.533s][info][gc,phases   ] GC(733)   Other: 0.48ms
[2026-06-17T10:02:24.036+0800][20.533s][info][gc,heap     ] GC(733) Eden regions: 15->0(15)
[2026-06-17T10:02:24.037+0800][20.533s][info][gc,heap     ] GC(733) Survivor regions: 1->2(2)
[2026-06-17T10:02:24.037+0800][20.534s][info][gc,heap     ] GC(733) Old regions: 23->21
[2026-06-17T10:02:24.037+0800][20.534s][info][gc,heap     ] GC(733) Humongous regions: 14->14
[2026-06-17T10:02:24.037+0800][20.534s][info][gc,metaspace] GC(733) Metaspace: 112K(320K)->112K(320K) NonClass: 105K(192K)->105K(192K) Class: 7K(128K)->7K(128K)
[2026-06-17T10:02:24.038+0800][20.535s][info][gc          ] GC(733) Pause Young (Mixed) (G1 Evacuation Pause) 51M->36M(64M) 5.442ms
[2026-06-17T10:02:24.038+0800][20.535s][info][gc,cpu      ] GC(733) User=0.00s Sys=0.00s Real=0.00s
[2026-06-17T10:02:24.080+0800][20.577s][info][gc,start    ] GC(734) Pause Young (Normal) (G1 Evacuation Pause)
[2026-06-17T10:02:24.080+0800][20.577s][info][gc,task     ] GC(734) Using 2 workers of 18 for evacuation
[2026-06-17T10:02:24.082+0800][20.579s][info][gc,phases   ] GC(734)   Pre Evacuate Collection Set: 0.17ms
[2026-06-17T10:02:24.082+0800][20.579s][info][gc,phases   ] GC(734)   Merge Heap Roots: 0.07ms
[2026-06-17T10:02:24.082+0800][20.579s][info][gc,phases   ] GC(734)   Evacuate Collection Set: 0.32ms
[2026-06-17T10:02:24.083+0800][20.580s][info][gc,phases   ] GC(734)   Post Evacuate Collection Set: 0.31ms
[2026-06-17T10:02:24.083+0800][20.580s][info][gc,phases   ] GC(734)   Other: 0.46ms
[2026-06-17T10:02:24.083+0800][20.580s][info][gc,heap     ] GC(734) Eden regions: 15->0(13)
[2026-06-17T10:02:24.084+0800][20.580s][info][gc,heap     ] GC(734) Survivor regions: 2->3(3)
[2026-06-17T10:02:24.084+0800][20.581s][info][gc,heap     ] GC(734) Old regions: 21->23
[2026-06-17T10:02:24.084+0800][20.581s][info][gc,heap     ] GC(734) Humongous regions: 14->14
[2026-06-17T10:02:24.084+0800][20.581s][info][gc,metaspace] GC(734) Metaspace: 112K(320K)->112K(320K) NonClass: 105K(192K)->105K(192K) Class: 7K(128K)->7K(128K)
[2026-06-17T10:02:24.084+0800][20.581s][info][gc          ] GC(734) Pause Young (Normal) (G1 Evacuation Pause) 51M->39M(64M) 4.158ms
[2026-06-17T10:02:24.084+0800][20.581s][info][gc,cpu      ] GC(734) User=0.01s Sys=0.00s Real=0.01s
[2026-06-17T10:02:24.085+0800][20.582s][info][gc,start    ] GC(735) Pause Young (Concurrent Start) (G1 Humongous Allocation)
[2026-06-17T10:02:24.085+0800][20.582s][info][gc,task     ] GC(735) Using 2 workers of 18 for evacuation
[2026-06-17T10:02:24.086+0800][20.583s][info][gc,phases   ] GC(735)   Pre Evacuate Collection Set: 0.13ms
[2026-06-17T10:02:24.086+0800][20.583s][info][gc,phases   ] GC(735)   Merge Heap Roots: 0.05ms
[2026-06-17T10:02:24.086+0800][20.583s][info][gc,phases   ] GC(735)   Evacuate Collection Set: 0.35ms
[2026-06-17T10:02:24.086+0800][20.583s][info][gc,phases   ] GC(735)   Post Evacuate Collection Set: 0.24ms
[2026-06-17T10:02:24.086+0800][20.583s][info][gc,phases   ] GC(735)   Other: 0.25ms
[2026-06-17T10:02:24.086+0800][20.583s][info][gc,heap     ] GC(735) Eden regions: 3->0(15)
[2026-06-17T10:02:24.087+0800][20.583s][info][gc,heap     ] GC(735) Survivor regions: 3->0(2)
[2026-06-17T10:02:24.087+0800][20.584s][info][gc,heap     ] GC(735) Old regions: 23->25
[2026-06-17T10:02:24.087+0800][20.584s][info][gc,heap     ] GC(735) Humongous regions: 14->14
[2026-06-17T10:02:24.087+0800][20.584s][info][gc,metaspace] GC(735) Metaspace: 112K(320K)->112K(320K) NonClass: 105K(192K)->105K(192K) Class: 7K(128K)->7K(128K)
[2026-06-17T10:02:24.087+0800][20.584s][info][gc          ] GC(735) Pause Young (Concurrent Start) (G1 Humongous Allocation) 42M->38M(64M) 2.222ms
[2026-06-17T10:02:24.087+0800][20.584s][info][gc,cpu      ] GC(735) User=0.00s Sys=0.01s Real=0.00s
[2026-06-17T10:02:24.087+0800][20.584s][info][gc          ] GC(736) Concurrent Mark Cycle
[2026-06-17T10:02:24.087+0800][20.584s][info][gc,marking  ] GC(736) Concurrent Scan Root Regions
[2026-06-17T10:02:24.087+0800][20.584s][info][gc,marking  ] GC(736) Concurrent Scan Root Regions 0.128ms
[2026-06-17T10:02:24.088+0800][20.584s][info][gc,marking  ] GC(736) Concurrent Mark
[2026-06-17T10:02:24.088+0800][20.584s][info][gc,marking  ] GC(736) Concurrent Mark From Roots
[2026-06-17T10:02:24.088+0800][20.585s][info][gc,task     ] GC(736) Using 5 workers of 5 for marking
[2026-06-17T10:02:24.089+0800][20.586s][info][gc,marking  ] GC(736) Concurrent Mark From Roots 1.373ms
[2026-06-17T10:02:24.089+0800][20.586s][info][gc,marking  ] GC(736) Concurrent Preclean
[2026-06-17T10:02:24.089+0800][20.586s][info][gc,marking  ] GC(736) Concurrent Preclean 0.092ms
[2026-06-17T10:02:24.089+0800][20.586s][info][gc,start    ] GC(736) Pause Remark
[2026-06-17T10:02:24.090+0800][20.587s][info][gc          ] GC(736) Pause Remark 40M->40M(64M) 0.351ms
[2026-06-17T10:02:24.090+0800][20.587s][info][gc,cpu      ] GC(736) User=0.00s Sys=0.00s Real=0.00s
[2026-06-17T10:02:24.090+0800][20.587s][info][gc,marking  ] GC(736) Concurrent Mark 2.372ms
[2026-06-17T10:02:24.090+0800][20.587s][info][gc,marking  ] GC(736) Concurrent Rebuild Remembered Sets and Scrub Regions
[2026-06-17T10:02:24.090+0800][20.587s][info][gc,marking  ] GC(736) Concurrent Rebuild Remembered Sets and Scrub Regions 0.458ms
[2026-06-17T10:02:24.091+0800][20.587s][info][gc,start    ] GC(736) Pause Cleanup
[2026-06-17T10:02:24.091+0800][20.588s][info][gc          ] GC(736) Pause Cleanup 40M->40M(64M) 0.163ms
[2026-06-17T10:02:24.091+0800][20.588s][info][gc,cpu      ] GC(736) User=0.00s Sys=0.00s Real=0.00s
[2026-06-17T10:02:24.091+0800][20.588s][info][gc,marking  ] GC(736) Concurrent Clear Claimed Marks
[2026-06-17T10:02:24.091+0800][20.588s][info][gc,marking  ] GC(736) Concurrent Clear Claimed Marks 0.157ms
[2026-06-17T10:02:24.091+0800][20.588s][info][gc,marking  ] GC(736) Concurrent Cleanup for Next Mark
[2026-06-17T10:02:24.091+0800][20.588s][info][gc,marking  ] GC(736) Concurrent Cleanup for Next Mark 0.176ms
[2026-06-17T10:02:24.092+0800][20.588s][info][gc          ] GC(736) Concurrent Mark Cycle 4.581ms
[2026-06-17T10:02:24.129+0800][20.626s][info][gc,start    ] GC(737) Pause Young (Prepare Mixed) (G1 Evacuation Pause)
[2026-06-17T10:02:24.129+0800][20.626s][info][gc,task     ] GC(737) Using 2 workers of 18 for evacuation
[2026-06-17T10:02:24.130+0800][20.627s][info][gc,phases   ] GC(737)   Pre Evacuate Collection Set: 0.14ms
[2026-06-17T10:02:24.131+0800][20.627s][info][gc,phases   ] GC(737)   Merge Heap Roots: 0.06ms
[2026-06-17T10:02:24.131+0800][20.628s][info][gc,phases   ] GC(737)   Evacuate Collection Set: 0.35ms
[2026-06-17T10:02:24.131+0800][20.628s][info][gc,phases   ] GC(737)   Post Evacuate Collection Set: 0.20ms
[2026-06-17T10:02:24.131+0800][20.628s][info][gc,phases   ] GC(737)   Other: 0.30ms
[2026-06-17T10:02:24.131+0800][20.628s][info][gc,heap     ] GC(737) Eden regions: 15->0(9)
[2026-06-17T10:02:24.131+0800][20.628s][info][gc,heap     ] GC(737) Survivor regions: 0->2(2)
[2026-06-17T10:02:24.131+0800][20.628s][info][gc,heap     ] GC(737) Old regions: 25->29
[2026-06-17T10:02:24.132+0800][20.628s][info][gc,heap     ] GC(737) Humongous regions: 16->16
[2026-06-17T10:02:24.132+0800][20.629s][info][gc,metaspace] GC(737) Metaspace: 112K(320K)->112K(320K) NonClass: 105K(192K)->105K(192K) Class: 7K(128K)->7K(128K)
[2026-06-17T10:02:24.132+0800][20.629s][info][gc          ] GC(737) Pause Young (Prepare Mixed) (G1 Evacuation Pause) 55M->46M(64M) 2.869ms
[2026-06-17T10:02:24.132+0800][20.629s][info][gc,cpu      ] GC(737) User=0.00s Sys=0.00s Real=0.01s
[2026-06-17T10:02:24.153+0800][20.650s][info][gc,start    ] GC(738) Pause Young (Mixed) (G1 Evacuation Pause)
[2026-06-17T10:02:24.153+0800][20.650s][info][gc,task     ] GC(738) Using 2 workers of 18 for evacuation
[2026-06-17T10:02:24.155+0800][20.652s][info][gc,phases   ] GC(738)   Pre Evacuate Collection Set: 0.30ms
[2026-06-17T10:02:24.155+0800][20.652s][info][gc,phases   ] GC(738)   Merge Heap Roots: 0.05ms
[2026-06-17T10:02:24.155+0800][20.652s][info][gc,phases   ] GC(738)   Evacuate Collection Set: 0.64ms
[2026-06-17T10:02:24.156+0800][20.652s][info][gc,phases   ] GC(738)   Post Evacuate Collection Set: 0.27ms
[2026-06-17T10:02:24.156+0800][20.653s][info][gc,phases   ] GC(738)   Other: 0.25ms
[2026-06-17T10:02:24.156+0800][20.653s][info][gc,heap     ] GC(738) Eden regions: 9->0(5)
[2026-06-17T10:02:24.156+0800][20.653s][info][gc,heap     ] GC(738) Survivor regions: 2->2(2)
[2026-06-17T10:02:24.156+0800][20.653s][info][gc,heap     ] GC(738) Old regions: 29->33
[2026-06-17T10:02:24.156+0800][20.653s][info][gc,heap     ] GC(738) Humongous regions: 16->16
[2026-06-17T10:02:24.156+0800][20.653s][info][gc,metaspace] GC(738) Metaspace: 112K(320K)->112K(320K) NonClass: 105K(192K)->105K(192K) Class: 7K(128K)->7K(128K)
[2026-06-17T10:02:24.156+0800][20.653s][info][gc          ] GC(738) Pause Young (Mixed) (G1 Evacuation Pause) (Evacuation Failure) 55M->50M(64M) 3.287ms
[2026-06-17T10:02:24.156+0800][20.653s][info][gc,cpu      ] GC(738) User=0.00s Sys=0.00s Real=0.00s
[2026-06-17T10:02:24.167+0800][20.664s][info][gc,start    ] GC(739) Pause Young (Concurrent Start) (G1 Evacuation Pause)
[2026-06-17T10:02:24.168+0800][20.664s][info][gc,task     ] GC(739) Using 2 workers of 18 for evacuation
[2026-06-17T10:02:24.168+0800][20.665s][info][gc,phases   ] GC(739)   Pre Evacuate Collection Set: 0.15ms
[2026-06-17T10:02:24.169+0800][20.666s][info][gc,phases   ] GC(739)   Merge Heap Roots: 0.05ms
[2026-06-17T10:02:24.169+0800][20.666s][info][gc,phases   ] GC(739)   Evacuate Collection Set: 0.26ms
[2026-06-17T10:02:24.169+0800][20.666s][info][gc,phases   ] GC(739)   Post Evacuate Collection Set: 0.18ms
[2026-06-17T10:02:24.169+0800][20.666s][info][gc,phases   ] GC(739)   Other: 0.25ms
[2026-06-17T10:02:24.169+0800][20.666s][info][gc,heap     ] GC(739) Eden regions: 5->0(5)
[2026-06-17T10:02:24.169+0800][20.666s][info][gc,heap     ] GC(739) Survivor regions: 2->1(1)
[2026-06-17T10:02:24.169+0800][20.666s][info][gc,heap     ] GC(739) Old regions: 33->35
[2026-06-17T10:02:24.169+0800][20.666s][info][gc,heap     ] GC(739) Humongous regions: 16->16
[2026-06-17T10:02:24.169+0800][20.666s][info][gc,metaspace] GC(739) Metaspace: 112K(320K)->112K(320K) NonClass: 105K(192K)->105K(192K) Class: 7K(128K)->7K(128K)
[2026-06-17T10:02:24.169+0800][20.666s][info][gc          ] GC(739) Pause Young (Concurrent Start) (G1 Evacuation Pause) 55M->51M(64M) 2.268ms
[2026-06-17T10:02:24.169+0800][20.666s][info][gc,cpu      ] GC(739) User=0.00s Sys=0.00s Real=0.00s
[2026-06-17T10:02:24.169+0800][20.666s][info][gc          ] GC(740) Concurrent Mark Cycle
[2026-06-17T10:02:24.170+0800][20.667s][info][gc,marking  ] GC(740) Concurrent Scan Root Regions
[2026-06-17T10:02:24.171+0800][20.667s][info][gc,marking  ] GC(740) Concurrent Scan Root Regions 0.475ms
[2026-06-17T10:02:24.171+0800][20.668s][info][gc,marking  ] GC(740) Concurrent Mark
[2026-06-17T10:02:24.171+0800][20.668s][info][gc,marking  ] GC(740) Concurrent Mark From Roots
[2026-06-17T10:02:24.171+0800][20.668s][info][gc,task     ] GC(740) Using 5 workers of 5 for marking
[2026-06-17T10:02:24.172+0800][20.669s][info][gc,marking  ] GC(740) Concurrent Mark From Roots 1.446ms
[2026-06-17T10:02:24.173+0800][20.669s][info][gc,marking  ] GC(740) Concurrent Preclean
[2026-06-17T10:02:24.173+0800][20.670s][info][gc,marking  ] GC(740) Concurrent Preclean 0.174ms
[2026-06-17T10:02:24.173+0800][20.670s][info][gc,start    ] GC(740) Pause Remark
[2026-06-17T10:02:24.173+0800][20.670s][info][gc          ] GC(740) Pause Remark 53M->40M(64M) 0.372ms
[2026-06-17T10:02:24.173+0800][20.670s][info][gc,cpu      ] GC(740) User=0.00s Sys=0.00s Real=0.00s
[2026-06-17T10:02:24.173+0800][20.670s][info][gc,marking  ] GC(740) Concurrent Mark 2.663ms
[2026-06-17T10:02:24.173+0800][20.670s][info][gc,marking  ] GC(740) Concurrent Rebuild Remembered Sets and Scrub Regions
[2026-06-17T10:02:24.174+0800][20.671s][info][gc,marking  ] GC(740) Concurrent Rebuild Remembered Sets and Scrub Regions 0.396ms
[2026-06-17T10:02:24.174+0800][20.671s][info][gc,start    ] GC(740) Pause Cleanup
[2026-06-17T10:02:24.174+0800][20.671s][info][gc          ] GC(740) Pause Cleanup 40M->40M(64M) 0.141ms
[2026-06-17T10:02:24.174+0800][20.671s][info][gc,cpu      ] GC(740) User=0.00s Sys=0.00s Real=0.00s
[2026-06-17T10:02:24.174+0800][20.671s][info][gc,marking  ] GC(740) Concurrent Clear Claimed Marks
[2026-06-17T10:02:24.175+0800][20.671s][info][gc,marking  ] GC(740) Concurrent Clear Claimed Marks 0.073ms
[2026-06-17T10:02:24.175+0800][20.671s][info][gc,marking  ] GC(740) Concurrent Cleanup for Next Mark
[2026-06-17T10:02:24.175+0800][20.672s][info][gc,marking  ] GC(740) Concurrent Cleanup for Next Mark 0.136ms
[2026-06-17T10:02:24.175+0800][20.672s][info][gc          ] GC(740) Concurrent Mark Cycle 5.348ms
[2026-06-17T10:02:24.190+0800][20.687s][info][gc,start    ] GC(741) Pause Young (Prepare Mixed) (G1 Evacuation Pause)
[2026-06-17T10:02:24.191+0800][20.687s][info][gc,task     ] GC(741) Using 2 workers of 18 for evacuation
[2026-06-17T10:02:24.191+0800][20.688s][info][gc,phases   ] GC(741)   Pre Evacuate Collection Set: 0.10ms
[2026-06-17T10:02:24.191+0800][20.688s][info][gc,phases   ] GC(741)   Merge Heap Roots: 0.04ms
[2026-06-17T10:02:24.192+0800][20.688s][info][gc,phases   ] GC(741)   Evacuate Collection Set: 0.22ms
[2026-06-17T10:02:24.192+0800][20.688s][info][gc,phases   ] GC(741)   Post Evacuate Collection Set: 0.14ms
[2026-06-17T10:02:24.192+0800][20.689s][info][gc,phases   ] GC(741)   Other: 0.16ms
[2026-06-17T10:02:24.192+0800][20.689s][info][gc,heap     ] GC(741) Eden regions: 5->0(9)
[2026-06-17T10:02:24.192+0800][20.689s][info][gc,heap     ] GC(741) Survivor regions: 1->1(1)
[2026-06-17T10:02:24.192+0800][20.689s][info][gc,heap     ] GC(741) Old regions: 22->25
[2026-06-17T10:02:24.192+0800][20.689s][info][gc,heap     ] GC(741) Humongous regions: 16->16
[2026-06-17T10:02:24.192+0800][20.689s][info][gc,metaspace] GC(741) Metaspace: 112K(320K)->112K(320K) NonClass: 105K(192K)->105K(192K) Class: 7K(128K)->7K(128K)
[2026-06-17T10:02:24.192+0800][20.689s][info][gc          ] GC(741) Pause Young (Prepare Mixed) (G1 Evacuation Pause) 43M->41M(64M) 1.868ms
[2026-06-17T10:02:24.192+0800][20.689s][info][gc,cpu      ] GC(741) User=0.00s Sys=0.00s Real=0.01s
[2026-06-17T10:02:24.213+0800][20.710s][info][gc,start    ] GC(742) Pause Young (Mixed) (G1 Evacuation Pause)
[2026-06-17T10:02:24.214+0800][20.711s][info][gc,task     ] GC(742) Using 2 workers of 18 for evacuation
[2026-06-17T10:02:24.215+0800][20.712s][info][gc,phases   ] GC(742)   Pre Evacuate Collection Set: 0.16ms
[2026-06-17T10:02:24.215+0800][20.712s][info][gc,phases   ] GC(742)   Merge Heap Roots: 0.05ms
[2026-06-17T10:02:24.216+0800][20.713s][info][gc,phases   ] GC(742)   Evacuate Collection Set: 0.47ms
[2026-06-17T10:02:24.216+0800][20.713s][info][gc,phases   ] GC(742)   Post Evacuate Collection Set: 0.24ms
[2026-06-17T10:02:24.216+0800][20.713s][info][gc,phases   ] GC(742)   Other: 0.45ms
[2026-06-17T10:02:24.216+0800][20.713s][info][gc,heap     ] GC(742) Eden regions: 9->0(11)
[2026-06-17T10:02:24.216+0800][20.713s][info][gc,heap     ] GC(742) Survivor regions: 1->2(2)
[2026-06-17T10:02:24.217+0800][20.713s][info][gc,heap     ] GC(742) Old regions: 25->21
[2026-06-17T10:02:24.217+0800][20.714s][info][gc,heap     ] GC(742) Humongous regions: 16->16
[2026-06-17T10:02:24.217+0800][20.714s][info][gc,metaspace] GC(742) Metaspace: 112K(320K)->112K(320K) NonClass: 105K(192K)->105K(192K) Class: 7K(128K)->7K(128K)
[2026-06-17T10:02:24.217+0800][20.714s][info][gc          ] GC(742) Pause Young (Mixed) (G1 Evacuation Pause) 50M->38M(64M) 3.583ms
[2026-06-17T10:02:24.217+0800][20.714s][info][gc,cpu      ] GC(742) User=0.00s Sys=0.00s Real=0.00s
[2026-06-17T10:02:24.238+0800][20.735s][info][gc,start    ] GC(743) Pause Young (Mixed) (G1 Evacuation Pause)
[2026-06-17T10:02:24.239+0800][20.736s][info][gc,task     ] GC(743) Using 2 workers of 18 for evacuation
[2026-06-17T10:02:24.240+0800][20.737s][info][gc,phases   ] GC(743)   Pre Evacuate Collection Set: 0.18ms
[2026-06-17T10:02:24.240+0800][20.737s][info][gc,phases   ] GC(743)   Merge Heap Roots: 0.04ms
[2026-06-17T10:02:24.240+0800][20.737s][info][gc,phases   ] GC(743)   Evacuate Collection Set: 0.26ms
[2026-06-17T10:02:24.240+0800][20.737s][info][gc,phases   ] GC(743)   Post Evacuate Collection Set: 0.21ms
[2026-06-17T10:02:24.241+0800][20.737s][info][gc,phases   ] GC(743)   Other: 0.33ms
[2026-06-17T10:02:24.241+0800][20.738s][info][gc,heap     ] GC(743) Eden regions: 11->0(11)
[2026-06-17T10:02:24.241+0800][20.738s][info][gc,heap     ] GC(743) Survivor regions: 2->2(2)
[2026-06-17T10:02:24.241+0800][20.738s][info][gc,heap     ] GC(743) Old regions: 21->22
[2026-06-17T10:02:24.241+0800][20.738s][info][gc,heap     ] GC(743) Humongous regions: 16->16
[2026-06-17T10:02:24.241+0800][20.738s][info][gc,metaspace] GC(743) Metaspace: 112K(320K)->112K(320K) NonClass: 105K(192K)->105K(192K) Class: 7K(128K)->7K(128K)
[2026-06-17T10:02:24.241+0800][20.738s][info][gc          ] GC(743) Pause Young (Mixed) (G1 Evacuation Pause) 49M->39M(64M) 2.633ms
[2026-06-17T10:02:24.241+0800][20.738s][info][gc,cpu      ] GC(743) User=0.01s Sys=0.00s Real=0.00s
[2026-06-17T10:02:24.273+0800][20.770s][info][gc,start    ] GC(744) Pause Young (Normal) (G1 Evacuation Pause)
[2026-06-17T10:02:24.273+0800][20.770s][info][gc,task     ] GC(744) Using 2 workers of 18 for evacuation
[2026-06-17T10:02:24.274+0800][20.771s][info][gc,phases   ] GC(744)   Pre Evacuate Collection Set: 0.19ms
[2026-06-17T10:02:24.275+0800][20.772s][info][gc,phases   ] GC(744)   Merge Heap Roots: 0.08ms
[2026-06-17T10:02:24.275+0800][20.772s][info][gc,phases   ] GC(744)   Evacuate Collection Set: 0.29ms
[2026-06-17T10:02:24.275+0800][20.772s][info][gc,phases   ] GC(744)   Post Evacuate Collection Set: 0.24ms
[2026-06-17T10:02:24.275+0800][20.772s][info][gc,phases   ] GC(744)   Other: 0.33ms
[2026-06-17T10:02:24.275+0800][20.772s][info][gc,heap     ] GC(744) Eden regions: 11->0(11)
[2026-06-17T10:02:24.276+0800][20.772s][info][gc,heap     ] GC(744) Survivor regions: 2->2(2)
[2026-06-17T10:02:24.276+0800][20.773s][info][gc,heap     ] GC(744) Old regions: 22->24
[2026-06-17T10:02:24.276+0800][20.773s][info][gc,heap     ] GC(744) Humongous regions: 16->16
[2026-06-17T10:02:24.276+0800][20.773s][info][gc,metaspace] GC(744) Metaspace: 112K(320K)->112K(320K) NonClass: 105K(192K)->105K(192K) Class: 7K(128K)->7K(128K)
[2026-06-17T10:02:24.276+0800][20.773s][info][gc          ] GC(744) Pause Young (Normal) (G1 Evacuation Pause) 50M->40M(64M) 3.469ms
[2026-06-17T10:02:24.276+0800][20.773s][info][gc,cpu      ] GC(744) User=0.00s Sys=0.00s Real=0.00s
[2026-06-17T10:02:24.287+0800][20.784s][info][gc,start    ] GC(745) Pause Young (Concurrent Start) (G1 Humongous Allocation)
[2026-06-17T10:02:24.287+0800][20.784s][info][gc,task     ] GC(745) Using 2 workers of 18 for evacuation
[2026-06-17T10:02:24.288+0800][20.785s][info][gc,phases   ] GC(745)   Pre Evacuate Collection Set: 0.15ms
[2026-06-17T10:02:24.288+0800][20.785s][info][gc,phases   ] GC(745)   Merge Heap Roots: 0.08ms
[2026-06-17T10:02:24.289+0800][20.785s][info][gc,phases   ] GC(745)   Evacuate Collection Set: 0.28ms
[2026-06-17T10:02:24.289+0800][20.786s][info][gc,phases   ] GC(745)   Post Evacuate Collection Set: 0.17ms
[2026-06-17T10:02:24.289+0800][20.786s][info][gc,phases   ] GC(745)   Other: 0.29ms
[2026-06-17T10:02:24.289+0800][20.786s][info][gc,heap     ] GC(745) Eden regions: 5->0(9)
[2026-06-17T10:02:24.289+0800][20.786s][info][gc,heap     ] GC(745) Survivor regions: 2->2(2)
[2026-06-17T10:02:24.289+0800][20.786s][info][gc,heap     ] GC(745) Old regions: 24->25
[2026-06-17T10:02:24.289+0800][20.786s][info][gc,heap     ] GC(745) Humongous regions: 16->16
[2026-06-17T10:02:24.289+0800][20.786s][info][gc,metaspace] GC(745) Metaspace: 112K(320K)->112K(320K) NonClass: 105K(192K)->105K(192K) Class: 7K(128K)->7K(128K)
[2026-06-17T10:02:24.289+0800][20.786s][info][gc          ] GC(745) Pause Young (Concurrent Start) (G1 Humongous Allocation) 45M->42M(64M) 2.423ms
[2026-06-17T10:02:24.289+0800][20.786s][info][gc,cpu      ] GC(745) User=0.00s Sys=0.00s Real=0.00s
[2026-06-17T10:02:24.289+0800][20.786s][info][gc          ] GC(746) Concurrent Mark Cycle
[2026-06-17T10:02:24.290+0800][20.786s][info][gc,marking  ] GC(746) Concurrent Scan Root Regions
[2026-06-17T10:02:24.290+0800][20.787s][info][gc,marking  ] GC(746) Concurrent Scan Root Regions 0.166ms
[2026-06-17T10:02:24.290+0800][20.787s][info][gc,marking  ] GC(746) Concurrent Mark
[2026-06-17T10:02:24.290+0800][20.787s][info][gc,marking  ] GC(746) Concurrent Mark From Roots
[2026-06-17T10:02:24.290+0800][20.787s][info][gc,task     ] GC(746) Using 5 workers of 5 for marking
[2026-06-17T10:02:24.291+0800][20.788s][info][gc,marking  ] GC(746) Concurrent Mark From Roots 1.374ms
[2026-06-17T10:02:24.292+0800][20.789s][info][gc,marking  ] GC(746) Concurrent Preclean
[2026-06-17T10:02:24.292+0800][20.789s][info][gc,marking  ] GC(746) Concurrent Preclean 0.201ms
[2026-06-17T10:02:24.292+0800][20.789s][info][gc,start    ] GC(746) Pause Remark
[2026-06-17T10:02:24.293+0800][20.790s][info][gc          ] GC(746) Pause Remark 44M->44M(64M) 0.449ms
[2026-06-17T10:02:24.293+0800][20.790s][info][gc,cpu      ] GC(746) User=0.00s Sys=0.00s Real=0.00s
[2026-06-17T10:02:24.293+0800][20.790s][info][gc,marking  ] GC(746) Concurrent Mark 3.203ms
[2026-06-17T10:02:24.293+0800][20.790s][info][gc,marking  ] GC(746) Concurrent Rebuild Remembered Sets and Scrub Regions
[2026-06-17T10:02:24.294+0800][20.791s][info][gc,marking  ] GC(746) Concurrent Rebuild Remembered Sets and Scrub Regions 0.487ms
[2026-06-17T10:02:24.294+0800][20.791s][info][gc,start    ] GC(746) Pause Cleanup
[2026-06-17T10:02:24.294+0800][20.791s][info][gc          ] GC(746) Pause Cleanup 44M->44M(64M) 0.175ms
[2026-06-17T10:02:24.294+0800][20.791s][info][gc,cpu      ] GC(746) User=0.01s Sys=0.00s Real=0.00s
[2026-06-17T10:02:24.294+0800][20.791s][info][gc,marking  ] GC(746) Concurrent Clear Claimed Marks
[2026-06-17T10:02:24.294+0800][20.791s][info][gc,marking  ] GC(746) Concurrent Clear Claimed Marks 0.087ms
[2026-06-17T10:02:24.295+0800][20.791s][info][gc,marking  ] GC(746) Concurrent Cleanup for Next Mark
[2026-06-17T10:02:24.295+0800][20.792s][info][gc,marking  ] GC(746) Concurrent Cleanup for Next Mark 0.162ms
[2026-06-17T10:02:24.295+0800][20.792s][info][gc          ] GC(746) Concurrent Mark Cycle 5.326ms
[2026-06-17T10:02:24.321+0800][20.818s][info][gc,start    ] GC(747) Pause Young (Prepare Mixed) (G1 Evacuation Pause)
[2026-06-17T10:02:24.322+0800][20.819s][info][gc,task     ] GC(747) Using 2 workers of 18 for evacuation
[2026-06-17T10:02:24.324+0800][20.821s][info][gc,phases   ] GC(747)   Pre Evacuate Collection Set: 0.17ms
[2026-06-17T10:02:24.324+0800][20.821s][info][gc,phases   ] GC(747)   Merge Heap Roots: 0.10ms
[2026-06-17T10:02:24.324+0800][20.821s][info][gc,phases   ] GC(747)   Evacuate Collection Set: 0.64ms
[2026-06-17T10:02:24.325+0800][20.822s][info][gc,phases   ] GC(747)   Post Evacuate Collection Set: 0.29ms
[2026-06-17T10:02:24.325+0800][20.822s][info][gc,phases   ] GC(747)   Other: 0.70ms
[2026-06-17T10:02:24.327+0800][20.824s][info][gc,heap     ] GC(747) Eden regions: 9->0(7)
[2026-06-17T10:02:24.329+0800][20.825s][info][gc,heap     ] GC(747) Survivor regions: 2->2(2)
[2026-06-17T10:02:24.330+0800][20.827s][info][gc,heap     ] GC(747) Old regions: 25->27
[2026-06-17T10:02:24.330+0800][20.827s][info][gc,heap     ] GC(747) Humongous regions: 18->18
[2026-06-17T10:02:24.331+0800][20.827s][info][gc,metaspace] GC(747) Metaspace: 112K(320K)->112K(320K) NonClass: 105K(192K)->105K(192K) Class: 7K(128K)->7K(128K)
[2026-06-17T10:02:24.331+0800][20.828s][info][gc          ] GC(747) Pause Young (Prepare Mixed) (G1 Evacuation Pause) 52M->46M(64M) 9.791ms
[2026-06-17T10:02:24.331+0800][20.828s][info][gc,cpu      ] GC(747) User=0.00s Sys=0.00s Real=0.02s
[2026-06-17T10:02:24.352+0800][20.849s][info][gc,start    ] GC(748) Pause Young (Mixed) (G1 Evacuation Pause)
[2026-06-17T10:02:24.352+0800][20.849s][info][gc,task     ] GC(748) Using 2 workers of 18 for evacuation
[2026-06-17T10:02:24.353+0800][20.850s][info][gc,phases   ] GC(748)   Pre Evacuate Collection Set: 0.13ms
[2026-06-17T10:02:24.353+0800][20.850s][info][gc,phases   ] GC(748)   Merge Heap Roots: 0.04ms
[2026-06-17T10:02:24.353+0800][20.850s][info][gc,phases   ] GC(748)   Evacuate Collection Set: 0.32ms
[2026-06-17T10:02:24.354+0800][20.850s][info][gc,phases   ] GC(748)   Post Evacuate Collection Set: 0.17ms
[2026-06-17T10:02:24.354+0800][20.851s][info][gc,phases   ] GC(748)   Other: 0.27ms
[2026-06-17T10:02:24.354+0800][20.851s][info][gc,heap     ] GC(748) Eden regions: 7->0(8)
[2026-06-17T10:02:24.354+0800][20.851s][info][gc,heap     ] GC(748) Survivor regions: 2->1(2)
[2026-06-17T10:02:24.354+0800][20.851s][info][gc,heap     ] GC(748) Old regions: 27->28
[2026-06-17T10:02:24.354+0800][20.851s][info][gc,heap     ] GC(748) Humongous regions: 18->18
[2026-06-17T10:02:24.354+0800][20.851s][info][gc,metaspace] GC(748) Metaspace: 112K(320K)->112K(320K) NonClass: 105K(192K)->105K(192K) Class: 7K(128K)->7K(128K)
[2026-06-17T10:02:24.355+0800][20.851s][info][gc          ] GC(748) Pause Young (Mixed) (G1 Evacuation Pause) 53M->46M(64M) 2.725ms
[2026-06-17T10:02:24.355+0800][20.852s][info][gc,cpu      ] GC(748) User=0.00s Sys=0.00s Real=0.00s
[2026-06-17T10:02:24.366+0800][20.862s][info][gc,start    ] GC(749) Pause Young (Concurrent Start) (G1 Evacuation Pause)
[2026-06-17T10:02:24.366+0800][20.863s][info][gc,task     ] GC(749) Using 2 workers of 18 for evacuation
[2026-06-17T10:02:24.367+0800][20.864s][info][gc,phases   ] GC(749)   Pre Evacuate Collection Set: 0.15ms
[2026-06-17T10:02:24.367+0800][20.864s][info][gc,phases   ] GC(749)   Merge Heap Roots: 0.07ms
[2026-06-17T10:02:24.368+0800][20.864s][info][gc,phases   ] GC(749)   Evacuate Collection Set: 0.39ms
[2026-06-17T10:02:24.368+0800][20.865s][info][gc,phases   ] GC(749)   Post Evacuate Collection Set: 0.23ms
[2026-06-17T10:02:24.368+0800][20.865s][info][gc,phases   ] GC(749)   Other: 0.29ms
[2026-06-17T10:02:24.368+0800][20.865s][info][gc,heap     ] GC(749) Eden regions: 8->0(4)
[2026-06-17T10:02:24.368+0800][20.865s][info][gc,heap     ] GC(749) Survivor regions: 1->2(2)
[2026-06-17T10:02:24.368+0800][20.865s][info][gc,heap     ] GC(749) Old regions: 28->32
[2026-06-17T10:02:24.368+0800][20.865s][info][gc,heap     ] GC(749) Humongous regions: 18->18
[2026-06-17T10:02:24.369+0800][20.865s][info][gc,metaspace] GC(749) Metaspace: 112K(320K)->112K(320K) NonClass: 105K(192K)->105K(192K) Class: 7K(128K)->7K(128K)
[2026-06-17T10:02:24.369+0800][20.866s][info][gc          ] GC(749) Pause Young (Concurrent Start) (G1 Evacuation Pause) 54M->51M(64M) 3.052ms
[2026-06-17T10:02:24.369+0800][20.866s][info][gc,cpu      ] GC(749) User=0.00s Sys=0.01s Real=0.00s
[2026-06-17T10:02:24.369+0800][20.866s][info][gc          ] GC(750) Concurrent Mark Cycle
[2026-06-17T10:02:24.369+0800][20.866s][info][gc,marking  ] GC(750) Concurrent Scan Root Regions
[2026-06-17T10:02:24.369+0800][20.866s][info][gc,marking  ] GC(750) Concurrent Scan Root Regions 0.186ms
[2026-06-17T10:02:24.369+0800][20.866s][info][gc,marking  ] GC(750) Concurrent Mark
[2026-06-17T10:02:24.369+0800][20.866s][info][gc,marking  ] GC(750) Concurrent Mark From Roots
[2026-06-17T10:02:24.369+0800][20.866s][info][gc,task     ] GC(750) Using 5 workers of 5 for marking
[2026-06-17T10:02:24.371+0800][20.868s][info][gc,marking  ] GC(750) Concurrent Mark From Roots 1.474ms
[2026-06-17T10:02:24.372+0800][20.868s][info][gc,marking  ] GC(750) Concurrent Preclean
[2026-06-17T10:02:24.372+0800][20.869s][info][gc,marking  ] GC(750) Concurrent Preclean 0.492ms
[2026-06-17T10:02:24.372+0800][20.869s][info][gc,start    ] GC(750) Pause Remark
[2026-06-17T10:02:24.373+0800][20.870s][info][gc          ] GC(750) Pause Remark 52M->44M(64M) 0.655ms
[2026-06-17T10:02:24.373+0800][20.870s][info][gc,cpu      ] GC(750) User=0.00s Sys=0.00s Real=0.00s
[2026-06-17T10:02:24.373+0800][20.870s][info][gc,marking  ] GC(750) Concurrent Mark 4.138ms
[2026-06-17T10:02:24.374+0800][20.870s][info][gc,marking  ] GC(750) Concurrent Rebuild Remembered Sets and Scrub Regions
[2026-06-17T10:02:24.374+0800][20.871s][info][gc,marking  ] GC(750) Concurrent Rebuild Remembered Sets and Scrub Regions 0.466ms
[2026-06-17T10:02:24.374+0800][20.871s][info][gc,start    ] GC(750) Pause Cleanup
[2026-06-17T10:02:24.374+0800][20.871s][info][gc          ] GC(750) Pause Cleanup 44M->44M(64M) 0.234ms
[2026-06-17T10:02:24.375+0800][20.871s][info][gc,cpu      ] GC(750) User=0.00s Sys=0.00s Real=0.00s
[2026-06-17T10:02:24.375+0800][20.872s][info][gc,marking  ] GC(750) Concurrent Clear Claimed Marks
[2026-06-17T10:02:24.375+0800][20.872s][info][gc,marking  ] GC(750) Concurrent Clear Claimed Marks 0.079ms
[2026-06-17T10:02:24.375+0800][20.872s][info][gc,marking  ] GC(750) Concurrent Cleanup for Next Mark
[2026-06-17T10:02:24.375+0800][20.872s][info][gc,marking  ] GC(750) Concurrent Cleanup for Next Mark 0.167ms
[2026-06-17T10:02:24.375+0800][20.872s][info][gc          ] GC(750) Concurrent Mark Cycle 6.302ms
[2026-06-17T10:02:24.379+0800][20.876s][info][gc,start    ] GC(751) Pause Young (Prepare Mixed) (G1 Evacuation Pause)
[2026-06-17T10:02:24.380+0800][20.876s][info][gc,task     ] GC(751) Using 2 workers of 18 for evacuation
[2026-06-17T10:02:24.380+0800][20.877s][info][gc,phases   ] GC(751)   Pre Evacuate Collection Set: 0.08ms
[2026-06-17T10:02:24.380+0800][20.877s][info][gc,phases   ] GC(751)   Merge Heap Roots: 0.04ms
[2026-06-17T10:02:24.381+0800][20.877s][info][gc,phases   ] GC(751)   Evacuate Collection Set: 0.27ms
[2026-06-17T10:02:24.381+0800][20.877s][info][gc,phases   ] GC(751)   Post Evacuate Collection Set: 0.15ms
[2026-06-17T10:02:24.381+0800][20.878s][info][gc,phases   ] GC(751)   Other: 0.13ms
[2026-06-17T10:02:24.381+0800][20.878s][info][gc,heap     ] GC(751) Eden regions: 4->0(7)
[2026-06-17T10:02:24.381+0800][20.878s][info][gc,heap     ] GC(751) Survivor regions: 2->1(1)
[2026-06-17T10:02:24.381+0800][20.878s][info][gc,heap     ] GC(751) Old regions: 24->27
[2026-06-17T10:02:24.381+0800][20.878s][info][gc,heap     ] GC(751) Humongous regions: 18->18
[2026-06-17T10:02:24.381+0800][20.878s][info][gc,metaspace] GC(751) Metaspace: 112K(320K)->112K(320K) NonClass: 105K(192K)->105K(192K) Class: 7K(128K)->7K(128K)
[2026-06-17T10:02:24.381+0800][20.878s][info][gc          ] GC(751) Pause Young (Prepare Mixed) (G1 Evacuation Pause) 47M->45M(64M) 1.856ms
[2026-06-17T10:02:24.381+0800][20.878s][info][gc,cpu      ] GC(751) User=0.00s Sys=0.00s Real=0.00s
[2026-06-17T10:02:24.402+0800][20.899s][info][gc,start    ] GC(752) Pause Young (Mixed) (G1 Evacuation Pause)
[2026-06-17T10:02:24.403+0800][20.899s][info][gc,task     ] GC(752) Using 2 workers of 18 for evacuation
[2026-06-17T10:02:24.404+0800][20.901s][info][gc,phases   ] GC(752)   Pre Evacuate Collection Set: 0.13ms
[2026-06-17T10:02:24.404+0800][20.901s][info][gc,phases   ] GC(752)   Merge Heap Roots: 0.05ms
[2026-06-17T10:02:24.404+0800][20.901s][info][gc,phases   ] GC(752)   Evacuate Collection Set: 0.40ms
[2026-06-17T10:02:24.404+0800][20.901s][info][gc,phases   ] GC(752)   Post Evacuate Collection Set: 0.18ms
[2026-06-17T10:02:24.404+0800][20.901s][info][gc,phases   ] GC(752)   Other: 0.30ms
[2026-06-17T10:02:24.405+0800][20.901s][info][gc,heap     ] GC(752) Eden regions: 7->0(8)
[2026-06-17T10:02:24.405+0800][20.902s][info][gc,heap     ] GC(752) Survivor regions: 1->1(1)
[2026-06-17T10:02:24.405+0800][20.902s][info][gc,heap     ] GC(752) Old regions: 27->26
[2026-06-17T10:02:24.405+0800][20.902s][info][gc,heap     ] GC(752) Humongous regions: 18->18
[2026-06-17T10:02:24.405+0800][20.902s][info][gc,metaspace] GC(752) Metaspace: 112K(320K)->112K(320K) NonClass: 105K(192K)->105K(192K) Class: 7K(128K)->7K(128K)
[2026-06-17T10:02:24.405+0800][20.902s][info][gc          ] GC(752) Pause Young (Mixed) (G1 Evacuation Pause) 52M->44M(64M) 2.800ms
[2026-06-17T10:02:24.405+0800][20.902s][info][gc,cpu      ] GC(752) User=0.00s Sys=0.01s Real=0.01s
[2026-06-17T10:02:24.426+0800][20.923s][info][gc,start    ] GC(753) Pause Young (Normal) (G1 Evacuation Pause)
[2026-06-17T10:02:24.427+0800][20.924s][info][gc,task     ] GC(753) Using 2 workers of 18 for evacuation
[2026-06-17T10:02:24.428+0800][20.924s][info][gc,phases   ] GC(753)   Pre Evacuate Collection Set: 0.23ms
[2026-06-17T10:02:24.428+0800][20.925s][info][gc,phases   ] GC(753)   Merge Heap Roots: 0.06ms
[2026-06-17T10:02:24.428+0800][20.925s][info][gc,phases   ] GC(753)   Evacuate Collection Set: 0.21ms
[2026-06-17T10:02:24.428+0800][20.925s][info][gc,phases   ] GC(753)   Post Evacuate Collection Set: 0.21ms
[2026-06-17T10:02:24.428+0800][20.925s][info][gc,phases   ] GC(753)   Other: 0.24ms
[2026-06-17T10:02:24.429+0800][20.925s][info][gc,heap     ] GC(753) Eden regions: 8->0(8)
[2026-06-17T10:02:24.429+0800][20.925s][info][gc,heap     ] GC(753) Survivor regions: 1->2(2)
[2026-06-17T10:02:24.429+0800][20.926s][info][gc,heap     ] GC(753) Old regions: 26->26
[2026-06-17T10:02:24.429+0800][20.926s][info][gc,heap     ] GC(753) Humongous regions: 18->18
[2026-06-17T10:02:24.429+0800][20.926s][info][gc,metaspace] GC(753) Metaspace: 112K(320K)->112K(320K) NonClass: 105K(192K)->105K(192K) Class: 7K(128K)->7K(128K)
[2026-06-17T10:02:24.429+0800][20.926s][info][gc          ] GC(753) Pause Young (Normal) (G1 Evacuation Pause) 52M->45M(64M) 2.912ms
[2026-06-17T10:02:24.429+0800][20.926s][info][gc,cpu      ] GC(753) User=0.00s Sys=0.00s Real=0.00s
[2026-06-17T10:02:24.450+0800][20.947s][info][gc,start    ] GC(754) Pause Young (Normal) (G1 Evacuation Pause)
[2026-06-17T10:02:24.451+0800][20.948s][info][gc,task     ] GC(754) Using 2 workers of 18 for evacuation
[2026-06-17T10:02:24.452+0800][20.949s][info][gc,phases   ] GC(754)   Pre Evacuate Collection Set: 0.17ms
[2026-06-17T10:02:24.452+0800][20.949s][info][gc,phases   ] GC(754)   Merge Heap Roots: 0.06ms
[2026-06-17T10:02:24.452+0800][20.949s][info][gc,phases   ] GC(754)   Evacuate Collection Set: 0.35ms
[2026-06-17T10:02:24.452+0800][20.949s][info][gc,phases   ] GC(754)   Post Evacuate Collection Set: 0.24ms
[2026-06-17T10:02:24.452+0800][20.949s][info][gc,phases   ] GC(754)   Other: 0.33ms
[2026-06-17T10:02:24.453+0800][20.949s][info][gc,heap     ] GC(754) Eden regions: 8->0(7)
[2026-06-17T10:02:24.453+0800][20.950s][info][gc,heap     ] GC(754) Survivor regions: 2->2(2)
[2026-06-17T10:02:24.453+0800][20.950s][info][gc,heap     ] GC(754) Old regions: 26->28
[2026-06-17T10:02:24.453+0800][20.950s][info][gc,heap     ] GC(754) Humongous regions: 18->18
[2026-06-17T10:02:24.453+0800][20.950s][info][gc,metaspace] GC(754) Metaspace: 112K(320K)->112K(320K) NonClass: 105K(192K)->105K(192K) Class: 7K(128K)->7K(128K)
[2026-06-17T10:02:24.453+0800][20.950s][info][gc          ] GC(754) Pause Young (Normal) (G1 Evacuation Pause) 53M->47M(64M) 2.942ms
[2026-06-17T10:02:24.453+0800][20.950s][info][gc,cpu      ] GC(754) User=0.00s Sys=0.00s Real=0.01s
[2026-06-17T10:02:24.474+0800][20.971s][info][gc,start    ] GC(755) Pause Young (Concurrent Start) (G1 Evacuation Pause)
[2026-06-17T10:02:24.475+0800][20.972s][info][gc,task     ] GC(755) Using 2 workers of 18 for evacuation
[2026-06-17T10:02:24.476+0800][20.973s][info][gc,phases   ] GC(755)   Pre Evacuate Collection Set: 0.25ms
[2026-06-17T10:02:24.476+0800][20.973s][info][gc,phases   ] GC(755)   Merge Heap Roots: 0.14ms
[2026-06-17T10:02:24.476+0800][20.973s][info][gc,phases   ] GC(755)   Evacuate Collection Set: 0.32ms
[2026-06-17T10:02:24.477+0800][20.973s][info][gc,phases   ] GC(755)   Post Evacuate Collection Set: 0.30ms
[2026-06-17T10:02:24.477+0800][20.974s][info][gc,phases   ] GC(755)   Other: 0.31ms
[2026-06-17T10:02:24.477+0800][20.974s][info][gc,heap     ] GC(755) Eden regions: 7->0(7)
[2026-06-17T10:02:24.477+0800][20.974s][info][gc,heap     ] GC(755) Survivor regions: 2->2(2)
[2026-06-17T10:02:24.477+0800][20.974s][info][gc,heap     ] GC(755) Old regions: 28->29
[2026-06-17T10:02:24.477+0800][20.974s][info][gc,heap     ] GC(755) Humongous regions: 18->18
[2026-06-17T10:02:24.478+0800][20.974s][info][gc,metaspace] GC(755) Metaspace: 112K(320K)->112K(320K) NonClass: 105K(192K)->105K(192K) Class: 7K(128K)->7K(128K)
[2026-06-17T10:02:24.478+0800][20.975s][info][gc          ] GC(755) Pause Young (Concurrent Start) (G1 Evacuation Pause) 54M->48M(64M) 3.356ms
[2026-06-17T10:02:24.478+0800][20.975s][info][gc,cpu      ] GC(755) User=0.01s Sys=0.00s Real=0.00s
[2026-06-17T10:02:24.478+0800][20.975s][info][gc          ] GC(756) Concurrent Mark Cycle
[2026-06-17T10:02:24.478+0800][20.975s][info][gc,marking  ] GC(756) Concurrent Scan Root Regions
[2026-06-17T10:02:24.478+0800][20.975s][info][gc,marking  ] GC(756) Concurrent Scan Root Regions 0.167ms
[2026-06-17T10:02:24.479+0800][20.975s][info][gc,marking  ] GC(756) Concurrent Mark
[2026-06-17T10:02:24.479+0800][20.975s][info][gc,marking  ] GC(756) Concurrent Mark From Roots
[2026-06-17T10:02:24.479+0800][20.976s][info][gc,task     ] GC(756) Using 5 workers of 5 for marking
[2026-06-17T10:02:24.480+0800][20.977s][info][gc,marking  ] GC(756) Concurrent Mark From Roots 1.654ms
[2026-06-17T10:02:24.482+0800][20.979s][info][gc,marking  ] GC(756) Concurrent Preclean
[2026-06-17T10:02:24.482+0800][20.979s][info][gc,marking  ] GC(756) Concurrent Preclean 0.349ms
[2026-06-17T10:02:24.482+0800][20.979s][info][gc,start    ] GC(756) Pause Remark
[2026-06-17T10:02:24.483+0800][20.980s][info][gc          ] GC(756) Pause Remark 51M->50M(64M) 0.535ms
[2026-06-17T10:02:24.483+0800][20.980s][info][gc,cpu      ] GC(756) User=0.00s Sys=0.00s Real=0.01s
[2026-06-17T10:02:24.483+0800][20.980s][info][gc,marking  ] GC(756) Concurrent Mark 4.689ms
[2026-06-17T10:02:24.483+0800][20.980s][info][gc,marking  ] GC(756) Concurrent Rebuild Remembered Sets and Scrub Regions
[2026-06-17T10:02:24.484+0800][20.981s][info][gc,marking  ] GC(756) Concurrent Rebuild Remembered Sets and Scrub Regions 0.537ms
[2026-06-17T10:02:24.484+0800][20.981s][info][gc,start    ] GC(756) Pause Cleanup
[2026-06-17T10:02:24.485+0800][20.982s][info][gc          ] GC(756) Pause Cleanup 50M->50M(64M) 0.399ms
[2026-06-17T10:02:24.485+0800][20.982s][info][gc,cpu      ] GC(756) User=0.00s Sys=0.00s Real=0.00s
[2026-06-17T10:02:24.485+0800][20.982s][info][gc,marking  ] GC(756) Concurrent Clear Claimed Marks
[2026-06-17T10:02:24.485+0800][20.982s][info][gc,marking  ] GC(756) Concurrent Clear Claimed Marks 0.126ms
[2026-06-17T10:02:24.485+0800][20.982s][info][gc,marking  ] GC(756) Concurrent Cleanup for Next Mark
[2026-06-17T10:02:24.486+0800][20.983s][info][gc,marking  ] GC(756) Concurrent Cleanup for Next Mark 0.309ms
[2026-06-17T10:02:24.486+0800][20.983s][info][gc          ] GC(756) Concurrent Mark Cycle 7.936ms
[2026-06-17T10:02:24.499+0800][20.996s][info][gc,start    ] GC(757) Pause Young (Prepare Mixed) (G1 Evacuation Pause)
[2026-06-17T10:02:24.499+0800][20.996s][info][gc,task     ] GC(757) Using 2 workers of 18 for evacuation
[2026-06-17T10:02:24.500+0800][20.997s][info][gc,phases   ] GC(757)   Pre Evacuate Collection Set: 0.13ms
[2026-06-17T10:02:24.500+0800][20.997s][info][gc,phases   ] GC(757)   Merge Heap Roots: 0.07ms
[2026-06-17T10:02:24.500+0800][20.997s][info][gc,phases   ] GC(757)   Evacuate Collection Set: 0.19ms
[2026-06-17T10:02:24.500+0800][20.997s][info][gc,phases   ] GC(757)   Post Evacuate Collection Set: 0.19ms
[2026-06-17T10:02:24.501+0800][20.997s][info][gc,phases   ] GC(757)   Other: 0.18ms
[2026-06-17T10:02:24.501+0800][20.997s][info][gc,heap     ] GC(757) Eden regions: 7->0(8)
[2026-06-17T10:02:24.501+0800][20.998s][info][gc,heap     ] GC(757) Survivor regions: 2->1(2)
[2026-06-17T10:02:24.501+0800][20.998s][info][gc,heap     ] GC(757) Old regions: 28->30
[2026-06-17T10:02:24.501+0800][20.998s][info][gc,heap     ] GC(757) Humongous regions: 18->18
[2026-06-17T10:02:24.501+0800][20.998s][info][gc,metaspace] GC(757) Metaspace: 112K(320K)->112K(320K) NonClass: 105K(192K)->105K(192K) Class: 7K(128K)->7K(128K)
[2026-06-17T10:02:24.501+0800][20.998s][info][gc          ] GC(757) Pause Young (Prepare Mixed) (G1 Evacuation Pause) 54M->47M(64M) 2.194ms
[2026-06-17T10:02:24.501+0800][20.998s][info][gc,cpu      ] GC(757) User=0.00s Sys=0.00s Real=0.00s
[2026-06-17T10:02:24.512+0800][21.009s][info][gc,start    ] GC(758) Pause Young (Mixed) (G1 Evacuation Pause)
[2026-06-17T10:02:24.514+0800][21.011s][info][gc,task     ] GC(758) Using 2 workers of 18 for evacuation
[2026-06-17T10:02:24.517+0800][21.014s][info][gc,phases   ] GC(758)   Pre Evacuate Collection Set: 0.32ms
[2026-06-17T10:02:24.520+0800][21.017s][info][gc,phases   ] GC(758)   Merge Heap Roots: 0.09ms
[2026-06-17T10:02:24.521+0800][21.018s][info][gc,phases   ] GC(758)   Evacuate Collection Set: 0.52ms
[2026-06-17T10:02:24.522+0800][21.019s][info][gc,phases   ] GC(758)   Post Evacuate Collection Set: 0.33ms
[2026-06-17T10:02:24.522+0800][21.019s][info][gc,phases   ] GC(758)   Other: 1.16ms
[2026-06-17T10:02:24.523+0800][21.019s][info][gc,heap     ] GC(758) Eden regions: 8->0(8)
[2026-06-17T10:02:24.523+0800][21.020s][info][gc,heap     ] GC(758) Survivor regions: 1->2(2)
[2026-06-17T10:02:24.524+0800][21.021s][info][gc,heap     ] GC(758) Old regions: 30->33
[2026-06-17T10:02:24.524+0800][21.021s][info][gc,heap     ] GC(758) Humongous regions: 20->12
[2026-06-17T10:02:24.524+0800][21.021s][info][gc,metaspace] GC(758) Metaspace: 112K(320K)->112K(320K) NonClass: 105K(192K)->105K(192K) Class: 7K(128K)->7K(128K)
[2026-06-17T10:02:24.524+0800][21.021s][info][gc          ] GC(758) Pause Young (Mixed) (G1 Evacuation Pause) (Evacuation Failure) 57M->46M(64M) 12.064ms
[2026-06-17T10:02:24.525+0800][21.022s][info][gc,cpu      ] GC(758) User=0.01s Sys=0.00s Real=0.01s
[2026-06-17T10:02:24.546+0800][21.043s][info][gc,start    ] GC(759) Pause Young (Mixed) (G1 Evacuation Pause)
[2026-06-17T10:02:24.546+0800][21.043s][info][gc,task     ] GC(759) Using 2 workers of 18 for evacuation
[2026-06-17T10:02:24.547+0800][21.044s][info][gc,phases   ] GC(759)   Pre Evacuate Collection Set: 0.11ms
[2026-06-17T10:02:24.547+0800][21.044s][info][gc,phases   ] GC(759)   Merge Heap Roots: 0.04ms
[2026-06-17T10:02:24.548+0800][21.044s][info][gc,phases   ] GC(759)   Evacuate Collection Set: 0.31ms
[2026-06-17T10:02:24.548+0800][21.045s][info][gc,phases   ] GC(759)   Post Evacuate Collection Set: 0.18ms
[2026-06-17T10:02:24.548+0800][21.045s][info][gc,phases   ] GC(759)   Other: 0.18ms
[2026-06-17T10:02:24.548+0800][21.045s][info][gc,heap     ] GC(759) Eden regions: 8->0(9)
[2026-06-17T10:02:24.548+0800][21.045s][info][gc,heap     ] GC(759) Survivor regions: 2->1(2)
[2026-06-17T10:02:24.548+0800][21.045s][info][gc,heap     ] GC(759) Old regions: 33->34
[2026-06-17T10:02:24.548+0800][21.045s][info][gc,heap     ] GC(759) Humongous regions: 12->12
[2026-06-17T10:02:24.549+0800][21.045s][info][gc,metaspace] GC(759) Metaspace: 112K(320K)->112K(320K) NonClass: 105K(192K)->105K(192K) Class: 7K(128K)->7K(128K)
[2026-06-17T10:02:24.549+0800][21.046s][info][gc          ] GC(759) Pause Young (Mixed) (G1 Evacuation Pause) 54M->46M(64M) 2.685ms
[2026-06-17T10:02:24.549+0800][21.046s][info][gc,cpu      ] GC(759) User=0.00s Sys=0.00s Real=0.00s
[2026-06-17T10:02:24.580+0800][21.077s][info][gc,start    ] GC(760) Pause Young (Concurrent Start) (G1 Evacuation Pause)
[2026-06-17T10:02:24.580+0800][21.077s][info][gc,task     ] GC(760) Using 2 workers of 18 for evacuation
[2026-06-17T10:02:24.582+0800][21.079s][info][gc,phases   ] GC(760)   Pre Evacuate Collection Set: 0.17ms
[2026-06-17T10:02:24.582+0800][21.079s][info][gc,phases   ] GC(760)   Merge Heap Roots: 0.06ms
[2026-06-17T10:02:24.583+0800][21.079s][info][gc,phases   ] GC(760)   Evacuate Collection Set: 0.30ms
[2026-06-17T10:02:24.583+0800][21.080s][info][gc,phases   ] GC(760)   Post Evacuate Collection Set: 0.22ms
[2026-06-17T10:02:24.583+0800][21.080s][info][gc,phases   ] GC(760)   Other: 0.43ms
[2026-06-17T10:02:24.583+0800][21.080s][info][gc,heap     ] GC(760) Eden regions: 9->0(7)
[2026-06-17T10:02:24.583+0800][21.080s][info][gc,heap     ] GC(760) Survivor regions: 1->2(2)
[2026-06-17T10:02:24.583+0800][21.080s][info][gc,heap     ] GC(760) Old regions: 34->36
[2026-06-17T10:02:24.584+0800][21.080s][info][gc,heap     ] GC(760) Humongous regions: 12->12
[2026-06-17T10:02:24.584+0800][21.081s][info][gc,metaspace] GC(760) Metaspace: 112K(320K)->112K(320K) NonClass: 105K(192K)->105K(192K) Class: 7K(128K)->7K(128K)
[2026-06-17T10:02:24.584+0800][21.081s][info][gc          ] GC(760) Pause Young (Concurrent Start) (G1 Evacuation Pause) 55M->49M(64M) 3.874ms
[2026-06-17T10:02:24.584+0800][21.081s][info][gc,cpu      ] GC(760) User=0.00s Sys=0.00s Real=0.01s
[2026-06-17T10:02:24.584+0800][21.081s][info][gc          ] GC(761) Concurrent Mark Cycle
[2026-06-17T10:02:24.584+0800][21.081s][info][gc,marking  ] GC(761) Concurrent Scan Root Regions
[2026-06-17T10:02:24.585+0800][21.081s][info][gc,marking  ] GC(761) Concurrent Scan Root Regions 0.189ms
[2026-06-17T10:02:24.585+0800][21.081s][info][gc,marking  ] GC(761) Concurrent Mark
[2026-06-17T10:02:24.585+0800][21.082s][info][gc,marking  ] GC(761) Concurrent Mark From Roots
[2026-06-17T10:02:24.585+0800][21.082s][info][gc,task     ] GC(761) Using 5 workers of 5 for marking
[2026-06-17T10:02:24.586+0800][21.083s][info][gc,marking  ] GC(761) Concurrent Mark From Roots 1.493ms
[2026-06-17T10:02:24.586+0800][21.083s][info][gc,marking  ] GC(761) Concurrent Preclean
[2026-06-17T10:02:24.586+0800][21.083s][info][gc,marking  ] GC(761) Concurrent Preclean 0.084ms
[2026-06-17T10:02:24.587+0800][21.083s][info][gc,start    ] GC(761) Pause Remark
[2026-06-17T10:02:24.587+0800][21.084s][info][gc          ] GC(761) Pause Remark 53M->41M(64M) 0.447ms
[2026-06-17T10:02:24.587+0800][21.084s][info][gc,cpu      ] GC(761) User=0.00s Sys=0.00s Real=0.00s
[2026-06-17T10:02:24.587+0800][21.084s][info][gc,marking  ] GC(761) Concurrent Mark 2.690ms
[2026-06-17T10:02:24.587+0800][21.084s][info][gc,marking  ] GC(761) Concurrent Rebuild Remembered Sets and Scrub Regions
[2026-06-17T10:02:24.588+0800][21.085s][info][gc,marking  ] GC(761) Concurrent Rebuild Remembered Sets and Scrub Regions 0.389ms
[2026-06-17T10:02:24.588+0800][21.085s][info][gc,start    ] GC(761) Pause Cleanup
[2026-06-17T10:02:24.588+0800][21.085s][info][gc          ] GC(761) Pause Cleanup 41M->41M(64M) 0.161ms
[2026-06-17T10:02:24.588+0800][21.085s][info][gc,cpu      ] GC(761) User=0.00s Sys=0.00s Real=0.00s
[2026-06-17T10:02:24.588+0800][21.085s][info][gc,marking  ] GC(761) Concurrent Clear Claimed Marks
[2026-06-17T10:02:24.589+0800][21.085s][info][gc,marking  ] GC(761) Concurrent Clear Claimed Marks 0.147ms
[2026-06-17T10:02:24.589+0800][21.086s][info][gc,marking  ] GC(761) Concurrent Cleanup for Next Mark
[2026-06-17T10:02:24.589+0800][21.086s][info][gc,marking  ] GC(761) Concurrent Cleanup for Next Mark 0.223ms
[2026-06-17T10:02:24.589+0800][21.086s][info][gc          ] GC(761) Concurrent Mark Cycle 5.026ms
[2026-06-17T10:02:24.595+0800][21.092s][info][gc,start    ] GC(762) Pause Young (Prepare Mixed) (G1 Evacuation Pause)
[2026-06-17T10:02:24.595+0800][21.092s][info][gc,task     ] GC(762) Using 2 workers of 18 for evacuation
[2026-06-17T10:02:24.596+0800][21.093s][info][gc,phases   ] GC(762)   Pre Evacuate Collection Set: 0.10ms
[2026-06-17T10:02:24.596+0800][21.093s][info][gc,phases   ] GC(762)   Merge Heap Roots: 0.04ms
[2026-06-17T10:02:24.596+0800][21.093s][info][gc,phases   ] GC(762)   Evacuate Collection Set: 0.39ms
[2026-06-17T10:02:24.596+0800][21.093s][info][gc,phases   ] GC(762)   Post Evacuate Collection Set: 0.16ms
[2026-06-17T10:02:24.596+0800][21.093s][info][gc,phases   ] GC(762)   Other: 0.13ms
[2026-06-17T10:02:24.597+0800][21.093s][info][gc,heap     ] GC(762) Eden regions: 7->0(10)
[2026-06-17T10:02:24.597+0800][21.094s][info][gc,heap     ] GC(762) Survivor regions: 2->2(2)
[2026-06-17T10:02:24.597+0800][21.094s][info][gc,heap     ] GC(762) Old regions: 24->28
[2026-06-17T10:02:24.597+0800][21.094s][info][gc,heap     ] GC(762) Humongous regions: 12->12
[2026-06-17T10:02:24.597+0800][21.094s][info][gc,metaspace] GC(762) Metaspace: 112K(320K)->112K(320K) NonClass: 105K(192K)->105K(192K) Class: 7K(128K)->7K(128K)
[2026-06-17T10:02:24.597+0800][21.094s][info][gc          ] GC(762) Pause Young (Prepare Mixed) (G1 Evacuation Pause) 44M->41M(64M) 2.187ms
[2026-06-17T10:02:24.597+0800][21.094s][info][gc,cpu      ] GC(762) User=0.00s Sys=0.00s Real=0.00s
[2026-06-17T10:02:24.628+0800][21.125s][info][gc,start    ] GC(763) Pause Young (Mixed) (G1 Evacuation Pause)
[2026-06-17T10:02:24.629+0800][21.126s][info][gc,task     ] GC(763) Using 2 workers of 18 for evacuation
[2026-06-17T10:02:24.630+0800][21.127s][info][gc,phases   ] GC(763)   Pre Evacuate Collection Set: 0.15ms
[2026-06-17T10:02:24.630+0800][21.127s][info][gc,phases   ] GC(763)   Merge Heap Roots: 0.06ms
[2026-06-17T10:02:24.631+0800][21.128s][info][gc,phases   ] GC(763)   Evacuate Collection Set: 0.42ms
[2026-06-17T10:02:24.631+0800][21.128s][info][gc,phases   ] GC(763)   Post Evacuate Collection Set: 0.23ms
[2026-06-17T10:02:24.632+0800][21.128s][info][gc,phases   ] GC(763)   Other: 0.28ms
[2026-06-17T10:02:24.632+0800][21.129s][info][gc,heap     ] GC(763) Eden regions: 10->0(12)
[2026-06-17T10:02:24.632+0800][21.129s][info][gc,heap     ] GC(763) Survivor regions: 2->2(2)
[2026-06-17T10:02:24.632+0800][21.129s][info][gc,heap     ] GC(763) Old regions: 28->25
[2026-06-17T10:02:24.632+0800][21.129s][info][gc,heap     ] GC(763) Humongous regions: 12->12
[2026-06-17T10:02:24.632+0800][21.129s][info][gc,metaspace] GC(763) Metaspace: 112K(320K)->112K(320K) NonClass: 105K(192K)->105K(192K) Class: 7K(128K)->7K(128K)
[2026-06-17T10:02:24.633+0800][21.129s][info][gc          ] GC(763) Pause Young (Mixed) (G1 Evacuation Pause) 51M->38M(64M) 4.146ms
[2026-06-17T10:02:24.633+0800][21.130s][info][gc,cpu      ] GC(763) User=0.00s Sys=0.00s Real=0.01s
[2026-06-17T10:02:24.664+0800][21.161s][info][gc,start    ] GC(764) Pause Young (Mixed) (G1 Evacuation Pause)
[2026-06-17T10:02:24.665+0800][21.162s][info][gc,task     ] GC(764) Using 2 workers of 18 for evacuation
[2026-06-17T10:02:24.666+0800][21.163s][info][gc,phases   ] GC(764)   Pre Evacuate Collection Set: 0.15ms
[2026-06-17T10:02:24.666+0800][21.163s][info][gc,phases   ] GC(764)   Merge Heap Roots: 0.06ms
[2026-06-17T10:02:24.666+0800][21.163s][info][gc,phases   ] GC(764)   Evacuate Collection Set: 0.39ms
[2026-06-17T10:02:24.667+0800][21.163s][info][gc,phases   ] GC(764)   Post Evacuate Collection Set: 0.23ms
[2026-06-17T10:02:24.667+0800][21.164s][info][gc,phases   ] GC(764)   Other: 0.31ms
[2026-06-17T10:02:24.667+0800][21.164s][info][gc,heap     ] GC(764) Eden regions: 12->0(12)
[2026-06-17T10:02:24.667+0800][21.164s][info][gc,heap     ] GC(764) Survivor regions: 2->2(2)
[2026-06-17T10:02:24.668+0800][21.164s][info][gc,heap     ] GC(764) Old regions: 25->26
[2026-06-17T10:02:24.668+0800][21.165s][info][gc,heap     ] GC(764) Humongous regions: 12->12
[2026-06-17T10:02:24.668+0800][21.165s][info][gc,metaspace] GC(764) Metaspace: 112K(320K)->112K(320K) NonClass: 105K(192K)->105K(192K) Class: 7K(128K)->7K(128K)
[2026-06-17T10:02:24.668+0800][21.165s][info][gc          ] GC(764) Pause Young (Mixed) (G1 Evacuation Pause) 50M->39M(64M) 3.760ms
[2026-06-17T10:02:24.668+0800][21.165s][info][gc,cpu      ] GC(764) User=0.00s Sys=0.00s Real=0.00s
[2026-06-17T10:02:24.700+0800][21.197s][info][gc,start    ] GC(765) Pause Young (Normal) (G1 Evacuation Pause)
[2026-06-17T10:02:24.702+0800][21.199s][info][gc,task     ] GC(765) Using 2 workers of 18 for evacuation
[2026-06-17T10:02:24.705+0800][21.202s][info][gc,phases   ] GC(765)   Pre Evacuate Collection Set: 0.19ms
[2026-06-17T10:02:24.706+0800][21.203s][info][gc,phases   ] GC(765)   Merge Heap Roots: 0.06ms
[2026-06-17T10:02:24.708+0800][21.205s][info][gc,phases   ] GC(765)   Evacuate Collection Set: 0.39ms
[2026-06-17T10:02:24.710+0800][21.207s][info][gc,phases   ] GC(765)   Post Evacuate Collection Set: 0.31ms
[2026-06-17T10:02:24.711+0800][21.208s][info][gc,phases   ] GC(765)   Other: 2.22ms
[2026-06-17T10:02:24.712+0800][21.208s][info][gc,heap     ] GC(765) Eden regions: 12->0(11)
[2026-06-17T10:02:24.712+0800][21.209s][info][gc,heap     ] GC(765) Survivor regions: 2->2(2)
[2026-06-17T10:02:24.715+0800][21.211s][info][gc,heap     ] GC(765) Old regions: 26->29
[2026-06-17T10:02:24.716+0800][21.213s][info][gc,heap     ] GC(765) Humongous regions: 12->12
[2026-06-17T10:02:24.717+0800][21.214s][info][gc,metaspace] GC(765) Metaspace: 112K(320K)->112K(320K) NonClass: 105K(192K)->105K(192K) Class: 7K(128K)->7K(128K)
[2026-06-17T10:02:24.719+0800][21.215s][info][gc          ] GC(765) Pause Young (Normal) (G1 Evacuation Pause) 51M->42M(64M) 18.739ms
[2026-06-17T10:02:24.721+0800][21.217s][info][gc,cpu      ] GC(765) User=0.00s Sys=0.00s Real=0.02s
[2026-06-17T10:02:24.732+0800][21.229s][info][gc,start    ] GC(766) Pause Young (Concurrent Start) (G1 Humongous Allocation)
[2026-06-17T10:02:24.732+0800][21.229s][info][gc,task     ] GC(766) Using 2 workers of 18 for evacuation
[2026-06-17T10:02:24.733+0800][21.230s][info][gc,phases   ] GC(766)   Pre Evacuate Collection Set: 0.15ms
[2026-06-17T10:02:24.734+0800][21.231s][info][gc,phases   ] GC(766)   Merge Heap Roots: 0.05ms
[2026-06-17T10:02:24.734+0800][21.231s][info][gc,phases   ] GC(766)   Evacuate Collection Set: 0.18ms
[2026-06-17T10:02:24.735+0800][21.232s][info][gc,phases   ] GC(766)   Post Evacuate Collection Set: 0.22ms
[2026-06-17T10:02:24.735+0800][21.232s][info][gc,phases   ] GC(766)   Other: 0.29ms
[2026-06-17T10:02:24.735+0800][21.232s][info][gc,heap     ] GC(766) Eden regions: 6->0(13)
[2026-06-17T10:02:24.735+0800][21.232s][info][gc,heap     ] GC(766) Survivor regions: 2->0(2)
[2026-06-17T10:02:24.736+0800][21.233s][info][gc,heap     ] GC(766) Old regions: 29->30
[2026-06-17T10:02:24.736+0800][21.233s][info][gc,heap     ] GC(766) Humongous regions: 12->12
[2026-06-17T10:02:24.736+0800][21.233s][info][gc,metaspace] GC(766) Metaspace: 112K(320K)->112K(320K) NonClass: 105K(192K)->105K(192K) Class: 7K(128K)->7K(128K)
[2026-06-17T10:02:24.737+0800][21.233s][info][gc          ] GC(766) Pause Young (Concurrent Start) (G1 Humongous Allocation) 48M->41M(64M) 4.625ms
[2026-06-17T10:02:24.737+0800][21.234s][info][gc,cpu      ] GC(766) User=0.01s Sys=0.00s Real=0.00s
[2026-06-17T10:02:24.737+0800][21.234s][info][gc          ] GC(767) Concurrent Mark Cycle
[2026-06-17T10:02:24.738+0800][21.235s][info][gc,marking  ] GC(767) Concurrent Scan Root Regions
[2026-06-17T10:02:24.738+0800][21.235s][info][gc,marking  ] GC(767) Concurrent Scan Root Regions 0.244ms
[2026-06-17T10:02:24.738+0800][21.235s][info][gc,marking  ] GC(767) Concurrent Mark
[2026-06-17T10:02:24.739+0800][21.236s][info][gc,marking  ] GC(767) Concurrent Mark From Roots
[2026-06-17T10:02:24.739+0800][21.236s][info][gc,task     ] GC(767) Using 5 workers of 5 for marking
[2026-06-17T10:02:24.740+0800][21.237s][info][gc,marking  ] GC(767) Concurrent Mark From Roots 1.674ms
[2026-06-17T10:02:24.741+0800][21.238s][info][gc,marking  ] GC(767) Concurrent Preclean
[2026-06-17T10:02:24.742+0800][21.239s][info][gc,marking  ] GC(767) Concurrent Preclean 0.812ms
[2026-06-17T10:02:24.743+0800][21.239s][info][gc,start    ] GC(767) Pause Remark
[2026-06-17T10:02:24.745+0800][21.242s][info][gc          ] GC(767) Pause Remark 43M->36M(64M) 2.443ms
[2026-06-17T10:02:24.747+0800][21.244s][info][gc,cpu      ] GC(767) User=0.00s Sys=0.01s Real=0.00s
[2026-06-17T10:02:24.749+0800][21.246s][info][gc,marking  ] GC(767) Concurrent Mark 10.286ms
[2026-06-17T10:02:24.751+0800][21.247s][info][gc,marking  ] GC(767) Concurrent Rebuild Remembered Sets and Scrub Regions
[2026-06-17T10:02:24.753+0800][21.250s][info][gc,marking  ] GC(767) Concurrent Rebuild Remembered Sets and Scrub Regions 2.864ms
[2026-06-17T10:02:24.754+0800][21.251s][info][gc,start    ] GC(767) Pause Cleanup
[2026-06-17T10:02:24.754+0800][21.251s][info][gc          ] GC(767) Pause Cleanup 41M->41M(64M) 0.322ms
[2026-06-17T10:02:24.754+0800][21.251s][info][gc,cpu      ] GC(767) User=0.00s Sys=0.00s Real=0.00s
[2026-06-17T10:02:24.755+0800][21.251s][info][gc,marking  ] GC(767) Concurrent Clear Claimed Marks
[2026-06-17T10:02:24.755+0800][21.252s][info][gc,marking  ] GC(767) Concurrent Clear Claimed Marks 0.128ms
[2026-06-17T10:02:24.755+0800][21.252s][info][gc,marking  ] GC(767) Concurrent Cleanup for Next Mark
[2026-06-17T10:02:24.755+0800][21.252s][info][gc,marking  ] GC(767) Concurrent Cleanup for Next Mark 0.163ms
[2026-06-17T10:02:24.755+0800][21.252s][info][gc          ] GC(767) Concurrent Mark Cycle 18.194ms
[2026-06-17T10:02:24.780+0800][21.277s][info][gc,start    ] GC(768) Pause Young (Prepare Mixed) (G1 Evacuation Pause)
[2026-06-17T10:02:24.780+0800][21.277s][info][gc,task     ] GC(768) Using 2 workers of 18 for evacuation
[2026-06-17T10:02:24.781+0800][21.278s][info][gc,phases   ] GC(768)   Pre Evacuate Collection Set: 0.16ms
[2026-06-17T10:02:24.782+0800][21.279s][info][gc,phases   ] GC(768)   Merge Heap Roots: 0.06ms
[2026-06-17T10:02:24.782+0800][21.279s][info][gc,phases   ] GC(768)   Evacuate Collection Set: 0.27ms
[2026-06-17T10:02:24.782+0800][21.279s][info][gc,phases   ] GC(768)   Post Evacuate Collection Set: 0.27ms
[2026-06-17T10:02:24.782+0800][21.279s][info][gc,phases   ] GC(768)   Other: 0.32ms
[2026-06-17T10:02:24.783+0800][21.280s][info][gc,heap     ] GC(768) Eden regions: 13->0(14)
[2026-06-17T10:02:24.783+0800][21.280s][info][gc,heap     ] GC(768) Survivor regions: 0->2(2)
[2026-06-17T10:02:24.783+0800][21.280s][info][gc,heap     ] GC(768) Old regions: 23->24
[2026-06-17T10:02:24.783+0800][21.280s][info][gc,heap     ] GC(768) Humongous regions: 14->14
[2026-06-17T10:02:24.784+0800][21.280s][info][gc,metaspace] GC(768) Metaspace: 112K(320K)->112K(320K) NonClass: 105K(192K)->105K(192K) Class: 7K(128K)->7K(128K)
[2026-06-17T10:02:24.784+0800][21.281s][info][gc          ] GC(768) Pause Young (Prepare Mixed) (G1 Evacuation Pause) 49M->39M(64M) 3.797ms
[2026-06-17T10:02:24.784+0800][21.281s][info][gc,cpu      ] GC(768) User=0.00s Sys=0.00s Real=0.01s
[2026-06-17T10:02:24.816+0800][21.312s][info][gc,start    ] GC(769) Pause Young (Mixed) (G1 Evacuation Pause)
[2026-06-17T10:02:24.816+0800][21.313s][info][gc,task     ] GC(769) Using 2 workers of 18 for evacuation
[2026-06-17T10:02:24.818+0800][21.314s][info][gc,phases   ] GC(769)   Pre Evacuate Collection Set: 0.16ms
[2026-06-17T10:02:24.818+0800][21.315s][info][gc,phases   ] GC(769)   Merge Heap Roots: 0.08ms
[2026-06-17T10:02:24.818+0800][21.315s][info][gc,phases   ] GC(769)   Evacuate Collection Set: 0.64ms
[2026-06-17T10:02:24.818+0800][21.315s][info][gc,phases   ] GC(769)   Post Evacuate Collection Set: 0.26ms
[2026-06-17T10:02:24.819+0800][21.316s][info][gc,phases   ] GC(769)   Other: 0.36ms
[2026-06-17T10:02:24.819+0800][21.316s][info][gc,heap     ] GC(769) Eden regions: 14->0(14)
[2026-06-17T10:02:24.820+0800][21.317s][info][gc,heap     ] GC(769) Survivor regions: 2->2(2)
[2026-06-17T10:02:24.820+0800][21.317s][info][gc,heap     ] GC(769) Old regions: 24->23
[2026-06-17T10:02:24.821+0800][21.318s][info][gc,heap     ] GC(769) Humongous regions: 14->14
[2026-06-17T10:02:24.821+0800][21.318s][info][gc,metaspace] GC(769) Metaspace: 112K(320K)->112K(320K) NonClass: 105K(192K)->105K(192K) Class: 7K(128K)->7K(128K)
[2026-06-17T10:02:24.822+0800][21.318s][info][gc          ] GC(769) Pause Young (Mixed) (G1 Evacuation Pause) 53M->38M(64M) 6.031ms
[2026-06-17T10:02:24.822+0800][21.319s][info][gc,cpu      ] GC(769) User=0.01s Sys=0.00s Real=0.00s
[2026-06-17T10:02:24.854+0800][21.351s][info][gc,start    ] GC(770) Pause Young (Mixed) (G1 Evacuation Pause)
[2026-06-17T10:02:24.855+0800][21.352s][info][gc,task     ] GC(770) Using 2 workers of 18 for evacuation
[2026-06-17T10:02:24.857+0800][21.354s][info][gc,phases   ] GC(770)   Pre Evacuate Collection Set: 0.19ms
[2026-06-17T10:02:24.857+0800][21.354s][info][gc,phases   ] GC(770)   Merge Heap Roots: 0.08ms
[2026-06-17T10:02:24.858+0800][21.355s][info][gc,phases   ] GC(770)   Evacuate Collection Set: 0.55ms
[2026-06-17T10:02:24.858+0800][21.355s][info][gc,phases   ] GC(770)   Post Evacuate Collection Set: 0.45ms
[2026-06-17T10:02:24.858+0800][21.355s][info][gc,phases   ] GC(770)   Other: 0.83ms
[2026-06-17T10:02:24.859+0800][21.356s][info][gc,heap     ] GC(770) Eden regions: 14->0(13)
[2026-06-17T10:02:24.859+0800][21.356s][info][gc,heap     ] GC(770) Survivor regions: 2->2(2)
[2026-06-17T10:02:24.859+0800][21.356s][info][gc,heap     ] GC(770) Old regions: 23->24
[2026-06-17T10:02:24.859+0800][21.356s][info][gc,heap     ] GC(770) Humongous regions: 14->14
[2026-06-17T10:02:24.859+0800][21.356s][info][gc,metaspace] GC(770) Metaspace: 112K(320K)->112K(320K) NonClass: 105K(192K)->105K(192K) Class: 7K(128K)->7K(128K)
[2026-06-17T10:02:24.860+0800][21.356s][info][gc          ] GC(770) Pause Young (Mixed) (G1 Evacuation Pause) 52M->39M(64M) 5.605ms
[2026-06-17T10:02:24.860+0800][21.357s][info][gc,cpu      ] GC(770) User=0.00s Sys=0.00s Real=0.00s
[2026-06-17T10:02:24.902+0800][21.398s][info][gc,start    ] GC(771) Pause Young (Concurrent Start) (G1 Evacuation Pause)
[2026-06-17T10:02:24.902+0800][21.399s][info][gc,task     ] GC(771) Using 2 workers of 18 for evacuation
[2026-06-17T10:02:24.904+0800][21.400s][info][gc,phases   ] GC(771)   Pre Evacuate Collection Set: 0.19ms
[2026-06-17T10:02:24.904+0800][21.401s][info][gc,phases   ] GC(771)   Merge Heap Roots: 0.05ms
[2026-06-17T10:02:24.904+0800][21.401s][info][gc,phases   ] GC(771)   Evacuate Collection Set: 0.42ms
[2026-06-17T10:02:24.904+0800][21.401s][info][gc,phases   ] GC(771)   Post Evacuate Collection Set: 0.34ms
[2026-06-17T10:02:24.904+0800][21.401s][info][gc,phases   ] GC(771)   Other: 0.41ms
[2026-06-17T10:02:24.905+0800][21.401s][info][gc,heap     ] GC(771) Eden regions: 13->0(11)
[2026-06-17T10:02:24.905+0800][21.402s][info][gc,heap     ] GC(771) Survivor regions: 2->2(2)
[2026-06-17T10:02:24.905+0800][21.402s][info][gc,heap     ] GC(771) Old regions: 24->27
[2026-06-17T10:02:24.905+0800][21.402s][info][gc,heap     ] GC(771) Humongous regions: 14->14
[2026-06-17T10:02:24.905+0800][21.402s][info][gc,metaspace] GC(771) Metaspace: 112K(320K)->112K(320K) NonClass: 105K(192K)->105K(192K) Class: 7K(128K)->7K(128K)
[2026-06-17T10:02:24.905+0800][21.402s][info][gc          ] GC(771) Pause Young (Concurrent Start) (G1 Evacuation Pause) 52M->42M(64M) 3.516ms
[2026-06-17T10:02:24.905+0800][21.402s][info][gc,cpu      ] GC(771) User=0.00s Sys=0.00s Real=0.01s
[2026-06-17T10:02:24.905+0800][21.402s][info][gc          ] GC(772) Concurrent Mark Cycle
[2026-06-17T10:02:24.906+0800][21.403s][info][gc,marking  ] GC(772) Concurrent Scan Root Regions
[2026-06-17T10:02:24.906+0800][21.403s][info][gc,marking  ] GC(772) Concurrent Scan Root Regions 0.210ms
[2026-06-17T10:02:24.906+0800][21.403s][info][gc,marking  ] GC(772) Concurrent Mark
[2026-06-17T10:02:24.906+0800][21.403s][info][gc,marking  ] GC(772) Concurrent Mark From Roots
[2026-06-17T10:02:24.906+0800][21.403s][info][gc,task     ] GC(772) Using 5 workers of 5 for marking
[2026-06-17T10:02:24.908+0800][21.405s][info][gc,marking  ] GC(772) Concurrent Mark From Roots 1.530ms
[2026-06-17T10:02:24.908+0800][21.405s][info][gc,marking  ] GC(772) Concurrent Preclean
[2026-06-17T10:02:24.908+0800][21.405s][info][gc,marking  ] GC(772) Concurrent Preclean 0.095ms
[2026-06-17T10:02:24.908+0800][21.405s][info][gc,start    ] GC(772) Pause Remark
[2026-06-17T10:02:24.908+0800][21.405s][info][gc          ] GC(772) Pause Remark 45M->39M(64M) 0.411ms
[2026-06-17T10:02:24.909+0800][21.405s][info][gc,cpu      ] GC(772) User=0.00s Sys=0.00s Real=0.00s
[2026-06-17T10:02:24.909+0800][21.405s][info][gc,marking  ] GC(772) Concurrent Mark 2.599ms
[2026-06-17T10:02:24.909+0800][21.406s][info][gc,marking  ] GC(772) Concurrent Rebuild Remembered Sets and Scrub Regions
[2026-06-17T10:02:24.909+0800][21.406s][info][gc,marking  ] GC(772) Concurrent Rebuild Remembered Sets and Scrub Regions 0.442ms
[2026-06-17T10:02:24.909+0800][21.406s][info][gc,start    ] GC(772) Pause Cleanup
[2026-06-17T10:02:24.910+0800][21.406s][info][gc          ] GC(772) Pause Cleanup 39M->39M(64M) 0.267ms
[2026-06-17T10:02:24.910+0800][21.407s][info][gc,cpu      ] GC(772) User=0.00s Sys=0.00s Real=0.00s
[2026-06-17T10:02:24.910+0800][21.407s][info][gc,marking  ] GC(772) Concurrent Clear Claimed Marks
[2026-06-17T10:02:24.910+0800][21.407s][info][gc,marking  ] GC(772) Concurrent Clear Claimed Marks 0.101ms
[2026-06-17T10:02:24.910+0800][21.407s][info][gc,marking  ] GC(772) Concurrent Cleanup for Next Mark
[2026-06-17T10:02:24.910+0800][21.407s][info][gc,marking  ] GC(772) Concurrent Cleanup for Next Mark 0.150ms
[2026-06-17T10:02:24.910+0800][21.407s][info][gc          ] GC(772) Concurrent Mark Cycle 5.116ms
[2026-06-17T10:02:24.927+0800][21.423s][info][gc,start    ] GC(773) Pause Young (Prepare Mixed) (G1 Evacuation Pause)
[2026-06-17T10:02:24.927+0800][21.424s][info][gc,task     ] GC(773) Using 2 workers of 18 for evacuation
[2026-06-17T10:02:24.928+0800][21.425s][info][gc,phases   ] GC(773)   Pre Evacuate Collection Set: 0.15ms
[2026-06-17T10:02:24.928+0800][21.425s][info][gc,phases   ] GC(773)   Merge Heap Roots: 0.10ms
[2026-06-17T10:02:24.929+0800][21.425s][info][gc,phases   ] GC(773)   Evacuate Collection Set: 0.26ms
[2026-06-17T10:02:24.929+0800][21.426s][info][gc,phases   ] GC(773)   Post Evacuate Collection Set: 0.18ms
[2026-06-17T10:02:24.929+0800][21.426s][info][gc,phases   ] GC(773)   Other: 0.29ms
[2026-06-17T10:02:24.929+0800][21.426s][info][gc,heap     ] GC(773) Eden regions: 11->0(16)
[2026-06-17T10:02:24.929+0800][21.426s][info][gc,heap     ] GC(773) Survivor regions: 2->1(2)
[2026-06-17T10:02:24.929+0800][21.426s][info][gc,heap     ] GC(773) Old regions: 21->22
[2026-06-17T10:02:24.930+0800][21.426s][info][gc,heap     ] GC(773) Humongous regions: 14->14
[2026-06-17T10:02:24.930+0800][21.427s][info][gc,metaspace] GC(773) Metaspace: 112K(320K)->112K(320K) NonClass: 105K(192K)->105K(192K) Class: 7K(128K)->7K(128K)
[2026-06-17T10:02:24.930+0800][21.427s][info][gc          ] GC(773) Pause Young (Prepare Mixed) (G1 Evacuation Pause) 47M->36M(64M) 3.345ms
[2026-06-17T10:02:24.930+0800][21.427s][info][gc,cpu      ] GC(773) User=0.00s Sys=0.00s Real=0.00s
[2026-06-17T10:02:24.972+0800][21.469s][info][gc,start    ] GC(774) Pause Young (Mixed) (G1 Evacuation Pause)
[2026-06-17T10:02:24.973+0800][21.470s][info][gc,task     ] GC(774) Using 2 workers of 18 for evacuation
[2026-06-17T10:02:24.975+0800][21.472s][info][gc,phases   ] GC(774)   Pre Evacuate Collection Set: 0.16ms
[2026-06-17T10:02:24.975+0800][21.472s][info][gc,phases   ] GC(774)   Merge Heap Roots: 0.06ms
[2026-06-17T10:02:24.975+0800][21.472s][info][gc,phases   ] GC(774)   Evacuate Collection Set: 0.66ms
[2026-06-17T10:02:24.976+0800][21.473s][info][gc,phases   ] GC(774)   Post Evacuate Collection Set: 0.25ms
[2026-06-17T10:02:24.976+0800][21.473s][info][gc,phases   ] GC(774)   Other: 0.69ms
[2026-06-17T10:02:24.976+0800][21.473s][info][gc,heap     ] GC(774) Eden regions: 16->0(13)
[2026-06-17T10:02:24.977+0800][21.474s][info][gc,heap     ] GC(774) Survivor regions: 1->3(3)
[2026-06-17T10:02:24.977+0800][21.474s][info][gc,heap     ] GC(774) Old regions: 22->21
[2026-06-17T10:02:24.977+0800][21.474s][info][gc,heap     ] GC(774) Humongous regions: 16->16
[2026-06-17T10:02:24.977+0800][21.474s][info][gc,metaspace] GC(774) Metaspace: 112K(320K)->112K(320K) NonClass: 105K(192K)->105K(192K) Class: 7K(128K)->7K(128K)
[2026-06-17T10:02:24.978+0800][21.474s][info][gc          ] GC(774) Pause Young (Mixed) (G1 Evacuation Pause) 54M->39M(64M) 5.384ms
[2026-06-17T10:02:24.978+0800][21.475s][info][gc,cpu      ] GC(774) User=0.00s Sys=0.00s Real=0.00s
[2026-06-17T10:02:25.009+0800][21.506s][info][gc,start    ] GC(775) Pause Young (Mixed) (G1 Evacuation Pause)
[2026-06-17T10:02:25.010+0800][21.507s][info][gc,task     ] GC(775) Using 2 workers of 18 for evacuation
[2026-06-17T10:02:25.012+0800][21.509s][info][gc,phases   ] GC(775)   Pre Evacuate Collection Set: 0.17ms
[2026-06-17T10:02:25.013+0800][21.509s][info][gc,phases   ] GC(775)   Merge Heap Roots: 0.05ms
[2026-06-17T10:02:25.013+0800][21.510s][info][gc,phases   ] GC(775)   Evacuate Collection Set: 0.64ms
[2026-06-17T10:02:25.013+0800][21.510s][info][gc,phases   ] GC(775)   Post Evacuate Collection Set: 0.94ms
[2026-06-17T10:02:25.014+0800][21.510s][info][gc,phases   ] GC(775)   Other: 0.32ms
[2026-06-17T10:02:25.014+0800][21.511s][info][gc,heap     ] GC(775) Eden regions: 13->0(9)
[2026-06-17T10:02:25.015+0800][21.511s][info][gc,heap     ] GC(775) Survivor regions: 3->2(2)
[2026-06-17T10:02:25.015+0800][21.512s][info][gc,heap     ] GC(775) Old regions: 21->26
[2026-06-17T10:02:25.016+0800][21.513s][info][gc,heap     ] GC(775) Humongous regions: 16->16
[2026-06-17T10:02:25.016+0800][21.513s][info][gc,metaspace] GC(775) Metaspace: 112K(320K)->112K(320K) NonClass: 105K(192K)->105K(192K) Class: 7K(128K)->7K(128K)
[2026-06-17T10:02:25.017+0800][21.513s][info][gc          ] GC(775) Pause Young (Mixed) (G1 Evacuation Pause) 52M->43M(64M) 7.265ms
[2026-06-17T10:02:25.017+0800][21.514s][info][gc,cpu      ] GC(775) User=0.00s Sys=0.01s Real=0.01s
[2026-06-17T10:02:25.038+0800][21.535s][info][gc,start    ] GC(776) Pause Young (Concurrent Start) (G1 Evacuation Pause)
[2026-06-17T10:02:25.039+0800][21.536s][info][gc,task     ] GC(776) Using 2 workers of 18 for evacuation
[2026-06-17T10:02:25.040+0800][21.537s][info][gc,phases   ] GC(776)   Pre Evacuate Collection Set: 0.25ms
[2026-06-17T10:02:25.041+0800][21.538s][info][gc,phases   ] GC(776)   Merge Heap Roots: 0.03ms
[2026-06-17T10:02:25.042+0800][21.538s][info][gc,phases   ] GC(776)   Evacuate Collection Set: 0.25ms
[2026-06-17T10:02:25.042+0800][21.539s][info][gc,phases   ] GC(776)   Post Evacuate Collection Set: 0.38ms
[2026-06-17T10:02:25.042+0800][21.539s][info][gc,phases   ] GC(776)   Other: 0.45ms
[2026-06-17T10:02:25.043+0800][21.540s][info][gc,heap     ] GC(776) Eden regions: 9->0(10)
[2026-06-17T10:02:25.043+0800][21.540s][info][gc,heap     ] GC(776) Survivor regions: 2->2(2)
[2026-06-17T10:02:25.044+0800][21.540s][info][gc,heap     ] GC(776) Old regions: 26->27
[2026-06-17T10:02:25.044+0800][21.541s][info][gc,heap     ] GC(776) Humongous regions: 16->16
[2026-06-17T10:02:25.045+0800][21.541s][info][gc,metaspace] GC(776) Metaspace: 112K(320K)->112K(320K) NonClass: 105K(192K)->105K(192K) Class: 7K(128K)->7K(128K)
[2026-06-17T10:02:25.045+0800][21.542s][info][gc          ] GC(776) Pause Young (Concurrent Start) (G1 Evacuation Pause) 52M->44M(64M) 6.497ms
[2026-06-17T10:02:25.045+0800][21.542s][info][gc,cpu      ] GC(776) User=0.00s Sys=0.00s Real=0.01s
[2026-06-17T10:02:25.045+0800][21.542s][info][gc          ] GC(777) Concurrent Mark Cycle
[2026-06-17T10:02:25.046+0800][21.543s][info][gc,marking  ] GC(777) Concurrent Scan Root Regions
[2026-06-17T10:02:25.047+0800][21.544s][info][gc,marking  ] GC(777) Concurrent Scan Root Regions 0.449ms
[2026-06-17T10:02:25.047+0800][21.544s][info][gc,marking  ] GC(777) Concurrent Mark
[2026-06-17T10:02:25.048+0800][21.544s][info][gc,marking  ] GC(777) Concurrent Mark From Roots
[2026-06-17T10:02:25.048+0800][21.545s][info][gc,task     ] GC(777) Using 5 workers of 5 for marking
[2026-06-17T10:02:25.050+0800][21.547s][info][gc,marking  ] GC(777) Concurrent Mark From Roots 2.172ms
[2026-06-17T10:02:25.050+0800][21.547s][info][gc,marking  ] GC(777) Concurrent Preclean
[2026-06-17T10:02:25.050+0800][21.547s][info][gc,marking  ] GC(777) Concurrent Preclean 0.390ms
[2026-06-17T10:02:25.051+0800][21.548s][info][gc,start    ] GC(777) Pause Remark
[2026-06-17T10:02:25.051+0800][21.548s][info][gc          ] GC(777) Pause Remark 44M->44M(64M) 0.642ms
[2026-06-17T10:02:25.051+0800][21.548s][info][gc,cpu      ] GC(777) User=0.00s Sys=0.00s Real=0.00s
[2026-06-17T10:02:25.052+0800][21.549s][info][gc,marking  ] GC(777) Concurrent Mark 4.616ms
[2026-06-17T10:02:25.052+0800][21.549s][info][gc,marking  ] GC(777) Concurrent Rebuild Remembered Sets and Scrub Regions
[2026-06-17T10:02:25.053+0800][21.550s][info][gc,marking  ] GC(777) Concurrent Rebuild Remembered Sets and Scrub Regions 0.684ms
[2026-06-17T10:02:25.053+0800][21.550s][info][gc,start    ] GC(777) Pause Cleanup
[2026-06-17T10:02:25.054+0800][21.551s][info][gc          ] GC(777) Pause Cleanup 44M->44M(64M) 0.663ms
[2026-06-17T10:02:25.054+0800][21.551s][info][gc,cpu      ] GC(777) User=0.00s Sys=0.00s Real=0.00s
[2026-06-17T10:02:25.055+0800][21.552s][info][gc,marking  ] GC(777) Concurrent Clear Claimed Marks
[2026-06-17T10:02:25.055+0800][21.552s][info][gc,marking  ] GC(777) Concurrent Clear Claimed Marks 0.419ms
[2026-06-17T10:02:25.056+0800][21.552s][info][gc,marking  ] GC(777) Concurrent Cleanup for Next Mark
[2026-06-17T10:02:25.056+0800][21.553s][info][gc,marking  ] GC(777) Concurrent Cleanup for Next Mark 0.428ms
[2026-06-17T10:02:25.056+0800][21.553s][info][gc          ] GC(777) Concurrent Mark Cycle 10.994ms
[2026-06-17T10:02:25.077+0800][21.574s][info][gc,start    ] GC(778) Pause Young (Prepare Mixed) (G1 Evacuation Pause)
[2026-06-17T10:02:25.078+0800][21.575s][info][gc,task     ] GC(778) Using 2 workers of 18 for evacuation
[2026-06-17T10:02:25.079+0800][21.576s][info][gc,phases   ] GC(778)   Pre Evacuate Collection Set: 0.10ms
[2026-06-17T10:02:25.079+0800][21.576s][info][gc,phases   ] GC(778)   Merge Heap Roots: 0.07ms
[2026-06-17T10:02:25.080+0800][21.577s][info][gc,phases   ] GC(778)   Evacuate Collection Set: 0.34ms
[2026-06-17T10:02:25.080+0800][21.577s][info][gc,phases   ] GC(778)   Post Evacuate Collection Set: 0.21ms
[2026-06-17T10:02:25.080+0800][21.577s][info][gc,phases   ] GC(778)   Other: 0.45ms
[2026-06-17T10:02:25.081+0800][21.577s][info][gc,heap     ] GC(778) Eden regions: 10->0(8)
[2026-06-17T10:02:25.081+0800][21.578s][info][gc,heap     ] GC(778) Survivor regions: 2->2(2)
[2026-06-17T10:02:25.081+0800][21.578s][info][gc,heap     ] GC(778) Old regions: 27->30
[2026-06-17T10:02:25.082+0800][21.579s][info][gc,heap     ] GC(778) Humongous regions: 16->16
[2026-06-17T10:02:25.082+0800][21.579s][info][gc,metaspace] GC(778) Metaspace: 112K(320K)->112K(320K) NonClass: 105K(192K)->105K(192K) Class: 7K(128K)->7K(128K)
[2026-06-17T10:02:25.083+0800][21.580s][info][gc          ] GC(778) Pause Young (Prepare Mixed) (G1 Evacuation Pause) 54M->47M(64M) 5.540ms
[2026-06-17T10:02:25.083+0800][21.580s][info][gc,cpu      ] GC(778) User=0.00s Sys=0.00s Real=0.01s
[2026-06-17T10:02:25.105+0800][21.602s][info][gc,start    ] GC(779) Pause Young (Mixed) (G1 Evacuation Pause)
[2026-06-17T10:02:25.105+0800][21.602s][info][gc,task     ] GC(779) Using 2 workers of 18 for evacuation
[2026-06-17T10:02:25.107+0800][21.603s][info][gc,phases   ] GC(779)   Pre Evacuate Collection Set: 0.13ms
[2026-06-17T10:02:25.107+0800][21.604s][info][gc,phases   ] GC(779)   Merge Heap Roots: 0.07ms
[2026-06-17T10:02:25.108+0800][21.604s][info][gc,phases   ] GC(779)   Evacuate Collection Set: 0.57ms
[2026-06-17T10:02:25.108+0800][21.605s][info][gc,phases   ] GC(779)   Post Evacuate Collection Set: 0.20ms
[2026-06-17T10:02:25.108+0800][21.605s][info][gc,phases   ] GC(779)   Other: 0.35ms
[2026-06-17T10:02:25.109+0800][21.606s][info][gc,heap     ] GC(779) Eden regions: 8->0(8)
[2026-06-17T10:02:25.109+0800][21.606s][info][gc,heap     ] GC(779) Survivor regions: 2->2(2)
[2026-06-17T10:02:25.110+0800][21.606s][info][gc,heap     ] GC(779) Old regions: 30->28
[2026-06-17T10:02:25.110+0800][21.607s][info][gc,heap     ] GC(779) Humongous regions: 16->16
[2026-06-17T10:02:25.110+0800][21.607s][info][gc,metaspace] GC(779) Metaspace: 112K(320K)->112K(320K) NonClass: 105K(192K)->105K(192K) Class: 7K(128K)->7K(128K)
[2026-06-17T10:02:25.113+0800][21.610s][info][gc          ] GC(779) Pause Young (Mixed) (G1 Evacuation Pause) 55M->45M(64M) 8.234ms
[2026-06-17T10:02:25.113+0800][21.610s][info][gc,cpu      ] GC(779) User=0.00s Sys=0.00s Real=0.01s
[2026-06-17T10:02:25.135+0800][21.632s][info][gc,start    ] GC(780) Pause Young (Mixed) (G1 Evacuation Pause)
[2026-06-17T10:02:25.135+0800][21.632s][info][gc,task     ] GC(780) Using 2 workers of 18 for evacuation
[2026-06-17T10:02:25.137+0800][21.634s][info][gc,phases   ] GC(780)   Pre Evacuate Collection Set: 0.13ms
[2026-06-17T10:02:25.137+0800][21.634s][info][gc,phases   ] GC(780)   Merge Heap Roots: 0.04ms
[2026-06-17T10:02:25.137+0800][21.634s][info][gc,phases   ] GC(780)   Evacuate Collection Set: 0.40ms
[2026-06-17T10:02:25.138+0800][21.634s][info][gc,phases   ] GC(780)   Post Evacuate Collection Set: 0.23ms
[2026-06-17T10:02:25.138+0800][21.635s][info][gc,phases   ] GC(780)   Other: 0.42ms
[2026-06-17T10:02:25.138+0800][21.635s][info][gc,heap     ] GC(780) Eden regions: 8->0(8)
[2026-06-17T10:02:25.139+0800][21.635s][info][gc,heap     ] GC(780) Survivor regions: 2->2(2)
[2026-06-17T10:02:25.139+0800][21.636s][info][gc,heap     ] GC(780) Old regions: 28->29
[2026-06-17T10:02:25.139+0800][21.636s][info][gc,heap     ] GC(780) Humongous regions: 16->16
[2026-06-17T10:02:25.140+0800][21.637s][info][gc,metaspace] GC(780) Metaspace: 112K(320K)->112K(320K) NonClass: 105K(192K)->105K(192K) Class: 7K(128K)->7K(128K)
[2026-06-17T10:02:25.140+0800][21.637s][info][gc          ] GC(780) Pause Young (Mixed) (G1 Evacuation Pause) 53M->46M(64M) 5.255ms
[2026-06-17T10:02:25.141+0800][21.637s][info][gc,cpu      ] GC(780) User=0.00s Sys=0.01s Real=0.00s
[2026-06-17T10:02:25.162+0800][21.659s][info][gc,start    ] GC(781) Pause Young (Concurrent Start) (G1 Evacuation Pause)
[2026-06-17T10:02:25.163+0800][21.659s][info][gc,task     ] GC(781) Using 2 workers of 18 for evacuation
[2026-06-17T10:02:25.164+0800][21.661s][info][gc,phases   ] GC(781)   Pre Evacuate Collection Set: 0.24ms
[2026-06-17T10:02:25.165+0800][21.661s][info][gc,phases   ] GC(781)   Merge Heap Roots: 0.04ms
[2026-06-17T10:02:25.165+0800][21.662s][info][gc,phases   ] GC(781)   Evacuate Collection Set: 0.32ms
[2026-06-17T10:02:25.165+0800][21.662s][info][gc,phases   ] GC(781)   Post Evacuate Collection Set: 0.19ms
[2026-06-17T10:02:25.166+0800][21.662s][info][gc,phases   ] GC(781)   Other: 0.57ms
[2026-06-17T10:02:25.166+0800][21.663s][info][gc,heap     ] GC(781) Eden regions: 8->0(7)
[2026-06-17T10:02:25.166+0800][21.663s][info][gc,heap     ] GC(781) Survivor regions: 2->2(2)
[2026-06-17T10:02:25.167+0800][21.663s][info][gc,heap     ] GC(781) Old regions: 29->31
[2026-06-17T10:02:25.167+0800][21.664s][info][gc,heap     ] GC(781) Humongous regions: 16->16
[2026-06-17T10:02:25.167+0800][21.664s][info][gc,metaspace] GC(781) Metaspace: 112K(320K)->112K(320K) NonClass: 105K(192K)->105K(192K) Class: 7K(128K)->7K(128K)
[2026-06-17T10:02:25.168+0800][21.665s][info][gc          ] GC(781) Pause Young (Concurrent Start) (G1 Evacuation Pause) 54M->48M(64M) 5.746ms
[2026-06-17T10:02:25.168+0800][21.665s][info][gc,cpu      ] GC(781) User=0.00s Sys=0.00s Real=0.01s
[2026-06-17T10:02:25.168+0800][21.665s][info][gc          ] GC(782) Concurrent Mark Cycle
[2026-06-17T10:02:25.169+0800][21.666s][info][gc,marking  ] GC(782) Concurrent Scan Root Regions
[2026-06-17T10:02:25.169+0800][21.666s][info][gc,marking  ] GC(782) Concurrent Scan Root Regions 0.399ms
[2026-06-17T10:02:25.170+0800][21.667s][info][gc,marking  ] GC(782) Concurrent Mark
[2026-06-17T10:02:25.170+0800][21.667s][info][gc,marking  ] GC(782) Concurrent Mark From Roots
[2026-06-17T10:02:25.170+0800][21.667s][info][gc,task     ] GC(782) Using 5 workers of 5 for marking
[2026-06-17T10:02:25.172+0800][21.669s][info][gc,marking  ] GC(782) Concurrent Mark From Roots 2.058ms
[2026-06-17T10:02:25.172+0800][21.669s][info][gc,marking  ] GC(782) Concurrent Preclean
[2026-06-17T10:02:25.173+0800][21.670s][info][gc,marking  ] GC(782) Concurrent Preclean 0.387ms
[2026-06-17T10:02:25.173+0800][21.670s][info][gc,start    ] GC(782) Pause Remark
[2026-06-17T10:02:25.174+0800][21.671s][info][gc          ] GC(782) Pause Remark 54M->48M(64M) 0.909ms
[2026-06-17T10:02:25.174+0800][21.671s][info][gc,cpu      ] GC(782) User=0.00s Sys=0.00s Real=0.00s
[2026-06-17T10:02:25.175+0800][21.672s][info][gc,marking  ] GC(782) Concurrent Mark 5.239ms
[2026-06-17T10:02:25.175+0800][21.672s][info][gc,marking  ] GC(782) Concurrent Rebuild Remembered Sets and Scrub Regions
[2026-06-17T10:02:25.176+0800][21.673s][info][gc,marking  ] GC(782) Concurrent Rebuild Remembered Sets and Scrub Regions 0.710ms
[2026-06-17T10:02:25.176+0800][21.673s][info][gc,start    ] GC(782) Pause Cleanup
[2026-06-17T10:02:25.177+0800][21.674s][info][gc          ] GC(782) Pause Cleanup 48M->48M(64M) 0.293ms
[2026-06-17T10:02:25.177+0800][21.674s][info][gc,cpu      ] GC(782) User=0.00s Sys=0.00s Real=0.00s
[2026-06-17T10:02:25.177+0800][21.674s][info][gc,marking  ] GC(782) Concurrent Clear Claimed Marks
[2026-06-17T10:02:25.177+0800][21.674s][info][gc,marking  ] GC(782) Concurrent Clear Claimed Marks 0.194ms
[2026-06-17T10:02:25.177+0800][21.674s][info][gc,marking  ] GC(782) Concurrent Cleanup for Next Mark
[2026-06-17T10:02:25.178+0800][21.675s][info][gc,marking  ] GC(782) Concurrent Cleanup for Next Mark 0.205ms
[2026-06-17T10:02:25.178+0800][21.675s][info][gc          ] GC(782) Concurrent Mark Cycle 9.700ms
[2026-06-17T10:02:25.190+0800][21.687s][info][gc,start    ] GC(783) Pause Young (Prepare Mixed) (G1 Evacuation Pause)
[2026-06-17T10:02:25.190+0800][21.687s][info][gc,task     ] GC(783) Using 2 workers of 18 for evacuation
[2026-06-17T10:02:25.192+0800][21.689s][info][gc,phases   ] GC(783)   Pre Evacuate Collection Set: 0.18ms
[2026-06-17T10:02:25.193+0800][21.690s][info][gc,phases   ] GC(783)   Merge Heap Roots: 0.05ms
[2026-06-17T10:02:25.194+0800][21.691s][info][gc,phases   ] GC(783)   Evacuate Collection Set: 0.22ms
[2026-06-17T10:02:25.195+0800][21.692s][info][gc,phases   ] GC(783)   Post Evacuate Collection Set: 0.18ms
[2026-06-17T10:02:25.195+0800][21.692s][info][gc,phases   ] GC(783)   Other: 1.24ms
[2026-06-17T10:02:25.196+0800][21.692s][info][gc,heap     ] GC(783) Eden regions: 7->0(10)
[2026-06-17T10:02:25.196+0800][21.693s][info][gc,heap     ] GC(783) Survivor regions: 2->2(2)
[2026-06-17T10:02:25.197+0800][21.694s][info][gc,heap     ] GC(783) Old regions: 25->25
[2026-06-17T10:02:25.197+0800][21.694s][info][gc,heap     ] GC(783) Humongous regions: 18->18
[2026-06-17T10:02:25.198+0800][21.695s][info][gc,metaspace] GC(783) Metaspace: 112K(320K)->112K(320K) NonClass: 105K(192K)->105K(192K) Class: 7K(128K)->7K(128K)
[2026-06-17T10:02:25.198+0800][21.695s][info][gc          ] GC(783) Pause Young (Prepare Mixed) (G1 Evacuation Pause) 51M->44M(64M) 8.637ms
[2026-06-17T10:02:25.199+0800][21.696s][info][gc,cpu      ] GC(783) User=0.00s Sys=0.00s Real=0.01s
[2026-06-17T10:02:25.220+0800][21.717s][info][gc,start    ] GC(784) Pause Young (Mixed) (G1 Evacuation Pause)
[2026-06-17T10:02:25.221+0800][21.718s][info][gc,task     ] GC(784) Using 2 workers of 18 for evacuation
[2026-06-17T10:02:25.222+0800][21.719s][info][gc,phases   ] GC(784)   Pre Evacuate Collection Set: 0.17ms
[2026-06-17T10:02:25.223+0800][21.720s][info][gc,phases   ] GC(784)   Merge Heap Roots: 0.09ms
[2026-06-17T10:02:25.223+0800][21.720s][info][gc,phases   ] GC(784)   Evacuate Collection Set: 0.69ms
[2026-06-17T10:02:25.224+0800][21.721s][info][gc,phases   ] GC(784)   Post Evacuate Collection Set: 0.28ms
[2026-06-17T10:02:25.224+0800][21.721s][info][gc,phases   ] GC(784)   Other: 0.56ms
[2026-06-17T10:02:25.225+0800][21.722s][info][gc,heap     ] GC(784) Eden regions: 10->0(10)
[2026-06-17T10:02:25.225+0800][21.722s][info][gc,heap     ] GC(784) Survivor regions: 2->2(2)
[2026-06-17T10:02:25.226+0800][21.722s][info][gc,heap     ] GC(784) Old regions: 25->24
[2026-06-17T10:02:25.226+0800][21.723s][info][gc,heap     ] GC(784) Humongous regions: 18->18
[2026-06-17T10:02:25.226+0800][21.723s][info][gc,metaspace] GC(784) Metaspace: 112K(320K)->112K(320K) NonClass: 105K(192K)->105K(192K) Class: 7K(128K)->7K(128K)
[2026-06-17T10:02:25.227+0800][21.724s][info][gc          ] GC(784) Pause Young (Mixed) (G1 Evacuation Pause) 54M->43M(64M) 6.649ms
[2026-06-17T10:02:25.227+0800][21.724s][info][gc,cpu      ] GC(784) User=0.01s Sys=0.00s Real=0.01s
[2026-06-17T10:02:25.249+0800][21.746s][info][gc,start    ] GC(785) Pause Young (Mixed) (G1 Evacuation Pause)
[2026-06-17T10:02:25.250+0800][21.746s][info][gc,task     ] GC(785) Using 2 workers of 18 for evacuation
[2026-06-17T10:02:25.251+0800][21.748s][info][gc,phases   ] GC(785)   Pre Evacuate Collection Set: 0.38ms
[2026-06-17T10:02:25.251+0800][21.748s][info][gc,phases   ] GC(785)   Merge Heap Roots: 0.06ms
[2026-06-17T10:02:25.252+0800][21.749s][info][gc,phases   ] GC(785)   Evacuate Collection Set: 0.36ms
[2026-06-17T10:02:25.252+0800][21.749s][info][gc,phases   ] GC(785)   Post Evacuate Collection Set: 0.20ms
[2026-06-17T10:02:25.253+0800][21.750s][info][gc,phases   ] GC(785)   Other: 0.48ms
[2026-06-17T10:02:25.253+0800][21.750s][info][gc,heap     ] GC(785) Eden regions: 10->0(12)
[2026-06-17T10:02:25.254+0800][21.751s][info][gc,heap     ] GC(785) Survivor regions: 2->1(2)
[2026-06-17T10:02:25.254+0800][21.751s][info][gc,heap     ] GC(785) Old regions: 24->24
[2026-06-17T10:02:25.255+0800][21.752s][info][gc,heap     ] GC(785) Humongous regions: 18->18
[2026-06-17T10:02:25.255+0800][21.752s][info][gc,metaspace] GC(785) Metaspace: 112K(320K)->112K(320K) NonClass: 105K(192K)->105K(192K) Class: 7K(128K)->7K(128K)
[2026-06-17T10:02:25.256+0800][21.753s][info][gc          ] GC(785) Pause Young (Mixed) (G1 Evacuation Pause) 53M->42M(64M) 6.750ms
[2026-06-17T10:02:25.256+0800][21.753s][info][gc,cpu      ] GC(785) User=0.00s Sys=0.00s Real=0.01s
[2026-06-17T10:02:25.288+0800][21.785s][info][gc,start    ] GC(786) Pause Young (Concurrent Start) (G1 Evacuation Pause)
[2026-06-17T10:02:25.289+0800][21.786s][info][gc,task     ] GC(786) Using 2 workers of 18 for evacuation
[2026-06-17T10:02:25.290+0800][21.787s][info][gc,phases   ] GC(786)   Pre Evacuate Collection Set: 0.17ms
[2026-06-17T10:02:25.291+0800][21.788s][info][gc,phases   ] GC(786)   Merge Heap Roots: 0.07ms
[2026-06-17T10:02:25.292+0800][21.789s][info][gc,phases   ] GC(786)   Evacuate Collection Set: 0.42ms
[2026-06-17T10:02:25.292+0800][21.789s][info][gc,phases   ] GC(786)   Post Evacuate Collection Set: 0.19ms
[2026-06-17T10:02:25.293+0800][21.789s][info][gc,phases   ] GC(786)   Other: 0.51ms
[2026-06-17T10:02:25.293+0800][21.790s][info][gc,heap     ] GC(786) Eden regions: 12->0(8)
[2026-06-17T10:02:25.293+0800][21.790s][info][gc,heap     ] GC(786) Survivor regions: 1->2(2)
[2026-06-17T10:02:25.293+0800][21.790s][info][gc,heap     ] GC(786) Old regions: 24->28
[2026-06-17T10:02:25.294+0800][21.791s][info][gc,heap     ] GC(786) Humongous regions: 18->18
[2026-06-17T10:02:25.294+0800][21.791s][info][gc,metaspace] GC(786) Metaspace: 112K(320K)->112K(320K) NonClass: 105K(192K)->105K(192K) Class: 7K(128K)->7K(128K)
[2026-06-17T10:02:25.295+0800][21.792s][info][gc          ] GC(786) Pause Young (Concurrent Start) (G1 Evacuation Pause) 54M->47M(64M) 6.600ms
[2026-06-17T10:02:25.295+0800][21.792s][info][gc,cpu      ] GC(786) User=0.00s Sys=0.01s Real=0.01s
[2026-06-17T10:02:25.295+0800][21.792s][info][gc          ] GC(787) Concurrent Mark Cycle
[2026-06-17T10:02:25.296+0800][21.793s][info][gc,marking  ] GC(787) Concurrent Scan Root Regions
[2026-06-17T10:02:25.297+0800][21.794s][info][gc,marking  ] GC(787) Concurrent Scan Root Regions 0.546ms
[2026-06-17T10:02:25.297+0800][21.794s][info][gc,marking  ] GC(787) Concurrent Mark
[2026-06-17T10:02:25.298+0800][21.795s][info][gc,marking  ] GC(787) Concurrent Mark From Roots
[2026-06-17T10:02:25.298+0800][21.795s][info][gc,task     ] GC(787) Using 5 workers of 5 for marking
[2026-06-17T10:02:25.300+0800][21.797s][info][gc,marking  ] GC(787) Concurrent Mark From Roots 2.044ms
[2026-06-17T10:02:25.300+0800][21.797s][info][gc,marking  ] GC(787) Concurrent Preclean
[2026-06-17T10:02:25.301+0800][21.797s][info][gc,marking  ] GC(787) Concurrent Preclean 0.364ms
[2026-06-17T10:02:25.301+0800][21.798s][info][gc,start    ] GC(787) Pause Remark
[2026-06-17T10:02:25.302+0800][21.799s][info][gc          ] GC(787) Pause Remark 49M->49M(64M) 0.872ms
[2026-06-17T10:02:25.302+0800][21.799s][info][gc,cpu      ] GC(787) User=0.00s Sys=0.00s Real=0.01s
[2026-06-17T10:02:25.303+0800][21.800s][info][gc,marking  ] GC(787) Concurrent Mark 5.581ms
[2026-06-17T10:02:25.303+0800][21.800s][info][gc,marking  ] GC(787) Concurrent Rebuild Remembered Sets and Scrub Regions
[2026-06-17T10:02:25.304+0800][21.801s][info][gc,marking  ] GC(787) Concurrent Rebuild Remembered Sets and Scrub Regions 0.908ms
[2026-06-17T10:02:25.305+0800][21.802s][info][gc,start    ] GC(787) Pause Cleanup
[2026-06-17T10:02:25.305+0800][21.802s][info][gc          ] GC(787) Pause Cleanup 49M->49M(64M) 0.362ms
[2026-06-17T10:02:25.305+0800][21.802s][info][gc,cpu      ] GC(787) User=0.00s Sys=0.00s Real=0.00s
[2026-06-17T10:02:25.306+0800][21.802s][info][gc,marking  ] GC(787) Concurrent Clear Claimed Marks
[2026-06-17T10:02:25.306+0800][21.803s][info][gc,marking  ] GC(787) Concurrent Clear Claimed Marks 0.217ms
[2026-06-17T10:02:25.306+0800][21.803s][info][gc,marking  ] GC(787) Concurrent Cleanup for Next Mark
[2026-06-17T10:02:25.306+0800][21.803s][info][gc,marking  ] GC(787) Concurrent Cleanup for Next Mark 0.326ms
[2026-06-17T10:02:25.307+0800][21.803s][info][gc          ] GC(787) Concurrent Mark Cycle 11.237ms
[2026-06-17T10:02:25.317+0800][21.814s][info][gc,start    ] GC(788) Pause Young (Prepare Mixed) (G1 Evacuation Pause)
[2026-06-17T10:02:25.320+0800][21.817s][info][gc,task     ] GC(788) Using 2 workers of 18 for evacuation
[2026-06-17T10:02:25.331+0800][21.828s][info][gc,phases   ] GC(788)   Pre Evacuate Collection Set: 0.17ms
[2026-06-17T10:02:25.331+0800][21.828s][info][gc,phases   ] GC(788)   Merge Heap Roots: 0.06ms
[2026-06-17T10:02:25.331+0800][21.828s][info][gc,phases   ] GC(788)   Evacuate Collection Set: 0.46ms
[2026-06-17T10:02:25.332+0800][21.829s][info][gc,phases   ] GC(788)   Post Evacuate Collection Set: 0.31ms
[2026-06-17T10:02:25.332+0800][21.829s][info][gc,phases   ] GC(788)   Other: 10.06ms
[2026-06-17T10:02:25.332+0800][21.829s][info][gc,heap     ] GC(788) Eden regions: 8->0(5)
[2026-06-17T10:02:25.333+0800][21.829s][info][gc,heap     ] GC(788) Survivor regions: 2->2(2)
[2026-06-17T10:02:25.333+0800][21.830s][info][gc,heap     ] GC(788) Old regions: 28->31
[2026-06-17T10:02:25.333+0800][21.830s][info][gc,heap     ] GC(788) Humongous regions: 18->18
[2026-06-17T10:02:25.333+0800][21.830s][info][gc,metaspace] GC(788) Metaspace: 112K(320K)->112K(320K) NonClass: 105K(192K)->105K(192K) Class: 7K(128K)->7K(128K)
[2026-06-17T10:02:25.334+0800][21.831s][info][gc          ] GC(788) Pause Young (Prepare Mixed) (G1 Evacuation Pause) 55M->50M(64M) 16.985ms
[2026-06-17T10:02:25.334+0800][21.831s][info][gc,cpu      ] GC(788) User=0.01s Sys=0.00s Real=0.02s
[2026-06-17T10:02:25.345+0800][21.842s][info][gc,start    ] GC(789) Pause Young (Mixed) (G1 Evacuation Pause)
[2026-06-17T10:02:25.345+0800][21.842s][info][gc,task     ] GC(789) Using 2 workers of 18 for evacuation
[2026-06-17T10:02:25.346+0800][21.843s][info][gc,phases   ] GC(789)   Pre Evacuate Collection Set: 0.20ms
[2026-06-17T10:02:25.347+0800][21.844s][info][gc,phases   ] GC(789)   Merge Heap Roots: 0.05ms
[2026-06-17T10:02:25.347+0800][21.844s][info][gc,phases   ] GC(789)   Evacuate Collection Set: 0.29ms
[2026-06-17T10:02:25.347+0800][21.844s][info][gc,phases   ] GC(789)   Post Evacuate Collection Set: 0.17ms
[2026-06-17T10:02:25.347+0800][21.844s][info][gc,phases   ] GC(789)   Other: 0.35ms
[2026-06-17T10:02:25.348+0800][21.844s][info][gc,heap     ] GC(789) Eden regions: 5->0(6)
[2026-06-17T10:02:25.348+0800][21.845s][info][gc,heap     ] GC(789) Survivor regions: 2->1(1)
[2026-06-17T10:02:25.348+0800][21.845s][info][gc,heap     ] GC(789) Old regions: 31->31
[2026-06-17T10:02:25.348+0800][21.845s][info][gc,heap     ] GC(789) Humongous regions: 18->18
[2026-06-17T10:02:25.348+0800][21.845s][info][gc,metaspace] GC(789) Metaspace: 112K(320K)->112K(320K) NonClass: 105K(192K)->105K(192K) Class: 7K(128K)->7K(128K)
[2026-06-17T10:02:25.349+0800][21.845s][info][gc          ] GC(789) Pause Young (Mixed) (G1 Evacuation Pause) 55M->48M(64M) 3.688ms
[2026-06-17T10:02:25.349+0800][21.846s][info][gc,cpu      ] GC(789) User=0.00s Sys=0.00s Real=0.00s
[2026-06-17T10:02:25.370+0800][21.867s][info][gc,start    ] GC(790) Pause Young (Concurrent Start) (G1 Evacuation Pause)
[2026-06-17T10:02:25.371+0800][21.867s][info][gc,task     ] GC(790) Using 2 workers of 18 for evacuation
[2026-06-17T10:02:25.372+0800][21.869s][info][gc,phases   ] GC(790)   Pre Evacuate Collection Set: 0.18ms
[2026-06-17T10:02:25.374+0800][21.871s][info][gc,phases   ] GC(790)   Merge Heap Roots: 0.05ms
[2026-06-17T10:02:25.376+0800][21.873s][info][gc,phases   ] GC(790)   Evacuate Collection Set: 0.30ms
[2026-06-17T10:02:25.376+0800][21.873s][info][gc,phases   ] GC(790)   Post Evacuate Collection Set: 0.18ms
[2026-06-17T10:02:25.377+0800][21.874s][info][gc,phases   ] GC(790)   Other: 1.17ms
[2026-06-17T10:02:25.386+0800][21.882s][info][gc,heap     ] GC(790) Eden regions: 6->0(5)
[2026-06-17T10:02:25.386+0800][21.883s][info][gc,heap     ] GC(790) Survivor regions: 1->1(1)
[2026-06-17T10:02:25.395+0800][21.892s][info][gc,heap     ] GC(790) Old regions: 31->33
[2026-06-17T10:02:25.395+0800][21.892s][info][gc,heap     ] GC(790) Humongous regions: 18->18
[2026-06-17T10:02:25.398+0800][21.895s][info][gc,metaspace] GC(790) Metaspace: 112K(320K)->112K(320K) NonClass: 105K(192K)->105K(192K) Class: 7K(128K)->7K(128K)
[2026-06-17T10:02:25.399+0800][21.896s][info][gc          ] GC(790) Pause Young (Concurrent Start) (G1 Evacuation Pause) 54M->51M(64M) 28.796ms
[2026-06-17T10:02:25.399+0800][21.896s][info][gc,cpu      ] GC(790) User=0.00s Sys=0.00s Real=0.03s
[2026-06-17T10:02:25.399+0800][21.896s][info][gc          ] GC(791) Concurrent Mark Cycle
[2026-06-17T10:02:25.401+0800][21.898s][info][gc,marking  ] GC(791) Concurrent Scan Root Regions
[2026-06-17T10:02:25.401+0800][21.898s][info][gc,marking  ] GC(791) Concurrent Scan Root Regions 0.360ms
[2026-06-17T10:02:25.402+0800][21.898s][info][gc,marking  ] GC(791) Concurrent Mark
[2026-06-17T10:02:25.402+0800][21.899s][info][gc,marking  ] GC(791) Concurrent Mark From Roots
[2026-06-17T10:02:25.402+0800][21.899s][info][gc,task     ] GC(791) Using 5 workers of 5 for marking
[2026-06-17T10:02:25.404+0800][21.901s][info][gc,marking  ] GC(791) Concurrent Mark From Roots 1.898ms
[2026-06-17T10:02:25.404+0800][21.901s][info][gc,marking  ] GC(791) Concurrent Preclean
[2026-06-17T10:02:25.404+0800][21.901s][info][gc,marking  ] GC(791) Concurrent Preclean 0.228ms
[2026-06-17T10:02:25.404+0800][21.901s][info][gc,start    ] GC(791) Pause Remark
[2026-06-17T10:02:25.405+0800][21.902s][info][gc          ] GC(791) Pause Remark 54M->47M(64M) 0.594ms
[2026-06-17T10:02:25.405+0800][21.902s][info][gc,cpu      ] GC(791) User=0.00s Sys=0.00s Real=0.00s
[2026-06-17T10:02:25.405+0800][21.902s][info][gc,marking  ] GC(791) Concurrent Mark 3.868ms
[2026-06-17T10:02:25.406+0800][21.902s][info][gc,marking  ] GC(791) Concurrent Rebuild Remembered Sets and Scrub Regions
[2026-06-17T10:02:25.406+0800][21.903s][info][gc,marking  ] GC(791) Concurrent Rebuild Remembered Sets and Scrub Regions 0.615ms
[2026-06-17T10:02:25.407+0800][21.903s][info][gc,start    ] GC(791) Pause Cleanup
[2026-06-17T10:02:25.407+0800][21.904s][info][gc          ] GC(791) Pause Cleanup 47M->47M(64M) 0.423ms
[2026-06-17T10:02:25.407+0800][21.904s][info][gc,cpu      ] GC(791) User=0.00s Sys=0.00s Real=0.00s
[2026-06-17T10:02:25.408+0800][21.905s][info][gc,marking  ] GC(791) Concurrent Clear Claimed Marks
[2026-06-17T10:02:25.408+0800][21.905s][info][gc,marking  ] GC(791) Concurrent Clear Claimed Marks 0.422ms
[2026-06-17T10:02:25.409+0800][21.905s][info][gc,marking  ] GC(791) Concurrent Cleanup for Next Mark
[2026-06-17T10:02:25.409+0800][21.906s][info][gc,marking  ] GC(791) Concurrent Cleanup for Next Mark 0.488ms
[2026-06-17T10:02:25.409+0800][21.906s][info][gc          ] GC(791) Concurrent Mark Cycle 10.480ms
[2026-06-17T10:02:25.411+0800][21.908s][info][gc,start    ] GC(792) Pause Young (Prepare Mixed) (G1 Evacuation Pause)
[2026-06-17T10:02:25.412+0800][21.908s][info][gc,task     ] GC(792) Using 2 workers of 18 for evacuation
[2026-06-17T10:02:25.413+0800][21.909s][info][gc,phases   ] GC(792)   Pre Evacuate Collection Set: 0.16ms
[2026-06-17T10:02:25.413+0800][21.910s][info][gc,phases   ] GC(792)   Merge Heap Roots: 0.05ms
[2026-06-17T10:02:25.413+0800][21.910s][info][gc,phases   ] GC(792)   Evacuate Collection Set: 0.28ms
[2026-06-17T10:02:25.414+0800][21.910s][info][gc,phases   ] GC(792)   Post Evacuate Collection Set: 0.18ms
[2026-06-17T10:02:25.414+0800][21.911s][info][gc,phases   ] GC(792)   Other: 0.36ms
[2026-06-17T10:02:25.414+0800][21.911s][info][gc,heap     ] GC(792) Eden regions: 5->0(7)
[2026-06-17T10:02:25.415+0800][21.912s][info][gc,heap     ] GC(792) Survivor regions: 1->1(1)
[2026-06-17T10:02:25.415+0800][21.912s][info][gc,heap     ] GC(792) Old regions: 26->29
[2026-06-17T10:02:25.415+0800][21.912s][info][gc,heap     ] GC(792) Humongous regions: 18->18
[2026-06-17T10:02:25.416+0800][21.913s][info][gc,metaspace] GC(792) Metaspace: 112K(320K)->112K(320K) NonClass: 105K(192K)->105K(192K) Class: 7K(128K)->7K(128K)
[2026-06-17T10:02:25.416+0800][21.913s][info][gc          ] GC(792) Pause Young (Prepare Mixed) (G1 Evacuation Pause) 49M->47M(64M) 4.899ms
[2026-06-17T10:02:25.416+0800][21.913s][info][gc,cpu      ] GC(792) User=0.00s Sys=0.00s Real=0.00s
[2026-06-17T10:02:25.438+0800][21.935s][info][gc,start    ] GC(793) Pause Young (Mixed) (G1 Evacuation Pause)
[2026-06-17T10:02:25.438+0800][21.935s][info][gc,task     ] GC(793) Using 2 workers of 18 for evacuation
[2026-06-17T10:02:25.439+0800][21.936s][info][gc,phases   ] GC(793)   Pre Evacuate Collection Set: 0.16ms
[2026-06-17T10:02:25.440+0800][21.937s][info][gc,phases   ] GC(793)   Merge Heap Roots: 0.05ms
[2026-06-17T10:02:25.440+0800][21.937s][info][gc,phases   ] GC(793)   Evacuate Collection Set: 0.34ms
[2026-06-17T10:02:25.441+0800][21.938s][info][gc,phases   ] GC(793)   Post Evacuate Collection Set: 0.20ms
[2026-06-17T10:02:25.441+0800][21.938s][info][gc,phases   ] GC(793)   Other: 0.54ms
[2026-06-17T10:02:25.441+0800][21.938s][info][gc,heap     ] GC(793) Eden regions: 7->0(9)
[2026-06-17T10:02:25.442+0800][21.938s][info][gc,heap     ] GC(793) Survivor regions: 1->1(1)
[2026-06-17T10:02:25.442+0800][21.939s][info][gc,heap     ] GC(793) Old regions: 29->25
[2026-06-17T10:02:25.443+0800][21.939s][info][gc,heap     ] GC(793) Humongous regions: 18->18
[2026-06-17T10:02:25.443+0800][21.940s][info][gc,metaspace] GC(793) Metaspace: 112K(320K)->112K(320K) NonClass: 105K(192K)->105K(192K) Class: 7K(128K)->7K(128K)
[2026-06-17T10:02:25.443+0800][21.940s][info][gc          ] GC(793) Pause Young (Mixed) (G1 Evacuation Pause) 54M->43M(64M) 5.479ms
[2026-06-17T10:02:25.443+0800][21.940s][info][gc,cpu      ] GC(793) User=0.01s Sys=0.00s Real=0.01s
[2026-06-17T10:02:25.465+0800][21.962s][info][gc,start    ] GC(794) Pause Young (Mixed) (G1 Evacuation Pause)
[2026-06-17T10:02:25.466+0800][21.963s][info][gc,task     ] GC(794) Using 2 workers of 18 for evacuation
[2026-06-17T10:02:25.468+0800][21.965s][info][gc,phases   ] GC(794)   Pre Evacuate Collection Set: 0.23ms
[2026-06-17T10:02:25.480+0800][21.977s][info][gc,phases   ] GC(794)   Merge Heap Roots: 0.05ms
[2026-06-17T10:02:25.488+0800][21.985s][info][gc,phases   ] GC(794)   Evacuate Collection Set: 0.63ms
[2026-06-17T10:02:25.491+0800][21.988s][info][gc,phases   ] GC(794)   Post Evacuate Collection Set: 0.26ms
[2026-06-17T10:02:25.547+0800][22.043s][info][gc,phases   ] GC(794)   Other: 0.85ms
[2026-06-17T10:02:25.547+0800][22.044s][info][gc,heap     ] GC(794) Eden regions: 9->0(5)
[2026-06-17T10:02:25.548+0800][22.044s][info][gc,heap     ] GC(794) Survivor regions: 1->2(2)
[2026-06-17T10:02:25.548+0800][22.045s][info][gc,heap     ] GC(794) Old regions: 25->28
[2026-06-17T10:02:25.549+0800][22.046s][info][gc,heap     ] GC(794) Humongous regions: 20->20
[2026-06-17T10:02:25.549+0800][22.046s][info][gc,metaspace] GC(794) Metaspace: 112K(320K)->112K(320K) NonClass: 105K(192K)->105K(192K) Class: 7K(128K)->7K(128K)
[2026-06-17T10:02:25.550+0800][22.047s][info][gc          ] GC(794) Pause Young (Mixed) (G1 Evacuation Pause) 54M->49M(64M) 85.024ms
[2026-06-17T10:02:25.551+0800][22.048s][info][gc,cpu      ] GC(794) User=0.00s Sys=0.00s Real=0.09s
[2026-06-17T10:02:25.564+0800][22.060s][info][gc,start    ] GC(795) Pause Young (Concurrent Start) (G1 Evacuation Pause)
[2026-06-17T10:02:25.566+0800][22.063s][info][gc,task     ] GC(795) Using 2 workers of 18 for evacuation
[2026-06-17T10:02:25.568+0800][22.065s][info][gc,phases   ] GC(795)   Pre Evacuate Collection Set: 0.15ms
[2026-06-17T10:02:25.573+0800][22.070s][info][gc,phases   ] GC(795)   Merge Heap Roots: 0.04ms
[2026-06-17T10:02:25.575+0800][22.072s][info][gc,phases   ] GC(795)   Evacuate Collection Set: 0.53ms
[2026-06-17T10:02:25.577+0800][22.074s][info][gc,phases   ] GC(795)   Post Evacuate Collection Set: 0.16ms
[2026-06-17T10:02:25.577+0800][22.074s][info][gc,phases   ] GC(795)   Other: 0.82ms
[2026-06-17T10:02:25.577+0800][22.074s][info][gc,heap     ] GC(795) Eden regions: 5->0(2)
[2026-06-17T10:02:25.578+0800][22.074s][info][gc,heap     ] GC(795) Survivor regions: 2->1(1)
[2026-06-17T10:02:25.578+0800][22.075s][info][gc,heap     ] GC(795) Old regions: 28->35
[2026-06-17T10:02:25.578+0800][22.075s][info][gc,heap     ] GC(795) Humongous regions: 20->20
[2026-06-17T10:02:25.578+0800][22.075s][info][gc,metaspace] GC(795) Metaspace: 112K(320K)->112K(320K) NonClass: 105K(192K)->105K(192K) Class: 7K(128K)->7K(128K)
[2026-06-17T10:02:25.579+0800][22.076s][info][gc          ] GC(795) Pause Young (Concurrent Start) (G1 Evacuation Pause) 54M->55M(64M) 15.104ms
[2026-06-17T10:02:25.609+0800][22.106s][info][gc,cpu      ] GC(795) User=0.00s Sys=0.00s Real=0.04s
[2026-06-17T10:02:25.609+0800][22.106s][info][gc          ] GC(796) Concurrent Mark Cycle
[2026-06-17T10:02:25.614+0800][22.111s][info][gc,marking  ] GC(796) Concurrent Scan Root Regions
[2026-06-17T10:02:25.615+0800][22.112s][info][gc,marking  ] GC(796) Concurrent Scan Root Regions 0.980ms
[2026-06-17T10:02:25.615+0800][22.112s][info][gc,marking  ] GC(796) Concurrent Mark
[2026-06-17T10:02:25.615+0800][22.112s][info][gc,marking  ] GC(796) Concurrent Mark From Roots
[2026-06-17T10:02:25.616+0800][22.113s][info][gc,task     ] GC(796) Using 5 workers of 5 for marking
[2026-06-17T10:02:25.618+0800][22.115s][info][gc,marking  ] GC(796) Concurrent Mark From Roots 2.370ms
[2026-06-17T10:02:25.619+0800][22.116s][info][gc,marking  ] GC(796) Concurrent Preclean
[2026-06-17T10:02:25.620+0800][22.117s][info][gc,marking  ] GC(796) Concurrent Preclean 0.804ms
[2026-06-17T10:02:25.621+0800][22.118s][info][gc,start    ] GC(796) Pause Remark
[2026-06-17T10:02:25.623+0800][22.119s][info][gc          ] GC(796) Pause Remark 55M->54M(64M) 1.273ms
[2026-06-17T10:02:25.624+0800][22.121s][info][gc,cpu      ] GC(796) User=0.00s Sys=0.00s Real=0.01s
[2026-06-17T10:02:25.625+0800][22.122s][info][gc,marking  ] GC(796) Concurrent Mark 10.331ms
[2026-06-17T10:02:25.627+0800][22.124s][info][gc,marking  ] GC(796) Concurrent Rebuild Remembered Sets and Scrub Regions
[2026-06-17T10:02:25.626+0800][22.122s][info][gc,start    ] GC(797) Pause Young (Normal) (G1 Evacuation Pause)
[2026-06-17T10:02:25.631+0800][22.128s][info][gc,task     ] GC(797) Using 2 workers of 18 for evacuation
[2026-06-17T10:02:25.638+0800][22.135s][info][gc,phases   ] GC(797)   Pre Evacuate Collection Set: 0.15ms
[2026-06-17T10:02:25.639+0800][22.136s][info][gc,phases   ] GC(797)   Merge Heap Roots: 0.09ms
[2026-06-17T10:02:25.650+0800][22.146s][info][gc,phases   ] GC(797)   Evacuate Collection Set: 0.16ms
[2026-06-17T10:02:25.650+0800][22.147s][info][gc,phases   ] GC(797)   Post Evacuate Collection Set: 0.29ms
[2026-06-17T10:02:25.650+0800][22.147s][info][gc,phases   ] GC(797)   Other: 5.89ms
[2026-06-17T10:02:25.650+0800][22.147s][info][gc,heap     ] GC(797) Eden regions: 2->0(2)
[2026-06-17T10:02:25.651+0800][22.148s][info][gc,heap     ] GC(797) Survivor regions: 1->1(1)
[2026-06-17T10:02:25.651+0800][22.148s][info][gc,heap     ] GC(797) Old regions: 34->34
[2026-06-17T10:02:25.652+0800][22.149s][info][gc,heap     ] GC(797) Humongous regions: 20->20
[2026-06-17T10:02:25.652+0800][22.149s][info][gc,metaspace] GC(797) Metaspace: 112K(320K)->112K(320K) NonClass: 105K(192K)->105K(192K) Class: 7K(128K)->7K(128K)
[2026-06-17T10:02:25.653+0800][22.149s][info][gc          ] GC(797) Pause Young (Normal) (G1 Evacuation Pause) 55M->54M(64M) 27.002ms
[2026-06-17T10:02:25.654+0800][22.151s][info][gc,cpu      ] GC(797) User=0.00s Sys=0.00s Real=0.03s
[2026-06-17T10:02:25.661+0800][22.158s][info][gc,marking  ] GC(796) Concurrent Rebuild Remembered Sets and Scrub Regions 34.259ms
[2026-06-17T10:02:25.662+0800][22.158s][info][gc,start    ] GC(798) Pause Young (Normal) (G1 Evacuation Pause)
[2026-06-17T10:02:25.668+0800][22.165s][info][gc,task     ] GC(798) Using 2 workers of 18 for evacuation
[2026-06-17T10:02:25.669+0800][22.166s][info][gc,phases   ] GC(798)   Pre Evacuate Collection Set: 0.10ms
[2026-06-17T10:02:25.670+0800][22.166s][info][gc,phases   ] GC(798)   Merge Heap Roots: 0.04ms
[2026-06-17T10:02:25.670+0800][22.167s][info][gc,phases   ] GC(798)   Evacuate Collection Set: 0.25ms
[2026-06-17T10:02:25.670+0800][22.167s][info][gc,phases   ] GC(798)   Post Evacuate Collection Set: 0.18ms
[2026-06-17T10:02:25.671+0800][22.168s][info][gc,phases   ] GC(798)   Other: 0.45ms
[2026-06-17T10:02:25.672+0800][22.169s][info][gc,heap     ] GC(798) Eden regions: 2->0(2)
[2026-06-17T10:02:25.672+0800][22.169s][info][gc,heap     ] GC(798) Survivor regions: 1->1(1)
[2026-06-17T10:02:25.673+0800][22.170s][info][gc,heap     ] GC(798) Old regions: 34->36
[2026-06-17T10:02:25.674+0800][22.170s][info][gc,heap     ] GC(798) Humongous regions: 20->20
[2026-06-17T10:02:25.674+0800][22.171s][info][gc,metaspace] GC(798) Metaspace: 112K(320K)->112K(320K) NonClass: 105K(192K)->105K(192K) Class: 7K(128K)->7K(128K)
[2026-06-17T10:02:25.680+0800][22.177s][info][gc          ] GC(798) Pause Young (Normal) (G1 Evacuation Pause) 56M->56M(64M) 18.467ms
[2026-06-17T10:02:25.681+0800][22.177s][info][gc,cpu      ] GC(798) User=0.00s Sys=0.00s Real=0.02s
[2026-06-17T10:02:25.681+0800][22.178s][info][gc,start    ] GC(796) Pause Cleanup
[2026-06-17T10:02:25.682+0800][22.179s][info][gc          ] GC(796) Pause Cleanup 56M->56M(64M) 0.588ms
[2026-06-17T10:02:25.682+0800][22.179s][info][gc,cpu      ] GC(796) User=0.00s Sys=0.00s Real=0.00s
[2026-06-17T10:02:25.683+0800][22.179s][info][gc,marking  ] GC(796) Concurrent Clear Claimed Marks
[2026-06-17T10:02:25.683+0800][22.180s][info][gc,marking  ] GC(796) Concurrent Clear Claimed Marks 0.337ms
[2026-06-17T10:02:25.683+0800][22.180s][info][gc,marking  ] GC(796) Concurrent Cleanup for Next Mark
[2026-06-17T10:02:25.683+0800][22.180s][info][gc,start    ] GC(799) Pause Young (Prepare Mixed) (G1 Evacuation Pause)
[2026-06-17T10:02:25.684+0800][22.181s][info][gc,task     ] GC(799) Using 2 workers of 18 for evacuation
[2026-06-17T10:02:25.685+0800][22.182s][info][gc,phases   ] GC(799)   Pre Evacuate Collection Set: 0.08ms
[2026-06-17T10:02:25.685+0800][22.182s][info][gc,phases   ] GC(799)   Merge Heap Roots: 0.04ms
[2026-06-17T10:02:25.686+0800][22.183s][info][gc,phases   ] GC(799)   Evacuate Collection Set: 0.25ms
[2026-06-17T10:02:25.686+0800][22.183s][info][gc,phases   ] GC(799)   Post Evacuate Collection Set: 0.16ms
[2026-06-17T10:02:25.687+0800][22.183s][info][gc,phases   ] GC(799)   Other: 0.35ms
[2026-06-17T10:02:25.687+0800][22.184s][info][gc,heap     ] GC(799) Eden regions: 2->0(2)
[2026-06-17T10:02:25.687+0800][22.184s][info][gc,heap     ] GC(799) Survivor regions: 1->1(1)
[2026-06-17T10:02:25.687+0800][22.184s][info][gc,heap     ] GC(799) Old regions: 36->38
[2026-06-17T10:02:25.687+0800][22.184s][info][gc,heap     ] GC(799) Humongous regions: 20->20
[2026-06-17T10:02:25.688+0800][22.185s][info][gc,metaspace] GC(799) Metaspace: 112K(320K)->112K(320K) NonClass: 105K(192K)->105K(192K) Class: 7K(128K)->7K(128K)
[2026-06-17T10:02:25.688+0800][22.185s][info][gc          ] GC(799) Pause Young (Prepare Mixed) (G1 Evacuation Pause) 57M->58M(64M) 5.444ms
[2026-06-17T10:02:25.689+0800][22.185s][info][gc,cpu      ] GC(799) User=0.00s Sys=0.00s Real=0.00s
[2026-06-17T10:02:25.691+0800][22.188s][info][gc,marking  ] GC(796) Concurrent Cleanup for Next Mark 8.082ms
[2026-06-17T10:02:25.693+0800][22.190s][info][gc          ] GC(796) Concurrent Mark Cycle 84.050ms
[2026-06-17T10:02:25.702+0800][22.199s][info][gc,start    ] GC(800) Pause Young (Mixed) (G1 Evacuation Pause)
[2026-06-17T10:02:25.702+0800][22.199s][info][gc,task     ] GC(800) Using 2 workers of 18 for evacuation
[2026-06-17T10:02:25.704+0800][22.201s][info][gc,phases   ] GC(800)   Pre Evacuate Collection Set: 0.15ms
[2026-06-17T10:02:25.704+0800][22.201s][info][gc,phases   ] GC(800)   Merge Heap Roots: 0.05ms
[2026-06-17T10:02:25.705+0800][22.201s][info][gc,phases   ] GC(800)   Evacuate Collection Set: 0.29ms
[2026-06-17T10:02:25.705+0800][22.202s][info][gc,phases   ] GC(800)   Post Evacuate Collection Set: 0.30ms
[2026-06-17T10:02:25.705+0800][22.202s][info][gc,phases   ] GC(800)   Other: 0.52ms
[2026-06-17T10:02:25.706+0800][22.203s][info][gc,heap     ] GC(800) Eden regions: 2->0(2)
[2026-06-17T10:02:25.706+0800][22.203s][info][gc,heap     ] GC(800) Survivor regions: 1->1(1)
[2026-06-17T10:02:25.706+0800][22.203s][info][gc,heap     ] GC(800) Old regions: 38->41
[2026-06-17T10:02:25.707+0800][22.204s][info][gc,heap     ] GC(800) Humongous regions: 20->20
[2026-06-17T10:02:25.707+0800][22.204s][info][gc,metaspace] GC(800) Metaspace: 112K(320K)->112K(320K) NonClass: 105K(192K)->105K(192K) Class: 7K(128K)->7K(128K)
[2026-06-17T10:02:25.708+0800][22.205s][info][gc          ] GC(800) Pause Young (Mixed) (G1 Evacuation Pause) (Evacuation Failure) 60M->61M(64M) 5.844ms
[2026-06-17T10:02:25.708+0800][22.205s][info][gc,cpu      ] GC(800) User=0.01s Sys=0.00s Real=0.01s
[2026-06-17T10:02:25.719+0800][22.216s][info][gc,start    ] GC(801) Pause Young (Mixed) (G1 Evacuation Pause)
[2026-06-17T10:02:25.719+0800][22.216s][info][gc,task     ] GC(801) Using 2 workers of 18 for evacuation
[2026-06-17T10:02:25.720+0800][22.217s][info][gc,phases   ] GC(801)   Pre Evacuate Collection Set: 0.11ms
[2026-06-17T10:02:25.720+0800][22.217s][info][gc,phases   ] GC(801)   Merge Heap Roots: 0.04ms
[2026-06-17T10:02:25.721+0800][22.218s][info][gc,phases   ] GC(801)   Evacuate Collection Set: 0.10ms
[2026-06-17T10:02:25.721+0800][22.218s][info][gc,phases   ] GC(801)   Post Evacuate Collection Set: 0.21ms
[2026-06-17T10:02:25.722+0800][22.219s][info][gc,phases   ] GC(801)   Other: 0.39ms
[2026-06-17T10:02:25.722+0800][22.219s][info][gc,heap     ] GC(801) Eden regions: 2->0(1)
[2026-06-17T10:02:25.722+0800][22.219s][info][gc,heap     ] GC(801) Survivor regions: 1->0(0)
[2026-06-17T10:02:25.723+0800][22.220s][info][gc,heap     ] GC(801) Old regions: 41->44
[2026-06-17T10:02:25.723+0800][22.220s][info][gc,heap     ] GC(801) Humongous regions: 20->20
[2026-06-17T10:02:25.724+0800][22.220s][info][gc,metaspace] GC(801) Metaspace: 112K(320K)->112K(320K) NonClass: 105K(192K)->105K(192K) Class: 7K(128K)->7K(128K)
[2026-06-17T10:02:25.724+0800][22.221s][info][gc          ] GC(801) Pause Young (Mixed) (G1 Evacuation Pause) (Evacuation Failure) 63M->63M(64M) 5.274ms
[2026-06-17T10:02:25.724+0800][22.221s][info][gc,cpu      ] GC(801) User=0.00s Sys=0.00s Real=0.01s
[2026-06-17T10:02:25.725+0800][22.222s][info][gc,ergo     ] Attempting full compaction
[2026-06-17T10:02:25.725+0800][22.222s][info][gc,start    ] GC(802) Pause Full (G1 Compaction Pause)
[2026-06-17T10:02:25.725+0800][22.222s][info][gc,task     ] GC(802) Using 2 workers of 18 for full compaction
[2026-06-17T10:02:25.726+0800][22.223s][info][gc,phases,start] GC(802) Phase 1: Mark live objects
[2026-06-17T10:02:25.727+0800][22.224s][info][gc,phases      ] GC(802) Phase 1: Mark live objects 1.107ms
[2026-06-17T10:02:25.728+0800][22.224s][info][gc,phases,start] GC(802) Phase 2: Prepare compaction
[2026-06-17T10:02:25.728+0800][22.225s][info][gc,phases      ] GC(802) Phase 2: Prepare compaction 0.452ms
[2026-06-17T10:02:25.728+0800][22.225s][info][gc,phases,start] GC(802) Phase 3: Adjust pointers
[2026-06-17T10:02:25.729+0800][22.226s][info][gc,phases      ] GC(802) Phase 3: Adjust pointers 0.508ms
[2026-06-17T10:02:25.730+0800][22.227s][info][gc,phases,start] GC(802) Phase 4: Compact heap
[2026-06-17T10:02:25.732+0800][22.228s][info][gc,phases      ] GC(802) Phase 4: Compact heap 1.439ms
[2026-06-17T10:02:25.732+0800][22.229s][info][gc,phases,start] GC(802) Phase 5: Reset Metadata
[2026-06-17T10:02:25.733+0800][22.230s][info][gc,phases      ] GC(802) Phase 5: Reset Metadata 0.675ms
[2026-06-17T10:02:25.733+0800][22.230s][info][gc,heap        ] GC(802) Eden regions: 0->0(6)
[2026-06-17T10:02:25.734+0800][22.231s][info][gc,heap        ] GC(802) Survivor regions: 0->0(0)
[2026-06-17T10:02:25.734+0800][22.231s][info][gc,heap        ] GC(802) Old regions: 44->24
[2026-06-17T10:02:25.736+0800][22.232s][info][gc,heap        ] GC(802) Humongous regions: 20->20
[2026-06-17T10:02:25.736+0800][22.233s][info][gc,metaspace   ] GC(802) Metaspace: 112K(320K)->112K(320K) NonClass: 105K(192K)->105K(192K) Class: 7K(128K)->7K(128K)
[2026-06-17T10:02:25.738+0800][22.235s][info][gc             ] GC(802) Pause Full (G1 Compaction Pause) 63M->40M(64M) 13.310ms
[2026-06-17T10:02:25.741+0800][22.238s][info][gc,cpu         ] GC(802) User=0.00s Sys=0.00s Real=0.01s
[2026-06-17T10:02:25.753+0800][22.250s][info][gc,start       ] GC(803) Pause Young (Normal) (G1 Evacuation Pause)
[2026-06-17T10:02:25.755+0800][22.251s][info][gc,task        ] GC(803) Using 2 workers of 18 for evacuation
[2026-06-17T10:02:25.756+0800][22.253s][info][gc,phases      ] GC(803)   Pre Evacuate Collection Set: 0.11ms
[2026-06-17T10:02:25.757+0800][22.254s][info][gc,phases      ] GC(803)   Merge Heap Roots: 0.04ms
[2026-06-17T10:02:25.758+0800][22.255s][info][gc,phases      ] GC(803)   Evacuate Collection Set: 0.45ms
[2026-06-17T10:02:25.758+0800][22.255s][info][gc,phases      ] GC(803)   Post Evacuate Collection Set: 0.22ms
[2026-06-17T10:02:25.759+0800][22.256s][info][gc,phases      ] GC(803)   Other: 0.51ms
[2026-06-17T10:02:25.759+0800][22.256s][info][gc,heap        ] GC(803) Eden regions: 6->0(3)
[2026-06-17T10:02:25.759+0800][22.256s][info][gc,heap        ] GC(803) Survivor regions: 0->1(1)
[2026-06-17T10:02:25.759+0800][22.256s][info][gc,heap        ] GC(803) Old regions: 24->30
[2026-06-17T10:02:25.760+0800][22.257s][info][gc,heap        ] GC(803) Humongous regions: 20->20
[2026-06-17T10:02:25.761+0800][22.258s][info][gc,metaspace   ] GC(803) Metaspace: 112K(320K)->112K(320K) NonClass: 105K(192K)->105K(192K) Class: 7K(128K)->7K(128K)
[2026-06-17T10:02:25.761+0800][22.258s][info][gc             ] GC(803) Pause Young (Normal) (G1 Evacuation Pause) 46M->46M(64M) 8.282ms
[2026-06-17T10:02:25.761+0800][22.258s][info][gc,cpu         ] GC(803) User=0.00s Sys=0.00s Real=0.00s
[2026-06-17T10:02:25.773+0800][22.270s][info][gc,start       ] GC(804) Pause Young (Normal) (G1 Evacuation Pause)
[2026-06-17T10:02:25.774+0800][22.271s][info][gc,task        ] GC(804) Using 2 workers of 18 for evacuation
[2026-06-17T10:02:25.775+0800][22.272s][info][gc,phases      ] GC(804)   Pre Evacuate Collection Set: 0.14ms
[2026-06-17T10:02:25.775+0800][22.272s][info][gc,phases      ] GC(804)   Merge Heap Roots: 0.05ms
[2026-06-17T10:02:25.776+0800][22.272s][info][gc,phases      ] GC(804)   Evacuate Collection Set: 0.31ms
[2026-06-17T10:02:25.776+0800][22.273s][info][gc,phases      ] GC(804)   Post Evacuate Collection Set: 0.19ms
[2026-06-17T10:02:25.776+0800][22.273s][info][gc,phases      ] GC(804)   Other: 0.33ms
[2026-06-17T10:02:25.777+0800][22.274s][info][gc,heap        ] GC(804) Eden regions: 3->0(3)
[2026-06-17T10:02:25.777+0800][22.274s][info][gc,heap        ] GC(804) Survivor regions: 1->1(1)
[2026-06-17T10:02:25.777+0800][22.274s][info][gc,heap        ] GC(804) Old regions: 30->32
[2026-06-17T10:02:25.778+0800][22.275s][info][gc,heap        ] GC(804) Humongous regions: 20->20
[2026-06-17T10:02:25.778+0800][22.275s][info][gc,metaspace   ] GC(804) Metaspace: 112K(320K)->112K(320K) NonClass: 105K(192K)->105K(192K) Class: 7K(128K)->7K(128K)
[2026-06-17T10:02:25.779+0800][22.275s][info][gc             ] GC(804) Pause Young (Normal) (G1 Evacuation Pause) 49M->48M(64M) 5.434ms
[2026-06-17T10:02:25.779+0800][22.276s][info][gc,cpu         ] GC(804) User=0.01s Sys=0.00s Real=0.00s
[2026-06-17T10:02:25.790+0800][22.287s][info][gc,start       ] GC(805) Pause Young (Concurrent Start) (G1 Evacuation Pause)
[2026-06-17T10:02:25.790+0800][22.287s][info][gc,task        ] GC(805) Using 2 workers of 18 for evacuation
[2026-06-17T10:02:25.791+0800][22.288s][info][gc,phases      ] GC(805)   Pre Evacuate Collection Set: 0.13ms
[2026-06-17T10:02:25.792+0800][22.289s][info][gc,phases      ] GC(805)   Merge Heap Roots: 0.03ms
[2026-06-17T10:02:25.792+0800][22.289s][info][gc,phases      ] GC(805)   Evacuate Collection Set: 0.17ms
[2026-06-17T10:02:25.793+0800][22.290s][info][gc,phases      ] GC(805)   Post Evacuate Collection Set: 0.16ms
[2026-06-17T10:02:25.793+0800][22.290s][info][gc,phases      ] GC(805)   Other: 0.46ms
[2026-06-17T10:02:25.794+0800][22.290s][info][gc,heap        ] GC(805) Eden regions: 3->0(3)
[2026-06-17T10:02:25.794+0800][22.291s][info][gc,heap        ] GC(805) Survivor regions: 1->1(1)
[2026-06-17T10:02:25.794+0800][22.291s][info][gc,heap        ] GC(805) Old regions: 32->33
[2026-06-17T10:02:25.795+0800][22.292s][info][gc,heap        ] GC(805) Humongous regions: 20->20
[2026-06-17T10:02:25.795+0800][22.292s][info][gc,metaspace   ] GC(805) Metaspace: 112K(320K)->112K(320K) NonClass: 105K(192K)->105K(192K) Class: 7K(128K)->7K(128K)
[2026-06-17T10:02:25.795+0800][22.292s][info][gc             ] GC(805) Pause Young (Concurrent Start) (G1 Evacuation Pause) 51M->49M(64M) 5.598ms
[2026-06-17T10:02:25.796+0800][22.293s][info][gc,cpu         ] GC(805) User=0.00s Sys=0.00s Real=0.01s
[2026-06-17T10:02:25.796+0800][22.293s][info][gc             ] GC(806) Concurrent Mark Cycle
[2026-06-17T10:02:25.797+0800][22.294s][info][gc,marking     ] GC(806) Concurrent Scan Root Regions
[2026-06-17T10:02:25.796+0800][22.293s][info][gc,start       ] GC(807) Pause Young (Normal) (G1 Evacuation Pause)
[2026-06-17T10:02:25.797+0800][22.294s][info][gc,marking     ] GC(806) Concurrent Scan Root Regions 0.477ms
[2026-06-17T10:02:25.798+0800][22.295s][info][gc,marking     ] GC(806) Concurrent Mark
[2026-06-17T10:02:25.798+0800][22.295s][info][gc,marking     ] GC(806) Concurrent Mark From Roots
[2026-06-17T10:02:25.799+0800][22.296s][info][gc,task        ] GC(806) Using 5 workers of 5 for marking
[2026-06-17T10:02:25.798+0800][22.294s][info][gc,task        ] GC(807) Using 2 workers of 18 for evacuation
[2026-06-17T10:02:25.801+0800][22.297s][info][gc,phases      ] GC(807)   Pre Evacuate Collection Set: 0.10ms
[2026-06-17T10:02:25.801+0800][22.298s][info][gc,phases      ] GC(807)   Merge Heap Roots: 0.04ms
[2026-06-17T10:02:25.801+0800][22.298s][info][gc,phases      ] GC(807)   Evacuate Collection Set: 0.30ms
[2026-06-17T10:02:25.802+0800][22.299s][info][gc,phases      ] GC(807)   Post Evacuate Collection Set: 0.39ms
[2026-06-17T10:02:25.802+0800][22.299s][info][gc,phases      ] GC(807)   Other: 2.12ms
[2026-06-17T10:02:25.803+0800][22.299s][info][gc,heap        ] GC(807) Eden regions: 3->0(2)
[2026-06-17T10:02:25.803+0800][22.300s][info][gc,heap        ] GC(807) Survivor regions: 1->1(1)
[2026-06-17T10:02:25.803+0800][22.300s][info][gc,heap        ] GC(807) Old regions: 33->35
[2026-06-17T10:02:25.804+0800][22.301s][info][gc,heap        ] GC(807) Humongous regions: 20->20
[2026-06-17T10:02:25.804+0800][22.301s][info][gc,metaspace   ] GC(807) Metaspace: 112K(320K)->112K(320K) NonClass: 105K(192K)->105K(192K) Class: 7K(128K)->7K(128K)
[2026-06-17T10:02:25.805+0800][22.301s][info][gc             ] GC(807) Pause Young (Normal) (G1 Evacuation Pause) 52M->52M(64M) 8.031ms
[2026-06-17T10:02:25.805+0800][22.302s][info][gc,cpu         ] GC(807) User=0.00s Sys=0.00s Real=0.01s
[2026-06-17T10:02:25.807+0800][22.304s][info][gc,marking     ] GC(806) Concurrent Mark From Roots 8.352ms
[2026-06-17T10:02:25.807+0800][22.304s][info][gc,marking     ] GC(806) Concurrent Preclean
[2026-06-17T10:02:25.807+0800][22.304s][info][gc,marking     ] GC(806) Concurrent Preclean 0.201ms
[2026-06-17T10:02:25.807+0800][22.304s][info][gc,start       ] GC(806) Pause Remark
[2026-06-17T10:02:25.808+0800][22.305s][info][gc             ] GC(806) Pause Remark 52M->43M(64M) 0.709ms
[2026-06-17T10:02:25.808+0800][22.305s][info][gc,cpu         ] GC(806) User=0.00s Sys=0.00s Real=0.00s
[2026-06-17T10:02:25.809+0800][22.305s][info][gc,marking     ] GC(806) Concurrent Mark 10.598ms
[2026-06-17T10:02:25.809+0800][22.306s][info][gc,marking     ] GC(806) Concurrent Rebuild Remembered Sets and Scrub Regions
[2026-06-17T10:02:25.809+0800][22.306s][info][gc,marking     ] GC(806) Concurrent Rebuild Remembered Sets and Scrub Regions 0.502ms
[2026-06-17T10:02:25.810+0800][22.306s][info][gc,start       ] GC(806) Pause Cleanup
[2026-06-17T10:02:25.810+0800][22.307s][info][gc             ] GC(806) Pause Cleanup 43M->43M(64M) 0.185ms
[2026-06-17T10:02:25.810+0800][22.307s][info][gc,cpu         ] GC(806) User=0.00s Sys=0.00s Real=0.00s
[2026-06-17T10:02:25.810+0800][22.307s][info][gc,marking     ] GC(806) Concurrent Clear Claimed Marks
[2026-06-17T10:02:25.810+0800][22.307s][info][gc,marking     ] GC(806) Concurrent Clear Claimed Marks 0.114ms
[2026-06-17T10:02:25.810+0800][22.307s][info][gc,marking     ] GC(806) Concurrent Cleanup for Next Mark
[2026-06-17T10:02:25.811+0800][22.307s][info][gc,marking     ] GC(806) Concurrent Cleanup for Next Mark 0.281ms
[2026-06-17T10:02:25.811+0800][22.308s][info][gc             ] GC(806) Concurrent Mark Cycle 14.918ms
[2026-06-17T10:02:25.816+0800][22.313s][info][gc,start       ] GC(808) Pause Young (Prepare Mixed) (G1 Evacuation Pause)
[2026-06-17T10:02:25.816+0800][22.313s][info][gc,task        ] GC(808) Using 2 workers of 18 for evacuation
[2026-06-17T10:02:25.817+0800][22.314s][info][gc,phases      ] GC(808)   Pre Evacuate Collection Set: 0.11ms
[2026-06-17T10:02:25.818+0800][22.314s][info][gc,phases      ] GC(808)   Merge Heap Roots: 0.04ms
[2026-06-17T10:02:25.818+0800][22.315s][info][gc,phases      ] GC(808)   Evacuate Collection Set: 0.15ms
[2026-06-17T10:02:25.818+0800][22.315s][info][gc,phases      ] GC(808)   Post Evacuate Collection Set: 0.15ms
[2026-06-17T10:02:25.819+0800][22.316s][info][gc,phases      ] GC(808)   Other: 0.41ms
[2026-06-17T10:02:25.819+0800][22.316s][info][gc,heap        ] GC(808) Eden regions: 2->0(5)
[2026-06-17T10:02:25.819+0800][22.316s][info][gc,heap        ] GC(808) Survivor regions: 1->1(1)
[2026-06-17T10:02:25.819+0800][22.316s][info][gc,heap        ] GC(808) Old regions: 25->26
[2026-06-17T10:02:25.820+0800][22.316s][info][gc,heap        ] GC(808) Humongous regions: 20->20
[2026-06-17T10:02:25.820+0800][22.317s][info][gc,metaspace   ] GC(808) Metaspace: 112K(320K)->112K(320K) NonClass: 105K(192K)->105K(192K) Class: 7K(128K)->7K(128K)
[2026-06-17T10:02:25.820+0800][22.317s][info][gc             ] GC(808) Pause Young (Prepare Mixed) (G1 Evacuation Pause) 44M->43M(64M) 4.081ms
[2026-06-17T10:02:25.820+0800][22.317s][info][gc,cpu         ] GC(808) User=0.00s Sys=0.00s Real=0.00s
[2026-06-17T10:02:25.831+0800][22.328s][info][gc,start       ] GC(809) Pause Young (Mixed) (G1 Evacuation Pause)
[2026-06-17T10:02:25.833+0800][22.329s][info][gc,task        ] GC(809) Using 2 workers of 18 for evacuation
[2026-06-17T10:02:25.835+0800][22.332s][info][gc,phases      ] GC(809)   Pre Evacuate Collection Set: 0.17ms
[2026-06-17T10:02:25.836+0800][22.333s][info][gc,phases      ] GC(809)   Merge Heap Roots: 0.03ms
[2026-06-17T10:02:25.836+0800][22.333s][info][gc,phases      ] GC(809)   Evacuate Collection Set: 0.35ms
[2026-06-17T10:02:25.837+0800][22.334s][info][gc,phases      ] GC(809)   Post Evacuate Collection Set: 0.19ms
[2026-06-17T10:02:25.837+0800][22.334s][info][gc,phases      ] GC(809)   Other: 1.93ms
[2026-06-17T10:02:25.838+0800][22.334s][info][gc,heap        ] GC(809) Eden regions: 5->0(6)
[2026-06-17T10:02:25.838+0800][22.335s][info][gc,heap        ] GC(809) Survivor regions: 1->1(1)
[2026-06-17T10:02:25.839+0800][22.335s][info][gc,heap        ] GC(809) Old regions: 26->23
[2026-06-17T10:02:25.839+0800][22.336s][info][gc,heap        ] GC(809) Humongous regions: 20->20
[2026-06-17T10:02:25.840+0800][22.336s][info][gc,metaspace   ] GC(809) Metaspace: 112K(320K)->112K(320K) NonClass: 105K(192K)->105K(192K) Class: 7K(128K)->7K(128K)
[2026-06-17T10:02:25.840+0800][22.337s][info][gc             ] GC(809) Pause Young (Mixed) (G1 Evacuation Pause) 48M->41M(64M) 9.075ms
[2026-06-17T10:02:25.841+0800][22.337s][info][gc,cpu         ] GC(809) User=0.00s Sys=0.00s Real=0.00s
[2026-06-17T10:02:25.862+0800][22.359s][info][gc,start       ] GC(810) Pause Young (Mixed) (G1 Evacuation Pause)
[2026-06-17T10:02:25.862+0800][22.359s][info][gc,task        ] GC(810) Using 2 workers of 18 for evacuation
[2026-06-17T10:02:25.864+0800][22.360s][info][gc,phases      ] GC(810)   Pre Evacuate Collection Set: 0.14ms
[2026-06-17T10:02:25.864+0800][22.361s][info][gc,phases      ] GC(810)   Merge Heap Roots: 0.07ms
[2026-06-17T10:02:25.865+0800][22.362s][info][gc,phases      ] GC(810)   Evacuate Collection Set: 0.22ms
[2026-06-17T10:02:25.865+0800][22.362s][info][gc,phases      ] GC(810)   Post Evacuate Collection Set: 0.19ms
[2026-06-17T10:02:25.866+0800][22.363s][info][gc,phases      ] GC(810)   Other: 0.59ms
[2026-06-17T10:02:25.866+0800][22.363s][info][gc,heap        ] GC(810) Eden regions: 6->0(7)
[2026-06-17T10:02:25.867+0800][22.364s][info][gc,heap        ] GC(810) Survivor regions: 1->1(1)
[2026-06-17T10:02:25.868+0800][22.365s][info][gc,heap        ] GC(810) Old regions: 23->22
[2026-06-17T10:02:25.874+0800][22.371s][info][gc,heap        ] GC(810) Humongous regions: 20->20
[2026-06-17T10:02:25.875+0800][22.372s][info][gc,metaspace   ] GC(810) Metaspace: 112K(320K)->112K(320K) NonClass: 105K(192K)->105K(192K) Class: 7K(128K)->7K(128K)
[2026-06-17T10:02:25.875+0800][22.372s][info][gc             ] GC(810) Pause Young (Mixed) (G1 Evacuation Pause) 47M->41M(64M) 13.523ms
[2026-06-17T10:02:25.882+0800][22.379s][info][gc,cpu         ] GC(810) User=0.00s Sys=0.00s Real=0.02s
[2026-06-17T10:02:25.893+0800][22.390s][info][gc,start       ] GC(811) Pause Young (Normal) (G1 Evacuation Pause)
[2026-06-17T10:02:25.896+0800][22.393s][info][gc,task        ] GC(811) Using 2 workers of 18 for evacuation
[2026-06-17T10:02:25.897+0800][22.394s][info][gc,phases      ] GC(811)   Pre Evacuate Collection Set: 0.13ms
[2026-06-17T10:02:25.911+0800][22.408s][info][gc,phases      ] GC(811)   Merge Heap Roots: 0.05ms
[2026-06-17T10:02:25.912+0800][22.408s][info][gc,phases      ] GC(811)   Evacuate Collection Set: 0.40ms
[2026-06-17T10:02:25.912+0800][22.409s][info][gc,phases      ] GC(811)   Post Evacuate Collection Set: 0.32ms
[2026-06-17T10:02:25.912+0800][22.409s][info][gc,phases      ] GC(811)   Other: 0.60ms
[2026-06-17T10:02:25.913+0800][22.409s][info][gc,heap        ] GC(811) Eden regions: 7->0(6)
[2026-06-17T10:02:25.913+0800][22.410s][info][gc,heap        ] GC(811) Survivor regions: 1->1(1)
[2026-06-17T10:02:25.913+0800][22.410s][info][gc,heap        ] GC(811) Old regions: 22->26
[2026-06-17T10:02:25.913+0800][22.410s][info][gc,heap        ] GC(811) Humongous regions: 20->20
[2026-06-17T10:02:25.914+0800][22.410s][info][gc,metaspace   ] GC(811) Metaspace: 112K(320K)->112K(320K) NonClass: 105K(192K)->105K(192K) Class: 7K(128K)->7K(128K)
[2026-06-17T10:02:25.914+0800][22.411s][info][gc             ] GC(811) Pause Young (Normal) (G1 Evacuation Pause) 48M->44M(64M) 20.615ms
[2026-06-17T10:02:25.914+0800][22.411s][info][gc,cpu         ] GC(811) User=0.00s Sys=0.00s Real=0.02s
[2026-06-17T10:02:25.935+0800][22.432s][info][gc,start       ] GC(812) Pause Young (Normal) (G1 Evacuation Pause)
[2026-06-17T10:02:25.946+0800][22.443s][info][gc,task        ] GC(812) Using 2 workers of 18 for evacuation
[2026-06-17T10:02:25.948+0800][22.445s][info][gc,phases      ] GC(812)   Pre Evacuate Collection Set: 0.22ms
[2026-06-17T10:02:25.948+0800][22.445s][info][gc,phases      ] GC(812)   Merge Heap Roots: 0.06ms
[2026-06-17T10:02:25.952+0800][22.449s][info][gc,phases      ] GC(812)   Evacuate Collection Set: 0.27ms
[2026-06-17T10:02:25.955+0800][22.452s][info][gc,phases      ] GC(812)   Post Evacuate Collection Set: 0.20ms
[2026-06-17T10:02:25.959+0800][22.456s][info][gc,phases      ] GC(812)   Other: 1.46ms
[2026-06-17T10:02:25.964+0800][22.461s][info][gc,heap        ] GC(812) Eden regions: 6->0(6)
[2026-06-17T10:02:25.964+0800][22.461s][info][gc,heap        ] GC(812) Survivor regions: 1->1(1)
[2026-06-17T10:02:25.965+0800][22.461s][info][gc,heap        ] GC(812) Old regions: 26->27
[2026-06-17T10:02:25.967+0800][22.464s][info][gc,heap        ] GC(812) Humongous regions: 20->20
[2026-06-17T10:02:25.971+0800][22.468s][info][gc,metaspace   ] GC(812) Metaspace: 112K(320K)->112K(320K) NonClass: 105K(192K)->105K(192K) Class: 7K(128K)->7K(128K)
[2026-06-17T10:02:25.983+0800][22.480s][info][gc             ] GC(812) Pause Young (Normal) (G1 Evacuation Pause) 50M->46M(64M) 48.193ms
[2026-06-17T10:02:25.987+0800][22.484s][info][gc,cpu         ] GC(812) User=0.00s Sys=0.00s Real=0.05s
[2026-06-17T10:02:25.998+0800][22.495s][info][gc,start       ] GC(813) Pause Young (Concurrent Start) (G1 Evacuation Pause)
[2026-06-17T10:02:25.999+0800][22.496s][info][gc,task        ] GC(813) Using 2 workers of 18 for evacuation
[2026-06-17T10:02:26.000+0800][22.497s][info][gc,phases      ] GC(813)   Pre Evacuate Collection Set: 0.17ms
[2026-06-17T10:02:26.000+0800][22.497s][info][gc,phases      ] GC(813)   Merge Heap Roots: 0.07ms
[2026-06-17T10:02:26.000+0800][22.497s][info][gc,phases      ] GC(813)   Evacuate Collection Set: 0.34ms
[2026-06-17T10:02:26.001+0800][22.498s][info][gc,phases      ] GC(813)   Post Evacuate Collection Set: 0.22ms
[2026-06-17T10:02:26.001+0800][22.498s][info][gc,phases      ] GC(813)   Other: 0.40ms
[2026-06-17T10:02:26.001+0800][22.498s][info][gc,heap        ] GC(813) Eden regions: 6->0(3)
[2026-06-17T10:02:26.002+0800][22.498s][info][gc,heap        ] GC(813) Survivor regions: 1->1(1)
[2026-06-17T10:02:26.002+0800][22.499s][info][gc,heap        ] GC(813) Old regions: 27->31
[2026-06-17T10:02:26.002+0800][22.499s][info][gc,heap        ] GC(813) Humongous regions: 20->20
[2026-06-17T10:02:26.003+0800][22.499s][info][gc,metaspace   ] GC(813) Metaspace: 112K(320K)->112K(320K) NonClass: 105K(192K)->105K(192K) Class: 7K(128K)->7K(128K)
[2026-06-17T10:02:26.003+0800][22.500s][info][gc             ] GC(813) Pause Young (Concurrent Start) (G1 Evacuation Pause) 52M->50M(64M) 4.743ms
[2026-06-17T10:02:26.003+0800][22.500s][info][gc,cpu         ] GC(813) User=0.00s Sys=0.00s Real=0.01s
[2026-06-17T10:02:26.003+0800][22.500s][info][gc             ] GC(814) Concurrent Mark Cycle
[2026-06-17T10:02:26.003+0800][22.500s][info][gc,marking     ] GC(814) Concurrent Scan Root Regions
[2026-06-17T10:02:26.004+0800][22.501s][info][gc,marking     ] GC(814) Concurrent Scan Root Regions 0.263ms
[2026-06-17T10:02:26.004+0800][22.501s][info][gc,marking     ] GC(814) Concurrent Mark
[2026-06-17T10:02:26.004+0800][22.501s][info][gc,marking     ] GC(814) Concurrent Mark From Roots
[2026-06-17T10:02:26.004+0800][22.501s][info][gc,task        ] GC(814) Using 5 workers of 5 for marking
[2026-06-17T10:02:26.005+0800][22.502s][info][gc,marking     ] GC(814) Concurrent Mark From Roots 1.341ms
[2026-06-17T10:02:26.005+0800][22.502s][info][gc,marking     ] GC(814) Concurrent Preclean
[2026-06-17T10:02:26.005+0800][22.502s][info][gc,marking     ] GC(814) Concurrent Preclean 0.104ms
[2026-06-17T10:02:26.006+0800][22.502s][info][gc,start       ] GC(814) Pause Remark
[2026-06-17T10:02:26.006+0800][22.503s][info][gc             ] GC(814) Pause Remark 53M->50M(64M) 0.481ms
[2026-06-17T10:02:26.006+0800][22.503s][info][gc,cpu         ] GC(814) User=0.00s Sys=0.00s Real=0.00s
[2026-06-17T10:02:26.007+0800][22.503s][info][gc,marking     ] GC(814) Concurrent Mark 2.805ms
[2026-06-17T10:02:26.007+0800][22.504s][info][gc,marking     ] GC(814) Concurrent Rebuild Remembered Sets and Scrub Regions
[2026-06-17T10:02:26.008+0800][22.504s][info][gc,marking     ] GC(814) Concurrent Rebuild Remembered Sets and Scrub Regions 0.612ms
[2026-06-17T10:02:26.008+0800][22.505s][info][gc,start       ] GC(814) Pause Cleanup
[2026-06-17T10:02:26.008+0800][22.505s][info][gc             ] GC(814) Pause Cleanup 50M->50M(64M) 0.234ms
[2026-06-17T10:02:26.009+0800][22.505s][info][gc,cpu         ] GC(814) User=0.00s Sys=0.00s Real=0.00s
[2026-06-17T10:02:26.009+0800][22.506s][info][gc,marking     ] GC(814) Concurrent Clear Claimed Marks
[2026-06-17T10:02:26.009+0800][22.506s][info][gc,marking     ] GC(814) Concurrent Clear Claimed Marks 0.205ms
[2026-06-17T10:02:26.009+0800][22.506s][info][gc,marking     ] GC(814) Concurrent Cleanup for Next Mark
[2026-06-17T10:02:26.009+0800][22.506s][info][gc,marking     ] GC(814) Concurrent Cleanup for Next Mark 0.230ms
[2026-06-17T10:02:26.009+0800][22.506s][info][gc             ] GC(814) Concurrent Mark Cycle 6.386ms
[2026-06-17T10:02:26.014+0800][22.511s][info][gc,start       ] GC(815) Pause Young (Prepare Mixed) (G1 Evacuation Pause)
[2026-06-17T10:02:26.014+0800][22.511s][info][gc,task        ] GC(815) Using 2 workers of 18 for evacuation
[2026-06-17T10:02:26.015+0800][22.511s][info][gc,phases      ] GC(815)   Pre Evacuate Collection Set: 0.11ms
[2026-06-17T10:02:26.015+0800][22.512s][info][gc,phases      ] GC(815)   Merge Heap Roots: 0.04ms
[2026-06-17T10:02:26.015+0800][22.512s][info][gc,phases      ] GC(815)   Evacuate Collection Set: 0.20ms
[2026-06-17T10:02:26.015+0800][22.512s][info][gc,phases      ] GC(815)   Post Evacuate Collection Set: 0.21ms
[2026-06-17T10:02:26.015+0800][22.512s][info][gc,phases      ] GC(815)   Other: 0.17ms
[2026-06-17T10:02:26.015+0800][22.512s][info][gc,heap        ] GC(815) Eden regions: 3->0(9)
[2026-06-17T10:02:26.015+0800][22.512s][info][gc,heap        ] GC(815) Survivor regions: 1->1(1)
[2026-06-17T10:02:26.015+0800][22.512s][info][gc,heap        ] GC(815) Old regions: 28->30
[2026-06-17T10:02:26.015+0800][22.512s][info][gc,heap        ] GC(815) Humongous regions: 22->12
[2026-06-17T10:02:26.016+0800][22.512s][info][gc,metaspace   ] GC(815) Metaspace: 112K(320K)->112K(320K) NonClass: 105K(192K)->105K(192K) Class: 7K(128K)->7K(128K)
[2026-06-17T10:02:26.016+0800][22.512s][info][gc             ] GC(815) Pause Young (Prepare Mixed) (G1 Evacuation Pause) 51M->40M(64M) 1.919ms
[2026-06-17T10:02:26.016+0800][22.513s][info][gc,cpu         ] GC(815) User=0.00s Sys=0.00s Real=0.00s
[2026-06-17T10:02:26.037+0800][22.534s][info][gc,start       ] GC(816) Pause Young (Mixed) (G1 Evacuation Pause)
[2026-06-17T10:02:26.038+0800][22.534s][info][gc,task        ] GC(816) Using 2 workers of 18 for evacuation
[2026-06-17T10:02:26.039+0800][22.536s][info][gc,phases      ] GC(816)   Pre Evacuate Collection Set: 0.14ms
[2026-06-17T10:02:26.039+0800][22.536s][info][gc,phases      ] GC(816)   Merge Heap Roots: 0.06ms
[2026-06-17T10:02:26.039+0800][22.536s][info][gc,phases      ] GC(816)   Evacuate Collection Set: 0.62ms
[2026-06-17T10:02:26.040+0800][22.536s][info][gc,phases      ] GC(816)   Post Evacuate Collection Set: 0.26ms
[2026-06-17T10:02:26.040+0800][22.537s][info][gc,phases      ] GC(816)   Other: 0.42ms
[2026-06-17T10:02:26.040+0800][22.537s][info][gc,heap        ] GC(816) Eden regions: 9->0(9)
[2026-06-17T10:02:26.040+0800][22.537s][info][gc,heap        ] GC(816) Survivor regions: 1->2(2)
[2026-06-17T10:02:26.040+0800][22.537s][info][gc,heap        ] GC(816) Old regions: 30->29
[2026-06-17T10:02:26.040+0800][22.537s][info][gc,heap        ] GC(816) Humongous regions: 12->12
[2026-06-17T10:02:26.040+0800][22.537s][info][gc,metaspace   ] GC(816) Metaspace: 112K(320K)->112K(320K) NonClass: 105K(192K)->105K(192K) Class: 7K(128K)->7K(128K)
[2026-06-17T10:02:26.040+0800][22.537s][info][gc             ] GC(816) Pause Young (Mixed) (G1 Evacuation Pause) 49M->40M(64M) 3.444ms
[2026-06-17T10:02:26.041+0800][22.537s][info][gc,cpu         ] GC(816) User=0.01s Sys=0.00s Real=0.00s
[2026-06-17T10:02:26.062+0800][22.559s][info][gc,start       ] GC(817) Pause Young (Mixed) (G1 Evacuation Pause)
[2026-06-17T10:02:26.063+0800][22.559s][info][gc,task        ] GC(817) Using 2 workers of 18 for evacuation
[2026-06-17T10:02:26.064+0800][22.561s][info][gc,phases      ] GC(817)   Pre Evacuate Collection Set: 0.17ms
[2026-06-17T10:02:26.064+0800][22.561s][info][gc,phases      ] GC(817)   Merge Heap Roots: 0.07ms
[2026-06-17T10:02:26.064+0800][22.561s][info][gc,phases      ] GC(817)   Evacuate Collection Set: 0.30ms
[2026-06-17T10:02:26.065+0800][22.562s][info][gc,phases      ] GC(817)   Post Evacuate Collection Set: 0.29ms
[2026-06-17T10:02:26.065+0800][22.562s][info][gc,phases      ] GC(817)   Other: 0.51ms
[2026-06-17T10:02:26.065+0800][22.562s][info][gc,heap        ] GC(817) Eden regions: 9->0(10)
[2026-06-17T10:02:26.065+0800][22.562s][info][gc,heap        ] GC(817) Survivor regions: 2->2(2)
[2026-06-17T10:02:26.065+0800][22.562s][info][gc,heap        ] GC(817) Old regions: 29->29
[2026-06-17T10:02:26.065+0800][22.562s][info][gc,heap        ] GC(817) Humongous regions: 12->12
[2026-06-17T10:02:26.066+0800][22.562s][info][gc,metaspace   ] GC(817) Metaspace: 112K(320K)->112K(320K) NonClass: 105K(192K)->105K(192K) Class: 7K(128K)->7K(128K)
[2026-06-17T10:02:26.066+0800][22.563s][info][gc             ] GC(817) Pause Young (Mixed) (G1 Evacuation Pause) 49M->40M(64M) 4.155ms
[2026-06-17T10:02:26.066+0800][22.563s][info][gc,cpu         ] GC(817) User=0.00s Sys=0.00s Real=0.01s
[2026-06-17T10:02:26.098+0800][22.594s][info][gc,start       ] GC(818) Pause Young (Normal) (G1 Evacuation Pause)
[2026-06-17T10:02:26.098+0800][22.595s][info][gc,task        ] GC(818) Using 2 workers of 18 for evacuation
[2026-06-17T10:02:26.103+0800][22.600s][info][gc,phases      ] GC(818)   Pre Evacuate Collection Set: 0.13ms
[2026-06-17T10:02:26.110+0800][22.607s][info][gc,phases      ] GC(818)   Merge Heap Roots: 0.05ms
[2026-06-17T10:02:26.123+0800][22.620s][info][gc,phases      ] GC(818)   Evacuate Collection Set: 0.38ms
[2026-06-17T10:02:26.123+0800][22.620s][info][gc,phases      ] GC(818)   Post Evacuate Collection Set: 0.26ms
[2026-06-17T10:02:26.124+0800][22.621s][info][gc,phases      ] GC(818)   Other: 4.26ms
[2026-06-17T10:02:26.124+0800][22.621s][info][gc,heap        ] GC(818) Eden regions: 10->0(8)
[2026-06-17T10:02:26.124+0800][22.621s][info][gc,heap        ] GC(818) Survivor regions: 2->2(2)
[2026-06-17T10:02:26.124+0800][22.621s][info][gc,heap        ] GC(818) Old regions: 29->32
[2026-06-17T10:02:26.124+0800][22.621s][info][gc,heap        ] GC(818) Humongous regions: 12->12
[2026-06-17T10:02:26.124+0800][22.621s][info][gc,metaspace   ] GC(818) Metaspace: 112K(320K)->112K(320K) NonClass: 105K(192K)->105K(192K) Class: 7K(128K)->7K(128K)
[2026-06-17T10:02:26.125+0800][22.621s][info][gc             ] GC(818) Pause Young (Normal) (G1 Evacuation Pause) 50M->44M(64M) 27.059ms
[2026-06-17T10:02:26.125+0800][22.622s][info][gc,cpu         ] GC(818) User=0.00s Sys=0.00s Real=0.03s
[2026-06-17T10:02:26.146+0800][22.643s][info][gc,start       ] GC(819) Pause Young (Concurrent Start) (G1 Evacuation Pause)
[2026-06-17T10:02:26.147+0800][22.643s][info][gc,task        ] GC(819) Using 2 workers of 18 for evacuation
[2026-06-17T10:02:26.148+0800][22.645s][info][gc,phases      ] GC(819)   Pre Evacuate Collection Set: 0.39ms
[2026-06-17T10:02:26.149+0800][22.645s][info][gc,phases      ] GC(819)   Merge Heap Roots: 0.06ms
[2026-06-17T10:02:26.149+0800][22.646s][info][gc,phases      ] GC(819)   Evacuate Collection Set: 0.43ms
[2026-06-17T10:02:26.149+0800][22.646s][info][gc,phases      ] GC(819)   Post Evacuate Collection Set: 0.37ms
[2026-06-17T10:02:26.149+0800][22.646s][info][gc,phases      ] GC(819)   Other: 0.40ms
[2026-06-17T10:02:26.149+0800][22.646s][info][gc,heap        ] GC(819) Eden regions: 8->0(5)
[2026-06-17T10:02:26.150+0800][22.647s][info][gc,heap        ] GC(819) Survivor regions: 2->2(2)
[2026-06-17T10:02:26.150+0800][22.647s][info][gc,heap        ] GC(819) Old regions: 32->35
[2026-06-17T10:02:26.150+0800][22.647s][info][gc,heap        ] GC(819) Humongous regions: 12->12
[2026-06-17T10:02:26.150+0800][22.647s][info][gc,metaspace   ] GC(819) Metaspace: 112K(320K)->112K(320K) NonClass: 105K(192K)->105K(192K) Class: 7K(128K)->7K(128K)
[2026-06-17T10:02:26.150+0800][22.647s][info][gc             ] GC(819) Pause Young (Concurrent Start) (G1 Evacuation Pause) 52M->47M(64M) 4.061ms
[2026-06-17T10:02:26.150+0800][22.647s][info][gc,cpu         ] GC(819) User=0.00s Sys=0.00s Real=0.00s
[2026-06-17T10:02:26.150+0800][22.647s][info][gc             ] GC(820) Concurrent Mark Cycle
[2026-06-17T10:02:26.151+0800][22.647s][info][gc,marking     ] GC(820) Concurrent Scan Root Regions
[2026-06-17T10:02:26.151+0800][22.648s][info][gc,marking     ] GC(820) Concurrent Scan Root Regions 0.178ms
[2026-06-17T10:02:26.151+0800][22.648s][info][gc,marking     ] GC(820) Concurrent Mark
[2026-06-17T10:02:26.151+0800][22.648s][info][gc,marking     ] GC(820) Concurrent Mark From Roots
[2026-06-17T10:02:26.151+0800][22.648s][info][gc,task        ] GC(820) Using 5 workers of 5 for marking
[2026-06-17T10:02:26.152+0800][22.649s][info][gc,marking     ] GC(820) Concurrent Mark From Roots 1.581ms
[2026-06-17T10:02:26.154+0800][22.651s][info][gc,marking     ] GC(820) Concurrent Preclean
[2026-06-17T10:02:26.155+0800][22.652s][info][gc,marking     ] GC(820) Concurrent Preclean 0.188ms
[2026-06-17T10:02:26.155+0800][22.652s][info][gc,start       ] GC(820) Pause Remark
[2026-06-17T10:02:26.155+0800][22.652s][info][gc             ] GC(820) Pause Remark 48M->40M(64M) 0.601ms
[2026-06-17T10:02:26.156+0800][22.652s][info][gc,cpu         ] GC(820) User=0.00s Sys=0.00s Real=0.00s
[2026-06-17T10:02:26.156+0800][22.653s][info][gc,marking     ] GC(820) Concurrent Mark 5.014ms
[2026-06-17T10:02:26.156+0800][22.653s][info][gc,marking     ] GC(820) Concurrent Rebuild Remembered Sets and Scrub Regions
[2026-06-17T10:02:26.157+0800][22.653s][info][gc,marking     ] GC(820) Concurrent Rebuild Remembered Sets and Scrub Regions 0.593ms
[2026-06-17T10:02:26.157+0800][22.654s][info][gc,start       ] GC(820) Pause Cleanup
[2026-06-17T10:02:26.157+0800][22.654s][info][gc             ] GC(820) Pause Cleanup 40M->40M(64M) 0.173ms
[2026-06-17T10:02:26.157+0800][22.654s][info][gc,cpu         ] GC(820) User=0.00s Sys=0.00s Real=0.00s
[2026-06-17T10:02:26.157+0800][22.654s][info][gc,marking     ] GC(820) Concurrent Clear Claimed Marks
[2026-06-17T10:02:26.157+0800][22.654s][info][gc,marking     ] GC(820) Concurrent Clear Claimed Marks 0.102ms
[2026-06-17T10:02:26.158+0800][22.654s][info][gc,marking     ] GC(820) Concurrent Cleanup for Next Mark
[2026-06-17T10:02:26.158+0800][22.655s][info][gc,marking     ] GC(820) Concurrent Cleanup for Next Mark 0.265ms
[2026-06-17T10:02:26.158+0800][22.655s][info][gc             ] GC(820) Concurrent Mark Cycle 7.598ms
[2026-06-17T10:02:26.161+0800][22.658s][info][gc,start       ] GC(821) Pause Young (Prepare Mixed) (G1 Evacuation Pause)
[2026-06-17T10:02:26.161+0800][22.658s][info][gc,task        ] GC(821) Using 2 workers of 18 for evacuation
[2026-06-17T10:02:26.162+0800][22.659s][info][gc,phases      ] GC(821)   Pre Evacuate Collection Set: 0.12ms
[2026-06-17T10:02:26.162+0800][22.659s][info][gc,phases      ] GC(821)   Merge Heap Roots: 0.04ms
[2026-06-17T10:02:26.162+0800][22.659s][info][gc,phases      ] GC(821)   Evacuate Collection Set: 0.14ms
[2026-06-17T10:02:26.162+0800][22.659s][info][gc,phases      ] GC(821)   Post Evacuate Collection Set: 0.14ms
[2026-06-17T10:02:26.162+0800][22.659s][info][gc,phases      ] GC(821)   Other: 0.17ms
[2026-06-17T10:02:26.162+0800][22.659s][info][gc,heap        ] GC(821) Eden regions: 5->0(12)
[2026-06-17T10:02:26.163+0800][22.659s][info][gc,heap        ] GC(821) Survivor regions: 2->1(1)
[2026-06-17T10:02:26.163+0800][22.660s][info][gc,heap        ] GC(821) Old regions: 26->27
[2026-06-17T10:02:26.163+0800][22.660s][info][gc,heap        ] GC(821) Humongous regions: 12->12
[2026-06-17T10:02:26.163+0800][22.660s][info][gc,metaspace   ] GC(821) Metaspace: 112K(320K)->112K(320K) NonClass: 105K(192K)->105K(192K) Class: 7K(128K)->7K(128K)
[2026-06-17T10:02:26.163+0800][22.660s][info][gc             ] GC(821) Pause Young (Prepare Mixed) (G1 Evacuation Pause) 44M->38M(64M) 1.750ms
[2026-06-17T10:02:26.163+0800][22.660s][info][gc,cpu         ] GC(821) User=0.00s Sys=0.00s Real=0.01s
[2026-06-17T10:02:26.195+0800][22.691s][info][gc,start       ] GC(822) Pause Young (Mixed) (G1 Evacuation Pause)
[2026-06-17T10:02:26.195+0800][22.692s][info][gc,task        ] GC(822) Using 2 workers of 18 for evacuation
[2026-06-17T10:02:26.196+0800][22.693s][info][gc,phases      ] GC(822)   Pre Evacuate Collection Set: 0.14ms
[2026-06-17T10:02:26.196+0800][22.693s][info][gc,phases      ] GC(822)   Merge Heap Roots: 0.05ms
[2026-06-17T10:02:26.197+0800][22.693s][info][gc,phases      ] GC(822)   Evacuate Collection Set: 0.39ms
[2026-06-17T10:02:26.197+0800][22.694s][info][gc,phases      ] GC(822)   Post Evacuate Collection Set: 0.18ms
[2026-06-17T10:02:26.197+0800][22.694s][info][gc,phases      ] GC(822)   Other: 0.29ms
[2026-06-17T10:02:26.197+0800][22.694s][info][gc,heap        ] GC(822) Eden regions: 12->0(14)
[2026-06-17T10:02:26.197+0800][22.694s][info][gc,heap        ] GC(822) Survivor regions: 1->2(2)
[2026-06-17T10:02:26.197+0800][22.694s][info][gc,heap        ] GC(822) Old regions: 27->23
[2026-06-17T10:02:26.197+0800][22.694s][info][gc,heap        ] GC(822) Humongous regions: 12->12
[2026-06-17T10:02:26.197+0800][22.694s][info][gc,metaspace   ] GC(822) Metaspace: 112K(320K)->112K(320K) NonClass: 105K(192K)->105K(192K) Class: 7K(128K)->7K(128K)
[2026-06-17T10:02:26.197+0800][22.694s][info][gc             ] GC(822) Pause Young (Mixed) (G1 Evacuation Pause) 50M->36M(64M) 2.800ms
[2026-06-17T10:02:26.198+0800][22.694s][info][gc,cpu         ] GC(822) User=0.00s Sys=0.00s Real=0.00s
[2026-06-17T10:02:26.229+0800][22.726s][info][gc,start       ] GC(823) Pause Young (Mixed) (G1 Evacuation Pause)
[2026-06-17T10:02:26.230+0800][22.727s][info][gc,task        ] GC(823) Using 2 workers of 18 for evacuation
[2026-06-17T10:02:26.231+0800][22.728s][info][gc,phases      ] GC(823)   Pre Evacuate Collection Set: 0.13ms
[2026-06-17T10:02:26.232+0800][22.729s][info][gc,phases      ] GC(823)   Merge Heap Roots: 0.04ms
[2026-06-17T10:02:26.232+0800][22.729s][info][gc,phases      ] GC(823)   Evacuate Collection Set: 0.73ms
[2026-06-17T10:02:26.233+0800][22.729s][info][gc,phases      ] GC(823)   Post Evacuate Collection Set: 0.55ms
[2026-06-17T10:02:26.233+0800][22.730s][info][gc,phases      ] GC(823)   Other: 0.16ms
[2026-06-17T10:02:26.233+0800][22.730s][info][gc,heap        ] GC(823) Eden regions: 14->0(14)
[2026-06-17T10:02:26.233+0800][22.730s][info][gc,heap        ] GC(823) Survivor regions: 2->2(2)
[2026-06-17T10:02:26.233+0800][22.730s][info][gc,heap        ] GC(823) Old regions: 23->23
[2026-06-17T10:02:26.233+0800][22.730s][info][gc,heap        ] GC(823) Humongous regions: 12->12
[2026-06-17T10:02:26.233+0800][22.730s][info][gc,metaspace   ] GC(823) Metaspace: 112K(320K)->112K(320K) NonClass: 105K(192K)->105K(192K) Class: 7K(128K)->7K(128K)
[2026-06-17T10:02:26.233+0800][22.730s][info][gc             ] GC(823) Pause Young (Mixed) (G1 Evacuation Pause) 50M->36M(64M) 4.177ms
[2026-06-17T10:02:26.234+0800][22.730s][info][gc,cpu         ] GC(823) User=0.01s Sys=0.00s Real=0.01s
[2026-06-17T10:02:26.276+0800][22.773s][info][gc,start       ] GC(824) Pause Young (Normal) (G1 Evacuation Pause)
[2026-06-17T10:02:26.276+0800][22.773s][info][gc,task        ] GC(824) Using 2 workers of 18 for evacuation
[2026-06-17T10:02:26.277+0800][22.774s][info][gc,phases      ] GC(824)   Pre Evacuate Collection Set: 0.13ms
[2026-06-17T10:02:26.278+0800][22.775s][info][gc,phases      ] GC(824)   Merge Heap Roots: 0.06ms
[2026-06-17T10:02:26.278+0800][22.775s][info][gc,phases      ] GC(824)   Evacuate Collection Set: 0.44ms
[2026-06-17T10:02:26.278+0800][22.775s][info][gc,phases      ] GC(824)   Post Evacuate Collection Set: 0.23ms
[2026-06-17T10:02:26.278+0800][22.775s][info][gc,phases      ] GC(824)   Other: 0.34ms
[2026-06-17T10:02:26.278+0800][22.775s][info][gc,heap        ] GC(824) Eden regions: 14->0(10)
[2026-06-17T10:02:26.279+0800][22.775s][info][gc,heap        ] GC(824) Survivor regions: 2->2(2)
[2026-06-17T10:02:26.279+0800][22.776s][info][gc,heap        ] GC(824) Old regions: 23->28
[2026-06-17T10:02:26.279+0800][22.776s][info][gc,heap        ] GC(824) Humongous regions: 14->14
[2026-06-17T10:02:26.279+0800][22.776s][info][gc,metaspace   ] GC(824) Metaspace: 112K(320K)->112K(320K) NonClass: 105K(192K)->105K(192K) Class: 7K(128K)->7K(128K)
[2026-06-17T10:02:26.279+0800][22.776s][info][gc             ] GC(824) Pause Young (Normal) (G1 Evacuation Pause) 52M->43M(64M) 3.407ms
[2026-06-17T10:02:26.280+0800][22.777s][info][gc,cpu         ] GC(824) User=0.00s Sys=0.00s Real=0.00s
[2026-06-17T10:02:26.301+0800][22.798s][info][gc,start       ] GC(825) Pause Young (Concurrent Start) (G1 Evacuation Pause)
[2026-06-17T10:02:26.302+0800][22.799s][info][gc,task        ] GC(825) Using 2 workers of 18 for evacuation
[2026-06-17T10:02:26.303+0800][22.800s][info][gc,phases      ] GC(825)   Pre Evacuate Collection Set: 0.18ms
[2026-06-17T10:02:26.303+0800][22.800s][info][gc,phases      ] GC(825)   Merge Heap Roots: 0.07ms
[2026-06-17T10:02:26.305+0800][22.802s][info][gc,phases      ] GC(825)   Evacuate Collection Set: 0.27ms
[2026-06-17T10:02:26.306+0800][22.803s][info][gc,phases      ] GC(825)   Post Evacuate Collection Set: 0.21ms
[2026-06-17T10:02:26.323+0800][22.819s][info][gc,phases      ] GC(825)   Other: 0.29ms
[2026-06-17T10:02:26.323+0800][22.820s][info][gc,heap        ] GC(825) Eden regions: 10->0(10)
[2026-06-17T10:02:26.324+0800][22.821s][info][gc,heap        ] GC(825) Survivor regions: 2->2(2)
[2026-06-17T10:02:26.324+0800][22.821s][info][gc,heap        ] GC(825) Old regions: 28->29
[2026-06-17T10:02:26.324+0800][22.821s][info][gc,heap        ] GC(825) Humongous regions: 14->14
[2026-06-17T10:02:26.324+0800][22.821s][info][gc,metaspace   ] GC(825) Metaspace: 112K(320K)->112K(320K) NonClass: 105K(192K)->105K(192K) Class: 7K(128K)->7K(128K)
[2026-06-17T10:02:26.325+0800][22.822s][info][gc             ] GC(825) Pause Young (Concurrent Start) (G1 Evacuation Pause) 53M->43M(64M) 23.356ms
[2026-06-17T10:02:26.325+0800][22.822s][info][gc,cpu         ] GC(825) User=0.00s Sys=0.00s Real=0.03s
[2026-06-17T10:02:26.325+0800][22.822s][info][gc             ] GC(826) Concurrent Mark Cycle
[2026-06-17T10:02:26.325+0800][22.822s][info][gc,marking     ] GC(826) Concurrent Scan Root Regions
[2026-06-17T10:02:26.326+0800][22.823s][info][gc,marking     ] GC(826) Concurrent Scan Root Regions 0.402ms
[2026-06-17T10:02:26.326+0800][22.823s][info][gc,marking     ] GC(826) Concurrent Mark
[2026-06-17T10:02:26.326+0800][22.823s][info][gc,marking     ] GC(826) Concurrent Mark From Roots
[2026-06-17T10:02:26.326+0800][22.823s][info][gc,task        ] GC(826) Using 5 workers of 5 for marking
[2026-06-17T10:02:26.328+0800][22.825s][info][gc,marking     ] GC(826) Concurrent Mark From Roots 1.733ms
[2026-06-17T10:02:26.336+0800][22.833s][info][gc,marking     ] GC(826) Concurrent Preclean
[2026-06-17T10:02:26.336+0800][22.833s][info][gc,marking     ] GC(826) Concurrent Preclean 0.421ms
[2026-06-17T10:02:26.343+0800][22.840s][info][gc,start       ] GC(826) Pause Remark
[2026-06-17T10:02:26.347+0800][22.844s][info][gc             ] GC(826) Pause Remark 48M->41M(64M) 3.437ms
[2026-06-17T10:02:26.348+0800][22.844s][info][gc,cpu         ] GC(826) User=0.00s Sys=0.00s Real=0.00s
[2026-06-17T10:02:26.348+0800][22.845s][info][gc,marking     ] GC(826) Concurrent Mark 21.981ms
[2026-06-17T10:02:26.348+0800][22.845s][info][gc,marking     ] GC(826) Concurrent Rebuild Remembered Sets and Scrub Regions
[2026-06-17T10:02:26.349+0800][22.845s][info][gc,marking     ] GC(826) Concurrent Rebuild Remembered Sets and Scrub Regions 0.540ms
[2026-06-17T10:02:26.349+0800][22.846s][info][gc,start       ] GC(826) Pause Cleanup
[2026-06-17T10:02:26.349+0800][22.846s][info][gc             ] GC(826) Pause Cleanup 44M->44M(64M) 0.193ms
[2026-06-17T10:02:26.349+0800][22.846s][info][gc,cpu         ] GC(826) User=0.00s Sys=0.00s Real=0.00s
[2026-06-17T10:02:26.349+0800][22.846s][info][gc,marking     ] GC(826) Concurrent Clear Claimed Marks
[2026-06-17T10:02:26.350+0800][22.846s][info][gc,marking     ] GC(826) Concurrent Clear Claimed Marks 0.173ms
[2026-06-17T10:02:26.350+0800][22.847s][info][gc,marking     ] GC(826) Concurrent Cleanup for Next Mark
[2026-06-17T10:02:26.350+0800][22.847s][info][gc,marking     ] GC(826) Concurrent Cleanup for Next Mark 0.300ms
[2026-06-17T10:02:26.350+0800][22.847s][info][gc             ] GC(826) Concurrent Mark Cycle 25.237ms
[2026-06-17T10:02:26.359+0800][22.855s][info][gc,start       ] GC(827) Pause Young (Prepare Mixed) (G1 Evacuation Pause)
[2026-06-17T10:02:26.359+0800][22.856s][info][gc,task        ] GC(827) Using 2 workers of 18 for evacuation
[2026-06-17T10:02:26.360+0800][22.857s][info][gc,phases      ] GC(827)   Pre Evacuate Collection Set: 0.12ms
[2026-06-17T10:02:26.360+0800][22.857s][info][gc,phases      ] GC(827)   Merge Heap Roots: 0.05ms
[2026-06-17T10:02:26.360+0800][22.857s][info][gc,phases      ] GC(827)   Evacuate Collection Set: 0.31ms
[2026-06-17T10:02:26.360+0800][22.857s][info][gc,phases      ] GC(827)   Post Evacuate Collection Set: 0.20ms
[2026-06-17T10:02:26.360+0800][22.857s][info][gc,phases      ] GC(827)   Other: 0.16ms
[2026-06-17T10:02:26.360+0800][22.857s][info][gc,heap        ] GC(827) Eden regions: 10->0(12)
[2026-06-17T10:02:26.360+0800][22.857s][info][gc,heap        ] GC(827) Survivor regions: 2->2(2)
[2026-06-17T10:02:26.360+0800][22.857s][info][gc,heap        ] GC(827) Old regions: 22->25
[2026-06-17T10:02:26.361+0800][22.857s][info][gc,heap        ] GC(827) Humongous regions: 14->14
[2026-06-17T10:02:26.361+0800][22.858s][info][gc,metaspace   ] GC(827) Metaspace: 112K(320K)->112K(320K) NonClass: 105K(192K)->105K(192K) Class: 7K(128K)->7K(128K)
[2026-06-17T10:02:26.361+0800][22.858s][info][gc             ] GC(827) Pause Young (Prepare Mixed) (G1 Evacuation Pause) 46M->39M(64M) 2.275ms
[2026-06-17T10:02:26.361+0800][22.858s][info][gc,cpu         ] GC(827) User=0.00s Sys=0.00s Real=0.00s
[2026-06-17T10:02:26.393+0800][22.889s][info][gc,start       ] GC(828) Pause Young (Mixed) (G1 Evacuation Pause)
[2026-06-17T10:02:26.394+0800][22.891s][info][gc,task        ] GC(828) Using 2 workers of 18 for evacuation
[2026-06-17T10:02:26.403+0800][22.900s][info][gc,phases      ] GC(828)   Pre Evacuate Collection Set: 0.18ms
[2026-06-17T10:02:26.404+0800][22.900s][info][gc,phases      ] GC(828)   Merge Heap Roots: 0.08ms
[2026-06-17T10:02:26.404+0800][22.901s][info][gc,phases      ] GC(828)   Evacuate Collection Set: 0.68ms
[2026-06-17T10:02:26.404+0800][22.901s][info][gc,phases      ] GC(828)   Post Evacuate Collection Set: 0.23ms
[2026-06-17T10:02:26.404+0800][22.901s][info][gc,phases      ] GC(828)   Other: 8.11ms
[2026-06-17T10:02:26.404+0800][22.901s][info][gc,heap        ] GC(828) Eden regions: 12->0(12)
[2026-06-17T10:02:26.404+0800][22.901s][info][gc,heap        ] GC(828) Survivor regions: 2->2(2)
[2026-06-17T10:02:26.405+0800][22.901s][info][gc,heap        ] GC(828) Old regions: 25->24
[2026-06-17T10:02:26.405+0800][22.902s][info][gc,heap        ] GC(828) Humongous regions: 14->14
[2026-06-17T10:02:26.405+0800][22.902s][info][gc,metaspace   ] GC(828) Metaspace: 112K(320K)->112K(320K) NonClass: 105K(192K)->105K(192K) Class: 7K(128K)->7K(128K)
[2026-06-17T10:02:26.405+0800][22.902s][info][gc             ] GC(828) Pause Young (Mixed) (G1 Evacuation Pause) 51M->39M(64M) 12.486ms
[2026-06-17T10:02:26.405+0800][22.902s][info][gc,cpu         ] GC(828) User=0.00s Sys=0.00s Real=0.01s
[2026-06-17T10:02:26.437+0800][22.934s][info][gc,start       ] GC(829) Pause Young (Mixed) (G1 Evacuation Pause)
[2026-06-17T10:02:26.438+0800][22.935s][info][gc,task        ] GC(829) Using 2 workers of 18 for evacuation
[2026-06-17T10:02:26.451+0800][22.948s][info][gc,phases      ] GC(829)   Pre Evacuate Collection Set: 0.19ms
[2026-06-17T10:02:26.451+0800][22.948s][info][gc,phases      ] GC(829)   Merge Heap Roots: 0.07ms
[2026-06-17T10:02:26.452+0800][22.949s][info][gc,phases      ] GC(829)   Evacuate Collection Set: 0.55ms
[2026-06-17T10:02:26.452+0800][22.949s][info][gc,phases      ] GC(829)   Post Evacuate Collection Set: 0.28ms
[2026-06-17T10:02:26.452+0800][22.949s][info][gc,phases      ] GC(829)   Other: 12.01ms
[2026-06-17T10:02:26.452+0800][22.949s][info][gc,heap        ] GC(829) Eden regions: 12->0(10)
[2026-06-17T10:02:26.452+0800][22.949s][info][gc,heap        ] GC(829) Survivor regions: 2->2(2)
[2026-06-17T10:02:26.452+0800][22.949s][info][gc,heap        ] GC(829) Old regions: 24->28
[2026-06-17T10:02:26.453+0800][22.949s][info][gc,heap        ] GC(829) Humongous regions: 14->14
[2026-06-17T10:02:26.453+0800][22.950s][info][gc,metaspace   ] GC(829) Metaspace: 112K(320K)->112K(320K) NonClass: 105K(192K)->105K(192K) Class: 7K(128K)->7K(128K)
[2026-06-17T10:02:26.453+0800][22.950s][info][gc             ] GC(829) Pause Young (Mixed) (G1 Evacuation Pause) 51M->43M(64M) 16.086ms
[2026-06-17T10:02:26.453+0800][22.950s][info][gc,cpu         ] GC(829) User=0.00s Sys=0.00s Real=0.02s
[2026-06-17T10:02:26.474+0800][22.971s][info][gc,start       ] GC(830) Pause Young (Concurrent Start) (G1 Humongous Allocation)
[2026-06-17T10:02:26.481+0800][22.978s][info][gc,task        ] GC(830) Using 2 workers of 18 for evacuation
[2026-06-17T10:02:26.482+0800][22.979s][info][gc,phases      ] GC(830)   Pre Evacuate Collection Set: 0.21ms
[2026-06-17T10:02:26.483+0800][22.979s][info][gc,phases      ] GC(830)   Merge Heap Roots: 0.05ms
[2026-06-17T10:02:26.483+0800][22.980s][info][gc,phases      ] GC(830)   Evacuate Collection Set: 0.43ms
[2026-06-17T10:02:26.483+0800][22.980s][info][gc,phases      ] GC(830)   Post Evacuate Collection Set: 0.34ms
[2026-06-17T10:02:26.483+0800][22.980s][info][gc,phases      ] GC(830)   Other: 0.49ms
[2026-06-17T10:02:26.483+0800][22.980s][info][gc,heap        ] GC(830) Eden regions: 10->0(9)
[2026-06-17T10:02:26.483+0800][22.980s][info][gc,heap        ] GC(830) Survivor regions: 2->2(2)
[2026-06-17T10:02:26.484+0800][22.980s][info][gc,heap        ] GC(830) Old regions: 28->30
[2026-06-17T10:02:26.484+0800][22.981s][info][gc,heap        ] GC(830) Humongous regions: 14->14
[2026-06-17T10:02:26.484+0800][22.981s][info][gc,metaspace   ] GC(830) Metaspace: 112K(320K)->112K(320K) NonClass: 105K(192K)->105K(192K) Class: 7K(128K)->7K(128K)
[2026-06-17T10:02:26.484+0800][22.981s][info][gc             ] GC(830) Pause Young (Concurrent Start) (G1 Humongous Allocation) 53M->45M(64M) 9.819ms
[2026-06-17T10:02:26.484+0800][22.981s][info][gc             ] GC(831) Concurrent Mark Cycle
[2026-06-17T10:02:26.484+0800][22.981s][info][gc,marking     ] GC(831) Concurrent Scan Root Regions
[2026-06-17T10:02:26.484+0800][22.981s][info][gc,cpu         ] GC(830) User=0.00s Sys=0.00s Real=0.01s
[2026-06-17T10:02:26.484+0800][22.981s][info][gc,marking     ] GC(831) Concurrent Scan Root Regions 0.232ms
[2026-06-17T10:02:26.485+0800][22.982s][info][gc,marking     ] GC(831) Concurrent Mark
[2026-06-17T10:02:26.485+0800][22.982s][info][gc,marking     ] GC(831) Concurrent Mark From Roots
[2026-06-17T10:02:26.492+0800][22.989s][info][gc,task        ] GC(831) Using 5 workers of 5 for marking
[2026-06-17T10:02:26.494+0800][22.990s][info][gc,marking     ] GC(831) Concurrent Mark From Roots 8.127ms
[2026-06-17T10:02:26.504+0800][23.001s][info][gc,marking     ] GC(831) Concurrent Preclean
[2026-06-17T10:02:26.504+0800][23.001s][info][gc,marking     ] GC(831) Concurrent Preclean 0.680ms
[2026-06-17T10:02:26.505+0800][23.001s][info][gc,start       ] GC(831) Pause Remark
[2026-06-17T10:02:26.505+0800][23.002s][info][gc             ] GC(831) Pause Remark 53M->51M(64M) 0.714ms
[2026-06-17T10:02:26.506+0800][23.002s][info][gc,cpu         ] GC(831) User=0.00s Sys=0.00s Real=0.00s
[2026-06-17T10:02:26.506+0800][23.003s][info][gc,marking     ] GC(831) Concurrent Mark 20.687ms
[2026-06-17T10:02:26.506+0800][23.003s][info][gc,marking     ] GC(831) Concurrent Rebuild Remembered Sets and Scrub Regions
[2026-06-17T10:02:26.506+0800][23.003s][info][gc,marking     ] GC(831) Concurrent Rebuild Remembered Sets and Scrub Regions 0.499ms
[2026-06-17T10:02:26.507+0800][23.004s][info][gc,start       ] GC(831) Pause Cleanup
[2026-06-17T10:02:26.507+0800][23.004s][info][gc             ] GC(831) Pause Cleanup 54M->54M(64M) 0.212ms
[2026-06-17T10:02:26.507+0800][23.004s][info][gc,cpu         ] GC(831) User=0.00s Sys=0.00s Real=0.00s
[2026-06-17T10:02:26.507+0800][23.004s][info][gc,marking     ] GC(831) Concurrent Clear Claimed Marks
[2026-06-17T10:02:26.507+0800][23.004s][info][gc,marking     ] GC(831) Concurrent Clear Claimed Marks 0.142ms
[2026-06-17T10:02:26.507+0800][23.004s][info][gc,marking     ] GC(831) Concurrent Cleanup for Next Mark
[2026-06-17T10:02:26.507+0800][23.004s][info][gc,marking     ] GC(831) Concurrent Cleanup for Next Mark 0.164ms
[2026-06-17T10:02:26.508+0800][23.004s][info][gc             ] GC(831) Concurrent Mark Cycle 23.422ms
[2026-06-17T10:02:26.516+0800][23.013s][info][gc,start       ] GC(832) Pause Young (Prepare Mixed) (G1 Evacuation Pause)
[2026-06-17T10:02:26.522+0800][23.019s][info][gc,task        ] GC(832) Using 2 workers of 18 for evacuation
[2026-06-17T10:02:26.523+0800][23.020s][info][gc,phases      ] GC(832)   Pre Evacuate Collection Set: 0.17ms
[2026-06-17T10:02:26.527+0800][23.024s][info][gc,phases      ] GC(832)   Merge Heap Roots: 0.05ms
[2026-06-17T10:02:26.528+0800][23.024s][info][gc,phases      ] GC(832)   Evacuate Collection Set: 0.33ms
[2026-06-17T10:02:26.528+0800][23.025s][info][gc,phases      ] GC(832)   Post Evacuate Collection Set: 0.18ms
[2026-06-17T10:02:26.528+0800][23.025s][info][gc,phases      ] GC(832)   Other: 0.30ms
[2026-06-17T10:02:26.529+0800][23.025s][info][gc,heap        ] GC(832) Eden regions: 9->0(7)
[2026-06-17T10:02:26.529+0800][23.026s][info][gc,heap        ] GC(832) Survivor regions: 2->2(2)
[2026-06-17T10:02:26.529+0800][23.026s][info][gc,heap        ] GC(832) Old regions: 28->31
[2026-06-17T10:02:26.529+0800][23.026s][info][gc,heap        ] GC(832) Humongous regions: 16->16
[2026-06-17T10:02:26.529+0800][23.026s][info][gc,metaspace   ] GC(832) Metaspace: 112K(320K)->112K(320K) NonClass: 105K(192K)->105K(192K) Class: 7K(128K)->7K(128K)
[2026-06-17T10:02:26.530+0800][23.026s][info][gc             ] GC(832) Pause Young (Prepare Mixed) (G1 Evacuation Pause) 54M->48M(64M) 13.278ms
[2026-06-17T10:02:26.530+0800][23.027s][info][gc,cpu         ] GC(832) User=0.00s Sys=0.00s Real=0.01s
[2026-06-17T10:02:26.541+0800][23.038s][info][gc,start       ] GC(833) Pause Young (Mixed) (G1 Evacuation Pause)
[2026-06-17T10:02:26.541+0800][23.038s][info][gc,task        ] GC(833) Using 2 workers of 18 for evacuation
[2026-06-17T10:02:26.542+0800][23.039s][info][gc,phases      ] GC(833)   Pre Evacuate Collection Set: 0.15ms
[2026-06-17T10:02:26.542+0800][23.039s][info][gc,phases      ] GC(833)   Merge Heap Roots: 0.05ms
[2026-06-17T10:02:26.542+0800][23.039s][info][gc,phases      ] GC(833)   Evacuate Collection Set: 0.42ms
[2026-06-17T10:02:26.542+0800][23.039s][info][gc,phases      ] GC(833)   Post Evacuate Collection Set: 0.18ms
[2026-06-17T10:02:26.543+0800][23.039s][info][gc,phases      ] GC(833)   Other: 0.19ms
[2026-06-17T10:02:26.543+0800][23.040s][info][gc,heap        ] GC(833) Eden regions: 7->0(9)
[2026-06-17T10:02:26.543+0800][23.040s][info][gc,heap        ] GC(833) Survivor regions: 2->1(2)
[2026-06-17T10:02:26.543+0800][23.040s][info][gc,heap        ] GC(833) Old regions: 31->29
[2026-06-17T10:02:26.543+0800][23.040s][info][gc,heap        ] GC(833) Humongous regions: 16->16
[2026-06-17T10:02:26.543+0800][23.040s][info][gc,metaspace   ] GC(833) Metaspace: 112K(320K)->112K(320K) NonClass: 105K(192K)->105K(192K) Class: 7K(128K)->7K(128K)
[2026-06-17T10:02:26.543+0800][23.040s][info][gc             ] GC(833) Pause Young (Mixed) (G1 Evacuation Pause) 54M->44M(64M) 2.654ms
[2026-06-17T10:02:26.543+0800][23.040s][info][gc,cpu         ] GC(833) User=0.00s Sys=0.00s Real=0.01s
[2026-06-17T10:02:26.575+0800][23.072s][info][gc,start       ] GC(834) Pause Young (Mixed) (G1 Evacuation Pause)
[2026-06-17T10:02:26.575+0800][23.072s][info][gc,task        ] GC(834) Using 2 workers of 18 for evacuation
[2026-06-17T10:02:26.577+0800][23.074s][info][gc,phases      ] GC(834)   Pre Evacuate Collection Set: 0.15ms
[2026-06-17T10:02:26.577+0800][23.074s][info][gc,phases      ] GC(834)   Merge Heap Roots: 0.15ms
[2026-06-17T10:02:26.587+0800][23.084s][info][gc,phases      ] GC(834)   Evacuate Collection Set: 0.34ms
[2026-06-17T10:02:26.588+0800][23.085s][info][gc,phases      ] GC(834)   Post Evacuate Collection Set: 0.52ms
[2026-06-17T10:02:26.588+0800][23.085s][info][gc,phases      ] GC(834)   Other: 0.27ms
[2026-06-17T10:02:26.588+0800][23.085s][info][gc,heap        ] GC(834) Eden regions: 9->0(8)
[2026-06-17T10:02:26.588+0800][23.085s][info][gc,heap        ] GC(834) Survivor regions: 1->2(2)
[2026-06-17T10:02:26.589+0800][23.086s][info][gc,heap        ] GC(834) Old regions: 29->30
[2026-06-17T10:02:26.589+0800][23.086s][info][gc,heap        ] GC(834) Humongous regions: 16->16
[2026-06-17T10:02:26.595+0800][23.092s][info][gc,metaspace   ] GC(834) Metaspace: 112K(320K)->112K(320K) NonClass: 105K(192K)->105K(192K) Class: 7K(128K)->7K(128K)
[2026-06-17T10:02:26.595+0800][23.092s][info][gc             ] GC(834) Pause Young (Mixed) (G1 Evacuation Pause) 53M->47M(64M) 20.668ms
[2026-06-17T10:02:26.598+0800][23.095s][info][gc,cpu         ] GC(834) User=0.00s Sys=0.01s Real=0.02s
[2026-06-17T10:02:26.611+0800][23.108s][info][gc,start       ] GC(835) Pause Young (Concurrent Start) (G1 Evacuation Pause)
[2026-06-17T10:02:26.612+0800][23.109s][info][gc,task        ] GC(835) Using 2 workers of 18 for evacuation
[2026-06-17T10:02:26.615+0800][23.111s][info][gc,phases      ] GC(835)   Pre Evacuate Collection Set: 0.15ms
[2026-06-17T10:02:26.620+0800][23.117s][info][gc,phases      ] GC(835)   Merge Heap Roots: 0.05ms
[2026-06-17T10:02:26.621+0800][23.117s][info][gc,phases      ] GC(835)   Evacuate Collection Set: 0.46ms
[2026-06-17T10:02:26.626+0800][23.123s][info][gc,phases      ] GC(835)   Post Evacuate Collection Set: 0.24ms
[2026-06-17T10:02:26.626+0800][23.123s][info][gc,phases      ] GC(835)   Other: 1.45ms
[2026-06-17T10:02:26.626+0800][23.123s][info][gc,heap        ] GC(835) Eden regions: 8->0(4)
[2026-06-17T10:02:26.627+0800][23.124s][info][gc,heap        ] GC(835) Survivor regions: 2->2(2)
[2026-06-17T10:02:26.628+0800][23.125s][info][gc,heap        ] GC(835) Old regions: 30->34
[2026-06-17T10:02:26.628+0800][23.125s][info][gc,heap        ] GC(835) Humongous regions: 16->16
[2026-06-17T10:02:26.628+0800][23.125s][info][gc,metaspace   ] GC(835) Metaspace: 112K(320K)->112K(320K) NonClass: 105K(192K)->105K(192K) Class: 7K(128K)->7K(128K)
[2026-06-17T10:02:26.628+0800][23.125s][info][gc             ] GC(835) Pause Young (Concurrent Start) (G1 Evacuation Pause) 54M->51M(64M) 17.381ms
[2026-06-17T10:02:26.629+0800][23.125s][info][gc,cpu         ] GC(835) User=0.00s Sys=0.00s Real=0.01s
[2026-06-17T10:02:26.629+0800][23.125s][info][gc             ] GC(836) Concurrent Mark Cycle
[2026-06-17T10:02:26.629+0800][23.126s][info][gc,marking     ] GC(836) Concurrent Scan Root Regions
[2026-06-17T10:02:26.629+0800][23.126s][info][gc,marking     ] GC(836) Concurrent Scan Root Regions 0.278ms
[2026-06-17T10:02:26.630+0800][23.126s][info][gc,marking     ] GC(836) Concurrent Mark
[2026-06-17T10:02:26.630+0800][23.127s][info][gc,marking     ] GC(836) Concurrent Mark From Roots
[2026-06-17T10:02:26.630+0800][23.127s][info][gc,task        ] GC(836) Using 5 workers of 5 for marking
[2026-06-17T10:02:26.631+0800][23.128s][info][gc,marking     ] GC(836) Concurrent Mark From Roots 1.566ms
[2026-06-17T10:02:26.632+0800][23.129s][info][gc,marking     ] GC(836) Concurrent Preclean
[2026-06-17T10:02:26.632+0800][23.129s][info][gc,marking     ] GC(836) Concurrent Preclean 0.371ms
[2026-06-17T10:02:26.632+0800][23.129s][info][gc,start       ] GC(836) Pause Remark
[2026-06-17T10:02:26.633+0800][23.130s][info][gc             ] GC(836) Pause Remark 52M->43M(64M) 0.759ms
[2026-06-17T10:02:26.634+0800][23.131s][info][gc,cpu         ] GC(836) User=0.00s Sys=0.00s Real=0.00s
[2026-06-17T10:02:26.641+0800][23.138s][info][gc,marking     ] GC(836) Concurrent Mark 11.173ms
[2026-06-17T10:02:26.644+0800][23.141s][info][gc,marking     ] GC(836) Concurrent Rebuild Remembered Sets and Scrub Regions
[2026-06-17T10:02:26.641+0800][23.138s][info][gc,start       ] GC(837) Pause Young (Normal) (G1 Evacuation Pause)
[2026-06-17T10:02:26.645+0800][23.142s][info][gc,task        ] GC(837) Using 2 workers of 18 for evacuation
[2026-06-17T10:02:26.647+0800][23.143s][info][gc,phases      ] GC(837)   Pre Evacuate Collection Set: 0.11ms
[2026-06-17T10:02:26.647+0800][23.144s][info][gc,phases      ] GC(837)   Merge Heap Roots: 0.05ms
[2026-06-17T10:02:26.647+0800][23.144s][info][gc,phases      ] GC(837)   Evacuate Collection Set: 0.37ms
[2026-06-17T10:02:26.647+0800][23.144s][info][gc,phases      ] GC(837)   Post Evacuate Collection Set: 0.30ms
[2026-06-17T10:02:26.647+0800][23.144s][info][gc,phases      ] GC(837)   Other: 0.32ms
[2026-06-17T10:02:26.647+0800][23.144s][info][gc,heap        ] GC(837) Eden regions: 4->0(7)
[2026-06-17T10:02:26.647+0800][23.144s][info][gc,heap        ] GC(837) Survivor regions: 2->1(1)
[2026-06-17T10:02:26.647+0800][23.144s][info][gc,heap        ] GC(837) Old regions: 25->29
[2026-06-17T10:02:26.647+0800][23.144s][info][gc,heap        ] GC(837) Humongous regions: 16->16
[2026-06-17T10:02:26.647+0800][23.144s][info][gc,metaspace   ] GC(837) Metaspace: 112K(320K)->112K(320K) NonClass: 105K(192K)->105K(192K) Class: 7K(128K)->7K(128K)
[2026-06-17T10:02:26.648+0800][23.144s][info][gc             ] GC(837) Pause Young (Normal) (G1 Evacuation Pause) 46M->44M(64M) 6.685ms
[2026-06-17T10:02:26.648+0800][23.145s][info][gc,cpu         ] GC(837) User=0.00s Sys=0.00s Real=0.01s
[2026-06-17T10:02:26.648+0800][23.145s][info][gc,marking     ] GC(836) Concurrent Rebuild Remembered Sets and Scrub Regions 3.857ms
[2026-06-17T10:02:26.649+0800][23.145s][info][gc,start       ] GC(836) Pause Cleanup
[2026-06-17T10:02:26.649+0800][23.146s][info][gc             ] GC(836) Pause Cleanup 45M->45M(64M) 0.317ms
[2026-06-17T10:02:26.649+0800][23.146s][info][gc,cpu         ] GC(836) User=0.00s Sys=0.00s Real=0.00s
[2026-06-17T10:02:26.649+0800][23.146s][info][gc,marking     ] GC(836) Concurrent Clear Claimed Marks
[2026-06-17T10:02:26.649+0800][23.146s][info][gc,marking     ] GC(836) Concurrent Clear Claimed Marks 0.137ms
[2026-06-17T10:02:26.650+0800][23.146s][info][gc,marking     ] GC(836) Concurrent Cleanup for Next Mark
[2026-06-17T10:02:26.650+0800][23.147s][info][gc,marking     ] GC(836) Concurrent Cleanup for Next Mark 0.487ms
[2026-06-17T10:02:26.650+0800][23.147s][info][gc             ] GC(836) Concurrent Mark Cycle 21.563ms
[2026-06-17T10:02:26.669+0800][23.166s][info][gc,start       ] GC(838) Pause Young (Prepare Mixed) (G1 Evacuation Pause)
[2026-06-17T10:02:26.669+0800][23.166s][info][gc,task        ] GC(838) Using 2 workers of 18 for evacuation
[2026-06-17T10:02:26.670+0800][23.167s][info][gc,phases      ] GC(838)   Pre Evacuate Collection Set: 0.10ms
[2026-06-17T10:02:26.670+0800][23.167s][info][gc,phases      ] GC(838)   Merge Heap Roots: 0.04ms
[2026-06-17T10:02:26.671+0800][23.167s][info][gc,phases      ] GC(838)   Evacuate Collection Set: 0.23ms
[2026-06-17T10:02:26.671+0800][23.168s][info][gc,phases      ] GC(838)   Post Evacuate Collection Set: 0.14ms
[2026-06-17T10:02:26.671+0800][23.168s][info][gc,phases      ] GC(838)   Other: 0.29ms
[2026-06-17T10:02:26.671+0800][23.168s][info][gc,heap        ] GC(838) Eden regions: 7->0(6)
[2026-06-17T10:02:26.671+0800][23.168s][info][gc,heap        ] GC(838) Survivor regions: 1->1(1)
[2026-06-17T10:02:26.671+0800][23.168s][info][gc,heap        ] GC(838) Old regions: 29->31
[2026-06-17T10:02:26.671+0800][23.168s][info][gc,heap        ] GC(838) Humongous regions: 16->16
[2026-06-17T10:02:26.671+0800][23.168s][info][gc,metaspace   ] GC(838) Metaspace: 112K(320K)->112K(320K) NonClass: 105K(192K)->105K(192K) Class: 7K(128K)->7K(128K)
[2026-06-17T10:02:26.672+0800][23.168s][info][gc             ] GC(838) Pause Young (Prepare Mixed) (G1 Evacuation Pause) 51M->47M(64M) 2.759ms
[2026-06-17T10:02:26.672+0800][23.169s][info][gc,cpu         ] GC(838) User=0.00s Sys=0.00s Real=0.01s
[2026-06-17T10:02:26.693+0800][23.189s][info][gc,start       ] GC(839) Pause Young (Mixed) (G1 Evacuation Pause)
[2026-06-17T10:02:26.693+0800][23.190s][info][gc,task        ] GC(839) Using 2 workers of 18 for evacuation
[2026-06-17T10:02:26.694+0800][23.191s][info][gc,phases      ] GC(839)   Pre Evacuate Collection Set: 0.14ms
[2026-06-17T10:02:26.694+0800][23.191s][info][gc,phases      ] GC(839)   Merge Heap Roots: 0.05ms
[2026-06-17T10:02:26.694+0800][23.191s][info][gc,phases      ] GC(839)   Evacuate Collection Set: 0.24ms
[2026-06-17T10:02:26.694+0800][23.191s][info][gc,phases      ] GC(839)   Post Evacuate Collection Set: 0.20ms
[2026-06-17T10:02:26.695+0800][23.191s][info][gc,phases      ] GC(839)   Other: 0.27ms
[2026-06-17T10:02:26.695+0800][23.192s][info][gc,heap        ] GC(839) Eden regions: 6->0(8)
[2026-06-17T10:02:26.695+0800][23.192s][info][gc,heap        ] GC(839) Survivor regions: 1->1(1)
[2026-06-17T10:02:26.695+0800][23.192s][info][gc,heap        ] GC(839) Old regions: 31->29
[2026-06-17T10:02:26.695+0800][23.192s][info][gc,heap        ] GC(839) Humongous regions: 16->16
[2026-06-17T10:02:26.695+0800][23.192s][info][gc,metaspace   ] GC(839) Metaspace: 112K(320K)->112K(320K) NonClass: 105K(192K)->105K(192K) Class: 7K(128K)->7K(128K)
[2026-06-17T10:02:26.695+0800][23.192s][info][gc             ] GC(839) Pause Young (Mixed) (G1 Evacuation Pause) 53M->45M(64M) 2.629ms
[2026-06-17T10:02:26.695+0800][23.192s][info][gc,cpu         ] GC(839) User=0.00s Sys=0.00s Real=0.00s
[2026-06-17T10:02:26.716+0800][23.213s][info][gc,start       ] GC(840) Pause Young (Normal) (G1 Evacuation Pause)
[2026-06-17T10:02:26.718+0800][23.215s][info][gc,task        ] GC(840) Using 2 workers of 18 for evacuation
[2026-06-17T10:02:26.719+0800][23.216s][info][gc,phases      ] GC(840)   Pre Evacuate Collection Set: 0.16ms
[2026-06-17T10:02:26.719+0800][23.216s][info][gc,phases      ] GC(840)   Merge Heap Roots: 0.07ms
[2026-06-17T10:02:26.720+0800][23.216s][info][gc,phases      ] GC(840)   Evacuate Collection Set: 0.20ms
[2026-06-17T10:02:26.720+0800][23.217s][info][gc,phases      ] GC(840)   Post Evacuate Collection Set: 0.18ms
[2026-06-17T10:02:26.720+0800][23.217s][info][gc,phases      ] GC(840)   Other: 0.56ms
[2026-06-17T10:02:26.720+0800][23.217s][info][gc,heap        ] GC(840) Eden regions: 8->0(7)
[2026-06-17T10:02:26.720+0800][23.217s][info][gc,heap        ] GC(840) Survivor regions: 1->2(2)
[2026-06-17T10:02:26.720+0800][23.217s][info][gc,heap        ] GC(840) Old regions: 29->30
[2026-06-17T10:02:26.720+0800][23.217s][info][gc,heap        ] GC(840) Humongous regions: 16->16
[2026-06-17T10:02:26.720+0800][23.217s][info][gc,metaspace   ] GC(840) Metaspace: 112K(320K)->112K(320K) NonClass: 105K(192K)->105K(192K) Class: 7K(128K)->7K(128K)
[2026-06-17T10:02:26.720+0800][23.217s][info][gc             ] GC(840) Pause Young (Normal) (G1 Evacuation Pause) 53M->46M(64M) 4.041ms
[2026-06-17T10:02:26.721+0800][23.217s][info][gc,cpu         ] GC(840) User=0.00s Sys=0.00s Real=0.00s
[2026-06-17T10:02:26.731+0800][23.228s][info][gc,start       ] GC(841) Pause Young (Normal) (G1 Evacuation Pause)
[2026-06-17T10:02:26.732+0800][23.229s][info][gc,task        ] GC(841) Using 2 workers of 18 for evacuation
[2026-06-17T10:02:26.732+0800][23.229s][info][gc,phases      ] GC(841)   Pre Evacuate Collection Set: 0.11ms
[2026-06-17T10:02:26.732+0800][23.229s][info][gc,phases      ] GC(841)   Merge Heap Roots: 0.03ms
[2026-06-17T10:02:26.733+0800][23.229s][info][gc,phases      ] GC(841)   Evacuate Collection Set: 0.17ms
[2026-06-17T10:02:26.733+0800][23.229s][info][gc,phases      ] GC(841)   Post Evacuate Collection Set: 0.15ms
[2026-06-17T10:02:26.733+0800][23.230s][info][gc,phases      ] GC(841)   Other: 0.18ms
[2026-06-17T10:02:26.733+0800][23.230s][info][gc,heap        ] GC(841) Eden regions: 7->0(8)
[2026-06-17T10:02:26.733+0800][23.230s][info][gc,heap        ] GC(841) Survivor regions: 2->1(2)
[2026-06-17T10:02:26.733+0800][23.230s][info][gc,heap        ] GC(841) Old regions: 30->31
[2026-06-17T10:02:26.733+0800][23.230s][info][gc,heap        ] GC(841) Humongous regions: 16->16
[2026-06-17T10:02:26.733+0800][23.230s][info][gc,metaspace   ] GC(841) Metaspace: 112K(320K)->112K(320K) NonClass: 105K(192K)->105K(192K) Class: 7K(128K)->7K(128K)
[2026-06-17T10:02:26.734+0800][23.230s][info][gc             ] GC(841) Pause Young (Normal) (G1 Evacuation Pause) 53M->46M(64M) 2.224ms
[2026-06-17T10:02:26.734+0800][23.231s][info][gc,cpu         ] GC(841) User=0.00s Sys=0.00s Real=0.00s
[2026-06-17T10:02:26.758+0800][23.254s][info][gc,start       ] GC(842) Pause Young (Concurrent Start) (G1 Humongous Allocation)
[2026-06-17T10:02:26.758+0800][23.255s][info][gc,task        ] GC(842) Using 2 workers of 18 for evacuation
[2026-06-17T10:02:26.759+0800][23.256s][info][gc,phases      ] GC(842)   Pre Evacuate Collection Set: 0.31ms
[2026-06-17T10:02:26.760+0800][23.257s][info][gc,phases      ] GC(842)   Merge Heap Roots: 0.08ms
[2026-06-17T10:02:26.760+0800][23.257s][info][gc,phases      ] GC(842)   Evacuate Collection Set: 0.27ms
[2026-06-17T10:02:26.760+0800][23.257s][info][gc,phases      ] GC(842)   Post Evacuate Collection Set: 0.21ms
[2026-06-17T10:02:26.760+0800][23.257s][info][gc,phases      ] GC(842)   Other: 0.46ms
[2026-06-17T10:02:26.761+0800][23.257s][info][gc,heap        ] GC(842) Eden regions: 6->0(7)
[2026-06-17T10:02:26.761+0800][23.258s][info][gc,heap        ] GC(842) Survivor regions: 1->2(2)
[2026-06-17T10:02:26.761+0800][23.258s][info][gc,heap        ] GC(842) Old regions: 31->31
[2026-06-17T10:02:26.761+0800][23.258s][info][gc,heap        ] GC(842) Humongous regions: 16->16
[2026-06-17T10:02:26.761+0800][23.258s][info][gc,metaspace   ] GC(842) Metaspace: 113K(320K)->113K(320K) NonClass: 105K(192K)->105K(192K) Class: 7K(128K)->7K(128K)
[2026-06-17T10:02:26.761+0800][23.258s][info][gc             ] GC(842) Pause Young (Concurrent Start) (G1 Humongous Allocation) 51M->48M(64M) 3.772ms
[2026-06-17T10:02:26.761+0800][23.258s][info][gc,cpu         ] GC(842) User=0.00s Sys=0.00s Real=0.00s
[2026-06-17T10:02:26.761+0800][23.258s][info][gc             ] GC(843) Concurrent Mark Cycle
[2026-06-17T10:02:26.762+0800][23.259s][info][gc,marking     ] GC(843) Concurrent Scan Root Regions
[2026-06-17T10:02:26.762+0800][23.259s][info][gc,marking     ] GC(843) Concurrent Scan Root Regions 0.180ms
[2026-06-17T10:02:26.762+0800][23.259s][info][gc,marking     ] GC(843) Concurrent Mark
[2026-06-17T10:02:26.762+0800][23.259s][info][gc,marking     ] GC(843) Concurrent Mark From Roots
[2026-06-17T10:02:26.762+0800][23.259s][info][gc,task        ] GC(843) Using 5 workers of 5 for marking
[2026-06-17T10:02:26.764+0800][23.260s][info][gc,marking     ] GC(843) Concurrent Mark From Roots 1.493ms
[2026-06-17T10:02:26.765+0800][23.262s][info][gc,marking     ] GC(843) Concurrent Preclean
[2026-06-17T10:02:26.766+0800][23.263s][info][gc,marking     ] GC(843) Concurrent Preclean 0.285ms
[2026-06-17T10:02:26.766+0800][23.263s][info][gc,start       ] GC(843) Pause Remark
[2026-06-17T10:02:26.767+0800][23.264s][info][gc             ] GC(843) Pause Remark 49M->38M(64M) 0.804ms
[2026-06-17T10:02:26.767+0800][23.264s][info][gc,cpu         ] GC(843) User=0.00s Sys=0.00s Real=0.00s
[2026-06-17T10:02:26.767+0800][23.264s][info][gc,marking     ] GC(843) Concurrent Mark 5.355ms
[2026-06-17T10:02:26.768+0800][23.265s][info][gc,marking     ] GC(843) Concurrent Rebuild Remembered Sets and Scrub Regions
[2026-06-17T10:02:26.768+0800][23.265s][info][gc,marking     ] GC(843) Concurrent Rebuild Remembered Sets and Scrub Regions 0.628ms
[2026-06-17T10:02:26.769+0800][23.265s][info][gc,start       ] GC(843) Pause Cleanup
[2026-06-17T10:02:26.769+0800][23.266s][info][gc             ] GC(843) Pause Cleanup 38M->38M(64M) 0.352ms
[2026-06-17T10:02:26.769+0800][23.266s][info][gc,cpu         ] GC(843) User=0.00s Sys=0.00s Real=0.00s
[2026-06-17T10:02:26.769+0800][23.266s][info][gc,marking     ] GC(843) Concurrent Clear Claimed Marks
[2026-06-17T10:02:26.770+0800][23.266s][info][gc,marking     ] GC(843) Concurrent Clear Claimed Marks 0.234ms
[2026-06-17T10:02:26.770+0800][23.267s][info][gc,marking     ] GC(843) Concurrent Cleanup for Next Mark
[2026-06-17T10:02:26.770+0800][23.267s][info][gc,marking     ] GC(843) Concurrent Cleanup for Next Mark 0.444ms
[2026-06-17T10:02:26.771+0800][23.268s][info][gc             ] GC(843) Concurrent Mark Cycle 9.343ms
[2026-06-17T10:02:26.783+0800][23.280s][info][gc,start       ] GC(844) Pause Young (Prepare Mixed) (G1 Evacuation Pause)
[2026-06-17T10:02:26.784+0800][23.280s][info][gc,task        ] GC(844) Using 2 workers of 18 for evacuation
[2026-06-17T10:02:26.786+0800][23.283s][info][gc,phases      ] GC(844)   Pre Evacuate Collection Set: 0.13ms
[2026-06-17T10:02:26.788+0800][23.285s][info][gc,phases      ] GC(844)   Merge Heap Roots: 0.06ms
[2026-06-17T10:02:26.789+0800][23.286s][info][gc,phases      ] GC(844)   Evacuate Collection Set: 0.19ms
[2026-06-17T10:02:26.791+0800][23.288s][info][gc,phases      ] GC(844)   Post Evacuate Collection Set: 0.20ms
[2026-06-17T10:02:26.793+0800][23.290s][info][gc,phases      ] GC(844)   Other: 1.84ms
[2026-06-17T10:02:26.794+0800][23.291s][info][gc,heap        ] GC(844) Eden regions: 7->0(13)
[2026-06-17T10:02:26.795+0800][23.292s][info][gc,heap        ] GC(844) Survivor regions: 2->1(2)
[2026-06-17T10:02:26.797+0800][23.294s][info][gc,heap        ] GC(844) Old regions: 20->22
[2026-06-17T10:02:26.799+0800][23.296s][info][gc,heap        ] GC(844) Humongous regions: 17->17
[2026-06-17T10:02:26.801+0800][23.298s][info][gc,metaspace   ] GC(844) Metaspace: 113K(320K)->113K(320K) NonClass: 105K(192K)->105K(192K) Class: 7K(128K)->7K(128K)
[2026-06-17T10:02:26.801+0800][23.298s][info][gc             ] GC(844) Pause Young (Prepare Mixed) (G1 Evacuation Pause) 45M->38M(64M) 18.483ms
[2026-06-17T10:02:26.803+0800][23.300s][info][gc,cpu         ] GC(844) User=0.00s Sys=0.00s Real=0.02s
[2026-06-17T10:02:26.837+0800][23.334s][info][gc,start       ] GC(845) Pause Young (Mixed) (G1 Evacuation Pause)
[2026-06-17T10:02:26.838+0800][23.335s][info][gc,task        ] GC(845) Using 2 workers of 18 for evacuation
[2026-06-17T10:02:26.842+0800][23.339s][info][gc,phases      ] GC(845)   Pre Evacuate Collection Set: 0.16ms
[2026-06-17T10:02:26.843+0800][23.340s][info][gc,phases      ] GC(845)   Merge Heap Roots: 0.05ms
[2026-06-17T10:02:26.843+0800][23.340s][info][gc,phases      ] GC(845)   Evacuate Collection Set: 0.39ms
[2026-06-17T10:02:26.844+0800][23.340s][info][gc,phases      ] GC(845)   Post Evacuate Collection Set: 0.36ms
[2026-06-17T10:02:26.844+0800][23.341s][info][gc,phases      ] GC(845)   Other: 3.64ms
[2026-06-17T10:02:26.844+0800][23.341s][info][gc,heap        ] GC(845) Eden regions: 13->0(14)
[2026-06-17T10:02:26.844+0800][23.341s][info][gc,heap        ] GC(845) Survivor regions: 1->2(2)
[2026-06-17T10:02:26.844+0800][23.341s][info][gc,heap        ] GC(845) Old regions: 22->19
[2026-06-17T10:02:26.844+0800][23.341s][info][gc,heap        ] GC(845) Humongous regions: 17->17
[2026-06-17T10:02:26.845+0800][23.341s][info][gc,metaspace   ] GC(845) Metaspace: 113K(320K)->113K(320K) NonClass: 105K(192K)->105K(192K) Class: 7K(128K)->7K(128K)
[2026-06-17T10:02:26.845+0800][23.342s][info][gc             ] GC(845) Pause Young (Mixed) (G1 Evacuation Pause) 51M->37M(64M) 8.016ms
[2026-06-17T10:02:26.845+0800][23.342s][info][gc,cpu         ] GC(845) User=0.00s Sys=0.00s Real=0.01s
[2026-06-17T10:02:26.887+0800][23.384s][info][gc,start       ] GC(846) Pause Young (Mixed) (G1 Evacuation Pause)
[2026-06-17T10:02:26.888+0800][23.385s][info][gc,task        ] GC(846) Using 2 workers of 18 for evacuation
[2026-06-17T10:02:26.890+0800][23.387s][info][gc,phases      ] GC(846)   Pre Evacuate Collection Set: 0.17ms
[2026-06-17T10:02:26.891+0800][23.388s][info][gc,phases      ] GC(846)   Merge Heap Roots: 0.07ms
[2026-06-17T10:02:26.892+0800][23.389s][info][gc,phases      ] GC(846)   Evacuate Collection Set: 0.55ms
[2026-06-17T10:02:26.892+0800][23.389s][info][gc,phases      ] GC(846)   Post Evacuate Collection Set: 0.21ms
[2026-06-17T10:02:26.893+0800][23.390s][info][gc,phases      ] GC(846)   Other: 0.94ms
[2026-06-17T10:02:26.894+0800][23.390s][info][gc,heap        ] GC(846) Eden regions: 14->0(12)
[2026-06-17T10:02:26.894+0800][23.391s][info][gc,heap        ] GC(846) Survivor regions: 2->2(2)
[2026-06-17T10:02:26.895+0800][23.392s][info][gc,heap        ] GC(846) Old regions: 19->22
[2026-06-17T10:02:26.895+0800][23.392s][info][gc,heap        ] GC(846) Humongous regions: 17->17
[2026-06-17T10:02:26.896+0800][23.393s][info][gc,metaspace   ] GC(846) Metaspace: 113K(320K)->113K(320K) NonClass: 105K(192K)->105K(192K) Class: 7K(128K)->7K(128K)
[2026-06-17T10:02:26.896+0800][23.393s][info][gc             ] GC(846) Pause Young (Mixed) (G1 Evacuation Pause) 51M->40M(64M) 9.043ms
[2026-06-17T10:02:26.897+0800][23.394s][info][gc,cpu         ] GC(846) User=0.00s Sys=0.00s Real=0.01s
[2026-06-17T10:02:26.929+0800][23.426s][info][gc,start       ] GC(847) Pause Young (Normal) (G1 Evacuation Pause)
[2026-06-17T10:02:26.930+0800][23.427s][info][gc,task        ] GC(847) Using 2 workers of 18 for evacuation
[2026-06-17T10:02:26.931+0800][23.428s][info][gc,phases      ] GC(847)   Pre Evacuate Collection Set: 0.14ms
[2026-06-17T10:02:26.932+0800][23.429s][info][gc,phases      ] GC(847)   Merge Heap Roots: 0.03ms
[2026-06-17T10:02:26.933+0800][23.430s][info][gc,phases      ] GC(847)   Evacuate Collection Set: 0.27ms
[2026-06-17T10:02:26.933+0800][23.430s][info][gc,phases      ] GC(847)   Post Evacuate Collection Set: 0.20ms
[2026-06-17T10:02:26.934+0800][23.431s][info][gc,phases      ] GC(847)   Other: 0.71ms
[2026-06-17T10:02:26.935+0800][23.431s][info][gc,heap        ] GC(847) Eden regions: 12->0(11)
[2026-06-17T10:02:26.947+0800][23.444s][info][gc,heap        ] GC(847) Survivor regions: 2->2(2)
[2026-06-17T10:02:26.947+0800][23.444s][info][gc,heap        ] GC(847) Old regions: 22->25
[2026-06-17T10:02:26.948+0800][23.445s][info][gc,heap        ] GC(847) Humongous regions: 17->17
[2026-06-17T10:02:26.948+0800][23.445s][info][gc,metaspace   ] GC(847) Metaspace: 113K(320K)->113K(320K) NonClass: 105K(192K)->105K(192K) Class: 7K(128K)->7K(128K)
[2026-06-17T10:02:26.948+0800][23.445s][info][gc             ] GC(847) Pause Young (Normal) (G1 Evacuation Pause) 52M->43M(64M) 19.425ms
[2026-06-17T10:02:26.949+0800][23.446s][info][gc,cpu         ] GC(847) User=0.01s Sys=0.00s Real=0.02s
[2026-06-17T10:02:26.970+0800][23.467s][info][gc,start       ] GC(848) Pause Young (Concurrent Start) (G1 Evacuation Pause)
[2026-06-17T10:02:26.980+0800][23.477s][info][gc,task        ] GC(848) Using 2 workers of 18 for evacuation
[2026-06-17T10:02:26.981+0800][23.478s][info][gc,phases      ] GC(848)   Pre Evacuate Collection Set: 0.19ms
[2026-06-17T10:02:26.981+0800][23.478s][info][gc,phases      ] GC(848)   Merge Heap Roots: 0.06ms
[2026-06-17T10:02:26.982+0800][23.478s][info][gc,phases      ] GC(848)   Evacuate Collection Set: 0.30ms
[2026-06-17T10:02:26.984+0800][23.481s][info][gc,phases      ] GC(848)   Post Evacuate Collection Set: 0.27ms
[2026-06-17T10:02:26.984+0800][23.481s][info][gc,phases      ] GC(848)   Other: 0.44ms
[2026-06-17T10:02:26.990+0800][23.486s][info][gc,heap        ] GC(848) Eden regions: 11->0(11)
[2026-06-17T10:02:26.995+0800][23.492s][info][gc,heap        ] GC(848) Survivor regions: 2->2(2)
[2026-06-17T10:02:26.996+0800][23.493s][info][gc,heap        ] GC(848) Old regions: 25->26
[2026-06-17T10:02:26.996+0800][23.493s][info][gc,heap        ] GC(848) Humongous regions: 17->17
[2026-06-17T10:02:26.996+0800][23.493s][info][gc,metaspace   ] GC(848) Metaspace: 113K(320K)->113K(320K) NonClass: 105K(192K)->105K(192K) Class: 7K(128K)->7K(128K)
[2026-06-17T10:02:26.997+0800][23.493s][info][gc             ] GC(848) Pause Young (Concurrent Start) (G1 Evacuation Pause) 53M->43M(64M) 26.345ms
[2026-06-17T10:02:26.997+0800][23.494s][info][gc,cpu         ] GC(848) User=0.00s Sys=0.00s Real=0.03s
[2026-06-17T10:02:26.997+0800][23.494s][info][gc             ] GC(849) Concurrent Mark Cycle
[2026-06-17T10:02:26.997+0800][23.494s][info][gc,marking     ] GC(849) Concurrent Scan Root Regions
[2026-06-17T10:02:26.997+0800][23.494s][info][gc,marking     ] GC(849) Concurrent Scan Root Regions 0.178ms
[2026-06-17T10:02:26.998+0800][23.494s][info][gc,marking     ] GC(849) Concurrent Mark
[2026-06-17T10:02:26.998+0800][23.495s][info][gc,marking     ] GC(849) Concurrent Mark From Roots
[2026-06-17T10:02:26.998+0800][23.495s][info][gc,task        ] GC(849) Using 5 workers of 5 for marking
[2026-06-17T10:02:26.999+0800][23.496s][info][gc,marking     ] GC(849) Concurrent Mark From Roots 1.624ms
[2026-06-17T10:02:27.000+0800][23.496s][info][gc,marking     ] GC(849) Concurrent Preclean
[2026-06-17T10:02:27.000+0800][23.497s][info][gc,marking     ] GC(849) Concurrent Preclean 0.126ms
[2026-06-17T10:02:27.000+0800][23.497s][info][gc,start       ] GC(849) Pause Remark
[2026-06-17T10:02:27.001+0800][23.497s][info][gc             ] GC(849) Pause Remark 44M->44M(64M) 0.801ms
[2026-06-17T10:02:27.002+0800][23.499s][info][gc,cpu         ] GC(849) User=0.00s Sys=0.00s Real=0.00s
[2026-06-17T10:02:27.003+0800][23.499s][info][gc,marking     ] GC(849) Concurrent Mark 4.941ms
[2026-06-17T10:02:27.007+0800][23.504s][info][gc,marking     ] GC(849) Concurrent Rebuild Remembered Sets and Scrub Regions
[2026-06-17T10:02:27.020+0800][23.516s][info][gc,marking     ] GC(849) Concurrent Rebuild Remembered Sets and Scrub Regions 12.137ms
[2026-06-17T10:02:27.022+0800][23.519s][info][gc,start       ] GC(849) Pause Cleanup
[2026-06-17T10:02:27.022+0800][23.519s][info][gc             ] GC(849) Pause Cleanup 51M->51M(64M) 0.399ms
[2026-06-17T10:02:27.023+0800][23.519s][info][gc,cpu         ] GC(849) User=0.00s Sys=0.00s Real=0.01s
[2026-06-17T10:02:27.026+0800][23.523s][info][gc,marking     ] GC(849) Concurrent Clear Claimed Marks
[2026-06-17T10:02:27.028+0800][23.525s][info][gc,start       ] GC(850) Pause Young (Prepare Mixed) (G1 Evacuation Pause)
[2026-06-17T10:02:27.035+0800][23.532s][info][gc,marking     ] GC(849) Concurrent Clear Claimed Marks 9.254ms
[2026-06-17T10:02:27.050+0800][23.546s][info][gc,marking     ] GC(849) Concurrent Cleanup for Next Mark
[2026-06-17T10:02:27.036+0800][23.532s][info][gc,task        ] GC(850) Using 2 workers of 18 for evacuation
[2026-06-17T10:02:27.063+0800][23.560s][info][gc,phases      ] GC(850)   Pre Evacuate Collection Set: 0.16ms
[2026-06-17T10:02:27.069+0800][23.566s][info][gc,phases      ] GC(850)   Merge Heap Roots: 0.06ms
[2026-06-17T10:02:27.069+0800][23.566s][info][gc,phases      ] GC(850)   Evacuate Collection Set: 0.26ms
[2026-06-17T10:02:27.069+0800][23.566s][info][gc,phases      ] GC(850)   Post Evacuate Collection Set: 0.16ms
[2026-06-17T10:02:27.070+0800][23.567s][info][gc,phases      ] GC(850)   Other: 26.62ms
[2026-06-17T10:02:27.074+0800][23.571s][info][gc,heap        ] GC(850) Eden regions: 11->0(11)
[2026-06-17T10:02:27.075+0800][23.572s][info][gc,heap        ] GC(850) Survivor regions: 2->1(2)
[2026-06-17T10:02:27.086+0800][23.583s][info][gc,heap        ] GC(850) Old regions: 26->27
[2026-06-17T10:02:27.086+0800][23.583s][info][gc,heap        ] GC(850) Humongous regions: 17->17
[2026-06-17T10:02:27.086+0800][23.583s][info][gc,metaspace   ] GC(850) Metaspace: 113K(320K)->113K(320K) NonClass: 105K(192K)->105K(192K) Class: 7K(128K)->7K(128K)
[2026-06-17T10:02:27.087+0800][23.584s][info][gc             ] GC(850) Pause Young (Prepare Mixed) (G1 Evacuation Pause) 54M->44M(64M) 58.359ms
[2026-06-17T10:02:27.098+0800][23.595s][info][gc,cpu         ] GC(850) User=0.00s Sys=0.00s Real=0.07s
[2026-06-17T10:02:27.111+0800][23.608s][info][gc,marking     ] GC(849) Concurrent Cleanup for Next Mark 61.082ms
[2026-06-17T10:02:27.116+0800][23.613s][info][gc             ] GC(849) Concurrent Mark Cycle 118.950ms
[2026-06-17T10:02:27.142+0800][23.639s][info][gc,start       ] GC(851) Pause Young (Mixed) (G1 Evacuation Pause)
[2026-06-17T10:02:27.145+0800][23.642s][info][gc,task        ] GC(851) Using 2 workers of 18 for evacuation
[2026-06-17T10:02:27.147+0800][23.644s][info][gc,phases      ] GC(851)   Pre Evacuate Collection Set: 0.24ms
[2026-06-17T10:02:27.148+0800][23.645s][info][gc,phases      ] GC(851)   Merge Heap Roots: 0.10ms
[2026-06-17T10:02:27.148+0800][23.645s][info][gc,phases      ] GC(851)   Evacuate Collection Set: 0.52ms
[2026-06-17T10:02:27.158+0800][23.655s][info][gc,phases      ] GC(851)   Post Evacuate Collection Set: 0.51ms
[2026-06-17T10:02:27.164+0800][23.661s][info][gc,phases      ] GC(851)   Other: 0.75ms
[2026-06-17T10:02:27.165+0800][23.662s][info][gc,heap        ] GC(851) Eden regions: 11->0(6)
[2026-06-17T10:02:27.165+0800][23.662s][info][gc,heap        ] GC(851) Survivor regions: 1->2(2)
[2026-06-17T10:02:27.166+0800][23.662s][info][gc,heap        ] GC(851) Old regions: 27->33
[2026-06-17T10:02:27.168+0800][23.665s][info][gc,heap        ] GC(851) Humongous regions: 19->19
[2026-06-17T10:02:27.172+0800][23.668s][info][gc,metaspace   ] GC(851) Metaspace: 113K(320K)->113K(320K) NonClass: 105K(192K)->105K(192K) Class: 7K(128K)->7K(128K)
[2026-06-17T10:02:27.176+0800][23.673s][info][gc             ] GC(851) Pause Young (Mixed) (G1 Evacuation Pause) (Evacuation Failure) 57M->53M(64M) 34.083ms
[2026-06-17T10:02:27.182+0800][23.678s][info][gc,cpu         ] GC(851) User=0.00s Sys=0.00s Real=0.04s
[2026-06-17T10:02:27.204+0800][23.701s][info][gc,start       ] GC(852) Pause Young (Concurrent Start) (G1 Evacuation Pause)
[2026-06-17T10:02:27.205+0800][23.702s][info][gc,task        ] GC(852) Using 2 workers of 18 for evacuation
[2026-06-17T10:02:27.206+0800][23.703s][info][gc,phases      ] GC(852)   Pre Evacuate Collection Set: 0.17ms
[2026-06-17T10:02:27.206+0800][23.703s][info][gc,phases      ] GC(852)   Merge Heap Roots: 0.04ms
[2026-06-17T10:02:27.207+0800][23.704s][info][gc,phases      ] GC(852)   Evacuate Collection Set: 0.38ms
[2026-06-17T10:02:27.207+0800][23.704s][info][gc,phases      ] GC(852)   Post Evacuate Collection Set: 0.22ms
[2026-06-17T10:02:27.208+0800][23.705s][info][gc,phases      ] GC(852)   Other: 0.54ms
[2026-06-17T10:02:27.208+0800][23.705s][info][gc,heap        ] GC(852) Eden regions: 6->0(3)
[2026-06-17T10:02:27.208+0800][23.705s][info][gc,heap        ] GC(852) Survivor regions: 2->1(1)
[2026-06-17T10:02:27.209+0800][23.706s][info][gc,heap        ] GC(852) Old regions: 33->36
[2026-06-17T10:02:27.209+0800][23.706s][info][gc,heap        ] GC(852) Humongous regions: 19->19
[2026-06-17T10:02:27.209+0800][23.706s][info][gc,metaspace   ] GC(852) Metaspace: 113K(320K)->113K(320K) NonClass: 105K(192K)->105K(192K) Class: 7K(128K)->7K(128K)
[2026-06-17T10:02:27.210+0800][23.707s][info][gc             ] GC(852) Pause Young (Concurrent Start) (G1 Evacuation Pause) 59M->55M(64M) 5.363ms
[2026-06-17T10:02:27.210+0800][23.707s][info][gc,cpu         ] GC(852) User=0.01s Sys=0.00s Real=0.00s
[2026-06-17T10:02:27.210+0800][23.707s][info][gc             ] GC(853) Concurrent Mark Cycle
[2026-06-17T10:02:27.211+0800][23.708s][info][gc,start       ] GC(854) Pause Young (Normal) (G1 Evacuation Pause)
[2026-06-17T10:02:27.211+0800][23.708s][info][gc,task        ] GC(854) Using 2 workers of 18 for evacuation
[2026-06-17T10:02:27.211+0800][23.708s][info][gc,marking     ] GC(853) Concurrent Scan Root Regions
[2026-06-17T10:02:27.212+0800][23.709s][info][gc,marking     ] GC(853) Concurrent Scan Root Regions 1.164ms
[2026-06-17T10:02:27.212+0800][23.709s][info][gc,marking     ] GC(853) Concurrent Mark
[2026-06-17T10:02:27.212+0800][23.709s][info][gc,marking     ] GC(853) Concurrent Mark From Roots
[2026-06-17T10:02:27.213+0800][23.710s][info][gc,task        ] GC(853) Using 5 workers of 5 for marking
[2026-06-17T10:02:27.213+0800][23.710s][info][gc,phases      ] GC(854)   Pre Evacuate Collection Set: 0.11ms
[2026-06-17T10:02:27.213+0800][23.710s][info][gc,phases      ] GC(854)   Merge Heap Roots: 0.05ms
[2026-06-17T10:02:27.213+0800][23.710s][info][gc,phases      ] GC(854)   Evacuate Collection Set: 0.37ms
[2026-06-17T10:02:27.214+0800][23.710s][info][gc,phases      ] GC(854)   Post Evacuate Collection Set: 0.26ms
[2026-06-17T10:02:27.214+0800][23.711s][info][gc,phases      ] GC(854)   Other: 0.40ms
[2026-06-17T10:02:27.214+0800][23.711s][info][gc,heap        ] GC(854) Eden regions: 3->0(2)
[2026-06-17T10:02:27.214+0800][23.711s][info][gc,heap        ] GC(854) Survivor regions: 1->1(1)
[2026-06-17T10:02:27.215+0800][23.712s][info][gc,heap        ] GC(854) Old regions: 36->39
[2026-06-17T10:02:27.215+0800][23.712s][info][gc,heap        ] GC(854) Humongous regions: 19->19
[2026-06-17T10:02:27.215+0800][23.712s][info][gc,metaspace   ] GC(854) Metaspace: 113K(320K)->113K(320K) NonClass: 105K(192K)->105K(192K) Class: 7K(128K)->7K(128K)
[2026-06-17T10:02:27.216+0800][23.713s][info][gc             ] GC(854) Pause Young (Normal) (G1 Evacuation Pause) 58M->58M(64M) 5.019ms
[2026-06-17T10:02:27.216+0800][23.713s][info][gc,cpu         ] GC(854) User=0.00s Sys=0.00s Real=0.00s
[2026-06-17T10:02:27.218+0800][23.715s][info][gc,marking     ] GC(853) Concurrent Mark From Roots 5.379ms
[2026-06-17T10:02:27.218+0800][23.715s][info][gc,marking     ] GC(853) Concurrent Preclean
[2026-06-17T10:02:27.218+0800][23.715s][info][gc,marking     ] GC(853) Concurrent Preclean 0.243ms
[2026-06-17T10:02:27.219+0800][23.716s][info][gc,start       ] GC(853) Pause Remark
[2026-06-17T10:02:27.220+0800][23.716s][info][gc             ] GC(853) Pause Remark 58M->45M(64M) 0.825ms
[2026-06-17T10:02:27.220+0800][23.717s][info][gc,cpu         ] GC(853) User=0.00s Sys=0.00s Real=0.00s
[2026-06-17T10:02:27.220+0800][23.717s][info][gc,marking     ] GC(853) Concurrent Mark 7.797ms
[2026-06-17T10:02:27.220+0800][23.717s][info][gc,marking     ] GC(853) Concurrent Rebuild Remembered Sets and Scrub Regions
[2026-06-17T10:02:27.221+0800][23.718s][info][gc,marking     ] GC(853) Concurrent Rebuild Remembered Sets and Scrub Regions 0.609ms
[2026-06-17T10:02:27.221+0800][23.718s][info][gc,start       ] GC(853) Pause Cleanup
[2026-06-17T10:02:27.221+0800][23.718s][info][gc             ] GC(853) Pause Cleanup 45M->45M(64M) 0.204ms
[2026-06-17T10:02:27.221+0800][23.718s][info][gc,cpu         ] GC(853) User=0.00s Sys=0.00s Real=0.00s
[2026-06-17T10:02:27.222+0800][23.719s][info][gc,marking     ] GC(853) Concurrent Clear Claimed Marks
[2026-06-17T10:02:27.222+0800][23.719s][info][gc,marking     ] GC(853) Concurrent Clear Claimed Marks 0.207ms
[2026-06-17T10:02:27.222+0800][23.719s][info][gc,marking     ] GC(853) Concurrent Cleanup for Next Mark
[2026-06-17T10:02:27.222+0800][23.719s][info][gc,marking     ] GC(853) Concurrent Cleanup for Next Mark 0.326ms
[2026-06-17T10:02:27.223+0800][23.720s][info][gc             ] GC(853) Concurrent Mark Cycle 12.576ms
[2026-06-17T10:02:27.227+0800][23.724s][info][gc,start       ] GC(855) Pause Young (Prepare Mixed) (G1 Evacuation Pause)
[2026-06-17T10:02:27.227+0800][23.724s][info][gc,task        ] GC(855) Using 2 workers of 18 for evacuation
[2026-06-17T10:02:27.228+0800][23.725s][info][gc,phases      ] GC(855)   Pre Evacuate Collection Set: 0.10ms
[2026-06-17T10:02:27.228+0800][23.725s][info][gc,phases      ] GC(855)   Merge Heap Roots: 0.05ms
[2026-06-17T10:02:27.229+0800][23.725s][info][gc,phases      ] GC(855)   Evacuate Collection Set: 0.25ms
[2026-06-17T10:02:27.229+0800][23.726s][info][gc,phases      ] GC(855)   Post Evacuate Collection Set: 0.16ms
[2026-06-17T10:02:27.229+0800][23.726s][info][gc,phases      ] GC(855)   Other: 0.28ms
[2026-06-17T10:02:27.229+0800][23.726s][info][gc,heap        ] GC(855) Eden regions: 2->0(5)
[2026-06-17T10:02:27.229+0800][23.726s][info][gc,heap        ] GC(855) Survivor regions: 1->1(1)
[2026-06-17T10:02:27.230+0800][23.726s][info][gc,heap        ] GC(855) Old regions: 26->28
[2026-06-17T10:02:27.230+0800][23.727s][info][gc,heap        ] GC(855) Humongous regions: 19->19
[2026-06-17T10:02:27.230+0800][23.727s][info][gc,metaspace   ] GC(855) Metaspace: 113K(320K)->113K(320K) NonClass: 105K(192K)->105K(192K) Class: 7K(128K)->7K(128K)
[2026-06-17T10:02:27.230+0800][23.727s][info][gc             ] GC(855) Pause Young (Prepare Mixed) (G1 Evacuation Pause) 47M->47M(64M) 3.227ms
[2026-06-17T10:02:27.230+0800][23.727s][info][gc,cpu         ] GC(855) User=0.00s Sys=0.00s Real=0.01s
[2026-06-17T10:02:27.241+0800][23.738s][info][gc,start       ] GC(856) Pause Young (Mixed) (G1 Evacuation Pause)
[2026-06-17T10:02:27.242+0800][23.739s][info][gc,task        ] GC(856) Using 2 workers of 18 for evacuation
[2026-06-17T10:02:27.244+0800][23.740s][info][gc,phases      ] GC(856)   Pre Evacuate Collection Set: 0.12ms
[2026-06-17T10:02:27.244+0800][23.741s][info][gc,phases      ] GC(856)   Merge Heap Roots: 0.04ms
[2026-06-17T10:02:27.245+0800][23.741s][info][gc,phases      ] GC(856)   Evacuate Collection Set: 0.40ms
[2026-06-17T10:02:27.245+0800][23.742s][info][gc,phases      ] GC(856)   Post Evacuate Collection Set: 0.19ms
[2026-06-17T10:02:27.245+0800][23.742s][info][gc,phases      ] GC(856)   Other: 0.88ms
[2026-06-17T10:02:27.246+0800][23.743s][info][gc,heap        ] GC(856) Eden regions: 5->0(6)
[2026-06-17T10:02:27.246+0800][23.743s][info][gc,heap        ] GC(856) Survivor regions: 1->1(1)
[2026-06-17T10:02:27.247+0800][23.743s][info][gc,heap        ] GC(856) Old regions: 28->27
[2026-06-17T10:02:27.247+0800][23.744s][info][gc,heap        ] GC(856) Humongous regions: 19->19
[2026-06-17T10:02:27.247+0800][23.744s][info][gc,metaspace   ] GC(856) Metaspace: 113K(320K)->113K(320K) NonClass: 105K(192K)->105K(192K) Class: 7K(128K)->7K(128K)
[2026-06-17T10:02:27.247+0800][23.744s][info][gc             ] GC(856) Pause Young (Mixed) (G1 Evacuation Pause) 52M->46M(64M) 6.064ms
[2026-06-17T10:02:27.248+0800][23.745s][info][gc,cpu         ] GC(856) User=0.00s Sys=0.01s Real=0.01s
[2026-06-17T10:02:27.269+0800][23.766s][info][gc,start       ] GC(857) Pause Young (Normal) (G1 Evacuation Pause)
[2026-06-17T10:02:27.270+0800][23.767s][info][gc,task        ] GC(857) Using 2 workers of 18 for evacuation
[2026-06-17T10:02:27.271+0800][23.768s][info][gc,phases      ] GC(857)   Pre Evacuate Collection Set: 0.15ms
[2026-06-17T10:02:27.272+0800][23.768s][info][gc,phases      ] GC(857)   Merge Heap Roots: 0.05ms
[2026-06-17T10:02:27.272+0800][23.769s][info][gc,phases      ] GC(857)   Evacuate Collection Set: 0.17ms
[2026-06-17T10:02:27.273+0800][23.770s][info][gc,phases      ] GC(857)   Post Evacuate Collection Set: 0.15ms
[2026-06-17T10:02:27.273+0800][23.770s][info][gc,phases      ] GC(857)   Other: 0.62ms
[2026-06-17T10:02:27.274+0800][23.771s][info][gc,heap        ] GC(857) Eden regions: 6->0(6)
[2026-06-17T10:02:27.274+0800][23.771s][info][gc,heap        ] GC(857) Survivor regions: 1->1(1)
[2026-06-17T10:02:27.275+0800][23.772s][info][gc,heap        ] GC(857) Old regions: 27->28
[2026-06-17T10:02:27.275+0800][23.772s][info][gc,heap        ] GC(857) Humongous regions: 19->19
[2026-06-17T10:02:27.276+0800][23.773s][info][gc,metaspace   ] GC(857) Metaspace: 113K(320K)->113K(320K) NonClass: 105K(192K)->105K(192K) Class: 7K(128K)->7K(128K)
[2026-06-17T10:02:27.277+0800][23.773s][info][gc             ] GC(857) Pause Young (Normal) (G1 Evacuation Pause) 52M->46M(64M) 7.615ms
[2026-06-17T10:02:27.277+0800][23.774s][info][gc,cpu         ] GC(857) User=0.00s Sys=0.00s Real=0.01s
[2026-06-17T10:02:27.288+0800][23.785s][info][gc,start       ] GC(858) Pause Young (Normal) (G1 Evacuation Pause)
[2026-06-17T10:02:27.289+0800][23.786s][info][gc,task        ] GC(858) Using 2 workers of 18 for evacuation
[2026-06-17T10:02:27.290+0800][23.787s][info][gc,phases      ] GC(858)   Pre Evacuate Collection Set: 0.11ms
[2026-06-17T10:02:27.291+0800][23.788s][info][gc,phases      ] GC(858)   Merge Heap Roots: 0.03ms
[2026-06-17T10:02:27.293+0800][23.789s][info][gc,phases      ] GC(858)   Evacuate Collection Set: 0.23ms
[2026-06-17T10:02:27.293+0800][23.790s][info][gc,phases      ] GC(858)   Post Evacuate Collection Set: 0.14ms
[2026-06-17T10:02:27.293+0800][23.790s][info][gc,phases      ] GC(858)   Other: 0.67ms
[2026-06-17T10:02:27.293+0800][23.790s][info][gc,heap        ] GC(858) Eden regions: 6->0(5)
[2026-06-17T10:02:27.294+0800][23.790s][info][gc,heap        ] GC(858) Survivor regions: 1->1(1)
[2026-06-17T10:02:27.294+0800][23.791s][info][gc,heap        ] GC(858) Old regions: 28->30
[2026-06-17T10:02:27.294+0800][23.791s][info][gc,heap        ] GC(858) Humongous regions: 19->19
[2026-06-17T10:02:27.294+0800][23.791s][info][gc,metaspace   ] GC(858) Metaspace: 113K(320K)->113K(320K) NonClass: 105K(192K)->105K(192K) Class: 7K(128K)->7K(128K)
[2026-06-17T10:02:27.294+0800][23.791s][info][gc             ] GC(858) Pause Young (Normal) (G1 Evacuation Pause) 52M->49M(64M) 5.856ms
[2026-06-17T10:02:27.294+0800][23.791s][info][gc,cpu         ] GC(858) User=0.00s Sys=0.00s Real=0.01s
[2026-06-17T10:02:27.305+0800][23.802s][info][gc,start       ] GC(859) Pause Young (Concurrent Start) (G1 Evacuation Pause)
[2026-06-17T10:02:27.306+0800][23.802s][info][gc,task        ] GC(859) Using 2 workers of 18 for evacuation
[2026-06-17T10:02:27.306+0800][23.803s][info][gc,phases      ] GC(859)   Pre Evacuate Collection Set: 0.15ms
[2026-06-17T10:02:27.307+0800][23.803s][info][gc,phases      ] GC(859)   Merge Heap Roots: 0.04ms
[2026-06-17T10:02:27.307+0800][23.804s][info][gc,phases      ] GC(859)   Evacuate Collection Set: 0.23ms
[2026-06-17T10:02:27.307+0800][23.804s][info][gc,phases      ] GC(859)   Post Evacuate Collection Set: 0.16ms
[2026-06-17T10:02:27.307+0800][23.804s][info][gc,phases      ] GC(859)   Other: 0.28ms
[2026-06-17T10:02:27.307+0800][23.804s][info][gc,heap        ] GC(859) Eden regions: 5->0(4)
[2026-06-17T10:02:27.307+0800][23.804s][info][gc,heap        ] GC(859) Survivor regions: 1->1(1)
[2026-06-17T10:02:27.307+0800][23.804s][info][gc,heap        ] GC(859) Old regions: 30->32
[2026-06-17T10:02:27.307+0800][23.804s][info][gc,heap        ] GC(859) Humongous regions: 19->19
[2026-06-17T10:02:27.308+0800][23.804s][info][gc,metaspace   ] GC(859) Metaspace: 113K(320K)->113K(320K) NonClass: 105K(192K)->105K(192K) Class: 7K(128K)->7K(128K)
[2026-06-17T10:02:27.308+0800][23.804s][info][gc             ] GC(859) Pause Young (Concurrent Start) (G1 Evacuation Pause) 54M->51M(64M) 2.434ms
[2026-06-17T10:02:27.308+0800][23.805s][info][gc,cpu         ] GC(859) User=0.00s Sys=0.00s Real=0.00s
[2026-06-17T10:02:27.308+0800][23.805s][info][gc             ] GC(860) Concurrent Mark Cycle
[2026-06-17T10:02:27.308+0800][23.805s][info][gc,marking     ] GC(860) Concurrent Scan Root Regions
[2026-06-17T10:02:27.308+0800][23.805s][info][gc,marking     ] GC(860) Concurrent Scan Root Regions 0.164ms
[2026-06-17T10:02:27.308+0800][23.805s][info][gc,marking     ] GC(860) Concurrent Mark
[2026-06-17T10:02:27.308+0800][23.805s][info][gc,marking     ] GC(860) Concurrent Mark From Roots
[2026-06-17T10:02:27.308+0800][23.805s][info][gc,task        ] GC(860) Using 5 workers of 5 for marking
[2026-06-17T10:02:27.310+0800][23.806s][info][gc,marking     ] GC(860) Concurrent Mark From Roots 1.416ms
[2026-06-17T10:02:27.310+0800][23.807s][info][gc,marking     ] GC(860) Concurrent Preclean
[2026-06-17T10:02:27.310+0800][23.807s][info][gc,marking     ] GC(860) Concurrent Preclean 0.150ms
[2026-06-17T10:02:27.310+0800][23.807s][info][gc,start       ] GC(860) Pause Remark
[2026-06-17T10:02:27.311+0800][23.808s][info][gc             ] GC(860) Pause Remark 52M->49M(64M) 0.564ms
[2026-06-17T10:02:27.311+0800][23.808s][info][gc,cpu         ] GC(860) User=0.00s Sys=0.00s Real=0.01s
[2026-06-17T10:02:27.311+0800][23.808s][info][gc,marking     ] GC(860) Concurrent Mark 3.083ms
[2026-06-17T10:02:27.311+0800][23.808s][info][gc,marking     ] GC(860) Concurrent Rebuild Remembered Sets and Scrub Regions
[2026-06-17T10:02:27.312+0800][23.809s][info][gc,marking     ] GC(860) Concurrent Rebuild Remembered Sets and Scrub Regions 0.463ms
[2026-06-17T10:02:27.312+0800][23.809s][info][gc,start       ] GC(860) Pause Cleanup
[2026-06-17T10:02:27.312+0800][23.809s][info][gc             ] GC(860) Pause Cleanup 49M->49M(64M) 0.156ms
[2026-06-17T10:02:27.312+0800][23.809s][info][gc,cpu         ] GC(860) User=0.00s Sys=0.00s Real=0.00s
[2026-06-17T10:02:27.312+0800][23.809s][info][gc,marking     ] GC(860) Concurrent Clear Claimed Marks
[2026-06-17T10:02:27.312+0800][23.809s][info][gc,marking     ] GC(860) Concurrent Clear Claimed Marks 0.086ms
[2026-06-17T10:02:27.313+0800][23.809s][info][gc,marking     ] GC(860) Concurrent Cleanup for Next Mark
[2026-06-17T10:02:27.313+0800][23.810s][info][gc,marking     ] GC(860) Concurrent Cleanup for Next Mark 0.158ms
[2026-06-17T10:02:27.313+0800][23.810s][info][gc             ] GC(860) Concurrent Mark Cycle 5.119ms
[2026-06-17T10:02:27.318+0800][23.815s][info][gc,start       ] GC(861) Pause Young (Prepare Mixed) (G1 Evacuation Pause)
[2026-06-17T10:02:27.319+0800][23.815s][info][gc,task        ] GC(861) Using 2 workers of 18 for evacuation
[2026-06-17T10:02:27.319+0800][23.816s][info][gc,phases      ] GC(861)   Pre Evacuate Collection Set: 0.10ms
[2026-06-17T10:02:27.319+0800][23.816s][info][gc,phases      ] GC(861)   Merge Heap Roots: 0.04ms
[2026-06-17T10:02:27.319+0800][23.816s][info][gc,phases      ] GC(861)   Evacuate Collection Set: 0.20ms
[2026-06-17T10:02:27.320+0800][23.816s][info][gc,phases      ] GC(861)   Post Evacuate Collection Set: 0.13ms
[2026-06-17T10:02:27.320+0800][23.817s][info][gc,phases      ] GC(861)   Other: 0.17ms
[2026-06-17T10:02:27.320+0800][23.817s][info][gc,heap        ] GC(861) Eden regions: 4->0(5)
[2026-06-17T10:02:27.320+0800][23.817s][info][gc,heap        ] GC(861) Survivor regions: 1->1(1)
[2026-06-17T10:02:27.320+0800][23.817s][info][gc,heap        ] GC(861) Old regions: 29->31
[2026-06-17T10:02:27.320+0800][23.817s][info][gc,heap        ] GC(861) Humongous regions: 19->19
[2026-06-17T10:02:27.320+0800][23.817s][info][gc,metaspace   ] GC(861) Metaspace: 113K(320K)->113K(320K) NonClass: 105K(192K)->105K(192K) Class: 7K(128K)->7K(128K)
[2026-06-17T10:02:27.320+0800][23.817s][info][gc             ] GC(861) Pause Young (Prepare Mixed) (G1 Evacuation Pause) 52M->50M(64M) 1.806ms
[2026-06-17T10:02:27.320+0800][23.817s][info][gc,cpu         ] GC(861) User=0.00s Sys=0.00s Real=0.00s
[2026-06-17T10:02:27.331+0800][23.828s][info][gc,start       ] GC(862) Pause Young (Mixed) (G1 Evacuation Pause)
[2026-06-17T10:02:27.331+0800][23.828s][info][gc,task        ] GC(862) Using 2 workers of 18 for evacuation
[2026-06-17T10:02:27.332+0800][23.829s][info][gc,phases      ] GC(862)   Pre Evacuate Collection Set: 0.14ms
[2026-06-17T10:02:27.332+0800][23.829s][info][gc,phases      ] GC(862)   Merge Heap Roots: 0.04ms
[2026-06-17T10:02:27.332+0800][23.829s][info][gc,phases      ] GC(862)   Evacuate Collection Set: 0.52ms
[2026-06-17T10:02:27.333+0800][23.829s][info][gc,phases      ] GC(862)   Post Evacuate Collection Set: 0.18ms
[2026-06-17T10:02:27.333+0800][23.830s][info][gc,phases      ] GC(862)   Other: 0.17ms
[2026-06-17T10:02:27.333+0800][23.830s][info][gc,heap        ] GC(862) Eden regions: 5->0(4)
[2026-06-17T10:02:27.333+0800][23.830s][info][gc,heap        ] GC(862) Survivor regions: 1->1(1)
[2026-06-17T10:02:27.333+0800][23.830s][info][gc,heap        ] GC(862) Old regions: 31->31
[2026-06-17T10:02:27.333+0800][23.830s][info][gc,heap        ] GC(862) Humongous regions: 19->19
[2026-06-17T10:02:27.333+0800][23.830s][info][gc,metaspace   ] GC(862) Metaspace: 113K(320K)->113K(320K) NonClass: 105K(192K)->105K(192K) Class: 7K(128K)->7K(128K)
[2026-06-17T10:02:27.333+0800][23.830s][info][gc             ] GC(862) Pause Young (Mixed) (G1 Evacuation Pause) 55M->50M(64M) 2.351ms
[2026-06-17T10:02:27.333+0800][23.830s][info][gc,cpu         ] GC(862) User=0.00s Sys=0.00s Real=0.00s
[2026-06-17T10:02:27.344+0800][23.841s][info][gc,start       ] GC(863) Pause Young (Mixed) (G1 Evacuation Pause)
[2026-06-17T10:02:27.344+0800][23.841s][info][gc,task        ] GC(863) Using 2 workers of 18 for evacuation
[2026-06-17T10:02:27.345+0800][23.842s][info][gc,phases      ] GC(863)   Pre Evacuate Collection Set: 0.10ms
[2026-06-17T10:02:27.345+0800][23.842s][info][gc,phases      ] GC(863)   Merge Heap Roots: 0.04ms
[2026-06-17T10:02:27.346+0800][23.843s][info][gc,phases      ] GC(863)   Evacuate Collection Set: 0.28ms
[2026-06-17T10:02:27.346+0800][23.843s][info][gc,phases      ] GC(863)   Post Evacuate Collection Set: 0.14ms
[2026-06-17T10:02:27.346+0800][23.843s][info][gc,phases      ] GC(863)   Other: 0.18ms
[2026-06-17T10:02:27.347+0800][23.843s][info][gc,heap        ] GC(863) Eden regions: 4->0(3)
[2026-06-17T10:02:27.347+0800][23.844s][info][gc,heap        ] GC(863) Survivor regions: 1->1(1)
[2026-06-17T10:02:27.347+0800][23.844s][info][gc,heap        ] GC(863) Old regions: 31->33
[2026-06-17T10:02:27.347+0800][23.844s][info][gc,heap        ] GC(863) Humongous regions: 19->19
[2026-06-17T10:02:27.347+0800][23.844s][info][gc,metaspace   ] GC(863) Metaspace: 113K(320K)->113K(320K) NonClass: 105K(192K)->105K(192K) Class: 7K(128K)->7K(128K)
[2026-06-17T10:02:27.347+0800][23.844s][info][gc             ] GC(863) Pause Young (Mixed) (G1 Evacuation Pause) 54M->52M(64M) 3.126ms
[2026-06-17T10:02:27.347+0800][23.844s][info][gc,cpu         ] GC(863) User=0.00s Sys=0.00s Real=0.00s
[2026-06-17T10:02:27.358+0800][23.855s][info][gc,start       ] GC(864) Pause Young (Concurrent Start) (G1 Evacuation Pause)
[2026-06-17T10:02:27.358+0800][23.855s][info][gc,task        ] GC(864) Using 2 workers of 18 for evacuation
[2026-06-17T10:02:27.359+0800][23.856s][info][gc,phases      ] GC(864)   Pre Evacuate Collection Set: 0.14ms
[2026-06-17T10:02:27.359+0800][23.856s][info][gc,phases      ] GC(864)   Merge Heap Roots: 0.05ms
[2026-06-17T10:02:27.359+0800][23.856s][info][gc,phases      ] GC(864)   Evacuate Collection Set: 0.22ms
[2026-06-17T10:02:27.359+0800][23.856s][info][gc,phases      ] GC(864)   Post Evacuate Collection Set: 0.16ms
[2026-06-17T10:02:27.359+0800][23.856s][info][gc,phases      ] GC(864)   Other: 0.35ms
[2026-06-17T10:02:27.359+0800][23.856s][info][gc,heap        ] GC(864) Eden regions: 3->0(2)
[2026-06-17T10:02:27.359+0800][23.856s][info][gc,heap        ] GC(864) Survivor regions: 1->1(1)
[2026-06-17T10:02:27.360+0800][23.856s][info][gc,heap        ] GC(864) Old regions: 33->35
[2026-06-17T10:02:27.360+0800][23.857s][info][gc,heap        ] GC(864) Humongous regions: 19->19
[2026-06-17T10:02:27.360+0800][23.857s][info][gc,metaspace   ] GC(864) Metaspace: 113K(320K)->113K(320K) NonClass: 105K(192K)->105K(192K) Class: 7K(128K)->7K(128K)
[2026-06-17T10:02:27.360+0800][23.857s][info][gc             ] GC(864) Pause Young (Concurrent Start) (G1 Evacuation Pause) 55M->54M(64M) 2.076ms
[2026-06-17T10:02:27.360+0800][23.857s][info][gc,cpu         ] GC(864) User=0.00s Sys=0.00s Real=0.00s
[2026-06-17T10:02:27.360+0800][23.857s][info][gc             ] GC(865) Concurrent Mark Cycle
[2026-06-17T10:02:27.360+0800][23.857s][info][gc,marking     ] GC(865) Concurrent Scan Root Regions
[2026-06-17T10:02:27.360+0800][23.857s][info][gc,start       ] GC(866) Pause Young (Normal) (G1 Evacuation Pause)
[2026-06-17T10:02:27.360+0800][23.857s][info][gc,task        ] GC(866) Using 2 workers of 18 for evacuation
[2026-06-17T10:02:27.360+0800][23.857s][info][gc,marking     ] GC(865) Concurrent Scan Root Regions 0.208ms
[2026-06-17T10:02:27.361+0800][23.858s][info][gc,marking     ] GC(865) Concurrent Mark
[2026-06-17T10:02:27.361+0800][23.858s][info][gc,marking     ] GC(865) Concurrent Mark From Roots
[2026-06-17T10:02:27.361+0800][23.858s][info][gc,task        ] GC(865) Using 5 workers of 5 for marking
[2026-06-17T10:02:27.361+0800][23.858s][info][gc,phases      ] GC(866)   Pre Evacuate Collection Set: 0.09ms
[2026-06-17T10:02:27.361+0800][23.858s][info][gc,phases      ] GC(866)   Merge Heap Roots: 0.04ms
[2026-06-17T10:02:27.361+0800][23.858s][info][gc,phases      ] GC(866)   Evacuate Collection Set: 0.09ms
[2026-06-17T10:02:27.361+0800][23.858s][info][gc,phases      ] GC(866)   Post Evacuate Collection Set: 0.15ms
[2026-06-17T10:02:27.361+0800][23.858s][info][gc,phases      ] GC(866)   Other: 0.12ms
[2026-06-17T10:02:27.361+0800][23.858s][info][gc,heap        ] GC(866) Eden regions: 2->0(2)
[2026-06-17T10:02:27.362+0800][23.858s][info][gc,heap        ] GC(866) Survivor regions: 1->1(1)
[2026-06-17T10:02:27.362+0800][23.858s][info][gc,heap        ] GC(866) Old regions: 35->35
[2026-06-17T10:02:27.362+0800][23.859s][info][gc,heap        ] GC(866) Humongous regions: 19->19
[2026-06-17T10:02:27.362+0800][23.859s][info][gc,metaspace   ] GC(866) Metaspace: 113K(320K)->113K(320K) NonClass: 105K(192K)->105K(192K) Class: 7K(128K)->7K(128K)
[2026-06-17T10:02:27.362+0800][23.859s][info][gc             ] GC(866) Pause Young (Normal) (G1 Evacuation Pause) 56M->53M(64M) 1.733ms
[2026-06-17T10:02:27.362+0800][23.859s][info][gc,cpu         ] GC(866) User=0.00s Sys=0.00s Real=0.00s
[2026-06-17T10:02:27.363+0800][23.860s][info][gc,marking     ] GC(865) Concurrent Mark From Roots 2.626ms
[2026-06-17T10:02:27.364+0800][23.861s][info][gc,marking     ] GC(865) Concurrent Preclean
[2026-06-17T10:02:27.364+0800][23.861s][info][gc,marking     ] GC(865) Concurrent Preclean 0.136ms
[2026-06-17T10:02:27.364+0800][23.861s][info][gc,start       ] GC(865) Pause Remark
[2026-06-17T10:02:27.364+0800][23.861s][info][gc             ] GC(865) Pause Remark 55M->43M(64M) 0.479ms
[2026-06-17T10:02:27.365+0800][23.862s][info][gc,cpu         ] GC(865) User=0.00s Sys=0.00s Real=0.00s
[2026-06-17T10:02:27.365+0800][23.862s][info][gc,marking     ] GC(865) Concurrent Mark 4.135ms
[2026-06-17T10:02:27.365+0800][23.862s][info][gc,marking     ] GC(865) Concurrent Rebuild Remembered Sets and Scrub Regions
[2026-06-17T10:02:27.365+0800][23.862s][info][gc,marking     ] GC(865) Concurrent Rebuild Remembered Sets and Scrub Regions 0.442ms
[2026-06-17T10:02:27.366+0800][23.862s][info][gc,start       ] GC(865) Pause Cleanup
[2026-06-17T10:02:27.366+0800][23.863s][info][gc             ] GC(865) Pause Cleanup 43M->43M(64M) 0.167ms
[2026-06-17T10:02:27.366+0800][23.863s][info][gc,cpu         ] GC(865) User=0.00s Sys=0.00s Real=0.00s
[2026-06-17T10:02:27.366+0800][23.863s][info][gc,marking     ] GC(865) Concurrent Clear Claimed Marks
[2026-06-17T10:02:27.366+0800][23.863s][info][gc,marking     ] GC(865) Concurrent Clear Claimed Marks 0.079ms
[2026-06-17T10:02:27.366+0800][23.863s][info][gc,marking     ] GC(865) Concurrent Cleanup for Next Mark
[2026-06-17T10:02:27.366+0800][23.863s][info][gc,marking     ] GC(865) Concurrent Cleanup for Next Mark 0.226ms
[2026-06-17T10:02:27.366+0800][23.863s][info][gc             ] GC(865) Concurrent Mark Cycle 6.477ms
[2026-06-17T10:02:27.372+0800][23.869s][info][gc,start       ] GC(867) Pause Young (Prepare Mixed) (G1 Evacuation Pause)
[2026-06-17T10:02:27.373+0800][23.870s][info][gc,task        ] GC(867) Using 2 workers of 18 for evacuation
[2026-06-17T10:02:27.373+0800][23.870s][info][gc,phases      ] GC(867)   Pre Evacuate Collection Set: 0.09ms
[2026-06-17T10:02:27.373+0800][23.870s][info][gc,phases      ] GC(867)   Merge Heap Roots: 0.05ms
[2026-06-17T10:02:27.374+0800][23.870s][info][gc,phases      ] GC(867)   Evacuate Collection Set: 0.22ms
[2026-06-17T10:02:27.374+0800][23.871s][info][gc,phases      ] GC(867)   Post Evacuate Collection Set: 0.15ms
[2026-06-17T10:02:27.374+0800][23.871s][info][gc,phases      ] GC(867)   Other: 0.14ms
[2026-06-17T10:02:27.374+0800][23.871s][info][gc,heap        ] GC(867) Eden regions: 2->0(6)
[2026-06-17T10:02:27.374+0800][23.871s][info][gc,heap        ] GC(867) Survivor regions: 1->1(1)
[2026-06-17T10:02:27.374+0800][23.871s][info][gc,heap        ] GC(867) Old regions: 23->25
[2026-06-17T10:02:27.374+0800][23.871s][info][gc,heap        ] GC(867) Humongous regions: 19->19
[2026-06-17T10:02:27.374+0800][23.871s][info][gc,metaspace   ] GC(867) Metaspace: 113K(320K)->113K(320K) NonClass: 105K(192K)->105K(192K) Class: 7K(128K)->7K(128K)
[2026-06-17T10:02:27.374+0800][23.871s][info][gc             ] GC(867) Pause Young (Prepare Mixed) (G1 Evacuation Pause) 43M->43M(64M) 1.815ms
[2026-06-17T10:02:27.374+0800][23.871s][info][gc,cpu         ] GC(867) User=0.00s Sys=0.00s Real=0.00s
[2026-06-17T10:02:27.395+0800][23.892s][info][gc,start       ] GC(868) Pause Young (Mixed) (G1 Evacuation Pause)
[2026-06-17T10:02:27.400+0800][23.897s][info][gc,task        ] GC(868) Using 2 workers of 18 for evacuation
[2026-06-17T10:02:27.402+0800][23.899s][info][gc,phases      ] GC(868)   Pre Evacuate Collection Set: 0.12ms
[2026-06-17T10:02:27.403+0800][23.900s][info][gc,phases      ] GC(868)   Merge Heap Roots: 0.04ms
[2026-06-17T10:02:27.405+0800][23.902s][info][gc,phases      ] GC(868)   Evacuate Collection Set: 0.51ms
[2026-06-17T10:02:27.406+0800][23.903s][info][gc,phases      ] GC(868)   Post Evacuate Collection Set: 0.23ms
[2026-06-17T10:02:27.407+0800][23.904s][info][gc,phases      ] GC(868)   Other: 0.81ms
[2026-06-17T10:02:27.408+0800][23.905s][info][gc,heap        ] GC(868) Eden regions: 6->0(12)
[2026-06-17T10:02:27.408+0800][23.905s][info][gc,heap        ] GC(868) Survivor regions: 1->1(1)
[2026-06-17T10:02:27.408+0800][23.905s][info][gc,heap        ] GC(868) Old regions: 25->20
[2026-06-17T10:02:27.408+0800][23.905s][info][gc,heap        ] GC(868) Humongous regions: 20->10
[2026-06-17T10:02:27.408+0800][23.905s][info][gc,metaspace   ] GC(868) Metaspace: 113K(320K)->113K(320K) NonClass: 105K(192K)->105K(192K) Class: 7K(128K)->7K(128K)
[2026-06-17T10:02:27.409+0800][23.905s][info][gc             ] GC(868) Pause Young (Mixed) (G1 Evacuation Pause) 50M->29M(64M) 13.187ms
[2026-06-17T10:02:27.409+0800][23.906s][info][gc,cpu         ] GC(868) User=0.00s Sys=0.00s Real=0.01s
[2026-06-17T10:02:27.440+0800][23.937s][info][gc,start       ] GC(869) Pause Young (Mixed) (G1 Evacuation Pause)
[2026-06-17T10:02:27.441+0800][23.938s][info][gc,task        ] GC(869) Using 2 workers of 18 for evacuation
[2026-06-17T10:02:27.442+0800][23.938s][info][gc,phases      ] GC(869)   Pre Evacuate Collection Set: 0.14ms
[2026-06-17T10:02:27.442+0800][23.939s][info][gc,phases      ] GC(869)   Merge Heap Roots: 0.05ms
[2026-06-17T10:02:27.442+0800][23.939s][info][gc,phases      ] GC(869)   Evacuate Collection Set: 0.22ms
[2026-06-17T10:02:27.442+0800][23.939s][info][gc,phases      ] GC(869)   Post Evacuate Collection Set: 0.19ms
[2026-06-17T10:02:27.442+0800][23.939s][info][gc,phases      ] GC(869)   Other: 0.25ms
[2026-06-17T10:02:27.443+0800][23.940s][info][gc,heap        ] GC(869) Eden regions: 12->0(13)
[2026-06-17T10:02:27.443+0800][23.940s][info][gc,heap        ] GC(869) Survivor regions: 1->2(2)
[2026-06-17T10:02:27.444+0800][23.940s][info][gc,heap        ] GC(869) Old regions: 20->19
[2026-06-17T10:02:27.444+0800][23.941s][info][gc,heap        ] GC(869) Humongous regions: 10->10
[2026-06-17T10:02:27.444+0800][23.941s][info][gc,metaspace   ] GC(869) Metaspace: 113K(320K)->113K(320K) NonClass: 105K(192K)->105K(192K) Class: 7K(128K)->7K(128K)
[2026-06-17T10:02:27.444+0800][23.941s][info][gc             ] GC(869) Pause Young (Mixed) (G1 Evacuation Pause) 41M->30M(64M) 3.767ms
[2026-06-17T10:02:27.444+0800][23.941s][info][gc,cpu         ] GC(869) User=0.00s Sys=0.00s Real=0.01s
[2026-06-17T10:02:27.476+0800][23.973s][info][gc,start       ] GC(870) Pause Young (Normal) (G1 Evacuation Pause)
[2026-06-17T10:02:27.478+0800][23.975s][info][gc,task        ] GC(870) Using 2 workers of 18 for evacuation
[2026-06-17T10:02:27.481+0800][23.978s][info][gc,phases      ] GC(870)   Pre Evacuate Collection Set: 0.15ms
[2026-06-17T10:02:27.482+0800][23.979s][info][gc,phases      ] GC(870)   Merge Heap Roots: 0.05ms
[2026-06-17T10:02:27.483+0800][23.980s][info][gc,phases      ] GC(870)   Evacuate Collection Set: 0.37ms
[2026-06-17T10:02:27.484+0800][23.981s][info][gc,phases      ] GC(870)   Post Evacuate Collection Set: 0.20ms
[2026-06-17T10:02:27.485+0800][23.982s][info][gc,phases      ] GC(870)   Other: 2.21ms
[2026-06-17T10:02:27.485+0800][23.982s][info][gc,heap        ] GC(870) Eden regions: 13->0(13)
[2026-06-17T10:02:27.486+0800][23.983s][info][gc,heap        ] GC(870) Survivor regions: 2->2(2)
[2026-06-17T10:02:27.488+0800][23.984s][info][gc,heap        ] GC(870) Old regions: 19->22
[2026-06-17T10:02:27.489+0800][23.986s][info][gc,heap        ] GC(870) Humongous regions: 10->10
[2026-06-17T10:02:27.490+0800][23.987s][info][gc,metaspace   ] GC(870) Metaspace: 113K(320K)->113K(320K) NonClass: 105K(192K)->105K(192K) Class: 7K(128K)->7K(128K)
[2026-06-17T10:02:27.491+0800][23.988s][info][gc             ] GC(870) Pause Young (Normal) (G1 Evacuation Pause) 43M->33M(64M) 15.022ms
[2026-06-17T10:02:27.492+0800][23.989s][info][gc,cpu         ] GC(870) User=0.00s Sys=0.00s Real=0.02s
[2026-06-17T10:02:27.524+0800][24.021s][info][gc,start       ] GC(871) Pause Young (Normal) (G1 Evacuation Pause)
[2026-06-17T10:02:27.525+0800][24.022s][info][gc,task        ] GC(871) Using 2 workers of 18 for evacuation
[2026-06-17T10:02:27.526+0800][24.023s][info][gc,phases      ] GC(871)   Pre Evacuate Collection Set: 0.13ms
[2026-06-17T10:02:27.527+0800][24.024s][info][gc,phases      ] GC(871)   Merge Heap Roots: 0.07ms
[2026-06-17T10:02:27.527+0800][24.024s][info][gc,phases      ] GC(871)   Evacuate Collection Set: 0.37ms
[2026-06-17T10:02:27.528+0800][24.024s][info][gc,phases      ] GC(871)   Post Evacuate Collection Set: 0.23ms
[2026-06-17T10:02:27.528+0800][24.025s][info][gc,phases      ] GC(871)   Other: 0.48ms
[2026-06-17T10:02:27.529+0800][24.026s][info][gc,heap        ] GC(871) Eden regions: 13->0(12)
[2026-06-17T10:02:27.529+0800][24.026s][info][gc,heap        ] GC(871) Survivor regions: 2->2(2)
[2026-06-17T10:02:27.530+0800][24.027s][info][gc,heap        ] GC(871) Old regions: 22->25
[2026-06-17T10:02:27.530+0800][24.027s][info][gc,heap        ] GC(871) Humongous regions: 10->10
[2026-06-17T10:02:27.531+0800][24.028s][info][gc,metaspace   ] GC(871) Metaspace: 113K(320K)->113K(320K) NonClass: 105K(192K)->105K(192K) Class: 7K(128K)->7K(128K)
[2026-06-17T10:02:27.531+0800][24.028s][info][gc             ] GC(871) Pause Young (Normal) (G1 Evacuation Pause) 46M->36M(64M) 6.896ms
[2026-06-17T10:02:27.532+0800][24.029s][info][gc,cpu         ] GC(871) User=0.00s Sys=0.00s Real=0.01s
[2026-06-17T10:02:27.564+0800][24.061s][info][gc,start       ] GC(872) Pause Young (Normal) (G1 Evacuation Pause)
[2026-06-17T10:02:27.565+0800][24.062s][info][gc,task        ] GC(872) Using 2 workers of 18 for evacuation
[2026-06-17T10:02:27.567+0800][24.064s][info][gc,phases      ] GC(872)   Pre Evacuate Collection Set: 0.20ms
[2026-06-17T10:02:27.567+0800][24.064s][info][gc,phases      ] GC(872)   Merge Heap Roots: 0.05ms
[2026-06-17T10:02:27.568+0800][24.064s][info][gc,phases      ] GC(872)   Evacuate Collection Set: 0.40ms
[2026-06-17T10:02:27.568+0800][24.065s][info][gc,phases      ] GC(872)   Post Evacuate Collection Set: 0.38ms
[2026-06-17T10:02:27.569+0800][24.066s][info][gc,phases      ] GC(872)   Other: 0.80ms
[2026-06-17T10:02:27.570+0800][24.066s][info][gc,heap        ] GC(872) Eden regions: 12->0(12)
[2026-06-17T10:02:27.570+0800][24.067s][info][gc,heap        ] GC(872) Survivor regions: 2->2(2)
[2026-06-17T10:02:27.571+0800][24.068s][info][gc,heap        ] GC(872) Old regions: 25->27
[2026-06-17T10:02:27.571+0800][24.068s][info][gc,heap        ] GC(872) Humongous regions: 10->10
[2026-06-17T10:02:27.573+0800][24.070s][info][gc,metaspace   ] GC(872) Metaspace: 113K(320K)->113K(320K) NonClass: 105K(192K)->105K(192K) Class: 7K(128K)->7K(128K)
[2026-06-17T10:02:27.573+0800][24.070s][info][gc             ] GC(872) Pause Young (Normal) (G1 Evacuation Pause) 48M->38M(64M) 8.666ms
[2026-06-17T10:02:27.574+0800][24.070s][info][gc,cpu         ] GC(872) User=0.01s Sys=0.00s Real=0.01s
[2026-06-17T10:02:27.596+0800][24.093s][info][gc,start       ] GC(873) Pause Young (Normal) (G1 Evacuation Pause)
[2026-06-17T10:02:27.597+0800][24.094s][info][gc,task        ] GC(873) Using 2 workers of 18 for evacuation
[2026-06-17T10:02:27.598+0800][24.095s][info][gc,phases      ] GC(873)   Pre Evacuate Collection Set: 0.14ms
[2026-06-17T10:02:27.599+0800][24.096s][info][gc,phases      ] GC(873)   Merge Heap Roots: 0.03ms
[2026-06-17T10:02:27.599+0800][24.096s][info][gc,phases      ] GC(873)   Evacuate Collection Set: 0.50ms
[2026-06-17T10:02:27.600+0800][24.097s][info][gc,phases      ] GC(873)   Post Evacuate Collection Set: 0.20ms
[2026-06-17T10:02:27.600+0800][24.097s][info][gc,phases      ] GC(873)   Other: 0.52ms
[2026-06-17T10:02:27.601+0800][24.098s][info][gc,heap        ] GC(873) Eden regions: 12->0(8)
[2026-06-17T10:02:27.601+0800][24.098s][info][gc,heap        ] GC(873) Survivor regions: 2->2(2)
[2026-06-17T10:02:27.601+0800][24.098s][info][gc,heap        ] GC(873) Old regions: 27->33
[2026-06-17T10:02:27.602+0800][24.098s][info][gc,heap        ] GC(873) Humongous regions: 10->10
[2026-06-17T10:02:27.602+0800][24.099s][info][gc,metaspace   ] GC(873) Metaspace: 113K(320K)->113K(320K) NonClass: 105K(192K)->105K(192K) Class: 7K(128K)->7K(128K)
[2026-06-17T10:02:27.602+0800][24.099s][info][gc             ] GC(873) Pause Young (Normal) (G1 Evacuation Pause) 50M->44M(64M) 5.525ms
[2026-06-17T10:02:27.602+0800][24.099s][info][gc,cpu         ] GC(873) User=0.00s Sys=0.00s Real=0.01s
[2026-06-17T10:02:27.624+0800][24.121s][info][gc,start       ] GC(874) Pause Young (Concurrent Start) (G1 Evacuation Pause)
[2026-06-17T10:02:27.625+0800][24.122s][info][gc,task        ] GC(874) Using 2 workers of 18 for evacuation
[2026-06-17T10:02:27.626+0800][24.123s][info][gc,phases      ] GC(874)   Pre Evacuate Collection Set: 0.20ms
[2026-06-17T10:02:27.627+0800][24.124s][info][gc,phases      ] GC(874)   Merge Heap Roots: 0.05ms
[2026-06-17T10:02:27.628+0800][24.124s][info][gc,phases      ] GC(874)   Evacuate Collection Set: 0.39ms
[2026-06-17T10:02:27.628+0800][24.125s][info][gc,phases      ] GC(874)   Post Evacuate Collection Set: 0.22ms
[2026-06-17T10:02:27.629+0800][24.125s][info][gc,phases      ] GC(874)   Other: 0.63ms
[2026-06-17T10:02:27.629+0800][24.126s][info][gc,heap        ] GC(874) Eden regions: 8->0(6)
[2026-06-17T10:02:27.629+0800][24.126s][info][gc,heap        ] GC(874) Survivor regions: 2->2(2)
[2026-06-17T10:02:27.630+0800][24.127s][info][gc,heap        ] GC(874) Old regions: 33->36
[2026-06-17T10:02:27.630+0800][24.127s][info][gc,heap        ] GC(874) Humongous regions: 10->10
[2026-06-17T10:02:27.631+0800][24.128s][info][gc,metaspace   ] GC(874) Metaspace: 113K(320K)->113K(320K) NonClass: 105K(192K)->105K(192K) Class: 7K(128K)->7K(128K)
[2026-06-17T10:02:27.631+0800][24.128s][info][gc             ] GC(874) Pause Young (Concurrent Start) (G1 Evacuation Pause) 52M->47M(64M) 7.385ms
[2026-06-17T10:02:27.632+0800][24.129s][info][gc,cpu         ] GC(874) User=0.00s Sys=0.00s Real=0.01s
[2026-06-17T10:02:27.632+0800][24.129s][info][gc             ] GC(875) Concurrent Mark Cycle
[2026-06-17T10:02:27.632+0800][24.129s][info][gc,marking     ] GC(875) Concurrent Scan Root Regions
[2026-06-17T10:02:27.633+0800][24.130s][info][gc,marking     ] GC(875) Concurrent Scan Root Regions 0.576ms
[2026-06-17T10:02:27.633+0800][24.130s][info][gc,marking     ] GC(875) Concurrent Mark
[2026-06-17T10:02:27.634+0800][24.131s][info][gc,marking     ] GC(875) Concurrent Mark From Roots
[2026-06-17T10:02:27.634+0800][24.131s][info][gc,task        ] GC(875) Using 5 workers of 5 for marking
[2026-06-17T10:02:27.636+0800][24.133s][info][gc,marking     ] GC(875) Concurrent Mark From Roots 2.066ms
[2026-06-17T10:02:27.636+0800][24.133s][info][gc,marking     ] GC(875) Concurrent Preclean
[2026-06-17T10:02:27.637+0800][24.134s][info][gc,marking     ] GC(875) Concurrent Preclean 0.535ms
[2026-06-17T10:02:27.637+0800][24.134s][info][gc,start       ] GC(875) Pause Remark
[2026-06-17T10:02:27.638+0800][24.135s][info][gc             ] GC(875) Pause Remark 50M->41M(64M) 0.741ms
[2026-06-17T10:02:27.640+0800][24.136s][info][gc,cpu         ] GC(875) User=0.00s Sys=0.00s Real=0.00s
[2026-06-17T10:02:27.640+0800][24.137s][info][gc,marking     ] GC(875) Concurrent Mark 6.563ms
[2026-06-17T10:02:27.641+0800][24.138s][info][gc,marking     ] GC(875) Concurrent Rebuild Remembered Sets and Scrub Regions
[2026-06-17T10:02:27.642+0800][24.138s][info][gc,marking     ] GC(875) Concurrent Rebuild Remembered Sets and Scrub Regions 0.780ms
[2026-06-17T10:02:27.642+0800][24.139s][info][gc,start       ] GC(875) Pause Cleanup
[2026-06-17T10:02:27.643+0800][24.140s][info][gc             ] GC(875) Pause Cleanup 41M->41M(64M) 0.697ms
[2026-06-17T10:02:27.643+0800][24.140s][info][gc,cpu         ] GC(875) User=0.00s Sys=0.00s Real=0.01s
[2026-06-17T10:02:27.644+0800][24.141s][info][gc,marking     ] GC(875) Concurrent Clear Claimed Marks
[2026-06-17T10:02:27.644+0800][24.141s][info][gc,marking     ] GC(875) Concurrent Clear Claimed Marks 0.398ms
[2026-06-17T10:02:27.645+0800][24.141s][info][gc,marking     ] GC(875) Concurrent Cleanup for Next Mark
[2026-06-17T10:02:27.645+0800][24.142s][info][gc,marking     ] GC(875) Concurrent Cleanup for Next Mark 0.517ms
[2026-06-17T10:02:27.645+0800][24.142s][info][gc             ] GC(875) Concurrent Mark Cycle 13.739ms
[2026-06-17T10:02:27.654+0800][24.151s][info][gc,start       ] GC(876) Pause Young (Prepare Mixed) (G1 Evacuation Pause)
[2026-06-17T10:02:27.655+0800][24.152s][info][gc,task        ] GC(876) Using 2 workers of 18 for evacuation
[2026-06-17T10:02:27.657+0800][24.153s][info][gc,phases      ] GC(876)   Pre Evacuate Collection Set: 0.16ms
[2026-06-17T10:02:27.657+0800][24.154s][info][gc,phases      ] GC(876)   Merge Heap Roots: 0.05ms
[2026-06-17T10:02:27.657+0800][24.154s][info][gc,phases      ] GC(876)   Evacuate Collection Set: 0.23ms
[2026-06-17T10:02:27.658+0800][24.155s][info][gc,phases      ] GC(876)   Post Evacuate Collection Set: 0.22ms
[2026-06-17T10:02:27.658+0800][24.155s][info][gc,phases      ] GC(876)   Other: 0.54ms
[2026-06-17T10:02:27.659+0800][24.155s][info][gc,heap        ] GC(876) Eden regions: 6->0(12)
[2026-06-17T10:02:27.659+0800][24.156s][info][gc,heap        ] GC(876) Survivor regions: 2->1(1)
[2026-06-17T10:02:27.660+0800][24.156s][info][gc,heap        ] GC(876) Old regions: 27->29
[2026-06-17T10:02:27.660+0800][24.157s][info][gc,heap        ] GC(876) Humongous regions: 11->11
[2026-06-17T10:02:27.660+0800][24.157s][info][gc,metaspace   ] GC(876) Metaspace: 113K(320K)->113K(320K) NonClass: 105K(192K)->105K(192K) Class: 7K(128K)->7K(128K)
[2026-06-17T10:02:27.661+0800][24.158s][info][gc             ] GC(876) Pause Young (Prepare Mixed) (G1 Evacuation Pause) 45M->39M(64M) 6.489ms
[2026-06-17T10:02:27.661+0800][24.158s][info][gc,cpu         ] GC(876) User=0.00s Sys=0.00s Real=0.00s
[2026-06-17T10:02:27.693+0800][24.190s][info][gc,start       ] GC(877) Pause Young (Mixed) (G1 Evacuation Pause)
[2026-06-17T10:02:27.694+0800][24.191s][info][gc,task        ] GC(877) Using 2 workers of 18 for evacuation
[2026-06-17T10:02:27.695+0800][24.192s][info][gc,phases      ] GC(877)   Pre Evacuate Collection Set: 0.14ms
[2026-06-17T10:02:27.695+0800][24.192s][info][gc,phases      ] GC(877)   Merge Heap Roots: 0.05ms
[2026-06-17T10:02:27.695+0800][24.192s][info][gc,phases      ] GC(877)   Evacuate Collection Set: 0.40ms
[2026-06-17T10:02:27.695+0800][24.192s][info][gc,phases      ] GC(877)   Post Evacuate Collection Set: 0.29ms
[2026-06-17T10:02:27.696+0800][24.192s][info][gc,phases      ] GC(877)   Other: 0.33ms
[2026-06-17T10:02:27.696+0800][24.193s][info][gc,heap        ] GC(877) Eden regions: 12->0(14)
[2026-06-17T10:02:27.696+0800][24.193s][info][gc,heap        ] GC(877) Survivor regions: 1->2(2)
[2026-06-17T10:02:27.696+0800][24.193s][info][gc,heap        ] GC(877) Old regions: 29->25
[2026-06-17T10:02:27.696+0800][24.193s][info][gc,heap        ] GC(877) Humongous regions: 11->11
[2026-06-17T10:02:27.696+0800][24.193s][info][gc,metaspace   ] GC(877) Metaspace: 113K(320K)->113K(320K) NonClass: 105K(192K)->105K(192K) Class: 7K(128K)->7K(128K)
[2026-06-17T10:02:27.696+0800][24.193s][info][gc             ] GC(877) Pause Young (Mixed) (G1 Evacuation Pause) 51M->36M(64M) 3.026ms
[2026-06-17T10:02:27.696+0800][24.193s][info][gc,cpu         ] GC(877) User=0.00s Sys=0.00s Real=0.00s
[2026-06-17T10:02:27.729+0800][24.226s][info][gc,start       ] GC(878) Pause Young (Mixed) (G1 Evacuation Pause)
[2026-06-17T10:02:27.729+0800][24.226s][info][gc,task        ] GC(878) Using 2 workers of 18 for evacuation
[2026-06-17T10:02:27.730+0800][24.227s][info][gc,phases      ] GC(878)   Pre Evacuate Collection Set: 0.18ms
[2026-06-17T10:02:27.731+0800][24.228s][info][gc,phases      ] GC(878)   Merge Heap Roots: 0.06ms
[2026-06-17T10:02:27.731+0800][24.228s][info][gc,phases      ] GC(878)   Evacuate Collection Set: 0.57ms
[2026-06-17T10:02:27.731+0800][24.228s][info][gc,phases      ] GC(878)   Post Evacuate Collection Set: 0.23ms
[2026-06-17T10:02:27.731+0800][24.228s][info][gc,phases      ] GC(878)   Other: 0.18ms
[2026-06-17T10:02:27.731+0800][24.228s][info][gc,heap        ] GC(878) Eden regions: 14->0(11)
[2026-06-17T10:02:27.731+0800][24.228s][info][gc,heap        ] GC(878) Survivor regions: 2->2(2)
[2026-06-17T10:02:27.731+0800][24.228s][info][gc,heap        ] GC(878) Old regions: 25->28
[2026-06-17T10:02:27.731+0800][24.228s][info][gc,heap        ] GC(878) Humongous regions: 11->11
[2026-06-17T10:02:27.732+0800][24.228s][info][gc,metaspace   ] GC(878) Metaspace: 113K(320K)->113K(320K) NonClass: 105K(192K)->105K(192K) Class: 7K(128K)->7K(128K)
[2026-06-17T10:02:27.732+0800][24.229s][info][gc             ] GC(878) Pause Young (Mixed) (G1 Evacuation Pause) 50M->40M(64M) 2.908ms
[2026-06-17T10:02:27.732+0800][24.229s][info][gc,cpu         ] GC(878) User=0.00s Sys=0.00s Real=0.01s
[2026-06-17T10:02:27.763+0800][24.260s][info][gc,start       ] GC(879) Pause Young (Normal) (G1 Evacuation Pause)
[2026-06-17T10:02:27.765+0800][24.262s][info][gc,task        ] GC(879) Using 2 workers of 18 for evacuation
[2026-06-17T10:02:27.767+0800][24.264s][info][gc,phases      ] GC(879)   Pre Evacuate Collection Set: 0.11ms
[2026-06-17T10:02:27.776+0800][24.273s][info][gc,phases      ] GC(879)   Merge Heap Roots: 0.04ms
[2026-06-17T10:02:27.777+0800][24.274s][info][gc,phases      ] GC(879)   Evacuate Collection Set: 0.41ms
[2026-06-17T10:02:27.778+0800][24.274s][info][gc,phases      ] GC(879)   Post Evacuate Collection Set: 0.17ms
[2026-06-17T10:02:27.778+0800][24.275s][info][gc,phases      ] GC(879)   Other: 0.55ms
[2026-06-17T10:02:27.779+0800][24.275s][info][gc,heap        ] GC(879) Eden regions: 11->0(9)
[2026-06-17T10:02:27.779+0800][24.276s][info][gc,heap        ] GC(879) Survivor regions: 2->2(2)
[2026-06-17T10:02:27.780+0800][24.277s][info][gc,heap        ] GC(879) Old regions: 28->31
[2026-06-17T10:02:27.780+0800][24.277s][info][gc,heap        ] GC(879) Humongous regions: 11->11
[2026-06-17T10:02:27.781+0800][24.278s][info][gc,metaspace   ] GC(879) Metaspace: 113K(320K)->113K(320K) NonClass: 105K(192K)->105K(192K) Class: 7K(128K)->7K(128K)
[2026-06-17T10:02:27.781+0800][24.278s][info][gc             ] GC(879) Pause Young (Normal) (G1 Evacuation Pause) 51M->43M(64M) 17.886ms
[2026-06-17T10:02:27.782+0800][24.279s][info][gc,cpu         ] GC(879) User=0.00s Sys=0.00s Real=0.01s
[2026-06-17T10:02:27.804+0800][24.301s][info][gc,start       ] GC(880) Pause Young (Concurrent Start) (G1 Evacuation Pause)
[2026-06-17T10:02:27.805+0800][24.302s][info][gc,task        ] GC(880) Using 2 workers of 18 for evacuation
[2026-06-17T10:02:27.807+0800][24.304s][info][gc,phases      ] GC(880)   Pre Evacuate Collection Set: 0.25ms
[2026-06-17T10:02:27.808+0800][24.304s][info][gc,phases      ] GC(880)   Merge Heap Roots: 0.07ms
[2026-06-17T10:02:27.808+0800][24.305s][info][gc,phases      ] GC(880)   Evacuate Collection Set: 0.54ms
[2026-06-17T10:02:27.809+0800][24.305s][info][gc,phases      ] GC(880)   Post Evacuate Collection Set: 0.30ms
[2026-06-17T10:02:27.809+0800][24.306s][info][gc,phases      ] GC(880)   Other: 0.60ms
[2026-06-17T10:02:27.809+0800][24.306s][info][gc,heap        ] GC(880) Eden regions: 9->0(7)
[2026-06-17T10:02:27.810+0800][24.307s][info][gc,heap        ] GC(880) Survivor regions: 2->2(2)
[2026-06-17T10:02:27.811+0800][24.308s][info][gc,heap        ] GC(880) Old regions: 31->34
[2026-06-17T10:02:27.811+0800][24.308s][info][gc,heap        ] GC(880) Humongous regions: 11->11
[2026-06-17T10:02:27.812+0800][24.309s][info][gc,metaspace   ] GC(880) Metaspace: 113K(320K)->113K(320K) NonClass: 105K(192K)->105K(192K) Class: 7K(128K)->7K(128K)
[2026-06-17T10:02:27.812+0800][24.309s][info][gc             ] GC(880) Pause Young (Concurrent Start) (G1 Evacuation Pause) 52M->46M(64M) 7.782ms
[2026-06-17T10:02:27.814+0800][24.310s][info][gc,cpu         ] GC(880) User=0.00s Sys=0.00s Real=0.01s
[2026-06-17T10:02:27.814+0800][24.310s][info][gc             ] GC(881) Concurrent Mark Cycle
[2026-06-17T10:02:27.815+0800][24.311s][info][gc,marking     ] GC(881) Concurrent Scan Root Regions
[2026-06-17T10:02:27.816+0800][24.313s][info][gc,marking     ] GC(881) Concurrent Scan Root Regions 1.894ms
[2026-06-17T10:02:27.818+0800][24.315s][info][gc,marking     ] GC(881) Concurrent Mark
[2026-06-17T10:02:27.821+0800][24.318s][info][gc,marking     ] GC(881) Concurrent Mark From Roots
[2026-06-17T10:02:27.822+0800][24.319s][info][gc,task        ] GC(881) Using 5 workers of 5 for marking
[2026-06-17T10:02:27.824+0800][24.320s][info][gc,marking     ] GC(881) Concurrent Mark From Roots 2.171ms
[2026-06-17T10:02:27.824+0800][24.321s][info][gc,marking     ] GC(881) Concurrent Preclean
[2026-06-17T10:02:27.825+0800][24.322s][info][gc,marking     ] GC(881) Concurrent Preclean 0.573ms
[2026-06-17T10:02:27.827+0800][24.324s][info][gc,start       ] GC(881) Pause Remark
[2026-06-17T10:02:27.829+0800][24.326s][info][gc             ] GC(881) Pause Remark 52M->44M(64M) 2.356ms
[2026-06-17T10:02:27.830+0800][24.327s][info][gc,cpu         ] GC(881) User=0.00s Sys=0.00s Real=0.00s
[2026-06-17T10:02:27.830+0800][24.327s][info][gc,marking     ] GC(881) Concurrent Mark 12.638ms
[2026-06-17T10:02:27.831+0800][24.328s][info][gc,marking     ] GC(881) Concurrent Rebuild Remembered Sets and Scrub Regions
[2026-06-17T10:02:27.832+0800][24.329s][info][gc,marking     ] GC(881) Concurrent Rebuild Remembered Sets and Scrub Regions 1.199ms
[2026-06-17T10:02:27.833+0800][24.330s][info][gc,start       ] GC(881) Pause Cleanup
[2026-06-17T10:02:27.833+0800][24.330s][info][gc             ] GC(881) Pause Cleanup 44M->44M(64M) 0.572ms
[2026-06-17T10:02:27.834+0800][24.331s][info][gc,cpu         ] GC(881) User=0.00s Sys=0.00s Real=0.00s
[2026-06-17T10:02:27.834+0800][24.331s][info][gc,marking     ] GC(881) Concurrent Clear Claimed Marks
[2026-06-17T10:02:27.835+0800][24.331s][info][gc,marking     ] GC(881) Concurrent Clear Claimed Marks 0.356ms
[2026-06-17T10:02:27.835+0800][24.332s][info][gc,marking     ] GC(881) Concurrent Cleanup for Next Mark
[2026-06-17T10:02:27.835+0800][24.332s][info][gc,start       ] GC(882) Pause Young (Prepare Mixed) (G1 Evacuation Pause)
[2026-06-17T10:02:27.836+0800][24.333s][info][gc,task        ] GC(882) Using 2 workers of 18 for evacuation
[2026-06-17T10:02:27.837+0800][24.334s][info][gc,phases      ] GC(882)   Pre Evacuate Collection Set: 0.13ms
[2026-06-17T10:02:27.838+0800][24.335s][info][gc,phases      ] GC(882)   Merge Heap Roots: 0.12ms
[2026-06-17T10:02:27.839+0800][24.336s][info][gc,phases      ] GC(882)   Evacuate Collection Set: 0.44ms
[2026-06-17T10:02:27.839+0800][24.336s][info][gc,phases      ] GC(882)   Post Evacuate Collection Set: 0.36ms
[2026-06-17T10:02:27.839+0800][24.336s][info][gc,phases      ] GC(882)   Other: 0.46ms
[2026-06-17T10:02:27.840+0800][24.336s][info][gc,heap        ] GC(882) Eden regions: 7->0(12)
[2026-06-17T10:02:27.840+0800][24.337s][info][gc,heap        ] GC(882) Survivor regions: 2->2(2)
[2026-06-17T10:02:27.841+0800][24.338s][info][gc,heap        ] GC(882) Old regions: 26->28
[2026-06-17T10:02:27.842+0800][24.339s][info][gc,heap        ] GC(882) Humongous regions: 11->11
[2026-06-17T10:02:27.844+0800][24.341s][info][gc,metaspace   ] GC(882) Metaspace: 113K(320K)->113K(320K) NonClass: 105K(192K)->105K(192K) Class: 7K(128K)->7K(128K)
[2026-06-17T10:02:27.844+0800][24.341s][info][gc             ] GC(882) Pause Young (Prepare Mixed) (G1 Evacuation Pause) 45M->40M(64M) 9.232ms
[2026-06-17T10:02:27.845+0800][24.341s][info][gc,cpu         ] GC(882) User=0.00s Sys=0.00s Real=0.01s
[2026-06-17T10:02:27.845+0800][24.342s][info][gc,marking     ] GC(881) Concurrent Cleanup for Next Mark 10.363ms
[2026-06-17T10:02:27.846+0800][24.343s][info][gc             ] GC(881) Concurrent Mark Cycle 32.565ms
[2026-06-17T10:02:27.877+0800][24.374s][info][gc,start       ] GC(883) Pause Young (Mixed) (G1 Evacuation Pause)
[2026-06-17T10:02:27.877+0800][24.374s][info][gc,task        ] GC(883) Using 2 workers of 18 for evacuation
[2026-06-17T10:02:27.879+0800][24.375s][info][gc,phases      ] GC(883)   Pre Evacuate Collection Set: 0.11ms
[2026-06-17T10:02:27.879+0800][24.376s][info][gc,phases      ] GC(883)   Merge Heap Roots: 0.05ms
[2026-06-17T10:02:27.879+0800][24.376s][info][gc,phases      ] GC(883)   Evacuate Collection Set: 0.42ms
[2026-06-17T10:02:27.880+0800][24.377s][info][gc,phases      ] GC(883)   Post Evacuate Collection Set: 0.20ms
[2026-06-17T10:02:27.880+0800][24.377s][info][gc,phases      ] GC(883)   Other: 0.36ms
[2026-06-17T10:02:27.881+0800][24.378s][info][gc,heap        ] GC(883) Eden regions: 12->0(14)
[2026-06-17T10:02:27.881+0800][24.378s][info][gc,heap        ] GC(883) Survivor regions: 2->2(2)
[2026-06-17T10:02:27.882+0800][24.378s][info][gc,heap        ] GC(883) Old regions: 28->25
[2026-06-17T10:02:27.882+0800][24.379s][info][gc,heap        ] GC(883) Humongous regions: 13->13
[2026-06-17T10:02:27.882+0800][24.379s][info][gc,metaspace   ] GC(883) Metaspace: 113K(320K)->113K(320K) NonClass: 105K(192K)->105K(192K) Class: 7K(128K)->7K(128K)
[2026-06-17T10:02:27.882+0800][24.379s][info][gc             ] GC(883) Pause Young (Mixed) (G1 Evacuation Pause) 54M->39M(64M) 5.292ms
[2026-06-17T10:02:27.882+0800][24.379s][info][gc,cpu         ] GC(883) User=0.00s Sys=0.00s Real=0.01s
[2026-06-17T10:02:27.914+0800][24.411s][info][gc,start       ] GC(884) Pause Young (Mixed) (G1 Evacuation Pause)
[2026-06-17T10:02:27.915+0800][24.412s][info][gc,task        ] GC(884) Using 2 workers of 18 for evacuation
[2026-06-17T10:02:27.917+0800][24.414s][info][gc,phases      ] GC(884)   Pre Evacuate Collection Set: 0.19ms
[2026-06-17T10:02:27.917+0800][24.414s][info][gc,phases      ] GC(884)   Merge Heap Roots: 0.09ms
[2026-06-17T10:02:27.918+0800][24.414s][info][gc,phases      ] GC(884)   Evacuate Collection Set: 0.79ms
[2026-06-17T10:02:27.918+0800][24.415s][info][gc,phases      ] GC(884)   Post Evacuate Collection Set: 0.26ms
[2026-06-17T10:02:27.919+0800][24.415s][info][gc,phases      ] GC(884)   Other: 0.51ms
[2026-06-17T10:02:27.919+0800][24.416s][info][gc,heap        ] GC(884) Eden regions: 14->0(11)
[2026-06-17T10:02:27.919+0800][24.416s][info][gc,heap        ] GC(884) Survivor regions: 2->2(2)
[2026-06-17T10:02:27.920+0800][24.417s][info][gc,heap        ] GC(884) Old regions: 25->28
[2026-06-17T10:02:27.920+0800][24.417s][info][gc,heap        ] GC(884) Humongous regions: 13->13
[2026-06-17T10:02:27.920+0800][24.417s][info][gc,metaspace   ] GC(884) Metaspace: 113K(320K)->113K(320K) NonClass: 105K(192K)->105K(192K) Class: 7K(128K)->7K(128K)
[2026-06-17T10:02:27.921+0800][24.417s][info][gc             ] GC(884) Pause Young (Mixed) (G1 Evacuation Pause) 53M->41M(64M) 6.178ms
[2026-06-17T10:02:27.921+0800][24.418s][info][gc,cpu         ] GC(884) User=0.00s Sys=0.00s Real=0.00s
[2026-06-17T10:02:27.953+0800][24.449s][info][gc,start       ] GC(885) Pause Young (Concurrent Start) (G1 Evacuation Pause)
[2026-06-17T10:02:27.955+0800][24.452s][info][gc,task        ] GC(885) Using 2 workers of 18 for evacuation
[2026-06-17T10:02:27.958+0800][24.455s][info][gc,phases      ] GC(885)   Pre Evacuate Collection Set: 0.14ms
[2026-06-17T10:02:27.959+0800][24.456s][info][gc,phases      ] GC(885)   Merge Heap Roots: 0.05ms
[2026-06-17T10:02:27.959+0800][24.456s][info][gc,phases      ] GC(885)   Evacuate Collection Set: 0.43ms
[2026-06-17T10:02:27.960+0800][24.457s][info][gc,phases      ] GC(885)   Post Evacuate Collection Set: 0.46ms
[2026-06-17T10:02:27.960+0800][24.457s][info][gc,phases      ] GC(885)   Other: 2.33ms
[2026-06-17T10:02:27.961+0800][24.458s][info][gc,heap        ] GC(885) Eden regions: 11->0(9)
[2026-06-17T10:02:27.961+0800][24.458s][info][gc,heap        ] GC(885) Survivor regions: 2->2(2)
[2026-06-17T10:02:27.962+0800][24.459s][info][gc,heap        ] GC(885) Old regions: 28->30
[2026-06-17T10:02:27.962+0800][24.459s][info][gc,heap        ] GC(885) Humongous regions: 13->13
[2026-06-17T10:02:27.963+0800][24.460s][info][gc,metaspace   ] GC(885) Metaspace: 113K(320K)->113K(320K) NonClass: 105K(192K)->105K(192K) Class: 7K(128K)->7K(128K)
[2026-06-17T10:02:27.963+0800][24.460s][info][gc             ] GC(885) Pause Young (Concurrent Start) (G1 Evacuation Pause) 52M->44M(64M) 10.533ms
[2026-06-17T10:02:27.963+0800][24.460s][info][gc,cpu         ] GC(885) User=0.00s Sys=0.00s Real=0.01s
[2026-06-17T10:02:27.963+0800][24.460s][info][gc             ] GC(886) Concurrent Mark Cycle
[2026-06-17T10:02:27.964+0800][24.461s][info][gc,marking     ] GC(886) Concurrent Scan Root Regions
[2026-06-17T10:02:27.965+0800][24.462s][info][gc,marking     ] GC(886) Concurrent Scan Root Regions 0.317ms
[2026-06-17T10:02:27.965+0800][24.462s][info][gc,marking     ] GC(886) Concurrent Mark
[2026-06-17T10:02:27.965+0800][24.462s][info][gc,marking     ] GC(886) Concurrent Mark From Roots
[2026-06-17T10:02:27.966+0800][24.462s][info][gc,task        ] GC(886) Using 5 workers of 5 for marking
[2026-06-17T10:02:27.967+0800][24.464s][info][gc,marking     ] GC(886) Concurrent Mark From Roots 2.004ms
[2026-06-17T10:02:27.968+0800][24.464s][info][gc,marking     ] GC(886) Concurrent Preclean
[2026-06-17T10:02:27.968+0800][24.465s][info][gc,marking     ] GC(886) Concurrent Preclean 0.259ms
[2026-06-17T10:02:27.968+0800][24.465s][info][gc,start       ] GC(886) Pause Remark
[2026-06-17T10:02:27.969+0800][24.466s][info][gc             ] GC(886) Pause Remark 46M->36M(64M) 0.721ms
[2026-06-17T10:02:27.969+0800][24.466s][info][gc,cpu         ] GC(886) User=0.00s Sys=0.00s Real=0.00s
[2026-06-17T10:02:27.970+0800][24.466s][info][gc,marking     ] GC(886) Concurrent Mark 4.703ms
[2026-06-17T10:02:27.970+0800][24.467s][info][gc,marking     ] GC(886) Concurrent Rebuild Remembered Sets and Scrub Regions
[2026-06-17T10:02:27.971+0800][24.468s][info][gc,marking     ] GC(886) Concurrent Rebuild Remembered Sets and Scrub Regions 0.802ms
[2026-06-17T10:02:27.971+0800][24.468s][info][gc,start       ] GC(886) Pause Cleanup
[2026-06-17T10:02:27.972+0800][24.469s][info][gc             ] GC(886) Pause Cleanup 36M->36M(64M) 0.451ms
[2026-06-17T10:02:27.972+0800][24.469s][info][gc,cpu         ] GC(886) User=0.00s Sys=0.00s Real=0.00s
[2026-06-17T10:02:27.972+0800][24.469s][info][gc,marking     ] GC(886) Concurrent Clear Claimed Marks
[2026-06-17T10:02:27.973+0800][24.470s][info][gc,marking     ] GC(886) Concurrent Clear Claimed Marks 0.389ms
[2026-06-17T10:02:27.973+0800][24.470s][info][gc,marking     ] GC(886) Concurrent Cleanup for Next Mark
[2026-06-17T10:02:27.974+0800][24.471s][info][gc,marking     ] GC(886) Concurrent Cleanup for Next Mark 0.443ms
[2026-06-17T10:02:27.974+0800][24.471s][info][gc             ] GC(886) Concurrent Mark Cycle 10.646ms
[2026-06-17T10:02:27.985+0800][24.482s][info][gc,start       ] GC(887) Pause Young (Prepare Mixed) (G1 Evacuation Pause)
[2026-06-17T10:02:27.986+0800][24.483s][info][gc,task        ] GC(887) Using 2 workers of 18 for evacuation
[2026-06-17T10:02:27.987+0800][24.484s][info][gc,phases      ] GC(887)   Pre Evacuate Collection Set: 0.13ms
[2026-06-17T10:02:27.987+0800][24.484s][info][gc,phases      ] GC(887)   Merge Heap Roots: 0.06ms
[2026-06-17T10:02:27.987+0800][24.484s][info][gc,phases      ] GC(887)   Evacuate Collection Set: 0.20ms
[2026-06-17T10:02:27.987+0800][24.484s][info][gc,phases      ] GC(887)   Post Evacuate Collection Set: 0.24ms
[2026-06-17T10:02:27.988+0800][24.485s][info][gc,phases      ] GC(887)   Other: 0.42ms
[2026-06-17T10:02:27.988+0800][24.485s][info][gc,heap        ] GC(887) Eden regions: 9->0(19)
[2026-06-17T10:02:27.988+0800][24.485s][info][gc,heap        ] GC(887) Survivor regions: 2->1(2)
[2026-06-17T10:02:27.989+0800][24.486s][info][gc,heap        ] GC(887) Old regions: 20->22
[2026-06-17T10:02:27.989+0800][24.486s][info][gc,heap        ] GC(887) Humongous regions: 13->13
[2026-06-17T10:02:27.989+0800][24.486s][info][gc,metaspace   ] GC(887) Metaspace: 113K(320K)->113K(320K) NonClass: 105K(192K)->105K(192K) Class: 7K(128K)->7K(128K)
[2026-06-17T10:02:27.990+0800][24.487s][info][gc             ] GC(887) Pause Young (Prepare Mixed) (G1 Evacuation Pause) 43M->34M(64M) 4.514ms
[2026-06-17T10:02:27.990+0800][24.487s][info][gc,cpu         ] GC(887) User=0.01s Sys=0.00s Real=0.00s
[2026-06-17T10:02:28.042+0800][24.539s][info][gc,start       ] GC(888) Pause Young (Mixed) (G1 Evacuation Pause)
[2026-06-17T10:02:28.043+0800][24.540s][info][gc,task        ] GC(888) Using 2 workers of 18 for evacuation
[2026-06-17T10:02:28.044+0800][24.541s][info][gc,phases      ] GC(888)   Pre Evacuate Collection Set: 0.14ms
[2026-06-17T10:02:28.044+0800][24.541s][info][gc,phases      ] GC(888)   Merge Heap Roots: 0.09ms
[2026-06-17T10:02:28.044+0800][24.541s][info][gc,phases      ] GC(888)   Evacuate Collection Set: 0.60ms
[2026-06-17T10:02:28.044+0800][24.541s][info][gc,phases      ] GC(888)   Post Evacuate Collection Set: 0.20ms
[2026-06-17T10:02:28.045+0800][24.541s][info][gc,phases      ] GC(888)   Other: 0.32ms
[2026-06-17T10:02:28.045+0800][24.542s][info][gc,heap        ] GC(888) Eden regions: 19->0(17)
[2026-06-17T10:02:28.045+0800][24.542s][info][gc,heap        ] GC(888) Survivor regions: 1->3(3)
[2026-06-17T10:02:28.045+0800][24.542s][info][gc,heap        ] GC(888) Old regions: 22->20
[2026-06-17T10:02:28.045+0800][24.542s][info][gc,heap        ] GC(888) Humongous regions: 13->13
[2026-06-17T10:02:28.045+0800][24.542s][info][gc,metaspace   ] GC(888) Metaspace: 113K(320K)->113K(320K) NonClass: 105K(192K)->105K(192K) Class: 7K(128K)->7K(128K)
[2026-06-17T10:02:28.045+0800][24.542s][info][gc             ] GC(888) Pause Young (Mixed) (G1 Evacuation Pause) 53M->35M(64M) 2.776ms
[2026-06-17T10:02:28.045+0800][24.542s][info][gc,cpu         ] GC(888) User=0.00s Sys=0.00s Real=0.01s
[2026-06-17T10:02:28.077+0800][24.574s][info][gc,start       ] GC(889) Pause Young (Concurrent Start) (G1 Humongous Allocation)
[2026-06-17T10:02:28.077+0800][24.574s][info][gc,task        ] GC(889) Using 2 workers of 18 for evacuation
[2026-06-17T10:02:28.078+0800][24.575s][info][gc,phases      ] GC(889)   Pre Evacuate Collection Set: 0.16ms
[2026-06-17T10:02:28.078+0800][24.575s][info][gc,phases      ] GC(889)   Merge Heap Roots: 0.04ms
[2026-06-17T10:02:28.078+0800][24.575s][info][gc,phases      ] GC(889)   Evacuate Collection Set: 0.35ms
[2026-06-17T10:02:28.078+0800][24.575s][info][gc,phases      ] GC(889)   Post Evacuate Collection Set: 0.19ms
[2026-06-17T10:02:28.078+0800][24.575s][info][gc,phases      ] GC(889)   Other: 0.22ms
[2026-06-17T10:02:28.079+0800][24.576s][info][gc,heap        ] GC(889) Eden regions: 15->0(16)
[2026-06-17T10:02:28.079+0800][24.576s][info][gc,heap        ] GC(889) Survivor regions: 3->3(3)
[2026-06-17T10:02:28.079+0800][24.576s][info][gc,heap        ] GC(889) Old regions: 20->22
[2026-06-17T10:02:28.079+0800][24.576s][info][gc,heap        ] GC(889) Humongous regions: 13->13
[2026-06-17T10:02:28.080+0800][24.576s][info][gc,metaspace   ] GC(889) Metaspace: 113K(320K)->113K(320K) NonClass: 105K(192K)->105K(192K) Class: 7K(128K)->7K(128K)
[2026-06-17T10:02:28.080+0800][24.577s][info][gc             ] GC(889) Pause Young (Concurrent Start) (G1 Humongous Allocation) 49M->36M(64M) 3.047ms
[2026-06-17T10:02:28.080+0800][24.577s][info][gc,cpu         ] GC(889) User=0.00s Sys=0.00s Real=0.00s
[2026-06-17T10:02:28.080+0800][24.577s][info][gc             ] GC(890) Concurrent Mark Cycle
[2026-06-17T10:02:28.080+0800][24.577s][info][gc,marking     ] GC(890) Concurrent Scan Root Regions
[2026-06-17T10:02:28.080+0800][24.577s][info][gc,marking     ] GC(890) Concurrent Scan Root Regions 0.198ms
[2026-06-17T10:02:28.080+0800][24.577s][info][gc,marking     ] GC(890) Concurrent Mark
[2026-06-17T10:02:28.080+0800][24.577s][info][gc,marking     ] GC(890) Concurrent Mark From Roots
[2026-06-17T10:02:28.081+0800][24.577s][info][gc,task        ] GC(890) Using 5 workers of 5 for marking
[2026-06-17T10:02:28.082+0800][24.579s][info][gc,marking     ] GC(890) Concurrent Mark From Roots 1.292ms
[2026-06-17T10:02:28.082+0800][24.579s][info][gc,marking     ] GC(890) Concurrent Preclean
[2026-06-17T10:02:28.082+0800][24.579s][info][gc,marking     ] GC(890) Concurrent Preclean 0.149ms
[2026-06-17T10:02:28.082+0800][24.579s][info][gc,start       ] GC(890) Pause Remark
[2026-06-17T10:02:28.083+0800][24.579s][info][gc             ] GC(890) Pause Remark 38M->38M(64M) 0.431ms
[2026-06-17T10:02:28.083+0800][24.580s][info][gc,cpu         ] GC(890) User=0.00s Sys=0.00s Real=0.01s
[2026-06-17T10:02:28.083+0800][24.580s][info][gc,marking     ] GC(890) Concurrent Mark 2.429ms
[2026-06-17T10:02:28.083+0800][24.580s][info][gc,marking     ] GC(890) Concurrent Rebuild Remembered Sets and Scrub Regions
[2026-06-17T10:02:28.083+0800][24.580s][info][gc,marking     ] GC(890) Concurrent Rebuild Remembered Sets and Scrub Regions 0.546ms
[2026-06-17T10:02:28.084+0800][24.580s][info][gc,start       ] GC(890) Pause Cleanup
[2026-06-17T10:02:28.084+0800][24.581s][info][gc             ] GC(890) Pause Cleanup 38M->38M(64M) 0.122ms
[2026-06-17T10:02:28.084+0800][24.581s][info][gc,cpu         ] GC(890) User=0.00s Sys=0.00s Real=0.00s
[2026-06-17T10:02:28.084+0800][24.581s][info][gc,marking     ] GC(890) Concurrent Clear Claimed Marks
[2026-06-17T10:02:28.084+0800][24.581s][info][gc,marking     ] GC(890) Concurrent Clear Claimed Marks 0.092ms
[2026-06-17T10:02:28.084+0800][24.581s][info][gc,marking     ] GC(890) Concurrent Cleanup for Next Mark
[2026-06-17T10:02:28.084+0800][24.581s][info][gc,marking     ] GC(890) Concurrent Cleanup for Next Mark 0.197ms
[2026-06-17T10:02:28.084+0800][24.581s][info][gc             ] GC(890) Concurrent Mark Cycle 4.565ms
[2026-06-17T10:02:28.122+0800][24.619s][info][gc,start       ] GC(891) Pause Young (Prepare Mixed) (G1 Evacuation Pause)
[2026-06-17T10:02:28.122+0800][24.619s][info][gc,task        ] GC(891) Using 2 workers of 18 for evacuation
[2026-06-17T10:02:28.124+0800][24.620s][info][gc,phases      ] GC(891)   Pre Evacuate Collection Set: 0.18ms
[2026-06-17T10:02:28.124+0800][24.621s][info][gc,phases      ] GC(891)   Merge Heap Roots: 0.07ms
[2026-06-17T10:02:28.124+0800][24.621s][info][gc,phases      ] GC(891)   Evacuate Collection Set: 0.34ms
[2026-06-17T10:02:28.125+0800][24.621s][info][gc,phases      ] GC(891)   Post Evacuate Collection Set: 0.22ms
[2026-06-17T10:02:28.125+0800][24.622s][info][gc,phases      ] GC(891)   Other: 0.32ms
[2026-06-17T10:02:28.125+0800][24.622s][info][gc,heap        ] GC(891) Eden regions: 16->0(11)
[2026-06-17T10:02:28.125+0800][24.622s][info][gc,heap        ] GC(891) Survivor regions: 3->3(3)
[2026-06-17T10:02:28.125+0800][24.622s][info][gc,heap        ] GC(891) Old regions: 22->25
[2026-06-17T10:02:28.125+0800][24.622s][info][gc,heap        ] GC(891) Humongous regions: 15->15
[2026-06-17T10:02:28.126+0800][24.622s][info][gc,metaspace   ] GC(891) Metaspace: 113K(320K)->113K(320K) NonClass: 105K(192K)->105K(192K) Class: 7K(128K)->7K(128K)
[2026-06-17T10:02:28.126+0800][24.623s][info][gc             ] GC(891) Pause Young (Prepare Mixed) (G1 Evacuation Pause) 54M->41M(64M) 3.743ms
[2026-06-17T10:02:28.126+0800][24.623s][info][gc,cpu         ] GC(891) User=0.00s Sys=0.00s Real=0.01s
[2026-06-17T10:02:28.157+0800][24.654s][info][gc,start       ] GC(892) Pause Young (Mixed) (G1 Evacuation Pause)
[2026-06-17T10:02:28.159+0800][24.656s][info][gc,task        ] GC(892) Using 2 workers of 18 for evacuation
[2026-06-17T10:02:28.162+0800][24.659s][info][gc,phases      ] GC(892)   Pre Evacuate Collection Set: 0.14ms
[2026-06-17T10:02:28.163+0800][24.660s][info][gc,phases      ] GC(892)   Merge Heap Roots: 0.05ms
[2026-06-17T10:02:28.165+0800][24.662s][info][gc,phases      ] GC(892)   Evacuate Collection Set: 0.63ms
[2026-06-17T10:02:28.169+0800][24.666s][info][gc,phases      ] GC(892)   Post Evacuate Collection Set: 0.17ms
[2026-06-17T10:02:28.171+0800][24.668s][info][gc,phases      ] GC(892)   Other: 2.21ms
[2026-06-17T10:02:28.173+0800][24.669s][info][gc,heap        ] GC(892) Eden regions: 11->0(10)
[2026-06-17T10:02:28.175+0800][24.671s][info][gc,heap        ] GC(892) Survivor regions: 3->2(2)
[2026-06-17T10:02:28.177+0800][24.674s][info][gc,heap        ] GC(892) Old regions: 25->27
[2026-06-17T10:02:28.177+0800][24.674s][info][gc,heap        ] GC(892) Humongous regions: 15->15
[2026-06-17T10:02:28.178+0800][24.674s][info][gc,metaspace   ] GC(892) Metaspace: 113K(320K)->113K(320K) NonClass: 105K(192K)->105K(192K) Class: 7K(128K)->7K(128K)
[2026-06-17T10:02:28.178+0800][24.675s][info][gc             ] GC(892) Pause Young (Mixed) (G1 Evacuation Pause) 52M->43M(64M) 20.634ms
[2026-06-17T10:02:28.178+0800][24.675s][info][gc,cpu         ] GC(892) User=0.00s Sys=0.00s Real=0.02s
[2026-06-17T10:02:28.209+0800][24.706s][info][gc,start       ] GC(893) Pause Young (Concurrent Start) (G1 Evacuation Pause)
[2026-06-17T10:02:28.210+0800][24.706s][info][gc,task        ] GC(893) Using 2 workers of 18 for evacuation
[2026-06-17T10:02:28.211+0800][24.707s][info][gc,phases      ] GC(893)   Pre Evacuate Collection Set: 0.13ms
[2026-06-17T10:02:28.211+0800][24.708s][info][gc,phases      ] GC(893)   Merge Heap Roots: 0.03ms
[2026-06-17T10:02:28.211+0800][24.708s][info][gc,phases      ] GC(893)   Evacuate Collection Set: 0.35ms
[2026-06-17T10:02:28.211+0800][24.708s][info][gc,phases      ] GC(893)   Post Evacuate Collection Set: 0.21ms
[2026-06-17T10:02:28.211+0800][24.708s][info][gc,phases      ] GC(893)   Other: 0.25ms
[2026-06-17T10:02:28.211+0800][24.708s][info][gc,heap        ] GC(893) Eden regions: 10->0(9)
[2026-06-17T10:02:28.212+0800][24.708s][info][gc,heap        ] GC(893) Survivor regions: 2->2(2)
[2026-06-17T10:02:28.212+0800][24.709s][info][gc,heap        ] GC(893) Old regions: 27->29
[2026-06-17T10:02:28.212+0800][24.709s][info][gc,heap        ] GC(893) Humongous regions: 15->15
[2026-06-17T10:02:28.212+0800][24.709s][info][gc,metaspace   ] GC(893) Metaspace: 113K(320K)->113K(320K) NonClass: 105K(192K)->105K(192K) Class: 7K(128K)->7K(128K)
[2026-06-17T10:02:28.213+0800][24.709s][info][gc             ] GC(893) Pause Young (Concurrent Start) (G1 Evacuation Pause) 53M->45M(64M) 3.325ms
[2026-06-17T10:02:28.213+0800][24.710s][info][gc,cpu         ] GC(893) User=0.01s Sys=0.00s Real=0.01s
[2026-06-17T10:02:28.213+0800][24.710s][info][gc             ] GC(894) Concurrent Mark Cycle
[2026-06-17T10:02:28.213+0800][24.710s][info][gc,marking     ] GC(894) Concurrent Scan Root Regions
[2026-06-17T10:02:28.213+0800][24.710s][info][gc,marking     ] GC(894) Concurrent Scan Root Regions 0.167ms
[2026-06-17T10:02:28.213+0800][24.710s][info][gc,marking     ] GC(894) Concurrent Mark
[2026-06-17T10:02:28.214+0800][24.710s][info][gc,marking     ] GC(894) Concurrent Mark From Roots
[2026-06-17T10:02:28.214+0800][24.711s][info][gc,task        ] GC(894) Using 5 workers of 5 for marking
[2026-06-17T10:02:28.215+0800][24.712s][info][gc,marking     ] GC(894) Concurrent Mark From Roots 1.549ms
[2026-06-17T10:02:28.215+0800][24.712s][info][gc,marking     ] GC(894) Concurrent Preclean
[2026-06-17T10:02:28.215+0800][24.712s][info][gc,marking     ] GC(894) Concurrent Preclean 0.101ms
[2026-06-17T10:02:28.216+0800][24.712s][info][gc,start       ] GC(894) Pause Remark
[2026-06-17T10:02:28.216+0800][24.713s][info][gc             ] GC(894) Pause Remark 49M->42M(64M) 0.488ms
[2026-06-17T10:02:28.216+0800][24.713s][info][gc,cpu         ] GC(894) User=0.00s Sys=0.00s Real=0.00s
[2026-06-17T10:02:28.216+0800][24.713s][info][gc,marking     ] GC(894) Concurrent Mark 2.749ms
[2026-06-17T10:02:28.216+0800][24.713s][info][gc,marking     ] GC(894) Concurrent Rebuild Remembered Sets and Scrub Regions
[2026-06-17T10:02:28.217+0800][24.714s][info][gc,marking     ] GC(894) Concurrent Rebuild Remembered Sets and Scrub Regions 0.435ms
[2026-06-17T10:02:28.217+0800][24.714s][info][gc,start       ] GC(894) Pause Cleanup
[2026-06-17T10:02:28.217+0800][24.714s][info][gc             ] GC(894) Pause Cleanup 42M->42M(64M) 0.149ms
[2026-06-17T10:02:28.217+0800][24.714s][info][gc,cpu         ] GC(894) User=0.00s Sys=0.00s Real=0.00s
[2026-06-17T10:02:28.217+0800][24.714s][info][gc,marking     ] GC(894) Concurrent Clear Claimed Marks
[2026-06-17T10:02:28.217+0800][24.714s][info][gc,marking     ] GC(894) Concurrent Clear Claimed Marks 0.068ms
[2026-06-17T10:02:28.217+0800][24.714s][info][gc,marking     ] GC(894) Concurrent Cleanup for Next Mark
[2026-06-17T10:02:28.218+0800][24.714s][info][gc,marking     ] GC(894) Concurrent Cleanup for Next Mark 0.138ms
[2026-06-17T10:02:28.218+0800][24.714s][info][gc             ] GC(894) Concurrent Mark Cycle 4.753ms
[2026-06-17T10:02:28.234+0800][24.731s][info][gc,start       ] GC(895) Pause Young (Prepare Mixed) (G1 Evacuation Pause)
[2026-06-17T10:02:28.234+0800][24.731s][info][gc,task        ] GC(895) Using 2 workers of 18 for evacuation
[2026-06-17T10:02:28.235+0800][24.732s][info][gc,phases      ] GC(895)   Pre Evacuate Collection Set: 0.10ms
[2026-06-17T10:02:28.235+0800][24.732s][info][gc,phases      ] GC(895)   Merge Heap Roots: 0.04ms
[2026-06-17T10:02:28.236+0800][24.732s][info][gc,phases      ] GC(895)   Evacuate Collection Set: 0.33ms
[2026-06-17T10:02:28.236+0800][24.733s][info][gc,phases      ] GC(895)   Post Evacuate Collection Set: 0.15ms
[2026-06-17T10:02:28.236+0800][24.733s][info][gc,phases      ] GC(895)   Other: 0.32ms
[2026-06-17T10:02:28.236+0800][24.733s][info][gc,heap        ] GC(895) Eden regions: 9->0(12)
[2026-06-17T10:02:28.236+0800][24.733s][info][gc,heap        ] GC(895) Survivor regions: 2->2(2)
[2026-06-17T10:02:28.236+0800][24.733s][info][gc,heap        ] GC(895) Old regions: 22->24
[2026-06-17T10:02:28.236+0800][24.733s][info][gc,heap        ] GC(895) Humongous regions: 15->15
[2026-06-17T10:02:28.236+0800][24.733s][info][gc,metaspace   ] GC(895) Metaspace: 113K(320K)->113K(320K) NonClass: 105K(192K)->105K(192K) Class: 7K(128K)->7K(128K)
[2026-06-17T10:02:28.236+0800][24.733s][info][gc             ] GC(895) Pause Young (Prepare Mixed) (G1 Evacuation Pause) 47M->40M(64M) 2.447ms
[2026-06-17T10:02:28.237+0800][24.733s][info][gc,cpu         ] GC(895) User=0.01s Sys=0.00s Real=0.00s
[2026-06-17T10:02:28.268+0800][24.765s][info][gc,start       ] GC(896) Pause Young (Mixed) (G1 Evacuation Pause)
[2026-06-17T10:02:28.269+0800][24.766s][info][gc,task        ] GC(896) Using 2 workers of 18 for evacuation
[2026-06-17T10:02:28.270+0800][24.767s][info][gc,phases      ] GC(896)   Pre Evacuate Collection Set: 0.16ms
[2026-06-17T10:02:28.270+0800][24.767s][info][gc,phases      ] GC(896)   Merge Heap Roots: 0.05ms
[2026-06-17T10:02:28.270+0800][24.767s][info][gc,phases      ] GC(896)   Evacuate Collection Set: 0.48ms
[2026-06-17T10:02:28.271+0800][24.768s][info][gc,phases      ] GC(896)   Post Evacuate Collection Set: 0.22ms
[2026-06-17T10:02:28.271+0800][24.768s][info][gc,phases      ] GC(896)   Other: 0.28ms
[2026-06-17T10:02:28.271+0800][24.768s][info][gc,heap        ] GC(896) Eden regions: 12->0(14)
[2026-06-17T10:02:28.271+0800][24.768s][info][gc,heap        ] GC(896) Survivor regions: 2->2(2)
[2026-06-17T10:02:28.272+0800][24.768s][info][gc,heap        ] GC(896) Old regions: 24->22
[2026-06-17T10:02:28.272+0800][24.769s][info][gc,heap        ] GC(896) Humongous regions: 15->15
[2026-06-17T10:02:28.272+0800][24.769s][info][gc,metaspace   ] GC(896) Metaspace: 113K(320K)->113K(320K) NonClass: 105K(192K)->105K(192K) Class: 7K(128K)->7K(128K)
[2026-06-17T10:02:28.272+0800][24.769s][info][gc             ] GC(896) Pause Young (Mixed) (G1 Evacuation Pause) 52M->38M(64M) 3.809ms
[2026-06-17T10:02:28.272+0800][24.769s][info][gc,cpu         ] GC(896) User=0.00s Sys=0.00s Real=0.01s
[2026-06-17T10:02:28.304+0800][24.801s][info][gc,start       ] GC(897) Pause Young (Mixed) (G1 Evacuation Pause)
[2026-06-17T10:02:28.304+0800][24.801s][info][gc,task        ] GC(897) Using 2 workers of 18 for evacuation
[2026-06-17T10:02:28.305+0800][24.802s][info][gc,phases      ] GC(897)   Pre Evacuate Collection Set: 0.21ms
[2026-06-17T10:02:28.306+0800][24.803s][info][gc,phases      ] GC(897)   Merge Heap Roots: 0.07ms
[2026-06-17T10:02:28.306+0800][24.803s][info][gc,phases      ] GC(897)   Evacuate Collection Set: 0.46ms
[2026-06-17T10:02:28.306+0800][24.803s][info][gc,phases      ] GC(897)   Post Evacuate Collection Set: 0.19ms
[2026-06-17T10:02:28.306+0800][24.803s][info][gc,phases      ] GC(897)   Other: 0.37ms
[2026-06-17T10:02:28.307+0800][24.803s][info][gc,heap        ] GC(897) Eden regions: 14->0(9)
[2026-06-17T10:02:28.307+0800][24.804s][info][gc,heap        ] GC(897) Survivor regions: 2->2(2)
[2026-06-17T10:02:28.307+0800][24.804s][info][gc,heap        ] GC(897) Old regions: 22->26
[2026-06-17T10:02:28.307+0800][24.804s][info][gc,heap        ] GC(897) Humongous regions: 16->16
[2026-06-17T10:02:28.307+0800][24.804s][info][gc,metaspace   ] GC(897) Metaspace: 113K(320K)->113K(320K) NonClass: 105K(192K)->105K(192K) Class: 7K(128K)->7K(128K)
[2026-06-17T10:02:28.307+0800][24.804s][info][gc             ] GC(897) Pause Young (Mixed) (G1 Evacuation Pause) 53M->43M(64M) 3.452ms
[2026-06-17T10:02:28.307+0800][24.804s][info][gc,cpu         ] GC(897) User=0.00s Sys=0.00s Real=0.00s
[2026-06-17T10:02:28.329+0800][24.825s][info][gc,start       ] GC(898) Pause Young (Concurrent Start) (G1 Evacuation Pause)
[2026-06-17T10:02:28.330+0800][24.827s][info][gc,task        ] GC(898) Using 2 workers of 18 for evacuation
[2026-06-17T10:02:28.331+0800][24.828s][info][gc,phases      ] GC(898)   Pre Evacuate Collection Set: 0.24ms
[2026-06-17T10:02:28.331+0800][24.828s][info][gc,phases      ] GC(898)   Merge Heap Roots: 0.05ms
[2026-06-17T10:02:28.332+0800][24.828s][info][gc,phases      ] GC(898)   Evacuate Collection Set: 0.44ms
[2026-06-17T10:02:28.332+0800][24.829s][info][gc,phases      ] GC(898)   Post Evacuate Collection Set: 0.26ms
[2026-06-17T10:02:28.332+0800][24.829s][info][gc,phases      ] GC(898)   Other: 0.34ms
[2026-06-17T10:02:28.332+0800][24.829s][info][gc,heap        ] GC(898) Eden regions: 9->0(6)
[2026-06-17T10:02:28.332+0800][24.829s][info][gc,heap        ] GC(898) Survivor regions: 2->2(2)
[2026-06-17T10:02:28.332+0800][24.829s][info][gc,heap        ] GC(898) Old regions: 26->29
[2026-06-17T10:02:28.332+0800][24.829s][info][gc,heap        ] GC(898) Humongous regions: 16->16
[2026-06-17T10:02:28.332+0800][24.829s][info][gc,metaspace   ] GC(898) Metaspace: 113K(320K)->113K(320K) NonClass: 105K(192K)->105K(192K) Class: 7K(128K)->7K(128K)
[2026-06-17T10:02:28.333+0800][24.829s][info][gc             ] GC(898) Pause Young (Concurrent Start) (G1 Evacuation Pause) 52M->46M(64M) 4.009ms
[2026-06-17T10:02:28.333+0800][24.830s][info][gc,cpu         ] GC(898) User=0.00s Sys=0.00s Real=0.01s
[2026-06-17T10:02:28.333+0800][24.830s][info][gc             ] GC(899) Concurrent Mark Cycle
[2026-06-17T10:02:28.333+0800][24.830s][info][gc,marking     ] GC(899) Concurrent Scan Root Regions
[2026-06-17T10:02:28.333+0800][24.830s][info][gc,marking     ] GC(899) Concurrent Scan Root Regions 0.282ms
[2026-06-17T10:02:28.334+0800][24.831s][info][gc,marking     ] GC(899) Concurrent Mark
[2026-06-17T10:02:28.334+0800][24.831s][info][gc,marking     ] GC(899) Concurrent Mark From Roots
[2026-06-17T10:02:28.334+0800][24.831s][info][gc,task        ] GC(899) Using 5 workers of 5 for marking
[2026-06-17T10:02:28.335+0800][24.832s][info][gc,marking     ] GC(899) Concurrent Mark From Roots 1.534ms
[2026-06-17T10:02:28.336+0800][24.832s][info][gc,marking     ] GC(899) Concurrent Preclean
[2026-06-17T10:02:28.336+0800][24.833s][info][gc,marking     ] GC(899) Concurrent Preclean 0.107ms
[2026-06-17T10:02:28.336+0800][24.833s][info][gc,start       ] GC(899) Pause Remark
[2026-06-17T10:02:28.336+0800][24.833s][info][gc             ] GC(899) Pause Remark 48M->38M(64M) 0.407ms
[2026-06-17T10:02:28.336+0800][24.833s][info][gc,cpu         ] GC(899) User=0.00s Sys=0.00s Real=0.00s
[2026-06-17T10:02:28.337+0800][24.833s][info][gc,marking     ] GC(899) Concurrent Mark 2.870ms
[2026-06-17T10:02:28.337+0800][24.833s][info][gc,marking     ] GC(899) Concurrent Rebuild Remembered Sets and Scrub Regions
[2026-06-17T10:02:28.337+0800][24.834s][info][gc,marking     ] GC(899) Concurrent Rebuild Remembered Sets and Scrub Regions 0.411ms
[2026-06-17T10:02:28.337+0800][24.834s][info][gc,start       ] GC(899) Pause Cleanup
[2026-06-17T10:02:28.337+0800][24.834s][info][gc             ] GC(899) Pause Cleanup 38M->38M(64M) 0.182ms
[2026-06-17T10:02:28.337+0800][24.834s][info][gc,cpu         ] GC(899) User=0.00s Sys=0.00s Real=0.00s
[2026-06-17T10:02:28.338+0800][24.834s][info][gc,marking     ] GC(899) Concurrent Clear Claimed Marks
[2026-06-17T10:02:28.338+0800][24.834s][info][gc,marking     ] GC(899) Concurrent Clear Claimed Marks 0.070ms
[2026-06-17T10:02:28.338+0800][24.835s][info][gc,marking     ] GC(899) Concurrent Cleanup for Next Mark
[2026-06-17T10:02:28.338+0800][24.835s][info][gc,marking     ] GC(899) Concurrent Cleanup for Next Mark 0.173ms
[2026-06-17T10:02:28.338+0800][24.835s][info][gc             ] GC(899) Concurrent Mark Cycle 5.236ms
[2026-06-17T10:02:28.354+0800][24.851s][info][gc,start       ] GC(900) Pause Young (Prepare Mixed) (G1 Evacuation Pause)
[2026-06-17T10:02:28.354+0800][24.851s][info][gc,task        ] GC(900) Using 2 workers of 18 for evacuation
[2026-06-17T10:02:28.355+0800][24.852s][info][gc,phases      ] GC(900)   Pre Evacuate Collection Set: 0.11ms
[2026-06-17T10:02:28.355+0800][24.852s][info][gc,phases      ] GC(900)   Merge Heap Roots: 0.05ms
[2026-06-17T10:02:28.355+0800][24.852s][info][gc,phases      ] GC(900)   Evacuate Collection Set: 0.26ms
[2026-06-17T10:02:28.355+0800][24.852s][info][gc,phases      ] GC(900)   Post Evacuate Collection Set: 0.19ms
[2026-06-17T10:02:28.355+0800][24.852s][info][gc,phases      ] GC(900)   Other: 0.14ms
[2026-06-17T10:02:28.355+0800][24.852s][info][gc,heap        ] GC(900) Eden regions: 6->0(16)
[2026-06-17T10:02:28.355+0800][24.852s][info][gc,heap        ] GC(900) Survivor regions: 2->1(1)
[2026-06-17T10:02:28.355+0800][24.852s][info][gc,heap        ] GC(900) Old regions: 19->21
[2026-06-17T10:02:28.356+0800][24.852s][info][gc,heap        ] GC(900) Humongous regions: 16->16
[2026-06-17T10:02:28.356+0800][24.852s][info][gc,metaspace   ] GC(900) Metaspace: 113K(320K)->113K(320K) NonClass: 105K(192K)->105K(192K) Class: 7K(128K)->7K(128K)
[2026-06-17T10:02:28.356+0800][24.853s][info][gc             ] GC(900) Pause Young (Prepare Mixed) (G1 Evacuation Pause) 42M->36M(64M) 2.044ms
[2026-06-17T10:02:28.356+0800][24.853s][info][gc,cpu         ] GC(900) User=0.00s Sys=0.00s Real=0.00s
[2026-06-17T10:02:28.388+0800][24.884s][info][gc,start       ] GC(901) Pause Young (Mixed) (G1 Evacuation Pause)
[2026-06-17T10:02:28.388+0800][24.885s][info][gc,task        ] GC(901) Using 2 workers of 18 for evacuation
[2026-06-17T10:02:28.389+0800][24.886s][info][gc,phases      ] GC(901)   Pre Evacuate Collection Set: 0.17ms
[2026-06-17T10:02:28.389+0800][24.886s][info][gc,phases      ] GC(901)   Merge Heap Roots: 0.10ms
[2026-06-17T10:02:28.390+0800][24.887s][info][gc,phases      ] GC(901)   Evacuate Collection Set: 0.39ms
[2026-06-17T10:02:28.390+0800][24.887s][info][gc,phases      ] GC(901)   Post Evacuate Collection Set: 0.31ms
[2026-06-17T10:02:28.390+0800][24.887s][info][gc,phases      ] GC(901)   Other: 0.23ms
[2026-06-17T10:02:28.390+0800][24.887s][info][gc,heap        ] GC(901) Eden regions: 16->0(16)
[2026-06-17T10:02:28.390+0800][24.887s][info][gc,heap        ] GC(901) Survivor regions: 1->3(3)
[2026-06-17T10:02:28.390+0800][24.887s][info][gc,heap        ] GC(901) Old regions: 21->18
[2026-06-17T10:02:28.390+0800][24.887s][info][gc,heap        ] GC(901) Humongous regions: 16->16
[2026-06-17T10:02:28.391+0800][24.887s][info][gc,metaspace   ] GC(901) Metaspace: 113K(320K)->113K(320K) NonClass: 105K(192K)->105K(192K) Class: 7K(128K)->7K(128K)
[2026-06-17T10:02:28.391+0800][24.888s][info][gc             ] GC(901) Pause Young (Mixed) (G1 Evacuation Pause) 52M->36M(64M) 3.074ms
[2026-06-17T10:02:28.391+0800][24.888s][info][gc,cpu         ] GC(901) User=0.01s Sys=0.00s Real=0.01s
[2026-06-17T10:02:28.443+0800][24.940s][info][gc,start       ] GC(902) Pause Young (Normal) (G1 Evacuation Pause)
[2026-06-17T10:02:28.443+0800][24.940s][info][gc,task        ] GC(902) Using 2 workers of 18 for evacuation
[2026-06-17T10:02:28.444+0800][24.941s][info][gc,phases      ] GC(902)   Pre Evacuate Collection Set: 0.17ms
[2026-06-17T10:02:28.445+0800][24.942s][info][gc,phases      ] GC(902)   Merge Heap Roots: 0.07ms
[2026-06-17T10:02:28.445+0800][24.942s][info][gc,phases      ] GC(902)   Evacuate Collection Set: 0.41ms
[2026-06-17T10:02:28.445+0800][24.942s][info][gc,phases      ] GC(902)   Post Evacuate Collection Set: 0.25ms
[2026-06-17T10:02:28.445+0800][24.942s][info][gc,phases      ] GC(902)   Other: 0.39ms
[2026-06-17T10:02:28.445+0800][24.942s][info][gc,heap        ] GC(902) Eden regions: 16->0(14)
[2026-06-17T10:02:28.445+0800][24.942s][info][gc,heap        ] GC(902) Survivor regions: 3->3(3)
[2026-06-17T10:02:28.446+0800][24.942s][info][gc,heap        ] GC(902) Old regions: 18->21
[2026-06-17T10:02:28.446+0800][24.942s][info][gc,heap        ] GC(902) Humongous regions: 16->16
[2026-06-17T10:02:28.446+0800][24.943s][info][gc,metaspace   ] GC(902) Metaspace: 113K(320K)->113K(320K) NonClass: 105K(192K)->105K(192K) Class: 7K(128K)->7K(128K)
[2026-06-17T10:02:28.446+0800][24.943s][info][gc             ] GC(902) Pause Young (Normal) (G1 Evacuation Pause) 52M->39M(64M) 2.997ms
[2026-06-17T10:02:28.446+0800][24.943s][info][gc,cpu         ] GC(902) User=0.00s Sys=0.00s Real=0.00s
[2026-06-17T10:02:28.478+0800][24.975s][info][gc,start       ] GC(903) Pause Young (Concurrent Start) (G1 Evacuation Pause)
[2026-06-17T10:02:28.478+0800][24.975s][info][gc,task        ] GC(903) Using 2 workers of 18 for evacuation
[2026-06-17T10:02:28.479+0800][24.976s][info][gc,phases      ] GC(903)   Pre Evacuate Collection Set: 0.18ms
[2026-06-17T10:02:28.480+0800][24.977s][info][gc,phases      ] GC(903)   Merge Heap Roots: 0.05ms
[2026-06-17T10:02:28.480+0800][24.977s][info][gc,phases      ] GC(903)   Evacuate Collection Set: 0.60ms
[2026-06-17T10:02:28.480+0800][24.977s][info][gc,phases      ] GC(903)   Post Evacuate Collection Set: 0.25ms
[2026-06-17T10:02:28.480+0800][24.977s][info][gc,phases      ] GC(903)   Other: 0.30ms
[2026-06-17T10:02:28.480+0800][24.977s][info][gc,heap        ] GC(903) Eden regions: 14->0(10)
[2026-06-17T10:02:28.481+0800][24.978s][info][gc,heap        ] GC(903) Survivor regions: 3->3(3)
[2026-06-17T10:02:28.481+0800][24.978s][info][gc,heap        ] GC(903) Old regions: 21->25
[2026-06-17T10:02:28.481+0800][24.978s][info][gc,heap        ] GC(903) Humongous regions: 16->16
[2026-06-17T10:02:28.481+0800][24.978s][info][gc,metaspace   ] GC(903) Metaspace: 113K(320K)->113K(320K) NonClass: 105K(192K)->105K(192K) Class: 7K(128K)->7K(128K)
[2026-06-17T10:02:28.481+0800][24.978s][info][gc             ] GC(903) Pause Young (Concurrent Start) (G1 Evacuation Pause) 53M->43M(64M) 3.734ms
[2026-06-17T10:02:28.482+0800][24.978s][info][gc,cpu         ] GC(903) User=0.00s Sys=0.00s Real=0.00s
[2026-06-17T10:02:28.482+0800][24.978s][info][gc             ] GC(904) Concurrent Mark Cycle
[2026-06-17T10:02:28.482+0800][24.979s][info][gc,marking     ] GC(904) Concurrent Scan Root Regions
[2026-06-17T10:02:28.482+0800][24.979s][info][gc,marking     ] GC(904) Concurrent Scan Root Regions 0.152ms
[2026-06-17T10:02:28.482+0800][24.979s][info][gc,marking     ] GC(904) Concurrent Mark
[2026-06-17T10:02:28.482+0800][24.979s][info][gc,marking     ] GC(904) Concurrent Mark From Roots
[2026-06-17T10:02:28.482+0800][24.979s][info][gc,task        ] GC(904) Using 5 workers of 5 for marking
[2026-06-17T10:02:28.484+0800][24.981s][info][gc,marking     ] GC(904) Concurrent Mark From Roots 1.499ms
[2026-06-17T10:02:28.484+0800][24.981s][info][gc,marking     ] GC(904) Concurrent Preclean
[2026-06-17T10:02:28.484+0800][24.981s][info][gc,marking     ] GC(904) Concurrent Preclean 0.182ms
[2026-06-17T10:02:28.484+0800][24.981s][info][gc,start       ] GC(904) Pause Remark
[2026-06-17T10:02:28.484+0800][24.981s][info][gc             ] GC(904) Pause Remark 43M->43M(64M) 0.328ms
[2026-06-17T10:02:28.485+0800][24.982s][info][gc,cpu         ] GC(904) User=0.00s Sys=0.00s Real=0.00s
[2026-06-17T10:02:28.485+0800][24.982s][info][gc,marking     ] GC(904) Concurrent Mark 2.923ms
[2026-06-17T10:02:28.485+0800][24.982s][info][gc,marking     ] GC(904) Concurrent Rebuild Remembered Sets and Scrub Regions
[2026-06-17T10:02:28.486+0800][24.983s][info][gc,marking     ] GC(904) Concurrent Rebuild Remembered Sets and Scrub Regions 0.580ms
[2026-06-17T10:02:28.486+0800][24.983s][info][gc,start       ] GC(904) Pause Cleanup
[2026-06-17T10:02:28.486+0800][24.983s][info][gc             ] GC(904) Pause Cleanup 43M->43M(64M) 0.234ms
[2026-06-17T10:02:28.486+0800][24.983s][info][gc,cpu         ] GC(904) User=0.00s Sys=0.00s Real=0.00s
[2026-06-17T10:02:28.486+0800][24.983s][info][gc,marking     ] GC(904) Concurrent Clear Claimed Marks
[2026-06-17T10:02:28.487+0800][24.983s][info][gc,marking     ] GC(904) Concurrent Clear Claimed Marks 0.074ms
[2026-06-17T10:02:28.487+0800][24.984s][info][gc,marking     ] GC(904) Concurrent Cleanup for Next Mark
[2026-06-17T10:02:28.487+0800][24.984s][info][gc,marking     ] GC(904) Concurrent Cleanup for Next Mark 0.175ms
[2026-06-17T10:02:28.487+0800][24.984s][info][gc             ] GC(904) Concurrent Mark Cycle 5.330ms
[2026-06-17T10:02:28.514+0800][25.010s][info][gc,start       ] GC(905) Pause Young (Prepare Mixed) (G1 Evacuation Pause)
[2026-06-17T10:02:28.517+0800][25.013s][info][gc,task        ] GC(905) Using 2 workers of 18 for evacuation
[2026-06-17T10:02:28.523+0800][25.020s][info][gc,phases      ] GC(905)   Pre Evacuate Collection Set: 0.12ms
[2026-06-17T10:02:28.528+0800][25.025s][info][gc,phases      ] GC(905)   Merge Heap Roots: 0.04ms
[2026-06-17T10:02:28.528+0800][25.025s][info][gc,phases      ] GC(905)   Evacuate Collection Set: 0.31ms
[2026-06-17T10:02:28.532+0800][25.029s][info][gc,phases      ] GC(905)   Post Evacuate Collection Set: 0.17ms
[2026-06-17T10:02:28.534+0800][25.031s][info][gc,phases      ] GC(905)   Other: 5.87ms
[2026-06-17T10:02:28.535+0800][25.032s][info][gc,heap        ] GC(905) Eden regions: 10->0(15)
[2026-06-17T10:02:28.537+0800][25.034s][info][gc,heap        ] GC(905) Survivor regions: 3->2(2)
[2026-06-17T10:02:28.539+0800][25.036s][info][gc,heap        ] GC(905) Old regions: 25->27
[2026-06-17T10:02:28.541+0800][25.038s][info][gc,heap        ] GC(905) Humongous regions: 18->9
[2026-06-17T10:02:28.542+0800][25.039s][info][gc,metaspace   ] GC(905) Metaspace: 113K(320K)->113K(320K) NonClass: 105K(192K)->105K(192K) Class: 7K(128K)->7K(128K)
[2026-06-17T10:02:28.544+0800][25.041s][info][gc             ] GC(905) Pause Young (Prepare Mixed) (G1 Evacuation Pause) 55M->37M(64M) 30.594ms
[2026-06-17T10:02:28.547+0800][25.044s][info][gc,cpu         ] GC(905) User=0.00s Sys=0.01s Real=0.03s
[2026-06-17T10:02:28.579+0800][25.076s][info][gc,start       ] GC(906) Pause Young (Mixed) (G1 Evacuation Pause)
[2026-06-17T10:02:28.581+0800][25.078s][info][gc,task        ] GC(906) Using 2 workers of 18 for evacuation
[2026-06-17T10:02:28.584+0800][25.081s][info][gc,phases      ] GC(906)   Pre Evacuate Collection Set: 0.15ms
[2026-06-17T10:02:28.585+0800][25.082s][info][gc,phases      ] GC(906)   Merge Heap Roots: 0.04ms
[2026-06-17T10:02:28.586+0800][25.083s][info][gc,phases      ] GC(906)   Evacuate Collection Set: 0.81ms
[2026-06-17T10:02:28.587+0800][25.084s][info][gc,phases      ] GC(906)   Post Evacuate Collection Set: 0.50ms
[2026-06-17T10:02:28.589+0800][25.086s][info][gc,phases      ] GC(906)   Other: 2.29ms
[2026-06-17T10:02:28.590+0800][25.086s][info][gc,heap        ] GC(906) Eden regions: 15->0(10)
[2026-06-17T10:02:28.592+0800][25.088s][info][gc,heap        ] GC(906) Survivor regions: 2->3(3)
[2026-06-17T10:02:28.594+0800][25.091s][info][gc,heap        ] GC(906) Old regions: 27->30
[2026-06-17T10:02:28.595+0800][25.092s][info][gc,heap        ] GC(906) Humongous regions: 9->9
[2026-06-17T10:02:28.597+0800][25.094s][info][gc,metaspace   ] GC(906) Metaspace: 113K(320K)->113K(320K) NonClass: 105K(192K)->105K(192K) Class: 7K(128K)->7K(128K)
[2026-06-17T10:02:28.599+0800][25.096s][info][gc             ] GC(906) Pause Young (Mixed) (G1 Evacuation Pause) 52M->41M(64M) 19.787ms
[2026-06-17T10:02:28.601+0800][25.098s][info][gc,cpu         ] GC(906) User=0.00s Sys=0.00s Real=0.02s
[2026-06-17T10:02:28.636+0800][25.132s][info][gc,start       ] GC(907) Pause Young (Concurrent Start) (G1 Evacuation Pause)
[2026-06-17T10:02:28.637+0800][25.134s][info][gc,task        ] GC(907) Using 2 workers of 18 for evacuation
[2026-06-17T10:02:28.640+0800][25.137s][info][gc,phases      ] GC(907)   Pre Evacuate Collection Set: 0.16ms
[2026-06-17T10:02:28.641+0800][25.138s][info][gc,phases      ] GC(907)   Merge Heap Roots: 0.04ms
[2026-06-17T10:02:28.644+0800][25.141s][info][gc,phases      ] GC(907)   Evacuate Collection Set: 0.36ms
[2026-06-17T10:02:28.645+0800][25.142s][info][gc,phases      ] GC(907)   Post Evacuate Collection Set: 0.18ms
[2026-06-17T10:02:28.647+0800][25.144s][info][gc,phases      ] GC(907)   Other: 1.73ms
[2026-06-17T10:02:28.649+0800][25.146s][info][gc,heap        ] GC(907) Eden regions: 10->0(9)
[2026-06-17T10:02:28.650+0800][25.147s][info][gc,heap        ] GC(907) Survivor regions: 3->2(2)
[2026-06-17T10:02:28.651+0800][25.148s][info][gc,heap        ] GC(907) Old regions: 30->33
[2026-06-17T10:02:28.653+0800][25.150s][info][gc,heap        ] GC(907) Humongous regions: 9->9
[2026-06-17T10:02:28.656+0800][25.153s][info][gc,metaspace   ] GC(907) Metaspace: 113K(320K)->113K(320K) NonClass: 105K(192K)->105K(192K) Class: 7K(128K)->7K(128K)
[2026-06-17T10:02:28.657+0800][25.154s][info][gc             ] GC(907) Pause Young (Concurrent Start) (G1 Evacuation Pause) 51M->43M(64M) 21.684ms
[2026-06-17T10:02:28.659+0800][25.156s][info][gc,cpu         ] GC(907) User=0.00s Sys=0.00s Real=0.02s
[2026-06-17T10:02:28.659+0800][25.156s][info][gc             ] GC(908) Concurrent Mark Cycle
[2026-06-17T10:02:28.662+0800][25.159s][info][gc,marking     ] GC(908) Concurrent Scan Root Regions
[2026-06-17T10:02:28.662+0800][25.159s][info][gc,marking     ] GC(908) Concurrent Scan Root Regions 0.320ms
[2026-06-17T10:02:28.662+0800][25.159s][info][gc,marking     ] GC(908) Concurrent Mark
[2026-06-17T10:02:28.664+0800][25.161s][info][gc,marking     ] GC(908) Concurrent Mark From Roots
[2026-06-17T10:02:28.666+0800][25.163s][info][gc,task        ] GC(908) Using 5 workers of 5 for marking
[2026-06-17T10:02:28.669+0800][25.166s][info][gc,marking     ] GC(908) Concurrent Mark From Roots 4.975ms
[2026-06-17T10:02:28.671+0800][25.168s][info][gc,marking     ] GC(908) Concurrent Preclean
[2026-06-17T10:02:28.673+0800][25.170s][info][gc,marking     ] GC(908) Concurrent Preclean 1.550ms
[2026-06-17T10:02:28.674+0800][25.171s][info][gc,start       ] GC(908) Pause Remark
[2026-06-17T10:02:28.676+0800][25.173s][info][gc             ] GC(908) Pause Remark 50M->43M(64M) 1.885ms
[2026-06-17T10:02:28.677+0800][25.174s][info][gc,cpu         ] GC(908) User=0.00s Sys=0.00s Real=0.00s
[2026-06-17T10:02:28.679+0800][25.176s][info][gc,marking     ] GC(908) Concurrent Mark 16.591ms
[2026-06-17T10:02:28.680+0800][25.177s][info][gc,marking     ] GC(908) Concurrent Rebuild Remembered Sets and Scrub Regions
[2026-06-17T10:02:28.681+0800][25.178s][info][gc,marking     ] GC(908) Concurrent Rebuild Remembered Sets and Scrub Regions 1.101ms
[2026-06-17T10:02:28.683+0800][25.179s][info][gc,start       ] GC(909) Pause Young (Normal) (G1 Evacuation Pause)
[2026-06-17T10:02:28.685+0800][25.182s][info][gc,task        ] GC(909) Using 2 workers of 18 for evacuation
[2026-06-17T10:02:28.687+0800][25.184s][info][gc,phases      ] GC(909)   Pre Evacuate Collection Set: 0.11ms
[2026-06-17T10:02:28.688+0800][25.184s][info][gc,phases      ] GC(909)   Merge Heap Roots: 0.06ms
[2026-06-17T10:02:28.690+0800][25.187s][info][gc,phases      ] GC(909)   Evacuate Collection Set: 0.40ms
[2026-06-17T10:02:28.692+0800][25.189s][info][gc,phases      ] GC(909)   Post Evacuate Collection Set: 0.17ms
[2026-06-17T10:02:28.692+0800][25.189s][info][gc,phases      ] GC(909)   Other: 0.73ms
[2026-06-17T10:02:28.694+0800][25.191s][info][gc,heap        ] GC(909) Eden regions: 9->0(12)
[2026-06-17T10:02:28.696+0800][25.193s][info][gc,heap        ] GC(909) Survivor regions: 2->2(2)
[2026-06-17T10:02:28.698+0800][25.195s][info][gc,heap        ] GC(909) Old regions: 26->29
[2026-06-17T10:02:28.699+0800][25.195s][info][gc,heap        ] GC(909) Humongous regions: 9->9
[2026-06-17T10:02:28.699+0800][25.196s][info][gc,metaspace   ] GC(909) Metaspace: 113K(320K)->113K(320K) NonClass: 105K(192K)->105K(192K) Class: 7K(128K)->7K(128K)
[2026-06-17T10:02:28.699+0800][25.196s][info][gc             ] GC(909) Pause Young (Normal) (G1 Evacuation Pause) 45M->39M(64M) 16.354ms
[2026-06-17T10:02:28.699+0800][25.196s][info][gc,cpu         ] GC(909) User=0.00s Sys=0.00s Real=0.01s
[2026-06-17T10:02:28.699+0800][25.196s][info][gc,start       ] GC(908) Pause Cleanup
[2026-06-17T10:02:28.700+0800][25.196s][info][gc             ] GC(908) Pause Cleanup 40M->40M(64M) 0.238ms
[2026-06-17T10:02:28.700+0800][25.197s][info][gc,cpu         ] GC(908) User=0.00s Sys=0.00s Real=0.00s
[2026-06-17T10:02:28.700+0800][25.197s][info][gc,marking     ] GC(908) Concurrent Clear Claimed Marks
[2026-06-17T10:02:28.700+0800][25.197s][info][gc,marking     ] GC(908) Concurrent Clear Claimed Marks 0.122ms
[2026-06-17T10:02:28.700+0800][25.197s][info][gc,marking     ] GC(908) Concurrent Cleanup for Next Mark
[2026-06-17T10:02:28.700+0800][25.197s][info][gc,marking     ] GC(908) Concurrent Cleanup for Next Mark 0.223ms
[2026-06-17T10:02:28.701+0800][25.197s][info][gc             ] GC(908) Concurrent Mark Cycle 41.085ms
[2026-06-17T10:02:28.731+0800][25.228s][info][gc,start       ] GC(910) Pause Young (Prepare Mixed) (G1 Evacuation Pause)
[2026-06-17T10:02:28.732+0800][25.229s][info][gc,task        ] GC(910) Using 2 workers of 18 for evacuation
[2026-06-17T10:02:28.733+0800][25.229s][info][gc,phases      ] GC(910)   Pre Evacuate Collection Set: 0.11ms
[2026-06-17T10:02:28.733+0800][25.230s][info][gc,phases      ] GC(910)   Merge Heap Roots: 0.05ms
[2026-06-17T10:02:28.733+0800][25.230s][info][gc,phases      ] GC(910)   Evacuate Collection Set: 0.31ms
[2026-06-17T10:02:28.733+0800][25.230s][info][gc,phases      ] GC(910)   Post Evacuate Collection Set: 0.17ms
[2026-06-17T10:02:28.733+0800][25.230s][info][gc,phases      ] GC(910)   Other: 0.23ms
[2026-06-17T10:02:28.734+0800][25.230s][info][gc,heap        ] GC(910) Eden regions: 12->0(9)
[2026-06-17T10:02:28.734+0800][25.231s][info][gc,heap        ] GC(910) Survivor regions: 2->2(2)
[2026-06-17T10:02:28.734+0800][25.231s][info][gc,heap        ] GC(910) Old regions: 29->32
[2026-06-17T10:02:28.734+0800][25.231s][info][gc,heap        ] GC(910) Humongous regions: 9->9
[2026-06-17T10:02:28.735+0800][25.232s][info][gc,metaspace   ] GC(910) Metaspace: 113K(320K)->113K(320K) NonClass: 105K(192K)->105K(192K) Class: 7K(128K)->7K(128K)
[2026-06-17T10:02:28.735+0800][25.232s][info][gc             ] GC(910) Pause Young (Prepare Mixed) (G1 Evacuation Pause) 51M->42M(64M) 3.724ms
[2026-06-17T10:02:28.735+0800][25.232s][info][gc,cpu         ] GC(910) User=0.00s Sys=0.00s Real=0.00s
[2026-06-17T10:02:28.756+0800][25.253s][info][gc,start       ] GC(911) Pause Young (Mixed) (G1 Evacuation Pause)
[2026-06-17T10:02:28.757+0800][25.253s][info][gc,task        ] GC(911) Using 2 workers of 18 for evacuation
[2026-06-17T10:02:28.757+0800][25.254s][info][gc,phases      ] GC(911)   Pre Evacuate Collection Set: 0.10ms
[2026-06-17T10:02:28.757+0800][25.254s][info][gc,phases      ] GC(911)   Merge Heap Roots: 0.04ms
[2026-06-17T10:02:28.758+0800][25.254s][info][gc,phases      ] GC(911)   Evacuate Collection Set: 0.25ms
[2026-06-17T10:02:28.758+0800][25.255s][info][gc,phases      ] GC(911)   Post Evacuate Collection Set: 0.17ms
[2026-06-17T10:02:28.758+0800][25.255s][info][gc,phases      ] GC(911)   Other: 0.21ms
[2026-06-17T10:02:28.758+0800][25.255s][info][gc,heap        ] GC(911) Eden regions: 9->0(16)
[2026-06-17T10:02:28.759+0800][25.255s][info][gc,heap        ] GC(911) Survivor regions: 2->1(2)
[2026-06-17T10:02:28.759+0800][25.256s][info][gc,heap        ] GC(911) Old regions: 32->28
[2026-06-17T10:02:28.759+0800][25.256s][info][gc,heap        ] GC(911) Humongous regions: 9->9
[2026-06-17T10:02:28.759+0800][25.256s][info][gc,metaspace   ] GC(911) Metaspace: 113K(320K)->113K(320K) NonClass: 105K(192K)->105K(192K) Class: 7K(128K)->7K(128K)
[2026-06-17T10:02:28.759+0800][25.256s][info][gc             ] GC(911) Pause Young (Mixed) (G1 Evacuation Pause) 51M->36M(64M) 2.913ms
[2026-06-17T10:02:28.759+0800][25.256s][info][gc,cpu         ] GC(911) User=0.00s Sys=0.00s Real=0.00s
[2026-06-17T10:02:28.802+0800][25.298s][info][gc,start       ] GC(912) Pause Young (Mixed) (G1 Evacuation Pause)
[2026-06-17T10:02:28.802+0800][25.299s][info][gc,task        ] GC(912) Using 2 workers of 18 for evacuation
[2026-06-17T10:02:28.804+0800][25.300s][info][gc,phases      ] GC(912)   Pre Evacuate Collection Set: 0.15ms
[2026-06-17T10:02:28.804+0800][25.301s][info][gc,phases      ] GC(912)   Merge Heap Roots: 0.04ms
[2026-06-17T10:02:28.804+0800][25.301s][info][gc,phases      ] GC(912)   Evacuate Collection Set: 0.48ms
[2026-06-17T10:02:28.804+0800][25.301s][info][gc,phases      ] GC(912)   Post Evacuate Collection Set: 0.27ms
[2026-06-17T10:02:28.804+0800][25.301s][info][gc,phases      ] GC(912)   Other: 0.46ms
[2026-06-17T10:02:28.804+0800][25.301s][info][gc,heap        ] GC(912) Eden regions: 16->0(10)
[2026-06-17T10:02:28.805+0800][25.301s][info][gc,heap        ] GC(912) Survivor regions: 1->3(3)
[2026-06-17T10:02:28.805+0800][25.302s][info][gc,heap        ] GC(912) Old regions: 28->31
[2026-06-17T10:02:28.805+0800][25.302s][info][gc,heap        ] GC(912) Humongous regions: 10->10
[2026-06-17T10:02:28.805+0800][25.302s][info][gc,metaspace   ] GC(912) Metaspace: 113K(320K)->113K(320K) NonClass: 105K(192K)->105K(192K) Class: 7K(128K)->7K(128K)
[2026-06-17T10:02:28.805+0800][25.302s][info][gc             ] GC(912) Pause Young (Mixed) (G1 Evacuation Pause) 53M->43M(64M) 3.348ms
[2026-06-17T10:02:28.805+0800][25.302s][info][gc,cpu         ] GC(912) User=0.01s Sys=0.00s Real=0.01s
[2026-06-17T10:02:28.837+0800][25.333s][info][gc,start       ] GC(913) Pause Young (Normal) (G1 Evacuation Pause)
[2026-06-17T10:02:28.837+0800][25.334s][info][gc,task        ] GC(913) Using 2 workers of 18 for evacuation
[2026-06-17T10:02:28.839+0800][25.336s][info][gc,phases      ] GC(913)   Pre Evacuate Collection Set: 0.24ms
[2026-06-17T10:02:28.841+0800][25.337s][info][gc,phases      ] GC(913)   Merge Heap Roots: 0.08ms
[2026-06-17T10:02:28.842+0800][25.339s][info][gc,phases      ] GC(913)   Evacuate Collection Set: 0.47ms
[2026-06-17T10:02:28.843+0800][25.339s][info][gc,phases      ] GC(913)   Post Evacuate Collection Set: 0.24ms
[2026-06-17T10:02:28.844+0800][25.341s][info][gc,phases      ] GC(913)   Other: 0.74ms
[2026-06-17T10:02:28.845+0800][25.342s][info][gc,heap        ] GC(913) Eden regions: 10->0(10)
[2026-06-17T10:02:28.847+0800][25.344s][info][gc,heap        ] GC(913) Survivor regions: 3->2(2)
[2026-06-17T10:02:28.847+0800][25.344s][info][gc,heap        ] GC(913) Old regions: 31->33
[2026-06-17T10:02:28.849+0800][25.346s][info][gc,heap        ] GC(913) Humongous regions: 10->10
[2026-06-17T10:02:28.849+0800][25.346s][info][gc,metaspace   ] GC(913) Metaspace: 113K(320K)->113K(320K) NonClass: 105K(192K)->105K(192K) Class: 7K(128K)->7K(128K)
[2026-06-17T10:02:28.850+0800][25.347s][info][gc             ] GC(913) Pause Young (Normal) (G1 Evacuation Pause) 53M->44M(64M) 13.409ms
[2026-06-17T10:02:28.851+0800][25.347s][info][gc,cpu         ] GC(913) User=0.00s Sys=0.00s Real=0.02s
[2026-06-17T10:02:28.874+0800][25.371s][info][gc,start       ] GC(914) Pause Young (Concurrent Start) (G1 Evacuation Pause)
[2026-06-17T10:02:28.874+0800][25.371s][info][gc,task        ] GC(914) Using 2 workers of 18 for evacuation
[2026-06-17T10:02:28.876+0800][25.372s][info][gc,phases      ] GC(914)   Pre Evacuate Collection Set: 0.18ms
[2026-06-17T10:02:28.876+0800][25.373s][info][gc,phases      ] GC(914)   Merge Heap Roots: 0.04ms
[2026-06-17T10:02:28.876+0800][25.373s][info][gc,phases      ] GC(914)   Evacuate Collection Set: 0.37ms
[2026-06-17T10:02:28.876+0800][25.373s][info][gc,phases      ] GC(914)   Post Evacuate Collection Set: 0.20ms
[2026-06-17T10:02:28.876+0800][25.373s][info][gc,phases      ] GC(914)   Other: 0.35ms
[2026-06-17T10:02:28.876+0800][25.373s][info][gc,heap        ] GC(914) Eden regions: 10->0(7)
[2026-06-17T10:02:28.876+0800][25.373s][info][gc,heap        ] GC(914) Survivor regions: 2->2(2)
[2026-06-17T10:02:28.877+0800][25.373s][info][gc,heap        ] GC(914) Old regions: 33->36
[2026-06-17T10:02:28.877+0800][25.373s][info][gc,heap        ] GC(914) Humongous regions: 10->10
[2026-06-17T10:02:28.877+0800][25.374s][info][gc,metaspace   ] GC(914) Metaspace: 113K(320K)->113K(320K) NonClass: 105K(192K)->105K(192K) Class: 7K(128K)->7K(128K)
[2026-06-17T10:02:28.877+0800][25.374s][info][gc             ] GC(914) Pause Young (Concurrent Start) (G1 Evacuation Pause) 54M->47M(64M) 2.858ms
[2026-06-17T10:02:28.877+0800][25.374s][info][gc,cpu         ] GC(914) User=0.00s Sys=0.00s Real=0.00s
[2026-06-17T10:02:28.877+0800][25.374s][info][gc             ] GC(915) Concurrent Mark Cycle
[2026-06-17T10:02:28.877+0800][25.374s][info][gc,marking     ] GC(915) Concurrent Scan Root Regions
[2026-06-17T10:02:28.877+0800][25.374s][info][gc,marking     ] GC(915) Concurrent Scan Root Regions 0.195ms
[2026-06-17T10:02:28.878+0800][25.374s][info][gc,marking     ] GC(915) Concurrent Mark
[2026-06-17T10:02:28.878+0800][25.374s][info][gc,marking     ] GC(915) Concurrent Mark From Roots
[2026-06-17T10:02:28.878+0800][25.375s][info][gc,task        ] GC(915) Using 5 workers of 5 for marking
[2026-06-17T10:02:28.879+0800][25.376s][info][gc,marking     ] GC(915) Concurrent Mark From Roots 1.520ms
[2026-06-17T10:02:28.879+0800][25.376s][info][gc,marking     ] GC(915) Concurrent Preclean
[2026-06-17T10:02:28.880+0800][25.376s][info][gc,marking     ] GC(915) Concurrent Preclean 0.302ms
[2026-06-17T10:02:28.880+0800][25.377s][info][gc,start       ] GC(915) Pause Remark
[2026-06-17T10:02:28.880+0800][25.377s][info][gc             ] GC(915) Pause Remark 48M->41M(64M) 0.563ms
[2026-06-17T10:02:28.880+0800][25.377s][info][gc,cpu         ] GC(915) User=0.00s Sys=0.00s Real=0.00s
[2026-06-17T10:02:28.881+0800][25.378s][info][gc,marking     ] GC(915) Concurrent Mark 3.144ms
[2026-06-17T10:02:28.881+0800][25.378s][info][gc,marking     ] GC(915) Concurrent Rebuild Remembered Sets and Scrub Regions
[2026-06-17T10:02:28.881+0800][25.378s][info][gc,marking     ] GC(915) Concurrent Rebuild Remembered Sets and Scrub Regions 0.493ms
[2026-06-17T10:02:28.881+0800][25.378s][info][gc,start       ] GC(915) Pause Cleanup
[2026-06-17T10:02:28.882+0800][25.379s][info][gc             ] GC(915) Pause Cleanup 41M->41M(64M) 0.150ms
[2026-06-17T10:02:28.882+0800][25.379s][info][gc,cpu         ] GC(915) User=0.00s Sys=0.00s Real=0.00s
[2026-06-17T10:02:28.882+0800][25.379s][info][gc,marking     ] GC(915) Concurrent Clear Claimed Marks
[2026-06-17T10:02:28.882+0800][25.379s][info][gc,marking     ] GC(915) Concurrent Clear Claimed Marks 0.094ms
[2026-06-17T10:02:28.882+0800][25.379s][info][gc,marking     ] GC(915) Concurrent Cleanup for Next Mark
[2026-06-17T10:02:28.882+0800][25.379s][info][gc,marking     ] GC(915) Concurrent Cleanup for Next Mark 0.146ms
[2026-06-17T10:02:28.882+0800][25.379s][info][gc             ] GC(915) Concurrent Mark Cycle 5.401ms
[2026-06-17T10:02:28.898+0800][25.395s][info][gc,start       ] GC(916) Pause Young (Prepare Mixed) (G1 Evacuation Pause)
[2026-06-17T10:02:28.898+0800][25.395s][info][gc,task        ] GC(916) Using 2 workers of 18 for evacuation
[2026-06-17T10:02:28.899+0800][25.396s][info][gc,phases      ] GC(916)   Pre Evacuate Collection Set: 0.14ms
[2026-06-17T10:02:28.899+0800][25.396s][info][gc,phases      ] GC(916)   Merge Heap Roots: 0.07ms
[2026-06-17T10:02:28.899+0800][25.396s][info][gc,phases      ] GC(916)   Evacuate Collection Set: 0.25ms
[2026-06-17T10:02:28.899+0800][25.396s][info][gc,phases      ] GC(916)   Post Evacuate Collection Set: 0.16ms
[2026-06-17T10:02:28.900+0800][25.396s][info][gc,phases      ] GC(916)   Other: 0.19ms
[2026-06-17T10:02:28.900+0800][25.397s][info][gc,heap        ] GC(916) Eden regions: 7->0(9)
[2026-06-17T10:02:28.900+0800][25.397s][info][gc,heap        ] GC(916) Survivor regions: 2->2(2)
[2026-06-17T10:02:28.900+0800][25.397s][info][gc,heap        ] GC(916) Old regions: 29->31
[2026-06-17T10:02:28.900+0800][25.397s][info][gc,heap        ] GC(916) Humongous regions: 10->10
[2026-06-17T10:02:28.900+0800][25.397s][info][gc,metaspace   ] GC(916) Metaspace: 113K(320K)->113K(320K) NonClass: 105K(192K)->105K(192K) Class: 7K(128K)->7K(128K)
[2026-06-17T10:02:28.900+0800][25.397s][info][gc             ] GC(916) Pause Young (Prepare Mixed) (G1 Evacuation Pause) 47M->41M(64M) 2.297ms
[2026-06-17T10:02:28.900+0800][25.397s][info][gc,cpu         ] GC(916) User=0.00s Sys=0.00s Real=0.00s
[2026-06-17T10:02:28.921+0800][25.418s][info][gc,start       ] GC(917) Pause Young (Mixed) (G1 Evacuation Pause)
[2026-06-17T10:02:28.922+0800][25.419s][info][gc,task        ] GC(917) Using 2 workers of 18 for evacuation
[2026-06-17T10:02:28.923+0800][25.420s][info][gc,phases      ] GC(917)   Pre Evacuate Collection Set: 0.30ms
[2026-06-17T10:02:28.923+0800][25.420s][info][gc,phases      ] GC(917)   Merge Heap Roots: 0.13ms
[2026-06-17T10:02:28.924+0800][25.420s][info][gc,phases      ] GC(917)   Evacuate Collection Set: 0.58ms
[2026-06-17T10:02:28.924+0800][25.421s][info][gc,phases      ] GC(917)   Post Evacuate Collection Set: 0.27ms
[2026-06-17T10:02:28.924+0800][25.421s][info][gc,phases      ] GC(917)   Other: 0.27ms
[2026-06-17T10:02:28.924+0800][25.421s][info][gc,heap        ] GC(917) Eden regions: 9->0(10)
[2026-06-17T10:02:28.924+0800][25.421s][info][gc,heap        ] GC(917) Survivor regions: 2->2(2)
[2026-06-17T10:02:28.924+0800][25.421s][info][gc,heap        ] GC(917) Old regions: 31->29
[2026-06-17T10:02:28.925+0800][25.422s][info][gc,heap        ] GC(917) Humongous regions: 10->10
[2026-06-17T10:02:28.925+0800][25.422s][info][gc,metaspace   ] GC(917) Metaspace: 113K(320K)->113K(320K) NonClass: 105K(192K)->105K(192K) Class: 7K(128K)->7K(128K)
[2026-06-17T10:02:28.925+0800][25.422s][info][gc             ] GC(917) Pause Young (Mixed) (G1 Evacuation Pause) 50M->40M(64M) 3.634ms
[2026-06-17T10:02:28.925+0800][25.422s][info][gc,cpu         ] GC(917) User=0.00s Sys=0.01s Real=0.01s
[2026-06-17T10:02:28.946+0800][25.443s][info][gc,start       ] GC(918) Pause Young (Mixed) (G1 Evacuation Pause)
[2026-06-17T10:02:28.947+0800][25.444s][info][gc,task        ] GC(918) Using 2 workers of 18 for evacuation
[2026-06-17T10:02:28.948+0800][25.445s][info][gc,phases      ] GC(918)   Pre Evacuate Collection Set: 0.16ms
[2026-06-17T10:02:28.948+0800][25.445s][info][gc,phases      ] GC(918)   Merge Heap Roots: 0.06ms
[2026-06-17T10:02:28.948+0800][25.445s][info][gc,phases      ] GC(918)   Evacuate Collection Set: 0.47ms
[2026-06-17T10:02:28.948+0800][25.445s][info][gc,phases      ] GC(918)   Post Evacuate Collection Set: 0.24ms
[2026-06-17T10:02:28.948+0800][25.445s][info][gc,phases      ] GC(918)   Other: 0.23ms
[2026-06-17T10:02:28.948+0800][25.445s][info][gc,heap        ] GC(918) Eden regions: 10->0(12)
[2026-06-17T10:02:28.949+0800][25.445s][info][gc,heap        ] GC(918) Survivor regions: 2->2(2)
[2026-06-17T10:02:28.949+0800][25.445s][info][gc,heap        ] GC(918) Old regions: 29->27
[2026-06-17T10:02:28.949+0800][25.446s][info][gc,heap        ] GC(918) Humongous regions: 10->10
[2026-06-17T10:02:28.949+0800][25.446s][info][gc,metaspace   ] GC(918) Metaspace: 113K(320K)->113K(320K) NonClass: 105K(192K)->105K(192K) Class: 7K(128K)->7K(128K)
[2026-06-17T10:02:28.949+0800][25.446s][info][gc             ] GC(918) Pause Young (Mixed) (G1 Evacuation Pause) 49M->37M(64M) 2.596ms
[2026-06-17T10:02:28.949+0800][25.446s][info][gc,cpu         ] GC(918) User=0.00s Sys=0.00s Real=0.00s
[2026-06-17T10:02:28.980+0800][25.477s][info][gc,start       ] GC(919) Pause Young (Normal) (G1 Evacuation Pause)
[2026-06-17T10:02:28.981+0800][25.478s][info][gc,task        ] GC(919) Using 2 workers of 18 for evacuation
[2026-06-17T10:02:28.982+0800][25.478s][info][gc,phases      ] GC(919)   Pre Evacuate Collection Set: 0.10ms
[2026-06-17T10:02:28.982+0800][25.479s][info][gc,phases      ] GC(919)   Merge Heap Roots: 0.04ms
[2026-06-17T10:02:28.982+0800][25.479s][info][gc,phases      ] GC(919)   Evacuate Collection Set: 0.24ms
[2026-06-17T10:02:28.983+0800][25.480s][info][gc,phases      ] GC(919)   Post Evacuate Collection Set: 0.15ms
[2026-06-17T10:02:28.983+0800][25.480s][info][gc,phases      ] GC(919)   Other: 0.21ms
[2026-06-17T10:02:28.983+0800][25.480s][info][gc,heap        ] GC(919) Eden regions: 12->0(12)
[2026-06-17T10:02:28.984+0800][25.480s][info][gc,heap        ] GC(919) Survivor regions: 2->2(2)
[2026-06-17T10:02:28.984+0800][25.481s][info][gc,heap        ] GC(919) Old regions: 27->28
[2026-06-17T10:02:28.984+0800][25.481s][info][gc,heap        ] GC(919) Humongous regions: 10->10
[2026-06-17T10:02:28.984+0800][25.481s][info][gc,metaspace   ] GC(919) Metaspace: 113K(320K)->113K(320K) NonClass: 105K(192K)->105K(192K) Class: 7K(128K)->7K(128K)
[2026-06-17T10:02:28.984+0800][25.481s][info][gc             ] GC(919) Pause Young (Normal) (G1 Evacuation Pause) 49M->39M(64M) 3.626ms
[2026-06-17T10:02:28.984+0800][25.481s][info][gc,cpu         ] GC(919) User=0.00s Sys=0.00s Real=0.01s
[2026-06-17T10:02:29.016+0800][25.513s][info][gc,start       ] GC(920) Pause Young (Normal) (G1 Evacuation Pause)
[2026-06-17T10:02:29.016+0800][25.513s][info][gc,task        ] GC(920) Using 2 workers of 18 for evacuation
[2026-06-17T10:02:29.017+0800][25.514s][info][gc,phases      ] GC(920)   Pre Evacuate Collection Set: 0.13ms
[2026-06-17T10:02:29.017+0800][25.514s][info][gc,phases      ] GC(920)   Merge Heap Roots: 0.04ms
[2026-06-17T10:02:29.018+0800][25.515s][info][gc,phases      ] GC(920)   Evacuate Collection Set: 0.24ms
[2026-06-17T10:02:29.018+0800][25.515s][info][gc,phases      ] GC(920)   Post Evacuate Collection Set: 0.16ms
[2026-06-17T10:02:29.018+0800][25.515s][info][gc,phases      ] GC(920)   Other: 0.16ms
[2026-06-17T10:02:29.019+0800][25.516s][info][gc,heap        ] GC(920) Eden regions: 12->0(11)
[2026-06-17T10:02:29.019+0800][25.516s][info][gc,heap        ] GC(920) Survivor regions: 2->2(2)
[2026-06-17T10:02:29.019+0800][25.516s][info][gc,heap        ] GC(920) Old regions: 28->30
[2026-06-17T10:02:29.020+0800][25.516s][info][gc,heap        ] GC(920) Humongous regions: 11->11
[2026-06-17T10:02:29.020+0800][25.517s][info][gc,metaspace   ] GC(920) Metaspace: 113K(320K)->113K(320K) NonClass: 105K(192K)->105K(192K) Class: 7K(128K)->7K(128K)
[2026-06-17T10:02:29.020+0800][25.517s][info][gc             ] GC(920) Pause Young (Normal) (G1 Evacuation Pause) 52M->42M(64M) 3.901ms
[2026-06-17T10:02:29.020+0800][25.517s][info][gc,cpu         ] GC(920) User=0.00s Sys=0.00s Real=0.00s
[2026-06-17T10:02:29.051+0800][25.548s][info][gc,start       ] GC(921) Pause Young (Concurrent Start) (G1 Evacuation Pause)
[2026-06-17T10:02:29.052+0800][25.549s][info][gc,task        ] GC(921) Using 2 workers of 18 for evacuation
[2026-06-17T10:02:29.053+0800][25.550s][info][gc,phases      ] GC(921)   Pre Evacuate Collection Set: 0.15ms
[2026-06-17T10:02:29.053+0800][25.550s][info][gc,phases      ] GC(921)   Merge Heap Roots: 0.05ms
[2026-06-17T10:02:29.053+0800][25.550s][info][gc,phases      ] GC(921)   Evacuate Collection Set: 0.25ms
[2026-06-17T10:02:29.053+0800][25.550s][info][gc,phases      ] GC(921)   Post Evacuate Collection Set: 0.20ms
[2026-06-17T10:02:29.053+0800][25.550s][info][gc,phases      ] GC(921)   Other: 0.26ms
[2026-06-17T10:02:29.053+0800][25.550s][info][gc,heap        ] GC(921) Eden regions: 11->0(10)
[2026-06-17T10:02:29.053+0800][25.550s][info][gc,heap        ] GC(921) Survivor regions: 2->2(2)
[2026-06-17T10:02:29.054+0800][25.550s][info][gc,heap        ] GC(921) Old regions: 30->32
[2026-06-17T10:02:29.054+0800][25.550s][info][gc,heap        ] GC(921) Humongous regions: 11->11
[2026-06-17T10:02:29.054+0800][25.551s][info][gc,metaspace   ] GC(921) Metaspace: 113K(320K)->113K(320K) NonClass: 105K(192K)->105K(192K) Class: 7K(128K)->7K(128K)
[2026-06-17T10:02:29.054+0800][25.551s][info][gc             ] GC(921) Pause Young (Concurrent Start) (G1 Evacuation Pause) 53M->43M(64M) 2.334ms
[2026-06-17T10:02:29.054+0800][25.551s][info][gc,cpu         ] GC(921) User=0.00s Sys=0.00s Real=0.00s
[2026-06-17T10:02:29.054+0800][25.551s][info][gc             ] GC(922) Concurrent Mark Cycle
[2026-06-17T10:02:29.054+0800][25.551s][info][gc,marking     ] GC(922) Concurrent Scan Root Regions
[2026-06-17T10:02:29.054+0800][25.551s][info][gc,marking     ] GC(922) Concurrent Scan Root Regions 0.230ms
[2026-06-17T10:02:29.055+0800][25.551s][info][gc,marking     ] GC(922) Concurrent Mark
[2026-06-17T10:02:29.055+0800][25.552s][info][gc,marking     ] GC(922) Concurrent Mark From Roots
[2026-06-17T10:02:29.055+0800][25.552s][info][gc,task        ] GC(922) Using 5 workers of 5 for marking
[2026-06-17T10:02:29.056+0800][25.553s][info][gc,marking     ] GC(922) Concurrent Mark From Roots 1.562ms
[2026-06-17T10:02:29.056+0800][25.553s][info][gc,marking     ] GC(922) Concurrent Preclean
[2026-06-17T10:02:29.057+0800][25.553s][info][gc,marking     ] GC(922) Concurrent Preclean 0.115ms
[2026-06-17T10:02:29.057+0800][25.554s][info][gc,start       ] GC(922) Pause Remark
[2026-06-17T10:02:29.057+0800][25.554s][info][gc             ] GC(922) Pause Remark 45M->38M(64M) 0.368ms
[2026-06-17T10:02:29.057+0800][25.554s][info][gc,cpu         ] GC(922) User=0.00s Sys=0.00s Real=0.00s
[2026-06-17T10:02:29.057+0800][25.554s][info][gc,marking     ] GC(922) Concurrent Mark 2.740ms
[2026-06-17T10:02:29.057+0800][25.554s][info][gc,marking     ] GC(922) Concurrent Rebuild Remembered Sets and Scrub Regions
[2026-06-17T10:02:29.058+0800][25.555s][info][gc,marking     ] GC(922) Concurrent Rebuild Remembered Sets and Scrub Regions 0.497ms
[2026-06-17T10:02:29.058+0800][25.555s][info][gc,start       ] GC(922) Pause Cleanup
[2026-06-17T10:02:29.058+0800][25.555s][info][gc             ] GC(922) Pause Cleanup 38M->38M(64M) 0.127ms
[2026-06-17T10:02:29.058+0800][25.555s][info][gc,cpu         ] GC(922) User=0.00s Sys=0.00s Real=0.00s
[2026-06-17T10:02:29.059+0800][25.555s][info][gc,marking     ] GC(922) Concurrent Clear Claimed Marks
[2026-06-17T10:02:29.059+0800][25.555s][info][gc,marking     ] GC(922) Concurrent Clear Claimed Marks 0.079ms
[2026-06-17T10:02:29.059+0800][25.556s][info][gc,marking     ] GC(922) Concurrent Cleanup for Next Mark
[2026-06-17T10:02:29.059+0800][25.556s][info][gc,marking     ] GC(922) Concurrent Cleanup for Next Mark 0.135ms
[2026-06-17T10:02:29.059+0800][25.556s][info][gc             ] GC(922) Concurrent Mark Cycle 5.050ms
[2026-06-17T10:02:29.085+0800][25.582s][info][gc,start       ] GC(923) Pause Young (Prepare Mixed) (G1 Evacuation Pause)
[2026-06-17T10:02:29.086+0800][25.582s][info][gc,task        ] GC(923) Using 2 workers of 18 for evacuation
[2026-06-17T10:02:29.087+0800][25.583s][info][gc,phases      ] GC(923)   Pre Evacuate Collection Set: 0.15ms
[2026-06-17T10:02:29.087+0800][25.584s][info][gc,phases      ] GC(923)   Merge Heap Roots: 0.08ms
[2026-06-17T10:02:29.087+0800][25.584s][info][gc,phases      ] GC(923)   Evacuate Collection Set: 0.38ms
[2026-06-17T10:02:29.087+0800][25.584s][info][gc,phases      ] GC(923)   Post Evacuate Collection Set: 0.19ms
[2026-06-17T10:02:29.087+0800][25.584s][info][gc,phases      ] GC(923)   Other: 0.26ms
[2026-06-17T10:02:29.087+0800][25.584s][info][gc,heap        ] GC(923) Eden regions: 10->0(11)
[2026-06-17T10:02:29.088+0800][25.584s][info][gc,heap        ] GC(923) Survivor regions: 2->2(2)
[2026-06-17T10:02:29.088+0800][25.585s][info][gc,heap        ] GC(923) Old regions: 25->28
[2026-06-17T10:02:29.088+0800][25.585s][info][gc,heap        ] GC(923) Humongous regions: 11->11
[2026-06-17T10:02:29.088+0800][25.585s][info][gc,metaspace   ] GC(923) Metaspace: 113K(320K)->113K(320K) NonClass: 105K(192K)->105K(192K) Class: 7K(128K)->7K(128K)
[2026-06-17T10:02:29.088+0800][25.585s][info][gc             ] GC(923) Pause Young (Prepare Mixed) (G1 Evacuation Pause) 46M->40M(64M) 2.938ms
[2026-06-17T10:02:29.088+0800][25.585s][info][gc,cpu         ] GC(923) User=0.00s Sys=0.00s Real=0.00s
[2026-06-17T10:02:29.120+0800][25.617s][info][gc,start       ] GC(924) Pause Young (Mixed) (G1 Evacuation Pause)
[2026-06-17T10:02:29.120+0800][25.617s][info][gc,task        ] GC(924) Using 2 workers of 18 for evacuation
[2026-06-17T10:02:29.121+0800][25.618s][info][gc,phases      ] GC(924)   Pre Evacuate Collection Set: 0.14ms
[2026-06-17T10:02:29.122+0800][25.619s][info][gc,phases      ] GC(924)   Merge Heap Roots: 0.05ms
[2026-06-17T10:02:29.122+0800][25.619s][info][gc,phases      ] GC(924)   Evacuate Collection Set: 0.43ms
[2026-06-17T10:02:29.122+0800][25.619s][info][gc,phases      ] GC(924)   Post Evacuate Collection Set: 0.19ms
[2026-06-17T10:02:29.122+0800][25.619s][info][gc,phases      ] GC(924)   Other: 0.27ms
[2026-06-17T10:02:29.123+0800][25.620s][info][gc,heap        ] GC(924) Eden regions: 11->0(12)
[2026-06-17T10:02:29.123+0800][25.620s][info][gc,heap        ] GC(924) Survivor regions: 2->2(2)
[2026-06-17T10:02:29.123+0800][25.620s][info][gc,heap        ] GC(924) Old regions: 28->24
[2026-06-17T10:02:29.124+0800][25.620s][info][gc,heap        ] GC(924) Humongous regions: 11->11
[2026-06-17T10:02:29.124+0800][25.621s][info][gc,metaspace   ] GC(924) Metaspace: 113K(320K)->113K(320K) NonClass: 105K(192K)->105K(192K) Class: 7K(128K)->7K(128K)
[2026-06-17T10:02:29.124+0800][25.621s][info][gc             ] GC(924) Pause Young (Mixed) (G1 Evacuation Pause) 51M->36M(64M) 4.342ms
[2026-06-17T10:02:29.124+0800][25.621s][info][gc,cpu         ] GC(924) User=0.00s Sys=0.01s Real=0.01s
[2026-06-17T10:02:29.156+0800][25.653s][info][gc,start       ] GC(925) Pause Young (Mixed) (G1 Evacuation Pause)
[2026-06-17T10:02:29.157+0800][25.654s][info][gc,task        ] GC(925) Using 2 workers of 18 for evacuation
[2026-06-17T10:02:29.158+0800][25.655s][info][gc,phases      ] GC(925)   Pre Evacuate Collection Set: 0.19ms
[2026-06-17T10:02:29.159+0800][25.656s][info][gc,phases      ] GC(925)   Merge Heap Roots: 0.07ms
[2026-06-17T10:02:29.159+0800][25.656s][info][gc,phases      ] GC(925)   Evacuate Collection Set: 0.43ms
[2026-06-17T10:02:29.159+0800][25.656s][info][gc,phases      ] GC(925)   Post Evacuate Collection Set: 0.37ms
[2026-06-17T10:02:29.159+0800][25.656s][info][gc,phases      ] GC(925)   Other: 0.32ms
[2026-06-17T10:02:29.160+0800][25.657s][info][gc,heap        ] GC(925) Eden regions: 12->0(12)
[2026-06-17T10:02:29.160+0800][25.657s][info][gc,heap        ] GC(925) Survivor regions: 2->2(2)
[2026-06-17T10:02:29.160+0800][25.657s][info][gc,heap        ] GC(925) Old regions: 24->25
[2026-06-17T10:02:29.161+0800][25.657s][info][gc,heap        ] GC(925) Humongous regions: 11->11
[2026-06-17T10:02:29.161+0800][25.658s][info][gc,metaspace   ] GC(925) Metaspace: 113K(320K)->113K(320K) NonClass: 105K(192K)->105K(192K) Class: 7K(128K)->7K(128K)
[2026-06-17T10:02:29.161+0800][25.658s][info][gc             ] GC(925) Pause Young (Mixed) (G1 Evacuation Pause) 48M->37M(64M) 4.450ms
[2026-06-17T10:02:29.161+0800][25.658s][info][gc,cpu         ] GC(925) User=0.00s Sys=0.00s Real=0.00s
[2026-06-17T10:02:29.182+0800][25.679s][info][gc,start       ] GC(926) Pause Young (Normal) (G1 Evacuation Pause)
[2026-06-17T10:02:29.184+0800][25.681s][info][gc,task        ] GC(926) Using 2 workers of 18 for evacuation
[2026-06-17T10:02:29.185+0800][25.682s][info][gc,phases      ] GC(926)   Pre Evacuate Collection Set: 0.13ms
[2026-06-17T10:02:29.186+0800][25.682s][info][gc,phases      ] GC(926)   Merge Heap Roots: 0.04ms
[2026-06-17T10:02:29.186+0800][25.683s][info][gc,phases      ] GC(926)   Evacuate Collection Set: 0.47ms
[2026-06-17T10:02:29.186+0800][25.683s][info][gc,phases      ] GC(926)   Post Evacuate Collection Set: 0.20ms
[2026-06-17T10:02:29.186+0800][25.683s][info][gc,phases      ] GC(926)   Other: 0.25ms
[2026-06-17T10:02:29.186+0800][25.683s][info][gc,heap        ] GC(926) Eden regions: 12->0(9)
[2026-06-17T10:02:29.186+0800][25.683s][info][gc,heap        ] GC(926) Survivor regions: 2->2(2)
[2026-06-17T10:02:29.186+0800][25.683s][info][gc,heap        ] GC(926) Old regions: 25->31
[2026-06-17T10:02:29.186+0800][25.683s][info][gc,heap        ] GC(926) Humongous regions: 11->11
[2026-06-17T10:02:29.186+0800][25.683s][info][gc,metaspace   ] GC(926) Metaspace: 113K(320K)->113K(320K) NonClass: 105K(192K)->105K(192K) Class: 7K(128K)->7K(128K)
[2026-06-17T10:02:29.186+0800][25.683s][info][gc             ] GC(926) Pause Young (Normal) (G1 Evacuation Pause) 49M->42M(64M) 4.216ms
[2026-06-17T10:02:29.187+0800][25.683s][info][gc,cpu         ] GC(926) User=0.00s Sys=0.00s Real=0.01s
[2026-06-17T10:02:29.197+0800][25.694s][info][gc,start       ] GC(927) Pause Young (Concurrent Start) (G1 Humongous Allocation)
[2026-06-17T10:02:29.198+0800][25.694s][info][gc,task        ] GC(927) Using 2 workers of 18 for evacuation
[2026-06-17T10:02:29.198+0800][25.695s][info][gc,phases      ] GC(927)   Pre Evacuate Collection Set: 0.13ms
[2026-06-17T10:02:29.198+0800][25.695s][info][gc,phases      ] GC(927)   Merge Heap Roots: 0.03ms
[2026-06-17T10:02:29.199+0800][25.695s][info][gc,phases      ] GC(927)   Evacuate Collection Set: 0.21ms
[2026-06-17T10:02:29.199+0800][25.695s][info][gc,phases      ] GC(927)   Post Evacuate Collection Set: 0.14ms
[2026-06-17T10:02:29.199+0800][25.696s][info][gc,phases      ] GC(927)   Other: 0.18ms
[2026-06-17T10:02:29.199+0800][25.696s][info][gc,heap        ] GC(927) Eden regions: 6->0(9)
[2026-06-17T10:02:29.199+0800][25.696s][info][gc,heap        ] GC(927) Survivor regions: 2->2(2)
[2026-06-17T10:02:29.199+0800][25.696s][info][gc,heap        ] GC(927) Old regions: 31->32
[2026-06-17T10:02:29.199+0800][25.696s][info][gc,heap        ] GC(927) Humongous regions: 11->11
[2026-06-17T10:02:29.199+0800][25.696s][info][gc,metaspace   ] GC(927) Metaspace: 113K(320K)->113K(320K) NonClass: 105K(192K)->105K(192K) Class: 7K(128K)->7K(128K)
[2026-06-17T10:02:29.199+0800][25.696s][info][gc             ] GC(927) Pause Young (Concurrent Start) (G1 Humongous Allocation) 48M->44M(64M) 1.939ms
[2026-06-17T10:02:29.199+0800][25.696s][info][gc,cpu         ] GC(927) User=0.00s Sys=0.00s Real=0.00s
[2026-06-17T10:02:29.199+0800][25.696s][info][gc             ] GC(928) Concurrent Mark Cycle
[2026-06-17T10:02:29.199+0800][25.696s][info][gc,marking     ] GC(928) Concurrent Scan Root Regions
[2026-06-17T10:02:29.200+0800][25.696s][info][gc,marking     ] GC(928) Concurrent Scan Root Regions 0.161ms
[2026-06-17T10:02:29.200+0800][25.697s][info][gc,marking     ] GC(928) Concurrent Mark
[2026-06-17T10:02:29.200+0800][25.697s][info][gc,marking     ] GC(928) Concurrent Mark From Roots
[2026-06-17T10:02:29.201+0800][25.698s][info][gc,task        ] GC(928) Using 5 workers of 5 for marking
[2026-06-17T10:02:29.202+0800][25.699s][info][gc,marking     ] GC(928) Concurrent Mark From Roots 1.970ms
[2026-06-17T10:02:29.203+0800][25.700s][info][gc,marking     ] GC(928) Concurrent Preclean
[2026-06-17T10:02:29.203+0800][25.700s][info][gc,marking     ] GC(928) Concurrent Preclean 0.228ms
[2026-06-17T10:02:29.205+0800][25.702s][info][gc,start       ] GC(928) Pause Remark
[2026-06-17T10:02:29.205+0800][25.702s][info][gc             ] GC(928) Pause Remark 45M->37M(64M) 0.652ms
[2026-06-17T10:02:29.206+0800][25.703s][info][gc,cpu         ] GC(928) User=0.00s Sys=0.00s Real=0.00s
[2026-06-17T10:02:29.207+0800][25.703s][info][gc,marking     ] GC(928) Concurrent Mark 6.614ms
[2026-06-17T10:02:29.207+0800][25.704s][info][gc,marking     ] GC(928) Concurrent Rebuild Remembered Sets and Scrub Regions
[2026-06-17T10:02:29.207+0800][25.704s][info][gc,marking     ] GC(928) Concurrent Rebuild Remembered Sets and Scrub Regions 0.640ms
[2026-06-17T10:02:29.210+0800][25.707s][info][gc,start       ] GC(928) Pause Cleanup
[2026-06-17T10:02:29.212+0800][25.709s][info][gc             ] GC(928) Pause Cleanup 40M->40M(64M) 2.193ms
[2026-06-17T10:02:29.213+0800][25.709s][info][gc,cpu         ] GC(928) User=0.00s Sys=0.00s Real=0.01s
[2026-06-17T10:02:29.213+0800][25.710s][info][gc,marking     ] GC(928) Concurrent Clear Claimed Marks
[2026-06-17T10:02:29.213+0800][25.710s][info][gc,marking     ] GC(928) Concurrent Clear Claimed Marks 0.538ms
[2026-06-17T10:02:29.214+0800][25.710s][info][gc,marking     ] GC(928) Concurrent Cleanup for Next Mark
[2026-06-17T10:02:29.215+0800][25.712s][info][gc,marking     ] GC(928) Concurrent Cleanup for Next Mark 1.691ms
[2026-06-17T10:02:29.217+0800][25.714s][info][gc             ] GC(928) Concurrent Mark Cycle 17.946ms
[2026-06-17T10:02:29.231+0800][25.728s][info][gc,start       ] GC(929) Pause Young (Prepare Mixed) (G1 Evacuation Pause)
[2026-06-17T10:02:29.231+0800][25.728s][info][gc,task        ] GC(929) Using 2 workers of 18 for evacuation
[2026-06-17T10:02:29.232+0800][25.729s][info][gc,phases      ] GC(929)   Pre Evacuate Collection Set: 0.18ms
[2026-06-17T10:02:29.232+0800][25.729s][info][gc,phases      ] GC(929)   Merge Heap Roots: 0.07ms
[2026-06-17T10:02:29.233+0800][25.729s][info][gc,phases      ] GC(929)   Evacuate Collection Set: 0.33ms
[2026-06-17T10:02:29.233+0800][25.730s][info][gc,phases      ] GC(929)   Post Evacuate Collection Set: 0.27ms
[2026-06-17T10:02:29.233+0800][25.730s][info][gc,phases      ] GC(929)   Other: 0.35ms
[2026-06-17T10:02:29.233+0800][25.730s][info][gc,heap        ] GC(929) Eden regions: 9->0(12)
[2026-06-17T10:02:29.233+0800][25.730s][info][gc,heap        ] GC(929) Survivor regions: 2->2(2)
[2026-06-17T10:02:29.233+0800][25.730s][info][gc,heap        ] GC(929) Old regions: 24->26
[2026-06-17T10:02:29.234+0800][25.730s][info][gc,heap        ] GC(929) Humongous regions: 12->12
[2026-06-17T10:02:29.234+0800][25.731s][info][gc,metaspace   ] GC(929) Metaspace: 113K(320K)->113K(320K) NonClass: 105K(192K)->105K(192K) Class: 7K(128K)->7K(128K)
[2026-06-17T10:02:29.234+0800][25.731s][info][gc             ] GC(929) Pause Young (Prepare Mixed) (G1 Evacuation Pause) 46M->39M(64M) 3.029ms
[2026-06-17T10:02:29.234+0800][25.731s][info][gc,cpu         ] GC(929) User=0.01s Sys=0.00s Real=0.00s
[2026-06-17T10:02:29.265+0800][25.762s][info][gc,start       ] GC(930) Pause Young (Mixed) (G1 Evacuation Pause)
[2026-06-17T10:02:29.266+0800][25.763s][info][gc,task        ] GC(930) Using 2 workers of 18 for evacuation
[2026-06-17T10:02:29.267+0800][25.764s][info][gc,phases      ] GC(930)   Pre Evacuate Collection Set: 0.16ms
[2026-06-17T10:02:29.268+0800][25.765s][info][gc,phases      ] GC(930)   Merge Heap Roots: 0.13ms
[2026-06-17T10:02:29.268+0800][25.765s][info][gc,phases      ] GC(930)   Evacuate Collection Set: 0.56ms
[2026-06-17T10:02:29.268+0800][25.765s][info][gc,phases      ] GC(930)   Post Evacuate Collection Set: 0.34ms
[2026-06-17T10:02:29.268+0800][25.765s][info][gc,phases      ] GC(930)   Other: 0.27ms
[2026-06-17T10:02:29.268+0800][25.765s][info][gc,heap        ] GC(930) Eden regions: 12->0(13)
[2026-06-17T10:02:29.269+0800][25.765s][info][gc,heap        ] GC(930) Survivor regions: 2->2(2)
[2026-06-17T10:02:29.269+0800][25.765s][info][gc,heap        ] GC(930) Old regions: 26->24
[2026-06-17T10:02:29.269+0800][25.766s][info][gc,heap        ] GC(930) Humongous regions: 12->12
[2026-06-17T10:02:29.269+0800][25.766s][info][gc,metaspace   ] GC(930) Metaspace: 113K(320K)->113K(320K) NonClass: 105K(192K)->105K(192K) Class: 7K(128K)->7K(128K)
[2026-06-17T10:02:29.269+0800][25.766s][info][gc             ] GC(930) Pause Young (Mixed) (G1 Evacuation Pause) 51M->37M(64M) 3.451ms
[2026-06-17T10:02:29.269+0800][25.766s][info][gc,cpu         ] GC(930) User=0.00s Sys=0.00s Real=0.00s
[2026-06-17T10:02:29.301+0800][25.798s][info][gc,start       ] GC(931) Pause Young (Mixed) (G1 Evacuation Pause)
[2026-06-17T10:02:29.301+0800][25.798s][info][gc,task        ] GC(931) Using 2 workers of 18 for evacuation
[2026-06-17T10:02:29.302+0800][25.799s][info][gc,phases      ] GC(931)   Pre Evacuate Collection Set: 0.13ms
[2026-06-17T10:02:29.303+0800][25.799s][info][gc,phases      ] GC(931)   Merge Heap Roots: 0.05ms
[2026-06-17T10:02:29.303+0800][25.800s][info][gc,phases      ] GC(931)   Evacuate Collection Set: 0.50ms
[2026-06-17T10:02:29.303+0800][25.800s][info][gc,phases      ] GC(931)   Post Evacuate Collection Set: 0.20ms
[2026-06-17T10:02:29.303+0800][25.800s][info][gc,phases      ] GC(931)   Other: 0.24ms
[2026-06-17T10:02:29.304+0800][25.801s][info][gc,heap        ] GC(931) Eden regions: 13->0(11)
[2026-06-17T10:02:29.304+0800][25.801s][info][gc,heap        ] GC(931) Survivor regions: 2->2(2)
[2026-06-17T10:02:29.305+0800][25.801s][info][gc,heap        ] GC(931) Old regions: 24->27
[2026-06-17T10:02:29.305+0800][25.802s][info][gc,heap        ] GC(931) Humongous regions: 12->12
[2026-06-17T10:02:29.305+0800][25.802s][info][gc,metaspace   ] GC(931) Metaspace: 113K(320K)->113K(320K) NonClass: 105K(192K)->105K(192K) Class: 7K(128K)->7K(128K)
[2026-06-17T10:02:29.305+0800][25.802s][info][gc             ] GC(931) Pause Young (Mixed) (G1 Evacuation Pause) 50M->40M(64M) 4.420ms
[2026-06-17T10:02:29.305+0800][25.802s][info][gc,cpu         ] GC(931) User=0.00s Sys=0.01s Real=0.01s
[2026-06-17T10:02:29.337+0800][25.834s][info][gc,start       ] GC(932) Pause Young (Normal) (G1 Evacuation Pause)
[2026-06-17T10:02:29.337+0800][25.834s][info][gc,task        ] GC(932) Using 2 workers of 18 for evacuation
[2026-06-17T10:02:29.338+0800][25.835s][info][gc,phases      ] GC(932)   Pre Evacuate Collection Set: 0.10ms
[2026-06-17T10:02:29.339+0800][25.835s][info][gc,phases      ] GC(932)   Merge Heap Roots: 0.04ms
[2026-06-17T10:02:29.339+0800][25.836s][info][gc,phases      ] GC(932)   Evacuate Collection Set: 0.34ms
[2026-06-17T10:02:29.339+0800][25.836s][info][gc,phases      ] GC(932)   Post Evacuate Collection Set: 0.16ms
[2026-06-17T10:02:29.339+0800][25.836s][info][gc,phases      ] GC(932)   Other: 0.31ms
[2026-06-17T10:02:29.340+0800][25.837s][info][gc,heap        ] GC(932) Eden regions: 11->0(9)
[2026-06-17T10:02:29.340+0800][25.837s][info][gc,heap        ] GC(932) Survivor regions: 2->2(2)
[2026-06-17T10:02:29.340+0800][25.837s][info][gc,heap        ] GC(932) Old regions: 27->31
[2026-06-17T10:02:29.340+0800][25.837s][info][gc,heap        ] GC(932) Humongous regions: 12->12
[2026-06-17T10:02:29.340+0800][25.837s][info][gc,metaspace   ] GC(932) Metaspace: 113K(320K)->113K(320K) NonClass: 105K(192K)->105K(192K) Class: 7K(128K)->7K(128K)
[2026-06-17T10:02:29.341+0800][25.837s][info][gc             ] GC(932) Pause Young (Normal) (G1 Evacuation Pause) 51M->44M(64M) 3.630ms
[2026-06-17T10:02:29.341+0800][25.838s][info][gc,cpu         ] GC(932) User=0.00s Sys=0.00s Real=0.00s
[2026-06-17T10:02:29.362+0800][25.859s][info][gc,start       ] GC(933) Pause Young (Concurrent Start) (G1 Evacuation Pause)
[2026-06-17T10:02:29.362+0800][25.859s][info][gc,task        ] GC(933) Using 2 workers of 18 for evacuation
[2026-06-17T10:02:29.364+0800][25.861s][info][gc,phases      ] GC(933)   Pre Evacuate Collection Set: 0.13ms
[2026-06-17T10:02:29.364+0800][25.861s][info][gc,phases      ] GC(933)   Merge Heap Roots: 0.04ms
[2026-06-17T10:02:29.364+0800][25.861s][info][gc,phases      ] GC(933)   Evacuate Collection Set: 0.44ms
[2026-06-17T10:02:29.365+0800][25.862s][info][gc,phases      ] GC(933)   Post Evacuate Collection Set: 0.51ms
[2026-06-17T10:02:29.365+0800][25.862s][info][gc,phases      ] GC(933)   Other: 0.34ms
[2026-06-17T10:02:29.365+0800][25.862s][info][gc,heap        ] GC(933) Eden regions: 9->0(7)
[2026-06-17T10:02:29.365+0800][25.862s][info][gc,heap        ] GC(933) Survivor regions: 2->2(2)
[2026-06-17T10:02:29.366+0800][25.862s][info][gc,heap        ] GC(933) Old regions: 31->34
[2026-06-17T10:02:29.366+0800][25.863s][info][gc,heap        ] GC(933) Humongous regions: 12->12
[2026-06-17T10:02:29.366+0800][25.863s][info][gc,metaspace   ] GC(933) Metaspace: 113K(320K)->113K(320K) NonClass: 105K(192K)->105K(192K) Class: 7K(128K)->7K(128K)
[2026-06-17T10:02:29.366+0800][25.863s][info][gc             ] GC(933) Pause Young (Concurrent Start) (G1 Evacuation Pause) 52M->47M(64M) 3.972ms
[2026-06-17T10:02:29.366+0800][25.863s][info][gc,cpu         ] GC(933) User=0.00s Sys=0.00s Real=0.01s
[2026-06-17T10:02:29.366+0800][25.863s][info][gc             ] GC(934) Concurrent Mark Cycle
[2026-06-17T10:02:29.366+0800][25.863s][info][gc,marking     ] GC(934) Concurrent Scan Root Regions
[2026-06-17T10:02:29.367+0800][25.864s][info][gc,marking     ] GC(934) Concurrent Scan Root Regions 0.213ms
[2026-06-17T10:02:29.367+0800][25.864s][info][gc,marking     ] GC(934) Concurrent Mark
[2026-06-17T10:02:29.367+0800][25.864s][info][gc,marking     ] GC(934) Concurrent Mark From Roots
[2026-06-17T10:02:29.367+0800][25.864s][info][gc,task        ] GC(934) Using 5 workers of 5 for marking
[2026-06-17T10:02:29.368+0800][25.865s][info][gc,marking     ] GC(934) Concurrent Mark From Roots 1.397ms
[2026-06-17T10:02:29.368+0800][25.865s][info][gc,marking     ] GC(934) Concurrent Preclean
[2026-06-17T10:02:29.369+0800][25.865s][info][gc,marking     ] GC(934) Concurrent Preclean 0.102ms
[2026-06-17T10:02:29.369+0800][25.865s][info][gc,start       ] GC(934) Pause Remark
[2026-06-17T10:02:29.369+0800][25.866s][info][gc             ] GC(934) Pause Remark 49M->36M(64M) 0.395ms
[2026-06-17T10:02:29.369+0800][25.866s][info][gc,cpu         ] GC(934) User=0.00s Sys=0.00s Real=0.00s
[2026-06-17T10:02:29.369+0800][25.866s][info][gc,marking     ] GC(934) Concurrent Mark 2.429ms
[2026-06-17T10:02:29.369+0800][25.866s][info][gc,marking     ] GC(934) Concurrent Rebuild Remembered Sets and Scrub Regions
[2026-06-17T10:02:29.370+0800][25.867s][info][gc,marking     ] GC(934) Concurrent Rebuild Remembered Sets and Scrub Regions 0.579ms
[2026-06-17T10:02:29.370+0800][25.867s][info][gc,start       ] GC(934) Pause Cleanup
[2026-06-17T10:02:29.370+0800][25.867s][info][gc             ] GC(934) Pause Cleanup 36M->36M(64M) 0.327ms
[2026-06-17T10:02:29.371+0800][25.867s][info][gc,cpu         ] GC(934) User=0.00s Sys=0.00s Real=0.01s
[2026-06-17T10:02:29.371+0800][25.868s][info][gc,marking     ] GC(934) Concurrent Clear Claimed Marks
[2026-06-17T10:02:29.371+0800][25.868s][info][gc,marking     ] GC(934) Concurrent Clear Claimed Marks 0.149ms
[2026-06-17T10:02:29.371+0800][25.868s][info][gc,marking     ] GC(934) Concurrent Cleanup for Next Mark
[2026-06-17T10:02:29.371+0800][25.868s][info][gc,marking     ] GC(934) Concurrent Cleanup for Next Mark 0.214ms
[2026-06-17T10:02:29.371+0800][25.868s][info][gc             ] GC(934) Concurrent Mark Cycle 5.157ms
[2026-06-17T10:02:29.387+0800][25.884s][info][gc,start       ] GC(935) Pause Young (Prepare Mixed) (G1 Evacuation Pause)
[2026-06-17T10:02:29.388+0800][25.884s][info][gc,task        ] GC(935) Using 2 workers of 18 for evacuation
[2026-06-17T10:02:29.388+0800][25.885s][info][gc,phases      ] GC(935)   Pre Evacuate Collection Set: 0.13ms
[2026-06-17T10:02:29.389+0800][25.886s][info][gc,phases      ] GC(935)   Merge Heap Roots: 0.05ms
[2026-06-17T10:02:29.389+0800][25.886s][info][gc,phases      ] GC(935)   Evacuate Collection Set: 0.35ms
[2026-06-17T10:02:29.389+0800][25.886s][info][gc,phases      ] GC(935)   Post Evacuate Collection Set: 0.20ms
[2026-06-17T10:02:29.389+0800][25.886s][info][gc,phases      ] GC(935)   Other: 0.22ms
[2026-06-17T10:02:29.389+0800][25.886s][info][gc,heap        ] GC(935) Eden regions: 7->0(14)
[2026-06-17T10:02:29.389+0800][25.886s][info][gc,heap        ] GC(935) Survivor regions: 2->2(2)
[2026-06-17T10:02:29.390+0800][25.886s][info][gc,heap        ] GC(935) Old regions: 21->22
[2026-06-17T10:02:29.390+0800][25.887s][info][gc,heap        ] GC(935) Humongous regions: 12->12
[2026-06-17T10:02:29.390+0800][25.887s][info][gc,metaspace   ] GC(935) Metaspace: 113K(320K)->113K(320K) NonClass: 105K(192K)->105K(192K) Class: 7K(128K)->7K(128K)
[2026-06-17T10:02:29.390+0800][25.887s][info][gc             ] GC(935) Pause Young (Prepare Mixed) (G1 Evacuation Pause) 41M->35M(64M) 2.818ms
[2026-06-17T10:02:29.390+0800][25.887s][info][gc,cpu         ] GC(935) User=0.00s Sys=0.00s Real=0.00s
[2026-06-17T10:02:29.422+0800][25.919s][info][gc,start       ] GC(936) Pause Young (Mixed) (G1 Evacuation Pause)
[2026-06-17T10:02:29.422+0800][25.919s][info][gc,task        ] GC(936) Using 2 workers of 18 for evacuation
[2026-06-17T10:02:29.424+0800][25.920s][info][gc,phases      ] GC(936)   Pre Evacuate Collection Set: 0.14ms
[2026-06-17T10:02:29.424+0800][25.921s][info][gc,phases      ] GC(936)   Merge Heap Roots: 0.05ms
[2026-06-17T10:02:29.424+0800][25.921s][info][gc,phases      ] GC(936)   Evacuate Collection Set: 0.55ms
[2026-06-17T10:02:29.425+0800][25.922s][info][gc,phases      ] GC(936)   Post Evacuate Collection Set: 0.21ms
[2026-06-17T10:02:29.425+0800][25.922s][info][gc,phases      ] GC(936)   Other: 0.29ms
[2026-06-17T10:02:29.426+0800][25.922s][info][gc,heap        ] GC(936) Eden regions: 14->0(12)
[2026-06-17T10:02:29.427+0800][25.924s][info][gc,heap        ] GC(936) Survivor regions: 2->2(2)
[2026-06-17T10:02:29.428+0800][25.925s][info][gc,heap        ] GC(936) Old regions: 22->24
[2026-06-17T10:02:29.428+0800][25.925s][info][gc,heap        ] GC(936) Humongous regions: 13->13
[2026-06-17T10:02:29.428+0800][25.925s][info][gc,metaspace   ] GC(936) Metaspace: 113K(320K)->113K(320K) NonClass: 105K(192K)->105K(192K) Class: 7K(128K)->7K(128K)
[2026-06-17T10:02:29.428+0800][25.925s][info][gc             ] GC(936) Pause Young (Mixed) (G1 Evacuation Pause) 50M->37M(64M) 6.322ms
[2026-06-17T10:02:29.428+0800][25.925s][info][gc,cpu         ] GC(936) User=0.00s Sys=0.00s Real=0.01s
[2026-06-17T10:02:29.460+0800][25.957s][info][gc,start       ] GC(937) Pause Young (Normal) (G1 Evacuation Pause)
[2026-06-17T10:02:29.460+0800][25.957s][info][gc,task        ] GC(937) Using 2 workers of 18 for evacuation
[2026-06-17T10:02:29.462+0800][25.959s][info][gc,phases      ] GC(937)   Pre Evacuate Collection Set: 0.22ms
[2026-06-17T10:02:29.463+0800][25.960s][info][gc,phases      ] GC(937)   Merge Heap Roots: 0.09ms
[2026-06-17T10:02:29.463+0800][25.960s][info][gc,phases      ] GC(937)   Evacuate Collection Set: 0.44ms
[2026-06-17T10:02:29.463+0800][25.960s][info][gc,phases      ] GC(937)   Post Evacuate Collection Set: 0.27ms
[2026-06-17T10:02:29.463+0800][25.960s][info][gc,phases      ] GC(937)   Other: 0.95ms
[2026-06-17T10:02:29.463+0800][25.960s][info][gc,heap        ] GC(937) Eden regions: 12->0(10)
[2026-06-17T10:02:29.464+0800][25.960s][info][gc,heap        ] GC(937) Survivor regions: 2->2(2)
[2026-06-17T10:02:29.464+0800][25.961s][info][gc,heap        ] GC(937) Old regions: 24->27
[2026-06-17T10:02:29.464+0800][25.961s][info][gc,heap        ] GC(937) Humongous regions: 13->13
[2026-06-17T10:02:29.464+0800][25.961s][info][gc,metaspace   ] GC(937) Metaspace: 113K(320K)->113K(320K) NonClass: 105K(192K)->105K(192K) Class: 7K(128K)->7K(128K)
[2026-06-17T10:02:29.464+0800][25.961s][info][gc             ] GC(937) Pause Young (Normal) (G1 Evacuation Pause) 49M->41M(64M) 4.261ms
[2026-06-17T10:02:29.464+0800][25.961s][info][gc,cpu         ] GC(937) User=0.00s Sys=0.00s Real=0.01s
[2026-06-17T10:02:29.486+0800][25.982s][info][gc,start       ] GC(938) Pause Young (Concurrent Start) (G1 Evacuation Pause)
[2026-06-17T10:02:29.486+0800][25.983s][info][gc,task        ] GC(938) Using 2 workers of 18 for evacuation
[2026-06-17T10:02:29.487+0800][25.984s][info][gc,phases      ] GC(938)   Pre Evacuate Collection Set: 0.23ms
[2026-06-17T10:02:29.488+0800][25.985s][info][gc,phases      ] GC(938)   Merge Heap Roots: 0.06ms
[2026-06-17T10:02:29.488+0800][25.985s][info][gc,phases      ] GC(938)   Evacuate Collection Set: 0.26ms
[2026-06-17T10:02:29.488+0800][25.985s][info][gc,phases      ] GC(938)   Post Evacuate Collection Set: 0.22ms
[2026-06-17T10:02:29.488+0800][25.985s][info][gc,phases      ] GC(938)   Other: 0.49ms
[2026-06-17T10:02:29.488+0800][25.985s][info][gc,heap        ] GC(938) Eden regions: 10->0(11)
[2026-06-17T10:02:29.488+0800][25.985s][info][gc,heap        ] GC(938) Survivor regions: 2->2(2)
[2026-06-17T10:02:29.489+0800][25.985s][info][gc,heap        ] GC(938) Old regions: 27->28
[2026-06-17T10:02:29.489+0800][25.986s][info][gc,heap        ] GC(938) Humongous regions: 13->13
[2026-06-17T10:02:29.489+0800][25.986s][info][gc,metaspace   ] GC(938) Metaspace: 113K(320K)->113K(320K) NonClass: 105K(192K)->105K(192K) Class: 7K(128K)->7K(128K)
[2026-06-17T10:02:29.489+0800][25.986s][info][gc             ] GC(938) Pause Young (Concurrent Start) (G1 Evacuation Pause) 51M->42M(64M) 3.451ms
[2026-06-17T10:02:29.489+0800][25.986s][info][gc,cpu         ] GC(938) User=0.00s Sys=0.00s Real=0.00s
[2026-06-17T10:02:29.489+0800][25.986s][info][gc             ] GC(939) Concurrent Mark Cycle
[2026-06-17T10:02:29.489+0800][25.986s][info][gc,marking     ] GC(939) Concurrent Scan Root Regions
[2026-06-17T10:02:29.490+0800][25.986s][info][gc,marking     ] GC(939) Concurrent Scan Root Regions 0.185ms
[2026-06-17T10:02:29.490+0800][25.987s][info][gc,marking     ] GC(939) Concurrent Mark
[2026-06-17T10:02:29.490+0800][25.987s][info][gc,marking     ] GC(939) Concurrent Mark From Roots
[2026-06-17T10:02:29.490+0800][25.987s][info][gc,task        ] GC(939) Using 5 workers of 5 for marking
[2026-06-17T10:02:29.491+0800][25.988s][info][gc,marking     ] GC(939) Concurrent Mark From Roots 1.346ms
[2026-06-17T10:02:29.491+0800][25.988s][info][gc,marking     ] GC(939) Concurrent Preclean
[2026-06-17T10:02:29.492+0800][25.988s][info][gc,marking     ] GC(939) Concurrent Preclean 0.227ms
[2026-06-17T10:02:29.492+0800][25.989s][info][gc,start       ] GC(939) Pause Remark
[2026-06-17T10:02:29.492+0800][25.989s][info][gc             ] GC(939) Pause Remark 42M->42M(64M) 0.476ms
[2026-06-17T10:02:29.492+0800][25.989s][info][gc,cpu         ] GC(939) User=0.00s Sys=0.00s Real=0.00s
[2026-06-17T10:02:29.492+0800][25.989s][info][gc,marking     ] GC(939) Concurrent Mark 2.737ms
[2026-06-17T10:02:29.493+0800][25.989s][info][gc,marking     ] GC(939) Concurrent Rebuild Remembered Sets and Scrub Regions
[2026-06-17T10:02:29.493+0800][25.990s][info][gc,marking     ] GC(939) Concurrent Rebuild Remembered Sets and Scrub Regions 0.411ms
[2026-06-17T10:02:29.493+0800][25.990s][info][gc,start       ] GC(939) Pause Cleanup
[2026-06-17T10:02:29.493+0800][25.990s][info][gc             ] GC(939) Pause Cleanup 42M->42M(64M) 0.162ms
[2026-06-17T10:02:29.493+0800][25.990s][info][gc,cpu         ] GC(939) User=0.00s Sys=0.00s Real=0.00s
[2026-06-17T10:02:29.494+0800][25.990s][info][gc,marking     ] GC(939) Concurrent Clear Claimed Marks
[2026-06-17T10:02:29.494+0800][25.991s][info][gc,marking     ] GC(939) Concurrent Clear Claimed Marks 0.139ms
[2026-06-17T10:02:29.494+0800][25.991s][info][gc,marking     ] GC(939) Concurrent Cleanup for Next Mark
[2026-06-17T10:02:29.494+0800][25.991s][info][gc,marking     ] GC(939) Concurrent Cleanup for Next Mark 0.155ms
[2026-06-17T10:02:29.494+0800][25.991s][info][gc             ] GC(939) Concurrent Mark Cycle 4.775ms
[2026-06-17T10:02:29.521+0800][26.018s][info][gc,start       ] GC(940) Pause Young (Prepare Mixed) (G1 Evacuation Pause)
[2026-06-17T10:02:29.524+0800][26.021s][info][gc,task        ] GC(940) Using 2 workers of 18 for evacuation
[2026-06-17T10:02:29.529+0800][26.026s][info][gc,phases      ] GC(940)   Pre Evacuate Collection Set: 0.17ms
[2026-06-17T10:02:29.533+0800][26.030s][info][gc,phases      ] GC(940)   Merge Heap Roots: 0.05ms
[2026-06-17T10:02:29.533+0800][26.030s][info][gc,phases      ] GC(940)   Evacuate Collection Set: 0.26ms
[2026-06-17T10:02:29.533+0800][26.030s][info][gc,phases      ] GC(940)   Post Evacuate Collection Set: 0.23ms
[2026-06-17T10:02:29.534+0800][26.030s][info][gc,phases      ] GC(940)   Other: 4.58ms
[2026-06-17T10:02:29.534+0800][26.031s][info][gc,heap        ] GC(940) Eden regions: 11->0(10)
[2026-06-17T10:02:29.534+0800][26.031s][info][gc,heap        ] GC(940) Survivor regions: 2->2(2)
[2026-06-17T10:02:29.534+0800][26.031s][info][gc,heap        ] GC(940) Old regions: 28->30
[2026-06-17T10:02:29.534+0800][26.031s][info][gc,heap        ] GC(940) Humongous regions: 13->13
[2026-06-17T10:02:29.534+0800][26.031s][info][gc,metaspace   ] GC(940) Metaspace: 113K(320K)->113K(320K) NonClass: 105K(192K)->105K(192K) Class: 7K(128K)->7K(128K)
[2026-06-17T10:02:29.535+0800][26.031s][info][gc             ] GC(940) Pause Young (Prepare Mixed) (G1 Evacuation Pause) 53M->43M(64M) 13.939ms
[2026-06-17T10:02:29.535+0800][26.032s][info][gc,cpu         ] GC(940) User=0.00s Sys=0.00s Real=0.02s
[2026-06-17T10:02:29.566+0800][26.063s][info][gc,start       ] GC(941) Pause Young (Mixed) (G1 Evacuation Pause)
[2026-06-17T10:02:29.567+0800][26.063s][info][gc,task        ] GC(941) Using 2 workers of 18 for evacuation
[2026-06-17T10:02:29.568+0800][26.065s][info][gc,phases      ] GC(941)   Pre Evacuate Collection Set: 0.11ms
[2026-06-17T10:02:29.568+0800][26.065s][info][gc,phases      ] GC(941)   Merge Heap Roots: 0.06ms
[2026-06-17T10:02:29.568+0800][26.065s][info][gc,phases      ] GC(941)   Evacuate Collection Set: 0.52ms
[2026-06-17T10:02:29.568+0800][26.065s][info][gc,phases      ] GC(941)   Post Evacuate Collection Set: 0.16ms
[2026-06-17T10:02:29.568+0800][26.065s][info][gc,phases      ] GC(941)   Other: 0.31ms
[2026-06-17T10:02:29.569+0800][26.065s][info][gc,heap        ] GC(941) Eden regions: 10->0(10)
[2026-06-17T10:02:29.569+0800][26.066s][info][gc,heap        ] GC(941) Survivor regions: 2->2(2)
[2026-06-17T10:02:29.569+0800][26.066s][info][gc,heap        ] GC(941) Old regions: 30->29
[2026-06-17T10:02:29.569+0800][26.066s][info][gc,heap        ] GC(941) Humongous regions: 13->13
[2026-06-17T10:02:29.569+0800][26.066s][info][gc,metaspace   ] GC(941) Metaspace: 113K(320K)->113K(320K) NonClass: 105K(192K)->105K(192K) Class: 7K(128K)->7K(128K)
[2026-06-17T10:02:29.569+0800][26.066s][info][gc             ] GC(941) Pause Young (Mixed) (G1 Evacuation Pause) 53M->43M(64M) 3.084ms
[2026-06-17T10:02:29.569+0800][26.066s][info][gc,cpu         ] GC(941) User=0.00s Sys=0.00s Real=0.00s
[2026-06-17T10:02:29.601+0800][26.098s][info][gc,start       ] GC(942) Pause Young (Mixed) (G1 Evacuation Pause)
[2026-06-17T10:02:29.601+0800][26.098s][info][gc,task        ] GC(942) Using 2 workers of 18 for evacuation
[2026-06-17T10:02:29.602+0800][26.099s][info][gc,phases      ] GC(942)   Pre Evacuate Collection Set: 0.12ms
[2026-06-17T10:02:29.603+0800][26.099s][info][gc,phases      ] GC(942)   Merge Heap Roots: 0.04ms
[2026-06-17T10:02:29.603+0800][26.100s][info][gc,phases      ] GC(942)   Evacuate Collection Set: 0.33ms
[2026-06-17T10:02:29.603+0800][26.100s][info][gc,phases      ] GC(942)   Post Evacuate Collection Set: 0.24ms
[2026-06-17T10:02:29.603+0800][26.100s][info][gc,phases      ] GC(942)   Other: 0.31ms
[2026-06-17T10:02:29.603+0800][26.100s][info][gc,heap        ] GC(942) Eden regions: 10->0(9)
[2026-06-17T10:02:29.603+0800][26.100s][info][gc,heap        ] GC(942) Survivor regions: 2->2(2)
[2026-06-17T10:02:29.603+0800][26.100s][info][gc,heap        ] GC(942) Old regions: 29->30
[2026-06-17T10:02:29.604+0800][26.100s][info][gc,heap        ] GC(942) Humongous regions: 13->13
[2026-06-17T10:02:29.604+0800][26.101s][info][gc,metaspace   ] GC(942) Metaspace: 113K(320K)->113K(320K) NonClass: 105K(192K)->105K(192K) Class: 7K(128K)->7K(128K)
[2026-06-17T10:02:29.604+0800][26.101s][info][gc             ] GC(942) Pause Young (Mixed) (G1 Evacuation Pause) 53M->44M(64M) 3.022ms
[2026-06-17T10:02:29.604+0800][26.101s][info][gc,cpu         ] GC(942) User=0.00s Sys=0.00s Real=0.01s
[2026-06-17T10:02:29.615+0800][26.112s][info][gc,start       ] GC(943) Pause Young (Concurrent Start) (G1 Humongous Allocation)
[2026-06-17T10:02:29.615+0800][26.112s][info][gc,task        ] GC(943) Using 2 workers of 18 for evacuation
[2026-06-17T10:02:29.617+0800][26.113s][info][gc,phases      ] GC(943)   Pre Evacuate Collection Set: 0.18ms
[2026-06-17T10:02:29.617+0800][26.114s][info][gc,phases      ] GC(943)   Merge Heap Roots: 0.05ms
[2026-06-17T10:02:29.617+0800][26.114s][info][gc,phases      ] GC(943)   Evacuate Collection Set: 0.33ms
[2026-06-17T10:02:29.617+0800][26.114s][info][gc,phases      ] GC(943)   Post Evacuate Collection Set: 0.20ms
[2026-06-17T10:02:29.617+0800][26.114s][info][gc,phases      ] GC(943)   Other: 0.41ms
[2026-06-17T10:02:29.617+0800][26.114s][info][gc,heap        ] GC(943) Eden regions: 9->0(8)
[2026-06-17T10:02:29.617+0800][26.114s][info][gc,heap        ] GC(943) Survivor regions: 2->2(2)
[2026-06-17T10:02:29.618+0800][26.114s][info][gc,heap        ] GC(943) Old regions: 30->32
[2026-06-17T10:02:29.618+0800][26.115s][info][gc,heap        ] GC(943) Humongous regions: 13->13
[2026-06-17T10:02:29.618+0800][26.115s][info][gc,metaspace   ] GC(943) Metaspace: 113K(320K)->113K(320K) NonClass: 105K(192K)->105K(192K) Class: 7K(128K)->7K(128K)
[2026-06-17T10:02:29.618+0800][26.115s][info][gc             ] GC(943) Pause Young (Concurrent Start) (G1 Humongous Allocation) 52M->46M(64M) 3.133ms
[2026-06-17T10:02:29.618+0800][26.115s][info][gc,cpu         ] GC(943) User=0.00s Sys=0.00s Real=0.00s
[2026-06-17T10:02:29.618+0800][26.115s][info][gc             ] GC(944) Concurrent Mark Cycle
[2026-06-17T10:02:29.619+0800][26.116s][info][gc,marking     ] GC(944) Concurrent Scan Root Regions
[2026-06-17T10:02:29.619+0800][26.116s][info][gc,marking     ] GC(944) Concurrent Scan Root Regions 0.245ms
[2026-06-17T10:02:29.619+0800][26.116s][info][gc,marking     ] GC(944) Concurrent Mark
[2026-06-17T10:02:29.619+0800][26.116s][info][gc,marking     ] GC(944) Concurrent Mark From Roots
[2026-06-17T10:02:29.619+0800][26.116s][info][gc,task        ] GC(944) Using 5 workers of 5 for marking
[2026-06-17T10:02:29.621+0800][26.118s][info][gc,marking     ] GC(944) Concurrent Mark From Roots 1.625ms
[2026-06-17T10:02:29.621+0800][26.118s][info][gc,marking     ] GC(944) Concurrent Preclean
[2026-06-17T10:02:29.621+0800][26.118s][info][gc,marking     ] GC(944) Concurrent Preclean 0.099ms
[2026-06-17T10:02:29.621+0800][26.118s][info][gc,start       ] GC(944) Pause Remark
[2026-06-17T10:02:29.622+0800][26.119s][info][gc             ] GC(944) Pause Remark 48M->41M(64M) 0.405ms
[2026-06-17T10:02:29.622+0800][26.119s][info][gc,cpu         ] GC(944) User=0.00s Sys=0.00s Real=0.00s
[2026-06-17T10:02:29.622+0800][26.119s][info][gc,marking     ] GC(944) Concurrent Mark 2.779ms
[2026-06-17T10:02:29.622+0800][26.119s][info][gc,marking     ] GC(944) Concurrent Rebuild Remembered Sets and Scrub Regions
[2026-06-17T10:02:29.623+0800][26.119s][info][gc,marking     ] GC(944) Concurrent Rebuild Remembered Sets and Scrub Regions 0.459ms
[2026-06-17T10:02:29.623+0800][26.120s][info][gc,start       ] GC(944) Pause Cleanup
[2026-06-17T10:02:29.623+0800][26.120s][info][gc             ] GC(944) Pause Cleanup 41M->41M(64M) 0.146ms
[2026-06-17T10:02:29.623+0800][26.120s][info][gc,cpu         ] GC(944) User=0.00s Sys=0.00s Real=0.00s
[2026-06-17T10:02:29.623+0800][26.120s][info][gc,marking     ] GC(944) Concurrent Clear Claimed Marks
[2026-06-17T10:02:29.623+0800][26.120s][info][gc,marking     ] GC(944) Concurrent Clear Claimed Marks 0.068ms
[2026-06-17T10:02:29.623+0800][26.120s][info][gc,marking     ] GC(944) Concurrent Cleanup for Next Mark
[2026-06-17T10:02:29.623+0800][26.120s][info][gc,marking     ] GC(944) Concurrent Cleanup for Next Mark 0.177ms
[2026-06-17T10:02:29.623+0800][26.120s][info][gc             ] GC(944) Concurrent Mark Cycle 5.127ms
[2026-06-17T10:02:29.640+0800][26.137s][info][gc,start       ] GC(945) Pause Young (Prepare Mixed) (G1 Evacuation Pause)
[2026-06-17T10:02:29.640+0800][26.137s][info][gc,task        ] GC(945) Using 2 workers of 18 for evacuation
[2026-06-17T10:02:29.641+0800][26.138s][info][gc,phases      ] GC(945)   Pre Evacuate Collection Set: 0.12ms
[2026-06-17T10:02:29.641+0800][26.138s][info][gc,phases      ] GC(945)   Merge Heap Roots: 0.04ms
[2026-06-17T10:02:29.641+0800][26.138s][info][gc,phases      ] GC(945)   Evacuate Collection Set: 0.22ms
[2026-06-17T10:02:29.642+0800][26.138s][info][gc,phases      ] GC(945)   Post Evacuate Collection Set: 0.16ms
[2026-06-17T10:02:29.642+0800][26.138s][info][gc,phases      ] GC(945)   Other: 0.22ms
[2026-06-17T10:02:29.642+0800][26.139s][info][gc,heap        ] GC(945) Eden regions: 8->0(17)
[2026-06-17T10:02:29.642+0800][26.139s][info][gc,heap        ] GC(945) Survivor regions: 2->1(2)
[2026-06-17T10:02:29.642+0800][26.139s][info][gc,heap        ] GC(945) Old regions: 25->27
[2026-06-17T10:02:29.642+0800][26.139s][info][gc,heap        ] GC(945) Humongous regions: 15->8
[2026-06-17T10:02:29.642+0800][26.139s][info][gc,metaspace   ] GC(945) Metaspace: 113K(320K)->113K(320K) NonClass: 105K(192K)->105K(192K) Class: 7K(128K)->7K(128K)
[2026-06-17T10:02:29.643+0800][26.139s][info][gc             ] GC(945) Pause Young (Prepare Mixed) (G1 Evacuation Pause) 48M->34M(64M) 2.805ms
[2026-06-17T10:02:29.643+0800][26.140s][info][gc,cpu         ] GC(945) User=0.00s Sys=0.00s Real=0.01s
[2026-06-17T10:02:29.695+0800][26.192s][info][gc,start       ] GC(946) Pause Young (Mixed) (G1 Evacuation Pause)
[2026-06-17T10:02:29.696+0800][26.193s][info][gc,task        ] GC(946) Using 2 workers of 18 for evacuation
[2026-06-17T10:02:29.697+0800][26.194s][info][gc,phases      ] GC(946)   Pre Evacuate Collection Set: 0.14ms
[2026-06-17T10:02:29.697+0800][26.194s][info][gc,phases      ] GC(946)   Merge Heap Roots: 0.05ms
[2026-06-17T10:02:29.697+0800][26.194s][info][gc,phases      ] GC(946)   Evacuate Collection Set: 0.50ms
[2026-06-17T10:02:29.698+0800][26.194s][info][gc,phases      ] GC(946)   Post Evacuate Collection Set: 0.31ms
[2026-06-17T10:02:29.698+0800][26.195s][info][gc,phases      ] GC(946)   Other: 0.21ms
[2026-06-17T10:02:29.698+0800][26.195s][info][gc,heap        ] GC(946) Eden regions: 17->0(16)
[2026-06-17T10:02:29.698+0800][26.195s][info][gc,heap        ] GC(946) Survivor regions: 1->3(3)
[2026-06-17T10:02:29.698+0800][26.195s][info][gc,heap        ] GC(946) Old regions: 27->25
[2026-06-17T10:02:29.699+0800][26.196s][info][gc,heap        ] GC(946) Humongous regions: 8->8
[2026-06-17T10:02:29.699+0800][26.196s][info][gc,metaspace   ] GC(946) Metaspace: 113K(320K)->113K(320K) NonClass: 105K(192K)->105K(192K) Class: 7K(128K)->7K(128K)
[2026-06-17T10:02:29.699+0800][26.196s][info][gc             ] GC(946) Pause Young (Mixed) (G1 Evacuation Pause) 51M->35M(64M) 3.644ms
[2026-06-17T10:02:29.699+0800][26.196s][info][gc,cpu         ] GC(946) User=0.00s Sys=0.00s Real=0.00s
[2026-06-17T10:02:29.741+0800][26.238s][info][gc,start       ] GC(947) Pause Young (Normal) (G1 Evacuation Pause)
[2026-06-17T10:02:29.742+0800][26.239s][info][gc,task        ] GC(947) Using 2 workers of 18 for evacuation
[2026-06-17T10:02:29.743+0800][26.240s][info][gc,phases      ] GC(947)   Pre Evacuate Collection Set: 0.15ms
[2026-06-17T10:02:29.743+0800][26.240s][info][gc,phases      ] GC(947)   Merge Heap Roots: 0.05ms
[2026-06-17T10:02:29.743+0800][26.240s][info][gc,phases      ] GC(947)   Evacuate Collection Set: 0.35ms
[2026-06-17T10:02:29.744+0800][26.240s][info][gc,phases      ] GC(947)   Post Evacuate Collection Set: 0.21ms
[2026-06-17T10:02:29.744+0800][26.241s][info][gc,phases      ] GC(947)   Other: 0.33ms
[2026-06-17T10:02:29.744+0800][26.241s][info][gc,heap        ] GC(947) Eden regions: 16->0(15)
[2026-06-17T10:02:29.744+0800][26.241s][info][gc,heap        ] GC(947) Survivor regions: 3->3(3)
[2026-06-17T10:02:29.744+0800][26.241s][info][gc,heap        ] GC(947) Old regions: 25->27
[2026-06-17T10:02:29.744+0800][26.241s][info][gc,heap        ] GC(947) Humongous regions: 8->8
[2026-06-17T10:02:29.744+0800][26.241s][info][gc,metaspace   ] GC(947) Metaspace: 113K(320K)->113K(320K) NonClass: 105K(192K)->105K(192K) Class: 7K(128K)->7K(128K)
[2026-06-17T10:02:29.745+0800][26.241s][info][gc             ] GC(947) Pause Young (Normal) (G1 Evacuation Pause) 51M->36M(64M) 3.096ms
[2026-06-17T10:02:29.745+0800][26.241s][info][gc,cpu         ] GC(947) User=0.00s Sys=0.00s Real=0.01s
[2026-06-17T10:02:29.776+0800][26.273s][info][gc,start       ] GC(948) Pause Young (Normal) (G1 Evacuation Pause)
[2026-06-17T10:02:29.777+0800][26.274s][info][gc,task        ] GC(948) Using 2 workers of 18 for evacuation
[2026-06-17T10:02:29.778+0800][26.275s][info][gc,phases      ] GC(948)   Pre Evacuate Collection Set: 0.21ms
[2026-06-17T10:02:29.778+0800][26.275s][info][gc,phases      ] GC(948)   Merge Heap Roots: 0.08ms
[2026-06-17T10:02:29.779+0800][26.276s][info][gc,phases      ] GC(948)   Evacuate Collection Set: 0.58ms
[2026-06-17T10:02:29.779+0800][26.276s][info][gc,phases      ] GC(948)   Post Evacuate Collection Set: 0.33ms
[2026-06-17T10:02:29.779+0800][26.276s][info][gc,phases      ] GC(948)   Other: 0.22ms
[2026-06-17T10:02:29.780+0800][26.276s][info][gc,heap        ] GC(948) Eden regions: 15->0(10)
[2026-06-17T10:02:29.780+0800][26.277s][info][gc,heap        ] GC(948) Survivor regions: 3->3(3)
[2026-06-17T10:02:29.780+0800][26.277s][info][gc,heap        ] GC(948) Old regions: 27->32
[2026-06-17T10:02:29.780+0800][26.277s][info][gc,heap        ] GC(948) Humongous regions: 8->8
[2026-06-17T10:02:29.780+0800][26.277s][info][gc,metaspace   ] GC(948) Metaspace: 113K(320K)->113K(320K) NonClass: 105K(192K)->105K(192K) Class: 7K(128K)->7K(128K)
[2026-06-17T10:02:29.780+0800][26.277s][info][gc             ] GC(948) Pause Young (Normal) (G1 Evacuation Pause) 51M->41M(64M) 3.824ms
[2026-06-17T10:02:29.780+0800][26.277s][info][gc,cpu         ] GC(948) User=0.01s Sys=0.00s Real=0.00s
[2026-06-17T10:02:29.812+0800][26.308s][info][gc,start       ] GC(949) Pause Young (Concurrent Start) (G1 Evacuation Pause)
[2026-06-17T10:02:29.812+0800][26.309s][info][gc,task        ] GC(949) Using 2 workers of 18 for evacuation
[2026-06-17T10:02:29.815+0800][26.312s][info][gc,phases      ] GC(949)   Pre Evacuate Collection Set: 0.41ms
[2026-06-17T10:02:29.815+0800][26.312s][info][gc,phases      ] GC(949)   Merge Heap Roots: 0.11ms
[2026-06-17T10:02:29.815+0800][26.312s][info][gc,phases      ] GC(949)   Evacuate Collection Set: 0.53ms
[2026-06-17T10:02:29.815+0800][26.312s][info][gc,phases      ] GC(949)   Post Evacuate Collection Set: 0.40ms
[2026-06-17T10:02:29.816+0800][26.312s][info][gc,phases      ] GC(949)   Other: 1.20ms
[2026-06-17T10:02:29.816+0800][26.313s][info][gc,heap        ] GC(949) Eden regions: 10->0(9)
[2026-06-17T10:02:29.816+0800][26.313s][info][gc,heap        ] GC(949) Survivor regions: 3->2(2)
[2026-06-17T10:02:29.816+0800][26.313s][info][gc,heap        ] GC(949) Old regions: 32->35
[2026-06-17T10:02:29.816+0800][26.313s][info][gc,heap        ] GC(949) Humongous regions: 8->8
[2026-06-17T10:02:29.816+0800][26.313s][info][gc,metaspace   ] GC(949) Metaspace: 113K(320K)->113K(320K) NonClass: 105K(192K)->105K(192K) Class: 7K(128K)->7K(128K)
[2026-06-17T10:02:29.816+0800][26.313s][info][gc             ] GC(949) Pause Young (Concurrent Start) (G1 Evacuation Pause) 51M->44M(64M) 4.717ms
[2026-06-17T10:02:29.816+0800][26.313s][info][gc,cpu         ] GC(949) User=0.00s Sys=0.00s Real=0.00s
[2026-06-17T10:02:29.816+0800][26.313s][info][gc             ] GC(950) Concurrent Mark Cycle
[2026-06-17T10:02:29.817+0800][26.314s][info][gc,marking     ] GC(950) Concurrent Scan Root Regions
[2026-06-17T10:02:29.817+0800][26.314s][info][gc,marking     ] GC(950) Concurrent Scan Root Regions 0.173ms
[2026-06-17T10:02:29.817+0800][26.314s][info][gc,marking     ] GC(950) Concurrent Mark
[2026-06-17T10:02:29.817+0800][26.314s][info][gc,marking     ] GC(950) Concurrent Mark From Roots
[2026-06-17T10:02:29.817+0800][26.314s][info][gc,task        ] GC(950) Using 5 workers of 5 for marking
[2026-06-17T10:02:29.818+0800][26.315s][info][gc,marking     ] GC(950) Concurrent Mark From Roots 1.348ms
[2026-06-17T10:02:29.819+0800][26.316s][info][gc,marking     ] GC(950) Concurrent Preclean
[2026-06-17T10:02:29.819+0800][26.316s][info][gc,marking     ] GC(950) Concurrent Preclean 0.133ms
[2026-06-17T10:02:29.819+0800][26.316s][info][gc,start       ] GC(950) Pause Remark
[2026-06-17T10:02:29.820+0800][26.317s][info][gc             ] GC(950) Pause Remark 50M->44M(64M) 0.598ms
[2026-06-17T10:02:29.820+0800][26.317s][info][gc,cpu         ] GC(950) User=0.00s Sys=0.00s Real=0.00s
[2026-06-17T10:02:29.820+0800][26.317s][info][gc,marking     ] GC(950) Concurrent Mark 3.069ms
[2026-06-17T10:02:29.820+0800][26.317s][info][gc,marking     ] GC(950) Concurrent Rebuild Remembered Sets and Scrub Regions
[2026-06-17T10:02:29.821+0800][26.318s][info][gc,marking     ] GC(950) Concurrent Rebuild Remembered Sets and Scrub Regions 0.449ms
[2026-06-17T10:02:29.821+0800][26.318s][info][gc,start       ] GC(950) Pause Cleanup
[2026-06-17T10:02:29.821+0800][26.318s][info][gc             ] GC(950) Pause Cleanup 44M->44M(64M) 0.165ms
[2026-06-17T10:02:29.821+0800][26.318s][info][gc,cpu         ] GC(950) User=0.00s Sys=0.00s Real=0.00s
[2026-06-17T10:02:29.821+0800][26.318s][info][gc,marking     ] GC(950) Concurrent Clear Claimed Marks
[2026-06-17T10:02:29.821+0800][26.318s][info][gc,marking     ] GC(950) Concurrent Clear Claimed Marks 0.077ms
[2026-06-17T10:02:29.821+0800][26.318s][info][gc,marking     ] GC(950) Concurrent Cleanup for Next Mark
[2026-06-17T10:02:29.822+0800][26.318s][info][gc,marking     ] GC(950) Concurrent Cleanup for Next Mark 0.186ms
[2026-06-17T10:02:29.822+0800][26.319s][info][gc             ] GC(950) Concurrent Mark Cycle 5.169ms
[2026-06-17T10:02:29.838+0800][26.334s][info][gc,start       ] GC(951) Pause Young (Prepare Mixed) (G1 Evacuation Pause)
[2026-06-17T10:02:29.838+0800][26.335s][info][gc,task        ] GC(951) Using 2 workers of 18 for evacuation
[2026-06-17T10:02:29.839+0800][26.336s][info][gc,phases      ] GC(951)   Pre Evacuate Collection Set: 0.10ms
[2026-06-17T10:02:29.839+0800][26.336s][info][gc,phases      ] GC(951)   Merge Heap Roots: 0.04ms
[2026-06-17T10:02:29.839+0800][26.336s][info][gc,phases      ] GC(951)   Evacuate Collection Set: 0.40ms
[2026-06-17T10:02:29.839+0800][26.336s][info][gc,phases      ] GC(951)   Post Evacuate Collection Set: 0.19ms
[2026-06-17T10:02:29.839+0800][26.336s][info][gc,phases      ] GC(951)   Other: 0.16ms
[2026-06-17T10:02:29.839+0800][26.336s][info][gc,heap        ] GC(951) Eden regions: 9->0(10)
[2026-06-17T10:02:29.839+0800][26.336s][info][gc,heap        ] GC(951) Survivor regions: 2->2(2)
[2026-06-17T10:02:29.840+0800][26.336s][info][gc,heap        ] GC(951) Old regions: 29->31
[2026-06-17T10:02:29.840+0800][26.337s][info][gc,heap        ] GC(951) Humongous regions: 10->10
[2026-06-17T10:02:29.840+0800][26.337s][info][gc,metaspace   ] GC(951) Metaspace: 113K(320K)->113K(320K) NonClass: 105K(192K)->105K(192K) Class: 7K(128K)->7K(128K)
[2026-06-17T10:02:29.840+0800][26.337s][info][gc             ] GC(951) Pause Young (Prepare Mixed) (G1 Evacuation Pause) 49M->42M(64M) 2.212ms
[2026-06-17T10:02:29.840+0800][26.337s][info][gc,cpu         ] GC(951) User=0.00s Sys=0.00s Real=0.00s
[2026-06-17T10:02:29.861+0800][26.358s][info][gc,start       ] GC(952) Pause Young (Mixed) (G1 Evacuation Pause)
[2026-06-17T10:02:29.862+0800][26.359s][info][gc,task        ] GC(952) Using 2 workers of 18 for evacuation
[2026-06-17T10:02:29.863+0800][26.360s][info][gc,phases      ] GC(952)   Pre Evacuate Collection Set: 0.13ms
[2026-06-17T10:02:29.863+0800][26.360s][info][gc,phases      ] GC(952)   Merge Heap Roots: 0.04ms
[2026-06-17T10:02:29.863+0800][26.360s][info][gc,phases      ] GC(952)   Evacuate Collection Set: 0.56ms
[2026-06-17T10:02:29.863+0800][26.360s][info][gc,phases      ] GC(952)   Post Evacuate Collection Set: 0.21ms
[2026-06-17T10:02:29.864+0800][26.360s][info][gc,phases      ] GC(952)   Other: 0.28ms
[2026-06-17T10:02:29.864+0800][26.361s][info][gc,heap        ] GC(952) Eden regions: 10->0(9)
[2026-06-17T10:02:29.864+0800][26.361s][info][gc,heap        ] GC(952) Survivor regions: 2->2(2)
[2026-06-17T10:02:29.864+0800][26.361s][info][gc,heap        ] GC(952) Old regions: 31->31
[2026-06-17T10:02:29.864+0800][26.361s][info][gc,heap        ] GC(952) Humongous regions: 10->10
[2026-06-17T10:02:29.864+0800][26.361s][info][gc,metaspace   ] GC(952) Metaspace: 113K(320K)->113K(320K) NonClass: 105K(192K)->105K(192K) Class: 7K(128K)->7K(128K)
[2026-06-17T10:02:29.865+0800][26.361s][info][gc             ] GC(952) Pause Young (Mixed) (G1 Evacuation Pause) 52M->41M(64M) 3.336ms
[2026-06-17T10:02:29.865+0800][26.362s][info][gc,cpu         ] GC(952) User=0.00s Sys=0.00s Real=0.01s
[2026-06-17T10:02:29.886+0800][26.383s][info][gc,start       ] GC(953) Pause Young (Mixed) (G1 Evacuation Pause)
[2026-06-17T10:02:29.886+0800][26.383s][info][gc,task        ] GC(953) Using 2 workers of 18 for evacuation
[2026-06-17T10:02:29.887+0800][26.384s][info][gc,phases      ] GC(953)   Pre Evacuate Collection Set: 0.16ms
[2026-06-17T10:02:29.887+0800][26.384s][info][gc,phases      ] GC(953)   Merge Heap Roots: 0.04ms
[2026-06-17T10:02:29.888+0800][26.385s][info][gc,phases      ] GC(953)   Evacuate Collection Set: 0.27ms
[2026-06-17T10:02:29.888+0800][26.385s][info][gc,phases      ] GC(953)   Post Evacuate Collection Set: 0.20ms
[2026-06-17T10:02:29.888+0800][26.385s][info][gc,phases      ] GC(953)   Other: 0.27ms
[2026-06-17T10:02:29.888+0800][26.385s][info][gc,heap        ] GC(953) Eden regions: 9->0(10)
[2026-06-17T10:02:29.888+0800][26.385s][info][gc,heap        ] GC(953) Survivor regions: 2->2(2)
[2026-06-17T10:02:29.888+0800][26.385s][info][gc,heap        ] GC(953) Old regions: 31->31
[2026-06-17T10:02:29.888+0800][26.385s][info][gc,heap        ] GC(953) Humongous regions: 10->10
[2026-06-17T10:02:29.888+0800][26.385s][info][gc,metaspace   ] GC(953) Metaspace: 113K(320K)->113K(320K) NonClass: 105K(192K)->105K(192K) Class: 7K(128K)->7K(128K)
[2026-06-17T10:02:29.888+0800][26.385s][info][gc             ] GC(953) Pause Young (Mixed) (G1 Evacuation Pause) 50M->41M(64M) 2.441ms
[2026-06-17T10:02:29.888+0800][26.385s][info][gc,cpu         ] GC(953) User=0.00s Sys=0.00s Real=0.00s
[2026-06-17T10:02:29.920+0800][26.417s][info][gc,start       ] GC(954) Pause Young (Normal) (G1 Evacuation Pause)
[2026-06-17T10:02:29.920+0800][26.417s][info][gc,task        ] GC(954) Using 2 workers of 18 for evacuation
[2026-06-17T10:02:29.921+0800][26.418s][info][gc,phases      ] GC(954)   Pre Evacuate Collection Set: 0.11ms
[2026-06-17T10:02:29.921+0800][26.418s][info][gc,phases      ] GC(954)   Merge Heap Roots: 0.04ms
[2026-06-17T10:02:29.921+0800][26.418s][info][gc,phases      ] GC(954)   Evacuate Collection Set: 0.33ms
[2026-06-17T10:02:29.922+0800][26.418s][info][gc,phases      ] GC(954)   Post Evacuate Collection Set: 0.26ms
[2026-06-17T10:02:29.922+0800][26.419s][info][gc,phases      ] GC(954)   Other: 0.16ms
[2026-06-17T10:02:29.922+0800][26.419s][info][gc,heap        ] GC(954) Eden regions: 10->0(8)
[2026-06-17T10:02:29.922+0800][26.419s][info][gc,heap        ] GC(954) Survivor regions: 2->2(2)
[2026-06-17T10:02:29.922+0800][26.419s][info][gc,heap        ] GC(954) Old regions: 31->34
[2026-06-17T10:02:29.922+0800][26.419s][info][gc,heap        ] GC(954) Humongous regions: 10->10
[2026-06-17T10:02:29.922+0800][26.419s][info][gc,metaspace   ] GC(954) Metaspace: 113K(320K)->113K(320K) NonClass: 105K(192K)->105K(192K) Class: 7K(128K)->7K(128K)
[2026-06-17T10:02:29.923+0800][26.419s][info][gc             ] GC(954) Pause Young (Normal) (G1 Evacuation Pause) 51M->45M(64M) 2.831ms
[2026-06-17T10:02:29.923+0800][26.420s][info][gc,cpu         ] GC(954) User=0.00s Sys=0.00s Real=0.01s
[2026-06-17T10:02:29.944+0800][26.441s][info][gc,start       ] GC(955) Pause Young (Concurrent Start) (G1 Evacuation Pause)
[2026-06-17T10:02:29.944+0800][26.441s][info][gc,task        ] GC(955) Using 2 workers of 18 for evacuation
[2026-06-17T10:02:29.945+0800][26.442s][info][gc,phases      ] GC(955)   Pre Evacuate Collection Set: 0.13ms
[2026-06-17T10:02:29.945+0800][26.442s][info][gc,phases      ] GC(955)   Merge Heap Roots: 0.05ms
[2026-06-17T10:02:29.945+0800][26.442s][info][gc,phases      ] GC(955)   Evacuate Collection Set: 0.34ms
[2026-06-17T10:02:29.945+0800][26.442s][info][gc,phases      ] GC(955)   Post Evacuate Collection Set: 0.21ms
[2026-06-17T10:02:29.946+0800][26.442s][info][gc,phases      ] GC(955)   Other: 0.20ms
[2026-06-17T10:02:29.946+0800][26.443s][info][gc,heap        ] GC(955) Eden regions: 8->0(6)
[2026-06-17T10:02:29.946+0800][26.443s][info][gc,heap        ] GC(955) Survivor regions: 2->2(2)
[2026-06-17T10:02:29.946+0800][26.443s][info][gc,heap        ] GC(955) Old regions: 34->37
[2026-06-17T10:02:29.946+0800][26.443s][info][gc,heap        ] GC(955) Humongous regions: 10->10
[2026-06-17T10:02:29.946+0800][26.443s][info][gc,metaspace   ] GC(955) Metaspace: 113K(320K)->113K(320K) NonClass: 105K(192K)->105K(192K) Class: 7K(128K)->7K(128K)
[2026-06-17T10:02:29.946+0800][26.443s][info][gc             ] GC(955) Pause Young (Concurrent Start) (G1 Evacuation Pause) 53M->48M(64M) 2.794ms
[2026-06-17T10:02:29.947+0800][26.443s][info][gc,cpu         ] GC(955) User=0.00s Sys=0.00s Real=0.00s
[2026-06-17T10:02:29.947+0800][26.443s][info][gc             ] GC(956) Concurrent Mark Cycle
[2026-06-17T10:02:29.947+0800][26.444s][info][gc,marking     ] GC(956) Concurrent Scan Root Regions
[2026-06-17T10:02:29.947+0800][26.444s][info][gc,marking     ] GC(956) Concurrent Scan Root Regions 0.165ms
[2026-06-17T10:02:29.947+0800][26.444s][info][gc,marking     ] GC(956) Concurrent Mark
[2026-06-17T10:02:29.947+0800][26.444s][info][gc,marking     ] GC(956) Concurrent Mark From Roots
[2026-06-17T10:02:29.947+0800][26.444s][info][gc,task        ] GC(956) Using 5 workers of 5 for marking
[2026-06-17T10:02:29.948+0800][26.445s][info][gc,marking     ] GC(956) Concurrent Mark From Roots 1.316ms
[2026-06-17T10:02:29.949+0800][26.445s][info][gc,marking     ] GC(956) Concurrent Preclean
[2026-06-17T10:02:29.949+0800][26.446s][info][gc,marking     ] GC(956) Concurrent Preclean 0.164ms
[2026-06-17T10:02:29.949+0800][26.446s][info][gc,start       ] GC(956) Pause Remark
[2026-06-17T10:02:29.949+0800][26.446s][info][gc             ] GC(956) Pause Remark 50M->41M(64M) 0.420ms
[2026-06-17T10:02:29.949+0800][26.446s][info][gc,cpu         ] GC(956) User=0.00s Sys=0.00s Real=0.00s
[2026-06-17T10:02:29.950+0800][26.446s][info][gc,marking     ] GC(956) Concurrent Mark 2.511ms
[2026-06-17T10:02:29.950+0800][26.447s][info][gc,marking     ] GC(956) Concurrent Rebuild Remembered Sets and Scrub Regions
[2026-06-17T10:02:29.950+0800][26.447s][info][gc,marking     ] GC(956) Concurrent Rebuild Remembered Sets and Scrub Regions 0.422ms
[2026-06-17T10:02:29.950+0800][26.447s][info][gc,start       ] GC(956) Pause Cleanup
[2026-06-17T10:02:29.950+0800][26.447s][info][gc             ] GC(956) Pause Cleanup 41M->41M(64M) 0.177ms
[2026-06-17T10:02:29.951+0800][26.447s][info][gc,cpu         ] GC(956) User=0.00s Sys=0.00s Real=0.01s
[2026-06-17T10:02:29.951+0800][26.447s][info][gc,marking     ] GC(956) Concurrent Clear Claimed Marks
[2026-06-17T10:02:29.951+0800][26.448s][info][gc,marking     ] GC(956) Concurrent Clear Claimed Marks 0.077ms
[2026-06-17T10:02:29.951+0800][26.448s][info][gc,marking     ] GC(956) Concurrent Cleanup for Next Mark
[2026-06-17T10:02:29.951+0800][26.448s][info][gc,marking     ] GC(956) Concurrent Cleanup for Next Mark 0.165ms
[2026-06-17T10:02:29.951+0800][26.448s][info][gc             ] GC(956) Concurrent Mark Cycle 4.444ms
[2026-06-17T10:02:29.957+0800][26.454s][info][gc,start       ] GC(957) Pause Young (Prepare Mixed) (G1 Evacuation Pause)
[2026-06-17T10:02:29.958+0800][26.455s][info][gc,task        ] GC(957) Using 2 workers of 18 for evacuation
[2026-06-17T10:02:29.959+0800][26.456s][info][gc,phases      ] GC(957)   Pre Evacuate Collection Set: 0.12ms
[2026-06-17T10:02:29.959+0800][26.456s][info][gc,phases      ] GC(957)   Merge Heap Roots: 0.05ms
[2026-06-17T10:02:29.959+0800][26.456s][info][gc,phases      ] GC(957)   Evacuate Collection Set: 0.34ms
[2026-06-17T10:02:29.959+0800][26.456s][info][gc,phases      ] GC(957)   Post Evacuate Collection Set: 0.28ms
[2026-06-17T10:02:29.959+0800][26.456s][info][gc,phases      ] GC(957)   Other: 0.27ms
[2026-06-17T10:02:29.959+0800][26.456s][info][gc,heap        ] GC(957) Eden regions: 6->0(12)
[2026-06-17T10:02:29.959+0800][26.456s][info][gc,heap        ] GC(957) Survivor regions: 2->1(1)
[2026-06-17T10:02:29.960+0800][26.456s][info][gc,heap        ] GC(957) Old regions: 28->29
[2026-06-17T10:02:29.960+0800][26.456s][info][gc,heap        ] GC(957) Humongous regions: 10->10
[2026-06-17T10:02:29.960+0800][26.457s][info][gc,metaspace   ] GC(957) Metaspace: 113K(320K)->113K(320K) NonClass: 105K(192K)->105K(192K) Class: 7K(128K)->7K(128K)
[2026-06-17T10:02:29.960+0800][26.457s][info][gc             ] GC(957) Pause Young (Prepare Mixed) (G1 Evacuation Pause) 44M->38M(64M) 2.516ms
[2026-06-17T10:02:29.960+0800][26.457s][info][gc,cpu         ] GC(957) User=0.00s Sys=0.00s Real=0.00s
[2026-06-17T10:02:29.991+0800][26.488s][info][gc,start       ] GC(958) Pause Young (Mixed) (G1 Evacuation Pause)
[2026-06-17T10:02:29.992+0800][26.488s][info][gc,task        ] GC(958) Using 2 workers of 18 for evacuation
[2026-06-17T10:02:29.993+0800][26.489s][info][gc,phases      ] GC(958)   Pre Evacuate Collection Set: 0.11ms
[2026-06-17T10:02:29.993+0800][26.490s][info][gc,phases      ] GC(958)   Merge Heap Roots: 0.04ms
[2026-06-17T10:02:29.993+0800][26.490s][info][gc,phases      ] GC(958)   Evacuate Collection Set: 0.49ms
[2026-06-17T10:02:29.993+0800][26.490s][info][gc,phases      ] GC(958)   Post Evacuate Collection Set: 0.15ms
[2026-06-17T10:02:29.993+0800][26.490s][info][gc,phases      ] GC(958)   Other: 0.19ms
[2026-06-17T10:02:29.993+0800][26.490s][info][gc,heap        ] GC(958) Eden regions: 12->0(12)
[2026-06-17T10:02:29.993+0800][26.490s][info][gc,heap        ] GC(958) Survivor regions: 1->2(2)
[2026-06-17T10:02:29.993+0800][26.490s][info][gc,heap        ] GC(958) Old regions: 29->28
[2026-06-17T10:02:29.993+0800][26.490s][info][gc,heap        ] GC(958) Humongous regions: 10->10
[2026-06-17T10:02:29.993+0800][26.490s][info][gc,metaspace   ] GC(958) Metaspace: 113K(320K)->113K(320K) NonClass: 105K(192K)->105K(192K) Class: 7K(128K)->7K(128K)
[2026-06-17T10:02:29.994+0800][26.490s][info][gc             ] GC(958) Pause Young (Mixed) (G1 Evacuation Pause) 50M->39M(64M) 2.253ms
[2026-06-17T10:02:29.994+0800][26.491s][info][gc,cpu         ] GC(958) User=0.01s Sys=0.00s Real=0.00s
[2026-06-17T10:02:30.025+0800][26.522s][info][gc,start       ] GC(959) Pause Young (Mixed) (G1 Evacuation Pause)
[2026-06-17T10:02:30.026+0800][26.523s][info][gc,task        ] GC(959) Using 2 workers of 18 for evacuation
[2026-06-17T10:02:30.027+0800][26.524s][info][gc,phases      ] GC(959)   Pre Evacuate Collection Set: 0.14ms
[2026-06-17T10:02:30.027+0800][26.524s][info][gc,phases      ] GC(959)   Merge Heap Roots: 0.04ms
[2026-06-17T10:02:30.028+0800][26.524s][info][gc,phases      ] GC(959)   Evacuate Collection Set: 0.61ms
[2026-06-17T10:02:30.028+0800][26.525s][info][gc,phases      ] GC(959)   Post Evacuate Collection Set: 0.18ms
[2026-06-17T10:02:30.028+0800][26.525s][info][gc,phases      ] GC(959)   Other: 0.23ms
[2026-06-17T10:02:30.028+0800][26.525s][info][gc,heap        ] GC(959) Eden regions: 12->0(9)
[2026-06-17T10:02:30.028+0800][26.525s][info][gc,heap        ] GC(959) Survivor regions: 2->2(2)
[2026-06-17T10:02:30.028+0800][26.525s][info][gc,heap        ] GC(959) Old regions: 28->31
[2026-06-17T10:02:30.028+0800][26.525s][info][gc,heap        ] GC(959) Humongous regions: 12->12
[2026-06-17T10:02:30.028+0800][26.525s][info][gc,metaspace   ] GC(959) Metaspace: 113K(320K)->113K(320K) NonClass: 105K(192K)->105K(192K) Class: 7K(128K)->7K(128K)
[2026-06-17T10:02:30.028+0800][26.525s][info][gc             ] GC(959) Pause Young (Mixed) (G1 Evacuation Pause) 53M->43M(64M) 2.880ms
[2026-06-17T10:02:30.028+0800][26.525s][info][gc,cpu         ] GC(959) User=0.00s Sys=0.00s Real=0.00s
[2026-06-17T10:02:30.050+0800][26.546s][info][gc,start       ] GC(960) Pause Young (Concurrent Start) (G1 Evacuation Pause)
[2026-06-17T10:02:30.056+0800][26.553s][info][gc,task        ] GC(960) Using 2 workers of 18 for evacuation
[2026-06-17T10:02:30.076+0800][26.573s][info][gc,phases      ] GC(960)   Pre Evacuate Collection Set: 0.21ms
[2026-06-17T10:02:30.127+0800][26.624s][info][gc,phases      ] GC(960)   Merge Heap Roots: 0.06ms
[2026-06-17T10:02:30.127+0800][26.624s][info][gc,phases      ] GC(960)   Evacuate Collection Set: 0.66ms
[2026-06-17T10:02:30.128+0800][26.625s][info][gc,phases      ] GC(960)   Post Evacuate Collection Set: 0.24ms
[2026-06-17T10:02:30.154+0800][26.651s][info][gc,phases      ] GC(960)   Other: 19.04ms
[2026-06-17T10:02:30.155+0800][26.651s][info][gc,heap        ] GC(960) Eden regions: 9->0(5)
[2026-06-17T10:02:30.155+0800][26.652s][info][gc,heap        ] GC(960) Survivor regions: 2->2(2)
[2026-06-17T10:02:30.156+0800][26.652s][info][gc,heap        ] GC(960) Old regions: 31->36
[2026-06-17T10:02:30.159+0800][26.656s][info][gc,heap        ] GC(960) Humongous regions: 12->12
[2026-06-17T10:02:30.163+0800][26.659s][info][gc,metaspace   ] GC(960) Metaspace: 113K(320K)->113K(320K) NonClass: 105K(192K)->105K(192K) Class: 7K(128K)->7K(128K)
[2026-06-17T10:02:30.165+0800][26.662s][info][gc             ] GC(960) Pause Young (Concurrent Start) (G1 Evacuation Pause) 52M->49M(64M) 115.085ms
[2026-06-17T10:02:30.165+0800][26.662s][info][gc,cpu         ] GC(960) User=0.00s Sys=0.00s Real=0.12s
[2026-06-17T10:02:30.165+0800][26.662s][info][gc             ] GC(961) Concurrent Mark Cycle
[2026-06-17T10:02:30.177+0800][26.674s][info][gc,marking     ] GC(961) Concurrent Scan Root Regions
[2026-06-17T10:02:30.179+0800][26.676s][info][gc,start       ] GC(962) Pause Young (Normal) (G1 Evacuation Pause)
[2026-06-17T10:02:30.180+0800][26.677s][info][gc,task        ] GC(962) Using 2 workers of 18 for evacuation
[2026-06-17T10:02:30.179+0800][26.676s][info][gc,marking     ] GC(961) Concurrent Scan Root Regions 2.555ms
[2026-06-17T10:02:30.184+0800][26.681s][info][gc,marking     ] GC(961) Concurrent Mark
[2026-06-17T10:02:30.184+0800][26.680s][info][gc,phases      ] GC(962)   Pre Evacuate Collection Set: 0.22ms
[2026-06-17T10:02:30.185+0800][26.682s][info][gc,phases      ] GC(962)   Merge Heap Roots: 0.06ms
[2026-06-17T10:02:30.185+0800][26.681s][info][gc,marking     ] GC(961) Concurrent Mark From Roots
[2026-06-17T10:02:30.188+0800][26.685s][info][gc,task        ] GC(961) Using 5 workers of 5 for marking
[2026-06-17T10:02:30.185+0800][26.682s][info][gc,phases      ] GC(962)   Evacuate Collection Set: 0.30ms
[2026-06-17T10:02:30.189+0800][26.686s][info][gc,phases      ] GC(962)   Post Evacuate Collection Set: 0.46ms
[2026-06-17T10:02:30.189+0800][26.686s][info][gc,phases      ] GC(962)   Other: 2.70ms
[2026-06-17T10:02:30.192+0800][26.689s][info][gc,heap        ] GC(962) Eden regions: 5->0(6)
[2026-06-17T10:02:30.192+0800][26.689s][info][gc,heap        ] GC(962) Survivor regions: 2->1(1)
[2026-06-17T10:02:30.193+0800][26.689s][info][gc,heap        ] GC(962) Old regions: 36->37
[2026-06-17T10:02:30.193+0800][26.690s][info][gc,heap        ] GC(962) Humongous regions: 12->12
[2026-06-17T10:02:30.193+0800][26.690s][info][gc,metaspace   ] GC(962) Metaspace: 113K(320K)->113K(320K) NonClass: 105K(192K)->105K(192K) Class: 7K(128K)->7K(128K)
[2026-06-17T10:02:30.193+0800][26.690s][info][gc             ] GC(962) Pause Young (Normal) (G1 Evacuation Pause) 54M->49M(64M) 14.361ms
[2026-06-17T10:02:30.193+0800][26.690s][info][gc,cpu         ] GC(962) User=0.01s Sys=0.00s Real=0.02s
[2026-06-17T10:02:30.195+0800][26.692s][info][gc,marking     ] GC(961) Concurrent Mark From Roots 10.423ms
[2026-06-17T10:02:30.195+0800][26.692s][info][gc,marking     ] GC(961) Concurrent Preclean
[2026-06-17T10:02:30.196+0800][26.693s][info][gc,marking     ] GC(961) Concurrent Preclean 0.353ms
[2026-06-17T10:02:30.196+0800][26.693s][info][gc,start       ] GC(961) Pause Remark
[2026-06-17T10:02:30.197+0800][26.694s][info][gc             ] GC(961) Pause Remark 50M->39M(64M) 0.840ms
[2026-06-17T10:02:30.197+0800][26.694s][info][gc,cpu         ] GC(961) User=0.00s Sys=0.00s Real=0.00s
[2026-06-17T10:02:30.198+0800][26.695s][info][gc,marking     ] GC(961) Concurrent Mark 13.706ms
[2026-06-17T10:02:30.199+0800][26.696s][info][gc,marking     ] GC(961) Concurrent Rebuild Remembered Sets and Scrub Regions
[2026-06-17T10:02:30.201+0800][26.698s][info][gc,marking     ] GC(961) Concurrent Rebuild Remembered Sets and Scrub Regions 1.849ms
[2026-06-17T10:02:30.204+0800][26.700s][info][gc,start       ] GC(961) Pause Cleanup
[2026-06-17T10:02:30.205+0800][26.702s][info][gc             ] GC(961) Pause Cleanup 39M->39M(64M) 1.615ms
[2026-06-17T10:02:30.206+0800][26.703s][info][gc,cpu         ] GC(961) User=0.00s Sys=0.00s Real=0.00s
[2026-06-17T10:02:30.207+0800][26.704s][info][gc,marking     ] GC(961) Concurrent Clear Claimed Marks
[2026-06-17T10:02:30.208+0800][26.705s][info][gc,marking     ] GC(961) Concurrent Clear Claimed Marks 0.790ms
[2026-06-17T10:02:30.208+0800][26.705s][info][gc,marking     ] GC(961) Concurrent Cleanup for Next Mark
[2026-06-17T10:02:30.209+0800][26.706s][info][gc,marking     ] GC(961) Concurrent Cleanup for Next Mark 1.085ms
[2026-06-17T10:02:30.210+0800][26.707s][info][gc             ] GC(961) Concurrent Mark Cycle 44.713ms
[2026-06-17T10:02:30.218+0800][26.714s][info][gc,start       ] GC(963) Pause Young (Prepare Mixed) (G1 Evacuation Pause)
[2026-06-17T10:02:30.221+0800][26.718s][info][gc,task        ] GC(963) Using 2 workers of 18 for evacuation
[2026-06-17T10:02:30.226+0800][26.723s][info][gc,phases      ] GC(963)   Pre Evacuate Collection Set: 0.22ms
[2026-06-17T10:02:30.229+0800][26.726s][info][gc,phases      ] GC(963)   Merge Heap Roots: 0.05ms
[2026-06-17T10:02:30.231+0800][26.728s][info][gc,phases      ] GC(963)   Evacuate Collection Set: 0.29ms
[2026-06-17T10:02:30.233+0800][26.730s][info][gc,phases      ] GC(963)   Post Evacuate Collection Set: 0.18ms
[2026-06-17T10:02:30.235+0800][26.732s][info][gc,phases      ] GC(963)   Other: 3.94ms
[2026-06-17T10:02:30.236+0800][26.733s][info][gc,heap        ] GC(963) Eden regions: 6->0(9)
[2026-06-17T10:02:30.238+0800][26.735s][info][gc,heap        ] GC(963) Survivor regions: 1->1(1)
[2026-06-17T10:02:30.242+0800][26.738s][info][gc,heap        ] GC(963) Old regions: 26->29
[2026-06-17T10:02:30.242+0800][26.739s][info][gc,heap        ] GC(963) Humongous regions: 12->12
[2026-06-17T10:02:30.243+0800][26.740s][info][gc,metaspace   ] GC(963) Metaspace: 113K(320K)->113K(320K) NonClass: 105K(192K)->105K(192K) Class: 7K(128K)->7K(128K)
[2026-06-17T10:02:30.244+0800][26.740s][info][gc             ] GC(963) Pause Young (Prepare Mixed) (G1 Evacuation Pause) 44M->41M(64M) 26.021ms
[2026-06-17T10:02:30.245+0800][26.742s][info][gc,cpu         ] GC(963) User=0.00s Sys=0.00s Real=0.03s
[2026-06-17T10:02:30.268+0800][26.765s][info][gc,start       ] GC(964) Pause Young (Mixed) (G1 Evacuation Pause)
[2026-06-17T10:02:30.273+0800][26.770s][info][gc,task        ] GC(964) Using 2 workers of 18 for evacuation
[2026-06-17T10:02:30.274+0800][26.771s][info][gc,phases      ] GC(964)   Pre Evacuate Collection Set: 0.14ms
[2026-06-17T10:02:30.275+0800][26.772s][info][gc,phases      ] GC(964)   Merge Heap Roots: 0.06ms
[2026-06-17T10:02:30.276+0800][26.773s][info][gc,phases      ] GC(964)   Evacuate Collection Set: 0.41ms
[2026-06-17T10:02:30.277+0800][26.774s][info][gc,phases      ] GC(964)   Post Evacuate Collection Set: 0.18ms
[2026-06-17T10:02:30.278+0800][26.775s][info][gc,phases      ] GC(964)   Other: 0.44ms
[2026-06-17T10:02:30.279+0800][26.776s][info][gc,heap        ] GC(964) Eden regions: 9->0(9)
[2026-06-17T10:02:30.280+0800][26.777s][info][gc,heap        ] GC(964) Survivor regions: 1->2(2)
[2026-06-17T10:02:30.281+0800][26.778s][info][gc,heap        ] GC(964) Old regions: 29->26
[2026-06-17T10:02:30.283+0800][26.780s][info][gc,heap        ] GC(964) Humongous regions: 12->12
[2026-06-17T10:02:30.285+0800][26.782s][info][gc,metaspace   ] GC(964) Metaspace: 113K(320K)->113K(320K) NonClass: 105K(192K)->105K(192K) Class: 7K(128K)->7K(128K)
[2026-06-17T10:02:30.286+0800][26.783s][info][gc             ] GC(964) Pause Young (Mixed) (G1 Evacuation Pause) 50M->39M(64M) 17.841ms
[2026-06-17T10:02:30.288+0800][26.785s][info][gc,cpu         ] GC(964) User=0.00s Sys=0.00s Real=0.02s
[2026-06-17T10:02:30.310+0800][26.807s][info][gc,start       ] GC(965) Pause Young (Mixed) (G1 Evacuation Pause)
[2026-06-17T10:02:30.311+0800][26.808s][info][gc,task        ] GC(965) Using 2 workers of 18 for evacuation
[2026-06-17T10:02:30.314+0800][26.811s][info][gc,phases      ] GC(965)   Pre Evacuate Collection Set: 0.11ms
[2026-06-17T10:02:30.316+0800][26.813s][info][gc,phases      ] GC(965)   Merge Heap Roots: 0.06ms
[2026-06-17T10:02:30.317+0800][26.814s][info][gc,phases      ] GC(965)   Evacuate Collection Set: 0.25ms
[2026-06-17T10:02:30.318+0800][26.815s][info][gc,phases      ] GC(965)   Post Evacuate Collection Set: 0.19ms
[2026-06-17T10:02:30.320+0800][26.817s][info][gc,phases      ] GC(965)   Other: 2.01ms
[2026-06-17T10:02:30.321+0800][26.818s][info][gc,heap        ] GC(965) Eden regions: 9->0(10)
[2026-06-17T10:02:30.322+0800][26.819s][info][gc,heap        ] GC(965) Survivor regions: 2->2(2)
[2026-06-17T10:02:30.323+0800][26.820s][info][gc,heap        ] GC(965) Old regions: 26->26
[2026-06-17T10:02:30.324+0800][26.821s][info][gc,heap        ] GC(965) Humongous regions: 12->12
[2026-06-17T10:02:30.326+0800][26.823s][info][gc,metaspace   ] GC(965) Metaspace: 113K(320K)->113K(320K) NonClass: 105K(192K)->105K(192K) Class: 7K(128K)->7K(128K)
[2026-06-17T10:02:30.328+0800][26.824s][info][gc             ] GC(965) Pause Young (Mixed) (G1 Evacuation Pause) 48M->38M(64M) 17.470ms
[2026-06-17T10:02:30.328+0800][26.825s][info][gc,cpu         ] GC(965) User=0.00s Sys=0.00s Real=0.02s
[2026-06-17T10:02:30.360+0800][26.857s][info][gc,start       ] GC(966) Pause Young (Normal) (G1 Evacuation Pause)
[2026-06-17T10:02:30.360+0800][26.857s][info][gc,task        ] GC(966) Using 2 workers of 18 for evacuation
[2026-06-17T10:02:30.361+0800][26.858s][info][gc,phases      ] GC(966)   Pre Evacuate Collection Set: 0.15ms
[2026-06-17T10:02:30.361+0800][26.858s][info][gc,phases      ] GC(966)   Merge Heap Roots: 0.04ms
[2026-06-17T10:02:30.362+0800][26.858s][info][gc,phases      ] GC(966)   Evacuate Collection Set: 0.36ms
[2026-06-17T10:02:30.362+0800][26.859s][info][gc,phases      ] GC(966)   Post Evacuate Collection Set: 0.20ms
[2026-06-17T10:02:30.362+0800][26.859s][info][gc,phases      ] GC(966)   Other: 0.30ms
[2026-06-17T10:02:30.362+0800][26.859s][info][gc,heap        ] GC(966) Eden regions: 10->0(9)
[2026-06-17T10:02:30.362+0800][26.859s][info][gc,heap        ] GC(966) Survivor regions: 2->2(2)
[2026-06-17T10:02:30.362+0800][26.859s][info][gc,heap        ] GC(966) Old regions: 26->29
[2026-06-17T10:02:30.362+0800][26.859s][info][gc,heap        ] GC(966) Humongous regions: 12->12
[2026-06-17T10:02:30.362+0800][26.859s][info][gc,metaspace   ] GC(966) Metaspace: 113K(320K)->113K(320K) NonClass: 105K(192K)->105K(192K) Class: 7K(128K)->7K(128K)
[2026-06-17T10:02:30.362+0800][26.859s][info][gc             ] GC(966) Pause Young (Normal) (G1 Evacuation Pause) 48M->42M(64M) 2.654ms
[2026-06-17T10:02:30.363+0800][26.859s][info][gc,cpu         ] GC(966) User=0.00s Sys=0.00s Real=0.01s
[2026-06-17T10:02:30.384+0800][26.880s][info][gc,start       ] GC(967) Pause Young (Normal) (G1 Evacuation Pause)
[2026-06-17T10:02:30.384+0800][26.881s][info][gc,task        ] GC(967) Using 2 workers of 18 for evacuation
[2026-06-17T10:02:30.385+0800][26.882s][info][gc,phases      ] GC(967)   Pre Evacuate Collection Set: 0.12ms
[2026-06-17T10:02:30.385+0800][26.882s][info][gc,phases      ] GC(967)   Merge Heap Roots: 0.04ms
[2026-06-17T10:02:30.385+0800][26.882s][info][gc,phases      ] GC(967)   Evacuate Collection Set: 0.37ms
[2026-06-17T10:02:30.385+0800][26.882s][info][gc,phases      ] GC(967)   Post Evacuate Collection Set: 0.20ms
[2026-06-17T10:02:30.385+0800][26.882s][info][gc,phases      ] GC(967)   Other: 0.26ms
[2026-06-17T10:02:30.385+0800][26.882s][info][gc,heap        ] GC(967) Eden regions: 9->0(8)
[2026-06-17T10:02:30.385+0800][26.882s][info][gc,heap        ] GC(967) Survivor regions: 2->2(2)
[2026-06-17T10:02:30.386+0800][26.882s][info][gc,heap        ] GC(967) Old regions: 29->32
[2026-06-17T10:02:30.386+0800][26.883s][info][gc,heap        ] GC(967) Humongous regions: 12->12
[2026-06-17T10:02:30.386+0800][26.883s][info][gc,metaspace   ] GC(967) Metaspace: 113K(320K)->113K(320K) NonClass: 105K(192K)->105K(192K) Class: 7K(128K)->7K(128K)
[2026-06-17T10:02:30.386+0800][26.883s][info][gc             ] GC(967) Pause Young (Normal) (G1 Evacuation Pause) 51M->45M(64M) 2.298ms
[2026-06-17T10:02:30.386+0800][26.883s][info][gc,cpu         ] GC(967) User=0.00s Sys=0.00s Real=0.00s
[2026-06-17T10:02:30.407+0800][26.904s][info][gc,start       ] GC(968) Pause Young (Concurrent Start) (G1 Evacuation Pause)
[2026-06-17T10:02:30.408+0800][26.904s][info][gc,task        ] GC(968) Using 2 workers of 18 for evacuation
[2026-06-17T10:02:30.408+0800][26.905s][info][gc,phases      ] GC(968)   Pre Evacuate Collection Set: 0.16ms
[2026-06-17T10:02:30.409+0800][26.906s][info][gc,phases      ] GC(968)   Merge Heap Roots: 0.04ms
[2026-06-17T10:02:30.409+0800][26.906s][info][gc,phases      ] GC(968)   Evacuate Collection Set: 0.34ms
[2026-06-17T10:02:30.409+0800][26.906s][info][gc,phases      ] GC(968)   Post Evacuate Collection Set: 0.17ms
[2026-06-17T10:02:30.409+0800][26.906s][info][gc,phases      ] GC(968)   Other: 0.22ms
[2026-06-17T10:02:30.409+0800][26.906s][info][gc,heap        ] GC(968) Eden regions: 8->0(6)
[2026-06-17T10:02:30.409+0800][26.906s][info][gc,heap        ] GC(968) Survivor regions: 2->2(2)
[2026-06-17T10:02:30.409+0800][26.906s][info][gc,heap        ] GC(968) Old regions: 32->35
[2026-06-17T10:02:30.409+0800][26.906s][info][gc,heap        ] GC(968) Humongous regions: 12->12
[2026-06-17T10:02:30.410+0800][26.906s][info][gc,metaspace   ] GC(968) Metaspace: 113K(320K)->113K(320K) NonClass: 105K(192K)->105K(192K) Class: 7K(128K)->7K(128K)
[2026-06-17T10:02:30.410+0800][26.906s][info][gc             ] GC(968) Pause Young (Concurrent Start) (G1 Evacuation Pause) 53M->48M(64M) 2.466ms
[2026-06-17T10:02:30.410+0800][26.907s][info][gc,cpu         ] GC(968) User=0.01s Sys=0.00s Real=0.00s
[2026-06-17T10:02:30.410+0800][26.907s][info][gc             ] GC(969) Concurrent Mark Cycle
[2026-06-17T10:02:30.410+0800][26.907s][info][gc,marking     ] GC(969) Concurrent Scan Root Regions
[2026-06-17T10:02:30.410+0800][26.907s][info][gc,marking     ] GC(969) Concurrent Scan Root Regions 0.171ms
[2026-06-17T10:02:30.410+0800][26.907s][info][gc,marking     ] GC(969) Concurrent Mark
[2026-06-17T10:02:30.411+0800][26.907s][info][gc,marking     ] GC(969) Concurrent Mark From Roots
[2026-06-17T10:02:30.411+0800][26.908s][info][gc,task        ] GC(969) Using 5 workers of 5 for marking
[2026-06-17T10:02:30.412+0800][26.909s][info][gc,marking     ] GC(969) Concurrent Mark From Roots 1.658ms
[2026-06-17T10:02:30.412+0800][26.909s][info][gc,marking     ] GC(969) Concurrent Preclean
[2026-06-17T10:02:30.412+0800][26.909s][info][gc,marking     ] GC(969) Concurrent Preclean 0.115ms
[2026-06-17T10:02:30.413+0800][26.910s][info][gc,start       ] GC(969) Pause Remark
[2026-06-17T10:02:30.413+0800][26.910s][info][gc             ] GC(969) Pause Remark 50M->36M(64M) 0.663ms
[2026-06-17T10:02:30.413+0800][26.910s][info][gc,cpu         ] GC(969) User=0.00s Sys=0.00s Real=0.00s
[2026-06-17T10:02:30.414+0800][26.911s][info][gc,marking     ] GC(969) Concurrent Mark 3.387ms
[2026-06-17T10:02:30.414+0800][26.911s][info][gc,marking     ] GC(969) Concurrent Rebuild Remembered Sets and Scrub Regions
[2026-06-17T10:02:30.414+0800][26.911s][info][gc,marking     ] GC(969) Concurrent Rebuild Remembered Sets and Scrub Regions 0.536ms
[2026-06-17T10:02:30.415+0800][26.912s][info][gc,start       ] GC(969) Pause Cleanup
[2026-06-17T10:02:30.415+0800][26.912s][info][gc             ] GC(969) Pause Cleanup 36M->36M(64M) 0.204ms
[2026-06-17T10:02:30.415+0800][26.912s][info][gc,cpu         ] GC(969) User=0.00s Sys=0.00s Real=0.00s
[2026-06-17T10:02:30.415+0800][26.912s][info][gc,marking     ] GC(969) Concurrent Clear Claimed Marks
[2026-06-17T10:02:30.415+0800][26.912s][info][gc,marking     ] GC(969) Concurrent Clear Claimed Marks 0.112ms
[2026-06-17T10:02:30.415+0800][26.912s][info][gc,marking     ] GC(969) Concurrent Cleanup for Next Mark
[2026-06-17T10:02:30.415+0800][26.912s][info][gc,marking     ] GC(969) Concurrent Cleanup for Next Mark 0.163ms
[2026-06-17T10:02:30.416+0800][26.912s][info][gc             ] GC(969) Concurrent Mark Cycle 5.848ms
[2026-06-17T10:02:30.431+0800][26.928s][info][gc,start       ] GC(970) Pause Young (Prepare Mixed) (G1 Evacuation Pause)
[2026-06-17T10:02:30.431+0800][26.928s][info][gc,task        ] GC(970) Using 2 workers of 18 for evacuation
[2026-06-17T10:02:30.433+0800][26.930s][info][gc,phases      ] GC(970)   Pre Evacuate Collection Set: 0.12ms
[2026-06-17T10:02:30.433+0800][26.930s][info][gc,phases      ] GC(970)   Merge Heap Roots: 0.07ms
[2026-06-17T10:02:30.435+0800][26.932s][info][gc,phases      ] GC(970)   Evacuate Collection Set: 0.24ms
[2026-06-17T10:02:30.435+0800][26.932s][info][gc,phases      ] GC(970)   Post Evacuate Collection Set: 0.19ms
[2026-06-17T10:02:30.435+0800][26.932s][info][gc,phases      ] GC(970)   Other: 0.94ms
[2026-06-17T10:02:30.437+0800][26.933s][info][gc,heap        ] GC(970) Eden regions: 6->0(14)
[2026-06-17T10:02:30.437+0800][26.934s][info][gc,heap        ] GC(970) Survivor regions: 2->1(1)
[2026-06-17T10:02:30.437+0800][26.934s][info][gc,heap        ] GC(970) Old regions: 21->22
[2026-06-17T10:02:30.440+0800][26.937s][info][gc,heap        ] GC(970) Humongous regions: 13->13
[2026-06-17T10:02:30.442+0800][26.939s][info][gc,metaspace   ] GC(970) Metaspace: 113K(320K)->113K(320K) NonClass: 105K(192K)->105K(192K) Class: 7K(128K)->7K(128K)
[2026-06-17T10:02:30.444+0800][26.941s][info][gc             ] GC(970) Pause Young (Prepare Mixed) (G1 Evacuation Pause) 41M->35M(64M) 13.044ms
[2026-06-17T10:02:30.445+0800][26.942s][info][gc,cpu         ] GC(970) User=0.00s Sys=0.00s Real=0.01s
[2026-06-17T10:02:30.478+0800][26.975s][info][gc,start       ] GC(971) Pause Young (Mixed) (G1 Evacuation Pause)
[2026-06-17T10:02:30.479+0800][26.976s][info][gc,task        ] GC(971) Using 2 workers of 18 for evacuation
[2026-06-17T10:02:30.480+0800][26.977s][info][gc,phases      ] GC(971)   Pre Evacuate Collection Set: 0.15ms
[2026-06-17T10:02:30.481+0800][26.978s][info][gc,phases      ] GC(971)   Merge Heap Roots: 0.06ms
[2026-06-17T10:02:30.481+0800][26.978s][info][gc,phases      ] GC(971)   Evacuate Collection Set: 0.74ms
[2026-06-17T10:02:30.481+0800][26.978s][info][gc,phases      ] GC(971)   Post Evacuate Collection Set: 0.20ms
[2026-06-17T10:02:30.481+0800][26.978s][info][gc,phases      ] GC(971)   Other: 0.30ms
[2026-06-17T10:02:30.481+0800][26.978s][info][gc,heap        ] GC(971) Eden regions: 14->0(14)
[2026-06-17T10:02:30.481+0800][26.978s][info][gc,heap        ] GC(971) Survivor regions: 1->2(2)
[2026-06-17T10:02:30.482+0800][26.979s][info][gc,heap        ] GC(971) Old regions: 22->21
[2026-06-17T10:02:30.482+0800][26.979s][info][gc,heap        ] GC(971) Humongous regions: 13->13
[2026-06-17T10:02:30.482+0800][26.979s][info][gc,metaspace   ] GC(971) Metaspace: 113K(320K)->113K(320K) NonClass: 105K(192K)->105K(192K) Class: 7K(128K)->7K(128K)
[2026-06-17T10:02:30.482+0800][26.979s][info][gc             ] GC(971) Pause Young (Mixed) (G1 Evacuation Pause) 49M->35M(64M) 3.590ms
[2026-06-17T10:02:30.482+0800][26.979s][info][gc,cpu         ] GC(971) User=0.01s Sys=0.00s Real=0.00s
[2026-06-17T10:02:30.514+0800][27.011s][info][gc,start       ] GC(972) Pause Young (Mixed) (G1 Evacuation Pause)
[2026-06-17T10:02:30.516+0800][27.013s][info][gc,task        ] GC(972) Using 2 workers of 18 for evacuation
[2026-06-17T10:02:30.518+0800][27.015s][info][gc,phases      ] GC(972)   Pre Evacuate Collection Set: 0.12ms
[2026-06-17T10:02:30.519+0800][27.016s][info][gc,phases      ] GC(972)   Merge Heap Roots: 0.18ms
[2026-06-17T10:02:30.522+0800][27.019s][info][gc,phases      ] GC(972)   Evacuate Collection Set: 0.57ms
[2026-06-17T10:02:30.522+0800][27.019s][info][gc,phases      ] GC(972)   Post Evacuate Collection Set: 0.31ms
[2026-06-17T10:02:30.523+0800][27.019s][info][gc,phases      ] GC(972)   Other: 0.70ms
[2026-06-17T10:02:30.523+0800][27.020s][info][gc,heap        ] GC(972) Eden regions: 14->0(12)
[2026-06-17T10:02:30.523+0800][27.020s][info][gc,heap        ] GC(972) Survivor regions: 2->2(2)
[2026-06-17T10:02:30.523+0800][27.020s][info][gc,heap        ] GC(972) Old regions: 21->24
[2026-06-17T10:02:30.524+0800][27.021s][info][gc,heap        ] GC(972) Humongous regions: 13->13
[2026-06-17T10:02:30.524+0800][27.021s][info][gc,metaspace   ] GC(972) Metaspace: 113K(320K)->113K(320K) NonClass: 105K(192K)->105K(192K) Class: 7K(128K)->7K(128K)
[2026-06-17T10:02:30.524+0800][27.021s][info][gc             ] GC(972) Pause Young (Mixed) (G1 Evacuation Pause) 49M->38M(64M) 10.245ms
[2026-06-17T10:02:30.524+0800][27.021s][info][gc,cpu         ] GC(972) User=0.00s Sys=0.00s Real=0.01s
[2026-06-17T10:02:30.556+0800][27.053s][info][gc,start       ] GC(973) Pause Young (Normal) (G1 Evacuation Pause)
[2026-06-17T10:02:30.556+0800][27.053s][info][gc,task        ] GC(973) Using 2 workers of 18 for evacuation
[2026-06-17T10:02:30.557+0800][27.054s][info][gc,phases      ] GC(973)   Pre Evacuate Collection Set: 0.12ms
[2026-06-17T10:02:30.557+0800][27.054s][info][gc,phases      ] GC(973)   Merge Heap Roots: 0.04ms
[2026-06-17T10:02:30.557+0800][27.054s][info][gc,phases      ] GC(973)   Evacuate Collection Set: 0.23ms
[2026-06-17T10:02:30.558+0800][27.055s][info][gc,phases      ] GC(973)   Post Evacuate Collection Set: 0.17ms
[2026-06-17T10:02:30.558+0800][27.055s][info][gc,phases      ] GC(973)   Other: 0.19ms
[2026-06-17T10:02:30.558+0800][27.055s][info][gc,heap        ] GC(973) Eden regions: 12->0(12)
[2026-06-17T10:02:30.558+0800][27.055s][info][gc,heap        ] GC(973) Survivor regions: 2->2(2)
[2026-06-17T10:02:30.558+0800][27.055s][info][gc,heap        ] GC(973) Old regions: 24->26
[2026-06-17T10:02:30.559+0800][27.055s][info][gc,heap        ] GC(973) Humongous regions: 13->13
[2026-06-17T10:02:30.559+0800][27.056s][info][gc,metaspace   ] GC(973) Metaspace: 113K(320K)->113K(320K) NonClass: 105K(192K)->105K(192K) Class: 7K(128K)->7K(128K)
[2026-06-17T10:02:30.559+0800][27.056s][info][gc             ] GC(973) Pause Young (Normal) (G1 Evacuation Pause) 50M->39M(64M) 3.091ms
[2026-06-17T10:02:30.559+0800][27.056s][info][gc,cpu         ] GC(973) User=0.00s Sys=0.00s Real=0.00s
[2026-06-17T10:02:30.591+0800][27.088s][info][gc,start       ] GC(974) Pause Young (Concurrent Start) (G1 Evacuation Pause)
[2026-06-17T10:02:30.591+0800][27.088s][info][gc,task        ] GC(974) Using 2 workers of 18 for evacuation
[2026-06-17T10:02:30.592+0800][27.089s][info][gc,phases      ] GC(974)   Pre Evacuate Collection Set: 0.16ms
[2026-06-17T10:02:30.592+0800][27.089s][info][gc,phases      ] GC(974)   Merge Heap Roots: 0.03ms
[2026-06-17T10:02:30.592+0800][27.089s][info][gc,phases      ] GC(974)   Evacuate Collection Set: 0.25ms
[2026-06-17T10:02:30.593+0800][27.089s][info][gc,phases      ] GC(974)   Post Evacuate Collection Set: 0.16ms
[2026-06-17T10:02:30.593+0800][27.090s][info][gc,phases      ] GC(974)   Other: 0.38ms
[2026-06-17T10:02:30.593+0800][27.090s][info][gc,heap        ] GC(974) Eden regions: 12->0(11)
[2026-06-17T10:02:30.593+0800][27.090s][info][gc,heap        ] GC(974) Survivor regions: 2->2(2)
[2026-06-17T10:02:30.593+0800][27.090s][info][gc,heap        ] GC(974) Old regions: 26->28
[2026-06-17T10:02:30.593+0800][27.090s][info][gc,heap        ] GC(974) Humongous regions: 13->13
[2026-06-17T10:02:30.593+0800][27.090s][info][gc,metaspace   ] GC(974) Metaspace: 113K(320K)->113K(320K) NonClass: 105K(192K)->105K(192K) Class: 7K(128K)->7K(128K)
[2026-06-17T10:02:30.593+0800][27.090s][info][gc             ] GC(974) Pause Young (Concurrent Start) (G1 Evacuation Pause) 51M->41M(64M) 2.429ms
[2026-06-17T10:02:30.593+0800][27.090s][info][gc,cpu         ] GC(974) User=0.00s Sys=0.00s Real=0.00s
[2026-06-17T10:02:30.593+0800][27.090s][info][gc             ] GC(975) Concurrent Mark Cycle
[2026-06-17T10:02:30.594+0800][27.090s][info][gc,marking     ] GC(975) Concurrent Scan Root Regions
[2026-06-17T10:02:30.594+0800][27.091s][info][gc,marking     ] GC(975) Concurrent Scan Root Regions 0.305ms
[2026-06-17T10:02:30.594+0800][27.091s][info][gc,marking     ] GC(975) Concurrent Mark
[2026-06-17T10:02:30.594+0800][27.091s][info][gc,marking     ] GC(975) Concurrent Mark From Roots
[2026-06-17T10:02:30.595+0800][27.091s][info][gc,task        ] GC(975) Using 5 workers of 5 for marking
[2026-06-17T10:02:30.596+0800][27.093s][info][gc,marking     ] GC(975) Concurrent Mark From Roots 1.780ms
[2026-06-17T10:02:30.596+0800][27.093s][info][gc,marking     ] GC(975) Concurrent Preclean
[2026-06-17T10:02:30.596+0800][27.093s][info][gc,marking     ] GC(975) Concurrent Preclean 0.105ms
[2026-06-17T10:02:30.597+0800][27.093s][info][gc,start       ] GC(975) Pause Remark
[2026-06-17T10:02:30.597+0800][27.094s][info][gc             ] GC(975) Pause Remark 42M->41M(64M) 0.714ms
[2026-06-17T10:02:30.597+0800][27.094s][info][gc,cpu         ] GC(975) User=0.00s Sys=0.00s Real=0.00s
[2026-06-17T10:02:30.598+0800][27.094s][info][gc,marking     ] GC(975) Concurrent Mark 3.556ms
[2026-06-17T10:02:30.598+0800][27.095s][info][gc,marking     ] GC(975) Concurrent Rebuild Remembered Sets and Scrub Regions
[2026-06-17T10:02:30.598+0800][27.095s][info][gc,marking     ] GC(975) Concurrent Rebuild Remembered Sets and Scrub Regions 0.483ms
[2026-06-17T10:02:30.598+0800][27.095s][info][gc,start       ] GC(975) Pause Cleanup
[2026-06-17T10:02:30.599+0800][27.095s][info][gc             ] GC(975) Pause Cleanup 41M->41M(64M) 0.151ms
[2026-06-17T10:02:30.599+0800][27.096s][info][gc,cpu         ] GC(975) User=0.00s Sys=0.00s Real=0.00s
[2026-06-17T10:02:30.599+0800][27.096s][info][gc,marking     ] GC(975) Concurrent Clear Claimed Marks
[2026-06-17T10:02:30.599+0800][27.096s][info][gc,marking     ] GC(975) Concurrent Clear Claimed Marks 0.078ms
[2026-06-17T10:02:30.599+0800][27.096s][info][gc,marking     ] GC(975) Concurrent Cleanup for Next Mark
[2026-06-17T10:02:30.599+0800][27.096s][info][gc,marking     ] GC(975) Concurrent Cleanup for Next Mark 0.149ms
[2026-06-17T10:02:30.599+0800][27.096s][info][gc             ] GC(975) Concurrent Mark Cycle 5.850ms
[2026-06-17T10:02:30.625+0800][27.122s][info][gc,start       ] GC(976) Pause Young (Prepare Mixed) (G1 Evacuation Pause)
[2026-06-17T10:02:30.625+0800][27.122s][info][gc,task        ] GC(976) Using 2 workers of 18 for evacuation
[2026-06-17T10:02:30.627+0800][27.123s][info][gc,phases      ] GC(976)   Pre Evacuate Collection Set: 0.15ms
[2026-06-17T10:02:30.627+0800][27.124s][info][gc,phases      ] GC(976)   Merge Heap Roots: 0.06ms
[2026-06-17T10:02:30.627+0800][27.124s][info][gc,phases      ] GC(976)   Evacuate Collection Set: 0.39ms
[2026-06-17T10:02:30.627+0800][27.124s][info][gc,phases      ] GC(976)   Post Evacuate Collection Set: 0.19ms
[2026-06-17T10:02:30.627+0800][27.124s][info][gc,phases      ] GC(976)   Other: 0.31ms
[2026-06-17T10:02:30.628+0800][27.124s][info][gc,heap        ] GC(976) Eden regions: 11->0(9)
[2026-06-17T10:02:30.628+0800][27.124s][info][gc,heap        ] GC(976) Survivor regions: 2->2(2)
[2026-06-17T10:02:30.628+0800][27.125s][info][gc,heap        ] GC(976) Old regions: 27->31
[2026-06-17T10:02:30.628+0800][27.125s][info][gc,heap        ] GC(976) Humongous regions: 13->13
[2026-06-17T10:02:30.628+0800][27.125s][info][gc,metaspace   ] GC(976) Metaspace: 113K(320K)->113K(320K) NonClass: 105K(192K)->105K(192K) Class: 7K(128K)->7K(128K)
[2026-06-17T10:02:30.628+0800][27.125s][info][gc             ] GC(976) Pause Young (Prepare Mixed) (G1 Evacuation Pause) 51M->45M(64M) 3.154ms
[2026-06-17T10:02:30.628+0800][27.125s][info][gc,cpu         ] GC(976) User=0.00s Sys=0.00s Real=0.00s
[2026-06-17T10:02:30.649+0800][27.146s][info][gc,start       ] GC(977) Pause Young (Mixed) (G1 Evacuation Pause)
[2026-06-17T10:02:30.650+0800][27.146s][info][gc,task        ] GC(977) Using 2 workers of 18 for evacuation
[2026-06-17T10:02:30.651+0800][27.148s][info][gc,phases      ] GC(977)   Pre Evacuate Collection Set: 0.14ms
[2026-06-17T10:02:30.651+0800][27.148s][info][gc,phases      ] GC(977)   Merge Heap Roots: 0.06ms
[2026-06-17T10:02:30.651+0800][27.148s][info][gc,phases      ] GC(977)   Evacuate Collection Set: 0.65ms
[2026-06-17T10:02:30.652+0800][27.148s][info][gc,phases      ] GC(977)   Post Evacuate Collection Set: 0.24ms
[2026-06-17T10:02:30.652+0800][27.149s][info][gc,phases      ] GC(977)   Other: 0.32ms
[2026-06-17T10:02:30.652+0800][27.149s][info][gc,heap        ] GC(977) Eden regions: 9->0(7)
[2026-06-17T10:02:30.652+0800][27.149s][info][gc,heap        ] GC(977) Survivor regions: 2->2(2)
[2026-06-17T10:02:30.652+0800][27.149s][info][gc,heap        ] GC(977) Old regions: 31->32
[2026-06-17T10:02:30.652+0800][27.149s][info][gc,heap        ] GC(977) Humongous regions: 14->14
[2026-06-17T10:02:30.652+0800][27.149s][info][gc,metaspace   ] GC(977) Metaspace: 113K(320K)->113K(320K) NonClass: 105K(192K)->105K(192K) Class: 7K(128K)->7K(128K)
[2026-06-17T10:02:30.652+0800][27.149s][info][gc             ] GC(977) Pause Young (Mixed) (G1 Evacuation Pause) (Evacuation Failure) 55M->47M(64M) 3.006ms
[2026-06-17T10:02:30.652+0800][27.149s][info][gc,cpu         ] GC(977) User=0.00s Sys=0.00s Real=0.01s
[2026-06-17T10:02:30.673+0800][27.170s][info][gc,start       ] GC(978) Pause Young (Mixed) (G1 Evacuation Pause)
[2026-06-17T10:02:30.674+0800][27.171s][info][gc,task        ] GC(978) Using 2 workers of 18 for evacuation
[2026-06-17T10:02:30.675+0800][27.172s][info][gc,phases      ] GC(978)   Pre Evacuate Collection Set: 0.15ms
[2026-06-17T10:02:30.675+0800][27.172s][info][gc,phases      ] GC(978)   Merge Heap Roots: 0.04ms
[2026-06-17T10:02:30.675+0800][27.172s][info][gc,phases      ] GC(978)   Evacuate Collection Set: 0.48ms
[2026-06-17T10:02:30.676+0800][27.172s][info][gc,phases      ] GC(978)   Post Evacuate Collection Set: 0.18ms
[2026-06-17T10:02:30.676+0800][27.173s][info][gc,phases      ] GC(978)   Other: 0.30ms
[2026-06-17T10:02:30.676+0800][27.173s][info][gc,heap        ] GC(978) Eden regions: 7->0(6)
[2026-06-17T10:02:30.676+0800][27.173s][info][gc,heap        ] GC(978) Survivor regions: 2->2(2)
[2026-06-17T10:02:30.676+0800][27.173s][info][gc,heap        ] GC(978) Old regions: 32->33
[2026-06-17T10:02:30.676+0800][27.173s][info][gc,heap        ] GC(978) Humongous regions: 14->14
[2026-06-17T10:02:30.676+0800][27.173s][info][gc,metaspace   ] GC(978) Metaspace: 113K(320K)->113K(320K) NonClass: 105K(192K)->105K(192K) Class: 7K(128K)->7K(128K)
[2026-06-17T10:02:30.676+0800][27.173s][info][gc             ] GC(978) Pause Young (Mixed) (G1 Evacuation Pause) 54M->47M(64M) 3.019ms
[2026-06-17T10:02:30.676+0800][27.173s][info][gc,cpu         ] GC(978) User=0.00s Sys=0.00s Real=0.00s
[2026-06-17T10:02:30.697+0800][27.194s][info][gc,start       ] GC(979) Pause Young (Concurrent Start) (G1 Evacuation Pause)
[2026-06-17T10:02:30.698+0800][27.195s][info][gc,task        ] GC(979) Using 2 workers of 18 for evacuation
[2026-06-17T10:02:30.699+0800][27.196s][info][gc,phases      ] GC(979)   Pre Evacuate Collection Set: 0.14ms
[2026-06-17T10:02:30.700+0800][27.196s][info][gc,phases      ] GC(979)   Merge Heap Roots: 0.04ms
[2026-06-17T10:02:30.700+0800][27.197s][info][gc,phases      ] GC(979)   Evacuate Collection Set: 0.20ms
[2026-06-17T10:02:30.700+0800][27.197s][info][gc,phases      ] GC(979)   Post Evacuate Collection Set: 0.17ms
[2026-06-17T10:02:30.700+0800][27.197s][info][gc,phases      ] GC(979)   Other: 0.27ms
[2026-06-17T10:02:30.700+0800][27.197s][info][gc,heap        ] GC(979) Eden regions: 6->0(7)
[2026-06-17T10:02:30.700+0800][27.197s][info][gc,heap        ] GC(979) Survivor regions: 2->1(1)
[2026-06-17T10:02:30.700+0800][27.197s][info][gc,heap        ] GC(979) Old regions: 33->34
[2026-06-17T10:02:30.701+0800][27.198s][info][gc,heap        ] GC(979) Humongous regions: 14->14
[2026-06-17T10:02:30.701+0800][27.198s][info][gc,metaspace   ] GC(979) Metaspace: 113K(320K)->113K(320K) NonClass: 105K(192K)->105K(192K) Class: 7K(128K)->7K(128K)
[2026-06-17T10:02:30.701+0800][27.198s][info][gc             ] GC(979) Pause Young (Concurrent Start) (G1 Evacuation Pause) 53M->47M(64M) 3.860ms
[2026-06-17T10:02:30.701+0800][27.198s][info][gc,cpu         ] GC(979) User=0.00s Sys=0.00s Real=0.00s
[2026-06-17T10:02:30.701+0800][27.198s][info][gc             ] GC(980) Concurrent Mark Cycle
[2026-06-17T10:02:30.701+0800][27.198s][info][gc,marking     ] GC(980) Concurrent Scan Root Regions
[2026-06-17T10:02:30.702+0800][27.199s][info][gc,marking     ] GC(980) Concurrent Scan Root Regions 0.180ms
[2026-06-17T10:02:30.702+0800][27.199s][info][gc,marking     ] GC(980) Concurrent Mark
[2026-06-17T10:02:30.702+0800][27.199s][info][gc,marking     ] GC(980) Concurrent Mark From Roots
[2026-06-17T10:02:30.702+0800][27.199s][info][gc,task        ] GC(980) Using 5 workers of 5 for marking
[2026-06-17T10:02:30.703+0800][27.200s][info][gc,marking     ] GC(980) Concurrent Mark From Roots 1.607ms
[2026-06-17T10:02:30.704+0800][27.201s][info][gc,marking     ] GC(980) Concurrent Preclean
[2026-06-17T10:02:30.704+0800][27.201s][info][gc,marking     ] GC(980) Concurrent Preclean 0.161ms
[2026-06-17T10:02:30.704+0800][27.201s][info][gc,start       ] GC(980) Pause Remark
[2026-06-17T10:02:30.705+0800][27.202s][info][gc             ] GC(980) Pause Remark 52M->45M(64M) 0.521ms
[2026-06-17T10:02:30.705+0800][27.202s][info][gc,cpu         ] GC(980) User=0.00s Sys=0.00s Real=0.00s
[2026-06-17T10:02:30.705+0800][27.202s][info][gc,marking     ] GC(980) Concurrent Mark 3.131ms
[2026-06-17T10:02:30.705+0800][27.202s][info][gc,marking     ] GC(980) Concurrent Rebuild Remembered Sets and Scrub Regions
[2026-06-17T10:02:30.705+0800][27.202s][info][gc,marking     ] GC(980) Concurrent Rebuild Remembered Sets and Scrub Regions 0.492ms
[2026-06-17T10:02:30.706+0800][27.202s][info][gc,start       ] GC(980) Pause Cleanup
[2026-06-17T10:02:30.706+0800][27.203s][info][gc             ] GC(980) Pause Cleanup 45M->45M(64M) 0.170ms
[2026-06-17T10:02:30.706+0800][27.203s][info][gc,cpu         ] GC(980) User=0.00s Sys=0.00s Real=0.00s
[2026-06-17T10:02:30.706+0800][27.203s][info][gc,marking     ] GC(980) Concurrent Clear Claimed Marks
[2026-06-17T10:02:30.706+0800][27.203s][info][gc,marking     ] GC(980) Concurrent Clear Claimed Marks 0.123ms
[2026-06-17T10:02:30.706+0800][27.203s][info][gc,marking     ] GC(980) Concurrent Cleanup for Next Mark
[2026-06-17T10:02:30.706+0800][27.203s][info][gc,marking     ] GC(980) Concurrent Cleanup for Next Mark 0.223ms
[2026-06-17T10:02:30.707+0800][27.203s][info][gc             ] GC(980) Concurrent Mark Cycle 5.345ms
[2026-06-17T10:02:30.712+0800][27.209s][info][gc,start       ] GC(981) Pause Young (Prepare Mixed) (G1 Evacuation Pause)
[2026-06-17T10:02:30.712+0800][27.209s][info][gc,task        ] GC(981) Using 2 workers of 18 for evacuation
[2026-06-17T10:02:30.713+0800][27.210s][info][gc,phases      ] GC(981)   Pre Evacuate Collection Set: 0.10ms
[2026-06-17T10:02:30.713+0800][27.210s][info][gc,phases      ] GC(981)   Merge Heap Roots: 0.04ms
[2026-06-17T10:02:30.713+0800][27.210s][info][gc,phases      ] GC(981)   Evacuate Collection Set: 0.29ms
[2026-06-17T10:02:30.713+0800][27.210s][info][gc,phases      ] GC(981)   Post Evacuate Collection Set: 0.16ms
[2026-06-17T10:02:30.713+0800][27.210s][info][gc,phases      ] GC(981)   Other: 0.13ms
[2026-06-17T10:02:30.713+0800][27.210s][info][gc,heap        ] GC(981) Eden regions: 7->0(9)
[2026-06-17T10:02:30.714+0800][27.210s][info][gc,heap        ] GC(981) Survivor regions: 1->1(1)
[2026-06-17T10:02:30.714+0800][27.210s][info][gc,heap        ] GC(981) Old regions: 27->30
[2026-06-17T10:02:30.714+0800][27.211s][info][gc,heap        ] GC(981) Humongous regions: 14->14
[2026-06-17T10:02:30.714+0800][27.211s][info][gc,metaspace   ] GC(981) Metaspace: 113K(320K)->113K(320K) NonClass: 105K(192K)->105K(192K) Class: 7K(128K)->7K(128K)
[2026-06-17T10:02:30.714+0800][27.211s][info][gc             ] GC(981) Pause Young (Prepare Mixed) (G1 Evacuation Pause) 47M->44M(64M) 1.942ms
[2026-06-17T10:02:30.714+0800][27.211s][info][gc,cpu         ] GC(981) User=0.01s Sys=0.00s Real=0.00s
[2026-06-17T10:02:30.735+0800][27.232s][info][gc,start       ] GC(982) Pause Young (Mixed) (G1 Evacuation Pause)
[2026-06-17T10:02:30.735+0800][27.232s][info][gc,task        ] GC(982) Using 2 workers of 18 for evacuation
[2026-06-17T10:02:30.736+0800][27.233s][info][gc,phases      ] GC(982)   Pre Evacuate Collection Set: 0.16ms
[2026-06-17T10:02:30.737+0800][27.233s][info][gc,phases      ] GC(982)   Merge Heap Roots: 0.13ms
[2026-06-17T10:02:30.737+0800][27.234s][info][gc,phases      ] GC(982)   Evacuate Collection Set: 0.23ms
[2026-06-17T10:02:30.737+0800][27.234s][info][gc,phases      ] GC(982)   Post Evacuate Collection Set: 0.15ms
[2026-06-17T10:02:30.737+0800][27.234s][info][gc,phases      ] GC(982)   Other: 0.19ms
[2026-06-17T10:02:30.737+0800][27.234s][info][gc,heap        ] GC(982) Eden regions: 9->0(12)
[2026-06-17T10:02:30.737+0800][27.234s][info][gc,heap        ] GC(982) Survivor regions: 1->2(2)
[2026-06-17T10:02:30.737+0800][27.234s][info][gc,heap        ] GC(982) Old regions: 30->25
[2026-06-17T10:02:30.737+0800][27.234s][info][gc,heap        ] GC(982) Humongous regions: 14->14
[2026-06-17T10:02:30.737+0800][27.234s][info][gc,metaspace   ] GC(982) Metaspace: 113K(320K)->113K(320K) NonClass: 105K(192K)->105K(192K) Class: 7K(128K)->7K(128K)
[2026-06-17T10:02:30.737+0800][27.234s][info][gc             ] GC(982) Pause Young (Mixed) (G1 Evacuation Pause) 53M->39M(64M) 2.294ms
[2026-06-17T10:02:30.737+0800][27.234s][info][gc,cpu         ] GC(982) User=0.00s Sys=0.00s Real=0.00s
[2026-06-17T10:02:30.769+0800][27.266s][info][gc,start       ] GC(983) Pause Young (Mixed) (G1 Evacuation Pause)
[2026-06-17T10:02:30.770+0800][27.267s][info][gc,task        ] GC(983) Using 2 workers of 18 for evacuation
[2026-06-17T10:02:30.772+0800][27.269s][info][gc,phases      ] GC(983)   Pre Evacuate Collection Set: 0.22ms
[2026-06-17T10:02:30.774+0800][27.271s][info][gc,phases      ] GC(983)   Merge Heap Roots: 0.10ms
[2026-06-17T10:02:30.776+0800][27.273s][info][gc,phases      ] GC(983)   Evacuate Collection Set: 0.42ms
[2026-06-17T10:02:30.778+0800][27.274s][info][gc,phases      ] GC(983)   Post Evacuate Collection Set: 0.29ms
[2026-06-17T10:02:30.779+0800][27.276s][info][gc,phases      ] GC(983)   Other: 0.73ms
[2026-06-17T10:02:30.779+0800][27.276s][info][gc,heap        ] GC(983) Eden regions: 12->0(13)
[2026-06-17T10:02:30.780+0800][27.277s][info][gc,heap        ] GC(983) Survivor regions: 2->2(2)
[2026-06-17T10:02:30.780+0800][27.277s][info][gc,heap        ] GC(983) Old regions: 25->24
[2026-06-17T10:02:30.780+0800][27.277s][info][gc,heap        ] GC(983) Humongous regions: 14->14
[2026-06-17T10:02:30.781+0800][27.277s][info][gc,metaspace   ] GC(983) Metaspace: 113K(320K)->113K(320K) NonClass: 105K(192K)->105K(192K) Class: 7K(128K)->7K(128K)
[2026-06-17T10:02:30.781+0800][27.278s][info][gc             ] GC(983) Pause Young (Mixed) (G1 Evacuation Pause) 51M->39M(64M) 11.967ms
[2026-06-17T10:02:30.781+0800][27.278s][info][gc,cpu         ] GC(983) User=0.00s Sys=0.00s Real=0.01s
[2026-06-17T10:02:30.813+0800][27.310s][info][gc,start       ] GC(984) Pause Young (Normal) (G1 Evacuation Pause)
[2026-06-17T10:02:30.813+0800][27.310s][info][gc,task        ] GC(984) Using 2 workers of 18 for evacuation
[2026-06-17T10:02:30.814+0800][27.311s][info][gc,phases      ] GC(984)   Pre Evacuate Collection Set: 0.14ms
[2026-06-17T10:02:30.815+0800][27.311s][info][gc,phases      ] GC(984)   Merge Heap Roots: 0.03ms
[2026-06-17T10:02:30.816+0800][27.313s][info][gc,phases      ] GC(984)   Evacuate Collection Set: 0.38ms
[2026-06-17T10:02:30.816+0800][27.313s][info][gc,phases      ] GC(984)   Post Evacuate Collection Set: 0.16ms
[2026-06-17T10:02:30.817+0800][27.314s][info][gc,phases      ] GC(984)   Other: 0.26ms
[2026-06-17T10:02:30.818+0800][27.315s][info][gc,heap        ] GC(984) Eden regions: 13->0(11)
[2026-06-17T10:02:30.818+0800][27.315s][info][gc,heap        ] GC(984) Survivor regions: 2->2(2)
[2026-06-17T10:02:30.819+0800][27.315s][info][gc,heap        ] GC(984) Old regions: 24->27
[2026-06-17T10:02:30.819+0800][27.316s][info][gc,heap        ] GC(984) Humongous regions: 14->14
[2026-06-17T10:02:30.819+0800][27.316s][info][gc,metaspace   ] GC(984) Metaspace: 113K(320K)->113K(320K) NonClass: 105K(192K)->105K(192K) Class: 7K(128K)->7K(128K)
[2026-06-17T10:02:30.820+0800][27.317s][info][gc             ] GC(984) Pause Young (Normal) (G1 Evacuation Pause) 52M->42M(64M) 6.964ms
[2026-06-17T10:02:30.820+0800][27.317s][info][gc,cpu         ] GC(984) User=0.00s Sys=0.00s Real=0.00s
[2026-06-17T10:02:30.842+0800][27.338s][info][gc,start       ] GC(985) Pause Young (Concurrent Start) (G1 Humongous Allocation)
[2026-06-17T10:02:30.842+0800][27.339s][info][gc,task        ] GC(985) Using 2 workers of 18 for evacuation
[2026-06-17T10:02:30.843+0800][27.340s][info][gc,phases      ] GC(985)   Pre Evacuate Collection Set: 0.14ms
[2026-06-17T10:02:30.843+0800][27.340s][info][gc,phases      ] GC(985)   Merge Heap Roots: 0.04ms
[2026-06-17T10:02:30.844+0800][27.340s][info][gc,phases      ] GC(985)   Evacuate Collection Set: 0.28ms
[2026-06-17T10:02:30.844+0800][27.341s][info][gc,phases      ] GC(985)   Post Evacuate Collection Set: 0.23ms
[2026-06-17T10:02:30.844+0800][27.341s][info][gc,phases      ] GC(985)   Other: 0.41ms
[2026-06-17T10:02:30.845+0800][27.342s][info][gc,heap        ] GC(985) Eden regions: 8->0(11)
[2026-06-17T10:02:30.845+0800][27.342s][info][gc,heap        ] GC(985) Survivor regions: 2->1(2)
[2026-06-17T10:02:30.846+0800][27.343s][info][gc,heap        ] GC(985) Old regions: 27->29
[2026-06-17T10:02:30.846+0800][27.343s][info][gc,heap        ] GC(985) Humongous regions: 14->14
[2026-06-17T10:02:30.847+0800][27.343s][info][gc,metaspace   ] GC(985) Metaspace: 113K(320K)->113K(320K) NonClass: 105K(192K)->105K(192K) Class: 7K(128K)->7K(128K)
[2026-06-17T10:02:30.847+0800][27.344s][info][gc             ] GC(985) Pause Young (Concurrent Start) (G1 Humongous Allocation) 49M->43M(64M) 5.560ms
[2026-06-17T10:02:30.848+0800][27.345s][info][gc,cpu         ] GC(985) User=0.01s Sys=0.00s Real=0.01s
[2026-06-17T10:02:30.848+0800][27.345s][info][gc             ] GC(986) Concurrent Mark Cycle
[2026-06-17T10:02:30.849+0800][27.346s][info][gc,marking     ] GC(986) Concurrent Scan Root Regions
[2026-06-17T10:02:30.849+0800][27.346s][info][gc,marking     ] GC(986) Concurrent Scan Root Regions 0.570ms
[2026-06-17T10:02:30.850+0800][27.347s][info][gc,marking     ] GC(986) Concurrent Mark
[2026-06-17T10:02:30.850+0800][27.347s][info][gc,marking     ] GC(986) Concurrent Mark From Roots
[2026-06-17T10:02:30.851+0800][27.348s][info][gc,task        ] GC(986) Using 5 workers of 5 for marking
[2026-06-17T10:02:30.852+0800][27.349s][info][gc,marking     ] GC(986) Concurrent Mark From Roots 2.210ms
[2026-06-17T10:02:30.853+0800][27.350s][info][gc,marking     ] GC(986) Concurrent Preclean
[2026-06-17T10:02:30.853+0800][27.350s][info][gc,marking     ] GC(986) Concurrent Preclean 0.476ms
[2026-06-17T10:02:30.854+0800][27.351s][info][gc,start       ] GC(986) Pause Remark
[2026-06-17T10:02:30.855+0800][27.352s][info][gc             ] GC(986) Pause Remark 45M->39M(64M) 0.960ms
[2026-06-17T10:02:30.855+0800][27.352s][info][gc,cpu         ] GC(986) User=0.00s Sys=0.00s Real=0.00s
[2026-06-17T10:02:30.856+0800][27.353s][info][gc,marking     ] GC(986) Concurrent Mark 5.973ms
[2026-06-17T10:02:30.856+0800][27.353s][info][gc,marking     ] GC(986) Concurrent Rebuild Remembered Sets and Scrub Regions
[2026-06-17T10:02:30.857+0800][27.354s][info][gc,marking     ] GC(986) Concurrent Rebuild Remembered Sets and Scrub Regions 0.809ms
[2026-06-17T10:02:30.858+0800][27.354s][info][gc,start       ] GC(986) Pause Cleanup
[2026-06-17T10:02:30.858+0800][27.355s][info][gc             ] GC(986) Pause Cleanup 39M->39M(64M) 0.515ms
[2026-06-17T10:02:30.859+0800][27.355s][info][gc,cpu         ] GC(986) User=0.00s Sys=0.00s Real=0.00s
[2026-06-17T10:02:30.859+0800][27.356s][info][gc,marking     ] GC(986) Concurrent Clear Claimed Marks
[2026-06-17T10:02:30.860+0800][27.356s][info][gc,marking     ] GC(986) Concurrent Clear Claimed Marks 0.380ms
[2026-06-17T10:02:30.860+0800][27.357s][info][gc,marking     ] GC(986) Concurrent Cleanup for Next Mark
[2026-06-17T10:02:30.861+0800][27.357s][info][gc,marking     ] GC(986) Concurrent Cleanup for Next Mark 0.616ms
[2026-06-17T10:02:30.861+0800][27.358s][info][gc             ] GC(986) Concurrent Mark Cycle 13.310ms
[2026-06-17T10:02:30.880+0800][27.377s][info][gc,start       ] GC(987) Pause Young (Prepare Mixed) (G1 Evacuation Pause)
[2026-06-17T10:02:30.882+0800][27.379s][info][gc,task        ] GC(987) Using 2 workers of 18 for evacuation
[2026-06-17T10:02:30.883+0800][27.380s][info][gc,phases      ] GC(987)   Pre Evacuate Collection Set: 0.19ms
[2026-06-17T10:02:30.885+0800][27.381s][info][gc,phases      ] GC(987)   Merge Heap Roots: 0.06ms
[2026-06-17T10:02:30.885+0800][27.382s][info][gc,phases      ] GC(987)   Evacuate Collection Set: 0.38ms
[2026-06-17T10:02:30.887+0800][27.384s][info][gc,phases      ] GC(987)   Post Evacuate Collection Set: 0.25ms
[2026-06-17T10:02:30.887+0800][27.384s][info][gc,phases      ] GC(987)   Other: 0.50ms
[2026-06-17T10:02:30.890+0800][27.386s][info][gc,heap        ] GC(987) Eden regions: 11->0(13)
[2026-06-17T10:02:30.890+0800][27.387s][info][gc,heap        ] GC(987) Survivor regions: 1->2(2)
[2026-06-17T10:02:30.891+0800][27.387s][info][gc,heap        ] GC(987) Old regions: 23->26
[2026-06-17T10:02:30.891+0800][27.388s][info][gc,heap        ] GC(987) Humongous regions: 16->10
[2026-06-17T10:02:30.892+0800][27.388s][info][gc,metaspace   ] GC(987) Metaspace: 113K(320K)->113K(320K) NonClass: 105K(192K)->105K(192K) Class: 7K(128K)->7K(128K)
[2026-06-17T10:02:30.892+0800][27.389s][info][gc             ] GC(987) Pause Young (Prepare Mixed) (G1 Evacuation Pause) 50M->37M(64M) 11.871ms
[2026-06-17T10:02:30.893+0800][27.390s][info][gc,cpu         ] GC(987) User=0.01s Sys=0.00s Real=0.02s
[2026-06-17T10:02:30.925+0800][27.421s][info][gc,start       ] GC(988) Pause Young (Mixed) (G1 Evacuation Pause)
[2026-06-17T10:02:30.928+0800][27.425s][info][gc,task        ] GC(988) Using 2 workers of 18 for evacuation
[2026-06-17T10:02:30.936+0800][27.433s][info][gc,phases      ] GC(988)   Pre Evacuate Collection Set: 0.16ms
[2026-06-17T10:02:30.941+0800][27.438s][info][gc,phases      ] GC(988)   Merge Heap Roots: 0.06ms
[2026-06-17T10:02:30.945+0800][27.442s][info][gc,phases      ] GC(988)   Evacuate Collection Set: 0.63ms
[2026-06-17T10:02:30.949+0800][27.445s][info][gc,phases      ] GC(988)   Post Evacuate Collection Set: 0.22ms
[2026-06-17T10:02:30.955+0800][27.452s][info][gc,phases      ] GC(988)   Other: 6.90ms
[2026-06-17T10:02:30.960+0800][27.456s][info][gc,heap        ] GC(988) Eden regions: 13->0(13)
[2026-06-17T10:02:30.963+0800][27.460s][info][gc,heap        ] GC(988) Survivor regions: 2->2(2)
[2026-06-17T10:02:30.967+0800][27.464s][info][gc,heap        ] GC(988) Old regions: 26->25
[2026-06-17T10:02:30.972+0800][27.469s][info][gc,heap        ] GC(988) Humongous regions: 10->10
[2026-06-17T10:02:30.973+0800][27.470s][info][gc,metaspace   ] GC(988) Metaspace: 113K(320K)->113K(320K) NonClass: 105K(192K)->105K(192K) Class: 7K(128K)->7K(128K)
[2026-06-17T10:02:30.976+0800][27.473s][info][gc             ] GC(988) Pause Young (Mixed) (G1 Evacuation Pause) 50M->36M(64M) 51.197ms
[2026-06-17T10:02:30.978+0800][27.475s][info][gc,cpu         ] GC(988) User=0.00s Sys=0.00s Real=0.05s
[2026-06-17T10:02:31.017+0800][27.514s][info][gc,start       ] GC(989) Pause Young (Mixed) (G1 Evacuation Pause)
[2026-06-17T10:02:31.020+0800][27.517s][info][gc,task        ] GC(989) Using 2 workers of 18 for evacuation
[2026-06-17T10:02:31.023+0800][27.520s][info][gc,phases      ] GC(989)   Pre Evacuate Collection Set: 0.13ms
[2026-06-17T10:02:31.027+0800][27.523s][info][gc,phases      ] GC(989)   Merge Heap Roots: 0.04ms
[2026-06-17T10:02:31.031+0800][27.528s][info][gc,phases      ] GC(989)   Evacuate Collection Set: 0.45ms
[2026-06-17T10:02:31.035+0800][27.531s][info][gc,phases      ] GC(989)   Post Evacuate Collection Set: 0.17ms
[2026-06-17T10:02:31.038+0800][27.535s][info][gc,phases      ] GC(989)   Other: 2.28ms
[2026-06-17T10:02:31.042+0800][27.539s][info][gc,heap        ] GC(989) Eden regions: 13->0(11)
[2026-06-17T10:02:31.044+0800][27.541s][info][gc,heap        ] GC(989) Survivor regions: 2->2(2)
[2026-06-17T10:02:31.045+0800][27.542s][info][gc,heap        ] GC(989) Old regions: 25->28
[2026-06-17T10:02:31.047+0800][27.544s][info][gc,heap        ] GC(989) Humongous regions: 10->10
[2026-06-17T10:02:31.048+0800][27.545s][info][gc,metaspace   ] GC(989) Metaspace: 113K(320K)->113K(320K) NonClass: 105K(192K)->105K(192K) Class: 7K(128K)->7K(128K)
[2026-06-17T10:02:31.052+0800][27.549s][info][gc             ] GC(989) Pause Young (Mixed) (G1 Evacuation Pause) 49M->39M(64M) 35.726ms
[2026-06-17T10:02:31.058+0800][27.555s][info][gc,cpu         ] GC(989) User=0.00s Sys=0.00s Real=0.04s
[2026-06-17T10:02:31.096+0800][27.593s][info][gc,start       ] GC(990) Pause Young (Normal) (G1 Evacuation Pause)
[2026-06-17T10:02:31.099+0800][27.596s][info][gc,task        ] GC(990) Using 2 workers of 18 for evacuation
[2026-06-17T10:02:31.110+0800][27.606s][info][gc,phases      ] GC(990)   Pre Evacuate Collection Set: 0.37ms
[2026-06-17T10:02:31.114+0800][27.611s][info][gc,phases      ] GC(990)   Merge Heap Roots: 0.13ms
[2026-06-17T10:02:31.121+0800][27.618s][info][gc,phases      ] GC(990)   Evacuate Collection Set: 0.62ms
[2026-06-17T10:02:31.129+0800][27.626s][info][gc,phases      ] GC(990)   Post Evacuate Collection Set: 0.43ms
[2026-06-17T10:02:31.131+0800][27.628s][info][gc,phases      ] GC(990)   Other: 9.09ms
[2026-06-17T10:02:31.132+0800][27.629s][info][gc,heap        ] GC(990) Eden regions: 11->0(9)
[2026-06-17T10:02:31.132+0800][27.629s][info][gc,heap        ] GC(990) Survivor regions: 2->2(2)
[2026-06-17T10:02:31.133+0800][27.629s][info][gc,heap        ] GC(990) Old regions: 28->32
[2026-06-17T10:02:31.133+0800][27.630s][info][gc,heap        ] GC(990) Humongous regions: 10->10
[2026-06-17T10:02:31.133+0800][27.630s][info][gc,metaspace   ] GC(990) Metaspace: 113K(320K)->113K(320K) NonClass: 105K(192K)->105K(192K) Class: 7K(128K)->7K(128K)
[2026-06-17T10:02:31.134+0800][27.631s][info][gc             ] GC(990) Pause Young (Normal) (G1 Evacuation Pause) 50M->43M(64M) 37.517ms
[2026-06-17T10:02:31.135+0800][27.632s][info][gc,cpu         ] GC(990) User=0.01s Sys=0.00s Real=0.04s
[2026-06-17T10:02:31.158+0800][27.655s][info][gc,start       ] GC(991) Pause Young (Concurrent Start) (G1 Evacuation Pause)
[2026-06-17T10:02:31.159+0800][27.656s][info][gc,task        ] GC(991) Using 2 workers of 18 for evacuation
[2026-06-17T10:02:31.161+0800][27.658s][info][gc,phases      ] GC(991)   Pre Evacuate Collection Set: 0.51ms
[2026-06-17T10:02:31.162+0800][27.659s][info][gc,phases      ] GC(991)   Merge Heap Roots: 0.06ms
[2026-06-17T10:02:31.163+0800][27.659s][info][gc,phases      ] GC(991)   Evacuate Collection Set: 0.62ms
[2026-06-17T10:02:31.163+0800][27.660s][info][gc,phases      ] GC(991)   Post Evacuate Collection Set: 0.49ms
[2026-06-17T10:02:31.164+0800][27.661s][info][gc,phases      ] GC(991)   Other: 0.67ms
[2026-06-17T10:02:31.164+0800][27.661s][info][gc,heap        ] GC(991) Eden regions: 9->0(6)
[2026-06-17T10:02:31.165+0800][27.662s][info][gc,heap        ] GC(991) Survivor regions: 2->2(2)
[2026-06-17T10:02:31.165+0800][27.662s][info][gc,heap        ] GC(991) Old regions: 32->35
[2026-06-17T10:02:31.166+0800][27.662s][info][gc,heap        ] GC(991) Humongous regions: 10->10
[2026-06-17T10:02:31.166+0800][27.663s][info][gc,metaspace   ] GC(991) Metaspace: 113K(320K)->113K(320K) NonClass: 105K(192K)->105K(192K) Class: 7K(128K)->7K(128K)
[2026-06-17T10:02:31.166+0800][27.663s][info][gc             ] GC(991) Pause Young (Concurrent Start) (G1 Evacuation Pause) 52M->46M(64M) 8.398ms
[2026-06-17T10:02:31.166+0800][27.663s][info][gc,cpu         ] GC(991) User=0.00s Sys=0.00s Real=0.01s
[2026-06-17T10:02:31.166+0800][27.663s][info][gc             ] GC(992) Concurrent Mark Cycle
[2026-06-17T10:02:31.167+0800][27.664s][info][gc,marking     ] GC(992) Concurrent Scan Root Regions
[2026-06-17T10:02:31.167+0800][27.664s][info][gc,marking     ] GC(992) Concurrent Scan Root Regions 0.296ms
[2026-06-17T10:02:31.167+0800][27.664s][info][gc,marking     ] GC(992) Concurrent Mark
[2026-06-17T10:02:31.167+0800][27.664s][info][gc,marking     ] GC(992) Concurrent Mark From Roots
[2026-06-17T10:02:31.168+0800][27.664s][info][gc,task        ] GC(992) Using 5 workers of 5 for marking
[2026-06-17T10:02:31.169+0800][27.666s][info][gc,marking     ] GC(992) Concurrent Mark From Roots 1.977ms
[2026-06-17T10:02:31.170+0800][27.666s][info][gc,marking     ] GC(992) Concurrent Preclean
[2026-06-17T10:02:31.170+0800][27.667s][info][gc,marking     ] GC(992) Concurrent Preclean 0.111ms
[2026-06-17T10:02:31.170+0800][27.667s][info][gc,start       ] GC(992) Pause Remark
[2026-06-17T10:02:31.170+0800][27.667s][info][gc             ] GC(992) Pause Remark 47M->39M(64M) 0.526ms
[2026-06-17T10:02:31.171+0800][27.667s][info][gc,cpu         ] GC(992) User=0.00s Sys=0.00s Real=0.01s
[2026-06-17T10:02:31.171+0800][27.668s][info][gc,marking     ] GC(992) Concurrent Mark 3.488ms
[2026-06-17T10:02:31.171+0800][27.668s][info][gc,marking     ] GC(992) Concurrent Rebuild Remembered Sets and Scrub Regions
[2026-06-17T10:02:31.171+0800][27.668s][info][gc,marking     ] GC(992) Concurrent Rebuild Remembered Sets and Scrub Regions 0.526ms
[2026-06-17T10:02:31.172+0800][27.668s][info][gc,start       ] GC(992) Pause Cleanup
[2026-06-17T10:02:31.172+0800][27.669s][info][gc             ] GC(992) Pause Cleanup 39M->39M(64M) 0.162ms
[2026-06-17T10:02:31.172+0800][27.669s][info][gc,cpu         ] GC(992) User=0.00s Sys=0.00s Real=0.00s
[2026-06-17T10:02:31.172+0800][27.669s][info][gc,marking     ] GC(992) Concurrent Clear Claimed Marks
[2026-06-17T10:02:31.172+0800][27.669s][info][gc,marking     ] GC(992) Concurrent Clear Claimed Marks 0.086ms
[2026-06-17T10:02:31.172+0800][27.669s][info][gc,marking     ] GC(992) Concurrent Cleanup for Next Mark
[2026-06-17T10:02:31.172+0800][27.669s][info][gc,marking     ] GC(992) Concurrent Cleanup for Next Mark 0.203ms
[2026-06-17T10:02:31.172+0800][27.669s][info][gc             ] GC(992) Concurrent Mark Cycle 6.060ms
[2026-06-17T10:02:31.187+0800][27.684s][info][gc,start       ] GC(993) Pause Young (Prepare Mixed) (G1 Evacuation Pause)
[2026-06-17T10:02:31.188+0800][27.685s][info][gc,task        ] GC(993) Using 2 workers of 18 for evacuation
[2026-06-17T10:02:31.189+0800][27.686s][info][gc,phases      ] GC(993)   Pre Evacuate Collection Set: 0.17ms
[2026-06-17T10:02:31.189+0800][27.686s][info][gc,phases      ] GC(993)   Merge Heap Roots: 0.08ms
[2026-06-17T10:02:31.189+0800][27.686s][info][gc,phases      ] GC(993)   Evacuate Collection Set: 0.30ms
[2026-06-17T10:02:31.190+0800][27.687s][info][gc,phases      ] GC(993)   Post Evacuate Collection Set: 0.34ms
[2026-06-17T10:02:31.190+0800][27.687s][info][gc,phases      ] GC(993)   Other: 0.29ms
[2026-06-17T10:02:31.190+0800][27.687s][info][gc,heap        ] GC(993) Eden regions: 6->0(13)
[2026-06-17T10:02:31.190+0800][27.687s][info][gc,heap        ] GC(993) Survivor regions: 2->1(1)
[2026-06-17T10:02:31.190+0800][27.687s][info][gc,heap        ] GC(993) Old regions: 27->28
[2026-06-17T10:02:31.191+0800][27.687s][info][gc,heap        ] GC(993) Humongous regions: 10->10
[2026-06-17T10:02:31.191+0800][27.688s][info][gc,metaspace   ] GC(993) Metaspace: 113K(320K)->113K(320K) NonClass: 105K(192K)->105K(192K) Class: 7K(128K)->7K(128K)
[2026-06-17T10:02:31.191+0800][27.688s][info][gc             ] GC(993) Pause Young (Prepare Mixed) (G1 Evacuation Pause) 44M->38M(64M) 3.482ms
[2026-06-17T10:02:31.191+0800][27.688s][info][gc,cpu         ] GC(993) User=0.00s Sys=0.00s Real=0.01s
[2026-06-17T10:02:31.223+0800][27.720s][info][gc,start       ] GC(994) Pause Young (Mixed) (G1 Evacuation Pause)
[2026-06-17T10:02:31.224+0800][27.721s][info][gc,task        ] GC(994) Using 2 workers of 18 for evacuation
[2026-06-17T10:02:31.226+0800][27.723s][info][gc,phases      ] GC(994)   Pre Evacuate Collection Set: 0.21ms
[2026-06-17T10:02:31.227+0800][27.723s][info][gc,phases      ] GC(994)   Merge Heap Roots: 0.08ms
[2026-06-17T10:02:31.227+0800][27.724s][info][gc,phases      ] GC(994)   Evacuate Collection Set: 0.63ms
[2026-06-17T10:02:31.227+0800][27.724s][info][gc,phases      ] GC(994)   Post Evacuate Collection Set: 0.43ms
[2026-06-17T10:02:31.227+0800][27.724s][info][gc,phases      ] GC(994)   Other: 0.58ms
[2026-06-17T10:02:31.228+0800][27.724s][info][gc,heap        ] GC(994) Eden regions: 13->0(13)
[2026-06-17T10:02:31.228+0800][27.725s][info][gc,heap        ] GC(994) Survivor regions: 1->2(2)
[2026-06-17T10:02:31.228+0800][27.725s][info][gc,heap        ] GC(994) Old regions: 28->26
[2026-06-17T10:02:31.228+0800][27.725s][info][gc,heap        ] GC(994) Humongous regions: 11->11
[2026-06-17T10:02:31.228+0800][27.725s][info][gc,metaspace   ] GC(994) Metaspace: 113K(320K)->113K(320K) NonClass: 105K(192K)->105K(192K) Class: 7K(128K)->7K(128K)
[2026-06-17T10:02:31.228+0800][27.725s][info][gc             ] GC(994) Pause Young (Mixed) (G1 Evacuation Pause) 52M->38M(64M) 4.926ms
[2026-06-17T10:02:31.228+0800][27.725s][info][gc,cpu         ] GC(994) User=0.01s Sys=0.00s Real=0.00s
[2026-06-17T10:02:31.261+0800][27.757s][info][gc,start       ] GC(995) Pause Young (Mixed) (G1 Evacuation Pause)
[2026-06-17T10:02:31.261+0800][27.758s][info][gc,task        ] GC(995) Using 2 workers of 18 for evacuation
[2026-06-17T10:02:31.264+0800][27.760s][info][gc,phases      ] GC(995)   Pre Evacuate Collection Set: 0.31ms
[2026-06-17T10:02:31.264+0800][27.761s][info][gc,phases      ] GC(995)   Merge Heap Roots: 0.10ms
[2026-06-17T10:02:31.264+0800][27.761s][info][gc,phases      ] GC(995)   Evacuate Collection Set: 1.12ms
[2026-06-17T10:02:31.265+0800][27.761s][info][gc,phases      ] GC(995)   Post Evacuate Collection Set: 0.42ms
[2026-06-17T10:02:31.265+0800][27.762s][info][gc,phases      ] GC(995)   Other: 0.51ms
[2026-06-17T10:02:31.265+0800][27.762s][info][gc,heap        ] GC(995) Eden regions: 13->0(12)
[2026-06-17T10:02:31.265+0800][27.762s][info][gc,heap        ] GC(995) Survivor regions: 2->2(2)
[2026-06-17T10:02:31.266+0800][27.763s][info][gc,heap        ] GC(995) Old regions: 26->27
[2026-06-17T10:02:31.266+0800][27.763s][info][gc,heap        ] GC(995) Humongous regions: 11->11
[2026-06-17T10:02:31.266+0800][27.763s][info][gc,metaspace   ] GC(995) Metaspace: 113K(320K)->113K(320K) NonClass: 105K(192K)->105K(192K) Class: 7K(128K)->7K(128K)
[2026-06-17T10:02:31.267+0800][27.764s][info][gc             ] GC(995) Pause Young (Mixed) (G1 Evacuation Pause) 51M->39M(64M) 6.124ms
[2026-06-17T10:02:31.267+0800][27.764s][info][gc,cpu         ] GC(995) User=0.00s Sys=0.00s Real=0.01s
[2026-06-17T10:02:31.299+0800][27.796s][info][gc,start       ] GC(996) Pause Young (Normal) (G1 Evacuation Pause)
[2026-06-17T10:02:31.300+0800][27.797s][info][gc,task        ] GC(996) Using 2 workers of 18 for evacuation
[2026-06-17T10:02:31.302+0800][27.799s][info][gc,phases      ] GC(996)   Pre Evacuate Collection Set: 0.36ms
[2026-06-17T10:02:31.303+0800][27.800s][info][gc,phases      ] GC(996)   Merge Heap Roots: 0.11ms
[2026-06-17T10:02:31.304+0800][27.800s][info][gc,phases      ] GC(996)   Evacuate Collection Set: 0.66ms
[2026-06-17T10:02:31.304+0800][27.801s][info][gc,phases      ] GC(996)   Post Evacuate Collection Set: 0.63ms
[2026-06-17T10:02:31.305+0800][27.802s][info][gc,phases      ] GC(996)   Other: 0.52ms
[2026-06-17T10:02:31.307+0800][27.804s][info][gc,heap        ] GC(996) Eden regions: 12->0(9)
[2026-06-17T10:02:31.308+0800][27.805s][info][gc,heap        ] GC(996) Survivor regions: 2->2(2)
[2026-06-17T10:02:31.309+0800][27.805s][info][gc,heap        ] GC(996) Old regions: 27->31
[2026-06-17T10:02:31.309+0800][27.806s][info][gc,heap        ] GC(996) Humongous regions: 11->11
[2026-06-17T10:02:31.309+0800][27.806s][info][gc,metaspace   ] GC(996) Metaspace: 113K(320K)->113K(320K) NonClass: 105K(192K)->105K(192K) Class: 7K(128K)->7K(128K)
[2026-06-17T10:02:31.310+0800][27.807s][info][gc             ] GC(996) Pause Young (Normal) (G1 Evacuation Pause) 51M->43M(64M) 10.642ms
[2026-06-17T10:02:31.310+0800][27.807s][info][gc,cpu         ] GC(996) User=0.01s Sys=0.00s Real=0.01s
[2026-06-17T10:02:31.332+0800][27.829s][info][gc,start       ] GC(997) Pause Young (Concurrent Start) (G1 Evacuation Pause)
[2026-06-17T10:02:31.332+0800][27.829s][info][gc,task        ] GC(997) Using 2 workers of 18 for evacuation
[2026-06-17T10:02:31.334+0800][27.830s][info][gc,phases      ] GC(997)   Pre Evacuate Collection Set: 0.16ms
[2026-06-17T10:02:31.334+0800][27.831s][info][gc,phases      ] GC(997)   Merge Heap Roots: 0.03ms
[2026-06-17T10:02:31.335+0800][27.832s][info][gc,phases      ] GC(997)   Evacuate Collection Set: 0.50ms
[2026-06-17T10:02:31.335+0800][27.832s][info][gc,phases      ] GC(997)   Post Evacuate Collection Set: 0.53ms
[2026-06-17T10:02:31.335+0800][27.832s][info][gc,phases      ] GC(997)   Other: 0.28ms
[2026-06-17T10:02:31.335+0800][27.832s][info][gc,heap        ] GC(997) Eden regions: 9->0(7)
[2026-06-17T10:02:31.335+0800][27.832s][info][gc,heap        ] GC(997) Survivor regions: 2->2(2)
[2026-06-17T10:02:31.335+0800][27.832s][info][gc,heap        ] GC(997) Old regions: 31->35
[2026-06-17T10:02:31.335+0800][27.832s][info][gc,heap        ] GC(997) Humongous regions: 11->11
[2026-06-17T10:02:31.335+0800][27.832s][info][gc,metaspace   ] GC(997) Metaspace: 113K(320K)->113K(320K) NonClass: 105K(192K)->105K(192K) Class: 7K(128K)->7K(128K)
[2026-06-17T10:02:31.336+0800][27.832s][info][gc             ] GC(997) Pause Young (Concurrent Start) (G1 Evacuation Pause) 52M->47M(64M) 3.843ms
[2026-06-17T10:02:31.336+0800][27.832s][info][gc,cpu         ] GC(997) User=0.00s Sys=0.00s Real=0.00s
[2026-06-17T10:02:31.336+0800][27.832s][info][gc             ] GC(998) Concurrent Mark Cycle
[2026-06-17T10:02:31.336+0800][27.833s][info][gc,marking     ] GC(998) Concurrent Scan Root Regions
[2026-06-17T10:02:31.336+0800][27.833s][info][gc,marking     ] GC(998) Concurrent Scan Root Regions 0.137ms
[2026-06-17T10:02:31.336+0800][27.833s][info][gc,marking     ] GC(998) Concurrent Mark
[2026-06-17T10:02:31.336+0800][27.833s][info][gc,marking     ] GC(998) Concurrent Mark From Roots
[2026-06-17T10:02:31.336+0800][27.833s][info][gc,task        ] GC(998) Using 5 workers of 5 for marking
[2026-06-17T10:02:31.337+0800][27.834s][info][gc,marking     ] GC(998) Concurrent Mark From Roots 1.210ms
[2026-06-17T10:02:31.338+0800][27.834s][info][gc,marking     ] GC(998) Concurrent Preclean
[2026-06-17T10:02:31.338+0800][27.834s][info][gc,marking     ] GC(998) Concurrent Preclean 0.087ms
[2026-06-17T10:02:31.338+0800][27.835s][info][gc,start       ] GC(998) Pause Remark
[2026-06-17T10:02:31.338+0800][27.835s][info][gc             ] GC(998) Pause Remark 48M->37M(64M) 0.348ms
[2026-06-17T10:02:31.338+0800][27.835s][info][gc,cpu         ] GC(998) User=0.00s Sys=0.00s Real=0.00s
[2026-06-17T10:02:31.338+0800][27.835s][info][gc,marking     ] GC(998) Concurrent Mark 2.177ms
[2026-06-17T10:02:31.338+0800][27.835s][info][gc,marking     ] GC(998) Concurrent Rebuild Remembered Sets and Scrub Regions
[2026-06-17T10:02:31.339+0800][27.836s][info][gc,marking     ] GC(998) Concurrent Rebuild Remembered Sets and Scrub Regions 0.400ms
[2026-06-17T10:02:31.339+0800][27.836s][info][gc,start       ] GC(998) Pause Cleanup
[2026-06-17T10:02:31.339+0800][27.836s][info][gc             ] GC(998) Pause Cleanup 37M->37M(64M) 0.162ms
[2026-06-17T10:02:31.339+0800][27.836s][info][gc,cpu         ] GC(998) User=0.00s Sys=0.00s Real=0.00s
[2026-06-17T10:02:31.339+0800][27.836s][info][gc,marking     ] GC(998) Concurrent Clear Claimed Marks
[2026-06-17T10:02:31.339+0800][27.836s][info][gc,marking     ] GC(998) Concurrent Clear Claimed Marks 0.078ms
[2026-06-17T10:02:31.339+0800][27.836s][info][gc,marking     ] GC(998) Concurrent Cleanup for Next Mark
[2026-06-17T10:02:31.340+0800][27.836s][info][gc,marking     ] GC(998) Concurrent Cleanup for Next Mark 0.165ms
[2026-06-17T10:02:31.340+0800][27.837s][info][gc             ] GC(998) Concurrent Mark Cycle 4.048ms
[2026-06-17T10:02:31.357+0800][27.853s][info][gc,start       ] GC(999) Pause Young (Prepare Mixed) (G1 Evacuation Pause)
[2026-06-17T10:02:31.357+0800][27.854s][info][gc,task        ] GC(999) Using 2 workers of 18 for evacuation
[2026-06-17T10:02:31.358+0800][27.855s][info][gc,phases      ] GC(999)   Pre Evacuate Collection Set: 0.13ms
[2026-06-17T10:02:31.358+0800][27.855s][info][gc,phases      ] GC(999)   Merge Heap Roots: 0.06ms
[2026-06-17T10:02:31.358+0800][27.855s][info][gc,phases      ] GC(999)   Evacuate Collection Set: 0.31ms
[2026-06-17T10:02:31.358+0800][27.855s][info][gc,phases      ] GC(999)   Post Evacuate Collection Set: 0.20ms
[2026-06-17T10:02:31.358+0800][27.855s][info][gc,phases      ] GC(999)   Other: 0.18ms
[2026-06-17T10:02:31.358+0800][27.855s][info][gc,heap        ] GC(999) Eden regions: 7->0(12)
[2026-06-17T10:02:31.359+0800][27.856s][info][gc,heap        ] GC(999) Survivor regions: 2->2(2)
[2026-06-17T10:02:31.359+0800][27.856s][info][gc,heap        ] GC(999) Old regions: 24->27
[2026-06-17T10:02:31.359+0800][27.856s][info][gc,heap        ] GC(999) Humongous regions: 11->11
[2026-06-17T10:02:31.359+0800][27.856s][info][gc,metaspace   ] GC(999) Metaspace: 113K(320K)->113K(320K) NonClass: 105K(192K)->105K(192K) Class: 7K(128K)->7K(128K)
[2026-06-17T10:02:31.359+0800][27.856s][info][gc             ] GC(999) Pause Young (Prepare Mixed) (G1 Evacuation Pause) 43M->39M(64M) 2.522ms
[2026-06-17T10:02:31.359+0800][27.856s][info][gc,cpu         ] GC(999) User=0.00s Sys=0.00s Real=0.00s
[2026-06-17T10:02:31.381+0800][27.878s][info][gc,start       ] GC(1000) Pause Young (Mixed) (G1 Evacuation Pause)
[2026-06-17T10:02:31.381+0800][27.878s][info][gc,task        ] GC(1000) Using 2 workers of 18 for evacuation
[2026-06-17T10:02:31.383+0800][27.880s][info][gc,phases      ] GC(1000)   Pre Evacuate Collection Set: 0.17ms
[2026-06-17T10:02:31.383+0800][27.880s][info][gc,phases      ] GC(1000)   Merge Heap Roots: 0.09ms
[2026-06-17T10:02:31.383+0800][27.880s][info][gc,phases      ] GC(1000)   Evacuate Collection Set: 0.48ms
[2026-06-17T10:02:31.383+0800][27.880s][info][gc,phases      ] GC(1000)   Post Evacuate Collection Set: 0.50ms
[2026-06-17T10:02:31.383+0800][27.880s][info][gc,phases      ] GC(1000)   Other: 0.33ms
[2026-06-17T10:02:31.384+0800][27.880s][info][gc,heap        ] GC(1000) Eden regions: 12->0(16)
[2026-06-17T10:02:31.384+0800][27.881s][info][gc,heap        ] GC(1000) Survivor regions: 2->2(2)
[2026-06-17T10:02:31.384+0800][27.881s][info][gc,heap        ] GC(1000) Old regions: 27->23
[2026-06-17T10:02:31.384+0800][27.881s][info][gc,heap        ] GC(1000) Humongous regions: 11->11
[2026-06-17T10:02:31.384+0800][27.881s][info][gc,metaspace   ] GC(1000) Metaspace: 113K(320K)->113K(320K) NonClass: 105K(192K)->105K(192K) Class: 7K(128K)->7K(128K)
[2026-06-17T10:02:31.384+0800][27.881s][info][gc             ] GC(1000) Pause Young (Mixed) (G1 Evacuation Pause) 50M->35M(64M) 3.547ms
[2026-06-17T10:02:31.384+0800][27.881s][info][gc,cpu         ] GC(1000) User=0.00s Sys=0.00s Real=0.01s
[2026-06-17T10:02:31.438+0800][27.934s][info][gc,start       ] GC(1001) Pause Young (Mixed) (G1 Evacuation Pause)
[2026-06-17T10:02:31.438+0800][27.935s][info][gc,task        ] GC(1001) Using 2 workers of 18 for evacuation
[2026-06-17T10:02:31.440+0800][27.937s][info][gc,phases      ] GC(1001)   Pre Evacuate Collection Set: 0.32ms
[2026-06-17T10:02:31.443+0800][27.940s][info][gc,phases      ] GC(1001)   Merge Heap Roots: 0.16ms
[2026-06-17T10:02:31.443+0800][27.940s][info][gc,phases      ] GC(1001)   Evacuate Collection Set: 0.69ms
[2026-06-17T10:02:31.444+0800][27.941s][info][gc,phases      ] GC(1001)   Post Evacuate Collection Set: 0.48ms
[2026-06-17T10:02:31.444+0800][27.941s][info][gc,phases      ] GC(1001)   Other: 0.56ms
[2026-06-17T10:02:31.445+0800][27.942s][info][gc,heap        ] GC(1001) Eden regions: 16->0(13)
[2026-06-17T10:02:31.445+0800][27.942s][info][gc,heap        ] GC(1001) Survivor regions: 2->3(3)
[2026-06-17T10:02:31.445+0800][27.942s][info][gc,heap        ] GC(1001) Old regions: 23->24
[2026-06-17T10:02:31.446+0800][27.942s][info][gc,heap        ] GC(1001) Humongous regions: 13->13
[2026-06-17T10:02:31.446+0800][27.943s][info][gc,metaspace   ] GC(1001) Metaspace: 113K(320K)->113K(320K) NonClass: 105K(192K)->105K(192K) Class: 7K(128K)->7K(128K)
[2026-06-17T10:02:31.446+0800][27.943s][info][gc             ] GC(1001) Pause Young (Mixed) (G1 Evacuation Pause) 53M->38M(64M) 8.445ms
[2026-06-17T10:02:31.446+0800][27.943s][info][gc,cpu         ] GC(1001) User=0.01s Sys=0.00s Real=0.01s
[2026-06-17T10:02:31.478+0800][27.975s][info][gc,start       ] GC(1002) Pause Young (Normal) (G1 Evacuation Pause)
[2026-06-17T10:02:31.479+0800][27.975s][info][gc,task        ] GC(1002) Using 2 workers of 18 for evacuation
[2026-06-17T10:02:31.480+0800][27.977s][info][gc,phases      ] GC(1002)   Pre Evacuate Collection Set: 0.17ms
[2026-06-17T10:02:31.480+0800][27.977s][info][gc,phases      ] GC(1002)   Merge Heap Roots: 0.08ms
[2026-06-17T10:02:31.480+0800][27.977s][info][gc,phases      ] GC(1002)   Evacuate Collection Set: 0.42ms
[2026-06-17T10:02:31.480+0800][27.977s][info][gc,phases      ] GC(1002)   Post Evacuate Collection Set: 0.21ms
[2026-06-17T10:02:31.481+0800][27.977s][info][gc,phases      ] GC(1002)   Other: 0.33ms
[2026-06-17T10:02:31.481+0800][27.978s][info][gc,heap        ] GC(1002) Eden regions: 13->0(11)
[2026-06-17T10:02:31.481+0800][27.978s][info][gc,heap        ] GC(1002) Survivor regions: 3->2(2)
[2026-06-17T10:02:31.481+0800][27.978s][info][gc,heap        ] GC(1002) Old regions: 24->28
[2026-06-17T10:02:31.481+0800][27.978s][info][gc,heap        ] GC(1002) Humongous regions: 13->13
[2026-06-17T10:02:31.481+0800][27.978s][info][gc,metaspace   ] GC(1002) Metaspace: 113K(320K)->113K(320K) NonClass: 105K(192K)->105K(192K) Class: 7K(128K)->7K(128K)
[2026-06-17T10:02:31.481+0800][27.978s][info][gc             ] GC(1002) Pause Young (Normal) (G1 Evacuation Pause) 51M->42M(64M) 3.106ms
[2026-06-17T10:02:31.481+0800][27.978s][info][gc,cpu         ] GC(1002) User=0.00s Sys=0.00s Real=0.00s
[2026-06-17T10:02:31.503+0800][28.000s][info][gc,start       ] GC(1003) Pause Young (Concurrent Start) (G1 Evacuation Pause)
[2026-06-17T10:02:31.504+0800][28.001s][info][gc,task        ] GC(1003) Using 2 workers of 18 for evacuation
[2026-06-17T10:02:31.506+0800][28.003s][info][gc,phases      ] GC(1003)   Pre Evacuate Collection Set: 0.28ms
[2026-06-17T10:02:31.507+0800][28.003s][info][gc,phases      ] GC(1003)   Merge Heap Roots: 0.08ms
[2026-06-17T10:02:31.507+0800][28.004s][info][gc,phases      ] GC(1003)   Evacuate Collection Set: 0.91ms
[2026-06-17T10:02:31.507+0800][28.004s][info][gc,phases      ] GC(1003)   Post Evacuate Collection Set: 0.36ms
[2026-06-17T10:02:31.508+0800][28.005s][info][gc,phases      ] GC(1003)   Other: 0.59ms
[2026-06-17T10:02:31.508+0800][28.005s][info][gc,heap        ] GC(1003) Eden regions: 11->0(6)
[2026-06-17T10:02:31.508+0800][28.005s][info][gc,heap        ] GC(1003) Survivor regions: 2->2(2)
[2026-06-17T10:02:31.508+0800][28.005s][info][gc,heap        ] GC(1003) Old regions: 28->32
[2026-06-17T10:02:31.508+0800][28.005s][info][gc,heap        ] GC(1003) Humongous regions: 13->13
[2026-06-17T10:02:31.509+0800][28.006s][info][gc,metaspace   ] GC(1003) Metaspace: 113K(320K)->113K(320K) NonClass: 105K(192K)->105K(192K) Class: 7K(128K)->7K(128K)
[2026-06-17T10:02:31.509+0800][28.006s][info][gc             ] GC(1003) Pause Young (Concurrent Start) (G1 Evacuation Pause) 53M->46M(64M) 5.745ms
[2026-06-17T10:02:31.509+0800][28.006s][info][gc,cpu         ] GC(1003) User=0.00s Sys=0.00s Real=0.00s
[2026-06-17T10:02:31.509+0800][28.006s][info][gc             ] GC(1004) Concurrent Mark Cycle
[2026-06-17T10:02:31.511+0800][28.007s][info][gc,marking     ] GC(1004) Concurrent Scan Root Regions
[2026-06-17T10:02:31.511+0800][28.008s][info][gc,marking     ] GC(1004) Concurrent Scan Root Regions 0.249ms
[2026-06-17T10:02:31.511+0800][28.008s][info][gc,marking     ] GC(1004) Concurrent Mark
[2026-06-17T10:02:31.511+0800][28.008s][info][gc,marking     ] GC(1004) Concurrent Mark From Roots
[2026-06-17T10:02:31.511+0800][28.008s][info][gc,task        ] GC(1004) Using 5 workers of 5 for marking
[2026-06-17T10:02:31.513+0800][28.010s][info][gc,marking     ] GC(1004) Concurrent Mark From Roots 1.811ms
[2026-06-17T10:02:31.514+0800][28.010s][info][gc,marking     ] GC(1004) Concurrent Preclean
[2026-06-17T10:02:31.514+0800][28.011s][info][gc,marking     ] GC(1004) Concurrent Preclean 0.513ms
[2026-06-17T10:02:31.515+0800][28.011s][info][gc,start       ] GC(1004) Pause Remark
[2026-06-17T10:02:31.515+0800][28.012s][info][gc             ] GC(1004) Pause Remark 47M->37M(64M) 0.901ms
[2026-06-17T10:02:31.516+0800][28.013s][info][gc,cpu         ] GC(1004) User=0.00s Sys=0.00s Real=0.00s
[2026-06-17T10:02:31.516+0800][28.013s][info][gc,marking     ] GC(1004) Concurrent Mark 5.062ms
[2026-06-17T10:02:31.516+0800][28.013s][info][gc,marking     ] GC(1004) Concurrent Rebuild Remembered Sets and Scrub Regions
[2026-06-17T10:02:31.517+0800][28.014s][info][gc,marking     ] GC(1004) Concurrent Rebuild Remembered Sets and Scrub Regions 0.619ms
[2026-06-17T10:02:31.517+0800][28.014s][info][gc,start       ] GC(1004) Pause Cleanup
[2026-06-17T10:02:31.517+0800][28.014s][info][gc             ] GC(1004) Pause Cleanup 37M->37M(64M) 0.233ms
[2026-06-17T10:02:31.518+0800][28.014s][info][gc,cpu         ] GC(1004) User=0.00s Sys=0.00s Real=0.00s
[2026-06-17T10:02:31.518+0800][28.015s][info][gc,marking     ] GC(1004) Concurrent Clear Claimed Marks
[2026-06-17T10:02:31.518+0800][28.015s][info][gc,marking     ] GC(1004) Concurrent Clear Claimed Marks 0.155ms
[2026-06-17T10:02:31.518+0800][28.015s][info][gc,marking     ] GC(1004) Concurrent Cleanup for Next Mark
[2026-06-17T10:02:31.519+0800][28.015s][info][gc,marking     ] GC(1004) Concurrent Cleanup for Next Mark 0.626ms
[2026-06-17T10:02:31.519+0800][28.016s][info][gc             ] GC(1004) Concurrent Mark Cycle 9.709ms
[2026-06-17T10:02:31.530+0800][28.027s][info][gc,start       ] GC(1005) Pause Young (Prepare Mixed) (G1 Evacuation Pause)
[2026-06-17T10:02:31.531+0800][28.027s][info][gc,task        ] GC(1005) Using 2 workers of 18 for evacuation
[2026-06-17T10:02:31.532+0800][28.029s][info][gc,phases      ] GC(1005)   Pre Evacuate Collection Set: 0.18ms
[2026-06-17T10:02:31.532+0800][28.029s][info][gc,phases      ] GC(1005)   Merge Heap Roots: 0.05ms
[2026-06-17T10:02:31.532+0800][28.029s][info][gc,phases      ] GC(1005)   Evacuate Collection Set: 0.40ms
[2026-06-17T10:02:31.533+0800][28.029s][info][gc,phases      ] GC(1005)   Post Evacuate Collection Set: 0.30ms
[2026-06-17T10:02:31.533+0800][28.030s][info][gc,phases      ] GC(1005)   Other: 0.32ms
[2026-06-17T10:02:31.533+0800][28.030s][info][gc,heap        ] GC(1005) Eden regions: 6->0(14)
[2026-06-17T10:02:31.533+0800][28.030s][info][gc,heap        ] GC(1005) Survivor regions: 2->1(1)
[2026-06-17T10:02:31.534+0800][28.030s][info][gc,heap        ] GC(1005) Old regions: 22->25
[2026-06-17T10:02:31.534+0800][28.031s][info][gc,heap        ] GC(1005) Humongous regions: 13->13
[2026-06-17T10:02:31.534+0800][28.031s][info][gc,metaspace   ] GC(1005) Metaspace: 113K(320K)->113K(320K) NonClass: 105K(192K)->105K(192K) Class: 7K(128K)->7K(128K)
[2026-06-17T10:02:31.534+0800][28.031s][info][gc             ] GC(1005) Pause Young (Prepare Mixed) (G1 Evacuation Pause) 42M->38M(64M) 4.232ms
[2026-06-17T10:02:31.535+0800][28.031s][info][gc,cpu         ] GC(1005) User=0.00s Sys=0.00s Real=0.01s
[2026-06-17T10:02:31.567+0800][28.063s][info][gc,start       ] GC(1006) Pause Young (Mixed) (G1 Evacuation Pause)
[2026-06-17T10:02:31.567+0800][28.064s][info][gc,task        ] GC(1006) Using 2 workers of 18 for evacuation
[2026-06-17T10:02:31.568+0800][28.065s][info][gc,phases      ] GC(1006)   Pre Evacuate Collection Set: 0.14ms
[2026-06-17T10:02:31.569+0800][28.066s][info][gc,phases      ] GC(1006)   Merge Heap Roots: 0.03ms
[2026-06-17T10:02:31.569+0800][28.066s][info][gc,phases      ] GC(1006)   Evacuate Collection Set: 0.32ms
[2026-06-17T10:02:31.570+0800][28.066s][info][gc,phases      ] GC(1006)   Post Evacuate Collection Set: 0.16ms
[2026-06-17T10:02:31.570+0800][28.067s][info][gc,phases      ] GC(1006)   Other: 0.39ms
[2026-06-17T10:02:31.570+0800][28.067s][info][gc,heap        ] GC(1006) Eden regions: 14->0(15)
[2026-06-17T10:02:31.570+0800][28.067s][info][gc,heap        ] GC(1006) Survivor regions: 1->2(2)
[2026-06-17T10:02:31.570+0800][28.067s][info][gc,heap        ] GC(1006) Old regions: 25->22
[2026-06-17T10:02:31.571+0800][28.068s][info][gc,heap        ] GC(1006) Humongous regions: 13->13
[2026-06-17T10:02:31.571+0800][28.068s][info][gc,metaspace   ] GC(1006) Metaspace: 113K(320K)->113K(320K) NonClass: 105K(192K)->105K(192K) Class: 7K(128K)->7K(128K)
[2026-06-17T10:02:31.571+0800][28.068s][info][gc             ] GC(1006) Pause Young (Mixed) (G1 Evacuation Pause) 51M->36M(64M) 4.625ms
[2026-06-17T10:02:31.571+0800][28.068s][info][gc,cpu         ] GC(1006) User=0.00s Sys=0.00s Real=0.01s
[2026-06-17T10:02:31.613+0800][28.110s][info][gc,start       ] GC(1007) Pause Young (Normal) (G1 Evacuation Pause)
[2026-06-17T10:02:31.614+0800][28.111s][info][gc,task        ] GC(1007) Using 2 workers of 18 for evacuation
[2026-06-17T10:02:31.616+0800][28.113s][info][gc,phases      ] GC(1007)   Pre Evacuate Collection Set: 0.16ms
[2026-06-17T10:02:31.616+0800][28.113s][info][gc,phases      ] GC(1007)   Merge Heap Roots: 0.05ms
[2026-06-17T10:02:31.617+0800][28.114s][info][gc,phases      ] GC(1007)   Evacuate Collection Set: 0.49ms
[2026-06-17T10:02:31.618+0800][28.115s][info][gc,phases      ] GC(1007)   Post Evacuate Collection Set: 0.19ms
[2026-06-17T10:02:31.618+0800][28.115s][info][gc,phases      ] GC(1007)   Other: 0.77ms
[2026-06-17T10:02:31.619+0800][28.116s][info][gc,heap        ] GC(1007) Eden regions: 15->0(11)
[2026-06-17T10:02:31.619+0800][28.116s][info][gc,heap        ] GC(1007) Survivor regions: 2->3(3)
[2026-06-17T10:02:31.620+0800][28.117s][info][gc,heap        ] GC(1007) Old regions: 22->26
[2026-06-17T10:02:31.621+0800][28.118s][info][gc,heap        ] GC(1007) Humongous regions: 13->13
[2026-06-17T10:02:31.621+0800][28.118s][info][gc,metaspace   ] GC(1007) Metaspace: 113K(320K)->113K(320K) NonClass: 105K(192K)->105K(192K) Class: 7K(128K)->7K(128K)
[2026-06-17T10:02:31.622+0800][28.119s][info][gc             ] GC(1007) Pause Young (Normal) (G1 Evacuation Pause) 51M->41M(64M) 8.614ms
[2026-06-17T10:02:31.623+0800][28.119s][info][gc,cpu         ] GC(1007) User=0.00s Sys=0.00s Real=0.01s
[2026-06-17T10:02:31.634+0800][28.131s][info][gc,start       ] GC(1008) Pause Young (Concurrent Start) (G1 Humongous Allocation)
[2026-06-17T10:02:31.634+0800][28.131s][info][gc,task        ] GC(1008) Using 2 workers of 18 for evacuation
[2026-06-17T10:02:31.636+0800][28.133s][info][gc,phases      ] GC(1008)   Pre Evacuate Collection Set: 0.21ms
[2026-06-17T10:02:31.637+0800][28.134s][info][gc,phases      ] GC(1008)   Merge Heap Roots: 0.08ms
[2026-06-17T10:02:31.638+0800][28.135s][info][gc,phases      ] GC(1008)   Evacuate Collection Set: 0.25ms
[2026-06-17T10:02:31.639+0800][28.136s][info][gc,phases      ] GC(1008)   Post Evacuate Collection Set: 0.51ms
[2026-06-17T10:02:31.639+0800][28.136s][info][gc,phases      ] GC(1008)   Other: 0.90ms
[2026-06-17T10:02:31.640+0800][28.137s][info][gc,heap        ] GC(1008) Eden regions: 6->0(13)
[2026-06-17T10:02:31.641+0800][28.137s][info][gc,heap        ] GC(1008) Survivor regions: 3->0(2)
[2026-06-17T10:02:31.641+0800][28.138s][info][gc,heap        ] GC(1008) Old regions: 26->28
[2026-06-17T10:02:31.642+0800][28.139s][info][gc,heap        ] GC(1008) Humongous regions: 13->13
[2026-06-17T10:02:31.642+0800][28.139s][info][gc,metaspace   ] GC(1008) Metaspace: 113K(320K)->113K(320K) NonClass: 105K(192K)->105K(192K) Class: 7K(128K)->7K(128K)
[2026-06-17T10:02:31.643+0800][28.140s][info][gc             ] GC(1008) Pause Young (Concurrent Start) (G1 Humongous Allocation) 46M->40M(64M) 9.068ms
[2026-06-17T10:02:31.643+0800][28.140s][info][gc,cpu         ] GC(1008) User=0.00s Sys=0.00s Real=0.01s
[2026-06-17T10:02:31.643+0800][28.140s][info][gc             ] GC(1009) Concurrent Mark Cycle
[2026-06-17T10:02:31.644+0800][28.141s][info][gc,marking     ] GC(1009) Concurrent Scan Root Regions
[2026-06-17T10:02:31.644+0800][28.141s][info][gc,marking     ] GC(1009) Concurrent Scan Root Regions 0.258ms
[2026-06-17T10:02:31.644+0800][28.141s][info][gc,marking     ] GC(1009) Concurrent Mark
[2026-06-17T10:02:31.645+0800][28.142s][info][gc,marking     ] GC(1009) Concurrent Mark From Roots
[2026-06-17T10:02:31.645+0800][28.142s][info][gc,task        ] GC(1009) Using 5 workers of 5 for marking
[2026-06-17T10:02:31.647+0800][28.144s][info][gc,marking     ] GC(1009) Concurrent Mark From Roots 2.233ms
[2026-06-17T10:02:31.647+0800][28.144s][info][gc,marking     ] GC(1009) Concurrent Preclean
[2026-06-17T10:02:31.647+0800][28.144s][info][gc,marking     ] GC(1009) Concurrent Preclean 0.178ms
[2026-06-17T10:02:31.648+0800][28.144s][info][gc,start       ] GC(1009) Pause Remark
[2026-06-17T10:02:31.648+0800][28.145s][info][gc             ] GC(1009) Pause Remark 42M->42M(64M) 0.716ms
[2026-06-17T10:02:31.649+0800][28.145s][info][gc,cpu         ] GC(1009) User=0.00s Sys=0.00s Real=0.00s
[2026-06-17T10:02:31.649+0800][28.146s][info][gc,marking     ] GC(1009) Concurrent Mark 4.239ms
[2026-06-17T10:02:31.649+0800][28.146s][info][gc,marking     ] GC(1009) Concurrent Rebuild Remembered Sets and Scrub Regions
[2026-06-17T10:02:31.649+0800][28.146s][info][gc,marking     ] GC(1009) Concurrent Rebuild Remembered Sets and Scrub Regions 0.660ms
[2026-06-17T10:02:31.650+0800][28.147s][info][gc,start       ] GC(1009) Pause Cleanup
[2026-06-17T10:02:31.650+0800][28.147s][info][gc             ] GC(1009) Pause Cleanup 42M->42M(64M) 0.329ms
[2026-06-17T10:02:31.651+0800][28.147s][info][gc,cpu         ] GC(1009) User=0.00s Sys=0.00s Real=0.01s
[2026-06-17T10:02:31.651+0800][28.148s][info][gc,marking     ] GC(1009) Concurrent Clear Claimed Marks
[2026-06-17T10:02:31.651+0800][28.148s][info][gc,marking     ] GC(1009) Concurrent Clear Claimed Marks 0.085ms
[2026-06-17T10:02:31.651+0800][28.148s][info][gc,marking     ] GC(1009) Concurrent Cleanup for Next Mark
[2026-06-17T10:02:31.651+0800][28.148s][info][gc,marking     ] GC(1009) Concurrent Cleanup for Next Mark 0.160ms
[2026-06-17T10:02:31.651+0800][28.148s][info][gc             ] GC(1009) Concurrent Mark Cycle 7.960ms
[2026-06-17T10:02:31.685+0800][28.182s][info][gc,start       ] GC(1010) Pause Young (Prepare Mixed) (G1 Evacuation Pause)
[2026-06-17T10:02:31.685+0800][28.182s][info][gc,task        ] GC(1010) Using 2 workers of 18 for evacuation
[2026-06-17T10:02:31.686+0800][28.183s][info][gc,phases      ] GC(1010)   Pre Evacuate Collection Set: 0.15ms
[2026-06-17T10:02:31.686+0800][28.183s][info][gc,phases      ] GC(1010)   Merge Heap Roots: 0.04ms
[2026-06-17T10:02:31.687+0800][28.183s][info][gc,phases      ] GC(1010)   Evacuate Collection Set: 0.23ms
[2026-06-17T10:02:31.687+0800][28.184s][info][gc,phases      ] GC(1010)   Post Evacuate Collection Set: 0.20ms
[2026-06-17T10:02:31.687+0800][28.184s][info][gc,phases      ] GC(1010)   Other: 0.19ms
[2026-06-17T10:02:31.687+0800][28.184s][info][gc,heap        ] GC(1010) Eden regions: 13->0(9)
[2026-06-17T10:02:31.687+0800][28.184s][info][gc,heap        ] GC(1010) Survivor regions: 0->2(2)
[2026-06-17T10:02:31.687+0800][28.184s][info][gc,heap        ] GC(1010) Old regions: 28->29
[2026-06-17T10:02:31.687+0800][28.184s][info][gc,heap        ] GC(1010) Humongous regions: 15->15
[2026-06-17T10:02:31.687+0800][28.184s][info][gc,metaspace   ] GC(1010) Metaspace: 113K(320K)->113K(320K) NonClass: 105K(192K)->105K(192K) Class: 7K(128K)->7K(128K)
[2026-06-17T10:02:31.687+0800][28.184s][info][gc             ] GC(1010) Pause Young (Prepare Mixed) (G1 Evacuation Pause) 55M->45M(64M) 2.035ms
[2026-06-17T10:02:31.687+0800][28.184s][info][gc,cpu         ] GC(1010) User=0.00s Sys=0.00s Real=0.00s
[2026-06-17T10:02:31.708+0800][28.205s][info][gc,start       ] GC(1011) Pause Young (Mixed) (G1 Evacuation Pause)
[2026-06-17T10:02:31.709+0800][28.206s][info][gc,task        ] GC(1011) Using 2 workers of 18 for evacuation
[2026-06-17T10:02:31.710+0800][28.207s][info][gc,phases      ] GC(1011)   Pre Evacuate Collection Set: 0.15ms
[2026-06-17T10:02:31.710+0800][28.207s][info][gc,phases      ] GC(1011)   Merge Heap Roots: 0.05ms
[2026-06-17T10:02:31.711+0800][28.207s][info][gc,phases      ] GC(1011)   Evacuate Collection Set: 0.52ms
[2026-06-17T10:02:31.711+0800][28.208s][info][gc,phases      ] GC(1011)   Post Evacuate Collection Set: 0.29ms
[2026-06-17T10:02:31.711+0800][28.208s][info][gc,phases      ] GC(1011)   Other: 0.46ms
[2026-06-17T10:02:31.711+0800][28.208s][info][gc,heap        ] GC(1011) Eden regions: 9->0(10)
[2026-06-17T10:02:31.711+0800][28.208s][info][gc,heap        ] GC(1011) Survivor regions: 2->2(2)
[2026-06-17T10:02:31.711+0800][28.208s][info][gc,heap        ] GC(1011) Old regions: 29->27
[2026-06-17T10:02:31.711+0800][28.208s][info][gc,heap        ] GC(1011) Humongous regions: 15->15
[2026-06-17T10:02:31.712+0800][28.208s][info][gc,metaspace   ] GC(1011) Metaspace: 113K(320K)->113K(320K) NonClass: 105K(192K)->105K(192K) Class: 7K(128K)->7K(128K)
[2026-06-17T10:02:31.712+0800][28.208s][info][gc             ] GC(1011) Pause Young (Mixed) (G1 Evacuation Pause) 54M->43M(64M) 3.250ms
[2026-06-17T10:02:31.712+0800][28.209s][info][gc,cpu         ] GC(1011) User=0.01s Sys=0.00s Real=0.01s
[2026-06-17T10:02:31.733+0800][28.230s][info][gc,start       ] GC(1012) Pause Young (Mixed) (G1 Evacuation Pause)
[2026-06-17T10:02:31.734+0800][28.231s][info][gc,task        ] GC(1012) Using 2 workers of 18 for evacuation
[2026-06-17T10:02:31.735+0800][28.232s][info][gc,phases      ] GC(1012)   Pre Evacuate Collection Set: 0.15ms
[2026-06-17T10:02:31.735+0800][28.232s][info][gc,phases      ] GC(1012)   Merge Heap Roots: 0.04ms
[2026-06-17T10:02:31.735+0800][28.232s][info][gc,phases      ] GC(1012)   Evacuate Collection Set: 0.56ms
[2026-06-17T10:02:31.736+0800][28.232s][info][gc,phases      ] GC(1012)   Post Evacuate Collection Set: 0.24ms
[2026-06-17T10:02:31.736+0800][28.232s][info][gc,phases      ] GC(1012)   Other: 0.23ms
[2026-06-17T10:02:31.736+0800][28.233s][info][gc,heap        ] GC(1012) Eden regions: 10->0(7)
[2026-06-17T10:02:31.736+0800][28.233s][info][gc,heap        ] GC(1012) Survivor regions: 2->2(2)
[2026-06-17T10:02:31.736+0800][28.233s][info][gc,heap        ] GC(1012) Old regions: 27->31
[2026-06-17T10:02:31.736+0800][28.233s][info][gc,heap        ] GC(1012) Humongous regions: 15->15
[2026-06-17T10:02:31.736+0800][28.233s][info][gc,metaspace   ] GC(1012) Metaspace: 113K(320K)->113K(320K) NonClass: 105K(192K)->105K(192K) Class: 7K(128K)->7K(128K)
[2026-06-17T10:02:31.737+0800][28.233s][info][gc             ] GC(1012) Pause Young (Mixed) (G1 Evacuation Pause) 53M->47M(64M) 3.618ms
[2026-06-17T10:02:31.737+0800][28.234s][info][gc,cpu         ] GC(1012) User=0.00s Sys=0.00s Real=0.00s
[2026-06-17T10:02:31.758+0800][28.254s][info][gc,start       ] GC(1013) Pause Young (Concurrent Start) (G1 Evacuation Pause)
[2026-06-17T10:02:31.758+0800][28.255s][info][gc,task        ] GC(1013) Using 2 workers of 18 for evacuation
[2026-06-17T10:02:31.759+0800][28.256s][info][gc,phases      ] GC(1013)   Pre Evacuate Collection Set: 0.22ms
[2026-06-17T10:02:31.759+0800][28.256s][info][gc,phases      ] GC(1013)   Merge Heap Roots: 0.05ms
[2026-06-17T10:02:31.759+0800][28.256s][info][gc,phases      ] GC(1013)   Evacuate Collection Set: 0.30ms
[2026-06-17T10:02:31.760+0800][28.256s][info][gc,phases      ] GC(1013)   Post Evacuate Collection Set: 0.28ms
[2026-06-17T10:02:31.760+0800][28.256s][info][gc,phases      ] GC(1013)   Other: 0.33ms
[2026-06-17T10:02:31.760+0800][28.257s][info][gc,heap        ] GC(1013) Eden regions: 7->0(6)
[2026-06-17T10:02:31.760+0800][28.257s][info][gc,heap        ] GC(1013) Survivor regions: 2->2(2)
[2026-06-17T10:02:31.760+0800][28.257s][info][gc,heap        ] GC(1013) Old regions: 31->32
[2026-06-17T10:02:31.760+0800][28.257s][info][gc,heap        ] GC(1013) Humongous regions: 15->15
[2026-06-17T10:02:31.760+0800][28.257s][info][gc,metaspace   ] GC(1013) Metaspace: 113K(320K)->113K(320K) NonClass: 105K(192K)->105K(192K) Class: 7K(128K)->7K(128K)
[2026-06-17T10:02:31.760+0800][28.257s][info][gc             ] GC(1013) Pause Young (Concurrent Start) (G1 Evacuation Pause) 54M->48M(64M) 2.535ms
[2026-06-17T10:02:31.760+0800][28.257s][info][gc,cpu         ] GC(1013) User=0.00s Sys=0.00s Real=0.00s
[2026-06-17T10:02:31.760+0800][28.257s][info][gc             ] GC(1014) Concurrent Mark Cycle
[2026-06-17T10:02:31.761+0800][28.257s][info][gc,marking     ] GC(1014) Concurrent Scan Root Regions
[2026-06-17T10:02:31.761+0800][28.258s][info][gc,marking     ] GC(1014) Concurrent Scan Root Regions 0.174ms
[2026-06-17T10:02:31.761+0800][28.258s][info][gc,marking     ] GC(1014) Concurrent Mark
[2026-06-17T10:02:31.761+0800][28.258s][info][gc,marking     ] GC(1014) Concurrent Mark From Roots
[2026-06-17T10:02:31.761+0800][28.258s][info][gc,task        ] GC(1014) Using 5 workers of 5 for marking
[2026-06-17T10:02:31.762+0800][28.259s][info][gc,marking     ] GC(1014) Concurrent Mark From Roots 1.285ms
[2026-06-17T10:02:31.762+0800][28.259s][info][gc,marking     ] GC(1014) Concurrent Preclean
[2026-06-17T10:02:31.762+0800][28.259s][info][gc,marking     ] GC(1014) Concurrent Preclean 0.155ms
[2026-06-17T10:02:31.763+0800][28.260s][info][gc,start       ] GC(1014) Pause Remark
[2026-06-17T10:02:31.763+0800][28.260s][info][gc             ] GC(1014) Pause Remark 51M->44M(64M) 0.373ms
[2026-06-17T10:02:31.763+0800][28.260s][info][gc,cpu         ] GC(1014) User=0.00s Sys=0.00s Real=0.00s
[2026-06-17T10:02:31.763+0800][28.260s][info][gc,marking     ] GC(1014) Concurrent Mark 2.441ms
[2026-06-17T10:02:31.763+0800][28.260s][info][gc,marking     ] GC(1014) Concurrent Rebuild Remembered Sets and Scrub Regions
[2026-06-17T10:02:31.764+0800][28.261s][info][gc,marking     ] GC(1014) Concurrent Rebuild Remembered Sets and Scrub Regions 0.522ms
[2026-06-17T10:02:31.764+0800][28.261s][info][gc,start       ] GC(1014) Pause Cleanup
[2026-06-17T10:02:31.765+0800][28.262s][info][gc             ] GC(1014) Pause Cleanup 44M->44M(64M) 0.213ms
[2026-06-17T10:02:31.765+0800][28.262s][info][gc,cpu         ] GC(1014) User=0.00s Sys=0.00s Real=0.00s
[2026-06-17T10:02:31.765+0800][28.262s][info][gc,marking     ] GC(1014) Concurrent Clear Claimed Marks
[2026-06-17T10:02:31.765+0800][28.262s][info][gc,marking     ] GC(1014) Concurrent Clear Claimed Marks 0.129ms
[2026-06-17T10:02:31.765+0800][28.262s][info][gc,marking     ] GC(1014) Concurrent Cleanup for Next Mark
[2026-06-17T10:02:31.765+0800][28.262s][info][gc,marking     ] GC(1014) Concurrent Cleanup for Next Mark 0.163ms
[2026-06-17T10:02:31.765+0800][28.262s][info][gc             ] GC(1014) Concurrent Mark Cycle 5.072ms
[2026-06-17T10:02:31.771+0800][28.268s][info][gc,start       ] GC(1015) Pause Young (Prepare Mixed) (G1 Evacuation Pause)
[2026-06-17T10:02:31.771+0800][28.268s][info][gc,task        ] GC(1015) Using 2 workers of 18 for evacuation
[2026-06-17T10:02:31.772+0800][28.269s][info][gc,phases      ] GC(1015)   Pre Evacuate Collection Set: 0.12ms
[2026-06-17T10:02:31.772+0800][28.269s][info][gc,phases      ] GC(1015)   Merge Heap Roots: 0.04ms
[2026-06-17T10:02:31.773+0800][28.269s][info][gc,phases      ] GC(1015)   Evacuate Collection Set: 0.35ms
[2026-06-17T10:02:31.773+0800][28.270s][info][gc,phases      ] GC(1015)   Post Evacuate Collection Set: 0.16ms
[2026-06-17T10:02:31.773+0800][28.270s][info][gc,phases      ] GC(1015)   Other: 0.20ms
[2026-06-17T10:02:31.773+0800][28.270s][info][gc,heap        ] GC(1015) Eden regions: 6->0(7)
[2026-06-17T10:02:31.773+0800][28.270s][info][gc,heap        ] GC(1015) Survivor regions: 2->1(1)
[2026-06-17T10:02:31.773+0800][28.270s][info][gc,heap        ] GC(1015) Old regions: 25->30
[2026-06-17T10:02:31.773+0800][28.270s][info][gc,heap        ] GC(1015) Humongous regions: 15->15
[2026-06-17T10:02:31.773+0800][28.270s][info][gc,metaspace   ] GC(1015) Metaspace: 113K(320K)->113K(320K) NonClass: 105K(192K)->105K(192K) Class: 7K(128K)->7K(128K)
[2026-06-17T10:02:31.773+0800][28.270s][info][gc             ] GC(1015) Pause Young (Prepare Mixed) (G1 Evacuation Pause) 47M->45M(64M) 2.313ms
[2026-06-17T10:02:31.773+0800][28.270s][info][gc,cpu         ] GC(1015) User=0.00s Sys=0.00s Real=0.00s
[2026-06-17T10:02:31.794+0800][28.291s][info][gc,start       ] GC(1016) Pause Young (Mixed) (G1 Evacuation Pause)
[2026-06-17T10:02:31.795+0800][28.292s][info][gc,task        ] GC(1016) Using 2 workers of 18 for evacuation
[2026-06-17T10:02:31.796+0800][28.293s][info][gc,phases      ] GC(1016)   Pre Evacuate Collection Set: 0.13ms
[2026-06-17T10:02:31.796+0800][28.293s][info][gc,phases      ] GC(1016)   Merge Heap Roots: 0.06ms
[2026-06-17T10:02:31.796+0800][28.293s][info][gc,phases      ] GC(1016)   Evacuate Collection Set: 0.39ms
[2026-06-17T10:02:31.796+0800][28.293s][info][gc,phases      ] GC(1016)   Post Evacuate Collection Set: 0.17ms
[2026-06-17T10:02:31.796+0800][28.293s][info][gc,phases      ] GC(1016)   Other: 0.25ms
[2026-06-17T10:02:31.796+0800][28.293s][info][gc,heap        ] GC(1016) Eden regions: 7->0(10)
[2026-06-17T10:02:31.797+0800][28.293s][info][gc,heap        ] GC(1016) Survivor regions: 1->1(1)
[2026-06-17T10:02:31.797+0800][28.294s][info][gc,heap        ] GC(1016) Old regions: 30->27
[2026-06-17T10:02:31.797+0800][28.294s][info][gc,heap        ] GC(1016) Humongous regions: 15->15
[2026-06-17T10:02:31.797+0800][28.294s][info][gc,metaspace   ] GC(1016) Metaspace: 113K(320K)->113K(320K) NonClass: 105K(192K)->105K(192K) Class: 7K(128K)->7K(128K)
[2026-06-17T10:02:31.797+0800][28.294s][info][gc             ] GC(1016) Pause Young (Mixed) (G1 Evacuation Pause) 52M->42M(64M) 2.515ms
[2026-06-17T10:02:31.797+0800][28.294s][info][gc,cpu         ] GC(1016) User=0.00s Sys=0.00s Real=0.00s
[2026-06-17T10:02:31.829+0800][28.325s][info][gc,start       ] GC(1017) Pause Young (Mixed) (G1 Evacuation Pause)
[2026-06-17T10:02:31.829+0800][28.326s][info][gc,task        ] GC(1017) Using 2 workers of 18 for evacuation
[2026-06-17T10:02:31.830+0800][28.327s][info][gc,phases      ] GC(1017)   Pre Evacuate Collection Set: 0.16ms
[2026-06-17T10:02:31.831+0800][28.328s][info][gc,phases      ] GC(1017)   Merge Heap Roots: 0.05ms
[2026-06-17T10:02:31.831+0800][28.328s][info][gc,phases      ] GC(1017)   Evacuate Collection Set: 0.56ms
[2026-06-17T10:02:31.831+0800][28.328s][info][gc,phases      ] GC(1017)   Post Evacuate Collection Set: 0.28ms
[2026-06-17T10:02:31.831+0800][28.328s][info][gc,phases      ] GC(1017)   Other: 0.21ms
[2026-06-17T10:02:31.832+0800][28.329s][info][gc,heap        ] GC(1017) Eden regions: 10->0(9)
[2026-06-17T10:02:31.832+0800][28.329s][info][gc,heap        ] GC(1017) Survivor regions: 1->2(2)
[2026-06-17T10:02:31.832+0800][28.329s][info][gc,heap        ] GC(1017) Old regions: 27->27
[2026-06-17T10:02:31.832+0800][28.329s][info][gc,heap        ] GC(1017) Humongous regions: 15->15
[2026-06-17T10:02:31.832+0800][28.329s][info][gc,metaspace   ] GC(1017) Metaspace: 113K(320K)->113K(320K) NonClass: 105K(192K)->105K(192K) Class: 7K(128K)->7K(128K)
[2026-06-17T10:02:31.833+0800][28.329s][info][gc             ] GC(1017) Pause Young (Mixed) (G1 Evacuation Pause) 52M->43M(64M) 4.019ms
[2026-06-17T10:02:31.833+0800][28.330s][info][gc,cpu         ] GC(1017) User=0.00s Sys=0.00s Real=0.01s
[2026-06-17T10:02:31.854+0800][28.351s][info][gc,start       ] GC(1018) Pause Young (Normal) (G1 Evacuation Pause)
[2026-06-17T10:02:31.855+0800][28.352s][info][gc,task        ] GC(1018) Using 2 workers of 18 for evacuation
[2026-06-17T10:02:31.857+0800][28.353s][info][gc,phases      ] GC(1018)   Pre Evacuate Collection Set: 0.30ms
[2026-06-17T10:02:31.857+0800][28.354s][info][gc,phases      ] GC(1018)   Merge Heap Roots: 0.25ms
[2026-06-17T10:02:31.857+0800][28.354s][info][gc,phases      ] GC(1018)   Evacuate Collection Set: 0.39ms
[2026-06-17T10:02:31.857+0800][28.354s][info][gc,phases      ] GC(1018)   Post Evacuate Collection Set: 0.30ms
[2026-06-17T10:02:31.857+0800][28.354s][info][gc,phases      ] GC(1018)   Other: 0.31ms
[2026-06-17T10:02:31.857+0800][28.354s][info][gc,heap        ] GC(1018) Eden regions: 9->0(6)
[2026-06-17T10:02:31.857+0800][28.354s][info][gc,heap        ] GC(1018) Survivor regions: 2->2(2)
[2026-06-17T10:02:31.858+0800][28.354s][info][gc,heap        ] GC(1018) Old regions: 27->30
[2026-06-17T10:02:31.858+0800][28.355s][info][gc,heap        ] GC(1018) Humongous regions: 17->17
[2026-06-17T10:02:31.858+0800][28.355s][info][gc,metaspace   ] GC(1018) Metaspace: 113K(320K)->113K(320K) NonClass: 105K(192K)->105K(192K) Class: 7K(128K)->7K(128K)
[2026-06-17T10:02:31.858+0800][28.355s][info][gc             ] GC(1018) Pause Young (Normal) (G1 Evacuation Pause) 54M->48M(64M) 3.592ms
[2026-06-17T10:02:31.858+0800][28.355s][info][gc,cpu         ] GC(1018) User=0.00s Sys=0.00s Real=0.00s
[2026-06-17T10:02:31.869+0800][28.366s][info][gc,start       ] GC(1019) Pause Young (Concurrent Start) (G1 Evacuation Pause)
[2026-06-17T10:02:31.869+0800][28.366s][info][gc,task        ] GC(1019) Using 2 workers of 18 for evacuation
[2026-06-17T10:02:31.870+0800][28.367s][info][gc,phases      ] GC(1019)   Pre Evacuate Collection Set: 0.13ms
[2026-06-17T10:02:31.870+0800][28.367s][info][gc,phases      ] GC(1019)   Merge Heap Roots: 0.04ms
[2026-06-17T10:02:31.870+0800][28.367s][info][gc,phases      ] GC(1019)   Evacuate Collection Set: 0.18ms
[2026-06-17T10:02:31.870+0800][28.367s][info][gc,phases      ] GC(1019)   Post Evacuate Collection Set: 0.15ms
[2026-06-17T10:02:31.870+0800][28.367s][info][gc,phases      ] GC(1019)   Other: 0.24ms
[2026-06-17T10:02:31.870+0800][28.367s][info][gc,heap        ] GC(1019) Eden regions: 6->0(7)
[2026-06-17T10:02:31.870+0800][28.367s][info][gc,heap        ] GC(1019) Survivor regions: 2->1(1)
[2026-06-17T10:02:31.871+0800][28.367s][info][gc,heap        ] GC(1019) Old regions: 30->31
[2026-06-17T10:02:31.871+0800][28.368s][info][gc,heap        ] GC(1019) Humongous regions: 17->17
[2026-06-17T10:02:31.871+0800][28.368s][info][gc,metaspace   ] GC(1019) Metaspace: 113K(320K)->113K(320K) NonClass: 105K(192K)->105K(192K) Class: 7K(128K)->7K(128K)
[2026-06-17T10:02:31.871+0800][28.368s][info][gc             ] GC(1019) Pause Young (Concurrent Start) (G1 Evacuation Pause) 54M->47M(64M) 2.249ms
[2026-06-17T10:02:31.871+0800][28.368s][info][gc,cpu         ] GC(1019) User=0.00s Sys=0.00s Real=0.01s
[2026-06-17T10:02:31.871+0800][28.368s][info][gc             ] GC(1020) Concurrent Mark Cycle
[2026-06-17T10:02:31.871+0800][28.368s][info][gc,marking     ] GC(1020) Concurrent Scan Root Regions
[2026-06-17T10:02:31.871+0800][28.368s][info][gc,marking     ] GC(1020) Concurrent Scan Root Regions 0.147ms
[2026-06-17T10:02:31.872+0800][28.368s][info][gc,marking     ] GC(1020) Concurrent Mark
[2026-06-17T10:02:31.872+0800][28.369s][info][gc,marking     ] GC(1020) Concurrent Mark From Roots
[2026-06-17T10:02:31.872+0800][28.369s][info][gc,task        ] GC(1020) Using 5 workers of 5 for marking
[2026-06-17T10:02:31.873+0800][28.370s][info][gc,marking     ] GC(1020) Concurrent Mark From Roots 1.701ms
[2026-06-17T10:02:31.874+0800][28.370s][info][gc,marking     ] GC(1020) Concurrent Preclean
[2026-06-17T10:02:31.874+0800][28.371s][info][gc,marking     ] GC(1020) Concurrent Preclean 0.276ms
[2026-06-17T10:02:31.874+0800][28.371s][info][gc,start       ] GC(1020) Pause Remark
[2026-06-17T10:02:31.875+0800][28.372s][info][gc             ] GC(1020) Pause Remark 49M->47M(64M) 0.761ms
[2026-06-17T10:02:31.875+0800][28.372s][info][gc,cpu         ] GC(1020) User=0.00s Sys=0.00s Real=0.00s
[2026-06-17T10:02:31.875+0800][28.372s][info][gc,marking     ] GC(1020) Concurrent Mark 3.674ms
[2026-06-17T10:02:31.875+0800][28.372s][info][gc,marking     ] GC(1020) Concurrent Rebuild Remembered Sets and Scrub Regions
[2026-06-17T10:02:31.876+0800][28.373s][info][gc,marking     ] GC(1020) Concurrent Rebuild Remembered Sets and Scrub Regions 0.517ms
[2026-06-17T10:02:31.876+0800][28.373s][info][gc,start       ] GC(1020) Pause Cleanup
[2026-06-17T10:02:31.876+0800][28.373s][info][gc             ] GC(1020) Pause Cleanup 47M->47M(64M) 0.237ms
[2026-06-17T10:02:31.876+0800][28.373s][info][gc,cpu         ] GC(1020) User=0.00s Sys=0.00s Real=0.00s
[2026-06-17T10:02:31.877+0800][28.373s][info][gc,marking     ] GC(1020) Concurrent Clear Claimed Marks
[2026-06-17T10:02:31.877+0800][28.374s][info][gc,marking     ] GC(1020) Concurrent Clear Claimed Marks 0.122ms
[2026-06-17T10:02:31.877+0800][28.374s][info][gc,marking     ] GC(1020) Concurrent Cleanup for Next Mark
[2026-06-17T10:02:31.877+0800][28.374s][info][gc,marking     ] GC(1020) Concurrent Cleanup for Next Mark 0.217ms
[2026-06-17T10:02:31.877+0800][28.374s][info][gc             ] GC(1020) Concurrent Mark Cycle 6.106ms
[2026-06-17T10:02:31.892+0800][28.389s][info][gc,start       ] GC(1021) Pause Young (Prepare Mixed) (G1 Evacuation Pause)
[2026-06-17T10:02:31.893+0800][28.390s][info][gc,task        ] GC(1021) Using 2 workers of 18 for evacuation
[2026-06-17T10:02:31.894+0800][28.391s][info][gc,phases      ] GC(1021)   Pre Evacuate Collection Set: 0.17ms
[2026-06-17T10:02:31.894+0800][28.391s][info][gc,phases      ] GC(1021)   Merge Heap Roots: 0.05ms
[2026-06-17T10:02:31.894+0800][28.391s][info][gc,phases      ] GC(1021)   Evacuate Collection Set: 0.32ms
[2026-06-17T10:02:31.894+0800][28.391s][info][gc,phases      ] GC(1021)   Post Evacuate Collection Set: 0.27ms
[2026-06-17T10:02:31.894+0800][28.391s][info][gc,phases      ] GC(1021)   Other: 0.21ms
[2026-06-17T10:02:31.894+0800][28.391s][info][gc,heap        ] GC(1021) Eden regions: 7->0(5)
[2026-06-17T10:02:31.894+0800][28.391s][info][gc,heap        ] GC(1021) Survivor regions: 1->1(1)
[2026-06-17T10:02:31.895+0800][28.391s][info][gc,heap        ] GC(1021) Old regions: 29->33
[2026-06-17T10:02:31.895+0800][28.392s][info][gc,heap        ] GC(1021) Humongous regions: 17->17
[2026-06-17T10:02:31.895+0800][28.392s][info][gc,metaspace   ] GC(1021) Metaspace: 113K(320K)->113K(320K) NonClass: 105K(192K)->105K(192K) Class: 7K(128K)->7K(128K)
[2026-06-17T10:02:31.895+0800][28.392s][info][gc             ] GC(1021) Pause Young (Prepare Mixed) (G1 Evacuation Pause) 52M->50M(64M) 2.588ms
[2026-06-17T10:02:31.895+0800][28.392s][info][gc,cpu         ] GC(1021) User=0.00s Sys=0.01s Real=0.00s
[2026-06-17T10:02:31.906+0800][28.403s][info][gc,start       ] GC(1022) Pause Young (Mixed) (G1 Evacuation Pause)
[2026-06-17T10:02:31.906+0800][28.403s][info][gc,task        ] GC(1022) Using 2 workers of 18 for evacuation
[2026-06-17T10:02:31.907+0800][28.404s][info][gc,phases      ] GC(1022)   Pre Evacuate Collection Set: 0.11ms
[2026-06-17T10:02:31.907+0800][28.404s][info][gc,phases      ] GC(1022)   Merge Heap Roots: 0.04ms
[2026-06-17T10:02:31.907+0800][28.404s][info][gc,phases      ] GC(1022)   Evacuate Collection Set: 0.35ms
[2026-06-17T10:02:31.908+0800][28.404s][info][gc,phases      ] GC(1022)   Post Evacuate Collection Set: 0.15ms
[2026-06-17T10:02:31.908+0800][28.405s][info][gc,phases      ] GC(1022)   Other: 0.24ms
[2026-06-17T10:02:31.908+0800][28.405s][info][gc,heap        ] GC(1022) Eden regions: 5->0(8)
[2026-06-17T10:02:31.908+0800][28.405s][info][gc,heap        ] GC(1022) Survivor regions: 1->1(1)
[2026-06-17T10:02:31.908+0800][28.405s][info][gc,heap        ] GC(1022) Old regions: 33->29
[2026-06-17T10:02:31.908+0800][28.405s][info][gc,heap        ] GC(1022) Humongous regions: 17->17
[2026-06-17T10:02:31.908+0800][28.405s][info][gc,metaspace   ] GC(1022) Metaspace: 113K(320K)->113K(320K) NonClass: 105K(192K)->105K(192K) Class: 7K(128K)->7K(128K)
[2026-06-17T10:02:31.908+0800][28.405s][info][gc             ] GC(1022) Pause Young (Mixed) (G1 Evacuation Pause) 54M->45M(64M) 2.483ms
[2026-06-17T10:02:31.909+0800][28.405s][info][gc,cpu         ] GC(1022) User=0.00s Sys=0.00s Real=0.00s
[2026-06-17T10:02:31.930+0800][28.427s][info][gc,start       ] GC(1023) Pause Young (Mixed) (G1 Evacuation Pause)
[2026-06-17T10:02:31.931+0800][28.428s][info][gc,task        ] GC(1023) Using 2 workers of 18 for evacuation
[2026-06-17T10:02:31.934+0800][28.431s][info][gc,phases      ] GC(1023)   Pre Evacuate Collection Set: 0.19ms
[2026-06-17T10:02:31.935+0800][28.431s][info][gc,phases      ] GC(1023)   Merge Heap Roots: 0.08ms
[2026-06-17T10:02:31.935+0800][28.432s][info][gc,phases      ] GC(1023)   Evacuate Collection Set: 0.50ms
[2026-06-17T10:02:31.935+0800][28.432s][info][gc,phases      ] GC(1023)   Post Evacuate Collection Set: 0.33ms
[2026-06-17T10:02:31.936+0800][28.433s][info][gc,phases      ] GC(1023)   Other: 2.09ms
[2026-06-17T10:02:31.937+0800][28.434s][info][gc,heap        ] GC(1023) Eden regions: 8->0(5)
[2026-06-17T10:02:31.937+0800][28.434s][info][gc,heap        ] GC(1023) Survivor regions: 1->2(2)
[2026-06-17T10:02:31.939+0800][28.436s][info][gc,heap        ] GC(1023) Old regions: 29->32
[2026-06-17T10:02:31.941+0800][28.437s][info][gc,heap        ] GC(1023) Humongous regions: 17->17
[2026-06-17T10:02:31.941+0800][28.438s][info][gc,metaspace   ] GC(1023) Metaspace: 113K(320K)->113K(320K) NonClass: 105K(192K)->105K(192K) Class: 7K(128K)->7K(128K)
[2026-06-17T10:02:31.942+0800][28.439s][info][gc             ] GC(1023) Pause Young (Mixed) (G1 Evacuation Pause) 53M->49M(64M) 12.277ms
[2026-06-17T10:02:31.944+0800][28.441s][info][gc,cpu         ] GC(1023) User=0.01s Sys=0.00s Real=0.02s
[2026-06-17T10:02:31.956+0800][28.453s][info][gc,start       ] GC(1024) Pause Young (Concurrent Start) (G1 Evacuation Pause)
[2026-06-17T10:02:31.956+0800][28.453s][info][gc,task        ] GC(1024) Using 2 workers of 18 for evacuation
[2026-06-17T10:02:31.957+0800][28.454s][info][gc,phases      ] GC(1024)   Pre Evacuate Collection Set: 0.22ms
[2026-06-17T10:02:31.959+0800][28.456s][info][gc,phases      ] GC(1024)   Merge Heap Roots: 0.04ms
[2026-06-17T10:02:31.961+0800][28.458s][info][gc,phases      ] GC(1024)   Evacuate Collection Set: 0.39ms
[2026-06-17T10:02:31.963+0800][28.460s][info][gc,phases      ] GC(1024)   Post Evacuate Collection Set: 0.22ms
[2026-06-17T10:02:31.963+0800][28.460s][info][gc,phases      ] GC(1024)   Other: 0.37ms
[2026-06-17T10:02:31.964+0800][28.461s][info][gc,heap        ] GC(1024) Eden regions: 5->0(6)
[2026-06-17T10:02:31.965+0800][28.462s][info][gc,heap        ] GC(1024) Survivor regions: 2->1(1)
[2026-06-17T10:02:31.967+0800][28.464s][info][gc,heap        ] GC(1024) Old regions: 32->33
[2026-06-17T10:02:31.969+0800][28.466s][info][gc,heap        ] GC(1024) Humongous regions: 17->17
[2026-06-17T10:02:31.971+0800][28.468s][info][gc,metaspace   ] GC(1024) Metaspace: 113K(320K)->113K(320K) NonClass: 105K(192K)->105K(192K) Class: 7K(128K)->7K(128K)
[2026-06-17T10:02:31.973+0800][28.470s][info][gc             ] GC(1024) Pause Young (Concurrent Start) (G1 Evacuation Pause) 54M->49M(64M) 17.337ms
[2026-06-17T10:02:31.974+0800][28.470s][info][gc,cpu         ] GC(1024) User=0.00s Sys=0.00s Real=0.02s
[2026-06-17T10:02:31.974+0800][28.470s][info][gc             ] GC(1025) Concurrent Mark Cycle
[2026-06-17T10:02:31.974+0800][28.471s][info][gc,marking     ] GC(1025) Concurrent Scan Root Regions
[2026-06-17T10:02:31.974+0800][28.471s][info][gc,marking     ] GC(1025) Concurrent Scan Root Regions 0.321ms
[2026-06-17T10:02:31.975+0800][28.472s][info][gc,marking     ] GC(1025) Concurrent Mark
[2026-06-17T10:02:31.976+0800][28.473s][info][gc,marking     ] GC(1025) Concurrent Mark From Roots
[2026-06-17T10:02:31.976+0800][28.473s][info][gc,task        ] GC(1025) Using 5 workers of 5 for marking
[2026-06-17T10:02:31.978+0800][28.475s][info][gc,marking     ] GC(1025) Concurrent Mark From Roots 2.439ms
[2026-06-17T10:02:31.979+0800][28.476s][info][gc,marking     ] GC(1025) Concurrent Preclean
[2026-06-17T10:02:31.981+0800][28.478s][info][gc,marking     ] GC(1025) Concurrent Preclean 1.996ms
[2026-06-17T10:02:31.984+0800][28.481s][info][gc,start       ] GC(1025) Pause Remark
[2026-06-17T10:02:31.986+0800][28.483s][info][gc             ] GC(1025) Pause Remark 51M->40M(64M) 2.190ms
[2026-06-17T10:02:31.988+0800][28.484s][info][gc,cpu         ] GC(1025) User=0.00s Sys=0.00s Real=0.00s
[2026-06-17T10:02:31.991+0800][28.487s][info][gc,marking     ] GC(1025) Concurrent Mark 15.543ms
[2026-06-17T10:02:31.991+0800][28.488s][info][gc,marking     ] GC(1025) Concurrent Rebuild Remembered Sets and Scrub Regions
[2026-06-17T10:02:31.992+0800][28.489s][info][gc,marking     ] GC(1025) Concurrent Rebuild Remembered Sets and Scrub Regions 0.886ms
[2026-06-17T10:02:31.993+0800][28.490s][info][gc,start       ] GC(1025) Pause Cleanup
[2026-06-17T10:02:31.995+0800][28.492s][info][gc             ] GC(1025) Pause Cleanup 43M->43M(64M) 2.119ms
[2026-06-17T10:02:31.997+0800][28.493s][info][gc,cpu         ] GC(1025) User=0.00s Sys=0.00s Real=0.00s
[2026-06-17T10:02:31.999+0800][28.495s][info][gc,marking     ] GC(1025) Concurrent Clear Claimed Marks
[2026-06-17T10:02:32.000+0800][28.497s][info][gc,marking     ] GC(1025) Concurrent Clear Claimed Marks 1.280ms
[2026-06-17T10:02:32.000+0800][28.497s][info][gc,marking     ] GC(1025) Concurrent Cleanup for Next Mark
[2026-06-17T10:02:32.001+0800][28.498s][info][gc,start       ] GC(1026) Pause Young (Prepare Mixed) (G1 Evacuation Pause)
[2026-06-17T10:02:32.031+0800][28.527s][info][gc,task        ] GC(1026) Using 2 workers of 18 for evacuation
[2026-06-17T10:02:32.032+0800][28.528s][info][gc,phases      ] GC(1026)   Pre Evacuate Collection Set: 0.18ms
[2026-06-17T10:02:32.041+0800][28.538s][info][gc,phases      ] GC(1026)   Merge Heap Roots: 0.09ms
[2026-06-17T10:02:32.041+0800][28.538s][info][gc,phases      ] GC(1026)   Evacuate Collection Set: 0.30ms
[2026-06-17T10:02:32.041+0800][28.538s][info][gc,phases      ] GC(1026)   Post Evacuate Collection Set: 0.21ms
[2026-06-17T10:02:32.041+0800][28.538s][info][gc,phases      ] GC(1026)   Other: 0.31ms
[2026-06-17T10:02:32.041+0800][28.538s][info][gc,heap        ] GC(1026) Eden regions: 6->0(9)
[2026-06-17T10:02:32.041+0800][28.538s][info][gc,heap        ] GC(1026) Survivor regions: 1->1(1)
[2026-06-17T10:02:32.041+0800][28.538s][info][gc,heap        ] GC(1026) Old regions: 22->24
[2026-06-17T10:02:32.042+0800][28.538s][info][gc,heap        ] GC(1026) Humongous regions: 17->17
[2026-06-17T10:02:32.042+0800][28.538s][info][gc,metaspace   ] GC(1026) Metaspace: 113K(320K)->113K(320K) NonClass: 105K(192K)->105K(192K) Class: 7K(128K)->7K(128K)
[2026-06-17T10:02:32.042+0800][28.539s][info][gc             ] GC(1026) Pause Young (Prepare Mixed) (G1 Evacuation Pause) 44M->41M(64M) 40.708ms
[2026-06-17T10:02:32.042+0800][28.539s][info][gc,cpu         ] GC(1026) User=0.00s Sys=0.00s Real=0.04s
[2026-06-17T10:02:32.042+0800][28.539s][info][gc,marking     ] GC(1025) Concurrent Cleanup for Next Mark 41.916ms
[2026-06-17T10:02:32.042+0800][28.539s][info][gc             ] GC(1025) Concurrent Mark Cycle 68.727ms
[2026-06-17T10:02:32.063+0800][28.560s][info][gc,start       ] GC(1027) Pause Young (Mixed) (G1 Evacuation Pause)
[2026-06-17T10:02:32.063+0800][28.560s][info][gc,task        ] GC(1027) Using 2 workers of 18 for evacuation
[2026-06-17T10:02:32.064+0800][28.561s][info][gc,phases      ] GC(1027)   Pre Evacuate Collection Set: 0.13ms
[2026-06-17T10:02:32.065+0800][28.561s][info][gc,phases      ] GC(1027)   Merge Heap Roots: 0.05ms
[2026-06-17T10:02:32.065+0800][28.562s][info][gc,phases      ] GC(1027)   Evacuate Collection Set: 0.49ms
[2026-06-17T10:02:32.065+0800][28.562s][info][gc,phases      ] GC(1027)   Post Evacuate Collection Set: 0.21ms
[2026-06-17T10:02:32.065+0800][28.562s][info][gc,phases      ] GC(1027)   Other: 0.25ms
[2026-06-17T10:02:32.065+0800][28.562s][info][gc,heap        ] GC(1027) Eden regions: 9->0(9)
[2026-06-17T10:02:32.065+0800][28.562s][info][gc,heap        ] GC(1027) Survivor regions: 1->2(2)
[2026-06-17T10:02:32.065+0800][28.562s][info][gc,heap        ] GC(1027) Old regions: 24->24
[2026-06-17T10:02:32.065+0800][28.562s][info][gc,heap        ] GC(1027) Humongous regions: 17->17
[2026-06-17T10:02:32.065+0800][28.562s][info][gc,metaspace   ] GC(1027) Metaspace: 113K(320K)->113K(320K) NonClass: 105K(192K)->105K(192K) Class: 7K(128K)->7K(128K)
[2026-06-17T10:02:32.065+0800][28.562s][info][gc             ] GC(1027) Pause Young (Mixed) (G1 Evacuation Pause) 50M->42M(64M) 2.454ms
[2026-06-17T10:02:32.066+0800][28.562s][info][gc,cpu         ] GC(1027) User=0.00s Sys=0.00s Real=0.00s
[2026-06-17T10:02:32.087+0800][28.584s][info][gc,start       ] GC(1028) Pause Young (Normal) (G1 Evacuation Pause)
[2026-06-17T10:02:32.087+0800][28.584s][info][gc,task        ] GC(1028) Using 2 workers of 18 for evacuation
[2026-06-17T10:02:32.088+0800][28.584s][info][gc,phases      ] GC(1028)   Pre Evacuate Collection Set: 0.11ms
[2026-06-17T10:02:32.088+0800][28.585s][info][gc,phases      ] GC(1028)   Merge Heap Roots: 0.04ms
[2026-06-17T10:02:32.088+0800][28.585s][info][gc,phases      ] GC(1028)   Evacuate Collection Set: 0.13ms
[2026-06-17T10:02:32.088+0800][28.585s][info][gc,phases      ] GC(1028)   Post Evacuate Collection Set: 0.14ms
[2026-06-17T10:02:32.088+0800][28.585s][info][gc,phases      ] GC(1028)   Other: 0.23ms
[2026-06-17T10:02:32.088+0800][28.585s][info][gc,heap        ] GC(1028) Eden regions: 9->0(10)
[2026-06-17T10:02:32.089+0800][28.585s][info][gc,heap        ] GC(1028) Survivor regions: 2->1(2)
[2026-06-17T10:02:32.089+0800][28.586s][info][gc,heap        ] GC(1028) Old regions: 24->25
[2026-06-17T10:02:32.089+0800][28.586s][info][gc,heap        ] GC(1028) Humongous regions: 17->17
[2026-06-17T10:02:32.089+0800][28.586s][info][gc,metaspace   ] GC(1028) Metaspace: 113K(320K)->113K(320K) NonClass: 105K(192K)->105K(192K) Class: 7K(128K)->7K(128K)
[2026-06-17T10:02:32.089+0800][28.586s][info][gc             ] GC(1028) Pause Young (Normal) (G1 Evacuation Pause) 51M->41M(64M) 2.298ms
[2026-06-17T10:02:32.089+0800][28.586s][info][gc,cpu         ] GC(1028) User=0.00s Sys=0.00s Real=0.00s
[2026-06-17T10:02:32.120+0800][28.617s][info][gc,start       ] GC(1029) Pause Young (Normal) (G1 Evacuation Pause)
[2026-06-17T10:02:32.121+0800][28.618s][info][gc,task        ] GC(1029) Using 2 workers of 18 for evacuation
[2026-06-17T10:02:32.122+0800][28.619s][info][gc,phases      ] GC(1029)   Pre Evacuate Collection Set: 0.17ms
[2026-06-17T10:02:32.127+0800][28.623s][info][gc,phases      ] GC(1029)   Merge Heap Roots: 0.06ms
[2026-06-17T10:02:32.128+0800][28.625s][info][gc,phases      ] GC(1029)   Evacuate Collection Set: 0.31ms
[2026-06-17T10:02:32.128+0800][28.625s][info][gc,phases      ] GC(1029)   Post Evacuate Collection Set: 0.25ms
[2026-06-17T10:02:32.129+0800][28.625s][info][gc,phases      ] GC(1029)   Other: 0.38ms
[2026-06-17T10:02:32.129+0800][28.626s][info][gc,heap        ] GC(1029) Eden regions: 10->0(9)
[2026-06-17T10:02:32.129+0800][28.626s][info][gc,heap        ] GC(1029) Survivor regions: 1->2(2)
[2026-06-17T10:02:32.130+0800][28.626s][info][gc,heap        ] GC(1029) Old regions: 25->26
[2026-06-17T10:02:32.130+0800][28.627s][info][gc,heap        ] GC(1029) Humongous regions: 17->17
[2026-06-17T10:02:32.130+0800][28.627s][info][gc,metaspace   ] GC(1029) Metaspace: 113K(320K)->113K(320K) NonClass: 105K(192K)->105K(192K) Class: 7K(128K)->7K(128K)
[2026-06-17T10:02:32.130+0800][28.627s][info][gc             ] GC(1029) Pause Young (Normal) (G1 Evacuation Pause) 51M->44M(64M) 9.982ms
[2026-06-17T10:02:32.131+0800][28.628s][info][gc,cpu         ] GC(1029) User=0.00s Sys=0.00s Real=0.02s
[2026-06-17T10:02:32.136+0800][28.633s][info][gc,start       ] GC(1030) Pause Young (Concurrent Start) (G1 Humongous Allocation)
[2026-06-17T10:02:32.136+0800][28.633s][info][gc,task        ] GC(1030) Using 2 workers of 18 for evacuation
[2026-06-17T10:02:32.137+0800][28.634s][info][gc,phases      ] GC(1030)   Pre Evacuate Collection Set: 0.13ms
[2026-06-17T10:02:32.137+0800][28.634s][info][gc,phases      ] GC(1030)   Merge Heap Roots: 0.04ms
[2026-06-17T10:02:32.138+0800][28.634s][info][gc,phases      ] GC(1030)   Evacuate Collection Set: 0.25ms
[2026-06-17T10:02:32.138+0800][28.634s][info][gc,phases      ] GC(1030)   Post Evacuate Collection Set: 0.20ms
[2026-06-17T10:02:32.138+0800][28.635s][info][gc,phases      ] GC(1030)   Other: 0.19ms
[2026-06-17T10:02:32.138+0800][28.635s][info][gc,heap        ] GC(1030) Eden regions: 5->0(9)
[2026-06-17T10:02:32.138+0800][28.635s][info][gc,heap        ] GC(1030) Survivor regions: 2->2(2)
[2026-06-17T10:02:32.138+0800][28.635s][info][gc,heap        ] GC(1030) Old regions: 26->27
[2026-06-17T10:02:32.138+0800][28.635s][info][gc,heap        ] GC(1030) Humongous regions: 17->17
[2026-06-17T10:02:32.138+0800][28.635s][info][gc,metaspace   ] GC(1030) Metaspace: 113K(320K)->113K(320K) NonClass: 105K(192K)->105K(192K) Class: 7K(128K)->7K(128K)
[2026-06-17T10:02:32.138+0800][28.635s][info][gc             ] GC(1030) Pause Young (Concurrent Start) (G1 Humongous Allocation) 48M->45M(64M) 2.148ms
[2026-06-17T10:02:32.138+0800][28.635s][info][gc,cpu         ] GC(1030) User=0.00s Sys=0.00s Real=0.00s
[2026-06-17T10:02:32.138+0800][28.635s][info][gc             ] GC(1031) Concurrent Mark Cycle
[2026-06-17T10:02:32.139+0800][28.635s][info][gc,marking     ] GC(1031) Concurrent Scan Root Regions
[2026-06-17T10:02:32.139+0800][28.636s][info][gc,marking     ] GC(1031) Concurrent Scan Root Regions 0.143ms
[2026-06-17T10:02:32.139+0800][28.636s][info][gc,marking     ] GC(1031) Concurrent Mark
[2026-06-17T10:02:32.139+0800][28.636s][info][gc,marking     ] GC(1031) Concurrent Mark From Roots
[2026-06-17T10:02:32.139+0800][28.636s][info][gc,task        ] GC(1031) Using 5 workers of 5 for marking
[2026-06-17T10:02:32.141+0800][28.637s][info][gc,marking     ] GC(1031) Concurrent Mark From Roots 1.549ms
[2026-06-17T10:02:32.141+0800][28.638s][info][gc,marking     ] GC(1031) Concurrent Preclean
[2026-06-17T10:02:32.141+0800][28.638s][info][gc,marking     ] GC(1031) Concurrent Preclean 0.162ms
[2026-06-17T10:02:32.141+0800][28.638s][info][gc,start       ] GC(1031) Pause Remark
[2026-06-17T10:02:32.142+0800][28.638s][info][gc             ] GC(1031) Pause Remark 47M->47M(64M) 0.403ms
[2026-06-17T10:02:32.142+0800][28.639s][info][gc,cpu         ] GC(1031) User=0.00s Sys=0.00s Real=0.00s
[2026-06-17T10:02:32.142+0800][28.639s][info][gc,marking     ] GC(1031) Concurrent Mark 2.797ms
[2026-06-17T10:02:32.142+0800][28.639s][info][gc,marking     ] GC(1031) Concurrent Rebuild Remembered Sets and Scrub Regions
[2026-06-17T10:02:32.142+0800][28.639s][info][gc,marking     ] GC(1031) Concurrent Rebuild Remembered Sets and Scrub Regions 0.491ms
[2026-06-17T10:02:32.142+0800][28.639s][info][gc,start       ] GC(1031) Pause Cleanup
[2026-06-17T10:02:32.143+0800][28.640s][info][gc             ] GC(1031) Pause Cleanup 47M->47M(64M) 0.201ms
[2026-06-17T10:02:32.143+0800][28.640s][info][gc,cpu         ] GC(1031) User=0.00s Sys=0.00s Real=0.00s
[2026-06-17T10:02:32.143+0800][28.640s][info][gc,marking     ] GC(1031) Concurrent Clear Claimed Marks
[2026-06-17T10:02:32.143+0800][28.640s][info][gc,marking     ] GC(1031) Concurrent Clear Claimed Marks 0.115ms
[2026-06-17T10:02:32.143+0800][28.640s][info][gc,marking     ] GC(1031) Concurrent Cleanup for Next Mark
[2026-06-17T10:02:32.143+0800][28.640s][info][gc,marking     ] GC(1031) Concurrent Cleanup for Next Mark 0.211ms
[2026-06-17T10:02:32.143+0800][28.640s][info][gc             ] GC(1031) Concurrent Mark Cycle 5.113ms
[2026-06-17T10:02:32.170+0800][28.667s][info][gc,start       ] GC(1032) Pause Young (Prepare Mixed) (G1 Evacuation Pause)
[2026-06-17T10:02:32.170+0800][28.667s][info][gc,task        ] GC(1032) Using 2 workers of 18 for evacuation
[2026-06-17T10:02:32.171+0800][28.668s][info][gc,phases      ] GC(1032)   Pre Evacuate Collection Set: 0.11ms
[2026-06-17T10:02:32.171+0800][28.668s][info][gc,phases      ] GC(1032)   Merge Heap Roots: 0.05ms
[2026-06-17T10:02:32.172+0800][28.668s][info][gc,phases      ] GC(1032)   Evacuate Collection Set: 0.35ms
[2026-06-17T10:02:32.172+0800][28.669s][info][gc,phases      ] GC(1032)   Post Evacuate Collection Set: 0.19ms
[2026-06-17T10:02:32.172+0800][28.669s][info][gc,phases      ] GC(1032)   Other: 0.28ms
[2026-06-17T10:02:32.172+0800][28.669s][info][gc,heap        ] GC(1032) Eden regions: 9->0(11)
[2026-06-17T10:02:32.172+0800][28.669s][info][gc,heap        ] GC(1032) Survivor regions: 2->2(2)
[2026-06-17T10:02:32.172+0800][28.669s][info][gc,heap        ] GC(1032) Old regions: 27->30
[2026-06-17T10:02:32.172+0800][28.669s][info][gc,heap        ] GC(1032) Humongous regions: 19->11
[2026-06-17T10:02:32.172+0800][28.669s][info][gc,metaspace   ] GC(1032) Metaspace: 113K(320K)->113K(320K) NonClass: 105K(192K)->105K(192K) Class: 7K(128K)->7K(128K)
[2026-06-17T10:02:32.172+0800][28.669s][info][gc             ] GC(1032) Pause Young (Prepare Mixed) (G1 Evacuation Pause) 56M->42M(64M) 2.622ms
[2026-06-17T10:02:32.173+0800][28.669s][info][gc,cpu         ] GC(1032) User=0.00s Sys=0.00s Real=0.01s
[2026-06-17T10:02:32.204+0800][28.701s][info][gc,start       ] GC(1033) Pause Young (Mixed) (G1 Evacuation Pause)
[2026-06-17T10:02:32.205+0800][28.701s][info][gc,task        ] GC(1033) Using 2 workers of 18 for evacuation
[2026-06-17T10:02:32.206+0800][28.703s][info][gc,phases      ] GC(1033)   Pre Evacuate Collection Set: 0.12ms
[2026-06-17T10:02:32.206+0800][28.703s][info][gc,phases      ] GC(1033)   Merge Heap Roots: 0.05ms
[2026-06-17T10:02:32.206+0800][28.703s][info][gc,phases      ] GC(1033)   Evacuate Collection Set: 0.49ms
[2026-06-17T10:02:32.206+0800][28.703s][info][gc,phases      ] GC(1033)   Post Evacuate Collection Set: 0.21ms
[2026-06-17T10:02:32.206+0800][28.703s][info][gc,phases      ] GC(1033)   Other: 0.21ms
[2026-06-17T10:02:32.206+0800][28.703s][info][gc,heap        ] GC(1033) Eden regions: 11->0(12)
[2026-06-17T10:02:32.207+0800][28.703s][info][gc,heap        ] GC(1033) Survivor regions: 2->2(2)
[2026-06-17T10:02:32.207+0800][28.704s][info][gc,heap        ] GC(1033) Old regions: 30->28
[2026-06-17T10:02:32.207+0800][28.704s][info][gc,heap        ] GC(1033) Humongous regions: 11->11
[2026-06-17T10:02:32.207+0800][28.704s][info][gc,metaspace   ] GC(1033) Metaspace: 113K(320K)->113K(320K) NonClass: 105K(192K)->105K(192K) Class: 7K(128K)->7K(128K)
[2026-06-17T10:02:32.207+0800][28.704s][info][gc             ] GC(1033) Pause Young (Mixed) (G1 Evacuation Pause) 53M->40M(64M) 2.963ms
[2026-06-17T10:02:32.207+0800][28.704s][info][gc,cpu         ] GC(1033) User=0.00s Sys=0.00s Real=0.00s
[2026-06-17T10:02:32.239+0800][28.736s][info][gc,start       ] GC(1034) Pause Young (Normal) (G1 Evacuation Pause)
[2026-06-17T10:02:32.239+0800][28.736s][info][gc,task        ] GC(1034) Using 2 workers of 18 for evacuation
[2026-06-17T10:02:32.240+0800][28.737s][info][gc,phases      ] GC(1034)   Pre Evacuate Collection Set: 0.11ms
[2026-06-17T10:02:32.240+0800][28.737s][info][gc,phases      ] GC(1034)   Merge Heap Roots: 0.05ms
[2026-06-17T10:02:32.240+0800][28.737s][info][gc,phases      ] GC(1034)   Evacuate Collection Set: 0.36ms
[2026-06-17T10:02:32.240+0800][28.737s][info][gc,phases      ] GC(1034)   Post Evacuate Collection Set: 0.18ms
[2026-06-17T10:02:32.241+0800][28.737s][info][gc,phases      ] GC(1034)   Other: 0.16ms
[2026-06-17T10:02:32.241+0800][28.738s][info][gc,heap        ] GC(1034) Eden regions: 12->0(10)
[2026-06-17T10:02:32.241+0800][28.738s][info][gc,heap        ] GC(1034) Survivor regions: 2->2(2)
[2026-06-17T10:02:32.241+0800][28.738s][info][gc,heap        ] GC(1034) Old regions: 28->31
[2026-06-17T10:02:32.241+0800][28.738s][info][gc,heap        ] GC(1034) Humongous regions: 11->11
[2026-06-17T10:02:32.241+0800][28.738s][info][gc,metaspace   ] GC(1034) Metaspace: 113K(320K)->113K(320K) NonClass: 105K(192K)->105K(192K) Class: 7K(128K)->7K(128K)
[2026-06-17T10:02:32.241+0800][28.738s][info][gc             ] GC(1034) Pause Young (Normal) (G1 Evacuation Pause) 52M->43M(64M) 2.396ms
[2026-06-17T10:02:32.241+0800][28.738s][info][gc,cpu         ] GC(1034) User=0.00s Sys=0.00s Real=0.00s
[2026-06-17T10:02:32.263+0800][28.760s][info][gc,start       ] GC(1035) Pause Young (Concurrent Start) (G1 Evacuation Pause)
[2026-06-17T10:02:32.263+0800][28.760s][info][gc,task        ] GC(1035) Using 2 workers of 18 for evacuation
[2026-06-17T10:02:32.264+0800][28.761s][info][gc,phases      ] GC(1035)   Pre Evacuate Collection Set: 0.17ms
[2026-06-17T10:02:32.264+0800][28.761s][info][gc,phases      ] GC(1035)   Merge Heap Roots: 0.04ms
[2026-06-17T10:02:32.264+0800][28.761s][info][gc,phases      ] GC(1035)   Evacuate Collection Set: 0.44ms
[2026-06-17T10:02:32.265+0800][28.762s][info][gc,phases      ] GC(1035)   Post Evacuate Collection Set: 0.24ms
[2026-06-17T10:02:32.265+0800][28.762s][info][gc,phases      ] GC(1035)   Other: 0.22ms
[2026-06-17T10:02:32.265+0800][28.762s][info][gc,heap        ] GC(1035) Eden regions: 10->0(7)
[2026-06-17T10:02:32.265+0800][28.762s][info][gc,heap        ] GC(1035) Survivor regions: 2->2(2)
[2026-06-17T10:02:32.265+0800][28.762s][info][gc,heap        ] GC(1035) Old regions: 31->36
[2026-06-17T10:02:32.265+0800][28.762s][info][gc,heap        ] GC(1035) Humongous regions: 11->11
[2026-06-17T10:02:32.265+0800][28.762s][info][gc,metaspace   ] GC(1035) Metaspace: 113K(320K)->113K(320K) NonClass: 105K(192K)->105K(192K) Class: 7K(128K)->7K(128K)
[2026-06-17T10:02:32.266+0800][28.762s][info][gc             ] GC(1035) Pause Young (Concurrent Start) (G1 Evacuation Pause) 53M->48M(64M) 2.861ms
[2026-06-17T10:02:32.266+0800][28.762s][info][gc,cpu         ] GC(1035) User=0.01s Sys=0.00s Real=0.00s
[2026-06-17T10:02:32.266+0800][28.763s][info][gc             ] GC(1036) Concurrent Mark Cycle
[2026-06-17T10:02:32.266+0800][28.763s][info][gc,marking     ] GC(1036) Concurrent Scan Root Regions
[2026-06-17T10:02:32.266+0800][28.763s][info][gc,marking     ] GC(1036) Concurrent Scan Root Regions 0.149ms
[2026-06-17T10:02:32.266+0800][28.763s][info][gc,marking     ] GC(1036) Concurrent Mark
[2026-06-17T10:02:32.266+0800][28.763s][info][gc,marking     ] GC(1036) Concurrent Mark From Roots
[2026-06-17T10:02:32.266+0800][28.763s][info][gc,task        ] GC(1036) Using 5 workers of 5 for marking
[2026-06-17T10:02:32.268+0800][28.765s][info][gc,marking     ] GC(1036) Concurrent Mark From Roots 1.760ms
[2026-06-17T10:02:32.268+0800][28.765s][info][gc,marking     ] GC(1036) Concurrent Preclean
[2026-06-17T10:02:32.268+0800][28.765s][info][gc,marking     ] GC(1036) Concurrent Preclean 0.154ms
[2026-06-17T10:02:32.269+0800][28.765s][info][gc,start       ] GC(1036) Pause Remark
[2026-06-17T10:02:32.269+0800][28.766s][info][gc             ] GC(1036) Pause Remark 48M->39M(64M) 0.512ms
[2026-06-17T10:02:32.269+0800][28.766s][info][gc,cpu         ] GC(1036) User=0.00s Sys=0.00s Real=0.00s
[2026-06-17T10:02:32.269+0800][28.766s][info][gc,marking     ] GC(1036) Concurrent Mark 3.313ms
[2026-06-17T10:02:32.269+0800][28.766s][info][gc,marking     ] GC(1036) Concurrent Rebuild Remembered Sets and Scrub Regions
[2026-06-17T10:02:32.270+0800][28.767s][info][gc,marking     ] GC(1036) Concurrent Rebuild Remembered Sets and Scrub Regions 0.424ms
[2026-06-17T10:02:32.270+0800][28.767s][info][gc,start       ] GC(1036) Pause Cleanup
[2026-06-17T10:02:32.270+0800][28.767s][info][gc             ] GC(1036) Pause Cleanup 39M->39M(64M) 0.182ms
[2026-06-17T10:02:32.270+0800][28.767s][info][gc,cpu         ] GC(1036) User=0.00s Sys=0.00s Real=0.00s
[2026-06-17T10:02:32.271+0800][28.767s][info][gc,marking     ] GC(1036) Concurrent Clear Claimed Marks
[2026-06-17T10:02:32.271+0800][28.768s][info][gc,marking     ] GC(1036) Concurrent Clear Claimed Marks 0.082ms
[2026-06-17T10:02:32.271+0800][28.768s][info][gc,marking     ] GC(1036) Concurrent Cleanup for Next Mark
[2026-06-17T10:02:32.271+0800][28.768s][info][gc,marking     ] GC(1036) Concurrent Cleanup for Next Mark 0.182ms
[2026-06-17T10:02:32.271+0800][28.768s][info][gc             ] GC(1036) Concurrent Mark Cycle 5.394ms
[2026-06-17T10:02:32.287+0800][28.784s][info][gc,start       ] GC(1037) Pause Young (Prepare Mixed) (G1 Evacuation Pause)
[2026-06-17T10:02:32.287+0800][28.784s][info][gc,task        ] GC(1037) Using 2 workers of 18 for evacuation
[2026-06-17T10:02:32.288+0800][28.785s][info][gc,phases      ] GC(1037)   Pre Evacuate Collection Set: 0.14ms
[2026-06-17T10:02:32.288+0800][28.785s][info][gc,phases      ] GC(1037)   Merge Heap Roots: 0.04ms
[2026-06-17T10:02:32.288+0800][28.785s][info][gc,phases      ] GC(1037)   Evacuate Collection Set: 0.33ms
[2026-06-17T10:02:32.288+0800][28.785s][info][gc,phases      ] GC(1037)   Post Evacuate Collection Set: 0.15ms
[2026-06-17T10:02:32.288+0800][28.785s][info][gc,phases      ] GC(1037)   Other: 0.14ms
[2026-06-17T10:02:32.289+0800][28.785s][info][gc,heap        ] GC(1037) Eden regions: 7->0(10)
[2026-06-17T10:02:32.289+0800][28.785s][info][gc,heap        ] GC(1037) Survivor regions: 2->2(2)
[2026-06-17T10:02:32.289+0800][28.786s][info][gc,heap        ] GC(1037) Old regions: 27->30
[2026-06-17T10:02:32.289+0800][28.786s][info][gc,heap        ] GC(1037) Humongous regions: 11->11
[2026-06-17T10:02:32.289+0800][28.786s][info][gc,metaspace   ] GC(1037) Metaspace: 113K(320K)->113K(320K) NonClass: 105K(192K)->105K(192K) Class: 7K(128K)->7K(128K)
[2026-06-17T10:02:32.289+0800][28.786s][info][gc             ] GC(1037) Pause Young (Prepare Mixed) (G1 Evacuation Pause) 46M->42M(64M) 2.388ms
[2026-06-17T10:02:32.289+0800][28.786s][info][gc,cpu         ] GC(1037) User=0.00s Sys=0.00s Real=0.00s
[2026-06-17T10:02:32.310+0800][28.807s][info][gc,start       ] GC(1038) Pause Young (Mixed) (G1 Evacuation Pause)
[2026-06-17T10:02:32.311+0800][28.808s][info][gc,task        ] GC(1038) Using 2 workers of 18 for evacuation
[2026-06-17T10:02:32.312+0800][28.809s][info][gc,phases      ] GC(1038)   Pre Evacuate Collection Set: 0.11ms
[2026-06-17T10:02:32.312+0800][28.809s][info][gc,phases      ] GC(1038)   Merge Heap Roots: 0.04ms
[2026-06-17T10:02:32.312+0800][28.809s][info][gc,phases      ] GC(1038)   Evacuate Collection Set: 0.28ms
[2026-06-17T10:02:32.312+0800][28.809s][info][gc,phases      ] GC(1038)   Post Evacuate Collection Set: 0.19ms
[2026-06-17T10:02:32.312+0800][28.809s][info][gc,phases      ] GC(1038)   Other: 0.25ms
[2026-06-17T10:02:32.312+0800][28.809s][info][gc,heap        ] GC(1038) Eden regions: 10->0(13)
[2026-06-17T10:02:32.312+0800][28.809s][info][gc,heap        ] GC(1038) Survivor regions: 2->2(2)
[2026-06-17T10:02:32.312+0800][28.809s][info][gc,heap        ] GC(1038) Old regions: 30->27
[2026-06-17T10:02:32.313+0800][28.809s][info][gc,heap        ] GC(1038) Humongous regions: 11->11
[2026-06-17T10:02:32.313+0800][28.809s][info][gc,metaspace   ] GC(1038) Metaspace: 113K(320K)->113K(320K) NonClass: 105K(192K)->105K(192K) Class: 7K(128K)->7K(128K)
[2026-06-17T10:02:32.313+0800][28.810s][info][gc             ] GC(1038) Pause Young (Mixed) (G1 Evacuation Pause) 51M->39M(64M) 2.220ms
[2026-06-17T10:02:32.313+0800][28.810s][info][gc,cpu         ] GC(1038) User=0.00s Sys=0.00s Real=0.00s
[2026-06-17T10:02:32.355+0800][28.852s][info][gc,start       ] GC(1039) Pause Young (Normal) (G1 Evacuation Pause)
[2026-06-17T10:02:32.427+0800][28.924s][info][gc,task        ] GC(1039) Using 2 workers of 18 for evacuation
[2026-06-17T10:02:32.428+0800][28.925s][info][gc,phases      ] GC(1039)   Pre Evacuate Collection Set: 0.17ms
[2026-06-17T10:02:32.443+0800][28.940s][info][gc,phases      ] GC(1039)   Merge Heap Roots: 0.03ms
[2026-06-17T10:02:32.464+0800][28.961s][info][gc,phases      ] GC(1039)   Evacuate Collection Set: 0.40ms
[2026-06-17T10:02:32.470+0800][28.967s][info][gc,phases      ] GC(1039)   Post Evacuate Collection Set: 0.21ms
[2026-06-17T10:02:32.470+0800][28.967s][info][gc,phases      ] GC(1039)   Other: 0.44ms
[2026-06-17T10:02:32.471+0800][28.968s][info][gc,heap        ] GC(1039) Eden regions: 13->0(10)
[2026-06-17T10:02:32.479+0800][28.976s][info][gc,heap        ] GC(1039) Survivor regions: 2->2(2)
[2026-06-17T10:02:32.480+0800][28.976s][info][gc,heap        ] GC(1039) Old regions: 27->30
[2026-06-17T10:02:32.491+0800][28.988s][info][gc,heap        ] GC(1039) Humongous regions: 13->13
[2026-06-17T10:02:32.495+0800][28.991s][info][gc,metaspace   ] GC(1039) Metaspace: 113K(320K)->113K(320K) NonClass: 105K(192K)->105K(192K) Class: 7K(128K)->7K(128K)
[2026-06-17T10:02:32.506+0800][29.003s][info][gc             ] GC(1039) Pause Young (Normal) (G1 Evacuation Pause) 54M->44M(64M) 151.695ms
[2026-06-17T10:02:32.510+0800][29.007s][info][gc,cpu         ] GC(1039) User=0.00s Sys=0.01s Real=0.15s
[2026-06-17T10:02:32.536+0800][29.033s][info][gc,start       ] GC(1040) Pause Young (Concurrent Start) (G1 Evacuation Pause)
[2026-06-17T10:02:32.536+0800][29.033s][info][gc,task        ] GC(1040) Using 2 workers of 18 for evacuation
[2026-06-17T10:02:32.537+0800][29.034s][info][gc,phases      ] GC(1040)   Pre Evacuate Collection Set: 0.16ms
[2026-06-17T10:02:32.537+0800][29.034s][info][gc,phases      ] GC(1040)   Merge Heap Roots: 0.05ms
[2026-06-17T10:02:32.537+0800][29.034s][info][gc,phases      ] GC(1040)   Evacuate Collection Set: 0.20ms
[2026-06-17T10:02:32.537+0800][29.034s][info][gc,phases      ] GC(1040)   Post Evacuate Collection Set: 0.16ms
[2026-06-17T10:02:32.537+0800][29.034s][info][gc,phases      ] GC(1040)   Other: 0.19ms
[2026-06-17T10:02:32.538+0800][29.034s][info][gc,heap        ] GC(1040) Eden regions: 10->0(10)
[2026-06-17T10:02:32.538+0800][29.034s][info][gc,heap        ] GC(1040) Survivor regions: 2->1(2)
[2026-06-17T10:02:32.538+0800][29.035s][info][gc,heap        ] GC(1040) Old regions: 30->32
[2026-06-17T10:02:32.538+0800][29.035s][info][gc,heap        ] GC(1040) Humongous regions: 13->13
[2026-06-17T10:02:32.538+0800][29.035s][info][gc,metaspace   ] GC(1040) Metaspace: 113K(320K)->113K(320K) NonClass: 105K(192K)->105K(192K) Class: 7K(128K)->7K(128K)
[2026-06-17T10:02:32.538+0800][29.035s][info][gc             ] GC(1040) Pause Young (Concurrent Start) (G1 Evacuation Pause) 54M->44M(64M) 2.191ms
[2026-06-17T10:02:32.538+0800][29.035s][info][gc,cpu         ] GC(1040) User=0.00s Sys=0.00s Real=0.00s
[2026-06-17T10:02:32.538+0800][29.035s][info][gc             ] GC(1041) Concurrent Mark Cycle
[2026-06-17T10:02:32.538+0800][29.035s][info][gc,marking     ] GC(1041) Concurrent Scan Root Regions
[2026-06-17T10:02:32.539+0800][29.035s][info][gc,marking     ] GC(1041) Concurrent Scan Root Regions 0.169ms
[2026-06-17T10:02:32.539+0800][29.035s][info][gc,marking     ] GC(1041) Concurrent Mark
[2026-06-17T10:02:32.539+0800][29.036s][info][gc,marking     ] GC(1041) Concurrent Mark From Roots
[2026-06-17T10:02:32.539+0800][29.036s][info][gc,task        ] GC(1041) Using 5 workers of 5 for marking
[2026-06-17T10:02:32.540+0800][29.037s][info][gc,marking     ] GC(1041) Concurrent Mark From Roots 1.463ms
[2026-06-17T10:02:32.541+0800][29.037s][info][gc,marking     ] GC(1041) Concurrent Preclean
[2026-06-17T10:02:32.541+0800][29.038s][info][gc,marking     ] GC(1041) Concurrent Preclean 0.297ms
[2026-06-17T10:02:32.541+0800][29.038s][info][gc,start       ] GC(1041) Pause Remark
[2026-06-17T10:02:32.546+0800][29.043s][info][gc             ] GC(1041) Pause Remark 45M->36M(64M) 4.647ms
[2026-06-17T10:02:32.549+0800][29.046s][info][gc,cpu         ] GC(1041) User=0.00s Sys=0.00s Real=0.01s
[2026-06-17T10:02:32.551+0800][29.048s][info][gc,marking     ] GC(1041) Concurrent Mark 12.530ms
[2026-06-17T10:02:32.552+0800][29.049s][info][gc,marking     ] GC(1041) Concurrent Rebuild Remembered Sets and Scrub Regions
[2026-06-17T10:02:32.552+0800][29.049s][info][gc,marking     ] GC(1041) Concurrent Rebuild Remembered Sets and Scrub Regions 0.634ms
[2026-06-17T10:02:32.560+0800][29.057s][info][gc,start       ] GC(1041) Pause Cleanup
[2026-06-17T10:02:32.561+0800][29.058s][info][gc             ] GC(1041) Pause Cleanup 40M->40M(64M) 0.639ms
[2026-06-17T10:02:32.562+0800][29.059s][info][gc,cpu         ] GC(1041) User=0.00s Sys=0.00s Real=0.00s
[2026-06-17T10:02:32.564+0800][29.061s][info][gc,marking     ] GC(1041) Concurrent Clear Claimed Marks
[2026-06-17T10:02:32.564+0800][29.061s][info][gc,marking     ] GC(1041) Concurrent Clear Claimed Marks 0.351ms
[2026-06-17T10:02:32.566+0800][29.063s][info][gc,marking     ] GC(1041) Concurrent Cleanup for Next Mark
[2026-06-17T10:02:32.568+0800][29.065s][info][gc,marking     ] GC(1041) Concurrent Cleanup for Next Mark 2.277ms
[2026-06-17T10:02:32.570+0800][29.067s][info][gc             ] GC(1041) Concurrent Mark Cycle 31.785ms
[2026-06-17T10:02:32.575+0800][29.072s][info][gc,start       ] GC(1042) Pause Young (Prepare Mixed) (G1 Evacuation Pause)
[2026-06-17T10:02:32.576+0800][29.073s][info][gc,task        ] GC(1042) Using 2 workers of 18 for evacuation
[2026-06-17T10:02:32.579+0800][29.076s][info][gc,phases      ] GC(1042)   Pre Evacuate Collection Set: 0.11ms
[2026-06-17T10:02:32.581+0800][29.077s][info][gc,phases      ] GC(1042)   Merge Heap Roots: 0.04ms
[2026-06-17T10:02:32.583+0800][29.080s][info][gc,phases      ] GC(1042)   Evacuate Collection Set: 0.28ms
[2026-06-17T10:02:32.583+0800][29.080s][info][gc,phases      ] GC(1042)   Post Evacuate Collection Set: 0.16ms
[2026-06-17T10:02:32.584+0800][29.081s][info][gc,phases      ] GC(1042)   Other: 2.15ms
[2026-06-17T10:02:32.584+0800][29.081s][info][gc,heap        ] GC(1042) Eden regions: 10->0(13)
[2026-06-17T10:02:32.584+0800][29.081s][info][gc,heap        ] GC(1042) Survivor regions: 1->2(2)
[2026-06-17T10:02:32.585+0800][29.081s][info][gc,heap        ] GC(1042) Old regions: 23->24
[2026-06-17T10:02:32.585+0800][29.082s][info][gc,heap        ] GC(1042) Humongous regions: 13->13
[2026-06-17T10:02:32.585+0800][29.082s][info][gc,metaspace   ] GC(1042) Metaspace: 113K(320K)->113K(320K) NonClass: 105K(192K)->105K(192K) Class: 7K(128K)->7K(128K)
[2026-06-17T10:02:32.587+0800][29.084s][info][gc             ] GC(1042) Pause Young (Prepare Mixed) (G1 Evacuation Pause) 45M->38M(64M) 12.362ms
[2026-06-17T10:02:32.589+0800][29.085s][info][gc,cpu         ] GC(1042) User=0.00s Sys=0.00s Real=0.01s
[2026-06-17T10:02:32.623+0800][29.120s][info][gc,start       ] GC(1043) Pause Young (Mixed) (G1 Evacuation Pause)
[2026-06-17T10:02:32.625+0800][29.122s][info][gc,task        ] GC(1043) Using 2 workers of 18 for evacuation
[2026-06-17T10:02:32.627+0800][29.123s][info][gc,phases      ] GC(1043)   Pre Evacuate Collection Set: 0.14ms
[2026-06-17T10:02:32.627+0800][29.124s][info][gc,phases      ] GC(1043)   Merge Heap Roots: 0.05ms
[2026-06-17T10:02:32.627+0800][29.124s][info][gc,phases      ] GC(1043)   Evacuate Collection Set: 0.53ms
[2026-06-17T10:02:32.627+0800][29.124s][info][gc,phases      ] GC(1043)   Post Evacuate Collection Set: 0.23ms
[2026-06-17T10:02:32.627+0800][29.124s][info][gc,phases      ] GC(1043)   Other: 0.51ms
[2026-06-17T10:02:32.627+0800][29.124s][info][gc,heap        ] GC(1043) Eden regions: 13->0(13)
[2026-06-17T10:02:32.627+0800][29.124s][info][gc,heap        ] GC(1043) Survivor regions: 2->2(2)
[2026-06-17T10:02:32.627+0800][29.124s][info][gc,heap        ] GC(1043) Old regions: 24->23
[2026-06-17T10:02:32.628+0800][29.124s][info][gc,heap        ] GC(1043) Humongous regions: 13->13
[2026-06-17T10:02:32.628+0800][29.125s][info][gc,metaspace   ] GC(1043) Metaspace: 113K(320K)->113K(320K) NonClass: 105K(192K)->105K(192K) Class: 7K(128K)->7K(128K)
[2026-06-17T10:02:32.628+0800][29.125s][info][gc             ] GC(1043) Pause Young (Mixed) (G1 Evacuation Pause) 51M->37M(64M) 4.849ms
[2026-06-17T10:02:32.628+0800][29.125s][info][gc,cpu         ] GC(1043) User=0.00s Sys=0.00s Real=0.00s
[2026-06-17T10:02:32.660+0800][29.157s][info][gc,start       ] GC(1044) Pause Young (Normal) (G1 Evacuation Pause)
[2026-06-17T10:02:32.660+0800][29.157s][info][gc,task        ] GC(1044) Using 2 workers of 18 for evacuation
[2026-06-17T10:02:32.662+0800][29.158s][info][gc,phases      ] GC(1044)   Pre Evacuate Collection Set: 0.18ms
[2026-06-17T10:02:32.662+0800][29.159s][info][gc,phases      ] GC(1044)   Merge Heap Roots: 0.10ms
[2026-06-17T10:02:32.662+0800][29.159s][info][gc,phases      ] GC(1044)   Evacuate Collection Set: 0.50ms
[2026-06-17T10:02:32.662+0800][29.159s][info][gc,phases      ] GC(1044)   Post Evacuate Collection Set: 0.30ms
[2026-06-17T10:02:32.663+0800][29.160s][info][gc,phases      ] GC(1044)   Other: 0.25ms
[2026-06-17T10:02:32.663+0800][29.160s][info][gc,heap        ] GC(1044) Eden regions: 13->0(10)
[2026-06-17T10:02:32.663+0800][29.160s][info][gc,heap        ] GC(1044) Survivor regions: 2->2(2)
[2026-06-17T10:02:32.663+0800][29.160s][info][gc,heap        ] GC(1044) Old regions: 23->28
[2026-06-17T10:02:32.664+0800][29.161s][info][gc,heap        ] GC(1044) Humongous regions: 13->13
[2026-06-17T10:02:32.664+0800][29.161s][info][gc,metaspace   ] GC(1044) Metaspace: 113K(320K)->113K(320K) NonClass: 105K(192K)->105K(192K) Class: 7K(128K)->7K(128K)
[2026-06-17T10:02:32.664+0800][29.161s][info][gc             ] GC(1044) Pause Young (Normal) (G1 Evacuation Pause) 50M->42M(64M) 4.459ms
[2026-06-17T10:02:32.664+0800][29.161s][info][gc,cpu         ] GC(1044) User=0.00s Sys=0.00s Real=0.01s
[2026-06-17T10:02:32.696+0800][29.193s][info][gc,start       ] GC(1045) Pause Young (Concurrent Start) (G1 Evacuation Pause)
[2026-06-17T10:02:32.696+0800][29.193s][info][gc,task        ] GC(1045) Using 2 workers of 18 for evacuation
[2026-06-17T10:02:32.698+0800][29.195s][info][gc,phases      ] GC(1045)   Pre Evacuate Collection Set: 0.14ms
[2026-06-17T10:02:32.698+0800][29.195s][info][gc,phases      ] GC(1045)   Merge Heap Roots: 0.05ms
[2026-06-17T10:02:32.699+0800][29.196s][info][gc,phases      ] GC(1045)   Evacuate Collection Set: 0.28ms
[2026-06-17T10:02:32.699+0800][29.196s][info][gc,phases      ] GC(1045)   Post Evacuate Collection Set: 0.20ms
[2026-06-17T10:02:32.700+0800][29.197s][info][gc,phases      ] GC(1045)   Other: 0.72ms
[2026-06-17T10:02:32.700+0800][29.197s][info][gc,heap        ] GC(1045) Eden regions: 10->0(9)
[2026-06-17T10:02:32.701+0800][29.198s][info][gc,heap        ] GC(1045) Survivor regions: 2->2(2)
[2026-06-17T10:02:32.701+0800][29.198s][info][gc,heap        ] GC(1045) Old regions: 28->30
[2026-06-17T10:02:32.701+0800][29.198s][info][gc,heap        ] GC(1045) Humongous regions: 13->13
[2026-06-17T10:02:32.702+0800][29.199s][info][gc,metaspace   ] GC(1045) Metaspace: 113K(320K)->113K(320K) NonClass: 105K(192K)->105K(192K) Class: 7K(128K)->7K(128K)
[2026-06-17T10:02:32.702+0800][29.199s][info][gc             ] GC(1045) Pause Young (Concurrent Start) (G1 Evacuation Pause) 52M->44M(64M) 6.332ms
[2026-06-17T10:02:32.703+0800][29.199s][info][gc,cpu         ] GC(1045) User=0.00s Sys=0.00s Real=0.01s
[2026-06-17T10:02:32.703+0800][29.200s][info][gc             ] GC(1046) Concurrent Mark Cycle
[2026-06-17T10:02:32.704+0800][29.200s][info][gc,marking     ] GC(1046) Concurrent Scan Root Regions
[2026-06-17T10:02:32.704+0800][29.201s][info][gc,marking     ] GC(1046) Concurrent Scan Root Regions 0.440ms
[2026-06-17T10:02:32.704+0800][29.201s][info][gc,marking     ] GC(1046) Concurrent Mark
[2026-06-17T10:02:32.705+0800][29.202s][info][gc,marking     ] GC(1046) Concurrent Mark From Roots
[2026-06-17T10:02:32.705+0800][29.202s][info][gc,task        ] GC(1046) Using 5 workers of 5 for marking
[2026-06-17T10:02:32.707+0800][29.204s][info][gc,marking     ] GC(1046) Concurrent Mark From Roots 2.166ms
[2026-06-17T10:02:32.707+0800][29.204s][info][gc,marking     ] GC(1046) Concurrent Preclean
[2026-06-17T10:02:32.708+0800][29.205s][info][gc,marking     ] GC(1046) Concurrent Preclean 0.345ms
[2026-06-17T10:02:32.708+0800][29.205s][info][gc,start       ] GC(1046) Pause Remark
[2026-06-17T10:02:32.709+0800][29.206s][info][gc             ] GC(1046) Pause Remark 49M->40M(64M) 0.718ms
[2026-06-17T10:02:32.709+0800][29.206s][info][gc,cpu         ] GC(1046) User=0.00s Sys=0.00s Real=0.00s
[2026-06-17T10:02:32.710+0800][29.207s][info][gc,marking     ] GC(1046) Concurrent Mark 5.417ms
[2026-06-17T10:02:32.710+0800][29.207s][info][gc,marking     ] GC(1046) Concurrent Rebuild Remembered Sets and Scrub Regions
[2026-06-17T10:02:32.711+0800][29.208s][info][gc,marking     ] GC(1046) Concurrent Rebuild Remembered Sets and Scrub Regions 0.755ms
[2026-06-17T10:02:32.711+0800][29.208s][info][gc,start       ] GC(1046) Pause Cleanup
[2026-06-17T10:02:32.712+0800][29.209s][info][gc             ] GC(1046) Pause Cleanup 40M->40M(64M) 0.412ms
[2026-06-17T10:02:32.712+0800][29.209s][info][gc,cpu         ] GC(1046) User=0.00s Sys=0.00s Real=0.00s
[2026-06-17T10:02:32.712+0800][29.209s][info][gc,marking     ] GC(1046) Concurrent Clear Claimed Marks
[2026-06-17T10:02:32.713+0800][29.210s][info][gc,marking     ] GC(1046) Concurrent Clear Claimed Marks 0.376ms
[2026-06-17T10:02:32.713+0800][29.210s][info][gc,marking     ] GC(1046) Concurrent Cleanup for Next Mark
[2026-06-17T10:02:32.714+0800][29.211s][info][gc,marking     ] GC(1046) Concurrent Cleanup for Next Mark 0.532ms
[2026-06-17T10:02:32.714+0800][29.211s][info][gc             ] GC(1046) Concurrent Mark Cycle 11.618ms
[2026-06-17T10:02:32.724+0800][29.221s][info][gc,start       ] GC(1047) Pause Young (Prepare Mixed) (G1 Evacuation Pause)
[2026-06-17T10:02:32.725+0800][29.222s][info][gc,task        ] GC(1047) Using 2 workers of 18 for evacuation
[2026-06-17T10:02:32.726+0800][29.223s][info][gc,phases      ] GC(1047)   Pre Evacuate Collection Set: 0.11ms
[2026-06-17T10:02:32.727+0800][29.223s][info][gc,phases      ] GC(1047)   Merge Heap Roots: 0.04ms
[2026-06-17T10:02:32.727+0800][29.224s][info][gc,phases      ] GC(1047)   Evacuate Collection Set: 0.35ms
[2026-06-17T10:02:32.727+0800][29.224s][info][gc,phases      ] GC(1047)   Post Evacuate Collection Set: 0.18ms
[2026-06-17T10:02:32.728+0800][29.225s][info][gc,phases      ] GC(1047)   Other: 0.49ms
[2026-06-17T10:02:32.728+0800][29.225s][info][gc,heap        ] GC(1047) Eden regions: 9->0(11)
[2026-06-17T10:02:32.729+0800][29.225s][info][gc,heap        ] GC(1047) Survivor regions: 2->2(2)
[2026-06-17T10:02:32.729+0800][29.226s][info][gc,heap        ] GC(1047) Old regions: 21->23
[2026-06-17T10:02:32.729+0800][29.226s][info][gc,heap        ] GC(1047) Humongous regions: 15->15
[2026-06-17T10:02:32.730+0800][29.227s][info][gc,metaspace   ] GC(1047) Metaspace: 113K(320K)->113K(320K) NonClass: 105K(192K)->105K(192K) Class: 7K(128K)->7K(128K)
[2026-06-17T10:02:32.730+0800][29.227s][info][gc             ] GC(1047) Pause Young (Prepare Mixed) (G1 Evacuation Pause) 46M->39M(64M) 5.782ms
[2026-06-17T10:02:32.730+0800][29.227s][info][gc,cpu         ] GC(1047) User=0.00s Sys=0.00s Real=0.00s
[2026-06-17T10:02:32.752+0800][29.249s][info][gc,start       ] GC(1048) Pause Young (Mixed) (G1 Evacuation Pause)
[2026-06-17T10:02:32.752+0800][29.249s][info][gc,task        ] GC(1048) Using 2 workers of 18 for evacuation
[2026-06-17T10:02:32.753+0800][29.250s][info][gc,phases      ] GC(1048)   Pre Evacuate Collection Set: 0.12ms
[2026-06-17T10:02:32.754+0800][29.250s][info][gc,phases      ] GC(1048)   Merge Heap Roots: 0.05ms
[2026-06-17T10:02:32.754+0800][29.250s][info][gc,phases      ] GC(1048)   Evacuate Collection Set: 0.55ms
[2026-06-17T10:02:32.754+0800][29.251s][info][gc,phases      ] GC(1048)   Post Evacuate Collection Set: 0.20ms
[2026-06-17T10:02:32.754+0800][29.251s][info][gc,phases      ] GC(1048)   Other: 0.14ms
[2026-06-17T10:02:32.754+0800][29.251s][info][gc,heap        ] GC(1048) Eden regions: 11->0(11)
[2026-06-17T10:02:32.754+0800][29.251s][info][gc,heap        ] GC(1048) Survivor regions: 2->2(2)
[2026-06-17T10:02:32.754+0800][29.251s][info][gc,heap        ] GC(1048) Old regions: 23->23
[2026-06-17T10:02:32.754+0800][29.251s][info][gc,heap        ] GC(1048) Humongous regions: 15->15
[2026-06-17T10:02:32.754+0800][29.251s][info][gc,metaspace   ] GC(1048) Metaspace: 113K(320K)->113K(320K) NonClass: 105K(192K)->105K(192K) Class: 7K(128K)->7K(128K)
[2026-06-17T10:02:32.754+0800][29.251s][info][gc             ] GC(1048) Pause Young (Mixed) (G1 Evacuation Pause) 50M->39M(64M) 2.644ms
[2026-06-17T10:02:32.755+0800][29.251s][info][gc,cpu         ] GC(1048) User=0.01s Sys=0.00s Real=0.00s
[2026-06-17T10:02:32.786+0800][29.283s][info][gc,start       ] GC(1049) Pause Young (Mixed) (G1 Evacuation Pause)
[2026-06-17T10:02:32.788+0800][29.285s][info][gc,task        ] GC(1049) Using 2 workers of 18 for evacuation
[2026-06-17T10:02:32.790+0800][29.287s][info][gc,phases      ] GC(1049)   Pre Evacuate Collection Set: 0.20ms
[2026-06-17T10:02:32.791+0800][29.288s][info][gc,phases      ] GC(1049)   Merge Heap Roots: 0.07ms
[2026-06-17T10:02:32.792+0800][29.288s][info][gc,phases      ] GC(1049)   Evacuate Collection Set: 0.45ms
[2026-06-17T10:02:32.793+0800][29.290s][info][gc,phases      ] GC(1049)   Post Evacuate Collection Set: 0.24ms
[2026-06-17T10:02:32.796+0800][29.292s][info][gc,phases      ] GC(1049)   Other: 1.21ms
[2026-06-17T10:02:32.796+0800][29.293s][info][gc,heap        ] GC(1049) Eden regions: 11->0(9)
[2026-06-17T10:02:32.797+0800][29.293s][info][gc,heap        ] GC(1049) Survivor regions: 2->2(2)
[2026-06-17T10:02:32.797+0800][29.294s][info][gc,heap        ] GC(1049) Old regions: 23->26
[2026-06-17T10:02:32.797+0800][29.294s][info][gc,heap        ] GC(1049) Humongous regions: 15->15
[2026-06-17T10:02:32.797+0800][29.294s][info][gc,metaspace   ] GC(1049) Metaspace: 113K(320K)->113K(320K) NonClass: 105K(192K)->105K(192K) Class: 7K(128K)->7K(128K)
[2026-06-17T10:02:32.798+0800][29.295s][info][gc             ] GC(1049) Pause Young (Mixed) (G1 Evacuation Pause) 50M->42M(64M) 11.479ms
[2026-06-17T10:02:32.798+0800][29.295s][info][gc,cpu         ] GC(1049) User=0.00s Sys=0.00s Real=0.01s
[2026-06-17T10:02:32.820+0800][29.317s][info][gc,start       ] GC(1050) Pause Young (Concurrent Start) (G1 Evacuation Pause)
[2026-06-17T10:02:32.821+0800][29.317s][info][gc,task        ] GC(1050) Using 2 workers of 18 for evacuation
[2026-06-17T10:02:32.822+0800][29.319s][info][gc,phases      ] GC(1050)   Pre Evacuate Collection Set: 0.16ms
[2026-06-17T10:02:32.822+0800][29.319s][info][gc,phases      ] GC(1050)   Merge Heap Roots: 0.03ms
[2026-06-17T10:02:32.822+0800][29.319s][info][gc,phases      ] GC(1050)   Evacuate Collection Set: 0.16ms
[2026-06-17T10:02:32.822+0800][29.319s][info][gc,phases      ] GC(1050)   Post Evacuate Collection Set: 0.31ms
[2026-06-17T10:02:32.823+0800][29.320s][info][gc,phases      ] GC(1050)   Other: 0.42ms
[2026-06-17T10:02:32.823+0800][29.320s][info][gc,heap        ] GC(1050) Eden regions: 9->0(12)
[2026-06-17T10:02:32.823+0800][29.320s][info][gc,heap        ] GC(1050) Survivor regions: 2->1(2)
[2026-06-17T10:02:32.823+0800][29.320s][info][gc,heap        ] GC(1050) Old regions: 26->26
[2026-06-17T10:02:32.824+0800][29.320s][info][gc,heap        ] GC(1050) Humongous regions: 15->15
[2026-06-17T10:02:32.824+0800][29.321s][info][gc,metaspace   ] GC(1050) Metaspace: 113K(320K)->113K(320K) NonClass: 105K(192K)->105K(192K) Class: 7K(128K)->7K(128K)
[2026-06-17T10:02:32.824+0800][29.321s][info][gc             ] GC(1050) Pause Young (Concurrent Start) (G1 Evacuation Pause) 50M->40M(64M) 3.933ms
[2026-06-17T10:02:32.824+0800][29.321s][info][gc,cpu         ] GC(1050) User=0.00s Sys=0.00s Real=0.01s
[2026-06-17T10:02:32.824+0800][29.321s][info][gc             ] GC(1051) Concurrent Mark Cycle
[2026-06-17T10:02:32.825+0800][29.322s][info][gc,marking     ] GC(1051) Concurrent Scan Root Regions
[2026-06-17T10:02:32.825+0800][29.322s][info][gc,marking     ] GC(1051) Concurrent Scan Root Regions 0.403ms
[2026-06-17T10:02:32.826+0800][29.322s][info][gc,marking     ] GC(1051) Concurrent Mark
[2026-06-17T10:02:32.826+0800][29.323s][info][gc,marking     ] GC(1051) Concurrent Mark From Roots
[2026-06-17T10:02:32.826+0800][29.323s][info][gc,task        ] GC(1051) Using 5 workers of 5 for marking
[2026-06-17T10:02:32.828+0800][29.324s][info][gc,marking     ] GC(1051) Concurrent Mark From Roots 1.741ms
[2026-06-17T10:02:32.828+0800][29.325s][info][gc,marking     ] GC(1051) Concurrent Preclean
[2026-06-17T10:02:32.828+0800][29.325s][info][gc,marking     ] GC(1051) Concurrent Preclean 0.278ms
[2026-06-17T10:02:32.829+0800][29.326s][info][gc,start       ] GC(1051) Pause Remark
[2026-06-17T10:02:32.830+0800][29.327s][info][gc             ] GC(1051) Pause Remark 42M->42M(64M) 0.889ms
[2026-06-17T10:02:32.830+0800][29.327s][info][gc,cpu         ] GC(1051) User=0.00s Sys=0.00s Real=0.00s
[2026-06-17T10:02:32.830+0800][29.327s][info][gc,marking     ] GC(1051) Concurrent Mark 4.794ms
[2026-06-17T10:02:32.831+0800][29.327s][info][gc,marking     ] GC(1051) Concurrent Rebuild Remembered Sets and Scrub Regions
[2026-06-17T10:02:32.831+0800][29.328s][info][gc,marking     ] GC(1051) Concurrent Rebuild Remembered Sets and Scrub Regions 0.782ms
[2026-06-17T10:02:32.832+0800][29.329s][info][gc,start       ] GC(1051) Pause Cleanup
[2026-06-17T10:02:32.832+0800][29.329s][info][gc             ] GC(1051) Pause Cleanup 42M->42M(64M) 0.384ms
[2026-06-17T10:02:32.832+0800][29.329s][info][gc,cpu         ] GC(1051) User=0.00s Sys=0.00s Real=0.00s
[2026-06-17T10:02:32.833+0800][29.329s][info][gc,marking     ] GC(1051) Concurrent Clear Claimed Marks
[2026-06-17T10:02:32.833+0800][29.330s][info][gc,marking     ] GC(1051) Concurrent Clear Claimed Marks 0.217ms
[2026-06-17T10:02:32.833+0800][29.330s][info][gc,marking     ] GC(1051) Concurrent Cleanup for Next Mark
[2026-06-17T10:02:32.834+0800][29.330s][info][gc,marking     ] GC(1051) Concurrent Cleanup for Next Mark 0.444ms
[2026-06-17T10:02:32.834+0800][29.331s][info][gc             ] GC(1051) Concurrent Mark Cycle 9.471ms
[2026-06-17T10:02:32.856+0800][29.353s][info][gc,start       ] GC(1052) Pause Young (Prepare Mixed) (G1 Evacuation Pause)
[2026-06-17T10:02:32.857+0800][29.354s][info][gc,task        ] GC(1052) Using 2 workers of 18 for evacuation
[2026-06-17T10:02:32.858+0800][29.355s][info][gc,phases      ] GC(1052)   Pre Evacuate Collection Set: 0.12ms
[2026-06-17T10:02:32.859+0800][29.356s][info][gc,phases      ] GC(1052)   Merge Heap Roots: 0.08ms
[2026-06-17T10:02:32.859+0800][29.356s][info][gc,phases      ] GC(1052)   Evacuate Collection Set: 0.47ms
[2026-06-17T10:02:32.859+0800][29.356s][info][gc,phases      ] GC(1052)   Post Evacuate Collection Set: 0.23ms
[2026-06-17T10:02:32.860+0800][29.356s][info][gc,phases      ] GC(1052)   Other: 0.49ms
[2026-06-17T10:02:32.860+0800][29.357s][info][gc,heap        ] GC(1052) Eden regions: 12->0(8)
[2026-06-17T10:02:32.860+0800][29.357s][info][gc,heap        ] GC(1052) Survivor regions: 1->2(2)
[2026-06-17T10:02:32.860+0800][29.357s][info][gc,heap        ] GC(1052) Old regions: 26->30
[2026-06-17T10:02:32.860+0800][29.357s][info][gc,heap        ] GC(1052) Humongous regions: 15->15
[2026-06-17T10:02:32.861+0800][29.358s][info][gc,metaspace   ] GC(1052) Metaspace: 113K(320K)->113K(320K) NonClass: 105K(192K)->105K(192K) Class: 7K(128K)->7K(128K)
[2026-06-17T10:02:32.861+0800][29.358s][info][gc             ] GC(1052) Pause Young (Prepare Mixed) (G1 Evacuation Pause) 52M->46M(64M) 4.687ms
[2026-06-17T10:02:32.861+0800][29.358s][info][gc,cpu         ] GC(1052) User=0.00s Sys=0.00s Real=0.00s
[2026-06-17T10:02:32.883+0800][29.380s][info][gc,start       ] GC(1053) Pause Young (Mixed) (G1 Evacuation Pause)
[2026-06-17T10:02:32.883+0800][29.380s][info][gc,task        ] GC(1053) Using 2 workers of 18 for evacuation
[2026-06-17T10:02:32.885+0800][29.382s][info][gc,phases      ] GC(1053)   Pre Evacuate Collection Set: 0.14ms
[2026-06-17T10:02:32.885+0800][29.382s][info][gc,phases      ] GC(1053)   Merge Heap Roots: 0.05ms
[2026-06-17T10:02:32.886+0800][29.383s][info][gc,phases      ] GC(1053)   Evacuate Collection Set: 0.56ms
[2026-06-17T10:02:32.886+0800][29.383s][info][gc,phases      ] GC(1053)   Post Evacuate Collection Set: 0.18ms
[2026-06-17T10:02:32.887+0800][29.384s][info][gc,phases      ] GC(1053)   Other: 0.61ms
[2026-06-17T10:02:32.887+0800][29.384s][info][gc,heap        ] GC(1053) Eden regions: 8->0(7)
[2026-06-17T10:02:32.888+0800][29.384s][info][gc,heap        ] GC(1053) Survivor regions: 2->2(2)
[2026-06-17T10:02:32.888+0800][29.385s][info][gc,heap        ] GC(1053) Old regions: 30->30
[2026-06-17T10:02:32.889+0800][29.385s][info][gc,heap        ] GC(1053) Humongous regions: 15->15
[2026-06-17T10:02:32.889+0800][29.386s][info][gc,metaspace   ] GC(1053) Metaspace: 113K(320K)->113K(320K) NonClass: 105K(192K)->105K(192K) Class: 7K(128K)->7K(128K)
[2026-06-17T10:02:32.890+0800][29.386s][info][gc             ] GC(1053) Pause Young (Mixed) (G1 Evacuation Pause) 54M->45M(64M) 6.687ms
[2026-06-17T10:02:32.890+0800][29.387s][info][gc,cpu         ] GC(1053) User=0.00s Sys=0.00s Real=0.00s
[2026-06-17T10:02:32.912+0800][29.408s][info][gc,start       ] GC(1054) Pause Young (Concurrent Start) (G1 Evacuation Pause)
[2026-06-17T10:02:32.912+0800][29.409s][info][gc,task        ] GC(1054) Using 2 workers of 18 for evacuation
[2026-06-17T10:02:32.913+0800][29.410s][info][gc,phases      ] GC(1054)   Pre Evacuate Collection Set: 0.15ms
[2026-06-17T10:02:32.913+0800][29.410s][info][gc,phases      ] GC(1054)   Merge Heap Roots: 0.07ms
[2026-06-17T10:02:32.914+0800][29.411s][info][gc,phases      ] GC(1054)   Evacuate Collection Set: 0.26ms
[2026-06-17T10:02:32.914+0800][29.411s][info][gc,phases      ] GC(1054)   Post Evacuate Collection Set: 0.23ms
[2026-06-17T10:02:32.914+0800][29.411s][info][gc,phases      ] GC(1054)   Other: 0.34ms
[2026-06-17T10:02:32.915+0800][29.412s][info][gc,heap        ] GC(1054) Eden regions: 7->0(8)
[2026-06-17T10:02:32.915+0800][29.412s][info][gc,heap        ] GC(1054) Survivor regions: 2->2(2)
[2026-06-17T10:02:32.915+0800][29.412s][info][gc,heap        ] GC(1054) Old regions: 30->30
[2026-06-17T10:02:32.915+0800][29.412s][info][gc,heap        ] GC(1054) Humongous regions: 15->15
[2026-06-17T10:02:32.916+0800][29.412s][info][gc,metaspace   ] GC(1054) Metaspace: 113K(320K)->113K(320K) NonClass: 105K(192K)->105K(192K) Class: 7K(128K)->7K(128K)
[2026-06-17T10:02:32.916+0800][29.413s][info][gc             ] GC(1054) Pause Young (Concurrent Start) (G1 Evacuation Pause) 52M->46M(64M) 4.275ms
[2026-06-17T10:02:32.916+0800][29.413s][info][gc,cpu         ] GC(1054) User=0.00s Sys=0.00s Real=0.00s
[2026-06-17T10:02:32.916+0800][29.413s][info][gc             ] GC(1055) Concurrent Mark Cycle
[2026-06-17T10:02:32.917+0800][29.413s][info][gc,marking     ] GC(1055) Concurrent Scan Root Regions
[2026-06-17T10:02:32.917+0800][29.414s][info][gc,marking     ] GC(1055) Concurrent Scan Root Regions 0.298ms
[2026-06-17T10:02:32.917+0800][29.414s][info][gc,marking     ] GC(1055) Concurrent Mark
[2026-06-17T10:02:32.917+0800][29.414s][info][gc,marking     ] GC(1055) Concurrent Mark From Roots
[2026-06-17T10:02:32.917+0800][29.414s][info][gc,task        ] GC(1055) Using 5 workers of 5 for marking
[2026-06-17T10:02:32.919+0800][29.416s][info][gc,marking     ] GC(1055) Concurrent Mark From Roots 1.750ms
[2026-06-17T10:02:32.919+0800][29.416s][info][gc,marking     ] GC(1055) Concurrent Preclean
[2026-06-17T10:02:32.919+0800][29.416s][info][gc,marking     ] GC(1055) Concurrent Preclean 0.261ms
[2026-06-17T10:02:32.920+0800][29.417s][info][gc,start       ] GC(1055) Pause Remark
[2026-06-17T10:02:32.920+0800][29.417s][info][gc             ] GC(1055) Pause Remark 49M->40M(64M) 0.609ms
[2026-06-17T10:02:32.921+0800][29.418s][info][gc,cpu         ] GC(1055) User=0.00s Sys=0.00s Real=0.00s
[2026-06-17T10:02:32.921+0800][29.418s][info][gc,marking     ] GC(1055) Concurrent Mark 3.993ms
[2026-06-17T10:02:32.921+0800][29.418s][info][gc,marking     ] GC(1055) Concurrent Rebuild Remembered Sets and Scrub Regions
[2026-06-17T10:02:32.922+0800][29.419s][info][gc,marking     ] GC(1055) Concurrent Rebuild Remembered Sets and Scrub Regions 0.711ms
[2026-06-17T10:02:32.922+0800][29.419s][info][gc,start       ] GC(1055) Pause Cleanup
[2026-06-17T10:02:32.923+0800][29.420s][info][gc             ] GC(1055) Pause Cleanup 40M->40M(64M) 0.366ms
[2026-06-17T10:02:32.923+0800][29.420s][info][gc,cpu         ] GC(1055) User=0.00s Sys=0.00s Real=0.01s
[2026-06-17T10:02:32.923+0800][29.420s][info][gc,marking     ] GC(1055) Concurrent Clear Claimed Marks
[2026-06-17T10:02:32.923+0800][29.420s][info][gc,marking     ] GC(1055) Concurrent Clear Claimed Marks 0.202ms
[2026-06-17T10:02:32.923+0800][29.420s][info][gc,marking     ] GC(1055) Concurrent Cleanup for Next Mark
[2026-06-17T10:02:32.924+0800][29.421s][info][gc,marking     ] GC(1055) Concurrent Cleanup for Next Mark 0.273ms
[2026-06-17T10:02:32.924+0800][29.421s][info][gc             ] GC(1055) Concurrent Mark Cycle 7.852ms
[2026-06-17T10:02:32.937+0800][29.434s][info][gc,start       ] GC(1056) Pause Young (Prepare Mixed) (G1 Evacuation Pause)
[2026-06-17T10:02:32.938+0800][29.435s][info][gc,task        ] GC(1056) Using 2 workers of 18 for evacuation
[2026-06-17T10:02:32.939+0800][29.436s][info][gc,phases      ] GC(1056)   Pre Evacuate Collection Set: 0.12ms
[2026-06-17T10:02:32.939+0800][29.436s][info][gc,phases      ] GC(1056)   Merge Heap Roots: 0.05ms
[2026-06-17T10:02:32.939+0800][29.436s][info][gc,phases      ] GC(1056)   Evacuate Collection Set: 0.25ms
[2026-06-17T10:02:32.940+0800][29.436s][info][gc,phases      ] GC(1056)   Post Evacuate Collection Set: 0.36ms
[2026-06-17T10:02:32.940+0800][29.437s][info][gc,phases      ] GC(1056)   Other: 0.21ms
[2026-06-17T10:02:32.940+0800][29.437s][info][gc,heap        ] GC(1056) Eden regions: 8->0(13)
[2026-06-17T10:02:32.940+0800][29.437s][info][gc,heap        ] GC(1056) Survivor regions: 2->2(2)
[2026-06-17T10:02:32.940+0800][29.437s][info][gc,heap        ] GC(1056) Old regions: 21->23
[2026-06-17T10:02:32.941+0800][29.437s][info][gc,heap        ] GC(1056) Humongous regions: 15->15
[2026-06-17T10:02:32.941+0800][29.438s][info][gc,metaspace   ] GC(1056) Metaspace: 113K(320K)->113K(320K) NonClass: 105K(192K)->105K(192K) Class: 7K(128K)->7K(128K)
[2026-06-17T10:02:32.941+0800][29.438s][info][gc             ] GC(1056) Pause Young (Prepare Mixed) (G1 Evacuation Pause) 45M->38M(64M) 3.401ms
[2026-06-17T10:02:32.941+0800][29.438s][info][gc,cpu         ] GC(1056) User=0.00s Sys=0.00s Real=0.00s
[2026-06-17T10:02:32.973+0800][29.470s][info][gc,start       ] GC(1057) Pause Young (Mixed) (G1 Evacuation Pause)
[2026-06-17T10:02:32.974+0800][29.470s][info][gc,task        ] GC(1057) Using 2 workers of 18 for evacuation
[2026-06-17T10:02:32.975+0800][29.472s][info][gc,phases      ] GC(1057)   Pre Evacuate Collection Set: 0.14ms
[2026-06-17T10:02:32.975+0800][29.472s][info][gc,phases      ] GC(1057)   Merge Heap Roots: 0.05ms
[2026-06-17T10:02:32.976+0800][29.473s][info][gc,phases      ] GC(1057)   Evacuate Collection Set: 0.54ms
[2026-06-17T10:02:32.976+0800][29.473s][info][gc,phases      ] GC(1057)   Post Evacuate Collection Set: 0.22ms
[2026-06-17T10:02:32.976+0800][29.473s][info][gc,phases      ] GC(1057)   Other: 0.47ms
[2026-06-17T10:02:32.976+0800][29.473s][info][gc,heap        ] GC(1057) Eden regions: 13->0(11)
[2026-06-17T10:02:32.977+0800][29.474s][info][gc,heap        ] GC(1057) Survivor regions: 2->2(2)
[2026-06-17T10:02:32.977+0800][29.474s][info][gc,heap        ] GC(1057) Old regions: 23->23
[2026-06-17T10:02:32.977+0800][29.474s][info][gc,heap        ] GC(1057) Humongous regions: 16->16
[2026-06-17T10:02:32.978+0800][29.474s][info][gc,metaspace   ] GC(1057) Metaspace: 113K(320K)->113K(320K) NonClass: 105K(192K)->105K(192K) Class: 7K(128K)->7K(128K)
[2026-06-17T10:02:32.978+0800][29.475s][info][gc             ] GC(1057) Pause Young (Mixed) (G1 Evacuation Pause) 52M->39M(64M) 4.643ms
[2026-06-17T10:02:32.978+0800][29.475s][info][gc,cpu         ] GC(1057) User=0.00s Sys=0.00s Real=0.00s
[2026-06-17T10:02:33.010+0800][29.507s][info][gc,start       ] GC(1058) Pause Young (Concurrent Start) (G1 Evacuation Pause)
[2026-06-17T10:02:33.010+0800][29.507s][info][gc,task        ] GC(1058) Using 2 workers of 18 for evacuation
[2026-06-17T10:02:33.011+0800][29.508s][info][gc,phases      ] GC(1058)   Pre Evacuate Collection Set: 0.16ms
[2026-06-17T10:02:33.012+0800][29.508s][info][gc,phases      ] GC(1058)   Merge Heap Roots: 0.05ms
[2026-06-17T10:02:33.012+0800][29.509s][info][gc,phases      ] GC(1058)   Evacuate Collection Set: 0.42ms
[2026-06-17T10:02:33.012+0800][29.509s][info][gc,phases      ] GC(1058)   Post Evacuate Collection Set: 0.21ms
[2026-06-17T10:02:33.012+0800][29.509s][info][gc,phases      ] GC(1058)   Other: 0.42ms
[2026-06-17T10:02:33.012+0800][29.509s][info][gc,heap        ] GC(1058) Eden regions: 11->0(9)
[2026-06-17T10:02:33.012+0800][29.509s][info][gc,heap        ] GC(1058) Survivor regions: 2->2(2)
[2026-06-17T10:02:33.012+0800][29.509s][info][gc,heap        ] GC(1058) Old regions: 23->26
[2026-06-17T10:02:33.013+0800][29.510s][info][gc,heap        ] GC(1058) Humongous regions: 16->16
[2026-06-17T10:02:33.013+0800][29.510s][info][gc,metaspace   ] GC(1058) Metaspace: 113K(320K)->113K(320K) NonClass: 105K(192K)->105K(192K) Class: 7K(128K)->7K(128K)
[2026-06-17T10:02:33.013+0800][29.510s][info][gc             ] GC(1058) Pause Young (Concurrent Start) (G1 Evacuation Pause) 50M->43M(64M) 3.367ms
[2026-06-17T10:02:33.013+0800][29.510s][info][gc,cpu         ] GC(1058) User=0.01s Sys=0.00s Real=0.01s
[2026-06-17T10:02:33.013+0800][29.510s][info][gc             ] GC(1059) Concurrent Mark Cycle
[2026-06-17T10:02:33.014+0800][29.510s][info][gc,marking     ] GC(1059) Concurrent Scan Root Regions
[2026-06-17T10:02:33.014+0800][29.511s][info][gc,marking     ] GC(1059) Concurrent Scan Root Regions 0.286ms
[2026-06-17T10:02:33.014+0800][29.511s][info][gc,marking     ] GC(1059) Concurrent Mark
[2026-06-17T10:02:33.014+0800][29.511s][info][gc,marking     ] GC(1059) Concurrent Mark From Roots
[2026-06-17T10:02:33.014+0800][29.511s][info][gc,task        ] GC(1059) Using 5 workers of 5 for marking
[2026-06-17T10:02:33.016+0800][29.513s][info][gc,marking     ] GC(1059) Concurrent Mark From Roots 1.573ms
[2026-06-17T10:02:33.016+0800][29.513s][info][gc,marking     ] GC(1059) Concurrent Preclean
[2026-06-17T10:02:33.016+0800][29.513s][info][gc,marking     ] GC(1059) Concurrent Preclean 0.178ms
[2026-06-17T10:02:33.017+0800][29.513s][info][gc,start       ] GC(1059) Pause Remark
[2026-06-17T10:02:33.017+0800][29.514s][info][gc             ] GC(1059) Pause Remark 46M->45M(64M) 0.690ms
[2026-06-17T10:02:33.018+0800][29.514s][info][gc,cpu         ] GC(1059) User=0.00s Sys=0.00s Real=0.00s
[2026-06-17T10:02:33.018+0800][29.515s][info][gc,marking     ] GC(1059) Concurrent Mark 3.816ms
[2026-06-17T10:02:33.018+0800][29.515s][info][gc,marking     ] GC(1059) Concurrent Rebuild Remembered Sets and Scrub Regions
[2026-06-17T10:02:33.019+0800][29.516s][info][gc,marking     ] GC(1059) Concurrent Rebuild Remembered Sets and Scrub Regions 0.831ms
[2026-06-17T10:02:33.019+0800][29.516s][info][gc,start       ] GC(1059) Pause Cleanup
[2026-06-17T10:02:33.019+0800][29.516s][info][gc             ] GC(1059) Pause Cleanup 45M->45M(64M) 0.262ms
[2026-06-17T10:02:33.020+0800][29.516s][info][gc,cpu         ] GC(1059) User=0.00s Sys=0.00s Real=0.00s
[2026-06-17T10:02:33.020+0800][29.517s][info][gc,marking     ] GC(1059) Concurrent Clear Claimed Marks
[2026-06-17T10:02:33.020+0800][29.517s][info][gc,marking     ] GC(1059) Concurrent Clear Claimed Marks 0.219ms
[2026-06-17T10:02:33.020+0800][29.517s][info][gc,marking     ] GC(1059) Concurrent Cleanup for Next Mark
[2026-06-17T10:02:33.021+0800][29.517s][info][gc,marking     ] GC(1059) Concurrent Cleanup for Next Mark 0.356ms
[2026-06-17T10:02:33.021+0800][29.518s][info][gc             ] GC(1059) Concurrent Mark Cycle 7.578ms
[2026-06-17T10:02:33.035+0800][29.532s][info][gc,start       ] GC(1060) Pause Young (Prepare Mixed) (G1 Evacuation Pause)
[2026-06-17T10:02:33.035+0800][29.532s][info][gc,task        ] GC(1060) Using 2 workers of 18 for evacuation
[2026-06-17T10:02:33.036+0800][29.533s][info][gc,phases      ] GC(1060)   Pre Evacuate Collection Set: 0.12ms
[2026-06-17T10:02:33.037+0800][29.534s][info][gc,phases      ] GC(1060)   Merge Heap Roots: 0.08ms
[2026-06-17T10:02:33.038+0800][29.534s][info][gc,phases      ] GC(1060)   Evacuate Collection Set: 0.42ms
[2026-06-17T10:02:33.038+0800][29.535s][info][gc,phases      ] GC(1060)   Post Evacuate Collection Set: 0.18ms
[2026-06-17T10:02:33.038+0800][29.535s][info][gc,phases      ] GC(1060)   Other: 0.36ms
[2026-06-17T10:02:33.038+0800][29.535s][info][gc,heap        ] GC(1060) Eden regions: 9->0(8)
[2026-06-17T10:02:33.039+0800][29.535s][info][gc,heap        ] GC(1060) Survivor regions: 2->2(2)
[2026-06-17T10:02:33.039+0800][29.536s][info][gc,heap        ] GC(1060) Old regions: 25->28
[2026-06-17T10:02:33.039+0800][29.536s][info][gc,heap        ] GC(1060) Humongous regions: 16->16
[2026-06-17T10:02:33.039+0800][29.536s][info][gc,metaspace   ] GC(1060) Metaspace: 113K(320K)->113K(320K) NonClass: 105K(192K)->105K(192K) Class: 7K(128K)->7K(128K)
[2026-06-17T10:02:33.039+0800][29.536s][info][gc             ] GC(1060) Pause Young (Prepare Mixed) (G1 Evacuation Pause) 51M->45M(64M) 4.727ms
[2026-06-17T10:02:33.040+0800][29.537s][info][gc,cpu         ] GC(1060) User=0.01s Sys=0.00s Real=0.00s
[2026-06-17T10:02:33.061+0800][29.558s][info][gc,start       ] GC(1061) Pause Young (Mixed) (G1 Evacuation Pause)
[2026-06-17T10:02:33.062+0800][29.559s][info][gc,task        ] GC(1061) Using 2 workers of 18 for evacuation
[2026-06-17T10:02:33.063+0800][29.560s][info][gc,phases      ] GC(1061)   Pre Evacuate Collection Set: 0.12ms
[2026-06-17T10:02:33.063+0800][29.560s][info][gc,phases      ] GC(1061)   Merge Heap Roots: 0.04ms
[2026-06-17T10:02:33.063+0800][29.560s][info][gc,phases      ] GC(1061)   Evacuate Collection Set: 0.43ms
[2026-06-17T10:02:33.063+0800][29.560s][info][gc,phases      ] GC(1061)   Post Evacuate Collection Set: 0.16ms
[2026-06-17T10:02:33.064+0800][29.561s][info][gc,phases      ] GC(1061)   Other: 0.36ms
[2026-06-17T10:02:33.064+0800][29.561s][info][gc,heap        ] GC(1061) Eden regions: 8->0(8)
[2026-06-17T10:02:33.064+0800][29.561s][info][gc,heap        ] GC(1061) Survivor regions: 2->2(2)
[2026-06-17T10:02:33.064+0800][29.561s][info][gc,heap        ] GC(1061) Old regions: 28->29
[2026-06-17T10:02:33.065+0800][29.561s][info][gc,heap        ] GC(1061) Humongous regions: 16->16
[2026-06-17T10:02:33.065+0800][29.562s][info][gc,metaspace   ] GC(1061) Metaspace: 113K(320K)->113K(320K) NonClass: 105K(192K)->105K(192K) Class: 7K(128K)->7K(128K)
[2026-06-17T10:02:33.065+0800][29.562s][info][gc             ] GC(1061) Pause Young (Mixed) (G1 Evacuation Pause) 53M->46M(64M) 3.730ms
[2026-06-17T10:02:33.065+0800][29.562s][info][gc,cpu         ] GC(1061) User=0.00s Sys=0.00s Real=0.01s
[2026-06-17T10:02:33.086+0800][29.583s][info][gc,start       ] GC(1062) Pause Young (Concurrent Start) (G1 Evacuation Pause)
[2026-06-17T10:02:33.087+0800][29.584s][info][gc,task        ] GC(1062) Using 2 workers of 18 for evacuation
[2026-06-17T10:02:33.088+0800][29.585s][info][gc,phases      ] GC(1062)   Pre Evacuate Collection Set: 0.17ms
[2026-06-17T10:02:33.089+0800][29.586s][info][gc,phases      ] GC(1062)   Merge Heap Roots: 0.08ms
[2026-06-17T10:02:33.089+0800][29.586s][info][gc,phases      ] GC(1062)   Evacuate Collection Set: 0.38ms
[2026-06-17T10:02:33.090+0800][29.587s][info][gc,phases      ] GC(1062)   Post Evacuate Collection Set: 0.19ms
[2026-06-17T10:02:33.093+0800][29.590s][info][gc,phases      ] GC(1062)   Other: 0.78ms
[2026-06-17T10:02:33.093+0800][29.590s][info][gc,heap        ] GC(1062) Eden regions: 8->0(7)
[2026-06-17T10:02:33.094+0800][29.590s][info][gc,heap        ] GC(1062) Survivor regions: 2->2(2)
[2026-06-17T10:02:33.094+0800][29.591s][info][gc,heap        ] GC(1062) Old regions: 29->31
[2026-06-17T10:02:33.094+0800][29.591s][info][gc,heap        ] GC(1062) Humongous regions: 16->16
[2026-06-17T10:02:33.095+0800][29.592s][info][gc,metaspace   ] GC(1062) Metaspace: 113K(320K)->113K(320K) NonClass: 105K(192K)->105K(192K) Class: 7K(128K)->7K(128K)
[2026-06-17T10:02:33.095+0800][29.592s][info][gc             ] GC(1062) Pause Young (Concurrent Start) (G1 Evacuation Pause) 54M->47M(64M) 9.209ms
[2026-06-17T10:02:33.096+0800][29.593s][info][gc,cpu         ] GC(1062) User=0.00s Sys=0.00s Real=0.01s
[2026-06-17T10:02:33.096+0800][29.593s][info][gc             ] GC(1063) Concurrent Mark Cycle
[2026-06-17T10:02:33.096+0800][29.593s][info][gc,marking     ] GC(1063) Concurrent Scan Root Regions
[2026-06-17T10:02:33.097+0800][29.594s][info][gc,marking     ] GC(1063) Concurrent Scan Root Regions 0.457ms
[2026-06-17T10:02:33.097+0800][29.594s][info][gc,marking     ] GC(1063) Concurrent Mark
[2026-06-17T10:02:33.098+0800][29.595s][info][gc,marking     ] GC(1063) Concurrent Mark From Roots
[2026-06-17T10:02:33.098+0800][29.595s][info][gc,task        ] GC(1063) Using 5 workers of 5 for marking
[2026-06-17T10:02:33.100+0800][29.597s][info][gc,marking     ] GC(1063) Concurrent Mark From Roots 2.262ms
[2026-06-17T10:02:33.100+0800][29.597s][info][gc,marking     ] GC(1063) Concurrent Preclean
[2026-06-17T10:02:33.101+0800][29.597s][info][gc,marking     ] GC(1063) Concurrent Preclean 0.230ms
[2026-06-17T10:02:33.101+0800][29.598s][info][gc,start       ] GC(1063) Pause Remark
[2026-06-17T10:02:33.102+0800][29.598s][info][gc             ] GC(1063) Pause Remark 50M->43M(64M) 0.651ms
[2026-06-17T10:02:33.102+0800][29.599s][info][gc,cpu         ] GC(1063) User=0.00s Sys=0.00s Real=0.00s
[2026-06-17T10:02:33.102+0800][29.599s][info][gc,marking     ] GC(1063) Concurrent Mark 4.929ms
[2026-06-17T10:02:33.102+0800][29.599s][info][gc,marking     ] GC(1063) Concurrent Rebuild Remembered Sets and Scrub Regions
[2026-06-17T10:02:33.103+0800][29.600s][info][gc,marking     ] GC(1063) Concurrent Rebuild Remembered Sets and Scrub Regions 0.800ms
[2026-06-17T10:02:33.104+0800][29.600s][info][gc,start       ] GC(1063) Pause Cleanup
[2026-06-17T10:02:33.104+0800][29.601s][info][gc             ] GC(1063) Pause Cleanup 43M->43M(64M) 0.428ms
[2026-06-17T10:02:33.104+0800][29.601s][info][gc,cpu         ] GC(1063) User=0.00s Sys=0.00s Real=0.00s
[2026-06-17T10:02:33.105+0800][29.602s][info][gc,marking     ] GC(1063) Concurrent Clear Claimed Marks
[2026-06-17T10:02:33.105+0800][29.602s][info][gc,marking     ] GC(1063) Concurrent Clear Claimed Marks 0.201ms
[2026-06-17T10:02:33.105+0800][29.602s][info][gc,marking     ] GC(1063) Concurrent Cleanup for Next Mark
[2026-06-17T10:02:33.105+0800][29.602s][info][gc,marking     ] GC(1063) Concurrent Cleanup for Next Mark 0.301ms
[2026-06-17T10:02:33.106+0800][29.602s][info][gc             ] GC(1063) Concurrent Mark Cycle 9.863ms
[2026-06-17T10:02:33.117+0800][29.614s][info][gc,start       ] GC(1064) Pause Young (Prepare Mixed) (G1 Evacuation Pause)
[2026-06-17T10:02:33.117+0800][29.614s][info][gc,task        ] GC(1064) Using 2 workers of 18 for evacuation
[2026-06-17T10:02:33.119+0800][29.616s][info][gc,phases      ] GC(1064)   Pre Evacuate Collection Set: 0.13ms
[2026-06-17T10:02:33.119+0800][29.616s][info][gc,phases      ] GC(1064)   Merge Heap Roots: 0.08ms
[2026-06-17T10:02:33.120+0800][29.617s][info][gc,phases      ] GC(1064)   Evacuate Collection Set: 0.27ms
[2026-06-17T10:02:33.120+0800][29.617s][info][gc,phases      ] GC(1064)   Post Evacuate Collection Set: 0.20ms
[2026-06-17T10:02:33.121+0800][29.618s][info][gc,phases      ] GC(1064)   Other: 0.59ms
[2026-06-17T10:02:33.121+0800][29.618s][info][gc,heap        ] GC(1064) Eden regions: 7->0(11)
[2026-06-17T10:02:33.122+0800][29.618s][info][gc,heap        ] GC(1064) Survivor regions: 2->2(2)
[2026-06-17T10:02:33.122+0800][29.619s][info][gc,heap        ] GC(1064) Old regions: 24->24
[2026-06-17T10:02:33.123+0800][29.619s][info][gc,heap        ] GC(1064) Humongous regions: 16->16
[2026-06-17T10:02:33.123+0800][29.620s][info][gc,metaspace   ] GC(1064) Metaspace: 113K(320K)->113K(320K) NonClass: 105K(192K)->105K(192K) Class: 7K(128K)->7K(128K)
[2026-06-17T10:02:33.123+0800][29.620s][info][gc             ] GC(1064) Pause Young (Prepare Mixed) (G1 Evacuation Pause) 47M->41M(64M) 6.271ms
[2026-06-17T10:02:33.124+0800][29.621s][info][gc,cpu         ] GC(1064) User=0.00s Sys=0.00s Real=0.01s
[2026-06-17T10:02:33.145+0800][29.642s][info][gc,start       ] GC(1065) Pause Young (Mixed) (G1 Evacuation Pause)
[2026-06-17T10:02:33.146+0800][29.643s][info][gc,task        ] GC(1065) Using 2 workers of 18 for evacuation
[2026-06-17T10:02:33.147+0800][29.644s][info][gc,phases      ] GC(1065)   Pre Evacuate Collection Set: 0.19ms
[2026-06-17T10:02:33.148+0800][29.645s][info][gc,phases      ] GC(1065)   Merge Heap Roots: 0.05ms
[2026-06-17T10:02:33.148+0800][29.645s][info][gc,phases      ] GC(1065)   Evacuate Collection Set: 0.63ms
[2026-06-17T10:02:33.149+0800][29.645s][info][gc,phases      ] GC(1065)   Post Evacuate Collection Set: 0.24ms
[2026-06-17T10:02:33.149+0800][29.646s][info][gc,phases      ] GC(1065)   Other: 0.45ms
[2026-06-17T10:02:33.149+0800][29.646s][info][gc,heap        ] GC(1065) Eden regions: 11->0(10)
[2026-06-17T10:02:33.150+0800][29.647s][info][gc,heap        ] GC(1065) Survivor regions: 2->2(2)
[2026-06-17T10:02:33.150+0800][29.647s][info][gc,heap        ] GC(1065) Old regions: 24->24
[2026-06-17T10:02:33.150+0800][29.647s][info][gc,heap        ] GC(1065) Humongous regions: 16->16
[2026-06-17T10:02:33.151+0800][29.648s][info][gc,metaspace   ] GC(1065) Metaspace: 113K(320K)->113K(320K) NonClass: 105K(192K)->105K(192K) Class: 7K(128K)->7K(128K)
[2026-06-17T10:02:33.151+0800][29.648s][info][gc             ] GC(1065) Pause Young (Mixed) (G1 Evacuation Pause) 52M->41M(64M) 5.509ms
[2026-06-17T10:02:33.151+0800][29.648s][info][gc,cpu         ] GC(1065) User=0.00s Sys=0.00s Real=0.01s
[2026-06-17T10:02:33.183+0800][29.680s][info][gc,start       ] GC(1066) Pause Young (Mixed) (G1 Evacuation Pause)
[2026-06-17T10:02:33.183+0800][29.680s][info][gc,task        ] GC(1066) Using 2 workers of 18 for evacuation
[2026-06-17T10:02:33.185+0800][29.681s][info][gc,phases      ] GC(1066)   Pre Evacuate Collection Set: 0.14ms
[2026-06-17T10:02:33.185+0800][29.682s][info][gc,phases      ] GC(1066)   Merge Heap Roots: 0.05ms
[2026-06-17T10:02:33.185+0800][29.682s][info][gc,phases      ] GC(1066)   Evacuate Collection Set: 0.45ms
[2026-06-17T10:02:33.185+0800][29.682s][info][gc,phases      ] GC(1066)   Post Evacuate Collection Set: 0.17ms
[2026-06-17T10:02:33.186+0800][29.683s][info][gc,phases      ] GC(1066)   Other: 0.33ms
[2026-06-17T10:02:33.186+0800][29.683s][info][gc,heap        ] GC(1066) Eden regions: 10->0(8)
[2026-06-17T10:02:33.186+0800][29.683s][info][gc,heap        ] GC(1066) Survivor regions: 2->2(2)
[2026-06-17T10:02:33.186+0800][29.683s][info][gc,heap        ] GC(1066) Old regions: 24->25
[2026-06-17T10:02:33.187+0800][29.684s][info][gc,heap        ] GC(1066) Humongous regions: 18->18
[2026-06-17T10:02:33.187+0800][29.684s][info][gc,metaspace   ] GC(1066) Metaspace: 113K(320K)->113K(320K) NonClass: 105K(192K)->105K(192K) Class: 7K(128K)->7K(128K)
[2026-06-17T10:02:33.187+0800][29.684s][info][gc             ] GC(1066) Pause Young (Mixed) (G1 Evacuation Pause) 53M->44M(64M) 4.098ms
[2026-06-17T10:02:33.187+0800][29.684s][info][gc,cpu         ] GC(1066) User=0.00s Sys=0.00s Real=0.00s
[2026-06-17T10:02:33.209+0800][29.706s][info][gc,start       ] GC(1067) Pause Young (Concurrent Start) (G1 Evacuation Pause)
[2026-06-17T10:02:33.209+0800][29.706s][info][gc,task        ] GC(1067) Using 2 workers of 18 for evacuation
[2026-06-17T10:02:33.210+0800][29.707s][info][gc,phases      ] GC(1067)   Pre Evacuate Collection Set: 0.16ms
[2026-06-17T10:02:33.211+0800][29.708s][info][gc,phases      ] GC(1067)   Merge Heap Roots: 0.05ms
[2026-06-17T10:02:33.211+0800][29.708s][info][gc,phases      ] GC(1067)   Evacuate Collection Set: 0.28ms
[2026-06-17T10:02:33.212+0800][29.709s][info][gc,phases      ] GC(1067)   Post Evacuate Collection Set: 0.21ms
[2026-06-17T10:02:33.212+0800][29.709s][info][gc,phases      ] GC(1067)   Other: 0.44ms
[2026-06-17T10:02:33.214+0800][29.710s][info][gc,heap        ] GC(1067) Eden regions: 8->0(8)
[2026-06-17T10:02:33.215+0800][29.712s][info][gc,heap        ] GC(1067) Survivor regions: 2->2(2)
[2026-06-17T10:02:33.215+0800][29.712s][info][gc,heap        ] GC(1067) Old regions: 25->27
[2026-06-17T10:02:33.215+0800][29.712s][info][gc,heap        ] GC(1067) Humongous regions: 18->18
[2026-06-17T10:02:33.216+0800][29.713s][info][gc,metaspace   ] GC(1067) Metaspace: 113K(320K)->113K(320K) NonClass: 105K(192K)->105K(192K) Class: 7K(128K)->7K(128K)
[2026-06-17T10:02:33.216+0800][29.713s][info][gc             ] GC(1067) Pause Young (Concurrent Start) (G1 Evacuation Pause) 52M->45M(64M) 7.469ms
[2026-06-17T10:02:33.217+0800][29.713s][info][gc,cpu         ] GC(1067) User=0.00s Sys=0.00s Real=0.01s
[2026-06-17T10:02:33.217+0800][29.713s][info][gc             ] GC(1068) Concurrent Mark Cycle
[2026-06-17T10:02:33.217+0800][29.714s][info][gc,marking     ] GC(1068) Concurrent Scan Root Regions
[2026-06-17T10:02:33.218+0800][29.715s][info][gc,marking     ] GC(1068) Concurrent Scan Root Regions 0.458ms
[2026-06-17T10:02:33.218+0800][29.715s][info][gc,marking     ] GC(1068) Concurrent Mark
[2026-06-17T10:02:33.218+0800][29.715s][info][gc,marking     ] GC(1068) Concurrent Mark From Roots
[2026-06-17T10:02:33.219+0800][29.716s][info][gc,task        ] GC(1068) Using 5 workers of 5 for marking
[2026-06-17T10:02:33.221+0800][29.718s][info][gc,marking     ] GC(1068) Concurrent Mark From Roots 3.041ms
[2026-06-17T10:02:33.222+0800][29.719s][info][gc,marking     ] GC(1068) Concurrent Preclean
[2026-06-17T10:02:33.222+0800][29.719s][info][gc,marking     ] GC(1068) Concurrent Preclean 0.377ms
[2026-06-17T10:02:33.223+0800][29.719s][info][gc,start       ] GC(1068) Pause Remark
[2026-06-17T10:02:33.224+0800][29.721s][info][gc             ] GC(1068) Pause Remark 49M->48M(64M) 1.069ms
[2026-06-17T10:02:33.224+0800][29.721s][info][gc,cpu         ] GC(1068) User=0.00s Sys=0.00s Real=0.00s
[2026-06-17T10:02:33.224+0800][29.721s][info][gc,marking     ] GC(1068) Concurrent Mark 6.442ms
[2026-06-17T10:02:33.225+0800][29.722s][info][gc,marking     ] GC(1068) Concurrent Rebuild Remembered Sets and Scrub Regions
[2026-06-17T10:02:33.226+0800][29.723s][info][gc,marking     ] GC(1068) Concurrent Rebuild Remembered Sets and Scrub Regions 0.790ms
[2026-06-17T10:02:33.226+0800][29.723s][info][gc,start       ] GC(1068) Pause Cleanup
[2026-06-17T10:02:33.227+0800][29.723s][info][gc             ] GC(1068) Pause Cleanup 48M->48M(64M) 0.440ms
[2026-06-17T10:02:33.227+0800][29.724s][info][gc,cpu         ] GC(1068) User=0.00s Sys=0.00s Real=0.00s
[2026-06-17T10:02:33.227+0800][29.724s][info][gc,marking     ] GC(1068) Concurrent Clear Claimed Marks
[2026-06-17T10:02:33.228+0800][29.725s][info][gc,marking     ] GC(1068) Concurrent Clear Claimed Marks 0.313ms
[2026-06-17T10:02:33.228+0800][29.725s][info][gc,marking     ] GC(1068) Concurrent Cleanup for Next Mark
[2026-06-17T10:02:33.228+0800][29.725s][info][gc,marking     ] GC(1068) Concurrent Cleanup for Next Mark 0.459ms
[2026-06-17T10:02:33.229+0800][29.726s][info][gc             ] GC(1068) Concurrent Mark Cycle 12.143ms
[2026-06-17T10:02:33.238+0800][29.735s][info][gc,start       ] GC(1069) Pause Young (Prepare Mixed) (G1 Evacuation Pause)
[2026-06-17T10:02:33.238+0800][29.735s][info][gc,task        ] GC(1069) Using 2 workers of 18 for evacuation
[2026-06-17T10:02:33.239+0800][29.736s][info][gc,phases      ] GC(1069)   Pre Evacuate Collection Set: 0.11ms
[2026-06-17T10:02:33.240+0800][29.737s][info][gc,phases      ] GC(1069)   Merge Heap Roots: 0.05ms
[2026-06-17T10:02:33.240+0800][29.737s][info][gc,phases      ] GC(1069)   Evacuate Collection Set: 0.25ms
[2026-06-17T10:02:33.241+0800][29.738s][info][gc,phases      ] GC(1069)   Post Evacuate Collection Set: 0.17ms
[2026-06-17T10:02:33.241+0800][29.738s][info][gc,phases      ] GC(1069)   Other: 0.41ms
[2026-06-17T10:02:33.241+0800][29.738s][info][gc,heap        ] GC(1069) Eden regions: 8->0(8)
[2026-06-17T10:02:33.242+0800][29.739s][info][gc,heap        ] GC(1069) Survivor regions: 2->2(2)
[2026-06-17T10:02:33.242+0800][29.739s][info][gc,heap        ] GC(1069) Old regions: 26->27
[2026-06-17T10:02:33.243+0800][29.739s][info][gc,heap        ] GC(1069) Humongous regions: 18->18
[2026-06-17T10:02:33.243+0800][29.740s][info][gc,metaspace   ] GC(1069) Metaspace: 113K(320K)->113K(320K) NonClass: 105K(192K)->105K(192K) Class: 7K(128K)->7K(128K)
[2026-06-17T10:02:33.243+0800][29.740s][info][gc             ] GC(1069) Pause Young (Prepare Mixed) (G1 Evacuation Pause) 52M->46M(64M) 5.446ms
[2026-06-17T10:02:33.244+0800][29.741s][info][gc,cpu         ] GC(1069) User=0.00s Sys=0.00s Real=0.01s
[2026-06-17T10:02:33.255+0800][29.752s][info][gc,start       ] GC(1070) Pause Young (Mixed) (G1 Evacuation Pause)
[2026-06-17T10:02:33.255+0800][29.752s][info][gc,task        ] GC(1070) Using 2 workers of 18 for evacuation
[2026-06-17T10:02:33.257+0800][29.753s][info][gc,phases      ] GC(1070)   Pre Evacuate Collection Set: 0.12ms
[2026-06-17T10:02:33.257+0800][29.754s][info][gc,phases      ] GC(1070)   Merge Heap Roots: 0.04ms
[2026-06-17T10:02:33.257+0800][29.754s][info][gc,phases      ] GC(1070)   Evacuate Collection Set: 0.43ms
[2026-06-17T10:02:33.258+0800][29.755s][info][gc,phases      ] GC(1070)   Post Evacuate Collection Set: 0.18ms
[2026-06-17T10:02:33.258+0800][29.755s][info][gc,phases      ] GC(1070)   Other: 0.37ms
[2026-06-17T10:02:33.258+0800][29.755s][info][gc,heap        ] GC(1070) Eden regions: 8->0(10)
[2026-06-17T10:02:33.259+0800][29.756s][info][gc,heap        ] GC(1070) Survivor regions: 2->2(2)
[2026-06-17T10:02:33.259+0800][29.756s][info][gc,heap        ] GC(1070) Old regions: 27->25
[2026-06-17T10:02:33.259+0800][29.756s][info][gc,heap        ] GC(1070) Humongous regions: 18->18
[2026-06-17T10:02:33.260+0800][29.757s][info][gc,metaspace   ] GC(1070) Metaspace: 113K(320K)->113K(320K) NonClass: 105K(192K)->105K(192K) Class: 7K(128K)->7K(128K)
[2026-06-17T10:02:33.260+0800][29.757s][info][gc             ] GC(1070) Pause Young (Mixed) (G1 Evacuation Pause) 54M->44M(64M) 5.201ms
[2026-06-17T10:02:33.260+0800][29.757s][info][gc,cpu         ] GC(1070) User=0.00s Sys=0.00s Real=0.00s
[2026-06-17T10:02:33.292+0800][29.789s][info][gc,start       ] GC(1071) Pause Young (Normal) (G1 Evacuation Pause)
[2026-06-17T10:02:33.293+0800][29.790s][info][gc,task        ] GC(1071) Using 2 workers of 18 for evacuation
[2026-06-17T10:02:33.294+0800][29.791s][info][gc,phases      ] GC(1071)   Pre Evacuate Collection Set: 0.11ms
[2026-06-17T10:02:33.294+0800][29.791s][info][gc,phases      ] GC(1071)   Merge Heap Roots: 0.04ms
[2026-06-17T10:02:33.294+0800][29.791s][info][gc,phases      ] GC(1071)   Evacuate Collection Set: 0.40ms
[2026-06-17T10:02:33.294+0800][29.791s][info][gc,phases      ] GC(1071)   Post Evacuate Collection Set: 0.25ms
[2026-06-17T10:02:33.294+0800][29.791s][info][gc,phases      ] GC(1071)   Other: 0.19ms
[2026-06-17T10:02:33.294+0800][29.791s][info][gc,heap        ] GC(1071) Eden regions: 10->0(8)
[2026-06-17T10:02:33.295+0800][29.791s][info][gc,heap        ] GC(1071) Survivor regions: 2->2(2)
[2026-06-17T10:02:33.295+0800][29.792s][info][gc,heap        ] GC(1071) Old regions: 25->28
[2026-06-17T10:02:33.295+0800][29.792s][info][gc,heap        ] GC(1071) Humongous regions: 18->18
[2026-06-17T10:02:33.295+0800][29.792s][info][gc,metaspace   ] GC(1071) Metaspace: 113K(320K)->113K(320K) NonClass: 105K(192K)->105K(192K) Class: 7K(128K)->7K(128K)
[2026-06-17T10:02:33.295+0800][29.792s][info][gc             ] GC(1071) Pause Young (Normal) (G1 Evacuation Pause) 54M->47M(64M) 2.665ms
[2026-06-17T10:02:33.295+0800][29.792s][info][gc,cpu         ] GC(1071) User=0.01s Sys=0.00s Real=0.00s
[2026-06-17T10:02:33.316+0800][29.813s][info][gc,start       ] GC(1072) Pause Young (Concurrent Start) (G1 Evacuation Pause)
[2026-06-17T10:02:33.329+0800][29.826s][info][gc,task        ] GC(1072) Using 2 workers of 18 for evacuation
[2026-06-17T10:02:33.331+0800][29.827s][info][gc,phases      ] GC(1072)   Pre Evacuate Collection Set: 0.18ms
[2026-06-17T10:02:33.331+0800][29.828s][info][gc,phases      ] GC(1072)   Merge Heap Roots: 0.10ms
[2026-06-17T10:02:33.331+0800][29.828s][info][gc,phases      ] GC(1072)   Evacuate Collection Set: 0.39ms
[2026-06-17T10:02:33.331+0800][29.828s][info][gc,phases      ] GC(1072)   Post Evacuate Collection Set: 0.32ms
[2026-06-17T10:02:33.331+0800][29.828s][info][gc,phases      ] GC(1072)   Other: 0.62ms
[2026-06-17T10:02:33.331+0800][29.828s][info][gc,heap        ] GC(1072) Eden regions: 8->0(5)
[2026-06-17T10:02:33.331+0800][29.828s][info][gc,heap        ] GC(1072) Survivor regions: 2->2(2)
[2026-06-17T10:02:33.332+0800][29.828s][info][gc,heap        ] GC(1072) Old regions: 28->31
[2026-06-17T10:02:33.332+0800][29.828s][info][gc,heap        ] GC(1072) Humongous regions: 18->18
[2026-06-17T10:02:33.332+0800][29.829s][info][gc,metaspace   ] GC(1072) Metaspace: 113K(320K)->113K(320K) NonClass: 105K(192K)->105K(192K) Class: 7K(128K)->7K(128K)
[2026-06-17T10:02:33.332+0800][29.829s][info][gc             ] GC(1072) Pause Young (Concurrent Start) (G1 Evacuation Pause) 55M->50M(64M) 15.617ms
[2026-06-17T10:02:33.332+0800][29.829s][info][gc,cpu         ] GC(1072) User=0.00s Sys=0.00s Real=0.02s
[2026-06-17T10:02:33.332+0800][29.829s][info][gc             ] GC(1073) Concurrent Mark Cycle
[2026-06-17T10:02:33.332+0800][29.829s][info][gc,marking     ] GC(1073) Concurrent Scan Root Regions
[2026-06-17T10:02:33.332+0800][29.829s][info][gc,marking     ] GC(1073) Concurrent Scan Root Regions 0.195ms
[2026-06-17T10:02:33.333+0800][29.829s][info][gc,marking     ] GC(1073) Concurrent Mark
[2026-06-17T10:02:33.333+0800][29.830s][info][gc,marking     ] GC(1073) Concurrent Mark From Roots
[2026-06-17T10:02:33.333+0800][29.830s][info][gc,task        ] GC(1073) Using 5 workers of 5 for marking
[2026-06-17T10:02:33.335+0800][29.831s][info][gc,marking     ] GC(1073) Concurrent Mark From Roots 1.789ms
[2026-06-17T10:02:33.335+0800][29.832s][info][gc,marking     ] GC(1073) Concurrent Preclean
[2026-06-17T10:02:33.335+0800][29.832s][info][gc,marking     ] GC(1073) Concurrent Preclean 0.108ms
[2026-06-17T10:02:33.335+0800][29.832s][info][gc,start       ] GC(1073) Pause Remark
[2026-06-17T10:02:33.335+0800][29.832s][info][gc             ] GC(1073) Pause Remark 51M->44M(64M) 0.484ms
[2026-06-17T10:02:33.336+0800][29.832s][info][gc,cpu         ] GC(1073) User=0.00s Sys=0.00s Real=0.00s
[2026-06-17T10:02:33.336+0800][29.833s][info][gc,marking     ] GC(1073) Concurrent Mark 3.156ms
[2026-06-17T10:02:33.336+0800][29.833s][info][gc,marking     ] GC(1073) Concurrent Rebuild Remembered Sets and Scrub Regions
[2026-06-17T10:02:33.337+0800][29.833s][info][gc,marking     ] GC(1073) Concurrent Rebuild Remembered Sets and Scrub Regions 0.598ms
[2026-06-17T10:02:33.337+0800][29.834s][info][gc,start       ] GC(1073) Pause Cleanup
[2026-06-17T10:02:33.337+0800][29.834s][info][gc             ] GC(1073) Pause Cleanup 44M->44M(64M) 0.173ms
[2026-06-17T10:02:33.337+0800][29.834s][info][gc,cpu         ] GC(1073) User=0.00s Sys=0.00s Real=0.00s
[2026-06-17T10:02:33.337+0800][29.834s][info][gc,marking     ] GC(1073) Concurrent Clear Claimed Marks
[2026-06-17T10:02:33.337+0800][29.834s][info][gc,marking     ] GC(1073) Concurrent Clear Claimed Marks 0.071ms
[2026-06-17T10:02:33.337+0800][29.834s][info][gc,marking     ] GC(1073) Concurrent Cleanup for Next Mark
[2026-06-17T10:02:33.338+0800][29.834s][info][gc,marking     ] GC(1073) Concurrent Cleanup for Next Mark 0.202ms
[2026-06-17T10:02:33.338+0800][29.834s][info][gc             ] GC(1073) Concurrent Mark Cycle 5.569ms
[2026-06-17T10:02:33.343+0800][29.840s][info][gc,start       ] GC(1074) Pause Young (Prepare Mixed) (G1 Evacuation Pause)
[2026-06-17T10:02:33.343+0800][29.840s][info][gc,task        ] GC(1074) Using 2 workers of 18 for evacuation
[2026-06-17T10:02:33.344+0800][29.841s][info][gc,phases      ] GC(1074)   Pre Evacuate Collection Set: 0.12ms
[2026-06-17T10:02:33.344+0800][29.841s][info][gc,phases      ] GC(1074)   Merge Heap Roots: 0.04ms
[2026-06-17T10:02:33.344+0800][29.841s][info][gc,phases      ] GC(1074)   Evacuate Collection Set: 0.13ms
[2026-06-17T10:02:33.344+0800][29.841s][info][gc,phases      ] GC(1074)   Post Evacuate Collection Set: 0.15ms
[2026-06-17T10:02:33.344+0800][29.841s][info][gc,phases      ] GC(1074)   Other: 0.21ms
[2026-06-17T10:02:33.344+0800][29.841s][info][gc,heap        ] GC(1074) Eden regions: 5->0(10)
[2026-06-17T10:02:33.344+0800][29.841s][info][gc,heap        ] GC(1074) Survivor regions: 2->1(1)
[2026-06-17T10:02:33.345+0800][29.841s][info][gc,heap        ] GC(1074) Old regions: 24->25
[2026-06-17T10:02:33.345+0800][29.842s][info][gc,heap        ] GC(1074) Humongous regions: 18->18
[2026-06-17T10:02:33.345+0800][29.842s][info][gc,metaspace   ] GC(1074) Metaspace: 113K(320K)->113K(320K) NonClass: 105K(192K)->105K(192K) Class: 7K(128K)->7K(128K)
[2026-06-17T10:02:33.345+0800][29.842s][info][gc             ] GC(1074) Pause Young (Prepare Mixed) (G1 Evacuation Pause) 48M->42M(64M) 1.939ms
[2026-06-17T10:02:33.345+0800][29.842s][info][gc,cpu         ] GC(1074) User=0.00s Sys=0.00s Real=0.00s
[2026-06-17T10:02:33.377+0800][29.874s][info][gc,start       ] GC(1075) Pause Young (Mixed) (G1 Evacuation Pause)
[2026-06-17T10:02:33.379+0800][29.876s][info][gc,task        ] GC(1075) Using 2 workers of 18 for evacuation
[2026-06-17T10:02:33.383+0800][29.879s][info][gc,phases      ] GC(1075)   Pre Evacuate Collection Set: 0.18ms
[2026-06-17T10:02:33.385+0800][29.882s][info][gc,phases      ] GC(1075)   Merge Heap Roots: 0.11ms
[2026-06-17T10:02:33.387+0800][29.884s][info][gc,phases      ] GC(1075)   Evacuate Collection Set: 0.69ms
[2026-06-17T10:02:33.389+0800][29.886s][info][gc,phases      ] GC(1075)   Post Evacuate Collection Set: 0.47ms
[2026-06-17T10:02:33.393+0800][29.890s][info][gc,phases      ] GC(1075)   Other: 2.16ms
[2026-06-17T10:02:33.396+0800][29.893s][info][gc,heap        ] GC(1075) Eden regions: 10->0(11)
[2026-06-17T10:02:33.398+0800][29.895s][info][gc,heap        ] GC(1075) Survivor regions: 1->2(2)
[2026-06-17T10:02:33.399+0800][29.896s][info][gc,heap        ] GC(1075) Old regions: 25->22
[2026-06-17T10:02:33.400+0800][29.896s][info][gc,heap        ] GC(1075) Humongous regions: 18->18
[2026-06-17T10:02:33.400+0800][29.897s][info][gc,metaspace   ] GC(1075) Metaspace: 113K(320K)->113K(320K) NonClass: 105K(192K)->105K(192K) Class: 7K(128K)->7K(128K)
[2026-06-17T10:02:33.400+0800][29.897s][info][gc             ] GC(1075) Pause Young (Mixed) (G1 Evacuation Pause) 52M->41M(64M) 23.222ms
[2026-06-17T10:02:33.401+0800][29.898s][info][gc,cpu         ] GC(1075) User=0.00s Sys=0.00s Real=0.02s
[2026-06-17T10:02:33.433+0800][29.930s][info][gc,start       ] GC(1076) Pause Young (Mixed) (G1 Evacuation Pause)
[2026-06-17T10:02:33.433+0800][29.930s][info][gc,task        ] GC(1076) Using 2 workers of 18 for evacuation
[2026-06-17T10:02:33.435+0800][29.932s][info][gc,phases      ] GC(1076)   Pre Evacuate Collection Set: 0.20ms
[2026-06-17T10:02:33.436+0800][29.932s][info][gc,phases      ] GC(1076)   Merge Heap Roots: 0.08ms
[2026-06-17T10:02:33.436+0800][29.933s][info][gc,phases      ] GC(1076)   Evacuate Collection Set: 0.45ms
[2026-06-17T10:02:33.437+0800][29.934s][info][gc,phases      ] GC(1076)   Post Evacuate Collection Set: 0.37ms
[2026-06-17T10:02:33.437+0800][29.934s][info][gc,phases      ] GC(1076)   Other: 0.59ms
[2026-06-17T10:02:33.437+0800][29.934s][info][gc,heap        ] GC(1076) Eden regions: 11->0(15)
[2026-06-17T10:02:33.437+0800][29.934s][info][gc,heap        ] GC(1076) Survivor regions: 2->2(2)
[2026-06-17T10:02:33.438+0800][29.935s][info][gc,heap        ] GC(1076) Old regions: 22->24
[2026-06-17T10:02:33.438+0800][29.935s][info][gc,heap        ] GC(1076) Humongous regions: 20->11
[2026-06-17T10:02:33.438+0800][29.935s][info][gc,metaspace   ] GC(1076) Metaspace: 113K(320K)->113K(320K) NonClass: 105K(192K)->105K(192K) Class: 7K(128K)->7K(128K)
[2026-06-17T10:02:33.439+0800][29.936s][info][gc             ] GC(1076) Pause Young (Mixed) (G1 Evacuation Pause) 54M->36M(64M) 5.799ms
[2026-06-17T10:02:33.439+0800][29.936s][info][gc,cpu         ] GC(1076) User=0.00s Sys=0.00s Real=0.00s
[2026-06-17T10:02:33.471+0800][29.968s][info][gc,start       ] GC(1077) Pause Young (Normal) (G1 Evacuation Pause)
[2026-06-17T10:02:33.471+0800][29.968s][info][gc,task        ] GC(1077) Using 2 workers of 18 for evacuation
[2026-06-17T10:02:33.473+0800][29.970s][info][gc,phases      ] GC(1077)   Pre Evacuate Collection Set: 0.16ms
[2026-06-17T10:02:33.473+0800][29.970s][info][gc,phases      ] GC(1077)   Merge Heap Roots: 0.04ms
[2026-06-17T10:02:33.474+0800][29.970s][info][gc,phases      ] GC(1077)   Evacuate Collection Set: 0.48ms
[2026-06-17T10:02:33.474+0800][29.971s][info][gc,phases      ] GC(1077)   Post Evacuate Collection Set: 0.22ms
[2026-06-17T10:02:33.474+0800][29.971s][info][gc,phases      ] GC(1077)   Other: 0.42ms
[2026-06-17T10:02:33.474+0800][29.971s][info][gc,heap        ] GC(1077) Eden regions: 15->0(10)
[2026-06-17T10:02:33.475+0800][29.972s][info][gc,heap        ] GC(1077) Survivor regions: 2->3(3)
[2026-06-17T10:02:33.475+0800][29.972s][info][gc,heap        ] GC(1077) Old regions: 24->28
[2026-06-17T10:02:33.475+0800][29.972s][info][gc,heap        ] GC(1077) Humongous regions: 11->11
[2026-06-17T10:02:33.475+0800][29.972s][info][gc,metaspace   ] GC(1077) Metaspace: 113K(320K)->113K(320K) NonClass: 105K(192K)->105K(192K) Class: 7K(128K)->7K(128K)
[2026-06-17T10:02:33.475+0800][29.972s][info][gc             ] GC(1077) Pause Young (Normal) (G1 Evacuation Pause) 51M->41M(64M) 4.315ms
[2026-06-17T10:02:33.475+0800][29.972s][info][gc,cpu         ] GC(1077) User=0.01s Sys=0.00s Real=0.00s
[2026-06-17T10:02:33.507+0800][30.004s][info][gc,start       ] GC(1078) Pause Young (Normal) (G1 Evacuation Pause)
[2026-06-17T10:02:33.507+0800][30.004s][info][gc,task        ] GC(1078) Using 2 workers of 18 for evacuation
[2026-06-17T10:02:33.509+0800][30.006s][info][gc,phases      ] GC(1078)   Pre Evacuate Collection Set: 0.13ms
[2026-06-17T10:02:33.510+0800][30.007s][info][gc,phases      ] GC(1078)   Merge Heap Roots: 0.04ms
[2026-06-17T10:02:33.510+0800][30.007s][info][gc,phases      ] GC(1078)   Evacuate Collection Set: 0.36ms
[2026-06-17T10:02:33.513+0800][30.010s][info][gc,phases      ] GC(1078)   Post Evacuate Collection Set: 0.29ms
[2026-06-17T10:02:33.513+0800][30.010s][info][gc,phases      ] GC(1078)   Other: 0.42ms
[2026-06-17T10:02:33.515+0800][30.012s][info][gc,heap        ] GC(1078) Eden regions: 10->0(9)
[2026-06-17T10:02:33.516+0800][30.012s][info][gc,heap        ] GC(1078) Survivor regions: 3->2(2)
[2026-06-17T10:02:33.518+0800][30.015s][info][gc,heap        ] GC(1078) Old regions: 28->31
[2026-06-17T10:02:33.520+0800][30.017s][info][gc,heap        ] GC(1078) Humongous regions: 11->11
[2026-06-17T10:02:33.522+0800][30.019s][info][gc,metaspace   ] GC(1078) Metaspace: 113K(320K)->113K(320K) NonClass: 105K(192K)->105K(192K) Class: 7K(128K)->7K(128K)
[2026-06-17T10:02:33.524+0800][30.021s][info][gc             ] GC(1078) Pause Young (Normal) (G1 Evacuation Pause) 51M->43M(64M) 16.820ms
[2026-06-17T10:02:33.525+0800][30.022s][info][gc,cpu         ] GC(1078) User=0.00s Sys=0.00s Real=0.02s
[2026-06-17T10:02:33.548+0800][30.045s][info][gc,start       ] GC(1079) Pause Young (Concurrent Start) (G1 Evacuation Pause)
[2026-06-17T10:02:33.550+0800][30.047s][info][gc,task        ] GC(1079) Using 2 workers of 18 for evacuation
[2026-06-17T10:02:33.553+0800][30.049s][info][gc,phases      ] GC(1079)   Pre Evacuate Collection Set: 0.22ms
[2026-06-17T10:02:33.554+0800][30.051s][info][gc,phases      ] GC(1079)   Merge Heap Roots: 0.10ms
[2026-06-17T10:02:33.555+0800][30.052s][info][gc,phases      ] GC(1079)   Evacuate Collection Set: 0.47ms
[2026-06-17T10:02:33.555+0800][30.052s][info][gc,phases      ] GC(1079)   Post Evacuate Collection Set: 0.21ms
[2026-06-17T10:02:33.556+0800][30.052s][info][gc,phases      ] GC(1079)   Other: 1.10ms
[2026-06-17T10:02:33.556+0800][30.053s][info][gc,heap        ] GC(1079) Eden regions: 9->0(8)
[2026-06-17T10:02:33.556+0800][30.053s][info][gc,heap        ] GC(1079) Survivor regions: 2->2(2)
[2026-06-17T10:02:33.556+0800][30.053s][info][gc,heap        ] GC(1079) Old regions: 31->33
[2026-06-17T10:02:33.556+0800][30.053s][info][gc,heap        ] GC(1079) Humongous regions: 11->11
[2026-06-17T10:02:33.556+0800][30.053s][info][gc,metaspace   ] GC(1079) Metaspace: 113K(320K)->113K(320K) NonClass: 105K(192K)->105K(192K) Class: 7K(128K)->7K(128K)
[2026-06-17T10:02:33.556+0800][30.053s][info][gc             ] GC(1079) Pause Young (Concurrent Start) (G1 Evacuation Pause) 52M->45M(64M) 8.129ms
[2026-06-17T10:02:33.557+0800][30.053s][info][gc,cpu         ] GC(1079) User=0.00s Sys=0.00s Real=0.01s
[2026-06-17T10:02:33.557+0800][30.053s][info][gc             ] GC(1080) Concurrent Mark Cycle
[2026-06-17T10:02:33.557+0800][30.054s][info][gc,marking     ] GC(1080) Concurrent Scan Root Regions
[2026-06-17T10:02:33.557+0800][30.054s][info][gc,marking     ] GC(1080) Concurrent Scan Root Regions 0.388ms
[2026-06-17T10:02:33.557+0800][30.054s][info][gc,marking     ] GC(1080) Concurrent Mark
[2026-06-17T10:02:33.558+0800][30.055s][info][gc,marking     ] GC(1080) Concurrent Mark From Roots
[2026-06-17T10:02:33.559+0800][30.055s][info][gc,task        ] GC(1080) Using 5 workers of 5 for marking
[2026-06-17T10:02:33.561+0800][30.057s][info][gc,marking     ] GC(1080) Concurrent Mark From Roots 2.818ms
[2026-06-17T10:02:33.561+0800][30.058s][info][gc,marking     ] GC(1080) Concurrent Preclean
[2026-06-17T10:02:33.561+0800][30.058s][info][gc,marking     ] GC(1080) Concurrent Preclean 0.222ms
[2026-06-17T10:02:33.561+0800][30.058s][info][gc,start       ] GC(1080) Pause Remark
[2026-06-17T10:02:33.562+0800][30.059s][info][gc             ] GC(1080) Pause Remark 48M->39M(64M) 0.430ms
[2026-06-17T10:02:33.562+0800][30.059s][info][gc,cpu         ] GC(1080) User=0.00s Sys=0.00s Real=0.00s
[2026-06-17T10:02:33.562+0800][30.059s][info][gc,marking     ] GC(1080) Concurrent Mark 4.426ms
[2026-06-17T10:02:33.562+0800][30.059s][info][gc,marking     ] GC(1080) Concurrent Rebuild Remembered Sets and Scrub Regions
[2026-06-17T10:02:33.563+0800][30.059s][info][gc,marking     ] GC(1080) Concurrent Rebuild Remembered Sets and Scrub Regions 0.548ms
[2026-06-17T10:02:33.563+0800][30.060s][info][gc,start       ] GC(1080) Pause Cleanup
[2026-06-17T10:02:33.563+0800][30.060s][info][gc             ] GC(1080) Pause Cleanup 39M->39M(64M) 0.201ms
[2026-06-17T10:02:33.563+0800][30.060s][info][gc,cpu         ] GC(1080) User=0.00s Sys=0.00s Real=0.00s
[2026-06-17T10:02:33.563+0800][30.060s][info][gc,marking     ] GC(1080) Concurrent Clear Claimed Marks
[2026-06-17T10:02:33.564+0800][30.060s][info][gc,marking     ] GC(1080) Concurrent Clear Claimed Marks 0.201ms
[2026-06-17T10:02:33.564+0800][30.061s][info][gc,marking     ] GC(1080) Concurrent Cleanup for Next Mark
[2026-06-17T10:02:33.564+0800][30.061s][info][gc,marking     ] GC(1080) Concurrent Cleanup for Next Mark 0.244ms
[2026-06-17T10:02:33.564+0800][30.061s][info][gc             ] GC(1080) Concurrent Mark Cycle 7.512ms
[2026-06-17T10:02:33.567+0800][30.064s][info][gc,start       ] GC(1081) Pause Young (Prepare Mixed) (G1 Evacuation Pause)
[2026-06-17T10:02:33.568+0800][30.065s][info][gc,task        ] GC(1081) Using 2 workers of 18 for evacuation
[2026-06-17T10:02:33.568+0800][30.065s][info][gc,phases      ] GC(1081)   Pre Evacuate Collection Set: 0.10ms
[2026-06-17T10:02:33.569+0800][30.065s][info][gc,phases      ] GC(1081)   Merge Heap Roots: 0.04ms
[2026-06-17T10:02:33.569+0800][30.065s][info][gc,phases      ] GC(1081)   Evacuate Collection Set: 0.24ms
[2026-06-17T10:02:33.569+0800][30.066s][info][gc,phases      ] GC(1081)   Post Evacuate Collection Set: 0.14ms
[2026-06-17T10:02:33.569+0800][30.066s][info][gc,phases      ] GC(1081)   Other: 0.17ms
[2026-06-17T10:02:33.569+0800][30.066s][info][gc,heap        ] GC(1081) Eden regions: 8->0(14)
[2026-06-17T10:02:33.569+0800][30.066s][info][gc,heap        ] GC(1081) Survivor regions: 2->2(2)
[2026-06-17T10:02:33.569+0800][30.066s][info][gc,heap        ] GC(1081) Old regions: 24->25
[2026-06-17T10:02:33.569+0800][30.066s][info][gc,heap        ] GC(1081) Humongous regions: 11->11
[2026-06-17T10:02:33.569+0800][30.066s][info][gc,metaspace   ] GC(1081) Metaspace: 113K(320K)->113K(320K) NonClass: 105K(192K)->105K(192K) Class: 7K(128K)->7K(128K)
[2026-06-17T10:02:33.570+0800][30.066s][info][gc             ] GC(1081) Pause Young (Prepare Mixed) (G1 Evacuation Pause) 44M->37M(64M) 2.132ms
[2026-06-17T10:02:33.570+0800][30.067s][info][gc,cpu         ] GC(1081) User=0.00s Sys=0.00s Real=0.00s
[2026-06-17T10:02:33.612+0800][30.109s][info][gc,start       ] GC(1082) Pause Young (Mixed) (G1 Evacuation Pause)
[2026-06-17T10:02:33.613+0800][30.110s][info][gc,task        ] GC(1082) Using 2 workers of 18 for evacuation
[2026-06-17T10:02:33.614+0800][30.111s][info][gc,phases      ] GC(1082)   Pre Evacuate Collection Set: 0.15ms
[2026-06-17T10:02:33.615+0800][30.112s][info][gc,phases      ] GC(1082)   Merge Heap Roots: 0.07ms
[2026-06-17T10:02:33.615+0800][30.112s][info][gc,phases      ] GC(1082)   Evacuate Collection Set: 0.51ms
[2026-06-17T10:02:33.615+0800][30.112s][info][gc,phases      ] GC(1082)   Post Evacuate Collection Set: 0.28ms
[2026-06-17T10:02:33.615+0800][30.112s][info][gc,phases      ] GC(1082)   Other: 0.43ms
[2026-06-17T10:02:33.615+0800][30.112s][info][gc,heap        ] GC(1082) Eden regions: 14->0(14)
[2026-06-17T10:02:33.615+0800][30.112s][info][gc,heap        ] GC(1082) Survivor regions: 2->2(2)
[2026-06-17T10:02:33.615+0800][30.112s][info][gc,heap        ] GC(1082) Old regions: 25->24
[2026-06-17T10:02:33.615+0800][30.112s][info][gc,heap        ] GC(1082) Humongous regions: 11->11
[2026-06-17T10:02:33.616+0800][30.112s][info][gc,metaspace   ] GC(1082) Metaspace: 113K(320K)->113K(320K) NonClass: 105K(192K)->105K(192K) Class: 7K(128K)->7K(128K)
[2026-06-17T10:02:33.616+0800][30.112s][info][gc             ] GC(1082) Pause Young (Mixed) (G1 Evacuation Pause) 51M->36M(64M) 3.237ms
[2026-06-17T10:02:33.616+0800][30.113s][info][gc,cpu         ] GC(1082) User=0.00s Sys=0.00s Real=0.00s
[2026-06-17T10:02:33.648+0800][30.144s][info][gc,start       ] GC(1083) Pause Young (Mixed) (G1 Evacuation Pause)
[2026-06-17T10:02:33.648+0800][30.145s][info][gc,task        ] GC(1083) Using 2 workers of 18 for evacuation
[2026-06-17T10:02:33.650+0800][30.147s][info][gc,phases      ] GC(1083)   Pre Evacuate Collection Set: 0.18ms
[2026-06-17T10:02:33.650+0800][30.147s][info][gc,phases      ] GC(1083)   Merge Heap Roots: 0.04ms
[2026-06-17T10:02:33.650+0800][30.147s][info][gc,phases      ] GC(1083)   Evacuate Collection Set: 0.90ms
[2026-06-17T10:02:33.651+0800][30.147s][info][gc,phases      ] GC(1083)   Post Evacuate Collection Set: 0.28ms
[2026-06-17T10:02:33.651+0800][30.148s][info][gc,phases      ] GC(1083)   Other: 0.38ms
[2026-06-17T10:02:33.651+0800][30.148s][info][gc,heap        ] GC(1083) Eden regions: 14->0(9)
[2026-06-17T10:02:33.651+0800][30.148s][info][gc,heap        ] GC(1083) Survivor regions: 2->2(2)
[2026-06-17T10:02:33.652+0800][30.149s][info][gc,heap        ] GC(1083) Old regions: 24->28
[2026-06-17T10:02:33.652+0800][30.149s][info][gc,heap        ] GC(1083) Humongous regions: 13->13
[2026-06-17T10:02:33.652+0800][30.149s][info][gc,metaspace   ] GC(1083) Metaspace: 113K(320K)->113K(320K) NonClass: 105K(192K)->105K(192K) Class: 7K(128K)->7K(128K)
[2026-06-17T10:02:33.652+0800][30.149s][info][gc             ] GC(1083) Pause Young (Mixed) (G1 Evacuation Pause) 52M->41M(64M) 4.901ms
[2026-06-17T10:02:33.653+0800][30.149s][info][gc,cpu         ] GC(1083) User=0.00s Sys=0.00s Real=0.01s
[2026-06-17T10:02:33.674+0800][30.171s][info][gc,start       ] GC(1084) Pause Young (Concurrent Start) (G1 Evacuation Pause)
[2026-06-17T10:02:33.674+0800][30.171s][info][gc,task        ] GC(1084) Using 2 workers of 18 for evacuation
[2026-06-17T10:02:33.676+0800][30.173s][info][gc,phases      ] GC(1084)   Pre Evacuate Collection Set: 0.33ms
[2026-06-17T10:02:33.676+0800][30.173s][info][gc,phases      ] GC(1084)   Merge Heap Roots: 0.09ms
[2026-06-17T10:02:33.677+0800][30.173s][info][gc,phases      ] GC(1084)   Evacuate Collection Set: 0.38ms
[2026-06-17T10:02:33.677+0800][30.174s][info][gc,phases      ] GC(1084)   Post Evacuate Collection Set: 0.31ms
[2026-06-17T10:02:33.677+0800][30.174s][info][gc,phases      ] GC(1084)   Other: 0.62ms
[2026-06-17T10:02:33.677+0800][30.174s][info][gc,heap        ] GC(1084) Eden regions: 9->0(10)
[2026-06-17T10:02:33.677+0800][30.174s][info][gc,heap        ] GC(1084) Survivor regions: 2->2(2)
[2026-06-17T10:02:33.677+0800][30.174s][info][gc,heap        ] GC(1084) Old regions: 28->29
[2026-06-17T10:02:33.677+0800][30.174s][info][gc,heap        ] GC(1084) Humongous regions: 13->13
[2026-06-17T10:02:33.677+0800][30.174s][info][gc,metaspace   ] GC(1084) Metaspace: 113K(320K)->113K(320K) NonClass: 105K(192K)->105K(192K) Class: 7K(128K)->7K(128K)
[2026-06-17T10:02:33.678+0800][30.174s][info][gc             ] GC(1084) Pause Young (Concurrent Start) (G1 Evacuation Pause) 50M->43M(64M) 3.711ms
[2026-06-17T10:02:33.678+0800][30.174s][info][gc,cpu         ] GC(1084) User=0.00s Sys=0.00s Real=0.00s
[2026-06-17T10:02:33.678+0800][30.174s][info][gc             ] GC(1085) Concurrent Mark Cycle
[2026-06-17T10:02:33.678+0800][30.175s][info][gc,marking     ] GC(1085) Concurrent Scan Root Regions
[2026-06-17T10:02:33.678+0800][30.175s][info][gc,marking     ] GC(1085) Concurrent Scan Root Regions 0.200ms
[2026-06-17T10:02:33.678+0800][30.175s][info][gc,marking     ] GC(1085) Concurrent Mark
[2026-06-17T10:02:33.679+0800][30.176s][info][gc,marking     ] GC(1085) Concurrent Mark From Roots
[2026-06-17T10:02:33.679+0800][30.176s][info][gc,task        ] GC(1085) Using 5 workers of 5 for marking
[2026-06-17T10:02:33.681+0800][30.178s][info][gc,marking     ] GC(1085) Concurrent Mark From Roots 2.414ms
[2026-06-17T10:02:33.681+0800][30.178s][info][gc,marking     ] GC(1085) Concurrent Preclean
[2026-06-17T10:02:33.681+0800][30.178s][info][gc,marking     ] GC(1085) Concurrent Preclean 0.125ms
[2026-06-17T10:02:33.682+0800][30.178s][info][gc,start       ] GC(1085) Pause Remark
[2026-06-17T10:02:33.682+0800][30.179s][info][gc             ] GC(1085) Pause Remark 43M->43M(64M) 0.443ms
[2026-06-17T10:02:33.682+0800][30.179s][info][gc,cpu         ] GC(1085) User=0.01s Sys=0.00s Real=0.00s
[2026-06-17T10:02:33.682+0800][30.179s][info][gc,marking     ] GC(1085) Concurrent Mark 4.021ms
[2026-06-17T10:02:33.682+0800][30.179s][info][gc,marking     ] GC(1085) Concurrent Rebuild Remembered Sets and Scrub Regions
[2026-06-17T10:02:33.683+0800][30.180s][info][gc,marking     ] GC(1085) Concurrent Rebuild Remembered Sets and Scrub Regions 0.436ms
[2026-06-17T10:02:33.683+0800][30.180s][info][gc,start       ] GC(1085) Pause Cleanup
[2026-06-17T10:02:33.683+0800][30.180s][info][gc             ] GC(1085) Pause Cleanup 43M->43M(64M) 0.169ms
[2026-06-17T10:02:33.683+0800][30.180s][info][gc,cpu         ] GC(1085) User=0.00s Sys=0.00s Real=0.00s
[2026-06-17T10:02:33.683+0800][30.180s][info][gc,marking     ] GC(1085) Concurrent Clear Claimed Marks
[2026-06-17T10:02:33.683+0800][30.180s][info][gc,marking     ] GC(1085) Concurrent Clear Claimed Marks 0.084ms
[2026-06-17T10:02:33.683+0800][30.180s][info][gc,marking     ] GC(1085) Concurrent Cleanup for Next Mark
[2026-06-17T10:02:33.684+0800][30.181s][info][gc,marking     ] GC(1085) Concurrent Cleanup for Next Mark 0.199ms
[2026-06-17T10:02:33.684+0800][30.181s][info][gc             ] GC(1085) Concurrent Mark Cycle 6.134ms
[2026-06-17T10:02:33.709+0800][30.206s][info][gc,start       ] GC(1086) Pause Young (Prepare Mixed) (G1 Evacuation Pause)
[2026-06-17T10:02:33.710+0800][30.207s][info][gc,task        ] GC(1086) Using 2 workers of 18 for evacuation
[2026-06-17T10:02:33.712+0800][30.209s][info][gc,phases      ] GC(1086)   Pre Evacuate Collection Set: 0.23ms
[2026-06-17T10:02:33.713+0800][30.209s][info][gc,phases      ] GC(1086)   Merge Heap Roots: 0.15ms
[2026-06-17T10:02:33.713+0800][30.210s][info][gc,phases      ] GC(1086)   Evacuate Collection Set: 0.47ms
[2026-06-17T10:02:33.713+0800][30.210s][info][gc,phases      ] GC(1086)   Post Evacuate Collection Set: 0.43ms
[2026-06-17T10:02:33.713+0800][30.210s][info][gc,phases      ] GC(1086)   Other: 0.62ms
[2026-06-17T10:02:33.713+0800][30.210s][info][gc,heap        ] GC(1086) Eden regions: 10->0(8)
[2026-06-17T10:02:33.714+0800][30.210s][info][gc,heap        ] GC(1086) Survivor regions: 2->2(2)
[2026-06-17T10:02:33.714+0800][30.211s][info][gc,heap        ] GC(1086) Old regions: 29->32
[2026-06-17T10:02:33.714+0800][30.211s][info][gc,heap        ] GC(1086) Humongous regions: 13->13
[2026-06-17T10:02:33.714+0800][30.211s][info][gc,metaspace   ] GC(1086) Metaspace: 113K(320K)->113K(320K) NonClass: 105K(192K)->105K(192K) Class: 7K(128K)->7K(128K)
[2026-06-17T10:02:33.714+0800][30.211s][info][gc             ] GC(1086) Pause Young (Prepare Mixed) (G1 Evacuation Pause) 53M->46M(64M) 4.834ms
[2026-06-17T10:02:33.714+0800][30.211s][info][gc,cpu         ] GC(1086) User=0.00s Sys=0.00s Real=0.01s
[2026-06-17T10:02:33.736+0800][30.232s][info][gc,start       ] GC(1087) Pause Young (Mixed) (G1 Evacuation Pause)
[2026-06-17T10:02:33.736+0800][30.233s][info][gc,task        ] GC(1087) Using 2 workers of 18 for evacuation
[2026-06-17T10:02:33.737+0800][30.234s][info][gc,phases      ] GC(1087)   Pre Evacuate Collection Set: 0.17ms
[2026-06-17T10:02:33.738+0800][30.234s][info][gc,phases      ] GC(1087)   Merge Heap Roots: 0.07ms
[2026-06-17T10:02:33.738+0800][30.235s][info][gc,phases      ] GC(1087)   Evacuate Collection Set: 0.51ms
[2026-06-17T10:02:33.738+0800][30.235s][info][gc,phases      ] GC(1087)   Post Evacuate Collection Set: 0.24ms
[2026-06-17T10:02:33.738+0800][30.235s][info][gc,phases      ] GC(1087)   Other: 0.27ms
[2026-06-17T10:02:33.738+0800][30.235s][info][gc,heap        ] GC(1087) Eden regions: 8->0(8)
[2026-06-17T10:02:33.738+0800][30.235s][info][gc,heap        ] GC(1087) Survivor regions: 2->2(2)
[2026-06-17T10:02:33.739+0800][30.235s][info][gc,heap        ] GC(1087) Old regions: 32->30
[2026-06-17T10:02:33.739+0800][30.235s][info][gc,heap        ] GC(1087) Humongous regions: 13->13
[2026-06-17T10:02:33.739+0800][30.236s][info][gc,metaspace   ] GC(1087) Metaspace: 113K(320K)->113K(320K) NonClass: 105K(192K)->105K(192K) Class: 7K(128K)->7K(128K)
[2026-06-17T10:02:33.739+0800][30.236s][info][gc             ] GC(1087) Pause Young (Mixed) (G1 Evacuation Pause) 54M->44M(64M) 3.527ms
[2026-06-17T10:02:33.740+0800][30.237s][info][gc,cpu         ] GC(1087) User=0.00s Sys=0.00s Real=0.00s
[2026-06-17T10:02:33.761+0800][30.258s][info][gc,start       ] GC(1088) Pause Young (Mixed) (G1 Evacuation Pause)
[2026-06-17T10:02:33.762+0800][30.259s][info][gc,task        ] GC(1088) Using 2 workers of 18 for evacuation
[2026-06-17T10:02:33.763+0800][30.260s][info][gc,phases      ] GC(1088)   Pre Evacuate Collection Set: 0.14ms
[2026-06-17T10:02:33.763+0800][30.260s][info][gc,phases      ] GC(1088)   Merge Heap Roots: 0.07ms
[2026-06-17T10:02:33.764+0800][30.260s][info][gc,phases      ] GC(1088)   Evacuate Collection Set: 0.50ms
[2026-06-17T10:02:33.764+0800][30.261s][info][gc,phases      ] GC(1088)   Post Evacuate Collection Set: 0.20ms
[2026-06-17T10:02:33.764+0800][30.261s][info][gc,phases      ] GC(1088)   Other: 0.31ms
[2026-06-17T10:02:33.764+0800][30.261s][info][gc,heap        ] GC(1088) Eden regions: 8->0(8)
[2026-06-17T10:02:33.764+0800][30.261s][info][gc,heap        ] GC(1088) Survivor regions: 2->2(2)
[2026-06-17T10:02:33.765+0800][30.261s][info][gc,heap        ] GC(1088) Old regions: 30->31
[2026-06-17T10:02:33.765+0800][30.262s][info][gc,heap        ] GC(1088) Humongous regions: 13->13
[2026-06-17T10:02:33.765+0800][30.262s][info][gc,metaspace   ] GC(1088) Metaspace: 113K(320K)->113K(320K) NonClass: 105K(192K)->105K(192K) Class: 7K(128K)->7K(128K)
[2026-06-17T10:02:33.765+0800][30.262s][info][gc             ] GC(1088) Pause Young (Mixed) (G1 Evacuation Pause) 52M->45M(64M) 3.918ms
[2026-06-17T10:02:33.765+0800][30.262s][info][gc,cpu         ] GC(1088) User=0.00s Sys=0.00s Real=0.01s
[2026-06-17T10:02:33.787+0800][30.283s][info][gc,start       ] GC(1089) Pause Young (Concurrent Start) (G1 Evacuation Pause)
[2026-06-17T10:02:33.787+0800][30.284s][info][gc,task        ] GC(1089) Using 2 workers of 18 for evacuation
[2026-06-17T10:02:33.788+0800][30.285s][info][gc,phases      ] GC(1089)   Pre Evacuate Collection Set: 0.18ms
[2026-06-17T10:02:33.789+0800][30.285s][info][gc,phases      ] GC(1089)   Merge Heap Roots: 0.07ms
[2026-06-17T10:02:33.789+0800][30.286s][info][gc,phases      ] GC(1089)   Evacuate Collection Set: 0.38ms
[2026-06-17T10:02:33.789+0800][30.286s][info][gc,phases      ] GC(1089)   Post Evacuate Collection Set: 0.27ms
[2026-06-17T10:02:33.789+0800][30.286s][info][gc,phases      ] GC(1089)   Other: 0.40ms
[2026-06-17T10:02:33.790+0800][30.287s][info][gc,heap        ] GC(1089) Eden regions: 8->0(6)
[2026-06-17T10:02:33.790+0800][30.287s][info][gc,heap        ] GC(1089) Survivor regions: 2->2(2)
[2026-06-17T10:02:33.790+0800][30.287s][info][gc,heap        ] GC(1089) Old regions: 31->34
[2026-06-17T10:02:33.790+0800][30.287s][info][gc,heap        ] GC(1089) Humongous regions: 13->13
[2026-06-17T10:02:33.790+0800][30.287s][info][gc,metaspace   ] GC(1089) Metaspace: 113K(320K)->113K(320K) NonClass: 105K(192K)->105K(192K) Class: 7K(128K)->7K(128K)
[2026-06-17T10:02:33.790+0800][30.287s][info][gc             ] GC(1089) Pause Young (Concurrent Start) (G1 Evacuation Pause) 53M->48M(64M) 3.769ms
[2026-06-17T10:02:33.791+0800][30.287s][info][gc,cpu         ] GC(1089) User=0.00s Sys=0.00s Real=0.01s
[2026-06-17T10:02:33.791+0800][30.287s][info][gc             ] GC(1090) Concurrent Mark Cycle
[2026-06-17T10:02:33.791+0800][30.288s][info][gc,marking     ] GC(1090) Concurrent Scan Root Regions
[2026-06-17T10:02:33.791+0800][30.288s][info][gc,marking     ] GC(1090) Concurrent Scan Root Regions 0.279ms
[2026-06-17T10:02:33.792+0800][30.288s][info][gc,marking     ] GC(1090) Concurrent Mark
[2026-06-17T10:02:33.792+0800][30.288s][info][gc,marking     ] GC(1090) Concurrent Mark From Roots
[2026-06-17T10:02:33.792+0800][30.289s][info][gc,task        ] GC(1090) Using 5 workers of 5 for marking
[2026-06-17T10:02:33.793+0800][30.290s][info][gc,marking     ] GC(1090) Concurrent Mark From Roots 1.439ms
[2026-06-17T10:02:33.793+0800][30.290s][info][gc,marking     ] GC(1090) Concurrent Preclean
[2026-06-17T10:02:33.793+0800][30.290s][info][gc,marking     ] GC(1090) Concurrent Preclean 0.090ms
[2026-06-17T10:02:33.793+0800][30.290s][info][gc,start       ] GC(1090) Pause Remark
[2026-06-17T10:02:33.794+0800][30.291s][info][gc             ] GC(1090) Pause Remark 50M->42M(64M) 0.423ms
[2026-06-17T10:02:33.794+0800][30.291s][info][gc,cpu         ] GC(1090) User=0.00s Sys=0.00s Real=0.00s
[2026-06-17T10:02:33.794+0800][30.291s][info][gc,marking     ] GC(1090) Concurrent Mark 2.522ms
[2026-06-17T10:02:33.794+0800][30.291s][info][gc,marking     ] GC(1090) Concurrent Rebuild Remembered Sets and Scrub Regions
[2026-06-17T10:02:33.795+0800][30.292s][info][gc,marking     ] GC(1090) Concurrent Rebuild Remembered Sets and Scrub Regions 0.584ms
[2026-06-17T10:02:33.795+0800][30.292s][info][gc,start       ] GC(1090) Pause Cleanup
[2026-06-17T10:02:33.795+0800][30.292s][info][gc             ] GC(1090) Pause Cleanup 42M->42M(64M) 0.141ms
[2026-06-17T10:02:33.795+0800][30.292s][info][gc,cpu         ] GC(1090) User=0.00s Sys=0.00s Real=0.00s
[2026-06-17T10:02:33.795+0800][30.292s][info][gc,marking     ] GC(1090) Concurrent Clear Claimed Marks
[2026-06-17T10:02:33.795+0800][30.292s][info][gc,marking     ] GC(1090) Concurrent Clear Claimed Marks 0.071ms
[2026-06-17T10:02:33.795+0800][30.292s][info][gc,marking     ] GC(1090) Concurrent Cleanup for Next Mark
[2026-06-17T10:02:33.796+0800][30.292s][info][gc,marking     ] GC(1090) Concurrent Cleanup for Next Mark 0.192ms
[2026-06-17T10:02:33.796+0800][30.293s][info][gc             ] GC(1090) Concurrent Mark Cycle 5.115ms
[2026-06-17T10:02:33.812+0800][30.309s][info][gc,start       ] GC(1091) Pause Young (Prepare Mixed) (G1 Evacuation Pause)
[2026-06-17T10:02:33.812+0800][30.309s][info][gc,task        ] GC(1091) Using 2 workers of 18 for evacuation
[2026-06-17T10:02:33.813+0800][30.310s][info][gc,phases      ] GC(1091)   Pre Evacuate Collection Set: 0.15ms
[2026-06-17T10:02:33.814+0800][30.310s][info][gc,phases      ] GC(1091)   Merge Heap Roots: 0.06ms
[2026-06-17T10:02:33.814+0800][30.310s][info][gc,phases      ] GC(1091)   Evacuate Collection Set: 0.18ms
[2026-06-17T10:02:33.814+0800][30.311s][info][gc,phases      ] GC(1091)   Post Evacuate Collection Set: 0.35ms
[2026-06-17T10:02:33.814+0800][30.311s][info][gc,phases      ] GC(1091)   Other: 0.31ms
[2026-06-17T10:02:33.814+0800][30.311s][info][gc,heap        ] GC(1091) Eden regions: 6->0(12)
[2026-06-17T10:02:33.814+0800][30.311s][info][gc,heap        ] GC(1091) Survivor regions: 2->1(1)
[2026-06-17T10:02:33.814+0800][30.311s][info][gc,heap        ] GC(1091) Old regions: 26->27
[2026-06-17T10:02:33.814+0800][30.311s][info][gc,heap        ] GC(1091) Humongous regions: 13->13
[2026-06-17T10:02:33.815+0800][30.311s][info][gc,metaspace   ] GC(1091) Metaspace: 113K(320K)->113K(320K) NonClass: 105K(192K)->105K(192K) Class: 7K(128K)->7K(128K)
[2026-06-17T10:02:33.815+0800][30.312s][info][gc             ] GC(1091) Pause Young (Prepare Mixed) (G1 Evacuation Pause) 45M->40M(64M) 2.935ms
[2026-06-17T10:02:33.815+0800][30.312s][info][gc,cpu         ] GC(1091) User=0.00s Sys=0.00s Real=0.00s
[2026-06-17T10:02:33.836+0800][30.333s][info][gc,start       ] GC(1092) Pause Young (Mixed) (G1 Evacuation Pause)
[2026-06-17T10:02:33.837+0800][30.334s][info][gc,task        ] GC(1092) Using 2 workers of 18 for evacuation
[2026-06-17T10:02:33.839+0800][30.335s][info][gc,phases      ] GC(1092)   Pre Evacuate Collection Set: 0.16ms
[2026-06-17T10:02:33.839+0800][30.336s][info][gc,phases      ] GC(1092)   Merge Heap Roots: 0.11ms
[2026-06-17T10:02:33.839+0800][30.336s][info][gc,phases      ] GC(1092)   Evacuate Collection Set: 0.69ms
[2026-06-17T10:02:33.839+0800][30.336s][info][gc,phases      ] GC(1092)   Post Evacuate Collection Set: 0.36ms
[2026-06-17T10:02:33.839+0800][30.336s][info][gc,phases      ] GC(1092)   Other: 0.49ms
[2026-06-17T10:02:33.839+0800][30.336s][info][gc,heap        ] GC(1092) Eden regions: 12->0(10)
[2026-06-17T10:02:33.840+0800][30.336s][info][gc,heap        ] GC(1092) Survivor regions: 1->2(2)
[2026-06-17T10:02:33.840+0800][30.337s][info][gc,heap        ] GC(1092) Old regions: 27->27
[2026-06-17T10:02:33.840+0800][30.337s][info][gc,heap        ] GC(1092) Humongous regions: 13->13
[2026-06-17T10:02:33.840+0800][30.337s][info][gc,metaspace   ] GC(1092) Metaspace: 113K(320K)->113K(320K) NonClass: 105K(192K)->105K(192K) Class: 7K(128K)->7K(128K)
[2026-06-17T10:02:33.840+0800][30.337s][info][gc             ] GC(1092) Pause Young (Mixed) (G1 Evacuation Pause) 52M->41M(64M) 3.908ms
[2026-06-17T10:02:33.840+0800][30.337s][info][gc,cpu         ] GC(1092) User=0.00s Sys=0.00s Real=0.00s
[2026-06-17T10:02:33.872+0800][30.369s][info][gc,start       ] GC(1093) Pause Young (Mixed) (G1 Evacuation Pause)
[2026-06-17T10:02:33.872+0800][30.369s][info][gc,task        ] GC(1093) Using 2 workers of 18 for evacuation
[2026-06-17T10:02:33.874+0800][30.371s][info][gc,phases      ] GC(1093)   Pre Evacuate Collection Set: 0.38ms
[2026-06-17T10:02:33.876+0800][30.373s][info][gc,phases      ] GC(1093)   Merge Heap Roots: 0.07ms
[2026-06-17T10:02:33.878+0800][30.375s][info][gc,phases      ] GC(1093)   Evacuate Collection Set: 0.37ms
[2026-06-17T10:02:33.880+0800][30.377s][info][gc,phases      ] GC(1093)   Post Evacuate Collection Set: 0.26ms
[2026-06-17T10:02:33.881+0800][30.378s][info][gc,phases      ] GC(1093)   Other: 0.55ms
[2026-06-17T10:02:33.884+0800][30.380s][info][gc,heap        ] GC(1093) Eden regions: 10->0(10)
[2026-06-17T10:02:33.885+0800][30.382s][info][gc,heap        ] GC(1093) Survivor regions: 2->2(2)
[2026-06-17T10:02:33.889+0800][30.385s][info][gc,heap        ] GC(1093) Old regions: 27->27
[2026-06-17T10:02:33.891+0800][30.387s][info][gc,heap        ] GC(1093) Humongous regions: 14->14
[2026-06-17T10:02:33.891+0800][30.388s][info][gc,metaspace   ] GC(1093) Metaspace: 113K(320K)->113K(320K) NonClass: 105K(192K)->105K(192K) Class: 7K(128K)->7K(128K)
[2026-06-17T10:02:33.892+0800][30.389s][info][gc             ] GC(1093) Pause Young (Mixed) (G1 Evacuation Pause) 52M->42M(64M) 20.531ms
[2026-06-17T10:02:33.893+0800][30.389s][info][gc,cpu         ] GC(1093) User=0.00s Sys=0.01s Real=0.02s
[2026-06-17T10:02:33.914+0800][30.411s][info][gc,start       ] GC(1094) Pause Young (Concurrent Start) (G1 Evacuation Pause)
[2026-06-17T10:02:33.915+0800][30.411s][info][gc,task        ] GC(1094) Using 2 workers of 18 for evacuation
[2026-06-17T10:02:33.916+0800][30.413s][info][gc,phases      ] GC(1094)   Pre Evacuate Collection Set: 0.19ms
[2026-06-17T10:02:33.916+0800][30.413s][info][gc,phases      ] GC(1094)   Merge Heap Roots: 0.05ms
[2026-06-17T10:02:33.916+0800][30.413s][info][gc,phases      ] GC(1094)   Evacuate Collection Set: 0.36ms
[2026-06-17T10:02:33.917+0800][30.414s][info][gc,phases      ] GC(1094)   Post Evacuate Collection Set: 0.31ms
[2026-06-17T10:02:33.917+0800][30.414s][info][gc,phases      ] GC(1094)   Other: 0.45ms
[2026-06-17T10:02:33.917+0800][30.414s][info][gc,heap        ] GC(1094) Eden regions: 10->0(11)
[2026-06-17T10:02:33.917+0800][30.414s][info][gc,heap        ] GC(1094) Survivor regions: 2->1(2)
[2026-06-17T10:02:33.917+0800][30.414s][info][gc,heap        ] GC(1094) Old regions: 27->29
[2026-06-17T10:02:33.917+0800][30.414s][info][gc,heap        ] GC(1094) Humongous regions: 14->14
[2026-06-17T10:02:33.918+0800][30.414s][info][gc,metaspace   ] GC(1094) Metaspace: 113K(320K)->113K(320K) NonClass: 105K(192K)->105K(192K) Class: 7K(128K)->7K(128K)
[2026-06-17T10:02:33.918+0800][30.415s][info][gc             ] GC(1094) Pause Young (Concurrent Start) (G1 Evacuation Pause) 52M->42M(64M) 3.911ms
[2026-06-17T10:02:33.918+0800][30.415s][info][gc,cpu         ] GC(1094) User=0.00s Sys=0.00s Real=0.00s
[2026-06-17T10:02:33.918+0800][30.415s][info][gc             ] GC(1095) Concurrent Mark Cycle
[2026-06-17T10:02:33.918+0800][30.415s][info][gc,marking     ] GC(1095) Concurrent Scan Root Regions
[2026-06-17T10:02:33.919+0800][30.416s][info][gc,marking     ] GC(1095) Concurrent Scan Root Regions 0.243ms
[2026-06-17T10:02:33.919+0800][30.416s][info][gc,marking     ] GC(1095) Concurrent Mark
[2026-06-17T10:02:33.919+0800][30.416s][info][gc,marking     ] GC(1095) Concurrent Mark From Roots
[2026-06-17T10:02:33.919+0800][30.416s][info][gc,task        ] GC(1095) Using 5 workers of 5 for marking
[2026-06-17T10:02:33.920+0800][30.417s][info][gc,marking     ] GC(1095) Concurrent Mark From Roots 1.349ms
[2026-06-17T10:02:33.920+0800][30.417s][info][gc,marking     ] GC(1095) Concurrent Preclean
[2026-06-17T10:02:33.921+0800][30.417s][info][gc,marking     ] GC(1095) Concurrent Preclean 0.118ms
[2026-06-17T10:02:33.921+0800][30.417s][info][gc,start       ] GC(1095) Pause Remark
[2026-06-17T10:02:33.922+0800][30.419s][info][gc             ] GC(1095) Pause Remark 44M->38M(64M) 1.117ms
[2026-06-17T10:02:33.924+0800][30.421s][info][gc,cpu         ] GC(1095) User=0.00s Sys=0.00s Real=0.01s
[2026-06-17T10:02:33.926+0800][30.423s][info][gc,marking     ] GC(1095) Concurrent Mark 7.646ms
[2026-06-17T10:02:33.928+0800][30.425s][info][gc,marking     ] GC(1095) Concurrent Rebuild Remembered Sets and Scrub Regions
[2026-06-17T10:02:33.933+0800][30.430s][info][gc,marking     ] GC(1095) Concurrent Rebuild Remembered Sets and Scrub Regions 4.546ms
[2026-06-17T10:02:33.934+0800][30.431s][info][gc,start       ] GC(1095) Pause Cleanup
[2026-06-17T10:02:33.936+0800][30.433s][info][gc             ] GC(1095) Pause Cleanup 41M->41M(64M) 2.140ms
[2026-06-17T10:02:33.938+0800][30.435s][info][gc,cpu         ] GC(1095) User=0.00s Sys=0.00s Real=0.00s
[2026-06-17T10:02:33.941+0800][30.438s][info][gc,marking     ] GC(1095) Concurrent Clear Claimed Marks
[2026-06-17T10:02:33.942+0800][30.439s][info][gc,marking     ] GC(1095) Concurrent Clear Claimed Marks 0.662ms
[2026-06-17T10:02:33.942+0800][30.439s][info][gc,marking     ] GC(1095) Concurrent Cleanup for Next Mark
[2026-06-17T10:02:33.944+0800][30.441s][info][gc,marking     ] GC(1095) Concurrent Cleanup for Next Mark 1.755ms
[2026-06-17T10:02:33.944+0800][30.441s][info][gc             ] GC(1095) Concurrent Mark Cycle 26.127ms
[2026-06-17T10:02:33.952+0800][30.449s][info][gc,start       ] GC(1096) Pause Young (Prepare Mixed) (G1 Evacuation Pause)
[2026-06-17T10:02:33.952+0800][30.449s][info][gc,task        ] GC(1096) Using 2 workers of 18 for evacuation
[2026-06-17T10:02:33.953+0800][30.450s][info][gc,phases      ] GC(1096)   Pre Evacuate Collection Set: 0.12ms
[2026-06-17T10:02:33.953+0800][30.450s][info][gc,phases      ] GC(1096)   Merge Heap Roots: 0.04ms
[2026-06-17T10:02:33.953+0800][30.450s][info][gc,phases      ] GC(1096)   Evacuate Collection Set: 0.35ms
[2026-06-17T10:02:33.953+0800][30.450s][info][gc,phases      ] GC(1096)   Post Evacuate Collection Set: 0.17ms
[2026-06-17T10:02:33.954+0800][30.450s][info][gc,phases      ] GC(1096)   Other: 0.17ms
[2026-06-17T10:02:33.954+0800][30.451s][info][gc,heap        ] GC(1096) Eden regions: 11->0(10)
[2026-06-17T10:02:33.954+0800][30.451s][info][gc,heap        ] GC(1096) Survivor regions: 1->2(2)
[2026-06-17T10:02:33.954+0800][30.451s][info][gc,heap        ] GC(1096) Old regions: 23->26
[2026-06-17T10:02:33.954+0800][30.451s][info][gc,heap        ] GC(1096) Humongous regions: 14->14
[2026-06-17T10:02:33.954+0800][30.451s][info][gc,metaspace   ] GC(1096) Metaspace: 113K(320K)->113K(320K) NonClass: 105K(192K)->105K(192K) Class: 7K(128K)->7K(128K)
[2026-06-17T10:02:33.954+0800][30.451s][info][gc             ] GC(1096) Pause Young (Prepare Mixed) (G1 Evacuation Pause) 47M->41M(64M) 2.249ms
[2026-06-17T10:02:33.954+0800][30.451s][info][gc,cpu         ] GC(1096) User=0.00s Sys=0.00s Real=0.00s
[2026-06-17T10:02:33.986+0800][30.483s][info][gc,start       ] GC(1097) Pause Young (Mixed) (G1 Evacuation Pause)
[2026-06-17T10:02:33.986+0800][30.483s][info][gc,task        ] GC(1097) Using 2 workers of 18 for evacuation
[2026-06-17T10:02:33.987+0800][30.484s][info][gc,phases      ] GC(1097)   Pre Evacuate Collection Set: 0.11ms
[2026-06-17T10:02:33.987+0800][30.484s][info][gc,phases      ] GC(1097)   Merge Heap Roots: 0.06ms
[2026-06-17T10:02:33.988+0800][30.484s][info][gc,phases      ] GC(1097)   Evacuate Collection Set: 0.37ms
[2026-06-17T10:02:33.988+0800][30.485s][info][gc,phases      ] GC(1097)   Post Evacuate Collection Set: 0.17ms
[2026-06-17T10:02:33.988+0800][30.485s][info][gc,phases      ] GC(1097)   Other: 0.26ms
[2026-06-17T10:02:33.989+0800][30.486s][info][gc,heap        ] GC(1097) Eden regions: 10->0(12)
[2026-06-17T10:02:33.989+0800][30.486s][info][gc,heap        ] GC(1097) Survivor regions: 2->2(2)
[2026-06-17T10:02:33.989+0800][30.486s][info][gc,heap        ] GC(1097) Old regions: 26->23
[2026-06-17T10:02:33.991+0800][30.488s][info][gc,heap        ] GC(1097) Humongous regions: 14->14
[2026-06-17T10:02:33.993+0800][30.490s][info][gc,metaspace   ] GC(1097) Metaspace: 113K(320K)->113K(320K) NonClass: 105K(192K)->105K(192K) Class: 7K(128K)->7K(128K)
[2026-06-17T10:02:33.993+0800][30.490s][info][gc             ] GC(1097) Pause Young (Mixed) (G1 Evacuation Pause) 51M->38M(64M) 7.561ms
[2026-06-17T10:02:33.995+0800][30.491s][info][gc,cpu         ] GC(1097) User=0.00s Sys=0.00s Real=0.01s
[2026-06-17T10:02:34.026+0800][30.523s][info][gc,start       ] GC(1098) Pause Young (Mixed) (G1 Evacuation Pause)
[2026-06-17T10:02:34.027+0800][30.524s][info][gc,task        ] GC(1098) Using 2 workers of 18 for evacuation
[2026-06-17T10:02:34.028+0800][30.525s][info][gc,phases      ] GC(1098)   Pre Evacuate Collection Set: 0.10ms
[2026-06-17T10:02:34.028+0800][30.525s][info][gc,phases      ] GC(1098)   Merge Heap Roots: 0.04ms
[2026-06-17T10:02:34.028+0800][30.525s][info][gc,phases      ] GC(1098)   Evacuate Collection Set: 0.42ms
[2026-06-17T10:02:34.028+0800][30.525s][info][gc,phases      ] GC(1098)   Post Evacuate Collection Set: 0.15ms
[2026-06-17T10:02:34.028+0800][30.525s][info][gc,phases      ] GC(1098)   Other: 0.29ms
[2026-06-17T10:02:34.029+0800][30.525s][info][gc,heap        ] GC(1098) Eden regions: 12->0(11)
[2026-06-17T10:02:34.029+0800][30.526s][info][gc,heap        ] GC(1098) Survivor regions: 2->2(2)
[2026-06-17T10:02:34.029+0800][30.526s][info][gc,heap        ] GC(1098) Old regions: 23->24
[2026-06-17T10:02:34.029+0800][30.526s][info][gc,heap        ] GC(1098) Humongous regions: 14->14
[2026-06-17T10:02:34.029+0800][30.526s][info][gc,metaspace   ] GC(1098) Metaspace: 113K(320K)->113K(320K) NonClass: 105K(192K)->105K(192K) Class: 7K(128K)->7K(128K)
[2026-06-17T10:02:34.029+0800][30.526s][info][gc             ] GC(1098) Pause Young (Mixed) (G1 Evacuation Pause) 50M->39M(64M) 2.801ms
[2026-06-17T10:02:34.029+0800][30.526s][info][gc,cpu         ] GC(1098) User=0.00s Sys=0.00s Real=0.00s
[2026-06-17T10:02:34.051+0800][30.547s][info][gc,start       ] GC(1099) Pause Young (Normal) (G1 Evacuation Pause)
[2026-06-17T10:02:34.051+0800][30.548s][info][gc,task        ] GC(1099) Using 2 workers of 18 for evacuation
[2026-06-17T10:02:34.052+0800][30.549s][info][gc,phases      ] GC(1099)   Pre Evacuate Collection Set: 0.10ms
[2026-06-17T10:02:34.052+0800][30.549s][info][gc,phases      ] GC(1099)   Merge Heap Roots: 0.03ms
[2026-06-17T10:02:34.052+0800][30.549s][info][gc,phases      ] GC(1099)   Evacuate Collection Set: 0.44ms
[2026-06-17T10:02:34.052+0800][30.549s][info][gc,phases      ] GC(1099)   Post Evacuate Collection Set: 0.14ms
[2026-06-17T10:02:34.053+0800][30.549s][info][gc,phases      ] GC(1099)   Other: 0.18ms
[2026-06-17T10:02:34.053+0800][30.550s][info][gc,heap        ] GC(1099) Eden regions: 11->0(8)
[2026-06-17T10:02:34.053+0800][30.550s][info][gc,heap        ] GC(1099) Survivor regions: 2->2(2)
[2026-06-17T10:02:34.053+0800][30.550s][info][gc,heap        ] GC(1099) Old regions: 24->29
[2026-06-17T10:02:34.053+0800][30.550s][info][gc,heap        ] GC(1099) Humongous regions: 14->14
[2026-06-17T10:02:34.053+0800][30.550s][info][gc,metaspace   ] GC(1099) Metaspace: 113K(320K)->113K(320K) NonClass: 105K(192K)->105K(192K) Class: 7K(128K)->7K(128K)
[2026-06-17T10:02:34.053+0800][30.550s][info][gc             ] GC(1099) Pause Young (Normal) (G1 Evacuation Pause) 50M->44M(64M) 2.660ms
[2026-06-17T10:02:34.053+0800][30.550s][info][gc,cpu         ] GC(1099) User=0.00s Sys=0.00s Real=0.00s
[2026-06-17T10:02:34.075+0800][30.571s][info][gc,start       ] GC(1100) Pause Young (Concurrent Start) (G1 Evacuation Pause)
[2026-06-17T10:02:34.075+0800][30.572s][info][gc,task        ] GC(1100) Using 2 workers of 18 for evacuation
[2026-06-17T10:02:34.077+0800][30.573s][info][gc,phases      ] GC(1100)   Pre Evacuate Collection Set: 0.14ms
[2026-06-17T10:02:34.077+0800][30.574s][info][gc,phases      ] GC(1100)   Merge Heap Roots: 0.03ms
[2026-06-17T10:02:34.077+0800][30.574s][info][gc,phases      ] GC(1100)   Evacuate Collection Set: 0.39ms
[2026-06-17T10:02:34.078+0800][30.574s][info][gc,phases      ] GC(1100)   Post Evacuate Collection Set: 0.16ms
[2026-06-17T10:02:34.078+0800][30.575s][info][gc,phases      ] GC(1100)   Other: 0.58ms
[2026-06-17T10:02:34.078+0800][30.575s][info][gc,heap        ] GC(1100) Eden regions: 8->0(6)
[2026-06-17T10:02:34.079+0800][30.576s][info][gc,heap        ] GC(1100) Survivor regions: 2->2(2)
[2026-06-17T10:02:34.079+0800][30.576s][info][gc,heap        ] GC(1100) Old regions: 29->33
[2026-06-17T10:02:34.079+0800][30.576s][info][gc,heap        ] GC(1100) Humongous regions: 14->14
[2026-06-17T10:02:34.079+0800][30.576s][info][gc,metaspace   ] GC(1100) Metaspace: 113K(320K)->113K(320K) NonClass: 105K(192K)->105K(192K) Class: 7K(128K)->7K(128K)
[2026-06-17T10:02:34.080+0800][30.576s][info][gc             ] GC(1100) Pause Young (Concurrent Start) (G1 Evacuation Pause) 52M->48M(64M) 4.973ms
[2026-06-17T10:02:34.080+0800][30.577s][info][gc,cpu         ] GC(1100) User=0.00s Sys=0.00s Real=0.00s
[2026-06-17T10:02:34.080+0800][30.577s][info][gc             ] GC(1101) Concurrent Mark Cycle
[2026-06-17T10:02:34.080+0800][30.577s][info][gc,marking     ] GC(1101) Concurrent Scan Root Regions
[2026-06-17T10:02:34.080+0800][30.577s][info][gc,marking     ] GC(1101) Concurrent Scan Root Regions 0.257ms
[2026-06-17T10:02:34.081+0800][30.578s][info][gc,marking     ] GC(1101) Concurrent Mark
[2026-06-17T10:02:34.081+0800][30.578s][info][gc,marking     ] GC(1101) Concurrent Mark From Roots
[2026-06-17T10:02:34.081+0800][30.578s][info][gc,task        ] GC(1101) Using 5 workers of 5 for marking
[2026-06-17T10:02:34.082+0800][30.579s][info][gc,marking     ] GC(1101) Concurrent Mark From Roots 1.484ms
[2026-06-17T10:02:34.083+0800][30.579s][info][gc,marking     ] GC(1101) Concurrent Preclean
[2026-06-17T10:02:34.083+0800][30.579s][info][gc,marking     ] GC(1101) Concurrent Preclean 0.101ms
[2026-06-17T10:02:34.083+0800][30.580s][info][gc,start       ] GC(1101) Pause Remark
[2026-06-17T10:02:34.083+0800][30.580s][info][gc             ] GC(1101) Pause Remark 50M->42M(64M) 0.420ms
[2026-06-17T10:02:34.083+0800][30.580s][info][gc,cpu         ] GC(1101) User=0.00s Sys=0.00s Real=0.00s
[2026-06-17T10:02:34.083+0800][30.580s][info][gc,marking     ] GC(1101) Concurrent Mark 2.716ms
[2026-06-17T10:02:34.083+0800][30.580s][info][gc,marking     ] GC(1101) Concurrent Rebuild Remembered Sets and Scrub Regions
[2026-06-17T10:02:34.084+0800][30.581s][info][gc,marking     ] GC(1101) Concurrent Rebuild Remembered Sets and Scrub Regions 0.458ms
[2026-06-17T10:02:34.084+0800][30.581s][info][gc,start       ] GC(1101) Pause Cleanup
[2026-06-17T10:02:34.084+0800][30.581s][info][gc             ] GC(1101) Pause Cleanup 42M->42M(64M) 0.228ms
[2026-06-17T10:02:34.084+0800][30.581s][info][gc,cpu         ] GC(1101) User=0.00s Sys=0.00s Real=0.00s
[2026-06-17T10:02:34.085+0800][30.582s][info][gc,marking     ] GC(1101) Concurrent Clear Claimed Marks
[2026-06-17T10:02:34.085+0800][30.582s][info][gc,marking     ] GC(1101) Concurrent Clear Claimed Marks 0.188ms
[2026-06-17T10:02:34.085+0800][30.582s][info][gc,marking     ] GC(1101) Concurrent Cleanup for Next Mark
[2026-06-17T10:02:34.085+0800][30.582s][info][gc,marking     ] GC(1101) Concurrent Cleanup for Next Mark 0.248ms
[2026-06-17T10:02:34.085+0800][30.582s][info][gc             ] GC(1101) Concurrent Mark Cycle 5.768ms
[2026-06-17T10:02:34.101+0800][30.598s][info][gc,start       ] GC(1102) Pause Young (Prepare Mixed) (G1 Evacuation Pause)
[2026-06-17T10:02:34.101+0800][30.598s][info][gc,task        ] GC(1102) Using 2 workers of 18 for evacuation
[2026-06-17T10:02:34.102+0800][30.599s][info][gc,phases      ] GC(1102)   Pre Evacuate Collection Set: 0.09ms
[2026-06-17T10:02:34.102+0800][30.599s][info][gc,phases      ] GC(1102)   Merge Heap Roots: 0.04ms
[2026-06-17T10:02:34.102+0800][30.599s][info][gc,phases      ] GC(1102)   Evacuate Collection Set: 0.20ms
[2026-06-17T10:02:34.102+0800][30.599s][info][gc,phases      ] GC(1102)   Post Evacuate Collection Set: 0.15ms
[2026-06-17T10:02:34.102+0800][30.599s][info][gc,phases      ] GC(1102)   Other: 0.13ms
[2026-06-17T10:02:34.102+0800][30.599s][info][gc,heap        ] GC(1102) Eden regions: 6->0(10)
[2026-06-17T10:02:34.103+0800][30.599s][info][gc,heap        ] GC(1102) Survivor regions: 2->1(1)
[2026-06-17T10:02:34.103+0800][30.600s][info][gc,heap        ] GC(1102) Old regions: 25->27
[2026-06-17T10:02:34.103+0800][30.600s][info][gc,heap        ] GC(1102) Humongous regions: 15->15
[2026-06-17T10:02:34.103+0800][30.600s][info][gc,metaspace   ] GC(1102) Metaspace: 113K(320K)->113K(320K) NonClass: 105K(192K)->105K(192K) Class: 7K(128K)->7K(128K)
[2026-06-17T10:02:34.103+0800][30.600s][info][gc             ] GC(1102) Pause Young (Prepare Mixed) (G1 Evacuation Pause) 47M->41M(64M) 2.435ms
[2026-06-17T10:02:34.104+0800][30.600s][info][gc,cpu         ] GC(1102) User=0.00s Sys=0.00s Real=0.01s
[2026-06-17T10:02:34.125+0800][30.622s][info][gc,start       ] GC(1103) Pause Young (Mixed) (G1 Evacuation Pause)
[2026-06-17T10:02:34.125+0800][30.622s][info][gc,task        ] GC(1103) Using 2 workers of 18 for evacuation
[2026-06-17T10:02:34.126+0800][30.623s][info][gc,phases      ] GC(1103)   Pre Evacuate Collection Set: 0.11ms
[2026-06-17T10:02:34.126+0800][30.623s][info][gc,phases      ] GC(1103)   Merge Heap Roots: 0.04ms
[2026-06-17T10:02:34.127+0800][30.623s][info][gc,phases      ] GC(1103)   Evacuate Collection Set: 0.42ms
[2026-06-17T10:02:34.127+0800][30.624s][info][gc,phases      ] GC(1103)   Post Evacuate Collection Set: 0.16ms
[2026-06-17T10:02:34.127+0800][30.624s][info][gc,phases      ] GC(1103)   Other: 0.16ms
[2026-06-17T10:02:34.128+0800][30.624s][info][gc,heap        ] GC(1103) Eden regions: 10->0(11)
[2026-06-17T10:02:34.128+0800][30.625s][info][gc,heap        ] GC(1103) Survivor regions: 1->2(2)
[2026-06-17T10:02:34.128+0800][30.625s][info][gc,heap        ] GC(1103) Old regions: 27->24
[2026-06-17T10:02:34.128+0800][30.625s][info][gc,heap        ] GC(1103) Humongous regions: 15->15
[2026-06-17T10:02:34.128+0800][30.625s][info][gc,metaspace   ] GC(1103) Metaspace: 113K(320K)->113K(320K) NonClass: 105K(192K)->105K(192K) Class: 7K(128K)->7K(128K)
[2026-06-17T10:02:34.128+0800][30.625s][info][gc             ] GC(1103) Pause Young (Mixed) (G1 Evacuation Pause) 51M->40M(64M) 3.364ms
[2026-06-17T10:02:34.129+0800][30.625s][info][gc,cpu         ] GC(1103) User=0.00s Sys=0.00s Real=0.00s
[2026-06-17T10:02:34.160+0800][30.657s][info][gc,start       ] GC(1104) Pause Young (Mixed) (G1 Evacuation Pause)
[2026-06-17T10:02:34.161+0800][30.658s][info][gc,task        ] GC(1104) Using 2 workers of 18 for evacuation
[2026-06-17T10:02:34.162+0800][30.659s][info][gc,phases      ] GC(1104)   Pre Evacuate Collection Set: 0.14ms
[2026-06-17T10:02:34.162+0800][30.659s][info][gc,phases      ] GC(1104)   Merge Heap Roots: 0.05ms
[2026-06-17T10:02:34.162+0800][30.659s][info][gc,phases      ] GC(1104)   Evacuate Collection Set: 0.40ms
[2026-06-17T10:02:34.162+0800][30.659s][info][gc,phases      ] GC(1104)   Post Evacuate Collection Set: 0.16ms
[2026-06-17T10:02:34.163+0800][30.659s][info][gc,phases      ] GC(1104)   Other: 0.28ms
[2026-06-17T10:02:34.163+0800][30.660s][info][gc,heap        ] GC(1104) Eden regions: 11->0(11)
[2026-06-17T10:02:34.163+0800][30.660s][info][gc,heap        ] GC(1104) Survivor regions: 2->2(2)
[2026-06-17T10:02:34.163+0800][30.660s][info][gc,heap        ] GC(1104) Old regions: 24->24
[2026-06-17T10:02:34.163+0800][30.660s][info][gc,heap        ] GC(1104) Humongous regions: 15->15
[2026-06-17T10:02:34.163+0800][30.660s][info][gc,metaspace   ] GC(1104) Metaspace: 113K(320K)->113K(320K) NonClass: 105K(192K)->105K(192K) Class: 7K(128K)->7K(128K)
[2026-06-17T10:02:34.163+0800][30.660s][info][gc             ] GC(1104) Pause Young (Mixed) (G1 Evacuation Pause) 51M->40M(64M) 2.994ms
[2026-06-17T10:02:34.163+0800][30.660s][info][gc,cpu         ] GC(1104) User=0.01s Sys=0.00s Real=0.01s
[2026-06-17T10:02:34.185+0800][30.682s][info][gc,start       ] GC(1105) Pause Young (Normal) (G1 Evacuation Pause)
[2026-06-17T10:02:34.185+0800][30.682s][info][gc,task        ] GC(1105) Using 2 workers of 18 for evacuation
[2026-06-17T10:02:34.186+0800][30.683s][info][gc,phases      ] GC(1105)   Pre Evacuate Collection Set: 0.13ms
[2026-06-17T10:02:34.186+0800][30.683s][info][gc,phases      ] GC(1105)   Merge Heap Roots: 0.04ms
[2026-06-17T10:02:34.187+0800][30.683s][info][gc,phases      ] GC(1105)   Evacuate Collection Set: 0.41ms
[2026-06-17T10:02:34.187+0800][30.684s][info][gc,phases      ] GC(1105)   Post Evacuate Collection Set: 0.18ms
[2026-06-17T10:02:34.187+0800][30.684s][info][gc,phases      ] GC(1105)   Other: 0.22ms
[2026-06-17T10:02:34.187+0800][30.684s][info][gc,heap        ] GC(1105) Eden regions: 11->0(6)
[2026-06-17T10:02:34.187+0800][30.684s][info][gc,heap        ] GC(1105) Survivor regions: 2->2(2)
[2026-06-17T10:02:34.187+0800][30.684s][info][gc,heap        ] GC(1105) Old regions: 24->29
[2026-06-17T10:02:34.187+0800][30.684s][info][gc,heap        ] GC(1105) Humongous regions: 15->15
[2026-06-17T10:02:34.189+0800][30.685s][info][gc,metaspace   ] GC(1105) Metaspace: 113K(320K)->113K(320K) NonClass: 105K(192K)->105K(192K) Class: 7K(128K)->7K(128K)
[2026-06-17T10:02:34.189+0800][30.686s][info][gc             ] GC(1105) Pause Young (Normal) (G1 Evacuation Pause) 51M->45M(64M) 3.988ms
[2026-06-17T10:02:34.189+0800][30.686s][info][gc,cpu         ] GC(1105) User=0.00s Sys=0.00s Real=0.00s
[2026-06-17T10:02:34.210+0800][30.707s][info][gc,start       ] GC(1106) Pause Young (Concurrent Start) (G1 Evacuation Pause)
[2026-06-17T10:02:34.211+0800][30.707s][info][gc,task        ] GC(1106) Using 2 workers of 18 for evacuation
[2026-06-17T10:02:34.212+0800][30.708s][info][gc,phases      ] GC(1106)   Pre Evacuate Collection Set: 0.18ms
[2026-06-17T10:02:34.212+0800][30.709s][info][gc,phases      ] GC(1106)   Merge Heap Roots: 0.03ms
[2026-06-17T10:02:34.212+0800][30.709s][info][gc,phases      ] GC(1106)   Evacuate Collection Set: 0.23ms
[2026-06-17T10:02:34.213+0800][30.709s][info][gc,phases      ] GC(1106)   Post Evacuate Collection Set: 0.17ms
[2026-06-17T10:02:34.213+0800][30.710s][info][gc,phases      ] GC(1106)   Other: 0.37ms
[2026-06-17T10:02:34.213+0800][30.710s][info][gc,heap        ] GC(1106) Eden regions: 6->0(6)
[2026-06-17T10:02:34.213+0800][30.710s][info][gc,heap        ] GC(1106) Survivor regions: 2->1(1)
[2026-06-17T10:02:34.213+0800][30.710s][info][gc,heap        ] GC(1106) Old regions: 29->31
[2026-06-17T10:02:34.213+0800][30.710s][info][gc,heap        ] GC(1106) Humongous regions: 15->15
[2026-06-17T10:02:34.214+0800][30.710s][info][gc,metaspace   ] GC(1106) Metaspace: 113K(320K)->113K(320K) NonClass: 105K(192K)->105K(192K) Class: 7K(128K)->7K(128K)
[2026-06-17T10:02:34.214+0800][30.711s][info][gc             ] GC(1106) Pause Young (Concurrent Start) (G1 Evacuation Pause) 51M->46M(64M) 3.562ms
[2026-06-17T10:02:34.214+0800][30.711s][info][gc,cpu         ] GC(1106) User=0.00s Sys=0.00s Real=0.01s
[2026-06-17T10:02:34.214+0800][30.711s][info][gc             ] GC(1107) Concurrent Mark Cycle
[2026-06-17T10:02:34.214+0800][30.711s][info][gc,marking     ] GC(1107) Concurrent Scan Root Regions
[2026-06-17T10:02:34.214+0800][30.711s][info][gc,marking     ] GC(1107) Concurrent Scan Root Regions 0.219ms
[2026-06-17T10:02:34.215+0800][30.711s][info][gc,marking     ] GC(1107) Concurrent Mark
[2026-06-17T10:02:34.215+0800][30.711s][info][gc,marking     ] GC(1107) Concurrent Mark From Roots
[2026-06-17T10:02:34.215+0800][30.712s][info][gc,task        ] GC(1107) Using 5 workers of 5 for marking
[2026-06-17T10:02:34.216+0800][30.713s][info][gc,marking     ] GC(1107) Concurrent Mark From Roots 1.470ms
[2026-06-17T10:02:34.216+0800][30.713s][info][gc,marking     ] GC(1107) Concurrent Preclean
[2026-06-17T10:02:34.216+0800][30.713s][info][gc,marking     ] GC(1107) Concurrent Preclean 0.115ms
[2026-06-17T10:02:34.216+0800][30.713s][info][gc,start       ] GC(1107) Pause Remark
[2026-06-17T10:02:34.217+0800][30.714s][info][gc             ] GC(1107) Pause Remark 49M->49M(64M) 0.365ms
[2026-06-17T10:02:34.217+0800][30.714s][info][gc,cpu         ] GC(1107) User=0.00s Sys=0.00s Real=0.00s
[2026-06-17T10:02:34.217+0800][30.714s][info][gc,marking     ] GC(1107) Concurrent Mark 2.508ms
[2026-06-17T10:02:34.217+0800][30.714s][info][gc,marking     ] GC(1107) Concurrent Rebuild Remembered Sets and Scrub Regions
[2026-06-17T10:02:34.218+0800][30.714s][info][gc,marking     ] GC(1107) Concurrent Rebuild Remembered Sets and Scrub Regions 0.421ms
[2026-06-17T10:02:34.218+0800][30.715s][info][gc,start       ] GC(1107) Pause Cleanup
[2026-06-17T10:02:34.218+0800][30.715s][info][gc             ] GC(1107) Pause Cleanup 49M->49M(64M) 0.172ms
[2026-06-17T10:02:34.218+0800][30.715s][info][gc,cpu         ] GC(1107) User=0.01s Sys=0.00s Real=0.00s
[2026-06-17T10:02:34.218+0800][30.715s][info][gc,marking     ] GC(1107) Concurrent Clear Claimed Marks
[2026-06-17T10:02:34.219+0800][30.715s][info][gc,marking     ] GC(1107) Concurrent Clear Claimed Marks 0.236ms
[2026-06-17T10:02:34.219+0800][30.716s][info][gc,marking     ] GC(1107) Concurrent Cleanup for Next Mark
[2026-06-17T10:02:34.219+0800][30.716s][info][gc,marking     ] GC(1107) Concurrent Cleanup for Next Mark 0.193ms
[2026-06-17T10:02:34.219+0800][30.716s][info][gc             ] GC(1107) Concurrent Mark Cycle 5.171ms
[2026-06-17T10:02:34.225+0800][30.722s][info][gc,start       ] GC(1108) Pause Young (Prepare Mixed) (G1 Evacuation Pause)
[2026-06-17T10:02:34.225+0800][30.722s][info][gc,task        ] GC(1108) Using 2 workers of 18 for evacuation
[2026-06-17T10:02:34.226+0800][30.723s][info][gc,phases      ] GC(1108)   Pre Evacuate Collection Set: 0.11ms
[2026-06-17T10:02:34.226+0800][30.723s][info][gc,phases      ] GC(1108)   Merge Heap Roots: 0.05ms
[2026-06-17T10:02:34.226+0800][30.723s][info][gc,phases      ] GC(1108)   Evacuate Collection Set: 0.34ms
[2026-06-17T10:02:34.226+0800][30.723s][info][gc,phases      ] GC(1108)   Post Evacuate Collection Set: 0.15ms
[2026-06-17T10:02:34.226+0800][30.723s][info][gc,phases      ] GC(1108)   Other: 0.15ms
[2026-06-17T10:02:34.226+0800][30.723s][info][gc,heap        ] GC(1108) Eden regions: 6->0(3)
[2026-06-17T10:02:34.226+0800][30.723s][info][gc,heap        ] GC(1108) Survivor regions: 1->1(1)
[2026-06-17T10:02:34.226+0800][30.723s][info][gc,heap        ] GC(1108) Old regions: 31->36
[2026-06-17T10:02:34.227+0800][30.723s][info][gc,heap        ] GC(1108) Humongous regions: 15->15
[2026-06-17T10:02:34.227+0800][30.723s][info][gc,metaspace   ] GC(1108) Metaspace: 113K(320K)->113K(320K) NonClass: 105K(192K)->105K(192K) Class: 7K(128K)->7K(128K)
[2026-06-17T10:02:34.227+0800][30.724s][info][gc             ] GC(1108) Pause Young (Prepare Mixed) (G1 Evacuation Pause) 52M->50M(64M) 2.044ms
[2026-06-17T10:02:34.227+0800][30.724s][info][gc,cpu         ] GC(1108) User=0.00s Sys=0.00s Real=0.00s
[2026-06-17T10:02:34.237+0800][30.734s][info][gc,start       ] GC(1109) Pause Young (Mixed) (G1 Evacuation Pause)
[2026-06-17T10:02:34.238+0800][30.735s][info][gc,task        ] GC(1109) Using 2 workers of 18 for evacuation
[2026-06-17T10:02:34.239+0800][30.736s][info][gc,phases      ] GC(1109)   Pre Evacuate Collection Set: 0.10ms
[2026-06-17T10:02:34.239+0800][30.736s][info][gc,phases      ] GC(1109)   Merge Heap Roots: 0.04ms
[2026-06-17T10:02:34.239+0800][30.736s][info][gc,phases      ] GC(1109)   Evacuate Collection Set: 0.39ms
[2026-06-17T10:02:34.239+0800][30.736s][info][gc,phases      ] GC(1109)   Post Evacuate Collection Set: 0.25ms
[2026-06-17T10:02:34.239+0800][30.736s][info][gc,phases      ] GC(1109)   Other: 0.17ms
[2026-06-17T10:02:34.239+0800][30.736s][info][gc,heap        ] GC(1109) Eden regions: 3->0(4)
[2026-06-17T10:02:34.239+0800][30.736s][info][gc,heap        ] GC(1109) Survivor regions: 1->1(1)
[2026-06-17T10:02:34.239+0800][30.736s][info][gc,heap        ] GC(1109) Old regions: 36->34
[2026-06-17T10:02:34.239+0800][30.736s][info][gc,heap        ] GC(1109) Humongous regions: 15->15
[2026-06-17T10:02:34.240+0800][30.736s][info][gc,metaspace   ] GC(1109) Metaspace: 113K(320K)->113K(320K) NonClass: 105K(192K)->105K(192K) Class: 7K(128K)->7K(128K)
[2026-06-17T10:02:34.240+0800][30.736s][info][gc             ] GC(1109) Pause Young (Mixed) (G1 Evacuation Pause) 53M->49M(64M) 2.207ms
[2026-06-17T10:02:34.240+0800][30.737s][info][gc,cpu         ] GC(1109) User=0.00s Sys=0.00s Real=0.00s
[2026-06-17T10:02:34.250+0800][30.747s][info][gc,start       ] GC(1110) Pause Young (Mixed) (G1 Evacuation Pause)
[2026-06-17T10:02:34.251+0800][30.747s][info][gc,task        ] GC(1110) Using 2 workers of 18 for evacuation
[2026-06-17T10:02:34.252+0800][30.749s][info][gc,phases      ] GC(1110)   Pre Evacuate Collection Set: 0.12ms
[2026-06-17T10:02:34.252+0800][30.749s][info][gc,phases      ] GC(1110)   Merge Heap Roots: 0.04ms
[2026-06-17T10:02:34.252+0800][30.749s][info][gc,phases      ] GC(1110)   Evacuate Collection Set: 0.47ms
[2026-06-17T10:02:34.252+0800][30.749s][info][gc,phases      ] GC(1110)   Post Evacuate Collection Set: 0.16ms
[2026-06-17T10:02:34.252+0800][30.749s][info][gc,phases      ] GC(1110)   Other: 0.24ms
[2026-06-17T10:02:34.252+0800][30.749s][info][gc,heap        ] GC(1110) Eden regions: 4->0(5)
[2026-06-17T10:02:34.252+0800][30.749s][info][gc,heap        ] GC(1110) Survivor regions: 1->1(1)
[2026-06-17T10:02:34.252+0800][30.749s][info][gc,heap        ] GC(1110) Old regions: 34->33
[2026-06-17T10:02:34.252+0800][30.749s][info][gc,heap        ] GC(1110) Humongous regions: 15->15
[2026-06-17T10:02:34.252+0800][30.749s][info][gc,metaspace   ] GC(1110) Metaspace: 113K(320K)->113K(320K) NonClass: 105K(192K)->105K(192K) Class: 7K(128K)->7K(128K)
[2026-06-17T10:02:34.253+0800][30.749s][info][gc             ] GC(1110) Pause Young (Mixed) (G1 Evacuation Pause) 53M->48M(64M) 2.277ms
[2026-06-17T10:02:34.253+0800][30.750s][info][gc,cpu         ] GC(1110) User=0.00s Sys=0.00s Real=0.01s
[2026-06-17T10:02:34.263+0800][30.760s][info][gc,start       ] GC(1111) Pause Young (Mixed) (G1 Evacuation Pause)
[2026-06-17T10:02:34.264+0800][30.761s][info][gc,task        ] GC(1111) Using 2 workers of 18 for evacuation
[2026-06-17T10:02:34.264+0800][30.761s][info][gc,phases      ] GC(1111)   Pre Evacuate Collection Set: 0.10ms
[2026-06-17T10:02:34.265+0800][30.761s][info][gc,phases      ] GC(1111)   Merge Heap Roots: 0.04ms
[2026-06-17T10:02:34.265+0800][30.762s][info][gc,phases      ] GC(1111)   Evacuate Collection Set: 0.34ms
[2026-06-17T10:02:34.265+0800][30.762s][info][gc,phases      ] GC(1111)   Post Evacuate Collection Set: 0.14ms
[2026-06-17T10:02:34.265+0800][30.762s][info][gc,phases      ] GC(1111)   Other: 0.15ms
[2026-06-17T10:02:34.265+0800][30.762s][info][gc,heap        ] GC(1111) Eden regions: 5->0(3)
[2026-06-17T10:02:34.265+0800][30.762s][info][gc,heap        ] GC(1111) Survivor regions: 1->1(1)
[2026-06-17T10:02:34.265+0800][30.762s][info][gc,heap        ] GC(1111) Old regions: 33->36
[2026-06-17T10:02:34.265+0800][30.762s][info][gc,heap        ] GC(1111) Humongous regions: 15->15
[2026-06-17T10:02:34.265+0800][30.762s][info][gc,metaspace   ] GC(1111) Metaspace: 113K(320K)->113K(320K) NonClass: 105K(192K)->105K(192K) Class: 7K(128K)->7K(128K)
[2026-06-17T10:02:34.265+0800][30.762s][info][gc             ] GC(1111) Pause Young (Mixed) (G1 Evacuation Pause) 53M->51M(64M) 1.974ms
[2026-06-17T10:02:34.265+0800][30.762s][info][gc,cpu         ] GC(1111) User=0.00s Sys=0.00s Real=0.00s
[2026-06-17T10:02:34.276+0800][30.773s][info][gc,start       ] GC(1112) Pause Young (Concurrent Start) (G1 Evacuation Pause)
[2026-06-17T10:02:34.276+0800][30.773s][info][gc,task        ] GC(1112) Using 2 workers of 18 for evacuation
[2026-06-17T10:02:34.277+0800][30.774s][info][gc,phases      ] GC(1112)   Pre Evacuate Collection Set: 0.13ms
[2026-06-17T10:02:34.277+0800][30.774s][info][gc,phases      ] GC(1112)   Merge Heap Roots: 0.04ms
[2026-06-17T10:02:34.277+0800][30.774s][info][gc,phases      ] GC(1112)   Evacuate Collection Set: 0.25ms
[2026-06-17T10:02:34.277+0800][30.774s][info][gc,phases      ] GC(1112)   Post Evacuate Collection Set: 0.14ms
[2026-06-17T10:02:34.277+0800][30.774s][info][gc,phases      ] GC(1112)   Other: 0.18ms
[2026-06-17T10:02:34.278+0800][30.774s][info][gc,heap        ] GC(1112) Eden regions: 3->0(2)
[2026-06-17T10:02:34.278+0800][30.774s][info][gc,heap        ] GC(1112) Survivor regions: 1->1(1)
[2026-06-17T10:02:34.278+0800][30.775s][info][gc,heap        ] GC(1112) Old regions: 36->39
[2026-06-17T10:02:34.278+0800][30.775s][info][gc,heap        ] GC(1112) Humongous regions: 15->15
[2026-06-17T10:02:34.278+0800][30.775s][info][gc,metaspace   ] GC(1112) Metaspace: 113K(320K)->113K(320K) NonClass: 105K(192K)->105K(192K) Class: 7K(128K)->7K(128K)
[2026-06-17T10:02:34.278+0800][30.775s][info][gc             ] GC(1112) Pause Young (Concurrent Start) (G1 Evacuation Pause) 54M->53M(64M) 1.874ms
[2026-06-17T10:02:34.278+0800][30.775s][info][gc,cpu         ] GC(1112) User=0.00s Sys=0.01s Real=0.00s
[2026-06-17T10:02:34.278+0800][30.775s][info][gc             ] GC(1113) Concurrent Mark Cycle
[2026-06-17T10:02:34.278+0800][30.775s][info][gc,marking     ] GC(1113) Concurrent Scan Root Regions
[2026-06-17T10:02:34.279+0800][30.776s][info][gc,marking     ] GC(1113) Concurrent Scan Root Regions 0.547ms
[2026-06-17T10:02:34.280+0800][30.777s][info][gc,marking     ] GC(1113) Concurrent Mark
[2026-06-17T10:02:34.280+0800][30.777s][info][gc,marking     ] GC(1113) Concurrent Mark From Roots
[2026-06-17T10:02:34.280+0800][30.777s][info][gc,task        ] GC(1113) Using 5 workers of 5 for marking
[2026-06-17T10:02:34.281+0800][30.778s][info][gc,marking     ] GC(1113) Concurrent Mark From Roots 1.429ms
[2026-06-17T10:02:34.281+0800][30.778s][info][gc,marking     ] GC(1113) Concurrent Preclean
[2026-06-17T10:02:34.282+0800][30.778s][info][gc,marking     ] GC(1113) Concurrent Preclean 0.113ms
[2026-06-17T10:02:34.282+0800][30.779s][info][gc,start       ] GC(1113) Pause Remark
[2026-06-17T10:02:34.282+0800][30.779s][info][gc             ] GC(1113) Pause Remark 55M->45M(64M) 0.409ms
[2026-06-17T10:02:34.282+0800][30.779s][info][gc,cpu         ] GC(1113) User=0.00s Sys=0.00s Real=0.00s
[2026-06-17T10:02:34.282+0800][30.779s][info][gc,marking     ] GC(1113) Concurrent Mark 2.657ms
[2026-06-17T10:02:34.282+0800][30.779s][info][gc,marking     ] GC(1113) Concurrent Rebuild Remembered Sets and Scrub Regions
[2026-06-17T10:02:34.283+0800][30.780s][info][gc,marking     ] GC(1113) Concurrent Rebuild Remembered Sets and Scrub Regions 0.393ms
[2026-06-17T10:02:34.283+0800][30.780s][info][gc,start       ] GC(1113) Pause Cleanup
[2026-06-17T10:02:34.283+0800][30.780s][info][gc             ] GC(1113) Pause Cleanup 45M->45M(64M) 0.191ms
[2026-06-17T10:02:34.283+0800][30.780s][info][gc,cpu         ] GC(1113) User=0.00s Sys=0.00s Real=0.00s
[2026-06-17T10:02:34.283+0800][30.780s][info][gc,marking     ] GC(1113) Concurrent Clear Claimed Marks
[2026-06-17T10:02:34.283+0800][30.780s][info][gc,marking     ] GC(1113) Concurrent Clear Claimed Marks 0.090ms
[2026-06-17T10:02:34.283+0800][30.780s][info][gc,marking     ] GC(1113) Concurrent Cleanup for Next Mark
[2026-06-17T10:02:34.284+0800][30.780s][info][gc,marking     ] GC(1113) Concurrent Cleanup for Next Mark 0.143ms
[2026-06-17T10:02:34.284+0800][30.781s][info][gc             ] GC(1113) Concurrent Mark Cycle 5.664ms
[2026-06-17T10:02:34.289+0800][30.785s][info][gc,start       ] GC(1114) Pause Young (Prepare Mixed) (G1 Evacuation Pause)
[2026-06-17T10:02:34.289+0800][30.786s][info][gc,task        ] GC(1114) Using 2 workers of 18 for evacuation
[2026-06-17T10:02:34.289+0800][30.786s][info][gc,phases      ] GC(1114)   Pre Evacuate Collection Set: 0.09ms
[2026-06-17T10:02:34.289+0800][30.786s][info][gc,phases      ] GC(1114)   Merge Heap Roots: 0.04ms
[2026-06-17T10:02:34.290+0800][30.786s][info][gc,phases      ] GC(1114)   Evacuate Collection Set: 0.10ms
[2026-06-17T10:02:34.290+0800][30.787s][info][gc,phases      ] GC(1114)   Post Evacuate Collection Set: 0.13ms
[2026-06-17T10:02:34.290+0800][30.787s][info][gc,phases      ] GC(1114)   Other: 0.17ms
[2026-06-17T10:02:34.290+0800][30.787s][info][gc,heap        ] GC(1114) Eden regions: 2->0(9)
[2026-06-17T10:02:34.290+0800][30.787s][info][gc,heap        ] GC(1114) Survivor regions: 1->1(1)
[2026-06-17T10:02:34.290+0800][30.787s][info][gc,heap        ] GC(1114) Old regions: 29->29
[2026-06-17T10:02:34.290+0800][30.787s][info][gc,heap        ] GC(1114) Humongous regions: 15->15
[2026-06-17T10:02:34.290+0800][30.787s][info][gc,metaspace   ] GC(1114) Metaspace: 113K(320K)->113K(320K) NonClass: 105K(192K)->105K(192K) Class: 7K(128K)->7K(128K)
[2026-06-17T10:02:34.290+0800][30.787s][info][gc             ] GC(1114) Pause Young (Prepare Mixed) (G1 Evacuation Pause) 45M->43M(64M) 1.671ms
[2026-06-17T10:02:34.291+0800][30.787s][info][gc,cpu         ] GC(1114) User=0.00s Sys=0.00s Real=0.01s
[2026-06-17T10:02:34.312+0800][30.809s][info][gc,start       ] GC(1115) Pause Young (Mixed) (G1 Evacuation Pause)
[2026-06-17T10:02:34.312+0800][30.809s][info][gc,task        ] GC(1115) Using 2 workers of 18 for evacuation
[2026-06-17T10:02:34.313+0800][30.810s][info][gc,phases      ] GC(1115)   Pre Evacuate Collection Set: 0.10ms
[2026-06-17T10:02:34.313+0800][30.810s][info][gc,phases      ] GC(1115)   Merge Heap Roots: 0.04ms
[2026-06-17T10:02:34.313+0800][30.810s][info][gc,phases      ] GC(1115)   Evacuate Collection Set: 0.37ms
[2026-06-17T10:02:34.314+0800][30.810s][info][gc,phases      ] GC(1115)   Post Evacuate Collection Set: 0.16ms
[2026-06-17T10:02:34.314+0800][30.810s][info][gc,phases      ] GC(1115)   Other: 0.18ms
[2026-06-17T10:02:34.314+0800][30.810s][info][gc,heap        ] GC(1115) Eden regions: 9->0(10)
[2026-06-17T10:02:34.314+0800][30.811s][info][gc,heap        ] GC(1115) Survivor regions: 1->2(2)
[2026-06-17T10:02:34.314+0800][30.811s][info][gc,heap        ] GC(1115) Old regions: 29->25
[2026-06-17T10:02:34.314+0800][30.811s][info][gc,heap        ] GC(1115) Humongous regions: 16->16
[2026-06-17T10:02:34.314+0800][30.811s][info][gc,metaspace   ] GC(1115) Metaspace: 113K(320K)->113K(320K) NonClass: 105K(192K)->105K(192K) Class: 7K(128K)->7K(128K)
[2026-06-17T10:02:34.314+0800][30.811s][info][gc             ] GC(1115) Pause Young (Mixed) (G1 Evacuation Pause) 53M->42M(64M) 2.075ms
[2026-06-17T10:02:34.314+0800][30.811s][info][gc,cpu         ] GC(1115) User=0.00s Sys=0.00s Real=0.00s
[2026-06-17T10:02:34.335+0800][30.832s][info][gc,start       ] GC(1116) Pause Young (Mixed) (G1 Evacuation Pause)
[2026-06-17T10:02:34.336+0800][30.832s][info][gc,task        ] GC(1116) Using 2 workers of 18 for evacuation
[2026-06-17T10:02:34.337+0800][30.834s][info][gc,phases      ] GC(1116)   Pre Evacuate Collection Set: 0.13ms
[2026-06-17T10:02:34.337+0800][30.834s][info][gc,phases      ] GC(1116)   Merge Heap Roots: 0.04ms
[2026-06-17T10:02:34.337+0800][30.834s][info][gc,phases      ] GC(1116)   Evacuate Collection Set: 0.53ms
[2026-06-17T10:02:34.337+0800][30.834s][info][gc,phases      ] GC(1116)   Post Evacuate Collection Set: 0.15ms
[2026-06-17T10:02:34.337+0800][30.834s][info][gc,phases      ] GC(1116)   Other: 0.29ms
[2026-06-17T10:02:34.337+0800][30.834s][info][gc,heap        ] GC(1116) Eden regions: 10->0(11)
[2026-06-17T10:02:34.337+0800][30.834s][info][gc,heap        ] GC(1116) Survivor regions: 2->2(2)
[2026-06-17T10:02:34.337+0800][30.834s][info][gc,heap        ] GC(1116) Old regions: 25->24
[2026-06-17T10:02:34.338+0800][30.834s][info][gc,heap        ] GC(1116) Humongous regions: 16->16
[2026-06-17T10:02:34.338+0800][30.834s][info][gc,metaspace   ] GC(1116) Metaspace: 113K(320K)->113K(320K) NonClass: 105K(192K)->105K(192K) Class: 7K(128K)->7K(128K)
[2026-06-17T10:02:34.338+0800][30.835s][info][gc             ] GC(1116) Pause Young (Mixed) (G1 Evacuation Pause) 52M->41M(64M) 2.393ms
[2026-06-17T10:02:34.338+0800][30.835s][info][gc,cpu         ] GC(1116) User=0.00s Sys=0.00s Real=0.00s
[2026-06-17T10:02:34.369+0800][30.866s][info][gc,start       ] GC(1117) Pause Young (Mixed) (G1 Evacuation Pause)
[2026-06-17T10:02:34.371+0800][30.867s][info][gc,task        ] GC(1117) Using 2 workers of 18 for evacuation
[2026-06-17T10:02:34.372+0800][30.869s][info][gc,phases      ] GC(1117)   Pre Evacuate Collection Set: 0.14ms
[2026-06-17T10:02:34.372+0800][30.869s][info][gc,phases      ] GC(1117)   Merge Heap Roots: 0.04ms
[2026-06-17T10:02:34.372+0800][30.869s][info][gc,phases      ] GC(1117)   Evacuate Collection Set: 0.44ms
[2026-06-17T10:02:34.372+0800][30.869s][info][gc,phases      ] GC(1117)   Post Evacuate Collection Set: 0.20ms
[2026-06-17T10:02:34.373+0800][30.870s][info][gc,phases      ] GC(1117)   Other: 0.42ms
[2026-06-17T10:02:34.373+0800][30.870s][info][gc,heap        ] GC(1117) Eden regions: 11->0(10)
[2026-06-17T10:02:34.373+0800][30.870s][info][gc,heap        ] GC(1117) Survivor regions: 2->2(2)
[2026-06-17T10:02:34.373+0800][30.870s][info][gc,heap        ] GC(1117) Old regions: 24->25
[2026-06-17T10:02:34.373+0800][30.870s][info][gc,heap        ] GC(1117) Humongous regions: 16->16
[2026-06-17T10:02:34.373+0800][30.870s][info][gc,metaspace   ] GC(1117) Metaspace: 113K(320K)->113K(320K) NonClass: 105K(192K)->105K(192K) Class: 7K(128K)->7K(128K)
[2026-06-17T10:02:34.373+0800][30.870s][info][gc             ] GC(1117) Pause Young (Mixed) (G1 Evacuation Pause) 52M->42M(64M) 4.177ms
[2026-06-17T10:02:34.373+0800][30.870s][info][gc,cpu         ] GC(1117) User=0.00s Sys=0.00s Real=0.01s
[2026-06-17T10:02:34.395+0800][30.891s][info][gc,start       ] GC(1118) Pause Young (Normal) (G1 Evacuation Pause)
[2026-06-17T10:02:34.395+0800][30.892s][info][gc,task        ] GC(1118) Using 2 workers of 18 for evacuation
[2026-06-17T10:02:34.396+0800][30.893s][info][gc,phases      ] GC(1118)   Pre Evacuate Collection Set: 0.11ms
[2026-06-17T10:02:34.396+0800][30.893s][info][gc,phases      ] GC(1118)   Merge Heap Roots: 0.06ms
[2026-06-17T10:02:34.396+0800][30.893s][info][gc,phases      ] GC(1118)   Evacuate Collection Set: 0.23ms
[2026-06-17T10:02:34.396+0800][30.893s][info][gc,phases      ] GC(1118)   Post Evacuate Collection Set: 0.18ms
[2026-06-17T10:02:34.397+0800][30.894s][info][gc,phases      ] GC(1118)   Other: 0.35ms
[2026-06-17T10:02:34.397+0800][30.894s][info][gc,heap        ] GC(1118) Eden regions: 10->0(12)
[2026-06-17T10:02:34.397+0800][30.894s][info][gc,heap        ] GC(1118) Survivor regions: 2->1(2)
[2026-06-17T10:02:34.397+0800][30.894s][info][gc,heap        ] GC(1118) Old regions: 25->26
[2026-06-17T10:02:34.397+0800][30.894s][info][gc,heap        ] GC(1118) Humongous regions: 16->16
[2026-06-17T10:02:34.397+0800][30.894s][info][gc,metaspace   ] GC(1118) Metaspace: 113K(320K)->113K(320K) NonClass: 105K(192K)->105K(192K) Class: 7K(128K)->7K(128K)
[2026-06-17T10:02:34.397+0800][30.894s][info][gc             ] GC(1118) Pause Young (Normal) (G1 Evacuation Pause) 52M->41M(64M) 2.906ms
[2026-06-17T10:02:34.398+0800][30.894s][info][gc,cpu         ] GC(1118) User=0.00s Sys=0.00s Real=0.00s
[2026-06-17T10:02:34.429+0800][30.926s][info][gc,start       ] GC(1119) Pause Young (Normal) (G1 Evacuation Pause)
[2026-06-17T10:02:34.430+0800][30.927s][info][gc,task        ] GC(1119) Using 2 workers of 18 for evacuation
[2026-06-17T10:02:34.431+0800][30.928s][info][gc,phases      ] GC(1119)   Pre Evacuate Collection Set: 0.18ms
[2026-06-17T10:02:34.432+0800][30.929s][info][gc,phases      ] GC(1119)   Merge Heap Roots: 0.05ms
[2026-06-17T10:02:34.432+0800][30.929s][info][gc,phases      ] GC(1119)   Evacuate Collection Set: 0.43ms
[2026-06-17T10:02:34.432+0800][30.929s][info][gc,phases      ] GC(1119)   Post Evacuate Collection Set: 0.40ms
[2026-06-17T10:02:34.433+0800][30.929s][info][gc,phases      ] GC(1119)   Other: 0.30ms
[2026-06-17T10:02:34.433+0800][30.930s][info][gc,heap        ] GC(1119) Eden regions: 12->0(8)
[2026-06-17T10:02:34.433+0800][30.930s][info][gc,heap        ] GC(1119) Survivor regions: 1->2(2)
[2026-06-17T10:02:34.433+0800][30.930s][info][gc,heap        ] GC(1119) Old regions: 26->30
[2026-06-17T10:02:34.433+0800][30.930s][info][gc,heap        ] GC(1119) Humongous regions: 16->16
[2026-06-17T10:02:34.433+0800][30.930s][info][gc,metaspace   ] GC(1119) Metaspace: 113K(320K)->113K(320K) NonClass: 105K(192K)->105K(192K) Class: 7K(128K)->7K(128K)
[2026-06-17T10:02:34.433+0800][30.930s][info][gc             ] GC(1119) Pause Young (Normal) (G1 Evacuation Pause) 53M->47M(64M) 3.882ms
[2026-06-17T10:02:34.433+0800][30.930s][info][gc,cpu         ] GC(1119) User=0.00s Sys=0.00s Real=0.01s
[2026-06-17T10:02:34.455+0800][30.951s][info][gc,start       ] GC(1120) Pause Young (Concurrent Start) (G1 Evacuation Pause)
[2026-06-17T10:02:34.455+0800][30.952s][info][gc,task        ] GC(1120) Using 2 workers of 18 for evacuation
[2026-06-17T10:02:34.456+0800][30.953s][info][gc,phases      ] GC(1120)   Pre Evacuate Collection Set: 0.23ms
[2026-06-17T10:02:34.457+0800][30.953s][info][gc,phases      ] GC(1120)   Merge Heap Roots: 0.07ms
[2026-06-17T10:02:34.457+0800][30.954s][info][gc,phases      ] GC(1120)   Evacuate Collection Set: 0.45ms
[2026-06-17T10:02:34.457+0800][30.954s][info][gc,phases      ] GC(1120)   Post Evacuate Collection Set: 0.24ms
[2026-06-17T10:02:34.457+0800][30.954s][info][gc,phases      ] GC(1120)   Other: 0.39ms
[2026-06-17T10:02:34.457+0800][30.954s][info][gc,heap        ] GC(1120) Eden regions: 8->0(5)
[2026-06-17T10:02:34.457+0800][30.954s][info][gc,heap        ] GC(1120) Survivor regions: 2->2(2)
[2026-06-17T10:02:34.458+0800][30.954s][info][gc,heap        ] GC(1120) Old regions: 30->33
[2026-06-17T10:02:34.458+0800][30.955s][info][gc,heap        ] GC(1120) Humongous regions: 16->16
[2026-06-17T10:02:34.458+0800][30.955s][info][gc,metaspace   ] GC(1120) Metaspace: 113K(320K)->113K(320K) NonClass: 105K(192K)->105K(192K) Class: 7K(128K)->7K(128K)
[2026-06-17T10:02:34.458+0800][30.955s][info][gc             ] GC(1120) Pause Young (Concurrent Start) (G1 Evacuation Pause) 55M->50M(64M) 3.539ms
[2026-06-17T10:02:34.458+0800][30.955s][info][gc,cpu         ] GC(1120) User=0.00s Sys=0.00s Real=0.00s
[2026-06-17T10:02:34.458+0800][30.955s][info][gc             ] GC(1121) Concurrent Mark Cycle
[2026-06-17T10:02:34.459+0800][30.956s][info][gc,marking     ] GC(1121) Concurrent Scan Root Regions
[2026-06-17T10:02:34.459+0800][30.956s][info][gc,marking     ] GC(1121) Concurrent Scan Root Regions 0.198ms
[2026-06-17T10:02:34.459+0800][30.956s][info][gc,marking     ] GC(1121) Concurrent Mark
[2026-06-17T10:02:34.459+0800][30.956s][info][gc,marking     ] GC(1121) Concurrent Mark From Roots
[2026-06-17T10:02:34.459+0800][30.956s][info][gc,task        ] GC(1121) Using 5 workers of 5 for marking
[2026-06-17T10:02:34.461+0800][30.957s][info][gc,marking     ] GC(1121) Concurrent Mark From Roots 1.427ms
[2026-06-17T10:02:34.461+0800][30.958s][info][gc,marking     ] GC(1121) Concurrent Preclean
[2026-06-17T10:02:34.462+0800][30.959s][info][gc,marking     ] GC(1121) Concurrent Preclean 0.287ms
[2026-06-17T10:02:34.462+0800][30.959s][info][gc,start       ] GC(1121) Pause Remark
[2026-06-17T10:02:34.463+0800][30.960s][info][gc             ] GC(1121) Pause Remark 51M->42M(64M) 0.788ms
[2026-06-17T10:02:34.463+0800][30.960s][info][gc,cpu         ] GC(1121) User=0.01s Sys=0.00s Real=0.01s
[2026-06-17T10:02:34.464+0800][30.961s][info][gc,marking     ] GC(1121) Concurrent Mark 4.574ms
[2026-06-17T10:02:34.466+0800][30.963s][info][gc,marking     ] GC(1121) Concurrent Rebuild Remembered Sets and Scrub Regions
[2026-06-17T10:02:34.467+0800][30.964s][info][gc,marking     ] GC(1121) Concurrent Rebuild Remembered Sets and Scrub Regions 0.756ms
[2026-06-17T10:02:34.468+0800][30.965s][info][gc,start       ] GC(1121) Pause Cleanup
[2026-06-17T10:02:34.468+0800][30.965s][info][gc             ] GC(1121) Pause Cleanup 42M->42M(64M) 0.558ms
[2026-06-17T10:02:34.469+0800][30.965s][info][gc,cpu         ] GC(1121) User=0.00s Sys=0.00s Real=0.00s
[2026-06-17T10:02:34.469+0800][30.966s][info][gc,marking     ] GC(1121) Concurrent Clear Claimed Marks
[2026-06-17T10:02:34.469+0800][30.966s][info][gc,start       ] GC(1122) Pause Young (Prepare Mixed) (G1 Evacuation Pause)
[2026-06-17T10:02:34.469+0800][30.966s][info][gc,marking     ] GC(1121) Concurrent Clear Claimed Marks 0.459ms
[2026-06-17T10:02:34.470+0800][30.967s][info][gc,marking     ] GC(1121) Concurrent Cleanup for Next Mark
[2026-06-17T10:02:34.469+0800][30.966s][info][gc,task        ] GC(1122) Using 2 workers of 18 for evacuation
[2026-06-17T10:02:34.471+0800][30.968s][info][gc,phases      ] GC(1122)   Pre Evacuate Collection Set: 0.08ms
[2026-06-17T10:02:34.472+0800][30.968s][info][gc,phases      ] GC(1122)   Merge Heap Roots: 0.04ms
[2026-06-17T10:02:34.472+0800][30.969s][info][gc,phases      ] GC(1122)   Evacuate Collection Set: 0.14ms
[2026-06-17T10:02:34.472+0800][30.969s][info][gc,phases      ] GC(1122)   Post Evacuate Collection Set: 0.14ms
[2026-06-17T10:02:34.473+0800][30.970s][info][gc,phases      ] GC(1122)   Other: 1.26ms
[2026-06-17T10:02:34.473+0800][30.970s][info][gc,heap        ] GC(1122) Eden regions: 5->0(11)
[2026-06-17T10:02:34.474+0800][30.971s][info][gc,heap        ] GC(1122) Survivor regions: 2->1(1)
[2026-06-17T10:02:34.474+0800][30.971s][info][gc,heap        ] GC(1122) Old regions: 24->26
[2026-06-17T10:02:34.475+0800][30.971s][info][gc,heap        ] GC(1122) Humongous regions: 16->16
[2026-06-17T10:02:34.475+0800][30.972s][info][gc,metaspace   ] GC(1122) Metaspace: 113K(320K)->113K(320K) NonClass: 105K(192K)->105K(192K) Class: 7K(128K)->7K(128K)
[2026-06-17T10:02:34.475+0800][30.972s][info][gc             ] GC(1122) Pause Young (Prepare Mixed) (G1 Evacuation Pause) 46M->41M(64M) 6.358ms
[2026-06-17T10:02:34.476+0800][30.973s][info][gc,cpu         ] GC(1122) User=0.00s Sys=0.00s Real=0.01s
[2026-06-17T10:02:34.477+0800][30.973s][info][gc,marking     ] GC(1121) Concurrent Cleanup for Next Mark 6.771ms
[2026-06-17T10:02:34.477+0800][30.974s][info][gc             ] GC(1121) Concurrent Mark Cycle 18.735ms
[2026-06-17T10:02:34.508+0800][31.005s][info][gc,start       ] GC(1123) Pause Young (Mixed) (G1 Evacuation Pause)
[2026-06-17T10:02:34.509+0800][31.006s][info][gc,task        ] GC(1123) Using 2 workers of 18 for evacuation
[2026-06-17T10:02:34.511+0800][31.008s][info][gc,phases      ] GC(1123)   Pre Evacuate Collection Set: 0.25ms
[2026-06-17T10:02:34.512+0800][31.009s][info][gc,phases      ] GC(1123)   Merge Heap Roots: 0.08ms
[2026-06-17T10:02:34.512+0800][31.009s][info][gc,phases      ] GC(1123)   Evacuate Collection Set: 0.52ms
[2026-06-17T10:02:34.513+0800][31.010s][info][gc,phases      ] GC(1123)   Post Evacuate Collection Set: 0.23ms
[2026-06-17T10:02:34.514+0800][31.010s][info][gc,phases      ] GC(1123)   Other: 1.75ms
[2026-06-17T10:02:34.514+0800][31.011s][info][gc,heap        ] GC(1123) Eden regions: 11->0(16)
[2026-06-17T10:02:34.515+0800][31.012s][info][gc,heap        ] GC(1123) Survivor regions: 1->2(2)
[2026-06-17T10:02:34.515+0800][31.012s][info][gc,heap        ] GC(1123) Old regions: 26->23
[2026-06-17T10:02:34.516+0800][31.013s][info][gc,heap        ] GC(1123) Humongous regions: 17->8
[2026-06-17T10:02:34.516+0800][31.013s][info][gc,metaspace   ] GC(1123) Metaspace: 113K(320K)->113K(320K) NonClass: 105K(192K)->105K(192K) Class: 7K(128K)->7K(128K)
[2026-06-17T10:02:34.517+0800][31.013s][info][gc             ] GC(1123) Pause Young (Mixed) (G1 Evacuation Pause) 53M->32M(64M) 8.505ms
[2026-06-17T10:02:34.517+0800][31.014s][info][gc,cpu         ] GC(1123) User=0.00s Sys=0.00s Real=0.01s
[2026-06-17T10:02:34.549+0800][31.046s][info][gc,start       ] GC(1124) Pause Young (Mixed) (G1 Evacuation Pause)
[2026-06-17T10:02:34.550+0800][31.047s][info][gc,task        ] GC(1124) Using 2 workers of 18 for evacuation
[2026-06-17T10:02:34.551+0800][31.048s][info][gc,phases      ] GC(1124)   Pre Evacuate Collection Set: 0.18ms
[2026-06-17T10:02:34.552+0800][31.049s][info][gc,phases      ] GC(1124)   Merge Heap Roots: 0.06ms
[2026-06-17T10:02:34.553+0800][31.049s][info][gc,phases      ] GC(1124)   Evacuate Collection Set: 0.48ms
[2026-06-17T10:02:34.553+0800][31.050s][info][gc,phases      ] GC(1124)   Post Evacuate Collection Set: 0.24ms
[2026-06-17T10:02:34.553+0800][31.050s][info][gc,phases      ] GC(1124)   Other: 0.76ms
[2026-06-17T10:02:34.554+0800][31.050s][info][gc,heap        ] GC(1124) Eden regions: 16->0(14)
[2026-06-17T10:02:34.554+0800][31.051s][info][gc,heap        ] GC(1124) Survivor regions: 2->3(3)
[2026-06-17T10:02:34.555+0800][31.052s][info][gc,heap        ] GC(1124) Old regions: 23->25
[2026-06-17T10:02:34.555+0800][31.052s][info][gc,heap        ] GC(1124) Humongous regions: 8->8
[2026-06-17T10:02:34.556+0800][31.053s][info][gc,metaspace   ] GC(1124) Metaspace: 113K(320K)->113K(320K) NonClass: 105K(192K)->105K(192K) Class: 7K(128K)->7K(128K)
[2026-06-17T10:02:34.556+0800][31.053s][info][gc             ] GC(1124) Pause Young (Mixed) (G1 Evacuation Pause) 48M->35M(64M) 7.569ms
[2026-06-17T10:02:34.557+0800][31.054s][info][gc,cpu         ] GC(1124) User=0.00s Sys=0.00s Real=0.01s
[2026-06-17T10:02:34.600+0800][31.096s][info][gc,start       ] GC(1125) Pause Young (Normal) (G1 Evacuation Pause)
[2026-06-17T10:02:34.600+0800][31.097s][info][gc,task        ] GC(1125) Using 2 workers of 18 for evacuation
[2026-06-17T10:02:34.602+0800][31.099s][info][gc,phases      ] GC(1125)   Pre Evacuate Collection Set: 0.16ms
[2026-06-17T10:02:34.602+0800][31.099s][info][gc,phases      ] GC(1125)   Merge Heap Roots: 0.05ms
[2026-06-17T10:02:34.602+0800][31.099s][info][gc,phases      ] GC(1125)   Evacuate Collection Set: 0.47ms
[2026-06-17T10:02:34.603+0800][31.100s][info][gc,phases      ] GC(1125)   Post Evacuate Collection Set: 0.18ms
[2026-06-17T10:02:34.603+0800][31.100s][info][gc,phases      ] GC(1125)   Other: 0.54ms
[2026-06-17T10:02:34.603+0800][31.100s][info][gc,heap        ] GC(1125) Eden regions: 14->0(12)
[2026-06-17T10:02:34.604+0800][31.101s][info][gc,heap        ] GC(1125) Survivor regions: 3->3(3)
[2026-06-17T10:02:34.604+0800][31.101s][info][gc,heap        ] GC(1125) Old regions: 25->29
[2026-06-17T10:02:34.604+0800][31.101s][info][gc,heap        ] GC(1125) Humongous regions: 8->8
[2026-06-17T10:02:34.604+0800][31.101s][info][gc,metaspace   ] GC(1125) Metaspace: 113K(320K)->113K(320K) NonClass: 105K(192K)->105K(192K) Class: 7K(128K)->7K(128K)
[2026-06-17T10:02:34.605+0800][31.102s][info][gc             ] GC(1125) Pause Young (Normal) (G1 Evacuation Pause) 49M->39M(64M) 5.273ms
[2026-06-17T10:02:34.605+0800][31.102s][info][gc,cpu         ] GC(1125) User=0.00s Sys=0.00s Real=0.01s
[2026-06-17T10:02:34.637+0800][31.134s][info][gc,start       ] GC(1126) Pause Young (Normal) (G1 Evacuation Pause)
[2026-06-17T10:02:34.638+0800][31.134s][info][gc,task        ] GC(1126) Using 2 workers of 18 for evacuation
[2026-06-17T10:02:34.639+0800][31.136s][info][gc,phases      ] GC(1126)   Pre Evacuate Collection Set: 0.12ms
[2026-06-17T10:02:34.639+0800][31.136s][info][gc,phases      ] GC(1126)   Merge Heap Roots: 0.04ms
[2026-06-17T10:02:34.640+0800][31.137s][info][gc,phases      ] GC(1126)   Evacuate Collection Set: 0.46ms
[2026-06-17T10:02:34.640+0800][31.137s][info][gc,phases      ] GC(1126)   Post Evacuate Collection Set: 0.22ms
[2026-06-17T10:02:34.641+0800][31.138s][info][gc,phases      ] GC(1126)   Other: 0.49ms
[2026-06-17T10:02:34.641+0800][31.138s][info][gc,heap        ] GC(1126) Eden regions: 12->0(11)
[2026-06-17T10:02:34.642+0800][31.139s][info][gc,heap        ] GC(1126) Survivor regions: 3->2(2)
[2026-06-17T10:02:34.643+0800][31.140s][info][gc,heap        ] GC(1126) Old regions: 29->32
[2026-06-17T10:02:34.644+0800][31.141s][info][gc,heap        ] GC(1126) Humongous regions: 8->8
[2026-06-17T10:02:34.645+0800][31.141s][info][gc,metaspace   ] GC(1126) Metaspace: 113K(320K)->113K(320K) NonClass: 105K(192K)->105K(192K) Class: 7K(128K)->7K(128K)
[2026-06-17T10:02:34.647+0800][31.143s][info][gc             ] GC(1126) Pause Young (Normal) (G1 Evacuation Pause) 51M->41M(64M) 9.689ms
[2026-06-17T10:02:34.647+0800][31.144s][info][gc,cpu         ] GC(1126) User=0.00s Sys=0.00s Real=0.01s
[2026-06-17T10:02:34.679+0800][31.176s][info][gc,start       ] GC(1127) Pause Young (Concurrent Start) (G1 Evacuation Pause)
[2026-06-17T10:02:34.680+0800][31.176s][info][gc,task        ] GC(1127) Using 2 workers of 18 for evacuation
[2026-06-17T10:02:34.681+0800][31.178s][info][gc,phases      ] GC(1127)   Pre Evacuate Collection Set: 0.15ms
[2026-06-17T10:02:34.681+0800][31.178s][info][gc,phases      ] GC(1127)   Merge Heap Roots: 0.07ms
[2026-06-17T10:02:34.681+0800][31.178s][info][gc,phases      ] GC(1127)   Evacuate Collection Set: 0.41ms
[2026-06-17T10:02:34.682+0800][31.179s][info][gc,phases      ] GC(1127)   Post Evacuate Collection Set: 0.28ms
[2026-06-17T10:02:34.682+0800][31.179s][info][gc,phases      ] GC(1127)   Other: 0.33ms
[2026-06-17T10:02:34.682+0800][31.179s][info][gc,heap        ] GC(1127) Eden regions: 11->0(10)
[2026-06-17T10:02:34.683+0800][31.179s][info][gc,heap        ] GC(1127) Survivor regions: 2->2(2)
[2026-06-17T10:02:34.683+0800][31.180s][info][gc,heap        ] GC(1127) Old regions: 32->34
[2026-06-17T10:02:34.683+0800][31.180s][info][gc,heap        ] GC(1127) Humongous regions: 8->8
[2026-06-17T10:02:34.684+0800][31.181s][info][gc,metaspace   ] GC(1127) Metaspace: 113K(320K)->113K(320K) NonClass: 105K(192K)->105K(192K) Class: 7K(128K)->7K(128K)
[2026-06-17T10:02:34.684+0800][31.181s][info][gc             ] GC(1127) Pause Young (Concurrent Start) (G1 Evacuation Pause) 52M->43M(64M) 5.196ms
[2026-06-17T10:02:34.685+0800][31.181s][info][gc,cpu         ] GC(1127) User=0.00s Sys=0.00s Real=0.01s
[2026-06-17T10:02:34.685+0800][31.181s][info][gc             ] GC(1128) Concurrent Mark Cycle
[2026-06-17T10:02:34.685+0800][31.182s][info][gc,marking     ] GC(1128) Concurrent Scan Root Regions
[2026-06-17T10:02:34.686+0800][31.183s][info][gc,marking     ] GC(1128) Concurrent Scan Root Regions 0.597ms
[2026-06-17T10:02:34.687+0800][31.183s][info][gc,marking     ] GC(1128) Concurrent Mark
[2026-06-17T10:02:34.687+0800][31.184s][info][gc,marking     ] GC(1128) Concurrent Mark From Roots
[2026-06-17T10:02:34.688+0800][31.184s][info][gc,task        ] GC(1128) Using 5 workers of 5 for marking
[2026-06-17T10:02:34.690+0800][31.187s][info][gc,marking     ] GC(1128) Concurrent Mark From Roots 2.975ms
[2026-06-17T10:02:34.691+0800][31.188s][info][gc,marking     ] GC(1128) Concurrent Preclean
[2026-06-17T10:02:34.691+0800][31.188s][info][gc,marking     ] GC(1128) Concurrent Preclean 0.582ms
[2026-06-17T10:02:34.692+0800][31.189s][info][gc,start       ] GC(1128) Pause Remark
[2026-06-17T10:02:34.693+0800][31.190s][info][gc             ] GC(1128) Pause Remark 46M->36M(64M) 1.024ms
[2026-06-17T10:02:34.694+0800][31.190s][info][gc,cpu         ] GC(1128) User=0.00s Sys=0.00s Real=0.00s
[2026-06-17T10:02:34.694+0800][31.191s][info][gc,marking     ] GC(1128) Concurrent Mark 7.605ms
[2026-06-17T10:02:34.695+0800][31.191s][info][gc,marking     ] GC(1128) Concurrent Rebuild Remembered Sets and Scrub Regions
[2026-06-17T10:02:34.695+0800][31.192s][info][gc,marking     ] GC(1128) Concurrent Rebuild Remembered Sets and Scrub Regions 0.851ms
[2026-06-17T10:02:34.696+0800][31.193s][info][gc,start       ] GC(1128) Pause Cleanup
[2026-06-17T10:02:34.697+0800][31.194s][info][gc             ] GC(1128) Pause Cleanup 39M->39M(64M) 0.642ms
[2026-06-17T10:02:34.697+0800][31.194s][info][gc,cpu         ] GC(1128) User=0.00s Sys=0.00s Real=0.00s
[2026-06-17T10:02:34.698+0800][31.194s][info][gc,marking     ] GC(1128) Concurrent Clear Claimed Marks
[2026-06-17T10:02:34.698+0800][31.195s][info][gc,marking     ] GC(1128) Concurrent Clear Claimed Marks 0.218ms
[2026-06-17T10:02:34.698+0800][31.195s][info][gc,marking     ] GC(1128) Concurrent Cleanup for Next Mark
[2026-06-17T10:02:34.698+0800][31.195s][info][gc,marking     ] GC(1128) Concurrent Cleanup for Next Mark 0.397ms
[2026-06-17T10:02:34.699+0800][31.195s][info][gc             ] GC(1128) Concurrent Mark Cycle 14.010ms
[2026-06-17T10:02:34.707+0800][31.203s][info][gc,start       ] GC(1129) Pause Young (Prepare Mixed) (G1 Evacuation Pause)
[2026-06-17T10:02:34.707+0800][31.204s][info][gc,task        ] GC(1129) Using 2 workers of 18 for evacuation
[2026-06-17T10:02:34.708+0800][31.205s][info][gc,phases      ] GC(1129)   Pre Evacuate Collection Set: 0.10ms
[2026-06-17T10:02:34.708+0800][31.205s][info][gc,phases      ] GC(1129)   Merge Heap Roots: 0.04ms
[2026-06-17T10:02:34.708+0800][31.205s][info][gc,phases      ] GC(1129)   Evacuate Collection Set: 0.18ms
[2026-06-17T10:02:34.709+0800][31.206s][info][gc,phases      ] GC(1129)   Post Evacuate Collection Set: 0.16ms
[2026-06-17T10:02:34.709+0800][31.206s][info][gc,phases      ] GC(1129)   Other: 0.33ms
[2026-06-17T10:02:34.709+0800][31.206s][info][gc,heap        ] GC(1129) Eden regions: 10->0(19)
[2026-06-17T10:02:34.710+0800][31.207s][info][gc,heap        ] GC(1129) Survivor regions: 2->1(2)
[2026-06-17T10:02:34.710+0800][31.207s][info][gc,heap        ] GC(1129) Old regions: 24->25
[2026-06-17T10:02:34.711+0800][31.208s][info][gc,heap        ] GC(1129) Humongous regions: 8->8
[2026-06-17T10:02:34.711+0800][31.208s][info][gc,metaspace   ] GC(1129) Metaspace: 113K(320K)->113K(320K) NonClass: 105K(192K)->105K(192K) Class: 7K(128K)->7K(128K)
[2026-06-17T10:02:34.711+0800][31.208s][info][gc             ] GC(1129) Pause Young (Prepare Mixed) (G1 Evacuation Pause) 43M->33M(64M) 4.991ms
[2026-06-17T10:02:34.712+0800][31.209s][info][gc,cpu         ] GC(1129) User=0.00s Sys=0.00s Real=0.01s
[2026-06-17T10:02:34.764+0800][31.261s][info][gc,start       ] GC(1130) Pause Young (Mixed) (G1 Evacuation Pause)
[2026-06-17T10:02:34.765+0800][31.262s][info][gc,task        ] GC(1130) Using 2 workers of 18 for evacuation
[2026-06-17T10:02:34.766+0800][31.263s][info][gc,phases      ] GC(1130)   Pre Evacuate Collection Set: 0.10ms
[2026-06-17T10:02:34.767+0800][31.263s][info][gc,phases      ] GC(1130)   Merge Heap Roots: 0.04ms
[2026-06-17T10:02:34.767+0800][31.264s][info][gc,phases      ] GC(1130)   Evacuate Collection Set: 0.59ms
[2026-06-17T10:02:34.767+0800][31.264s][info][gc,phases      ] GC(1130)   Post Evacuate Collection Set: 0.23ms
[2026-06-17T10:02:34.768+0800][31.264s][info][gc,phases      ] GC(1130)   Other: 0.33ms
[2026-06-17T10:02:34.768+0800][31.265s][info][gc,heap        ] GC(1130) Eden regions: 19->0(16)
[2026-06-17T10:02:34.768+0800][31.265s][info][gc,heap        ] GC(1130) Survivor regions: 1->3(3)
[2026-06-17T10:02:34.769+0800][31.265s][info][gc,heap        ] GC(1130) Old regions: 25->24
[2026-06-17T10:02:34.769+0800][31.266s][info][gc,heap        ] GC(1130) Humongous regions: 9->9
[2026-06-17T10:02:34.769+0800][31.266s][info][gc,metaspace   ] GC(1130) Metaspace: 113K(320K)->113K(320K) NonClass: 105K(192K)->105K(192K) Class: 7K(128K)->7K(128K)
[2026-06-17T10:02:34.769+0800][31.266s][info][gc             ] GC(1130) Pause Young (Mixed) (G1 Evacuation Pause) 53M->35M(64M) 4.951ms
[2026-06-17T10:02:34.770+0800][31.266s][info][gc,cpu         ] GC(1130) User=0.00s Sys=0.00s Real=0.00s
[2026-06-17T10:02:34.812+0800][31.309s][info][gc,start       ] GC(1131) Pause Young (Mixed) (G1 Evacuation Pause)
[2026-06-17T10:02:34.812+0800][31.309s][info][gc,task        ] GC(1131) Using 2 workers of 18 for evacuation
[2026-06-17T10:02:34.813+0800][31.310s][info][gc,phases      ] GC(1131)   Pre Evacuate Collection Set: 0.12ms
[2026-06-17T10:02:34.814+0800][31.311s][info][gc,phases      ] GC(1131)   Merge Heap Roots: 0.04ms
[2026-06-17T10:02:34.814+0800][31.311s][info][gc,phases      ] GC(1131)   Evacuate Collection Set: 0.35ms
[2026-06-17T10:02:34.815+0800][31.311s][info][gc,phases      ] GC(1131)   Post Evacuate Collection Set: 0.18ms
[2026-06-17T10:02:34.815+0800][31.312s][info][gc,phases      ] GC(1131)   Other: 0.37ms
[2026-06-17T10:02:34.815+0800][31.312s][info][gc,heap        ] GC(1131) Eden regions: 16->0(16)
[2026-06-17T10:02:34.816+0800][31.312s][info][gc,heap        ] GC(1131) Survivor regions: 3->3(3)
[2026-06-17T10:02:34.816+0800][31.313s][info][gc,heap        ] GC(1131) Old regions: 24->25
[2026-06-17T10:02:34.816+0800][31.313s][info][gc,heap        ] GC(1131) Humongous regions: 9->9
[2026-06-17T10:02:34.817+0800][31.314s][info][gc,metaspace   ] GC(1131) Metaspace: 113K(320K)->113K(320K) NonClass: 105K(192K)->105K(192K) Class: 7K(128K)->7K(128K)
[2026-06-17T10:02:34.817+0800][31.314s][info][gc             ] GC(1131) Pause Young (Mixed) (G1 Evacuation Pause) 51M->35M(64M) 5.323ms
[2026-06-17T10:02:34.818+0800][31.314s][info][gc,cpu         ] GC(1131) User=0.01s Sys=0.00s Real=0.00s
[2026-06-17T10:02:34.860+0800][31.357s][info][gc,start       ] GC(1132) Pause Young (Concurrent Start) (G1 Evacuation Pause)
[2026-06-17T10:02:34.861+0800][31.358s][info][gc,task        ] GC(1132) Using 2 workers of 18 for evacuation
[2026-06-17T10:02:34.863+0800][31.360s][info][gc,phases      ] GC(1132)   Pre Evacuate Collection Set: 0.23ms
[2026-06-17T10:02:34.863+0800][31.360s][info][gc,phases      ] GC(1132)   Merge Heap Roots: 0.08ms
[2026-06-17T10:02:34.864+0800][31.361s][info][gc,phases      ] GC(1132)   Evacuate Collection Set: 0.58ms
[2026-06-17T10:02:34.864+0800][31.361s][info][gc,phases      ] GC(1132)   Post Evacuate Collection Set: 0.24ms
[2026-06-17T10:02:34.865+0800][31.362s][info][gc,phases      ] GC(1132)   Other: 0.58ms
[2026-06-17T10:02:34.865+0800][31.362s][info][gc,heap        ] GC(1132) Eden regions: 16->0(11)
[2026-06-17T10:02:34.866+0800][31.363s][info][gc,heap        ] GC(1132) Survivor regions: 3->3(3)
[2026-06-17T10:02:34.866+0800][31.363s][info][gc,heap        ] GC(1132) Old regions: 25->30
[2026-06-17T10:02:34.867+0800][31.364s][info][gc,heap        ] GC(1132) Humongous regions: 9->9
[2026-06-17T10:02:34.867+0800][31.364s][info][gc,metaspace   ] GC(1132) Metaspace: 113K(320K)->113K(320K) NonClass: 105K(192K)->105K(192K) Class: 7K(128K)->7K(128K)
[2026-06-17T10:02:34.870+0800][31.367s][info][gc             ] GC(1132) Pause Young (Concurrent Start) (G1 Evacuation Pause) 51M->41M(64M) 9.885ms
[2026-06-17T10:02:34.871+0800][31.367s][info][gc,cpu         ] GC(1132) User=0.00s Sys=0.00s Real=0.02s
[2026-06-17T10:02:34.871+0800][31.367s][info][gc             ] GC(1133) Concurrent Mark Cycle
[2026-06-17T10:02:34.872+0800][31.369s][info][gc,marking     ] GC(1133) Concurrent Scan Root Regions
[2026-06-17T10:02:34.872+0800][31.369s][info][gc,marking     ] GC(1133) Concurrent Scan Root Regions 0.621ms
[2026-06-17T10:02:34.873+0800][31.370s][info][gc,marking     ] GC(1133) Concurrent Mark
[2026-06-17T10:02:34.875+0800][31.371s][info][gc,marking     ] GC(1133) Concurrent Mark From Roots
[2026-06-17T10:02:34.877+0800][31.373s][info][gc,task        ] GC(1133) Using 5 workers of 5 for marking
[2026-06-17T10:02:34.879+0800][31.375s][info][gc,marking     ] GC(1133) Concurrent Mark From Roots 4.048ms
[2026-06-17T10:02:34.879+0800][31.376s][info][gc,marking     ] GC(1133) Concurrent Preclean
[2026-06-17T10:02:34.880+0800][31.376s][info][gc,marking     ] GC(1133) Concurrent Preclean 0.488ms
[2026-06-17T10:02:34.880+0800][31.377s][info][gc,start       ] GC(1133) Pause Remark
[2026-06-17T10:02:34.881+0800][31.378s][info][gc             ] GC(1133) Pause Remark 42M->34M(64M) 0.821ms
[2026-06-17T10:02:34.881+0800][31.378s][info][gc,cpu         ] GC(1133) User=0.00s Sys=0.00s Real=0.00s
[2026-06-17T10:02:34.882+0800][31.379s][info][gc,marking     ] GC(1133) Concurrent Mark 9.318ms
[2026-06-17T10:02:34.882+0800][31.379s][info][gc,marking     ] GC(1133) Concurrent Rebuild Remembered Sets and Scrub Regions
[2026-06-17T10:02:34.883+0800][31.380s][info][gc,marking     ] GC(1133) Concurrent Rebuild Remembered Sets and Scrub Regions 0.855ms
[2026-06-17T10:02:34.884+0800][31.381s][info][gc,start       ] GC(1133) Pause Cleanup
[2026-06-17T10:02:34.884+0800][31.381s][info][gc             ] GC(1133) Pause Cleanup 38M->38M(64M) 0.590ms
[2026-06-17T10:02:34.885+0800][31.382s][info][gc,cpu         ] GC(1133) User=0.00s Sys=0.00s Real=0.00s
[2026-06-17T10:02:34.886+0800][31.383s][info][gc,marking     ] GC(1133) Concurrent Clear Claimed Marks
[2026-06-17T10:02:34.886+0800][31.383s][info][gc,marking     ] GC(1133) Concurrent Clear Claimed Marks 0.297ms
[2026-06-17T10:02:34.886+0800][31.383s][info][gc,marking     ] GC(1133) Concurrent Cleanup for Next Mark
[2026-06-17T10:02:34.887+0800][31.383s][info][gc,marking     ] GC(1133) Concurrent Cleanup for Next Mark 0.345ms
[2026-06-17T10:02:34.887+0800][31.384s][info][gc             ] GC(1133) Concurrent Mark Cycle 16.429ms
[2026-06-17T10:02:34.903+0800][31.400s][info][gc,start       ] GC(1134) Pause Young (Prepare Mixed) (G1 Evacuation Pause)
[2026-06-17T10:02:34.904+0800][31.401s][info][gc,task        ] GC(1134) Using 2 workers of 18 for evacuation
[2026-06-17T10:02:34.906+0800][31.403s][info][gc,phases      ] GC(1134)   Pre Evacuate Collection Set: 0.13ms
[2026-06-17T10:02:34.907+0800][31.403s][info][gc,phases      ] GC(1134)   Merge Heap Roots: 0.09ms
[2026-06-17T10:02:34.907+0800][31.404s][info][gc,phases      ] GC(1134)   Evacuate Collection Set: 0.33ms
[2026-06-17T10:02:34.908+0800][31.405s][info][gc,phases      ] GC(1134)   Post Evacuate Collection Set: 0.18ms
[2026-06-17T10:02:34.909+0800][31.405s][info][gc,phases      ] GC(1134)   Other: 1.68ms
[2026-06-17T10:02:34.909+0800][31.406s][info][gc,heap        ] GC(1134) Eden regions: 11->0(15)
[2026-06-17T10:02:34.910+0800][31.406s][info][gc,heap        ] GC(1134) Survivor regions: 3->2(2)
[2026-06-17T10:02:34.910+0800][31.407s][info][gc,heap        ] GC(1134) Old regions: 22->25
[2026-06-17T10:02:34.911+0800][31.408s][info][gc,heap        ] GC(1134) Humongous regions: 9->9
[2026-06-17T10:02:34.911+0800][31.408s][info][gc,metaspace   ] GC(1134) Metaspace: 113K(320K)->113K(320K) NonClass: 105K(192K)->105K(192K) Class: 7K(128K)->7K(128K)
[2026-06-17T10:02:34.912+0800][31.408s][info][gc             ] GC(1134) Pause Young (Prepare Mixed) (G1 Evacuation Pause) 44M->35M(64M) 8.515ms
[2026-06-17T10:02:34.912+0800][31.409s][info][gc,cpu         ] GC(1134) User=0.00s Sys=0.00s Real=0.01s
[2026-06-17T10:02:34.954+0800][31.451s][info][gc,start       ] GC(1135) Pause Young (Mixed) (G1 Evacuation Pause)
[2026-06-17T10:02:34.955+0800][31.452s][info][gc,task        ] GC(1135) Using 2 workers of 18 for evacuation
[2026-06-17T10:02:34.956+0800][31.453s][info][gc,phases      ] GC(1135)   Pre Evacuate Collection Set: 0.12ms
[2026-06-17T10:02:34.956+0800][31.453s][info][gc,phases      ] GC(1135)   Merge Heap Roots: 0.03ms
[2026-06-17T10:02:34.956+0800][31.453s][info][gc,phases      ] GC(1135)   Evacuate Collection Set: 0.36ms
[2026-06-17T10:02:34.957+0800][31.453s][info][gc,phases      ] GC(1135)   Post Evacuate Collection Set: 0.15ms
[2026-06-17T10:02:34.957+0800][31.454s][info][gc,phases      ] GC(1135)   Other: 0.31ms
[2026-06-17T10:02:34.960+0800][31.457s][info][gc,heap        ] GC(1135) Eden regions: 15->0(16)
[2026-06-17T10:02:34.960+0800][31.457s][info][gc,heap        ] GC(1135) Survivor regions: 2->3(3)
[2026-06-17T10:02:34.961+0800][31.458s][info][gc,heap        ] GC(1135) Old regions: 25->22
[2026-06-17T10:02:34.961+0800][31.458s][info][gc,heap        ] GC(1135) Humongous regions: 10->10
[2026-06-17T10:02:34.961+0800][31.458s][info][gc,metaspace   ] GC(1135) Metaspace: 113K(320K)->113K(320K) NonClass: 105K(192K)->105K(192K) Class: 7K(128K)->7K(128K)
[2026-06-17T10:02:34.961+0800][31.458s][info][gc             ] GC(1135) Pause Young (Mixed) (G1 Evacuation Pause) 51M->33M(64M) 6.587ms
[2026-06-17T10:02:34.961+0800][31.458s][info][gc,cpu         ] GC(1135) User=0.00s Sys=0.01s Real=0.00s
[2026-06-17T10:02:35.003+0800][31.500s][info][gc,start       ] GC(1136) Pause Young (Normal) (G1 Evacuation Pause)
[2026-06-17T10:02:35.003+0800][31.500s][info][gc,task        ] GC(1136) Using 2 workers of 18 for evacuation
[2026-06-17T10:02:35.004+0800][31.501s][info][gc,phases      ] GC(1136)   Pre Evacuate Collection Set: 0.13ms
[2026-06-17T10:02:35.005+0800][31.502s][info][gc,phases      ] GC(1136)   Merge Heap Roots: 0.05ms
[2026-06-17T10:02:35.005+0800][31.502s][info][gc,phases      ] GC(1136)   Evacuate Collection Set: 0.31ms
[2026-06-17T10:02:35.005+0800][31.502s][info][gc,phases      ] GC(1136)   Post Evacuate Collection Set: 0.29ms
[2026-06-17T10:02:35.005+0800][31.502s][info][gc,phases      ] GC(1136)   Other: 0.25ms
[2026-06-17T10:02:35.005+0800][31.502s][info][gc,heap        ] GC(1136) Eden regions: 16->0(15)
[2026-06-17T10:02:35.005+0800][31.502s][info][gc,heap        ] GC(1136) Survivor regions: 3->3(3)
[2026-06-17T10:02:35.005+0800][31.502s][info][gc,heap        ] GC(1136) Old regions: 22->24
[2026-06-17T10:02:35.005+0800][31.502s][info][gc,heap        ] GC(1136) Humongous regions: 10->10
[2026-06-17T10:02:35.006+0800][31.503s][info][gc,metaspace   ] GC(1136) Metaspace: 113K(320K)->113K(320K) NonClass: 105K(192K)->105K(192K) Class: 7K(128K)->7K(128K)
[2026-06-17T10:02:35.006+0800][31.503s][info][gc             ] GC(1136) Pause Young (Normal) (G1 Evacuation Pause) 49M->36M(64M) 2.933ms
[2026-06-17T10:02:35.006+0800][31.503s][info][gc,cpu         ] GC(1136) User=0.00s Sys=0.00s Real=0.00s
[2026-06-17T10:02:35.039+0800][31.536s][info][gc,start       ] GC(1137) Pause Young (Normal) (G1 Evacuation Pause)
[2026-06-17T10:02:35.040+0800][31.537s][info][gc,task        ] GC(1137) Using 2 workers of 18 for evacuation
[2026-06-17T10:02:35.041+0800][31.538s][info][gc,phases      ] GC(1137)   Pre Evacuate Collection Set: 0.11ms
[2026-06-17T10:02:35.041+0800][31.538s][info][gc,phases      ] GC(1137)   Merge Heap Roots: 0.04ms
[2026-06-17T10:02:35.041+0800][31.538s][info][gc,phases      ] GC(1137)   Evacuate Collection Set: 0.44ms
[2026-06-17T10:02:35.041+0800][31.538s][info][gc,phases      ] GC(1137)   Post Evacuate Collection Set: 0.15ms
[2026-06-17T10:02:35.041+0800][31.538s][info][gc,phases      ] GC(1137)   Other: 0.32ms
[2026-06-17T10:02:35.041+0800][31.538s][info][gc,heap        ] GC(1137) Eden regions: 15->0(10)
[2026-06-17T10:02:35.042+0800][31.538s][info][gc,heap        ] GC(1137) Survivor regions: 3->3(3)
[2026-06-17T10:02:35.042+0800][31.538s][info][gc,heap        ] GC(1137) Old regions: 24->29
[2026-06-17T10:02:35.042+0800][31.539s][info][gc,heap        ] GC(1137) Humongous regions: 10->10
[2026-06-17T10:02:35.042+0800][31.539s][info][gc,metaspace   ] GC(1137) Metaspace: 113K(320K)->113K(320K) NonClass: 105K(192K)->105K(192K) Class: 7K(128K)->7K(128K)
[2026-06-17T10:02:35.042+0800][31.539s][info][gc             ] GC(1137) Pause Young (Normal) (G1 Evacuation Pause) 51M->41M(64M) 3.576ms
[2026-06-17T10:02:35.043+0800][31.540s][info][gc,cpu         ] GC(1137) User=0.00s Sys=0.00s Real=0.01s
[2026-06-17T10:02:35.076+0800][31.573s][info][gc,start       ] GC(1138) Pause Young (Concurrent Start) (G1 Evacuation Pause)
[2026-06-17T10:02:35.077+0800][31.574s][info][gc,task        ] GC(1138) Using 2 workers of 18 for evacuation
[2026-06-17T10:02:35.080+0800][31.577s][info][gc,phases      ] GC(1138)   Pre Evacuate Collection Set: 0.16ms
[2026-06-17T10:02:35.081+0800][31.578s][info][gc,phases      ] GC(1138)   Merge Heap Roots: 0.05ms
[2026-06-17T10:02:35.081+0800][31.578s][info][gc,phases      ] GC(1138)   Evacuate Collection Set: 0.36ms
[2026-06-17T10:02:35.082+0800][31.579s][info][gc,phases      ] GC(1138)   Post Evacuate Collection Set: 0.17ms
[2026-06-17T10:02:35.082+0800][31.579s][info][gc,phases      ] GC(1138)   Other: 2.39ms
[2026-06-17T10:02:35.082+0800][31.579s][info][gc,heap        ] GC(1138) Eden regions: 10->0(10)
[2026-06-17T10:02:35.082+0800][31.579s][info][gc,heap        ] GC(1138) Survivor regions: 3->2(2)
[2026-06-17T10:02:35.082+0800][31.579s][info][gc,heap        ] GC(1138) Old regions: 29->31
[2026-06-17T10:02:35.082+0800][31.579s][info][gc,heap        ] GC(1138) Humongous regions: 10->10
[2026-06-17T10:02:35.083+0800][31.579s][info][gc,metaspace   ] GC(1138) Metaspace: 113K(320K)->113K(320K) NonClass: 105K(192K)->105K(192K) Class: 7K(128K)->7K(128K)
[2026-06-17T10:02:35.083+0800][31.580s][info][gc             ] GC(1138) Pause Young (Concurrent Start) (G1 Evacuation Pause) 51M->42M(64M) 6.487ms
[2026-06-17T10:02:35.083+0800][31.580s][info][gc,cpu         ] GC(1138) User=0.00s Sys=0.00s Real=0.01s
[2026-06-17T10:02:35.083+0800][31.580s][info][gc             ] GC(1139) Concurrent Mark Cycle
[2026-06-17T10:02:35.083+0800][31.580s][info][gc,marking     ] GC(1139) Concurrent Scan Root Regions
[2026-06-17T10:02:35.083+0800][31.580s][info][gc,marking     ] GC(1139) Concurrent Scan Root Regions 0.212ms
[2026-06-17T10:02:35.083+0800][31.580s][info][gc,marking     ] GC(1139) Concurrent Mark
[2026-06-17T10:02:35.083+0800][31.580s][info][gc,marking     ] GC(1139) Concurrent Mark From Roots
[2026-06-17T10:02:35.084+0800][31.580s][info][gc,task        ] GC(1139) Using 5 workers of 5 for marking
[2026-06-17T10:02:35.085+0800][31.582s][info][gc,marking     ] GC(1139) Concurrent Mark From Roots 1.426ms
[2026-06-17T10:02:35.085+0800][31.582s][info][gc,marking     ] GC(1139) Concurrent Preclean
[2026-06-17T10:02:35.086+0800][31.583s][info][gc,marking     ] GC(1139) Concurrent Preclean 0.309ms
[2026-06-17T10:02:35.086+0800][31.583s][info][gc,start       ] GC(1139) Pause Remark
[2026-06-17T10:02:35.087+0800][31.584s][info][gc             ] GC(1139) Pause Remark 47M->40M(64M) 1.105ms
[2026-06-17T10:02:35.087+0800][31.584s][info][gc,cpu         ] GC(1139) User=0.00s Sys=0.00s Real=0.00s
[2026-06-17T10:02:35.087+0800][31.584s][info][gc,marking     ] GC(1139) Concurrent Mark 4.105ms
[2026-06-17T10:02:35.088+0800][31.584s][info][gc,marking     ] GC(1139) Concurrent Rebuild Remembered Sets and Scrub Regions
[2026-06-17T10:02:35.088+0800][31.585s][info][gc,marking     ] GC(1139) Concurrent Rebuild Remembered Sets and Scrub Regions 0.436ms
[2026-06-17T10:02:35.088+0800][31.585s][info][gc,start       ] GC(1139) Pause Cleanup
[2026-06-17T10:02:35.088+0800][31.585s][info][gc             ] GC(1139) Pause Cleanup 40M->40M(64M) 0.214ms
[2026-06-17T10:02:35.089+0800][31.585s][info][gc,cpu         ] GC(1139) User=0.00s Sys=0.00s Real=0.00s
[2026-06-17T10:02:35.089+0800][31.586s][info][gc,marking     ] GC(1139) Concurrent Clear Claimed Marks
[2026-06-17T10:02:35.089+0800][31.586s][info][gc,marking     ] GC(1139) Concurrent Clear Claimed Marks 0.087ms
[2026-06-17T10:02:35.089+0800][31.586s][info][gc,marking     ] GC(1139) Concurrent Cleanup for Next Mark
[2026-06-17T10:02:35.089+0800][31.586s][info][gc,marking     ] GC(1139) Concurrent Cleanup for Next Mark 0.149ms
[2026-06-17T10:02:35.089+0800][31.586s][info][gc             ] GC(1139) Concurrent Mark Cycle 6.226ms
[2026-06-17T10:02:35.104+0800][31.601s][info][gc,start       ] GC(1140) Pause Young (Prepare Mixed) (G1 Evacuation Pause)
[2026-06-17T10:02:35.104+0800][31.601s][info][gc,task        ] GC(1140) Using 2 workers of 18 for evacuation
[2026-06-17T10:02:35.105+0800][31.602s][info][gc,phases      ] GC(1140)   Pre Evacuate Collection Set: 0.12ms
[2026-06-17T10:02:35.105+0800][31.602s][info][gc,phases      ] GC(1140)   Merge Heap Roots: 0.05ms
[2026-06-17T10:02:35.106+0800][31.602s][info][gc,phases      ] GC(1140)   Evacuate Collection Set: 0.38ms
[2026-06-17T10:02:35.106+0800][31.603s][info][gc,phases      ] GC(1140)   Post Evacuate Collection Set: 0.18ms
[2026-06-17T10:02:35.106+0800][31.603s][info][gc,phases      ] GC(1140)   Other: 0.20ms
[2026-06-17T10:02:35.106+0800][31.603s][info][gc,heap        ] GC(1140) Eden regions: 10->0(11)
[2026-06-17T10:02:35.106+0800][31.603s][info][gc,heap        ] GC(1140) Survivor regions: 2->2(2)
[2026-06-17T10:02:35.106+0800][31.603s][info][gc,heap        ] GC(1140) Old regions: 24->28
[2026-06-17T10:02:35.106+0800][31.603s][info][gc,heap        ] GC(1140) Humongous regions: 10->10
[2026-06-17T10:02:35.106+0800][31.603s][info][gc,metaspace   ] GC(1140) Metaspace: 113K(320K)->113K(320K) NonClass: 105K(192K)->105K(192K) Class: 7K(128K)->7K(128K)
[2026-06-17T10:02:35.106+0800][31.603s][info][gc             ] GC(1140) Pause Young (Prepare Mixed) (G1 Evacuation Pause) 45M->39M(64M) 2.155ms
[2026-06-17T10:02:35.106+0800][31.603s][info][gc,cpu         ] GC(1140) User=0.00s Sys=0.00s Real=0.00s
[2026-06-17T10:02:35.138+0800][31.635s][info][gc,start       ] GC(1141) Pause Young (Mixed) (G1 Evacuation Pause)
[2026-06-17T10:02:35.142+0800][31.638s][info][gc,task        ] GC(1141) Using 2 workers of 18 for evacuation
[2026-06-17T10:02:35.147+0800][31.644s][info][gc,phases      ] GC(1141)   Pre Evacuate Collection Set: 0.13ms
[2026-06-17T10:02:35.167+0800][31.664s][info][gc,phases      ] GC(1141)   Merge Heap Roots: 0.05ms
[2026-06-17T10:02:35.167+0800][31.664s][info][gc,phases      ] GC(1141)   Evacuate Collection Set: 0.33ms
[2026-06-17T10:02:35.167+0800][31.664s][info][gc,phases      ] GC(1141)   Post Evacuate Collection Set: 0.21ms
[2026-06-17T10:02:35.168+0800][31.664s][info][gc,phases      ] GC(1141)   Other: 4.99ms
[2026-06-17T10:02:35.168+0800][31.665s][info][gc,heap        ] GC(1141) Eden regions: 11->0(14)
[2026-06-17T10:02:35.168+0800][31.665s][info][gc,heap        ] GC(1141) Survivor regions: 2->2(2)
[2026-06-17T10:02:35.168+0800][31.665s][info][gc,heap        ] GC(1141) Old regions: 28->24
[2026-06-17T10:02:35.169+0800][31.666s][info][gc,heap        ] GC(1141) Humongous regions: 10->10
[2026-06-17T10:02:35.169+0800][31.666s][info][gc,metaspace   ] GC(1141) Metaspace: 113K(320K)->113K(320K) NonClass: 105K(192K)->105K(192K) Class: 7K(128K)->7K(128K)
[2026-06-17T10:02:35.169+0800][31.666s][info][gc             ] GC(1141) Pause Young (Mixed) (G1 Evacuation Pause) 50M->35M(64M) 31.183ms
[2026-06-17T10:02:35.170+0800][31.667s][info][gc,cpu         ] GC(1141) User=0.00s Sys=0.01s Real=0.03s
[2026-06-17T10:02:35.202+0800][31.699s][info][gc,start       ] GC(1142) Pause Young (Mixed) (G1 Evacuation Pause)
[2026-06-17T10:02:35.205+0800][31.702s][info][gc,task        ] GC(1142) Using 2 workers of 18 for evacuation
[2026-06-17T10:02:35.214+0800][31.711s][info][gc,phases      ] GC(1142)   Pre Evacuate Collection Set: 0.22ms
[2026-06-17T10:02:35.217+0800][31.714s][info][gc,phases      ] GC(1142)   Merge Heap Roots: 0.05ms
[2026-06-17T10:02:35.223+0800][31.720s][info][gc,phases      ] GC(1142)   Evacuate Collection Set: 0.59ms
[2026-06-17T10:02:35.225+0800][31.722s][info][gc,phases      ] GC(1142)   Post Evacuate Collection Set: 0.17ms
[2026-06-17T10:02:35.225+0800][31.722s][info][gc,phases      ] GC(1142)   Other: 7.43ms
[2026-06-17T10:02:35.230+0800][31.727s][info][gc,heap        ] GC(1142) Eden regions: 14->0(13)
[2026-06-17T10:02:35.236+0800][31.733s][info][gc,heap        ] GC(1142) Survivor regions: 2->2(2)
[2026-06-17T10:02:35.242+0800][31.739s][info][gc,heap        ] GC(1142) Old regions: 24->25
[2026-06-17T10:02:35.244+0800][31.741s][info][gc,heap        ] GC(1142) Humongous regions: 12->12
[2026-06-17T10:02:35.245+0800][31.742s][info][gc,metaspace   ] GC(1142) Metaspace: 113K(320K)->113K(320K) NonClass: 105K(192K)->105K(192K) Class: 7K(128K)->7K(128K)
[2026-06-17T10:02:35.247+0800][31.744s][info][gc             ] GC(1142) Pause Young (Mixed) (G1 Evacuation Pause) 51M->38M(64M) 44.404ms
[2026-06-17T10:02:35.249+0800][31.746s][info][gc,cpu         ] GC(1142) User=0.00s Sys=0.00s Real=0.05s
[2026-06-17T10:02:35.283+0800][31.780s][info][gc,start       ] GC(1143) Pause Young (Normal) (G1 Evacuation Pause)
[2026-06-17T10:02:35.284+0800][31.781s][info][gc,task        ] GC(1143) Using 2 workers of 18 for evacuation
[2026-06-17T10:02:35.285+0800][31.782s][info][gc,phases      ] GC(1143)   Pre Evacuate Collection Set: 0.15ms
[2026-06-17T10:02:35.285+0800][31.782s][info][gc,phases      ] GC(1143)   Merge Heap Roots: 0.04ms
[2026-06-17T10:02:35.285+0800][31.782s][info][gc,phases      ] GC(1143)   Evacuate Collection Set: 0.40ms
[2026-06-17T10:02:35.285+0800][31.782s][info][gc,phases      ] GC(1143)   Post Evacuate Collection Set: 0.31ms
[2026-06-17T10:02:35.286+0800][31.782s][info][gc,phases      ] GC(1143)   Other: 0.24ms
[2026-06-17T10:02:35.286+0800][31.783s][info][gc,heap        ] GC(1143) Eden regions: 13->0(10)
[2026-06-17T10:02:35.286+0800][31.783s][info][gc,heap        ] GC(1143) Survivor regions: 2->2(2)
[2026-06-17T10:02:35.286+0800][31.783s][info][gc,heap        ] GC(1143) Old regions: 25->29
[2026-06-17T10:02:35.286+0800][31.783s][info][gc,heap        ] GC(1143) Humongous regions: 12->12
[2026-06-17T10:02:35.286+0800][31.783s][info][gc,metaspace   ] GC(1143) Metaspace: 113K(320K)->113K(320K) NonClass: 105K(192K)->105K(192K) Class: 7K(128K)->7K(128K)
[2026-06-17T10:02:35.286+0800][31.783s][info][gc             ] GC(1143) Pause Young (Normal) (G1 Evacuation Pause) 51M->42M(64M) 2.953ms
[2026-06-17T10:02:35.286+0800][31.783s][info][gc,cpu         ] GC(1143) User=0.00s Sys=0.00s Real=0.00s
[2026-06-17T10:02:35.318+0800][31.815s][info][gc,start       ] GC(1144) Pause Young (Concurrent Start) (G1 Evacuation Pause)
[2026-06-17T10:02:35.318+0800][31.815s][info][gc,task        ] GC(1144) Using 2 workers of 18 for evacuation
[2026-06-17T10:02:35.319+0800][31.816s][info][gc,phases      ] GC(1144)   Pre Evacuate Collection Set: 0.16ms
[2026-06-17T10:02:35.320+0800][31.817s][info][gc,phases      ] GC(1144)   Merge Heap Roots: 0.04ms
[2026-06-17T10:02:35.320+0800][31.817s][info][gc,phases      ] GC(1144)   Evacuate Collection Set: 0.30ms
[2026-06-17T10:02:35.320+0800][31.817s][info][gc,phases      ] GC(1144)   Post Evacuate Collection Set: 0.16ms
[2026-06-17T10:02:35.320+0800][31.817s][info][gc,phases      ] GC(1144)   Other: 0.44ms
[2026-06-17T10:02:35.320+0800][31.817s][info][gc,heap        ] GC(1144) Eden regions: 10->0(9)
[2026-06-17T10:02:35.320+0800][31.817s][info][gc,heap        ] GC(1144) Survivor regions: 2->2(2)
[2026-06-17T10:02:35.320+0800][31.817s][info][gc,heap        ] GC(1144) Old regions: 29->31
[2026-06-17T10:02:35.321+0800][31.817s][info][gc,heap        ] GC(1144) Humongous regions: 12->12
[2026-06-17T10:02:35.321+0800][31.818s][info][gc,metaspace   ] GC(1144) Metaspace: 113K(320K)->113K(320K) NonClass: 105K(192K)->105K(192K) Class: 7K(128K)->7K(128K)
[2026-06-17T10:02:35.321+0800][31.818s][info][gc             ] GC(1144) Pause Young (Concurrent Start) (G1 Evacuation Pause) 52M->44M(64M) 3.222ms
[2026-06-17T10:02:35.322+0800][31.819s][info][gc,cpu         ] GC(1144) User=0.00s Sys=0.00s Real=0.00s
[2026-06-17T10:02:35.322+0800][31.819s][info][gc             ] GC(1145) Concurrent Mark Cycle
[2026-06-17T10:02:35.322+0800][31.819s][info][gc,marking     ] GC(1145) Concurrent Scan Root Regions
[2026-06-17T10:02:35.323+0800][31.819s][info][gc,marking     ] GC(1145) Concurrent Scan Root Regions 0.306ms
[2026-06-17T10:02:35.323+0800][31.820s][info][gc,marking     ] GC(1145) Concurrent Mark
[2026-06-17T10:02:35.323+0800][31.820s][info][gc,marking     ] GC(1145) Concurrent Mark From Roots
[2026-06-17T10:02:35.323+0800][31.820s][info][gc,task        ] GC(1145) Using 5 workers of 5 for marking
[2026-06-17T10:02:35.325+0800][31.822s][info][gc,marking     ] GC(1145) Concurrent Mark From Roots 1.663ms
[2026-06-17T10:02:35.325+0800][31.822s][info][gc,marking     ] GC(1145) Concurrent Preclean
[2026-06-17T10:02:35.325+0800][31.822s][info][gc,marking     ] GC(1145) Concurrent Preclean 0.085ms
[2026-06-17T10:02:35.325+0800][31.822s][info][gc,start       ] GC(1145) Pause Remark
[2026-06-17T10:02:35.326+0800][31.822s][info][gc             ] GC(1145) Pause Remark 47M->41M(64M) 0.434ms
[2026-06-17T10:02:35.326+0800][31.823s][info][gc,cpu         ] GC(1145) User=0.00s Sys=0.00s Real=0.00s
[2026-06-17T10:02:35.326+0800][31.823s][info][gc,marking     ] GC(1145) Concurrent Mark 3.043ms
[2026-06-17T10:02:35.326+0800][31.823s][info][gc,marking     ] GC(1145) Concurrent Rebuild Remembered Sets and Scrub Regions
[2026-06-17T10:02:35.326+0800][31.823s][info][gc,marking     ] GC(1145) Concurrent Rebuild Remembered Sets and Scrub Regions 0.465ms
[2026-06-17T10:02:35.327+0800][31.824s][info][gc,start       ] GC(1145) Pause Cleanup
[2026-06-17T10:02:35.327+0800][31.824s][info][gc             ] GC(1145) Pause Cleanup 41M->41M(64M) 0.214ms
[2026-06-17T10:02:35.327+0800][31.824s][info][gc,cpu         ] GC(1145) User=0.00s Sys=0.00s Real=0.00s
[2026-06-17T10:02:35.327+0800][31.824s][info][gc,marking     ] GC(1145) Concurrent Clear Claimed Marks
[2026-06-17T10:02:35.327+0800][31.824s][info][gc,marking     ] GC(1145) Concurrent Clear Claimed Marks 0.108ms
[2026-06-17T10:02:35.327+0800][31.824s][info][gc,marking     ] GC(1145) Concurrent Cleanup for Next Mark
[2026-06-17T10:02:35.328+0800][31.825s][info][gc,marking     ] GC(1145) Concurrent Cleanup for Next Mark 0.349ms
[2026-06-17T10:02:35.328+0800][31.825s][info][gc             ] GC(1145) Concurrent Mark Cycle 6.043ms
[2026-06-17T10:02:35.343+0800][31.840s][info][gc,start       ] GC(1146) Pause Young (Prepare Mixed) (G1 Evacuation Pause)
[2026-06-17T10:02:35.344+0800][31.841s][info][gc,task        ] GC(1146) Using 2 workers of 18 for evacuation
[2026-06-17T10:02:35.344+0800][31.841s][info][gc,phases      ] GC(1146)   Pre Evacuate Collection Set: 0.10ms
[2026-06-17T10:02:35.345+0800][31.841s][info][gc,phases      ] GC(1146)   Merge Heap Roots: 0.05ms
[2026-06-17T10:02:35.345+0800][31.842s][info][gc,phases      ] GC(1146)   Evacuate Collection Set: 0.34ms
[2026-06-17T10:02:35.345+0800][31.842s][info][gc,phases      ] GC(1146)   Post Evacuate Collection Set: 0.16ms
[2026-06-17T10:02:35.346+0800][31.843s][info][gc,phases      ] GC(1146)   Other: 0.14ms
[2026-06-17T10:02:35.346+0800][31.843s][info][gc,heap        ] GC(1146) Eden regions: 9->0(12)
[2026-06-17T10:02:35.346+0800][31.843s][info][gc,heap        ] GC(1146) Survivor regions: 2->2(2)
[2026-06-17T10:02:35.346+0800][31.843s][info][gc,heap        ] GC(1146) Old regions: 25->27
[2026-06-17T10:02:35.346+0800][31.843s][info][gc,heap        ] GC(1146) Humongous regions: 12->12
[2026-06-17T10:02:35.346+0800][31.843s][info][gc,metaspace   ] GC(1146) Metaspace: 113K(320K)->113K(320K) NonClass: 105K(192K)->105K(192K) Class: 7K(128K)->7K(128K)
[2026-06-17T10:02:35.346+0800][31.843s][info][gc             ] GC(1146) Pause Young (Prepare Mixed) (G1 Evacuation Pause) 47M->40M(64M) 3.198ms
[2026-06-17T10:02:35.347+0800][31.843s][info][gc,cpu         ] GC(1146) User=0.00s Sys=0.01s Real=0.00s
[2026-06-17T10:02:35.378+0800][31.875s][info][gc,start       ] GC(1147) Pause Young (Mixed) (G1 Evacuation Pause)
[2026-06-17T10:02:35.379+0800][31.876s][info][gc,task        ] GC(1147) Using 2 workers of 18 for evacuation
[2026-06-17T10:02:35.380+0800][31.877s][info][gc,phases      ] GC(1147)   Pre Evacuate Collection Set: 0.14ms
[2026-06-17T10:02:35.380+0800][31.877s][info][gc,phases      ] GC(1147)   Merge Heap Roots: 0.04ms
[2026-06-17T10:02:35.381+0800][31.877s][info][gc,phases      ] GC(1147)   Evacuate Collection Set: 0.40ms
[2026-06-17T10:02:35.381+0800][31.878s][info][gc,phases      ] GC(1147)   Post Evacuate Collection Set: 0.17ms
[2026-06-17T10:02:35.381+0800][31.878s][info][gc,phases      ] GC(1147)   Other: 0.26ms
[2026-06-17T10:02:35.381+0800][31.878s][info][gc,heap        ] GC(1147) Eden regions: 12->0(15)
[2026-06-17T10:02:35.381+0800][31.878s][info][gc,heap        ] GC(1147) Survivor regions: 2->2(2)
[2026-06-17T10:02:35.381+0800][31.878s][info][gc,heap        ] GC(1147) Old regions: 27->24
[2026-06-17T10:02:35.381+0800][31.878s][info][gc,heap        ] GC(1147) Humongous regions: 12->12
[2026-06-17T10:02:35.381+0800][31.878s][info][gc,metaspace   ] GC(1147) Metaspace: 113K(320K)->113K(320K) NonClass: 105K(192K)->105K(192K) Class: 7K(128K)->7K(128K)
[2026-06-17T10:02:35.381+0800][31.878s][info][gc             ] GC(1147) Pause Young (Mixed) (G1 Evacuation Pause) 52M->37M(64M) 3.404ms
[2026-06-17T10:02:35.382+0800][31.878s][info][gc,cpu         ] GC(1147) User=0.00s Sys=0.00s Real=0.00s
[2026-06-17T10:02:35.413+0800][31.910s][info][gc,start       ] GC(1148) Pause Young (Mixed) (G1 Evacuation Pause)
[2026-06-17T10:02:35.414+0800][31.911s][info][gc,task        ] GC(1148) Using 2 workers of 18 for evacuation
[2026-06-17T10:02:35.415+0800][31.912s][info][gc,phases      ] GC(1148)   Pre Evacuate Collection Set: 0.15ms
[2026-06-17T10:02:35.416+0800][31.912s][info][gc,phases      ] GC(1148)   Merge Heap Roots: 0.08ms
[2026-06-17T10:02:35.416+0800][31.913s][info][gc,phases      ] GC(1148)   Evacuate Collection Set: 0.66ms
[2026-06-17T10:02:35.416+0800][31.913s][info][gc,phases      ] GC(1148)   Post Evacuate Collection Set: 0.22ms
[2026-06-17T10:02:35.416+0800][31.913s][info][gc,phases      ] GC(1148)   Other: 0.37ms
[2026-06-17T10:02:35.416+0800][31.913s][info][gc,heap        ] GC(1148) Eden regions: 15->0(11)
[2026-06-17T10:02:35.416+0800][31.913s][info][gc,heap        ] GC(1148) Survivor regions: 2->3(3)
[2026-06-17T10:02:35.416+0800][31.913s][info][gc,heap        ] GC(1148) Old regions: 24->26
[2026-06-17T10:02:35.416+0800][31.913s][info][gc,heap        ] GC(1148) Humongous regions: 12->12
[2026-06-17T10:02:35.416+0800][31.913s][info][gc,metaspace   ] GC(1148) Metaspace: 113K(320K)->113K(320K) NonClass: 105K(192K)->105K(192K) Class: 7K(128K)->7K(128K)
[2026-06-17T10:02:35.416+0800][31.913s][info][gc             ] GC(1148) Pause Young (Mixed) (G1 Evacuation Pause) 52M->40M(64M) 3.108ms
[2026-06-17T10:02:35.416+0800][31.913s][info][gc,cpu         ] GC(1148) User=0.00s Sys=0.00s Real=0.00s
[2026-06-17T10:02:35.448+0800][31.945s][info][gc,start       ] GC(1149) Pause Young (Normal) (G1 Evacuation Pause)
[2026-06-17T10:02:35.449+0800][31.946s][info][gc,task        ] GC(1149) Using 2 workers of 18 for evacuation
[2026-06-17T10:02:35.450+0800][31.947s][info][gc,phases      ] GC(1149)   Pre Evacuate Collection Set: 0.15ms
[2026-06-17T10:02:35.451+0800][31.948s][info][gc,phases      ] GC(1149)   Merge Heap Roots: 0.04ms
[2026-06-17T10:02:35.451+0800][31.948s][info][gc,phases      ] GC(1149)   Evacuate Collection Set: 0.43ms
[2026-06-17T10:02:35.451+0800][31.948s][info][gc,phases      ] GC(1149)   Post Evacuate Collection Set: 0.19ms
[2026-06-17T10:02:35.451+0800][31.948s][info][gc,phases      ] GC(1149)   Other: 0.27ms
[2026-06-17T10:02:35.451+0800][31.948s][info][gc,heap        ] GC(1149) Eden regions: 11->0(8)
[2026-06-17T10:02:35.451+0800][31.948s][info][gc,heap        ] GC(1149) Survivor regions: 3->2(2)
[2026-06-17T10:02:35.451+0800][31.948s][info][gc,heap        ] GC(1149) Old regions: 26->30
[2026-06-17T10:02:35.451+0800][31.948s][info][gc,heap        ] GC(1149) Humongous regions: 13->13
[2026-06-17T10:02:35.452+0800][31.948s][info][gc,metaspace   ] GC(1149) Metaspace: 113K(320K)->113K(320K) NonClass: 105K(192K)->105K(192K) Class: 7K(128K)->7K(128K)
[2026-06-17T10:02:35.452+0800][31.949s][info][gc             ] GC(1149) Pause Young (Normal) (G1 Evacuation Pause) 52M->44M(64M) 3.426ms
[2026-06-17T10:02:35.452+0800][31.949s][info][gc,cpu         ] GC(1149) User=0.00s Sys=0.00s Real=0.01s
[2026-06-17T10:02:35.473+0800][31.970s][info][gc,start       ] GC(1150) Pause Young (Concurrent Start) (G1 Evacuation Pause)
[2026-06-17T10:02:35.473+0800][31.970s][info][gc,task        ] GC(1150) Using 2 workers of 18 for evacuation
[2026-06-17T10:02:35.474+0800][31.971s][info][gc,phases      ] GC(1150)   Pre Evacuate Collection Set: 0.15ms
[2026-06-17T10:02:35.475+0800][31.971s][info][gc,phases      ] GC(1150)   Merge Heap Roots: 0.06ms
[2026-06-17T10:02:35.475+0800][31.972s][info][gc,phases      ] GC(1150)   Evacuate Collection Set: 0.35ms
[2026-06-17T10:02:35.475+0800][31.972s][info][gc,phases      ] GC(1150)   Post Evacuate Collection Set: 0.19ms
[2026-06-17T10:02:35.475+0800][31.972s][info][gc,phases      ] GC(1150)   Other: 0.34ms
[2026-06-17T10:02:35.475+0800][31.972s][info][gc,heap        ] GC(1150) Eden regions: 8->0(6)
[2026-06-17T10:02:35.475+0800][31.972s][info][gc,heap        ] GC(1150) Survivor regions: 2->2(2)
[2026-06-17T10:02:35.475+0800][31.972s][info][gc,heap        ] GC(1150) Old regions: 30->33
[2026-06-17T10:02:35.475+0800][31.972s][info][gc,heap        ] GC(1150) Humongous regions: 13->13
[2026-06-17T10:02:35.475+0800][31.972s][info][gc,metaspace   ] GC(1150) Metaspace: 113K(320K)->113K(320K) NonClass: 105K(192K)->105K(192K) Class: 7K(128K)->7K(128K)
[2026-06-17T10:02:35.476+0800][31.972s][info][gc             ] GC(1150) Pause Young (Concurrent Start) (G1 Evacuation Pause) 52M->46M(64M) 2.639ms
[2026-06-17T10:02:35.476+0800][31.973s][info][gc,cpu         ] GC(1150) User=0.00s Sys=0.00s Real=0.00s
[2026-06-17T10:02:35.476+0800][31.973s][info][gc             ] GC(1151) Concurrent Mark Cycle
[2026-06-17T10:02:35.476+0800][31.973s][info][gc,marking     ] GC(1151) Concurrent Scan Root Regions
[2026-06-17T10:02:35.476+0800][31.973s][info][gc,marking     ] GC(1151) Concurrent Scan Root Regions 0.159ms
[2026-06-17T10:02:35.476+0800][31.973s][info][gc,marking     ] GC(1151) Concurrent Mark
[2026-06-17T10:02:35.476+0800][31.973s][info][gc,marking     ] GC(1151) Concurrent Mark From Roots
[2026-06-17T10:02:35.476+0800][31.973s][info][gc,task        ] GC(1151) Using 5 workers of 5 for marking
[2026-06-17T10:02:35.478+0800][31.975s][info][gc,marking     ] GC(1151) Concurrent Mark From Roots 1.525ms
[2026-06-17T10:02:35.478+0800][31.975s][info][gc,marking     ] GC(1151) Concurrent Preclean
[2026-06-17T10:02:35.478+0800][31.975s][info][gc,marking     ] GC(1151) Concurrent Preclean 0.132ms
[2026-06-17T10:02:35.478+0800][31.975s][info][gc,start       ] GC(1151) Pause Remark
[2026-06-17T10:02:35.479+0800][31.976s][info][gc             ] GC(1151) Pause Remark 49M->39M(64M) 0.593ms
[2026-06-17T10:02:35.479+0800][31.976s][info][gc,cpu         ] GC(1151) User=0.00s Sys=0.00s Real=0.00s
[2026-06-17T10:02:35.479+0800][31.976s][info][gc,marking     ] GC(1151) Concurrent Mark 3.091ms
[2026-06-17T10:02:35.479+0800][31.976s][info][gc,marking     ] GC(1151) Concurrent Rebuild Remembered Sets and Scrub Regions
[2026-06-17T10:02:35.480+0800][31.977s][info][gc,marking     ] GC(1151) Concurrent Rebuild Remembered Sets and Scrub Regions 0.470ms
[2026-06-17T10:02:35.480+0800][31.977s][info][gc,start       ] GC(1151) Pause Cleanup
[2026-06-17T10:02:35.480+0800][31.977s][info][gc             ] GC(1151) Pause Cleanup 39M->39M(64M) 0.179ms
[2026-06-17T10:02:35.480+0800][31.977s][info][gc,cpu         ] GC(1151) User=0.00s Sys=0.00s Real=0.00s
[2026-06-17T10:02:35.480+0800][31.977s][info][gc,marking     ] GC(1151) Concurrent Clear Claimed Marks
[2026-06-17T10:02:35.480+0800][31.977s][info][gc,marking     ] GC(1151) Concurrent Clear Claimed Marks 0.070ms
[2026-06-17T10:02:35.480+0800][31.977s][info][gc,marking     ] GC(1151) Concurrent Cleanup for Next Mark
[2026-06-17T10:02:35.481+0800][31.977s][info][gc,marking     ] GC(1151) Concurrent Cleanup for Next Mark 0.150ms
[2026-06-17T10:02:35.481+0800][31.978s][info][gc             ] GC(1151) Concurrent Mark Cycle 5.007ms
[2026-06-17T10:02:35.497+0800][31.993s][info][gc,start       ] GC(1152) Pause Young (Prepare Mixed) (G1 Evacuation Pause)
[2026-06-17T10:02:35.497+0800][31.994s][info][gc,task        ] GC(1152) Using 2 workers of 18 for evacuation
[2026-06-17T10:02:35.498+0800][31.995s][info][gc,phases      ] GC(1152)   Pre Evacuate Collection Set: 0.17ms
[2026-06-17T10:02:35.499+0800][31.995s][info][gc,phases      ] GC(1152)   Merge Heap Roots: 0.06ms
[2026-06-17T10:02:35.499+0800][31.996s][info][gc,phases      ] GC(1152)   Evacuate Collection Set: 0.25ms
[2026-06-17T10:02:35.499+0800][31.996s][info][gc,phases      ] GC(1152)   Post Evacuate Collection Set: 0.21ms
[2026-06-17T10:02:35.499+0800][31.996s][info][gc,phases      ] GC(1152)   Other: 0.39ms
[2026-06-17T10:02:35.499+0800][31.996s][info][gc,heap        ] GC(1152) Eden regions: 6->0(12)
[2026-06-17T10:02:35.499+0800][31.996s][info][gc,heap        ] GC(1152) Survivor regions: 2->1(1)
[2026-06-17T10:02:35.499+0800][31.996s][info][gc,heap        ] GC(1152) Old regions: 23->24
[2026-06-17T10:02:35.499+0800][31.996s][info][gc,heap        ] GC(1152) Humongous regions: 13->13
[2026-06-17T10:02:35.499+0800][31.996s][info][gc,metaspace   ] GC(1152) Metaspace: 113K(320K)->113K(320K) NonClass: 105K(192K)->105K(192K) Class: 7K(128K)->7K(128K)
[2026-06-17T10:02:35.499+0800][31.996s][info][gc             ] GC(1152) Pause Young (Prepare Mixed) (G1 Evacuation Pause) 42M->37M(64M) 2.722ms
[2026-06-17T10:02:35.499+0800][31.996s][info][gc,cpu         ] GC(1152) User=0.00s Sys=0.00s Real=0.00s
[2026-06-17T10:02:35.521+0800][32.018s][info][gc,start       ] GC(1153) Pause Young (Mixed) (G1 Evacuation Pause)
[2026-06-17T10:02:35.521+0800][32.018s][info][gc,task        ] GC(1153) Using 2 workers of 18 for evacuation
[2026-06-17T10:02:35.523+0800][32.020s][info][gc,phases      ] GC(1153)   Pre Evacuate Collection Set: 0.37ms
[2026-06-17T10:02:35.524+0800][32.020s][info][gc,phases      ] GC(1153)   Merge Heap Roots: 0.09ms
[2026-06-17T10:02:35.524+0800][32.021s][info][gc,phases      ] GC(1153)   Evacuate Collection Set: 0.70ms
[2026-06-17T10:02:35.524+0800][32.021s][info][gc,phases      ] GC(1153)   Post Evacuate Collection Set: 0.32ms
[2026-06-17T10:02:35.524+0800][32.021s][info][gc,phases      ] GC(1153)   Other: 0.31ms
[2026-06-17T10:02:35.524+0800][32.021s][info][gc,heap        ] GC(1153) Eden regions: 12->0(10)
[2026-06-17T10:02:35.524+0800][32.021s][info][gc,heap        ] GC(1153) Survivor regions: 1->2(2)
[2026-06-17T10:02:35.525+0800][32.021s][info][gc,heap        ] GC(1153) Old regions: 24->25
[2026-06-17T10:02:35.525+0800][32.022s][info][gc,heap        ] GC(1153) Humongous regions: 13->13
[2026-06-17T10:02:35.525+0800][32.022s][info][gc,metaspace   ] GC(1153) Metaspace: 113K(320K)->113K(320K) NonClass: 105K(192K)->105K(192K) Class: 7K(128K)->7K(128K)
[2026-06-17T10:02:35.525+0800][32.022s][info][gc             ] GC(1153) Pause Young (Mixed) (G1 Evacuation Pause) 49M->38M(64M) 3.952ms
[2026-06-17T10:02:35.525+0800][32.022s][info][gc,cpu         ] GC(1153) User=0.00s Sys=0.00s Real=0.01s
[2026-06-17T10:02:35.556+0800][32.053s][info][gc,start       ] GC(1154) Pause Young (Mixed) (G1 Evacuation Pause)
[2026-06-17T10:02:35.557+0800][32.054s][info][gc,task        ] GC(1154) Using 2 workers of 18 for evacuation
[2026-06-17T10:02:35.558+0800][32.055s][info][gc,phases      ] GC(1154)   Pre Evacuate Collection Set: 0.16ms
[2026-06-17T10:02:35.558+0800][32.055s][info][gc,phases      ] GC(1154)   Merge Heap Roots: 0.07ms
[2026-06-17T10:02:35.559+0800][32.056s][info][gc,phases      ] GC(1154)   Evacuate Collection Set: 0.36ms
[2026-06-17T10:02:35.559+0800][32.056s][info][gc,phases      ] GC(1154)   Post Evacuate Collection Set: 0.22ms
[2026-06-17T10:02:35.559+0800][32.056s][info][gc,phases      ] GC(1154)   Other: 0.29ms
[2026-06-17T10:02:35.560+0800][32.057s][info][gc,heap        ] GC(1154) Eden regions: 10->0(10)
[2026-06-17T10:02:35.560+0800][32.057s][info][gc,heap        ] GC(1154) Survivor regions: 2->2(2)
[2026-06-17T10:02:35.560+0800][32.057s][info][gc,heap        ] GC(1154) Old regions: 25->26
[2026-06-17T10:02:35.560+0800][32.057s][info][gc,heap        ] GC(1154) Humongous regions: 13->13
[2026-06-17T10:02:35.561+0800][32.058s][info][gc,metaspace   ] GC(1154) Metaspace: 113K(320K)->113K(320K) NonClass: 105K(192K)->105K(192K) Class: 7K(128K)->7K(128K)
[2026-06-17T10:02:35.561+0800][32.058s][info][gc             ] GC(1154) Pause Young (Mixed) (G1 Evacuation Pause) 48M->40M(64M) 4.460ms
[2026-06-17T10:02:35.561+0800][32.058s][info][gc,cpu         ] GC(1154) User=0.00s Sys=0.00s Real=0.00s
[2026-06-17T10:02:35.582+0800][32.079s][info][gc,start       ] GC(1155) Pause Young (Normal) (G1 Evacuation Pause)
[2026-06-17T10:02:35.583+0800][32.080s][info][gc,task        ] GC(1155) Using 2 workers of 18 for evacuation
[2026-06-17T10:02:35.584+0800][32.081s][info][gc,phases      ] GC(1155)   Pre Evacuate Collection Set: 0.14ms
[2026-06-17T10:02:35.584+0800][32.081s][info][gc,phases      ] GC(1155)   Merge Heap Roots: 0.05ms
[2026-06-17T10:02:35.584+0800][32.081s][info][gc,phases      ] GC(1155)   Evacuate Collection Set: 0.22ms
[2026-06-17T10:02:35.584+0800][32.081s][info][gc,phases      ] GC(1155)   Post Evacuate Collection Set: 0.17ms
[2026-06-17T10:02:35.584+0800][32.081s][info][gc,phases      ] GC(1155)   Other: 0.23ms
[2026-06-17T10:02:35.585+0800][32.082s][info][gc,heap        ] GC(1155) Eden regions: 10->0(11)
[2026-06-17T10:02:35.585+0800][32.082s][info][gc,heap        ] GC(1155) Survivor regions: 2->2(2)
[2026-06-17T10:02:35.585+0800][32.082s][info][gc,heap        ] GC(1155) Old regions: 26->27
[2026-06-17T10:02:35.585+0800][32.082s][info][gc,heap        ] GC(1155) Humongous regions: 13->13
[2026-06-17T10:02:35.585+0800][32.082s][info][gc,metaspace   ] GC(1155) Metaspace: 113K(320K)->113K(320K) NonClass: 105K(192K)->105K(192K) Class: 7K(128K)->7K(128K)
[2026-06-17T10:02:35.585+0800][32.082s][info][gc             ] GC(1155) Pause Young (Normal) (G1 Evacuation Pause) 50M->40M(64M) 2.834ms
[2026-06-17T10:02:35.585+0800][32.082s][info][gc,cpu         ] GC(1155) User=0.01s Sys=0.00s Real=0.00s
[2026-06-17T10:02:35.617+0800][32.114s][info][gc,start       ] GC(1156) Pause Young (Normal) (G1 Evacuation Pause)
[2026-06-17T10:02:35.617+0800][32.114s][info][gc,task        ] GC(1156) Using 2 workers of 18 for evacuation
[2026-06-17T10:02:35.619+0800][32.116s][info][gc,phases      ] GC(1156)   Pre Evacuate Collection Set: 0.28ms
[2026-06-17T10:02:35.619+0800][32.116s][info][gc,phases      ] GC(1156)   Merge Heap Roots: 0.12ms
[2026-06-17T10:02:35.620+0800][32.117s][info][gc,phases      ] GC(1156)   Evacuate Collection Set: 0.37ms
[2026-06-17T10:02:35.620+0800][32.117s][info][gc,phases      ] GC(1156)   Post Evacuate Collection Set: 0.32ms
[2026-06-17T10:02:35.620+0800][32.117s][info][gc,phases      ] GC(1156)   Other: 0.55ms
[2026-06-17T10:02:35.620+0800][32.117s][info][gc,heap        ] GC(1156) Eden regions: 11->0(11)
[2026-06-17T10:02:35.620+0800][32.117s][info][gc,heap        ] GC(1156) Survivor regions: 2->2(2)
[2026-06-17T10:02:35.621+0800][32.117s][info][gc,heap        ] GC(1156) Old regions: 27->28
[2026-06-17T10:02:35.621+0800][32.118s][info][gc,heap        ] GC(1156) Humongous regions: 13->13
[2026-06-17T10:02:35.621+0800][32.118s][info][gc,metaspace   ] GC(1156) Metaspace: 113K(320K)->113K(320K) NonClass: 105K(192K)->105K(192K) Class: 7K(128K)->7K(128K)
[2026-06-17T10:02:35.621+0800][32.118s][info][gc             ] GC(1156) Pause Young (Normal) (G1 Evacuation Pause) 51M->41M(64M) 4.302ms
[2026-06-17T10:02:35.621+0800][32.118s][info][gc,cpu         ] GC(1156) User=0.00s Sys=0.00s Real=0.00s
[2026-06-17T10:02:35.622+0800][32.118s][info][gc,start       ] GC(1157) Pause Young (Concurrent Start) (G1 Humongous Allocation)
[2026-06-17T10:02:35.622+0800][32.119s][info][gc,task        ] GC(1157) Using 2 workers of 18 for evacuation
[2026-06-17T10:02:35.622+0800][32.119s][info][gc,phases      ] GC(1157)   Pre Evacuate Collection Set: 0.12ms
[2026-06-17T10:02:35.623+0800][32.119s][info][gc,phases      ] GC(1157)   Merge Heap Roots: 0.04ms
[2026-06-17T10:02:35.623+0800][32.120s][info][gc,phases      ] GC(1157)   Evacuate Collection Set: 0.24ms
[2026-06-17T10:02:35.623+0800][32.120s][info][gc,phases      ] GC(1157)   Post Evacuate Collection Set: 0.16ms
[2026-06-17T10:02:35.623+0800][32.120s][info][gc,phases      ] GC(1157)   Other: 0.24ms
[2026-06-17T10:02:35.623+0800][32.120s][info][gc,heap        ] GC(1157) Eden regions: 3->0(7)
[2026-06-17T10:02:35.623+0800][32.120s][info][gc,heap        ] GC(1157) Survivor regions: 2->2(2)
[2026-06-17T10:02:35.623+0800][32.120s][info][gc,heap        ] GC(1157) Old regions: 28->30
[2026-06-17T10:02:35.623+0800][32.120s][info][gc,heap        ] GC(1157) Humongous regions: 13->13
[2026-06-17T10:02:35.623+0800][32.120s][info][gc,metaspace   ] GC(1157) Metaspace: 113K(320K)->113K(320K) NonClass: 105K(192K)->105K(192K) Class: 7K(128K)->7K(128K)
[2026-06-17T10:02:35.623+0800][32.120s][info][gc             ] GC(1157) Pause Young (Concurrent Start) (G1 Humongous Allocation) 43M->44M(64M) 1.780ms
[2026-06-17T10:02:35.623+0800][32.120s][info][gc,cpu         ] GC(1157) User=0.00s Sys=0.00s Real=0.01s
[2026-06-17T10:02:35.623+0800][32.120s][info][gc             ] GC(1158) Concurrent Mark Cycle
[2026-06-17T10:02:35.624+0800][32.121s][info][gc,marking     ] GC(1158) Concurrent Scan Root Regions
[2026-06-17T10:02:35.624+0800][32.121s][info][gc,marking     ] GC(1158) Concurrent Scan Root Regions 0.268ms
[2026-06-17T10:02:35.625+0800][32.122s][info][gc,marking     ] GC(1158) Concurrent Mark
[2026-06-17T10:02:35.625+0800][32.122s][info][gc,marking     ] GC(1158) Concurrent Mark From Roots
[2026-06-17T10:02:35.625+0800][32.122s][info][gc,task        ] GC(1158) Using 5 workers of 5 for marking
[2026-06-17T10:02:35.626+0800][32.123s][info][gc,marking     ] GC(1158) Concurrent Mark From Roots 1.389ms
[2026-06-17T10:02:35.626+0800][32.123s][info][gc,marking     ] GC(1158) Concurrent Preclean
[2026-06-17T10:02:35.627+0800][32.123s][info][gc,marking     ] GC(1158) Concurrent Preclean 0.101ms
[2026-06-17T10:02:35.627+0800][32.124s][info][gc,start       ] GC(1158) Pause Remark
[2026-06-17T10:02:35.627+0800][32.124s][info][gc             ] GC(1158) Pause Remark 46M->45M(64M) 0.515ms
[2026-06-17T10:02:35.627+0800][32.124s][info][gc,cpu         ] GC(1158) User=0.00s Sys=0.00s Real=0.00s
[2026-06-17T10:02:35.627+0800][32.124s][info][gc,marking     ] GC(1158) Concurrent Mark 2.715ms
[2026-06-17T10:02:35.628+0800][32.124s][info][gc,marking     ] GC(1158) Concurrent Rebuild Remembered Sets and Scrub Regions
[2026-06-17T10:02:35.628+0800][32.125s][info][gc,marking     ] GC(1158) Concurrent Rebuild Remembered Sets and Scrub Regions 0.428ms
[2026-06-17T10:02:35.628+0800][32.125s][info][gc,start       ] GC(1158) Pause Cleanup
[2026-06-17T10:02:35.628+0800][32.125s][info][gc             ] GC(1158) Pause Cleanup 45M->45M(64M) 0.170ms
[2026-06-17T10:02:35.628+0800][32.125s][info][gc,cpu         ] GC(1158) User=0.00s Sys=0.00s Real=0.00s
[2026-06-17T10:02:35.629+0800][32.125s][info][gc,marking     ] GC(1158) Concurrent Clear Claimed Marks
[2026-06-17T10:02:35.629+0800][32.126s][info][gc,marking     ] GC(1158) Concurrent Clear Claimed Marks 0.087ms
[2026-06-17T10:02:35.629+0800][32.126s][info][gc,marking     ] GC(1158) Concurrent Cleanup for Next Mark
[2026-06-17T10:02:35.629+0800][32.126s][info][gc,marking     ] GC(1158) Concurrent Cleanup for Next Mark 0.140ms
[2026-06-17T10:02:35.629+0800][32.126s][info][gc             ] GC(1158) Concurrent Mark Cycle 5.476ms
[2026-06-17T10:02:35.655+0800][32.152s][info][gc,start       ] GC(1159) Pause Young (Prepare Mixed) (G1 Evacuation Pause)
[2026-06-17T10:02:35.655+0800][32.152s][info][gc,task        ] GC(1159) Using 2 workers of 18 for evacuation
[2026-06-17T10:02:35.656+0800][32.153s][info][gc,phases      ] GC(1159)   Pre Evacuate Collection Set: 0.13ms
[2026-06-17T10:02:35.656+0800][32.153s][info][gc,phases      ] GC(1159)   Merge Heap Roots: 0.06ms
[2026-06-17T10:02:35.656+0800][32.153s][info][gc,phases      ] GC(1159)   Evacuate Collection Set: 0.20ms
[2026-06-17T10:02:35.656+0800][32.153s][info][gc,phases      ] GC(1159)   Post Evacuate Collection Set: 0.16ms
[2026-06-17T10:02:35.657+0800][32.153s][info][gc,phases      ] GC(1159)   Other: 0.24ms
[2026-06-17T10:02:35.657+0800][32.154s][info][gc,heap        ] GC(1159) Eden regions: 7->0(11)
[2026-06-17T10:02:35.657+0800][32.154s][info][gc,heap        ] GC(1159) Survivor regions: 2->1(2)
[2026-06-17T10:02:35.657+0800][32.154s][info][gc,heap        ] GC(1159) Old regions: 29->31
[2026-06-17T10:02:35.657+0800][32.154s][info][gc,heap        ] GC(1159) Humongous regions: 15->8
[2026-06-17T10:02:35.657+0800][32.154s][info][gc,metaspace   ] GC(1159) Metaspace: 113K(320K)->113K(320K) NonClass: 105K(192K)->105K(192K) Class: 7K(128K)->7K(128K)
[2026-06-17T10:02:35.657+0800][32.154s][info][gc             ] GC(1159) Pause Young (Prepare Mixed) (G1 Evacuation Pause) 52M->38M(64M) 2.578ms
[2026-06-17T10:02:35.657+0800][32.154s][info][gc,cpu         ] GC(1159) User=0.00s Sys=0.00s Real=0.00s
[2026-06-17T10:02:35.679+0800][32.176s][info][gc,start       ] GC(1160) Pause Young (Mixed) (G1 Evacuation Pause)
[2026-06-17T10:02:35.679+0800][32.176s][info][gc,task        ] GC(1160) Using 2 workers of 18 for evacuation
[2026-06-17T10:02:35.681+0800][32.178s][info][gc,phases      ] GC(1160)   Pre Evacuate Collection Set: 0.17ms
[2026-06-17T10:02:35.681+0800][32.178s][info][gc,phases      ] GC(1160)   Merge Heap Roots: 0.05ms
[2026-06-17T10:02:35.681+0800][32.178s][info][gc,phases      ] GC(1160)   Evacuate Collection Set: 0.51ms
[2026-06-17T10:02:35.681+0800][32.178s][info][gc,phases      ] GC(1160)   Post Evacuate Collection Set: 0.24ms
[2026-06-17T10:02:35.682+0800][32.178s][info][gc,phases      ] GC(1160)   Other: 0.37ms
[2026-06-17T10:02:35.682+0800][32.179s][info][gc,heap        ] GC(1160) Eden regions: 11->0(11)
[2026-06-17T10:02:35.682+0800][32.179s][info][gc,heap        ] GC(1160) Survivor regions: 1->2(2)
[2026-06-17T10:02:35.682+0800][32.179s][info][gc,heap        ] GC(1160) Old regions: 31->29
[2026-06-17T10:02:35.682+0800][32.179s][info][gc,heap        ] GC(1160) Humongous regions: 8->8
[2026-06-17T10:02:35.683+0800][32.179s][info][gc,metaspace   ] GC(1160) Metaspace: 113K(320K)->113K(320K) NonClass: 105K(192K)->105K(192K) Class: 7K(128K)->7K(128K)
[2026-06-17T10:02:35.683+0800][32.180s][info][gc             ] GC(1160) Pause Young (Mixed) (G1 Evacuation Pause) 49M->37M(64M) 3.897ms
[2026-06-17T10:02:35.683+0800][32.180s][info][gc,cpu         ] GC(1160) User=0.00s Sys=0.00s Real=0.01s
[2026-06-17T10:02:35.714+0800][32.211s][info][gc,start       ] GC(1161) Pause Young (Normal) (G1 Evacuation Pause)
[2026-06-17T10:02:35.715+0800][32.212s][info][gc,task        ] GC(1161) Using 2 workers of 18 for evacuation
[2026-06-17T10:02:35.716+0800][32.213s][info][gc,phases      ] GC(1161)   Pre Evacuate Collection Set: 0.16ms
[2026-06-17T10:02:35.716+0800][32.213s][info][gc,phases      ] GC(1161)   Merge Heap Roots: 0.06ms
[2026-06-17T10:02:35.717+0800][32.213s][info][gc,phases      ] GC(1161)   Evacuate Collection Set: 0.39ms
[2026-06-17T10:02:35.717+0800][32.214s][info][gc,phases      ] GC(1161)   Post Evacuate Collection Set: 0.37ms
[2026-06-17T10:02:35.717+0800][32.214s][info][gc,phases      ] GC(1161)   Other: 0.33ms
[2026-06-17T10:02:35.717+0800][32.214s][info][gc,heap        ] GC(1161) Eden regions: 11->0(10)
[2026-06-17T10:02:35.717+0800][32.214s][info][gc,heap        ] GC(1161) Survivor regions: 2->2(2)
[2026-06-17T10:02:35.717+0800][32.214s][info][gc,heap        ] GC(1161) Old regions: 29->31
[2026-06-17T10:02:35.717+0800][32.214s][info][gc,heap        ] GC(1161) Humongous regions: 8->8
[2026-06-17T10:02:35.718+0800][32.215s][info][gc,metaspace   ] GC(1161) Metaspace: 113K(320K)->113K(320K) NonClass: 105K(192K)->105K(192K) Class: 7K(128K)->7K(128K)
[2026-06-17T10:02:35.718+0800][32.215s][info][gc             ] GC(1161) Pause Young (Normal) (G1 Evacuation Pause) 48M->40M(64M) 3.651ms
[2026-06-17T10:02:35.718+0800][32.215s][info][gc,cpu         ] GC(1161) User=0.00s Sys=0.00s Real=0.00s
[2026-06-17T10:02:35.739+0800][32.236s][info][gc,start       ] GC(1162) Pause Young (Normal) (G1 Evacuation Pause)
[2026-06-17T10:02:35.740+0800][32.237s][info][gc,task        ] GC(1162) Using 2 workers of 18 for evacuation
[2026-06-17T10:02:35.741+0800][32.238s][info][gc,phases      ] GC(1162)   Pre Evacuate Collection Set: 0.16ms
[2026-06-17T10:02:35.741+0800][32.238s][info][gc,phases      ] GC(1162)   Merge Heap Roots: 0.05ms
[2026-06-17T10:02:35.742+0800][32.238s][info][gc,phases      ] GC(1162)   Evacuate Collection Set: 0.40ms
[2026-06-17T10:02:35.742+0800][32.238s][info][gc,phases      ] GC(1162)   Post Evacuate Collection Set: 0.25ms
[2026-06-17T10:02:35.742+0800][32.239s][info][gc,phases      ] GC(1162)   Other: 0.30ms
[2026-06-17T10:02:35.742+0800][32.239s][info][gc,heap        ] GC(1162) Eden regions: 10->0(9)
[2026-06-17T10:02:35.742+0800][32.239s][info][gc,heap        ] GC(1162) Survivor regions: 2->2(2)
[2026-06-17T10:02:35.742+0800][32.239s][info][gc,heap        ] GC(1162) Old regions: 31->34
[2026-06-17T10:02:35.742+0800][32.239s][info][gc,heap        ] GC(1162) Humongous regions: 8->8
[2026-06-17T10:02:35.742+0800][32.239s][info][gc,metaspace   ] GC(1162) Metaspace: 113K(320K)->113K(320K) NonClass: 105K(192K)->105K(192K) Class: 7K(128K)->7K(128K)
[2026-06-17T10:02:35.743+0800][32.239s][info][gc             ] GC(1162) Pause Young (Normal) (G1 Evacuation Pause) 50M->43M(64M) 3.355ms
[2026-06-17T10:02:35.743+0800][32.240s][info][gc,cpu         ] GC(1162) User=0.00s Sys=0.00s Real=0.01s
[2026-06-17T10:02:35.764+0800][32.261s][info][gc,start       ] GC(1163) Pause Young (Concurrent Start) (G1 Evacuation Pause)
[2026-06-17T10:02:35.764+0800][32.261s][info][gc,task        ] GC(1163) Using 2 workers of 18 for evacuation
[2026-06-17T10:02:35.766+0800][32.262s][info][gc,phases      ] GC(1163)   Pre Evacuate Collection Set: 0.22ms
[2026-06-17T10:02:35.766+0800][32.263s][info][gc,phases      ] GC(1163)   Merge Heap Roots: 0.05ms
[2026-06-17T10:02:35.766+0800][32.263s][info][gc,phases      ] GC(1163)   Evacuate Collection Set: 0.37ms
[2026-06-17T10:02:35.766+0800][32.263s][info][gc,phases      ] GC(1163)   Post Evacuate Collection Set: 0.23ms
[2026-06-17T10:02:35.766+0800][32.263s][info][gc,phases      ] GC(1163)   Other: 0.32ms
[2026-06-17T10:02:35.766+0800][32.263s][info][gc,heap        ] GC(1163) Eden regions: 9->0(7)
[2026-06-17T10:02:35.766+0800][32.263s][info][gc,heap        ] GC(1163) Survivor regions: 2->2(2)
[2026-06-17T10:02:35.766+0800][32.263s][info][gc,heap        ] GC(1163) Old regions: 34->37
[2026-06-17T10:02:35.767+0800][32.263s][info][gc,heap        ] GC(1163) Humongous regions: 8->8
[2026-06-17T10:02:35.767+0800][32.264s][info][gc,metaspace   ] GC(1163) Metaspace: 113K(320K)->113K(320K) NonClass: 105K(192K)->105K(192K) Class: 7K(128K)->7K(128K)
[2026-06-17T10:02:35.767+0800][32.264s][info][gc             ] GC(1163) Pause Young (Concurrent Start) (G1 Evacuation Pause) 52M->46M(64M) 2.822ms
[2026-06-17T10:02:35.767+0800][32.264s][info][gc,cpu         ] GC(1163) User=0.00s Sys=0.00s Real=0.00s
[2026-06-17T10:02:35.767+0800][32.264s][info][gc             ] GC(1164) Concurrent Mark Cycle
[2026-06-17T10:02:35.767+0800][32.264s][info][gc,marking     ] GC(1164) Concurrent Scan Root Regions
[2026-06-17T10:02:35.767+0800][32.264s][info][gc,marking     ] GC(1164) Concurrent Scan Root Regions 0.197ms
[2026-06-17T10:02:35.768+0800][32.264s][info][gc,marking     ] GC(1164) Concurrent Mark
[2026-06-17T10:02:35.768+0800][32.264s][info][gc,marking     ] GC(1164) Concurrent Mark From Roots
[2026-06-17T10:02:35.768+0800][32.265s][info][gc,task        ] GC(1164) Using 5 workers of 5 for marking
[2026-06-17T10:02:35.769+0800][32.266s][info][gc,marking     ] GC(1164) Concurrent Mark From Roots 1.425ms
[2026-06-17T10:02:35.769+0800][32.266s][info][gc,marking     ] GC(1164) Concurrent Preclean
[2026-06-17T10:02:35.770+0800][32.266s][info][gc,marking     ] GC(1164) Concurrent Preclean 0.338ms
[2026-06-17T10:02:35.770+0800][32.267s][info][gc,start       ] GC(1164) Pause Remark
[2026-06-17T10:02:35.770+0800][32.267s][info][gc             ] GC(1164) Pause Remark 48M->41M(64M) 0.482ms
[2026-06-17T10:02:35.771+0800][32.267s][info][gc,cpu         ] GC(1164) User=0.00s Sys=0.00s Real=0.01s
[2026-06-17T10:02:35.771+0800][32.268s][info][gc,marking     ] GC(1164) Concurrent Mark 3.154ms
[2026-06-17T10:02:35.771+0800][32.268s][info][gc,marking     ] GC(1164) Concurrent Rebuild Remembered Sets and Scrub Regions
[2026-06-17T10:02:35.771+0800][32.268s][info][gc,marking     ] GC(1164) Concurrent Rebuild Remembered Sets and Scrub Regions 0.537ms
[2026-06-17T10:02:35.772+0800][32.268s][info][gc,start       ] GC(1164) Pause Cleanup
[2026-06-17T10:02:35.772+0800][32.269s][info][gc             ] GC(1164) Pause Cleanup 41M->41M(64M) 0.168ms
[2026-06-17T10:02:35.772+0800][32.269s][info][gc,cpu         ] GC(1164) User=0.00s Sys=0.00s Real=0.00s
[2026-06-17T10:02:35.772+0800][32.269s][info][gc,marking     ] GC(1164) Concurrent Clear Claimed Marks
[2026-06-17T10:02:35.772+0800][32.269s][info][gc,marking     ] GC(1164) Concurrent Clear Claimed Marks 0.100ms
[2026-06-17T10:02:35.772+0800][32.269s][info][gc,marking     ] GC(1164) Concurrent Cleanup for Next Mark
[2026-06-17T10:02:35.772+0800][32.269s][info][gc,marking     ] GC(1164) Concurrent Cleanup for Next Mark 0.210ms
[2026-06-17T10:02:35.773+0800][32.269s][info][gc             ] GC(1164) Concurrent Mark Cycle 5.600ms
[2026-06-17T10:02:35.788+0800][32.285s][info][gc,start       ] GC(1165) Pause Young (Prepare Mixed) (G1 Evacuation Pause)
[2026-06-17T10:02:35.788+0800][32.285s][info][gc,task        ] GC(1165) Using 2 workers of 18 for evacuation
[2026-06-17T10:02:35.789+0800][32.286s][info][gc,phases      ] GC(1165)   Pre Evacuate Collection Set: 0.10ms
[2026-06-17T10:02:35.789+0800][32.286s][info][gc,phases      ] GC(1165)   Merge Heap Roots: 0.04ms
[2026-06-17T10:02:35.789+0800][32.286s][info][gc,phases      ] GC(1165)   Evacuate Collection Set: 0.29ms
[2026-06-17T10:02:35.789+0800][32.286s][info][gc,phases      ] GC(1165)   Post Evacuate Collection Set: 0.21ms
[2026-06-17T10:02:35.790+0800][32.286s][info][gc,phases      ] GC(1165)   Other: 0.21ms
[2026-06-17T10:02:35.790+0800][32.287s][info][gc,heap        ] GC(1165) Eden regions: 7->0(9)
[2026-06-17T10:02:35.790+0800][32.287s][info][gc,heap        ] GC(1165) Survivor regions: 2->2(2)
[2026-06-17T10:02:35.790+0800][32.287s][info][gc,heap        ] GC(1165) Old regions: 30->32
[2026-06-17T10:02:35.790+0800][32.287s][info][gc,heap        ] GC(1165) Humongous regions: 8->8
[2026-06-17T10:02:35.790+0800][32.287s][info][gc,metaspace   ] GC(1165) Metaspace: 113K(320K)->113K(320K) NonClass: 105K(192K)->105K(192K) Class: 7K(128K)->7K(128K)
[2026-06-17T10:02:35.790+0800][32.287s][info][gc             ] GC(1165) Pause Young (Prepare Mixed) (G1 Evacuation Pause) 46M->41M(64M) 2.186ms
[2026-06-17T10:02:35.790+0800][32.287s][info][gc,cpu         ] GC(1165) User=0.00s Sys=0.00s Real=0.00s
[2026-06-17T10:02:35.812+0800][32.308s][info][gc,start       ] GC(1166) Pause Young (Mixed) (G1 Evacuation Pause)
[2026-06-17T10:02:35.812+0800][32.309s][info][gc,task        ] GC(1166) Using 2 workers of 18 for evacuation
[2026-06-17T10:02:35.814+0800][32.310s][info][gc,phases      ] GC(1166)   Pre Evacuate Collection Set: 0.12ms
[2026-06-17T10:02:35.814+0800][32.311s][info][gc,phases      ] GC(1166)   Merge Heap Roots: 0.04ms
[2026-06-17T10:02:35.814+0800][32.311s][info][gc,phases      ] GC(1166)   Evacuate Collection Set: 0.44ms
[2026-06-17T10:02:35.814+0800][32.311s][info][gc,phases      ] GC(1166)   Post Evacuate Collection Set: 0.21ms
[2026-06-17T10:02:35.814+0800][32.311s][info][gc,phases      ] GC(1166)   Other: 0.72ms
[2026-06-17T10:02:35.814+0800][32.311s][info][gc,heap        ] GC(1166) Eden regions: 9->0(11)
[2026-06-17T10:02:35.814+0800][32.311s][info][gc,heap        ] GC(1166) Survivor regions: 2->2(2)
[2026-06-17T10:02:35.815+0800][32.311s][info][gc,heap        ] GC(1166) Old regions: 32->28
[2026-06-17T10:02:35.815+0800][32.312s][info][gc,heap        ] GC(1166) Humongous regions: 8->8
[2026-06-17T10:02:35.815+0800][32.312s][info][gc,metaspace   ] GC(1166) Metaspace: 113K(320K)->113K(320K) NonClass: 105K(192K)->105K(192K) Class: 7K(128K)->7K(128K)
[2026-06-17T10:02:35.815+0800][32.312s][info][gc             ] GC(1166) Pause Young (Mixed) (G1 Evacuation Pause) 50M->37M(64M) 3.379ms
[2026-06-17T10:02:35.815+0800][32.312s][info][gc,cpu         ] GC(1166) User=0.01s Sys=0.00s Real=0.00s
[2026-06-17T10:02:35.847+0800][32.344s][info][gc,start       ] GC(1167) Pause Young (Normal) (G1 Evacuation Pause)
[2026-06-17T10:02:35.848+0800][32.344s][info][gc,task        ] GC(1167) Using 2 workers of 18 for evacuation
[2026-06-17T10:02:35.849+0800][32.345s][info][gc,phases      ] GC(1167)   Pre Evacuate Collection Set: 0.14ms
[2026-06-17T10:02:35.849+0800][32.346s][info][gc,phases      ] GC(1167)   Merge Heap Roots: 0.05ms
[2026-06-17T10:02:35.849+0800][32.346s][info][gc,phases      ] GC(1167)   Evacuate Collection Set: 0.30ms
[2026-06-17T10:02:35.850+0800][32.347s][info][gc,phases      ] GC(1167)   Post Evacuate Collection Set: 0.17ms
[2026-06-17T10:02:35.850+0800][32.347s][info][gc,phases      ] GC(1167)   Other: 0.38ms
[2026-06-17T10:02:35.850+0800][32.347s][info][gc,heap        ] GC(1167) Eden regions: 11->0(9)
[2026-06-17T10:02:35.850+0800][32.347s][info][gc,heap        ] GC(1167) Survivor regions: 2->2(2)
[2026-06-17T10:02:35.851+0800][32.347s][info][gc,heap        ] GC(1167) Old regions: 28->31
[2026-06-17T10:02:35.851+0800][32.348s][info][gc,heap        ] GC(1167) Humongous regions: 10->10
[2026-06-17T10:02:35.851+0800][32.348s][info][gc,metaspace   ] GC(1167) Metaspace: 113K(320K)->113K(320K) NonClass: 105K(192K)->105K(192K) Class: 7K(128K)->7K(128K)
[2026-06-17T10:02:35.851+0800][32.348s][info][gc             ] GC(1167) Pause Young (Normal) (G1 Evacuation Pause) 50M->42M(64M) 3.936ms
[2026-06-17T10:02:35.851+0800][32.348s][info][gc,cpu         ] GC(1167) User=0.00s Sys=0.00s Real=0.01s
[2026-06-17T10:02:35.872+0800][32.369s][info][gc,start       ] GC(1168) Pause Young (Normal) (G1 Evacuation Pause)
[2026-06-17T10:02:35.873+0800][32.370s][info][gc,task        ] GC(1168) Using 2 workers of 18 for evacuation
[2026-06-17T10:02:35.874+0800][32.371s][info][gc,phases      ] GC(1168)   Pre Evacuate Collection Set: 0.15ms
[2026-06-17T10:02:35.874+0800][32.371s][info][gc,phases      ] GC(1168)   Merge Heap Roots: 0.06ms
[2026-06-17T10:02:35.875+0800][32.371s][info][gc,phases      ] GC(1168)   Evacuate Collection Set: 0.41ms
[2026-06-17T10:02:35.875+0800][32.372s][info][gc,phases      ] GC(1168)   Post Evacuate Collection Set: 0.19ms
[2026-06-17T10:02:35.875+0800][32.372s][info][gc,phases      ] GC(1168)   Other: 0.45ms
[2026-06-17T10:02:35.875+0800][32.372s][info][gc,heap        ] GC(1168) Eden regions: 9->0(8)
[2026-06-17T10:02:35.875+0800][32.372s][info][gc,heap        ] GC(1168) Survivor regions: 2->2(2)
[2026-06-17T10:02:35.876+0800][32.372s][info][gc,heap        ] GC(1168) Old regions: 31->33
[2026-06-17T10:02:35.876+0800][32.372s][info][gc,heap        ] GC(1168) Humongous regions: 10->10
[2026-06-17T10:02:35.876+0800][32.373s][info][gc,metaspace   ] GC(1168) Metaspace: 113K(320K)->113K(320K) NonClass: 105K(192K)->105K(192K) Class: 7K(128K)->7K(128K)
[2026-06-17T10:02:35.876+0800][32.373s][info][gc             ] GC(1168) Pause Young (Normal) (G1 Evacuation Pause) 51M->44M(64M) 3.674ms
[2026-06-17T10:02:35.876+0800][32.373s][info][gc,cpu         ] GC(1168) User=0.00s Sys=0.00s Real=0.00s
[2026-06-17T10:02:35.897+0800][32.394s][info][gc,start       ] GC(1169) Pause Young (Concurrent Start) (G1 Evacuation Pause)
[2026-06-17T10:02:35.898+0800][32.395s][info][gc,task        ] GC(1169) Using 2 workers of 18 for evacuation
[2026-06-17T10:02:35.899+0800][32.396s][info][gc,phases      ] GC(1169)   Pre Evacuate Collection Set: 0.16ms
[2026-06-17T10:02:35.899+0800][32.396s][info][gc,phases      ] GC(1169)   Merge Heap Roots: 0.04ms
[2026-06-17T10:02:35.899+0800][32.396s][info][gc,phases      ] GC(1169)   Evacuate Collection Set: 0.37ms
[2026-06-17T10:02:35.899+0800][32.396s][info][gc,phases      ] GC(1169)   Post Evacuate Collection Set: 0.16ms
[2026-06-17T10:02:35.899+0800][32.396s][info][gc,phases      ] GC(1169)   Other: 0.23ms
[2026-06-17T10:02:35.900+0800][32.396s][info][gc,heap        ] GC(1169) Eden regions: 8->0(6)
[2026-06-17T10:02:35.900+0800][32.397s][info][gc,heap        ] GC(1169) Survivor regions: 2->2(2)
[2026-06-17T10:02:35.900+0800][32.397s][info][gc,heap        ] GC(1169) Old regions: 33->36
[2026-06-17T10:02:35.900+0800][32.397s][info][gc,heap        ] GC(1169) Humongous regions: 10->10
[2026-06-17T10:02:35.900+0800][32.397s][info][gc,metaspace   ] GC(1169) Metaspace: 113K(320K)->113K(320K) NonClass: 105K(192K)->105K(192K) Class: 7K(128K)->7K(128K)
[2026-06-17T10:02:35.900+0800][32.397s][info][gc             ] GC(1169) Pause Young (Concurrent Start) (G1 Evacuation Pause) 52M->47M(64M) 2.826ms
[2026-06-17T10:02:35.900+0800][32.397s][info][gc,cpu         ] GC(1169) User=0.00s Sys=0.00s Real=0.00s
[2026-06-17T10:02:35.900+0800][32.397s][info][gc             ] GC(1170) Concurrent Mark Cycle
[2026-06-17T10:02:35.901+0800][32.398s][info][gc,marking     ] GC(1170) Concurrent Scan Root Regions
[2026-06-17T10:02:35.901+0800][32.398s][info][gc,marking     ] GC(1170) Concurrent Scan Root Regions 0.139ms
[2026-06-17T10:02:35.901+0800][32.398s][info][gc,marking     ] GC(1170) Concurrent Mark
[2026-06-17T10:02:35.901+0800][32.398s][info][gc,marking     ] GC(1170) Concurrent Mark From Roots
[2026-06-17T10:02:35.901+0800][32.398s][info][gc,task        ] GC(1170) Using 5 workers of 5 for marking
[2026-06-17T10:02:35.902+0800][32.399s][info][gc,marking     ] GC(1170) Concurrent Mark From Roots 1.378ms
[2026-06-17T10:02:35.903+0800][32.400s][info][gc,marking     ] GC(1170) Concurrent Preclean
[2026-06-17T10:02:35.903+0800][32.400s][info][gc,marking     ] GC(1170) Concurrent Preclean 0.498ms
[2026-06-17T10:02:35.904+0800][32.401s][info][gc,start       ] GC(1170) Pause Remark
[2026-06-17T10:02:35.905+0800][32.402s][info][gc             ] GC(1170) Pause Remark 48M->41M(64M) 1.150ms
[2026-06-17T10:02:35.906+0800][32.403s][info][gc,cpu         ] GC(1170) User=0.01s Sys=0.00s Real=0.00s
[2026-06-17T10:02:35.908+0800][32.405s][info][gc,marking     ] GC(1170) Concurrent Mark 7.210ms
[2026-06-17T10:02:35.910+0800][32.407s][info][gc,marking     ] GC(1170) Concurrent Rebuild Remembered Sets and Scrub Regions
[2026-06-17T10:02:35.911+0800][32.408s][info][gc,start       ] GC(1171) Pause Young (Normal) (G1 Evacuation Pause)
[2026-06-17T10:02:35.912+0800][32.409s][info][gc,task        ] GC(1171) Using 2 workers of 18 for evacuation
[2026-06-17T10:02:35.913+0800][32.410s][info][gc,phases      ] GC(1171)   Pre Evacuate Collection Set: 0.10ms
[2026-06-17T10:02:35.913+0800][32.410s][info][gc,phases      ] GC(1171)   Merge Heap Roots: 0.03ms
[2026-06-17T10:02:35.913+0800][32.410s][info][gc,phases      ] GC(1171)   Evacuate Collection Set: 0.18ms
[2026-06-17T10:02:35.913+0800][32.410s][info][gc,phases      ] GC(1171)   Post Evacuate Collection Set: 0.15ms
[2026-06-17T10:02:35.913+0800][32.410s][info][gc,phases      ] GC(1171)   Other: 0.19ms
[2026-06-17T10:02:35.913+0800][32.410s][info][gc,heap        ] GC(1171) Eden regions: 6->0(10)
[2026-06-17T10:02:35.913+0800][32.410s][info][gc,heap        ] GC(1171) Survivor regions: 2->1(1)
[2026-06-17T10:02:35.913+0800][32.410s][info][gc,heap        ] GC(1171) Old regions: 29->30
[2026-06-17T10:02:35.914+0800][32.410s][info][gc,heap        ] GC(1171) Humongous regions: 10->10
[2026-06-17T10:02:35.914+0800][32.410s][info][gc,metaspace   ] GC(1171) Metaspace: 113K(320K)->113K(320K) NonClass: 105K(192K)->105K(192K) Class: 7K(128K)->7K(128K)
[2026-06-17T10:02:35.914+0800][32.411s][info][gc             ] GC(1171) Pause Young (Normal) (G1 Evacuation Pause) 45M->40M(64M) 2.461ms
[2026-06-17T10:02:35.914+0800][32.411s][info][gc,cpu         ] GC(1171) User=0.00s Sys=0.00s Real=0.00s
[2026-06-17T10:02:35.914+0800][32.411s][info][gc,marking     ] GC(1170) Concurrent Rebuild Remembered Sets and Scrub Regions 4.315ms
[2026-06-17T10:02:35.914+0800][32.411s][info][gc,start       ] GC(1170) Pause Cleanup
[2026-06-17T10:02:35.915+0800][32.411s][info][gc             ] GC(1170) Pause Cleanup 41M->41M(64M) 0.215ms
[2026-06-17T10:02:35.915+0800][32.412s][info][gc,cpu         ] GC(1170) User=0.00s Sys=0.00s Real=0.00s
[2026-06-17T10:02:35.916+0800][32.412s][info][gc,marking     ] GC(1170) Concurrent Clear Claimed Marks
[2026-06-17T10:02:35.916+0800][32.413s][info][gc,marking     ] GC(1170) Concurrent Clear Claimed Marks 0.130ms
[2026-06-17T10:02:35.916+0800][32.413s][info][gc,marking     ] GC(1170) Concurrent Cleanup for Next Mark
[2026-06-17T10:02:35.916+0800][32.413s][info][gc,marking     ] GC(1170) Concurrent Cleanup for Next Mark 0.198ms
[2026-06-17T10:02:35.916+0800][32.413s][info][gc             ] GC(1170) Concurrent Mark Cycle 15.554ms
[2026-06-17T10:02:35.945+0800][32.442s][info][gc,start       ] GC(1172) Pause Young (Prepare Mixed) (G1 Evacuation Pause)
[2026-06-17T10:02:35.946+0800][32.443s][info][gc,task        ] GC(1172) Using 2 workers of 18 for evacuation
[2026-06-17T10:02:35.947+0800][32.444s][info][gc,phases      ] GC(1172)   Pre Evacuate Collection Set: 0.16ms
[2026-06-17T10:02:35.947+0800][32.444s][info][gc,phases      ] GC(1172)   Merge Heap Roots: 0.06ms
[2026-06-17T10:02:35.947+0800][32.444s][info][gc,phases      ] GC(1172)   Evacuate Collection Set: 0.40ms
[2026-06-17T10:02:35.947+0800][32.444s][info][gc,phases      ] GC(1172)   Post Evacuate Collection Set: 0.23ms
[2026-06-17T10:02:35.948+0800][32.444s][info][gc,phases      ] GC(1172)   Other: 0.28ms
[2026-06-17T10:02:35.948+0800][32.445s][info][gc,heap        ] GC(1172) Eden regions: 10->0(9)
[2026-06-17T10:02:35.948+0800][32.445s][info][gc,heap        ] GC(1172) Survivor regions: 1->2(2)
[2026-06-17T10:02:35.948+0800][32.445s][info][gc,heap        ] GC(1172) Old regions: 30->31
[2026-06-17T10:02:35.948+0800][32.445s][info][gc,heap        ] GC(1172) Humongous regions: 10->10
[2026-06-17T10:02:35.948+0800][32.445s][info][gc,metaspace   ] GC(1172) Metaspace: 113K(320K)->113K(320K) NonClass: 105K(192K)->105K(192K) Class: 7K(128K)->7K(128K)
[2026-06-17T10:02:35.948+0800][32.445s][info][gc             ] GC(1172) Pause Young (Prepare Mixed) (G1 Evacuation Pause) 50M->42M(64M) 3.082ms
[2026-06-17T10:02:35.949+0800][32.445s][info][gc,cpu         ] GC(1172) User=0.00s Sys=0.00s Real=0.00s
[2026-06-17T10:02:35.970+0800][32.467s][info][gc,start       ] GC(1173) Pause Young (Mixed) (G1 Evacuation Pause)
[2026-06-17T10:02:35.971+0800][32.468s][info][gc,task        ] GC(1173) Using 2 workers of 18 for evacuation
[2026-06-17T10:02:35.973+0800][32.470s][info][gc,phases      ] GC(1173)   Pre Evacuate Collection Set: 0.14ms
[2026-06-17T10:02:35.974+0800][32.471s][info][gc,phases      ] GC(1173)   Merge Heap Roots: 0.06ms
[2026-06-17T10:02:35.976+0800][32.473s][info][gc,phases      ] GC(1173)   Evacuate Collection Set: 0.49ms
[2026-06-17T10:02:35.980+0800][32.477s][info][gc,phases      ] GC(1173)   Post Evacuate Collection Set: 0.17ms
[2026-06-17T10:02:35.983+0800][32.480s][info][gc,phases      ] GC(1173)   Other: 1.38ms
[2026-06-17T10:02:35.984+0800][32.480s][info][gc,heap        ] GC(1173) Eden regions: 9->0(10)
[2026-06-17T10:02:35.984+0800][32.481s][info][gc,heap        ] GC(1173) Survivor regions: 2->2(2)
[2026-06-17T10:02:35.984+0800][32.481s][info][gc,heap        ] GC(1173) Old regions: 31->29
[2026-06-17T10:02:35.984+0800][32.481s][info][gc,heap        ] GC(1173) Humongous regions: 10->10
[2026-06-17T10:02:35.984+0800][32.481s][info][gc,metaspace   ] GC(1173) Metaspace: 113K(320K)->113K(320K) NonClass: 105K(192K)->105K(192K) Class: 7K(128K)->7K(128K)
[2026-06-17T10:02:35.985+0800][32.481s][info][gc             ] GC(1173) Pause Young (Mixed) (G1 Evacuation Pause) 51M->40M(64M) 14.919ms
[2026-06-17T10:02:35.985+0800][32.482s][info][gc,cpu         ] GC(1173) User=0.00s Sys=0.00s Real=0.02s
[2026-06-17T10:02:36.006+0800][32.503s][info][gc,start       ] GC(1174) Pause Young (Mixed) (G1 Evacuation Pause)
[2026-06-17T10:02:36.008+0800][32.505s][info][gc,task        ] GC(1174) Using 2 workers of 18 for evacuation
[2026-06-17T10:02:36.009+0800][32.506s][info][gc,phases      ] GC(1174)   Pre Evacuate Collection Set: 0.13ms
[2026-06-17T10:02:36.009+0800][32.506s][info][gc,phases      ] GC(1174)   Merge Heap Roots: 0.04ms
[2026-06-17T10:02:36.010+0800][32.506s][info][gc,phases      ] GC(1174)   Evacuate Collection Set: 0.49ms
[2026-06-17T10:02:36.010+0800][32.507s][info][gc,phases      ] GC(1174)   Post Evacuate Collection Set: 0.17ms
[2026-06-17T10:02:36.010+0800][32.507s][info][gc,phases      ] GC(1174)   Other: 0.26ms
[2026-06-17T10:02:36.010+0800][32.507s][info][gc,heap        ] GC(1174) Eden regions: 10->0(8)
[2026-06-17T10:02:36.010+0800][32.507s][info][gc,heap        ] GC(1174) Survivor regions: 2->2(2)
[2026-06-17T10:02:36.010+0800][32.507s][info][gc,heap        ] GC(1174) Old regions: 29->32
[2026-06-17T10:02:36.010+0800][32.507s][info][gc,heap        ] GC(1174) Humongous regions: 10->10
[2026-06-17T10:02:36.010+0800][32.507s][info][gc,metaspace   ] GC(1174) Metaspace: 113K(320K)->113K(320K) NonClass: 105K(192K)->105K(192K) Class: 7K(128K)->7K(128K)
[2026-06-17T10:02:36.011+0800][32.507s][info][gc             ] GC(1174) Pause Young (Mixed) (G1 Evacuation Pause) 49M->43M(64M) 4.125ms
[2026-06-17T10:02:36.011+0800][32.508s][info][gc,cpu         ] GC(1174) User=0.01s Sys=0.00s Real=0.01s
[2026-06-17T10:02:36.032+0800][32.529s][info][gc,start       ] GC(1175) Pause Young (Normal) (G1 Evacuation Pause)
[2026-06-17T10:02:36.032+0800][32.529s][info][gc,task        ] GC(1175) Using 2 workers of 18 for evacuation
[2026-06-17T10:02:36.033+0800][32.530s][info][gc,phases      ] GC(1175)   Pre Evacuate Collection Set: 0.15ms
[2026-06-17T10:02:36.033+0800][32.530s][info][gc,phases      ] GC(1175)   Merge Heap Roots: 0.14ms
[2026-06-17T10:02:36.034+0800][32.530s][info][gc,phases      ] GC(1175)   Evacuate Collection Set: 0.27ms
[2026-06-17T10:02:36.034+0800][32.531s][info][gc,phases      ] GC(1175)   Post Evacuate Collection Set: 0.17ms
[2026-06-17T10:02:36.034+0800][32.531s][info][gc,phases      ] GC(1175)   Other: 0.37ms
[2026-06-17T10:02:36.034+0800][32.531s][info][gc,heap        ] GC(1175) Eden regions: 8->0(9)
[2026-06-17T10:02:36.034+0800][32.531s][info][gc,heap        ] GC(1175) Survivor regions: 2->1(2)
[2026-06-17T10:02:36.034+0800][32.531s][info][gc,heap        ] GC(1175) Old regions: 32->33
[2026-06-17T10:02:36.034+0800][32.531s][info][gc,heap        ] GC(1175) Humongous regions: 10->10
[2026-06-17T10:02:36.034+0800][32.531s][info][gc,metaspace   ] GC(1175) Metaspace: 113K(320K)->113K(320K) NonClass: 105K(192K)->105K(192K) Class: 7K(128K)->7K(128K)
[2026-06-17T10:02:36.034+0800][32.531s][info][gc             ] GC(1175) Pause Young (Normal) (G1 Evacuation Pause) 50M->42M(64M) 2.756ms
[2026-06-17T10:02:36.035+0800][32.531s][info][gc,cpu         ] GC(1175) User=0.00s Sys=0.00s Real=0.00s
[2026-06-17T10:02:36.045+0800][32.542s][info][gc,start       ] GC(1176) Pause Young (Concurrent Start) (G1 Humongous Allocation)
[2026-06-17T10:02:36.046+0800][32.543s][info][gc,task        ] GC(1176) Using 2 workers of 18 for evacuation
[2026-06-17T10:02:36.047+0800][32.544s][info][gc,phases      ] GC(1176)   Pre Evacuate Collection Set: 0.14ms
[2026-06-17T10:02:36.048+0800][32.544s][info][gc,phases      ] GC(1176)   Merge Heap Roots: 0.04ms
[2026-06-17T10:02:36.049+0800][32.546s][info][gc,phases      ] GC(1176)   Evacuate Collection Set: 0.23ms
[2026-06-17T10:02:36.049+0800][32.546s][info][gc,phases      ] GC(1176)   Post Evacuate Collection Set: 0.16ms
[2026-06-17T10:02:36.053+0800][32.550s][info][gc,phases      ] GC(1176)   Other: 0.55ms
[2026-06-17T10:02:36.055+0800][32.552s][info][gc,heap        ] GC(1176) Eden regions: 5->0(7)
[2026-06-17T10:02:36.059+0800][32.556s][info][gc,heap        ] GC(1176) Survivor regions: 1->2(2)
[2026-06-17T10:02:36.061+0800][32.558s][info][gc,heap        ] GC(1176) Old regions: 33->33
[2026-06-17T10:02:36.061+0800][32.558s][info][gc,heap        ] GC(1176) Humongous regions: 10->10
[2026-06-17T10:02:36.064+0800][32.561s][info][gc,metaspace   ] GC(1176) Metaspace: 113K(320K)->113K(320K) NonClass: 105K(192K)->105K(192K) Class: 7K(128K)->7K(128K)
[2026-06-17T10:02:36.066+0800][32.563s][info][gc             ] GC(1176) Pause Young (Concurrent Start) (G1 Humongous Allocation) 47M->44M(64M) 20.539ms
[2026-06-17T10:02:36.067+0800][32.563s][info][gc,cpu         ] GC(1176) User=0.00s Sys=0.00s Real=0.02s
[2026-06-17T10:02:36.067+0800][32.563s][info][gc             ] GC(1177) Concurrent Undo Cycle
[2026-06-17T10:02:36.067+0800][32.564s][info][gc,marking     ] GC(1177) Concurrent Clear Claimed Marks
[2026-06-17T10:02:36.067+0800][32.564s][info][gc,marking     ] GC(1177) Concurrent Clear Claimed Marks 0.185ms
[2026-06-17T10:02:36.068+0800][32.564s][info][gc,marking     ] GC(1177) Concurrent Cleanup for Next Mark
[2026-06-17T10:02:36.068+0800][32.565s][info][gc,marking     ] GC(1177) Concurrent Cleanup for Next Mark 0.268ms
[2026-06-17T10:02:36.068+0800][32.565s][info][gc             ] GC(1177) Concurrent Undo Cycle 1.419ms
[2026-06-17T10:02:36.088+0800][32.585s][info][gc,start       ] GC(1178) Pause Young (Normal) (G1 Evacuation Pause)
[2026-06-17T10:02:36.088+0800][32.585s][info][gc,task        ] GC(1178) Using 2 workers of 18 for evacuation
[2026-06-17T10:02:36.089+0800][32.586s][info][gc,phases      ] GC(1178)   Pre Evacuate Collection Set: 0.11ms
[2026-06-17T10:02:36.089+0800][32.586s][info][gc,phases      ] GC(1178)   Merge Heap Roots: 0.04ms
[2026-06-17T10:02:36.089+0800][32.586s][info][gc,phases      ] GC(1178)   Evacuate Collection Set: 0.18ms
[2026-06-17T10:02:36.090+0800][32.586s][info][gc,phases      ] GC(1178)   Post Evacuate Collection Set: 0.18ms
[2026-06-17T10:02:36.090+0800][32.587s][info][gc,phases      ] GC(1178)   Other: 0.26ms
[2026-06-17T10:02:36.090+0800][32.587s][info][gc,heap        ] GC(1178) Eden regions: 7->0(8)
[2026-06-17T10:02:36.090+0800][32.587s][info][gc,heap        ] GC(1178) Survivor regions: 2->1(2)
[2026-06-17T10:02:36.090+0800][32.587s][info][gc,heap        ] GC(1178) Old regions: 33->35
[2026-06-17T10:02:36.090+0800][32.587s][info][gc,heap        ] GC(1178) Humongous regions: 11->11
[2026-06-17T10:02:36.090+0800][32.587s][info][gc,metaspace   ] GC(1178) Metaspace: 113K(320K)->113K(320K) NonClass: 105K(192K)->105K(192K) Class: 7K(128K)->7K(128K)
[2026-06-17T10:02:36.091+0800][32.587s][info][gc             ] GC(1178) Pause Young (Normal) (G1 Evacuation Pause) 52M->45M(64M) 2.779ms
[2026-06-17T10:02:36.091+0800][32.588s][info][gc,cpu         ] GC(1178) User=0.00s Sys=0.00s Real=0.01s
[2026-06-17T10:02:36.113+0800][32.610s][info][gc,start       ] GC(1179) Pause Young (Concurrent Start) (G1 Evacuation Pause)
[2026-06-17T10:02:36.113+0800][32.610s][info][gc,task        ] GC(1179) Using 2 workers of 18 for evacuation
[2026-06-17T10:02:36.114+0800][32.611s][info][gc,phases      ] GC(1179)   Pre Evacuate Collection Set: 0.13ms
[2026-06-17T10:02:36.114+0800][32.611s][info][gc,phases      ] GC(1179)   Merge Heap Roots: 0.03ms
[2026-06-17T10:02:36.115+0800][32.612s][info][gc,phases      ] GC(1179)   Evacuate Collection Set: 0.34ms
[2026-06-17T10:02:36.115+0800][32.612s][info][gc,phases      ] GC(1179)   Post Evacuate Collection Set: 0.15ms
[2026-06-17T10:02:36.115+0800][32.612s][info][gc,phases      ] GC(1179)   Other: 0.24ms
[2026-06-17T10:02:36.116+0800][32.612s][info][gc,heap        ] GC(1179) Eden regions: 8->0(5)
[2026-06-17T10:02:36.116+0800][32.613s][info][gc,heap        ] GC(1179) Survivor regions: 1->2(2)
[2026-06-17T10:02:36.116+0800][32.613s][info][gc,heap        ] GC(1179) Old regions: 35->38
[2026-06-17T10:02:36.116+0800][32.613s][info][gc,heap        ] GC(1179) Humongous regions: 11->11
[2026-06-17T10:02:36.116+0800][32.613s][info][gc,metaspace   ] GC(1179) Metaspace: 113K(320K)->113K(320K) NonClass: 105K(192K)->105K(192K) Class: 7K(128K)->7K(128K)
[2026-06-17T10:02:36.116+0800][32.613s][info][gc             ] GC(1179) Pause Young (Concurrent Start) (G1 Evacuation Pause) 53M->50M(64M) 3.438ms
[2026-06-17T10:02:36.117+0800][32.613s][info][gc,cpu         ] GC(1179) User=0.00s Sys=0.00s Real=0.00s
[2026-06-17T10:02:36.117+0800][32.613s][info][gc             ] GC(1180) Concurrent Mark Cycle
[2026-06-17T10:02:36.117+0800][32.614s][info][gc,marking     ] GC(1180) Concurrent Scan Root Regions
[2026-06-17T10:02:36.117+0800][32.614s][info][gc,marking     ] GC(1180) Concurrent Scan Root Regions 0.196ms
[2026-06-17T10:02:36.117+0800][32.614s][info][gc,marking     ] GC(1180) Concurrent Mark
[2026-06-17T10:02:36.117+0800][32.614s][info][gc,marking     ] GC(1180) Concurrent Mark From Roots
[2026-06-17T10:02:36.117+0800][32.614s][info][gc,task        ] GC(1180) Using 5 workers of 5 for marking
[2026-06-17T10:02:36.119+0800][32.615s][info][gc,marking     ] GC(1180) Concurrent Mark From Roots 1.386ms
[2026-06-17T10:02:36.119+0800][32.616s][info][gc,marking     ] GC(1180) Concurrent Preclean
[2026-06-17T10:02:36.119+0800][32.616s][info][gc,marking     ] GC(1180) Concurrent Preclean 0.144ms
[2026-06-17T10:02:36.119+0800][32.616s][info][gc,start       ] GC(1180) Pause Remark
[2026-06-17T10:02:36.119+0800][32.616s][info][gc             ] GC(1180) Pause Remark 51M->42M(64M) 0.428ms
[2026-06-17T10:02:36.120+0800][32.616s][info][gc,cpu         ] GC(1180) User=0.00s Sys=0.00s Real=0.00s
[2026-06-17T10:02:36.120+0800][32.617s][info][gc,marking     ] GC(1180) Concurrent Mark 2.578ms
[2026-06-17T10:02:36.120+0800][32.617s][info][gc,marking     ] GC(1180) Concurrent Rebuild Remembered Sets and Scrub Regions
[2026-06-17T10:02:36.120+0800][32.617s][info][gc,marking     ] GC(1180) Concurrent Rebuild Remembered Sets and Scrub Regions 0.460ms
[2026-06-17T10:02:36.121+0800][32.617s][info][gc,start       ] GC(1180) Pause Cleanup
[2026-06-17T10:02:36.121+0800][32.618s][info][gc             ] GC(1180) Pause Cleanup 42M->42M(64M) 0.160ms
[2026-06-17T10:02:36.121+0800][32.618s][info][gc,cpu         ] GC(1180) User=0.00s Sys=0.00s Real=0.00s
[2026-06-17T10:02:36.121+0800][32.618s][info][gc,marking     ] GC(1180) Concurrent Clear Claimed Marks
[2026-06-17T10:02:36.121+0800][32.618s][info][gc,marking     ] GC(1180) Concurrent Clear Claimed Marks 0.342ms
[2026-06-17T10:02:36.122+0800][32.619s][info][gc,marking     ] GC(1180) Concurrent Cleanup for Next Mark
[2026-06-17T10:02:36.122+0800][32.619s][info][gc,marking     ] GC(1180) Concurrent Cleanup for Next Mark 0.260ms
[2026-06-17T10:02:36.122+0800][32.619s][info][gc             ] GC(1180) Concurrent Mark Cycle 5.796ms
[2026-06-17T10:02:36.127+0800][32.624s][info][gc,start       ] GC(1181) Pause Young (Prepare Mixed) (G1 Evacuation Pause)
[2026-06-17T10:02:36.128+0800][32.624s][info][gc,task        ] GC(1181) Using 2 workers of 18 for evacuation
[2026-06-17T10:02:36.128+0800][32.625s][info][gc,phases      ] GC(1181)   Pre Evacuate Collection Set: 0.10ms
[2026-06-17T10:02:36.128+0800][32.625s][info][gc,phases      ] GC(1181)   Merge Heap Roots: 0.05ms
[2026-06-17T10:02:36.129+0800][32.625s][info][gc,phases      ] GC(1181)   Evacuate Collection Set: 0.23ms
[2026-06-17T10:02:36.129+0800][32.625s][info][gc,phases      ] GC(1181)   Post Evacuate Collection Set: 0.16ms
[2026-06-17T10:02:36.129+0800][32.626s][info][gc,phases      ] GC(1181)   Other: 0.17ms
[2026-06-17T10:02:36.129+0800][32.626s][info][gc,heap        ] GC(1181) Eden regions: 5->0(10)
[2026-06-17T10:02:36.129+0800][32.626s][info][gc,heap        ] GC(1181) Survivor regions: 2->1(1)
[2026-06-17T10:02:36.129+0800][32.626s][info][gc,heap        ] GC(1181) Old regions: 29->30
[2026-06-17T10:02:36.129+0800][32.626s][info][gc,heap        ] GC(1181) Humongous regions: 11->11
[2026-06-17T10:02:36.129+0800][32.626s][info][gc,metaspace   ] GC(1181) Metaspace: 113K(320K)->113K(320K) NonClass: 105K(192K)->105K(192K) Class: 7K(128K)->7K(128K)
[2026-06-17T10:02:36.129+0800][32.626s][info][gc             ] GC(1181) Pause Young (Prepare Mixed) (G1 Evacuation Pause) 46M->40M(64M) 2.147ms
[2026-06-17T10:02:36.129+0800][32.626s][info][gc,cpu         ] GC(1181) User=0.00s Sys=0.00s Real=0.00s
[2026-06-17T10:02:36.161+0800][32.658s][info][gc,start       ] GC(1182) Pause Young (Mixed) (G1 Evacuation Pause)
[2026-06-17T10:02:36.161+0800][32.658s][info][gc,task        ] GC(1182) Using 2 workers of 18 for evacuation
[2026-06-17T10:02:36.163+0800][32.660s][info][gc,phases      ] GC(1182)   Pre Evacuate Collection Set: 0.16ms
[2026-06-17T10:02:36.163+0800][32.660s][info][gc,phases      ] GC(1182)   Merge Heap Roots: 0.06ms
[2026-06-17T10:02:36.164+0800][32.660s][info][gc,phases      ] GC(1182)   Evacuate Collection Set: 0.48ms
[2026-06-17T10:02:36.164+0800][32.661s][info][gc,phases      ] GC(1182)   Post Evacuate Collection Set: 0.39ms
[2026-06-17T10:02:36.164+0800][32.661s][info][gc,phases      ] GC(1182)   Other: 0.38ms
[2026-06-17T10:02:36.164+0800][32.661s][info][gc,heap        ] GC(1182) Eden regions: 10->0(11)
[2026-06-17T10:02:36.165+0800][32.661s][info][gc,heap        ] GC(1182) Survivor regions: 1->2(2)
[2026-06-17T10:02:36.165+0800][32.662s][info][gc,heap        ] GC(1182) Old regions: 30->27
[2026-06-17T10:02:36.165+0800][32.662s][info][gc,heap        ] GC(1182) Humongous regions: 11->11
[2026-06-17T10:02:36.165+0800][32.662s][info][gc,metaspace   ] GC(1182) Metaspace: 113K(320K)->113K(320K) NonClass: 105K(192K)->105K(192K) Class: 7K(128K)->7K(128K)
[2026-06-17T10:02:36.165+0800][32.662s][info][gc             ] GC(1182) Pause Young (Mixed) (G1 Evacuation Pause) 50M->39M(64M) 4.370ms
[2026-06-17T10:02:36.165+0800][32.662s][info][gc,cpu         ] GC(1182) User=0.00s Sys=0.00s Real=0.01s
[2026-06-17T10:02:36.197+0800][32.694s][info][gc,start       ] GC(1183) Pause Young (Mixed) (G1 Evacuation Pause)
[2026-06-17T10:02:36.198+0800][32.694s][info][gc,task        ] GC(1183) Using 2 workers of 18 for evacuation
[2026-06-17T10:02:36.199+0800][32.696s][info][gc,phases      ] GC(1183)   Pre Evacuate Collection Set: 0.14ms
[2026-06-17T10:02:36.199+0800][32.696s][info][gc,phases      ] GC(1183)   Merge Heap Roots: 0.11ms
[2026-06-17T10:02:36.200+0800][32.697s][info][gc,phases      ] GC(1183)   Evacuate Collection Set: 0.52ms
[2026-06-17T10:02:36.200+0800][32.697s][info][gc,phases      ] GC(1183)   Post Evacuate Collection Set: 0.20ms
[2026-06-17T10:02:36.200+0800][32.697s][info][gc,phases      ] GC(1183)   Other: 0.44ms
[2026-06-17T10:02:36.201+0800][32.698s][info][gc,heap        ] GC(1183) Eden regions: 11->0(11)
[2026-06-17T10:02:36.201+0800][32.698s][info][gc,heap        ] GC(1183) Survivor regions: 2->2(2)
[2026-06-17T10:02:36.201+0800][32.698s][info][gc,heap        ] GC(1183) Old regions: 27->28
[2026-06-17T10:02:36.202+0800][32.699s][info][gc,heap        ] GC(1183) Humongous regions: 11->11
[2026-06-17T10:02:36.202+0800][32.699s][info][gc,metaspace   ] GC(1183) Metaspace: 113K(320K)->113K(320K) NonClass: 105K(192K)->105K(192K) Class: 7K(128K)->7K(128K)
[2026-06-17T10:02:36.202+0800][32.699s][info][gc             ] GC(1183) Pause Young (Mixed) (G1 Evacuation Pause) 50M->40M(64M) 5.019ms
[2026-06-17T10:02:36.202+0800][32.699s][info][gc,cpu         ] GC(1183) User=0.00s Sys=0.00s Real=0.00s
[2026-06-17T10:02:36.234+0800][32.731s][info][gc,start       ] GC(1184) Pause Young (Normal) (G1 Evacuation Pause)
[2026-06-17T10:02:36.234+0800][32.731s][info][gc,task        ] GC(1184) Using 2 workers of 18 for evacuation
[2026-06-17T10:02:36.235+0800][32.732s][info][gc,phases      ] GC(1184)   Pre Evacuate Collection Set: 0.13ms
[2026-06-17T10:02:36.236+0800][32.732s][info][gc,phases      ] GC(1184)   Merge Heap Roots: 0.05ms
[2026-06-17T10:02:36.236+0800][32.733s][info][gc,phases      ] GC(1184)   Evacuate Collection Set: 0.28ms
[2026-06-17T10:02:36.236+0800][32.733s][info][gc,phases      ] GC(1184)   Post Evacuate Collection Set: 0.17ms
[2026-06-17T10:02:36.236+0800][32.733s][info][gc,phases      ] GC(1184)   Other: 0.38ms
[2026-06-17T10:02:36.237+0800][32.734s][info][gc,heap        ] GC(1184) Eden regions: 11->0(10)
[2026-06-17T10:02:36.238+0800][32.734s][info][gc,heap        ] GC(1184) Survivor regions: 2->2(2)
[2026-06-17T10:02:36.238+0800][32.735s][info][gc,heap        ] GC(1184) Old regions: 28->30
[2026-06-17T10:02:36.238+0800][32.735s][info][gc,heap        ] GC(1184) Humongous regions: 11->11
[2026-06-17T10:02:36.238+0800][32.735s][info][gc,metaspace   ] GC(1184) Metaspace: 113K(320K)->113K(320K) NonClass: 105K(192K)->105K(192K) Class: 7K(128K)->7K(128K)
[2026-06-17T10:02:36.238+0800][32.735s][info][gc             ] GC(1184) Pause Young (Normal) (G1 Evacuation Pause) 51M->41M(64M) 4.134ms
[2026-06-17T10:02:36.238+0800][32.735s][info][gc,cpu         ] GC(1184) User=0.01s Sys=0.00s Real=0.00s
[2026-06-17T10:02:36.260+0800][32.757s][info][gc,start       ] GC(1185) Pause Young (Normal) (G1 Evacuation Pause)
[2026-06-17T10:02:36.260+0800][32.757s][info][gc,task        ] GC(1185) Using 2 workers of 18 for evacuation
[2026-06-17T10:02:36.262+0800][32.759s][info][gc,phases      ] GC(1185)   Pre Evacuate Collection Set: 0.22ms
[2026-06-17T10:02:36.263+0800][32.759s][info][gc,phases      ] GC(1185)   Merge Heap Roots: 0.08ms
[2026-06-17T10:02:36.263+0800][32.760s][info][gc,phases      ] GC(1185)   Evacuate Collection Set: 0.44ms
[2026-06-17T10:02:36.263+0800][32.760s][info][gc,phases      ] GC(1185)   Post Evacuate Collection Set: 0.29ms
[2026-06-17T10:02:36.263+0800][32.760s][info][gc,phases      ] GC(1185)   Other: 1.12ms
[2026-06-17T10:02:36.263+0800][32.760s][info][gc,heap        ] GC(1185) Eden regions: 10->0(8)
[2026-06-17T10:02:36.263+0800][32.760s][info][gc,heap        ] GC(1185) Survivor regions: 2->2(2)
[2026-06-17T10:02:36.263+0800][32.760s][info][gc,heap        ] GC(1185) Old regions: 30->33
[2026-06-17T10:02:36.263+0800][32.760s][info][gc,heap        ] GC(1185) Humongous regions: 11->11
[2026-06-17T10:02:36.264+0800][32.760s][info][gc,metaspace   ] GC(1185) Metaspace: 113K(320K)->113K(320K) NonClass: 105K(192K)->105K(192K) Class: 7K(128K)->7K(128K)
[2026-06-17T10:02:36.264+0800][32.761s][info][gc             ] GC(1185) Pause Young (Normal) (G1 Evacuation Pause) 51M->45M(64M) 3.922ms
[2026-06-17T10:02:36.264+0800][32.761s][info][gc,cpu         ] GC(1185) User=0.00s Sys=0.00s Real=0.01s
[2026-06-17T10:02:36.275+0800][32.772s][info][gc,start       ] GC(1186) Pause Young (Concurrent Start) (G1 Evacuation Pause)
[2026-06-17T10:02:36.275+0800][32.772s][info][gc,task        ] GC(1186) Using 2 workers of 18 for evacuation
[2026-06-17T10:02:36.276+0800][32.773s][info][gc,phases      ] GC(1186)   Pre Evacuate Collection Set: 0.13ms
[2026-06-17T10:02:36.276+0800][32.773s][info][gc,phases      ] GC(1186)   Merge Heap Roots: 0.04ms
[2026-06-17T10:02:36.276+0800][32.773s][info][gc,phases      ] GC(1186)   Evacuate Collection Set: 0.21ms
[2026-06-17T10:02:36.276+0800][32.773s][info][gc,phases      ] GC(1186)   Post Evacuate Collection Set: 0.16ms
[2026-06-17T10:02:36.276+0800][32.773s][info][gc,phases      ] GC(1186)   Other: 0.32ms
[2026-06-17T10:02:36.276+0800][32.773s][info][gc,heap        ] GC(1186) Eden regions: 8->0(8)
[2026-06-17T10:02:36.276+0800][32.773s][info][gc,heap        ] GC(1186) Survivor regions: 2->2(2)
[2026-06-17T10:02:36.276+0800][32.773s][info][gc,heap        ] GC(1186) Old regions: 33->34
[2026-06-17T10:02:36.277+0800][32.773s][info][gc,heap        ] GC(1186) Humongous regions: 11->11
[2026-06-17T10:02:36.277+0800][32.773s][info][gc,metaspace   ] GC(1186) Metaspace: 113K(320K)->113K(320K) NonClass: 105K(192K)->105K(192K) Class: 7K(128K)->7K(128K)
[2026-06-17T10:02:36.277+0800][32.774s][info][gc             ] GC(1186) Pause Young (Concurrent Start) (G1 Evacuation Pause) 53M->45M(64M) 2.062ms
[2026-06-17T10:02:36.277+0800][32.774s][info][gc,cpu         ] GC(1186) User=0.00s Sys=0.00s Real=0.00s
[2026-06-17T10:02:36.277+0800][32.774s][info][gc             ] GC(1187) Concurrent Mark Cycle
[2026-06-17T10:02:36.277+0800][32.774s][info][gc,marking     ] GC(1187) Concurrent Scan Root Regions
[2026-06-17T10:02:36.277+0800][32.774s][info][gc,marking     ] GC(1187) Concurrent Scan Root Regions 0.134ms
[2026-06-17T10:02:36.277+0800][32.774s][info][gc,marking     ] GC(1187) Concurrent Mark
[2026-06-17T10:02:36.277+0800][32.774s][info][gc,marking     ] GC(1187) Concurrent Mark From Roots
[2026-06-17T10:02:36.277+0800][32.774s][info][gc,task        ] GC(1187) Using 5 workers of 5 for marking
[2026-06-17T10:02:36.279+0800][32.776s][info][gc,marking     ] GC(1187) Concurrent Mark From Roots 1.395ms
[2026-06-17T10:02:36.279+0800][32.776s][info][gc,marking     ] GC(1187) Concurrent Preclean
[2026-06-17T10:02:36.279+0800][32.776s][info][gc,marking     ] GC(1187) Concurrent Preclean 0.115ms
[2026-06-17T10:02:36.279+0800][32.776s][info][gc,start       ] GC(1187) Pause Remark
[2026-06-17T10:02:36.280+0800][32.777s][info][gc             ] GC(1187) Pause Remark 48M->40M(64M) 0.504ms
[2026-06-17T10:02:36.280+0800][32.777s][info][gc,cpu         ] GC(1187) User=0.01s Sys=0.00s Real=0.00s
[2026-06-17T10:02:36.280+0800][32.777s][info][gc,marking     ] GC(1187) Concurrent Mark 2.865ms
[2026-06-17T10:02:36.280+0800][32.777s][info][gc,marking     ] GC(1187) Concurrent Rebuild Remembered Sets and Scrub Regions
[2026-06-17T10:02:36.281+0800][32.778s][info][gc,marking     ] GC(1187) Concurrent Rebuild Remembered Sets and Scrub Regions 0.488ms
[2026-06-17T10:02:36.281+0800][32.778s][info][gc,start       ] GC(1187) Pause Cleanup
[2026-06-17T10:02:36.281+0800][32.778s][info][gc             ] GC(1187) Pause Cleanup 40M->40M(64M) 0.150ms
[2026-06-17T10:02:36.281+0800][32.778s][info][gc,cpu         ] GC(1187) User=0.00s Sys=0.00s Real=0.00s
[2026-06-17T10:02:36.281+0800][32.778s][info][gc,marking     ] GC(1187) Concurrent Clear Claimed Marks
[2026-06-17T10:02:36.281+0800][32.778s][info][gc,marking     ] GC(1187) Concurrent Clear Claimed Marks 0.080ms
[2026-06-17T10:02:36.281+0800][32.778s][info][gc,marking     ] GC(1187) Concurrent Cleanup for Next Mark
[2026-06-17T10:02:36.282+0800][32.778s][info][gc,marking     ] GC(1187) Concurrent Cleanup for Next Mark 0.174ms
[2026-06-17T10:02:36.282+0800][32.778s][info][gc             ] GC(1187) Concurrent Mark Cycle 4.770ms
[2026-06-17T10:02:36.308+0800][32.805s][info][gc,start       ] GC(1188) Pause Young (Prepare Mixed) (G1 Evacuation Pause)
[2026-06-17T10:02:36.308+0800][32.805s][info][gc,task        ] GC(1188) Using 2 workers of 18 for evacuation
[2026-06-17T10:02:36.310+0800][32.807s][info][gc,phases      ] GC(1188)   Pre Evacuate Collection Set: 0.21ms
[2026-06-17T10:02:36.310+0800][32.807s][info][gc,phases      ] GC(1188)   Merge Heap Roots: 0.06ms
[2026-06-17T10:02:36.310+0800][32.807s][info][gc,phases      ] GC(1188)   Evacuate Collection Set: 0.32ms
[2026-06-17T10:02:36.310+0800][32.807s][info][gc,phases      ] GC(1188)   Post Evacuate Collection Set: 0.37ms
[2026-06-17T10:02:36.311+0800][32.807s][info][gc,phases      ] GC(1188)   Other: 0.40ms
[2026-06-17T10:02:36.311+0800][32.808s][info][gc,heap        ] GC(1188) Eden regions: 8->0(11)
[2026-06-17T10:02:36.311+0800][32.808s][info][gc,heap        ] GC(1188) Survivor regions: 2->2(2)
[2026-06-17T10:02:36.311+0800][32.808s][info][gc,heap        ] GC(1188) Old regions: 26->28
[2026-06-17T10:02:36.311+0800][32.808s][info][gc,heap        ] GC(1188) Humongous regions: 13->13
[2026-06-17T10:02:36.311+0800][32.808s][info][gc,metaspace   ] GC(1188) Metaspace: 113K(320K)->113K(320K) NonClass: 105K(192K)->105K(192K) Class: 7K(128K)->7K(128K)
[2026-06-17T10:02:36.311+0800][32.808s][info][gc             ] GC(1188) Pause Young (Prepare Mixed) (G1 Evacuation Pause) 47M->41M(64M) 3.146ms
[2026-06-17T10:02:36.311+0800][32.808s][info][gc,cpu         ] GC(1188) User=0.00s Sys=0.00s Real=0.01s
[2026-06-17T10:02:36.333+0800][32.830s][info][gc,start       ] GC(1189) Pause Young (Mixed) (G1 Evacuation Pause)
[2026-06-17T10:02:36.334+0800][32.831s][info][gc,task        ] GC(1189) Using 2 workers of 18 for evacuation
[2026-06-17T10:02:36.336+0800][32.833s][info][gc,phases      ] GC(1189)   Pre Evacuate Collection Set: 0.21ms
[2026-06-17T10:02:36.336+0800][32.833s][info][gc,phases      ] GC(1189)   Merge Heap Roots: 0.05ms
[2026-06-17T10:02:36.336+0800][32.833s][info][gc,phases      ] GC(1189)   Evacuate Collection Set: 0.52ms
[2026-06-17T10:02:36.336+0800][32.833s][info][gc,phases      ] GC(1189)   Post Evacuate Collection Set: 0.19ms
[2026-06-17T10:02:36.336+0800][32.833s][info][gc,phases      ] GC(1189)   Other: 0.42ms
[2026-06-17T10:02:36.336+0800][32.833s][info][gc,heap        ] GC(1189) Eden regions: 11->0(11)
[2026-06-17T10:02:36.337+0800][32.833s][info][gc,heap        ] GC(1189) Survivor regions: 2->2(2)
[2026-06-17T10:02:36.337+0800][32.833s][info][gc,heap        ] GC(1189) Old regions: 28->26
[2026-06-17T10:02:36.337+0800][32.834s][info][gc,heap        ] GC(1189) Humongous regions: 13->13
[2026-06-17T10:02:36.337+0800][32.834s][info][gc,metaspace   ] GC(1189) Metaspace: 113K(320K)->113K(320K) NonClass: 105K(192K)->105K(192K) Class: 7K(128K)->7K(128K)
[2026-06-17T10:02:36.337+0800][32.834s][info][gc             ] GC(1189) Pause Young (Mixed) (G1 Evacuation Pause) 52M->40M(64M) 4.158ms
[2026-06-17T10:02:36.337+0800][32.834s][info][gc,cpu         ] GC(1189) User=0.00s Sys=0.00s Real=0.00s
[2026-06-17T10:02:36.368+0800][32.865s][info][gc,start       ] GC(1190) Pause Young (Mixed) (G1 Evacuation Pause)
[2026-06-17T10:02:36.369+0800][32.866s][info][gc,task        ] GC(1190) Using 2 workers of 18 for evacuation
[2026-06-17T10:02:36.370+0800][32.867s][info][gc,phases      ] GC(1190)   Pre Evacuate Collection Set: 0.20ms
[2026-06-17T10:02:36.371+0800][32.867s][info][gc,phases      ] GC(1190)   Merge Heap Roots: 0.03ms
[2026-06-17T10:02:36.371+0800][32.867s][info][gc,phases      ] GC(1190)   Evacuate Collection Set: 0.58ms
[2026-06-17T10:02:36.371+0800][32.868s][info][gc,phases      ] GC(1190)   Post Evacuate Collection Set: 0.28ms
[2026-06-17T10:02:36.371+0800][32.868s][info][gc,phases      ] GC(1190)   Other: 0.29ms
[2026-06-17T10:02:36.371+0800][32.868s][info][gc,heap        ] GC(1190) Eden regions: 11->0(10)
[2026-06-17T10:02:36.371+0800][32.868s][info][gc,heap        ] GC(1190) Survivor regions: 2->2(2)
[2026-06-17T10:02:36.371+0800][32.868s][info][gc,heap        ] GC(1190) Old regions: 26->28
[2026-06-17T10:02:36.371+0800][32.868s][info][gc,heap        ] GC(1190) Humongous regions: 13->13
[2026-06-17T10:02:36.372+0800][32.868s][info][gc,metaspace   ] GC(1190) Metaspace: 113K(320K)->113K(320K) NonClass: 105K(192K)->105K(192K) Class: 7K(128K)->7K(128K)
[2026-06-17T10:02:36.372+0800][32.869s][info][gc             ] GC(1190) Pause Young (Mixed) (G1 Evacuation Pause) 51M->42M(64M) 3.316ms
[2026-06-17T10:02:36.372+0800][32.869s][info][gc,cpu         ] GC(1190) User=0.00s Sys=0.00s Real=0.01s
[2026-06-17T10:02:36.393+0800][32.890s][info][gc,start       ] GC(1191) Pause Young (Concurrent Start) (G1 Evacuation Pause)
[2026-06-17T10:02:36.394+0800][32.891s][info][gc,task        ] GC(1191) Using 2 workers of 18 for evacuation
[2026-06-17T10:02:36.396+0800][32.892s][info][gc,phases      ] GC(1191)   Pre Evacuate Collection Set: 0.25ms
[2026-06-17T10:02:36.396+0800][32.893s][info][gc,phases      ] GC(1191)   Merge Heap Roots: 0.07ms
[2026-06-17T10:02:36.396+0800][32.893s][info][gc,phases      ] GC(1191)   Evacuate Collection Set: 0.45ms
[2026-06-17T10:02:36.397+0800][32.893s][info][gc,phases      ] GC(1191)   Post Evacuate Collection Set: 0.30ms
[2026-06-17T10:02:36.397+0800][32.894s][info][gc,phases      ] GC(1191)   Other: 0.56ms
[2026-06-17T10:02:36.397+0800][32.894s][info][gc,heap        ] GC(1191) Eden regions: 10->0(6)
[2026-06-17T10:02:36.397+0800][32.894s][info][gc,heap        ] GC(1191) Survivor regions: 2->2(2)
[2026-06-17T10:02:36.397+0800][32.894s][info][gc,heap        ] GC(1191) Old regions: 28->32
[2026-06-17T10:02:36.397+0800][32.894s][info][gc,heap        ] GC(1191) Humongous regions: 13->13
[2026-06-17T10:02:36.398+0800][32.895s][info][gc,metaspace   ] GC(1191) Metaspace: 113K(320K)->113K(320K) NonClass: 105K(192K)->105K(192K) Class: 7K(128K)->7K(128K)
[2026-06-17T10:02:36.398+0800][32.895s][info][gc             ] GC(1191) Pause Young (Concurrent Start) (G1 Evacuation Pause) 52M->46M(64M) 4.451ms
[2026-06-17T10:02:36.398+0800][32.895s][info][gc,cpu         ] GC(1191) User=0.00s Sys=0.00s Real=0.00s
[2026-06-17T10:02:36.398+0800][32.895s][info][gc             ] GC(1192) Concurrent Mark Cycle
[2026-06-17T10:02:36.398+0800][32.895s][info][gc,marking     ] GC(1192) Concurrent Scan Root Regions
[2026-06-17T10:02:36.398+0800][32.895s][info][gc,marking     ] GC(1192) Concurrent Scan Root Regions 0.152ms
[2026-06-17T10:02:36.398+0800][32.895s][info][gc,marking     ] GC(1192) Concurrent Mark
[2026-06-17T10:02:36.398+0800][32.895s][info][gc,marking     ] GC(1192) Concurrent Mark From Roots
[2026-06-17T10:02:36.399+0800][32.895s][info][gc,task        ] GC(1192) Using 5 workers of 5 for marking
[2026-06-17T10:02:36.400+0800][32.897s][info][gc,marking     ] GC(1192) Concurrent Mark From Roots 1.239ms
[2026-06-17T10:02:36.400+0800][32.897s][info][gc,marking     ] GC(1192) Concurrent Preclean
[2026-06-17T10:02:36.400+0800][32.897s][info][gc,marking     ] GC(1192) Concurrent Preclean 0.511ms
[2026-06-17T10:02:36.401+0800][32.897s][info][gc,start       ] GC(1192) Pause Remark
[2026-06-17T10:02:36.401+0800][32.898s][info][gc             ] GC(1192) Pause Remark 47M->36M(64M) 0.482ms
[2026-06-17T10:02:36.401+0800][32.898s][info][gc,cpu         ] GC(1192) User=0.00s Sys=0.00s Real=0.00s
[2026-06-17T10:02:36.401+0800][32.898s][info][gc,marking     ] GC(1192) Concurrent Mark 3.020ms
[2026-06-17T10:02:36.401+0800][32.898s][info][gc,marking     ] GC(1192) Concurrent Rebuild Remembered Sets and Scrub Regions
[2026-06-17T10:02:36.402+0800][32.899s][info][gc,marking     ] GC(1192) Concurrent Rebuild Remembered Sets and Scrub Regions 0.404ms
[2026-06-17T10:02:36.402+0800][32.899s][info][gc,start       ] GC(1192) Pause Cleanup
[2026-06-17T10:02:36.402+0800][32.899s][info][gc             ] GC(1192) Pause Cleanup 36M->36M(64M) 0.170ms
[2026-06-17T10:02:36.402+0800][32.899s][info][gc,cpu         ] GC(1192) User=0.00s Sys=0.00s Real=0.00s
[2026-06-17T10:02:36.403+0800][32.899s][info][gc,marking     ] GC(1192) Concurrent Clear Claimed Marks
[2026-06-17T10:02:36.403+0800][32.900s][info][gc,marking     ] GC(1192) Concurrent Clear Claimed Marks 0.142ms
[2026-06-17T10:02:36.403+0800][32.900s][info][gc,marking     ] GC(1192) Concurrent Cleanup for Next Mark
[2026-06-17T10:02:36.403+0800][32.900s][info][gc,marking     ] GC(1192) Concurrent Cleanup for Next Mark 0.156ms
[2026-06-17T10:02:36.403+0800][32.900s][info][gc             ] GC(1192) Concurrent Mark Cycle 5.128ms
[2026-06-17T10:02:36.419+0800][32.916s][info][gc,start       ] GC(1193) Pause Young (Prepare Mixed) (G1 Evacuation Pause)
[2026-06-17T10:02:36.419+0800][32.916s][info][gc,task        ] GC(1193) Using 2 workers of 18 for evacuation
[2026-06-17T10:02:36.420+0800][32.917s][info][gc,phases      ] GC(1193)   Pre Evacuate Collection Set: 0.15ms
[2026-06-17T10:02:36.421+0800][32.917s][info][gc,phases      ] GC(1193)   Merge Heap Roots: 0.05ms
[2026-06-17T10:02:36.421+0800][32.918s][info][gc,phases      ] GC(1193)   Evacuate Collection Set: 0.26ms
[2026-06-17T10:02:36.421+0800][32.918s][info][gc,phases      ] GC(1193)   Post Evacuate Collection Set: 0.19ms
[2026-06-17T10:02:36.421+0800][32.918s][info][gc,phases      ] GC(1193)   Other: 0.38ms
[2026-06-17T10:02:36.421+0800][32.918s][info][gc,heap        ] GC(1193) Eden regions: 6->0(13)
[2026-06-17T10:02:36.421+0800][32.918s][info][gc,heap        ] GC(1193) Survivor regions: 2->1(1)
[2026-06-17T10:02:36.421+0800][32.918s][info][gc,heap        ] GC(1193) Old regions: 21->24
[2026-06-17T10:02:36.421+0800][32.918s][info][gc,heap        ] GC(1193) Humongous regions: 13->13
[2026-06-17T10:02:36.421+0800][32.918s][info][gc,metaspace   ] GC(1193) Metaspace: 113K(320K)->113K(320K) NonClass: 105K(192K)->105K(192K) Class: 7K(128K)->7K(128K)
[2026-06-17T10:02:36.422+0800][32.918s][info][gc             ] GC(1193) Pause Young (Prepare Mixed) (G1 Evacuation Pause) 41M->37M(64M) 2.748ms
[2026-06-17T10:02:36.422+0800][32.919s][info][gc,cpu         ] GC(1193) User=0.00s Sys=0.00s Real=0.00s
[2026-06-17T10:02:36.453+0800][32.950s][info][gc,start       ] GC(1194) Pause Young (Mixed) (G1 Evacuation Pause)
[2026-06-17T10:02:36.454+0800][32.951s][info][gc,task        ] GC(1194) Using 2 workers of 18 for evacuation
[2026-06-17T10:02:36.455+0800][32.952s][info][gc,phases      ] GC(1194)   Pre Evacuate Collection Set: 0.21ms
[2026-06-17T10:02:36.455+0800][32.952s][info][gc,phases      ] GC(1194)   Merge Heap Roots: 0.05ms
[2026-06-17T10:02:36.456+0800][32.952s][info][gc,phases      ] GC(1194)   Evacuate Collection Set: 0.37ms
[2026-06-17T10:02:36.456+0800][32.953s][info][gc,phases      ] GC(1194)   Post Evacuate Collection Set: 0.23ms
[2026-06-17T10:02:36.456+0800][32.953s][info][gc,phases      ] GC(1194)   Other: 0.35ms
[2026-06-17T10:02:36.456+0800][32.953s][info][gc,heap        ] GC(1194) Eden regions: 13->0(16)
[2026-06-17T10:02:36.456+0800][32.953s][info][gc,heap        ] GC(1194) Survivor regions: 1->2(2)
[2026-06-17T10:02:36.456+0800][32.953s][info][gc,heap        ] GC(1194) Old regions: 24->20
[2026-06-17T10:02:36.456+0800][32.953s][info][gc,heap        ] GC(1194) Humongous regions: 13->13
[2026-06-17T10:02:36.456+0800][32.953s][info][gc,metaspace   ] GC(1194) Metaspace: 113K(320K)->113K(320K) NonClass: 105K(192K)->105K(192K) Class: 7K(128K)->7K(128K)
[2026-06-17T10:02:36.456+0800][32.953s][info][gc             ] GC(1194) Pause Young (Mixed) (G1 Evacuation Pause) 50M->34M(64M) 2.823ms
[2026-06-17T10:02:36.456+0800][32.953s][info][gc,cpu         ] GC(1194) User=0.00s Sys=0.00s Real=0.00s
[2026-06-17T10:02:36.499+0800][32.995s][info][gc,start       ] GC(1195) Pause Young (Normal) (G1 Evacuation Pause)
[2026-06-17T10:02:36.499+0800][32.996s][info][gc,task        ] GC(1195) Using 2 workers of 18 for evacuation
[2026-06-17T10:02:36.500+0800][32.997s][info][gc,phases      ] GC(1195)   Pre Evacuate Collection Set: 0.17ms
[2026-06-17T10:02:36.501+0800][32.997s][info][gc,phases      ] GC(1195)   Merge Heap Roots: 0.07ms
[2026-06-17T10:02:36.501+0800][32.998s][info][gc,phases      ] GC(1195)   Evacuate Collection Set: 0.58ms
[2026-06-17T10:02:36.501+0800][32.998s][info][gc,phases      ] GC(1195)   Post Evacuate Collection Set: 0.19ms
[2026-06-17T10:02:36.501+0800][32.998s][info][gc,phases      ] GC(1195)   Other: 0.32ms
[2026-06-17T10:02:36.501+0800][32.998s][info][gc,heap        ] GC(1195) Eden regions: 16->0(10)
[2026-06-17T10:02:36.501+0800][32.998s][info][gc,heap        ] GC(1195) Survivor regions: 2->3(3)
[2026-06-17T10:02:36.501+0800][32.998s][info][gc,heap        ] GC(1195) Old regions: 20->25
[2026-06-17T10:02:36.501+0800][32.998s][info][gc,heap        ] GC(1195) Humongous regions: 15->15
[2026-06-17T10:02:36.502+0800][32.998s][info][gc,metaspace   ] GC(1195) Metaspace: 113K(320K)->113K(320K) NonClass: 105K(192K)->105K(192K) Class: 7K(128K)->7K(128K)
[2026-06-17T10:02:36.502+0800][32.999s][info][gc             ] GC(1195) Pause Young (Normal) (G1 Evacuation Pause) 52M->42M(64M) 3.181ms
[2026-06-17T10:02:36.502+0800][32.999s][info][gc,cpu         ] GC(1195) User=0.00s Sys=0.00s Real=0.00s
[2026-06-17T10:02:36.523+0800][33.020s][info][gc,start       ] GC(1196) Pause Young (Concurrent Start) (G1 Evacuation Pause)
[2026-06-17T10:02:36.523+0800][33.020s][info][gc,task        ] GC(1196) Using 2 workers of 18 for evacuation
[2026-06-17T10:02:36.524+0800][33.021s][info][gc,phases      ] GC(1196)   Pre Evacuate Collection Set: 0.15ms
[2026-06-17T10:02:36.525+0800][33.022s][info][gc,phases      ] GC(1196)   Merge Heap Roots: 0.03ms
[2026-06-17T10:02:36.525+0800][33.022s][info][gc,phases      ] GC(1196)   Evacuate Collection Set: 0.25ms
[2026-06-17T10:02:36.525+0800][33.022s][info][gc,phases      ] GC(1196)   Post Evacuate Collection Set: 0.15ms
[2026-06-17T10:02:36.525+0800][33.022s][info][gc,phases      ] GC(1196)   Other: 0.40ms
[2026-06-17T10:02:36.525+0800][33.022s][info][gc,heap        ] GC(1196) Eden regions: 10->0(10)
[2026-06-17T10:02:36.525+0800][33.022s][info][gc,heap        ] GC(1196) Survivor regions: 3->2(2)
[2026-06-17T10:02:36.525+0800][33.022s][info][gc,heap        ] GC(1196) Old regions: 25->27
[2026-06-17T10:02:36.526+0800][33.022s][info][gc,heap        ] GC(1196) Humongous regions: 15->15
[2026-06-17T10:02:36.526+0800][33.022s][info][gc,metaspace   ] GC(1196) Metaspace: 113K(320K)->113K(320K) NonClass: 105K(192K)->105K(192K) Class: 7K(128K)->7K(128K)
[2026-06-17T10:02:36.526+0800][33.023s][info][gc             ] GC(1196) Pause Young (Concurrent Start) (G1 Evacuation Pause) 52M->42M(64M) 2.720ms
[2026-06-17T10:02:36.526+0800][33.023s][info][gc,cpu         ] GC(1196) User=0.01s Sys=0.00s Real=0.00s
[2026-06-17T10:02:36.526+0800][33.023s][info][gc             ] GC(1197) Concurrent Mark Cycle
[2026-06-17T10:02:36.526+0800][33.023s][info][gc,marking     ] GC(1197) Concurrent Scan Root Regions
[2026-06-17T10:02:36.526+0800][33.023s][info][gc,marking     ] GC(1197) Concurrent Scan Root Regions 0.149ms
[2026-06-17T10:02:36.526+0800][33.023s][info][gc,marking     ] GC(1197) Concurrent Mark
[2026-06-17T10:02:36.526+0800][33.023s][info][gc,marking     ] GC(1197) Concurrent Mark From Roots
[2026-06-17T10:02:36.526+0800][33.023s][info][gc,task        ] GC(1197) Using 5 workers of 5 for marking
[2026-06-17T10:02:36.528+0800][33.025s][info][gc,marking     ] GC(1197) Concurrent Mark From Roots 1.812ms
[2026-06-17T10:02:36.528+0800][33.025s][info][gc,marking     ] GC(1197) Concurrent Preclean
[2026-06-17T10:02:36.529+0800][33.025s][info][gc,marking     ] GC(1197) Concurrent Preclean 0.143ms
[2026-06-17T10:02:36.529+0800][33.026s][info][gc,start       ] GC(1197) Pause Remark
[2026-06-17T10:02:36.529+0800][33.026s][info][gc             ] GC(1197) Pause Remark 43M->43M(64M) 0.450ms
[2026-06-17T10:02:36.529+0800][33.026s][info][gc,cpu         ] GC(1197) User=0.00s Sys=0.00s Real=0.00s
[2026-06-17T10:02:36.530+0800][33.026s][info][gc,marking     ] GC(1197) Concurrent Mark 3.246ms
[2026-06-17T10:02:36.530+0800][33.026s][info][gc,marking     ] GC(1197) Concurrent Rebuild Remembered Sets and Scrub Regions
[2026-06-17T10:02:36.530+0800][33.027s][info][gc,marking     ] GC(1197) Concurrent Rebuild Remembered Sets and Scrub Regions 0.447ms
[2026-06-17T10:02:36.530+0800][33.027s][info][gc,start       ] GC(1197) Pause Cleanup
[2026-06-17T10:02:36.530+0800][33.027s][info][gc             ] GC(1197) Pause Cleanup 43M->43M(64M) 0.185ms
[2026-06-17T10:02:36.531+0800][33.027s][info][gc,cpu         ] GC(1197) User=0.00s Sys=0.00s Real=0.01s
[2026-06-17T10:02:36.531+0800][33.028s][info][gc,marking     ] GC(1197) Concurrent Clear Claimed Marks
[2026-06-17T10:02:36.531+0800][33.028s][info][gc,marking     ] GC(1197) Concurrent Clear Claimed Marks 0.094ms
[2026-06-17T10:02:36.531+0800][33.028s][info][gc,marking     ] GC(1197) Concurrent Cleanup for Next Mark
[2026-06-17T10:02:36.531+0800][33.028s][info][gc,marking     ] GC(1197) Concurrent Cleanup for Next Mark 0.148ms
[2026-06-17T10:02:36.531+0800][33.028s][info][gc             ] GC(1197) Concurrent Mark Cycle 5.396ms
[2026-06-17T10:02:36.557+0800][33.054s][info][gc,start       ] GC(1198) Pause Young (Prepare Mixed) (G1 Evacuation Pause)
[2026-06-17T10:02:36.558+0800][33.054s][info][gc,task        ] GC(1198) Using 2 workers of 18 for evacuation
[2026-06-17T10:02:36.559+0800][33.055s][info][gc,phases      ] GC(1198)   Pre Evacuate Collection Set: 0.14ms
[2026-06-17T10:02:36.559+0800][33.056s][info][gc,phases      ] GC(1198)   Merge Heap Roots: 0.05ms
[2026-06-17T10:02:36.559+0800][33.056s][info][gc,phases      ] GC(1198)   Evacuate Collection Set: 0.41ms
[2026-06-17T10:02:36.559+0800][33.056s][info][gc,phases      ] GC(1198)   Post Evacuate Collection Set: 0.19ms
[2026-06-17T10:02:36.559+0800][33.056s][info][gc,phases      ] GC(1198)   Other: 0.30ms
[2026-06-17T10:02:36.559+0800][33.056s][info][gc,heap        ] GC(1198) Eden regions: 10->0(8)
[2026-06-17T10:02:36.559+0800][33.056s][info][gc,heap        ] GC(1198) Survivor regions: 2->2(2)
[2026-06-17T10:02:36.559+0800][33.056s][info][gc,heap        ] GC(1198) Old regions: 27->30
[2026-06-17T10:02:36.559+0800][33.056s][info][gc,heap        ] GC(1198) Humongous regions: 15->15
[2026-06-17T10:02:36.560+0800][33.056s][info][gc,metaspace   ] GC(1198) Metaspace: 113K(320K)->113K(320K) NonClass: 105K(192K)->105K(192K) Class: 7K(128K)->7K(128K)
[2026-06-17T10:02:36.560+0800][33.056s][info][gc             ] GC(1198) Pause Young (Prepare Mixed) (G1 Evacuation Pause) 52M->46M(64M) 2.576ms
[2026-06-17T10:02:36.560+0800][33.057s][info][gc,cpu         ] GC(1198) User=0.00s Sys=0.00s Real=0.00s
[2026-06-17T10:02:36.581+0800][33.078s][info][gc,start       ] GC(1199) Pause Young (Mixed) (G1 Evacuation Pause)
[2026-06-17T10:02:36.582+0800][33.079s][info][gc,task        ] GC(1199) Using 2 workers of 18 for evacuation
[2026-06-17T10:02:36.584+0800][33.081s][info][gc,phases      ] GC(1199)   Pre Evacuate Collection Set: 0.16ms
[2026-06-17T10:02:36.585+0800][33.082s][info][gc,phases      ] GC(1199)   Merge Heap Roots: 0.06ms
[2026-06-17T10:02:36.587+0800][33.084s][info][gc,phases      ] GC(1199)   Evacuate Collection Set: 0.54ms
[2026-06-17T10:02:36.589+0800][33.086s][info][gc,phases      ] GC(1199)   Post Evacuate Collection Set: 0.45ms
[2026-06-17T10:02:36.591+0800][33.088s][info][gc,phases      ] GC(1199)   Other: 0.63ms
[2026-06-17T10:02:36.592+0800][33.089s][info][gc,heap        ] GC(1199) Eden regions: 8->0(9)
[2026-06-17T10:02:36.593+0800][33.090s][info][gc,heap        ] GC(1199) Survivor regions: 2->2(2)
[2026-06-17T10:02:36.594+0800][33.091s][info][gc,heap        ] GC(1199) Old regions: 30->27
[2026-06-17T10:02:36.595+0800][33.092s][info][gc,heap        ] GC(1199) Humongous regions: 15->15
[2026-06-17T10:02:36.596+0800][33.093s][info][gc,metaspace   ] GC(1199) Metaspace: 113K(320K)->113K(320K) NonClass: 105K(192K)->105K(192K) Class: 7K(128K)->7K(128K)
[2026-06-17T10:02:36.596+0800][33.093s][info][gc             ] GC(1199) Pause Young (Mixed) (G1 Evacuation Pause) 54M->43M(64M) 15.214ms
[2026-06-17T10:02:36.598+0800][33.095s][info][gc,cpu         ] GC(1199) User=0.00s Sys=0.00s Real=0.02s
[2026-06-17T10:02:36.622+0800][33.119s][info][gc,start       ] GC(1200) Pause Young (Mixed) (G1 Evacuation Pause)
[2026-06-17T10:02:36.623+0800][33.119s][info][gc,task        ] GC(1200) Using 2 workers of 18 for evacuation
[2026-06-17T10:02:36.624+0800][33.121s][info][gc,phases      ] GC(1200)   Pre Evacuate Collection Set: 0.18ms
[2026-06-17T10:02:36.624+0800][33.121s][info][gc,phases      ] GC(1200)   Merge Heap Roots: 0.14ms
[2026-06-17T10:02:36.625+0800][33.122s][info][gc,phases      ] GC(1200)   Evacuate Collection Set: 0.45ms
[2026-06-17T10:02:36.625+0800][33.122s][info][gc,phases      ] GC(1200)   Post Evacuate Collection Set: 0.32ms
[2026-06-17T10:02:36.625+0800][33.122s][info][gc,phases      ] GC(1200)   Other: 0.38ms
[2026-06-17T10:02:36.626+0800][33.122s][info][gc,heap        ] GC(1200) Eden regions: 9->0(8)
[2026-06-17T10:02:36.626+0800][33.123s][info][gc,heap        ] GC(1200) Survivor regions: 2->2(2)
[2026-06-17T10:02:36.626+0800][33.123s][info][gc,heap        ] GC(1200) Old regions: 27->29
[2026-06-17T10:02:36.626+0800][33.123s][info][gc,heap        ] GC(1200) Humongous regions: 15->15
[2026-06-17T10:02:36.627+0800][33.123s][info][gc,metaspace   ] GC(1200) Metaspace: 113K(320K)->113K(320K) NonClass: 105K(192K)->105K(192K) Class: 7K(128K)->7K(128K)
[2026-06-17T10:02:36.627+0800][33.124s][info][gc             ] GC(1200) Pause Young (Mixed) (G1 Evacuation Pause) 52M->45M(64M) 4.744ms
[2026-06-17T10:02:36.627+0800][33.124s][info][gc,cpu         ] GC(1200) User=0.00s Sys=0.01s Real=0.01s
[2026-06-17T10:02:36.648+0800][33.145s][info][gc,start       ] GC(1201) Pause Young (Concurrent Start) (G1 Evacuation Pause)
[2026-06-17T10:02:36.657+0800][33.154s][info][gc,task        ] GC(1201) Using 2 workers of 18 for evacuation
[2026-06-17T10:02:36.663+0800][33.160s][info][gc,phases      ] GC(1201)   Pre Evacuate Collection Set: 0.17ms
[2026-06-17T10:02:36.667+0800][33.164s][info][gc,phases      ] GC(1201)   Merge Heap Roots: 0.06ms
[2026-06-17T10:02:36.667+0800][33.164s][info][gc,phases      ] GC(1201)   Evacuate Collection Set: 0.36ms
[2026-06-17T10:02:36.667+0800][33.164s][info][gc,phases      ] GC(1201)   Post Evacuate Collection Set: 0.19ms
[2026-06-17T10:02:36.667+0800][33.164s][info][gc,phases      ] GC(1201)   Other: 4.67ms
[2026-06-17T10:02:36.668+0800][33.164s][info][gc,heap        ] GC(1201) Eden regions: 8->0(7)
[2026-06-17T10:02:36.668+0800][33.165s][info][gc,heap        ] GC(1201) Survivor regions: 2->2(2)
[2026-06-17T10:02:36.668+0800][33.165s][info][gc,heap        ] GC(1201) Old regions: 29->31
[2026-06-17T10:02:36.668+0800][33.165s][info][gc,heap        ] GC(1201) Humongous regions: 15->15
[2026-06-17T10:02:36.668+0800][33.165s][info][gc,metaspace   ] GC(1201) Metaspace: 113K(320K)->113K(320K) NonClass: 105K(192K)->105K(192K) Class: 7K(128K)->7K(128K)
[2026-06-17T10:02:36.669+0800][33.165s][info][gc             ] GC(1201) Pause Young (Concurrent Start) (G1 Evacuation Pause) 53M->47M(64M) 20.076ms
[2026-06-17T10:02:36.669+0800][33.166s][info][gc,cpu         ] GC(1201) User=0.01s Sys=0.00s Real=0.02s
[2026-06-17T10:02:36.669+0800][33.166s][info][gc             ] GC(1202) Concurrent Mark Cycle
[2026-06-17T10:02:36.669+0800][33.166s][info][gc,marking     ] GC(1202) Concurrent Scan Root Regions
[2026-06-17T10:02:36.669+0800][33.166s][info][gc,marking     ] GC(1202) Concurrent Scan Root Regions 0.151ms
[2026-06-17T10:02:36.669+0800][33.166s][info][gc,marking     ] GC(1202) Concurrent Mark
[2026-06-17T10:02:36.670+0800][33.166s][info][gc,marking     ] GC(1202) Concurrent Mark From Roots
[2026-06-17T10:02:36.670+0800][33.166s][info][gc,task        ] GC(1202) Using 5 workers of 5 for marking
[2026-06-17T10:02:36.671+0800][33.168s][info][gc,marking     ] GC(1202) Concurrent Mark From Roots 1.429ms
[2026-06-17T10:02:36.671+0800][33.168s][info][gc,marking     ] GC(1202) Concurrent Preclean
[2026-06-17T10:02:36.671+0800][33.168s][info][gc,marking     ] GC(1202) Concurrent Preclean 0.117ms
[2026-06-17T10:02:36.671+0800][33.168s][info][gc,start       ] GC(1202) Pause Remark
[2026-06-17T10:02:36.672+0800][33.169s][info][gc             ] GC(1202) Pause Remark 49M->39M(64M) 0.439ms
[2026-06-17T10:02:36.672+0800][33.169s][info][gc,cpu         ] GC(1202) User=0.00s Sys=0.00s Real=0.00s
[2026-06-17T10:02:36.672+0800][33.169s][info][gc,marking     ] GC(1202) Concurrent Mark 2.624ms
[2026-06-17T10:02:36.672+0800][33.169s][info][gc,marking     ] GC(1202) Concurrent Rebuild Remembered Sets and Scrub Regions
[2026-06-17T10:02:36.673+0800][33.170s][info][gc,marking     ] GC(1202) Concurrent Rebuild Remembered Sets and Scrub Regions 0.696ms
[2026-06-17T10:02:36.674+0800][33.170s][info][gc,start       ] GC(1202) Pause Cleanup
[2026-06-17T10:02:36.674+0800][33.171s][info][gc             ] GC(1202) Pause Cleanup 39M->39M(64M) 0.331ms
[2026-06-17T10:02:36.674+0800][33.171s][info][gc,cpu         ] GC(1202) User=0.00s Sys=0.00s Real=0.00s
[2026-06-17T10:02:36.675+0800][33.172s][info][gc,marking     ] GC(1202) Concurrent Clear Claimed Marks
[2026-06-17T10:02:36.675+0800][33.172s][info][gc,marking     ] GC(1202) Concurrent Clear Claimed Marks 0.280ms
[2026-06-17T10:02:36.675+0800][33.172s][info][gc,marking     ] GC(1202) Concurrent Cleanup for Next Mark
[2026-06-17T10:02:36.676+0800][33.172s][info][gc,marking     ] GC(1202) Concurrent Cleanup for Next Mark 0.278ms
[2026-06-17T10:02:36.676+0800][33.172s][info][gc             ] GC(1202) Concurrent Mark Cycle 6.808ms
[2026-06-17T10:02:36.690+0800][33.187s][info][gc,start       ] GC(1203) Pause Young (Prepare Mixed) (G1 Evacuation Pause)
[2026-06-17T10:02:36.690+0800][33.187s][info][gc,task        ] GC(1203) Using 2 workers of 18 for evacuation
[2026-06-17T10:02:36.692+0800][33.188s][info][gc,phases      ] GC(1203)   Pre Evacuate Collection Set: 0.13ms
[2026-06-17T10:02:36.692+0800][33.189s][info][gc,phases      ] GC(1203)   Merge Heap Roots: 0.08ms
[2026-06-17T10:02:36.692+0800][33.189s][info][gc,phases      ] GC(1203)   Evacuate Collection Set: 0.43ms
[2026-06-17T10:02:36.692+0800][33.189s][info][gc,phases      ] GC(1203)   Post Evacuate Collection Set: 0.34ms
[2026-06-17T10:02:36.692+0800][33.189s][info][gc,phases      ] GC(1203)   Other: 0.36ms
[2026-06-17T10:02:36.692+0800][33.189s][info][gc,heap        ] GC(1203) Eden regions: 7->0(10)
[2026-06-17T10:02:36.692+0800][33.189s][info][gc,heap        ] GC(1203) Survivor regions: 2->2(2)
[2026-06-17T10:02:36.692+0800][33.189s][info][gc,heap        ] GC(1203) Old regions: 21->23
[2026-06-17T10:02:36.693+0800][33.189s][info][gc,heap        ] GC(1203) Humongous regions: 15->15
[2026-06-17T10:02:36.693+0800][33.189s][info][gc,metaspace   ] GC(1203) Metaspace: 113K(320K)->113K(320K) NonClass: 105K(192K)->105K(192K) Class: 7K(128K)->7K(128K)
[2026-06-17T10:02:36.693+0800][33.190s][info][gc             ] GC(1203) Pause Young (Prepare Mixed) (G1 Evacuation Pause) 44M->39M(64M) 2.771ms
[2026-06-17T10:02:36.693+0800][33.190s][info][gc,cpu         ] GC(1203) User=0.00s Sys=0.00s Real=0.01s
[2026-06-17T10:02:36.714+0800][33.211s][info][gc,start       ] GC(1204) Pause Young (Mixed) (G1 Evacuation Pause)
[2026-06-17T10:02:36.714+0800][33.211s][info][gc,task        ] GC(1204) Using 2 workers of 18 for evacuation
[2026-06-17T10:02:36.716+0800][33.212s][info][gc,phases      ] GC(1204)   Pre Evacuate Collection Set: 0.21ms
[2026-06-17T10:02:36.716+0800][33.213s][info][gc,phases      ] GC(1204)   Merge Heap Roots: 0.09ms
[2026-06-17T10:02:36.716+0800][33.213s][info][gc,phases      ] GC(1204)   Evacuate Collection Set: 0.62ms
[2026-06-17T10:02:36.716+0800][33.213s][info][gc,phases      ] GC(1204)   Post Evacuate Collection Set: 0.26ms
[2026-06-17T10:02:36.716+0800][33.213s][info][gc,phases      ] GC(1204)   Other: 0.15ms
[2026-06-17T10:02:36.716+0800][33.213s][info][gc,heap        ] GC(1204) Eden regions: 10->0(9)
[2026-06-17T10:02:36.717+0800][33.213s][info][gc,heap        ] GC(1204) Survivor regions: 2->2(2)
[2026-06-17T10:02:36.717+0800][33.213s][info][gc,heap        ] GC(1204) Old regions: 23->24
[2026-06-17T10:02:36.717+0800][33.214s][info][gc,heap        ] GC(1204) Humongous regions: 15->15
[2026-06-17T10:02:36.717+0800][33.214s][info][gc,metaspace   ] GC(1204) Metaspace: 113K(320K)->113K(320K) NonClass: 105K(192K)->105K(192K) Class: 7K(128K)->7K(128K)
[2026-06-17T10:02:36.717+0800][33.214s][info][gc             ] GC(1204) Pause Young (Mixed) (G1 Evacuation Pause) 49M->40M(64M) 3.004ms
[2026-06-17T10:02:36.717+0800][33.214s][info][gc,cpu         ] GC(1204) User=0.00s Sys=0.00s Real=0.00s
[2026-06-17T10:02:36.749+0800][33.245s][info][gc,start       ] GC(1205) Pause Young (Normal) (G1 Evacuation Pause)
[2026-06-17T10:02:36.749+0800][33.246s][info][gc,task        ] GC(1205) Using 2 workers of 18 for evacuation
[2026-06-17T10:02:36.750+0800][33.247s][info][gc,phases      ] GC(1205)   Pre Evacuate Collection Set: 0.15ms
[2026-06-17T10:02:36.750+0800][33.247s][info][gc,phases      ] GC(1205)   Merge Heap Roots: 0.07ms
[2026-06-17T10:02:36.750+0800][33.247s][info][gc,phases      ] GC(1205)   Evacuate Collection Set: 0.29ms
[2026-06-17T10:02:36.751+0800][33.247s][info][gc,phases      ] GC(1205)   Post Evacuate Collection Set: 0.28ms
[2026-06-17T10:02:36.751+0800][33.248s][info][gc,phases      ] GC(1205)   Other: 0.27ms
[2026-06-17T10:02:36.751+0800][33.248s][info][gc,heap        ] GC(1205) Eden regions: 9->0(11)
[2026-06-17T10:02:36.751+0800][33.248s][info][gc,heap        ] GC(1205) Survivor regions: 2->2(2)
[2026-06-17T10:02:36.752+0800][33.249s][info][gc,heap        ] GC(1205) Old regions: 24->26
[2026-06-17T10:02:36.752+0800][33.249s][info][gc,heap        ] GC(1205) Humongous regions: 17->11
[2026-06-17T10:02:36.752+0800][33.249s][info][gc,metaspace   ] GC(1205) Metaspace: 113K(320K)->113K(320K) NonClass: 105K(192K)->105K(192K) Class: 7K(128K)->7K(128K)
[2026-06-17T10:02:36.752+0800][33.249s][info][gc             ] GC(1205) Pause Young (Normal) (G1 Evacuation Pause) 51M->38M(64M) 3.557ms
[2026-06-17T10:02:36.752+0800][33.249s][info][gc,cpu         ] GC(1205) User=0.00s Sys=0.00s Real=0.01s
[2026-06-17T10:02:36.774+0800][33.271s][info][gc,start       ] GC(1206) Pause Young (Normal) (G1 Evacuation Pause)
[2026-06-17T10:02:36.774+0800][33.271s][info][gc,task        ] GC(1206) Using 2 workers of 18 for evacuation
[2026-06-17T10:02:36.775+0800][33.272s][info][gc,phases      ] GC(1206)   Pre Evacuate Collection Set: 0.17ms
[2026-06-17T10:02:36.776+0800][33.273s][info][gc,phases      ] GC(1206)   Merge Heap Roots: 0.05ms
[2026-06-17T10:02:36.776+0800][33.273s][info][gc,phases      ] GC(1206)   Evacuate Collection Set: 0.31ms
[2026-06-17T10:02:36.776+0800][33.273s][info][gc,phases      ] GC(1206)   Post Evacuate Collection Set: 0.31ms
[2026-06-17T10:02:36.776+0800][33.273s][info][gc,phases      ] GC(1206)   Other: 0.23ms
[2026-06-17T10:02:36.777+0800][33.274s][info][gc,heap        ] GC(1206) Eden regions: 11->0(12)
[2026-06-17T10:02:36.777+0800][33.274s][info][gc,heap        ] GC(1206) Survivor regions: 2->2(2)
[2026-06-17T10:02:36.777+0800][33.274s][info][gc,heap        ] GC(1206) Old regions: 26->28
[2026-06-17T10:02:36.777+0800][33.274s][info][gc,heap        ] GC(1206) Humongous regions: 11->11
[2026-06-17T10:02:36.777+0800][33.274s][info][gc,metaspace   ] GC(1206) Metaspace: 113K(320K)->113K(320K) NonClass: 105K(192K)->105K(192K) Class: 7K(128K)->7K(128K)
[2026-06-17T10:02:36.777+0800][33.274s][info][gc             ] GC(1206) Pause Young (Normal) (G1 Evacuation Pause) 49M->39M(64M) 3.694ms
[2026-06-17T10:02:36.777+0800][33.274s][info][gc,cpu         ] GC(1206) User=0.00s Sys=0.00s Real=0.00s
[2026-06-17T10:02:36.809+0800][33.306s][info][gc,start       ] GC(1207) Pause Young (Normal) (G1 Evacuation Pause)
[2026-06-17T10:02:36.810+0800][33.307s][info][gc,task        ] GC(1207) Using 2 workers of 18 for evacuation
[2026-06-17T10:02:36.811+0800][33.307s][info][gc,phases      ] GC(1207)   Pre Evacuate Collection Set: 0.13ms
[2026-06-17T10:02:36.811+0800][33.308s][info][gc,phases      ] GC(1207)   Merge Heap Roots: 0.04ms
[2026-06-17T10:02:36.811+0800][33.308s][info][gc,phases      ] GC(1207)   Evacuate Collection Set: 0.23ms
[2026-06-17T10:02:36.811+0800][33.308s][info][gc,phases      ] GC(1207)   Post Evacuate Collection Set: 0.22ms
[2026-06-17T10:02:36.811+0800][33.308s][info][gc,phases      ] GC(1207)   Other: 0.23ms
[2026-06-17T10:02:36.811+0800][33.308s][info][gc,heap        ] GC(1207) Eden regions: 12->0(12)
[2026-06-17T10:02:36.812+0800][33.309s][info][gc,heap        ] GC(1207) Survivor regions: 2->2(2)
[2026-06-17T10:02:36.812+0800][33.309s][info][gc,heap        ] GC(1207) Old regions: 28->29
[2026-06-17T10:02:36.813+0800][33.310s][info][gc,heap        ] GC(1207) Humongous regions: 11->11
[2026-06-17T10:02:36.813+0800][33.310s][info][gc,metaspace   ] GC(1207) Metaspace: 113K(320K)->113K(320K) NonClass: 105K(192K)->105K(192K) Class: 7K(128K)->7K(128K)
[2026-06-17T10:02:36.813+0800][33.310s][info][gc             ] GC(1207) Pause Young (Normal) (G1 Evacuation Pause) 51M->41M(64M) 3.991ms
[2026-06-17T10:02:36.813+0800][33.310s][info][gc,cpu         ] GC(1207) User=0.00s Sys=0.00s Real=0.01s
[2026-06-17T10:02:36.845+0800][33.342s][info][gc,start       ] GC(1208) Pause Young (Concurrent Start) (G1 Evacuation Pause)
[2026-06-17T10:02:36.846+0800][33.343s][info][gc,task        ] GC(1208) Using 2 workers of 18 for evacuation
[2026-06-17T10:02:36.847+0800][33.344s][info][gc,phases      ] GC(1208)   Pre Evacuate Collection Set: 0.14ms
[2026-06-17T10:02:36.847+0800][33.344s][info][gc,phases      ] GC(1208)   Merge Heap Roots: 0.04ms
[2026-06-17T10:02:36.847+0800][33.344s][info][gc,phases      ] GC(1208)   Evacuate Collection Set: 0.34ms
[2026-06-17T10:02:36.847+0800][33.344s][info][gc,phases      ] GC(1208)   Post Evacuate Collection Set: 0.22ms
[2026-06-17T10:02:36.848+0800][33.345s][info][gc,phases      ] GC(1208)   Other: 0.33ms
[2026-06-17T10:02:36.848+0800][33.345s][info][gc,heap        ] GC(1208) Eden regions: 12->0(11)
[2026-06-17T10:02:36.849+0800][33.346s][info][gc,heap        ] GC(1208) Survivor regions: 2->2(2)
[2026-06-17T10:02:36.849+0800][33.346s][info][gc,heap        ] GC(1208) Old regions: 29->31
[2026-06-17T10:02:36.849+0800][33.346s][info][gc,heap        ] GC(1208) Humongous regions: 11->11
[2026-06-17T10:02:36.849+0800][33.346s][info][gc,metaspace   ] GC(1208) Metaspace: 113K(320K)->113K(320K) NonClass: 105K(192K)->105K(192K) Class: 7K(128K)->7K(128K)
[2026-06-17T10:02:36.849+0800][33.346s][info][gc             ] GC(1208) Pause Young (Concurrent Start) (G1 Evacuation Pause) 52M->43M(64M) 4.230ms
[2026-06-17T10:02:36.850+0800][33.346s][info][gc,cpu         ] GC(1208) User=0.00s Sys=0.00s Real=0.00s
[2026-06-17T10:02:36.850+0800][33.346s][info][gc             ] GC(1209) Concurrent Mark Cycle
[2026-06-17T10:02:36.850+0800][33.347s][info][gc,marking     ] GC(1209) Concurrent Scan Root Regions
[2026-06-17T10:02:36.850+0800][33.347s][info][gc,marking     ] GC(1209) Concurrent Scan Root Regions 0.165ms
[2026-06-17T10:02:36.850+0800][33.347s][info][gc,marking     ] GC(1209) Concurrent Mark
[2026-06-17T10:02:36.850+0800][33.347s][info][gc,marking     ] GC(1209) Concurrent Mark From Roots
[2026-06-17T10:02:36.850+0800][33.347s][info][gc,task        ] GC(1209) Using 5 workers of 5 for marking
[2026-06-17T10:02:36.852+0800][33.349s][info][gc,marking     ] GC(1209) Concurrent Mark From Roots 1.585ms
[2026-06-17T10:02:36.852+0800][33.349s][info][gc,marking     ] GC(1209) Concurrent Preclean
[2026-06-17T10:02:36.852+0800][33.349s][info][gc,marking     ] GC(1209) Concurrent Preclean 0.152ms
[2026-06-17T10:02:36.852+0800][33.349s][info][gc,start       ] GC(1209) Pause Remark
[2026-06-17T10:02:36.853+0800][33.350s][info][gc             ] GC(1209) Pause Remark 44M->35M(64M) 0.420ms
[2026-06-17T10:02:36.853+0800][33.350s][info][gc,cpu         ] GC(1209) User=0.00s Sys=0.00s Real=0.00s
[2026-06-17T10:02:36.853+0800][33.350s][info][gc,marking     ] GC(1209) Concurrent Mark 2.911ms
[2026-06-17T10:02:36.853+0800][33.350s][info][gc,marking     ] GC(1209) Concurrent Rebuild Remembered Sets and Scrub Regions
[2026-06-17T10:02:36.854+0800][33.350s][info][gc,marking     ] GC(1209) Concurrent Rebuild Remembered Sets and Scrub Regions 0.538ms
[2026-06-17T10:02:36.854+0800][33.351s][info][gc,start       ] GC(1209) Pause Cleanup
[2026-06-17T10:02:36.854+0800][33.351s][info][gc             ] GC(1209) Pause Cleanup 35M->35M(64M) 0.188ms
[2026-06-17T10:02:36.854+0800][33.351s][info][gc,cpu         ] GC(1209) User=0.00s Sys=0.00s Real=0.00s
[2026-06-17T10:02:36.854+0800][33.351s][info][gc,marking     ] GC(1209) Concurrent Clear Claimed Marks
[2026-06-17T10:02:36.854+0800][33.351s][info][gc,marking     ] GC(1209) Concurrent Clear Claimed Marks 0.096ms
[2026-06-17T10:02:36.855+0800][33.352s][info][gc,marking     ] GC(1209) Concurrent Cleanup for Next Mark
[2026-06-17T10:02:36.855+0800][33.352s][info][gc,marking     ] GC(1209) Concurrent Cleanup for Next Mark 0.249ms
[2026-06-17T10:02:36.855+0800][33.352s][info][gc             ] GC(1209) Concurrent Mark Cycle 5.573ms
[2026-06-17T10:02:36.881+0800][33.378s][info][gc,start       ] GC(1210) Pause Young (Prepare Mixed) (G1 Evacuation Pause)
[2026-06-17T10:02:36.881+0800][33.378s][info][gc,task        ] GC(1210) Using 2 workers of 18 for evacuation
[2026-06-17T10:02:36.882+0800][33.379s][info][gc,phases      ] GC(1210)   Pre Evacuate Collection Set: 0.10ms
[2026-06-17T10:02:36.882+0800][33.379s][info][gc,phases      ] GC(1210)   Merge Heap Roots: 0.04ms
[2026-06-17T10:02:36.883+0800][33.380s][info][gc,phases      ] GC(1210)   Evacuate Collection Set: 0.37ms
[2026-06-17T10:02:36.883+0800][33.380s][info][gc,phases      ] GC(1210)   Post Evacuate Collection Set: 0.15ms
[2026-06-17T10:02:36.883+0800][33.380s][info][gc,phases      ] GC(1210)   Other: 0.26ms
[2026-06-17T10:02:36.883+0800][33.380s][info][gc,heap        ] GC(1210) Eden regions: 11->0(12)
[2026-06-17T10:02:36.883+0800][33.380s][info][gc,heap        ] GC(1210) Survivor regions: 2->2(2)
[2026-06-17T10:02:36.883+0800][33.380s][info][gc,heap        ] GC(1210) Old regions: 22->27
[2026-06-17T10:02:36.883+0800][33.380s][info][gc,heap        ] GC(1210) Humongous regions: 11->11
[2026-06-17T10:02:36.883+0800][33.380s][info][gc,metaspace   ] GC(1210) Metaspace: 113K(320K)->113K(320K) NonClass: 105K(192K)->105K(192K) Class: 7K(128K)->7K(128K)
[2026-06-17T10:02:36.884+0800][33.380s][info][gc             ] GC(1210) Pause Young (Prepare Mixed) (G1 Evacuation Pause) 45M->39M(64M) 2.561ms
[2026-06-17T10:02:36.884+0800][33.381s][info][gc,cpu         ] GC(1210) User=0.00s Sys=0.00s Real=0.01s
[2026-06-17T10:02:36.915+0800][33.412s][info][gc,start       ] GC(1211) Pause Young (Mixed) (G1 Evacuation Pause)
[2026-06-17T10:02:36.916+0800][33.412s][info][gc,task        ] GC(1211) Using 2 workers of 18 for evacuation
[2026-06-17T10:02:36.917+0800][33.414s][info][gc,phases      ] GC(1211)   Pre Evacuate Collection Set: 0.20ms
[2026-06-17T10:02:36.917+0800][33.414s][info][gc,phases      ] GC(1211)   Merge Heap Roots: 0.09ms
[2026-06-17T10:02:36.917+0800][33.414s][info][gc,phases      ] GC(1211)   Evacuate Collection Set: 0.57ms
[2026-06-17T10:02:36.917+0800][33.414s][info][gc,phases      ] GC(1211)   Post Evacuate Collection Set: 0.22ms
[2026-06-17T10:02:36.917+0800][33.414s][info][gc,phases      ] GC(1211)   Other: 0.27ms
[2026-06-17T10:02:36.917+0800][33.414s][info][gc,heap        ] GC(1211) Eden regions: 12->0(12)
[2026-06-17T10:02:36.918+0800][33.414s][info][gc,heap        ] GC(1211) Survivor regions: 2->2(2)
[2026-06-17T10:02:36.918+0800][33.415s][info][gc,heap        ] GC(1211) Old regions: 27->26
[2026-06-17T10:02:36.918+0800][33.415s][info][gc,heap        ] GC(1211) Humongous regions: 11->11
[2026-06-17T10:02:36.918+0800][33.415s][info][gc,metaspace   ] GC(1211) Metaspace: 113K(320K)->113K(320K) NonClass: 105K(192K)->105K(192K) Class: 7K(128K)->7K(128K)
[2026-06-17T10:02:36.918+0800][33.415s][info][gc             ] GC(1211) Pause Young (Mixed) (G1 Evacuation Pause) 51M->38M(64M) 2.910ms
[2026-06-17T10:02:36.918+0800][33.415s][info][gc,cpu         ] GC(1211) User=0.00s Sys=0.00s Real=0.00s
[2026-06-17T10:02:36.950+0800][33.447s][info][gc,start       ] GC(1212) Pause Young (Normal) (G1 Evacuation Pause)
[2026-06-17T10:02:36.951+0800][33.448s][info][gc,task        ] GC(1212) Using 2 workers of 18 for evacuation
[2026-06-17T10:02:36.952+0800][33.449s][info][gc,phases      ] GC(1212)   Pre Evacuate Collection Set: 0.13ms
[2026-06-17T10:02:36.952+0800][33.449s][info][gc,phases      ] GC(1212)   Merge Heap Roots: 0.05ms
[2026-06-17T10:02:36.953+0800][33.450s][info][gc,phases      ] GC(1212)   Evacuate Collection Set: 0.47ms
[2026-06-17T10:02:36.953+0800][33.450s][info][gc,phases      ] GC(1212)   Post Evacuate Collection Set: 0.26ms
[2026-06-17T10:02:36.953+0800][33.450s][info][gc,phases      ] GC(1212)   Other: 0.45ms
[2026-06-17T10:02:36.954+0800][33.450s][info][gc,heap        ] GC(1212) Eden regions: 12->0(10)
[2026-06-17T10:02:36.954+0800][33.451s][info][gc,heap        ] GC(1212) Survivor regions: 2->2(2)
[2026-06-17T10:02:36.954+0800][33.451s][info][gc,heap        ] GC(1212) Old regions: 26->29
[2026-06-17T10:02:36.954+0800][33.451s][info][gc,heap        ] GC(1212) Humongous regions: 13->13
[2026-06-17T10:02:36.955+0800][33.451s][info][gc,metaspace   ] GC(1212) Metaspace: 113K(320K)->113K(320K) NonClass: 105K(192K)->105K(192K) Class: 7K(128K)->7K(128K)
[2026-06-17T10:02:36.955+0800][33.452s][info][gc             ] GC(1212) Pause Young (Normal) (G1 Evacuation Pause) 52M->43M(64M) 4.662ms
[2026-06-17T10:02:36.955+0800][33.452s][info][gc,cpu         ] GC(1212) User=0.00s Sys=0.00s Real=0.01s
[2026-06-17T10:02:36.986+0800][33.483s][info][gc,start       ] GC(1213) Pause Young (Concurrent Start) (G1 Evacuation Pause)
[2026-06-17T10:02:36.989+0800][33.486s][info][gc,task        ] GC(1213) Using 2 workers of 18 for evacuation
[2026-06-17T10:02:36.992+0800][33.488s][info][gc,phases      ] GC(1213)   Pre Evacuate Collection Set: 0.19ms
[2026-06-17T10:02:36.993+0800][33.489s][info][gc,phases      ] GC(1213)   Merge Heap Roots: 0.15ms
[2026-06-17T10:02:36.994+0800][33.491s][info][gc,phases      ] GC(1213)   Evacuate Collection Set: 0.38ms
[2026-06-17T10:02:36.994+0800][33.491s][info][gc,phases      ] GC(1213)   Post Evacuate Collection Set: 0.20ms
[2026-06-17T10:02:36.997+0800][33.493s][info][gc,phases      ] GC(1213)   Other: 1.71ms
[2026-06-17T10:02:36.998+0800][33.495s][info][gc,heap        ] GC(1213) Eden regions: 10->0(9)
[2026-06-17T10:02:36.999+0800][33.495s][info][gc,heap        ] GC(1213) Survivor regions: 2->2(2)
[2026-06-17T10:02:36.999+0800][33.496s][info][gc,heap        ] GC(1213) Old regions: 29->30
[2026-06-17T10:02:37.001+0800][33.498s][info][gc,heap        ] GC(1213) Humongous regions: 13->13
[2026-06-17T10:02:37.003+0800][33.500s][info][gc,metaspace   ] GC(1213) Metaspace: 113K(320K)->113K(320K) NonClass: 105K(192K)->105K(192K) Class: 7K(128K)->7K(128K)
[2026-06-17T10:02:37.003+0800][33.500s][info][gc             ] GC(1213) Pause Young (Concurrent Start) (G1 Evacuation Pause) 53M->44M(64M) 16.988ms
[2026-06-17T10:02:37.006+0800][33.502s][info][gc,cpu         ] GC(1213) User=0.00s Sys=0.00s Real=0.02s
[2026-06-17T10:02:37.006+0800][33.502s][info][gc             ] GC(1214) Concurrent Mark Cycle
[2026-06-17T10:02:37.007+0800][33.504s][info][gc,marking     ] GC(1214) Concurrent Scan Root Regions
[2026-06-17T10:02:37.008+0800][33.505s][info][gc,marking     ] GC(1214) Concurrent Scan Root Regions 0.610ms
[2026-06-17T10:02:37.009+0800][33.506s][info][gc,marking     ] GC(1214) Concurrent Mark
[2026-06-17T10:02:37.010+0800][33.507s][info][gc,marking     ] GC(1214) Concurrent Mark From Roots
[2026-06-17T10:02:37.010+0800][33.507s][info][gc,task        ] GC(1214) Using 5 workers of 5 for marking
[2026-06-17T10:02:37.013+0800][33.510s][info][gc,marking     ] GC(1214) Concurrent Mark From Roots 3.099ms
[2026-06-17T10:02:37.014+0800][33.511s][info][gc,marking     ] GC(1214) Concurrent Preclean
[2026-06-17T10:02:37.014+0800][33.511s][info][gc,marking     ] GC(1214) Concurrent Preclean 0.704ms
[2026-06-17T10:02:37.015+0800][33.512s][info][gc,start       ] GC(1214) Pause Remark
[2026-06-17T10:02:37.016+0800][33.513s][info][gc             ] GC(1214) Pause Remark 48M->39M(64M) 0.835ms
[2026-06-17T10:02:37.016+0800][33.513s][info][gc,cpu         ] GC(1214) User=0.00s Sys=0.00s Real=0.00s
[2026-06-17T10:02:37.018+0800][33.515s][info][gc,marking     ] GC(1214) Concurrent Mark 8.761ms
[2026-06-17T10:02:37.018+0800][33.515s][info][gc,marking     ] GC(1214) Concurrent Rebuild Remembered Sets and Scrub Regions
[2026-06-17T10:02:37.021+0800][33.517s][info][gc,marking     ] GC(1214) Concurrent Rebuild Remembered Sets and Scrub Regions 2.250ms
[2026-06-17T10:02:37.021+0800][33.518s][info][gc,start       ] GC(1214) Pause Cleanup
[2026-06-17T10:02:37.023+0800][33.520s][info][gc             ] GC(1214) Pause Cleanup 43M->43M(64M) 1.854ms
[2026-06-17T10:02:37.023+0800][33.520s][info][gc,cpu         ] GC(1214) User=0.00s Sys=0.00s Real=0.01s
[2026-06-17T10:02:37.024+0800][33.520s][info][gc,marking     ] GC(1214) Concurrent Clear Claimed Marks
[2026-06-17T10:02:37.025+0800][33.522s][info][gc,marking     ] GC(1214) Concurrent Clear Claimed Marks 1.429ms
[2026-06-17T10:02:37.025+0800][33.522s][info][gc,marking     ] GC(1214) Concurrent Cleanup for Next Mark
[2026-06-17T10:02:37.028+0800][33.525s][info][gc,marking     ] GC(1214) Concurrent Cleanup for Next Mark 2.366ms
[2026-06-17T10:02:37.028+0800][33.525s][info][gc             ] GC(1214) Concurrent Mark Cycle 22.413ms
[2026-06-17T10:02:37.029+0800][33.525s][info][gc,start       ] GC(1215) Pause Young (Prepare Mixed) (G1 Evacuation Pause)
[2026-06-17T10:02:37.030+0800][33.527s][info][gc,task        ] GC(1215) Using 2 workers of 18 for evacuation
[2026-06-17T10:02:37.033+0800][33.530s][info][gc,phases      ] GC(1215)   Pre Evacuate Collection Set: 0.10ms
[2026-06-17T10:02:37.034+0800][33.531s][info][gc,phases      ] GC(1215)   Merge Heap Roots: 0.04ms
[2026-06-17T10:02:37.036+0800][33.532s][info][gc,phases      ] GC(1215)   Evacuate Collection Set: 0.33ms
[2026-06-17T10:02:37.036+0800][33.533s][info][gc,phases      ] GC(1215)   Post Evacuate Collection Set: 0.17ms
[2026-06-17T10:02:37.036+0800][33.533s][info][gc,phases      ] GC(1215)   Other: 2.21ms
[2026-06-17T10:02:37.036+0800][33.533s][info][gc,heap        ] GC(1215) Eden regions: 9->0(13)
[2026-06-17T10:02:37.039+0800][33.536s][info][gc,heap        ] GC(1215) Survivor regions: 2->2(2)
[2026-06-17T10:02:37.039+0800][33.536s][info][gc,heap        ] GC(1215) Old regions: 21->24
[2026-06-17T10:02:37.043+0800][33.540s][info][gc,heap        ] GC(1215) Humongous regions: 13->13
[2026-06-17T10:02:37.043+0800][33.540s][info][gc,metaspace   ] GC(1215) Metaspace: 113K(320K)->113K(320K) NonClass: 105K(192K)->105K(192K) Class: 7K(128K)->7K(128K)
[2026-06-17T10:02:37.043+0800][33.540s][info][gc             ] GC(1215) Pause Young (Prepare Mixed) (G1 Evacuation Pause) 44M->38M(64M) 14.453ms
[2026-06-17T10:02:37.043+0800][33.540s][info][gc,cpu         ] GC(1215) User=0.00s Sys=0.00s Real=0.02s
[2026-06-17T10:02:37.075+0800][33.572s][info][gc,start       ] GC(1216) Pause Young (Mixed) (G1 Evacuation Pause)
[2026-06-17T10:02:37.075+0800][33.572s][info][gc,task        ] GC(1216) Using 2 workers of 18 for evacuation
[2026-06-17T10:02:37.077+0800][33.574s][info][gc,phases      ] GC(1216)   Pre Evacuate Collection Set: 0.13ms
[2026-06-17T10:02:37.078+0800][33.574s][info][gc,phases      ] GC(1216)   Merge Heap Roots: 0.05ms
[2026-06-17T10:02:37.078+0800][33.575s][info][gc,phases      ] GC(1216)   Evacuate Collection Set: 0.45ms
[2026-06-17T10:02:37.078+0800][33.575s][info][gc,phases      ] GC(1216)   Post Evacuate Collection Set: 0.16ms
[2026-06-17T10:02:37.079+0800][33.576s][info][gc,phases      ] GC(1216)   Other: 1.03ms
[2026-06-17T10:02:37.079+0800][33.576s][info][gc,heap        ] GC(1216) Eden regions: 13->0(14)
[2026-06-17T10:02:37.081+0800][33.578s][info][gc,heap        ] GC(1216) Survivor regions: 2->2(2)
[2026-06-17T10:02:37.081+0800][33.578s][info][gc,heap        ] GC(1216) Old regions: 24->22
[2026-06-17T10:02:37.082+0800][33.579s][info][gc,heap        ] GC(1216) Humongous regions: 13->13
[2026-06-17T10:02:37.082+0800][33.579s][info][gc,metaspace   ] GC(1216) Metaspace: 113K(320K)->113K(320K) NonClass: 105K(192K)->105K(192K) Class: 7K(128K)->7K(128K)
[2026-06-17T10:02:37.084+0800][33.581s][info][gc             ] GC(1216) Pause Young (Mixed) (G1 Evacuation Pause) 51M->36M(64M) 9.294ms
[2026-06-17T10:02:37.085+0800][33.581s][info][gc,cpu         ] GC(1216) User=0.00s Sys=0.00s Real=0.01s
[2026-06-17T10:02:37.127+0800][33.624s][info][gc,start       ] GC(1217) Pause Young (Mixed) (G1 Evacuation Pause)
[2026-06-17T10:02:37.127+0800][33.624s][info][gc,task        ] GC(1217) Using 2 workers of 18 for evacuation
[2026-06-17T10:02:37.129+0800][33.626s][info][gc,phases      ] GC(1217)   Pre Evacuate Collection Set: 0.15ms
[2026-06-17T10:02:37.129+0800][33.626s][info][gc,phases      ] GC(1217)   Merge Heap Roots: 0.04ms
[2026-06-17T10:02:37.130+0800][33.626s][info][gc,phases      ] GC(1217)   Evacuate Collection Set: 0.60ms
[2026-06-17T10:02:37.130+0800][33.627s][info][gc,phases      ] GC(1217)   Post Evacuate Collection Set: 0.32ms
[2026-06-17T10:02:37.130+0800][33.627s][info][gc,phases      ] GC(1217)   Other: 0.34ms
[2026-06-17T10:02:37.131+0800][33.627s][info][gc,heap        ] GC(1217) Eden regions: 14->0(12)
[2026-06-17T10:02:37.131+0800][33.628s][info][gc,heap        ] GC(1217) Survivor regions: 2->2(2)
[2026-06-17T10:02:37.131+0800][33.628s][info][gc,heap        ] GC(1217) Old regions: 22->24
[2026-06-17T10:02:37.132+0800][33.629s][info][gc,heap        ] GC(1217) Humongous regions: 13->13
[2026-06-17T10:02:37.132+0800][33.629s][info][gc,metaspace   ] GC(1217) Metaspace: 113K(320K)->113K(320K) NonClass: 105K(192K)->105K(192K) Class: 7K(128K)->7K(128K)
[2026-06-17T10:02:37.132+0800][33.629s][info][gc             ] GC(1217) Pause Young (Mixed) (G1 Evacuation Pause) 50M->38M(64M) 5.167ms
[2026-06-17T10:02:37.132+0800][33.629s][info][gc,cpu         ] GC(1217) User=0.00s Sys=0.00s Real=0.01s
[2026-06-17T10:02:37.164+0800][33.661s][info][gc,start       ] GC(1218) Pause Young (Normal) (G1 Evacuation Pause)
[2026-06-17T10:02:37.165+0800][33.662s][info][gc,task        ] GC(1218) Using 2 workers of 18 for evacuation
[2026-06-17T10:02:37.166+0800][33.663s][info][gc,phases      ] GC(1218)   Pre Evacuate Collection Set: 0.29ms
[2026-06-17T10:02:37.166+0800][33.663s][info][gc,phases      ] GC(1218)   Merge Heap Roots: 0.05ms
[2026-06-17T10:02:37.166+0800][33.663s][info][gc,phases      ] GC(1218)   Evacuate Collection Set: 0.29ms
[2026-06-17T10:02:37.167+0800][33.663s][info][gc,phases      ] GC(1218)   Post Evacuate Collection Set: 0.28ms
[2026-06-17T10:02:37.167+0800][33.664s][info][gc,phases      ] GC(1218)   Other: 0.49ms
[2026-06-17T10:02:37.167+0800][33.664s][info][gc,heap        ] GC(1218) Eden regions: 12->0(11)
[2026-06-17T10:02:37.167+0800][33.664s][info][gc,heap        ] GC(1218) Survivor regions: 2->2(2)
[2026-06-17T10:02:37.168+0800][33.664s][info][gc,heap        ] GC(1218) Old regions: 24->26
[2026-06-17T10:02:37.168+0800][33.665s][info][gc,heap        ] GC(1218) Humongous regions: 15->15
[2026-06-17T10:02:37.168+0800][33.665s][info][gc,metaspace   ] GC(1218) Metaspace: 113K(320K)->113K(320K) NonClass: 105K(192K)->105K(192K) Class: 7K(128K)->7K(128K)
[2026-06-17T10:02:37.168+0800][33.665s][info][gc             ] GC(1218) Pause Young (Normal) (G1 Evacuation Pause) 52M->42M(64M) 3.843ms
[2026-06-17T10:02:37.168+0800][33.665s][info][gc,cpu         ] GC(1218) User=0.00s Sys=0.00s Real=0.00s
[2026-06-17T10:02:37.190+0800][33.687s][info][gc,start       ] GC(1219) Pause Young (Concurrent Start) (G1 Evacuation Pause)
[2026-06-17T10:02:37.190+0800][33.687s][info][gc,task        ] GC(1219) Using 2 workers of 18 for evacuation
[2026-06-17T10:02:37.191+0800][33.688s][info][gc,phases      ] GC(1219)   Pre Evacuate Collection Set: 0.18ms
[2026-06-17T10:02:37.192+0800][33.689s][info][gc,phases      ] GC(1219)   Merge Heap Roots: 0.08ms
[2026-06-17T10:02:37.192+0800][33.689s][info][gc,phases      ] GC(1219)   Evacuate Collection Set: 0.49ms
[2026-06-17T10:02:37.192+0800][33.689s][info][gc,phases      ] GC(1219)   Post Evacuate Collection Set: 0.22ms
[2026-06-17T10:02:37.193+0800][33.689s][info][gc,phases      ] GC(1219)   Other: 0.37ms
[2026-06-17T10:02:37.193+0800][33.690s][info][gc,heap        ] GC(1219) Eden regions: 11->0(7)
[2026-06-17T10:02:37.193+0800][33.690s][info][gc,heap        ] GC(1219) Survivor regions: 2->2(2)
[2026-06-17T10:02:37.193+0800][33.690s][info][gc,heap        ] GC(1219) Old regions: 26->30
[2026-06-17T10:02:37.193+0800][33.690s][info][gc,heap        ] GC(1219) Humongous regions: 15->15
[2026-06-17T10:02:37.193+0800][33.690s][info][gc,metaspace   ] GC(1219) Metaspace: 113K(320K)->113K(320K) NonClass: 105K(192K)->105K(192K) Class: 7K(128K)->7K(128K)
[2026-06-17T10:02:37.194+0800][33.691s][info][gc             ] GC(1219) Pause Young (Concurrent Start) (G1 Evacuation Pause) 53M->46M(64M) 4.302ms
[2026-06-17T10:02:37.195+0800][33.692s][info][gc,cpu         ] GC(1219) User=0.00s Sys=0.00s Real=0.01s
[2026-06-17T10:02:37.195+0800][33.692s][info][gc             ] GC(1220) Concurrent Mark Cycle
[2026-06-17T10:02:37.196+0800][33.692s][info][gc,marking     ] GC(1220) Concurrent Scan Root Regions
[2026-06-17T10:02:37.196+0800][33.693s][info][gc,marking     ] GC(1220) Concurrent Scan Root Regions 0.238ms
[2026-06-17T10:02:37.196+0800][33.693s][info][gc,marking     ] GC(1220) Concurrent Mark
[2026-06-17T10:02:37.196+0800][33.693s][info][gc,marking     ] GC(1220) Concurrent Mark From Roots
[2026-06-17T10:02:37.196+0800][33.693s][info][gc,task        ] GC(1220) Using 5 workers of 5 for marking
[2026-06-17T10:02:37.197+0800][33.694s][info][gc,marking     ] GC(1220) Concurrent Mark From Roots 1.305ms
[2026-06-17T10:02:37.197+0800][33.694s][info][gc,marking     ] GC(1220) Concurrent Preclean
[2026-06-17T10:02:37.198+0800][33.694s][info][gc,marking     ] GC(1220) Concurrent Preclean 0.103ms
[2026-06-17T10:02:37.198+0800][33.695s][info][gc,start       ] GC(1220) Pause Remark
[2026-06-17T10:02:37.198+0800][33.695s][info][gc             ] GC(1220) Pause Remark 47M->39M(64M) 0.419ms
[2026-06-17T10:02:37.198+0800][33.695s][info][gc,cpu         ] GC(1220) User=0.00s Sys=0.00s Real=0.00s
[2026-06-17T10:02:37.198+0800][33.695s][info][gc,marking     ] GC(1220) Concurrent Mark 2.385ms
[2026-06-17T10:02:37.199+0800][33.695s][info][gc,marking     ] GC(1220) Concurrent Rebuild Remembered Sets and Scrub Regions
[2026-06-17T10:02:37.199+0800][33.696s][info][gc,marking     ] GC(1220) Concurrent Rebuild Remembered Sets and Scrub Regions 0.456ms
[2026-06-17T10:02:37.199+0800][33.696s][info][gc,start       ] GC(1220) Pause Cleanup
[2026-06-17T10:02:37.199+0800][33.696s][info][gc             ] GC(1220) Pause Cleanup 39M->39M(64M) 0.290ms
[2026-06-17T10:02:37.200+0800][33.696s][info][gc,cpu         ] GC(1220) User=0.00s Sys=0.00s Real=0.00s
[2026-06-17T10:02:37.200+0800][33.697s][info][gc,marking     ] GC(1220) Concurrent Clear Claimed Marks
[2026-06-17T10:02:37.200+0800][33.697s][info][gc,marking     ] GC(1220) Concurrent Clear Claimed Marks 0.169ms
[2026-06-17T10:02:37.200+0800][33.697s][info][gc,marking     ] GC(1220) Concurrent Cleanup for Next Mark
[2026-06-17T10:02:37.201+0800][33.698s][info][gc,marking     ] GC(1220) Concurrent Cleanup for Next Mark 0.268ms
[2026-06-17T10:02:37.201+0800][33.698s][info][gc             ] GC(1220) Concurrent Mark Cycle 5.842ms
[2026-06-17T10:02:37.216+0800][33.713s][info][gc,start       ] GC(1221) Pause Young (Prepare Mixed) (G1 Evacuation Pause)
[2026-06-17T10:02:37.217+0800][33.714s][info][gc,task        ] GC(1221) Using 2 workers of 18 for evacuation
[2026-06-17T10:02:37.218+0800][33.714s][info][gc,phases      ] GC(1221)   Pre Evacuate Collection Set: 0.11ms
[2026-06-17T10:02:37.218+0800][33.715s][info][gc,phases      ] GC(1221)   Merge Heap Roots: 0.05ms
[2026-06-17T10:02:37.218+0800][33.715s][info][gc,phases      ] GC(1221)   Evacuate Collection Set: 0.29ms
[2026-06-17T10:02:37.218+0800][33.715s][info][gc,phases      ] GC(1221)   Post Evacuate Collection Set: 0.22ms
[2026-06-17T10:02:37.219+0800][33.716s][info][gc,phases      ] GC(1221)   Other: 0.18ms
[2026-06-17T10:02:37.219+0800][33.716s][info][gc,heap        ] GC(1221) Eden regions: 7->0(11)
[2026-06-17T10:02:37.219+0800][33.716s][info][gc,heap        ] GC(1221) Survivor regions: 2->2(2)
[2026-06-17T10:02:37.219+0800][33.716s][info][gc,heap        ] GC(1221) Old regions: 22->25
[2026-06-17T10:02:37.220+0800][33.716s][info][gc,heap        ] GC(1221) Humongous regions: 15->15
[2026-06-17T10:02:37.220+0800][33.717s][info][gc,metaspace   ] GC(1221) Metaspace: 113K(320K)->113K(320K) NonClass: 105K(192K)->105K(192K) Class: 7K(128K)->7K(128K)
[2026-06-17T10:02:37.220+0800][33.717s][info][gc             ] GC(1221) Pause Young (Prepare Mixed) (G1 Evacuation Pause) 45M->41M(64M) 3.400ms
[2026-06-17T10:02:37.220+0800][33.717s][info][gc,cpu         ] GC(1221) User=0.00s Sys=0.00s Real=0.00s
[2026-06-17T10:02:37.241+0800][33.738s][info][gc,start       ] GC(1222) Pause Young (Mixed) (G1 Evacuation Pause)
[2026-06-17T10:02:37.242+0800][33.738s][info][gc,task        ] GC(1222) Using 2 workers of 18 for evacuation
[2026-06-17T10:02:37.243+0800][33.739s][info][gc,phases      ] GC(1222)   Pre Evacuate Collection Set: 0.15ms
[2026-06-17T10:02:37.243+0800][33.740s][info][gc,phases      ] GC(1222)   Merge Heap Roots: 0.04ms
[2026-06-17T10:02:37.243+0800][33.740s][info][gc,phases      ] GC(1222)   Evacuate Collection Set: 0.35ms
[2026-06-17T10:02:37.243+0800][33.740s][info][gc,phases      ] GC(1222)   Post Evacuate Collection Set: 0.28ms
[2026-06-17T10:02:37.243+0800][33.740s][info][gc,phases      ] GC(1222)   Other: 0.19ms
