[2026-06-17T09:56:52.491+0800][0.007s][info][gc] Using Parallel
[2026-06-17T09:56:52.492+0800][0.008s][info][gc,init] Version: 17.0.19+10 (release)
[2026-06-17T09:56:52.492+0800][0.008s][info][gc,init] CPUs: 24 total, 24 available
[2026-06-17T09:56:52.493+0800][0.009s][info][gc,init] Memory: 15856M
[2026-06-17T09:56:52.493+0800][0.009s][info][gc,init] Large Page Support: Disabled
[2026-06-17T09:56:52.493+0800][0.009s][info][gc,init] NUMA Support: Disabled
[2026-06-17T09:56:52.494+0800][0.010s][info][gc,init] Compressed Oops: Enabled (32-bit)
[2026-06-17T09:56:52.494+0800][0.010s][info][gc,init] Alignments: Space 512K, Generation 512K, Heap 2M
[2026-06-17T09:56:52.495+0800][0.011s][info][gc,init] Heap Min Capacity: 64M
[2026-06-17T09:56:52.495+0800][0.011s][info][gc,init] Heap Initial Capacity: 64M
[2026-06-17T09:56:52.495+0800][0.012s][info][gc,init] Heap Max Capacity: 64M
[2026-06-17T09:56:52.496+0800][0.012s][info][gc,init] Pre-touch: Disabled
[2026-06-17T09:56:52.496+0800][0.012s][info][gc,init] Parallel Workers: 18
[2026-06-17T09:56:52.501+0800][0.017s][info][gc,metaspace] CDS archive(s) mapped at: [0x00007a89a3000000-0x00007a89a3a60000-0x00007a89a3a60000), size 10878976, SharedBaseAddress: 0x00007a89a3000000, ArchiveRelocationMode: 1.
[2026-06-17T09:56:52.502+0800][0.018s][info][gc,metaspace] Compressed class space mapped at: 0x00007a89a4000000-0x00007a89e4000000, reserved size: 1073741824
[2026-06-17T09:56:52.503+0800][0.019s][info][gc,metaspace] Narrow klass base: 0x00007a89a3000000, Narrow klass shift: 0, Narrow klass range: 0x100000000
[2026-06-17T09:56:52.584+0800][0.100s][info][gc,start    ] GC(0) Pause Young (Allocation Failure)
[2026-06-17T09:56:52.588+0800][0.104s][info][gc,heap     ] GC(0) PSYoungGen: 16376K(18944K)->2559K(18944K) Eden: 16376K(16384K)->0K(16384K) From: 0K(2560K)->2559K(2560K)
[2026-06-17T09:56:52.588+0800][0.104s][info][gc,heap     ] GC(0) ParOldGen: 0K(44032K)->2833K(44032K)
[2026-06-17T09:56:52.588+0800][0.104s][info][gc,metaspace] GC(0) Metaspace: 139K(320K)->139K(320K) NonClass: 134K(192K)->134K(192K) Class: 4K(128K)->4K(128K)
[2026-06-17T09:56:52.589+0800][0.105s][info][gc          ] GC(0) Pause Young (Allocation Failure) 15M->5M(61M) 4.920ms
[2026-06-17T09:56:52.589+0800][0.105s][info][gc,cpu      ] GC(0) User=0.00s Sys=0.00s Real=0.00s
[2026-06-17T09:56:52.622+0800][0.138s][info][gc,start    ] GC(1) Pause Young (Allocation Failure)
[2026-06-17T09:56:52.624+0800][0.140s][info][gc,heap     ] GC(1) PSYoungGen: 18851K(18944K)->2460K(18944K) Eden: 16292K(16384K)->0K(16384K) From: 2559K(2560K)->2460K(2560K)
[2026-06-17T09:56:52.625+0800][0.141s][info][gc,heap     ] GC(1) ParOldGen: 2833K(44032K)->5789K(44032K)
[2026-06-17T09:56:52.625+0800][0.141s][info][gc,metaspace] GC(1) Metaspace: 139K(320K)->139K(320K) NonClass: 134K(192K)->134K(192K) Class: 4K(128K)->4K(128K)
[2026-06-17T09:56:52.625+0800][0.141s][info][gc          ] GC(1) Pause Young (Allocation Failure) 21M->8M(61M) 3.300ms
[2026-06-17T09:56:52.626+0800][0.142s][info][gc,cpu      ] GC(1) User=0.00s Sys=0.00s Real=0.01s
[2026-06-17T09:56:52.679+0800][0.195s][info][gc,start    ] GC(2) Pause Young (Allocation Failure)
[2026-06-17T09:56:52.681+0800][0.197s][info][gc,heap     ] GC(2) PSYoungGen: 18844K(18944K)->2538K(18944K) Eden: 16384K(16384K)->0K(16384K) From: 2460K(2560K)->2538K(2560K)
[2026-06-17T09:56:52.681+0800][0.197s][info][gc,heap     ] GC(2) ParOldGen: 5789K(44032K)->7785K(44032K)
[2026-06-17T09:56:52.681+0800][0.197s][info][gc,metaspace] GC(2) Metaspace: 139K(320K)->139K(320K) NonClass: 134K(192K)->134K(192K) Class: 4K(128K)->4K(128K)
[2026-06-17T09:56:52.682+0800][0.198s][info][gc          ] GC(2) Pause Young (Allocation Failure) 24M->10M(61M) 2.645ms
[2026-06-17T09:56:52.682+0800][0.198s][info][gc,cpu      ] GC(2) User=0.00s Sys=0.00s Real=0.00s
[2026-06-17T09:56:52.724+0800][0.240s][info][gc,start    ] GC(3) Pause Young (Allocation Failure)
[2026-06-17T09:56:52.727+0800][0.243s][info][gc,heap     ] GC(3) PSYoungGen: 18868K(18944K)->2552K(18944K) Eden: 16330K(16384K)->0K(16384K) From: 2538K(2560K)->2552K(2560K)
[2026-06-17T09:56:52.727+0800][0.243s][info][gc,heap     ] GC(3) ParOldGen: 7785K(44032K)->13837K(44032K)
[2026-06-17T09:56:52.728+0800][0.244s][info][gc,metaspace] GC(3) Metaspace: 139K(320K)->139K(320K) NonClass: 134K(192K)->134K(192K) Class: 4K(128K)->4K(128K)
[2026-06-17T09:56:52.728+0800][0.244s][info][gc          ] GC(3) Pause Young (Allocation Failure) 26M->16M(61M) 4.225ms
[2026-06-17T09:56:52.729+0800][0.245s][info][gc,cpu      ] GC(3) User=0.01s Sys=0.00s Real=0.00s
[2026-06-17T09:56:52.761+0800][0.277s][info][gc,start    ] GC(4) Pause Young (Allocation Failure)
[2026-06-17T09:56:52.763+0800][0.279s][info][gc,heap     ] GC(4) PSYoungGen: 18726K(18944K)->2558K(18944K) Eden: 16173K(16384K)->0K(16384K) From: 2552K(2560K)->2558K(2560K)
[2026-06-17T09:56:52.764+0800][0.280s][info][gc,heap     ] GC(4) ParOldGen: 13837K(44032K)->19949K(44032K)
[2026-06-17T09:56:52.764+0800][0.280s][info][gc,metaspace] GC(4) Metaspace: 139K(320K)->139K(320K) NonClass: 134K(192K)->134K(192K) Class: 4K(128K)->4K(128K)
[2026-06-17T09:56:52.765+0800][0.281s][info][gc          ] GC(4) Pause Young (Allocation Failure) 31M->21M(61M) 3.752ms
[2026-06-17T09:56:52.765+0800][0.281s][info][gc,cpu      ] GC(4) User=0.00s Sys=0.01s Real=0.01s
[2026-06-17T09:56:52.807+0800][0.323s][info][gc,start    ] GC(5) Pause Young (Allocation Failure)
[2026-06-17T09:56:52.810+0800][0.326s][info][gc,heap     ] GC(5) PSYoungGen: 18934K(18944K)->2558K(9728K) Eden: 16375K(16384K)->0K(7168K) From: 2558K(2560K)->2558K(2560K)
[2026-06-17T09:56:52.811+0800][0.327s][info][gc,heap     ] GC(5) ParOldGen: 19949K(44032K)->25839K(44032K)
[2026-06-17T09:56:52.812+0800][0.328s][info][gc,metaspace] GC(5) Metaspace: 139K(320K)->139K(320K) NonClass: 134K(192K)->134K(192K) Class: 4K(128K)->4K(128K)
[2026-06-17T09:56:52.812+0800][0.328s][info][gc          ] GC(5) Pause Young (Allocation Failure) 37M->27M(52M) 4.910ms
[2026-06-17T09:56:52.813+0800][0.329s][info][gc,cpu      ] GC(5) User=0.00s Sys=0.00s Real=0.01s
[2026-06-17T09:56:52.835+0800][0.351s][info][gc,start    ] GC(6) Pause Young (Allocation Failure)
[2026-06-17T09:56:52.838+0800][0.354s][info][gc,heap     ] GC(6) PSYoungGen: 9694K(9728K)->4270K(14336K) Eden: 7135K(7168K)->0K(7168K) From: 2558K(2560K)->4270K(7168K)
[2026-06-17T09:56:52.838+0800][0.354s][info][gc,heap     ] GC(6) ParOldGen: 25839K(44032K)->25991K(44032K)
[2026-06-17T09:56:52.839+0800][0.355s][info][gc,metaspace] GC(6) Metaspace: 139K(320K)->139K(320K) NonClass: 134K(192K)->134K(192K) Class: 4K(128K)->4K(128K)
[2026-06-17T09:56:52.839+0800][0.355s][info][gc          ] GC(6) Pause Young (Allocation Failure) 34M->29M(57M) 4.417ms
[2026-06-17T09:56:52.840+0800][0.356s][info][gc,cpu      ] GC(6) User=0.00s Sys=0.00s Real=0.00s
[2026-06-17T09:56:52.862+0800][0.378s][info][gc,start    ] GC(7) Pause Young (Allocation Failure)
[2026-06-17T09:56:52.864+0800][0.380s][info][gc,heap     ] GC(7) PSYoungGen: 11409K(14336K)->3243K(14336K) Eden: 7138K(7168K)->0K(7168K) From: 4270K(7168K)->3243K(7168K)
[2026-06-17T09:56:52.865+0800][0.381s][info][gc,heap     ] GC(7) ParOldGen: 25991K(44032K)->27139K(44032K)
[2026-06-17T09:56:52.865+0800][0.381s][info][gc,metaspace] GC(7) Metaspace: 139K(320K)->139K(320K) NonClass: 134K(192K)->134K(192K) Class: 4K(128K)->4K(128K)
[2026-06-17T09:56:52.866+0800][0.382s][info][gc          ] GC(7) Pause Young (Allocation Failure) 36M->29M(57M) 3.555ms
[2026-06-17T09:56:52.866+0800][0.382s][info][gc,cpu      ] GC(7) User=0.01s Sys=0.00s Real=0.01s
[2026-06-17T09:56:52.878+0800][0.394s][info][gc,start    ] GC(8) Pause Young (Allocation Failure)
[2026-06-17T09:56:52.880+0800][0.396s][info][gc,heap     ] GC(8) PSYoungGen: 10387K(14336K)->2206K(14336K) Eden: 7144K(7168K)->0K(7168K) From: 3243K(7168K)->2206K(7168K)
[2026-06-17T09:56:52.880+0800][0.396s][info][gc,heap     ] GC(8) ParOldGen: 27139K(44032K)->28369K(44032K)
[2026-06-17T09:56:52.881+0800][0.397s][info][gc,metaspace] GC(8) Metaspace: 139K(320K)->139K(320K) NonClass: 134K(192K)->134K(192K) Class: 4K(128K)->4K(128K)
[2026-06-17T09:56:52.882+0800][0.398s][info][gc          ] GC(8) Pause Young (Allocation Failure) 36M->29M(57M) 3.773ms
[2026-06-17T09:56:52.882+0800][0.398s][info][gc,cpu      ] GC(8) User=0.00s Sys=0.00s Real=0.00s
[2026-06-17T09:56:52.904+0800][0.420s][info][gc,start    ] GC(9) Pause Young (Allocation Failure)
[2026-06-17T09:56:52.906+0800][0.422s][info][gc,heap     ] GC(9) PSYoungGen: 9347K(14336K)->4034K(14336K) Eden: 7141K(7168K)->0K(7168K) From: 2206K(7168K)->4034K(7168K)
[2026-06-17T09:56:52.906+0800][0.422s][info][gc,heap     ] GC(9) ParOldGen: 28369K(44032K)->30200K(44032K)
[2026-06-17T09:56:52.907+0800][0.423s][info][gc,metaspace] GC(9) Metaspace: 139K(320K)->139K(320K) NonClass: 134K(192K)->134K(192K) Class: 4K(128K)->4K(128K)
[2026-06-17T09:56:52.908+0800][0.424s][info][gc          ] GC(9) Pause Young (Allocation Failure) 36M->33M(57M) 3.565ms
[2026-06-17T09:56:52.908+0800][0.424s][info][gc,cpu      ] GC(9) User=0.00s Sys=0.00s Real=0.00s
[2026-06-17T09:56:52.930+0800][0.446s][info][gc,start    ] GC(10) Pause Young (Allocation Failure)
[2026-06-17T09:56:52.932+0800][0.448s][info][gc,heap     ] GC(10) PSYoungGen: 11200K(14336K)->2649K(14336K) Eden: 7165K(7168K)->0K(7168K) From: 4034K(7168K)->2649K(7168K)
[2026-06-17T09:56:52.932+0800][0.448s][info][gc,heap     ] GC(10) ParOldGen: 30200K(44032K)->31695K(44032K)
[2026-06-17T09:56:52.933+0800][0.449s][info][gc,metaspace] GC(10) Metaspace: 139K(320K)->139K(320K) NonClass: 134K(192K)->134K(192K) Class: 4K(128K)->4K(128K)
[2026-06-17T09:56:52.933+0800][0.449s][info][gc          ] GC(10) Pause Young (Allocation Failure) 40M->33M(57M) 3.343ms
[2026-06-17T09:56:52.934+0800][0.450s][info][gc,cpu      ] GC(10) User=0.00s Sys=0.00s Real=0.01s
[2026-06-17T09:56:52.956+0800][0.472s][info][gc,start    ] GC(11) Pause Young (Allocation Failure)
[2026-06-17T09:56:52.957+0800][0.473s][info][gc,heap     ] GC(11) PSYoungGen: 9786K(14336K)->792K(14336K) Eden: 7136K(7168K)->0K(7168K) From: 2649K(7168K)->792K(7168K)
[2026-06-17T09:56:52.958+0800][0.474s][info][gc,heap     ] GC(11) ParOldGen: 31695K(44032K)->33680K(44032K)
[2026-06-17T09:56:52.958+0800][0.474s][info][gc,metaspace] GC(11) Metaspace: 139K(320K)->139K(320K) NonClass: 134K(192K)->134K(192K) Class: 4K(128K)->4K(128K)
[2026-06-17T09:56:52.958+0800][0.474s][info][gc          ] GC(11) Pause Young (Allocation Failure) 40M->33M(57M) 2.767ms
[2026-06-17T09:56:52.959+0800][0.475s][info][gc,cpu      ] GC(11) User=0.00s Sys=0.00s Real=0.00s
[2026-06-17T09:56:52.970+0800][0.486s][info][gc,start    ] GC(12) Pause Young (Allocation Failure)
[2026-06-17T09:56:52.971+0800][0.487s][info][gc,heap     ] GC(12) PSYoungGen: 7953K(14336K)->4739K(14336K) Eden: 7161K(7168K)->0K(7168K) From: 792K(7168K)->4739K(7168K)
[2026-06-17T09:56:52.972+0800][0.488s][info][gc,heap     ] GC(12) ParOldGen: 33680K(44032K)->33680K(44032K)
[2026-06-17T09:56:52.972+0800][0.488s][info][gc,metaspace] GC(12) Metaspace: 139K(320K)->139K(320K) NonClass: 134K(192K)->134K(192K) Class: 4K(128K)->4K(128K)
[2026-06-17T09:56:52.973+0800][0.489s][info][gc          ] GC(12) Pause Young (Allocation Failure) 40M->37M(57M) 2.684ms
[2026-06-17T09:56:52.973+0800][0.489s][info][gc,cpu      ] GC(12) User=0.01s Sys=0.00s Real=0.01s
[2026-06-17T09:56:52.995+0800][0.511s][info][gc,start    ] GC(13) Pause Young (Allocation Failure)
[2026-06-17T09:56:52.997+0800][0.513s][info][gc,heap     ] GC(13) PSYoungGen: 11853K(14336K)->2748K(14336K) Eden: 7113K(7168K)->0K(7168K) From: 4739K(7168K)->2748K(7168K)
[2026-06-17T09:56:52.998+0800][0.514s][info][gc,heap     ] GC(13) ParOldGen: 33680K(44032K)->35994K(44032K)
[2026-06-17T09:56:52.999+0800][0.515s][info][gc,metaspace] GC(13) Metaspace: 139K(320K)->139K(320K) NonClass: 134K(192K)->134K(192K) Class: 4K(128K)->4K(128K)
[2026-06-17T09:56:52.999+0800][0.515s][info][gc          ] GC(13) Pause Young (Allocation Failure) 44M->37M(57M) 3.964ms
[2026-06-17T09:56:53.000+0800][0.516s][info][gc,cpu      ] GC(13) User=0.00s Sys=0.00s Real=0.00s
[2026-06-17T09:56:53.012+0800][0.528s][info][gc,start    ] GC(14) Pause Young (Allocation Failure)
[2026-06-17T09:56:53.014+0800][0.530s][info][gc,heap     ] GC(14) PSYoungGen: 9916K(14336K)->4792K(14336K) Eden: 7168K(7168K)->0K(7168K) From: 2748K(7168K)->4792K(7168K)
[2026-06-17T09:56:53.015+0800][0.531s][info][gc,heap     ] GC(14) ParOldGen: 35994K(44032K)->37461K(44032K)
[2026-06-17T09:56:53.015+0800][0.531s][info][gc,metaspace] GC(14) Metaspace: 139K(320K)->139K(320K) NonClass: 134K(192K)->134K(192K) Class: 4K(128K)->4K(128K)
[2026-06-17T09:56:53.016+0800][0.532s][info][gc          ] GC(14) Pause Young (Allocation Failure) 44M->41M(57M) 3.656ms
[2026-06-17T09:56:53.016+0800][0.532s][info][gc,cpu      ] GC(14) User=0.00s Sys=0.00s Real=0.00s
[2026-06-17T09:56:53.038+0800][0.554s][info][gc,start    ] GC(15) Pause Young (Allocation Failure)
[2026-06-17T09:56:53.039+0800][0.555s][info][gc,heap     ] GC(15) PSYoungGen: 11931K(14336K)->32K(14336K) Eden: 7139K(7168K)->0K(7168K) From: 4792K(7168K)->32K(7168K)
[2026-06-17T09:56:53.039+0800][0.555s][info][gc,heap     ] GC(15) ParOldGen: 37461K(44032K)->39280K(44032K)
[2026-06-17T09:56:53.040+0800][0.556s][info][gc,metaspace] GC(15) Metaspace: 139K(320K)->139K(320K) NonClass: 134K(192K)->134K(192K) Class: 4K(128K)->4K(128K)
[2026-06-17T09:56:53.040+0800][0.556s][info][gc          ] GC(15) Pause Young (Allocation Failure) 48M->38M(57M) 2.602ms
[2026-06-17T09:56:53.041+0800][0.557s][info][gc,cpu      ] GC(15) User=0.00s Sys=0.01s Real=0.00s
[2026-06-17T09:56:53.062+0800][0.578s][info][gc,start    ] GC(16) Pause Full (Ergonomics)
[2026-06-17T09:56:53.063+0800][0.579s][info][gc,phases,start] GC(16) Marking Phase
[2026-06-17T09:56:53.065+0800][0.581s][info][gc,phases      ] GC(16) Marking Phase 1.663ms
[2026-06-17T09:56:53.065+0800][0.581s][info][gc,phases,start] GC(16) Summary Phase
[2026-06-17T09:56:53.065+0800][0.581s][info][gc,phases      ] GC(16) Summary Phase 0.512ms
[2026-06-17T09:56:53.066+0800][0.582s][info][gc,phases,start] GC(16) Adjust Roots
[2026-06-17T09:56:53.066+0800][0.582s][info][gc,phases      ] GC(16) Adjust Roots 0.542ms
[2026-06-17T09:56:53.067+0800][0.583s][info][gc,phases,start] GC(16) Compaction Phase
[2026-06-17T09:56:53.070+0800][0.586s][info][gc,phases      ] GC(16) Compaction Phase 2.469ms
[2026-06-17T09:56:53.070+0800][0.586s][info][gc,phases,start] GC(16) Post Compact
[2026-06-17T09:56:53.073+0800][0.589s][info][gc,phases      ] GC(16) Post Compact 2.656ms
[2026-06-17T09:56:53.073+0800][0.589s][info][gc,heap        ] GC(16) PSYoungGen: 7165K(14336K)->0K(14336K) Eden: 7133K(7168K)->0K(7168K) From: 32K(7168K)->0K(7168K)
[2026-06-17T09:56:53.073+0800][0.589s][info][gc,heap        ] GC(16) ParOldGen: 39280K(44032K)->23832K(44032K)
[2026-06-17T09:56:53.074+0800][0.590s][info][gc,metaspace   ] GC(16) Metaspace: 139K(320K)->139K(320K) NonClass: 134K(192K)->134K(192K) Class: 4K(128K)->4K(128K)
[2026-06-17T09:56:53.074+0800][0.590s][info][gc             ] GC(16) Pause Full (Ergonomics) 45M->23M(57M) 11.725ms
[2026-06-17T09:56:53.075+0800][0.591s][info][gc,cpu         ] GC(16) User=0.00s Sys=0.00s Real=0.02s
[2026-06-17T09:56:53.085+0800][0.601s][info][gc,start       ] GC(17) Pause Young (Allocation Failure)
[2026-06-17T09:56:53.086+0800][0.602s][info][gc,heap        ] GC(17) PSYoungGen: 7029K(14336K)->3432K(14336K) Eden: 7029K(7168K)->0K(7168K) From: 0K(7168K)->3432K(7168K)
[2026-06-17T09:56:53.087+0800][0.603s][info][gc,heap        ] GC(17) ParOldGen: 23832K(44032K)->23832K(44032K)
[2026-06-17T09:56:53.087+0800][0.603s][info][gc,metaspace   ] GC(17) Metaspace: 139K(320K)->139K(320K) NonClass: 134K(192K)->134K(192K) Class: 4K(128K)->4K(128K)
[2026-06-17T09:56:53.087+0800][0.603s][info][gc             ] GC(17) Pause Young (Allocation Failure) 30M->26M(57M) 1.817ms
[2026-06-17T09:56:53.088+0800][0.604s][info][gc,cpu         ] GC(17) User=0.00s Sys=0.00s Real=0.00s
[2026-06-17T09:56:53.109+0800][0.625s][info][gc,start       ] GC(18) Pause Young (Allocation Failure)
[2026-06-17T09:56:53.111+0800][0.627s][info][gc,heap        ] GC(18) PSYoungGen: 10595K(14336K)->3639K(14336K) Eden: 7163K(7168K)->0K(7168K) From: 3432K(7168K)->3639K(7168K)
[2026-06-17T09:56:53.111+0800][0.627s][info][gc,heap        ] GC(18) ParOldGen: 23832K(44032K)->27212K(44032K)
[2026-06-17T09:56:53.111+0800][0.627s][info][gc,metaspace   ] GC(18) Metaspace: 139K(320K)->139K(320K) NonClass: 134K(192K)->134K(192K) Class: 4K(128K)->4K(128K)
[2026-06-17T09:56:53.112+0800][0.628s][info][gc             ] GC(18) Pause Young (Allocation Failure) 33M->30M(57M) 2.675ms
[2026-06-17T09:56:53.112+0800][0.628s][info][gc,cpu         ] GC(18) User=0.00s Sys=0.00s Real=0.01s
[2026-06-17T09:56:53.133+0800][0.650s][info][gc,start       ] GC(19) Pause Young (Allocation Failure)
[2026-06-17T09:56:53.134+0800][0.650s][info][gc,heap        ] GC(19) PSYoungGen: 10777K(14336K)->3507K(14336K) Eden: 7138K(7168K)->0K(7168K) From: 3639K(7168K)->3507K(7168K)
[2026-06-17T09:56:53.135+0800][0.651s][info][gc,heap        ] GC(19) ParOldGen: 27212K(44032K)->27509K(44032K)
[2026-06-17T09:56:53.135+0800][0.651s][info][gc,metaspace   ] GC(19) Metaspace: 139K(320K)->139K(320K) NonClass: 134K(192K)->134K(192K) Class: 4K(128K)->4K(128K)
[2026-06-17T09:56:53.136+0800][0.652s][info][gc             ] GC(19) Pause Young (Allocation Failure) 37M->30M(57M) 2.093ms
[2026-06-17T09:56:53.136+0800][0.652s][info][gc,cpu         ] GC(19) User=0.00s Sys=0.00s Real=0.00s
[2026-06-17T09:56:53.158+0800][0.674s][info][gc,start       ] GC(20) Pause Young (Allocation Failure)
[2026-06-17T09:56:53.159+0800][0.675s][info][gc,heap        ] GC(20) PSYoungGen: 10659K(14336K)->1795K(14336K) Eden: 7152K(7168K)->0K(7168K) From: 3507K(7168K)->1795K(7168K)
[2026-06-17T09:56:53.160+0800][0.676s][info][gc,heap        ] GC(20) ParOldGen: 27509K(44032K)->29473K(44032K)
[2026-06-17T09:56:53.160+0800][0.676s][info][gc,metaspace   ] GC(20) Metaspace: 139K(320K)->139K(320K) NonClass: 134K(192K)->134K(192K) Class: 4K(128K)->4K(128K)
[2026-06-17T09:56:53.160+0800][0.676s][info][gc             ] GC(20) Pause Young (Allocation Failure) 37M->30M(57M) 2.060ms
[2026-06-17T09:56:53.161+0800][0.677s][info][gc,cpu         ] GC(20) User=0.00s Sys=0.00s Real=0.00s
[2026-06-17T09:56:53.182+0800][0.698s][info][gc,start       ] GC(21) Pause Young (Allocation Failure)
[2026-06-17T09:56:53.183+0800][0.699s][info][gc,heap        ] GC(21) PSYoungGen: 8930K(14336K)->2328K(14336K) Eden: 7134K(7168K)->0K(7168K) From: 1795K(7168K)->2328K(7168K)
[2026-06-17T09:56:53.183+0800][0.699s][info][gc,heap        ] GC(21) ParOldGen: 29473K(44032K)->29473K(44032K)
[2026-06-17T09:56:53.184+0800][0.700s][info][gc,metaspace   ] GC(21) Metaspace: 139K(320K)->139K(320K) NonClass: 134K(192K)->134K(192K) Class: 4K(128K)->4K(128K)
[2026-06-17T09:56:53.184+0800][0.700s][info][gc             ] GC(21) Pause Young (Allocation Failure) 37M->31M(57M) 1.986ms
[2026-06-17T09:56:53.185+0800][0.701s][info][gc,cpu         ] GC(21) User=0.00s Sys=0.00s Real=0.01s
[2026-06-17T09:56:53.196+0800][0.712s][info][gc,start       ] GC(22) Pause Young (Allocation Failure)
[2026-06-17T09:56:53.197+0800][0.713s][info][gc,heap        ] GC(22) PSYoungGen: 9443K(14336K)->370K(14336K) Eden: 7114K(7168K)->0K(7168K) From: 2328K(7168K)->370K(7168K)
[2026-06-17T09:56:53.199+0800][0.715s][info][gc,heap        ] GC(22) ParOldGen: 29473K(44032K)->31309K(44032K)
[2026-06-17T09:56:53.199+0800][0.715s][info][gc,metaspace   ] GC(22) Metaspace: 139K(320K)->139K(320K) NonClass: 134K(192K)->134K(192K) Class: 4K(128K)->4K(128K)
[2026-06-17T09:56:53.199+0800][0.715s][info][gc             ] GC(22) Pause Young (Allocation Failure) 38M->30M(57M) 3.194ms
[2026-06-17T09:56:53.199+0800][0.715s][info][gc,cpu         ] GC(22) User=0.01s Sys=0.00s Real=0.00s
[2026-06-17T09:56:53.221+0800][0.737s][info][gc,start       ] GC(23) Pause Young (Allocation Failure)
[2026-06-17T09:56:53.223+0800][0.739s][info][gc,heap        ] GC(23) PSYoungGen: 7533K(14336K)->3754K(14336K) Eden: 7163K(7168K)->0K(7168K) From: 370K(7168K)->3754K(7168K)
[2026-06-17T09:56:53.223+0800][0.739s][info][gc,heap        ] GC(23) ParOldGen: 31309K(44032K)->31655K(44032K)
[2026-06-17T09:56:53.223+0800][0.739s][info][gc,metaspace   ] GC(23) Metaspace: 139K(320K)->139K(320K) NonClass: 134K(192K)->134K(192K) Class: 4K(128K)->4K(128K)
[2026-06-17T09:56:53.224+0800][0.740s][info][gc             ] GC(23) Pause Young (Allocation Failure) 37M->34M(57M) 2.674ms
[2026-06-17T09:56:53.224+0800][0.740s][info][gc,cpu         ] GC(23) User=0.00s Sys=0.00s Real=0.01s
[2026-06-17T09:56:53.235+0800][0.752s][info][gc,start       ] GC(24) Pause Young (Allocation Failure)
[2026-06-17T09:56:53.237+0800][0.753s][info][gc,heap        ] GC(24) PSYoungGen: 10812K(14336K)->1301K(14336K) Eden: 7057K(7168K)->0K(7168K) From: 3754K(7168K)->1301K(7168K)
[2026-06-17T09:56:53.237+0800][0.753s][info][gc,heap        ] GC(24) ParOldGen: 31655K(44032K)->34356K(44032K)
[2026-06-17T09:56:53.237+0800][0.753s][info][gc,metaspace   ] GC(24) Metaspace: 139K(320K)->139K(320K) NonClass: 134K(192K)->134K(192K) Class: 4K(128K)->4K(128K)
[2026-06-17T09:56:53.238+0800][0.754s][info][gc             ] GC(24) Pause Young (Allocation Failure) 41M->34M(57M) 2.284ms
[2026-06-17T09:56:53.238+0800][0.754s][info][gc,cpu         ] GC(24) User=0.00s Sys=0.00s Real=0.00s
[2026-06-17T09:56:53.260+0800][0.776s][info][gc,start       ] GC(25) Pause Young (Allocation Failure)
[2026-06-17T09:56:53.261+0800][0.777s][info][gc,heap        ] GC(25) PSYoungGen: 8436K(14336K)->3522K(14336K) Eden: 7135K(7168K)->0K(7168K) From: 1301K(7168K)->3522K(7168K)
[2026-06-17T09:56:53.261+0800][0.777s][info][gc,heap        ] GC(25) ParOldGen: 34356K(44032K)->35601K(44032K)
[2026-06-17T09:56:53.262+0800][0.778s][info][gc,metaspace   ] GC(25) Metaspace: 139K(320K)->139K(320K) NonClass: 134K(192K)->134K(192K) Class: 4K(128K)->4K(128K)
[2026-06-17T09:56:53.262+0800][0.778s][info][gc             ] GC(25) Pause Young (Allocation Failure) 41M->38M(57M) 2.367ms
[2026-06-17T09:56:53.262+0800][0.778s][info][gc,cpu         ] GC(25) User=0.00s Sys=0.00s Real=0.00s
[2026-06-17T09:56:53.284+0800][0.800s][info][gc,start       ] GC(26) Pause Young (Allocation Failure)
[2026-06-17T09:56:53.285+0800][0.801s][info][gc,heap        ] GC(26) PSYoungGen: 10690K(14336K)->2519K(14336K) Eden: 7168K(7168K)->0K(7168K) From: 3522K(7168K)->2519K(7168K)
[2026-06-17T09:56:53.285+0800][0.801s][info][gc,heap        ] GC(26) ParOldGen: 35601K(44032K)->36726K(44032K)
[2026-06-17T09:56:53.285+0800][0.801s][info][gc,metaspace   ] GC(26) Metaspace: 139K(320K)->139K(320K) NonClass: 134K(192K)->134K(192K) Class: 4K(128K)->4K(128K)
[2026-06-17T09:56:53.285+0800][0.801s][info][gc             ] GC(26) Pause Young (Allocation Failure) 45M->38M(57M) 1.524ms
[2026-06-17T09:56:53.286+0800][0.802s][info][gc,cpu         ] GC(26) User=0.00s Sys=0.00s Real=0.00s
[2026-06-17T09:56:53.307+0800][0.823s][info][gc,start       ] GC(27) Pause Young (Allocation Failure)
[2026-06-17T09:56:53.308+0800][0.824s][info][gc,heap        ] GC(27) PSYoungGen: 9687K(14336K)->400K(14336K) Eden: 7168K(7168K)->0K(7168K) From: 2519K(7168K)->400K(7168K)
[2026-06-17T09:56:53.308+0800][0.824s][info][gc,heap        ] GC(27) ParOldGen: 36726K(44032K)->38643K(44032K)
[2026-06-17T09:56:53.308+0800][0.824s][info][gc,metaspace   ] GC(27) Metaspace: 139K(320K)->139K(320K) NonClass: 134K(192K)->134K(192K) Class: 4K(128K)->4K(128K)
[2026-06-17T09:56:53.308+0800][0.824s][info][gc             ] GC(27) Pause Young (Allocation Failure) 45M->38M(57M) 1.485ms
[2026-06-17T09:56:53.308+0800][0.824s][info][gc,cpu         ] GC(27) User=0.00s Sys=0.00s Real=0.00s
[2026-06-17T09:56:53.319+0800][0.835s][info][gc,start       ] GC(28) Pause Young (Allocation Failure)
[2026-06-17T09:56:53.320+0800][0.836s][info][gc,heap        ] GC(28) PSYoungGen: 7542K(14336K)->4083K(14336K) Eden: 7141K(7168K)->0K(7168K) From: 400K(7168K)->4083K(7168K)
[2026-06-17T09:56:53.321+0800][0.837s][info][gc,heap        ] GC(28) ParOldGen: 38643K(44032K)->38643K(44032K)
[2026-06-17T09:56:53.321+0800][0.837s][info][gc,metaspace   ] GC(28) Metaspace: 139K(320K)->139K(320K) NonClass: 134K(192K)->134K(192K) Class: 4K(128K)->4K(128K)
[2026-06-17T09:56:53.321+0800][0.837s][info][gc             ] GC(28) Pause Young (Allocation Failure) 45M->41M(57M) 1.648ms
[2026-06-17T09:56:53.321+0800][0.837s][info][gc,cpu         ] GC(28) User=0.00s Sys=0.00s Real=0.00s
[2026-06-17T09:56:53.343+0800][0.859s][info][gc,start       ] GC(29) Pause Young (Allocation Failure)
[2026-06-17T09:56:53.344+0800][0.860s][info][gc,heap        ] GC(29) PSYoungGen: 11237K(14336K)->2643K(14336K) Eden: 7153K(7168K)->0K(7168K) From: 4083K(7168K)->2643K(7168K)
[2026-06-17T09:56:53.344+0800][0.860s][info][gc,heap        ] GC(29) ParOldGen: 38643K(44032K)->40429K(44032K)
[2026-06-17T09:56:53.344+0800][0.860s][info][gc,metaspace   ] GC(29) Metaspace: 139K(320K)->139K(320K) NonClass: 134K(192K)->134K(192K) Class: 4K(128K)->4K(128K)
[2026-06-17T09:56:53.345+0800][0.861s][info][gc             ] GC(29) Pause Young (Allocation Failure) 48M->42M(57M) 1.904ms
[2026-06-17T09:56:53.345+0800][0.861s][info][gc,cpu         ] GC(29) User=0.00s Sys=0.00s Real=0.00s
[2026-06-17T09:56:53.369+0800][0.885s][info][gc,start       ] GC(30) Pause Full (Ergonomics)
[2026-06-17T09:56:53.369+0800][0.885s][info][gc,phases,start] GC(30) Marking Phase
[2026-06-17T09:56:53.370+0800][0.886s][info][gc,phases      ] GC(30) Marking Phase 0.884ms
[2026-06-17T09:56:53.370+0800][0.886s][info][gc,phases,start] GC(30) Summary Phase
[2026-06-17T09:56:53.371+0800][0.887s][info][gc,phases      ] GC(30) Summary Phase 0.314ms
[2026-06-17T09:56:53.371+0800][0.887s][info][gc,phases,start] GC(30) Adjust Roots
[2026-06-17T09:56:53.371+0800][0.887s][info][gc,phases      ] GC(30) Adjust Roots 0.388ms
[2026-06-17T09:56:53.371+0800][0.887s][info][gc,phases,start] GC(30) Compaction Phase
[2026-06-17T09:56:53.373+0800][0.889s][info][gc,phases      ] GC(30) Compaction Phase 1.855ms
[2026-06-17T09:56:53.374+0800][0.890s][info][gc,phases,start] GC(30) Post Compact
[2026-06-17T09:56:53.374+0800][0.890s][info][gc,phases      ] GC(30) Post Compact 0.749ms
[2026-06-17T09:56:53.375+0800][0.891s][info][gc,heap        ] GC(30) PSYoungGen: 9788K(14336K)->0K(14336K) Eden: 7144K(7168K)->0K(7168K) From: 2643K(7168K)->0K(7168K)
[2026-06-17T09:56:53.375+0800][0.891s][info][gc,heap        ] GC(30) ParOldGen: 40429K(44032K)->20354K(44032K)
[2026-06-17T09:56:53.375+0800][0.891s][info][gc,metaspace   ] GC(30) Metaspace: 139K(320K)->139K(320K) NonClass: 134K(192K)->134K(192K) Class: 4K(128K)->4K(128K)
[2026-06-17T09:56:53.375+0800][0.891s][info][gc             ] GC(30) Pause Full (Ergonomics) 49M->19M(57M) 6.522ms
[2026-06-17T09:56:53.375+0800][0.891s][info][gc,cpu         ] GC(30) User=0.01s Sys=0.00s Real=0.01s
[2026-06-17T09:56:53.386+0800][0.902s][info][gc,start       ] GC(31) Pause Young (Allocation Failure)
[2026-06-17T09:56:53.387+0800][0.903s][info][gc,heap        ] GC(31) PSYoungGen: 7115K(14336K)->3368K(14848K) Eden: 7115K(7168K)->0K(7680K) From: 0K(7168K)->3368K(7168K)
[2026-06-17T09:56:53.387+0800][0.903s][info][gc,heap        ] GC(31) ParOldGen: 20354K(44032K)->20354K(44032K)
[2026-06-17T09:56:53.387+0800][0.903s][info][gc,metaspace   ] GC(31) Metaspace: 139K(320K)->139K(320K) NonClass: 134K(192K)->134K(192K) Class: 4K(128K)->4K(128K)
[2026-06-17T09:56:53.388+0800][0.904s][info][gc             ] GC(31) Pause Young (Allocation Failure) 26M->23M(57M) 1.275ms
[2026-06-17T09:56:53.388+0800][0.904s][info][gc,cpu         ] GC(31) User=0.00s Sys=0.00s Real=0.00s
[2026-06-17T09:56:53.409+0800][0.925s][info][gc,start       ] GC(32) Pause Young (Allocation Failure)
[2026-06-17T09:56:53.410+0800][0.926s][info][gc,heap        ] GC(32) PSYoungGen: 11044K(14848K)->4189K(14336K) Eden: 7675K(7680K)->0K(7680K) From: 3368K(7168K)->4189K(6656K)
[2026-06-17T09:56:53.410+0800][0.926s][info][gc,heap        ] GC(32) ParOldGen: 20354K(44032K)->23675K(44032K)
[2026-06-17T09:56:53.411+0800][0.927s][info][gc,metaspace   ] GC(32) Metaspace: 139K(320K)->139K(320K) NonClass: 134K(192K)->134K(192K) Class: 4K(128K)->4K(128K)
[2026-06-17T09:56:53.411+0800][0.927s][info][gc             ] GC(32) Pause Young (Allocation Failure) 30M->27M(57M) 1.853ms
[2026-06-17T09:56:53.411+0800][0.927s][info][gc,cpu         ] GC(32) User=0.00s Sys=0.00s Real=0.01s
[2026-06-17T09:56:53.432+0800][0.948s][info][gc,start       ] GC(33) Pause Young (Allocation Failure)
[2026-06-17T09:56:53.433+0800][0.949s][info][gc,heap        ] GC(33) PSYoungGen: 11838K(14336K)->3542K(14848K) Eden: 7648K(7680K)->0K(7680K) From: 4189K(6656K)->3542K(7168K)
[2026-06-17T09:56:53.433+0800][0.949s][info][gc,heap        ] GC(33) ParOldGen: 23675K(44032K)->25006K(44032K)
[2026-06-17T09:56:53.433+0800][0.949s][info][gc,metaspace   ] GC(33) Metaspace: 139K(320K)->139K(320K) NonClass: 134K(192K)->134K(192K) Class: 4K(128K)->4K(128K)
[2026-06-17T09:56:53.434+0800][0.950s][info][gc             ] GC(33) Pause Young (Allocation Failure) 34M->27M(57M) 1.643ms
[2026-06-17T09:56:53.434+0800][0.950s][info][gc,cpu         ] GC(33) User=0.00s Sys=0.00s Real=0.00s
[2026-06-17T09:56:53.455+0800][0.971s][info][gc,start       ] GC(34) Pause Young (Allocation Failure)
[2026-06-17T09:56:53.456+0800][0.972s][info][gc,heap        ] GC(34) PSYoungGen: 11196K(14848K)->1034K(14336K) Eden: 7654K(7680K)->0K(7680K) From: 3542K(7168K)->1034K(6656K)
[2026-06-17T09:56:53.456+0800][0.972s][info][gc,heap        ] GC(34) ParOldGen: 25006K(44032K)->28058K(44032K)
[2026-06-17T09:56:53.456+0800][0.972s][info][gc,metaspace   ] GC(34) Metaspace: 139K(320K)->139K(320K) NonClass: 134K(192K)->134K(192K) Class: 4K(128K)->4K(128K)
[2026-06-17T09:56:53.457+0800][0.973s][info][gc             ] GC(34) Pause Young (Allocation Failure) 35M->28M(57M) 1.552ms
[2026-06-17T09:56:53.457+0800][0.973s][info][gc,cpu         ] GC(34) User=0.00s Sys=0.00s Real=0.00s
[2026-06-17T09:56:53.468+0800][0.984s][info][gc,start       ] GC(35) Pause Young (Allocation Failure)
[2026-06-17T09:56:53.469+0800][0.985s][info][gc,heap        ] GC(35) PSYoungGen: 8703K(14336K)->5367K(13824K) Eden: 7668K(7680K)->0K(7168K) From: 1034K(6656K)->5367K(6656K)
[2026-06-17T09:56:53.469+0800][0.985s][info][gc,heap        ] GC(35) ParOldGen: 28058K(44032K)->28058K(44032K)
[2026-06-17T09:56:53.469+0800][0.985s][info][gc,metaspace   ] GC(35) Metaspace: 139K(320K)->139K(320K) NonClass: 134K(192K)->134K(192K) Class: 4K(128K)->4K(128K)
[2026-06-17T09:56:53.469+0800][0.985s][info][gc             ] GC(35) Pause Young (Allocation Failure) 35M->32M(56M) 1.378ms
[2026-06-17T09:56:53.469+0800][0.985s][info][gc,cpu         ] GC(35) User=0.01s Sys=0.00s Real=0.00s
[2026-06-17T09:56:53.490+0800][1.006s][info][gc,start       ] GC(36) Pause Young (Allocation Failure)
[2026-06-17T09:56:53.491+0800][1.007s][info][gc,heap        ] GC(36) PSYoungGen: 12480K(13824K)->210K(14336K) Eden: 7113K(7168K)->0K(7168K) From: 5367K(6656K)->210K(7168K)
[2026-06-17T09:56:53.491+0800][1.007s][info][gc,heap        ] GC(36) ParOldGen: 28058K(44032K)->30122K(44032K)
[2026-06-17T09:56:53.506+0800][1.022s][info][gc,metaspace   ] GC(36) Metaspace: 139K(320K)->139K(320K) NonClass: 134K(192K)->134K(192K) Class: 4K(128K)->4K(128K)
[2026-06-17T09:56:53.508+0800][1.024s][info][gc             ] GC(36) Pause Young (Allocation Failure) 39M->29M(57M) 17.676ms
[2026-06-17T09:56:53.508+0800][1.024s][info][gc,cpu         ] GC(36) User=0.00s Sys=0.00s Real=0.02s
[2026-06-17T09:56:53.529+0800][1.045s][info][gc,start       ] GC(37) Pause Young (Allocation Failure)
[2026-06-17T09:56:53.533+0800][1.049s][info][gc,heap        ] GC(37) PSYoungGen: 7371K(14336K)->3554K(14336K) Eden: 7161K(7168K)->0K(7168K) From: 210K(7168K)->3554K(7168K)
[2026-06-17T09:56:53.534+0800][1.050s][info][gc,heap        ] GC(37) ParOldGen: 30122K(44032K)->30308K(44032K)
[2026-06-17T09:56:53.538+0800][1.054s][info][gc,metaspace   ] GC(37) Metaspace: 139K(320K)->139K(320K) NonClass: 134K(192K)->134K(192K) Class: 4K(128K)->4K(128K)
[2026-06-17T09:56:53.539+0800][1.055s][info][gc             ] GC(37) Pause Young (Allocation Failure) 36M->33M(57M) 9.562ms
[2026-06-17T09:56:53.543+0800][1.059s][info][gc,cpu         ] GC(37) User=0.00s Sys=0.00s Real=0.02s
[2026-06-17T09:56:53.555+0800][1.071s][info][gc,start       ] GC(38) Pause Young (Allocation Failure)
[2026-06-17T09:56:53.555+0800][1.071s][info][gc,heap        ] GC(38) PSYoungGen: 10704K(14336K)->1879K(14336K) Eden: 7150K(7168K)->0K(7168K) From: 3554K(7168K)->1879K(7168K)
[2026-06-17T09:56:53.556+0800][1.072s][info][gc,heap        ] GC(38) ParOldGen: 30308K(44032K)->32138K(44032K)
[2026-06-17T09:56:53.556+0800][1.072s][info][gc,metaspace   ] GC(38) Metaspace: 139K(320K)->139K(320K) NonClass: 134K(192K)->134K(192K) Class: 4K(128K)->4K(128K)
[2026-06-17T09:56:53.556+0800][1.072s][info][gc             ] GC(38) Pause Young (Allocation Failure) 40M->33M(57M) 1.218ms
[2026-06-17T09:56:53.556+0800][1.072s][info][gc,cpu         ] GC(38) User=0.00s Sys=0.00s Real=0.00s
[2026-06-17T09:56:53.587+0800][1.103s][info][gc,start       ] GC(39) Pause Young (Allocation Failure)
[2026-06-17T09:56:53.588+0800][1.104s][info][gc,heap        ] GC(39) PSYoungGen: 9042K(14336K)->256K(14336K) Eden: 7163K(7168K)->0K(7168K) From: 1879K(7168K)->256K(7168K)
[2026-06-17T09:56:53.588+0800][1.104s][info][gc,heap        ] GC(39) ParOldGen: 32138K(44032K)->33993K(44032K)
[2026-06-17T09:56:53.588+0800][1.104s][info][gc,metaspace   ] GC(39) Metaspace: 139K(320K)->139K(320K) NonClass: 134K(192K)->134K(192K) Class: 4K(128K)->4K(128K)
[2026-06-17T09:56:53.588+0800][1.104s][info][gc             ] GC(39) Pause Young (Allocation Failure) 40M->33M(57M) 1.204ms
[2026-06-17T09:56:53.588+0800][1.104s][info][gc,cpu         ] GC(39) User=0.00s Sys=0.00s Real=0.00s
[2026-06-17T09:56:53.600+0800][1.116s][info][gc,start       ] GC(40) Pause Young (Allocation Failure)
[2026-06-17T09:56:53.600+0800][1.116s][info][gc,heap        ] GC(40) PSYoungGen: 7408K(14336K)->3556K(14336K) Eden: 7152K(7168K)->0K(7168K) From: 256K(7168K)->3556K(7168K)
[2026-06-17T09:56:53.600+0800][1.116s][info][gc,heap        ] GC(40) ParOldGen: 33993K(44032K)->34176K(44032K)
[2026-06-17T09:56:53.601+0800][1.117s][info][gc,metaspace   ] GC(40) Metaspace: 139K(320K)->139K(320K) NonClass: 134K(192K)->134K(192K) Class: 4K(128K)->4K(128K)
[2026-06-17T09:56:53.601+0800][1.117s][info][gc             ] GC(40) Pause Young (Allocation Failure) 40M->36M(57M) 1.034ms
[2026-06-17T09:56:53.601+0800][1.117s][info][gc,cpu         ] GC(40) User=0.00s Sys=0.00s Real=0.00s
[2026-06-17T09:56:53.622+0800][1.138s][info][gc,start       ] GC(41) Pause Young (Allocation Failure)
[2026-06-17T09:56:53.623+0800][1.139s][info][gc,heap        ] GC(41) PSYoungGen: 10724K(14336K)->1719K(14848K) Eden: 7168K(7168K)->0K(7680K) From: 3556K(7168K)->1719K(7168K)
[2026-06-17T09:56:53.623+0800][1.139s][info][gc,heap        ] GC(41) ParOldGen: 34176K(44032K)->36526K(44032K)
[2026-06-17T09:56:53.623+0800][1.139s][info][gc,metaspace   ] GC(41) Metaspace: 139K(320K)->139K(320K) NonClass: 134K(192K)->134K(192K) Class: 4K(128K)->4K(128K)
[2026-06-17T09:56:53.623+0800][1.139s][info][gc             ] GC(41) Pause Young (Allocation Failure) 43M->37M(57M) 1.086ms
[2026-06-17T09:56:53.623+0800][1.139s][info][gc,cpu         ] GC(41) User=0.01s Sys=0.00s Real=0.01s
[2026-06-17T09:56:53.634+0800][1.150s][info][gc,start       ] GC(42) Pause Young (Allocation Failure)
[2026-06-17T09:56:53.634+0800][1.150s][info][gc,heap        ] GC(42) PSYoungGen: 8963K(14848K)->1806K(14336K) Eden: 7243K(7680K)->0K(7680K) From: 1719K(7168K)->1806K(6656K)
[2026-06-17T09:56:53.635+0800][1.151s][info][gc,heap        ] GC(42) ParOldGen: 36526K(44032K)->36526K(44032K)
[2026-06-17T09:56:53.635+0800][1.151s][info][gc,metaspace   ] GC(42) Metaspace: 139K(320K)->139K(320K) NonClass: 134K(192K)->134K(192K) Class: 4K(128K)->4K(128K)
[2026-06-17T09:56:53.635+0800][1.151s][info][gc             ] GC(42) Pause Young (Allocation Failure) 44M->37M(57M) 0.929ms
[2026-06-17T09:56:53.635+0800][1.151s][info][gc,cpu         ] GC(42) User=0.00s Sys=0.00s Real=0.00s
[2026-06-17T09:56:53.656+0800][1.172s][info][gc,start       ] GC(43) Pause Young (Allocation Failure)
[2026-06-17T09:56:53.656+0800][1.172s][info][gc,heap        ] GC(43) PSYoungGen: 9342K(14336K)->926K(15360K) Eden: 7536K(7680K)->0K(8704K) From: 1806K(6656K)->926K(6656K)
[2026-06-17T09:56:53.657+0800][1.173s][info][gc,heap        ] GC(43) ParOldGen: 36526K(44032K)->38309K(44032K)
[2026-06-17T09:56:53.657+0800][1.173s][info][gc,metaspace   ] GC(43) Metaspace: 139K(320K)->139K(320K) NonClass: 134K(192K)->134K(192K) Class: 4K(128K)->4K(128K)
[2026-06-17T09:56:53.657+0800][1.173s][info][gc             ] GC(43) Pause Young (Allocation Failure) 44M->38M(58M) 1.085ms
[2026-06-17T09:56:53.657+0800][1.173s][info][gc,cpu         ] GC(43) User=0.00s Sys=0.00s Real=0.00s
[2026-06-17T09:56:53.678+0800][1.194s][info][gc,start       ] GC(44) Pause Young (Allocation Failure)
[2026-06-17T09:56:53.683+0800][1.199s][info][gc,heap        ] GC(44) PSYoungGen: 9626K(15360K)->5442K(14336K) Eden: 8700K(8704K)->0K(8704K) From: 926K(6656K)->5442K(5632K)
[2026-06-17T09:56:53.689+0800][1.205s][info][gc,heap        ] GC(44) ParOldGen: 38309K(44032K)->39211K(44032K)
[2026-06-17T09:56:53.695+0800][1.211s][info][gc,metaspace   ] GC(44) Metaspace: 139K(320K)->139K(320K) NonClass: 134K(192K)->134K(192K) Class: 4K(128K)->4K(128K)
[2026-06-17T09:56:53.699+0800][1.215s][info][gc             ] GC(44) Pause Young (Allocation Failure) 46M->43M(57M) 20.530ms
[2026-06-17T09:56:53.700+0800][1.216s][info][gc,cpu         ] GC(44) User=0.00s Sys=0.00s Real=0.02s
[2026-06-17T09:56:53.733+0800][1.249s][info][gc,start       ] GC(45) Pause Young (Allocation Failure)
[2026-06-17T09:56:53.735+0800][1.251s][info][gc,heap        ] GC(45) PSYoungGen: 14129K(14336K)->5081K(14336K) Eden: 8687K(8704K)->0K(7168K) From: 5442K(5632K)->5081K(7168K)
[2026-06-17T09:56:53.735+0800][1.251s][info][gc,heap        ] GC(45) ParOldGen: 39211K(44032K)->41293K(44032K)
[2026-06-17T09:56:53.735+0800][1.251s][info][gc,metaspace   ] GC(45) Metaspace: 139K(320K)->139K(320K) NonClass: 134K(192K)->134K(192K) Class: 4K(128K)->4K(128K)
[2026-06-17T09:56:53.735+0800][1.251s][info][gc             ] GC(45) Pause Young (Allocation Failure) 52M->45M(57M) 2.078ms
[2026-06-17T09:56:53.735+0800][1.251s][info][gc,cpu         ] GC(45) User=0.00s Sys=0.00s Real=0.00s
[2026-06-17T09:56:53.757+0800][1.273s][info][gc,start       ] GC(46) Pause Full (Ergonomics)
[2026-06-17T09:56:53.757+0800][1.273s][info][gc,phases,start] GC(46) Marking Phase
[2026-06-17T09:56:53.758+0800][1.274s][info][gc,phases      ] GC(46) Marking Phase 0.712ms
[2026-06-17T09:56:53.758+0800][1.274s][info][gc,phases,start] GC(46) Summary Phase
[2026-06-17T09:56:53.758+0800][1.274s][info][gc,phases      ] GC(46) Summary Phase 0.201ms
[2026-06-17T09:56:53.758+0800][1.274s][info][gc,phases,start] GC(46) Adjust Roots
[2026-06-17T09:56:53.759+0800][1.275s][info][gc,phases      ] GC(46) Adjust Roots 0.322ms
[2026-06-17T09:56:53.759+0800][1.275s][info][gc,phases,start] GC(46) Compaction Phase
[2026-06-17T09:56:53.760+0800][1.276s][info][gc,phases      ] GC(46) Compaction Phase 1.665ms
[2026-06-17T09:56:53.760+0800][1.276s][info][gc,phases,start] GC(46) Post Compact
[2026-06-17T09:56:53.761+0800][1.277s][info][gc,phases      ] GC(46) Post Compact 0.224ms
[2026-06-17T09:56:53.761+0800][1.277s][info][gc,heap        ] GC(46) PSYoungGen: 12244K(14336K)->0K(14336K) Eden: 7163K(7168K)->0K(7168K) From: 5081K(7168K)->0K(7168K)
[2026-06-17T09:56:53.761+0800][1.277s][info][gc,heap        ] GC(46) ParOldGen: 41293K(44032K)->22652K(44032K)
[2026-06-17T09:56:53.761+0800][1.277s][info][gc,metaspace   ] GC(46) Metaspace: 139K(320K)->139K(320K) NonClass: 134K(192K)->134K(192K) Class: 4K(128K)->4K(128K)
[2026-06-17T09:56:53.761+0800][1.277s][info][gc             ] GC(46) Pause Full (Ergonomics) 52M->22M(57M) 4.439ms
[2026-06-17T09:56:53.761+0800][1.277s][info][gc,cpu         ] GC(46) User=0.01s Sys=0.00s Real=0.00s
[2026-06-17T09:56:53.782+0800][1.298s][info][gc,start       ] GC(47) Pause Young (Allocation Failure)
[2026-06-17T09:56:53.783+0800][1.299s][info][gc,heap        ] GC(47) PSYoungGen: 7119K(14336K)->3622K(14336K) Eden: 7119K(7168K)->0K(7168K) From: 0K(7168K)->3622K(7168K)
[2026-06-17T09:56:53.783+0800][1.299s][info][gc,heap        ] GC(47) ParOldGen: 22652K(44032K)->22652K(44032K)
[2026-06-17T09:56:53.783+0800][1.299s][info][gc,metaspace   ] GC(47) Metaspace: 139K(320K)->139K(320K) NonClass: 134K(192K)->134K(192K) Class: 4K(128K)->4K(128K)
[2026-06-17T09:56:53.783+0800][1.299s][info][gc             ] GC(47) Pause Young (Allocation Failure) 29M->25M(57M) 1.415ms
[2026-06-17T09:56:53.784+0800][1.300s][info][gc,cpu         ] GC(47) User=0.00s Sys=0.00s Real=0.01s
[2026-06-17T09:56:53.794+0800][1.310s][info][gc,start       ] GC(48) Pause Young (Allocation Failure)
[2026-06-17T09:56:53.795+0800][1.311s][info][gc,heap        ] GC(48) PSYoungGen: 10492K(14336K)->837K(14336K) Eden: 6869K(7168K)->0K(7168K) From: 3622K(7168K)->837K(7168K)
[2026-06-17T09:56:53.795+0800][1.311s][info][gc,heap        ] GC(48) ParOldGen: 22652K(44032K)->25334K(44032K)
[2026-06-17T09:56:53.796+0800][1.312s][info][gc,metaspace   ] GC(48) Metaspace: 139K(320K)->139K(320K) NonClass: 134K(192K)->134K(192K) Class: 4K(128K)->4K(128K)
[2026-06-17T09:56:53.796+0800][1.312s][info][gc             ] GC(48) Pause Young (Allocation Failure) 32M->25M(57M) 1.353ms
[2026-06-17T09:56:53.796+0800][1.312s][info][gc,cpu         ] GC(48) User=0.00s Sys=0.00s Real=0.00s
[2026-06-17T09:56:53.817+0800][1.333s][info][gc,start       ] GC(49) Pause Young (Allocation Failure)
[2026-06-17T09:56:53.818+0800][1.334s][info][gc,heap        ] GC(49) PSYoungGen: 7993K(14336K)->3944K(14336K) Eden: 7156K(7168K)->0K(7168K) From: 837K(7168K)->3944K(7168K)
[2026-06-17T09:56:53.818+0800][1.334s][info][gc,heap        ] GC(49) ParOldGen: 25334K(44032K)->26147K(44032K)
[2026-06-17T09:56:53.818+0800][1.334s][info][gc,metaspace   ] GC(49) Metaspace: 139K(320K)->139K(320K) NonClass: 134K(192K)->134K(192K) Class: 4K(128K)->4K(128K)
[2026-06-17T09:56:53.818+0800][1.334s][info][gc             ] GC(49) Pause Young (Allocation Failure) 32M->29M(57M) 1.419ms
[2026-06-17T09:56:53.819+0800][1.335s][info][gc,cpu         ] GC(49) User=0.00s Sys=0.00s Real=0.00s
[2026-06-17T09:56:53.840+0800][1.356s][info][gc,start       ] GC(50) Pause Young (Allocation Failure)
[2026-06-17T09:56:53.840+0800][1.357s][info][gc,heap        ] GC(50) PSYoungGen: 11101K(14336K)->3295K(14336K) Eden: 7156K(7168K)->0K(7168K) From: 3944K(7168K)->3295K(7168K)
[2026-06-17T09:56:53.841+0800][1.357s][info][gc,heap        ] GC(50) ParOldGen: 26147K(44032K)->27288K(44032K)
[2026-06-17T09:56:53.841+0800][1.357s][info][gc,metaspace   ] GC(50) Metaspace: 139K(320K)->139K(320K) NonClass: 134K(192K)->134K(192K) Class: 4K(128K)->4K(128K)
[2026-06-17T09:56:53.841+0800][1.357s][info][gc             ] GC(50) Pause Young (Allocation Failure) 36M->29M(57M) 1.384ms
[2026-06-17T09:56:53.841+0800][1.357s][info][gc,cpu         ] GC(50) User=0.00s Sys=0.00s Real=0.00s
[2026-06-17T09:56:53.862+0800][1.378s][info][gc,start       ] GC(51) Pause Young (Allocation Failure)
[2026-06-17T09:56:53.863+0800][1.379s][info][gc,heap        ] GC(51) PSYoungGen: 10440K(14336K)->1529K(14336K) Eden: 7145K(7168K)->0K(7168K) From: 3295K(7168K)->1529K(7168K)
[2026-06-17T09:56:53.863+0800][1.379s][info][gc,heap        ] GC(51) ParOldGen: 27288K(44032K)->29308K(44032K)
[2026-06-17T09:56:53.864+0800][1.380s][info][gc,metaspace   ] GC(51) Metaspace: 139K(320K)->139K(320K) NonClass: 134K(192K)->134K(192K) Class: 4K(128K)->4K(128K)
[2026-06-17T09:56:53.864+0800][1.380s][info][gc             ] GC(51) Pause Young (Allocation Failure) 36M->30M(57M) 1.371ms
[2026-06-17T09:56:53.864+0800][1.380s][info][gc,cpu         ] GC(51) User=0.01s Sys=0.00s Real=0.01s
[2026-06-17T09:56:53.875+0800][1.391s][info][gc,start       ] GC(52) Pause Young (Allocation Failure)
[2026-06-17T09:56:53.876+0800][1.392s][info][gc,heap        ] GC(52) PSYoungGen: 8689K(14336K)->5454K(14336K) Eden: 7160K(7168K)->0K(7168K) From: 1529K(7168K)->5454K(7168K)
[2026-06-17T09:56:53.876+0800][1.392s][info][gc,heap        ] GC(52) ParOldGen: 29308K(44032K)->29308K(44032K)
[2026-06-17T09:56:53.876+0800][1.392s][info][gc,metaspace   ] GC(52) Metaspace: 139K(320K)->139K(320K) NonClass: 134K(192K)->134K(192K) Class: 4K(128K)->4K(128K)
[2026-06-17T09:56:53.876+0800][1.392s][info][gc             ] GC(52) Pause Young (Allocation Failure) 37M->33M(57M) 1.586ms
[2026-06-17T09:56:53.876+0800][1.392s][info][gc,cpu         ] GC(52) User=0.00s Sys=0.00s Real=0.00s
[2026-06-17T09:56:53.897+0800][1.413s][info][gc,start       ] GC(53) Pause Young (Allocation Failure)
[2026-06-17T09:56:53.898+0800][1.414s][info][gc,heap        ] GC(53) PSYoungGen: 12617K(14336K)->3034K(14336K) Eden: 7163K(7168K)->0K(7168K) From: 5454K(7168K)->3034K(7168K)
[2026-06-17T09:56:53.899+0800][1.415s][info][gc,heap        ] GC(53) ParOldGen: 29308K(44032K)->31906K(44032K)
[2026-06-17T09:56:53.899+0800][1.415s][info][gc,metaspace   ] GC(53) Metaspace: 139K(320K)->139K(320K) NonClass: 134K(192K)->134K(192K) Class: 4K(128K)->4K(128K)
[2026-06-17T09:56:53.899+0800][1.415s][info][gc             ] GC(53) Pause Young (Allocation Failure) 40M->34M(57M) 1.369ms
[2026-06-17T09:56:53.899+0800][1.415s][info][gc,cpu         ] GC(53) User=0.00s Sys=0.00s Real=0.00s
[2026-06-17T09:56:53.920+0800][1.436s][info][gc,start       ] GC(54) Pause Young (Allocation Failure)
[2026-06-17T09:56:53.921+0800][1.437s][info][gc,heap        ] GC(54) PSYoungGen: 10146K(14336K)->3501K(14336K) Eden: 7112K(7168K)->0K(7168K) From: 3034K(7168K)->3501K(7168K)
[2026-06-17T09:56:53.921+0800][1.437s][info][gc,heap        ] GC(54) ParOldGen: 31906K(44032K)->31906K(44032K)
[2026-06-17T09:56:53.921+0800][1.437s][info][gc,metaspace   ] GC(54) Metaspace: 143K(384K)->143K(384K) NonClass: 138K(256K)->138K(256K) Class: 4K(128K)->4K(128K)
[2026-06-17T09:56:53.921+0800][1.437s][info][gc             ] GC(54) Pause Young (Allocation Failure) 41M->34M(57M) 1.228ms
[2026-06-17T09:56:53.921+0800][1.438s][info][gc,cpu         ] GC(54) User=0.00s Sys=0.00s Real=0.00s
[2026-06-17T09:56:53.932+0800][1.448s][info][gc,start       ] GC(55) Pause Young (Allocation Failure)
[2026-06-17T09:56:53.933+0800][1.449s][info][gc,heap        ] GC(55) PSYoungGen: 10442K(14336K)->1948K(14848K) Eden: 6941K(7168K)->0K(7680K) From: 3501K(7168K)->1948K(7168K)
[2026-06-17T09:56:53.933+0800][1.450s][info][gc,heap        ] GC(55) ParOldGen: 31906K(44032K)->33748K(44032K)
[2026-06-17T09:56:53.934+0800][1.450s][info][gc,metaspace   ] GC(55) Metaspace: 143K(384K)->143K(384K) NonClass: 138K(256K)->138K(256K) Class: 4K(128K)->4K(128K)
[2026-06-17T09:56:53.934+0800][1.450s][info][gc             ] GC(55) Pause Young (Allocation Failure) 41M->34M(57M) 1.475ms
[2026-06-17T09:56:53.934+0800][1.450s][info][gc,cpu         ] GC(55) User=0.00s Sys=0.00s Real=0.00s
[2026-06-17T09:56:53.965+0800][1.481s][info][gc,start       ] GC(56) Pause Young (Allocation Failure)
[2026-06-17T09:56:53.966+0800][1.482s][info][gc,heap        ] GC(56) PSYoungGen: 9579K(14848K)->747K(14336K) Eden: 7631K(7680K)->0K(7680K) From: 1948K(7168K)->747K(6656K)
[2026-06-17T09:56:53.966+0800][1.482s][info][gc,heap        ] GC(56) ParOldGen: 33748K(44032K)->35672K(44032K)
[2026-06-17T09:56:53.966+0800][1.482s][info][gc,metaspace   ] GC(56) Metaspace: 143K(384K)->143K(384K) NonClass: 138K(256K)->138K(256K) Class: 4K(128K)->4K(128K)
[2026-06-17T09:56:53.967+0800][1.483s][info][gc             ] GC(56) Pause Young (Allocation Failure) 42M->35M(57M) 1.274ms
[2026-06-17T09:56:53.967+0800][1.483s][info][gc,cpu         ] GC(56) User=0.01s Sys=0.00s Real=0.00s
[2026-06-17T09:56:53.977+0800][1.493s][info][gc,start       ] GC(57) Pause Young (Allocation Failure)
[2026-06-17T09:56:53.978+0800][1.494s][info][gc,heap        ] GC(57) PSYoungGen: 8387K(14336K)->4569K(13824K) Eden: 7640K(7680K)->0K(7168K) From: 747K(6656K)->4569K(6656K)
[2026-06-17T09:56:53.978+0800][1.494s][info][gc,heap        ] GC(57) ParOldGen: 35672K(44032K)->35986K(44032K)
[2026-06-17T09:56:53.979+0800][1.495s][info][gc,metaspace   ] GC(57) Metaspace: 143K(384K)->143K(384K) NonClass: 138K(256K)->138K(256K) Class: 4K(128K)->4K(128K)
[2026-06-17T09:56:53.979+0800][1.495s][info][gc             ] GC(57) Pause Young (Allocation Failure) 43M->39M(56M) 1.261ms
[2026-06-17T09:56:53.979+0800][1.495s][info][gc,cpu         ] GC(57) User=0.00s Sys=0.00s Real=0.00s
[2026-06-17T09:56:54.000+0800][1.516s][info][gc,start       ] GC(58) Pause Young (Allocation Failure)
[2026-06-17T09:56:54.001+0800][1.517s][info][gc,heap        ] GC(58) PSYoungGen: 11687K(13824K)->2776K(14336K) Eden: 7117K(7168K)->0K(7168K) From: 4569K(6656K)->2776K(7168K)
[2026-06-17T09:56:54.001+0800][1.517s][info][gc,heap        ] GC(58) ParOldGen: 35986K(44032K)->37761K(44032K)
[2026-06-17T09:56:54.001+0800][1.517s][info][gc,metaspace   ] GC(58) Metaspace: 143K(384K)->143K(384K) NonClass: 138K(256K)->138K(256K) Class: 4K(128K)->4K(128K)
[2026-06-17T09:56:54.001+0800][1.517s][info][gc             ] GC(58) Pause Young (Allocation Failure) 46M->39M(57M) 1.578ms
[2026-06-17T09:56:54.002+0800][1.518s][info][gc,cpu         ] GC(58) User=0.00s Sys=0.00s Real=0.00s
[2026-06-17T09:56:54.023+0800][1.539s][info][gc,start       ] GC(59) Pause Young (Allocation Failure)
[2026-06-17T09:56:54.023+0800][1.539s][info][gc,heap        ] GC(59) PSYoungGen: 9927K(14336K)->2958K(15360K) Eden: 7151K(7168K)->0K(8704K) From: 2776K(7168K)->2958K(6656K)
[2026-06-17T09:56:54.023+0800][1.539s][info][gc,heap        ] GC(59) ParOldGen: 37761K(44032K)->37761K(44032K)
[2026-06-17T09:56:54.024+0800][1.540s][info][gc,metaspace   ] GC(59) Metaspace: 143K(384K)->143K(384K) NonClass: 138K(256K)->138K(256K) Class: 4K(128K)->4K(128K)
[2026-06-17T09:56:54.024+0800][1.540s][info][gc             ] GC(59) Pause Young (Allocation Failure) 46M->39M(58M) 1.127ms
[2026-06-17T09:56:54.024+0800][1.540s][info][gc,cpu         ] GC(59) User=0.00s Sys=0.00s Real=0.00s
[2026-06-17T09:56:54.045+0800][1.561s][info][gc,start       ] GC(60) Pause Young (Allocation Failure)
[2026-06-17T09:56:54.046+0800][1.562s][info][gc,heap        ] GC(60) PSYoungGen: 11660K(15360K)->2565K(14848K) Eden: 8702K(8704K)->0K(8704K) From: 2958K(6656K)->2565K(6144K)
[2026-06-17T09:56:54.046+0800][1.562s][info][gc,heap        ] GC(60) ParOldGen: 37761K(44032K)->39983K(44032K)
[2026-06-17T09:56:54.046+0800][1.562s][info][gc,metaspace   ] GC(60) Metaspace: 143K(384K)->143K(384K) NonClass: 138K(256K)->138K(256K) Class: 4K(128K)->4K(128K)
[2026-06-17T09:56:54.046+0800][1.562s][info][gc             ] GC(60) Pause Young (Allocation Failure) 48M->41M(57M) 1.300ms
[2026-06-17T09:56:54.046+0800][1.562s][info][gc,cpu         ] GC(60) User=0.00s Sys=0.00s Real=0.00s
[2026-06-17T09:56:54.067+0800][1.583s][info][gc,start       ] GC(61) Pause Young (Allocation Failure)
[2026-06-17T09:56:54.068+0800][1.584s][info][gc,heap        ] GC(61) PSYoungGen: 11254K(14848K)->2985K(15872K) Eden: 8689K(8704K)->0K(9728K) From: 2565K(6144K)->2985K(6144K)
[2026-06-17T09:56:54.068+0800][1.585s][info][gc,heap        ] GC(61) ParOldGen: 39983K(44032K)->41506K(44032K)
[2026-06-17T09:56:54.069+0800][1.585s][info][gc,metaspace   ] GC(61) Metaspace: 143K(384K)->143K(384K) NonClass: 138K(256K)->138K(256K) Class: 4K(128K)->4K(128K)
[2026-06-17T09:56:54.069+0800][1.585s][info][gc             ] GC(61) Pause Young (Allocation Failure) 50M->43M(58M) 1.309ms
[2026-06-17T09:56:54.069+0800][1.585s][info][gc,cpu         ] GC(61) User=0.00s Sys=0.00s Real=0.00s
[2026-06-17T09:56:54.090+0800][1.606s][info][gc,start       ] GC(62) Pause Full (Ergonomics)
[2026-06-17T09:56:54.090+0800][1.606s][info][gc,phases,start] GC(62) Marking Phase
[2026-06-17T09:56:54.091+0800][1.607s][info][gc,phases      ] GC(62) Marking Phase 0.698ms
[2026-06-17T09:56:54.091+0800][1.607s][info][gc,phases,start] GC(62) Summary Phase
[2026-06-17T09:56:54.091+0800][1.607s][info][gc,phases      ] GC(62) Summary Phase 0.117ms
[2026-06-17T09:56:54.091+0800][1.607s][info][gc,phases,start] GC(62) Adjust Roots
[2026-06-17T09:56:54.092+0800][1.608s][info][gc,phases      ] GC(62) Adjust Roots 0.305ms
[2026-06-17T09:56:54.092+0800][1.608s][info][gc,phases,start] GC(62) Compaction Phase
[2026-06-17T09:56:54.093+0800][1.609s][info][gc,phases      ] GC(62) Compaction Phase 1.358ms
[2026-06-17T09:56:54.093+0800][1.609s][info][gc,phases,start] GC(62) Post Compact
[2026-06-17T09:56:54.094+0800][1.610s][info][gc,phases      ] GC(62) Post Compact 0.277ms
[2026-06-17T09:56:54.094+0800][1.610s][info][gc,heap        ] GC(62) PSYoungGen: 12704K(15872K)->0K(15360K) Eden: 9719K(9728K)->0K(9728K) From: 2985K(6144K)->0K(5632K)
[2026-06-17T09:56:54.094+0800][1.610s][info][gc,heap        ] GC(62) ParOldGen: 41506K(44032K)->23305K(44032K)
[2026-06-17T09:56:54.094+0800][1.610s][info][gc,metaspace   ] GC(62) Metaspace: 143K(384K)->143K(384K) NonClass: 138K(256K)->138K(256K) Class: 4K(128K)->4K(128K)
[2026-06-17T09:56:54.094+0800][1.610s][info][gc             ] GC(62) Pause Full (Ergonomics) 52M->22M(58M) 4.124ms
[2026-06-17T09:56:54.094+0800][1.610s][info][gc,cpu         ] GC(62) User=0.00s Sys=0.00s Real=0.01s
[2026-06-17T09:56:54.115+0800][1.631s][info][gc,start       ] GC(63) Pause Young (Allocation Failure)
[2026-06-17T09:56:54.116+0800][1.632s][info][gc,heap        ] GC(63) PSYoungGen: 9713K(15360K)->5622K(13824K) Eden: 9713K(9728K)->0K(8192K) From: 0K(5632K)->5622K(5632K)
[2026-06-17T09:56:54.117+0800][1.633s][info][gc,heap        ] GC(63) ParOldGen: 23305K(44032K)->23710K(44032K)
[2026-06-17T09:56:54.117+0800][1.633s][info][gc,metaspace   ] GC(63) Metaspace: 143K(384K)->143K(384K) NonClass: 138K(256K)->138K(256K) Class: 4K(128K)->4K(128K)
[2026-06-17T09:56:54.117+0800][1.633s][info][gc             ] GC(63) Pause Young (Allocation Failure) 32M->28M(56M) 1.411ms
[2026-06-17T09:56:54.117+0800][1.633s][info][gc,cpu         ] GC(63) User=0.00s Sys=0.00s Real=0.00s
[2026-06-17T09:56:54.138+0800][1.654s][info][gc,start       ] GC(64) Pause Young (Allocation Failure)
[2026-06-17T09:56:54.139+0800][1.655s][info][gc,heap        ] GC(64) PSYoungGen: 13814K(13824K)->314K(14848K) Eden: 8192K(8192K)->0K(8192K) From: 5622K(5632K)->314K(6656K)
[2026-06-17T09:56:54.139+0800][1.655s][info][gc,heap        ] GC(64) ParOldGen: 23710K(44032K)->27194K(44032K)
[2026-06-17T09:56:54.139+0800][1.655s][info][gc,metaspace   ] GC(64) Metaspace: 143K(384K)->143K(384K) NonClass: 138K(256K)->138K(256K) Class: 4K(128K)->4K(128K)
[2026-06-17T09:56:54.139+0800][1.655s][info][gc             ] GC(64) Pause Young (Allocation Failure) 36M->26M(57M) 1.209ms
[2026-06-17T09:56:54.139+0800][1.655s][info][gc,cpu         ] GC(64) User=0.00s Sys=0.00s Real=0.00s
[2026-06-17T09:56:54.160+0800][1.676s][info][gc,start       ] GC(65) Pause Young (Allocation Failure)
[2026-06-17T09:56:54.161+0800][1.677s][info][gc,heap        ] GC(65) PSYoungGen: 8456K(14848K)->4751K(13824K) Eden: 8142K(8192K)->0K(7168K) From: 314K(6656K)->4751K(6656K)
[2026-06-17T09:56:54.161+0800][1.677s][info][gc,heap        ] GC(65) ParOldGen: 27194K(44032K)->27484K(44032K)
[2026-06-17T09:56:54.162+0800][1.678s][info][gc,metaspace   ] GC(65) Metaspace: 143K(384K)->143K(384K) NonClass: 138K(256K)->138K(256K) Class: 4K(128K)->4K(128K)
[2026-06-17T09:56:54.162+0800][1.678s][info][gc             ] GC(65) Pause Young (Allocation Failure) 34M->31M(56M) 1.305ms
[2026-06-17T09:56:54.162+0800][1.678s][info][gc,cpu         ] GC(65) User=0.00s Sys=0.00s Real=0.00s
[2026-06-17T09:56:54.183+0800][1.699s][info][gc,start       ] GC(66) Pause Young (Allocation Failure)
[2026-06-17T09:56:54.185+0800][1.701s][info][gc,heap        ] GC(66) PSYoungGen: 11868K(13824K)->3586K(14336K) Eden: 7117K(7168K)->0K(7168K) From: 4751K(6656K)->3586K(7168K)
[2026-06-17T09:56:54.185+0800][1.701s][info][gc,heap        ] GC(66) ParOldGen: 27484K(44032K)->29012K(44032K)
[2026-06-17T09:56:54.186+0800][1.702s][info][gc,metaspace   ] GC(66) Metaspace: 143K(384K)->143K(384K) NonClass: 138K(256K)->138K(256K) Class: 4K(128K)->4K(128K)
[2026-06-17T09:56:54.187+0800][1.703s][info][gc             ] GC(66) Pause Young (Allocation Failure) 38M->31M(57M) 3.758ms
[2026-06-17T09:56:54.187+0800][1.703s][info][gc,cpu         ] GC(66) User=0.00s Sys=0.00s Real=0.00s
[2026-06-17T09:56:54.208+0800][1.724s][info][gc,start       ] GC(67) Pause Young (Allocation Failure)
[2026-06-17T09:56:54.209+0800][1.725s][info][gc,heap        ] GC(67) PSYoungGen: 10716K(14336K)->1330K(14848K) Eden: 7129K(7168K)->0K(8192K) From: 3586K(7168K)->1330K(6656K)
[2026-06-17T09:56:54.209+0800][1.725s][info][gc,heap        ] GC(67) ParOldGen: 29012K(44032K)->31340K(44032K)
[2026-06-17T09:56:54.209+0800][1.725s][info][gc,metaspace   ] GC(67) Metaspace: 143K(384K)->143K(384K) NonClass: 138K(256K)->138K(256K) Class: 4K(128K)->4K(128K)
[2026-06-17T09:56:54.209+0800][1.725s][info][gc             ] GC(67) Pause Young (Allocation Failure) 38M->31M(57M) 1.280ms
[2026-06-17T09:56:54.210+0800][1.726s][info][gc,cpu         ] GC(67) User=0.00s Sys=0.00s Real=0.00s
[2026-06-17T09:56:54.231+0800][1.747s][info][gc,start       ] GC(68) Pause Young (Allocation Failure)
[2026-06-17T09:56:54.233+0800][1.749s][info][gc,heap        ] GC(68) PSYoungGen: 9521K(14848K)->2327K(14848K) Eden: 8191K(8192K)->0K(8192K) From: 1330K(6656K)->2327K(6656K)
[2026-06-17T09:56:54.234+0800][1.750s][info][gc,heap        ] GC(68) ParOldGen: 31340K(44032K)->31340K(44032K)
[2026-06-17T09:56:54.234+0800][1.750s][info][gc,metaspace   ] GC(68) Metaspace: 143K(384K)->143K(384K) NonClass: 138K(256K)->138K(256K) Class: 4K(128K)->4K(128K)
[2026-06-17T09:56:54.235+0800][1.751s][info][gc             ] GC(68) Pause Young (Allocation Failure) 39M->32M(57M) 3.923ms
[2026-06-17T09:56:54.236+0800][1.752s][info][gc,cpu         ] GC(68) User=0.00s Sys=0.00s Real=0.00s
[2026-06-17T09:56:54.249+0800][1.765s][info][gc,start       ] GC(69) Pause Young (Allocation Failure)
[2026-06-17T09:56:54.249+0800][1.765s][info][gc,heap        ] GC(69) PSYoungGen: 10391K(14848K)->1293K(14848K) Eden: 8064K(8192K)->0K(8192K) From: 2327K(6656K)->1293K(6656K)
[2026-06-17T09:56:54.250+0800][1.766s][info][gc,heap        ] GC(69) ParOldGen: 31340K(44032K)->33508K(44032K)
[2026-06-17T09:56:54.250+0800][1.766s][info][gc,metaspace   ] GC(69) Metaspace: 143K(384K)->143K(384K) NonClass: 138K(256K)->138K(256K) Class: 4K(128K)->4K(128K)
[2026-06-17T09:56:54.250+0800][1.766s][info][gc             ] GC(69) Pause Young (Allocation Failure) 40M->33M(57M) 1.280ms
[2026-06-17T09:56:54.250+0800][1.766s][info][gc,cpu         ] GC(69) User=0.00s Sys=0.00s Real=0.00s
[2026-06-17T09:56:54.271+0800][1.787s][info][gc,start       ] GC(70) Pause Young (Allocation Failure)
[2026-06-17T09:56:54.272+0800][1.788s][info][gc,heap        ] GC(70) PSYoungGen: 9428K(14848K)->5045K(13312K) Eden: 8135K(8192K)->0K(8192K) From: 1293K(6656K)->5045K(5120K)
[2026-06-17T09:56:54.272+0800][1.788s][info][gc,heap        ] GC(70) ParOldGen: 33508K(44032K)->34777K(44032K)
[2026-06-17T09:56:54.272+0800][1.788s][info][gc,metaspace   ] GC(70) Metaspace: 143K(384K)->143K(384K) NonClass: 138K(256K)->138K(256K) Class: 4K(128K)->4K(128K)
[2026-06-17T09:56:54.272+0800][1.788s][info][gc             ] GC(70) Pause Young (Allocation Failure) 41M->38M(56M) 1.379ms
[2026-06-17T09:56:54.273+0800][1.789s][info][gc,cpu         ] GC(70) User=0.00s Sys=0.00s Real=0.00s
[2026-06-17T09:56:54.294+0800][1.810s][info][gc,start       ] GC(71) Pause Young (Allocation Failure)
[2026-06-17T09:56:54.295+0800][1.811s][info][gc,heap        ] GC(71) PSYoungGen: 13213K(13312K)->4230K(14336K) Eden: 8167K(8192K)->0K(7168K) From: 5045K(5120K)->4230K(7168K)
[2026-06-17T09:56:54.295+0800][1.811s][info][gc,heap        ] GC(71) ParOldGen: 34777K(44032K)->36827K(44032K)
[2026-06-17T09:56:54.295+0800][1.811s][info][gc,metaspace   ] GC(71) Metaspace: 143K(384K)->143K(384K) NonClass: 138K(256K)->138K(256K) Class: 4K(128K)->4K(128K)
[2026-06-17T09:56:54.295+0800][1.811s][info][gc             ] GC(71) Pause Young (Allocation Failure) 46M->40M(57M) 1.605ms
[2026-06-17T09:56:54.295+0800][1.811s][info][gc,cpu         ] GC(71) User=0.00s Sys=0.00s Real=0.00s
[2026-06-17T09:56:54.316+0800][1.832s][info][gc,start       ] GC(72) Pause Young (Allocation Failure)
[2026-06-17T09:56:54.317+0800][1.833s][info][gc,heap        ] GC(72) PSYoungGen: 11398K(14336K)->2363K(14336K) Eden: 7167K(7168K)->0K(7168K) From: 4230K(7168K)->2363K(7168K)
[2026-06-17T09:56:54.317+0800][1.833s][info][gc,heap        ] GC(72) ParOldGen: 36827K(44032K)->38663K(44032K)
[2026-06-17T09:56:54.318+0800][1.834s][info][gc,metaspace   ] GC(72) Metaspace: 143K(384K)->143K(384K) NonClass: 138K(256K)->138K(256K) Class: 4K(128K)->4K(128K)
[2026-06-17T09:56:54.318+0800][1.834s][info][gc             ] GC(72) Pause Young (Allocation Failure) 47M->40M(57M) 1.244ms
[2026-06-17T09:56:54.318+0800][1.834s][info][gc,cpu         ] GC(72) User=0.00s Sys=0.00s Real=0.00s
[2026-06-17T09:56:54.339+0800][1.855s][info][gc,start       ] GC(73) Pause Young (Allocation Failure)
[2026-06-17T09:56:54.340+0800][1.856s][info][gc,heap        ] GC(73) PSYoungGen: 9522K(14336K)->2895K(14848K) Eden: 7158K(7168K)->0K(8192K) From: 2363K(7168K)->2895K(6656K)
[2026-06-17T09:56:54.340+0800][1.856s][info][gc,heap        ] GC(73) ParOldGen: 38663K(44032K)->38663K(44032K)
[2026-06-17T09:56:54.340+0800][1.856s][info][gc,metaspace   ] GC(73) Metaspace: 143K(384K)->143K(384K) NonClass: 138K(256K)->138K(256K) Class: 4K(128K)->4K(128K)
[2026-06-17T09:56:54.340+0800][1.856s][info][gc             ] GC(73) Pause Young (Allocation Failure) 47M->40M(57M) 1.299ms
[2026-06-17T09:56:54.340+0800][1.856s][info][gc,cpu         ] GC(73) User=0.01s Sys=0.00s Real=0.00s
[2026-06-17T09:56:54.361+0800][1.877s][info][gc,start       ] GC(74) Pause Young (Allocation Failure)
[2026-06-17T09:56:54.362+0800][1.878s][info][gc,heap        ] GC(74) PSYoungGen: 11087K(14848K)->2435K(14848K) Eden: 8191K(8192K)->0K(8192K) From: 2895K(6656K)->2435K(6656K)
[2026-06-17T09:56:54.362+0800][1.878s][info][gc,heap        ] GC(74) ParOldGen: 38663K(44032K)->40573K(44032K)
[2026-06-17T09:56:54.362+0800][1.878s][info][gc,metaspace   ] GC(74) Metaspace: 143K(384K)->143K(384K) NonClass: 138K(256K)->138K(256K) Class: 4K(128K)->4K(128K)
[2026-06-17T09:56:54.363+0800][1.879s][info][gc             ] GC(74) Pause Young (Allocation Failure) 48M->42M(57M) 1.186ms
[2026-06-17T09:56:54.363+0800][1.879s][info][gc,cpu         ] GC(74) User=0.00s Sys=0.00s Real=0.01s
[2026-06-17T09:56:54.384+0800][1.900s][info][gc,start       ] GC(75) Pause Young (Allocation Failure)
[2026-06-17T09:56:54.385+0800][1.901s][info][gc,heap        ] GC(75) PSYoungGen: 10602K(14848K)->2161K(15360K) Eden: 8166K(8192K)->0K(9216K) From: 2435K(6656K)->2161K(6144K)
[2026-06-17T09:56:54.385+0800][1.901s][info][gc,heap        ] GC(75) ParOldGen: 40573K(44032K)->42347K(44032K)
[2026-06-17T09:56:54.386+0800][1.902s][info][gc,metaspace   ] GC(75) Metaspace: 143K(384K)->143K(384K) NonClass: 138K(256K)->138K(256K) Class: 4K(128K)->4K(128K)
[2026-06-17T09:56:54.386+0800][1.902s][info][gc             ] GC(75) Pause Young (Allocation Failure) 49M->43M(58M) 2.171ms
[2026-06-17T09:56:54.386+0800][1.902s][info][gc,cpu         ] GC(75) User=0.00s Sys=0.00s Real=0.00s
[2026-06-17T09:56:54.408+0800][1.924s][info][gc,start       ] GC(76) Pause Full (Ergonomics)
[2026-06-17T09:56:54.408+0800][1.924s][info][gc,phases,start] GC(76) Marking Phase
[2026-06-17T09:56:54.410+0800][1.926s][info][gc,phases      ] GC(76) Marking Phase 1.832ms
[2026-06-17T09:56:54.411+0800][1.927s][info][gc,phases,start] GC(76) Summary Phase
[2026-06-17T09:56:54.411+0800][1.927s][info][gc,phases      ] GC(76) Summary Phase 0.472ms
[2026-06-17T09:56:54.411+0800][1.927s][info][gc,phases,start] GC(76) Adjust Roots
[2026-06-17T09:56:54.412+0800][1.928s][info][gc,phases      ] GC(76) Adjust Roots 0.779ms
[2026-06-17T09:56:54.413+0800][1.929s][info][gc,phases,start] GC(76) Compaction Phase
[2026-06-17T09:56:54.415+0800][1.931s][info][gc,phases      ] GC(76) Compaction Phase 2.430ms
[2026-06-17T09:56:54.416+0800][1.932s][info][gc,phases,start] GC(76) Post Compact
[2026-06-17T09:56:54.416+0800][1.932s][info][gc,phases      ] GC(76) Post Compact 0.535ms
[2026-06-17T09:56:54.417+0800][1.933s][info][gc,heap        ] GC(76) PSYoungGen: 11339K(15360K)->0K(15360K) Eden: 9177K(9216K)->0K(9216K) From: 2161K(6144K)->0K(6144K)
[2026-06-17T09:56:54.417+0800][1.933s][info][gc,heap        ] GC(76) ParOldGen: 42347K(44032K)->33388K(44032K)
[2026-06-17T09:56:54.417+0800][1.933s][info][gc,metaspace   ] GC(76) Metaspace: 143K(384K)->143K(384K) NonClass: 138K(256K)->138K(256K) Class: 4K(128K)->4K(128K)
[2026-06-17T09:56:54.418+0800][1.934s][info][gc             ] GC(76) Pause Full (Ergonomics) 52M->32M(58M) 10.138ms
[2026-06-17T09:56:54.418+0800][1.934s][info][gc,cpu         ] GC(76) User=0.01s Sys=0.00s Real=0.01s
[2026-06-17T09:56:54.450+0800][1.966s][info][gc,start       ] GC(77) Pause Young (Allocation Failure)
[2026-06-17T09:56:54.451+0800][1.967s][info][gc,heap        ] GC(77) PSYoungGen: 9212K(15360K)->2334K(15360K) Eden: 9212K(9216K)->0K(9216K) From: 0K(6144K)->2334K(6144K)
[2026-06-17T09:56:54.452+0800][1.968s][info][gc,heap        ] GC(77) ParOldGen: 33388K(44032K)->33388K(44032K)
[2026-06-17T09:56:54.453+0800][1.969s][info][gc,metaspace   ] GC(77) Metaspace: 143K(384K)->143K(384K) NonClass: 138K(256K)->138K(256K) Class: 4K(128K)->4K(128K)
[2026-06-17T09:56:54.453+0800][1.969s][info][gc             ] GC(77) Pause Young (Allocation Failure) 41M->34M(58M) 3.341ms
[2026-06-17T09:56:54.454+0800][1.970s][info][gc,cpu         ] GC(77) User=0.00s Sys=0.00s Real=0.01s
[2026-06-17T09:56:54.466+0800][1.982s][info][gc,start       ] GC(78) Pause Young (Allocation Failure)
[2026-06-17T09:56:54.468+0800][1.984s][info][gc,heap        ] GC(78) PSYoungGen: 11066K(15360K)->1792K(15360K) Eden: 8732K(9216K)->0K(9216K) From: 2334K(6144K)->1792K(6144K)
[2026-06-17T09:56:54.468+0800][1.984s][info][gc,heap        ] GC(78) ParOldGen: 33388K(44032K)->35549K(44032K)
[2026-06-17T09:56:54.469+0800][1.985s][info][gc,metaspace   ] GC(78) Metaspace: 143K(384K)->143K(384K) NonClass: 138K(256K)->138K(256K) Class: 4K(128K)->4K(128K)
[2026-06-17T09:56:54.469+0800][1.985s][info][gc             ] GC(78) Pause Young (Allocation Failure) 43M->36M(58M) 3.275ms
[2026-06-17T09:56:54.469+0800][1.986s][info][gc,cpu         ] GC(78) User=0.00s Sys=0.00s Real=0.00s
[2026-06-17T09:56:54.502+0800][2.018s][info][gc,start       ] GC(79) Pause Young (Allocation Failure)
[2026-06-17T09:56:54.504+0800][2.020s][info][gc,heap        ] GC(79) PSYoungGen: 10981K(15360K)->1770K(15872K) Eden: 9189K(9216K)->0K(10240K) From: 1792K(6144K)->1770K(5632K)
[2026-06-17T09:56:54.505+0800][2.021s][info][gc,heap        ] GC(79) ParOldGen: 35549K(44032K)->37317K(44032K)
[2026-06-17T09:56:54.506+0800][2.022s][info][gc,metaspace   ] GC(79) Metaspace: 143K(384K)->143K(384K) NonClass: 138K(256K)->138K(256K) Class: 4K(128K)->4K(128K)
[2026-06-17T09:56:54.508+0800][2.024s][info][gc             ] GC(79) Pause Young (Allocation Failure) 45M->38M(58M) 6.567ms
[2026-06-17T09:56:54.509+0800][2.025s][info][gc,cpu         ] GC(79) User=0.00s Sys=0.00s Real=0.01s
[2026-06-17T09:56:54.532+0800][2.048s][info][gc,start       ] GC(80) Pause Young (Allocation Failure)
[2026-06-17T09:56:54.534+0800][2.050s][info][gc,heap        ] GC(80) PSYoungGen: 11989K(15872K)->3641K(15872K) Eden: 10219K(10240K)->0K(10240K) From: 1770K(5632K)->3641K(5632K)
[2026-06-17T09:56:54.534+0800][2.050s][info][gc,heap        ] GC(80) ParOldGen: 37317K(44032K)->38571K(44032K)
[2026-06-17T09:56:54.535+0800][2.051s][info][gc,metaspace   ] GC(80) Metaspace: 143K(384K)->143K(384K) NonClass: 138K(256K)->138K(256K) Class: 4K(128K)->4K(128K)
[2026-06-17T09:56:54.537+0800][2.053s][info][gc             ] GC(80) Pause Young (Allocation Failure) 48M->41M(58M) 5.151ms
[2026-06-17T09:56:54.537+0800][2.053s][info][gc,cpu         ] GC(80) User=0.01s Sys=0.00s Real=0.00s
[2026-06-17T09:56:54.559+0800][2.075s][info][gc,start       ] GC(81) Pause Young (Allocation Failure)
[2026-06-17T09:56:54.561+0800][2.077s][info][gc,heap        ] GC(81) PSYoungGen: 13841K(15872K)->4759K(14848K) Eden: 10199K(10240K)->0K(9216K) From: 3641K(5632K)->4759K(5632K)
[2026-06-17T09:56:54.561+0800][2.077s][info][gc,heap        ] GC(81) ParOldGen: 38571K(44032K)->40800K(44032K)
[2026-06-17T09:56:54.561+0800][2.077s][info][gc,metaspace   ] GC(81) Metaspace: 143K(384K)->143K(384K) NonClass: 138K(256K)->138K(256K) Class: 4K(128K)->4K(128K)
[2026-06-17T09:56:54.561+0800][2.078s][info][gc             ] GC(81) Pause Young (Allocation Failure) 51M->44M(57M) 2.199ms
[2026-06-17T09:56:54.562+0800][2.078s][info][gc,cpu         ] GC(81) User=0.00s Sys=0.00s Real=0.00s
[2026-06-17T09:56:54.584+0800][2.100s][info][gc,start       ] GC(82) Pause Full (Ergonomics)
[2026-06-17T09:56:54.584+0800][2.100s][info][gc,phases,start] GC(82) Marking Phase
[2026-06-17T09:56:54.586+0800][2.102s][info][gc,phases      ] GC(82) Marking Phase 1.782ms
[2026-06-17T09:56:54.587+0800][2.103s][info][gc,phases,start] GC(82) Summary Phase
[2026-06-17T09:56:54.587+0800][2.103s][info][gc,phases      ] GC(82) Summary Phase 0.343ms
[2026-06-17T09:56:54.587+0800][2.103s][info][gc,phases,start] GC(82) Adjust Roots
[2026-06-17T09:56:54.588+0800][2.104s][info][gc,phases      ] GC(82) Adjust Roots 0.487ms
[2026-06-17T09:56:54.588+0800][2.104s][info][gc,phases,start] GC(82) Compaction Phase
[2026-06-17T09:56:54.590+0800][2.106s][info][gc,phases      ] GC(82) Compaction Phase 2.269ms
[2026-06-17T09:56:54.591+0800][2.107s][info][gc,phases,start] GC(82) Post Compact
[2026-06-17T09:56:54.591+0800][2.107s][info][gc,phases      ] GC(82) Post Compact 0.334ms
[2026-06-17T09:56:54.591+0800][2.107s][info][gc,heap        ] GC(82) PSYoungGen: 13911K(14848K)->0K(15360K) Eden: 9151K(9216K)->0K(9216K) From: 4759K(5632K)->0K(6144K)
[2026-06-17T09:56:54.591+0800][2.107s][info][gc,heap        ] GC(82) ParOldGen: 40800K(44032K)->30447K(44032K)
[2026-06-17T09:56:54.592+0800][2.108s][info][gc,metaspace   ] GC(82) Metaspace: 143K(384K)->143K(384K) NonClass: 138K(256K)->138K(256K) Class: 4K(128K)->4K(128K)
[2026-06-17T09:56:54.592+0800][2.108s][info][gc             ] GC(82) Pause Full (Ergonomics) 53M->29M(58M) 7.954ms
[2026-06-17T09:56:54.592+0800][2.108s][info][gc,cpu         ] GC(82) User=0.00s Sys=0.00s Real=0.01s
[2026-06-17T09:56:54.625+0800][2.141s][info][gc,start       ] GC(83) Pause Young (Allocation Failure)
[2026-06-17T09:56:54.627+0800][2.143s][info][gc,heap        ] GC(83) PSYoungGen: 9216K(15360K)->1781K(15360K) Eden: 9216K(9216K)->0K(9216K) From: 0K(6144K)->1781K(6144K)
[2026-06-17T09:56:54.628+0800][2.144s][info][gc,heap        ] GC(83) ParOldGen: 30447K(44032K)->30447K(44032K)
[2026-06-17T09:56:54.628+0800][2.145s][info][gc,metaspace   ] GC(83) Metaspace: 143K(384K)->143K(384K) NonClass: 138K(256K)->138K(256K) Class: 4K(128K)->4K(128K)
[2026-06-17T09:56:54.629+0800][2.145s][info][gc             ] GC(83) Pause Young (Allocation Failure) 38M->31M(58M) 4.479ms
[2026-06-17T09:56:54.630+0800][2.146s][info][gc,cpu         ] GC(83) User=0.00s Sys=0.00s Real=0.00s
[2026-06-17T09:56:54.652+0800][2.168s][info][gc,start       ] GC(84) Pause Young (Allocation Failure)
[2026-06-17T09:56:54.655+0800][2.171s][info][gc,heap        ] GC(84) PSYoungGen: 10991K(15360K)->3810K(15360K) Eden: 9209K(9216K)->0K(9216K) From: 1781K(6144K)->3810K(6144K)
[2026-06-17T09:56:54.656+0800][2.172s][info][gc,heap        ] GC(84) ParOldGen: 30447K(44032K)->30587K(44032K)
[2026-06-17T09:56:54.656+0800][2.172s][info][gc,metaspace   ] GC(84) Metaspace: 143K(384K)->143K(384K) NonClass: 138K(256K)->138K(256K) Class: 4K(128K)->4K(128K)
[2026-06-17T09:56:54.657+0800][2.173s][info][gc             ] GC(84) Pause Young (Allocation Failure) 40M->33M(58M) 4.760ms
[2026-06-17T09:56:54.658+0800][2.174s][info][gc,cpu         ] GC(84) User=0.00s Sys=0.00s Real=0.00s
[2026-06-17T09:56:54.680+0800][2.196s][info][gc,start       ] GC(85) Pause Young (Allocation Failure)
[2026-06-17T09:56:54.682+0800][2.198s][info][gc,heap        ] GC(85) PSYoungGen: 12980K(15360K)->4430K(14336K) Eden: 9169K(9216K)->0K(8192K) From: 3810K(6144K)->4430K(6144K)
[2026-06-17T09:56:54.683+0800][2.199s][info][gc,heap        ] GC(85) ParOldGen: 30587K(44032K)->32508K(44032K)
[2026-06-17T09:56:54.683+0800][2.200s][info][gc,metaspace   ] GC(85) Metaspace: 143K(384K)->143K(384K) NonClass: 138K(256K)->138K(256K) Class: 4K(128K)->4K(128K)
[2026-06-17T09:56:54.684+0800][2.200s][info][gc             ] GC(85) Pause Young (Allocation Failure) 42M->36M(57M) 4.069ms
[2026-06-17T09:56:54.684+0800][2.200s][info][gc,cpu         ] GC(85) User=0.00s Sys=0.00s Real=0.01s
[2026-06-17T09:56:54.706+0800][2.222s][info][gc,start       ] GC(86) Pause Young (Allocation Failure)
[2026-06-17T09:56:54.708+0800][2.224s][info][gc,heap        ] GC(86) PSYoungGen: 12605K(14336K)->3948K(14848K) Eden: 8175K(8192K)->0K(8192K) From: 4430K(6144K)->3948K(6656K)
[2026-06-17T09:56:54.710+0800][2.226s][info][gc,heap        ] GC(86) ParOldGen: 32508K(44032K)->34146K(44032K)
[2026-06-17T09:56:54.710+0800][2.226s][info][gc,metaspace   ] GC(86) Metaspace: 143K(384K)->143K(384K) NonClass: 138K(256K)->138K(256K) Class: 4K(128K)->4K(128K)
[2026-06-17T09:56:54.710+0800][2.226s][info][gc             ] GC(86) Pause Young (Allocation Failure) 44M->37M(57M) 3.977ms
[2026-06-17T09:56:54.711+0800][2.227s][info][gc,cpu         ] GC(86) User=0.00s Sys=0.00s Real=0.01s
[2026-06-17T09:56:54.732+0800][2.248s][info][gc,start       ] GC(87) Pause Young (Allocation Failure)
[2026-06-17T09:56:54.733+0800][2.249s][info][gc,heap        ] GC(87) PSYoungGen: 12136K(14848K)->4050K(14848K) Eden: 8187K(8192K)->0K(8192K) From: 3948K(6656K)->4050K(6656K)
[2026-06-17T09:56:54.734+0800][2.250s][info][gc,heap        ] GC(87) ParOldGen: 34146K(44032K)->35111K(44032K)
[2026-06-17T09:56:54.734+0800][2.250s][info][gc,metaspace   ] GC(87) Metaspace: 143K(384K)->143K(384K) NonClass: 138K(256K)->138K(256K) Class: 4K(128K)->4K(128K)
[2026-06-17T09:56:54.734+0800][2.250s][info][gc             ] GC(87) Pause Young (Allocation Failure) 45M->38M(57M) 2.331ms
[2026-06-17T09:56:54.735+0800][2.251s][info][gc,cpu         ] GC(87) User=0.00s Sys=0.00s Real=0.00s
[2026-06-17T09:56:54.757+0800][2.273s][info][gc,start       ] GC(88) Pause Young (Allocation Failure)
[2026-06-17T09:56:54.758+0800][2.274s][info][gc,heap        ] GC(88) PSYoungGen: 12231K(14848K)->3323K(14848K) Eden: 8180K(8192K)->0K(8192K) From: 4050K(6656K)->3323K(6656K)
[2026-06-17T09:56:54.758+0800][2.274s][info][gc,heap        ] GC(88) ParOldGen: 35111K(44032K)->37039K(44032K)
[2026-06-17T09:56:54.758+0800][2.275s][info][gc,metaspace   ] GC(88) Metaspace: 143K(384K)->143K(384K) NonClass: 138K(256K)->138K(256K) Class: 4K(128K)->4K(128K)
[2026-06-17T09:56:54.759+0800][2.275s][info][gc             ] GC(88) Pause Young (Allocation Failure) 46M->39M(57M) 2.233ms
[2026-06-17T09:56:54.759+0800][2.275s][info][gc,cpu         ] GC(88) User=0.00s Sys=0.00s Real=0.00s
[2026-06-17T09:56:54.781+0800][2.297s][info][gc,start       ] GC(89) Pause Young (Allocation Failure)
[2026-06-17T09:56:54.782+0800][2.298s][info][gc,heap        ] GC(89) PSYoungGen: 11512K(14848K)->2314K(15360K) Eden: 8188K(8192K)->0K(9216K) From: 3323K(6656K)->2314K(6144K)
[2026-06-17T09:56:54.783+0800][2.299s][info][gc,heap        ] GC(89) ParOldGen: 37039K(44032K)->39070K(44032K)
[2026-06-17T09:56:54.783+0800][2.299s][info][gc,metaspace   ] GC(89) Metaspace: 143K(384K)->143K(384K) NonClass: 138K(256K)->138K(256K) Class: 4K(128K)->4K(128K)
[2026-06-17T09:56:54.784+0800][2.300s][info][gc             ] GC(89) Pause Young (Allocation Failure) 47M->40M(58M) 3.076ms
[2026-06-17T09:56:54.784+0800][2.300s][info][gc,cpu         ] GC(89) User=0.00s Sys=0.00s Real=0.01s
[2026-06-17T09:56:54.806+0800][2.322s][info][gc,start       ] GC(90) Pause Young (Allocation Failure)
[2026-06-17T09:56:54.807+0800][2.323s][info][gc,heap        ] GC(90) PSYoungGen: 11506K(15360K)->4699K(14336K) Eden: 9191K(9216K)->0K(9216K) From: 2314K(6144K)->4699K(5120K)
[2026-06-17T09:56:54.808+0800][2.324s][info][gc,heap        ] GC(90) ParOldGen: 39070K(44032K)->39070K(44032K)
[2026-06-17T09:56:54.808+0800][2.324s][info][gc,metaspace   ] GC(90) Metaspace: 143K(384K)->143K(384K) NonClass: 138K(256K)->138K(256K) Class: 4K(128K)->4K(128K)
[2026-06-17T09:56:54.808+0800][2.324s][info][gc             ] GC(90) Pause Young (Allocation Failure) 49M->42M(57M) 2.761ms
[2026-06-17T09:56:54.809+0800][2.325s][info][gc,cpu         ] GC(90) User=0.00s Sys=0.00s Real=0.00s
[2026-06-17T09:56:54.831+0800][2.347s][info][gc,start       ] GC(91) Pause Young (Allocation Failure)
[2026-06-17T09:56:54.832+0800][2.348s][info][gc,heap        ] GC(91) PSYoungGen: 13887K(14336K)->5412K(14848K) Eden: 9187K(9216K)->0K(8192K) From: 4699K(5120K)->5412K(6656K)
[2026-06-17T09:56:54.833+0800][2.349s][info][gc,heap        ] GC(91) ParOldGen: 39070K(44032K)->40807K(44032K)
[2026-06-17T09:56:54.833+0800][2.349s][info][gc,metaspace   ] GC(91) Metaspace: 143K(384K)->143K(384K) NonClass: 138K(256K)->138K(256K) Class: 4K(128K)->4K(128K)
[2026-06-17T09:56:54.833+0800][2.349s][info][gc             ] GC(91) Pause Young (Allocation Failure) 51M->45M(57M) 2.451ms
[2026-06-17T09:56:54.833+0800][2.349s][info][gc,cpu         ] GC(91) User=0.00s Sys=0.00s Real=0.00s
[2026-06-17T09:56:54.855+0800][2.371s][info][gc,start       ] GC(92) Pause Young (Allocation Failure)
[2026-06-17T09:56:54.856+0800][2.372s][info][gc,heap        ] GC(92) PSYoungGen: 13556K(14848K)->665K(9216K) Eden: 8144K(8192K)->0K(8192K) From: 5412K(6656K)->665K(1024K)
[2026-06-17T09:56:54.857+0800][2.373s][info][gc,heap        ] GC(92) ParOldGen: 40807K(44032K)->42991K(44032K)
[2026-06-17T09:56:54.857+0800][2.373s][info][gc,metaspace   ] GC(92) Metaspace: 143K(384K)->143K(384K) NonClass: 138K(256K)->138K(256K) Class: 4K(128K)->4K(128K)
[2026-06-17T09:56:54.857+0800][2.373s][info][gc             ] GC(92) Pause Young (Allocation Failure) 53M->42M(52M) 2.301ms
[2026-06-17T09:56:54.857+0800][2.373s][info][gc,cpu         ] GC(92) User=0.00s Sys=0.00s Real=0.00s
[2026-06-17T09:56:54.879+0800][2.395s][info][gc,start       ] GC(93) Pause Full (Ergonomics)
[2026-06-17T09:56:54.880+0800][2.396s][info][gc,phases,start] GC(93) Marking Phase
[2026-06-17T09:56:54.881+0800][2.397s][info][gc,phases      ] GC(93) Marking Phase 1.156ms
[2026-06-17T09:56:54.883+0800][2.399s][info][gc,phases,start] GC(93) Summary Phase
[2026-06-17T09:56:54.883+0800][2.399s][info][gc,phases      ] GC(93) Summary Phase 0.257ms
[2026-06-17T09:56:54.883+0800][2.399s][info][gc,phases,start] GC(93) Adjust Roots
[2026-06-17T09:56:54.884+0800][2.400s][info][gc,phases      ] GC(93) Adjust Roots 0.410ms
[2026-06-17T09:56:54.885+0800][2.401s][info][gc,phases,start] GC(93) Compaction Phase
[2026-06-17T09:56:54.887+0800][2.403s][info][gc,phases      ] GC(93) Compaction Phase 2.325ms
[2026-06-17T09:56:54.893+0800][2.409s][info][gc,phases,start] GC(93) Post Compact
[2026-06-17T09:56:54.893+0800][2.409s][info][gc,phases      ] GC(93) Post Compact 0.792ms
[2026-06-17T09:56:54.894+0800][2.410s][info][gc,heap        ] GC(93) PSYoungGen: 8849K(9216K)->0K(14336K) Eden: 8184K(8192K)->0K(7168K) From: 665K(1024K)->0K(7168K)
[2026-06-17T09:56:54.894+0800][2.410s][info][gc,heap        ] GC(93) ParOldGen: 42991K(44032K)->23586K(44032K)
[2026-06-17T09:56:54.894+0800][2.410s][info][gc,metaspace   ] GC(93) Metaspace: 143K(384K)->143K(384K) NonClass: 138K(256K)->138K(256K) Class: 4K(128K)->4K(128K)
[2026-06-17T09:56:54.894+0800][2.410s][info][gc             ] GC(93) Pause Full (Ergonomics) 50M->23M(57M) 15.253ms
[2026-06-17T09:56:54.894+0800][2.410s][info][gc,cpu         ] GC(93) User=0.01s Sys=0.00s Real=0.02s
[2026-06-17T09:56:54.915+0800][2.432s][info][gc,start       ] GC(94) Pause Young (Allocation Failure)
[2026-06-17T09:56:54.916+0800][2.432s][info][gc,heap        ] GC(94) PSYoungGen: 7163K(14336K)->3877K(14336K) Eden: 7163K(7168K)->0K(7168K) From: 0K(7168K)->3877K(7168K)
[2026-06-17T09:56:54.917+0800][2.433s][info][gc,heap        ] GC(94) ParOldGen: 23586K(44032K)->23586K(44032K)
[2026-06-17T09:56:54.917+0800][2.433s][info][gc,metaspace   ] GC(94) Metaspace: 143K(384K)->143K(384K) NonClass: 138K(256K)->138K(256K) Class: 4K(128K)->4K(128K)
[2026-06-17T09:56:54.917+0800][2.433s][info][gc             ] GC(94) Pause Young (Allocation Failure) 30M->26M(57M) 1.344ms
[2026-06-17T09:56:54.917+0800][2.433s][info][gc,cpu         ] GC(94) User=0.00s Sys=0.00s Real=0.00s
[2026-06-17T09:56:54.938+0800][2.454s][info][gc,start       ] GC(95) Pause Young (Allocation Failure)
[2026-06-17T09:56:54.939+0800][2.455s][info][gc,heap        ] GC(95) PSYoungGen: 11043K(14336K)->2177K(14848K) Eden: 7165K(7168K)->0K(7680K) From: 3877K(7168K)->2177K(7168K)
[2026-06-17T09:56:54.939+0800][2.455s][info][gc,heap        ] GC(95) ParOldGen: 23586K(44032K)->25575K(44032K)
[2026-06-17T09:56:54.939+0800][2.455s][info][gc,metaspace   ] GC(95) Metaspace: 143K(384K)->143K(384K) NonClass: 138K(256K)->138K(256K) Class: 4K(128K)->4K(128K)
[2026-06-17T09:56:54.939+0800][2.455s][info][gc             ] GC(95) Pause Young (Allocation Failure) 33M->27M(57M) 1.164ms
[2026-06-17T09:56:54.939+0800][2.455s][info][gc,cpu         ] GC(95) User=0.00s Sys=0.00s Real=0.00s
[2026-06-17T09:56:54.960+0800][2.476s][info][gc,start       ] GC(96) Pause Young (Allocation Failure)
[2026-06-17T09:56:54.961+0800][2.477s][info][gc,heap        ] GC(96) PSYoungGen: 9849K(14848K)->2191K(14336K) Eden: 7672K(7680K)->0K(7680K) From: 2177K(7168K)->2191K(6656K)
[2026-06-17T09:56:54.961+0800][2.477s][info][gc,heap        ] GC(96) ParOldGen: 25575K(44032K)->26360K(44032K)
[2026-06-17T09:56:54.961+0800][2.477s][info][gc,metaspace   ] GC(96) Metaspace: 143K(384K)->143K(384K) NonClass: 138K(256K)->138K(256K) Class: 4K(128K)->4K(128K)
[2026-06-17T09:56:54.961+0800][2.477s][info][gc             ] GC(96) Pause Young (Allocation Failure) 34M->27M(57M) 1.205ms
[2026-06-17T09:56:54.961+0800][2.477s][info][gc,cpu         ] GC(96) User=0.01s Sys=0.00s Real=0.00s
[2026-06-17T09:56:54.972+0800][2.488s][info][gc,start       ] GC(97) Pause Young (Allocation Failure)
[2026-06-17T09:56:54.973+0800][2.489s][info][gc,heap        ] GC(97) PSYoungGen: 9675K(14336K)->863K(14848K) Eden: 7484K(7680K)->0K(8192K) From: 2191K(6656K)->863K(6656K)
[2026-06-17T09:56:54.973+0800][2.489s][info][gc,heap        ] GC(97) ParOldGen: 26360K(44032K)->28467K(44032K)
[2026-06-17T09:56:54.973+0800][2.489s][info][gc,metaspace   ] GC(97) Metaspace: 143K(384K)->143K(384K) NonClass: 138K(256K)->138K(256K) Class: 4K(128K)->4K(128K)
[2026-06-17T09:56:54.973+0800][2.489s][info][gc             ] GC(97) Pause Young (Allocation Failure) 35M->28M(57M) 1.017ms
[2026-06-17T09:56:54.973+0800][2.490s][info][gc,cpu         ] GC(97) User=0.00s Sys=0.00s Real=0.00s
[2026-06-17T09:56:55.005+0800][2.521s][info][gc,start       ] GC(98) Pause Young (Allocation Failure)
[2026-06-17T09:56:55.007+0800][2.523s][info][gc,heap        ] GC(98) PSYoungGen: 9022K(14848K)->1493K(14848K) Eden: 8159K(8192K)->0K(8192K) From: 863K(6656K)->1493K(6656K)
[2026-06-17T09:56:55.008+0800][2.524s][info][gc,heap        ] GC(98) ParOldGen: 28467K(44032K)->29306K(44032K)
[2026-06-17T09:56:55.009+0800][2.525s][info][gc,metaspace   ] GC(98) Metaspace: 143K(384K)->143K(384K) NonClass: 138K(256K)->138K(256K) Class: 4K(128K)->4K(128K)
[2026-06-17T09:56:55.009+0800][2.525s][info][gc             ] GC(98) Pause Young (Allocation Failure) 36M->30M(57M) 3.830ms
[2026-06-17T09:56:55.010+0800][2.526s][info][gc,cpu         ] GC(98) User=0.00s Sys=0.00s Real=0.00s
[2026-06-17T09:56:55.022+0800][2.538s][info][gc,start       ] GC(99) Pause Young (Allocation Failure)
[2026-06-17T09:56:55.024+0800][2.540s][info][gc,heap        ] GC(99) PSYoungGen: 9678K(14848K)->4915K(13824K) Eden: 8185K(8192K)->0K(7168K) From: 1493K(6656K)->4915K(6656K)
[2026-06-17T09:56:55.024+0800][2.541s][info][gc,heap        ] GC(99) ParOldGen: 29306K(44032K)->30540K(44032K)
[2026-06-17T09:56:55.025+0800][2.541s][info][gc,metaspace   ] GC(99) Metaspace: 143K(384K)->143K(384K) NonClass: 138K(256K)->138K(256K) Class: 4K(128K)->4K(128K)
[2026-06-17T09:56:55.026+0800][2.542s][info][gc             ] GC(99) Pause Young (Allocation Failure) 38M->34M(56M) 3.890ms
[2026-06-17T09:56:55.026+0800][2.542s][info][gc,cpu         ] GC(99) User=0.00s Sys=0.00s Real=0.01s
[2026-06-17T09:56:55.048+0800][2.565s][info][gc,start       ] GC(100) Pause Young (Allocation Failure)
[2026-06-17T09:56:55.051+0800][2.567s][info][gc,heap        ] GC(100) PSYoungGen: 12070K(13824K)->3348K(14336K) Eden: 7155K(7168K)->0K(7168K) From: 4915K(6656K)->3348K(7168K)
[2026-06-17T09:56:55.052+0800][2.568s][info][gc,heap        ] GC(100) ParOldGen: 30540K(44032K)->32276K(44032K)
[2026-06-17T09:56:55.052+0800][2.568s][info][gc,metaspace   ] GC(100) Metaspace: 143K(384K)->143K(384K) NonClass: 138K(256K)->138K(256K) Class: 4K(128K)->4K(128K)
[2026-06-17T09:56:55.053+0800][2.569s][info][gc             ] GC(100) Pause Young (Allocation Failure) 41M->34M(57M) 4.720ms
[2026-06-17T09:56:55.054+0800][2.570s][info][gc,cpu         ] GC(100) User=0.00s Sys=0.00s Real=0.01s
[2026-06-17T09:56:55.076+0800][2.592s][info][gc,start       ] GC(101) Pause Young (Allocation Failure)
[2026-06-17T09:56:55.080+0800][2.596s][info][gc,heap        ] GC(101) PSYoungGen: 10491K(14336K)->4020K(14848K) Eden: 7143K(7168K)->0K(8192K) From: 3348K(7168K)->4020K(6656K)
[2026-06-17T09:56:55.081+0800][2.597s][info][gc,heap        ] GC(101) ParOldGen: 32276K(44032K)->32276K(44032K)
[2026-06-17T09:56:55.082+0800][2.598s][info][gc,metaspace   ] GC(101) Metaspace: 143K(384K)->143K(384K) NonClass: 138K(256K)->138K(256K) Class: 4K(128K)->4K(128K)
[2026-06-17T09:56:55.083+0800][2.599s][info][gc             ] GC(101) Pause Young (Allocation Failure) 41M->35M(57M) 6.694ms
[2026-06-17T09:56:55.083+0800][2.599s][info][gc,cpu         ] GC(101) User=0.00s Sys=0.00s Real=0.01s
[2026-06-17T09:56:55.105+0800][2.621s][info][gc,start       ] GC(102) Pause Young (Allocation Failure)
[2026-06-17T09:56:55.106+0800][2.622s][info][gc,heap        ] GC(102) PSYoungGen: 12197K(14848K)->2987K(14848K) Eden: 8176K(8192K)->0K(8192K) From: 4020K(6656K)->2987K(6656K)
[2026-06-17T09:56:55.106+0800][2.622s][info][gc,heap        ] GC(102) ParOldGen: 32276K(44032K)->34471K(44032K)
[2026-06-17T09:56:55.106+0800][2.622s][info][gc,metaspace   ] GC(102) Metaspace: 143K(384K)->143K(384K) NonClass: 138K(256K)->138K(256K) Class: 4K(128K)->4K(128K)
[2026-06-17T09:56:55.107+0800][2.623s][info][gc             ] GC(102) Pause Young (Allocation Failure) 43M->36M(57M) 1.907ms
[2026-06-17T09:56:55.107+0800][2.623s][info][gc,cpu         ] GC(102) User=0.00s Sys=0.00s Real=0.00s
[2026-06-17T09:56:55.128+0800][2.644s][info][gc,start       ] GC(103) Pause Young (Allocation Failure)
[2026-06-17T09:56:55.129+0800][2.645s][info][gc,heap        ] GC(103) PSYoungGen: 11126K(14848K)->2521K(15360K) Eden: 8138K(8192K)->0K(8704K) From: 2987K(6656K)->2521K(6656K)
[2026-06-17T09:56:55.130+0800][2.646s][info][gc,heap        ] GC(103) ParOldGen: 34471K(44032K)->36064K(44032K)
[2026-06-17T09:56:55.130+0800][2.646s][info][gc,metaspace   ] GC(103) Metaspace: 147K(384K)->147K(384K) NonClass: 143K(256K)->143K(256K) Class: 4K(128K)->4K(128K)
[2026-06-17T09:56:55.130+0800][2.646s][info][gc             ] GC(103) Pause Young (Allocation Failure) 44M->37M(58M) 1.961ms
[2026-06-17T09:56:55.130+0800][2.646s][info][gc,cpu         ] GC(103) User=0.00s Sys=0.00s Real=0.00s
[2026-06-17T09:56:55.152+0800][2.668s][info][gc,start       ] GC(104) Pause Young (Allocation Failure)
[2026-06-17T09:56:55.153+0800][2.669s][info][gc,heap        ] GC(104) PSYoungGen: 11195K(15360K)->4180K(14848K) Eden: 8674K(8704K)->0K(8704K) From: 2521K(6656K)->4180K(6144K)
[2026-06-17T09:56:55.153+0800][2.669s][info][gc,heap        ] GC(104) ParOldGen: 36064K(44032K)->36064K(44032K)
[2026-06-17T09:56:55.154+0800][2.670s][info][gc,metaspace   ] GC(104) Metaspace: 147K(384K)->147K(384K) NonClass: 143K(256K)->143K(256K) Class: 4K(128K)->4K(128K)
[2026-06-17T09:56:55.154+0800][2.670s][info][gc             ] GC(104) Pause Young (Allocation Failure) 46M->39M(57M) 2.095ms
[2026-06-17T09:56:55.154+0800][2.670s][info][gc,cpu         ] GC(104) User=0.00s Sys=0.00s Real=0.00s
[2026-06-17T09:56:55.176+0800][2.692s][info][gc,start       ] GC(105) Pause Young (Allocation Failure)
[2026-06-17T09:56:55.177+0800][2.693s][info][gc,heap        ] GC(105) PSYoungGen: 12870K(14848K)->2688K(15360K) Eden: 8689K(8704K)->0K(9216K) From: 4180K(6144K)->2688K(6144K)
[2026-06-17T09:56:55.177+0800][2.693s][info][gc,heap        ] GC(105) ParOldGen: 36064K(44032K)->38936K(44032K)
[2026-06-17T09:56:55.178+0800][2.694s][info][gc,metaspace   ] GC(105) Metaspace: 147K(384K)->147K(384K) NonClass: 143K(256K)->143K(256K) Class: 4K(128K)->4K(128K)
[2026-06-17T09:56:55.178+0800][2.694s][info][gc             ] GC(105) Pause Young (Allocation Failure) 47M->40M(58M) 2.217ms
[2026-06-17T09:56:55.178+0800][2.694s][info][gc,cpu         ] GC(105) User=0.00s Sys=0.00s Real=0.00s
[2026-06-17T09:56:55.200+0800][2.716s][info][gc,start       ] GC(106) Pause Young (Allocation Failure)
[2026-06-17T09:56:55.202+0800][2.718s][info][gc,heap        ] GC(106) PSYoungGen: 11885K(15360K)->2767K(15360K) Eden: 9197K(9216K)->0K(9216K) From: 2688K(6144K)->2767K(6144K)
[2026-06-17T09:56:55.202+0800][2.718s][info][gc,heap        ] GC(106) ParOldGen: 38936K(44032K)->41164K(44032K)
[2026-06-17T09:56:55.203+0800][2.719s][info][gc,metaspace   ] GC(106) Metaspace: 147K(384K)->147K(384K) NonClass: 143K(256K)->143K(256K) Class: 4K(128K)->4K(128K)
[2026-06-17T09:56:55.204+0800][2.720s][info][gc             ] GC(106) Pause Young (Allocation Failure) 49M->42M(58M) 3.533ms
[2026-06-17T09:56:55.204+0800][2.720s][info][gc,cpu         ] GC(106) User=0.00s Sys=0.00s Real=0.01s
[2026-06-17T09:56:55.226+0800][2.742s][info][gc,start       ] GC(107) Pause Full (Ergonomics)
[2026-06-17T09:56:55.227+0800][2.743s][info][gc,phases,start] GC(107) Marking Phase
[2026-06-17T09:56:55.229+0800][2.745s][info][gc,phases      ] GC(107) Marking Phase 2.098ms
[2026-06-17T09:56:55.230+0800][2.746s][info][gc,phases,start] GC(107) Summary Phase
[2026-06-17T09:56:55.231+0800][2.747s][info][gc,phases      ] GC(107) Summary Phase 0.697ms
[2026-06-17T09:56:55.231+0800][2.747s][info][gc,phases,start] GC(107) Adjust Roots
[2026-06-17T09:56:55.232+0800][2.748s][info][gc,phases      ] GC(107) Adjust Roots 0.820ms
[2026-06-17T09:56:55.233+0800][2.749s][info][gc,phases,start] GC(107) Compaction Phase
[2026-06-17T09:56:55.235+0800][2.751s][info][gc,phases      ] GC(107) Compaction Phase 2.554ms
[2026-06-17T09:56:55.236+0800][2.752s][info][gc,phases,start] GC(107) Post Compact
[2026-06-17T09:56:55.236+0800][2.752s][info][gc,phases      ] GC(107) Post Compact 0.635ms
[2026-06-17T09:56:55.237+0800][2.753s][info][gc,heap        ] GC(107) PSYoungGen: 11973K(15360K)->0K(15360K) Eden: 9206K(9216K)->0K(9216K) From: 2767K(6144K)->0K(6144K)
[2026-06-17T09:56:55.238+0800][2.754s][info][gc,heap        ] GC(107) ParOldGen: 41164K(44032K)->23102K(44032K)
[2026-06-17T09:56:55.238+0800][2.754s][info][gc,metaspace   ] GC(107) Metaspace: 147K(384K)->147K(384K) NonClass: 143K(256K)->143K(256K) Class: 4K(128K)->4K(128K)
[2026-06-17T09:56:55.239+0800][2.755s][info][gc             ] GC(107) Pause Full (Ergonomics) 51M->22M(58M) 12.474ms
[2026-06-17T09:56:55.239+0800][2.755s][info][gc,cpu         ] GC(107) User=0.00s Sys=0.00s Real=0.01s
[2026-06-17T09:56:55.261+0800][2.777s][info][gc,start       ] GC(108) Pause Young (Allocation Failure)
[2026-06-17T09:56:55.263+0800][2.779s][info][gc,heap        ] GC(108) PSYoungGen: 9202K(15360K)->5794K(15360K) Eden: 9202K(9216K)->0K(9216K) From: 0K(6144K)->5794K(6144K)
[2026-06-17T09:56:55.265+0800][2.781s][info][gc,heap        ] GC(108) ParOldGen: 23102K(44032K)->23102K(44032K)
[2026-06-17T09:56:55.266+0800][2.782s][info][gc,metaspace   ] GC(108) Metaspace: 147K(384K)->147K(384K) NonClass: 143K(256K)->143K(256K) Class: 4K(128K)->4K(128K)
[2026-06-17T09:56:55.267+0800][2.783s][info][gc             ] GC(108) Pause Young (Allocation Failure) 31M->28M(58M) 5.322ms
[2026-06-17T09:56:55.267+0800][2.783s][info][gc,cpu         ] GC(108) User=0.00s Sys=0.00s Real=0.01s
[2026-06-17T09:56:55.299+0800][2.815s][info][gc,start       ] GC(109) Pause Young (Allocation Failure)
[2026-06-17T09:56:55.301+0800][2.817s][info][gc,heap        ] GC(109) PSYoungGen: 14971K(15360K)->2009K(14336K) Eden: 9176K(9216K)->0K(8192K) From: 5794K(6144K)->2009K(6144K)
[2026-06-17T09:56:55.302+0800][2.818s][info][gc,heap        ] GC(109) ParOldGen: 23102K(44032K)->25327K(44032K)
[2026-06-17T09:56:55.302+0800][2.818s][info][gc,metaspace   ] GC(109) Metaspace: 147K(384K)->147K(384K) NonClass: 143K(256K)->143K(256K) Class: 4K(128K)->4K(128K)
[2026-06-17T09:56:55.303+0800][2.819s][info][gc             ] GC(109) Pause Young (Allocation Failure) 37M->26M(57M) 3.647ms
[2026-06-17T09:56:55.304+0800][2.820s][info][gc,cpu         ] GC(109) User=0.00s Sys=0.00s Real=0.01s
[2026-06-17T09:56:55.326+0800][2.842s][info][gc,start       ] GC(110) Pause Young (Allocation Failure)
[2026-06-17T09:56:55.328+0800][2.844s][info][gc,heap        ] GC(110) PSYoungGen: 10187K(14336K)->1308K(14848K) Eden: 8178K(8192K)->0K(8192K) From: 2009K(6144K)->1308K(6656K)
[2026-06-17T09:56:55.328+0800][2.844s][info][gc,heap        ] GC(110) ParOldGen: 25327K(44032K)->27179K(44032K)
[2026-06-17T09:56:55.329+0800][2.845s][info][gc,metaspace   ] GC(110) Metaspace: 147K(384K)->147K(384K) NonClass: 143K(256K)->143K(256K) Class: 4K(128K)->4K(128K)
[2026-06-17T09:56:55.329+0800][2.845s][info][gc             ] GC(110) Pause Young (Allocation Failure) 34M->27M(57M) 3.029ms
[2026-06-17T09:56:55.330+0800][2.846s][info][gc,cpu         ] GC(110) User=0.00s Sys=0.00s Real=0.00s
[2026-06-17T09:56:55.351+0800][2.867s][info][gc,start       ] GC(111) Pause Young (Allocation Failure)
[2026-06-17T09:56:55.352+0800][2.868s][info][gc,heap        ] GC(111) PSYoungGen: 9493K(14848K)->2680K(15360K) Eden: 8185K(8192K)->0K(8704K) From: 1308K(6656K)->2680K(6656K)
[2026-06-17T09:56:55.353+0800][2.869s][info][gc,heap        ] GC(111) ParOldGen: 27179K(44032K)->27179K(44032K)
[2026-06-17T09:56:55.353+0800][2.869s][info][gc,metaspace   ] GC(111) Metaspace: 147K(384K)->147K(384K) NonClass: 143K(256K)->143K(256K) Class: 4K(128K)->4K(128K)
[2026-06-17T09:56:55.353+0800][2.869s][info][gc             ] GC(111) Pause Young (Allocation Failure) 35M->29M(58M) 1.878ms
[2026-06-17T09:56:55.354+0800][2.870s][info][gc,cpu         ] GC(111) User=0.00s Sys=0.00s Real=0.00s
[2026-06-17T09:56:55.365+0800][2.881s][info][gc,start       ] GC(112) Pause Young (Allocation Failure)
[2026-06-17T09:56:55.367+0800][2.883s][info][gc,heap        ] GC(112) PSYoungGen: 11195K(15360K)->4409K(14848K) Eden: 8515K(8704K)->0K(8704K) From: 2680K(6656K)->4409K(6144K)
[2026-06-17T09:56:55.367+0800][2.883s][info][gc,heap        ] GC(112) ParOldGen: 27179K(44032K)->27179K(44032K)
[2026-06-17T09:56:55.368+0800][2.884s][info][gc,metaspace   ] GC(112) Metaspace: 147K(384K)->147K(384K) NonClass: 143K(256K)->143K(256K) Class: 4K(128K)->4K(128K)
[2026-06-17T09:56:55.369+0800][2.885s][info][gc             ] GC(112) Pause Young (Allocation Failure) 37M->30M(57M) 3.491ms
[2026-06-17T09:56:55.371+0800][2.887s][info][gc,cpu         ] GC(112) User=0.01s Sys=0.00s Real=0.01s
[2026-06-17T09:56:55.403+0800][2.919s][info][gc,start       ] GC(113) Pause Young (Allocation Failure)
[2026-06-17T09:56:55.405+0800][2.921s][info][gc,heap        ] GC(113) PSYoungGen: 13111K(14848K)->3781K(14848K) Eden: 8702K(8704K)->0K(8192K) From: 4409K(6144K)->3781K(6656K)
[2026-06-17T09:56:55.406+0800][2.922s][info][gc,heap        ] GC(113) ParOldGen: 27179K(44032K)->29380K(44032K)
[2026-06-17T09:56:55.406+0800][2.922s][info][gc,metaspace   ] GC(113) Metaspace: 147K(384K)->147K(384K) NonClass: 143K(256K)->143K(256K) Class: 4K(128K)->4K(128K)
[2026-06-17T09:56:55.407+0800][2.923s][info][gc             ] GC(113) Pause Young (Allocation Failure) 39M->32M(57M) 3.431ms
[2026-06-17T09:56:55.407+0800][2.923s][info][gc,cpu         ] GC(113) User=0.00s Sys=0.00s Real=0.00s
[2026-06-17T09:56:55.429+0800][2.945s][info][gc,start       ] GC(114) Pause Young (Allocation Failure)
[2026-06-17T09:56:55.431+0800][2.947s][info][gc,heap        ] GC(114) PSYoungGen: 11965K(14848K)->5270K(13824K) Eden: 8183K(8192K)->0K(8192K) From: 3781K(6656K)->5270K(5632K)
[2026-06-17T09:56:55.432+0800][2.948s][info][gc,heap        ] GC(114) ParOldGen: 29380K(44032K)->29380K(44032K)
[2026-06-17T09:56:55.432+0800][2.948s][info][gc,metaspace   ] GC(114) Metaspace: 147K(384K)->147K(384K) NonClass: 143K(256K)->143K(256K) Class: 4K(128K)->4K(128K)
[2026-06-17T09:56:55.433+0800][2.949s][info][gc             ] GC(114) Pause Young (Allocation Failure) 40M->33M(56M) 3.843ms
[2026-06-17T09:56:55.434+0800][2.950s][info][gc,cpu         ] GC(114) User=0.00s Sys=0.00s Real=0.01s
[2026-06-17T09:56:55.446+0800][2.962s][info][gc,start       ] GC(115) Pause Young (Allocation Failure)
[2026-06-17T09:56:55.447+0800][2.963s][info][gc,heap        ] GC(115) PSYoungGen: 13392K(13824K)->4156K(14848K) Eden: 8122K(8192K)->0K(7680K) From: 5270K(5632K)->4156K(7168K)
[2026-06-17T09:56:55.448+0800][2.964s][info][gc,heap        ] GC(115) ParOldGen: 29380K(44032K)->31572K(44032K)
[2026-06-17T09:56:55.449+0800][2.965s][info][gc,metaspace   ] GC(115) Metaspace: 147K(384K)->147K(384K) NonClass: 143K(256K)->143K(256K) Class: 4K(128K)->4K(128K)
[2026-06-17T09:56:55.450+0800][2.966s][info][gc             ] GC(115) Pause Young (Allocation Failure) 41M->34M(57M) 3.989ms
[2026-06-17T09:56:55.450+0800][2.966s][info][gc,cpu         ] GC(115) User=0.00s Sys=0.00s Real=0.00s
[2026-06-17T09:56:55.472+0800][2.988s][info][gc,start       ] GC(116) Pause Young (Allocation Failure)
[2026-06-17T09:56:55.474+0800][2.990s][info][gc,heap        ] GC(116) PSYoungGen: 11804K(14848K)->5462K(14336K) Eden: 7647K(7680K)->0K(7680K) From: 4156K(7168K)->5462K(6656K)
[2026-06-17T09:56:55.476+0800][2.992s][info][gc,heap        ] GC(116) ParOldGen: 31572K(44032K)->34311K(44032K)
[2026-06-17T09:56:55.476+0800][2.992s][info][gc,metaspace   ] GC(116) Metaspace: 147K(384K)->147K(384K) NonClass: 143K(256K)->143K(256K) Class: 4K(128K)->4K(128K)
[2026-06-17T09:56:55.477+0800][2.993s][info][gc             ] GC(116) Pause Young (Allocation Failure) 42M->38M(57M) 4.324ms
[2026-06-17T09:56:55.477+0800][2.993s][info][gc,cpu         ] GC(116) User=0.00s Sys=0.00s Real=0.00s
[2026-06-17T09:56:55.499+0800][3.015s][info][gc,start       ] GC(117) Pause Young (Allocation Failure)
[2026-06-17T09:56:55.501+0800][3.017s][info][gc,heap        ] GC(117) PSYoungGen: 13127K(14336K)->3794K(14336K) Eden: 7665K(7680K)->0K(7168K) From: 5462K(6656K)->3794K(7168K)
[2026-06-17T09:56:55.502+0800][3.018s][info][gc,heap        ] GC(117) ParOldGen: 34311K(44032K)->36435K(44032K)
[2026-06-17T09:56:55.503+0800][3.019s][info][gc,metaspace   ] GC(117) Metaspace: 147K(384K)->147K(384K) NonClass: 143K(256K)->143K(256K) Class: 4K(128K)->4K(128K)
[2026-06-17T09:56:55.503+0800][3.019s][info][gc             ] GC(117) Pause Young (Allocation Failure) 46M->39M(57M) 3.816ms
[2026-06-17T09:56:55.504+0800][3.020s][info][gc,cpu         ] GC(117) User=0.00s Sys=0.00s Real=0.01s
[2026-06-17T09:56:55.526+0800][3.042s][info][gc,start       ] GC(118) Pause Young (Allocation Failure)
[2026-06-17T09:56:55.530+0800][3.046s][info][gc,heap        ] GC(118) PSYoungGen: 10912K(14336K)->2231K(14336K) Eden: 7117K(7168K)->0K(7168K) From: 3794K(7168K)->2231K(7168K)
[2026-06-17T09:56:55.531+0800][3.047s][info][gc,heap        ] GC(118) ParOldGen: 36435K(44032K)->38030K(44032K)
[2026-06-17T09:56:55.532+0800][3.048s][info][gc,metaspace   ] GC(118) Metaspace: 147K(384K)->147K(384K) NonClass: 143K(256K)->143K(256K) Class: 4K(128K)->4K(128K)
[2026-06-17T09:56:55.534+0800][3.050s][info][gc             ] GC(118) Pause Young (Allocation Failure) 46M->39M(57M) 7.862ms
[2026-06-17T09:56:55.536+0800][3.052s][info][gc,cpu         ] GC(118) User=0.01s Sys=0.00s Real=0.01s
[2026-06-17T09:56:55.558+0800][3.074s][info][gc,start       ] GC(119) Pause Young (Allocation Failure)
[2026-06-17T09:56:55.560+0800][3.076s][info][gc,heap        ] GC(119) PSYoungGen: 9380K(14336K)->2371K(14848K) Eden: 7148K(7168K)->0K(7680K) From: 2231K(7168K)->2371K(7168K)
[2026-06-17T09:56:55.562+0800][3.078s][info][gc,heap        ] GC(119) ParOldGen: 38030K(44032K)->38030K(44032K)
[2026-06-17T09:56:55.562+0800][3.078s][info][gc,metaspace   ] GC(119) Metaspace: 147K(384K)->147K(384K) NonClass: 143K(256K)->143K(256K) Class: 4K(128K)->4K(128K)
[2026-06-17T09:56:55.563+0800][3.079s][info][gc             ] GC(119) Pause Young (Allocation Failure) 46M->39M(57M) 5.060ms
[2026-06-17T09:56:55.565+0800][3.081s][info][gc,cpu         ] GC(119) User=0.00s Sys=0.00s Real=0.01s
[2026-06-17T09:56:55.579+0800][3.095s][info][gc,start       ] GC(120) Pause Young (Allocation Failure)
[2026-06-17T09:56:55.584+0800][3.100s][info][gc,heap        ] GC(120) PSYoungGen: 9962K(14848K)->1861K(14336K) Eden: 7591K(7680K)->0K(7680K) From: 2371K(7168K)->1861K(6656K)
[2026-06-17T09:56:55.591+0800][3.107s][info][gc,heap        ] GC(120) ParOldGen: 38030K(44032K)->39901K(44032K)
[2026-06-17T09:56:55.595+0800][3.111s][info][gc,metaspace   ] GC(120) Metaspace: 147K(384K)->147K(384K) NonClass: 143K(256K)->143K(256K) Class: 4K(128K)->4K(128K)
[2026-06-17T09:56:55.599+0800][3.115s][info][gc             ] GC(120) Pause Young (Allocation Failure) 46M->40M(57M) 19.732ms
[2026-06-17T09:56:55.599+0800][3.115s][info][gc,cpu         ] GC(120) User=0.00s Sys=0.00s Real=0.02s
[2026-06-17T09:56:55.621+0800][3.137s][info][gc,start       ] GC(121) Pause Young (Allocation Failure)
[2026-06-17T09:56:55.622+0800][3.138s][info][gc,heap        ] GC(121) PSYoungGen: 9511K(14336K)->4136K(14848K) Eden: 7650K(7680K)->0K(8192K) From: 1861K(6656K)->4136K(6656K)
[2026-06-17T09:56:55.622+0800][3.138s][info][gc,heap        ] GC(121) ParOldGen: 39901K(44032K)->41738K(44032K)
[2026-06-17T09:56:55.623+0800][3.139s][info][gc,metaspace   ] GC(121) Metaspace: 147K(384K)->147K(384K) NonClass: 143K(256K)->143K(256K) Class: 4K(128K)->4K(128K)
[2026-06-17T09:56:55.623+0800][3.139s][info][gc             ] GC(121) Pause Young (Allocation Failure) 48M->44M(57M) 2.296ms
[2026-06-17T09:56:55.623+0800][3.139s][info][gc,cpu         ] GC(121) User=0.00s Sys=0.00s Real=0.01s
[2026-06-17T09:56:55.645+0800][3.161s][info][gc,start       ] GC(122) Pause Full (Ergonomics)
[2026-06-17T09:56:55.645+0800][3.161s][info][gc,phases,start] GC(122) Marking Phase
[2026-06-17T09:56:55.646+0800][3.162s][info][gc,phases      ] GC(122) Marking Phase 1.204ms
[2026-06-17T09:56:55.647+0800][3.163s][info][gc,phases,start] GC(122) Summary Phase
[2026-06-17T09:56:55.648+0800][3.164s][info][gc,phases      ] GC(122) Summary Phase 0.271ms
[2026-06-17T09:56:55.648+0800][3.164s][info][gc,phases,start] GC(122) Adjust Roots
[2026-06-17T09:56:55.649+0800][3.165s][info][gc,phases      ] GC(122) Adjust Roots 0.380ms
[2026-06-17T09:56:55.649+0800][3.165s][info][gc,phases,start] GC(122) Compaction Phase
[2026-06-17T09:56:55.651+0800][3.167s][info][gc,phases      ] GC(122) Compaction Phase 1.777ms
[2026-06-17T09:56:55.651+0800][3.167s][info][gc,phases,start] GC(122) Post Compact
[2026-06-17T09:56:55.652+0800][3.168s][info][gc,phases      ] GC(122) Post Compact 1.333ms
[2026-06-17T09:56:55.653+0800][3.169s][info][gc,heap        ] GC(122) PSYoungGen: 12322K(14848K)->0K(14848K) Eden: 8186K(8192K)->0K(8192K) From: 4136K(6656K)->0K(6656K)
[2026-06-17T09:56:55.653+0800][3.169s][info][gc,heap        ] GC(122) ParOldGen: 41738K(44032K)->24295K(44032K)
[2026-06-17T09:56:55.653+0800][3.169s][info][gc,metaspace   ] GC(122) Metaspace: 147K(384K)->147K(384K) NonClass: 143K(256K)->143K(256K) Class: 4K(128K)->4K(128K)
[2026-06-17T09:56:55.654+0800][3.170s][info][gc             ] GC(122) Pause Full (Ergonomics) 52M->23M(57M) 8.782ms
[2026-06-17T09:56:55.654+0800][3.170s][info][gc,cpu         ] GC(122) User=0.01s Sys=0.00s Real=0.01s
[2026-06-17T09:56:55.675+0800][3.191s][info][gc,start       ] GC(123) Pause Young (Allocation Failure)
[2026-06-17T09:56:55.677+0800][3.193s][info][gc,heap        ] GC(123) PSYoungGen: 8168K(14848K)->4724K(13824K) Eden: 8168K(8192K)->0K(7168K) From: 0K(6656K)->4724K(6656K)
[2026-06-17T09:56:55.677+0800][3.193s][info][gc,heap        ] GC(123) ParOldGen: 24295K(44032K)->24295K(44032K)
[2026-06-17T09:56:55.677+0800][3.193s][info][gc,metaspace   ] GC(123) Metaspace: 147K(384K)->147K(384K) NonClass: 143K(256K)->143K(256K) Class: 4K(128K)->4K(128K)
[2026-06-17T09:56:55.678+0800][3.194s][info][gc             ] GC(123) Pause Young (Allocation Failure) 31M->28M(56M) 2.570ms
[2026-06-17T09:56:55.678+0800][3.194s][info][gc,cpu         ] GC(123) User=0.00s Sys=0.00s Real=0.00s
[2026-06-17T09:56:55.700+0800][3.216s][info][gc,start       ] GC(124) Pause Young (Allocation Failure)
[2026-06-17T09:56:55.701+0800][3.217s][info][gc,heap        ] GC(124) PSYoungGen: 11891K(13824K)->3321K(14336K) Eden: 7166K(7168K)->0K(7168K) From: 4724K(6656K)->3321K(7168K)
[2026-06-17T09:56:55.701+0800][3.217s][info][gc,heap        ] GC(124) ParOldGen: 24295K(44032K)->25842K(44032K)
[2026-06-17T09:56:55.701+0800][3.217s][info][gc,metaspace   ] GC(124) Metaspace: 147K(384K)->147K(384K) NonClass: 143K(256K)->143K(256K) Class: 4K(128K)->4K(128K)
[2026-06-17T09:56:55.702+0800][3.218s][info][gc             ] GC(124) Pause Young (Allocation Failure) 35M->28M(57M) 2.151ms
[2026-06-17T09:56:55.702+0800][3.218s][info][gc,cpu         ] GC(124) User=0.00s Sys=0.00s Real=0.00s
[2026-06-17T09:56:55.714+0800][3.230s][info][gc,start       ] GC(125) Pause Young (Allocation Failure)
[2026-06-17T09:56:55.715+0800][3.231s][info][gc,heap        ] GC(125) PSYoungGen: 10417K(14336K)->1479K(14848K) Eden: 7095K(7168K)->0K(8192K) From: 3321K(7168K)->1479K(6656K)
[2026-06-17T09:56:55.715+0800][3.231s][info][gc,heap        ] GC(125) ParOldGen: 25842K(44032K)->27464K(44032K)
[2026-06-17T09:56:55.716+0800][3.232s][info][gc,metaspace   ] GC(125) Metaspace: 147K(384K)->147K(384K) NonClass: 143K(256K)->143K(256K) Class: 4K(128K)->4K(128K)
[2026-06-17T09:56:55.716+0800][3.232s][info][gc             ] GC(125) Pause Young (Allocation Failure) 35M->28M(57M) 2.319ms
[2026-06-17T09:56:55.716+0800][3.232s][info][gc,cpu         ] GC(125) User=0.01s Sys=0.00s Real=0.00s
[2026-06-17T09:56:55.748+0800][3.264s][info][gc,start       ] GC(126) Pause Young (Allocation Failure)
[2026-06-17T09:56:55.749+0800][3.265s][info][gc,heap        ] GC(126) PSYoungGen: 9665K(14848K)->1135K(14848K) Eden: 8186K(8192K)->0K(8192K) From: 1479K(6656K)->1135K(6656K)
[2026-06-17T09:56:55.750+0800][3.266s][info][gc,heap        ] GC(126) ParOldGen: 27464K(44032K)->28919K(44032K)
[2026-06-17T09:56:55.750+0800][3.266s][info][gc,metaspace   ] GC(126) Metaspace: 147K(384K)->147K(384K) NonClass: 143K(256K)->143K(256K) Class: 4K(128K)->4K(128K)
[2026-06-17T09:56:55.751+0800][3.267s][info][gc             ] GC(126) Pause Young (Allocation Failure) 36M->29M(57M) 2.601ms
[2026-06-17T09:56:55.751+0800][3.267s][info][gc,cpu         ] GC(126) User=0.00s Sys=0.00s Real=0.01s
[2026-06-17T09:56:55.773+0800][3.289s][info][gc,start       ] GC(127) Pause Young (Allocation Failure)
[2026-06-17T09:56:55.774+0800][3.290s][info][gc,heap        ] GC(127) PSYoungGen: 9307K(14848K)->2457K(14848K) Eden: 8172K(8192K)->0K(8192K) From: 1135K(6656K)->2457K(6656K)
[2026-06-17T09:56:55.775+0800][3.291s][info][gc,heap        ] GC(127) ParOldGen: 28919K(44032K)->28919K(44032K)
[2026-06-17T09:56:55.775+0800][3.291s][info][gc,metaspace   ] GC(127) Metaspace: 147K(384K)->147K(384K) NonClass: 143K(256K)->143K(256K) Class: 4K(128K)->4K(128K)
[2026-06-17T09:56:55.776+0800][3.292s][info][gc             ] GC(127) Pause Young (Allocation Failure) 37M->30M(57M) 2.790ms
[2026-06-17T09:56:55.776+0800][3.292s][info][gc,cpu         ] GC(127) User=0.00s Sys=0.00s Real=0.00s
[2026-06-17T09:56:55.788+0800][3.304s][info][gc,start       ] GC(128) Pause Young (Allocation Failure)
[2026-06-17T09:56:55.789+0800][3.305s][info][gc,heap        ] GC(128) PSYoungGen: 10503K(14848K)->3631K(14848K) Eden: 8046K(8192K)->0K(8192K) From: 2457K(6656K)->3631K(6656K)
[2026-06-17T09:56:55.789+0800][3.305s][info][gc,heap        ] GC(128) ParOldGen: 28919K(44032K)->28919K(44032K)
[2026-06-17T09:56:55.790+0800][3.306s][info][gc,metaspace   ] GC(128) Metaspace: 147K(384K)->147K(384K) NonClass: 143K(256K)->143K(256K) Class: 4K(128K)->4K(128K)
[2026-06-17T09:56:55.790+0800][3.306s][info][gc             ] GC(128) Pause Young (Allocation Failure) 38M->31M(57M) 2.097ms
[2026-06-17T09:56:55.790+0800][3.306s][info][gc,cpu         ] GC(128) User=0.00s Sys=0.00s Real=0.00s
[2026-06-17T09:56:55.822+0800][3.338s][info][gc,start       ] GC(129) Pause Young (Allocation Failure)
[2026-06-17T09:56:55.823+0800][3.339s][info][gc,heap        ] GC(129) PSYoungGen: 11807K(14848K)->4496K(14848K) Eden: 8176K(8192K)->0K(8192K) From: 3631K(6656K)->4496K(6656K)
[2026-06-17T09:56:55.824+0800][3.340s][info][gc,heap        ] GC(129) ParOldGen: 28919K(44032K)->29054K(44032K)
[2026-06-17T09:56:55.825+0800][3.341s][info][gc,metaspace   ] GC(129) Metaspace: 147K(384K)->147K(384K) NonClass: 143K(256K)->143K(256K) Class: 4K(128K)->4K(128K)
[2026-06-17T09:56:55.827+0800][3.343s][info][gc             ] GC(129) Pause Young (Allocation Failure) 39M->32M(57M) 5.280ms
[2026-06-17T09:56:55.828+0800][3.344s][info][gc,cpu         ] GC(129) User=0.00s Sys=0.00s Real=0.01s
[2026-06-17T09:56:55.839+0800][3.355s][info][gc,start       ] GC(130) Pause Young (Allocation Failure)
[2026-06-17T09:56:55.845+0800][3.361s][info][gc,heap        ] GC(130) PSYoungGen: 12667K(14848K)->6478K(14848K) Eden: 8171K(8192K)->0K(8192K) From: 4496K(6656K)->6478K(6656K)
[2026-06-17T09:56:55.849+0800][3.365s][info][gc,heap        ] GC(130) ParOldGen: 29054K(44032K)->31649K(44032K)
[2026-06-17T09:56:55.850+0800][3.366s][info][gc,metaspace   ] GC(130) Metaspace: 147K(384K)->147K(384K) NonClass: 143K(256K)->143K(256K) Class: 4K(128K)->4K(128K)
[2026-06-17T09:56:55.850+0800][3.366s][info][gc             ] GC(130) Pause Young (Allocation Failure) 40M->37M(57M) 10.886ms
[2026-06-17T09:56:55.850+0800][3.366s][info][gc,cpu         ] GC(130) User=0.01s Sys=0.00s Real=0.01s
[2026-06-17T09:56:55.872+0800][3.388s][info][gc,start       ] GC(131) Pause Young (Allocation Failure)
[2026-06-17T09:56:55.877+0800][3.393s][info][gc,heap        ] GC(131) PSYoungGen: 14646K(14848K)->6273K(13824K) Eden: 8167K(8192K)->0K(7168K) From: 6478K(6656K)->6273K(6656K)
[2026-06-17T09:56:55.877+0800][3.393s][info][gc,heap        ] GC(131) ParOldGen: 31649K(44032K)->33356K(44032K)
[2026-06-17T09:56:55.877+0800][3.393s][info][gc,metaspace   ] GC(131) Metaspace: 147K(384K)->147K(384K) NonClass: 143K(256K)->143K(256K) Class: 4K(128K)->4K(128K)
[2026-06-17T09:56:55.877+0800][3.393s][info][gc             ] GC(131) Pause Young (Allocation Failure) 45M->38M(56M) 4.819ms
[2026-06-17T09:56:55.878+0800][3.394s][info][gc,cpu         ] GC(131) User=0.00s Sys=0.00s Real=0.00s
[2026-06-17T09:56:55.906+0800][3.422s][info][gc,start       ] GC(132) Pause Young (Allocation Failure)
[2026-06-17T09:56:55.910+0800][3.426s][info][gc,heap        ] GC(132) PSYoungGen: 13381K(13824K)->3684K(14336K) Eden: 7107K(7168K)->0K(7168K) From: 6273K(6656K)->3684K(7168K)
[2026-06-17T09:56:55.912+0800][3.428s][info][gc,heap        ] GC(132) ParOldGen: 33356K(44032K)->36291K(44032K)
[2026-06-17T09:56:55.912+0800][3.428s][info][gc,metaspace   ] GC(132) Metaspace: 147K(384K)->147K(384K) NonClass: 143K(256K)->143K(256K) Class: 4K(128K)->4K(128K)
[2026-06-17T09:56:55.912+0800][3.428s][info][gc             ] GC(132) Pause Young (Allocation Failure) 45M->39M(57M) 6.630ms
[2026-06-17T09:56:55.912+0800][3.428s][info][gc,cpu         ] GC(132) User=0.00s Sys=0.00s Real=0.01s
[2026-06-17T09:56:55.923+0800][3.439s][info][gc,start       ] GC(133) Pause Young (Allocation Failure)
[2026-06-17T09:56:55.929+0800][3.445s][info][gc,heap        ] GC(133) PSYoungGen: 10549K(14336K)->1788K(14336K) Eden: 6864K(7168K)->0K(7168K) From: 3684K(7168K)->1788K(7168K)
[2026-06-17T09:56:55.932+0800][3.448s][info][gc,heap        ] GC(133) ParOldGen: 36291K(44032K)->37898K(44032K)
[2026-06-17T09:56:55.934+0800][3.450s][info][gc,metaspace   ] GC(133) Metaspace: 147K(384K)->147K(384K) NonClass: 143K(256K)->143K(256K) Class: 4K(128K)->4K(128K)
[2026-06-17T09:56:55.934+0800][3.450s][info][gc             ] GC(133) Pause Young (Allocation Failure) 45M->38M(57M) 10.582ms
[2026-06-17T09:56:55.935+0800][3.451s][info][gc,cpu         ] GC(133) User=0.00s Sys=0.00s Real=0.01s
[2026-06-17T09:56:55.957+0800][3.473s][info][gc,start       ] GC(134) Pause Young (Allocation Failure)
[2026-06-17T09:56:55.958+0800][3.474s][info][gc,heap        ] GC(134) PSYoungGen: 8947K(14336K)->3586K(14336K) Eden: 7159K(7168K)->0K(7168K) From: 1788K(7168K)->3586K(7168K)
[2026-06-17T09:56:55.958+0800][3.474s][info][gc,heap        ] GC(134) ParOldGen: 37898K(44032K)->39663K(44032K)
[2026-06-17T09:56:55.960+0800][3.476s][info][gc,metaspace   ] GC(134) Metaspace: 147K(384K)->147K(384K) NonClass: 143K(256K)->143K(256K) Class: 4K(128K)->4K(128K)
[2026-06-17T09:56:55.960+0800][3.476s][info][gc             ] GC(134) Pause Young (Allocation Failure) 45M->42M(57M) 3.177ms
[2026-06-17T09:56:55.965+0800][3.481s][info][gc,cpu         ] GC(134) User=0.00s Sys=0.00s Real=0.01s
[2026-06-17T09:56:55.989+0800][3.505s][info][gc,start       ] GC(135) Pause Young (Allocation Failure)
[2026-06-17T09:56:55.992+0800][3.508s][info][gc,heap        ] GC(135) PSYoungGen: 10695K(14336K)->3805K(14336K) Eden: 7109K(7168K)->0K(7168K) From: 3586K(7168K)->3805K(7168K)
[2026-06-17T09:56:55.993+0800][3.509s][info][gc,heap        ] GC(135) ParOldGen: 39663K(44032K)->39993K(44032K)
[2026-06-17T09:56:55.995+0800][3.511s][info][gc,metaspace   ] GC(135) Metaspace: 147K(384K)->147K(384K) NonClass: 143K(256K)->143K(256K) Class: 4K(128K)->4K(128K)
[2026-06-17T09:56:55.996+0800][3.512s][info][gc             ] GC(135) Pause Young (Allocation Failure) 49M->42M(57M) 7.104ms
[2026-06-17T09:56:55.999+0800][3.515s][info][gc,cpu         ] GC(135) User=0.01s Sys=0.00s Real=0.01s
[2026-06-17T09:56:56.022+0800][3.538s][info][gc,start       ] GC(136) Pause Young (Allocation Failure)
[2026-06-17T09:56:56.026+0800][3.542s][info][gc,heap        ] GC(136) PSYoungGen: 10948K(14336K)->4068K(14336K) Eden: 7142K(7168K)->0K(7168K) From: 3805K(7168K)->4068K(7168K)
[2026-06-17T09:56:56.029+0800][3.545s][info][gc,heap        ] GC(136) ParOldGen: 39993K(44032K)->39993K(44032K)
[2026-06-17T09:56:56.031+0800][3.547s][info][gc,metaspace   ] GC(136) Metaspace: 147K(384K)->147K(384K) NonClass: 143K(256K)->143K(256K) Class: 4K(128K)->4K(128K)
[2026-06-17T09:56:56.032+0800][3.548s][info][gc             ] GC(136) Pause Young (Allocation Failure) 49M->43M(57M) 9.704ms
[2026-06-17T09:56:56.034+0800][3.550s][info][gc,cpu         ] GC(136) User=0.00s Sys=0.00s Real=0.02s
[2026-06-17T09:56:56.057+0800][3.573s][info][gc,start       ] GC(137) Pause Young (Allocation Failure)
[2026-06-17T09:56:56.058+0800][3.574s][info][gc,heap        ] GC(137) PSYoungGen: 11189K(14336K)->4119K(14848K) Eden: 7121K(7168K)->0K(7680K) From: 4068K(7168K)->4119K(7168K)
[2026-06-17T09:56:56.059+0800][3.575s][info][gc,heap        ] GC(137) ParOldGen: 39993K(44032K)->39993K(44032K)
[2026-06-17T09:56:56.059+0800][3.575s][info][gc,metaspace   ] GC(137) Metaspace: 147K(384K)->147K(384K) NonClass: 143K(256K)->143K(256K) Class: 4K(128K)->4K(128K)
[2026-06-17T09:56:56.059+0800][3.575s][info][gc             ] GC(137) Pause Young (Allocation Failure) 49M->43M(57M) 2.260ms
[2026-06-17T09:56:56.059+0800][3.575s][info][gc,cpu         ] GC(137) User=0.00s Sys=0.00s Real=0.00s
[2026-06-17T09:56:56.071+0800][3.587s][info][gc,start       ] GC(138) Pause Young (Allocation Failure)
[2026-06-17T09:56:56.072+0800][3.588s][info][gc,heap        ] GC(138) PSYoungGen: 11553K(14848K)->4708K(14336K) Eden: 7434K(7680K)->0K(7680K) From: 4119K(7168K)->4708K(6656K)
[2026-06-17T09:56:56.072+0800][3.588s][info][gc,heap        ] GC(138) ParOldGen: 39993K(44032K)->39993K(44032K)
[2026-06-17T09:56:56.073+0800][3.589s][info][gc,metaspace   ] GC(138) Metaspace: 147K(384K)->147K(384K) NonClass: 143K(256K)->143K(256K) Class: 4K(128K)->4K(128K)
[2026-06-17T09:56:56.074+0800][3.590s][info][gc             ] GC(138) Pause Young (Allocation Failure) 50M->43M(57M) 2.833ms
[2026-06-17T09:56:56.074+0800][3.590s][info][gc,cpu         ] GC(138) User=0.00s Sys=0.00s Real=0.00s
[2026-06-17T09:56:56.096+0800][3.612s][info][gc,start       ] GC(139) Pause Young (Allocation Failure)
[2026-06-17T09:56:56.097+0800][3.613s][info][gc,heap        ] GC(139) PSYoungGen: 12354K(14336K)->6635K(13824K) Eden: 7646K(7680K)->0K(7168K) From: 4708K(6656K)->6635K(6656K)
[2026-06-17T09:56:56.098+0800][3.614s][info][gc,heap        ] GC(139) ParOldGen: 39993K(44032K)->42252K(44032K)
[2026-06-17T09:56:56.098+0800][3.614s][info][gc,metaspace   ] GC(139) Metaspace: 147K(384K)->147K(384K) NonClass: 143K(256K)->143K(256K) Class: 4K(128K)->4K(128K)
[2026-06-17T09:56:56.098+0800][3.614s][info][gc             ] GC(139) Pause Young (Allocation Failure) 51M->47M(56M) 2.694ms
[2026-06-17T09:56:56.099+0800][3.615s][info][gc,cpu         ] GC(139) User=0.01s Sys=0.00s Real=0.00s
[2026-06-17T09:56:56.121+0800][3.637s][info][gc,start       ] GC(140) Pause Full (Ergonomics)
[2026-06-17T09:56:56.121+0800][3.637s][info][gc,phases,start] GC(140) Marking Phase
[2026-06-17T09:56:56.123+0800][3.639s][info][gc,phases      ] GC(140) Marking Phase 1.527ms
[2026-06-17T09:56:56.124+0800][3.640s][info][gc,phases,start] GC(140) Summary Phase
[2026-06-17T09:56:56.124+0800][3.640s][info][gc,phases      ] GC(140) Summary Phase 0.503ms
[2026-06-17T09:56:56.125+0800][3.641s][info][gc,phases,start] GC(140) Adjust Roots
[2026-06-17T09:56:56.125+0800][3.641s][info][gc,phases      ] GC(140) Adjust Roots 0.721ms
[2026-06-17T09:56:56.126+0800][3.642s][info][gc,phases,start] GC(140) Compaction Phase
[2026-06-17T09:56:56.128+0800][3.644s][info][gc,phases      ] GC(140) Compaction Phase 2.373ms
[2026-06-17T09:56:56.129+0800][3.645s][info][gc,phases,start] GC(140) Post Compact
[2026-06-17T09:56:56.129+0800][3.645s][info][gc,phases      ] GC(140) Post Compact 0.419ms
[2026-06-17T09:56:56.129+0800][3.645s][info][gc,heap        ] GC(140) PSYoungGen: 13775K(13824K)->0K(14336K) Eden: 7139K(7168K)->0K(7168K) From: 6635K(6656K)->0K(7168K)
[2026-06-17T09:56:56.130+0800][3.646s][info][gc,heap        ] GC(140) ParOldGen: 42252K(44032K)->20975K(44032K)
[2026-06-17T09:56:56.130+0800][3.646s][info][gc,metaspace   ] GC(140) Metaspace: 147K(384K)->147K(384K) NonClass: 143K(256K)->143K(256K) Class: 4K(128K)->4K(128K)
[2026-06-17T09:56:56.131+0800][3.647s][info][gc             ] GC(140) Pause Full (Ergonomics) 54M->20M(57M) 9.855ms
[2026-06-17T09:56:56.131+0800][3.647s][info][gc,cpu         ] GC(140) User=0.00s Sys=0.00s Real=0.02s
[2026-06-17T09:56:56.152+0800][3.668s][info][gc,start       ] GC(141) Pause Young (Allocation Failure)
[2026-06-17T09:56:56.154+0800][3.670s][info][gc,heap        ] GC(141) PSYoungGen: 7123K(14336K)->3792K(14336K) Eden: 7123K(7168K)->0K(7168K) From: 0K(7168K)->3792K(7168K)
[2026-06-17T09:56:56.154+0800][3.670s][info][gc,heap        ] GC(141) ParOldGen: 20975K(44032K)->20975K(44032K)
[2026-06-17T09:56:56.155+0800][3.671s][info][gc,metaspace   ] GC(141) Metaspace: 147K(384K)->147K(384K) NonClass: 143K(256K)->143K(256K) Class: 4K(128K)->4K(128K)
[2026-06-17T09:56:56.155+0800][3.671s][info][gc             ] GC(141) Pause Young (Allocation Failure) 27M->24M(57M) 2.884ms
[2026-06-17T09:56:56.155+0800][3.671s][info][gc,cpu         ] GC(141) User=0.00s Sys=0.00s Real=0.00s
[2026-06-17T09:56:56.167+0800][3.683s][info][gc,start       ] GC(142) Pause Young (Allocation Failure)
[2026-06-17T09:56:56.168+0800][3.684s][info][gc,heap        ] GC(142) PSYoungGen: 10923K(14336K)->4655K(14336K) Eden: 7131K(7168K)->0K(7168K) From: 3792K(7168K)->4655K(7168K)
[2026-06-17T09:56:56.168+0800][3.684s][info][gc,heap        ] GC(142) ParOldGen: 20975K(44032K)->23968K(44032K)
[2026-06-17T09:56:56.168+0800][3.684s][info][gc,metaspace   ] GC(142) Metaspace: 147K(384K)->147K(384K) NonClass: 143K(256K)->143K(256K) Class: 4K(128K)->4K(128K)
[2026-06-17T09:56:56.168+0800][3.684s][info][gc             ] GC(142) Pause Young (Allocation Failure) 31M->27M(57M) 1.398ms
[2026-06-17T09:56:56.168+0800][3.684s][info][gc,cpu         ] GC(142) User=0.01s Sys=0.00s Real=0.00s
[2026-06-17T09:56:56.189+0800][3.705s][info][gc,start       ] GC(143) Pause Young (Allocation Failure)
[2026-06-17T09:56:56.190+0800][3.706s][info][gc,heap        ] GC(143) PSYoungGen: 11802K(14336K)->2439K(14336K) Eden: 7147K(7168K)->0K(7168K) From: 4655K(7168K)->2439K(7168K)
[2026-06-17T09:56:56.190+0800][3.706s][info][gc,heap        ] GC(143) ParOldGen: 23968K(44032K)->26241K(44032K)
[2026-06-17T09:56:56.190+0800][3.706s][info][gc,metaspace   ] GC(143) Metaspace: 147K(384K)->147K(384K) NonClass: 143K(256K)->143K(256K) Class: 4K(128K)->4K(128K)
[2026-06-17T09:56:56.190+0800][3.706s][info][gc             ] GC(143) Pause Young (Allocation Failure) 34M->28M(57M) 1.265ms
[2026-06-17T09:56:56.191+0800][3.707s][info][gc,cpu         ] GC(143) User=0.00s Sys=0.00s Real=0.01s
[2026-06-17T09:56:56.212+0800][3.728s][info][gc,start       ] GC(144) Pause Young (Allocation Failure)
[2026-06-17T09:56:56.213+0800][3.729s][info][gc,heap        ] GC(144) PSYoungGen: 9603K(14336K)->2650K(14336K) Eden: 7164K(7168K)->0K(7168K) From: 2439K(7168K)->2650K(7168K)
[2026-06-17T09:56:56.213+0800][3.729s][info][gc,heap        ] GC(144) ParOldGen: 26241K(44032K)->26241K(44032K)
[2026-06-17T09:56:56.213+0800][3.729s][info][gc,metaspace   ] GC(144) Metaspace: 147K(384K)->147K(384K) NonClass: 143K(256K)->143K(256K) Class: 4K(128K)->4K(128K)
[2026-06-17T09:56:56.213+0800][3.729s][info][gc             ] GC(144) Pause Young (Allocation Failure) 35M->28M(57M) 1.580ms
[2026-06-17T09:56:56.213+0800][3.729s][info][gc,cpu         ] GC(144) User=0.00s Sys=0.00s Real=0.00s
[2026-06-17T09:56:56.224+0800][3.740s][info][gc,start       ] GC(145) Pause Young (Allocation Failure)
[2026-06-17T09:56:56.225+0800][3.741s][info][gc,heap        ] GC(145) PSYoungGen: 9660K(14336K)->795K(14336K) Eden: 7010K(7168K)->0K(7168K) From: 2650K(7168K)->795K(7168K)
[2026-06-17T09:56:56.226+0800][3.742s][info][gc,heap        ] GC(145) ParOldGen: 26241K(44032K)->28151K(44032K)
[2026-06-17T09:56:56.226+0800][3.742s][info][gc,metaspace   ] GC(145) Metaspace: 147K(384K)->147K(384K) NonClass: 143K(256K)->143K(256K) Class: 4K(128K)->4K(128K)
[2026-06-17T09:56:56.226+0800][3.742s][info][gc             ] GC(145) Pause Young (Allocation Failure) 35M->28M(57M) 1.748ms
[2026-06-17T09:56:56.226+0800][3.742s][info][gc,cpu         ] GC(145) User=0.00s Sys=0.00s Real=0.00s
[2026-06-17T09:56:56.248+0800][3.764s][info][gc,start       ] GC(146) Pause Young (Allocation Failure)
[2026-06-17T09:56:56.249+0800][3.765s][info][gc,heap        ] GC(146) PSYoungGen: 7941K(14336K)->3472K(14336K) Eden: 7146K(7168K)->0K(7168K) From: 795K(7168K)->3472K(7168K)
[2026-06-17T09:56:56.249+0800][3.765s][info][gc,heap        ] GC(146) ParOldGen: 28151K(44032K)->28922K(44032K)
[2026-06-17T09:56:56.249+0800][3.765s][info][gc,metaspace   ] GC(146) Metaspace: 147K(384K)->147K(384K) NonClass: 143K(256K)->143K(256K) Class: 4K(128K)->4K(128K)
[2026-06-17T09:56:56.249+0800][3.765s][info][gc             ] GC(146) Pause Young (Allocation Failure) 35M->31M(57M) 1.768ms
[2026-06-17T09:56:56.250+0800][3.766s][info][gc,cpu         ] GC(146) User=0.00s Sys=0.00s Real=0.00s
[2026-06-17T09:56:56.271+0800][3.787s][info][gc,start       ] GC(147) Pause Young (Allocation Failure)
[2026-06-17T09:56:56.272+0800][3.788s][info][gc,heap        ] GC(147) PSYoungGen: 10591K(14336K)->2617K(14848K) Eden: 7119K(7168K)->0K(7680K) From: 3472K(7168K)->2617K(7168K)
[2026-06-17T09:56:56.272+0800][3.788s][info][gc,heap        ] GC(147) ParOldGen: 28922K(44032K)->30089K(44032K)
[2026-06-17T09:56:56.272+0800][3.788s][info][gc,metaspace   ] GC(147) Metaspace: 147K(384K)->147K(384K) NonClass: 143K(256K)->143K(256K) Class: 4K(128K)->4K(128K)
[2026-06-17T09:56:56.272+0800][3.788s][info][gc             ] GC(147) Pause Young (Allocation Failure) 38M->31M(57M) 1.299ms
[2026-06-17T09:56:56.272+0800][3.788s][info][gc,cpu         ] GC(147) User=0.00s Sys=0.00s Real=0.00s
[2026-06-17T09:56:56.294+0800][3.810s][info][gc,start       ] GC(148) Pause Young (Allocation Failure)
[2026-06-17T09:56:56.296+0800][3.812s][info][gc,heap        ] GC(148) PSYoungGen: 10260K(14848K)->1361K(14336K) Eden: 7642K(7680K)->0K(7680K) From: 2617K(7168K)->1361K(6656K)
[2026-06-17T09:56:56.297+0800][3.813s][info][gc,heap        ] GC(148) ParOldGen: 30089K(44032K)->32199K(44032K)
[2026-06-17T09:56:56.298+0800][3.814s][info][gc,metaspace   ] GC(148) Metaspace: 147K(384K)->147K(384K) NonClass: 143K(256K)->143K(256K) Class: 4K(128K)->4K(128K)
[2026-06-17T09:56:56.299+0800][3.815s][info][gc             ] GC(148) Pause Young (Allocation Failure) 39M->32M(57M) 4.895ms
[2026-06-17T09:56:56.300+0800][3.816s][info][gc,cpu         ] GC(148) User=0.01s Sys=0.00s Real=0.00s
[2026-06-17T09:56:56.311+0800][3.827s][info][gc,start       ] GC(149) Pause Young (Allocation Failure)
[2026-06-17T09:56:56.311+0800][3.827s][info][gc,heap        ] GC(149) PSYoungGen: 8363K(14336K)->1469K(14848K) Eden: 7002K(7680K)->0K(8192K) From: 1361K(6656K)->1469K(6656K)
[2026-06-17T09:56:56.312+0800][3.828s][info][gc,heap        ] GC(149) ParOldGen: 32199K(44032K)->32199K(44032K)
[2026-06-17T09:56:56.312+0800][3.828s][info][gc,metaspace   ] GC(149) Metaspace: 147K(384K)->147K(384K) NonClass: 143K(256K)->143K(256K) Class: 4K(128K)->4K(128K)
[2026-06-17T09:56:56.312+0800][3.828s][info][gc             ] GC(149) Pause Young (Allocation Failure) 39M->32M(57M) 1.211ms
[2026-06-17T09:56:56.312+0800][3.828s][info][gc,cpu         ] GC(149) User=0.00s Sys=0.00s Real=0.00s
[2026-06-17T09:56:56.333+0800][3.849s][info][gc,start       ] GC(150) Pause Young (Allocation Failure)
[2026-06-17T09:56:56.335+0800][3.851s][info][gc,heap        ] GC(150) PSYoungGen: 9406K(14848K)->1498K(14848K) Eden: 7937K(8192K)->0K(8192K) From: 1469K(6656K)->1498K(6656K)
[2026-06-17T09:56:56.335+0800][3.851s][info][gc,heap        ] GC(150) ParOldGen: 32199K(44032K)->33645K(44032K)
[2026-06-17T09:56:56.335+0800][3.851s][info][gc,metaspace   ] GC(150) Metaspace: 147K(384K)->147K(384K) NonClass: 143K(256K)->143K(256K) Class: 4K(128K)->4K(128K)
[2026-06-17T09:56:56.336+0800][3.852s][info][gc             ] GC(150) Pause Young (Allocation Failure) 40M->34M(57M) 2.292ms
[2026-06-17T09:56:56.336+0800][3.852s][info][gc,cpu         ] GC(150) User=0.00s Sys=0.00s Real=0.00s
[2026-06-17T09:56:56.357+0800][3.873s][info][gc,start       ] GC(151) Pause Young (Allocation Failure)
[2026-06-17T09:56:56.358+0800][3.874s][info][gc,heap        ] GC(151) PSYoungGen: 9661K(14848K)->4806K(13824K) Eden: 8163K(8192K)->0K(7168K) From: 1498K(6656K)->4806K(6656K)
[2026-06-17T09:56:56.359+0800][3.875s][info][gc,heap        ] GC(151) ParOldGen: 33645K(44032K)->35119K(44032K)
[2026-06-17T09:56:56.359+0800][3.875s][info][gc,metaspace   ] GC(151) Metaspace: 147K(384K)->147K(384K) NonClass: 143K(256K)->143K(256K) Class: 4K(128K)->4K(128K)
[2026-06-17T09:56:56.359+0800][3.875s][info][gc             ] GC(151) Pause Young (Allocation Failure) 42M->38M(56M) 1.991ms
[2026-06-17T09:56:56.359+0800][3.875s][info][gc,cpu         ] GC(151) User=0.00s Sys=0.00s Real=0.00s
[2026-06-17T09:56:56.380+0800][3.896s][info][gc,start       ] GC(152) Pause Young (Allocation Failure)
[2026-06-17T09:56:56.381+0800][3.897s][info][gc,heap        ] GC(152) PSYoungGen: 11925K(13824K)->3127K(14336K) Eden: 7119K(7168K)->0K(7168K) From: 4806K(6656K)->3127K(7168K)
[2026-06-17T09:56:56.382+0800][3.898s][info][gc,heap        ] GC(152) ParOldGen: 35119K(44032K)->37107K(44032K)
[2026-06-17T09:56:56.383+0800][3.899s][info][gc,metaspace   ] GC(152) Metaspace: 147K(384K)->147K(384K) NonClass: 143K(256K)->143K(256K) Class: 4K(128K)->4K(128K)
[2026-06-17T09:56:56.383+0800][3.899s][info][gc             ] GC(152) Pause Young (Allocation Failure) 45M->39M(57M) 2.821ms
[2026-06-17T09:56:56.384+0800][3.900s][info][gc,cpu         ] GC(152) User=0.00s Sys=0.00s Real=0.01s
[2026-06-17T09:56:56.405+0800][3.921s][info][gc,start       ] GC(153) Pause Young (Allocation Failure)
[2026-06-17T09:56:56.407+0800][3.923s][info][gc,heap        ] GC(153) PSYoungGen: 10257K(14336K)->1611K(14848K) Eden: 7129K(7168K)->0K(8192K) From: 3127K(7168K)->1611K(6656K)
[2026-06-17T09:56:56.408+0800][3.924s][info][gc,heap        ] GC(153) ParOldGen: 37107K(44032K)->38898K(44032K)
[2026-06-17T09:56:56.409+0800][3.925s][info][gc,metaspace   ] GC(153) Metaspace: 147K(384K)->147K(384K) NonClass: 143K(256K)->143K(256K) Class: 4K(128K)->4K(128K)
[2026-06-17T09:56:56.409+0800][3.925s][info][gc             ] GC(153) Pause Young (Allocation Failure) 46M->39M(57M) 3.908ms
[2026-06-17T09:56:56.410+0800][3.926s][info][gc,cpu         ] GC(153) User=0.00s Sys=0.00s Real=0.00s
[2026-06-17T09:56:56.431+0800][3.947s][info][gc,start       ] GC(154) Pause Young (Allocation Failure)
[2026-06-17T09:56:56.432+0800][3.948s][info][gc,heap        ] GC(154) PSYoungGen: 9802K(14848K)->2473K(14848K) Eden: 8190K(8192K)->0K(8192K) From: 1611K(6656K)->2473K(6656K)
[2026-06-17T09:56:56.433+0800][3.949s][info][gc,heap        ] GC(154) ParOldGen: 38898K(44032K)->38898K(44032K)
[2026-06-17T09:56:56.433+0800][3.949s][info][gc,metaspace   ] GC(154) Metaspace: 147K(384K)->147K(384K) NonClass: 143K(256K)->143K(256K) Class: 4K(128K)->4K(128K)
[2026-06-17T09:56:56.434+0800][3.950s][info][gc             ] GC(154) Pause Young (Allocation Failure) 47M->40M(57M) 2.316ms
[2026-06-17T09:56:56.434+0800][3.950s][info][gc,cpu         ] GC(154) User=0.00s Sys=0.00s Real=0.00s
[2026-06-17T09:56:56.445+0800][3.961s][info][gc,start       ] GC(155) Pause Young (Allocation Failure)
[2026-06-17T09:56:56.446+0800][3.962s][info][gc,heap        ] GC(155) PSYoungGen: 10558K(14848K)->1789K(15360K) Eden: 8085K(8192K)->0K(9216K) From: 2473K(6656K)->1789K(6144K)
[2026-06-17T09:56:56.447+0800][3.963s][info][gc,heap        ] GC(155) ParOldGen: 38898K(44032K)->40791K(44032K)
[2026-06-17T09:56:56.447+0800][3.963s][info][gc,metaspace   ] GC(155) Metaspace: 147K(384K)->147K(384K) NonClass: 143K(256K)->143K(256K) Class: 4K(128K)->4K(128K)
[2026-06-17T09:56:56.447+0800][3.963s][info][gc             ] GC(155) Pause Young (Allocation Failure) 48M->41M(58M) 1.433ms
[2026-06-17T09:56:56.447+0800][3.963s][info][gc,cpu         ] GC(155) User=0.01s Sys=0.00s Real=0.00s
[2026-06-17T09:56:56.478+0800][3.995s][info][gc,start       ] GC(156) Pause Young (Allocation Failure)
[2026-06-17T09:56:56.480+0800][3.996s][info][gc,heap        ] GC(156) PSYoungGen: 10991K(15360K)->2976K(15360K) Eden: 9202K(9216K)->0K(9216K) From: 1789K(6144K)->2976K(6144K)
[2026-06-17T09:56:56.480+0800][3.996s][info][gc,heap        ] GC(156) ParOldGen: 40791K(44032K)->42556K(44032K)
[2026-06-17T09:56:56.481+0800][3.997s][info][gc,metaspace   ] GC(156) Metaspace: 147K(384K)->147K(384K) NonClass: 143K(256K)->143K(256K) Class: 4K(128K)->4K(128K)
[2026-06-17T09:56:56.481+0800][3.997s][info][gc             ] GC(156) Pause Young (Allocation Failure) 50M->44M(58M) 2.772ms
[2026-06-17T09:56:56.482+0800][3.998s][info][gc,cpu         ] GC(156) User=0.00s Sys=0.00s Real=0.00s
[2026-06-17T09:56:56.504+0800][4.020s][info][gc,start       ] GC(157) Pause Full (Ergonomics)
[2026-06-17T09:56:56.504+0800][4.020s][info][gc,phases,start] GC(157) Marking Phase
[2026-06-17T09:56:56.506+0800][4.022s][info][gc,phases      ] GC(157) Marking Phase 1.707ms
[2026-06-17T09:56:56.506+0800][4.022s][info][gc,phases,start] GC(157) Summary Phase
[2026-06-17T09:56:56.507+0800][4.023s][info][gc,phases      ] GC(157) Summary Phase 0.550ms
[2026-06-17T09:56:56.507+0800][4.023s][info][gc,phases,start] GC(157) Adjust Roots
[2026-06-17T09:56:56.508+0800][4.024s][info][gc,phases      ] GC(157) Adjust Roots 0.777ms
[2026-06-17T09:56:56.509+0800][4.025s][info][gc,phases,start] GC(157) Compaction Phase
[2026-06-17T09:56:56.511+0800][4.027s][info][gc,phases      ] GC(157) Compaction Phase 2.349ms
[2026-06-17T09:56:56.511+0800][4.027s][info][gc,phases,start] GC(157) Post Compact
[2026-06-17T09:56:56.512+0800][4.028s][info][gc,phases      ] GC(157) Post Compact 0.637ms
[2026-06-17T09:56:56.512+0800][4.028s][info][gc,heap        ] GC(157) PSYoungGen: 12162K(15360K)->0K(15360K) Eden: 9185K(9216K)->0K(9216K) From: 2976K(6144K)->0K(6144K)
[2026-06-17T09:56:56.513+0800][4.029s][info][gc,heap        ] GC(157) ParOldGen: 42556K(44032K)->25308K(44032K)
[2026-06-17T09:56:56.513+0800][4.029s][info][gc,metaspace   ] GC(157) Metaspace: 147K(384K)->147K(384K) NonClass: 143K(256K)->143K(256K) Class: 4K(128K)->4K(128K)
[2026-06-17T09:56:56.513+0800][4.029s][info][gc             ] GC(157) Pause Full (Ergonomics) 53M->24M(58M) 9.486ms
[2026-06-17T09:56:56.513+0800][4.029s][info][gc,cpu         ] GC(157) User=0.01s Sys=0.00s Real=0.01s
[2026-06-17T09:56:56.535+0800][4.051s][info][gc,start       ] GC(158) Pause Young (Allocation Failure)
[2026-06-17T09:56:56.536+0800][4.052s][info][gc,heap        ] GC(158) PSYoungGen: 9194K(15360K)->5804K(15360K) Eden: 9194K(9216K)->0K(9216K) From: 0K(6144K)->5804K(6144K)
[2026-06-17T09:56:56.536+0800][4.052s][info][gc,heap        ] GC(158) ParOldGen: 25308K(44032K)->25308K(44032K)
[2026-06-17T09:56:56.536+0800][4.052s][info][gc,metaspace   ] GC(158) Metaspace: 147K(384K)->147K(384K) NonClass: 143K(256K)->143K(256K) Class: 4K(128K)->4K(128K)
[2026-06-17T09:56:56.536+0800][4.052s][info][gc             ] GC(158) Pause Young (Allocation Failure) 33M->30M(58M) 1.741ms
[2026-06-17T09:56:56.536+0800][4.052s][info][gc,cpu         ] GC(158) User=0.00s Sys=0.00s Real=0.00s
[2026-06-17T09:56:56.558+0800][4.074s][info][gc,start       ] GC(159) Pause Young (Allocation Failure)
[2026-06-17T09:56:56.561+0800][4.077s][info][gc,heap        ] GC(159) PSYoungGen: 14894K(15360K)->541K(14336K) Eden: 9090K(9216K)->0K(8192K) From: 5804K(6144K)->541K(6144K)
[2026-06-17T09:56:56.561+0800][4.077s][info][gc,heap        ] GC(159) ParOldGen: 25308K(44032K)->29098K(44032K)
[2026-06-17T09:56:56.561+0800][4.077s][info][gc,metaspace   ] GC(159) Metaspace: 147K(384K)->147K(384K) NonClass: 143K(256K)->143K(256K) Class: 4K(128K)->4K(128K)
[2026-06-17T09:56:56.561+0800][4.077s][info][gc             ] GC(159) Pause Young (Allocation Failure) 39M->28M(57M) 3.432ms
[2026-06-17T09:56:56.561+0800][4.077s][info][gc,cpu         ] GC(159) User=0.00s Sys=0.00s Real=0.00s
[2026-06-17T09:56:56.593+0800][4.109s][info][gc,start       ] GC(160) Pause Young (Allocation Failure)
[2026-06-17T09:56:56.596+0800][4.112s][info][gc,heap        ] GC(160) PSYoungGen: 8705K(14336K)->1396K(14848K) Eden: 8164K(8192K)->0K(8192K) From: 541K(6144K)->1396K(6656K)
[2026-06-17T09:56:56.597+0800][4.113s][info][gc,heap        ] GC(160) ParOldGen: 29098K(44032K)->29615K(44032K)
[2026-06-17T09:56:56.599+0800][4.116s][info][gc,metaspace   ] GC(160) Metaspace: 147K(384K)->147K(384K) NonClass: 143K(256K)->143K(256K) Class: 4K(128K)->4K(128K)
[2026-06-17T09:56:56.602+0800][4.118s][info][gc             ] GC(160) Pause Young (Allocation Failure) 36M->30M(57M) 8.380ms
[2026-06-17T09:56:56.604+0800][4.120s][info][gc,cpu         ] GC(160) User=0.00s Sys=0.00s Real=0.01s
[2026-06-17T09:56:56.617+0800][4.133s][info][gc,start       ] GC(161) Pause Young (Allocation Failure)
[2026-06-17T09:56:56.620+0800][4.136s][info][gc,heap        ] GC(161) PSYoungGen: 9583K(14848K)->6049K(13824K) Eden: 8187K(8192K)->0K(7168K) From: 1396K(6656K)->6049K(6656K)
[2026-06-17T09:56:56.622+0800][4.138s][info][gc,heap        ] GC(161) ParOldGen: 29615K(44032K)->29615K(44032K)
[2026-06-17T09:56:56.624+0800][4.140s][info][gc,metaspace   ] GC(161) Metaspace: 147K(384K)->147K(384K) NonClass: 143K(256K)->143K(256K) Class: 4K(128K)->4K(128K)
[2026-06-17T09:56:56.625+0800][4.141s][info][gc             ] GC(161) Pause Young (Allocation Failure) 38M->34M(56M) 8.290ms
[2026-06-17T09:56:56.626+0800][4.142s][info][gc,cpu         ] GC(161) User=0.01s Sys=0.00s Real=0.01s
[2026-06-17T09:56:56.648+0800][4.164s][info][gc,start       ] GC(162) Pause Young (Allocation Failure)
[2026-06-17T09:56:56.649+0800][4.165s][info][gc,heap        ] GC(162) PSYoungGen: 13193K(13824K)->2898K(14336K) Eden: 7144K(7168K)->0K(7168K) From: 6049K(6656K)->2898K(7168K)
[2026-06-17T09:56:56.649+0800][4.165s][info][gc,heap        ] GC(162) ParOldGen: 29615K(44032K)->32951K(44032K)
[2026-06-17T09:56:56.650+0800][4.166s][info][gc,metaspace   ] GC(162) Metaspace: 147K(384K)->147K(384K) NonClass: 143K(256K)->143K(256K) Class: 4K(128K)->4K(128K)
[2026-06-17T09:56:56.650+0800][4.166s][info][gc             ] GC(162) Pause Young (Allocation Failure) 41M->35M(57M) 1.982ms
[2026-06-17T09:56:56.650+0800][4.166s][info][gc,cpu         ] GC(162) User=0.00s Sys=0.00s Real=0.00s
[2026-06-17T09:56:56.671+0800][4.187s][info][gc,start       ] GC(163) Pause Young (Allocation Failure)
[2026-06-17T09:56:56.672+0800][4.188s][info][gc,heap        ] GC(163) PSYoungGen: 10066K(14336K)->2909K(14848K) Eden: 7168K(7168K)->0K(7680K) From: 2898K(7168K)->2909K(7168K)
[2026-06-17T09:56:56.673+0800][4.189s][info][gc,heap        ] GC(163) ParOldGen: 32951K(44032K)->32951K(44032K)
[2026-06-17T09:56:56.673+0800][4.189s][info][gc,metaspace   ] GC(163) Metaspace: 147K(384K)->147K(384K) NonClass: 143K(256K)->143K(256K) Class: 4K(128K)->4K(128K)
[2026-06-17T09:56:56.674+0800][4.190s][info][gc             ] GC(163) Pause Young (Allocation Failure) 42M->35M(57M) 2.353ms
[2026-06-17T09:56:56.674+0800][4.190s][info][gc,cpu         ] GC(163) User=0.00s Sys=0.00s Real=0.00s
[2026-06-17T09:56:56.685+0800][4.201s][info][gc,start       ] GC(164) Pause Young (Allocation Failure)
[2026-06-17T09:56:56.686+0800][4.202s][info][gc,heap        ] GC(164) PSYoungGen: 10563K(14848K)->1680K(14336K) Eden: 7654K(7680K)->0K(7680K) From: 2909K(7168K)->1680K(6656K)
[2026-06-17T09:56:56.687+0800][4.203s][info][gc,heap        ] GC(164) ParOldGen: 32951K(44032K)->34800K(44032K)
[2026-06-17T09:56:56.687+0800][4.203s][info][gc,metaspace   ] GC(164) Metaspace: 147K(384K)->147K(384K) NonClass: 143K(256K)->143K(256K) Class: 4K(128K)->4K(128K)
[2026-06-17T09:56:56.687+0800][4.203s][info][gc             ] GC(164) Pause Young (Allocation Failure) 42M->35M(57M) 1.906ms
[2026-06-17T09:56:56.687+0800][4.203s][info][gc,cpu         ] GC(164) User=0.00s Sys=0.00s Real=0.00s
[2026-06-17T09:56:56.719+0800][4.235s][info][gc,start       ] GC(165) Pause Young (Allocation Failure)
[2026-06-17T09:56:56.720+0800][4.236s][info][gc,heap        ] GC(165) PSYoungGen: 9348K(14336K)->880K(14848K) Eden: 7668K(7680K)->0K(8192K) From: 1680K(6656K)->880K(6656K)
[2026-06-17T09:56:56.721+0800][4.237s][info][gc,heap        ] GC(165) ParOldGen: 34800K(44032K)->36456K(44032K)
[2026-06-17T09:56:56.721+0800][4.237s][info][gc,metaspace   ] GC(165) Metaspace: 147K(384K)->147K(384K) NonClass: 143K(256K)->143K(256K) Class: 4K(128K)->4K(128K)
[2026-06-17T09:56:56.721+0800][4.237s][info][gc             ] GC(165) Pause Young (Allocation Failure) 43M->36M(57M) 2.224ms
[2026-06-17T09:56:56.722+0800][4.238s][info][gc,cpu         ] GC(165) User=0.00s Sys=0.00s Real=0.00s
[2026-06-17T09:56:56.733+0800][4.249s][info][gc,start       ] GC(166) Pause Young (Allocation Failure)
[2026-06-17T09:56:56.735+0800][4.251s][info][gc,heap        ] GC(166) PSYoungGen: 9032K(14848K)->5534K(13824K) Eden: 8152K(8192K)->0K(8192K) From: 880K(6656K)->5534K(5632K)
[2026-06-17T09:56:56.735+0800][4.251s][info][gc,heap        ] GC(166) ParOldGen: 36456K(44032K)->36690K(44032K)
[2026-06-17T09:56:56.735+0800][4.251s][info][gc,metaspace   ] GC(166) Metaspace: 147K(384K)->147K(384K) NonClass: 143K(256K)->143K(256K) Class: 4K(128K)->4K(128K)
[2026-06-17T09:56:56.736+0800][4.252s][info][gc             ] GC(166) Pause Young (Allocation Failure) 44M->41M(56M) 2.563ms
[2026-06-17T09:56:56.736+0800][4.252s][info][gc,cpu         ] GC(166) User=0.00s Sys=0.01s Real=0.00s
[2026-06-17T09:56:56.758+0800][4.274s][info][gc,start       ] GC(167) Pause Young (Allocation Failure)
[2026-06-17T09:56:56.760+0800][4.276s][info][gc,heap        ] GC(167) PSYoungGen: 13706K(13824K)->1263K(14336K) Eden: 8172K(8192K)->0K(7168K) From: 5534K(5632K)->1263K(7168K)
[2026-06-17T09:56:56.760+0800][4.276s][info][gc,heap        ] GC(167) ParOldGen: 36690K(44032K)->38905K(44032K)
[2026-06-17T09:56:56.761+0800][4.277s][info][gc,metaspace   ] GC(167) Metaspace: 147K(384K)->147K(384K) NonClass: 143K(256K)->143K(256K) Class: 4K(128K)->4K(128K)
[2026-06-17T09:56:56.761+0800][4.277s][info][gc             ] GC(167) Pause Young (Allocation Failure) 49M->39M(57M) 3.464ms
[2026-06-17T09:56:56.762+0800][4.278s][info][gc,cpu         ] GC(167) User=0.00s Sys=0.00s Real=0.00s
[2026-06-17T09:56:56.783+0800][4.299s][info][gc,start       ] GC(168) Pause Young (Allocation Failure)
[2026-06-17T09:56:56.785+0800][4.301s][info][gc,heap        ] GC(168) PSYoungGen: 8414K(14336K)->3902K(14336K) Eden: 7151K(7168K)->0K(7168K) From: 1263K(7168K)->3902K(7168K)
[2026-06-17T09:56:56.785+0800][4.301s][info][gc,heap        ] GC(168) ParOldGen: 38905K(44032K)->40144K(44032K)
[2026-06-17T09:56:56.785+0800][4.301s][info][gc,metaspace   ] GC(168) Metaspace: 147K(384K)->147K(384K) NonClass: 143K(256K)->143K(256K) Class: 4K(128K)->4K(128K)
[2026-06-17T09:56:56.786+0800][4.302s][info][gc             ] GC(168) Pause Young (Allocation Failure) 46M->43M(57M) 2.441ms
[2026-06-17T09:56:56.786+0800][4.302s][info][gc,cpu         ] GC(168) User=0.00s Sys=0.00s Real=0.00s
[2026-06-17T09:56:56.808+0800][4.324s][info][gc,start       ] GC(169) Pause Young (Allocation Failure)
[2026-06-17T09:56:56.809+0800][4.325s][info][gc,heap        ] GC(169) PSYoungGen: 11039K(14336K)->2226K(14336K) Eden: 7137K(7168K)->0K(7168K) From: 3902K(7168K)->2226K(7168K)
[2026-06-17T09:56:56.809+0800][4.325s][info][gc,heap        ] GC(169) ParOldGen: 40144K(44032K)->42179K(44032K)
[2026-06-17T09:56:56.810+0800][4.326s][info][gc,metaspace   ] GC(169) Metaspace: 147K(384K)->147K(384K) NonClass: 143K(256K)->143K(256K) Class: 4K(128K)->4K(128K)
[2026-06-17T09:56:56.810+0800][4.326s][info][gc             ] GC(169) Pause Young (Allocation Failure) 49M->43M(57M) 2.474ms
[2026-06-17T09:56:56.810+0800][4.326s][info][gc,cpu         ] GC(169) User=0.00s Sys=0.00s Real=0.00s
[2026-06-17T09:56:56.832+0800][4.348s][info][gc,start       ] GC(170) Pause Full (Ergonomics)
[2026-06-17T09:56:56.832+0800][4.348s][info][gc,phases,start] GC(170) Marking Phase
[2026-06-17T09:56:56.834+0800][4.350s][info][gc,phases      ] GC(170) Marking Phase 1.238ms
[2026-06-17T09:56:56.834+0800][4.350s][info][gc,phases,start] GC(170) Summary Phase
[2026-06-17T09:56:56.834+0800][4.350s][info][gc,phases      ] GC(170) Summary Phase 0.248ms
[2026-06-17T09:56:56.834+0800][4.350s][info][gc,phases,start] GC(170) Adjust Roots
[2026-06-17T09:56:56.835+0800][4.351s][info][gc,phases      ] GC(170) Adjust Roots 0.353ms
[2026-06-17T09:56:56.835+0800][4.351s][info][gc,phases,start] GC(170) Compaction Phase
[2026-06-17T09:56:56.837+0800][4.353s][info][gc,phases      ] GC(170) Compaction Phase 1.810ms
[2026-06-17T09:56:56.837+0800][4.353s][info][gc,phases,start] GC(170) Post Compact
[2026-06-17T09:56:56.837+0800][4.353s][info][gc,phases      ] GC(170) Post Compact 0.277ms
[2026-06-17T09:56:56.838+0800][4.354s][info][gc,heap        ] GC(170) PSYoungGen: 9391K(14336K)->0K(14336K) Eden: 7164K(7168K)->0K(7168K) From: 2226K(7168K)->0K(7168K)
[2026-06-17T09:56:56.838+0800][4.354s][info][gc,heap        ] GC(170) ParOldGen: 42179K(44032K)->31766K(44032K)
[2026-06-17T09:56:56.838+0800][4.354s][info][gc,metaspace   ] GC(170) Metaspace: 147K(384K)->147K(384K) NonClass: 143K(256K)->143K(256K) Class: 4K(128K)->4K(128K)
[2026-06-17T09:56:56.838+0800][4.354s][info][gc             ] GC(170) Pause Full (Ergonomics) 50M->31M(57M) 6.312ms
[2026-06-17T09:56:56.838+0800][4.354s][info][gc,cpu         ] GC(170) User=0.01s Sys=0.00s Real=0.00s
[2026-06-17T09:56:56.849+0800][4.365s][info][gc,start       ] GC(171) Pause Young (Allocation Failure)
[2026-06-17T09:56:56.850+0800][4.366s][info][gc,heap        ] GC(171) PSYoungGen: 7110K(14336K)->6972K(14336K) Eden: 7110K(7168K)->0K(7168K) From: 0K(7168K)->6972K(7168K)
[2026-06-17T09:56:56.851+0800][4.367s][info][gc,heap        ] GC(171) ParOldGen: 31766K(44032K)->31966K(44032K)
[2026-06-17T09:56:56.851+0800][4.367s][info][gc,metaspace   ] GC(171) Metaspace: 147K(384K)->147K(384K) NonClass: 143K(256K)->143K(256K) Class: 4K(128K)->4K(128K)
[2026-06-17T09:56:56.851+0800][4.367s][info][gc             ] GC(171) Pause Young (Allocation Failure) 37M->38M(57M) 1.657ms
[2026-06-17T09:56:56.851+0800][4.367s][info][gc,cpu         ] GC(171) User=0.00s Sys=0.00s Real=0.01s
[2026-06-17T09:56:56.872+0800][4.388s][info][gc,start       ] GC(172) Pause Young (Allocation Failure)
[2026-06-17T09:56:56.874+0800][4.390s][info][gc,heap        ] GC(172) PSYoungGen: 14127K(14336K)->2449K(14336K) Eden: 7154K(7168K)->0K(7168K) From: 6972K(7168K)->2449K(7168K)
[2026-06-17T09:56:56.874+0800][4.390s][info][gc,heap        ] GC(172) ParOldGen: 31966K(44032K)->36348K(44032K)
[2026-06-17T09:56:56.875+0800][4.391s][info][gc,metaspace   ] GC(172) Metaspace: 147K(384K)->147K(384K) NonClass: 143K(256K)->143K(256K) Class: 4K(128K)->4K(128K)
[2026-06-17T09:56:56.875+0800][4.391s][info][gc             ] GC(172) Pause Young (Allocation Failure) 45M->37M(57M) 2.681ms
[2026-06-17T09:56:56.875+0800][4.391s][info][gc,cpu         ] GC(172) User=0.00s Sys=0.00s Real=0.00s
[2026-06-17T09:56:56.897+0800][4.413s][info][gc,start       ] GC(173) Pause Young (Allocation Failure)
[2026-06-17T09:56:56.898+0800][4.414s][info][gc,heap        ] GC(173) PSYoungGen: 9570K(14336K)->2847K(14336K) Eden: 7120K(7168K)->0K(7168K) From: 2449K(7168K)->2847K(7168K)
[2026-06-17T09:56:56.899+0800][4.415s][info][gc,heap        ] GC(173) ParOldGen: 36348K(44032K)->36348K(44032K)
[2026-06-17T09:56:56.899+0800][4.415s][info][gc,metaspace   ] GC(173) Metaspace: 147K(384K)->147K(384K) NonClass: 143K(256K)->143K(256K) Class: 4K(128K)->4K(128K)
[2026-06-17T09:56:56.899+0800][4.415s][info][gc             ] GC(173) Pause Young (Allocation Failure) 44M->38M(57M) 1.986ms
[2026-06-17T09:56:56.899+0800][4.415s][info][gc,cpu         ] GC(173) User=0.00s Sys=0.00s Real=0.00s
[2026-06-17T09:56:56.921+0800][4.437s][info][gc,start       ] GC(174) Pause Young (Allocation Failure)
[2026-06-17T09:56:56.922+0800][4.438s][info][gc,heap        ] GC(174) PSYoungGen: 9965K(14336K)->1619K(14336K) Eden: 7118K(7168K)->0K(7168K) From: 2847K(7168K)->1619K(7168K)
[2026-06-17T09:56:56.923+0800][4.439s][info][gc,heap        ] GC(174) ParOldGen: 36348K(44032K)->38256K(44032K)
[2026-06-17T09:56:56.923+0800][4.439s][info][gc,metaspace   ] GC(174) Metaspace: 147K(384K)->147K(384K) NonClass: 143K(256K)->143K(256K) Class: 4K(128K)->4K(128K)
[2026-06-17T09:56:56.924+0800][4.440s][info][gc             ] GC(174) Pause Young (Allocation Failure) 45M->38M(57M) 2.780ms
[2026-06-17T09:56:56.924+0800][4.440s][info][gc,cpu         ] GC(174) User=0.00s Sys=0.00s Real=0.01s
[2026-06-17T09:56:56.945+0800][4.461s][info][gc,start       ] GC(175) Pause Young (Allocation Failure)
[2026-06-17T09:56:56.947+0800][4.463s][info][gc,heap        ] GC(175) PSYoungGen: 8781K(14336K)->665K(14336K) Eden: 7162K(7168K)->0K(7168K) From: 1619K(7168K)->665K(7168K)
[2026-06-17T09:56:56.947+0800][4.463s][info][gc,heap        ] GC(175) ParOldGen: 38256K(44032K)->39819K(44032K)
[2026-06-17T09:56:56.947+0800][4.463s][info][gc,metaspace   ] GC(175) Metaspace: 147K(384K)->147K(384K) NonClass: 143K(256K)->143K(256K) Class: 4K(128K)->4K(128K)
[2026-06-17T09:56:56.947+0800][4.463s][info][gc             ] GC(175) Pause Young (Allocation Failure) 45M->39M(57M) 2.003ms
[2026-06-17T09:56:56.948+0800][4.464s][info][gc,cpu         ] GC(175) User=0.00s Sys=0.00s Real=0.00s
[2026-06-17T09:56:56.959+0800][4.475s][info][gc,start       ] GC(176) Pause Young (Allocation Failure)
[2026-06-17T09:56:56.960+0800][4.476s][info][gc,heap        ] GC(176) PSYoungGen: 7829K(14336K)->4693K(14336K) Eden: 7164K(7168K)->0K(7168K) From: 665K(7168K)->4693K(7168K)
[2026-06-17T09:56:56.961+0800][4.477s][info][gc,heap        ] GC(176) ParOldGen: 39819K(44032K)->39819K(44032K)
[2026-06-17T09:56:56.961+0800][4.477s][info][gc,metaspace   ] GC(176) Metaspace: 147K(384K)->147K(384K) NonClass: 143K(256K)->143K(256K) Class: 4K(128K)->4K(128K)
[2026-06-17T09:56:56.961+0800][4.477s][info][gc             ] GC(176) Pause Young (Allocation Failure) 46M->43M(57M) 2.128ms
[2026-06-17T09:56:56.961+0800][4.477s][info][gc,cpu         ] GC(176) User=0.01s Sys=0.00s Real=0.00s
[2026-06-17T09:56:56.983+0800][4.499s][info][gc,start       ] GC(177) Pause Young (Allocation Failure)
[2026-06-17T09:56:56.984+0800][4.500s][info][gc,heap        ] GC(177) PSYoungGen: 11848K(14336K)->2836K(14336K) Eden: 7155K(7168K)->0K(7168K) From: 4693K(7168K)->2836K(7168K)
[2026-06-17T09:56:56.985+0800][4.501s][info][gc,heap        ] GC(177) ParOldGen: 39819K(44032K)->41828K(44032K)
[2026-06-17T09:56:56.985+0800][4.501s][info][gc,metaspace   ] GC(177) Metaspace: 147K(384K)->147K(384K) NonClass: 143K(256K)->143K(256K) Class: 4K(128K)->4K(128K)
[2026-06-17T09:56:56.985+0800][4.501s][info][gc             ] GC(177) Pause Young (Allocation Failure) 50M->43M(57M) 2.641ms
[2026-06-17T09:56:56.986+0800][4.502s][info][gc,cpu         ] GC(177) User=0.00s Sys=0.00s Real=0.00s
[2026-06-17T09:56:57.008+0800][4.524s][info][gc,start       ] GC(178) Pause Full (Ergonomics)
[2026-06-17T09:56:57.008+0800][4.524s][info][gc,phases,start] GC(178) Marking Phase
[2026-06-17T09:56:57.009+0800][4.525s][info][gc,phases      ] GC(178) Marking Phase 1.324ms
[2026-06-17T09:56:57.010+0800][4.526s][info][gc,phases,start] GC(178) Summary Phase
[2026-06-17T09:56:57.010+0800][4.526s][info][gc,phases      ] GC(178) Summary Phase 0.259ms
[2026-06-17T09:56:57.010+0800][4.526s][info][gc,phases,start] GC(178) Adjust Roots
[2026-06-17T09:56:57.011+0800][4.527s][info][gc,phases      ] GC(178) Adjust Roots 0.515ms
[2026-06-17T09:56:57.011+0800][4.527s][info][gc,phases,start] GC(178) Compaction Phase
[2026-06-17T09:56:57.013+0800][4.529s][info][gc,phases      ] GC(178) Compaction Phase 2.372ms
[2026-06-17T09:56:57.013+0800][4.529s][info][gc,phases,start] GC(178) Post Compact
[2026-06-17T09:56:57.014+0800][4.530s][info][gc,phases      ] GC(178) Post Compact 0.311ms
[2026-06-17T09:56:57.014+0800][4.530s][info][gc,heap        ] GC(178) PSYoungGen: 10000K(14336K)->0K(14336K) Eden: 7163K(7168K)->0K(7168K) From: 2836K(7168K)->0K(7168K)
[2026-06-17T09:56:57.014+0800][4.530s][info][gc,heap        ] GC(178) ParOldGen: 41828K(44032K)->26085K(44032K)
[2026-06-17T09:56:57.014+0800][4.530s][info][gc,metaspace   ] GC(178) Metaspace: 147K(384K)->147K(384K) NonClass: 143K(256K)->143K(256K) Class: 4K(128K)->4K(128K)
[2026-06-17T09:56:57.014+0800][4.530s][info][gc             ] GC(178) Pause Full (Ergonomics) 50M->25M(57M) 6.692ms
[2026-06-17T09:56:57.014+0800][4.531s][info][gc,cpu         ] GC(178) User=0.01s Sys=0.00s Real=0.01s
[2026-06-17T09:56:57.026+0800][4.542s][info][gc,start       ] GC(179) Pause Young (Allocation Failure)
[2026-06-17T09:56:57.027+0800][4.543s][info][gc,heap        ] GC(179) PSYoungGen: 6998K(14336K)->3296K(14848K) Eden: 6998K(7168K)->0K(7680K) From: 0K(7168K)->3296K(7168K)
[2026-06-17T09:56:57.027+0800][4.543s][info][gc,heap        ] GC(179) ParOldGen: 26085K(44032K)->26085K(44032K)
[2026-06-17T09:56:57.028+0800][4.544s][info][gc,metaspace   ] GC(179) Metaspace: 147K(384K)->147K(384K) NonClass: 143K(256K)->143K(256K) Class: 4K(128K)->4K(128K)
[2026-06-17T09:56:57.029+0800][4.545s][info][gc             ] GC(179) Pause Young (Allocation Failure) 32M->28M(57M) 2.839ms
[2026-06-17T09:56:57.029+0800][4.545s][info][gc,cpu         ] GC(179) User=0.00s Sys=0.00s Real=0.00s
[2026-06-17T09:56:57.051+0800][4.567s][info][gc,start       ] GC(180) Pause Young (Allocation Failure)
[2026-06-17T09:56:57.052+0800][4.568s][info][gc,heap        ] GC(180) PSYoungGen: 10963K(14848K)->4317K(14336K) Eden: 7667K(7680K)->0K(7680K) From: 3296K(7168K)->4317K(6656K)
[2026-06-17T09:56:57.053+0800][4.569s][info][gc,heap        ] GC(180) ParOldGen: 26085K(44032K)->29360K(44032K)
[2026-06-17T09:56:57.053+0800][4.569s][info][gc,metaspace   ] GC(180) Metaspace: 147K(384K)->147K(384K) NonClass: 143K(256K)->143K(256K) Class: 4K(128K)->4K(128K)
[2026-06-17T09:56:57.054+0800][4.570s][info][gc             ] GC(180) Pause Young (Allocation Failure) 36M->32M(57M) 2.574ms
[2026-06-17T09:56:57.054+0800][4.570s][info][gc,cpu         ] GC(180) User=0.00s Sys=0.00s Real=0.00s
[2026-06-17T09:56:57.075+0800][4.591s][info][gc,start       ] GC(181) Pause Young (Allocation Failure)
[2026-06-17T09:56:57.076+0800][4.592s][info][gc,heap        ] GC(181) PSYoungGen: 11966K(14336K)->3441K(14848K) Eden: 7648K(7680K)->0K(7680K) From: 4317K(6656K)->3441K(7168K)
[2026-06-17T09:56:57.076+0800][4.592s][info][gc,heap        ] GC(181) ParOldGen: 29360K(44032K)->31167K(44032K)
[2026-06-17T09:56:57.077+0800][4.593s][info][gc,metaspace   ] GC(181) Metaspace: 147K(384K)->147K(384K) NonClass: 143K(256K)->143K(256K) Class: 4K(128K)->4K(128K)
[2026-06-17T09:56:57.077+0800][4.593s][info][gc             ] GC(181) Pause Young (Allocation Failure) 40M->33M(57M) 2.132ms
[2026-06-17T09:56:57.077+0800][4.593s][info][gc,cpu         ] GC(181) User=0.00s Sys=0.00s Real=0.00s
[2026-06-17T09:56:57.099+0800][4.615s][info][gc,start       ] GC(182) Pause Young (Allocation Failure)
[2026-06-17T09:56:57.100+0800][4.616s][info][gc,heap        ] GC(182) PSYoungGen: 11121K(14848K)->2418K(14336K) Eden: 7680K(7680K)->0K(7680K) From: 3441K(7168K)->2418K(6656K)
[2026-06-17T09:56:57.101+0800][4.617s][info][gc,heap        ] GC(182) ParOldGen: 31167K(44032K)->32837K(44032K)
[2026-06-17T09:56:57.101+0800][4.617s][info][gc,metaspace   ] GC(182) Metaspace: 147K(384K)->147K(384K) NonClass: 143K(256K)->143K(256K) Class: 4K(128K)->4K(128K)
[2026-06-17T09:56:57.101+0800][4.617s][info][gc             ] GC(182) Pause Young (Allocation Failure) 41M->34M(57M) 2.096ms
[2026-06-17T09:56:57.101+0800][4.617s][info][gc,cpu         ] GC(182) User=0.00s Sys=0.00s Real=0.00s
[2026-06-17T09:56:57.123+0800][4.639s][info][gc,start       ] GC(183) Pause Young (Allocation Failure)
[2026-06-17T09:56:57.124+0800][4.640s][info][gc,heap        ] GC(183) PSYoungGen: 10096K(14336K)->3140K(15360K) Eden: 7677K(7680K)->0K(8704K) From: 2418K(6656K)->3140K(6656K)
[2026-06-17T09:56:57.124+0800][4.640s][info][gc,heap        ] GC(183) ParOldGen: 32837K(44032K)->32837K(44032K)
[2026-06-17T09:56:57.125+0800][4.641s][info][gc,metaspace   ] GC(183) Metaspace: 147K(384K)->147K(384K) NonClass: 143K(256K)->143K(256K) Class: 4K(128K)->4K(128K)
[2026-06-17T09:56:57.125+0800][4.641s][info][gc             ] GC(183) Pause Young (Allocation Failure) 41M->35M(58M) 2.818ms
[2026-06-17T09:56:57.126+0800][4.642s][info][gc,cpu         ] GC(183) User=0.00s Sys=0.00s Real=0.00s
[2026-06-17T09:56:57.147+0800][4.663s][info][gc,start       ] GC(184) Pause Young (Allocation Failure)
[2026-06-17T09:56:57.149+0800][4.665s][info][gc,heap        ] GC(184) PSYoungGen: 11822K(15360K)->2712K(14848K) Eden: 8682K(8704K)->0K(8704K) From: 3140K(6656K)->2712K(6144K)
[2026-06-17T09:56:57.149+0800][4.665s][info][gc,heap        ] GC(184) ParOldGen: 32837K(44032K)->34814K(44032K)
[2026-06-17T09:56:57.149+0800][4.665s][info][gc,metaspace   ] GC(184) Metaspace: 147K(384K)->147K(384K) NonClass: 143K(256K)->143K(256K) Class: 4K(128K)->4K(128K)
[2026-06-17T09:56:57.149+0800][4.665s][info][gc             ] GC(184) Pause Young (Allocation Failure) 43M->36M(57M) 1.973ms
[2026-06-17T09:56:57.150+0800][4.666s][info][gc,cpu         ] GC(184) User=0.00s Sys=0.00s Real=0.00s
[2026-06-17T09:56:57.171+0800][4.687s][info][gc,start       ] GC(185) Pause Young (Allocation Failure)
[2026-06-17T09:56:57.172+0800][4.688s][info][gc,heap        ] GC(185) PSYoungGen: 11413K(14848K)->3064K(15872K) Eden: 8700K(8704K)->0K(9728K) From: 2712K(6144K)->3064K(6144K)
[2026-06-17T09:56:57.173+0800][4.689s][info][gc,heap        ] GC(185) ParOldGen: 34814K(44032K)->36464K(44032K)
[2026-06-17T09:56:57.173+0800][4.689s][info][gc,metaspace   ] GC(185) Metaspace: 147K(384K)->147K(384K) NonClass: 143K(256K)->143K(256K) Class: 4K(128K)->4K(128K)
[2026-06-17T09:56:57.174+0800][4.690s][info][gc             ] GC(185) Pause Young (Allocation Failure) 45M->38M(58M) 2.178ms
[2026-06-17T09:56:57.174+0800][4.690s][info][gc,cpu         ] GC(185) User=0.00s Sys=0.00s Real=0.00s
[2026-06-17T09:56:57.196+0800][4.712s][info][gc,start       ] GC(186) Pause Young (Allocation Failure)
[2026-06-17T09:56:57.197+0800][4.713s][info][gc,heap        ] GC(186) PSYoungGen: 12736K(15872K)->5572K(15360K) Eden: 9672K(9728K)->0K(9728K) From: 3064K(6144K)->5572K(5632K)
[2026-06-17T09:56:57.197+0800][4.713s][info][gc,heap        ] GC(186) ParOldGen: 36464K(44032K)->36652K(44032K)
[2026-06-17T09:56:57.197+0800][4.713s][info][gc,metaspace   ] GC(186) Metaspace: 147K(384K)->147K(384K) NonClass: 143K(256K)->143K(256K) Class: 4K(128K)->4K(128K)
[2026-06-17T09:56:57.197+0800][4.713s][info][gc             ] GC(186) Pause Young (Allocation Failure) 48M->41M(58M) 1.913ms
[2026-06-17T09:56:57.198+0800][4.714s][info][gc,cpu         ] GC(186) User=0.00s Sys=0.00s Real=0.00s
[2026-06-17T09:56:57.230+0800][4.746s][info][gc,start       ] GC(187) Pause Young (Allocation Failure)
[2026-06-17T09:56:57.231+0800][4.747s][info][gc,heap        ] GC(187) PSYoungGen: 15293K(15360K)->2254K(15360K) Eden: 9721K(9728K)->0K(9216K) From: 5572K(5632K)->2254K(6144K)
[2026-06-17T09:56:57.231+0800][4.747s][info][gc,heap        ] GC(187) ParOldGen: 36652K(44032K)->39410K(44032K)
[2026-06-17T09:56:57.232+0800][4.748s][info][gc,metaspace   ] GC(187) Metaspace: 147K(384K)->147K(384K) NonClass: 143K(256K)->143K(256K) Class: 4K(128K)->4K(128K)
[2026-06-17T09:56:57.232+0800][4.748s][info][gc             ] GC(187) Pause Young (Allocation Failure) 50M->40M(58M) 2.113ms
[2026-06-17T09:56:57.232+0800][4.748s][info][gc,cpu         ] GC(187) User=0.01s Sys=0.00s Real=0.01s
[2026-06-17T09:56:57.254+0800][4.770s][info][gc,start       ] GC(188) Pause Young (Allocation Failure)
[2026-06-17T09:56:57.256+0800][4.772s][info][gc,heap        ] GC(188) PSYoungGen: 11463K(15360K)->2590K(15360K) Eden: 9209K(9216K)->0K(9216K) From: 2254K(6144K)->2590K(6144K)
[2026-06-17T09:56:57.260+0800][4.776s][info][gc,heap        ] GC(188) ParOldGen: 39410K(44032K)->41537K(44032K)
[2026-06-17T09:56:57.263+0800][4.779s][info][gc,metaspace   ] GC(188) Metaspace: 147K(384K)->147K(384K) NonClass: 143K(256K)->143K(256K) Class: 4K(128K)->4K(128K)
[2026-06-17T09:56:57.264+0800][4.780s][info][gc             ] GC(188) Pause Young (Allocation Failure) 49M->43M(58M) 9.666ms
[2026-06-17T09:56:57.264+0800][4.780s][info][gc,cpu         ] GC(188) User=0.00s Sys=0.00s Real=0.01s
[2026-06-17T09:56:57.289+0800][4.805s][info][gc,start       ] GC(189) Pause Full (Ergonomics)
[2026-06-17T09:56:57.291+0800][4.807s][info][gc,phases,start] GC(189) Marking Phase
[2026-06-17T09:56:57.292+0800][4.808s][info][gc,phases      ] GC(189) Marking Phase 0.933ms
[2026-06-17T09:56:57.293+0800][4.809s][info][gc,phases,start] GC(189) Summary Phase
[2026-06-17T09:56:57.294+0800][4.810s][info][gc,phases      ] GC(189) Summary Phase 0.841ms
[2026-06-17T09:56:57.295+0800][4.811s][info][gc,phases,start] GC(189) Adjust Roots
[2026-06-17T09:56:57.296+0800][4.812s][info][gc,phases      ] GC(189) Adjust Roots 1.021ms
[2026-06-17T09:56:57.297+0800][4.813s][info][gc,phases,start] GC(189) Compaction Phase
[2026-06-17T09:56:57.299+0800][4.815s][info][gc,phases      ] GC(189) Compaction Phase 1.860ms
[2026-06-17T09:56:57.299+0800][4.815s][info][gc,phases,start] GC(189) Post Compact
[2026-06-17T09:56:57.299+0800][4.815s][info][gc,phases      ] GC(189) Post Compact 0.375ms
[2026-06-17T09:56:57.300+0800][4.816s][info][gc,heap        ] GC(189) PSYoungGen: 11762K(15360K)->0K(15360K) Eden: 9172K(9216K)->0K(9216K) From: 2590K(6144K)->0K(6144K)
[2026-06-17T09:56:57.300+0800][4.816s][info][gc,heap        ] GC(189) ParOldGen: 41537K(44032K)->24334K(44032K)
[2026-06-17T09:56:57.300+0800][4.816s][info][gc,metaspace   ] GC(189) Metaspace: 147K(384K)->147K(384K) NonClass: 143K(256K)->143K(256K) Class: 4K(128K)->4K(128K)
[2026-06-17T09:56:57.301+0800][4.817s][info][gc             ] GC(189) Pause Full (Ergonomics) 52M->23M(58M) 12.114ms
[2026-06-17T09:56:57.301+0800][4.817s][info][gc,cpu         ] GC(189) User=0.01s Sys=0.00s Real=0.01s
[2026-06-17T09:56:57.323+0800][4.839s][info][gc,start       ] GC(190) Pause Young (Allocation Failure)
[2026-06-17T09:56:57.325+0800][4.841s][info][gc,heap        ] GC(190) PSYoungGen: 9190K(15360K)->5754K(15360K) Eden: 9190K(9216K)->0K(9216K) From: 0K(6144K)->5754K(6144K)
[2026-06-17T09:56:57.325+0800][4.841s][info][gc,heap        ] GC(190) ParOldGen: 24334K(44032K)->24334K(44032K)
[2026-06-17T09:56:57.325+0800][4.841s][info][gc,metaspace   ] GC(190) Metaspace: 147K(384K)->147K(384K) NonClass: 143K(256K)->143K(256K) Class: 4K(128K)->4K(128K)
[2026-06-17T09:56:57.325+0800][4.841s][info][gc             ] GC(190) Pause Young (Allocation Failure) 32M->29M(58M) 2.570ms
[2026-06-17T09:56:57.326+0800][4.842s][info][gc,cpu         ] GC(190) User=0.00s Sys=0.00s Real=0.00s
[2026-06-17T09:56:57.358+0800][4.874s][info][gc,start       ] GC(191) Pause Young (Allocation Failure)
[2026-06-17T09:56:57.359+0800][4.875s][info][gc,heap        ] GC(191) PSYoungGen: 14970K(15360K)->1675K(14336K) Eden: 9216K(9216K)->0K(8192K) From: 5754K(6144K)->1675K(6144K)
[2026-06-17T09:56:57.359+0800][4.875s][info][gc,heap        ] GC(191) ParOldGen: 24334K(44032K)->27030K(44032K)
[2026-06-17T09:56:57.360+0800][4.876s][info][gc,metaspace   ] GC(191) Metaspace: 147K(384K)->147K(384K) NonClass: 143K(256K)->143K(256K) Class: 4K(128K)->4K(128K)
[2026-06-17T09:56:57.360+0800][4.876s][info][gc             ] GC(191) Pause Young (Allocation Failure) 38M->28M(57M) 2.406ms
[2026-06-17T09:56:57.361+0800][4.877s][info][gc,cpu         ] GC(191) User=0.00s Sys=0.00s Real=0.00s
[2026-06-17T09:56:57.382+0800][4.898s][info][gc,start       ] GC(192) Pause Young (Allocation Failure)
[2026-06-17T09:56:57.383+0800][4.899s][info][gc,heap        ] GC(192) PSYoungGen: 9867K(14336K)->3461K(14848K) Eden: 8192K(8192K)->0K(8192K) From: 1675K(6144K)->3461K(6656K)
[2026-06-17T09:56:57.383+0800][4.899s][info][gc,heap        ] GC(192) ParOldGen: 27030K(44032K)->27030K(44032K)
[2026-06-17T09:56:57.384+0800][4.900s][info][gc,metaspace   ] GC(192) Metaspace: 147K(384K)->147K(384K) NonClass: 143K(256K)->143K(256K) Class: 4K(128K)->4K(128K)
[2026-06-17T09:56:57.384+0800][4.900s][info][gc             ] GC(192) Pause Young (Allocation Failure) 36M->29M(57M) 2.511ms
[2026-06-17T09:56:57.385+0800][4.901s][info][gc,cpu         ] GC(192) User=0.00s Sys=0.00s Real=0.01s
[2026-06-17T09:56:57.406+0800][4.922s][info][gc,start       ] GC(193) Pause Young (Allocation Failure)
[2026-06-17T09:56:57.407+0800][4.923s][info][gc,heap        ] GC(193) PSYoungGen: 11620K(14848K)->4613K(14848K) Eden: 8159K(8192K)->0K(8192K) From: 3461K(6656K)->4613K(6656K)
[2026-06-17T09:56:57.408+0800][4.924s][info][gc,heap        ] GC(193) ParOldGen: 27030K(44032K)->27030K(44032K)
[2026-06-17T09:56:57.408+0800][4.924s][info][gc,metaspace   ] GC(193) Metaspace: 147K(384K)->147K(384K) NonClass: 143K(256K)->143K(256K) Class: 4K(128K)->4K(128K)
[2026-06-17T09:56:57.409+0800][4.925s][info][gc             ] GC(193) Pause Young (Allocation Failure) 37M->30M(57M) 2.596ms
[2026-06-17T09:56:57.409+0800][4.925s][info][gc,cpu         ] GC(193) User=0.00s Sys=0.00s Real=0.00s
[2026-06-17T09:56:57.421+0800][4.937s][info][gc,start       ] GC(194) Pause Young (Allocation Failure)
[2026-06-17T09:56:57.422+0800][4.938s][info][gc,heap        ] GC(194) PSYoungGen: 12789K(14848K)->6628K(14848K) Eden: 8175K(8192K)->0K(8192K) From: 4613K(6656K)->6628K(6656K)
[2026-06-17T09:56:57.423+0800][4.939s][info][gc,heap        ] GC(194) ParOldGen: 27030K(44032K)->29624K(44032K)
[2026-06-17T09:56:57.423+0800][4.939s][info][gc,metaspace   ] GC(194) Metaspace: 147K(384K)->147K(384K) NonClass: 143K(256K)->143K(256K) Class: 4K(128K)->4K(128K)
[2026-06-17T09:56:57.423+0800][4.939s][info][gc             ] GC(194) Pause Young (Allocation Failure) 38M->35M(57M) 2.290ms
[2026-06-17T09:56:57.423+0800][4.939s][info][gc,cpu         ] GC(194) User=0.01s Sys=0.00s Real=0.01s
[2026-06-17T09:56:57.445+0800][4.961s][info][gc,start       ] GC(195) Pause Young (Allocation Failure)
[2026-06-17T09:56:57.445+0800][4.962s][info][gc,heap        ] GC(195) PSYoungGen: 14561K(14848K)->2946K(13824K) Eden: 7933K(8192K)->0K(7168K) From: 6628K(6656K)->2946K(6656K)
[2026-06-17T09:56:57.446+0800][4.962s][info][gc,heap        ] GC(195) ParOldGen: 29624K(44032K)->30703K(44032K)
[2026-06-17T09:56:57.446+0800][4.962s][info][gc,metaspace   ] GC(195) Metaspace: 147K(384K)->147K(384K) NonClass: 143K(256K)->143K(256K) Class: 4K(128K)->4K(128K)
[2026-06-17T09:56:57.446+0800][4.962s][info][gc             ] GC(195) Pause Young (Allocation Failure) 43M->32M(56M) 1.330ms
[2026-06-17T09:56:57.446+0800][4.962s][info][gc,cpu         ] GC(195) User=0.00s Sys=0.00s Real=0.00s
[2026-06-17T09:56:57.467+0800][4.983s][info][gc,start       ] GC(196) Pause Young (Allocation Failure)
[2026-06-17T09:56:57.468+0800][4.984s][info][gc,heap        ] GC(196) PSYoungGen: 10086K(13824K)->4001K(14336K) Eden: 7140K(7168K)->0K(7168K) From: 2946K(6656K)->4001K(7168K)
[2026-06-17T09:56:57.469+0800][4.985s][info][gc,heap        ] GC(196) ParOldGen: 30703K(44032K)->33339K(44032K)
[2026-06-17T09:56:57.469+0800][4.985s][info][gc,metaspace   ] GC(196) Metaspace: 147K(384K)->147K(384K) NonClass: 143K(256K)->143K(256K) Class: 4K(128K)->4K(128K)
[2026-06-17T09:56:57.469+0800][4.985s][info][gc             ] GC(196) Pause Young (Allocation Failure) 39M->36M(57M) 1.759ms
[2026-06-17T09:56:57.469+0800][4.985s][info][gc,cpu         ] GC(196) User=0.00s Sys=0.00s Real=0.00s
[2026-06-17T09:56:57.491+0800][5.007s][info][gc,start       ] GC(197) Pause Young (Allocation Failure)
[2026-06-17T09:56:57.492+0800][5.008s][info][gc,heap        ] GC(197) PSYoungGen: 11140K(14336K)->2518K(14336K) Eden: 7138K(7168K)->0K(7168K) From: 4001K(7168K)->2518K(7168K)
[2026-06-17T09:56:57.492+0800][5.008s][info][gc,heap        ] GC(197) ParOldGen: 33339K(44032K)->35399K(44032K)
[2026-06-17T09:56:57.492+0800][5.008s][info][gc,metaspace   ] GC(197) Metaspace: 148K(384K)->148K(384K) NonClass: 143K(256K)->143K(256K) Class: 4K(128K)->4K(128K)
[2026-06-17T09:56:57.492+0800][5.008s][info][gc             ] GC(197) Pause Young (Allocation Failure) 43M->37M(57M) 1.482ms
[2026-06-17T09:56:57.492+0800][5.008s][info][gc,cpu         ] GC(197) User=0.00s Sys=0.00s Real=0.00s
[2026-06-17T09:56:57.514+0800][5.030s][info][gc,start       ] GC(198) Pause Young (Allocation Failure)
[2026-06-17T09:56:57.514+0800][5.030s][info][gc,heap        ] GC(198) PSYoungGen: 9658K(14336K)->1141K(14336K) Eden: 7140K(7168K)->0K(7168K) From: 2518K(7168K)->1141K(7168K)
[2026-06-17T09:56:57.515+0800][5.031s][info][gc,heap        ] GC(198) ParOldGen: 35399K(44032K)->37242K(44032K)
[2026-06-17T09:56:57.515+0800][5.031s][info][gc,metaspace   ] GC(198) Metaspace: 148K(384K)->148K(384K) NonClass: 143K(256K)->143K(256K) Class: 4K(128K)->4K(128K)
[2026-06-17T09:56:57.516+0800][5.032s][info][gc             ] GC(198) Pause Young (Allocation Failure) 44M->37M(57M) 2.137ms
[2026-06-17T09:56:57.516+0800][5.032s][info][gc,cpu         ] GC(198) User=0.01s Sys=0.00s Real=0.00s
[2026-06-17T09:56:57.533+0800][5.049s][info][gc,start       ] GC(199) Pause Young (Allocation Failure)
[2026-06-17T09:56:57.535+0800][5.051s][info][gc,heap        ] GC(199) PSYoungGen: 8293K(14336K)->4849K(14336K) Eden: 7152K(7168K)->0K(7168K) From: 1141K(7168K)->4849K(7168K)
[2026-06-17T09:56:57.536+0800][5.052s][info][gc,heap        ] GC(199) ParOldGen: 37242K(44032K)->37242K(44032K)
[2026-06-17T09:56:57.536+0800][5.052s][info][gc,metaspace   ] GC(199) Metaspace: 148K(384K)->148K(384K) NonClass: 143K(256K)->143K(256K) Class: 4K(128K)->4K(128K)
[2026-06-17T09:56:57.537+0800][5.053s][info][gc             ] GC(199) Pause Young (Allocation Failure) 44M->41M(57M) 3.476ms
[2026-06-17T09:56:57.540+0800][5.056s][info][gc,cpu         ] GC(199) User=0.00s Sys=0.00s Real=0.00s
[2026-06-17T09:56:57.562+0800][5.078s][info][gc,start       ] GC(200) Pause Young (Allocation Failure)
[2026-06-17T09:56:57.564+0800][5.080s][info][gc,heap        ] GC(200) PSYoungGen: 12009K(14336K)->2790K(14336K) Eden: 7159K(7168K)->0K(7168K) From: 4849K(7168K)->2790K(7168K)
[2026-06-17T09:56:57.568+0800][5.084s][info][gc,heap        ] GC(200) ParOldGen: 37242K(44032K)->39519K(44032K)
[2026-06-17T09:56:57.568+0800][5.084s][info][gc,metaspace   ] GC(200) Metaspace: 148K(384K)->148K(384K) NonClass: 143K(256K)->143K(256K) Class: 4K(128K)->4K(128K)
[2026-06-17T09:56:57.569+0800][5.085s][info][gc             ] GC(200) Pause Young (Allocation Failure) 48M->41M(57M) 6.479ms
[2026-06-17T09:56:57.569+0800][5.085s][info][gc,cpu         ] GC(200) User=0.00s Sys=0.00s Real=0.01s
[2026-06-17T09:56:57.591+0800][5.107s][info][gc,start       ] GC(201) Pause Young (Allocation Failure)
[2026-06-17T09:56:57.592+0800][5.108s][info][gc,heap        ] GC(201) PSYoungGen: 9923K(14336K)->2760K(14848K) Eden: 7133K(7168K)->0K(7680K) From: 2790K(7168K)->2760K(7168K)
[2026-06-17T09:56:57.593+0800][5.109s][info][gc,heap        ] GC(201) ParOldGen: 39519K(44032K)->39519K(44032K)
[2026-06-17T09:56:57.601+0800][5.117s][info][gc,metaspace   ] GC(201) Metaspace: 148K(384K)->148K(384K) NonClass: 143K(256K)->143K(256K) Class: 4K(128K)->4K(128K)
[2026-06-17T09:56:57.602+0800][5.118s][info][gc             ] GC(201) Pause Young (Allocation Failure) 48M->41M(57M) 11.059ms
[2026-06-17T09:56:57.603+0800][5.119s][info][gc,cpu         ] GC(201) User=0.00s Sys=0.00s Real=0.01s
[2026-06-17T09:56:57.614+0800][5.130s][info][gc,start       ] GC(202) Pause Young (Allocation Failure)
[2026-06-17T09:56:57.626+0800][5.142s][info][gc,heap        ] GC(202) PSYoungGen: 10164K(14848K)->1240K(14336K) Eden: 7404K(7680K)->0K(7680K) From: 2760K(7168K)->1240K(6656K)
[2026-06-17T09:56:57.630+0800][5.146s][info][gc,heap        ] GC(202) ParOldGen: 39519K(44032K)->41599K(44032K)
[2026-06-17T09:56:57.631+0800][5.147s][info][gc,metaspace   ] GC(202) Metaspace: 148K(384K)->148K(384K) NonClass: 143K(256K)->143K(256K) Class: 4K(128K)->4K(128K)
[2026-06-17T09:56:57.643+0800][5.159s][info][gc             ] GC(202) Pause Young (Allocation Failure) 48M->41M(57M) 29.129ms
[2026-06-17T09:56:57.644+0800][5.160s][info][gc,cpu         ] GC(202) User=0.00s Sys=0.00s Real=0.03s
[2026-06-17T09:56:57.665+0800][5.181s][info][gc,start       ] GC(203) Pause Full (Ergonomics)
[2026-06-17T09:56:57.666+0800][5.182s][info][gc,phases,start] GC(203) Marking Phase
[2026-06-17T09:56:57.667+0800][5.183s][info][gc,phases      ] GC(203) Marking Phase 0.881ms
[2026-06-17T09:56:57.667+0800][5.183s][info][gc,phases,start] GC(203) Summary Phase
[2026-06-17T09:56:57.667+0800][5.183s][info][gc,phases      ] GC(203) Summary Phase 0.271ms
[2026-06-17T09:56:57.668+0800][5.184s][info][gc,phases,start] GC(203) Adjust Roots
[2026-06-17T09:56:57.668+0800][5.184s][info][gc,phases      ] GC(203) Adjust Roots 0.332ms
[2026-06-17T09:56:57.668+0800][5.184s][info][gc,phases,start] GC(203) Compaction Phase
[2026-06-17T09:56:57.669+0800][5.185s][info][gc,phases      ] GC(203) Compaction Phase 1.297ms
[2026-06-17T09:56:57.670+0800][5.186s][info][gc,phases,start] GC(203) Post Compact
[2026-06-17T09:56:57.670+0800][5.186s][info][gc,phases      ] GC(203) Post Compact 0.269ms
[2026-06-17T09:56:57.670+0800][5.186s][info][gc,heap        ] GC(203) PSYoungGen: 8915K(14336K)->0K(14848K) Eden: 7675K(7680K)->0K(8192K) From: 1240K(6656K)->0K(6656K)
[2026-06-17T09:56:57.670+0800][5.186s][info][gc,heap        ] GC(203) ParOldGen: 41599K(44032K)->24775K(44032K)
[2026-06-17T09:56:57.670+0800][5.186s][info][gc,metaspace   ] GC(203) Metaspace: 148K(384K)->148K(384K) NonClass: 143K(256K)->143K(256K) Class: 4K(128K)->4K(128K)
[2026-06-17T09:56:57.670+0800][5.186s][info][gc             ] GC(203) Pause Full (Ergonomics) 49M->24M(57M) 4.918ms
[2026-06-17T09:56:57.670+0800][5.186s][info][gc,cpu         ] GC(203) User=0.00s Sys=0.01s Real=0.00s
[2026-06-17T09:56:57.692+0800][5.208s][info][gc,start       ] GC(204) Pause Young (Allocation Failure)
[2026-06-17T09:56:57.693+0800][5.209s][info][gc,heap        ] GC(204) PSYoungGen: 8184K(14848K)->4859K(13312K) Eden: 8184K(8192K)->0K(8192K) From: 0K(6656K)->4859K(5120K)
[2026-06-17T09:56:57.693+0800][5.209s][info][gc,heap        ] GC(204) ParOldGen: 24775K(44032K)->24775K(44032K)
[2026-06-17T09:56:57.694+0800][5.210s][info][gc,metaspace   ] GC(204) Metaspace: 148K(384K)->148K(384K) NonClass: 143K(256K)->143K(256K) Class: 4K(128K)->4K(128K)
[2026-06-17T09:56:57.696+0800][5.212s][info][gc             ] GC(204) Pause Young (Allocation Failure) 32M->28M(56M) 4.807ms
[2026-06-17T09:56:57.698+0800][5.214s][info][gc,cpu         ] GC(204) User=0.00s Sys=0.00s Real=0.00s
[2026-06-17T09:56:57.721+0800][5.237s][info][gc,start       ] GC(205) Pause Young (Allocation Failure)
[2026-06-17T09:56:57.722+0800][5.238s][info][gc,heap        ] GC(205) PSYoungGen: 13001K(13312K)->6053K(14336K) Eden: 8142K(8192K)->0K(7168K) From: 4859K(5120K)->6053K(7168K)
[2026-06-17T09:56:57.723+0800][5.239s][info][gc,heap        ] GC(205) ParOldGen: 24775K(44032K)->24775K(44032K)
[2026-06-17T09:56:57.723+0800][5.239s][info][gc,metaspace   ] GC(205) Metaspace: 148K(384K)->148K(384K) NonClass: 143K(256K)->143K(256K) Class: 4K(128K)->4K(128K)
[2026-06-17T09:56:57.723+0800][5.239s][info][gc             ] GC(205) Pause Young (Allocation Failure) 36M->30M(57M) 1.716ms
[2026-06-17T09:56:57.723+0800][5.239s][info][gc,cpu         ] GC(205) User=0.00s Sys=0.00s Real=0.01s
[2026-06-17T09:56:57.744+0800][5.260s][info][gc,start       ] GC(206) Pause Young (Allocation Failure)
[2026-06-17T09:56:57.745+0800][5.261s][info][gc,heap        ] GC(206) PSYoungGen: 13170K(14336K)->2911K(14336K) Eden: 7117K(7168K)->0K(7168K) From: 6053K(7168K)->2911K(7168K)
[2026-06-17T09:56:57.746+0800][5.262s][info][gc,heap        ] GC(206) ParOldGen: 24775K(44032K)->27899K(44032K)
[2026-06-17T09:56:57.746+0800][5.262s][info][gc,metaspace   ] GC(206) Metaspace: 148K(384K)->148K(384K) NonClass: 143K(256K)->143K(256K) Class: 4K(128K)->4K(128K)
[2026-06-17T09:56:57.746+0800][5.262s][info][gc             ] GC(206) Pause Young (Allocation Failure) 37M->30M(57M) 1.761ms
[2026-06-17T09:56:57.746+0800][5.262s][info][gc,cpu         ] GC(206) User=0.00s Sys=0.00s Real=0.00s
[2026-06-17T09:56:57.757+0800][5.273s][info][gc,start       ] GC(207) Pause Young (Allocation Failure)
[2026-06-17T09:56:57.758+0800][5.274s][info][gc,heap        ] GC(207) PSYoungGen: 9869K(14336K)->655K(14336K) Eden: 6958K(7168K)->0K(7168K) From: 2911K(7168K)->655K(7168K)
[2026-06-17T09:56:57.759+0800][5.275s][info][gc,heap        ] GC(207) ParOldGen: 27899K(44032K)->29969K(44032K)
[2026-06-17T09:56:57.759+0800][5.275s][info][gc,metaspace   ] GC(207) Metaspace: 148K(384K)->148K(384K) NonClass: 143K(256K)->143K(256K) Class: 4K(128K)->4K(128K)
[2026-06-17T09:56:57.759+0800][5.275s][info][gc             ] GC(207) Pause Young (Allocation Failure) 36M->29M(57M) 1.662ms
[2026-06-17T09:56:57.759+0800][5.275s][info][gc,cpu         ] GC(207) User=0.00s Sys=0.00s Real=0.00s
[2026-06-17T09:56:57.780+0800][5.296s][info][gc,start       ] GC(208) Pause Young (Allocation Failure)
[2026-06-17T09:56:57.781+0800][5.297s][info][gc,heap        ] GC(208) PSYoungGen: 7821K(14336K)->3998K(14336K) Eden: 7166K(7168K)->0K(7168K) From: 655K(7168K)->3998K(7168K)
[2026-06-17T09:56:57.781+0800][5.297s][info][gc,heap        ] GC(208) ParOldGen: 29969K(44032K)->30600K(44032K)
[2026-06-17T09:56:57.781+0800][5.297s][info][gc,metaspace   ] GC(208) Metaspace: 148K(384K)->148K(384K) NonClass: 143K(256K)->143K(256K) Class: 4K(128K)->4K(128K)
[2026-06-17T09:56:57.782+0800][5.298s][info][gc             ] GC(208) Pause Young (Allocation Failure) 36M->33M(57M) 1.500ms
[2026-06-17T09:56:57.782+0800][5.298s][info][gc,cpu         ] GC(208) User=0.00s Sys=0.00s Real=0.00s
[2026-06-17T09:56:57.803+0800][5.319s][info][gc,start       ] GC(209) Pause Young (Allocation Failure)
[2026-06-17T09:56:57.804+0800][5.320s][info][gc,heap        ] GC(209) PSYoungGen: 11118K(14336K)->2375K(14336K) Eden: 7119K(7168K)->0K(7168K) From: 3998K(7168K)->2375K(7168K)
[2026-06-17T09:56:57.804+0800][5.320s][info][gc,heap        ] GC(209) ParOldGen: 30600K(44032K)->32252K(44032K)
[2026-06-17T09:56:57.804+0800][5.320s][info][gc,metaspace   ] GC(209) Metaspace: 148K(384K)->148K(384K) NonClass: 143K(256K)->143K(256K) Class: 4K(128K)->4K(128K)
[2026-06-17T09:56:57.805+0800][5.321s][info][gc             ] GC(209) Pause Young (Allocation Failure) 40M->33M(57M) 1.814ms
[2026-06-17T09:56:57.806+0800][5.322s][info][gc,cpu         ] GC(209) User=0.01s Sys=0.00s Real=0.00s
[2026-06-17T09:56:57.817+0800][5.333s][info][gc,start       ] GC(210) Pause Young (Allocation Failure)
[2026-06-17T09:56:57.818+0800][5.334s][info][gc,heap        ] GC(210) PSYoungGen: 9514K(14336K)->3621K(14336K) Eden: 7139K(7168K)->0K(7168K) From: 2375K(7168K)->3621K(7168K)
[2026-06-17T09:56:57.819+0800][5.335s][info][gc,heap        ] GC(210) ParOldGen: 32252K(44032K)->34519K(44032K)
[2026-06-17T09:56:57.819+0800][5.335s][info][gc,metaspace   ] GC(210) Metaspace: 148K(384K)->148K(384K) NonClass: 143K(256K)->143K(256K) Class: 4K(128K)->4K(128K)
[2026-06-17T09:56:57.819+0800][5.335s][info][gc             ] GC(210) Pause Young (Allocation Failure) 40M->37M(57M) 1.501ms
[2026-06-17T09:56:57.819+0800][5.335s][info][gc,cpu         ] GC(210) User=0.00s Sys=0.00s Real=0.00s
[2026-06-17T09:56:57.840+0800][5.356s][info][gc,start       ] GC(211) Pause Young (Allocation Failure)
[2026-06-17T09:56:57.840+0800][5.357s][info][gc,heap        ] GC(211) PSYoungGen: 10755K(14336K)->3543K(14848K) Eden: 7134K(7168K)->0K(7680K) From: 3621K(7168K)->3543K(7168K)
[2026-06-17T09:56:57.841+0800][5.357s][info][gc,heap        ] GC(211) ParOldGen: 34519K(44032K)->34519K(44032K)
[2026-06-17T09:56:57.841+0800][5.357s][info][gc,metaspace   ] GC(211) Metaspace: 148K(384K)->148K(384K) NonClass: 143K(256K)->143K(256K) Class: 4K(128K)->4K(128K)
[2026-06-17T09:56:57.841+0800][5.357s][info][gc             ] GC(211) Pause Young (Allocation Failure) 44M->37M(57M) 1.026ms
[2026-06-17T09:56:57.841+0800][5.357s][info][gc,cpu         ] GC(211) User=0.00s Sys=0.00s Real=0.00s
[2026-06-17T09:56:57.862+0800][5.378s][info][gc,start       ] GC(212) Pause Young (Allocation Failure)
[2026-06-17T09:56:57.863+0800][5.379s][info][gc,heap        ] GC(212) PSYoungGen: 11220K(14848K)->2886K(14336K) Eden: 7676K(7680K)->0K(7680K) From: 3543K(7168K)->2886K(6656K)
[2026-06-17T09:56:57.863+0800][5.379s][info][gc,heap        ] GC(212) ParOldGen: 34519K(44032K)->36201K(44032K)
[2026-06-17T09:56:57.863+0800][5.379s][info][gc,metaspace   ] GC(212) Metaspace: 148K(384K)->148K(384K) NonClass: 143K(256K)->143K(256K) Class: 4K(128K)->4K(128K)
[2026-06-17T09:56:57.863+0800][5.379s][info][gc             ] GC(212) Pause Young (Allocation Failure) 44M->38M(57M) 1.330ms
[2026-06-17T09:56:57.863+0800][5.379s][info][gc,cpu         ] GC(212) User=0.00s Sys=0.00s Real=0.01s
[2026-06-17T09:56:57.885+0800][5.401s][info][gc,start       ] GC(213) Pause Young (Allocation Failure)
[2026-06-17T09:56:57.886+0800][5.402s][info][gc,heap        ] GC(213) PSYoungGen: 10521K(14336K)->3845K(14848K) Eden: 7634K(7680K)->0K(8192K) From: 2886K(6656K)->3845K(6656K)
[2026-06-17T09:56:57.886+0800][5.402s][info][gc,heap        ] GC(213) ParOldGen: 36201K(44032K)->36201K(44032K)
[2026-06-17T09:56:57.886+0800][5.402s][info][gc,metaspace   ] GC(213) Metaspace: 148K(384K)->148K(384K) NonClass: 143K(256K)->143K(256K) Class: 4K(128K)->4K(128K)
[2026-06-17T09:56:57.886+0800][5.402s][info][gc             ] GC(213) Pause Young (Allocation Failure) 45M->39M(57M) 1.600ms
[2026-06-17T09:56:57.886+0800][5.402s][info][gc,cpu         ] GC(213) User=0.00s Sys=0.00s Real=0.00s
[2026-06-17T09:56:57.907+0800][5.423s][info][gc,start       ] GC(214) Pause Young (Allocation Failure)
[2026-06-17T09:56:57.910+0800][5.426s][info][gc,heap        ] GC(214) PSYoungGen: 12030K(14848K)->1994K(14848K) Eden: 8185K(8192K)->0K(8192K) From: 3845K(6656K)->1994K(6656K)
[2026-06-17T09:56:57.914+0800][5.430s][info][gc,heap        ] GC(214) ParOldGen: 36201K(44032K)->39326K(44032K)
[2026-06-17T09:56:57.919+0800][5.435s][info][gc,metaspace   ] GC(214) Metaspace: 148K(384K)->148K(384K) NonClass: 143K(256K)->143K(256K) Class: 4K(128K)->4K(128K)
[2026-06-17T09:56:57.921+0800][5.437s][info][gc             ] GC(214) Pause Young (Allocation Failure) 47M->40M(57M) 13.029ms
[2026-06-17T09:56:57.921+0800][5.437s][info][gc,cpu         ] GC(214) User=0.00s Sys=0.00s Real=0.01s
[2026-06-17T09:56:57.943+0800][5.459s][info][gc,start       ] GC(215) Pause Young (Allocation Failure)
[2026-06-17T09:56:57.943+0800][5.459s][info][gc,heap        ] GC(215) PSYoungGen: 10139K(14848K)->1461K(15360K) Eden: 8145K(8192K)->0K(8704K) From: 1994K(6656K)->1461K(6656K)
[2026-06-17T09:56:57.944+0800][5.460s][info][gc,heap        ] GC(215) ParOldGen: 39326K(44032K)->41213K(44032K)
[2026-06-17T09:56:57.944+0800][5.460s][info][gc,metaspace   ] GC(215) Metaspace: 148K(384K)->148K(384K) NonClass: 143K(256K)->143K(256K) Class: 4K(128K)->4K(128K)
[2026-06-17T09:56:57.944+0800][5.460s][info][gc             ] GC(215) Pause Young (Allocation Failure) 48M->41M(58M) 1.096ms
[2026-06-17T09:56:57.944+0800][5.460s][info][gc,cpu         ] GC(215) User=0.00s Sys=0.00s Real=0.00s
[2026-06-17T09:56:57.965+0800][5.481s][info][gc,start       ] GC(216) Pause Full (Ergonomics)
[2026-06-17T09:56:57.965+0800][5.481s][info][gc,phases,start] GC(216) Marking Phase
[2026-06-17T09:56:57.966+0800][5.482s][info][gc,phases      ] GC(216) Marking Phase 0.807ms
[2026-06-17T09:56:57.966+0800][5.482s][info][gc,phases,start] GC(216) Summary Phase
[2026-06-17T09:56:57.967+0800][5.483s][info][gc,phases      ] GC(216) Summary Phase 0.197ms
[2026-06-17T09:56:57.967+0800][5.483s][info][gc,phases,start] GC(216) Adjust Roots
[2026-06-17T09:56:57.967+0800][5.483s][info][gc,phases      ] GC(216) Adjust Roots 0.233ms
[2026-06-17T09:56:57.967+0800][5.483s][info][gc,phases,start] GC(216) Compaction Phase
[2026-06-17T09:56:57.969+0800][5.485s][info][gc,phases      ] GC(216) Compaction Phase 1.529ms
[2026-06-17T09:56:57.969+0800][5.485s][info][gc,phases,start] GC(216) Post Compact
[2026-06-17T09:56:57.969+0800][5.485s][info][gc,phases      ] GC(216) Post Compact 0.240ms
[2026-06-17T09:56:57.969+0800][5.485s][info][gc,heap        ] GC(216) PSYoungGen: 10147K(15360K)->0K(14848K) Eden: 8685K(8704K)->0K(8704K) From: 1461K(6656K)->0K(6144K)
[2026-06-17T09:56:57.969+0800][5.485s][info][gc,heap        ] GC(216) ParOldGen: 41213K(44032K)->31153K(44032K)
[2026-06-17T09:56:57.970+0800][5.486s][info][gc,metaspace   ] GC(216) Metaspace: 148K(384K)->148K(384K) NonClass: 143K(256K)->143K(256K) Class: 4K(128K)->4K(128K)
[2026-06-17T09:56:57.970+0800][5.486s][info][gc             ] GC(216) Pause Full (Ergonomics) 50M->30M(57M) 4.609ms
[2026-06-17T09:56:57.970+0800][5.486s][info][gc,cpu         ] GC(216) User=0.00s Sys=0.00s Real=0.00s
[2026-06-17T09:56:57.991+0800][5.507s][info][gc,start       ] GC(217) Pause Young (Allocation Failure)
[2026-06-17T09:56:57.992+0800][5.508s][info][gc,heap        ] GC(217) PSYoungGen: 8676K(14848K)->5203K(14336K) Eden: 8676K(8704K)->0K(8192K) From: 0K(6144K)->5203K(6144K)
[2026-06-17T09:56:57.992+0800][5.508s][info][gc,heap        ] GC(217) ParOldGen: 31153K(44032K)->31153K(44032K)
[2026-06-17T09:56:57.992+0800][5.508s][info][gc,metaspace   ] GC(217) Metaspace: 148K(384K)->148K(384K) NonClass: 143K(256K)->143K(256K) Class: 4K(128K)->4K(128K)
[2026-06-17T09:56:57.992+0800][5.508s][info][gc             ] GC(217) Pause Young (Allocation Failure) 38M->35M(57M) 1.258ms
[2026-06-17T09:56:57.992+0800][5.508s][info][gc,cpu         ] GC(217) User=0.00s Sys=0.00s Real=0.00s
[2026-06-17T09:56:58.013+0800][5.529s][info][gc,start       ] GC(218) Pause Young (Allocation Failure)
[2026-06-17T09:56:58.015+0800][5.531s][info][gc,heap        ] GC(218) PSYoungGen: 13390K(14336K)->2289K(14848K) Eden: 8187K(8192K)->0K(8192K) From: 5203K(6144K)->2289K(6656K)
[2026-06-17T09:56:58.015+0800][5.531s][info][gc,heap        ] GC(218) ParOldGen: 31153K(44032K)->35597K(44032K)
[2026-06-17T09:56:58.015+0800][5.531s][info][gc,metaspace   ] GC(218) Metaspace: 148K(384K)->148K(384K) NonClass: 143K(256K)->143K(256K) Class: 4K(128K)->4K(128K)
[2026-06-17T09:56:58.015+0800][5.531s][info][gc             ] GC(218) Pause Young (Allocation Failure) 43M->36M(57M) 1.589ms
[2026-06-17T09:56:58.015+0800][5.531s][info][gc,cpu         ] GC(218) User=0.01s Sys=0.00s Real=0.00s
[2026-06-17T09:56:58.036+0800][5.552s][info][gc,start       ] GC(219) Pause Young (Allocation Failure)
[2026-06-17T09:56:58.037+0800][5.553s][info][gc,heap        ] GC(219) PSYoungGen: 10438K(14848K)->2893K(14848K) Eden: 8149K(8192K)->0K(8192K) From: 2289K(6656K)->2893K(6656K)
[2026-06-17T09:56:58.037+0800][5.553s][info][gc,heap        ] GC(219) ParOldGen: 35597K(44032K)->35597K(44032K)
[2026-06-17T09:56:58.037+0800][5.554s][info][gc,metaspace   ] GC(219) Metaspace: 148K(384K)->148K(384K) NonClass: 143K(256K)->143K(256K) Class: 4K(128K)->4K(128K)
[2026-06-17T09:56:58.038+0800][5.554s][info][gc             ] GC(219) Pause Young (Allocation Failure) 44M->37M(57M) 1.429ms
[2026-06-17T09:56:58.038+0800][5.554s][info][gc,cpu         ] GC(219) User=0.00s Sys=0.00s Real=0.00s
[2026-06-17T09:56:58.059+0800][5.575s][info][gc,start       ] GC(220) Pause Young (Allocation Failure)
[2026-06-17T09:56:58.065+0800][5.581s][info][gc,heap        ] GC(220) PSYoungGen: 11038K(14848K)->2585K(14848K) Eden: 8144K(8192K)->0K(8192K) From: 2893K(6656K)->2585K(6656K)
[2026-06-17T09:56:58.111+0800][5.627s][info][gc,heap        ] GC(220) ParOldGen: 35597K(44032K)->37233K(44032K)
[2026-06-17T09:56:58.112+0800][5.628s][info][gc,metaspace   ] GC(220) Metaspace: 148K(384K)->148K(384K) NonClass: 143K(256K)->143K(256K) Class: 4K(128K)->4K(128K)
[2026-06-17T09:56:58.112+0800][5.628s][info][gc             ] GC(220) Pause Young (Allocation Failure) 45M->38M(57M) 53.080ms
[2026-06-17T09:56:58.113+0800][5.629s][info][gc,cpu         ] GC(220) User=0.00s Sys=0.00s Real=0.06s
[2026-06-17T09:56:58.137+0800][5.653s][info][gc,start       ] GC(221) Pause Young (Allocation Failure)
[2026-06-17T09:56:58.140+0800][5.656s][info][gc,heap        ] GC(221) PSYoungGen: 10756K(14848K)->1707K(15360K) Eden: 8171K(8192K)->0K(9216K) From: 2585K(6656K)->1707K(6144K)
[2026-06-17T09:56:58.140+0800][5.656s][info][gc,heap        ] GC(221) ParOldGen: 37233K(44032K)->39227K(44032K)
[2026-06-17T09:56:58.142+0800][5.658s][info][gc,metaspace   ] GC(221) Metaspace: 148K(384K)->148K(384K) NonClass: 143K(256K)->143K(256K) Class: 4K(128K)->4K(128K)
[2026-06-17T09:56:58.144+0800][5.660s][info][gc             ] GC(221) Pause Young (Allocation Failure) 46M->39M(58M) 7.398ms
[2026-06-17T09:56:58.145+0800][5.661s][info][gc,cpu         ] GC(221) User=0.00s Sys=0.00s Real=0.01s
[2026-06-17T09:56:58.167+0800][5.683s][info][gc,start       ] GC(222) Pause Young (Allocation Failure)
[2026-06-17T09:56:58.168+0800][5.684s][info][gc,heap        ] GC(222) PSYoungGen: 10923K(15360K)->2897K(15360K) Eden: 9216K(9216K)->0K(9216K) From: 1707K(6144K)->2897K(6144K)
[2026-06-17T09:56:58.169+0800][5.685s][info][gc,heap        ] GC(222) ParOldGen: 39227K(44032K)->40555K(44032K)
[2026-06-17T09:56:58.170+0800][5.686s][info][gc,metaspace   ] GC(222) Metaspace: 148K(384K)->148K(384K) NonClass: 143K(256K)->143K(256K) Class: 4K(128K)->4K(128K)
[2026-06-17T09:56:58.170+0800][5.686s][info][gc             ] GC(222) Pause Young (Allocation Failure) 48M->42M(58M) 3.479ms
[2026-06-17T09:56:58.170+0800][5.686s][info][gc,cpu         ] GC(222) User=0.00s Sys=0.00s Real=0.00s
[2026-06-17T09:56:58.192+0800][5.708s][info][gc,start       ] GC(223) Pause Full (Ergonomics)
[2026-06-17T09:56:58.193+0800][5.709s][info][gc,phases,start] GC(223) Marking Phase
[2026-06-17T09:56:58.195+0800][5.711s][info][gc,phases      ] GC(223) Marking Phase 1.836ms
[2026-06-17T09:56:58.197+0800][5.713s][info][gc,phases,start] GC(223) Summary Phase
[2026-06-17T09:56:58.199+0800][5.715s][info][gc,phases      ] GC(223) Summary Phase 1.967ms
[2026-06-17T09:56:58.201+0800][5.717s][info][gc,phases,start] GC(223) Adjust Roots
[2026-06-17T09:56:58.203+0800][5.719s][info][gc,phases      ] GC(223) Adjust Roots 1.831ms
[2026-06-17T09:56:58.203+0800][5.719s][info][gc,phases,start] GC(223) Compaction Phase
[2026-06-17T09:56:58.211+0800][5.727s][info][gc,phases      ] GC(223) Compaction Phase 7.573ms
[2026-06-17T09:56:58.214+0800][5.730s][info][gc,phases,start] GC(223) Post Compact
[2026-06-17T09:56:58.225+0800][5.741s][info][gc,phases      ] GC(223) Post Compact 11.135ms
[2026-06-17T09:56:58.226+0800][5.742s][info][gc,heap        ] GC(223) PSYoungGen: 12066K(15360K)->0K(15872K) Eden: 9168K(9216K)->0K(10240K) From: 2897K(6144K)->0K(5632K)
[2026-06-17T09:56:58.228+0800][5.744s][info][gc,heap        ] GC(223) ParOldGen: 40555K(44032K)->25349K(44032K)
[2026-06-17T09:56:58.229+0800][5.745s][info][gc,metaspace   ] GC(223) Metaspace: 148K(384K)->148K(384K) NonClass: 143K(256K)->143K(256K) Class: 4K(128K)->4K(128K)
[2026-06-17T09:56:58.234+0800][5.750s][info][gc             ] GC(223) Pause Full (Ergonomics) 51M->24M(58M) 42.396ms
[2026-06-17T09:56:58.245+0800][5.761s][info][gc,cpu         ] GC(223) User=0.01s Sys=0.00s Real=0.05s
[2026-06-17T09:56:58.267+0800][5.783s][info][gc,start       ] GC(224) Pause Young (Allocation Failure)
[2026-06-17T09:56:58.268+0800][5.784s][info][gc,heap        ] GC(224) PSYoungGen: 10194K(15872K)->3284K(15872K) Eden: 10194K(10240K)->0K(10240K) From: 0K(5632K)->3284K(5632K)
[2026-06-17T09:56:58.271+0800][5.787s][info][gc,heap        ] GC(224) ParOldGen: 25349K(44032K)->25349K(44032K)
[2026-06-17T09:56:58.273+0800][5.789s][info][gc,metaspace   ] GC(224) Metaspace: 148K(384K)->148K(384K) NonClass: 143K(256K)->143K(256K) Class: 4K(128K)->4K(128K)
[2026-06-17T09:56:58.275+0800][5.791s][info][gc             ] GC(224) Pause Young (Allocation Failure) 34M->27M(58M) 7.384ms
[2026-06-17T09:56:58.279+0800][5.795s][info][gc,cpu         ] GC(224) User=0.00s Sys=0.00s Real=0.01s
[2026-06-17T09:56:58.311+0800][5.827s][info][gc,start       ] GC(225) Pause Young (Allocation Failure)
[2026-06-17T09:56:58.312+0800][5.828s][info][gc,heap        ] GC(225) PSYoungGen: 13512K(15872K)->5592K(13824K) Eden: 10227K(10240K)->0K(8192K) From: 3284K(5632K)->5592K(5632K)
[2026-06-17T09:56:58.313+0800][5.829s][info][gc,heap        ] GC(225) ParOldGen: 25349K(44032K)->26014K(44032K)
[2026-06-17T09:56:58.315+0800][5.831s][info][gc,metaspace   ] GC(225) Metaspace: 148K(384K)->148K(384K) NonClass: 143K(256K)->143K(256K) Class: 4K(128K)->4K(128K)
[2026-06-17T09:56:58.315+0800][5.831s][info][gc             ] GC(225) Pause Young (Allocation Failure) 37M->30M(56M) 4.145ms
[2026-06-17T09:56:58.315+0800][5.831s][info][gc,cpu         ] GC(225) User=0.00s Sys=0.00s Real=0.00s
[2026-06-17T09:56:58.336+0800][5.852s][info][gc,start       ] GC(226) Pause Young (Allocation Failure)
[2026-06-17T09:56:58.337+0800][5.853s][info][gc,heap        ] GC(226) PSYoungGen: 13784K(13824K)->6589K(14848K) Eden: 8192K(8192K)->0K(8192K) From: 5592K(5632K)->6589K(6656K)
[2026-06-17T09:56:58.337+0800][5.853s][info][gc,heap        ] GC(226) ParOldGen: 26014K(44032K)->26250K(44032K)
[2026-06-17T09:56:58.338+0800][5.854s][info][gc,metaspace   ] GC(226) Metaspace: 148K(384K)->148K(384K) NonClass: 143K(256K)->143K(256K) Class: 4K(128K)->4K(128K)
[2026-06-17T09:56:58.338+0800][5.854s][info][gc             ] GC(226) Pause Young (Allocation Failure) 38M->32M(57M) 1.447ms
[2026-06-17T09:56:58.338+0800][5.854s][info][gc,cpu         ] GC(226) User=0.00s Sys=0.00s Real=0.00s
[2026-06-17T09:56:58.359+0800][5.875s][info][gc,start       ] GC(227) Pause Young (Allocation Failure)
[2026-06-17T09:56:58.361+0800][5.877s][info][gc,heap        ] GC(227) PSYoungGen: 14760K(14848K)->6511K(13824K) Eden: 8171K(8192K)->0K(7168K) From: 6589K(6656K)->6511K(6656K)
[2026-06-17T09:56:58.363+0800][5.879s][info][gc,heap        ] GC(227) ParOldGen: 26250K(44032K)->27263K(44032K)
[2026-06-17T09:56:58.363+0800][5.879s][info][gc,metaspace   ] GC(227) Metaspace: 148K(384K)->148K(384K) NonClass: 143K(256K)->143K(256K) Class: 4K(128K)->4K(128K)
[2026-06-17T09:56:58.363+0800][5.879s][info][gc             ] GC(227) Pause Young (Allocation Failure) 40M->32M(56M) 4.239ms
[2026-06-17T09:56:58.364+0800][5.880s][info][gc,cpu         ] GC(227) User=0.00s Sys=0.00s Real=0.01s
[2026-06-17T09:56:58.385+0800][5.901s][info][gc,start       ] GC(228) Pause Young (Allocation Failure)
[2026-06-17T09:56:58.386+0800][5.902s][info][gc,heap        ] GC(228) PSYoungGen: 13651K(13824K)->3915K(14336K) Eden: 7140K(7168K)->0K(7168K) From: 6511K(6656K)->3915K(7168K)
[2026-06-17T09:56:58.386+0800][5.902s][info][gc,heap        ] GC(228) ParOldGen: 27263K(44032K)->30134K(44032K)
[2026-06-17T09:56:58.386+0800][5.902s][info][gc,metaspace   ] GC(228) Metaspace: 148K(384K)->148K(384K) NonClass: 143K(256K)->143K(256K) Class: 4K(128K)->4K(128K)
[2026-06-17T09:56:58.386+0800][5.902s][info][gc             ] GC(228) Pause Young (Allocation Failure) 39M->33M(57M) 1.491ms
[2026-06-17T09:56:58.386+0800][5.902s][info][gc,cpu         ] GC(228) User=0.00s Sys=0.00s Real=0.00s
[2026-06-17T09:56:58.397+0800][5.913s][info][gc,start       ] GC(229) Pause Young (Allocation Failure)
[2026-06-17T09:56:58.398+0800][5.914s][info][gc,heap        ] GC(229) PSYoungGen: 11082K(14336K)->5351K(14336K) Eden: 7166K(7168K)->0K(7168K) From: 3915K(7168K)->5351K(7168K)
[2026-06-17T09:56:58.398+0800][5.914s][info][gc,heap        ] GC(229) ParOldGen: 30134K(44032K)->32568K(44032K)
[2026-06-17T09:56:58.398+0800][5.914s][info][gc,metaspace   ] GC(229) Metaspace: 148K(384K)->148K(384K) NonClass: 143K(256K)->143K(256K) Class: 4K(128K)->4K(128K)
[2026-06-17T09:56:58.398+0800][5.914s][info][gc             ] GC(229) Pause Young (Allocation Failure) 40M->37M(57M) 1.390ms
[2026-06-17T09:56:58.398+0800][5.914s][info][gc,cpu         ] GC(229) User=0.00s Sys=0.00s Real=0.00s
[2026-06-17T09:56:58.419+0800][5.935s][info][gc,start       ] GC(230) Pause Young (Allocation Failure)
[2026-06-17T09:56:58.420+0800][5.936s][info][gc,heap        ] GC(230) PSYoungGen: 12514K(14336K)->3272K(14336K) Eden: 7163K(7168K)->0K(7168K) From: 5351K(7168K)->3272K(7168K)
[2026-06-17T09:56:58.421+0800][5.937s][info][gc,heap        ] GC(230) ParOldGen: 32568K(44032K)->34491K(44032K)
[2026-06-17T09:56:58.421+0800][5.937s][info][gc,metaspace   ] GC(230) Metaspace: 148K(384K)->148K(384K) NonClass: 143K(256K)->143K(256K) Class: 4K(128K)->4K(128K)
[2026-06-17T09:56:58.421+0800][5.937s][info][gc             ] GC(230) Pause Young (Allocation Failure) 44M->36M(57M) 1.652ms
[2026-06-17T09:56:58.421+0800][5.937s][info][gc,cpu         ] GC(230) User=0.00s Sys=0.00s Real=0.00s
[2026-06-17T09:56:58.442+0800][5.958s][info][gc,start       ] GC(231) Pause Young (Allocation Failure)
[2026-06-17T09:56:58.443+0800][5.959s][info][gc,heap        ] GC(231) PSYoungGen: 10424K(14336K)->2580K(14336K) Eden: 7151K(7168K)->0K(7168K) From: 3272K(7168K)->2580K(7168K)
[2026-06-17T09:56:58.443+0800][5.959s][info][gc,heap        ] GC(231) ParOldGen: 34491K(44032K)->35520K(44032K)
[2026-06-17T09:56:58.443+0800][5.959s][info][gc,metaspace   ] GC(231) Metaspace: 148K(384K)->148K(384K) NonClass: 143K(256K)->143K(256K) Class: 4K(128K)->4K(128K)
[2026-06-17T09:56:58.443+0800][5.960s][info][gc             ] GC(231) Pause Young (Allocation Failure) 43M->37M(57M) 1.309ms
[2026-06-17T09:56:58.444+0800][5.960s][info][gc,cpu         ] GC(231) User=0.00s Sys=0.00s Real=0.01s
[2026-06-17T09:56:58.454+0800][5.971s][info][gc,start       ] GC(232) Pause Young (Allocation Failure)
[2026-06-17T09:56:58.456+0800][5.972s][info][gc,heap        ] GC(232) PSYoungGen: 9677K(14336K)->991K(14336K) Eden: 7097K(7168K)->0K(7168K) From: 2580K(7168K)->991K(7168K)
[2026-06-17T09:56:58.458+0800][5.974s][info][gc,heap        ] GC(232) ParOldGen: 35520K(44032K)->37634K(44032K)
[2026-06-17T09:56:58.458+0800][5.974s][info][gc,metaspace   ] GC(232) Metaspace: 148K(384K)->148K(384K) NonClass: 143K(256K)->143K(256K) Class: 4K(128K)->4K(128K)
[2026-06-17T09:56:58.458+0800][5.974s][info][gc             ] GC(232) Pause Young (Allocation Failure) 44M->37M(57M) 3.787ms
[2026-06-17T09:56:58.460+0800][5.976s][info][gc,cpu         ] GC(232) User=0.00s Sys=0.00s Real=0.00s
[2026-06-17T09:56:58.482+0800][5.998s][info][gc,start       ] GC(233) Pause Young (Allocation Failure)
[2026-06-17T09:56:58.483+0800][5.999s][info][gc,heap        ] GC(233) PSYoungGen: 8128K(14336K)->3575K(14336K) Eden: 7137K(7168K)->0K(7168K) From: 991K(7168K)->3575K(7168K)
[2026-06-17T09:56:58.483+0800][5.999s][info][gc,heap        ] GC(233) ParOldGen: 37634K(44032K)->38601K(44032K)
[2026-06-17T09:56:58.483+0800][5.999s][info][gc,metaspace   ] GC(233) Metaspace: 148K(384K)->148K(384K) NonClass: 143K(256K)->143K(256K) Class: 4K(128K)->4K(128K)
[2026-06-17T09:56:58.483+0800][5.999s][info][gc             ] GC(233) Pause Young (Allocation Failure) 44M->41M(57M) 1.278ms
[2026-06-17T09:56:58.483+0800][5.999s][info][gc,cpu         ] GC(233) User=0.00s Sys=0.00s Real=0.01s
[2026-06-17T09:56:58.504+0800][6.020s][info][gc,start       ] GC(234) Pause Young (Allocation Failure)
[2026-06-17T09:56:58.505+0800][6.021s][info][gc,heap        ] GC(234) PSYoungGen: 10719K(14336K)->3629K(14336K) Eden: 7144K(7168K)->0K(7168K) From: 3575K(7168K)->3629K(7168K)
[2026-06-17T09:56:58.505+0800][6.021s][info][gc,heap        ] GC(234) ParOldGen: 38601K(44032K)->38601K(44032K)
[2026-06-17T09:56:58.506+0800][6.022s][info][gc,metaspace   ] GC(234) Metaspace: 148K(384K)->148K(384K) NonClass: 143K(256K)->143K(256K) Class: 4K(128K)->4K(128K)
[2026-06-17T09:56:58.506+0800][6.022s][info][gc             ] GC(234) Pause Young (Allocation Failure) 48M->41M(57M) 1.432ms
[2026-06-17T09:56:58.506+0800][6.022s][info][gc,cpu         ] GC(234) User=0.00s Sys=0.00s Real=0.00s
[2026-06-17T09:56:58.527+0800][6.043s][info][gc,start       ] GC(235) Pause Young (Allocation Failure)
[2026-06-17T09:56:58.528+0800][6.044s][info][gc,heap        ] GC(235) PSYoungGen: 10777K(14336K)->3885K(14848K) Eden: 7147K(7168K)->0K(7680K) From: 3629K(7168K)->3885K(7168K)
[2026-06-17T09:56:58.531+0800][6.047s][info][gc,heap        ] GC(235) ParOldGen: 38601K(44032K)->38601K(44032K)
[2026-06-17T09:56:58.531+0800][6.047s][info][gc,metaspace   ] GC(235) Metaspace: 148K(384K)->148K(384K) NonClass: 143K(256K)->143K(256K) Class: 4K(128K)->4K(128K)
[2026-06-17T09:56:58.532+0800][6.048s][info][gc             ] GC(235) Pause Young (Allocation Failure) 48M->41M(57M) 4.637ms
[2026-06-17T09:56:58.535+0800][6.051s][info][gc,cpu         ] GC(235) User=0.00s Sys=0.00s Real=0.01s
[2026-06-17T09:56:58.562+0800][6.078s][info][gc,start       ] GC(236) Pause Young (Allocation Failure)
[2026-06-17T09:56:58.563+0800][6.079s][info][gc,heap        ] GC(236) PSYoungGen: 11537K(14848K)->4656K(14336K) Eden: 7652K(7680K)->0K(7680K) From: 3885K(7168K)->4656K(6656K)
[2026-06-17T09:56:58.564+0800][6.080s][info][gc,heap        ] GC(236) ParOldGen: 38601K(44032K)->38601K(44032K)
[2026-06-17T09:56:58.564+0800][6.080s][info][gc,metaspace   ] GC(236) Metaspace: 148K(384K)->148K(384K) NonClass: 143K(256K)->143K(256K) Class: 4K(128K)->4K(128K)
[2026-06-17T09:56:58.564+0800][6.080s][info][gc             ] GC(236) Pause Young (Allocation Failure) 48M->42M(57M) 1.390ms
[2026-06-17T09:56:58.564+0800][6.080s][info][gc,cpu         ] GC(236) User=0.00s Sys=0.00s Real=0.00s
[2026-06-17T09:56:58.575+0800][6.091s][info][gc,start       ] GC(237) Pause Young (Allocation Failure)
[2026-06-17T09:56:58.576+0800][6.092s][info][gc,heap        ] GC(237) PSYoungGen: 12201K(14336K)->5198K(14336K) Eden: 7544K(7680K)->0K(7168K) From: 4656K(6656K)->5198K(7168K)
[2026-06-17T09:56:58.576+0800][6.092s][info][gc,heap        ] GC(237) ParOldGen: 38601K(44032K)->38601K(44032K)
[2026-06-17T09:56:58.577+0800][6.093s][info][gc,metaspace   ] GC(237) Metaspace: 148K(384K)->148K(384K) NonClass: 143K(256K)->143K(256K) Class: 4K(128K)->4K(128K)
[2026-06-17T09:56:58.577+0800][6.093s][info][gc             ] GC(237) Pause Young (Allocation Failure) 49M->42M(57M) 1.833ms
[2026-06-17T09:56:58.577+0800][6.093s][info][gc,cpu         ] GC(237) User=0.00s Sys=0.00s Real=0.00s
[2026-06-17T09:56:58.598+0800][6.114s][info][gc,start       ] GC(238) Pause Young (Allocation Failure)
[2026-06-17T09:56:58.599+0800][6.115s][info][gc,heap        ] GC(238) PSYoungGen: 12339K(14336K)->7155K(14336K) Eden: 7141K(7168K)->0K(7168K) From: 5198K(7168K)->7155K(7168K)
[2026-06-17T09:56:58.600+0800][6.116s][info][gc,heap        ] GC(238) ParOldGen: 38601K(44032K)->40366K(44032K)
[2026-06-17T09:56:58.601+0800][6.117s][info][gc,metaspace   ] GC(238) Metaspace: 148K(384K)->148K(384K) NonClass: 143K(256K)->143K(256K) Class: 4K(128K)->4K(128K)
[2026-06-17T09:56:58.602+0800][6.118s][info][gc             ] GC(238) Pause Young (Allocation Failure) 49M->46M(57M) 4.096ms
[2026-06-17T09:56:58.603+0800][6.119s][info][gc,cpu         ] GC(238) User=0.00s Sys=0.00s Real=0.01s
[2026-06-17T09:56:58.614+0800][6.130s][info][gc,start       ] GC(239) Pause Young (Allocation Failure)
[2026-06-17T09:56:58.615+0800][6.131s][info][gc,heap        ] GC(239) PSYoungGen: 13362K(14336K)->4783K(14336K) Eden: 6207K(7168K)->0K(7168K) From: 7155K(7168K)->4783K(7168K)
[2026-06-17T09:56:58.615+0800][6.131s][info][gc,heap        ] GC(239) ParOldGen: 40366K(44032K)->41976K(44032K)
[2026-06-17T09:56:58.615+0800][6.131s][info][gc,metaspace   ] GC(239) Metaspace: 148K(384K)->148K(384K) NonClass: 143K(256K)->143K(256K) Class: 4K(128K)->4K(128K)
[2026-06-17T09:56:58.615+0800][6.131s][info][gc             ] GC(239) Pause Young (Allocation Failure) 52M->45M(57M) 1.377ms
[2026-06-17T09:56:58.615+0800][6.131s][info][gc,cpu         ] GC(239) User=0.00s Sys=0.00s Real=0.00s
[2026-06-17T09:56:58.636+0800][6.152s][info][gc,start       ] GC(240) Pause Full (Ergonomics)
[2026-06-17T09:56:58.637+0800][6.153s][info][gc,phases,start] GC(240) Marking Phase
[2026-06-17T09:56:58.638+0800][6.154s][info][gc,phases      ] GC(240) Marking Phase 1.079ms
[2026-06-17T09:56:58.638+0800][6.154s][info][gc,phases,start] GC(240) Summary Phase
[2026-06-17T09:56:58.638+0800][6.154s][info][gc,phases      ] GC(240) Summary Phase 0.198ms
[2026-06-17T09:56:58.638+0800][6.154s][info][gc,phases,start] GC(240) Adjust Roots
[2026-06-17T09:56:58.639+0800][6.155s][info][gc,phases      ] GC(240) Adjust Roots 0.313ms
[2026-06-17T09:56:58.639+0800][6.155s][info][gc,phases,start] GC(240) Compaction Phase
[2026-06-17T09:56:58.641+0800][6.157s][info][gc,phases      ] GC(240) Compaction Phase 1.875ms
[2026-06-17T09:56:58.641+0800][6.157s][info][gc,phases,start] GC(240) Post Compact
[2026-06-17T09:56:58.641+0800][6.157s][info][gc,phases      ] GC(240) Post Compact 0.211ms
[2026-06-17T09:56:58.641+0800][6.157s][info][gc,heap        ] GC(240) PSYoungGen: 11930K(14336K)->0K(14336K) Eden: 7146K(7168K)->0K(7168K) From: 4783K(7168K)->0K(7168K)
[2026-06-17T09:56:58.641+0800][6.157s][info][gc,heap        ] GC(240) ParOldGen: 41976K(44032K)->28892K(44032K)
[2026-06-17T09:56:58.642+0800][6.158s][info][gc,metaspace   ] GC(240) Metaspace: 148K(384K)->148K(384K) NonClass: 143K(256K)->143K(256K) Class: 4K(128K)->4K(128K)
[2026-06-17T09:56:58.642+0800][6.158s][info][gc             ] GC(240) Pause Full (Ergonomics) 52M->28M(57M) 5.362ms
[2026-06-17T09:56:58.642+0800][6.158s][info][gc,cpu         ] GC(240) User=0.01s Sys=0.00s Real=0.00s
[2026-06-17T09:56:58.663+0800][6.179s][info][gc,start       ] GC(241) Pause Young (Allocation Failure)
[2026-06-17T09:56:58.664+0800][6.180s][info][gc,heap        ] GC(241) PSYoungGen: 7160K(14336K)->3649K(14336K) Eden: 7160K(7168K)->0K(7168K) From: 0K(7168K)->3649K(7168K)
[2026-06-17T09:56:58.664+0800][6.180s][info][gc,heap        ] GC(241) ParOldGen: 28892K(44032K)->28892K(44032K)
[2026-06-17T09:56:58.665+0800][6.181s][info][gc,metaspace   ] GC(241) Metaspace: 148K(384K)->148K(384K) NonClass: 143K(256K)->143K(256K) Class: 4K(128K)->4K(128K)
[2026-06-17T09:56:58.665+0800][6.181s][info][gc             ] GC(241) Pause Young (Allocation Failure) 35M->31M(57M) 1.870ms
[2026-06-17T09:56:58.665+0800][6.181s][info][gc,cpu         ] GC(241) User=0.00s Sys=0.00s Real=0.00s
[2026-06-17T09:56:58.686+0800][6.202s][info][gc,start       ] GC(242) Pause Young (Allocation Failure)
[2026-06-17T09:56:58.688+0800][6.204s][info][gc,heap        ] GC(242) PSYoungGen: 10817K(14336K)->3970K(14336K) Eden: 7168K(7168K)->0K(7168K) From: 3649K(7168K)->3970K(7168K)
[2026-06-17T09:56:58.688+0800][6.204s][info][gc,heap        ] GC(242) ParOldGen: 28892K(44032K)->28892K(44032K)
[2026-06-17T09:56:58.689+0800][6.205s][info][gc,metaspace   ] GC(242) Metaspace: 148K(384K)->148K(384K) NonClass: 143K(256K)->143K(256K) Class: 4K(128K)->4K(128K)
[2026-06-17T09:56:58.689+0800][6.205s][info][gc             ] GC(242) Pause Young (Allocation Failure) 38M->32M(57M) 2.803ms
[2026-06-17T09:56:58.689+0800][6.205s][info][gc,cpu         ] GC(242) User=0.00s Sys=0.00s Real=0.00s
[2026-06-17T09:56:58.701+0800][6.217s][info][gc,start       ] GC(243) Pause Young (Allocation Failure)
[2026-06-17T09:56:58.702+0800][6.218s][info][gc,heap        ] GC(243) PSYoungGen: 11096K(14336K)->7080K(14336K) Eden: 7125K(7168K)->0K(7168K) From: 3970K(7168K)->7080K(7168K)
[2026-06-17T09:56:58.702+0800][6.218s][info][gc,heap        ] GC(243) ParOldGen: 28892K(44032K)->29463K(44032K)
[2026-06-17T09:56:58.703+0800][6.219s][info][gc,metaspace   ] GC(243) Metaspace: 148K(384K)->148K(384K) NonClass: 143K(256K)->143K(256K) Class: 4K(128K)->4K(128K)
[2026-06-17T09:56:58.703+0800][6.219s][info][gc             ] GC(243) Pause Young (Allocation Failure) 39M->35M(57M) 2.006ms
[2026-06-17T09:56:58.703+0800][6.219s][info][gc,cpu         ] GC(243) User=0.00s Sys=0.00s Real=0.01s
[2026-06-17T09:56:58.725+0800][6.241s][info][gc,start       ] GC(244) Pause Young (Allocation Failure)
[2026-06-17T09:56:58.726+0800][6.242s][info][gc,heap        ] GC(244) PSYoungGen: 14237K(14336K)->5414K(14336K) Eden: 7156K(7168K)->0K(7168K) From: 7080K(7168K)->5414K(7168K)
[2026-06-17T09:56:58.726+0800][6.242s][info][gc,heap        ] GC(244) ParOldGen: 29463K(44032K)->31262K(44032K)
[2026-06-17T09:56:58.726+0800][6.242s][info][gc,metaspace   ] GC(244) Metaspace: 148K(384K)->148K(384K) NonClass: 143K(256K)->143K(256K) Class: 4K(128K)->4K(128K)
[2026-06-17T09:56:58.726+0800][6.242s][info][gc             ] GC(244) Pause Young (Allocation Failure) 42M->35M(57M) 1.759ms
[2026-06-17T09:56:58.726+0800][6.242s][info][gc,cpu         ] GC(244) User=0.01s Sys=0.00s Real=0.00s
[2026-06-17T09:56:58.748+0800][6.264s][info][gc,start       ] GC(245) Pause Young (Allocation Failure)
[2026-06-17T09:56:58.749+0800][6.265s][info][gc,heap        ] GC(245) PSYoungGen: 12552K(14336K)->3715K(14336K) Eden: 7137K(7168K)->0K(7168K) From: 5414K(7168K)->3715K(7168K)
[2026-06-17T09:56:58.749+0800][6.265s][info][gc,heap        ] GC(245) ParOldGen: 31262K(44032K)->33457K(44032K)
[2026-06-17T09:56:58.749+0800][6.265s][info][gc,metaspace   ] GC(245) Metaspace: 148K(384K)->148K(384K) NonClass: 143K(256K)->143K(256K) Class: 4K(128K)->4K(128K)
[2026-06-17T09:56:58.749+0800][6.265s][info][gc             ] GC(245) Pause Young (Allocation Failure) 42M->36M(57M) 1.681ms
[2026-06-17T09:56:58.749+0800][6.265s][info][gc,cpu         ] GC(245) User=0.00s Sys=0.00s Real=0.00s
[2026-06-17T09:56:58.760+0800][6.276s][info][gc,start       ] GC(246) Pause Young (Allocation Failure)
[2026-06-17T09:56:58.761+0800][6.277s][info][gc,heap        ] GC(246) PSYoungGen: 10765K(14336K)->1367K(14336K) Eden: 7049K(7168K)->0K(7168K) From: 3715K(7168K)->1367K(7168K)
[2026-06-17T09:56:58.762+0800][6.278s][info][gc,heap        ] GC(246) ParOldGen: 33457K(44032K)->35520K(44032K)
[2026-06-17T09:56:58.762+0800][6.278s][info][gc,metaspace   ] GC(246) Metaspace: 148K(384K)->148K(384K) NonClass: 143K(256K)->143K(256K) Class: 4K(128K)->4K(128K)
[2026-06-17T09:56:58.762+0800][6.278s][info][gc             ] GC(246) Pause Young (Allocation Failure) 43M->36M(57M) 1.593ms
[2026-06-17T09:56:58.762+0800][6.278s][info][gc,cpu         ] GC(246) User=0.00s Sys=0.00s Real=0.00s
[2026-06-17T09:56:58.784+0800][6.300s][info][gc,start       ] GC(247) Pause Young (Allocation Failure)
[2026-06-17T09:56:58.788+0800][6.304s][info][gc,heap        ] GC(247) PSYoungGen: 8534K(14336K)->3913K(14336K) Eden: 7167K(7168K)->0K(7168K) From: 1367K(7168K)->3913K(7168K)
[2026-06-17T09:56:58.789+0800][6.305s][info][gc,heap        ] GC(247) ParOldGen: 35520K(44032K)->36863K(44032K)
[2026-06-17T09:56:58.789+0800][6.305s][info][gc,metaspace   ] GC(247) Metaspace: 148K(384K)->148K(384K) NonClass: 143K(256K)->143K(256K) Class: 4K(128K)->4K(128K)
[2026-06-17T09:56:58.790+0800][6.306s][info][gc             ] GC(247) Pause Young (Allocation Failure) 43M->39M(57M) 6.145ms
[2026-06-17T09:56:58.790+0800][6.306s][info][gc,cpu         ] GC(247) User=0.00s Sys=0.00s Real=0.00s
[2026-06-17T09:56:58.812+0800][6.328s][info][gc,start       ] GC(248) Pause Young (Allocation Failure)
[2026-06-17T09:56:58.815+0800][6.331s][info][gc,heap        ] GC(248) PSYoungGen: 11081K(14336K)->3201K(14336K) Eden: 7168K(7168K)->0K(7168K) From: 3913K(7168K)->3201K(7168K)
[2026-06-17T09:56:58.815+0800][6.331s][info][gc,heap        ] GC(248) ParOldGen: 36863K(44032K)->37393K(44032K)
[2026-06-17T09:56:58.816+0800][6.332s][info][gc,metaspace   ] GC(248) Metaspace: 148K(384K)->148K(384K) NonClass: 143K(256K)->143K(256K) Class: 4K(128K)->4K(128K)
[2026-06-17T09:56:58.816+0800][6.332s][info][gc             ] GC(248) Pause Young (Allocation Failure) 46M->39M(57M) 3.774ms
[2026-06-17T09:56:58.816+0800][6.332s][info][gc,cpu         ] GC(248) User=0.00s Sys=0.00s Real=0.00s
[2026-06-17T09:56:58.838+0800][6.354s][info][gc,start       ] GC(249) Pause Young (Allocation Failure)
[2026-06-17T09:56:58.841+0800][6.357s][info][gc,heap        ] GC(249) PSYoungGen: 10369K(14336K)->1524K(14336K) Eden: 7168K(7168K)->0K(7168K) From: 3201K(7168K)->1524K(7168K)
[2026-06-17T09:56:58.842+0800][6.358s][info][gc,heap        ] GC(249) ParOldGen: 37393K(44032K)->39406K(44032K)
[2026-06-17T09:56:58.844+0800][6.360s][info][gc,metaspace   ] GC(249) Metaspace: 148K(384K)->148K(384K) NonClass: 143K(256K)->143K(256K) Class: 4K(128K)->4K(128K)
[2026-06-17T09:56:58.846+0800][6.362s][info][gc             ] GC(249) Pause Young (Allocation Failure) 46M->39M(57M) 7.709ms
[2026-06-17T09:56:58.848+0800][6.364s][info][gc,cpu         ] GC(249) User=0.00s Sys=0.00s Real=0.01s
[2026-06-17T09:56:58.861+0800][6.377s][info][gc,start       ] GC(250) Pause Young (Allocation Failure)
[2026-06-17T09:56:58.863+0800][6.379s][info][gc,heap        ] GC(250) PSYoungGen: 8636K(14336K)->3884K(14336K) Eden: 7112K(7168K)->0K(7168K) From: 1524K(7168K)->3884K(7168K)
[2026-06-17T09:56:58.863+0800][6.379s][info][gc,heap        ] GC(250) ParOldGen: 39406K(44032K)->40796K(44032K)
[2026-06-17T09:56:58.864+0800][6.380s][info][gc,metaspace   ] GC(250) Metaspace: 148K(384K)->148K(384K) NonClass: 143K(256K)->143K(256K) Class: 4K(128K)->4K(128K)
[2026-06-17T09:56:58.864+0800][6.380s][info][gc             ] GC(250) Pause Young (Allocation Failure) 46M->43M(57M) 2.989ms
[2026-06-17T09:56:58.865+0800][6.381s][info][gc,cpu         ] GC(250) User=0.00s Sys=0.00s Real=0.01s
[2026-06-17T09:56:58.886+0800][6.402s][info][gc,start       ] GC(251) Pause Young (Allocation Failure)
[2026-06-17T09:56:58.887+0800][6.403s][info][gc,heap        ] GC(251) PSYoungGen: 11033K(14336K)->2117K(14336K) Eden: 7148K(7168K)->0K(7168K) From: 3884K(7168K)->2117K(7168K)
[2026-06-17T09:56:58.888+0800][6.404s][info][gc,heap        ] GC(251) ParOldGen: 40796K(44032K)->42577K(44032K)
[2026-06-17T09:56:58.888+0800][6.404s][info][gc,metaspace   ] GC(251) Metaspace: 148K(384K)->148K(384K) NonClass: 143K(256K)->143K(256K) Class: 4K(128K)->4K(128K)
[2026-06-17T09:56:58.889+0800][6.405s][info][gc             ] GC(251) Pause Young (Allocation Failure) 50M->43M(57M) 2.546ms
[2026-06-17T09:56:58.889+0800][6.405s][info][gc,cpu         ] GC(251) User=0.00s Sys=0.00s Real=0.00s
[2026-06-17T09:56:58.911+0800][6.427s][info][gc,start       ] GC(252) Pause Full (Ergonomics)
[2026-06-17T09:56:58.911+0800][6.427s][info][gc,phases,start] GC(252) Marking Phase
[2026-06-17T09:56:58.912+0800][6.428s][info][gc,phases      ] GC(252) Marking Phase 0.972ms
[2026-06-17T09:56:58.913+0800][6.429s][info][gc,phases,start] GC(252) Summary Phase
[2026-06-17T09:56:58.913+0800][6.429s][info][gc,phases      ] GC(252) Summary Phase 0.347ms
[2026-06-17T09:56:58.913+0800][6.429s][info][gc,phases,start] GC(252) Adjust Roots
[2026-06-17T09:56:58.914+0800][6.430s][info][gc,phases      ] GC(252) Adjust Roots 0.512ms
[2026-06-17T09:56:58.914+0800][6.430s][info][gc,phases,start] GC(252) Compaction Phase
[2026-06-17T09:56:58.916+0800][6.432s][info][gc,phases      ] GC(252) Compaction Phase 1.884ms
[2026-06-17T09:56:58.917+0800][6.433s][info][gc,phases,start] GC(252) Post Compact
[2026-06-17T09:56:58.918+0800][6.434s][info][gc,phases      ] GC(252) Post Compact 1.432ms
[2026-06-17T09:56:58.919+0800][6.435s][info][gc,heap        ] GC(252) PSYoungGen: 9247K(14336K)->0K(14336K) Eden: 7130K(7168K)->0K(7168K) From: 2117K(7168K)->0K(7168K)
[2026-06-17T09:56:58.920+0800][6.436s][info][gc,heap        ] GC(252) ParOldGen: 42577K(44032K)->23036K(44032K)
[2026-06-17T09:56:58.920+0800][6.436s][info][gc,metaspace   ] GC(252) Metaspace: 148K(384K)->148K(384K) NonClass: 143K(256K)->143K(256K) Class: 4K(128K)->4K(128K)
[2026-06-17T09:56:58.920+0800][6.436s][info][gc             ] GC(252) Pause Full (Ergonomics) 50M->22M(57M) 9.157ms
[2026-06-17T09:56:58.920+0800][6.436s][info][gc,cpu         ] GC(252) User=0.00s Sys=0.00s Real=0.00s
[2026-06-17T09:56:58.931+0800][6.447s][info][gc,start       ] GC(253) Pause Young (Allocation Failure)
[2026-06-17T09:56:58.932+0800][6.448s][info][gc,heap        ] GC(253) PSYoungGen: 7121K(14336K)->3667K(14336K) Eden: 7121K(7168K)->0K(7168K) From: 0K(7168K)->3667K(7168K)
[2026-06-17T09:56:58.932+0800][6.448s][info][gc,heap        ] GC(253) ParOldGen: 23036K(44032K)->23036K(44032K)
[2026-06-17T09:56:58.933+0800][6.449s][info][gc,metaspace   ] GC(253) Metaspace: 148K(384K)->148K(384K) NonClass: 143K(256K)->143K(256K) Class: 4K(128K)->4K(128K)
[2026-06-17T09:56:58.933+0800][6.449s][info][gc             ] GC(253) Pause Young (Allocation Failure) 29M->26M(57M) 1.689ms
[2026-06-17T09:56:58.933+0800][6.449s][info][gc,cpu         ] GC(253) User=0.00s Sys=0.00s Real=0.00s
[2026-06-17T09:56:58.954+0800][6.470s][info][gc,start       ] GC(254) Pause Young (Allocation Failure)
[2026-06-17T09:56:58.956+0800][6.472s][info][gc,heap        ] GC(254) PSYoungGen: 10809K(14336K)->7119K(14336K) Eden: 7142K(7168K)->0K(7168K) From: 3667K(7168K)->7119K(7168K)
[2026-06-17T09:56:58.956+0800][6.472s][info][gc,heap        ] GC(254) ParOldGen: 23036K(44032K)->23036K(44032K)
[2026-06-17T09:56:58.956+0800][6.472s][info][gc,metaspace   ] GC(254) Metaspace: 148K(384K)->148K(384K) NonClass: 143K(256K)->143K(256K) Class: 4K(128K)->4K(128K)
[2026-06-17T09:56:58.956+0800][6.472s][info][gc             ] GC(254) Pause Young (Allocation Failure) 33M->29M(57M) 1.622ms
[2026-06-17T09:56:58.956+0800][6.472s][info][gc,cpu         ] GC(254) User=0.00s Sys=0.00s Real=0.00s
[2026-06-17T09:56:58.977+0800][6.493s][info][gc,start       ] GC(255) Pause Young (Allocation Failure)
[2026-06-17T09:56:58.978+0800][6.494s][info][gc,heap        ] GC(255) PSYoungGen: 14251K(14336K)->3694K(14336K) Eden: 7132K(7168K)->0K(7168K) From: 7119K(7168K)->3694K(7168K)
[2026-06-17T09:56:58.979+0800][6.495s][info][gc,heap        ] GC(255) ParOldGen: 23036K(44032K)->26641K(44032K)
[2026-06-17T09:56:58.979+0800][6.495s][info][gc,metaspace   ] GC(255) Metaspace: 148K(384K)->148K(384K) NonClass: 143K(256K)->143K(256K) Class: 4K(128K)->4K(128K)
[2026-06-17T09:56:58.979+0800][6.495s][info][gc             ] GC(255) Pause Young (Allocation Failure) 36M->29M(57M) 1.909ms
[2026-06-17T09:56:58.979+0800][6.495s][info][gc,cpu         ] GC(255) User=0.00s Sys=0.00s Real=0.00s
[2026-06-17T09:56:59.000+0800][6.516s][info][gc,start       ] GC(256) Pause Young (Allocation Failure)
[2026-06-17T09:56:59.001+0800][6.518s][info][gc,heap        ] GC(256) PSYoungGen: 10853K(14336K)->644K(14336K) Eden: 7159K(7168K)->0K(7168K) From: 3694K(7168K)->644K(7168K)
[2026-06-17T09:56:59.002+0800][6.518s][info][gc,heap        ] GC(256) ParOldGen: 26641K(44032K)->29767K(44032K)
[2026-06-17T09:56:59.002+0800][6.518s][info][gc,metaspace   ] GC(256) Metaspace: 148K(384K)->148K(384K) NonClass: 143K(256K)->143K(256K) Class: 4K(128K)->4K(128K)
[2026-06-17T09:56:59.002+0800][6.518s][info][gc             ] GC(256) Pause Young (Allocation Failure) 36M->29M(57M) 1.786ms
[2026-06-17T09:56:59.002+0800][6.518s][info][gc,cpu         ] GC(256) User=0.00s Sys=0.01s Real=0.01s
[2026-06-17T09:56:59.013+0800][6.529s][info][gc,start       ] GC(257) Pause Young (Allocation Failure)
[2026-06-17T09:56:59.014+0800][6.530s][info][gc,heap        ] GC(257) PSYoungGen: 7765K(14336K)->4257K(14336K) Eden: 7121K(7168K)->0K(7168K) From: 644K(7168K)->4257K(7168K)
[2026-06-17T09:56:59.015+0800][6.531s][info][gc,heap        ] GC(257) ParOldGen: 29767K(44032K)->29767K(44032K)
[2026-06-17T09:56:59.015+0800][6.531s][info][gc,metaspace   ] GC(257) Metaspace: 148K(384K)->148K(384K) NonClass: 143K(256K)->143K(256K) Class: 4K(128K)->4K(128K)
[2026-06-17T09:56:59.015+0800][6.531s][info][gc             ] GC(257) Pause Young (Allocation Failure) 36M->33M(57M) 1.753ms
[2026-06-17T09:56:59.015+0800][6.531s][info][gc,cpu         ] GC(257) User=0.00s Sys=0.00s Real=0.00s
[2026-06-17T09:56:59.037+0800][6.553s][info][gc,start       ] GC(258) Pause Young (Allocation Failure)
[2026-06-17T09:56:59.038+0800][6.554s][info][gc,heap        ] GC(258) PSYoungGen: 11425K(14336K)->2189K(14336K) Eden: 7168K(7168K)->0K(7168K) From: 4257K(7168K)->2189K(7168K)
[2026-06-17T09:56:59.038+0800][6.554s][info][gc,heap        ] GC(258) ParOldGen: 29767K(44032K)->32044K(44032K)
[2026-06-17T09:56:59.039+0800][6.555s][info][gc,metaspace   ] GC(258) Metaspace: 148K(384K)->148K(384K) NonClass: 143K(256K)->143K(256K) Class: 4K(128K)->4K(128K)
[2026-06-17T09:56:59.039+0800][6.555s][info][gc             ] GC(258) Pause Young (Allocation Failure) 40M->33M(57M) 2.637ms
[2026-06-17T09:56:59.040+0800][6.556s][info][gc,cpu         ] GC(258) User=0.00s Sys=0.00s Real=0.00s
[2026-06-17T09:56:59.051+0800][6.567s][info][gc,start       ] GC(259) Pause Young (Allocation Failure)
[2026-06-17T09:56:59.052+0800][6.568s][info][gc,heap        ] GC(259) PSYoungGen: 9028K(14336K)->1885K(14336K) Eden: 6838K(7168K)->0K(7168K) From: 2189K(7168K)->1885K(7168K)
[2026-06-17T09:56:59.052+0800][6.568s][info][gc,heap        ] GC(259) ParOldGen: 32044K(44032K)->32044K(44032K)
[2026-06-17T09:56:59.052+0800][6.568s][info][gc,metaspace   ] GC(259) Metaspace: 148K(384K)->148K(384K) NonClass: 143K(256K)->143K(256K) Class: 4K(128K)->4K(128K)
[2026-06-17T09:56:59.053+0800][6.569s][info][gc             ] GC(259) Pause Young (Allocation Failure) 40M->33M(57M) 1.682ms
[2026-06-17T09:56:59.053+0800][6.569s][info][gc,cpu         ] GC(259) User=0.00s Sys=0.00s Real=0.00s
[2026-06-17T09:56:59.074+0800][6.590s][info][gc,start       ] GC(260) Pause Young (Allocation Failure)
[2026-06-17T09:56:59.076+0800][6.592s][info][gc,heap        ] GC(260) PSYoungGen: 9027K(14336K)->3480K(14336K) Eden: 7142K(7168K)->0K(7168K) From: 1885K(7168K)->3480K(7168K)
[2026-06-17T09:56:59.076+0800][6.592s][info][gc,heap        ] GC(260) ParOldGen: 32044K(44032K)->33905K(44032K)
[2026-06-17T09:56:59.077+0800][6.593s][info][gc,metaspace   ] GC(260) Metaspace: 148K(384K)->148K(384K) NonClass: 143K(256K)->143K(256K) Class: 4K(128K)->4K(128K)
[2026-06-17T09:56:59.077+0800][6.593s][info][gc             ] GC(260) Pause Young (Allocation Failure) 40M->36M(57M) 2.634ms
[2026-06-17T09:56:59.077+0800][6.593s][info][gc,cpu         ] GC(260) User=0.00s Sys=0.00s Real=0.00s
[2026-06-17T09:56:59.099+0800][6.615s][info][gc,start       ] GC(261) Pause Young (Allocation Failure)
[2026-06-17T09:56:59.100+0800][6.616s][info][gc,heap        ] GC(261) PSYoungGen: 10640K(14336K)->2565K(14336K) Eden: 7159K(7168K)->0K(7168K) From: 3480K(7168K)->2565K(7168K)
[2026-06-17T09:56:59.100+0800][6.616s][info][gc,heap        ] GC(261) ParOldGen: 33905K(44032K)->35184K(44032K)
[2026-06-17T09:56:59.100+0800][6.616s][info][gc,metaspace   ] GC(261) Metaspace: 148K(384K)->148K(384K) NonClass: 143K(256K)->143K(256K) Class: 4K(128K)->4K(128K)
[2026-06-17T09:56:59.101+0800][6.617s][info][gc             ] GC(261) Pause Young (Allocation Failure) 43M->36M(57M) 2.081ms
[2026-06-17T09:56:59.101+0800][6.617s][info][gc,cpu         ] GC(261) User=0.00s Sys=0.00s Real=0.00s
[2026-06-17T09:56:59.112+0800][6.628s][info][gc,start       ] GC(262) Pause Young (Allocation Failure)
[2026-06-17T09:56:59.113+0800][6.629s][info][gc,heap        ] GC(262) PSYoungGen: 9651K(14336K)->1389K(14336K) Eden: 7085K(7168K)->0K(7168K) From: 2565K(7168K)->1389K(7168K)
[2026-06-17T09:56:59.113+0800][6.629s][info][gc,heap        ] GC(262) ParOldGen: 35184K(44032K)->36717K(44032K)
[2026-06-17T09:56:59.114+0800][6.630s][info][gc,metaspace   ] GC(262) Metaspace: 148K(384K)->148K(384K) NonClass: 143K(256K)->143K(256K) Class: 4K(128K)->4K(128K)
[2026-06-17T09:56:59.114+0800][6.630s][info][gc             ] GC(262) Pause Young (Allocation Failure) 43M->37M(57M) 1.824ms
[2026-06-17T09:56:59.114+0800][6.630s][info][gc,cpu         ] GC(262) User=0.00s Sys=0.00s Real=0.00s
[2026-06-17T09:56:59.136+0800][6.652s][info][gc,start       ] GC(263) Pause Young (Allocation Failure)
[2026-06-17T09:56:59.137+0800][6.653s][info][gc,heap        ] GC(263) PSYoungGen: 8539K(14336K)->3709K(14848K) Eden: 7150K(7168K)->0K(7680K) From: 1389K(7168K)->3709K(7168K)
[2026-06-17T09:56:59.137+0800][6.653s][info][gc,heap        ] GC(263) ParOldGen: 36717K(44032K)->38082K(44032K)
[2026-06-17T09:56:59.137+0800][6.653s][info][gc,metaspace   ] GC(263) Metaspace: 148K(384K)->148K(384K) NonClass: 143K(256K)->143K(256K) Class: 4K(128K)->4K(128K)
[2026-06-17T09:56:59.138+0800][6.654s][info][gc             ] GC(263) Pause Young (Allocation Failure) 44M->40M(57M) 1.882ms
[2026-06-17T09:56:59.138+0800][6.654s][info][gc,cpu         ] GC(263) User=0.00s Sys=0.00s Real=0.00s
[2026-06-17T09:56:59.159+0800][6.675s][info][gc,start       ] GC(264) Pause Young (Allocation Failure)
[2026-06-17T09:56:59.160+0800][6.676s][info][gc,heap        ] GC(264) PSYoungGen: 11356K(14848K)->3598K(14336K) Eden: 7647K(7680K)->0K(7680K) From: 3709K(7168K)->3598K(6656K)
[2026-06-17T09:56:59.160+0800][6.676s][info][gc,heap        ] GC(264) ParOldGen: 38082K(44032K)->38769K(44032K)
[2026-06-17T09:56:59.161+0800][6.677s][info][gc,metaspace   ] GC(264) Metaspace: 148K(384K)->148K(384K) NonClass: 143K(256K)->143K(256K) Class: 4K(128K)->4K(128K)
[2026-06-17T09:56:59.161+0800][6.677s][info][gc             ] GC(264) Pause Young (Allocation Failure) 48M->41M(57M) 1.707ms
[2026-06-17T09:56:59.161+0800][6.677s][info][gc,cpu         ] GC(264) User=0.00s Sys=0.00s Real=0.00s
[2026-06-17T09:56:59.182+0800][6.698s][info][gc,start       ] GC(265) Pause Young (Allocation Failure)
[2026-06-17T09:56:59.184+0800][6.700s][info][gc,heap        ] GC(265) PSYoungGen: 11252K(14336K)->4365K(14848K) Eden: 7653K(7680K)->0K(8192K) From: 3598K(6656K)->4365K(6656K)
[2026-06-17T09:56:59.184+0800][6.700s][info][gc,heap        ] GC(265) ParOldGen: 38769K(44032K)->38769K(44032K)
[2026-06-17T09:56:59.185+0800][6.701s][info][gc,metaspace   ] GC(265) Metaspace: 148K(384K)->148K(384K) NonClass: 143K(256K)->143K(256K) Class: 4K(128K)->4K(128K)
[2026-06-17T09:56:59.185+0800][6.701s][info][gc             ] GC(265) Pause Young (Allocation Failure) 48M->42M(57M) 2.606ms
[2026-06-17T09:56:59.185+0800][6.701s][info][gc,cpu         ] GC(265) User=0.00s Sys=0.00s Real=0.01s
[2026-06-17T09:56:59.207+0800][6.723s][info][gc,start       ] GC(266) Pause Young (Allocation Failure)
[2026-06-17T09:56:59.208+0800][6.724s][info][gc,heap        ] GC(266) PSYoungGen: 12547K(14848K)->3798K(14848K) Eden: 8182K(8192K)->0K(8192K) From: 4365K(6656K)->3798K(6656K)
[2026-06-17T09:56:59.208+0800][6.724s][info][gc,heap        ] GC(266) ParOldGen: 38769K(44032K)->40637K(44032K)
[2026-06-17T09:56:59.208+0800][6.724s][info][gc,metaspace   ] GC(266) Metaspace: 148K(384K)->148K(384K) NonClass: 143K(256K)->143K(256K) Class: 4K(128K)->4K(128K)
[2026-06-17T09:56:59.209+0800][6.725s][info][gc             ] GC(266) Pause Young (Allocation Failure) 50M->43M(57M) 1.845ms
[2026-06-17T09:56:59.209+0800][6.725s][info][gc,cpu         ] GC(266) User=0.00s Sys=0.00s Real=0.00s
[2026-06-17T09:56:59.230+0800][6.747s][info][gc,start       ] GC(267) Pause Young (Allocation Failure)
[2026-06-17T09:56:59.232+0800][6.748s][info][gc,heap        ] GC(267) PSYoungGen: 11984K(14848K)->5429K(13824K) Eden: 8185K(8192K)->0K(7168K) From: 3798K(6656K)->5429K(6656K)
[2026-06-17T09:56:59.232+0800][6.748s][info][gc,heap        ] GC(267) ParOldGen: 40637K(44032K)->40637K(44032K)
[2026-06-17T09:56:59.233+0800][6.749s][info][gc,metaspace   ] GC(267) Metaspace: 148K(384K)->148K(384K) NonClass: 143K(256K)->143K(256K) Class: 4K(128K)->4K(128K)
[2026-06-17T09:56:59.233+0800][6.749s][info][gc             ] GC(267) Pause Young (Allocation Failure) 51M->44M(56M) 2.267ms
[2026-06-17T09:56:59.233+0800][6.749s][info][gc,cpu         ] GC(267) User=0.01s Sys=0.00s Real=0.00s
[2026-06-17T09:56:59.254+0800][6.770s][info][gc,start       ] GC(268) Pause Young (Allocation Failure)
[2026-06-17T09:56:59.256+0800][6.772s][info][gc,heap        ] GC(268) PSYoungGen: 12597K(13824K)->5800K(14336K) Eden: 7167K(7168K)->0K(7168K) From: 5429K(6656K)->5800K(7168K)
[2026-06-17T09:56:59.256+0800][6.772s][info][gc,heap        ] GC(268) ParOldGen: 40637K(44032K)->40637K(44032K)
[2026-06-17T09:56:59.257+0800][6.773s][info][gc,metaspace   ] GC(268) Metaspace: 148K(384K)->148K(384K) NonClass: 143K(256K)->143K(256K) Class: 4K(128K)->4K(128K)
[2026-06-17T09:56:59.257+0800][6.773s][info][gc             ] GC(268) Pause Young (Allocation Failure) 51M->45M(57M) 2.787ms
[2026-06-17T09:56:59.258+0800][6.774s][info][gc,cpu         ] GC(268) User=0.00s Sys=0.00s Real=0.00s
[2026-06-17T09:56:59.269+0800][6.785s][info][gc,start       ] GC(269) Pause Young (Allocation Failure)
[2026-06-17T09:56:59.271+0800][6.787s][info][gc,heap        ] GC(269) PSYoungGen: 12932K(14336K)->6953K(14336K) Eden: 7131K(7168K)->0K(7168K) From: 5800K(7168K)->6953K(7168K)
[2026-06-17T09:56:59.271+0800][6.787s][info][gc,heap        ] GC(269) ParOldGen: 40637K(44032K)->43094K(44032K)
[2026-06-17T09:56:59.272+0800][6.788s][info][gc,metaspace   ] GC(269) Metaspace: 148K(384K)->148K(384K) NonClass: 143K(256K)->143K(256K) Class: 4K(128K)->4K(128K)
[2026-06-17T09:56:59.272+0800][6.788s][info][gc             ] GC(269) Pause Young (Allocation Failure) 52M->48M(57M) 3.098ms
[2026-06-17T09:56:59.273+0800][6.789s][info][gc,cpu         ] GC(269) User=0.00s Sys=0.00s Real=0.01s
[2026-06-17T09:56:59.294+0800][6.810s][info][gc,start       ] GC(270) Pause Full (Ergonomics)
[2026-06-17T09:56:59.295+0800][6.811s][info][gc,phases,start] GC(270) Marking Phase
[2026-06-17T09:56:59.296+0800][6.812s][info][gc,phases      ] GC(270) Marking Phase 1.383ms
[2026-06-17T09:56:59.296+0800][6.812s][info][gc,phases,start] GC(270) Summary Phase
[2026-06-17T09:56:59.297+0800][6.813s][info][gc,phases      ] GC(270) Summary Phase 0.496ms
[2026-06-17T09:56:59.297+0800][6.813s][info][gc,phases,start] GC(270) Adjust Roots
[2026-06-17T09:56:59.298+0800][6.814s][info][gc,phases      ] GC(270) Adjust Roots 0.782ms
[2026-06-17T09:56:59.299+0800][6.815s][info][gc,phases,start] GC(270) Compaction Phase
[2026-06-17T09:56:59.300+0800][6.816s][info][gc,phases      ] GC(270) Compaction Phase 1.754ms
[2026-06-17T09:56:59.301+0800][6.817s][info][gc,phases,start] GC(270) Post Compact
[2026-06-17T09:56:59.301+0800][6.817s][info][gc,phases      ] GC(270) Post Compact 0.286ms
[2026-06-17T09:56:59.301+0800][6.817s][info][gc,heap        ] GC(270) PSYoungGen: 14112K(14336K)->0K(14336K) Eden: 7159K(7168K)->0K(7168K) From: 6953K(7168K)->0K(7168K)
[2026-06-17T09:56:59.301+0800][6.817s][info][gc,heap        ] GC(270) ParOldGen: 43094K(44032K)->22299K(44032K)
[2026-06-17T09:56:59.301+0800][6.817s][info][gc,metaspace   ] GC(270) Metaspace: 148K(384K)->148K(384K) NonClass: 143K(256K)->143K(256K) Class: 4K(128K)->4K(128K)
[2026-06-17T09:56:59.302+0800][6.818s][info][gc             ] GC(270) Pause Full (Ergonomics) 55M->21M(57M) 7.234ms
[2026-06-17T09:56:59.302+0800][6.818s][info][gc,cpu         ] GC(270) User=0.01s Sys=0.00s Real=0.00s
[2026-06-17T09:56:59.323+0800][6.839s][info][gc,start       ] GC(271) Pause Young (Allocation Failure)
[2026-06-17T09:56:59.324+0800][6.840s][info][gc,heap        ] GC(271) PSYoungGen: 7155K(14336K)->3723K(14336K) Eden: 7155K(7168K)->0K(7168K) From: 0K(7168K)->3723K(7168K)
[2026-06-17T09:56:59.324+0800][6.840s][info][gc,heap        ] GC(271) ParOldGen: 22299K(44032K)->22299K(44032K)
[2026-06-17T09:56:59.325+0800][6.841s][info][gc,metaspace   ] GC(271) Metaspace: 148K(384K)->148K(384K) NonClass: 143K(256K)->143K(256K) Class: 4K(128K)->4K(128K)
[2026-06-17T09:56:59.325+0800][6.841s][info][gc             ] GC(271) Pause Young (Allocation Failure) 28M->25M(57M) 2.162ms
[2026-06-17T09:56:59.325+0800][6.841s][info][gc,cpu         ] GC(271) User=0.00s Sys=0.00s Real=0.00s
[2026-06-17T09:56:59.336+0800][6.852s][info][gc,start       ] GC(272) Pause Young (Allocation Failure)
[2026-06-17T09:56:59.337+0800][6.853s][info][gc,heap        ] GC(272) PSYoungGen: 10747K(14336K)->1216K(14336K) Eden: 7024K(7168K)->0K(7168K) From: 3723K(7168K)->1216K(7168K)
[2026-06-17T09:56:59.337+0800][6.853s][info][gc,heap        ] GC(272) ParOldGen: 22299K(44032K)->24878K(44032K)
[2026-06-17T09:56:59.337+0800][6.853s][info][gc,metaspace   ] GC(272) Metaspace: 148K(384K)->148K(384K) NonClass: 143K(256K)->143K(256K) Class: 4K(128K)->4K(128K)
[2026-06-17T09:56:59.338+0800][6.854s][info][gc             ] GC(272) Pause Young (Allocation Failure) 32M->25M(57M) 1.319ms
[2026-06-17T09:56:59.338+0800][6.854s][info][gc,cpu         ] GC(272) User=0.00s Sys=0.00s Real=0.00s
[2026-06-17T09:56:59.359+0800][6.875s][info][gc,start       ] GC(273) Pause Young (Allocation Failure)
[2026-06-17T09:56:59.361+0800][6.877s][info][gc,heap        ] GC(273) PSYoungGen: 8354K(14336K)->3604K(14336K) Eden: 7138K(7168K)->0K(7168K) From: 1216K(7168K)->3604K(7168K)
[2026-06-17T09:56:59.362+0800][6.878s][info][gc,heap        ] GC(273) ParOldGen: 24878K(44032K)->26071K(44032K)
[2026-06-17T09:56:59.364+0800][6.880s][info][gc,metaspace   ] GC(273) Metaspace: 148K(384K)->148K(384K) NonClass: 143K(256K)->143K(256K) Class: 4K(128K)->4K(128K)
[2026-06-17T09:56:59.365+0800][6.881s][info][gc             ] GC(273) Pause Young (Allocation Failure) 32M->28M(57M) 5.858ms
[2026-06-17T09:56:59.367+0800][6.883s][info][gc,cpu         ] GC(273) User=0.00s Sys=0.00s Real=0.01s
[2026-06-17T09:56:59.390+0800][6.906s][info][gc,start       ] GC(274) Pause Young (Allocation Failure)
[2026-06-17T09:56:59.391+0800][6.907s][info][gc,heap        ] GC(274) PSYoungGen: 10761K(14336K)->3063K(14336K) Eden: 7157K(7168K)->0K(7168K) From: 3604K(7168K)->3063K(7168K)
[2026-06-17T09:56:59.391+0800][6.907s][info][gc,heap        ] GC(274) ParOldGen: 26071K(44032K)->26913K(44032K)
[2026-06-17T09:56:59.391+0800][6.907s][info][gc,metaspace   ] GC(274) Metaspace: 148K(384K)->148K(384K) NonClass: 143K(256K)->143K(256K) Class: 4K(128K)->4K(128K)
[2026-06-17T09:56:59.392+0800][6.908s][info][gc             ] GC(274) Pause Young (Allocation Failure) 35M->29M(57M) 1.528ms
[2026-06-17T09:56:59.392+0800][6.908s][info][gc,cpu         ] GC(274) User=0.01s Sys=0.00s Real=0.01s
[2026-06-17T09:56:59.413+0800][6.929s][info][gc,start       ] GC(275) Pause Young (Allocation Failure)
[2026-06-17T09:56:59.414+0800][6.930s][info][gc,heap        ] GC(275) PSYoungGen: 10194K(14336K)->957K(14336K) Eden: 7131K(7168K)->0K(7168K) From: 3063K(7168K)->957K(7168K)
[2026-06-17T09:56:59.414+0800][6.930s][info][gc,heap        ] GC(275) ParOldGen: 26913K(44032K)->29099K(44032K)
[2026-06-17T09:56:59.415+0800][6.931s][info][gc,metaspace   ] GC(275) Metaspace: 148K(384K)->148K(384K) NonClass: 143K(256K)->143K(256K) Class: 4K(128K)->4K(128K)
[2026-06-17T09:56:59.415+0800][6.931s][info][gc             ] GC(275) Pause Young (Allocation Failure) 36M->29M(57M) 1.876ms
[2026-06-17T09:56:59.415+0800][6.931s][info][gc,cpu         ] GC(275) User=0.00s Sys=0.00s Real=0.00s
[2026-06-17T09:56:59.427+0800][6.943s][info][gc,start       ] GC(276) Pause Young (Allocation Failure)
[2026-06-17T09:56:59.428+0800][6.944s][info][gc,heap        ] GC(276) PSYoungGen: 8112K(14336K)->4632K(14336K) Eden: 7155K(7168K)->0K(7168K) From: 957K(7168K)->4632K(7168K)
[2026-06-17T09:56:59.428+0800][6.944s][info][gc,heap        ] GC(276) ParOldGen: 29099K(44032K)->29099K(44032K)
[2026-06-17T09:56:59.428+0800][6.944s][info][gc,metaspace   ] GC(276) Metaspace: 148K(384K)->148K(384K) NonClass: 143K(256K)->143K(256K) Class: 4K(128K)->4K(128K)
[2026-06-17T09:56:59.428+0800][6.944s][info][gc             ] GC(276) Pause Young (Allocation Failure) 36M->32M(57M) 1.425ms
[2026-06-17T09:56:59.428+0800][6.944s][info][gc,cpu         ] GC(276) User=0.00s Sys=0.00s Real=0.00s
[2026-06-17T09:56:59.449+0800][6.965s][info][gc,start       ] GC(277) Pause Young (Allocation Failure)
[2026-06-17T09:56:59.450+0800][6.966s][info][gc,heap        ] GC(277) PSYoungGen: 11784K(14336K)->32K(14336K) Eden: 7152K(7168K)->0K(7168K) From: 4632K(7168K)->32K(7168K)
[2026-06-17T09:56:59.450+0800][6.966s][info][gc,heap        ] GC(277) ParOldGen: 29099K(44032K)->31014K(44032K)
[2026-06-17T09:56:59.450+0800][6.966s][info][gc,metaspace   ] GC(277) Metaspace: 148K(384K)->148K(384K) NonClass: 143K(256K)->143K(256K) Class: 4K(128K)->4K(128K)
[2026-06-17T09:56:59.450+0800][6.966s][info][gc             ] GC(277) Pause Young (Allocation Failure) 39M->30M(57M) 1.076ms
[2026-06-17T09:56:59.450+0800][6.966s][info][gc,cpu         ] GC(277) User=0.00s Sys=0.00s Real=0.00s
[2026-06-17T09:56:59.471+0800][6.987s][info][gc,start       ] GC(278) Pause Young (Allocation Failure)
[2026-06-17T09:56:59.472+0800][6.988s][info][gc,heap        ] GC(278) PSYoungGen: 7199K(14336K)->3708K(14336K) Eden: 7167K(7168K)->0K(7168K) From: 32K(7168K)->3708K(7168K)
[2026-06-17T09:56:59.472+0800][6.988s][info][gc,heap        ] GC(278) ParOldGen: 31014K(44032K)->31022K(44032K)
[2026-06-17T09:56:59.473+0800][6.989s][info][gc,metaspace   ] GC(278) Metaspace: 148K(384K)->148K(384K) NonClass: 143K(256K)->143K(256K) Class: 4K(128K)->4K(128K)
[2026-06-17T09:56:59.473+0800][6.989s][info][gc             ] GC(278) Pause Young (Allocation Failure) 37M->33M(57M) 1.410ms
[2026-06-17T09:56:59.473+0800][6.989s][info][gc,cpu         ] GC(278) User=0.00s Sys=0.00s Real=0.00s
[2026-06-17T09:56:59.484+0800][7.000s][info][gc,start       ] GC(279) Pause Young (Allocation Failure)
[2026-06-17T09:56:59.485+0800][7.001s][info][gc,heap        ] GC(279) PSYoungGen: 10772K(14336K)->1323K(14336K) Eden: 7063K(7168K)->0K(7168K) From: 3708K(7168K)->1323K(7168K)
[2026-06-17T09:56:59.486+0800][7.002s][info][gc,heap        ] GC(279) ParOldGen: 31022K(44032K)->33142K(44032K)
[2026-06-17T09:56:59.486+0800][7.002s][info][gc,metaspace   ] GC(279) Metaspace: 148K(384K)->148K(384K) NonClass: 143K(256K)->143K(256K) Class: 4K(128K)->4K(128K)
[2026-06-17T09:56:59.486+0800][7.002s][info][gc             ] GC(279) Pause Young (Allocation Failure) 40M->33M(57M) 1.932ms
[2026-06-17T09:56:59.486+0800][7.002s][info][gc,cpu         ] GC(279) User=0.00s Sys=0.00s Real=0.00s
[2026-06-17T09:56:59.507+0800][7.023s][info][gc,start       ] GC(280) Pause Young (Allocation Failure)
[2026-06-17T09:56:59.508+0800][7.024s][info][gc,heap        ] GC(280) PSYoungGen: 8468K(14336K)->3482K(14336K) Eden: 7145K(7168K)->0K(7168K) From: 1323K(7168K)->3482K(7168K)
[2026-06-17T09:56:59.508+0800][7.024s][info][gc,heap        ] GC(280) ParOldGen: 33142K(44032K)->34441K(44032K)
[2026-06-17T09:56:59.508+0800][7.024s][info][gc,metaspace   ] GC(280) Metaspace: 148K(384K)->148K(384K) NonClass: 143K(256K)->143K(256K) Class: 4K(128K)->4K(128K)
[2026-06-17T09:56:59.508+0800][7.024s][info][gc             ] GC(280) Pause Young (Allocation Failure) 40M->37M(57M) 1.333ms
[2026-06-17T09:56:59.509+0800][7.025s][info][gc,cpu         ] GC(280) User=0.01s Sys=0.00s Real=0.00s
[2026-06-17T09:56:59.530+0800][7.046s][info][gc,start       ] GC(281) Pause Young (Allocation Failure)
[2026-06-17T09:56:59.531+0800][7.047s][info][gc,heap        ] GC(281) PSYoungGen: 10650K(14336K)->3707K(14336K) Eden: 7168K(7168K)->0K(7168K) From: 3482K(7168K)->3707K(7168K)
[2026-06-17T09:56:59.531+0800][7.047s][info][gc,heap        ] GC(281) ParOldGen: 34441K(44032K)->34441K(44032K)
[2026-06-17T09:56:59.531+0800][7.047s][info][gc,metaspace   ] GC(281) Metaspace: 148K(384K)->148K(384K) NonClass: 143K(256K)->143K(256K) Class: 4K(128K)->4K(128K)
[2026-06-17T09:56:59.532+0800][7.048s][info][gc             ] GC(281) Pause Young (Allocation Failure) 44M->37M(57M) 1.357ms
[2026-06-17T09:56:59.532+0800][7.048s][info][gc,cpu         ] GC(281) User=0.00s Sys=0.00s Real=0.01s
[2026-06-17T09:56:59.553+0800][7.069s][info][gc,start       ] GC(282) Pause Young (Allocation Failure)
[2026-06-17T09:56:59.554+0800][7.070s][info][gc,heap        ] GC(282) PSYoungGen: 10865K(14336K)->3890K(14336K) Eden: 7158K(7168K)->0K(7168K) From: 3707K(7168K)->3890K(7168K)
[2026-06-17T09:56:59.554+0800][7.070s][info][gc,heap        ] GC(282) ParOldGen: 34441K(44032K)->34441K(44032K)
[2026-06-17T09:56:59.554+0800][7.070s][info][gc,metaspace   ] GC(282) Metaspace: 148K(384K)->148K(384K) NonClass: 143K(256K)->143K(256K) Class: 4K(128K)->4K(128K)
[2026-06-17T09:56:59.554+0800][7.070s][info][gc             ] GC(282) Pause Young (Allocation Failure) 44M->37M(57M) 1.302ms
[2026-06-17T09:56:59.554+0800][7.070s][info][gc,cpu         ] GC(282) User=0.00s Sys=0.00s Real=0.00s
[2026-06-17T09:56:59.565+0800][7.081s][info][gc,start       ] GC(283) Pause Young (Allocation Failure)
[2026-06-17T09:56:59.566+0800][7.082s][info][gc,heap        ] GC(283) PSYoungGen: 11052K(14336K)->7020K(14336K) Eden: 7162K(7168K)->0K(7168K) From: 3890K(7168K)->7020K(7168K)
[2026-06-17T09:56:59.566+0800][7.082s][info][gc,heap        ] GC(283) ParOldGen: 34441K(44032K)->35109K(44032K)
[2026-06-17T09:56:59.566+0800][7.082s][info][gc,metaspace   ] GC(283) Metaspace: 148K(384K)->148K(384K) NonClass: 143K(256K)->143K(256K) Class: 4K(128K)->4K(128K)
[2026-06-17T09:56:59.566+0800][7.082s][info][gc             ] GC(283) Pause Young (Allocation Failure) 44M->41M(57M) 1.414ms
[2026-06-17T09:56:59.567+0800][7.083s][info][gc,cpu         ] GC(283) User=0.00s Sys=0.00s Real=0.00s
[2026-06-17T09:56:59.588+0800][7.104s][info][gc,start       ] GC(284) Pause Young (Allocation Failure)
[2026-06-17T09:56:59.589+0800][7.105s][info][gc,heap        ] GC(284) PSYoungGen: 14155K(14336K)->4332K(14336K) Eden: 7135K(7168K)->0K(7168K) From: 7020K(7168K)->4332K(7168K)
[2026-06-17T09:56:59.589+0800][7.105s][info][gc,heap        ] GC(284) ParOldGen: 35109K(44032K)->38153K(44032K)
[2026-06-17T09:56:59.590+0800][7.106s][info][gc,metaspace   ] GC(284) Metaspace: 148K(384K)->148K(384K) NonClass: 143K(256K)->143K(256K) Class: 4K(128K)->4K(128K)
[2026-06-17T09:56:59.590+0800][7.106s][info][gc             ] GC(284) Pause Young (Allocation Failure) 48M->41M(57M) 2.133ms
[2026-06-17T09:56:59.590+0800][7.106s][info][gc,cpu         ] GC(284) User=0.01s Sys=0.00s Real=0.00s
[2026-06-17T09:56:59.611+0800][7.127s][info][gc,start       ] GC(285) Pause Young (Allocation Failure)
[2026-06-17T09:56:59.612+0800][7.128s][info][gc,heap        ] GC(285) PSYoungGen: 11480K(14336K)->3045K(14336K) Eden: 7148K(7168K)->0K(7168K) From: 4332K(7168K)->3045K(7168K)
[2026-06-17T09:56:59.612+0800][7.128s][info][gc,heap        ] GC(285) ParOldGen: 38153K(44032K)->39921K(44032K)
[2026-06-17T09:56:59.613+0800][7.129s][info][gc,metaspace   ] GC(285) Metaspace: 148K(384K)->148K(384K) NonClass: 143K(256K)->143K(256K) Class: 4K(128K)->4K(128K)
[2026-06-17T09:56:59.613+0800][7.129s][info][gc             ] GC(285) Pause Young (Allocation Failure) 48M->41M(57M) 1.935ms
[2026-06-17T09:56:59.613+0800][7.129s][info][gc,cpu         ] GC(285) User=0.00s Sys=0.00s Real=0.00s
[2026-06-17T09:56:59.625+0800][7.141s][info][gc,start       ] GC(286) Pause Young (Allocation Failure)
[2026-06-17T09:56:59.626+0800][7.142s][info][gc,heap        ] GC(286) PSYoungGen: 10079K(14336K)->1171K(14336K) Eden: 7033K(7168K)->0K(7168K) From: 3045K(7168K)->1171K(7168K)
[2026-06-17T09:56:59.626+0800][7.142s][info][gc,heap        ] GC(286) ParOldGen: 39921K(44032K)->41565K(44032K)
[2026-06-17T09:56:59.626+0800][7.142s][info][gc,metaspace   ] GC(286) Metaspace: 148K(384K)->148K(384K) NonClass: 143K(256K)->143K(256K) Class: 4K(128K)->4K(128K)
[2026-06-17T09:56:59.626+0800][7.142s][info][gc             ] GC(286) Pause Young (Allocation Failure) 48M->41M(57M) 1.442ms
[2026-06-17T09:56:59.626+0800][7.142s][info][gc,cpu         ] GC(286) User=0.00s Sys=0.00s Real=0.00s
[2026-06-17T09:56:59.647+0800][7.163s][info][gc,start       ] GC(287) Pause Full (Ergonomics)
[2026-06-17T09:56:59.647+0800][7.163s][info][gc,phases,start] GC(287) Marking Phase
[2026-06-17T09:56:59.648+0800][7.164s][info][gc,phases      ] GC(287) Marking Phase 0.697ms
[2026-06-17T09:56:59.648+0800][7.164s][info][gc,phases,start] GC(287) Summary Phase
[2026-06-17T09:56:59.649+0800][7.165s][info][gc,phases      ] GC(287) Summary Phase 0.119ms
[2026-06-17T09:56:59.649+0800][7.165s][info][gc,phases,start] GC(287) Adjust Roots
[2026-06-17T09:56:59.649+0800][7.165s][info][gc,phases      ] GC(287) Adjust Roots 0.273ms
[2026-06-17T09:56:59.649+0800][7.165s][info][gc,phases,start] GC(287) Compaction Phase
[2026-06-17T09:56:59.651+0800][7.167s][info][gc,phases      ] GC(287) Compaction Phase 1.469ms
[2026-06-17T09:56:59.651+0800][7.167s][info][gc,phases,start] GC(287) Post Compact
[2026-06-17T09:56:59.651+0800][7.167s][info][gc,phases      ] GC(287) Post Compact 0.304ms
[2026-06-17T09:56:59.651+0800][7.167s][info][gc,heap        ] GC(287) PSYoungGen: 8339K(14336K)->0K(14336K) Eden: 7168K(7168K)->0K(7168K) From: 1171K(7168K)->0K(7168K)
[2026-06-17T09:56:59.651+0800][7.167s][info][gc,heap        ] GC(287) ParOldGen: 41565K(44032K)->23775K(44032K)
[2026-06-17T09:56:59.651+0800][7.167s][info][gc,metaspace   ] GC(287) Metaspace: 148K(384K)->148K(384K) NonClass: 143K(256K)->143K(256K) Class: 4K(128K)->4K(128K)
[2026-06-17T09:56:59.651+0800][7.167s][info][gc             ] GC(287) Pause Full (Ergonomics) 48M->23M(57M) 4.328ms
[2026-06-17T09:56:59.652+0800][7.168s][info][gc,cpu         ] GC(287) User=0.00s Sys=0.00s Real=0.01s
[2026-06-17T09:56:59.673+0800][7.189s][info][gc,start       ] GC(288) Pause Young (Allocation Failure)
[2026-06-17T09:56:59.674+0800][7.190s][info][gc,heap        ] GC(288) PSYoungGen: 7167K(14336K)->3653K(14336K) Eden: 7167K(7168K)->0K(7168K) From: 0K(7168K)->3653K(7168K)
[2026-06-17T09:56:59.674+0800][7.190s][info][gc,heap        ] GC(288) ParOldGen: 23775K(44032K)->23775K(44032K)
[2026-06-17T09:56:59.674+0800][7.190s][info][gc,metaspace   ] GC(288) Metaspace: 148K(384K)->148K(384K) NonClass: 143K(256K)->143K(256K) Class: 4K(128K)->4K(128K)
[2026-06-17T09:56:59.674+0800][7.190s][info][gc             ] GC(288) Pause Young (Allocation Failure) 30M->26M(57M) 1.692ms
[2026-06-17T09:56:59.674+0800][7.190s][info][gc,cpu         ] GC(288) User=0.01s Sys=0.00s Real=0.00s
[2026-06-17T09:56:59.695+0800][7.211s][info][gc,start       ] GC(289) Pause Young (Allocation Failure)
[2026-06-17T09:56:59.698+0800][7.214s][info][gc,heap        ] GC(289) PSYoungGen: 10802K(14336K)->1424K(14336K) Eden: 7148K(7168K)->0K(7168K) From: 3653K(7168K)->1424K(7168K)
[2026-06-17T09:56:59.701+0800][7.217s][info][gc,heap        ] GC(289) ParOldGen: 23775K(44032K)->26115K(44032K)
[2026-06-17T09:56:59.703+0800][7.219s][info][gc,metaspace   ] GC(289) Metaspace: 148K(384K)->148K(384K) NonClass: 143K(256K)->143K(256K) Class: 4K(128K)->4K(128K)
[2026-06-17T09:56:59.703+0800][7.219s][info][gc             ] GC(289) Pause Young (Allocation Failure) 33M->26M(57M) 7.830ms
[2026-06-17T09:56:59.704+0800][7.220s][info][gc,cpu         ] GC(289) User=0.00s Sys=0.00s Real=0.01s
[2026-06-17T09:56:59.716+0800][7.232s][info][gc,start       ] GC(290) Pause Young (Allocation Failure)
[2026-06-17T09:56:59.717+0800][7.233s][info][gc,heap        ] GC(290) PSYoungGen: 8563K(14336K)->3717K(14336K) Eden: 7139K(7168K)->0K(7168K) From: 1424K(7168K)->3717K(7168K)
[2026-06-17T09:56:59.717+0800][7.233s][info][gc,heap        ] GC(290) ParOldGen: 26115K(44032K)->27370K(44032K)
[2026-06-17T09:56:59.718+0800][7.234s][info][gc,metaspace   ] GC(290) Metaspace: 148K(384K)->148K(384K) NonClass: 143K(256K)->143K(256K) Class: 4K(128K)->4K(128K)
[2026-06-17T09:56:59.718+0800][7.234s][info][gc             ] GC(290) Pause Young (Allocation Failure) 33M->30M(57M) 1.437ms
[2026-06-17T09:56:59.718+0800][7.234s][info][gc,cpu         ] GC(290) User=0.00s Sys=0.00s Real=0.00s
[2026-06-17T09:56:59.739+0800][7.255s][info][gc,start       ] GC(291) Pause Young (Allocation Failure)
[2026-06-17T09:56:59.740+0800][7.256s][info][gc,heap        ] GC(291) PSYoungGen: 10867K(14336K)->1954K(14336K) Eden: 7150K(7168K)->0K(7168K) From: 3717K(7168K)->1954K(7168K)
[2026-06-17T09:56:59.740+0800][7.256s][info][gc,heap        ] GC(291) ParOldGen: 27370K(44032K)->29287K(44032K)
[2026-06-17T09:56:59.741+0800][7.257s][info][gc,metaspace   ] GC(291) Metaspace: 148K(384K)->148K(384K) NonClass: 143K(256K)->143K(256K) Class: 4K(128K)->4K(128K)
[2026-06-17T09:56:59.741+0800][7.257s][info][gc             ] GC(291) Pause Young (Allocation Failure) 37M->30M(57M) 1.689ms
[2026-06-17T09:56:59.741+0800][7.257s][info][gc,cpu         ] GC(291) User=0.00s Sys=0.00s Real=0.00s
[2026-06-17T09:56:59.762+0800][7.278s][info][gc,start       ] GC(292) Pause Young (Allocation Failure)
[2026-06-17T09:56:59.762+0800][7.279s][info][gc,heap        ] GC(292) PSYoungGen: 9090K(14336K)->2227K(14336K) Eden: 7135K(7168K)->0K(7168K) From: 1954K(7168K)->2227K(7168K)
[2026-06-17T09:56:59.763+0800][7.279s][info][gc,heap        ] GC(292) ParOldGen: 29287K(44032K)->29287K(44032K)
[2026-06-17T09:56:59.763+0800][7.279s][info][gc,metaspace   ] GC(292) Metaspace: 148K(384K)->148K(384K) NonClass: 143K(256K)->143K(256K) Class: 4K(128K)->4K(128K)
[2026-06-17T09:56:59.763+0800][7.279s][info][gc             ] GC(292) Pause Young (Allocation Failure) 37M->30M(57M) 1.108ms
[2026-06-17T09:56:59.763+0800][7.279s][info][gc,cpu         ] GC(292) User=0.00s Sys=0.00s Real=0.01s
[2026-06-17T09:56:59.774+0800][7.290s][info][gc,start       ] GC(293) Pause Young (Allocation Failure)
[2026-06-17T09:56:59.775+0800][7.291s][info][gc,heap        ] GC(293) PSYoungGen: 9326K(14336K)->313K(14848K) Eden: 7099K(7168K)->0K(8192K) From: 2227K(7168K)->313K(6656K)
[2026-06-17T09:56:59.775+0800][7.291s][info][gc,heap        ] GC(293) ParOldGen: 29287K(44032K)->31250K(44032K)
[2026-06-17T09:56:59.775+0800][7.291s][info][gc,metaspace   ] GC(293) Metaspace: 148K(384K)->148K(384K) NonClass: 143K(256K)->143K(256K) Class: 4K(128K)->4K(128K)
[2026-06-17T09:56:59.775+0800][7.291s][info][gc             ] GC(293) Pause Young (Allocation Failure) 37M->30M(57M) 1.212ms
[2026-06-17T09:56:59.775+0800][7.291s][info][gc,cpu         ] GC(293) User=0.00s Sys=0.00s Real=0.00s
[2026-06-17T09:56:59.797+0800][7.313s][info][gc,start       ] GC(294) Pause Young (Allocation Failure)
[2026-06-17T09:56:59.798+0800][7.314s][info][gc,heap        ] GC(294) PSYoungGen: 8473K(14848K)->4807K(13312K) Eden: 8160K(8192K)->0K(8192K) From: 313K(6656K)->4807K(5120K)
[2026-06-17T09:56:59.798+0800][7.314s][info][gc,heap        ] GC(294) ParOldGen: 31250K(44032K)->31539K(44032K)
[2026-06-17T09:56:59.798+0800][7.314s][info][gc,metaspace   ] GC(294) Metaspace: 148K(384K)->148K(384K) NonClass: 143K(256K)->143K(256K) Class: 4K(128K)->4K(128K)
[2026-06-17T09:56:59.798+0800][7.314s][info][gc             ] GC(294) Pause Young (Allocation Failure) 38M->35M(56M) 1.379ms
[2026-06-17T09:56:59.798+0800][7.314s][info][gc,cpu         ] GC(294) User=0.00s Sys=0.00s Real=0.00s
[2026-06-17T09:56:59.819+0800][7.335s][info][gc,start       ] GC(295) Pause Young (Allocation Failure)
[2026-06-17T09:56:59.821+0800][7.337s][info][gc,heap        ] GC(295) PSYoungGen: 12968K(13312K)->4518K(14336K) Eden: 8160K(8192K)->0K(7168K) From: 4807K(5120K)->4518K(7168K)
[2026-06-17T09:56:59.821+0800][7.337s][info][gc,heap        ] GC(295) ParOldGen: 31539K(44032K)->32801K(44032K)
[2026-06-17T09:56:59.821+0800][7.337s][info][gc,metaspace   ] GC(295) Metaspace: 148K(384K)->148K(384K) NonClass: 143K(256K)->143K(256K) Class: 4K(128K)->4K(128K)
[2026-06-17T09:56:59.822+0800][7.338s][info][gc             ] GC(295) Pause Young (Allocation Failure) 43M->36M(57M) 2.203ms
[2026-06-17T09:56:59.822+0800][7.338s][info][gc,cpu         ] GC(295) User=0.00s Sys=0.00s Real=0.00s
[2026-06-17T09:56:59.843+0800][7.359s][info][gc,start       ] GC(296) Pause Young (Allocation Failure)
[2026-06-17T09:56:59.844+0800][7.360s][info][gc,heap        ] GC(296) PSYoungGen: 11631K(14336K)->3377K(14336K) Eden: 7113K(7168K)->0K(7168K) From: 4518K(7168K)->3377K(7168K)
[2026-06-17T09:56:59.845+0800][7.361s][info][gc,heap        ] GC(296) ParOldGen: 32801K(44032K)->34518K(44032K)
[2026-06-17T09:56:59.845+0800][7.361s][info][gc,metaspace   ] GC(296) Metaspace: 148K(384K)->148K(384K) NonClass: 143K(256K)->143K(256K) Class: 4K(128K)->4K(128K)
[2026-06-17T09:56:59.845+0800][7.361s][info][gc             ] GC(296) Pause Young (Allocation Failure) 43M->37M(57M) 1.962ms
[2026-06-17T09:56:59.845+0800][7.361s][info][gc,cpu         ] GC(296) User=0.00s Sys=0.00s Real=0.00s
[2026-06-17T09:56:59.867+0800][7.383s][info][gc,start       ] GC(297) Pause Young (Allocation Failure)
[2026-06-17T09:56:59.868+0800][7.384s][info][gc,heap        ] GC(297) PSYoungGen: 10535K(14336K)->3356K(14848K) Eden: 7158K(7168K)->0K(7680K) From: 3377K(7168K)->3356K(7168K)
[2026-06-17T09:56:59.868+0800][7.384s][info][gc,heap        ] GC(297) ParOldGen: 34518K(44032K)->34518K(44032K)
[2026-06-17T09:56:59.869+0800][7.385s][info][gc,metaspace   ] GC(297) Metaspace: 148K(384K)->148K(384K) NonClass: 143K(256K)->143K(256K) Class: 4K(128K)->4K(128K)
[2026-06-17T09:56:59.869+0800][7.385s][info][gc             ] GC(297) Pause Young (Allocation Failure) 43M->36M(57M) 2.470ms
[2026-06-17T09:56:59.869+0800][7.385s][info][gc,cpu         ] GC(297) User=0.00s Sys=0.00s Real=0.00s
[2026-06-17T09:56:59.881+0800][7.397s][info][gc,start       ] GC(298) Pause Young (Allocation Failure)
[2026-06-17T09:56:59.882+0800][7.398s][info][gc,heap        ] GC(298) PSYoungGen: 10975K(14848K)->1428K(14336K) Eden: 7619K(7680K)->0K(7680K) From: 3356K(7168K)->1428K(6656K)
[2026-06-17T09:56:59.882+0800][7.398s][info][gc,heap        ] GC(298) ParOldGen: 34518K(44032K)->36759K(44032K)
[2026-06-17T09:56:59.882+0800][7.398s][info][gc,metaspace   ] GC(298) Metaspace: 148K(384K)->148K(384K) NonClass: 143K(256K)->143K(256K) Class: 4K(128K)->4K(128K)
[2026-06-17T09:56:59.883+0800][7.399s][info][gc             ] GC(298) Pause Young (Allocation Failure) 44M->37M(57M) 2.193ms
[2026-06-17T09:56:59.883+0800][7.399s][info][gc,cpu         ] GC(298) User=0.00s Sys=0.00s Real=0.01s
[2026-06-17T09:56:59.904+0800][7.420s][info][gc,start       ] GC(299) Pause Young (Allocation Failure)
[2026-06-17T09:56:59.906+0800][7.422s][info][gc,heap        ] GC(299) PSYoungGen: 9085K(14336K)->4237K(14848K) Eden: 7657K(7680K)->0K(8192K) From: 1428K(6656K)->4237K(6656K)
[2026-06-17T09:56:59.906+0800][7.422s][info][gc,heap        ] GC(299) ParOldGen: 36759K(44032K)->38163K(44032K)
[2026-06-17T09:56:59.906+0800][7.422s][info][gc,metaspace   ] GC(299) Metaspace: 148K(384K)->148K(384K) NonClass: 143K(256K)->143K(256K) Class: 4K(128K)->4K(128K)
[2026-06-17T09:56:59.907+0800][7.423s][info][gc             ] GC(299) Pause Young (Allocation Failure) 44M->41M(57M) 2.228ms
[2026-06-17T09:56:59.907+0800][7.423s][info][gc,cpu         ] GC(299) User=0.00s Sys=0.00s Real=0.00s
[2026-06-17T09:56:59.928+0800][7.444s][info][gc,start       ] GC(300) Pause Young (Allocation Failure)
[2026-06-17T09:56:59.929+0800][7.445s][info][gc,heap        ] GC(300) PSYoungGen: 12404K(14848K)->3896K(14848K) Eden: 8167K(8192K)->0K(8192K) From: 4237K(6656K)->3896K(6656K)
[2026-06-17T09:56:59.930+0800][7.446s][info][gc,heap        ] GC(300) ParOldGen: 38163K(44032K)->39663K(44032K)
[2026-06-17T09:56:59.932+0800][7.448s][info][gc,metaspace   ] GC(300) Metaspace: 148K(384K)->148K(384K) NonClass: 143K(256K)->143K(256K) Class: 4K(128K)->4K(128K)
[2026-06-17T09:56:59.932+0800][7.448s][info][gc             ] GC(300) Pause Young (Allocation Failure) 49M->42M(57M) 3.990ms
[2026-06-17T09:56:59.932+0800][7.448s][info][gc,cpu         ] GC(300) User=0.00s Sys=0.00s Real=0.01s
[2026-06-17T09:56:59.953+0800][7.469s][info][gc,start       ] GC(301) Pause Young (Allocation Failure)
[2026-06-17T09:56:59.954+0800][7.470s][info][gc,heap        ] GC(301) PSYoungGen: 11801K(14848K)->32K(13824K) Eden: 7904K(8192K)->0K(7168K) From: 3896K(6656K)->32K(6656K)
[2026-06-17T09:56:59.954+0800][7.470s][info][gc,heap        ] GC(301) ParOldGen: 39663K(44032K)->41175K(44032K)
[2026-06-17T09:56:59.954+0800][7.470s][info][gc,metaspace   ] GC(301) Metaspace: 148K(384K)->148K(384K) NonClass: 143K(256K)->143K(256K) Class: 4K(128K)->4K(128K)
[2026-06-17T09:56:59.955+0800][7.471s][info][gc             ] GC(301) Pause Young (Allocation Failure) 50M->40M(56M) 1.296ms
[2026-06-17T09:56:59.955+0800][7.471s][info][gc,cpu         ] GC(301) User=0.00s Sys=0.00s Real=0.00s
[2026-06-17T09:56:59.976+0800][7.492s][info][gc,start       ] GC(302) Pause Full (Ergonomics)
[2026-06-17T09:56:59.976+0800][7.492s][info][gc,phases,start] GC(302) Marking Phase
[2026-06-17T09:56:59.978+0800][7.494s][info][gc,phases      ] GC(302) Marking Phase 1.474ms
[2026-06-17T09:56:59.978+0800][7.494s][info][gc,phases,start] GC(302) Summary Phase
[2026-06-17T09:56:59.979+0800][7.495s][info][gc,phases      ] GC(302) Summary Phase 0.287ms
[2026-06-17T09:56:59.979+0800][7.495s][info][gc,phases,start] GC(302) Adjust Roots
[2026-06-17T09:56:59.979+0800][7.495s][info][gc,phases      ] GC(302) Adjust Roots 0.400ms
[2026-06-17T09:56:59.980+0800][7.496s][info][gc,phases,start] GC(302) Compaction Phase
[2026-06-17T09:56:59.981+0800][7.497s][info][gc,phases      ] GC(302) Compaction Phase 1.816ms
[2026-06-17T09:56:59.982+0800][7.498s][info][gc,phases,start] GC(302) Post Compact
[2026-06-17T09:56:59.982+0800][7.498s][info][gc,phases      ] GC(302) Post Compact 0.596ms
[2026-06-17T09:56:59.982+0800][7.498s][info][gc,heap        ] GC(302) PSYoungGen: 7195K(13824K)->0K(14336K) Eden: 7163K(7168K)->0K(7168K) From: 32K(6656K)->0K(7168K)
[2026-06-17T09:56:59.983+0800][7.499s][info][gc,heap        ] GC(302) ParOldGen: 41175K(44032K)->31783K(44032K)
[2026-06-17T09:56:59.983+0800][7.499s][info][gc,metaspace   ] GC(302) Metaspace: 148K(384K)->148K(384K) NonClass: 143K(256K)->143K(256K) Class: 4K(128K)->4K(128K)
[2026-06-17T09:56:59.983+0800][7.499s][info][gc             ] GC(302) Pause Full (Ergonomics) 47M->31M(57M) 7.210ms
[2026-06-17T09:56:59.983+0800][7.499s][info][gc,cpu         ] GC(302) User=0.01s Sys=0.00s Real=0.01s
[2026-06-17T09:57:00.005+0800][7.521s][info][gc,start       ] GC(303) Pause Young (Allocation Failure)
[2026-06-17T09:57:00.006+0800][7.522s][info][gc,heap        ] GC(303) PSYoungGen: 7154K(14336K)->3747K(14336K) Eden: 7154K(7168K)->0K(7168K) From: 0K(7168K)->3747K(7168K)
[2026-06-17T09:57:00.006+0800][7.522s][info][gc,heap        ] GC(303) ParOldGen: 31783K(44032K)->31783K(44032K)
[2026-06-17T09:57:00.007+0800][7.523s][info][gc,metaspace   ] GC(303) Metaspace: 148K(384K)->148K(384K) NonClass: 143K(256K)->143K(256K) Class: 4K(128K)->4K(128K)
[2026-06-17T09:57:00.008+0800][7.524s][info][gc             ] GC(303) Pause Young (Allocation Failure) 38M->34M(57M) 3.002ms
[2026-06-17T09:57:00.008+0800][7.524s][info][gc,cpu         ] GC(303) User=0.00s Sys=0.00s Real=0.00s
[2026-06-17T09:57:00.031+0800][7.547s][info][gc,start       ] GC(304) Pause Young (Allocation Failure)
[2026-06-17T09:57:00.034+0800][7.550s][info][gc,heap        ] GC(304) PSYoungGen: 10915K(14336K)->437K(14336K) Eden: 7168K(7168K)->0K(7168K) From: 3747K(7168K)->437K(7168K)
[2026-06-17T09:57:00.034+0800][7.551s][info][gc,heap        ] GC(304) ParOldGen: 31783K(44032K)->35108K(44032K)
[2026-06-17T09:57:00.035+0800][7.551s][info][gc,metaspace   ] GC(304) Metaspace: 148K(384K)->148K(384K) NonClass: 143K(256K)->143K(256K) Class: 4K(128K)->4K(128K)
[2026-06-17T09:57:00.035+0800][7.551s][info][gc             ] GC(304) Pause Young (Allocation Failure) 41M->34M(57M) 4.040ms
[2026-06-17T09:57:00.036+0800][7.552s][info][gc,cpu         ] GC(304) User=0.00s Sys=0.00s Real=0.00s
[2026-06-17T09:57:00.047+0800][7.563s][info][gc,start       ] GC(305) Pause Young (Allocation Failure)
[2026-06-17T09:57:00.049+0800][7.565s][info][gc,heap        ] GC(305) PSYoungGen: 7574K(14336K)->3933K(14336K) Eden: 7137K(7168K)->0K(7168K) From: 437K(7168K)->3933K(7168K)
[2026-06-17T09:57:00.050+0800][7.566s][info][gc,heap        ] GC(305) ParOldGen: 35108K(44032K)->35108K(44032K)
[2026-06-17T09:57:00.051+0800][7.567s][info][gc,metaspace   ] GC(305) Metaspace: 148K(384K)->148K(384K) NonClass: 143K(256K)->143K(256K) Class: 4K(128K)->4K(128K)
[2026-06-17T09:57:00.051+0800][7.567s][info][gc             ] GC(305) Pause Young (Allocation Failure) 41M->38M(57M) 3.700ms
[2026-06-17T09:57:00.052+0800][7.568s][info][gc,cpu         ] GC(305) User=0.00s Sys=0.00s Real=0.01s
[2026-06-17T09:57:00.073+0800][7.589s][info][gc,start       ] GC(306) Pause Young (Allocation Failure)
[2026-06-17T09:57:00.075+0800][7.591s][info][gc,heap        ] GC(306) PSYoungGen: 11058K(14336K)->2261K(14336K) Eden: 7124K(7168K)->0K(7168K) From: 3933K(7168K)->2261K(7168K)
[2026-06-17T09:57:00.076+0800][7.592s][info][gc,heap        ] GC(306) ParOldGen: 35108K(44032K)->37135K(44032K)
[2026-06-17T09:57:00.076+0800][7.592s][info][gc,metaspace   ] GC(306) Metaspace: 148K(384K)->148K(384K) NonClass: 143K(256K)->143K(256K) Class: 4K(128K)->4K(128K)
[2026-06-17T09:57:00.077+0800][7.593s][info][gc             ] GC(306) Pause Young (Allocation Failure) 45M->38M(57M) 3.104ms
[2026-06-17T09:57:00.077+0800][7.593s][info][gc,cpu         ] GC(306) User=0.00s Sys=0.00s Real=0.00s
[2026-06-17T09:57:00.099+0800][7.615s][info][gc,start       ] GC(307) Pause Young (Allocation Failure)
[2026-06-17T09:57:00.100+0800][7.616s][info][gc,heap        ] GC(307) PSYoungGen: 9409K(14336K)->2406K(14848K) Eden: 7147K(7168K)->0K(8192K) From: 2261K(7168K)->2406K(6656K)
[2026-06-17T09:57:00.101+0800][7.617s][info][gc,heap        ] GC(307) ParOldGen: 37135K(44032K)->37135K(44032K)
[2026-06-17T09:57:00.101+0800][7.617s][info][gc,metaspace   ] GC(307) Metaspace: 148K(384K)->148K(384K) NonClass: 143K(256K)->143K(256K) Class: 4K(128K)->4K(128K)
[2026-06-17T09:57:00.102+0800][7.618s][info][gc             ] GC(307) Pause Young (Allocation Failure) 45M->38M(57M) 2.804ms
[2026-06-17T09:57:00.102+0800][7.618s][info][gc,cpu         ] GC(307) User=0.00s Sys=0.00s Real=0.00s
[2026-06-17T09:57:00.114+0800][7.630s][info][gc,start       ] GC(308) Pause Young (Allocation Failure)
[2026-06-17T09:57:00.115+0800][7.631s][info][gc,heap        ] GC(308) PSYoungGen: 10586K(14848K)->4722K(14848K) Eden: 8180K(8192K)->0K(8192K) From: 2406K(6656K)->4722K(6656K)
[2026-06-17T09:57:00.116+0800][7.632s][info][gc,heap        ] GC(308) ParOldGen: 37135K(44032K)->39404K(44032K)
[2026-06-17T09:57:00.116+0800][7.632s][info][gc,metaspace   ] GC(308) Metaspace: 148K(384K)->148K(384K) NonClass: 143K(256K)->143K(256K) Class: 4K(128K)->4K(128K)
[2026-06-17T09:57:00.116+0800][7.632s][info][gc             ] GC(308) Pause Young (Allocation Failure) 46M->43M(57M) 2.395ms
[2026-06-17T09:57:00.117+0800][7.633s][info][gc,cpu         ] GC(308) User=0.00s Sys=0.00s Real=0.00s
[2026-06-17T09:57:00.138+0800][7.654s][info][gc,start       ] GC(309) Pause Young (Allocation Failure)
[2026-06-17T09:57:00.140+0800][7.656s][info][gc,heap        ] GC(309) PSYoungGen: 12886K(14848K)->4218K(13824K) Eden: 8164K(8192K)->0K(7168K) From: 4722K(6656K)->4218K(6656K)
[2026-06-17T09:57:00.147+0800][7.663s][info][gc,heap        ] GC(309) ParOldGen: 39404K(44032K)->40827K(44032K)
[2026-06-17T09:57:00.147+0800][7.663s][info][gc,metaspace   ] GC(309) Metaspace: 148K(384K)->148K(384K) NonClass: 143K(256K)->143K(256K) Class: 4K(128K)->4K(128K)
[2026-06-17T09:57:00.148+0800][7.664s][info][gc             ] GC(309) Pause Young (Allocation Failure) 51M->43M(56M) 9.621ms
[2026-06-17T09:57:00.148+0800][7.664s][info][gc,cpu         ] GC(309) User=0.01s Sys=0.00s Real=0.01s
[2026-06-17T09:57:00.170+0800][7.686s][info][gc,start       ] GC(310) Pause Full (Ergonomics)
[2026-06-17T09:57:00.170+0800][7.686s][info][gc,phases,start] GC(310) Marking Phase
[2026-06-17T09:57:00.172+0800][7.688s][info][gc,phases      ] GC(310) Marking Phase 1.361ms
[2026-06-17T09:57:00.172+0800][7.688s][info][gc,phases,start] GC(310) Summary Phase
[2026-06-17T09:57:00.172+0800][7.688s][info][gc,phases      ] GC(310) Summary Phase 0.235ms
[2026-06-17T09:57:00.172+0800][7.688s][info][gc,phases,start] GC(310) Adjust Roots
[2026-06-17T09:57:00.173+0800][7.689s][info][gc,phases      ] GC(310) Adjust Roots 0.388ms
[2026-06-17T09:57:00.173+0800][7.689s][info][gc,phases,start] GC(310) Compaction Phase
[2026-06-17T09:57:00.175+0800][7.691s][info][gc,phases      ] GC(310) Compaction Phase 1.800ms
[2026-06-17T09:57:00.175+0800][7.691s][info][gc,phases,start] GC(310) Post Compact
[2026-06-17T09:57:00.176+0800][7.692s][info][gc,phases      ] GC(310) Post Compact 0.374ms
[2026-06-17T09:57:00.176+0800][7.692s][info][gc,heap        ] GC(310) PSYoungGen: 11386K(13824K)->0K(14336K) Eden: 7168K(7168K)->0K(7168K) From: 4218K(6656K)->0K(7168K)
[2026-06-17T09:57:00.176+0800][7.692s][info][gc,heap        ] GC(310) ParOldGen: 40827K(44032K)->32054K(44032K)
[2026-06-17T09:57:00.176+0800][7.692s][info][gc,metaspace   ] GC(310) Metaspace: 148K(384K)->148K(384K) NonClass: 143K(256K)->143K(256K) Class: 4K(128K)->4K(128K)
[2026-06-17T09:57:00.177+0800][7.693s][info][gc             ] GC(310) Pause Full (Ergonomics) 50M->31M(57M) 6.822ms
[2026-06-17T09:57:00.177+0800][7.693s][info][gc,cpu         ] GC(310) User=0.00s Sys=0.00s Real=0.01s
[2026-06-17T09:57:00.188+0800][7.704s][info][gc,start       ] GC(311) Pause Young (Allocation Failure)
[2026-06-17T09:57:00.190+0800][7.706s][info][gc,heap        ] GC(311) PSYoungGen: 7164K(14336K)->7163K(14336K) Eden: 7164K(7168K)->0K(7168K) From: 0K(7168K)->7163K(7168K)
[2026-06-17T09:57:00.191+0800][7.707s][info][gc,heap        ] GC(311) ParOldGen: 32054K(44032K)->32102K(44032K)
[2026-06-17T09:57:00.191+0800][7.707s][info][gc,metaspace   ] GC(311) Metaspace: 148K(384K)->148K(384K) NonClass: 143K(256K)->143K(256K) Class: 4K(128K)->4K(128K)
[2026-06-17T09:57:00.191+0800][7.707s][info][gc             ] GC(311) Pause Young (Allocation Failure) 38M->38M(57M) 2.818ms
[2026-06-17T09:57:00.191+0800][7.707s][info][gc,cpu         ] GC(311) User=0.01s Sys=0.00s Real=0.01s
[2026-06-17T09:57:00.213+0800][7.729s][info][gc,start       ] GC(312) Pause Young (Allocation Failure)
[2026-06-17T09:57:00.215+0800][7.731s][info][gc,heap        ] GC(312) PSYoungGen: 14319K(14336K)->2934K(14336K) Eden: 7156K(7168K)->0K(7168K) From: 7163K(7168K)->2934K(7168K)
[2026-06-17T09:57:00.215+0800][7.731s][info][gc,heap        ] GC(312) ParOldGen: 32102K(44032K)->35935K(44032K)
[2026-06-17T09:57:00.216+0800][7.732s][info][gc,metaspace   ] GC(312) Metaspace: 148K(384K)->148K(384K) NonClass: 143K(256K)->143K(256K) Class: 4K(128K)->4K(128K)
[2026-06-17T09:57:00.216+0800][7.732s][info][gc             ] GC(312) Pause Young (Allocation Failure) 45M->37M(57M) 3.220ms
[2026-06-17T09:57:00.217+0800][7.733s][info][gc,cpu         ] GC(312) User=0.00s Sys=0.00s Real=0.00s
[2026-06-17T09:57:00.238+0800][7.754s][info][gc,start       ] GC(313) Pause Young (Allocation Failure)
[2026-06-17T09:57:00.239+0800][7.755s][info][gc,heap        ] GC(313) PSYoungGen: 10084K(14336K)->1491K(14336K) Eden: 7149K(7168K)->0K(7168K) From: 2934K(7168K)->1491K(7168K)
[2026-06-17T09:57:00.239+0800][7.755s][info][gc,heap        ] GC(313) ParOldGen: 35935K(44032K)->37491K(44032K)
[2026-06-17T09:57:00.240+0800][7.756s][info][gc,metaspace   ] GC(313) Metaspace: 148K(384K)->148K(384K) NonClass: 143K(256K)->143K(256K) Class: 4K(128K)->4K(128K)
[2026-06-17T09:57:00.240+0800][7.756s][info][gc             ] GC(313) Pause Young (Allocation Failure) 44M->38M(57M) 1.661ms
[2026-06-17T09:57:00.240+0800][7.756s][info][gc,cpu         ] GC(313) User=0.00s Sys=0.00s Real=0.00s
[2026-06-17T09:57:00.251+0800][7.767s][info][gc,start       ] GC(314) Pause Young (Allocation Failure)
[2026-06-17T09:57:00.252+0800][7.768s][info][gc,heap        ] GC(314) PSYoungGen: 8647K(14336K)->5107K(14336K) Eden: 7156K(7168K)->0K(7168K) From: 1491K(7168K)->5107K(7168K)
[2026-06-17T09:57:00.252+0800][7.768s][info][gc,heap        ] GC(314) ParOldGen: 37491K(44032K)->37491K(44032K)
[2026-06-17T09:57:00.253+0800][7.769s][info][gc,metaspace   ] GC(314) Metaspace: 148K(384K)->148K(384K) NonClass: 143K(256K)->143K(256K) Class: 4K(128K)->4K(128K)
[2026-06-17T09:57:00.253+0800][7.769s][info][gc             ] GC(314) Pause Young (Allocation Failure) 45M->41M(57M) 2.129ms
[2026-06-17T09:57:00.253+0800][7.769s][info][gc,cpu         ] GC(314) User=0.00s Sys=0.00s Real=0.00s
[2026-06-17T09:57:00.275+0800][7.791s][info][gc,start       ] GC(315) Pause Young (Allocation Failure)
[2026-06-17T09:57:00.276+0800][7.792s][info][gc,heap        ] GC(315) PSYoungGen: 12205K(14336K)->32K(14336K) Eden: 7098K(7168K)->0K(7168K) From: 5107K(7168K)->32K(7168K)
[2026-06-17T09:57:00.276+0800][7.792s][info][gc,heap        ] GC(315) ParOldGen: 37491K(44032K)->39331K(44032K)
[2026-06-17T09:57:00.277+0800][7.793s][info][gc,metaspace   ] GC(315) Metaspace: 148K(384K)->148K(384K) NonClass: 143K(256K)->143K(256K) Class: 4K(128K)->4K(128K)
[2026-06-17T09:57:00.277+0800][7.793s][info][gc             ] GC(315) Pause Young (Allocation Failure) 48M->38M(57M) 2.299ms
[2026-06-17T09:57:00.277+0800][7.793s][info][gc,cpu         ] GC(315) User=0.00s Sys=0.00s Real=0.00s
[2026-06-17T09:57:00.299+0800][7.815s][info][gc,start       ] GC(316) Pause Young (Allocation Failure)
[2026-06-17T09:57:00.300+0800][7.816s][info][gc,heap        ] GC(316) PSYoungGen: 7156K(14336K)->3748K(14336K) Eden: 7124K(7168K)->0K(7168K) From: 32K(7168K)->3748K(7168K)
[2026-06-17T09:57:00.300+0800][7.816s][info][gc,heap        ] GC(316) ParOldGen: 39331K(44032K)->39339K(44032K)
[2026-06-17T09:57:00.300+0800][7.816s][info][gc,metaspace   ] GC(316) Metaspace: 148K(384K)->148K(384K) NonClass: 143K(256K)->143K(256K) Class: 4K(128K)->4K(128K)
[2026-06-17T09:57:00.301+0800][7.817s][info][gc             ] GC(316) Pause Young (Allocation Failure) 45M->42M(57M) 2.207ms
[2026-06-17T09:57:00.301+0800][7.817s][info][gc,cpu         ] GC(316) User=0.00s Sys=0.00s Real=0.00s
[2026-06-17T09:57:00.312+0800][7.828s][info][gc,start       ] GC(317) Pause Young (Allocation Failure)
[2026-06-17T09:57:00.315+0800][7.831s][info][gc,heap        ] GC(317) PSYoungGen: 10694K(14336K)->1807K(14336K) Eden: 6945K(7168K)->0K(7168K) From: 3748K(7168K)->1807K(7168K)
[2026-06-17T09:57:00.315+0800][7.831s][info][gc,heap        ] GC(317) ParOldGen: 39339K(44032K)->41268K(44032K)
[2026-06-17T09:57:00.315+0800][7.831s][info][gc,metaspace   ] GC(317) Metaspace: 148K(384K)->148K(384K) NonClass: 143K(256K)->143K(256K) Class: 4K(128K)->4K(128K)
[2026-06-17T09:57:00.316+0800][7.832s][info][gc             ] GC(317) Pause Young (Allocation Failure) 48M->42M(57M) 3.252ms
[2026-06-17T09:57:00.316+0800][7.832s][info][gc,cpu         ] GC(317) User=0.00s Sys=0.00s Real=0.00s
[2026-06-17T09:57:00.338+0800][7.854s][info][gc,start       ] GC(318) Pause Full (Ergonomics)
[2026-06-17T09:57:00.342+0800][7.858s][info][gc,phases,start] GC(318) Marking Phase
[2026-06-17T09:57:00.343+0800][7.859s][info][gc,phases      ] GC(318) Marking Phase 0.990ms
[2026-06-17T09:57:00.343+0800][7.859s][info][gc,phases,start] GC(318) Summary Phase
[2026-06-17T09:57:00.344+0800][7.860s][info][gc,phases      ] GC(318) Summary Phase 0.444ms
[2026-06-17T09:57:00.344+0800][7.860s][info][gc,phases,start] GC(318) Adjust Roots
[2026-06-17T09:57:00.345+0800][7.861s][info][gc,phases      ] GC(318) Adjust Roots 0.633ms
[2026-06-17T09:57:00.345+0800][7.861s][info][gc,phases,start] GC(318) Compaction Phase
[2026-06-17T09:57:00.348+0800][7.864s][info][gc,phases      ] GC(318) Compaction Phase 2.626ms
[2026-06-17T09:57:00.349+0800][7.865s][info][gc,phases,start] GC(318) Post Compact
[2026-06-17T09:57:00.350+0800][7.866s][info][gc,phases      ] GC(318) Post Compact 0.938ms
[2026-06-17T09:57:00.352+0800][7.868s][info][gc,heap        ] GC(318) PSYoungGen: 8929K(14336K)->0K(14336K) Eden: 7122K(7168K)->0K(7168K) From: 1807K(7168K)->0K(7168K)
[2026-06-17T09:57:00.352+0800][7.868s][info][gc,heap        ] GC(318) ParOldGen: 41268K(44032K)->27232K(44032K)
[2026-06-17T09:57:00.353+0800][7.869s][info][gc,metaspace   ] GC(318) Metaspace: 148K(384K)->148K(384K) NonClass: 143K(256K)->143K(256K) Class: 4K(128K)->4K(128K)
[2026-06-17T09:57:00.353+0800][7.869s][info][gc             ] GC(318) Pause Full (Ergonomics) 49M->26M(57M) 15.455ms
[2026-06-17T09:57:00.353+0800][7.869s][info][gc,cpu         ] GC(318) User=0.00s Sys=0.00s Real=0.02s
[2026-06-17T09:57:00.375+0800][7.891s][info][gc,start       ] GC(319) Pause Young (Allocation Failure)
[2026-06-17T09:57:00.377+0800][7.893s][info][gc,heap        ] GC(319) PSYoungGen: 7161K(14336K)->3610K(14336K) Eden: 7161K(7168K)->0K(7168K) From: 0K(7168K)->3610K(7168K)
[2026-06-17T09:57:00.378+0800][7.894s][info][gc,heap        ] GC(319) ParOldGen: 27232K(44032K)->27232K(44032K)
[2026-06-17T09:57:00.384+0800][7.901s][info][gc,metaspace   ] GC(319) Metaspace: 148K(384K)->148K(384K) NonClass: 143K(256K)->143K(256K) Class: 4K(128K)->4K(128K)
[2026-06-17T09:57:00.386+0800][7.902s][info][gc             ] GC(319) Pause Young (Allocation Failure) 33M->30M(57M) 11.394ms
[2026-06-17T09:57:00.387+0800][7.903s][info][gc,cpu         ] GC(319) User=0.01s Sys=0.00s Real=0.01s
[2026-06-17T09:57:00.409+0800][7.925s][info][gc,start       ] GC(320) Pause Young (Allocation Failure)
[2026-06-17T09:57:00.411+0800][7.927s][info][gc,heap        ] GC(320) PSYoungGen: 10778K(14336K)->867K(14336K) Eden: 7168K(7168K)->0K(7168K) From: 3610K(7168K)->867K(7168K)
[2026-06-17T09:57:00.411+0800][7.927s][info][gc,heap        ] GC(320) ParOldGen: 27232K(44032K)->30243K(44032K)
[2026-06-17T09:57:00.419+0800][7.935s][info][gc,metaspace   ] GC(320) Metaspace: 148K(384K)->148K(384K) NonClass: 143K(256K)->143K(256K) Class: 4K(128K)->4K(128K)
[2026-06-17T09:57:00.419+0800][7.935s][info][gc             ] GC(320) Pause Young (Allocation Failure) 37M->30M(57M) 9.818ms
[2026-06-17T09:57:00.419+0800][7.935s][info][gc,cpu         ] GC(320) User=0.00s Sys=0.00s Real=0.01s
[2026-06-17T09:57:00.452+0800][7.968s][info][gc,start       ] GC(321) Pause Young (Allocation Failure)
[2026-06-17T09:57:00.455+0800][7.971s][info][gc,heap        ] GC(321) PSYoungGen: 8008K(14336K)->4772K(14336K) Eden: 7141K(7168K)->0K(7168K) From: 867K(7168K)->4772K(7168K)
[2026-06-17T09:57:00.456+0800][7.972s][info][gc,heap        ] GC(321) ParOldGen: 30243K(44032K)->30243K(44032K)
[2026-06-17T09:57:00.456+0800][7.972s][info][gc,metaspace   ] GC(321) Metaspace: 148K(384K)->148K(384K) NonClass: 143K(256K)->143K(256K) Class: 4K(128K)->4K(128K)
[2026-06-17T09:57:00.456+0800][7.972s][info][gc             ] GC(321) Pause Young (Allocation Failure) 37M->34M(57M) 4.026ms
[2026-06-17T09:57:00.457+0800][7.973s][info][gc,cpu         ] GC(321) User=0.00s Sys=0.00s Real=0.00s
[2026-06-17T09:57:00.478+0800][7.994s][info][gc,start       ] GC(322) Pause Young (Allocation Failure)
[2026-06-17T09:57:00.486+0800][8.002s][info][gc,heap        ] GC(322) PSYoungGen: 11939K(14336K)->2809K(14336K) Eden: 7167K(7168K)->0K(7168K) From: 4772K(7168K)->2809K(7168K)
[2026-06-17T09:57:00.489+0800][8.005s][info][gc,heap        ] GC(322) ParOldGen: 30243K(44032K)->32507K(44032K)
[2026-06-17T09:57:00.490+0800][8.006s][info][gc,metaspace   ] GC(322) Metaspace: 148K(384K)->148K(384K) NonClass: 143K(256K)->143K(256K) Class: 4K(128K)->4K(128K)
[2026-06-17T09:57:00.490+0800][8.006s][info][gc             ] GC(322) Pause Young (Allocation Failure) 41M->34M(57M) 12.163ms
[2026-06-17T09:57:00.490+0800][8.006s][info][gc,cpu         ] GC(322) User=0.00s Sys=0.00s Real=0.02s
[2026-06-17T09:57:00.514+0800][8.030s][info][gc,start       ] GC(323) Pause Young (Allocation Failure)
[2026-06-17T09:57:00.515+0800][8.031s][info][gc,heap        ] GC(323) PSYoungGen: 9975K(14336K)->2947K(14848K) Eden: 7165K(7168K)->0K(7680K) From: 2809K(7168K)->2947K(7168K)
[2026-06-17T09:57:00.516+0800][8.032s][info][gc,heap        ] GC(323) ParOldGen: 32507K(44032K)->32507K(44032K)
[2026-06-17T09:57:00.517+0800][8.033s][info][gc,metaspace   ] GC(323) Metaspace: 148K(384K)->148K(384K) NonClass: 143K(256K)->143K(256K) Class: 4K(128K)->4K(128K)
[2026-06-17T09:57:00.517+0800][8.033s][info][gc             ] GC(323) Pause Young (Allocation Failure) 41M->34M(57M) 3.374ms
[2026-06-17T09:57:00.517+0800][8.033s][info][gc,cpu         ] GC(323) User=0.00s Sys=0.00s Real=0.00s
[2026-06-17T09:57:00.539+0800][8.055s][info][gc,start       ] GC(324) Pause Young (Allocation Failure)
[2026-06-17T09:57:00.540+0800][8.056s][info][gc,heap        ] GC(324) PSYoungGen: 10621K(14848K)->3862K(14336K) Eden: 7673K(7680K)->0K(7680K) From: 2947K(7168K)->3862K(6656K)
[2026-06-17T09:57:00.540+0800][8.056s][info][gc,heap        ] GC(324) ParOldGen: 32507K(44032K)->32507K(44032K)
[2026-06-17T09:57:00.541+0800][8.057s][info][gc,metaspace   ] GC(324) Metaspace: 148K(384K)->148K(384K) NonClass: 143K(256K)->143K(256K) Class: 4K(128K)->4K(128K)
[2026-06-17T09:57:00.541+0800][8.057s][info][gc             ] GC(324) Pause Young (Allocation Failure) 42M->35M(57M) 2.213ms
[2026-06-17T09:57:00.541+0800][8.057s][info][gc,cpu         ] GC(324) User=0.00s Sys=0.00s Real=0.00s
[2026-06-17T09:57:00.563+0800][8.079s][info][gc,start       ] GC(325) Pause Young (Allocation Failure)
[2026-06-17T09:57:00.565+0800][8.081s][info][gc,heap        ] GC(325) PSYoungGen: 11516K(14336K)->4692K(13824K) Eden: 7653K(7680K)->0K(7168K) From: 3862K(6656K)->4692K(6656K)
[2026-06-17T09:57:00.565+0800][8.081s][info][gc,heap        ] GC(325) ParOldGen: 32507K(44032K)->32507K(44032K)
[2026-06-17T09:57:00.566+0800][8.082s][info][gc,metaspace   ] GC(325) Metaspace: 148K(384K)->148K(384K) NonClass: 143K(256K)->143K(256K) Class: 4K(128K)->4K(128K)
[2026-06-17T09:57:00.566+0800][8.082s][info][gc             ] GC(325) Pause Young (Allocation Failure) 42M->36M(56M) 3.155ms
[2026-06-17T09:57:00.566+0800][8.082s][info][gc,cpu         ] GC(325) User=0.00s Sys=0.00s Real=0.00s
[2026-06-17T09:57:00.578+0800][8.094s][info][gc,start       ] GC(326) Pause Young (Allocation Failure)
[2026-06-17T09:57:00.579+0800][8.095s][info][gc,heap        ] GC(326) PSYoungGen: 11840K(13824K)->7019K(14336K) Eden: 7148K(7168K)->0K(7168K) From: 4692K(6656K)->7019K(7168K)
[2026-06-17T09:57:00.579+0800][8.095s][info][gc,heap        ] GC(326) ParOldGen: 32507K(44032K)->33929K(44032K)
[2026-06-17T09:57:00.580+0800][8.096s][info][gc,metaspace   ] GC(326) Metaspace: 148K(384K)->148K(384K) NonClass: 143K(256K)->143K(256K) Class: 4K(128K)->4K(128K)
[2026-06-17T09:57:00.580+0800][8.096s][info][gc             ] GC(326) Pause Young (Allocation Failure) 43M->39M(57M) 2.434ms
[2026-06-17T09:57:00.581+0800][8.097s][info][gc,cpu         ] GC(326) User=0.00s Sys=0.00s Real=0.00s
[2026-06-17T09:57:00.602+0800][8.118s][info][gc,start       ] GC(327) Pause Young (Allocation Failure)
[2026-06-17T09:57:00.603+0800][8.119s][info][gc,heap        ] GC(327) PSYoungGen: 14180K(14336K)->6282K(14336K) Eden: 7161K(7168K)->0K(7168K) From: 7019K(7168K)->6282K(7168K)
[2026-06-17T09:57:00.604+0800][8.120s][info][gc,heap        ] GC(327) ParOldGen: 33929K(44032K)->34940K(44032K)
[2026-06-17T09:57:00.604+0800][8.120s][info][gc,metaspace   ] GC(327) Metaspace: 148K(384K)->148K(384K) NonClass: 143K(256K)->143K(256K) Class: 4K(128K)->4K(128K)
[2026-06-17T09:57:00.605+0800][8.121s][info][gc             ] GC(327) Pause Young (Allocation Failure) 46M->40M(57M) 2.856ms
[2026-06-17T09:57:00.605+0800][8.121s][info][gc,cpu         ] GC(327) User=0.00s Sys=0.01s Real=0.01s
[2026-06-17T09:57:00.616+0800][8.132s][info][gc,start       ] GC(328) Pause Young (Allocation Failure)
[2026-06-17T09:57:00.618+0800][8.134s][info][gc,heap        ] GC(328) PSYoungGen: 13441K(14336K)->7091K(14336K) Eden: 7159K(7168K)->0K(7168K) From: 6282K(7168K)->7091K(7168K)
[2026-06-17T09:57:00.619+0800][8.135s][info][gc,heap        ] GC(328) ParOldGen: 34940K(44032K)->37654K(44032K)
[2026-06-17T09:57:00.619+0800][8.135s][info][gc,metaspace   ] GC(328) Metaspace: 148K(384K)->148K(384K) NonClass: 143K(256K)->143K(256K) Class: 4K(128K)->4K(128K)
[2026-06-17T09:57:00.619+0800][8.135s][info][gc             ] GC(328) Pause Young (Allocation Failure) 47M->43M(57M) 3.061ms
[2026-06-17T09:57:00.620+0800][8.136s][info][gc,cpu         ] GC(328) User=0.00s Sys=0.00s Real=0.00s
[2026-06-17T09:57:00.641+0800][8.157s][info][gc,start       ] GC(329) Pause Young (Allocation Failure)
[2026-06-17T09:57:00.643+0800][8.159s][info][gc,heap        ] GC(329) PSYoungGen: 13964K(14336K)->3027K(14336K) Eden: 6873K(7168K)->0K(7168K) From: 7091K(7168K)->3027K(7168K)
[2026-06-17T09:57:00.643+0800][8.159s][info][gc,heap        ] GC(329) ParOldGen: 37654K(44032K)->38386K(44032K)
[2026-06-17T09:57:00.644+0800][8.160s][info][gc,metaspace   ] GC(329) Metaspace: 148K(384K)->148K(384K) NonClass: 143K(256K)->143K(256K) Class: 4K(128K)->4K(128K)
[2026-06-17T09:57:00.644+0800][8.160s][info][gc             ] GC(329) Pause Young (Allocation Failure) 50M->40M(57M) 3.013ms
[2026-06-17T09:57:00.645+0800][8.161s][info][gc,cpu         ] GC(329) User=0.00s Sys=0.00s Real=0.01s
[2026-06-17T09:57:00.667+0800][8.183s][info][gc,start       ] GC(330) Pause Young (Allocation Failure)
[2026-06-17T09:57:00.668+0800][8.184s][info][gc,heap        ] GC(330) PSYoungGen: 10161K(14336K)->3918K(14336K) Eden: 7134K(7168K)->0K(7168K) From: 3027K(7168K)->3918K(7168K)
[2026-06-17T09:57:00.669+0800][8.185s][info][gc,heap        ] GC(330) ParOldGen: 38386K(44032K)->41397K(44032K)
[2026-06-17T09:57:00.669+0800][8.185s][info][gc,metaspace   ] GC(330) Metaspace: 148K(384K)->148K(384K) NonClass: 143K(256K)->143K(256K) Class: 4K(128K)->4K(128K)
[2026-06-17T09:57:00.669+0800][8.185s][info][gc             ] GC(330) Pause Young (Allocation Failure) 47M->44M(57M) 2.471ms
[2026-06-17T09:57:00.670+0800][8.186s][info][gc,cpu         ] GC(330) User=0.01s Sys=0.00s Real=0.00s
[2026-06-17T09:57:00.681+0800][8.197s][info][gc,start       ] GC(331) Pause Full (Ergonomics)
[2026-06-17T09:57:00.681+0800][8.197s][info][gc,phases,start] GC(331) Marking Phase
[2026-06-17T09:57:00.682+0800][8.198s][info][gc,phases      ] GC(331) Marking Phase 1.084ms
[2026-06-17T09:57:00.683+0800][8.199s][info][gc,phases,start] GC(331) Summary Phase
[2026-06-17T09:57:00.683+0800][8.199s][info][gc,phases      ] GC(331) Summary Phase 0.263ms
[2026-06-17T09:57:00.683+0800][8.199s][info][gc,phases,start] GC(331) Adjust Roots
[2026-06-17T09:57:00.683+0800][8.199s][info][gc,phases      ] GC(331) Adjust Roots 0.377ms
[2026-06-17T09:57:00.684+0800][8.200s][info][gc,phases,start] GC(331) Compaction Phase
[2026-06-17T09:57:00.685+0800][8.201s][info][gc,phases      ] GC(331) Compaction Phase 1.641ms
[2026-06-17T09:57:00.686+0800][8.202s][info][gc,phases,start] GC(331) Post Compact
[2026-06-17T09:57:00.686+0800][8.202s][info][gc,phases      ] GC(331) Post Compact 0.374ms
[2026-06-17T09:57:00.686+0800][8.202s][info][gc,heap        ] GC(331) PSYoungGen: 10845K(14336K)->0K(14336K) Eden: 6926K(7168K)->0K(7168K) From: 3918K(7168K)->0K(7168K)
[2026-06-17T09:57:00.687+0800][8.203s][info][gc,heap        ] GC(331) ParOldGen: 41397K(44032K)->22058K(44032K)
[2026-06-17T09:57:00.687+0800][8.203s][info][gc,metaspace   ] GC(331) Metaspace: 148K(384K)->148K(384K) NonClass: 143K(256K)->143K(256K) Class: 4K(128K)->4K(128K)
[2026-06-17T09:57:00.687+0800][8.203s][info][gc             ] GC(331) Pause Full (Ergonomics) 51M->21M(57M) 6.289ms
[2026-06-17T09:57:00.687+0800][8.203s][info][gc,cpu         ] GC(331) User=0.00s Sys=0.00s Real=0.01s
[2026-06-17T09:57:00.708+0800][8.224s][info][gc,start       ] GC(332) Pause Young (Allocation Failure)
[2026-06-17T09:57:00.711+0800][8.227s][info][gc,heap        ] GC(332) PSYoungGen: 7151K(14336K)->3803K(14336K) Eden: 7151K(7168K)->0K(7168K) From: 0K(7168K)->3803K(7168K)
[2026-06-17T09:57:00.712+0800][8.228s][info][gc,heap        ] GC(332) ParOldGen: 22058K(44032K)->22058K(44032K)
[2026-06-17T09:57:00.712+0800][8.228s][info][gc,metaspace   ] GC(332) Metaspace: 148K(384K)->148K(384K) NonClass: 143K(256K)->143K(256K) Class: 4K(128K)->4K(128K)
[2026-06-17T09:57:00.713+0800][8.229s][info][gc             ] GC(332) Pause Young (Allocation Failure) 28M->25M(57M) 4.117ms
[2026-06-17T09:57:00.713+0800][8.229s][info][gc,cpu         ] GC(332) User=0.00s Sys=0.00s Real=0.01s
[2026-06-17T09:57:00.734+0800][8.250s][info][gc,start       ] GC(333) Pause Young (Allocation Failure)
[2026-06-17T09:57:00.735+0800][8.251s][info][gc,heap        ] GC(333) PSYoungGen: 10941K(14336K)->3388K(14336K) Eden: 7138K(7168K)->0K(7168K) From: 3803K(7168K)->3388K(7168K)
[2026-06-17T09:57:00.736+0800][8.252s][info][gc,heap        ] GC(333) ParOldGen: 22058K(44032K)->22434K(44032K)
[2026-06-17T09:57:00.736+0800][8.252s][info][gc,metaspace   ] GC(333) Metaspace: 148K(384K)->148K(384K) NonClass: 143K(256K)->143K(256K) Class: 4K(128K)->4K(128K)
[2026-06-17T09:57:00.737+0800][8.253s][info][gc             ] GC(333) Pause Young (Allocation Failure) 32M->25M(57M) 3.055ms
[2026-06-17T09:57:00.738+0800][8.254s][info][gc,cpu         ] GC(333) User=0.00s Sys=0.00s Real=0.00s
[2026-06-17T09:57:00.759+0800][8.275s][info][gc,start       ] GC(334) Pause Young (Allocation Failure)
[2026-06-17T09:57:00.760+0800][8.276s][info][gc,heap        ] GC(334) PSYoungGen: 10538K(14336K)->1625K(14336K) Eden: 7149K(7168K)->0K(7168K) From: 3388K(7168K)->1625K(7168K)
[2026-06-17T09:57:00.760+0800][8.276s][info][gc,heap        ] GC(334) ParOldGen: 22434K(44032K)->24044K(44032K)
[2026-06-17T09:57:00.761+0800][8.277s][info][gc,metaspace   ] GC(334) Metaspace: 148K(384K)->148K(384K) NonClass: 143K(256K)->143K(256K) Class: 4K(128K)->4K(128K)
[2026-06-17T09:57:00.761+0800][8.277s][info][gc             ] GC(334) Pause Young (Allocation Failure) 32M->25M(57M) 1.412ms
[2026-06-17T09:57:00.761+0800][8.277s][info][gc,cpu         ] GC(334) User=0.00s Sys=0.00s Real=0.00s
[2026-06-17T09:57:00.782+0800][8.298s][info][gc,start       ] GC(335) Pause Young (Allocation Failure)
[2026-06-17T09:57:00.782+0800][8.298s][info][gc,heap        ] GC(335) PSYoungGen: 8761K(14336K)->2241K(14336K) Eden: 7135K(7168K)->0K(7168K) From: 1625K(7168K)->2241K(7168K)
[2026-06-17T09:57:00.783+0800][8.299s][info][gc,heap        ] GC(335) ParOldGen: 24044K(44032K)->24044K(44032K)
[2026-06-17T09:57:00.783+0800][8.299s][info][gc,metaspace   ] GC(335) Metaspace: 148K(384K)->148K(384K) NonClass: 143K(256K)->143K(256K) Class: 4K(128K)->4K(128K)
[2026-06-17T09:57:00.783+0800][8.299s][info][gc             ] GC(335) Pause Young (Allocation Failure) 32M->25M(57M) 1.184ms
[2026-06-17T09:57:00.783+0800][8.299s][info][gc,cpu         ] GC(335) User=0.00s Sys=0.00s Real=0.01s
[2026-06-17T09:57:00.794+0800][8.310s][info][gc,start       ] GC(336) Pause Young (Allocation Failure)
[2026-06-17T09:57:00.795+0800][8.311s][info][gc,heap        ] GC(336) PSYoungGen: 9284K(14336K)->32K(14336K) Eden: 7043K(7168K)->0K(7168K) From: 2241K(7168K)->32K(7168K)
[2026-06-17T09:57:00.795+0800][8.311s][info][gc,heap        ] GC(336) ParOldGen: 24044K(44032K)->25971K(44032K)
[2026-06-17T09:57:00.795+0800][8.311s][info][gc,metaspace   ] GC(336) Metaspace: 148K(384K)->148K(384K) NonClass: 143K(256K)->143K(256K) Class: 4K(128K)->4K(128K)
[2026-06-17T09:57:00.796+0800][8.312s][info][gc             ] GC(336) Pause Young (Allocation Failure) 32M->25M(57M) 1.679ms
[2026-06-17T09:57:00.796+0800][8.312s][info][gc,cpu         ] GC(336) User=0.00s Sys=0.00s Real=0.00s
[2026-06-17T09:57:00.817+0800][8.333s][info][gc,start       ] GC(337) Pause Young (Allocation Failure)
[2026-06-17T09:57:00.817+0800][8.334s][info][gc,heap        ] GC(337) PSYoungGen: 7179K(14336K)->3663K(14336K) Eden: 7147K(7168K)->0K(7168K) From: 32K(7168K)->3663K(7168K)
[2026-06-17T09:57:00.818+0800][8.334s][info][gc,heap        ] GC(337) ParOldGen: 25971K(44032K)->25979K(44032K)
[2026-06-17T09:57:00.818+0800][8.334s][info][gc,metaspace   ] GC(337) Metaspace: 148K(384K)->148K(384K) NonClass: 143K(256K)->143K(256K) Class: 4K(128K)->4K(128K)
[2026-06-17T09:57:00.818+0800][8.334s][info][gc             ] GC(337) Pause Young (Allocation Failure) 32M->28M(57M) 1.756ms
[2026-06-17T09:57:00.819+0800][8.335s][info][gc,cpu         ] GC(337) User=0.00s Sys=0.00s Real=0.00s
[2026-06-17T09:57:00.830+0800][8.346s][info][gc,start       ] GC(338) Pause Young (Allocation Failure)
[2026-06-17T09:57:00.831+0800][8.347s][info][gc,heap        ] GC(338) PSYoungGen: 10810K(14336K)->2364K(14336K) Eden: 7147K(7168K)->0K(7168K) From: 3663K(7168K)->2364K(7168K)
[2026-06-17T09:57:00.831+0800][8.347s][info][gc,heap        ] GC(338) ParOldGen: 25979K(44032K)->27760K(44032K)
[2026-06-17T09:57:00.831+0800][8.347s][info][gc,metaspace   ] GC(338) Metaspace: 148K(384K)->148K(384K) NonClass: 143K(256K)->143K(256K) Class: 4K(128K)->4K(128K)
[2026-06-17T09:57:00.832+0800][8.348s][info][gc             ] GC(338) Pause Young (Allocation Failure) 35M->29M(57M) 1.911ms
[2026-06-17T09:57:00.834+0800][8.350s][info][gc,cpu         ] GC(338) User=0.01s Sys=0.00s Real=0.01s
[2026-06-17T09:57:00.857+0800][8.373s][info][gc,start       ] GC(339) Pause Young (Allocation Failure)
[2026-06-17T09:57:00.858+0800][8.374s][info][gc,heap        ] GC(339) PSYoungGen: 9521K(14336K)->3815K(14336K) Eden: 7157K(7168K)->0K(7168K) From: 2364K(7168K)->3815K(7168K)
[2026-06-17T09:57:00.858+0800][8.374s][info][gc,heap        ] GC(339) ParOldGen: 27760K(44032K)->30100K(44032K)
[2026-06-17T09:57:00.858+0800][8.374s][info][gc,metaspace   ] GC(339) Metaspace: 148K(384K)->148K(384K) NonClass: 143K(256K)->143K(256K) Class: 4K(128K)->4K(128K)
[2026-06-17T09:57:00.858+0800][8.374s][info][gc             ] GC(339) Pause Young (Allocation Failure) 36M->33M(57M) 1.629ms
[2026-06-17T09:57:00.858+0800][8.374s][info][gc,cpu         ] GC(339) User=0.00s Sys=0.00s Real=0.00s
[2026-06-17T09:57:00.879+0800][8.395s][info][gc,start       ] GC(340) Pause Young (Allocation Failure)
[2026-06-17T09:57:00.880+0800][8.396s][info][gc,heap        ] GC(340) PSYoungGen: 10942K(14336K)->3198K(14336K) Eden: 7127K(7168K)->0K(7168K) From: 3815K(7168K)->3198K(7168K)
[2026-06-17T09:57:00.881+0800][8.397s][info][gc,heap        ] GC(340) ParOldGen: 30100K(44032K)->30939K(44032K)
[2026-06-17T09:57:00.881+0800][8.397s][info][gc,metaspace   ] GC(340) Metaspace: 148K(384K)->148K(384K) NonClass: 143K(256K)->143K(256K) Class: 4K(128K)->4K(128K)
[2026-06-17T09:57:00.881+0800][8.397s][info][gc             ] GC(340) Pause Young (Allocation Failure) 40M->33M(57M) 1.504ms
[2026-06-17T09:57:00.881+0800][8.397s][info][gc,cpu         ] GC(340) User=0.00s Sys=0.00s Real=0.00s
[2026-06-17T09:57:00.902+0800][8.418s][info][gc,start       ] GC(341) Pause Young (Allocation Failure)
[2026-06-17T09:57:00.903+0800][8.419s][info][gc,heap        ] GC(341) PSYoungGen: 10325K(14336K)->3696K(14848K) Eden: 7127K(7168K)->0K(7680K) From: 3198K(7168K)->3696K(7168K)
[2026-06-17T09:57:00.904+0800][8.420s][info][gc,heap        ] GC(341) ParOldGen: 30939K(44032K)->30939K(44032K)
[2026-06-17T09:57:00.904+0800][8.420s][info][gc,metaspace   ] GC(341) Metaspace: 148K(384K)->148K(384K) NonClass: 143K(256K)->143K(256K) Class: 4K(128K)->4K(128K)
[2026-06-17T09:57:00.904+0800][8.420s][info][gc             ] GC(341) Pause Young (Allocation Failure) 40M->33M(57M) 1.954ms
[2026-06-17T09:57:00.904+0800][8.420s][info][gc,cpu         ] GC(341) User=0.00s Sys=0.00s Real=0.01s
[2026-06-17T09:57:00.926+0800][8.442s][info][gc,start       ] GC(342) Pause Young (Allocation Failure)
[2026-06-17T09:57:00.927+0800][8.443s][info][gc,heap        ] GC(342) PSYoungGen: 11364K(14848K)->4432K(14336K) Eden: 7667K(7680K)->0K(7680K) From: 3696K(7168K)->4432K(6656K)
[2026-06-17T09:57:00.927+0800][8.443s][info][gc,heap        ] GC(342) ParOldGen: 30939K(44032K)->30939K(44032K)
[2026-06-17T09:57:00.927+0800][8.443s][info][gc,metaspace   ] GC(342) Metaspace: 148K(384K)->148K(384K) NonClass: 143K(256K)->143K(256K) Class: 4K(128K)->4K(128K)
[2026-06-17T09:57:00.927+0800][8.443s][info][gc             ] GC(342) Pause Young (Allocation Failure) 41M->34M(57M) 1.779ms
[2026-06-17T09:57:00.927+0800][8.443s][info][gc,cpu         ] GC(342) User=0.00s Sys=0.00s Real=0.00s
[2026-06-17T09:57:00.939+0800][8.455s][info][gc,start       ] GC(343) Pause Young (Allocation Failure)
[2026-06-17T09:57:00.943+0800][8.459s][info][gc,heap        ] GC(343) PSYoungGen: 12061K(14336K)->2892K(14848K) Eden: 7628K(7680K)->0K(8192K) From: 4432K(6656K)->2892K(6656K)
[2026-06-17T09:57:00.948+0800][8.464s][info][gc,heap        ] GC(343) ParOldGen: 30939K(44032K)->33121K(44032K)
[2026-06-17T09:57:00.950+0800][8.466s][info][gc,metaspace   ] GC(343) Metaspace: 148K(384K)->148K(384K) NonClass: 143K(256K)->143K(256K) Class: 4K(128K)->4K(128K)
[2026-06-17T09:57:00.950+0800][8.466s][info][gc             ] GC(343) Pause Young (Allocation Failure) 41M->35M(57M) 11.789ms
[2026-06-17T09:57:00.951+0800][8.467s][info][gc,cpu         ] GC(343) User=0.00s Sys=0.00s Real=0.02s
[2026-06-17T09:57:00.983+0800][8.499s][info][gc,start       ] GC(344) Pause Young (Allocation Failure)
[2026-06-17T09:57:00.984+0800][8.500s][info][gc,heap        ] GC(344) PSYoungGen: 11079K(14848K)->3995K(14848K) Eden: 8187K(8192K)->0K(8192K) From: 2892K(6656K)->3995K(6656K)
[2026-06-17T09:57:00.984+0800][8.500s][info][gc,heap        ] GC(344) ParOldGen: 33121K(44032K)->33121K(44032K)
[2026-06-17T09:57:00.985+0800][8.501s][info][gc,metaspace   ] GC(344) Metaspace: 148K(384K)->148K(384K) NonClass: 143K(256K)->143K(256K) Class: 4K(128K)->4K(128K)
[2026-06-17T09:57:00.986+0800][8.502s][info][gc             ] GC(344) Pause Young (Allocation Failure) 43M->36M(57M) 3.098ms
[2026-06-17T09:57:00.986+0800][8.502s][info][gc,cpu         ] GC(344) User=0.00s Sys=0.00s Real=0.00s
[2026-06-17T09:57:00.998+0800][8.514s][info][gc,start       ] GC(345) Pause Young (Allocation Failure)
[2026-06-17T09:57:00.999+0800][8.515s][info][gc,heap        ] GC(345) PSYoungGen: 12168K(14848K)->6626K(13824K) Eden: 8173K(8192K)->0K(7168K) From: 3995K(6656K)->6626K(6656K)
[2026-06-17T09:57:01.000+0800][8.516s][info][gc,heap        ] GC(345) ParOldGen: 33121K(44032K)->35181K(44032K)
[2026-06-17T09:57:01.000+0800][8.516s][info][gc,metaspace   ] GC(345) Metaspace: 148K(384K)->148K(384K) NonClass: 143K(256K)->143K(256K) Class: 4K(128K)->4K(128K)
[2026-06-17T09:57:01.001+0800][8.517s][info][gc             ] GC(345) Pause Young (Allocation Failure) 44M->40M(56M) 3.436ms
[2026-06-17T09:57:01.002+0800][8.518s][info][gc,cpu         ] GC(345) User=0.01s Sys=0.00s Real=0.00s
[2026-06-17T09:57:01.023+0800][8.539s][info][gc,start       ] GC(346) Pause Young (Allocation Failure)
[2026-06-17T09:57:01.025+0800][8.541s][info][gc,heap        ] GC(346) PSYoungGen: 13789K(13824K)->4483K(14336K) Eden: 7162K(7168K)->0K(7168K) From: 6626K(6656K)->4483K(7168K)
[2026-06-17T09:57:01.025+0800][8.541s][info][gc,heap        ] GC(346) ParOldGen: 35181K(44032K)->37523K(44032K)
[2026-06-17T09:57:01.026+0800][8.542s][info][gc,metaspace   ] GC(346) Metaspace: 148K(384K)->148K(384K) NonClass: 143K(256K)->143K(256K) Class: 4K(128K)->4K(128K)
[2026-06-17T09:57:01.026+0800][8.542s][info][gc             ] GC(346) Pause Young (Allocation Failure) 47M->41M(57M) 3.206ms
[2026-06-17T09:57:01.027+0800][8.543s][info][gc,cpu         ] GC(346) User=0.00s Sys=0.00s Real=0.00s
[2026-06-17T09:57:01.049+0800][8.565s][info][gc,start       ] GC(347) Pause Young (Allocation Failure)
[2026-06-17T09:57:01.050+0800][8.566s][info][gc,heap        ] GC(347) PSYoungGen: 11640K(14336K)->4141K(14336K) Eden: 7157K(7168K)->0K(7168K) From: 4483K(7168K)->4141K(7168K)
[2026-06-17T09:57:01.050+0800][8.566s][info][gc,heap        ] GC(347) ParOldGen: 37523K(44032K)->38344K(44032K)
[2026-06-17T09:57:01.050+0800][8.566s][info][gc,metaspace   ] GC(347) Metaspace: 148K(384K)->148K(384K) NonClass: 143K(256K)->143K(256K) Class: 4K(128K)->4K(128K)
[2026-06-17T09:57:01.050+0800][8.566s][info][gc             ] GC(347) Pause Young (Allocation Failure) 48M->41M(57M) 1.773ms
[2026-06-17T09:57:01.051+0800][8.567s][info][gc,cpu         ] GC(347) User=0.00s Sys=0.00s Real=0.01s
[2026-06-17T09:57:01.061+0800][8.577s][info][gc,start       ] GC(348) Pause Young (Allocation Failure)
[2026-06-17T09:57:01.062+0800][8.578s][info][gc,heap        ] GC(348) PSYoungGen: 11085K(14336K)->3665K(14336K) Eden: 6943K(7168K)->0K(7168K) From: 4141K(7168K)->3665K(7168K)
[2026-06-17T09:57:01.062+0800][8.578s][info][gc,heap        ] GC(348) ParOldGen: 38344K(44032K)->38635K(44032K)
[2026-06-17T09:57:01.063+0800][8.579s][info][gc,metaspace   ] GC(348) Metaspace: 148K(384K)->148K(384K) NonClass: 143K(256K)->143K(256K) Class: 4K(128K)->4K(128K)
[2026-06-17T09:57:01.063+0800][8.579s][info][gc             ] GC(348) Pause Young (Allocation Failure) 48M->41M(57M) 1.394ms
[2026-06-17T09:57:01.063+0800][8.579s][info][gc,cpu         ] GC(348) User=0.00s Sys=0.00s Real=0.01s
[2026-06-17T09:57:01.084+0800][8.600s][info][gc,start       ] GC(349) Pause Young (Allocation Failure)
[2026-06-17T09:57:01.085+0800][8.601s][info][gc,heap        ] GC(349) PSYoungGen: 10825K(14336K)->4162K(14848K) Eden: 7160K(7168K)->0K(7680K) From: 3665K(7168K)->4162K(7168K)
[2026-06-17T09:57:01.085+0800][8.601s][info][gc,heap        ] GC(349) ParOldGen: 38635K(44032K)->41988K(44032K)
[2026-06-17T09:57:01.085+0800][8.602s][info][gc,metaspace   ] GC(349) Metaspace: 148K(384K)->148K(384K) NonClass: 143K(256K)->143K(256K) Class: 4K(128K)->4K(128K)
[2026-06-17T09:57:01.086+0800][8.602s][info][gc             ] GC(349) Pause Young (Allocation Failure) 48M->45M(57M) 1.821ms
[2026-06-17T09:57:01.086+0800][8.602s][info][gc,cpu         ] GC(349) User=0.00s Sys=0.00s Real=0.00s
[2026-06-17T09:57:01.107+0800][8.623s][info][gc,start       ] GC(350) Pause Full (Ergonomics)
[2026-06-17T09:57:01.107+0800][8.623s][info][gc,phases,start] GC(350) Marking Phase
[2026-06-17T09:57:01.108+0800][8.624s][info][gc,phases      ] GC(350) Marking Phase 0.765ms
[2026-06-17T09:57:01.108+0800][8.624s][info][gc,phases,start] GC(350) Summary Phase
[2026-06-17T09:57:01.108+0800][8.624s][info][gc,phases      ] GC(350) Summary Phase 0.207ms
[2026-06-17T09:57:01.109+0800][8.625s][info][gc,phases,start] GC(350) Adjust Roots
[2026-06-17T09:57:01.109+0800][8.625s][info][gc,phases      ] GC(350) Adjust Roots 0.496ms
[2026-06-17T09:57:01.109+0800][8.625s][info][gc,phases,start] GC(350) Compaction Phase
[2026-06-17T09:57:01.111+0800][8.627s][info][gc,phases      ] GC(350) Compaction Phase 1.581ms
[2026-06-17T09:57:01.111+0800][8.627s][info][gc,phases,start] GC(350) Post Compact
[2026-06-17T09:57:01.111+0800][8.627s][info][gc,phases      ] GC(350) Post Compact 0.268ms
[2026-06-17T09:57:01.111+0800][8.627s][info][gc,heap        ] GC(350) PSYoungGen: 11841K(14848K)->0K(14336K) Eden: 7678K(7680K)->0K(7680K) From: 4162K(7168K)->0K(6656K)
[2026-06-17T09:57:01.111+0800][8.627s][info][gc,heap        ] GC(350) ParOldGen: 41988K(44032K)->27567K(44032K)
[2026-06-17T09:57:01.112+0800][8.628s][info][gc,metaspace   ] GC(350) Metaspace: 148K(384K)->148K(384K) NonClass: 143K(256K)->143K(256K) Class: 4K(128K)->4K(128K)
[2026-06-17T09:57:01.112+0800][8.628s][info][gc             ] GC(350) Pause Full (Ergonomics) 52M->26M(57M) 4.844ms
[2026-06-17T09:57:01.112+0800][8.628s][info][gc,cpu         ] GC(350) User=0.01s Sys=0.00s Real=0.01s
[2026-06-17T09:57:01.133+0800][8.649s][info][gc,start       ] GC(351) Pause Young (Allocation Failure)
[2026-06-17T09:57:01.135+0800][8.651s][info][gc,heap        ] GC(351) PSYoungGen: 7627K(14336K)->4471K(14848K) Eden: 7627K(7680K)->0K(8192K) From: 0K(6656K)->4471K(6656K)
[2026-06-17T09:57:01.136+0800][8.652s][info][gc,heap        ] GC(351) ParOldGen: 27567K(44032K)->27567K(44032K)
[2026-06-17T09:57:01.137+0800][8.653s][info][gc,metaspace   ] GC(351) Metaspace: 148K(384K)->148K(384K) NonClass: 143K(256K)->143K(256K) Class: 4K(128K)->4K(128K)
[2026-06-17T09:57:01.140+0800][8.656s][info][gc             ] GC(351) Pause Young (Allocation Failure) 34M->31M(57M) 6.872ms
[2026-06-17T09:57:01.141+0800][8.657s][info][gc,cpu         ] GC(351) User=0.00s Sys=0.00s Real=0.00s
[2026-06-17T09:57:01.163+0800][8.679s][info][gc,start       ] GC(352) Pause Young (Allocation Failure)
[2026-06-17T09:57:01.165+0800][8.681s][info][gc,heap        ] GC(352) PSYoungGen: 12623K(14848K)->3527K(14848K) Eden: 8151K(8192K)->0K(8192K) From: 4471K(6656K)->3527K(6656K)
[2026-06-17T09:57:01.167+0800][8.683s][info][gc,heap        ] GC(352) ParOldGen: 27567K(44032K)->29824K(44032K)
[2026-06-17T09:57:01.170+0800][8.686s][info][gc,metaspace   ] GC(352) Metaspace: 148K(384K)->148K(384K) NonClass: 143K(256K)->143K(256K) Class: 4K(128K)->4K(128K)
[2026-06-17T09:57:01.172+0800][8.688s][info][gc             ] GC(352) Pause Young (Allocation Failure) 39M->32M(57M) 9.299ms
[2026-06-17T09:57:01.176+0800][8.692s][info][gc,cpu         ] GC(352) User=0.00s Sys=0.00s Real=0.01s
[2026-06-17T09:57:01.197+0800][8.713s][info][gc,start       ] GC(353) Pause Young (Allocation Failure)
[2026-06-17T09:57:01.199+0800][8.715s][info][gc,heap        ] GC(353) PSYoungGen: 11716K(14848K)->2911K(14848K) Eden: 8188K(8192K)->0K(8192K) From: 3527K(6656K)->2911K(6656K)
[2026-06-17T09:57:01.199+0800][8.715s][info][gc,heap        ] GC(353) ParOldGen: 29824K(44032K)->31697K(44032K)
[2026-06-17T09:57:01.201+0800][8.717s][info][gc,metaspace   ] GC(353) Metaspace: 148K(384K)->148K(384K) NonClass: 143K(256K)->143K(256K) Class: 4K(128K)->4K(128K)
[2026-06-17T09:57:01.201+0800][8.717s][info][gc             ] GC(353) Pause Young (Allocation Failure) 40M->33M(57M) 3.987ms
[2026-06-17T09:57:01.201+0800][8.717s][info][gc,cpu         ] GC(353) User=0.01s Sys=0.00s Real=0.00s
[2026-06-17T09:57:01.223+0800][8.739s][info][gc,start       ] GC(354) Pause Young (Allocation Failure)
[2026-06-17T09:57:01.225+0800][8.741s][info][gc,heap        ] GC(354) PSYoungGen: 11099K(14848K)->2771K(14848K) Eden: 8188K(8192K)->0K(8192K) From: 2911K(6656K)->2771K(6656K)
[2026-06-17T09:57:01.226+0800][8.742s][info][gc,heap        ] GC(354) ParOldGen: 31697K(44032K)->33477K(44032K)
[2026-06-17T09:57:01.228+0800][8.744s][info][gc,metaspace   ] GC(354) Metaspace: 148K(384K)->148K(384K) NonClass: 143K(256K)->143K(256K) Class: 4K(128K)->4K(128K)
[2026-06-17T09:57:01.230+0800][8.746s][info][gc             ] GC(354) Pause Young (Allocation Failure) 41M->35M(57M) 7.578ms
[2026-06-17T09:57:01.234+0800][8.750s][info][gc,cpu         ] GC(354) User=0.00s Sys=0.00s Real=0.01s
[2026-06-17T09:57:01.256+0800][8.772s][info][gc,start       ] GC(355) Pause Young (Allocation Failure)
[2026-06-17T09:57:01.257+0800][8.773s][info][gc,heap        ] GC(355) PSYoungGen: 10955K(14848K)->3852K(15360K) Eden: 8184K(8192K)->0K(9216K) From: 2771K(6656K)->3852K(6144K)
[2026-06-17T09:57:01.257+0800][8.773s][info][gc,heap        ] GC(355) ParOldGen: 33477K(44032K)->33477K(44032K)
[2026-06-17T09:57:01.257+0800][8.773s][info][gc,metaspace   ] GC(355) Metaspace: 148K(384K)->148K(384K) NonClass: 143K(256K)->143K(256K) Class: 4K(128K)->4K(128K)
[2026-06-17T09:57:01.257+0800][8.773s][info][gc             ] GC(355) Pause Young (Allocation Failure) 43M->36M(58M) 1.220ms
[2026-06-17T09:57:01.258+0800][8.774s][info][gc,cpu         ] GC(355) User=0.00s Sys=0.00s Real=0.00s
[2026-06-17T09:57:01.279+0800][8.795s][info][gc,start       ] GC(356) Pause Young (Allocation Failure)
[2026-06-17T09:57:01.280+0800][8.796s][info][gc,heap        ] GC(356) PSYoungGen: 13051K(15360K)->4330K(15360K) Eden: 9199K(9216K)->0K(9216K) From: 3852K(6144K)->4330K(6144K)
[2026-06-17T09:57:01.280+0800][8.796s][info][gc,heap        ] GC(356) ParOldGen: 33477K(44032K)->35305K(44032K)
[2026-06-17T09:57:01.280+0800][8.796s][info][gc,metaspace   ] GC(356) Metaspace: 148K(384K)->148K(384K) NonClass: 143K(256K)->143K(256K) Class: 4K(128K)->4K(128K)
[2026-06-17T09:57:01.281+0800][8.797s][info][gc             ] GC(356) Pause Young (Allocation Failure) 45M->38M(58M) 1.887ms
[2026-06-17T09:57:01.281+0800][8.797s][info][gc,cpu         ] GC(356) User=0.00s Sys=0.00s Real=0.00s
[2026-06-17T09:57:01.302+0800][8.818s][info][gc,start       ] GC(357) Pause Young (Allocation Failure)
[2026-06-17T09:57:01.303+0800][8.819s][info][gc,heap        ] GC(357) PSYoungGen: 13271K(15360K)->155K(14336K) Eden: 8940K(9216K)->0K(8192K) From: 4330K(6144K)->155K(6144K)
[2026-06-17T09:57:01.304+0800][8.820s][info][gc,heap        ] GC(357) ParOldGen: 35305K(44032K)->38081K(44032K)
[2026-06-17T09:57:01.304+0800][8.820s][info][gc,metaspace   ] GC(357) Metaspace: 148K(384K)->148K(384K) NonClass: 143K(256K)->143K(256K) Class: 4K(128K)->4K(128K)
[2026-06-17T09:57:01.304+0800][8.820s][info][gc             ] GC(357) Pause Young (Allocation Failure) 47M->37M(57M) 2.121ms
[2026-06-17T09:57:01.304+0800][8.820s][info][gc,cpu         ] GC(357) User=0.00s Sys=0.00s Real=0.01s
[2026-06-17T09:57:01.326+0800][8.842s][info][gc,start       ] GC(358) Pause Young (Allocation Failure)
[2026-06-17T09:57:01.327+0800][8.843s][info][gc,heap        ] GC(358) PSYoungGen: 8341K(14336K)->5136K(13824K) Eden: 8186K(8192K)->0K(8192K) From: 155K(6144K)->5136K(5632K)
[2026-06-17T09:57:01.327+0800][8.843s][info][gc,heap        ] GC(358) ParOldGen: 38081K(44032K)->38212K(44032K)
[2026-06-17T09:57:01.328+0800][8.844s][info][gc,metaspace   ] GC(358) Metaspace: 148K(384K)->148K(384K) NonClass: 143K(256K)->143K(256K) Class: 4K(128K)->4K(128K)
[2026-06-17T09:57:01.328+0800][8.844s][info][gc             ] GC(358) Pause Young (Allocation Failure) 45M->42M(56M) 2.293ms
[2026-06-17T09:57:01.328+0800][8.844s][info][gc,cpu         ] GC(358) User=0.00s Sys=0.00s Real=0.00s
[2026-06-17T09:57:01.349+0800][8.866s][info][gc,start       ] GC(359) Pause Young (Allocation Failure)
[2026-06-17T09:57:01.350+0800][8.866s][info][gc,heap        ] GC(359) PSYoungGen: 13305K(13824K)->4236K(14848K) Eden: 8169K(8192K)->0K(7680K) From: 5136K(5632K)->4236K(7168K)
[2026-06-17T09:57:01.351+0800][8.867s][info][gc,heap        ] GC(359) ParOldGen: 38212K(44032K)->40086K(44032K)
[2026-06-17T09:57:01.351+0800][8.867s][info][gc,metaspace   ] GC(359) Metaspace: 148K(384K)->148K(384K) NonClass: 143K(256K)->143K(256K) Class: 4K(128K)->4K(128K)
[2026-06-17T09:57:01.351+0800][8.867s][info][gc             ] GC(359) Pause Young (Allocation Failure) 50M->43M(57M) 1.401ms
[2026-06-17T09:57:01.351+0800][8.867s][info][gc,cpu         ] GC(359) User=0.00s Sys=0.00s Real=0.01s
[2026-06-17T09:57:01.372+0800][8.888s][info][gc,start       ] GC(360) Pause Full (Ergonomics)
[2026-06-17T09:57:01.372+0800][8.888s][info][gc,phases,start] GC(360) Marking Phase
[2026-06-17T09:57:01.373+0800][8.889s][info][gc,phases      ] GC(360) Marking Phase 0.741ms
[2026-06-17T09:57:01.373+0800][8.889s][info][gc,phases,start] GC(360) Summary Phase
[2026-06-17T09:57:01.374+0800][8.890s][info][gc,phases      ] GC(360) Summary Phase 0.137ms
[2026-06-17T09:57:01.374+0800][8.890s][info][gc,phases,start] GC(360) Adjust Roots
[2026-06-17T09:57:01.374+0800][8.890s][info][gc,phases      ] GC(360) Adjust Roots 0.223ms
[2026-06-17T09:57:01.374+0800][8.890s][info][gc,phases,start] GC(360) Compaction Phase
[2026-06-17T09:57:01.376+0800][8.892s][info][gc,phases      ] GC(360) Compaction Phase 1.600ms
[2026-06-17T09:57:01.376+0800][8.892s][info][gc,phases,start] GC(360) Post Compact
[2026-06-17T09:57:01.376+0800][8.892s][info][gc,phases      ] GC(360) Post Compact 0.280ms
[2026-06-17T09:57:01.376+0800][8.892s][info][gc,heap        ] GC(360) PSYoungGen: 11913K(14848K)->0K(14336K) Eden: 7677K(7680K)->0K(7680K) From: 4236K(7168K)->0K(6656K)
[2026-06-17T09:57:01.377+0800][8.893s][info][gc,heap        ] GC(360) ParOldGen: 40086K(44032K)->32400K(44032K)
[2026-06-17T09:57:01.377+0800][8.893s][info][gc,metaspace   ] GC(360) Metaspace: 148K(384K)->148K(384K) NonClass: 143K(256K)->143K(256K) Class: 4K(128K)->4K(128K)
[2026-06-17T09:57:01.377+0800][8.893s][info][gc             ] GC(360) Pause Full (Ergonomics) 50M->31M(57M) 4.519ms
[2026-06-17T09:57:01.377+0800][8.893s][info][gc,cpu         ] GC(360) User=0.00s Sys=0.00s Real=0.00s
[2026-06-17T09:57:01.398+0800][8.914s][info][gc,start       ] GC(361) Pause Young (Allocation Failure)
[2026-06-17T09:57:01.399+0800][8.915s][info][gc,heap        ] GC(361) PSYoungGen: 7648K(14336K)->4064K(14848K) Eden: 7648K(7680K)->0K(8192K) From: 0K(6656K)->4064K(6656K)
[2026-06-17T09:57:01.399+0800][8.915s][info][gc,heap        ] GC(361) ParOldGen: 32400K(44032K)->32400K(44032K)
[2026-06-17T09:57:01.399+0800][8.915s][info][gc,metaspace   ] GC(361) Metaspace: 148K(384K)->148K(384K) NonClass: 143K(256K)->143K(256K) Class: 4K(128K)->4K(128K)
[2026-06-17T09:57:01.399+0800][8.915s][info][gc             ] GC(361) Pause Young (Allocation Failure) 39M->35M(57M) 1.412ms
[2026-06-17T09:57:01.400+0800][8.916s][info][gc,cpu         ] GC(361) User=0.01s Sys=0.00s Real=0.00s
[2026-06-17T09:57:01.422+0800][8.938s][info][gc,start       ] GC(362) Pause Young (Allocation Failure)
[2026-06-17T09:57:01.424+0800][8.940s][info][gc,heap        ] GC(362) PSYoungGen: 12256K(14848K)->2767K(14848K) Eden: 8192K(8192K)->0K(8192K) From: 4064K(6656K)->2767K(6656K)
[2026-06-17T09:57:01.425+0800][8.941s][info][gc,heap        ] GC(362) ParOldGen: 32400K(44032K)->35394K(44032K)
[2026-06-17T09:57:01.425+0800][8.941s][info][gc,metaspace   ] GC(362) Metaspace: 148K(384K)->148K(384K) NonClass: 143K(256K)->143K(256K) Class: 4K(128K)->4K(128K)
[2026-06-17T09:57:01.426+0800][8.942s][info][gc             ] GC(362) Pause Young (Allocation Failure) 43M->37M(57M) 4.096ms
[2026-06-17T09:57:01.426+0800][8.942s][info][gc,cpu         ] GC(362) User=0.00s Sys=0.00s Real=0.01s
[2026-06-17T09:57:01.449+0800][8.965s][info][gc,start       ] GC(363) Pause Young (Allocation Failure)
[2026-06-17T09:57:01.450+0800][8.966s][info][gc,heap        ] GC(363) PSYoungGen: 10942K(14848K)->1859K(14848K) Eden: 8175K(8192K)->0K(8192K) From: 2767K(6656K)->1859K(6656K)
[2026-06-17T09:57:01.450+0800][8.966s][info][gc,heap        ] GC(363) ParOldGen: 35394K(44032K)->37571K(44032K)
[2026-06-17T09:57:01.451+0800][8.967s][info][gc,metaspace   ] GC(363) Metaspace: 148K(384K)->148K(384K) NonClass: 143K(256K)->143K(256K) Class: 4K(128K)->4K(128K)
[2026-06-17T09:57:01.451+0800][8.967s][info][gc             ] GC(363) Pause Young (Allocation Failure) 45M->38M(57M) 1.693ms
[2026-06-17T09:57:01.451+0800][8.967s][info][gc,cpu         ] GC(363) User=0.00s Sys=0.00s Real=0.01s
[2026-06-17T09:57:01.472+0800][8.988s][info][gc,start       ] GC(364) Pause Young (Allocation Failure)
[2026-06-17T09:57:01.474+0800][8.990s][info][gc,heap        ] GC(364) PSYoungGen: 10026K(14848K)->3575K(14848K) Eden: 8166K(8192K)->0K(8192K) From: 1859K(6656K)->3575K(6656K)
[2026-06-17T09:57:01.474+0800][8.990s][info][gc,heap        ] GC(364) ParOldGen: 37571K(44032K)->37571K(44032K)
[2026-06-17T09:57:01.474+0800][8.990s][info][gc,metaspace   ] GC(364) Metaspace: 148K(384K)->148K(384K) NonClass: 143K(256K)->143K(256K) Class: 4K(128K)->4K(128K)
[2026-06-17T09:57:01.474+0800][8.990s][info][gc             ] GC(364) Pause Young (Allocation Failure) 46M->40M(57M) 2.333ms
[2026-06-17T09:57:01.474+0800][8.990s][info][gc,cpu         ] GC(364) User=0.00s Sys=0.00s Real=0.00s
[2026-06-17T09:57:01.496+0800][9.012s][info][gc,start       ] GC(365) Pause Young (Allocation Failure)
[2026-06-17T09:57:01.497+0800][9.013s][info][gc,heap        ] GC(365) PSYoungGen: 11754K(14848K)->3387K(15360K) Eden: 8178K(8192K)->0K(9216K) From: 3575K(6656K)->3387K(6144K)
[2026-06-17T09:57:01.497+0800][9.013s][info][gc,heap        ] GC(365) ParOldGen: 37571K(44032K)->39196K(44032K)
[2026-06-17T09:57:01.498+0800][9.014s][info][gc,metaspace   ] GC(365) Metaspace: 148K(384K)->148K(384K) NonClass: 143K(256K)->143K(256K) Class: 4K(128K)->4K(128K)
[2026-06-17T09:57:01.498+0800][9.014s][info][gc             ] GC(365) Pause Young (Allocation Failure) 48M->41M(58M) 2.523ms
[2026-06-17T09:57:01.499+0800][9.015s][info][gc,cpu         ] GC(365) User=0.01s Sys=0.00s Real=0.00s
[2026-06-17T09:57:01.520+0800][9.036s][info][gc,start       ] GC(366) Pause Young (Allocation Failure)
[2026-06-17T09:57:01.522+0800][9.038s][info][gc,heap        ] GC(366) PSYoungGen: 12577K(15360K)->2036K(15360K) Eden: 9190K(9216K)->0K(9216K) From: 3387K(6144K)->2036K(6144K)
[2026-06-17T09:57:01.522+0800][9.038s][info][gc,heap        ] GC(366) ParOldGen: 39196K(44032K)->42527K(44032K)
[2026-06-17T09:57:01.523+0800][9.039s][info][gc,metaspace   ] GC(366) Metaspace: 148K(384K)->148K(384K) NonClass: 143K(256K)->143K(256K) Class: 4K(128K)->4K(128K)
[2026-06-17T09:57:01.523+0800][9.039s][info][gc             ] GC(366) Pause Young (Allocation Failure) 50M->43M(58M) 2.705ms
[2026-06-17T09:57:01.523+0800][9.039s][info][gc,cpu         ] GC(366) User=0.00s Sys=0.00s Real=0.01s
[2026-06-17T09:57:01.545+0800][9.061s][info][gc,start       ] GC(367) Pause Full (Ergonomics)
[2026-06-17T09:57:01.547+0800][9.063s][info][gc,phases,start] GC(367) Marking Phase
[2026-06-17T09:57:01.548+0800][9.064s][info][gc,phases      ] GC(367) Marking Phase 1.404ms
[2026-06-17T09:57:01.548+0800][9.064s][info][gc,phases,start] GC(367) Summary Phase
[2026-06-17T09:57:01.549+0800][9.065s][info][gc,phases      ] GC(367) Summary Phase 0.549ms
[2026-06-17T09:57:01.549+0800][9.065s][info][gc,phases,start] GC(367) Adjust Roots
[2026-06-17T09:57:01.550+0800][9.066s][info][gc,phases      ] GC(367) Adjust Roots 0.561ms
[2026-06-17T09:57:01.550+0800][9.066s][info][gc,phases,start] GC(367) Compaction Phase
[2026-06-17T09:57:01.553+0800][9.069s][info][gc,phases      ] GC(367) Compaction Phase 2.689ms
[2026-06-17T09:57:01.553+0800][9.069s][info][gc,phases,start] GC(367) Post Compact
[2026-06-17T09:57:01.554+0800][9.070s][info][gc,phases      ] GC(367) Post Compact 0.370ms
[2026-06-17T09:57:01.554+0800][9.070s][info][gc,heap        ] GC(367) PSYoungGen: 11241K(15360K)->0K(15360K) Eden: 9204K(9216K)->0K(9216K) From: 2036K(6144K)->0K(6144K)
[2026-06-17T09:57:01.554+0800][9.070s][info][gc,heap        ] GC(367) ParOldGen: 42527K(44032K)->28081K(44032K)
[2026-06-17T09:57:01.554+0800][9.070s][info][gc,metaspace   ] GC(367) Metaspace: 148K(384K)->148K(384K) NonClass: 143K(256K)->143K(256K) Class: 4K(128K)->4K(128K)
[2026-06-17T09:57:01.554+0800][9.070s][info][gc             ] GC(367) Pause Full (Ergonomics) 52M->27M(58M) 9.100ms
[2026-06-17T09:57:01.555+0800][9.071s][info][gc,cpu         ] GC(367) User=0.01s Sys=0.00s Real=0.01s
[2026-06-17T09:57:01.576+0800][9.092s][info][gc,start       ] GC(368) Pause Young (Allocation Failure)
[2026-06-17T09:57:01.578+0800][9.094s][info][gc,heap        ] GC(368) PSYoungGen: 9205K(15360K)->5771K(15360K) Eden: 9205K(9216K)->0K(9216K) From: 0K(6144K)->5771K(6144K)
[2026-06-17T09:57:01.578+0800][9.094s][info][gc,heap        ] GC(368) ParOldGen: 28081K(44032K)->28081K(44032K)
[2026-06-17T09:57:01.578+0800][9.094s][info][gc,metaspace   ] GC(368) Metaspace: 148K(384K)->148K(384K) NonClass: 143K(256K)->143K(256K) Class: 4K(128K)->4K(128K)
[2026-06-17T09:57:01.578+0800][9.094s][info][gc             ] GC(368) Pause Young (Allocation Failure) 36M->33M(58M) 2.574ms
[2026-06-17T09:57:01.579+0800][9.095s][info][gc,cpu         ] GC(368) User=0.00s Sys=0.00s Real=0.00s
[2026-06-17T09:57:01.600+0800][9.116s][info][gc,start       ] GC(369) Pause Young (Allocation Failure)
[2026-06-17T09:57:01.601+0800][9.117s][info][gc,heap        ] GC(369) PSYoungGen: 14849K(15360K)->1193K(14336K) Eden: 9078K(9216K)->0K(8192K) From: 5771K(6144K)->1193K(6144K)
[2026-06-17T09:57:01.602+0800][9.118s][info][gc,heap        ] GC(369) ParOldGen: 28081K(44032K)->31429K(44032K)
[2026-06-17T09:57:01.602+0800][9.118s][info][gc,metaspace   ] GC(369) Metaspace: 148K(384K)->148K(384K) NonClass: 143K(256K)->143K(256K) Class: 4K(128K)->4K(128K)
[2026-06-17T09:57:01.603+0800][9.119s][info][gc             ] GC(369) Pause Young (Allocation Failure) 41M->31M(57M) 2.483ms
[2026-06-17T09:57:01.603+0800][9.119s][info][gc,cpu         ] GC(369) User=0.00s Sys=0.00s Real=0.01s
[2026-06-17T09:57:01.635+0800][9.151s][info][gc,start       ] GC(370) Pause Young (Allocation Failure)
[2026-06-17T09:57:01.636+0800][9.152s][info][gc,heap        ] GC(370) PSYoungGen: 9362K(14336K)->1330K(14848K) Eden: 8169K(8192K)->0K(8192K) From: 1193K(6144K)->1330K(6656K)
[2026-06-17T09:57:01.637+0800][9.153s][info][gc,heap        ] GC(370) ParOldGen: 31429K(44032K)->32598K(44032K)
[2026-06-17T09:57:01.637+0800][9.153s][info][gc,metaspace   ] GC(370) Metaspace: 148K(384K)->148K(384K) NonClass: 143K(256K)->143K(256K) Class: 4K(128K)->4K(128K)
[2026-06-17T09:57:01.637+0800][9.153s][info][gc             ] GC(370) Pause Young (Allocation Failure) 39M->33M(57M) 2.213ms
[2026-06-17T09:57:01.638+0800][9.154s][info][gc,cpu         ] GC(370) User=0.00s Sys=0.00s Real=0.00s
[2026-06-17T09:57:01.649+0800][9.165s][info][gc,start       ] GC(371) Pause Young (Allocation Failure)
[2026-06-17T09:57:01.650+0800][9.166s][info][gc,heap        ] GC(371) PSYoungGen: 9484K(14848K)->5313K(13824K) Eden: 8153K(8192K)->0K(7168K) From: 1330K(6656K)->5313K(6656K)
[2026-06-17T09:57:01.651+0800][9.167s][info][gc,heap        ] GC(371) ParOldGen: 32598K(44032K)->33084K(44032K)
[2026-06-17T09:57:01.651+0800][9.167s][info][gc,metaspace   ] GC(371) Metaspace: 148K(384K)->148K(384K) NonClass: 143K(256K)->143K(256K) Class: 4K(128K)->4K(128K)
[2026-06-17T09:57:01.651+0800][9.167s][info][gc             ] GC(371) Pause Young (Allocation Failure) 41M->37M(56M) 2.419ms
[2026-06-17T09:57:01.652+0800][9.168s][info][gc,cpu         ] GC(371) User=0.01s Sys=0.00s Real=0.01s
[2026-06-17T09:57:01.673+0800][9.189s][info][gc,start       ] GC(372) Pause Young (Allocation Failure)
[2026-06-17T09:57:01.674+0800][9.190s][info][gc,heap        ] GC(372) PSYoungGen: 12457K(13824K)->3145K(14336K) Eden: 7144K(7168K)->0K(7168K) From: 5313K(6656K)->3145K(7168K)
[2026-06-17T09:57:01.675+0800][9.191s][info][gc,heap        ] GC(372) ParOldGen: 33084K(44032K)->35552K(44032K)
[2026-06-17T09:57:01.675+0800][9.191s][info][gc,metaspace   ] GC(372) Metaspace: 148K(384K)->148K(384K) NonClass: 143K(256K)->143K(256K) Class: 4K(128K)->4K(128K)
[2026-06-17T09:57:01.675+0800][9.191s][info][gc             ] GC(372) Pause Young (Allocation Failure) 44M->37M(57M) 2.142ms
[2026-06-17T09:57:01.676+0800][9.192s][info][gc,cpu         ] GC(372) User=0.00s Sys=0.00s Real=0.00s
[2026-06-17T09:57:01.697+0800][9.213s][info][gc,start       ] GC(373) Pause Young (Allocation Failure)
[2026-06-17T09:57:01.698+0800][9.214s][info][gc,heap        ] GC(373) PSYoungGen: 10284K(14336K)->3113K(14848K) Eden: 7139K(7168K)->0K(7680K) From: 3145K(7168K)->3113K(7168K)
[2026-06-17T09:57:01.699+0800][9.215s][info][gc,heap        ] GC(373) ParOldGen: 35552K(44032K)->35552K(44032K)
[2026-06-17T09:57:01.699+0800][9.215s][info][gc,metaspace   ] GC(373) Metaspace: 148K(384K)->148K(384K) NonClass: 143K(256K)->143K(256K) Class: 4K(128K)->4K(128K)
[2026-06-17T09:57:01.700+0800][9.216s][info][gc             ] GC(373) Pause Young (Allocation Failure) 44M->37M(57M) 2.699ms
[2026-06-17T09:57:01.700+0800][9.216s][info][gc,cpu         ] GC(373) User=0.00s Sys=0.00s Real=0.00s
[2026-06-17T09:57:01.712+0800][9.228s][info][gc,start       ] GC(374) Pause Young (Allocation Failure)
[2026-06-17T09:57:01.712+0800][9.228s][info][gc,heap        ] GC(374) PSYoungGen: 10762K(14848K)->1068K(14336K) Eden: 7649K(7680K)->0K(7680K) From: 3113K(7168K)->1068K(6656K)
[2026-06-17T09:57:01.713+0800][9.229s][info][gc,heap        ] GC(374) ParOldGen: 35552K(44032K)->38185K(44032K)
[2026-06-17T09:57:01.713+0800][9.229s][info][gc,metaspace   ] GC(374) Metaspace: 148K(384K)->148K(384K) NonClass: 143K(256K)->143K(256K) Class: 4K(128K)->4K(128K)
[2026-06-17T09:57:01.713+0800][9.229s][info][gc             ] GC(374) Pause Young (Allocation Failure) 45M->38M(57M) 1.462ms
[2026-06-17T09:57:01.713+0800][9.229s][info][gc,cpu         ] GC(374) User=0.00s Sys=0.00s Real=0.00s
[2026-06-17T09:57:01.734+0800][9.250s][info][gc,start       ] GC(375) Pause Young (Allocation Failure)
[2026-06-17T09:57:01.735+0800][9.251s][info][gc,heap        ] GC(375) PSYoungGen: 8727K(14336K)->4151K(14848K) Eden: 7659K(7680K)->0K(8192K) From: 1068K(6656K)->4151K(6656K)
[2026-06-17T09:57:01.735+0800][9.251s][info][gc,heap        ] GC(375) ParOldGen: 38185K(44032K)->39229K(44032K)
[2026-06-17T09:57:01.736+0800][9.252s][info][gc,metaspace   ] GC(375) Metaspace: 148K(384K)->148K(384K) NonClass: 143K(256K)->143K(256K) Class: 4K(128K)->4K(128K)
[2026-06-17T09:57:01.736+0800][9.252s][info][gc             ] GC(375) Pause Young (Allocation Failure) 45M->42M(57M) 1.520ms
[2026-06-17T09:57:01.736+0800][9.252s][info][gc,cpu         ] GC(375) User=0.00s Sys=0.00s Real=0.00s
[2026-06-17T09:57:01.757+0800][9.273s][info][gc,start       ] GC(376) Pause Young (Allocation Failure)
[2026-06-17T09:57:01.758+0800][9.274s][info][gc,heap        ] GC(376) PSYoungGen: 12305K(14848K)->4238K(14848K) Eden: 8154K(8192K)->0K(8192K) From: 4151K(6656K)->4238K(6656K)
[2026-06-17T09:57:01.759+0800][9.275s][info][gc,heap        ] GC(376) ParOldGen: 39229K(44032K)->40367K(44032K)
[2026-06-17T09:57:01.759+0800][9.275s][info][gc,metaspace   ] GC(376) Metaspace: 148K(384K)->148K(384K) NonClass: 143K(256K)->143K(256K) Class: 4K(128K)->4K(128K)
[2026-06-17T09:57:01.759+0800][9.275s][info][gc             ] GC(376) Pause Young (Allocation Failure) 50M->43M(57M) 1.876ms
[2026-06-17T09:57:01.759+0800][9.275s][info][gc,cpu         ] GC(376) User=0.00s Sys=0.00s Real=0.00s
[2026-06-17T09:57:01.781+0800][9.297s][info][gc,start       ] GC(377) Pause Full (Ergonomics)
[2026-06-17T09:57:01.781+0800][9.297s][info][gc,phases,start] GC(377) Marking Phase
[2026-06-17T09:57:01.782+0800][9.298s][info][gc,phases      ] GC(377) Marking Phase 0.761ms
[2026-06-17T09:57:01.782+0800][9.298s][info][gc,phases,start] GC(377) Summary Phase
[2026-06-17T09:57:01.782+0800][9.298s][info][gc,phases      ] GC(377) Summary Phase 0.273ms
[2026-06-17T09:57:01.783+0800][9.299s][info][gc,phases,start] GC(377) Adjust Roots
[2026-06-17T09:57:01.783+0800][9.299s][info][gc,phases      ] GC(377) Adjust Roots 0.407ms
[2026-06-17T09:57:01.783+0800][9.299s][info][gc,phases,start] GC(377) Compaction Phase
[2026-06-17T09:57:01.785+0800][9.301s][info][gc,phases      ] GC(377) Compaction Phase 1.802ms
[2026-06-17T09:57:01.785+0800][9.301s][info][gc,phases,start] GC(377) Post Compact
[2026-06-17T09:57:01.786+0800][9.302s][info][gc,phases      ] GC(377) Post Compact 0.309ms
[2026-06-17T09:57:01.786+0800][9.302s][info][gc,heap        ] GC(377) PSYoungGen: 12189K(14848K)->0K(14848K) Eden: 7951K(8192K)->0K(8192K) From: 4238K(6656K)->0K(6656K)
[2026-06-17T09:57:01.786+0800][9.302s][info][gc,heap        ] GC(377) ParOldGen: 40367K(44032K)->28934K(44032K)
[2026-06-17T09:57:01.786+0800][9.302s][info][gc,metaspace   ] GC(377) Metaspace: 148K(384K)->148K(384K) NonClass: 143K(256K)->143K(256K) Class: 4K(128K)->4K(128K)
[2026-06-17T09:57:01.786+0800][9.302s][info][gc             ] GC(377) Pause Full (Ergonomics) 51M->28M(57M) 5.352ms
[2026-06-17T09:57:01.786+0800][9.302s][info][gc,cpu         ] GC(377) User=0.01s Sys=0.00s Real=0.01s
[2026-06-17T09:57:01.807+0800][9.323s][info][gc,start       ] GC(378) Pause Young (Allocation Failure)
[2026-06-17T09:57:01.808+0800][9.324s][info][gc,heap        ] GC(378) PSYoungGen: 8184K(14848K)->4783K(13312K) Eden: 8184K(8192K)->0K(8192K) From: 0K(6656K)->4783K(5120K)
[2026-06-17T09:57:01.808+0800][9.324s][info][gc,heap        ] GC(378) ParOldGen: 28934K(44032K)->28934K(44032K)
[2026-06-17T09:57:01.809+0800][9.325s][info][gc,metaspace   ] GC(378) Metaspace: 148K(384K)->148K(384K) NonClass: 143K(256K)->143K(256K) Class: 4K(128K)->4K(128K)
[2026-06-17T09:57:01.809+0800][9.325s][info][gc             ] GC(378) Pause Young (Allocation Failure) 36M->32M(56M) 1.329ms
[2026-06-17T09:57:01.809+0800][9.325s][info][gc,cpu         ] GC(378) User=0.00s Sys=0.00s Real=0.00s
[2026-06-17T09:57:01.830+0800][9.346s][info][gc,start       ] GC(379) Pause Young (Allocation Failure)
[2026-06-17T09:57:01.831+0800][9.347s][info][gc,heap        ] GC(379) PSYoungGen: 12928K(13312K)->4576K(14336K) Eden: 8145K(8192K)->0K(7168K) From: 4783K(5120K)->4576K(7168K)
[2026-06-17T09:57:01.831+0800][9.347s][info][gc,heap        ] GC(379) ParOldGen: 28934K(44032K)->30353K(44032K)
[2026-06-17T09:57:01.831+0800][9.347s][info][gc,metaspace   ] GC(379) Metaspace: 148K(384K)->148K(384K) NonClass: 143K(256K)->143K(256K) Class: 4K(128K)->4K(128K)
[2026-06-17T09:57:01.832+0800][9.348s][info][gc             ] GC(379) Pause Young (Allocation Failure) 40M->34M(57M) 1.593ms
[2026-06-17T09:57:01.832+0800][9.348s][info][gc,cpu         ] GC(379) User=0.00s Sys=0.00s Real=0.01s
[2026-06-17T09:57:01.853+0800][9.369s][info][gc,start       ] GC(380) Pause Young (Allocation Failure)
[2026-06-17T09:57:01.854+0800][9.370s][info][gc,heap        ] GC(380) PSYoungGen: 11711K(14336K)->2464K(14336K) Eden: 7135K(7168K)->0K(7168K) From: 4576K(7168K)->2464K(7168K)
[2026-06-17T09:57:01.854+0800][9.370s][info][gc,heap        ] GC(380) ParOldGen: 30353K(44032K)->32461K(44032K)
[2026-06-17T09:57:01.854+0800][9.370s][info][gc,metaspace   ] GC(380) Metaspace: 148K(384K)->148K(384K) NonClass: 143K(256K)->143K(256K) Class: 4K(128K)->4K(128K)
[2026-06-17T09:57:01.854+0800][9.370s][info][gc             ] GC(380) Pause Young (Allocation Failure) 41M->34M(57M) 1.335ms
[2026-06-17T09:57:01.854+0800][9.370s][info][gc,cpu         ] GC(380) User=0.00s Sys=0.00s Real=0.00s
[2026-06-17T09:57:01.876+0800][9.392s][info][gc,start       ] GC(381) Pause Young (Allocation Failure)
[2026-06-17T09:57:01.876+0800][9.392s][info][gc,heap        ] GC(381) PSYoungGen: 9597K(14336K)->2887K(14848K) Eden: 7132K(7168K)->0K(7680K) From: 2464K(7168K)->2887K(7168K)
[2026-06-17T09:57:01.876+0800][9.392s][info][gc,heap        ] GC(381) ParOldGen: 32461K(44032K)->32461K(44032K)
[2026-06-17T09:57:01.877+0800][9.393s][info][gc,metaspace   ] GC(381) Metaspace: 148K(384K)->148K(384K) NonClass: 143K(256K)->143K(256K) Class: 4K(128K)->4K(128K)
[2026-06-17T09:57:01.877+0800][9.393s][info][gc             ] GC(381) Pause Young (Allocation Failure) 41M->34M(57M) 1.108ms
[2026-06-17T09:57:01.877+0800][9.393s][info][gc,cpu         ] GC(381) User=0.00s Sys=0.00s Real=0.00s
[2026-06-17T09:57:01.888+0800][9.404s][info][gc,start       ] GC(382) Pause Young (Allocation Failure)
[2026-06-17T09:57:01.888+0800][9.404s][info][gc,heap        ] GC(382) PSYoungGen: 10552K(14848K)->1649K(14336K) Eden: 7664K(7680K)->0K(7680K) From: 2887K(7168K)->1649K(6656K)
[2026-06-17T09:57:01.888+0800][9.404s][info][gc,heap        ] GC(382) ParOldGen: 32461K(44032K)->34323K(44032K)
[2026-06-17T09:57:01.889+0800][9.405s][info][gc,metaspace   ] GC(382) Metaspace: 148K(384K)->148K(384K) NonClass: 143K(256K)->143K(256K) Class: 4K(128K)->4K(128K)
[2026-06-17T09:57:01.889+0800][9.405s][info][gc             ] GC(382) Pause Young (Allocation Failure) 42M->35M(57M) 1.166ms
[2026-06-17T09:57:01.889+0800][9.405s][info][gc,cpu         ] GC(382) User=0.00s Sys=0.00s Real=0.00s
[2026-06-17T09:57:01.910+0800][9.426s][info][gc,start       ] GC(383) Pause Young (Allocation Failure)
[2026-06-17T09:57:01.911+0800][9.427s][info][gc,heap        ] GC(383) PSYoungGen: 9309K(14336K)->4159K(14848K) Eden: 7660K(7680K)->0K(8192K) From: 1649K(6656K)->4159K(6656K)
[2026-06-17T09:57:01.911+0800][9.427s][info][gc,heap        ] GC(383) ParOldGen: 34323K(44032K)->35948K(44032K)
[2026-06-17T09:57:01.911+0800][9.427s][info][gc,metaspace   ] GC(383) Metaspace: 148K(384K)->148K(384K) NonClass: 143K(256K)->143K(256K) Class: 4K(128K)->4K(128K)
[2026-06-17T09:57:01.911+0800][9.427s][info][gc             ] GC(383) Pause Young (Allocation Failure) 42M->39M(57M) 1.405ms
[2026-06-17T09:57:01.911+0800][9.427s][info][gc,cpu         ] GC(383) User=0.01s Sys=0.00s Real=0.01s
[2026-06-17T09:57:01.933+0800][9.449s][info][gc,start       ] GC(384) Pause Young (Allocation Failure)
[2026-06-17T09:57:01.934+0800][9.450s][info][gc,heap        ] GC(384) PSYoungGen: 12322K(14848K)->3395K(14848K) Eden: 8162K(8192K)->0K(8192K) From: 4159K(6656K)->3395K(6656K)
[2026-06-17T09:57:01.934+0800][9.450s][info][gc,heap        ] GC(384) ParOldGen: 35948K(44032K)->37690K(44032K)
[2026-06-17T09:57:01.935+0800][9.451s][info][gc,metaspace   ] GC(384) Metaspace: 148K(384K)->148K(384K) NonClass: 143K(256K)->143K(256K) Class: 4K(128K)->4K(128K)
[2026-06-17T09:57:01.935+0800][9.451s][info][gc             ] GC(384) Pause Young (Allocation Failure) 47M->40M(57M) 2.057ms
[2026-06-17T09:57:01.935+0800][9.451s][info][gc,cpu         ] GC(384) User=0.00s Sys=0.00s Real=0.00s
[2026-06-17T09:57:01.956+0800][9.472s][info][gc,start       ] GC(385) Pause Young (Allocation Failure)
[2026-06-17T09:57:01.958+0800][9.474s][info][gc,heap        ] GC(385) PSYoungGen: 11587K(14848K)->3094K(15360K) Eden: 8191K(8192K)->0K(8704K) From: 3395K(6656K)->3094K(6656K)
[2026-06-17T09:57:01.958+0800][9.474s][info][gc,heap        ] GC(385) ParOldGen: 37690K(44032K)->39560K(44032K)
[2026-06-17T09:57:01.959+0800][9.475s][info][gc,metaspace   ] GC(385) Metaspace: 148K(384K)->148K(384K) NonClass: 143K(256K)->143K(256K) Class: 4K(128K)->4K(128K)
[2026-06-17T09:57:01.959+0800][9.475s][info][gc             ] GC(385) Pause Young (Allocation Failure) 48M->41M(58M) 2.720ms
[2026-06-17T09:57:01.959+0800][9.475s][info][gc,cpu         ] GC(385) User=0.00s Sys=0.00s Real=0.00s
[2026-06-17T09:57:01.980+0800][9.496s][info][gc,start       ] GC(386) Pause Young (Allocation Failure)
[2026-06-17T09:57:01.981+0800][9.497s][info][gc,heap        ] GC(386) PSYoungGen: 11789K(15360K)->4750K(14848K) Eden: 8695K(8704K)->0K(8704K) From: 3094K(6656K)->4750K(6144K)
[2026-06-17T09:57:01.982+0800][9.498s][info][gc,heap        ] GC(386) ParOldGen: 39560K(44032K)->39560K(44032K)
[2026-06-17T09:57:01.982+0800][9.498s][info][gc,metaspace   ] GC(386) Metaspace: 148K(384K)->148K(384K) NonClass: 143K(256K)->143K(256K) Class: 4K(128K)->4K(128K)
[2026-06-17T09:57:01.982+0800][9.498s][info][gc             ] GC(386) Pause Young (Allocation Failure) 50M->43M(57M) 1.908ms
[2026-06-17T09:57:01.983+0800][9.499s][info][gc,cpu         ] GC(386) User=0.00s Sys=0.00s Real=0.01s
[2026-06-17T09:57:02.004+0800][9.520s][info][gc,start       ] GC(387) Pause Young (Allocation Failure)
[2026-06-17T09:57:02.005+0800][9.521s][info][gc,heap        ] GC(387) PSYoungGen: 13454K(14848K)->4893K(14848K) Eden: 8704K(8704K)->0K(8192K) From: 4750K(6144K)->4893K(6656K)
[2026-06-17T09:57:02.005+0800][9.521s][info][gc,heap        ] GC(387) ParOldGen: 39560K(44032K)->41384K(44032K)
[2026-06-17T09:57:02.005+0800][9.521s][info][gc,metaspace   ] GC(387) Metaspace: 148K(384K)->148K(384K) NonClass: 143K(256K)->143K(256K) Class: 4K(128K)->4K(128K)
[2026-06-17T09:57:02.006+0800][9.522s][info][gc             ] GC(387) Pause Young (Allocation Failure) 51M->45M(57M) 1.581ms
[2026-06-17T09:57:02.006+0800][9.522s][info][gc,cpu         ] GC(387) User=0.00s Sys=0.00s Real=0.00s
[2026-06-17T09:57:02.027+0800][9.543s][info][gc,start       ] GC(388) Pause Full (Ergonomics)
[2026-06-17T09:57:02.027+0800][9.543s][info][gc,phases,start] GC(388) Marking Phase
[2026-06-17T09:57:02.028+0800][9.544s][info][gc,phases      ] GC(388) Marking Phase 0.815ms
[2026-06-17T09:57:02.028+0800][9.544s][info][gc,phases,start] GC(388) Summary Phase
[2026-06-17T09:57:02.028+0800][9.544s][info][gc,phases      ] GC(388) Summary Phase 0.210ms
[2026-06-17T09:57:02.029+0800][9.545s][info][gc,phases,start] GC(388) Adjust Roots
[2026-06-17T09:57:02.029+0800][9.545s][info][gc,phases      ] GC(388) Adjust Roots 0.214ms
[2026-06-17T09:57:02.029+0800][9.545s][info][gc,phases,start] GC(388) Compaction Phase
[2026-06-17T09:57:02.030+0800][9.546s][info][gc,phases      ] GC(388) Compaction Phase 1.440ms
[2026-06-17T09:57:02.031+0800][9.547s][info][gc,phases,start] GC(388) Post Compact
[2026-06-17T09:57:02.031+0800][9.547s][info][gc,phases      ] GC(388) Post Compact 0.242ms
[2026-06-17T09:57:02.031+0800][9.547s][info][gc,heap        ] GC(388) PSYoungGen: 12944K(14848K)->0K(14848K) Eden: 8051K(8192K)->0K(8192K) From: 4893K(6656K)->0K(6656K)
[2026-06-17T09:57:02.031+0800][9.547s][info][gc,heap        ] GC(388) ParOldGen: 41384K(44032K)->24493K(44032K)
[2026-06-17T09:57:02.031+0800][9.547s][info][gc,metaspace   ] GC(388) Metaspace: 148K(384K)->148K(384K) NonClass: 143K(256K)->143K(256K) Class: 4K(128K)->4K(128K)
[2026-06-17T09:57:02.031+0800][9.547s][info][gc             ] GC(388) Pause Full (Ergonomics) 53M->23M(57M) 4.598ms
[2026-06-17T09:57:02.032+0800][9.548s][info][gc,cpu         ] GC(388) User=0.01s Sys=0.00s Real=0.01s
[2026-06-17T09:57:02.063+0800][9.579s][info][gc,start       ] GC(389) Pause Young (Allocation Failure)
[2026-06-17T09:57:02.064+0800][9.580s][info][gc,heap        ] GC(389) PSYoungGen: 8164K(14848K)->1540K(14848K) Eden: 8164K(8192K)->0K(8192K) From: 0K(6656K)->1540K(6656K)
[2026-06-17T09:57:02.064+0800][9.580s][info][gc,heap        ] GC(389) ParOldGen: 24493K(44032K)->24493K(44032K)
[2026-06-17T09:57:02.064+0800][9.580s][info][gc,metaspace   ] GC(389) Metaspace: 148K(384K)->148K(384K) NonClass: 143K(256K)->143K(256K) Class: 4K(128K)->4K(128K)
[2026-06-17T09:57:02.064+0800][9.580s][info][gc             ] GC(389) Pause Young (Allocation Failure) 31M->25M(57M) 1.328ms
[2026-06-17T09:57:02.064+0800][9.580s][info][gc,cpu         ] GC(389) User=0.00s Sys=0.00s Real=0.00s
[2026-06-17T09:57:02.075+0800][9.591s][info][gc,start       ] GC(390) Pause Young (Allocation Failure)
[2026-06-17T09:57:02.076+0800][9.592s][info][gc,heap        ] GC(390) PSYoungGen: 9722K(14848K)->5043K(13312K) Eden: 8182K(8192K)->0K(8192K) From: 1540K(6656K)->5043K(5120K)
[2026-06-17T09:57:02.077+0800][9.593s][info][gc,heap        ] GC(390) ParOldGen: 24493K(44032K)->25609K(44032K)
[2026-06-17T09:57:02.077+0800][9.593s][info][gc,metaspace   ] GC(390) Metaspace: 148K(384K)->148K(384K) NonClass: 143K(256K)->143K(256K) Class: 4K(128K)->4K(128K)
[2026-06-17T09:57:02.077+0800][9.593s][info][gc             ] GC(390) Pause Young (Allocation Failure) 33M->29M(56M) 1.670ms
[2026-06-17T09:57:02.077+0800][9.593s][info][gc,cpu         ] GC(390) User=0.00s Sys=0.00s Real=0.00s
[2026-06-17T09:57:02.098+0800][9.614s][info][gc,start       ] GC(391) Pause Young (Allocation Failure)
[2026-06-17T09:57:02.099+0800][9.615s][info][gc,heap        ] GC(391) PSYoungGen: 13190K(13312K)->3992K(14336K) Eden: 8147K(8192K)->0K(7168K) From: 5043K(5120K)->3992K(7168K)
[2026-06-17T09:57:02.100+0800][9.616s][info][gc,heap        ] GC(391) ParOldGen: 25609K(44032K)->27706K(44032K)
[2026-06-17T09:57:02.100+0800][9.616s][info][gc,metaspace   ] GC(391) Metaspace: 148K(384K)->148K(384K) NonClass: 143K(256K)->143K(256K) Class: 4K(128K)->4K(128K)
[2026-06-17T09:57:02.100+0800][9.616s][info][gc             ] GC(391) Pause Young (Allocation Failure) 37M->30M(57M) 1.515ms
[2026-06-17T09:57:02.100+0800][9.616s][info][gc,cpu         ] GC(391) User=0.00s Sys=0.00s Real=0.00s
[2026-06-17T09:57:02.121+0800][9.637s][info][gc,start       ] GC(392) Pause Young (Allocation Failure)
[2026-06-17T09:57:02.122+0800][9.638s][info][gc,heap        ] GC(392) PSYoungGen: 11157K(14336K)->3549K(14336K) Eden: 7165K(7168K)->0K(7168K) From: 3992K(7168K)->3549K(7168K)
[2026-06-17T09:57:02.123+0800][9.639s][info][gc,heap        ] GC(392) ParOldGen: 27706K(44032K)->28715K(44032K)
[2026-06-17T09:57:02.123+0800][9.639s][info][gc,metaspace   ] GC(392) Metaspace: 148K(384K)->148K(384K) NonClass: 143K(256K)->143K(256K) Class: 4K(128K)->4K(128K)
[2026-06-17T09:57:02.123+0800][9.639s][info][gc             ] GC(392) Pause Young (Allocation Failure) 37M->31M(57M) 2.008ms
[2026-06-17T09:57:02.123+0800][9.639s][info][gc,cpu         ] GC(392) User=0.00s Sys=0.00s Real=0.01s
[2026-06-17T09:57:02.145+0800][9.661s][info][gc,start       ] GC(393) Pause Young (Allocation Failure)
[2026-06-17T09:57:02.146+0800][9.662s][info][gc,heap        ] GC(393) PSYoungGen: 10662K(14336K)->1809K(14848K) Eden: 7112K(7168K)->0K(8192K) From: 3549K(7168K)->1809K(6656K)
[2026-06-17T09:57:02.146+0800][9.662s][info][gc,heap        ] GC(393) ParOldGen: 28715K(44032K)->30691K(44032K)
[2026-06-17T09:57:02.146+0800][9.662s][info][gc,metaspace   ] GC(393) Metaspace: 148K(384K)->148K(384K) NonClass: 143K(256K)->143K(256K) Class: 4K(128K)->4K(128K)
[2026-06-17T09:57:02.147+0800][9.663s][info][gc             ] GC(393) Pause Young (Allocation Failure) 38M->31M(57M) 2.166ms
[2026-06-17T09:57:02.147+0800][9.663s][info][gc,cpu         ] GC(393) User=0.00s Sys=0.00s Real=0.00s
[2026-06-17T09:57:02.169+0800][9.685s][info][gc,start       ] GC(394) Pause Young (Allocation Failure)
[2026-06-17T09:57:02.170+0800][9.686s][info][gc,heap        ] GC(394) PSYoungGen: 9973K(14848K)->1029K(14848K) Eden: 8164K(8192K)->0K(8192K) From: 1809K(6656K)->1029K(6656K)
[2026-06-17T09:57:02.171+0800][9.687s][info][gc,heap        ] GC(394) ParOldGen: 30691K(44032K)->32385K(44032K)
[2026-06-17T09:57:02.171+0800][9.687s][info][gc,metaspace   ] GC(394) Metaspace: 148K(384K)->148K(384K) NonClass: 143K(256K)->143K(256K) Class: 4K(128K)->4K(128K)
[2026-06-17T09:57:02.171+0800][9.687s][info][gc             ] GC(394) Pause Young (Allocation Failure) 39M->32M(57M) 2.599ms
[2026-06-17T09:57:02.171+0800][9.687s][info][gc,cpu         ] GC(394) User=0.01s Sys=0.00s Real=0.01s
[2026-06-17T09:57:02.193+0800][9.709s][info][gc,start       ] GC(395) Pause Young (Allocation Failure)
[2026-06-17T09:57:02.194+0800][9.710s][info][gc,heap        ] GC(395) PSYoungGen: 9197K(14848K)->2506K(14848K) Eden: 8168K(8192K)->0K(8192K) From: 1029K(6656K)->2506K(6656K)
[2026-06-17T09:57:02.195+0800][9.711s][info][gc,heap        ] GC(395) ParOldGen: 32385K(44032K)->32385K(44032K)
[2026-06-17T09:57:02.195+0800][9.711s][info][gc,metaspace   ] GC(395) Metaspace: 148K(384K)->148K(384K) NonClass: 143K(256K)->143K(256K) Class: 4K(128K)->4K(128K)
[2026-06-17T09:57:02.195+0800][9.711s][info][gc             ] GC(395) Pause Young (Allocation Failure) 40M->34M(57M) 1.526ms
[2026-06-17T09:57:02.195+0800][9.711s][info][gc,cpu         ] GC(395) User=0.00s Sys=0.01s Real=0.00s
[2026-06-17T09:57:02.217+0800][9.733s][info][gc,start       ] GC(396) Pause Young (Allocation Failure)
[2026-06-17T09:57:02.218+0800][9.734s][info][gc,heap        ] GC(396) PSYoungGen: 10678K(14848K)->1869K(14848K) Eden: 8171K(8192K)->0K(8192K) From: 2506K(6656K)->1869K(6656K)
[2026-06-17T09:57:02.219+0800][9.735s][info][gc,heap        ] GC(396) ParOldGen: 32385K(44032K)->34362K(44032K)
[2026-06-17T09:57:02.220+0800][9.736s][info][gc,metaspace   ] GC(396) Metaspace: 148K(384K)->148K(384K) NonClass: 143K(256K)->143K(256K) Class: 4K(128K)->4K(128K)
[2026-06-17T09:57:02.221+0800][9.737s][info][gc             ] GC(396) Pause Young (Allocation Failure) 42M->35M(57M) 4.517ms
[2026-06-17T09:57:02.222+0800][9.738s][info][gc,cpu         ] GC(396) User=0.00s Sys=0.00s Real=0.00s
[2026-06-17T09:57:02.244+0800][9.760s][info][gc,start       ] GC(397) Pause Young (Allocation Failure)
[2026-06-17T09:57:02.245+0800][9.761s][info][gc,heap        ] GC(397) PSYoungGen: 10051K(14848K)->1645K(15360K) Eden: 8181K(8192K)->0K(8704K) From: 1869K(6656K)->1645K(6656K)
[2026-06-17T09:57:02.245+0800][9.761s][info][gc,heap        ] GC(397) ParOldGen: 34362K(44032K)->36175K(44032K)
[2026-06-17T09:57:02.246+0800][9.762s][info][gc,metaspace   ] GC(397) Metaspace: 148K(384K)->148K(384K) NonClass: 143K(256K)->143K(256K) Class: 4K(128K)->4K(128K)
[2026-06-17T09:57:02.246+0800][9.762s][info][gc             ] GC(397) Pause Young (Allocation Failure) 43M->36M(58M) 1.885ms
[2026-06-17T09:57:02.246+0800][9.762s][info][gc,cpu         ] GC(397) User=0.00s Sys=0.00s Real=0.00s
[2026-06-17T09:57:02.268+0800][9.784s][info][gc,start       ] GC(398) Pause Young (Allocation Failure)
[2026-06-17T09:57:02.269+0800][9.785s][info][gc,heap        ] GC(398) PSYoungGen: 10330K(15360K)->3180K(14848K) Eden: 8684K(8704K)->0K(8704K) From: 1645K(6656K)->3180K(6144K)
[2026-06-17T09:57:02.270+0800][9.786s][info][gc,heap        ] GC(398) ParOldGen: 36175K(44032K)->36175K(44032K)
[2026-06-17T09:57:02.270+0800][9.786s][info][gc,metaspace   ] GC(398) Metaspace: 148K(384K)->148K(384K) NonClass: 143K(256K)->143K(256K) Class: 4K(128K)->4K(128K)
[2026-06-17T09:57:02.271+0800][9.787s][info][gc             ] GC(398) Pause Young (Allocation Failure) 45M->38M(57M) 3.116ms
[2026-06-17T09:57:02.271+0800][9.787s][info][gc,cpu         ] GC(398) User=0.00s Sys=0.00s Real=0.01s
[2026-06-17T09:57:02.293+0800][9.809s][info][gc,start       ] GC(399) Pause Young (Allocation Failure)
[2026-06-17T09:57:02.295+0800][9.811s][info][gc,heap        ] GC(399) PSYoungGen: 11884K(14848K)->2826K(15872K) Eden: 8704K(8704K)->0K(9728K) From: 3180K(6144K)->2826K(6144K)
[2026-06-17T09:57:02.296+0800][9.812s][info][gc,heap        ] GC(399) ParOldGen: 36175K(44032K)->38222K(44032K)
[2026-06-17T09:57:02.297+0800][9.813s][info][gc,metaspace   ] GC(399) Metaspace: 148K(384K)->148K(384K) NonClass: 143K(256K)->143K(256K) Class: 4K(128K)->4K(128K)
[2026-06-17T09:57:02.297+0800][9.813s][info][gc             ] GC(399) Pause Young (Allocation Failure) 46M->40M(58M) 3.954ms
[2026-06-17T09:57:02.298+0800][9.814s][info][gc,cpu         ] GC(399) User=0.00s Sys=0.00s Real=0.00s
[2026-06-17T09:57:02.320+0800][9.836s][info][gc,start       ] GC(400) Pause Young (Allocation Failure)
[2026-06-17T09:57:02.322+0800][9.838s][info][gc,heap        ] GC(400) PSYoungGen: 12528K(15872K)->3380K(15360K) Eden: 9702K(9728K)->0K(9728K) From: 2826K(6144K)->3380K(5632K)
[2026-06-17T09:57:02.323+0800][9.839s][info][gc,heap        ] GC(400) ParOldGen: 38222K(44032K)->40413K(44032K)
[2026-06-17T09:57:02.323+0800][9.839s][info][gc,metaspace   ] GC(400) Metaspace: 148K(384K)->148K(384K) NonClass: 143K(256K)->143K(256K) Class: 4K(128K)->4K(128K)
[2026-06-17T09:57:02.324+0800][9.840s][info][gc             ] GC(400) Pause Young (Allocation Failure) 49M->42M(58M) 4.180ms
[2026-06-17T09:57:02.325+0800][9.841s][info][gc,cpu         ] GC(400) User=0.00s Sys=0.00s Real=0.01s
[2026-06-17T09:57:02.347+0800][9.863s][info][gc,start       ] GC(401) Pause Young (Allocation Failure)
[2026-06-17T09:57:02.348+0800][9.864s][info][gc,heap        ] GC(401) PSYoungGen: 13096K(15360K)->5004K(14848K) Eden: 9715K(9728K)->0K(9216K) From: 3380K(5632K)->5004K(5632K)
[2026-06-17T09:57:02.349+0800][9.865s][info][gc,heap        ] GC(401) ParOldGen: 40413K(44032K)->41669K(44032K)
[2026-06-17T09:57:02.349+0800][9.865s][info][gc,metaspace   ] GC(401) Metaspace: 148K(384K)->148K(384K) NonClass: 143K(256K)->143K(256K) Class: 4K(128K)->4K(128K)
[2026-06-17T09:57:02.349+0800][9.865s][info][gc             ] GC(401) Pause Young (Allocation Failure) 52M->45M(57M) 2.000ms
[2026-06-17T09:57:02.349+0800][9.866s][info][gc,cpu         ] GC(401) User=0.00s Sys=0.00s Real=0.00s
[2026-06-17T09:57:02.371+0800][9.887s][info][gc,start       ] GC(402) Pause Full (Ergonomics)
[2026-06-17T09:57:02.371+0800][9.887s][info][gc,phases,start] GC(402) Marking Phase
[2026-06-17T09:57:02.372+0800][9.888s][info][gc,phases      ] GC(402) Marking Phase 0.923ms
[2026-06-17T09:57:02.373+0800][9.889s][info][gc,phases,start] GC(402) Summary Phase
[2026-06-17T09:57:02.373+0800][9.889s][info][gc,phases      ] GC(402) Summary Phase 0.180ms
[2026-06-17T09:57:02.373+0800][9.889s][info][gc,phases,start] GC(402) Adjust Roots
[2026-06-17T09:57:02.373+0800][9.889s][info][gc,phases      ] GC(402) Adjust Roots 0.277ms
[2026-06-17T09:57:02.373+0800][9.889s][info][gc,phases,start] GC(402) Compaction Phase
[2026-06-17T09:57:02.375+0800][9.891s][info][gc,phases      ] GC(402) Compaction Phase 1.548ms
[2026-06-17T09:57:02.375+0800][9.891s][info][gc,phases,start] GC(402) Post Compact
[2026-06-17T09:57:02.376+0800][9.892s][info][gc,phases      ] GC(402) Post Compact 0.639ms
[2026-06-17T09:57:02.376+0800][9.892s][info][gc,heap        ] GC(402) PSYoungGen: 14220K(14848K)->0K(15360K) Eden: 9216K(9216K)->0K(9216K) From: 5004K(5632K)->0K(6144K)
[2026-06-17T09:57:02.376+0800][9.892s][info][gc,heap        ] GC(402) ParOldGen: 41669K(44032K)->28842K(44032K)
[2026-06-17T09:57:02.376+0800][9.892s][info][gc,metaspace   ] GC(402) Metaspace: 148K(384K)->148K(384K) NonClass: 143K(256K)->143K(256K) Class: 4K(128K)->4K(128K)
[2026-06-17T09:57:02.376+0800][9.892s][info][gc             ] GC(402) Pause Full (Ergonomics) 54M->28M(58M) 5.641ms
[2026-06-17T09:57:02.377+0800][9.893s][info][gc,cpu         ] GC(402) User=0.00s Sys=0.00s Real=0.00s
[2026-06-17T09:57:02.398+0800][9.914s][info][gc,start       ] GC(403) Pause Young (Allocation Failure)
[2026-06-17T09:57:02.400+0800][9.916s][info][gc,heap        ] GC(403) PSYoungGen: 9181K(15360K)->1927K(15360K) Eden: 9181K(9216K)->0K(9216K) From: 0K(6144K)->1927K(6144K)
[2026-06-17T09:57:02.401+0800][9.917s][info][gc,heap        ] GC(403) ParOldGen: 28842K(44032K)->28842K(44032K)
[2026-06-17T09:57:02.401+0800][9.917s][info][gc,metaspace   ] GC(403) Metaspace: 148K(384K)->148K(384K) NonClass: 143K(256K)->143K(256K) Class: 4K(128K)->4K(128K)
[2026-06-17T09:57:02.401+0800][9.917s][info][gc             ] GC(403) Pause Young (Allocation Failure) 37M->30M(58M) 3.014ms
[2026-06-17T09:57:02.401+0800][9.917s][info][gc,cpu         ] GC(403) User=0.00s Sys=0.00s Real=0.00s
[2026-06-17T09:57:02.433+0800][9.949s][info][gc,start       ] GC(404) Pause Young (Allocation Failure)
[2026-06-17T09:57:02.433+0800][9.949s][info][gc,heap        ] GC(404) PSYoungGen: 11143K(15360K)->2338K(15360K) Eden: 9216K(9216K)->0K(9216K) From: 1927K(6144K)->2338K(6144K)
[2026-06-17T09:57:02.434+0800][9.950s][info][gc,heap        ] GC(404) ParOldGen: 28842K(44032K)->30738K(44032K)
[2026-06-17T09:57:02.434+0800][9.950s][info][gc,metaspace   ] GC(404) Metaspace: 148K(384K)->148K(384K) NonClass: 143K(256K)->143K(256K) Class: 4K(128K)->4K(128K)
[2026-06-17T09:57:02.434+0800][9.950s][info][gc             ] GC(404) Pause Young (Allocation Failure) 39M->32M(58M) 1.212ms
[2026-06-17T09:57:02.434+0800][9.950s][info][gc,cpu         ] GC(404) User=0.00s Sys=0.00s Real=0.00s
[2026-06-17T09:57:02.455+0800][9.971s][info][gc,start       ] GC(405) Pause Young (Allocation Failure)
[2026-06-17T09:57:02.456+0800][9.972s][info][gc,heap        ] GC(405) PSYoungGen: 11524K(15360K)->4450K(15360K) Eden: 9185K(9216K)->0K(9216K) From: 2338K(6144K)->4450K(6144K)
[2026-06-17T09:57:02.456+0800][9.973s][info][gc,heap        ] GC(405) ParOldGen: 30738K(44032K)->31151K(44032K)
[2026-06-17T09:57:02.457+0800][9.973s][info][gc,metaspace   ] GC(405) Metaspace: 148K(384K)->148K(384K) NonClass: 143K(256K)->143K(256K) Class: 4K(128K)->4K(128K)
[2026-06-17T09:57:02.457+0800][9.973s][info][gc             ] GC(405) Pause Young (Allocation Failure) 41M->34M(58M) 2.064ms
[2026-06-17T09:57:02.457+0800][9.973s][info][gc,cpu         ] GC(405) User=0.01s Sys=0.00s Real=0.00s
[2026-06-17T09:57:02.478+0800][9.994s][info][gc,start       ] GC(406) Pause Young (Allocation Failure)
[2026-06-17T09:57:02.479+0800][9.995s][info][gc,heap        ] GC(406) PSYoungGen: 13646K(15360K)->4579K(13824K) Eden: 9195K(9216K)->0K(9216K) From: 4450K(6144K)->4579K(4608K)
[2026-06-17T09:57:02.480+0800][9.996s][info][gc,heap        ] GC(406) ParOldGen: 31151K(44032K)->33252K(44032K)
[2026-06-17T09:57:02.480+0800][9.996s][info][gc,metaspace   ] GC(406) Metaspace: 148K(384K)->148K(384K) NonClass: 143K(256K)->143K(256K) Class: 4K(128K)->4K(128K)
[2026-06-17T09:57:02.480+0800][9.996s][info][gc             ] GC(406) Pause Young (Allocation Failure) 43M->36M(56M) 1.603ms
[2026-06-17T09:57:02.480+0800][9.996s][info][gc,cpu         ] GC(406) User=0.00s Sys=0.00s Real=0.00s
[2026-06-17T09:57:02.502+0800][10.018s][info][gc,start       ] GC(407) Pause Young (Allocation Failure)
[2026-06-17T09:57:02.503+0800][10.019s][info][gc,heap        ] GC(407) PSYoungGen: 13728K(13824K)->1498K(14848K) Eden: 9149K(9216K)->0K(8192K) From: 4579K(4608K)->1498K(6656K)
[2026-06-17T09:57:02.504+0800][10.020s][info][gc,heap        ] GC(407) ParOldGen: 33252K(44032K)->34948K(44032K)
[2026-06-17T09:57:02.504+0800][10.020s][info][gc,metaspace   ] GC(407) Metaspace: 148K(384K)->148K(384K) NonClass: 143K(256K)->143K(256K) Class: 4K(128K)->4K(128K)
[2026-06-17T09:57:02.505+0800][10.021s][info][gc             ] GC(407) Pause Young (Allocation Failure) 45M->35M(57M) 2.475ms
[2026-06-17T09:57:02.505+0800][10.021s][info][gc,cpu         ] GC(407) User=0.00s Sys=0.00s Real=0.01s
[2026-06-17T09:57:02.527+0800][10.043s][info][gc,start       ] GC(408) Pause Young (Allocation Failure)
[2026-06-17T09:57:02.529+0800][10.045s][info][gc,heap        ] GC(408) PSYoungGen: 9688K(14848K)->4690K(14848K) Eden: 8190K(8192K)->0K(8192K) From: 1498K(6656K)->4690K(6656K)
[2026-06-17T09:57:02.529+0800][10.045s][info][gc,heap        ] GC(408) ParOldGen: 34948K(44032K)->36422K(44032K)
[2026-06-17T09:57:02.530+0800][10.046s][info][gc,metaspace   ] GC(408) Metaspace: 149K(384K)->149K(384K) NonClass: 144K(256K)->144K(256K) Class: 4K(128K)->4K(128K)
[2026-06-17T09:57:02.531+0800][10.047s][info][gc             ] GC(408) Pause Young (Allocation Failure) 43M->40M(57M) 3.400ms
[2026-06-17T09:57:02.531+0800][10.047s][info][gc,cpu         ] GC(408) User=0.00s Sys=0.00s Real=0.01s
[2026-06-17T09:57:02.553+0800][10.069s][info][gc,start       ] GC(409) Pause Young (Allocation Failure)
[2026-06-17T09:57:02.554+0800][10.070s][info][gc,heap        ] GC(409) PSYoungGen: 12881K(14848K)->4310K(14848K) Eden: 8191K(8192K)->0K(8192K) From: 4690K(6656K)->4310K(6656K)
[2026-06-17T09:57:02.555+0800][10.071s][info][gc,heap        ] GC(409) ParOldGen: 36422K(44032K)->37960K(44032K)
[2026-06-17T09:57:02.555+0800][10.071s][info][gc,metaspace   ] GC(409) Metaspace: 149K(384K)->149K(384K) NonClass: 144K(256K)->144K(256K) Class: 4K(128K)->4K(128K)
[2026-06-17T09:57:02.556+0800][10.072s][info][gc             ] GC(409) Pause Young (Allocation Failure) 48M->41M(57M) 3.022ms
[2026-06-17T09:57:02.556+0800][10.073s][info][gc,cpu         ] GC(409) User=0.01s Sys=0.00s Real=0.00s
[2026-06-17T09:57:02.579+0800][10.095s][info][gc,start       ] GC(410) Pause Young (Allocation Failure)
[2026-06-17T09:57:02.580+0800][10.096s][info][gc,heap        ] GC(410) PSYoungGen: 12277K(14848K)->183K(8704K) Eden: 7966K(8192K)->0K(8192K) From: 4310K(6656K)->183K(512K)
[2026-06-17T09:57:02.581+0800][10.097s][info][gc,heap        ] GC(410) ParOldGen: 37960K(44032K)->39586K(44032K)
[2026-06-17T09:57:02.582+0800][10.098s][info][gc,metaspace   ] GC(410) Metaspace: 149K(384K)->149K(384K) NonClass: 145K(256K)->145K(256K) Class: 4K(128K)->4K(128K)
[2026-06-17T09:57:02.582+0800][10.098s][info][gc             ] GC(410) Pause Young (Allocation Failure) 49M->38M(51M) 3.494ms
[2026-06-17T09:57:02.583+0800][10.099s][info][gc,cpu         ] GC(410) User=0.00s Sys=0.00s Real=0.01s
[2026-06-17T09:57:02.605+0800][10.121s][info][gc,start       ] GC(411) Pause Young (Allocation Failure)
[2026-06-17T09:57:02.607+0800][10.123s][info][gc,heap        ] GC(411) PSYoungGen: 8375K(8704K)->4707K(14336K) Eden: 8192K(8192K)->0K(7168K) From: 183K(512K)->4707K(7168K)
[2026-06-17T09:57:02.608+0800][10.124s][info][gc,heap        ] GC(411) ParOldGen: 39586K(44032K)->39745K(44032K)
[2026-06-17T09:57:02.608+0800][10.125s][info][gc,metaspace   ] GC(411) Metaspace: 149K(384K)->149K(384K) NonClass: 145K(256K)->145K(256K) Class: 4K(128K)->4K(128K)
[2026-06-17T09:57:02.609+0800][10.125s][info][gc             ] GC(411) Pause Young (Allocation Failure) 46M->43M(57M) 4.203ms
[2026-06-17T09:57:02.610+0800][10.126s][info][gc,cpu         ] GC(411) User=0.00s Sys=0.00s Real=0.00s
[2026-06-17T09:57:02.632+0800][10.148s][info][gc,start       ] GC(412) Pause Young (Allocation Failure)
[2026-06-17T09:57:02.635+0800][10.151s][info][gc,heap        ] GC(412) PSYoungGen: 11864K(14336K)->3250K(14336K) Eden: 7157K(7168K)->0K(7168K) From: 4707K(7168K)->3250K(7168K)
[2026-06-17T09:57:02.657+0800][10.173s][info][gc,heap        ] GC(412) ParOldGen: 39745K(44032K)->41354K(44032K)
[2026-06-17T09:57:02.670+0800][10.186s][info][gc,metaspace   ] GC(412) Metaspace: 149K(384K)->149K(384K) NonClass: 145K(256K)->145K(256K) Class: 4K(128K)->4K(128K)
[2026-06-17T09:57:02.672+0800][10.188s][info][gc             ] GC(412) Pause Young (Allocation Failure) 50M->43M(57M) 39.731ms
[2026-06-17T09:57:02.673+0800][10.189s][info][gc,cpu         ] GC(412) User=0.00s Sys=0.00s Real=0.04s
[2026-06-17T09:57:02.696+0800][10.212s][info][gc,start       ] GC(413) Pause Full (Ergonomics)
[2026-06-17T09:57:02.710+0800][10.226s][info][gc,phases,start] GC(413) Marking Phase
[2026-06-17T09:57:02.711+0800][10.227s][info][gc,phases      ] GC(413) Marking Phase 1.087ms
[2026-06-17T09:57:02.719+0800][10.235s][info][gc,phases,start] GC(413) Summary Phase
[2026-06-17T09:57:02.719+0800][10.235s][info][gc,phases      ] GC(413) Summary Phase 0.442ms
[2026-06-17T09:57:02.722+0800][10.238s][info][gc,phases,start] GC(413) Adjust Roots
[2026-06-17T09:57:02.723+0800][10.239s][info][gc,phases      ] GC(413) Adjust Roots 0.678ms
[2026-06-17T09:57:02.725+0800][10.241s][info][gc,phases,start] GC(413) Compaction Phase
[2026-06-17T09:57:02.728+0800][10.244s][info][gc,phases      ] GC(413) Compaction Phase 2.772ms
[2026-06-17T09:57:02.730+0800][10.246s][info][gc,phases,start] GC(413) Post Compact
[2026-06-17T09:57:02.731+0800][10.247s][info][gc,phases      ] GC(413) Post Compact 0.845ms
[2026-06-17T09:57:02.732+0800][10.248s][info][gc,heap        ] GC(413) PSYoungGen: 10393K(14336K)->0K(14336K) Eden: 7143K(7168K)->0K(7168K) From: 3250K(7168K)->0K(7168K)
[2026-06-17T09:57:02.733+0800][10.249s][info][gc,heap        ] GC(413) ParOldGen: 41354K(44032K)->25518K(44032K)
[2026-06-17T09:57:02.734+0800][10.250s][info][gc,metaspace   ] GC(413) Metaspace: 149K(384K)->149K(384K) NonClass: 145K(256K)->145K(256K) Class: 4K(128K)->4K(128K)
[2026-06-17T09:57:02.734+0800][10.250s][info][gc             ] GC(413) Pause Full (Ergonomics) 50M->24M(57M) 38.480ms
[2026-06-17T09:57:02.735+0800][10.251s][info][gc,cpu         ] GC(413) User=0.01s Sys=0.00s Real=0.04s
[2026-06-17T09:57:02.746+0800][10.262s][info][gc,start       ] GC(414) Pause Young (Allocation Failure)
[2026-06-17T09:57:02.747+0800][10.263s][info][gc,heap        ] GC(414) PSYoungGen: 7159K(14336K)->6874K(14336K) Eden: 7159K(7168K)->0K(7168K) From: 0K(7168K)->6874K(7168K)
[2026-06-17T09:57:02.747+0800][10.263s][info][gc,heap        ] GC(414) ParOldGen: 25518K(44032K)->25844K(44032K)
[2026-06-17T09:57:02.748+0800][10.264s][info][gc,metaspace   ] GC(414) Metaspace: 149K(384K)->149K(384K) NonClass: 145K(256K)->145K(256K) Class: 4K(128K)->4K(128K)
[2026-06-17T09:57:02.748+0800][10.264s][info][gc             ] GC(414) Pause Young (Allocation Failure) 31M->31M(57M) 2.090ms
[2026-06-17T09:57:02.748+0800][10.264s][info][gc,cpu         ] GC(414) User=0.00s Sys=0.00s Real=0.00s
[2026-06-17T09:57:02.770+0800][10.286s][info][gc,start       ] GC(415) Pause Young (Allocation Failure)
[2026-06-17T09:57:02.772+0800][10.288s][info][gc,heap        ] GC(415) PSYoungGen: 14016K(14336K)->3326K(14336K) Eden: 7141K(7168K)->0K(7168K) From: 6874K(7168K)->3326K(7168K)
[2026-06-17T09:57:02.773+0800][10.289s][info][gc,heap        ] GC(415) ParOldGen: 25844K(44032K)->29312K(44032K)
[2026-06-17T09:57:02.773+0800][10.289s][info][gc,metaspace   ] GC(415) Metaspace: 149K(384K)->149K(384K) NonClass: 145K(256K)->145K(256K) Class: 4K(128K)->4K(128K)
[2026-06-17T09:57:02.774+0800][10.290s][info][gc             ] GC(415) Pause Young (Allocation Failure) 38M->31M(57M) 4.000ms
[2026-06-17T09:57:02.774+0800][10.290s][info][gc,cpu         ] GC(415) User=0.00s Sys=0.00s Real=0.01s
[2026-06-17T09:57:02.796+0800][10.312s][info][gc,start       ] GC(416) Pause Young (Allocation Failure)
[2026-06-17T09:57:02.797+0800][10.313s][info][gc,heap        ] GC(416) PSYoungGen: 10489K(14336K)->3588K(14336K) Eden: 7163K(7168K)->0K(7168K) From: 3326K(7168K)->3588K(7168K)
[2026-06-17T09:57:02.797+0800][10.313s][info][gc,heap        ] GC(416) ParOldGen: 29312K(44032K)->29312K(44032K)
[2026-06-17T09:57:02.798+0800][10.314s][info][gc,metaspace   ] GC(416) Metaspace: 149K(384K)->149K(384K) NonClass: 145K(256K)->145K(256K) Class: 4K(128K)->4K(128K)
[2026-06-17T09:57:02.798+0800][10.314s][info][gc             ] GC(416) Pause Young (Allocation Failure) 38M->32M(57M) 2.453ms
[2026-06-17T09:57:02.798+0800][10.314s][info][gc,cpu         ] GC(416) User=0.00s Sys=0.00s Real=0.00s
[2026-06-17T09:57:02.809+0800][10.326s][info][gc,start       ] GC(417) Pause Young (Allocation Failure)
[2026-06-17T09:57:02.810+0800][10.327s][info][gc,heap        ] GC(417) PSYoungGen: 10751K(14336K)->4104K(14336K) Eden: 7163K(7168K)->0K(7168K) From: 3588K(7168K)->4104K(7168K)
[2026-06-17T09:57:02.811+0800][10.327s][info][gc,heap        ] GC(417) ParOldGen: 29312K(44032K)->29312K(44032K)
[2026-06-17T09:57:02.811+0800][10.327s][info][gc,metaspace   ] GC(417) Metaspace: 149K(384K)->149K(384K) NonClass: 145K(256K)->145K(256K) Class: 4K(128K)->4K(128K)
[2026-06-17T09:57:02.812+0800][10.328s][info][gc             ] GC(417) Pause Young (Allocation Failure) 39M->32M(57M) 2.431ms
[2026-06-17T09:57:02.812+0800][10.328s][info][gc,cpu         ] GC(417) User=0.00s Sys=0.00s Real=0.01s
[2026-06-17T09:57:02.834+0800][10.350s][info][gc,start       ] GC(418) Pause Young (Allocation Failure)
[2026-06-17T09:57:02.836+0800][10.352s][info][gc,heap        ] GC(418) PSYoungGen: 11261K(14336K)->7035K(14336K) Eden: 7157K(7168K)->0K(7168K) From: 4104K(7168K)->7035K(7168K)
[2026-06-17T09:57:02.837+0800][10.353s][info][gc,heap        ] GC(418) ParOldGen: 29312K(44032K)->29860K(44032K)
[2026-06-17T09:57:02.837+0800][10.353s][info][gc,metaspace   ] GC(418) Metaspace: 149K(384K)->149K(384K) NonClass: 145K(256K)->145K(256K) Class: 4K(128K)->4K(128K)
[2026-06-17T09:57:02.838+0800][10.354s][info][gc             ] GC(418) Pause Young (Allocation Failure) 39M->36M(57M) 4.034ms
[2026-06-17T09:57:02.838+0800][10.354s][info][gc,cpu         ] GC(418) User=0.00s Sys=0.00s Real=0.00s
[2026-06-17T09:57:02.860+0800][10.376s][info][gc,start       ] GC(419) Pause Young (Allocation Failure)
[2026-06-17T09:57:02.862+0800][10.378s][info][gc,heap        ] GC(419) PSYoungGen: 14199K(14336K)->3452K(14336K) Eden: 7164K(7168K)->0K(7168K) From: 7035K(7168K)->3452K(7168K)
[2026-06-17T09:57:02.862+0800][10.378s][info][gc,heap        ] GC(419) ParOldGen: 29860K(44032K)->33392K(44032K)
[2026-06-17T09:57:02.863+0800][10.379s][info][gc,metaspace   ] GC(419) Metaspace: 149K(384K)->149K(384K) NonClass: 145K(256K)->145K(256K) Class: 4K(128K)->4K(128K)
[2026-06-17T09:57:02.863+0800][10.379s][info][gc             ] GC(419) Pause Young (Allocation Failure) 43M->35M(57M) 2.852ms
[2026-06-17T09:57:02.864+0800][10.380s][info][gc,cpu         ] GC(419) User=0.00s Sys=0.00s Real=0.01s
[2026-06-17T09:57:02.885+0800][10.401s][info][gc,start       ] GC(420) Pause Young (Allocation Failure)
[2026-06-17T09:57:02.886+0800][10.402s][info][gc,heap        ] GC(420) PSYoungGen: 10605K(14336K)->963K(14336K) Eden: 7153K(7168K)->0K(7168K) From: 3452K(7168K)->963K(7168K)
[2026-06-17T09:57:02.887+0800][10.403s][info][gc,heap        ] GC(420) ParOldGen: 33392K(44032K)->36227K(44032K)
[2026-06-17T09:57:02.887+0800][10.403s][info][gc,metaspace   ] GC(420) Metaspace: 149K(384K)->149K(384K) NonClass: 145K(256K)->145K(256K) Class: 4K(128K)->4K(128K)
[2026-06-17T09:57:02.887+0800][10.403s][info][gc             ] GC(420) Pause Young (Allocation Failure) 42M->36M(57M) 2.141ms
[2026-06-17T09:57:02.888+0800][10.404s][info][gc,cpu         ] GC(420) User=0.00s Sys=0.00s Real=0.00s
[2026-06-17T09:57:02.899+0800][10.415s][info][gc,start       ] GC(421) Pause Young (Allocation Failure)
[2026-06-17T09:57:02.900+0800][10.416s][info][gc,heap        ] GC(421) PSYoungGen: 8105K(14336K)->4689K(14336K) Eden: 7142K(7168K)->0K(7168K) From: 963K(7168K)->4689K(7168K)
[2026-06-17T09:57:02.900+0800][10.416s][info][gc,heap        ] GC(421) ParOldGen: 36227K(44032K)->36227K(44032K)
[2026-06-17T09:57:02.900+0800][10.416s][info][gc,metaspace   ] GC(421) Metaspace: 149K(384K)->149K(384K) NonClass: 145K(256K)->145K(256K) Class: 4K(128K)->4K(128K)
[2026-06-17T09:57:02.901+0800][10.417s][info][gc             ] GC(421) Pause Young (Allocation Failure) 43M->39M(57M) 1.791ms
[2026-06-17T09:57:02.901+0800][10.417s][info][gc,cpu         ] GC(421) User=0.00s Sys=0.00s Real=0.00s
[2026-06-17T09:57:02.922+0800][10.438s][info][gc,start       ] GC(422) Pause Young (Allocation Failure)
[2026-06-17T09:57:02.923+0800][10.439s][info][gc,heap        ] GC(422) PSYoungGen: 11734K(14336K)->359K(14336K) Eden: 7045K(7168K)->0K(7168K) From: 4689K(7168K)->359K(7168K)
[2026-06-17T09:57:02.924+0800][10.440s][info][gc,heap        ] GC(422) ParOldGen: 36227K(44032K)->37853K(44032K)
[2026-06-17T09:57:02.924+0800][10.440s][info][gc,metaspace   ] GC(422) Metaspace: 149K(384K)->149K(384K) NonClass: 145K(256K)->145K(256K) Class: 4K(128K)->4K(128K)
[2026-06-17T09:57:02.924+0800][10.440s][info][gc             ] GC(422) Pause Young (Allocation Failure) 46M->37M(57M) 1.989ms
[2026-06-17T09:57:02.925+0800][10.441s][info][gc,cpu         ] GC(422) User=0.00s Sys=0.00s Real=0.01s
[2026-06-17T09:57:02.946+0800][10.462s][info][gc,start       ] GC(423) Pause Young (Allocation Failure)
[2026-06-17T09:57:02.947+0800][10.463s][info][gc,heap        ] GC(423) PSYoungGen: 7489K(14336K)->3792K(14336K) Eden: 7130K(7168K)->0K(7168K) From: 359K(7168K)->3792K(7168K)
[2026-06-17T09:57:02.947+0800][10.463s][info][gc,heap        ] GC(423) ParOldGen: 37853K(44032K)->38188K(44032K)
[2026-06-17T09:57:02.948+0800][10.464s][info][gc,metaspace   ] GC(423) Metaspace: 149K(384K)->149K(384K) NonClass: 145K(256K)->145K(256K) Class: 4K(128K)->4K(128K)
[2026-06-17T09:57:02.948+0800][10.464s][info][gc             ] GC(423) Pause Young (Allocation Failure) 44M->40M(57M) 1.991ms
[2026-06-17T09:57:02.948+0800][10.464s][info][gc,cpu         ] GC(423) User=0.00s Sys=0.00s Real=0.00s
[2026-06-17T09:57:02.969+0800][10.485s][info][gc,start       ] GC(424) Pause Young (Allocation Failure)
[2026-06-17T09:57:02.971+0800][10.487s][info][gc,heap        ] GC(424) PSYoungGen: 10928K(14336K)->2785K(14336K) Eden: 7135K(7168K)->0K(7168K) From: 3792K(7168K)->2785K(7168K)
[2026-06-17T09:57:02.971+0800][10.487s][info][gc,heap        ] GC(424) ParOldGen: 38188K(44032K)->39530K(44032K)
[2026-06-17T09:57:02.971+0800][10.487s][info][gc,metaspace   ] GC(424) Metaspace: 150K(384K)->150K(384K) NonClass: 145K(256K)->145K(256K) Class: 4K(128K)->4K(128K)
[2026-06-17T09:57:02.971+0800][10.487s][info][gc             ] GC(424) Pause Young (Allocation Failure) 47M->41M(57M) 1.992ms
[2026-06-17T09:57:02.972+0800][10.488s][info][gc,cpu         ] GC(424) User=0.00s Sys=0.00s Real=0.01s
[2026-06-17T09:57:02.993+0800][10.509s][info][gc,start       ] GC(425) Pause Young (Allocation Failure)
[2026-06-17T09:57:02.994+0800][10.510s][info][gc,heap        ] GC(425) PSYoungGen: 9940K(14336K)->861K(14336K) Eden: 7154K(7168K)->0K(7168K) From: 2785K(7168K)->861K(7168K)
[2026-06-17T09:57:02.994+0800][10.510s][info][gc,heap        ] GC(425) ParOldGen: 39530K(44032K)->41436K(44032K)
[2026-06-17T09:57:02.995+0800][10.511s][info][gc,metaspace   ] GC(425) Metaspace: 150K(384K)->150K(384K) NonClass: 145K(256K)->145K(256K) Class: 4K(128K)->4K(128K)
[2026-06-17T09:57:02.995+0800][10.511s][info][gc             ] GC(425) Pause Young (Allocation Failure) 48M->41M(57M) 2.332ms
[2026-06-17T09:57:02.995+0800][10.511s][info][gc,cpu         ] GC(425) User=0.00s Sys=0.00s Real=0.00s
[2026-06-17T09:57:03.007+0800][10.523s][info][gc,start       ] GC(426) Pause Full (Ergonomics)
[2026-06-17T09:57:03.007+0800][10.523s][info][gc,phases,start] GC(426) Marking Phase
[2026-06-17T09:57:03.008+0800][10.524s][info][gc,phases      ] GC(426) Marking Phase 1.127ms
[2026-06-17T09:57:03.008+0800][10.524s][info][gc,phases,start] GC(426) Summary Phase
[2026-06-17T09:57:03.008+0800][10.524s][info][gc,phases      ] GC(426) Summary Phase 0.173ms
[2026-06-17T09:57:03.009+0800][10.525s][info][gc,phases,start] GC(426) Adjust Roots
[2026-06-17T09:57:03.009+0800][10.525s][info][gc,phases      ] GC(426) Adjust Roots 0.269ms
[2026-06-17T09:57:03.009+0800][10.525s][info][gc,phases,start] GC(426) Compaction Phase
[2026-06-17T09:57:03.010+0800][10.526s][info][gc,phases      ] GC(426) Compaction Phase 1.416ms
[2026-06-17T09:57:03.011+0800][10.527s][info][gc,phases,start] GC(426) Post Compact
[2026-06-17T09:57:03.011+0800][10.527s][info][gc,phases      ] GC(426) Post Compact 0.280ms
[2026-06-17T09:57:03.011+0800][10.527s][info][gc,heap        ] GC(426) PSYoungGen: 8021K(14336K)->0K(14336K) Eden: 7159K(7168K)->0K(7168K) From: 861K(7168K)->0K(7168K)
[2026-06-17T09:57:03.011+0800][10.527s][info][gc,heap        ] GC(426) ParOldGen: 41436K(44032K)->23886K(44032K)
[2026-06-17T09:57:03.012+0800][10.528s][info][gc,metaspace   ] GC(426) Metaspace: 150K(384K)->150K(384K) NonClass: 145K(256K)->145K(256K) Class: 4K(128K)->4K(128K)
[2026-06-17T09:57:03.012+0800][10.528s][info][gc             ] GC(426) Pause Full (Ergonomics) 48M->23M(57M) 5.195ms
[2026-06-17T09:57:03.012+0800][10.528s][info][gc,cpu         ] GC(426) User=0.00s Sys=0.01s Real=0.01s
[2026-06-17T09:57:03.033+0800][10.549s][info][gc,start       ] GC(427) Pause Young (Allocation Failure)
[2026-06-17T09:57:03.034+0800][10.550s][info][gc,heap        ] GC(427) PSYoungGen: 7165K(14336K)->3934K(14336K) Eden: 7165K(7168K)->0K(7168K) From: 0K(7168K)->3934K(7168K)
[2026-06-17T09:57:03.034+0800][10.550s][info][gc,heap        ] GC(427) ParOldGen: 23886K(44032K)->23886K(44032K)
[2026-06-17T09:57:03.034+0800][10.550s][info][gc,metaspace   ] GC(427) Metaspace: 150K(384K)->150K(384K) NonClass: 145K(256K)->145K(256K) Class: 4K(128K)->4K(128K)
[2026-06-17T09:57:03.035+0800][10.551s][info][gc             ] GC(427) Pause Young (Allocation Failure) 30M->27M(57M) 1.622ms
[2026-06-17T09:57:03.035+0800][10.551s][info][gc,cpu         ] GC(427) User=0.00s Sys=0.00s Real=0.00s
[2026-06-17T09:57:03.046+0800][10.562s][info][gc,start       ] GC(428) Pause Young (Allocation Failure)
[2026-06-17T09:57:03.047+0800][10.563s][info][gc,heap        ] GC(428) PSYoungGen: 11078K(14336K)->7075K(14336K) Eden: 7144K(7168K)->0K(7168K) From: 3934K(7168K)->7075K(7168K)
[2026-06-17T09:57:03.047+0800][10.563s][info][gc,heap        ] GC(428) ParOldGen: 23886K(44032K)->24219K(44032K)
[2026-06-17T09:57:03.047+0800][10.563s][info][gc,metaspace   ] GC(428) Metaspace: 150K(384K)->150K(384K) NonClass: 145K(256K)->145K(256K) Class: 4K(128K)->4K(128K)
[2026-06-17T09:57:03.048+0800][10.564s][info][gc             ] GC(428) Pause Young (Allocation Failure) 34M->30M(57M) 1.870ms
[2026-06-17T09:57:03.048+0800][10.564s][info][gc,cpu         ] GC(428) User=0.00s Sys=0.00s Real=0.00s
[2026-06-17T09:57:03.069+0800][10.585s][info][gc,start       ] GC(429) Pause Young (Allocation Failure)
[2026-06-17T09:57:03.070+0800][10.586s][info][gc,heap        ] GC(429) PSYoungGen: 14158K(14336K)->32K(14336K) Eden: 7083K(7168K)->0K(7168K) From: 7075K(7168K)->32K(7168K)
[2026-06-17T09:57:03.071+0800][10.587s][info][gc,heap        ] GC(429) ParOldGen: 24219K(44032K)->28077K(44032K)
[2026-06-17T09:57:03.071+0800][10.587s][info][gc,metaspace   ] GC(429) Metaspace: 150K(384K)->150K(384K) NonClass: 145K(256K)->145K(256K) Class: 4K(128K)->4K(128K)
[2026-06-17T09:57:03.071+0800][10.587s][info][gc             ] GC(429) Pause Young (Allocation Failure) 37M->27M(57M) 1.700ms
[2026-06-17T09:57:03.071+0800][10.587s][info][gc,cpu         ] GC(429) User=0.00s Sys=0.00s Real=0.01s
[2026-06-17T09:57:03.093+0800][10.609s][info][gc,start       ] GC(430) Pause Young (Allocation Failure)
[2026-06-17T09:57:03.094+0800][10.610s][info][gc,heap        ] GC(430) PSYoungGen: 7183K(14336K)->3487K(14336K) Eden: 7151K(7168K)->0K(7168K) From: 32K(7168K)->3487K(7168K)
[2026-06-17T09:57:03.094+0800][10.610s][info][gc,heap        ] GC(430) ParOldGen: 28077K(44032K)->28085K(44032K)
[2026-06-17T09:57:03.095+0800][10.611s][info][gc,metaspace   ] GC(430) Metaspace: 150K(384K)->150K(384K) NonClass: 145K(256K)->145K(256K) Class: 4K(128K)->4K(128K)
[2026-06-17T09:57:03.095+0800][10.611s][info][gc             ] GC(430) Pause Young (Allocation Failure) 34M->30M(57M) 2.489ms
[2026-06-17T09:57:03.095+0800][10.611s][info][gc,cpu         ] GC(430) User=0.00s Sys=0.00s Real=0.00s
[2026-06-17T09:57:03.106+0800][10.622s][info][gc,start       ] GC(431) Pause Young (Allocation Failure)
[2026-06-17T09:57:03.107+0800][10.623s][info][gc,heap        ] GC(431) PSYoungGen: 10454K(14336K)->1747K(14336K) Eden: 6966K(7168K)->0K(7168K) From: 3487K(7168K)->1747K(7168K)
[2026-06-17T09:57:03.108+0800][10.624s][info][gc,heap        ] GC(431) ParOldGen: 28085K(44032K)->29963K(44032K)
[2026-06-17T09:57:03.108+0800][10.624s][info][gc,metaspace   ] GC(431) Metaspace: 150K(384K)->150K(384K) NonClass: 145K(256K)->145K(256K) Class: 4K(128K)->4K(128K)
[2026-06-17T09:57:03.108+0800][10.624s][info][gc             ] GC(431) Pause Young (Allocation Failure) 37M->30M(57M) 1.797ms
[2026-06-17T09:57:03.109+0800][10.625s][info][gc,cpu         ] GC(431) User=0.00s Sys=0.00s Real=0.00s
[2026-06-17T09:57:03.130+0800][10.646s][info][gc,start       ] GC(432) Pause Young (Allocation Failure)
[2026-06-17T09:57:03.131+0800][10.647s][info][gc,heap        ] GC(432) PSYoungGen: 8892K(14336K)->3605K(14336K) Eden: 7145K(7168K)->0K(7168K) From: 1747K(7168K)->3605K(7168K)
[2026-06-17T09:57:03.131+0800][10.647s][info][gc,heap        ] GC(432) ParOldGen: 29963K(44032K)->31686K(44032K)
[2026-06-17T09:57:03.132+0800][10.648s][info][gc,metaspace   ] GC(432) Metaspace: 150K(384K)->150K(384K) NonClass: 145K(256K)->145K(256K) Class: 4K(128K)->4K(128K)
[2026-06-17T09:57:03.132+0800][10.648s][info][gc             ] GC(432) Pause Young (Allocation Failure) 37M->34M(57M) 1.927ms
[2026-06-17T09:57:03.132+0800][10.648s][info][gc,cpu         ] GC(432) User=0.00s Sys=0.00s Real=0.01s
[2026-06-17T09:57:03.153+0800][10.669s][info][gc,start       ] GC(433) Pause Young (Allocation Failure)
[2026-06-17T09:57:03.154+0800][10.670s][info][gc,heap        ] GC(433) PSYoungGen: 10730K(14336K)->3734K(14336K) Eden: 7125K(7168K)->0K(7168K) From: 3605K(7168K)->3734K(7168K)
[2026-06-17T09:57:03.155+0800][10.671s][info][gc,heap        ] GC(433) ParOldGen: 31686K(44032K)->32180K(44032K)
[2026-06-17T09:57:03.155+0800][10.671s][info][gc,metaspace   ] GC(433) Metaspace: 150K(384K)->150K(384K) NonClass: 145K(256K)->145K(256K) Class: 4K(128K)->4K(128K)
[2026-06-17T09:57:03.155+0800][10.671s][info][gc             ] GC(433) Pause Young (Allocation Failure) 41M->35M(57M) 2.073ms
[2026-06-17T09:57:03.156+0800][10.672s][info][gc,cpu         ] GC(433) User=0.00s Sys=0.00s Real=0.00s
[2026-06-17T09:57:03.177+0800][10.693s][info][gc,start       ] GC(434) Pause Young (Allocation Failure)
[2026-06-17T09:57:03.178+0800][10.694s][info][gc,heap        ] GC(434) PSYoungGen: 10875K(14336K)->1500K(14336K) Eden: 7140K(7168K)->0K(7168K) From: 3734K(7168K)->1500K(7168K)
[2026-06-17T09:57:03.178+0800][10.694s][info][gc,heap        ] GC(434) ParOldGen: 32180K(44032K)->34172K(44032K)
[2026-06-17T09:57:03.179+0800][10.695s][info][gc,metaspace   ] GC(434) Metaspace: 150K(384K)->150K(384K) NonClass: 145K(256K)->145K(256K) Class: 4K(128K)->4K(128K)
[2026-06-17T09:57:03.179+0800][10.695s][info][gc             ] GC(434) Pause Young (Allocation Failure) 42M->34M(57M) 1.962ms
[2026-06-17T09:57:03.179+0800][10.695s][info][gc,cpu         ] GC(434) User=0.01s Sys=0.00s Real=0.00s
[2026-06-17T09:57:03.201+0800][10.717s][info][gc,start       ] GC(435) Pause Young (Allocation Failure)
[2026-06-17T09:57:03.202+0800][10.718s][info][gc,heap        ] GC(435) PSYoungGen: 8612K(14336K)->1890K(14336K) Eden: 7112K(7168K)->0K(7168K) From: 1500K(7168K)->1890K(7168K)
[2026-06-17T09:57:03.202+0800][10.718s][info][gc,heap        ] GC(435) ParOldGen: 34172K(44032K)->34172K(44032K)
[2026-06-17T09:57:03.202+0800][10.718s][info][gc,metaspace   ] GC(435) Metaspace: 150K(384K)->150K(384K) NonClass: 145K(256K)->145K(256K) Class: 4K(128K)->4K(128K)
[2026-06-17T09:57:03.202+0800][10.718s][info][gc             ] GC(435) Pause Young (Allocation Failure) 41M->35M(57M) 1.441ms
[2026-06-17T09:57:03.202+0800][10.718s][info][gc,cpu         ] GC(435) User=0.00s Sys=0.00s Real=0.00s
[2026-06-17T09:57:03.213+0800][10.729s][info][gc,start       ] GC(436) Pause Young (Allocation Failure)
[2026-06-17T09:57:03.214+0800][10.730s][info][gc,heap        ] GC(436) PSYoungGen: 8835K(14336K)->305K(14336K) Eden: 6944K(7168K)->0K(7168K) From: 1890K(7168K)->305K(7168K)
[2026-06-17T09:57:03.214+0800][10.730s][info][gc,heap        ] GC(436) ParOldGen: 34172K(44032K)->35879K(44032K)
[2026-06-17T09:57:03.214+0800][10.730s][info][gc,metaspace   ] GC(436) Metaspace: 150K(384K)->150K(384K) NonClass: 145K(256K)->145K(256K) Class: 4K(128K)->4K(128K)
[2026-06-17T09:57:03.215+0800][10.731s][info][gc             ] GC(436) Pause Young (Allocation Failure) 41M->35M(57M) 1.503ms
[2026-06-17T09:57:03.215+0800][10.731s][info][gc,cpu         ] GC(436) User=0.00s Sys=0.00s Real=0.00s
[2026-06-17T09:57:03.236+0800][10.752s][info][gc,start       ] GC(437) Pause Young (Allocation Failure)
[2026-06-17T09:57:03.237+0800][10.753s][info][gc,heap        ] GC(437) PSYoungGen: 7456K(14336K)->3987K(14336K) Eden: 7151K(7168K)->0K(7168K) From: 305K(7168K)->3987K(7168K)
[2026-06-17T09:57:03.237+0800][10.753s][info][gc,heap        ] GC(437) ParOldGen: 35879K(44032K)->36160K(44032K)
[2026-06-17T09:57:03.238+0800][10.754s][info][gc,metaspace   ] GC(437) Metaspace: 150K(384K)->150K(384K) NonClass: 145K(256K)->145K(256K) Class: 4K(128K)->4K(128K)
[2026-06-17T09:57:03.238+0800][10.754s][info][gc             ] GC(437) Pause Young (Allocation Failure) 42M->39M(57M) 2.316ms
[2026-06-17T09:57:03.238+0800][10.754s][info][gc,cpu         ] GC(437) User=0.00s Sys=0.00s Real=0.00s
[2026-06-17T09:57:03.250+0800][10.766s][info][gc,start       ] GC(438) Pause Young (Allocation Failure)
[2026-06-17T09:57:03.251+0800][10.767s][info][gc,heap        ] GC(438) PSYoungGen: 10999K(14336K)->1473K(14336K) Eden: 7012K(7168K)->0K(7168K) From: 3987K(7168K)->1473K(7168K)
[2026-06-17T09:57:03.251+0800][10.767s][info][gc,heap        ] GC(438) ParOldGen: 36160K(44032K)->39253K(44032K)
[2026-06-17T09:57:03.252+0800][10.768s][info][gc,metaspace   ] GC(438) Metaspace: 150K(384K)->150K(384K) NonClass: 145K(256K)->145K(256K) Class: 4K(128K)->4K(128K)
[2026-06-17T09:57:03.252+0800][10.768s][info][gc             ] GC(438) Pause Young (Allocation Failure) 46M->39M(57M) 2.174ms
[2026-06-17T09:57:03.252+0800][10.768s][info][gc,cpu         ] GC(438) User=0.00s Sys=0.00s Real=0.01s
[2026-06-17T09:57:03.274+0800][10.790s][info][gc,start       ] GC(439) Pause Young (Allocation Failure)
[2026-06-17T09:57:03.275+0800][10.791s][info][gc,heap        ] GC(439) PSYoungGen: 8639K(14336K)->3823K(14336K) Eden: 7166K(7168K)->0K(7168K) From: 1473K(7168K)->3823K(7168K)
[2026-06-17T09:57:03.275+0800][10.791s][info][gc,heap        ] GC(439) ParOldGen: 39253K(44032K)->40702K(44032K)
[2026-06-17T09:57:03.275+0800][10.791s][info][gc,metaspace   ] GC(439) Metaspace: 150K(384K)->150K(384K) NonClass: 145K(256K)->145K(256K) Class: 4K(128K)->4K(128K)
[2026-06-17T09:57:03.275+0800][10.791s][info][gc             ] GC(439) Pause Young (Allocation Failure) 46M->43M(57M) 1.681ms
[2026-06-17T09:57:03.275+0800][10.791s][info][gc,cpu         ] GC(439) User=0.01s Sys=0.00s Real=0.00s
[2026-06-17T09:57:03.297+0800][10.813s][info][gc,start       ] GC(440) Pause Full (Ergonomics)
[2026-06-17T09:57:03.297+0800][10.813s][info][gc,phases,start] GC(440) Marking Phase
[2026-06-17T09:57:03.299+0800][10.815s][info][gc,phases      ] GC(440) Marking Phase 1.459ms
[2026-06-17T09:57:03.299+0800][10.815s][info][gc,phases,start] GC(440) Summary Phase
[2026-06-17T09:57:03.299+0800][10.815s][info][gc,phases      ] GC(440) Summary Phase 0.217ms
[2026-06-17T09:57:03.299+0800][10.815s][info][gc,phases,start] GC(440) Adjust Roots
[2026-06-17T09:57:03.300+0800][10.816s][info][gc,phases      ] GC(440) Adjust Roots 0.368ms
[2026-06-17T09:57:03.300+0800][10.816s][info][gc,phases,start] GC(440) Compaction Phase
[2026-06-17T09:57:03.302+0800][10.818s][info][gc,phases      ] GC(440) Compaction Phase 1.837ms
[2026-06-17T09:57:03.302+0800][10.818s][info][gc,phases,start] GC(440) Post Compact
[2026-06-17T09:57:03.302+0800][10.818s][info][gc,phases      ] GC(440) Post Compact 0.291ms
[2026-06-17T09:57:03.303+0800][10.819s][info][gc,heap        ] GC(440) PSYoungGen: 10980K(14336K)->0K(14336K) Eden: 7156K(7168K)->0K(7168K) From: 3823K(7168K)->0K(7168K)
[2026-06-17T09:57:03.303+0800][10.819s][info][gc,heap        ] GC(440) ParOldGen: 40702K(44032K)->32563K(44032K)
[2026-06-17T09:57:03.303+0800][10.819s][info][gc,metaspace   ] GC(440) Metaspace: 150K(384K)->150K(384K) NonClass: 145K(256K)->145K(256K) Class: 4K(128K)->4K(128K)
[2026-06-17T09:57:03.304+0800][10.820s][info][gc             ] GC(440) Pause Full (Ergonomics) 50M->31M(57M) 6.920ms
[2026-06-17T09:57:03.304+0800][10.820s][info][gc,cpu         ] GC(440) User=0.00s Sys=0.00s Real=0.01s
[2026-06-17T09:57:03.325+0800][10.841s][info][gc,start       ] GC(441) Pause Young (Allocation Failure)
[2026-06-17T09:57:03.326+0800][10.842s][info][gc,heap        ] GC(441) PSYoungGen: 7154K(14336K)->3796K(14336K) Eden: 7154K(7168K)->0K(7168K) From: 0K(7168K)->3796K(7168K)
[2026-06-17T09:57:03.327+0800][10.843s][info][gc,heap        ] GC(441) ParOldGen: 32563K(44032K)->32563K(44032K)
[2026-06-17T09:57:03.327+0800][10.843s][info][gc,metaspace   ] GC(441) Metaspace: 150K(384K)->150K(384K) NonClass: 145K(256K)->145K(256K) Class: 4K(128K)->4K(128K)
[2026-06-17T09:57:03.327+0800][10.843s][info][gc             ] GC(441) Pause Young (Allocation Failure) 38M->35M(57M) 2.272ms
[2026-06-17T09:57:03.328+0800][10.844s][info][gc,cpu         ] GC(441) User=0.00s Sys=0.00s Real=0.00s
[2026-06-17T09:57:03.349+0800][10.865s][info][gc,start       ] GC(442) Pause Young (Allocation Failure)
[2026-06-17T09:57:03.350+0800][10.866s][info][gc,heap        ] GC(442) PSYoungGen: 10947K(14336K)->2484K(14336K) Eden: 7151K(7168K)->0K(7168K) From: 3796K(7168K)->2484K(7168K)
[2026-06-17T09:57:03.350+0800][10.866s][info][gc,heap        ] GC(442) ParOldGen: 32563K(44032K)->34070K(44032K)
[2026-06-17T09:57:03.350+0800][10.866s][info][gc,metaspace   ] GC(442) Metaspace: 150K(384K)->150K(384K) NonClass: 145K(256K)->145K(256K) Class: 4K(128K)->4K(128K)
[2026-06-17T09:57:03.351+0800][10.867s][info][gc             ] GC(442) Pause Young (Allocation Failure) 42M->35M(57M) 1.422ms
[2026-06-17T09:57:03.351+0800][10.867s][info][gc,cpu         ] GC(442) User=0.00s Sys=0.00s Real=0.01s
[2026-06-17T09:57:03.362+0800][10.878s][info][gc,start       ] GC(443) Pause Young (Allocation Failure)
[2026-06-17T09:57:03.363+0800][10.879s][info][gc,heap        ] GC(443) PSYoungGen: 9603K(14336K)->637K(14848K) Eden: 7118K(7168K)->0K(8192K) From: 2484K(7168K)->637K(6656K)
[2026-06-17T09:57:03.366+0800][10.882s][info][gc,heap        ] GC(443) ParOldGen: 34070K(44032K)->35952K(44032K)
[2026-06-17T09:57:03.367+0800][10.883s][info][gc,metaspace   ] GC(443) Metaspace: 150K(384K)->150K(384K) NonClass: 145K(256K)->145K(256K) Class: 4K(128K)->4K(128K)
[2026-06-17T09:57:03.367+0800][10.883s][info][gc             ] GC(443) Pause Young (Allocation Failure) 42M->35M(57M) 4.434ms
[2026-06-17T09:57:03.367+0800][10.883s][info][gc,cpu         ] GC(443) User=0.01s Sys=0.00s Real=0.01s
[2026-06-17T09:57:03.388+0800][10.904s][info][gc,start       ] GC(444) Pause Young (Allocation Failure)
[2026-06-17T09:57:03.390+0800][10.906s][info][gc,heap        ] GC(444) PSYoungGen: 8829K(14848K)->4779K(13312K) Eden: 8192K(8192K)->0K(8192K) From: 637K(6656K)->4779K(5120K)
[2026-06-17T09:57:03.390+0800][10.906s][info][gc,heap        ] GC(444) ParOldGen: 35952K(44032K)->36566K(44032K)
[2026-06-17T09:57:03.390+0800][10.906s][info][gc,metaspace   ] GC(444) Metaspace: 150K(384K)->150K(384K) NonClass: 145K(256K)->145K(256K) Class: 4K(128K)->4K(128K)
[2026-06-17T09:57:03.391+0800][10.907s][info][gc             ] GC(444) Pause Young (Allocation Failure) 43M->40M(56M) 2.208ms
[2026-06-17T09:57:03.391+0800][10.907s][info][gc,cpu         ] GC(444) User=0.00s Sys=0.00s Real=0.01s
[2026-06-17T09:57:03.412+0800][10.928s][info][gc,start       ] GC(445) Pause Young (Allocation Failure)
[2026-06-17T09:57:03.416+0800][10.932s][info][gc,heap        ] GC(445) PSYoungGen: 12935K(13312K)->4787K(14336K) Eden: 8156K(8192K)->0K(7168K) From: 4779K(5120K)->4787K(7168K)
[2026-06-17T09:57:03.417+0800][10.933s][info][gc,heap        ] GC(445) ParOldGen: 36566K(44032K)->38027K(44032K)
[2026-06-17T09:57:03.418+0800][10.934s][info][gc,metaspace   ] GC(445) Metaspace: 150K(384K)->150K(384K) NonClass: 145K(256K)->145K(256K) Class: 4K(128K)->4K(128K)
[2026-06-17T09:57:03.420+0800][10.936s][info][gc             ] GC(445) Pause Young (Allocation Failure) 48M->41M(57M) 7.651ms
[2026-06-17T09:57:03.421+0800][10.937s][info][gc,cpu         ] GC(445) User=0.00s Sys=0.00s Real=0.00s
[2026-06-17T09:57:03.442+0800][10.958s][info][gc,start       ] GC(446) Pause Young (Allocation Failure)
[2026-06-17T09:57:03.444+0800][10.960s][info][gc,heap        ] GC(446) PSYoungGen: 11930K(14336K)->3047K(14336K) Eden: 7143K(7168K)->0K(7168K) From: 4787K(7168K)->3047K(7168K)
[2026-06-17T09:57:03.444+0800][10.960s][info][gc,heap        ] GC(446) ParOldGen: 38027K(44032K)->39829K(44032K)
[2026-06-17T09:57:03.444+0800][10.960s][info][gc,metaspace   ] GC(446) Metaspace: 150K(384K)->150K(384K) NonClass: 145K(256K)->145K(256K) Class: 4K(128K)->4K(128K)
[2026-06-17T09:57:03.444+0800][10.960s][info][gc             ] GC(446) Pause Young (Allocation Failure) 48M->41M(57M) 1.994ms
[2026-06-17T09:57:03.445+0800][10.961s][info][gc,cpu         ] GC(446) User=0.00s Sys=0.00s Real=0.00s
[2026-06-17T09:57:03.466+0800][10.982s][info][gc,start       ] GC(447) Pause Young (Allocation Failure)
[2026-06-17T09:57:03.467+0800][10.983s][info][gc,heap        ] GC(447) PSYoungGen: 10199K(14336K)->2285K(14848K) Eden: 7151K(7168K)->0K(7680K) From: 3047K(7168K)->2285K(7168K)
[2026-06-17T09:57:03.467+0800][10.983s][info][gc,heap        ] GC(447) ParOldGen: 39829K(44032K)->40739K(44032K)
[2026-06-17T09:57:03.468+0800][10.984s][info][gc,metaspace   ] GC(447) Metaspace: 150K(384K)->150K(384K) NonClass: 145K(256K)->145K(256K) Class: 4K(128K)->4K(128K)
[2026-06-17T09:57:03.468+0800][10.984s][info][gc             ] GC(447) Pause Young (Allocation Failure) 48M->42M(57M) 1.850ms
[2026-06-17T09:57:03.468+0800][10.984s][info][gc,cpu         ] GC(447) User=0.00s Sys=0.00s Real=0.00s
[2026-06-17T09:57:03.480+0800][10.996s][info][gc,start       ] GC(448) Pause Young (Allocation Failure)
[2026-06-17T09:57:03.482+0800][10.998s][info][gc,heap        ] GC(448) PSYoungGen: 9890K(14848K)->916K(14336K) Eden: 7605K(7680K)->0K(7680K) From: 2285K(7168K)->916K(6656K)
[2026-06-17T09:57:03.483+0800][10.999s][info][gc,heap        ] GC(448) ParOldGen: 40739K(44032K)->42591K(44032K)
[2026-06-17T09:57:03.486+0800][11.002s][info][gc,metaspace   ] GC(448) Metaspace: 150K(384K)->150K(384K) NonClass: 145K(256K)->145K(256K) Class: 4K(128K)->4K(128K)
[2026-06-17T09:57:03.490+0800][11.006s][info][gc             ] GC(448) Pause Young (Allocation Failure) 49M->42M(57M) 10.048ms
[2026-06-17T09:57:03.491+0800][11.007s][info][gc,cpu         ] GC(448) User=0.00s Sys=0.00s Real=0.02s
[2026-06-17T09:57:03.513+0800][11.029s][info][gc,start       ] GC(449) Pause Full (Ergonomics)
[2026-06-17T09:57:03.513+0800][11.029s][info][gc,phases,start] GC(449) Marking Phase
[2026-06-17T09:57:03.515+0800][11.031s][info][gc,phases      ] GC(449) Marking Phase 1.359ms
[2026-06-17T09:57:03.523+0800][11.039s][info][gc,phases,start] GC(449) Summary Phase
[2026-06-17T09:57:03.523+0800][11.039s][info][gc,phases      ] GC(449) Summary Phase 0.523ms
[2026-06-17T09:57:03.524+0800][11.040s][info][gc,phases,start] GC(449) Adjust Roots
[2026-06-17T09:57:03.524+0800][11.040s][info][gc,phases      ] GC(449) Adjust Roots 0.579ms
[2026-06-17T09:57:03.525+0800][11.041s][info][gc,phases,start] GC(449) Compaction Phase
[2026-06-17T09:57:03.527+0800][11.043s][info][gc,phases      ] GC(449) Compaction Phase 2.147ms
[2026-06-17T09:57:03.528+0800][11.044s][info][gc,phases,start] GC(449) Post Compact
[2026-06-17T09:57:03.529+0800][11.045s][info][gc,phases      ] GC(449) Post Compact 0.774ms
[2026-06-17T09:57:03.531+0800][11.047s][info][gc,heap        ] GC(449) PSYoungGen: 8572K(14336K)->0K(14848K) Eden: 7656K(7680K)->0K(8192K) From: 916K(6656K)->0K(6656K)
[2026-06-17T09:57:03.531+0800][11.047s][info][gc,heap        ] GC(449) ParOldGen: 42591K(44032K)->33651K(44032K)
[2026-06-17T09:57:03.531+0800][11.047s][info][gc,metaspace   ] GC(449) Metaspace: 150K(384K)->150K(384K) NonClass: 145K(256K)->145K(256K) Class: 4K(128K)->4K(128K)
[2026-06-17T09:57:03.532+0800][11.048s][info][gc             ] GC(449) Pause Full (Ergonomics) 49M->32M(57M) 19.323ms
[2026-06-17T09:57:03.533+0800][11.049s][info][gc,cpu         ] GC(449) User=0.00s Sys=0.01s Real=0.02s
[2026-06-17T09:57:03.555+0800][11.071s][info][gc,start       ] GC(450) Pause Young (Allocation Failure)
[2026-06-17T09:57:03.557+0800][11.073s][info][gc,heap        ] GC(450) PSYoungGen: 8167K(14848K)->4736K(13312K) Eden: 8167K(8192K)->0K(8192K) From: 0K(6656K)->4736K(5120K)
[2026-06-17T09:57:03.558+0800][11.074s][info][gc,heap        ] GC(450) ParOldGen: 33651K(44032K)->33651K(44032K)
[2026-06-17T09:57:03.559+0800][11.075s][info][gc,metaspace   ] GC(450) Metaspace: 150K(384K)->150K(384K) NonClass: 145K(256K)->145K(256K) Class: 4K(128K)->4K(128K)
[2026-06-17T09:57:03.560+0800][11.076s][info][gc             ] GC(450) Pause Young (Allocation Failure) 40M->37M(56M) 5.352ms
[2026-06-17T09:57:03.561+0800][11.077s][info][gc,cpu         ] GC(450) User=0.00s Sys=0.00s Real=0.00s
[2026-06-17T09:57:03.584+0800][11.100s][info][gc,start       ] GC(451) Pause Young (Allocation Failure)
[2026-06-17T09:57:03.586+0800][11.102s][info][gc,heap        ] GC(451) PSYoungGen: 12731K(13312K)->2326K(14848K) Eden: 7995K(8192K)->0K(7680K) From: 4736K(5120K)->2326K(7168K)
[2026-06-17T09:57:03.587+0800][11.103s][info][gc,heap        ] GC(451) ParOldGen: 33651K(44032K)->33651K(44032K)
[2026-06-17T09:57:03.587+0800][11.103s][info][gc,metaspace   ] GC(451) Metaspace: 150K(384K)->150K(384K) NonClass: 145K(256K)->145K(256K) Class: 4K(128K)->4K(128K)
[2026-06-17T09:57:03.588+0800][11.104s][info][gc             ] GC(451) Pause Young (Allocation Failure) 45M->35M(57M) 4.398ms
[2026-06-17T09:57:03.589+0800][11.105s][info][gc,cpu         ] GC(451) User=0.01s Sys=0.00s Real=0.00s
[2026-06-17T09:57:03.612+0800][11.128s][info][gc,start       ] GC(452) Pause Young (Allocation Failure)
[2026-06-17T09:57:03.615+0800][11.131s][info][gc,heap        ] GC(452) PSYoungGen: 9992K(14848K)->6313K(14336K) Eden: 7666K(7680K)->0K(7680K) From: 2326K(7168K)->6313K(6656K)
[2026-06-17T09:57:03.616+0800][11.132s][info][gc,heap        ] GC(452) ParOldGen: 33651K(44032K)->33651K(44032K)
[2026-06-17T09:57:03.617+0800][11.133s][info][gc,metaspace   ] GC(452) Metaspace: 150K(384K)->150K(384K) NonClass: 145K(256K)->145K(256K) Class: 4K(128K)->4K(128K)
[2026-06-17T09:57:03.619+0800][11.135s][info][gc             ] GC(452) Pause Young (Allocation Failure) 42M->39M(57M) 7.226ms
[2026-06-17T09:57:03.620+0800][11.136s][info][gc,cpu         ] GC(452) User=0.00s Sys=0.00s Real=0.00s
[2026-06-17T09:57:03.647+0800][11.163s][info][gc,start       ] GC(453) Pause Young (Allocation Failure)
[2026-06-17T09:57:03.650+0800][11.166s][info][gc,heap        ] GC(453) PSYoungGen: 13993K(14336K)->4438K(14336K) Eden: 7680K(7680K)->0K(7168K) From: 6313K(6656K)->4438K(7168K)
[2026-06-17T09:57:03.651+0800][11.167s][info][gc,heap        ] GC(453) ParOldGen: 33651K(44032K)->35938K(44032K)
[2026-06-17T09:57:03.652+0800][11.168s][info][gc,metaspace   ] GC(453) Metaspace: 150K(384K)->150K(384K) NonClass: 145K(256K)->145K(256K) Class: 4K(128K)->4K(128K)
[2026-06-17T09:57:03.653+0800][11.169s][info][gc             ] GC(453) Pause Young (Allocation Failure) 46M->39M(57M) 5.971ms
[2026-06-17T09:57:03.657+0800][11.173s][info][gc,cpu         ] GC(453) User=0.00s Sys=0.00s Real=0.01s
[2026-06-17T09:57:03.679+0800][11.195s][info][gc,start       ] GC(454) Pause Young (Allocation Failure)
[2026-06-17T09:57:03.684+0800][11.200s][info][gc,heap        ] GC(454) PSYoungGen: 11606K(14336K)->475K(14336K) Eden: 7168K(7168K)->0K(7168K) From: 4438K(7168K)->475K(7168K)
[2026-06-17T09:57:03.684+0800][11.200s][info][gc,heap        ] GC(454) ParOldGen: 35938K(44032K)->39829K(44032K)
[2026-06-17T09:57:03.684+0800][11.200s][info][gc,metaspace   ] GC(454) Metaspace: 150K(384K)->150K(384K) NonClass: 145K(256K)->145K(256K) Class: 4K(128K)->4K(128K)
[2026-06-17T09:57:03.685+0800][11.201s][info][gc             ] GC(454) Pause Young (Allocation Failure) 46M->39M(57M) 5.562ms
[2026-06-17T09:57:03.685+0800][11.201s][info][gc,cpu         ] GC(454) User=0.00s Sys=0.00s Real=0.01s
[2026-06-17T09:57:03.697+0800][11.213s][info][gc,start       ] GC(455) Pause Young (Allocation Failure)
[2026-06-17T09:57:03.699+0800][11.215s][info][gc,heap        ] GC(455) PSYoungGen: 7609K(14336K)->4606K(14336K) Eden: 7134K(7168K)->0K(7168K) From: 475K(7168K)->4606K(7168K)
[2026-06-17T09:57:03.699+0800][11.215s][info][gc,heap        ] GC(455) ParOldGen: 39829K(44032K)->39829K(44032K)
[2026-06-17T09:57:03.702+0800][11.218s][info][gc,metaspace   ] GC(455) Metaspace: 150K(384K)->150K(384K) NonClass: 145K(256K)->145K(256K) Class: 4K(128K)->4K(128K)
[2026-06-17T09:57:03.703+0800][11.219s][info][gc             ] GC(455) Pause Young (Allocation Failure) 46M->43M(57M) 6.431ms
[2026-06-17T09:57:03.703+0800][11.219s][info][gc,cpu         ] GC(455) User=0.00s Sys=0.00s Real=0.01s
[2026-06-17T09:57:03.725+0800][11.241s][info][gc,start       ] GC(456) Pause Young (Allocation Failure)
[2026-06-17T09:57:03.726+0800][11.242s][info][gc,heap        ] GC(456) PSYoungGen: 11746K(14336K)->3112K(14336K) Eden: 7139K(7168K)->0K(7168K) From: 4606K(7168K)->3112K(7168K)
[2026-06-17T09:57:03.726+0800][11.242s][info][gc,heap        ] GC(456) ParOldGen: 39829K(44032K)->41949K(44032K)
[2026-06-17T09:57:03.727+0800][11.243s][info][gc,metaspace   ] GC(456) Metaspace: 150K(384K)->150K(384K) NonClass: 145K(256K)->145K(256K) Class: 4K(128K)->4K(128K)
[2026-06-17T09:57:03.727+0800][11.243s][info][gc             ] GC(456) Pause Young (Allocation Failure) 50M->44M(57M) 2.167ms
[2026-06-17T09:57:03.727+0800][11.243s][info][gc,cpu         ] GC(456) User=0.00s Sys=0.00s Real=0.00s
[2026-06-17T09:57:03.748+0800][11.264s][info][gc,start       ] GC(457) Pause Full (Ergonomics)
[2026-06-17T09:57:03.749+0800][11.265s][info][gc,phases,start] GC(457) Marking Phase
[2026-06-17T09:57:03.750+0800][11.266s][info][gc,phases      ] GC(457) Marking Phase 1.292ms
[2026-06-17T09:57:03.751+0800][11.267s][info][gc,phases,start] GC(457) Summary Phase
[2026-06-17T09:57:03.751+0800][11.267s][info][gc,phases      ] GC(457) Summary Phase 0.480ms
[2026-06-17T09:57:03.752+0800][11.268s][info][gc,phases,start] GC(457) Adjust Roots
[2026-06-17T09:57:03.752+0800][11.268s][info][gc,phases      ] GC(457) Adjust Roots 0.641ms
[2026-06-17T09:57:03.752+0800][11.268s][info][gc,phases,start] GC(457) Compaction Phase
[2026-06-17T09:57:03.755+0800][11.271s][info][gc,phases      ] GC(457) Compaction Phase 2.509ms
[2026-06-17T09:57:03.755+0800][11.271s][info][gc,phases,start] GC(457) Post Compact
[2026-06-17T09:57:03.756+0800][11.272s][info][gc,phases      ] GC(457) Post Compact 0.521ms
[2026-06-17T09:57:03.756+0800][11.272s][info][gc,heap        ] GC(457) PSYoungGen: 10264K(14336K)->0K(14336K) Eden: 7151K(7168K)->0K(7168K) From: 3112K(7168K)->0K(7168K)
[2026-06-17T09:57:03.757+0800][11.273s][info][gc,heap        ] GC(457) ParOldGen: 41949K(44032K)->26525K(44032K)
[2026-06-17T09:57:03.757+0800][11.273s][info][gc,metaspace   ] GC(457) Metaspace: 150K(384K)->150K(384K) NonClass: 145K(256K)->145K(256K) Class: 4K(128K)->4K(128K)
[2026-06-17T09:57:03.758+0800][11.274s][info][gc             ] GC(457) Pause Full (Ergonomics) 50M->25M(57M) 9.143ms
[2026-06-17T09:57:03.758+0800][11.274s][info][gc,cpu         ] GC(457) User=0.00s Sys=0.00s Real=0.01s
[2026-06-17T09:57:03.770+0800][11.286s][info][gc,start       ] GC(458) Pause Young (Allocation Failure)
[2026-06-17T09:57:03.771+0800][11.287s][info][gc,heap        ] GC(458) PSYoungGen: 7059K(14336K)->3602K(14336K) Eden: 7059K(7168K)->0K(7168K) From: 0K(7168K)->3602K(7168K)
[2026-06-17T09:57:03.771+0800][11.287s][info][gc,heap        ] GC(458) ParOldGen: 26525K(44032K)->26525K(44032K)
[2026-06-17T09:57:03.771+0800][11.287s][info][gc,metaspace   ] GC(458) Metaspace: 150K(384K)->150K(384K) NonClass: 145K(256K)->145K(256K) Class: 4K(128K)->4K(128K)
[2026-06-17T09:57:03.771+0800][11.287s][info][gc             ] GC(458) Pause Young (Allocation Failure) 32M->29M(57M) 1.522ms
[2026-06-17T09:57:03.771+0800][11.287s][info][gc,cpu         ] GC(458) User=0.00s Sys=0.00s Real=0.01s
[2026-06-17T09:57:03.793+0800][11.309s][info][gc,start       ] GC(459) Pause Young (Allocation Failure)
[2026-06-17T09:57:03.794+0800][11.310s][info][gc,heap        ] GC(459) PSYoungGen: 10767K(14336K)->7054K(14336K) Eden: 7164K(7168K)->0K(7168K) From: 3602K(7168K)->7054K(7168K)
[2026-06-17T09:57:03.794+0800][11.310s][info][gc,heap        ] GC(459) ParOldGen: 26525K(44032K)->26525K(44032K)
[2026-06-17T09:57:03.794+0800][11.310s][info][gc,metaspace   ] GC(459) Metaspace: 150K(384K)->150K(384K) NonClass: 145K(256K)->145K(256K) Class: 4K(128K)->4K(128K)
[2026-06-17T09:57:03.795+0800][11.311s][info][gc             ] GC(459) Pause Young (Allocation Failure) 36M->32M(57M) 1.821ms
[2026-06-17T09:57:03.795+0800][11.311s][info][gc,cpu         ] GC(459) User=0.00s Sys=0.01s Real=0.00s
[2026-06-17T09:57:03.816+0800][11.332s][info][gc,start       ] GC(460) Pause Young (Allocation Failure)
[2026-06-17T09:57:03.817+0800][11.333s][info][gc,heap        ] GC(460) PSYoungGen: 14200K(14336K)->2854K(14336K) Eden: 7145K(7168K)->0K(7168K) From: 7054K(7168K)->2854K(7168K)
[2026-06-17T09:57:03.818+0800][11.334s][info][gc,heap        ] GC(460) ParOldGen: 26525K(44032K)->31073K(44032K)
[2026-06-17T09:57:03.818+0800][11.334s][info][gc,metaspace   ] GC(460) Metaspace: 150K(384K)->150K(384K) NonClass: 145K(256K)->145K(256K) Class: 4K(128K)->4K(128K)
[2026-06-17T09:57:03.818+0800][11.334s][info][gc             ] GC(460) Pause Young (Allocation Failure) 39M->33M(57M) 2.561ms
[2026-06-17T09:57:03.819+0800][11.335s][info][gc,cpu         ] GC(460) User=0.00s Sys=0.00s Real=0.00s
[2026-06-17T09:57:03.841+0800][11.357s][info][gc,start       ] GC(461) Pause Young (Allocation Failure)
[2026-06-17T09:57:03.842+0800][11.358s][info][gc,heap        ] GC(461) PSYoungGen: 10017K(14336K)->455K(14336K) Eden: 7163K(7168K)->0K(7168K) From: 2854K(7168K)->455K(7168K)
[2026-06-17T09:57:03.842+0800][11.358s][info][gc,heap        ] GC(461) ParOldGen: 31073K(44032K)->33360K(44032K)
[2026-06-17T09:57:03.843+0800][11.359s][info][gc,metaspace   ] GC(461) Metaspace: 150K(384K)->150K(384K) NonClass: 145K(256K)->145K(256K) Class: 4K(128K)->4K(128K)
[2026-06-17T09:57:03.843+0800][11.359s][info][gc             ] GC(461) Pause Young (Allocation Failure) 40M->33M(57M) 2.258ms
[2026-06-17T09:57:03.843+0800][11.359s][info][gc,cpu         ] GC(461) User=0.00s Sys=0.00s Real=0.01s
[2026-06-17T09:57:03.854+0800][11.370s][info][gc,start       ] GC(462) Pause Young (Allocation Failure)
[2026-06-17T09:57:03.855+0800][11.371s][info][gc,heap        ] GC(462) PSYoungGen: 7571K(14336K)->4355K(14336K) Eden: 7116K(7168K)->0K(7168K) From: 455K(7168K)->4355K(7168K)
[2026-06-17T09:57:03.856+0800][11.372s][info][gc,heap        ] GC(462) ParOldGen: 33360K(44032K)->33360K(44032K)
[2026-06-17T09:57:03.856+0800][11.372s][info][gc,metaspace   ] GC(462) Metaspace: 150K(384K)->150K(384K) NonClass: 145K(256K)->145K(256K) Class: 4K(128K)->4K(128K)
[2026-06-17T09:57:03.856+0800][11.372s][info][gc             ] GC(462) Pause Young (Allocation Failure) 39M->36M(57M) 1.756ms
[2026-06-17T09:57:03.856+0800][11.372s][info][gc,cpu         ] GC(462) User=0.00s Sys=0.00s Real=0.00s
[2026-06-17T09:57:03.878+0800][11.394s][info][gc,start       ] GC(463) Pause Young (Allocation Failure)
[2026-06-17T09:57:03.879+0800][11.395s][info][gc,heap        ] GC(463) PSYoungGen: 11472K(14336K)->2383K(14336K) Eden: 7116K(7168K)->0K(7168K) From: 4355K(7168K)->2383K(7168K)
[2026-06-17T09:57:03.879+0800][11.395s][info][gc,heap        ] GC(463) ParOldGen: 33360K(44032K)->35480K(44032K)
[2026-06-17T09:57:03.879+0800][11.395s][info][gc,metaspace   ] GC(463) Metaspace: 150K(384K)->150K(384K) NonClass: 145K(256K)->145K(256K) Class: 4K(128K)->4K(128K)
[2026-06-17T09:57:03.879+0800][11.395s][info][gc             ] GC(463) Pause Young (Allocation Failure) 43M->36M(57M) 1.838ms
[2026-06-17T09:57:03.880+0800][11.396s][info][gc,cpu         ] GC(463) User=0.00s Sys=0.00s Real=0.00s
[2026-06-17T09:57:03.901+0800][11.417s][info][gc,start       ] GC(464) Pause Young (Allocation Failure)
[2026-06-17T09:57:03.902+0800][11.418s][info][gc,heap        ] GC(464) PSYoungGen: 9547K(14336K)->3047K(14336K) Eden: 7163K(7168K)->0K(7168K) From: 2383K(7168K)->3047K(7168K)
[2026-06-17T09:57:03.903+0800][11.419s][info][gc,heap        ] GC(464) ParOldGen: 35480K(44032K)->35480K(44032K)
[2026-06-17T09:57:03.903+0800][11.419s][info][gc,metaspace   ] GC(464) Metaspace: 150K(384K)->150K(384K) NonClass: 145K(256K)->145K(256K) Class: 4K(128K)->4K(128K)
[2026-06-17T09:57:03.903+0800][11.419s][info][gc             ] GC(464) Pause Young (Allocation Failure) 43M->37M(57M) 2.421ms
[2026-06-17T09:57:03.904+0800][11.420s][info][gc,cpu         ] GC(464) User=0.00s Sys=0.00s Real=0.01s
[2026-06-17T09:57:03.915+0800][11.431s][info][gc,start       ] GC(465) Pause Young (Allocation Failure)
[2026-06-17T09:57:03.916+0800][11.432s][info][gc,heap        ] GC(465) PSYoungGen: 10150K(14336K)->2926K(14336K) Eden: 7102K(7168K)->0K(7168K) From: 3047K(7168K)->2926K(7168K)
[2026-06-17T09:57:03.917+0800][11.433s][info][gc,heap        ] GC(465) ParOldGen: 35480K(44032K)->35480K(44032K)
[2026-06-17T09:57:03.917+0800][11.433s][info][gc,metaspace   ] GC(465) Metaspace: 150K(384K)->150K(384K) NonClass: 145K(256K)->145K(256K) Class: 4K(128K)->4K(128K)
[2026-06-17T09:57:03.917+0800][11.433s][info][gc             ] GC(465) Pause Young (Allocation Failure) 44M->37M(57M) 1.830ms
[2026-06-17T09:57:03.917+0800][11.433s][info][gc,cpu         ] GC(465) User=0.00s Sys=0.00s Real=0.00s
[2026-06-17T09:57:03.939+0800][11.455s][info][gc,start       ] GC(466) Pause Young (Allocation Failure)
[2026-06-17T09:57:03.940+0800][11.456s][info][gc,heap        ] GC(466) PSYoungGen: 10094K(14336K)->6638K(14336K) Eden: 7168K(7168K)->0K(7168K) From: 2926K(7168K)->6638K(7168K)
[2026-06-17T09:57:03.941+0800][11.457s][info][gc,heap        ] GC(466) ParOldGen: 35480K(44032K)->35480K(44032K)
[2026-06-17T09:57:03.941+0800][11.457s][info][gc,metaspace   ] GC(466) Metaspace: 150K(384K)->150K(384K) NonClass: 145K(256K)->145K(256K) Class: 4K(128K)->4K(128K)
[2026-06-17T09:57:03.941+0800][11.457s][info][gc             ] GC(466) Pause Young (Allocation Failure) 44M->41M(57M) 2.437ms
[2026-06-17T09:57:03.942+0800][11.458s][info][gc,cpu         ] GC(466) User=0.00s Sys=0.00s Real=0.00s
[2026-06-17T09:57:03.963+0800][11.479s][info][gc,start       ] GC(467) Pause Young (Allocation Failure)
[2026-06-17T09:57:03.971+0800][11.487s][info][gc,heap        ] GC(467) PSYoungGen: 13771K(14336K)->4103K(14336K) Eden: 7133K(7168K)->0K(7168K) From: 6638K(7168K)->4103K(7168K)
[2026-06-17T09:57:03.975+0800][11.491s][info][gc,heap        ] GC(467) ParOldGen: 35480K(44032K)->38350K(44032K)
[2026-06-17T09:57:03.976+0800][11.492s][info][gc,metaspace   ] GC(467) Metaspace: 150K(384K)->150K(384K) NonClass: 145K(256K)->145K(256K) Class: 4K(128K)->4K(128K)
[2026-06-17T09:57:03.976+0800][11.492s][info][gc             ] GC(467) Pause Young (Allocation Failure) 48M->41M(57M) 12.919ms
[2026-06-17T09:57:03.976+0800][11.492s][info][gc,cpu         ] GC(467) User=0.00s Sys=0.00s Real=0.01s
[2026-06-17T09:57:03.998+0800][11.514s][info][gc,start       ] GC(468) Pause Young (Allocation Failure)
[2026-06-17T09:57:03.999+0800][11.515s][info][gc,heap        ] GC(468) PSYoungGen: 11257K(14336K)->32K(14336K) Eden: 7153K(7168K)->0K(7168K) From: 4103K(7168K)->32K(7168K)
[2026-06-17T09:57:03.999+0800][11.515s][info][gc,heap        ] GC(468) ParOldGen: 38350K(44032K)->41934K(44032K)
[2026-06-17T09:57:03.999+0800][11.515s][info][gc,metaspace   ] GC(468) Metaspace: 150K(384K)->150K(384K) NonClass: 145K(256K)->145K(256K) Class: 4K(128K)->4K(128K)
[2026-06-17T09:57:03.999+0800][11.515s][info][gc             ] GC(468) Pause Young (Allocation Failure) 48M->40M(57M) 1.574ms
[2026-06-17T09:57:04.000+0800][11.516s][info][gc,cpu         ] GC(468) User=0.00s Sys=0.00s Real=0.00s
[2026-06-17T09:57:04.011+0800][11.527s][info][gc,start       ] GC(469) Pause Full (Ergonomics)
[2026-06-17T09:57:04.011+0800][11.527s][info][gc,phases,start] GC(469) Marking Phase
[2026-06-17T09:57:04.013+0800][11.529s][info][gc,phases      ] GC(469) Marking Phase 1.389ms
[2026-06-17T09:57:04.013+0800][11.529s][info][gc,phases,start] GC(469) Summary Phase
[2026-06-17T09:57:04.013+0800][11.529s][info][gc,phases      ] GC(469) Summary Phase 0.307ms
[2026-06-17T09:57:04.014+0800][11.530s][info][gc,phases,start] GC(469) Adjust Roots
[2026-06-17T09:57:04.014+0800][11.530s][info][gc,phases      ] GC(469) Adjust Roots 0.510ms
[2026-06-17T09:57:04.014+0800][11.530s][info][gc,phases,start] GC(469) Compaction Phase
[2026-06-17T09:57:04.016+0800][11.532s][info][gc,phases      ] GC(469) Compaction Phase 1.622ms
[2026-06-17T09:57:04.016+0800][11.532s][info][gc,phases,start] GC(469) Post Compact
[2026-06-17T09:57:04.016+0800][11.532s][info][gc,phases      ] GC(469) Post Compact 0.305ms
[2026-06-17T09:57:04.016+0800][11.532s][info][gc,heap        ] GC(469) PSYoungGen: 7163K(14336K)->0K(14336K) Eden: 7131K(7168K)->0K(7168K) From: 32K(7168K)->0K(7168K)
[2026-06-17T09:57:04.017+0800][11.533s][info][gc,heap        ] GC(469) ParOldGen: 41934K(44032K)->23147K(44032K)
[2026-06-17T09:57:04.017+0800][11.533s][info][gc,metaspace   ] GC(469) Metaspace: 150K(384K)->150K(384K) NonClass: 145K(256K)->145K(256K) Class: 4K(128K)->4K(128K)
[2026-06-17T09:57:04.017+0800][11.533s][info][gc             ] GC(469) Pause Full (Ergonomics) 47M->22M(57M) 5.856ms
[2026-06-17T09:57:04.017+0800][11.533s][info][gc,cpu         ] GC(469) User=0.01s Sys=0.00s Real=0.00s
[2026-06-17T09:57:04.038+0800][11.554s][info][gc,start       ] GC(470) Pause Young (Allocation Failure)
[2026-06-17T09:57:04.039+0800][11.555s][info][gc,heap        ] GC(470) PSYoungGen: 7158K(14336K)->3855K(14336K) Eden: 7158K(7168K)->0K(7168K) From: 0K(7168K)->3855K(7168K)
[2026-06-17T09:57:04.039+0800][11.555s][info][gc,heap        ] GC(470) ParOldGen: 23147K(44032K)->23147K(44032K)
[2026-06-17T09:57:04.039+0800][11.555s][info][gc,metaspace   ] GC(470) Metaspace: 150K(384K)->150K(384K) NonClass: 145K(256K)->145K(256K) Class: 4K(128K)->4K(128K)
[2026-06-17T09:57:04.039+0800][11.555s][info][gc             ] GC(470) Pause Young (Allocation Failure) 29M->26M(57M) 1.275ms
[2026-06-17T09:57:04.039+0800][11.555s][info][gc,cpu         ] GC(470) User=0.00s Sys=0.00s Real=0.00s
[2026-06-17T09:57:04.060+0800][11.576s][info][gc,start       ] GC(471) Pause Young (Allocation Failure)
[2026-06-17T09:57:04.062+0800][11.578s][info][gc,heap        ] GC(471) PSYoungGen: 10982K(14336K)->2592K(14336K) Eden: 7127K(7168K)->0K(7168K) From: 3855K(7168K)->2592K(7168K)
[2026-06-17T09:57:04.062+0800][11.578s][info][gc,heap        ] GC(471) ParOldGen: 23147K(44032K)->24257K(44032K)
[2026-06-17T09:57:04.062+0800][11.578s][info][gc,metaspace   ] GC(471) Metaspace: 150K(384K)->150K(384K) NonClass: 145K(256K)->145K(256K) Class: 4K(128K)->4K(128K)
[2026-06-17T09:57:04.063+0800][11.579s][info][gc             ] GC(471) Pause Young (Allocation Failure) 33M->26M(57M) 2.504ms
[2026-06-17T09:57:04.063+0800][11.579s][info][gc,cpu         ] GC(471) User=0.00s Sys=0.00s Real=0.01s
[2026-06-17T09:57:04.074+0800][11.590s][info][gc,start       ] GC(472) Pause Young (Allocation Failure)
[2026-06-17T09:57:04.075+0800][11.591s][info][gc,heap        ] GC(472) PSYoungGen: 9726K(14336K)->1086K(14336K) Eden: 7134K(7168K)->0K(7168K) From: 2592K(7168K)->1086K(7168K)
[2026-06-17T09:57:04.075+0800][11.591s][info][gc,heap        ] GC(472) ParOldGen: 24257K(44032K)->26327K(44032K)
[2026-06-17T09:57:04.075+0800][11.591s][info][gc,metaspace   ] GC(472) Metaspace: 150K(384K)->150K(384K) NonClass: 145K(256K)->145K(256K) Class: 4K(128K)->4K(128K)
[2026-06-17T09:57:04.076+0800][11.592s][info][gc             ] GC(472) Pause Young (Allocation Failure) 33M->26M(57M) 1.626ms
[2026-06-17T09:57:04.076+0800][11.592s][info][gc,cpu         ] GC(472) User=0.00s Sys=0.00s Real=0.00s
[2026-06-17T09:57:04.097+0800][11.613s][info][gc,start       ] GC(473) Pause Young (Allocation Failure)
[2026-06-17T09:57:04.099+0800][11.615s][info][gc,heap        ] GC(473) PSYoungGen: 8211K(14336K)->3597K(14336K) Eden: 7125K(7168K)->0K(7168K) From: 1086K(7168K)->3597K(7168K)
[2026-06-17T09:57:04.099+0800][11.615s][info][gc,heap        ] GC(473) ParOldGen: 26327K(44032K)->27389K(44032K)
[2026-06-17T09:57:04.100+0800][11.616s][info][gc,metaspace   ] GC(473) Metaspace: 150K(384K)->150K(384K) NonClass: 145K(256K)->145K(256K) Class: 4K(128K)->4K(128K)
[2026-06-17T09:57:04.100+0800][11.616s][info][gc             ] GC(473) Pause Young (Allocation Failure) 33M->30M(57M) 3.011ms
[2026-06-17T09:57:04.101+0800][11.617s][info][gc,cpu         ] GC(473) User=0.01s Sys=0.00s Real=0.00s
[2026-06-17T09:57:04.122+0800][11.638s][info][gc,start       ] GC(474) Pause Young (Allocation Failure)
[2026-06-17T09:57:04.123+0800][11.639s][info][gc,heap        ] GC(474) PSYoungGen: 10761K(14336K)->2841K(14336K) Eden: 7163K(7168K)->0K(7168K) From: 3597K(7168K)->2841K(7168K)
[2026-06-17T09:57:04.124+0800][11.640s][info][gc,heap        ] GC(474) ParOldGen: 27389K(44032K)->28327K(44032K)
[2026-06-17T09:57:04.124+0800][11.640s][info][gc,metaspace   ] GC(474) Metaspace: 150K(384K)->150K(384K) NonClass: 145K(256K)->145K(256K) Class: 4K(128K)->4K(128K)
[2026-06-17T09:57:04.124+0800][11.640s][info][gc             ] GC(474) Pause Young (Allocation Failure) 37M->30M(57M) 2.314ms
[2026-06-17T09:57:04.125+0800][11.641s][info][gc,cpu         ] GC(474) User=0.00s Sys=0.00s Real=0.01s
[2026-06-17T09:57:04.136+0800][11.652s][info][gc,start       ] GC(475) Pause Young (Allocation Failure)
[2026-06-17T09:57:04.136+0800][11.653s][info][gc,heap        ] GC(475) PSYoungGen: 9352K(14336K)->0K(13824K) Eden: 6510K(7168K)->0K(7168K) From: 2841K(7168K)->0K(6656K)
[2026-06-17T09:57:04.137+0800][11.653s][info][gc,heap        ] GC(475) ParOldGen: 28327K(44032K)->30529K(44032K)
[2026-06-17T09:57:04.137+0800][11.653s][info][gc,metaspace   ] GC(475) Metaspace: 150K(384K)->150K(384K) NonClass: 145K(256K)->145K(256K) Class: 4K(128K)->4K(128K)
[2026-06-17T09:57:04.137+0800][11.653s][info][gc             ] GC(475) Pause Young (Allocation Failure) 36M->29M(56M) 1.463ms
[2026-06-17T09:57:04.137+0800][11.653s][info][gc,cpu         ] GC(475) User=0.00s Sys=0.00s Real=0.00s
[2026-06-17T09:57:04.159+0800][11.675s][info][gc,start       ] GC(476) Pause Young (Allocation Failure)
[2026-06-17T09:57:04.159+0800][11.675s][info][gc,heap        ] GC(476) PSYoungGen: 7168K(13824K)->3670K(14336K) Eden: 7168K(7168K)->0K(7168K) From: 0K(6656K)->3670K(7168K)
[2026-06-17T09:57:04.160+0800][11.676s][info][gc,heap        ] GC(476) ParOldGen: 30529K(44032K)->30529K(44032K)
[2026-06-17T09:57:04.160+0800][11.676s][info][gc,metaspace   ] GC(476) Metaspace: 150K(384K)->150K(384K) NonClass: 145K(256K)->145K(256K) Class: 4K(128K)->4K(128K)
[2026-06-17T09:57:04.160+0800][11.676s][info][gc             ] GC(476) Pause Young (Allocation Failure) 36M->33M(57M) 1.396ms
[2026-06-17T09:57:04.160+0800][11.676s][info][gc,cpu         ] GC(476) User=0.00s Sys=0.00s Real=0.00s
[2026-06-17T09:57:04.181+0800][11.697s][info][gc,start       ] GC(477) Pause Young (Allocation Failure)
[2026-06-17T09:57:04.185+0800][11.701s][info][gc,heap        ] GC(477) PSYoungGen: 10827K(14336K)->716K(14336K) Eden: 7157K(7168K)->0K(7168K) From: 3670K(7168K)->716K(7168K)
[2026-06-17T09:57:04.185+0800][11.701s][info][gc,heap        ] GC(477) ParOldGen: 30529K(44032K)->33678K(44032K)
[2026-06-17T09:57:04.185+0800][11.701s][info][gc,metaspace   ] GC(477) Metaspace: 150K(384K)->150K(384K) NonClass: 145K(256K)->145K(256K) Class: 4K(128K)->4K(128K)
[2026-06-17T09:57:04.185+0800][11.701s][info][gc             ] GC(477) Pause Young (Allocation Failure) 40M->33M(57M) 4.250ms
[2026-06-17T09:57:04.186+0800][11.702s][info][gc,cpu         ] GC(477) User=0.00s Sys=0.00s Real=0.01s
[2026-06-17T09:57:04.197+0800][11.713s][info][gc,start       ] GC(478) Pause Young (Allocation Failure)
[2026-06-17T09:57:04.198+0800][11.714s][info][gc,heap        ] GC(478) PSYoungGen: 7862K(14336K)->4053K(14336K) Eden: 7145K(7168K)->0K(7168K) From: 716K(7168K)->4053K(7168K)
[2026-06-17T09:57:04.198+0800][11.714s][info][gc,heap        ] GC(478) ParOldGen: 33678K(44032K)->33678K(44032K)
[2026-06-17T09:57:04.198+0800][11.714s][info][gc,metaspace   ] GC(478) Metaspace: 150K(384K)->150K(384K) NonClass: 145K(256K)->145K(256K) Class: 4K(128K)->4K(128K)
[2026-06-17T09:57:04.199+0800][11.715s][info][gc             ] GC(478) Pause Young (Allocation Failure) 40M->36M(57M) 1.857ms
[2026-06-17T09:57:04.199+0800][11.715s][info][gc,cpu         ] GC(478) User=0.01s Sys=0.00s Real=0.00s
[2026-06-17T09:57:04.220+0800][11.736s][info][gc,start       ] GC(479) Pause Young (Allocation Failure)
[2026-06-17T09:57:04.221+0800][11.737s][info][gc,heap        ] GC(479) PSYoungGen: 11214K(14336K)->2264K(14848K) Eden: 7161K(7168K)->0K(7680K) From: 4053K(7168K)->2264K(7168K)
[2026-06-17T09:57:04.221+0800][11.737s][info][gc,heap        ] GC(479) ParOldGen: 33678K(44032K)->35627K(44032K)
[2026-06-17T09:57:04.222+0800][11.738s][info][gc,metaspace   ] GC(479) Metaspace: 150K(384K)->150K(384K) NonClass: 145K(256K)->145K(256K) Class: 4K(128K)->4K(128K)
[2026-06-17T09:57:04.222+0800][11.738s][info][gc             ] GC(479) Pause Young (Allocation Failure) 43M->37M(57M) 1.759ms
[2026-06-17T09:57:04.222+0800][11.738s][info][gc,cpu         ] GC(479) User=0.00s Sys=0.00s Real=0.00s
[2026-06-17T09:57:04.243+0800][11.759s][info][gc,start       ] GC(480) Pause Young (Allocation Failure)
[2026-06-17T09:57:04.244+0800][11.760s][info][gc,heap        ] GC(480) PSYoungGen: 9917K(14848K)->3264K(14336K) Eden: 7652K(7680K)->0K(7680K) From: 2264K(7168K)->3264K(6656K)
[2026-06-17T09:57:04.244+0800][11.760s][info][gc,heap        ] GC(480) ParOldGen: 35627K(44032K)->35627K(44032K)
[2026-06-17T09:57:04.244+0800][11.760s][info][gc,metaspace   ] GC(480) Metaspace: 150K(384K)->150K(384K) NonClass: 145K(256K)->145K(256K) Class: 4K(128K)->4K(128K)
[2026-06-17T09:57:04.245+0800][11.761s][info][gc             ] GC(480) Pause Young (Allocation Failure) 44M->37M(57M) 1.517ms
[2026-06-17T09:57:04.245+0800][11.761s][info][gc,cpu         ] GC(480) User=0.00s Sys=0.00s Real=0.00s
[2026-06-17T09:57:04.266+0800][11.782s][info][gc,start       ] GC(481) Pause Young (Allocation Failure)
[2026-06-17T09:57:04.267+0800][11.783s][info][gc,heap        ] GC(481) PSYoungGen: 10934K(14336K)->4040K(14848K) Eden: 7669K(7680K)->0K(8192K) From: 3264K(6656K)->4040K(6656K)
[2026-06-17T09:57:04.268+0800][11.784s][info][gc,heap        ] GC(481) ParOldGen: 35627K(44032K)->35627K(44032K)
[2026-06-17T09:57:04.268+0800][11.784s][info][gc,metaspace   ] GC(481) Metaspace: 150K(384K)->150K(384K) NonClass: 145K(256K)->145K(256K) Class: 4K(128K)->4K(128K)
[2026-06-17T09:57:04.268+0800][11.784s][info][gc             ] GC(481) Pause Young (Allocation Failure) 45M->38M(57M) 2.354ms
[2026-06-17T09:57:04.269+0800][11.785s][info][gc,cpu         ] GC(481) User=0.00s Sys=0.00s Real=0.00s
[2026-06-17T09:57:04.291+0800][11.807s][info][gc,start       ] GC(482) Pause Young (Allocation Failure)
[2026-06-17T09:57:04.293+0800][11.809s][info][gc,heap        ] GC(482) PSYoungGen: 12210K(14848K)->3408K(14848K) Eden: 8170K(8192K)->0K(8192K) From: 4040K(6656K)->3408K(6656K)
[2026-06-17T09:57:04.293+0800][11.809s][info][gc,heap        ] GC(482) ParOldGen: 35627K(44032K)->37848K(44032K)
[2026-06-17T09:57:04.294+0800][11.810s][info][gc,metaspace   ] GC(482) Metaspace: 150K(384K)->150K(384K) NonClass: 145K(256K)->145K(256K) Class: 4K(128K)->4K(128K)
[2026-06-17T09:57:04.294+0800][11.810s][info][gc             ] GC(482) Pause Young (Allocation Failure) 46M->40M(57M) 3.386ms
[2026-06-17T09:57:04.294+0800][11.810s][info][gc,cpu         ] GC(482) User=0.00s Sys=0.00s Real=0.00s
[2026-06-17T09:57:04.316+0800][11.832s][info][gc,start       ] GC(483) Pause Young (Allocation Failure)
[2026-06-17T09:57:04.318+0800][11.834s][info][gc,heap        ] GC(483) PSYoungGen: 11600K(14848K)->2917K(15360K) Eden: 8192K(8192K)->0K(8704K) From: 3408K(6656K)->2917K(6656K)
[2026-06-17T09:57:04.320+0800][11.836s][info][gc,heap        ] GC(483) ParOldGen: 37848K(44032K)->39488K(44032K)
[2026-06-17T09:57:04.322+0800][11.838s][info][gc,metaspace   ] GC(483) Metaspace: 150K(384K)->150K(384K) NonClass: 145K(256K)->145K(256K) Class: 4K(128K)->4K(128K)
[2026-06-17T09:57:04.326+0800][11.842s][info][gc             ] GC(483) Pause Young (Allocation Failure) 48M->41M(58M) 10.053ms
[2026-06-17T09:57:04.328+0800][11.844s][info][gc,cpu         ] GC(483) User=0.00s Sys=0.00s Real=0.01s
[2026-06-17T09:57:04.351+0800][11.867s][info][gc,start       ] GC(484) Pause Young (Allocation Failure)
[2026-06-17T09:57:04.352+0800][11.868s][info][gc,heap        ] GC(484) PSYoungGen: 11606K(15360K)->4911K(14848K) Eden: 8689K(8704K)->0K(8704K) From: 2917K(6656K)->4911K(6144K)
[2026-06-17T09:57:04.352+0800][11.868s][info][gc,heap        ] GC(484) ParOldGen: 39488K(44032K)->39488K(44032K)
[2026-06-17T09:57:04.353+0800][11.869s][info][gc,metaspace   ] GC(484) Metaspace: 150K(384K)->150K(384K) NonClass: 145K(256K)->145K(256K) Class: 4K(128K)->4K(128K)
[2026-06-17T09:57:04.353+0800][11.869s][info][gc             ] GC(484) Pause Young (Allocation Failure) 49M->43M(57M) 2.056ms
[2026-06-17T09:57:04.353+0800][11.869s][info][gc,cpu         ] GC(484) User=0.00s Sys=0.00s Real=0.00s
[2026-06-17T09:57:04.375+0800][11.891s][info][gc,start       ] GC(485) Pause Young (Allocation Failure)
[2026-06-17T09:57:04.376+0800][11.892s][info][gc,heap        ] GC(485) PSYoungGen: 13556K(14848K)->4709K(14848K) Eden: 8644K(8704K)->0K(8192K) From: 4911K(6144K)->4709K(6656K)
[2026-06-17T09:57:04.377+0800][11.893s][info][gc,heap        ] GC(485) ParOldGen: 39488K(44032K)->41257K(44032K)
[2026-06-17T09:57:04.377+0800][11.893s][info][gc,metaspace   ] GC(485) Metaspace: 150K(384K)->150K(384K) NonClass: 145K(256K)->145K(256K) Class: 4K(128K)->4K(128K)
[2026-06-17T09:57:04.378+0800][11.894s][info][gc             ] GC(485) Pause Young (Allocation Failure) 51M->44M(57M) 3.017ms
[2026-06-17T09:57:04.378+0800][11.894s][info][gc,cpu         ] GC(485) User=0.00s Sys=0.00s Real=0.00s
[2026-06-17T09:57:04.400+0800][11.916s][info][gc,start       ] GC(486) Pause Full (Ergonomics)
[2026-06-17T09:57:04.400+0800][11.916s][info][gc,phases,start] GC(486) Marking Phase
[2026-06-17T09:57:04.402+0800][11.918s][info][gc,phases      ] GC(486) Marking Phase 1.578ms
[2026-06-17T09:57:04.402+0800][11.918s][info][gc,phases,start] GC(486) Summary Phase
[2026-06-17T09:57:04.403+0800][11.919s][info][gc,phases      ] GC(486) Summary Phase 0.488ms
[2026-06-17T09:57:04.403+0800][11.919s][info][gc,phases,start] GC(486) Adjust Roots
[2026-06-17T09:57:04.403+0800][11.919s][info][gc,phases      ] GC(486) Adjust Roots 0.470ms
[2026-06-17T09:57:04.404+0800][11.920s][info][gc,phases,start] GC(486) Compaction Phase
[2026-06-17T09:57:04.405+0800][11.921s][info][gc,phases      ] GC(486) Compaction Phase 1.545ms
[2026-06-17T09:57:04.406+0800][11.922s][info][gc,phases,start] GC(486) Post Compact
[2026-06-17T09:57:04.406+0800][11.922s][info][gc,phases      ] GC(486) Post Compact 0.334ms
[2026-06-17T09:57:04.406+0800][11.922s][info][gc,heap        ] GC(486) PSYoungGen: 12848K(14848K)->0K(14848K) Eden: 8138K(8192K)->0K(8192K) From: 4709K(6656K)->0K(6656K)
[2026-06-17T09:57:04.406+0800][11.922s][info][gc,heap        ] GC(486) ParOldGen: 41257K(44032K)->24368K(44032K)
[2026-06-17T09:57:04.407+0800][11.923s][info][gc,metaspace   ] GC(486) Metaspace: 150K(384K)->150K(384K) NonClass: 145K(256K)->145K(256K) Class: 4K(128K)->4K(128K)
[2026-06-17T09:57:04.407+0800][11.923s][info][gc             ] GC(486) Pause Full (Ergonomics) 52M->23M(57M) 7.037ms
[2026-06-17T09:57:04.407+0800][11.923s][info][gc,cpu         ] GC(486) User=0.01s Sys=0.00s Real=0.01s
[2026-06-17T09:57:04.428+0800][11.944s][info][gc,start       ] GC(487) Pause Young (Allocation Failure)
[2026-06-17T09:57:04.430+0800][11.946s][info][gc,heap        ] GC(487) PSYoungGen: 8144K(14848K)->4715K(13824K) Eden: 8144K(8192K)->0K(7168K) From: 0K(6656K)->4715K(6656K)
[2026-06-17T09:57:04.430+0800][11.946s][info][gc,heap        ] GC(487) ParOldGen: 24368K(44032K)->24368K(44032K)
[2026-06-17T09:57:04.431+0800][11.947s][info][gc,metaspace   ] GC(487) Metaspace: 150K(384K)->150K(384K) NonClass: 145K(256K)->145K(256K) Class: 4K(128K)->4K(128K)
[2026-06-17T09:57:04.431+0800][11.947s][info][gc             ] GC(487) Pause Young (Allocation Failure) 31M->28M(56M) 2.338ms
[2026-06-17T09:57:04.431+0800][11.947s][info][gc,cpu         ] GC(487) User=0.00s Sys=0.00s Real=0.01s
[2026-06-17T09:57:04.453+0800][11.969s][info][gc,start       ] GC(488) Pause Young (Allocation Failure)
[2026-06-17T09:57:04.454+0800][11.970s][info][gc,heap        ] GC(488) PSYoungGen: 11866K(13824K)->4785K(14336K) Eden: 7151K(7168K)->0K(7168K) From: 4715K(6656K)->4785K(7168K)
[2026-06-17T09:57:04.455+0800][11.971s][info][gc,heap        ] GC(488) ParOldGen: 24368K(44032K)->24368K(44032K)
[2026-06-17T09:57:04.456+0800][11.972s][info][gc,metaspace   ] GC(488) Metaspace: 150K(384K)->150K(384K) NonClass: 145K(256K)->145K(256K) Class: 4K(128K)->4K(128K)
[2026-06-17T09:57:04.456+0800][11.972s][info][gc             ] GC(488) Pause Young (Allocation Failure) 35M->28M(57M) 3.569ms
[2026-06-17T09:57:04.456+0800][11.972s][info][gc,cpu         ] GC(488) User=0.00s Sys=0.00s Real=0.00s
[2026-06-17T09:57:04.468+0800][11.984s][info][gc,start       ] GC(489) Pause Young (Allocation Failure)
[2026-06-17T09:57:04.469+0800][11.985s][info][gc,heap        ] GC(489) PSYoungGen: 11911K(14336K)->3850K(14336K) Eden: 7126K(7168K)->0K(7168K) From: 4785K(7168K)->3850K(7168K)
[2026-06-17T09:57:04.469+0800][11.985s][info][gc,heap        ] GC(489) ParOldGen: 24368K(44032K)->28957K(44032K)
[2026-06-17T09:57:04.470+0800][11.986s][info][gc,metaspace   ] GC(489) Metaspace: 150K(384K)->150K(384K) NonClass: 145K(256K)->145K(256K) Class: 4K(128K)->4K(128K)
[2026-06-17T09:57:04.470+0800][11.986s][info][gc             ] GC(489) Pause Young (Allocation Failure) 35M->32M(57M) 2.258ms
[2026-06-17T09:57:04.470+0800][11.986s][info][gc,cpu         ] GC(489) User=0.00s Sys=0.00s Real=0.00s
[2026-06-17T09:57:04.491+0800][12.007s][info][gc,start       ] GC(490) Pause Young (Allocation Failure)
[2026-06-17T09:57:04.493+0800][12.009s][info][gc,heap        ] GC(490) PSYoungGen: 11014K(14336K)->2177K(14336K) Eden: 7164K(7168K)->0K(7168K) From: 3850K(7168K)->2177K(7168K)
[2026-06-17T09:57:04.493+0800][12.009s][info][gc,heap        ] GC(490) ParOldGen: 28957K(44032K)->30831K(44032K)
[2026-06-17T09:57:04.494+0800][12.010s][info][gc,metaspace   ] GC(490) Metaspace: 150K(384K)->150K(384K) NonClass: 145K(256K)->145K(256K) Class: 4K(128K)->4K(128K)
[2026-06-17T09:57:04.494+0800][12.010s][info][gc             ] GC(490) Pause Young (Allocation Failure) 39M->32M(57M) 2.682ms
[2026-06-17T09:57:04.494+0800][12.010s][info][gc,cpu         ] GC(490) User=0.01s Sys=0.00s Real=0.00s
[2026-06-17T09:57:04.516+0800][12.032s][info][gc,start       ] GC(491) Pause Young (Allocation Failure)
[2026-06-17T09:57:04.519+0800][12.035s][info][gc,heap        ] GC(491) PSYoungGen: 9314K(14336K)->2246K(14848K) Eden: 7137K(7168K)->0K(7680K) From: 2177K(7168K)->2246K(7168K)
[2026-06-17T09:57:04.520+0800][12.036s][info][gc,heap        ] GC(491) ParOldGen: 30831K(44032K)->30831K(44032K)
[2026-06-17T09:57:04.522+0800][12.038s][info][gc,metaspace   ] GC(491) Metaspace: 150K(384K)->150K(384K) NonClass: 145K(256K)->145K(256K) Class: 4K(128K)->4K(128K)
[2026-06-17T09:57:04.524+0800][12.040s][info][gc             ] GC(491) Pause Young (Allocation Failure) 39M->32M(57M) 7.965ms
[2026-06-17T09:57:04.526+0800][12.042s][info][gc,cpu         ] GC(491) User=0.00s Sys=0.00s Real=0.01s
[2026-06-17T09:57:04.539+0800][12.055s][info][gc,start       ] GC(492) Pause Young (Allocation Failure)
[2026-06-17T09:57:04.541+0800][12.057s][info][gc,heap        ] GC(492) PSYoungGen: 9871K(14848K)->1122K(14336K) Eden: 7625K(7680K)->0K(7680K) From: 2246K(7168K)->1122K(6656K)
[2026-06-17T09:57:04.544+0800][12.060s][info][gc,heap        ] GC(492) ParOldGen: 30831K(44032K)->32517K(44032K)
[2026-06-17T09:57:04.545+0800][12.061s][info][gc,metaspace   ] GC(492) Metaspace: 150K(384K)->150K(384K) NonClass: 145K(256K)->145K(256K) Class: 4K(128K)->4K(128K)
[2026-06-17T09:57:04.546+0800][12.062s][info][gc             ] GC(492) Pause Young (Allocation Failure) 39M->32M(57M) 6.460ms
[2026-06-17T09:57:04.546+0800][12.062s][info][gc,cpu         ] GC(492) User=0.00s Sys=0.00s Real=0.01s
[2026-06-17T09:57:04.568+0800][12.084s][info][gc,start       ] GC(493) Pause Young (Allocation Failure)
[2026-06-17T09:57:04.570+0800][12.086s][info][gc,heap        ] GC(493) PSYoungGen: 8790K(14336K)->4173K(14848K) Eden: 7668K(7680K)->0K(8192K) From: 1122K(6656K)->4173K(6656K)
[2026-06-17T09:57:04.574+0800][12.090s][info][gc,heap        ] GC(493) ParOldGen: 32517K(44032K)->33615K(44032K)
[2026-06-17T09:57:04.578+0800][12.094s][info][gc,metaspace   ] GC(493) Metaspace: 150K(384K)->150K(384K) NonClass: 145K(256K)->145K(256K) Class: 4K(128K)->4K(128K)
[2026-06-17T09:57:04.587+0800][12.103s][info][gc             ] GC(493) Pause Young (Allocation Failure) 40M->36M(57M) 18.535ms
[2026-06-17T09:57:04.591+0800][12.107s][info][gc,cpu         ] GC(493) User=0.00s Sys=0.00s Real=0.03s
[2026-06-17T09:57:04.613+0800][12.129s][info][gc,start       ] GC(494) Pause Young (Allocation Failure)
[2026-06-17T09:57:04.614+0800][12.130s][info][gc,heap        ] GC(494) PSYoungGen: 12351K(14848K)->4550K(12800K) Eden: 8178K(8192K)->0K(8192K) From: 4173K(6656K)->4550K(4608K)
[2026-06-17T09:57:04.615+0800][12.131s][info][gc,heap        ] GC(494) ParOldGen: 33615K(44032K)->34456K(44032K)
[2026-06-17T09:57:04.615+0800][12.131s][info][gc,metaspace   ] GC(494) Metaspace: 150K(384K)->150K(384K) NonClass: 145K(256K)->145K(256K) Class: 4K(128K)->4K(128K)
[2026-06-17T09:57:04.616+0800][12.132s][info][gc             ] GC(494) Pause Young (Allocation Failure) 44M->38M(55M) 2.771ms
[2026-06-17T09:57:04.616+0800][12.132s][info][gc,cpu         ] GC(494) User=0.01s Sys=0.00s Real=0.00s
[2026-06-17T09:57:04.638+0800][12.154s][info][gc,start       ] GC(495) Pause Young (Allocation Failure)
[2026-06-17T09:57:04.639+0800][12.155s][info][gc,heap        ] GC(495) PSYoungGen: 12718K(12800K)->3048K(14848K) Eden: 8168K(8192K)->0K(7680K) From: 4550K(4608K)->3048K(7168K)
[2026-06-17T09:57:04.640+0800][12.156s][info][gc,heap        ] GC(495) ParOldGen: 34456K(44032K)->37201K(44032K)
[2026-06-17T09:57:04.640+0800][12.156s][info][gc,metaspace   ] GC(495) Metaspace: 150K(384K)->150K(384K) NonClass: 145K(256K)->145K(256K) Class: 4K(128K)->4K(128K)
[2026-06-17T09:57:04.640+0800][12.156s][info][gc             ] GC(495) Pause Young (Allocation Failure) 46M->39M(57M) 2.592ms
[2026-06-17T09:57:04.641+0800][12.157s][info][gc,cpu         ] GC(495) User=0.00s Sys=0.00s Real=0.00s
[2026-06-17T09:57:04.662+0800][12.178s][info][gc,start       ] GC(496) Pause Young (Allocation Failure)
[2026-06-17T09:57:04.663+0800][12.179s][info][gc,heap        ] GC(496) PSYoungGen: 10675K(14848K)->3690K(14336K) Eden: 7627K(7680K)->0K(7680K) From: 3048K(7168K)->3690K(6656K)
[2026-06-17T09:57:04.664+0800][12.180s][info][gc,heap        ] GC(496) ParOldGen: 37201K(44032K)->37201K(44032K)
[2026-06-17T09:57:04.664+0800][12.180s][info][gc,metaspace   ] GC(496) Metaspace: 150K(384K)->150K(384K) NonClass: 145K(256K)->145K(256K) Class: 4K(128K)->4K(128K)
[2026-06-17T09:57:04.664+0800][12.180s][info][gc             ] GC(496) Pause Young (Allocation Failure) 46M->39M(57M) 2.218ms
[2026-06-17T09:57:04.665+0800][12.181s][info][gc,cpu         ] GC(496) User=0.00s Sys=0.00s Real=0.01s
[2026-06-17T09:57:04.686+0800][12.202s][info][gc,start       ] GC(497) Pause Young (Allocation Failure)
[2026-06-17T09:57:04.687+0800][12.203s][info][gc,heap        ] GC(497) PSYoungGen: 11365K(14336K)->2044K(14848K) Eden: 7674K(7680K)->0K(8192K) From: 3690K(6656K)->2044K(6656K)
[2026-06-17T09:57:04.688+0800][12.204s][info][gc,heap        ] GC(497) ParOldGen: 37201K(44032K)->39422K(44032K)
[2026-06-17T09:57:04.689+0800][12.205s][info][gc,metaspace   ] GC(497) Metaspace: 150K(384K)->150K(384K) NonClass: 145K(256K)->145K(256K) Class: 4K(128K)->4K(128K)
[2026-06-17T09:57:04.689+0800][12.205s][info][gc             ] GC(497) Pause Young (Allocation Failure) 47M->40M(57M) 2.813ms
[2026-06-17T09:57:04.689+0800][12.205s][info][gc,cpu         ] GC(497) User=0.00s Sys=0.00s Real=0.00s
[2026-06-17T09:57:04.711+0800][12.227s][info][gc,start       ] GC(498) Pause Young (Allocation Failure)
[2026-06-17T09:57:04.712+0800][12.228s][info][gc,heap        ] GC(498) PSYoungGen: 10229K(14848K)->1376K(14848K) Eden: 8185K(8192K)->0K(8192K) From: 2044K(6656K)->1376K(6656K)
[2026-06-17T09:57:04.713+0800][12.229s][info][gc,heap        ] GC(498) ParOldGen: 39422K(44032K)->41220K(44032K)
[2026-06-17T09:57:04.713+0800][12.229s][info][gc,metaspace   ] GC(498) Metaspace: 150K(384K)->150K(384K) NonClass: 145K(256K)->145K(256K) Class: 4K(128K)->4K(128K)
[2026-06-17T09:57:04.713+0800][12.229s][info][gc             ] GC(498) Pause Young (Allocation Failure) 48M->41M(57M) 2.485ms
[2026-06-17T09:57:04.714+0800][12.230s][info][gc,cpu         ] GC(498) User=0.00s Sys=0.00s Real=0.00s
[2026-06-17T09:57:04.736+0800][12.252s][info][gc,start       ] GC(499) Pause Full (Ergonomics)
[2026-06-17T09:57:04.736+0800][12.252s][info][gc,phases,start] GC(499) Marking Phase
[2026-06-17T09:57:04.737+0800][12.253s][info][gc,phases      ] GC(499) Marking Phase 0.988ms
[2026-06-17T09:57:04.737+0800][12.253s][info][gc,phases,start] GC(499) Summary Phase
[2026-06-17T09:57:04.737+0800][12.253s][info][gc,phases      ] GC(499) Summary Phase 0.172ms
[2026-06-17T09:57:04.738+0800][12.254s][info][gc,phases,start] GC(499) Adjust Roots
[2026-06-17T09:57:04.738+0800][12.254s][info][gc,phases      ] GC(499) Adjust Roots 0.208ms
[2026-06-17T09:57:04.738+0800][12.254s][info][gc,phases,start] GC(499) Compaction Phase
[2026-06-17T09:57:04.740+0800][12.256s][info][gc,phases      ] GC(499) Compaction Phase 1.693ms
[2026-06-17T09:57:04.740+0800][12.256s][info][gc,phases,start] GC(499) Post Compact
[2026-06-17T09:57:04.740+0800][12.256s][info][gc,phases      ] GC(499) Post Compact 0.204ms
[2026-06-17T09:57:04.740+0800][12.256s][info][gc,heap        ] GC(499) PSYoungGen: 9540K(14848K)->0K(14848K) Eden: 8164K(8192K)->0K(8192K) From: 1376K(6656K)->0K(6656K)
[2026-06-17T09:57:04.740+0800][12.256s][info][gc,heap        ] GC(499) ParOldGen: 41220K(44032K)->30930K(44032K)
[2026-06-17T09:57:04.740+0800][12.256s][info][gc,metaspace   ] GC(499) Metaspace: 150K(384K)->150K(384K) NonClass: 145K(256K)->145K(256K) Class: 4K(128K)->4K(128K)
[2026-06-17T09:57:04.740+0800][12.257s][info][gc             ] GC(499) Pause Full (Ergonomics) 49M->30M(57M) 4.816ms
[2026-06-17T09:57:04.741+0800][12.257s][info][gc,cpu         ] GC(499) User=0.00s Sys=0.00s Real=0.00s
[2026-06-17T09:57:04.752+0800][12.268s][info][gc,start       ] GC(500) Pause Young (Allocation Failure)
[2026-06-17T09:57:04.752+0800][12.268s][info][gc,heap        ] GC(500) PSYoungGen: 7993K(14848K)->4430K(14848K) Eden: 7993K(8192K)->0K(8192K) From: 0K(6656K)->4430K(6656K)
[2026-06-17T09:57:04.753+0800][12.269s][info][gc,heap        ] GC(500) ParOldGen: 30930K(44032K)->30930K(44032K)
[2026-06-17T09:57:04.753+0800][12.269s][info][gc,metaspace   ] GC(500) Metaspace: 150K(384K)->150K(384K) NonClass: 145K(256K)->145K(256K) Class: 4K(128K)->4K(128K)
[2026-06-17T09:57:04.753+0800][12.269s][info][gc             ] GC(500) Pause Young (Allocation Failure) 38M->34M(57M) 1.537ms
[2026-06-17T09:57:04.753+0800][12.269s][info][gc,cpu         ] GC(500) User=0.00s Sys=0.00s Real=0.00s
[2026-06-17T09:57:04.774+0800][12.290s][info][gc,start       ] GC(501) Pause Young (Allocation Failure)
[2026-06-17T09:57:04.776+0800][12.292s][info][gc,heap        ] GC(501) PSYoungGen: 12598K(14848K)->4574K(14848K) Eden: 8168K(8192K)->0K(8192K) From: 4430K(6656K)->4574K(6656K)
[2026-06-17T09:57:04.777+0800][12.293s][info][gc,heap        ] GC(501) ParOldGen: 30930K(44032K)->35340K(44032K)
[2026-06-17T09:57:04.777+0800][12.293s][info][gc,metaspace   ] GC(501) Metaspace: 150K(384K)->150K(384K) NonClass: 145K(256K)->145K(256K) Class: 4K(128K)->4K(128K)
[2026-06-17T09:57:04.777+0800][12.293s][info][gc             ] GC(501) Pause Young (Allocation Failure) 42M->38M(57M) 2.980ms
[2026-06-17T09:57:04.778+0800][12.294s][info][gc,cpu         ] GC(501) User=0.00s Sys=0.00s Real=0.00s
[2026-06-17T09:57:04.799+0800][12.315s][info][gc,start       ] GC(502) Pause Young (Allocation Failure)
[2026-06-17T09:57:04.800+0800][12.316s][info][gc,heap        ] GC(502) PSYoungGen: 12754K(14848K)->4460K(12800K) Eden: 8180K(8192K)->0K(8192K) From: 4574K(6656K)->4460K(4608K)
[2026-06-17T09:57:04.801+0800][12.317s][info][gc,heap        ] GC(502) ParOldGen: 35340K(44032K)->36268K(44032K)
[2026-06-17T09:57:04.801+0800][12.317s][info][gc,metaspace   ] GC(502) Metaspace: 150K(384K)->150K(384K) NonClass: 145K(256K)->145K(256K) Class: 4K(128K)->4K(128K)
[2026-06-17T09:57:04.801+0800][12.317s][info][gc             ] GC(502) Pause Young (Allocation Failure) 46M->39M(55M) 2.209ms
[2026-06-17T09:57:04.802+0800][12.318s][info][gc,cpu         ] GC(502) User=0.00s Sys=0.00s Real=0.00s
[2026-06-17T09:57:04.823+0800][12.339s][info][gc,start       ] GC(503) Pause Young (Allocation Failure)
[2026-06-17T09:57:04.825+0800][12.341s][info][gc,heap        ] GC(503) PSYoungGen: 12613K(12800K)->4084K(14848K) Eden: 8153K(8192K)->0K(7680K) From: 4460K(4608K)->4084K(7168K)
[2026-06-17T09:57:04.826+0800][12.342s][info][gc,heap        ] GC(503) ParOldGen: 36268K(44032K)->38143K(44032K)
[2026-06-17T09:57:04.826+0800][12.342s][info][gc,metaspace   ] GC(503) Metaspace: 150K(384K)->150K(384K) NonClass: 145K(256K)->145K(256K) Class: 4K(128K)->4K(128K)
[2026-06-17T09:57:04.826+0800][12.342s][info][gc             ] GC(503) Pause Young (Allocation Failure) 47M->41M(57M) 2.970ms
[2026-06-17T09:57:04.827+0800][12.343s][info][gc,cpu         ] GC(503) User=0.00s Sys=0.00s Real=0.00s
[2026-06-17T09:57:04.848+0800][12.364s][info][gc,start       ] GC(504) Pause Young (Allocation Failure)
[2026-06-17T09:57:04.849+0800][12.365s][info][gc,heap        ] GC(504) PSYoungGen: 11742K(14848K)->3494K(14336K) Eden: 7658K(7680K)->0K(7680K) From: 4084K(7168K)->3494K(6656K)
[2026-06-17T09:57:04.850+0800][12.366s][info][gc,heap        ] GC(504) ParOldGen: 38143K(44032K)->39275K(44032K)
[2026-06-17T09:57:04.850+0800][12.366s][info][gc,metaspace   ] GC(504) Metaspace: 150K(384K)->150K(384K) NonClass: 145K(256K)->145K(256K) Class: 4K(128K)->4K(128K)
[2026-06-17T09:57:04.850+0800][12.366s][info][gc             ] GC(504) Pause Young (Allocation Failure) 48M->41M(57M) 2.063ms
[2026-06-17T09:57:04.850+0800][12.366s][info][gc,cpu         ] GC(504) User=0.00s Sys=0.00s Real=0.00s
[2026-06-17T09:57:04.872+0800][12.388s][info][gc,start       ] GC(505) Pause Young (Allocation Failure)
[2026-06-17T09:57:04.873+0800][12.389s][info][gc,heap        ] GC(505) PSYoungGen: 11174K(14336K)->2481K(14848K) Eden: 7680K(7680K)->0K(8192K) From: 3494K(6656K)->2481K(6656K)
[2026-06-17T09:57:04.873+0800][12.389s][info][gc,heap        ] GC(505) ParOldGen: 39275K(44032K)->41136K(44032K)
[2026-06-17T09:57:04.873+0800][12.389s][info][gc,metaspace   ] GC(505) Metaspace: 150K(384K)->150K(384K) NonClass: 145K(256K)->145K(256K) Class: 4K(128K)->4K(128K)
[2026-06-17T09:57:04.874+0800][12.390s][info][gc             ] GC(505) Pause Young (Allocation Failure) 49M->42M(57M) 2.038ms
[2026-06-17T09:57:04.874+0800][12.390s][info][gc,cpu         ] GC(505) User=0.00s Sys=0.00s Real=0.00s
[2026-06-17T09:57:04.895+0800][12.411s][info][gc,start       ] GC(506) Pause Full (Ergonomics)
[2026-06-17T09:57:04.895+0800][12.411s][info][gc,phases,start] GC(506) Marking Phase
[2026-06-17T09:57:04.896+0800][12.412s][info][gc,phases      ] GC(506) Marking Phase 0.832ms
[2026-06-17T09:57:04.897+0800][12.413s][info][gc,phases,start] GC(506) Summary Phase
[2026-06-17T09:57:04.897+0800][12.413s][info][gc,phases      ] GC(506) Summary Phase 0.441ms
[2026-06-17T09:57:04.897+0800][12.413s][info][gc,phases,start] GC(506) Adjust Roots
[2026-06-17T09:57:04.898+0800][12.414s][info][gc,phases      ] GC(506) Adjust Roots 0.466ms
[2026-06-17T09:57:04.898+0800][12.414s][info][gc,phases,start] GC(506) Compaction Phase
[2026-06-17T09:57:04.900+0800][12.416s][info][gc,phases      ] GC(506) Compaction Phase 2.374ms
[2026-06-17T09:57:04.900+0800][12.416s][info][gc,phases,start] GC(506) Post Compact
[2026-06-17T09:57:04.901+0800][12.417s][info][gc,phases      ] GC(506) Post Compact 0.273ms
[2026-06-17T09:57:04.901+0800][12.417s][info][gc,heap        ] GC(506) PSYoungGen: 10650K(14848K)->0K(14848K) Eden: 8169K(8192K)->0K(8192K) From: 2481K(6656K)->0K(6656K)
[2026-06-17T09:57:04.901+0800][12.417s][info][gc,heap        ] GC(506) ParOldGen: 41136K(44032K)->26237K(44032K)
[2026-06-17T09:57:04.901+0800][12.417s][info][gc,metaspace   ] GC(506) Metaspace: 150K(384K)->150K(384K) NonClass: 145K(256K)->145K(256K) Class: 4K(128K)->4K(128K)
[2026-06-17T09:57:04.901+0800][12.417s][info][gc             ] GC(506) Pause Full (Ergonomics) 50M->25M(57M) 5.905ms
[2026-06-17T09:57:04.901+0800][12.417s][info][gc,cpu         ] GC(506) User=0.01s Sys=0.00s Real=0.00s
[2026-06-17T09:57:04.922+0800][12.438s][info][gc,start       ] GC(507) Pause Young (Allocation Failure)
[2026-06-17T09:57:04.923+0800][12.439s][info][gc,heap        ] GC(507) PSYoungGen: 8159K(14848K)->4786K(14848K) Eden: 8159K(8192K)->0K(8192K) From: 0K(6656K)->4786K(6656K)
[2026-06-17T09:57:04.923+0800][12.439s][info][gc,heap        ] GC(507) ParOldGen: 26237K(44032K)->26237K(44032K)
[2026-06-17T09:57:04.924+0800][12.440s][info][gc,metaspace   ] GC(507) Metaspace: 150K(384K)->150K(384K) NonClass: 145K(256K)->145K(256K) Class: 4K(128K)->4K(128K)
[2026-06-17T09:57:04.924+0800][12.440s][info][gc             ] GC(507) Pause Young (Allocation Failure) 33M->30M(57M) 1.493ms
[2026-06-17T09:57:04.924+0800][12.440s][info][gc,cpu         ] GC(507) User=0.00s Sys=0.00s Real=0.01s
[2026-06-17T09:57:04.945+0800][12.461s][info][gc,start       ] GC(508) Pause Young (Allocation Failure)
[2026-06-17T09:57:04.960+0800][12.476s][info][gc,heap        ] GC(508) PSYoungGen: 12971K(14848K)->2343K(14848K) Eden: 8185K(8192K)->0K(8192K) From: 4786K(6656K)->2343K(6656K)
[2026-06-17T09:57:04.960+0800][12.476s][info][gc,heap        ] GC(508) ParOldGen: 26237K(44032K)->29954K(44032K)
[2026-06-17T09:57:04.961+0800][12.477s][info][gc,metaspace   ] GC(508) Metaspace: 150K(384K)->150K(384K) NonClass: 145K(256K)->145K(256K) Class: 4K(128K)->4K(128K)
[2026-06-17T09:57:04.961+0800][12.477s][info][gc             ] GC(508) Pause Young (Allocation Failure) 38M->31M(57M) 15.973ms
[2026-06-17T09:57:04.977+0800][12.493s][info][gc,cpu         ] GC(508) User=0.00s Sys=0.00s Real=0.03s
[2026-06-17T09:57:04.999+0800][12.515s][info][gc,start       ] GC(509) Pause Young (Allocation Failure)
[2026-06-17T09:57:05.004+0800][12.520s][info][gc,heap        ] GC(509) PSYoungGen: 10496K(14848K)->1434K(14848K) Eden: 8153K(8192K)->0K(8192K) From: 2343K(6656K)->1434K(6656K)
[2026-06-17T09:57:05.013+0800][12.529s][info][gc,heap        ] GC(509) ParOldGen: 29954K(44032K)->31883K(44032K)
[2026-06-17T09:57:05.013+0800][12.529s][info][gc,metaspace   ] GC(509) Metaspace: 150K(384K)->150K(384K) NonClass: 145K(256K)->145K(256K) Class: 4K(128K)->4K(128K)
[2026-06-17T09:57:05.014+0800][12.530s][info][gc             ] GC(509) Pause Young (Allocation Failure) 39M->32M(57M) 15.176ms
[2026-06-17T09:57:05.027+0800][12.543s][info][gc,cpu         ] GC(509) User=0.00s Sys=0.00s Real=0.03s
[2026-06-17T09:57:05.049+0800][12.565s][info][gc,start       ] GC(510) Pause Young (Allocation Failure)
[2026-06-17T09:57:05.052+0800][12.568s][info][gc,heap        ] GC(510) PSYoungGen: 9594K(14848K)->2557K(14848K) Eden: 8160K(8192K)->0K(8192K) From: 1434K(6656K)->2557K(6656K)
[2026-06-17T09:57:05.052+0800][12.568s][info][gc,heap        ] GC(510) ParOldGen: 31883K(44032K)->31883K(44032K)
[2026-06-17T09:57:05.053+0800][12.569s][info][gc,metaspace   ] GC(510) Metaspace: 150K(384K)->150K(384K) NonClass: 145K(256K)->145K(256K) Class: 4K(128K)->4K(128K)
[2026-06-17T09:57:05.055+0800][12.571s][info][gc             ] GC(510) Pause Young (Allocation Failure) 40M->33M(57M) 5.514ms
[2026-06-17T09:57:05.055+0800][12.571s][info][gc,cpu         ] GC(510) User=0.00s Sys=0.00s Real=0.01s
[2026-06-17T09:57:05.076+0800][12.592s][info][gc,start       ] GC(511) Pause Young (Allocation Failure)
[2026-06-17T09:57:05.085+0800][12.601s][info][gc,heap        ] GC(511) PSYoungGen: 10703K(14848K)->3915K(14848K) Eden: 8145K(8192K)->0K(8192K) From: 2557K(6656K)->3915K(6656K)
[2026-06-17T09:57:05.093+0800][12.609s][info][gc,heap        ] GC(511) ParOldGen: 31883K(44032K)->31883K(44032K)
[2026-06-17T09:57:05.093+0800][12.609s][info][gc,metaspace   ] GC(511) Metaspace: 150K(384K)->150K(384K) NonClass: 145K(256K)->145K(256K) Class: 4K(128K)->4K(128K)
[2026-06-17T09:57:05.093+0800][12.609s][info][gc             ] GC(511) Pause Young (Allocation Failure) 41M->34M(57M) 17.315ms
[2026-06-17T09:57:05.094+0800][12.610s][info][gc,cpu         ] GC(511) User=0.00s Sys=0.00s Real=0.02s
[2026-06-17T09:57:05.105+0800][12.621s][info][gc,start       ] GC(512) Pause Young (Allocation Failure)
[2026-06-17T09:57:05.106+0800][12.622s][info][gc,heap        ] GC(512) PSYoungGen: 12081K(14848K)->6641K(14848K) Eden: 8166K(8192K)->0K(8192K) From: 3915K(6656K)->6641K(6656K)
[2026-06-17T09:57:05.108+0800][12.624s][info][gc,heap        ] GC(512) ParOldGen: 31883K(44032K)->33712K(44032K)
[2026-06-17T09:57:05.108+0800][12.624s][info][gc,metaspace   ] GC(512) Metaspace: 150K(384K)->150K(384K) NonClass: 145K(256K)->145K(256K) Class: 4K(128K)->4K(128K)
[2026-06-17T09:57:05.110+0800][12.626s][info][gc             ] GC(512) Pause Young (Allocation Failure) 42M->39M(57M) 4.919ms
[2026-06-17T09:57:05.112+0800][12.628s][info][gc,cpu         ] GC(512) User=0.00s Sys=0.00s Real=0.01s
[2026-06-17T09:57:05.133+0800][12.649s][info][gc,start       ] GC(513) Pause Young (Allocation Failure)
[2026-06-17T09:57:05.135+0800][12.651s][info][gc,heap        ] GC(513) PSYoungGen: 14817K(14848K)->6510K(13824K) Eden: 8176K(8192K)->0K(7168K) From: 6641K(6656K)->6510K(6656K)
[2026-06-17T09:57:05.137+0800][12.653s][info][gc,heap        ] GC(513) ParOldGen: 33712K(44032K)->35513K(44032K)
[2026-06-17T09:57:05.138+0800][12.654s][info][gc,metaspace   ] GC(513) Metaspace: 150K(384K)->150K(384K) NonClass: 145K(256K)->145K(256K) Class: 4K(128K)->4K(128K)
[2026-06-17T09:57:05.140+0800][12.656s][info][gc             ] GC(513) Pause Young (Allocation Failure) 47M->41M(56M) 6.947ms
[2026-06-17T09:57:05.142+0800][12.658s][info][gc,cpu         ] GC(513) User=0.00s Sys=0.00s Real=0.00s
[2026-06-17T09:57:05.165+0800][12.681s][info][gc,start       ] GC(514) Pause Young (Allocation Failure)
[2026-06-17T09:57:05.167+0800][12.683s][info][gc,heap        ] GC(514) PSYoungGen: 13671K(13824K)->5040K(14336K) Eden: 7161K(7168K)->0K(7168K) From: 6510K(6656K)->5040K(7168K)
[2026-06-17T09:57:05.169+0800][12.685s][info][gc,heap        ] GC(514) ParOldGen: 35513K(44032K)->37407K(44032K)
[2026-06-17T09:57:05.170+0800][12.686s][info][gc,metaspace   ] GC(514) Metaspace: 150K(384K)->150K(384K) NonClass: 145K(256K)->145K(256K) Class: 4K(128K)->4K(128K)
[2026-06-17T09:57:05.170+0800][12.686s][info][gc             ] GC(514) Pause Young (Allocation Failure) 48M->41M(57M) 5.258ms
[2026-06-17T09:57:05.171+0800][12.687s][info][gc,cpu         ] GC(514) User=0.00s Sys=0.00s Real=0.01s
[2026-06-17T09:57:05.193+0800][12.709s][info][gc,start       ] GC(515) Pause Young (Allocation Failure)
[2026-06-17T09:57:05.194+0800][12.710s][info][gc,heap        ] GC(515) PSYoungGen: 12201K(14336K)->3967K(14336K) Eden: 7160K(7168K)->0K(7168K) From: 5040K(7168K)->3967K(7168K)
[2026-06-17T09:57:05.195+0800][12.711s][info][gc,heap        ] GC(515) ParOldGen: 37407K(44032K)->39155K(44032K)
[2026-06-17T09:57:05.195+0800][12.711s][info][gc,metaspace   ] GC(515) Metaspace: 150K(384K)->150K(384K) NonClass: 145K(256K)->145K(256K) Class: 4K(128K)->4K(128K)
[2026-06-17T09:57:05.195+0800][12.711s][info][gc             ] GC(515) Pause Young (Allocation Failure) 48M->42M(57M) 1.785ms
[2026-06-17T09:57:05.195+0800][12.711s][info][gc,cpu         ] GC(515) User=0.00s Sys=0.00s Real=0.00s
[2026-06-17T09:57:05.206+0800][12.722s][info][gc,start       ] GC(516) Pause Young (Allocation Failure)
[2026-06-17T09:57:05.207+0800][12.723s][info][gc,heap        ] GC(516) PSYoungGen: 11067K(14336K)->2024K(14336K) Eden: 7100K(7168K)->0K(7168K) From: 3967K(7168K)->2024K(7168K)
[2026-06-17T09:57:05.207+0800][12.723s][info][gc,heap        ] GC(516) ParOldGen: 39155K(44032K)->41291K(44032K)
[2026-06-17T09:57:05.207+0800][12.723s][info][gc,metaspace   ] GC(516) Metaspace: 150K(384K)->150K(384K) NonClass: 145K(256K)->145K(256K) Class: 4K(128K)->4K(128K)
[2026-06-17T09:57:05.208+0800][12.724s][info][gc             ] GC(516) Pause Young (Allocation Failure) 49M->42M(57M) 1.535ms
[2026-06-17T09:57:05.208+0800][12.724s][info][gc,cpu         ] GC(516) User=0.00s Sys=0.00s Real=0.00s
[2026-06-17T09:57:05.239+0800][12.755s][info][gc,start       ] GC(517) Pause Full (Ergonomics)
[2026-06-17T09:57:05.239+0800][12.755s][info][gc,phases,start] GC(517) Marking Phase
[2026-06-17T09:57:05.240+0800][12.756s][info][gc,phases      ] GC(517) Marking Phase 0.750ms
[2026-06-17T09:57:05.240+0800][12.756s][info][gc,phases,start] GC(517) Summary Phase
[2026-06-17T09:57:05.240+0800][12.756s][info][gc,phases      ] GC(517) Summary Phase 0.168ms
[2026-06-17T09:57:05.241+0800][12.757s][info][gc,phases,start] GC(517) Adjust Roots
[2026-06-17T09:57:05.241+0800][12.757s][info][gc,phases      ] GC(517) Adjust Roots 0.229ms
[2026-06-17T09:57:05.241+0800][12.757s][info][gc,phases,start] GC(517) Compaction Phase
[2026-06-17T09:57:05.242+0800][12.758s][info][gc,phases      ] GC(517) Compaction Phase 1.314ms
[2026-06-17T09:57:05.243+0800][12.759s][info][gc,phases,start] GC(517) Post Compact
[2026-06-17T09:57:05.244+0800][12.760s][info][gc,phases      ] GC(517) Post Compact 0.554ms
[2026-06-17T09:57:05.244+0800][12.760s][info][gc,heap        ] GC(517) PSYoungGen: 9150K(14336K)->0K(14336K) Eden: 7126K(7168K)->0K(7168K) From: 2024K(7168K)->0K(7168K)
[2026-06-17T09:57:05.244+0800][12.760s][info][gc,heap        ] GC(517) ParOldGen: 41291K(44032K)->20416K(44032K)
[2026-06-17T09:57:05.245+0800][12.761s][info][gc,metaspace   ] GC(517) Metaspace: 150K(384K)->150K(384K) NonClass: 145K(256K)->145K(256K) Class: 4K(128K)->4K(128K)
[2026-06-17T09:57:05.245+0800][12.761s][info][gc             ] GC(517) Pause Full (Ergonomics) 49M->19M(57M) 5.814ms
[2026-06-17T09:57:05.245+0800][12.761s][info][gc,cpu         ] GC(517) User=0.00s Sys=0.00s Real=0.01s
[2026-06-17T09:57:05.256+0800][12.772s][info][gc,start       ] GC(518) Pause Young (Allocation Failure)
[2026-06-17T09:57:05.258+0800][12.774s][info][gc,heap        ] GC(518) PSYoungGen: 7163K(14336K)->7069K(14336K) Eden: 7163K(7168K)->0K(7168K) From: 0K(7168K)->7069K(7168K)
[2026-06-17T09:57:05.259+0800][12.775s][info][gc,heap        ] GC(518) ParOldGen: 20416K(44032K)->20622K(44032K)
[2026-06-17T09:57:05.260+0800][12.776s][info][gc,metaspace   ] GC(518) Metaspace: 150K(384K)->150K(384K) NonClass: 145K(256K)->145K(256K) Class: 4K(128K)->4K(128K)
[2026-06-17T09:57:05.260+0800][12.776s][info][gc             ] GC(518) Pause Young (Allocation Failure) 26M->27M(57M) 4.120ms
[2026-06-17T09:57:05.260+0800][12.776s][info][gc,cpu         ] GC(518) User=0.00s Sys=0.00s Real=0.00s
[2026-06-17T09:57:05.288+0800][12.804s][info][gc,start       ] GC(519) Pause Young (Allocation Failure)
[2026-06-17T09:57:05.289+0800][12.805s][info][gc,heap        ] GC(519) PSYoungGen: 14221K(14336K)->2912K(14336K) Eden: 7152K(7168K)->0K(7168K) From: 7069K(7168K)->2912K(7168K)
[2026-06-17T09:57:05.289+0800][12.805s][info][gc,heap        ] GC(519) ParOldGen: 20622K(44032K)->25210K(44032K)
[2026-06-17T09:57:05.289+0800][12.805s][info][gc,metaspace   ] GC(519) Metaspace: 150K(384K)->150K(384K) NonClass: 145K(256K)->145K(256K) Class: 4K(128K)->4K(128K)
[2026-06-17T09:57:05.289+0800][12.805s][info][gc             ] GC(519) Pause Young (Allocation Failure) 34M->27M(57M) 1.457ms
[2026-06-17T09:57:05.289+0800][12.805s][info][gc,cpu         ] GC(519) User=0.01s Sys=0.00s Real=0.00s
[2026-06-17T09:57:05.311+0800][12.827s][info][gc,start       ] GC(520) Pause Young (Allocation Failure)
[2026-06-17T09:57:05.311+0800][12.827s][info][gc,heap        ] GC(520) PSYoungGen: 10078K(14336K)->3512K(14336K) Eden: 7166K(7168K)->0K(7168K) From: 2912K(7168K)->3512K(7168K)
[2026-06-17T09:57:05.311+0800][12.827s][info][gc,heap        ] GC(520) ParOldGen: 25210K(44032K)->25210K(44032K)
[2026-06-17T09:57:05.312+0800][12.828s][info][gc,metaspace   ] GC(520) Metaspace: 150K(384K)->150K(384K) NonClass: 145K(256K)->145K(256K) Class: 4K(128K)->4K(128K)
[2026-06-17T09:57:05.312+0800][12.828s][info][gc             ] GC(520) Pause Young (Allocation Failure) 34M->28M(57M) 1.210ms
[2026-06-17T09:57:05.312+0800][12.828s][info][gc,cpu         ] GC(520) User=0.00s Sys=0.00s Real=0.00s
[2026-06-17T09:57:05.323+0800][12.839s][info][gc,start       ] GC(521) Pause Young (Allocation Failure)
[2026-06-17T09:57:05.323+0800][12.839s][info][gc,heap        ] GC(521) PSYoungGen: 10650K(14336K)->1917K(14336K) Eden: 7137K(7168K)->0K(7168K) From: 3512K(7168K)->1917K(7168K)
[2026-06-17T09:57:05.324+0800][12.840s][info][gc,heap        ] GC(521) ParOldGen: 25210K(44032K)->27120K(44032K)
[2026-06-17T09:57:05.324+0800][12.840s][info][gc,metaspace   ] GC(521) Metaspace: 150K(384K)->150K(384K) NonClass: 145K(256K)->145K(256K) Class: 4K(128K)->4K(128K)
[2026-06-17T09:57:05.324+0800][12.840s][info][gc             ] GC(521) Pause Young (Allocation Failure) 35M->28M(57M) 1.275ms
[2026-06-17T09:57:05.324+0800][12.840s][info][gc,cpu         ] GC(521) User=0.00s Sys=0.00s Real=0.00s
[2026-06-17T09:57:05.345+0800][12.861s][info][gc,start       ] GC(522) Pause Young (Allocation Failure)
[2026-06-17T09:57:05.346+0800][12.862s][info][gc,heap        ] GC(522) PSYoungGen: 9068K(14336K)->3854K(14336K) Eden: 7150K(7168K)->0K(7168K) From: 1917K(7168K)->3854K(7168K)
[2026-06-17T09:57:05.347+0800][12.863s][info][gc,heap        ] GC(522) ParOldGen: 27120K(44032K)->29013K(44032K)
[2026-06-17T09:57:05.347+0800][12.863s][info][gc,metaspace   ] GC(522) Metaspace: 150K(384K)->150K(384K) NonClass: 145K(256K)->145K(256K) Class: 4K(128K)->4K(128K)
[2026-06-17T09:57:05.347+0800][12.863s][info][gc             ] GC(522) Pause Young (Allocation Failure) 35M->32M(57M) 1.916ms
[2026-06-17T09:57:05.347+0800][12.863s][info][gc,cpu         ] GC(522) User=0.00s Sys=0.00s Real=0.00s
[2026-06-17T09:57:05.368+0800][12.884s][info][gc,start       ] GC(523) Pause Young (Allocation Failure)
[2026-06-17T09:57:05.369+0800][12.885s][info][gc,heap        ] GC(523) PSYoungGen: 10981K(14336K)->3721K(14336K) Eden: 7127K(7168K)->0K(7168K) From: 3854K(7168K)->3721K(7168K)
[2026-06-17T09:57:05.370+0800][12.886s][info][gc,heap        ] GC(523) ParOldGen: 29013K(44032K)->29939K(44032K)
[2026-06-17T09:57:05.372+0800][12.888s][info][gc,metaspace   ] GC(523) Metaspace: 150K(384K)->150K(384K) NonClass: 145K(256K)->145K(256K) Class: 4K(128K)->4K(128K)
[2026-06-17T09:57:05.373+0800][12.889s][info][gc             ] GC(523) Pause Young (Allocation Failure) 39M->32M(57M) 4.417ms
[2026-06-17T09:57:05.373+0800][12.889s][info][gc,cpu         ] GC(523) User=0.00s Sys=0.00s Real=0.01s
[2026-06-17T09:57:05.394+0800][12.910s][info][gc,start       ] GC(524) Pause Young (Allocation Failure)
[2026-06-17T09:57:05.395+0800][12.911s][info][gc,heap        ] GC(524) PSYoungGen: 10869K(14336K)->2110K(14336K) Eden: 7147K(7168K)->0K(7168K) From: 3721K(7168K)->2110K(7168K)
[2026-06-17T09:57:05.395+0800][12.911s][info][gc,heap        ] GC(524) ParOldGen: 29939K(44032K)->31587K(44032K)
[2026-06-17T09:57:05.395+0800][12.911s][info][gc,metaspace   ] GC(524) Metaspace: 150K(384K)->150K(384K) NonClass: 145K(256K)->145K(256K) Class: 4K(128K)->4K(128K)
[2026-06-17T09:57:05.396+0800][12.912s][info][gc             ] GC(524) Pause Young (Allocation Failure) 39M->32M(57M) 1.600ms
[2026-06-17T09:57:05.396+0800][12.912s][info][gc,cpu         ] GC(524) User=0.00s Sys=0.00s Real=0.00s
[2026-06-17T09:57:05.407+0800][12.923s][info][gc,start       ] GC(525) Pause Young (Allocation Failure)
[2026-06-17T09:57:05.407+0800][12.923s][info][gc,heap        ] GC(525) PSYoungGen: 9269K(14336K)->5731K(14336K) Eden: 7159K(7168K)->0K(7168K) From: 2110K(7168K)->5731K(7168K)
[2026-06-17T09:57:05.408+0800][12.924s][info][gc,heap        ] GC(525) ParOldGen: 31587K(44032K)->31587K(44032K)
[2026-06-17T09:57:05.408+0800][12.924s][info][gc,metaspace   ] GC(525) Metaspace: 150K(384K)->150K(384K) NonClass: 145K(256K)->145K(256K) Class: 4K(128K)->4K(128K)
[2026-06-17T09:57:05.408+0800][12.924s][info][gc             ] GC(525) Pause Young (Allocation Failure) 39M->36M(57M) 1.498ms
[2026-06-17T09:57:05.408+0800][12.924s][info][gc,cpu         ] GC(525) User=0.00s Sys=0.00s Real=0.00s
[2026-06-17T09:57:05.429+0800][12.945s][info][gc,start       ] GC(526) Pause Young (Allocation Failure)
[2026-06-17T09:57:05.430+0800][12.946s][info][gc,heap        ] GC(526) PSYoungGen: 12867K(14336K)->3171K(14336K) Eden: 7136K(7168K)->0K(7168K) From: 5731K(7168K)->3171K(7168K)
[2026-06-17T09:57:05.431+0800][12.947s][info][gc,heap        ] GC(526) ParOldGen: 31587K(44032K)->33874K(44032K)
[2026-06-17T09:57:05.431+0800][12.947s][info][gc,metaspace   ] GC(526) Metaspace: 150K(384K)->150K(384K) NonClass: 145K(256K)->145K(256K) Class: 4K(128K)->4K(128K)
[2026-06-17T09:57:05.431+0800][12.947s][info][gc             ] GC(526) Pause Young (Allocation Failure) 43M->36M(57M) 1.688ms
[2026-06-17T09:57:05.431+0800][12.947s][info][gc,cpu         ] GC(526) User=0.01s Sys=0.00s Real=0.01s
[2026-06-17T09:57:05.452+0800][12.968s][info][gc,start       ] GC(527) Pause Young (Allocation Failure)
[2026-06-17T09:57:05.453+0800][12.969s][info][gc,heap        ] GC(527) PSYoungGen: 10336K(14336K)->3459K(14336K) Eden: 7165K(7168K)->0K(7168K) From: 3171K(7168K)->3459K(7168K)
[2026-06-17T09:57:05.453+0800][12.969s][info][gc,heap        ] GC(527) ParOldGen: 33874K(44032K)->33874K(44032K)
[2026-06-17T09:57:05.454+0800][12.970s][info][gc,metaspace   ] GC(527) Metaspace: 150K(384K)->150K(384K) NonClass: 145K(256K)->145K(256K) Class: 4K(128K)->4K(128K)
[2026-06-17T09:57:05.454+0800][12.970s][info][gc             ] GC(527) Pause Young (Allocation Failure) 43M->36M(57M) 1.303ms
[2026-06-17T09:57:05.454+0800][12.970s][info][gc,cpu         ] GC(527) User=0.00s Sys=0.00s Real=0.00s
[2026-06-17T09:57:05.465+0800][12.981s][info][gc,start       ] GC(528) Pause Young (Allocation Failure)
[2026-06-17T09:57:05.466+0800][12.982s][info][gc,heap        ] GC(528) PSYoungGen: 10448K(14336K)->1698K(14336K) Eden: 6989K(7168K)->0K(7168K) From: 3459K(7168K)->1698K(7168K)
[2026-06-17T09:57:05.466+0800][12.982s][info][gc,heap        ] GC(528) ParOldGen: 33874K(44032K)->35651K(44032K)
[2026-06-17T09:57:05.466+0800][12.982s][info][gc,metaspace   ] GC(528) Metaspace: 150K(384K)->150K(384K) NonClass: 145K(256K)->145K(256K) Class: 4K(128K)->4K(128K)
[2026-06-17T09:57:05.466+0800][12.982s][info][gc             ] GC(528) Pause Young (Allocation Failure) 43M->36M(57M) 1.542ms
[2026-06-17T09:57:05.467+0800][12.983s][info][gc,cpu         ] GC(528) User=0.00s Sys=0.00s Real=0.00s
[2026-06-17T09:57:05.498+0800][13.014s][info][gc,start       ] GC(529) Pause Young (Allocation Failure)
[2026-06-17T09:57:05.499+0800][13.015s][info][gc,heap        ] GC(529) PSYoungGen: 8834K(14336K)->645K(14336K) Eden: 7136K(7168K)->0K(7168K) From: 1698K(7168K)->645K(7168K)
[2026-06-17T09:57:05.499+0800][13.015s][info][gc,heap        ] GC(529) ParOldGen: 35651K(44032K)->37325K(44032K)
[2026-06-17T09:57:05.500+0800][13.016s][info][gc,metaspace   ] GC(529) Metaspace: 150K(384K)->150K(384K) NonClass: 145K(256K)->145K(256K) Class: 4K(128K)->4K(128K)
[2026-06-17T09:57:05.500+0800][13.016s][info][gc             ] GC(529) Pause Young (Allocation Failure) 43M->37M(57M) 2.447ms
[2026-06-17T09:57:05.501+0800][13.017s][info][gc,cpu         ] GC(529) User=0.00s Sys=0.00s Real=0.00s
[2026-06-17T09:57:05.512+0800][13.028s][info][gc,start       ] GC(530) Pause Young (Allocation Failure)
[2026-06-17T09:57:05.512+0800][13.028s][info][gc,heap        ] GC(530) PSYoungGen: 7775K(14336K)->3886K(14336K) Eden: 7130K(7168K)->0K(7168K) From: 645K(7168K)->3886K(7168K)
[2026-06-17T09:57:05.513+0800][13.029s][info][gc,heap        ] GC(530) ParOldGen: 37325K(44032K)->37522K(44032K)
[2026-06-17T09:57:05.513+0800][13.029s][info][gc,metaspace   ] GC(530) Metaspace: 150K(384K)->150K(384K) NonClass: 145K(256K)->145K(256K) Class: 4K(128K)->4K(128K)
[2026-06-17T09:57:05.513+0800][13.029s][info][gc             ] GC(530) Pause Young (Allocation Failure) 44M->40M(57M) 1.204ms
[2026-06-17T09:57:05.513+0800][13.029s][info][gc,cpu         ] GC(530) User=0.00s Sys=0.00s Real=0.00s
[2026-06-17T09:57:05.534+0800][13.050s][info][gc,start       ] GC(531) Pause Young (Allocation Failure)
[2026-06-17T09:57:05.535+0800][13.051s][info][gc,heap        ] GC(531) PSYoungGen: 11006K(14336K)->2292K(14336K) Eden: 7119K(7168K)->0K(7168K) From: 3886K(7168K)->2292K(7168K)
[2026-06-17T09:57:05.535+0800][13.051s][info][gc,heap        ] GC(531) ParOldGen: 37522K(44032K)->39186K(44032K)
[2026-06-17T09:57:05.535+0800][13.051s][info][gc,metaspace   ] GC(531) Metaspace: 150K(384K)->150K(384K) NonClass: 145K(256K)->145K(256K) Class: 4K(128K)->4K(128K)
[2026-06-17T09:57:05.535+0800][13.051s][info][gc             ] GC(531) Pause Young (Allocation Failure) 47M->40M(57M) 1.304ms
[2026-06-17T09:57:05.535+0800][13.051s][info][gc,cpu         ] GC(531) User=0.00s Sys=0.00s Real=0.00s
[2026-06-17T09:57:05.546+0800][13.062s][info][gc,start       ] GC(532) Pause Young (Allocation Failure)
[2026-06-17T09:57:05.550+0800][13.066s][info][gc,heap        ] GC(532) PSYoungGen: 9431K(14336K)->4871K(14336K) Eden: 7139K(7168K)->0K(7168K) From: 2292K(7168K)->4871K(7168K)
[2026-06-17T09:57:05.551+0800][13.067s][info][gc,heap        ] GC(532) ParOldGen: 39186K(44032K)->40320K(44032K)
[2026-06-17T09:57:05.552+0800][13.068s][info][gc,metaspace   ] GC(532) Metaspace: 150K(384K)->150K(384K) NonClass: 145K(256K)->145K(256K) Class: 4K(128K)->4K(128K)
[2026-06-17T09:57:05.554+0800][13.070s][info][gc             ] GC(532) Pause Young (Allocation Failure) 47M->44M(57M) 8.210ms
[2026-06-17T09:57:05.557+0800][13.073s][info][gc,cpu         ] GC(532) User=0.01s Sys=0.00s Real=0.01s
[2026-06-17T09:57:05.579+0800][13.095s][info][gc,start       ] GC(533) Pause Young (Allocation Failure)
[2026-06-17T09:57:05.579+0800][13.095s][info][gc,heap        ] GC(533) PSYoungGen: 12012K(14336K)->32K(14336K) Eden: 7141K(7168K)->0K(7168K) From: 4871K(7168K)->32K(7168K)
[2026-06-17T09:57:05.579+0800][13.095s][info][gc,heap        ] GC(533) ParOldGen: 40320K(44032K)->42062K(44032K)
[2026-06-17T09:57:05.580+0800][13.096s][info][gc,metaspace   ] GC(533) Metaspace: 150K(384K)->150K(384K) NonClass: 145K(256K)->145K(256K) Class: 4K(128K)->4K(128K)
[2026-06-17T09:57:05.580+0800][13.096s][info][gc             ] GC(533) Pause Young (Allocation Failure) 51M->41M(57M) 1.033ms
[2026-06-17T09:57:05.580+0800][13.096s][info][gc,cpu         ] GC(533) User=0.00s Sys=0.00s Real=0.00s
[2026-06-17T09:57:05.601+0800][13.117s][info][gc,start       ] GC(534) Pause Full (Ergonomics)
[2026-06-17T09:57:05.601+0800][13.117s][info][gc,phases,start] GC(534) Marking Phase
[2026-06-17T09:57:05.602+0800][13.118s][info][gc,phases      ] GC(534) Marking Phase 0.672ms
[2026-06-17T09:57:05.602+0800][13.118s][info][gc,phases,start] GC(534) Summary Phase
[2026-06-17T09:57:05.602+0800][13.118s][info][gc,phases      ] GC(534) Summary Phase 0.132ms
[2026-06-17T09:57:05.602+0800][13.118s][info][gc,phases,start] GC(534) Adjust Roots
[2026-06-17T09:57:05.602+0800][13.118s][info][gc,phases      ] GC(534) Adjust Roots 0.168ms
[2026-06-17T09:57:05.602+0800][13.118s][info][gc,phases,start] GC(534) Compaction Phase
[2026-06-17T09:57:05.604+0800][13.120s][info][gc,phases      ] GC(534) Compaction Phase 1.245ms
[2026-06-17T09:57:05.604+0800][13.120s][info][gc,phases,start] GC(534) Post Compact
[2026-06-17T09:57:05.604+0800][13.120s][info][gc,phases      ] GC(534) Post Compact 0.180ms
[2026-06-17T09:57:05.604+0800][13.120s][info][gc,heap        ] GC(534) PSYoungGen: 7145K(14336K)->0K(14336K) Eden: 7113K(7168K)->0K(7168K) From: 32K(7168K)->0K(7168K)
[2026-06-17T09:57:05.604+0800][13.120s][info][gc,heap        ] GC(534) ParOldGen: 42062K(44032K)->23501K(44032K)
[2026-06-17T09:57:05.604+0800][13.120s][info][gc,metaspace   ] GC(534) Metaspace: 150K(384K)->150K(384K) NonClass: 145K(256K)->145K(256K) Class: 4K(128K)->4K(128K)
[2026-06-17T09:57:05.604+0800][13.120s][info][gc             ] GC(534) Pause Full (Ergonomics) 48M->22M(57M) 3.541ms
[2026-06-17T09:57:05.604+0800][13.120s][info][gc,cpu         ] GC(534) User=0.00s Sys=0.00s Real=0.01s
[2026-06-17T09:57:05.615+0800][13.131s][info][gc,start       ] GC(535) Pause Young (Allocation Failure)
[2026-06-17T09:57:05.616+0800][13.132s][info][gc,heap        ] GC(535) PSYoungGen: 7088K(14336K)->3699K(14336K) Eden: 7088K(7168K)->0K(7168K) From: 0K(7168K)->3699K(7168K)
[2026-06-17T09:57:05.616+0800][13.132s][info][gc,heap        ] GC(535) ParOldGen: 23501K(44032K)->23501K(44032K)
[2026-06-17T09:57:05.616+0800][13.132s][info][gc,metaspace   ] GC(535) Metaspace: 150K(384K)->150K(384K) NonClass: 145K(256K)->145K(256K) Class: 4K(128K)->4K(128K)
[2026-06-17T09:57:05.616+0800][13.132s][info][gc             ] GC(535) Pause Young (Allocation Failure) 29M->26M(57M) 1.284ms
[2026-06-17T09:57:05.617+0800][13.133s][info][gc,cpu         ] GC(535) User=0.00s Sys=0.00s Real=0.00s
[2026-06-17T09:57:05.648+0800][13.164s][info][gc,start       ] GC(536) Pause Young (Allocation Failure)
[2026-06-17T09:57:05.649+0800][13.165s][info][gc,heap        ] GC(536) PSYoungGen: 10839K(14336K)->400K(14336K) Eden: 7140K(7168K)->0K(7168K) From: 3699K(7168K)->400K(7168K)
[2026-06-17T09:57:05.650+0800][13.166s][info][gc,heap        ] GC(536) ParOldGen: 23501K(44032K)->27148K(44032K)
[2026-06-17T09:57:05.650+0800][13.166s][info][gc,metaspace   ] GC(536) Metaspace: 150K(384K)->150K(384K) NonClass: 145K(256K)->145K(256K) Class: 4K(128K)->4K(128K)
[2026-06-17T09:57:05.651+0800][13.167s][info][gc             ] GC(536) Pause Young (Allocation Failure) 33M->26M(57M) 2.907ms
[2026-06-17T09:57:05.651+0800][13.167s][info][gc,cpu         ] GC(536) User=0.00s Sys=0.00s Real=0.01s
[2026-06-17T09:57:05.662+0800][13.178s][info][gc,start       ] GC(537) Pause Young (Allocation Failure)
[2026-06-17T09:57:05.663+0800][13.179s][info][gc,heap        ] GC(537) PSYoungGen: 7550K(14336K)->4030K(14336K) Eden: 7150K(7168K)->0K(7168K) From: 400K(7168K)->4030K(7168K)
[2026-06-17T09:57:05.664+0800][13.180s][info][gc,heap        ] GC(537) ParOldGen: 27148K(44032K)->27375K(44032K)
[2026-06-17T09:57:05.664+0800][13.180s][info][gc,metaspace   ] GC(537) Metaspace: 150K(384K)->150K(384K) NonClass: 145K(256K)->145K(256K) Class: 4K(128K)->4K(128K)
[2026-06-17T09:57:05.664+0800][13.180s][info][gc             ] GC(537) Pause Young (Allocation Failure) 33M->30M(57M) 2.001ms
[2026-06-17T09:57:05.665+0800][13.181s][info][gc,cpu         ] GC(537) User=0.00s Sys=0.00s Real=0.00s
[2026-06-17T09:57:05.686+0800][13.202s][info][gc,start       ] GC(538) Pause Young (Allocation Failure)
[2026-06-17T09:57:05.687+0800][13.203s][info][gc,heap        ] GC(538) PSYoungGen: 11198K(14336K)->2623K(14336K) Eden: 7168K(7168K)->0K(7168K) From: 4030K(7168K)->2623K(7168K)
[2026-06-17T09:57:05.687+0800][13.203s][info][gc,heap        ] GC(538) ParOldGen: 27375K(44032K)->28933K(44032K)
[2026-06-17T09:57:05.687+0800][13.203s][info][gc,metaspace   ] GC(538) Metaspace: 150K(384K)->150K(384K) NonClass: 145K(256K)->145K(256K) Class: 4K(128K)->4K(128K)
[2026-06-17T09:57:05.688+0800][13.204s][info][gc             ] GC(538) Pause Young (Allocation Failure) 37M->30M(57M) 1.690ms
[2026-06-17T09:57:05.688+0800][13.204s][info][gc,cpu         ] GC(538) User=0.01s Sys=0.00s Real=0.00s
[2026-06-17T09:57:05.709+0800][13.225s][info][gc,start       ] GC(539) Pause Young (Allocation Failure)
[2026-06-17T09:57:05.710+0800][13.226s][info][gc,heap        ] GC(539) PSYoungGen: 9786K(14336K)->3109K(14848K) Eden: 7162K(7168K)->0K(7680K) From: 2623K(7168K)->3109K(7168K)
[2026-06-17T09:57:05.711+0800][13.227s][info][gc,heap        ] GC(539) ParOldGen: 28933K(44032K)->28933K(44032K)
[2026-06-17T09:57:05.711+0800][13.227s][info][gc,metaspace   ] GC(539) Metaspace: 150K(384K)->150K(384K) NonClass: 145K(256K)->145K(256K) Class: 4K(128K)->4K(128K)
[2026-06-17T09:57:05.711+0800][13.227s][info][gc             ] GC(539) Pause Young (Allocation Failure) 37M->31M(57M) 2.077ms
[2026-06-17T09:57:05.712+0800][13.228s][info][gc,cpu         ] GC(539) User=0.00s Sys=0.00s Real=0.01s
[2026-06-17T09:57:05.733+0800][13.249s][info][gc,start       ] GC(540) Pause Young (Allocation Failure)
[2026-06-17T09:57:05.734+0800][13.250s][info][gc,heap        ] GC(540) PSYoungGen: 10749K(14848K)->2094K(14336K) Eden: 7639K(7680K)->0K(7680K) From: 3109K(7168K)->2094K(6656K)
[2026-06-17T09:57:05.735+0800][13.251s][info][gc,heap        ] GC(540) ParOldGen: 28933K(44032K)->30708K(44032K)
[2026-06-17T09:57:05.735+0800][13.251s][info][gc,metaspace   ] GC(540) Metaspace: 150K(384K)->150K(384K) NonClass: 145K(256K)->145K(256K) Class: 4K(128K)->4K(128K)
[2026-06-17T09:57:05.736+0800][13.252s][info][gc             ] GC(540) Pause Young (Allocation Failure) 38M->32M(57M) 2.666ms
[2026-06-17T09:57:05.736+0800][13.252s][info][gc,cpu         ] GC(540) User=0.00s Sys=0.00s Real=0.00s
[2026-06-17T09:57:05.748+0800][13.264s][info][gc,start       ] GC(541) Pause Young (Allocation Failure)
[2026-06-17T09:57:05.749+0800][13.265s][info][gc,heap        ] GC(541) PSYoungGen: 9756K(14336K)->4315K(14848K) Eden: 7661K(7680K)->0K(8192K) From: 2094K(6656K)->4315K(6656K)
[2026-06-17T09:57:05.749+0800][13.265s][info][gc,heap        ] GC(541) ParOldGen: 30708K(44032K)->32746K(44032K)
[2026-06-17T09:57:05.750+0800][13.266s][info][gc,metaspace   ] GC(541) Metaspace: 150K(384K)->150K(384K) NonClass: 145K(256K)->145K(256K) Class: 4K(128K)->4K(128K)
[2026-06-17T09:57:05.750+0800][13.266s][info][gc             ] GC(541) Pause Young (Allocation Failure) 39M->36M(57M) 2.796ms
[2026-06-17T09:57:05.751+0800][13.267s][info][gc,cpu         ] GC(541) User=0.00s Sys=0.00s Real=0.01s
[2026-06-17T09:57:05.773+0800][13.289s][info][gc,start       ] GC(542) Pause Young (Allocation Failure)
[2026-06-17T09:57:05.774+0800][13.290s][info][gc,heap        ] GC(542) PSYoungGen: 12497K(14848K)->4544K(12800K) Eden: 8182K(8192K)->0K(8192K) From: 4315K(6656K)->4544K(4608K)
[2026-06-17T09:57:05.774+0800][13.290s][info][gc,heap        ] GC(542) ParOldGen: 32746K(44032K)->33930K(44032K)
[2026-06-17T09:57:05.774+0800][13.290s][info][gc,metaspace   ] GC(542) Metaspace: 150K(384K)->150K(384K) NonClass: 145K(256K)->145K(256K) Class: 4K(128K)->4K(128K)
[2026-06-17T09:57:05.775+0800][13.291s][info][gc             ] GC(542) Pause Young (Allocation Failure) 44M->37M(55M) 2.256ms
[2026-06-17T09:57:05.775+0800][13.291s][info][gc,cpu         ] GC(542) User=0.00s Sys=0.00s Real=0.00s
[2026-06-17T09:57:05.797+0800][13.313s][info][gc,start       ] GC(543) Pause Young (Allocation Failure)
[2026-06-17T09:57:05.797+0800][13.313s][info][gc,heap        ] GC(543) PSYoungGen: 12732K(12800K)->536K(14336K) Eden: 8188K(8192K)->0K(7168K) From: 4544K(4608K)->536K(7168K)
[2026-06-17T09:57:05.797+0800][13.313s][info][gc,heap        ] GC(543) ParOldGen: 33930K(44032K)->35787K(44032K)
[2026-06-17T09:57:05.798+0800][13.314s][info][gc,metaspace   ] GC(543) Metaspace: 150K(384K)->150K(384K) NonClass: 145K(256K)->145K(256K) Class: 4K(128K)->4K(128K)
[2026-06-17T09:57:05.798+0800][13.314s][info][gc             ] GC(543) Pause Young (Allocation Failure) 45M->35M(57M) 1.147ms
[2026-06-17T09:57:05.798+0800][13.314s][info][gc,cpu         ] GC(543) User=0.00s Sys=0.00s Real=0.00s
[2026-06-17T09:57:05.819+0800][13.335s][info][gc,start       ] GC(544) Pause Young (Allocation Failure)
[2026-06-17T09:57:05.820+0800][13.336s][info][gc,heap        ] GC(544) PSYoungGen: 7679K(14336K)->3867K(14336K) Eden: 7143K(7168K)->0K(7168K) From: 536K(7168K)->3867K(7168K)
[2026-06-17T09:57:05.820+0800][13.336s][info][gc,heap        ] GC(544) ParOldGen: 35787K(44032K)->36299K(44032K)
[2026-06-17T09:57:05.820+0800][13.336s][info][gc,metaspace   ] GC(544) Metaspace: 150K(384K)->150K(384K) NonClass: 145K(256K)->145K(256K) Class: 4K(128K)->4K(128K)
[2026-06-17T09:57:05.820+0800][13.336s][info][gc             ] GC(544) Pause Young (Allocation Failure) 42M->39M(57M) 1.514ms
[2026-06-17T09:57:05.821+0800][13.337s][info][gc,cpu         ] GC(544) User=0.01s Sys=0.00s Real=0.00s
[2026-06-17T09:57:05.842+0800][13.358s][info][gc,start       ] GC(545) Pause Young (Allocation Failure)
[2026-06-17T09:57:05.843+0800][13.359s][info][gc,heap        ] GC(545) PSYoungGen: 11035K(14336K)->2659K(14848K) Eden: 7168K(7168K)->0K(7680K) From: 3867K(7168K)->2659K(7168K)
[2026-06-17T09:57:05.844+0800][13.360s][info][gc,heap        ] GC(545) ParOldGen: 36299K(44032K)->37650K(44032K)
[2026-06-17T09:57:05.846+0800][13.362s][info][gc,metaspace   ] GC(545) Metaspace: 150K(384K)->150K(384K) NonClass: 145K(256K)->145K(256K) Class: 4K(128K)->4K(128K)
[2026-06-17T09:57:05.848+0800][13.364s][info][gc             ] GC(545) Pause Young (Allocation Failure) 46M->39M(57M) 5.754ms
[2026-06-17T09:57:05.848+0800][13.364s][info][gc,cpu         ] GC(545) User=0.00s Sys=0.00s Real=0.01s
[2026-06-17T09:57:05.870+0800][13.386s][info][gc,start       ] GC(546) Pause Young (Allocation Failure)
[2026-06-17T09:57:05.871+0800][13.387s][info][gc,heap        ] GC(546) PSYoungGen: 10339K(14848K)->1286K(14336K) Eden: 7680K(7680K)->0K(7680K) From: 2659K(7168K)->1286K(6656K)
[2026-06-17T09:57:05.872+0800][13.388s][info][gc,heap        ] GC(546) ParOldGen: 37650K(44032K)->39508K(44032K)
[2026-06-17T09:57:05.873+0800][13.389s][info][gc,metaspace   ] GC(546) Metaspace: 150K(384K)->150K(384K) NonClass: 145K(256K)->145K(256K) Class: 4K(128K)->4K(128K)
[2026-06-17T09:57:05.874+0800][13.390s][info][gc             ] GC(546) Pause Young (Allocation Failure) 46M->39M(57M) 3.544ms
[2026-06-17T09:57:05.874+0800][13.390s][info][gc,cpu         ] GC(546) User=0.00s Sys=0.00s Real=0.01s
[2026-06-17T09:57:05.885+0800][13.401s][info][gc,start       ] GC(547) Pause Young (Allocation Failure)
[2026-06-17T09:57:05.886+0800][13.402s][info][gc,heap        ] GC(547) PSYoungGen: 8931K(14336K)->5643K(13824K) Eden: 7645K(7680K)->0K(7168K) From: 1286K(6656K)->5643K(6656K)
[2026-06-17T09:57:05.887+0800][13.403s][info][gc,heap        ] GC(547) ParOldGen: 39508K(44032K)->39508K(44032K)
[2026-06-17T09:57:05.888+0800][13.404s][info][gc,metaspace   ] GC(547) Metaspace: 150K(384K)->150K(384K) NonClass: 145K(256K)->145K(256K) Class: 4K(128K)->4K(128K)
[2026-06-17T09:57:05.888+0800][13.404s][info][gc             ] GC(547) Pause Young (Allocation Failure) 47M->44M(56M) 2.645ms
[2026-06-17T09:57:05.888+0800][13.404s][info][gc,cpu         ] GC(547) User=0.00s Sys=0.00s Real=0.00s
[2026-06-17T09:57:05.910+0800][13.426s][info][gc,start       ] GC(548) Pause Young (Allocation Failure)
[2026-06-17T09:57:05.911+0800][13.427s][info][gc,heap        ] GC(548) PSYoungGen: 12674K(13824K)->201K(14336K) Eden: 7030K(7168K)->0K(7168K) From: 5643K(6656K)->201K(7168K)
[2026-06-17T09:57:05.911+0800][13.427s][info][gc,heap        ] GC(548) ParOldGen: 39508K(44032K)->41536K(44032K)
[2026-06-17T09:57:05.911+0800][13.427s][info][gc,metaspace   ] GC(548) Metaspace: 150K(384K)->150K(384K) NonClass: 145K(256K)->145K(256K) Class: 4K(128K)->4K(128K)
[2026-06-17T09:57:05.912+0800][13.428s][info][gc             ] GC(548) Pause Young (Allocation Failure) 50M->40M(57M) 2.098ms
[2026-06-17T09:57:05.912+0800][13.428s][info][gc,cpu         ] GC(548) User=0.00s Sys=0.00s Real=0.01s
[2026-06-17T09:57:05.933+0800][13.449s][info][gc,start       ] GC(549) Pause Full (Ergonomics)
[2026-06-17T09:57:05.934+0800][13.450s][info][gc,phases,start] GC(549) Marking Phase
[2026-06-17T09:57:05.935+0800][13.451s][info][gc,phases      ] GC(549) Marking Phase 1.003ms
[2026-06-17T09:57:05.935+0800][13.451s][info][gc,phases,start] GC(549) Summary Phase
[2026-06-17T09:57:05.936+0800][13.452s][info][gc,phases      ] GC(549) Summary Phase 0.412ms
[2026-06-17T09:57:05.936+0800][13.452s][info][gc,phases,start] GC(549) Adjust Roots
[2026-06-17T09:57:05.937+0800][13.453s][info][gc,phases      ] GC(549) Adjust Roots 0.498ms
[2026-06-17T09:57:05.937+0800][13.453s][info][gc,phases,start] GC(549) Compaction Phase
[2026-06-17T09:57:05.939+0800][13.455s][info][gc,phases      ] GC(549) Compaction Phase 1.906ms
[2026-06-17T09:57:05.939+0800][13.455s][info][gc,phases,start] GC(549) Post Compact
[2026-06-17T09:57:05.940+0800][13.456s][info][gc,phases      ] GC(549) Post Compact 0.353ms
[2026-06-17T09:57:05.940+0800][13.456s][info][gc,heap        ] GC(549) PSYoungGen: 7335K(14336K)->0K(14336K) Eden: 7134K(7168K)->0K(7168K) From: 201K(7168K)->0K(7168K)
[2026-06-17T09:57:05.941+0800][13.457s][info][gc,heap        ] GC(549) ParOldGen: 41536K(44032K)->32244K(44032K)
[2026-06-17T09:57:05.941+0800][13.457s][info][gc,metaspace   ] GC(549) Metaspace: 150K(384K)->150K(384K) NonClass: 145K(256K)->145K(256K) Class: 4K(128K)->4K(128K)
[2026-06-17T09:57:05.941+0800][13.457s][info][gc             ] GC(549) Pause Full (Ergonomics) 47M->31M(57M) 7.968ms
[2026-06-17T09:57:05.942+0800][13.458s][info][gc,cpu         ] GC(549) User=0.01s Sys=0.00s Real=0.00s
[2026-06-17T09:57:05.953+0800][13.469s][info][gc,start       ] GC(550) Pause Young (Allocation Failure)
[2026-06-17T09:57:05.954+0800][13.470s][info][gc,heap        ] GC(550) PSYoungGen: 6992K(14336K)->3626K(14336K) Eden: 6992K(7168K)->0K(7168K) From: 0K(7168K)->3626K(7168K)
[2026-06-17T09:57:05.955+0800][13.471s][info][gc,heap        ] GC(550) ParOldGen: 32244K(44032K)->32244K(44032K)
[2026-06-17T09:57:05.955+0800][13.471s][info][gc,metaspace   ] GC(550) Metaspace: 150K(384K)->150K(384K) NonClass: 145K(256K)->145K(256K) Class: 4K(128K)->4K(128K)
[2026-06-17T09:57:05.955+0800][13.471s][info][gc             ] GC(550) Pause Young (Allocation Failure) 38M->35M(57M) 2.273ms
[2026-06-17T09:57:05.956+0800][13.472s][info][gc,cpu         ] GC(550) User=0.00s Sys=0.00s Real=0.00s
[2026-06-17T09:57:05.977+0800][13.493s][info][gc,start       ] GC(551) Pause Young (Allocation Failure)
[2026-06-17T09:57:05.978+0800][13.494s][info][gc,heap        ] GC(551) PSYoungGen: 10782K(14336K)->3854K(14336K) Eden: 7156K(7168K)->0K(7168K) From: 3626K(7168K)->3854K(7168K)
[2026-06-17T09:57:05.978+0800][13.494s][info][gc,heap        ] GC(551) ParOldGen: 32244K(44032K)->35818K(44032K)
[2026-06-17T09:57:05.978+0800][13.494s][info][gc,metaspace   ] GC(551) Metaspace: 150K(384K)->150K(384K) NonClass: 145K(256K)->145K(256K) Class: 4K(128K)->4K(128K)
[2026-06-17T09:57:05.978+0800][13.494s][info][gc             ] GC(551) Pause Young (Allocation Failure) 42M->38M(57M) 1.521ms
[2026-06-17T09:57:05.978+0800][13.494s][info][gc,cpu         ] GC(551) User=0.00s Sys=0.00s Real=0.00s
[2026-06-17T09:57:05.999+0800][13.515s][info][gc,start       ] GC(552) Pause Young (Allocation Failure)
[2026-06-17T09:57:06.000+0800][13.516s][info][gc,heap        ] GC(552) PSYoungGen: 11003K(14336K)->3056K(14336K) Eden: 7148K(7168K)->0K(7168K) From: 3854K(7168K)->3056K(7168K)
[2026-06-17T09:57:06.001+0800][13.517s][info][gc,heap        ] GC(552) ParOldGen: 35818K(44032K)->37106K(44032K)
[2026-06-17T09:57:06.004+0800][13.520s][info][gc,metaspace   ] GC(552) Metaspace: 150K(384K)->150K(384K) NonClass: 145K(256K)->145K(256K) Class: 4K(128K)->4K(128K)
[2026-06-17T09:57:06.005+0800][13.521s][info][gc             ] GC(552) Pause Young (Allocation Failure) 45M->39M(57M) 5.241ms
[2026-06-17T09:57:06.005+0800][13.521s][info][gc,cpu         ] GC(552) User=0.00s Sys=0.00s Real=0.01s
[2026-06-17T09:57:06.026+0800][13.542s][info][gc,start       ] GC(553) Pause Young (Allocation Failure)
[2026-06-17T09:57:06.027+0800][13.543s][info][gc,heap        ] GC(553) PSYoungGen: 10215K(14336K)->880K(14848K) Eden: 7158K(7168K)->0K(8192K) From: 3056K(7168K)->880K(6656K)
[2026-06-17T09:57:06.027+0800][13.543s][info][gc,heap        ] GC(553) ParOldGen: 37106K(44032K)->39195K(44032K)
[2026-06-17T09:57:06.027+0800][13.543s][info][gc,metaspace   ] GC(553) Metaspace: 150K(384K)->150K(384K) NonClass: 145K(256K)->145K(256K) Class: 4K(128K)->4K(128K)
[2026-06-17T09:57:06.027+0800][13.543s][info][gc             ] GC(553) Pause Young (Allocation Failure) 46M->39M(57M) 1.163ms
[2026-06-17T09:57:06.027+0800][13.543s][info][gc,cpu         ] GC(553) User=0.00s Sys=0.00s Real=0.00s
[2026-06-17T09:57:06.038+0800][13.554s][info][gc,start       ] GC(554) Pause Young (Allocation Failure)
[2026-06-17T09:57:06.039+0800][13.555s][info][gc,heap        ] GC(554) PSYoungGen: 9067K(14848K)->5386K(13824K) Eden: 8187K(8192K)->0K(8192K) From: 880K(6656K)->5386K(5632K)
[2026-06-17T09:57:06.039+0800][13.555s][info][gc,heap        ] GC(554) ParOldGen: 39195K(44032K)->39195K(44032K)
[2026-06-17T09:57:06.039+0800][13.555s][info][gc,metaspace   ] GC(554) Metaspace: 150K(384K)->150K(384K) NonClass: 145K(256K)->145K(256K) Class: 4K(128K)->4K(128K)
[2026-06-17T09:57:06.039+0800][13.555s][info][gc             ] GC(554) Pause Young (Allocation Failure) 47M->43M(56M) 1.247ms
[2026-06-17T09:57:06.039+0800][13.555s][info][gc,cpu         ] GC(554) User=0.00s Sys=0.00s Real=0.00s
[2026-06-17T09:57:06.060+0800][13.576s][info][gc,start       ] GC(555) Pause Young (Allocation Failure)
[2026-06-17T09:57:06.061+0800][13.577s][info][gc,heap        ] GC(555) PSYoungGen: 13478K(13824K)->1127K(14336K) Eden: 8092K(8192K)->0K(7168K) From: 5386K(5632K)->1127K(7168K)
[2026-06-17T09:57:06.061+0800][13.577s][info][gc,heap        ] GC(555) ParOldGen: 39195K(44032K)->41085K(44032K)
[2026-06-17T09:57:06.062+0800][13.578s][info][gc,metaspace   ] GC(555) Metaspace: 150K(384K)->150K(384K) NonClass: 145K(256K)->145K(256K) Class: 4K(128K)->4K(128K)
[2026-06-17T09:57:06.062+0800][13.578s][info][gc             ] GC(555) Pause Young (Allocation Failure) 51M->41M(57M) 1.326ms
[2026-06-17T09:57:06.062+0800][13.578s][info][gc,cpu         ] GC(555) User=0.00s Sys=0.00s Real=0.00s
[2026-06-17T09:57:06.083+0800][13.599s][info][gc,start       ] GC(556) Pause Full (Ergonomics)
[2026-06-17T09:57:06.083+0800][13.599s][info][gc,phases,start] GC(556) Marking Phase
[2026-06-17T09:57:06.084+0800][13.600s][info][gc,phases      ] GC(556) Marking Phase 0.664ms
[2026-06-17T09:57:06.084+0800][13.600s][info][gc,phases,start] GC(556) Summary Phase
[2026-06-17T09:57:06.088+0800][13.604s][info][gc,phases      ] GC(556) Summary Phase 3.983ms
[2026-06-17T09:57:06.089+0800][13.605s][info][gc,phases,start] GC(556) Adjust Roots
[2026-06-17T09:57:06.094+0800][13.610s][info][gc,phases      ] GC(556) Adjust Roots 5.292ms
[2026-06-17T09:57:06.096+0800][13.612s][info][gc,phases,start] GC(556) Compaction Phase
[2026-06-17T09:57:06.099+0800][13.615s][info][gc,phases      ] GC(556) Compaction Phase 3.148ms
[2026-06-17T09:57:06.099+0800][13.615s][info][gc,phases,start] GC(556) Post Compact
[2026-06-17T09:57:06.099+0800][13.615s][info][gc,phases      ] GC(556) Post Compact 0.202ms
[2026-06-17T09:57:06.099+0800][13.615s][info][gc,heap        ] GC(556) PSYoungGen: 8245K(14336K)->0K(14336K) Eden: 7118K(7168K)->0K(7168K) From: 1127K(7168K)->0K(7168K)
[2026-06-17T09:57:06.100+0800][13.616s][info][gc,heap        ] GC(556) ParOldGen: 41085K(44032K)->27700K(44032K)
[2026-06-17T09:57:06.100+0800][13.616s][info][gc,metaspace   ] GC(556) Metaspace: 150K(384K)->150K(384K) NonClass: 145K(256K)->145K(256K) Class: 4K(128K)->4K(128K)
[2026-06-17T09:57:06.100+0800][13.616s][info][gc             ] GC(556) Pause Full (Ergonomics) 48M->27M(57M) 16.708ms
[2026-06-17T09:57:06.100+0800][13.616s][info][gc,cpu         ] GC(556) User=0.01s Sys=0.00s Real=0.01s
[2026-06-17T09:57:06.121+0800][13.637s][info][gc,start       ] GC(557) Pause Young (Allocation Failure)
[2026-06-17T09:57:06.122+0800][13.638s][info][gc,heap        ] GC(557) PSYoungGen: 7168K(14336K)->3884K(14336K) Eden: 7168K(7168K)->0K(7168K) From: 0K(7168K)->3884K(7168K)
[2026-06-17T09:57:06.122+0800][13.638s][info][gc,heap        ] GC(557) ParOldGen: 27700K(44032K)->27700K(44032K)
[2026-06-17T09:57:06.122+0800][13.638s][info][gc,metaspace   ] GC(557) Metaspace: 150K(384K)->150K(384K) NonClass: 145K(256K)->145K(256K) Class: 4K(128K)->4K(128K)
[2026-06-17T09:57:06.122+0800][13.638s][info][gc             ] GC(557) Pause Young (Allocation Failure) 34M->30M(57M) 1.469ms
[2026-06-17T09:57:06.123+0800][13.639s][info][gc,cpu         ] GC(557) User=0.00s Sys=0.00s Real=0.01s
[2026-06-17T09:57:06.144+0800][13.660s][info][gc,start       ] GC(558) Pause Young (Allocation Failure)
[2026-06-17T09:57:06.145+0800][13.661s][info][gc,heap        ] GC(558) PSYoungGen: 11043K(14336K)->4394K(14336K) Eden: 7158K(7168K)->0K(7168K) From: 3884K(7168K)->4394K(7168K)
[2026-06-17T09:57:06.145+0800][13.661s][info][gc,heap        ] GC(558) ParOldGen: 27700K(44032K)->27700K(44032K)
[2026-06-17T09:57:06.145+0800][13.661s][info][gc,metaspace   ] GC(558) Metaspace: 150K(384K)->150K(384K) NonClass: 145K(256K)->145K(256K) Class: 4K(128K)->4K(128K)
[2026-06-17T09:57:06.145+0800][13.661s][info][gc             ] GC(558) Pause Young (Allocation Failure) 37M->31M(57M) 1.459ms
[2026-06-17T09:57:06.145+0800][13.661s][info][gc,cpu         ] GC(558) User=0.00s Sys=0.00s Real=0.00s
[2026-06-17T09:57:06.166+0800][13.682s][info][gc,start       ] GC(559) Pause Young (Allocation Failure)
[2026-06-17T09:57:06.167+0800][13.683s][info][gc,heap        ] GC(559) PSYoungGen: 11540K(14336K)->2763K(14336K) Eden: 7146K(7168K)->0K(7168K) From: 4394K(7168K)->2763K(7168K)
[2026-06-17T09:57:06.167+0800][13.683s][info][gc,heap        ] GC(559) ParOldGen: 27700K(44032K)->29609K(44032K)
[2026-06-17T09:57:06.168+0800][13.684s][info][gc,metaspace   ] GC(559) Metaspace: 150K(384K)->150K(384K) NonClass: 145K(256K)->145K(256K) Class: 4K(128K)->4K(128K)
[2026-06-17T09:57:06.168+0800][13.684s][info][gc             ] GC(559) Pause Young (Allocation Failure) 38M->31M(57M) 1.440ms
[2026-06-17T09:57:06.168+0800][13.684s][info][gc,cpu         ] GC(559) User=0.00s Sys=0.00s Real=0.00s
[2026-06-17T09:57:06.179+0800][13.695s][info][gc,start       ] GC(560) Pause Young (Allocation Failure)
[2026-06-17T09:57:06.180+0800][13.696s][info][gc,heap        ] GC(560) PSYoungGen: 9917K(14336K)->6231K(14336K) Eden: 7154K(7168K)->0K(7168K) From: 2763K(7168K)->6231K(7168K)
[2026-06-17T09:57:06.180+0800][13.696s][info][gc,heap        ] GC(560) ParOldGen: 29609K(44032K)->29609K(44032K)
[2026-06-17T09:57:06.180+0800][13.696s][info][gc,metaspace   ] GC(560) Metaspace: 150K(384K)->150K(384K) NonClass: 145K(256K)->145K(256K) Class: 4K(128K)->4K(128K)
[2026-06-17T09:57:06.180+0800][13.696s][info][gc             ] GC(560) Pause Young (Allocation Failure) 38M->35M(57M) 1.180ms
[2026-06-17T09:57:06.180+0800][13.696s][info][gc,cpu         ] GC(560) User=0.00s Sys=0.00s Real=0.00s
[2026-06-17T09:57:06.201+0800][13.717s][info][gc,start       ] GC(561) Pause Young (Allocation Failure)
[2026-06-17T09:57:06.202+0800][13.718s][info][gc,heap        ] GC(561) PSYoungGen: 13372K(14336K)->3313K(14336K) Eden: 7140K(7168K)->0K(7168K) From: 6231K(7168K)->3313K(7168K)
[2026-06-17T09:57:06.202+0800][13.718s][info][gc,heap        ] GC(561) ParOldGen: 29609K(44032K)->32714K(44032K)
[2026-06-17T09:57:06.202+0800][13.718s][info][gc,metaspace   ] GC(561) Metaspace: 150K(384K)->150K(384K) NonClass: 145K(256K)->145K(256K) Class: 4K(128K)->4K(128K)
[2026-06-17T09:57:06.202+0800][13.718s][info][gc             ] GC(561) Pause Young (Allocation Failure) 41M->35M(57M) 1.561ms
[2026-06-17T09:57:06.203+0800][13.719s][info][gc,cpu         ] GC(561) User=0.00s Sys=0.00s Real=0.01s
[2026-06-17T09:57:06.224+0800][13.740s][info][gc,start       ] GC(562) Pause Young (Allocation Failure)
[2026-06-17T09:57:06.225+0800][13.741s][info][gc,heap        ] GC(562) PSYoungGen: 10445K(14336K)->1900K(14336K) Eden: 7131K(7168K)->0K(7168K) From: 3313K(7168K)->1900K(7168K)
[2026-06-17T09:57:06.225+0800][13.741s][info][gc,heap        ] GC(562) ParOldGen: 32714K(44032K)->34256K(44032K)
[2026-06-17T09:57:06.226+0800][13.742s][info][gc,metaspace   ] GC(562) Metaspace: 150K(384K)->150K(384K) NonClass: 145K(256K)->145K(256K) Class: 4K(128K)->4K(128K)
[2026-06-17T09:57:06.226+0800][13.742s][info][gc             ] GC(562) Pause Young (Allocation Failure) 42M->35M(57M) 2.024ms
[2026-06-17T09:57:06.226+0800][13.742s][info][gc,cpu         ] GC(562) User=0.00s Sys=0.00s Real=0.00s
[2026-06-17T09:57:06.237+0800][13.753s][info][gc,start       ] GC(563) Pause Young (Allocation Failure)
[2026-06-17T09:57:06.238+0800][13.754s][info][gc,heap        ] GC(563) PSYoungGen: 9013K(14336K)->5476K(14336K) Eden: 7113K(7168K)->0K(7168K) From: 1900K(7168K)->5476K(7168K)
[2026-06-17T09:57:06.239+0800][13.755s][info][gc,heap        ] GC(563) ParOldGen: 34256K(44032K)->34256K(44032K)
[2026-06-17T09:57:06.239+0800][13.755s][info][gc,metaspace   ] GC(563) Metaspace: 150K(384K)->150K(384K) NonClass: 145K(256K)->145K(256K) Class: 4K(128K)->4K(128K)
[2026-06-17T09:57:06.239+0800][13.755s][info][gc             ] GC(563) Pause Young (Allocation Failure) 42M->38M(57M) 1.741ms
[2026-06-17T09:57:06.239+0800][13.755s][info][gc,cpu         ] GC(563) User=0.00s Sys=0.00s Real=0.00s
[2026-06-17T09:57:06.260+0800][13.776s][info][gc,start       ] GC(564) Pause Young (Allocation Failure)
[2026-06-17T09:57:06.262+0800][13.778s][info][gc,heap        ] GC(564) PSYoungGen: 12622K(14336K)->3698K(14336K) Eden: 7146K(7168K)->0K(7168K) From: 5476K(7168K)->3698K(7168K)
[2026-06-17T09:57:06.262+0800][13.778s][info][gc,heap        ] GC(564) ParOldGen: 34256K(44032K)->36045K(44032K)
[2026-06-17T09:57:06.263+0800][13.779s][info][gc,metaspace   ] GC(564) Metaspace: 150K(384K)->150K(384K) NonClass: 145K(256K)->145K(256K) Class: 4K(128K)->4K(128K)
[2026-06-17T09:57:06.264+0800][13.780s][info][gc             ] GC(564) Pause Young (Allocation Failure) 45M->38M(57M) 3.372ms
[2026-06-17T09:57:06.264+0800][13.780s][info][gc,cpu         ] GC(564) User=0.00s Sys=0.00s Real=0.01s
[2026-06-17T09:57:06.286+0800][13.802s][info][gc,start       ] GC(565) Pause Young (Allocation Failure)
[2026-06-17T09:57:06.287+0800][13.803s][info][gc,heap        ] GC(565) PSYoungGen: 10866K(14336K)->2215K(14336K) Eden: 7168K(7168K)->0K(7168K) From: 3698K(7168K)->2215K(7168K)
[2026-06-17T09:57:06.287+0800][13.803s][info][gc,heap        ] GC(565) ParOldGen: 36045K(44032K)->37672K(44032K)
[2026-06-17T09:57:06.288+0800][13.804s][info][gc,metaspace   ] GC(565) Metaspace: 150K(384K)->150K(384K) NonClass: 145K(256K)->145K(256K) Class: 4K(128K)->4K(128K)
[2026-06-17T09:57:06.288+0800][13.804s][info][gc             ] GC(565) Pause Young (Allocation Failure) 45M->38M(57M) 2.129ms
[2026-06-17T09:57:06.288+0800][13.804s][info][gc,cpu         ] GC(565) User=0.00s Sys=0.00s Real=0.00s
[2026-06-17T09:57:06.309+0800][13.825s][info][gc,start       ] GC(566) Pause Young (Allocation Failure)
[2026-06-17T09:57:06.311+0800][13.827s][info][gc,heap        ] GC(566) PSYoungGen: 9373K(14336K)->2425K(14336K) Eden: 7157K(7168K)->0K(7168K) From: 2215K(7168K)->2425K(7168K)
[2026-06-17T09:57:06.311+0800][13.827s][info][gc,heap        ] GC(566) ParOldGen: 37672K(44032K)->37672K(44032K)
[2026-06-17T09:57:06.312+0800][13.828s][info][gc,metaspace   ] GC(566) Metaspace: 150K(384K)->150K(384K) NonClass: 145K(256K)->145K(256K) Class: 4K(128K)->4K(128K)
[2026-06-17T09:57:06.312+0800][13.828s][info][gc             ] GC(566) Pause Young (Allocation Failure) 45M->39M(57M) 2.435ms
[2026-06-17T09:57:06.312+0800][13.828s][info][gc,cpu         ] GC(566) User=0.00s Sys=0.00s Real=0.01s
[2026-06-17T09:57:06.323+0800][13.839s][info][gc,start       ] GC(567) Pause Young (Allocation Failure)
[2026-06-17T09:57:06.325+0800][13.841s][info][gc,heap        ] GC(567) PSYoungGen: 9404K(14336K)->2461K(14848K) Eden: 6978K(7168K)->0K(7680K) From: 2425K(7168K)->2461K(7168K)
[2026-06-17T09:57:06.325+0800][13.841s][info][gc,heap        ] GC(567) ParOldGen: 37672K(44032K)->37672K(44032K)
[2026-06-17T09:57:06.326+0800][13.842s][info][gc,metaspace   ] GC(567) Metaspace: 150K(384K)->150K(384K) NonClass: 145K(256K)->145K(256K) Class: 4K(128K)->4K(128K)
[2026-06-17T09:57:06.326+0800][13.842s][info][gc             ] GC(567) Pause Young (Allocation Failure) 45M->39M(57M) 2.610ms
[2026-06-17T09:57:06.327+0800][13.843s][info][gc,cpu         ] GC(567) User=0.00s Sys=0.00s Real=0.00s
[2026-06-17T09:57:06.348+0800][13.864s][info][gc,start       ] GC(568) Pause Young (Allocation Failure)
[2026-06-17T09:57:06.349+0800][13.865s][info][gc,heap        ] GC(568) PSYoungGen: 10098K(14848K)->6410K(14336K) Eden: 7637K(7680K)->0K(7680K) From: 2461K(7168K)->6410K(6656K)
[2026-06-17T09:57:06.349+0800][13.865s][info][gc,heap        ] GC(568) ParOldGen: 37672K(44032K)->38043K(44032K)
[2026-06-17T09:57:06.349+0800][13.865s][info][gc,metaspace   ] GC(568) Metaspace: 150K(384K)->150K(384K) NonClass: 145K(256K)->145K(256K) Class: 4K(128K)->4K(128K)
[2026-06-17T09:57:06.349+0800][13.865s][info][gc             ] GC(568) Pause Young (Allocation Failure) 46M->43M(57M) 1.327ms
[2026-06-17T09:57:06.350+0800][13.866s][info][gc,cpu         ] GC(568) User=0.00s Sys=0.00s Real=0.00s
[2026-06-17T09:57:06.371+0800][13.887s][info][gc,start       ] GC(569) Pause Young (Allocation Failure)
[2026-06-17T09:57:06.372+0800][13.888s][info][gc,heap        ] GC(569) PSYoungGen: 14052K(14336K)->4585K(14336K) Eden: 7641K(7680K)->0K(7168K) From: 6410K(6656K)->4585K(7168K)
[2026-06-17T09:57:06.372+0800][13.888s][info][gc,heap        ] GC(569) ParOldGen: 38043K(44032K)->40085K(44032K)
[2026-06-17T09:57:06.373+0800][13.889s][info][gc,metaspace   ] GC(569) Metaspace: 150K(384K)->150K(384K) NonClass: 145K(256K)->145K(256K) Class: 4K(128K)->4K(128K)
[2026-06-17T09:57:06.373+0800][13.889s][info][gc             ] GC(569) Pause Young (Allocation Failure) 50M->43M(57M) 2.194ms
[2026-06-17T09:57:06.373+0800][13.889s][info][gc,cpu         ] GC(569) User=0.00s Sys=0.00s Real=0.00s
[2026-06-17T09:57:06.384+0800][13.900s][info][gc,start       ] GC(570) Pause Young (Allocation Failure)
[2026-06-17T09:57:06.386+0800][13.902s][info][gc,heap        ] GC(570) PSYoungGen: 11728K(14336K)->4674K(14336K) Eden: 7142K(7168K)->0K(7168K) From: 4585K(7168K)->4674K(7168K)
[2026-06-17T09:57:06.386+0800][13.902s][info][gc,heap        ] GC(570) ParOldGen: 40085K(44032K)->43651K(44032K)
[2026-06-17T09:57:06.386+0800][13.902s][info][gc,metaspace   ] GC(570) Metaspace: 150K(384K)->150K(384K) NonClass: 145K(256K)->145K(256K) Class: 4K(128K)->4K(128K)
[2026-06-17T09:57:06.386+0800][13.902s][info][gc             ] GC(570) Pause Young (Allocation Failure) 50M->47M(57M) 2.152ms
[2026-06-17T09:57:06.387+0800][13.903s][info][gc,cpu         ] GC(570) User=0.01s Sys=0.00s Real=0.00s
[2026-06-17T09:57:06.408+0800][13.924s][info][gc,start       ] GC(571) Pause Full (Ergonomics)
[2026-06-17T09:57:06.408+0800][13.924s][info][gc,phases,start] GC(571) Marking Phase
[2026-06-17T09:57:06.410+0800][13.926s][info][gc,phases      ] GC(571) Marking Phase 1.641ms
[2026-06-17T09:57:06.410+0800][13.926s][info][gc,phases,start] GC(571) Summary Phase
[2026-06-17T09:57:06.411+0800][13.927s][info][gc,phases      ] GC(571) Summary Phase 0.204ms
[2026-06-17T09:57:06.411+0800][13.927s][info][gc,phases,start] GC(571) Adjust Roots
[2026-06-17T09:57:06.411+0800][13.927s][info][gc,phases      ] GC(571) Adjust Roots 0.347ms
[2026-06-17T09:57:06.411+0800][13.927s][info][gc,phases,start] GC(571) Compaction Phase
[2026-06-17T09:57:06.414+0800][13.930s][info][gc,phases      ] GC(571) Compaction Phase 2.135ms
[2026-06-17T09:57:06.414+0800][13.930s][info][gc,phases,start] GC(571) Post Compact
[2026-06-17T09:57:06.414+0800][13.930s][info][gc,phases      ] GC(571) Post Compact 0.328ms
[2026-06-17T09:57:06.414+0800][13.930s][info][gc,heap        ] GC(571) PSYoungGen: 11817K(14336K)->0K(14336K) Eden: 7143K(7168K)->0K(7168K) From: 4674K(7168K)->0K(7168K)
[2026-06-17T09:57:06.415+0800][13.931s][info][gc,heap        ] GC(571) ParOldGen: 43651K(44032K)->25918K(44032K)
[2026-06-17T09:57:06.415+0800][13.931s][info][gc,metaspace   ] GC(571) Metaspace: 150K(384K)->150K(384K) NonClass: 145K(256K)->145K(256K) Class: 4K(128K)->4K(128K)
[2026-06-17T09:57:06.415+0800][13.931s][info][gc             ] GC(571) Pause Full (Ergonomics) 54M->25M(57M) 6.742ms
[2026-06-17T09:57:06.415+0800][13.931s][info][gc,cpu         ] GC(571) User=0.00s Sys=0.00s Real=0.01s
[2026-06-17T09:57:06.436+0800][13.952s][info][gc,start       ] GC(572) Pause Young (Allocation Failure)
[2026-06-17T09:57:06.437+0800][13.953s][info][gc,heap        ] GC(572) PSYoungGen: 7161K(14336K)->3881K(14336K) Eden: 7161K(7168K)->0K(7168K) From: 0K(7168K)->3881K(7168K)
[2026-06-17T09:57:06.438+0800][13.954s][info][gc,heap        ] GC(572) ParOldGen: 25918K(44032K)->25918K(44032K)
[2026-06-17T09:57:06.438+0800][13.954s][info][gc,metaspace   ] GC(572) Metaspace: 150K(384K)->150K(384K) NonClass: 145K(256K)->145K(256K) Class: 4K(128K)->4K(128K)
[2026-06-17T09:57:06.438+0800][13.954s][info][gc             ] GC(572) Pause Young (Allocation Failure) 32M->29M(57M) 1.978ms
[2026-06-17T09:57:06.438+0800][13.954s][info][gc,cpu         ] GC(572) User=0.00s Sys=0.00s Real=0.00s
[2026-06-17T09:57:06.459+0800][13.975s][info][gc,start       ] GC(573) Pause Young (Allocation Failure)
[2026-06-17T09:57:06.461+0800][13.977s][info][gc,heap        ] GC(573) PSYoungGen: 11044K(14336K)->2171K(14336K) Eden: 7162K(7168K)->0K(7168K) From: 3881K(7168K)->2171K(7168K)
[2026-06-17T09:57:06.461+0800][13.977s][info][gc,heap        ] GC(573) ParOldGen: 25918K(44032K)->27865K(44032K)
[2026-06-17T09:57:06.461+0800][13.977s][info][gc,metaspace   ] GC(573) Metaspace: 150K(384K)->150K(384K) NonClass: 145K(256K)->145K(256K) Class: 4K(128K)->4K(128K)
[2026-06-17T09:57:06.461+0800][13.977s][info][gc             ] GC(573) Pause Young (Allocation Failure) 36M->29M(57M) 1.924ms
[2026-06-17T09:57:06.462+0800][13.978s][info][gc,cpu         ] GC(573) User=0.00s Sys=0.00s Real=0.00s
[2026-06-17T09:57:06.473+0800][13.989s][info][gc,start       ] GC(574) Pause Young (Allocation Failure)
[2026-06-17T09:57:06.474+0800][13.990s][info][gc,heap        ] GC(574) PSYoungGen: 9330K(14336K)->32K(14336K) Eden: 7159K(7168K)->0K(7168K) From: 2171K(7168K)->32K(7168K)
[2026-06-17T09:57:06.474+0800][13.990s][info][gc,heap        ] GC(574) ParOldGen: 27865K(44032K)->29912K(44032K)
[2026-06-17T09:57:06.474+0800][13.990s][info][gc,metaspace   ] GC(574) Metaspace: 150K(384K)->150K(384K) NonClass: 145K(256K)->145K(256K) Class: 4K(128K)->4K(128K)
[2026-06-17T09:57:06.475+0800][13.991s][info][gc             ] GC(574) Pause Young (Allocation Failure) 36M->29M(57M) 1.941ms
[2026-06-17T09:57:06.475+0800][13.991s][info][gc,cpu         ] GC(574) User=0.00s Sys=0.00s Real=0.00s
[2026-06-17T09:57:06.497+0800][14.013s][info][gc,start       ] GC(575) Pause Young (Allocation Failure)
[2026-06-17T09:57:06.499+0800][14.015s][info][gc,heap        ] GC(575) PSYoungGen: 7198K(14336K)->3528K(14336K) Eden: 7166K(7168K)->0K(7168K) From: 32K(7168K)->3528K(7168K)
[2026-06-17T09:57:06.499+0800][14.015s][info][gc,heap        ] GC(575) ParOldGen: 29912K(44032K)->29920K(44032K)
[2026-06-17T09:57:06.499+0800][14.015s][info][gc,metaspace   ] GC(575) Metaspace: 150K(384K)->150K(384K) NonClass: 145K(256K)->145K(256K) Class: 4K(128K)->4K(128K)
[2026-06-17T09:57:06.499+0800][14.015s][info][gc             ] GC(575) Pause Young (Allocation Failure) 36M->32M(57M) 2.516ms
[2026-06-17T09:57:06.499+0800][14.015s][info][gc,cpu         ] GC(575) User=0.00s Sys=0.00s Real=0.00s
[2026-06-17T09:57:06.520+0800][14.036s][info][gc,start       ] GC(576) Pause Young (Allocation Failure)
[2026-06-17T09:57:06.522+0800][14.038s][info][gc,heap        ] GC(576) PSYoungGen: 10678K(14336K)->2004K(14336K) Eden: 7150K(7168K)->0K(7168K) From: 3528K(7168K)->2004K(7168K)
[2026-06-17T09:57:06.522+0800][14.038s][info][gc,heap        ] GC(576) ParOldGen: 29920K(44032K)->31839K(44032K)
[2026-06-17T09:57:06.522+0800][14.038s][info][gc,metaspace   ] GC(576) Metaspace: 150K(384K)->150K(384K) NonClass: 145K(256K)->145K(256K) Class: 4K(128K)->4K(128K)
[2026-06-17T09:57:06.522+0800][14.038s][info][gc             ] GC(576) Pause Young (Allocation Failure) 39M->33M(57M) 1.838ms
[2026-06-17T09:57:06.522+0800][14.038s][info][gc,cpu         ] GC(576) User=0.00s Sys=0.00s Real=0.00s
[2026-06-17T09:57:06.543+0800][14.059s][info][gc,start       ] GC(577) Pause Young (Allocation Failure)
[2026-06-17T09:57:06.545+0800][14.061s][info][gc,heap        ] GC(577) PSYoungGen: 9139K(14336K)->492K(14336K) Eden: 7135K(7168K)->0K(7168K) From: 2004K(7168K)->492K(7168K)
[2026-06-17T09:57:06.546+0800][14.062s][info][gc,heap        ] GC(577) ParOldGen: 31839K(44032K)->33684K(44032K)
[2026-06-17T09:57:06.546+0800][14.062s][info][gc,metaspace   ] GC(577) Metaspace: 150K(384K)->150K(384K) NonClass: 145K(256K)->145K(256K) Class: 4K(128K)->4K(128K)
[2026-06-17T09:57:06.546+0800][14.062s][info][gc             ] GC(577) Pause Young (Allocation Failure) 40M->33M(57M) 2.656ms
[2026-06-17T09:57:06.546+0800][14.062s][info][gc,cpu         ] GC(577) User=0.00s Sys=0.00s Real=0.00s
[2026-06-17T09:57:06.557+0800][14.073s][info][gc,start       ] GC(578) Pause Young (Allocation Failure)
[2026-06-17T09:57:06.558+0800][14.074s][info][gc,heap        ] GC(578) PSYoungGen: 7604K(14336K)->4342K(14336K) Eden: 7112K(7168K)->0K(7168K) From: 492K(7168K)->4342K(7168K)
[2026-06-17T09:57:06.559+0800][14.075s][info][gc,heap        ] GC(578) ParOldGen: 33684K(44032K)->33684K(44032K)
[2026-06-17T09:57:06.559+0800][14.075s][info][gc,metaspace   ] GC(578) Metaspace: 150K(384K)->150K(384K) NonClass: 145K(256K)->145K(256K) Class: 4K(128K)->4K(128K)
[2026-06-17T09:57:06.559+0800][14.075s][info][gc             ] GC(578) Pause Young (Allocation Failure) 40M->37M(57M) 1.850ms
[2026-06-17T09:57:06.559+0800][14.075s][info][gc,cpu         ] GC(578) User=0.00s Sys=0.00s Real=0.00s
[2026-06-17T09:57:06.580+0800][14.096s][info][gc,start       ] GC(579) Pause Young (Allocation Failure)
[2026-06-17T09:57:06.582+0800][14.098s][info][gc,heap        ] GC(579) PSYoungGen: 11506K(14336K)->4603K(14336K) Eden: 7163K(7168K)->0K(7168K) From: 4342K(7168K)->4603K(7168K)
[2026-06-17T09:57:06.582+0800][14.098s][info][gc,heap        ] GC(579) ParOldGen: 33684K(44032K)->33684K(44032K)
[2026-06-17T09:57:06.583+0800][14.099s][info][gc,metaspace   ] GC(579) Metaspace: 150K(384K)->150K(384K) NonClass: 145K(256K)->145K(256K) Class: 4K(128K)->4K(128K)
[2026-06-17T09:57:06.583+0800][14.099s][info][gc             ] GC(579) Pause Young (Allocation Failure) 44M->37M(57M) 2.513ms
[2026-06-17T09:57:06.584+0800][14.100s][info][gc,cpu         ] GC(579) User=0.01s Sys=0.00s Real=0.01s
[2026-06-17T09:57:06.607+0800][14.123s][info][gc,start       ] GC(580) Pause Young (Allocation Failure)
[2026-06-17T09:57:06.608+0800][14.124s][info][gc,heap        ] GC(580) PSYoungGen: 11734K(14336K)->2923K(14336K) Eden: 7131K(7168K)->0K(7168K) From: 4603K(7168K)->2923K(7168K)
[2026-06-17T09:57:06.608+0800][14.124s][info][gc,heap        ] GC(580) ParOldGen: 33684K(44032K)->35619K(44032K)
[2026-06-17T09:57:06.608+0800][14.124s][info][gc,metaspace   ] GC(580) Metaspace: 150K(384K)->150K(384K) NonClass: 145K(256K)->145K(256K) Class: 4K(128K)->4K(128K)
[2026-06-17T09:57:06.608+0800][14.124s][info][gc             ] GC(580) Pause Young (Allocation Failure) 44M->37M(57M) 1.495ms
[2026-06-17T09:57:06.609+0800][14.125s][info][gc,cpu         ] GC(580) User=0.00s Sys=0.00s Real=0.00s
[2026-06-17T09:57:06.619+0800][14.135s][info][gc,start       ] GC(581) Pause Young (Allocation Failure)
[2026-06-17T09:57:06.620+0800][14.136s][info][gc,heap        ] GC(581) PSYoungGen: 9925K(14336K)->2857K(14848K) Eden: 7002K(7168K)->0K(7680K) From: 2923K(7168K)->2857K(7168K)
[2026-06-17T09:57:06.620+0800][14.136s][info][gc,heap        ] GC(581) ParOldGen: 35619K(44032K)->35619K(44032K)
[2026-06-17T09:57:06.620+0800][14.136s][info][gc,metaspace   ] GC(581) Metaspace: 150K(384K)->150K(384K) NonClass: 145K(256K)->145K(256K) Class: 4K(128K)->4K(128K)
[2026-06-17T09:57:06.620+0800][14.136s][info][gc             ] GC(581) Pause Young (Allocation Failure) 44M->37M(57M) 0.912ms
[2026-06-17T09:57:06.620+0800][14.136s][info][gc,cpu         ] GC(581) User=0.00s Sys=0.00s Real=0.00s
[2026-06-17T09:57:06.641+0800][14.157s][info][gc,start       ] GC(582) Pause Young (Allocation Failure)
[2026-06-17T09:57:06.643+0800][14.159s][info][gc,heap        ] GC(582) PSYoungGen: 10500K(14848K)->6501K(14336K) Eden: 7642K(7680K)->0K(7680K) From: 2857K(7168K)->6501K(6656K)
[2026-06-17T09:57:06.643+0800][14.159s][info][gc,heap        ] GC(582) ParOldGen: 35619K(44032K)->36089K(44032K)
[2026-06-17T09:57:06.644+0800][14.160s][info][gc,metaspace   ] GC(582) Metaspace: 150K(384K)->150K(384K) NonClass: 145K(256K)->145K(256K) Class: 4K(128K)->4K(128K)
[2026-06-17T09:57:06.644+0800][14.160s][info][gc             ] GC(582) Pause Young (Allocation Failure) 45M->41M(57M) 2.713ms
[2026-06-17T09:57:06.644+0800][14.160s][info][gc,cpu         ] GC(582) User=0.00s Sys=0.00s Real=0.01s
[2026-06-17T09:57:06.667+0800][14.183s][info][gc,start       ] GC(583) Pause Young (Allocation Failure)
[2026-06-17T09:57:06.669+0800][14.185s][info][gc,heap        ] GC(583) PSYoungGen: 14166K(14336K)->5046K(14336K) Eden: 7665K(7680K)->0K(7168K) From: 6501K(6656K)->5046K(7168K)
[2026-06-17T09:57:06.669+0800][14.185s][info][gc,heap        ] GC(583) ParOldGen: 36089K(44032K)->38453K(44032K)
[2026-06-17T09:57:06.671+0800][14.187s][info][gc,metaspace   ] GC(583) Metaspace: 150K(384K)->150K(384K) NonClass: 145K(256K)->145K(256K) Class: 4K(128K)->4K(128K)
[2026-06-17T09:57:06.671+0800][14.187s][info][gc             ] GC(583) Pause Young (Allocation Failure) 49M->42M(57M) 4.631ms
[2026-06-17T09:57:06.672+0800][14.188s][info][gc,cpu         ] GC(583) User=0.01s Sys=0.00s Real=0.01s
[2026-06-17T09:57:06.695+0800][14.211s][info][gc,start       ] GC(584) Pause Young (Allocation Failure)
[2026-06-17T09:57:06.697+0800][14.213s][info][gc,heap        ] GC(584) PSYoungGen: 12213K(14336K)->2078K(14336K) Eden: 7166K(7168K)->0K(7168K) From: 5046K(7168K)->2078K(7168K)
[2026-06-17T09:57:06.697+0800][14.213s][info][gc,heap        ] GC(584) ParOldGen: 38453K(44032K)->41374K(44032K)
[2026-06-17T09:57:06.698+0800][14.214s][info][gc,metaspace   ] GC(584) Metaspace: 150K(384K)->150K(384K) NonClass: 145K(256K)->145K(256K) Class: 4K(128K)->4K(128K)
[2026-06-17T09:57:06.698+0800][14.214s][info][gc             ] GC(584) Pause Young (Allocation Failure) 49M->42M(57M) 3.812ms
[2026-06-17T09:57:06.699+0800][14.215s][info][gc,cpu         ] GC(584) User=0.00s Sys=0.01s Real=0.00s
[2026-06-17T09:57:06.721+0800][14.237s][info][gc,start       ] GC(585) Pause Full (Ergonomics)
[2026-06-17T09:57:06.722+0800][14.238s][info][gc,phases,start] GC(585) Marking Phase
[2026-06-17T09:57:06.724+0800][14.240s][info][gc,phases      ] GC(585) Marking Phase 1.942ms
[2026-06-17T09:57:06.724+0800][14.240s][info][gc,phases,start] GC(585) Summary Phase
[2026-06-17T09:57:06.724+0800][14.240s][info][gc,phases      ] GC(585) Summary Phase 0.358ms
[2026-06-17T09:57:06.725+0800][14.241s][info][gc,phases,start] GC(585) Adjust Roots
[2026-06-17T09:57:06.725+0800][14.241s][info][gc,phases      ] GC(585) Adjust Roots 0.591ms
[2026-06-17T09:57:06.726+0800][14.242s][info][gc,phases,start] GC(585) Compaction Phase
[2026-06-17T09:57:06.727+0800][14.243s][info][gc,phases      ] GC(585) Compaction Phase 1.445ms
[2026-06-17T09:57:06.728+0800][14.244s][info][gc,phases,start] GC(585) Post Compact
[2026-06-17T09:57:06.728+0800][14.244s][info][gc,phases      ] GC(585) Post Compact 0.292ms
[2026-06-17T09:57:06.728+0800][14.244s][info][gc,heap        ] GC(585) PSYoungGen: 9229K(14336K)->0K(14336K) Eden: 7150K(7168K)->0K(7168K) From: 2078K(7168K)->0K(7168K)
[2026-06-17T09:57:06.728+0800][14.244s][info][gc,heap        ] GC(585) ParOldGen: 41374K(44032K)->21815K(44032K)
[2026-06-17T09:57:06.728+0800][14.244s][info][gc,metaspace   ] GC(585) Metaspace: 150K(384K)->150K(384K) NonClass: 145K(256K)->145K(256K) Class: 4K(128K)->4K(128K)
[2026-06-17T09:57:06.728+0800][14.244s][info][gc             ] GC(585) Pause Full (Ergonomics) 49M->21M(57M) 7.414ms
[2026-06-17T09:57:06.729+0800][14.245s][info][gc,cpu         ] GC(585) User=0.00s Sys=0.00s Real=0.01s
[2026-06-17T09:57:06.740+0800][14.256s][info][gc,start       ] GC(586) Pause Young (Allocation Failure)
[2026-06-17T09:57:06.740+0800][14.257s][info][gc,heap        ] GC(586) PSYoungGen: 7053K(14336K)->3841K(14336K) Eden: 7053K(7168K)->0K(7168K) From: 0K(7168K)->3841K(7168K)
[2026-06-17T09:57:06.741+0800][14.257s][info][gc,heap        ] GC(586) ParOldGen: 21815K(44032K)->21815K(44032K)
[2026-06-17T09:57:06.741+0800][14.257s][info][gc,metaspace   ] GC(586) Metaspace: 150K(384K)->150K(384K) NonClass: 145K(256K)->145K(256K) Class: 4K(128K)->4K(128K)
[2026-06-17T09:57:06.741+0800][14.257s][info][gc             ] GC(586) Pause Young (Allocation Failure) 28M->25M(57M) 1.579ms
[2026-06-17T09:57:06.741+0800][14.257s][info][gc,cpu         ] GC(586) User=0.00s Sys=0.00s Real=0.00s
[2026-06-17T09:57:06.763+0800][14.279s][info][gc,start       ] GC(587) Pause Young (Allocation Failure)
[2026-06-17T09:57:06.766+0800][14.282s][info][gc,heap        ] GC(587) PSYoungGen: 10999K(14336K)->3660K(14336K) Eden: 7158K(7168K)->0K(7168K) From: 3841K(7168K)->3660K(7168K)
[2026-06-17T09:57:06.768+0800][14.284s][info][gc,heap        ] GC(587) ParOldGen: 21815K(44032K)->25612K(44032K)
[2026-06-17T09:57:06.772+0800][14.288s][info][gc,metaspace   ] GC(587) Metaspace: 150K(384K)->150K(384K) NonClass: 145K(256K)->145K(256K) Class: 4K(128K)->4K(128K)
[2026-06-17T09:57:06.774+0800][14.290s][info][gc             ] GC(587) Pause Young (Allocation Failure) 32M->28M(57M) 11.325ms
[2026-06-17T09:57:06.776+0800][14.292s][info][gc,cpu         ] GC(587) User=0.01s Sys=0.00s Real=0.01s
[2026-06-17T09:57:06.803+0800][14.319s][info][gc,start       ] GC(588) Pause Young (Allocation Failure)
[2026-06-17T09:57:06.805+0800][14.321s][info][gc,heap        ] GC(588) PSYoungGen: 10800K(14336K)->2790K(14336K) Eden: 7139K(7168K)->0K(7168K) From: 3660K(7168K)->2790K(7168K)
[2026-06-17T09:57:06.806+0800][14.322s][info][gc,heap        ] GC(588) ParOldGen: 25612K(44032K)->27137K(44032K)
[2026-06-17T09:57:06.806+0800][14.322s][info][gc,metaspace   ] GC(588) Metaspace: 150K(384K)->150K(384K) NonClass: 145K(256K)->145K(256K) Class: 4K(128K)->4K(128K)
[2026-06-17T09:57:06.807+0800][14.323s][info][gc             ] GC(588) Pause Young (Allocation Failure) 35M->29M(57M) 3.606ms
[2026-06-17T09:57:06.807+0800][14.323s][info][gc,cpu         ] GC(588) User=0.00s Sys=0.00s Real=0.00s
[2026-06-17T09:57:06.830+0800][14.346s][info][gc,start       ] GC(589) Pause Young (Allocation Failure)
[2026-06-17T09:57:06.832+0800][14.348s][info][gc,heap        ] GC(589) PSYoungGen: 9925K(14336K)->1575K(14336K) Eden: 7135K(7168K)->0K(7168K) From: 2790K(7168K)->1575K(7168K)
[2026-06-17T09:57:06.833+0800][14.349s][info][gc,heap        ] GC(589) ParOldGen: 27137K(44032K)->28829K(44032K)
[2026-06-17T09:57:06.833+0800][14.349s][info][gc,metaspace   ] GC(589) Metaspace: 150K(384K)->150K(384K) NonClass: 145K(256K)->145K(256K) Class: 4K(128K)->4K(128K)
[2026-06-17T09:57:06.834+0800][14.350s][info][gc             ] GC(589) Pause Young (Allocation Failure) 36M->29M(57M) 3.976ms
[2026-06-17T09:57:06.835+0800][14.351s][info][gc,cpu         ] GC(589) User=0.00s Sys=0.00s Real=0.01s
[2026-06-17T09:57:06.847+0800][14.363s][info][gc,start       ] GC(590) Pause Young (Allocation Failure)
[2026-06-17T09:57:06.849+0800][14.365s][info][gc,heap        ] GC(590) PSYoungGen: 8725K(14336K)->3873K(14336K) Eden: 7150K(7168K)->0K(7168K) From: 1575K(7168K)->3873K(7168K)
[2026-06-17T09:57:06.850+0800][14.366s][info][gc,heap        ] GC(590) ParOldGen: 28829K(44032K)->30165K(44032K)
[2026-06-17T09:57:06.850+0800][14.366s][info][gc,metaspace   ] GC(590) Metaspace: 150K(384K)->150K(384K) NonClass: 145K(256K)->145K(256K) Class: 4K(128K)->4K(128K)
[2026-06-17T09:57:06.851+0800][14.367s][info][gc             ] GC(590) Pause Young (Allocation Failure) 36M->33M(57M) 3.661ms
[2026-06-17T09:57:06.851+0800][14.367s][info][gc,cpu         ] GC(590) User=0.01s Sys=0.00s Real=0.01s
[2026-06-17T09:57:06.873+0800][14.389s][info][gc,start       ] GC(591) Pause Young (Allocation Failure)
[2026-06-17T09:57:06.875+0800][14.391s][info][gc,heap        ] GC(591) PSYoungGen: 11035K(14336K)->2214K(14848K) Eden: 7162K(7168K)->0K(8192K) From: 3873K(7168K)->2214K(6656K)
[2026-06-17T09:57:06.876+0800][14.392s][info][gc,heap        ] GC(591) ParOldGen: 30165K(44032K)->32089K(44032K)
[2026-06-17T09:57:06.877+0800][14.393s][info][gc,metaspace   ] GC(591) Metaspace: 150K(384K)->150K(384K) NonClass: 145K(256K)->145K(256K) Class: 4K(128K)->4K(128K)
[2026-06-17T09:57:06.877+0800][14.393s][info][gc             ] GC(591) Pause Young (Allocation Failure) 40M->33M(57M) 4.015ms
[2026-06-17T09:57:06.878+0800][14.394s][info][gc,cpu         ] GC(591) User=0.00s Sys=0.00s Real=0.00s
[2026-06-17T09:57:06.901+0800][14.417s][info][gc,start       ] GC(592) Pause Young (Allocation Failure)
[2026-06-17T09:57:06.904+0800][14.420s][info][gc,heap        ] GC(592) PSYoungGen: 10367K(14848K)->3953K(14848K) Eden: 8152K(8192K)->0K(8192K) From: 2214K(6656K)->3953K(6656K)
[2026-06-17T09:57:06.904+0800][14.420s][info][gc,heap        ] GC(592) ParOldGen: 32089K(44032K)->32089K(44032K)
[2026-06-17T09:57:06.905+0800][14.421s][info][gc,metaspace   ] GC(592) Metaspace: 150K(384K)->150K(384K) NonClass: 145K(256K)->145K(256K) Class: 4K(128K)->4K(128K)
[2026-06-17T09:57:06.906+0800][14.422s][info][gc             ] GC(592) Pause Young (Allocation Failure) 41M->35M(57M) 4.950ms
[2026-06-17T09:57:06.907+0800][14.423s][info][gc,cpu         ] GC(592) User=0.01s Sys=0.00s Real=0.01s
[2026-06-17T09:57:06.929+0800][14.445s][info][gc,start       ] GC(593) Pause Young (Allocation Failure)
[2026-06-17T09:57:06.931+0800][14.447s][info][gc,heap        ] GC(593) PSYoungGen: 12145K(14848K)->3157K(15360K) Eden: 8192K(8192K)->0K(8704K) From: 3953K(6656K)->3157K(6656K)
[2026-06-17T09:57:06.932+0800][14.448s][info][gc,heap        ] GC(593) ParOldGen: 32089K(44032K)->34223K(44032K)
[2026-06-17T09:57:06.932+0800][14.448s][info][gc,metaspace   ] GC(593) Metaspace: 150K(384K)->150K(384K) NonClass: 145K(256K)->145K(256K) Class: 4K(128K)->4K(128K)
[2026-06-17T09:57:06.933+0800][14.449s][info][gc             ] GC(593) Pause Young (Allocation Failure) 43M->36M(58M) 3.382ms
[2026-06-17T09:57:06.933+0800][14.449s][info][gc,cpu         ] GC(593) User=0.00s Sys=0.00s Real=0.01s
[2026-06-17T09:57:06.956+0800][14.472s][info][gc,start       ] GC(594) Pause Young (Allocation Failure)
[2026-06-17T09:57:06.958+0800][14.474s][info][gc,heap        ] GC(594) PSYoungGen: 11846K(15360K)->2643K(14848K) Eden: 8689K(8704K)->0K(8704K) From: 3157K(6656K)->2643K(6144K)
[2026-06-17T09:57:06.959+0800][14.475s][info][gc,heap        ] GC(594) ParOldGen: 34223K(44032K)->36414K(44032K)
[2026-06-17T09:57:06.959+0800][14.475s][info][gc,metaspace   ] GC(594) Metaspace: 150K(384K)->150K(384K) NonClass: 145K(256K)->145K(256K) Class: 4K(128K)->4K(128K)
[2026-06-17T09:57:06.960+0800][14.476s][info][gc             ] GC(594) Pause Young (Allocation Failure) 44M->38M(57M) 3.867ms
[2026-06-17T09:57:06.960+0800][14.476s][info][gc,cpu         ] GC(594) User=0.00s Sys=0.00s Real=0.00s
[2026-06-17T09:57:06.982+0800][14.498s][info][gc,start       ] GC(595) Pause Young (Allocation Failure)
[2026-06-17T09:57:06.983+0800][14.499s][info][gc,heap        ] GC(595) PSYoungGen: 11309K(14848K)->4123K(15360K) Eden: 8665K(8704K)->0K(9216K) From: 2643K(6144K)->4123K(6144K)
[2026-06-17T09:57:06.984+0800][14.500s][info][gc,heap        ] GC(595) ParOldGen: 36414K(44032K)->36414K(44032K)
[2026-06-17T09:57:06.984+0800][14.500s][info][gc,metaspace   ] GC(595) Metaspace: 150K(384K)->150K(384K) NonClass: 145K(256K)->145K(256K) Class: 4K(128K)->4K(128K)
[2026-06-17T09:57:06.985+0800][14.501s][info][gc             ] GC(595) Pause Young (Allocation Failure) 46M->39M(58M) 2.475ms
[2026-06-17T09:57:06.985+0800][14.501s][info][gc,cpu         ] GC(595) User=0.00s Sys=0.00s Real=0.01s
[2026-06-17T09:57:07.007+0800][14.523s][info][gc,start       ] GC(596) Pause Young (Allocation Failure)
[2026-06-17T09:57:07.008+0800][14.524s][info][gc,heap        ] GC(596) PSYoungGen: 13326K(15360K)->4158K(15360K) Eden: 9203K(9216K)->0K(9216K) From: 4123K(6144K)->4158K(6144K)
[2026-06-17T09:57:07.008+0800][14.524s][info][gc,heap        ] GC(596) ParOldGen: 36414K(44032K)->38705K(44032K)
[2026-06-17T09:57:07.009+0800][14.525s][info][gc,metaspace   ] GC(596) Metaspace: 150K(384K)->150K(384K) NonClass: 145K(256K)->145K(256K) Class: 4K(128K)->4K(128K)
[2026-06-17T09:57:07.009+0800][14.525s][info][gc             ] GC(596) Pause Young (Allocation Failure) 48M->41M(58M) 2.479ms
[2026-06-17T09:57:07.009+0800][14.525s][info][gc,cpu         ] GC(596) User=0.00s Sys=0.00s Real=0.00s
[2026-06-17T09:57:07.031+0800][14.547s][info][gc,start       ] GC(597) Pause Young (Allocation Failure)
[2026-06-17T09:57:07.032+0800][14.548s][info][gc,heap        ] GC(597) PSYoungGen: 13193K(15360K)->709K(14336K) Eden: 9034K(9216K)->0K(8192K) From: 4158K(6144K)->709K(6144K)
[2026-06-17T09:57:07.032+0800][14.548s][info][gc,heap        ] GC(597) ParOldGen: 38705K(44032K)->40791K(44032K)
[2026-06-17T09:57:07.032+0800][14.548s][info][gc,metaspace   ] GC(597) Metaspace: 150K(384K)->150K(384K) NonClass: 145K(256K)->145K(256K) Class: 4K(128K)->4K(128K)
[2026-06-17T09:57:07.032+0800][14.548s][info][gc             ] GC(597) Pause Young (Allocation Failure) 50M->40M(57M) 1.684ms
[2026-06-17T09:57:07.032+0800][14.548s][info][gc,cpu         ] GC(597) User=0.00s Sys=0.00s Real=0.00s
[2026-06-17T09:57:07.054+0800][14.570s][info][gc,start       ] GC(598) Pause Full (Ergonomics)
[2026-06-17T09:57:07.054+0800][14.570s][info][gc,phases,start] GC(598) Marking Phase
[2026-06-17T09:57:07.055+0800][14.571s][info][gc,phases      ] GC(598) Marking Phase 1.044ms
[2026-06-17T09:57:07.055+0800][14.571s][info][gc,phases,start] GC(598) Summary Phase
[2026-06-17T09:57:07.056+0800][14.572s][info][gc,phases      ] GC(598) Summary Phase 0.273ms
[2026-06-17T09:57:07.056+0800][14.572s][info][gc,phases,start] GC(598) Adjust Roots
[2026-06-17T09:57:07.056+0800][14.572s][info][gc,phases      ] GC(598) Adjust Roots 0.385ms
[2026-06-17T09:57:07.056+0800][14.572s][info][gc,phases,start] GC(598) Compaction Phase
[2026-06-17T09:57:07.059+0800][14.575s][info][gc,phases      ] GC(598) Compaction Phase 2.330ms
[2026-06-17T09:57:07.059+0800][14.575s][info][gc,phases,start] GC(598) Post Compact
[2026-06-17T09:57:07.059+0800][14.575s][info][gc,phases      ] GC(598) Post Compact 0.241ms
[2026-06-17T09:57:07.059+0800][14.575s][info][gc,heap        ] GC(598) PSYoungGen: 8876K(14336K)->0K(14848K) Eden: 8167K(8192K)->0K(8192K) From: 709K(6144K)->0K(6656K)
[2026-06-17T09:57:07.059+0800][14.575s][info][gc,heap        ] GC(598) ParOldGen: 40791K(44032K)->28224K(44032K)
[2026-06-17T09:57:07.059+0800][14.575s][info][gc,metaspace   ] GC(598) Metaspace: 150K(384K)->150K(384K) NonClass: 145K(256K)->145K(256K) Class: 4K(128K)->4K(128K)
[2026-06-17T09:57:07.060+0800][14.576s][info][gc             ] GC(598) Pause Full (Ergonomics) 48M->27M(57M) 5.777ms
[2026-06-17T09:57:07.060+0800][14.576s][info][gc,cpu         ] GC(598) User=0.01s Sys=0.00s Real=0.00s
[2026-06-17T09:57:07.081+0800][14.597s][info][gc,start       ] GC(599) Pause Young (Allocation Failure)
[2026-06-17T09:57:07.082+0800][14.598s][info][gc,heap        ] GC(599) PSYoungGen: 8173K(14848K)->4628K(14848K) Eden: 8173K(8192K)->0K(8192K) From: 0K(6656K)->4628K(6656K)
[2026-06-17T09:57:07.082+0800][14.598s][info][gc,heap        ] GC(599) ParOldGen: 28224K(44032K)->28224K(44032K)
[2026-06-17T09:57:07.082+0800][14.598s][info][gc,metaspace   ] GC(599) Metaspace: 150K(384K)->150K(384K) NonClass: 145K(256K)->145K(256K) Class: 4K(128K)->4K(128K)
[2026-06-17T09:57:07.082+0800][14.598s][info][gc             ] GC(599) Pause Young (Allocation Failure) 35M->32M(57M) 1.288ms
[2026-06-17T09:57:07.082+0800][14.598s][info][gc,cpu         ] GC(599) User=0.00s Sys=0.00s Real=0.00s
[2026-06-17T09:57:07.103+0800][14.619s][info][gc,start       ] GC(600) Pause Young (Allocation Failure)
[2026-06-17T09:57:07.104+0800][14.620s][info][gc,heap        ] GC(600) PSYoungGen: 12820K(14848K)->1904K(14848K) Eden: 8192K(8192K)->0K(8192K) From: 4628K(6656K)->1904K(6656K)
[2026-06-17T09:57:07.105+0800][14.621s][info][gc,heap        ] GC(600) ParOldGen: 28224K(44032K)->31900K(44032K)
[2026-06-17T09:57:07.105+0800][14.621s][info][gc,metaspace   ] GC(600) Metaspace: 150K(384K)->150K(384K) NonClass: 145K(256K)->145K(256K) Class: 4K(128K)->4K(128K)
[2026-06-17T09:57:07.105+0800][14.621s][info][gc             ] GC(600) Pause Young (Allocation Failure) 40M->33M(57M) 1.681ms
[2026-06-17T09:57:07.105+0800][14.621s][info][gc,cpu         ] GC(600) User=0.00s Sys=0.00s Real=0.00s
[2026-06-17T09:57:07.126+0800][14.642s][info][gc,start       ] GC(601) Pause Young (Allocation Failure)
[2026-06-17T09:57:07.127+0800][14.643s][info][gc,heap        ] GC(601) PSYoungGen: 10089K(14848K)->3064K(15360K) Eden: 8184K(8192K)->0K(8704K) From: 1904K(6656K)->3064K(6656K)
[2026-06-17T09:57:07.128+0800][14.644s][info][gc,heap        ] GC(601) ParOldGen: 31900K(44032K)->31900K(44032K)
[2026-06-17T09:57:07.128+0800][14.644s][info][gc,metaspace   ] GC(601) Metaspace: 150K(384K)->150K(384K) NonClass: 145K(256K)->145K(256K) Class: 4K(128K)->4K(128K)
[2026-06-17T09:57:07.128+0800][14.644s][info][gc             ] GC(601) Pause Young (Allocation Failure) 41M->34M(58M) 1.972ms
[2026-06-17T09:57:07.129+0800][14.645s][info][gc,cpu         ] GC(601) User=0.00s Sys=0.00s Real=0.00s
[2026-06-17T09:57:07.150+0800][14.666s][info][gc,start       ] GC(602) Pause Young (Allocation Failure)
[2026-06-17T09:57:07.151+0800][14.667s][info][gc,heap        ] GC(602) PSYoungGen: 11768K(15360K)->2951K(14848K) Eden: 8704K(8704K)->0K(8704K) From: 3064K(6656K)->2951K(6144K)
[2026-06-17T09:57:07.151+0800][14.667s][info][gc,heap        ] GC(602) ParOldGen: 31900K(44032K)->33633K(44032K)
[2026-06-17T09:57:07.152+0800][14.668s][info][gc,metaspace   ] GC(602) Metaspace: 150K(384K)->150K(384K) NonClass: 145K(256K)->145K(256K) Class: 4K(128K)->4K(128K)
[2026-06-17T09:57:07.152+0800][14.668s][info][gc             ] GC(602) Pause Young (Allocation Failure) 42M->35M(57M) 1.972ms
[2026-06-17T09:57:07.152+0800][14.668s][info][gc,cpu         ] GC(602) User=0.00s Sys=0.00s Real=0.01s
[2026-06-17T09:57:07.174+0800][14.690s][info][gc,start       ] GC(603) Pause Young (Allocation Failure)
[2026-06-17T09:57:07.175+0800][14.691s][info][gc,heap        ] GC(603) PSYoungGen: 11485K(14848K)->32K(15360K) Eden: 8533K(8704K)->0K(9216K) From: 2951K(6144K)->32K(6144K)
[2026-06-17T09:57:07.175+0800][14.691s][info][gc,heap        ] GC(603) ParOldGen: 33633K(44032K)->35637K(44032K)
[2026-06-17T09:57:07.175+0800][14.691s][info][gc,metaspace   ] GC(603) Metaspace: 150K(384K)->150K(384K) NonClass: 145K(256K)->145K(256K) Class: 4K(128K)->4K(128K)
[2026-06-17T09:57:07.176+0800][14.692s][info][gc             ] GC(603) Pause Young (Allocation Failure) 44M->34M(58M) 1.985ms
[2026-06-17T09:57:07.176+0800][14.692s][info][gc,cpu         ] GC(603) User=0.00s Sys=0.00s Real=0.00s
[2026-06-17T09:57:07.208+0800][14.724s][info][gc,start       ] GC(604) Pause Young (Allocation Failure)
[2026-06-17T09:57:07.210+0800][14.726s][info][gc,heap        ] GC(604) PSYoungGen: 9248K(15360K)->2123K(15360K) Eden: 9216K(9216K)->0K(9216K) From: 32K(6144K)->2123K(6144K)
[2026-06-17T09:57:07.213+0800][14.729s][info][gc,heap        ] GC(604) ParOldGen: 35637K(44032K)->35645K(44032K)
[2026-06-17T09:57:07.214+0800][14.730s][info][gc,metaspace   ] GC(604) Metaspace: 150K(384K)->150K(384K) NonClass: 145K(256K)->145K(256K) Class: 4K(128K)->4K(128K)
[2026-06-17T09:57:07.216+0800][14.732s][info][gc             ] GC(604) Pause Young (Allocation Failure) 43M->36M(58M) 7.928ms
[2026-06-17T09:57:07.217+0800][14.733s][info][gc,cpu         ] GC(604) User=0.00s Sys=0.00s Real=0.01s
[2026-06-17T09:57:07.241+0800][14.758s][info][gc,start       ] GC(605) Pause Young (Allocation Failure)
[2026-06-17T09:57:07.244+0800][14.760s][info][gc,heap        ] GC(605) PSYoungGen: 11339K(15360K)->2291K(15872K) Eden: 9216K(9216K)->0K(9728K) From: 2123K(6144K)->2291K(6144K)
[2026-06-17T09:57:07.246+0800][14.762s][info][gc,heap        ] GC(605) ParOldGen: 35645K(44032K)->37607K(44032K)
[2026-06-17T09:57:07.247+0800][14.763s][info][gc,metaspace   ] GC(605) Metaspace: 150K(384K)->150K(384K) NonClass: 145K(256K)->145K(256K) Class: 4K(128K)->4K(128K)
[2026-06-17T09:57:07.250+0800][14.766s][info][gc             ] GC(605) Pause Young (Allocation Failure) 45M->38M(58M) 8.061ms
[2026-06-17T09:57:07.250+0800][14.766s][info][gc,cpu         ] GC(605) User=0.01s Sys=0.00s Real=0.01s
[2026-06-17T09:57:07.273+0800][14.789s][info][gc,start       ] GC(606) Pause Young (Allocation Failure)
[2026-06-17T09:57:07.275+0800][14.791s][info][gc,heap        ] GC(606) PSYoungGen: 12016K(15872K)->3377K(15360K) Eden: 9725K(9728K)->0K(9728K) From: 2291K(6144K)->3377K(5632K)
[2026-06-17T09:57:07.276+0800][14.792s][info][gc,heap        ] GC(606) ParOldGen: 37607K(44032K)->39841K(44032K)
[2026-06-17T09:57:07.277+0800][14.793s][info][gc,metaspace   ] GC(606) Metaspace: 150K(384K)->150K(384K) NonClass: 145K(256K)->145K(256K) Class: 4K(128K)->4K(128K)
[2026-06-17T09:57:07.277+0800][14.793s][info][gc             ] GC(606) Pause Young (Allocation Failure) 48M->42M(58M) 4.117ms
[2026-06-17T09:57:07.278+0800][14.794s][info][gc,cpu         ] GC(606) User=0.00s Sys=0.00s Real=0.00s
[2026-06-17T09:57:07.300+0800][14.816s][info][gc,start       ] GC(607) Pause Young (Allocation Failure)
[2026-06-17T09:57:07.301+0800][14.817s][info][gc,heap        ] GC(607) PSYoungGen: 13105K(15360K)->32K(14848K) Eden: 9728K(9728K)->0K(9216K) From: 3377K(5632K)->32K(5632K)
[2026-06-17T09:57:07.301+0800][14.817s][info][gc,heap        ] GC(607) ParOldGen: 39841K(44032K)->42821K(44032K)
[2026-06-17T09:57:07.302+0800][14.818s][info][gc,metaspace   ] GC(607) Metaspace: 150K(384K)->150K(384K) NonClass: 145K(256K)->145K(256K) Class: 4K(128K)->4K(128K)
[2026-06-17T09:57:07.303+0800][14.819s][info][gc             ] GC(607) Pause Young (Allocation Failure) 51M->41M(57M) 2.580ms
[2026-06-17T09:57:07.303+0800][14.819s][info][gc,cpu         ] GC(607) User=0.00s Sys=0.00s Real=0.01s
[2026-06-17T09:57:07.325+0800][14.841s][info][gc,start       ] GC(608) Pause Full (Ergonomics)
[2026-06-17T09:57:07.325+0800][14.841s][info][gc,phases,start] GC(608) Marking Phase
[2026-06-17T09:57:07.327+0800][14.843s][info][gc,phases      ] GC(608) Marking Phase 1.365ms
[2026-06-17T09:57:07.327+0800][14.843s][info][gc,phases,start] GC(608) Summary Phase
[2026-06-17T09:57:07.328+0800][14.844s][info][gc,phases      ] GC(608) Summary Phase 0.441ms
[2026-06-17T09:57:07.328+0800][14.844s][info][gc,phases,start] GC(608) Adjust Roots
[2026-06-17T09:57:07.329+0800][14.845s][info][gc,phases      ] GC(608) Adjust Roots 0.659ms
[2026-06-17T09:57:07.329+0800][14.845s][info][gc,phases,start] GC(608) Compaction Phase
[2026-06-17T09:57:07.331+0800][14.847s][info][gc,phases      ] GC(608) Compaction Phase 1.969ms
[2026-06-17T09:57:07.332+0800][14.848s][info][gc,phases,start] GC(608) Post Compact
[2026-06-17T09:57:07.332+0800][14.848s][info][gc,phases      ] GC(608) Post Compact 0.541ms
[2026-06-17T09:57:07.333+0800][14.849s][info][gc,heap        ] GC(608) PSYoungGen: 9243K(14848K)->0K(15360K) Eden: 9211K(9216K)->0K(9216K) From: 32K(5632K)->0K(6144K)
[2026-06-17T09:57:07.333+0800][14.849s][info][gc,heap        ] GC(608) ParOldGen: 42821K(44032K)->24031K(44032K)
[2026-06-17T09:57:07.334+0800][14.850s][info][gc,metaspace   ] GC(608) Metaspace: 150K(384K)->150K(384K) NonClass: 145K(256K)->145K(256K) Class: 4K(128K)->4K(128K)
[2026-06-17T09:57:07.334+0800][14.850s][info][gc             ] GC(608) Pause Full (Ergonomics) 50M->23M(58M) 9.346ms
[2026-06-17T09:57:07.335+0800][14.851s][info][gc,cpu         ] GC(608) User=0.01s Sys=0.00s Real=0.01s
[2026-06-17T09:57:07.356+0800][14.872s][info][gc,start       ] GC(609) Pause Young (Allocation Failure)
[2026-06-17T09:57:07.357+0800][14.873s][info][gc,heap        ] GC(609) PSYoungGen: 9192K(15360K)->5531K(14336K) Eden: 9192K(9216K)->0K(8192K) From: 0K(6144K)->5531K(6144K)
[2026-06-17T09:57:07.358+0800][14.874s][info][gc,heap        ] GC(609) ParOldGen: 24031K(44032K)->24031K(44032K)
[2026-06-17T09:57:07.359+0800][14.875s][info][gc,metaspace   ] GC(609) Metaspace: 150K(384K)->150K(384K) NonClass: 145K(256K)->145K(256K) Class: 4K(128K)->4K(128K)
[2026-06-17T09:57:07.359+0800][14.875s][info][gc             ] GC(609) Pause Young (Allocation Failure) 32M->28M(57M) 2.870ms
[2026-06-17T09:57:07.359+0800][14.875s][info][gc,cpu         ] GC(609) User=0.00s Sys=0.00s Real=0.00s
[2026-06-17T09:57:07.381+0800][14.897s][info][gc,start       ] GC(610) Pause Young (Allocation Failure)
[2026-06-17T09:57:07.382+0800][14.898s][info][gc,heap        ] GC(610) PSYoungGen: 13556K(14336K)->2926K(14848K) Eden: 8024K(8192K)->0K(8192K) From: 5531K(6144K)->2926K(6656K)
[2026-06-17T09:57:07.383+0800][14.899s][info][gc,heap        ] GC(610) ParOldGen: 24031K(44032K)->24031K(44032K)
[2026-06-17T09:57:07.383+0800][14.899s][info][gc,metaspace   ] GC(610) Metaspace: 150K(384K)->150K(384K) NonClass: 145K(256K)->145K(256K) Class: 4K(128K)->4K(128K)
[2026-06-17T09:57:07.384+0800][14.900s][info][gc             ] GC(610) Pause Young (Allocation Failure) 36M->26M(57M) 2.553ms
[2026-06-17T09:57:07.384+0800][14.900s][info][gc,cpu         ] GC(610) User=0.00s Sys=0.00s Real=0.01s
[2026-06-17T09:57:07.405+0800][14.921s][info][gc,start       ] GC(611) Pause Young (Allocation Failure)
[2026-06-17T09:57:07.406+0800][14.922s][info][gc,heap        ] GC(611) PSYoungGen: 11102K(14848K)->6543K(13824K) Eden: 8176K(8192K)->0K(7168K) From: 2926K(6656K)->6543K(6656K)
[2026-06-17T09:57:07.408+0800][14.924s][info][gc,heap        ] GC(611) ParOldGen: 24031K(44032K)->25169K(44032K)
[2026-06-17T09:57:07.408+0800][14.924s][info][gc,metaspace   ] GC(611) Metaspace: 150K(384K)->150K(384K) NonClass: 145K(256K)->145K(256K) Class: 4K(128K)->4K(128K)
[2026-06-17T09:57:07.409+0800][14.925s][info][gc             ] GC(611) Pause Young (Allocation Failure) 34M->30M(56M) 3.285ms
[2026-06-17T09:57:07.409+0800][14.925s][info][gc,cpu         ] GC(611) User=0.00s Sys=0.00s Real=0.00s
[2026-06-17T09:57:07.431+0800][14.947s][info][gc,start       ] GC(612) Pause Young (Allocation Failure)
[2026-06-17T09:57:07.432+0800][14.948s][info][gc,heap        ] GC(612) PSYoungGen: 13686K(13824K)->4278K(14336K) Eden: 7143K(7168K)->0K(7168K) From: 6543K(6656K)->4278K(7168K)
[2026-06-17T09:57:07.432+0800][14.948s][info][gc,heap        ] GC(612) ParOldGen: 25169K(44032K)->27447K(44032K)
[2026-06-17T09:57:07.433+0800][14.949s][info][gc,metaspace   ] GC(612) Metaspace: 150K(384K)->150K(384K) NonClass: 145K(256K)->145K(256K) Class: 4K(128K)->4K(128K)
[2026-06-17T09:57:07.433+0800][14.949s][info][gc             ] GC(612) Pause Young (Allocation Failure) 37M->30M(57M) 2.543ms
[2026-06-17T09:57:07.434+0800][14.950s][info][gc,cpu         ] GC(612) User=0.00s Sys=0.00s Real=0.00s
[2026-06-17T09:57:07.455+0800][14.971s][info][gc,start       ] GC(613) Pause Young (Allocation Failure)
[2026-06-17T09:57:07.456+0800][14.972s][info][gc,heap        ] GC(613) PSYoungGen: 11407K(14336K)->1888K(14336K) Eden: 7128K(7168K)->0K(7168K) From: 4278K(7168K)->1888K(7168K)
[2026-06-17T09:57:07.456+0800][14.973s][info][gc,heap        ] GC(613) ParOldGen: 27447K(44032K)->29988K(44032K)
[2026-06-17T09:57:07.457+0800][14.973s][info][gc,metaspace   ] GC(613) Metaspace: 150K(384K)->150K(384K) NonClass: 145K(256K)->145K(256K) Class: 4K(128K)->4K(128K)
[2026-06-17T09:57:07.457+0800][14.973s][info][gc             ] GC(613) Pause Young (Allocation Failure) 37M->31M(57M) 2.515ms
[2026-06-17T09:57:07.458+0800][14.974s][info][gc,cpu         ] GC(613) User=0.01s Sys=0.00s Real=0.00s
[2026-06-17T09:57:07.479+0800][14.995s][info][gc,start       ] GC(614) Pause Young (Allocation Failure)
[2026-06-17T09:57:07.480+0800][14.996s][info][gc,heap        ] GC(614) PSYoungGen: 9032K(14336K)->2073K(14336K) Eden: 7143K(7168K)->0K(7168K) From: 1888K(7168K)->2073K(7168K)
[2026-06-17T09:57:07.481+0800][14.997s][info][gc,heap        ] GC(614) ParOldGen: 29988K(44032K)->29988K(44032K)
[2026-06-17T09:57:07.481+0800][14.997s][info][gc,metaspace   ] GC(614) Metaspace: 150K(384K)->150K(384K) NonClass: 145K(256K)->145K(256K) Class: 4K(128K)->4K(128K)
[2026-06-17T09:57:07.481+0800][14.997s][info][gc             ] GC(614) Pause Young (Allocation Failure) 38M->31M(57M) 2.324ms
[2026-06-17T09:57:07.482+0800][14.998s][info][gc,cpu         ] GC(614) User=0.00s Sys=0.00s Real=0.00s
[2026-06-17T09:57:07.493+0800][15.009s][info][gc,start       ] GC(615) Pause Young (Allocation Failure)
[2026-06-17T09:57:07.494+0800][15.010s][info][gc,heap        ] GC(615) PSYoungGen: 9239K(14336K)->5710K(14336K) Eden: 7166K(7168K)->0K(7168K) From: 2073K(7168K)->5710K(7168K)
[2026-06-17T09:57:07.495+0800][15.011s][info][gc,heap        ] GC(615) ParOldGen: 29988K(44032K)->29988K(44032K)
[2026-06-17T09:57:07.495+0800][15.011s][info][gc,metaspace   ] GC(615) Metaspace: 150K(384K)->150K(384K) NonClass: 145K(256K)->145K(256K) Class: 4K(128K)->4K(128K)
[2026-06-17T09:57:07.496+0800][15.012s][info][gc             ] GC(615) Pause Young (Allocation Failure) 38M->34M(57M) 2.549ms
[2026-06-17T09:57:07.496+0800][15.012s][info][gc,cpu         ] GC(615) User=0.00s Sys=0.00s Real=0.00s
[2026-06-17T09:57:07.517+0800][15.033s][info][gc,start       ] GC(616) Pause Young (Allocation Failure)
[2026-06-17T09:57:07.523+0800][15.039s][info][gc,heap        ] GC(616) PSYoungGen: 12867K(14336K)->4603K(14336K) Eden: 7157K(7168K)->0K(7168K) From: 5710K(7168K)->4603K(7168K)
[2026-06-17T09:57:07.524+0800][15.040s][info][gc,heap        ] GC(616) ParOldGen: 29988K(44032K)->31783K(44032K)
[2026-06-17T09:57:07.527+0800][15.043s][info][gc,metaspace   ] GC(616) Metaspace: 150K(384K)->150K(384K) NonClass: 145K(256K)->145K(256K) Class: 4K(128K)->4K(128K)
[2026-06-17T09:57:07.528+0800][15.044s][info][gc             ] GC(616) Pause Young (Allocation Failure) 41M->35M(57M) 10.112ms
[2026-06-17T09:57:07.528+0800][15.044s][info][gc,cpu         ] GC(616) User=0.00s Sys=0.00s Real=0.01s
[2026-06-17T09:57:07.539+0800][15.055s][info][gc,start       ] GC(617) Pause Young (Allocation Failure)
[2026-06-17T09:57:07.541+0800][15.057s][info][gc,heap        ] GC(617) PSYoungGen: 11649K(14336K)->1590K(14336K) Eden: 7045K(7168K)->0K(7168K) From: 4603K(7168K)->1590K(7168K)
[2026-06-17T09:57:07.541+0800][15.057s][info][gc,heap        ] GC(617) ParOldGen: 31783K(44032K)->34833K(44032K)
[2026-06-17T09:57:07.542+0800][15.058s][info][gc,metaspace   ] GC(617) Metaspace: 150K(384K)->150K(384K) NonClass: 145K(256K)->145K(256K) Class: 4K(128K)->4K(128K)
[2026-06-17T09:57:07.543+0800][15.059s][info][gc             ] GC(617) Pause Young (Allocation Failure) 42M->35M(57M) 3.554ms
[2026-06-17T09:57:07.543+0800][15.059s][info][gc,cpu         ] GC(617) User=0.00s Sys=0.00s Real=0.01s
[2026-06-17T09:57:07.565+0800][15.081s][info][gc,start       ] GC(618) Pause Young (Allocation Failure)
[2026-06-17T09:57:07.566+0800][15.082s][info][gc,heap        ] GC(618) PSYoungGen: 8707K(14336K)->3442K(14336K) Eden: 7117K(7168K)->0K(7168K) From: 1590K(7168K)->3442K(7168K)
[2026-06-17T09:57:07.567+0800][15.083s][info][gc,heap        ] GC(618) ParOldGen: 34833K(44032K)->36399K(44032K)
[2026-06-17T09:57:07.567+0800][15.083s][info][gc,metaspace   ] GC(618) Metaspace: 150K(384K)->150K(384K) NonClass: 145K(256K)->145K(256K) Class: 4K(128K)->4K(128K)
[2026-06-17T09:57:07.568+0800][15.084s][info][gc             ] GC(618) Pause Young (Allocation Failure) 42M->38M(57M) 3.003ms
[2026-06-17T09:57:07.568+0800][15.084s][info][gc,cpu         ] GC(618) User=0.01s Sys=0.00s Real=0.00s
[2026-06-17T09:57:07.590+0800][15.106s][info][gc,start       ] GC(619) Pause Young (Allocation Failure)
[2026-06-17T09:57:07.592+0800][15.108s][info][gc,heap        ] GC(619) PSYoungGen: 10600K(14336K)->3183K(14336K) Eden: 7157K(7168K)->0K(7168K) From: 3442K(7168K)->3183K(7168K)
[2026-06-17T09:57:07.593+0800][15.109s][info][gc,heap        ] GC(619) ParOldGen: 36399K(44032K)->36977K(44032K)
[2026-06-17T09:57:07.594+0800][15.111s][info][gc,metaspace   ] GC(619) Metaspace: 150K(384K)->150K(384K) NonClass: 145K(256K)->145K(256K) Class: 4K(128K)->4K(128K)
[2026-06-17T09:57:07.595+0800][15.111s][info][gc             ] GC(619) Pause Young (Allocation Failure) 45M->39M(57M) 5.088ms
[2026-06-17T09:57:07.597+0800][15.113s][info][gc,cpu         ] GC(619) User=0.00s Sys=0.00s Real=0.01s
[2026-06-17T09:57:07.620+0800][15.136s][info][gc,start       ] GC(620) Pause Young (Allocation Failure)
[2026-06-17T09:57:07.621+0800][15.137s][info][gc,heap        ] GC(620) PSYoungGen: 10344K(14336K)->1770K(14336K) Eden: 7161K(7168K)->0K(7168K) From: 3183K(7168K)->1770K(7168K)
[2026-06-17T09:57:07.621+0800][15.137s][info][gc,heap        ] GC(620) ParOldGen: 36977K(44032K)->38862K(44032K)
[2026-06-17T09:57:07.622+0800][15.138s][info][gc,metaspace   ] GC(620) Metaspace: 150K(384K)->150K(384K) NonClass: 145K(256K)->145K(256K) Class: 4K(128K)->4K(128K)
[2026-06-17T09:57:07.622+0800][15.138s][info][gc             ] GC(620) Pause Young (Allocation Failure) 46M->39M(57M) 2.681ms
[2026-06-17T09:57:07.623+0800][15.139s][info][gc,cpu         ] GC(620) User=0.00s Sys=0.00s Real=0.01s
[2026-06-17T09:57:07.644+0800][15.160s][info][gc,start       ] GC(621) Pause Young (Allocation Failure)
[2026-06-17T09:57:07.646+0800][15.162s][info][gc,heap        ] GC(621) PSYoungGen: 8906K(14336K)->2343K(14848K) Eden: 7135K(7168K)->0K(8192K) From: 1770K(7168K)->2343K(6656K)
[2026-06-17T09:57:07.647+0800][15.163s][info][gc,heap        ] GC(621) ParOldGen: 38862K(44032K)->38862K(44032K)
[2026-06-17T09:57:07.648+0800][15.164s][info][gc,metaspace   ] GC(621) Metaspace: 150K(384K)->150K(384K) NonClass: 145K(256K)->145K(256K) Class: 4K(128K)->4K(128K)
[2026-06-17T09:57:07.649+0800][15.165s][info][gc             ] GC(621) Pause Young (Allocation Failure) 46M->40M(57M) 4.517ms
[2026-06-17T09:57:07.652+0800][15.168s][info][gc,cpu         ] GC(621) User=0.00s Sys=0.00s Real=0.01s
[2026-06-17T09:57:07.676+0800][15.192s][info][gc,start       ] GC(622) Pause Young (Allocation Failure)
[2026-06-17T09:57:07.677+0800][15.193s][info][gc,heap        ] GC(622) PSYoungGen: 10511K(14848K)->2012K(14848K) Eden: 8168K(8192K)->0K(8192K) From: 2343K(6656K)->2012K(6656K)
[2026-06-17T09:57:07.678+0800][15.194s][info][gc,heap        ] GC(622) ParOldGen: 38862K(44032K)->40533K(44032K)
[2026-06-17T09:57:07.678+0800][15.194s][info][gc,metaspace   ] GC(622) Metaspace: 150K(384K)->150K(384K) NonClass: 145K(256K)->145K(256K) Class: 4K(128K)->4K(128K)
[2026-06-17T09:57:07.678+0800][15.194s][info][gc             ] GC(622) Pause Young (Allocation Failure) 48M->41M(57M) 2.057ms
[2026-06-17T09:57:07.679+0800][15.195s][info][gc,cpu         ] GC(622) User=0.00s Sys=0.00s Real=0.00s
[2026-06-17T09:57:07.701+0800][15.217s][info][gc,start       ] GC(623) Pause Young (Allocation Failure)
[2026-06-17T09:57:07.702+0800][15.218s][info][gc,heap        ] GC(623) PSYoungGen: 10184K(14848K)->994K(14848K) Eden: 8172K(8192K)->0K(8192K) From: 2012K(6656K)->994K(6656K)
[2026-06-17T09:57:07.702+0800][15.218s][info][gc,heap        ] GC(623) ParOldGen: 40533K(44032K)->42377K(44032K)
[2026-06-17T09:57:07.702+0800][15.218s][info][gc,metaspace   ] GC(623) Metaspace: 150K(384K)->150K(384K) NonClass: 145K(256K)->145K(256K) Class: 4K(128K)->4K(128K)
[2026-06-17T09:57:07.703+0800][15.219s][info][gc             ] GC(623) Pause Young (Allocation Failure) 49M->42M(57M) 1.855ms
[2026-06-17T09:57:07.703+0800][15.219s][info][gc,cpu         ] GC(623) User=0.00s Sys=0.00s Real=0.01s
[2026-06-17T09:57:07.714+0800][15.230s][info][gc,start       ] GC(624) Pause Full (Ergonomics)
[2026-06-17T09:57:07.714+0800][15.230s][info][gc,phases,start] GC(624) Marking Phase
[2026-06-17T09:57:07.715+0800][15.231s][info][gc,phases      ] GC(624) Marking Phase 0.849ms
[2026-06-17T09:57:07.715+0800][15.231s][info][gc,phases,start] GC(624) Summary Phase
[2026-06-17T09:57:07.715+0800][15.231s][info][gc,phases      ] GC(624) Summary Phase 0.090ms
[2026-06-17T09:57:07.716+0800][15.232s][info][gc,phases,start] GC(624) Adjust Roots
[2026-06-17T09:57:07.716+0800][15.232s][info][gc,phases      ] GC(624) Adjust Roots 0.208ms
[2026-06-17T09:57:07.716+0800][15.232s][info][gc,phases,start] GC(624) Compaction Phase
[2026-06-17T09:57:07.717+0800][15.233s][info][gc,phases      ] GC(624) Compaction Phase 1.031ms
[2026-06-17T09:57:07.717+0800][15.233s][info][gc,phases,start] GC(624) Post Compact
[2026-06-17T09:57:07.717+0800][15.233s][info][gc,phases      ] GC(624) Post Compact 0.199ms
[2026-06-17T09:57:07.717+0800][15.233s][info][gc,heap        ] GC(624) PSYoungGen: 8995K(14848K)->0K(14848K) Eden: 8001K(8192K)->0K(8192K) From: 994K(6656K)->0K(6656K)
[2026-06-17T09:57:07.718+0800][15.234s][info][gc,heap        ] GC(624) ParOldGen: 42377K(44032K)->21281K(44032K)
[2026-06-17T09:57:07.718+0800][15.234s][info][gc,metaspace   ] GC(624) Metaspace: 150K(384K)->150K(384K) NonClass: 145K(256K)->145K(256K) Class: 4K(128K)->4K(128K)
[2026-06-17T09:57:07.718+0800][15.234s][info][gc             ] GC(624) Pause Full (Ergonomics) 50M->20M(57M) 4.049ms
[2026-06-17T09:57:07.718+0800][15.234s][info][gc,cpu         ] GC(624) User=0.00s Sys=0.00s Real=0.00s
[2026-06-17T09:57:07.739+0800][15.255s][info][gc,start       ] GC(625) Pause Young (Allocation Failure)
[2026-06-17T09:57:07.740+0800][15.256s][info][gc,heap        ] GC(625) PSYoungGen: 8128K(14848K)->1246K(14848K) Eden: 8128K(8192K)->0K(8192K) From: 0K(6656K)->1246K(6656K)
[2026-06-17T09:57:07.740+0800][15.256s][info][gc,heap        ] GC(625) ParOldGen: 21281K(44032K)->21281K(44032K)
[2026-06-17T09:57:07.740+0800][15.256s][info][gc,metaspace   ] GC(625) Metaspace: 150K(384K)->150K(384K) NonClass: 145K(256K)->145K(256K) Class: 4K(128K)->4K(128K)
[2026-06-17T09:57:07.740+0800][15.256s][info][gc             ] GC(625) Pause Young (Allocation Failure) 28M->21M(57M) 1.403ms
[2026-06-17T09:57:07.741+0800][15.257s][info][gc,cpu         ] GC(625) User=0.00s Sys=0.00s Real=0.00s
[2026-06-17T09:57:07.762+0800][15.278s][info][gc,start       ] GC(626) Pause Young (Allocation Failure)
[2026-06-17T09:57:07.764+0800][15.280s][info][gc,heap        ] GC(626) PSYoungGen: 9422K(14848K)->5673K(14336K) Eden: 8176K(8192K)->0K(8192K) From: 1246K(6656K)->5673K(6144K)
[2026-06-17T09:57:07.764+0800][15.280s][info][gc,heap        ] GC(626) ParOldGen: 21281K(44032K)->21281K(44032K)
[2026-06-17T09:57:07.764+0800][15.280s][info][gc,metaspace   ] GC(626) Metaspace: 150K(384K)->150K(384K) NonClass: 145K(256K)->145K(256K) Class: 4K(128K)->4K(128K)
[2026-06-17T09:57:07.764+0800][15.280s][info][gc             ] GC(626) Pause Young (Allocation Failure) 29M->26M(57M) 1.986ms
[2026-06-17T09:57:07.764+0800][15.280s][info][gc,cpu         ] GC(626) User=0.00s Sys=0.00s Real=0.01s
[2026-06-17T09:57:07.785+0800][15.301s][info][gc,start       ] GC(627) Pause Young (Allocation Failure)
[2026-06-17T09:57:07.787+0800][15.303s][info][gc,heap        ] GC(627) PSYoungGen: 13863K(14336K)->6870K(14336K) Eden: 8189K(8192K)->0K(7168K) From: 5673K(6144K)->6870K(7168K)
[2026-06-17T09:57:07.788+0800][15.304s][info][gc,heap        ] GC(627) ParOldGen: 21281K(44032K)->21281K(44032K)
[2026-06-17T09:57:07.788+0800][15.304s][info][gc,metaspace   ] GC(627) Metaspace: 150K(384K)->150K(384K) NonClass: 145K(256K)->145K(256K) Class: 4K(128K)->4K(128K)
[2026-06-17T09:57:07.789+0800][15.305s][info][gc             ] GC(627) Pause Young (Allocation Failure) 34M->27M(57M) 3.249ms
[2026-06-17T09:57:07.789+0800][15.305s][info][gc,cpu         ] GC(627) User=0.00s Sys=0.00s Real=0.00s
[2026-06-17T09:57:07.810+0800][15.326s][info][gc,start       ] GC(628) Pause Young (Allocation Failure)
[2026-06-17T09:57:07.813+0800][15.329s][info][gc,heap        ] GC(628) PSYoungGen: 14035K(14336K)->3634K(14336K) Eden: 7164K(7168K)->0K(7168K) From: 6870K(7168K)->3634K(7168K)
[2026-06-17T09:57:07.813+0800][15.329s][info][gc,heap        ] GC(628) ParOldGen: 21281K(44032K)->24624K(44032K)
[2026-06-17T09:57:07.814+0800][15.330s][info][gc,metaspace   ] GC(628) Metaspace: 150K(384K)->150K(384K) NonClass: 145K(256K)->145K(256K) Class: 4K(128K)->4K(128K)
[2026-06-17T09:57:07.815+0800][15.331s][info][gc             ] GC(628) Pause Young (Allocation Failure) 34M->27M(57M) 4.216ms
[2026-06-17T09:57:07.815+0800][15.331s][info][gc,cpu         ] GC(628) User=0.00s Sys=0.00s Real=0.01s
[2026-06-17T09:57:07.837+0800][15.353s][info][gc,start       ] GC(629) Pause Young (Allocation Failure)
[2026-06-17T09:57:07.839+0800][15.355s][info][gc,heap        ] GC(629) PSYoungGen: 10789K(14336K)->2172K(14336K) Eden: 7154K(7168K)->0K(7168K) From: 3634K(7168K)->2172K(7168K)
[2026-06-17T09:57:07.840+0800][15.356s][info][gc,heap        ] GC(629) ParOldGen: 24624K(44032K)->26492K(44032K)
[2026-06-17T09:57:07.840+0800][15.356s][info][gc,metaspace   ] GC(629) Metaspace: 150K(384K)->150K(384K) NonClass: 145K(256K)->145K(256K) Class: 4K(128K)->4K(128K)
[2026-06-17T09:57:07.841+0800][15.357s][info][gc             ] GC(629) Pause Young (Allocation Failure) 34M->27M(57M) 3.569ms
[2026-06-17T09:57:07.841+0800][15.357s][info][gc,cpu         ] GC(629) User=0.00s Sys=0.00s Real=0.00s
[2026-06-17T09:57:07.853+0800][15.369s][info][gc,start       ] GC(630) Pause Young (Allocation Failure)
[2026-06-17T09:57:07.854+0800][15.370s][info][gc,heap        ] GC(630) PSYoungGen: 9325K(14336K)->693K(14336K) Eden: 7152K(7168K)->0K(7168K) From: 2172K(7168K)->693K(7168K)
[2026-06-17T09:57:07.855+0800][15.371s][info][gc,heap        ] GC(630) ParOldGen: 26492K(44032K)->28546K(44032K)
[2026-06-17T09:57:07.855+0800][15.371s][info][gc,metaspace   ] GC(630) Metaspace: 150K(384K)->150K(384K) NonClass: 145K(256K)->145K(256K) Class: 4K(128K)->4K(128K)
[2026-06-17T09:57:07.856+0800][15.372s][info][gc             ] GC(630) Pause Young (Allocation Failure) 34M->28M(57M) 2.867ms
[2026-06-17T09:57:07.856+0800][15.372s][info][gc,cpu         ] GC(630) User=0.00s Sys=0.00s Real=0.00s
[2026-06-17T09:57:07.878+0800][15.394s][info][gc,start       ] GC(631) Pause Young (Allocation Failure)
[2026-06-17T09:57:07.880+0800][15.396s][info][gc,heap        ] GC(631) PSYoungGen: 7824K(14336K)->3742K(14336K) Eden: 7131K(7168K)->0K(7168K) From: 693K(7168K)->3742K(7168K)
[2026-06-17T09:57:07.882+0800][15.398s][info][gc,heap        ] GC(631) ParOldGen: 28546K(44032K)->29215K(44032K)
[2026-06-17T09:57:07.882+0800][15.398s][info][gc,metaspace   ] GC(631) Metaspace: 150K(384K)->150K(384K) NonClass: 145K(256K)->145K(256K) Class: 4K(128K)->4K(128K)
[2026-06-17T09:57:07.883+0800][15.399s][info][gc             ] GC(631) Pause Young (Allocation Failure) 35M->32M(57M) 4.818ms
[2026-06-17T09:57:07.884+0800][15.400s][info][gc,cpu         ] GC(631) User=0.01s Sys=0.00s Real=0.01s
[2026-06-17T09:57:07.906+0800][15.422s][info][gc,start       ] GC(632) Pause Young (Allocation Failure)
[2026-06-17T09:57:07.908+0800][15.424s][info][gc,heap        ] GC(632) PSYoungGen: 10903K(14336K)->2810K(14336K) Eden: 7161K(7168K)->0K(7168K) From: 3742K(7168K)->2810K(7168K)
[2026-06-17T09:57:07.908+0800][15.424s][info][gc,heap        ] GC(632) ParOldGen: 29215K(44032K)->30017K(44032K)
[2026-06-17T09:57:07.909+0800][15.425s][info][gc,metaspace   ] GC(632) Metaspace: 150K(384K)->150K(384K) NonClass: 145K(256K)->145K(256K) Class: 4K(128K)->4K(128K)
[2026-06-17T09:57:07.909+0800][15.425s][info][gc             ] GC(632) Pause Young (Allocation Failure) 39M->32M(57M) 3.545ms
[2026-06-17T09:57:07.910+0800][15.426s][info][gc,cpu         ] GC(632) User=0.00s Sys=0.00s Real=0.00s
[2026-06-17T09:57:07.932+0800][15.448s][info][gc,start       ] GC(633) Pause Young (Allocation Failure)
[2026-06-17T09:57:07.934+0800][15.450s][info][gc,heap        ] GC(633) PSYoungGen: 9978K(14336K)->1251K(14336K) Eden: 7168K(7168K)->0K(7168K) From: 2810K(7168K)->1251K(7168K)
[2026-06-17T09:57:07.935+0800][15.451s][info][gc,heap        ] GC(633) ParOldGen: 30017K(44032K)->31679K(44032K)
[2026-06-17T09:57:07.936+0800][15.452s][info][gc,metaspace   ] GC(633) Metaspace: 150K(384K)->150K(384K) NonClass: 145K(256K)->145K(256K) Class: 4K(128K)->4K(128K)
[2026-06-17T09:57:07.936+0800][15.452s][info][gc             ] GC(633) Pause Young (Allocation Failure) 39M->32M(57M) 4.001ms
[2026-06-17T09:57:07.937+0800][15.453s][info][gc,cpu         ] GC(633) User=0.00s Sys=0.00s Real=0.00s
[2026-06-17T09:57:07.949+0800][15.465s][info][gc,start       ] GC(634) Pause Young (Allocation Failure)
[2026-06-17T09:57:07.951+0800][15.467s][info][gc,heap        ] GC(634) PSYoungGen: 8404K(14336K)->4994K(14336K) Eden: 7152K(7168K)->0K(7168K) From: 1251K(7168K)->4994K(7168K)
[2026-06-17T09:57:07.951+0800][15.467s][info][gc,heap        ] GC(634) ParOldGen: 31679K(44032K)->31679K(44032K)
[2026-06-17T09:57:07.952+0800][15.468s][info][gc,metaspace   ] GC(634) Metaspace: 150K(384K)->150K(384K) NonClass: 145K(256K)->145K(256K) Class: 4K(128K)->4K(128K)
[2026-06-17T09:57:07.952+0800][15.468s][info][gc             ] GC(634) Pause Young (Allocation Failure) 39M->35M(57M) 3.677ms
[2026-06-17T09:57:07.953+0800][15.469s][info][gc,cpu         ] GC(634) User=0.00s Sys=0.00s Real=0.01s
[2026-06-17T09:57:07.975+0800][15.491s][info][gc,start       ] GC(635) Pause Young (Allocation Failure)
[2026-06-17T09:57:07.977+0800][15.493s][info][gc,heap        ] GC(635) PSYoungGen: 12156K(14336K)->1827K(14336K) Eden: 7161K(7168K)->0K(7168K) From: 4994K(7168K)->1827K(7168K)
[2026-06-17T09:57:07.978+0800][15.494s][info][gc,heap        ] GC(635) ParOldGen: 31679K(44032K)->34775K(44032K)
[2026-06-17T09:57:07.979+0800][15.495s][info][gc,metaspace   ] GC(635) Metaspace: 150K(384K)->150K(384K) NonClass: 145K(256K)->145K(256K) Class: 4K(128K)->4K(128K)
[2026-06-17T09:57:07.980+0800][15.496s][info][gc             ] GC(635) Pause Young (Allocation Failure) 42M->35M(57M) 4.522ms
[2026-06-17T09:57:07.980+0800][15.496s][info][gc,cpu         ] GC(635) User=0.00s Sys=0.00s Real=0.00s
[2026-06-17T09:57:08.002+0800][15.518s][info][gc,start       ] GC(636) Pause Young (Allocation Failure)
[2026-06-17T09:57:08.003+0800][15.519s][info][gc,heap        ] GC(636) PSYoungGen: 8952K(14336K)->1902K(14336K) Eden: 7124K(7168K)->0K(7168K) From: 1827K(7168K)->1902K(7168K)
[2026-06-17T09:57:08.004+0800][15.520s][info][gc,heap        ] GC(636) ParOldGen: 34775K(44032K)->34775K(44032K)
[2026-06-17T09:57:08.004+0800][15.520s][info][gc,metaspace   ] GC(636) Metaspace: 150K(384K)->150K(384K) NonClass: 145K(256K)->145K(256K) Class: 4K(128K)->4K(128K)
[2026-06-17T09:57:08.004+0800][15.520s][info][gc             ] GC(636) Pause Young (Allocation Failure) 42M->35M(57M) 2.446ms
[2026-06-17T09:57:08.005+0800][15.521s][info][gc,cpu         ] GC(636) User=0.00s Sys=0.01s Real=0.01s
[2026-06-17T09:57:08.018+0800][15.534s][info][gc,start       ] GC(637) Pause Young (Allocation Failure)
[2026-06-17T09:57:08.019+0800][15.535s][info][gc,heap        ] GC(637) PSYoungGen: 8921K(14336K)->334K(14336K) Eden: 7019K(7168K)->0K(7168K) From: 1902K(7168K)->334K(7168K)
[2026-06-17T09:57:08.020+0800][15.536s][info][gc,heap        ] GC(637) ParOldGen: 34775K(44032K)->36536K(44032K)
[2026-06-17T09:57:08.020+0800][15.536s][info][gc,metaspace   ] GC(637) Metaspace: 150K(384K)->150K(384K) NonClass: 145K(256K)->145K(256K) Class: 4K(128K)->4K(128K)
[2026-06-17T09:57:08.020+0800][15.536s][info][gc             ] GC(637) Pause Young (Allocation Failure) 42M->36M(57M) 2.196ms
[2026-06-17T09:57:08.021+0800][15.537s][info][gc,cpu         ] GC(637) User=0.00s Sys=0.00s Real=0.00s
[2026-06-17T09:57:08.042+0800][15.558s][info][gc,start       ] GC(638) Pause Young (Allocation Failure)
[2026-06-17T09:57:08.044+0800][15.560s][info][gc,heap        ] GC(638) PSYoungGen: 7477K(14336K)->3580K(14336K) Eden: 7143K(7168K)->0K(7168K) From: 334K(7168K)->3580K(7168K)
[2026-06-17T09:57:08.045+0800][15.561s][info][gc,heap        ] GC(638) ParOldGen: 36536K(44032K)->36846K(44032K)
[2026-06-17T09:57:08.045+0800][15.561s][info][gc,metaspace   ] GC(638) Metaspace: 150K(384K)->150K(384K) NonClass: 145K(256K)->145K(256K) Class: 4K(128K)->4K(128K)
[2026-06-17T09:57:08.046+0800][15.562s][info][gc             ] GC(638) Pause Young (Allocation Failure) 42M->39M(57M) 3.470ms
[2026-06-17T09:57:08.046+0800][15.562s][info][gc,cpu         ] GC(638) User=0.01s Sys=0.00s Real=0.01s
[2026-06-17T09:57:08.068+0800][15.584s][info][gc,start       ] GC(639) Pause Young (Allocation Failure)
[2026-06-17T09:57:08.070+0800][15.586s][info][gc,heap        ] GC(639) PSYoungGen: 10702K(14336K)->2255K(14848K) Eden: 7121K(7168K)->0K(7680K) From: 3580K(7168K)->2255K(7168K)
[2026-06-17T09:57:08.071+0800][15.587s][info][gc,heap        ] GC(639) ParOldGen: 36846K(44032K)->38453K(44032K)
[2026-06-17T09:57:08.072+0800][15.588s][info][gc,metaspace   ] GC(639) Metaspace: 150K(384K)->150K(384K) NonClass: 145K(256K)->145K(256K) Class: 4K(128K)->4K(128K)
[2026-06-17T09:57:08.072+0800][15.588s][info][gc             ] GC(639) Pause Young (Allocation Failure) 46M->39M(57M) 3.666ms
[2026-06-17T09:57:08.073+0800][15.589s][info][gc,cpu         ] GC(639) User=0.00s Sys=0.00s Real=0.01s
[2026-06-17T09:57:08.095+0800][15.611s][info][gc,start       ] GC(640) Pause Young (Allocation Failure)
[2026-06-17T09:57:08.097+0800][15.613s][info][gc,heap        ] GC(640) PSYoungGen: 9912K(14848K)->285K(14336K) Eden: 7656K(7680K)->0K(7680K) From: 2255K(7168K)->285K(6656K)
[2026-06-17T09:57:08.098+0800][15.614s][info][gc,heap        ] GC(640) ParOldGen: 38453K(44032K)->40684K(44032K)
[2026-06-17T09:57:08.098+0800][15.614s][info][gc,metaspace   ] GC(640) Metaspace: 150K(384K)->150K(384K) NonClass: 145K(256K)->145K(256K) Class: 4K(128K)->4K(128K)
[2026-06-17T09:57:08.100+0800][15.616s][info][gc             ] GC(640) Pause Young (Allocation Failure) 47M->40M(57M) 4.713ms
[2026-06-17T09:57:08.100+0800][15.616s][info][gc,cpu         ] GC(640) User=0.00s Sys=0.00s Real=0.00s
[2026-06-17T09:57:08.112+0800][15.628s][info][gc,start       ] GC(641) Pause Full (Ergonomics)
[2026-06-17T09:57:08.113+0800][15.629s][info][gc,phases,start] GC(641) Marking Phase
[2026-06-17T09:57:08.116+0800][15.632s][info][gc,phases      ] GC(641) Marking Phase 2.956ms
[2026-06-17T09:57:08.116+0800][15.632s][info][gc,phases,start] GC(641) Summary Phase
[2026-06-17T09:57:08.117+0800][15.633s][info][gc,phases      ] GC(641) Summary Phase 0.574ms
[2026-06-17T09:57:08.117+0800][15.633s][info][gc,phases,start] GC(641) Adjust Roots
[2026-06-17T09:57:08.118+0800][15.634s][info][gc,phases      ] GC(641) Adjust Roots 0.830ms
[2026-06-17T09:57:08.119+0800][15.635s][info][gc,phases,start] GC(641) Compaction Phase
[2026-06-17T09:57:08.121+0800][15.637s][info][gc,phases      ] GC(641) Compaction Phase 2.240ms
[2026-06-17T09:57:08.121+0800][15.637s][info][gc,phases,start] GC(641) Post Compact
[2026-06-17T09:57:08.122+0800][15.638s][info][gc,phases      ] GC(641) Post Compact 0.367ms
[2026-06-17T09:57:08.122+0800][15.638s][info][gc,heap        ] GC(641) PSYoungGen: 7963K(14336K)->0K(14848K) Eden: 7678K(7680K)->0K(8192K) From: 285K(6656K)->0K(6656K)
[2026-06-17T09:57:08.122+0800][15.638s][info][gc,heap        ] GC(641) ParOldGen: 40684K(44032K)->26048K(44032K)
[2026-06-17T09:57:08.122+0800][15.638s][info][gc,metaspace   ] GC(641) Metaspace: 150K(384K)->150K(384K) NonClass: 145K(256K)->145K(256K) Class: 4K(128K)->4K(128K)
[2026-06-17T09:57:08.123+0800][15.639s][info][gc             ] GC(641) Pause Full (Ergonomics) 47M->25M(57M) 10.788ms
[2026-06-17T09:57:08.123+0800][15.639s][info][gc,cpu         ] GC(641) User=0.01s Sys=0.00s Real=0.01s
[2026-06-17T09:57:08.145+0800][15.661s][info][gc,start       ] GC(642) Pause Young (Allocation Failure)
[2026-06-17T09:57:08.148+0800][15.664s][info][gc,heap        ] GC(642) PSYoungGen: 8182K(14848K)->4625K(13312K) Eden: 8182K(8192K)->0K(8192K) From: 0K(6656K)->4625K(5120K)
[2026-06-17T09:57:08.151+0800][15.667s][info][gc,heap        ] GC(642) ParOldGen: 26048K(44032K)->26048K(44032K)
[2026-06-17T09:57:08.152+0800][15.668s][info][gc,metaspace   ] GC(642) Metaspace: 150K(384K)->150K(384K) NonClass: 145K(256K)->145K(256K) Class: 4K(128K)->4K(128K)
[2026-06-17T09:57:08.152+0800][15.668s][info][gc             ] GC(642) Pause Young (Allocation Failure) 33M->29M(56M) 7.206ms
[2026-06-17T09:57:08.153+0800][15.669s][info][gc,cpu         ] GC(642) User=0.01s Sys=0.00s Real=0.01s
[2026-06-17T09:57:08.175+0800][15.691s][info][gc,start       ] GC(643) Pause Young (Allocation Failure)
[2026-06-17T09:57:08.177+0800][15.693s][info][gc,heap        ] GC(643) PSYoungGen: 12799K(13312K)->4755K(14336K) Eden: 8173K(8192K)->0K(7168K) From: 4625K(5120K)->4755K(7168K)
[2026-06-17T09:57:08.178+0800][15.694s][info][gc,heap        ] GC(643) ParOldGen: 26048K(44032K)->27262K(44032K)
[2026-06-17T09:57:08.179+0800][15.695s][info][gc,metaspace   ] GC(643) Metaspace: 150K(384K)->150K(384K) NonClass: 145K(256K)->145K(256K) Class: 4K(128K)->4K(128K)
[2026-06-17T09:57:08.179+0800][15.695s][info][gc             ] GC(643) Pause Young (Allocation Failure) 37M->31M(57M) 4.491ms
[2026-06-17T09:57:08.180+0800][15.696s][info][gc,cpu         ] GC(643) User=0.00s Sys=0.00s Real=0.00s
[2026-06-17T09:57:08.201+0800][15.717s][info][gc,start       ] GC(644) Pause Young (Allocation Failure)
[2026-06-17T09:57:08.202+0800][15.718s][info][gc,heap        ] GC(644) PSYoungGen: 11886K(14336K)->3726K(14336K) Eden: 7131K(7168K)->0K(7168K) From: 4755K(7168K)->3726K(7168K)
[2026-06-17T09:57:08.203+0800][15.719s][info][gc,heap        ] GC(644) ParOldGen: 27262K(44032K)->28622K(44032K)
[2026-06-17T09:57:08.203+0800][15.719s][info][gc,metaspace   ] GC(644) Metaspace: 150K(384K)->150K(384K) NonClass: 145K(256K)->145K(256K) Class: 4K(128K)->4K(128K)
[2026-06-17T09:57:08.203+0800][15.719s][info][gc             ] GC(644) Pause Young (Allocation Failure) 38M->31M(57M) 2.019ms
[2026-06-17T09:57:08.204+0800][15.720s][info][gc,cpu         ] GC(644) User=0.00s Sys=0.00s Real=0.01s
[2026-06-17T09:57:08.225+0800][15.741s][info][gc,start       ] GC(645) Pause Young (Allocation Failure)
[2026-06-17T09:57:08.226+0800][15.742s][info][gc,heap        ] GC(645) PSYoungGen: 10890K(14336K)->690K(14336K) Eden: 7164K(7168K)->0K(7168K) From: 3726K(7168K)->690K(7168K)
[2026-06-17T09:57:08.226+0800][15.742s][info][gc,heap        ] GC(645) ParOldGen: 28622K(44032K)->32192K(44032K)
[2026-06-17T09:57:08.226+0800][15.742s][info][gc,metaspace   ] GC(645) Metaspace: 150K(384K)->150K(384K) NonClass: 145K(256K)->145K(256K) Class: 4K(128K)->4K(128K)
[2026-06-17T09:57:08.226+0800][15.742s][info][gc             ] GC(645) Pause Young (Allocation Failure) 38M->32M(57M) 1.396ms
[2026-06-17T09:57:08.226+0800][15.742s][info][gc,cpu         ] GC(645) User=0.00s Sys=0.00s Real=0.00s
[2026-06-17T09:57:08.237+0800][15.753s][info][gc,start       ] GC(646) Pause Young (Allocation Failure)
[2026-06-17T09:57:08.238+0800][15.754s][info][gc,heap        ] GC(646) PSYoungGen: 7835K(14336K)->4522K(14336K) Eden: 7145K(7168K)->0K(7168K) From: 690K(7168K)->4522K(7168K)
[2026-06-17T09:57:08.239+0800][15.755s][info][gc,heap        ] GC(646) ParOldGen: 32192K(44032K)->32192K(44032K)
[2026-06-17T09:57:08.239+0800][15.755s][info][gc,metaspace   ] GC(646) Metaspace: 150K(384K)->150K(384K) NonClass: 145K(256K)->145K(256K) Class: 4K(128K)->4K(128K)
[2026-06-17T09:57:08.239+0800][15.755s][info][gc             ] GC(646) Pause Young (Allocation Failure) 39M->35M(57M) 1.865ms
[2026-06-17T09:57:08.239+0800][15.755s][info][gc,cpu         ] GC(646) User=0.00s Sys=0.00s Real=0.00s
[2026-06-17T09:57:08.260+0800][15.776s][info][gc,start       ] GC(647) Pause Young (Allocation Failure)
[2026-06-17T09:57:08.261+0800][15.777s][info][gc,heap        ] GC(647) PSYoungGen: 11682K(14336K)->3064K(14336K) Eden: 7159K(7168K)->0K(7168K) From: 4522K(7168K)->3064K(7168K)
[2026-06-17T09:57:08.261+0800][15.777s][info][gc,heap        ] GC(647) ParOldGen: 32192K(44032K)->34011K(44032K)
[2026-06-17T09:57:08.262+0800][15.778s][info][gc,metaspace   ] GC(647) Metaspace: 150K(384K)->150K(384K) NonClass: 145K(256K)->145K(256K) Class: 4K(128K)->4K(128K)
[2026-06-17T09:57:08.262+0800][15.778s][info][gc             ] GC(647) Pause Young (Allocation Failure) 42M->36M(57M) 1.519ms
[2026-06-17T09:57:08.262+0800][15.778s][info][gc,cpu         ] GC(647) User=0.01s Sys=0.00s Real=0.00s
[2026-06-17T09:57:08.283+0800][15.799s][info][gc,start       ] GC(648) Pause Young (Allocation Failure)
[2026-06-17T09:57:08.284+0800][15.800s][info][gc,heap        ] GC(648) PSYoungGen: 10199K(14336K)->3444K(14336K) Eden: 7135K(7168K)->0K(7168K) From: 3064K(7168K)->3444K(7168K)
[2026-06-17T09:57:08.284+0800][15.800s][info][gc,heap        ] GC(648) ParOldGen: 34011K(44032K)->34011K(44032K)
[2026-06-17T09:57:08.284+0800][15.800s][info][gc,metaspace   ] GC(648) Metaspace: 150K(384K)->150K(384K) NonClass: 145K(256K)->145K(256K) Class: 4K(128K)->4K(128K)
[2026-06-17T09:57:08.285+0800][15.801s][info][gc             ] GC(648) Pause Young (Allocation Failure) 43M->36M(57M) 1.554ms
[2026-06-17T09:57:08.285+0800][15.801s][info][gc,cpu         ] GC(648) User=0.00s Sys=0.00s Real=0.00s
[2026-06-17T09:57:08.306+0800][15.822s][info][gc,start       ] GC(649) Pause Young (Allocation Failure)
[2026-06-17T09:57:08.307+0800][15.823s][info][gc,heap        ] GC(649) PSYoungGen: 10591K(14336K)->1988K(14848K) Eden: 7146K(7168K)->0K(7680K) From: 3444K(7168K)->1988K(7168K)
[2026-06-17T09:57:08.307+0800][15.823s][info][gc,heap        ] GC(649) ParOldGen: 34011K(44032K)->35833K(44032K)
[2026-06-17T09:57:08.307+0800][15.823s][info][gc,metaspace   ] GC(649) Metaspace: 150K(384K)->150K(384K) NonClass: 145K(256K)->145K(256K) Class: 4K(128K)->4K(128K)
[2026-06-17T09:57:08.307+0800][15.823s][info][gc             ] GC(649) Pause Young (Allocation Failure) 43M->36M(57M) 1.440ms
[2026-06-17T09:57:08.308+0800][15.824s][info][gc,cpu         ] GC(649) User=0.00s Sys=0.00s Real=0.00s
[2026-06-17T09:57:08.329+0800][15.845s][info][gc,start       ] GC(650) Pause Young (Allocation Failure)
[2026-06-17T09:57:08.330+0800][15.846s][info][gc,heap        ] GC(650) PSYoungGen: 9647K(14848K)->1498K(14336K) Eden: 7658K(7680K)->0K(7680K) From: 1988K(7168K)->1498K(6656K)
[2026-06-17T09:57:08.331+0800][15.847s][info][gc,heap        ] GC(650) ParOldGen: 35833K(44032K)->37257K(44032K)
[2026-06-17T09:57:08.331+0800][15.847s][info][gc,metaspace   ] GC(650) Metaspace: 150K(384K)->150K(384K) NonClass: 145K(256K)->145K(256K) Class: 4K(128K)->4K(128K)
[2026-06-17T09:57:08.331+0800][15.847s][info][gc             ] GC(650) Pause Young (Allocation Failure) 44M->37M(57M) 2.243ms
[2026-06-17T09:57:08.331+0800][15.847s][info][gc,cpu         ] GC(650) User=0.00s Sys=0.00s Real=0.01s
[2026-06-17T09:57:08.352+0800][15.868s][info][gc,start       ] GC(651) Pause Young (Allocation Failure)
[2026-06-17T09:57:08.353+0800][15.869s][info][gc,heap        ] GC(651) PSYoungGen: 9168K(14336K)->2355K(15360K) Eden: 7670K(7680K)->0K(8704K) From: 1498K(6656K)->2355K(6656K)
[2026-06-17T09:57:08.353+0800][15.869s][info][gc,heap        ] GC(651) ParOldGen: 37257K(44032K)->37257K(44032K)
[2026-06-17T09:57:08.353+0800][15.869s][info][gc,metaspace   ] GC(651) Metaspace: 150K(384K)->150K(384K) NonClass: 145K(256K)->145K(256K) Class: 4K(128K)->4K(128K)
[2026-06-17T09:57:08.353+0800][15.869s][info][gc             ] GC(651) Pause Young (Allocation Failure) 45M->38M(58M) 1.114ms
[2026-06-17T09:57:08.353+0800][15.869s][info][gc,cpu         ] GC(651) User=0.00s Sys=0.00s Real=0.00s
[2026-06-17T09:57:08.375+0800][15.891s][info][gc,start       ] GC(652) Pause Young (Allocation Failure)
[2026-06-17T09:57:08.376+0800][15.892s][info][gc,heap        ] GC(652) PSYoungGen: 11041K(15360K)->2344K(14848K) Eden: 8686K(8704K)->0K(8704K) From: 2355K(6656K)->2344K(6144K)
[2026-06-17T09:57:08.376+0800][15.892s][info][gc,heap        ] GC(652) ParOldGen: 37257K(44032K)->39216K(44032K)
[2026-06-17T09:57:08.376+0800][15.892s][info][gc,metaspace   ] GC(652) Metaspace: 150K(384K)->150K(384K) NonClass: 145K(256K)->145K(256K) Class: 4K(128K)->4K(128K)
[2026-06-17T09:57:08.376+0800][15.892s][info][gc             ] GC(652) Pause Young (Allocation Failure) 47M->40M(57M) 1.829ms
[2026-06-17T09:57:08.377+0800][15.893s][info][gc,cpu         ] GC(652) User=0.00s Sys=0.00s Real=0.00s
[2026-06-17T09:57:08.398+0800][15.914s][info][gc,start       ] GC(653) Pause Young (Allocation Failure)
[2026-06-17T09:57:08.399+0800][15.915s][info][gc,heap        ] GC(653) PSYoungGen: 11028K(14848K)->2470K(15872K) Eden: 8684K(8704K)->0K(9728K) From: 2344K(6144K)->2470K(6144K)
[2026-06-17T09:57:08.400+0800][15.916s][info][gc,heap        ] GC(653) ParOldGen: 39216K(44032K)->40806K(44032K)
[2026-06-17T09:57:08.400+0800][15.916s][info][gc,metaspace   ] GC(653) Metaspace: 150K(384K)->150K(384K) NonClass: 145K(256K)->145K(256K) Class: 4K(128K)->4K(128K)
[2026-06-17T09:57:08.400+0800][15.916s][info][gc             ] GC(653) Pause Young (Allocation Failure) 49M->42M(58M) 1.756ms
[2026-06-17T09:57:08.400+0800][15.916s][info][gc,cpu         ] GC(653) User=0.00s Sys=0.00s Real=0.00s
[2026-06-17T09:57:08.422+0800][15.938s][info][gc,start       ] GC(654) Pause Young (Allocation Failure)
[2026-06-17T09:57:08.423+0800][15.939s][info][gc,heap        ] GC(654) PSYoungGen: 12168K(15872K)->4405K(15360K) Eden: 9697K(9728K)->0K(9728K) From: 2470K(6144K)->4405K(5632K)
[2026-06-17T09:57:08.423+0800][15.939s][info][gc,heap        ] GC(654) ParOldGen: 40806K(44032K)->41712K(44032K)
[2026-06-17T09:57:08.424+0800][15.940s][info][gc,metaspace   ] GC(654) Metaspace: 150K(384K)->150K(384K) NonClass: 145K(256K)->145K(256K) Class: 4K(128K)->4K(128K)
[2026-06-17T09:57:08.424+0800][15.940s][info][gc             ] GC(654) Pause Young (Allocation Failure) 51M->45M(58M) 1.954ms
[2026-06-17T09:57:08.424+0800][15.940s][info][gc,cpu         ] GC(654) User=0.00s Sys=0.00s Real=0.01s
[2026-06-17T09:57:08.445+0800][15.962s][info][gc,start       ] GC(655) Pause Full (Ergonomics)
[2026-06-17T09:57:08.446+0800][15.962s][info][gc,phases,start] GC(655) Marking Phase
[2026-06-17T09:57:08.447+0800][15.963s][info][gc,phases      ] GC(655) Marking Phase 1.214ms
[2026-06-17T09:57:08.447+0800][15.963s][info][gc,phases,start] GC(655) Summary Phase
[2026-06-17T09:57:08.448+0800][15.964s][info][gc,phases      ] GC(655) Summary Phase 0.232ms
[2026-06-17T09:57:08.448+0800][15.964s][info][gc,phases,start] GC(655) Adjust Roots
[2026-06-17T09:57:08.448+0800][15.964s][info][gc,phases      ] GC(655) Adjust Roots 0.489ms
[2026-06-17T09:57:08.448+0800][15.964s][info][gc,phases,start] GC(655) Compaction Phase
[2026-06-17T09:57:08.451+0800][15.967s][info][gc,phases      ] GC(655) Compaction Phase 2.985ms
[2026-06-17T09:57:08.452+0800][15.968s][info][gc,phases,start] GC(655) Post Compact
[2026-06-17T09:57:08.452+0800][15.968s][info][gc,phases      ] GC(655) Post Compact 0.287ms
[2026-06-17T09:57:08.452+0800][15.968s][info][gc,heap        ] GC(655) PSYoungGen: 14103K(15360K)->0K(15360K) Eden: 9698K(9728K)->0K(9216K) From: 4405K(5632K)->0K(6144K)
[2026-06-17T09:57:08.452+0800][15.968s][info][gc,heap        ] GC(655) ParOldGen: 41712K(44032K)->29658K(44032K)
[2026-06-17T09:57:08.452+0800][15.968s][info][gc,metaspace   ] GC(655) Metaspace: 150K(384K)->150K(384K) NonClass: 145K(256K)->145K(256K) Class: 4K(128K)->4K(128K)
[2026-06-17T09:57:08.453+0800][15.969s][info][gc             ] GC(655) Pause Full (Ergonomics) 54M->28M(58M) 7.108ms
[2026-06-17T09:57:08.453+0800][15.969s][info][gc,cpu         ] GC(655) User=0.01s Sys=0.00s Real=0.01s
[2026-06-17T09:57:08.474+0800][15.990s][info][gc,start       ] GC(656) Pause Young (Allocation Failure)
[2026-06-17T09:57:08.475+0800][15.991s][info][gc,heap        ] GC(656) PSYoungGen: 8968K(15360K)->2178K(15360K) Eden: 8968K(9216K)->0K(9216K) From: 0K(6144K)->2178K(6144K)
[2026-06-17T09:57:08.475+0800][15.991s][info][gc,heap        ] GC(656) ParOldGen: 29658K(44032K)->29658K(44032K)
[2026-06-17T09:57:08.475+0800][15.991s][info][gc,metaspace   ] GC(656) Metaspace: 150K(384K)->150K(384K) NonClass: 145K(256K)->145K(256K) Class: 4K(128K)->4K(128K)
[2026-06-17T09:57:08.476+0800][15.992s][info][gc             ] GC(656) Pause Young (Allocation Failure) 37M->31M(58M) 1.657ms
[2026-06-17T09:57:08.476+0800][15.992s][info][gc,cpu         ] GC(656) User=0.00s Sys=0.00s Real=0.00s
[2026-06-17T09:57:08.507+0800][16.023s][info][gc,start       ] GC(657) Pause Young (Allocation Failure)
[2026-06-17T09:57:08.509+0800][16.025s][info][gc,heap        ] GC(657) PSYoungGen: 11361K(15360K)->2004K(15872K) Eden: 9182K(9216K)->0K(9728K) From: 2178K(6144K)->2004K(6144K)
[2026-06-17T09:57:08.509+0800][16.025s][info][gc,heap        ] GC(657) ParOldGen: 29658K(44032K)->31792K(44032K)
[2026-06-17T09:57:08.510+0800][16.026s][info][gc,metaspace   ] GC(657) Metaspace: 150K(384K)->150K(384K) NonClass: 145K(256K)->145K(256K) Class: 4K(128K)->4K(128K)
[2026-06-17T09:57:08.510+0800][16.026s][info][gc             ] GC(657) Pause Young (Allocation Failure) 40M->33M(58M) 2.538ms
[2026-06-17T09:57:08.510+0800][16.026s][info][gc,cpu         ] GC(657) User=0.00s Sys=0.00s Real=0.00s
[2026-06-17T09:57:08.532+0800][16.048s][info][gc,start       ] GC(658) Pause Young (Allocation Failure)
[2026-06-17T09:57:08.534+0800][16.050s][info][gc,heap        ] GC(658) PSYoungGen: 11728K(15872K)->4169K(15360K) Eden: 9724K(9728K)->0K(9728K) From: 2004K(6144K)->4169K(5632K)
[2026-06-17T09:57:08.535+0800][16.051s][info][gc,heap        ] GC(658) ParOldGen: 31792K(44032K)->32055K(44032K)
[2026-06-17T09:57:08.535+0800][16.051s][info][gc,metaspace   ] GC(658) Metaspace: 150K(384K)->150K(384K) NonClass: 145K(256K)->145K(256K) Class: 4K(128K)->4K(128K)
[2026-06-17T09:57:08.536+0800][16.052s][info][gc             ] GC(658) Pause Young (Allocation Failure) 42M->35M(58M) 3.748ms
[2026-06-17T09:57:08.536+0800][16.052s][info][gc,cpu         ] GC(658) User=0.01s Sys=0.00s Real=0.00s
[2026-06-17T09:57:08.559+0800][16.075s][info][gc,start       ] GC(659) Pause Young (Allocation Failure)
[2026-06-17T09:57:08.560+0800][16.076s][info][gc,heap        ] GC(659) PSYoungGen: 13857K(15360K)->4672K(14336K) Eden: 9687K(9728K)->0K(8192K) From: 4169K(5632K)->4672K(6144K)
[2026-06-17T09:57:08.560+0800][16.076s][info][gc,heap        ] GC(659) ParOldGen: 32055K(44032K)->34359K(44032K)
[2026-06-17T09:57:08.561+0800][16.077s][info][gc,metaspace   ] GC(659) Metaspace: 150K(384K)->150K(384K) NonClass: 145K(256K)->145K(256K) Class: 4K(128K)->4K(128K)
[2026-06-17T09:57:08.561+0800][16.077s][info][gc             ] GC(659) Pause Young (Allocation Failure) 44M->38M(57M) 2.797ms
[2026-06-17T09:57:08.562+0800][16.078s][info][gc,cpu         ] GC(659) User=0.00s Sys=0.00s Real=0.00s
[2026-06-17T09:57:08.583+0800][16.099s][info][gc,start       ] GC(660) Pause Young (Allocation Failure)
[2026-06-17T09:57:08.584+0800][16.100s][info][gc,heap        ] GC(660) PSYoungGen: 12633K(14336K)->453K(14848K) Eden: 7961K(8192K)->0K(8192K) From: 4672K(6144K)->453K(6656K)
[2026-06-17T09:57:08.584+0800][16.100s][info][gc,heap        ] GC(660) ParOldGen: 34359K(44032K)->35981K(44032K)
[2026-06-17T09:57:08.584+0800][16.100s][info][gc,metaspace   ] GC(660) Metaspace: 150K(384K)->150K(384K) NonClass: 145K(256K)->145K(256K) Class: 4K(128K)->4K(128K)
[2026-06-17T09:57:08.584+0800][16.100s][info][gc             ] GC(660) Pause Young (Allocation Failure) 45M->35M(57M) 1.178ms
[2026-06-17T09:57:08.584+0800][16.100s][info][gc,cpu         ] GC(660) User=0.00s Sys=0.00s Real=0.00s
[2026-06-17T09:57:08.606+0800][16.122s][info][gc,start       ] GC(661) Pause Young (Allocation Failure)
[2026-06-17T09:57:08.607+0800][16.123s][info][gc,heap        ] GC(661) PSYoungGen: 8592K(14848K)->4811K(13824K) Eden: 8139K(8192K)->0K(7168K) From: 453K(6656K)->4811K(6656K)
[2026-06-17T09:57:08.607+0800][16.123s][info][gc,heap        ] GC(661) ParOldGen: 35981K(44032K)->36410K(44032K)
[2026-06-17T09:57:08.607+0800][16.123s][info][gc,metaspace   ] GC(661) Metaspace: 150K(384K)->150K(384K) NonClass: 145K(256K)->145K(256K) Class: 4K(128K)->4K(128K)
[2026-06-17T09:57:08.607+0800][16.123s][info][gc             ] GC(661) Pause Young (Allocation Failure) 43M->40M(56M) 1.780ms
[2026-06-17T09:57:08.608+0800][16.124s][info][gc,cpu         ] GC(661) User=0.00s Sys=0.01s Real=0.00s
[2026-06-17T09:57:08.629+0800][16.145s][info][gc,start       ] GC(662) Pause Young (Allocation Failure)
[2026-06-17T09:57:08.630+0800][16.146s][info][gc,heap        ] GC(662) PSYoungGen: 11960K(13824K)->2702K(14336K) Eden: 7148K(7168K)->0K(7168K) From: 4811K(6656K)->2702K(7168K)
[2026-06-17T09:57:08.633+0800][16.149s][info][gc,heap        ] GC(662) ParOldGen: 36410K(44032K)->39017K(44032K)
[2026-06-17T09:57:08.635+0800][16.151s][info][gc,metaspace   ] GC(662) Metaspace: 150K(384K)->150K(384K) NonClass: 145K(256K)->145K(256K) Class: 4K(128K)->4K(128K)
[2026-06-17T09:57:08.637+0800][16.153s][info][gc             ] GC(662) Pause Young (Allocation Failure) 47M->40M(57M) 8.280ms
[2026-06-17T09:57:08.639+0800][16.155s][info][gc,cpu         ] GC(662) User=0.00s Sys=0.00s Real=0.01s
[2026-06-17T09:57:08.660+0800][16.176s][info][gc,start       ] GC(663) Pause Young (Allocation Failure)
[2026-06-17T09:57:08.661+0800][16.177s][info][gc,heap        ] GC(663) PSYoungGen: 9863K(14336K)->925K(14848K) Eden: 7160K(7168K)->0K(8192K) From: 2702K(7168K)->925K(6656K)
[2026-06-17T09:57:08.661+0800][16.177s][info][gc,heap        ] GC(663) ParOldGen: 39017K(44032K)->41038K(44032K)
[2026-06-17T09:57:08.661+0800][16.177s][info][gc,metaspace   ] GC(663) Metaspace: 150K(384K)->150K(384K) NonClass: 145K(256K)->145K(256K) Class: 4K(128K)->4K(128K)
[2026-06-17T09:57:08.661+0800][16.177s][info][gc             ] GC(663) Pause Young (Allocation Failure) 47M->40M(57M) 1.139ms
[2026-06-17T09:57:08.661+0800][16.177s][info][gc,cpu         ] GC(663) User=0.00s Sys=0.00s Real=0.00s
[2026-06-17T09:57:08.672+0800][16.188s][info][gc,start       ] GC(664) Pause Full (Ergonomics)
[2026-06-17T09:57:08.673+0800][16.189s][info][gc,phases,start] GC(664) Marking Phase
[2026-06-17T09:57:08.674+0800][16.190s][info][gc,phases      ] GC(664) Marking Phase 1.300ms
[2026-06-17T09:57:08.674+0800][16.190s][info][gc,phases,start] GC(664) Summary Phase
[2026-06-17T09:57:08.676+0800][16.192s][info][gc,phases      ] GC(664) Summary Phase 2.080ms
[2026-06-17T09:57:08.679+0800][16.195s][info][gc,phases,start] GC(664) Adjust Roots
[2026-06-17T09:57:08.680+0800][16.196s][info][gc,phases      ] GC(664) Adjust Roots 0.456ms
[2026-06-17T09:57:08.683+0800][16.199s][info][gc,phases,start] GC(664) Compaction Phase
[2026-06-17T09:57:08.686+0800][16.202s][info][gc,phases      ] GC(664) Compaction Phase 3.495ms
[2026-06-17T09:57:08.687+0800][16.203s][info][gc,phases,start] GC(664) Post Compact
[2026-06-17T09:57:08.687+0800][16.203s][info][gc,phases      ] GC(664) Post Compact 0.250ms
[2026-06-17T09:57:08.687+0800][16.203s][info][gc,heap        ] GC(664) PSYoungGen: 9103K(14848K)->0K(14848K) Eden: 8178K(8192K)->0K(8192K) From: 925K(6656K)->0K(6656K)
[2026-06-17T09:57:08.687+0800][16.203s][info][gc,heap        ] GC(664) ParOldGen: 41038K(44032K)->24996K(44032K)
[2026-06-17T09:57:08.687+0800][16.203s][info][gc,metaspace   ] GC(664) Metaspace: 150K(384K)->150K(384K) NonClass: 145K(256K)->145K(256K) Class: 4K(128K)->4K(128K)
[2026-06-17T09:57:08.687+0800][16.203s][info][gc             ] GC(664) Pause Full (Ergonomics) 48M->24M(57M) 15.406ms
[2026-06-17T09:57:08.687+0800][16.203s][info][gc,cpu         ] GC(664) User=0.00s Sys=0.00s Real=0.01s
[2026-06-17T09:57:08.709+0800][16.225s][info][gc,start       ] GC(665) Pause Young (Allocation Failure)
[2026-06-17T09:57:08.709+0800][16.225s][info][gc,heap        ] GC(665) PSYoungGen: 8007K(14848K)->1177K(14848K) Eden: 8007K(8192K)->0K(8192K) From: 0K(6656K)->1177K(6656K)
[2026-06-17T09:57:08.709+0800][16.225s][info][gc,heap        ] GC(665) ParOldGen: 24996K(44032K)->24996K(44032K)
[2026-06-17T09:57:08.709+0800][16.225s][info][gc,metaspace   ] GC(665) Metaspace: 150K(384K)->150K(384K) NonClass: 145K(256K)->145K(256K) Class: 4K(128K)->4K(128K)
[2026-06-17T09:57:08.710+0800][16.226s][info][gc             ] GC(665) Pause Young (Allocation Failure) 32M->25M(57M) 1.086ms
[2026-06-17T09:57:08.710+0800][16.226s][info][gc,cpu         ] GC(665) User=0.00s Sys=0.00s Real=0.00s
[2026-06-17T09:57:08.731+0800][16.247s][info][gc,start       ] GC(666) Pause Young (Allocation Failure)
[2026-06-17T09:57:08.732+0800][16.248s][info][gc,heap        ] GC(666) PSYoungGen: 9362K(14848K)->5748K(14336K) Eden: 8185K(8192K)->0K(8192K) From: 1177K(6656K)->5748K(6144K)
[2026-06-17T09:57:08.732+0800][16.248s][info][gc,heap        ] GC(666) ParOldGen: 24996K(44032K)->24996K(44032K)
[2026-06-17T09:57:08.732+0800][16.248s][info][gc,metaspace   ] GC(666) Metaspace: 150K(384K)->150K(384K) NonClass: 145K(256K)->145K(256K) Class: 4K(128K)->4K(128K)
[2026-06-17T09:57:08.732+0800][16.248s][info][gc             ] GC(666) Pause Young (Allocation Failure) 33M->30M(57M) 1.577ms
[2026-06-17T09:57:08.733+0800][16.249s][info][gc,cpu         ] GC(666) User=0.00s Sys=0.00s Real=0.00s
[2026-06-17T09:57:08.754+0800][16.270s][info][gc,start       ] GC(667) Pause Young (Allocation Failure)
[2026-06-17T09:57:08.755+0800][16.271s][info][gc,heap        ] GC(667) PSYoungGen: 13894K(14336K)->7133K(14336K) Eden: 8146K(8192K)->0K(7168K) From: 5748K(6144K)->7133K(7168K)
[2026-06-17T09:57:08.755+0800][16.271s][info][gc,heap        ] GC(667) ParOldGen: 24996K(44032K)->24996K(44032K)
[2026-06-17T09:57:08.755+0800][16.271s][info][gc,metaspace   ] GC(667) Metaspace: 150K(384K)->150K(384K) NonClass: 145K(256K)->145K(256K) Class: 4K(128K)->4K(128K)
[2026-06-17T09:57:08.755+0800][16.271s][info][gc             ] GC(667) Pause Young (Allocation Failure) 37M->31M(57M) 1.706ms
[2026-06-17T09:57:08.755+0800][16.271s][info][gc,cpu         ] GC(667) User=0.01s Sys=0.00s Real=0.00s
[2026-06-17T09:57:08.777+0800][16.293s][info][gc,start       ] GC(668) Pause Young (Allocation Failure)
[2026-06-17T09:57:08.778+0800][16.294s][info][gc,heap        ] GC(668) PSYoungGen: 14265K(14336K)->4912K(14336K) Eden: 7132K(7168K)->0K(7168K) From: 7133K(7168K)->4912K(7168K)
[2026-06-17T09:57:08.779+0800][16.295s][info][gc,heap        ] GC(668) ParOldGen: 24996K(44032K)->27320K(44032K)
[2026-06-17T09:57:08.779+0800][16.295s][info][gc,metaspace   ] GC(668) Metaspace: 150K(384K)->150K(384K) NonClass: 145K(256K)->145K(256K) Class: 4K(128K)->4K(128K)
[2026-06-17T09:57:08.779+0800][16.295s][info][gc             ] GC(668) Pause Young (Allocation Failure) 38M->31M(57M) 2.671ms
[2026-06-17T09:57:08.780+0800][16.296s][info][gc,cpu         ] GC(668) User=0.00s Sys=0.00s Real=0.00s
[2026-06-17T09:57:08.801+0800][16.317s][info][gc,start       ] GC(669) Pause Young (Allocation Failure)
[2026-06-17T09:57:08.803+0800][16.319s][info][gc,heap        ] GC(669) PSYoungGen: 12043K(14336K)->3639K(14336K) Eden: 7131K(7168K)->0K(7168K) From: 4912K(7168K)->3639K(7168K)
[2026-06-17T09:57:08.804+0800][16.320s][info][gc,heap        ] GC(669) ParOldGen: 27320K(44032K)->29095K(44032K)
[2026-06-17T09:57:08.804+0800][16.320s][info][gc,metaspace   ] GC(669) Metaspace: 150K(384K)->150K(384K) NonClass: 145K(256K)->145K(256K) Class: 4K(128K)->4K(128K)
[2026-06-17T09:57:08.805+0800][16.321s][info][gc             ] GC(669) Pause Young (Allocation Failure) 38M->31M(57M) 3.281ms
[2026-06-17T09:57:08.805+0800][16.321s][info][gc,cpu         ] GC(669) User=0.00s Sys=0.00s Real=0.01s
[2026-06-17T09:57:08.817+0800][16.333s][info][gc,start       ] GC(670) Pause Young (Allocation Failure)
[2026-06-17T09:57:08.819+0800][16.335s][info][gc,heap        ] GC(670) PSYoungGen: 10753K(14336K)->1791K(14336K) Eden: 7113K(7168K)->0K(7168K) From: 3639K(7168K)->1791K(7168K)
[2026-06-17T09:57:08.820+0800][16.336s][info][gc,heap        ] GC(670) ParOldGen: 29095K(44032K)->30986K(44032K)
[2026-06-17T09:57:08.820+0800][16.336s][info][gc,metaspace   ] GC(670) Metaspace: 150K(384K)->150K(384K) NonClass: 145K(256K)->145K(256K) Class: 4K(128K)->4K(128K)
[2026-06-17T09:57:08.821+0800][16.337s][info][gc             ] GC(670) Pause Young (Allocation Failure) 38M->32M(57M) 3.992ms
[2026-06-17T09:57:08.821+0800][16.337s][info][gc,cpu         ] GC(670) User=0.01s Sys=0.00s Real=0.00s
[2026-06-17T09:57:08.843+0800][16.359s][info][gc,start       ] GC(671) Pause Young (Allocation Failure)
[2026-06-17T09:57:08.845+0800][16.361s][info][gc,heap        ] GC(671) PSYoungGen: 8956K(14336K)->3708K(14336K) Eden: 7165K(7168K)->0K(7168K) From: 1791K(7168K)->3708K(7168K)
[2026-06-17T09:57:08.845+0800][16.361s][info][gc,heap        ] GC(671) ParOldGen: 30986K(44032K)->32753K(44032K)
[2026-06-17T09:57:08.846+0800][16.362s][info][gc,metaspace   ] GC(671) Metaspace: 150K(384K)->150K(384K) NonClass: 145K(256K)->145K(256K) Class: 4K(128K)->4K(128K)
[2026-06-17T09:57:08.846+0800][16.362s][info][gc             ] GC(671) Pause Young (Allocation Failure) 39M->35M(57M) 3.384ms
[2026-06-17T09:57:08.846+0800][16.362s][info][gc,cpu         ] GC(671) User=0.00s Sys=0.00s Real=0.00s
[2026-06-17T09:57:08.868+0800][16.384s][info][gc,start       ] GC(672) Pause Young (Allocation Failure)
[2026-06-17T09:57:08.870+0800][16.386s][info][gc,heap        ] GC(672) PSYoungGen: 10844K(14336K)->2773K(14336K) Eden: 7136K(7168K)->0K(7168K) From: 3708K(7168K)->2773K(7168K)
[2026-06-17T09:57:08.871+0800][16.387s][info][gc,heap        ] GC(672) ParOldGen: 32753K(44032K)->33973K(44032K)
[2026-06-17T09:57:08.871+0800][16.387s][info][gc,metaspace   ] GC(672) Metaspace: 150K(384K)->150K(384K) NonClass: 145K(256K)->145K(256K) Class: 4K(128K)->4K(128K)
[2026-06-17T09:57:08.872+0800][16.388s][info][gc             ] GC(672) Pause Young (Allocation Failure) 42M->35M(57M) 3.351ms
[2026-06-17T09:57:08.872+0800][16.388s][info][gc,cpu         ] GC(672) User=0.00s Sys=0.00s Real=0.01s
[2026-06-17T09:57:08.894+0800][16.410s][info][gc,start       ] GC(673) Pause Young (Allocation Failure)
[2026-06-17T09:57:08.895+0800][16.411s][info][gc,heap        ] GC(673) PSYoungGen: 9941K(14336K)->786K(14336K) Eden: 7168K(7168K)->0K(7168K) From: 2773K(7168K)->786K(7168K)
[2026-06-17T09:57:08.896+0800][16.412s][info][gc,heap        ] GC(673) ParOldGen: 33973K(44032K)->36251K(44032K)
[2026-06-17T09:57:08.896+0800][16.412s][info][gc,metaspace   ] GC(673) Metaspace: 150K(384K)->150K(384K) NonClass: 145K(256K)->145K(256K) Class: 4K(128K)->4K(128K)
[2026-06-17T09:57:08.897+0800][16.413s][info][gc             ] GC(673) Pause Young (Allocation Failure) 42M->36M(57M) 2.436ms
[2026-06-17T09:57:08.897+0800][16.413s][info][gc,cpu         ] GC(673) User=0.00s Sys=0.00s Real=0.00s
[2026-06-17T09:57:08.908+0800][16.424s][info][gc,start       ] GC(674) Pause Young (Allocation Failure)
[2026-06-17T09:57:08.909+0800][16.425s][info][gc,heap        ] GC(674) PSYoungGen: 7898K(14336K)->4405K(14336K) Eden: 7111K(7168K)->0K(7168K) From: 786K(7168K)->4405K(7168K)
[2026-06-17T09:57:08.910+0800][16.426s][info][gc,heap        ] GC(674) ParOldGen: 36251K(44032K)->36251K(44032K)
[2026-06-17T09:57:08.910+0800][16.426s][info][gc,metaspace   ] GC(674) Metaspace: 150K(384K)->150K(384K) NonClass: 145K(256K)->145K(256K) Class: 4K(128K)->4K(128K)
[2026-06-17T09:57:08.910+0800][16.426s][info][gc             ] GC(674) Pause Young (Allocation Failure) 43M->39M(57M) 2.346ms
[2026-06-17T09:57:08.911+0800][16.427s][info][gc,cpu         ] GC(674) User=0.00s Sys=0.00s Real=0.01s
[2026-06-17T09:57:08.932+0800][16.448s][info][gc,start       ] GC(675) Pause Young (Allocation Failure)
[2026-06-17T09:57:08.934+0800][16.450s][info][gc,heap        ] GC(675) PSYoungGen: 11573K(14336K)->2802K(14336K) Eden: 7168K(7168K)->0K(7168K) From: 4405K(7168K)->2802K(7168K)
[2026-06-17T09:57:08.936+0800][16.452s][info][gc,heap        ] GC(675) ParOldGen: 36251K(44032K)->38074K(44032K)
[2026-06-17T09:57:08.938+0800][16.454s][info][gc,metaspace   ] GC(675) Metaspace: 150K(384K)->150K(384K) NonClass: 145K(256K)->145K(256K) Class: 4K(128K)->4K(128K)
[2026-06-17T09:57:08.938+0800][16.454s][info][gc             ] GC(675) Pause Young (Allocation Failure) 46M->39M(57M) 5.952ms
[2026-06-17T09:57:08.938+0800][16.454s][info][gc,cpu         ] GC(675) User=0.00s Sys=0.00s Real=0.00s
[2026-06-17T09:57:08.960+0800][16.476s][info][gc,start       ] GC(676) Pause Young (Allocation Failure)
[2026-06-17T09:57:08.961+0800][16.477s][info][gc,heap        ] GC(676) PSYoungGen: 9944K(14336K)->3283K(14336K) Eden: 7141K(7168K)->0K(7168K) From: 2802K(7168K)->3283K(7168K)
[2026-06-17T09:57:08.961+0800][16.477s][info][gc,heap        ] GC(676) ParOldGen: 38074K(44032K)->38074K(44032K)
[2026-06-17T09:57:08.961+0800][16.477s][info][gc,metaspace   ] GC(676) Metaspace: 150K(384K)->150K(384K) NonClass: 145K(256K)->145K(256K) Class: 4K(128K)->4K(128K)
[2026-06-17T09:57:08.961+0800][16.477s][info][gc             ] GC(676) Pause Young (Allocation Failure) 46M->40M(57M) 1.722ms
[2026-06-17T09:57:08.962+0800][16.478s][info][gc,cpu         ] GC(676) User=0.00s Sys=0.00s Real=0.00s
[2026-06-17T09:57:08.972+0800][16.488s][info][gc,start       ] GC(677) Pause Young (Allocation Failure)
[2026-06-17T09:57:08.973+0800][16.489s][info][gc,heap        ] GC(677) PSYoungGen: 10450K(14336K)->1292K(14848K) Eden: 7166K(7168K)->0K(8192K) From: 3283K(7168K)->1292K(6656K)
[2026-06-17T09:57:08.973+0800][16.489s][info][gc,heap        ] GC(677) ParOldGen: 38074K(44032K)->40175K(44032K)
[2026-06-17T09:57:08.974+0800][16.490s][info][gc,metaspace   ] GC(677) Metaspace: 150K(384K)->150K(384K) NonClass: 145K(256K)->145K(256K) Class: 4K(128K)->4K(128K)
[2026-06-17T09:57:08.974+0800][16.490s][info][gc             ] GC(677) Pause Young (Allocation Failure) 47M->40M(57M) 1.207ms
[2026-06-17T09:57:08.974+0800][16.490s][info][gc,cpu         ] GC(677) User=0.00s Sys=0.00s Real=0.00s
[2026-06-17T09:57:09.005+0800][16.521s][info][gc,start       ] GC(678) Pause Young (Allocation Failure)
[2026-06-17T09:57:09.006+0800][16.522s][info][gc,heap        ] GC(678) PSYoungGen: 9484K(14848K)->1163K(14848K) Eden: 8192K(8192K)->0K(8192K) From: 1292K(6656K)->1163K(6656K)
[2026-06-17T09:57:09.007+0800][16.523s][info][gc,heap        ] GC(678) ParOldGen: 40175K(44032K)->41443K(44032K)
[2026-06-17T09:57:09.007+0800][16.523s][info][gc,metaspace   ] GC(678) Metaspace: 150K(384K)->150K(384K) NonClass: 145K(256K)->145K(256K) Class: 4K(128K)->4K(128K)
[2026-06-17T09:57:09.007+0800][16.523s][info][gc             ] GC(678) Pause Young (Allocation Failure) 48M->41M(57M) 1.975ms
[2026-06-17T09:57:09.007+0800][16.523s][info][gc,cpu         ] GC(678) User=0.00s Sys=0.00s Real=0.00s
[2026-06-17T09:57:09.019+0800][16.535s][info][gc,start       ] GC(679) Pause Full (Ergonomics)
[2026-06-17T09:57:09.019+0800][16.535s][info][gc,phases,start] GC(679) Marking Phase
[2026-06-17T09:57:09.020+0800][16.536s][info][gc,phases      ] GC(679) Marking Phase 0.971ms
[2026-06-17T09:57:09.020+0800][16.536s][info][gc,phases,start] GC(679) Summary Phase
[2026-06-17T09:57:09.020+0800][16.536s][info][gc,phases      ] GC(679) Summary Phase 0.185ms
[2026-06-17T09:57:09.021+0800][16.537s][info][gc,phases,start] GC(679) Adjust Roots
[2026-06-17T09:57:09.021+0800][16.537s][info][gc,phases      ] GC(679) Adjust Roots 0.344ms
[2026-06-17T09:57:09.021+0800][16.537s][info][gc,phases,start] GC(679) Compaction Phase
[2026-06-17T09:57:09.023+0800][16.539s][info][gc,phases      ] GC(679) Compaction Phase 1.857ms
[2026-06-17T09:57:09.025+0800][16.541s][info][gc,phases,start] GC(679) Post Compact
[2026-06-17T09:57:09.025+0800][16.541s][info][gc,phases      ] GC(679) Post Compact 0.320ms
[2026-06-17T09:57:09.025+0800][16.541s][info][gc,heap        ] GC(679) PSYoungGen: 9353K(14848K)->0K(14848K) Eden: 8189K(8192K)->0K(8192K) From: 1163K(6656K)->0K(6656K)
[2026-06-17T09:57:09.025+0800][16.541s][info][gc,heap        ] GC(679) ParOldGen: 41443K(44032K)->33756K(44032K)
[2026-06-17T09:57:09.025+0800][16.541s][info][gc,metaspace   ] GC(679) Metaspace: 150K(384K)->150K(384K) NonClass: 145K(256K)->145K(256K) Class: 4K(128K)->4K(128K)
[2026-06-17T09:57:09.025+0800][16.541s][info][gc             ] GC(679) Pause Full (Ergonomics) 49M->32M(57M) 6.616ms
[2026-06-17T09:57:09.025+0800][16.541s][info][gc,cpu         ] GC(679) User=0.01s Sys=0.00s Real=0.01s
[2026-06-17T09:57:09.047+0800][16.563s][info][gc,start       ] GC(680) Pause Young (Allocation Failure)
[2026-06-17T09:57:09.048+0800][16.564s][info][gc,heap        ] GC(680) PSYoungGen: 8173K(14848K)->4723K(13312K) Eden: 8173K(8192K)->0K(8192K) From: 0K(6656K)->4723K(5120K)
[2026-06-17T09:57:09.049+0800][16.565s][info][gc,heap        ] GC(680) ParOldGen: 33756K(44032K)->33756K(44032K)
[2026-06-17T09:57:09.049+0800][16.565s][info][gc,metaspace   ] GC(680) Metaspace: 150K(384K)->150K(384K) NonClass: 145K(256K)->145K(256K) Class: 4K(128K)->4K(128K)
[2026-06-17T09:57:09.049+0800][16.565s][info][gc             ] GC(680) Pause Young (Allocation Failure) 40M->37M(56M) 2.214ms
[2026-06-17T09:57:09.049+0800][16.565s][info][gc,cpu         ] GC(680) User=0.00s Sys=0.00s Real=0.00s
[2026-06-17T09:57:09.071+0800][16.587s][info][gc,start       ] GC(681) Pause Young (Allocation Failure)
[2026-06-17T09:57:09.073+0800][16.589s][info][gc,heap        ] GC(681) PSYoungGen: 12913K(13312K)->4888K(14336K) Eden: 8189K(8192K)->0K(7168K) From: 4723K(5120K)->4888K(7168K)
[2026-06-17T09:57:09.073+0800][16.589s][info][gc,heap        ] GC(681) ParOldGen: 33756K(44032K)->35338K(44032K)
[2026-06-17T09:57:09.074+0800][16.590s][info][gc,metaspace   ] GC(681) Metaspace: 150K(384K)->150K(384K) NonClass: 145K(256K)->145K(256K) Class: 4K(128K)->4K(128K)
[2026-06-17T09:57:09.074+0800][16.590s][info][gc             ] GC(681) Pause Young (Allocation Failure) 45M->39M(57M) 3.734ms
[2026-06-17T09:57:09.075+0800][16.591s][info][gc,cpu         ] GC(681) User=0.00s Sys=0.00s Real=0.00s
[2026-06-17T09:57:09.098+0800][16.614s][info][gc,start       ] GC(682) Pause Young (Allocation Failure)
[2026-06-17T09:57:09.100+0800][16.616s][info][gc,heap        ] GC(682) PSYoungGen: 12008K(14336K)->3288K(14336K) Eden: 7120K(7168K)->0K(7168K) From: 4888K(7168K)->3288K(7168K)
[2026-06-17T09:57:09.100+0800][16.617s][info][gc,heap        ] GC(682) ParOldGen: 35338K(44032K)->37276K(44032K)
[2026-06-17T09:57:09.101+0800][16.617s][info][gc,metaspace   ] GC(682) Metaspace: 150K(384K)->150K(384K) NonClass: 145K(256K)->145K(256K) Class: 4K(128K)->4K(128K)
[2026-06-17T09:57:09.102+0800][16.618s][info][gc             ] GC(682) Pause Young (Allocation Failure) 46M->39M(57M) 4.061ms
[2026-06-17T09:57:09.103+0800][16.619s][info][gc,cpu         ] GC(682) User=0.00s Sys=0.00s Real=0.01s
[2026-06-17T09:57:09.125+0800][16.641s][info][gc,start       ] GC(683) Pause Young (Allocation Failure)
[2026-06-17T09:57:09.127+0800][16.643s][info][gc,heap        ] GC(683) PSYoungGen: 10410K(14336K)->1116K(14336K) Eden: 7121K(7168K)->0K(7168K) From: 3288K(7168K)->1116K(7168K)
[2026-06-17T09:57:09.128+0800][16.644s][info][gc,heap        ] GC(683) ParOldGen: 37276K(44032K)->39686K(44032K)
[2026-06-17T09:57:09.128+0800][16.644s][info][gc,metaspace   ] GC(683) Metaspace: 150K(384K)->150K(384K) NonClass: 145K(256K)->145K(256K) Class: 4K(128K)->4K(128K)
[2026-06-17T09:57:09.129+0800][16.645s][info][gc             ] GC(683) Pause Young (Allocation Failure) 46M->39M(57M) 3.793ms
[2026-06-17T09:57:09.130+0800][16.646s][info][gc,cpu         ] GC(683) User=0.00s Sys=0.00s Real=0.00s
[2026-06-17T09:57:09.142+0800][16.658s][info][gc,start       ] GC(684) Pause Young (Allocation Failure)
[2026-06-17T09:57:09.144+0800][16.660s][info][gc,heap        ] GC(684) PSYoungGen: 8232K(14336K)->4743K(14336K) Eden: 7115K(7168K)->0K(7168K) From: 1116K(7168K)->4743K(7168K)
[2026-06-17T09:57:09.145+0800][16.661s][info][gc,heap        ] GC(684) ParOldGen: 39686K(44032K)->39686K(44032K)
[2026-06-17T09:57:09.146+0800][16.662s][info][gc,metaspace   ] GC(684) Metaspace: 150K(384K)->150K(384K) NonClass: 145K(256K)->145K(256K) Class: 4K(128K)->4K(128K)
[2026-06-17T09:57:09.147+0800][16.663s][info][gc             ] GC(684) Pause Young (Allocation Failure) 46M->43M(57M) 4.921ms
[2026-06-17T09:57:09.147+0800][16.663s][info][gc,cpu         ] GC(684) User=0.01s Sys=0.00s Real=0.01s
[2026-06-17T09:57:09.169+0800][16.685s][info][gc,start       ] GC(685) Pause Young (Allocation Failure)
[2026-06-17T09:57:09.171+0800][16.687s][info][gc,heap        ] GC(685) PSYoungGen: 11870K(14336K)->238K(14336K) Eden: 7126K(7168K)->0K(7168K) From: 4743K(7168K)->238K(7168K)
[2026-06-17T09:57:09.171+0800][16.687s][info][gc,heap        ] GC(685) ParOldGen: 39686K(44032K)->41401K(44032K)
[2026-06-17T09:57:09.172+0800][16.688s][info][gc,metaspace   ] GC(685) Metaspace: 150K(384K)->150K(384K) NonClass: 145K(256K)->145K(256K) Class: 4K(128K)->4K(128K)
[2026-06-17T09:57:09.172+0800][16.688s][info][gc             ] GC(685) Pause Young (Allocation Failure) 50M->40M(57M) 2.967ms
[2026-06-17T09:57:09.172+0800][16.688s][info][gc,cpu         ] GC(685) User=0.00s Sys=0.00s Real=0.01s
[2026-06-17T09:57:09.193+0800][16.709s][info][gc,start       ] GC(686) Pause Full (Ergonomics)
[2026-06-17T09:57:09.194+0800][16.710s][info][gc,phases,start] GC(686) Marking Phase
[2026-06-17T09:57:09.198+0800][16.714s][info][gc,phases      ] GC(686) Marking Phase 3.839ms
[2026-06-17T09:57:09.199+0800][16.715s][info][gc,phases,start] GC(686) Summary Phase
[2026-06-17T09:57:09.199+0800][16.715s][info][gc,phases      ] GC(686) Summary Phase 0.688ms
[2026-06-17T09:57:09.200+0800][16.716s][info][gc,phases,start] GC(686) Adjust Roots
[2026-06-17T09:57:09.201+0800][16.717s][info][gc,phases      ] GC(686) Adjust Roots 0.754ms
[2026-06-17T09:57:09.202+0800][16.718s][info][gc,phases,start] GC(686) Compaction Phase
[2026-06-17T09:57:09.204+0800][16.720s][info][gc,phases      ] GC(686) Compaction Phase 2.513ms
[2026-06-17T09:57:09.205+0800][16.721s][info][gc,phases,start] GC(686) Post Compact
[2026-06-17T09:57:09.205+0800][16.721s][info][gc,phases      ] GC(686) Post Compact 0.647ms
[2026-06-17T09:57:09.206+0800][16.722s][info][gc,heap        ] GC(686) PSYoungGen: 7398K(14336K)->0K(14336K) Eden: 7160K(7168K)->0K(7168K) From: 238K(7168K)->0K(7168K)
[2026-06-17T09:57:09.207+0800][16.723s][info][gc,heap        ] GC(686) ParOldGen: 41401K(44032K)->32257K(44032K)
[2026-06-17T09:57:09.207+0800][16.723s][info][gc,metaspace   ] GC(686) Metaspace: 150K(384K)->150K(384K) NonClass: 145K(256K)->145K(256K) Class: 4K(128K)->4K(128K)
[2026-06-17T09:57:09.207+0800][16.723s][info][gc             ] GC(686) Pause Full (Ergonomics) 47M->31M(57M) 13.787ms
[2026-06-17T09:57:09.208+0800][16.724s][info][gc,cpu         ] GC(686) User=0.01s Sys=0.00s Real=0.01s
[2026-06-17T09:57:09.219+0800][16.735s][info][gc,start       ] GC(687) Pause Young (Allocation Failure)
[2026-06-17T09:57:09.220+0800][16.736s][info][gc,heap        ] GC(687) PSYoungGen: 6933K(14336K)->3513K(14336K) Eden: 6933K(7168K)->0K(7168K) From: 0K(7168K)->3513K(7168K)
[2026-06-17T09:57:09.220+0800][16.736s][info][gc,heap        ] GC(687) ParOldGen: 32257K(44032K)->32257K(44032K)
[2026-06-17T09:57:09.221+0800][16.737s][info][gc,metaspace   ] GC(687) Metaspace: 150K(384K)->150K(384K) NonClass: 145K(256K)->145K(256K) Class: 4K(128K)->4K(128K)
[2026-06-17T09:57:09.221+0800][16.737s][info][gc             ] GC(687) Pause Young (Allocation Failure) 38M->34M(57M) 1.875ms
[2026-06-17T09:57:09.221+0800][16.737s][info][gc,cpu         ] GC(687) User=0.00s Sys=0.00s Real=0.00s
[2026-06-17T09:57:09.243+0800][16.759s][info][gc,start       ] GC(688) Pause Young (Allocation Failure)
[2026-06-17T09:57:09.245+0800][16.761s][info][gc,heap        ] GC(688) PSYoungGen: 10681K(14336K)->6893K(14336K) Eden: 7168K(7168K)->0K(7168K) From: 3513K(7168K)->6893K(7168K)
[2026-06-17T09:57:09.245+0800][16.761s][info][gc,heap        ] GC(688) ParOldGen: 32257K(44032K)->32588K(44032K)
[2026-06-17T09:57:09.246+0800][16.762s][info][gc,metaspace   ] GC(688) Metaspace: 150K(384K)->150K(384K) NonClass: 145K(256K)->145K(256K) Class: 4K(128K)->4K(128K)
[2026-06-17T09:57:09.246+0800][16.762s][info][gc             ] GC(688) Pause Young (Allocation Failure) 41M->38M(57M) 3.146ms
[2026-06-17T09:57:09.246+0800][16.762s][info][gc,cpu         ] GC(688) User=0.00s Sys=0.00s Real=0.00s
[2026-06-17T09:57:09.268+0800][16.784s][info][gc,start       ] GC(689) Pause Young (Allocation Failure)
[2026-06-17T09:57:09.270+0800][16.786s][info][gc,heap        ] GC(689) PSYoungGen: 14050K(14336K)->3699K(14336K) Eden: 7156K(7168K)->0K(7168K) From: 6893K(7168K)->3699K(7168K)
[2026-06-17T09:57:09.270+0800][16.786s][info][gc,heap        ] GC(689) ParOldGen: 32588K(44032K)->36287K(44032K)
[2026-06-17T09:57:09.271+0800][16.787s][info][gc,metaspace   ] GC(689) Metaspace: 150K(384K)->150K(384K) NonClass: 145K(256K)->145K(256K) Class: 4K(128K)->4K(128K)
[2026-06-17T09:57:09.271+0800][16.787s][info][gc             ] GC(689) Pause Young (Allocation Failure) 45M->39M(57M) 3.081ms
[2026-06-17T09:57:09.272+0800][16.788s][info][gc,cpu         ] GC(689) User=0.00s Sys=0.00s Real=0.01s
[2026-06-17T09:57:09.294+0800][16.810s][info][gc,start       ] GC(690) Pause Young (Allocation Failure)
[2026-06-17T09:57:09.295+0800][16.811s][info][gc,heap        ] GC(690) PSYoungGen: 10858K(14336K)->909K(14336K) Eden: 7159K(7168K)->0K(7168K) From: 3699K(7168K)->909K(7168K)
[2026-06-17T09:57:09.295+0800][16.811s][info][gc,heap        ] GC(690) ParOldGen: 36287K(44032K)->39253K(44032K)
[2026-06-17T09:57:09.296+0800][16.812s][info][gc,metaspace   ] GC(690) Metaspace: 150K(384K)->150K(384K) NonClass: 145K(256K)->145K(256K) Class: 4K(128K)->4K(128K)
[2026-06-17T09:57:09.296+0800][16.812s][info][gc             ] GC(690) Pause Young (Allocation Failure) 46M->39M(57M) 2.878ms
[2026-06-17T09:57:09.297+0800][16.813s][info][gc,cpu         ] GC(690) User=0.01s Sys=0.00s Real=0.00s
[2026-06-17T09:57:09.309+0800][16.825s][info][gc,start       ] GC(691) Pause Young (Allocation Failure)
[2026-06-17T09:57:09.310+0800][16.826s][info][gc,heap        ] GC(691) PSYoungGen: 8055K(14336K)->4713K(14336K) Eden: 7145K(7168K)->0K(7168K) From: 909K(7168K)->4713K(7168K)
[2026-06-17T09:57:09.310+0800][16.826s][info][gc,heap        ] GC(691) ParOldGen: 39253K(44032K)->39253K(44032K)
[2026-06-17T09:57:09.311+0800][16.827s][info][gc,metaspace   ] GC(691) Metaspace: 150K(384K)->150K(384K) NonClass: 145K(256K)->145K(256K) Class: 4K(128K)->4K(128K)
[2026-06-17T09:57:09.311+0800][16.827s][info][gc             ] GC(691) Pause Young (Allocation Failure) 46M->42M(57M) 2.700ms
[2026-06-17T09:57:09.312+0800][16.828s][info][gc,cpu         ] GC(691) User=0.00s Sys=0.00s Real=0.01s
[2026-06-17T09:57:09.333+0800][16.849s][info][gc,start       ] GC(692) Pause Young (Allocation Failure)
[2026-06-17T09:57:09.334+0800][16.850s][info][gc,heap        ] GC(692) PSYoungGen: 11864K(14336K)->2912K(14336K) Eden: 7151K(7168K)->0K(7168K) From: 4713K(7168K)->2912K(7168K)
[2026-06-17T09:57:09.335+0800][16.851s][info][gc,heap        ] GC(692) ParOldGen: 39253K(44032K)->41265K(44032K)
[2026-06-17T09:57:09.335+0800][16.851s][info][gc,metaspace   ] GC(692) Metaspace: 150K(384K)->150K(384K) NonClass: 145K(256K)->145K(256K) Class: 4K(128K)->4K(128K)
[2026-06-17T09:57:09.335+0800][16.851s][info][gc             ] GC(692) Pause Young (Allocation Failure) 49M->43M(57M) 2.184ms
[2026-06-17T09:57:09.336+0800][16.852s][info][gc,cpu         ] GC(692) User=0.00s Sys=0.00s Real=0.00s
[2026-06-17T09:57:09.357+0800][16.873s][info][gc,start       ] GC(693) Pause Full (Ergonomics)
[2026-06-17T09:57:09.358+0800][16.874s][info][gc,phases,start] GC(693) Marking Phase
[2026-06-17T09:57:09.359+0800][16.875s][info][gc,phases      ] GC(693) Marking Phase 1.483ms
[2026-06-17T09:57:09.360+0800][16.876s][info][gc,phases,start] GC(693) Summary Phase
[2026-06-17T09:57:09.360+0800][16.876s][info][gc,phases      ] GC(693) Summary Phase 0.316ms
[2026-06-17T09:57:09.360+0800][16.876s][info][gc,phases,start] GC(693) Adjust Roots
[2026-06-17T09:57:09.361+0800][16.877s][info][gc,phases      ] GC(693) Adjust Roots 0.493ms
[2026-06-17T09:57:09.361+0800][16.877s][info][gc,phases,start] GC(693) Compaction Phase
[2026-06-17T09:57:09.364+0800][16.880s][info][gc,phases      ] GC(693) Compaction Phase 2.627ms
[2026-06-17T09:57:09.364+0800][16.880s][info][gc,phases,start] GC(693) Post Compact
[2026-06-17T09:57:09.364+0800][16.880s][info][gc,phases      ] GC(693) Post Compact 0.434ms
[2026-06-17T09:57:09.365+0800][16.881s][info][gc,heap        ] GC(693) PSYoungGen: 10039K(14336K)->0K(14336K) Eden: 7126K(7168K)->0K(7168K) From: 2912K(7168K)->0K(7168K)
[2026-06-17T09:57:09.365+0800][16.881s][info][gc,heap        ] GC(693) ParOldGen: 41265K(44032K)->24635K(44032K)
[2026-06-17T09:57:09.366+0800][16.882s][info][gc,metaspace   ] GC(693) Metaspace: 150K(384K)->150K(384K) NonClass: 145K(256K)->145K(256K) Class: 4K(128K)->4K(128K)
[2026-06-17T09:57:09.366+0800][16.882s][info][gc             ] GC(693) Pause Full (Ergonomics) 50M->24M(57M) 9.087ms
[2026-06-17T09:57:09.366+0800][16.882s][info][gc,cpu         ] GC(693) User=0.01s Sys=0.00s Real=0.01s
[2026-06-17T09:57:09.378+0800][16.894s][info][gc,start       ] GC(694) Pause Young (Allocation Failure)
[2026-06-17T09:57:09.379+0800][16.895s][info][gc,heap        ] GC(694) PSYoungGen: 7133K(14336K)->3663K(14336K) Eden: 7133K(7168K)->0K(7168K) From: 0K(7168K)->3663K(7168K)
[2026-06-17T09:57:09.380+0800][16.896s][info][gc,heap        ] GC(694) ParOldGen: 24635K(44032K)->24635K(44032K)
[2026-06-17T09:57:09.380+0800][16.896s][info][gc,metaspace   ] GC(694) Metaspace: 150K(384K)->150K(384K) NonClass: 145K(256K)->145K(256K) Class: 4K(128K)->4K(128K)
[2026-06-17T09:57:09.380+0800][16.896s][info][gc             ] GC(694) Pause Young (Allocation Failure) 31M->27M(57M) 2.835ms
[2026-06-17T09:57:09.381+0800][16.897s][info][gc,cpu         ] GC(694) User=0.00s Sys=0.00s Real=0.00s
[2026-06-17T09:57:09.402+0800][16.918s][info][gc,start       ] GC(695) Pause Young (Allocation Failure)
[2026-06-17T09:57:09.404+0800][16.920s][info][gc,heap        ] GC(695) PSYoungGen: 10815K(14336K)->3863K(14336K) Eden: 7151K(7168K)->0K(7168K) From: 3663K(7168K)->3863K(7168K)
[2026-06-17T09:57:09.405+0800][16.921s][info][gc,heap        ] GC(695) ParOldGen: 24635K(44032K)->28249K(44032K)
[2026-06-17T09:57:09.405+0800][16.921s][info][gc,metaspace   ] GC(695) Metaspace: 150K(384K)->150K(384K) NonClass: 145K(256K)->145K(256K) Class: 4K(128K)->4K(128K)
[2026-06-17T09:57:09.406+0800][16.922s][info][gc             ] GC(695) Pause Young (Allocation Failure) 34M->31M(57M) 3.782ms
[2026-06-17T09:57:09.407+0800][16.923s][info][gc,cpu         ] GC(695) User=0.00s Sys=0.00s Real=0.01s
[2026-06-17T09:57:09.428+0800][16.944s][info][gc,start       ] GC(696) Pause Young (Allocation Failure)
[2026-06-17T09:57:09.430+0800][16.946s][info][gc,heap        ] GC(696) PSYoungGen: 10986K(14336K)->4282K(14336K) Eden: 7123K(7168K)->0K(7168K) From: 3863K(7168K)->4282K(7168K)
[2026-06-17T09:57:09.430+0800][16.946s][info][gc,heap        ] GC(696) ParOldGen: 28249K(44032K)->28249K(44032K)
[2026-06-17T09:57:09.431+0800][16.947s][info][gc,metaspace   ] GC(696) Metaspace: 150K(384K)->150K(384K) NonClass: 145K(256K)->145K(256K) Class: 4K(128K)->4K(128K)
[2026-06-17T09:57:09.431+0800][16.947s][info][gc             ] GC(696) Pause Young (Allocation Failure) 38M->31M(57M) 2.956ms
[2026-06-17T09:57:09.432+0800][16.948s][info][gc,cpu         ] GC(696) User=0.00s Sys=0.00s Real=0.01s
[2026-06-17T09:57:09.453+0800][16.969s][info][gc,start       ] GC(697) Pause Young (Allocation Failure)
[2026-06-17T09:57:09.454+0800][16.970s][info][gc,heap        ] GC(697) PSYoungGen: 11443K(14336K)->4629K(14336K) Eden: 7161K(7168K)->0K(7168K) From: 4282K(7168K)->4629K(7168K)
[2026-06-17T09:57:09.455+0800][16.971s][info][gc,heap        ] GC(697) ParOldGen: 28249K(44032K)->28249K(44032K)
[2026-06-17T09:57:09.455+0800][16.971s][info][gc,metaspace   ] GC(697) Metaspace: 150K(384K)->150K(384K) NonClass: 145K(256K)->145K(256K) Class: 4K(128K)->4K(128K)
[2026-06-17T09:57:09.455+0800][16.971s][info][gc             ] GC(697) Pause Young (Allocation Failure) 38M->32M(57M) 2.191ms
[2026-06-17T09:57:09.456+0800][16.972s][info][gc,cpu         ] GC(697) User=0.01s Sys=0.00s Real=0.00s
[2026-06-17T09:57:09.477+0800][16.993s][info][gc,start       ] GC(698) Pause Young (Allocation Failure)
[2026-06-17T09:57:09.478+0800][16.994s][info][gc,heap        ] GC(698) PSYoungGen: 11764K(14336K)->4723K(14336K) Eden: 7134K(7168K)->0K(7168K) From: 4629K(7168K)->4723K(7168K)
[2026-06-17T09:57:09.479+0800][16.995s][info][gc,heap        ] GC(698) ParOldGen: 28249K(44032K)->28249K(44032K)
[2026-06-17T09:57:09.479+0800][16.995s][info][gc,metaspace   ] GC(698) Metaspace: 150K(384K)->150K(384K) NonClass: 145K(256K)->145K(256K) Class: 4K(128K)->4K(128K)
[2026-06-17T09:57:09.480+0800][16.996s][info][gc             ] GC(698) Pause Young (Allocation Failure) 39M->32M(57M) 2.670ms
[2026-06-17T09:57:09.480+0800][16.996s][info][gc,cpu         ] GC(698) User=0.00s Sys=0.00s Real=0.00s
[2026-06-17T09:57:09.491+0800][17.007s][info][gc,start       ] GC(699) Pause Young (Allocation Failure)
[2026-06-17T09:57:09.494+0800][17.010s][info][gc,heap        ] GC(699) PSYoungGen: 11891K(14336K)->7093K(14336K) Eden: 7168K(7168K)->0K(7168K) From: 4723K(7168K)->7093K(7168K)
[2026-06-17T09:57:09.495+0800][17.011s][info][gc,heap        ] GC(699) ParOldGen: 28249K(44032K)->29823K(44032K)
[2026-06-17T09:57:09.495+0800][17.011s][info][gc,metaspace   ] GC(699) Metaspace: 150K(384K)->150K(384K) NonClass: 145K(256K)->145K(256K) Class: 4K(128K)->4K(128K)
[2026-06-17T09:57:09.496+0800][17.012s][info][gc             ] GC(699) Pause Young (Allocation Failure) 39M->36M(57M) 4.191ms
[2026-06-17T09:57:09.496+0800][17.012s][info][gc,cpu         ] GC(699) User=0.00s Sys=0.00s Real=0.00s
[2026-06-17T09:57:09.518+0800][17.034s][info][gc,start       ] GC(700) Pause Young (Allocation Failure)
[2026-06-17T09:57:09.519+0800][17.035s][info][gc,heap        ] GC(700) PSYoungGen: 14226K(14336K)->5733K(14336K) Eden: 7133K(7168K)->0K(7168K) From: 7093K(7168K)->5733K(7168K)
[2026-06-17T09:57:09.520+0800][17.036s][info][gc,heap        ] GC(700) ParOldGen: 29823K(44032K)->31388K(44032K)
[2026-06-17T09:57:09.520+0800][17.036s][info][gc,metaspace   ] GC(700) Metaspace: 150K(384K)->150K(384K) NonClass: 145K(256K)->145K(256K) Class: 4K(128K)->4K(128K)
[2026-06-17T09:57:09.521+0800][17.037s][info][gc             ] GC(700) Pause Young (Allocation Failure) 43M->36M(57M) 2.904ms
[2026-06-17T09:57:09.521+0800][17.037s][info][gc,cpu         ] GC(700) User=0.01s Sys=0.00s Real=0.00s
[2026-06-17T09:57:09.532+0800][17.048s][info][gc,start       ] GC(701) Pause Young (Allocation Failure)
[2026-06-17T09:57:09.534+0800][17.050s][info][gc,heap        ] GC(701) PSYoungGen: 12846K(14336K)->4695K(14336K) Eden: 7112K(7168K)->0K(7168K) From: 5733K(7168K)->4695K(7168K)
[2026-06-17T09:57:09.534+0800][17.050s][info][gc,heap        ] GC(701) ParOldGen: 31388K(44032K)->32841K(44032K)
[2026-06-17T09:57:09.535+0800][17.051s][info][gc,metaspace   ] GC(701) Metaspace: 150K(384K)->150K(384K) NonClass: 145K(256K)->145K(256K) Class: 4K(128K)->4K(128K)
[2026-06-17T09:57:09.535+0800][17.051s][info][gc             ] GC(701) Pause Young (Allocation Failure) 43M->36M(57M) 3.070ms
[2026-06-17T09:57:09.536+0800][17.052s][info][gc,cpu         ] GC(701) User=0.00s Sys=0.00s Real=0.00s
[2026-06-17T09:57:09.568+0800][17.084s][info][gc,start       ] GC(702) Pause Young (Allocation Failure)
[2026-06-17T09:57:09.600+0800][17.116s][info][gc,heap        ] GC(702) PSYoungGen: 11854K(14336K)->1785K(14336K) Eden: 7159K(7168K)->0K(7168K) From: 4695K(7168K)->1785K(7168K)
[2026-06-17T09:57:09.601+0800][17.117s][info][gc,heap        ] GC(702) ParOldGen: 32841K(44032K)->36238K(44032K)
[2026-06-17T09:57:09.626+0800][17.142s][info][gc,metaspace   ] GC(702) Metaspace: 150K(384K)->150K(384K) NonClass: 145K(256K)->145K(256K) Class: 4K(128K)->4K(128K)
[2026-06-17T09:57:09.627+0800][17.143s][info][gc             ] GC(702) Pause Young (Allocation Failure) 43M->37M(57M) 59.708ms
[2026-06-17T09:57:09.628+0800][17.144s][info][gc,cpu         ] GC(702) User=0.00s Sys=0.00s Real=0.06s
[2026-06-17T09:57:09.639+0800][17.155s][info][gc,start       ] GC(703) Pause Young (Allocation Failure)
[2026-06-17T09:57:09.640+0800][17.156s][info][gc,heap        ] GC(703) PSYoungGen: 8950K(14336K)->4069K(14336K) Eden: 7165K(7168K)->0K(7168K) From: 1785K(7168K)->4069K(7168K)
[2026-06-17T09:57:09.640+0800][17.156s][info][gc,heap        ] GC(703) ParOldGen: 36238K(44032K)->37940K(44032K)
[2026-06-17T09:57:09.641+0800][17.157s][info][gc,metaspace   ] GC(703) Metaspace: 150K(384K)->150K(384K) NonClass: 145K(256K)->145K(256K) Class: 4K(128K)->4K(128K)
[2026-06-17T09:57:09.641+0800][17.157s][info][gc             ] GC(703) Pause Young (Allocation Failure) 44M->41M(57M) 2.111ms
[2026-06-17T09:57:09.642+0800][17.158s][info][gc,cpu         ] GC(703) User=0.00s Sys=0.00s Real=0.00s
[2026-06-17T09:57:09.663+0800][17.179s][info][gc,start       ] GC(704) Pause Young (Allocation Failure)
[2026-06-17T09:57:09.666+0800][17.182s][info][gc,heap        ] GC(704) PSYoungGen: 11228K(14336K)->2786K(14336K) Eden: 7158K(7168K)->0K(7168K) From: 4069K(7168K)->2786K(7168K)
[2026-06-17T09:57:09.667+0800][17.183s][info][gc,heap        ] GC(704) ParOldGen: 37940K(44032K)->39671K(44032K)
[2026-06-17T09:57:09.668+0800][17.184s][info][gc,metaspace   ] GC(704) Metaspace: 150K(384K)->150K(384K) NonClass: 145K(256K)->145K(256K) Class: 4K(128K)->4K(128K)
[2026-06-17T09:57:09.668+0800][17.184s][info][gc             ] GC(704) Pause Young (Allocation Failure) 48M->41M(57M) 4.907ms
[2026-06-17T09:57:09.670+0800][17.186s][info][gc,cpu         ] GC(704) User=0.00s Sys=0.00s Real=0.00s
[2026-06-17T09:57:09.694+0800][17.210s][info][gc,start       ] GC(705) Pause Young (Allocation Failure)
[2026-06-17T09:57:09.697+0800][17.213s][info][gc,heap        ] GC(705) PSYoungGen: 9952K(14336K)->2985K(14336K) Eden: 7166K(7168K)->0K(7168K) From: 2786K(7168K)->2985K(7168K)
[2026-06-17T09:57:09.701+0800][17.217s][info][gc,heap        ] GC(705) ParOldGen: 39671K(44032K)->39671K(44032K)
[2026-06-17T09:57:09.706+0800][17.222s][info][gc,metaspace   ] GC(705) Metaspace: 150K(384K)->150K(384K) NonClass: 145K(256K)->145K(256K) Class: 4K(128K)->4K(128K)
[2026-06-17T09:57:09.708+0800][17.224s][info][gc             ] GC(705) Pause Young (Allocation Failure) 48M->41M(57M) 14.071ms
[2026-06-17T09:57:09.710+0800][17.226s][info][gc,cpu         ] GC(705) User=0.01s Sys=0.00s Real=0.01s
[2026-06-17T09:57:09.722+0800][17.238s][info][gc,start       ] GC(706) Pause Young (Allocation Failure)
[2026-06-17T09:57:09.724+0800][17.240s][info][gc,heap        ] GC(706) PSYoungGen: 10122K(14336K)->1136K(14336K) Eden: 7136K(7168K)->0K(7168K) From: 2985K(7168K)->1136K(7168K)
[2026-06-17T09:57:09.725+0800][17.241s][info][gc,heap        ] GC(706) ParOldGen: 39671K(44032K)->41738K(44032K)
[2026-06-17T09:57:09.727+0800][17.243s][info][gc,metaspace   ] GC(706) Metaspace: 150K(384K)->150K(384K) NonClass: 145K(256K)->145K(256K) Class: 4K(128K)->4K(128K)
[2026-06-17T09:57:09.728+0800][17.244s][info][gc             ] GC(706) Pause Young (Allocation Failure) 48M->41M(57M) 5.402ms
[2026-06-17T09:57:09.729+0800][17.245s][info][gc,cpu         ] GC(706) User=0.00s Sys=0.00s Real=0.01s
[2026-06-17T09:57:09.752+0800][17.268s][info][gc,start       ] GC(707) Pause Full (Ergonomics)
[2026-06-17T09:57:09.755+0800][17.271s][info][gc,phases,start] GC(707) Marking Phase
[2026-06-17T09:57:09.758+0800][17.274s][info][gc,phases      ] GC(707) Marking Phase 2.855ms
[2026-06-17T09:57:09.761+0800][17.277s][info][gc,phases,start] GC(707) Summary Phase
[2026-06-17T09:57:09.763+0800][17.279s][info][gc,phases      ] GC(707) Summary Phase 1.846ms
[2026-06-17T09:57:09.764+0800][17.280s][info][gc,phases,start] GC(707) Adjust Roots
[2026-06-17T09:57:09.766+0800][17.282s][info][gc,phases      ] GC(707) Adjust Roots 1.706ms
[2026-06-17T09:57:09.767+0800][17.283s][info][gc,phases,start] GC(707) Compaction Phase
[2026-06-17T09:57:09.771+0800][17.287s][info][gc,phases      ] GC(707) Compaction Phase 4.195ms
[2026-06-17T09:57:09.774+0800][17.290s][info][gc,phases,start] GC(707) Post Compact
[2026-06-17T09:57:09.776+0800][17.292s][info][gc,phases      ] GC(707) Post Compact 2.446ms
[2026-06-17T09:57:09.778+0800][17.294s][info][gc,heap        ] GC(707) PSYoungGen: 8297K(14336K)->0K(14336K) Eden: 7161K(7168K)->0K(7168K) From: 1136K(7168K)->0K(7168K)
[2026-06-17T09:57:09.782+0800][17.298s][info][gc,heap        ] GC(707) ParOldGen: 41738K(44032K)->22765K(44032K)
[2026-06-17T09:57:09.783+0800][17.299s][info][gc,metaspace   ] GC(707) Metaspace: 150K(384K)->150K(384K) NonClass: 145K(256K)->145K(256K) Class: 4K(128K)->4K(128K)
[2026-06-17T09:57:09.785+0800][17.301s][info][gc             ] GC(707) Pause Full (Ergonomics) 48M->22M(57M) 32.533ms
[2026-06-17T09:57:09.787+0800][17.303s][info][gc,cpu         ] GC(707) User=0.00s Sys=0.00s Real=0.03s
[2026-06-17T09:57:09.810+0800][17.326s][info][gc,start       ] GC(708) Pause Young (Allocation Failure)
[2026-06-17T09:57:09.812+0800][17.328s][info][gc,heap        ] GC(708) PSYoungGen: 7142K(14336K)->3737K(14336K) Eden: 7142K(7168K)->0K(7168K) From: 0K(7168K)->3737K(7168K)
[2026-06-17T09:57:09.813+0800][17.329s][info][gc,heap        ] GC(708) ParOldGen: 22765K(44032K)->22765K(44032K)
[2026-06-17T09:57:09.813+0800][17.329s][info][gc,metaspace   ] GC(708) Metaspace: 150K(384K)->150K(384K) NonClass: 145K(256K)->145K(256K) Class: 4K(128K)->4K(128K)
[2026-06-17T09:57:09.814+0800][17.330s][info][gc             ] GC(708) Pause Young (Allocation Failure) 29M->25M(57M) 3.860ms
[2026-06-17T09:57:09.815+0800][17.331s][info][gc,cpu         ] GC(708) User=0.00s Sys=0.00s Real=0.01s
[2026-06-17T09:57:09.826+0800][17.342s][info][gc,start       ] GC(709) Pause Young (Allocation Failure)
[2026-06-17T09:57:09.828+0800][17.344s][info][gc,heap        ] GC(709) PSYoungGen: 10893K(14336K)->7167K(14336K) Eden: 7155K(7168K)->0K(7168K) From: 3737K(7168K)->7167K(7168K)
[2026-06-17T09:57:09.829+0800][17.345s][info][gc,heap        ] GC(709) ParOldGen: 22765K(44032K)->22999K(44032K)
[2026-06-17T09:57:09.829+0800][17.345s][info][gc,metaspace   ] GC(709) Metaspace: 150K(384K)->150K(384K) NonClass: 145K(256K)->145K(256K) Class: 4K(128K)->4K(128K)
[2026-06-17T09:57:09.830+0800][17.346s][info][gc             ] GC(709) Pause Young (Allocation Failure) 32M->29M(57M) 3.563ms
[2026-06-17T09:57:09.830+0800][17.346s][info][gc,cpu         ] GC(709) User=0.01s Sys=0.00s Real=0.00s
[2026-06-17T09:57:09.853+0800][17.369s][info][gc,start       ] GC(710) Pause Young (Allocation Failure)
[2026-06-17T09:57:09.856+0800][17.372s][info][gc,heap        ] GC(710) PSYoungGen: 14302K(14336K)->3808K(14336K) Eden: 7135K(7168K)->0K(7168K) From: 7167K(7168K)->3808K(7168K)
[2026-06-17T09:57:09.856+0800][17.372s][info][gc,heap        ] GC(710) ParOldGen: 22999K(44032K)->26577K(44032K)
[2026-06-17T09:57:09.857+0800][17.373s][info][gc,metaspace   ] GC(710) Metaspace: 150K(384K)->150K(384K) NonClass: 145K(256K)->145K(256K) Class: 4K(128K)->4K(128K)
[2026-06-17T09:57:09.857+0800][17.373s][info][gc             ] GC(710) Pause Young (Allocation Failure) 36M->29M(57M) 4.451ms
[2026-06-17T09:57:09.858+0800][17.374s][info][gc,cpu         ] GC(710) User=0.00s Sys=0.00s Real=0.00s
[2026-06-17T09:57:09.880+0800][17.396s][info][gc,start       ] GC(711) Pause Young (Allocation Failure)
[2026-06-17T09:57:09.881+0800][17.397s][info][gc,heap        ] GC(711) PSYoungGen: 10959K(14336K)->2197K(14336K) Eden: 7151K(7168K)->0K(7168K) From: 3808K(7168K)->2197K(7168K)
[2026-06-17T09:57:09.881+0800][17.397s][info][gc,heap        ] GC(711) ParOldGen: 26577K(44032K)->28303K(44032K)
[2026-06-17T09:57:09.881+0800][17.397s][info][gc,metaspace   ] GC(711) Metaspace: 150K(384K)->150K(384K) NonClass: 145K(256K)->145K(256K) Class: 4K(128K)->4K(128K)
[2026-06-17T09:57:09.881+0800][17.397s][info][gc             ] GC(711) Pause Young (Allocation Failure) 36M->29M(57M) 1.467ms
[2026-06-17T09:57:09.881+0800][17.397s][info][gc,cpu         ] GC(711) User=0.00s Sys=0.00s Real=0.00s
[2026-06-17T09:57:09.902+0800][17.418s][info][gc,start       ] GC(712) Pause Young (Allocation Failure)
[2026-06-17T09:57:09.904+0800][17.420s][info][gc,heap        ] GC(712) PSYoungGen: 9353K(14336K)->2783K(14336K) Eden: 7155K(7168K)->0K(7168K) From: 2197K(7168K)->2783K(7168K)
[2026-06-17T09:57:09.905+0800][17.421s][info][gc,heap        ] GC(712) ParOldGen: 28303K(44032K)->28303K(44032K)
[2026-06-17T09:57:09.905+0800][17.421s][info][gc,metaspace   ] GC(712) Metaspace: 150K(384K)->150K(384K) NonClass: 145K(256K)->145K(256K) Class: 4K(128K)->4K(128K)
[2026-06-17T09:57:09.905+0800][17.421s][info][gc             ] GC(712) Pause Young (Allocation Failure) 36M->30M(57M) 2.595ms
[2026-06-17T09:57:09.905+0800][17.421s][info][gc,cpu         ] GC(712) User=0.01s Sys=0.00s Real=0.01s
[2026-06-17T09:57:09.916+0800][17.432s][info][gc,start       ] GC(713) Pause Young (Allocation Failure)
[2026-06-17T09:57:09.917+0800][17.433s][info][gc,heap        ] GC(713) PSYoungGen: 9832K(14336K)->1071K(14336K) Eden: 7048K(7168K)->0K(7168K) From: 2783K(7168K)->1071K(7168K)
[2026-06-17T09:57:09.917+0800][17.433s][info][gc,heap        ] GC(713) ParOldGen: 28303K(44032K)->30251K(44032K)
[2026-06-17T09:57:09.918+0800][17.434s][info][gc,metaspace   ] GC(713) Metaspace: 150K(384K)->150K(384K) NonClass: 145K(256K)->145K(256K) Class: 4K(128K)->4K(128K)
[2026-06-17T09:57:09.918+0800][17.434s][info][gc             ] GC(713) Pause Young (Allocation Failure) 37M->30M(57M) 1.588ms
[2026-06-17T09:57:09.918+0800][17.434s][info][gc,cpu         ] GC(713) User=0.00s Sys=0.00s Real=0.00s
[2026-06-17T09:57:09.939+0800][17.455s][info][gc,start       ] GC(714) Pause Young (Allocation Failure)
[2026-06-17T09:57:09.941+0800][17.457s][info][gc,heap        ] GC(714) PSYoungGen: 8228K(14336K)->3828K(14336K) Eden: 7157K(7168K)->0K(7168K) From: 1071K(7168K)->3828K(7168K)
[2026-06-17T09:57:09.941+0800][17.457s][info][gc,heap        ] GC(714) ParOldGen: 30251K(44032K)->31298K(44032K)
[2026-06-17T09:57:09.941+0800][17.457s][info][gc,metaspace   ] GC(714) Metaspace: 150K(384K)->150K(384K) NonClass: 145K(256K)->145K(256K) Class: 4K(128K)->4K(128K)
[2026-06-17T09:57:09.942+0800][17.458s][info][gc             ] GC(714) Pause Young (Allocation Failure) 37M->34M(57M) 2.514ms
[2026-06-17T09:57:09.942+0800][17.458s][info][gc,cpu         ] GC(714) User=0.00s Sys=0.00s Real=0.00s
[2026-06-17T09:57:09.963+0800][17.479s][info][gc,start       ] GC(715) Pause Young (Allocation Failure)
[2026-06-17T09:57:09.964+0800][17.480s][info][gc,heap        ] GC(715) PSYoungGen: 10961K(14336K)->3579K(14336K) Eden: 7133K(7168K)->0K(7168K) From: 3828K(7168K)->3579K(7168K)
[2026-06-17T09:57:09.964+0800][17.480s][info][gc,heap        ] GC(715) ParOldGen: 31298K(44032K)->31702K(44032K)
[2026-06-17T09:57:09.965+0800][17.481s][info][gc,metaspace   ] GC(715) Metaspace: 150K(384K)->150K(384K) NonClass: 145K(256K)->145K(256K) Class: 4K(128K)->4K(128K)
[2026-06-17T09:57:09.965+0800][17.481s][info][gc             ] GC(715) Pause Young (Allocation Failure) 41M->34M(57M) 1.850ms
[2026-06-17T09:57:09.965+0800][17.481s][info][gc,cpu         ] GC(715) User=0.00s Sys=0.00s Real=0.00s
[2026-06-17T09:57:09.986+0800][17.502s][info][gc,start       ] GC(716) Pause Young (Allocation Failure)
[2026-06-17T09:57:09.987+0800][17.503s][info][gc,heap        ] GC(716) PSYoungGen: 10740K(14336K)->3892K(14336K) Eden: 7160K(7168K)->0K(7168K) From: 3579K(7168K)->3892K(7168K)
[2026-06-17T09:57:09.987+0800][17.503s][info][gc,heap        ] GC(716) ParOldGen: 31702K(44032K)->31702K(44032K)
[2026-06-17T09:57:09.988+0800][17.504s][info][gc,metaspace   ] GC(716) Metaspace: 150K(384K)->150K(384K) NonClass: 145K(256K)->145K(256K) Class: 4K(128K)->4K(128K)
[2026-06-17T09:57:09.988+0800][17.504s][info][gc             ] GC(716) Pause Young (Allocation Failure) 41M->34M(57M) 2.115ms
[2026-06-17T09:57:09.988+0800][17.504s][info][gc,cpu         ] GC(716) User=0.00s Sys=0.00s Real=0.00s
[2026-06-17T09:57:09.999+0800][17.515s][info][gc,start       ] GC(717) Pause Young (Allocation Failure)
[2026-06-17T09:57:10.014+0800][17.530s][info][gc,heap        ] GC(717) PSYoungGen: 11039K(14336K)->7157K(14336K) Eden: 7146K(7168K)->0K(7168K) From: 3892K(7168K)->7157K(7168K)
[2026-06-17T09:57:10.016+0800][17.532s][info][gc,heap        ] GC(717) ParOldGen: 31702K(44032K)->32192K(44032K)
[2026-06-17T09:57:10.016+0800][17.532s][info][gc,metaspace   ] GC(717) Metaspace: 150K(384K)->150K(384K) NonClass: 145K(256K)->145K(256K) Class: 4K(128K)->4K(128K)
[2026-06-17T09:57:10.020+0800][17.536s][info][gc             ] GC(717) Pause Young (Allocation Failure) 41M->38M(57M) 20.337ms
[2026-06-17T09:57:10.023+0800][17.539s][info][gc,cpu         ] GC(717) User=0.01s Sys=0.00s Real=0.03s
[2026-06-17T09:57:10.045+0800][17.561s][info][gc,start       ] GC(718) Pause Young (Allocation Failure)
[2026-06-17T09:57:10.048+0800][17.564s][info][gc,heap        ] GC(718) PSYoungGen: 14180K(14336K)->1759K(14336K) Eden: 7023K(7168K)->0K(7168K) From: 7157K(7168K)->1759K(7168K)
[2026-06-17T09:57:10.048+0800][17.564s][info][gc,heap        ] GC(718) ParOldGen: 32192K(44032K)->34425K(44032K)
[2026-06-17T09:57:10.048+0800][17.564s][info][gc,metaspace   ] GC(718) Metaspace: 150K(384K)->150K(384K) NonClass: 145K(256K)->145K(256K) Class: 4K(128K)->4K(128K)
[2026-06-17T09:57:10.049+0800][17.565s][info][gc             ] GC(718) Pause Young (Allocation Failure) 45M->35M(57M) 3.448ms
[2026-06-17T09:57:10.049+0800][17.565s][info][gc,cpu         ] GC(718) User=0.00s Sys=0.00s Real=0.00s
[2026-06-17T09:57:10.070+0800][17.586s][info][gc,start       ] GC(719) Pause Young (Allocation Failure)
[2026-06-17T09:57:10.072+0800][17.588s][info][gc,heap        ] GC(719) PSYoungGen: 8911K(14336K)->3904K(14336K) Eden: 7152K(7168K)->0K(7168K) From: 1759K(7168K)->3904K(7168K)
[2026-06-17T09:57:10.072+0800][17.588s][info][gc,heap        ] GC(719) ParOldGen: 34425K(44032K)->36137K(44032K)
[2026-06-17T09:57:10.073+0800][17.589s][info][gc,metaspace   ] GC(719) Metaspace: 150K(384K)->150K(384K) NonClass: 145K(256K)->145K(256K) Class: 4K(128K)->4K(128K)
[2026-06-17T09:57:10.073+0800][17.589s][info][gc             ] GC(719) Pause Young (Allocation Failure) 42M->39M(57M) 2.882ms
[2026-06-17T09:57:10.074+0800][17.590s][info][gc,cpu         ] GC(719) User=0.00s Sys=0.00s Real=0.01s
[2026-06-17T09:57:10.085+0800][17.601s][info][gc,start       ] GC(720) Pause Young (Allocation Failure)
[2026-06-17T09:57:10.087+0800][17.603s][info][gc,heap        ] GC(720) PSYoungGen: 11014K(14336K)->812K(14336K) Eden: 7110K(7168K)->0K(7168K) From: 3904K(7168K)->812K(7168K)
[2026-06-17T09:57:10.087+0800][17.603s][info][gc,heap        ] GC(720) ParOldGen: 36137K(44032K)->39412K(44032K)
[2026-06-17T09:57:10.087+0800][17.603s][info][gc,metaspace   ] GC(720) Metaspace: 150K(384K)->150K(384K) NonClass: 145K(256K)->145K(256K) Class: 4K(128K)->4K(128K)
[2026-06-17T09:57:10.087+0800][17.603s][info][gc             ] GC(720) Pause Young (Allocation Failure) 46M->39M(57M) 2.024ms
[2026-06-17T09:57:10.087+0800][17.604s][info][gc,cpu         ] GC(720) User=0.00s Sys=0.00s Real=0.00s
[2026-06-17T09:57:10.109+0800][17.625s][info][gc,start       ] GC(721) Pause Young (Allocation Failure)
[2026-06-17T09:57:10.110+0800][17.626s][info][gc,heap        ] GC(721) PSYoungGen: 7919K(14336K)->3658K(14336K) Eden: 7107K(7168K)->0K(7168K) From: 812K(7168K)->3658K(7168K)
[2026-06-17T09:57:10.110+0800][17.626s][info][gc,heap        ] GC(721) ParOldGen: 39412K(44032K)->40200K(44032K)
[2026-06-17T09:57:10.110+0800][17.626s][info][gc,metaspace   ] GC(721) Metaspace: 150K(384K)->150K(384K) NonClass: 145K(256K)->145K(256K) Class: 4K(128K)->4K(128K)
[2026-06-17T09:57:10.111+0800][17.627s][info][gc             ] GC(721) Pause Young (Allocation Failure) 46M->42M(57M) 2.225ms
[2026-06-17T09:57:10.111+0800][17.627s][info][gc,cpu         ] GC(721) User=0.00s Sys=0.00s Real=0.01s
[2026-06-17T09:57:10.133+0800][17.649s][info][gc,start       ] GC(722) Pause Full (Ergonomics)
[2026-06-17T09:57:10.133+0800][17.649s][info][gc,phases,start] GC(722) Marking Phase
[2026-06-17T09:57:10.135+0800][17.651s][info][gc,phases      ] GC(722) Marking Phase 1.307ms
[2026-06-17T09:57:10.135+0800][17.651s][info][gc,phases,start] GC(722) Summary Phase
[2026-06-17T09:57:10.136+0800][17.652s][info][gc,phases      ] GC(722) Summary Phase 0.650ms
[2026-06-17T09:57:10.136+0800][17.652s][info][gc,phases,start] GC(722) Adjust Roots
[2026-06-17T09:57:10.137+0800][17.653s][info][gc,phases      ] GC(722) Adjust Roots 0.625ms
[2026-06-17T09:57:10.137+0800][17.653s][info][gc,phases,start] GC(722) Compaction Phase
[2026-06-17T09:57:10.139+0800][17.655s][info][gc,phases      ] GC(722) Compaction Phase 1.965ms
[2026-06-17T09:57:10.154+0800][17.670s][info][gc,phases,start] GC(722) Post Compact
[2026-06-17T09:57:10.155+0800][17.671s][info][gc,phases      ] GC(722) Post Compact 0.723ms
[2026-06-17T09:57:10.155+0800][17.671s][info][gc,heap        ] GC(722) PSYoungGen: 10782K(14336K)->0K(14336K) Eden: 7124K(7168K)->0K(7168K) From: 3658K(7168K)->0K(7168K)
[2026-06-17T09:57:10.156+0800][17.672s][info][gc,heap        ] GC(722) ParOldGen: 40200K(44032K)->30417K(44032K)
[2026-06-17T09:57:10.156+0800][17.672s][info][gc,metaspace   ] GC(722) Metaspace: 150K(384K)->150K(384K) NonClass: 145K(256K)->145K(256K) Class: 4K(128K)->4K(128K)
[2026-06-17T09:57:10.157+0800][17.673s][info][gc             ] GC(722) Pause Full (Ergonomics) 49M->29M(57M) 24.509ms
[2026-06-17T09:57:10.158+0800][17.674s][info][gc,cpu         ] GC(722) User=0.01s Sys=0.00s Real=0.02s
[2026-06-17T09:57:10.180+0800][17.696s][info][gc,start       ] GC(723) Pause Young (Allocation Failure)
[2026-06-17T09:57:10.184+0800][17.700s][info][gc,heap        ] GC(723) PSYoungGen: 7158K(14336K)->3926K(14336K) Eden: 7158K(7168K)->0K(7168K) From: 0K(7168K)->3926K(7168K)
[2026-06-17T09:57:10.185+0800][17.701s][info][gc,heap        ] GC(723) ParOldGen: 30417K(44032K)->30417K(44032K)
[2026-06-17T09:57:10.185+0800][17.701s][info][gc,metaspace   ] GC(723) Metaspace: 150K(384K)->150K(384K) NonClass: 145K(256K)->145K(256K) Class: 4K(128K)->4K(128K)
[2026-06-17T09:57:10.186+0800][17.702s][info][gc             ] GC(723) Pause Young (Allocation Failure) 36M->33M(57M) 5.961ms
[2026-06-17T09:57:10.186+0800][17.702s][info][gc,cpu         ] GC(723) User=0.00s Sys=0.00s Real=0.01s
[2026-06-17T09:57:10.197+0800][17.713s][info][gc,start       ] GC(724) Pause Young (Allocation Failure)
[2026-06-17T09:57:10.199+0800][17.715s][info][gc,heap        ] GC(724) PSYoungGen: 11063K(14336K)->7148K(14336K) Eden: 7137K(7168K)->0K(7168K) From: 3926K(7168K)->7148K(7168K)
[2026-06-17T09:57:10.200+0800][17.716s][info][gc,heap        ] GC(724) ParOldGen: 30417K(44032K)->30925K(44032K)
[2026-06-17T09:57:10.202+0800][17.718s][info][gc,metaspace   ] GC(724) Metaspace: 150K(384K)->150K(384K) NonClass: 145K(256K)->145K(256K) Class: 4K(128K)->4K(128K)
[2026-06-17T09:57:10.203+0800][17.719s][info][gc             ] GC(724) Pause Young (Allocation Failure) 40M->37M(57M) 5.478ms
[2026-06-17T09:57:10.203+0800][17.719s][info][gc,cpu         ] GC(724) User=0.00s Sys=0.00s Real=0.01s
[2026-06-17T09:57:10.224+0800][17.740s][info][gc,start       ] GC(725) Pause Young (Allocation Failure)
[2026-06-17T09:57:10.225+0800][17.741s][info][gc,heap        ] GC(725) PSYoungGen: 14287K(14336K)->32K(14336K) Eden: 7139K(7168K)->0K(7168K) From: 7148K(7168K)->32K(7168K)
[2026-06-17T09:57:10.226+0800][17.742s][info][gc,heap        ] GC(725) ParOldGen: 30925K(44032K)->34842K(44032K)
[2026-06-17T09:57:10.227+0800][17.743s][info][gc,metaspace   ] GC(725) Metaspace: 150K(384K)->150K(384K) NonClass: 145K(256K)->145K(256K) Class: 4K(128K)->4K(128K)
[2026-06-17T09:57:10.227+0800][17.743s][info][gc             ] GC(725) Pause Young (Allocation Failure) 44M->34M(57M) 3.222ms
[2026-06-17T09:57:10.228+0800][17.744s][info][gc,cpu         ] GC(725) User=0.00s Sys=0.00s Real=0.00s
[2026-06-17T09:57:10.249+0800][17.765s][info][gc,start       ] GC(726) Pause Young (Allocation Failure)
[2026-06-17T09:57:10.250+0800][17.766s][info][gc,heap        ] GC(726) PSYoungGen: 7174K(14336K)->3419K(14336K) Eden: 7142K(7168K)->0K(7168K) From: 32K(7168K)->3419K(7168K)
[2026-06-17T09:57:10.251+0800][17.767s][info][gc,heap        ] GC(726) ParOldGen: 34842K(44032K)->34850K(44032K)
[2026-06-17T09:57:10.251+0800][17.767s][info][gc,metaspace   ] GC(726) Metaspace: 150K(384K)->150K(384K) NonClass: 145K(256K)->145K(256K) Class: 4K(128K)->4K(128K)
[2026-06-17T09:57:10.252+0800][17.768s][info][gc             ] GC(726) Pause Young (Allocation Failure) 41M->37M(57M) 2.619ms
[2026-06-17T09:57:10.260+0800][17.776s][info][gc,cpu         ] GC(726) User=0.01s Sys=0.00s Real=0.01s
[2026-06-17T09:57:10.272+0800][17.788s][info][gc,start       ] GC(727) Pause Young (Allocation Failure)
[2026-06-17T09:57:10.273+0800][17.789s][info][gc,heap        ] GC(727) PSYoungGen: 10499K(14336K)->1686K(14336K) Eden: 7079K(7168K)->0K(7168K) From: 3419K(7168K)->1686K(7168K)
[2026-06-17T09:57:10.275+0800][17.791s][info][gc,heap        ] GC(727) ParOldGen: 34850K(44032K)->36664K(44032K)
[2026-06-17T09:57:10.275+0800][17.791s][info][gc,metaspace   ] GC(727) Metaspace: 150K(384K)->150K(384K) NonClass: 145K(256K)->145K(256K) Class: 4K(128K)->4K(128K)
[2026-06-17T09:57:10.276+0800][17.792s][info][gc             ] GC(727) Pause Young (Allocation Failure) 44M->37M(57M) 3.368ms
[2026-06-17T09:57:10.276+0800][17.792s][info][gc,cpu         ] GC(727) User=0.00s Sys=0.00s Real=0.00s
[2026-06-17T09:57:10.297+0800][17.813s][info][gc,start       ] GC(728) Pause Young (Allocation Failure)
[2026-06-17T09:57:10.299+0800][17.815s][info][gc,heap        ] GC(728) PSYoungGen: 8822K(14336K)->3549K(14336K) Eden: 7136K(7168K)->0K(7168K) From: 1686K(7168K)->3549K(7168K)
[2026-06-17T09:57:10.299+0800][17.815s][info][gc,heap        ] GC(728) ParOldGen: 36664K(44032K)->38326K(44032K)
[2026-06-17T09:57:10.300+0800][17.816s][info][gc,metaspace   ] GC(728) Metaspace: 150K(384K)->150K(384K) NonClass: 145K(256K)->145K(256K) Class: 4K(128K)->4K(128K)
[2026-06-17T09:57:10.300+0800][17.816s][info][gc             ] GC(728) Pause Young (Allocation Failure) 44M->40M(57M) 2.650ms
[2026-06-17T09:57:10.300+0800][17.816s][info][gc,cpu         ] GC(728) User=0.00s Sys=0.00s Real=0.00s
[2026-06-17T09:57:10.322+0800][17.838s][info][gc,start       ] GC(729) Pause Young (Allocation Failure)
[2026-06-17T09:57:10.324+0800][17.840s][info][gc,heap        ] GC(729) PSYoungGen: 10681K(14336K)->3868K(14336K) Eden: 7132K(7168K)->0K(7168K) From: 3549K(7168K)->3868K(7168K)
[2026-06-17T09:57:10.324+0800][17.840s][info][gc,heap        ] GC(729) ParOldGen: 38326K(44032K)->38430K(44032K)
[2026-06-17T09:57:10.325+0800][17.841s][info][gc,metaspace   ] GC(729) Metaspace: 150K(384K)->150K(384K) NonClass: 145K(256K)->145K(256K) Class: 4K(128K)->4K(128K)
[2026-06-17T09:57:10.326+0800][17.842s][info][gc             ] GC(729) Pause Young (Allocation Failure) 47M->41M(57M) 3.917ms
[2026-06-17T09:57:10.326+0800][17.842s][info][gc,cpu         ] GC(729) User=0.00s Sys=0.00s Real=0.01s
[2026-06-17T09:57:10.352+0800][17.868s][info][gc,start       ] GC(730) Pause Young (Allocation Failure)
[2026-06-17T09:57:10.353+0800][17.869s][info][gc,heap        ] GC(730) PSYoungGen: 10995K(14336K)->978K(14336K) Eden: 7127K(7168K)->0K(7168K) From: 3868K(7168K)->978K(7168K)
[2026-06-17T09:57:10.353+0800][17.869s][info][gc,heap        ] GC(730) ParOldGen: 38430K(44032K)->41635K(44032K)
[2026-06-17T09:57:10.354+0800][17.870s][info][gc,metaspace   ] GC(730) Metaspace: 150K(384K)->150K(384K) NonClass: 145K(256K)->145K(256K) Class: 4K(128K)->4K(128K)
[2026-06-17T09:57:10.354+0800][17.870s][info][gc             ] GC(730) Pause Young (Allocation Failure) 48M->41M(57M) 2.115ms
[2026-06-17T09:57:10.354+0800][17.870s][info][gc,cpu         ] GC(730) User=0.00s Sys=0.00s Real=0.00s
[2026-06-17T09:57:10.365+0800][17.881s][info][gc,start       ] GC(731) Pause Full (Ergonomics)
[2026-06-17T09:57:10.366+0800][17.882s][info][gc,phases,start] GC(731) Marking Phase
[2026-06-17T09:57:10.367+0800][17.883s][info][gc,phases      ] GC(731) Marking Phase 1.141ms
[2026-06-17T09:57:10.367+0800][17.883s][info][gc,phases,start] GC(731) Summary Phase
[2026-06-17T09:57:10.368+0800][17.884s][info][gc,phases      ] GC(731) Summary Phase 0.365ms
[2026-06-17T09:57:10.368+0800][17.884s][info][gc,phases,start] GC(731) Adjust Roots
[2026-06-17T09:57:10.368+0800][17.884s][info][gc,phases      ] GC(731) Adjust Roots 0.484ms
[2026-06-17T09:57:10.369+0800][17.885s][info][gc,phases,start] GC(731) Compaction Phase
[2026-06-17T09:57:10.371+0800][17.887s][info][gc,phases      ] GC(731) Compaction Phase 2.036ms
[2026-06-17T09:57:10.372+0800][17.888s][info][gc,phases,start] GC(731) Post Compact
[2026-06-17T09:57:10.372+0800][17.888s][info][gc,phases      ] GC(731) Post Compact 0.458ms
[2026-06-17T09:57:10.373+0800][17.889s][info][gc,heap        ] GC(731) PSYoungGen: 8131K(14336K)->0K(14336K) Eden: 7153K(7168K)->0K(7168K) From: 978K(7168K)->0K(7168K)
[2026-06-17T09:57:10.373+0800][17.889s][info][gc,heap        ] GC(731) ParOldGen: 41635K(44032K)->33686K(44032K)
[2026-06-17T09:57:10.373+0800][17.889s][info][gc,metaspace   ] GC(731) Metaspace: 150K(384K)->150K(384K) NonClass: 145K(256K)->145K(256K) Class: 4K(128K)->4K(128K)
[2026-06-17T09:57:10.374+0800][17.890s][info][gc             ] GC(731) Pause Full (Ergonomics) 48M->32M(57M) 8.350ms
[2026-06-17T09:57:10.374+0800][17.890s][info][gc,cpu         ] GC(731) User=0.01s Sys=0.00s Real=0.01s
[2026-06-17T09:57:10.396+0800][17.912s][info][gc,start       ] GC(732) Pause Young (Allocation Failure)
[2026-06-17T09:57:10.397+0800][17.913s][info][gc,heap        ] GC(732) PSYoungGen: 7168K(14336K)->3590K(14336K) Eden: 7168K(7168K)->0K(7168K) From: 0K(7168K)->3590K(7168K)
[2026-06-17T09:57:10.398+0800][17.914s][info][gc,heap        ] GC(732) ParOldGen: 33686K(44032K)->33686K(44032K)
[2026-06-17T09:57:10.398+0800][17.914s][info][gc,metaspace   ] GC(732) Metaspace: 150K(384K)->150K(384K) NonClass: 145K(256K)->145K(256K) Class: 4K(128K)->4K(128K)
[2026-06-17T09:57:10.399+0800][17.915s][info][gc             ] GC(732) Pause Young (Allocation Failure) 39M->36M(57M) 3.235ms
[2026-06-17T09:57:10.399+0800][17.915s][info][gc,cpu         ] GC(732) User=0.00s Sys=0.00s Real=0.00s
[2026-06-17T09:57:10.422+0800][17.938s][info][gc,start       ] GC(733) Pause Young (Allocation Failure)
[2026-06-17T09:57:10.423+0800][17.939s][info][gc,heap        ] GC(733) PSYoungGen: 10735K(14336K)->3836K(14336K) Eden: 7145K(7168K)->0K(7168K) From: 3590K(7168K)->3836K(7168K)
[2026-06-17T09:57:10.424+0800][17.940s][info][gc,heap        ] GC(733) ParOldGen: 33686K(44032K)->33686K(44032K)
[2026-06-17T09:57:10.425+0800][17.941s][info][gc,metaspace   ] GC(733) Metaspace: 150K(384K)->150K(384K) NonClass: 145K(256K)->145K(256K) Class: 4K(128K)->4K(128K)
[2026-06-17T09:57:10.426+0800][17.942s][info][gc             ] GC(733) Pause Young (Allocation Failure) 43M->36M(57M) 4.264ms
[2026-06-17T09:57:10.427+0800][17.943s][info][gc,cpu         ] GC(733) User=0.00s Sys=0.00s Real=0.01s
[2026-06-17T09:57:10.439+0800][17.955s][info][gc,start       ] GC(734) Pause Young (Allocation Failure)
[2026-06-17T09:57:10.441+0800][17.957s][info][gc,heap        ] GC(734) PSYoungGen: 10942K(14336K)->3884K(14336K) Eden: 7105K(7168K)->0K(7168K) From: 3836K(7168K)->3884K(7168K)
[2026-06-17T09:57:10.443+0800][17.959s][info][gc,heap        ] GC(734) ParOldGen: 33686K(44032K)->33686K(44032K)
[2026-06-17T09:57:10.444+0800][17.960s][info][gc,metaspace   ] GC(734) Metaspace: 150K(384K)->150K(384K) NonClass: 145K(256K)->145K(256K) Class: 4K(128K)->4K(128K)
[2026-06-17T09:57:10.444+0800][17.960s][info][gc             ] GC(734) Pause Young (Allocation Failure) 43M->36M(57M) 5.155ms
[2026-06-17T09:57:10.445+0800][17.961s][info][gc,cpu         ] GC(734) User=0.00s Sys=0.00s Real=0.01s
[2026-06-17T09:57:10.467+0800][17.983s][info][gc,start       ] GC(735) Pause Young (Allocation Failure)
[2026-06-17T09:57:10.469+0800][17.985s][info][gc,heap        ] GC(735) PSYoungGen: 11028K(14336K)->6990K(14336K) Eden: 7144K(7168K)->0K(7168K) From: 3884K(7168K)->6990K(7168K)
[2026-06-17T09:57:10.470+0800][17.986s][info][gc,heap        ] GC(735) ParOldGen: 33686K(44032K)->34308K(44032K)
[2026-06-17T09:57:10.471+0800][17.987s][info][gc,metaspace   ] GC(735) Metaspace: 150K(384K)->150K(384K) NonClass: 145K(256K)->145K(256K) Class: 4K(128K)->4K(128K)
[2026-06-17T09:57:10.472+0800][17.988s][info][gc             ] GC(735) Pause Young (Allocation Failure) 43M->40M(57M) 5.023ms
[2026-06-17T09:57:10.473+0800][17.989s][info][gc,cpu         ] GC(735) User=0.00s Sys=0.00s Real=0.01s
[2026-06-17T09:57:10.495+0800][18.011s][info][gc,start       ] GC(736) Pause Young (Allocation Failure)
[2026-06-17T09:57:10.497+0800][18.013s][info][gc,heap        ] GC(736) PSYoungGen: 14152K(14336K)->5133K(14336K) Eden: 7162K(7168K)->0K(7168K) From: 6990K(7168K)->5133K(7168K)
[2026-06-17T09:57:10.498+0800][18.014s][info][gc,heap        ] GC(736) ParOldGen: 34308K(44032K)->36580K(44032K)
[2026-06-17T09:57:10.499+0800][18.015s][info][gc,metaspace   ] GC(736) Metaspace: 150K(384K)->150K(384K) NonClass: 145K(256K)->145K(256K) Class: 4K(128K)->4K(128K)
[2026-06-17T09:57:10.500+0800][18.016s][info][gc             ] GC(736) Pause Young (Allocation Failure) 47M->40M(57M) 5.007ms
[2026-06-17T09:57:10.501+0800][18.017s][info][gc,cpu         ] GC(736) User=0.01s Sys=0.00s Real=0.00s
[2026-06-17T09:57:10.523+0800][18.039s][info][gc,start       ] GC(737) Pause Young (Allocation Failure)
[2026-06-17T09:57:10.525+0800][18.041s][info][gc,heap        ] GC(737) PSYoungGen: 12267K(14336K)->3056K(14336K) Eden: 7133K(7168K)->0K(7168K) From: 5133K(7168K)->3056K(7168K)
[2026-06-17T09:57:10.526+0800][18.042s][info][gc,heap        ] GC(737) ParOldGen: 36580K(44032K)->38921K(44032K)
[2026-06-17T09:57:10.527+0800][18.043s][info][gc,metaspace   ] GC(737) Metaspace: 150K(384K)->150K(384K) NonClass: 145K(256K)->145K(256K) Class: 4K(128K)->4K(128K)
[2026-06-17T09:57:10.528+0800][18.044s][info][gc             ] GC(737) Pause Young (Allocation Failure) 47M->40M(57M) 4.715ms
[2026-06-17T09:57:10.528+0800][18.044s][info][gc,cpu         ] GC(737) User=0.00s Sys=0.00s Real=0.00s
[2026-06-17T09:57:10.540+0800][18.056s][info][gc,start       ] GC(738) Pause Young (Allocation Failure)
[2026-06-17T09:57:10.542+0800][18.058s][info][gc,heap        ] GC(738) PSYoungGen: 10174K(14336K)->4620K(14336K) Eden: 7117K(7168K)->0K(7168K) From: 3056K(7168K)->4620K(7168K)
[2026-06-17T09:57:10.543+0800][18.059s][info][gc,heap        ] GC(738) ParOldGen: 38921K(44032K)->41082K(44032K)
[2026-06-17T09:57:10.543+0800][18.059s][info][gc,metaspace   ] GC(738) Metaspace: 150K(384K)->150K(384K) NonClass: 145K(256K)->145K(256K) Class: 4K(128K)->4K(128K)
[2026-06-17T09:57:10.544+0800][18.060s][info][gc             ] GC(738) Pause Young (Allocation Failure) 47M->44M(57M) 3.942ms
[2026-06-17T09:57:10.544+0800][18.060s][info][gc,cpu         ] GC(738) User=0.00s Sys=0.00s Real=0.01s
[2026-06-17T09:57:10.566+0800][18.082s][info][gc,start       ] GC(739) Pause Full (Ergonomics)
[2026-06-17T09:57:10.567+0800][18.083s][info][gc,phases,start] GC(739) Marking Phase
[2026-06-17T09:57:10.568+0800][18.084s][info][gc,phases      ] GC(739) Marking Phase 1.687ms
[2026-06-17T09:57:10.571+0800][18.087s][info][gc,phases,start] GC(739) Summary Phase
[2026-06-17T09:57:10.571+0800][18.087s][info][gc,phases      ] GC(739) Summary Phase 0.635ms
[2026-06-17T09:57:10.573+0800][18.089s][info][gc,phases,start] GC(739) Adjust Roots
[2026-06-17T09:57:10.574+0800][18.090s][info][gc,phases      ] GC(739) Adjust Roots 1.235ms
[2026-06-17T09:57:10.575+0800][18.091s][info][gc,phases,start] GC(739) Compaction Phase
[2026-06-17T09:57:10.578+0800][18.094s][info][gc,phases      ] GC(739) Compaction Phase 2.631ms
[2026-06-17T09:57:10.578+0800][18.094s][info][gc,phases,start] GC(739) Post Compact
[2026-06-17T09:57:10.579+0800][18.095s][info][gc,phases      ] GC(739) Post Compact 0.709ms
[2026-06-17T09:57:10.581+0800][18.097s][info][gc,heap        ] GC(739) PSYoungGen: 11762K(14336K)->0K(14336K) Eden: 7142K(7168K)->0K(7168K) From: 4620K(7168K)->0K(7168K)
[2026-06-17T09:57:10.582+0800][18.098s][info][gc,heap        ] GC(739) ParOldGen: 41082K(44032K)->26533K(44032K)
[2026-06-17T09:57:10.583+0800][18.099s][info][gc,metaspace   ] GC(739) Metaspace: 150K(384K)->150K(384K) NonClass: 145K(256K)->145K(256K) Class: 4K(128K)->4K(128K)
[2026-06-17T09:57:10.583+0800][18.099s][info][gc             ] GC(739) Pause Full (Ergonomics) 51M->25M(57M) 17.266ms
[2026-06-17T09:57:10.584+0800][18.100s][info][gc,cpu         ] GC(739) User=0.01s Sys=0.00s Real=0.02s
[2026-06-17T09:57:10.595+0800][18.111s][info][gc,start       ] GC(740) Pause Young (Allocation Failure)
[2026-06-17T09:57:10.596+0800][18.112s][info][gc,heap        ] GC(740) PSYoungGen: 7143K(14336K)->7071K(14336K) Eden: 7143K(7168K)->0K(7168K) From: 0K(7168K)->7071K(7168K)
[2026-06-17T09:57:10.597+0800][18.113s][info][gc,heap        ] GC(740) ParOldGen: 26533K(44032K)->26652K(44032K)
[2026-06-17T09:57:10.598+0800][18.114s][info][gc,metaspace   ] GC(740) Metaspace: 150K(384K)->150K(384K) NonClass: 145K(256K)->145K(256K) Class: 4K(128K)->4K(128K)
[2026-06-17T09:57:10.598+0800][18.114s][info][gc             ] GC(740) Pause Young (Allocation Failure) 32M->32M(57M) 3.117ms
[2026-06-17T09:57:10.600+0800][18.116s][info][gc,cpu         ] GC(740) User=0.00s Sys=0.00s Real=0.00s
[2026-06-17T09:57:10.622+0800][18.138s][info][gc,start       ] GC(741) Pause Young (Allocation Failure)
[2026-06-17T09:57:10.624+0800][18.140s][info][gc,heap        ] GC(741) PSYoungGen: 14212K(14336K)->2838K(14336K) Eden: 7140K(7168K)->0K(7168K) From: 7071K(7168K)->2838K(7168K)
[2026-06-17T09:57:10.625+0800][18.141s][info][gc,heap        ] GC(741) ParOldGen: 26652K(44032K)->31108K(44032K)
[2026-06-17T09:57:10.625+0800][18.141s][info][gc,metaspace   ] GC(741) Metaspace: 150K(384K)->150K(384K) NonClass: 145K(256K)->145K(256K) Class: 4K(128K)->4K(128K)
[2026-06-17T09:57:10.626+0800][18.142s][info][gc             ] GC(741) Pause Young (Allocation Failure) 39M->33M(57M) 4.180ms
[2026-06-17T09:57:10.627+0800][18.143s][info][gc,cpu         ] GC(741) User=0.00s Sys=0.01s Real=0.01s
[2026-06-17T09:57:10.648+0800][18.164s][info][gc,start       ] GC(742) Pause Young (Allocation Failure)
[2026-06-17T09:57:10.650+0800][18.166s][info][gc,heap        ] GC(742) PSYoungGen: 9993K(14336K)->3025K(14336K) Eden: 7155K(7168K)->0K(7168K) From: 2838K(7168K)->3025K(7168K)
[2026-06-17T09:57:10.650+0800][18.167s][info][gc,heap        ] GC(742) ParOldGen: 31108K(44032K)->31108K(44032K)
[2026-06-17T09:57:10.651+0800][18.167s][info][gc,metaspace   ] GC(742) Metaspace: 150K(384K)->150K(384K) NonClass: 145K(256K)->145K(256K) Class: 4K(128K)->4K(128K)
[2026-06-17T09:57:10.652+0800][18.168s][info][gc             ] GC(742) Pause Young (Allocation Failure) 40M->33M(57M) 3.508ms
[2026-06-17T09:57:10.653+0800][18.169s][info][gc,cpu         ] GC(742) User=0.01s Sys=0.00s Real=0.01s
[2026-06-17T09:57:10.665+0800][18.181s][info][gc,start       ] GC(743) Pause Young (Allocation Failure)
[2026-06-17T09:57:10.666+0800][18.182s][info][gc,heap        ] GC(743) PSYoungGen: 10092K(14336K)->1181K(14336K) Eden: 7066K(7168K)->0K(7168K) From: 3025K(7168K)->1181K(7168K)
[2026-06-17T09:57:10.667+0800][18.183s][info][gc,heap        ] GC(743) ParOldGen: 31108K(44032K)->32852K(44032K)
[2026-06-17T09:57:10.668+0800][18.184s][info][gc,metaspace   ] GC(743) Metaspace: 150K(384K)->150K(384K) NonClass: 145K(256K)->145K(256K) Class: 4K(128K)->4K(128K)
[2026-06-17T09:57:10.668+0800][18.184s][info][gc             ] GC(743) Pause Young (Allocation Failure) 40M->33M(57M) 3.714ms
[2026-06-17T09:57:10.669+0800][18.185s][info][gc,cpu         ] GC(743) User=0.00s Sys=0.00s Real=0.00s
[2026-06-17T09:57:10.690+0800][18.206s][info][gc,start       ] GC(744) Pause Young (Allocation Failure)
[2026-06-17T09:57:10.692+0800][18.208s][info][gc,heap        ] GC(744) PSYoungGen: 8337K(14336K)->4011K(14336K) Eden: 7156K(7168K)->0K(7168K) From: 1181K(7168K)->4011K(7168K)
[2026-06-17T09:57:10.692+0800][18.208s][info][gc,heap        ] GC(744) ParOldGen: 32852K(44032K)->34009K(44032K)
[2026-06-17T09:57:10.693+0800][18.209s][info][gc,metaspace   ] GC(744) Metaspace: 150K(384K)->150K(384K) NonClass: 145K(256K)->145K(256K) Class: 4K(128K)->4K(128K)
[2026-06-17T09:57:10.693+0800][18.209s][info][gc             ] GC(744) Pause Young (Allocation Failure) 40M->37M(57M) 3.068ms
[2026-06-17T09:57:10.694+0800][18.210s][info][gc,cpu         ] GC(744) User=0.00s Sys=0.00s Real=0.01s
[2026-06-17T09:57:10.715+0800][18.231s][info][gc,start       ] GC(745) Pause Young (Allocation Failure)
[2026-06-17T09:57:10.716+0800][18.232s][info][gc,heap        ] GC(745) PSYoungGen: 11176K(14336K)->3487K(14336K) Eden: 7165K(7168K)->0K(7168K) From: 4011K(7168K)->3487K(7168K)
[2026-06-17T09:57:10.717+0800][18.233s][info][gc,heap        ] GC(745) ParOldGen: 34009K(44032K)->34727K(44032K)
[2026-06-17T09:57:10.717+0800][18.233s][info][gc,metaspace   ] GC(745) Metaspace: 150K(384K)->150K(384K) NonClass: 145K(256K)->145K(256K) Class: 4K(128K)->4K(128K)
[2026-06-17T09:57:10.718+0800][18.234s][info][gc             ] GC(745) Pause Young (Allocation Failure) 44M->37M(57M) 2.445ms
[2026-06-17T09:57:10.718+0800][18.234s][info][gc,cpu         ] GC(745) User=0.00s Sys=0.00s Real=0.00s
[2026-06-17T09:57:10.739+0800][18.255s][info][gc,start       ] GC(746) Pause Young (Allocation Failure)
[2026-06-17T09:57:10.740+0800][18.256s][info][gc,heap        ] GC(746) PSYoungGen: 10650K(14336K)->1949K(14336K) Eden: 7162K(7168K)->0K(7168K) From: 3487K(7168K)->1949K(7168K)
[2026-06-17T09:57:10.741+0800][18.257s][info][gc,heap        ] GC(746) ParOldGen: 34727K(44032K)->36493K(44032K)
[2026-06-17T09:57:10.741+0800][18.257s][info][gc,metaspace   ] GC(746) Metaspace: 150K(384K)->150K(384K) NonClass: 145K(256K)->145K(256K) Class: 4K(128K)->4K(128K)
[2026-06-17T09:57:10.741+0800][18.257s][info][gc             ] GC(746) Pause Young (Allocation Failure) 44M->37M(57M) 1.997ms
[2026-06-17T09:57:10.742+0800][18.258s][info][gc,cpu         ] GC(746) User=0.00s Sys=0.00s Real=0.00s
[2026-06-17T09:57:10.753+0800][18.269s][info][gc,start       ] GC(747) Pause Young (Allocation Failure)
[2026-06-17T09:57:10.754+0800][18.270s][info][gc,heap        ] GC(747) PSYoungGen: 9093K(14336K)->5628K(14336K) Eden: 7144K(7168K)->0K(7168K) From: 1949K(7168K)->5628K(7168K)
[2026-06-17T09:57:10.754+0800][18.270s][info][gc,heap        ] GC(747) ParOldGen: 36493K(44032K)->36493K(44032K)
[2026-06-17T09:57:10.756+0800][18.272s][info][gc,metaspace   ] GC(747) Metaspace: 150K(384K)->150K(384K) NonClass: 145K(256K)->145K(256K) Class: 4K(128K)->4K(128K)
[2026-06-17T09:57:10.756+0800][18.272s][info][gc             ] GC(747) Pause Young (Allocation Failure) 44M->41M(57M) 3.551ms
[2026-06-17T09:57:10.756+0800][18.272s][info][gc,cpu         ] GC(747) User=0.00s Sys=0.00s Real=0.00s
[2026-06-17T09:57:10.778+0800][18.294s][info][gc,start       ] GC(748) Pause Young (Allocation Failure)
[2026-06-17T09:57:10.779+0800][18.295s][info][gc,heap        ] GC(748) PSYoungGen: 12735K(14336K)->32K(14336K) Eden: 7107K(7168K)->0K(7168K) From: 5628K(7168K)->32K(7168K)
[2026-06-17T09:57:10.779+0800][18.295s][info][gc,heap        ] GC(748) ParOldGen: 36493K(44032K)->38668K(44032K)
[2026-06-17T09:57:10.780+0800][18.296s][info][gc,metaspace   ] GC(748) Metaspace: 150K(384K)->150K(384K) NonClass: 145K(256K)->145K(256K) Class: 4K(128K)->4K(128K)
[2026-06-17T09:57:10.780+0800][18.296s][info][gc             ] GC(748) Pause Young (Allocation Failure) 48M->37M(57M) 2.381ms
[2026-06-17T09:57:10.780+0800][18.296s][info][gc,cpu         ] GC(748) User=0.00s Sys=0.00s Real=0.00s
[2026-06-17T09:57:10.802+0800][18.318s][info][gc,start       ] GC(749) Pause Young (Allocation Failure)
[2026-06-17T09:57:10.803+0800][18.319s][info][gc,heap        ] GC(749) PSYoungGen: 7192K(14336K)->3788K(14336K) Eden: 7160K(7168K)->0K(7168K) From: 32K(7168K)->3788K(7168K)
[2026-06-17T09:57:10.803+0800][18.319s][info][gc,heap        ] GC(749) ParOldGen: 38668K(44032K)->38676K(44032K)
[2026-06-17T09:57:10.803+0800][18.319s][info][gc,metaspace   ] GC(749) Metaspace: 150K(384K)->150K(384K) NonClass: 145K(256K)->145K(256K) Class: 4K(128K)->4K(128K)
[2026-06-17T09:57:10.803+0800][18.319s][info][gc             ] GC(749) Pause Young (Allocation Failure) 44M->41M(57M) 1.706ms
[2026-06-17T09:57:10.804+0800][18.320s][info][gc,cpu         ] GC(749) User=0.00s Sys=0.00s Real=0.01s
[2026-06-17T09:57:10.815+0800][18.331s][info][gc,start       ] GC(750) Pause Young (Allocation Failure)
[2026-06-17T09:57:10.816+0800][18.332s][info][gc,heap        ] GC(750) PSYoungGen: 10905K(14336K)->1617K(14336K) Eden: 7116K(7168K)->0K(7168K) From: 3788K(7168K)->1617K(7168K)
[2026-06-17T09:57:10.817+0800][18.333s][info][gc,heap        ] GC(750) ParOldGen: 38676K(44032K)->41305K(44032K)
[2026-06-17T09:57:10.817+0800][18.333s][info][gc,metaspace   ] GC(750) Metaspace: 150K(384K)->150K(384K) NonClass: 145K(256K)->145K(256K) Class: 4K(128K)->4K(128K)
[2026-06-17T09:57:10.818+0800][18.334s][info][gc             ] GC(750) Pause Young (Allocation Failure) 48M->41M(57M) 2.774ms
[2026-06-17T09:57:10.818+0800][18.334s][info][gc,cpu         ] GC(750) User=0.00s Sys=0.00s Real=0.00s
[2026-06-17T09:57:10.840+0800][18.356s][info][gc,start       ] GC(751) Pause Full (Ergonomics)
[2026-06-17T09:57:10.840+0800][18.356s][info][gc,phases,start] GC(751) Marking Phase
[2026-06-17T09:57:10.841+0800][18.357s][info][gc,phases      ] GC(751) Marking Phase 1.148ms
[2026-06-17T09:57:10.842+0800][18.358s][info][gc,phases,start] GC(751) Summary Phase
[2026-06-17T09:57:10.842+0800][18.358s][info][gc,phases      ] GC(751) Summary Phase 0.487ms
[2026-06-17T09:57:10.843+0800][18.359s][info][gc,phases,start] GC(751) Adjust Roots
[2026-06-17T09:57:10.844+0800][18.360s][info][gc,phases      ] GC(751) Adjust Roots 0.746ms
[2026-06-17T09:57:10.845+0800][18.361s][info][gc,phases,start] GC(751) Compaction Phase
[2026-06-17T09:57:10.847+0800][18.363s][info][gc,phases      ] GC(751) Compaction Phase 2.043ms
[2026-06-17T09:57:10.847+0800][18.363s][info][gc,phases,start] GC(751) Post Compact
[2026-06-17T09:57:10.848+0800][18.364s][info][gc,phases      ] GC(751) Post Compact 0.624ms
[2026-06-17T09:57:10.848+0800][18.364s][info][gc,heap        ] GC(751) PSYoungGen: 8777K(14336K)->0K(14336K) Eden: 7160K(7168K)->0K(7168K) From: 1617K(7168K)->0K(7168K)
[2026-06-17T09:57:10.849+0800][18.365s][info][gc,heap        ] GC(751) ParOldGen: 41305K(44032K)->23025K(44032K)
[2026-06-17T09:57:10.849+0800][18.365s][info][gc,metaspace   ] GC(751) Metaspace: 150K(384K)->150K(384K) NonClass: 145K(256K)->145K(256K) Class: 4K(128K)->4K(128K)
[2026-06-17T09:57:10.850+0800][18.366s][info][gc             ] GC(751) Pause Full (Ergonomics) 48M->22M(57M) 9.921ms
[2026-06-17T09:57:10.850+0800][18.366s][info][gc,cpu         ] GC(751) User=0.00s Sys=0.00s Real=0.01s
[2026-06-17T09:57:10.872+0800][18.388s][info][gc,start       ] GC(752) Pause Young (Allocation Failure)
[2026-06-17T09:57:10.873+0800][18.389s][info][gc,heap        ] GC(752) PSYoungGen: 7139K(14336K)->3691K(14336K) Eden: 7139K(7168K)->0K(7168K) From: 0K(7168K)->3691K(7168K)
[2026-06-17T09:57:10.874+0800][18.390s][info][gc,heap        ] GC(752) ParOldGen: 23025K(44032K)->23025K(44032K)
[2026-06-17T09:57:10.874+0800][18.390s][info][gc,metaspace   ] GC(752) Metaspace: 150K(384K)->150K(384K) NonClass: 145K(256K)->145K(256K) Class: 4K(128K)->4K(128K)
[2026-06-17T09:57:10.875+0800][18.391s][info][gc             ] GC(752) Pause Young (Allocation Failure) 29M->26M(57M) 2.940ms
[2026-06-17T09:57:10.875+0800][18.391s][info][gc,cpu         ] GC(752) User=0.00s Sys=0.00s Real=0.00s
[2026-06-17T09:57:10.897+0800][18.413s][info][gc,start       ] GC(753) Pause Young (Allocation Failure)
[2026-06-17T09:57:10.898+0800][18.414s][info][gc,heap        ] GC(753) PSYoungGen: 10840K(14336K)->1385K(14336K) Eden: 7149K(7168K)->0K(7168K) From: 3691K(7168K)->1385K(7168K)
[2026-06-17T09:57:10.898+0800][18.414s][info][gc,heap        ] GC(753) ParOldGen: 23025K(44032K)->25621K(44032K)
[2026-06-17T09:57:10.898+0800][18.414s][info][gc,metaspace   ] GC(753) Metaspace: 150K(384K)->150K(384K) NonClass: 145K(256K)->145K(256K) Class: 4K(128K)->4K(128K)
[2026-06-17T09:57:10.899+0800][18.415s][info][gc             ] GC(753) Pause Young (Allocation Failure) 33M->26M(57M) 1.987ms
[2026-06-17T09:57:10.899+0800][18.415s][info][gc,cpu         ] GC(753) User=0.00s Sys=0.00s Real=0.00s
[2026-06-17T09:57:10.910+0800][18.426s][info][gc,start       ] GC(754) Pause Young (Allocation Failure)
[2026-06-17T09:57:10.911+0800][18.427s][info][gc,heap        ] GC(754) PSYoungGen: 8547K(14336K)->5247K(14336K) Eden: 7162K(7168K)->0K(7168K) From: 1385K(7168K)->5247K(7168K)
[2026-06-17T09:57:10.911+0800][18.427s][info][gc,heap        ] GC(754) ParOldGen: 25621K(44032K)->25621K(44032K)
[2026-06-17T09:57:10.912+0800][18.428s][info][gc,metaspace   ] GC(754) Metaspace: 150K(384K)->150K(384K) NonClass: 145K(256K)->145K(256K) Class: 4K(128K)->4K(128K)
[2026-06-17T09:57:10.912+0800][18.428s][info][gc             ] GC(754) Pause Young (Allocation Failure) 33M->30M(57M) 2.416ms
[2026-06-17T09:57:10.913+0800][18.429s][info][gc,cpu         ] GC(754) User=0.00s Sys=0.00s Real=0.01s
[2026-06-17T09:57:10.934+0800][18.450s][info][gc,start       ] GC(755) Pause Young (Allocation Failure)
[2026-06-17T09:57:10.935+0800][18.451s][info][gc,heap        ] GC(755) PSYoungGen: 12395K(14336K)->2990K(14336K) Eden: 7148K(7168K)->0K(7168K) From: 5247K(7168K)->2990K(7168K)
[2026-06-17T09:57:10.935+0800][18.451s][info][gc,heap        ] GC(755) ParOldGen: 25621K(44032K)->27848K(44032K)
[2026-06-17T09:57:10.936+0800][18.452s][info][gc,metaspace   ] GC(755) Metaspace: 150K(384K)->150K(384K) NonClass: 145K(256K)->145K(256K) Class: 4K(128K)->4K(128K)
[2026-06-17T09:57:10.936+0800][18.452s][info][gc             ] GC(755) Pause Young (Allocation Failure) 37M->30M(57M) 2.658ms
[2026-06-17T09:57:10.937+0800][18.453s][info][gc,cpu         ] GC(755) User=0.00s Sys=0.00s Real=0.00s
[2026-06-17T09:57:10.958+0800][18.474s][info][gc,start       ] GC(756) Pause Young (Allocation Failure)
[2026-06-17T09:57:10.959+0800][18.475s][info][gc,heap        ] GC(756) PSYoungGen: 10133K(14336K)->3523K(14336K) Eden: 7143K(7168K)->0K(7168K) From: 2990K(7168K)->3523K(7168K)
[2026-06-17T09:57:10.960+0800][18.476s][info][gc,heap        ] GC(756) ParOldGen: 27848K(44032K)->27848K(44032K)
[2026-06-17T09:57:10.960+0800][18.476s][info][gc,metaspace   ] GC(756) Metaspace: 150K(384K)->150K(384K) NonClass: 145K(256K)->145K(256K) Class: 4K(128K)->4K(128K)
[2026-06-17T09:57:10.960+0800][18.476s][info][gc             ] GC(756) Pause Young (Allocation Failure) 37M->30M(57M) 2.006ms
[2026-06-17T09:57:10.960+0800][18.476s][info][gc,cpu         ] GC(756) User=0.00s Sys=0.00s Real=0.00s
[2026-06-17T09:57:10.972+0800][18.488s][info][gc,start       ] GC(757) Pause Young (Allocation Failure)
[2026-06-17T09:57:10.973+0800][18.489s][info][gc,heap        ] GC(757) PSYoungGen: 10597K(14336K)->3509K(14848K) Eden: 7073K(7168K)->0K(7680K) From: 3523K(7168K)->3509K(7168K)
[2026-06-17T09:57:10.973+0800][18.489s][info][gc,heap        ] GC(757) ParOldGen: 27848K(44032K)->27848K(44032K)
[2026-06-17T09:57:10.973+0800][18.489s][info][gc,metaspace   ] GC(757) Metaspace: 150K(384K)->150K(384K) NonClass: 145K(256K)->145K(256K) Class: 4K(128K)->4K(128K)
[2026-06-17T09:57:10.974+0800][18.490s][info][gc             ] GC(757) Pause Young (Allocation Failure) 37M->30M(57M) 1.993ms
[2026-06-17T09:57:10.974+0800][18.490s][info][gc,cpu         ] GC(757) User=0.00s Sys=0.00s Real=0.00s
[2026-06-17T09:57:10.995+0800][18.511s][info][gc,start       ] GC(758) Pause Young (Allocation Failure)
[2026-06-17T09:57:10.998+0800][18.514s][info][gc,heap        ] GC(758) PSYoungGen: 11189K(14848K)->6624K(14336K) Eden: 7680K(7680K)->0K(7680K) From: 3509K(7168K)->6624K(6656K)
[2026-06-17T09:57:10.999+0800][18.515s][info][gc,heap        ] GC(758) ParOldGen: 27848K(44032K)->28745K(44032K)
[2026-06-17T09:57:10.999+0800][18.515s][info][gc,metaspace   ] GC(758) Metaspace: 150K(384K)->150K(384K) NonClass: 145K(256K)->145K(256K) Class: 4K(128K)->4K(128K)
[2026-06-17T09:57:11.000+0800][18.516s][info][gc             ] GC(758) Pause Young (Allocation Failure) 38M->34M(57M) 4.326ms
[2026-06-17T09:57:11.000+0800][18.516s][info][gc,cpu         ] GC(758) User=0.00s Sys=0.00s Real=0.00s
[2026-06-17T09:57:11.022+0800][18.538s][info][gc,start       ] GC(759) Pause Young (Allocation Failure)
[2026-06-17T09:57:11.024+0800][18.540s][info][gc,heap        ] GC(759) PSYoungGen: 14304K(14336K)->4782K(14336K) Eden: 7680K(7680K)->0K(7168K) From: 6624K(6656K)->4782K(7168K)
[2026-06-17T09:57:11.026+0800][18.542s][info][gc,heap        ] GC(759) ParOldGen: 28745K(44032K)->31435K(44032K)
[2026-06-17T09:57:11.026+0800][18.542s][info][gc,metaspace   ] GC(759) Metaspace: 150K(384K)->150K(384K) NonClass: 145K(256K)->145K(256K) Class: 4K(128K)->4K(128K)
[2026-06-17T09:57:11.027+0800][18.543s][info][gc             ] GC(759) Pause Young (Allocation Failure) 42M->35M(57M) 4.794ms
[2026-06-17T09:57:11.027+0800][18.543s][info][gc,cpu         ] GC(759) User=0.00s Sys=0.00s Real=0.01s
[2026-06-17T09:57:11.049+0800][18.565s][info][gc,start       ] GC(760) Pause Young (Allocation Failure)
[2026-06-17T09:57:11.051+0800][18.567s][info][gc,heap        ] GC(760) PSYoungGen: 11935K(14336K)->1439K(14336K) Eden: 7152K(7168K)->0K(7168K) From: 4782K(7168K)->1439K(7168K)
[2026-06-17T09:57:11.051+0800][18.567s][info][gc,heap        ] GC(760) ParOldGen: 31435K(44032K)->35163K(44032K)
[2026-06-17T09:57:11.051+0800][18.567s][info][gc,metaspace   ] GC(760) Metaspace: 150K(384K)->150K(384K) NonClass: 145K(256K)->145K(256K) Class: 4K(128K)->4K(128K)
[2026-06-17T09:57:11.051+0800][18.567s][info][gc             ] GC(760) Pause Young (Allocation Failure) 42M->35M(57M) 2.476ms
[2026-06-17T09:57:11.052+0800][18.568s][info][gc,cpu         ] GC(760) User=0.01s Sys=0.00s Real=0.01s
[2026-06-17T09:57:11.073+0800][18.589s][info][gc,start       ] GC(761) Pause Young (Allocation Failure)
[2026-06-17T09:57:11.074+0800][18.590s][info][gc,heap        ] GC(761) PSYoungGen: 8595K(14336K)->1993K(14336K) Eden: 7155K(7168K)->0K(7168K) From: 1439K(7168K)->1993K(7168K)
[2026-06-17T09:57:11.074+0800][18.590s][info][gc,heap        ] GC(761) ParOldGen: 35163K(44032K)->35163K(44032K)
[2026-06-17T09:57:11.075+0800][18.591s][info][gc,metaspace   ] GC(761) Metaspace: 150K(384K)->150K(384K) NonClass: 145K(256K)->145K(256K) Class: 4K(128K)->4K(128K)
[2026-06-17T09:57:11.075+0800][18.591s][info][gc             ] GC(761) Pause Young (Allocation Failure) 42M->36M(57M) 2.109ms
[2026-06-17T09:57:11.076+0800][18.592s][info][gc,cpu         ] GC(761) User=0.00s Sys=0.00s Real=0.00s
[2026-06-17T09:57:11.087+0800][18.603s][info][gc,start       ] GC(762) Pause Young (Allocation Failure)
[2026-06-17T09:57:11.088+0800][18.604s][info][gc,heap        ] GC(762) PSYoungGen: 9095K(14336K)->32K(14336K) Eden: 7101K(7168K)->0K(7168K) From: 1993K(7168K)->32K(7168K)
[2026-06-17T09:57:11.088+0800][18.604s][info][gc,heap        ] GC(762) ParOldGen: 35163K(44032K)->36945K(44032K)
[2026-06-17T09:57:11.088+0800][18.604s][info][gc,metaspace   ] GC(762) Metaspace: 150K(384K)->150K(384K) NonClass: 145K(256K)->145K(256K) Class: 4K(128K)->4K(128K)
[2026-06-17T09:57:11.089+0800][18.605s][info][gc             ] GC(762) Pause Young (Allocation Failure) 43M->36M(57M) 2.053ms
[2026-06-17T09:57:11.089+0800][18.605s][info][gc,cpu         ] GC(762) User=0.00s Sys=0.00s Real=0.00s
[2026-06-17T09:57:11.110+0800][18.626s][info][gc,start       ] GC(763) Pause Young (Allocation Failure)
[2026-06-17T09:57:11.111+0800][18.627s][info][gc,heap        ] GC(763) PSYoungGen: 7177K(14336K)->3433K(14336K) Eden: 7145K(7168K)->0K(7168K) From: 32K(7168K)->3433K(7168K)
[2026-06-17T09:57:11.112+0800][18.628s][info][gc,heap        ] GC(763) ParOldGen: 36945K(44032K)->36953K(44032K)
[2026-06-17T09:57:11.112+0800][18.628s][info][gc,metaspace   ] GC(763) Metaspace: 150K(384K)->150K(384K) NonClass: 145K(256K)->145K(256K) Class: 4K(128K)->4K(128K)
[2026-06-17T09:57:11.113+0800][18.629s][info][gc             ] GC(763) Pause Young (Allocation Failure) 43M->39M(57M) 2.361ms
[2026-06-17T09:57:11.113+0800][18.629s][info][gc,cpu         ] GC(763) User=0.00s Sys=0.00s Real=0.01s
[2026-06-17T09:57:11.124+0800][18.640s][info][gc,start       ] GC(764) Pause Young (Allocation Failure)
[2026-06-17T09:57:11.125+0800][18.641s][info][gc,heap        ] GC(764) PSYoungGen: 10454K(14336K)->1873K(14336K) Eden: 7020K(7168K)->0K(7168K) From: 3433K(7168K)->1873K(7168K)
[2026-06-17T09:57:11.126+0800][18.642s][info][gc,heap        ] GC(764) ParOldGen: 36953K(44032K)->38810K(44032K)
[2026-06-17T09:57:11.126+0800][18.642s][info][gc,metaspace   ] GC(764) Metaspace: 150K(384K)->150K(384K) NonClass: 145K(256K)->145K(256K) Class: 4K(128K)->4K(128K)
[2026-06-17T09:57:11.127+0800][18.643s][info][gc             ] GC(764) Pause Young (Allocation Failure) 46M->39M(57M) 2.306ms
[2026-06-17T09:57:11.127+0800][18.643s][info][gc,cpu         ] GC(764) User=0.00s Sys=0.00s Real=0.00s
[2026-06-17T09:57:11.148+0800][18.664s][info][gc,start       ] GC(765) Pause Young (Allocation Failure)
[2026-06-17T09:57:11.149+0800][18.665s][info][gc,heap        ] GC(765) PSYoungGen: 9024K(14336K)->3549K(14336K) Eden: 7151K(7168K)->0K(7168K) From: 1873K(7168K)->3549K(7168K)
[2026-06-17T09:57:11.149+0800][18.665s][info][gc,heap        ] GC(765) ParOldGen: 38810K(44032K)->40660K(44032K)
[2026-06-17T09:57:11.149+0800][18.665s][info][gc,metaspace   ] GC(765) Metaspace: 150K(384K)->150K(384K) NonClass: 145K(256K)->145K(256K) Class: 4K(128K)->4K(128K)
[2026-06-17T09:57:11.150+0800][18.666s][info][gc             ] GC(765) Pause Young (Allocation Failure) 46M->43M(57M) 1.325ms
[2026-06-17T09:57:11.150+0800][18.666s][info][gc,cpu         ] GC(765) User=0.00s Sys=0.00s Real=0.00s
[2026-06-17T09:57:11.171+0800][18.687s][info][gc,start       ] GC(766) Pause Full (Ergonomics)
[2026-06-17T09:57:11.171+0800][18.687s][info][gc,phases,start] GC(766) Marking Phase
[2026-06-17T09:57:11.172+0800][18.688s][info][gc,phases      ] GC(766) Marking Phase 0.862ms
[2026-06-17T09:57:11.172+0800][18.688s][info][gc,phases,start] GC(766) Summary Phase
[2026-06-17T09:57:11.173+0800][18.689s][info][gc,phases      ] GC(766) Summary Phase 0.434ms
[2026-06-17T09:57:11.173+0800][18.689s][info][gc,phases,start] GC(766) Adjust Roots
[2026-06-17T09:57:11.174+0800][18.690s][info][gc,phases      ] GC(766) Adjust Roots 0.275ms
[2026-06-17T09:57:11.174+0800][18.690s][info][gc,phases,start] GC(766) Compaction Phase
[2026-06-17T09:57:11.176+0800][18.692s][info][gc,phases      ] GC(766) Compaction Phase 1.786ms
[2026-06-17T09:57:11.176+0800][18.692s][info][gc,phases,start] GC(766) Post Compact
[2026-06-17T09:57:11.176+0800][18.692s][info][gc,phases      ] GC(766) Post Compact 0.286ms
[2026-06-17T09:57:11.176+0800][18.692s][info][gc,heap        ] GC(766) PSYoungGen: 10686K(14336K)->0K(14336K) Eden: 7137K(7168K)->0K(7168K) From: 3549K(7168K)->0K(7168K)
[2026-06-17T09:57:11.176+0800][18.692s][info][gc,heap        ] GC(766) ParOldGen: 40660K(44032K)->31279K(44032K)
[2026-06-17T09:57:11.176+0800][18.692s][info][gc,metaspace   ] GC(766) Metaspace: 150K(384K)->150K(384K) NonClass: 145K(256K)->145K(256K) Class: 4K(128K)->4K(128K)
[2026-06-17T09:57:11.176+0800][18.693s][info][gc             ] GC(766) Pause Full (Ergonomics) 50M->30M(57M) 5.758ms
[2026-06-17T09:57:11.177+0800][18.693s][info][gc,cpu         ] GC(766) User=0.01s Sys=0.00s Real=0.00s
[2026-06-17T09:57:11.198+0800][18.714s][info][gc,start       ] GC(767) Pause Young (Allocation Failure)
[2026-06-17T09:57:11.199+0800][18.715s][info][gc,heap        ] GC(767) PSYoungGen: 7167K(14336K)->4091K(14336K) Eden: 7167K(7168K)->0K(7168K) From: 0K(7168K)->4091K(7168K)
[2026-06-17T09:57:11.199+0800][18.715s][info][gc,heap        ] GC(767) ParOldGen: 31279K(44032K)->31279K(44032K)
[2026-06-17T09:57:11.199+0800][18.715s][info][gc,metaspace   ] GC(767) Metaspace: 150K(384K)->150K(384K) NonClass: 145K(256K)->145K(256K) Class: 4K(128K)->4K(128K)
[2026-06-17T09:57:11.200+0800][18.716s][info][gc             ] GC(767) Pause Young (Allocation Failure) 37M->34M(57M) 2.069ms
[2026-06-17T09:57:11.200+0800][18.716s][info][gc,cpu         ] GC(767) User=0.00s Sys=0.00s Real=0.00s
[2026-06-17T09:57:11.211+0800][18.727s][info][gc,start       ] GC(768) Pause Young (Allocation Failure)
[2026-06-17T09:57:11.213+0800][18.729s][info][gc,heap        ] GC(768) PSYoungGen: 11046K(14336K)->4124K(14336K) Eden: 6955K(7168K)->0K(7168K) From: 4091K(7168K)->4124K(7168K)
[2026-06-17T09:57:11.214+0800][18.730s][info][gc,heap        ] GC(768) ParOldGen: 31279K(44032K)->31279K(44032K)
[2026-06-17T09:57:11.215+0800][18.731s][info][gc,metaspace   ] GC(768) Metaspace: 150K(384K)->150K(384K) NonClass: 145K(256K)->145K(256K) Class: 4K(128K)->4K(128K)
[2026-06-17T09:57:11.216+0800][18.732s][info][gc             ] GC(768) Pause Young (Allocation Failure) 41M->34M(57M) 4.359ms
[2026-06-17T09:57:11.216+0800][18.732s][info][gc,cpu         ] GC(768) User=0.00s Sys=0.00s Real=0.00s
[2026-06-17T09:57:11.238+0800][18.754s][info][gc,start       ] GC(769) Pause Young (Allocation Failure)
[2026-06-17T09:57:11.239+0800][18.755s][info][gc,heap        ] GC(769) PSYoungGen: 11292K(14336K)->7160K(14336K) Eden: 7168K(7168K)->0K(7168K) From: 4124K(7168K)->7160K(7168K)
[2026-06-17T09:57:11.240+0800][18.756s][info][gc,heap        ] GC(769) ParOldGen: 31279K(44032K)->31776K(44032K)
[2026-06-17T09:57:11.240+0800][18.756s][info][gc,metaspace   ] GC(769) Metaspace: 150K(384K)->150K(384K) NonClass: 145K(256K)->145K(256K) Class: 4K(128K)->4K(128K)
[2026-06-17T09:57:11.241+0800][18.757s][info][gc             ] GC(769) Pause Young (Allocation Failure) 41M->38M(57M) 2.920ms
[2026-06-17T09:57:11.241+0800][18.757s][info][gc,cpu         ] GC(769) User=0.00s Sys=0.00s Real=0.00s
[2026-06-17T09:57:11.262+0800][18.778s][info][gc,start       ] GC(770) Pause Young (Allocation Failure)
[2026-06-17T09:57:11.264+0800][18.780s][info][gc,heap        ] GC(770) PSYoungGen: 14302K(14336K)->5294K(14336K) Eden: 7141K(7168K)->0K(7168K) From: 7160K(7168K)->5294K(7168K)
[2026-06-17T09:57:11.264+0800][18.780s][info][gc,heap        ] GC(770) ParOldGen: 31776K(44032K)->33843K(44032K)
[2026-06-17T09:57:11.265+0800][18.781s][info][gc,metaspace   ] GC(770) Metaspace: 150K(384K)->150K(384K) NonClass: 145K(256K)->145K(256K) Class: 4K(128K)->4K(128K)
[2026-06-17T09:57:11.265+0800][18.781s][info][gc             ] GC(770) Pause Young (Allocation Failure) 44M->38M(57M) 2.688ms
[2026-06-17T09:57:11.266+0800][18.782s][info][gc,cpu         ] GC(770) User=0.00s Sys=0.00s Real=0.01s
[2026-06-17T09:57:11.277+0800][18.793s][info][gc,start       ] GC(771) Pause Young (Allocation Failure)
[2026-06-17T09:57:11.278+0800][18.794s][info][gc,heap        ] GC(771) PSYoungGen: 12444K(14336K)->3080K(14336K) Eden: 7149K(7168K)->0K(7168K) From: 5294K(7168K)->3080K(7168K)
[2026-06-17T09:57:11.278+0800][18.794s][info][gc,heap        ] GC(771) ParOldGen: 33843K(44032K)->36183K(44032K)
[2026-06-17T09:57:11.279+0800][18.795s][info][gc,metaspace   ] GC(771) Metaspace: 150K(384K)->150K(384K) NonClass: 145K(256K)->145K(256K) Class: 4K(128K)->4K(128K)
[2026-06-17T09:57:11.279+0800][18.795s][info][gc             ] GC(771) Pause Young (Allocation Failure) 45M->38M(57M) 2.149ms
[2026-06-17T09:57:11.279+0800][18.795s][info][gc,cpu         ] GC(771) User=0.00s Sys=0.00s Real=0.00s
[2026-06-17T09:57:11.301+0800][18.817s][info][gc,start       ] GC(772) Pause Young (Allocation Failure)
[2026-06-17T09:57:11.302+0800][18.818s][info][gc,heap        ] GC(772) PSYoungGen: 10187K(14336K)->3631K(14336K) Eden: 7107K(7168K)->0K(7168K) From: 3080K(7168K)->3631K(7168K)
[2026-06-17T09:57:11.302+0800][18.818s][info][gc,heap        ] GC(772) ParOldGen: 36183K(44032K)->39208K(44032K)
[2026-06-17T09:57:11.303+0800][18.819s][info][gc,metaspace   ] GC(772) Metaspace: 150K(384K)->150K(384K) NonClass: 145K(256K)->145K(256K) Class: 4K(128K)->4K(128K)
[2026-06-17T09:57:11.303+0800][18.819s][info][gc             ] GC(772) Pause Young (Allocation Failure) 45M->41M(57M) 2.088ms
[2026-06-17T09:57:11.303+0800][18.819s][info][gc,cpu         ] GC(772) User=0.01s Sys=0.00s Real=0.01s
[2026-06-17T09:57:11.324+0800][18.840s][info][gc,start       ] GC(773) Pause Young (Allocation Failure)
[2026-06-17T09:57:11.325+0800][18.841s][info][gc,heap        ] GC(773) PSYoungGen: 10790K(14336K)->2972K(14336K) Eden: 7159K(7168K)->0K(7168K) From: 3631K(7168K)->2972K(7168K)
[2026-06-17T09:57:11.326+0800][18.842s][info][gc,heap        ] GC(773) ParOldGen: 39208K(44032K)->39891K(44032K)
[2026-06-17T09:57:11.326+0800][18.842s][info][gc,metaspace   ] GC(773) Metaspace: 150K(384K)->150K(384K) NonClass: 145K(256K)->145K(256K) Class: 4K(128K)->4K(128K)
[2026-06-17T09:57:11.327+0800][18.843s][info][gc             ] GC(773) Pause Young (Allocation Failure) 48M->41M(57M) 2.390ms
[2026-06-17T09:57:11.327+0800][18.843s][info][gc,cpu         ] GC(773) User=0.00s Sys=0.00s Real=0.00s
[2026-06-17T09:57:11.349+0800][18.865s][info][gc,start       ] GC(774) Pause Full (Ergonomics)
[2026-06-17T09:57:11.349+0800][18.865s][info][gc,phases,start] GC(774) Marking Phase
[2026-06-17T09:57:11.350+0800][18.866s][info][gc,phases      ] GC(774) Marking Phase 1.253ms
[2026-06-17T09:57:11.351+0800][18.867s][info][gc,phases,start] GC(774) Summary Phase
[2026-06-17T09:57:11.351+0800][18.867s][info][gc,phases      ] GC(774) Summary Phase 0.258ms
[2026-06-17T09:57:11.351+0800][18.867s][info][gc,phases,start] GC(774) Adjust Roots
[2026-06-17T09:57:11.352+0800][18.868s][info][gc,phases      ] GC(774) Adjust Roots 0.392ms
[2026-06-17T09:57:11.352+0800][18.868s][info][gc,phases,start] GC(774) Compaction Phase
[2026-06-17T09:57:11.354+0800][18.870s][info][gc,phases      ] GC(774) Compaction Phase 1.899ms
[2026-06-17T09:57:11.354+0800][18.870s][info][gc,phases,start] GC(774) Post Compact
[2026-06-17T09:57:11.356+0800][18.872s][info][gc,phases      ] GC(774) Post Compact 1.922ms
[2026-06-17T09:57:11.357+0800][18.873s][info][gc,heap        ] GC(774) PSYoungGen: 10117K(14336K)->0K(14336K) Eden: 7145K(7168K)->0K(7168K) From: 2972K(7168K)->0K(7168K)
[2026-06-17T09:57:11.357+0800][18.873s][info][gc,heap        ] GC(774) ParOldGen: 39891K(44032K)->29590K(44032K)
[2026-06-17T09:57:11.358+0800][18.874s][info][gc,metaspace   ] GC(774) Metaspace: 150K(384K)->150K(384K) NonClass: 145K(256K)->145K(256K) Class: 4K(128K)->4K(128K)
[2026-06-17T09:57:11.358+0800][18.874s][info][gc             ] GC(774) Pause Full (Ergonomics) 48M->28M(57M) 9.777ms
[2026-06-17T09:57:11.359+0800][18.875s][info][gc,cpu         ] GC(774) User=0.00s Sys=0.00s Real=0.01s
[2026-06-17T09:57:11.380+0800][18.896s][info][gc,start       ] GC(775) Pause Young (Allocation Failure)
[2026-06-17T09:57:11.381+0800][18.897s][info][gc,heap        ] GC(775) PSYoungGen: 7151K(14336K)->3966K(14336K) Eden: 7151K(7168K)->0K(7168K) From: 0K(7168K)->3966K(7168K)
[2026-06-17T09:57:11.381+0800][18.897s][info][gc,heap        ] GC(775) ParOldGen: 29590K(44032K)->29590K(44032K)
[2026-06-17T09:57:11.382+0800][18.898s][info][gc,metaspace   ] GC(775) Metaspace: 150K(384K)->150K(384K) NonClass: 145K(256K)->145K(256K) Class: 4K(128K)->4K(128K)
[2026-06-17T09:57:11.382+0800][18.898s][info][gc             ] GC(775) Pause Young (Allocation Failure) 35M->32M(57M) 2.352ms
[2026-06-17T09:57:11.383+0800][18.899s][info][gc,cpu         ] GC(775) User=0.00s Sys=0.00s Real=0.01s
[2026-06-17T09:57:11.394+0800][18.910s][info][gc,start       ] GC(776) Pause Young (Allocation Failure)
[2026-06-17T09:57:11.395+0800][18.911s][info][gc,heap        ] GC(776) PSYoungGen: 11087K(14336K)->3808K(14336K) Eden: 7121K(7168K)->0K(7168K) From: 3966K(7168K)->3808K(7168K)
[2026-06-17T09:57:11.396+0800][18.912s][info][gc,heap        ] GC(776) ParOldGen: 29590K(44032K)->29590K(44032K)
[2026-06-17T09:57:11.396+0800][18.912s][info][gc,metaspace   ] GC(776) Metaspace: 150K(384K)->150K(384K) NonClass: 145K(256K)->145K(256K) Class: 4K(128K)->4K(128K)
[2026-06-17T09:57:11.396+0800][18.912s][info][gc             ] GC(776) Pause Young (Allocation Failure) 39M->32M(57M) 2.658ms
[2026-06-17T09:57:11.397+0800][18.913s][info][gc,cpu         ] GC(776) User=0.01s Sys=0.00s Real=0.00s
[2026-06-17T09:57:11.418+0800][18.934s][info][gc,start       ] GC(777) Pause Young (Allocation Failure)
[2026-06-17T09:57:11.420+0800][18.936s][info][gc,heap        ] GC(777) PSYoungGen: 10963K(14336K)->7134K(14336K) Eden: 7154K(7168K)->0K(7168K) From: 3808K(7168K)->7134K(7168K)
[2026-06-17T09:57:11.420+0800][18.936s][info][gc,heap        ] GC(777) ParOldGen: 29590K(44032K)->30114K(44032K)
[2026-06-17T09:57:11.421+0800][18.937s][info][gc,metaspace   ] GC(777) Metaspace: 150K(384K)->150K(384K) NonClass: 145K(256K)->145K(256K) Class: 4K(128K)->4K(128K)
[2026-06-17T09:57:11.421+0800][18.937s][info][gc             ] GC(777) Pause Young (Allocation Failure) 39M->36M(57M) 3.200ms
[2026-06-17T09:57:11.422+0800][18.938s][info][gc,cpu         ] GC(777) User=0.00s Sys=0.00s Real=0.00s
[2026-06-17T09:57:11.433+0800][18.949s][info][gc,start       ] GC(778) Pause Young (Allocation Failure)
[2026-06-17T09:57:11.434+0800][18.950s][info][gc,heap        ] GC(778) PSYoungGen: 14134K(14336K)->3713K(14336K) Eden: 6999K(7168K)->0K(7168K) From: 7134K(7168K)->3713K(7168K)
[2026-06-17T09:57:11.435+0800][18.951s][info][gc,heap        ] GC(778) ParOldGen: 30114K(44032K)->33651K(44032K)
[2026-06-17T09:57:11.435+0800][18.951s][info][gc,metaspace   ] GC(778) Metaspace: 150K(384K)->150K(384K) NonClass: 145K(256K)->145K(256K) Class: 4K(128K)->4K(128K)
[2026-06-17T09:57:11.436+0800][18.952s][info][gc             ] GC(778) Pause Young (Allocation Failure) 43M->36M(57M) 3.074ms
[2026-06-17T09:57:11.436+0800][18.952s][info][gc,cpu         ] GC(778) User=0.00s Sys=0.00s Real=0.00s
[2026-06-17T09:57:11.458+0800][18.974s][info][gc,start       ] GC(779) Pause Young (Allocation Failure)
[2026-06-17T09:57:11.459+0800][18.975s][info][gc,heap        ] GC(779) PSYoungGen: 10879K(14336K)->4122K(14336K) Eden: 7166K(7168K)->0K(7168K) From: 3713K(7168K)->4122K(7168K)
[2026-06-17T09:57:11.460+0800][18.976s][info][gc,heap        ] GC(779) ParOldGen: 33651K(44032K)->37341K(44032K)
[2026-06-17T09:57:11.460+0800][18.976s][info][gc,metaspace   ] GC(779) Metaspace: 150K(384K)->150K(384K) NonClass: 145K(256K)->145K(256K) Class: 4K(128K)->4K(128K)
[2026-06-17T09:57:11.461+0800][18.977s][info][gc             ] GC(779) Pause Young (Allocation Failure) 43M->40M(57M) 2.750ms
[2026-06-17T09:57:11.461+0800][18.977s][info][gc,cpu         ] GC(779) User=0.00s Sys=0.01s Real=0.00s
[2026-06-17T09:57:11.482+0800][18.998s][info][gc,start       ] GC(780) Pause Young (Allocation Failure)
[2026-06-17T09:57:11.483+0800][18.999s][info][gc,heap        ] GC(780) PSYoungGen: 11290K(14336K)->4750K(14336K) Eden: 7168K(7168K)->0K(7168K) From: 4122K(7168K)->4750K(7168K)
[2026-06-17T09:57:11.483+0800][18.999s][info][gc,heap        ] GC(780) ParOldGen: 37341K(44032K)->37341K(44032K)
[2026-06-17T09:57:11.483+0800][18.999s][info][gc,metaspace   ] GC(780) Metaspace: 150K(384K)->150K(384K) NonClass: 145K(256K)->145K(256K) Class: 4K(128K)->4K(128K)
[2026-06-17T09:57:11.483+0800][19.000s][info][gc             ] GC(780) Pause Young (Allocation Failure) 47M->41M(57M) 1.170ms
[2026-06-17T09:57:11.484+0800][19.000s][info][gc,cpu         ] GC(780) User=0.00s Sys=0.00s Real=0.01s
[2026-06-17T09:57:11.504+0800][19.021s][info][gc,start       ] GC(781) Pause Young (Allocation Failure)
[2026-06-17T09:57:11.505+0800][19.021s][info][gc,heap        ] GC(781) PSYoungGen: 11918K(14336K)->5275K(14336K) Eden: 7168K(7168K)->0K(7168K) From: 4750K(7168K)->5275K(7168K)
[2026-06-17T09:57:11.506+0800][19.022s][info][gc,heap        ] GC(781) ParOldGen: 37341K(44032K)->37341K(44032K)
[2026-06-17T09:57:11.506+0800][19.022s][info][gc,metaspace   ] GC(781) Metaspace: 150K(384K)->150K(384K) NonClass: 145K(256K)->145K(256K) Class: 4K(128K)->4K(128K)
[2026-06-17T09:57:11.506+0800][19.022s][info][gc             ] GC(781) Pause Young (Allocation Failure) 48M->41M(57M) 1.255ms
[2026-06-17T09:57:11.506+0800][19.022s][info][gc,cpu         ] GC(781) User=0.00s Sys=0.00s Real=0.00s
[2026-06-17T09:57:11.517+0800][19.033s][info][gc,start       ] GC(782) Pause Young (Allocation Failure)
[2026-06-17T09:57:11.518+0800][19.034s][info][gc,heap        ] GC(782) PSYoungGen: 12438K(14336K)->5388K(14336K) Eden: 7162K(7168K)->0K(7168K) From: 5275K(7168K)->5388K(7168K)
[2026-06-17T09:57:11.518+0800][19.034s][info][gc,heap        ] GC(782) ParOldGen: 37341K(44032K)->41008K(44032K)
[2026-06-17T09:57:11.518+0800][19.034s][info][gc,metaspace   ] GC(782) Metaspace: 150K(384K)->150K(384K) NonClass: 145K(256K)->145K(256K) Class: 4K(128K)->4K(128K)
[2026-06-17T09:57:11.518+0800][19.034s][info][gc             ] GC(782) Pause Young (Allocation Failure) 48M->45M(57M) 1.565ms
[2026-06-17T09:57:11.518+0800][19.034s][info][gc,cpu         ] GC(782) User=0.00s Sys=0.00s Real=0.00s
[2026-06-17T09:57:11.539+0800][19.055s][info][gc,start       ] GC(783) Pause Full (Ergonomics)
[2026-06-17T09:57:11.540+0800][19.056s][info][gc,phases,start] GC(783) Marking Phase
[2026-06-17T09:57:11.551+0800][19.067s][info][gc,phases      ] GC(783) Marking Phase 11.167ms
[2026-06-17T09:57:11.553+0800][19.069s][info][gc,phases,start] GC(783) Summary Phase
[2026-06-17T09:57:11.554+0800][19.070s][info][gc,phases      ] GC(783) Summary Phase 1.100ms
[2026-06-17T09:57:11.555+0800][19.071s][info][gc,phases,start] GC(783) Adjust Roots
[2026-06-17T09:57:11.556+0800][19.072s][info][gc,phases      ] GC(783) Adjust Roots 0.819ms
[2026-06-17T09:57:11.557+0800][19.073s][info][gc,phases,start] GC(783) Compaction Phase
[2026-06-17T09:57:11.559+0800][19.075s][info][gc,phases      ] GC(783) Compaction Phase 2.121ms
[2026-06-17T09:57:11.559+0800][19.075s][info][gc,phases,start] GC(783) Post Compact
[2026-06-17T09:57:11.560+0800][19.076s][info][gc,phases      ] GC(783) Post Compact 0.772ms
[2026-06-17T09:57:11.561+0800][19.077s][info][gc,heap        ] GC(783) PSYoungGen: 12417K(14336K)->0K(14336K) Eden: 7029K(7168K)->0K(7168K) From: 5388K(7168K)->0K(7168K)
[2026-06-17T09:57:11.561+0800][19.077s][info][gc,heap        ] GC(783) ParOldGen: 41008K(44032K)->29458K(44032K)
[2026-06-17T09:57:11.562+0800][19.078s][info][gc,metaspace   ] GC(783) Metaspace: 150K(384K)->150K(384K) NonClass: 145K(256K)->145K(256K) Class: 4K(128K)->4K(128K)
[2026-06-17T09:57:11.563+0800][19.079s][info][gc             ] GC(783) Pause Full (Ergonomics) 52M->28M(57M) 23.176ms
[2026-06-17T09:57:11.563+0800][19.079s][info][gc,cpu         ] GC(783) User=0.01s Sys=0.00s Real=0.03s
[2026-06-17T09:57:11.584+0800][19.100s][info][gc,start       ] GC(784) Pause Young (Allocation Failure)
[2026-06-17T09:57:11.585+0800][19.101s][info][gc,heap        ] GC(784) PSYoungGen: 7140K(14336K)->3962K(14336K) Eden: 7140K(7168K)->0K(7168K) From: 0K(7168K)->3962K(7168K)
[2026-06-17T09:57:11.587+0800][19.103s][info][gc,heap        ] GC(784) ParOldGen: 29458K(44032K)->29458K(44032K)
[2026-06-17T09:57:11.588+0800][19.104s][info][gc,metaspace   ] GC(784) Metaspace: 150K(384K)->150K(384K) NonClass: 145K(256K)->145K(256K) Class: 4K(128K)->4K(128K)
[2026-06-17T09:57:11.589+0800][19.105s][info][gc             ] GC(784) Pause Young (Allocation Failure) 35M->32M(57M) 4.261ms
[2026-06-17T09:57:11.589+0800][19.105s][info][gc,cpu         ] GC(784) User=0.00s Sys=0.00s Real=0.00s
[2026-06-17T09:57:11.611+0800][19.127s][info][gc,start       ] GC(785) Pause Young (Allocation Failure)
[2026-06-17T09:57:11.612+0800][19.128s][info][gc,heap        ] GC(785) PSYoungGen: 11091K(14336K)->4204K(14336K) Eden: 7128K(7168K)->0K(7168K) From: 3962K(7168K)->4204K(7168K)
[2026-06-17T09:57:11.614+0800][19.130s][info][gc,heap        ] GC(785) ParOldGen: 29458K(44032K)->29458K(44032K)
[2026-06-17T09:57:11.617+0800][19.133s][info][gc,metaspace   ] GC(785) Metaspace: 150K(384K)->150K(384K) NonClass: 145K(256K)->145K(256K) Class: 4K(128K)->4K(128K)
[2026-06-17T09:57:11.618+0800][19.134s][info][gc             ] GC(785) Pause Young (Allocation Failure) 39M->32M(57M) 7.342ms
[2026-06-17T09:57:11.619+0800][19.135s][info][gc,cpu         ] GC(785) User=0.00s Sys=0.00s Real=0.00s
[2026-06-17T09:57:11.641+0800][19.157s][info][gc,start       ] GC(786) Pause Young (Allocation Failure)
[2026-06-17T09:57:11.642+0800][19.158s][info][gc,heap        ] GC(786) PSYoungGen: 11361K(14336K)->4452K(14336K) Eden: 7157K(7168K)->0K(7168K) From: 4204K(7168K)->4452K(7168K)
[2026-06-17T09:57:11.642+0800][19.158s][info][gc,heap        ] GC(786) ParOldGen: 29458K(44032K)->29458K(44032K)
[2026-06-17T09:57:11.644+0800][19.160s][info][gc,metaspace   ] GC(786) Metaspace: 150K(384K)->150K(384K) NonClass: 145K(256K)->145K(256K) Class: 4K(128K)->4K(128K)
[2026-06-17T09:57:11.644+0800][19.160s][info][gc             ] GC(786) Pause Young (Allocation Failure) 39M->33M(57M) 3.668ms
[2026-06-17T09:57:11.645+0800][19.161s][info][gc,cpu         ] GC(786) User=0.00s Sys=0.00s Real=0.01s
[2026-06-17T09:57:11.657+0800][19.173s][info][gc,start       ] GC(787) Pause Young (Allocation Failure)
[2026-06-17T09:57:11.662+0800][19.178s][info][gc,heap        ] GC(787) PSYoungGen: 11601K(14336K)->6527K(13824K) Eden: 7148K(7168K)->0K(7168K) From: 4452K(7168K)->6527K(6656K)
[2026-06-17T09:57:11.667+0800][19.183s][info][gc,heap        ] GC(787) ParOldGen: 29458K(44032K)->31082K(44032K)
[2026-06-17T09:57:11.667+0800][19.183s][info][gc,metaspace   ] GC(787) Metaspace: 150K(384K)->150K(384K) NonClass: 145K(256K)->145K(256K) Class: 4K(128K)->4K(128K)
[2026-06-17T09:57:11.667+0800][19.183s][info][gc             ] GC(787) Pause Young (Allocation Failure) 40M->36M(56M) 10.681ms
[2026-06-17T09:57:11.669+0800][19.185s][info][gc,cpu         ] GC(787) User=0.00s Sys=0.00s Real=0.01s
[2026-06-17T09:57:11.690+0800][19.206s][info][gc,start       ] GC(788) Pause Young (Allocation Failure)
[2026-06-17T09:57:11.692+0800][19.208s][info][gc,heap        ] GC(788) PSYoungGen: 13660K(13824K)->4831K(14336K) Eden: 7132K(7168K)->0K(7168K) From: 6527K(6656K)->4831K(7168K)
[2026-06-17T09:57:11.692+0800][19.208s][info][gc,heap        ] GC(788) ParOldGen: 31082K(44032K)->33084K(44032K)
[2026-06-17T09:57:11.693+0800][19.209s][info][gc,metaspace   ] GC(788) Metaspace: 150K(384K)->150K(384K) NonClass: 145K(256K)->145K(256K) Class: 4K(128K)->4K(128K)
[2026-06-17T09:57:11.693+0800][19.209s][info][gc             ] GC(788) Pause Young (Allocation Failure) 43M->37M(57M) 3.168ms
[2026-06-17T09:57:11.694+0800][19.210s][info][gc,cpu         ] GC(788) User=0.00s Sys=0.00s Real=0.01s
[2026-06-17T09:57:11.705+0800][19.221s][info][gc,start       ] GC(789) Pause Young (Allocation Failure)
[2026-06-17T09:57:11.706+0800][19.222s][info][gc,heap        ] GC(789) PSYoungGen: 11960K(14336K)->6972K(14336K) Eden: 7128K(7168K)->0K(7168K) From: 4831K(7168K)->6972K(7168K)
[2026-06-17T09:57:11.707+0800][19.223s][info][gc,heap        ] GC(789) ParOldGen: 33084K(44032K)->34557K(44032K)
[2026-06-17T09:57:11.708+0800][19.224s][info][gc,metaspace   ] GC(789) Metaspace: 150K(384K)->150K(384K) NonClass: 145K(256K)->145K(256K) Class: 4K(128K)->4K(128K)
[2026-06-17T09:57:11.708+0800][19.224s][info][gc             ] GC(789) Pause Young (Allocation Failure) 43M->40M(57M) 3.180ms
[2026-06-17T09:57:11.709+0800][19.225s][info][gc,cpu         ] GC(789) User=0.00s Sys=0.00s Real=0.00s
[2026-06-17T09:57:11.731+0800][19.247s][info][gc,start       ] GC(790) Pause Young (Allocation Failure)
[2026-06-17T09:57:11.733+0800][19.249s][info][gc,heap        ] GC(790) PSYoungGen: 14134K(14336K)->6206K(14336K) Eden: 7162K(7168K)->0K(7168K) From: 6972K(7168K)->6206K(7168K)
[2026-06-17T09:57:11.733+0800][19.249s][info][gc,heap        ] GC(790) ParOldGen: 34557K(44032K)->35191K(44032K)
[2026-06-17T09:57:11.734+0800][19.250s][info][gc,metaspace   ] GC(790) Metaspace: 150K(384K)->150K(384K) NonClass: 145K(256K)->145K(256K) Class: 4K(128K)->4K(128K)
[2026-06-17T09:57:11.734+0800][19.250s][info][gc             ] GC(790) Pause Young (Allocation Failure) 47M->40M(57M) 3.519ms
[2026-06-17T09:57:11.735+0800][19.251s][info][gc,cpu         ] GC(790) User=0.01s Sys=0.00s Real=0.00s
[2026-06-17T09:57:11.757+0800][19.273s][info][gc,start       ] GC(791) Pause Young (Allocation Failure)
[2026-06-17T09:57:11.759+0800][19.275s][info][gc,heap        ] GC(791) PSYoungGen: 13349K(14336K)->3584K(14336K) Eden: 7143K(7168K)->0K(7168K) From: 6206K(7168K)->3584K(7168K)
[2026-06-17T09:57:11.760+0800][19.276s][info][gc,heap        ] GC(791) ParOldGen: 35191K(44032K)->38507K(44032K)
[2026-06-17T09:57:11.760+0800][19.276s][info][gc,metaspace   ] GC(791) Metaspace: 150K(384K)->150K(384K) NonClass: 145K(256K)->145K(256K) Class: 4K(128K)->4K(128K)
[2026-06-17T09:57:11.760+0800][19.276s][info][gc             ] GC(791) Pause Young (Allocation Failure) 47M->41M(57M) 3.415ms
[2026-06-17T09:57:11.760+0800][19.276s][info][gc,cpu         ] GC(791) User=0.00s Sys=0.00s Real=0.00s
[2026-06-17T09:57:11.772+0800][19.288s][info][gc,start       ] GC(792) Pause Young (Allocation Failure)
[2026-06-17T09:57:11.773+0800][19.289s][info][gc,heap        ] GC(792) PSYoungGen: 10566K(14336K)->1765K(14336K) Eden: 6981K(7168K)->0K(7168K) From: 3584K(7168K)->1765K(7168K)
[2026-06-17T09:57:11.773+0800][19.289s][info][gc,heap        ] GC(792) ParOldGen: 38507K(44032K)->40411K(44032K)
[2026-06-17T09:57:11.774+0800][19.290s][info][gc,metaspace   ] GC(792) Metaspace: 150K(384K)->150K(384K) NonClass: 145K(256K)->145K(256K) Class: 4K(128K)->4K(128K)
[2026-06-17T09:57:11.774+0800][19.290s][info][gc             ] GC(792) Pause Young (Allocation Failure) 47M->41M(57M) 2.387ms
[2026-06-17T09:57:11.774+0800][19.290s][info][gc,cpu         ] GC(792) User=0.00s Sys=0.00s Real=0.00s
[2026-06-17T09:57:11.796+0800][19.312s][info][gc,start       ] GC(793) Pause Full (Ergonomics)
[2026-06-17T09:57:11.797+0800][19.313s][info][gc,phases,start] GC(793) Marking Phase
[2026-06-17T09:57:11.798+0800][19.314s][info][gc,phases      ] GC(793) Marking Phase 1.477ms
[2026-06-17T09:57:11.799+0800][19.315s][info][gc,phases,start] GC(793) Summary Phase
[2026-06-17T09:57:11.800+0800][19.316s][info][gc,phases      ] GC(793) Summary Phase 0.642ms
[2026-06-17T09:57:11.802+0800][19.318s][info][gc,phases,start] GC(793) Adjust Roots
[2026-06-17T09:57:11.804+0800][19.320s][info][gc,phases      ] GC(793) Adjust Roots 2.250ms
[2026-06-17T09:57:11.804+0800][19.320s][info][gc,phases,start] GC(793) Compaction Phase
[2026-06-17T09:57:11.807+0800][19.323s][info][gc,phases      ] GC(793) Compaction Phase 2.555ms
[2026-06-17T09:57:11.807+0800][19.323s][info][gc,phases,start] GC(793) Post Compact
[2026-06-17T09:57:11.807+0800][19.323s][info][gc,phases      ] GC(793) Post Compact 0.321ms
[2026-06-17T09:57:11.807+0800][19.323s][info][gc,heap        ] GC(793) PSYoungGen: 8933K(14336K)->0K(14336K) Eden: 7168K(7168K)->0K(7168K) From: 1765K(7168K)->0K(7168K)
[2026-06-17T09:57:11.807+0800][19.323s][info][gc,heap        ] GC(793) ParOldGen: 40411K(44032K)->30998K(44032K)
[2026-06-17T09:57:11.808+0800][19.324s][info][gc,metaspace   ] GC(793) Metaspace: 150K(384K)->150K(384K) NonClass: 145K(256K)->145K(256K) Class: 4K(128K)->4K(128K)
[2026-06-17T09:57:11.808+0800][19.324s][info][gc             ] GC(793) Pause Full (Ergonomics) 48M->30M(57M) 11.398ms
[2026-06-17T09:57:11.808+0800][19.324s][info][gc,cpu         ] GC(793) User=0.01s Sys=0.00s Real=0.01s
[2026-06-17T09:57:11.829+0800][19.345s][info][gc,start       ] GC(794) Pause Young (Allocation Failure)
[2026-06-17T09:57:11.847+0800][19.363s][info][gc,heap        ] GC(794) PSYoungGen: 7141K(14336K)->4097K(14336K) Eden: 7141K(7168K)->0K(7168K) From: 0K(7168K)->4097K(7168K)
[2026-06-17T09:57:11.856+0800][19.372s][info][gc,heap        ] GC(794) ParOldGen: 30998K(44032K)->30998K(44032K)
[2026-06-17T09:57:11.857+0800][19.373s][info][gc,metaspace   ] GC(794) Metaspace: 150K(384K)->150K(384K) NonClass: 145K(256K)->145K(256K) Class: 4K(128K)->4K(128K)
[2026-06-17T09:57:11.858+0800][19.374s][info][gc             ] GC(794) Pause Young (Allocation Failure) 37M->34M(57M) 28.737ms
[2026-06-17T09:57:11.859+0800][19.375s][info][gc,cpu         ] GC(794) User=0.01s Sys=0.00s Real=0.03s
[2026-06-17T09:57:11.883+0800][19.399s][info][gc,start       ] GC(795) Pause Young (Allocation Failure)
[2026-06-17T09:57:11.888+0800][19.404s][info][gc,heap        ] GC(795) PSYoungGen: 11248K(14336K)->1803K(14336K) Eden: 7150K(7168K)->0K(7168K) From: 4097K(7168K)->1803K(7168K)
[2026-06-17T09:57:11.916+0800][19.432s][info][gc,heap        ] GC(795) ParOldGen: 30998K(44032K)->33357K(44032K)
[2026-06-17T09:57:11.917+0800][19.433s][info][gc,metaspace   ] GC(795) Metaspace: 150K(384K)->150K(384K) NonClass: 145K(256K)->145K(256K) Class: 4K(128K)->4K(128K)
[2026-06-17T09:57:11.931+0800][19.447s][info][gc             ] GC(795) Pause Young (Allocation Failure) 41M->34M(57M) 47.770ms
[2026-06-17T09:57:11.944+0800][19.460s][info][gc,cpu         ] GC(795) User=0.00s Sys=0.00s Real=0.06s
[2026-06-17T09:57:11.956+0800][19.472s][info][gc,start       ] GC(796) Pause Young (Allocation Failure)
[2026-06-17T09:57:11.958+0800][19.474s][info][gc,heap        ] GC(796) PSYoungGen: 8969K(14336K)->5663K(14336K) Eden: 7166K(7168K)->0K(7168K) From: 1803K(7168K)->5663K(7168K)
[2026-06-17T09:57:11.959+0800][19.475s][info][gc,heap        ] GC(796) ParOldGen: 33357K(44032K)->33357K(44032K)
[2026-06-17T09:57:11.959+0800][19.475s][info][gc,metaspace   ] GC(796) Metaspace: 150K(384K)->150K(384K) NonClass: 145K(256K)->145K(256K) Class: 4K(128K)->4K(128K)
[2026-06-17T09:57:11.959+0800][19.475s][info][gc             ] GC(796) Pause Young (Allocation Failure) 41M->38M(57M) 3.239ms
[2026-06-17T09:57:11.960+0800][19.476s][info][gc,cpu         ] GC(796) User=0.00s Sys=0.00s Real=0.00s
[2026-06-17T09:57:11.982+0800][19.498s][info][gc,start       ] GC(797) Pause Young (Allocation Failure)
[2026-06-17T09:57:11.984+0800][19.500s][info][gc,heap        ] GC(797) PSYoungGen: 12716K(14336K)->374K(14336K) Eden: 7053K(7168K)->0K(7168K) From: 5663K(7168K)->374K(7168K)
[2026-06-17T09:57:11.985+0800][19.501s][info][gc,heap        ] GC(797) ParOldGen: 33357K(44032K)->35386K(44032K)
[2026-06-17T09:57:11.988+0800][19.504s][info][gc,metaspace   ] GC(797) Metaspace: 150K(384K)->150K(384K) NonClass: 145K(256K)->145K(256K) Class: 4K(128K)->4K(128K)
[2026-06-17T09:57:11.989+0800][19.505s][info][gc             ] GC(797) Pause Young (Allocation Failure) 44M->34M(57M) 6.906ms
[2026-06-17T09:57:11.991+0800][19.507s][info][gc,cpu         ] GC(797) User=0.00s Sys=0.00s Real=0.02s
[2026-06-17T09:57:12.015+0800][19.531s][info][gc,start       ] GC(798) Pause Young (Allocation Failure)
[2026-06-17T09:57:12.017+0800][19.533s][info][gc,heap        ] GC(798) PSYoungGen: 7508K(14336K)->3783K(14336K) Eden: 7134K(7168K)->0K(7168K) From: 374K(7168K)->3783K(7168K)
[2026-06-17T09:57:12.018+0800][19.534s][info][gc,heap        ] GC(798) ParOldGen: 35386K(44032K)->35736K(44032K)
[2026-06-17T09:57:12.020+0800][19.536s][info][gc,metaspace   ] GC(798) Metaspace: 150K(384K)->150K(384K) NonClass: 145K(256K)->145K(256K) Class: 4K(128K)->4K(128K)
[2026-06-17T09:57:12.022+0800][19.538s][info][gc             ] GC(798) Pause Young (Allocation Failure) 41M->38M(57M) 6.994ms
[2026-06-17T09:57:12.023+0800][19.539s][info][gc,cpu         ] GC(798) User=0.00s Sys=0.00s Real=0.01s
[2026-06-17T09:57:12.036+0800][19.552s][info][gc,start       ] GC(799) Pause Young (Allocation Failure)
[2026-06-17T09:57:12.037+0800][19.553s][info][gc,heap        ] GC(799) PSYoungGen: 10846K(14336K)->1046K(14336K) Eden: 7062K(7168K)->0K(7168K) From: 3783K(7168K)->1046K(7168K)
[2026-06-17T09:57:12.038+0800][19.554s][info][gc,heap        ] GC(799) ParOldGen: 35736K(44032K)->38504K(44032K)
[2026-06-17T09:57:12.039+0800][19.555s][info][gc,metaspace   ] GC(799) Metaspace: 150K(384K)->150K(384K) NonClass: 145K(256K)->145K(256K) Class: 4K(128K)->4K(128K)
[2026-06-17T09:57:12.042+0800][19.558s][info][gc             ] GC(799) Pause Young (Allocation Failure) 45M->38M(57M) 5.796ms
[2026-06-17T09:57:12.042+0800][19.558s][info][gc,cpu         ] GC(799) User=0.00s Sys=0.00s Real=0.00s
[2026-06-17T09:57:12.064+0800][19.580s][info][gc,start       ] GC(800) Pause Young (Allocation Failure)
[2026-06-17T09:57:12.067+0800][19.583s][info][gc,heap        ] GC(800) PSYoungGen: 8176K(14336K)->3706K(14336K) Eden: 7130K(7168K)->0K(7168K) From: 1046K(7168K)->3706K(7168K)
[2026-06-17T09:57:12.069+0800][19.585s][info][gc,heap        ] GC(800) ParOldGen: 38504K(44032K)->39526K(44032K)
[2026-06-17T09:57:12.069+0800][19.585s][info][gc,metaspace   ] GC(800) Metaspace: 150K(384K)->150K(384K) NonClass: 145K(256K)->145K(256K) Class: 4K(128K)->4K(128K)
[2026-06-17T09:57:12.073+0800][19.589s][info][gc             ] GC(800) Pause Young (Allocation Failure) 45M->42M(57M) 8.517ms
[2026-06-17T09:57:12.076+0800][19.592s][info][gc,cpu         ] GC(800) User=0.00s Sys=0.00s Real=0.01s
[2026-06-17T09:57:12.098+0800][19.614s][info][gc,start       ] GC(801) Pause Young (Allocation Failure)
[2026-06-17T09:57:12.100+0800][19.616s][info][gc,heap        ] GC(801) PSYoungGen: 10868K(14336K)->3360K(14336K) Eden: 7162K(7168K)->0K(7168K) From: 3706K(7168K)->3360K(7168K)
[2026-06-17T09:57:12.102+0800][19.618s][info][gc,heap        ] GC(801) ParOldGen: 39526K(44032K)->40613K(44032K)
[2026-06-17T09:57:12.104+0800][19.620s][info][gc,metaspace   ] GC(801) Metaspace: 150K(384K)->150K(384K) NonClass: 145K(256K)->145K(256K) Class: 4K(128K)->4K(128K)
[2026-06-17T09:57:12.105+0800][19.621s][info][gc             ] GC(801) Pause Young (Allocation Failure) 49M->42M(57M) 6.704ms
[2026-06-17T09:57:12.109+0800][19.625s][info][gc,cpu         ] GC(801) User=0.00s Sys=0.00s Real=0.01s
[2026-06-17T09:57:12.131+0800][19.647s][info][gc,start       ] GC(802) Pause Full (Ergonomics)
[2026-06-17T09:57:12.131+0800][19.647s][info][gc,phases,start] GC(802) Marking Phase
[2026-06-17T09:57:12.133+0800][19.649s][info][gc,phases      ] GC(802) Marking Phase 2.021ms
[2026-06-17T09:57:12.134+0800][19.650s][info][gc,phases,start] GC(802) Summary Phase
[2026-06-17T09:57:12.134+0800][19.650s][info][gc,phases      ] GC(802) Summary Phase 0.432ms
[2026-06-17T09:57:12.135+0800][19.651s][info][gc,phases,start] GC(802) Adjust Roots
[2026-06-17T09:57:12.135+0800][19.651s][info][gc,phases      ] GC(802) Adjust Roots 0.537ms
[2026-06-17T09:57:12.135+0800][19.651s][info][gc,phases,start] GC(802) Compaction Phase
[2026-06-17T09:57:12.138+0800][19.654s][info][gc,phases      ] GC(802) Compaction Phase 2.731ms
[2026-06-17T09:57:12.139+0800][19.655s][info][gc,phases,start] GC(802) Post Compact
[2026-06-17T09:57:12.139+0800][19.655s][info][gc,phases      ] GC(802) Post Compact 0.577ms
[2026-06-17T09:57:12.140+0800][19.656s][info][gc,heap        ] GC(802) PSYoungGen: 10502K(14336K)->0K(14336K) Eden: 7141K(7168K)->0K(7168K) From: 3360K(7168K)->0K(7168K)
[2026-06-17T09:57:12.140+0800][19.656s][info][gc,heap        ] GC(802) ParOldGen: 40613K(44032K)->30928K(44032K)
[2026-06-17T09:57:12.140+0800][19.656s][info][gc,metaspace   ] GC(802) Metaspace: 150K(384K)->150K(384K) NonClass: 145K(256K)->145K(256K) Class: 4K(128K)->4K(128K)
[2026-06-17T09:57:12.140+0800][19.656s][info][gc             ] GC(802) Pause Full (Ergonomics) 49M->30M(57M) 9.582ms
[2026-06-17T09:57:12.141+0800][19.657s][info][gc,cpu         ] GC(802) User=0.00s Sys=0.00s Real=0.00s
[2026-06-17T09:57:12.152+0800][19.668s][info][gc,start       ] GC(803) Pause Young (Allocation Failure)
[2026-06-17T09:57:12.153+0800][19.669s][info][gc,heap        ] GC(803) PSYoungGen: 7155K(14336K)->6901K(14336K) Eden: 7155K(7168K)->0K(7168K) From: 0K(7168K)->6901K(7168K)
[2026-06-17T09:57:12.153+0800][19.669s][info][gc,heap        ] GC(803) ParOldGen: 30928K(44032K)->31279K(44032K)
[2026-06-17T09:57:12.153+0800][19.669s][info][gc,metaspace   ] GC(803) Metaspace: 150K(384K)->150K(384K) NonClass: 145K(256K)->145K(256K) Class: 4K(128K)->4K(128K)
[2026-06-17T09:57:12.153+0800][19.669s][info][gc             ] GC(803) Pause Young (Allocation Failure) 37M->37M(57M) 1.421ms
[2026-06-17T09:57:12.153+0800][19.669s][info][gc,cpu         ] GC(803) User=0.01s Sys=0.00s Real=0.00s
[2026-06-17T09:57:12.175+0800][19.691s][info][gc,start       ] GC(804) Pause Young (Allocation Failure)
[2026-06-17T09:57:12.176+0800][19.692s][info][gc,heap        ] GC(804) PSYoungGen: 14035K(14336K)->3230K(14336K) Eden: 7133K(7168K)->0K(7168K) From: 6901K(7168K)->3230K(7168K)
[2026-06-17T09:57:12.176+0800][19.692s][info][gc,heap        ] GC(804) ParOldGen: 31279K(44032K)->34804K(44032K)
[2026-06-17T09:57:12.176+0800][19.692s][info][gc,metaspace   ] GC(804) Metaspace: 150K(384K)->150K(384K) NonClass: 145K(256K)->145K(256K) Class: 4K(128K)->4K(128K)
[2026-06-17T09:57:12.177+0800][19.693s][info][gc             ] GC(804) Pause Young (Allocation Failure) 44M->37M(57M) 2.029ms
[2026-06-17T09:57:12.177+0800][19.693s][info][gc,cpu         ] GC(804) User=0.00s Sys=0.00s Real=0.00s
[2026-06-17T09:57:12.198+0800][19.714s][info][gc,start       ] GC(805) Pause Young (Allocation Failure)
[2026-06-17T09:57:12.200+0800][19.716s][info][gc,heap        ] GC(805) PSYoungGen: 10380K(14336K)->3536K(14336K) Eden: 7150K(7168K)->0K(7168K) From: 3230K(7168K)->3536K(7168K)
[2026-06-17T09:57:12.201+0800][19.717s][info][gc,heap        ] GC(805) ParOldGen: 34804K(44032K)->34804K(44032K)
[2026-06-17T09:57:12.201+0800][19.717s][info][gc,metaspace   ] GC(805) Metaspace: 150K(384K)->150K(384K) NonClass: 145K(256K)->145K(256K) Class: 4K(128K)->4K(128K)
[2026-06-17T09:57:12.202+0800][19.718s][info][gc             ] GC(805) Pause Young (Allocation Failure) 44M->37M(57M) 3.288ms
[2026-06-17T09:57:12.202+0800][19.718s][info][gc,cpu         ] GC(805) User=0.00s Sys=0.00s Real=0.00s
[2026-06-17T09:57:12.214+0800][19.730s][info][gc,start       ] GC(806) Pause Young (Allocation Failure)
[2026-06-17T09:57:12.215+0800][19.731s][info][gc,heap        ] GC(806) PSYoungGen: 10586K(14336K)->1764K(14336K) Eden: 7050K(7168K)->0K(7168K) From: 3536K(7168K)->1764K(7168K)
[2026-06-17T09:57:12.216+0800][19.732s][info][gc,heap        ] GC(806) ParOldGen: 34804K(44032K)->36739K(44032K)
[2026-06-17T09:57:12.216+0800][19.732s][info][gc,metaspace   ] GC(806) Metaspace: 150K(384K)->150K(384K) NonClass: 145K(256K)->145K(256K) Class: 4K(128K)->4K(128K)
[2026-06-17T09:57:12.216+0800][19.732s][info][gc             ] GC(806) Pause Young (Allocation Failure) 44M->37M(57M) 2.784ms
[2026-06-17T09:57:12.217+0800][19.733s][info][gc,cpu         ] GC(806) User=0.00s Sys=0.00s Real=0.00s
[2026-06-17T09:57:12.238+0800][19.754s][info][gc,start       ] GC(807) Pause Young (Allocation Failure)
[2026-06-17T09:57:12.239+0800][19.755s][info][gc,heap        ] GC(807) PSYoungGen: 8918K(14336K)->3587K(14336K) Eden: 7153K(7168K)->0K(7168K) From: 1764K(7168K)->3587K(7168K)
[2026-06-17T09:57:12.240+0800][19.756s][info][gc,heap        ] GC(807) ParOldGen: 36739K(44032K)->38479K(44032K)
[2026-06-17T09:57:12.240+0800][19.756s][info][gc,metaspace   ] GC(807) Metaspace: 150K(384K)->150K(384K) NonClass: 145K(256K)->145K(256K) Class: 4K(128K)->4K(128K)
[2026-06-17T09:57:12.240+0800][19.756s][info][gc             ] GC(807) Pause Young (Allocation Failure) 44M->41M(57M) 2.091ms
[2026-06-17T09:57:12.241+0800][19.757s][info][gc,cpu         ] GC(807) User=0.00s Sys=0.00s Real=0.00s
[2026-06-17T09:57:12.262+0800][19.778s][info][gc,start       ] GC(808) Pause Young (Allocation Failure)
[2026-06-17T09:57:12.264+0800][19.780s][info][gc,heap        ] GC(808) PSYoungGen: 10738K(14336K)->3931K(14336K) Eden: 7151K(7168K)->0K(7168K) From: 3587K(7168K)->3931K(7168K)
[2026-06-17T09:57:12.264+0800][19.780s][info][gc,heap        ] GC(808) ParOldGen: 38479K(44032K)->38479K(44032K)
[2026-06-17T09:57:12.264+0800][19.780s][info][gc,metaspace   ] GC(808) Metaspace: 150K(384K)->150K(384K) NonClass: 145K(256K)->145K(256K) Class: 4K(128K)->4K(128K)
[2026-06-17T09:57:12.265+0800][19.781s][info][gc             ] GC(808) Pause Young (Allocation Failure) 48M->41M(57M) 2.757ms
[2026-06-17T09:57:12.265+0800][19.781s][info][gc,cpu         ] GC(808) User=0.00s Sys=0.01s Real=0.01s
[2026-06-17T09:57:12.287+0800][19.803s][info][gc,start       ] GC(809) Pause Young (Allocation Failure)
[2026-06-17T09:57:12.288+0800][19.804s][info][gc,heap        ] GC(809) PSYoungGen: 11097K(14336K)->3673K(14848K) Eden: 7165K(7168K)->0K(7680K) From: 3931K(7168K)->3673K(7168K)
[2026-06-17T09:57:12.289+0800][19.805s][info][gc,heap        ] GC(809) ParOldGen: 38479K(44032K)->38918K(44032K)
[2026-06-17T09:57:12.289+0800][19.805s][info][gc,metaspace   ] GC(809) Metaspace: 150K(384K)->150K(384K) NonClass: 145K(256K)->145K(256K) Class: 4K(128K)->4K(128K)
[2026-06-17T09:57:12.290+0800][19.806s][info][gc             ] GC(809) Pause Young (Allocation Failure) 48M->41M(57M) 3.305ms
[2026-06-17T09:57:12.290+0800][19.807s][info][gc,cpu         ] GC(809) User=0.00s Sys=0.00s Real=0.01s
[2026-06-17T09:57:12.302+0800][19.818s][info][gc,start       ] GC(810) Pause Young (Allocation Failure)
[2026-06-17T09:57:12.304+0800][19.820s][info][gc,heap        ] GC(810) PSYoungGen: 11325K(14848K)->4629K(14336K) Eden: 7652K(7680K)->0K(7680K) From: 3673K(7168K)->4629K(6656K)
[2026-06-17T09:57:12.305+0800][19.821s][info][gc,heap        ] GC(810) ParOldGen: 38918K(44032K)->41956K(44032K)
[2026-06-17T09:57:12.305+0800][19.821s][info][gc,metaspace   ] GC(810) Metaspace: 150K(384K)->150K(384K) NonClass: 145K(256K)->145K(256K) Class: 4K(128K)->4K(128K)
[2026-06-17T09:57:12.305+0800][19.821s][info][gc             ] GC(810) Pause Young (Allocation Failure) 49M->45M(57M) 3.116ms
[2026-06-17T09:57:12.306+0800][19.822s][info][gc,cpu         ] GC(810) User=0.00s Sys=0.00s Real=0.01s
[2026-06-17T09:57:12.328+0800][19.844s][info][gc,start       ] GC(811) Pause Full (Ergonomics)
[2026-06-17T09:57:12.329+0800][19.845s][info][gc,phases,start] GC(811) Marking Phase
[2026-06-17T09:57:12.332+0800][19.848s][info][gc,phases      ] GC(811) Marking Phase 2.779ms
[2026-06-17T09:57:12.332+0800][19.848s][info][gc,phases,start] GC(811) Summary Phase
[2026-06-17T09:57:12.333+0800][19.849s][info][gc,phases      ] GC(811) Summary Phase 0.583ms
[2026-06-17T09:57:12.333+0800][19.849s][info][gc,phases,start] GC(811) Adjust Roots
[2026-06-17T09:57:12.334+0800][19.850s][info][gc,phases      ] GC(811) Adjust Roots 0.788ms
[2026-06-17T09:57:12.335+0800][19.851s][info][gc,phases,start] GC(811) Compaction Phase
[2026-06-17T09:57:12.337+0800][19.853s][info][gc,phases      ] GC(811) Compaction Phase 2.680ms
[2026-06-17T09:57:12.338+0800][19.854s][info][gc,phases,start] GC(811) Post Compact
[2026-06-17T09:57:12.338+0800][19.854s][info][gc,phases      ] GC(811) Post Compact 0.406ms
[2026-06-17T09:57:12.338+0800][19.854s][info][gc,heap        ] GC(811) PSYoungGen: 12229K(14336K)->0K(14848K) Eden: 7600K(7680K)->0K(8192K) From: 4629K(6656K)->0K(6656K)
[2026-06-17T09:57:12.339+0800][19.855s][info][gc,heap        ] GC(811) ParOldGen: 41956K(44032K)->30334K(44032K)
[2026-06-17T09:57:12.339+0800][19.855s][info][gc,metaspace   ] GC(811) Metaspace: 150K(384K)->150K(384K) NonClass: 145K(256K)->145K(256K) Class: 4K(128K)->4K(128K)
[2026-06-17T09:57:12.339+0800][19.855s][info][gc             ] GC(811) Pause Full (Ergonomics) 52M->29M(57M) 11.437ms
[2026-06-17T09:57:12.340+0800][19.856s][info][gc,cpu         ] GC(811) User=0.01s Sys=0.00s Real=0.01s
[2026-06-17T09:57:12.362+0800][19.878s][info][gc,start       ] GC(812) Pause Young (Allocation Failure)
[2026-06-17T09:57:12.364+0800][19.880s][info][gc,heap        ] GC(812) PSYoungGen: 8152K(14848K)->4706K(13312K) Eden: 8152K(8192K)->0K(8192K) From: 0K(6656K)->4706K(5120K)
[2026-06-17T09:57:12.364+0800][19.880s][info][gc,heap        ] GC(812) ParOldGen: 30334K(44032K)->30334K(44032K)
[2026-06-17T09:57:12.365+0800][19.881s][info][gc,metaspace   ] GC(812) Metaspace: 150K(384K)->150K(384K) NonClass: 145K(256K)->145K(256K) Class: 4K(128K)->4K(128K)
[2026-06-17T09:57:12.365+0800][19.881s][info][gc             ] GC(812) Pause Young (Allocation Failure) 37M->34M(56M) 3.262ms
[2026-06-17T09:57:12.365+0800][19.881s][info][gc,cpu         ] GC(812) User=0.00s Sys=0.00s Real=0.01s
[2026-06-17T09:57:12.388+0800][19.904s][info][gc,start       ] GC(813) Pause Young (Allocation Failure)
[2026-06-17T09:57:12.390+0800][19.906s][info][gc,heap        ] GC(813) PSYoungGen: 12898K(13312K)->4288K(14848K) Eden: 8192K(8192K)->0K(7680K) From: 4706K(5120K)->4288K(7168K)
[2026-06-17T09:57:12.391+0800][19.907s][info][gc,heap        ] GC(813) ParOldGen: 30334K(44032K)->31668K(44032K)
[2026-06-17T09:57:12.391+0800][19.907s][info][gc,metaspace   ] GC(813) Metaspace: 150K(384K)->150K(384K) NonClass: 145K(256K)->145K(256K) Class: 4K(128K)->4K(128K)
[2026-06-17T09:57:12.392+0800][19.908s][info][gc             ] GC(813) Pause Young (Allocation Failure) 42M->35M(57M) 3.844ms
[2026-06-17T09:57:12.392+0800][19.908s][info][gc,cpu         ] GC(813) User=0.00s Sys=0.00s Real=0.01s
[2026-06-17T09:57:12.415+0800][19.931s][info][gc,start       ] GC(814) Pause Young (Allocation Failure)
[2026-06-17T09:57:12.418+0800][19.934s][info][gc,heap        ] GC(814) PSYoungGen: 11967K(14848K)->3206K(14336K) Eden: 7678K(7680K)->0K(7680K) From: 4288K(7168K)->3206K(6656K)
[2026-06-17T09:57:12.419+0800][19.935s][info][gc,heap        ] GC(814) ParOldGen: 31668K(44032K)->33696K(44032K)
[2026-06-17T09:57:12.419+0800][19.935s][info][gc,metaspace   ] GC(814) Metaspace: 150K(384K)->150K(384K) NonClass: 145K(256K)->145K(256K) Class: 4K(128K)->4K(128K)
[2026-06-17T09:57:12.420+0800][19.936s][info][gc             ] GC(814) Pause Young (Allocation Failure) 42M->36M(57M) 4.735ms
[2026-06-17T09:57:12.420+0800][19.936s][info][gc,cpu         ] GC(814) User=0.00s Sys=0.00s Real=0.00s
[2026-06-17T09:57:12.443+0800][19.959s][info][gc,start       ] GC(815) Pause Young (Allocation Failure)
[2026-06-17T09:57:12.444+0800][19.960s][info][gc,heap        ] GC(815) PSYoungGen: 10867K(14336K)->4020K(14848K) Eden: 7661K(7680K)->0K(8192K) From: 3206K(6656K)->4020K(6656K)
[2026-06-17T09:57:12.445+0800][19.961s][info][gc,heap        ] GC(815) ParOldGen: 33696K(44032K)->33696K(44032K)
[2026-06-17T09:57:12.446+0800][19.962s][info][gc,metaspace   ] GC(815) Metaspace: 150K(384K)->150K(384K) NonClass: 145K(256K)->145K(256K) Class: 4K(128K)->4K(128K)
[2026-06-17T09:57:12.447+0800][19.963s][info][gc             ] GC(815) Pause Young (Allocation Failure) 43M->36M(57M) 3.724ms
[2026-06-17T09:57:12.447+0800][19.963s][info][gc,cpu         ] GC(815) User=0.00s Sys=0.00s Real=0.00s
[2026-06-17T09:57:12.469+0800][19.985s][info][gc,start       ] GC(816) Pause Young (Allocation Failure)
[2026-06-17T09:57:12.471+0800][19.987s][info][gc,heap        ] GC(816) PSYoungGen: 12208K(14848K)->3660K(14848K) Eden: 8187K(8192K)->0K(8192K) From: 4020K(6656K)->3660K(6656K)
[2026-06-17T09:57:12.471+0800][19.987s][info][gc,heap        ] GC(816) ParOldGen: 33696K(44032K)->35441K(44032K)
[2026-06-17T09:57:12.472+0800][19.988s][info][gc,metaspace   ] GC(816) Metaspace: 150K(384K)->150K(384K) NonClass: 145K(256K)->145K(256K) Class: 4K(128K)->4K(128K)
[2026-06-17T09:57:12.472+0800][19.988s][info][gc             ] GC(816) Pause Young (Allocation Failure) 44M->38M(57M) 2.791ms
[2026-06-17T09:57:12.473+0800][19.989s][info][gc,cpu         ] GC(816) User=0.00s Sys=0.00s Real=0.01s
[2026-06-17T09:57:12.495+0800][20.011s][info][gc,start       ] GC(817) Pause Young (Allocation Failure)
[2026-06-17T09:57:12.497+0800][20.013s][info][gc,heap        ] GC(817) PSYoungGen: 11840K(14848K)->2653K(15360K) Eden: 8179K(8192K)->0K(9216K) From: 3660K(6656K)->2653K(6144K)
[2026-06-17T09:57:12.497+0800][20.013s][info][gc,heap        ] GC(817) ParOldGen: 35441K(44032K)->37592K(44032K)
[2026-06-17T09:57:12.498+0800][20.014s][info][gc,metaspace   ] GC(817) Metaspace: 150K(384K)->150K(384K) NonClass: 145K(256K)->145K(256K) Class: 4K(128K)->4K(128K)
[2026-06-17T09:57:12.498+0800][20.014s][info][gc             ] GC(817) Pause Young (Allocation Failure) 46M->39M(58M) 3.749ms
[2026-06-17T09:57:12.499+0800][20.015s][info][gc,cpu         ] GC(817) User=0.00s Sys=0.00s Real=0.00s
[2026-06-17T09:57:12.521+0800][20.037s][info][gc,start       ] GC(818) Pause Young (Allocation Failure)
[2026-06-17T09:57:12.536+0800][20.052s][info][gc,heap        ] GC(818) PSYoungGen: 11821K(15360K)->3499K(15360K) Eden: 9167K(9216K)->0K(9216K) From: 2653K(6144K)->3499K(6144K)
[2026-06-17T09:57:12.538+0800][20.054s][info][gc,heap        ] GC(818) ParOldGen: 37592K(44032K)->38995K(44032K)
[2026-06-17T09:57:12.539+0800][20.055s][info][gc,metaspace   ] GC(818) Metaspace: 150K(384K)->150K(384K) NonClass: 145K(256K)->145K(256K) Class: 4K(128K)->4K(128K)
[2026-06-17T09:57:12.541+0800][20.057s][info][gc             ] GC(818) Pause Young (Allocation Failure) 48M->41M(58M) 19.832ms
[2026-06-17T09:57:12.542+0800][20.058s][info][gc,cpu         ] GC(818) User=0.00s Sys=0.00s Real=0.02s
[2026-06-17T09:57:12.565+0800][20.081s][info][gc,start       ] GC(819) Pause Young (Allocation Failure)
[2026-06-17T09:57:12.567+0800][20.083s][info][gc,heap        ] GC(819) PSYoungGen: 12691K(15360K)->5728K(14336K) Eden: 9192K(9216K)->0K(8192K) From: 3499K(6144K)->5728K(6144K)
[2026-06-17T09:57:12.567+0800][20.083s][info][gc,heap        ] GC(819) ParOldGen: 38995K(44032K)->38995K(44032K)
[2026-06-17T09:57:12.567+0800][20.083s][info][gc,metaspace   ] GC(819) Metaspace: 150K(384K)->150K(384K) NonClass: 145K(256K)->145K(256K) Class: 4K(128K)->4K(128K)
[2026-06-17T09:57:12.568+0800][20.084s][info][gc             ] GC(819) Pause Young (Allocation Failure) 50M->43M(57M) 2.984ms
[2026-06-17T09:57:12.568+0800][20.084s][info][gc,cpu         ] GC(819) User=0.00s Sys=0.00s Real=0.00s
[2026-06-17T09:57:12.591+0800][20.107s][info][gc,start       ] GC(820) Pause Young (Allocation Failure)
[2026-06-17T09:57:12.594+0800][20.110s][info][gc,heap        ] GC(820) PSYoungGen: 13904K(14336K)->6640K(14848K) Eden: 8176K(8192K)->0K(8192K) From: 5728K(6144K)->6640K(6656K)
[2026-06-17T09:57:12.594+0800][20.110s][info][gc,heap        ] GC(820) ParOldGen: 38995K(44032K)->39397K(44032K)
[2026-06-17T09:57:12.595+0800][20.111s][info][gc,metaspace   ] GC(820) Metaspace: 151K(384K)->151K(384K) NonClass: 146K(256K)->146K(256K) Class: 4K(128K)->4K(128K)
[2026-06-17T09:57:12.595+0800][20.111s][info][gc             ] GC(820) Pause Young (Allocation Failure) 51M->44M(57M) 4.109ms
[2026-06-17T09:57:12.596+0800][20.112s][info][gc,cpu         ] GC(820) User=0.00s Sys=0.00s Real=0.00s
[2026-06-17T09:57:12.618+0800][20.134s][info][gc,start       ] GC(821) Pause Young (Allocation Failure)
[2026-06-17T09:57:12.622+0800][20.138s][info][gc,heap        ] GC(821) PSYoungGen: 14795K(14848K)->5999K(13824K) Eden: 8155K(8192K)->0K(7168K) From: 6640K(6656K)->5999K(6656K)
[2026-06-17T09:57:12.623+0800][20.139s][info][gc,heap        ] GC(821) ParOldGen: 39397K(44032K)->41816K(44032K)
[2026-06-17T09:57:12.624+0800][20.140s][info][gc,metaspace   ] GC(821) Metaspace: 151K(384K)->151K(384K) NonClass: 146K(256K)->146K(256K) Class: 4K(128K)->4K(128K)
[2026-06-17T09:57:12.626+0800][20.142s][info][gc             ] GC(821) Pause Young (Allocation Failure) 52M->46M(56M) 7.702ms
[2026-06-17T09:57:12.634+0800][20.150s][info][gc,cpu         ] GC(821) User=0.00s Sys=0.00s Real=0.02s
[2026-06-17T09:57:12.659+0800][20.175s][info][gc,start       ] GC(822) Pause Full (Ergonomics)
[2026-06-17T09:57:12.660+0800][20.176s][info][gc,phases,start] GC(822) Marking Phase
[2026-06-17T09:57:12.662+0800][20.178s][info][gc,phases      ] GC(822) Marking Phase 2.384ms
[2026-06-17T09:57:12.663+0800][20.179s][info][gc,phases,start] GC(822) Summary Phase
[2026-06-17T09:57:12.663+0800][20.179s][info][gc,phases      ] GC(822) Summary Phase 0.420ms
[2026-06-17T09:57:12.663+0800][20.179s][info][gc,phases,start] GC(822) Adjust Roots
[2026-06-17T09:57:12.664+0800][20.180s][info][gc,phases      ] GC(822) Adjust Roots 0.803ms
[2026-06-17T09:57:12.665+0800][20.181s][info][gc,phases,start] GC(822) Compaction Phase
[2026-06-17T09:57:12.667+0800][20.183s][info][gc,phases      ] GC(822) Compaction Phase 2.469ms
[2026-06-17T09:57:12.667+0800][20.183s][info][gc,phases,start] GC(822) Post Compact
[2026-06-17T09:57:12.668+0800][20.184s][info][gc,phases      ] GC(822) Post Compact 0.437ms
[2026-06-17T09:57:12.668+0800][20.184s][info][gc,heap        ] GC(822) PSYoungGen: 13158K(13824K)->0K(14336K) Eden: 7159K(7168K)->0K(7168K) From: 5999K(6656K)->0K(7168K)
[2026-06-17T09:57:12.669+0800][20.185s][info][gc,heap        ] GC(822) ParOldGen: 41816K(44032K)->27482K(44032K)
[2026-06-17T09:57:12.669+0800][20.185s][info][gc,metaspace   ] GC(822) Metaspace: 151K(384K)->151K(384K) NonClass: 146K(256K)->146K(256K) Class: 4K(128K)->4K(128K)
[2026-06-17T09:57:12.669+0800][20.185s][info][gc             ] GC(822) Pause Full (Ergonomics) 53M->26M(57M) 10.081ms
[2026-06-17T09:57:12.669+0800][20.185s][info][gc,cpu         ] GC(822) User=0.01s Sys=0.00s Real=0.01s
[2026-06-17T09:57:12.691+0800][20.207s][info][gc,start       ] GC(823) Pause Young (Allocation Failure)
[2026-06-17T09:57:12.693+0800][20.209s][info][gc,heap        ] GC(823) PSYoungGen: 7149K(14336K)->3727K(14336K) Eden: 7149K(7168K)->0K(7168K) From: 0K(7168K)->3727K(7168K)
[2026-06-17T09:57:12.693+0800][20.209s][info][gc,heap        ] GC(823) ParOldGen: 27482K(44032K)->27482K(44032K)
[2026-06-17T09:57:12.694+0800][20.210s][info][gc,metaspace   ] GC(823) Metaspace: 151K(384K)->151K(384K) NonClass: 146K(256K)->146K(256K) Class: 4K(128K)->4K(128K)
[2026-06-17T09:57:12.694+0800][20.210s][info][gc             ] GC(823) Pause Young (Allocation Failure) 33M->30M(57M) 3.292ms
[2026-06-17T09:57:12.695+0800][20.211s][info][gc,cpu         ] GC(823) User=0.01s Sys=0.00s Real=0.00s
[2026-06-17T09:57:12.707+0800][20.223s][info][gc,start       ] GC(824) Pause Young (Allocation Failure)
[2026-06-17T09:57:12.708+0800][20.224s][info][gc,heap        ] GC(824) PSYoungGen: 10891K(14336K)->4693K(14336K) Eden: 7164K(7168K)->0K(7168K) From: 3727K(7168K)->4693K(7168K)
[2026-06-17T09:57:12.709+0800][20.225s][info][gc,heap        ] GC(824) ParOldGen: 27482K(44032K)->30417K(44032K)
[2026-06-17T09:57:12.709+0800][20.225s][info][gc,metaspace   ] GC(824) Metaspace: 151K(384K)->151K(384K) NonClass: 146K(256K)->146K(256K) Class: 4K(128K)->4K(128K)
[2026-06-17T09:57:12.709+0800][20.225s][info][gc             ] GC(824) Pause Young (Allocation Failure) 37M->34M(57M) 2.411ms
[2026-06-17T09:57:12.709+0800][20.225s][info][gc,cpu         ] GC(824) User=0.00s Sys=0.00s Real=0.00s
[2026-06-17T09:57:12.731+0800][20.247s][info][gc,start       ] GC(825) Pause Young (Allocation Failure)
[2026-06-17T09:57:12.732+0800][20.248s][info][gc,heap        ] GC(825) PSYoungGen: 11849K(14336K)->3061K(14336K) Eden: 7156K(7168K)->0K(7168K) From: 4693K(7168K)->3061K(7168K)
[2026-06-17T09:57:12.732+0800][20.248s][info][gc,heap        ] GC(825) ParOldGen: 30417K(44032K)->32506K(44032K)
[2026-06-17T09:57:12.733+0800][20.249s][info][gc,metaspace   ] GC(825) Metaspace: 151K(384K)->151K(384K) NonClass: 146K(256K)->146K(256K) Class: 4K(128K)->4K(128K)
[2026-06-17T09:57:12.733+0800][20.249s][info][gc             ] GC(825) Pause Young (Allocation Failure) 41M->34M(57M) 1.886ms
[2026-06-17T09:57:12.733+0800][20.249s][info][gc,cpu         ] GC(825) User=0.00s Sys=0.00s Real=0.00s
[2026-06-17T09:57:12.744+0800][20.260s][info][gc,start       ] GC(826) Pause Young (Allocation Failure)
[2026-06-17T09:57:12.745+0800][20.261s][info][gc,heap        ] GC(826) PSYoungGen: 8958K(14336K)->2008K(14336K) Eden: 5897K(7168K)->0K(7168K) From: 3061K(7168K)->2008K(7168K)
[2026-06-17T09:57:12.745+0800][20.261s][info][gc,heap        ] GC(826) ParOldGen: 32506K(44032K)->32506K(44032K)
[2026-06-17T09:57:12.745+0800][20.261s][info][gc,metaspace   ] GC(826) Metaspace: 151K(384K)->151K(384K) NonClass: 146K(256K)->146K(256K) Class: 4K(128K)->4K(128K)
[2026-06-17T09:57:12.745+0800][20.261s][info][gc             ] GC(826) Pause Young (Allocation Failure) 40M->33M(57M) 1.708ms
[2026-06-17T09:57:12.746+0800][20.262s][info][gc,cpu         ] GC(826) User=0.00s Sys=0.00s Real=0.00s
[2026-06-17T09:57:12.767+0800][20.283s][info][gc,start       ] GC(827) Pause Young (Allocation Failure)
[2026-06-17T09:57:12.769+0800][20.285s][info][gc,heap        ] GC(827) PSYoungGen: 9164K(14336K)->3643K(14336K) Eden: 7156K(7168K)->0K(7168K) From: 2008K(7168K)->3643K(7168K)
[2026-06-17T09:57:12.769+0800][20.285s][info][gc,heap        ] GC(827) ParOldGen: 32506K(44032K)->34490K(44032K)
[2026-06-17T09:57:12.770+0800][20.286s][info][gc,metaspace   ] GC(827) Metaspace: 151K(384K)->151K(384K) NonClass: 146K(256K)->146K(256K) Class: 4K(128K)->4K(128K)
[2026-06-17T09:57:12.770+0800][20.286s][info][gc             ] GC(827) Pause Young (Allocation Failure) 40M->37M(57M) 3.633ms
[2026-06-17T09:57:12.771+0800][20.287s][info][gc,cpu         ] GC(827) User=0.01s Sys=0.00s Real=0.01s
[2026-06-17T09:57:12.793+0800][20.309s][info][gc,start       ] GC(828) Pause Young (Allocation Failure)
[2026-06-17T09:57:12.794+0800][20.310s][info][gc,heap        ] GC(828) PSYoungGen: 10787K(14336K)->2367K(14336K) Eden: 7143K(7168K)->0K(7168K) From: 3643K(7168K)->2367K(7168K)
[2026-06-17T09:57:12.795+0800][20.311s][info][gc,heap        ] GC(828) ParOldGen: 34490K(44032K)->35922K(44032K)
[2026-06-17T09:57:12.795+0800][20.311s][info][gc,metaspace   ] GC(828) Metaspace: 151K(384K)->151K(384K) NonClass: 146K(256K)->146K(256K) Class: 4K(128K)->4K(128K)
[2026-06-17T09:57:12.796+0800][20.312s][info][gc             ] GC(828) Pause Young (Allocation Failure) 44M->37M(57M) 3.110ms
[2026-06-17T09:57:12.796+0800][20.312s][info][gc,cpu         ] GC(828) User=0.00s Sys=0.00s Real=0.00s
[2026-06-17T09:57:12.808+0800][20.324s][info][gc,start       ] GC(829) Pause Young (Allocation Failure)
[2026-06-17T09:57:12.809+0800][20.325s][info][gc,heap        ] GC(829) PSYoungGen: 9185K(14336K)->518K(14336K) Eden: 6818K(7168K)->0K(7168K) From: 2367K(7168K)->518K(7168K)
[2026-06-17T09:57:12.809+0800][20.325s][info][gc,heap        ] GC(829) ParOldGen: 35922K(44032K)->37841K(44032K)
[2026-06-17T09:57:12.810+0800][20.326s][info][gc,metaspace   ] GC(829) Metaspace: 151K(384K)->151K(384K) NonClass: 146K(256K)->146K(256K) Class: 4K(128K)->4K(128K)
[2026-06-17T09:57:12.810+0800][20.326s][info][gc             ] GC(829) Pause Young (Allocation Failure) 44M->37M(57M) 2.489ms
[2026-06-17T09:57:12.810+0800][20.326s][info][gc,cpu         ] GC(829) User=0.00s Sys=0.00s Real=0.00s
[2026-06-17T09:57:12.832+0800][20.348s][info][gc,start       ] GC(830) Pause Young (Allocation Failure)
[2026-06-17T09:57:12.833+0800][20.349s][info][gc,heap        ] GC(830) PSYoungGen: 7636K(14336K)->3543K(14336K) Eden: 7118K(7168K)->0K(7168K) From: 518K(7168K)->3543K(7168K)
[2026-06-17T09:57:12.834+0800][20.350s][info][gc,heap        ] GC(830) ParOldGen: 37841K(44032K)->38335K(44032K)
[2026-06-17T09:57:12.834+0800][20.350s][info][gc,metaspace   ] GC(830) Metaspace: 151K(384K)->151K(384K) NonClass: 146K(256K)->146K(256K) Class: 4K(128K)->4K(128K)
[2026-06-17T09:57:12.834+0800][20.350s][info][gc             ] GC(830) Pause Young (Allocation Failure) 44M->40M(57M) 2.066ms
[2026-06-17T09:57:12.834+0800][20.350s][info][gc,cpu         ] GC(830) User=0.00s Sys=0.00s Real=0.00s
[2026-06-17T09:57:12.846+0800][20.362s][info][gc,start       ] GC(831) Pause Young (Allocation Failure)
[2026-06-17T09:57:12.847+0800][20.363s][info][gc,heap        ] GC(831) PSYoungGen: 10530K(14336K)->1455K(14336K) Eden: 6986K(7168K)->0K(7168K) From: 3543K(7168K)->1455K(7168K)
[2026-06-17T09:57:12.847+0800][20.363s][info][gc,heap        ] GC(831) ParOldGen: 38335K(44032K)->40214K(44032K)
[2026-06-17T09:57:12.848+0800][20.364s][info][gc,metaspace   ] GC(831) Metaspace: 151K(384K)->151K(384K) NonClass: 146K(256K)->146K(256K) Class: 4K(128K)->4K(128K)
[2026-06-17T09:57:12.848+0800][20.364s][info][gc             ] GC(831) Pause Young (Allocation Failure) 47M->40M(57M) 2.210ms
[2026-06-17T09:57:12.848+0800][20.364s][info][gc,cpu         ] GC(831) User=0.00s Sys=0.00s Real=0.00s
[2026-06-17T09:57:12.870+0800][20.386s][info][gc,start       ] GC(832) Pause Young (Allocation Failure)
[2026-06-17T09:57:12.871+0800][20.387s][info][gc,heap        ] GC(832) PSYoungGen: 8593K(14336K)->3896K(14336K) Eden: 7138K(7168K)->0K(7168K) From: 1455K(7168K)->3896K(7168K)
[2026-06-17T09:57:12.871+0800][20.387s][info][gc,heap        ] GC(832) ParOldGen: 40214K(44032K)->41646K(44032K)
[2026-06-17T09:57:12.872+0800][20.388s][info][gc,metaspace   ] GC(832) Metaspace: 151K(384K)->151K(384K) NonClass: 146K(256K)->146K(256K) Class: 4K(128K)->4K(128K)
[2026-06-17T09:57:12.872+0800][20.388s][info][gc             ] GC(832) Pause Young (Allocation Failure) 47M->44M(57M) 2.350ms
[2026-06-17T09:57:12.872+0800][20.388s][info][gc,cpu         ] GC(832) User=0.00s Sys=0.00s Real=0.01s
[2026-06-17T09:57:12.894+0800][20.410s][info][gc,start       ] GC(833) Pause Full (Ergonomics)
[2026-06-17T09:57:12.895+0800][20.411s][info][gc,phases,start] GC(833) Marking Phase
[2026-06-17T09:57:12.896+0800][20.412s][info][gc,phases      ] GC(833) Marking Phase 0.854ms
[2026-06-17T09:57:12.896+0800][20.412s][info][gc,phases,start] GC(833) Summary Phase
[2026-06-17T09:57:12.896+0800][20.412s][info][gc,phases      ] GC(833) Summary Phase 0.197ms
[2026-06-17T09:57:12.896+0800][20.412s][info][gc,phases,start] GC(833) Adjust Roots
[2026-06-17T09:57:12.896+0800][20.412s][info][gc,phases      ] GC(833) Adjust Roots 0.309ms
[2026-06-17T09:57:12.897+0800][20.413s][info][gc,phases,start] GC(833) Compaction Phase
[2026-06-17T09:57:12.898+0800][20.414s][info][gc,phases      ] GC(833) Compaction Phase 1.554ms
[2026-06-17T09:57:12.898+0800][20.414s][info][gc,phases,start] GC(833) Post Compact
[2026-06-17T09:57:12.899+0800][20.415s][info][gc,phases      ] GC(833) Post Compact 0.285ms
[2026-06-17T09:57:12.899+0800][20.415s][info][gc,heap        ] GC(833) PSYoungGen: 11061K(14336K)->0K(14336K) Eden: 7165K(7168K)->0K(7168K) From: 3896K(7168K)->0K(7168K)
[2026-06-17T09:57:12.899+0800][20.415s][info][gc,heap        ] GC(833) ParOldGen: 41646K(44032K)->32231K(44032K)
[2026-06-17T09:57:12.899+0800][20.415s][info][gc,metaspace   ] GC(833) Metaspace: 151K(384K)->151K(384K) NonClass: 146K(256K)->146K(256K) Class: 4K(128K)->4K(128K)
[2026-06-17T09:57:12.899+0800][20.415s][info][gc             ] GC(833) Pause Full (Ergonomics) 51M->31M(57M) 5.070ms
[2026-06-17T09:57:12.899+0800][20.415s][info][gc,cpu         ] GC(833) User=0.00s Sys=0.00s Real=0.00s
[2026-06-17T09:57:12.920+0800][20.436s][info][gc,start       ] GC(834) Pause Young (Allocation Failure)
[2026-06-17T09:57:12.921+0800][20.437s][info][gc,heap        ] GC(834) PSYoungGen: 7163K(14336K)->3771K(14336K) Eden: 7163K(7168K)->0K(7168K) From: 0K(7168K)->3771K(7168K)
[2026-06-17T09:57:12.921+0800][20.437s][info][gc,heap        ] GC(834) ParOldGen: 32231K(44032K)->32231K(44032K)
[2026-06-17T09:57:12.921+0800][20.437s][info][gc,metaspace   ] GC(834) Metaspace: 151K(384K)->151K(384K) NonClass: 146K(256K)->146K(256K) Class: 4K(128K)->4K(128K)
[2026-06-17T09:57:12.921+0800][20.437s][info][gc             ] GC(834) Pause Young (Allocation Failure) 38M->35M(57M) 1.057ms
[2026-06-17T09:57:12.921+0800][20.437s][info][gc,cpu         ] GC(834) User=0.00s Sys=0.00s Real=0.00s
[2026-06-17T09:57:12.942+0800][20.458s][info][gc,start       ] GC(835) Pause Young (Allocation Failure)
[2026-06-17T09:57:12.944+0800][20.460s][info][gc,heap        ] GC(835) PSYoungGen: 10878K(14336K)->2417K(14848K) Eden: 7107K(7168K)->0K(8192K) From: 3771K(7168K)->2417K(6656K)
[2026-06-17T09:57:12.944+0800][20.460s][info][gc,heap        ] GC(835) ParOldGen: 32231K(44032K)->33939K(44032K)
[2026-06-17T09:57:12.945+0800][20.461s][info][gc,metaspace   ] GC(835) Metaspace: 151K(384K)->151K(384K) NonClass: 146K(256K)->146K(256K) Class: 4K(128K)->4K(128K)
[2026-06-17T09:57:12.945+0800][20.461s][info][gc             ] GC(835) Pause Young (Allocation Failure) 42M->35M(57M) 2.219ms
[2026-06-17T09:57:12.945+0800][20.461s][info][gc,cpu         ] GC(835) User=0.01s Sys=0.00s Real=0.00s
[2026-06-17T09:57:12.956+0800][20.472s][info][gc,start       ] GC(836) Pause Young (Allocation Failure)
[2026-06-17T09:57:12.957+0800][20.473s][info][gc,heap        ] GC(836) PSYoungGen: 10605K(14848K)->1870K(14848K) Eden: 8188K(8192K)->0K(8192K) From: 2417K(6656K)->1870K(6656K)
[2026-06-17T09:57:12.957+0800][20.473s][info][gc,heap        ] GC(836) ParOldGen: 33939K(44032K)->35592K(44032K)
[2026-06-17T09:57:12.958+0800][20.474s][info][gc,metaspace   ] GC(836) Metaspace: 151K(384K)->151K(384K) NonClass: 146K(256K)->146K(256K) Class: 4K(128K)->4K(128K)
[2026-06-17T09:57:12.958+0800][20.474s][info][gc             ] GC(836) Pause Young (Allocation Failure) 43M->36M(57M) 1.936ms
[2026-06-17T09:57:12.958+0800][20.474s][info][gc,cpu         ] GC(836) User=0.00s Sys=0.00s Real=0.00s
[2026-06-17T09:57:12.979+0800][20.495s][info][gc,start       ] GC(837) Pause Young (Allocation Failure)
[2026-06-17T09:57:12.981+0800][20.497s][info][gc,heap        ] GC(837) PSYoungGen: 10019K(14848K)->4641K(14848K) Eden: 8149K(8192K)->0K(8192K) From: 1870K(6656K)->4641K(6656K)
[2026-06-17T09:57:12.982+0800][20.498s][info][gc,heap        ] GC(837) ParOldGen: 35592K(44032K)->37438K(44032K)
[2026-06-17T09:57:12.982+0800][20.498s][info][gc,metaspace   ] GC(837) Metaspace: 151K(384K)->151K(384K) NonClass: 146K(256K)->146K(256K) Class: 4K(128K)->4K(128K)
[2026-06-17T09:57:12.983+0800][20.499s][info][gc             ] GC(837) Pause Young (Allocation Failure) 44M->41M(57M) 3.728ms
[2026-06-17T09:57:12.984+0800][20.500s][info][gc,cpu         ] GC(837) User=0.00s Sys=0.00s Real=0.01s
[2026-06-17T09:57:13.006+0800][20.522s][info][gc,start       ] GC(838) Pause Young (Allocation Failure)
[2026-06-17T09:57:13.008+0800][20.524s][info][gc,heap        ] GC(838) PSYoungGen: 12804K(14848K)->4813K(13312K) Eden: 8163K(8192K)->0K(8192K) From: 4641K(6656K)->4813K(5120K)
[2026-06-17T09:57:13.009+0800][20.525s][info][gc,heap        ] GC(838) ParOldGen: 37438K(44032K)->38857K(44032K)
[2026-06-17T09:57:13.009+0800][20.525s][info][gc,metaspace   ] GC(838) Metaspace: 151K(384K)->151K(384K) NonClass: 146K(256K)->146K(256K) Class: 4K(128K)->4K(128K)
[2026-06-17T09:57:13.010+0800][20.526s][info][gc             ] GC(838) Pause Young (Allocation Failure) 49M->42M(56M) 4.493ms
[2026-06-17T09:57:13.011+0800][20.527s][info][gc,cpu         ] GC(838) User=0.00s Sys=0.00s Real=0.01s
[2026-06-17T09:57:13.034+0800][20.550s][info][gc,start       ] GC(839) Pause Young (Allocation Failure)
[2026-06-17T09:57:13.036+0800][20.552s][info][gc,heap        ] GC(839) PSYoungGen: 12811K(13312K)->601K(14336K) Eden: 7997K(8192K)->0K(7168K) From: 4813K(5120K)->601K(7168K)
[2026-06-17T09:57:13.037+0800][20.553s][info][gc,heap        ] GC(839) ParOldGen: 38857K(44032K)->40736K(44032K)
[2026-06-17T09:57:13.038+0800][20.554s][info][gc,metaspace   ] GC(839) Metaspace: 151K(384K)->151K(384K) NonClass: 146K(256K)->146K(256K) Class: 4K(128K)->4K(128K)
[2026-06-17T09:57:13.039+0800][20.555s][info][gc             ] GC(839) Pause Young (Allocation Failure) 50M->40M(57M) 4.854ms
[2026-06-17T09:57:13.040+0800][20.556s][info][gc,cpu         ] GC(839) User=0.00s Sys=0.00s Real=0.00s
[2026-06-17T09:57:13.063+0800][20.579s][info][gc,start       ] GC(840) Pause Young (Allocation Failure)
[2026-06-17T09:57:13.064+0800][20.580s][info][gc,heap        ] GC(840) PSYoungGen: 7744K(14336K)->3596K(14336K) Eden: 7143K(7168K)->0K(7168K) From: 601K(7168K)->3596K(7168K)
[2026-06-17T09:57:13.065+0800][20.581s][info][gc,heap        ] GC(840) ParOldGen: 40736K(44032K)->41313K(44032K)
[2026-06-17T09:57:13.065+0800][20.581s][info][gc,metaspace   ] GC(840) Metaspace: 151K(384K)->151K(384K) NonClass: 146K(256K)->146K(256K) Class: 4K(128K)->4K(128K)
[2026-06-17T09:57:13.067+0800][20.583s][info][gc             ] GC(840) Pause Young (Allocation Failure) 47M->43M(57M) 4.123ms
[2026-06-17T09:57:13.067+0800][20.583s][info][gc,cpu         ] GC(840) User=0.00s Sys=0.00s Real=0.00s
[2026-06-17T09:57:13.089+0800][20.605s][info][gc,start       ] GC(841) Pause Full (Ergonomics)
[2026-06-17T09:57:13.090+0800][20.606s][info][gc,phases,start] GC(841) Marking Phase
[2026-06-17T09:57:13.092+0800][20.608s][info][gc,phases      ] GC(841) Marking Phase 2.520ms
[2026-06-17T09:57:13.093+0800][20.609s][info][gc,phases,start] GC(841) Summary Phase
[2026-06-17T09:57:13.094+0800][20.610s][info][gc,phases      ] GC(841) Summary Phase 0.511ms
[2026-06-17T09:57:13.094+0800][20.610s][info][gc,phases,start] GC(841) Adjust Roots
[2026-06-17T09:57:13.096+0800][20.612s][info][gc,phases      ] GC(841) Adjust Roots 1.585ms
[2026-06-17T09:57:13.097+0800][20.613s][info][gc,phases,start] GC(841) Compaction Phase
[2026-06-17T09:57:13.099+0800][20.615s][info][gc,phases      ] GC(841) Compaction Phase 2.532ms
[2026-06-17T09:57:13.100+0800][20.616s][info][gc,phases,start] GC(841) Post Compact
[2026-06-17T09:57:13.101+0800][20.617s][info][gc,phases      ] GC(841) Post Compact 0.823ms
[2026-06-17T09:57:13.101+0800][20.617s][info][gc,heap        ] GC(841) PSYoungGen: 10715K(14336K)->0K(14336K) Eden: 7119K(7168K)->0K(7168K) From: 3596K(7168K)->0K(7168K)
[2026-06-17T09:57:13.102+0800][20.618s][info][gc,heap        ] GC(841) ParOldGen: 41313K(44032K)->26294K(44032K)
[2026-06-17T09:57:13.103+0800][20.619s][info][gc,metaspace   ] GC(841) Metaspace: 151K(384K)->151K(384K) NonClass: 146K(256K)->146K(256K) Class: 4K(128K)->4K(128K)
[2026-06-17T09:57:13.103+0800][20.619s][info][gc             ] GC(841) Pause Full (Ergonomics) 50M->25M(57M) 14.253ms
[2026-06-17T09:57:13.104+0800][20.620s][info][gc,cpu         ] GC(841) User=0.01s Sys=0.00s Real=0.02s
[2026-06-17T09:57:13.126+0800][20.642s][info][gc,start       ] GC(842) Pause Young (Allocation Failure)
[2026-06-17T09:57:13.128+0800][20.644s][info][gc,heap        ] GC(842) PSYoungGen: 7144K(14336K)->3793K(14336K) Eden: 7144K(7168K)->0K(7168K) From: 0K(7168K)->3793K(7168K)
[2026-06-17T09:57:13.129+0800][20.645s][info][gc,heap        ] GC(842) ParOldGen: 26294K(44032K)->26294K(44032K)
[2026-06-17T09:57:13.130+0800][20.646s][info][gc,metaspace   ] GC(842) Metaspace: 151K(384K)->151K(384K) NonClass: 146K(256K)->146K(256K) Class: 4K(128K)->4K(128K)
[2026-06-17T09:57:13.130+0800][20.646s][info][gc             ] GC(842) Pause Young (Allocation Failure) 32M->29M(57M) 4.227ms
[2026-06-17T09:57:13.131+0800][20.647s][info][gc,cpu         ] GC(842) User=0.00s Sys=0.00s Real=0.01s
[2026-06-17T09:57:13.143+0800][20.659s][info][gc,start       ] GC(843) Pause Young (Allocation Failure)
[2026-06-17T09:57:13.146+0800][20.662s][info][gc,heap        ] GC(843) PSYoungGen: 10959K(14336K)->6495K(13824K) Eden: 7165K(7168K)->0K(7168K) From: 3793K(7168K)->6495K(6656K)
[2026-06-17T09:57:13.147+0800][20.663s][info][gc,heap        ] GC(843) ParOldGen: 26294K(44032K)->27353K(44032K)
[2026-06-17T09:57:13.147+0800][20.663s][info][gc,metaspace   ] GC(843) Metaspace: 151K(384K)->151K(384K) NonClass: 146K(256K)->146K(256K) Class: 4K(128K)->4K(128K)
[2026-06-17T09:57:13.148+0800][20.664s][info][gc             ] GC(843) Pause Young (Allocation Failure) 36M->33M(56M) 4.591ms
[2026-06-17T09:57:13.149+0800][20.665s][info][gc,cpu         ] GC(843) User=0.00s Sys=0.00s Real=0.00s
[2026-06-17T09:57:13.171+0800][20.687s][info][gc,start       ] GC(844) Pause Young (Allocation Failure)
[2026-06-17T09:57:13.172+0800][20.688s][info][gc,heap        ] GC(844) PSYoungGen: 13639K(13824K)->2983K(14336K) Eden: 7144K(7168K)->0K(7168K) From: 6495K(6656K)->2983K(7168K)
[2026-06-17T09:57:13.172+0800][20.688s][info][gc,heap        ] GC(844) ParOldGen: 27353K(44032K)->31350K(44032K)
[2026-06-17T09:57:13.173+0800][20.689s][info][gc,metaspace   ] GC(844) Metaspace: 151K(384K)->151K(384K) NonClass: 146K(256K)->146K(256K) Class: 4K(128K)->4K(128K)
[2026-06-17T09:57:13.173+0800][20.689s][info][gc             ] GC(844) Pause Young (Allocation Failure) 40M->33M(57M) 2.623ms
[2026-06-17T09:57:13.174+0800][20.690s][info][gc,cpu         ] GC(844) User=0.00s Sys=0.01s Real=0.00s
[2026-06-17T09:57:13.195+0800][20.711s][info][gc,start       ] GC(845) Pause Young (Allocation Failure)
[2026-06-17T09:57:13.197+0800][20.713s][info][gc,heap        ] GC(845) PSYoungGen: 10138K(14336K)->3403K(14336K) Eden: 7155K(7168K)->0K(7168K) From: 2983K(7168K)->3403K(7168K)
[2026-06-17T09:57:13.197+0800][20.713s][info][gc,heap        ] GC(845) ParOldGen: 31350K(44032K)->31350K(44032K)
[2026-06-17T09:57:13.198+0800][20.714s][info][gc,metaspace   ] GC(845) Metaspace: 151K(384K)->151K(384K) NonClass: 146K(256K)->146K(256K) Class: 4K(128K)->4K(128K)
[2026-06-17T09:57:13.198+0800][20.714s][info][gc             ] GC(845) Pause Young (Allocation Failure) 40M->33M(57M) 2.906ms
[2026-06-17T09:57:13.199+0800][20.715s][info][gc,cpu         ] GC(845) User=0.00s Sys=0.00s Real=0.00s
[2026-06-17T09:57:13.211+0800][20.727s][info][gc,start       ] GC(846) Pause Young (Allocation Failure)
[2026-06-17T09:57:13.213+0800][20.729s][info][gc,heap        ] GC(846) PSYoungGen: 10564K(14336K)->1678K(14336K) Eden: 7160K(7168K)->0K(7168K) From: 3403K(7168K)->1678K(7168K)
[2026-06-17T09:57:13.213+0800][20.729s][info][gc,heap        ] GC(846) ParOldGen: 31350K(44032K)->33261K(44032K)
[2026-06-17T09:57:13.214+0800][20.730s][info][gc,metaspace   ] GC(846) Metaspace: 151K(384K)->151K(384K) NonClass: 146K(256K)->146K(256K) Class: 4K(128K)->4K(128K)
[2026-06-17T09:57:13.215+0800][20.731s][info][gc             ] GC(846) Pause Young (Allocation Failure) 40M->34M(57M) 3.579ms
[2026-06-17T09:57:13.215+0800][20.731s][info][gc,cpu         ] GC(846) User=0.00s Sys=0.00s Real=0.00s
[2026-06-17T09:57:13.237+0800][20.753s][info][gc,start       ] GC(847) Pause Young (Allocation Failure)
[2026-06-17T09:57:13.239+0800][20.755s][info][gc,heap        ] GC(847) PSYoungGen: 8817K(14336K)->3500K(14848K) Eden: 7139K(7168K)->0K(7680K) From: 1678K(7168K)->3500K(7168K)
[2026-06-17T09:57:13.239+0800][20.755s][info][gc,heap        ] GC(847) ParOldGen: 33261K(44032K)->34915K(44032K)
[2026-06-17T09:57:13.240+0800][20.756s][info][gc,metaspace   ] GC(847) Metaspace: 151K(384K)->151K(384K) NonClass: 146K(256K)->146K(256K) Class: 4K(128K)->4K(128K)
[2026-06-17T09:57:13.240+0800][20.756s][info][gc             ] GC(847) Pause Young (Allocation Failure) 41M->37M(57M) 3.444ms
[2026-06-17T09:57:13.241+0800][20.757s][info][gc,cpu         ] GC(847) User=0.00s Sys=0.00s Real=0.00s
[2026-06-17T09:57:13.263+0800][20.779s][info][gc,start       ] GC(848) Pause Young (Allocation Failure)
[2026-06-17T09:57:13.265+0800][20.781s][info][gc,heap        ] GC(848) PSYoungGen: 11120K(14848K)->2449K(14336K) Eden: 7620K(7680K)->0K(7680K) From: 3500K(7168K)->2449K(6656K)
[2026-06-17T09:57:13.265+0800][20.781s][info][gc,heap        ] GC(848) ParOldGen: 34915K(44032K)->36525K(44032K)
[2026-06-17T09:57:13.266+0800][20.782s][info][gc,metaspace   ] GC(848) Metaspace: 151K(384K)->151K(384K) NonClass: 146K(256K)->146K(256K) Class: 4K(128K)->4K(128K)
[2026-06-17T09:57:13.267+0800][20.783s][info][gc             ] GC(848) Pause Young (Allocation Failure) 44M->38M(57M) 3.642ms
[2026-06-17T09:57:13.267+0800][20.783s][info][gc,cpu         ] GC(848) User=0.00s Sys=0.00s Real=0.00s
[2026-06-17T09:57:13.289+0800][20.805s][info][gc,start       ] GC(849) Pause Young (Allocation Failure)
[2026-06-17T09:57:13.291+0800][20.807s][info][gc,heap        ] GC(849) PSYoungGen: 10114K(14336K)->998K(14848K) Eden: 7665K(7680K)->0K(8192K) From: 2449K(6656K)->998K(6656K)
[2026-06-17T09:57:13.292+0800][20.808s][info][gc,heap        ] GC(849) ParOldGen: 36525K(44032K)->38668K(44032K)
[2026-06-17T09:57:13.292+0800][20.808s][info][gc,metaspace   ] GC(849) Metaspace: 151K(384K)->151K(384K) NonClass: 146K(256K)->146K(256K) Class: 4K(128K)->4K(128K)
[2026-06-17T09:57:13.293+0800][20.809s][info][gc             ] GC(849) Pause Young (Allocation Failure) 45M->38M(57M) 3.403ms
[2026-06-17T09:57:13.293+0800][20.809s][info][gc,cpu         ] GC(849) User=0.01s Sys=0.00s Real=0.01s
[2026-06-17T09:57:13.315+0800][20.831s][info][gc,start       ] GC(850) Pause Young (Allocation Failure)
[2026-06-17T09:57:13.317+0800][20.833s][info][gc,heap        ] GC(850) PSYoungGen: 9156K(14848K)->2255K(14848K) Eden: 8158K(8192K)->0K(8192K) From: 998K(6656K)->2255K(6656K)
[2026-06-17T09:57:13.317+0800][20.833s][info][gc,heap        ] GC(850) ParOldGen: 38668K(44032K)->38668K(44032K)
[2026-06-17T09:57:13.318+0800][20.834s][info][gc,metaspace   ] GC(850) Metaspace: 151K(384K)->151K(384K) NonClass: 146K(256K)->146K(256K) Class: 4K(128K)->4K(128K)
[2026-06-17T09:57:13.319+0800][20.835s][info][gc             ] GC(850) Pause Young (Allocation Failure) 46M->39M(57M) 3.282ms
[2026-06-17T09:57:13.319+0800][20.835s][info][gc,cpu         ] GC(850) User=0.00s Sys=0.00s Real=0.00s
[2026-06-17T09:57:13.341+0800][20.857s][info][gc,start       ] GC(851) Pause Young (Allocation Failure)
[2026-06-17T09:57:13.342+0800][20.858s][info][gc,heap        ] GC(851) PSYoungGen: 10444K(14848K)->3580K(15360K) Eden: 8188K(8192K)->0K(8704K) From: 2255K(6656K)->3580K(6656K)
[2026-06-17T09:57:13.343+0800][20.859s][info][gc,heap        ] GC(851) ParOldGen: 38668K(44032K)->38668K(44032K)
[2026-06-17T09:57:13.344+0800][20.860s][info][gc,metaspace   ] GC(851) Metaspace: 151K(384K)->151K(384K) NonClass: 146K(256K)->146K(256K) Class: 4K(128K)->4K(128K)
[2026-06-17T09:57:13.344+0800][20.860s][info][gc             ] GC(851) Pause Young (Allocation Failure) 47M->41M(58M) 3.062ms
[2026-06-17T09:57:13.345+0800][20.861s][info][gc,cpu         ] GC(851) User=0.00s Sys=0.00s Real=0.01s
[2026-06-17T09:57:13.367+0800][20.883s][info][gc,start       ] GC(852) Pause Young (Allocation Failure)
[2026-06-17T09:57:13.369+0800][20.885s][info][gc,heap        ] GC(852) PSYoungGen: 12244K(15360K)->5385K(14336K) Eden: 8663K(8704K)->0K(8704K) From: 3580K(6656K)->5385K(5632K)
[2026-06-17T09:57:13.370+0800][20.886s][info][gc,heap        ] GC(852) ParOldGen: 38668K(44032K)->38668K(44032K)
[2026-06-17T09:57:13.371+0800][20.887s][info][gc,metaspace   ] GC(852) Metaspace: 151K(384K)->151K(384K) NonClass: 146K(256K)->146K(256K) Class: 4K(128K)->4K(128K)
[2026-06-17T09:57:13.372+0800][20.888s][info][gc             ] GC(852) Pause Young (Allocation Failure) 49M->43M(57M) 4.778ms
[2026-06-17T09:57:13.372+0800][20.888s][info][gc,cpu         ] GC(852) User=0.00s Sys=0.00s Real=0.01s
[2026-06-17T09:57:13.395+0800][20.911s][info][gc,start       ] GC(853) Pause Young (Allocation Failure)
[2026-06-17T09:57:13.397+0800][20.913s][info][gc,heap        ] GC(853) PSYoungGen: 14077K(14336K)->7069K(14336K) Eden: 8691K(8704K)->0K(7168K) From: 5385K(5632K)->7069K(7168K)
[2026-06-17T09:57:13.398+0800][20.914s][info][gc,heap        ] GC(853) ParOldGen: 38668K(44032K)->39025K(44032K)
[2026-06-17T09:57:13.399+0800][20.915s][info][gc,metaspace   ] GC(853) Metaspace: 151K(384K)->151K(384K) NonClass: 146K(256K)->146K(256K) Class: 4K(128K)->4K(128K)
[2026-06-17T09:57:13.400+0800][20.916s][info][gc             ] GC(853) Pause Young (Allocation Failure) 51M->45M(57M) 5.126ms
[2026-06-17T09:57:13.401+0800][20.917s][info][gc,cpu         ] GC(853) User=0.00s Sys=0.00s Real=0.00s
[2026-06-17T09:57:13.422+0800][20.939s][info][gc,start       ] GC(854) Pause Young (Allocation Failure)
[2026-06-17T09:57:13.424+0800][20.940s][info][gc,heap        ] GC(854) PSYoungGen: 14208K(14336K)->5428K(14336K) Eden: 7139K(7168K)->0K(7168K) From: 7069K(7168K)->5428K(7168K)
[2026-06-17T09:57:13.425+0800][20.941s][info][gc,heap        ] GC(854) ParOldGen: 39025K(44032K)->40629K(44032K)
[2026-06-17T09:57:13.426+0800][20.942s][info][gc,metaspace   ] GC(854) Metaspace: 151K(384K)->151K(384K) NonClass: 146K(256K)->146K(256K) Class: 4K(128K)->4K(128K)
[2026-06-17T09:57:13.426+0800][20.942s][info][gc             ] GC(854) Pause Young (Allocation Failure) 51M->44M(57M) 3.698ms
[2026-06-17T09:57:13.427+0800][20.943s][info][gc,cpu         ] GC(854) User=0.00s Sys=0.00s Real=0.00s
[2026-06-17T09:57:13.438+0800][20.954s][info][gc,start       ] GC(855) Pause Young (Allocation Failure)
[2026-06-17T09:57:13.439+0800][20.955s][info][gc,heap        ] GC(855) PSYoungGen: 12596K(14336K)->7026K(14336K) Eden: 7167K(7168K)->0K(7168K) From: 5428K(7168K)->7026K(7168K)
[2026-06-17T09:57:13.439+0800][20.955s][info][gc,heap        ] GC(855) ParOldGen: 40629K(44032K)->42743K(44032K)
[2026-06-17T09:57:13.440+0800][20.956s][info][gc,metaspace   ] GC(855) Metaspace: 151K(384K)->151K(384K) NonClass: 146K(256K)->146K(256K) Class: 4K(128K)->4K(128K)
[2026-06-17T09:57:13.440+0800][20.956s][info][gc             ] GC(855) Pause Young (Allocation Failure) 51M->48M(57M) 2.336ms
[2026-06-17T09:57:13.441+0800][20.957s][info][gc,cpu         ] GC(855) User=0.01s Sys=0.00s Real=0.00s
[2026-06-17T09:57:13.462+0800][20.978s][info][gc,start       ] GC(856) Pause Full (Ergonomics)
[2026-06-17T09:57:13.463+0800][20.979s][info][gc,phases,start] GC(856) Marking Phase
[2026-06-17T09:57:13.465+0800][20.981s][info][gc,phases      ] GC(856) Marking Phase 1.801ms
[2026-06-17T09:57:13.466+0800][20.982s][info][gc,phases,start] GC(856) Summary Phase
[2026-06-17T09:57:13.466+0800][20.982s][info][gc,phases      ] GC(856) Summary Phase 0.596ms
[2026-06-17T09:57:13.467+0800][20.983s][info][gc,phases,start] GC(856) Adjust Roots
[2026-06-17T09:57:13.467+0800][20.983s][info][gc,phases      ] GC(856) Adjust Roots 0.614ms
[2026-06-17T09:57:13.468+0800][20.984s][info][gc,phases,start] GC(856) Compaction Phase
[2026-06-17T09:57:13.470+0800][20.986s][info][gc,phases      ] GC(856) Compaction Phase 1.858ms
[2026-06-17T09:57:13.470+0800][20.986s][info][gc,phases,start] GC(856) Post Compact
[2026-06-17T09:57:13.471+0800][20.987s][info][gc,phases      ] GC(856) Post Compact 0.665ms
[2026-06-17T09:57:13.472+0800][20.988s][info][gc,heap        ] GC(856) PSYoungGen: 14160K(14336K)->0K(14336K) Eden: 7134K(7168K)->0K(7168K) From: 7026K(7168K)->0K(7168K)
[2026-06-17T09:57:13.472+0800][20.988s][info][gc,heap        ] GC(856) ParOldGen: 42743K(44032K)->26996K(44032K)
[2026-06-17T09:57:13.472+0800][20.988s][info][gc,metaspace   ] GC(856) Metaspace: 151K(384K)->151K(384K) NonClass: 146K(256K)->146K(256K) Class: 4K(128K)->4K(128K)
[2026-06-17T09:57:13.473+0800][20.989s][info][gc             ] GC(856) Pause Full (Ergonomics) 55M->26M(57M) 10.492ms
[2026-06-17T09:57:13.473+0800][20.989s][info][gc,cpu         ] GC(856) User=0.00s Sys=0.01s Real=0.02s
[2026-06-17T09:57:13.495+0800][21.011s][info][gc,start       ] GC(857) Pause Young (Allocation Failure)
[2026-06-17T09:57:13.497+0800][21.013s][info][gc,heap        ] GC(857) PSYoungGen: 7159K(14336K)->3542K(14336K) Eden: 7159K(7168K)->0K(7168K) From: 0K(7168K)->3542K(7168K)
[2026-06-17T09:57:13.497+0800][21.013s][info][gc,heap        ] GC(857) ParOldGen: 26996K(44032K)->26996K(44032K)
[2026-06-17T09:57:13.498+0800][21.014s][info][gc,metaspace   ] GC(857) Metaspace: 151K(384K)->151K(384K) NonClass: 146K(256K)->146K(256K) Class: 4K(128K)->4K(128K)
[2026-06-17T09:57:13.498+0800][21.014s][info][gc             ] GC(857) Pause Young (Allocation Failure) 33M->29M(57M) 3.074ms
[2026-06-17T09:57:13.499+0800][21.015s][info][gc,cpu         ] GC(857) User=0.00s Sys=0.00s Real=0.00s
[2026-06-17T09:57:13.510+0800][21.026s][info][gc,start       ] GC(858) Pause Young (Allocation Failure)
[2026-06-17T09:57:13.512+0800][21.028s][info][gc,heap        ] GC(858) PSYoungGen: 10691K(14336K)->4194K(14336K) Eden: 7149K(7168K)->0K(7168K) From: 3542K(7168K)->4194K(7168K)
[2026-06-17T09:57:13.512+0800][21.028s][info][gc,heap        ] GC(858) ParOldGen: 26996K(44032K)->29789K(44032K)
[2026-06-17T09:57:13.513+0800][21.029s][info][gc,metaspace   ] GC(858) Metaspace: 151K(384K)->151K(384K) NonClass: 146K(256K)->146K(256K) Class: 4K(128K)->4K(128K)
[2026-06-17T09:57:13.513+0800][21.029s][info][gc             ] GC(858) Pause Young (Allocation Failure) 36M->33M(57M) 3.605ms
[2026-06-17T09:57:13.514+0800][21.030s][info][gc,cpu         ] GC(858) User=0.00s Sys=0.00s Real=0.01s
[2026-06-17T09:57:13.536+0800][21.052s][info][gc,start       ] GC(859) Pause Young (Allocation Failure)
[2026-06-17T09:57:13.538+0800][21.054s][info][gc,heap        ] GC(859) PSYoungGen: 11352K(14336K)->2054K(14336K) Eden: 7158K(7168K)->0K(7168K) From: 4194K(7168K)->2054K(7168K)
[2026-06-17T09:57:13.539+0800][21.055s][info][gc,heap        ] GC(859) ParOldGen: 29789K(44032K)->32361K(44032K)
[2026-06-17T09:57:13.539+0800][21.055s][info][gc,metaspace   ] GC(859) Metaspace: 151K(384K)->151K(384K) NonClass: 146K(256K)->146K(256K) Class: 4K(128K)->4K(128K)
[2026-06-17T09:57:13.540+0800][21.056s][info][gc             ] GC(859) Pause Young (Allocation Failure) 40M->33M(57M) 3.961ms
[2026-06-17T09:57:13.540+0800][21.056s][info][gc,cpu         ] GC(859) User=0.01s Sys=0.00s Real=0.00s
[2026-06-17T09:57:13.562+0800][21.078s][info][gc,start       ] GC(860) Pause Young (Allocation Failure)
[2026-06-17T09:57:13.564+0800][21.080s][info][gc,heap        ] GC(860) PSYoungGen: 9211K(14336K)->2358K(14336K) Eden: 7157K(7168K)->0K(7168K) From: 2054K(7168K)->2358K(7168K)
[2026-06-17T09:57:13.565+0800][21.081s][info][gc,heap        ] GC(860) ParOldGen: 32361K(44032K)->32361K(44032K)
[2026-06-17T09:57:13.566+0800][21.082s][info][gc,metaspace   ] GC(860) Metaspace: 151K(384K)->151K(384K) NonClass: 146K(256K)->146K(256K) Class: 4K(128K)->4K(128K)
[2026-06-17T09:57:13.566+0800][21.082s][info][gc             ] GC(860) Pause Young (Allocation Failure) 40M->33M(57M) 3.812ms
[2026-06-17T09:57:13.567+0800][21.083s][info][gc,cpu         ] GC(860) User=0.00s Sys=0.00s Real=0.01s
[2026-06-17T09:57:13.579+0800][21.095s][info][gc,start       ] GC(861) Pause Young (Allocation Failure)
[2026-06-17T09:57:13.581+0800][21.097s][info][gc,heap        ] GC(861) PSYoungGen: 9452K(14336K)->550K(14336K) Eden: 7094K(7168K)->0K(7168K) From: 2358K(7168K)->550K(7168K)
[2026-06-17T09:57:13.581+0800][21.097s][info][gc,heap        ] GC(861) ParOldGen: 32361K(44032K)->34140K(44032K)
[2026-06-17T09:57:13.582+0800][21.098s][info][gc,metaspace   ] GC(861) Metaspace: 151K(384K)->151K(384K) NonClass: 146K(256K)->146K(256K) Class: 4K(128K)->4K(128K)
[2026-06-17T09:57:13.583+0800][21.099s][info][gc             ] GC(861) Pause Young (Allocation Failure) 40M->33M(57M) 3.448ms
[2026-06-17T09:57:13.583+0800][21.099s][info][gc,cpu         ] GC(861) User=0.00s Sys=0.00s Real=0.01s
[2026-06-17T09:57:13.606+0800][21.122s][info][gc,start       ] GC(862) Pause Young (Allocation Failure)
[2026-06-17T09:57:13.608+0800][21.124s][info][gc,heap        ] GC(862) PSYoungGen: 7700K(14336K)->3597K(14336K) Eden: 7150K(7168K)->0K(7168K) From: 550K(7168K)->3597K(7168K)
[2026-06-17T09:57:13.609+0800][21.125s][info][gc,heap        ] GC(862) ParOldGen: 34140K(44032K)->34666K(44032K)
[2026-06-17T09:57:13.610+0800][21.126s][info][gc,metaspace   ] GC(862) Metaspace: 151K(384K)->151K(384K) NonClass: 146K(256K)->146K(256K) Class: 4K(128K)->4K(128K)
[2026-06-17T09:57:13.610+0800][21.126s][info][gc             ] GC(862) Pause Young (Allocation Failure) 40M->37M(57M) 4.267ms
[2026-06-17T09:57:13.611+0800][21.127s][info][gc,cpu         ] GC(862) User=0.00s Sys=0.00s Real=0.01s
[2026-06-17T09:57:13.635+0800][21.151s][info][gc,start       ] GC(863) Pause Young (Allocation Failure)
[2026-06-17T09:57:13.638+0800][21.154s][info][gc,heap        ] GC(863) PSYoungGen: 10738K(14336K)->2137K(14336K) Eden: 7141K(7168K)->0K(7168K) From: 3597K(7168K)->2137K(7168K)
[2026-06-17T09:57:13.638+0800][21.154s][info][gc,heap        ] GC(863) ParOldGen: 34666K(44032K)->36024K(44032K)
[2026-06-17T09:57:13.639+0800][21.155s][info][gc,metaspace   ] GC(863) Metaspace: 151K(384K)->151K(384K) NonClass: 146K(256K)->146K(256K) Class: 4K(128K)->4K(128K)
[2026-06-17T09:57:13.640+0800][21.156s][info][gc             ] GC(863) Pause Young (Allocation Failure) 44M->37M(57M) 4.249ms
[2026-06-17T09:57:13.640+0800][21.156s][info][gc,cpu         ] GC(863) User=0.00s Sys=0.00s Real=0.00s
[2026-06-17T09:57:13.663+0800][21.179s][info][gc,start       ] GC(864) Pause Young (Allocation Failure)
[2026-06-17T09:57:13.664+0800][21.180s][info][gc,heap        ] GC(864) PSYoungGen: 9266K(14336K)->418K(14336K) Eden: 7129K(7168K)->0K(7168K) From: 2137K(7168K)->418K(7168K)
[2026-06-17T09:57:13.665+0800][21.181s][info][gc,heap        ] GC(864) ParOldGen: 36024K(44032K)->38105K(44032K)
[2026-06-17T09:57:13.666+0800][21.182s][info][gc,metaspace   ] GC(864) Metaspace: 151K(384K)->151K(384K) NonClass: 146K(256K)->146K(256K) Class: 4K(128K)->4K(128K)
[2026-06-17T09:57:13.666+0800][21.182s][info][gc             ] GC(864) Pause Young (Allocation Failure) 44M->37M(57M) 3.494ms
[2026-06-17T09:57:13.667+0800][21.183s][info][gc,cpu         ] GC(864) User=0.00s Sys=0.00s Real=0.00s
[2026-06-17T09:57:13.679+0800][21.195s][info][gc,start       ] GC(865) Pause Young (Allocation Failure)
[2026-06-17T09:57:13.680+0800][21.196s][info][gc,heap        ] GC(865) PSYoungGen: 7580K(14336K)->3906K(14336K) Eden: 7162K(7168K)->0K(7168K) From: 418K(7168K)->3906K(7168K)
[2026-06-17T09:57:13.681+0800][21.197s][info][gc,heap        ] GC(865) ParOldGen: 38105K(44032K)->38105K(44032K)
[2026-06-17T09:57:13.681+0800][21.197s][info][gc,metaspace   ] GC(865) Metaspace: 151K(384K)->151K(384K) NonClass: 146K(256K)->146K(256K) Class: 4K(128K)->4K(128K)
[2026-06-17T09:57:13.682+0800][21.198s][info][gc             ] GC(865) Pause Young (Allocation Failure) 44M->41M(57M) 3.034ms
[2026-06-17T09:57:13.682+0800][21.198s][info][gc,cpu         ] GC(865) User=0.00s Sys=0.00s Real=0.00s
[2026-06-17T09:57:13.704+0800][21.220s][info][gc,start       ] GC(866) Pause Young (Allocation Failure)
[2026-06-17T09:57:13.705+0800][21.221s][info][gc,heap        ] GC(866) PSYoungGen: 11044K(14336K)->979K(14336K) Eden: 7138K(7168K)->0K(7168K) From: 3906K(7168K)->979K(7168K)
[2026-06-17T09:57:13.706+0800][21.222s][info][gc,heap        ] GC(866) ParOldGen: 38105K(44032K)->41299K(44032K)
[2026-06-17T09:57:13.706+0800][21.222s][info][gc,metaspace   ] GC(866) Metaspace: 151K(384K)->151K(384K) NonClass: 146K(256K)->146K(256K) Class: 4K(128K)->4K(128K)
[2026-06-17T09:57:13.707+0800][21.223s][info][gc             ] GC(866) Pause Young (Allocation Failure) 47M->41M(57M) 3.114ms
[2026-06-17T09:57:13.707+0800][21.223s][info][gc,cpu         ] GC(866) User=0.00s Sys=0.00s Real=0.00s
[2026-06-17T09:57:13.719+0800][21.235s][info][gc,start       ] GC(867) Pause Full (Ergonomics)
[2026-06-17T09:57:13.721+0800][21.237s][info][gc,phases,start] GC(867) Marking Phase
[2026-06-17T09:57:13.724+0800][21.240s][info][gc,phases      ] GC(867) Marking Phase 2.659ms
[2026-06-17T09:57:13.724+0800][21.240s][info][gc,phases,start] GC(867) Summary Phase
[2026-06-17T09:57:13.725+0800][21.241s][info][gc,phases      ] GC(867) Summary Phase 0.456ms
[2026-06-17T09:57:13.725+0800][21.241s][info][gc,phases,start] GC(867) Adjust Roots
[2026-06-17T09:57:13.726+0800][21.242s][info][gc,phases      ] GC(867) Adjust Roots 0.855ms
[2026-06-17T09:57:13.727+0800][21.243s][info][gc,phases,start] GC(867) Compaction Phase
[2026-06-17T09:57:13.729+0800][21.245s][info][gc,phases      ] GC(867) Compaction Phase 2.537ms
[2026-06-17T09:57:13.729+0800][21.245s][info][gc,phases,start] GC(867) Post Compact
[2026-06-17T09:57:13.730+0800][21.246s][info][gc,phases      ] GC(867) Post Compact 0.328ms
[2026-06-17T09:57:13.730+0800][21.246s][info][gc,heap        ] GC(867) PSYoungGen: 8132K(14336K)->0K(14336K) Eden: 7153K(7168K)->0K(7168K) From: 979K(7168K)->0K(7168K)
[2026-06-17T09:57:13.730+0800][21.246s][info][gc,heap        ] GC(867) ParOldGen: 41299K(44032K)->33159K(44032K)
[2026-06-17T09:57:13.730+0800][21.246s][info][gc,metaspace   ] GC(867) Metaspace: 151K(384K)->151K(384K) NonClass: 146K(256K)->146K(256K) Class: 4K(128K)->4K(128K)
[2026-06-17T09:57:13.731+0800][21.247s][info][gc             ] GC(867) Pause Full (Ergonomics) 48M->32M(57M) 11.398ms
[2026-06-17T09:57:13.731+0800][21.247s][info][gc,cpu         ] GC(867) User=0.01s Sys=0.00s Real=0.02s
[2026-06-17T09:57:13.752+0800][21.268s][info][gc,start       ] GC(868) Pause Young (Allocation Failure)
[2026-06-17T09:57:13.754+0800][21.270s][info][gc,heap        ] GC(868) PSYoungGen: 7162K(14336K)->3796K(14336K) Eden: 7162K(7168K)->0K(7168K) From: 0K(7168K)->3796K(7168K)
[2026-06-17T09:57:13.755+0800][21.271s][info][gc,heap        ] GC(868) ParOldGen: 33159K(44032K)->33159K(44032K)
[2026-06-17T09:57:13.755+0800][21.271s][info][gc,metaspace   ] GC(868) Metaspace: 151K(384K)->151K(384K) NonClass: 146K(256K)->146K(256K) Class: 4K(128K)->4K(128K)
[2026-06-17T09:57:13.755+0800][21.271s][info][gc             ] GC(868) Pause Young (Allocation Failure) 39M->36M(57M) 3.003ms
[2026-06-17T09:57:13.756+0800][21.272s][info][gc,cpu         ] GC(868) User=0.00s Sys=0.00s Real=0.00s
[2026-06-17T09:57:13.777+0800][21.293s][info][gc,start       ] GC(869) Pause Young (Allocation Failure)
[2026-06-17T09:57:13.781+0800][21.297s][info][gc,heap        ] GC(869) PSYoungGen: 10937K(14336K)->2757K(14336K) Eden: 7140K(7168K)->0K(7168K) From: 3796K(7168K)->2757K(7168K)
[2026-06-17T09:57:13.781+0800][21.297s][info][gc,heap        ] GC(869) ParOldGen: 33159K(44032K)->34024K(44032K)
[2026-06-17T09:57:13.782+0800][21.298s][info][gc,metaspace   ] GC(869) Metaspace: 151K(384K)->151K(384K) NonClass: 146K(256K)->146K(256K) Class: 4K(128K)->4K(128K)
[2026-06-17T09:57:13.784+0800][21.300s][info][gc             ] GC(869) Pause Young (Allocation Failure) 43M->35M(57M) 6.409ms
[2026-06-17T09:57:13.786+0800][21.302s][info][gc,cpu         ] GC(869) User=0.00s Sys=0.00s Real=0.01s
[2026-06-17T09:57:13.800+0800][21.316s][info][gc,start       ] GC(870) Pause Young (Allocation Failure)
[2026-06-17T09:57:13.802+0800][21.318s][info][gc,heap        ] GC(870) PSYoungGen: 9848K(14336K)->280K(14336K) Eden: 7091K(7168K)->0K(7168K) From: 2757K(7168K)->280K(7168K)
[2026-06-17T09:57:13.803+0800][21.319s][info][gc,heap        ] GC(870) ParOldGen: 34024K(44032K)->36540K(44032K)
[2026-06-17T09:57:13.803+0800][21.319s][info][gc,metaspace   ] GC(870) Metaspace: 151K(384K)->151K(384K) NonClass: 146K(256K)->146K(256K) Class: 4K(128K)->4K(128K)
[2026-06-17T09:57:13.804+0800][21.320s][info][gc             ] GC(870) Pause Young (Allocation Failure) 42M->35M(57M) 4.366ms
[2026-06-17T09:57:13.804+0800][21.320s][info][gc,cpu         ] GC(870) User=0.01s Sys=0.00s Real=0.01s
[2026-06-17T09:57:13.827+0800][21.343s][info][gc,start       ] GC(871) Pause Young (Allocation Failure)
[2026-06-17T09:57:13.831+0800][21.347s][info][gc,heap        ] GC(871) PSYoungGen: 7439K(14336K)->3566K(14336K) Eden: 7159K(7168K)->0K(7168K) From: 280K(7168K)->3566K(7168K)
[2026-06-17T09:57:13.831+0800][21.347s][info][gc,heap        ] GC(871) ParOldGen: 36540K(44032K)->36796K(44032K)
[2026-06-17T09:57:13.832+0800][21.348s][info][gc,metaspace   ] GC(871) Metaspace: 151K(384K)->151K(384K) NonClass: 146K(256K)->146K(256K) Class: 4K(128K)->4K(128K)
[2026-06-17T09:57:13.832+0800][21.348s][info][gc             ] GC(871) Pause Young (Allocation Failure) 42M->39M(57M) 5.315ms
[2026-06-17T09:57:13.833+0800][21.349s][info][gc,cpu         ] GC(871) User=0.00s Sys=0.00s Real=0.01s
[2026-06-17T09:57:13.855+0800][21.371s][info][gc,start       ] GC(872) Pause Young (Allocation Failure)
[2026-06-17T09:57:13.857+0800][21.373s][info][gc,heap        ] GC(872) PSYoungGen: 10712K(14336K)->2235K(14336K) Eden: 7145K(7168K)->0K(7168K) From: 3566K(7168K)->2235K(7168K)
[2026-06-17T09:57:13.858+0800][21.374s][info][gc,heap        ] GC(872) ParOldGen: 36796K(44032K)->38484K(44032K)
[2026-06-17T09:57:13.858+0800][21.374s][info][gc,metaspace   ] GC(872) Metaspace: 151K(384K)->151K(384K) NonClass: 146K(256K)->146K(256K) Class: 4K(128K)->4K(128K)
[2026-06-17T09:57:13.859+0800][21.375s][info][gc             ] GC(872) Pause Young (Allocation Failure) 46M->39M(57M) 3.680ms
[2026-06-17T09:57:13.861+0800][21.377s][info][gc,cpu         ] GC(872) User=0.00s Sys=0.00s Real=0.00s
[2026-06-17T09:57:13.886+0800][21.402s][info][gc,start       ] GC(873) Pause Young (Allocation Failure)
[2026-06-17T09:57:13.889+0800][21.405s][info][gc,heap        ] GC(873) PSYoungGen: 9395K(14336K)->783K(14848K) Eden: 7160K(7168K)->0K(8192K) From: 2235K(7168K)->783K(6656K)
[2026-06-17T09:57:13.891+0800][21.407s][info][gc,heap        ] GC(873) ParOldGen: 38484K(44032K)->40535K(44032K)
[2026-06-17T09:57:13.891+0800][21.407s][info][gc,metaspace   ] GC(873) Metaspace: 151K(384K)->151K(384K) NonClass: 146K(256K)->146K(256K) Class: 4K(128K)->4K(128K)
[2026-06-17T09:57:13.892+0800][21.408s][info][gc             ] GC(873) Pause Young (Allocation Failure) 46M->40M(57M) 5.573ms
[2026-06-17T09:57:13.893+0800][21.409s][info][gc,cpu         ] GC(873) User=0.01s Sys=0.00s Real=0.01s
[2026-06-17T09:57:13.915+0800][21.431s][info][gc,start       ] GC(874) Pause Full (Ergonomics)
[2026-06-17T09:57:13.915+0800][21.431s][info][gc,phases,start] GC(874) Marking Phase
[2026-06-17T09:57:13.918+0800][21.434s][info][gc,phases      ] GC(874) Marking Phase 2.569ms
[2026-06-17T09:57:13.918+0800][21.434s][info][gc,phases,start] GC(874) Summary Phase
[2026-06-17T09:57:13.919+0800][21.435s][info][gc,phases      ] GC(874) Summary Phase 0.403ms
[2026-06-17T09:57:13.919+0800][21.435s][info][gc,phases,start] GC(874) Adjust Roots
[2026-06-17T09:57:13.920+0800][21.436s][info][gc,phases      ] GC(874) Adjust Roots 1.232ms
[2026-06-17T09:57:13.921+0800][21.437s][info][gc,phases,start] GC(874) Compaction Phase
[2026-06-17T09:57:13.924+0800][21.440s][info][gc,phases      ] GC(874) Compaction Phase 2.564ms
[2026-06-17T09:57:13.924+0800][21.440s][info][gc,phases,start] GC(874) Post Compact
[2026-06-17T09:57:13.925+0800][21.441s][info][gc,phases      ] GC(874) Post Compact 0.505ms
[2026-06-17T09:57:13.925+0800][21.441s][info][gc,heap        ] GC(874) PSYoungGen: 8924K(14848K)->0K(14848K) Eden: 8141K(8192K)->0K(8192K) From: 783K(6656K)->0K(6656K)
[2026-06-17T09:57:13.925+0800][21.441s][info][gc,heap        ] GC(874) ParOldGen: 40535K(44032K)->28569K(44032K)
[2026-06-17T09:57:13.926+0800][21.442s][info][gc,metaspace   ] GC(874) Metaspace: 151K(384K)->151K(384K) NonClass: 146K(256K)->146K(256K) Class: 4K(128K)->4K(128K)
[2026-06-17T09:57:13.926+0800][21.442s][info][gc             ] GC(874) Pause Full (Ergonomics) 48M->27M(57M) 11.089ms
[2026-06-17T09:57:13.926+0800][21.442s][info][gc,cpu         ] GC(874) User=0.01s Sys=0.00s Real=0.01s
[2026-06-17T09:57:13.937+0800][21.453s][info][gc,start       ] GC(875) Pause Young (Allocation Failure)
[2026-06-17T09:57:13.939+0800][21.455s][info][gc,heap        ] GC(875) PSYoungGen: 8062K(14848K)->4634K(13824K) Eden: 8062K(8192K)->0K(7168K) From: 0K(6656K)->4634K(6656K)
[2026-06-17T09:57:13.940+0800][21.456s][info][gc,heap        ] GC(875) ParOldGen: 28569K(44032K)->28569K(44032K)
[2026-06-17T09:57:13.940+0800][21.456s][info][gc,metaspace   ] GC(875) Metaspace: 151K(384K)->151K(384K) NonClass: 146K(256K)->146K(256K) Class: 4K(128K)->4K(128K)
[2026-06-17T09:57:13.940+0800][21.456s][info][gc             ] GC(875) Pause Young (Allocation Failure) 35M->32M(56M) 2.783ms
[2026-06-17T09:57:13.940+0800][21.456s][info][gc,cpu         ] GC(875) User=0.00s Sys=0.00s Real=0.00s
[2026-06-17T09:57:13.962+0800][21.478s][info][gc,start       ] GC(876) Pause Young (Allocation Failure)
[2026-06-17T09:57:13.966+0800][21.482s][info][gc,heap        ] GC(876) PSYoungGen: 11759K(13824K)->3686K(14336K) Eden: 7125K(7168K)->0K(7168K) From: 4634K(6656K)->3686K(7168K)
[2026-06-17T09:57:13.967+0800][21.483s][info][gc,heap        ] GC(876) ParOldGen: 28569K(44032K)->33157K(44032K)
[2026-06-17T09:57:13.967+0800][21.483s][info][gc,metaspace   ] GC(876) Metaspace: 151K(384K)->151K(384K) NonClass: 146K(256K)->146K(256K) Class: 4K(128K)->4K(128K)
[2026-06-17T09:57:13.968+0800][21.484s][info][gc             ] GC(876) Pause Young (Allocation Failure) 39M->35M(57M) 5.648ms
[2026-06-17T09:57:13.969+0800][21.485s][info][gc,cpu         ] GC(876) User=0.00s Sys=0.00s Real=0.01s
[2026-06-17T09:57:13.992+0800][21.508s][info][gc,start       ] GC(877) Pause Young (Allocation Failure)
[2026-06-17T09:57:13.994+0800][21.510s][info][gc,heap        ] GC(877) PSYoungGen: 10825K(14336K)->1972K(14848K) Eden: 7139K(7168K)->0K(7680K) From: 3686K(7168K)->1972K(7168K)
[2026-06-17T09:57:13.995+0800][21.511s][info][gc,heap        ] GC(877) ParOldGen: 33157K(44032K)->35247K(44032K)
[2026-06-17T09:57:13.996+0800][21.512s][info][gc,metaspace   ] GC(877) Metaspace: 151K(384K)->151K(384K) NonClass: 146K(256K)->146K(256K) Class: 4K(128K)->4K(128K)
[2026-06-17T09:57:13.996+0800][21.512s][info][gc             ] GC(877) Pause Young (Allocation Failure) 42M->36M(57M) 4.683ms
[2026-06-17T09:57:13.997+0800][21.513s][info][gc,cpu         ] GC(877) User=0.01s Sys=0.00s Real=0.00s
[2026-06-17T09:57:14.020+0800][21.536s][info][gc,start       ] GC(878) Pause Young (Allocation Failure)
[2026-06-17T09:57:14.022+0800][21.538s][info][gc,heap        ] GC(878) PSYoungGen: 9635K(14848K)->882K(14336K) Eden: 7663K(7680K)->0K(7680K) From: 1972K(7168K)->882K(6656K)
[2026-06-17T09:57:14.022+0800][21.538s][info][gc,heap        ] GC(878) ParOldGen: 35247K(44032K)->37163K(44032K)
[2026-06-17T09:57:14.023+0800][21.539s][info][gc,metaspace   ] GC(878) Metaspace: 151K(384K)->151K(384K) NonClass: 146K(256K)->146K(256K) Class: 4K(128K)->4K(128K)
[2026-06-17T09:57:14.024+0800][21.540s][info][gc             ] GC(878) Pause Young (Allocation Failure) 43M->37M(57M) 3.784ms
[2026-06-17T09:57:14.024+0800][21.540s][info][gc,cpu         ] GC(878) User=0.00s Sys=0.00s Real=0.01s
[2026-06-17T09:57:14.036+0800][21.552s][info][gc,start       ] GC(879) Pause Young (Allocation Failure)
[2026-06-17T09:57:14.038+0800][21.554s][info][gc,heap        ] GC(879) PSYoungGen: 8537K(14336K)->5089K(13824K) Eden: 7655K(7680K)->0K(7168K) From: 882K(6656K)->5089K(6656K)
[2026-06-17T09:57:14.039+0800][21.555s][info][gc,heap        ] GC(879) ParOldGen: 37163K(44032K)->37163K(44032K)
[2026-06-17T09:57:14.039+0800][21.555s][info][gc,metaspace   ] GC(879) Metaspace: 151K(384K)->151K(384K) NonClass: 146K(256K)->146K(256K) Class: 4K(128K)->4K(128K)
[2026-06-17T09:57:14.040+0800][21.556s][info][gc             ] GC(879) Pause Young (Allocation Failure) 44M->41M(56M) 3.676ms
[2026-06-17T09:57:14.040+0800][21.556s][info][gc,cpu         ] GC(879) User=0.00s Sys=0.00s Real=0.00s
[2026-06-17T09:57:14.063+0800][21.579s][info][gc,start       ] GC(880) Pause Young (Allocation Failure)
[2026-06-17T09:57:14.064+0800][21.580s][info][gc,heap        ] GC(880) PSYoungGen: 12216K(13824K)->3199K(14336K) Eden: 7127K(7168K)->0K(7168K) From: 5089K(6656K)->3199K(7168K)
[2026-06-17T09:57:14.065+0800][21.581s][info][gc,heap        ] GC(880) ParOldGen: 37163K(44032K)->39231K(44032K)
[2026-06-17T09:57:14.065+0800][21.581s][info][gc,metaspace   ] GC(880) Metaspace: 151K(384K)->151K(384K) NonClass: 146K(256K)->146K(256K) Class: 4K(128K)->4K(128K)
[2026-06-17T09:57:14.066+0800][21.582s][info][gc             ] GC(880) Pause Young (Allocation Failure) 48M->41M(57M) 3.032ms
[2026-06-17T09:57:14.066+0800][21.582s][info][gc,cpu         ] GC(880) User=0.01s Sys=0.00s Real=0.00s
[2026-06-17T09:57:14.088+0800][21.604s][info][gc,start       ] GC(881) Pause Young (Allocation Failure)
[2026-06-17T09:57:14.089+0800][21.605s][info][gc,heap        ] GC(881) PSYoungGen: 10362K(14336K)->3411K(14848K) Eden: 7163K(7168K)->0K(7680K) From: 3199K(7168K)->3411K(7168K)
[2026-06-17T09:57:14.090+0800][21.606s][info][gc,heap        ] GC(881) ParOldGen: 39231K(44032K)->39231K(44032K)
[2026-06-17T09:57:14.090+0800][21.606s][info][gc,metaspace   ] GC(881) Metaspace: 151K(384K)->151K(384K) NonClass: 146K(256K)->146K(256K) Class: 4K(128K)->4K(128K)
[2026-06-17T09:57:14.091+0800][21.607s][info][gc             ] GC(881) Pause Young (Allocation Failure) 48M->41M(57M) 3.124ms
[2026-06-17T09:57:14.092+0800][21.608s][info][gc,cpu         ] GC(881) User=0.00s Sys=0.00s Real=0.01s
[2026-06-17T09:57:14.113+0800][21.629s][info][gc,start       ] GC(882) Pause Young (Allocation Failure)
[2026-06-17T09:57:14.123+0800][21.639s][info][gc,heap        ] GC(882) PSYoungGen: 11078K(14848K)->2390K(14336K) Eden: 7667K(7680K)->0K(7680K) From: 3411K(7168K)->2390K(6656K)
[2026-06-17T09:57:14.125+0800][21.641s][info][gc,heap        ] GC(882) ParOldGen: 39231K(44032K)->40896K(44032K)
[2026-06-17T09:57:14.126+0800][21.642s][info][gc,metaspace   ] GC(882) Metaspace: 151K(384K)->151K(384K) NonClass: 146K(256K)->146K(256K) Class: 4K(128K)->4K(128K)
[2026-06-17T09:57:14.127+0800][21.643s][info][gc             ] GC(882) Pause Young (Allocation Failure) 49M->42M(57M) 14.273ms
[2026-06-17T09:57:14.128+0800][21.644s][info][gc,cpu         ] GC(882) User=0.00s Sys=0.00s Real=0.01s
[2026-06-17T09:57:14.149+0800][21.665s][info][gc,start       ] GC(883) Pause Full (Ergonomics)
[2026-06-17T09:57:14.153+0800][21.670s][info][gc,phases,start] GC(883) Marking Phase
[2026-06-17T09:57:14.155+0800][21.671s][info][gc,phases      ] GC(883) Marking Phase 1.173ms
[2026-06-17T09:57:14.170+0800][21.686s][info][gc,phases,start] GC(883) Summary Phase
[2026-06-17T09:57:14.170+0800][21.686s][info][gc,phases      ] GC(883) Summary Phase 0.590ms
[2026-06-17T09:57:14.190+0800][21.706s][info][gc,phases,start] GC(883) Adjust Roots
[2026-06-17T09:57:14.191+0800][21.707s][info][gc,phases      ] GC(883) Adjust Roots 1.155ms
[2026-06-17T09:57:14.192+0800][21.708s][info][gc,phases,start] GC(883) Compaction Phase
[2026-06-17T09:57:14.194+0800][21.710s][info][gc,phases      ] GC(883) Compaction Phase 2.592ms
[2026-06-17T09:57:14.195+0800][21.711s][info][gc,phases,start] GC(883) Post Compact
[2026-06-17T09:57:14.196+0800][21.712s][info][gc,phases      ] GC(883) Post Compact 0.869ms
[2026-06-17T09:57:14.196+0800][21.713s][info][gc,heap        ] GC(883) PSYoungGen: 10067K(14336K)->0K(14848K) Eden: 7677K(7680K)->0K(8192K) From: 2390K(6656K)->0K(6656K)
[2026-06-17T09:57:14.197+0800][21.713s][info][gc,heap        ] GC(883) ParOldGen: 40896K(44032K)->30320K(44032K)
[2026-06-17T09:57:14.198+0800][21.714s][info][gc,metaspace   ] GC(883) Metaspace: 151K(384K)->151K(384K) NonClass: 146K(256K)->146K(256K) Class: 4K(128K)->4K(128K)
[2026-06-17T09:57:14.198+0800][21.714s][info][gc             ] GC(883) Pause Full (Ergonomics) 49M->29M(57M) 49.179ms
[2026-06-17T09:57:14.199+0800][21.715s][info][gc,cpu         ] GC(883) User=0.01s Sys=0.00s Real=0.05s
[2026-06-17T09:57:14.210+0800][21.726s][info][gc,start       ] GC(884) Pause Young (Allocation Failure)
[2026-06-17T09:57:14.211+0800][21.727s][info][gc,heap        ] GC(884) PSYoungGen: 7327K(14848K)->3899K(14848K) Eden: 7327K(8192K)->0K(8192K) From: 0K(6656K)->3899K(6656K)
[2026-06-17T09:57:14.212+0800][21.728s][info][gc,heap        ] GC(884) ParOldGen: 30320K(44032K)->30320K(44032K)
[2026-06-17T09:57:14.212+0800][21.728s][info][gc,metaspace   ] GC(884) Metaspace: 151K(384K)->151K(384K) NonClass: 146K(256K)->146K(256K) Class: 4K(128K)->4K(128K)
[2026-06-17T09:57:14.212+0800][21.728s][info][gc             ] GC(884) Pause Young (Allocation Failure) 36M->33M(57M) 1.922ms
[2026-06-17T09:57:14.213+0800][21.729s][info][gc,cpu         ] GC(884) User=0.00s Sys=0.00s Real=0.01s
[2026-06-17T09:57:14.234+0800][21.750s][info][gc,start       ] GC(885) Pause Young (Allocation Failure)
[2026-06-17T09:57:14.236+0800][21.752s][info][gc,heap        ] GC(885) PSYoungGen: 12018K(14848K)->5511K(13824K) Eden: 8118K(8192K)->0K(7168K) From: 3899K(6656K)->5511K(6656K)
[2026-06-17T09:57:14.237+0800][21.753s][info][gc,heap        ] GC(885) ParOldGen: 30320K(44032K)->30320K(44032K)
[2026-06-17T09:57:14.237+0800][21.753s][info][gc,metaspace   ] GC(885) Metaspace: 151K(384K)->151K(384K) NonClass: 146K(256K)->146K(256K) Class: 4K(128K)->4K(128K)
[2026-06-17T09:57:14.238+0800][21.754s][info][gc             ] GC(885) Pause Young (Allocation Failure) 41M->34M(56M) 3.737ms
[2026-06-17T09:57:14.239+0800][21.755s][info][gc,cpu         ] GC(885) User=0.00s Sys=0.00s Real=0.00s
[2026-06-17T09:57:14.260+0800][21.777s][info][gc,start       ] GC(886) Pause Young (Allocation Failure)
[2026-06-17T09:57:14.263+0800][21.779s][info][gc,heap        ] GC(886) PSYoungGen: 12660K(13824K)->7152K(14336K) Eden: 7148K(7168K)->0K(7168K) From: 5511K(6656K)->7152K(7168K)
[2026-06-17T09:57:14.263+0800][21.779s][info][gc,heap        ] GC(886) ParOldGen: 30320K(44032K)->32188K(44032K)
[2026-06-17T09:57:14.264+0800][21.780s][info][gc,metaspace   ] GC(886) Metaspace: 151K(384K)->151K(384K) NonClass: 146K(256K)->146K(256K) Class: 4K(128K)->4K(128K)
[2026-06-17T09:57:14.264+0800][21.780s][info][gc             ] GC(886) Pause Young (Allocation Failure) 41M->38M(57M) 3.803ms
[2026-06-17T09:57:14.265+0800][21.781s][info][gc,cpu         ] GC(886) User=0.01s Sys=0.00s Real=0.01s
[2026-06-17T09:57:14.286+0800][21.802s][info][gc,start       ] GC(887) Pause Young (Allocation Failure)
[2026-06-17T09:57:14.288+0800][21.804s][info][gc,heap        ] GC(887) PSYoungGen: 14274K(14336K)->3923K(14336K) Eden: 7121K(7168K)->0K(7168K) From: 7152K(7168K)->3923K(7168K)
[2026-06-17T09:57:14.289+0800][21.805s][info][gc,heap        ] GC(887) ParOldGen: 32188K(44032K)->35784K(44032K)
[2026-06-17T09:57:14.290+0800][21.806s][info][gc,metaspace   ] GC(887) Metaspace: 151K(384K)->151K(384K) NonClass: 146K(256K)->146K(256K) Class: 4K(128K)->4K(128K)
[2026-06-17T09:57:14.290+0800][21.806s][info][gc             ] GC(887) Pause Young (Allocation Failure) 45M->38M(57M) 3.973ms
[2026-06-17T09:57:14.291+0800][21.807s][info][gc,cpu         ] GC(887) User=0.00s Sys=0.00s Real=0.01s
[2026-06-17T09:57:14.313+0800][21.829s][info][gc,start       ] GC(888) Pause Young (Allocation Failure)
[2026-06-17T09:57:14.314+0800][21.830s][info][gc,heap        ] GC(888) PSYoungGen: 11088K(14336K)->1264K(14336K) Eden: 7164K(7168K)->0K(7168K) From: 3923K(7168K)->1264K(7168K)
[2026-06-17T09:57:14.315+0800][21.831s][info][gc,heap        ] GC(888) ParOldGen: 35784K(44032K)->38957K(44032K)
[2026-06-17T09:57:14.315+0800][21.831s][info][gc,metaspace   ] GC(888) Metaspace: 151K(384K)->151K(384K) NonClass: 146K(256K)->146K(256K) Class: 4K(128K)->4K(128K)
[2026-06-17T09:57:14.316+0800][21.832s][info][gc             ] GC(888) Pause Young (Allocation Failure) 45M->39M(57M) 3.459ms
[2026-06-17T09:57:14.317+0800][21.833s][info][gc,cpu         ] GC(888) User=0.00s Sys=0.00s Real=0.00s
[2026-06-17T09:57:14.328+0800][21.844s][info][gc,start       ] GC(889) Pause Young (Allocation Failure)
[2026-06-17T09:57:14.329+0800][21.845s][info][gc,heap        ] GC(889) PSYoungGen: 8386K(14336K)->4923K(14336K) Eden: 7122K(7168K)->0K(7168K) From: 1264K(7168K)->4923K(7168K)
[2026-06-17T09:57:14.330+0800][21.846s][info][gc,heap        ] GC(889) ParOldGen: 38957K(44032K)->38957K(44032K)
[2026-06-17T09:57:14.331+0800][21.847s][info][gc,metaspace   ] GC(889) Metaspace: 151K(384K)->151K(384K) NonClass: 146K(256K)->146K(256K) Class: 4K(128K)->4K(128K)
[2026-06-17T09:57:14.334+0800][21.850s][info][gc             ] GC(889) Pause Young (Allocation Failure) 46M->42M(57M) 5.488ms
[2026-06-17T09:57:14.334+0800][21.850s][info][gc,cpu         ] GC(889) User=0.00s Sys=0.00s Real=0.01s
[2026-06-17T09:57:14.356+0800][21.872s][info][gc,start       ] GC(890) Pause Young (Allocation Failure)
[2026-06-17T09:57:14.357+0800][21.873s][info][gc,heap        ] GC(890) PSYoungGen: 12038K(14336K)->3270K(14336K) Eden: 7115K(7168K)->0K(7168K) From: 4923K(7168K)->3270K(7168K)
[2026-06-17T09:57:14.357+0800][21.873s][info][gc,heap        ] GC(890) ParOldGen: 38957K(44032K)->41026K(44032K)
[2026-06-17T09:57:14.358+0800][21.874s][info][gc,metaspace   ] GC(890) Metaspace: 151K(384K)->151K(384K) NonClass: 146K(256K)->146K(256K) Class: 4K(128K)->4K(128K)
[2026-06-17T09:57:14.358+0800][21.874s][info][gc             ] GC(890) Pause Young (Allocation Failure) 49M->43M(57M) 2.068ms
[2026-06-17T09:57:14.358+0800][21.874s][info][gc,cpu         ] GC(890) User=0.00s Sys=0.00s Real=0.00s
[2026-06-17T09:57:14.380+0800][21.896s][info][gc,start       ] GC(891) Pause Full (Ergonomics)
[2026-06-17T09:57:14.380+0800][21.896s][info][gc,phases,start] GC(891) Marking Phase
[2026-06-17T09:57:14.381+0800][21.897s][info][gc,phases      ] GC(891) Marking Phase 0.847ms
[2026-06-17T09:57:14.381+0800][21.897s][info][gc,phases,start] GC(891) Summary Phase
[2026-06-17T09:57:14.381+0800][21.897s][info][gc,phases      ] GC(891) Summary Phase 0.214ms
[2026-06-17T09:57:14.382+0800][21.898s][info][gc,phases,start] GC(891) Adjust Roots
[2026-06-17T09:57:14.382+0800][21.898s][info][gc,phases      ] GC(891) Adjust Roots 0.470ms
[2026-06-17T09:57:14.382+0800][21.898s][info][gc,phases,start] GC(891) Compaction Phase
[2026-06-17T09:57:14.384+0800][21.900s][info][gc,phases      ] GC(891) Compaction Phase 2.205ms
[2026-06-17T09:57:14.385+0800][21.901s][info][gc,phases,start] GC(891) Post Compact
[2026-06-17T09:57:14.385+0800][21.901s][info][gc,phases      ] GC(891) Post Compact 0.300ms
[2026-06-17T09:57:14.385+0800][21.901s][info][gc,heap        ] GC(891) PSYoungGen: 10396K(14336K)->0K(14336K) Eden: 7126K(7168K)->0K(7168K) From: 3270K(7168K)->0K(7168K)
[2026-06-17T09:57:14.385+0800][21.901s][info][gc,heap        ] GC(891) ParOldGen: 41026K(44032K)->24756K(44032K)
[2026-06-17T09:57:14.386+0800][21.902s][info][gc,metaspace   ] GC(891) Metaspace: 151K(384K)->151K(384K) NonClass: 146K(256K)->146K(256K) Class: 4K(128K)->4K(128K)
[2026-06-17T09:57:14.386+0800][21.902s][info][gc             ] GC(891) Pause Full (Ergonomics) 50M->24M(57M) 6.138ms
[2026-06-17T09:57:14.386+0800][21.902s][info][gc,cpu         ] GC(891) User=0.00s Sys=0.00s Real=0.01s
[2026-06-17T09:57:14.397+0800][21.913s][info][gc,start       ] GC(892) Pause Young (Allocation Failure)
[2026-06-17T09:57:14.398+0800][21.914s][info][gc,heap        ] GC(892) PSYoungGen: 7079K(14336K)->3827K(14336K) Eden: 7079K(7168K)->0K(7168K) From: 0K(7168K)->3827K(7168K)
[2026-06-17T09:57:14.398+0800][21.914s][info][gc,heap        ] GC(892) ParOldGen: 24756K(44032K)->24756K(44032K)
[2026-06-17T09:57:14.398+0800][21.914s][info][gc,metaspace   ] GC(892) Metaspace: 151K(384K)->151K(384K) NonClass: 146K(256K)->146K(256K) Class: 4K(128K)->4K(128K)
[2026-06-17T09:57:14.398+0800][21.914s][info][gc             ] GC(892) Pause Young (Allocation Failure) 31M->27M(57M) 1.400ms
[2026-06-17T09:57:14.398+0800][21.914s][info][gc,cpu         ] GC(892) User=0.00s Sys=0.01s Real=0.00s
[2026-06-17T09:57:14.420+0800][21.936s][info][gc,start       ] GC(893) Pause Young (Allocation Failure)
[2026-06-17T09:57:14.421+0800][21.937s][info][gc,heap        ] GC(893) PSYoungGen: 10951K(14336K)->3867K(14336K) Eden: 7123K(7168K)->0K(7168K) From: 3827K(7168K)->3867K(7168K)
[2026-06-17T09:57:14.421+0800][21.937s][info][gc,heap        ] GC(893) ParOldGen: 24756K(44032K)->28570K(44032K)
[2026-06-17T09:57:14.421+0800][21.937s][info][gc,metaspace   ] GC(893) Metaspace: 151K(384K)->151K(384K) NonClass: 146K(256K)->146K(256K) Class: 4K(128K)->4K(128K)
[2026-06-17T09:57:14.421+0800][21.937s][info][gc             ] GC(893) Pause Young (Allocation Failure) 34M->31M(57M) 1.556ms
[2026-06-17T09:57:14.421+0800][21.937s][info][gc,cpu         ] GC(893) User=0.00s Sys=0.00s Real=0.00s
[2026-06-17T09:57:14.442+0800][21.958s][info][gc,start       ] GC(894) Pause Young (Allocation Failure)
[2026-06-17T09:57:14.443+0800][21.959s][info][gc,heap        ] GC(894) PSYoungGen: 11022K(14336K)->3531K(14336K) Eden: 7155K(7168K)->0K(7168K) From: 3867K(7168K)->3531K(7168K)
[2026-06-17T09:57:14.443+0800][21.959s][info][gc,heap        ] GC(894) ParOldGen: 28570K(44032K)->28961K(44032K)
[2026-06-17T09:57:14.444+0800][21.960s][info][gc,metaspace   ] GC(894) Metaspace: 151K(384K)->151K(384K) NonClass: 146K(256K)->146K(256K) Class: 4K(128K)->4K(128K)
[2026-06-17T09:57:14.444+0800][21.960s][info][gc             ] GC(894) Pause Young (Allocation Failure) 38M->31M(57M) 1.349ms
[2026-06-17T09:57:14.444+0800][21.960s][info][gc,cpu         ] GC(894) User=0.00s Sys=0.00s Real=0.01s
[2026-06-17T09:57:14.465+0800][21.981s][info][gc,start       ] GC(895) Pause Young (Allocation Failure)
[2026-06-17T09:57:14.466+0800][21.982s][info][gc,heap        ] GC(895) PSYoungGen: 10661K(14336K)->3947K(14336K) Eden: 7130K(7168K)->0K(7168K) From: 3531K(7168K)->3947K(7168K)
[2026-06-17T09:57:14.467+0800][21.983s][info][gc,heap        ] GC(895) ParOldGen: 28961K(44032K)->28961K(44032K)
[2026-06-17T09:57:14.468+0800][21.984s][info][gc,metaspace   ] GC(895) Metaspace: 151K(384K)->151K(384K) NonClass: 146K(256K)->146K(256K) Class: 4K(128K)->4K(128K)
[2026-06-17T09:57:14.470+0800][21.986s][info][gc             ] GC(895) Pause Young (Allocation Failure) 38M->32M(57M) 4.706ms
[2026-06-17T09:57:14.470+0800][21.986s][info][gc,cpu         ] GC(895) User=0.00s Sys=0.00s Real=0.00s
[2026-06-17T09:57:14.483+0800][21.999s][info][gc,start       ] GC(896) Pause Young (Allocation Failure)
[2026-06-17T09:57:14.484+0800][22.000s][info][gc,heap        ] GC(896) PSYoungGen: 11108K(14336K)->7062K(14336K) Eden: 7160K(7168K)->0K(7168K) From: 3947K(7168K)->7062K(7168K)
[2026-06-17T09:57:14.484+0800][22.000s][info][gc,heap        ] GC(896) ParOldGen: 28961K(44032K)->29736K(44032K)
[2026-06-17T09:57:14.485+0800][22.001s][info][gc,metaspace   ] GC(896) Metaspace: 151K(384K)->151K(384K) NonClass: 146K(256K)->146K(256K) Class: 4K(128K)->4K(128K)
[2026-06-17T09:57:14.485+0800][22.001s][info][gc             ] GC(896) Pause Young (Allocation Failure) 39M->35M(57M) 2.139ms
[2026-06-17T09:57:14.485+0800][22.001s][info][gc,cpu         ] GC(896) User=0.00s Sys=0.00s Real=0.00s
[2026-06-17T09:57:14.506+0800][22.022s][info][gc,start       ] GC(897) Pause Young (Allocation Failure)
[2026-06-17T09:57:14.508+0800][22.024s][info][gc,heap        ] GC(897) PSYoungGen: 14217K(14336K)->4839K(14336K) Eden: 7154K(7168K)->0K(7168K) From: 7062K(7168K)->4839K(7168K)
[2026-06-17T09:57:14.508+0800][22.024s][info][gc,heap        ] GC(897) ParOldGen: 29736K(44032K)->32263K(44032K)
[2026-06-17T09:57:14.509+0800][22.025s][info][gc,metaspace   ] GC(897) Metaspace: 151K(384K)->151K(384K) NonClass: 146K(256K)->146K(256K) Class: 4K(128K)->4K(128K)
[2026-06-17T09:57:14.511+0800][22.027s][info][gc             ] GC(897) Pause Young (Allocation Failure) 42M->36M(57M) 4.814ms
[2026-06-17T09:57:14.515+0800][22.031s][info][gc,cpu         ] GC(897) User=0.01s Sys=0.00s Real=0.01s
[2026-06-17T09:57:14.543+0800][22.059s][info][gc,start       ] GC(898) Pause Young (Allocation Failure)
[2026-06-17T09:57:14.544+0800][22.060s][info][gc,heap        ] GC(898) PSYoungGen: 11997K(14336K)->2592K(14336K) Eden: 7158K(7168K)->0K(7168K) From: 4839K(7168K)->2592K(7168K)
[2026-06-17T09:57:14.544+0800][22.060s][info][gc,heap        ] GC(898) ParOldGen: 32263K(44032K)->34636K(44032K)
[2026-06-17T09:57:14.544+0800][22.060s][info][gc,metaspace   ] GC(898) Metaspace: 151K(384K)->151K(384K) NonClass: 146K(256K)->146K(256K) Class: 4K(128K)->4K(128K)
[2026-06-17T09:57:14.544+0800][22.060s][info][gc             ] GC(898) Pause Young (Allocation Failure) 43M->36M(57M) 1.734ms
[2026-06-17T09:57:14.545+0800][22.061s][info][gc,cpu         ] GC(898) User=0.00s Sys=0.00s Real=0.00s
[2026-06-17T09:57:14.556+0800][22.072s][info][gc,start       ] GC(899) Pause Young (Allocation Failure)
[2026-06-17T09:57:14.556+0800][22.072s][info][gc,heap        ] GC(899) PSYoungGen: 9747K(14336K)->1055K(14336K) Eden: 7154K(7168K)->0K(7168K) From: 2592K(7168K)->1055K(7168K)
[2026-06-17T09:57:14.557+0800][22.073s][info][gc,heap        ] GC(899) ParOldGen: 34636K(44032K)->36665K(44032K)
[2026-06-17T09:57:14.557+0800][22.073s][info][gc,metaspace   ] GC(899) Metaspace: 151K(384K)->151K(384K) NonClass: 146K(256K)->146K(256K) Class: 4K(128K)->4K(128K)
[2026-06-17T09:57:14.557+0800][22.073s][info][gc             ] GC(899) Pause Young (Allocation Failure) 43M->36M(57M) 1.208ms
[2026-06-17T09:57:14.557+0800][22.073s][info][gc,cpu         ] GC(899) User=0.00s Sys=0.00s Real=0.00s
[2026-06-17T09:57:14.578+0800][22.094s][info][gc,start       ] GC(900) Pause Young (Allocation Failure)
[2026-06-17T09:57:14.579+0800][22.095s][info][gc,heap        ] GC(900) PSYoungGen: 8219K(14336K)->3615K(14336K) Eden: 7164K(7168K)->0K(7168K) From: 1055K(7168K)->3615K(7168K)
[2026-06-17T09:57:14.579+0800][22.095s][info][gc,heap        ] GC(900) ParOldGen: 36665K(44032K)->37697K(44032K)
[2026-06-17T09:57:14.580+0800][22.096s][info][gc,metaspace   ] GC(900) Metaspace: 151K(384K)->151K(384K) NonClass: 146K(256K)->146K(256K) Class: 4K(128K)->4K(128K)
[2026-06-17T09:57:14.580+0800][22.096s][info][gc             ] GC(900) Pause Young (Allocation Failure) 43M->40M(57M) 1.821ms
[2026-06-17T09:57:14.580+0800][22.096s][info][gc,cpu         ] GC(900) User=0.00s Sys=0.00s Real=0.00s
[2026-06-17T09:57:14.601+0800][22.117s][info][gc,start       ] GC(901) Pause Young (Allocation Failure)
[2026-06-17T09:57:14.602+0800][22.118s][info][gc,heap        ] GC(901) PSYoungGen: 10748K(14336K)->3860K(14336K) Eden: 7133K(7168K)->0K(7168K) From: 3615K(7168K)->3860K(7168K)
[2026-06-17T09:57:14.602+0800][22.118s][info][gc,heap        ] GC(901) ParOldGen: 37697K(44032K)->38144K(44032K)
[2026-06-17T09:57:14.608+0800][22.124s][info][gc,metaspace   ] GC(901) Metaspace: 151K(384K)->151K(384K) NonClass: 146K(256K)->146K(256K) Class: 4K(128K)->4K(128K)
[2026-06-17T09:57:14.616+0800][22.132s][info][gc             ] GC(901) Pause Young (Allocation Failure) 47M->41M(57M) 14.701ms
[2026-06-17T09:57:14.617+0800][22.133s][info][gc,cpu         ] GC(901) User=0.00s Sys=0.00s Real=0.02s
[2026-06-17T09:57:14.638+0800][22.154s][info][gc,start       ] GC(902) Pause Young (Allocation Failure)
[2026-06-17T09:57:14.641+0800][22.157s][info][gc,heap        ] GC(902) PSYoungGen: 10988K(14336K)->3819K(14336K) Eden: 7127K(7168K)->0K(7168K) From: 3860K(7168K)->3819K(7168K)
[2026-06-17T09:57:14.644+0800][22.160s][info][gc,heap        ] GC(902) ParOldGen: 38144K(44032K)->38144K(44032K)
[2026-06-17T09:57:14.645+0800][22.161s][info][gc,metaspace   ] GC(902) Metaspace: 151K(384K)->151K(384K) NonClass: 146K(256K)->146K(256K) Class: 4K(128K)->4K(128K)
[2026-06-17T09:57:14.645+0800][22.161s][info][gc             ] GC(902) Pause Young (Allocation Failure) 47M->40M(57M) 6.549ms
[2026-06-17T09:57:14.645+0800][22.161s][info][gc,cpu         ] GC(902) User=0.00s Sys=0.00s Real=0.01s
[2026-06-17T09:57:14.658+0800][22.174s][info][gc,start       ] GC(903) Pause Young (Allocation Failure)
[2026-06-17T09:57:14.661+0800][22.177s][info][gc,heap        ] GC(903) PSYoungGen: 10956K(14336K)->7131K(14336K) Eden: 7136K(7168K)->0K(7168K) From: 3819K(7168K)->7131K(7168K)
[2026-06-17T09:57:14.661+0800][22.177s][info][gc,heap        ] GC(903) ParOldGen: 38144K(44032K)->38497K(44032K)
[2026-06-17T09:57:14.661+0800][22.177s][info][gc,metaspace   ] GC(903) Metaspace: 151K(384K)->151K(384K) NonClass: 146K(256K)->146K(256K) Class: 4K(128K)->4K(128K)
[2026-06-17T09:57:14.663+0800][22.179s][info][gc             ] GC(903) Pause Young (Allocation Failure) 47M->44M(57M) 5.232ms
[2026-06-17T09:57:14.667+0800][22.183s][info][gc,cpu         ] GC(903) User=0.00s Sys=0.00s Real=0.01s
[2026-06-17T09:57:14.689+0800][22.205s][info][gc,start       ] GC(904) Pause Young (Allocation Failure)
[2026-06-17T09:57:14.692+0800][22.208s][info][gc,heap        ] GC(904) PSYoungGen: 14283K(14336K)->5817K(14336K) Eden: 7151K(7168K)->0K(7168K) From: 7131K(7168K)->5817K(7168K)
[2026-06-17T09:57:14.694+0800][22.210s][info][gc,heap        ] GC(904) ParOldGen: 38497K(44032K)->40349K(44032K)
[2026-06-17T09:57:14.696+0800][22.212s][info][gc,metaspace   ] GC(904) Metaspace: 151K(384K)->151K(384K) NonClass: 146K(256K)->146K(256K) Class: 4K(128K)->4K(128K)
[2026-06-17T09:57:14.699+0800][22.215s][info][gc             ] GC(904) Pause Young (Allocation Failure) 51M->45M(57M) 9.556ms
[2026-06-17T09:57:14.701+0800][22.217s][info][gc,cpu         ] GC(904) User=0.00s Sys=0.00s Real=0.01s
[2026-06-17T09:57:14.724+0800][22.240s][info][gc,start       ] GC(905) Pause Full (Ergonomics)
[2026-06-17T09:57:14.725+0800][22.241s][info][gc,phases,start] GC(905) Marking Phase
[2026-06-17T09:57:14.728+0800][22.244s][info][gc,phases      ] GC(905) Marking Phase 2.651ms
[2026-06-17T09:57:14.737+0800][22.253s][info][gc,phases,start] GC(905) Summary Phase
[2026-06-17T09:57:14.739+0800][22.255s][info][gc,phases      ] GC(905) Summary Phase 2.016ms
[2026-06-17T09:57:14.739+0800][22.255s][info][gc,phases,start] GC(905) Adjust Roots
[2026-06-17T09:57:14.740+0800][22.256s][info][gc,phases      ] GC(905) Adjust Roots 0.376ms
[2026-06-17T09:57:14.741+0800][22.257s][info][gc,phases,start] GC(905) Compaction Phase
[2026-06-17T09:57:14.744+0800][22.260s][info][gc,phases      ] GC(905) Compaction Phase 3.268ms
[2026-06-17T09:57:14.748+0800][22.264s][info][gc,phases,start] GC(905) Post Compact
[2026-06-17T09:57:14.752+0800][22.268s][info][gc,phases      ] GC(905) Post Compact 4.105ms
[2026-06-17T09:57:14.754+0800][22.270s][info][gc,heap        ] GC(905) PSYoungGen: 12985K(14336K)->0K(14336K) Eden: 7168K(7168K)->0K(7168K) From: 5817K(7168K)->0K(7168K)
[2026-06-17T09:57:14.755+0800][22.271s][info][gc,heap        ] GC(905) ParOldGen: 40349K(44032K)->23692K(44032K)
[2026-06-17T09:57:14.757+0800][22.273s][info][gc,metaspace   ] GC(905) Metaspace: 151K(384K)->151K(384K) NonClass: 146K(256K)->146K(256K) Class: 4K(128K)->4K(128K)
[2026-06-17T09:57:14.759+0800][22.275s][info][gc             ] GC(905) Pause Full (Ergonomics) 52M->23M(57M) 35.349ms
[2026-06-17T09:57:14.761+0800][22.277s][info][gc,cpu         ] GC(905) User=0.00s Sys=0.00s Real=0.03s
[2026-06-17T09:57:14.776+0800][22.292s][info][gc,start       ] GC(906) Pause Young (Allocation Failure)
[2026-06-17T09:57:14.778+0800][22.294s][info][gc,heap        ] GC(906) PSYoungGen: 7089K(14336K)->3527K(14336K) Eden: 7089K(7168K)->0K(7168K) From: 0K(7168K)->3527K(7168K)
[2026-06-17T09:57:14.780+0800][22.296s][info][gc,heap        ] GC(906) ParOldGen: 23692K(44032K)->23692K(44032K)
[2026-06-17T09:57:14.780+0800][22.296s][info][gc,metaspace   ] GC(906) Metaspace: 151K(384K)->151K(384K) NonClass: 146K(256K)->146K(256K) Class: 4K(128K)->4K(128K)
[2026-06-17T09:57:14.781+0800][22.297s][info][gc             ] GC(906) Pause Young (Allocation Failure) 30M->26M(57M) 4.925ms
[2026-06-17T09:57:14.784+0800][22.300s][info][gc,cpu         ] GC(906) User=0.00s Sys=0.00s Real=0.01s
[2026-06-17T09:57:14.807+0800][22.323s][info][gc,start       ] GC(907) Pause Young (Allocation Failure)
[2026-06-17T09:57:14.809+0800][22.325s][info][gc,heap        ] GC(907) PSYoungGen: 10682K(14336K)->3851K(14336K) Eden: 7155K(7168K)->0K(7168K) From: 3527K(7168K)->3851K(7168K)
[2026-06-17T09:57:14.810+0800][22.326s][info][gc,heap        ] GC(907) ParOldGen: 23692K(44032K)->27161K(44032K)
[2026-06-17T09:57:14.812+0800][22.328s][info][gc,metaspace   ] GC(907) Metaspace: 151K(384K)->151K(384K) NonClass: 146K(256K)->146K(256K) Class: 4K(128K)->4K(128K)
[2026-06-17T09:57:14.814+0800][22.330s][info][gc             ] GC(907) Pause Young (Allocation Failure) 33M->30M(57M) 7.162ms
[2026-06-17T09:57:14.816+0800][22.332s][info][gc,cpu         ] GC(907) User=0.00s Sys=0.00s Real=0.01s
[2026-06-17T09:57:14.838+0800][22.354s][info][gc,start       ] GC(908) Pause Young (Allocation Failure)
[2026-06-17T09:57:14.840+0800][22.356s][info][gc,heap        ] GC(908) PSYoungGen: 10966K(14336K)->2258K(14336K) Eden: 7114K(7168K)->0K(7168K) From: 3851K(7168K)->2258K(7168K)
[2026-06-17T09:57:14.842+0800][22.358s][info][gc,heap        ] GC(908) ParOldGen: 27161K(44032K)->28629K(44032K)
[2026-06-17T09:57:14.842+0800][22.358s][info][gc,metaspace   ] GC(908) Metaspace: 151K(384K)->151K(384K) NonClass: 146K(256K)->146K(256K) Class: 4K(128K)->4K(128K)
[2026-06-17T09:57:14.842+0800][22.358s][info][gc             ] GC(908) Pause Young (Allocation Failure) 37M->30M(57M) 4.026ms
[2026-06-17T09:57:14.843+0800][22.359s][info][gc,cpu         ] GC(908) User=0.00s Sys=0.00s Real=0.01s
[2026-06-17T09:57:14.864+0800][22.380s][info][gc,start       ] GC(909) Pause Young (Allocation Failure)
[2026-06-17T09:57:14.866+0800][22.382s][info][gc,heap        ] GC(909) PSYoungGen: 9408K(14336K)->153K(14336K) Eden: 7150K(7168K)->0K(7168K) From: 2258K(7168K)->153K(7168K)
[2026-06-17T09:57:14.866+0800][22.382s][info][gc,heap        ] GC(909) ParOldGen: 28629K(44032K)->30658K(44032K)
[2026-06-17T09:57:14.867+0800][22.383s][info][gc,metaspace   ] GC(909) Metaspace: 151K(384K)->151K(384K) NonClass: 146K(256K)->146K(256K) Class: 4K(128K)->4K(128K)
[2026-06-17T09:57:14.867+0800][22.383s][info][gc             ] GC(909) Pause Young (Allocation Failure) 37M->30M(57M) 3.031ms
[2026-06-17T09:57:14.867+0800][22.383s][info][gc,cpu         ] GC(909) User=0.00s Sys=0.00s Real=0.00s
[2026-06-17T09:57:14.878+0800][22.394s][info][gc,start       ] GC(910) Pause Young (Allocation Failure)
[2026-06-17T09:57:14.879+0800][22.395s][info][gc,heap        ] GC(910) PSYoungGen: 7300K(14336K)->3824K(14336K) Eden: 7147K(7168K)->0K(7168K) From: 153K(7168K)->3824K(7168K)
[2026-06-17T09:57:14.879+0800][22.395s][info][gc,heap        ] GC(910) ParOldGen: 30658K(44032K)->30658K(44032K)
[2026-06-17T09:57:14.879+0800][22.396s][info][gc,metaspace   ] GC(910) Metaspace: 151K(384K)->151K(384K) NonClass: 146K(256K)->146K(256K) Class: 4K(128K)->4K(128K)
[2026-06-17T09:57:14.880+0800][22.396s][info][gc             ] GC(910) Pause Young (Allocation Failure) 37M->33M(57M) 1.407ms
[2026-06-17T09:57:14.880+0800][22.396s][info][gc,cpu         ] GC(910) User=0.00s Sys=0.00s Real=0.00s
[2026-06-17T09:57:14.901+0800][22.417s][info][gc,start       ] GC(911) Pause Young (Allocation Failure)
[2026-06-17T09:57:14.902+0800][22.418s][info][gc,heap        ] GC(911) PSYoungGen: 10986K(14336K)->2451K(14336K) Eden: 7161K(7168K)->0K(7168K) From: 3824K(7168K)->2451K(7168K)
[2026-06-17T09:57:14.902+0800][22.418s][info][gc,heap        ] GC(911) ParOldGen: 30658K(44032K)->32340K(44032K)
[2026-06-17T09:57:14.902+0800][22.419s][info][gc,metaspace   ] GC(911) Metaspace: 151K(384K)->151K(384K) NonClass: 146K(256K)->146K(256K) Class: 4K(128K)->4K(128K)
[2026-06-17T09:57:14.903+0800][22.419s][info][gc             ] GC(911) Pause Young (Allocation Failure) 40M->33M(57M) 1.790ms
[2026-06-17T09:57:14.903+0800][22.419s][info][gc,cpu         ] GC(911) User=0.00s Sys=0.00s Real=0.01s
[2026-06-17T09:57:14.924+0800][22.440s][info][gc,start       ] GC(912) Pause Young (Allocation Failure)
[2026-06-17T09:57:14.925+0800][22.441s][info][gc,heap        ] GC(912) PSYoungGen: 9576K(14336K)->2824K(14336K) Eden: 7124K(7168K)->0K(7168K) From: 2451K(7168K)->2824K(7168K)
[2026-06-17T09:57:14.926+0800][22.442s][info][gc,heap        ] GC(912) ParOldGen: 32340K(44032K)->32340K(44032K)
[2026-06-17T09:57:14.926+0800][22.442s][info][gc,metaspace   ] GC(912) Metaspace: 151K(384K)->151K(384K) NonClass: 146K(256K)->146K(256K) Class: 4K(128K)->4K(128K)
[2026-06-17T09:57:14.927+0800][22.443s][info][gc             ] GC(912) Pause Young (Allocation Failure) 40M->34M(57M) 2.593ms
[2026-06-17T09:57:14.927+0800][22.443s][info][gc,cpu         ] GC(912) User=0.00s Sys=0.00s Real=0.00s
[2026-06-17T09:57:14.938+0800][22.454s][info][gc,start       ] GC(913) Pause Young (Allocation Failure)
[2026-06-17T09:57:14.942+0800][22.458s][info][gc,heap        ] GC(913) PSYoungGen: 9779K(14336K)->2849K(14336K) Eden: 6955K(7168K)->0K(7168K) From: 2824K(7168K)->2849K(7168K)
[2026-06-17T09:57:14.947+0800][22.463s][info][gc,heap        ] GC(913) ParOldGen: 32340K(44032K)->32340K(44032K)
[2026-06-17T09:57:14.951+0800][22.467s][info][gc,metaspace   ] GC(913) Metaspace: 151K(384K)->151K(384K) NonClass: 146K(256K)->146K(256K) Class: 4K(128K)->4K(128K)
[2026-06-17T09:57:14.956+0800][22.472s][info][gc             ] GC(913) Pause Young (Allocation Failure) 41M->34M(57M) 17.516ms
[2026-06-17T09:57:14.957+0800][22.473s][info][gc,cpu         ] GC(913) User=0.00s Sys=0.00s Real=0.02s
[2026-06-17T09:57:14.986+0800][22.502s][info][gc,start       ] GC(914) Pause Young (Allocation Failure)
[2026-06-17T09:57:14.987+0800][22.503s][info][gc,heap        ] GC(914) PSYoungGen: 10017K(14336K)->6339K(14336K) Eden: 7168K(7168K)->0K(7168K) From: 2849K(7168K)->6339K(7168K)
[2026-06-17T09:57:14.988+0800][22.504s][info][gc,heap        ] GC(914) ParOldGen: 32340K(44032K)->32340K(44032K)
[2026-06-17T09:57:14.988+0800][22.504s][info][gc,metaspace   ] GC(914) Metaspace: 152K(384K)->152K(384K) NonClass: 147K(256K)->147K(256K) Class: 4K(128K)->4K(128K)
[2026-06-17T09:57:14.988+0800][22.504s][info][gc             ] GC(914) Pause Young (Allocation Failure) 41M->37M(57M) 1.639ms
[2026-06-17T09:57:14.988+0800][22.504s][info][gc,cpu         ] GC(914) User=0.00s Sys=0.00s Real=0.00s
[2026-06-17T09:57:14.999+0800][22.515s][info][gc,start       ] GC(915) Pause Young (Allocation Failure)
[2026-06-17T09:57:15.007+0800][22.523s][info][gc,heap        ] GC(915) PSYoungGen: 13344K(14336K)->3723K(14336K) Eden: 7004K(7168K)->0K(7168K) From: 6339K(7168K)->3723K(7168K)
[2026-06-17T09:57:15.010+0800][22.526s][info][gc,heap        ] GC(915) ParOldGen: 32340K(44032K)->35141K(44032K)
[2026-06-17T09:57:15.016+0800][22.532s][info][gc,metaspace   ] GC(915) Metaspace: 152K(384K)->152K(384K) NonClass: 147K(256K)->147K(256K) Class: 4K(128K)->4K(128K)
[2026-06-17T09:57:15.021+0800][22.537s][info][gc             ] GC(915) Pause Young (Allocation Failure) 44M->37M(57M) 22.371ms
[2026-06-17T09:57:15.022+0800][22.538s][info][gc,cpu         ] GC(915) User=0.00s Sys=0.00s Real=0.02s
[2026-06-17T09:57:15.053+0800][22.569s][info][gc,start       ] GC(916) Pause Young (Allocation Failure)
[2026-06-17T09:57:15.055+0800][22.571s][info][gc,heap        ] GC(916) PSYoungGen: 10864K(14336K)->3931K(14336K) Eden: 7140K(7168K)->0K(7168K) From: 3723K(7168K)->3931K(7168K)
[2026-06-17T09:57:15.059+0800][22.575s][info][gc,heap        ] GC(916) ParOldGen: 35141K(44032K)->35141K(44032K)
[2026-06-17T09:57:15.062+0800][22.578s][info][gc,metaspace   ] GC(916) Metaspace: 152K(384K)->152K(384K) NonClass: 147K(256K)->147K(256K) Class: 4K(128K)->4K(128K)
[2026-06-17T09:57:15.065+0800][22.581s][info][gc             ] GC(916) Pause Young (Allocation Failure) 44M->38M(57M) 11.549ms
[2026-06-17T09:57:15.066+0800][22.582s][info][gc,cpu         ] GC(916) User=0.00s Sys=0.00s Real=0.01s
[2026-06-17T09:57:15.079+0800][22.595s][info][gc,start       ] GC(917) Pause Young (Allocation Failure)
[2026-06-17T09:57:15.081+0800][22.597s][info][gc,heap        ] GC(917) PSYoungGen: 11085K(14336K)->7039K(14336K) Eden: 7154K(7168K)->0K(7168K) From: 3931K(7168K)->7039K(7168K)
[2026-06-17T09:57:15.083+0800][22.599s][info][gc,heap        ] GC(917) ParOldGen: 35141K(44032K)->35876K(44032K)
[2026-06-17T09:57:15.083+0800][22.599s][info][gc,metaspace   ] GC(917) Metaspace: 152K(384K)->152K(384K) NonClass: 147K(256K)->147K(256K) Class: 4K(128K)->4K(128K)
[2026-06-17T09:57:15.089+0800][22.605s][info][gc             ] GC(917) Pause Young (Allocation Failure) 45M->41M(57M) 9.805ms
[2026-06-17T09:57:15.095+0800][22.611s][info][gc,cpu         ] GC(917) User=0.00s Sys=0.00s Real=0.02s
[2026-06-17T09:57:15.118+0800][22.634s][info][gc,start       ] GC(918) Pause Young (Allocation Failure)
[2026-06-17T09:57:15.119+0800][22.635s][info][gc,heap        ] GC(918) PSYoungGen: 14204K(14336K)->4074K(14336K) Eden: 7164K(7168K)->0K(7168K) From: 7039K(7168K)->4074K(7168K)
[2026-06-17T09:57:15.120+0800][22.636s][info][gc,heap        ] GC(918) ParOldGen: 35876K(44032K)->38840K(44032K)
[2026-06-17T09:57:15.121+0800][22.637s][info][gc,metaspace   ] GC(918) Metaspace: 152K(384K)->152K(384K) NonClass: 147K(256K)->147K(256K) Class: 4K(128K)->4K(128K)
[2026-06-17T09:57:15.122+0800][22.638s][info][gc             ] GC(918) Pause Young (Allocation Failure) 48M->41M(57M) 4.119ms
[2026-06-17T09:57:15.122+0800][22.638s][info][gc,cpu         ] GC(918) User=0.01s Sys=0.00s Real=0.00s
[2026-06-17T09:57:15.144+0800][22.660s][info][gc,start       ] GC(919) Pause Young (Allocation Failure)
[2026-06-17T09:57:15.146+0800][22.662s][info][gc,heap        ] GC(919) PSYoungGen: 11232K(14336K)->2704K(14336K) Eden: 7157K(7168K)->0K(7168K) From: 4074K(7168K)->2704K(7168K)
[2026-06-17T09:57:15.147+0800][22.663s][info][gc,heap        ] GC(919) ParOldGen: 38840K(44032K)->40948K(44032K)
[2026-06-17T09:57:15.148+0800][22.664s][info][gc,metaspace   ] GC(919) Metaspace: 152K(384K)->152K(384K) NonClass: 147K(256K)->147K(256K) Class: 4K(128K)->4K(128K)
[2026-06-17T09:57:15.149+0800][22.665s][info][gc             ] GC(919) Pause Young (Allocation Failure) 48M->42M(57M) 4.343ms
[2026-06-17T09:57:15.149+0800][22.665s][info][gc,cpu         ] GC(919) User=0.00s Sys=0.00s Real=0.00s
[2026-06-17T09:57:15.161+0800][22.677s][info][gc,start       ] GC(920) Pause Full (Ergonomics)
[2026-06-17T09:57:15.162+0800][22.678s][info][gc,phases,start] GC(920) Marking Phase
[2026-06-17T09:57:15.164+0800][22.680s][info][gc,phases      ] GC(920) Marking Phase 2.280ms
[2026-06-17T09:57:15.165+0800][22.681s][info][gc,phases,start] GC(920) Summary Phase
[2026-06-17T09:57:15.165+0800][22.681s][info][gc,phases      ] GC(920) Summary Phase 0.582ms
[2026-06-17T09:57:15.167+0800][22.683s][info][gc,phases,start] GC(920) Adjust Roots
[2026-06-17T09:57:15.168+0800][22.684s][info][gc,phases      ] GC(920) Adjust Roots 0.979ms
[2026-06-17T09:57:15.169+0800][22.685s][info][gc,phases,start] GC(920) Compaction Phase
[2026-06-17T09:57:15.171+0800][22.687s][info][gc,phases      ] GC(920) Compaction Phase 2.233ms
[2026-06-17T09:57:15.171+0800][22.687s][info][gc,phases,start] GC(920) Post Compact
[2026-06-17T09:57:15.172+0800][22.688s][info][gc,phases      ] GC(920) Post Compact 0.682ms
[2026-06-17T09:57:15.173+0800][22.689s][info][gc,heap        ] GC(920) PSYoungGen: 9606K(14336K)->0K(14336K) Eden: 6901K(7168K)->0K(7168K) From: 2704K(7168K)->0K(7168K)
[2026-06-17T09:57:15.173+0800][22.689s][info][gc,heap        ] GC(920) ParOldGen: 40948K(44032K)->29815K(44032K)
[2026-06-17T09:57:15.174+0800][22.690s][info][gc,metaspace   ] GC(920) Metaspace: 152K(384K)->152K(384K) NonClass: 147K(256K)->147K(256K) Class: 4K(128K)->4K(128K)
[2026-06-17T09:57:15.177+0800][22.693s][info][gc             ] GC(920) Pause Full (Ergonomics) 49M->29M(57M) 15.912ms
[2026-06-17T09:57:15.178+0800][22.694s][info][gc,cpu         ] GC(920) User=0.01s Sys=0.00s Real=0.02s
[2026-06-17T09:57:15.200+0800][22.716s][info][gc,start       ] GC(921) Pause Young (Allocation Failure)
[2026-06-17T09:57:15.202+0800][22.718s][info][gc,heap        ] GC(921) PSYoungGen: 7139K(14336K)->3695K(14336K) Eden: 7139K(7168K)->0K(7168K) From: 0K(7168K)->3695K(7168K)
[2026-06-17T09:57:15.202+0800][22.718s][info][gc,heap        ] GC(921) ParOldGen: 29815K(44032K)->29815K(44032K)
[2026-06-17T09:57:15.203+0800][22.719s][info][gc,metaspace   ] GC(921) Metaspace: 152K(384K)->152K(384K) NonClass: 147K(256K)->147K(256K) Class: 4K(128K)->4K(128K)
[2026-06-17T09:57:15.203+0800][22.719s][info][gc             ] GC(921) Pause Young (Allocation Failure) 36M->32M(57M) 3.155ms
[2026-06-17T09:57:15.204+0800][22.720s][info][gc,cpu         ] GC(921) User=0.00s Sys=0.00s Real=0.01s
[2026-06-17T09:57:15.226+0800][22.742s][info][gc,start       ] GC(922) Pause Young (Allocation Failure)
[2026-06-17T09:57:15.227+0800][22.743s][info][gc,heap        ] GC(922) PSYoungGen: 10821K(14336K)->3854K(14336K) Eden: 7125K(7168K)->0K(7168K) From: 3695K(7168K)->3854K(7168K)
[2026-06-17T09:57:15.228+0800][22.744s][info][gc,heap        ] GC(922) ParOldGen: 29815K(44032K)->29815K(44032K)
[2026-06-17T09:57:15.228+0800][22.744s][info][gc,metaspace   ] GC(922) Metaspace: 152K(384K)->152K(384K) NonClass: 147K(256K)->147K(256K) Class: 4K(128K)->4K(128K)
[2026-06-17T09:57:15.229+0800][22.745s][info][gc             ] GC(922) Pause Young (Allocation Failure) 39M->32M(57M) 3.080ms
[2026-06-17T09:57:15.229+0800][22.745s][info][gc,cpu         ] GC(922) User=0.00s Sys=0.00s Real=0.00s
[2026-06-17T09:57:15.251+0800][22.767s][info][gc,start       ] GC(923) Pause Young (Allocation Failure)
[2026-06-17T09:57:15.253+0800][22.769s][info][gc,heap        ] GC(923) PSYoungGen: 10986K(14336K)->4117K(14848K) Eden: 7131K(7168K)->0K(7680K) From: 3854K(7168K)->4117K(7168K)
[2026-06-17T09:57:15.253+0800][22.769s][info][gc,heap        ] GC(923) ParOldGen: 29815K(44032K)->29815K(44032K)
[2026-06-17T09:57:15.254+0800][22.770s][info][gc,metaspace   ] GC(923) Metaspace: 152K(384K)->152K(384K) NonClass: 147K(256K)->147K(256K) Class: 4K(128K)->4K(128K)
[2026-06-17T09:57:15.255+0800][22.771s][info][gc             ] GC(923) Pause Young (Allocation Failure) 39M->33M(57M) 3.424ms
[2026-06-17T09:57:15.255+0800][22.771s][info][gc,cpu         ] GC(923) User=0.00s Sys=0.00s Real=0.00s
[2026-06-17T09:57:15.267+0800][22.783s][info][gc,start       ] GC(924) Pause Young (Allocation Failure)
[2026-06-17T09:57:15.269+0800][22.785s][info][gc,heap        ] GC(924) PSYoungGen: 11774K(14848K)->6597K(14336K) Eden: 7657K(7680K)->0K(7680K) From: 4117K(7168K)->6597K(6656K)
[2026-06-17T09:57:15.271+0800][22.787s][info][gc,heap        ] GC(924) ParOldGen: 29815K(44032K)->31608K(44032K)
[2026-06-17T09:57:15.273+0800][22.789s][info][gc,metaspace   ] GC(924) Metaspace: 152K(384K)->152K(384K) NonClass: 147K(256K)->147K(256K) Class: 4K(128K)->4K(128K)
[2026-06-17T09:57:15.273+0800][22.789s][info][gc             ] GC(924) Pause Young (Allocation Failure) 40M->37M(57M) 6.309ms
[2026-06-17T09:57:15.274+0800][22.790s][info][gc,cpu         ] GC(924) User=0.00s Sys=0.00s Real=0.01s
[2026-06-17T09:57:15.296+0800][22.812s][info][gc,start       ] GC(925) Pause Young (Allocation Failure)
[2026-06-17T09:57:15.297+0800][22.813s][info][gc,heap        ] GC(925) PSYoungGen: 14230K(14336K)->5729K(14336K) Eden: 7633K(7680K)->0K(7168K) From: 6597K(6656K)->5729K(7168K)
[2026-06-17T09:57:15.304+0800][22.820s][info][gc,heap        ] GC(925) ParOldGen: 31608K(44032K)->33206K(44032K)
[2026-06-17T09:57:15.314+0800][22.830s][info][gc,metaspace   ] GC(925) Metaspace: 152K(384K)->152K(384K) NonClass: 147K(256K)->147K(256K) Class: 4K(128K)->4K(128K)
[2026-06-17T09:57:15.317+0800][22.833s][info][gc             ] GC(925) Pause Young (Allocation Failure) 44M->38M(57M) 20.909ms
[2026-06-17T09:57:15.317+0800][22.833s][info][gc,cpu         ] GC(925) User=0.00s Sys=0.00s Real=0.02s
[2026-06-17T09:57:15.344+0800][22.860s][info][gc,start       ] GC(926) Pause Young (Allocation Failure)
[2026-06-17T09:57:15.347+0800][22.863s][info][gc,heap        ] GC(926) PSYoungGen: 12867K(14336K)->2776K(14336K) Eden: 7138K(7168K)->0K(7168K) From: 5729K(7168K)->2776K(7168K)
[2026-06-17T09:57:15.348+0800][22.864s][info][gc,heap        ] GC(926) ParOldGen: 33206K(44032K)->36190K(44032K)
[2026-06-17T09:57:15.348+0800][22.864s][info][gc,metaspace   ] GC(926) Metaspace: 152K(384K)->152K(384K) NonClass: 147K(256K)->147K(256K) Class: 4K(128K)->4K(128K)
[2026-06-17T09:57:15.348+0800][22.864s][info][gc             ] GC(926) Pause Young (Allocation Failure) 44M->38M(57M) 3.914ms
[2026-06-17T09:57:15.348+0800][22.864s][info][gc,cpu         ] GC(926) User=0.00s Sys=0.00s Real=0.00s
[2026-06-17T09:57:15.359+0800][22.875s][info][gc,start       ] GC(927) Pause Young (Allocation Failure)
[2026-06-17T09:57:15.363+0800][22.879s][info][gc,heap        ] GC(927) PSYoungGen: 9922K(14336K)->1236K(14336K) Eden: 7146K(7168K)->0K(7168K) From: 2776K(7168K)->1236K(7168K)
[2026-06-17T09:57:15.369+0800][22.885s][info][gc,heap        ] GC(927) ParOldGen: 36190K(44032K)->37627K(44032K)
[2026-06-17T09:57:15.373+0800][22.889s][info][gc,metaspace   ] GC(927) Metaspace: 152K(384K)->152K(384K) NonClass: 147K(256K)->147K(256K) Class: 4K(128K)->4K(128K)
[2026-06-17T09:57:15.375+0800][22.891s][info][gc             ] GC(927) Pause Young (Allocation Failure) 45M->37M(57M) 16.102ms
[2026-06-17T09:57:15.375+0800][22.892s][info][gc,cpu         ] GC(927) User=0.00s Sys=0.00s Real=0.02s
[2026-06-17T09:57:15.397+0800][22.913s][info][gc,start       ] GC(928) Pause Young (Allocation Failure)
[2026-06-17T09:57:15.400+0800][22.916s][info][gc,heap        ] GC(928) PSYoungGen: 8379K(14336K)->3949K(14336K) Eden: 7143K(7168K)->0K(7168K) From: 1236K(7168K)->3949K(7168K)
[2026-06-17T09:57:15.402+0800][22.918s][info][gc,heap        ] GC(928) ParOldGen: 37627K(44032K)->38839K(44032K)
[2026-06-17T09:57:15.405+0800][22.921s][info][gc,metaspace   ] GC(928) Metaspace: 152K(384K)->152K(384K) NonClass: 147K(256K)->147K(256K) Class: 4K(128K)->4K(128K)
[2026-06-17T09:57:15.406+0800][22.922s][info][gc             ] GC(928) Pause Young (Allocation Failure) 44M->41M(57M) 9.094ms
[2026-06-17T09:57:15.406+0800][22.922s][info][gc,cpu         ] GC(928) User=0.00s Sys=0.00s Real=0.01s
[2026-06-17T09:57:15.428+0800][22.944s][info][gc,start       ] GC(929) Pause Young (Allocation Failure)
[2026-06-17T09:57:15.435+0800][22.951s][info][gc,heap        ] GC(929) PSYoungGen: 11098K(14336K)->3576K(14336K) Eden: 7149K(7168K)->0K(7168K) From: 3949K(7168K)->3576K(7168K)
[2026-06-17T09:57:15.437+0800][22.953s][info][gc,heap        ] GC(929) ParOldGen: 38839K(44032K)->39384K(44032K)
[2026-06-17T09:57:15.437+0800][22.953s][info][gc,metaspace   ] GC(929) Metaspace: 152K(384K)->152K(384K) NonClass: 147K(256K)->147K(256K) Class: 4K(128K)->4K(128K)
[2026-06-17T09:57:15.438+0800][22.954s][info][gc             ] GC(929) Pause Young (Allocation Failure) 48M->41M(57M) 9.605ms
[2026-06-17T09:57:15.439+0800][22.955s][info][gc,cpu         ] GC(929) User=0.00s Sys=0.00s Real=0.01s
[2026-06-17T09:57:15.461+0800][22.977s][info][gc,start       ] GC(930) Pause Young (Allocation Failure)
[2026-06-17T09:57:15.466+0800][22.982s][info][gc,heap        ] GC(930) PSYoungGen: 10708K(14336K)->3488K(14336K) Eden: 7131K(7168K)->0K(7168K) From: 3576K(7168K)->3488K(7168K)
[2026-06-17T09:57:15.471+0800][22.987s][info][gc,heap        ] GC(930) ParOldGen: 39384K(44032K)->39384K(44032K)
[2026-06-17T09:57:15.477+0800][22.993s][info][gc,metaspace   ] GC(930) Metaspace: 152K(384K)->152K(384K) NonClass: 147K(256K)->147K(256K) Class: 4K(128K)->4K(128K)
[2026-06-17T09:57:15.482+0800][22.998s][info][gc             ] GC(930) Pause Young (Allocation Failure) 48M->41M(57M) 21.733ms
[2026-06-17T09:57:15.488+0800][23.004s][info][gc,cpu         ] GC(930) User=0.00s Sys=0.01s Real=0.03s
[2026-06-17T09:57:15.504+0800][23.020s][info][gc,start       ] GC(931) Pause Young (Allocation Failure)
[2026-06-17T09:57:15.512+0800][23.028s][info][gc,heap        ] GC(931) PSYoungGen: 10637K(14336K)->6985K(14336K) Eden: 7148K(7168K)->0K(7168K) From: 3488K(7168K)->6985K(7168K)
[2026-06-17T09:57:15.516+0800][23.032s][info][gc,heap        ] GC(931) ParOldGen: 39384K(44032K)->39614K(44032K)
[2026-06-17T09:57:15.519+0800][23.035s][info][gc,metaspace   ] GC(931) Metaspace: 152K(384K)->152K(384K) NonClass: 147K(256K)->147K(256K) Class: 4K(128K)->4K(128K)
[2026-06-17T09:57:15.520+0800][23.036s][info][gc             ] GC(931) Pause Young (Allocation Failure) 48M->45M(57M) 15.797ms
[2026-06-17T09:57:15.523+0800][23.039s][info][gc,cpu         ] GC(931) User=0.00s Sys=0.00s Real=0.02s
[2026-06-17T09:57:15.550+0800][23.066s][info][gc,start       ] GC(932) Pause Young (Allocation Failure)
[2026-06-17T09:57:15.552+0800][23.068s][info][gc,heap        ] GC(932) PSYoungGen: 14126K(14336K)->5424K(14336K) Eden: 7140K(7168K)->0K(7168K) From: 6985K(7168K)->5424K(7168K)
[2026-06-17T09:57:15.556+0800][23.072s][info][gc,heap        ] GC(932) ParOldGen: 39614K(44032K)->41409K(44032K)
[2026-06-17T09:57:15.560+0800][23.076s][info][gc,metaspace   ] GC(932) Metaspace: 152K(384K)->152K(384K) NonClass: 147K(256K)->147K(256K) Class: 4K(128K)->4K(128K)
[2026-06-17T09:57:15.565+0800][23.081s][info][gc             ] GC(932) Pause Young (Allocation Failure) 52M->45M(57M) 14.641ms
[2026-06-17T09:57:15.572+0800][23.088s][info][gc,cpu         ] GC(932) User=0.00s Sys=0.00s Real=0.03s
[2026-06-17T09:57:15.599+0800][23.115s][info][gc,start       ] GC(933) Pause Full (Ergonomics)
[2026-06-17T09:57:15.604+0800][23.120s][info][gc,phases,start] GC(933) Marking Phase
[2026-06-17T09:57:15.611+0800][23.127s][info][gc,phases      ] GC(933) Marking Phase 6.913ms
[2026-06-17T09:57:15.615+0800][23.131s][info][gc,phases,start] GC(933) Summary Phase
[2026-06-17T09:57:15.622+0800][23.138s][info][gc,phases      ] GC(933) Summary Phase 6.060ms
[2026-06-17T09:57:15.626+0800][23.142s][info][gc,phases,start] GC(933) Adjust Roots
[2026-06-17T09:57:15.632+0800][23.148s][info][gc,phases      ] GC(933) Adjust Roots 6.377ms
[2026-06-17T09:57:15.638+0800][23.154s][info][gc,phases,start] GC(933) Compaction Phase
[2026-06-17T09:57:15.643+0800][23.159s][info][gc,phases      ] GC(933) Compaction Phase 4.389ms
[2026-06-17T09:57:15.647+0800][23.163s][info][gc,phases,start] GC(933) Post Compact
[2026-06-17T09:57:15.654+0800][23.170s][info][gc,phases      ] GC(933) Post Compact 7.252ms
[2026-06-17T09:57:15.659+0800][23.175s][info][gc,heap        ] GC(933) PSYoungGen: 12583K(14336K)->0K(14336K) Eden: 7158K(7168K)->0K(7168K) From: 5424K(7168K)->0K(7168K)
[2026-06-17T09:57:15.664+0800][23.180s][info][gc,heap        ] GC(933) ParOldGen: 41409K(44032K)->27344K(44032K)
[2026-06-17T09:57:15.669+0800][23.185s][info][gc,metaspace   ] GC(933) Metaspace: 152K(384K)->152K(384K) NonClass: 147K(256K)->147K(256K) Class: 4K(128K)->4K(128K)
[2026-06-17T09:57:15.673+0800][23.189s][info][gc             ] GC(933) Pause Full (Ergonomics) 52M->26M(57M) 73.781ms
[2026-06-17T09:57:15.673+0800][23.189s][info][gc,cpu         ] GC(933) User=0.01s Sys=0.00s Real=0.08s
[2026-06-17T09:57:15.684+0800][23.200s][info][gc,start       ] GC(934) Pause Young (Allocation Failure)
[2026-06-17T09:57:15.690+0800][23.206s][info][gc,heap        ] GC(934) PSYoungGen: 7162K(14336K)->3563K(14336K) Eden: 7162K(7168K)->0K(7168K) From: 0K(7168K)->3563K(7168K)
[2026-06-17T09:57:15.695+0800][23.211s][info][gc,heap        ] GC(934) ParOldGen: 27344K(44032K)->27344K(44032K)
[2026-06-17T09:57:15.701+0800][23.217s][info][gc,metaspace   ] GC(934) Metaspace: 152K(384K)->152K(384K) NonClass: 147K(256K)->147K(256K) Class: 4K(128K)->4K(128K)
[2026-06-17T09:57:15.706+0800][23.222s][info][gc             ] GC(934) Pause Young (Allocation Failure) 33M->30M(57M) 21.286ms
[2026-06-17T09:57:15.713+0800][23.229s][info][gc,cpu         ] GC(934) User=0.00s Sys=0.00s Real=0.03s
[2026-06-17T09:57:15.740+0800][23.256s][info][gc,start       ] GC(935) Pause Young (Allocation Failure)
[2026-06-17T09:57:15.744+0800][23.260s][info][gc,heap        ] GC(935) PSYoungGen: 10729K(14336K)->3823K(14336K) Eden: 7165K(7168K)->0K(7168K) From: 3563K(7168K)->3823K(7168K)
[2026-06-17T09:57:15.749+0800][23.265s][info][gc,heap        ] GC(935) ParOldGen: 27344K(44032K)->30838K(44032K)
[2026-06-17T09:57:15.754+0800][23.270s][info][gc,metaspace   ] GC(935) Metaspace: 152K(384K)->152K(384K) NonClass: 147K(256K)->147K(256K) Class: 4K(128K)->4K(128K)
[2026-06-17T09:57:15.760+0800][23.276s][info][gc             ] GC(935) Pause Young (Allocation Failure) 37M->33M(57M) 20.204ms
[2026-06-17T09:57:15.766+0800][23.282s][info][gc,cpu         ] GC(935) User=0.00s Sys=0.00s Real=0.03s
[2026-06-17T09:57:15.789+0800][23.305s][info][gc,start       ] GC(936) Pause Young (Allocation Failure)
[2026-06-17T09:57:15.792+0800][23.308s][info][gc,heap        ] GC(936) PSYoungGen: 10976K(14336K)->3195K(14336K) Eden: 7153K(7168K)->0K(7168K) From: 3823K(7168K)->3195K(7168K)
[2026-06-17T09:57:15.798+0800][23.314s][info][gc,heap        ] GC(936) ParOldGen: 30838K(44032K)->32107K(44032K)
[2026-06-17T09:57:15.802+0800][23.318s][info][gc,metaspace   ] GC(936) Metaspace: 152K(384K)->152K(384K) NonClass: 147K(256K)->147K(256K) Class: 4K(128K)->4K(128K)
[2026-06-17T09:57:15.810+0800][23.326s][info][gc             ] GC(936) Pause Young (Allocation Failure) 40M->34M(57M) 21.106ms
[2026-06-17T09:57:15.815+0800][23.331s][info][gc,cpu         ] GC(936) User=0.00s Sys=0.00s Real=0.03s
[2026-06-17T09:57:15.838+0800][23.354s][info][gc,start       ] GC(937) Pause Young (Allocation Failure)
[2026-06-17T09:57:15.842+0800][23.358s][info][gc,heap        ] GC(937) PSYoungGen: 10354K(14336K)->3062K(14336K) Eden: 7158K(7168K)->0K(7168K) From: 3195K(7168K)->3062K(7168K)
[2026-06-17T09:57:15.846+0800][23.362s][info][gc,heap        ] GC(937) ParOldGen: 32107K(44032K)->32107K(44032K)
[2026-06-17T09:57:15.851+0800][23.367s][info][gc,metaspace   ] GC(937) Metaspace: 152K(384K)->152K(384K) NonClass: 147K(256K)->147K(256K) Class: 4K(128K)->4K(128K)
[2026-06-17T09:57:15.857+0800][23.373s][info][gc             ] GC(937) Pause Young (Allocation Failure) 41M->34M(57M) 18.412ms
[2026-06-17T09:57:15.862+0800][23.378s][info][gc,cpu         ] GC(937) User=0.01s Sys=0.00s Real=0.03s
[2026-06-17T09:57:15.879+0800][23.395s][info][gc,start       ] GC(938) Pause Young (Allocation Failure)
[2026-06-17T09:57:15.881+0800][23.397s][info][gc,heap        ] GC(938) PSYoungGen: 10181K(14336K)->6342K(14336K) Eden: 7118K(7168K)->0K(7168K) From: 3062K(7168K)->6342K(7168K)
[2026-06-17T09:57:15.881+0800][23.397s][info][gc,heap        ] GC(938) ParOldGen: 32107K(44032K)->32107K(44032K)
[2026-06-17T09:57:15.887+0800][23.403s][info][gc,metaspace   ] GC(938) Metaspace: 152K(384K)->152K(384K) NonClass: 147K(256K)->147K(256K) Class: 4K(128K)->4K(128K)
[2026-06-17T09:57:15.895+0800][23.411s][info][gc             ] GC(938) Pause Young (Allocation Failure) 41M->37M(57M) 15.795ms
[2026-06-17T09:57:15.900+0800][23.416s][info][gc,cpu         ] GC(938) User=0.00s Sys=0.00s Real=0.02s
[2026-06-17T09:57:15.926+0800][23.442s][info][gc,start       ] GC(939) Pause Young (Allocation Failure)
[2026-06-17T09:57:15.927+0800][23.443s][info][gc,heap        ] GC(939) PSYoungGen: 13500K(14336K)->4298K(14336K) Eden: 7157K(7168K)->0K(7168K) From: 6342K(7168K)->4298K(7168K)
[2026-06-17T09:57:15.929+0800][23.445s][info][gc,heap        ] GC(939) ParOldGen: 32107K(44032K)->33917K(44032K)
[2026-06-17T09:57:15.931+0800][23.447s][info][gc,metaspace   ] GC(939) Metaspace: 152K(384K)->152K(384K) NonClass: 147K(256K)->147K(256K) Class: 4K(128K)->4K(128K)
[2026-06-17T09:57:15.933+0800][23.449s][info][gc             ] GC(939) Pause Young (Allocation Failure) 44M->37M(57M) 6.618ms
[2026-06-17T09:57:15.935+0800][23.451s][info][gc,cpu         ] GC(939) User=0.00s Sys=0.00s Real=0.01s
[2026-06-17T09:57:15.948+0800][23.464s][info][gc,start       ] GC(940) Pause Young (Allocation Failure)
[2026-06-17T09:57:15.954+0800][23.470s][info][gc,heap        ] GC(940) PSYoungGen: 11437K(14336K)->6062K(14336K) Eden: 7139K(7168K)->0K(7168K) From: 4298K(7168K)->6062K(7168K)
[2026-06-17T09:57:15.959+0800][23.475s][info][gc,heap        ] GC(940) ParOldGen: 33917K(44032K)->35855K(44032K)
[2026-06-17T09:57:15.965+0800][23.481s][info][gc,metaspace   ] GC(940) Metaspace: 152K(384K)->152K(384K) NonClass: 147K(256K)->147K(256K) Class: 4K(128K)->4K(128K)
[2026-06-17T09:57:15.966+0800][23.482s][info][gc             ] GC(940) Pause Young (Allocation Failure) 44M->40M(57M) 18.478ms
[2026-06-17T09:57:15.971+0800][23.487s][info][gc,cpu         ] GC(940) User=0.00s Sys=0.00s Real=0.03s
[2026-06-17T09:57:15.996+0800][23.512s][info][gc,start       ] GC(941) Pause Young (Allocation Failure)
[2026-06-17T09:57:16.003+0800][23.519s][info][gc,heap        ] GC(941) PSYoungGen: 13207K(14336K)->3606K(14336K) Eden: 7145K(7168K)->0K(7168K) From: 6062K(7168K)->3606K(7168K)
[2026-06-17T09:57:16.008+0800][23.524s][info][gc,heap        ] GC(941) ParOldGen: 35855K(44032K)->38256K(44032K)
[2026-06-17T09:57:16.014+0800][23.530s][info][gc,metaspace   ] GC(941) Metaspace: 152K(384K)->152K(384K) NonClass: 147K(256K)->147K(256K) Class: 4K(128K)->4K(128K)
[2026-06-17T09:57:16.021+0800][23.537s][info][gc             ] GC(941) Pause Young (Allocation Failure) 47M->40M(57M) 24.233ms
[2026-06-17T09:57:16.026+0800][23.542s][info][gc,cpu         ] GC(941) User=0.00s Sys=0.00s Real=0.03s
[2026-06-17T09:57:16.054+0800][23.570s][info][gc,start       ] GC(942) Pause Young (Allocation Failure)
[2026-06-17T09:57:16.059+0800][23.575s][info][gc,heap        ] GC(942) PSYoungGen: 10774K(14336K)->3696K(14336K) Eden: 7168K(7168K)->0K(7168K) From: 3606K(7168K)->3696K(7168K)
[2026-06-17T09:57:16.062+0800][23.578s][info][gc,heap        ] GC(942) ParOldGen: 38256K(44032K)->38256K(44032K)
[2026-06-17T09:57:16.066+0800][23.582s][info][gc,metaspace   ] GC(942) Metaspace: 152K(384K)->152K(384K) NonClass: 147K(256K)->147K(256K) Class: 4K(128K)->4K(128K)
[2026-06-17T09:57:16.069+0800][23.585s][info][gc             ] GC(942) Pause Young (Allocation Failure) 47M->40M(57M) 15.329ms
[2026-06-17T09:57:16.071+0800][23.587s][info][gc,cpu         ] GC(942) User=0.00s Sys=0.00s Real=0.02s
[2026-06-17T09:57:16.084+0800][23.600s][info][gc,start       ] GC(943) Pause Young (Allocation Failure)
[2026-06-17T09:57:16.086+0800][23.602s][info][gc,heap        ] GC(943) PSYoungGen: 10728K(14336K)->1432K(14336K) Eden: 7031K(7168K)->0K(7168K) From: 3696K(7168K)->1432K(7168K)
[2026-06-17T09:57:16.093+0800][23.609s][info][gc,heap        ] GC(943) ParOldGen: 38256K(44032K)->40280K(44032K)
[2026-06-17T09:57:16.101+0800][23.617s][info][gc,metaspace   ] GC(943) Metaspace: 152K(384K)->152K(384K) NonClass: 147K(256K)->147K(256K) Class: 4K(128K)->4K(128K)
[2026-06-17T09:57:16.108+0800][23.624s][info][gc             ] GC(943) Pause Young (Allocation Failure) 47M->40M(57M) 24.232ms
[2026-06-17T09:57:16.115+0800][23.631s][info][gc,cpu         ] GC(943) User=0.00s Sys=0.01s Real=0.03s
[2026-06-17T09:57:16.141+0800][23.657s][info][gc,start       ] GC(944) Pause Full (Ergonomics)
[2026-06-17T09:57:16.142+0800][23.658s][info][gc,phases,start] GC(944) Marking Phase
[2026-06-17T09:57:16.143+0800][23.659s][info][gc,phases      ] GC(944) Marking Phase 1.052ms
[2026-06-17T09:57:16.147+0800][23.663s][info][gc,phases,start] GC(944) Summary Phase
[2026-06-17T09:57:16.151+0800][23.667s][info][gc,phases      ] GC(944) Summary Phase 3.950ms
[2026-06-17T09:57:16.156+0800][23.672s][info][gc,phases,start] GC(944) Adjust Roots
[2026-06-17T09:57:16.160+0800][23.676s][info][gc,phases      ] GC(944) Adjust Roots 4.392ms
[2026-06-17T09:57:16.161+0800][23.677s][info][gc,phases,start] GC(944) Compaction Phase
[2026-06-17T09:57:16.164+0800][23.680s][info][gc,phases      ] GC(944) Compaction Phase 3.319ms
[2026-06-17T09:57:16.164+0800][23.680s][info][gc,phases,start] GC(944) Post Compact
[2026-06-17T09:57:16.165+0800][23.681s][info][gc,phases      ] GC(944) Post Compact 0.477ms
[2026-06-17T09:57:16.165+0800][23.681s][info][gc,heap        ] GC(944) PSYoungGen: 8568K(14336K)->0K(14336K) Eden: 7136K(7168K)->0K(7168K) From: 1432K(7168K)->0K(7168K)
[2026-06-17T09:57:16.166+0800][23.682s][info][gc,heap        ] GC(944) ParOldGen: 40280K(44032K)->26512K(44032K)
[2026-06-17T09:57:16.167+0800][23.683s][info][gc,metaspace   ] GC(944) Metaspace: 152K(384K)->152K(384K) NonClass: 147K(256K)->147K(256K) Class: 4K(128K)->4K(128K)
[2026-06-17T09:57:16.167+0800][23.683s][info][gc             ] GC(944) Pause Full (Ergonomics) 47M->25M(57M) 26.589ms
[2026-06-17T09:57:16.168+0800][23.684s][info][gc,cpu         ] GC(944) User=0.01s Sys=0.00s Real=0.03s
[2026-06-17T09:57:16.180+0800][23.696s][info][gc,start       ] GC(945) Pause Young (Allocation Failure)
[2026-06-17T09:57:16.186+0800][23.702s][info][gc,heap        ] GC(945) PSYoungGen: 7042K(14336K)->3480K(14336K) Eden: 7042K(7168K)->0K(7168K) From: 0K(7168K)->3480K(7168K)
[2026-06-17T09:57:16.193+0800][23.709s][info][gc,heap        ] GC(945) ParOldGen: 26512K(44032K)->26512K(44032K)
[2026-06-17T09:57:16.194+0800][23.710s][info][gc,metaspace   ] GC(945) Metaspace: 152K(384K)->152K(384K) NonClass: 147K(256K)->147K(256K) Class: 4K(128K)->4K(128K)
[2026-06-17T09:57:16.195+0800][23.711s][info][gc             ] GC(945) Pause Young (Allocation Failure) 32M->29M(57M) 15.029ms
[2026-06-17T09:57:16.195+0800][23.711s][info][gc,cpu         ] GC(945) User=0.00s Sys=0.00s Real=0.02s
[2026-06-17T09:57:16.217+0800][23.733s][info][gc,start       ] GC(946) Pause Young (Allocation Failure)
[2026-06-17T09:57:16.218+0800][23.734s][info][gc,heap        ] GC(946) PSYoungGen: 10621K(14336K)->6984K(14336K) Eden: 7140K(7168K)->0K(7168K) From: 3480K(7168K)->6984K(7168K)
[2026-06-17T09:57:16.219+0800][23.735s][info][gc,heap        ] GC(946) ParOldGen: 26512K(44032K)->26512K(44032K)
[2026-06-17T09:57:16.219+0800][23.735s][info][gc,metaspace   ] GC(946) Metaspace: 152K(384K)->152K(384K) NonClass: 147K(256K)->147K(256K) Class: 4K(128K)->4K(128K)
[2026-06-17T09:57:16.220+0800][23.736s][info][gc             ] GC(946) Pause Young (Allocation Failure) 36M->32M(57M) 2.877ms
[2026-06-17T09:57:16.220+0800][23.736s][info][gc,cpu         ] GC(946) User=0.00s Sys=0.00s Real=0.00s
[2026-06-17T09:57:16.241+0800][23.757s][info][gc,start       ] GC(947) Pause Young (Allocation Failure)
[2026-06-17T09:57:16.247+0800][23.763s][info][gc,heap        ] GC(947) PSYoungGen: 14126K(14336K)->3405K(14336K) Eden: 7141K(7168K)->0K(7168K) From: 6984K(7168K)->3405K(7168K)
[2026-06-17T09:57:16.248+0800][23.764s][info][gc,heap        ] GC(947) ParOldGen: 26512K(44032K)->30260K(44032K)
[2026-06-17T09:57:16.248+0800][23.764s][info][gc,metaspace   ] GC(947) Metaspace: 152K(384K)->152K(384K) NonClass: 147K(256K)->147K(256K) Class: 4K(128K)->4K(128K)
[2026-06-17T09:57:16.248+0800][23.764s][info][gc             ] GC(947) Pause Young (Allocation Failure) 39M->32M(57M) 7.063ms
[2026-06-17T09:57:16.248+0800][23.764s][info][gc,cpu         ] GC(947) User=0.01s Sys=0.00s Real=0.01s
[2026-06-17T09:57:16.270+0800][23.786s][info][gc,start       ] GC(948) Pause Young (Allocation Failure)
[2026-06-17T09:57:16.272+0800][23.788s][info][gc,heap        ] GC(948) PSYoungGen: 10521K(14336K)->2067K(14336K) Eden: 7115K(7168K)->0K(7168K) From: 3405K(7168K)->2067K(7168K)
[2026-06-17T09:57:16.272+0800][23.788s][info][gc,heap        ] GC(948) ParOldGen: 30260K(44032K)->31934K(44032K)
[2026-06-17T09:57:16.272+0800][23.788s][info][gc,metaspace   ] GC(948) Metaspace: 152K(384K)->152K(384K) NonClass: 147K(256K)->147K(256K) Class: 4K(128K)->4K(128K)
[2026-06-17T09:57:16.273+0800][23.789s][info][gc             ] GC(948) Pause Young (Allocation Failure) 39M->33M(57M) 2.501ms
[2026-06-17T09:57:16.273+0800][23.789s][info][gc,cpu         ] GC(948) User=0.00s Sys=0.00s Real=0.01s
[2026-06-17T09:57:16.295+0800][23.811s][info][gc,start       ] GC(949) Pause Young (Allocation Failure)
[2026-06-17T09:57:16.296+0800][23.812s][info][gc,heap        ] GC(949) PSYoungGen: 9215K(14336K)->2224K(14336K) Eden: 7147K(7168K)->0K(7168K) From: 2067K(7168K)->2224K(7168K)
[2026-06-17T09:57:16.296+0800][23.812s][info][gc,heap        ] GC(949) ParOldGen: 31934K(44032K)->31934K(44032K)
[2026-06-17T09:57:16.296+0800][23.812s][info][gc,metaspace   ] GC(949) Metaspace: 152K(384K)->152K(384K) NonClass: 147K(256K)->147K(256K) Class: 4K(128K)->4K(128K)
[2026-06-17T09:57:16.297+0800][23.813s][info][gc             ] GC(949) Pause Young (Allocation Failure) 40M->33M(57M) 2.069ms
[2026-06-17T09:57:16.297+0800][23.813s][info][gc,cpu         ] GC(949) User=0.00s Sys=0.00s Real=0.00s
[2026-06-17T09:57:16.308+0800][23.824s][info][gc,start       ] GC(950) Pause Young (Allocation Failure)
[2026-06-17T09:57:16.309+0800][23.825s][info][gc,heap        ] GC(950) PSYoungGen: 9196K(14336K)->787K(14336K) Eden: 6971K(7168K)->0K(7168K) From: 2224K(7168K)->787K(7168K)
[2026-06-17T09:57:16.310+0800][23.826s][info][gc,heap        ] GC(950) ParOldGen: 31934K(44032K)->33714K(44032K)
[2026-06-17T09:57:16.310+0800][23.826s][info][gc,metaspace   ] GC(950) Metaspace: 152K(384K)->152K(384K) NonClass: 147K(256K)->147K(256K) Class: 4K(128K)->4K(128K)
[2026-06-17T09:57:16.311+0800][23.827s][info][gc             ] GC(950) Pause Young (Allocation Failure) 40M->33M(57M) 2.496ms
[2026-06-17T09:57:16.311+0800][23.827s][info][gc,cpu         ] GC(950) User=0.00s Sys=0.00s Real=0.01s
[2026-06-17T09:57:16.333+0800][23.849s][info][gc,start       ] GC(951) Pause Young (Allocation Failure)
[2026-06-17T09:57:16.334+0800][23.850s][info][gc,heap        ] GC(951) PSYoungGen: 7955K(14336K)->3828K(14336K) Eden: 7168K(7168K)->0K(7168K) From: 787K(7168K)->3828K(7168K)
[2026-06-17T09:57:16.335+0800][23.851s][info][gc,heap        ] GC(951) ParOldGen: 33714K(44032K)->34477K(44032K)
[2026-06-17T09:57:16.335+0800][23.851s][info][gc,metaspace   ] GC(951) Metaspace: 152K(384K)->152K(384K) NonClass: 147K(256K)->147K(256K) Class: 4K(128K)->4K(128K)
[2026-06-17T09:57:16.335+0800][23.851s][info][gc             ] GC(951) Pause Young (Allocation Failure) 40M->37M(57M) 2.488ms
[2026-06-17T09:57:16.336+0800][23.852s][info][gc,cpu         ] GC(951) User=0.00s Sys=0.00s Real=0.00s
[2026-06-17T09:57:16.357+0800][23.873s][info][gc,start       ] GC(952) Pause Young (Allocation Failure)
[2026-06-17T09:57:16.358+0800][23.874s][info][gc,heap        ] GC(952) PSYoungGen: 10982K(14336K)->2733K(14336K) Eden: 7154K(7168K)->0K(7168K) From: 3828K(7168K)->2733K(7168K)
[2026-06-17T09:57:16.359+0800][23.875s][info][gc,heap        ] GC(952) ParOldGen: 34477K(44032K)->35631K(44032K)
[2026-06-17T09:57:16.359+0800][23.875s][info][gc,metaspace   ] GC(952) Metaspace: 152K(384K)->152K(384K) NonClass: 147K(256K)->147K(256K) Class: 4K(128K)->4K(128K)
[2026-06-17T09:57:16.359+0800][23.875s][info][gc             ] GC(952) Pause Young (Allocation Failure) 44M->37M(57M) 2.125ms
[2026-06-17T09:57:16.360+0800][23.876s][info][gc,cpu         ] GC(952) User=0.00s Sys=0.00s Real=0.00s
[2026-06-17T09:57:16.381+0800][23.897s][info][gc,start       ] GC(953) Pause Young (Allocation Failure)
[2026-06-17T09:57:16.382+0800][23.898s][info][gc,heap        ] GC(953) PSYoungGen: 9881K(14336K)->1266K(14336K) Eden: 7148K(7168K)->0K(7168K) From: 2733K(7168K)->1266K(7168K)
[2026-06-17T09:57:16.385+0800][23.901s][info][gc,heap        ] GC(953) ParOldGen: 35631K(44032K)->37416K(44032K)
[2026-06-17T09:57:16.391+0800][23.907s][info][gc,metaspace   ] GC(953) Metaspace: 152K(384K)->152K(384K) NonClass: 147K(256K)->147K(256K) Class: 4K(128K)->4K(128K)
[2026-06-17T09:57:16.396+0800][23.912s][info][gc             ] GC(953) Pause Young (Allocation Failure) 44M->37M(57M) 14.915ms
[2026-06-17T09:57:16.396+0800][23.913s][info][gc,cpu         ] GC(953) User=0.00s Sys=0.00s Real=0.02s
[2026-06-17T09:57:16.408+0800][23.924s][info][gc,start       ] GC(954) Pause Young (Allocation Failure)
[2026-06-17T09:57:16.411+0800][23.927s][info][gc,heap        ] GC(954) PSYoungGen: 8430K(14336K)->5025K(14336K) Eden: 7164K(7168K)->0K(7168K) From: 1266K(7168K)->5025K(7168K)
[2026-06-17T09:57:16.411+0800][23.927s][info][gc,heap        ] GC(954) ParOldGen: 37416K(44032K)->37416K(44032K)
[2026-06-17T09:57:16.411+0800][23.927s][info][gc,metaspace   ] GC(954) Metaspace: 152K(384K)->152K(384K) NonClass: 147K(256K)->147K(256K) Class: 4K(128K)->4K(128K)
[2026-06-17T09:57:16.412+0800][23.928s][info][gc             ] GC(954) Pause Young (Allocation Failure) 44M->41M(57M) 4.440ms
[2026-06-17T09:57:16.413+0800][23.929s][info][gc,cpu         ] GC(954) User=0.00s Sys=0.00s Real=0.01s
[2026-06-17T09:57:16.434+0800][23.950s][info][gc,start       ] GC(955) Pause Young (Allocation Failure)
[2026-06-17T09:57:16.435+0800][23.951s][info][gc,heap        ] GC(955) PSYoungGen: 12157K(14336K)->1557K(14336K) Eden: 7132K(7168K)->0K(7168K) From: 5025K(7168K)->1557K(7168K)
[2026-06-17T09:57:16.436+0800][23.952s][info][gc,heap        ] GC(955) ParOldGen: 37416K(44032K)->41112K(44032K)
[2026-06-17T09:57:16.436+0800][23.952s][info][gc,metaspace   ] GC(955) Metaspace: 152K(384K)->152K(384K) NonClass: 147K(256K)->147K(256K) Class: 4K(128K)->4K(128K)
[2026-06-17T09:57:16.437+0800][23.953s][info][gc             ] GC(955) Pause Young (Allocation Failure) 48M->41M(57M) 3.195ms
[2026-06-17T09:57:16.438+0800][23.954s][info][gc,cpu         ] GC(955) User=0.00s Sys=0.00s Real=0.00s
[2026-06-17T09:57:16.449+0800][23.965s][info][gc,start       ] GC(956) Pause Full (Ergonomics)
[2026-06-17T09:57:16.449+0800][23.965s][info][gc,phases,start] GC(956) Marking Phase
[2026-06-17T09:57:16.450+0800][23.966s][info][gc,phases      ] GC(956) Marking Phase 0.920ms
[2026-06-17T09:57:16.451+0800][23.967s][info][gc,phases,start] GC(956) Summary Phase
[2026-06-17T09:57:16.451+0800][23.967s][info][gc,phases      ] GC(956) Summary Phase 0.279ms
[2026-06-17T09:57:16.451+0800][23.967s][info][gc,phases,start] GC(956) Adjust Roots
[2026-06-17T09:57:16.451+0800][23.968s][info][gc,phases      ] GC(956) Adjust Roots 0.363ms
[2026-06-17T09:57:16.452+0800][23.968s][info][gc,phases,start] GC(956) Compaction Phase
[2026-06-17T09:57:16.454+0800][23.970s][info][gc,phases      ] GC(956) Compaction Phase 2.111ms
[2026-06-17T09:57:16.455+0800][23.971s][info][gc,phases,start] GC(956) Post Compact
[2026-06-17T09:57:16.455+0800][23.971s][info][gc,phases      ] GC(956) Post Compact 0.439ms
[2026-06-17T09:57:16.455+0800][23.971s][info][gc,heap        ] GC(956) PSYoungGen: 8703K(14336K)->0K(14336K) Eden: 7146K(7168K)->0K(7168K) From: 1557K(7168K)->0K(7168K)
[2026-06-17T09:57:16.456+0800][23.972s][info][gc,heap        ] GC(956) ParOldGen: 41112K(44032K)->32987K(44032K)
[2026-06-17T09:57:16.456+0800][23.972s][info][gc,metaspace   ] GC(956) Metaspace: 152K(384K)->152K(384K) NonClass: 147K(256K)->147K(256K) Class: 4K(128K)->4K(128K)
[2026-06-17T09:57:16.456+0800][23.972s][info][gc             ] GC(956) Pause Full (Ergonomics) 48M->32M(57M) 7.319ms
[2026-06-17T09:57:16.456+0800][23.972s][info][gc,cpu         ] GC(956) User=0.01s Sys=0.00s Real=0.01s
[2026-06-17T09:57:16.478+0800][23.994s][info][gc,start       ] GC(957) Pause Young (Allocation Failure)
[2026-06-17T09:57:16.492+0800][24.008s][info][gc,heap        ] GC(957) PSYoungGen: 6861K(14336K)->89K(14336K) Eden: 6861K(7168K)->0K(7168K) From: 0K(7168K)->89K(7168K)
[2026-06-17T09:57:16.492+0800][24.008s][info][gc,heap        ] GC(957) ParOldGen: 32987K(44032K)->32987K(44032K)
[2026-06-17T09:57:16.492+0800][24.008s][info][gc,metaspace   ] GC(957) Metaspace: 152K(384K)->152K(384K) NonClass: 147K(256K)->147K(256K) Class: 4K(128K)->4K(128K)
[2026-06-17T09:57:16.492+0800][24.008s][info][gc             ] GC(957) Pause Young (Allocation Failure) 38M->32M(57M) 14.633ms
[2026-06-17T09:57:16.493+0800][24.009s][info][gc,cpu         ] GC(957) User=0.00s Sys=0.00s Real=0.02s
[2026-06-17T09:57:16.514+0800][24.030s][info][gc,start       ] GC(958) Pause Young (Allocation Failure)
[2026-06-17T09:57:16.515+0800][24.031s][info][gc,heap        ] GC(958) PSYoungGen: 7204K(14336K)->3914K(14336K) Eden: 7115K(7168K)->0K(7168K) From: 89K(7168K)->3914K(7168K)
[2026-06-17T09:57:16.517+0800][24.033s][info][gc,heap        ] GC(958) ParOldGen: 32987K(44032K)->33077K(44032K)
[2026-06-17T09:57:16.519+0800][24.035s][info][gc,metaspace   ] GC(958) Metaspace: 152K(384K)->152K(384K) NonClass: 147K(256K)->147K(256K) Class: 4K(128K)->4K(128K)
[2026-06-17T09:57:16.519+0800][24.035s][info][gc             ] GC(958) Pause Young (Allocation Failure) 39M->36M(57M) 5.475ms
[2026-06-17T09:57:16.520+0800][24.036s][info][gc,cpu         ] GC(958) User=0.00s Sys=0.00s Real=0.00s
[2026-06-17T09:57:16.541+0800][24.057s][info][gc,start       ] GC(959) Pause Young (Allocation Failure)
[2026-06-17T09:57:16.545+0800][24.061s][info][gc,heap        ] GC(959) PSYoungGen: 11060K(14336K)->2229K(14336K) Eden: 7146K(7168K)->0K(7168K) From: 3914K(7168K)->2229K(7168K)
[2026-06-17T09:57:16.547+0800][24.063s][info][gc,heap        ] GC(959) ParOldGen: 33077K(44032K)->35078K(44032K)
[2026-06-17T09:57:16.548+0800][24.064s][info][gc,metaspace   ] GC(959) Metaspace: 152K(384K)->152K(384K) NonClass: 147K(256K)->147K(256K) Class: 4K(128K)->4K(128K)
[2026-06-17T09:57:16.550+0800][24.066s][info][gc             ] GC(959) Pause Young (Allocation Failure) 43M->36M(57M) 8.543ms
[2026-06-17T09:57:16.551+0800][24.067s][info][gc,cpu         ] GC(959) User=0.00s Sys=0.00s Real=0.02s
[2026-06-17T09:57:16.573+0800][24.089s][info][gc,start       ] GC(960) Pause Young (Allocation Failure)
[2026-06-17T09:57:16.576+0800][24.092s][info][gc,heap        ] GC(960) PSYoungGen: 9358K(14336K)->2296K(14336K) Eden: 7129K(7168K)->0K(7168K) From: 2229K(7168K)->2296K(7168K)
[2026-06-17T09:57:16.578+0800][24.094s][info][gc,heap        ] GC(960) ParOldGen: 35078K(44032K)->35078K(44032K)
[2026-06-17T09:57:16.587+0800][24.103s][info][gc,metaspace   ] GC(960) Metaspace: 152K(384K)->152K(384K) NonClass: 147K(256K)->147K(256K) Class: 4K(128K)->4K(128K)
[2026-06-17T09:57:16.589+0800][24.105s][info][gc             ] GC(960) Pause Young (Allocation Failure) 43M->36M(57M) 15.944ms
[2026-06-17T09:57:16.589+0800][24.105s][info][gc,cpu         ] GC(960) User=0.00s Sys=0.00s Real=0.01s
[2026-06-17T09:57:16.600+0800][24.116s][info][gc,start       ] GC(961) Pause Young (Allocation Failure)
[2026-06-17T09:57:16.602+0800][24.118s][info][gc,heap        ] GC(961) PSYoungGen: 9458K(14336K)->6016K(14336K) Eden: 7161K(7168K)->0K(7168K) From: 2296K(7168K)->6016K(7168K)
[2026-06-17T09:57:16.603+0800][24.119s][info][gc,heap        ] GC(961) ParOldGen: 35078K(44032K)->35078K(44032K)
[2026-06-17T09:57:16.605+0800][24.121s][info][gc,metaspace   ] GC(961) Metaspace: 152K(384K)->152K(384K) NonClass: 147K(256K)->147K(256K) Class: 4K(128K)->4K(128K)
[2026-06-17T09:57:16.606+0800][24.122s][info][gc             ] GC(961) Pause Young (Allocation Failure) 43M->40M(57M) 5.674ms
[2026-06-17T09:57:16.607+0800][24.123s][info][gc,cpu         ] GC(961) User=0.00s Sys=0.00s Real=0.01s
[2026-06-17T09:57:16.628+0800][24.144s][info][gc,start       ] GC(962) Pause Young (Allocation Failure)
[2026-06-17T09:57:16.630+0800][24.146s][info][gc,heap        ] GC(962) PSYoungGen: 13164K(14336K)->4025K(14336K) Eden: 7147K(7168K)->0K(7168K) From: 6016K(7168K)->4025K(7168K)
[2026-06-17T09:57:16.631+0800][24.147s][info][gc,heap        ] GC(962) ParOldGen: 35078K(44032K)->37193K(44032K)
[2026-06-17T09:57:16.632+0800][24.148s][info][gc,metaspace   ] GC(962) Metaspace: 152K(384K)->152K(384K) NonClass: 147K(256K)->147K(256K) Class: 4K(128K)->4K(128K)
[2026-06-17T09:57:16.633+0800][24.149s][info][gc             ] GC(962) Pause Young (Allocation Failure) 47M->40M(57M) 4.614ms
[2026-06-17T09:57:16.633+0800][24.149s][info][gc,cpu         ] GC(962) User=0.00s Sys=0.00s Real=0.01s
[2026-06-17T09:57:16.656+0800][24.172s][info][gc,start       ] GC(963) Pause Young (Allocation Failure)
[2026-06-17T09:57:16.658+0800][24.174s][info][gc,heap        ] GC(963) PSYoungGen: 11171K(14336K)->2457K(14336K) Eden: 7145K(7168K)->0K(7168K) From: 4025K(7168K)->2457K(7168K)
[2026-06-17T09:57:16.658+0800][24.174s][info][gc,heap        ] GC(963) ParOldGen: 37193K(44032K)->39251K(44032K)
[2026-06-17T09:57:16.659+0800][24.175s][info][gc,metaspace   ] GC(963) Metaspace: 152K(384K)->152K(384K) NonClass: 147K(256K)->147K(256K) Class: 4K(128K)->4K(128K)
[2026-06-17T09:57:16.659+0800][24.175s][info][gc             ] GC(963) Pause Young (Allocation Failure) 47M->40M(57M) 2.791ms
[2026-06-17T09:57:16.659+0800][24.175s][info][gc,cpu         ] GC(963) User=0.00s Sys=0.00s Real=0.00s
[2026-06-17T09:57:16.671+0800][24.187s][info][gc,start       ] GC(964) Pause Young (Allocation Failure)
[2026-06-17T09:57:16.672+0800][24.188s][info][gc,heap        ] GC(964) PSYoungGen: 9580K(14336K)->6032K(14336K) Eden: 7123K(7168K)->0K(7168K) From: 2457K(7168K)->6032K(7168K)
[2026-06-17T09:57:16.675+0800][24.191s][info][gc,heap        ] GC(964) ParOldGen: 39251K(44032K)->39251K(44032K)
[2026-06-17T09:57:16.676+0800][24.192s][info][gc,metaspace   ] GC(964) Metaspace: 152K(384K)->152K(384K) NonClass: 147K(256K)->147K(256K) Class: 4K(128K)->4K(128K)
[2026-06-17T09:57:16.677+0800][24.193s][info][gc             ] GC(964) Pause Young (Allocation Failure) 47M->44M(57M) 6.656ms
[2026-06-17T09:57:16.678+0800][24.194s][info][gc,cpu         ] GC(964) User=0.00s Sys=0.00s Real=0.00s
[2026-06-17T09:57:16.699+0800][24.215s][info][gc,start       ] GC(965) Pause Young (Allocation Failure)
[2026-06-17T09:57:16.700+0800][24.216s][info][gc,heap        ] GC(965) PSYoungGen: 13174K(14336K)->2743K(14336K) Eden: 7142K(7168K)->0K(7168K) From: 6032K(7168K)->2743K(7168K)
[2026-06-17T09:57:16.700+0800][24.216s][info][gc,heap        ] GC(965) ParOldGen: 39251K(44032K)->42835K(44032K)
[2026-06-17T09:57:16.700+0800][24.216s][info][gc,metaspace   ] GC(965) Metaspace: 152K(384K)->152K(384K) NonClass: 147K(256K)->147K(256K) Class: 4K(128K)->4K(128K)
[2026-06-17T09:57:16.700+0800][24.216s][info][gc             ] GC(965) Pause Young (Allocation Failure) 51M->44M(57M) 1.547ms
[2026-06-17T09:57:16.700+0800][24.216s][info][gc,cpu         ] GC(965) User=0.00s Sys=0.00s Real=0.00s
[2026-06-17T09:57:16.711+0800][24.227s][info][gc,start       ] GC(966) Pause Full (Ergonomics)
[2026-06-17T09:57:16.711+0800][24.227s][info][gc,phases,start] GC(966) Marking Phase
[2026-06-17T09:57:16.712+0800][24.228s][info][gc,phases      ] GC(966) Marking Phase 0.818ms
[2026-06-17T09:57:16.712+0800][24.228s][info][gc,phases,start] GC(966) Summary Phase
[2026-06-17T09:57:16.713+0800][24.229s][info][gc,phases      ] GC(966) Summary Phase 0.137ms
[2026-06-17T09:57:16.713+0800][24.229s][info][gc,phases,start] GC(966) Adjust Roots
[2026-06-17T09:57:16.713+0800][24.229s][info][gc,phases      ] GC(966) Adjust Roots 0.267ms
[2026-06-17T09:57:16.713+0800][24.229s][info][gc,phases,start] GC(966) Compaction Phase
[2026-06-17T09:57:16.715+0800][24.231s][info][gc,phases      ] GC(966) Compaction Phase 2.031ms
[2026-06-17T09:57:16.716+0800][24.232s][info][gc,phases,start] GC(966) Post Compact
[2026-06-17T09:57:16.716+0800][24.232s][info][gc,phases      ] GC(966) Post Compact 0.338ms
[2026-06-17T09:57:16.716+0800][24.232s][info][gc,heap        ] GC(966) PSYoungGen: 9824K(14336K)->0K(14336K) Eden: 7080K(7168K)->0K(7168K) From: 2743K(7168K)->0K(7168K)
[2026-06-17T09:57:16.716+0800][24.232s][info][gc,heap        ] GC(966) ParOldGen: 42835K(44032K)->31570K(44032K)
[2026-06-17T09:57:16.716+0800][24.232s][info][gc,metaspace   ] GC(966) Metaspace: 152K(384K)->152K(384K) NonClass: 147K(256K)->147K(256K) Class: 4K(128K)->4K(128K)
[2026-06-17T09:57:16.716+0800][24.232s][info][gc             ] GC(966) Pause Full (Ergonomics) 51M->30M(57M) 5.366ms
[2026-06-17T09:57:16.717+0800][24.233s][info][gc,cpu         ] GC(966) User=0.01s Sys=0.00s Real=0.00s
[2026-06-17T09:57:16.738+0800][24.254s][info][gc,start       ] GC(967) Pause Young (Allocation Failure)
[2026-06-17T09:57:16.739+0800][24.255s][info][gc,heap        ] GC(967) PSYoungGen: 7140K(14336K)->3832K(14336K) Eden: 7140K(7168K)->0K(7168K) From: 0K(7168K)->3832K(7168K)
[2026-06-17T09:57:16.739+0800][24.255s][info][gc,heap        ] GC(967) ParOldGen: 31570K(44032K)->31570K(44032K)
[2026-06-17T09:57:16.739+0800][24.255s][info][gc,metaspace   ] GC(967) Metaspace: 152K(384K)->152K(384K) NonClass: 147K(256K)->147K(256K) Class: 4K(128K)->4K(128K)
[2026-06-17T09:57:16.739+0800][24.255s][info][gc             ] GC(967) Pause Young (Allocation Failure) 37M->34M(57M) 1.476ms
[2026-06-17T09:57:16.739+0800][24.255s][info][gc,cpu         ] GC(967) User=0.00s Sys=0.00s Real=0.00s
[2026-06-17T09:57:16.760+0800][24.276s][info][gc,start       ] GC(968) Pause Young (Allocation Failure)
[2026-06-17T09:57:16.761+0800][24.277s][info][gc,heap        ] GC(968) PSYoungGen: 10986K(14336K)->2767K(14336K) Eden: 7154K(7168K)->0K(7168K) From: 3832K(7168K)->2767K(7168K)
[2026-06-17T09:57:16.761+0800][24.277s][info][gc,heap        ] GC(968) ParOldGen: 31570K(44032K)->32554K(44032K)
[2026-06-17T09:57:16.761+0800][24.277s][info][gc,metaspace   ] GC(968) Metaspace: 152K(384K)->152K(384K) NonClass: 147K(256K)->147K(256K) Class: 4K(128K)->4K(128K)
[2026-06-17T09:57:16.761+0800][24.277s][info][gc             ] GC(968) Pause Young (Allocation Failure) 41M->34M(57M) 1.198ms
[2026-06-17T09:57:16.761+0800][24.277s][info][gc,cpu         ] GC(968) User=0.00s Sys=0.00s Real=0.00s
[2026-06-17T09:57:16.782+0800][24.298s][info][gc,start       ] GC(969) Pause Young (Allocation Failure)
[2026-06-17T09:57:16.783+0800][24.299s][info][gc,heap        ] GC(969) PSYoungGen: 9928K(14336K)->2895K(14336K) Eden: 7160K(7168K)->0K(7168K) From: 2767K(7168K)->2895K(7168K)
[2026-06-17T09:57:16.784+0800][24.300s][info][gc,heap        ] GC(969) ParOldGen: 32554K(44032K)->32554K(44032K)
[2026-06-17T09:57:16.784+0800][24.300s][info][gc,metaspace   ] GC(969) Metaspace: 152K(384K)->152K(384K) NonClass: 147K(256K)->147K(256K) Class: 4K(128K)->4K(128K)
[2026-06-17T09:57:16.784+0800][24.300s][info][gc             ] GC(969) Pause Young (Allocation Failure) 41M->34M(57M) 1.414ms
[2026-06-17T09:57:16.784+0800][24.300s][info][gc,cpu         ] GC(969) User=0.00s Sys=0.00s Real=0.00s
[2026-06-17T09:57:16.795+0800][24.311s][info][gc,start       ] GC(970) Pause Young (Allocation Failure)
[2026-06-17T09:57:16.796+0800][24.312s][info][gc,heap        ] GC(970) PSYoungGen: 10039K(14336K)->6543K(14336K) Eden: 7144K(7168K)->0K(7168K) From: 2895K(7168K)->6543K(7168K)
[2026-06-17T09:57:16.796+0800][24.312s][info][gc,heap        ] GC(970) ParOldGen: 32554K(44032K)->32554K(44032K)
[2026-06-17T09:57:16.797+0800][24.313s][info][gc,metaspace   ] GC(970) Metaspace: 152K(384K)->152K(384K) NonClass: 147K(256K)->147K(256K) Class: 4K(128K)->4K(128K)
[2026-06-17T09:57:16.797+0800][24.313s][info][gc             ] GC(970) Pause Young (Allocation Failure) 41M->38M(57M) 1.713ms
[2026-06-17T09:57:16.797+0800][24.313s][info][gc,cpu         ] GC(970) User=0.00s Sys=0.01s Real=0.00s
[2026-06-17T09:57:16.818+0800][24.334s][info][gc,start       ] GC(971) Pause Young (Allocation Failure)
[2026-06-17T09:57:16.819+0800][24.335s][info][gc,heap        ] GC(971) PSYoungGen: 13656K(14336K)->5166K(14336K) Eden: 7113K(7168K)->0K(7168K) From: 6543K(7168K)->5166K(7168K)
[2026-06-17T09:57:16.819+0800][24.335s][info][gc,heap        ] GC(971) ParOldGen: 32554K(44032K)->34269K(44032K)
[2026-06-17T09:57:16.820+0800][24.336s][info][gc,metaspace   ] GC(971) Metaspace: 152K(384K)->152K(384K) NonClass: 147K(256K)->147K(256K) Class: 4K(128K)->4K(128K)
[2026-06-17T09:57:16.820+0800][24.336s][info][gc             ] GC(971) Pause Young (Allocation Failure) 45M->38M(57M) 1.916ms
[2026-06-17T09:57:16.820+0800][24.336s][info][gc,cpu         ] GC(971) User=0.00s Sys=0.00s Real=0.00s
[2026-06-17T09:57:16.841+0800][24.357s][info][gc,start       ] GC(972) Pause Young (Allocation Failure)
[2026-06-17T09:57:16.843+0800][24.359s][info][gc,heap        ] GC(972) PSYoungGen: 12327K(14336K)->3751K(14336K) Eden: 7161K(7168K)->0K(7168K) From: 5166K(7168K)->3751K(7168K)
[2026-06-17T09:57:16.844+0800][24.360s][info][gc,heap        ] GC(972) ParOldGen: 34269K(44032K)->35992K(44032K)
[2026-06-17T09:57:16.846+0800][24.362s][info][gc,metaspace   ] GC(972) Metaspace: 152K(384K)->152K(384K) NonClass: 147K(256K)->147K(256K) Class: 4K(128K)->4K(128K)
[2026-06-17T09:57:16.848+0800][24.364s][info][gc             ] GC(972) Pause Young (Allocation Failure) 45M->38M(57M) 6.617ms
[2026-06-17T09:57:16.850+0800][24.366s][info][gc,cpu         ] GC(972) User=0.00s Sys=0.00s Real=0.01s
[2026-06-17T09:57:16.861+0800][24.377s][info][gc,start       ] GC(973) Pause Young (Allocation Failure)
[2026-06-17T09:57:16.863+0800][24.379s][info][gc,heap        ] GC(973) PSYoungGen: 10756K(14336K)->1525K(14336K) Eden: 7004K(7168K)->0K(7168K) From: 3751K(7168K)->1525K(7168K)
[2026-06-17T09:57:16.863+0800][24.379s][info][gc,heap        ] GC(973) ParOldGen: 35992K(44032K)->37934K(44032K)
[2026-06-17T09:57:16.864+0800][24.380s][info][gc,metaspace   ] GC(973) Metaspace: 152K(384K)->152K(384K) NonClass: 147K(256K)->147K(256K) Class: 4K(128K)->4K(128K)
[2026-06-17T09:57:16.864+0800][24.380s][info][gc             ] GC(973) Pause Young (Allocation Failure) 45M->38M(57M) 2.421ms
[2026-06-17T09:57:16.864+0800][24.380s][info][gc,cpu         ] GC(973) User=0.00s Sys=0.00s Real=0.01s
[2026-06-17T09:57:16.885+0800][24.401s][info][gc,start       ] GC(974) Pause Young (Allocation Failure)
[2026-06-17T09:57:16.887+0800][24.403s][info][gc,heap        ] GC(974) PSYoungGen: 8662K(14336K)->3770K(14336K) Eden: 7137K(7168K)->0K(7168K) From: 1525K(7168K)->3770K(7168K)
[2026-06-17T09:57:16.887+0800][24.403s][info][gc,heap        ] GC(974) ParOldGen: 37934K(44032K)->39435K(44032K)
[2026-06-17T09:57:16.887+0800][24.403s][info][gc,metaspace   ] GC(974) Metaspace: 152K(384K)->152K(384K) NonClass: 147K(256K)->147K(256K) Class: 4K(128K)->4K(128K)
[2026-06-17T09:57:16.888+0800][24.404s][info][gc             ] GC(974) Pause Young (Allocation Failure) 45M->42M(57M) 2.417ms
[2026-06-17T09:57:16.888+0800][24.404s][info][gc,cpu         ] GC(974) User=0.01s Sys=0.00s Real=0.00s
[2026-06-17T09:57:16.899+0800][24.415s][info][gc,start       ] GC(975) Pause Young (Allocation Failure)
[2026-06-17T09:57:16.900+0800][24.416s][info][gc,heap        ] GC(975) PSYoungGen: 10577K(14336K)->3458K(14336K) Eden: 6807K(7168K)->0K(7168K) From: 3770K(7168K)->3458K(7168K)
[2026-06-17T09:57:16.900+0800][24.416s][info][gc,heap        ] GC(975) ParOldGen: 39435K(44032K)->39435K(44032K)
[2026-06-17T09:57:16.900+0800][24.416s][info][gc,metaspace   ] GC(975) Metaspace: 152K(384K)->152K(384K) NonClass: 147K(256K)->147K(256K) Class: 4K(128K)->4K(128K)
[2026-06-17T09:57:16.901+0800][24.417s][info][gc             ] GC(975) Pause Young (Allocation Failure) 48M->41M(57M) 1.498ms
[2026-06-17T09:57:16.901+0800][24.417s][info][gc,cpu         ] GC(975) User=0.00s Sys=0.00s Real=0.00s
[2026-06-17T09:57:16.922+0800][24.438s][info][gc,start       ] GC(976) Pause Young (Allocation Failure)
[2026-06-17T09:57:16.923+0800][24.439s][info][gc,heap        ] GC(976) PSYoungGen: 10624K(14336K)->6875K(14336K) Eden: 7165K(7168K)->0K(7168K) From: 3458K(7168K)->6875K(7168K)
[2026-06-17T09:57:16.924+0800][24.440s][info][gc,heap        ] GC(976) ParOldGen: 39435K(44032K)->39750K(44032K)
[2026-06-17T09:57:16.924+0800][24.440s][info][gc,metaspace   ] GC(976) Metaspace: 152K(384K)->152K(384K) NonClass: 147K(256K)->147K(256K) Class: 4K(128K)->4K(128K)
[2026-06-17T09:57:16.924+0800][24.440s][info][gc             ] GC(976) Pause Young (Allocation Failure) 48M->45M(57M) 2.102ms
[2026-06-17T09:57:16.924+0800][24.440s][info][gc,cpu         ] GC(976) User=0.00s Sys=0.00s Real=0.01s
[2026-06-17T09:57:16.946+0800][24.462s][info][gc,start       ] GC(977) Pause Young (Allocation Failure)
[2026-06-17T09:57:16.948+0800][24.464s][info][gc,heap        ] GC(977) PSYoungGen: 14007K(14336K)->3949K(14336K) Eden: 7131K(7168K)->0K(7168K) From: 6875K(7168K)->3949K(7168K)
[2026-06-17T09:57:16.950+0800][24.466s][info][gc,heap        ] GC(977) ParOldGen: 39750K(44032K)->42869K(44032K)
[2026-06-17T09:57:16.950+0800][24.466s][info][gc,metaspace   ] GC(977) Metaspace: 152K(384K)->152K(384K) NonClass: 147K(256K)->147K(256K) Class: 4K(128K)->4K(128K)
[2026-06-17T09:57:16.951+0800][24.467s][info][gc             ] GC(977) Pause Young (Allocation Failure) 52M->45M(57M) 5.723ms
[2026-06-17T09:57:16.952+0800][24.468s][info][gc,cpu         ] GC(977) User=0.00s Sys=0.00s Real=0.01s
[2026-06-17T09:57:16.974+0800][24.490s][info][gc,start       ] GC(978) Pause Full (Ergonomics)
[2026-06-17T09:57:16.974+0800][24.490s][info][gc,phases,start] GC(978) Marking Phase
[2026-06-17T09:57:16.975+0800][24.491s][info][gc,phases      ] GC(978) Marking Phase 1.218ms
[2026-06-17T09:57:16.976+0800][24.492s][info][gc,phases,start] GC(978) Summary Phase
[2026-06-17T09:57:16.976+0800][24.492s][info][gc,phases      ] GC(978) Summary Phase 0.234ms
[2026-06-17T09:57:16.976+0800][24.492s][info][gc,phases,start] GC(978) Adjust Roots
[2026-06-17T09:57:16.976+0800][24.492s][info][gc,phases      ] GC(978) Adjust Roots 0.244ms
[2026-06-17T09:57:16.976+0800][24.492s][info][gc,phases,start] GC(978) Compaction Phase
[2026-06-17T09:57:16.978+0800][24.494s][info][gc,phases      ] GC(978) Compaction Phase 1.570ms
[2026-06-17T09:57:16.978+0800][24.494s][info][gc,phases,start] GC(978) Post Compact
[2026-06-17T09:57:16.978+0800][24.494s][info][gc,phases      ] GC(978) Post Compact 0.194ms
[2026-06-17T09:57:16.978+0800][24.494s][info][gc,heap        ] GC(978) PSYoungGen: 11084K(14336K)->0K(14336K) Eden: 7134K(7168K)->0K(7168K) From: 3949K(7168K)->0K(7168K)
[2026-06-17T09:57:16.979+0800][24.495s][info][gc,heap        ] GC(978) ParOldGen: 42869K(44032K)->27373K(44032K)
[2026-06-17T09:57:16.979+0800][24.495s][info][gc,metaspace   ] GC(978) Metaspace: 152K(384K)->152K(384K) NonClass: 147K(256K)->147K(256K) Class: 4K(128K)->4K(128K)
[2026-06-17T09:57:16.979+0800][24.495s][info][gc             ] GC(978) Pause Full (Ergonomics) 52M->26M(57M) 4.948ms
[2026-06-17T09:57:16.979+0800][24.495s][info][gc,cpu         ] GC(978) User=0.00s Sys=0.00s Real=0.00s
[2026-06-17T09:57:17.000+0800][24.516s][info][gc,start       ] GC(979) Pause Young (Allocation Failure)
[2026-06-17T09:57:17.000+0800][24.516s][info][gc,heap        ] GC(979) PSYoungGen: 7168K(14336K)->3777K(14336K) Eden: 7168K(7168K)->0K(7168K) From: 0K(7168K)->3777K(7168K)
[2026-06-17T09:57:17.001+0800][24.517s][info][gc,heap        ] GC(979) ParOldGen: 27373K(44032K)->27373K(44032K)
[2026-06-17T09:57:17.001+0800][24.517s][info][gc,metaspace   ] GC(979) Metaspace: 152K(384K)->152K(384K) NonClass: 147K(256K)->147K(256K) Class: 4K(128K)->4K(128K)
[2026-06-17T09:57:17.001+0800][24.517s][info][gc             ] GC(979) Pause Young (Allocation Failure) 33M->30M(57M) 1.454ms
[2026-06-17T09:57:17.001+0800][24.517s][info][gc,cpu         ] GC(979) User=0.00s Sys=0.00s Real=0.00s
[2026-06-17T09:57:17.012+0800][24.528s][info][gc,start       ] GC(980) Pause Young (Allocation Failure)
[2026-06-17T09:57:17.013+0800][24.529s][info][gc,heap        ] GC(980) PSYoungGen: 10799K(14336K)->4081K(14336K) Eden: 7022K(7168K)->0K(7168K) From: 3777K(7168K)->4081K(7168K)
[2026-06-17T09:57:17.013+0800][24.529s][info][gc,heap        ] GC(980) ParOldGen: 27373K(44032K)->27373K(44032K)
[2026-06-17T09:57:17.013+0800][24.529s][info][gc,metaspace   ] GC(980) Metaspace: 152K(384K)->152K(384K) NonClass: 147K(256K)->147K(256K) Class: 4K(128K)->4K(128K)
[2026-06-17T09:57:17.014+0800][24.530s][info][gc             ] GC(980) Pause Young (Allocation Failure) 37M->30M(57M) 1.394ms
[2026-06-17T09:57:17.014+0800][24.530s][info][gc,cpu         ] GC(980) User=0.00s Sys=0.00s Real=0.00s
[2026-06-17T09:57:17.035+0800][24.551s][info][gc,start       ] GC(981) Pause Young (Allocation Failure)
[2026-06-17T09:57:17.036+0800][24.552s][info][gc,heap        ] GC(981) PSYoungGen: 11202K(14336K)->3920K(14848K) Eden: 7121K(7168K)->0K(7680K) From: 4081K(7168K)->3920K(7168K)
[2026-06-17T09:57:17.036+0800][24.552s][info][gc,heap        ] GC(981) ParOldGen: 27373K(44032K)->31056K(44032K)
[2026-06-17T09:57:17.036+0800][24.552s][info][gc,metaspace   ] GC(981) Metaspace: 152K(384K)->152K(384K) NonClass: 147K(256K)->147K(256K) Class: 4K(128K)->4K(128K)
[2026-06-17T09:57:17.037+0800][24.553s][info][gc             ] GC(981) Pause Young (Allocation Failure) 37M->34M(57M) 1.836ms
[2026-06-17T09:57:17.037+0800][24.553s][info][gc,cpu         ] GC(981) User=0.00s Sys=0.00s Real=0.00s
[2026-06-17T09:57:17.058+0800][24.574s][info][gc,start       ] GC(982) Pause Young (Allocation Failure)
[2026-06-17T09:57:17.059+0800][24.575s][info][gc,heap        ] GC(982) PSYoungGen: 11591K(14848K)->4624K(14336K) Eden: 7670K(7680K)->0K(7680K) From: 3920K(7168K)->4624K(6656K)
[2026-06-17T09:57:17.059+0800][24.575s][info][gc,heap        ] GC(982) ParOldGen: 31056K(44032K)->31400K(44032K)
[2026-06-17T09:57:17.060+0800][24.576s][info][gc,metaspace   ] GC(982) Metaspace: 152K(384K)->152K(384K) NonClass: 147K(256K)->147K(256K) Class: 4K(128K)->4K(128K)
[2026-06-17T09:57:17.060+0800][24.576s][info][gc             ] GC(982) Pause Young (Allocation Failure) 41M->35M(57M) 1.920ms
[2026-06-17T09:57:17.060+0800][24.576s][info][gc,cpu         ] GC(982) User=0.00s Sys=0.00s Real=0.00s
[2026-06-17T09:57:17.081+0800][24.597s][info][gc,start       ] GC(983) Pause Young (Allocation Failure)
[2026-06-17T09:57:17.082+0800][24.598s][info][gc,heap        ] GC(983) PSYoungGen: 12270K(14336K)->4183K(14848K) Eden: 7645K(7680K)->0K(8192K) From: 4624K(6656K)->4183K(6656K)
[2026-06-17T09:57:17.082+0800][24.598s][info][gc,heap        ] GC(983) ParOldGen: 31400K(44032K)->32912K(44032K)
[2026-06-17T09:57:17.082+0800][24.598s][info][gc,metaspace   ] GC(983) Metaspace: 152K(384K)->152K(384K) NonClass: 147K(256K)->147K(256K) Class: 4K(128K)->4K(128K)
[2026-06-17T09:57:17.083+0800][24.599s][info][gc             ] GC(983) Pause Young (Allocation Failure) 42M->36M(57M) 1.404ms
[2026-06-17T09:57:17.083+0800][24.599s][info][gc,cpu         ] GC(983) User=0.01s Sys=0.00s Real=0.01s
[2026-06-17T09:57:17.104+0800][24.620s][info][gc,start       ] GC(984) Pause Young (Allocation Failure)
[2026-06-17T09:57:17.105+0800][24.621s][info][gc,heap        ] GC(984) PSYoungGen: 12348K(14848K)->5380K(14848K) Eden: 8164K(8192K)->0K(8192K) From: 4183K(6656K)->5380K(6656K)
[2026-06-17T09:57:17.105+0800][24.621s][info][gc,heap        ] GC(984) ParOldGen: 32912K(44032K)->32912K(44032K)
[2026-06-17T09:57:17.105+0800][24.621s][info][gc,metaspace   ] GC(984) Metaspace: 152K(384K)->152K(384K) NonClass: 147K(256K)->147K(256K) Class: 4K(128K)->4K(128K)
[2026-06-17T09:57:17.105+0800][24.621s][info][gc             ] GC(984) Pause Young (Allocation Failure) 44M->37M(57M) 1.492ms
[2026-06-17T09:57:17.105+0800][24.621s][info][gc,cpu         ] GC(984) User=0.00s Sys=0.00s Real=0.00s
[2026-06-17T09:57:17.116+0800][24.632s][info][gc,start       ] GC(985) Pause Young (Allocation Failure)
[2026-06-17T09:57:17.117+0800][24.633s][info][gc,heap        ] GC(985) PSYoungGen: 13540K(14848K)->6637K(13824K) Eden: 8159K(8192K)->0K(7168K) From: 5380K(6656K)->6637K(6656K)
[2026-06-17T09:57:17.117+0800][24.633s][info][gc,heap        ] GC(985) ParOldGen: 32912K(44032K)->32912K(44032K)
[2026-06-17T09:57:17.117+0800][24.634s][info][gc,metaspace   ] GC(985) Metaspace: 152K(384K)->152K(384K) NonClass: 147K(256K)->147K(256K) Class: 4K(128K)->4K(128K)
[2026-06-17T09:57:17.118+0800][24.634s][info][gc             ] GC(985) Pause Young (Allocation Failure) 45M->38M(56M) 1.338ms
[2026-06-17T09:57:17.118+0800][24.634s][info][gc,cpu         ] GC(985) User=0.00s Sys=0.00s Real=0.00s
[2026-06-17T09:57:17.139+0800][24.655s][info][gc,start       ] GC(986) Pause Young (Allocation Failure)
[2026-06-17T09:57:17.140+0800][24.656s][info][gc,heap        ] GC(986) PSYoungGen: 13780K(13824K)->7062K(14336K) Eden: 7143K(7168K)->0K(7168K) From: 6637K(6656K)->7062K(7168K)
[2026-06-17T09:57:17.140+0800][24.656s][info][gc,heap        ] GC(986) ParOldGen: 32912K(44032K)->36277K(44032K)
[2026-06-17T09:57:17.141+0800][24.657s][info][gc,metaspace   ] GC(986) Metaspace: 152K(384K)->152K(384K) NonClass: 147K(256K)->147K(256K) Class: 4K(128K)->4K(128K)
[2026-06-17T09:57:17.141+0800][24.657s][info][gc             ] GC(986) Pause Young (Allocation Failure) 45M->42M(57M) 1.918ms
[2026-06-17T09:57:17.141+0800][24.657s][info][gc,cpu         ] GC(986) User=0.00s Sys=0.00s Real=0.00s
[2026-06-17T09:57:17.162+0800][24.678s][info][gc,start       ] GC(987) Pause Young (Allocation Failure)
[2026-06-17T09:57:17.164+0800][24.680s][info][gc,heap        ] GC(987) PSYoungGen: 14188K(14336K)->4166K(14336K) Eden: 7126K(7168K)->0K(7168K) From: 7062K(7168K)->4166K(7168K)
[2026-06-17T09:57:17.165+0800][24.681s][info][gc,heap        ] GC(987) ParOldGen: 36277K(44032K)->39501K(44032K)
[2026-06-17T09:57:17.165+0800][24.681s][info][gc,metaspace   ] GC(987) Metaspace: 152K(384K)->152K(384K) NonClass: 147K(256K)->147K(256K) Class: 4K(128K)->4K(128K)
[2026-06-17T09:57:17.166+0800][24.682s][info][gc             ] GC(987) Pause Young (Allocation Failure) 49M->42M(57M) 3.817ms
[2026-06-17T09:57:17.166+0800][24.682s][info][gc,cpu         ] GC(987) User=0.01s Sys=0.00s Real=0.01s
[2026-06-17T09:57:17.187+0800][24.703s][info][gc,start       ] GC(988) Pause Full (Ergonomics)
[2026-06-17T09:57:17.188+0800][24.704s][info][gc,phases,start] GC(988) Marking Phase
[2026-06-17T09:57:17.189+0800][24.705s][info][gc,phases      ] GC(988) Marking Phase 1.034ms
[2026-06-17T09:57:17.189+0800][24.705s][info][gc,phases,start] GC(988) Summary Phase
[2026-06-17T09:57:17.189+0800][24.706s][info][gc,phases      ] GC(988) Summary Phase 0.405ms
[2026-06-17T09:57:17.190+0800][24.706s][info][gc,phases,start] GC(988) Adjust Roots
[2026-06-17T09:57:17.191+0800][24.707s][info][gc,phases      ] GC(988) Adjust Roots 0.640ms
[2026-06-17T09:57:17.191+0800][24.707s][info][gc,phases,start] GC(988) Compaction Phase
[2026-06-17T09:57:17.194+0800][24.710s][info][gc,phases      ] GC(988) Compaction Phase 2.440ms
[2026-06-17T09:57:17.194+0800][24.710s][info][gc,phases,start] GC(988) Post Compact
[2026-06-17T09:57:17.195+0800][24.711s][info][gc,phases      ] GC(988) Post Compact 0.524ms
[2026-06-17T09:57:17.195+0800][24.711s][info][gc,heap        ] GC(988) PSYoungGen: 11328K(14336K)->0K(14336K) Eden: 7161K(7168K)->0K(7168K) From: 4166K(7168K)->0K(7168K)
[2026-06-17T09:57:17.195+0800][24.711s][info][gc,heap        ] GC(988) ParOldGen: 39501K(44032K)->24479K(44032K)
[2026-06-17T09:57:17.196+0800][24.712s][info][gc,metaspace   ] GC(988) Metaspace: 152K(384K)->152K(384K) NonClass: 147K(256K)->147K(256K) Class: 4K(128K)->4K(128K)
[2026-06-17T09:57:17.196+0800][24.712s][info][gc             ] GC(988) Pause Full (Ergonomics) 49M->23M(57M) 9.279ms
[2026-06-17T09:57:17.197+0800][24.713s][info][gc,cpu         ] GC(988) User=0.00s Sys=0.00s Real=0.01s
[2026-06-17T09:57:17.218+0800][24.734s][info][gc,start       ] GC(989) Pause Young (Allocation Failure)
[2026-06-17T09:57:17.219+0800][24.735s][info][gc,heap        ] GC(989) PSYoungGen: 7152K(14336K)->3633K(14336K) Eden: 7152K(7168K)->0K(7168K) From: 0K(7168K)->3633K(7168K)
[2026-06-17T09:57:17.219+0800][24.735s][info][gc,heap        ] GC(989) ParOldGen: 24479K(44032K)->24479K(44032K)
[2026-06-17T09:57:17.220+0800][24.736s][info][gc,metaspace   ] GC(989) Metaspace: 152K(384K)->152K(384K) NonClass: 147K(256K)->147K(256K) Class: 4K(128K)->4K(128K)
[2026-06-17T09:57:17.220+0800][24.736s][info][gc             ] GC(989) Pause Young (Allocation Failure) 30M->27M(57M) 2.090ms
[2026-06-17T09:57:17.221+0800][24.737s][info][gc,cpu         ] GC(989) User=0.00s Sys=0.00s Real=0.00s
[2026-06-17T09:57:17.232+0800][24.748s][info][gc,start       ] GC(990) Pause Young (Allocation Failure)
[2026-06-17T09:57:17.233+0800][24.749s][info][gc,heap        ] GC(990) PSYoungGen: 10481K(14336K)->32K(14336K) Eden: 6847K(7168K)->0K(7168K) From: 3633K(7168K)->32K(7168K)
[2026-06-17T09:57:17.233+0800][24.749s][info][gc,heap        ] GC(990) ParOldGen: 24479K(44032K)->27693K(44032K)
[2026-06-17T09:57:17.234+0800][24.750s][info][gc,metaspace   ] GC(990) Metaspace: 152K(384K)->152K(384K) NonClass: 147K(256K)->147K(256K) Class: 4K(128K)->4K(128K)
[2026-06-17T09:57:17.234+0800][24.750s][info][gc             ] GC(990) Pause Young (Allocation Failure) 34M->27M(57M) 2.533ms
[2026-06-17T09:57:17.235+0800][24.751s][info][gc,cpu         ] GC(990) User=0.01s Sys=0.00s Real=0.00s
[2026-06-17T09:57:17.256+0800][24.772s][info][gc,start       ] GC(991) Pause Young (Allocation Failure)
[2026-06-17T09:57:17.257+0800][24.773s][info][gc,heap        ] GC(991) PSYoungGen: 7189K(14336K)->3866K(14336K) Eden: 7157K(7168K)->0K(7168K) From: 32K(7168K)->3866K(7168K)
[2026-06-17T09:57:17.258+0800][24.774s][info][gc,heap        ] GC(991) ParOldGen: 27693K(44032K)->27701K(44032K)
[2026-06-17T09:57:17.260+0800][24.776s][info][gc,metaspace   ] GC(991) Metaspace: 152K(384K)->152K(384K) NonClass: 147K(256K)->147K(256K) Class: 4K(128K)->4K(128K)
[2026-06-17T09:57:17.260+0800][24.776s][info][gc             ] GC(991) Pause Young (Allocation Failure) 34M->30M(57M) 3.789ms
[2026-06-17T09:57:17.261+0800][24.777s][info][gc,cpu         ] GC(991) User=0.00s Sys=0.00s Real=0.00s
[2026-06-17T09:57:17.272+0800][24.788s][info][gc,start       ] GC(992) Pause Young (Allocation Failure)
[2026-06-17T09:57:17.275+0800][24.791s][info][gc,heap        ] GC(992) PSYoungGen: 10821K(14336K)->1668K(14336K) Eden: 6955K(7168K)->0K(7168K) From: 3866K(7168K)->1668K(7168K)
[2026-06-17T09:57:17.278+0800][24.794s][info][gc,heap        ] GC(992) ParOldGen: 27701K(44032K)->29602K(44032K)
[2026-06-17T09:57:17.280+0800][24.796s][info][gc,metaspace   ] GC(992) Metaspace: 152K(384K)->152K(384K) NonClass: 147K(256K)->147K(256K) Class: 4K(128K)->4K(128K)
[2026-06-17T09:57:17.280+0800][24.796s][info][gc             ] GC(992) Pause Young (Allocation Failure) 37M->30M(57M) 7.971ms
[2026-06-17T09:57:17.281+0800][24.797s][info][gc,cpu         ] GC(992) User=0.00s Sys=0.00s Real=0.00s
[2026-06-17T09:57:17.302+0800][24.818s][info][gc,start       ] GC(993) Pause Young (Allocation Failure)
[2026-06-17T09:57:17.303+0800][24.819s][info][gc,heap        ] GC(993) PSYoungGen: 8813K(14336K)->3958K(14336K) Eden: 7145K(7168K)->0K(7168K) From: 1668K(7168K)->3958K(7168K)
[2026-06-17T09:57:17.304+0800][24.820s][info][gc,heap        ] GC(993) ParOldGen: 29602K(44032K)->31246K(44032K)
[2026-06-17T09:57:17.304+0800][24.820s][info][gc,metaspace   ] GC(993) Metaspace: 152K(384K)->152K(384K) NonClass: 147K(256K)->147K(256K) Class: 4K(128K)->4K(128K)
[2026-06-17T09:57:17.305+0800][24.821s][info][gc             ] GC(993) Pause Young (Allocation Failure) 37M->34M(57M) 2.519ms
[2026-06-17T09:57:17.305+0800][24.821s][info][gc,cpu         ] GC(993) User=0.00s Sys=0.00s Real=0.01s
[2026-06-17T09:57:17.326+0800][24.842s][info][gc,start       ] GC(994) Pause Young (Allocation Failure)
[2026-06-17T09:57:17.328+0800][24.844s][info][gc,heap        ] GC(994) PSYoungGen: 11125K(14336K)->3791K(14336K) Eden: 7166K(7168K)->0K(7168K) From: 3958K(7168K)->3791K(7168K)
[2026-06-17T09:57:17.329+0800][24.845s][info][gc,heap        ] GC(994) ParOldGen: 31246K(44032K)->31798K(44032K)
[2026-06-17T09:57:17.329+0800][24.845s][info][gc,metaspace   ] GC(994) Metaspace: 152K(384K)->152K(384K) NonClass: 147K(256K)->147K(256K) Class: 4K(128K)->4K(128K)
[2026-06-17T09:57:17.330+0800][24.846s][info][gc             ] GC(994) Pause Young (Allocation Failure) 41M->34M(57M) 3.109ms
[2026-06-17T09:57:17.330+0800][24.846s][info][gc,cpu         ] GC(994) User=0.00s Sys=0.01s Real=0.00s
[2026-06-17T09:57:17.352+0800][24.868s][info][gc,start       ] GC(995) Pause Young (Allocation Failure)
[2026-06-17T09:57:17.353+0800][24.869s][info][gc,heap        ] GC(995) PSYoungGen: 10936K(14336K)->4173K(14336K) Eden: 7144K(7168K)->0K(7168K) From: 3791K(7168K)->4173K(7168K)
[2026-06-17T09:57:17.353+0800][24.869s][info][gc,heap        ] GC(995) ParOldGen: 31798K(44032K)->31798K(44032K)
[2026-06-17T09:57:17.353+0800][24.869s][info][gc,metaspace   ] GC(995) Metaspace: 152K(384K)->152K(384K) NonClass: 147K(256K)->147K(256K) Class: 4K(128K)->4K(128K)
[2026-06-17T09:57:17.354+0800][24.870s][info][gc             ] GC(995) Pause Young (Allocation Failure) 41M->35M(57M) 2.008ms
[2026-06-17T09:57:17.354+0800][24.870s][info][gc,cpu         ] GC(995) User=0.00s Sys=0.00s Real=0.00s
[2026-06-17T09:57:17.365+0800][24.881s][info][gc,start       ] GC(996) Pause Young (Allocation Failure)
[2026-06-17T09:57:17.367+0800][24.883s][info][gc,heap        ] GC(996) PSYoungGen: 11295K(14336K)->7167K(14336K) Eden: 7121K(7168K)->0K(7168K) From: 4173K(7168K)->7167K(7168K)
[2026-06-17T09:57:17.367+0800][24.883s][info][gc,heap        ] GC(996) ParOldGen: 31798K(44032K)->32237K(44032K)
[2026-06-17T09:57:17.367+0800][24.883s][info][gc,metaspace   ] GC(996) Metaspace: 152K(384K)->152K(384K) NonClass: 147K(256K)->147K(256K) Class: 4K(128K)->4K(128K)
[2026-06-17T09:57:17.368+0800][24.884s][info][gc             ] GC(996) Pause Young (Allocation Failure) 42M->38M(57M) 2.470ms
[2026-06-17T09:57:17.368+0800][24.884s][info][gc,cpu         ] GC(996) User=0.00s Sys=0.00s Real=0.00s
[2026-06-17T09:57:17.389+0800][24.905s][info][gc,start       ] GC(997) Pause Young (Allocation Failure)
[2026-06-17T09:57:17.391+0800][24.907s][info][gc,heap        ] GC(997) PSYoungGen: 14318K(14336K)->5124K(14336K) Eden: 7150K(7168K)->0K(7168K) From: 7167K(7168K)->5124K(7168K)
[2026-06-17T09:57:17.391+0800][24.907s][info][gc,heap        ] GC(997) ParOldGen: 32237K(44032K)->34582K(44032K)
[2026-06-17T09:57:17.392+0800][24.908s][info][gc,metaspace   ] GC(997) Metaspace: 152K(384K)->152K(384K) NonClass: 147K(256K)->147K(256K) Class: 4K(128K)->4K(128K)
[2026-06-17T09:57:17.392+0800][24.908s][info][gc             ] GC(997) Pause Young (Allocation Failure) 45M->38M(57M) 2.846ms
[2026-06-17T09:57:17.393+0800][24.909s][info][gc,cpu         ] GC(997) User=0.01s Sys=0.00s Real=0.01s
[2026-06-17T09:57:17.414+0800][24.930s][info][gc,start       ] GC(998) Pause Young (Allocation Failure)
[2026-06-17T09:57:17.415+0800][24.931s][info][gc,heap        ] GC(998) PSYoungGen: 12260K(14336K)->3264K(14336K) Eden: 7136K(7168K)->0K(7168K) From: 5124K(7168K)->3264K(7168K)
[2026-06-17T09:57:17.416+0800][24.932s][info][gc,heap        ] GC(998) ParOldGen: 34582K(44032K)->36465K(44032K)
[2026-06-17T09:57:17.416+0800][24.932s][info][gc,metaspace   ] GC(998) Metaspace: 152K(384K)->152K(384K) NonClass: 147K(256K)->147K(256K) Class: 4K(128K)->4K(128K)
[2026-06-17T09:57:17.416+0800][24.932s][info][gc             ] GC(998) Pause Young (Allocation Failure) 45M->38M(57M) 2.521ms
[2026-06-17T09:57:17.417+0800][24.933s][info][gc,cpu         ] GC(998) User=0.00s Sys=0.00s Real=0.00s
[2026-06-17T09:57:17.428+0800][24.944s][info][gc,start       ] GC(999) Pause Young (Allocation Failure)
[2026-06-17T09:57:17.429+0800][24.945s][info][gc,heap        ] GC(999) PSYoungGen: 10383K(14336K)->1453K(14336K) Eden: 7118K(7168K)->0K(7168K) From: 3264K(7168K)->1453K(7168K)
[2026-06-17T09:57:17.429+0800][24.945s][info][gc,heap        ] GC(999) ParOldGen: 36465K(44032K)->37947K(44032K)
[2026-06-17T09:57:17.430+0800][24.946s][info][gc,metaspace   ] GC(999) Metaspace: 152K(384K)->152K(384K) NonClass: 147K(256K)->147K(256K) Class: 4K(128K)->4K(128K)
[2026-06-17T09:57:17.430+0800][24.946s][info][gc             ] GC(999) Pause Young (Allocation Failure) 45M->38M(57M) 2.053ms
[2026-06-17T09:57:17.431+0800][24.947s][info][gc,cpu         ] GC(999) User=0.00s Sys=0.00s Real=0.01s
[2026-06-17T09:57:17.452+0800][24.968s][info][gc,start       ] GC(1000) Pause Young (Allocation Failure)
[2026-06-17T09:57:17.453+0800][24.969s][info][gc,heap        ] GC(1000) PSYoungGen: 8582K(14336K)->3589K(14336K) Eden: 7129K(7168K)->0K(7168K) From: 1453K(7168K)->3589K(7168K)
[2026-06-17T09:57:17.453+0800][24.969s][info][gc,heap        ] GC(1000) ParOldGen: 37947K(44032K)->39376K(44032K)
[2026-06-17T09:57:17.454+0800][24.970s][info][gc,metaspace   ] GC(1000) Metaspace: 152K(384K)->152K(384K) NonClass: 147K(256K)->147K(256K) Class: 4K(128K)->4K(128K)
[2026-06-17T09:57:17.454+0800][24.970s][info][gc             ] GC(1000) Pause Young (Allocation Failure) 45M->41M(57M) 2.368ms
[2026-06-17T09:57:17.454+0800][24.971s][info][gc,cpu         ] GC(1000) User=0.00s Sys=0.00s Real=0.00s
[2026-06-17T09:57:17.476+0800][24.992s][info][gc,start       ] GC(1001) Pause Young (Allocation Failure)
[2026-06-17T09:57:17.477+0800][24.993s][info][gc,heap        ] GC(1001) PSYoungGen: 10710K(14336K)->3661K(14336K) Eden: 7121K(7168K)->0K(7168K) From: 3589K(7168K)->3661K(7168K)
[2026-06-17T09:57:17.478+0800][24.994s][info][gc,heap        ] GC(1001) ParOldGen: 39376K(44032K)->39575K(44032K)
[2026-06-17T09:57:17.478+0800][24.994s][info][gc,metaspace   ] GC(1001) Metaspace: 152K(384K)->152K(384K) NonClass: 147K(256K)->147K(256K) Class: 4K(128K)->4K(128K)
[2026-06-17T09:57:17.479+0800][24.995s][info][gc             ] GC(1001) Pause Young (Allocation Failure) 48M->42M(57M) 2.634ms
[2026-06-17T09:57:17.479+0800][24.995s][info][gc,cpu         ] GC(1001) User=0.00s Sys=0.00s Real=0.00s
[2026-06-17T09:57:17.500+0800][25.016s][info][gc,start       ] GC(1002) Pause Young (Allocation Failure)
[2026-06-17T09:57:17.501+0800][25.017s][info][gc,heap        ] GC(1002) PSYoungGen: 10791K(14336K)->3774K(14336K) Eden: 7129K(7168K)->0K(7168K) From: 3661K(7168K)->3774K(7168K)
[2026-06-17T09:57:17.502+0800][25.018s][info][gc,heap        ] GC(1002) ParOldGen: 39575K(44032K)->39575K(44032K)
[2026-06-17T09:57:17.502+0800][25.018s][info][gc,metaspace   ] GC(1002) Metaspace: 152K(384K)->152K(384K) NonClass: 147K(256K)->147K(256K) Class: 4K(128K)->4K(128K)
[2026-06-17T09:57:17.502+0800][25.018s][info][gc             ] GC(1002) Pause Young (Allocation Failure) 49M->42M(57M) 1.577ms
[2026-06-17T09:57:17.502+0800][25.018s][info][gc,cpu         ] GC(1002) User=0.00s Sys=0.00s Real=0.00s
[2026-06-17T09:57:17.513+0800][25.029s][info][gc,start       ] GC(1003) Pause Young (Allocation Failure)
[2026-06-17T09:57:17.514+0800][25.030s][info][gc,heap        ] GC(1003) PSYoungGen: 10941K(14336K)->7132K(14336K) Eden: 7166K(7168K)->0K(7168K) From: 3774K(7168K)->7132K(7168K)
[2026-06-17T09:57:17.514+0800][25.030s][info][gc,heap        ] GC(1003) ParOldGen: 39575K(44032K)->39922K(44032K)
[2026-06-17T09:57:17.515+0800][25.031s][info][gc,metaspace   ] GC(1003) Metaspace: 152K(384K)->152K(384K) NonClass: 147K(256K)->147K(256K) Class: 4K(128K)->4K(128K)
[2026-06-17T09:57:17.515+0800][25.031s][info][gc             ] GC(1003) Pause Young (Allocation Failure) 49M->45M(57M) 1.581ms
[2026-06-17T09:57:17.515+0800][25.031s][info][gc,cpu         ] GC(1003) User=0.00s Sys=0.00s Real=0.00s
[2026-06-17T09:57:17.536+0800][25.052s][info][gc,start       ] GC(1004) Pause Young (Allocation Failure)
[2026-06-17T09:57:17.537+0800][25.053s][info][gc,heap        ] GC(1004) PSYoungGen: 14286K(14336K)->5506K(14336K) Eden: 7153K(7168K)->0K(7168K) From: 7132K(7168K)->5506K(7168K)
[2026-06-17T09:57:17.537+0800][25.053s][info][gc,heap        ] GC(1004) ParOldGen: 39922K(44032K)->41705K(44032K)
[2026-06-17T09:57:17.537+0800][25.053s][info][gc,metaspace   ] GC(1004) Metaspace: 152K(384K)->152K(384K) NonClass: 147K(256K)->147K(256K) Class: 4K(128K)->4K(128K)
[2026-06-17T09:57:17.538+0800][25.054s][info][gc             ] GC(1004) Pause Young (Allocation Failure) 52M->46M(57M) 1.645ms
[2026-06-17T09:57:17.538+0800][25.054s][info][gc,cpu         ] GC(1004) User=0.00s Sys=0.00s Real=0.00s
[2026-06-17T09:57:17.559+0800][25.075s][info][gc,start       ] GC(1005) Pause Full (Ergonomics)
[2026-06-17T09:57:17.559+0800][25.075s][info][gc,phases,start] GC(1005) Marking Phase
[2026-06-17T09:57:17.560+0800][25.076s][info][gc,phases      ] GC(1005) Marking Phase 0.752ms
[2026-06-17T09:57:17.560+0800][25.076s][info][gc,phases,start] GC(1005) Summary Phase
[2026-06-17T09:57:17.560+0800][25.076s][info][gc,phases      ] GC(1005) Summary Phase 0.095ms
[2026-06-17T09:57:17.560+0800][25.076s][info][gc,phases,start] GC(1005) Adjust Roots
[2026-06-17T09:57:17.560+0800][25.076s][info][gc,phases      ] GC(1005) Adjust Roots 0.188ms
[2026-06-17T09:57:17.561+0800][25.077s][info][gc,phases,start] GC(1005) Compaction Phase
[2026-06-17T09:57:17.562+0800][25.078s][info][gc,phases      ] GC(1005) Compaction Phase 1.618ms
[2026-06-17T09:57:17.562+0800][25.078s][info][gc,phases,start] GC(1005) Post Compact
[2026-06-17T09:57:17.563+0800][25.079s][info][gc,phases      ] GC(1005) Post Compact 0.259ms
[2026-06-17T09:57:17.563+0800][25.079s][info][gc,heap        ] GC(1005) PSYoungGen: 12674K(14336K)->0K(14336K) Eden: 7168K(7168K)->0K(7168K) From: 5506K(7168K)->0K(7168K)
[2026-06-17T09:57:17.563+0800][25.079s][info][gc,heap        ] GC(1005) ParOldGen: 41705K(44032K)->26121K(44032K)
[2026-06-17T09:57:17.563+0800][25.079s][info][gc,metaspace   ] GC(1005) Metaspace: 152K(384K)->152K(384K) NonClass: 147K(256K)->147K(256K) Class: 4K(128K)->4K(128K)
[2026-06-17T09:57:17.563+0800][25.079s][info][gc             ] GC(1005) Pause Full (Ergonomics) 53M->25M(57M) 4.257ms
[2026-06-17T09:57:17.563+0800][25.079s][info][gc,cpu         ] GC(1005) User=0.00s Sys=0.00s Real=0.01s
[2026-06-17T09:57:17.588+0800][25.104s][info][gc,start       ] GC(1006) Pause Young (Allocation Failure)
[2026-06-17T09:57:17.589+0800][25.105s][info][gc,heap        ] GC(1006) PSYoungGen: 7168K(14336K)->3984K(14336K) Eden: 7168K(7168K)->0K(7168K) From: 0K(7168K)->3984K(7168K)
[2026-06-17T09:57:17.591+0800][25.107s][info][gc,heap        ] GC(1006) ParOldGen: 26121K(44032K)->26121K(44032K)
[2026-06-17T09:57:17.595+0800][25.111s][info][gc,metaspace   ] GC(1006) Metaspace: 152K(384K)->152K(384K) NonClass: 147K(256K)->147K(256K) Class: 4K(128K)->4K(128K)
[2026-06-17T09:57:17.601+0800][25.117s][info][gc             ] GC(1006) Pause Young (Allocation Failure) 32M->29M(57M) 13.524ms
[2026-06-17T09:57:17.601+0800][25.117s][info][gc,cpu         ] GC(1006) User=0.00s Sys=0.00s Real=0.01s
[2026-06-17T09:57:17.623+0800][25.139s][info][gc,start       ] GC(1007) Pause Young (Allocation Failure)
[2026-06-17T09:57:17.624+0800][25.140s][info][gc,heap        ] GC(1007) PSYoungGen: 11134K(14336K)->141K(14336K) Eden: 7149K(7168K)->0K(7168K) From: 3984K(7168K)->141K(7168K)
[2026-06-17T09:57:17.624+0800][25.140s][info][gc,heap        ] GC(1007) ParOldGen: 26121K(44032K)->30032K(44032K)
[2026-06-17T09:57:17.624+0800][25.140s][info][gc,metaspace   ] GC(1007) Metaspace: 152K(384K)->152K(384K) NonClass: 147K(256K)->147K(256K) Class: 4K(128K)->4K(128K)
[2026-06-17T09:57:17.624+0800][25.140s][info][gc             ] GC(1007) Pause Young (Allocation Failure) 36M->29M(57M) 1.345ms
[2026-06-17T09:57:17.624+0800][25.140s][info][gc,cpu         ] GC(1007) User=0.00s Sys=0.00s Real=0.00s
[2026-06-17T09:57:17.635+0800][25.151s][info][gc,start       ] GC(1008) Pause Young (Allocation Failure)
[2026-06-17T09:57:17.636+0800][25.152s][info][gc,heap        ] GC(1008) PSYoungGen: 7303K(14336K)->3727K(14336K) Eden: 7162K(7168K)->0K(7168K) From: 141K(7168K)->3727K(7168K)
[2026-06-17T09:57:17.636+0800][25.152s][info][gc,heap        ] GC(1008) ParOldGen: 30032K(44032K)->30032K(44032K)
[2026-06-17T09:57:17.637+0800][25.153s][info][gc,metaspace   ] GC(1008) Metaspace: 152K(384K)->152K(384K) NonClass: 147K(256K)->147K(256K) Class: 4K(128K)->4K(128K)
[2026-06-17T09:57:17.637+0800][25.153s][info][gc             ] GC(1008) Pause Young (Allocation Failure) 36M->32M(57M) 1.492ms
[2026-06-17T09:57:17.637+0800][25.153s][info][gc,cpu         ] GC(1008) User=0.00s Sys=0.00s Real=0.00s
[2026-06-17T09:57:17.658+0800][25.174s][info][gc,start       ] GC(1009) Pause Young (Allocation Failure)
[2026-06-17T09:57:17.660+0800][25.176s][info][gc,heap        ] GC(1009) PSYoungGen: 10890K(14336K)->2212K(14336K) Eden: 7162K(7168K)->0K(7168K) From: 3727K(7168K)->2212K(7168K)
[2026-06-17T09:57:17.660+0800][25.176s][info][gc,heap        ] GC(1009) ParOldGen: 30032K(44032K)->31823K(44032K)
[2026-06-17T09:57:17.663+0800][25.179s][info][gc,metaspace   ] GC(1009) Metaspace: 152K(384K)->152K(384K) NonClass: 147K(256K)->147K(256K) Class: 4K(128K)->4K(128K)
[2026-06-17T09:57:17.663+0800][25.179s][info][gc             ] GC(1009) Pause Young (Allocation Failure) 39M->33M(57M) 4.812ms
[2026-06-17T09:57:17.665+0800][25.181s][info][gc,cpu         ] GC(1009) User=0.00s Sys=0.00s Real=0.01s
[2026-06-17T09:57:17.689+0800][25.205s][info][gc,start       ] GC(1010) Pause Young (Allocation Failure)
[2026-06-17T09:57:17.690+0800][25.206s][info][gc,heap        ] GC(1010) PSYoungGen: 9377K(14336K)->2420K(14336K) Eden: 7164K(7168K)->0K(7168K) From: 2212K(7168K)->2420K(7168K)
[2026-06-17T09:57:17.691+0800][25.207s][info][gc,heap        ] GC(1010) ParOldGen: 31823K(44032K)->31823K(44032K)
[2026-06-17T09:57:17.691+0800][25.207s][info][gc,metaspace   ] GC(1010) Metaspace: 152K(384K)->152K(384K) NonClass: 147K(256K)->147K(256K) Class: 4K(128K)->4K(128K)
[2026-06-17T09:57:17.693+0800][25.209s][info][gc             ] GC(1010) Pause Young (Allocation Failure) 40M->33M(57M) 3.673ms
[2026-06-17T09:57:17.693+0800][25.209s][info][gc,cpu         ] GC(1010) User=0.00s Sys=0.00s Real=0.01s
[2026-06-17T09:57:17.704+0800][25.220s][info][gc,start       ] GC(1011) Pause Young (Allocation Failure)
[2026-06-17T09:57:17.705+0800][25.221s][info][gc,heap        ] GC(1011) PSYoungGen: 9521K(14336K)->696K(14336K) Eden: 7101K(7168K)->0K(7168K) From: 2420K(7168K)->696K(7168K)
[2026-06-17T09:57:17.705+0800][25.221s][info][gc,heap        ] GC(1011) ParOldGen: 31823K(44032K)->33671K(44032K)
[2026-06-17T09:57:17.705+0800][25.221s][info][gc,metaspace   ] GC(1011) Metaspace: 152K(384K)->152K(384K) NonClass: 147K(256K)->147K(256K) Class: 4K(128K)->4K(128K)
[2026-06-17T09:57:17.705+0800][25.221s][info][gc             ] GC(1011) Pause Young (Allocation Failure) 40M->33M(57M) 1.136ms
[2026-06-17T09:57:17.705+0800][25.221s][info][gc,cpu         ] GC(1011) User=0.00s Sys=0.00s Real=0.00s
[2026-06-17T09:57:17.726+0800][25.242s][info][gc,start       ] GC(1012) Pause Young (Allocation Failure)
[2026-06-17T09:57:17.727+0800][25.243s][info][gc,heap        ] GC(1012) PSYoungGen: 7811K(14336K)->3529K(14336K) Eden: 7115K(7168K)->0K(7168K) From: 696K(7168K)->3529K(7168K)
[2026-06-17T09:57:17.727+0800][25.243s][info][gc,heap        ] GC(1012) ParOldGen: 33671K(44032K)->34343K(44032K)
[2026-06-17T09:57:17.728+0800][25.244s][info][gc,metaspace   ] GC(1012) Metaspace: 152K(384K)->152K(384K) NonClass: 147K(256K)->147K(256K) Class: 4K(128K)->4K(128K)
[2026-06-17T09:57:17.728+0800][25.244s][info][gc             ] GC(1012) Pause Young (Allocation Failure) 40M->36M(57M) 1.637ms
[2026-06-17T09:57:17.728+0800][25.244s][info][gc,cpu         ] GC(1012) User=0.01s Sys=0.00s Real=0.00s
[2026-06-17T09:57:17.739+0800][25.255s][info][gc,start       ] GC(1013) Pause Young (Allocation Failure)
[2026-06-17T09:57:17.740+0800][25.256s][info][gc,heap        ] GC(1013) PSYoungGen: 10093K(14336K)->2960K(14336K) Eden: 6563K(7168K)->0K(7168K) From: 3529K(7168K)->2960K(7168K)
[2026-06-17T09:57:17.740+0800][25.256s][info][gc,heap        ] GC(1013) ParOldGen: 34343K(44032K)->34343K(44032K)
[2026-06-17T09:57:17.740+0800][25.256s][info][gc,metaspace   ] GC(1013) Metaspace: 152K(384K)->152K(384K) NonClass: 147K(256K)->147K(256K) Class: 4K(128K)->4K(128K)
[2026-06-17T09:57:17.740+0800][25.256s][info][gc             ] GC(1013) Pause Young (Allocation Failure) 43M->36M(57M) 1.270ms
[2026-06-17T09:57:17.740+0800][25.256s][info][gc,cpu         ] GC(1013) User=0.00s Sys=0.00s Real=0.00s
[2026-06-17T09:57:17.761+0800][25.277s][info][gc,start       ] GC(1014) Pause Young (Allocation Failure)
[2026-06-17T09:57:17.762+0800][25.278s][info][gc,heap        ] GC(1014) PSYoungGen: 10105K(14336K)->5702K(14336K) Eden: 7144K(7168K)->0K(7168K) From: 2960K(7168K)->5702K(7168K)
[2026-06-17T09:57:17.762+0800][25.278s][info][gc,heap        ] GC(1014) ParOldGen: 34343K(44032K)->35418K(44032K)
[2026-06-17T09:57:17.763+0800][25.279s][info][gc,metaspace   ] GC(1014) Metaspace: 152K(384K)->152K(384K) NonClass: 147K(256K)->147K(256K) Class: 4K(128K)->4K(128K)
[2026-06-17T09:57:17.763+0800][25.279s][info][gc             ] GC(1014) Pause Young (Allocation Failure) 43M->40M(57M) 1.630ms
[2026-06-17T09:57:17.763+0800][25.279s][info][gc,cpu         ] GC(1014) User=0.00s Sys=0.00s Real=0.01s
[2026-06-17T09:57:17.784+0800][25.300s][info][gc,start       ] GC(1015) Pause Young (Allocation Failure)
[2026-06-17T09:57:17.785+0800][25.301s][info][gc,heap        ] GC(1015) PSYoungGen: 12860K(14336K)->3312K(14336K) Eden: 7158K(7168K)->0K(7168K) From: 5702K(7168K)->3312K(7168K)
[2026-06-17T09:57:17.786+0800][25.302s][info][gc,heap        ] GC(1015) ParOldGen: 35418K(44032K)->38249K(44032K)
[2026-06-17T09:57:17.786+0800][25.302s][info][gc,metaspace   ] GC(1015) Metaspace: 152K(384K)->152K(384K) NonClass: 147K(256K)->147K(256K) Class: 4K(128K)->4K(128K)
[2026-06-17T09:57:17.786+0800][25.302s][info][gc             ] GC(1015) Pause Young (Allocation Failure) 47M->40M(57M) 1.811ms
[2026-06-17T09:57:17.786+0800][25.302s][info][gc,cpu         ] GC(1015) User=0.00s Sys=0.00s Real=0.00s
[2026-06-17T09:57:17.808+0800][25.324s][info][gc,start       ] GC(1016) Pause Young (Allocation Failure)
[2026-06-17T09:57:17.809+0800][25.325s][info][gc,heap        ] GC(1016) PSYoungGen: 10467K(14336K)->1439K(14336K) Eden: 7154K(7168K)->0K(7168K) From: 3312K(7168K)->1439K(7168K)
[2026-06-17T09:57:17.809+0800][25.325s][info][gc,heap        ] GC(1016) ParOldGen: 38249K(44032K)->40219K(44032K)
[2026-06-17T09:57:17.809+0800][25.325s][info][gc,metaspace   ] GC(1016) Metaspace: 152K(384K)->152K(384K) NonClass: 147K(256K)->147K(256K) Class: 4K(128K)->4K(128K)
[2026-06-17T09:57:17.809+0800][25.325s][info][gc             ] GC(1016) Pause Young (Allocation Failure) 47M->40M(57M) 1.460ms
[2026-06-17T09:57:17.809+0800][25.325s][info][gc,cpu         ] GC(1016) User=0.00s Sys=0.00s Real=0.00s
[2026-06-17T09:57:17.830+0800][25.346s][info][gc,start       ] GC(1017) Pause Full (Ergonomics)
[2026-06-17T09:57:17.831+0800][25.347s][info][gc,phases,start] GC(1017) Marking Phase
[2026-06-17T09:57:17.832+0800][25.348s][info][gc,phases      ] GC(1017) Marking Phase 1.328ms
[2026-06-17T09:57:17.833+0800][25.349s][info][gc,phases,start] GC(1017) Summary Phase
[2026-06-17T09:57:17.833+0800][25.349s][info][gc,phases      ] GC(1017) Summary Phase 0.219ms
[2026-06-17T09:57:17.833+0800][25.349s][info][gc,phases,start] GC(1017) Adjust Roots
[2026-06-17T09:57:17.833+0800][25.349s][info][gc,phases      ] GC(1017) Adjust Roots 0.289ms
[2026-06-17T09:57:17.833+0800][25.349s][info][gc,phases,start] GC(1017) Compaction Phase
[2026-06-17T09:57:17.835+0800][25.351s][info][gc,phases      ] GC(1017) Compaction Phase 1.660ms
[2026-06-17T09:57:17.835+0800][25.351s][info][gc,phases,start] GC(1017) Post Compact
[2026-06-17T09:57:17.836+0800][25.352s][info][gc,phases      ] GC(1017) Post Compact 0.242ms
[2026-06-17T09:57:17.836+0800][25.352s][info][gc,heap        ] GC(1017) PSYoungGen: 8564K(14336K)->0K(14336K) Eden: 7125K(7168K)->0K(7168K) From: 1439K(7168K)->0K(7168K)
[2026-06-17T09:57:17.836+0800][25.352s][info][gc,heap        ] GC(1017) ParOldGen: 40219K(44032K)->29207K(44032K)
[2026-06-17T09:57:17.836+0800][25.352s][info][gc,metaspace   ] GC(1017) Metaspace: 152K(384K)->152K(384K) NonClass: 147K(256K)->147K(256K) Class: 4K(128K)->4K(128K)
[2026-06-17T09:57:17.836+0800][25.352s][info][gc             ] GC(1017) Pause Full (Ergonomics) 47M->28M(57M) 5.895ms
[2026-06-17T09:57:17.836+0800][25.352s][info][gc,cpu         ] GC(1017) User=0.01s Sys=0.00s Real=0.01s
[2026-06-17T09:57:17.847+0800][25.363s][info][gc,start       ] GC(1018) Pause Young (Allocation Failure)
[2026-06-17T09:57:17.848+0800][25.364s][info][gc,heap        ] GC(1018) PSYoungGen: 6966K(14336K)->3722K(14336K) Eden: 6966K(7168K)->0K(7168K) From: 0K(7168K)->3722K(7168K)
[2026-06-17T09:57:17.849+0800][25.365s][info][gc,heap        ] GC(1018) ParOldGen: 29207K(44032K)->29207K(44032K)
[2026-06-17T09:57:17.849+0800][25.365s][info][gc,metaspace   ] GC(1018) Metaspace: 152K(384K)->152K(384K) NonClass: 147K(256K)->147K(256K) Class: 4K(128K)->4K(128K)
[2026-06-17T09:57:17.849+0800][25.365s][info][gc             ] GC(1018) Pause Young (Allocation Failure) 35M->32M(57M) 1.598ms
[2026-06-17T09:57:17.849+0800][25.365s][info][gc,cpu         ] GC(1018) User=0.00s Sys=0.00s Real=0.00s
[2026-06-17T09:57:17.870+0800][25.386s][info][gc,start       ] GC(1019) Pause Young (Allocation Failure)
[2026-06-17T09:57:17.872+0800][25.388s][info][gc,heap        ] GC(1019) PSYoungGen: 10890K(14336K)->3537K(14848K) Eden: 7168K(7168K)->0K(7680K) From: 3722K(7168K)->3537K(7168K)
[2026-06-17T09:57:17.872+0800][25.388s][info][gc,heap        ] GC(1019) ParOldGen: 29207K(44032K)->32881K(44032K)
[2026-06-17T09:57:17.872+0800][25.388s][info][gc,metaspace   ] GC(1019) Metaspace: 152K(384K)->152K(384K) NonClass: 147K(256K)->147K(256K) Class: 4K(128K)->4K(128K)
[2026-06-17T09:57:17.872+0800][25.388s][info][gc             ] GC(1019) Pause Young (Allocation Failure) 39M->35M(57M) 2.099ms
[2026-06-17T09:57:17.873+0800][25.389s][info][gc,cpu         ] GC(1019) User=0.00s Sys=0.00s Real=0.01s
[2026-06-17T09:57:17.884+0800][25.400s][info][gc,start       ] GC(1020) Pause Young (Allocation Failure)
[2026-06-17T09:57:17.891+0800][25.407s][info][gc,heap        ] GC(1020) PSYoungGen: 11153K(14848K)->1802K(14336K) Eden: 7615K(7680K)->0K(7680K) From: 3537K(7168K)->1802K(6656K)
[2026-06-17T09:57:17.897+0800][25.413s][info][gc,heap        ] GC(1020) ParOldGen: 32881K(44032K)->34753K(44032K)
[2026-06-17T09:57:17.902+0800][25.418s][info][gc,metaspace   ] GC(1020) Metaspace: 152K(384K)->152K(384K) NonClass: 147K(256K)->147K(256K) Class: 4K(128K)->4K(128K)
[2026-06-17T09:57:17.904+0800][25.420s][info][gc             ] GC(1020) Pause Young (Allocation Failure) 43M->35M(57M) 20.042ms
[2026-06-17T09:57:17.904+0800][25.420s][info][gc,cpu         ] GC(1020) User=0.01s Sys=0.00s Real=0.02s
[2026-06-17T09:57:17.936+0800][25.452s][info][gc,start       ] GC(1021) Pause Young (Allocation Failure)
[2026-06-17T09:57:17.939+0800][25.455s][info][gc,heap        ] GC(1021) PSYoungGen: 9481K(14336K)->786K(14848K) Eden: 7679K(7680K)->0K(8192K) From: 1802K(6656K)->786K(6656K)
[2026-06-17T09:57:17.939+0800][25.455s][info][gc,heap        ] GC(1021) ParOldGen: 34753K(44032K)->36532K(44032K)
[2026-06-17T09:57:17.940+0800][25.456s][info][gc,metaspace   ] GC(1021) Metaspace: 152K(384K)->152K(384K) NonClass: 147K(256K)->147K(256K) Class: 4K(128K)->4K(128K)
[2026-06-17T09:57:17.940+0800][25.456s][info][gc             ] GC(1021) Pause Young (Allocation Failure) 43M->36M(57M) 3.668ms
[2026-06-17T09:57:17.941+0800][25.457s][info][gc,cpu         ] GC(1021) User=0.00s Sys=0.00s Real=0.00s
[2026-06-17T09:57:17.963+0800][25.479s][info][gc,start       ] GC(1022) Pause Young (Allocation Failure)
[2026-06-17T09:57:17.965+0800][25.481s][info][gc,heap        ] GC(1022) PSYoungGen: 8968K(14848K)->1837K(14848K) Eden: 8182K(8192K)->0K(8192K) From: 786K(6656K)->1837K(6656K)
[2026-06-17T09:57:17.965+0800][25.481s][info][gc,heap        ] GC(1022) ParOldGen: 36532K(44032K)->37137K(44032K)
[2026-06-17T09:57:17.965+0800][25.481s][info][gc,metaspace   ] GC(1022) Metaspace: 152K(384K)->152K(384K) NonClass: 147K(256K)->147K(256K) Class: 4K(128K)->4K(128K)
[2026-06-17T09:57:17.966+0800][25.482s][info][gc             ] GC(1022) Pause Young (Allocation Failure) 44M->38M(57M) 2.654ms
[2026-06-17T09:57:17.966+0800][25.482s][info][gc,cpu         ] GC(1022) User=0.00s Sys=0.00s Real=0.00s
[2026-06-17T09:57:17.978+0800][25.494s][info][gc,start       ] GC(1023) Pause Young (Allocation Failure)
[2026-06-17T09:57:17.980+0800][25.496s][info][gc,heap        ] GC(1023) PSYoungGen: 9954K(14848K)->1679K(14848K) Eden: 8117K(8192K)->0K(8192K) From: 1837K(6656K)->1679K(6656K)
[2026-06-17T09:57:17.981+0800][25.497s][info][gc,heap        ] GC(1023) ParOldGen: 37137K(44032K)->38614K(44032K)
[2026-06-17T09:57:17.983+0800][25.499s][info][gc,metaspace   ] GC(1023) Metaspace: 152K(384K)->152K(384K) NonClass: 147K(256K)->147K(256K) Class: 4K(128K)->4K(128K)
[2026-06-17T09:57:17.984+0800][25.500s][info][gc             ] GC(1023) Pause Young (Allocation Failure) 45M->39M(57M) 5.891ms
[2026-06-17T09:57:17.986+0800][25.502s][info][gc,cpu         ] GC(1023) User=0.00s Sys=0.00s Real=0.01s
[2026-06-17T09:57:18.009+0800][25.525s][info][gc,start       ] GC(1024) Pause Young (Allocation Failure)
[2026-06-17T09:57:18.025+0800][25.541s][info][gc,heap        ] GC(1024) PSYoungGen: 9860K(14848K)->4915K(13312K) Eden: 8181K(8192K)->0K(8192K) From: 1679K(6656K)->4915K(5120K)
[2026-06-17T09:57:18.026+0800][25.542s][info][gc,heap        ] GC(1024) ParOldGen: 38614K(44032K)->40269K(44032K)
[2026-06-17T09:57:18.026+0800][25.542s][info][gc,metaspace   ] GC(1024) Metaspace: 152K(384K)->152K(384K) NonClass: 147K(256K)->147K(256K) Class: 4K(128K)->4K(128K)
[2026-06-17T09:57:18.026+0800][25.542s][info][gc             ] GC(1024) Pause Young (Allocation Failure) 47M->44M(56M) 17.057ms
[2026-06-17T09:57:18.026+0800][25.542s][info][gc,cpu         ] GC(1024) User=0.00s Sys=0.00s Real=0.02s
[2026-06-17T09:57:18.048+0800][25.564s][info][gc,start       ] GC(1025) Pause Young (Allocation Failure)
[2026-06-17T09:57:18.049+0800][25.565s][info][gc,heap        ] GC(1025) PSYoungGen: 13100K(13312K)->4345K(14336K) Eden: 8185K(8192K)->0K(7168K) From: 4915K(5120K)->4345K(7168K)
[2026-06-17T09:57:18.050+0800][25.566s][info][gc,heap        ] GC(1025) ParOldGen: 40269K(44032K)->41830K(44032K)
[2026-06-17T09:57:18.050+0800][25.566s][info][gc,metaspace   ] GC(1025) Metaspace: 152K(384K)->152K(384K) NonClass: 147K(256K)->147K(256K) Class: 4K(128K)->4K(128K)
[2026-06-17T09:57:18.051+0800][25.567s][info][gc             ] GC(1025) Pause Young (Allocation Failure) 52M->45M(57M) 2.976ms
[2026-06-17T09:57:18.051+0800][25.567s][info][gc,cpu         ] GC(1025) User=0.01s Sys=0.01s Real=0.01s
[2026-06-17T09:57:18.073+0800][25.589s][info][gc,start       ] GC(1026) Pause Full (Ergonomics)
[2026-06-17T09:57:18.073+0800][25.589s][info][gc,phases,start] GC(1026) Marking Phase
[2026-06-17T09:57:18.075+0800][25.591s][info][gc,phases      ] GC(1026) Marking Phase 1.369ms
[2026-06-17T09:57:18.075+0800][25.591s][info][gc,phases,start] GC(1026) Summary Phase
[2026-06-17T09:57:18.075+0800][25.591s][info][gc,phases      ] GC(1026) Summary Phase 0.174ms
[2026-06-17T09:57:18.075+0800][25.591s][info][gc,phases,start] GC(1026) Adjust Roots
[2026-06-17T09:57:18.076+0800][25.592s][info][gc,phases      ] GC(1026) Adjust Roots 0.398ms
[2026-06-17T09:57:18.076+0800][25.592s][info][gc,phases,start] GC(1026) Compaction Phase
[2026-06-17T09:57:18.078+0800][25.594s][info][gc,phases      ] GC(1026) Compaction Phase 1.857ms
[2026-06-17T09:57:18.078+0800][25.594s][info][gc,phases,start] GC(1026) Post Compact
[2026-06-17T09:57:18.078+0800][25.594s][info][gc,phases      ] GC(1026) Post Compact 0.233ms
[2026-06-17T09:57:18.078+0800][25.594s][info][gc,heap        ] GC(1026) PSYoungGen: 11511K(14336K)->0K(14336K) Eden: 7166K(7168K)->0K(7168K) From: 4345K(7168K)->0K(7168K)
[2026-06-17T09:57:18.079+0800][25.595s][info][gc,heap        ] GC(1026) ParOldGen: 41830K(44032K)->32738K(44032K)
[2026-06-17T09:57:18.079+0800][25.595s][info][gc,metaspace   ] GC(1026) Metaspace: 152K(384K)->152K(384K) NonClass: 147K(256K)->147K(256K) Class: 4K(128K)->4K(128K)
[2026-06-17T09:57:18.079+0800][25.595s][info][gc             ] GC(1026) Pause Full (Ergonomics) 52M->31M(57M) 6.193ms
[2026-06-17T09:57:18.079+0800][25.595s][info][gc,cpu         ] GC(1026) User=0.00s Sys=0.00s Real=0.00s
[2026-06-17T09:57:18.100+0800][25.616s][info][gc,start       ] GC(1027) Pause Young (Allocation Failure)
[2026-06-17T09:57:18.101+0800][25.617s][info][gc,heap        ] GC(1027) PSYoungGen: 7157K(14336K)->3720K(14336K) Eden: 7157K(7168K)->0K(7168K) From: 0K(7168K)->3720K(7168K)
[2026-06-17T09:57:18.101+0800][25.617s][info][gc,heap        ] GC(1027) ParOldGen: 32738K(44032K)->32738K(44032K)
[2026-06-17T09:57:18.102+0800][25.618s][info][gc,metaspace   ] GC(1027) Metaspace: 152K(384K)->152K(384K) NonClass: 147K(256K)->147K(256K) Class: 4K(128K)->4K(128K)
[2026-06-17T09:57:18.102+0800][25.618s][info][gc             ] GC(1027) Pause Young (Allocation Failure) 38M->35M(57M) 1.567ms
[2026-06-17T09:57:18.102+0800][25.618s][info][gc,cpu         ] GC(1027) User=0.00s Sys=0.00s Real=0.00s
[2026-06-17T09:57:18.113+0800][25.629s][info][gc,start       ] GC(1028) Pause Young (Allocation Failure)
[2026-06-17T09:57:18.114+0800][25.630s][info][gc,heap        ] GC(1028) PSYoungGen: 10879K(14336K)->1369K(14336K) Eden: 7158K(7168K)->0K(7168K) From: 3720K(7168K)->1369K(7168K)
[2026-06-17T09:57:18.115+0800][25.631s][info][gc,heap        ] GC(1028) ParOldGen: 32738K(44032K)->35725K(44032K)
[2026-06-17T09:57:18.115+0800][25.631s][info][gc,metaspace   ] GC(1028) Metaspace: 152K(384K)->152K(384K) NonClass: 147K(256K)->147K(256K) Class: 4K(128K)->4K(128K)
[2026-06-17T09:57:18.115+0800][25.631s][info][gc             ] GC(1028) Pause Young (Allocation Failure) 42M->36M(57M) 1.614ms
[2026-06-17T09:57:18.115+0800][25.631s][info][gc,cpu         ] GC(1028) User=0.00s Sys=0.00s Real=0.00s
[2026-06-17T09:57:18.136+0800][25.652s][info][gc,start       ] GC(1029) Pause Young (Allocation Failure)
[2026-06-17T09:57:18.137+0800][25.653s][info][gc,heap        ] GC(1029) PSYoungGen: 8525K(14336K)->3663K(14848K) Eden: 7156K(7168K)->0K(8192K) From: 1369K(7168K)->3663K(6656K)
[2026-06-17T09:57:18.137+0800][25.653s][info][gc,heap        ] GC(1029) ParOldGen: 35725K(44032K)->37070K(44032K)
[2026-06-17T09:57:18.138+0800][25.654s][info][gc,metaspace   ] GC(1029) Metaspace: 152K(384K)->152K(384K) NonClass: 147K(256K)->147K(256K) Class: 4K(128K)->4K(128K)
[2026-06-17T09:57:18.138+0800][25.654s][info][gc             ] GC(1029) Pause Young (Allocation Failure) 43M->39M(57M) 1.287ms
[2026-06-17T09:57:18.138+0800][25.654s][info][gc,cpu         ] GC(1029) User=0.00s Sys=0.00s Real=0.00s
[2026-06-17T09:57:18.159+0800][25.675s][info][gc,start       ] GC(1030) Pause Young (Allocation Failure)
[2026-06-17T09:57:18.160+0800][25.676s][info][gc,heap        ] GC(1030) PSYoungGen: 11852K(14848K)->4013K(14848K) Eden: 8189K(8192K)->0K(8192K) From: 3663K(6656K)->4013K(6656K)
[2026-06-17T09:57:18.160+0800][25.676s][info][gc,heap        ] GC(1030) ParOldGen: 37070K(44032K)->37767K(44032K)
[2026-06-17T09:57:18.160+0800][25.676s][info][gc,metaspace   ] GC(1030) Metaspace: 152K(384K)->152K(384K) NonClass: 147K(256K)->147K(256K) Class: 4K(128K)->4K(128K)
[2026-06-17T09:57:18.160+0800][25.676s][info][gc             ] GC(1030) Pause Young (Allocation Failure) 47M->40M(57M) 1.428ms
[2026-06-17T09:57:18.160+0800][25.676s][info][gc,cpu         ] GC(1030) User=0.00s Sys=0.00s Real=0.00s
[2026-06-17T09:57:18.182+0800][25.698s][info][gc,start       ] GC(1031) Pause Young (Allocation Failure)
[2026-06-17T09:57:18.183+0800][25.699s][info][gc,heap        ] GC(1031) PSYoungGen: 12123K(14848K)->271K(13824K) Eden: 8109K(8192K)->0K(7168K) From: 4013K(6656K)->271K(6656K)
[2026-06-17T09:57:18.183+0800][25.699s][info][gc,heap        ] GC(1031) ParOldGen: 37767K(44032K)->39641K(44032K)
[2026-06-17T09:57:18.183+0800][25.699s][info][gc,metaspace   ] GC(1031) Metaspace: 152K(384K)->152K(384K) NonClass: 147K(256K)->147K(256K) Class: 4K(128K)->4K(128K)
[2026-06-17T09:57:18.183+0800][25.699s][info][gc             ] GC(1031) Pause Young (Allocation Failure) 48M->38M(56M) 1.670ms
[2026-06-17T09:57:18.183+0800][25.699s][info][gc,cpu         ] GC(1031) User=0.00s Sys=0.00s Real=0.01s
[2026-06-17T09:57:18.204+0800][25.720s][info][gc,start       ] GC(1032) Pause Young (Allocation Failure)
[2026-06-17T09:57:18.206+0800][25.722s][info][gc,heap        ] GC(1032) PSYoungGen: 7419K(13824K)->3990K(14336K) Eden: 7148K(7168K)->0K(7168K) From: 271K(6656K)->3990K(7168K)
[2026-06-17T09:57:18.207+0800][25.723s][info][gc,heap        ] GC(1032) ParOldGen: 39641K(44032K)->39888K(44032K)
[2026-06-17T09:57:18.207+0800][25.723s][info][gc,metaspace   ] GC(1032) Metaspace: 152K(384K)->152K(384K) NonClass: 147K(256K)->147K(256K) Class: 4K(128K)->4K(128K)
[2026-06-17T09:57:18.207+0800][25.723s][info][gc             ] GC(1032) Pause Young (Allocation Failure) 45M->42M(57M) 2.578ms
[2026-06-17T09:57:18.207+0800][25.723s][info][gc,cpu         ] GC(1032) User=0.00s Sys=0.00s Real=0.00s
[2026-06-17T09:57:18.218+0800][25.734s][info][gc,start       ] GC(1033) Pause Young (Allocation Failure)
[2026-06-17T09:57:18.219+0800][25.735s][info][gc,heap        ] GC(1033) PSYoungGen: 10897K(14336K)->652K(14336K) Eden: 6907K(7168K)->0K(7168K) From: 3990K(7168K)->652K(7168K)
[2026-06-17T09:57:18.219+0800][25.735s][info][gc,heap        ] GC(1033) ParOldGen: 39888K(44032K)->43089K(44032K)
[2026-06-17T09:57:18.220+0800][25.736s][info][gc,metaspace   ] GC(1033) Metaspace: 152K(384K)->152K(384K) NonClass: 147K(256K)->147K(256K) Class: 4K(128K)->4K(128K)
[2026-06-17T09:57:18.220+0800][25.736s][info][gc             ] GC(1033) Pause Young (Allocation Failure) 49M->42M(57M) 1.327ms
[2026-06-17T09:57:18.220+0800][25.736s][info][gc,cpu         ] GC(1033) User=0.00s Sys=0.00s Real=0.00s
[2026-06-17T09:57:18.241+0800][25.757s][info][gc,start       ] GC(1034) Pause Full (Ergonomics)
[2026-06-17T09:57:18.241+0800][25.757s][info][gc,phases,start] GC(1034) Marking Phase
[2026-06-17T09:57:18.242+0800][25.758s][info][gc,phases      ] GC(1034) Marking Phase 0.957ms
[2026-06-17T09:57:18.242+0800][25.758s][info][gc,phases,start] GC(1034) Summary Phase
[2026-06-17T09:57:18.243+0800][25.759s][info][gc,phases      ] GC(1034) Summary Phase 0.262ms
[2026-06-17T09:57:18.243+0800][25.759s][info][gc,phases,start] GC(1034) Adjust Roots
[2026-06-17T09:57:18.243+0800][25.759s][info][gc,phases      ] GC(1034) Adjust Roots 0.447ms
[2026-06-17T09:57:18.243+0800][25.759s][info][gc,phases,start] GC(1034) Compaction Phase
[2026-06-17T09:57:18.246+0800][25.762s][info][gc,phases      ] GC(1034) Compaction Phase 2.132ms
[2026-06-17T09:57:18.246+0800][25.762s][info][gc,phases,start] GC(1034) Post Compact
[2026-06-17T09:57:18.246+0800][25.762s][info][gc,phases      ] GC(1034) Post Compact 0.242ms
[2026-06-17T09:57:18.246+0800][25.762s][info][gc,heap        ] GC(1034) PSYoungGen: 7820K(14336K)->0K(14336K) Eden: 7168K(7168K)->0K(7168K) From: 652K(7168K)->0K(7168K)
[2026-06-17T09:57:18.246+0800][25.762s][info][gc,heap        ] GC(1034) ParOldGen: 43089K(44032K)->29189K(44032K)
[2026-06-17T09:57:18.246+0800][25.762s][info][gc,metaspace   ] GC(1034) Metaspace: 152K(384K)->152K(384K) NonClass: 147K(256K)->147K(256K) Class: 4K(128K)->4K(128K)
[2026-06-17T09:57:18.246+0800][25.762s][info][gc             ] GC(1034) Pause Full (Ergonomics) 49M->28M(57M) 5.480ms
[2026-06-17T09:57:18.246+0800][25.762s][info][gc,cpu         ] GC(1034) User=0.00s Sys=0.00s Real=0.01s
[2026-06-17T09:57:18.267+0800][25.783s][info][gc,start       ] GC(1035) Pause Young (Allocation Failure)
[2026-06-17T09:57:18.268+0800][25.784s][info][gc,heap        ] GC(1035) PSYoungGen: 7153K(14336K)->3803K(14336K) Eden: 7153K(7168K)->0K(7168K) From: 0K(7168K)->3803K(7168K)
[2026-06-17T09:57:18.269+0800][25.785s][info][gc,heap        ] GC(1035) ParOldGen: 29189K(44032K)->29189K(44032K)
[2026-06-17T09:57:18.269+0800][25.785s][info][gc,metaspace   ] GC(1035) Metaspace: 152K(384K)->152K(384K) NonClass: 147K(256K)->147K(256K) Class: 4K(128K)->4K(128K)
[2026-06-17T09:57:18.269+0800][25.785s][info][gc             ] GC(1035) Pause Young (Allocation Failure) 35M->32M(57M) 1.758ms
[2026-06-17T09:57:18.269+0800][25.785s][info][gc,cpu         ] GC(1035) User=0.00s Sys=0.00s Real=0.00s
[2026-06-17T09:57:18.290+0800][25.806s][info][gc,start       ] GC(1036) Pause Young (Allocation Failure)
[2026-06-17T09:57:18.291+0800][25.807s][info][gc,heap        ] GC(1036) PSYoungGen: 10931K(14336K)->1403K(14336K) Eden: 7127K(7168K)->0K(7168K) From: 3803K(7168K)->1403K(7168K)
[2026-06-17T09:57:18.292+0800][25.808s][info][gc,heap        ] GC(1036) ParOldGen: 29189K(44032K)->32076K(44032K)
[2026-06-17T09:57:18.292+0800][25.808s][info][gc,metaspace   ] GC(1036) Metaspace: 152K(384K)->152K(384K) NonClass: 147K(256K)->147K(256K) Class: 4K(128K)->4K(128K)
[2026-06-17T09:57:18.292+0800][25.808s][info][gc             ] GC(1036) Pause Young (Allocation Failure) 39M->32M(57M) 1.876ms
[2026-06-17T09:57:18.292+0800][25.808s][info][gc,cpu         ] GC(1036) User=0.00s Sys=0.00s Real=0.01s
[2026-06-17T09:57:18.303+0800][25.819s][info][gc,start       ] GC(1037) Pause Young (Allocation Failure)
[2026-06-17T09:57:18.304+0800][25.820s][info][gc,heap        ] GC(1037) PSYoungGen: 8559K(14336K)->5002K(13824K) Eden: 7155K(7168K)->0K(7168K) From: 1403K(7168K)->5002K(6656K)
[2026-06-17T09:57:18.304+0800][25.820s][info][gc,heap        ] GC(1037) ParOldGen: 32076K(44032K)->32076K(44032K)
[2026-06-17T09:57:18.304+0800][25.820s][info][gc,metaspace   ] GC(1037) Metaspace: 152K(384K)->152K(384K) NonClass: 147K(256K)->147K(256K) Class: 4K(128K)->4K(128K)
[2026-06-17T09:57:18.305+0800][25.821s][info][gc             ] GC(1037) Pause Young (Allocation Failure) 39M->36M(56M) 1.427ms
[2026-06-17T09:57:18.305+0800][25.821s][info][gc,cpu         ] GC(1037) User=0.00s Sys=0.00s Real=0.00s
[2026-06-17T09:57:18.326+0800][25.842s][info][gc,start       ] GC(1038) Pause Young (Allocation Failure)
[2026-06-17T09:57:18.327+0800][25.843s][info][gc,heap        ] GC(1038) PSYoungGen: 12136K(13824K)->2619K(14336K) Eden: 7134K(7168K)->0K(7168K) From: 5002K(6656K)->2619K(7168K)
[2026-06-17T09:57:18.327+0800][25.843s][info][gc,heap        ] GC(1038) ParOldGen: 32076K(44032K)->34139K(44032K)
[2026-06-17T09:57:18.327+0800][25.843s][info][gc,metaspace   ] GC(1038) Metaspace: 152K(384K)->152K(384K) NonClass: 147K(256K)->147K(256K) Class: 4K(128K)->4K(128K)
[2026-06-17T09:57:18.327+0800][25.843s][info][gc             ] GC(1038) Pause Young (Allocation Failure) 43M->35M(57M) 1.506ms
[2026-06-17T09:57:18.328+0800][25.844s][info][gc,cpu         ] GC(1038) User=0.01s Sys=0.00s Real=0.00s
[2026-06-17T09:57:18.349+0800][25.865s][info][gc,start       ] GC(1039) Pause Young (Allocation Failure)
[2026-06-17T09:57:18.350+0800][25.866s][info][gc,heap        ] GC(1039) PSYoungGen: 9756K(14336K)->2981K(14848K) Eden: 7136K(7168K)->0K(7680K) From: 2619K(7168K)->2981K(7168K)
[2026-06-17T09:57:18.351+0800][25.867s][info][gc,heap        ] GC(1039) ParOldGen: 34139K(44032K)->34139K(44032K)
[2026-06-17T09:57:18.351+0800][25.867s][info][gc,metaspace   ] GC(1039) Metaspace: 152K(384K)->152K(384K) NonClass: 147K(256K)->147K(256K) Class: 4K(128K)->4K(128K)
[2026-06-17T09:57:18.351+0800][25.867s][info][gc             ] GC(1039) Pause Young (Allocation Failure) 42M->36M(57M) 1.859ms
[2026-06-17T09:57:18.352+0800][25.868s][info][gc,cpu         ] GC(1039) User=0.00s Sys=0.00s Real=0.01s
[2026-06-17T09:57:18.363+0800][25.879s][info][gc,start       ] GC(1040) Pause Young (Allocation Failure)
[2026-06-17T09:57:18.367+0800][25.883s][info][gc,heap        ] GC(1040) PSYoungGen: 10656K(14848K)->1625K(14336K) Eden: 7675K(7680K)->0K(7680K) From: 2981K(7168K)->1625K(6656K)
[2026-06-17T09:57:18.368+0800][25.884s][info][gc,heap        ] GC(1040) ParOldGen: 34139K(44032K)->36105K(44032K)
[2026-06-17T09:57:18.368+0800][25.884s][info][gc,metaspace   ] GC(1040) Metaspace: 152K(384K)->152K(384K) NonClass: 147K(256K)->147K(256K) Class: 4K(128K)->4K(128K)
[2026-06-17T09:57:18.369+0800][25.885s][info][gc             ] GC(1040) Pause Young (Allocation Failure) 43M->36M(57M) 5.828ms
[2026-06-17T09:57:18.369+0800][25.885s][info][gc,cpu         ] GC(1040) User=0.00s Sys=0.00s Real=0.00s
[2026-06-17T09:57:18.401+0800][25.917s][info][gc,start       ] GC(1041) Pause Young (Allocation Failure)
[2026-06-17T09:57:18.403+0800][25.919s][info][gc,heap        ] GC(1041) PSYoungGen: 9283K(14336K)->920K(14848K) Eden: 7658K(7680K)->0K(8192K) From: 1625K(6656K)->920K(6656K)
[2026-06-17T09:57:18.403+0800][25.919s][info][gc,heap        ] GC(1041) ParOldGen: 36105K(44032K)->37706K(44032K)
[2026-06-17T09:57:18.404+0800][25.920s][info][gc,metaspace   ] GC(1041) Metaspace: 152K(384K)->152K(384K) NonClass: 147K(256K)->147K(256K) Class: 4K(128K)->4K(128K)
[2026-06-17T09:57:18.404+0800][25.920s][info][gc             ] GC(1041) Pause Young (Allocation Failure) 44M->37M(57M) 2.966ms
[2026-06-17T09:57:18.405+0800][25.921s][info][gc,cpu         ] GC(1041) User=0.00s Sys=0.00s Real=0.01s
[2026-06-17T09:57:18.417+0800][25.933s][info][gc,start       ] GC(1042) Pause Young (Allocation Failure)
[2026-06-17T09:57:18.419+0800][25.935s][info][gc,heap        ] GC(1042) PSYoungGen: 9097K(14848K)->5350K(13824K) Eden: 8177K(8192K)->0K(8192K) From: 920K(6656K)->5350K(5632K)
[2026-06-17T09:57:18.419+0800][25.935s][info][gc,heap        ] GC(1042) ParOldGen: 37706K(44032K)->37939K(44032K)
[2026-06-17T09:57:18.420+0800][25.936s][info][gc,metaspace   ] GC(1042) Metaspace: 152K(384K)->152K(384K) NonClass: 147K(256K)->147K(256K) Class: 4K(128K)->4K(128K)
[2026-06-17T09:57:18.420+0800][25.936s][info][gc             ] GC(1042) Pause Young (Allocation Failure) 45M->42M(56M) 3.557ms
[2026-06-17T09:57:18.421+0800][25.937s][info][gc,cpu         ] GC(1042) User=0.01s Sys=0.00s Real=0.00s
[2026-06-17T09:57:18.443+0800][25.959s][info][gc,start       ] GC(1043) Pause Young (Allocation Failure)
[2026-06-17T09:57:18.445+0800][25.961s][info][gc,heap        ] GC(1043) PSYoungGen: 13504K(13824K)->3102K(14848K) Eden: 8153K(8192K)->0K(7680K) From: 5350K(5632K)->3102K(7168K)
[2026-06-17T09:57:18.445+0800][25.961s][info][gc,heap        ] GC(1043) ParOldGen: 37939K(44032K)->41227K(44032K)
[2026-06-17T09:57:18.446+0800][25.962s][info][gc,metaspace   ] GC(1043) Metaspace: 152K(384K)->152K(384K) NonClass: 147K(256K)->147K(256K) Class: 4K(128K)->4K(128K)
[2026-06-17T09:57:18.446+0800][25.962s][info][gc             ] GC(1043) Pause Young (Allocation Failure) 50M->43M(57M) 3.767ms
[2026-06-17T09:57:18.447+0800][25.963s][info][gc,cpu         ] GC(1043) User=0.00s Sys=0.00s Real=0.00s
[2026-06-17T09:57:18.469+0800][25.985s][info][gc,start       ] GC(1044) Pause Full (Ergonomics)
[2026-06-17T09:57:18.470+0800][25.986s][info][gc,phases,start] GC(1044) Marking Phase
[2026-06-17T09:57:18.472+0800][25.988s][info][gc,phases      ] GC(1044) Marking Phase 1.956ms
[2026-06-17T09:57:18.472+0800][25.988s][info][gc,phases,start] GC(1044) Summary Phase
[2026-06-17T09:57:18.473+0800][25.989s][info][gc,phases      ] GC(1044) Summary Phase 0.392ms
[2026-06-17T09:57:18.473+0800][25.989s][info][gc,phases,start] GC(1044) Adjust Roots
[2026-06-17T09:57:18.474+0800][25.990s][info][gc,phases      ] GC(1044) Adjust Roots 0.581ms
[2026-06-17T09:57:18.474+0800][25.990s][info][gc,phases,start] GC(1044) Compaction Phase
[2026-06-17T09:57:18.476+0800][25.992s][info][gc,phases      ] GC(1044) Compaction Phase 1.659ms
[2026-06-17T09:57:18.476+0800][25.992s][info][gc,phases,start] GC(1044) Post Compact
[2026-06-17T09:57:18.476+0800][25.992s][info][gc,phases      ] GC(1044) Post Compact 0.307ms
[2026-06-17T09:57:18.476+0800][25.992s][info][gc,heap        ] GC(1044) PSYoungGen: 10763K(14848K)->0K(14336K) Eden: 7661K(7680K)->0K(7680K) From: 3102K(7168K)->0K(6656K)
[2026-06-17T09:57:18.477+0800][25.993s][info][gc,heap        ] GC(1044) ParOldGen: 41227K(44032K)->22303K(44032K)
[2026-06-17T09:57:18.477+0800][25.993s][info][gc,metaspace   ] GC(1044) Metaspace: 152K(384K)->152K(384K) NonClass: 147K(256K)->147K(256K) Class: 4K(128K)->4K(128K)
[2026-06-17T09:57:18.477+0800][25.993s][info][gc             ] GC(1044) Pause Full (Ergonomics) 50M->21M(57M) 7.665ms
[2026-06-17T09:57:18.477+0800][25.993s][info][gc,cpu         ] GC(1044) User=0.01s Sys=0.00s Real=0.01s
[2026-06-17T09:57:18.499+0800][26.015s][info][gc,start       ] GC(1045) Pause Young (Allocation Failure)
[2026-06-17T09:57:18.500+0800][26.016s][info][gc,heap        ] GC(1045) PSYoungGen: 7673K(14336K)->4073K(14848K) Eden: 7673K(7680K)->0K(8192K) From: 0K(6656K)->4073K(6656K)
[2026-06-17T09:57:18.501+0800][26.017s][info][gc,heap        ] GC(1045) ParOldGen: 22303K(44032K)->22303K(44032K)
[2026-06-17T09:57:18.501+0800][26.017s][info][gc,metaspace   ] GC(1045) Metaspace: 152K(384K)->152K(384K) NonClass: 147K(256K)->147K(256K) Class: 4K(128K)->4K(128K)
[2026-06-17T09:57:18.502+0800][26.018s][info][gc             ] GC(1045) Pause Young (Allocation Failure) 29M->25M(57M) 3.821ms
[2026-06-17T09:57:18.503+0800][26.019s][info][gc,cpu         ] GC(1045) User=0.00s Sys=0.01s Real=0.01s
[2026-06-17T09:57:18.525+0800][26.041s][info][gc,start       ] GC(1046) Pause Young (Allocation Failure)
[2026-06-17T09:57:18.527+0800][26.043s][info][gc,heap        ] GC(1046) PSYoungGen: 12227K(14848K)->1828K(14848K) Eden: 8154K(8192K)->0K(8192K) From: 4073K(6656K)->1828K(6656K)
[2026-06-17T09:57:18.527+0800][26.043s][info][gc,heap        ] GC(1046) ParOldGen: 22303K(44032K)->25921K(44032K)
[2026-06-17T09:57:18.528+0800][26.044s][info][gc,metaspace   ] GC(1046) Metaspace: 152K(384K)->152K(384K) NonClass: 147K(256K)->147K(256K) Class: 4K(128K)->4K(128K)
[2026-06-17T09:57:18.528+0800][26.044s][info][gc             ] GC(1046) Pause Young (Allocation Failure) 33M->27M(57M) 2.826ms
[2026-06-17T09:57:18.528+0800][26.044s][info][gc,cpu         ] GC(1046) User=0.00s Sys=0.00s Real=0.00s
[2026-06-17T09:57:18.550+0800][26.066s][info][gc,start       ] GC(1047) Pause Young (Allocation Failure)
[2026-06-17T09:57:18.552+0800][26.068s][info][gc,heap        ] GC(1047) PSYoungGen: 9987K(14848K)->2810K(15360K) Eden: 8159K(8192K)->0K(8704K) From: 1828K(6656K)->2810K(6656K)
[2026-06-17T09:57:18.553+0800][26.069s][info][gc,heap        ] GC(1047) ParOldGen: 25921K(44032K)->25921K(44032K)
[2026-06-17T09:57:18.554+0800][26.070s][info][gc,metaspace   ] GC(1047) Metaspace: 152K(384K)->152K(384K) NonClass: 147K(256K)->147K(256K) Class: 4K(128K)->4K(128K)
[2026-06-17T09:57:18.555+0800][26.071s][info][gc             ] GC(1047) Pause Young (Allocation Failure) 35M->28M(58M) 4.674ms
[2026-06-17T09:57:18.556+0800][26.072s][info][gc,cpu         ] GC(1047) User=0.00s Sys=0.00s Real=0.01s
[2026-06-17T09:57:18.578+0800][26.094s][info][gc,start       ] GC(1048) Pause Young (Allocation Failure)
[2026-06-17T09:57:18.580+0800][26.096s][info][gc,heap        ] GC(1048) PSYoungGen: 11514K(15360K)->2376K(14848K) Eden: 8704K(8704K)->0K(8704K) From: 2810K(6656K)->2376K(6144K)
[2026-06-17T09:57:18.582+0800][26.098s][info][gc,heap        ] GC(1048) ParOldGen: 25921K(44032K)->28066K(44032K)
[2026-06-17T09:57:18.583+0800][26.099s][info][gc,metaspace   ] GC(1048) Metaspace: 152K(384K)->152K(384K) NonClass: 147K(256K)->147K(256K) Class: 4K(128K)->4K(128K)
[2026-06-17T09:57:18.584+0800][26.100s][info][gc             ] GC(1048) Pause Young (Allocation Failure) 36M->29M(57M) 6.003ms
[2026-06-17T09:57:18.585+0800][26.101s][info][gc,cpu         ] GC(1048) User=0.00s Sys=0.00s Real=0.01s
[2026-06-17T09:57:18.609+0800][26.126s][info][gc,start       ] GC(1049) Pause Young (Allocation Failure)
[2026-06-17T09:57:18.612+0800][26.128s][info][gc,heap        ] GC(1049) PSYoungGen: 11076K(14848K)->1702K(15360K) Eden: 8700K(8704K)->0K(9216K) From: 2376K(6144K)->1702K(6144K)
[2026-06-17T09:57:18.613+0800][26.129s][info][gc,heap        ] GC(1049) ParOldGen: 28066K(44032K)->30386K(44032K)
[2026-06-17T09:57:18.614+0800][26.130s][info][gc,metaspace   ] GC(1049) Metaspace: 152K(384K)->152K(384K) NonClass: 147K(256K)->147K(256K) Class: 4K(128K)->4K(128K)
[2026-06-17T09:57:18.616+0800][26.132s][info][gc             ] GC(1049) Pause Young (Allocation Failure) 38M->31M(58M) 6.084ms
[2026-06-17T09:57:18.616+0800][26.132s][info][gc,cpu         ] GC(1049) User=0.00s Sys=0.00s Real=0.01s
[2026-06-17T09:57:18.640+0800][26.156s][info][gc,start       ] GC(1050) Pause Young (Allocation Failure)
[2026-06-17T09:57:18.641+0800][26.157s][info][gc,heap        ] GC(1050) PSYoungGen: 10905K(15360K)->4008K(15360K) Eden: 9202K(9216K)->0K(9216K) From: 1702K(6144K)->4008K(6144K)
[2026-06-17T09:57:18.642+0800][26.158s][info][gc,heap        ] GC(1050) ParOldGen: 30386K(44032K)->30386K(44032K)
[2026-06-17T09:57:18.642+0800][26.158s][info][gc,metaspace   ] GC(1050) Metaspace: 152K(384K)->152K(384K) NonClass: 147K(256K)->147K(256K) Class: 4K(128K)->4K(128K)
[2026-06-17T09:57:18.642+0800][26.158s][info][gc             ] GC(1050) Pause Young (Allocation Failure) 40M->33M(58M) 2.644ms
[2026-06-17T09:57:18.643+0800][26.159s][info][gc,cpu         ] GC(1050) User=0.00s Sys=0.00s Real=0.01s
[2026-06-17T09:57:18.664+0800][26.180s][info][gc,start       ] GC(1051) Pause Young (Allocation Failure)
[2026-06-17T09:57:18.666+0800][26.182s][info][gc,heap        ] GC(1051) PSYoungGen: 13224K(15360K)->4359K(14336K) Eden: 9215K(9216K)->0K(8192K) From: 4008K(6144K)->4359K(6144K)
[2026-06-17T09:57:18.667+0800][26.183s][info][gc,heap        ] GC(1051) ParOldGen: 30386K(44032K)->32291K(44032K)
[2026-06-17T09:57:18.667+0800][26.183s][info][gc,metaspace   ] GC(1051) Metaspace: 152K(384K)->152K(384K) NonClass: 147K(256K)->147K(256K) Class: 4K(128K)->4K(128K)
[2026-06-17T09:57:18.668+0800][26.184s][info][gc             ] GC(1051) Pause Young (Allocation Failure) 42M->35M(57M) 3.544ms
[2026-06-17T09:57:18.668+0800][26.184s][info][gc,cpu         ] GC(1051) User=0.01s Sys=0.00s Real=0.00s
[2026-06-17T09:57:18.690+0800][26.206s][info][gc,start       ] GC(1052) Pause Young (Allocation Failure)
[2026-06-17T09:57:18.691+0800][26.207s][info][gc,heap        ] GC(1052) PSYoungGen: 12551K(14336K)->2284K(14848K) Eden: 8192K(8192K)->0K(8192K) From: 4359K(6144K)->2284K(6656K)
[2026-06-17T09:57:18.692+0800][26.208s][info][gc,heap        ] GC(1052) ParOldGen: 32291K(44032K)->35502K(44032K)
[2026-06-17T09:57:18.693+0800][26.209s][info][gc,metaspace   ] GC(1052) Metaspace: 152K(384K)->152K(384K) NonClass: 147K(256K)->147K(256K) Class: 4K(128K)->4K(128K)
[2026-06-17T09:57:18.694+0800][26.210s][info][gc             ] GC(1052) Pause Young (Allocation Failure) 43M->36M(57M) 4.515ms
[2026-06-17T09:57:18.695+0800][26.211s][info][gc,cpu         ] GC(1052) User=0.00s Sys=0.00s Real=0.01s
[2026-06-17T09:57:18.718+0800][26.234s][info][gc,start       ] GC(1053) Pause Young (Allocation Failure)
[2026-06-17T09:57:18.720+0800][26.236s][info][gc,heap        ] GC(1053) PSYoungGen: 10460K(14848K)->3265K(15360K) Eden: 8175K(8192K)->0K(9216K) From: 2284K(6656K)->3265K(6144K)
[2026-06-17T09:57:18.721+0800][26.237s][info][gc,heap        ] GC(1053) ParOldGen: 35502K(44032K)->35502K(44032K)
[2026-06-17T09:57:18.722+0800][26.238s][info][gc,metaspace   ] GC(1053) Metaspace: 152K(384K)->152K(384K) NonClass: 147K(256K)->147K(256K) Class: 4K(128K)->4K(128K)
[2026-06-17T09:57:18.722+0800][26.238s][info][gc             ] GC(1053) Pause Young (Allocation Failure) 44M->37M(58M) 4.122ms
[2026-06-17T09:57:18.723+0800][26.239s][info][gc,cpu         ] GC(1053) User=0.00s Sys=0.00s Real=0.01s
[2026-06-17T09:57:18.745+0800][26.261s][info][gc,start       ] GC(1054) Pause Young (Allocation Failure)
[2026-06-17T09:57:18.746+0800][26.262s][info][gc,heap        ] GC(1054) PSYoungGen: 12461K(15360K)->3485K(15360K) Eden: 9195K(9216K)->0K(9216K) From: 3265K(6144K)->3485K(6144K)
[2026-06-17T09:57:18.747+0800][26.263s][info][gc,heap        ] GC(1054) ParOldGen: 35502K(44032K)->37602K(44032K)
[2026-06-17T09:57:18.747+0800][26.263s][info][gc,metaspace   ] GC(1054) Metaspace: 152K(384K)->152K(384K) NonClass: 147K(256K)->147K(256K) Class: 4K(128K)->4K(128K)
[2026-06-17T09:57:18.748+0800][26.264s][info][gc             ] GC(1054) Pause Young (Allocation Failure) 46M->40M(58M) 3.378ms
[2026-06-17T09:57:18.748+0800][26.264s][info][gc,cpu         ] GC(1054) User=0.00s Sys=0.00s Real=0.00s
[2026-06-17T09:57:18.771+0800][26.287s][info][gc,start       ] GC(1055) Pause Young (Allocation Failure)
[2026-06-17T09:57:18.773+0800][26.289s][info][gc,heap        ] GC(1055) PSYoungGen: 12529K(15360K)->272K(15360K) Eden: 9044K(9216K)->0K(9216K) From: 3485K(6144K)->272K(6144K)
[2026-06-17T09:57:18.774+0800][26.290s][info][gc,heap        ] GC(1055) ParOldGen: 37602K(44032K)->39256K(44032K)
[2026-06-17T09:57:18.775+0800][26.291s][info][gc,metaspace   ] GC(1055) Metaspace: 152K(384K)->152K(384K) NonClass: 147K(256K)->147K(256K) Class: 4K(128K)->4K(128K)
[2026-06-17T09:57:18.776+0800][26.292s][info][gc             ] GC(1055) Pause Young (Allocation Failure) 48M->38M(58M) 5.114ms
[2026-06-17T09:57:18.777+0800][26.293s][info][gc,cpu         ] GC(1055) User=0.00s Sys=0.00s Real=0.00s
[2026-06-17T09:57:18.809+0800][26.325s][info][gc,start       ] GC(1056) Pause Young (Allocation Failure)
[2026-06-17T09:57:18.813+0800][26.329s][info][gc,heap        ] GC(1056) PSYoungGen: 9487K(15360K)->1964K(15360K) Eden: 9215K(9216K)->0K(9216K) From: 272K(6144K)->1964K(6144K)
[2026-06-17T09:57:18.815+0800][26.331s][info][gc,heap        ] GC(1056) ParOldGen: 39256K(44032K)->39504K(44032K)
[2026-06-17T09:57:18.816+0800][26.332s][info][gc,metaspace   ] GC(1056) Metaspace: 152K(384K)->152K(384K) NonClass: 147K(256K)->147K(256K) Class: 4K(128K)->4K(128K)
[2026-06-17T09:57:18.817+0800][26.333s][info][gc             ] GC(1056) Pause Young (Allocation Failure) 47M->40M(58M) 7.562ms
[2026-06-17T09:57:18.817+0800][26.333s][info][gc,cpu         ] GC(1056) User=0.00s Sys=0.00s Real=0.01s
[2026-06-17T09:57:18.849+0800][26.365s][info][gc,start       ] GC(1057) Pause Young (Allocation Failure)
[2026-06-17T09:57:18.850+0800][26.366s][info][gc,heap        ] GC(1057) PSYoungGen: 11171K(15360K)->2628K(15872K) Eden: 9207K(9216K)->0K(9728K) From: 1964K(6144K)->2628K(6144K)
[2026-06-17T09:57:18.851+0800][26.367s][info][gc,heap        ] GC(1057) ParOldGen: 39504K(44032K)->41115K(44032K)
[2026-06-17T09:57:18.855+0800][26.371s][info][gc,metaspace   ] GC(1057) Metaspace: 152K(384K)->152K(384K) NonClass: 147K(256K)->147K(256K) Class: 4K(128K)->4K(128K)
[2026-06-17T09:57:18.856+0800][26.372s][info][gc             ] GC(1057) Pause Young (Allocation Failure) 49M->42M(58M) 6.530ms
[2026-06-17T09:57:18.856+0800][26.372s][info][gc,cpu         ] GC(1057) User=0.00s Sys=0.00s Real=0.01s
[2026-06-17T09:57:18.877+0800][26.393s][info][gc,start       ] GC(1058) Pause Full (Ergonomics)
[2026-06-17T09:57:18.878+0800][26.394s][info][gc,phases,start] GC(1058) Marking Phase
[2026-06-17T09:57:18.879+0800][26.395s][info][gc,phases      ] GC(1058) Marking Phase 1.296ms
[2026-06-17T09:57:18.880+0800][26.396s][info][gc,phases,start] GC(1058) Summary Phase
[2026-06-17T09:57:18.881+0800][26.397s][info][gc,phases      ] GC(1058) Summary Phase 0.672ms
[2026-06-17T09:57:18.881+0800][26.397s][info][gc,phases,start] GC(1058) Adjust Roots
[2026-06-17T09:57:18.882+0800][26.398s][info][gc,phases      ] GC(1058) Adjust Roots 0.714ms
[2026-06-17T09:57:18.882+0800][26.398s][info][gc,phases,start] GC(1058) Compaction Phase
[2026-06-17T09:57:18.884+0800][26.400s][info][gc,phases      ] GC(1058) Compaction Phase 1.691ms
[2026-06-17T09:57:18.884+0800][26.400s][info][gc,phases,start] GC(1058) Post Compact
[2026-06-17T09:57:18.886+0800][26.402s][info][gc,phases      ] GC(1058) Post Compact 1.279ms
[2026-06-17T09:57:18.886+0800][26.402s][info][gc,heap        ] GC(1058) PSYoungGen: 12332K(15872K)->0K(15360K) Eden: 9704K(9728K)->0K(9728K) From: 2628K(6144K)->0K(5632K)
[2026-06-17T09:57:18.887+0800][26.403s][info][gc,heap        ] GC(1058) ParOldGen: 41115K(44032K)->22955K(44032K)
[2026-06-17T09:57:18.888+0800][26.404s][info][gc,metaspace   ] GC(1058) Metaspace: 152K(384K)->152K(384K) NonClass: 147K(256K)->147K(256K) Class: 4K(128K)->4K(128K)
[2026-06-17T09:57:18.890+0800][26.406s][info][gc             ] GC(1058) Pause Full (Ergonomics) 52M->22M(58M) 12.295ms
[2026-06-17T09:57:18.890+0800][26.406s][info][gc,cpu         ] GC(1058) User=0.01s Sys=0.00s Real=0.01s
[2026-06-17T09:57:18.912+0800][26.428s][info][gc,start       ] GC(1059) Pause Young (Allocation Failure)
[2026-06-17T09:57:18.913+0800][26.429s][info][gc,heap        ] GC(1059) PSYoungGen: 9722K(15360K)->3108K(15872K) Eden: 9722K(9728K)->0K(10240K) From: 0K(5632K)->3108K(5632K)
[2026-06-17T09:57:18.914+0800][26.430s][info][gc,heap        ] GC(1059) ParOldGen: 22955K(44032K)->22955K(44032K)
[2026-06-17T09:57:18.914+0800][26.430s][info][gc,metaspace   ] GC(1059) Metaspace: 152K(384K)->152K(384K) NonClass: 147K(256K)->147K(256K) Class: 4K(128K)->4K(128K)
[2026-06-17T09:57:18.916+0800][26.432s][info][gc             ] GC(1059) Pause Young (Allocation Failure) 31M->25M(58M) 3.637ms
[2026-06-17T09:57:18.916+0800][26.432s][info][gc,cpu         ] GC(1059) User=0.00s Sys=0.00s Real=0.00s
[2026-06-17T09:57:18.948+0800][26.464s][info][gc,start       ] GC(1060) Pause Young (Allocation Failure)
[2026-06-17T09:57:18.950+0800][26.466s][info][gc,heap        ] GC(1060) PSYoungGen: 13348K(15872K)->5505K(15872K) Eden: 10240K(10240K)->0K(10240K) From: 3108K(5632K)->5505K(5632K)
[2026-06-17T09:57:18.951+0800][26.467s][info][gc,heap        ] GC(1060) ParOldGen: 22955K(44032K)->23606K(44032K)
[2026-06-17T09:57:18.952+0800][26.468s][info][gc,metaspace   ] GC(1060) Metaspace: 152K(384K)->152K(384K) NonClass: 147K(256K)->147K(256K) Class: 4K(128K)->4K(128K)
[2026-06-17T09:57:18.952+0800][26.468s][info][gc             ] GC(1060) Pause Young (Allocation Failure) 35M->28M(58M) 3.682ms
[2026-06-17T09:57:18.953+0800][26.469s][info][gc,cpu         ] GC(1060) User=0.00s Sys=0.00s Real=0.01s
[2026-06-17T09:57:18.974+0800][26.490s][info][gc,start       ] GC(1061) Pause Young (Allocation Failure)
[2026-06-17T09:57:18.975+0800][26.491s][info][gc,heap        ] GC(1061) PSYoungGen: 15743K(15872K)->5625K(12800K) Eden: 10238K(10240K)->0K(7168K) From: 5505K(5632K)->5625K(5632K)
[2026-06-17T09:57:18.976+0800][26.492s][info][gc,heap        ] GC(1061) ParOldGen: 23606K(44032K)->26561K(44032K)
[2026-06-17T09:57:18.977+0800][26.493s][info][gc,metaspace   ] GC(1061) Metaspace: 152K(384K)->152K(384K) NonClass: 147K(256K)->147K(256K) Class: 4K(128K)->4K(128K)
[2026-06-17T09:57:18.977+0800][26.493s][info][gc             ] GC(1061) Pause Young (Allocation Failure) 38M->31M(55M) 3.013ms
[2026-06-17T09:57:18.978+0800][26.494s][info][gc,cpu         ] GC(1061) User=0.00s Sys=0.00s Real=0.00s
[2026-06-17T09:57:18.999+0800][26.515s][info][gc,start       ] GC(1062) Pause Young (Allocation Failure)
[2026-06-17T09:57:19.000+0800][26.516s][info][gc,heap        ] GC(1062) PSYoungGen: 12762K(12800K)->6629K(14336K) Eden: 7136K(7168K)->0K(7168K) From: 5625K(5632K)->6629K(7168K)
[2026-06-17T09:57:19.001+0800][26.517s][info][gc,heap        ] GC(1062) ParOldGen: 26561K(44032K)->26561K(44032K)
[2026-06-17T09:57:19.001+0800][26.517s][info][gc,metaspace   ] GC(1062) Metaspace: 152K(384K)->152K(384K) NonClass: 147K(256K)->147K(256K) Class: 4K(128K)->4K(128K)
[2026-06-17T09:57:19.002+0800][26.518s][info][gc             ] GC(1062) Pause Young (Allocation Failure) 38M->32M(57M) 2.367ms
[2026-06-17T09:57:19.002+0800][26.518s][info][gc,cpu         ] GC(1062) User=0.00s Sys=0.00s Real=0.00s
[2026-06-17T09:57:19.023+0800][26.539s][info][gc,start       ] GC(1063) Pause Young (Allocation Failure)
[2026-06-17T09:57:19.025+0800][26.541s][info][gc,heap        ] GC(1063) PSYoungGen: 13767K(14336K)->4883K(14336K) Eden: 7138K(7168K)->0K(7168K) From: 6629K(7168K)->4883K(7168K)
[2026-06-17T09:57:19.025+0800][26.541s][info][gc,heap        ] GC(1063) ParOldGen: 26561K(44032K)->28522K(44032K)
[2026-06-17T09:57:19.026+0800][26.542s][info][gc,metaspace   ] GC(1063) Metaspace: 152K(384K)->152K(384K) NonClass: 147K(256K)->147K(256K) Class: 4K(128K)->4K(128K)
[2026-06-17T09:57:19.026+0800][26.542s][info][gc             ] GC(1063) Pause Young (Allocation Failure) 39M->32M(57M) 2.684ms
[2026-06-17T09:57:19.027+0800][26.543s][info][gc,cpu         ] GC(1063) User=0.01s Sys=0.00s Real=0.00s
[2026-06-17T09:57:19.048+0800][26.564s][info][gc,start       ] GC(1064) Pause Young (Allocation Failure)
[2026-06-17T09:57:19.049+0800][26.565s][info][gc,heap        ] GC(1064) PSYoungGen: 12000K(14336K)->1953K(14336K) Eden: 7117K(7168K)->0K(7168K) From: 4883K(7168K)->1953K(7168K)
[2026-06-17T09:57:19.049+0800][26.565s][info][gc,heap        ] GC(1064) ParOldGen: 28522K(44032K)->31340K(44032K)
[2026-06-17T09:57:19.050+0800][26.566s][info][gc,metaspace   ] GC(1064) Metaspace: 152K(384K)->152K(384K) NonClass: 147K(256K)->147K(256K) Class: 4K(128K)->4K(128K)
[2026-06-17T09:57:19.050+0800][26.566s][info][gc             ] GC(1064) Pause Young (Allocation Failure) 39M->32M(57M) 2.454ms
[2026-06-17T09:57:19.051+0800][26.567s][info][gc,cpu         ] GC(1064) User=0.00s Sys=0.00s Real=0.01s
[2026-06-17T09:57:19.062+0800][26.578s][info][gc,start       ] GC(1065) Pause Young (Allocation Failure)
[2026-06-17T09:57:19.063+0800][26.579s][info][gc,heap        ] GC(1065) PSYoungGen: 9117K(14336K)->32K(14336K) Eden: 7164K(7168K)->0K(7168K) From: 1953K(7168K)->32K(7168K)
[2026-06-17T09:57:19.064+0800][26.580s][info][gc,heap        ] GC(1065) ParOldGen: 31340K(44032K)->33140K(44032K)
[2026-06-17T09:57:19.064+0800][26.580s][info][gc,metaspace   ] GC(1065) Metaspace: 152K(384K)->152K(384K) NonClass: 147K(256K)->147K(256K) Class: 4K(128K)->4K(128K)
[2026-06-17T09:57:19.065+0800][26.581s][info][gc             ] GC(1065) Pause Young (Allocation Failure) 39M->32M(57M) 2.278ms
[2026-06-17T09:57:19.065+0800][26.581s][info][gc,cpu         ] GC(1065) User=0.00s Sys=0.00s Real=0.01s
[2026-06-17T09:57:19.086+0800][26.602s][info][gc,start       ] GC(1066) Pause Young (Allocation Failure)
[2026-06-17T09:57:19.087+0800][26.603s][info][gc,heap        ] GC(1066) PSYoungGen: 7174K(14336K)->3753K(14336K) Eden: 7142K(7168K)->0K(7168K) From: 32K(7168K)->3753K(7168K)
[2026-06-17T09:57:19.088+0800][26.604s][info][gc,heap        ] GC(1066) ParOldGen: 33140K(44032K)->33148K(44032K)
[2026-06-17T09:57:19.089+0800][26.605s][info][gc,metaspace   ] GC(1066) Metaspace: 152K(384K)->152K(384K) NonClass: 147K(256K)->147K(256K) Class: 4K(128K)->4K(128K)
[2026-06-17T09:57:19.089+0800][26.605s][info][gc             ] GC(1066) Pause Young (Allocation Failure) 39M->36M(57M) 2.658ms
[2026-06-17T09:57:19.090+0800][26.606s][info][gc,cpu         ] GC(1066) User=0.00s Sys=0.00s Real=0.00s
[2026-06-17T09:57:19.101+0800][26.617s][info][gc,start       ] GC(1067) Pause Young (Allocation Failure)
[2026-06-17T09:57:19.103+0800][26.619s][info][gc,heap        ] GC(1067) PSYoungGen: 10454K(14336K)->1872K(14336K) Eden: 6700K(7168K)->0K(7168K) From: 3753K(7168K)->1872K(7168K)
[2026-06-17T09:57:19.103+0800][26.619s][info][gc,heap        ] GC(1067) ParOldGen: 33148K(44032K)->34739K(44032K)
[2026-06-17T09:57:19.103+0800][26.619s][info][gc,metaspace   ] GC(1067) Metaspace: 152K(384K)->152K(384K) NonClass: 147K(256K)->147K(256K) Class: 4K(128K)->4K(128K)
[2026-06-17T09:57:19.104+0800][26.620s][info][gc             ] GC(1067) Pause Young (Allocation Failure) 42M->35M(57M) 2.539ms
[2026-06-17T09:57:19.104+0800][26.620s][info][gc,cpu         ] GC(1067) User=0.00s Sys=0.00s Real=0.01s
[2026-06-17T09:57:19.126+0800][26.642s][info][gc,start       ] GC(1068) Pause Young (Allocation Failure)
[2026-06-17T09:57:19.127+0800][26.643s][info][gc,heap        ] GC(1068) PSYoungGen: 9022K(14336K)->3735K(14336K) Eden: 7150K(7168K)->0K(7168K) From: 1872K(7168K)->3735K(7168K)
[2026-06-17T09:57:19.128+0800][26.644s][info][gc,heap        ] GC(1068) ParOldGen: 34739K(44032K)->36587K(44032K)
[2026-06-17T09:57:19.128+0800][26.644s][info][gc,metaspace   ] GC(1068) Metaspace: 152K(384K)->152K(384K) NonClass: 147K(256K)->147K(256K) Class: 4K(128K)->4K(128K)
[2026-06-17T09:57:19.128+0800][26.644s][info][gc             ] GC(1068) Pause Young (Allocation Failure) 42M->39M(57M) 2.674ms
[2026-06-17T09:57:19.129+0800][26.645s][info][gc,cpu         ] GC(1068) User=0.00s Sys=0.00s Real=0.00s
[2026-06-17T09:57:19.150+0800][26.666s][info][gc,start       ] GC(1069) Pause Young (Allocation Failure)
[2026-06-17T09:57:19.151+0800][26.667s][info][gc,heap        ] GC(1069) PSYoungGen: 10884K(14336K)->3089K(14336K) Eden: 7149K(7168K)->0K(7168K) From: 3735K(7168K)->3089K(7168K)
[2026-06-17T09:57:19.152+0800][26.668s][info][gc,heap        ] GC(1069) ParOldGen: 36587K(44032K)->37413K(44032K)
[2026-06-17T09:57:19.152+0800][26.668s][info][gc,metaspace   ] GC(1069) Metaspace: 152K(384K)->152K(384K) NonClass: 147K(256K)->147K(256K) Class: 4K(128K)->4K(128K)
[2026-06-17T09:57:19.152+0800][26.668s][info][gc             ] GC(1069) Pause Young (Allocation Failure) 46M->39M(57M) 2.191ms
[2026-06-17T09:57:19.153+0800][26.669s][info][gc,cpu         ] GC(1069) User=0.00s Sys=0.00s Real=0.01s
[2026-06-17T09:57:19.174+0800][26.690s][info][gc,start       ] GC(1070) Pause Young (Allocation Failure)
[2026-06-17T09:57:19.175+0800][26.691s][info][gc,heap        ] GC(1070) PSYoungGen: 10257K(14336K)->1057K(14336K) Eden: 7168K(7168K)->0K(7168K) From: 3089K(7168K)->1057K(7168K)
[2026-06-17T09:57:19.176+0800][26.692s][info][gc,heap        ] GC(1070) ParOldGen: 37413K(44032K)->39450K(44032K)
[2026-06-17T09:57:19.176+0800][26.692s][info][gc,metaspace   ] GC(1070) Metaspace: 152K(384K)->152K(384K) NonClass: 147K(256K)->147K(256K) Class: 4K(128K)->4K(128K)
[2026-06-17T09:57:19.176+0800][26.692s][info][gc             ] GC(1070) Pause Young (Allocation Failure) 46M->39M(57M) 2.420ms
[2026-06-17T09:57:19.177+0800][26.693s][info][gc,cpu         ] GC(1070) User=0.00s Sys=0.00s Real=0.00s
[2026-06-17T09:57:19.188+0800][26.704s][info][gc,start       ] GC(1071) Pause Young (Allocation Failure)
[2026-06-17T09:57:19.189+0800][26.705s][info][gc,heap        ] GC(1071) PSYoungGen: 8196K(14336K)->4839K(14336K) Eden: 7138K(7168K)->0K(7168K) From: 1057K(7168K)->4839K(7168K)
[2026-06-17T09:57:19.189+0800][26.705s][info][gc,heap        ] GC(1071) ParOldGen: 39450K(44032K)->39450K(44032K)
[2026-06-17T09:57:19.190+0800][26.706s][info][gc,metaspace   ] GC(1071) Metaspace: 152K(384K)->152K(384K) NonClass: 147K(256K)->147K(256K) Class: 4K(128K)->4K(128K)
[2026-06-17T09:57:19.190+0800][26.706s][info][gc             ] GC(1071) Pause Young (Allocation Failure) 46M->43M(57M) 2.361ms
[2026-06-17T09:57:19.191+0800][26.707s][info][gc,cpu         ] GC(1071) User=0.00s Sys=0.00s Real=0.01s
[2026-06-17T09:57:19.212+0800][26.728s][info][gc,start       ] GC(1072) Pause Young (Allocation Failure)
[2026-06-17T09:57:19.213+0800][26.729s][info][gc,heap        ] GC(1072) PSYoungGen: 11984K(14336K)->3497K(14336K) Eden: 7145K(7168K)->0K(7168K) From: 4839K(7168K)->3497K(7168K)
[2026-06-17T09:57:19.214+0800][26.730s][info][gc,heap        ] GC(1072) ParOldGen: 39450K(44032K)->41020K(44032K)
[2026-06-17T09:57:19.214+0800][26.730s][info][gc,metaspace   ] GC(1072) Metaspace: 152K(384K)->152K(384K) NonClass: 147K(256K)->147K(256K) Class: 4K(128K)->4K(128K)
[2026-06-17T09:57:19.215+0800][26.731s][info][gc             ] GC(1072) Pause Young (Allocation Failure) 50M->43M(57M) 2.661ms
[2026-06-17T09:57:19.215+0800][26.731s][info][gc,cpu         ] GC(1072) User=0.00s Sys=0.00s Real=0.00s
[2026-06-17T09:57:19.236+0800][26.752s][info][gc,start       ] GC(1073) Pause Full (Ergonomics)
[2026-06-17T09:57:19.237+0800][26.753s][info][gc,phases,start] GC(1073) Marking Phase
[2026-06-17T09:57:19.238+0800][26.754s][info][gc,phases      ] GC(1073) Marking Phase 0.997ms
[2026-06-17T09:57:19.238+0800][26.754s][info][gc,phases,start] GC(1073) Summary Phase
[2026-06-17T09:57:19.239+0800][26.755s][info][gc,phases      ] GC(1073) Summary Phase 0.443ms
[2026-06-17T09:57:19.239+0800][26.755s][info][gc,phases,start] GC(1073) Adjust Roots
[2026-06-17T09:57:19.240+0800][26.756s][info][gc,phases      ] GC(1073) Adjust Roots 0.482ms
[2026-06-17T09:57:19.240+0800][26.756s][info][gc,phases,start] GC(1073) Compaction Phase
[2026-06-17T09:57:19.242+0800][26.758s][info][gc,phases      ] GC(1073) Compaction Phase 1.841ms
[2026-06-17T09:57:19.243+0800][26.759s][info][gc,phases,start] GC(1073) Post Compact
[2026-06-17T09:57:19.243+0800][26.759s][info][gc,phases      ] GC(1073) Post Compact 0.485ms
[2026-06-17T09:57:19.244+0800][26.760s][info][gc,heap        ] GC(1073) PSYoungGen: 10642K(14336K)->0K(14336K) Eden: 7145K(7168K)->0K(7168K) From: 3497K(7168K)->0K(7168K)
[2026-06-17T09:57:19.244+0800][26.760s][info][gc,heap        ] GC(1073) ParOldGen: 41020K(44032K)->31072K(44032K)
[2026-06-17T09:57:19.245+0800][26.761s][info][gc,metaspace   ] GC(1073) Metaspace: 152K(384K)->152K(384K) NonClass: 147K(256K)->147K(256K) Class: 4K(128K)->4K(128K)
[2026-06-17T09:57:19.245+0800][26.761s][info][gc             ] GC(1073) Pause Full (Ergonomics) 50M->30M(57M) 9.012ms
[2026-06-17T09:57:19.246+0800][26.762s][info][gc,cpu         ] GC(1073) User=0.01s Sys=0.00s Real=0.01s
[2026-06-17T09:57:19.257+0800][26.773s][info][gc,start       ] GC(1074) Pause Young (Allocation Failure)
[2026-06-17T09:57:19.258+0800][26.774s][info][gc,heap        ] GC(1074) PSYoungGen: 7019K(14336K)->3650K(14336K) Eden: 7019K(7168K)->0K(7168K) From: 0K(7168K)->3650K(7168K)
[2026-06-17T09:57:19.259+0800][26.775s][info][gc,heap        ] GC(1074) ParOldGen: 31072K(44032K)->31072K(44032K)
[2026-06-17T09:57:19.259+0800][26.775s][info][gc,metaspace   ] GC(1074) Metaspace: 152K(384K)->152K(384K) NonClass: 147K(256K)->147K(256K) Class: 4K(128K)->4K(128K)
[2026-06-17T09:57:19.259+0800][26.775s][info][gc             ] GC(1074) Pause Young (Allocation Failure) 37M->33M(57M) 2.327ms
[2026-06-17T09:57:19.260+0800][26.776s][info][gc,cpu         ] GC(1074) User=0.00s Sys=0.00s Real=0.00s
[2026-06-17T09:57:19.281+0800][26.797s][info][gc,start       ] GC(1075) Pause Young (Allocation Failure)
[2026-06-17T09:57:19.282+0800][26.798s][info][gc,heap        ] GC(1075) PSYoungGen: 10806K(14336K)->3717K(14848K) Eden: 7155K(7168K)->0K(8192K) From: 3650K(7168K)->3717K(6656K)
[2026-06-17T09:57:19.283+0800][26.799s][info][gc,heap        ] GC(1075) ParOldGen: 31072K(44032K)->34678K(44032K)
[2026-06-17T09:57:19.283+0800][26.799s][info][gc,metaspace   ] GC(1075) Metaspace: 152K(384K)->152K(384K) NonClass: 147K(256K)->147K(256K) Class: 4K(128K)->4K(128K)
[2026-06-17T09:57:19.283+0800][26.799s][info][gc             ] GC(1075) Pause Young (Allocation Failure) 40M->37M(57M) 2.321ms
[2026-06-17T09:57:19.284+0800][26.800s][info][gc,cpu         ] GC(1075) User=0.00s Sys=0.00s Real=0.01s
[2026-06-17T09:57:19.305+0800][26.821s][info][gc,start       ] GC(1076) Pause Young (Allocation Failure)
[2026-06-17T09:57:19.306+0800][26.822s][info][gc,heap        ] GC(1076) PSYoungGen: 11893K(14848K)->4854K(13312K) Eden: 8176K(8192K)->0K(8192K) From: 3717K(6656K)->4854K(5120K)
[2026-06-17T09:57:19.306+0800][26.822s][info][gc,heap        ] GC(1076) ParOldGen: 34678K(44032K)->35208K(44032K)
[2026-06-17T09:57:19.307+0800][26.823s][info][gc,metaspace   ] GC(1076) Metaspace: 152K(384K)->152K(384K) NonClass: 147K(256K)->147K(256K) Class: 4K(128K)->4K(128K)
[2026-06-17T09:57:19.307+0800][26.823s][info][gc             ] GC(1076) Pause Young (Allocation Failure) 45M->39M(56M) 2.160ms
[2026-06-17T09:57:19.308+0800][26.824s][info][gc,cpu         ] GC(1076) User=0.00s Sys=0.00s Real=0.00s
[2026-06-17T09:57:19.329+0800][26.845s][info][gc,start       ] GC(1077) Pause Young (Allocation Failure)
[2026-06-17T09:57:19.331+0800][26.847s][info][gc,heap        ] GC(1077) PSYoungGen: 13046K(13312K)->4323K(14336K) Eden: 8192K(8192K)->0K(7168K) From: 4854K(5120K)->4323K(7168K)
[2026-06-17T09:57:19.332+0800][26.848s][info][gc,heap        ] GC(1077) ParOldGen: 35208K(44032K)->37020K(44032K)
[2026-06-17T09:57:19.332+0800][26.848s][info][gc,metaspace   ] GC(1077) Metaspace: 152K(384K)->152K(384K) NonClass: 147K(256K)->147K(256K) Class: 4K(128K)->4K(128K)
[2026-06-17T09:57:19.333+0800][26.849s][info][gc             ] GC(1077) Pause Young (Allocation Failure) 47M->40M(57M) 4.243ms
[2026-06-17T09:57:19.334+0800][26.850s][info][gc,cpu         ] GC(1077) User=0.01s Sys=0.00s Real=0.01s
[2026-06-17T09:57:19.355+0800][26.871s][info][gc,start       ] GC(1078) Pause Young (Allocation Failure)
[2026-06-17T09:57:19.356+0800][26.872s][info][gc,heap        ] GC(1078) PSYoungGen: 11487K(14336K)->2727K(14336K) Eden: 7163K(7168K)->0K(7168K) From: 4323K(7168K)->2727K(7168K)
[2026-06-17T09:57:19.356+0800][26.872s][info][gc,heap        ] GC(1078) ParOldGen: 37020K(44032K)->38446K(44032K)
[2026-06-17T09:57:19.357+0800][26.873s][info][gc,metaspace   ] GC(1078) Metaspace: 152K(384K)->152K(384K) NonClass: 147K(256K)->147K(256K) Class: 4K(128K)->4K(128K)
[2026-06-17T09:57:19.359+0800][26.875s][info][gc             ] GC(1078) Pause Young (Allocation Failure) 47M->40M(57M) 3.731ms
[2026-06-17T09:57:19.359+0800][26.875s][info][gc,cpu         ] GC(1078) User=0.00s Sys=0.00s Real=0.00s
[2026-06-17T09:57:19.370+0800][26.886s][info][gc,start       ] GC(1079) Pause Young (Allocation Failure)
[2026-06-17T09:57:19.371+0800][26.887s][info][gc,heap        ] GC(1079) PSYoungGen: 9707K(14336K)->934K(13824K) Eden: 6979K(7168K)->0K(7168K) From: 2727K(7168K)->934K(6656K)
[2026-06-17T09:57:19.372+0800][26.888s][info][gc,heap        ] GC(1079) ParOldGen: 38446K(44032K)->40350K(44032K)
[2026-06-17T09:57:19.372+0800][26.888s][info][gc,metaspace   ] GC(1079) Metaspace: 152K(384K)->152K(384K) NonClass: 147K(256K)->147K(256K) Class: 4K(128K)->4K(128K)
[2026-06-17T09:57:19.372+0800][26.888s][info][gc             ] GC(1079) Pause Young (Allocation Failure) 47M->40M(56M) 2.448ms
[2026-06-17T09:57:19.373+0800][26.889s][info][gc,cpu         ] GC(1079) User=0.00s Sys=0.00s Real=0.01s
[2026-06-17T09:57:19.395+0800][26.911s][info][gc,start       ] GC(1080) Pause Young (Allocation Failure)
[2026-06-17T09:57:19.396+0800][26.912s][info][gc,heap        ] GC(1080) PSYoungGen: 8073K(13824K)->3601K(14336K) Eden: 7139K(7168K)->0K(7168K) From: 934K(6656K)->3601K(7168K)
[2026-06-17T09:57:19.397+0800][26.913s][info][gc,heap        ] GC(1080) ParOldGen: 40350K(44032K)->41260K(44032K)
[2026-06-17T09:57:19.397+0800][26.913s][info][gc,metaspace   ] GC(1080) Metaspace: 152K(384K)->152K(384K) NonClass: 147K(256K)->147K(256K) Class: 4K(128K)->4K(128K)
[2026-06-17T09:57:19.398+0800][26.914s][info][gc             ] GC(1080) Pause Young (Allocation Failure) 47M->43M(57M) 2.959ms
[2026-06-17T09:57:19.398+0800][26.914s][info][gc,cpu         ] GC(1080) User=0.00s Sys=0.00s Real=0.00s
[2026-06-17T09:57:19.410+0800][26.926s][info][gc,start       ] GC(1081) Pause Full (Ergonomics)
[2026-06-17T09:57:19.411+0800][26.927s][info][gc,phases,start] GC(1081) Marking Phase
[2026-06-17T09:57:19.413+0800][26.929s][info][gc,phases      ] GC(1081) Marking Phase 2.077ms
[2026-06-17T09:57:19.414+0800][26.930s][info][gc,phases,start] GC(1081) Summary Phase
[2026-06-17T09:57:19.415+0800][26.931s][info][gc,phases      ] GC(1081) Summary Phase 0.647ms
[2026-06-17T09:57:19.416+0800][26.932s][info][gc,phases,start] GC(1081) Adjust Roots
[2026-06-17T09:57:19.417+0800][26.933s][info][gc,phases      ] GC(1081) Adjust Roots 1.249ms
[2026-06-17T09:57:19.418+0800][26.934s][info][gc,phases,start] GC(1081) Compaction Phase
[2026-06-17T09:57:19.421+0800][26.937s][info][gc,phases      ] GC(1081) Compaction Phase 3.642ms
[2026-06-17T09:57:19.422+0800][26.938s][info][gc,phases,start] GC(1081) Post Compact
[2026-06-17T09:57:19.423+0800][26.939s][info][gc,phases      ] GC(1081) Post Compact 0.764ms
[2026-06-17T09:57:19.423+0800][26.939s][info][gc,heap        ] GC(1081) PSYoungGen: 10539K(14336K)->0K(14848K) Eden: 6937K(7168K)->0K(8192K) From: 3601K(7168K)->0K(6656K)
[2026-06-17T09:57:19.424+0800][26.940s][info][gc,heap        ] GC(1081) ParOldGen: 41260K(44032K)->26850K(44032K)
[2026-06-17T09:57:19.426+0800][26.942s][info][gc,metaspace   ] GC(1081) Metaspace: 152K(384K)->152K(384K) NonClass: 147K(256K)->147K(256K) Class: 4K(128K)->4K(128K)
[2026-06-17T09:57:19.427+0800][26.943s][info][gc             ] GC(1081) Pause Full (Ergonomics) 50M->26M(57M) 16.359ms
[2026-06-17T09:57:19.428+0800][26.944s][info][gc,cpu         ] GC(1081) User=0.01s Sys=0.01s Real=0.02s
[2026-06-17T09:57:19.460+0800][26.976s][info][gc,start       ] GC(1082) Pause Young (Allocation Failure)
[2026-06-17T09:57:19.463+0800][26.979s][info][gc,heap        ] GC(1082) PSYoungGen: 8173K(14848K)->1677K(14848K) Eden: 8173K(8192K)->0K(8192K) From: 0K(6656K)->1677K(6656K)
[2026-06-17T09:57:19.464+0800][26.980s][info][gc,heap        ] GC(1082) ParOldGen: 26850K(44032K)->26850K(44032K)
[2026-06-17T09:57:19.464+0800][26.980s][info][gc,metaspace   ] GC(1082) Metaspace: 152K(384K)->152K(384K) NonClass: 147K(256K)->147K(256K) Class: 4K(128K)->4K(128K)
[2026-06-17T09:57:19.465+0800][26.981s][info][gc             ] GC(1082) Pause Young (Allocation Failure) 34M->27M(57M) 4.597ms
[2026-06-17T09:57:19.466+0800][26.982s][info][gc,cpu         ] GC(1082) User=0.00s Sys=0.00s Real=0.01s
[2026-06-17T09:57:19.488+0800][27.004s][info][gc,start       ] GC(1083) Pause Young (Allocation Failure)
[2026-06-17T09:57:19.490+0800][27.006s][info][gc,heap        ] GC(1083) PSYoungGen: 9833K(14848K)->3019K(15360K) Eden: 8155K(8192K)->0K(8704K) From: 1677K(6656K)->3019K(6656K)
[2026-06-17T09:57:19.491+0800][27.007s][info][gc,heap        ] GC(1083) ParOldGen: 26850K(44032K)->26850K(44032K)
[2026-06-17T09:57:19.493+0800][27.009s][info][gc,metaspace   ] GC(1083) Metaspace: 152K(384K)->152K(384K) NonClass: 147K(256K)->147K(256K) Class: 4K(128K)->4K(128K)
[2026-06-17T09:57:19.494+0800][27.010s][info][gc             ] GC(1083) Pause Young (Allocation Failure) 35M->29M(58M) 5.891ms
[2026-06-17T09:57:19.495+0800][27.011s][info][gc,cpu         ] GC(1083) User=0.00s Sys=0.00s Real=0.01s
[2026-06-17T09:57:19.517+0800][27.033s][info][gc,start       ] GC(1084) Pause Young (Allocation Failure)
[2026-06-17T09:57:19.520+0800][27.036s][info][gc,heap        ] GC(1084) PSYoungGen: 11677K(15360K)->4773K(14848K) Eden: 8658K(8704K)->0K(8704K) From: 3019K(6656K)->4773K(6144K)
[2026-06-17T09:57:19.520+0800][27.036s][info][gc,heap        ] GC(1084) ParOldGen: 26850K(44032K)->26850K(44032K)
[2026-06-17T09:57:19.523+0800][27.039s][info][gc,metaspace   ] GC(1084) Metaspace: 152K(384K)->152K(384K) NonClass: 147K(256K)->147K(256K) Class: 4K(128K)->4K(128K)
[2026-06-17T09:57:19.524+0800][27.040s][info][gc             ] GC(1084) Pause Young (Allocation Failure) 37M->30M(57M) 6.011ms
[2026-06-17T09:57:19.524+0800][27.040s][info][gc,cpu         ] GC(1084) User=0.00s Sys=0.00s Real=0.01s
[2026-06-17T09:57:19.546+0800][27.062s][info][gc,start       ] GC(1085) Pause Young (Allocation Failure)
[2026-06-17T09:57:19.548+0800][27.064s][info][gc,heap        ] GC(1085) PSYoungGen: 13460K(14848K)->6366K(13824K) Eden: 8687K(8704K)->0K(7168K) From: 4773K(6144K)->6366K(6656K)
[2026-06-17T09:57:19.548+0800][27.064s][info][gc,heap        ] GC(1085) ParOldGen: 26850K(44032K)->26850K(44032K)
[2026-06-17T09:57:19.550+0800][27.066s][info][gc,metaspace   ] GC(1085) Metaspace: 152K(384K)->152K(384K) NonClass: 147K(256K)->147K(256K) Class: 4K(128K)->4K(128K)
[2026-06-17T09:57:19.550+0800][27.066s][info][gc             ] GC(1085) Pause Young (Allocation Failure) 39M->32M(56M) 4.023ms
[2026-06-17T09:57:19.551+0800][27.067s][info][gc,cpu         ] GC(1085) User=0.00s Sys=0.00s Real=0.01s
[2026-06-17T09:57:19.562+0800][27.078s][info][gc,start       ] GC(1086) Pause Young (Allocation Failure)
[2026-06-17T09:57:19.563+0800][27.079s][info][gc,heap        ] GC(1086) PSYoungGen: 13101K(13824K)->3733K(14336K) Eden: 6735K(7168K)->0K(7168K) From: 6366K(6656K)->3733K(7168K)
[2026-06-17T09:57:19.565+0800][27.081s][info][gc,heap        ] GC(1086) ParOldGen: 26850K(44032K)->29206K(44032K)
[2026-06-17T09:57:19.565+0800][27.081s][info][gc,metaspace   ] GC(1086) Metaspace: 152K(384K)->152K(384K) NonClass: 147K(256K)->147K(256K) Class: 4K(128K)->4K(128K)
[2026-06-17T09:57:19.566+0800][27.082s][info][gc             ] GC(1086) Pause Young (Allocation Failure) 39M->32M(57M) 4.002ms
[2026-06-17T09:57:19.567+0800][27.083s][info][gc,cpu         ] GC(1086) User=0.00s Sys=0.00s Real=0.01s
[2026-06-17T09:57:19.590+0800][27.106s][info][gc,start       ] GC(1087) Pause Young (Allocation Failure)
[2026-06-17T09:57:19.591+0800][27.107s][info][gc,heap        ] GC(1087) PSYoungGen: 10875K(14336K)->7106K(14336K) Eden: 7142K(7168K)->0K(7168K) From: 3733K(7168K)->7106K(7168K)
[2026-06-17T09:57:19.591+0800][27.107s][info][gc,heap        ] GC(1087) ParOldGen: 29206K(44032K)->29465K(44032K)
[2026-06-17T09:57:19.592+0800][27.108s][info][gc,metaspace   ] GC(1087) Metaspace: 152K(384K)->152K(384K) NonClass: 147K(256K)->147K(256K) Class: 4K(128K)->4K(128K)
[2026-06-17T09:57:19.592+0800][27.108s][info][gc             ] GC(1087) Pause Young (Allocation Failure) 39M->35M(57M) 2.582ms
[2026-06-17T09:57:19.593+0800][27.109s][info][gc,cpu         ] GC(1087) User=0.00s Sys=0.00s Real=0.01s
[2026-06-17T09:57:19.614+0800][27.130s][info][gc,start       ] GC(1088) Pause Young (Allocation Failure)
[2026-06-17T09:57:19.616+0800][27.132s][info][gc,heap        ] GC(1088) PSYoungGen: 14247K(14336K)->5860K(14336K) Eden: 7141K(7168K)->0K(7168K) From: 7106K(7168K)->5860K(7168K)
[2026-06-17T09:57:19.617+0800][27.133s][info][gc,heap        ] GC(1088) ParOldGen: 29465K(44032K)->30902K(44032K)
[2026-06-17T09:57:19.617+0800][27.133s][info][gc,metaspace   ] GC(1088) Metaspace: 152K(384K)->152K(384K) NonClass: 147K(256K)->147K(256K) Class: 4K(128K)->4K(128K)
[2026-06-17T09:57:19.618+0800][27.134s][info][gc             ] GC(1088) Pause Young (Allocation Failure) 42M->35M(57M) 3.365ms
[2026-06-17T09:57:19.618+0800][27.134s][info][gc,cpu         ] GC(1088) User=0.00s Sys=0.00s Real=0.00s
[2026-06-17T09:57:19.630+0800][27.146s][info][gc,start       ] GC(1089) Pause Young (Allocation Failure)
[2026-06-17T09:57:19.631+0800][27.147s][info][gc,heap        ] GC(1089) PSYoungGen: 12896K(14336K)->3146K(14336K) Eden: 7036K(7168K)->0K(7168K) From: 5860K(7168K)->3146K(7168K)
[2026-06-17T09:57:19.632+0800][27.148s][info][gc,heap        ] GC(1089) ParOldGen: 30902K(44032K)->33875K(44032K)
[2026-06-17T09:57:19.633+0800][27.149s][info][gc,metaspace   ] GC(1089) Metaspace: 152K(384K)->152K(384K) NonClass: 147K(256K)->147K(256K) Class: 4K(128K)->4K(128K)
[2026-06-17T09:57:19.634+0800][27.150s][info][gc             ] GC(1089) Pause Young (Allocation Failure) 42M->36M(57M) 3.944ms
[2026-06-17T09:57:19.634+0800][27.150s][info][gc,cpu         ] GC(1089) User=0.00s Sys=0.00s Real=0.01s
[2026-06-17T09:57:19.656+0800][27.172s][info][gc,start       ] GC(1090) Pause Young (Allocation Failure)
[2026-06-17T09:57:19.658+0800][27.174s][info][gc,heap        ] GC(1090) PSYoungGen: 10311K(14336K)->3563K(14336K) Eden: 7165K(7168K)->0K(7168K) From: 3146K(7168K)->3563K(7168K)
[2026-06-17T09:57:19.659+0800][27.175s][info][gc,heap        ] GC(1090) ParOldGen: 33875K(44032K)->36997K(44032K)
[2026-06-17T09:57:19.659+0800][27.175s][info][gc,metaspace   ] GC(1090) Metaspace: 152K(384K)->152K(384K) NonClass: 147K(256K)->147K(256K) Class: 4K(128K)->4K(128K)
[2026-06-17T09:57:19.660+0800][27.176s][info][gc             ] GC(1090) Pause Young (Allocation Failure) 43M->39M(57M) 3.794ms
[2026-06-17T09:57:19.660+0800][27.176s][info][gc,cpu         ] GC(1090) User=0.00s Sys=0.01s Real=0.00s
[2026-06-17T09:57:19.683+0800][27.199s][info][gc,start       ] GC(1091) Pause Young (Allocation Failure)
[2026-06-17T09:57:19.684+0800][27.200s][info][gc,heap        ] GC(1091) PSYoungGen: 10719K(14336K)->2711K(14336K) Eden: 7155K(7168K)->0K(7168K) From: 3563K(7168K)->2711K(7168K)
[2026-06-17T09:57:19.684+0800][27.200s][info][gc,heap        ] GC(1091) ParOldGen: 36997K(44032K)->37966K(44032K)
[2026-06-17T09:57:19.684+0800][27.200s][info][gc,metaspace   ] GC(1091) Metaspace: 152K(384K)->152K(384K) NonClass: 147K(256K)->147K(256K) Class: 4K(128K)->4K(128K)
[2026-06-17T09:57:19.685+0800][27.201s][info][gc             ] GC(1091) Pause Young (Allocation Failure) 46M->39M(57M) 2.345ms
[2026-06-17T09:57:19.685+0800][27.201s][info][gc,cpu         ] GC(1091) User=0.00s Sys=0.00s Real=0.00s
[2026-06-17T09:57:19.706+0800][27.222s][info][gc,start       ] GC(1092) Pause Young (Allocation Failure)
[2026-06-17T09:57:19.707+0800][27.223s][info][gc,heap        ] GC(1092) PSYoungGen: 9865K(14336K)->784K(14336K) Eden: 7153K(7168K)->0K(7168K) From: 2711K(7168K)->784K(7168K)
[2026-06-17T09:57:19.708+0800][27.224s][info][gc,heap        ] GC(1092) ParOldGen: 37966K(44032K)->40005K(44032K)
[2026-06-17T09:57:19.708+0800][27.224s][info][gc,metaspace   ] GC(1092) Metaspace: 152K(384K)->152K(384K) NonClass: 147K(256K)->147K(256K) Class: 4K(128K)->4K(128K)
[2026-06-17T09:57:19.709+0800][27.225s][info][gc             ] GC(1092) Pause Young (Allocation Failure) 46M->39M(57M) 2.322ms
[2026-06-17T09:57:19.709+0800][27.225s][info][gc,cpu         ] GC(1092) User=0.00s Sys=0.00s Real=0.00s
[2026-06-17T09:57:19.720+0800][27.236s][info][gc,start       ] GC(1093) Pause Young (Allocation Failure)
[2026-06-17T09:57:19.721+0800][27.237s][info][gc,heap        ] GC(1093) PSYoungGen: 7906K(14336K)->4718K(14336K) Eden: 7122K(7168K)->0K(7168K) From: 784K(7168K)->4718K(7168K)
[2026-06-17T09:57:19.721+0800][27.237s][info][gc,heap        ] GC(1093) ParOldGen: 40005K(44032K)->40005K(44032K)
[2026-06-17T09:57:19.722+0800][27.238s][info][gc,metaspace   ] GC(1093) Metaspace: 152K(384K)->152K(384K) NonClass: 147K(256K)->147K(256K) Class: 4K(128K)->4K(128K)
[2026-06-17T09:57:19.722+0800][27.238s][info][gc             ] GC(1093) Pause Young (Allocation Failure) 46M->43M(57M) 2.172ms
[2026-06-17T09:57:19.723+0800][27.239s][info][gc,cpu         ] GC(1093) User=0.00s Sys=0.00s Real=0.01s
[2026-06-17T09:57:19.744+0800][27.260s][info][gc,start       ] GC(1094) Pause Young (Allocation Failure)
[2026-06-17T09:57:19.745+0800][27.261s][info][gc,heap        ] GC(1094) PSYoungGen: 11859K(14336K)->2464K(14336K) Eden: 7140K(7168K)->0K(7168K) From: 4718K(7168K)->2464K(7168K)
[2026-06-17T09:57:19.745+0800][27.261s][info][gc,heap        ] GC(1094) ParOldGen: 40005K(44032K)->42258K(44032K)
[2026-06-17T09:57:19.746+0800][27.262s][info][gc,metaspace   ] GC(1094) Metaspace: 152K(384K)->152K(384K) NonClass: 147K(256K)->147K(256K) Class: 4K(128K)->4K(128K)
[2026-06-17T09:57:19.746+0800][27.262s][info][gc             ] GC(1094) Pause Young (Allocation Failure) 50M->43M(57M) 2.268ms
[2026-06-17T09:57:19.747+0800][27.263s][info][gc,cpu         ] GC(1094) User=0.00s Sys=0.00s Real=0.00s
[2026-06-17T09:57:19.768+0800][27.284s][info][gc,start       ] GC(1095) Pause Full (Ergonomics)
[2026-06-17T09:57:19.768+0800][27.284s][info][gc,phases,start] GC(1095) Marking Phase
[2026-06-17T09:57:19.769+0800][27.285s][info][gc,phases      ] GC(1095) Marking Phase 1.013ms
[2026-06-17T09:57:19.770+0800][27.286s][info][gc,phases,start] GC(1095) Summary Phase
[2026-06-17T09:57:19.770+0800][27.286s][info][gc,phases      ] GC(1095) Summary Phase 0.395ms
[2026-06-17T09:57:19.770+0800][27.286s][info][gc,phases,start] GC(1095) Adjust Roots
[2026-06-17T09:57:19.771+0800][27.287s][info][gc,phases      ] GC(1095) Adjust Roots 0.432ms
[2026-06-17T09:57:19.771+0800][27.287s][info][gc,phases,start] GC(1095) Compaction Phase
[2026-06-17T09:57:19.773+0800][27.289s][info][gc,phases      ] GC(1095) Compaction Phase 1.813ms
[2026-06-17T09:57:19.774+0800][27.290s][info][gc,phases,start] GC(1095) Post Compact
[2026-06-17T09:57:19.774+0800][27.290s][info][gc,phases      ] GC(1095) Post Compact 0.565ms
[2026-06-17T09:57:19.775+0800][27.291s][info][gc,heap        ] GC(1095) PSYoungGen: 9628K(14336K)->0K(14336K) Eden: 7164K(7168K)->0K(7168K) From: 2464K(7168K)->0K(7168K)
[2026-06-17T09:57:19.775+0800][27.291s][info][gc,heap        ] GC(1095) ParOldGen: 42258K(44032K)->25333K(44032K)
[2026-06-17T09:57:19.775+0800][27.291s][info][gc,metaspace   ] GC(1095) Metaspace: 152K(384K)->152K(384K) NonClass: 147K(256K)->147K(256K) Class: 4K(128K)->4K(128K)
[2026-06-17T09:57:19.776+0800][27.292s][info][gc             ] GC(1095) Pause Full (Ergonomics) 50M->24M(57M) 8.036ms
[2026-06-17T09:57:19.776+0800][27.292s][info][gc,cpu         ] GC(1095) User=0.00s Sys=0.00s Real=0.01s
[2026-06-17T09:57:19.787+0800][27.303s][info][gc,start       ] GC(1096) Pause Young (Allocation Failure)
[2026-06-17T09:57:19.788+0800][27.304s][info][gc,heap        ] GC(1096) PSYoungGen: 7011K(14336K)->3255K(14336K) Eden: 7011K(7168K)->0K(7168K) From: 0K(7168K)->3255K(7168K)
[2026-06-17T09:57:19.789+0800][27.305s][info][gc,heap        ] GC(1096) ParOldGen: 25333K(44032K)->25333K(44032K)
[2026-06-17T09:57:19.789+0800][27.305s][info][gc,metaspace   ] GC(1096) Metaspace: 152K(384K)->152K(384K) NonClass: 147K(256K)->147K(256K) Class: 4K(128K)->4K(128K)
[2026-06-17T09:57:19.789+0800][27.305s][info][gc             ] GC(1096) Pause Young (Allocation Failure) 31M->27M(57M) 2.198ms
[2026-06-17T09:57:19.790+0800][27.306s][info][gc,cpu         ] GC(1096) User=0.01s Sys=0.00s Real=0.00s
[2026-06-17T09:57:19.811+0800][27.327s][info][gc,start       ] GC(1097) Pause Young (Allocation Failure)
[2026-06-17T09:57:19.812+0800][27.328s][info][gc,heap        ] GC(1097) PSYoungGen: 10423K(14336K)->5700K(14336K) Eden: 7168K(7168K)->0K(7168K) From: 3255K(7168K)->5700K(7168K)
[2026-06-17T09:57:19.812+0800][27.328s][info][gc,heap        ] GC(1097) ParOldGen: 25333K(44032K)->26818K(44032K)
[2026-06-17T09:57:19.812+0800][27.328s][info][gc,metaspace   ] GC(1097) Metaspace: 152K(384K)->152K(384K) NonClass: 147K(256K)->147K(256K) Class: 4K(128K)->4K(128K)
[2026-06-17T09:57:19.813+0800][27.329s][info][gc             ] GC(1097) Pause Young (Allocation Failure) 34M->31M(57M) 1.612ms
[2026-06-17T09:57:19.813+0800][27.329s][info][gc,cpu         ] GC(1097) User=0.00s Sys=0.00s Real=0.00s
[2026-06-17T09:57:19.824+0800][27.340s][info][gc,start       ] GC(1098) Pause Young (Allocation Failure)
[2026-06-17T09:57:19.824+0800][27.340s][info][gc,heap        ] GC(1098) PSYoungGen: 12782K(14336K)->1356K(14336K) Eden: 7082K(7168K)->0K(7168K) From: 5700K(7168K)->1356K(7168K)
[2026-06-17T09:57:19.825+0800][27.341s][info][gc,heap        ] GC(1098) ParOldGen: 26818K(44032K)->31576K(44032K)
[2026-06-17T09:57:19.825+0800][27.341s][info][gc,metaspace   ] GC(1098) Metaspace: 152K(384K)->152K(384K) NonClass: 147K(256K)->147K(256K) Class: 4K(128K)->4K(128K)
[2026-06-17T09:57:19.825+0800][27.341s][info][gc             ] GC(1098) Pause Young (Allocation Failure) 38M->32M(57M) 1.334ms
[2026-06-17T09:57:19.825+0800][27.341s][info][gc,cpu         ] GC(1098) User=0.00s Sys=0.00s Real=0.00s
[2026-06-17T09:57:19.846+0800][27.362s][info][gc,start       ] GC(1099) Pause Young (Allocation Failure)
[2026-06-17T09:57:19.847+0800][27.363s][info][gc,heap        ] GC(1099) PSYoungGen: 8522K(14336K)->3577K(14336K) Eden: 7165K(7168K)->0K(7168K) From: 1356K(7168K)->3577K(7168K)
[2026-06-17T09:57:19.847+0800][27.363s][info][gc,heap        ] GC(1099) ParOldGen: 31576K(44032K)->32908K(44032K)
[2026-06-17T09:57:19.848+0800][27.364s][info][gc,metaspace   ] GC(1099) Metaspace: 152K(384K)->152K(384K) NonClass: 147K(256K)->147K(256K) Class: 4K(128K)->4K(128K)
[2026-06-17T09:57:19.848+0800][27.364s][info][gc             ] GC(1099) Pause Young (Allocation Failure) 39M->35M(57M) 1.578ms
[2026-06-17T09:57:19.848+0800][27.364s][info][gc,cpu         ] GC(1099) User=0.00s Sys=0.00s Real=0.00s
[2026-06-17T09:57:19.869+0800][27.385s][info][gc,start       ] GC(1100) Pause Young (Allocation Failure)
[2026-06-17T09:57:19.869+0800][27.385s][info][gc,heap        ] GC(1100) PSYoungGen: 10724K(14336K)->3287K(14336K) Eden: 7147K(7168K)->0K(7168K) From: 3577K(7168K)->3287K(7168K)
[2026-06-17T09:57:19.869+0800][27.385s][info][gc,heap        ] GC(1100) ParOldGen: 32908K(44032K)->33771K(44032K)
[2026-06-17T09:57:19.870+0800][27.386s][info][gc,metaspace   ] GC(1100) Metaspace: 152K(384K)->152K(384K) NonClass: 147K(256K)->147K(256K) Class: 4K(128K)->4K(128K)
[2026-06-17T09:57:19.870+0800][27.386s][info][gc             ] GC(1100) Pause Young (Allocation Failure) 42M->36M(57M) 1.131ms
[2026-06-17T09:57:19.870+0800][27.386s][info][gc,cpu         ] GC(1100) User=0.00s Sys=0.00s Real=0.00s
[2026-06-17T09:57:19.891+0800][27.407s][info][gc,start       ] GC(1101) Pause Young (Allocation Failure)
[2026-06-17T09:57:19.891+0800][27.407s][info][gc,heap        ] GC(1101) PSYoungGen: 10444K(14336K)->1354K(14336K) Eden: 7157K(7168K)->0K(7168K) From: 3287K(7168K)->1354K(7168K)
[2026-06-17T09:57:19.892+0800][27.408s][info][gc,heap        ] GC(1101) ParOldGen: 33771K(44032K)->35853K(44032K)
[2026-06-17T09:57:19.892+0800][27.408s][info][gc,metaspace   ] GC(1101) Metaspace: 152K(384K)->152K(384K) NonClass: 147K(256K)->147K(256K) Class: 4K(128K)->4K(128K)
[2026-06-17T09:57:19.892+0800][27.408s][info][gc             ] GC(1101) Pause Young (Allocation Failure) 43M->36M(57M) 1.043ms
[2026-06-17T09:57:19.892+0800][27.408s][info][gc,cpu         ] GC(1101) User=0.00s Sys=0.00s Real=0.00s
[2026-06-17T09:57:19.902+0800][27.418s][info][gc,start       ] GC(1102) Pause Young (Allocation Failure)
[2026-06-17T09:57:19.903+0800][27.419s][info][gc,heap        ] GC(1102) PSYoungGen: 8518K(14336K)->5006K(14336K) Eden: 7164K(7168K)->0K(7168K) From: 1354K(7168K)->5006K(7168K)
[2026-06-17T09:57:19.903+0800][27.419s][info][gc,heap        ] GC(1102) ParOldGen: 35853K(44032K)->35853K(44032K)
[2026-06-17T09:57:19.903+0800][27.419s][info][gc,metaspace   ] GC(1102) Metaspace: 152K(384K)->152K(384K) NonClass: 147K(256K)->147K(256K) Class: 4K(128K)->4K(128K)
[2026-06-17T09:57:19.904+0800][27.420s][info][gc             ] GC(1102) Pause Young (Allocation Failure) 43M->39M(57M) 1.129ms
[2026-06-17T09:57:19.904+0800][27.420s][info][gc,cpu         ] GC(1102) User=0.01s Sys=0.00s Real=0.00s
[2026-06-17T09:57:19.925+0800][27.441s][info][gc,start       ] GC(1103) Pause Young (Allocation Failure)
[2026-06-17T09:57:19.927+0800][27.443s][info][gc,heap        ] GC(1103) PSYoungGen: 12016K(14336K)->32K(14336K) Eden: 7009K(7168K)->0K(7168K) From: 5006K(7168K)->32K(7168K)
[2026-06-17T09:57:19.927+0800][27.443s][info][gc,heap        ] GC(1103) ParOldGen: 35853K(44032K)->37425K(44032K)
[2026-06-17T09:57:19.928+0800][27.444s][info][gc,metaspace   ] GC(1103) Metaspace: 152K(384K)->152K(384K) NonClass: 147K(256K)->147K(256K) Class: 4K(128K)->4K(128K)
[2026-06-17T09:57:19.930+0800][27.446s][info][gc             ] GC(1103) Pause Young (Allocation Failure) 46M->36M(57M) 5.293ms
[2026-06-17T09:57:19.930+0800][27.446s][info][gc,cpu         ] GC(1103) User=0.00s Sys=0.00s Real=0.00s
[2026-06-17T09:57:19.951+0800][27.467s][info][gc,start       ] GC(1104) Pause Young (Allocation Failure)
[2026-06-17T09:57:19.952+0800][27.468s][info][gc,heap        ] GC(1104) PSYoungGen: 7166K(14336K)->3411K(14336K) Eden: 7134K(7168K)->0K(7168K) From: 32K(7168K)->3411K(7168K)
[2026-06-17T09:57:19.952+0800][27.468s][info][gc,heap        ] GC(1104) ParOldGen: 37425K(44032K)->37433K(44032K)
[2026-06-17T09:57:19.952+0800][27.468s][info][gc,metaspace   ] GC(1104) Metaspace: 152K(384K)->152K(384K) NonClass: 147K(256K)->147K(256K) Class: 4K(128K)->4K(128K)
[2026-06-17T09:57:19.953+0800][27.469s][info][gc             ] GC(1104) Pause Young (Allocation Failure) 43M->39M(57M) 1.152ms
[2026-06-17T09:57:19.953+0800][27.469s][info][gc,cpu         ] GC(1104) User=0.00s Sys=0.00s Real=0.00s
[2026-06-17T09:57:19.963+0800][27.479s][info][gc,start       ] GC(1105) Pause Young (Allocation Failure)
[2026-06-17T09:57:19.964+0800][27.480s][info][gc,heap        ] GC(1105) PSYoungGen: 10343K(14336K)->3857K(14336K) Eden: 6931K(7168K)->0K(7168K) From: 3411K(7168K)->3857K(7168K)
[2026-06-17T09:57:19.964+0800][27.480s][info][gc,heap        ] GC(1105) ParOldGen: 37433K(44032K)->37433K(44032K)
[2026-06-17T09:57:19.964+0800][27.480s][info][gc,metaspace   ] GC(1105) Metaspace: 152K(384K)->152K(384K) NonClass: 147K(256K)->147K(256K) Class: 4K(128K)->4K(128K)
[2026-06-17T09:57:19.964+0800][27.480s][info][gc             ] GC(1105) Pause Young (Allocation Failure) 46M->40M(57M) 1.039ms
[2026-06-17T09:57:19.965+0800][27.481s][info][gc,cpu         ] GC(1105) User=0.00s Sys=0.00s Real=0.00s
[2026-06-17T09:57:19.985+0800][27.501s][info][gc,start       ] GC(1106) Pause Young (Allocation Failure)
[2026-06-17T09:57:19.986+0800][27.502s][info][gc,heap        ] GC(1106) PSYoungGen: 11012K(14336K)->7164K(14336K) Eden: 7155K(7168K)->0K(7168K) From: 3857K(7168K)->7164K(7168K)
[2026-06-17T09:57:19.987+0800][27.503s][info][gc,heap        ] GC(1106) ParOldGen: 37433K(44032K)->37688K(44032K)
[2026-06-17T09:57:19.987+0800][27.503s][info][gc,metaspace   ] GC(1106) Metaspace: 152K(384K)->152K(384K) NonClass: 147K(256K)->147K(256K) Class: 4K(128K)->4K(128K)
[2026-06-17T09:57:19.987+0800][27.503s][info][gc             ] GC(1106) Pause Young (Allocation Failure) 47M->43M(57M) 1.542ms
[2026-06-17T09:57:19.987+0800][27.503s][info][gc,cpu         ] GC(1106) User=0.00s Sys=0.00s Real=0.00s
[2026-06-17T09:57:20.008+0800][27.524s][info][gc,start       ] GC(1107) Pause Young (Allocation Failure)
[2026-06-17T09:57:20.009+0800][27.525s][info][gc,heap        ] GC(1107) PSYoungGen: 14324K(14336K)->3990K(14336K) Eden: 7159K(7168K)->0K(7168K) From: 7164K(7168K)->3990K(7168K)
[2026-06-17T09:57:20.009+0800][27.525s][info][gc,heap        ] GC(1107) ParOldGen: 37688K(44032K)->41306K(44032K)
[2026-06-17T09:57:20.009+0800][27.525s][info][gc,metaspace   ] GC(1107) Metaspace: 152K(384K)->152K(384K) NonClass: 147K(256K)->147K(256K) Class: 4K(128K)->4K(128K)
[2026-06-17T09:57:20.009+0800][27.525s][info][gc             ] GC(1107) Pause Young (Allocation Failure) 50M->44M(57M) 1.224ms
[2026-06-17T09:57:20.009+0800][27.525s][info][gc,cpu         ] GC(1107) User=0.00s Sys=0.00s Real=0.00s
[2026-06-17T09:57:20.030+0800][27.546s][info][gc,start       ] GC(1108) Pause Full (Ergonomics)
[2026-06-17T09:57:20.030+0800][27.546s][info][gc,phases,start] GC(1108) Marking Phase
[2026-06-17T09:57:20.031+0800][27.547s][info][gc,phases      ] GC(1108) Marking Phase 0.733ms
[2026-06-17T09:57:20.031+0800][27.547s][info][gc,phases,start] GC(1108) Summary Phase
[2026-06-17T09:57:20.031+0800][27.547s][info][gc,phases      ] GC(1108) Summary Phase 0.169ms
[2026-06-17T09:57:20.031+0800][27.547s][info][gc,phases,start] GC(1108) Adjust Roots
[2026-06-17T09:57:20.032+0800][27.548s][info][gc,phases      ] GC(1108) Adjust Roots 0.204ms
[2026-06-17T09:57:20.032+0800][27.548s][info][gc,phases,start] GC(1108) Compaction Phase
[2026-06-17T09:57:20.033+0800][27.549s][info][gc,phases      ] GC(1108) Compaction Phase 1.603ms
[2026-06-17T09:57:20.034+0800][27.550s][info][gc,phases,start] GC(1108) Post Compact
[2026-06-17T09:57:20.034+0800][27.550s][info][gc,phases      ] GC(1108) Post Compact 0.188ms
[2026-06-17T09:57:20.034+0800][27.550s][info][gc,heap        ] GC(1108) PSYoungGen: 11141K(14336K)->0K(14336K) Eden: 7151K(7168K)->0K(7168K) From: 3990K(7168K)->0K(7168K)
[2026-06-17T09:57:20.034+0800][27.550s][info][gc,heap        ] GC(1108) ParOldGen: 41306K(44032K)->32247K(44032K)
[2026-06-17T09:57:20.034+0800][27.550s][info][gc,metaspace   ] GC(1108) Metaspace: 152K(384K)->152K(384K) NonClass: 147K(256K)->147K(256K) Class: 4K(128K)->4K(128K)
[2026-06-17T09:57:20.034+0800][27.550s][info][gc             ] GC(1108) Pause Full (Ergonomics) 51M->31M(57M) 4.086ms
[2026-06-17T09:57:20.034+0800][27.550s][info][gc,cpu         ] GC(1108) User=0.00s Sys=0.00s Real=0.01s
[2026-06-17T09:57:20.045+0800][27.561s][info][gc,start       ] GC(1109) Pause Young (Allocation Failure)
[2026-06-17T09:57:20.046+0800][27.562s][info][gc,heap        ] GC(1109) PSYoungGen: 7147K(14336K)->7147K(14336K) Eden: 7147K(7168K)->0K(7168K) From: 0K(7168K)->7147K(7168K)
[2026-06-17T09:57:20.046+0800][27.562s][info][gc,heap        ] GC(1109) ParOldGen: 32247K(44032K)->32362K(44032K)
[2026-06-17T09:57:20.047+0800][27.563s][info][gc,metaspace   ] GC(1109) Metaspace: 152K(384K)->152K(384K) NonClass: 147K(256K)->147K(256K) Class: 4K(128K)->4K(128K)
[2026-06-17T09:57:20.047+0800][27.563s][info][gc             ] GC(1109) Pause Young (Allocation Failure) 38M->38M(57M) 1.447ms
[2026-06-17T09:57:20.047+0800][27.563s][info][gc,cpu         ] GC(1109) User=0.01s Sys=0.00s Real=0.00s
[2026-06-17T09:57:20.068+0800][27.584s][info][gc,start       ] GC(1110) Pause Young (Allocation Failure)
[2026-06-17T09:57:20.069+0800][27.585s][info][gc,heap        ] GC(1110) PSYoungGen: 14303K(14336K)->2843K(14336K) Eden: 7155K(7168K)->0K(7168K) From: 7147K(7168K)->2843K(7168K)
[2026-06-17T09:57:20.069+0800][27.585s][info][gc,heap        ] GC(1110) ParOldGen: 32362K(44032K)->36807K(44032K)
[2026-06-17T09:57:20.069+0800][27.585s][info][gc,metaspace   ] GC(1110) Metaspace: 152K(384K)->152K(384K) NonClass: 147K(256K)->147K(256K) Class: 4K(128K)->4K(128K)
[2026-06-17T09:57:20.069+0800][27.585s][info][gc             ] GC(1110) Pause Young (Allocation Failure) 45M->38M(57M) 1.355ms
[2026-06-17T09:57:20.069+0800][27.585s][info][gc,cpu         ] GC(1110) User=0.00s Sys=0.00s Real=0.00s
[2026-06-17T09:57:20.090+0800][27.606s][info][gc,start       ] GC(1111) Pause Young (Allocation Failure)
[2026-06-17T09:57:20.091+0800][27.607s][info][gc,heap        ] GC(1111) PSYoungGen: 9998K(14336K)->2825K(14336K) Eden: 7155K(7168K)->0K(7168K) From: 2843K(7168K)->2825K(7168K)
[2026-06-17T09:57:20.091+0800][27.607s][info][gc,heap        ] GC(1111) ParOldGen: 36807K(44032K)->36807K(44032K)
[2026-06-17T09:57:20.091+0800][27.607s][info][gc,metaspace   ] GC(1111) Metaspace: 152K(384K)->152K(384K) NonClass: 147K(256K)->147K(256K) Class: 4K(128K)->4K(128K)
[2026-06-17T09:57:20.091+0800][27.607s][info][gc             ] GC(1111) Pause Young (Allocation Failure) 45M->38M(57M) 0.936ms
[2026-06-17T09:57:20.091+0800][27.607s][info][gc,cpu         ] GC(1111) User=0.00s Sys=0.00s Real=0.01s
[2026-06-17T09:57:20.102+0800][27.618s][info][gc,start       ] GC(1112) Pause Young (Allocation Failure)
[2026-06-17T09:57:20.103+0800][27.619s][info][gc,heap        ] GC(1112) PSYoungGen: 9850K(14336K)->940K(14336K) Eden: 7024K(7168K)->0K(7168K) From: 2825K(7168K)->940K(7168K)
[2026-06-17T09:57:20.103+0800][27.619s][info][gc,heap        ] GC(1112) ParOldGen: 36807K(44032K)->38920K(44032K)
[2026-06-17T09:57:20.103+0800][27.619s][info][gc,metaspace   ] GC(1112) Metaspace: 152K(384K)->152K(384K) NonClass: 147K(256K)->147K(256K) Class: 4K(128K)->4K(128K)
[2026-06-17T09:57:20.103+0800][27.619s][info][gc             ] GC(1112) Pause Young (Allocation Failure) 45M->38M(57M) 1.125ms
[2026-06-17T09:57:20.103+0800][27.619s][info][gc,cpu         ] GC(1112) User=0.00s Sys=0.00s Real=0.01s
[2026-06-17T09:57:20.124+0800][27.640s][info][gc,start       ] GC(1113) Pause Young (Allocation Failure)
[2026-06-17T09:57:20.125+0800][27.641s][info][gc,heap        ] GC(1113) PSYoungGen: 8108K(14336K)->3440K(14336K) Eden: 7168K(7168K)->0K(7168K) From: 940K(7168K)->3440K(7168K)
[2026-06-17T09:57:20.125+0800][27.641s][info][gc,heap        ] GC(1113) ParOldGen: 38920K(44032K)->39836K(44032K)
[2026-06-17T09:57:20.125+0800][27.641s][info][gc,metaspace   ] GC(1113) Metaspace: 152K(384K)->152K(384K) NonClass: 147K(256K)->147K(256K) Class: 4K(128K)->4K(128K)
[2026-06-17T09:57:20.125+0800][27.641s][info][gc             ] GC(1113) Pause Young (Allocation Failure) 45M->42M(57M) 1.111ms
[2026-06-17T09:57:20.125+0800][27.641s][info][gc,cpu         ] GC(1113) User=0.00s Sys=0.00s Real=0.00s
[2026-06-17T09:57:20.146+0800][27.662s][info][gc,start       ] GC(1114) Pause Full (Ergonomics)
[2026-06-17T09:57:20.147+0800][27.663s][info][gc,phases,start] GC(1114) Marking Phase
[2026-06-17T09:57:20.148+0800][27.664s][info][gc,phases      ] GC(1114) Marking Phase 0.984ms
[2026-06-17T09:57:20.149+0800][27.665s][info][gc,phases,start] GC(1114) Summary Phase
[2026-06-17T09:57:20.149+0800][27.665s][info][gc,phases      ] GC(1114) Summary Phase 0.442ms
[2026-06-17T09:57:20.149+0800][27.665s][info][gc,phases,start] GC(1114) Adjust Roots
[2026-06-17T09:57:20.150+0800][27.666s][info][gc,phases      ] GC(1114) Adjust Roots 0.383ms
[2026-06-17T09:57:20.150+0800][27.666s][info][gc,phases,start] GC(1114) Compaction Phase
[2026-06-17T09:57:20.152+0800][27.668s][info][gc,phases      ] GC(1114) Compaction Phase 1.676ms
[2026-06-17T09:57:20.152+0800][27.668s][info][gc,phases,start] GC(1114) Post Compact
[2026-06-17T09:57:20.153+0800][27.669s][info][gc,phases      ] GC(1114) Post Compact 0.242ms
[2026-06-17T09:57:20.153+0800][27.669s][info][gc,heap        ] GC(1114) PSYoungGen: 10592K(14336K)->0K(14336K) Eden: 7151K(7168K)->0K(7168K) From: 3440K(7168K)->0K(7168K)
[2026-06-17T09:57:20.153+0800][27.669s][info][gc,heap        ] GC(1114) ParOldGen: 39836K(44032K)->30108K(44032K)
[2026-06-17T09:57:20.153+0800][27.669s][info][gc,metaspace   ] GC(1114) Metaspace: 152K(384K)->152K(384K) NonClass: 147K(256K)->147K(256K) Class: 4K(128K)->4K(128K)
[2026-06-17T09:57:20.153+0800][27.669s][info][gc             ] GC(1114) Pause Full (Ergonomics) 49M->29M(57M) 6.489ms
[2026-06-17T09:57:20.153+0800][27.669s][info][gc,cpu         ] GC(1114) User=0.01s Sys=0.00s Real=0.01s
[2026-06-17T09:57:20.174+0800][27.690s][info][gc,start       ] GC(1115) Pause Young (Allocation Failure)
[2026-06-17T09:57:20.175+0800][27.691s][info][gc,heap        ] GC(1115) PSYoungGen: 7147K(14336K)->3847K(14336K) Eden: 7147K(7168K)->0K(7168K) From: 0K(7168K)->3847K(7168K)
[2026-06-17T09:57:20.175+0800][27.691s][info][gc,heap        ] GC(1115) ParOldGen: 30108K(44032K)->30108K(44032K)
[2026-06-17T09:57:20.175+0800][27.691s][info][gc,metaspace   ] GC(1115) Metaspace: 152K(384K)->152K(384K) NonClass: 147K(256K)->147K(256K) Class: 4K(128K)->4K(128K)
[2026-06-17T09:57:20.175+0800][27.691s][info][gc             ] GC(1115) Pause Young (Allocation Failure) 36M->33M(57M) 1.220ms
[2026-06-17T09:57:20.175+0800][27.691s][info][gc,cpu         ] GC(1115) User=0.00s Sys=0.00s Real=0.00s
[2026-06-17T09:57:20.186+0800][27.702s][info][gc,start       ] GC(1116) Pause Young (Allocation Failure)
[2026-06-17T09:57:20.187+0800][27.703s][info][gc,heap        ] GC(1116) PSYoungGen: 10975K(14336K)->5309K(14336K) Eden: 7127K(7168K)->0K(7168K) From: 3847K(7168K)->5309K(7168K)
[2026-06-17T09:57:20.187+0800][27.703s][info][gc,heap        ] GC(1116) ParOldGen: 30108K(44032K)->32347K(44032K)
[2026-06-17T09:57:20.187+0800][27.703s][info][gc,metaspace   ] GC(1116) Metaspace: 152K(384K)->152K(384K) NonClass: 147K(256K)->147K(256K) Class: 4K(128K)->4K(128K)
[2026-06-17T09:57:20.187+0800][27.703s][info][gc             ] GC(1116) Pause Young (Allocation Failure) 40M->36M(57M) 1.327ms
[2026-06-17T09:57:20.187+0800][27.704s][info][gc,cpu         ] GC(1116) User=0.00s Sys=0.00s Real=0.00s
[2026-06-17T09:57:20.208+0800][27.724s][info][gc,start       ] GC(1117) Pause Young (Allocation Failure)
[2026-06-17T09:57:20.209+0800][27.725s][info][gc,heap        ] GC(1117) PSYoungGen: 12467K(14336K)->3419K(14336K) Eden: 7158K(7168K)->0K(7168K) From: 5309K(7168K)->3419K(7168K)
[2026-06-17T09:57:20.209+0800][27.725s][info][gc,heap        ] GC(1117) ParOldGen: 32347K(44032K)->34258K(44032K)
[2026-06-17T09:57:20.210+0800][27.726s][info][gc,metaspace   ] GC(1117) Metaspace: 152K(384K)->152K(384K) NonClass: 147K(256K)->147K(256K) Class: 4K(128K)->4K(128K)
[2026-06-17T09:57:20.210+0800][27.726s][info][gc             ] GC(1117) Pause Young (Allocation Failure) 43M->36M(57M) 1.238ms
[2026-06-17T09:57:20.210+0800][27.726s][info][gc,cpu         ] GC(1117) User=0.00s Sys=0.00s Real=0.00s
[2026-06-17T09:57:20.231+0800][27.747s][info][gc,start       ] GC(1118) Pause Young (Allocation Failure)
[2026-06-17T09:57:20.231+0800][27.747s][info][gc,heap        ] GC(1118) PSYoungGen: 10571K(14336K)->2369K(14336K) Eden: 7151K(7168K)->0K(7168K) From: 3419K(7168K)->2369K(7168K)
[2026-06-17T09:57:20.231+0800][27.747s][info][gc,heap        ] GC(1118) ParOldGen: 34258K(44032K)->35506K(44032K)
[2026-06-17T09:57:20.231+0800][27.747s][info][gc,metaspace   ] GC(1118) Metaspace: 152K(384K)->152K(384K) NonClass: 147K(256K)->147K(256K) Class: 4K(128K)->4K(128K)
[2026-06-17T09:57:20.232+0800][27.748s][info][gc             ] GC(1118) Pause Young (Allocation Failure) 43M->36M(57M) 1.049ms
[2026-06-17T09:57:20.232+0800][27.748s][info][gc,cpu         ] GC(1118) User=0.00s Sys=0.00s Real=0.00s
[2026-06-17T09:57:20.242+0800][27.758s][info][gc,start       ] GC(1119) Pause Young (Allocation Failure)
[2026-06-17T09:57:20.243+0800][27.759s][info][gc,heap        ] GC(1119) PSYoungGen: 9443K(14336K)->567K(14336K) Eden: 7074K(7168K)->0K(7168K) From: 2369K(7168K)->567K(7168K)
[2026-06-17T09:57:20.243+0800][27.759s][info][gc,heap        ] GC(1119) ParOldGen: 35506K(44032K)->37360K(44032K)
[2026-06-17T09:57:20.243+0800][27.759s][info][gc,metaspace   ] GC(1119) Metaspace: 152K(384K)->152K(384K) NonClass: 147K(256K)->147K(256K) Class: 4K(128K)->4K(128K)
[2026-06-17T09:57:20.243+0800][27.759s][info][gc             ] GC(1119) Pause Young (Allocation Failure) 43M->37M(57M) 0.992ms
[2026-06-17T09:57:20.244+0800][27.760s][info][gc,cpu         ] GC(1119) User=0.00s Sys=0.00s Real=0.01s
[2026-06-17T09:57:20.264+0800][27.780s][info][gc,start       ] GC(1120) Pause Young (Allocation Failure)
[2026-06-17T09:57:20.265+0800][27.781s][info][gc,heap        ] GC(1120) PSYoungGen: 7711K(14336K)->3812K(14336K) Eden: 7144K(7168K)->0K(7168K) From: 567K(7168K)->3812K(7168K)
[2026-06-17T09:57:20.266+0800][27.782s][info][gc,heap        ] GC(1120) ParOldGen: 37360K(44032K)->37903K(44032K)
[2026-06-17T09:57:20.266+0800][27.782s][info][gc,metaspace   ] GC(1120) Metaspace: 152K(384K)->152K(384K) NonClass: 147K(256K)->147K(256K) Class: 4K(128K)->4K(128K)
[2026-06-17T09:57:20.266+0800][27.782s][info][gc             ] GC(1120) Pause Young (Allocation Failure) 44M->40M(57M) 1.370ms
[2026-06-17T09:57:20.266+0800][27.782s][info][gc,cpu         ] GC(1120) User=0.00s Sys=0.00s Real=0.00s
[2026-06-17T09:57:20.287+0800][27.803s][info][gc,start       ] GC(1121) Pause Young (Allocation Failure)
[2026-06-17T09:57:20.288+0800][27.804s][info][gc,heap        ] GC(1121) PSYoungGen: 10952K(14336K)->3625K(14336K) Eden: 7139K(7168K)->0K(7168K) From: 3812K(7168K)->3625K(7168K)
[2026-06-17T09:57:20.288+0800][27.804s][info][gc,heap        ] GC(1121) ParOldGen: 37903K(44032K)->37903K(44032K)
[2026-06-17T09:57:20.288+0800][27.804s][info][gc,metaspace   ] GC(1121) Metaspace: 152K(384K)->152K(384K) NonClass: 147K(256K)->147K(256K) Class: 4K(128K)->4K(128K)
[2026-06-17T09:57:20.288+0800][27.805s][info][gc             ] GC(1121) Pause Young (Allocation Failure) 47M->40M(57M) 1.546ms
[2026-06-17T09:57:20.289+0800][27.805s][info][gc,cpu         ] GC(1121) User=0.00s Sys=0.00s Real=0.00s
[2026-06-17T09:57:20.310+0800][27.826s][info][gc,start       ] GC(1122) Pause Young (Allocation Failure)
[2026-06-17T09:57:20.311+0800][27.827s][info][gc,heap        ] GC(1122) PSYoungGen: 10782K(14336K)->3423K(14336K) Eden: 7156K(7168K)->0K(7168K) From: 3625K(7168K)->3423K(7168K)
[2026-06-17T09:57:20.311+0800][27.827s][info][gc,heap        ] GC(1122) ParOldGen: 37903K(44032K)->37903K(44032K)
[2026-06-17T09:57:20.311+0800][27.827s][info][gc,metaspace   ] GC(1122) Metaspace: 152K(384K)->152K(384K) NonClass: 147K(256K)->147K(256K) Class: 4K(128K)->4K(128K)
[2026-06-17T09:57:20.311+0800][27.827s][info][gc             ] GC(1122) Pause Young (Allocation Failure) 47M->40M(57M) 1.298ms
[2026-06-17T09:57:20.311+0800][27.827s][info][gc,cpu         ] GC(1122) User=0.00s Sys=0.00s Real=0.01s
[2026-06-17T09:57:20.322+0800][27.838s][info][gc,start       ] GC(1123) Pause Young (Allocation Failure)
[2026-06-17T09:57:20.323+0800][27.839s][info][gc,heap        ] GC(1123) PSYoungGen: 10550K(14336K)->6557K(13824K) Eden: 7127K(7168K)->0K(7168K) From: 3423K(7168K)->6557K(6656K)
[2026-06-17T09:57:20.323+0800][27.839s][info][gc,heap        ] GC(1123) ParOldGen: 37903K(44032K)->38736K(44032K)
[2026-06-17T09:57:20.323+0800][27.839s][info][gc,metaspace   ] GC(1123) Metaspace: 152K(384K)->152K(384K) NonClass: 147K(256K)->147K(256K) Class: 4K(128K)->4K(128K)
[2026-06-17T09:57:20.323+0800][27.839s][info][gc             ] GC(1123) Pause Young (Allocation Failure) 47M->44M(56M) 1.334ms
[2026-06-17T09:57:20.323+0800][27.839s][info][gc,cpu         ] GC(1123) User=0.00s Sys=0.00s Real=0.01s
[2026-06-17T09:57:20.344+0800][27.860s][info][gc,start       ] GC(1124) Pause Young (Allocation Failure)
[2026-06-17T09:57:20.345+0800][27.861s][info][gc,heap        ] GC(1124) PSYoungGen: 13693K(13824K)->4334K(14336K) Eden: 7136K(7168K)->0K(7168K) From: 6557K(6656K)->4334K(7168K)
[2026-06-17T09:57:20.346+0800][27.862s][info][gc,heap        ] GC(1124) ParOldGen: 38736K(44032K)->40957K(44032K)
[2026-06-17T09:57:20.346+0800][27.862s][info][gc,metaspace   ] GC(1124) Metaspace: 152K(384K)->152K(384K) NonClass: 147K(256K)->147K(256K) Class: 4K(128K)->4K(128K)
[2026-06-17T09:57:20.346+0800][27.862s][info][gc             ] GC(1124) Pause Young (Allocation Failure) 51M->44M(57M) 1.472ms
[2026-06-17T09:57:20.346+0800][27.862s][info][gc,cpu         ] GC(1124) User=0.00s Sys=0.00s Real=0.00s
[2026-06-17T09:57:20.367+0800][27.883s][info][gc,start       ] GC(1125) Pause Full (Ergonomics)
[2026-06-17T09:57:20.367+0800][27.883s][info][gc,phases,start] GC(1125) Marking Phase
[2026-06-17T09:57:20.368+0800][27.884s][info][gc,phases      ] GC(1125) Marking Phase 0.720ms
[2026-06-17T09:57:20.368+0800][27.884s][info][gc,phases,start] GC(1125) Summary Phase
[2026-06-17T09:57:20.368+0800][27.884s][info][gc,phases      ] GC(1125) Summary Phase 0.100ms
[2026-06-17T09:57:20.368+0800][27.884s][info][gc,phases,start] GC(1125) Adjust Roots
[2026-06-17T09:57:20.369+0800][27.885s][info][gc,phases      ] GC(1125) Adjust Roots 0.328ms
[2026-06-17T09:57:20.369+0800][27.885s][info][gc,phases,start] GC(1125) Compaction Phase
[2026-06-17T09:57:20.370+0800][27.886s][info][gc,phases      ] GC(1125) Compaction Phase 1.449ms
[2026-06-17T09:57:20.370+0800][27.886s][info][gc,phases,start] GC(1125) Post Compact
[2026-06-17T09:57:20.371+0800][27.887s][info][gc,phases      ] GC(1125) Post Compact 0.235ms
[2026-06-17T09:57:20.371+0800][27.887s][info][gc,heap        ] GC(1125) PSYoungGen: 11500K(14336K)->0K(14336K) Eden: 7165K(7168K)->0K(7168K) From: 4334K(7168K)->0K(7168K)
[2026-06-17T09:57:20.371+0800][27.887s][info][gc,heap        ] GC(1125) ParOldGen: 40957K(44032K)->32407K(44032K)
[2026-06-17T09:57:20.371+0800][27.887s][info][gc,metaspace   ] GC(1125) Metaspace: 152K(384K)->152K(384K) NonClass: 147K(256K)->147K(256K) Class: 4K(128K)->4K(128K)
[2026-06-17T09:57:20.371+0800][27.887s][info][gc             ] GC(1125) Pause Full (Ergonomics) 51M->31M(57M) 4.185ms
[2026-06-17T09:57:20.371+0800][27.887s][info][gc,cpu         ] GC(1125) User=0.01s Sys=0.00s Real=0.01s
[2026-06-17T09:57:20.382+0800][27.898s][info][gc,start       ] GC(1126) Pause Young (Allocation Failure)
[2026-06-17T09:57:20.383+0800][27.899s][info][gc,heap        ] GC(1126) PSYoungGen: 7086K(14336K)->3640K(14336K) Eden: 7086K(7168K)->0K(7168K) From: 0K(7168K)->3640K(7168K)
[2026-06-17T09:57:20.384+0800][27.900s][info][gc,heap        ] GC(1126) ParOldGen: 32407K(44032K)->32407K(44032K)
[2026-06-17T09:57:20.384+0800][27.900s][info][gc,metaspace   ] GC(1126) Metaspace: 152K(384K)->152K(384K) NonClass: 147K(256K)->147K(256K) Class: 4K(128K)->4K(128K)
[2026-06-17T09:57:20.384+0800][27.900s][info][gc             ] GC(1126) Pause Young (Allocation Failure) 38M->35M(57M) 2.159ms
[2026-06-17T09:57:20.384+0800][27.900s][info][gc,cpu         ] GC(1126) User=0.00s Sys=0.00s Real=0.01s
[2026-06-17T09:57:20.405+0800][27.921s][info][gc,start       ] GC(1127) Pause Young (Allocation Failure)
[2026-06-17T09:57:20.406+0800][27.922s][info][gc,heap        ] GC(1127) PSYoungGen: 10787K(14336K)->7003K(14336K) Eden: 7147K(7168K)->0K(7168K) From: 3640K(7168K)->7003K(7168K)
[2026-06-17T09:57:20.406+0800][27.922s][info][gc,heap        ] GC(1127) ParOldGen: 32407K(44032K)->32572K(44032K)
[2026-06-17T09:57:20.406+0800][27.922s][info][gc,metaspace   ] GC(1127) Metaspace: 152K(384K)->152K(384K) NonClass: 147K(256K)->147K(256K) Class: 4K(128K)->4K(128K)
[2026-06-17T09:57:20.407+0800][27.923s][info][gc             ] GC(1127) Pause Young (Allocation Failure) 42M->38M(57M) 1.645ms
[2026-06-17T09:57:20.407+0800][27.923s][info][gc,cpu         ] GC(1127) User=0.00s Sys=0.00s Real=0.00s
[2026-06-17T09:57:20.417+0800][27.933s][info][gc,start       ] GC(1128) Pause Young (Allocation Failure)
[2026-06-17T09:57:20.419+0800][27.935s][info][gc,heap        ] GC(1128) PSYoungGen: 14138K(14336K)->1477K(14336K) Eden: 7135K(7168K)->0K(7168K) From: 7003K(7168K)->1477K(7168K)
[2026-06-17T09:57:20.419+0800][27.935s][info][gc,heap        ] GC(1128) ParOldGen: 32572K(44032K)->38420K(44032K)
[2026-06-17T09:57:20.419+0800][27.935s][info][gc,metaspace   ] GC(1128) Metaspace: 152K(384K)->152K(384K) NonClass: 147K(256K)->147K(256K) Class: 4K(128K)->4K(128K)
[2026-06-17T09:57:20.419+0800][27.935s][info][gc             ] GC(1128) Pause Young (Allocation Failure) 45M->38M(57M) 1.807ms
[2026-06-17T09:57:20.420+0800][27.936s][info][gc,cpu         ] GC(1128) User=0.00s Sys=0.00s Real=0.00s
[2026-06-17T09:57:20.451+0800][27.967s][info][gc,start       ] GC(1129) Pause Young (Allocation Failure)
[2026-06-17T09:57:20.452+0800][27.968s][info][gc,heap        ] GC(1129) PSYoungGen: 8645K(14336K)->437K(14336K) Eden: 7168K(7168K)->0K(7168K) From: 1477K(7168K)->437K(7168K)
[2026-06-17T09:57:20.452+0800][27.968s][info][gc,heap        ] GC(1129) ParOldGen: 38420K(44032K)->39873K(44032K)
[2026-06-17T09:57:20.453+0800][27.969s][info][gc,metaspace   ] GC(1129) Metaspace: 152K(384K)->152K(384K) NonClass: 147K(256K)->147K(256K) Class: 4K(128K)->4K(128K)
[2026-06-17T09:57:20.453+0800][27.969s][info][gc             ] GC(1129) Pause Young (Allocation Failure) 45M->39M(57M) 2.369ms
[2026-06-17T09:57:20.454+0800][27.970s][info][gc,cpu         ] GC(1129) User=0.00s Sys=0.00s Real=0.00s
[2026-06-17T09:57:20.467+0800][27.983s][info][gc,start       ] GC(1130) Pause Full (Ergonomics)
[2026-06-17T09:57:20.467+0800][27.983s][info][gc,phases,start] GC(1130) Marking Phase
[2026-06-17T09:57:20.468+0800][27.984s][info][gc,phases      ] GC(1130) Marking Phase 0.890ms
[2026-06-17T09:57:20.468+0800][27.984s][info][gc,phases,start] GC(1130) Summary Phase
[2026-06-17T09:57:20.469+0800][27.985s][info][gc,phases      ] GC(1130) Summary Phase 0.347ms
[2026-06-17T09:57:20.469+0800][27.985s][info][gc,phases,start] GC(1130) Adjust Roots
[2026-06-17T09:57:20.470+0800][27.986s][info][gc,phases      ] GC(1130) Adjust Roots 0.758ms
[2026-06-17T09:57:20.470+0800][27.986s][info][gc,phases,start] GC(1130) Compaction Phase
[2026-06-17T09:57:20.473+0800][27.989s][info][gc,phases      ] GC(1130) Compaction Phase 2.776ms
[2026-06-17T09:57:20.473+0800][27.989s][info][gc,phases,start] GC(1130) Post Compact
[2026-06-17T09:57:20.474+0800][27.990s][info][gc,phases      ] GC(1130) Post Compact 0.255ms
[2026-06-17T09:57:20.474+0800][27.990s][info][gc,heap        ] GC(1130) PSYoungGen: 7565K(14336K)->0K(14336K) Eden: 7128K(7168K)->0K(7168K) From: 437K(7168K)->0K(7168K)
[2026-06-17T09:57:20.474+0800][27.990s][info][gc,heap        ] GC(1130) ParOldGen: 39873K(44032K)->24446K(44032K)
[2026-06-17T09:57:20.474+0800][27.990s][info][gc,metaspace   ] GC(1130) Metaspace: 152K(384K)->152K(384K) NonClass: 147K(256K)->147K(256K) Class: 4K(128K)->4K(128K)
[2026-06-17T09:57:20.474+0800][27.990s][info][gc             ] GC(1130) Pause Full (Ergonomics) 46M->23M(57M) 7.652ms
[2026-06-17T09:57:20.474+0800][27.990s][info][gc,cpu         ] GC(1130) User=0.01s Sys=0.00s Real=0.01s
[2026-06-17T09:57:20.496+0800][28.012s][info][gc,start       ] GC(1131) Pause Young (Allocation Failure)
[2026-06-17T09:57:20.497+0800][28.013s][info][gc,heap        ] GC(1131) PSYoungGen: 7154K(14336K)->3782K(14336K) Eden: 7154K(7168K)->0K(7168K) From: 0K(7168K)->3782K(7168K)
[2026-06-17T09:57:20.498+0800][28.014s][info][gc,heap        ] GC(1131) ParOldGen: 24446K(44032K)->24446K(44032K)
[2026-06-17T09:57:20.498+0800][28.014s][info][gc,metaspace   ] GC(1131) Metaspace: 152K(384K)->152K(384K) NonClass: 147K(256K)->147K(256K) Class: 4K(128K)->4K(128K)
[2026-06-17T09:57:20.499+0800][28.015s][info][gc             ] GC(1131) Pause Young (Allocation Failure) 30M->27M(57M) 2.711ms
[2026-06-17T09:57:20.499+0800][28.015s][info][gc,cpu         ] GC(1131) User=0.00s Sys=0.01s Real=0.00s
[2026-06-17T09:57:20.520+0800][28.036s][info][gc,start       ] GC(1132) Pause Young (Allocation Failure)
[2026-06-17T09:57:20.521+0800][28.037s][info][gc,heap        ] GC(1132) PSYoungGen: 10950K(14336K)->2454K(14336K) Eden: 7168K(7168K)->0K(7168K) From: 3782K(7168K)->2454K(7168K)
[2026-06-17T09:57:20.522+0800][28.038s][info][gc,heap        ] GC(1132) ParOldGen: 24446K(44032K)->26111K(44032K)
[2026-06-17T09:57:20.522+0800][28.038s][info][gc,metaspace   ] GC(1132) Metaspace: 152K(384K)->152K(384K) NonClass: 147K(256K)->147K(256K) Class: 4K(128K)->4K(128K)
[2026-06-17T09:57:20.523+0800][28.039s][info][gc             ] GC(1132) Pause Young (Allocation Failure) 34M->27M(57M) 2.094ms
[2026-06-17T09:57:20.523+0800][28.039s][info][gc,cpu         ] GC(1132) User=0.00s Sys=0.00s Real=0.01s
[2026-06-17T09:57:20.534+0800][28.050s][info][gc,start       ] GC(1133) Pause Young (Allocation Failure)
[2026-06-17T09:57:20.537+0800][28.053s][info][gc,heap        ] GC(1133) PSYoungGen: 9548K(14336K)->1244K(14336K) Eden: 7094K(7168K)->0K(7168K) From: 2454K(7168K)->1244K(7168K)
[2026-06-17T09:57:20.537+0800][28.053s][info][gc,heap        ] GC(1133) ParOldGen: 26111K(44032K)->27926K(44032K)
[2026-06-17T09:57:20.538+0800][28.054s][info][gc,metaspace   ] GC(1133) Metaspace: 152K(384K)->152K(384K) NonClass: 147K(256K)->147K(256K) Class: 4K(128K)->4K(128K)
[2026-06-17T09:57:20.539+0800][28.055s][info][gc             ] GC(1133) Pause Young (Allocation Failure) 34M->28M(57M) 4.892ms
[2026-06-17T09:57:20.540+0800][28.056s][info][gc,cpu         ] GC(1133) User=0.00s Sys=0.00s Real=0.00s
[2026-06-17T09:57:20.563+0800][28.079s][info][gc,start       ] GC(1134) Pause Young (Allocation Failure)
[2026-06-17T09:57:20.566+0800][28.082s][info][gc,heap        ] GC(1134) PSYoungGen: 8396K(14336K)->3767K(14336K) Eden: 7152K(7168K)->0K(7168K) From: 1244K(7168K)->3767K(7168K)
[2026-06-17T09:57:20.567+0800][28.083s][info][gc,heap        ] GC(1134) ParOldGen: 27926K(44032K)->29146K(44032K)
[2026-06-17T09:57:20.570+0800][28.086s][info][gc,metaspace   ] GC(1134) Metaspace: 152K(384K)->152K(384K) NonClass: 147K(256K)->147K(256K) Class: 4K(128K)->4K(128K)
[2026-06-17T09:57:20.570+0800][28.086s][info][gc             ] GC(1134) Pause Young (Allocation Failure) 35M->32M(57M) 7.486ms
[2026-06-17T09:57:20.571+0800][28.087s][info][gc,cpu         ] GC(1134) User=0.00s Sys=0.00s Real=0.01s
[2026-06-17T09:57:20.595+0800][28.111s][info][gc,start       ] GC(1135) Pause Young (Allocation Failure)
[2026-06-17T09:57:20.597+0800][28.113s][info][gc,heap        ] GC(1135) PSYoungGen: 10929K(14336K)->3638K(14336K) Eden: 7162K(7168K)->0K(7168K) From: 3767K(7168K)->3638K(7168K)
[2026-06-17T09:57:20.598+0800][28.114s][info][gc,heap        ] GC(1135) ParOldGen: 29146K(44032K)->29734K(44032K)
[2026-06-17T09:57:20.599+0800][28.115s][info][gc,metaspace   ] GC(1135) Metaspace: 152K(384K)->152K(384K) NonClass: 147K(256K)->147K(256K) Class: 4K(128K)->4K(128K)
[2026-06-17T09:57:20.599+0800][28.115s][info][gc             ] GC(1135) Pause Young (Allocation Failure) 39M->32M(57M) 3.956ms
[2026-06-17T09:57:20.600+0800][28.116s][info][gc,cpu         ] GC(1135) User=0.00s Sys=0.00s Real=0.00s
[2026-06-17T09:57:20.622+0800][28.138s][info][gc,start       ] GC(1136) Pause Young (Allocation Failure)
[2026-06-17T09:57:20.623+0800][28.139s][info][gc,heap        ] GC(1136) PSYoungGen: 10797K(14336K)->1666K(14336K) Eden: 7158K(7168K)->0K(7168K) From: 3638K(7168K)->1666K(7168K)
[2026-06-17T09:57:20.623+0800][28.139s][info][gc,heap        ] GC(1136) ParOldGen: 29734K(44032K)->31946K(44032K)
[2026-06-17T09:57:20.624+0800][28.140s][info][gc,metaspace   ] GC(1136) Metaspace: 152K(384K)->152K(384K) NonClass: 147K(256K)->147K(256K) Class: 4K(128K)->4K(128K)
[2026-06-17T09:57:20.624+0800][28.140s][info][gc             ] GC(1136) Pause Young (Allocation Failure) 39M->32M(57M) 2.421ms
[2026-06-17T09:57:20.624+0800][28.140s][info][gc,cpu         ] GC(1136) User=0.00s Sys=0.00s Real=0.01s
[2026-06-17T09:57:20.636+0800][28.152s][info][gc,start       ] GC(1137) Pause Young (Allocation Failure)
[2026-06-17T09:57:20.638+0800][28.154s][info][gc,heap        ] GC(1137) PSYoungGen: 8786K(14336K)->4049K(14336K) Eden: 7120K(7168K)->0K(7168K) From: 1666K(7168K)->4049K(7168K)
[2026-06-17T09:57:20.638+0800][28.154s][info][gc,heap        ] GC(1137) ParOldGen: 31946K(44032K)->33272K(44032K)
[2026-06-17T09:57:20.639+0800][28.155s][info][gc,metaspace   ] GC(1137) Metaspace: 152K(384K)->152K(384K) NonClass: 147K(256K)->147K(256K) Class: 4K(128K)->4K(128K)
[2026-06-17T09:57:20.639+0800][28.155s][info][gc             ] GC(1137) Pause Young (Allocation Failure) 39M->36M(57M) 3.219ms
[2026-06-17T09:57:20.639+0800][28.155s][info][gc,cpu         ] GC(1137) User=0.00s Sys=0.00s Real=0.00s
[2026-06-17T09:57:20.661+0800][28.177s][info][gc,start       ] GC(1138) Pause Young (Allocation Failure)
[2026-06-17T09:57:20.663+0800][28.179s][info][gc,heap        ] GC(1138) PSYoungGen: 11190K(14336K)->2848K(14336K) Eden: 7141K(7168K)->0K(7168K) From: 4049K(7168K)->2848K(7168K)
[2026-06-17T09:57:20.664+0800][28.180s][info][gc,heap        ] GC(1138) ParOldGen: 33272K(44032K)->34863K(44032K)
[2026-06-17T09:57:20.664+0800][28.180s][info][gc,metaspace   ] GC(1138) Metaspace: 152K(384K)->152K(384K) NonClass: 147K(256K)->147K(256K) Class: 4K(128K)->4K(128K)
[2026-06-17T09:57:20.665+0800][28.181s][info][gc             ] GC(1138) Pause Young (Allocation Failure) 43M->36M(57M) 3.508ms
[2026-06-17T09:57:20.666+0800][28.182s][info][gc,cpu         ] GC(1138) User=0.00s Sys=0.00s Real=0.01s
[2026-06-17T09:57:20.687+0800][28.203s][info][gc,start       ] GC(1139) Pause Young (Allocation Failure)
[2026-06-17T09:57:20.689+0800][28.205s][info][gc,heap        ] GC(1139) PSYoungGen: 9999K(14336K)->2760K(14848K) Eden: 7150K(7168K)->0K(8192K) From: 2848K(7168K)->2760K(6656K)
[2026-06-17T09:57:20.690+0800][28.206s][info][gc,heap        ] GC(1139) ParOldGen: 34863K(44032K)->34863K(44032K)
[2026-06-17T09:57:20.691+0800][28.207s][info][gc,metaspace   ] GC(1139) Metaspace: 152K(384K)->152K(384K) NonClass: 147K(256K)->147K(256K) Class: 4K(128K)->4K(128K)
[2026-06-17T09:57:20.691+0800][28.207s][info][gc             ] GC(1139) Pause Young (Allocation Failure) 43M->36M(57M) 3.954ms
[2026-06-17T09:57:20.692+0800][28.208s][info][gc,cpu         ] GC(1139) User=0.01s Sys=0.00s Real=0.01s
[2026-06-17T09:57:20.715+0800][28.231s][info][gc,start       ] GC(1140) Pause Young (Allocation Failure)
[2026-06-17T09:57:20.716+0800][28.232s][info][gc,heap        ] GC(1140) PSYoungGen: 10942K(14848K)->2217K(14848K) Eden: 8182K(8192K)->0K(8192K) From: 2760K(6656K)->2217K(6656K)
[2026-06-17T09:57:20.717+0800][28.233s][info][gc,heap        ] GC(1140) ParOldGen: 34863K(44032K)->36628K(44032K)
[2026-06-17T09:57:20.718+0800][28.234s][info][gc,metaspace   ] GC(1140) Metaspace: 152K(384K)->152K(384K) NonClass: 147K(256K)->147K(256K) Class: 4K(128K)->4K(128K)
[2026-06-17T09:57:20.718+0800][28.234s][info][gc             ] GC(1140) Pause Young (Allocation Failure) 44M->37M(57M) 3.503ms
[2026-06-17T09:57:20.719+0800][28.235s][info][gc,cpu         ] GC(1140) User=0.00s Sys=0.00s Real=0.00s
[2026-06-17T09:57:20.742+0800][28.258s][info][gc,start       ] GC(1141) Pause Young (Allocation Failure)
[2026-06-17T09:57:20.743+0800][28.259s][info][gc,heap        ] GC(1141) PSYoungGen: 10390K(14848K)->1791K(15360K) Eden: 8172K(8192K)->0K(9216K) From: 2217K(6656K)->1791K(6144K)
[2026-06-17T09:57:20.744+0800][28.260s][info][gc,heap        ] GC(1141) ParOldGen: 36628K(44032K)->38262K(44032K)
[2026-06-17T09:57:20.744+0800][28.260s][info][gc,metaspace   ] GC(1141) Metaspace: 152K(384K)->152K(384K) NonClass: 147K(256K)->147K(256K) Class: 4K(128K)->4K(128K)
[2026-06-17T09:57:20.745+0800][28.261s][info][gc             ] GC(1141) Pause Young (Allocation Failure) 45M->39M(58M) 3.185ms
[2026-06-17T09:57:20.746+0800][28.262s][info][gc,cpu         ] GC(1141) User=0.00s Sys=0.00s Real=0.01s
[2026-06-17T09:57:20.767+0800][28.283s][info][gc,start       ] GC(1142) Pause Young (Allocation Failure)
[2026-06-17T09:57:20.769+0800][28.285s][info][gc,heap        ] GC(1142) PSYoungGen: 10982K(15360K)->3662K(15360K) Eden: 9191K(9216K)->0K(9216K) From: 1791K(6144K)->3662K(6144K)
[2026-06-17T09:57:20.769+0800][28.285s][info][gc,heap        ] GC(1142) ParOldGen: 38262K(44032K)->38262K(44032K)
[2026-06-17T09:57:20.769+0800][28.285s][info][gc,metaspace   ] GC(1142) Metaspace: 152K(384K)->152K(384K) NonClass: 147K(256K)->147K(256K) Class: 4K(128K)->4K(128K)
[2026-06-17T09:57:20.769+0800][28.285s][info][gc             ] GC(1142) Pause Young (Allocation Failure) 48M->40M(58M) 2.394ms
[2026-06-17T09:57:20.770+0800][28.286s][info][gc,cpu         ] GC(1142) User=0.00s Sys=0.00s Real=0.00s
[2026-06-17T09:57:20.792+0800][28.308s][info][gc,start       ] GC(1143) Pause Young (Allocation Failure)
[2026-06-17T09:57:20.795+0800][28.311s][info][gc,heap        ] GC(1143) PSYoungGen: 12849K(15360K)->3444K(15360K) Eden: 9187K(9216K)->0K(9216K) From: 3662K(6144K)->3444K(6144K)
[2026-06-17T09:57:20.795+0800][28.311s][info][gc,heap        ] GC(1143) ParOldGen: 38262K(44032K)->40808K(44032K)
[2026-06-17T09:57:20.796+0800][28.312s][info][gc,metaspace   ] GC(1143) Metaspace: 152K(384K)->152K(384K) NonClass: 147K(256K)->147K(256K) Class: 4K(128K)->4K(128K)
[2026-06-17T09:57:20.797+0800][28.313s][info][gc             ] GC(1143) Pause Young (Allocation Failure) 49M->43M(58M) 4.981ms
[2026-06-17T09:57:20.797+0800][28.313s][info][gc,cpu         ] GC(1143) User=0.01s Sys=0.00s Real=0.00s
[2026-06-17T09:57:20.820+0800][28.336s][info][gc,start       ] GC(1144) Pause Full (Ergonomics)
[2026-06-17T09:57:20.820+0800][28.336s][info][gc,phases,start] GC(1144) Marking Phase
[2026-06-17T09:57:20.823+0800][28.339s][info][gc,phases      ] GC(1144) Marking Phase 2.691ms
[2026-06-17T09:57:20.824+0800][28.340s][info][gc,phases,start] GC(1144) Summary Phase
[2026-06-17T09:57:20.824+0800][28.340s][info][gc,phases      ] GC(1144) Summary Phase 0.445ms
[2026-06-17T09:57:20.824+0800][28.340s][info][gc,phases,start] GC(1144) Adjust Roots
[2026-06-17T09:57:20.825+0800][28.341s][info][gc,phases      ] GC(1144) Adjust Roots 0.556ms
[2026-06-17T09:57:20.825+0800][28.341s][info][gc,phases,start] GC(1144) Compaction Phase
[2026-06-17T09:57:20.827+0800][28.343s][info][gc,phases      ] GC(1144) Compaction Phase 1.923ms
[2026-06-17T09:57:20.828+0800][28.344s][info][gc,phases,start] GC(1144) Post Compact
[2026-06-17T09:57:20.829+0800][28.345s][info][gc,phases      ] GC(1144) Post Compact 0.628ms
[2026-06-17T09:57:20.829+0800][28.345s][info][gc,heap        ] GC(1144) PSYoungGen: 12563K(15360K)->0K(15360K) Eden: 9118K(9216K)->0K(9216K) From: 3444K(6144K)->0K(6144K)
[2026-06-17T09:57:20.829+0800][28.345s][info][gc,heap        ] GC(1144) ParOldGen: 40808K(44032K)->21514K(44032K)
[2026-06-17T09:57:20.829+0800][28.345s][info][gc,metaspace   ] GC(1144) Metaspace: 152K(384K)->152K(384K) NonClass: 147K(256K)->147K(256K) Class: 4K(128K)->4K(128K)
[2026-06-17T09:57:20.830+0800][28.346s][info][gc             ] GC(1144) Pause Full (Ergonomics) 52M->21M(58M) 9.929ms
[2026-06-17T09:57:20.830+0800][28.346s][info][gc,cpu         ] GC(1144) User=0.01s Sys=0.00s Real=0.01s
[2026-06-17T09:57:20.852+0800][28.368s][info][gc,start       ] GC(1145) Pause Young (Allocation Failure)
[2026-06-17T09:57:20.854+0800][28.370s][info][gc,heap        ] GC(1145) PSYoungGen: 9204K(15360K)->5868K(14336K) Eden: 9204K(9216K)->0K(8192K) From: 0K(6144K)->5868K(6144K)
[2026-06-17T09:57:20.855+0800][28.371s][info][gc,heap        ] GC(1145) ParOldGen: 21514K(44032K)->21514K(44032K)
[2026-06-17T09:57:20.855+0800][28.371s][info][gc,metaspace   ] GC(1145) Metaspace: 152K(384K)->152K(384K) NonClass: 147K(256K)->147K(256K) Class: 4K(128K)->4K(128K)
[2026-06-17T09:57:20.856+0800][28.372s][info][gc             ] GC(1145) Pause Young (Allocation Failure) 29M->26M(57M) 4.136ms
[2026-06-17T09:57:20.856+0800][28.372s][info][gc,cpu         ] GC(1145) User=0.00s Sys=0.00s Real=0.00s
[2026-06-17T09:57:20.879+0800][28.395s][info][gc,start       ] GC(1146) Pause Young (Allocation Failure)
[2026-06-17T09:57:20.881+0800][28.397s][info][gc,heap        ] GC(1146) PSYoungGen: 14049K(14336K)->3603K(14848K) Eden: 8180K(8192K)->0K(8192K) From: 5868K(6144K)->3603K(6656K)
[2026-06-17T09:57:20.882+0800][28.398s][info][gc,heap        ] GC(1146) ParOldGen: 21514K(44032K)->25125K(44032K)
[2026-06-17T09:57:20.882+0800][28.398s][info][gc,metaspace   ] GC(1146) Metaspace: 152K(384K)->152K(384K) NonClass: 147K(256K)->147K(256K) Class: 4K(128K)->4K(128K)
[2026-06-17T09:57:20.883+0800][28.399s][info][gc             ] GC(1146) Pause Young (Allocation Failure) 34M->28M(57M) 3.938ms
[2026-06-17T09:57:20.883+0800][28.399s][info][gc,cpu         ] GC(1146) User=0.00s Sys=0.00s Real=0.01s
[2026-06-17T09:57:20.906+0800][28.422s][info][gc,start       ] GC(1147) Pause Young (Allocation Failure)
[2026-06-17T09:57:20.908+0800][28.425s][info][gc,heap        ] GC(1147) PSYoungGen: 11779K(14848K)->2733K(14848K) Eden: 8175K(8192K)->0K(8192K) From: 3603K(6656K)->2733K(6656K)
[2026-06-17T09:57:20.911+0800][28.427s][info][gc,heap        ] GC(1147) ParOldGen: 25125K(44032K)->27062K(44032K)
[2026-06-17T09:57:20.914+0800][28.430s][info][gc,metaspace   ] GC(1147) Metaspace: 152K(384K)->152K(384K) NonClass: 147K(256K)->147K(256K) Class: 4K(128K)->4K(128K)
[2026-06-17T09:57:20.915+0800][28.431s][info][gc             ] GC(1147) Pause Young (Allocation Failure) 36M->29M(57M) 8.710ms
[2026-06-17T09:57:20.917+0800][28.433s][info][gc,cpu         ] GC(1147) User=0.00s Sys=0.00s Real=0.01s
[2026-06-17T09:57:20.943+0800][28.459s][info][gc,start       ] GC(1148) Pause Young (Allocation Failure)
[2026-06-17T09:57:20.946+0800][28.462s][info][gc,heap        ] GC(1148) PSYoungGen: 10907K(14848K)->4180K(14848K) Eden: 8174K(8192K)->0K(8192K) From: 2733K(6656K)->4180K(6656K)
[2026-06-17T09:57:20.949+0800][28.465s][info][gc,heap        ] GC(1148) ParOldGen: 27062K(44032K)->27062K(44032K)
[2026-06-17T09:57:20.951+0800][28.467s][info][gc,metaspace   ] GC(1148) Metaspace: 152K(384K)->152K(384K) NonClass: 147K(256K)->147K(256K) Class: 4K(128K)->4K(128K)
[2026-06-17T09:57:20.953+0800][28.469s][info][gc             ] GC(1148) Pause Young (Allocation Failure) 37M->30M(57M) 9.705ms
[2026-06-17T09:57:20.954+0800][28.470s][info][gc,cpu         ] GC(1148) User=0.00s Sys=0.00s Real=0.01s
[2026-06-17T09:57:20.980+0800][28.496s][info][gc,start       ] GC(1149) Pause Young (Allocation Failure)
[2026-06-17T09:57:20.983+0800][28.499s][info][gc,heap        ] GC(1149) PSYoungGen: 12372K(14848K)->3732K(15360K) Eden: 8191K(8192K)->0K(8704K) From: 4180K(6656K)->3732K(6656K)
[2026-06-17T09:57:20.984+0800][28.500s][info][gc,heap        ] GC(1149) ParOldGen: 27062K(44032K)->28831K(44032K)
[2026-06-17T09:57:20.984+0800][28.500s][info][gc,metaspace   ] GC(1149) Metaspace: 152K(384K)->152K(384K) NonClass: 147K(256K)->147K(256K) Class: 4K(128K)->4K(128K)
[2026-06-17T09:57:20.985+0800][28.501s][info][gc             ] GC(1149) Pause Young (Allocation Failure) 38M->31M(58M) 5.313ms
[2026-06-17T09:57:20.986+0800][28.502s][info][gc,cpu         ] GC(1149) User=0.01s Sys=0.00s Real=0.01s
[2026-06-17T09:57:21.009+0800][28.525s][info][gc,start       ] GC(1150) Pause Young (Allocation Failure)
[2026-06-17T09:57:21.011+0800][28.527s][info][gc,heap        ] GC(1150) PSYoungGen: 12430K(15360K)->3365K(14848K) Eden: 8697K(8704K)->0K(8704K) From: 3732K(6656K)->3365K(6144K)
[2026-06-17T09:57:21.012+0800][28.528s][info][gc,heap        ] GC(1150) ParOldGen: 28831K(44032K)->30859K(44032K)
[2026-06-17T09:57:21.013+0800][28.529s][info][gc,metaspace   ] GC(1150) Metaspace: 152K(384K)->152K(384K) NonClass: 147K(256K)->147K(256K) Class: 4K(128K)->4K(128K)
[2026-06-17T09:57:21.013+0800][28.529s][info][gc             ] GC(1150) Pause Young (Allocation Failure) 40M->33M(57M) 4.365ms
[2026-06-17T09:57:21.028+0800][28.544s][info][gc,cpu         ] GC(1150) User=0.00s Sys=0.00s Real=0.02s
[2026-06-17T09:57:21.053+0800][28.569s][info][gc,start       ] GC(1151) Pause Young (Allocation Failure)
[2026-06-17T09:57:21.064+0800][28.580s][info][gc,heap        ] GC(1151) PSYoungGen: 12043K(14848K)->4931K(14336K) Eden: 8678K(8704K)->0K(8192K) From: 3365K(6144K)->4931K(6144K)
[2026-06-17T09:57:21.066+0800][28.582s][info][gc,heap        ] GC(1151) ParOldGen: 30859K(44032K)->30859K(44032K)
[2026-06-17T09:57:21.067+0800][28.583s][info][gc,metaspace   ] GC(1151) Metaspace: 152K(384K)->152K(384K) NonClass: 147K(256K)->147K(256K) Class: 4K(128K)->4K(128K)
[2026-06-17T09:57:21.088+0800][28.604s][info][gc             ] GC(1151) Pause Young (Allocation Failure) 41M->34M(57M) 34.596ms
[2026-06-17T09:57:21.095+0800][28.611s][info][gc,cpu         ] GC(1151) User=0.01s Sys=0.00s Real=0.04s
[2026-06-17T09:57:21.119+0800][28.635s][info][gc,start       ] GC(1152) Pause Young (Allocation Failure)
[2026-06-17T09:57:21.127+0800][28.643s][info][gc,heap        ] GC(1152) PSYoungGen: 13107K(14336K)->3964K(14848K) Eden: 8176K(8192K)->0K(8192K) From: 4931K(6144K)->3964K(6656K)
[2026-06-17T09:57:21.142+0800][28.658s][info][gc,heap        ] GC(1152) ParOldGen: 30859K(44032K)->32867K(44032K)
[2026-06-17T09:57:21.142+0800][28.658s][info][gc,metaspace   ] GC(1152) Metaspace: 152K(384K)->152K(384K) NonClass: 147K(256K)->147K(256K) Class: 4K(128K)->4K(128K)
[2026-06-17T09:57:21.143+0800][28.659s][info][gc             ] GC(1152) Pause Young (Allocation Failure) 42M->35M(57M) 24.047ms
[2026-06-17T09:57:21.144+0800][28.660s][info][gc,cpu         ] GC(1152) User=0.00s Sys=0.00s Real=0.03s
[2026-06-17T09:57:21.166+0800][28.682s][info][gc,start       ] GC(1153) Pause Young (Allocation Failure)
[2026-06-17T09:57:21.168+0800][28.684s][info][gc,heap        ] GC(1153) PSYoungGen: 12001K(14848K)->141K(14336K) Eden: 8036K(8192K)->0K(8192K) From: 3964K(6656K)->141K(6144K)
[2026-06-17T09:57:21.169+0800][28.685s][info][gc,heap        ] GC(1153) ParOldGen: 32867K(44032K)->34447K(44032K)
[2026-06-17T09:57:21.170+0800][28.686s][info][gc,metaspace   ] GC(1153) Metaspace: 152K(384K)->152K(384K) NonClass: 147K(256K)->147K(256K) Class: 4K(128K)->4K(128K)
[2026-06-17T09:57:21.171+0800][28.687s][info][gc             ] GC(1153) Pause Young (Allocation Failure) 43M->33M(57M) 4.944ms
[2026-06-17T09:57:21.171+0800][28.687s][info][gc,cpu         ] GC(1153) User=0.00s Sys=0.00s Real=0.01s
[2026-06-17T09:57:21.193+0800][28.709s][info][gc,start       ] GC(1154) Pause Young (Allocation Failure)
[2026-06-17T09:57:21.194+0800][28.710s][info][gc,heap        ] GC(1154) PSYoungGen: 8306K(14336K)->5059K(13312K) Eden: 8165K(8192K)->0K(8192K) From: 141K(6144K)->5059K(5120K)
[2026-06-17T09:57:21.195+0800][28.711s][info][gc,heap        ] GC(1154) ParOldGen: 34447K(44032K)->34447K(44032K)
[2026-06-17T09:57:21.195+0800][28.711s][info][gc,metaspace   ] GC(1154) Metaspace: 152K(384K)->152K(384K) NonClass: 147K(256K)->147K(256K) Class: 4K(128K)->4K(128K)
[2026-06-17T09:57:21.196+0800][28.712s][info][gc             ] GC(1154) Pause Young (Allocation Failure) 41M->38M(56M) 2.893ms
[2026-06-17T09:57:21.196+0800][28.712s][info][gc,cpu         ] GC(1154) User=0.00s Sys=0.00s Real=0.00s
[2026-06-17T09:57:21.218+0800][28.734s][info][gc,start       ] GC(1155) Pause Young (Allocation Failure)
[2026-06-17T09:57:21.219+0800][28.735s][info][gc,heap        ] GC(1155) PSYoungGen: 13226K(13312K)->6227K(14336K) Eden: 8166K(8192K)->0K(7168K) From: 5059K(5120K)->6227K(7168K)
[2026-06-17T09:57:21.219+0800][28.735s][info][gc,heap        ] GC(1155) ParOldGen: 34447K(44032K)->34447K(44032K)
[2026-06-17T09:57:21.220+0800][28.736s][info][gc,metaspace   ] GC(1155) Metaspace: 152K(384K)->152K(384K) NonClass: 147K(256K)->147K(256K) Class: 4K(128K)->4K(128K)
[2026-06-17T09:57:21.220+0800][28.736s][info][gc             ] GC(1155) Pause Young (Allocation Failure) 46M->39M(57M) 2.661ms
[2026-06-17T09:57:21.221+0800][28.737s][info][gc,cpu         ] GC(1155) User=0.00s Sys=0.00s Real=0.00s
[2026-06-17T09:57:21.243+0800][28.759s][info][gc,start       ] GC(1156) Pause Young (Allocation Failure)
[2026-06-17T09:57:21.244+0800][28.760s][info][gc,heap        ] GC(1156) PSYoungGen: 13374K(14336K)->3418K(14336K) Eden: 7146K(7168K)->0K(7168K) From: 6227K(7168K)->3418K(7168K)
[2026-06-17T09:57:21.245+0800][28.761s][info][gc,heap        ] GC(1156) ParOldGen: 34447K(44032K)->37370K(44032K)
[2026-06-17T09:57:21.245+0800][28.761s][info][gc,metaspace   ] GC(1156) Metaspace: 152K(384K)->152K(384K) NonClass: 147K(256K)->147K(256K) Class: 4K(128K)->4K(128K)
[2026-06-17T09:57:21.246+0800][28.762s][info][gc             ] GC(1156) Pause Young (Allocation Failure) 46M->39M(57M) 3.446ms
[2026-06-17T09:57:21.247+0800][28.763s][info][gc,cpu         ] GC(1156) User=0.00s Sys=0.00s Real=0.00s
[2026-06-17T09:57:21.258+0800][28.774s][info][gc,start       ] GC(1157) Pause Young (Allocation Failure)
[2026-06-17T09:57:21.260+0800][28.776s][info][gc,heap        ] GC(1157) PSYoungGen: 10547K(14336K)->7074K(14336K) Eden: 7128K(7168K)->0K(7168K) From: 3418K(7168K)->7074K(7168K)
[2026-06-17T09:57:21.269+0800][28.785s][info][gc,heap        ] GC(1157) ParOldGen: 37370K(44032K)->37370K(44032K)
[2026-06-17T09:57:21.269+0800][28.785s][info][gc,metaspace   ] GC(1157) Metaspace: 152K(384K)->152K(384K) NonClass: 147K(256K)->147K(256K) Class: 4K(128K)->4K(128K)
[2026-06-17T09:57:21.269+0800][28.785s][info][gc             ] GC(1157) Pause Young (Allocation Failure) 46M->43M(57M) 11.188ms
[2026-06-17T09:57:21.270+0800][28.786s][info][gc,cpu         ] GC(1157) User=0.00s Sys=0.00s Real=0.01s
[2026-06-17T09:57:21.291+0800][28.807s][info][gc,start       ] GC(1158) Pause Young (Allocation Failure)
[2026-06-17T09:57:21.292+0800][28.808s][info][gc,heap        ] GC(1158) PSYoungGen: 14195K(14336K)->2129K(14336K) Eden: 7120K(7168K)->0K(7168K) From: 7074K(7168K)->2129K(7168K)
[2026-06-17T09:57:21.293+0800][28.809s][info][gc,heap        ] GC(1158) ParOldGen: 37370K(44032K)->39350K(44032K)
[2026-06-17T09:57:21.294+0800][28.810s][info][gc,metaspace   ] GC(1158) Metaspace: 152K(384K)->152K(384K) NonClass: 147K(256K)->147K(256K) Class: 4K(128K)->4K(128K)
[2026-06-17T09:57:21.296+0800][28.812s][info][gc             ] GC(1158) Pause Young (Allocation Failure) 50M->40M(57M) 4.680ms
[2026-06-17T09:57:21.296+0800][28.812s][info][gc,cpu         ] GC(1158) User=0.00s Sys=0.00s Real=0.00s
[2026-06-17T09:57:21.318+0800][28.834s][info][gc,start       ] GC(1159) Pause Young (Allocation Failure)
[2026-06-17T09:57:21.319+0800][28.835s][info][gc,heap        ] GC(1159) PSYoungGen: 9272K(14336K)->3725K(14336K) Eden: 7143K(7168K)->0K(7168K) From: 2129K(7168K)->3725K(7168K)
[2026-06-17T09:57:21.319+0800][28.835s][info][gc,heap        ] GC(1159) ParOldGen: 39350K(44032K)->41423K(44032K)
[2026-06-17T09:57:21.319+0800][28.835s][info][gc,metaspace   ] GC(1159) Metaspace: 152K(384K)->152K(384K) NonClass: 147K(256K)->147K(256K) Class: 4K(128K)->4K(128K)
[2026-06-17T09:57:21.320+0800][28.836s][info][gc             ] GC(1159) Pause Young (Allocation Failure) 47M->44M(57M) 1.786ms
[2026-06-17T09:57:21.320+0800][28.836s][info][gc,cpu         ] GC(1159) User=0.00s Sys=0.00s Real=0.00s
[2026-06-17T09:57:21.341+0800][28.857s][info][gc,start       ] GC(1160) Pause Full (Ergonomics)
[2026-06-17T09:57:21.342+0800][28.858s][info][gc,phases,start] GC(1160) Marking Phase
[2026-06-17T09:57:21.343+0800][28.859s][info][gc,phases      ] GC(1160) Marking Phase 0.875ms
[2026-06-17T09:57:21.343+0800][28.859s][info][gc,phases,start] GC(1160) Summary Phase
[2026-06-17T09:57:21.343+0800][28.859s][info][gc,phases      ] GC(1160) Summary Phase 0.249ms
[2026-06-17T09:57:21.343+0800][28.859s][info][gc,phases,start] GC(1160) Adjust Roots
[2026-06-17T09:57:21.344+0800][28.860s][info][gc,phases      ] GC(1160) Adjust Roots 0.632ms
[2026-06-17T09:57:21.345+0800][28.861s][info][gc,phases,start] GC(1160) Compaction Phase
[2026-06-17T09:57:21.346+0800][28.862s][info][gc,phases      ] GC(1160) Compaction Phase 1.416ms
[2026-06-17T09:57:21.346+0800][28.862s][info][gc,phases,start] GC(1160) Post Compact
[2026-06-17T09:57:21.347+0800][28.863s][info][gc,phases      ] GC(1160) Post Compact 0.418ms
[2026-06-17T09:57:21.347+0800][28.863s][info][gc,heap        ] GC(1160) PSYoungGen: 10847K(14336K)->0K(14336K) Eden: 7122K(7168K)->0K(7168K) From: 3725K(7168K)->0K(7168K)
[2026-06-17T09:57:21.347+0800][28.863s][info][gc,heap        ] GC(1160) ParOldGen: 41423K(44032K)->24958K(44032K)
[2026-06-17T09:57:21.348+0800][28.864s][info][gc,metaspace   ] GC(1160) Metaspace: 152K(384K)->152K(384K) NonClass: 147K(256K)->147K(256K) Class: 4K(128K)->4K(128K)
[2026-06-17T09:57:21.348+0800][28.864s][info][gc             ] GC(1160) Pause Full (Ergonomics) 51M->24M(57M) 6.561ms
[2026-06-17T09:57:21.348+0800][28.864s][info][gc,cpu         ] GC(1160) User=0.00s Sys=0.01s Real=0.01s
[2026-06-17T09:57:21.369+0800][28.885s][info][gc,start       ] GC(1161) Pause Young (Allocation Failure)
[2026-06-17T09:57:21.371+0800][28.887s][info][gc,heap        ] GC(1161) PSYoungGen: 7142K(14336K)->3790K(14336K) Eden: 7142K(7168K)->0K(7168K) From: 0K(7168K)->3790K(7168K)
[2026-06-17T09:57:21.372+0800][28.888s][info][gc,heap        ] GC(1161) ParOldGen: 24958K(44032K)->24958K(44032K)
[2026-06-17T09:57:21.373+0800][28.889s][info][gc,metaspace   ] GC(1161) Metaspace: 152K(384K)->152K(384K) NonClass: 147K(256K)->147K(256K) Class: 4K(128K)->4K(128K)
[2026-06-17T09:57:21.373+0800][28.889s][info][gc             ] GC(1161) Pause Young (Allocation Failure) 31M->28M(57M) 3.885ms
[2026-06-17T09:57:21.374+0800][28.890s][info][gc,cpu         ] GC(1161) User=0.00s Sys=0.00s Real=0.01s
[2026-06-17T09:57:21.386+0800][28.902s][info][gc,start       ] GC(1162) Pause Young (Allocation Failure)
[2026-06-17T09:57:21.387+0800][28.903s][info][gc,heap        ] GC(1162) PSYoungGen: 10934K(14336K)->4580K(14336K) Eden: 7144K(7168K)->0K(7168K) From: 3790K(7168K)->4580K(7168K)
[2026-06-17T09:57:21.388+0800][28.904s][info][gc,heap        ] GC(1162) ParOldGen: 24958K(44032K)->28045K(44032K)
[2026-06-17T09:57:21.389+0800][28.905s][info][gc,metaspace   ] GC(1162) Metaspace: 152K(384K)->152K(384K) NonClass: 147K(256K)->147K(256K) Class: 4K(128K)->4K(128K)
[2026-06-17T09:57:21.389+0800][28.905s][info][gc             ] GC(1162) Pause Young (Allocation Failure) 35M->31M(57M) 3.768ms
[2026-06-17T09:57:21.390+0800][28.906s][info][gc,cpu         ] GC(1162) User=0.00s Sys=0.00s Real=0.00s
[2026-06-17T09:57:21.412+0800][28.928s][info][gc,start       ] GC(1163) Pause Young (Allocation Failure)
[2026-06-17T09:57:21.414+0800][28.930s][info][gc,heap        ] GC(1163) PSYoungGen: 11714K(14336K)->2209K(14336K) Eden: 7134K(7168K)->0K(7168K) From: 4580K(7168K)->2209K(7168K)
[2026-06-17T09:57:21.415+0800][28.931s][info][gc,heap        ] GC(1163) ParOldGen: 28045K(44032K)->30063K(44032K)
[2026-06-17T09:57:21.415+0800][28.931s][info][gc,metaspace   ] GC(1163) Metaspace: 152K(384K)->152K(384K) NonClass: 147K(256K)->147K(256K) Class: 4K(128K)->4K(128K)
[2026-06-17T09:57:21.416+0800][28.932s][info][gc             ] GC(1163) Pause Young (Allocation Failure) 38M->31M(57M) 3.736ms
[2026-06-17T09:57:21.418+0800][28.934s][info][gc,cpu         ] GC(1163) User=0.00s Sys=0.00s Real=0.00s
[2026-06-17T09:57:21.430+0800][28.946s][info][gc,start       ] GC(1164) Pause Young (Allocation Failure)
[2026-06-17T09:57:21.431+0800][28.947s][info][gc,heap        ] GC(1164) PSYoungGen: 9364K(14336K)->4537K(14336K) Eden: 7155K(7168K)->0K(7168K) From: 2209K(7168K)->4537K(7168K)
[2026-06-17T09:57:21.432+0800][28.948s][info][gc,heap        ] GC(1164) ParOldGen: 30063K(44032K)->31290K(44032K)
[2026-06-17T09:57:21.432+0800][28.948s][info][gc,metaspace   ] GC(1164) Metaspace: 152K(384K)->152K(384K) NonClass: 147K(256K)->147K(256K) Class: 4K(128K)->4K(128K)
[2026-06-17T09:57:21.433+0800][28.949s][info][gc             ] GC(1164) Pause Young (Allocation Failure) 38M->34M(57M) 3.401ms
[2026-06-17T09:57:21.434+0800][28.950s][info][gc,cpu         ] GC(1164) User=0.01s Sys=0.00s Real=0.01s
[2026-06-17T09:57:21.456+0800][28.972s][info][gc,start       ] GC(1165) Pause Young (Allocation Failure)
[2026-06-17T09:57:21.458+0800][28.974s][info][gc,heap        ] GC(1165) PSYoungGen: 11682K(14336K)->2802K(14336K) Eden: 7144K(7168K)->0K(7168K) From: 4537K(7168K)->2802K(7168K)
[2026-06-17T09:57:21.459+0800][28.975s][info][gc,heap        ] GC(1165) ParOldGen: 31290K(44032K)->33541K(44032K)
[2026-06-17T09:57:21.459+0800][28.975s][info][gc,metaspace   ] GC(1165) Metaspace: 152K(384K)->152K(384K) NonClass: 147K(256K)->147K(256K) Class: 4K(128K)->4K(128K)
[2026-06-17T09:57:21.460+0800][28.976s][info][gc             ] GC(1165) Pause Young (Allocation Failure) 41M->35M(57M) 3.925ms
[2026-06-17T09:57:21.461+0800][28.977s][info][gc,cpu         ] GC(1165) User=0.00s Sys=0.00s Real=0.00s
[2026-06-17T09:57:21.483+0800][28.999s][info][gc,start       ] GC(1166) Pause Young (Allocation Failure)
[2026-06-17T09:57:21.484+0800][29.000s][info][gc,heap        ] GC(1166) PSYoungGen: 9927K(14336K)->3200K(14336K) Eden: 7125K(7168K)->0K(7168K) From: 2802K(7168K)->3200K(7168K)
[2026-06-17T09:57:21.485+0800][29.001s][info][gc,heap        ] GC(1166) ParOldGen: 33541K(44032K)->33541K(44032K)
[2026-06-17T09:57:21.485+0800][29.001s][info][gc,metaspace   ] GC(1166) Metaspace: 152K(384K)->152K(384K) NonClass: 147K(256K)->147K(256K) Class: 4K(128K)->4K(128K)
[2026-06-17T09:57:21.486+0800][29.002s][info][gc             ] GC(1166) Pause Young (Allocation Failure) 42M->35M(57M) 3.017ms
[2026-06-17T09:57:21.487+0800][29.003s][info][gc,cpu         ] GC(1166) User=0.00s Sys=0.00s Real=0.00s
[2026-06-17T09:57:21.498+0800][29.014s][info][gc,start       ] GC(1167) Pause Young (Allocation Failure)
[2026-06-17T09:57:21.500+0800][29.016s][info][gc,heap        ] GC(1167) PSYoungGen: 10055K(14336K)->682K(14336K) Eden: 6855K(7168K)->0K(7168K) From: 3200K(7168K)->682K(7168K)
[2026-06-17T09:57:21.500+0800][29.016s][info][gc,heap        ] GC(1167) ParOldGen: 33541K(44032K)->35596K(44032K)
[2026-06-17T09:57:21.501+0800][29.017s][info][gc,metaspace   ] GC(1167) Metaspace: 152K(384K)->152K(384K) NonClass: 147K(256K)->147K(256K) Class: 4K(128K)->4K(128K)
[2026-06-17T09:57:21.502+0800][29.018s][info][gc             ] GC(1167) Pause Young (Allocation Failure) 42M->35M(57M) 3.651ms
[2026-06-17T09:57:21.503+0800][29.019s][info][gc,cpu         ] GC(1167) User=0.00s Sys=0.00s Real=0.01s
[2026-06-17T09:57:21.524+0800][29.040s][info][gc,start       ] GC(1168) Pause Young (Allocation Failure)
[2026-06-17T09:57:21.525+0800][29.041s][info][gc,heap        ] GC(1168) PSYoungGen: 7813K(14336K)->3699K(14336K) Eden: 7131K(7168K)->0K(7168K) From: 682K(7168K)->3699K(7168K)
[2026-06-17T09:57:21.525+0800][29.041s][info][gc,heap        ] GC(1168) ParOldGen: 35596K(44032K)->36254K(44032K)
[2026-06-17T09:57:21.526+0800][29.042s][info][gc,metaspace   ] GC(1168) Metaspace: 152K(384K)->152K(384K) NonClass: 147K(256K)->147K(256K) Class: 4K(128K)->4K(128K)
[2026-06-17T09:57:21.526+0800][29.042s][info][gc             ] GC(1168) Pause Young (Allocation Failure) 42M->39M(57M) 2.116ms
[2026-06-17T09:57:21.527+0800][29.043s][info][gc,cpu         ] GC(1168) User=0.00s Sys=0.00s Real=0.00s
[2026-06-17T09:57:21.549+0800][29.065s][info][gc,start       ] GC(1169) Pause Young (Allocation Failure)
[2026-06-17T09:57:21.551+0800][29.067s][info][gc,heap        ] GC(1169) PSYoungGen: 10849K(14336K)->2453K(14848K) Eden: 7149K(7168K)->0K(8192K) From: 3699K(7168K)->2453K(6656K)
[2026-06-17T09:57:21.552+0800][29.068s][info][gc,heap        ] GC(1169) ParOldGen: 36254K(44032K)->37925K(44032K)
[2026-06-17T09:57:21.552+0800][29.068s][info][gc,metaspace   ] GC(1169) Metaspace: 152K(384K)->152K(384K) NonClass: 147K(256K)->147K(256K) Class: 4K(128K)->4K(128K)
[2026-06-17T09:57:21.553+0800][29.069s][info][gc             ] GC(1169) Pause Young (Allocation Failure) 45M->39M(57M) 4.032ms
[2026-06-17T09:57:21.553+0800][29.069s][info][gc,cpu         ] GC(1169) User=0.00s Sys=0.00s Real=0.01s
[2026-06-17T09:57:21.576+0800][29.092s][info][gc,start       ] GC(1170) Pause Young (Allocation Failure)
[2026-06-17T09:57:21.578+0800][29.094s][info][gc,heap        ] GC(1170) PSYoungGen: 10637K(14848K)->1763K(14848K) Eden: 8184K(8192K)->0K(8192K) From: 2453K(6656K)->1763K(6656K)
[2026-06-17T09:57:21.579+0800][29.095s][info][gc,heap        ] GC(1170) ParOldGen: 37925K(44032K)->39677K(44032K)
[2026-06-17T09:57:21.579+0800][29.095s][info][gc,metaspace   ] GC(1170) Metaspace: 152K(384K)->152K(384K) NonClass: 147K(256K)->147K(256K) Class: 4K(128K)->4K(128K)
[2026-06-17T09:57:21.580+0800][29.096s][info][gc             ] GC(1170) Pause Young (Allocation Failure) 47M->40M(57M) 4.154ms
[2026-06-17T09:57:21.581+0800][29.097s][info][gc,cpu         ] GC(1170) User=0.00s Sys=0.00s Real=0.00s
[2026-06-17T09:57:21.603+0800][29.119s][info][gc,start       ] GC(1171) Pause Young (Allocation Failure)
[2026-06-17T09:57:21.605+0800][29.121s][info][gc,heap        ] GC(1171) PSYoungGen: 9944K(14848K)->2983K(15360K) Eden: 8180K(8192K)->0K(8704K) From: 1763K(6656K)->2983K(6656K)
[2026-06-17T09:57:21.607+0800][29.123s][info][gc,heap        ] GC(1171) ParOldGen: 39677K(44032K)->39677K(44032K)
[2026-06-17T09:57:21.610+0800][29.126s][info][gc,metaspace   ] GC(1171) Metaspace: 152K(384K)->152K(384K) NonClass: 147K(256K)->147K(256K) Class: 4K(128K)->4K(128K)
[2026-06-17T09:57:21.610+0800][29.126s][info][gc             ] GC(1171) Pause Young (Allocation Failure) 48M->41M(58M) 6.855ms
[2026-06-17T09:57:21.611+0800][29.127s][info][gc,cpu         ] GC(1171) User=0.01s Sys=0.00s Real=0.01s
[2026-06-17T09:57:21.633+0800][29.149s][info][gc,start       ] GC(1172) Pause Young (Allocation Failure)
[2026-06-17T09:57:21.635+0800][29.151s][info][gc,heap        ] GC(1172) PSYoungGen: 11667K(15360K)->2691K(14848K) Eden: 8683K(8704K)->0K(8704K) From: 2983K(6656K)->2691K(6144K)
[2026-06-17T09:57:21.638+0800][29.154s][info][gc,heap        ] GC(1172) ParOldGen: 39677K(44032K)->41731K(44032K)
[2026-06-17T09:57:21.638+0800][29.154s][info][gc,metaspace   ] GC(1172) Metaspace: 152K(384K)->152K(384K) NonClass: 147K(256K)->147K(256K) Class: 4K(128K)->4K(128K)
[2026-06-17T09:57:21.639+0800][29.155s][info][gc             ] GC(1172) Pause Young (Allocation Failure) 50M->43M(57M) 5.696ms
[2026-06-17T09:57:21.640+0800][29.156s][info][gc,cpu         ] GC(1172) User=0.00s Sys=0.00s Real=0.00s
[2026-06-17T09:57:21.662+0800][29.178s][info][gc,start       ] GC(1173) Pause Full (Ergonomics)
[2026-06-17T09:57:21.663+0800][29.179s][info][gc,phases,start] GC(1173) Marking Phase
[2026-06-17T09:57:21.666+0800][29.182s][info][gc,phases      ] GC(1173) Marking Phase 3.105ms
[2026-06-17T09:57:21.667+0800][29.183s][info][gc,phases,start] GC(1173) Summary Phase
[2026-06-17T09:57:21.668+0800][29.184s][info][gc,phases      ] GC(1173) Summary Phase 0.607ms
[2026-06-17T09:57:21.668+0800][29.184s][info][gc,phases,start] GC(1173) Adjust Roots
[2026-06-17T09:57:21.669+0800][29.185s][info][gc,phases      ] GC(1173) Adjust Roots 1.054ms
[2026-06-17T09:57:21.670+0800][29.186s][info][gc,phases,start] GC(1173) Compaction Phase
[2026-06-17T09:57:21.674+0800][29.190s][info][gc,phases      ] GC(1173) Compaction Phase 3.988ms
[2026-06-17T09:57:21.674+0800][29.190s][info][gc,phases,start] GC(1173) Post Compact
[2026-06-17T09:57:21.675+0800][29.191s][info][gc,phases      ] GC(1173) Post Compact 0.459ms
[2026-06-17T09:57:21.675+0800][29.191s][info][gc,heap        ] GC(1173) PSYoungGen: 11390K(14848K)->0K(15360K) Eden: 8698K(8704K)->0K(9216K) From: 2691K(6144K)->0K(6144K)
[2026-06-17T09:57:21.675+0800][29.191s][info][gc,heap        ] GC(1173) ParOldGen: 41731K(44032K)->26538K(44032K)
[2026-06-17T09:57:21.676+0800][29.192s][info][gc,metaspace   ] GC(1173) Metaspace: 152K(384K)->152K(384K) NonClass: 147K(256K)->147K(256K) Class: 4K(128K)->4K(128K)
[2026-06-17T09:57:21.676+0800][29.192s][info][gc             ] GC(1173) Pause Full (Ergonomics) 51M->25M(58M) 13.690ms
[2026-06-17T09:57:21.676+0800][29.192s][info][gc,cpu         ] GC(1173) User=0.01s Sys=0.00s Real=0.02s
[2026-06-17T09:57:21.698+0800][29.214s][info][gc,start       ] GC(1174) Pause Young (Allocation Failure)
[2026-06-17T09:57:21.700+0800][29.216s][info][gc,heap        ] GC(1174) PSYoungGen: 9202K(15360K)->6031K(15360K) Eden: 9202K(9216K)->0K(9216K) From: 0K(6144K)->6031K(6144K)
[2026-06-17T09:57:21.701+0800][29.217s][info][gc,heap        ] GC(1174) ParOldGen: 26538K(44032K)->26538K(44032K)
[2026-06-17T09:57:21.701+0800][29.217s][info][gc,metaspace   ] GC(1174) Metaspace: 152K(384K)->152K(384K) NonClass: 147K(256K)->147K(256K) Class: 4K(128K)->4K(128K)
[2026-06-17T09:57:21.702+0800][29.218s][info][gc             ] GC(1174) Pause Young (Allocation Failure) 34M->31M(58M) 3.544ms
[2026-06-17T09:57:21.702+0800][29.218s][info][gc,cpu         ] GC(1174) User=0.00s Sys=0.00s Real=0.00s
[2026-06-17T09:57:21.725+0800][29.241s][info][gc,start       ] GC(1175) Pause Young (Allocation Failure)
[2026-06-17T09:57:21.727+0800][29.243s][info][gc,heap        ] GC(1175) PSYoungGen: 15218K(15360K)->3658K(14336K) Eden: 9186K(9216K)->0K(8192K) From: 6031K(6144K)->3658K(6144K)
[2026-06-17T09:57:21.728+0800][29.244s][info][gc,heap        ] GC(1175) ParOldGen: 26538K(44032K)->31398K(44032K)
[2026-06-17T09:57:21.729+0800][29.245s][info][gc,metaspace   ] GC(1175) Metaspace: 152K(384K)->152K(384K) NonClass: 147K(256K)->147K(256K) Class: 4K(128K)->4K(128K)
[2026-06-17T09:57:21.729+0800][29.245s][info][gc             ] GC(1175) Pause Young (Allocation Failure) 40M->34M(57M) 4.339ms
[2026-06-17T09:57:21.730+0800][29.246s][info][gc,cpu         ] GC(1175) User=0.00s Sys=0.00s Real=0.00s
[2026-06-17T09:57:21.752+0800][29.268s][info][gc,start       ] GC(1176) Pause Young (Allocation Failure)
[2026-06-17T09:57:21.754+0800][29.270s][info][gc,heap        ] GC(1176) PSYoungGen: 11796K(14336K)->2607K(14848K) Eden: 8138K(8192K)->0K(8192K) From: 3658K(6144K)->2607K(6656K)
[2026-06-17T09:57:21.755+0800][29.271s][info][gc,heap        ] GC(1176) ParOldGen: 31398K(44032K)->33452K(44032K)
[2026-06-17T09:57:21.756+0800][29.272s][info][gc,metaspace   ] GC(1176) Metaspace: 152K(384K)->152K(384K) NonClass: 147K(256K)->147K(256K) Class: 4K(128K)->4K(128K)
[2026-06-17T09:57:21.756+0800][29.272s][info][gc             ] GC(1176) Pause Young (Allocation Failure) 42M->35M(57M) 3.659ms
[2026-06-17T09:57:21.756+0800][29.272s][info][gc,cpu         ] GC(1176) User=0.00s Sys=0.00s Real=0.00s
[2026-06-17T09:57:21.779+0800][29.295s][info][gc,start       ] GC(1177) Pause Young (Allocation Failure)
[2026-06-17T09:57:21.782+0800][29.298s][info][gc,heap        ] GC(1177) PSYoungGen: 10776K(14848K)->3714K(14848K) Eden: 8168K(8192K)->0K(8192K) From: 2607K(6656K)->3714K(6656K)
[2026-06-17T09:57:21.783+0800][29.299s][info][gc,heap        ] GC(1177) ParOldGen: 33452K(44032K)->33452K(44032K)
[2026-06-17T09:57:21.783+0800][29.299s][info][gc,metaspace   ] GC(1177) Metaspace: 152K(384K)->152K(384K) NonClass: 147K(256K)->147K(256K) Class: 4K(128K)->4K(128K)
[2026-06-17T09:57:21.784+0800][29.300s][info][gc             ] GC(1177) Pause Young (Allocation Failure) 43M->36M(57M) 4.760ms
[2026-06-17T09:57:21.784+0800][29.300s][info][gc,cpu         ] GC(1177) User=0.01s Sys=0.00s Real=0.01s
[2026-06-17T09:57:21.807+0800][29.323s][info][gc,start       ] GC(1178) Pause Young (Allocation Failure)
[2026-06-17T09:57:21.808+0800][29.324s][info][gc,heap        ] GC(1178) PSYoungGen: 11882K(14848K)->2752K(14848K) Eden: 8167K(8192K)->0K(8192K) From: 3714K(6656K)->2752K(6656K)
[2026-06-17T09:57:21.808+0800][29.324s][info][gc,heap        ] GC(1178) ParOldGen: 33452K(44032K)->35296K(44032K)
[2026-06-17T09:57:21.809+0800][29.325s][info][gc,metaspace   ] GC(1178) Metaspace: 152K(384K)->152K(384K) NonClass: 147K(256K)->147K(256K) Class: 4K(128K)->4K(128K)
[2026-06-17T09:57:21.809+0800][29.325s][info][gc             ] GC(1178) Pause Young (Allocation Failure) 44M->37M(57M) 2.941ms
[2026-06-17T09:57:21.810+0800][29.326s][info][gc,cpu         ] GC(1178) User=0.00s Sys=0.00s Real=0.00s
[2026-06-17T09:57:21.832+0800][29.348s][info][gc,start       ] GC(1179) Pause Young (Allocation Failure)
[2026-06-17T09:57:21.834+0800][29.350s][info][gc,heap        ] GC(1179) PSYoungGen: 10925K(14848K)->1960K(15360K) Eden: 8173K(8192K)->0K(9216K) From: 2752K(6656K)->1960K(6144K)
[2026-06-17T09:57:21.835+0800][29.351s][info][gc,heap        ] GC(1179) ParOldGen: 35296K(44032K)->37096K(44032K)
[2026-06-17T09:57:21.835+0800][29.351s][info][gc,metaspace   ] GC(1179) Metaspace: 152K(384K)->152K(384K) NonClass: 147K(256K)->147K(256K) Class: 4K(128K)->4K(128K)
[2026-06-17T09:57:21.836+0800][29.352s][info][gc             ] GC(1179) Pause Young (Allocation Failure) 45M->38M(58M) 3.371ms
[2026-06-17T09:57:21.836+0800][29.352s][info][gc,cpu         ] GC(1179) User=0.00s Sys=0.00s Real=0.00s
[2026-06-17T09:57:21.859+0800][29.375s][info][gc,start       ] GC(1180) Pause Young (Allocation Failure)
[2026-06-17T09:57:21.861+0800][29.377s][info][gc,heap        ] GC(1180) PSYoungGen: 11176K(15360K)->4345K(15360K) Eden: 9216K(9216K)->0K(9216K) From: 1960K(6144K)->4345K(6144K)
[2026-06-17T09:57:21.861+0800][29.377s][info][gc,heap        ] GC(1180) ParOldGen: 37096K(44032K)->37096K(44032K)
[2026-06-17T09:57:21.862+0800][29.378s][info][gc,metaspace   ] GC(1180) Metaspace: 152K(384K)->152K(384K) NonClass: 147K(256K)->147K(256K) Class: 4K(128K)->4K(128K)
[2026-06-17T09:57:21.863+0800][29.379s][info][gc             ] GC(1180) Pause Young (Allocation Failure) 47M->40M(58M) 4.204ms
[2026-06-17T09:57:21.863+0800][29.379s][info][gc,cpu         ] GC(1180) User=0.00s Sys=0.00s Real=0.01s
[2026-06-17T09:57:21.886+0800][29.402s][info][gc,start       ] GC(1181) Pause Young (Allocation Failure)
[2026-06-17T09:57:21.888+0800][29.404s][info][gc,heap        ] GC(1181) PSYoungGen: 13527K(15360K)->4321K(14336K) Eden: 9181K(9216K)->0K(8192K) From: 4345K(6144K)->4321K(6144K)
[2026-06-17T09:57:21.888+0800][29.404s][info][gc,heap        ] GC(1181) ParOldGen: 37096K(44032K)->38972K(44032K)
[2026-06-17T09:57:21.889+0800][29.405s][info][gc,metaspace   ] GC(1181) Metaspace: 152K(384K)->152K(384K) NonClass: 147K(256K)->147K(256K) Class: 4K(128K)->4K(128K)
[2026-06-17T09:57:21.890+0800][29.406s][info][gc             ] GC(1181) Pause Young (Allocation Failure) 49M->42M(57M) 3.831ms
[2026-06-17T09:57:21.890+0800][29.406s][info][gc,cpu         ] GC(1181) User=0.00s Sys=0.01s Real=0.00s
[2026-06-17T09:57:21.913+0800][29.429s][info][gc,start       ] GC(1182) Pause Young (Allocation Failure)
[2026-06-17T09:57:21.915+0800][29.431s][info][gc,heap        ] GC(1182) PSYoungGen: 12483K(14336K)->2371K(14848K) Eden: 8162K(8192K)->0K(8192K) From: 4321K(6144K)->2371K(6656K)
[2026-06-17T09:57:21.916+0800][29.432s][info][gc,heap        ] GC(1182) ParOldGen: 38972K(44032K)->42303K(44032K)
[2026-06-17T09:57:21.916+0800][29.432s][info][gc,metaspace   ] GC(1182) Metaspace: 152K(384K)->152K(384K) NonClass: 147K(256K)->147K(256K) Class: 4K(128K)->4K(128K)
[2026-06-17T09:57:21.917+0800][29.433s][info][gc             ] GC(1182) Pause Young (Allocation Failure) 50M->43M(57M) 3.994ms
[2026-06-17T09:57:21.917+0800][29.433s][info][gc,cpu         ] GC(1182) User=0.01s Sys=0.00s Real=0.00s
[2026-06-17T09:57:21.939+0800][29.455s][info][gc,start       ] GC(1183) Pause Full (Ergonomics)
[2026-06-17T09:57:21.940+0800][29.456s][info][gc,phases,start] GC(1183) Marking Phase
[2026-06-17T09:57:21.942+0800][29.458s][info][gc,phases      ] GC(1183) Marking Phase 2.079ms
[2026-06-17T09:57:21.942+0800][29.458s][info][gc,phases,start] GC(1183) Summary Phase
[2026-06-17T09:57:21.943+0800][29.459s][info][gc,phases      ] GC(1183) Summary Phase 0.445ms
[2026-06-17T09:57:21.943+0800][29.459s][info][gc,phases,start] GC(1183) Adjust Roots
[2026-06-17T09:57:21.944+0800][29.460s][info][gc,phases      ] GC(1183) Adjust Roots 0.813ms
[2026-06-17T09:57:21.945+0800][29.461s][info][gc,phases,start] GC(1183) Compaction Phase
[2026-06-17T09:57:21.947+0800][29.463s][info][gc,phases      ] GC(1183) Compaction Phase 2.013ms
[2026-06-17T09:57:21.947+0800][29.463s][info][gc,phases,start] GC(1183) Post Compact
[2026-06-17T09:57:21.947+0800][29.463s][info][gc,phases      ] GC(1183) Post Compact 0.366ms
[2026-06-17T09:57:21.948+0800][29.464s][info][gc,heap        ] GC(1183) PSYoungGen: 10530K(14848K)->0K(15360K) Eden: 8158K(8192K)->0K(9216K) From: 2371K(6656K)->0K(6144K)
[2026-06-17T09:57:21.948+0800][29.464s][info][gc,heap        ] GC(1183) ParOldGen: 42303K(44032K)->21760K(44032K)
[2026-06-17T09:57:21.948+0800][29.464s][info][gc,metaspace   ] GC(1183) Metaspace: 152K(384K)->152K(384K) NonClass: 147K(256K)->147K(256K) Class: 4K(128K)->4K(128K)
[2026-06-17T09:57:21.948+0800][29.464s][info][gc             ] GC(1183) Pause Full (Ergonomics) 51M->21M(58M) 9.235ms
[2026-06-17T09:57:21.948+0800][29.464s][info][gc,cpu         ] GC(1183) User=0.01s Sys=0.00s Real=0.01s
[2026-06-17T09:57:21.970+0800][29.486s][info][gc,start       ] GC(1184) Pause Young (Allocation Failure)
[2026-06-17T09:57:21.973+0800][29.489s][info][gc,heap        ] GC(1184) PSYoungGen: 9216K(15360K)->5723K(15360K) Eden: 9216K(9216K)->0K(9216K) From: 0K(6144K)->5723K(6144K)
[2026-06-17T09:57:21.974+0800][29.490s][info][gc,heap        ] GC(1184) ParOldGen: 21760K(44032K)->21760K(44032K)
[2026-06-17T09:57:21.975+0800][29.491s][info][gc,metaspace   ] GC(1184) Metaspace: 152K(384K)->152K(384K) NonClass: 147K(256K)->147K(256K) Class: 4K(128K)->4K(128K)
[2026-06-17T09:57:21.976+0800][29.492s][info][gc             ] GC(1184) Pause Young (Allocation Failure) 30M->26M(58M) 6.091ms
[2026-06-17T09:57:21.978+0800][29.494s][info][gc,cpu         ] GC(1184) User=0.00s Sys=0.00s Real=0.01s
[2026-06-17T09:57:22.002+0800][29.518s][info][gc,start       ] GC(1185) Pause Young (Allocation Failure)
[2026-06-17T09:57:22.004+0800][29.520s][info][gc,heap        ] GC(1185) PSYoungGen: 14885K(15360K)->500K(13312K) Eden: 9161K(9216K)->0K(7168K) From: 5723K(6144K)->500K(6144K)
[2026-06-17T09:57:22.005+0800][29.521s][info][gc,heap        ] GC(1185) ParOldGen: 21760K(44032K)->25720K(44032K)
[2026-06-17T09:57:22.005+0800][29.521s][info][gc,metaspace   ] GC(1185) Metaspace: 152K(384K)->152K(384K) NonClass: 147K(256K)->147K(256K) Class: 4K(128K)->4K(128K)
[2026-06-17T09:57:22.006+0800][29.522s][info][gc             ] GC(1185) Pause Young (Allocation Failure) 35M->25M(56M) 3.924ms
[2026-06-17T09:57:22.006+0800][29.522s][info][gc,cpu         ] GC(1185) User=0.00s Sys=0.00s Real=0.01s
[2026-06-17T09:57:22.029+0800][29.545s][info][gc,start       ] GC(1186) Pause Young (Allocation Failure)
[2026-06-17T09:57:22.031+0800][29.547s][info][gc,heap        ] GC(1186) PSYoungGen: 7640K(13312K)->3638K(14336K) Eden: 7140K(7168K)->0K(7168K) From: 500K(6144K)->3638K(7168K)
[2026-06-17T09:57:22.031+0800][29.548s][info][gc,heap        ] GC(1186) ParOldGen: 25720K(44032K)->26196K(44032K)
[2026-06-17T09:57:22.032+0800][29.548s][info][gc,metaspace   ] GC(1186) Metaspace: 152K(384K)->152K(384K) NonClass: 147K(256K)->147K(256K) Class: 4K(128K)->4K(128K)
[2026-06-17T09:57:22.032+0800][29.548s][info][gc             ] GC(1186) Pause Young (Allocation Failure) 32M->29M(57M) 3.892ms
[2026-06-17T09:57:22.033+0800][29.549s][info][gc,cpu         ] GC(1186) User=0.00s Sys=0.00s Real=0.01s
[2026-06-17T09:57:22.055+0800][29.571s][info][gc,start       ] GC(1187) Pause Young (Allocation Failure)
[2026-06-17T09:57:22.056+0800][29.572s][info][gc,heap        ] GC(1187) PSYoungGen: 10791K(14336K)->2557K(14848K) Eden: 7153K(7168K)->0K(7680K) From: 3638K(7168K)->2557K(7168K)
[2026-06-17T09:57:22.059+0800][29.575s][info][gc,heap        ] GC(1187) ParOldGen: 26196K(44032K)->27621K(44032K)
[2026-06-17T09:57:22.059+0800][29.575s][info][gc,metaspace   ] GC(1187) Metaspace: 152K(384K)->152K(384K) NonClass: 147K(256K)->147K(256K) Class: 4K(128K)->4K(128K)
[2026-06-17T09:57:22.060+0800][29.576s][info][gc             ] GC(1187) Pause Young (Allocation Failure) 36M->29M(57M) 5.530ms
[2026-06-17T09:57:22.061+0800][29.577s][info][gc,cpu         ] GC(1187) User=0.01s Sys=0.00s Real=0.00s
[2026-06-17T09:57:22.082+0800][29.598s][info][gc,start       ] GC(1188) Pause Young (Allocation Failure)
[2026-06-17T09:57:22.084+0800][29.600s][info][gc,heap        ] GC(1188) PSYoungGen: 10230K(14848K)->1814K(14336K) Eden: 7673K(7680K)->0K(7680K) From: 2557K(7168K)->1814K(6656K)
[2026-06-17T09:57:22.085+0800][29.601s][info][gc,heap        ] GC(1188) ParOldGen: 27621K(44032K)->29405K(44032K)
[2026-06-17T09:57:22.085+0800][29.601s][info][gc,metaspace   ] GC(1188) Metaspace: 152K(384K)->152K(384K) NonClass: 147K(256K)->147K(256K) Class: 4K(128K)->4K(128K)
[2026-06-17T09:57:22.086+0800][29.602s][info][gc             ] GC(1188) Pause Young (Allocation Failure) 36M->30M(57M) 3.295ms
[2026-06-17T09:57:22.086+0800][29.602s][info][gc,cpu         ] GC(1188) User=0.00s Sys=0.00s Real=0.00s
[2026-06-17T09:57:22.108+0800][29.624s][info][gc,start       ] GC(1189) Pause Young (Allocation Failure)
[2026-06-17T09:57:22.114+0800][29.630s][info][gc,heap        ] GC(1189) PSYoungGen: 9484K(14336K)->2256K(14848K) Eden: 7669K(7680K)->0K(8192K) From: 1814K(6656K)->2256K(6656K)
[2026-06-17T09:57:22.119+0800][29.635s][info][gc,heap        ] GC(1189) ParOldGen: 29405K(44032K)->29405K(44032K)
[2026-06-17T09:57:22.125+0800][29.641s][info][gc,metaspace   ] GC(1189) Metaspace: 152K(384K)->152K(384K) NonClass: 147K(256K)->147K(256K) Class: 4K(128K)->4K(128K)
[2026-06-17T09:57:22.127+0800][29.643s][info][gc             ] GC(1189) Pause Young (Allocation Failure) 37M->30M(57M) 18.143ms
[2026-06-17T09:57:22.127+0800][29.643s][info][gc,cpu         ] GC(1189) User=0.00s Sys=0.00s Real=0.02s
[2026-06-17T09:57:22.138+0800][29.655s][info][gc,start       ] GC(1190) Pause Young (Allocation Failure)
[2026-06-17T09:57:22.140+0800][29.656s][info][gc,heap        ] GC(1190) PSYoungGen: 10237K(14848K)->1442K(14848K) Eden: 7980K(8192K)->0K(8192K) From: 2256K(6656K)->1442K(6656K)
[2026-06-17T09:57:22.141+0800][29.657s][info][gc,heap        ] GC(1190) ParOldGen: 29405K(44032K)->31248K(44032K)
[2026-06-17T09:57:22.142+0800][29.658s][info][gc,metaspace   ] GC(1190) Metaspace: 152K(384K)->152K(384K) NonClass: 147K(256K)->147K(256K) Class: 4K(128K)->4K(128K)
[2026-06-17T09:57:22.145+0800][29.661s][info][gc             ] GC(1190) Pause Young (Allocation Failure) 38M->31M(57M) 6.055ms
[2026-06-17T09:57:22.147+0800][29.663s][info][gc,cpu         ] GC(1190) User=0.00s Sys=0.00s Real=0.01s
[2026-06-17T09:57:22.169+0800][29.685s][info][gc,start       ] GC(1191) Pause Young (Allocation Failure)
[2026-06-17T09:57:22.171+0800][29.687s][info][gc,heap        ] GC(1191) PSYoungGen: 9587K(14848K)->4633K(14336K) Eden: 8145K(8192K)->0K(8192K) From: 1442K(6656K)->4633K(6144K)
[2026-06-17T09:57:22.171+0800][29.687s][info][gc,heap        ] GC(1191) ParOldGen: 31248K(44032K)->32666K(44032K)
[2026-06-17T09:57:22.171+0800][29.687s][info][gc,metaspace   ] GC(1191) Metaspace: 152K(384K)->152K(384K) NonClass: 147K(256K)->147K(256K) Class: 4K(128K)->4K(128K)
[2026-06-17T09:57:22.171+0800][29.687s][info][gc             ] GC(1191) Pause Young (Allocation Failure) 39M->36M(57M) 2.042ms
[2026-06-17T09:57:22.171+0800][29.687s][info][gc,cpu         ] GC(1191) User=0.00s Sys=0.01s Real=0.01s
[2026-06-17T09:57:22.193+0800][29.709s][info][gc,start       ] GC(1192) Pause Young (Allocation Failure)
[2026-06-17T09:57:22.196+0800][29.712s][info][gc,heap        ] GC(1192) PSYoungGen: 12823K(14336K)->4134K(14848K) Eden: 8189K(8192K)->0K(8192K) From: 4633K(6144K)->4134K(6656K)
[2026-06-17T09:57:22.196+0800][29.712s][info][gc,heap        ] GC(1192) ParOldGen: 32666K(44032K)->34111K(44032K)
[2026-06-17T09:57:22.197+0800][29.713s][info][gc,metaspace   ] GC(1192) Metaspace: 152K(384K)->152K(384K) NonClass: 147K(256K)->147K(256K) Class: 4K(128K)->4K(128K)
[2026-06-17T09:57:22.198+0800][29.714s][info][gc             ] GC(1192) Pause Young (Allocation Failure) 44M->37M(57M) 4.076ms
[2026-06-17T09:57:22.198+0800][29.714s][info][gc,cpu         ] GC(1192) User=0.01s Sys=0.00s Real=0.00s
[2026-06-17T09:57:22.220+0800][29.736s][info][gc,start       ] GC(1193) Pause Young (Allocation Failure)
[2026-06-17T09:57:22.221+0800][29.737s][info][gc,heap        ] GC(1193) PSYoungGen: 12182K(14848K)->261K(13824K) Eden: 8047K(8192K)->0K(7168K) From: 4134K(6656K)->261K(6656K)
[2026-06-17T09:57:22.222+0800][29.738s][info][gc,heap        ] GC(1193) ParOldGen: 34111K(44032K)->35982K(44032K)
[2026-06-17T09:57:22.222+0800][29.738s][info][gc,metaspace   ] GC(1193) Metaspace: 152K(384K)->152K(384K) NonClass: 147K(256K)->147K(256K) Class: 4K(128K)->4K(128K)
[2026-06-17T09:57:22.222+0800][29.738s][info][gc             ] GC(1193) Pause Young (Allocation Failure) 45M->35M(56M) 2.021ms
[2026-06-17T09:57:22.223+0800][29.739s][info][gc,cpu         ] GC(1193) User=0.00s Sys=0.00s Real=0.01s
[2026-06-17T09:57:22.244+0800][29.760s][info][gc,start       ] GC(1194) Pause Young (Allocation Failure)
[2026-06-17T09:57:22.245+0800][29.761s][info][gc,heap        ] GC(1194) PSYoungGen: 7411K(13824K)->3284K(14336K) Eden: 7149K(7168K)->0K(7168K) From: 261K(6656K)->3284K(7168K)
[2026-06-17T09:57:22.246+0800][29.762s][info][gc,heap        ] GC(1194) ParOldGen: 35982K(44032K)->36219K(44032K)
[2026-06-17T09:57:22.246+0800][29.762s][info][gc,metaspace   ] GC(1194) Metaspace: 152K(384K)->152K(384K) NonClass: 147K(256K)->147K(256K) Class: 4K(128K)->4K(128K)
[2026-06-17T09:57:22.247+0800][29.763s][info][gc             ] GC(1194) Pause Young (Allocation Failure) 42M->38M(57M) 2.571ms
[2026-06-17T09:57:22.247+0800][29.763s][info][gc,cpu         ] GC(1194) User=0.00s Sys=0.00s Real=0.00s
[2026-06-17T09:57:22.259+0800][29.775s][info][gc,start       ] GC(1195) Pause Young (Allocation Failure)
[2026-06-17T09:57:22.260+0800][29.776s][info][gc,heap        ] GC(1195) PSYoungGen: 10421K(14336K)->2003K(14848K) Eden: 7137K(7168K)->0K(8192K) From: 3284K(7168K)->2003K(6656K)
[2026-06-17T09:57:22.260+0800][29.776s][info][gc,heap        ] GC(1195) ParOldGen: 36219K(44032K)->37666K(44032K)
[2026-06-17T09:57:22.261+0800][29.777s][info][gc,metaspace   ] GC(1195) Metaspace: 152K(384K)->152K(384K) NonClass: 147K(256K)->147K(256K) Class: 4K(128K)->4K(128K)
[2026-06-17T09:57:22.261+0800][29.777s][info][gc             ] GC(1195) Pause Young (Allocation Failure) 45M->38M(57M) 2.368ms
[2026-06-17T09:57:22.262+0800][29.778s][info][gc,cpu         ] GC(1195) User=0.00s Sys=0.00s Real=0.00s
[2026-06-17T09:57:22.293+0800][29.809s][info][gc,start       ] GC(1196) Pause Young (Allocation Failure)
[2026-06-17T09:57:22.295+0800][29.811s][info][gc,heap        ] GC(1196) PSYoungGen: 10162K(14848K)->1071K(14848K) Eden: 8159K(8192K)->0K(8192K) From: 2003K(6656K)->1071K(6656K)
[2026-06-17T09:57:22.295+0800][29.811s][info][gc,heap        ] GC(1196) ParOldGen: 37666K(44032K)->39645K(44032K)
[2026-06-17T09:57:22.296+0800][29.812s][info][gc,metaspace   ] GC(1196) Metaspace: 152K(384K)->152K(384K) NonClass: 147K(256K)->147K(256K) Class: 4K(128K)->4K(128K)
[2026-06-17T09:57:22.296+0800][29.812s][info][gc             ] GC(1196) Pause Young (Allocation Failure) 46M->39M(57M) 2.680ms
[2026-06-17T09:57:22.296+0800][29.812s][info][gc,cpu         ] GC(1196) User=0.01s Sys=0.00s Real=0.00s
[2026-06-17T09:57:22.318+0800][29.834s][info][gc,start       ] GC(1197) Pause Young (Allocation Failure)
[2026-06-17T09:57:22.319+0800][29.835s][info][gc,heap        ] GC(1197) PSYoungGen: 9257K(14848K)->2545K(15360K) Eden: 8186K(8192K)->0K(8704K) From: 1071K(6656K)->2545K(6656K)
[2026-06-17T09:57:22.320+0800][29.836s][info][gc,heap        ] GC(1197) ParOldGen: 39645K(44032K)->39918K(44032K)
[2026-06-17T09:57:22.320+0800][29.836s][info][gc,metaspace   ] GC(1197) Metaspace: 152K(384K)->152K(384K) NonClass: 147K(256K)->147K(256K) Class: 4K(128K)->4K(128K)
[2026-06-17T09:57:22.320+0800][29.836s][info][gc             ] GC(1197) Pause Young (Allocation Failure) 47M->41M(58M) 2.351ms
[2026-06-17T09:57:22.321+0800][29.837s][info][gc,cpu         ] GC(1197) User=0.00s Sys=0.00s Real=0.00s
[2026-06-17T09:57:22.342+0800][29.858s][info][gc,start       ] GC(1198) Pause Young (Allocation Failure)
[2026-06-17T09:57:22.343+0800][29.859s][info][gc,heap        ] GC(1198) PSYoungGen: 11219K(15360K)->4504K(14848K) Eden: 8674K(8704K)->0K(8704K) From: 2545K(6656K)->4504K(6144K)
[2026-06-17T09:57:22.344+0800][29.860s][info][gc,heap        ] GC(1198) ParOldGen: 39918K(44032K)->39918K(44032K)
[2026-06-17T09:57:22.344+0800][29.860s][info][gc,metaspace   ] GC(1198) Metaspace: 152K(384K)->152K(384K) NonClass: 147K(256K)->147K(256K) Class: 4K(128K)->4K(128K)
[2026-06-17T09:57:22.344+0800][29.861s][info][gc             ] GC(1198) Pause Young (Allocation Failure) 49M->43M(57M) 2.249ms
[2026-06-17T09:57:22.345+0800][29.861s][info][gc,cpu         ] GC(1198) User=0.00s Sys=0.00s Real=0.01s
[2026-06-17T09:57:22.366+0800][29.882s][info][gc,start       ] GC(1199) Pause Young (Allocation Failure)
[2026-06-17T09:57:22.367+0800][29.883s][info][gc,heap        ] GC(1199) PSYoungGen: 13179K(14848K)->6345K(13824K) Eden: 8674K(8704K)->0K(7168K) From: 4504K(6144K)->6345K(6656K)
[2026-06-17T09:57:22.368+0800][29.884s][info][gc,heap        ] GC(1199) ParOldGen: 39918K(44032K)->39918K(44032K)
[2026-06-17T09:57:22.368+0800][29.884s][info][gc,metaspace   ] GC(1199) Metaspace: 152K(384K)->152K(384K) NonClass: 147K(256K)->147K(256K) Class: 4K(128K)->4K(128K)
[2026-06-17T09:57:22.369+0800][29.885s][info][gc             ] GC(1199) Pause Young (Allocation Failure) 51M->45M(56M) 2.548ms
[2026-06-17T09:57:22.369+0800][29.885s][info][gc,cpu         ] GC(1199) User=0.00s Sys=0.00s Real=0.00s
[2026-06-17T09:57:22.380+0800][29.896s][info][gc,start       ] GC(1200) Pause Young (Allocation Failure)
[2026-06-17T09:57:22.382+0800][29.898s][info][gc,heap        ] GC(1200) PSYoungGen: 13498K(13824K)->6081K(14336K) Eden: 7152K(7168K)->0K(7168K) From: 6345K(6656K)->6081K(7168K)
[2026-06-17T09:57:22.383+0800][29.899s][info][gc,heap        ] GC(1200) ParOldGen: 39918K(44032K)->43934K(44032K)
[2026-06-17T09:57:22.384+0800][29.900s][info][gc,metaspace   ] GC(1200) Metaspace: 152K(384K)->152K(384K) NonClass: 147K(256K)->147K(256K) Class: 4K(128K)->4K(128K)
[2026-06-17T09:57:22.384+0800][29.900s][info][gc             ] GC(1200) Pause Young (Allocation Failure) 52M->48M(57M) 3.325ms
[2026-06-17T09:57:22.384+0800][29.900s][info][gc,cpu         ] GC(1200) User=0.00s Sys=0.00s Real=0.01s
[2026-06-17T09:57:22.405+0800][29.921s][info][gc,start       ] GC(1201) Pause Full (Ergonomics)
[2026-06-17T09:57:22.406+0800][29.922s][info][gc,phases,start] GC(1201) Marking Phase
[2026-06-17T09:57:22.407+0800][29.923s][info][gc,phases      ] GC(1201) Marking Phase 0.867ms
[2026-06-17T09:57:22.408+0800][29.924s][info][gc,phases,start] GC(1201) Summary Phase
[2026-06-17T09:57:22.408+0800][29.924s][info][gc,phases      ] GC(1201) Summary Phase 0.444ms
[2026-06-17T09:57:22.408+0800][29.924s][info][gc,phases,start] GC(1201) Adjust Roots
[2026-06-17T09:57:22.409+0800][29.925s][info][gc,phases      ] GC(1201) Adjust Roots 0.410ms
[2026-06-17T09:57:22.409+0800][29.925s][info][gc,phases,start] GC(1201) Compaction Phase
[2026-06-17T09:57:22.411+0800][29.927s][info][gc,phases      ] GC(1201) Compaction Phase 1.994ms
[2026-06-17T09:57:22.412+0800][29.928s][info][gc,phases,start] GC(1201) Post Compact
[2026-06-17T09:57:22.412+0800][29.928s][info][gc,phases      ] GC(1201) Post Compact 0.587ms
[2026-06-17T09:57:22.413+0800][29.929s][info][gc,heap        ] GC(1201) PSYoungGen: 13246K(14336K)->0K(14336K) Eden: 7165K(7168K)->0K(7168K) From: 6081K(7168K)->0K(7168K)
[2026-06-17T09:57:22.413+0800][29.929s][info][gc,heap        ] GC(1201) ParOldGen: 43934K(44032K)->27883K(44032K)
[2026-06-17T09:57:22.414+0800][29.930s][info][gc,metaspace   ] GC(1201) Metaspace: 152K(384K)->152K(384K) NonClass: 147K(256K)->147K(256K) Class: 4K(128K)->4K(128K)
[2026-06-17T09:57:22.414+0800][29.930s][info][gc             ] GC(1201) Pause Full (Ergonomics) 55M->27M(57M) 9.016ms
[2026-06-17T09:57:22.415+0800][29.931s][info][gc,cpu         ] GC(1201) User=0.01s Sys=0.00s Real=0.01s
[2026-06-17T09:57:22.436+0800][29.952s][info][gc,start       ] GC(1202) Pause Young (Allocation Failure)
[2026-06-17T09:57:22.437+0800][29.953s][info][gc,heap        ] GC(1202) PSYoungGen: 7153K(14336K)->3625K(14336K) Eden: 7153K(7168K)->0K(7168K) From: 0K(7168K)->3625K(7168K)
[2026-06-17T09:57:22.438+0800][29.954s][info][gc,heap        ] GC(1202) ParOldGen: 27883K(44032K)->27883K(44032K)
[2026-06-17T09:57:22.438+0800][29.954s][info][gc,metaspace   ] GC(1202) Metaspace: 152K(384K)->152K(384K) NonClass: 147K(256K)->147K(256K) Class: 4K(128K)->4K(128K)
[2026-06-17T09:57:22.439+0800][29.955s][info][gc             ] GC(1202) Pause Young (Allocation Failure) 34M->30M(57M) 2.718ms
[2026-06-17T09:57:22.439+0800][29.955s][info][gc,cpu         ] GC(1202) User=0.00s Sys=0.00s Real=0.00s
[2026-06-17T09:57:22.451+0800][29.967s][info][gc,start       ] GC(1203) Pause Young (Allocation Failure)
[2026-06-17T09:57:22.452+0800][29.968s][info][gc,heap        ] GC(1203) PSYoungGen: 10723K(14336K)->1290K(14336K) Eden: 7097K(7168K)->0K(7168K) From: 3625K(7168K)->1290K(7168K)
[2026-06-17T09:57:22.453+0800][29.969s][info][gc,heap        ] GC(1203) ParOldGen: 27883K(44032K)->30282K(44032K)
[2026-06-17T09:57:22.454+0800][29.970s][info][gc,metaspace   ] GC(1203) Metaspace: 152K(384K)->152K(384K) NonClass: 147K(256K)->147K(256K) Class: 4K(128K)->4K(128K)
[2026-06-17T09:57:22.454+0800][29.970s][info][gc             ] GC(1203) Pause Young (Allocation Failure) 37M->30M(57M) 3.255ms
[2026-06-17T09:57:22.455+0800][29.971s][info][gc,cpu         ] GC(1203) User=0.00s Sys=0.00s Real=0.00s
[2026-06-17T09:57:22.476+0800][29.992s][info][gc,start       ] GC(1204) Pause Young (Allocation Failure)
[2026-06-17T09:57:22.478+0800][29.994s][info][gc,heap        ] GC(1204) PSYoungGen: 8440K(14336K)->3810K(14336K) Eden: 7150K(7168K)->0K(7168K) From: 1290K(7168K)->3810K(7168K)
[2026-06-17T09:57:22.479+0800][29.995s][info][gc,heap        ] GC(1204) ParOldGen: 30282K(44032K)->31548K(44032K)
[2026-06-17T09:57:22.480+0800][29.996s][info][gc,metaspace   ] GC(1204) Metaspace: 152K(384K)->152K(384K) NonClass: 147K(256K)->147K(256K) Class: 4K(128K)->4K(128K)
[2026-06-17T09:57:22.481+0800][29.997s][info][gc             ] GC(1204) Pause Young (Allocation Failure) 37M->34M(57M) 4.673ms
[2026-06-17T09:57:22.482+0800][29.998s][info][gc,cpu         ] GC(1204) User=0.00s Sys=0.00s Real=0.00s
[2026-06-17T09:57:22.504+0800][30.020s][info][gc,start       ] GC(1205) Pause Young (Allocation Failure)
[2026-06-17T09:57:22.506+0800][30.022s][info][gc,heap        ] GC(1205) PSYoungGen: 10957K(14336K)->3370K(14336K) Eden: 7147K(7168K)->0K(7168K) From: 3810K(7168K)->3370K(7168K)
[2026-06-17T09:57:22.507+0800][30.023s][info][gc,heap        ] GC(1205) ParOldGen: 31548K(44032K)->32412K(44032K)
[2026-06-17T09:57:22.508+0800][30.024s][info][gc,metaspace   ] GC(1205) Metaspace: 152K(384K)->152K(384K) NonClass: 147K(256K)->147K(256K) Class: 4K(128K)->4K(128K)
[2026-06-17T09:57:22.509+0800][30.025s][info][gc             ] GC(1205) Pause Young (Allocation Failure) 41M->34M(57M) 4.452ms
[2026-06-17T09:57:22.510+0800][30.026s][info][gc,cpu         ] GC(1205) User=0.01s Sys=0.00s Real=0.00s
[2026-06-17T09:57:22.532+0800][30.048s][info][gc,start       ] GC(1206) Pause Young (Allocation Failure)
[2026-06-17T09:57:22.534+0800][30.050s][info][gc,heap        ] GC(1206) PSYoungGen: 10538K(14336K)->1514K(14336K) Eden: 7168K(7168K)->0K(7168K) From: 3370K(7168K)->1514K(7168K)
[2026-06-17T09:57:22.534+0800][30.050s][info][gc,heap        ] GC(1206) ParOldGen: 32412K(44032K)->34333K(44032K)
[2026-06-17T09:57:22.535+0800][30.051s][info][gc,metaspace   ] GC(1206) Metaspace: 152K(384K)->152K(384K) NonClass: 147K(256K)->147K(256K) Class: 4K(128K)->4K(128K)
[2026-06-17T09:57:22.536+0800][30.052s][info][gc             ] GC(1206) Pause Young (Allocation Failure) 41M->35M(57M) 3.382ms
[2026-06-17T09:57:22.536+0800][30.052s][info][gc,cpu         ] GC(1206) User=0.00s Sys=0.00s Real=0.00s
[2026-06-17T09:57:22.548+0800][30.064s][info][gc,start       ] GC(1207) Pause Young (Allocation Failure)
[2026-06-17T09:57:22.550+0800][30.066s][info][gc,heap        ] GC(1207) PSYoungGen: 8679K(14336K)->5265K(14336K) Eden: 7164K(7168K)->0K(7168K) From: 1514K(7168K)->5265K(7168K)
[2026-06-17T09:57:22.551+0800][30.067s][info][gc,heap        ] GC(1207) ParOldGen: 34333K(44032K)->34333K(44032K)
[2026-06-17T09:57:22.551+0800][30.067s][info][gc,metaspace   ] GC(1207) Metaspace: 152K(384K)->152K(384K) NonClass: 147K(256K)->147K(256K) Class: 4K(128K)->4K(128K)
[2026-06-17T09:57:22.552+0800][30.068s][info][gc             ] GC(1207) Pause Young (Allocation Failure) 42M->38M(57M) 4.332ms
[2026-06-17T09:57:22.553+0800][30.069s][info][gc,cpu         ] GC(1207) User=0.00s Sys=0.00s Real=0.01s
[2026-06-17T09:57:22.575+0800][30.091s][info][gc,start       ] GC(1208) Pause Young (Allocation Failure)
[2026-06-17T09:57:22.577+0800][30.093s][info][gc,heap        ] GC(1208) PSYoungGen: 12389K(14336K)->411K(14336K) Eden: 7123K(7168K)->0K(7168K) From: 5265K(7168K)->411K(7168K)
[2026-06-17T09:57:22.578+0800][30.094s][info][gc,heap        ] GC(1208) ParOldGen: 34333K(44032K)->36189K(44032K)
[2026-06-17T09:57:22.579+0800][30.095s][info][gc,metaspace   ] GC(1208) Metaspace: 152K(384K)->152K(384K) NonClass: 147K(256K)->147K(256K) Class: 4K(128K)->4K(128K)
[2026-06-17T09:57:22.580+0800][30.096s][info][gc             ] GC(1208) Pause Young (Allocation Failure) 45M->35M(57M) 4.714ms
[2026-06-17T09:57:22.580+0800][30.096s][info][gc,cpu         ] GC(1208) User=0.00s Sys=0.00s Real=0.00s
[2026-06-17T09:57:22.603+0800][30.119s][info][gc,start       ] GC(1209) Pause Young (Allocation Failure)
[2026-06-17T09:57:22.605+0800][30.121s][info][gc,heap        ] GC(1209) PSYoungGen: 7566K(14336K)->3629K(14336K) Eden: 7155K(7168K)->0K(7168K) From: 411K(7168K)->3629K(7168K)
[2026-06-17T09:57:22.606+0800][30.122s][info][gc,heap        ] GC(1209) ParOldGen: 36189K(44032K)->36576K(44032K)
[2026-06-17T09:57:22.607+0800][30.123s][info][gc,metaspace   ] GC(1209) Metaspace: 152K(384K)->152K(384K) NonClass: 147K(256K)->147K(256K) Class: 4K(128K)->4K(128K)
[2026-06-17T09:57:22.608+0800][30.124s][info][gc             ] GC(1209) Pause Young (Allocation Failure) 42M->39M(57M) 4.467ms
[2026-06-17T09:57:22.609+0800][30.125s][info][gc,cpu         ] GC(1209) User=0.00s Sys=0.00s Real=0.00s
[2026-06-17T09:57:22.621+0800][30.137s][info][gc,start       ] GC(1210) Pause Young (Allocation Failure)
[2026-06-17T09:57:22.622+0800][30.138s][info][gc,heap        ] GC(1210) PSYoungGen: 10593K(14336K)->910K(14336K) Eden: 6963K(7168K)->0K(7168K) From: 3629K(7168K)->910K(7168K)
[2026-06-17T09:57:22.623+0800][30.139s][info][gc,heap        ] GC(1210) ParOldGen: 36576K(44032K)->39053K(44032K)
[2026-06-17T09:57:22.624+0800][30.140s][info][gc,metaspace   ] GC(1210) Metaspace: 152K(384K)->152K(384K) NonClass: 147K(256K)->147K(256K) Class: 4K(128K)->4K(128K)
[2026-06-17T09:57:22.625+0800][30.141s][info][gc             ] GC(1210) Pause Young (Allocation Failure) 46M->39M(57M) 4.410ms
[2026-06-17T09:57:22.626+0800][30.142s][info][gc,cpu         ] GC(1210) User=0.00s Sys=0.00s Real=0.01s
[2026-06-17T09:57:22.648+0800][30.164s][info][gc,start       ] GC(1211) Pause Young (Allocation Failure)
[2026-06-17T09:57:22.650+0800][30.166s][info][gc,heap        ] GC(1211) PSYoungGen: 8052K(14336K)->3784K(14336K) Eden: 7142K(7168K)->0K(7168K) From: 910K(7168K)->3784K(7168K)
[2026-06-17T09:57:22.650+0800][30.166s][info][gc,heap        ] GC(1211) ParOldGen: 39053K(44032K)->39939K(44032K)
[2026-06-17T09:57:22.651+0800][30.167s][info][gc,metaspace   ] GC(1211) Metaspace: 152K(384K)->152K(384K) NonClass: 147K(256K)->147K(256K) Class: 4K(128K)->4K(128K)
[2026-06-17T09:57:22.652+0800][30.168s][info][gc             ] GC(1211) Pause Young (Allocation Failure) 46M->42M(57M) 3.775ms
[2026-06-17T09:57:22.652+0800][30.168s][info][gc,cpu         ] GC(1211) User=0.01s Sys=0.00s Real=0.01s
[2026-06-17T09:57:22.675+0800][30.191s][info][gc,start       ] GC(1212) Pause Young (Allocation Failure)
[2026-06-17T09:57:22.677+0800][30.193s][info][gc,heap        ] GC(1212) PSYoungGen: 10935K(14336K)->2564K(14336K) Eden: 7151K(7168K)->0K(7168K) From: 3784K(7168K)->2564K(7168K)
[2026-06-17T09:57:22.679+0800][30.195s][info][gc,heap        ] GC(1212) ParOldGen: 39939K(44032K)->41073K(44032K)
[2026-06-17T09:57:22.680+0800][30.196s][info][gc,metaspace   ] GC(1212) Metaspace: 152K(384K)->152K(384K) NonClass: 147K(256K)->147K(256K) Class: 4K(128K)->4K(128K)
[2026-06-17T09:57:22.680+0800][30.196s][info][gc             ] GC(1212) Pause Young (Allocation Failure) 49M->42M(57M) 5.364ms
[2026-06-17T09:57:22.681+0800][30.197s][info][gc,cpu         ] GC(1212) User=0.00s Sys=0.00s Real=0.00s
[2026-06-17T09:57:22.704+0800][30.220s][info][gc,start       ] GC(1213) Pause Full (Ergonomics)
[2026-06-17T09:57:22.705+0800][30.221s][info][gc,phases,start] GC(1213) Marking Phase
[2026-06-17T09:57:22.707+0800][30.223s][info][gc,phases      ] GC(1213) Marking Phase 2.161ms
[2026-06-17T09:57:22.708+0800][30.224s][info][gc,phases,start] GC(1213) Summary Phase
[2026-06-17T09:57:22.709+0800][30.225s][info][gc,phases      ] GC(1213) Summary Phase 0.624ms
[2026-06-17T09:57:22.710+0800][30.226s][info][gc,phases,start] GC(1213) Adjust Roots
[2026-06-17T09:57:22.711+0800][30.227s][info][gc,phases      ] GC(1213) Adjust Roots 1.343ms
[2026-06-17T09:57:22.712+0800][30.228s][info][gc,phases,start] GC(1213) Compaction Phase
[2026-06-17T09:57:22.715+0800][30.231s][info][gc,phases      ] GC(1213) Compaction Phase 3.116ms
[2026-06-17T09:57:22.716+0800][30.232s][info][gc,phases,start] GC(1213) Post Compact
[2026-06-17T09:57:22.717+0800][30.233s][info][gc,phases      ] GC(1213) Post Compact 0.984ms
[2026-06-17T09:57:22.717+0800][30.233s][info][gc,heap        ] GC(1213) PSYoungGen: 9708K(14336K)->0K(14336K) Eden: 7144K(7168K)->0K(7168K) From: 2564K(7168K)->0K(7168K)
[2026-06-17T09:57:22.718+0800][30.234s][info][gc,heap        ] GC(1213) ParOldGen: 41073K(44032K)->30189K(44032K)
[2026-06-17T09:57:22.719+0800][30.235s][info][gc,metaspace   ] GC(1213) Metaspace: 152K(384K)->152K(384K) NonClass: 147K(256K)->147K(256K) Class: 4K(128K)->4K(128K)
[2026-06-17T09:57:22.720+0800][30.236s][info][gc             ] GC(1213) Pause Full (Ergonomics) 49M->29M(57M) 15.648ms
[2026-06-17T09:57:22.721+0800][30.237s][info][gc,cpu         ] GC(1213) User=0.01s Sys=0.00s Real=0.01s
[2026-06-17T09:57:22.732+0800][30.248s][info][gc,start       ] GC(1214) Pause Young (Allocation Failure)
[2026-06-17T09:57:22.734+0800][30.250s][info][gc,heap        ] GC(1214) PSYoungGen: 7137K(14336K)->6901K(14336K) Eden: 7137K(7168K)->0K(7168K) From: 0K(7168K)->6901K(7168K)
[2026-06-17T09:57:22.737+0800][30.253s][info][gc,heap        ] GC(1214) ParOldGen: 30189K(44032K)->30467K(44032K)
[2026-06-17T09:57:22.738+0800][30.254s][info][gc,metaspace   ] GC(1214) Metaspace: 152K(384K)->152K(384K) NonClass: 147K(256K)->147K(256K) Class: 4K(128K)->4K(128K)
[2026-06-17T09:57:22.739+0800][30.255s][info][gc             ] GC(1214) Pause Young (Allocation Failure) 36M->36M(57M) 6.801ms
[2026-06-17T09:57:22.740+0800][30.256s][info][gc,cpu         ] GC(1214) User=0.00s Sys=0.00s Real=0.00s
[2026-06-17T09:57:22.763+0800][30.279s][info][gc,start       ] GC(1215) Pause Young (Allocation Failure)
[2026-06-17T09:57:22.765+0800][30.281s][info][gc,heap        ] GC(1215) PSYoungGen: 14035K(14336K)->1933K(14336K) Eden: 7133K(7168K)->0K(7168K) From: 6901K(7168K)->1933K(7168K)
[2026-06-17T09:57:22.766+0800][30.282s][info][gc,heap        ] GC(1215) ParOldGen: 30467K(44032K)->35251K(44032K)
[2026-06-17T09:57:22.767+0800][30.283s][info][gc,metaspace   ] GC(1215) Metaspace: 152K(384K)->152K(384K) NonClass: 147K(256K)->147K(256K) Class: 4K(128K)->4K(128K)
[2026-06-17T09:57:22.768+0800][30.284s][info][gc             ] GC(1215) Pause Young (Allocation Failure) 43M->36M(57M) 4.977ms
[2026-06-17T09:57:22.769+0800][30.285s][info][gc,cpu         ] GC(1215) User=0.00s Sys=0.00s Real=0.00s
[2026-06-17T09:57:22.780+0800][30.296s][info][gc,start       ] GC(1216) Pause Young (Allocation Failure)
[2026-06-17T09:57:22.782+0800][30.298s][info][gc,heap        ] GC(1216) PSYoungGen: 9082K(14336K)->5425K(14336K) Eden: 7148K(7168K)->0K(7168K) From: 1933K(7168K)->5425K(7168K)
[2026-06-17T09:57:22.783+0800][30.299s][info][gc,heap        ] GC(1216) ParOldGen: 35251K(44032K)->35251K(44032K)
[2026-06-17T09:57:22.783+0800][30.299s][info][gc,metaspace   ] GC(1216) Metaspace: 152K(384K)->152K(384K) NonClass: 147K(256K)->147K(256K) Class: 4K(128K)->4K(128K)
[2026-06-17T09:57:22.784+0800][30.300s][info][gc             ] GC(1216) Pause Young (Allocation Failure) 43M->39M(57M) 3.801ms
[2026-06-17T09:57:22.785+0800][30.301s][info][gc,cpu         ] GC(1216) User=0.00s Sys=0.00s Real=0.01s
[2026-06-17T09:57:22.807+0800][30.323s][info][gc,start       ] GC(1217) Pause Young (Allocation Failure)
[2026-06-17T09:57:22.809+0800][30.325s][info][gc,heap        ] GC(1217) PSYoungGen: 12330K(14336K)->32K(14336K) Eden: 6904K(7168K)->0K(7168K) From: 5425K(7168K)->32K(7168K)
[2026-06-17T09:57:22.810+0800][30.326s][info][gc,heap        ] GC(1217) ParOldGen: 35251K(44032K)->37347K(44032K)
[2026-06-17T09:57:22.811+0800][30.327s][info][gc,metaspace   ] GC(1217) Metaspace: 152K(384K)->152K(384K) NonClass: 147K(256K)->147K(256K) Class: 4K(128K)->4K(128K)
[2026-06-17T09:57:22.811+0800][30.327s][info][gc             ] GC(1217) Pause Young (Allocation Failure) 46M->36M(57M) 4.017ms
[2026-06-17T09:57:22.812+0800][30.328s][info][gc,cpu         ] GC(1217) User=0.00s Sys=0.00s Real=0.01s
[2026-06-17T09:57:22.834+0800][30.350s][info][gc,start       ] GC(1218) Pause Young (Allocation Failure)
[2026-06-17T09:57:22.836+0800][30.352s][info][gc,heap        ] GC(1218) PSYoungGen: 7197K(14336K)->3986K(14336K) Eden: 7165K(7168K)->0K(7168K) From: 32K(7168K)->3986K(7168K)
[2026-06-17T09:57:22.836+0800][30.352s][info][gc,heap        ] GC(1218) ParOldGen: 37347K(44032K)->37355K(44032K)
[2026-06-17T09:57:22.836+0800][30.352s][info][gc,metaspace   ] GC(1218) Metaspace: 152K(384K)->152K(384K) NonClass: 147K(256K)->147K(256K) Class: 4K(128K)->4K(128K)
[2026-06-17T09:57:22.837+0800][30.353s][info][gc             ] GC(1218) Pause Young (Allocation Failure) 43M->40M(57M) 3.077ms
[2026-06-17T09:57:22.838+0800][30.354s][info][gc,cpu         ] GC(1218) User=0.00s Sys=0.00s Real=0.00s
[2026-06-17T09:57:22.849+0800][30.365s][info][gc,start       ] GC(1219) Pause Young (Allocation Failure)
[2026-06-17T09:57:22.850+0800][30.366s][info][gc,heap        ] GC(1219) PSYoungGen: 10961K(14336K)->1949K(14336K) Eden: 6975K(7168K)->0K(7168K) From: 3986K(7168K)->1949K(7168K)
[2026-06-17T09:57:22.850+0800][30.366s][info][gc,heap        ] GC(1219) ParOldGen: 37355K(44032K)->39412K(44032K)
[2026-06-17T09:57:22.851+0800][30.367s][info][gc,metaspace   ] GC(1219) Metaspace: 152K(384K)->152K(384K) NonClass: 147K(256K)->147K(256K) Class: 4K(128K)->4K(128K)
[2026-06-17T09:57:22.851+0800][30.367s][info][gc             ] GC(1219) Pause Young (Allocation Failure) 47M->40M(57M) 2.443ms
[2026-06-17T09:57:22.852+0800][30.368s][info][gc,cpu         ] GC(1219) User=0.01s Sys=0.00s Real=0.01s
[2026-06-17T09:57:22.873+0800][30.389s][info][gc,start       ] GC(1220) Pause Young (Allocation Failure)
[2026-06-17T09:57:22.874+0800][30.390s][info][gc,heap        ] GC(1220) PSYoungGen: 9113K(14336K)->3722K(14336K) Eden: 7164K(7168K)->0K(7168K) From: 1949K(7168K)->3722K(7168K)
[2026-06-17T09:57:22.875+0800][30.391s][info][gc,heap        ] GC(1220) ParOldGen: 39412K(44032K)->41337K(44032K)
[2026-06-17T09:57:22.875+0800][30.391s][info][gc,metaspace   ] GC(1220) Metaspace: 152K(384K)->152K(384K) NonClass: 147K(256K)->147K(256K) Class: 4K(128K)->4K(128K)
[2026-06-17T09:57:22.876+0800][30.392s][info][gc             ] GC(1220) Pause Young (Allocation Failure) 47M->44M(57M) 2.653ms
[2026-06-17T09:57:22.876+0800][30.392s][info][gc,cpu         ] GC(1220) User=0.00s Sys=0.00s Real=0.00s
[2026-06-17T09:57:22.898+0800][30.414s][info][gc,start       ] GC(1221) Pause Full (Ergonomics)
[2026-06-17T09:57:22.898+0800][30.414s][info][gc,phases,start] GC(1221) Marking Phase
[2026-06-17T09:57:22.899+0800][30.415s][info][gc,phases      ] GC(1221) Marking Phase 0.837ms
[2026-06-17T09:57:22.899+0800][30.415s][info][gc,phases,start] GC(1221) Summary Phase
[2026-06-17T09:57:22.900+0800][30.416s][info][gc,phases      ] GC(1221) Summary Phase 0.311ms
[2026-06-17T09:57:22.900+0800][30.416s][info][gc,phases,start] GC(1221) Adjust Roots
[2026-06-17T09:57:22.901+0800][30.417s][info][gc,phases      ] GC(1221) Adjust Roots 0.683ms
[2026-06-17T09:57:22.901+0800][30.418s][info][gc,phases,start] GC(1221) Compaction Phase
[2026-06-17T09:57:22.904+0800][30.420s][info][gc,phases      ] GC(1221) Compaction Phase 2.537ms
[2026-06-17T09:57:22.904+0800][30.420s][info][gc,phases,start] GC(1221) Post Compact
[2026-06-17T09:57:22.905+0800][30.421s][info][gc,phases      ] GC(1221) Post Compact 0.503ms
[2026-06-17T09:57:22.905+0800][30.421s][info][gc,heap        ] GC(1221) PSYoungGen: 10871K(14336K)->0K(14336K) Eden: 7148K(7168K)->0K(7168K) From: 3722K(7168K)->0K(7168K)
[2026-06-17T09:57:22.906+0800][30.422s][info][gc,heap        ] GC(1221) ParOldGen: 41337K(44032K)->25258K(44032K)
[2026-06-17T09:57:22.906+0800][30.422s][info][gc,metaspace   ] GC(1221) Metaspace: 152K(384K)->152K(384K) NonClass: 147K(256K)->147K(256K) Class: 4K(128K)->4K(128K)
[2026-06-17T09:57:22.907+0800][30.423s][info][gc             ] GC(1221) Pause Full (Ergonomics) 50M->24M(57M) 8.827ms
[2026-06-17T09:57:22.907+0800][30.423s][info][gc,cpu         ] GC(1221) User=0.00s Sys=0.00s Real=0.01s
[2026-06-17T09:57:22.928+0800][30.444s][info][gc,start       ] GC(1222) Pause Young (Allocation Failure)
[2026-06-17T09:57:22.929+0800][30.445s][info][gc,heap        ] GC(1222) PSYoungGen: 7134K(14336K)->3962K(14336K) Eden: 7134K(7168K)->0K(7168K) From: 0K(7168K)->3962K(7168K)
[2026-06-17T09:57:22.930+0800][30.446s][info][gc,heap        ] GC(1222) ParOldGen: 25258K(44032K)->25258K(44032K)
[2026-06-17T09:57:22.931+0800][30.447s][info][gc,metaspace   ] GC(1222) Metaspace: 152K(384K)->152K(384K) NonClass: 147K(256K)->147K(256K) Class: 4K(128K)->4K(128K)
[2026-06-17T09:57:22.931+0800][30.447s][info][gc             ] GC(1222) Pause Young (Allocation Failure) 31M->28M(57M) 2.605ms
[2026-06-17T09:57:22.931+0800][30.448s][info][gc,cpu         ] GC(1222) User=0.01s Sys=0.00s Real=0.01s
[2026-06-17T09:57:22.943+0800][30.459s][info][gc,start       ] GC(1223) Pause Young (Allocation Failure)
[2026-06-17T09:57:22.945+0800][30.461s][info][gc,heap        ] GC(1223) PSYoungGen: 11127K(14336K)->4498K(14336K) Eden: 7164K(7168K)->0K(7168K) From: 3962K(7168K)->4498K(7168K)
[2026-06-17T09:57:22.945+0800][30.461s][info][gc,heap        ] GC(1223) ParOldGen: 25258K(44032K)->28432K(44032K)
[2026-06-17T09:57:22.945+0800][30.461s][info][gc,metaspace   ] GC(1223) Metaspace: 152K(384K)->152K(384K) NonClass: 147K(256K)->147K(256K) Class: 4K(128K)->4K(128K)
[2026-06-17T09:57:22.946+0800][30.462s][info][gc             ] GC(1223) Pause Young (Allocation Failure) 35M->32M(57M) 2.984ms
[2026-06-17T09:57:22.946+0800][30.462s][info][gc,cpu         ] GC(1223) User=0.00s Sys=0.00s Real=0.00s
[2026-06-17T09:57:22.968+0800][30.484s][info][gc,start       ] GC(1224) Pause Young (Allocation Failure)
[2026-06-17T09:57:22.970+0800][30.486s][info][gc,heap        ] GC(1224) PSYoungGen: 11646K(14336K)->2704K(14336K) Eden: 7147K(7168K)->0K(7168K) From: 4498K(7168K)->2704K(7168K)
[2026-06-17T09:57:22.970+0800][30.486s][info][gc,heap        ] GC(1224) ParOldGen: 28432K(44032K)->30542K(44032K)
[2026-06-17T09:57:22.971+0800][30.487s][info][gc,metaspace   ] GC(1224) Metaspace: 152K(384K)->152K(384K) NonClass: 147K(256K)->147K(256K) Class: 4K(128K)->4K(128K)
[2026-06-17T09:57:22.971+0800][30.487s][info][gc             ] GC(1224) Pause Young (Allocation Failure) 39M->32M(57M) 3.229ms
[2026-06-17T09:57:22.972+0800][30.488s][info][gc,cpu         ] GC(1224) User=0.00s Sys=0.00s Real=0.01s
[2026-06-17T09:57:22.993+0800][30.509s][info][gc,start       ] GC(1225) Pause Young (Allocation Failure)
[2026-06-17T09:57:22.994+0800][30.510s][info][gc,heap        ] GC(1225) PSYoungGen: 9871K(14336K)->3232K(14336K) Eden: 7167K(7168K)->0K(7168K) From: 2704K(7168K)->3232K(7168K)
[2026-06-17T09:57:22.995+0800][30.511s][info][gc,heap        ] GC(1225) ParOldGen: 30542K(44032K)->30542K(44032K)
[2026-06-17T09:57:22.996+0800][30.512s][info][gc,metaspace   ] GC(1225) Metaspace: 152K(384K)->152K(384K) NonClass: 147K(256K)->147K(256K) Class: 4K(128K)->4K(128K)
[2026-06-17T09:57:22.996+0800][30.512s][info][gc             ] GC(1225) Pause Young (Allocation Failure) 39M->32M(57M) 2.816ms
[2026-06-17T09:57:22.997+0800][30.513s][info][gc,cpu         ] GC(1225) User=0.00s Sys=0.00s Real=0.00s
[2026-06-17T09:57:23.008+0800][30.524s][info][gc,start       ] GC(1226) Pause Young (Allocation Failure)
[2026-06-17T09:57:23.009+0800][30.525s][info][gc,heap        ] GC(1226) PSYoungGen: 10229K(14336K)->920K(14336K) Eden: 6997K(7168K)->0K(7168K) From: 3232K(7168K)->920K(7168K)
[2026-06-17T09:57:23.010+0800][30.526s][info][gc,heap        ] GC(1226) ParOldGen: 30542K(44032K)->32731K(44032K)
[2026-06-17T09:57:23.010+0800][30.526s][info][gc,metaspace   ] GC(1226) Metaspace: 152K(384K)->152K(384K) NonClass: 147K(256K)->147K(256K) Class: 4K(128K)->4K(128K)
[2026-06-17T09:57:23.011+0800][30.527s][info][gc             ] GC(1226) Pause Young (Allocation Failure) 39M->32M(57M) 2.382ms
[2026-06-17T09:57:23.011+0800][30.527s][info][gc,cpu         ] GC(1226) User=0.00s Sys=0.00s Real=0.01s
[2026-06-17T09:57:23.033+0800][30.549s][info][gc,start       ] GC(1227) Pause Young (Allocation Failure)
[2026-06-17T09:57:23.035+0800][30.551s][info][gc,heap        ] GC(1227) PSYoungGen: 8061K(14336K)->3777K(14336K) Eden: 7141K(7168K)->0K(7168K) From: 920K(7168K)->3777K(7168K)
[2026-06-17T09:57:23.035+0800][30.551s][info][gc,heap        ] GC(1227) ParOldGen: 32731K(44032K)->33627K(44032K)
[2026-06-17T09:57:23.036+0800][30.552s][info][gc,metaspace   ] GC(1227) Metaspace: 152K(384K)->152K(384K) NonClass: 147K(256K)->147K(256K) Class: 4K(128K)->4K(128K)
[2026-06-17T09:57:23.036+0800][30.552s][info][gc             ] GC(1227) Pause Young (Allocation Failure) 39M->36M(57M) 2.943ms
[2026-06-17T09:57:23.037+0800][30.553s][info][gc,cpu         ] GC(1227) User=0.00s Sys=0.00s Real=0.00s
[2026-06-17T09:57:23.058+0800][30.574s][info][gc,start       ] GC(1228) Pause Young (Allocation Failure)
[2026-06-17T09:57:23.060+0800][30.576s][info][gc,heap        ] GC(1228) PSYoungGen: 10919K(14336K)->3324K(14336K) Eden: 7142K(7168K)->0K(7168K) From: 3777K(7168K)->3324K(7168K)
[2026-06-17T09:57:23.060+0800][30.576s][info][gc,heap        ] GC(1228) ParOldGen: 33627K(44032K)->34479K(44032K)
[2026-06-17T09:57:23.061+0800][30.577s][info][gc,metaspace   ] GC(1228) Metaspace: 152K(384K)->152K(384K) NonClass: 147K(256K)->147K(256K) Class: 4K(128K)->4K(128K)
[2026-06-17T09:57:23.061+0800][30.577s][info][gc             ] GC(1228) Pause Young (Allocation Failure) 43M->36M(57M) 2.683ms
[2026-06-17T09:57:23.061+0800][30.577s][info][gc,cpu         ] GC(1228) User=0.00s Sys=0.00s Real=0.00s
[2026-06-17T09:57:23.083+0800][30.599s][info][gc,start       ] GC(1229) Pause Young (Allocation Failure)
[2026-06-17T09:57:23.084+0800][30.600s][info][gc,heap        ] GC(1229) PSYoungGen: 10465K(14336K)->1558K(14848K) Eden: 7140K(7168K)->0K(8192K) From: 3324K(7168K)->1558K(6656K)
[2026-06-17T09:57:23.085+0800][30.601s][info][gc,heap        ] GC(1229) ParOldGen: 34479K(44032K)->36565K(44032K)
[2026-06-17T09:57:23.085+0800][30.601s][info][gc,metaspace   ] GC(1229) Metaspace: 152K(384K)->152K(384K) NonClass: 147K(256K)->147K(256K) Class: 4K(128K)->4K(128K)
[2026-06-17T09:57:23.085+0800][30.601s][info][gc             ] GC(1229) Pause Young (Allocation Failure) 43M->37M(57M) 2.561ms
[2026-06-17T09:57:23.086+0800][30.602s][info][gc,cpu         ] GC(1229) User=0.00s Sys=0.00s Real=0.00s
[2026-06-17T09:57:23.107+0800][30.623s][info][gc,start       ] GC(1230) Pause Young (Allocation Failure)
[2026-06-17T09:57:23.108+0800][30.624s][info][gc,heap        ] GC(1230) PSYoungGen: 9746K(14848K)->2900K(14848K) Eden: 8188K(8192K)->0K(8192K) From: 1558K(6656K)->2900K(6656K)
[2026-06-17T09:57:23.109+0800][30.625s][info][gc,heap        ] GC(1230) ParOldGen: 36565K(44032K)->36565K(44032K)
[2026-06-17T09:57:23.109+0800][30.625s][info][gc,metaspace   ] GC(1230) Metaspace: 152K(384K)->152K(384K) NonClass: 147K(256K)->147K(256K) Class: 4K(128K)->4K(128K)
[2026-06-17T09:57:23.111+0800][30.627s][info][gc             ] GC(1230) Pause Young (Allocation Failure) 45M->38M(57M) 3.599ms
[2026-06-17T09:57:23.111+0800][30.627s][info][gc,cpu         ] GC(1230) User=0.00s Sys=0.00s Real=0.01s
[2026-06-17T09:57:23.123+0800][30.639s][info][gc,start       ] GC(1231) Pause Young (Allocation Failure)
[2026-06-17T09:57:23.124+0800][30.640s][info][gc,heap        ] GC(1231) PSYoungGen: 11001K(14848K)->4083K(15360K) Eden: 8100K(8192K)->0K(9216K) From: 2900K(6656K)->4083K(6144K)
[2026-06-17T09:57:23.124+0800][30.640s][info][gc,heap        ] GC(1231) ParOldGen: 36565K(44032K)->36565K(44032K)
[2026-06-17T09:57:23.125+0800][30.641s][info][gc,metaspace   ] GC(1231) Metaspace: 152K(384K)->152K(384K) NonClass: 147K(256K)->147K(256K) Class: 4K(128K)->4K(128K)
[2026-06-17T09:57:23.126+0800][30.642s][info][gc             ] GC(1231) Pause Young (Allocation Failure) 46M->39M(58M) 2.786ms
[2026-06-17T09:57:23.126+0800][30.642s][info][gc,cpu         ] GC(1231) User=0.01s Sys=0.00s Real=0.00s
[2026-06-17T09:57:23.158+0800][30.674s][info][gc,start       ] GC(1232) Pause Young (Allocation Failure)
[2026-06-17T09:57:23.159+0800][30.675s][info][gc,heap        ] GC(1232) PSYoungGen: 13298K(15360K)->6083K(15360K) Eden: 9215K(9216K)->0K(9216K) From: 4083K(6144K)->6083K(6144K)
[2026-06-17T09:57:23.160+0800][30.676s][info][gc,heap        ] GC(1232) ParOldGen: 36565K(44032K)->37155K(44032K)
[2026-06-17T09:57:23.161+0800][30.677s][info][gc,metaspace   ] GC(1232) Metaspace: 152K(384K)->152K(384K) NonClass: 147K(256K)->147K(256K) Class: 4K(128K)->4K(128K)
[2026-06-17T09:57:23.161+0800][30.677s][info][gc             ] GC(1232) Pause Young (Allocation Failure) 48M->42M(58M) 3.302ms
[2026-06-17T09:57:23.162+0800][30.678s][info][gc,cpu         ] GC(1232) User=0.00s Sys=0.00s Real=0.00s
[2026-06-17T09:57:23.184+0800][30.700s][info][gc,start       ] GC(1233) Pause Young (Allocation Failure)
[2026-06-17T09:57:23.185+0800][30.701s][info][gc,heap        ] GC(1233) PSYoungGen: 15253K(15360K)->6052K(13312K) Eden: 9169K(9216K)->0K(7168K) From: 6083K(6144K)->6052K(6144K)
[2026-06-17T09:57:23.186+0800][30.702s][info][gc,heap        ] GC(1233) ParOldGen: 37155K(44032K)->39587K(44032K)
[2026-06-17T09:57:23.186+0800][30.702s][info][gc,metaspace   ] GC(1233) Metaspace: 152K(384K)->152K(384K) NonClass: 147K(256K)->147K(256K) Class: 4K(128K)->4K(128K)
[2026-06-17T09:57:23.187+0800][30.703s][info][gc             ] GC(1233) Pause Young (Allocation Failure) 51M->44M(56M) 2.940ms
[2026-06-17T09:57:23.187+0800][30.703s][info][gc,cpu         ] GC(1233) User=0.00s Sys=0.00s Real=0.00s
[2026-06-17T09:57:23.208+0800][30.724s][info][gc,start       ] GC(1234) Pause Young (Allocation Failure)
[2026-06-17T09:57:23.210+0800][30.726s][info][gc,heap        ] GC(1234) PSYoungGen: 13191K(13312K)->5251K(14336K) Eden: 7139K(7168K)->0K(7168K) From: 6052K(6144K)->5251K(7168K)
[2026-06-17T09:57:23.210+0800][30.726s][info][gc,heap        ] GC(1234) ParOldGen: 39587K(44032K)->40825K(44032K)
[2026-06-17T09:57:23.211+0800][30.727s][info][gc,metaspace   ] GC(1234) Metaspace: 152K(384K)->152K(384K) NonClass: 147K(256K)->147K(256K) Class: 4K(128K)->4K(128K)
[2026-06-17T09:57:23.211+0800][30.727s][info][gc             ] GC(1234) Pause Young (Allocation Failure) 51M->44M(57M) 2.614ms
[2026-06-17T09:57:23.211+0800][30.727s][info][gc,cpu         ] GC(1234) User=0.00s Sys=0.00s Real=0.01s
[2026-06-17T09:57:23.233+0800][30.749s][info][gc,start       ] GC(1235) Pause Full (Ergonomics)
[2026-06-17T09:57:23.234+0800][30.750s][info][gc,phases,start] GC(1235) Marking Phase
[2026-06-17T09:57:23.235+0800][30.751s][info][gc,phases      ] GC(1235) Marking Phase 1.347ms
[2026-06-17T09:57:23.236+0800][30.752s][info][gc,phases,start] GC(1235) Summary Phase
[2026-06-17T09:57:23.236+0800][30.752s][info][gc,phases      ] GC(1235) Summary Phase 0.627ms
[2026-06-17T09:57:23.237+0800][30.753s][info][gc,phases,start] GC(1235) Adjust Roots
[2026-06-17T09:57:23.238+0800][30.754s][info][gc,phases      ] GC(1235) Adjust Roots 0.760ms
[2026-06-17T09:57:23.238+0800][30.754s][info][gc,phases,start] GC(1235) Compaction Phase
[2026-06-17T09:57:23.240+0800][30.756s][info][gc,phases      ] GC(1235) Compaction Phase 1.950ms
[2026-06-17T09:57:23.241+0800][30.757s][info][gc,phases,start] GC(1235) Post Compact
[2026-06-17T09:57:23.241+0800][30.757s][info][gc,phases      ] GC(1235) Post Compact 0.545ms
[2026-06-17T09:57:23.242+0800][30.758s][info][gc,heap        ] GC(1235) PSYoungGen: 12386K(14336K)->0K(14336K) Eden: 7134K(7168K)->0K(7168K) From: 5251K(7168K)->0K(7168K)
[2026-06-17T09:57:23.243+0800][30.759s][info][gc,heap        ] GC(1235) ParOldGen: 40825K(44032K)->22438K(44032K)
[2026-06-17T09:57:23.243+0800][30.759s][info][gc,metaspace   ] GC(1235) Metaspace: 152K(384K)->152K(384K) NonClass: 147K(256K)->147K(256K) Class: 4K(128K)->4K(128K)
[2026-06-17T09:57:23.244+0800][30.760s][info][gc             ] GC(1235) Pause Full (Ergonomics) 51M->21M(57M) 10.878ms
[2026-06-17T09:57:23.245+0800][30.761s][info][gc,cpu         ] GC(1235) User=0.01s Sys=0.00s Real=0.01s
[2026-06-17T09:57:23.256+0800][30.772s][info][gc,start       ] GC(1236) Pause Young (Allocation Failure)
[2026-06-17T09:57:23.257+0800][30.773s][info][gc,heap        ] GC(1236) PSYoungGen: 7159K(14336K)->7160K(14336K) Eden: 7159K(7168K)->0K(7168K) From: 0K(7168K)->7160K(7168K)
[2026-06-17T09:57:23.258+0800][30.774s][info][gc,heap        ] GC(1236) ParOldGen: 22438K(44032K)->22490K(44032K)
[2026-06-17T09:57:23.259+0800][30.775s][info][gc,metaspace   ] GC(1236) Metaspace: 152K(384K)->152K(384K) NonClass: 147K(256K)->147K(256K) Class: 4K(128K)->4K(128K)
[2026-06-17T09:57:23.259+0800][30.775s][info][gc             ] GC(1236) Pause Young (Allocation Failure) 28M->28M(57M) 3.355ms
[2026-06-17T09:57:23.260+0800][30.776s][info][gc,cpu         ] GC(1236) User=0.00s Sys=0.00s Real=0.00s
[2026-06-17T09:57:23.282+0800][30.798s][info][gc,start       ] GC(1237) Pause Young (Allocation Failure)
[2026-06-17T09:57:23.284+0800][30.800s][info][gc,heap        ] GC(1237) PSYoungGen: 14300K(14336K)->7121K(14336K) Eden: 7139K(7168K)->0K(7168K) From: 7160K(7168K)->7121K(7168K)
[2026-06-17T09:57:23.284+0800][30.800s][info][gc,heap        ] GC(1237) ParOldGen: 22490K(44032K)->22642K(44032K)
[2026-06-17T09:57:23.285+0800][30.801s][info][gc,metaspace   ] GC(1237) Metaspace: 152K(384K)->152K(384K) NonClass: 147K(256K)->147K(256K) Class: 4K(128K)->4K(128K)
[2026-06-17T09:57:23.285+0800][30.801s][info][gc             ] GC(1237) Pause Young (Allocation Failure) 35M->29M(57M) 3.367ms
[2026-06-17T09:57:23.286+0800][30.802s][info][gc,cpu         ] GC(1237) User=0.00s Sys=0.00s Real=0.01s
[2026-06-17T09:57:23.307+0800][30.823s][info][gc,start       ] GC(1238) Pause Young (Allocation Failure)
[2026-06-17T09:57:23.309+0800][30.825s][info][gc,heap        ] GC(1238) PSYoungGen: 14286K(14336K)->3575K(14336K) Eden: 7164K(7168K)->0K(7168K) From: 7121K(7168K)->3575K(7168K)
[2026-06-17T09:57:23.309+0800][30.825s][info][gc,heap        ] GC(1238) ParOldGen: 22642K(44032K)->26187K(44032K)
[2026-06-17T09:57:23.310+0800][30.826s][info][gc,metaspace   ] GC(1238) Metaspace: 152K(384K)->152K(384K) NonClass: 147K(256K)->147K(256K) Class: 4K(128K)->4K(128K)
[2026-06-17T09:57:23.310+0800][30.826s][info][gc             ] GC(1238) Pause Young (Allocation Failure) 36M->29M(57M) 2.727ms
[2026-06-17T09:57:23.310+0800][30.826s][info][gc,cpu         ] GC(1238) User=0.00s Sys=0.00s Real=0.00s
[2026-06-17T09:57:23.322+0800][30.838s][info][gc,start       ] GC(1239) Pause Young (Allocation Failure)
[2026-06-17T09:57:23.323+0800][30.839s][info][gc,heap        ] GC(1239) PSYoungGen: 10615K(14336K)->929K(14336K) Eden: 7039K(7168K)->0K(7168K) From: 3575K(7168K)->929K(7168K)
[2026-06-17T09:57:23.323+0800][30.839s][info][gc,heap        ] GC(1239) ParOldGen: 26187K(44032K)->28620K(44032K)
[2026-06-17T09:57:23.324+0800][30.840s][info][gc,metaspace   ] GC(1239) Metaspace: 152K(384K)->152K(384K) NonClass: 147K(256K)->147K(256K) Class: 4K(128K)->4K(128K)
[2026-06-17T09:57:23.324+0800][30.840s][info][gc             ] GC(1239) Pause Young (Allocation Failure) 35M->28M(57M) 2.547ms
[2026-06-17T09:57:23.325+0800][30.841s][info][gc,cpu         ] GC(1239) User=0.00s Sys=0.00s Real=0.01s
[2026-06-17T09:57:23.346+0800][30.862s][info][gc,start       ] GC(1240) Pause Young (Allocation Failure)
[2026-06-17T09:57:23.347+0800][30.863s][info][gc,heap        ] GC(1240) PSYoungGen: 8097K(14336K)->3888K(14336K) Eden: 7168K(7168K)->0K(7168K) From: 929K(7168K)->3888K(7168K)
[2026-06-17T09:57:23.347+0800][30.863s][info][gc,heap        ] GC(1240) ParOldGen: 28620K(44032K)->29525K(44032K)
[2026-06-17T09:57:23.348+0800][30.864s][info][gc,metaspace   ] GC(1240) Metaspace: 152K(384K)->152K(384K) NonClass: 147K(256K)->147K(256K) Class: 4K(128K)->4K(128K)
[2026-06-17T09:57:23.348+0800][30.864s][info][gc             ] GC(1240) Pause Young (Allocation Failure) 35M->32M(57M) 2.226ms
[2026-06-17T09:57:23.348+0800][30.864s][info][gc,cpu         ] GC(1240) User=0.00s Sys=0.00s Real=0.00s
[2026-06-17T09:57:23.370+0800][30.886s][info][gc,start       ] GC(1241) Pause Young (Allocation Failure)
[2026-06-17T09:57:23.371+0800][30.887s][info][gc,heap        ] GC(1241) PSYoungGen: 11041K(14336K)->2788K(14336K) Eden: 7152K(7168K)->0K(7168K) From: 3888K(7168K)->2788K(7168K)
[2026-06-17T09:57:23.373+0800][30.889s][info][gc,heap        ] GC(1241) ParOldGen: 29525K(44032K)->30474K(44032K)
[2026-06-17T09:57:23.373+0800][30.889s][info][gc,metaspace   ] GC(1241) Metaspace: 152K(384K)->152K(384K) NonClass: 147K(256K)->147K(256K) Class: 4K(128K)->4K(128K)
[2026-06-17T09:57:23.374+0800][30.890s][info][gc             ] GC(1241) Pause Young (Allocation Failure) 39M->32M(57M) 3.591ms
[2026-06-17T09:57:23.374+0800][30.890s][info][gc,cpu         ] GC(1241) User=0.00s Sys=0.00s Real=0.01s
[2026-06-17T09:57:23.395+0800][30.911s][info][gc,start       ] GC(1242) Pause Young (Allocation Failure)
[2026-06-17T09:57:23.396+0800][30.912s][info][gc,heap        ] GC(1242) PSYoungGen: 9944K(14336K)->801K(14336K) Eden: 7156K(7168K)->0K(7168K) From: 2788K(7168K)->801K(7168K)
[2026-06-17T09:57:23.397+0800][30.913s][info][gc,heap        ] GC(1242) ParOldGen: 30474K(44032K)->32406K(44032K)
[2026-06-17T09:57:23.397+0800][30.913s][info][gc,metaspace   ] GC(1242) Metaspace: 152K(384K)->152K(384K) NonClass: 147K(256K)->147K(256K) Class: 4K(128K)->4K(128K)
[2026-06-17T09:57:23.398+0800][30.914s][info][gc             ] GC(1242) Pause Young (Allocation Failure) 39M->32M(57M) 2.214ms
[2026-06-17T09:57:23.398+0800][30.914s][info][gc,cpu         ] GC(1242) User=0.00s Sys=0.00s Real=0.00s
[2026-06-17T09:57:23.409+0800][30.925s][info][gc,start       ] GC(1243) Pause Young (Allocation Failure)
[2026-06-17T09:57:23.411+0800][30.927s][info][gc,heap        ] GC(1243) PSYoungGen: 7953K(14336K)->4401K(14336K) Eden: 7152K(7168K)->0K(7168K) From: 801K(7168K)->4401K(7168K)
[2026-06-17T09:57:23.411+0800][30.927s][info][gc,heap        ] GC(1243) ParOldGen: 32406K(44032K)->32406K(44032K)
[2026-06-17T09:57:23.412+0800][30.928s][info][gc,metaspace   ] GC(1243) Metaspace: 152K(384K)->152K(384K) NonClass: 147K(256K)->147K(256K) Class: 4K(128K)->4K(128K)
[2026-06-17T09:57:23.413+0800][30.929s][info][gc             ] GC(1243) Pause Young (Allocation Failure) 39M->35M(57M) 3.312ms
[2026-06-17T09:57:23.413+0800][30.929s][info][gc,cpu         ] GC(1243) User=0.01s Sys=0.00s Real=0.01s
[2026-06-17T09:57:23.435+0800][30.951s][info][gc,start       ] GC(1244) Pause Young (Allocation Failure)
[2026-06-17T09:57:23.436+0800][30.952s][info][gc,heap        ] GC(1244) PSYoungGen: 11539K(14336K)->1995K(14336K) Eden: 7138K(7168K)->0K(7168K) From: 4401K(7168K)->1995K(7168K)
[2026-06-17T09:57:23.437+0800][30.953s][info][gc,heap        ] GC(1244) ParOldGen: 32406K(44032K)->34778K(44032K)
[2026-06-17T09:57:23.437+0800][30.953s][info][gc,metaspace   ] GC(1244) Metaspace: 152K(384K)->152K(384K) NonClass: 147K(256K)->147K(256K) Class: 4K(128K)->4K(128K)
[2026-06-17T09:57:23.438+0800][30.954s][info][gc             ] GC(1244) Pause Young (Allocation Failure) 42M->35M(57M) 2.662ms
[2026-06-17T09:57:23.438+0800][30.954s][info][gc,cpu         ] GC(1244) User=0.00s Sys=0.00s Real=0.00s
[2026-06-17T09:57:23.459+0800][30.975s][info][gc,start       ] GC(1245) Pause Young (Allocation Failure)
[2026-06-17T09:57:23.460+0800][30.976s][info][gc,heap        ] GC(1245) PSYoungGen: 9135K(14336K)->2124K(14336K) Eden: 7139K(7168K)->0K(7168K) From: 1995K(7168K)->2124K(7168K)
[2026-06-17T09:57:23.461+0800][30.977s][info][gc,heap        ] GC(1245) ParOldGen: 34778K(44032K)->34778K(44032K)
[2026-06-17T09:57:23.462+0800][30.978s][info][gc,metaspace   ] GC(1245) Metaspace: 152K(384K)->152K(384K) NonClass: 147K(256K)->147K(256K) Class: 4K(128K)->4K(128K)
[2026-06-17T09:57:23.464+0800][30.980s][info][gc             ] GC(1245) Pause Young (Allocation Failure) 42M->36M(57M) 4.871ms
[2026-06-17T09:57:23.465+0800][30.981s][info][gc,cpu         ] GC(1245) User=0.00s Sys=0.00s Real=0.01s
[2026-06-17T09:57:23.477+0800][30.993s][info][gc,start       ] GC(1246) Pause Young (Allocation Failure)
[2026-06-17T09:57:23.478+0800][30.994s][info][gc,heap        ] GC(1246) PSYoungGen: 9283K(14336K)->3838K(14336K) Eden: 7159K(7168K)->0K(7168K) From: 2124K(7168K)->3838K(7168K)
[2026-06-17T09:57:23.480+0800][30.996s][info][gc,heap        ] GC(1246) ParOldGen: 34778K(44032K)->36647K(44032K)
[2026-06-17T09:57:23.480+0800][30.996s][info][gc,metaspace   ] GC(1246) Metaspace: 152K(384K)->152K(384K) NonClass: 147K(256K)->147K(256K) Class: 4K(128K)->4K(128K)
[2026-06-17T09:57:23.481+0800][30.997s][info][gc             ] GC(1246) Pause Young (Allocation Failure) 43M->39M(57M) 4.422ms
[2026-06-17T09:57:23.482+0800][30.998s][info][gc,cpu         ] GC(1246) User=0.00s Sys=0.00s Real=0.00s
[2026-06-17T09:57:23.503+0800][31.019s][info][gc,start       ] GC(1247) Pause Young (Allocation Failure)
[2026-06-17T09:57:23.504+0800][31.020s][info][gc,heap        ] GC(1247) PSYoungGen: 10993K(14336K)->3882K(14336K) Eden: 7155K(7168K)->0K(7168K) From: 3838K(7168K)->3882K(7168K)
[2026-06-17T09:57:23.505+0800][31.021s][info][gc,heap        ] GC(1247) ParOldGen: 36647K(44032K)->36647K(44032K)
[2026-06-17T09:57:23.505+0800][31.021s][info][gc,metaspace   ] GC(1247) Metaspace: 152K(384K)->152K(384K) NonClass: 147K(256K)->147K(256K) Class: 4K(128K)->4K(128K)
[2026-06-17T09:57:23.505+0800][31.021s][info][gc             ] GC(1247) Pause Young (Allocation Failure) 46M->39M(57M) 2.063ms
[2026-06-17T09:57:23.506+0800][31.022s][info][gc,cpu         ] GC(1247) User=0.00s Sys=0.00s Real=0.00s
[2026-06-17T09:57:23.517+0800][31.033s][info][gc,start       ] GC(1248) Pause Young (Allocation Failure)
[2026-06-17T09:57:23.518+0800][31.034s][info][gc,heap        ] GC(1248) PSYoungGen: 11043K(14336K)->2034K(14336K) Eden: 7161K(7168K)->0K(7168K) From: 3882K(7168K)->2034K(7168K)
[2026-06-17T09:57:23.518+0800][31.034s][info][gc,heap        ] GC(1248) ParOldGen: 36647K(44032K)->38443K(44032K)
[2026-06-17T09:57:23.519+0800][31.035s][info][gc,metaspace   ] GC(1248) Metaspace: 152K(384K)->152K(384K) NonClass: 147K(256K)->147K(256K) Class: 4K(128K)->4K(128K)
[2026-06-17T09:57:23.519+0800][31.035s][info][gc             ] GC(1248) Pause Young (Allocation Failure) 46M->39M(57M) 2.115ms
[2026-06-17T09:57:23.520+0800][31.036s][info][gc,cpu         ] GC(1248) User=0.00s Sys=0.00s Real=0.00s
[2026-06-17T09:57:23.542+0800][31.058s][info][gc,start       ] GC(1249) Pause Young (Allocation Failure)
[2026-06-17T09:57:23.544+0800][31.060s][info][gc,heap        ] GC(1249) PSYoungGen: 9193K(14336K)->3680K(14336K) Eden: 7159K(7168K)->0K(7168K) From: 2034K(7168K)->3680K(7168K)
[2026-06-17T09:57:23.545+0800][31.061s][info][gc,heap        ] GC(1249) ParOldGen: 38443K(44032K)->40453K(44032K)
[2026-06-17T09:57:23.546+0800][31.062s][info][gc,metaspace   ] GC(1249) Metaspace: 152K(384K)->152K(384K) NonClass: 147K(256K)->147K(256K) Class: 4K(128K)->4K(128K)
[2026-06-17T09:57:23.547+0800][31.063s][info][gc             ] GC(1249) Pause Young (Allocation Failure) 46M->43M(57M) 4.937ms
[2026-06-17T09:57:23.547+0800][31.063s][info][gc,cpu         ] GC(1249) User=0.00s Sys=0.00s Real=0.01s
[2026-06-17T09:57:23.570+0800][31.086s][info][gc,start       ] GC(1250) Pause Full (Ergonomics)
[2026-06-17T09:57:23.572+0800][31.088s][info][gc,phases,start] GC(1250) Marking Phase
[2026-06-17T09:57:23.575+0800][31.091s][info][gc,phases      ] GC(1250) Marking Phase 2.814ms
[2026-06-17T09:57:23.576+0800][31.092s][info][gc,phases,start] GC(1250) Summary Phase
[2026-06-17T09:57:23.576+0800][31.092s][info][gc,phases      ] GC(1250) Summary Phase 0.905ms
[2026-06-17T09:57:23.577+0800][31.093s][info][gc,phases,start] GC(1250) Adjust Roots
[2026-06-17T09:57:23.579+0800][31.095s][info][gc,phases      ] GC(1250) Adjust Roots 1.220ms
[2026-06-17T09:57:23.580+0800][31.096s][info][gc,phases,start] GC(1250) Compaction Phase
[2026-06-17T09:57:23.583+0800][31.099s][info][gc,phases      ] GC(1250) Compaction Phase 2.427ms
[2026-06-17T09:57:23.583+0800][31.099s][info][gc,phases,start] GC(1250) Post Compact
[2026-06-17T09:57:23.584+0800][31.100s][info][gc,phases      ] GC(1250) Post Compact 0.640ms
[2026-06-17T09:57:23.585+0800][31.101s][info][gc,heap        ] GC(1250) PSYoungGen: 10837K(14336K)->0K(14336K) Eden: 7156K(7168K)->0K(7168K) From: 3680K(7168K)->0K(7168K)
[2026-06-17T09:57:23.585+0800][31.101s][info][gc,heap        ] GC(1250) ParOldGen: 40453K(44032K)->22452K(44032K)
[2026-06-17T09:57:23.586+0800][31.102s][info][gc,metaspace   ] GC(1250) Metaspace: 152K(384K)->152K(384K) NonClass: 147K(256K)->147K(256K) Class: 4K(128K)->4K(128K)
[2026-06-17T09:57:23.586+0800][31.102s][info][gc             ] GC(1250) Pause Full (Ergonomics) 50M->21M(57M) 16.523ms
[2026-06-17T09:57:23.587+0800][31.103s][info][gc,cpu         ] GC(1250) User=0.01s Sys=0.00s Real=0.02s
[2026-06-17T09:57:23.610+0800][31.126s][info][gc,start       ] GC(1251) Pause Young (Allocation Failure)
[2026-06-17T09:57:23.612+0800][31.128s][info][gc,heap        ] GC(1251) PSYoungGen: 7155K(14336K)->3896K(14336K) Eden: 7155K(7168K)->0K(7168K) From: 0K(7168K)->3896K(7168K)
[2026-06-17T09:57:23.613+0800][31.129s][info][gc,heap        ] GC(1251) ParOldGen: 22452K(44032K)->22452K(44032K)
[2026-06-17T09:57:23.613+0800][31.129s][info][gc,metaspace   ] GC(1251) Metaspace: 152K(384K)->152K(384K) NonClass: 147K(256K)->147K(256K) Class: 4K(128K)->4K(128K)
[2026-06-17T09:57:23.614+0800][31.130s][info][gc             ] GC(1251) Pause Young (Allocation Failure) 28M->25M(57M) 4.550ms
[2026-06-17T09:57:23.615+0800][31.131s][info][gc,cpu         ] GC(1251) User=0.00s Sys=0.00s Real=0.01s
[2026-06-17T09:57:23.628+0800][31.144s][info][gc,start       ] GC(1252) Pause Young (Allocation Failure)
[2026-06-17T09:57:23.630+0800][31.146s][info][gc,heap        ] GC(1252) PSYoungGen: 11061K(14336K)->7089K(14336K) Eden: 7164K(7168K)->0K(7168K) From: 3896K(7168K)->7089K(7168K)
[2026-06-17T09:57:23.631+0800][31.147s][info][gc,heap        ] GC(1252) ParOldGen: 22452K(44032K)->23040K(44032K)
[2026-06-17T09:57:23.632+0800][31.148s][info][gc,metaspace   ] GC(1252) Metaspace: 152K(384K)->152K(384K) NonClass: 147K(256K)->147K(256K) Class: 4K(128K)->4K(128K)
[2026-06-17T09:57:23.633+0800][31.149s][info][gc             ] GC(1252) Pause Young (Allocation Failure) 32M->29M(57M) 5.495ms
[2026-06-17T09:57:23.634+0800][31.150s][info][gc,cpu         ] GC(1252) User=0.00s Sys=0.00s Real=0.01s
[2026-06-17T09:57:23.657+0800][31.173s][info][gc,start       ] GC(1253) Pause Young (Allocation Failure)
[2026-06-17T09:57:23.659+0800][31.175s][info][gc,heap        ] GC(1253) PSYoungGen: 14232K(14336K)->2958K(14336K) Eden: 7143K(7168K)->0K(7168K) From: 7089K(7168K)->2958K(7168K)
[2026-06-17T09:57:23.660+0800][31.176s][info][gc,heap        ] GC(1253) ParOldGen: 23040K(44032K)->27394K(44032K)
[2026-06-17T09:57:23.661+0800][31.177s][info][gc,metaspace   ] GC(1253) Metaspace: 152K(384K)->152K(384K) NonClass: 147K(256K)->147K(256K) Class: 4K(128K)->4K(128K)
[2026-06-17T09:57:23.662+0800][31.178s][info][gc             ] GC(1253) Pause Young (Allocation Failure) 36M->29M(57M) 4.999ms
[2026-06-17T09:57:23.663+0800][31.179s][info][gc,cpu         ] GC(1253) User=0.00s Sys=0.00s Real=0.01s
[2026-06-17T09:57:23.685+0800][31.201s][info][gc,start       ] GC(1254) Pause Young (Allocation Failure)
[2026-06-17T09:57:23.687+0800][31.203s][info][gc,heap        ] GC(1254) PSYoungGen: 10118K(14336K)->3248K(14336K) Eden: 7159K(7168K)->0K(7168K) From: 2958K(7168K)->3248K(7168K)
[2026-06-17T09:57:23.687+0800][31.203s][info][gc,heap        ] GC(1254) ParOldGen: 27394K(44032K)->27394K(44032K)
[2026-06-17T09:57:23.687+0800][31.203s][info][gc,metaspace   ] GC(1254) Metaspace: 152K(384K)->152K(384K) NonClass: 147K(256K)->147K(256K) Class: 4K(128K)->4K(128K)
[2026-06-17T09:57:23.688+0800][31.204s][info][gc             ] GC(1254) Pause Young (Allocation Failure) 36M->29M(57M) 2.982ms
[2026-06-17T09:57:23.690+0800][31.206s][info][gc,cpu         ] GC(1254) User=0.00s Sys=0.00s Real=0.00s
[2026-06-17T09:57:23.701+0800][31.217s][info][gc,start       ] GC(1255) Pause Young (Allocation Failure)
[2026-06-17T09:57:23.702+0800][31.218s][info][gc,heap        ] GC(1255) PSYoungGen: 10335K(14336K)->1657K(14336K) Eden: 7086K(7168K)->0K(7168K) From: 3248K(7168K)->1657K(7168K)
[2026-06-17T09:57:23.702+0800][31.218s][info][gc,heap        ] GC(1255) ParOldGen: 27394K(44032K)->29103K(44032K)
[2026-06-17T09:57:23.703+0800][31.219s][info][gc,metaspace   ] GC(1255) Metaspace: 152K(384K)->152K(384K) NonClass: 147K(256K)->147K(256K) Class: 4K(128K)->4K(128K)
[2026-06-17T09:57:23.703+0800][31.219s][info][gc             ] GC(1255) Pause Young (Allocation Failure) 36M->30M(57M) 2.570ms
[2026-06-17T09:57:23.704+0800][31.220s][info][gc,cpu         ] GC(1255) User=0.00s Sys=0.00s Real=0.01s
[2026-06-17T09:57:23.725+0800][31.241s][info][gc,start       ] GC(1256) Pause Young (Allocation Failure)
[2026-06-17T09:57:23.727+0800][31.243s][info][gc,heap        ] GC(1256) PSYoungGen: 8801K(14336K)->3854K(14336K) Eden: 7144K(7168K)->0K(7168K) From: 1657K(7168K)->3854K(7168K)
[2026-06-17T09:57:23.727+0800][31.243s][info][gc,heap        ] GC(1256) ParOldGen: 29103K(44032K)->30736K(44032K)
[2026-06-17T09:57:23.728+0800][31.244s][info][gc,metaspace   ] GC(1256) Metaspace: 152K(384K)->152K(384K) NonClass: 147K(256K)->147K(256K) Class: 4K(128K)->4K(128K)
[2026-06-17T09:57:23.728+0800][31.244s][info][gc             ] GC(1256) Pause Young (Allocation Failure) 37M->33M(57M) 2.716ms
[2026-06-17T09:57:23.729+0800][31.245s][info][gc,cpu         ] GC(1256) User=0.00s Sys=0.00s Real=0.00s
[2026-06-17T09:57:23.750+0800][31.266s][info][gc,start       ] GC(1257) Pause Young (Allocation Failure)
[2026-06-17T09:57:23.751+0800][31.267s][info][gc,heap        ] GC(1257) PSYoungGen: 11002K(14336K)->3343K(14336K) Eden: 7148K(7168K)->0K(7168K) From: 3854K(7168K)->3343K(7168K)
[2026-06-17T09:57:23.752+0800][31.268s][info][gc,heap        ] GC(1257) ParOldGen: 30736K(44032K)->31040K(44032K)
[2026-06-17T09:57:23.752+0800][31.268s][info][gc,metaspace   ] GC(1257) Metaspace: 152K(384K)->152K(384K) NonClass: 147K(256K)->147K(256K) Class: 4K(128K)->4K(128K)
[2026-06-17T09:57:23.753+0800][31.269s][info][gc             ] GC(1257) Pause Young (Allocation Failure) 40M->33M(57M) 2.533ms
[2026-06-17T09:57:23.753+0800][31.269s][info][gc,cpu         ] GC(1257) User=0.00s Sys=0.00s Real=0.01s
[2026-06-17T09:57:23.775+0800][31.291s][info][gc,start       ] GC(1258) Pause Young (Allocation Failure)
[2026-06-17T09:57:23.776+0800][31.292s][info][gc,heap        ] GC(1258) PSYoungGen: 10494K(14336K)->1458K(14336K) Eden: 7150K(7168K)->0K(7168K) From: 3343K(7168K)->1458K(7168K)
[2026-06-17T09:57:23.776+0800][31.292s][info][gc,heap        ] GC(1258) ParOldGen: 31040K(44032K)->33039K(44032K)
[2026-06-17T09:57:23.777+0800][31.293s][info][gc,metaspace   ] GC(1258) Metaspace: 152K(384K)->152K(384K) NonClass: 147K(256K)->147K(256K) Class: 4K(128K)->4K(128K)
[2026-06-17T09:57:23.777+0800][31.293s][info][gc             ] GC(1258) Pause Young (Allocation Failure) 40M->33M(57M) 2.751ms
[2026-06-17T09:57:23.778+0800][31.294s][info][gc,cpu         ] GC(1258) User=0.00s Sys=0.00s Real=0.00s
[2026-06-17T09:57:23.789+0800][31.305s][info][gc,start       ] GC(1259) Pause Young (Allocation Failure)
[2026-06-17T09:57:23.790+0800][31.306s][info][gc,heap        ] GC(1259) PSYoungGen: 8626K(14336K)->4164K(14336K) Eden: 7168K(7168K)->0K(7168K) From: 1458K(7168K)->4164K(7168K)
[2026-06-17T09:57:23.791+0800][31.307s][info][gc,heap        ] GC(1259) ParOldGen: 33039K(44032K)->33872K(44032K)
[2026-06-17T09:57:23.791+0800][31.307s][info][gc,metaspace   ] GC(1259) Metaspace: 152K(384K)->152K(384K) NonClass: 147K(256K)->147K(256K) Class: 4K(128K)->4K(128K)
[2026-06-17T09:57:23.792+0800][31.308s][info][gc             ] GC(1259) Pause Young (Allocation Failure) 40M->37M(57M) 2.856ms
[2026-06-17T09:57:23.792+0800][31.308s][info][gc,cpu         ] GC(1259) User=0.00s Sys=0.00s Real=0.01s
[2026-06-17T09:57:23.814+0800][31.330s][info][gc,start       ] GC(1260) Pause Young (Allocation Failure)
[2026-06-17T09:57:23.816+0800][31.332s][info][gc,heap        ] GC(1260) PSYoungGen: 11300K(14336K)->2659K(14336K) Eden: 7136K(7168K)->0K(7168K) From: 4164K(7168K)->2659K(7168K)
[2026-06-17T09:57:23.817+0800][31.333s][info][gc,heap        ] GC(1260) ParOldGen: 33872K(44032K)->35526K(44032K)
[2026-06-17T09:57:23.817+0800][31.333s][info][gc,metaspace   ] GC(1260) Metaspace: 152K(384K)->152K(384K) NonClass: 147K(256K)->147K(256K) Class: 4K(128K)->4K(128K)
[2026-06-17T09:57:23.818+0800][31.334s][info][gc             ] GC(1260) Pause Young (Allocation Failure) 44M->37M(57M) 3.935ms
[2026-06-17T09:57:23.818+0800][31.334s][info][gc,cpu         ] GC(1260) User=0.00s Sys=0.00s Real=0.00s
[2026-06-17T09:57:23.840+0800][31.356s][info][gc,start       ] GC(1261) Pause Young (Allocation Failure)
[2026-06-17T09:57:23.841+0800][31.357s][info][gc,heap        ] GC(1261) PSYoungGen: 9818K(14336K)->2666K(14848K) Eden: 7158K(7168K)->0K(8192K) From: 2659K(7168K)->2666K(6656K)
[2026-06-17T09:57:23.841+0800][31.357s][info][gc,heap        ] GC(1261) ParOldGen: 35526K(44032K)->35526K(44032K)
[2026-06-17T09:57:23.842+0800][31.358s][info][gc,metaspace   ] GC(1261) Metaspace: 152K(384K)->152K(384K) NonClass: 147K(256K)->147K(256K) Class: 4K(128K)->4K(128K)
[2026-06-17T09:57:23.842+0800][31.358s][info][gc             ] GC(1261) Pause Young (Allocation Failure) 44M->37M(57M) 2.626ms
[2026-06-17T09:57:23.842+0800][31.358s][info][gc,cpu         ] GC(1261) User=0.00s Sys=0.00s Real=0.01s
[2026-06-17T09:57:23.854+0800][31.370s][info][gc,start       ] GC(1262) Pause Young (Allocation Failure)
[2026-06-17T09:57:23.855+0800][31.371s][info][gc,heap        ] GC(1262) PSYoungGen: 10691K(14848K)->4075K(14848K) Eden: 8024K(8192K)->0K(8192K) From: 2666K(6656K)->4075K(6656K)
[2026-06-17T09:57:23.856+0800][31.372s][info][gc,heap        ] GC(1262) ParOldGen: 35526K(44032K)->35526K(44032K)
[2026-06-17T09:57:23.856+0800][31.372s][info][gc,metaspace   ] GC(1262) Metaspace: 152K(384K)->152K(384K) NonClass: 147K(256K)->147K(256K) Class: 4K(128K)->4K(128K)
[2026-06-17T09:57:23.857+0800][31.373s][info][gc             ] GC(1262) Pause Young (Allocation Failure) 45M->38M(57M) 2.552ms
[2026-06-17T09:57:23.857+0800][31.373s][info][gc,cpu         ] GC(1262) User=0.00s Sys=0.00s Real=0.00s
[2026-06-17T09:57:23.889+0800][31.405s][info][gc,start       ] GC(1263) Pause Young (Allocation Failure)
[2026-06-17T09:57:23.891+0800][31.407s][info][gc,heap        ] GC(1263) PSYoungGen: 12245K(14848K)->5561K(13824K) Eden: 8169K(8192K)->0K(7168K) From: 4075K(6656K)->5561K(6656K)
[2026-06-17T09:57:23.892+0800][31.408s][info][gc,heap        ] GC(1263) ParOldGen: 35526K(44032K)->35526K(44032K)
[2026-06-17T09:57:23.892+0800][31.408s][info][gc,metaspace   ] GC(1263) Metaspace: 152K(384K)->152K(384K) NonClass: 147K(256K)->147K(256K) Class: 4K(128K)->4K(128K)
[2026-06-17T09:57:23.892+0800][31.408s][info][gc             ] GC(1263) Pause Young (Allocation Failure) 46M->40M(56M) 3.031ms
[2026-06-17T09:57:23.893+0800][31.409s][info][gc,cpu         ] GC(1263) User=0.00s Sys=0.00s Real=0.01s
[2026-06-17T09:57:23.904+0800][31.420s][info][gc,start       ] GC(1264) Pause Young (Allocation Failure)
[2026-06-17T09:57:23.906+0800][31.422s][info][gc,heap        ] GC(1264) PSYoungGen: 12688K(13824K)->7067K(14336K) Eden: 7126K(7168K)->0K(7168K) From: 5561K(6656K)->7067K(7168K)
[2026-06-17T09:57:23.907+0800][31.423s][info][gc,heap        ] GC(1264) ParOldGen: 35526K(44032K)->37625K(44032K)
[2026-06-17T09:57:23.907+0800][31.423s][info][gc,metaspace   ] GC(1264) Metaspace: 152K(384K)->152K(384K) NonClass: 147K(256K)->147K(256K) Class: 4K(128K)->4K(128K)
[2026-06-17T09:57:23.907+0800][31.423s][info][gc             ] GC(1264) Pause Young (Allocation Failure) 47M->43M(57M) 3.143ms
[2026-06-17T09:57:23.908+0800][31.424s][info][gc,cpu         ] GC(1264) User=0.00s Sys=0.00s Real=0.00s
[2026-06-17T09:57:23.930+0800][31.446s][info][gc,start       ] GC(1265) Pause Young (Allocation Failure)
[2026-06-17T09:57:23.932+0800][31.448s][info][gc,heap        ] GC(1265) PSYoungGen: 14222K(14336K)->5785K(14336K) Eden: 7155K(7168K)->0K(7168K) From: 7067K(7168K)->5785K(7168K)
[2026-06-17T09:57:23.933+0800][31.449s][info][gc,heap        ] GC(1265) ParOldGen: 37625K(44032K)->39553K(44032K)
[2026-06-17T09:57:23.934+0800][31.450s][info][gc,metaspace   ] GC(1265) Metaspace: 152K(384K)->152K(384K) NonClass: 147K(256K)->147K(256K) Class: 4K(128K)->4K(128K)
[2026-06-17T09:57:23.935+0800][31.451s][info][gc             ] GC(1265) Pause Young (Allocation Failure) 50M->44M(57M) 4.828ms
[2026-06-17T09:57:23.935+0800][31.451s][info][gc,cpu         ] GC(1265) User=0.00s Sys=0.00s Real=0.01s
[2026-06-17T09:57:23.957+0800][31.473s][info][gc,start       ] GC(1266) Pause Young (Allocation Failure)
[2026-06-17T09:57:23.959+0800][31.475s][info][gc,heap        ] GC(1266) PSYoungGen: 12942K(14336K)->3689K(14336K) Eden: 7156K(7168K)->0K(7168K) From: 5785K(7168K)->3689K(7168K)
[2026-06-17T09:57:23.960+0800][31.476s][info][gc,heap        ] GC(1266) ParOldGen: 39553K(44032K)->41921K(44032K)
[2026-06-17T09:57:23.961+0800][31.477s][info][gc,metaspace   ] GC(1266) Metaspace: 152K(384K)->152K(384K) NonClass: 147K(256K)->147K(256K) Class: 4K(128K)->4K(128K)
[2026-06-17T09:57:23.961+0800][31.477s][info][gc             ] GC(1266) Pause Young (Allocation Failure) 51M->44M(57M) 4.369ms
[2026-06-17T09:57:23.962+0800][31.478s][info][gc,cpu         ] GC(1266) User=0.00s Sys=0.00s Real=0.00s
[2026-06-17T09:57:23.974+0800][31.490s][info][gc,start       ] GC(1267) Pause Full (Ergonomics)
[2026-06-17T09:57:23.975+0800][31.491s][info][gc,phases,start] GC(1267) Marking Phase
[2026-06-17T09:57:23.978+0800][31.494s][info][gc,phases      ] GC(1267) Marking Phase 2.650ms
[2026-06-17T09:57:23.979+0800][31.495s][info][gc,phases,start] GC(1267) Summary Phase
[2026-06-17T09:57:23.979+0800][31.495s][info][gc,phases      ] GC(1267) Summary Phase 0.632ms
[2026-06-17T09:57:23.980+0800][31.496s][info][gc,phases,start] GC(1267) Adjust Roots
[2026-06-17T09:57:23.981+0800][31.497s][info][gc,phases      ] GC(1267) Adjust Roots 1.471ms
[2026-06-17T09:57:23.982+0800][31.498s][info][gc,phases,start] GC(1267) Compaction Phase
[2026-06-17T09:57:23.985+0800][31.501s][info][gc,phases      ] GC(1267) Compaction Phase 3.406ms
[2026-06-17T09:57:23.986+0800][31.502s][info][gc,phases,start] GC(1267) Post Compact
[2026-06-17T09:57:23.987+0800][31.503s][info][gc,phases      ] GC(1267) Post Compact 0.785ms
[2026-06-17T09:57:23.987+0800][31.503s][info][gc,heap        ] GC(1267) PSYoungGen: 10813K(14336K)->0K(14336K) Eden: 7123K(7168K)->0K(7168K) From: 3689K(7168K)->0K(7168K)
[2026-06-17T09:57:23.988+0800][31.504s][info][gc,heap        ] GC(1267) ParOldGen: 41921K(44032K)->32407K(44032K)
[2026-06-17T09:57:23.988+0800][31.504s][info][gc,metaspace   ] GC(1267) Metaspace: 152K(384K)->152K(384K) NonClass: 147K(256K)->147K(256K) Class: 4K(128K)->4K(128K)
[2026-06-17T09:57:23.989+0800][31.505s][info][gc             ] GC(1267) Pause Full (Ergonomics) 51M->31M(57M) 14.471ms
[2026-06-17T09:57:23.989+0800][31.505s][info][gc,cpu         ] GC(1267) User=0.01s Sys=0.00s Real=0.01s
[2026-06-17T09:57:24.011+0800][31.527s][info][gc,start       ] GC(1268) Pause Young (Allocation Failure)
[2026-06-17T09:57:24.012+0800][31.528s][info][gc,heap        ] GC(1268) PSYoungGen: 7143K(14336K)->3601K(14336K) Eden: 7143K(7168K)->0K(7168K) From: 0K(7168K)->3601K(7168K)
[2026-06-17T09:57:24.012+0800][31.528s][info][gc,heap        ] GC(1268) ParOldGen: 32407K(44032K)->32407K(44032K)
[2026-06-17T09:57:24.013+0800][31.529s][info][gc,metaspace   ] GC(1268) Metaspace: 152K(384K)->152K(384K) NonClass: 147K(256K)->147K(256K) Class: 4K(128K)->4K(128K)
[2026-06-17T09:57:24.013+0800][31.529s][info][gc             ] GC(1268) Pause Young (Allocation Failure) 38M->35M(57M) 2.274ms
[2026-06-17T09:57:24.013+0800][31.529s][info][gc,cpu         ] GC(1268) User=0.00s Sys=0.00s Real=0.00s
[2026-06-17T09:57:24.035+0800][31.551s][info][gc,start       ] GC(1269) Pause Young (Allocation Failure)
[2026-06-17T09:57:24.036+0800][31.552s][info][gc,heap        ] GC(1269) PSYoungGen: 10757K(14336K)->2111K(14336K) Eden: 7155K(7168K)->0K(7168K) From: 3601K(7168K)->2111K(7168K)
[2026-06-17T09:57:24.036+0800][31.552s][info][gc,heap        ] GC(1269) ParOldGen: 32407K(44032K)->34017K(44032K)
[2026-06-17T09:57:24.036+0800][31.552s][info][gc,metaspace   ] GC(1269) Metaspace: 152K(384K)->152K(384K) NonClass: 147K(256K)->147K(256K) Class: 4K(128K)->4K(128K)
[2026-06-17T09:57:24.037+0800][31.553s][info][gc             ] GC(1269) Pause Young (Allocation Failure) 42M->35M(57M) 1.770ms
[2026-06-17T09:57:24.037+0800][31.553s][info][gc,cpu         ] GC(1269) User=0.00s Sys=0.00s Real=0.00s
[2026-06-17T09:57:24.058+0800][31.574s][info][gc,start       ] GC(1270) Pause Young (Allocation Failure)
[2026-06-17T09:57:24.059+0800][31.575s][info][gc,heap        ] GC(1270) PSYoungGen: 9277K(14336K)->140K(14336K) Eden: 7166K(7168K)->0K(7168K) From: 2111K(7168K)->140K(7168K)
[2026-06-17T09:57:24.059+0800][31.575s][info][gc,heap        ] GC(1270) ParOldGen: 34017K(44032K)->36000K(44032K)
[2026-06-17T09:57:24.060+0800][31.576s][info][gc,metaspace   ] GC(1270) Metaspace: 152K(384K)->152K(384K) NonClass: 147K(256K)->147K(256K) Class: 4K(128K)->4K(128K)
[2026-06-17T09:57:24.060+0800][31.576s][info][gc             ] GC(1270) Pause Young (Allocation Failure) 42M->35M(57M) 1.774ms
[2026-06-17T09:57:24.060+0800][31.576s][info][gc,cpu         ] GC(1270) User=0.00s Sys=0.00s Real=0.00s
[2026-06-17T09:57:24.071+0800][31.587s][info][gc,start       ] GC(1271) Pause Young (Allocation Failure)
[2026-06-17T09:57:24.072+0800][31.588s][info][gc,heap        ] GC(1271) PSYoungGen: 7264K(14336K)->3739K(14336K) Eden: 7124K(7168K)->0K(7168K) From: 140K(7168K)->3739K(7168K)
[2026-06-17T09:57:24.072+0800][31.588s][info][gc,heap        ] GC(1271) ParOldGen: 36000K(44032K)->36000K(44032K)
[2026-06-17T09:57:24.072+0800][31.588s][info][gc,metaspace   ] GC(1271) Metaspace: 152K(384K)->152K(384K) NonClass: 147K(256K)->147K(256K) Class: 4K(128K)->4K(128K)
[2026-06-17T09:57:24.073+0800][31.589s][info][gc             ] GC(1271) Pause Young (Allocation Failure) 42M->38M(57M) 1.640ms
[2026-06-17T09:57:24.073+0800][31.589s][info][gc,cpu         ] GC(1271) User=0.00s Sys=0.00s Real=0.00s
[2026-06-17T09:57:24.094+0800][31.610s][info][gc,start       ] GC(1272) Pause Young (Allocation Failure)
[2026-06-17T09:57:24.095+0800][31.611s][info][gc,heap        ] GC(1272) PSYoungGen: 10903K(14336K)->1334K(14336K) Eden: 7163K(7168K)->0K(7168K) From: 3739K(7168K)->1334K(7168K)
[2026-06-17T09:57:24.096+0800][31.612s][info][gc,heap        ] GC(1272) ParOldGen: 36000K(44032K)->38644K(44032K)
[2026-06-17T09:57:24.096+0800][31.612s][info][gc,metaspace   ] GC(1272) Metaspace: 152K(384K)->152K(384K) NonClass: 147K(256K)->147K(256K) Class: 4K(128K)->4K(128K)
[2026-06-17T09:57:24.096+0800][31.612s][info][gc             ] GC(1272) Pause Young (Allocation Failure) 45M->39M(57M) 2.082ms
[2026-06-17T09:57:24.096+0800][31.612s][info][gc,cpu         ] GC(1272) User=0.00s Sys=0.00s Real=0.00s
[2026-06-17T09:57:24.108+0800][31.624s][info][gc,start       ] GC(1273) Pause Young (Allocation Failure)
[2026-06-17T09:57:24.108+0800][31.624s][info][gc,heap        ] GC(1273) PSYoungGen: 8487K(14336K)->4975K(14336K) Eden: 7152K(7168K)->0K(7168K) From: 1334K(7168K)->4975K(7168K)
[2026-06-17T09:57:24.109+0800][31.625s][info][gc,heap        ] GC(1273) ParOldGen: 38644K(44032K)->38644K(44032K)
[2026-06-17T09:57:24.109+0800][31.625s][info][gc,metaspace   ] GC(1273) Metaspace: 152K(384K)->152K(384K) NonClass: 147K(256K)->147K(256K) Class: 4K(128K)->4K(128K)
[2026-06-17T09:57:24.109+0800][31.625s][info][gc             ] GC(1273) Pause Young (Allocation Failure) 46M->42M(57M) 1.651ms
[2026-06-17T09:57:24.109+0800][31.625s][info][gc,cpu         ] GC(1273) User=0.00s Sys=0.00s Real=0.00s
[2026-06-17T09:57:24.130+0800][31.646s][info][gc,start       ] GC(1274) Pause Young (Allocation Failure)
[2026-06-17T09:57:24.131+0800][31.647s][info][gc,heap        ] GC(1274) PSYoungGen: 12133K(14336K)->3291K(14336K) Eden: 7158K(7168K)->0K(7168K) From: 4975K(7168K)->3291K(7168K)
[2026-06-17T09:57:24.132+0800][31.648s][info][gc,heap        ] GC(1274) ParOldGen: 38644K(44032K)->40747K(44032K)
[2026-06-17T09:57:24.132+0800][31.648s][info][gc,metaspace   ] GC(1274) Metaspace: 152K(384K)->152K(384K) NonClass: 147K(256K)->147K(256K) Class: 4K(128K)->4K(128K)
[2026-06-17T09:57:24.132+0800][31.648s][info][gc             ] GC(1274) Pause Young (Allocation Failure) 49M->43M(57M) 1.982ms
[2026-06-17T09:57:24.132+0800][31.648s][info][gc,cpu         ] GC(1274) User=0.01s Sys=0.00s Real=0.01s
[2026-06-17T09:57:24.154+0800][31.670s][info][gc,start       ] GC(1275) Pause Full (Ergonomics)
[2026-06-17T09:57:24.154+0800][31.670s][info][gc,phases,start] GC(1275) Marking Phase
[2026-06-17T09:57:24.156+0800][31.672s][info][gc,phases      ] GC(1275) Marking Phase 1.827ms
[2026-06-17T09:57:24.158+0800][31.674s][info][gc,phases,start] GC(1275) Summary Phase
[2026-06-17T09:57:24.158+0800][31.674s][info][gc,phases      ] GC(1275) Summary Phase 0.408ms
[2026-06-17T09:57:24.158+0800][31.675s][info][gc,phases,start] GC(1275) Adjust Roots
[2026-06-17T09:57:24.159+0800][31.675s][info][gc,phases      ] GC(1275) Adjust Roots 0.771ms
[2026-06-17T09:57:24.160+0800][31.676s][info][gc,phases,start] GC(1275) Compaction Phase
[2026-06-17T09:57:24.163+0800][31.679s][info][gc,phases      ] GC(1275) Compaction Phase 3.404ms
[2026-06-17T09:57:24.163+0800][31.679s][info][gc,phases,start] GC(1275) Post Compact
[2026-06-17T09:57:24.164+0800][31.680s][info][gc,phases      ] GC(1275) Post Compact 0.312ms
[2026-06-17T09:57:24.164+0800][31.680s][info][gc,heap        ] GC(1275) PSYoungGen: 10421K(14336K)->0K(14336K) Eden: 7130K(7168K)->0K(7168K) From: 3291K(7168K)->0K(7168K)
[2026-06-17T09:57:24.164+0800][31.680s][info][gc,heap        ] GC(1275) ParOldGen: 40747K(44032K)->29279K(44032K)
[2026-06-17T09:57:24.164+0800][31.680s][info][gc,metaspace   ] GC(1275) Metaspace: 152K(384K)->152K(384K) NonClass: 147K(256K)->147K(256K) Class: 4K(128K)->4K(128K)
[2026-06-17T09:57:24.164+0800][31.680s][info][gc             ] GC(1275) Pause Full (Ergonomics) 49M->28M(57M) 10.673ms
[2026-06-17T09:57:24.165+0800][31.681s][info][gc,cpu         ] GC(1275) User=0.01s Sys=0.00s Real=0.01s
[2026-06-17T09:57:24.186+0800][31.702s][info][gc,start       ] GC(1276) Pause Young (Allocation Failure)
[2026-06-17T09:57:24.187+0800][31.703s][info][gc,heap        ] GC(1276) PSYoungGen: 7159K(14336K)->3615K(14336K) Eden: 7159K(7168K)->0K(7168K) From: 0K(7168K)->3615K(7168K)
[2026-06-17T09:57:24.187+0800][31.703s][info][gc,heap        ] GC(1276) ParOldGen: 29279K(44032K)->29279K(44032K)
[2026-06-17T09:57:24.188+0800][31.704s][info][gc,metaspace   ] GC(1276) Metaspace: 152K(384K)->152K(384K) NonClass: 147K(256K)->147K(256K) Class: 4K(128K)->4K(128K)
[2026-06-17T09:57:24.188+0800][31.704s][info][gc             ] GC(1276) Pause Young (Allocation Failure) 35M->32M(57M) 2.101ms
[2026-06-17T09:57:24.188+0800][31.704s][info][gc,cpu         ] GC(1276) User=0.00s Sys=0.00s Real=0.00s
[2026-06-17T09:57:24.199+0800][31.715s][info][gc,start       ] GC(1277) Pause Young (Allocation Failure)
[2026-06-17T09:57:24.200+0800][31.716s][info][gc,heap        ] GC(1277) PSYoungGen: 10195K(14336K)->3589K(14848K) Eden: 6579K(7168K)->0K(7680K) From: 3615K(7168K)->3589K(7168K)
[2026-06-17T09:57:24.200+0800][31.716s][info][gc,heap        ] GC(1277) ParOldGen: 29279K(44032K)->29279K(44032K)
[2026-06-17T09:57:24.200+0800][31.717s][info][gc,metaspace   ] GC(1277) Metaspace: 152K(384K)->152K(384K) NonClass: 147K(256K)->147K(256K) Class: 4K(128K)->4K(128K)
[2026-06-17T09:57:24.201+0800][31.717s][info][gc             ] GC(1277) Pause Young (Allocation Failure) 38M->32M(57M) 1.703ms
[2026-06-17T09:57:24.201+0800][31.717s][info][gc,cpu         ] GC(1277) User=0.00s Sys=0.00s Real=0.00s
[2026-06-17T09:57:24.222+0800][31.738s][info][gc,start       ] GC(1278) Pause Young (Allocation Failure)
[2026-06-17T09:57:24.224+0800][31.740s][info][gc,heap        ] GC(1278) PSYoungGen: 11254K(14848K)->6528K(14336K) Eden: 7664K(7680K)->0K(7680K) From: 3589K(7168K)->6528K(6656K)
[2026-06-17T09:57:24.224+0800][31.740s][info][gc,heap        ] GC(1278) ParOldGen: 29279K(44032K)->30613K(44032K)
[2026-06-17T09:57:24.224+0800][31.740s][info][gc,metaspace   ] GC(1278) Metaspace: 152K(384K)->152K(384K) NonClass: 147K(256K)->147K(256K) Class: 4K(128K)->4K(128K)
[2026-06-17T09:57:24.224+0800][31.740s][info][gc             ] GC(1278) Pause Young (Allocation Failure) 39M->36M(57M) 2.149ms
[2026-06-17T09:57:24.224+0800][31.740s][info][gc,cpu         ] GC(1278) User=0.00s Sys=0.00s Real=0.01s
[2026-06-17T09:57:24.246+0800][31.762s][info][gc,start       ] GC(1279) Pause Young (Allocation Failure)
[2026-06-17T09:57:24.248+0800][31.764s][info][gc,heap        ] GC(1279) PSYoungGen: 14198K(14336K)->3791K(14336K) Eden: 7670K(7680K)->0K(7168K) From: 6528K(6656K)->3791K(7168K)
[2026-06-17T09:57:24.248+0800][31.764s][info][gc,heap        ] GC(1279) ParOldGen: 30613K(44032K)->34166K(44032K)
[2026-06-17T09:57:24.248+0800][31.764s][info][gc,metaspace   ] GC(1279) Metaspace: 152K(384K)->152K(384K) NonClass: 147K(256K)->147K(256K) Class: 4K(128K)->4K(128K)
[2026-06-17T09:57:24.249+0800][31.765s][info][gc             ] GC(1279) Pause Young (Allocation Failure) 43M->37M(57M) 2.742ms
[2026-06-17T09:57:24.249+0800][31.765s][info][gc,cpu         ] GC(1279) User=0.01s Sys=0.00s Real=0.00s
[2026-06-17T09:57:24.270+0800][31.786s][info][gc,start       ] GC(1280) Pause Young (Allocation Failure)
[2026-06-17T09:57:24.272+0800][31.788s][info][gc,heap        ] GC(1280) PSYoungGen: 10913K(14336K)->2074K(14336K) Eden: 7121K(7168K)->0K(7168K) From: 3791K(7168K)->2074K(7168K)
[2026-06-17T09:57:24.272+0800][31.788s][info][gc,heap        ] GC(1280) ParOldGen: 34166K(44032K)->36033K(44032K)
[2026-06-17T09:57:24.273+0800][31.789s][info][gc,metaspace   ] GC(1280) Metaspace: 152K(384K)->152K(384K) NonClass: 147K(256K)->147K(256K) Class: 4K(128K)->4K(128K)
[2026-06-17T09:57:24.273+0800][31.789s][info][gc             ] GC(1280) Pause Young (Allocation Failure) 44M->37M(57M) 2.835ms
[2026-06-17T09:57:24.273+0800][31.789s][info][gc,cpu         ] GC(1280) User=0.00s Sys=0.00s Real=0.01s
[2026-06-17T09:57:24.285+0800][31.801s][info][gc,start       ] GC(1281) Pause Young (Allocation Failure)
[2026-06-17T09:57:24.289+0800][31.805s][info][gc,heap        ] GC(1281) PSYoungGen: 9223K(14336K)->32K(14336K) Eden: 7149K(7168K)->0K(7168K) From: 2074K(7168K)->32K(7168K)
[2026-06-17T09:57:24.290+0800][31.806s][info][gc,heap        ] GC(1281) ParOldGen: 36033K(44032K)->38029K(44032K)
[2026-06-17T09:57:24.292+0800][31.808s][info][gc,metaspace   ] GC(1281) Metaspace: 152K(384K)->152K(384K) NonClass: 147K(256K)->147K(256K) Class: 4K(128K)->4K(128K)
[2026-06-17T09:57:24.296+0800][31.812s][info][gc             ] GC(1281) Pause Young (Allocation Failure) 44M->37M(57M) 11.481ms
[2026-06-17T09:57:24.298+0800][31.814s][info][gc,cpu         ] GC(1281) User=0.00s Sys=0.00s Real=0.01s
[2026-06-17T09:57:24.321+0800][31.837s][info][gc,start       ] GC(1282) Pause Young (Allocation Failure)
[2026-06-17T09:57:24.323+0800][31.839s][info][gc,heap        ] GC(1282) PSYoungGen: 7188K(14336K)->3465K(14336K) Eden: 7156K(7168K)->0K(7168K) From: 32K(7168K)->3465K(7168K)
[2026-06-17T09:57:24.324+0800][31.840s][info][gc,heap        ] GC(1282) ParOldGen: 38029K(44032K)->38037K(44032K)
[2026-06-17T09:57:24.324+0800][31.840s][info][gc,metaspace   ] GC(1282) Metaspace: 152K(384K)->152K(384K) NonClass: 147K(256K)->147K(256K) Class: 4K(128K)->4K(128K)
[2026-06-17T09:57:24.325+0800][31.841s][info][gc             ] GC(1282) Pause Young (Allocation Failure) 44M->40M(57M) 4.031ms
[2026-06-17T09:57:24.326+0800][31.842s][info][gc,cpu         ] GC(1282) User=0.00s Sys=0.00s Real=0.01s
[2026-06-17T09:57:24.337+0800][31.853s][info][gc,start       ] GC(1283) Pause Young (Allocation Failure)
[2026-06-17T09:57:24.338+0800][31.854s][info][gc,heap        ] GC(1283) PSYoungGen: 10331K(14336K)->1090K(14336K) Eden: 6865K(7168K)->0K(7168K) From: 3465K(7168K)->1090K(7168K)
[2026-06-17T09:57:24.339+0800][31.855s][info][gc,heap        ] GC(1283) ParOldGen: 38037K(44032K)->40097K(44032K)
[2026-06-17T09:57:24.339+0800][31.855s][info][gc,metaspace   ] GC(1283) Metaspace: 152K(384K)->152K(384K) NonClass: 147K(256K)->147K(256K) Class: 4K(128K)->4K(128K)
[2026-06-17T09:57:24.339+0800][31.855s][info][gc             ] GC(1283) Pause Young (Allocation Failure) 47M->40M(57M) 1.797ms
[2026-06-17T09:57:24.339+0800][31.855s][info][gc,cpu         ] GC(1283) User=0.00s Sys=0.00s Real=0.00s
[2026-06-17T09:57:24.361+0800][31.877s][info][gc,start       ] GC(1284) Pause Full (Ergonomics)
[2026-06-17T09:57:24.362+0800][31.878s][info][gc,phases,start] GC(1284) Marking Phase
[2026-06-17T09:57:24.365+0800][31.881s][info][gc,phases      ] GC(1284) Marking Phase 2.065ms
[2026-06-17T09:57:24.365+0800][31.881s][info][gc,phases,start] GC(1284) Summary Phase
[2026-06-17T09:57:24.365+0800][31.881s][info][gc,phases      ] GC(1284) Summary Phase 0.458ms
[2026-06-17T09:57:24.366+0800][31.882s][info][gc,phases,start] GC(1284) Adjust Roots
[2026-06-17T09:57:24.367+0800][31.883s][info][gc,phases      ] GC(1284) Adjust Roots 0.819ms
[2026-06-17T09:57:24.367+0800][31.883s][info][gc,phases,start] GC(1284) Compaction Phase
[2026-06-17T09:57:24.369+0800][31.885s][info][gc,phases      ] GC(1284) Compaction Phase 2.246ms
[2026-06-17T09:57:24.370+0800][31.886s][info][gc,phases,start] GC(1284) Post Compact
[2026-06-17T09:57:24.370+0800][31.886s][info][gc,phases      ] GC(1284) Post Compact 0.345ms
[2026-06-17T09:57:24.370+0800][31.886s][info][gc,heap        ] GC(1284) PSYoungGen: 8254K(14336K)->0K(14336K) Eden: 7164K(7168K)->0K(7168K) From: 1090K(7168K)->0K(7168K)
[2026-06-17T09:57:24.370+0800][31.886s][info][gc,heap        ] GC(1284) ParOldGen: 40097K(44032K)->31410K(44032K)
[2026-06-17T09:57:24.371+0800][31.887s][info][gc,metaspace   ] GC(1284) Metaspace: 152K(384K)->152K(384K) NonClass: 147K(256K)->147K(256K) Class: 4K(128K)->4K(128K)
[2026-06-17T09:57:24.371+0800][31.887s][info][gc             ] GC(1284) Pause Full (Ergonomics) 47M->30M(57M) 10.182ms
[2026-06-17T09:57:24.371+0800][31.887s][info][gc,cpu         ] GC(1284) User=0.01s Sys=0.00s Real=0.02s
[2026-06-17T09:57:24.392+0800][31.908s][info][gc,start       ] GC(1285) Pause Young (Allocation Failure)
[2026-06-17T09:57:24.394+0800][31.910s][info][gc,heap        ] GC(1285) PSYoungGen: 7144K(14336K)->3864K(14336K) Eden: 7144K(7168K)->0K(7168K) From: 0K(7168K)->3864K(7168K)
[2026-06-17T09:57:24.395+0800][31.911s][info][gc,heap        ] GC(1285) ParOldGen: 31410K(44032K)->31410K(44032K)
[2026-06-17T09:57:24.395+0800][31.911s][info][gc,metaspace   ] GC(1285) Metaspace: 152K(384K)->152K(384K) NonClass: 147K(256K)->147K(256K) Class: 4K(128K)->4K(128K)
[2026-06-17T09:57:24.395+0800][31.911s][info][gc             ] GC(1285) Pause Young (Allocation Failure) 37M->34M(57M) 2.638ms
[2026-06-17T09:57:24.395+0800][31.911s][info][gc,cpu         ] GC(1285) User=0.00s Sys=0.00s Real=0.00s
[2026-06-17T09:57:24.417+0800][31.933s][info][gc,start       ] GC(1286) Pause Young (Allocation Failure)
[2026-06-17T09:57:24.419+0800][31.935s][info][gc,heap        ] GC(1286) PSYoungGen: 11030K(14336K)->3907K(14336K) Eden: 7165K(7168K)->0K(7168K) From: 3864K(7168K)->3907K(7168K)
[2026-06-17T09:57:24.419+0800][31.935s][info][gc,heap        ] GC(1286) ParOldGen: 31410K(44032K)->31410K(44032K)
[2026-06-17T09:57:24.420+0800][31.936s][info][gc,metaspace   ] GC(1286) Metaspace: 152K(384K)->152K(384K) NonClass: 147K(256K)->147K(256K) Class: 4K(128K)->4K(128K)
[2026-06-17T09:57:24.420+0800][31.936s][info][gc             ] GC(1286) Pause Young (Allocation Failure) 41M->34M(57M) 3.169ms
[2026-06-17T09:57:24.420+0800][31.936s][info][gc,cpu         ] GC(1286) User=0.00s Sys=0.01s Real=0.00s
[2026-06-17T09:57:24.432+0800][31.948s][info][gc,start       ] GC(1287) Pause Young (Allocation Failure)
[2026-06-17T09:57:24.434+0800][31.950s][info][gc,heap        ] GC(1287) PSYoungGen: 11037K(14336K)->5016K(14336K) Eden: 7129K(7168K)->0K(7168K) From: 3907K(7168K)->5016K(7168K)
[2026-06-17T09:57:24.434+0800][31.950s][info][gc,heap        ] GC(1287) ParOldGen: 31410K(44032K)->33909K(44032K)
[2026-06-17T09:57:24.435+0800][31.951s][info][gc,metaspace   ] GC(1287) Metaspace: 152K(384K)->152K(384K) NonClass: 147K(256K)->147K(256K) Class: 4K(128K)->4K(128K)
[2026-06-17T09:57:24.435+0800][31.951s][info][gc             ] GC(1287) Pause Young (Allocation Failure) 41M->38M(57M) 3.555ms
[2026-06-17T09:57:24.436+0800][31.952s][info][gc,cpu         ] GC(1287) User=0.00s Sys=0.00s Real=0.00s
[2026-06-17T09:57:24.458+0800][31.974s][info][gc,start       ] GC(1288) Pause Young (Allocation Failure)
[2026-06-17T09:57:24.460+0800][31.976s][info][gc,heap        ] GC(1288) PSYoungGen: 12184K(14336K)->3247K(14336K) Eden: 7168K(7168K)->0K(7168K) From: 5016K(7168K)->3247K(7168K)
[2026-06-17T09:57:24.461+0800][31.977s][info][gc,heap        ] GC(1288) ParOldGen: 33909K(44032K)->35906K(44032K)
[2026-06-17T09:57:24.461+0800][31.977s][info][gc,metaspace   ] GC(1288) Metaspace: 152K(384K)->152K(384K) NonClass: 147K(256K)->147K(256K) Class: 4K(128K)->4K(128K)
[2026-06-17T09:57:24.462+0800][31.978s][info][gc             ] GC(1288) Pause Young (Allocation Failure) 45M->38M(57M) 4.119ms
[2026-06-17T09:57:24.462+0800][31.978s][info][gc,cpu         ] GC(1288) User=0.00s Sys=0.00s Real=0.00s
[2026-06-17T09:57:24.474+0800][31.990s][info][gc,start       ] GC(1289) Pause Young (Allocation Failure)
[2026-06-17T09:57:24.476+0800][31.992s][info][gc,heap        ] GC(1289) PSYoungGen: 10415K(14336K)->5981K(14336K) Eden: 7168K(7168K)->0K(7168K) From: 3247K(7168K)->5981K(7168K)
[2026-06-17T09:57:24.477+0800][31.993s][info][gc,heap        ] GC(1289) ParOldGen: 35906K(44032K)->36860K(44032K)
[2026-06-17T09:57:24.477+0800][31.993s][info][gc,metaspace   ] GC(1289) Metaspace: 152K(384K)->152K(384K) NonClass: 147K(256K)->147K(256K) Class: 4K(128K)->4K(128K)
[2026-06-17T09:57:24.478+0800][31.994s][info][gc             ] GC(1289) Pause Young (Allocation Failure) 45M->41M(57M) 4.126ms
[2026-06-17T09:57:24.478+0800][31.995s][info][gc,cpu         ] GC(1289) User=0.01s Sys=0.00s Real=0.00s
[2026-06-17T09:57:24.501+0800][32.017s][info][gc,start       ] GC(1290) Pause Young (Allocation Failure)
[2026-06-17T09:57:24.504+0800][32.020s][info][gc,heap        ] GC(1290) PSYoungGen: 13042K(14336K)->32K(14336K) Eden: 7060K(7168K)->0K(7168K) From: 5981K(7168K)->32K(7168K)
[2026-06-17T09:57:24.505+0800][32.021s][info][gc,heap        ] GC(1290) ParOldGen: 36860K(44032K)->39445K(44032K)
[2026-06-17T09:57:24.505+0800][32.021s][info][gc,metaspace   ] GC(1290) Metaspace: 152K(384K)->152K(384K) NonClass: 147K(256K)->147K(256K) Class: 4K(128K)->4K(128K)
[2026-06-17T09:57:24.505+0800][32.021s][info][gc             ] GC(1290) Pause Young (Allocation Failure) 48M->38M(57M) 4.745ms
[2026-06-17T09:57:24.506+0800][32.022s][info][gc,cpu         ] GC(1290) User=0.00s Sys=0.00s Real=0.01s
[2026-06-17T09:57:24.527+0800][32.043s][info][gc,start       ] GC(1291) Pause Young (Allocation Failure)
[2026-06-17T09:57:24.529+0800][32.045s][info][gc,heap        ] GC(1291) PSYoungGen: 7180K(14336K)->3963K(14336K) Eden: 7148K(7168K)->0K(7168K) From: 32K(7168K)->3963K(7168K)
[2026-06-17T09:57:24.529+0800][32.045s][info][gc,heap        ] GC(1291) ParOldGen: 39445K(44032K)->39453K(44032K)
[2026-06-17T09:57:24.530+0800][32.046s][info][gc,metaspace   ] GC(1291) Metaspace: 152K(384K)->152K(384K) NonClass: 147K(256K)->147K(256K) Class: 4K(128K)->4K(128K)
[2026-06-17T09:57:24.530+0800][32.046s][info][gc             ] GC(1291) Pause Young (Allocation Failure) 45M->42M(57M) 2.877ms
[2026-06-17T09:57:24.531+0800][32.047s][info][gc,cpu         ] GC(1291) User=0.00s Sys=0.00s Real=0.01s
[2026-06-17T09:57:24.552+0800][32.068s][info][gc,start       ] GC(1292) Pause Young (Allocation Failure)
[2026-06-17T09:57:24.554+0800][32.070s][info][gc,heap        ] GC(1292) PSYoungGen: 11131K(14336K)->2538K(14336K) Eden: 7168K(7168K)->0K(7168K) From: 3963K(7168K)->2538K(7168K)
[2026-06-17T09:57:24.554+0800][32.070s][info][gc,heap        ] GC(1292) ParOldGen: 39453K(44032K)->41166K(44032K)
[2026-06-17T09:57:24.555+0800][32.071s][info][gc,metaspace   ] GC(1292) Metaspace: 152K(384K)->152K(384K) NonClass: 147K(256K)->147K(256K) Class: 4K(128K)->4K(128K)
[2026-06-17T09:57:24.555+0800][32.071s][info][gc             ] GC(1292) Pause Young (Allocation Failure) 49M->42M(57M) 2.570ms
[2026-06-17T09:57:24.555+0800][32.071s][info][gc,cpu         ] GC(1292) User=0.00s Sys=0.00s Real=0.00s
[2026-06-17T09:57:24.577+0800][32.093s][info][gc,start       ] GC(1293) Pause Full (Ergonomics)
[2026-06-17T09:57:24.578+0800][32.094s][info][gc,phases,start] GC(1293) Marking Phase
[2026-06-17T09:57:24.580+0800][32.096s][info][gc,phases      ] GC(1293) Marking Phase 2.484ms
[2026-06-17T09:57:24.581+0800][32.097s][info][gc,phases,start] GC(1293) Summary Phase
[2026-06-17T09:57:24.582+0800][32.098s][info][gc,phases      ] GC(1293) Summary Phase 0.394ms
[2026-06-17T09:57:24.582+0800][32.098s][info][gc,phases,start] GC(1293) Adjust Roots
[2026-06-17T09:57:24.583+0800][32.099s][info][gc,phases      ] GC(1293) Adjust Roots 0.477ms
[2026-06-17T09:57:24.583+0800][32.099s][info][gc,phases,start] GC(1293) Compaction Phase
[2026-06-17T09:57:24.585+0800][32.101s][info][gc,phases      ] GC(1293) Compaction Phase 2.180ms
[2026-06-17T09:57:24.585+0800][32.101s][info][gc,phases,start] GC(1293) Post Compact
[2026-06-17T09:57:24.586+0800][32.102s][info][gc,phases      ] GC(1293) Post Compact 0.347ms
[2026-06-17T09:57:24.586+0800][32.102s][info][gc,heap        ] GC(1293) PSYoungGen: 9685K(14336K)->0K(14336K) Eden: 7147K(7168K)->0K(7168K) From: 2538K(7168K)->0K(7168K)
[2026-06-17T09:57:24.586+0800][32.102s][info][gc,heap        ] GC(1293) ParOldGen: 41166K(44032K)->30110K(44032K)
[2026-06-17T09:57:24.587+0800][32.103s][info][gc,metaspace   ] GC(1293) Metaspace: 152K(384K)->152K(384K) NonClass: 147K(256K)->147K(256K) Class: 4K(128K)->4K(128K)
[2026-06-17T09:57:24.587+0800][32.103s][info][gc             ] GC(1293) Pause Full (Ergonomics) 49M->29M(57M) 9.806ms
[2026-06-17T09:57:24.587+0800][32.103s][info][gc,cpu         ] GC(1293) User=0.00s Sys=0.00s Real=0.01s
[2026-06-17T09:57:24.598+0800][32.114s][info][gc,start       ] GC(1294) Pause Young (Allocation Failure)
[2026-06-17T09:57:24.599+0800][32.115s][info][gc,heap        ] GC(1294) PSYoungGen: 7160K(14336K)->7104K(14336K) Eden: 7160K(7168K)->0K(7168K) From: 0K(7168K)->7104K(7168K)
[2026-06-17T09:57:24.600+0800][32.116s][info][gc,heap        ] GC(1294) ParOldGen: 30110K(44032K)->30236K(44032K)
[2026-06-17T09:57:24.600+0800][32.116s][info][gc,metaspace   ] GC(1294) Metaspace: 152K(384K)->152K(384K) NonClass: 147K(256K)->147K(256K) Class: 4K(128K)->4K(128K)
[2026-06-17T09:57:24.600+0800][32.116s][info][gc             ] GC(1294) Pause Young (Allocation Failure) 36M->36M(57M) 1.703ms
[2026-06-17T09:57:24.600+0800][32.116s][info][gc,cpu         ] GC(1294) User=0.00s Sys=0.00s Real=0.00s
[2026-06-17T09:57:24.622+0800][32.138s][info][gc,start       ] GC(1295) Pause Young (Allocation Failure)
[2026-06-17T09:57:24.623+0800][32.139s][info][gc,heap        ] GC(1295) PSYoungGen: 14272K(14336K)->3434K(14336K) Eden: 7167K(7168K)->0K(7168K) From: 7104K(7168K)->3434K(7168K)
[2026-06-17T09:57:24.624+0800][32.140s][info][gc,heap        ] GC(1295) ParOldGen: 30236K(44032K)->34041K(44032K)
[2026-06-17T09:57:24.624+0800][32.140s][info][gc,metaspace   ] GC(1295) Metaspace: 152K(384K)->152K(384K) NonClass: 147K(256K)->147K(256K) Class: 4K(128K)->4K(128K)
[2026-06-17T09:57:24.624+0800][32.140s][info][gc             ] GC(1295) Pause Young (Allocation Failure) 43M->36M(57M) 2.674ms
[2026-06-17T09:57:24.625+0800][32.141s][info][gc,cpu         ] GC(1295) User=0.01s Sys=0.00s Real=0.01s
[2026-06-17T09:57:24.646+0800][32.162s][info][gc,start       ] GC(1296) Pause Young (Allocation Failure)
[2026-06-17T09:57:24.648+0800][32.164s][info][gc,heap        ] GC(1296) PSYoungGen: 10602K(14336K)->3558K(14336K) Eden: 7168K(7168K)->0K(7168K) From: 3434K(7168K)->3558K(7168K)
[2026-06-17T09:57:24.649+0800][32.165s][info][gc,heap        ] GC(1296) ParOldGen: 34041K(44032K)->34041K(44032K)
[2026-06-17T09:57:24.649+0800][32.165s][info][gc,metaspace   ] GC(1296) Metaspace: 152K(384K)->152K(384K) NonClass: 147K(256K)->147K(256K) Class: 4K(128K)->4K(128K)
[2026-06-17T09:57:24.649+0800][32.165s][info][gc             ] GC(1296) Pause Young (Allocation Failure) 43M->36M(57M) 3.164ms
[2026-06-17T09:57:24.650+0800][32.166s][info][gc,cpu         ] GC(1296) User=0.00s Sys=0.00s Real=0.00s
[2026-06-17T09:57:24.661+0800][32.177s][info][gc,start       ] GC(1297) Pause Young (Allocation Failure)
[2026-06-17T09:57:24.663+0800][32.179s][info][gc,heap        ] GC(1297) PSYoungGen: 10716K(14336K)->1084K(14336K) Eden: 7158K(7168K)->0K(7168K) From: 3558K(7168K)->1084K(7168K)
[2026-06-17T09:57:24.663+0800][32.179s][info][gc,heap        ] GC(1297) ParOldGen: 34041K(44032K)->36360K(44032K)
[2026-06-17T09:57:24.664+0800][32.180s][info][gc,metaspace   ] GC(1297) Metaspace: 152K(384K)->152K(384K) NonClass: 147K(256K)->147K(256K) Class: 4K(128K)->4K(128K)
[2026-06-17T09:57:24.664+0800][32.180s][info][gc             ] GC(1297) Pause Young (Allocation Failure) 43M->36M(57M) 2.795ms
[2026-06-17T09:57:24.664+0800][32.180s][info][gc,cpu         ] GC(1297) User=0.00s Sys=0.00s Real=0.01s
[2026-06-17T09:57:24.686+0800][32.202s][info][gc,start       ] GC(1298) Pause Young (Allocation Failure)
[2026-06-17T09:57:24.688+0800][32.204s][info][gc,heap        ] GC(1298) PSYoungGen: 8213K(14336K)->3826K(14336K) Eden: 7128K(7168K)->0K(7168K) From: 1084K(7168K)->3826K(7168K)
[2026-06-17T09:57:24.689+0800][32.205s][info][gc,heap        ] GC(1298) ParOldGen: 36360K(44032K)->37420K(44032K)
[2026-06-17T09:57:24.690+0800][32.206s][info][gc,metaspace   ] GC(1298) Metaspace: 152K(384K)->152K(384K) NonClass: 147K(256K)->147K(256K) Class: 4K(128K)->4K(128K)
[2026-06-17T09:57:24.691+0800][32.207s][info][gc             ] GC(1298) Pause Young (Allocation Failure) 43M->40M(57M) 4.947ms
[2026-06-17T09:57:24.691+0800][32.207s][info][gc,cpu         ] GC(1298) User=0.00s Sys=0.00s Real=0.01s
[2026-06-17T09:57:24.714+0800][32.230s][info][gc,start       ] GC(1299) Pause Young (Allocation Failure)
[2026-06-17T09:57:24.716+0800][32.232s][info][gc,heap        ] GC(1299) PSYoungGen: 10992K(14336K)->2076K(14336K) Eden: 7165K(7168K)->0K(7168K) From: 3826K(7168K)->2076K(7168K)
[2026-06-17T09:57:24.717+0800][32.233s][info][gc,heap        ] GC(1299) ParOldGen: 37420K(44032K)->39658K(44032K)
[2026-06-17T09:57:24.720+0800][32.236s][info][gc,metaspace   ] GC(1299) Metaspace: 152K(384K)->152K(384K) NonClass: 147K(256K)->147K(256K) Class: 4K(128K)->4K(128K)
[2026-06-17T09:57:24.721+0800][32.237s][info][gc             ] GC(1299) Pause Young (Allocation Failure) 47M->40M(57M) 6.976ms
[2026-06-17T09:57:24.723+0800][32.239s][info][gc,cpu         ] GC(1299) User=0.00s Sys=0.00s Real=0.01s
[2026-06-17T09:57:24.749+0800][32.265s][info][gc,start       ] GC(1300) Pause Young (Allocation Failure)
[2026-06-17T09:57:24.751+0800][32.267s][info][gc,heap        ] GC(1300) PSYoungGen: 9234K(14336K)->137K(14336K) Eden: 7158K(7168K)->0K(7168K) From: 2076K(7168K)->137K(7168K)
[2026-06-17T09:57:24.752+0800][32.268s][info][gc,heap        ] GC(1300) ParOldGen: 39658K(44032K)->41657K(44032K)
[2026-06-17T09:57:24.753+0800][32.269s][info][gc,metaspace   ] GC(1300) Metaspace: 152K(384K)->152K(384K) NonClass: 147K(256K)->147K(256K) Class: 4K(128K)->4K(128K)
[2026-06-17T09:57:24.753+0800][32.269s][info][gc             ] GC(1300) Pause Young (Allocation Failure) 47M->40M(57M) 4.624ms
[2026-06-17T09:57:24.754+0800][32.270s][info][gc,cpu         ] GC(1300) User=0.00s Sys=0.01s Real=0.01s
[2026-06-17T09:57:24.766+0800][32.282s][info][gc,start       ] GC(1301) Pause Full (Ergonomics)
[2026-06-17T09:57:24.767+0800][32.283s][info][gc,phases,start] GC(1301) Marking Phase
[2026-06-17T09:57:24.770+0800][32.286s][info][gc,phases      ] GC(1301) Marking Phase 2.749ms
[2026-06-17T09:57:24.770+0800][32.286s][info][gc,phases,start] GC(1301) Summary Phase
[2026-06-17T09:57:24.771+0800][32.287s][info][gc,phases      ] GC(1301) Summary Phase 0.570ms
[2026-06-17T09:57:24.771+0800][32.287s][info][gc,phases,start] GC(1301) Adjust Roots
[2026-06-17T09:57:24.771+0800][32.288s][info][gc,phases      ] GC(1301) Adjust Roots 0.524ms
[2026-06-17T09:57:24.772+0800][32.288s][info][gc,phases,start] GC(1301) Compaction Phase
[2026-06-17T09:57:24.775+0800][32.291s][info][gc,phases      ] GC(1301) Compaction Phase 2.756ms
[2026-06-17T09:57:24.775+0800][32.291s][info][gc,phases,start] GC(1301) Post Compact
[2026-06-17T09:57:24.775+0800][32.291s][info][gc,phases      ] GC(1301) Post Compact 0.388ms
[2026-06-17T09:57:24.776+0800][32.292s][info][gc,heap        ] GC(1301) PSYoungGen: 7287K(14336K)->0K(14336K) Eden: 7150K(7168K)->0K(7168K) From: 137K(7168K)->0K(7168K)
[2026-06-17T09:57:24.776+0800][32.292s][info][gc,heap        ] GC(1301) ParOldGen: 41657K(44032K)->31855K(44032K)
[2026-06-17T09:57:24.776+0800][32.292s][info][gc,metaspace   ] GC(1301) Metaspace: 152K(384K)->152K(384K) NonClass: 147K(256K)->147K(256K) Class: 4K(128K)->4K(128K)
[2026-06-17T09:57:24.776+0800][32.292s][info][gc             ] GC(1301) Pause Full (Ergonomics) 47M->31M(57M) 10.744ms
[2026-06-17T09:57:24.777+0800][32.293s][info][gc,cpu         ] GC(1301) User=0.01s Sys=0.00s Real=0.01s
[2026-06-17T09:57:24.798+0800][32.314s][info][gc,start       ] GC(1302) Pause Young (Allocation Failure)
[2026-06-17T09:57:24.801+0800][32.317s][info][gc,heap        ] GC(1302) PSYoungGen: 7153K(14336K)->3764K(14336K) Eden: 7153K(7168K)->0K(7168K) From: 0K(7168K)->3764K(7168K)
[2026-06-17T09:57:24.803+0800][32.319s][info][gc,heap        ] GC(1302) ParOldGen: 31855K(44032K)->31855K(44032K)
[2026-06-17T09:57:24.804+0800][32.320s][info][gc,metaspace   ] GC(1302) Metaspace: 152K(384K)->152K(384K) NonClass: 147K(256K)->147K(256K) Class: 4K(128K)->4K(128K)
[2026-06-17T09:57:24.804+0800][32.320s][info][gc             ] GC(1302) Pause Young (Allocation Failure) 38M->34M(57M) 6.092ms
[2026-06-17T09:57:24.805+0800][32.321s][info][gc,cpu         ] GC(1302) User=0.00s Sys=0.00s Real=0.01s
[2026-06-17T09:57:24.827+0800][32.343s][info][gc,start       ] GC(1303) Pause Young (Allocation Failure)
[2026-06-17T09:57:24.829+0800][32.345s][info][gc,heap        ] GC(1303) PSYoungGen: 10908K(14336K)->2464K(14336K) Eden: 7143K(7168K)->0K(7168K) From: 3764K(7168K)->2464K(7168K)
[2026-06-17T09:57:24.830+0800][32.346s][info][gc,heap        ] GC(1303) ParOldGen: 31855K(44032K)->33395K(44032K)
[2026-06-17T09:57:24.831+0800][32.347s][info][gc,metaspace   ] GC(1303) Metaspace: 152K(384K)->152K(384K) NonClass: 147K(256K)->147K(256K) Class: 4K(128K)->4K(128K)
[2026-06-17T09:57:24.832+0800][32.348s][info][gc             ] GC(1303) Pause Young (Allocation Failure) 41M->35M(57M) 4.755ms
[2026-06-17T09:57:24.832+0800][32.348s][info][gc,cpu         ] GC(1303) User=0.01s Sys=0.00s Real=0.01s
[2026-06-17T09:57:24.844+0800][32.360s][info][gc,start       ] GC(1304) Pause Young (Allocation Failure)
[2026-06-17T09:57:24.846+0800][32.362s][info][gc,heap        ] GC(1304) PSYoungGen: 9331K(14336K)->723K(14336K) Eden: 6866K(7168K)->0K(7168K) From: 2464K(7168K)->723K(7168K)
[2026-06-17T09:57:24.847+0800][32.363s][info][gc,heap        ] GC(1304) ParOldGen: 33395K(44032K)->35230K(44032K)
[2026-06-17T09:57:24.847+0800][32.363s][info][gc,metaspace   ] GC(1304) Metaspace: 152K(384K)->152K(384K) NonClass: 147K(256K)->147K(256K) Class: 4K(128K)->4K(128K)
[2026-06-17T09:57:24.848+0800][32.364s][info][gc             ] GC(1304) Pause Young (Allocation Failure) 41M->35M(57M) 4.098ms
[2026-06-17T09:57:24.848+0800][32.364s][info][gc,cpu         ] GC(1304) User=0.00s Sys=0.00s Real=0.00s
[2026-06-17T09:57:24.870+0800][32.386s][info][gc,start       ] GC(1305) Pause Young (Allocation Failure)
[2026-06-17T09:57:24.873+0800][32.389s][info][gc,heap        ] GC(1305) PSYoungGen: 7863K(14336K)->3670K(14336K) Eden: 7140K(7168K)->0K(7168K) From: 723K(7168K)->3670K(7168K)
[2026-06-17T09:57:24.874+0800][32.390s][info][gc,heap        ] GC(1305) ParOldGen: 35230K(44032K)->35930K(44032K)
[2026-06-17T09:57:24.874+0800][32.390s][info][gc,metaspace   ] GC(1305) Metaspace: 152K(384K)->152K(384K) NonClass: 147K(256K)->147K(256K) Class: 4K(128K)->4K(128K)
[2026-06-17T09:57:24.875+0800][32.391s][info][gc             ] GC(1305) Pause Young (Allocation Failure) 42M->38M(57M) 4.527ms
[2026-06-17T09:57:24.875+0800][32.391s][info][gc,cpu         ] GC(1305) User=0.00s Sys=0.00s Real=0.01s
[2026-06-17T09:57:24.897+0800][32.413s][info][gc,start       ] GC(1306) Pause Young (Allocation Failure)
[2026-06-17T09:57:24.899+0800][32.415s][info][gc,heap        ] GC(1306) PSYoungGen: 10832K(14336K)->2951K(14336K) Eden: 7162K(7168K)->0K(7168K) From: 3670K(7168K)->2951K(7168K)
[2026-06-17T09:57:24.899+0800][32.415s][info][gc,heap        ] GC(1306) ParOldGen: 35930K(44032K)->36903K(44032K)
[2026-06-17T09:57:24.900+0800][32.416s][info][gc,metaspace   ] GC(1306) Metaspace: 152K(384K)->152K(384K) NonClass: 147K(256K)->147K(256K) Class: 4K(128K)->4K(128K)
[2026-06-17T09:57:24.900+0800][32.416s][info][gc             ] GC(1306) Pause Young (Allocation Failure) 45M->38M(57M) 3.355ms
[2026-06-17T09:57:24.901+0800][32.417s][info][gc,cpu         ] GC(1306) User=0.00s Sys=0.00s Real=0.00s
[2026-06-17T09:57:24.922+0800][32.438s][info][gc,start       ] GC(1307) Pause Young (Allocation Failure)
[2026-06-17T09:57:24.923+0800][32.439s][info][gc,heap        ] GC(1307) PSYoungGen: 10113K(14336K)->1365K(14848K) Eden: 7162K(7168K)->0K(8192K) From: 2951K(7168K)->1365K(6656K)
[2026-06-17T09:57:24.923+0800][32.439s][info][gc,heap        ] GC(1307) ParOldGen: 36903K(44032K)->38455K(44032K)
[2026-06-17T09:57:24.923+0800][32.439s][info][gc,metaspace   ] GC(1307) Metaspace: 152K(384K)->152K(384K) NonClass: 147K(256K)->147K(256K) Class: 4K(128K)->4K(128K)
[2026-06-17T09:57:24.923+0800][32.439s][info][gc             ] GC(1307) Pause Young (Allocation Failure) 45M->38M(57M) 1.336ms
[2026-06-17T09:57:24.923+0800][32.439s][info][gc,cpu         ] GC(1307) User=0.00s Sys=0.00s Real=0.01s
[2026-06-17T09:57:24.934+0800][32.450s][info][gc,start       ] GC(1308) Pause Young (Allocation Failure)
[2026-06-17T09:57:24.935+0800][32.451s][info][gc,heap        ] GC(1308) PSYoungGen: 9557K(14848K)->5098K(13312K) Eden: 8192K(8192K)->0K(8192K) From: 1365K(6656K)->5098K(5120K)
[2026-06-17T09:57:24.936+0800][32.452s][info][gc,heap        ] GC(1308) ParOldGen: 38455K(44032K)->39690K(44032K)
[2026-06-17T09:57:24.936+0800][32.452s][info][gc,metaspace   ] GC(1308) Metaspace: 152K(384K)->152K(384K) NonClass: 147K(256K)->147K(256K) Class: 4K(128K)->4K(128K)
[2026-06-17T09:57:24.936+0800][32.452s][info][gc             ] GC(1308) Pause Young (Allocation Failure) 46M->43M(56M) 1.907ms
[2026-06-17T09:57:24.936+0800][32.452s][info][gc,cpu         ] GC(1308) User=0.00s Sys=0.00s Real=0.00s
[2026-06-17T09:57:24.958+0800][32.474s][info][gc,start       ] GC(1309) Pause Young (Allocation Failure)
[2026-06-17T09:57:24.959+0800][32.475s][info][gc,heap        ] GC(1309) PSYoungGen: 13072K(13312K)->518K(14336K) Eden: 7974K(8192K)->0K(7168K) From: 5098K(5120K)->518K(7168K)
[2026-06-17T09:57:24.959+0800][32.475s][info][gc,heap        ] GC(1309) ParOldGen: 39690K(44032K)->41705K(44032K)
[2026-06-17T09:57:24.959+0800][32.475s][info][gc,metaspace   ] GC(1309) Metaspace: 152K(384K)->152K(384K) NonClass: 147K(256K)->147K(256K) Class: 4K(128K)->4K(128K)
[2026-06-17T09:57:24.960+0800][32.476s][info][gc             ] GC(1309) Pause Young (Allocation Failure) 51M->41M(57M) 1.899ms
[2026-06-17T09:57:24.960+0800][32.476s][info][gc,cpu         ] GC(1309) User=0.00s Sys=0.00s Real=0.00s
[2026-06-17T09:57:24.982+0800][32.498s][info][gc,start       ] GC(1310) Pause Full (Ergonomics)
[2026-06-17T09:57:24.982+0800][32.498s][info][gc,phases,start] GC(1310) Marking Phase
[2026-06-17T09:57:24.983+0800][32.499s][info][gc,phases      ] GC(1310) Marking Phase 1.248ms
[2026-06-17T09:57:24.984+0800][32.500s][info][gc,phases,start] GC(1310) Summary Phase
[2026-06-17T09:57:24.984+0800][32.500s][info][gc,phases      ] GC(1310) Summary Phase 0.424ms
[2026-06-17T09:57:24.984+0800][32.500s][info][gc,phases,start] GC(1310) Adjust Roots
[2026-06-17T09:57:24.985+0800][32.501s][info][gc,phases      ] GC(1310) Adjust Roots 0.330ms
[2026-06-17T09:57:24.985+0800][32.501s][info][gc,phases,start] GC(1310) Compaction Phase
[2026-06-17T09:57:24.987+0800][32.503s][info][gc,phases      ] GC(1310) Compaction Phase 2.313ms
[2026-06-17T09:57:24.988+0800][32.504s][info][gc,phases,start] GC(1310) Post Compact
[2026-06-17T09:57:24.989+0800][32.505s][info][gc,phases      ] GC(1310) Post Compact 0.639ms
[2026-06-17T09:57:24.989+0800][32.505s][info][gc,heap        ] GC(1310) PSYoungGen: 7644K(14336K)->0K(14336K) Eden: 7126K(7168K)->0K(7168K) From: 518K(7168K)->0K(7168K)
[2026-06-17T09:57:24.989+0800][32.505s][info][gc,heap        ] GC(1310) ParOldGen: 41705K(44032K)->32405K(44032K)
[2026-06-17T09:57:24.989+0800][32.505s][info][gc,metaspace   ] GC(1310) Metaspace: 152K(384K)->152K(384K) NonClass: 147K(256K)->147K(256K) Class: 4K(128K)->4K(128K)
[2026-06-17T09:57:24.989+0800][32.505s][info][gc             ] GC(1310) Pause Full (Ergonomics) 48M->31M(57M) 7.590ms
[2026-06-17T09:57:24.989+0800][32.505s][info][gc,cpu         ] GC(1310) User=0.00s Sys=0.00s Real=0.01s
[2026-06-17T09:57:25.010+0800][32.526s][info][gc,start       ] GC(1311) Pause Young (Allocation Failure)
[2026-06-17T09:57:25.011+0800][32.527s][info][gc,heap        ] GC(1311) PSYoungGen: 7167K(14336K)->3708K(14336K) Eden: 7167K(7168K)->0K(7168K) From: 0K(7168K)->3708K(7168K)
[2026-06-17T09:57:25.011+0800][32.527s][info][gc,heap        ] GC(1311) ParOldGen: 32405K(44032K)->32405K(44032K)
[2026-06-17T09:57:25.012+0800][32.528s][info][gc,metaspace   ] GC(1311) Metaspace: 152K(384K)->152K(384K) NonClass: 147K(256K)->147K(256K) Class: 4K(128K)->4K(128K)
[2026-06-17T09:57:25.012+0800][32.528s][info][gc             ] GC(1311) Pause Young (Allocation Failure) 38M->35M(57M) 1.377ms
[2026-06-17T09:57:25.012+0800][32.528s][info][gc,cpu         ] GC(1311) User=0.00s Sys=0.00s Real=0.01s
[2026-06-17T09:57:25.033+0800][32.549s][info][gc,start       ] GC(1312) Pause Young (Allocation Failure)
[2026-06-17T09:57:25.034+0800][32.550s][info][gc,heap        ] GC(1312) PSYoungGen: 10857K(14336K)->3684K(14336K) Eden: 7148K(7168K)->0K(7168K) From: 3708K(7168K)->3684K(7168K)
[2026-06-17T09:57:25.034+0800][32.550s][info][gc,heap        ] GC(1312) ParOldGen: 32405K(44032K)->32405K(44032K)
[2026-06-17T09:57:25.035+0800][32.551s][info][gc,metaspace   ] GC(1312) Metaspace: 152K(384K)->152K(384K) NonClass: 147K(256K)->147K(256K) Class: 4K(128K)->4K(128K)
[2026-06-17T09:57:25.035+0800][32.551s][info][gc             ] GC(1312) Pause Young (Allocation Failure) 42M->35M(57M) 2.487ms
[2026-06-17T09:57:25.038+0800][32.554s][info][gc,cpu         ] GC(1312) User=0.01s Sys=0.00s Real=0.00s
[2026-06-17T09:57:25.049+0800][32.565s][info][gc,start       ] GC(1313) Pause Young (Allocation Failure)
[2026-06-17T09:57:25.051+0800][32.567s][info][gc,heap        ] GC(1313) PSYoungGen: 10845K(14336K)->7061K(14336K) Eden: 7161K(7168K)->0K(7168K) From: 3684K(7168K)->7061K(7168K)
[2026-06-17T09:57:25.051+0800][32.567s][info][gc,heap        ] GC(1313) ParOldGen: 32405K(44032K)->32684K(44032K)
[2026-06-17T09:57:25.052+0800][32.568s][info][gc,metaspace   ] GC(1313) Metaspace: 152K(384K)->152K(384K) NonClass: 147K(256K)->147K(256K) Class: 4K(128K)->4K(128K)
[2026-06-17T09:57:25.053+0800][32.569s][info][gc             ] GC(1313) Pause Young (Allocation Failure) 42M->38M(57M) 4.579ms
[2026-06-17T09:57:25.056+0800][32.572s][info][gc,cpu         ] GC(1313) User=0.00s Sys=0.00s Real=0.01s
[2026-06-17T09:57:25.077+0800][32.593s][info][gc,start       ] GC(1314) Pause Young (Allocation Failure)
[2026-06-17T09:57:25.079+0800][32.595s][info][gc,heap        ] GC(1314) PSYoungGen: 14222K(14336K)->3552K(14336K) Eden: 7161K(7168K)->0K(7168K) From: 7061K(7168K)->3552K(7168K)
[2026-06-17T09:57:25.079+0800][32.595s][info][gc,heap        ] GC(1314) ParOldGen: 32684K(44032K)->36275K(44032K)
[2026-06-17T09:57:25.079+0800][32.595s][info][gc,metaspace   ] GC(1314) Metaspace: 152K(384K)->152K(384K) NonClass: 147K(256K)->147K(256K) Class: 4K(128K)->4K(128K)
[2026-06-17T09:57:25.079+0800][32.595s][info][gc             ] GC(1314) Pause Young (Allocation Failure) 45M->38M(57M) 1.895ms
[2026-06-17T09:57:25.079+0800][32.595s][info][gc,cpu         ] GC(1314) User=0.00s Sys=0.00s Real=0.00s
[2026-06-17T09:57:25.101+0800][32.617s][info][gc,start       ] GC(1315) Pause Young (Allocation Failure)
[2026-06-17T09:57:25.102+0800][32.618s][info][gc,heap        ] GC(1315) PSYoungGen: 10691K(14336K)->2430K(14336K) Eden: 7138K(7168K)->0K(7168K) From: 3552K(7168K)->2430K(7168K)
[2026-06-17T09:57:25.103+0800][32.619s][info][gc,heap        ] GC(1315) ParOldGen: 36275K(44032K)->37737K(44032K)
[2026-06-17T09:57:25.103+0800][32.619s][info][gc,metaspace   ] GC(1315) Metaspace: 152K(384K)->152K(384K) NonClass: 147K(256K)->147K(256K) Class: 4K(128K)->4K(128K)
[2026-06-17T09:57:25.103+0800][32.619s][info][gc             ] GC(1315) Pause Young (Allocation Failure) 45M->39M(57M) 2.499ms
[2026-06-17T09:57:25.103+0800][32.619s][info][gc,cpu         ] GC(1315) User=0.00s Sys=0.00s Real=0.01s
[2026-06-17T09:57:25.115+0800][32.631s][info][gc,start       ] GC(1316) Pause Young (Allocation Failure)
[2026-06-17T09:57:25.116+0800][32.632s][info][gc,heap        ] GC(1316) PSYoungGen: 9394K(14336K)->1008K(14336K) Eden: 6963K(7168K)->0K(7168K) From: 2430K(7168K)->1008K(7168K)
[2026-06-17T09:57:25.116+0800][32.632s][info][gc,heap        ] GC(1316) ParOldGen: 37737K(44032K)->39262K(44032K)
[2026-06-17T09:57:25.117+0800][32.633s][info][gc,metaspace   ] GC(1316) Metaspace: 152K(384K)->152K(384K) NonClass: 147K(256K)->147K(256K) Class: 4K(128K)->4K(128K)
[2026-06-17T09:57:25.117+0800][32.633s][info][gc             ] GC(1316) Pause Young (Allocation Failure) 46M->39M(57M) 2.308ms
[2026-06-17T09:57:25.117+0800][32.633s][info][gc,cpu         ] GC(1316) User=0.00s Sys=0.00s Real=0.00s
[2026-06-17T09:57:25.139+0800][32.655s][info][gc,start       ] GC(1317) Pause Young (Allocation Failure)
[2026-06-17T09:57:25.143+0800][32.659s][info][gc,heap        ] GC(1317) PSYoungGen: 8162K(14336K)->3818K(14336K) Eden: 7154K(7168K)->0K(7168K) From: 1008K(7168K)->3818K(7168K)
[2026-06-17T09:57:25.145+0800][32.661s][info][gc,heap        ] GC(1317) ParOldGen: 39262K(44032K)->40246K(44032K)
[2026-06-17T09:57:25.147+0800][32.663s][info][gc,metaspace   ] GC(1317) Metaspace: 152K(384K)->152K(384K) NonClass: 147K(256K)->147K(256K) Class: 4K(128K)->4K(128K)
[2026-06-17T09:57:25.148+0800][32.664s][info][gc             ] GC(1317) Pause Young (Allocation Failure) 46M->43M(57M) 8.726ms
[2026-06-17T09:57:25.149+0800][32.665s][info][gc,cpu         ] GC(1317) User=0.00s Sys=0.00s Real=0.01s
[2026-06-17T09:57:25.161+0800][32.677s][info][gc,start       ] GC(1318) Pause Young (Allocation Failure)
[2026-06-17T09:57:25.163+0800][32.679s][info][gc,heap        ] GC(1318) PSYoungGen: 10800K(14336K)->1689K(14336K) Eden: 6982K(7168K)->0K(7168K) From: 3818K(7168K)->1689K(7168K)
[2026-06-17T09:57:25.164+0800][32.680s][info][gc,heap        ] GC(1318) ParOldGen: 40246K(44032K)->42498K(44032K)
[2026-06-17T09:57:25.165+0800][32.681s][info][gc,metaspace   ] GC(1318) Metaspace: 152K(384K)->152K(384K) NonClass: 147K(256K)->147K(256K) Class: 4K(128K)->4K(128K)
[2026-06-17T09:57:25.166+0800][32.682s][info][gc             ] GC(1318) Pause Young (Allocation Failure) 49M->43M(57M) 4.831ms
[2026-06-17T09:57:25.167+0800][32.683s][info][gc,cpu         ] GC(1318) User=0.00s Sys=0.00s Real=0.01s
[2026-06-17T09:57:25.199+0800][32.715s][info][gc,start       ] GC(1319) Pause Full (Ergonomics)
[2026-06-17T09:57:25.200+0800][32.716s][info][gc,phases,start] GC(1319) Marking Phase
[2026-06-17T09:57:25.202+0800][32.718s][info][gc,phases      ] GC(1319) Marking Phase 1.807ms
[2026-06-17T09:57:25.202+0800][32.718s][info][gc,phases,start] GC(1319) Summary Phase
[2026-06-17T09:57:25.203+0800][32.719s][info][gc,phases      ] GC(1319) Summary Phase 0.537ms
[2026-06-17T09:57:25.203+0800][32.720s][info][gc,phases,start] GC(1319) Adjust Roots
[2026-06-17T09:57:25.205+0800][32.721s][info][gc,phases      ] GC(1319) Adjust Roots 1.098ms
[2026-06-17T09:57:25.205+0800][32.721s][info][gc,phases,start] GC(1319) Compaction Phase
[2026-06-17T09:57:25.209+0800][32.725s][info][gc,phases      ] GC(1319) Compaction Phase 4.052ms
[2026-06-17T09:57:25.210+0800][32.726s][info][gc,phases,start] GC(1319) Post Compact
[2026-06-17T09:57:25.211+0800][32.727s][info][gc,phases      ] GC(1319) Post Compact 0.834ms
[2026-06-17T09:57:25.212+0800][32.728s][info][gc,heap        ] GC(1319) PSYoungGen: 8854K(14336K)->0K(14336K) Eden: 7164K(7168K)->0K(7168K) From: 1689K(7168K)->0K(7168K)
[2026-06-17T09:57:25.212+0800][32.728s][info][gc,heap        ] GC(1319) ParOldGen: 42498K(44032K)->26382K(44032K)
[2026-06-17T09:57:25.213+0800][32.729s][info][gc,metaspace   ] GC(1319) Metaspace: 152K(384K)->152K(384K) NonClass: 147K(256K)->147K(256K) Class: 4K(128K)->4K(128K)
[2026-06-17T09:57:25.214+0800][32.730s][info][gc             ] GC(1319) Pause Full (Ergonomics) 50M->25M(57M) 14.402ms
[2026-06-17T09:57:25.214+0800][32.730s][info][gc,cpu         ] GC(1319) User=0.01s Sys=0.00s Real=0.02s
[2026-06-17T09:57:25.226+0800][32.742s][info][gc,start       ] GC(1320) Pause Young (Allocation Failure)
[2026-06-17T09:57:25.229+0800][32.745s][info][gc,heap        ] GC(1320) PSYoungGen: 7130K(14336K)->6936K(14336K) Eden: 7130K(7168K)->0K(7168K) From: 0K(7168K)->6936K(7168K)
[2026-06-17T09:57:25.230+0800][32.746s][info][gc,heap        ] GC(1320) ParOldGen: 26382K(44032K)->26647K(44032K)
[2026-06-17T09:57:25.230+0800][32.746s][info][gc,metaspace   ] GC(1320) Metaspace: 152K(384K)->152K(384K) NonClass: 147K(256K)->147K(256K) Class: 4K(128K)->4K(128K)
[2026-06-17T09:57:25.231+0800][32.747s][info][gc             ] GC(1320) Pause Young (Allocation Failure) 32M->32M(57M) 4.487ms
[2026-06-17T09:57:25.231+0800][32.747s][info][gc,cpu         ] GC(1320) User=0.00s Sys=0.00s Real=0.01s
[2026-06-17T09:57:25.254+0800][32.770s][info][gc,start       ] GC(1321) Pause Young (Allocation Failure)
[2026-06-17T09:57:25.256+0800][32.772s][info][gc,heap        ] GC(1321) PSYoungGen: 14090K(14336K)->2612K(14336K) Eden: 7153K(7168K)->0K(7168K) From: 6936K(7168K)->2612K(7168K)
[2026-06-17T09:57:25.257+0800][32.773s][info][gc,heap        ] GC(1321) ParOldGen: 26647K(44032K)->31342K(44032K)
[2026-06-17T09:57:25.258+0800][32.774s][info][gc,metaspace   ] GC(1321) Metaspace: 152K(384K)->152K(384K) NonClass: 147K(256K)->147K(256K) Class: 4K(128K)->4K(128K)
[2026-06-17T09:57:25.259+0800][32.775s][info][gc             ] GC(1321) Pause Young (Allocation Failure) 39M->33M(57M) 4.983ms
[2026-06-17T09:57:25.259+0800][32.775s][info][gc,cpu         ] GC(1321) User=0.00s Sys=0.00s Real=0.00s
[2026-06-17T09:57:25.282+0800][32.798s][info][gc,start       ] GC(1322) Pause Young (Allocation Failure)
[2026-06-17T09:57:25.283+0800][32.799s][info][gc,heap        ] GC(1322) PSYoungGen: 9729K(14336K)->2482K(14336K) Eden: 7116K(7168K)->0K(7168K) From: 2612K(7168K)->2482K(7168K)
[2026-06-17T09:57:25.284+0800][32.800s][info][gc,heap        ] GC(1322) ParOldGen: 31342K(44032K)->31342K(44032K)
[2026-06-17T09:57:25.285+0800][32.801s][info][gc,metaspace   ] GC(1322) Metaspace: 152K(384K)->152K(384K) NonClass: 147K(256K)->147K(256K) Class: 4K(128K)->4K(128K)
[2026-06-17T09:57:25.286+0800][32.802s][info][gc             ] GC(1322) Pause Young (Allocation Failure) 40M->33M(57M) 3.978ms
[2026-06-17T09:57:25.287+0800][32.803s][info][gc,cpu         ] GC(1322) User=0.01s Sys=0.00s Real=0.01s
[2026-06-17T09:57:25.299+0800][32.815s][info][gc,start       ] GC(1323) Pause Young (Allocation Failure)
[2026-06-17T09:57:25.301+0800][32.817s][info][gc,heap        ] GC(1323) PSYoungGen: 9591K(14336K)->1229K(14336K) Eden: 7109K(7168K)->0K(7168K) From: 2482K(7168K)->1229K(7168K)
[2026-06-17T09:57:25.302+0800][32.818s][info][gc,heap        ] GC(1323) ParOldGen: 31342K(44032K)->33124K(44032K)
[2026-06-17T09:57:25.303+0800][32.819s][info][gc,metaspace   ] GC(1323) Metaspace: 152K(384K)->152K(384K) NonClass: 147K(256K)->147K(256K) Class: 4K(128K)->4K(128K)
[2026-06-17T09:57:25.304+0800][32.820s][info][gc             ] GC(1323) Pause Young (Allocation Failure) 39M->33M(57M) 4.632ms
[2026-06-17T09:57:25.305+0800][32.821s][info][gc,cpu         ] GC(1323) User=0.00s Sys=0.00s Real=0.01s
[2026-06-17T09:57:25.327+0800][32.843s][info][gc,start       ] GC(1324) Pause Young (Allocation Failure)
[2026-06-17T09:57:25.328+0800][32.845s][info][gc,heap        ] GC(1324) PSYoungGen: 8346K(14336K)->3711K(14336K) Eden: 7117K(7168K)->0K(7168K) From: 1229K(7168K)->3711K(7168K)
[2026-06-17T09:57:25.329+0800][32.845s][info][gc,heap        ] GC(1324) ParOldGen: 33124K(44032K)->34329K(44032K)
[2026-06-17T09:57:25.329+0800][32.845s][info][gc,metaspace   ] GC(1324) Metaspace: 152K(384K)->152K(384K) NonClass: 147K(256K)->147K(256K) Class: 4K(128K)->4K(128K)
[2026-06-17T09:57:25.330+0800][32.846s][info][gc             ] GC(1324) Pause Young (Allocation Failure) 40M->37M(57M) 2.862ms
[2026-06-17T09:57:25.331+0800][32.847s][info][gc,cpu         ] GC(1324) User=0.00s Sys=0.00s Real=0.01s
[2026-06-17T09:57:25.352+0800][32.868s][info][gc,start       ] GC(1325) Pause Young (Allocation Failure)
[2026-06-17T09:57:25.354+0800][32.870s][info][gc,heap        ] GC(1325) PSYoungGen: 10849K(14336K)->2654K(14336K) Eden: 7138K(7168K)->0K(7168K) From: 3711K(7168K)->2654K(7168K)
[2026-06-17T09:57:25.355+0800][32.871s][info][gc,heap        ] GC(1325) ParOldGen: 34329K(44032K)->35438K(44032K)
[2026-06-17T09:57:25.356+0800][32.872s][info][gc,metaspace   ] GC(1325) Metaspace: 152K(384K)->152K(384K) NonClass: 147K(256K)->147K(256K) Class: 4K(128K)->4K(128K)
[2026-06-17T09:57:25.357+0800][32.873s][info][gc             ] GC(1325) Pause Young (Allocation Failure) 44M->37M(57M) 4.305ms
[2026-06-17T09:57:25.357+0800][32.873s][info][gc,cpu         ] GC(1325) User=0.00s Sys=0.00s Real=0.00s
[2026-06-17T09:57:25.379+0800][32.895s][info][gc,start       ] GC(1326) Pause Young (Allocation Failure)
[2026-06-17T09:57:25.381+0800][32.897s][info][gc,heap        ] GC(1326) PSYoungGen: 9820K(14336K)->615K(14336K) Eden: 7166K(7168K)->0K(7168K) From: 2654K(7168K)->615K(7168K)
[2026-06-17T09:57:25.382+0800][32.898s][info][gc,heap        ] GC(1326) ParOldGen: 35438K(44032K)->37474K(44032K)
[2026-06-17T09:57:25.383+0800][32.899s][info][gc,metaspace   ] GC(1326) Metaspace: 152K(384K)->152K(384K) NonClass: 147K(256K)->147K(256K) Class: 4K(128K)->4K(128K)
[2026-06-17T09:57:25.383+0800][32.899s][info][gc             ] GC(1326) Pause Young (Allocation Failure) 44M->37M(57M) 4.431ms
[2026-06-17T09:57:25.384+0800][32.900s][info][gc,cpu         ] GC(1326) User=0.01s Sys=0.00s Real=0.01s
[2026-06-17T09:57:25.397+0800][32.913s][info][gc,start       ] GC(1327) Pause Young (Allocation Failure)
[2026-06-17T09:57:25.398+0800][32.915s][info][gc,heap        ] GC(1327) PSYoungGen: 7772K(14336K)->4207K(14336K) Eden: 7157K(7168K)->0K(7168K) From: 615K(7168K)->4207K(7168K)
[2026-06-17T09:57:25.399+0800][32.915s][info][gc,heap        ] GC(1327) ParOldGen: 37474K(44032K)->37474K(44032K)
[2026-06-17T09:57:25.400+0800][32.916s][info][gc,metaspace   ] GC(1327) Metaspace: 152K(384K)->152K(384K) NonClass: 147K(256K)->147K(256K) Class: 4K(128K)->4K(128K)
[2026-06-17T09:57:25.401+0800][32.917s][info][gc             ] GC(1327) Pause Young (Allocation Failure) 44M->40M(57M) 4.795ms
[2026-06-17T09:57:25.402+0800][32.918s][info][gc,cpu         ] GC(1327) User=0.00s Sys=0.00s Real=0.00s
[2026-06-17T09:57:25.425+0800][32.941s][info][gc,start       ] GC(1328) Pause Young (Allocation Failure)
[2026-06-17T09:57:25.427+0800][32.943s][info][gc,heap        ] GC(1328) PSYoungGen: 11367K(14336K)->4338K(14336K) Eden: 7159K(7168K)->0K(7168K) From: 4207K(7168K)->4338K(7168K)
[2026-06-17T09:57:25.428+0800][32.944s][info][gc,heap        ] GC(1328) ParOldGen: 37474K(44032K)->37474K(44032K)
[2026-06-17T09:57:25.429+0800][32.945s][info][gc,metaspace   ] GC(1328) Metaspace: 152K(384K)->152K(384K) NonClass: 147K(256K)->147K(256K) Class: 4K(128K)->4K(128K)
[2026-06-17T09:57:25.430+0800][32.946s][info][gc             ] GC(1328) Pause Young (Allocation Failure) 47M->40M(57M) 5.004ms
[2026-06-17T09:57:25.430+0800][32.946s][info][gc,cpu         ] GC(1328) User=0.00s Sys=0.00s Real=0.00s
[2026-06-17T09:57:25.443+0800][32.959s][info][gc,start       ] GC(1329) Pause Young (Allocation Failure)
[2026-06-17T09:57:25.445+0800][32.961s][info][gc,heap        ] GC(1329) PSYoungGen: 11506K(14336K)->4521K(14336K) Eden: 7168K(7168K)->0K(7168K) From: 4338K(7168K)->4521K(7168K)
[2026-06-17T09:57:25.446+0800][32.962s][info][gc,heap        ] GC(1329) ParOldGen: 37474K(44032K)->40911K(44032K)
[2026-06-17T09:57:25.446+0800][32.962s][info][gc,metaspace   ] GC(1329) Metaspace: 152K(384K)->152K(384K) NonClass: 147K(256K)->147K(256K) Class: 4K(128K)->4K(128K)
[2026-06-17T09:57:25.447+0800][32.963s][info][gc             ] GC(1329) Pause Young (Allocation Failure) 47M->44M(57M) 4.386ms
[2026-06-17T09:57:25.448+0800][32.964s][info][gc,cpu         ] GC(1329) User=0.00s Sys=0.00s Real=0.00s
[2026-06-17T09:57:25.471+0800][32.987s][info][gc,start       ] GC(1330) Pause Full (Ergonomics)
[2026-06-17T09:57:25.476+0800][32.992s][info][gc,phases,start] GC(1330) Marking Phase
[2026-06-17T09:57:25.481+0800][32.997s][info][gc,phases      ] GC(1330) Marking Phase 4.706ms
[2026-06-17T09:57:25.482+0800][32.998s][info][gc,phases,start] GC(1330) Summary Phase
[2026-06-17T09:57:25.486+0800][33.002s][info][gc,phases      ] GC(1330) Summary Phase 3.938ms
[2026-06-17T09:57:25.487+0800][33.003s][info][gc,phases,start] GC(1330) Adjust Roots
[2026-06-17T09:57:25.490+0800][33.006s][info][gc,phases      ] GC(1330) Adjust Roots 3.494ms
[2026-06-17T09:57:25.497+0800][33.013s][info][gc,phases,start] GC(1330) Compaction Phase
[2026-06-17T09:57:25.500+0800][33.016s][info][gc,phases      ] GC(1330) Compaction Phase 2.901ms
[2026-06-17T09:57:25.502+0800][33.018s][info][gc,phases,start] GC(1330) Post Compact
[2026-06-17T09:57:25.502+0800][33.018s][info][gc,phases      ] GC(1330) Post Compact 0.444ms
[2026-06-17T09:57:25.504+0800][33.020s][info][gc,heap        ] GC(1330) PSYoungGen: 11471K(14336K)->0K(14336K) Eden: 6950K(7168K)->0K(7168K) From: 4521K(7168K)->0K(7168K)
[2026-06-17T09:57:25.506+0800][33.022s][info][gc,heap        ] GC(1330) ParOldGen: 40911K(44032K)->20968K(44032K)
[2026-06-17T09:57:25.509+0800][33.025s][info][gc,metaspace   ] GC(1330) Metaspace: 152K(384K)->152K(384K) NonClass: 147K(256K)->147K(256K) Class: 4K(128K)->4K(128K)
[2026-06-17T09:57:25.511+0800][33.027s][info][gc             ] GC(1330) Pause Full (Ergonomics) 51M->20M(57M) 39.878ms
[2026-06-17T09:57:25.511+0800][33.027s][info][gc,cpu         ] GC(1330) User=0.00s Sys=0.01s Real=0.04s
[2026-06-17T09:57:25.533+0800][33.049s][info][gc,start       ] GC(1331) Pause Young (Allocation Failure)
[2026-06-17T09:57:25.534+0800][33.050s][info][gc,heap        ] GC(1331) PSYoungGen: 7162K(14336K)->3282K(14336K) Eden: 7162K(7168K)->0K(7168K) From: 0K(7168K)->3282K(7168K)
[2026-06-17T09:57:25.534+0800][33.050s][info][gc,heap        ] GC(1331) ParOldGen: 20968K(44032K)->20968K(44032K)
[2026-06-17T09:57:25.534+0800][33.050s][info][gc,metaspace   ] GC(1331) Metaspace: 152K(384K)->152K(384K) NonClass: 147K(256K)->147K(256K) Class: 4K(128K)->4K(128K)
[2026-06-17T09:57:25.534+0800][33.050s][info][gc             ] GC(1331) Pause Young (Allocation Failure) 27M->23M(57M) 1.297ms
[2026-06-17T09:57:25.534+0800][33.050s][info][gc,cpu         ] GC(1331) User=0.00s Sys=0.00s Real=0.00s
[2026-06-17T09:57:25.545+0800][33.061s][info][gc,start       ] GC(1332) Pause Young (Allocation Failure)
[2026-06-17T09:57:25.546+0800][33.062s][info][gc,heap        ] GC(1332) PSYoungGen: 10200K(14336K)->3251K(14336K) Eden: 6917K(7168K)->0K(7168K) From: 3282K(7168K)->3251K(7168K)
[2026-06-17T09:57:25.546+0800][33.062s][info][gc,heap        ] GC(1332) ParOldGen: 20968K(44032K)->20968K(44032K)
[2026-06-17T09:57:25.546+0800][33.062s][info][gc,metaspace   ] GC(1332) Metaspace: 152K(384K)->152K(384K) NonClass: 147K(256K)->147K(256K) Class: 4K(128K)->4K(128K)
[2026-06-17T09:57:25.546+0800][33.062s][info][gc             ] GC(1332) Pause Young (Allocation Failure) 30M->23M(57M) 1.334ms
[2026-06-17T09:57:25.547+0800][33.063s][info][gc,cpu         ] GC(1332) User=0.01s Sys=0.00s Real=0.00s
[2026-06-17T09:57:25.568+0800][33.084s][info][gc,start       ] GC(1333) Pause Young (Allocation Failure)
[2026-06-17T09:57:25.569+0800][33.085s][info][gc,heap        ] GC(1333) PSYoungGen: 10375K(14336K)->6578K(13824K) Eden: 7124K(7168K)->0K(7168K) From: 3251K(7168K)->6578K(6656K)
[2026-06-17T09:57:25.569+0800][33.085s][info][gc,heap        ] GC(1333) ParOldGen: 20968K(44032K)->21315K(44032K)
[2026-06-17T09:57:25.569+0800][33.085s][info][gc,metaspace   ] GC(1333) Metaspace: 152K(384K)->152K(384K) NonClass: 147K(256K)->147K(256K) Class: 4K(128K)->4K(128K)
[2026-06-17T09:57:25.569+0800][33.085s][info][gc             ] GC(1333) Pause Young (Allocation Failure) 30M->27M(56M) 1.669ms
[2026-06-17T09:57:25.570+0800][33.086s][info][gc,cpu         ] GC(1333) User=0.00s Sys=0.00s Real=0.00s
[2026-06-17T09:57:25.591+0800][33.107s][info][gc,start       ] GC(1334) Pause Young (Allocation Failure)
[2026-06-17T09:57:25.592+0800][33.108s][info][gc,heap        ] GC(1334) PSYoungGen: 13730K(13824K)->3863K(14336K) Eden: 7152K(7168K)->0K(7168K) From: 6578K(6656K)->3863K(7168K)
[2026-06-17T09:57:25.592+0800][33.108s][info][gc,heap        ] GC(1334) ParOldGen: 21315K(44032K)->24195K(44032K)
[2026-06-17T09:57:25.592+0800][33.108s][info][gc,metaspace   ] GC(1334) Metaspace: 152K(384K)->152K(384K) NonClass: 147K(256K)->147K(256K) Class: 4K(128K)->4K(128K)
[2026-06-17T09:57:25.593+0800][33.109s][info][gc             ] GC(1334) Pause Young (Allocation Failure) 34M->27M(57M) 1.871ms
[2026-06-17T09:57:25.593+0800][33.109s][info][gc,cpu         ] GC(1334) User=0.00s Sys=0.00s Real=0.00s
[2026-06-17T09:57:25.614+0800][33.130s][info][gc,start       ] GC(1335) Pause Young (Allocation Failure)
[2026-06-17T09:57:25.615+0800][33.131s][info][gc,heap        ] GC(1335) PSYoungGen: 11011K(14336K)->3987K(14336K) Eden: 7147K(7168K)->0K(7168K) From: 3863K(7168K)->3987K(7168K)
[2026-06-17T09:57:25.616+0800][33.132s][info][gc,heap        ] GC(1335) ParOldGen: 24195K(44032K)->24195K(44032K)
[2026-06-17T09:57:25.616+0800][33.132s][info][gc,metaspace   ] GC(1335) Metaspace: 152K(384K)->152K(384K) NonClass: 147K(256K)->147K(256K) Class: 4K(128K)->4K(128K)
[2026-06-17T09:57:25.616+0800][33.132s][info][gc             ] GC(1335) Pause Young (Allocation Failure) 34M->27M(57M) 2.041ms
[2026-06-17T09:57:25.616+0800][33.132s][info][gc,cpu         ] GC(1335) User=0.00s Sys=0.00s Real=0.00s
[2026-06-17T09:57:25.638+0800][33.154s][info][gc,start       ] GC(1336) Pause Young (Allocation Failure)
[2026-06-17T09:57:25.639+0800][33.155s][info][gc,heap        ] GC(1336) PSYoungGen: 11126K(14336K)->3870K(14336K) Eden: 7138K(7168K)->0K(7168K) From: 3987K(7168K)->3870K(7168K)
[2026-06-17T09:57:25.639+0800][33.155s][info][gc,heap        ] GC(1336) ParOldGen: 24195K(44032K)->24195K(44032K)
[2026-06-17T09:57:25.639+0800][33.155s][info][gc,metaspace   ] GC(1336) Metaspace: 152K(384K)->152K(384K) NonClass: 147K(256K)->147K(256K) Class: 4K(128K)->4K(128K)
[2026-06-17T09:57:25.639+0800][33.155s][info][gc             ] GC(1336) Pause Young (Allocation Failure) 34M->27M(57M) 1.803ms
[2026-06-17T09:57:25.640+0800][33.156s][info][gc,cpu         ] GC(1336) User=0.00s Sys=0.00s Real=0.00s
[2026-06-17T09:57:25.651+0800][33.167s][info][gc,start       ] GC(1337) Pause Young (Allocation Failure)
[2026-06-17T09:57:25.652+0800][33.168s][info][gc,heap        ] GC(1337) PSYoungGen: 11029K(14336K)->7135K(14336K) Eden: 7159K(7168K)->0K(7168K) From: 3870K(7168K)->7135K(7168K)
[2026-06-17T09:57:25.652+0800][33.168s][info][gc,heap        ] GC(1337) ParOldGen: 24195K(44032K)->24763K(44032K)
[2026-06-17T09:57:25.652+0800][33.168s][info][gc,metaspace   ] GC(1337) Metaspace: 152K(384K)->152K(384K) NonClass: 147K(256K)->147K(256K) Class: 4K(128K)->4K(128K)
[2026-06-17T09:57:25.653+0800][33.169s][info][gc             ] GC(1337) Pause Young (Allocation Failure) 34M->31M(57M) 1.881ms
[2026-06-17T09:57:25.653+0800][33.169s][info][gc,cpu         ] GC(1337) User=0.00s Sys=0.00s Real=0.00s
[2026-06-17T09:57:25.674+0800][33.190s][info][gc,start       ] GC(1338) Pause Young (Allocation Failure)
[2026-06-17T09:57:25.690+0800][33.206s][info][gc,heap        ] GC(1338) PSYoungGen: 14297K(14336K)->5847K(14336K) Eden: 7162K(7168K)->0K(7168K) From: 7135K(7168K)->5847K(7168K)
[2026-06-17T09:57:25.690+0800][33.206s][info][gc,heap        ] GC(1338) ParOldGen: 24763K(44032K)->26325K(44032K)
[2026-06-17T09:57:25.690+0800][33.206s][info][gc,metaspace   ] GC(1338) Metaspace: 152K(384K)->152K(384K) NonClass: 147K(256K)->147K(256K) Class: 4K(128K)->4K(128K)
[2026-06-17T09:57:25.694+0800][33.210s][info][gc             ] GC(1338) Pause Young (Allocation Failure) 38M->31M(57M) 19.592ms
[2026-06-17T09:57:25.695+0800][33.211s][info][gc,cpu         ] GC(1338) User=0.00s Sys=0.00s Real=0.02s
[2026-06-17T09:57:25.706+0800][33.222s][info][gc,start       ] GC(1339) Pause Young (Allocation Failure)
[2026-06-17T09:57:25.709+0800][33.225s][info][gc,heap        ] GC(1339) PSYoungGen: 12753K(14336K)->4504K(14336K) Eden: 6905K(7168K)->0K(7168K) From: 5847K(7168K)->4504K(7168K)
[2026-06-17T09:57:25.715+0800][33.231s][info][gc,heap        ] GC(1339) ParOldGen: 26325K(44032K)->27846K(44032K)
[2026-06-17T09:57:25.716+0800][33.232s][info][gc,metaspace   ] GC(1339) Metaspace: 152K(384K)->152K(384K) NonClass: 147K(256K)->147K(256K) Class: 4K(128K)->4K(128K)
[2026-06-17T09:57:25.721+0800][33.237s][info][gc             ] GC(1339) Pause Young (Allocation Failure) 38M->31M(57M) 15.122ms
[2026-06-17T09:57:25.722+0800][33.238s][info][gc,cpu         ] GC(1339) User=0.00s Sys=0.00s Real=0.01s
[2026-06-17T09:57:25.752+0800][33.268s][info][gc,start       ] GC(1340) Pause Young (Allocation Failure)
[2026-06-17T09:57:25.755+0800][33.271s][info][gc,heap        ] GC(1340) PSYoungGen: 11672K(14336K)->5004K(14336K) Eden: 7168K(7168K)->0K(7168K) From: 4504K(7168K)->5004K(7168K)
[2026-06-17T09:57:25.755+0800][33.271s][info][gc,heap        ] GC(1340) ParOldGen: 27846K(44032K)->31051K(44032K)
[2026-06-17T09:57:25.756+0800][33.272s][info][gc,metaspace   ] GC(1340) Metaspace: 152K(384K)->152K(384K) NonClass: 147K(256K)->147K(256K) Class: 4K(128K)->4K(128K)
[2026-06-17T09:57:25.756+0800][33.272s][info][gc             ] GC(1340) Pause Young (Allocation Failure) 38M->35M(57M) 4.660ms
[2026-06-17T09:57:25.757+0800][33.273s][info][gc,cpu         ] GC(1340) User=0.00s Sys=0.00s Real=0.00s
[2026-06-17T09:57:25.780+0800][33.296s][info][gc,start       ] GC(1341) Pause Young (Allocation Failure)
[2026-06-17T09:57:25.785+0800][33.301s][info][gc,heap        ] GC(1341) PSYoungGen: 12150K(14336K)->2544K(14336K) Eden: 7146K(7168K)->0K(7168K) From: 5004K(7168K)->2544K(7168K)
[2026-06-17T09:57:25.787+0800][33.303s][info][gc,heap        ] GC(1341) ParOldGen: 31051K(44032K)->33181K(44032K)
[2026-06-17T09:57:25.801+0800][33.317s][info][gc,metaspace   ] GC(1341) Metaspace: 152K(384K)->152K(384K) NonClass: 147K(256K)->147K(256K) Class: 4K(128K)->4K(128K)
[2026-06-17T09:57:25.801+0800][33.317s][info][gc             ] GC(1341) Pause Young (Allocation Failure) 42M->34M(57M) 20.976ms
[2026-06-17T09:57:25.801+0800][33.317s][info][gc,cpu         ] GC(1341) User=0.00s Sys=0.00s Real=0.02s
[2026-06-17T09:57:25.823+0800][33.339s][info][gc,start       ] GC(1342) Pause Young (Allocation Failure)
[2026-06-17T09:57:25.824+0800][33.340s][info][gc,heap        ] GC(1342) PSYoungGen: 9680K(14336K)->662K(14336K) Eden: 7136K(7168K)->0K(7168K) From: 2544K(7168K)->662K(7168K)
[2026-06-17T09:57:25.824+0800][33.340s][info][gc,heap        ] GC(1342) ParOldGen: 33181K(44032K)->35213K(44032K)
[2026-06-17T09:57:25.827+0800][33.343s][info][gc,metaspace   ] GC(1342) Metaspace: 152K(384K)->152K(384K) NonClass: 147K(256K)->147K(256K) Class: 4K(128K)->4K(128K)
[2026-06-17T09:57:25.828+0800][33.344s][info][gc             ] GC(1342) Pause Young (Allocation Failure) 41M->35M(57M) 5.280ms
[2026-06-17T09:57:25.828+0800][33.344s][info][gc,cpu         ] GC(1342) User=0.00s Sys=0.00s Real=0.00s
[2026-06-17T09:57:25.841+0800][33.357s][info][gc,start       ] GC(1343) Pause Young (Allocation Failure)
[2026-06-17T09:57:25.842+0800][33.358s][info][gc,heap        ] GC(1343) PSYoungGen: 7819K(14336K)->4270K(14336K) Eden: 7157K(7168K)->0K(7168K) From: 662K(7168K)->4270K(7168K)
[2026-06-17T09:57:25.843+0800][33.359s][info][gc,heap        ] GC(1343) ParOldGen: 35213K(44032K)->35213K(44032K)
[2026-06-17T09:57:25.845+0800][33.361s][info][gc,metaspace   ] GC(1343) Metaspace: 152K(384K)->152K(384K) NonClass: 147K(256K)->147K(256K) Class: 4K(128K)->4K(128K)
[2026-06-17T09:57:25.846+0800][33.362s][info][gc             ] GC(1343) Pause Young (Allocation Failure) 42M->38M(57M) 5.211ms
[2026-06-17T09:57:25.847+0800][33.363s][info][gc,cpu         ] GC(1343) User=0.00s Sys=0.00s Real=0.01s
[2026-06-17T09:57:25.869+0800][33.385s][info][gc,start       ] GC(1344) Pause Young (Allocation Failure)
[2026-06-17T09:57:25.870+0800][33.386s][info][gc,heap        ] GC(1344) PSYoungGen: 11380K(14336K)->2191K(14336K) Eden: 7109K(7168K)->0K(7168K) From: 4270K(7168K)->2191K(7168K)
[2026-06-17T09:57:25.871+0800][33.387s][info][gc,heap        ] GC(1344) ParOldGen: 35213K(44032K)->37242K(44032K)
[2026-06-17T09:57:25.872+0800][33.388s][info][gc,metaspace   ] GC(1344) Metaspace: 152K(384K)->152K(384K) NonClass: 147K(256K)->147K(256K) Class: 4K(128K)->4K(128K)
[2026-06-17T09:57:25.877+0800][33.393s][info][gc             ] GC(1344) Pause Young (Allocation Failure) 45M->38M(57M) 7.694ms
[2026-06-17T09:57:25.879+0800][33.395s][info][gc,cpu         ] GC(1344) User=0.00s Sys=0.00s Real=0.01s
[2026-06-17T09:57:25.900+0800][33.416s][info][gc,start       ] GC(1345) Pause Young (Allocation Failure)
[2026-06-17T09:57:25.902+0800][33.418s][info][gc,heap        ] GC(1345) PSYoungGen: 9359K(14336K)->2562K(14336K) Eden: 7167K(7168K)->0K(7168K) From: 2191K(7168K)->2562K(7168K)
[2026-06-17T09:57:25.904+0800][33.420s][info][gc,heap        ] GC(1345) ParOldGen: 37242K(44032K)->37242K(44032K)
[2026-06-17T09:57:25.906+0800][33.422s][info][gc,metaspace   ] GC(1345) Metaspace: 152K(384K)->152K(384K) NonClass: 147K(256K)->147K(256K) Class: 4K(128K)->4K(128K)
[2026-06-17T09:57:25.908+0800][33.424s][info][gc             ] GC(1345) Pause Young (Allocation Failure) 45M->38M(57M) 7.548ms
[2026-06-17T09:57:25.908+0800][33.424s][info][gc,cpu         ] GC(1345) User=0.00s Sys=0.00s Real=0.01s
[2026-06-17T09:57:25.923+0800][33.439s][info][gc,start       ] GC(1346) Pause Young (Allocation Failure)
[2026-06-17T09:57:25.924+0800][33.440s][info][gc,heap        ] GC(1346) PSYoungGen: 9711K(14336K)->811K(14336K) Eden: 7148K(7168K)->0K(7168K) From: 2562K(7168K)->811K(7168K)
[2026-06-17T09:57:25.926+0800][33.442s][info][gc,heap        ] GC(1346) ParOldGen: 37242K(44032K)->39162K(44032K)
[2026-06-17T09:57:25.929+0800][33.445s][info][gc,metaspace   ] GC(1346) Metaspace: 152K(384K)->152K(384K) NonClass: 147K(256K)->147K(256K) Class: 4K(128K)->4K(128K)
[2026-06-17T09:57:25.929+0800][33.445s][info][gc             ] GC(1346) Pause Young (Allocation Failure) 45M->39M(57M) 6.459ms
[2026-06-17T09:57:25.931+0800][33.447s][info][gc,cpu         ] GC(1346) User=0.00s Sys=0.00s Real=0.01s
[2026-06-17T09:57:25.954+0800][33.470s][info][gc,start       ] GC(1347) Pause Young (Allocation Failure)
[2026-06-17T09:57:25.955+0800][33.471s][info][gc,heap        ] GC(1347) PSYoungGen: 7941K(14336K)->3745K(14336K) Eden: 7130K(7168K)->0K(7168K) From: 811K(7168K)->3745K(7168K)
[2026-06-17T09:57:25.955+0800][33.471s][info][gc,heap        ] GC(1347) ParOldGen: 39162K(44032K)->39949K(44032K)
[2026-06-17T09:57:25.955+0800][33.471s][info][gc,metaspace   ] GC(1347) Metaspace: 152K(384K)->152K(384K) NonClass: 147K(256K)->147K(256K) Class: 4K(128K)->4K(128K)
[2026-06-17T09:57:25.955+0800][33.471s][info][gc             ] GC(1347) Pause Young (Allocation Failure) 46M->42M(57M) 1.900ms
[2026-06-17T09:57:25.956+0800][33.472s][info][gc,cpu         ] GC(1347) User=0.01s Sys=0.00s Real=0.00s
[2026-06-17T09:57:25.967+0800][33.483s][info][gc,start       ] GC(1348) Pause Young (Allocation Failure)
[2026-06-17T09:57:25.967+0800][33.483s][info][gc,heap        ] GC(1348) PSYoungGen: 10877K(14336K)->2049K(14336K) Eden: 7132K(7168K)->0K(7168K) From: 3745K(7168K)->2049K(7168K)
[2026-06-17T09:57:25.968+0800][33.484s][info][gc,heap        ] GC(1348) ParOldGen: 39949K(44032K)->42256K(44032K)
[2026-06-17T09:57:25.968+0800][33.484s][info][gc,metaspace   ] GC(1348) Metaspace: 152K(384K)->152K(384K) NonClass: 147K(256K)->147K(256K) Class: 4K(128K)->4K(128K)
[2026-06-17T09:57:25.968+0800][33.484s][info][gc             ] GC(1348) Pause Young (Allocation Failure) 49M->43M(57M) 1.404ms
[2026-06-17T09:57:25.968+0800][33.484s][info][gc,cpu         ] GC(1348) User=0.00s Sys=0.00s Real=0.00s
[2026-06-17T09:57:25.989+0800][33.505s][info][gc,start       ] GC(1349) Pause Full (Ergonomics)
[2026-06-17T09:57:25.990+0800][33.506s][info][gc,phases,start] GC(1349) Marking Phase
[2026-06-17T09:57:25.991+0800][33.507s][info][gc,phases      ] GC(1349) Marking Phase 1.250ms
[2026-06-17T09:57:25.991+0800][33.507s][info][gc,phases,start] GC(1349) Summary Phase
[2026-06-17T09:57:25.992+0800][33.508s][info][gc,phases      ] GC(1349) Summary Phase 0.253ms
[2026-06-17T09:57:25.992+0800][33.508s][info][gc,phases,start] GC(1349) Adjust Roots
[2026-06-17T09:57:25.992+0800][33.508s][info][gc,phases      ] GC(1349) Adjust Roots 0.385ms
[2026-06-17T09:57:25.992+0800][33.508s][info][gc,phases,start] GC(1349) Compaction Phase
[2026-06-17T09:57:25.994+0800][33.510s][info][gc,phases      ] GC(1349) Compaction Phase 1.837ms
[2026-06-17T09:57:25.995+0800][33.511s][info][gc,phases,start] GC(1349) Post Compact
[2026-06-17T09:57:25.995+0800][33.511s][info][gc,phases      ] GC(1349) Post Compact 0.302ms
[2026-06-17T09:57:25.995+0800][33.511s][info][gc,heap        ] GC(1349) PSYoungGen: 9194K(14336K)->0K(14336K) Eden: 7145K(7168K)->0K(7168K) From: 2049K(7168K)->0K(7168K)
[2026-06-17T09:57:25.995+0800][33.511s][info][gc,heap        ] GC(1349) ParOldGen: 42256K(44032K)->29437K(44032K)
[2026-06-17T09:57:25.995+0800][33.511s][info][gc,metaspace   ] GC(1349) Metaspace: 152K(384K)->152K(384K) NonClass: 147K(256K)->147K(256K) Class: 4K(128K)->4K(128K)
[2026-06-17T09:57:25.995+0800][33.511s][info][gc             ] GC(1349) Pause Full (Ergonomics) 50M->28M(57M) 5.983ms
[2026-06-17T09:57:25.995+0800][33.511s][info][gc,cpu         ] GC(1349) User=0.00s Sys=0.00s Real=0.01s
[2026-06-17T09:57:26.017+0800][33.533s][info][gc,start       ] GC(1350) Pause Young (Allocation Failure)
[2026-06-17T09:57:26.018+0800][33.534s][info][gc,heap        ] GC(1350) PSYoungGen: 7161K(14336K)->3805K(14336K) Eden: 7161K(7168K)->0K(7168K) From: 0K(7168K)->3805K(7168K)
[2026-06-17T09:57:26.018+0800][33.534s][info][gc,heap        ] GC(1350) ParOldGen: 29437K(44032K)->29437K(44032K)
[2026-06-17T09:57:26.018+0800][33.534s][info][gc,metaspace   ] GC(1350) Metaspace: 152K(384K)->152K(384K) NonClass: 147K(256K)->147K(256K) Class: 4K(128K)->4K(128K)
[2026-06-17T09:57:26.018+0800][33.534s][info][gc             ] GC(1350) Pause Young (Allocation Failure) 35M->32M(57M) 1.640ms
[2026-06-17T09:57:26.018+0800][33.534s][info][gc,cpu         ] GC(1350) User=0.00s Sys=0.00s Real=0.00s
[2026-06-17T09:57:26.040+0800][33.556s][info][gc,start       ] GC(1351) Pause Young (Allocation Failure)
[2026-06-17T09:57:26.041+0800][33.557s][info][gc,heap        ] GC(1351) PSYoungGen: 10938K(14336K)->4016K(14336K) Eden: 7132K(7168K)->0K(7168K) From: 3805K(7168K)->4016K(7168K)
[2026-06-17T09:57:26.041+0800][33.557s][info][gc,heap        ] GC(1351) ParOldGen: 29437K(44032K)->29437K(44032K)
[2026-06-17T09:57:26.041+0800][33.557s][info][gc,metaspace   ] GC(1351) Metaspace: 152K(384K)->152K(384K) NonClass: 147K(256K)->147K(256K) Class: 4K(128K)->4K(128K)
[2026-06-17T09:57:26.041+0800][33.557s][info][gc             ] GC(1351) Pause Young (Allocation Failure) 39M->32M(57M) 1.676ms
[2026-06-17T09:57:26.041+0800][33.557s][info][gc,cpu         ] GC(1351) User=0.01s Sys=0.00s Real=0.00s
[2026-06-17T09:57:26.063+0800][33.579s][info][gc,start       ] GC(1352) Pause Young (Allocation Failure)
[2026-06-17T09:57:26.065+0800][33.581s][info][gc,heap        ] GC(1352) PSYoungGen: 11165K(14336K)->3995K(14336K) Eden: 7148K(7168K)->0K(7168K) From: 4016K(7168K)->3995K(7168K)
[2026-06-17T09:57:26.065+0800][33.581s][info][gc,heap        ] GC(1352) ParOldGen: 29437K(44032K)->29437K(44032K)
[2026-06-17T09:57:26.065+0800][33.581s][info][gc,metaspace   ] GC(1352) Metaspace: 152K(384K)->152K(384K) NonClass: 147K(256K)->147K(256K) Class: 4K(128K)->4K(128K)
[2026-06-17T09:57:26.065+0800][33.581s][info][gc             ] GC(1352) Pause Young (Allocation Failure) 39M->32M(57M) 2.744ms
[2026-06-17T09:57:26.066+0800][33.582s][info][gc,cpu         ] GC(1352) User=0.00s Sys=0.00s Real=0.00s
[2026-06-17T09:57:26.077+0800][33.593s][info][gc,start       ] GC(1353) Pause Young (Allocation Failure)
[2026-06-17T09:57:26.078+0800][33.594s][info][gc,heap        ] GC(1353) PSYoungGen: 11117K(14336K)->3703K(14848K) Eden: 7121K(7168K)->0K(7680K) From: 3995K(7168K)->3703K(7168K)
[2026-06-17T09:57:26.078+0800][33.594s][info][gc,heap        ] GC(1353) ParOldGen: 29437K(44032K)->29437K(44032K)
[2026-06-17T09:57:26.078+0800][33.594s][info][gc,metaspace   ] GC(1353) Metaspace: 152K(384K)->152K(384K) NonClass: 147K(256K)->147K(256K) Class: 4K(128K)->4K(128K)
[2026-06-17T09:57:26.078+0800][33.594s][info][gc             ] GC(1353) Pause Young (Allocation Failure) 39M->32M(57M) 1.821ms
[2026-06-17T09:57:26.079+0800][33.595s][info][gc,cpu         ] GC(1353) User=0.00s Sys=0.00s Real=0.00s
[2026-06-17T09:57:26.100+0800][33.616s][info][gc,start       ] GC(1354) Pause Young (Allocation Failure)
[2026-06-17T09:57:26.101+0800][33.617s][info][gc,heap        ] GC(1354) PSYoungGen: 11365K(14848K)->6591K(14336K) Eden: 7661K(7680K)->0K(7680K) From: 3703K(7168K)->6591K(6656K)
[2026-06-17T09:57:26.101+0800][33.617s][info][gc,heap        ] GC(1354) ParOldGen: 29437K(44032K)->30539K(44032K)
[2026-06-17T09:57:26.101+0800][33.617s][info][gc,metaspace   ] GC(1354) Metaspace: 152K(384K)->152K(384K) NonClass: 147K(256K)->147K(256K) Class: 4K(128K)->4K(128K)
[2026-06-17T09:57:26.101+0800][33.617s][info][gc             ] GC(1354) Pause Young (Allocation Failure) 39M->36M(57M) 1.731ms
[2026-06-17T09:57:26.102+0800][33.618s][info][gc,cpu         ] GC(1354) User=0.00s Sys=0.00s Real=0.00s
[2026-06-17T09:57:26.123+0800][33.639s][info][gc,start       ] GC(1355) Pause Young (Allocation Failure)
[2026-06-17T09:57:26.124+0800][33.640s][info][gc,heap        ] GC(1355) PSYoungGen: 14264K(14336K)->6809K(14336K) Eden: 7672K(7680K)->0K(7168K) From: 6591K(6656K)->6809K(7168K)
[2026-06-17T09:57:26.124+0800][33.640s][info][gc,heap        ] GC(1355) ParOldGen: 30539K(44032K)->31387K(44032K)
[2026-06-17T09:57:26.124+0800][33.640s][info][gc,metaspace   ] GC(1355) Metaspace: 152K(384K)->152K(384K) NonClass: 147K(256K)->147K(256K) Class: 4K(128K)->4K(128K)
[2026-06-17T09:57:26.124+0800][33.640s][info][gc             ] GC(1355) Pause Young (Allocation Failure) 43M->37M(57M) 1.800ms
[2026-06-17T09:57:26.125+0800][33.641s][info][gc,cpu         ] GC(1355) User=0.00s Sys=0.00s Real=0.00s
[2026-06-17T09:57:26.146+0800][33.662s][info][gc,start       ] GC(1356) Pause Young (Allocation Failure)
[2026-06-17T09:57:26.149+0800][33.665s][info][gc,heap        ] GC(1356) PSYoungGen: 13977K(14336K)->5871K(14336K) Eden: 7168K(7168K)->0K(7168K) From: 6809K(7168K)->5871K(7168K)
[2026-06-17T09:57:26.150+0800][33.666s][info][gc,heap        ] GC(1356) ParOldGen: 31387K(44032K)->32729K(44032K)
[2026-06-17T09:57:26.150+0800][33.666s][info][gc,metaspace   ] GC(1356) Metaspace: 152K(384K)->152K(384K) NonClass: 147K(256K)->147K(256K) Class: 4K(128K)->4K(128K)
[2026-06-17T09:57:26.151+0800][33.667s][info][gc             ] GC(1356) Pause Young (Allocation Failure) 44M->37M(57M) 5.080ms
[2026-06-17T09:57:26.152+0800][33.668s][info][gc,cpu         ] GC(1356) User=0.00s Sys=0.00s Real=0.01s
[2026-06-17T09:57:26.164+0800][33.680s][info][gc,start       ] GC(1357) Pause Young (Allocation Failure)
[2026-06-17T09:57:26.166+0800][33.682s][info][gc,heap        ] GC(1357) PSYoungGen: 13001K(14336K)->7151K(14336K) Eden: 7129K(7168K)->0K(7168K) From: 5871K(7168K)->7151K(7168K)
[2026-06-17T09:57:26.166+0800][33.682s][info][gc,heap        ] GC(1357) ParOldGen: 32729K(44032K)->34964K(44032K)
[2026-06-17T09:57:26.167+0800][33.683s][info][gc,metaspace   ] GC(1357) Metaspace: 152K(384K)->152K(384K) NonClass: 147K(256K)->147K(256K) Class: 4K(128K)->4K(128K)
[2026-06-17T09:57:26.168+0800][33.684s][info][gc             ] GC(1357) Pause Young (Allocation Failure) 44M->41M(57M) 4.285ms
[2026-06-17T09:57:26.168+0800][33.684s][info][gc,cpu         ] GC(1357) User=0.00s Sys=0.00s Real=0.00s
[2026-06-17T09:57:26.190+0800][33.706s][info][gc,start       ] GC(1358) Pause Young (Allocation Failure)
[2026-06-17T09:57:26.192+0800][33.708s][info][gc,heap        ] GC(1358) PSYoungGen: 14271K(14336K)->5358K(14336K) Eden: 7119K(7168K)->0K(7168K) From: 7151K(7168K)->5358K(7168K)
[2026-06-17T09:57:26.192+0800][33.708s][info][gc,heap        ] GC(1358) ParOldGen: 34964K(44032K)->36849K(44032K)
[2026-06-17T09:57:26.193+0800][33.709s][info][gc,metaspace   ] GC(1358) Metaspace: 152K(384K)->152K(384K) NonClass: 147K(256K)->147K(256K) Class: 4K(128K)->4K(128K)
[2026-06-17T09:57:26.193+0800][33.709s][info][gc             ] GC(1358) Pause Young (Allocation Failure) 48M->41M(57M) 2.545ms
[2026-06-17T09:57:26.194+0800][33.710s][info][gc,cpu         ] GC(1358) User=0.00s Sys=0.01s Real=0.01s
[2026-06-17T09:57:26.216+0800][33.732s][info][gc,start       ] GC(1359) Pause Young (Allocation Failure)
[2026-06-17T09:57:26.219+0800][33.735s][info][gc,heap        ] GC(1359) PSYoungGen: 12480K(14336K)->2516K(14336K) Eden: 7121K(7168K)->0K(7168K) From: 5358K(7168K)->2516K(7168K)
[2026-06-17T09:57:26.220+0800][33.736s][info][gc,heap        ] GC(1359) ParOldGen: 36849K(44032K)->39890K(44032K)
[2026-06-17T09:57:26.220+0800][33.736s][info][gc,metaspace   ] GC(1359) Metaspace: 152K(384K)->152K(384K) NonClass: 147K(256K)->147K(256K) Class: 4K(128K)->4K(128K)
[2026-06-17T09:57:26.221+0800][33.737s][info][gc             ] GC(1359) Pause Young (Allocation Failure) 48M->41M(57M) 4.477ms
[2026-06-17T09:57:26.221+0800][33.737s][info][gc,cpu         ] GC(1359) User=0.01s Sys=0.00s Real=0.00s
[2026-06-17T09:57:26.233+0800][33.749s][info][gc,start       ] GC(1360) Pause Young (Allocation Failure)
[2026-06-17T09:57:26.235+0800][33.751s][info][gc,heap        ] GC(1360) PSYoungGen: 9428K(14336K)->609K(14336K) Eden: 6912K(7168K)->0K(7168K) From: 2516K(7168K)->609K(7168K)
[2026-06-17T09:57:26.236+0800][33.752s][info][gc,heap        ] GC(1360) ParOldGen: 39890K(44032K)->41746K(44032K)
[2026-06-17T09:57:26.236+0800][33.752s][info][gc,metaspace   ] GC(1360) Metaspace: 152K(384K)->152K(384K) NonClass: 147K(256K)->147K(256K) Class: 4K(128K)->4K(128K)
[2026-06-17T09:57:26.237+0800][33.753s][info][gc             ] GC(1360) Pause Young (Allocation Failure) 48M->41M(57M) 3.741ms
[2026-06-17T09:57:26.237+0800][33.753s][info][gc,cpu         ] GC(1360) User=0.00s Sys=0.00s Real=0.00s
[2026-06-17T09:57:26.260+0800][33.776s][info][gc,start       ] GC(1361) Pause Full (Ergonomics)
[2026-06-17T09:57:26.260+0800][33.776s][info][gc,phases,start] GC(1361) Marking Phase
[2026-06-17T09:57:26.263+0800][33.779s][info][gc,phases      ] GC(1361) Marking Phase 2.769ms
[2026-06-17T09:57:26.264+0800][33.780s][info][gc,phases,start] GC(1361) Summary Phase
[2026-06-17T09:57:26.264+0800][33.780s][info][gc,phases      ] GC(1361) Summary Phase 0.602ms
[2026-06-17T09:57:26.265+0800][33.781s][info][gc,phases,start] GC(1361) Adjust Roots
[2026-06-17T09:57:26.266+0800][33.782s][info][gc,phases      ] GC(1361) Adjust Roots 0.807ms
[2026-06-17T09:57:26.267+0800][33.783s][info][gc,phases,start] GC(1361) Compaction Phase
[2026-06-17T09:57:26.270+0800][33.786s][info][gc,phases      ] GC(1361) Compaction Phase 2.920ms
[2026-06-17T09:57:26.270+0800][33.786s][info][gc,phases,start] GC(1361) Post Compact
[2026-06-17T09:57:26.272+0800][33.788s][info][gc,phases      ] GC(1361) Post Compact 1.273ms
[2026-06-17T09:57:26.272+0800][33.788s][info][gc,heap        ] GC(1361) PSYoungGen: 7765K(14336K)->0K(14336K) Eden: 7156K(7168K)->0K(7168K) From: 609K(7168K)->0K(7168K)
[2026-06-17T09:57:26.274+0800][33.790s][info][gc,heap        ] GC(1361) ParOldGen: 41746K(44032K)->32267K(44032K)
[2026-06-17T09:57:26.274+0800][33.790s][info][gc,metaspace   ] GC(1361) Metaspace: 152K(384K)->152K(384K) NonClass: 147K(256K)->147K(256K) Class: 4K(128K)->4K(128K)
[2026-06-17T09:57:26.275+0800][33.791s][info][gc             ] GC(1361) Pause Full (Ergonomics) 48M->31M(57M) 14.767ms
[2026-06-17T09:57:26.275+0800][33.791s][info][gc,cpu         ] GC(1361) User=0.01s Sys=0.00s Real=0.02s
[2026-06-17T09:57:26.297+0800][33.813s][info][gc,start       ] GC(1362) Pause Young (Allocation Failure)
[2026-06-17T09:57:26.298+0800][33.814s][info][gc,heap        ] GC(1362) PSYoungGen: 7157K(14336K)->3956K(14336K) Eden: 7157K(7168K)->0K(7168K) From: 0K(7168K)->3956K(7168K)
[2026-06-17T09:57:26.298+0800][33.814s][info][gc,heap        ] GC(1362) ParOldGen: 32267K(44032K)->32267K(44032K)
[2026-06-17T09:57:26.299+0800][33.815s][info][gc,metaspace   ] GC(1362) Metaspace: 152K(384K)->152K(384K) NonClass: 147K(256K)->147K(256K) Class: 4K(128K)->4K(128K)
[2026-06-17T09:57:26.299+0800][33.815s][info][gc             ] GC(1362) Pause Young (Allocation Failure) 38M->35M(57M) 2.273ms
[2026-06-17T09:57:26.299+0800][33.815s][info][gc,cpu         ] GC(1362) User=0.00s Sys=0.00s Real=0.00s
[2026-06-17T09:57:26.321+0800][33.837s][info][gc,start       ] GC(1363) Pause Young (Allocation Failure)
[2026-06-17T09:57:26.323+0800][33.839s][info][gc,heap        ] GC(1363) PSYoungGen: 11113K(14336K)->1008K(14336K) Eden: 7156K(7168K)->0K(7168K) From: 3956K(7168K)->1008K(7168K)
[2026-06-17T09:57:26.324+0800][33.840s][info][gc,heap        ] GC(1363) ParOldGen: 32267K(44032K)->35377K(44032K)
[2026-06-17T09:57:26.324+0800][33.840s][info][gc,metaspace   ] GC(1363) Metaspace: 152K(384K)->152K(384K) NonClass: 147K(256K)->147K(256K) Class: 4K(128K)->4K(128K)
[2026-06-17T09:57:26.325+0800][33.841s][info][gc             ] GC(1363) Pause Young (Allocation Failure) 42M->35M(57M) 4.095ms
[2026-06-17T09:57:26.326+0800][33.842s][info][gc,cpu         ] GC(1363) User=0.00s Sys=0.00s Real=0.01s
[2026-06-17T09:57:26.337+0800][33.853s][info][gc,start       ] GC(1364) Pause Young (Allocation Failure)
[2026-06-17T09:57:26.338+0800][33.854s][info][gc,heap        ] GC(1364) PSYoungGen: 8176K(14336K)->5016K(14336K) Eden: 7168K(7168K)->0K(7168K) From: 1008K(7168K)->5016K(7168K)
[2026-06-17T09:57:26.339+0800][33.855s][info][gc,heap        ] GC(1364) ParOldGen: 35377K(44032K)->35377K(44032K)
[2026-06-17T09:57:26.339+0800][33.855s][info][gc,metaspace   ] GC(1364) Metaspace: 152K(384K)->152K(384K) NonClass: 147K(256K)->147K(256K) Class: 4K(128K)->4K(128K)
[2026-06-17T09:57:26.339+0800][33.855s][info][gc             ] GC(1364) Pause Young (Allocation Failure) 42M->39M(57M) 1.275ms
[2026-06-17T09:57:26.339+0800][33.855s][info][gc,cpu         ] GC(1364) User=0.00s Sys=0.00s Real=0.00s
[2026-06-17T09:57:26.360+0800][33.876s][info][gc,start       ] GC(1365) Pause Young (Allocation Failure)
[2026-06-17T09:57:26.361+0800][33.877s][info][gc,heap        ] GC(1365) PSYoungGen: 12125K(14336K)->332K(14336K) Eden: 7109K(7168K)->0K(7168K) From: 5016K(7168K)->332K(7168K)
[2026-06-17T09:57:26.361+0800][33.877s][info][gc,heap        ] GC(1365) ParOldGen: 35377K(44032K)->37382K(44032K)
[2026-06-17T09:57:26.362+0800][33.878s][info][gc,metaspace   ] GC(1365) Metaspace: 152K(384K)->152K(384K) NonClass: 147K(256K)->147K(256K) Class: 4K(128K)->4K(128K)
[2026-06-17T09:57:26.362+0800][33.878s][info][gc             ] GC(1365) Pause Young (Allocation Failure) 46M->36M(57M) 2.187ms
[2026-06-17T09:57:26.363+0800][33.879s][info][gc,cpu         ] GC(1365) User=0.00s Sys=0.00s Real=0.01s
[2026-06-17T09:57:26.384+0800][33.900s][info][gc,start       ] GC(1366) Pause Young (Allocation Failure)
[2026-06-17T09:57:26.386+0800][33.902s][info][gc,heap        ] GC(1366) PSYoungGen: 7454K(14336K)->3557K(14336K) Eden: 7122K(7168K)->0K(7168K) From: 332K(7168K)->3557K(7168K)
[2026-06-17T09:57:26.387+0800][33.903s][info][gc,heap        ] GC(1366) ParOldGen: 37382K(44032K)->37690K(44032K)
[2026-06-17T09:57:26.388+0800][33.904s][info][gc,metaspace   ] GC(1366) Metaspace: 152K(384K)->152K(384K) NonClass: 147K(256K)->147K(256K) Class: 4K(128K)->4K(128K)
[2026-06-17T09:57:26.388+0800][33.904s][info][gc             ] GC(1366) Pause Young (Allocation Failure) 43M->40M(57M) 3.911ms
[2026-06-17T09:57:26.389+0800][33.905s][info][gc,cpu         ] GC(1366) User=0.00s Sys=0.00s Real=0.00s
[2026-06-17T09:57:26.401+0800][33.917s][info][gc,start       ] GC(1367) Pause Young (Allocation Failure)
[2026-06-17T09:57:26.402+0800][33.918s][info][gc,heap        ] GC(1367) PSYoungGen: 10677K(14336K)->2413K(14336K) Eden: 7120K(7168K)->0K(7168K) From: 3557K(7168K)->2413K(7168K)
[2026-06-17T09:57:26.403+0800][33.919s][info][gc,heap        ] GC(1367) ParOldGen: 37690K(44032K)->39237K(44032K)
[2026-06-17T09:57:26.404+0800][33.920s][info][gc,metaspace   ] GC(1367) Metaspace: 152K(384K)->152K(384K) NonClass: 147K(256K)->147K(256K) Class: 4K(128K)->4K(128K)
[2026-06-17T09:57:26.404+0800][33.920s][info][gc             ] GC(1367) Pause Young (Allocation Failure) 47M->40M(57M) 3.484ms
[2026-06-17T09:57:26.404+0800][33.920s][info][gc,cpu         ] GC(1367) User=0.00s Sys=0.00s Real=0.01s
[2026-06-17T09:57:26.427+0800][33.943s][info][gc,start       ] GC(1368) Pause Young (Allocation Failure)
[2026-06-17T09:57:26.429+0800][33.945s][info][gc,heap        ] GC(1368) PSYoungGen: 9580K(14336K)->3473K(14336K) Eden: 7167K(7168K)->0K(7168K) From: 2413K(7168K)->3473K(7168K)
[2026-06-17T09:57:26.430+0800][33.946s][info][gc,heap        ] GC(1368) ParOldGen: 39237K(44032K)->41626K(44032K)
[2026-06-17T09:57:26.431+0800][33.947s][info][gc,metaspace   ] GC(1368) Metaspace: 152K(384K)->152K(384K) NonClass: 147K(256K)->147K(256K) Class: 4K(128K)->4K(128K)
[2026-06-17T09:57:26.431+0800][33.947s][info][gc             ] GC(1368) Pause Young (Allocation Failure) 47M->44M(57M) 4.234ms
[2026-06-17T09:57:26.432+0800][33.948s][info][gc,cpu         ] GC(1368) User=0.00s Sys=0.00s Real=0.01s
[2026-06-17T09:57:26.454+0800][33.970s][info][gc,start       ] GC(1369) Pause Full (Ergonomics)
[2026-06-17T09:57:26.455+0800][33.971s][info][gc,phases,start] GC(1369) Marking Phase
[2026-06-17T09:57:26.457+0800][33.973s][info][gc,phases      ] GC(1369) Marking Phase 2.453ms
[2026-06-17T09:57:26.458+0800][33.974s][info][gc,phases,start] GC(1369) Summary Phase
[2026-06-17T09:57:26.459+0800][33.975s][info][gc,phases      ] GC(1369) Summary Phase 0.817ms
[2026-06-17T09:57:26.460+0800][33.976s][info][gc,phases,start] GC(1369) Adjust Roots
[2026-06-17T09:57:26.461+0800][33.977s][info][gc,phases      ] GC(1369) Adjust Roots 1.180ms
[2026-06-17T09:57:26.461+0800][33.977s][info][gc,phases,start] GC(1369) Compaction Phase
[2026-06-17T09:57:26.465+0800][33.981s][info][gc,phases      ] GC(1369) Compaction Phase 3.215ms
[2026-06-17T09:57:26.465+0800][33.981s][info][gc,phases,start] GC(1369) Post Compact
[2026-06-17T09:57:26.466+0800][33.982s][info][gc,phases      ] GC(1369) Post Compact 0.489ms
[2026-06-17T09:57:26.466+0800][33.982s][info][gc,heap        ] GC(1369) PSYoungGen: 10640K(14336K)->0K(14336K) Eden: 7167K(7168K)->0K(7168K) From: 3473K(7168K)->0K(7168K)
[2026-06-17T09:57:26.466+0800][33.982s][info][gc,heap        ] GC(1369) ParOldGen: 41626K(44032K)->25930K(44032K)
[2026-06-17T09:57:26.466+0800][33.982s][info][gc,metaspace   ] GC(1369) Metaspace: 152K(384K)->152K(384K) NonClass: 147K(256K)->147K(256K) Class: 4K(128K)->4K(128K)
[2026-06-17T09:57:26.466+0800][33.982s][info][gc             ] GC(1369) Pause Full (Ergonomics) 51M->25M(57M) 12.501ms
[2026-06-17T09:57:26.467+0800][33.983s][info][gc,cpu         ] GC(1369) User=0.01s Sys=0.00s Real=0.01s
[2026-06-17T09:57:26.488+0800][34.004s][info][gc,start       ] GC(1370) Pause Young (Allocation Failure)
[2026-06-17T09:57:26.489+0800][34.005s][info][gc,heap        ] GC(1370) PSYoungGen: 7131K(14336K)->3602K(14336K) Eden: 7131K(7168K)->0K(7168K) From: 0K(7168K)->3602K(7168K)
[2026-06-17T09:57:26.490+0800][34.006s][info][gc,heap        ] GC(1370) ParOldGen: 25930K(44032K)->25930K(44032K)
[2026-06-17T09:57:26.490+0800][34.006s][info][gc,metaspace   ] GC(1370) Metaspace: 152K(384K)->152K(384K) NonClass: 147K(256K)->147K(256K) Class: 4K(128K)->4K(128K)
[2026-06-17T09:57:26.491+0800][34.007s][info][gc             ] GC(1370) Pause Young (Allocation Failure) 32M->28M(57M) 2.860ms
[2026-06-17T09:57:26.491+0800][34.007s][info][gc,cpu         ] GC(1370) User=0.00s Sys=0.00s Real=0.01s
[2026-06-17T09:57:26.502+0800][34.018s][info][gc,start       ] GC(1371) Pause Young (Allocation Failure)
[2026-06-17T09:57:26.504+0800][34.020s][info][gc,heap        ] GC(1371) PSYoungGen: 10766K(14336K)->4714K(14336K) Eden: 7164K(7168K)->0K(7168K) From: 3602K(7168K)->4714K(7168K)
[2026-06-17T09:57:26.505+0800][34.021s][info][gc,heap        ] GC(1371) ParOldGen: 25930K(44032K)->28381K(44032K)
[2026-06-17T09:57:26.506+0800][34.022s][info][gc,metaspace   ] GC(1371) Metaspace: 152K(384K)->152K(384K) NonClass: 147K(256K)->147K(256K) Class: 4K(128K)->4K(128K)
[2026-06-17T09:57:26.506+0800][34.022s][info][gc             ] GC(1371) Pause Young (Allocation Failure) 35M->32M(57M) 3.727ms
[2026-06-17T09:57:26.506+0800][34.022s][info][gc,cpu         ] GC(1371) User=0.01s Sys=0.00s Real=0.01s
[2026-06-17T09:57:26.528+0800][34.044s][info][gc,start       ] GC(1372) Pause Young (Allocation Failure)
[2026-06-17T09:57:26.529+0800][34.045s][info][gc,heap        ] GC(1372) PSYoungGen: 11845K(14336K)->2798K(14336K) Eden: 7131K(7168K)->0K(7168K) From: 4714K(7168K)->2798K(7168K)
[2026-06-17T09:57:26.530+0800][34.046s][info][gc,heap        ] GC(1372) ParOldGen: 28381K(44032K)->30485K(44032K)
[2026-06-17T09:57:26.530+0800][34.046s][info][gc,metaspace   ] GC(1372) Metaspace: 152K(384K)->152K(384K) NonClass: 147K(256K)->147K(256K) Class: 4K(128K)->4K(128K)
[2026-06-17T09:57:26.531+0800][34.047s][info][gc             ] GC(1372) Pause Young (Allocation Failure) 39M->32M(57M) 2.465ms
[2026-06-17T09:57:26.531+0800][34.047s][info][gc,cpu         ] GC(1372) User=0.00s Sys=0.00s Real=0.01s
[2026-06-17T09:57:26.553+0800][34.069s][info][gc,start       ] GC(1373) Pause Young (Allocation Failure)
[2026-06-17T09:57:26.554+0800][34.070s][info][gc,heap        ] GC(1373) PSYoungGen: 9923K(14336K)->2962K(14336K) Eden: 7125K(7168K)->0K(7168K) From: 2798K(7168K)->2962K(7168K)
[2026-06-17T09:57:26.554+0800][34.070s][info][gc,heap        ] GC(1373) ParOldGen: 30485K(44032K)->30485K(44032K)
[2026-06-17T09:57:26.555+0800][34.071s][info][gc,metaspace   ] GC(1373) Metaspace: 152K(384K)->152K(384K) NonClass: 147K(256K)->147K(256K) Class: 4K(128K)->4K(128K)
[2026-06-17T09:57:26.555+0800][34.071s][info][gc             ] GC(1373) Pause Young (Allocation Failure) 39M->32M(57M) 2.483ms
[2026-06-17T09:57:26.555+0800][34.071s][info][gc,cpu         ] GC(1373) User=0.00s Sys=0.00s Real=0.00s
[2026-06-17T09:57:26.566+0800][34.082s][info][gc,start       ] GC(1374) Pause Young (Allocation Failure)
[2026-06-17T09:57:26.567+0800][34.083s][info][gc,heap        ] GC(1374) PSYoungGen: 9870K(14336K)->2675K(14336K) Eden: 6908K(7168K)->0K(7168K) From: 2962K(7168K)->2675K(7168K)
[2026-06-17T09:57:26.568+0800][34.084s][info][gc,heap        ] GC(1374) ParOldGen: 30485K(44032K)->30485K(44032K)
[2026-06-17T09:57:26.568+0800][34.084s][info][gc,metaspace   ] GC(1374) Metaspace: 152K(384K)->152K(384K) NonClass: 147K(256K)->147K(256K) Class: 4K(128K)->4K(128K)
[2026-06-17T09:57:26.568+0800][34.084s][info][gc             ] GC(1374) Pause Young (Allocation Failure) 39M->32M(57M) 1.830ms
[2026-06-17T09:57:26.568+0800][34.084s][info][gc,cpu         ] GC(1374) User=0.00s Sys=0.00s Real=0.00s
[2026-06-17T09:57:26.590+0800][34.106s][info][gc,start       ] GC(1375) Pause Young (Allocation Failure)
[2026-06-17T09:57:26.591+0800][34.107s][info][gc,heap        ] GC(1375) PSYoungGen: 9803K(14336K)->6187K(13824K) Eden: 7128K(7168K)->0K(7168K) From: 2675K(7168K)->6187K(6656K)
[2026-06-17T09:57:26.592+0800][34.108s][info][gc,heap        ] GC(1375) ParOldGen: 30485K(44032K)->30485K(44032K)
[2026-06-17T09:57:26.592+0800][34.108s][info][gc,metaspace   ] GC(1375) Metaspace: 152K(384K)->152K(384K) NonClass: 147K(256K)->147K(256K) Class: 4K(128K)->4K(128K)
[2026-06-17T09:57:26.592+0800][34.108s][info][gc             ] GC(1375) Pause Young (Allocation Failure) 39M->35M(56M) 2.623ms
[2026-06-17T09:57:26.593+0800][34.109s][info][gc,cpu         ] GC(1375) User=0.00s Sys=0.00s Real=0.01s
[2026-06-17T09:57:26.614+0800][34.130s][info][gc,start       ] GC(1376) Pause Young (Allocation Failure)
[2026-06-17T09:57:26.615+0800][34.131s][info][gc,heap        ] GC(1376) PSYoungGen: 13324K(13824K)->3703K(14336K) Eden: 7137K(7168K)->0K(7168K) From: 6187K(6656K)->3703K(7168K)
[2026-06-17T09:57:26.615+0800][34.131s][info][gc,heap        ] GC(1376) ParOldGen: 30485K(44032K)->33112K(44032K)
[2026-06-17T09:57:26.615+0800][34.131s][info][gc,metaspace   ] GC(1376) Metaspace: 152K(384K)->152K(384K) NonClass: 147K(256K)->147K(256K) Class: 4K(128K)->4K(128K)
[2026-06-17T09:57:26.615+0800][34.131s][info][gc             ] GC(1376) Pause Young (Allocation Failure) 42M->35M(57M) 1.265ms
[2026-06-17T09:57:26.615+0800][34.131s][info][gc,cpu         ] GC(1376) User=0.00s Sys=0.00s Real=0.00s
[2026-06-17T09:57:26.626+0800][34.142s][info][gc,start       ] GC(1377) Pause Young (Allocation Failure)
[2026-06-17T09:57:26.627+0800][34.143s][info][gc,heap        ] GC(1377) PSYoungGen: 10847K(14336K)->7113K(14336K) Eden: 7143K(7168K)->0K(7168K) From: 3703K(7168K)->7113K(7168K)
[2026-06-17T09:57:26.627+0800][34.143s][info][gc,heap        ] GC(1377) ParOldGen: 33112K(44032K)->33365K(44032K)
[2026-06-17T09:57:26.627+0800][34.143s][info][gc,metaspace   ] GC(1377) Metaspace: 152K(384K)->152K(384K) NonClass: 147K(256K)->147K(256K) Class: 4K(128K)->4K(128K)
[2026-06-17T09:57:26.627+0800][34.143s][info][gc             ] GC(1377) Pause Young (Allocation Failure) 42M->39M(57M) 1.417ms
[2026-06-17T09:57:26.627+0800][34.143s][info][gc,cpu         ] GC(1377) User=0.00s Sys=0.00s Real=0.00s
[2026-06-17T09:57:26.648+0800][34.164s][info][gc,start       ] GC(1378) Pause Young (Allocation Failure)
[2026-06-17T09:57:26.650+0800][34.166s][info][gc,heap        ] GC(1378) PSYoungGen: 14269K(14336K)->4432K(14336K) Eden: 7156K(7168K)->0K(7168K) From: 7113K(7168K)->4432K(7168K)
[2026-06-17T09:57:26.650+0800][34.166s][info][gc,heap        ] GC(1378) ParOldGen: 33365K(44032K)->36102K(44032K)
[2026-06-17T09:57:26.651+0800][34.167s][info][gc,metaspace   ] GC(1378) Metaspace: 152K(384K)->152K(384K) NonClass: 147K(256K)->147K(256K) Class: 4K(128K)->4K(128K)
[2026-06-17T09:57:26.651+0800][34.167s][info][gc             ] GC(1378) Pause Young (Allocation Failure) 46M->39M(57M) 2.608ms
[2026-06-17T09:57:26.651+0800][34.167s][info][gc,cpu         ] GC(1378) User=0.00s Sys=0.00s Real=0.01s
[2026-06-17T09:57:26.672+0800][34.188s][info][gc,start       ] GC(1379) Pause Young (Allocation Failure)
[2026-06-17T09:57:26.673+0800][34.189s][info][gc,heap        ] GC(1379) PSYoungGen: 11570K(14336K)->1101K(14336K) Eden: 7137K(7168K)->0K(7168K) From: 4432K(7168K)->1101K(7168K)
[2026-06-17T09:57:26.673+0800][34.189s][info][gc,heap        ] GC(1379) ParOldGen: 36102K(44032K)->39793K(44032K)
[2026-06-17T09:57:26.674+0800][34.190s][info][gc,metaspace   ] GC(1379) Metaspace: 152K(384K)->152K(384K) NonClass: 147K(256K)->147K(256K) Class: 4K(128K)->4K(128K)
[2026-06-17T09:57:26.675+0800][34.191s][info][gc             ] GC(1379) Pause Young (Allocation Failure) 46M->39M(57M) 2.860ms
[2026-06-17T09:57:26.676+0800][34.192s][info][gc,cpu         ] GC(1379) User=0.00s Sys=0.00s Real=0.00s
[2026-06-17T09:57:26.688+0800][34.204s][info][gc,start       ] GC(1380) Pause Full (Ergonomics)
[2026-06-17T09:57:26.688+0800][34.204s][info][gc,phases,start] GC(1380) Marking Phase
[2026-06-17T09:57:26.689+0800][34.205s][info][gc,phases      ] GC(1380) Marking Phase 0.982ms
[2026-06-17T09:57:26.690+0800][34.206s][info][gc,phases,start] GC(1380) Summary Phase
[2026-06-17T09:57:26.690+0800][34.206s][info][gc,phases      ] GC(1380) Summary Phase 0.187ms
[2026-06-17T09:57:26.690+0800][34.206s][info][gc,phases,start] GC(1380) Adjust Roots
[2026-06-17T09:57:26.691+0800][34.207s][info][gc,phases      ] GC(1380) Adjust Roots 0.337ms
[2026-06-17T09:57:26.691+0800][34.207s][info][gc,phases,start] GC(1380) Compaction Phase
[2026-06-17T09:57:26.693+0800][34.209s][info][gc,phases      ] GC(1380) Compaction Phase 1.954ms
[2026-06-17T09:57:26.693+0800][34.209s][info][gc,phases,start] GC(1380) Post Compact
[2026-06-17T09:57:26.693+0800][34.209s][info][gc,phases      ] GC(1380) Post Compact 0.202ms
[2026-06-17T09:57:26.693+0800][34.209s][info][gc,heap        ] GC(1380) PSYoungGen: 8257K(14336K)->0K(14336K) Eden: 7156K(7168K)->0K(7168K) From: 1101K(7168K)->0K(7168K)
[2026-06-17T09:57:26.693+0800][34.209s][info][gc,heap        ] GC(1380) ParOldGen: 39793K(44032K)->31421K(44032K)
[2026-06-17T09:57:26.693+0800][34.209s][info][gc,metaspace   ] GC(1380) Metaspace: 152K(384K)->152K(384K) NonClass: 147K(256K)->147K(256K) Class: 4K(128K)->4K(128K)
[2026-06-17T09:57:26.693+0800][34.210s][info][gc             ] GC(1380) Pause Full (Ergonomics) 46M->30M(57M) 5.413ms
[2026-06-17T09:57:26.694+0800][34.210s][info][gc,cpu         ] GC(1380) User=0.01s Sys=0.00s Real=0.01s
[2026-06-17T09:57:26.715+0800][34.231s][info][gc,start       ] GC(1381) Pause Young (Allocation Failure)
[2026-06-17T09:57:26.716+0800][34.232s][info][gc,heap        ] GC(1381) PSYoungGen: 7146K(14336K)->3663K(14336K) Eden: 7146K(7168K)->0K(7168K) From: 0K(7168K)->3663K(7168K)
[2026-06-17T09:57:26.716+0800][34.232s][info][gc,heap        ] GC(1381) ParOldGen: 31421K(44032K)->31421K(44032K)
[2026-06-17T09:57:26.716+0800][34.232s][info][gc,metaspace   ] GC(1381) Metaspace: 152K(384K)->152K(384K) NonClass: 147K(256K)->147K(256K) Class: 4K(128K)->4K(128K)
[2026-06-17T09:57:26.716+0800][34.232s][info][gc             ] GC(1381) Pause Young (Allocation Failure) 37M->34M(57M) 1.621ms
[2026-06-17T09:57:26.717+0800][34.233s][info][gc,cpu         ] GC(1381) User=0.00s Sys=0.00s Real=0.00s
[2026-06-17T09:57:26.738+0800][34.254s][info][gc,start       ] GC(1382) Pause Young (Allocation Failure)
[2026-06-17T09:57:26.739+0800][34.255s][info][gc,heap        ] GC(1382) PSYoungGen: 10796K(14336K)->3522K(14336K) Eden: 7133K(7168K)->0K(7168K) From: 3663K(7168K)->3522K(7168K)
[2026-06-17T09:57:26.739+0800][34.255s][info][gc,heap        ] GC(1382) ParOldGen: 31421K(44032K)->32001K(44032K)
[2026-06-17T09:57:26.739+0800][34.255s][info][gc,metaspace   ] GC(1382) Metaspace: 152K(384K)->152K(384K) NonClass: 147K(256K)->147K(256K) Class: 4K(128K)->4K(128K)
[2026-06-17T09:57:26.740+0800][34.256s][info][gc             ] GC(1382) Pause Young (Allocation Failure) 41M->34M(57M) 1.527ms
[2026-06-17T09:57:26.740+0800][34.256s][info][gc,cpu         ] GC(1382) User=0.00s Sys=0.00s Real=0.00s
[2026-06-17T09:57:26.751+0800][34.267s][info][gc,start       ] GC(1383) Pause Young (Allocation Failure)
[2026-06-17T09:57:26.752+0800][34.268s][info][gc,heap        ] GC(1383) PSYoungGen: 10482K(14336K)->3578K(14336K) Eden: 6959K(7168K)->0K(7168K) From: 3522K(7168K)->3578K(7168K)
[2026-06-17T09:57:26.752+0800][34.268s][info][gc,heap        ] GC(1383) ParOldGen: 32001K(44032K)->32001K(44032K)
[2026-06-17T09:57:26.753+0800][34.269s][info][gc,metaspace   ] GC(1383) Metaspace: 152K(384K)->152K(384K) NonClass: 147K(256K)->147K(256K) Class: 4K(128K)->4K(128K)
[2026-06-17T09:57:26.753+0800][34.269s][info][gc             ] GC(1383) Pause Young (Allocation Failure) 41M->34M(57M) 1.913ms
[2026-06-17T09:57:26.753+0800][34.269s][info][gc,cpu         ] GC(1383) User=0.00s Sys=0.00s Real=0.00s
[2026-06-17T09:57:26.775+0800][34.291s][info][gc,start       ] GC(1384) Pause Young (Allocation Failure)
[2026-06-17T09:57:26.776+0800][34.292s][info][gc,heap        ] GC(1384) PSYoungGen: 10719K(14336K)->7024K(14336K) Eden: 7141K(7168K)->0K(7168K) From: 3578K(7168K)->7024K(7168K)
[2026-06-17T09:57:26.777+0800][34.293s][info][gc,heap        ] GC(1384) ParOldGen: 32001K(44032K)->32238K(44032K)
[2026-06-17T09:57:26.777+0800][34.293s][info][gc,metaspace   ] GC(1384) Metaspace: 152K(384K)->152K(384K) NonClass: 147K(256K)->147K(256K) Class: 4K(128K)->4K(128K)
[2026-06-17T09:57:26.777+0800][34.293s][info][gc             ] GC(1384) Pause Young (Allocation Failure) 41M->38M(57M) 2.782ms
[2026-06-17T09:57:26.778+0800][34.294s][info][gc,cpu         ] GC(1384) User=0.00s Sys=0.01s Real=0.00s
[2026-06-17T09:57:26.800+0800][34.316s][info][gc,start       ] GC(1385) Pause Young (Allocation Failure)
[2026-06-17T09:57:26.801+0800][34.317s][info][gc,heap        ] GC(1385) PSYoungGen: 14185K(14336K)->3663K(14336K) Eden: 7160K(7168K)->0K(7168K) From: 7024K(7168K)->3663K(7168K)
[2026-06-17T09:57:26.802+0800][34.318s][info][gc,heap        ] GC(1385) ParOldGen: 32238K(44032K)->35531K(44032K)
[2026-06-17T09:57:26.802+0800][34.318s][info][gc,metaspace   ] GC(1385) Metaspace: 152K(384K)->152K(384K) NonClass: 147K(256K)->147K(256K) Class: 4K(128K)->4K(128K)
[2026-06-17T09:57:26.802+0800][34.318s][info][gc             ] GC(1385) Pause Young (Allocation Failure) 45M->38M(57M) 2.385ms
[2026-06-17T09:57:26.803+0800][34.319s][info][gc,cpu         ] GC(1385) User=0.00s Sys=0.00s Real=0.01s
[2026-06-17T09:57:26.824+0800][34.340s][info][gc,start       ] GC(1386) Pause Young (Allocation Failure)
[2026-06-17T09:57:26.826+0800][34.342s][info][gc,heap        ] GC(1386) PSYoungGen: 10816K(14336K)->1579K(14336K) Eden: 7152K(7168K)->0K(7168K) From: 3663K(7168K)->1579K(7168K)
[2026-06-17T09:57:26.827+0800][34.343s][info][gc,heap        ] GC(1386) ParOldGen: 35531K(44032K)->37967K(44032K)
[2026-06-17T09:57:26.827+0800][34.343s][info][gc,metaspace   ] GC(1386) Metaspace: 152K(384K)->152K(384K) NonClass: 147K(256K)->147K(256K) Class: 4K(128K)->4K(128K)
[2026-06-17T09:57:26.828+0800][34.344s][info][gc             ] GC(1386) Pause Young (Allocation Failure) 45M->38M(57M) 3.378ms
[2026-06-17T09:57:26.828+0800][34.344s][info][gc,cpu         ] GC(1386) User=0.00s Sys=0.00s Real=0.00s
[2026-06-17T09:57:26.841+0800][34.357s][info][gc,start       ] GC(1387) Pause Young (Allocation Failure)
[2026-06-17T09:57:26.843+0800][34.359s][info][gc,heap        ] GC(1387) PSYoungGen: 8721K(14336K)->5652K(14336K) Eden: 7141K(7168K)->0K(7168K) From: 1579K(7168K)->5652K(7168K)
[2026-06-17T09:57:26.844+0800][34.360s][info][gc,heap        ] GC(1387) ParOldGen: 37967K(44032K)->37967K(44032K)
[2026-06-17T09:57:26.845+0800][34.361s][info][gc,metaspace   ] GC(1387) Metaspace: 152K(384K)->152K(384K) NonClass: 147K(256K)->147K(256K) Class: 4K(128K)->4K(128K)
[2026-06-17T09:57:26.846+0800][34.362s][info][gc             ] GC(1387) Pause Young (Allocation Failure) 45M->42M(57M) 4.544ms
[2026-06-17T09:57:26.846+0800][34.362s][info][gc,cpu         ] GC(1387) User=0.00s Sys=0.00s Real=0.01s
[2026-06-17T09:57:26.868+0800][34.384s][info][gc,start       ] GC(1388) Pause Young (Allocation Failure)
[2026-06-17T09:57:26.871+0800][34.387s][info][gc,heap        ] GC(1388) PSYoungGen: 12801K(14336K)->2645K(14336K) Eden: 7148K(7168K)->0K(7168K) From: 5652K(7168K)->2645K(7168K)
[2026-06-17T09:57:26.872+0800][34.388s][info][gc,heap        ] GC(1388) ParOldGen: 37967K(44032K)->41216K(44032K)
[2026-06-17T09:57:26.872+0800][34.388s][info][gc,metaspace   ] GC(1388) Metaspace: 152K(384K)->152K(384K) NonClass: 147K(256K)->147K(256K) Class: 4K(128K)->4K(128K)
[2026-06-17T09:57:26.873+0800][34.389s][info][gc             ] GC(1388) Pause Young (Allocation Failure) 49M->42M(57M) 4.472ms
[2026-06-17T09:57:26.873+0800][34.389s][info][gc,cpu         ] GC(1388) User=0.00s Sys=0.00s Real=0.01s
[2026-06-17T09:57:26.895+0800][34.411s][info][gc,start       ] GC(1389) Pause Full (Ergonomics)
[2026-06-17T09:57:26.896+0800][34.412s][info][gc,phases,start] GC(1389) Marking Phase
[2026-06-17T09:57:26.899+0800][34.415s][info][gc,phases      ] GC(1389) Marking Phase 2.577ms
[2026-06-17T09:57:26.899+0800][34.415s][info][gc,phases,start] GC(1389) Summary Phase
[2026-06-17T09:57:26.900+0800][34.416s][info][gc,phases      ] GC(1389) Summary Phase 0.483ms
[2026-06-17T09:57:26.900+0800][34.416s][info][gc,phases,start] GC(1389) Adjust Roots
[2026-06-17T09:57:26.901+0800][34.417s][info][gc,phases      ] GC(1389) Adjust Roots 0.623ms
[2026-06-17T09:57:26.901+0800][34.417s][info][gc,phases,start] GC(1389) Compaction Phase
[2026-06-17T09:57:26.904+0800][34.420s][info][gc,phases      ] GC(1389) Compaction Phase 2.740ms
[2026-06-17T09:57:26.905+0800][34.421s][info][gc,phases,start] GC(1389) Post Compact
[2026-06-17T09:57:26.905+0800][34.421s][info][gc,phases      ] GC(1389) Post Compact 0.390ms
[2026-06-17T09:57:26.906+0800][34.422s][info][gc,heap        ] GC(1389) PSYoungGen: 9784K(14336K)->0K(14336K) Eden: 7139K(7168K)->0K(7168K) From: 2645K(7168K)->0K(7168K)
[2026-06-17T09:57:26.906+0800][34.422s][info][gc,heap        ] GC(1389) ParOldGen: 41216K(44032K)->30927K(44032K)
[2026-06-17T09:57:26.906+0800][34.422s][info][gc,metaspace   ] GC(1389) Metaspace: 152K(384K)->152K(384K) NonClass: 147K(256K)->147K(256K) Class: 4K(128K)->4K(128K)
[2026-06-17T09:57:26.907+0800][34.423s][info][gc             ] GC(1389) Pause Full (Ergonomics) 49M->30M(57M) 11.268ms
[2026-06-17T09:57:26.907+0800][34.423s][info][gc,cpu         ] GC(1389) User=0.01s Sys=0.00s Real=0.01s
[2026-06-17T09:57:26.919+0800][34.435s][info][gc,start       ] GC(1390) Pause Young (Allocation Failure)
[2026-06-17T09:57:26.920+0800][34.436s][info][gc,heap        ] GC(1390) PSYoungGen: 7136K(14336K)->3836K(14336K) Eden: 7136K(7168K)->0K(7168K) From: 0K(7168K)->3836K(7168K)
[2026-06-17T09:57:26.920+0800][34.436s][info][gc,heap        ] GC(1390) ParOldGen: 30927K(44032K)->30927K(44032K)
[2026-06-17T09:57:26.921+0800][34.437s][info][gc,metaspace   ] GC(1390) Metaspace: 152K(384K)->152K(384K) NonClass: 147K(256K)->147K(256K) Class: 4K(128K)->4K(128K)
[2026-06-17T09:57:26.921+0800][34.437s][info][gc             ] GC(1390) Pause Young (Allocation Failure) 37M->33M(57M) 2.382ms
[2026-06-17T09:57:26.921+0800][34.437s][info][gc,cpu         ] GC(1390) User=0.00s Sys=0.00s Real=0.00s
[2026-06-17T09:57:26.944+0800][34.460s][info][gc,start       ] GC(1391) Pause Young (Allocation Failure)
[2026-06-17T09:57:26.946+0800][34.462s][info][gc,heap        ] GC(1391) PSYoungGen: 10998K(14336K)->3551K(14336K) Eden: 7161K(7168K)->0K(7168K) From: 3836K(7168K)->3551K(7168K)
[2026-06-17T09:57:26.947+0800][34.463s][info][gc,heap        ] GC(1391) ParOldGen: 30927K(44032K)->34743K(44032K)
[2026-06-17T09:57:26.947+0800][34.463s][info][gc,metaspace   ] GC(1391) Metaspace: 152K(384K)->152K(384K) NonClass: 147K(256K)->147K(256K) Class: 4K(128K)->4K(128K)
[2026-06-17T09:57:26.948+0800][34.464s][info][gc             ] GC(1391) Pause Young (Allocation Failure) 40M->37M(57M) 4.155ms
[2026-06-17T09:57:26.948+0800][34.464s][info][gc,cpu         ] GC(1391) User=0.01s Sys=0.00s Real=0.00s
[2026-06-17T09:57:26.971+0800][34.487s][info][gc,start       ] GC(1392) Pause Young (Allocation Failure)
[2026-06-17T09:57:26.973+0800][34.489s][info][gc,heap        ] GC(1392) PSYoungGen: 10686K(14336K)->3347K(14336K) Eden: 7135K(7168K)->0K(7168K) From: 3551K(7168K)->3347K(7168K)
[2026-06-17T09:57:26.974+0800][34.490s][info][gc,heap        ] GC(1392) ParOldGen: 34743K(44032K)->35187K(44032K)
[2026-06-17T09:57:26.974+0800][34.490s][info][gc,metaspace   ] GC(1392) Metaspace: 152K(384K)->152K(384K) NonClass: 147K(256K)->147K(256K) Class: 4K(128K)->4K(128K)
[2026-06-17T09:57:26.975+0800][34.491s][info][gc             ] GC(1392) Pause Young (Allocation Failure) 44M->37M(57M) 4.352ms
[2026-06-17T09:57:26.976+0800][34.492s][info][gc,cpu         ] GC(1392) User=0.00s Sys=0.00s Real=0.00s
[2026-06-17T09:57:26.998+0800][34.514s][info][gc,start       ] GC(1393) Pause Young (Allocation Failure)
[2026-06-17T09:57:27.002+0800][34.518s][info][gc,heap        ] GC(1393) PSYoungGen: 10473K(14336K)->1495K(14336K) Eden: 7126K(7168K)->0K(7168K) From: 3347K(7168K)->1495K(7168K)
[2026-06-17T09:57:27.004+0800][34.520s][info][gc,heap        ] GC(1393) ParOldGen: 35187K(44032K)->37532K(44032K)
[2026-06-17T09:57:27.006+0800][34.522s][info][gc,metaspace   ] GC(1393) Metaspace: 152K(384K)->152K(384K) NonClass: 147K(256K)->147K(256K) Class: 4K(128K)->4K(128K)
[2026-06-17T09:57:27.008+0800][34.524s][info][gc             ] GC(1393) Pause Young (Allocation Failure) 44M->38M(57M) 10.008ms
[2026-06-17T09:57:27.011+0800][34.527s][info][gc,cpu         ] GC(1393) User=0.00s Sys=0.00s Real=0.02s
[2026-06-17T09:57:27.034+0800][34.550s][info][gc,start       ] GC(1394) Pause Young (Allocation Failure)
[2026-06-17T09:57:27.036+0800][34.552s][info][gc,heap        ] GC(1394) PSYoungGen: 8619K(14336K)->1775K(14336K) Eden: 7123K(7168K)->0K(7168K) From: 1495K(7168K)->1775K(7168K)
[2026-06-17T09:57:27.037+0800][34.553s][info][gc,heap        ] GC(1394) ParOldGen: 37532K(44032K)->37532K(44032K)
[2026-06-17T09:57:27.037+0800][34.553s][info][gc,metaspace   ] GC(1394) Metaspace: 152K(384K)->152K(384K) NonClass: 147K(256K)->147K(256K) Class: 4K(128K)->4K(128K)
[2026-06-17T09:57:27.038+0800][34.554s][info][gc             ] GC(1394) Pause Young (Allocation Failure) 45M->38M(57M) 4.062ms
[2026-06-17T09:57:27.039+0800][34.555s][info][gc,cpu         ] GC(1394) User=0.01s Sys=0.00s Real=0.00s
[2026-06-17T09:57:27.051+0800][34.567s][info][gc,start       ] GC(1395) Pause Young (Allocation Failure)
[2026-06-17T09:57:27.052+0800][34.568s][info][gc,heap        ] GC(1395) PSYoungGen: 8808K(14336K)->270K(14336K) Eden: 7033K(7168K)->0K(7168K) From: 1775K(7168K)->270K(7168K)
[2026-06-17T09:57:27.053+0800][34.569s][info][gc,heap        ] GC(1395) ParOldGen: 37532K(44032K)->39251K(44032K)
[2026-06-17T09:57:27.053+0800][34.569s][info][gc,metaspace   ] GC(1395) Metaspace: 152K(384K)->152K(384K) NonClass: 147K(256K)->147K(256K) Class: 4K(128K)->4K(128K)
[2026-06-17T09:57:27.054+0800][34.570s][info][gc             ] GC(1395) Pause Young (Allocation Failure) 45M->38M(57M) 2.981ms
[2026-06-17T09:57:27.054+0800][34.570s][info][gc,cpu         ] GC(1395) User=0.00s Sys=0.00s Real=0.00s
[2026-06-17T09:57:27.077+0800][34.593s][info][gc,start       ] GC(1396) Pause Young (Allocation Failure)
[2026-06-17T09:57:27.079+0800][34.595s][info][gc,heap        ] GC(1396) PSYoungGen: 7408K(14336K)->4138K(14336K) Eden: 7138K(7168K)->0K(7168K) From: 270K(7168K)->4138K(7168K)
[2026-06-17T09:57:27.080+0800][34.596s][info][gc,heap        ] GC(1396) ParOldGen: 39251K(44032K)->39497K(44032K)
[2026-06-17T09:57:27.080+0800][34.596s][info][gc,metaspace   ] GC(1396) Metaspace: 152K(384K)->152K(384K) NonClass: 147K(256K)->147K(256K) Class: 4K(128K)->4K(128K)
[2026-06-17T09:57:27.081+0800][34.597s][info][gc             ] GC(1396) Pause Young (Allocation Failure) 45M->42M(57M) 4.172ms
[2026-06-17T09:57:27.081+0800][34.597s][info][gc,cpu         ] GC(1396) User=0.00s Sys=0.00s Real=0.00s
[2026-06-17T09:57:27.094+0800][34.610s][info][gc,start       ] GC(1397) Pause Full (Ergonomics)
[2026-06-17T09:57:27.095+0800][34.611s][info][gc,phases,start] GC(1397) Marking Phase
[2026-06-17T09:57:27.098+0800][34.614s][info][gc,phases      ] GC(1397) Marking Phase 3.269ms
[2026-06-17T09:57:27.101+0800][34.617s][info][gc,phases,start] GC(1397) Summary Phase
[2026-06-17T09:57:27.103+0800][34.619s][info][gc,phases      ] GC(1397) Summary Phase 1.977ms
[2026-06-17T09:57:27.104+0800][34.621s][info][gc,phases,start] GC(1397) Adjust Roots
[2026-06-17T09:57:27.108+0800][34.624s][info][gc,phases      ] GC(1397) Adjust Roots 3.011ms
[2026-06-17T09:57:27.109+0800][34.625s][info][gc,phases,start] GC(1397) Compaction Phase
[2026-06-17T09:57:27.114+0800][34.630s][info][gc,phases      ] GC(1397) Compaction Phase 5.702ms
[2026-06-17T09:57:27.115+0800][34.631s][info][gc,phases,start] GC(1397) Post Compact
[2026-06-17T09:57:27.115+0800][34.631s][info][gc,phases      ] GC(1397) Post Compact 0.537ms
[2026-06-17T09:57:27.116+0800][34.632s][info][gc,heap        ] GC(1397) PSYoungGen: 11088K(14336K)->0K(14336K) Eden: 6949K(7168K)->0K(7168K) From: 4138K(7168K)->0K(7168K)
[2026-06-17T09:57:27.117+0800][34.633s][info][gc,heap        ] GC(1397) ParOldGen: 39497K(44032K)->30736K(44032K)
[2026-06-17T09:57:27.117+0800][34.633s][info][gc,metaspace   ] GC(1397) Metaspace: 152K(384K)->152K(384K) NonClass: 147K(256K)->147K(256K) Class: 4K(128K)->4K(128K)
[2026-06-17T09:57:27.118+0800][34.634s][info][gc             ] GC(1397) Pause Full (Ergonomics) 49M->30M(57M) 24.098ms
[2026-06-17T09:57:27.118+0800][34.634s][info][gc,cpu         ] GC(1397) User=0.01s Sys=0.00s Real=0.02s
[2026-06-17T09:57:27.140+0800][34.656s][info][gc,start       ] GC(1398) Pause Young (Allocation Failure)
[2026-06-17T09:57:27.143+0800][34.659s][info][gc,heap        ] GC(1398) PSYoungGen: 7115K(14336K)->3761K(14336K) Eden: 7115K(7168K)->0K(7168K) From: 0K(7168K)->3761K(7168K)
[2026-06-17T09:57:27.144+0800][34.660s][info][gc,heap        ] GC(1398) ParOldGen: 30736K(44032K)->30736K(44032K)
[2026-06-17T09:57:27.145+0800][34.661s][info][gc,metaspace   ] GC(1398) Metaspace: 152K(384K)->152K(384K) NonClass: 147K(256K)->147K(256K) Class: 4K(128K)->4K(128K)
[2026-06-17T09:57:27.146+0800][34.662s][info][gc             ] GC(1398) Pause Young (Allocation Failure) 36M->33M(57M) 5.351ms
[2026-06-17T09:57:27.146+0800][34.662s][info][gc,cpu         ] GC(1398) User=0.01s Sys=0.00s Real=0.01s
[2026-06-17T09:57:27.169+0800][34.685s][info][gc,start       ] GC(1399) Pause Young (Allocation Failure)
[2026-06-17T09:57:27.173+0800][34.689s][info][gc,heap        ] GC(1399) PSYoungGen: 10924K(14336K)->3966K(14336K) Eden: 7163K(7168K)->0K(7168K) From: 3761K(7168K)->3966K(7168K)
[2026-06-17T09:57:27.173+0800][34.689s][info][gc,heap        ] GC(1399) ParOldGen: 30736K(44032K)->30736K(44032K)
[2026-06-17T09:57:27.174+0800][34.690s][info][gc,metaspace   ] GC(1399) Metaspace: 152K(384K)->152K(384K) NonClass: 147K(256K)->147K(256K) Class: 4K(128K)->4K(128K)
[2026-06-17T09:57:27.174+0800][34.690s][info][gc             ] GC(1399) Pause Young (Allocation Failure) 40M->33M(57M) 5.408ms
[2026-06-17T09:57:27.175+0800][34.691s][info][gc,cpu         ] GC(1399) User=0.00s Sys=0.00s Real=0.01s
[2026-06-17T09:57:27.196+0800][34.713s][info][gc,start       ] GC(1400) Pause Young (Allocation Failure)
[2026-06-17T09:57:27.198+0800][34.714s][info][gc,heap        ] GC(1400) PSYoungGen: 11096K(14336K)->4149K(14336K) Eden: 7129K(7168K)->0K(7168K) From: 3966K(7168K)->4149K(7168K)
[2026-06-17T09:57:27.198+0800][34.714s][info][gc,heap        ] GC(1400) ParOldGen: 30736K(44032K)->30736K(44032K)
[2026-06-17T09:57:27.199+0800][34.715s][info][gc,metaspace   ] GC(1400) Metaspace: 152K(384K)->152K(384K) NonClass: 147K(256K)->147K(256K) Class: 4K(128K)->4K(128K)
[2026-06-17T09:57:27.199+0800][34.715s][info][gc             ] GC(1400) Pause Young (Allocation Failure) 40M->34M(57M) 2.532ms
[2026-06-17T09:57:27.199+0800][34.715s][info][gc,cpu         ] GC(1400) User=0.00s Sys=0.00s Real=0.00s
[2026-06-17T09:57:27.211+0800][34.727s][info][gc,start       ] GC(1401) Pause Young (Allocation Failure)
[2026-06-17T09:57:27.214+0800][34.730s][info][gc,heap        ] GC(1401) PSYoungGen: 11296K(14336K)->7122K(14336K) Eden: 7146K(7168K)->0K(7168K) From: 4149K(7168K)->7122K(7168K)
[2026-06-17T09:57:27.214+0800][34.730s][info][gc,heap        ] GC(1401) ParOldGen: 30736K(44032K)->31343K(44032K)
[2026-06-17T09:57:27.215+0800][34.731s][info][gc,metaspace   ] GC(1401) Metaspace: 152K(384K)->152K(384K) NonClass: 147K(256K)->147K(256K) Class: 4K(128K)->4K(128K)
[2026-06-17T09:57:27.216+0800][34.732s][info][gc             ] GC(1401) Pause Young (Allocation Failure) 41M->37M(57M) 4.345ms
[2026-06-17T09:57:27.216+0800][34.732s][info][gc,cpu         ] GC(1401) User=0.01s Sys=0.00s Real=0.00s
[2026-06-17T09:57:27.238+0800][34.754s][info][gc,start       ] GC(1402) Pause Young (Allocation Failure)
[2026-06-17T09:57:27.240+0800][34.756s][info][gc,heap        ] GC(1402) PSYoungGen: 14177K(14336K)->1989K(14336K) Eden: 7054K(7168K)->0K(7168K) From: 7122K(7168K)->1989K(7168K)
[2026-06-17T09:57:27.241+0800][34.757s][info][gc,heap        ] GC(1402) ParOldGen: 31343K(44032K)->33310K(44032K)
[2026-06-17T09:57:27.242+0800][34.758s][info][gc,metaspace   ] GC(1402) Metaspace: 152K(384K)->152K(384K) NonClass: 147K(256K)->147K(256K) Class: 4K(128K)->4K(128K)
[2026-06-17T09:57:27.242+0800][34.758s][info][gc             ] GC(1402) Pause Young (Allocation Failure) 44M->34M(57M) 3.745ms
[2026-06-17T09:57:27.243+0800][34.759s][info][gc,cpu         ] GC(1402) User=0.00s Sys=0.00s Real=0.01s
[2026-06-17T09:57:27.265+0800][34.781s][info][gc,start       ] GC(1403) Pause Young (Allocation Failure)
[2026-06-17T09:57:27.267+0800][34.783s][info][gc,heap        ] GC(1403) PSYoungGen: 9114K(14336K)->3567K(14336K) Eden: 7125K(7168K)->0K(7168K) From: 1989K(7168K)->3567K(7168K)
[2026-06-17T09:57:27.268+0800][34.784s][info][gc,heap        ] GC(1403) ParOldGen: 33310K(44032K)->35243K(44032K)
[2026-06-17T09:57:27.268+0800][34.784s][info][gc,metaspace   ] GC(1403) Metaspace: 152K(384K)->152K(384K) NonClass: 147K(256K)->147K(256K) Class: 4K(128K)->4K(128K)
[2026-06-17T09:57:27.269+0800][34.785s][info][gc             ] GC(1403) Pause Young (Allocation Failure) 41M->37M(57M) 3.840ms
[2026-06-17T09:57:27.269+0800][34.785s][info][gc,cpu         ] GC(1403) User=0.00s Sys=0.00s Real=0.00s
[2026-06-17T09:57:27.281+0800][34.797s][info][gc,start       ] GC(1404) Pause Young (Allocation Failure)
[2026-06-17T09:57:27.284+0800][34.800s][info][gc,heap        ] GC(1404) PSYoungGen: 10553K(14336K)->1310K(14336K) Eden: 6985K(7168K)->0K(7168K) From: 3567K(7168K)->1310K(7168K)
[2026-06-17T09:57:27.285+0800][34.801s][info][gc,heap        ] GC(1404) ParOldGen: 35243K(44032K)->37401K(44032K)
[2026-06-17T09:57:27.285+0800][34.801s][info][gc,metaspace   ] GC(1404) Metaspace: 152K(384K)->152K(384K) NonClass: 147K(256K)->147K(256K) Class: 4K(128K)->4K(128K)
[2026-06-17T09:57:27.287+0800][34.803s][info][gc             ] GC(1404) Pause Young (Allocation Failure) 44M->37M(57M) 6.232ms
[2026-06-17T09:57:27.288+0800][34.804s][info][gc,cpu         ] GC(1404) User=0.01s Sys=0.00s Real=0.01s
[2026-06-17T09:57:27.310+0800][34.826s][info][gc,start       ] GC(1405) Pause Young (Allocation Failure)
[2026-06-17T09:57:27.312+0800][34.828s][info][gc,heap        ] GC(1405) PSYoungGen: 8467K(14336K)->3443K(14336K) Eden: 7157K(7168K)->0K(7168K) From: 1310K(7168K)->3443K(7168K)
[2026-06-17T09:57:27.314+0800][34.830s][info][gc,heap        ] GC(1405) ParOldGen: 37401K(44032K)->38687K(44032K)
[2026-06-17T09:57:27.314+0800][34.830s][info][gc,metaspace   ] GC(1405) Metaspace: 152K(384K)->152K(384K) NonClass: 147K(256K)->147K(256K) Class: 4K(128K)->4K(128K)
[2026-06-17T09:57:27.315+0800][34.831s][info][gc             ] GC(1405) Pause Young (Allocation Failure) 44M->41M(57M) 4.482ms
[2026-06-17T09:57:27.319+0800][34.835s][info][gc,cpu         ] GC(1405) User=0.00s Sys=0.00s Real=0.01s
[2026-06-17T09:57:27.347+0800][34.863s][info][gc,start       ] GC(1406) Pause Young (Allocation Failure)
[2026-06-17T09:57:27.348+0800][34.864s][info][gc,heap        ] GC(1406) PSYoungGen: 10578K(14336K)->3916K(14336K) Eden: 7135K(7168K)->0K(7168K) From: 3443K(7168K)->3916K(7168K)
[2026-06-17T09:57:27.349+0800][34.865s][info][gc,heap        ] GC(1406) ParOldGen: 38687K(44032K)->38687K(44032K)
[2026-06-17T09:57:27.349+0800][34.865s][info][gc,metaspace   ] GC(1406) Metaspace: 152K(384K)->152K(384K) NonClass: 147K(256K)->147K(256K) Class: 4K(128K)->4K(128K)
[2026-06-17T09:57:27.350+0800][34.866s][info][gc             ] GC(1406) Pause Young (Allocation Failure) 48M->41M(57M) 2.819ms
[2026-06-17T09:57:27.350+0800][34.866s][info][gc,cpu         ] GC(1406) User=0.00s Sys=0.00s Real=0.00s
[2026-06-17T09:57:27.371+0800][34.887s][info][gc,start       ] GC(1407) Pause Young (Allocation Failure)
[2026-06-17T09:57:27.373+0800][34.889s][info][gc,heap        ] GC(1407) PSYoungGen: 11033K(14336K)->3750K(14848K) Eden: 7117K(7168K)->0K(7680K) From: 3916K(7168K)->3750K(7168K)
[2026-06-17T09:57:27.373+0800][34.889s][info][gc,heap        ] GC(1407) ParOldGen: 38687K(44032K)->38687K(44032K)
[2026-06-17T09:57:27.373+0800][34.889s][info][gc,metaspace   ] GC(1407) Metaspace: 152K(384K)->152K(384K) NonClass: 147K(256K)->147K(256K) Class: 4K(128K)->4K(128K)
[2026-06-17T09:57:27.374+0800][34.890s][info][gc             ] GC(1407) Pause Young (Allocation Failure) 48M->41M(57M) 2.351ms
[2026-06-17T09:57:27.374+0800][34.890s][info][gc,cpu         ] GC(1407) User=0.00s Sys=0.00s Real=0.00s
[2026-06-17T09:57:27.385+0800][34.901s][info][gc,start       ] GC(1408) Pause Young (Allocation Failure)
[2026-06-17T09:57:27.387+0800][34.903s][info][gc,heap        ] GC(1408) PSYoungGen: 11405K(14848K)->6566K(14336K) Eden: 7655K(7680K)->0K(7680K) From: 3750K(7168K)->6566K(6656K)
[2026-06-17T09:57:27.387+0800][34.903s][info][gc,heap        ] GC(1408) ParOldGen: 38687K(44032K)->39965K(44032K)
[2026-06-17T09:57:27.388+0800][34.904s][info][gc,metaspace   ] GC(1408) Metaspace: 152K(384K)->152K(384K) NonClass: 147K(256K)->147K(256K) Class: 4K(128K)->4K(128K)
[2026-06-17T09:57:27.388+0800][34.904s][info][gc             ] GC(1408) Pause Young (Allocation Failure) 48M->45M(57M) 2.659ms
[2026-06-17T09:57:27.388+0800][34.904s][info][gc,cpu         ] GC(1408) User=0.00s Sys=0.00s Real=0.00s
[2026-06-17T09:57:27.410+0800][34.926s][info][gc,start       ] GC(1409) Pause Young (Allocation Failure)
[2026-06-17T09:57:27.411+0800][34.927s][info][gc,heap        ] GC(1409) PSYoungGen: 14210K(14336K)->5349K(14336K) Eden: 7643K(7680K)->0K(7168K) From: 6566K(6656K)->5349K(7168K)
[2026-06-17T09:57:27.412+0800][34.928s][info][gc,heap        ] GC(1409) ParOldGen: 39965K(44032K)->42034K(44032K)
[2026-06-17T09:57:27.412+0800][34.928s][info][gc,metaspace   ] GC(1409) Metaspace: 152K(384K)->152K(384K) NonClass: 147K(256K)->147K(256K) Class: 4K(128K)->4K(128K)
[2026-06-17T09:57:27.413+0800][34.929s][info][gc             ] GC(1409) Pause Young (Allocation Failure) 52M->46M(57M) 2.921ms
[2026-06-17T09:57:27.413+0800][34.929s][info][gc,cpu         ] GC(1409) User=0.00s Sys=0.00s Real=0.01s
[2026-06-17T09:57:27.435+0800][34.951s][info][gc,start       ] GC(1410) Pause Full (Ergonomics)
[2026-06-17T09:57:27.435+0800][34.951s][info][gc,phases,start] GC(1410) Marking Phase
[2026-06-17T09:57:27.436+0800][34.952s][info][gc,phases      ] GC(1410) Marking Phase 1.028ms
[2026-06-17T09:57:27.437+0800][34.953s][info][gc,phases,start] GC(1410) Summary Phase
[2026-06-17T09:57:27.437+0800][34.953s][info][gc,phases      ] GC(1410) Summary Phase 0.395ms
[2026-06-17T09:57:27.437+0800][34.953s][info][gc,phases,start] GC(1410) Adjust Roots
[2026-06-17T09:57:27.438+0800][34.954s][info][gc,phases      ] GC(1410) Adjust Roots 0.539ms
[2026-06-17T09:57:27.438+0800][34.954s][info][gc,phases,start] GC(1410) Compaction Phase
[2026-06-17T09:57:27.440+0800][34.956s][info][gc,phases      ] GC(1410) Compaction Phase 1.610ms
[2026-06-17T09:57:27.440+0800][34.956s][info][gc,phases,start] GC(1410) Post Compact
[2026-06-17T09:57:27.441+0800][34.957s][info][gc,phases      ] GC(1410) Post Compact 0.630ms
[2026-06-17T09:57:27.441+0800][34.957s][info][gc,heap        ] GC(1410) PSYoungGen: 12502K(14336K)->0K(14336K) Eden: 7153K(7168K)->0K(7168K) From: 5349K(7168K)->0K(7168K)
[2026-06-17T09:57:27.442+0800][34.958s][info][gc,heap        ] GC(1410) ParOldGen: 42034K(44032K)->27611K(44032K)
[2026-06-17T09:57:27.442+0800][34.958s][info][gc,metaspace   ] GC(1410) Metaspace: 152K(384K)->152K(384K) NonClass: 147K(256K)->147K(256K) Class: 4K(128K)->4K(128K)
[2026-06-17T09:57:27.443+0800][34.959s][info][gc             ] GC(1410) Pause Full (Ergonomics) 53M->26M(57M) 8.004ms
[2026-06-17T09:57:27.443+0800][34.959s][info][gc,cpu         ] GC(1410) User=0.01s Sys=0.00s Real=0.01s
[2026-06-17T09:57:27.455+0800][34.971s][info][gc,start       ] GC(1411) Pause Young (Allocation Failure)
[2026-06-17T09:57:27.456+0800][34.972s][info][gc,heap        ] GC(1411) PSYoungGen: 7100K(14336K)->3815K(14336K) Eden: 7100K(7168K)->0K(7168K) From: 0K(7168K)->3815K(7168K)
[2026-06-17T09:57:27.456+0800][34.972s][info][gc,heap        ] GC(1411) ParOldGen: 27611K(44032K)->27611K(44032K)
[2026-06-17T09:57:27.456+0800][34.972s][info][gc,metaspace   ] GC(1411) Metaspace: 152K(384K)->152K(384K) NonClass: 147K(256K)->147K(256K) Class: 4K(128K)->4K(128K)
[2026-06-17T09:57:27.457+0800][34.973s][info][gc             ] GC(1411) Pause Young (Allocation Failure) 33M->30M(57M) 2.085ms
[2026-06-17T09:57:27.457+0800][34.973s][info][gc,cpu         ] GC(1411) User=0.00s Sys=0.00s Real=0.00s
[2026-06-17T09:57:27.478+0800][34.994s][info][gc,start       ] GC(1412) Pause Young (Allocation Failure)
[2026-06-17T09:57:27.479+0800][34.995s][info][gc,heap        ] GC(1412) PSYoungGen: 10974K(14336K)->3597K(14336K) Eden: 7159K(7168K)->0K(7168K) From: 3815K(7168K)->3597K(7168K)
[2026-06-17T09:57:27.480+0800][34.996s][info][gc,heap        ] GC(1412) ParOldGen: 27611K(44032K)->31334K(44032K)
[2026-06-17T09:57:27.480+0800][34.996s][info][gc,metaspace   ] GC(1412) Metaspace: 152K(384K)->152K(384K) NonClass: 147K(256K)->147K(256K) Class: 4K(128K)->4K(128K)
[2026-06-17T09:57:27.480+0800][34.996s][info][gc             ] GC(1412) Pause Young (Allocation Failure) 37M->34M(57M) 2.132ms
[2026-06-17T09:57:27.481+0800][34.997s][info][gc,cpu         ] GC(1412) User=0.00s Sys=0.00s Real=0.00s
[2026-06-17T09:57:27.502+0800][35.018s][info][gc,start       ] GC(1413) Pause Young (Allocation Failure)
[2026-06-17T09:57:27.503+0800][35.019s][info][gc,heap        ] GC(1413) PSYoungGen: 10722K(14336K)->3439K(14336K) Eden: 7125K(7168K)->0K(7168K) From: 3597K(7168K)->3439K(7168K)
[2026-06-17T09:57:27.503+0800][35.019s][info][gc,heap        ] GC(1413) ParOldGen: 31334K(44032K)->31334K(44032K)
[2026-06-17T09:57:27.504+0800][35.020s][info][gc,metaspace   ] GC(1413) Metaspace: 152K(384K)->152K(384K) NonClass: 147K(256K)->147K(256K) Class: 4K(128K)->4K(128K)
[2026-06-17T09:57:27.504+0800][35.020s][info][gc             ] GC(1413) Pause Young (Allocation Failure) 41M->33M(57M) 1.880ms
[2026-06-17T09:57:27.504+0800][35.020s][info][gc,cpu         ] GC(1413) User=0.00s Sys=0.00s Real=0.01s
[2026-06-17T09:57:27.526+0800][35.042s][info][gc,start       ] GC(1414) Pause Young (Allocation Failure)
[2026-06-17T09:57:27.527+0800][35.043s][info][gc,heap        ] GC(1414) PSYoungGen: 10555K(14336K)->3257K(14336K) Eden: 7115K(7168K)->0K(7168K) From: 3439K(7168K)->3257K(7168K)
[2026-06-17T09:57:27.527+0800][35.043s][info][gc,heap        ] GC(1414) ParOldGen: 31334K(44032K)->31334K(44032K)
[2026-06-17T09:57:27.527+0800][35.043s][info][gc,metaspace   ] GC(1414) Metaspace: 152K(384K)->152K(384K) NonClass: 147K(256K)->147K(256K) Class: 4K(128K)->4K(128K)
[2026-06-17T09:57:27.528+0800][35.044s][info][gc             ] GC(1414) Pause Young (Allocation Failure) 40M->33M(57M) 2.116ms
[2026-06-17T09:57:27.528+0800][35.044s][info][gc,cpu         ] GC(1414) User=0.00s Sys=0.00s Real=0.00s
[2026-06-17T09:57:27.539+0800][35.055s][info][gc,start       ] GC(1415) Pause Young (Allocation Failure)
[2026-06-17T09:57:27.540+0800][35.056s][info][gc,heap        ] GC(1415) PSYoungGen: 10406K(14336K)->6574K(13824K) Eden: 7149K(7168K)->0K(7168K) From: 3257K(7168K)->6574K(6656K)
[2026-06-17T09:57:27.541+0800][35.057s][info][gc,heap        ] GC(1415) ParOldGen: 31334K(44032K)->31591K(44032K)
[2026-06-17T09:57:27.541+0800][35.057s][info][gc,metaspace   ] GC(1415) Metaspace: 152K(384K)->152K(384K) NonClass: 147K(256K)->147K(256K) Class: 4K(128K)->4K(128K)
[2026-06-17T09:57:27.541+0800][35.057s][info][gc             ] GC(1415) Pause Young (Allocation Failure) 40M->37M(56M) 2.102ms
[2026-06-17T09:57:27.541+0800][35.057s][info][gc,cpu         ] GC(1415) User=0.00s Sys=0.00s Real=0.00s
[2026-06-17T09:57:27.563+0800][35.079s][info][gc,start       ] GC(1416) Pause Young (Allocation Failure)
[2026-06-17T09:57:27.564+0800][35.080s][info][gc,heap        ] GC(1416) PSYoungGen: 13717K(13824K)->4043K(14336K) Eden: 7143K(7168K)->0K(7168K) From: 6574K(6656K)->4043K(7168K)
[2026-06-17T09:57:27.564+0800][35.080s][info][gc,heap        ] GC(1416) ParOldGen: 31591K(44032K)->34081K(44032K)
[2026-06-17T09:57:27.565+0800][35.081s][info][gc,metaspace   ] GC(1416) Metaspace: 152K(384K)->152K(384K) NonClass: 147K(256K)->147K(256K) Class: 4K(128K)->4K(128K)
[2026-06-17T09:57:27.565+0800][35.081s][info][gc             ] GC(1416) Pause Young (Allocation Failure) 44M->37M(57M) 2.393ms
[2026-06-17T09:57:27.566+0800][35.082s][info][gc,cpu         ] GC(1416) User=0.00s Sys=0.00s Real=0.00s
[2026-06-17T09:57:27.577+0800][35.093s][info][gc,start       ] GC(1417) Pause Young (Allocation Failure)
[2026-06-17T09:57:27.578+0800][35.094s][info][gc,heap        ] GC(1417) PSYoungGen: 11197K(14336K)->7038K(14336K) Eden: 7153K(7168K)->0K(7168K) From: 4043K(7168K)->7038K(7168K)
[2026-06-17T09:57:27.579+0800][35.095s][info][gc,heap        ] GC(1417) ParOldGen: 34081K(44032K)->34834K(44032K)
[2026-06-17T09:57:27.579+0800][35.095s][info][gc,metaspace   ] GC(1417) Metaspace: 152K(384K)->152K(384K) NonClass: 147K(256K)->147K(256K) Class: 4K(128K)->4K(128K)
[2026-06-17T09:57:27.580+0800][35.096s][info][gc             ] GC(1417) Pause Young (Allocation Failure) 44M->40M(57M) 2.875ms
[2026-06-17T09:57:27.580+0800][35.096s][info][gc,cpu         ] GC(1417) User=0.00s Sys=0.00s Real=0.00s
[2026-06-17T09:57:27.602+0800][35.118s][info][gc,start       ] GC(1418) Pause Young (Allocation Failure)
[2026-06-17T09:57:27.603+0800][35.119s][info][gc,heap        ] GC(1418) PSYoungGen: 14193K(14336K)->5644K(14336K) Eden: 7155K(7168K)->0K(7168K) From: 7038K(7168K)->5644K(7168K)
[2026-06-17T09:57:27.604+0800][35.120s][info][gc,heap        ] GC(1418) ParOldGen: 34834K(44032K)->36221K(44032K)
[2026-06-17T09:57:27.604+0800][35.120s][info][gc,metaspace   ] GC(1418) Metaspace: 152K(384K)->152K(384K) NonClass: 147K(256K)->147K(256K) Class: 4K(128K)->4K(128K)
[2026-06-17T09:57:27.604+0800][35.120s][info][gc             ] GC(1418) Pause Young (Allocation Failure) 47M->40M(57M) 2.487ms
[2026-06-17T09:57:27.605+0800][35.121s][info][gc,cpu         ] GC(1418) User=0.00s Sys=0.00s Real=0.01s
[2026-06-17T09:57:27.626+0800][35.142s][info][gc,start       ] GC(1419) Pause Young (Allocation Failure)
[2026-06-17T09:57:27.627+0800][35.143s][info][gc,heap        ] GC(1419) PSYoungGen: 12799K(14336K)->3108K(14336K) Eden: 7155K(7168K)->0K(7168K) From: 5644K(7168K)->3108K(7168K)
[2026-06-17T09:57:27.628+0800][35.144s][info][gc,heap        ] GC(1419) ParOldGen: 36221K(44032K)->38703K(44032K)
[2026-06-17T09:57:27.628+0800][35.144s][info][gc,metaspace   ] GC(1419) Metaspace: 152K(384K)->152K(384K) NonClass: 147K(256K)->147K(256K) Class: 4K(128K)->4K(128K)
[2026-06-17T09:57:27.629+0800][35.145s][info][gc             ] GC(1419) Pause Young (Allocation Failure) 47M->40M(57M) 2.609ms
[2026-06-17T09:57:27.629+0800][35.145s][info][gc,cpu         ] GC(1419) User=0.01s Sys=0.00s Real=0.00s
[2026-06-17T09:57:27.640+0800][35.156s][info][gc,start       ] GC(1420) Pause Young (Allocation Failure)
[2026-06-17T09:57:27.642+0800][35.158s][info][gc,heap        ] GC(1420) PSYoungGen: 10242K(14336K)->1136K(14336K) Eden: 7133K(7168K)->0K(7168K) From: 3108K(7168K)->1136K(7168K)
[2026-06-17T09:57:27.642+0800][35.158s][info][gc,heap        ] GC(1420) ParOldGen: 38703K(44032K)->40722K(44032K)
[2026-06-17T09:57:27.642+0800][35.158s][info][gc,metaspace   ] GC(1420) Metaspace: 152K(384K)->152K(384K) NonClass: 147K(256K)->147K(256K) Class: 4K(128K)->4K(128K)
[2026-06-17T09:57:27.643+0800][35.159s][info][gc             ] GC(1420) Pause Young (Allocation Failure) 47M->40M(57M) 2.154ms
[2026-06-17T09:57:27.643+0800][35.159s][info][gc,cpu         ] GC(1420) User=0.00s Sys=0.00s Real=0.01s
[2026-06-17T09:57:27.664+0800][35.180s][info][gc,start       ] GC(1421) Pause Full (Ergonomics)
[2026-06-17T09:57:27.665+0800][35.181s][info][gc,phases,start] GC(1421) Marking Phase
[2026-06-17T09:57:27.666+0800][35.182s][info][gc,phases      ] GC(1421) Marking Phase 1.287ms
[2026-06-17T09:57:27.666+0800][35.182s][info][gc,phases,start] GC(1421) Summary Phase
[2026-06-17T09:57:27.667+0800][35.183s][info][gc,phases      ] GC(1421) Summary Phase 0.493ms
[2026-06-17T09:57:27.667+0800][35.183s][info][gc,phases,start] GC(1421) Adjust Roots
[2026-06-17T09:57:27.668+0800][35.184s][info][gc,phases      ] GC(1421) Adjust Roots 0.408ms
[2026-06-17T09:57:27.668+0800][35.184s][info][gc,phases,start] GC(1421) Compaction Phase
[2026-06-17T09:57:27.670+0800][35.186s][info][gc,phases      ] GC(1421) Compaction Phase 2.034ms
[2026-06-17T09:57:27.670+0800][35.186s][info][gc,phases,start] GC(1421) Post Compact
[2026-06-17T09:57:27.671+0800][35.187s][info][gc,phases      ] GC(1421) Post Compact 0.378ms
[2026-06-17T09:57:27.671+0800][35.187s][info][gc,heap        ] GC(1421) PSYoungGen: 8269K(14336K)->0K(14336K) Eden: 7132K(7168K)->0K(7168K) From: 1136K(7168K)->0K(7168K)
[2026-06-17T09:57:27.671+0800][35.187s][info][gc,heap        ] GC(1421) ParOldGen: 40722K(44032K)->26264K(44032K)
[2026-06-17T09:57:27.672+0800][35.188s][info][gc,metaspace   ] GC(1421) Metaspace: 152K(384K)->152K(384K) NonClass: 147K(256K)->147K(256K) Class: 4K(128K)->4K(128K)
[2026-06-17T09:57:27.673+0800][35.189s][info][gc             ] GC(1421) Pause Full (Ergonomics) 47M->25M(57M) 8.358ms
[2026-06-17T09:57:27.673+0800][35.189s][info][gc,cpu         ] GC(1421) User=0.00s Sys=0.00s Real=0.01s
[2026-06-17T09:57:27.694+0800][35.210s][info][gc,start       ] GC(1422) Pause Young (Allocation Failure)
[2026-06-17T09:57:27.695+0800][35.211s][info][gc,heap        ] GC(1422) PSYoungGen: 7168K(14336K)->3525K(14336K) Eden: 7168K(7168K)->0K(7168K) From: 0K(7168K)->3525K(7168K)
[2026-06-17T09:57:27.696+0800][35.212s][info][gc,heap        ] GC(1422) ParOldGen: 26264K(44032K)->26264K(44032K)
[2026-06-17T09:57:27.697+0800][35.213s][info][gc,metaspace   ] GC(1422) Metaspace: 152K(384K)->152K(384K) NonClass: 147K(256K)->147K(256K) Class: 4K(128K)->4K(128K)
[2026-06-17T09:57:27.697+0800][35.213s][info][gc             ] GC(1422) Pause Young (Allocation Failure) 32M->29M(57M) 2.560ms
[2026-06-17T09:57:27.697+0800][35.213s][info][gc,cpu         ] GC(1422) User=0.01s Sys=0.00s Real=0.00s
[2026-06-17T09:57:27.718+0800][35.234s][info][gc,start       ] GC(1423) Pause Young (Allocation Failure)
[2026-06-17T09:57:27.719+0800][35.235s][info][gc,heap        ] GC(1423) PSYoungGen: 10651K(14336K)->955K(14336K) Eden: 7125K(7168K)->0K(7168K) From: 3525K(7168K)->955K(7168K)
[2026-06-17T09:57:27.720+0800][35.236s][info][gc,heap        ] GC(1423) ParOldGen: 26264K(44032K)->29217K(44032K)
[2026-06-17T09:57:27.720+0800][35.236s][info][gc,metaspace   ] GC(1423) Metaspace: 152K(384K)->152K(384K) NonClass: 147K(256K)->147K(256K) Class: 4K(128K)->4K(128K)
[2026-06-17T09:57:27.720+0800][35.236s][info][gc             ] GC(1423) Pause Young (Allocation Failure) 36M->29M(57M) 2.088ms
[2026-06-17T09:57:27.721+0800][35.237s][info][gc,cpu         ] GC(1423) User=0.00s Sys=0.00s Real=0.00s
[2026-06-17T09:57:27.732+0800][35.248s][info][gc,start       ] GC(1424) Pause Young (Allocation Failure)
[2026-06-17T09:57:27.733+0800][35.249s][info][gc,heap        ] GC(1424) PSYoungGen: 8101K(14336K)->4573K(14336K) Eden: 7146K(7168K)->0K(7168K) From: 955K(7168K)->4573K(7168K)
[2026-06-17T09:57:27.733+0800][35.249s][info][gc,heap        ] GC(1424) ParOldGen: 29217K(44032K)->29217K(44032K)
[2026-06-17T09:57:27.733+0800][35.249s][info][gc,metaspace   ] GC(1424) Metaspace: 152K(384K)->152K(384K) NonClass: 147K(256K)->147K(256K) Class: 4K(128K)->4K(128K)
[2026-06-17T09:57:27.734+0800][35.250s][info][gc             ] GC(1424) Pause Young (Allocation Failure) 36M->32M(57M) 1.859ms
[2026-06-17T09:57:27.734+0800][35.250s][info][gc,cpu         ] GC(1424) User=0.00s Sys=0.00s Real=0.00s
[2026-06-17T09:57:27.755+0800][35.271s][info][gc,start       ] GC(1425) Pause Young (Allocation Failure)
[2026-06-17T09:57:27.757+0800][35.273s][info][gc,heap        ] GC(1425) PSYoungGen: 11734K(14336K)->2862K(14336K) Eden: 7161K(7168K)->0K(7168K) From: 4573K(7168K)->2862K(7168K)
[2026-06-17T09:57:27.757+0800][35.273s][info][gc,heap        ] GC(1425) ParOldGen: 29217K(44032K)->31195K(44032K)
[2026-06-17T09:57:27.757+0800][35.274s][info][gc,metaspace   ] GC(1425) Metaspace: 152K(384K)->152K(384K) NonClass: 147K(256K)->147K(256K) Class: 4K(128K)->4K(128K)
[2026-06-17T09:57:27.758+0800][35.274s][info][gc             ] GC(1425) Pause Young (Allocation Failure) 39M->33M(57M) 2.427ms
[2026-06-17T09:57:27.758+0800][35.274s][info][gc,cpu         ] GC(1425) User=0.00s Sys=0.00s Real=0.00s
[2026-06-17T09:57:27.780+0800][35.296s][info][gc,start       ] GC(1426) Pause Young (Allocation Failure)
[2026-06-17T09:57:27.781+0800][35.297s][info][gc,heap        ] GC(1426) PSYoungGen: 10029K(14336K)->2920K(14336K) Eden: 7167K(7168K)->0K(7168K) From: 2862K(7168K)->2920K(7168K)
[2026-06-17T09:57:27.781+0800][35.297s][info][gc,heap        ] GC(1426) ParOldGen: 31195K(44032K)->31195K(44032K)
[2026-06-17T09:57:27.781+0800][35.297s][info][gc,metaspace   ] GC(1426) Metaspace: 152K(384K)->152K(384K) NonClass: 147K(256K)->147K(256K) Class: 4K(128K)->4K(128K)
[2026-06-17T09:57:27.782+0800][35.298s][info][gc             ] GC(1426) Pause Young (Allocation Failure) 40M->33M(57M) 1.987ms
[2026-06-17T09:57:27.782+0800][35.298s][info][gc,cpu         ] GC(1426) User=0.00s Sys=0.00s Real=0.00s
[2026-06-17T09:57:27.793+0800][35.309s][info][gc,start       ] GC(1427) Pause Young (Allocation Failure)
[2026-06-17T09:57:27.794+0800][35.310s][info][gc,heap        ] GC(1427) PSYoungGen: 10083K(14336K)->4662K(14336K) Eden: 7162K(7168K)->0K(7168K) From: 2920K(7168K)->4662K(7168K)
[2026-06-17T09:57:27.795+0800][35.311s][info][gc,heap        ] GC(1427) ParOldGen: 31195K(44032K)->33004K(44032K)
[2026-06-17T09:57:27.795+0800][35.311s][info][gc,metaspace   ] GC(1427) Metaspace: 152K(384K)->152K(384K) NonClass: 147K(256K)->147K(256K) Class: 4K(128K)->4K(128K)
[2026-06-17T09:57:27.796+0800][35.312s][info][gc             ] GC(1427) Pause Young (Allocation Failure) 40M->36M(57M) 2.844ms
[2026-06-17T09:57:27.796+0800][35.312s][info][gc,cpu         ] GC(1427) User=0.00s Sys=0.00s Real=0.00s
[2026-06-17T09:57:27.817+0800][35.334s][info][gc,start       ] GC(1428) Pause Young (Allocation Failure)
[2026-06-17T09:57:27.818+0800][35.334s][info][gc,heap        ] GC(1428) PSYoungGen: 11812K(14336K)->3386K(14336K) Eden: 7149K(7168K)->0K(7168K) From: 4662K(7168K)->3386K(7168K)
[2026-06-17T09:57:27.819+0800][35.335s][info][gc,heap        ] GC(1428) ParOldGen: 33004K(44032K)->34337K(44032K)
[2026-06-17T09:57:27.819+0800][35.335s][info][gc,metaspace   ] GC(1428) Metaspace: 152K(384K)->152K(384K) NonClass: 147K(256K)->147K(256K) Class: 4K(128K)->4K(128K)
[2026-06-17T09:57:27.819+0800][35.335s][info][gc             ] GC(1428) Pause Young (Allocation Failure) 43M->36M(57M) 1.625ms
[2026-06-17T09:57:27.819+0800][35.335s][info][gc,cpu         ] GC(1428) User=0.01s Sys=0.00s Real=0.00s
[2026-06-17T09:57:27.840+0800][35.356s][info][gc,start       ] GC(1429) Pause Young (Allocation Failure)
[2026-06-17T09:57:27.841+0800][35.357s][info][gc,heap        ] GC(1429) PSYoungGen: 10554K(14336K)->3640K(14848K) Eden: 7168K(7168K)->0K(7680K) From: 3386K(7168K)->3640K(7168K)
[2026-06-17T09:57:27.842+0800][35.358s][info][gc,heap        ] GC(1429) ParOldGen: 34337K(44032K)->34337K(44032K)
[2026-06-17T09:57:27.842+0800][35.358s][info][gc,metaspace   ] GC(1429) Metaspace: 152K(384K)->152K(384K) NonClass: 147K(256K)->147K(256K) Class: 4K(128K)->4K(128K)
[2026-06-17T09:57:27.842+0800][35.358s][info][gc             ] GC(1429) Pause Young (Allocation Failure) 43M->37M(57M) 1.380ms
[2026-06-17T09:57:27.842+0800][35.358s][info][gc,cpu         ] GC(1429) User=0.00s Sys=0.00s Real=0.00s
[2026-06-17T09:57:27.863+0800][35.379s][info][gc,start       ] GC(1430) Pause Young (Allocation Failure)
[2026-06-17T09:57:27.864+0800][35.380s][info][gc,heap        ] GC(1430) PSYoungGen: 11313K(14848K)->4278K(14336K) Eden: 7673K(7680K)->0K(7680K) From: 3640K(7168K)->4278K(6656K)
[2026-06-17T09:57:27.864+0800][35.380s][info][gc,heap        ] GC(1430) ParOldGen: 34337K(44032K)->34337K(44032K)
[2026-06-17T09:57:27.864+0800][35.380s][info][gc,metaspace   ] GC(1430) Metaspace: 152K(384K)->152K(384K) NonClass: 147K(256K)->147K(256K) Class: 4K(128K)->4K(128K)
[2026-06-17T09:57:27.865+0800][35.381s][info][gc             ] GC(1430) Pause Young (Allocation Failure) 44M->37M(57M) 1.328ms
[2026-06-17T09:57:27.865+0800][35.381s][info][gc,cpu         ] GC(1430) User=0.00s Sys=0.00s Real=0.00s
[2026-06-17T09:57:27.876+0800][35.392s][info][gc,start       ] GC(1431) Pause Young (Allocation Failure)
[2026-06-17T09:57:27.878+0800][35.394s][info][gc,heap        ] GC(1431) PSYoungGen: 11914K(14336K)->6594K(13824K) Eden: 7636K(7680K)->0K(7168K) From: 4278K(6656K)->6594K(6656K)
[2026-06-17T09:57:27.878+0800][35.394s][info][gc,heap        ] GC(1431) ParOldGen: 34337K(44032K)->36319K(44032K)
[2026-06-17T09:57:27.878+0800][35.394s][info][gc,metaspace   ] GC(1431) Metaspace: 152K(384K)->152K(384K) NonClass: 147K(256K)->147K(256K) Class: 4K(128K)->4K(128K)
[2026-06-17T09:57:27.879+0800][35.395s][info][gc             ] GC(1431) Pause Young (Allocation Failure) 45M->41M(56M) 2.888ms
[2026-06-17T09:57:27.879+0800][35.395s][info][gc,cpu         ] GC(1431) User=0.00s Sys=0.00s Real=0.00s
[2026-06-17T09:57:27.901+0800][35.417s][info][gc,start       ] GC(1432) Pause Young (Allocation Failure)
[2026-06-17T09:57:27.902+0800][35.418s][info][gc,heap        ] GC(1432) PSYoungGen: 13744K(13824K)->3683K(14336K) Eden: 7150K(7168K)->0K(7168K) From: 6594K(6656K)->3683K(7168K)
[2026-06-17T09:57:27.902+0800][35.418s][info][gc,heap        ] GC(1432) ParOldGen: 36319K(44032K)->39366K(44032K)
[2026-06-17T09:57:27.903+0800][35.419s][info][gc,metaspace   ] GC(1432) Metaspace: 152K(384K)->152K(384K) NonClass: 147K(256K)->147K(256K) Class: 4K(128K)->4K(128K)
[2026-06-17T09:57:27.903+0800][35.419s][info][gc             ] GC(1432) Pause Young (Allocation Failure) 48M->42M(57M) 2.940ms
[2026-06-17T09:57:27.904+0800][35.420s][info][gc,cpu         ] GC(1432) User=0.00s Sys=0.00s Real=0.01s
[2026-06-17T09:57:27.925+0800][35.441s][info][gc,start       ] GC(1433) Pause Young (Allocation Failure)
[2026-06-17T09:57:27.926+0800][35.442s][info][gc,heap        ] GC(1433) PSYoungGen: 10828K(14336K)->3779K(14336K) Eden: 7145K(7168K)->0K(7168K) From: 3683K(7168K)->3779K(7168K)
[2026-06-17T09:57:27.927+0800][35.443s][info][gc,heap        ] GC(1433) ParOldGen: 39366K(44032K)->39366K(44032K)
[2026-06-17T09:57:27.927+0800][35.443s][info][gc,metaspace   ] GC(1433) Metaspace: 152K(384K)->152K(384K) NonClass: 147K(256K)->147K(256K) Class: 4K(128K)->4K(128K)
[2026-06-17T09:57:27.928+0800][35.444s][info][gc             ] GC(1433) Pause Young (Allocation Failure) 49M->42M(57M) 2.486ms
[2026-06-17T09:57:27.928+0800][35.444s][info][gc,cpu         ] GC(1433) User=0.01s Sys=0.00s Real=0.00s
[2026-06-17T09:57:27.939+0800][35.455s][info][gc,start       ] GC(1434) Pause Young (Allocation Failure)
[2026-06-17T09:57:27.940+0800][35.456s][info][gc,heap        ] GC(1434) PSYoungGen: 10947K(14336K)->3823K(14336K) Eden: 7168K(7168K)->0K(7168K) From: 3779K(7168K)->3823K(7168K)
[2026-06-17T09:57:27.941+0800][35.457s][info][gc,heap        ] GC(1434) ParOldGen: 39366K(44032K)->39366K(44032K)
[2026-06-17T09:57:27.941+0800][35.457s][info][gc,metaspace   ] GC(1434) Metaspace: 152K(384K)->152K(384K) NonClass: 147K(256K)->147K(256K) Class: 4K(128K)->4K(128K)
[2026-06-17T09:57:27.941+0800][35.458s][info][gc             ] GC(1434) Pause Young (Allocation Failure) 49M->42M(57M) 2.206ms
[2026-06-17T09:57:27.942+0800][35.458s][info][gc,cpu         ] GC(1434) User=0.00s Sys=0.01s Real=0.00s
[2026-06-17T09:57:27.973+0800][35.490s][info][gc,start       ] GC(1435) Pause Young (Allocation Failure)
[2026-06-17T09:57:27.975+0800][35.491s][info][gc,heap        ] GC(1435) PSYoungGen: 10991K(14336K)->4405K(14848K) Eden: 7168K(7168K)->0K(8192K) From: 3823K(7168K)->4405K(6656K)
[2026-06-17T09:57:27.976+0800][35.492s][info][gc,heap        ] GC(1435) ParOldGen: 39366K(44032K)->39366K(44032K)
[2026-06-17T09:57:27.976+0800][35.492s][info][gc,metaspace   ] GC(1435) Metaspace: 152K(384K)->152K(384K) NonClass: 147K(256K)->147K(256K) Class: 4K(128K)->4K(128K)
[2026-06-17T09:57:27.977+0800][35.493s][info][gc             ] GC(1435) Pause Young (Allocation Failure) 49M->42M(57M) 3.435ms
[2026-06-17T09:57:27.977+0800][35.493s][info][gc,cpu         ] GC(1435) User=0.00s Sys=0.00s Real=0.00s
[2026-06-17T09:57:27.989+0800][35.505s][info][gc,start       ] GC(1436) Pause Young (Allocation Failure)
[2026-06-17T09:57:27.990+0800][35.506s][info][gc,heap        ] GC(1436) PSYoungGen: 12595K(14848K)->6590K(14848K) Eden: 8190K(8192K)->0K(8192K) From: 4405K(6656K)->6590K(6656K)
[2026-06-17T09:57:27.991+0800][35.507s][info][gc,heap        ] GC(1436) ParOldGen: 39366K(44032K)->41935K(44032K)
[2026-06-17T09:57:27.991+0800][35.507s][info][gc,metaspace   ] GC(1436) Metaspace: 152K(384K)->152K(384K) NonClass: 147K(256K)->147K(256K) Class: 4K(128K)->4K(128K)
[2026-06-17T09:57:27.991+0800][35.507s][info][gc             ] GC(1436) Pause Young (Allocation Failure) 50M->47M(57M) 2.225ms
[2026-06-17T09:57:27.991+0800][35.507s][info][gc,cpu         ] GC(1436) User=0.00s Sys=0.00s Real=0.01s
[2026-06-17T09:57:28.013+0800][35.529s][info][gc,start       ] GC(1437) Pause Full (Ergonomics)
[2026-06-17T09:57:28.013+0800][35.529s][info][gc,phases,start] GC(1437) Marking Phase
[2026-06-17T09:57:28.014+0800][35.530s][info][gc,phases      ] GC(1437) Marking Phase 0.984ms
[2026-06-17T09:57:28.015+0800][35.531s][info][gc,phases,start] GC(1437) Summary Phase
[2026-06-17T09:57:28.015+0800][35.531s][info][gc,phases      ] GC(1437) Summary Phase 0.430ms
[2026-06-17T09:57:28.016+0800][35.532s][info][gc,phases,start] GC(1437) Adjust Roots
[2026-06-17T09:57:28.016+0800][35.532s][info][gc,phases      ] GC(1437) Adjust Roots 0.679ms
[2026-06-17T09:57:28.017+0800][35.533s][info][gc,phases,start] GC(1437) Compaction Phase
[2026-06-17T09:57:28.019+0800][35.535s][info][gc,phases      ] GC(1437) Compaction Phase 2.042ms
[2026-06-17T09:57:28.019+0800][35.535s][info][gc,phases,start] GC(1437) Post Compact
[2026-06-17T09:57:28.020+0800][35.536s][info][gc,phases      ] GC(1437) Post Compact 0.531ms
[2026-06-17T09:57:28.020+0800][35.536s][info][gc,heap        ] GC(1437) PSYoungGen: 14769K(14848K)->0K(13824K) Eden: 8179K(8192K)->0K(7168K) From: 6590K(6656K)->0K(6656K)
[2026-06-17T09:57:28.020+0800][35.536s][info][gc,heap        ] GC(1437) ParOldGen: 41935K(44032K)->25971K(44032K)
[2026-06-17T09:57:28.021+0800][35.537s][info][gc,metaspace   ] GC(1437) Metaspace: 152K(384K)->152K(384K) NonClass: 147K(256K)->147K(256K) Class: 4K(128K)->4K(128K)
[2026-06-17T09:57:28.021+0800][35.537s][info][gc             ] GC(1437) Pause Full (Ergonomics) 55M->25M(56M) 8.719ms
[2026-06-17T09:57:28.022+0800][35.538s][info][gc,cpu         ] GC(1437) User=0.01s Sys=0.00s Real=0.00s
[2026-06-17T09:57:28.043+0800][35.559s][info][gc,start       ] GC(1438) Pause Young (Allocation Failure)
[2026-06-17T09:57:28.045+0800][35.561s][info][gc,heap        ] GC(1438) PSYoungGen: 7166K(13824K)->3822K(14336K) Eden: 7166K(7168K)->0K(7168K) From: 0K(6656K)->3822K(7168K)
[2026-06-17T09:57:28.045+0800][35.561s][info][gc,heap        ] GC(1438) ParOldGen: 25971K(44032K)->25971K(44032K)
[2026-06-17T09:57:28.046+0800][35.562s][info][gc,metaspace   ] GC(1438) Metaspace: 152K(384K)->152K(384K) NonClass: 147K(256K)->147K(256K) Class: 4K(128K)->4K(128K)
[2026-06-17T09:57:28.047+0800][35.563s][info][gc             ] GC(1438) Pause Young (Allocation Failure) 32M->29M(57M) 3.507ms
[2026-06-17T09:57:28.047+0800][35.563s][info][gc,cpu         ] GC(1438) User=0.00s Sys=0.00s Real=0.00s
[2026-06-17T09:57:28.070+0800][35.586s][info][gc,start       ] GC(1439) Pause Young (Allocation Failure)
[2026-06-17T09:57:28.072+0800][35.588s][info][gc,heap        ] GC(1439) PSYoungGen: 10956K(14336K)->3989K(14336K) Eden: 7133K(7168K)->0K(7168K) From: 3822K(7168K)->3989K(7168K)
[2026-06-17T09:57:28.073+0800][35.589s][info][gc,heap        ] GC(1439) ParOldGen: 25971K(44032K)->25971K(44032K)
[2026-06-17T09:57:28.073+0800][35.589s][info][gc,metaspace   ] GC(1439) Metaspace: 152K(384K)->152K(384K) NonClass: 147K(256K)->147K(256K) Class: 4K(128K)->4K(128K)
[2026-06-17T09:57:28.074+0800][35.590s][info][gc             ] GC(1439) Pause Young (Allocation Failure) 36M->29M(57M) 4.140ms
[2026-06-17T09:57:28.074+0800][35.590s][info][gc,cpu         ] GC(1439) User=0.00s Sys=0.00s Real=0.01s
[2026-06-17T09:57:28.099+0800][35.615s][info][gc,start       ] GC(1440) Pause Young (Allocation Failure)
[2026-06-17T09:57:28.105+0800][35.621s][info][gc,heap        ] GC(1440) PSYoungGen: 11104K(14336K)->4020K(14336K) Eden: 7114K(7168K)->0K(7168K) From: 3989K(7168K)->4020K(7168K)
[2026-06-17T09:57:28.107+0800][35.623s][info][gc,heap        ] GC(1440) ParOldGen: 25971K(44032K)->25971K(44032K)
[2026-06-17T09:57:28.110+0800][35.626s][info][gc,metaspace   ] GC(1440) Metaspace: 152K(384K)->152K(384K) NonClass: 147K(256K)->147K(256K) Class: 4K(128K)->4K(128K)
[2026-06-17T09:57:28.112+0800][35.628s][info][gc             ] GC(1440) Pause Young (Allocation Failure) 36M->29M(57M) 12.949ms
[2026-06-17T09:57:28.112+0800][35.628s][info][gc,cpu         ] GC(1440) User=0.01s Sys=0.00s Real=0.02s
[2026-06-17T09:57:28.124+0800][35.640s][info][gc,start       ] GC(1441) Pause Young (Allocation Failure)
[2026-06-17T09:57:28.126+0800][35.642s][info][gc,heap        ] GC(1441) PSYoungGen: 11184K(14336K)->6579K(13824K) Eden: 7164K(7168K)->0K(7168K) From: 4020K(7168K)->6579K(6656K)
[2026-06-17T09:57:28.127+0800][35.643s][info][gc,heap        ] GC(1441) ParOldGen: 25971K(44032K)->26987K(44032K)
[2026-06-17T09:57:28.128+0800][35.644s][info][gc,metaspace   ] GC(1441) Metaspace: 152K(384K)->152K(384K) NonClass: 147K(256K)->147K(256K) Class: 4K(128K)->4K(128K)
[2026-06-17T09:57:28.130+0800][35.646s][info][gc             ] GC(1441) Pause Young (Allocation Failure) 36M->32M(56M) 5.405ms
[2026-06-17T09:57:28.132+0800][35.648s][info][gc,cpu         ] GC(1441) User=0.00s Sys=0.00s Real=0.01s
[2026-06-17T09:57:28.155+0800][35.671s][info][gc,start       ] GC(1442) Pause Young (Allocation Failure)
[2026-06-17T09:57:28.157+0800][35.673s][info][gc,heap        ] GC(1442) PSYoungGen: 13731K(13824K)->6739K(14336K) Eden: 7152K(7168K)->0K(7168K) From: 6579K(6656K)->6739K(7168K)
[2026-06-17T09:57:28.159+0800][35.675s][info][gc,heap        ] GC(1442) ParOldGen: 26987K(44032K)->26987K(44032K)
[2026-06-17T09:57:28.161+0800][35.677s][info][gc,metaspace   ] GC(1442) Metaspace: 152K(384K)->152K(384K) NonClass: 147K(256K)->147K(256K) Class: 4K(128K)->4K(128K)
[2026-06-17T09:57:28.163+0800][35.679s][info][gc             ] GC(1442) Pause Young (Allocation Failure) 39M->32M(57M) 8.451ms
[2026-06-17T09:57:28.165+0800][35.681s][info][gc,cpu         ] GC(1442) User=0.00s Sys=0.00s Real=0.01s
[2026-06-17T09:57:28.189+0800][35.705s][info][gc,start       ] GC(1443) Pause Young (Allocation Failure)
[2026-06-17T09:57:28.191+0800][35.707s][info][gc,heap        ] GC(1443) PSYoungGen: 13907K(14336K)->7072K(14336K) Eden: 7168K(7168K)->0K(7168K) From: 6739K(7168K)->7072K(7168K)
[2026-06-17T09:57:28.195+0800][35.711s][info][gc,heap        ] GC(1443) ParOldGen: 26987K(44032K)->26987K(44032K)
[2026-06-17T09:57:28.199+0800][35.715s][info][gc,metaspace   ] GC(1443) Metaspace: 152K(384K)->152K(384K) NonClass: 147K(256K)->147K(256K) Class: 4K(128K)->4K(128K)
[2026-06-17T09:57:28.199+0800][35.715s][info][gc             ] GC(1443) Pause Young (Allocation Failure) 39M->33M(57M) 10.338ms
[2026-06-17T09:57:28.200+0800][35.716s][info][gc,cpu         ] GC(1443) User=0.00s Sys=0.00s Real=0.01s
[2026-06-17T09:57:28.213+0800][35.729s][info][gc,start       ] GC(1444) Pause Young (Allocation Failure)
[2026-06-17T09:57:28.215+0800][35.731s][info][gc,heap        ] GC(1444) PSYoungGen: 13971K(14336K)->6013K(14336K) Eden: 6899K(7168K)->0K(7168K) From: 7072K(7168K)->6013K(7168K)
[2026-06-17T09:57:28.217+0800][35.733s][info][gc,heap        ] GC(1444) ParOldGen: 26987K(44032K)->28346K(44032K)
[2026-06-17T09:57:28.218+0800][35.734s][info][gc,metaspace   ] GC(1444) Metaspace: 152K(384K)->152K(384K) NonClass: 147K(256K)->147K(256K) Class: 4K(128K)->4K(128K)
[2026-06-17T09:57:28.220+0800][35.736s][info][gc             ] GC(1444) Pause Young (Allocation Failure) 39M->33M(57M) 6.637ms
[2026-06-17T09:57:28.223+0800][35.739s][info][gc,cpu         ] GC(1444) User=0.00s Sys=0.00s Real=0.01s
[2026-06-17T09:57:28.248+0800][35.764s][info][gc,start       ] GC(1445) Pause Young (Allocation Failure)
[2026-06-17T09:57:28.250+0800][35.766s][info][gc,heap        ] GC(1445) PSYoungGen: 13161K(14336K)->7154K(14336K) Eden: 7147K(7168K)->0K(7168K) From: 6013K(7168K)->7154K(7168K)
[2026-06-17T09:57:28.251+0800][35.767s][info][gc,heap        ] GC(1445) ParOldGen: 28346K(44032K)->30845K(44032K)
[2026-06-17T09:57:28.254+0800][35.770s][info][gc,metaspace   ] GC(1445) Metaspace: 152K(384K)->152K(384K) NonClass: 147K(256K)->147K(256K) Class: 4K(128K)->4K(128K)
[2026-06-17T09:57:28.257+0800][35.773s][info][gc             ] GC(1445) Pause Young (Allocation Failure) 40M->37M(57M) 8.835ms
[2026-06-17T09:57:28.260+0800][35.776s][info][gc,cpu         ] GC(1445) User=0.00s Sys=0.00s Real=0.01s
[2026-06-17T09:57:28.271+0800][35.787s][info][gc,start       ] GC(1446) Pause Young (Allocation Failure)
[2026-06-17T09:57:28.274+0800][35.790s][info][gc,heap        ] GC(1446) PSYoungGen: 14099K(14336K)->5556K(14336K) Eden: 6944K(7168K)->0K(7168K) From: 7154K(7168K)->5556K(7168K)
[2026-06-17T09:57:28.274+0800][35.790s][info][gc,heap        ] GC(1446) ParOldGen: 30845K(44032K)->32144K(44032K)
[2026-06-17T09:57:28.275+0800][35.791s][info][gc,metaspace   ] GC(1446) Metaspace: 152K(384K)->152K(384K) NonClass: 147K(256K)->147K(256K) Class: 4K(128K)->4K(128K)
[2026-06-17T09:57:28.275+0800][35.791s][info][gc             ] GC(1446) Pause Young (Allocation Failure) 43M->36M(57M) 3.409ms
[2026-06-17T09:57:28.275+0800][35.791s][info][gc,cpu         ] GC(1446) User=0.00s Sys=0.00s Real=0.00s
[2026-06-17T09:57:28.296+0800][35.812s][info][gc,start       ] GC(1447) Pause Young (Allocation Failure)
[2026-06-17T09:57:28.297+0800][35.813s][info][gc,heap        ] GC(1447) PSYoungGen: 12717K(14336K)->6946K(14336K) Eden: 7161K(7168K)->0K(7168K) From: 5556K(7168K)->6946K(7168K)
[2026-06-17T09:57:28.297+0800][35.813s][info][gc,heap        ] GC(1447) ParOldGen: 32144K(44032K)->34320K(44032K)
[2026-06-17T09:57:28.298+0800][35.814s][info][gc,metaspace   ] GC(1447) Metaspace: 152K(384K)->152K(384K) NonClass: 147K(256K)->147K(256K) Class: 4K(128K)->4K(128K)
[2026-06-17T09:57:28.298+0800][35.814s][info][gc             ] GC(1447) Pause Young (Allocation Failure) 43M->40M(57M) 1.881ms
[2026-06-17T09:57:28.298+0800][35.814s][info][gc,cpu         ] GC(1447) User=0.01s Sys=0.00s Real=0.00s
[2026-06-17T09:57:28.319+0800][35.835s][info][gc,start       ] GC(1448) Pause Young (Allocation Failure)
[2026-06-17T09:57:28.320+0800][35.836s][info][gc,heap        ] GC(1448) PSYoungGen: 14107K(14336K)->3771K(14336K) Eden: 7161K(7168K)->0K(7168K) From: 6946K(7168K)->3771K(7168K)
[2026-06-17T09:57:28.321+0800][35.837s][info][gc,heap        ] GC(1448) ParOldGen: 34320K(44032K)->37653K(44032K)
[2026-06-17T09:57:28.322+0800][35.838s][info][gc,metaspace   ] GC(1448) Metaspace: 152K(384K)->152K(384K) NonClass: 147K(256K)->147K(256K) Class: 4K(128K)->4K(128K)
[2026-06-17T09:57:28.322+0800][35.838s][info][gc             ] GC(1448) Pause Young (Allocation Failure) 47M->40M(57M) 2.458ms
[2026-06-17T09:57:28.322+0800][35.838s][info][gc,cpu         ] GC(1448) User=0.00s Sys=0.00s Real=0.00s
[2026-06-17T09:57:28.343+0800][35.859s][info][gc,start       ] GC(1449) Pause Young (Allocation Failure)
[2026-06-17T09:57:28.345+0800][35.861s][info][gc,heap        ] GC(1449) PSYoungGen: 10905K(14336K)->652K(14336K) Eden: 7134K(7168K)->0K(7168K) From: 3771K(7168K)->652K(7168K)
[2026-06-17T09:57:28.347+0800][35.863s][info][gc,heap        ] GC(1449) ParOldGen: 37653K(44032K)->41106K(44032K)
[2026-06-17T09:57:28.347+0800][35.863s][info][gc,metaspace   ] GC(1449) Metaspace: 152K(384K)->152K(384K) NonClass: 147K(256K)->147K(256K) Class: 4K(128K)->4K(128K)
[2026-06-17T09:57:28.347+0800][35.863s][info][gc             ] GC(1449) Pause Young (Allocation Failure) 47M->40M(57M) 3.893ms
[2026-06-17T09:57:28.347+0800][35.863s][info][gc,cpu         ] GC(1449) User=0.00s Sys=0.00s Real=0.00s
[2026-06-17T09:57:28.358+0800][35.874s][info][gc,start       ] GC(1450) Pause Full (Ergonomics)
[2026-06-17T09:57:28.358+0800][35.874s][info][gc,phases,start] GC(1450) Marking Phase
[2026-06-17T09:57:28.359+0800][35.875s][info][gc,phases      ] GC(1450) Marking Phase 0.818ms
[2026-06-17T09:57:28.359+0800][35.875s][info][gc,phases,start] GC(1450) Summary Phase
[2026-06-17T09:57:28.359+0800][35.875s][info][gc,phases      ] GC(1450) Summary Phase 0.154ms
[2026-06-17T09:57:28.360+0800][35.876s][info][gc,phases,start] GC(1450) Adjust Roots
[2026-06-17T09:57:28.360+0800][35.876s][info][gc,phases      ] GC(1450) Adjust Roots 0.213ms
[2026-06-17T09:57:28.360+0800][35.876s][info][gc,phases,start] GC(1450) Compaction Phase
[2026-06-17T09:57:28.361+0800][35.877s][info][gc,phases      ] GC(1450) Compaction Phase 1.526ms
[2026-06-17T09:57:28.362+0800][35.878s][info][gc,phases,start] GC(1450) Post Compact
[2026-06-17T09:57:28.362+0800][35.878s][info][gc,phases      ] GC(1450) Post Compact 0.235ms
[2026-06-17T09:57:28.362+0800][35.878s][info][gc,heap        ] GC(1450) PSYoungGen: 7816K(14336K)->0K(14336K) Eden: 7164K(7168K)->0K(7168K) From: 652K(7168K)->0K(7168K)
[2026-06-17T09:57:28.362+0800][35.878s][info][gc,heap        ] GC(1450) ParOldGen: 41106K(44032K)->32459K(44032K)
[2026-06-17T09:57:28.362+0800][35.878s][info][gc,metaspace   ] GC(1450) Metaspace: 152K(384K)->152K(384K) NonClass: 147K(256K)->147K(256K) Class: 4K(128K)->4K(128K)
[2026-06-17T09:57:28.362+0800][35.878s][info][gc             ] GC(1450) Pause Full (Ergonomics) 47M->31M(57M) 4.433ms
[2026-06-17T09:57:28.363+0800][35.879s][info][gc,cpu         ] GC(1450) User=0.01s Sys=0.00s Real=0.01s
[2026-06-17T09:57:28.384+0800][35.900s][info][gc,start       ] GC(1451) Pause Young (Allocation Failure)
[2026-06-17T09:57:28.384+0800][35.900s][info][gc,heap        ] GC(1451) PSYoungGen: 7122K(14336K)->3835K(14336K) Eden: 7122K(7168K)->0K(7168K) From: 0K(7168K)->3835K(7168K)
[2026-06-17T09:57:28.385+0800][35.901s][info][gc,heap        ] GC(1451) ParOldGen: 32459K(44032K)->32459K(44032K)
[2026-06-17T09:57:28.385+0800][35.901s][info][gc,metaspace   ] GC(1451) Metaspace: 152K(384K)->152K(384K) NonClass: 147K(256K)->147K(256K) Class: 4K(128K)->4K(128K)
[2026-06-17T09:57:28.385+0800][35.901s][info][gc             ] GC(1451) Pause Young (Allocation Failure) 38M->35M(57M) 1.165ms
[2026-06-17T09:57:28.385+0800][35.901s][info][gc,cpu         ] GC(1451) User=0.00s Sys=0.00s Real=0.00s
[2026-06-17T09:57:28.406+0800][35.922s][info][gc,start       ] GC(1452) Pause Young (Allocation Failure)
[2026-06-17T09:57:28.407+0800][35.923s][info][gc,heap        ] GC(1452) PSYoungGen: 10965K(14336K)->2789K(14336K) Eden: 7130K(7168K)->0K(7168K) From: 3835K(7168K)->2789K(7168K)
[2026-06-17T09:57:28.407+0800][35.923s][info][gc,heap        ] GC(1452) ParOldGen: 32459K(44032K)->33679K(44032K)
[2026-06-17T09:57:28.407+0800][35.923s][info][gc,metaspace   ] GC(1452) Metaspace: 152K(384K)->152K(384K) NonClass: 147K(256K)->147K(256K) Class: 4K(128K)->4K(128K)
[2026-06-17T09:57:28.407+0800][35.923s][info][gc             ] GC(1452) Pause Young (Allocation Failure) 42M->35M(57M) 1.448ms
[2026-06-17T09:57:28.407+0800][35.923s][info][gc,cpu         ] GC(1452) User=0.00s Sys=0.00s Real=0.00s
[2026-06-17T09:57:28.418+0800][35.934s][info][gc,start       ] GC(1453) Pause Young (Allocation Failure)
[2026-06-17T09:57:28.419+0800][35.935s][info][gc,heap        ] GC(1453) PSYoungGen: 9771K(14336K)->595K(14336K) Eden: 6981K(7168K)->0K(7168K) From: 2789K(7168K)->595K(7168K)
[2026-06-17T09:57:28.419+0800][35.935s][info][gc,heap        ] GC(1453) ParOldGen: 33679K(44032K)->35855K(44032K)
[2026-06-17T09:57:28.419+0800][35.935s][info][gc,metaspace   ] GC(1453) Metaspace: 152K(384K)->152K(384K) NonClass: 147K(256K)->147K(256K) Class: 4K(128K)->4K(128K)
[2026-06-17T09:57:28.419+0800][35.935s][info][gc             ] GC(1453) Pause Young (Allocation Failure) 42M->35M(57M) 1.121ms
[2026-06-17T09:57:28.419+0800][35.935s][info][gc,cpu         ] GC(1453) User=0.00s Sys=0.00s Real=0.00s
[2026-06-17T09:57:28.440+0800][35.956s][info][gc,start       ] GC(1454) Pause Young (Allocation Failure)
[2026-06-17T09:57:28.441+0800][35.958s][info][gc,heap        ] GC(1454) PSYoungGen: 7737K(14336K)->3611K(14336K) Eden: 7142K(7168K)->0K(7168K) From: 595K(7168K)->3611K(7168K)
[2026-06-17T09:57:28.442+0800][35.958s][info][gc,heap        ] GC(1454) ParOldGen: 35855K(44032K)->36426K(44032K)
[2026-06-17T09:57:28.442+0800][35.958s][info][gc,metaspace   ] GC(1454) Metaspace: 152K(384K)->152K(384K) NonClass: 147K(256K)->147K(256K) Class: 4K(128K)->4K(128K)
[2026-06-17T09:57:28.442+0800][35.958s][info][gc             ] GC(1454) Pause Young (Allocation Failure) 42M->39M(57M) 1.535ms
[2026-06-17T09:57:28.442+0800][35.958s][info][gc,cpu         ] GC(1454) User=0.00s Sys=0.00s Real=0.00s
[2026-06-17T09:57:28.464+0800][35.980s][info][gc,start       ] GC(1455) Pause Young (Allocation Failure)
[2026-06-17T09:57:28.464+0800][35.980s][info][gc,heap        ] GC(1455) PSYoungGen: 10716K(14336K)->1971K(14336K) Eden: 7105K(7168K)->0K(7168K) From: 3611K(7168K)->1971K(7168K)
[2026-06-17T09:57:28.465+0800][35.981s][info][gc,heap        ] GC(1455) ParOldGen: 36426K(44032K)->38371K(44032K)
[2026-06-17T09:57:28.465+0800][35.981s][info][gc,metaspace   ] GC(1455) Metaspace: 152K(384K)->152K(384K) NonClass: 147K(256K)->147K(256K) Class: 4K(128K)->4K(128K)
[2026-06-17T09:57:28.465+0800][35.981s][info][gc             ] GC(1455) Pause Young (Allocation Failure) 46M->39M(57M) 1.788ms
[2026-06-17T09:57:28.465+0800][35.981s][info][gc,cpu         ] GC(1455) User=0.00s Sys=0.00s Real=0.00s
[2026-06-17T09:57:28.476+0800][35.992s][info][gc,start       ] GC(1456) Pause Young (Allocation Failure)
[2026-06-17T09:57:28.477+0800][35.993s][info][gc,heap        ] GC(1456) PSYoungGen: 9124K(14336K)->3504K(14336K) Eden: 7153K(7168K)->0K(7168K) From: 1971K(7168K)->3504K(7168K)
[2026-06-17T09:57:28.478+0800][35.994s][info][gc,heap        ] GC(1456) ParOldGen: 38371K(44032K)->40215K(44032K)
[2026-06-17T09:57:28.478+0800][35.994s][info][gc,metaspace   ] GC(1456) Metaspace: 152K(384K)->152K(384K) NonClass: 147K(256K)->147K(256K) Class: 4K(128K)->4K(128K)
[2026-06-17T09:57:28.478+0800][35.994s][info][gc             ] GC(1456) Pause Young (Allocation Failure) 46M->42M(57M) 1.782ms
[2026-06-17T09:57:28.478+0800][35.994s][info][gc,cpu         ] GC(1456) User=0.01s Sys=0.00s Real=0.00s
[2026-06-17T09:57:28.499+0800][36.015s][info][gc,start       ] GC(1457) Pause Full (Ergonomics)
[2026-06-17T09:57:28.499+0800][36.015s][info][gc,phases,start] GC(1457) Marking Phase
[2026-06-17T09:57:28.500+0800][36.016s][info][gc,phases      ] GC(1457) Marking Phase 0.844ms
[2026-06-17T09:57:28.500+0800][36.016s][info][gc,phases,start] GC(1457) Summary Phase
[2026-06-17T09:57:28.501+0800][36.017s][info][gc,phases      ] GC(1457) Summary Phase 0.119ms
[2026-06-17T09:57:28.501+0800][36.017s][info][gc,phases,start] GC(1457) Adjust Roots
[2026-06-17T09:57:28.501+0800][36.017s][info][gc,phases      ] GC(1457) Adjust Roots 0.206ms
[2026-06-17T09:57:28.501+0800][36.017s][info][gc,phases,start] GC(1457) Compaction Phase
[2026-06-17T09:57:28.503+0800][36.019s][info][gc,phases      ] GC(1457) Compaction Phase 1.609ms
[2026-06-17T09:57:28.503+0800][36.019s][info][gc,phases,start] GC(1457) Post Compact
[2026-06-17T09:57:28.503+0800][36.019s][info][gc,phases      ] GC(1457) Post Compact 0.269ms
[2026-06-17T09:57:28.503+0800][36.019s][info][gc,heap        ] GC(1457) PSYoungGen: 10669K(14336K)->0K(14336K) Eden: 7165K(7168K)->0K(7168K) From: 3504K(7168K)->0K(7168K)
[2026-06-17T09:57:28.503+0800][36.019s][info][gc,heap        ] GC(1457) ParOldGen: 40215K(44032K)->31124K(44032K)
[2026-06-17T09:57:28.503+0800][36.019s][info][gc,metaspace   ] GC(1457) Metaspace: 152K(384K)->152K(384K) NonClass: 147K(256K)->147K(256K) Class: 4K(128K)->4K(128K)
[2026-06-17T09:57:28.504+0800][36.020s][info][gc             ] GC(1457) Pause Full (Ergonomics) 49M->30M(57M) 4.664ms
[2026-06-17T09:57:28.504+0800][36.020s][info][gc,cpu         ] GC(1457) User=0.00s Sys=0.00s Real=0.01s
[2026-06-17T09:57:28.525+0800][36.041s][info][gc,start       ] GC(1458) Pause Young (Allocation Failure)
[2026-06-17T09:57:28.527+0800][36.043s][info][gc,heap        ] GC(1458) PSYoungGen: 7147K(14336K)->4028K(14336K) Eden: 7147K(7168K)->0K(7168K) From: 0K(7168K)->4028K(7168K)
[2026-06-17T09:57:28.527+0800][36.043s][info][gc,heap        ] GC(1458) ParOldGen: 31124K(44032K)->31124K(44032K)
[2026-06-17T09:57:28.527+0800][36.043s][info][gc,metaspace   ] GC(1458) Metaspace: 152K(384K)->152K(384K) NonClass: 147K(256K)->147K(256K) Class: 4K(128K)->4K(128K)
[2026-06-17T09:57:28.528+0800][36.044s][info][gc             ] GC(1458) Pause Young (Allocation Failure) 37M->34M(57M) 2.456ms
[2026-06-17T09:57:28.528+0800][36.044s][info][gc,cpu         ] GC(1458) User=0.00s Sys=0.00s Real=0.00s
[2026-06-17T09:57:28.539+0800][36.055s][info][gc,start       ] GC(1459) Pause Young (Allocation Failure)
[2026-06-17T09:57:28.540+0800][36.056s][info][gc,heap        ] GC(1459) PSYoungGen: 11184K(14336K)->4516K(14336K) Eden: 7155K(7168K)->0K(7168K) From: 4028K(7168K)->4516K(7168K)
[2026-06-17T09:57:28.541+0800][36.057s][info][gc,heap        ] GC(1459) ParOldGen: 31124K(44032K)->34413K(44032K)
[2026-06-17T09:57:28.541+0800][36.057s][info][gc,metaspace   ] GC(1459) Metaspace: 152K(384K)->152K(384K) NonClass: 147K(256K)->147K(256K) Class: 4K(128K)->4K(128K)
[2026-06-17T09:57:28.541+0800][36.057s][info][gc             ] GC(1459) Pause Young (Allocation Failure) 41M->38M(57M) 2.199ms
[2026-06-17T09:57:28.541+0800][36.057s][info][gc,cpu         ] GC(1459) User=0.01s Sys=0.00s Real=0.00s
[2026-06-17T09:57:28.563+0800][36.079s][info][gc,start       ] GC(1460) Pause Young (Allocation Failure)
[2026-06-17T09:57:28.564+0800][36.080s][info][gc,heap        ] GC(1460) PSYoungGen: 11676K(14336K)->2418K(14336K) Eden: 7159K(7168K)->0K(7168K) From: 4516K(7168K)->2418K(7168K)
[2026-06-17T09:57:28.565+0800][36.081s][info][gc,heap        ] GC(1460) ParOldGen: 34413K(44032K)->36645K(44032K)
[2026-06-17T09:57:28.567+0800][36.083s][info][gc,metaspace   ] GC(1460) Metaspace: 152K(384K)->152K(384K) NonClass: 147K(256K)->147K(256K) Class: 4K(128K)->4K(128K)
[2026-06-17T09:57:28.567+0800][36.083s][info][gc             ] GC(1460) Pause Young (Allocation Failure) 45M->38M(57M) 4.269ms
[2026-06-17T09:57:28.567+0800][36.083s][info][gc,cpu         ] GC(1460) User=0.00s Sys=0.00s Real=0.00s
[2026-06-17T09:57:28.589+0800][36.105s][info][gc,start       ] GC(1461) Pause Young (Allocation Failure)
[2026-06-17T09:57:28.589+0800][36.105s][info][gc,heap        ] GC(1461) PSYoungGen: 9562K(14336K)->2693K(14336K) Eden: 7143K(7168K)->0K(7168K) From: 2418K(7168K)->2693K(7168K)
[2026-06-17T09:57:28.590+0800][36.106s][info][gc,heap        ] GC(1461) ParOldGen: 36645K(44032K)->36645K(44032K)
[2026-06-17T09:57:28.590+0800][36.106s][info][gc,metaspace   ] GC(1461) Metaspace: 152K(384K)->152K(384K) NonClass: 147K(256K)->147K(256K) Class: 4K(128K)->4K(128K)
[2026-06-17T09:57:28.590+0800][36.106s][info][gc             ] GC(1461) Pause Young (Allocation Failure) 45M->38M(57M) 1.482ms
[2026-06-17T09:57:28.590+0800][36.106s][info][gc,cpu         ] GC(1461) User=0.00s Sys=0.00s Real=0.00s
[2026-06-17T09:57:28.601+0800][36.117s][info][gc,start       ] GC(1462) Pause Young (Allocation Failure)
[2026-06-17T09:57:28.602+0800][36.118s][info][gc,heap        ] GC(1462) PSYoungGen: 9559K(14336K)->640K(14336K) Eden: 6866K(7168K)->0K(7168K) From: 2693K(7168K)->640K(7168K)
[2026-06-17T09:57:28.602+0800][36.118s][info][gc,heap        ] GC(1462) ParOldGen: 36645K(44032K)->38710K(44032K)
[2026-06-17T09:57:28.602+0800][36.118s][info][gc,metaspace   ] GC(1462) Metaspace: 152K(384K)->152K(384K) NonClass: 147K(256K)->147K(256K) Class: 4K(128K)->4K(128K)
[2026-06-17T09:57:28.603+0800][36.119s][info][gc             ] GC(1462) Pause Young (Allocation Failure) 45M->38M(57M) 1.387ms
[2026-06-17T09:57:28.603+0800][36.119s][info][gc,cpu         ] GC(1462) User=0.00s Sys=0.00s Real=0.01s
[2026-06-17T09:57:28.624+0800][36.140s][info][gc,start       ] GC(1463) Pause Young (Allocation Failure)
[2026-06-17T09:57:28.625+0800][36.141s][info][gc,heap        ] GC(1463) PSYoungGen: 7802K(14336K)->3637K(14336K) Eden: 7162K(7168K)->0K(7168K) From: 640K(7168K)->3637K(7168K)
[2026-06-17T09:57:28.625+0800][36.141s][info][gc,heap        ] GC(1463) ParOldGen: 38710K(44032K)->39326K(44032K)
[2026-06-17T09:57:28.625+0800][36.141s][info][gc,metaspace   ] GC(1463) Metaspace: 152K(384K)->152K(384K) NonClass: 147K(256K)->147K(256K) Class: 4K(128K)->4K(128K)
[2026-06-17T09:57:28.625+0800][36.141s][info][gc             ] GC(1463) Pause Young (Allocation Failure) 45M->41M(57M) 1.563ms
[2026-06-17T09:57:28.625+0800][36.141s][info][gc,cpu         ] GC(1463) User=0.00s Sys=0.00s Real=0.00s
[2026-06-17T09:57:28.646+0800][36.162s][info][gc,start       ] GC(1464) Pause Young (Allocation Failure)
[2026-06-17T09:57:28.647+0800][36.163s][info][gc,heap        ] GC(1464) PSYoungGen: 10795K(14336K)->2208K(14336K) Eden: 7157K(7168K)->0K(7168K) From: 3637K(7168K)->2208K(7168K)
[2026-06-17T09:57:28.648+0800][36.164s][info][gc,heap        ] GC(1464) ParOldGen: 39326K(44032K)->40962K(44032K)
[2026-06-17T09:57:28.648+0800][36.164s][info][gc,metaspace   ] GC(1464) Metaspace: 152K(384K)->152K(384K) NonClass: 147K(256K)->147K(256K) Class: 4K(128K)->4K(128K)
[2026-06-17T09:57:28.648+0800][36.164s][info][gc             ] GC(1464) Pause Young (Allocation Failure) 48M->42M(57M) 2.014ms
[2026-06-17T09:57:28.648+0800][36.164s][info][gc,cpu         ] GC(1464) User=0.01s Sys=0.00s Real=0.00s
[2026-06-17T09:57:28.670+0800][36.186s][info][gc,start       ] GC(1465) Pause Full (Ergonomics)
[2026-06-17T09:57:28.670+0800][36.186s][info][gc,phases,start] GC(1465) Marking Phase
[2026-06-17T09:57:28.671+0800][36.187s][info][gc,phases      ] GC(1465) Marking Phase 1.199ms
[2026-06-17T09:57:28.671+0800][36.187s][info][gc,phases,start] GC(1465) Summary Phase
[2026-06-17T09:57:28.672+0800][36.188s][info][gc,phases      ] GC(1465) Summary Phase 0.367ms
[2026-06-17T09:57:28.672+0800][36.188s][info][gc,phases,start] GC(1465) Adjust Roots
[2026-06-17T09:57:28.672+0800][36.188s][info][gc,phases      ] GC(1465) Adjust Roots 0.341ms
[2026-06-17T09:57:28.672+0800][36.188s][info][gc,phases,start] GC(1465) Compaction Phase
[2026-06-17T09:57:28.674+0800][36.190s][info][gc,phases      ] GC(1465) Compaction Phase 1.486ms
[2026-06-17T09:57:28.674+0800][36.190s][info][gc,phases,start] GC(1465) Post Compact
[2026-06-17T09:57:28.674+0800][36.190s][info][gc,phases      ] GC(1465) Post Compact 0.166ms
[2026-06-17T09:57:28.674+0800][36.190s][info][gc,heap        ] GC(1465) PSYoungGen: 9342K(14336K)->0K(14336K) Eden: 7134K(7168K)->0K(7168K) From: 2208K(7168K)->0K(7168K)
[2026-06-17T09:57:28.674+0800][36.190s][info][gc,heap        ] GC(1465) ParOldGen: 40962K(44032K)->28952K(44032K)
[2026-06-17T09:57:28.675+0800][36.191s][info][gc,metaspace   ] GC(1465) Metaspace: 152K(384K)->152K(384K) NonClass: 147K(256K)->147K(256K) Class: 4K(128K)->4K(128K)
[2026-06-17T09:57:28.675+0800][36.191s][info][gc             ] GC(1465) Pause Full (Ergonomics) 49M->28M(57M) 5.137ms
[2026-06-17T09:57:28.675+0800][36.191s][info][gc,cpu         ] GC(1465) User=0.00s Sys=0.00s Real=0.01s
[2026-06-17T09:57:28.686+0800][36.202s][info][gc,start       ] GC(1466) Pause Young (Allocation Failure)
[2026-06-17T09:57:28.687+0800][36.203s][info][gc,heap        ] GC(1466) PSYoungGen: 7155K(14336K)->7109K(14336K) Eden: 7155K(7168K)->0K(7168K) From: 0K(7168K)->7109K(7168K)
[2026-06-17T09:57:28.687+0800][36.203s][info][gc,heap        ] GC(1466) ParOldGen: 28952K(44032K)->29075K(44032K)
[2026-06-17T09:57:28.688+0800][36.204s][info][gc,metaspace   ] GC(1466) Metaspace: 152K(384K)->152K(384K) NonClass: 147K(256K)->147K(256K) Class: 4K(128K)->4K(128K)
[2026-06-17T09:57:28.688+0800][36.204s][info][gc             ] GC(1466) Pause Young (Allocation Failure) 35M->35M(57M) 1.897ms
[2026-06-17T09:57:28.688+0800][36.204s][info][gc,cpu         ] GC(1466) User=0.00s Sys=0.00s Real=0.00s
[2026-06-17T09:57:28.709+0800][36.225s][info][gc,start       ] GC(1467) Pause Young (Allocation Failure)
[2026-06-17T09:57:28.710+0800][36.226s][info][gc,heap        ] GC(1467) PSYoungGen: 14268K(14336K)->3281K(14336K) Eden: 7159K(7168K)->0K(7168K) From: 7109K(7168K)->3281K(7168K)
[2026-06-17T09:57:28.711+0800][36.227s][info][gc,heap        ] GC(1467) ParOldGen: 29075K(44032K)->33466K(44032K)
[2026-06-17T09:57:28.711+0800][36.227s][info][gc,metaspace   ] GC(1467) Metaspace: 152K(384K)->152K(384K) NonClass: 147K(256K)->147K(256K) Class: 4K(128K)->4K(128K)
[2026-06-17T09:57:28.711+0800][36.227s][info][gc             ] GC(1467) Pause Young (Allocation Failure) 42M->35M(57M) 2.222ms
[2026-06-17T09:57:28.712+0800][36.228s][info][gc,cpu         ] GC(1467) User=0.01s Sys=0.00s Real=0.01s
[2026-06-17T09:57:28.733+0800][36.249s][info][gc,start       ] GC(1468) Pause Young (Allocation Failure)
[2026-06-17T09:57:28.734+0800][36.250s][info][gc,heap        ] GC(1468) PSYoungGen: 10416K(14336K)->2376K(14336K) Eden: 7135K(7168K)->0K(7168K) From: 3281K(7168K)->2376K(7168K)
[2026-06-17T09:57:28.734+0800][36.250s][info][gc,heap        ] GC(1468) ParOldGen: 33466K(44032K)->34569K(44032K)
[2026-06-17T09:57:28.734+0800][36.250s][info][gc,metaspace   ] GC(1468) Metaspace: 152K(384K)->152K(384K) NonClass: 147K(256K)->147K(256K) Class: 4K(128K)->4K(128K)
[2026-06-17T09:57:28.734+0800][36.250s][info][gc             ] GC(1468) Pause Young (Allocation Failure) 42M->36M(57M) 1.254ms
[2026-06-17T09:57:28.734+0800][36.250s][info][gc,cpu         ] GC(1468) User=0.00s Sys=0.00s Real=0.00s
[2026-06-17T09:57:28.745+0800][36.261s][info][gc,start       ] GC(1469) Pause Young (Allocation Failure)
[2026-06-17T09:57:28.746+0800][36.262s][info][gc,heap        ] GC(1469) PSYoungGen: 9440K(14336K)->810K(14336K) Eden: 7063K(7168K)->0K(7168K) From: 2376K(7168K)->810K(7168K)
[2026-06-17T09:57:28.746+0800][36.262s][info][gc,heap        ] GC(1469) ParOldGen: 34569K(44032K)->36440K(44032K)
[2026-06-17T09:57:28.746+0800][36.262s][info][gc,metaspace   ] GC(1469) Metaspace: 152K(384K)->152K(384K) NonClass: 147K(256K)->147K(256K) Class: 4K(128K)->4K(128K)
[2026-06-17T09:57:28.746+0800][36.262s][info][gc             ] GC(1469) Pause Young (Allocation Failure) 42M->36M(57M) 1.362ms
[2026-06-17T09:57:28.747+0800][36.263s][info][gc,cpu         ] GC(1469) User=0.00s Sys=0.00s Real=0.00s
[2026-06-17T09:57:28.768+0800][36.284s][info][gc,start       ] GC(1470) Pause Young (Allocation Failure)
[2026-06-17T09:57:28.769+0800][36.285s][info][gc,heap        ] GC(1470) PSYoungGen: 7959K(14336K)->3855K(14336K) Eden: 7149K(7168K)->0K(7168K) From: 810K(7168K)->3855K(7168K)
[2026-06-17T09:57:28.769+0800][36.285s][info][gc,heap        ] GC(1470) ParOldGen: 36440K(44032K)->37226K(44032K)
[2026-06-17T09:57:28.770+0800][36.286s][info][gc,metaspace   ] GC(1470) Metaspace: 152K(384K)->152K(384K) NonClass: 147K(256K)->147K(256K) Class: 4K(128K)->4K(128K)
[2026-06-17T09:57:28.770+0800][36.286s][info][gc             ] GC(1470) Pause Young (Allocation Failure) 43M->40M(57M) 2.041ms
[2026-06-17T09:57:28.770+0800][36.286s][info][gc,cpu         ] GC(1470) User=0.00s Sys=0.00s Real=0.00s
[2026-06-17T09:57:28.791+0800][36.307s][info][gc,start       ] GC(1471) Pause Young (Allocation Failure)
[2026-06-17T09:57:28.792+0800][36.308s][info][gc,heap        ] GC(1471) PSYoungGen: 11023K(14336K)->2925K(14336K) Eden: 7168K(7168K)->0K(7168K) From: 3855K(7168K)->2925K(7168K)
[2026-06-17T09:57:28.793+0800][36.309s][info][gc,heap        ] GC(1471) ParOldGen: 37226K(44032K)->38527K(44032K)
[2026-06-17T09:57:28.793+0800][36.309s][info][gc,metaspace   ] GC(1471) Metaspace: 152K(384K)->152K(384K) NonClass: 147K(256K)->147K(256K) Class: 4K(128K)->4K(128K)
[2026-06-17T09:57:28.793+0800][36.309s][info][gc             ] GC(1471) Pause Young (Allocation Failure) 47M->40M(57M) 1.715ms
[2026-06-17T09:57:28.793+0800][36.309s][info][gc,cpu         ] GC(1471) User=0.00s Sys=0.00s Real=0.00s
[2026-06-17T09:57:28.814+0800][36.330s][info][gc,start       ] GC(1472) Pause Young (Allocation Failure)
[2026-06-17T09:57:28.815+0800][36.331s][info][gc,heap        ] GC(1472) PSYoungGen: 10087K(14336K)->1143K(14336K) Eden: 7162K(7168K)->0K(7168K) From: 2925K(7168K)->1143K(7168K)
[2026-06-17T09:57:28.815+0800][36.331s][info][gc,heap        ] GC(1472) ParOldGen: 38527K(44032K)->40639K(44032K)
[2026-06-17T09:57:28.815+0800][36.331s][info][gc,metaspace   ] GC(1472) Metaspace: 152K(384K)->152K(384K) NonClass: 147K(256K)->147K(256K) Class: 4K(128K)->4K(128K)
[2026-06-17T09:57:28.816+0800][36.332s][info][gc             ] GC(1472) Pause Young (Allocation Failure) 47M->40M(57M) 1.237ms
[2026-06-17T09:57:28.816+0800][36.332s][info][gc,cpu         ] GC(1472) User=0.00s Sys=0.00s Real=0.00s
[2026-06-17T09:57:28.826+0800][36.342s][info][gc,start       ] GC(1473) Pause Full (Ergonomics)
[2026-06-17T09:57:28.827+0800][36.343s][info][gc,phases,start] GC(1473) Marking Phase
[2026-06-17T09:57:28.827+0800][36.343s][info][gc,phases      ] GC(1473) Marking Phase 0.718ms
[2026-06-17T09:57:28.828+0800][36.344s][info][gc,phases,start] GC(1473) Summary Phase
[2026-06-17T09:57:28.828+0800][36.344s][info][gc,phases      ] GC(1473) Summary Phase 0.225ms
[2026-06-17T09:57:28.828+0800][36.344s][info][gc,phases,start] GC(1473) Adjust Roots
[2026-06-17T09:57:28.828+0800][36.344s][info][gc,phases      ] GC(1473) Adjust Roots 0.279ms
[2026-06-17T09:57:28.828+0800][36.344s][info][gc,phases,start] GC(1473) Compaction Phase
[2026-06-17T09:57:28.830+0800][36.346s][info][gc,phases      ] GC(1473) Compaction Phase 2.120ms
[2026-06-17T09:57:28.831+0800][36.347s][info][gc,phases,start] GC(1473) Post Compact
[2026-06-17T09:57:28.831+0800][36.347s][info][gc,phases      ] GC(1473) Post Compact 0.272ms
[2026-06-17T09:57:28.831+0800][36.347s][info][gc,heap        ] GC(1473) PSYoungGen: 8297K(14336K)->0K(14336K) Eden: 7154K(7168K)->0K(7168K) From: 1143K(7168K)->0K(7168K)
[2026-06-17T09:57:28.831+0800][36.347s][info][gc,heap        ] GC(1473) ParOldGen: 40639K(44032K)->25542K(44032K)
[2026-06-17T09:57:28.831+0800][36.347s][info][gc,metaspace   ] GC(1473) Metaspace: 152K(384K)->152K(384K) NonClass: 147K(256K)->147K(256K) Class: 4K(128K)->4K(128K)
[2026-06-17T09:57:28.831+0800][36.347s][info][gc             ] GC(1473) Pause Full (Ergonomics) 47M->24M(57M) 4.952ms
[2026-06-17T09:57:28.831+0800][36.347s][info][gc,cpu         ] GC(1473) User=0.00s Sys=0.01s Real=0.01s
[2026-06-17T09:57:28.852+0800][36.368s][info][gc,start       ] GC(1474) Pause Young (Allocation Failure)
[2026-06-17T09:57:28.854+0800][36.370s][info][gc,heap        ] GC(1474) PSYoungGen: 7155K(14336K)->3551K(14336K) Eden: 7155K(7168K)->0K(7168K) From: 0K(7168K)->3551K(7168K)
[2026-06-17T09:57:28.856+0800][36.372s][info][gc,heap        ] GC(1474) ParOldGen: 25542K(44032K)->25542K(44032K)
[2026-06-17T09:57:28.858+0800][36.374s][info][gc,metaspace   ] GC(1474) Metaspace: 152K(384K)->152K(384K) NonClass: 147K(256K)->147K(256K) Class: 4K(128K)->4K(128K)
[2026-06-17T09:57:28.859+0800][36.375s][info][gc             ] GC(1474) Pause Young (Allocation Failure) 31M->28M(57M) 6.490ms
[2026-06-17T09:57:28.860+0800][36.376s][info][gc,cpu         ] GC(1474) User=0.00s Sys=0.00s Real=0.00s
[2026-06-17T09:57:28.883+0800][36.399s][info][gc,start       ] GC(1475) Pause Young (Allocation Failure)
[2026-06-17T09:57:28.884+0800][36.400s][info][gc,heap        ] GC(1475) PSYoungGen: 10708K(14336K)->3792K(14336K) Eden: 7156K(7168K)->0K(7168K) From: 3551K(7168K)->3792K(7168K)
[2026-06-17T09:57:28.887+0800][36.403s][info][gc,heap        ] GC(1475) ParOldGen: 25542K(44032K)->25542K(44032K)
[2026-06-17T09:57:28.890+0800][36.406s][info][gc,metaspace   ] GC(1475) Metaspace: 152K(384K)->152K(384K) NonClass: 147K(256K)->147K(256K) Class: 4K(128K)->4K(128K)
[2026-06-17T09:57:28.892+0800][36.408s][info][gc             ] GC(1475) Pause Young (Allocation Failure) 35M->28M(57M) 9.825ms
[2026-06-17T09:57:28.893+0800][36.409s][info][gc,cpu         ] GC(1475) User=0.00s Sys=0.00s Real=0.01s
[2026-06-17T09:57:28.904+0800][36.420s][info][gc,start       ] GC(1476) Pause Young (Allocation Failure)
[2026-06-17T09:57:28.906+0800][36.422s][info][gc,heap        ] GC(1476) PSYoungGen: 10878K(14336K)->3801K(14336K) Eden: 7086K(7168K)->0K(7168K) From: 3792K(7168K)->3801K(7168K)
[2026-06-17T09:57:28.907+0800][36.423s][info][gc,heap        ] GC(1476) ParOldGen: 25542K(44032K)->25542K(44032K)
[2026-06-17T09:57:28.908+0800][36.424s][info][gc,metaspace   ] GC(1476) Metaspace: 152K(384K)->152K(384K) NonClass: 147K(256K)->147K(256K) Class: 4K(128K)->4K(128K)
[2026-06-17T09:57:28.908+0800][36.424s][info][gc             ] GC(1476) Pause Young (Allocation Failure) 35M->28M(57M) 4.124ms
[2026-06-17T09:57:28.909+0800][36.425s][info][gc,cpu         ] GC(1476) User=0.01s Sys=0.00s Real=0.00s
[2026-06-17T09:57:28.932+0800][36.448s][info][gc,start       ] GC(1477) Pause Young (Allocation Failure)
[2026-06-17T09:57:28.933+0800][36.449s][info][gc,heap        ] GC(1477) PSYoungGen: 10928K(14336K)->6594K(13824K) Eden: 7126K(7168K)->0K(7168K) From: 3801K(7168K)->6594K(6656K)
[2026-06-17T09:57:28.933+0800][36.449s][info][gc,heap        ] GC(1477) ParOldGen: 25542K(44032K)->26500K(44032K)
[2026-06-17T09:57:28.934+0800][36.450s][info][gc,metaspace   ] GC(1477) Metaspace: 152K(384K)->152K(384K) NonClass: 147K(256K)->147K(256K) Class: 4K(128K)->4K(128K)
[2026-06-17T09:57:28.934+0800][36.450s][info][gc             ] GC(1477) Pause Young (Allocation Failure) 35M->32M(56M) 1.507ms
[2026-06-17T09:57:28.934+0800][36.450s][info][gc,cpu         ] GC(1477) User=0.00s Sys=0.00s Real=0.00s
[2026-06-17T09:57:28.945+0800][36.461s][info][gc,start       ] GC(1478) Pause Young (Allocation Failure)
[2026-06-17T09:57:28.946+0800][36.462s][info][gc,heap        ] GC(1478) PSYoungGen: 13744K(13824K)->3737K(14336K) Eden: 7150K(7168K)->0K(7168K) From: 6594K(6656K)->3737K(7168K)
[2026-06-17T09:57:28.946+0800][36.462s][info][gc,heap        ] GC(1478) ParOldGen: 26500K(44032K)->29594K(44032K)
[2026-06-17T09:57:28.946+0800][36.462s][info][gc,metaspace   ] GC(1478) Metaspace: 152K(384K)->152K(384K) NonClass: 147K(256K)->147K(256K) Class: 4K(128K)->4K(128K)
[2026-06-17T09:57:28.946+0800][36.462s][info][gc             ] GC(1478) Pause Young (Allocation Failure) 39M->32M(57M) 1.471ms
[2026-06-17T09:57:28.946+0800][36.462s][info][gc,cpu         ] GC(1478) User=0.00s Sys=0.00s Real=0.00s
[2026-06-17T09:57:28.967+0800][36.483s][info][gc,start       ] GC(1479) Pause Young (Allocation Failure)
[2026-06-17T09:57:28.969+0800][36.485s][info][gc,heap        ] GC(1479) PSYoungGen: 10897K(14336K)->7136K(14336K) Eden: 7160K(7168K)->0K(7168K) From: 3737K(7168K)->7136K(7168K)
[2026-06-17T09:57:28.969+0800][36.485s][info][gc,heap        ] GC(1479) ParOldGen: 29594K(44032K)->29911K(44032K)
[2026-06-17T09:57:28.969+0800][36.485s][info][gc,metaspace   ] GC(1479) Metaspace: 152K(384K)->152K(384K) NonClass: 147K(256K)->147K(256K) Class: 4K(128K)->4K(128K)
[2026-06-17T09:57:28.969+0800][36.485s][info][gc             ] GC(1479) Pause Young (Allocation Failure) 39M->36M(57M) 1.442ms
[2026-06-17T09:57:28.969+0800][36.485s][info][gc,cpu         ] GC(1479) User=0.00s Sys=0.00s Real=0.00s
[2026-06-17T09:57:28.990+0800][36.506s][info][gc,start       ] GC(1480) Pause Young (Allocation Failure)
[2026-06-17T09:57:28.991+0800][36.507s][info][gc,heap        ] GC(1480) PSYoungGen: 14304K(14336K)->4039K(14336K) Eden: 7167K(7168K)->0K(7168K) From: 7136K(7168K)->4039K(7168K)
[2026-06-17T09:57:28.992+0800][36.508s][info][gc,heap        ] GC(1480) ParOldGen: 29911K(44032K)->33284K(44032K)
[2026-06-17T09:57:28.992+0800][36.508s][info][gc,metaspace   ] GC(1480) Metaspace: 152K(384K)->152K(384K) NonClass: 147K(256K)->147K(256K) Class: 4K(128K)->4K(128K)
[2026-06-17T09:57:28.992+0800][36.508s][info][gc             ] GC(1480) Pause Young (Allocation Failure) 43M->36M(57M) 2.050ms
[2026-06-17T09:57:28.992+0800][36.508s][info][gc,cpu         ] GC(1480) User=0.00s Sys=0.00s Real=0.01s
[2026-06-17T09:57:29.014+0800][36.530s][info][gc,start       ] GC(1481) Pause Young (Allocation Failure)
[2026-06-17T09:57:29.015+0800][36.531s][info][gc,heap        ] GC(1481) PSYoungGen: 11172K(14336K)->2084K(14336K) Eden: 7133K(7168K)->0K(7168K) From: 4039K(7168K)->2084K(7168K)
[2026-06-17T09:57:29.015+0800][36.531s][info][gc,heap        ] GC(1481) ParOldGen: 33284K(44032K)->35469K(44032K)
[2026-06-17T09:57:29.015+0800][36.531s][info][gc,metaspace   ] GC(1481) Metaspace: 152K(384K)->152K(384K) NonClass: 147K(256K)->147K(256K) Class: 4K(128K)->4K(128K)
[2026-06-17T09:57:29.015+0800][36.531s][info][gc             ] GC(1481) Pause Young (Allocation Failure) 43M->36M(57M) 1.372ms
[2026-06-17T09:57:29.015+0800][36.531s][info][gc,cpu         ] GC(1481) User=0.01s Sys=0.00s Real=0.00s
[2026-06-17T09:57:29.036+0800][36.552s][info][gc,start       ] GC(1482) Pause Young (Allocation Failure)
[2026-06-17T09:57:29.038+0800][36.554s][info][gc,heap        ] GC(1482) PSYoungGen: 9240K(14336K)->2718K(14336K) Eden: 7155K(7168K)->0K(7168K) From: 2084K(7168K)->2718K(7168K)
[2026-06-17T09:57:29.038+0800][36.554s][info][gc,heap        ] GC(1482) ParOldGen: 35469K(44032K)->35469K(44032K)
[2026-06-17T09:57:29.038+0800][36.554s][info][gc,metaspace   ] GC(1482) Metaspace: 152K(384K)->152K(384K) NonClass: 147K(256K)->147K(256K) Class: 4K(128K)->4K(128K)
[2026-06-17T09:57:29.039+0800][36.555s][info][gc             ] GC(1482) Pause Young (Allocation Failure) 43M->37M(57M) 2.518ms
[2026-06-17T09:57:29.039+0800][36.555s][info][gc,cpu         ] GC(1482) User=0.00s Sys=0.00s Real=0.00s
[2026-06-17T09:57:29.050+0800][36.566s][info][gc,start       ] GC(1483) Pause Young (Allocation Failure)
[2026-06-17T09:57:29.052+0800][36.568s][info][gc,heap        ] GC(1483) PSYoungGen: 9710K(14336K)->1429K(14336K) Eden: 6992K(7168K)->0K(7168K) From: 2718K(7168K)->1429K(7168K)
[2026-06-17T09:57:29.052+0800][36.568s][info][gc,heap        ] GC(1483) ParOldGen: 35469K(44032K)->37058K(44032K)
[2026-06-17T09:57:29.053+0800][36.569s][info][gc,metaspace   ] GC(1483) Metaspace: 152K(384K)->152K(384K) NonClass: 147K(256K)->147K(256K) Class: 4K(128K)->4K(128K)
[2026-06-17T09:57:29.053+0800][36.569s][info][gc             ] GC(1483) Pause Young (Allocation Failure) 44M->37M(57M) 2.599ms
[2026-06-17T09:57:29.053+0800][36.569s][info][gc,cpu         ] GC(1483) User=0.00s Sys=0.00s Real=0.01s
[2026-06-17T09:57:29.075+0800][36.591s][info][gc,start       ] GC(1484) Pause Young (Allocation Failure)
[2026-06-17T09:57:29.077+0800][36.593s][info][gc,heap        ] GC(1484) PSYoungGen: 8575K(14336K)->3670K(14336K) Eden: 7146K(7168K)->0K(7168K) From: 1429K(7168K)->3670K(7168K)
[2026-06-17T09:57:29.077+0800][36.593s][info][gc,heap        ] GC(1484) ParOldGen: 37058K(44032K)->38463K(44032K)
[2026-06-17T09:57:29.077+0800][36.593s][info][gc,metaspace   ] GC(1484) Metaspace: 152K(384K)->152K(384K) NonClass: 147K(256K)->147K(256K) Class: 4K(128K)->4K(128K)
[2026-06-17T09:57:29.078+0800][36.594s][info][gc             ] GC(1484) Pause Young (Allocation Failure) 44M->41M(57M) 2.133ms
[2026-06-17T09:57:29.078+0800][36.594s][info][gc,cpu         ] GC(1484) User=0.00s Sys=0.00s Real=0.00s
[2026-06-17T09:57:29.099+0800][36.615s][info][gc,start       ] GC(1485) Pause Young (Allocation Failure)
[2026-06-17T09:57:29.101+0800][36.617s][info][gc,heap        ] GC(1485) PSYoungGen: 10825K(14336K)->3432K(14336K) Eden: 7155K(7168K)->0K(7168K) From: 3670K(7168K)->3432K(7168K)
[2026-06-17T09:57:29.101+0800][36.617s][info][gc,heap        ] GC(1485) ParOldGen: 38463K(44032K)->38923K(44032K)
[2026-06-17T09:57:29.101+0800][36.617s][info][gc,metaspace   ] GC(1485) Metaspace: 152K(384K)->152K(384K) NonClass: 147K(256K)->147K(256K) Class: 4K(128K)->4K(128K)
[2026-06-17T09:57:29.101+0800][36.617s][info][gc             ] GC(1485) Pause Young (Allocation Failure) 48M->41M(57M) 2.092ms
[2026-06-17T09:57:29.102+0800][36.618s][info][gc,cpu         ] GC(1485) User=0.00s Sys=0.00s Real=0.00s
[2026-06-17T09:57:29.123+0800][36.639s][info][gc,start       ] GC(1486) Pause Young (Allocation Failure)
[2026-06-17T09:57:29.124+0800][36.640s][info][gc,heap        ] GC(1486) PSYoungGen: 10599K(14336K)->1722K(14336K) Eden: 7167K(7168K)->0K(7168K) From: 3432K(7168K)->1722K(7168K)
[2026-06-17T09:57:29.124+0800][36.640s][info][gc,heap        ] GC(1486) ParOldGen: 38923K(44032K)->41118K(44032K)
[2026-06-17T09:57:29.124+0800][36.640s][info][gc,metaspace   ] GC(1486) Metaspace: 152K(384K)->152K(384K) NonClass: 147K(256K)->147K(256K) Class: 4K(128K)->4K(128K)
[2026-06-17T09:57:29.124+0800][36.640s][info][gc             ] GC(1486) Pause Young (Allocation Failure) 48M->41M(57M) 1.395ms
[2026-06-17T09:57:29.124+0800][36.640s][info][gc,cpu         ] GC(1486) User=0.00s Sys=0.00s Real=0.00s
[2026-06-17T09:57:29.135+0800][36.651s][info][gc,start       ] GC(1487) Pause Full (Ergonomics)
[2026-06-17T09:57:29.135+0800][36.651s][info][gc,phases,start] GC(1487) Marking Phase
[2026-06-17T09:57:29.136+0800][36.652s][info][gc,phases      ] GC(1487) Marking Phase 0.699ms
[2026-06-17T09:57:29.136+0800][36.652s][info][gc,phases,start] GC(1487) Summary Phase
[2026-06-17T09:57:29.137+0800][36.653s][info][gc,phases      ] GC(1487) Summary Phase 0.526ms
[2026-06-17T09:57:29.137+0800][36.653s][info][gc,phases,start] GC(1487) Adjust Roots
[2026-06-17T09:57:29.137+0800][36.653s][info][gc,phases      ] GC(1487) Adjust Roots 0.208ms
[2026-06-17T09:57:29.137+0800][36.653s][info][gc,phases,start] GC(1487) Compaction Phase
[2026-06-17T09:57:29.139+0800][36.655s][info][gc,phases      ] GC(1487) Compaction Phase 1.616ms
[2026-06-17T09:57:29.139+0800][36.655s][info][gc,phases,start] GC(1487) Post Compact
[2026-06-17T09:57:29.139+0800][36.655s][info][gc,phases      ] GC(1487) Post Compact 0.232ms
[2026-06-17T09:57:29.139+0800][36.655s][info][gc,heap        ] GC(1487) PSYoungGen: 8887K(14336K)->0K(14336K) Eden: 7164K(7168K)->0K(7168K) From: 1722K(7168K)->0K(7168K)
[2026-06-17T09:57:29.139+0800][36.655s][info][gc,heap        ] GC(1487) ParOldGen: 41118K(44032K)->22724K(44032K)
[2026-06-17T09:57:29.139+0800][36.655s][info][gc,metaspace   ] GC(1487) Metaspace: 152K(384K)->152K(384K) NonClass: 147K(256K)->147K(256K) Class: 4K(128K)->4K(128K)
[2026-06-17T09:57:29.140+0800][36.656s][info][gc             ] GC(1487) Pause Full (Ergonomics) 48M->22M(57M) 4.648ms
[2026-06-17T09:57:29.140+0800][36.656s][info][gc,cpu         ] GC(1487) User=0.01s Sys=0.00s Real=0.00s
[2026-06-17T09:57:29.161+0800][36.677s][info][gc,start       ] GC(1488) Pause Young (Allocation Failure)
[2026-06-17T09:57:29.161+0800][36.677s][info][gc,heap        ] GC(1488) PSYoungGen: 7163K(14336K)->3550K(14336K) Eden: 7163K(7168K)->0K(7168K) From: 0K(7168K)->3550K(7168K)
[2026-06-17T09:57:29.162+0800][36.678s][info][gc,heap        ] GC(1488) ParOldGen: 22724K(44032K)->22724K(44032K)
[2026-06-17T09:57:29.162+0800][36.678s][info][gc,metaspace   ] GC(1488) Metaspace: 152K(384K)->152K(384K) NonClass: 147K(256K)->147K(256K) Class: 4K(128K)->4K(128K)
[2026-06-17T09:57:29.163+0800][36.679s][info][gc             ] GC(1488) Pause Young (Allocation Failure) 29M->25M(57M) 2.379ms
[2026-06-17T09:57:29.164+0800][36.680s][info][gc,cpu         ] GC(1488) User=0.00s Sys=0.00s Real=0.01s
[2026-06-17T09:57:29.185+0800][36.701s][info][gc,start       ] GC(1489) Pause Young (Allocation Failure)
[2026-06-17T09:57:29.186+0800][36.702s][info][gc,heap        ] GC(1489) PSYoungGen: 10718K(14336K)->2723K(14848K) Eden: 7168K(7168K)->0K(8192K) From: 3550K(7168K)->2723K(6656K)
[2026-06-17T09:57:29.187+0800][36.703s][info][gc,heap        ] GC(1489) ParOldGen: 22724K(44032K)->23910K(44032K)
[2026-06-17T09:57:29.190+0800][36.706s][info][gc,metaspace   ] GC(1489) Metaspace: 152K(384K)->152K(384K) NonClass: 147K(256K)->147K(256K) Class: 4K(128K)->4K(128K)
[2026-06-17T09:57:29.190+0800][36.706s][info][gc             ] GC(1489) Pause Young (Allocation Failure) 32M->26M(57M) 5.177ms
[2026-06-17T09:57:29.190+0800][36.707s][info][gc,cpu         ] GC(1489) User=0.00s Sys=0.00s Real=0.01s
[2026-06-17T09:57:29.201+0800][36.717s][info][gc,start       ] GC(1490) Pause Young (Allocation Failure)
[2026-06-17T09:57:29.202+0800][36.718s][info][gc,heap        ] GC(1490) PSYoungGen: 10882K(14848K)->1663K(14848K) Eden: 8159K(8192K)->0K(8192K) From: 2723K(6656K)->1663K(6656K)
[2026-06-17T09:57:29.203+0800][36.719s][info][gc,heap        ] GC(1490) ParOldGen: 23910K(44032K)->26057K(44032K)
[2026-06-17T09:57:29.203+0800][36.719s][info][gc,metaspace   ] GC(1490) Metaspace: 152K(384K)->152K(384K) NonClass: 147K(256K)->147K(256K) Class: 4K(128K)->4K(128K)
[2026-06-17T09:57:29.204+0800][36.720s][info][gc             ] GC(1490) Pause Young (Allocation Failure) 33M->27M(57M) 2.094ms
[2026-06-17T09:57:29.204+0800][36.720s][info][gc,cpu         ] GC(1490) User=0.00s Sys=0.00s Real=0.01s
[2026-06-17T09:57:29.235+0800][36.751s][info][gc,start       ] GC(1491) Pause Young (Allocation Failure)
[2026-06-17T09:57:29.236+0800][36.752s][info][gc,heap        ] GC(1491) PSYoungGen: 9843K(14848K)->1582K(14848K) Eden: 8180K(8192K)->0K(8192K) From: 1663K(6656K)->1582K(6656K)
[2026-06-17T09:57:29.237+0800][36.753s][info][gc,heap        ] GC(1491) ParOldGen: 26057K(44032K)->27696K(44032K)
[2026-06-17T09:57:29.237+0800][36.753s][info][gc,metaspace   ] GC(1491) Metaspace: 152K(384K)->152K(384K) NonClass: 147K(256K)->147K(256K) Class: 4K(128K)->4K(128K)
[2026-06-17T09:57:29.237+0800][36.753s][info][gc             ] GC(1491) Pause Young (Allocation Failure) 35M->28M(57M) 1.795ms
[2026-06-17T09:57:29.238+0800][36.754s][info][gc,cpu         ] GC(1491) User=0.00s Sys=0.00s Real=0.00s
[2026-06-17T09:57:29.259+0800][36.775s][info][gc,start       ] GC(1492) Pause Young (Allocation Failure)
[2026-06-17T09:57:29.260+0800][36.776s][info][gc,heap        ] GC(1492) PSYoungGen: 9740K(14848K)->2286K(14848K) Eden: 8157K(8192K)->0K(8192K) From: 1582K(6656K)->2286K(6656K)
[2026-06-17T09:57:29.260+0800][36.776s][info][gc,heap        ] GC(1492) ParOldGen: 27696K(44032K)->27870K(44032K)
[2026-06-17T09:57:29.260+0800][36.776s][info][gc,metaspace   ] GC(1492) Metaspace: 152K(384K)->152K(384K) NonClass: 147K(256K)->147K(256K) Class: 4K(128K)->4K(128K)
[2026-06-17T09:57:29.260+0800][36.776s][info][gc             ] GC(1492) Pause Young (Allocation Failure) 36M->29M(57M) 1.433ms
[2026-06-17T09:57:29.260+0800][36.776s][info][gc,cpu         ] GC(1492) User=0.00s Sys=0.00s Real=0.00s
[2026-06-17T09:57:29.282+0800][36.798s][info][gc,start       ] GC(1493) Pause Young (Allocation Failure)
[2026-06-17T09:57:29.282+0800][36.798s][info][gc,heap        ] GC(1493) PSYoungGen: 10463K(14848K)->3749K(15360K) Eden: 8177K(8192K)->0K(9216K) From: 2286K(6656K)->3749K(6144K)
[2026-06-17T09:57:29.283+0800][36.799s][info][gc,heap        ] GC(1493) ParOldGen: 27870K(44032K)->27870K(44032K)
[2026-06-17T09:57:29.283+0800][36.799s][info][gc,metaspace   ] GC(1493) Metaspace: 152K(384K)->152K(384K) NonClass: 147K(256K)->147K(256K) Class: 4K(128K)->4K(128K)
[2026-06-17T09:57:29.283+0800][36.799s][info][gc             ] GC(1493) Pause Young (Allocation Failure) 37M->30M(58M) 1.146ms
[2026-06-17T09:57:29.283+0800][36.799s][info][gc,cpu         ] GC(1493) User=0.00s Sys=0.00s Real=0.01s
[2026-06-17T09:57:29.304+0800][36.820s][info][gc,start       ] GC(1494) Pause Young (Allocation Failure)
[2026-06-17T09:57:29.305+0800][36.821s][info][gc,heap        ] GC(1494) PSYoungGen: 12939K(15360K)->6131K(15360K) Eden: 9189K(9216K)->0K(9216K) From: 3749K(6144K)->6131K(6144K)
[2026-06-17T09:57:29.305+0800][36.821s][info][gc,heap        ] GC(1494) ParOldGen: 27870K(44032K)->28118K(44032K)
[2026-06-17T09:57:29.305+0800][36.821s][info][gc,metaspace   ] GC(1494) Metaspace: 152K(384K)->152K(384K) NonClass: 147K(256K)->147K(256K) Class: 4K(128K)->4K(128K)
[2026-06-17T09:57:29.305+0800][36.821s][info][gc             ] GC(1494) Pause Young (Allocation Failure) 39M->33M(58M) 1.383ms
[2026-06-17T09:57:29.305+0800][36.821s][info][gc,cpu         ] GC(1494) User=0.00s Sys=0.00s Real=0.00s
[2026-06-17T09:57:29.327+0800][36.843s][info][gc,start       ] GC(1495) Pause Young (Allocation Failure)
[2026-06-17T09:57:29.328+0800][36.844s][info][gc,heap        ] GC(1495) PSYoungGen: 15298K(15360K)->5453K(13312K) Eden: 9167K(9216K)->0K(7168K) From: 6131K(6144K)->5453K(6144K)
[2026-06-17T09:57:29.329+0800][36.845s][info][gc,heap        ] GC(1495) ParOldGen: 28118K(44032K)->31338K(44032K)
[2026-06-17T09:57:29.329+0800][36.845s][info][gc,metaspace   ] GC(1495) Metaspace: 152K(384K)->152K(384K) NonClass: 147K(256K)->147K(256K) Class: 4K(128K)->4K(128K)
[2026-06-17T09:57:29.329+0800][36.845s][info][gc             ] GC(1495) Pause Young (Allocation Failure) 42M->35M(56M) 2.129ms
[2026-06-17T09:57:29.329+0800][36.845s][info][gc,cpu         ] GC(1495) User=0.00s Sys=0.00s Real=0.00s
[2026-06-17T09:57:29.350+0800][36.866s][info][gc,start       ] GC(1496) Pause Young (Allocation Failure)
[2026-06-17T09:57:29.351+0800][36.867s][info][gc,heap        ] GC(1496) PSYoungGen: 12571K(13312K)->2414K(14336K) Eden: 7118K(7168K)->0K(7168K) From: 5453K(6144K)->2414K(7168K)
[2026-06-17T09:57:29.351+0800][36.867s][info][gc,heap        ] GC(1496) ParOldGen: 31338K(44032K)->34205K(44032K)
[2026-06-17T09:57:29.351+0800][36.867s][info][gc,metaspace   ] GC(1496) Metaspace: 152K(384K)->152K(384K) NonClass: 147K(256K)->147K(256K) Class: 4K(128K)->4K(128K)
[2026-06-17T09:57:29.351+0800][36.867s][info][gc             ] GC(1496) Pause Young (Allocation Failure) 42M->35M(57M) 1.408ms
[2026-06-17T09:57:29.352+0800][36.868s][info][gc,cpu         ] GC(1496) User=0.01s Sys=0.00s Real=0.01s
[2026-06-17T09:57:29.373+0800][36.889s][info][gc,start       ] GC(1497) Pause Young (Allocation Failure)
[2026-06-17T09:57:29.373+0800][36.889s][info][gc,heap        ] GC(1497) PSYoungGen: 9577K(14336K)->384K(14336K) Eden: 7163K(7168K)->0K(7168K) From: 2414K(7168K)->384K(7168K)
[2026-06-17T09:57:29.374+0800][36.890s][info][gc,heap        ] GC(1497) ParOldGen: 34205K(44032K)->36194K(44032K)
[2026-06-17T09:57:29.374+0800][36.890s][info][gc,metaspace   ] GC(1497) Metaspace: 152K(384K)->152K(384K) NonClass: 147K(256K)->147K(256K) Class: 4K(128K)->4K(128K)
[2026-06-17T09:57:29.374+0800][36.890s][info][gc             ] GC(1497) Pause Young (Allocation Failure) 42M->35M(57M) 1.601ms
[2026-06-17T09:57:29.375+0800][36.891s][info][gc,cpu         ] GC(1497) User=0.00s Sys=0.00s Real=0.00s
[2026-06-17T09:57:29.385+0800][36.901s][info][gc,start       ] GC(1498) Pause Young (Allocation Failure)
[2026-06-17T09:57:29.386+0800][36.902s][info][gc,heap        ] GC(1498) PSYoungGen: 7542K(14336K)->3937K(14336K) Eden: 7158K(7168K)->0K(7168K) From: 384K(7168K)->3937K(7168K)
[2026-06-17T09:57:29.386+0800][36.902s][info][gc,heap        ] GC(1498) ParOldGen: 36194K(44032K)->36194K(44032K)
[2026-06-17T09:57:29.386+0800][36.902s][info][gc,metaspace   ] GC(1498) Metaspace: 152K(384K)->152K(384K) NonClass: 147K(256K)->147K(256K) Class: 4K(128K)->4K(128K)
[2026-06-17T09:57:29.387+0800][36.903s][info][gc             ] GC(1498) Pause Young (Allocation Failure) 42M->39M(57M) 1.209ms
[2026-06-17T09:57:29.387+0800][36.903s][info][gc,cpu         ] GC(1498) User=0.00s Sys=0.00s Real=0.00s
[2026-06-17T09:57:29.408+0800][36.924s][info][gc,start       ] GC(1499) Pause Young (Allocation Failure)
[2026-06-17T09:57:29.409+0800][36.925s][info][gc,heap        ] GC(1499) PSYoungGen: 11105K(14336K)->2346K(14336K) Eden: 7167K(7168K)->0K(7168K) From: 3937K(7168K)->2346K(7168K)
[2026-06-17T09:57:29.409+0800][36.925s][info][gc,heap        ] GC(1499) ParOldGen: 36194K(44032K)->38011K(44032K)
[2026-06-17T09:57:29.409+0800][36.925s][info][gc,metaspace   ] GC(1499) Metaspace: 152K(384K)->152K(384K) NonClass: 147K(256K)->147K(256K) Class: 4K(128K)->4K(128K)
[2026-06-17T09:57:29.409+0800][36.925s][info][gc             ] GC(1499) Pause Young (Allocation Failure) 46M->39M(57M) 1.147ms
[2026-06-17T09:57:29.409+0800][36.925s][info][gc,cpu         ] GC(1499) User=0.00s Sys=0.00s Real=0.00s
[2026-06-17T09:57:29.430+0800][36.946s][info][gc,start       ] GC(1500) Pause Young (Allocation Failure)
[2026-06-17T09:57:29.431+0800][36.947s][info][gc,heap        ] GC(1500) PSYoungGen: 9499K(14336K)->2561K(14336K) Eden: 7152K(7168K)->0K(7168K) From: 2346K(7168K)->2561K(7168K)
[2026-06-17T09:57:29.431+0800][36.947s][info][gc,heap        ] GC(1500) ParOldGen: 38011K(44032K)->38011K(44032K)
[2026-06-17T09:57:29.431+0800][36.947s][info][gc,metaspace   ] GC(1500) Metaspace: 152K(384K)->152K(384K) NonClass: 147K(256K)->147K(256K) Class: 4K(128K)->4K(128K)
[2026-06-17T09:57:29.431+0800][36.947s][info][gc             ] GC(1500) Pause Young (Allocation Failure) 46M->39M(57M) 1.500ms
[2026-06-17T09:57:29.432+0800][36.948s][info][gc,cpu         ] GC(1500) User=0.00s Sys=0.00s Real=0.01s
[2026-06-17T09:57:29.443+0800][36.959s][info][gc,start       ] GC(1501) Pause Young (Allocation Failure)
[2026-06-17T09:57:29.443+0800][36.959s][info][gc,heap        ] GC(1501) PSYoungGen: 9674K(14336K)->1145K(14848K) Eden: 7113K(7168K)->0K(8192K) From: 2561K(7168K)->1145K(6656K)
[2026-06-17T09:57:29.444+0800][36.960s][info][gc,heap        ] GC(1501) ParOldGen: 38011K(44032K)->39730K(44032K)
[2026-06-17T09:57:29.444+0800][36.960s][info][gc,metaspace   ] GC(1501) Metaspace: 152K(384K)->152K(384K) NonClass: 147K(256K)->147K(256K) Class: 4K(128K)->4K(128K)
[2026-06-17T09:57:29.444+0800][36.960s][info][gc             ] GC(1501) Pause Young (Allocation Failure) 46M->39M(57M) 1.309ms
[2026-06-17T09:57:29.444+0800][36.960s][info][gc,cpu         ] GC(1501) User=0.00s Sys=0.00s Real=0.00s
[2026-06-17T09:57:29.475+0800][36.991s][info][gc,start       ] GC(1502) Pause Young (Allocation Failure)
[2026-06-17T09:57:29.476+0800][36.992s][info][gc,heap        ] GC(1502) PSYoungGen: 9293K(14848K)->1193K(14848K) Eden: 8148K(8192K)->0K(8192K) From: 1145K(6656K)->1193K(6656K)
[2026-06-17T09:57:29.476+0800][36.992s][info][gc,heap        ] GC(1502) ParOldGen: 39730K(44032K)->40851K(44032K)
[2026-06-17T09:57:29.476+0800][36.992s][info][gc,metaspace   ] GC(1502) Metaspace: 152K(384K)->152K(384K) NonClass: 147K(256K)->147K(256K) Class: 4K(128K)->4K(128K)
[2026-06-17T09:57:29.476+0800][36.992s][info][gc             ] GC(1502) Pause Young (Allocation Failure) 47M->41M(57M) 1.058ms
[2026-06-17T09:57:29.476+0800][36.992s][info][gc,cpu         ] GC(1502) User=0.00s Sys=0.00s Real=0.00s
[2026-06-17T09:57:29.497+0800][37.013s][info][gc,start       ] GC(1503) Pause Full (Ergonomics)
[2026-06-17T09:57:29.497+0800][37.013s][info][gc,phases,start] GC(1503) Marking Phase
[2026-06-17T09:57:29.498+0800][37.014s][info][gc,phases      ] GC(1503) Marking Phase 0.821ms
[2026-06-17T09:57:29.499+0800][37.015s][info][gc,phases,start] GC(1503) Summary Phase
[2026-06-17T09:57:29.499+0800][37.015s][info][gc,phases      ] GC(1503) Summary Phase 0.155ms
[2026-06-17T09:57:29.499+0800][37.015s][info][gc,phases,start] GC(1503) Adjust Roots
[2026-06-17T09:57:29.499+0800][37.015s][info][gc,phases      ] GC(1503) Adjust Roots 0.403ms
[2026-06-17T09:57:29.500+0800][37.016s][info][gc,phases,start] GC(1503) Compaction Phase
[2026-06-17T09:57:29.501+0800][37.017s][info][gc,phases      ] GC(1503) Compaction Phase 1.064ms
[2026-06-17T09:57:29.501+0800][37.017s][info][gc,phases,start] GC(1503) Post Compact
[2026-06-17T09:57:29.501+0800][37.017s][info][gc,phases      ] GC(1503) Post Compact 0.375ms
[2026-06-17T09:57:29.502+0800][37.018s][info][gc,heap        ] GC(1503) PSYoungGen: 9383K(14848K)->0K(14848K) Eden: 8190K(8192K)->0K(8192K) From: 1193K(6656K)->0K(6656K)
[2026-06-17T09:57:29.502+0800][37.018s][info][gc,heap        ] GC(1503) ParOldGen: 40851K(44032K)->21286K(44032K)
[2026-06-17T09:57:29.502+0800][37.018s][info][gc,metaspace   ] GC(1503) Metaspace: 152K(384K)->152K(384K) NonClass: 147K(256K)->147K(256K) Class: 4K(128K)->4K(128K)
[2026-06-17T09:57:29.502+0800][37.018s][info][gc             ] GC(1503) Pause Full (Ergonomics) 49M->20M(57M) 4.685ms
[2026-06-17T09:57:29.502+0800][37.018s][info][gc,cpu         ] GC(1503) User=0.00s Sys=0.00s Real=0.00s
[2026-06-17T09:57:29.513+0800][37.029s][info][gc,start       ] GC(1504) Pause Young (Allocation Failure)
[2026-06-17T09:57:29.514+0800][37.030s][info][gc,heap        ] GC(1504) PSYoungGen: 7897K(14848K)->4342K(12800K) Eden: 7897K(8192K)->0K(8192K) From: 0K(6656K)->4342K(4608K)
[2026-06-17T09:57:29.514+0800][37.030s][info][gc,heap        ] GC(1504) ParOldGen: 21286K(44032K)->21286K(44032K)
[2026-06-17T09:57:29.514+0800][37.030s][info][gc,metaspace   ] GC(1504) Metaspace: 152K(384K)->152K(384K) NonClass: 147K(256K)->147K(256K) Class: 4K(128K)->4K(128K)
[2026-06-17T09:57:29.514+0800][37.030s][info][gc             ] GC(1504) Pause Young (Allocation Failure) 28M->25M(55M) 1.174ms
[2026-06-17T09:57:29.514+0800][37.030s][info][gc,cpu         ] GC(1504) User=0.00s Sys=0.00s Real=0.00s
[2026-06-17T09:57:29.535+0800][37.051s][info][gc,start       ] GC(1505) Pause Young (Allocation Failure)
[2026-06-17T09:57:29.537+0800][37.053s][info][gc,heap        ] GC(1505) PSYoungGen: 12493K(12800K)->4766K(14336K) Eden: 8151K(8192K)->0K(7168K) From: 4342K(4608K)->4766K(7168K)
[2026-06-17T09:57:29.537+0800][37.053s][info][gc,heap        ] GC(1505) ParOldGen: 21286K(44032K)->25618K(44032K)
[2026-06-17T09:57:29.537+0800][37.053s][info][gc,metaspace   ] GC(1505) Metaspace: 152K(384K)->152K(384K) NonClass: 147K(256K)->147K(256K) Class: 4K(128K)->4K(128K)
[2026-06-17T09:57:29.537+0800][37.053s][info][gc             ] GC(1505) Pause Young (Allocation Failure) 32M->29M(57M) 2.114ms
[2026-06-17T09:57:29.537+0800][37.053s][info][gc,cpu         ] GC(1505) User=0.00s Sys=0.00s Real=0.00s
[2026-06-17T09:57:29.558+0800][37.075s][info][gc,start       ] GC(1506) Pause Young (Allocation Failure)
[2026-06-17T09:57:29.559+0800][37.075s][info][gc,heap        ] GC(1506) PSYoungGen: 11934K(14336K)->2909K(14336K) Eden: 7168K(7168K)->0K(7168K) From: 4766K(7168K)->2909K(7168K)
[2026-06-17T09:57:29.560+0800][37.076s][info][gc,heap        ] GC(1506) ParOldGen: 25618K(44032K)->27525K(44032K)
[2026-06-17T09:57:29.560+0800][37.076s][info][gc,metaspace   ] GC(1506) Metaspace: 152K(384K)->152K(384K) NonClass: 147K(256K)->147K(256K) Class: 4K(128K)->4K(128K)
[2026-06-17T09:57:29.560+0800][37.076s][info][gc             ] GC(1506) Pause Young (Allocation Failure) 36M->29M(57M) 1.515ms
[2026-06-17T09:57:29.560+0800][37.076s][info][gc,cpu         ] GC(1506) User=0.01s Sys=0.00s Real=0.00s
[2026-06-17T09:57:29.581+0800][37.097s][info][gc,start       ] GC(1507) Pause Young (Allocation Failure)
[2026-06-17T09:57:29.583+0800][37.099s][info][gc,heap        ] GC(1507) PSYoungGen: 10046K(14336K)->554K(14336K) Eden: 7136K(7168K)->0K(7168K) From: 2909K(7168K)->554K(7168K)
[2026-06-17T09:57:29.583+0800][37.099s][info][gc,heap        ] GC(1507) ParOldGen: 27525K(44032K)->29850K(44032K)
[2026-06-17T09:57:29.583+0800][37.099s][info][gc,metaspace   ] GC(1507) Metaspace: 152K(384K)->152K(384K) NonClass: 147K(256K)->147K(256K) Class: 4K(128K)->4K(128K)
[2026-06-17T09:57:29.584+0800][37.100s][info][gc             ] GC(1507) Pause Young (Allocation Failure) 36M->29M(57M) 2.489ms
[2026-06-17T09:57:29.584+0800][37.100s][info][gc,cpu         ] GC(1507) User=0.00s Sys=0.00s Real=0.01s
[2026-06-17T09:57:29.596+0800][37.112s][info][gc,start       ] GC(1508) Pause Young (Allocation Failure)
[2026-06-17T09:57:29.597+0800][37.113s][info][gc,heap        ] GC(1508) PSYoungGen: 7710K(14336K)->4488K(14336K) Eden: 7156K(7168K)->0K(7168K) From: 554K(7168K)->4488K(7168K)
[2026-06-17T09:57:29.597+0800][37.113s][info][gc,heap        ] GC(1508) ParOldGen: 29850K(44032K)->29850K(44032K)
[2026-06-17T09:57:29.598+0800][37.114s][info][gc,metaspace   ] GC(1508) Metaspace: 152K(384K)->152K(384K) NonClass: 147K(256K)->147K(256K) Class: 4K(128K)->4K(128K)
[2026-06-17T09:57:29.598+0800][37.114s][info][gc             ] GC(1508) Pause Young (Allocation Failure) 36M->33M(57M) 2.231ms
[2026-06-17T09:57:29.598+0800][37.114s][info][gc,cpu         ] GC(1508) User=0.00s Sys=0.00s Real=0.00s
[2026-06-17T09:57:29.620+0800][37.136s][info][gc,start       ] GC(1509) Pause Young (Allocation Failure)
[2026-06-17T09:57:29.622+0800][37.138s][info][gc,heap        ] GC(1509) PSYoungGen: 11656K(14336K)->3104K(14848K) Eden: 7168K(7168K)->0K(7680K) From: 4488K(7168K)->3104K(7168K)
[2026-06-17T09:57:29.623+0800][37.139s][info][gc,heap        ] GC(1509) ParOldGen: 29850K(44032K)->31595K(44032K)
[2026-06-17T09:57:29.623+0800][37.139s][info][gc,metaspace   ] GC(1509) Metaspace: 152K(384K)->152K(384K) NonClass: 147K(256K)->147K(256K) Class: 4K(128K)->4K(128K)
[2026-06-17T09:57:29.624+0800][37.140s][info][gc             ] GC(1509) Pause Young (Allocation Failure) 40M->33M(57M) 3.493ms
[2026-06-17T09:57:29.624+0800][37.140s][info][gc,cpu         ] GC(1509) User=0.00s Sys=0.00s Real=0.01s
[2026-06-17T09:57:29.646+0800][37.162s][info][gc,start       ] GC(1510) Pause Young (Allocation Failure)
[2026-06-17T09:57:29.648+0800][37.164s][info][gc,heap        ] GC(1510) PSYoungGen: 10734K(14848K)->3366K(14336K) Eden: 7630K(7680K)->0K(7680K) From: 3104K(7168K)->3366K(6656K)
[2026-06-17T09:57:29.649+0800][37.165s][info][gc,heap        ] GC(1510) ParOldGen: 31595K(44032K)->31595K(44032K)
[2026-06-17T09:57:29.650+0800][37.166s][info][gc,metaspace   ] GC(1510) Metaspace: 152K(384K)->152K(384K) NonClass: 147K(256K)->147K(256K) Class: 4K(128K)->4K(128K)
[2026-06-17T09:57:29.650+0800][37.166s][info][gc             ] GC(1510) Pause Young (Allocation Failure) 41M->34M(57M) 3.697ms
[2026-06-17T09:57:29.651+0800][37.167s][info][gc,cpu         ] GC(1510) User=0.00s Sys=0.00s Real=0.01s
[2026-06-17T09:57:29.673+0800][37.189s][info][gc,start       ] GC(1511) Pause Young (Allocation Failure)
[2026-06-17T09:57:29.675+0800][37.191s][info][gc,heap        ] GC(1511) PSYoungGen: 11041K(14336K)->1970K(14848K) Eden: 7674K(7680K)->0K(8192K) From: 3366K(6656K)->1970K(6656K)
[2026-06-17T09:57:29.676+0800][37.192s][info][gc,heap        ] GC(1511) ParOldGen: 31595K(44032K)->33686K(44032K)
[2026-06-17T09:57:29.676+0800][37.192s][info][gc,metaspace   ] GC(1511) Metaspace: 152K(384K)->152K(384K) NonClass: 147K(256K)->147K(256K) Class: 4K(128K)->4K(128K)
[2026-06-17T09:57:29.677+0800][37.193s][info][gc             ] GC(1511) Pause Young (Allocation Failure) 41M->34M(57M) 4.253ms
[2026-06-17T09:57:29.678+0800][37.194s][info][gc,cpu         ] GC(1511) User=0.00s Sys=0.00s Real=0.00s
[2026-06-17T09:57:29.700+0800][37.216s][info][gc,start       ] GC(1512) Pause Young (Allocation Failure)
[2026-06-17T09:57:29.704+0800][37.220s][info][gc,heap        ] GC(1512) PSYoungGen: 10136K(14848K)->1317K(14848K) Eden: 8166K(8192K)->0K(8192K) From: 1970K(6656K)->1317K(6656K)
[2026-06-17T09:57:29.704+0800][37.220s][info][gc,heap        ] GC(1512) ParOldGen: 33686K(44032K)->35632K(44032K)
[2026-06-17T09:57:29.705+0800][37.221s][info][gc,metaspace   ] GC(1512) Metaspace: 152K(384K)->152K(384K) NonClass: 147K(256K)->147K(256K) Class: 4K(128K)->4K(128K)
[2026-06-17T09:57:29.705+0800][37.221s][info][gc             ] GC(1512) Pause Young (Allocation Failure) 42M->36M(57M) 5.291ms
[2026-06-17T09:57:29.705+0800][37.221s][info][gc,cpu         ] GC(1512) User=0.00s Sys=0.00s Real=0.01s
[2026-06-17T09:57:29.727+0800][37.243s][info][gc,start       ] GC(1513) Pause Young (Allocation Failure)
[2026-06-17T09:57:29.729+0800][37.245s][info][gc,heap        ] GC(1513) PSYoungGen: 9495K(14848K)->2739K(15360K) Eden: 8177K(8192K)->0K(8704K) From: 1317K(6656K)->2739K(6656K)
[2026-06-17T09:57:29.730+0800][37.246s][info][gc,heap        ] GC(1513) ParOldGen: 35632K(44032K)->35632K(44032K)
[2026-06-17T09:57:29.731+0800][37.247s][info][gc,metaspace   ] GC(1513) Metaspace: 152K(384K)->152K(384K) NonClass: 147K(256K)->147K(256K) Class: 4K(128K)->4K(128K)
[2026-06-17T09:57:29.731+0800][37.247s][info][gc             ] GC(1513) Pause Young (Allocation Failure) 44M->37M(58M) 4.132ms
[2026-06-17T09:57:29.732+0800][37.248s][info][gc,cpu         ] GC(1513) User=0.00s Sys=0.00s Real=0.01s
[2026-06-17T09:57:29.745+0800][37.261s][info][gc,start       ] GC(1514) Pause Young (Allocation Failure)
[2026-06-17T09:57:29.747+0800][37.263s][info][gc,heap        ] GC(1514) PSYoungGen: 11442K(15360K)->2056K(14848K) Eden: 8703K(8704K)->0K(8704K) From: 2739K(6656K)->2056K(6144K)
[2026-06-17T09:57:29.747+0800][37.263s][info][gc,heap        ] GC(1514) ParOldGen: 35632K(44032K)->37836K(44032K)
[2026-06-17T09:57:29.748+0800][37.264s][info][gc,metaspace   ] GC(1514) Metaspace: 152K(384K)->152K(384K) NonClass: 147K(256K)->147K(256K) Class: 4K(128K)->4K(128K)
[2026-06-17T09:57:29.748+0800][37.264s][info][gc             ] GC(1514) Pause Young (Allocation Failure) 45M->38M(57M) 3.692ms
[2026-06-17T09:57:29.749+0800][37.265s][info][gc,cpu         ] GC(1514) User=0.00s Sys=0.01s Real=0.00s
[2026-06-17T09:57:29.782+0800][37.298s][info][gc,start       ] GC(1515) Pause Young (Allocation Failure)
[2026-06-17T09:57:29.783+0800][37.299s][info][gc,heap        ] GC(1515) PSYoungGen: 10755K(14848K)->1568K(15872K) Eden: 8699K(8704K)->0K(9728K) From: 2056K(6144K)->1568K(6144K)
[2026-06-17T09:57:29.784+0800][37.300s][info][gc,heap        ] GC(1515) ParOldGen: 37836K(44032K)->39869K(44032K)
[2026-06-17T09:57:29.784+0800][37.300s][info][gc,metaspace   ] GC(1515) Metaspace: 152K(384K)->152K(384K) NonClass: 147K(256K)->147K(256K) Class: 4K(128K)->4K(128K)
[2026-06-17T09:57:29.784+0800][37.300s][info][gc             ] GC(1515) Pause Young (Allocation Failure) 47M->40M(58M) 2.744ms
[2026-06-17T09:57:29.785+0800][37.301s][info][gc,cpu         ] GC(1515) User=0.00s Sys=0.00s Real=0.01s
[2026-06-17T09:57:29.807+0800][37.323s][info][gc,start       ] GC(1516) Pause Young (Allocation Failure)
[2026-06-17T09:57:29.808+0800][37.324s][info][gc,heap        ] GC(1516) PSYoungGen: 11296K(15872K)->3784K(15360K) Eden: 9728K(9728K)->0K(9728K) From: 1568K(6144K)->3784K(5632K)
[2026-06-17T09:57:29.809+0800][37.325s][info][gc,heap        ] GC(1516) ParOldGen: 39869K(44032K)->40651K(44032K)
[2026-06-17T09:57:29.809+0800][37.325s][info][gc,metaspace   ] GC(1516) Metaspace: 152K(384K)->152K(384K) NonClass: 147K(256K)->147K(256K) Class: 4K(128K)->4K(128K)
[2026-06-17T09:57:29.809+0800][37.325s][info][gc             ] GC(1516) Pause Young (Allocation Failure) 49M->43M(58M) 2.613ms
[2026-06-17T09:57:29.809+0800][37.325s][info][gc,cpu         ] GC(1516) User=0.00s Sys=0.00s Real=0.00s
[2026-06-17T09:57:29.831+0800][37.347s][info][gc,start       ] GC(1517) Pause Full (Ergonomics)
[2026-06-17T09:57:29.832+0800][37.348s][info][gc,phases,start] GC(1517) Marking Phase
[2026-06-17T09:57:29.833+0800][37.349s][info][gc,phases      ] GC(1517) Marking Phase 1.814ms
[2026-06-17T09:57:29.834+0800][37.350s][info][gc,phases,start] GC(1517) Summary Phase
[2026-06-17T09:57:29.834+0800][37.350s][info][gc,phases      ] GC(1517) Summary Phase 0.347ms
[2026-06-17T09:57:29.835+0800][37.351s][info][gc,phases,start] GC(1517) Adjust Roots
[2026-06-17T09:57:29.836+0800][37.352s][info][gc,phases      ] GC(1517) Adjust Roots 0.721ms
[2026-06-17T09:57:29.836+0800][37.352s][info][gc,phases,start] GC(1517) Compaction Phase
[2026-06-17T09:57:29.839+0800][37.355s][info][gc,phases      ] GC(1517) Compaction Phase 2.908ms
[2026-06-17T09:57:29.840+0800][37.356s][info][gc,phases,start] GC(1517) Post Compact
[2026-06-17T09:57:29.844+0800][37.360s][info][gc,phases      ] GC(1517) Post Compact 4.704ms
[2026-06-17T09:57:29.845+0800][37.361s][info][gc,heap        ] GC(1517) PSYoungGen: 13499K(15360K)->0K(15360K) Eden: 9715K(9728K)->0K(9216K) From: 3784K(5632K)->0K(6144K)
[2026-06-17T09:57:29.846+0800][37.362s][info][gc,heap        ] GC(1517) ParOldGen: 40651K(44032K)->29025K(44032K)
[2026-06-17T09:57:29.848+0800][37.364s][info][gc,metaspace   ] GC(1517) Metaspace: 152K(384K)->152K(384K) NonClass: 147K(256K)->147K(256K) Class: 4K(128K)->4K(128K)
[2026-06-17T09:57:29.849+0800][37.365s][info][gc             ] GC(1517) Pause Full (Ergonomics) 52M->28M(58M) 17.760ms
[2026-06-17T09:57:29.849+0800][37.365s][info][gc,cpu         ] GC(1517) User=0.01s Sys=0.00s Real=0.01s
[2026-06-17T09:57:29.871+0800][37.387s][info][gc,start       ] GC(1518) Pause Young (Allocation Failure)
[2026-06-17T09:57:29.872+0800][37.388s][info][gc,heap        ] GC(1518) PSYoungGen: 9206K(15360K)->2527K(15360K) Eden: 9206K(9216K)->0K(9216K) From: 0K(6144K)->2527K(6144K)
[2026-06-17T09:57:29.873+0800][37.389s][info][gc,heap        ] GC(1518) ParOldGen: 29025K(44032K)->29025K(44032K)
[2026-06-17T09:57:29.873+0800][37.389s][info][gc,metaspace   ] GC(1518) Metaspace: 152K(384K)->152K(384K) NonClass: 147K(256K)->147K(256K) Class: 4K(128K)->4K(128K)
[2026-06-17T09:57:29.874+0800][37.390s][info][gc             ] GC(1518) Pause Young (Allocation Failure) 37M->30M(58M) 2.596ms
[2026-06-17T09:57:29.874+0800][37.390s][info][gc,cpu         ] GC(1518) User=0.00s Sys=0.00s Real=0.00s
[2026-06-17T09:57:29.907+0800][37.423s][info][gc,start       ] GC(1519) Pause Young (Allocation Failure)
[2026-06-17T09:57:29.909+0800][37.425s][info][gc,heap        ] GC(1519) PSYoungGen: 11743K(15360K)->2816K(15872K) Eden: 9216K(9216K)->0K(10240K) From: 2527K(6144K)->2816K(5632K)
[2026-06-17T09:57:29.910+0800][37.426s][info][gc,heap        ] GC(1519) ParOldGen: 29025K(44032K)->31522K(44032K)
[2026-06-17T09:57:29.911+0800][37.427s][info][gc,metaspace   ] GC(1519) Metaspace: 152K(384K)->152K(384K) NonClass: 147K(256K)->147K(256K) Class: 4K(128K)->4K(128K)
[2026-06-17T09:57:29.911+0800][37.427s][info][gc             ] GC(1519) Pause Young (Allocation Failure) 39M->33M(58M) 4.203ms
[2026-06-17T09:57:29.912+0800][37.428s][info][gc,cpu         ] GC(1519) User=0.01s Sys=0.00s Real=0.01s
[2026-06-17T09:57:29.944+0800][37.460s][info][gc,start       ] GC(1520) Pause Young (Allocation Failure)
[2026-06-17T09:57:29.945+0800][37.461s][info][gc,heap        ] GC(1520) PSYoungGen: 13019K(15872K)->2326K(15872K) Eden: 10202K(10240K)->0K(10240K) From: 2816K(5632K)->2326K(5632K)
[2026-06-17T09:57:29.946+0800][37.462s][info][gc,heap        ] GC(1520) ParOldGen: 31522K(44032K)->31967K(44032K)
[2026-06-17T09:57:29.947+0800][37.463s][info][gc,metaspace   ] GC(1520) Metaspace: 152K(384K)->152K(384K) NonClass: 147K(256K)->147K(256K) Class: 4K(128K)->4K(128K)
[2026-06-17T09:57:29.947+0800][37.463s][info][gc             ] GC(1520) Pause Young (Allocation Failure) 43M->33M(58M) 3.326ms
[2026-06-17T09:57:29.948+0800][37.464s][info][gc,cpu         ] GC(1520) User=0.00s Sys=0.00s Real=0.00s
[2026-06-17T09:57:29.959+0800][37.475s][info][gc,start       ] GC(1521) Pause Young (Allocation Failure)
[2026-06-17T09:57:29.961+0800][37.477s][info][gc,heap        ] GC(1521) PSYoungGen: 11413K(15872K)->2496K(16384K) Eden: 9086K(10240K)->0K(11264K) From: 2326K(5632K)->2496K(5120K)
[2026-06-17T09:57:29.961+0800][37.477s][info][gc,heap        ] GC(1521) ParOldGen: 31967K(44032K)->34124K(44032K)
[2026-06-17T09:57:29.962+0800][37.478s][info][gc,metaspace   ] GC(1521) Metaspace: 152K(384K)->152K(384K) NonClass: 147K(256K)->147K(256K) Class: 4K(128K)->4K(128K)
[2026-06-17T09:57:29.962+0800][37.478s][info][gc             ] GC(1521) Pause Young (Allocation Failure) 42M->35M(59M) 3.074ms
[2026-06-17T09:57:29.963+0800][37.479s][info][gc,cpu         ] GC(1521) User=0.00s Sys=0.00s Real=0.01s
[2026-06-17T09:57:29.995+0800][37.511s][info][gc,start       ] GC(1522) Pause Young (Allocation Failure)
[2026-06-17T09:57:29.997+0800][37.513s][info][gc,heap        ] GC(1522) PSYoungGen: 13759K(16384K)->4559K(15872K) Eden: 11263K(11264K)->0K(11264K) From: 2496K(5120K)->4559K(4608K)
[2026-06-17T09:57:29.997+0800][37.513s][info][gc,heap        ] GC(1522) ParOldGen: 34124K(44032K)->36596K(44032K)
[2026-06-17T09:57:29.998+0800][37.514s][info][gc,metaspace   ] GC(1522) Metaspace: 152K(384K)->152K(384K) NonClass: 147K(256K)->147K(256K) Class: 4K(128K)->4K(128K)
[2026-06-17T09:57:29.999+0800][37.515s][info][gc             ] GC(1522) Pause Young (Allocation Failure) 46M->40M(58M) 3.601ms
[2026-06-17T09:57:29.999+0800][37.515s][info][gc,cpu         ] GC(1522) User=0.00s Sys=0.00s Real=0.00s
[2026-06-17T09:57:30.021+0800][37.537s][info][gc,start       ] GC(1523) Pause Young (Allocation Failure)
[2026-06-17T09:57:30.022+0800][37.538s][info][gc,heap        ] GC(1523) PSYoungGen: 15491K(15872K)->1480K(15872K) Eden: 10931K(11264K)->0K(10240K) From: 4559K(4608K)->1480K(5632K)
[2026-06-17T09:57:30.023+0800][37.539s][info][gc,heap        ] GC(1523) ParOldGen: 36596K(44032K)->40010K(44032K)
[2026-06-17T09:57:30.023+0800][37.539s][info][gc,metaspace   ] GC(1523) Metaspace: 152K(384K)->152K(384K) NonClass: 147K(256K)->147K(256K) Class: 4K(128K)->4K(128K)
[2026-06-17T09:57:30.023+0800][37.539s][info][gc             ] GC(1523) Pause Young (Allocation Failure) 50M->40M(58M) 2.741ms
[2026-06-17T09:57:30.024+0800][37.540s][info][gc,cpu         ] GC(1523) User=0.00s Sys=0.00s Real=0.01s
[2026-06-17T09:57:30.056+0800][37.572s][info][gc,start       ] GC(1524) Pause Full (Ergonomics)
[2026-06-17T09:57:30.057+0800][37.573s][info][gc,phases,start] GC(1524) Marking Phase
[2026-06-17T09:57:30.058+0800][37.574s][info][gc,phases      ] GC(1524) Marking Phase 1.437ms
[2026-06-17T09:57:30.059+0800][37.575s][info][gc,phases,start] GC(1524) Summary Phase
[2026-06-17T09:57:30.059+0800][37.575s][info][gc,phases      ] GC(1524) Summary Phase 0.596ms
[2026-06-17T09:57:30.060+0800][37.576s][info][gc,phases,start] GC(1524) Adjust Roots
[2026-06-17T09:57:30.060+0800][37.576s][info][gc,phases      ] GC(1524) Adjust Roots 0.753ms
[2026-06-17T09:57:30.061+0800][37.577s][info][gc,phases,start] GC(1524) Compaction Phase
[2026-06-17T09:57:30.063+0800][37.579s][info][gc,phases      ] GC(1524) Compaction Phase 2.303ms
[2026-06-17T09:57:30.064+0800][37.580s][info][gc,phases,start] GC(1524) Post Compact
[2026-06-17T09:57:30.064+0800][37.580s][info][gc,phases      ] GC(1524) Post Compact 0.634ms
[2026-06-17T09:57:30.065+0800][37.581s][info][gc,heap        ] GC(1524) PSYoungGen: 11686K(15872K)->0K(15872K) Eden: 10206K(10240K)->0K(10240K) From: 1480K(5632K)->0K(5632K)
[2026-06-17T09:57:30.065+0800][37.581s][info][gc,heap        ] GC(1524) ParOldGen: 40010K(44032K)->31249K(44032K)
[2026-06-17T09:57:30.066+0800][37.582s][info][gc,metaspace   ] GC(1524) Metaspace: 152K(384K)->152K(384K) NonClass: 147K(256K)->147K(256K) Class: 4K(128K)->4K(128K)
[2026-06-17T09:57:30.066+0800][37.582s][info][gc             ] GC(1524) Pause Full (Ergonomics) 50M->30M(58M) 10.189ms
[2026-06-17T09:57:30.066+0800][37.582s][info][gc,cpu         ] GC(1524) User=0.00s Sys=0.00s Real=0.01s
[2026-06-17T09:57:30.088+0800][37.604s][info][gc,start       ] GC(1525) Pause Young (Allocation Failure)
[2026-06-17T09:57:30.090+0800][37.606s][info][gc,heap        ] GC(1525) PSYoungGen: 10226K(15872K)->5625K(13824K) Eden: 10226K(10240K)->0K(8192K) From: 0K(5632K)->5625K(5632K)
[2026-06-17T09:57:30.090+0800][37.606s][info][gc,heap        ] GC(1525) ParOldGen: 31249K(44032K)->32301K(44032K)
[2026-06-17T09:57:30.091+0800][37.607s][info][gc,metaspace   ] GC(1525) Metaspace: 152K(384K)->152K(384K) NonClass: 147K(256K)->147K(256K) Class: 4K(128K)->4K(128K)
[2026-06-17T09:57:30.091+0800][37.607s][info][gc             ] GC(1525) Pause Young (Allocation Failure) 40M->37M(56M) 3.062ms
[2026-06-17T09:57:30.092+0800][37.608s][info][gc,cpu         ] GC(1525) User=0.00s Sys=0.00s Real=0.01s
[2026-06-17T09:57:30.113+0800][37.629s][info][gc,start       ] GC(1526) Pause Young (Allocation Failure)
[2026-06-17T09:57:30.115+0800][37.631s][info][gc,heap        ] GC(1526) PSYoungGen: 13768K(13824K)->4535K(12800K) Eden: 8142K(8192K)->0K(8192K) From: 5625K(5632K)->4535K(4608K)
[2026-06-17T09:57:30.115+0800][37.631s][info][gc,heap        ] GC(1526) ParOldGen: 32301K(44032K)->34565K(44032K)
[2026-06-17T09:57:30.116+0800][37.632s][info][gc,metaspace   ] GC(1526) Metaspace: 152K(384K)->152K(384K) NonClass: 147K(256K)->147K(256K) Class: 4K(128K)->4K(128K)
[2026-06-17T09:57:30.116+0800][37.632s][info][gc             ] GC(1526) Pause Young (Allocation Failure) 44M->38M(55M) 2.862ms
[2026-06-17T09:57:30.117+0800][37.633s][info][gc,cpu         ] GC(1526) User=0.01s Sys=0.00s Real=0.00s
[2026-06-17T09:57:30.138+0800][37.654s][info][gc,start       ] GC(1527) Pause Young (Allocation Failure)
[2026-06-17T09:57:30.139+0800][37.655s][info][gc,heap        ] GC(1527) PSYoungGen: 12482K(12800K)->2144K(14848K) Eden: 7947K(8192K)->0K(7680K) From: 4535K(4608K)->2144K(7168K)
[2026-06-17T09:57:30.140+0800][37.656s][info][gc,heap        ] GC(1527) ParOldGen: 34565K(44032K)->34565K(44032K)
[2026-06-17T09:57:30.141+0800][37.657s][info][gc,metaspace   ] GC(1527) Metaspace: 152K(384K)->152K(384K) NonClass: 147K(256K)->147K(256K) Class: 4K(128K)->4K(128K)
[2026-06-17T09:57:30.141+0800][37.657s][info][gc             ] GC(1527) Pause Young (Allocation Failure) 45M->35M(57M) 2.743ms
[2026-06-17T09:57:30.142+0800][37.658s][info][gc,cpu         ] GC(1527) User=0.00s Sys=0.00s Real=0.00s
[2026-06-17T09:57:30.163+0800][37.679s][info][gc,start       ] GC(1528) Pause Young (Allocation Failure)
[2026-06-17T09:57:30.165+0800][37.681s][info][gc,heap        ] GC(1528) PSYoungGen: 9799K(14848K)->6235K(14336K) Eden: 7655K(7680K)->0K(7680K) From: 2144K(7168K)->6235K(6656K)
[2026-06-17T09:57:30.166+0800][37.682s][info][gc,heap        ] GC(1528) ParOldGen: 34565K(44032K)->34565K(44032K)
[2026-06-17T09:57:30.166+0800][37.682s][info][gc,metaspace   ] GC(1528) Metaspace: 152K(384K)->152K(384K) NonClass: 147K(256K)->147K(256K) Class: 4K(128K)->4K(128K)
[2026-06-17T09:57:30.167+0800][37.683s][info][gc             ] GC(1528) Pause Young (Allocation Failure) 43M->39M(57M) 3.889ms
[2026-06-17T09:57:30.168+0800][37.684s][info][gc,cpu         ] GC(1528) User=0.00s Sys=0.00s Real=0.00s
[2026-06-17T09:57:30.180+0800][37.696s][info][gc,start       ] GC(1529) Pause Young (Allocation Failure)
[2026-06-17T09:57:30.182+0800][37.698s][info][gc,heap        ] GC(1529) PSYoungGen: 12783K(14336K)->3854K(14336K) Eden: 6547K(7680K)->0K(7168K) From: 6235K(6656K)->3854K(7168K)
[2026-06-17T09:57:30.182+0800][37.698s][info][gc,heap        ] GC(1529) ParOldGen: 34565K(44032K)->36661K(44032K)
[2026-06-17T09:57:30.183+0800][37.699s][info][gc,metaspace   ] GC(1529) Metaspace: 152K(384K)->152K(384K) NonClass: 147K(256K)->147K(256K) Class: 4K(128K)->4K(128K)
[2026-06-17T09:57:30.184+0800][37.700s][info][gc             ] GC(1529) Pause Young (Allocation Failure) 46M->39M(57M) 4.141ms
[2026-06-17T09:57:30.186+0800][37.702s][info][gc,cpu         ] GC(1529) User=0.00s Sys=0.00s Real=0.01s
[2026-06-17T09:57:30.209+0800][37.725s][info][gc,start       ] GC(1530) Pause Young (Allocation Failure)
[2026-06-17T09:57:30.212+0800][37.728s][info][gc,heap        ] GC(1530) PSYoungGen: 10999K(14336K)->3645K(14336K) Eden: 7145K(7168K)->0K(7168K) From: 3854K(7168K)->3645K(7168K)
[2026-06-17T09:57:30.214+0800][37.730s][info][gc,heap        ] GC(1530) ParOldGen: 36661K(44032K)->40491K(44032K)
[2026-06-17T09:57:30.215+0800][37.731s][info][gc,metaspace   ] GC(1530) Metaspace: 152K(384K)->152K(384K) NonClass: 147K(256K)->147K(256K) Class: 4K(128K)->4K(128K)
[2026-06-17T09:57:30.216+0800][37.732s][info][gc             ] GC(1530) Pause Young (Allocation Failure) 46M->43M(57M) 7.109ms
[2026-06-17T09:57:30.217+0800][37.733s][info][gc,cpu         ] GC(1530) User=0.00s Sys=0.00s Real=0.01s
[2026-06-17T09:57:30.240+0800][37.756s][info][gc,start       ] GC(1531) Pause Full (Ergonomics)
[2026-06-17T09:57:30.241+0800][37.757s][info][gc,phases,start] GC(1531) Marking Phase
[2026-06-17T09:57:30.244+0800][37.760s][info][gc,phases      ] GC(1531) Marking Phase 3.033ms
[2026-06-17T09:57:30.245+0800][37.761s][info][gc,phases,start] GC(1531) Summary Phase
[2026-06-17T09:57:30.246+0800][37.762s][info][gc,phases      ] GC(1531) Summary Phase 0.844ms
[2026-06-17T09:57:30.246+0800][37.762s][info][gc,phases,start] GC(1531) Adjust Roots
[2026-06-17T09:57:30.248+0800][37.764s][info][gc,phases      ] GC(1531) Adjust Roots 1.302ms
[2026-06-17T09:57:30.249+0800][37.765s][info][gc,phases,start] GC(1531) Compaction Phase
[2026-06-17T09:57:30.253+0800][37.769s][info][gc,phases      ] GC(1531) Compaction Phase 4.581ms
[2026-06-17T09:57:30.255+0800][37.771s][info][gc,phases,start] GC(1531) Post Compact
[2026-06-17T09:57:30.256+0800][37.772s][info][gc,phases      ] GC(1531) Post Compact 1.070ms
[2026-06-17T09:57:30.257+0800][37.773s][info][gc,heap        ] GC(1531) PSYoungGen: 10771K(14336K)->0K(14336K) Eden: 7125K(7168K)->0K(7168K) From: 3645K(7168K)->0K(7168K)
[2026-06-17T09:57:30.257+0800][37.773s][info][gc,heap        ] GC(1531) ParOldGen: 40491K(44032K)->30175K(44032K)
[2026-06-17T09:57:30.258+0800][37.774s][info][gc,metaspace   ] GC(1531) Metaspace: 152K(384K)->152K(384K) NonClass: 147K(256K)->147K(256K) Class: 4K(128K)->4K(128K)
[2026-06-17T09:57:30.258+0800][37.774s][info][gc             ] GC(1531) Pause Full (Ergonomics) 50M->29M(57M) 18.617ms
[2026-06-17T09:57:30.259+0800][37.775s][info][gc,cpu         ] GC(1531) User=0.01s Sys=0.00s Real=0.02s
[2026-06-17T09:57:30.281+0800][37.797s][info][gc,start       ] GC(1532) Pause Young (Allocation Failure)
[2026-06-17T09:57:30.282+0800][37.798s][info][gc,heap        ] GC(1532) PSYoungGen: 7140K(14336K)->3899K(14336K) Eden: 7140K(7168K)->0K(7168K) From: 0K(7168K)->3899K(7168K)
[2026-06-17T09:57:30.283+0800][37.799s][info][gc,heap        ] GC(1532) ParOldGen: 30175K(44032K)->30175K(44032K)
[2026-06-17T09:57:30.284+0800][37.800s][info][gc,metaspace   ] GC(1532) Metaspace: 152K(384K)->152K(384K) NonClass: 147K(256K)->147K(256K) Class: 4K(128K)->4K(128K)
[2026-06-17T09:57:30.284+0800][37.800s][info][gc             ] GC(1532) Pause Young (Allocation Failure) 36M->33M(57M) 2.472ms
[2026-06-17T09:57:30.284+0800][37.800s][info][gc,cpu         ] GC(1532) User=0.01s Sys=0.00s Real=0.01s
[2026-06-17T09:57:30.295+0800][37.811s][info][gc,start       ] GC(1533) Pause Young (Allocation Failure)
[2026-06-17T09:57:30.297+0800][37.813s][info][gc,heap        ] GC(1533) PSYoungGen: 11066K(14336K)->6642K(13824K) Eden: 7166K(7168K)->0K(7168K) From: 3899K(7168K)->6642K(6656K)
[2026-06-17T09:57:30.297+0800][37.813s][info][gc,heap        ] GC(1533) ParOldGen: 30175K(44032K)->31055K(44032K)
[2026-06-17T09:57:30.297+0800][37.813s][info][gc,metaspace   ] GC(1533) Metaspace: 152K(384K)->152K(384K) NonClass: 147K(256K)->147K(256K) Class: 4K(128K)->4K(128K)
[2026-06-17T09:57:30.298+0800][37.814s][info][gc             ] GC(1533) Pause Young (Allocation Failure) 40M->36M(56M) 2.204ms
[2026-06-17T09:57:30.298+0800][37.814s][info][gc,cpu         ] GC(1533) User=0.00s Sys=0.00s Real=0.00s
[2026-06-17T09:57:30.319+0800][37.835s][info][gc,start       ] GC(1534) Pause Young (Allocation Failure)
[2026-06-17T09:57:30.320+0800][37.836s][info][gc,heap        ] GC(1534) PSYoungGen: 13810K(13824K)->2664K(14336K) Eden: 7168K(7168K)->0K(7168K) From: 6642K(6656K)->2664K(7168K)
[2026-06-17T09:57:30.321+0800][37.837s][info][gc,heap        ] GC(1534) ParOldGen: 31055K(44032K)->35131K(44032K)
[2026-06-17T09:57:30.321+0800][37.837s][info][gc,metaspace   ] GC(1534) Metaspace: 152K(384K)->152K(384K) NonClass: 147K(256K)->147K(256K) Class: 4K(128K)->4K(128K)
[2026-06-17T09:57:30.321+0800][37.837s][info][gc             ] GC(1534) Pause Young (Allocation Failure) 43M->36M(57M) 1.892ms
[2026-06-17T09:57:30.321+0800][37.837s][info][gc,cpu         ] GC(1534) User=0.00s Sys=0.00s Real=0.00s
[2026-06-17T09:57:30.343+0800][37.859s][info][gc,start       ] GC(1535) Pause Young (Allocation Failure)
[2026-06-17T09:57:30.345+0800][37.861s][info][gc,heap        ] GC(1535) PSYoungGen: 9815K(14336K)->2734K(14336K) Eden: 7151K(7168K)->0K(7168K) From: 2664K(7168K)->2734K(7168K)
[2026-06-17T09:57:30.346+0800][37.862s][info][gc,heap        ] GC(1535) ParOldGen: 35131K(44032K)->35131K(44032K)
[2026-06-17T09:57:30.369+0800][37.885s][info][gc,metaspace   ] GC(1535) Metaspace: 152K(384K)->152K(384K) NonClass: 147K(256K)->147K(256K) Class: 4K(128K)->4K(128K)
[2026-06-17T09:57:30.378+0800][37.894s][info][gc             ] GC(1535) Pause Young (Allocation Failure) 43M->36M(57M) 35.402ms
[2026-06-17T09:57:30.390+0800][37.906s][info][gc,cpu         ] GC(1535) User=0.00s Sys=0.00s Real=0.04s
[2026-06-17T09:57:30.401+0800][37.917s][info][gc,start       ] GC(1536) Pause Young (Allocation Failure)
[2026-06-17T09:57:30.403+0800][37.919s][info][gc,heap        ] GC(1536) PSYoungGen: 9757K(14336K)->2464K(14336K) Eden: 7023K(7168K)->0K(7168K) From: 2734K(7168K)->2464K(7168K)
[2026-06-17T09:57:30.405+0800][37.921s][info][gc,heap        ] GC(1536) ParOldGen: 35131K(44032K)->35131K(44032K)
[2026-06-17T09:57:30.405+0800][37.921s][info][gc,metaspace   ] GC(1536) Metaspace: 152K(384K)->152K(384K) NonClass: 147K(256K)->147K(256K) Class: 4K(128K)->4K(128K)
[2026-06-17T09:57:30.408+0800][37.924s][info][gc             ] GC(1536) Pause Young (Allocation Failure) 43M->36M(57M) 7.197ms
[2026-06-17T09:57:30.408+0800][37.924s][info][gc,cpu         ] GC(1536) User=0.00s Sys=0.00s Real=0.01s
[2026-06-17T09:57:30.430+0800][37.946s][info][gc,start       ] GC(1537) Pause Young (Allocation Failure)
[2026-06-17T09:57:30.431+0800][37.947s][info][gc,heap        ] GC(1537) PSYoungGen: 9617K(14336K)->6325K(14336K) Eden: 7153K(7168K)->0K(7168K) From: 2464K(7168K)->6325K(7168K)
[2026-06-17T09:57:30.435+0800][37.951s][info][gc,heap        ] GC(1537) ParOldGen: 35131K(44032K)->35131K(44032K)
[2026-06-17T09:57:30.435+0800][37.951s][info][gc,metaspace   ] GC(1537) Metaspace: 152K(384K)->152K(384K) NonClass: 147K(256K)->147K(256K) Class: 4K(128K)->4K(128K)
[2026-06-17T09:57:30.436+0800][37.952s][info][gc             ] GC(1537) Pause Young (Allocation Failure) 43M->40M(57M) 6.219ms
[2026-06-17T09:57:30.437+0800][37.953s][info][gc,cpu         ] GC(1537) User=0.01s Sys=0.00s Real=0.01s
[2026-06-17T09:57:30.463+0800][37.979s][info][gc,start       ] GC(1538) Pause Young (Allocation Failure)
[2026-06-17T09:57:30.467+0800][37.983s][info][gc,heap        ] GC(1538) PSYoungGen: 13443K(14336K)->3871K(14336K) Eden: 7117K(7168K)->0K(7168K) From: 6325K(7168K)->3871K(7168K)
[2026-06-17T09:57:30.470+0800][37.986s][info][gc,heap        ] GC(1538) ParOldGen: 35131K(44032K)->37547K(44032K)
[2026-06-17T09:57:30.472+0800][37.988s][info][gc,metaspace   ] GC(1538) Metaspace: 152K(384K)->152K(384K) NonClass: 147K(256K)->147K(256K) Class: 4K(128K)->4K(128K)
[2026-06-17T09:57:30.472+0800][37.988s][info][gc             ] GC(1538) Pause Young (Allocation Failure) 47M->40M(57M) 9.050ms
[2026-06-17T09:57:30.475+0800][37.991s][info][gc,cpu         ] GC(1538) User=0.00s Sys=0.00s Real=0.01s
[2026-06-17T09:57:30.488+0800][38.004s][info][gc,start       ] GC(1539) Pause Young (Allocation Failure)
[2026-06-17T09:57:30.492+0800][38.008s][info][gc,heap        ] GC(1539) PSYoungGen: 10403K(14336K)->0K(14336K) Eden: 6531K(7168K)->0K(7168K) From: 3871K(7168K)->0K(7168K)
[2026-06-17T09:57:30.497+0800][38.013s][info][gc,heap        ] GC(1539) ParOldGen: 37547K(44032K)->41058K(44032K)
[2026-06-17T09:57:30.498+0800][38.014s][info][gc,metaspace   ] GC(1539) Metaspace: 152K(384K)->152K(384K) NonClass: 147K(256K)->147K(256K) Class: 4K(128K)->4K(128K)
[2026-06-17T09:57:30.499+0800][38.015s][info][gc             ] GC(1539) Pause Young (Allocation Failure) 46M->40M(57M) 10.996ms
[2026-06-17T09:57:30.499+0800][38.015s][info][gc,cpu         ] GC(1539) User=0.00s Sys=0.00s Real=0.01s
[2026-06-17T09:57:30.520+0800][38.036s][info][gc,start       ] GC(1540) Pause Full (Ergonomics)
[2026-06-17T09:57:30.522+0800][38.038s][info][gc,phases,start] GC(1540) Marking Phase
[2026-06-17T09:57:30.524+0800][38.040s][info][gc,phases      ] GC(1540) Marking Phase 1.683ms
[2026-06-17T09:57:30.525+0800][38.041s][info][gc,phases,start] GC(1540) Summary Phase
[2026-06-17T09:57:30.526+0800][38.042s][info][gc,phases      ] GC(1540) Summary Phase 0.378ms
[2026-06-17T09:57:30.528+0800][38.044s][info][gc,phases,start] GC(1540) Adjust Roots
[2026-06-17T09:57:30.529+0800][38.045s][info][gc,phases      ] GC(1540) Adjust Roots 1.003ms
[2026-06-17T09:57:30.532+0800][38.048s][info][gc,phases,start] GC(1540) Compaction Phase
[2026-06-17T09:57:30.535+0800][38.051s][info][gc,phases      ] GC(1540) Compaction Phase 3.268ms
[2026-06-17T09:57:30.538+0800][38.054s][info][gc,phases,start] GC(1540) Post Compact
[2026-06-17T09:57:30.539+0800][38.055s][info][gc,phases      ] GC(1540) Post Compact 1.636ms
[2026-06-17T09:57:30.540+0800][38.056s][info][gc,heap        ] GC(1540) PSYoungGen: 7148K(14336K)->0K(14336K) Eden: 7148K(7168K)->0K(7168K) From: 0K(7168K)->0K(7168K)
[2026-06-17T09:57:30.540+0800][38.056s][info][gc,heap        ] GC(1540) ParOldGen: 41058K(44032K)->31345K(44032K)
[2026-06-17T09:57:30.541+0800][38.057s][info][gc,metaspace   ] GC(1540) Metaspace: 152K(384K)->152K(384K) NonClass: 147K(256K)->147K(256K) Class: 4K(128K)->4K(128K)
[2026-06-17T09:57:30.542+0800][38.058s][info][gc             ] GC(1540) Pause Full (Ergonomics) 47M->30M(57M) 21.706ms
[2026-06-17T09:57:30.542+0800][38.058s][info][gc,cpu         ] GC(1540) User=0.01s Sys=0.00s Real=0.02s
[2026-06-17T09:57:30.563+0800][38.079s][info][gc,start       ] GC(1541) Pause Young (Allocation Failure)
[2026-06-17T09:57:30.761+0800][38.277s][info][gc,heap        ] GC(1541) PSYoungGen: 7109K(14336K)->3665K(14336K) Eden: 7109K(7168K)->0K(7168K) From: 0K(7168K)->3665K(7168K)
[2026-06-17T09:57:30.762+0800][38.278s][info][gc,heap        ] GC(1541) ParOldGen: 31345K(44032K)->31345K(44032K)
[2026-06-17T09:57:30.762+0800][38.278s][info][gc,metaspace   ] GC(1541) Metaspace: 152K(384K)->152K(384K) NonClass: 147K(256K)->147K(256K) Class: 4K(128K)->4K(128K)
[2026-06-17T09:57:30.762+0800][38.278s][info][gc             ] GC(1541) Pause Young (Allocation Failure) 37M->34M(57M) 198.872ms
[2026-06-17T09:57:30.763+0800][38.279s][info][gc,cpu         ] GC(1541) User=0.00s Sys=0.00s Real=0.20s
[2026-06-17T09:57:30.784+0800][38.300s][info][gc,start       ] GC(1542) Pause Young (Allocation Failure)
[2026-06-17T09:57:30.805+0800][38.321s][info][gc,heap        ] GC(1542) PSYoungGen: 10829K(14336K)->1944K(14336K) Eden: 7164K(7168K)->0K(7168K) From: 3665K(7168K)->1944K(7168K)
[2026-06-17T09:57:30.807+0800][38.323s][info][gc,heap        ] GC(1542) ParOldGen: 31345K(44032K)->33501K(44032K)
[2026-06-17T09:57:30.808+0800][38.324s][info][gc,metaspace   ] GC(1542) Metaspace: 152K(384K)->152K(384K) NonClass: 147K(256K)->147K(256K) Class: 4K(128K)->4K(128K)
[2026-06-17T09:57:30.808+0800][38.324s][info][gc             ] GC(1542) Pause Young (Allocation Failure) 41M->34M(57M) 24.174ms
[2026-06-17T09:57:30.809+0800][38.325s][info][gc,cpu         ] GC(1542) User=0.00s Sys=0.00s Real=0.02s
[2026-06-17T09:57:30.820+0800][38.336s][info][gc,start       ] GC(1543) Pause Young (Allocation Failure)
[2026-06-17T09:57:30.821+0800][38.337s][info][gc,heap        ] GC(1543) PSYoungGen: 8932K(14336K)->1949K(14336K) Eden: 6988K(7168K)->0K(7168K) From: 1944K(7168K)->1949K(7168K)
[2026-06-17T09:57:30.821+0800][38.337s][info][gc,heap        ] GC(1543) ParOldGen: 33501K(44032K)->33501K(44032K)
[2026-06-17T09:57:30.821+0800][38.337s][info][gc,metaspace   ] GC(1543) Metaspace: 152K(384K)->152K(384K) NonClass: 147K(256K)->147K(256K) Class: 4K(128K)->4K(128K)
[2026-06-17T09:57:30.822+0800][38.338s][info][gc             ] GC(1543) Pause Young (Allocation Failure) 41M->34M(57M) 1.554ms
[2026-06-17T09:57:30.822+0800][38.338s][info][gc,cpu         ] GC(1543) User=0.00s Sys=0.00s Real=0.00s
[2026-06-17T09:57:30.843+0800][38.359s][info][gc,start       ] GC(1544) Pause Young (Allocation Failure)
[2026-06-17T09:57:30.844+0800][38.360s][info][gc,heap        ] GC(1544) PSYoungGen: 9114K(14336K)->5447K(14336K) Eden: 7165K(7168K)->0K(7168K) From: 1949K(7168K)->5447K(7168K)
[2026-06-17T09:57:30.844+0800][38.360s][info][gc,heap        ] GC(1544) ParOldGen: 33501K(44032K)->33501K(44032K)
[2026-06-17T09:57:30.844+0800][38.360s][info][gc,metaspace   ] GC(1544) Metaspace: 152K(384K)->152K(384K) NonClass: 147K(256K)->147K(256K) Class: 4K(128K)->4K(128K)
[2026-06-17T09:57:30.845+0800][38.361s][info][gc             ] GC(1544) Pause Young (Allocation Failure) 41M->38M(57M) 2.128ms
[2026-06-17T09:57:30.845+0800][38.361s][info][gc,cpu         ] GC(1544) User=0.01s Sys=0.00s Real=0.00s
[2026-06-17T09:57:30.857+0800][38.373s][info][gc,start       ] GC(1545) Pause Young (Allocation Failure)
[2026-06-17T09:57:30.858+0800][38.374s][info][gc,heap        ] GC(1545) PSYoungGen: 12493K(14336K)->3938K(14336K) Eden: 7045K(7168K)->0K(7168K) From: 5447K(7168K)->3938K(7168K)
[2026-06-17T09:57:30.858+0800][38.374s][info][gc,heap        ] GC(1545) ParOldGen: 33501K(44032K)->35394K(44032K)
[2026-06-17T09:57:30.858+0800][38.374s][info][gc,metaspace   ] GC(1545) Metaspace: 152K(384K)->152K(384K) NonClass: 147K(256K)->147K(256K) Class: 4K(128K)->4K(128K)
[2026-06-17T09:57:30.858+0800][38.374s][info][gc             ] GC(1545) Pause Young (Allocation Failure) 44M->38M(57M) 1.518ms
[2026-06-17T09:57:30.858+0800][38.374s][info][gc,cpu         ] GC(1545) User=0.00s Sys=0.00s Real=0.00s
[2026-06-17T09:57:30.890+0800][38.406s][info][gc,start       ] GC(1546) Pause Young (Allocation Failure)
[2026-06-17T09:57:30.891+0800][38.407s][info][gc,heap        ] GC(1546) PSYoungGen: 11102K(14336K)->357K(14336K) Eden: 7164K(7168K)->0K(7168K) From: 3938K(7168K)->357K(7168K)
[2026-06-17T09:57:30.891+0800][38.407s][info][gc,heap        ] GC(1546) ParOldGen: 35394K(44032K)->39308K(44032K)
[2026-06-17T09:57:30.891+0800][38.407s][info][gc,metaspace   ] GC(1546) Metaspace: 152K(384K)->152K(384K) NonClass: 147K(256K)->147K(256K) Class: 4K(128K)->4K(128K)
[2026-06-17T09:57:30.891+0800][38.407s][info][gc             ] GC(1546) Pause Young (Allocation Failure) 45M->38M(57M) 1.574ms
[2026-06-17T09:57:30.891+0800][38.407s][info][gc,cpu         ] GC(1546) User=0.00s Sys=0.00s Real=0.01s
[2026-06-17T09:57:30.903+0800][38.419s][info][gc,start       ] GC(1547) Pause Full (Ergonomics)
[2026-06-17T09:57:30.905+0800][38.421s][info][gc,phases,start] GC(1547) Marking Phase
[2026-06-17T09:57:30.906+0800][38.422s][info][gc,phases      ] GC(1547) Marking Phase 0.905ms
[2026-06-17T09:57:30.907+0800][38.423s][info][gc,phases,start] GC(1547) Summary Phase
[2026-06-17T09:57:30.909+0800][38.425s][info][gc,phases      ] GC(1547) Summary Phase 1.982ms
[2026-06-17T09:57:30.910+0800][38.426s][info][gc,phases,start] GC(1547) Adjust Roots
[2026-06-17T09:57:30.911+0800][38.427s][info][gc,phases      ] GC(1547) Adjust Roots 0.537ms
[2026-06-17T09:57:30.911+0800][38.427s][info][gc,phases,start] GC(1547) Compaction Phase
[2026-06-17T09:57:30.913+0800][38.429s][info][gc,phases      ] GC(1547) Compaction Phase 2.200ms
[2026-06-17T09:57:30.914+0800][38.430s][info][gc,phases,start] GC(1547) Post Compact
[2026-06-17T09:57:30.914+0800][38.430s][info][gc,phases      ] GC(1547) Post Compact 0.248ms
[2026-06-17T09:57:30.914+0800][38.430s][info][gc,heap        ] GC(1547) PSYoungGen: 7484K(14336K)->0K(14336K) Eden: 7127K(7168K)->0K(7168K) From: 357K(7168K)->0K(7168K)
[2026-06-17T09:57:30.914+0800][38.430s][info][gc,heap        ] GC(1547) ParOldGen: 39308K(44032K)->30102K(44032K)
[2026-06-17T09:57:30.914+0800][38.430s][info][gc,metaspace   ] GC(1547) Metaspace: 152K(384K)->152K(384K) NonClass: 147K(256K)->147K(256K) Class: 4K(128K)->4K(128K)
[2026-06-17T09:57:30.916+0800][38.432s][info][gc             ] GC(1547) Pause Full (Ergonomics) 45M->29M(57M) 13.439ms
[2026-06-17T09:57:30.917+0800][38.433s][info][gc,cpu         ] GC(1547) User=0.01s Sys=0.00s Real=0.01s
[2026-06-17T09:57:30.938+0800][38.454s][info][gc,start       ] GC(1548) Pause Young (Allocation Failure)
[2026-06-17T09:57:30.940+0800][38.456s][info][gc,heap        ] GC(1548) PSYoungGen: 7162K(14336K)->3662K(14336K) Eden: 7162K(7168K)->0K(7168K) From: 0K(7168K)->3662K(7168K)
[2026-06-17T09:57:30.940+0800][38.456s][info][gc,heap        ] GC(1548) ParOldGen: 30102K(44032K)->30102K(44032K)
[2026-06-17T09:57:30.941+0800][38.457s][info][gc,metaspace   ] GC(1548) Metaspace: 152K(384K)->152K(384K) NonClass: 147K(256K)->147K(256K) Class: 4K(128K)->4K(128K)
[2026-06-17T09:57:30.942+0800][38.458s][info][gc             ] GC(1548) Pause Young (Allocation Failure) 36M->32M(57M) 3.807ms
[2026-06-17T09:57:30.942+0800][38.458s][info][gc,cpu         ] GC(1548) User=0.00s Sys=0.00s Real=0.00s
[2026-06-17T09:57:30.953+0800][38.469s][info][gc,start       ] GC(1549) Pause Young (Allocation Failure)
[2026-06-17T09:57:30.954+0800][38.470s][info][gc,heap        ] GC(1549) PSYoungGen: 10293K(14336K)->3250K(14336K) Eden: 6631K(7168K)->0K(7168K) From: 3662K(7168K)->3250K(7168K)
[2026-06-17T09:57:30.956+0800][38.472s][info][gc,heap        ] GC(1549) ParOldGen: 30102K(44032K)->30102K(44032K)
[2026-06-17T09:57:30.956+0800][38.472s][info][gc,metaspace   ] GC(1549) Metaspace: 152K(384K)->152K(384K) NonClass: 147K(256K)->147K(256K) Class: 4K(128K)->4K(128K)
[2026-06-17T09:57:30.957+0800][38.473s][info][gc             ] GC(1549) Pause Young (Allocation Failure) 39M->32M(57M) 3.394ms
[2026-06-17T09:57:30.957+0800][38.473s][info][gc,cpu         ] GC(1549) User=0.00s Sys=0.00s Real=0.00s
[2026-06-17T09:57:30.978+0800][38.494s][info][gc,start       ] GC(1550) Pause Young (Allocation Failure)
[2026-06-17T09:57:30.979+0800][38.495s][info][gc,heap        ] GC(1550) PSYoungGen: 10396K(14336K)->7030K(14336K) Eden: 7145K(7168K)->0K(7168K) From: 3250K(7168K)->7030K(7168K)
[2026-06-17T09:57:30.980+0800][38.496s][info][gc,heap        ] GC(1550) ParOldGen: 30102K(44032K)->30102K(44032K)
[2026-06-17T09:57:30.980+0800][38.496s][info][gc,metaspace   ] GC(1550) Metaspace: 152K(384K)->152K(384K) NonClass: 147K(256K)->147K(256K) Class: 4K(128K)->4K(128K)
[2026-06-17T09:57:30.980+0800][38.496s][info][gc             ] GC(1550) Pause Young (Allocation Failure) 39M->36M(57M) 2.146ms
[2026-06-17T09:57:30.981+0800][38.497s][info][gc,cpu         ] GC(1550) User=0.00s Sys=0.00s Real=0.00s
[2026-06-17T09:57:30.992+0800][38.508s][info][gc,start       ] GC(1551) Pause Young (Allocation Failure)
[2026-06-17T09:57:30.994+0800][38.510s][info][gc,heap        ] GC(1551) PSYoungGen: 14181K(14336K)->7154K(14336K) Eden: 7150K(7168K)->0K(7168K) From: 7030K(7168K)->7154K(7168K)
[2026-06-17T09:57:30.994+0800][38.510s][info][gc,heap        ] GC(1551) ParOldGen: 30102K(44032K)->33630K(44032K)
[2026-06-17T09:57:30.995+0800][38.511s][info][gc,metaspace   ] GC(1551) Metaspace: 152K(384K)->152K(384K) NonClass: 147K(256K)->147K(256K) Class: 4K(128K)->4K(128K)
[2026-06-17T09:57:30.995+0800][38.511s][info][gc             ] GC(1551) Pause Young (Allocation Failure) 43M->39M(57M) 2.342ms
[2026-06-17T09:57:30.995+0800][38.511s][info][gc,cpu         ] GC(1551) User=0.00s Sys=0.00s Real=0.00s
[2026-06-17T09:57:31.016+0800][38.532s][info][gc,start       ] GC(1552) Pause Young (Allocation Failure)
[2026-06-17T09:57:31.018+0800][38.534s][info][gc,heap        ] GC(1552) PSYoungGen: 14321K(14336K)->3450K(14336K) Eden: 7166K(7168K)->0K(7168K) From: 7154K(7168K)->3450K(7168K)
[2026-06-17T09:57:31.020+0800][38.536s][info][gc,heap        ] GC(1552) ParOldGen: 33630K(44032K)->37565K(44032K)
[2026-06-17T09:57:31.020+0800][38.536s][info][gc,metaspace   ] GC(1552) Metaspace: 152K(384K)->152K(384K) NonClass: 147K(256K)->147K(256K) Class: 4K(128K)->4K(128K)
[2026-06-17T09:57:31.020+0800][38.536s][info][gc             ] GC(1552) Pause Young (Allocation Failure) 46M->40M(57M) 4.102ms
[2026-06-17T09:57:31.021+0800][38.537s][info][gc,cpu         ] GC(1552) User=0.00s Sys=0.00s Real=0.00s
[2026-06-17T09:57:31.043+0800][38.559s][info][gc,start       ] GC(1553) Pause Young (Allocation Failure)
[2026-06-17T09:57:31.045+0800][38.561s][info][gc,heap        ] GC(1553) PSYoungGen: 10579K(14336K)->3661K(14336K) Eden: 7129K(7168K)->0K(7168K) From: 3450K(7168K)->3661K(7168K)
[2026-06-17T09:57:31.045+0800][38.561s][info][gc,heap        ] GC(1553) ParOldGen: 37565K(44032K)->37565K(44032K)
[2026-06-17T09:57:31.045+0800][38.561s][info][gc,metaspace   ] GC(1553) Metaspace: 152K(384K)->152K(384K) NonClass: 147K(256K)->147K(256K) Class: 4K(128K)->4K(128K)
[2026-06-17T09:57:31.045+0800][38.561s][info][gc             ] GC(1553) Pause Young (Allocation Failure) 47M->40M(57M) 2.590ms
[2026-06-17T09:57:31.046+0800][38.562s][info][gc,cpu         ] GC(1553) User=0.00s Sys=0.00s Real=0.00s
[2026-06-17T09:57:31.057+0800][38.573s][info][gc,start       ] GC(1554) Pause Young (Allocation Failure)
[2026-06-17T09:57:31.058+0800][38.574s][info][gc,heap        ] GC(1554) PSYoungGen: 10526K(14336K)->1305K(14336K) Eden: 6864K(7168K)->0K(7168K) From: 3661K(7168K)->1305K(7168K)
[2026-06-17T09:57:31.058+0800][38.574s][info][gc,heap        ] GC(1554) ParOldGen: 37565K(44032K)->39526K(44032K)
[2026-06-17T09:57:31.058+0800][38.574s][info][gc,metaspace   ] GC(1554) Metaspace: 152K(384K)->152K(384K) NonClass: 147K(256K)->147K(256K) Class: 4K(128K)->4K(128K)
[2026-06-17T09:57:31.058+0800][38.574s][info][gc             ] GC(1554) Pause Young (Allocation Failure) 46M->39M(57M) 1.863ms
[2026-06-17T09:57:31.059+0800][38.575s][info][gc,cpu         ] GC(1554) User=0.00s Sys=0.00s Real=0.00s
[2026-06-17T09:57:31.080+0800][38.596s][info][gc,start       ] GC(1555) Pause Full (Ergonomics)
[2026-06-17T09:57:31.081+0800][38.597s][info][gc,phases,start] GC(1555) Marking Phase
[2026-06-17T09:57:31.082+0800][38.598s][info][gc,phases      ] GC(1555) Marking Phase 1.076ms
[2026-06-17T09:57:31.082+0800][38.598s][info][gc,phases,start] GC(1555) Summary Phase
[2026-06-17T09:57:31.083+0800][38.599s][info][gc,phases      ] GC(1555) Summary Phase 0.465ms
[2026-06-17T09:57:31.083+0800][38.599s][info][gc,phases,start] GC(1555) Adjust Roots
[2026-06-17T09:57:31.083+0800][38.599s][info][gc,phases      ] GC(1555) Adjust Roots 0.420ms
[2026-06-17T09:57:31.084+0800][38.600s][info][gc,phases,start] GC(1555) Compaction Phase
[2026-06-17T09:57:31.086+0800][38.602s][info][gc,phases      ] GC(1555) Compaction Phase 2.384ms
[2026-06-17T09:57:31.087+0800][38.603s][info][gc,phases,start] GC(1555) Post Compact
[2026-06-17T09:57:31.088+0800][38.604s][info][gc,phases      ] GC(1555) Post Compact 0.778ms
[2026-06-17T09:57:31.088+0800][38.604s][info][gc,heap        ] GC(1555) PSYoungGen: 8470K(14336K)->0K(14336K) Eden: 7165K(7168K)->0K(7168K) From: 1305K(7168K)->0K(7168K)
[2026-06-17T09:57:31.089+0800][38.605s][info][gc,heap        ] GC(1555) ParOldGen: 39526K(44032K)->31662K(44032K)
[2026-06-17T09:57:31.090+0800][38.606s][info][gc,metaspace   ] GC(1555) Metaspace: 152K(384K)->152K(384K) NonClass: 147K(256K)->147K(256K) Class: 4K(128K)->4K(128K)
[2026-06-17T09:57:31.090+0800][38.606s][info][gc             ] GC(1555) Pause Full (Ergonomics) 46M->30M(57M) 10.203ms
[2026-06-17T09:57:31.091+0800][38.607s][info][gc,cpu         ] GC(1555) User=0.00s Sys=0.00s Real=0.02s
[2026-06-17T09:57:31.113+0800][38.629s][info][gc,start       ] GC(1556) Pause Young (Allocation Failure)
[2026-06-17T09:57:31.114+0800][38.630s][info][gc,heap        ] GC(1556) PSYoungGen: 7162K(14336K)->3804K(14336K) Eden: 7162K(7168K)->0K(7168K) From: 0K(7168K)->3804K(7168K)
[2026-06-17T09:57:31.115+0800][38.631s][info][gc,heap        ] GC(1556) ParOldGen: 31662K(44032K)->31662K(44032K)
[2026-06-17T09:57:31.115+0800][38.631s][info][gc,metaspace   ] GC(1556) Metaspace: 152K(384K)->152K(384K) NonClass: 147K(256K)->147K(256K) Class: 4K(128K)->4K(128K)
[2026-06-17T09:57:31.116+0800][38.632s][info][gc             ] GC(1556) Pause Young (Allocation Failure) 37M->34M(57M) 2.851ms
[2026-06-17T09:57:31.116+0800][38.632s][info][gc,cpu         ] GC(1556) User=0.00s Sys=0.00s Real=0.00s
[2026-06-17T09:57:31.138+0800][38.654s][info][gc,start       ] GC(1557) Pause Young (Allocation Failure)
[2026-06-17T09:57:31.139+0800][38.655s][info][gc,heap        ] GC(1557) PSYoungGen: 10971K(14336K)->2498K(14336K) Eden: 7166K(7168K)->0K(7168K) From: 3804K(7168K)->2498K(7168K)
[2026-06-17T09:57:31.139+0800][38.655s][info][gc,heap        ] GC(1557) ParOldGen: 31662K(44032K)->33380K(44032K)
[2026-06-17T09:57:31.140+0800][38.656s][info][gc,metaspace   ] GC(1557) Metaspace: 152K(384K)->152K(384K) NonClass: 147K(256K)->147K(256K) Class: 4K(128K)->4K(128K)
[2026-06-17T09:57:31.140+0800][38.656s][info][gc             ] GC(1557) Pause Young (Allocation Failure) 41M->35M(57M) 2.654ms
[2026-06-17T09:57:31.141+0800][38.657s][info][gc,cpu         ] GC(1557) User=0.00s Sys=0.00s Real=0.00s
[2026-06-17T09:57:31.162+0800][38.678s][info][gc,start       ] GC(1558) Pause Young (Allocation Failure)
[2026-06-17T09:57:31.163+0800][38.679s][info][gc,heap        ] GC(1558) PSYoungGen: 9657K(14336K)->2878K(14336K) Eden: 7158K(7168K)->0K(7168K) From: 2498K(7168K)->2878K(7168K)
[2026-06-17T09:57:31.164+0800][38.680s][info][gc,heap        ] GC(1558) ParOldGen: 33380K(44032K)->33380K(44032K)
[2026-06-17T09:57:31.164+0800][38.680s][info][gc,metaspace   ] GC(1558) Metaspace: 152K(384K)->152K(384K) NonClass: 147K(256K)->147K(256K) Class: 4K(128K)->4K(128K)
[2026-06-17T09:57:31.165+0800][38.681s][info][gc             ] GC(1558) Pause Young (Allocation Failure) 42M->35M(57M) 2.578ms
[2026-06-17T09:57:31.165+0800][38.681s][info][gc,cpu         ] GC(1558) User=0.00s Sys=0.00s Real=0.01s
[2026-06-17T09:57:31.176+0800][38.692s][info][gc,start       ] GC(1559) Pause Young (Allocation Failure)
[2026-06-17T09:57:31.177+0800][38.694s][info][gc,heap        ] GC(1559) PSYoungGen: 9918K(14336K)->774K(14336K) Eden: 7040K(7168K)->0K(7168K) From: 2878K(7168K)->774K(7168K)
[2026-06-17T09:57:31.178+0800][38.694s][info][gc,heap        ] GC(1559) ParOldGen: 33380K(44032K)->35233K(44032K)
[2026-06-17T09:57:31.179+0800][38.695s][info][gc,metaspace   ] GC(1559) Metaspace: 152K(384K)->152K(384K) NonClass: 147K(256K)->147K(256K) Class: 4K(128K)->4K(128K)
[2026-06-17T09:57:31.179+0800][38.695s][info][gc             ] GC(1559) Pause Young (Allocation Failure) 42M->35M(57M) 2.761ms
[2026-06-17T09:57:31.180+0800][38.696s][info][gc,cpu         ] GC(1559) User=0.00s Sys=0.00s Real=0.00s
[2026-06-17T09:57:31.201+0800][38.717s][info][gc,start       ] GC(1560) Pause Young (Allocation Failure)
[2026-06-17T09:57:31.203+0800][38.719s][info][gc,heap        ] GC(1560) PSYoungGen: 7902K(14336K)->3803K(14336K) Eden: 7128K(7168K)->0K(7168K) From: 774K(7168K)->3803K(7168K)
[2026-06-17T09:57:31.203+0800][38.719s][info][gc,heap        ] GC(1560) ParOldGen: 35233K(44032K)->35983K(44032K)
[2026-06-17T09:57:31.204+0800][38.720s][info][gc,metaspace   ] GC(1560) Metaspace: 152K(384K)->152K(384K) NonClass: 147K(256K)->147K(256K) Class: 4K(128K)->4K(128K)
[2026-06-17T09:57:31.205+0800][38.721s][info][gc             ] GC(1560) Pause Young (Allocation Failure) 42M->38M(57M) 3.772ms
[2026-06-17T09:57:31.205+0800][38.721s][info][gc,cpu         ] GC(1560) User=0.00s Sys=0.00s Real=0.01s
[2026-06-17T09:57:31.227+0800][38.743s][info][gc,start       ] GC(1561) Pause Young (Allocation Failure)
[2026-06-17T09:57:31.228+0800][38.744s][info][gc,heap        ] GC(1561) PSYoungGen: 10955K(14336K)->1748K(14336K) Eden: 7151K(7168K)->0K(7168K) From: 3803K(7168K)->1748K(7168K)
[2026-06-17T09:57:31.229+0800][38.745s][info][gc,heap        ] GC(1561) ParOldGen: 35983K(44032K)->38252K(44032K)
[2026-06-17T09:57:31.229+0800][38.745s][info][gc,metaspace   ] GC(1561) Metaspace: 152K(384K)->152K(384K) NonClass: 147K(256K)->147K(256K) Class: 4K(128K)->4K(128K)
[2026-06-17T09:57:31.230+0800][38.746s][info][gc             ] GC(1561) Pause Young (Allocation Failure) 45M->39M(57M) 3.287ms
[2026-06-17T09:57:31.231+0800][38.747s][info][gc,cpu         ] GC(1561) User=0.00s Sys=0.00s Real=0.01s
[2026-06-17T09:57:31.254+0800][38.770s][info][gc,start       ] GC(1562) Pause Young (Allocation Failure)
[2026-06-17T09:57:31.255+0800][38.771s][info][gc,heap        ] GC(1562) PSYoungGen: 8904K(14336K)->343K(14336K) Eden: 7156K(7168K)->0K(7168K) From: 1748K(7168K)->343K(7168K)
[2026-06-17T09:57:31.255+0800][38.771s][info][gc,heap        ] GC(1562) ParOldGen: 38252K(44032K)->39793K(44032K)
[2026-06-17T09:57:31.255+0800][38.771s][info][gc,metaspace   ] GC(1562) Metaspace: 152K(384K)->152K(384K) NonClass: 147K(256K)->147K(256K) Class: 4K(128K)->4K(128K)
[2026-06-17T09:57:31.256+0800][38.772s][info][gc             ] GC(1562) Pause Young (Allocation Failure) 46M->39M(57M) 1.996ms
[2026-06-17T09:57:31.256+0800][38.772s][info][gc,cpu         ] GC(1562) User=0.00s Sys=0.00s Real=0.00s
[2026-06-17T09:57:31.269+0800][38.785s][info][gc,start       ] GC(1563) Pause Full (Ergonomics)
[2026-06-17T09:57:31.269+0800][38.785s][info][gc,phases,start] GC(1563) Marking Phase
[2026-06-17T09:57:31.270+0800][38.786s][info][gc,phases      ] GC(1563) Marking Phase 1.158ms
[2026-06-17T09:57:31.271+0800][38.787s][info][gc,phases,start] GC(1563) Summary Phase
[2026-06-17T09:57:31.271+0800][38.787s][info][gc,phases      ] GC(1563) Summary Phase 0.601ms
[2026-06-17T09:57:31.272+0800][38.788s][info][gc,phases,start] GC(1563) Adjust Roots
[2026-06-17T09:57:31.272+0800][38.788s][info][gc,phases      ] GC(1563) Adjust Roots 0.712ms
[2026-06-17T09:57:31.273+0800][38.789s][info][gc,phases,start] GC(1563) Compaction Phase
[2026-06-17T09:57:31.275+0800][38.791s][info][gc,phases      ] GC(1563) Compaction Phase 2.351ms
[2026-06-17T09:57:31.276+0800][38.792s][info][gc,phases,start] GC(1563) Post Compact
[2026-06-17T09:57:31.277+0800][38.793s][info][gc,phases      ] GC(1563) Post Compact 1.513ms
[2026-06-17T09:57:31.277+0800][38.793s][info][gc,heap        ] GC(1563) PSYoungGen: 7498K(14336K)->0K(14336K) Eden: 7155K(7168K)->0K(7168K) From: 343K(7168K)->0K(7168K)
[2026-06-17T09:57:31.278+0800][38.794s][info][gc,heap        ] GC(1563) ParOldGen: 39793K(44032K)->25074K(44032K)
[2026-06-17T09:57:31.278+0800][38.794s][info][gc,metaspace   ] GC(1563) Metaspace: 152K(384K)->152K(384K) NonClass: 147K(256K)->147K(256K) Class: 4K(128K)->4K(128K)
[2026-06-17T09:57:31.279+0800][38.795s][info][gc             ] GC(1563) Pause Full (Ergonomics) 46M->24M(57M) 10.784ms
[2026-06-17T09:57:31.280+0800][38.796s][info][gc,cpu         ] GC(1563) User=0.00s Sys=0.00s Real=0.01s
[2026-06-17T09:57:31.302+0800][38.818s][info][gc,start       ] GC(1564) Pause Young (Allocation Failure)
[2026-06-17T09:57:31.305+0800][38.821s][info][gc,heap        ] GC(1564) PSYoungGen: 7158K(14336K)->3779K(14336K) Eden: 7158K(7168K)->0K(7168K) From: 0K(7168K)->3779K(7168K)
[2026-06-17T09:57:31.305+0800][38.821s][info][gc,heap        ] GC(1564) ParOldGen: 25074K(44032K)->25074K(44032K)
[2026-06-17T09:57:31.306+0800][38.822s][info][gc,metaspace   ] GC(1564) Metaspace: 152K(384K)->152K(384K) NonClass: 147K(256K)->147K(256K) Class: 4K(128K)->4K(128K)
[2026-06-17T09:57:31.306+0800][38.822s][info][gc             ] GC(1564) Pause Young (Allocation Failure) 31M->28M(57M) 3.702ms
[2026-06-17T09:57:31.306+0800][38.822s][info][gc,cpu         ] GC(1564) User=0.00s Sys=0.00s Real=0.01s
[2026-06-17T09:57:31.328+0800][38.844s][info][gc,start       ] GC(1565) Pause Young (Allocation Failure)
[2026-06-17T09:57:31.329+0800][38.845s][info][gc,heap        ] GC(1565) PSYoungGen: 10914K(14336K)->1831K(14336K) Eden: 7135K(7168K)->0K(7168K) From: 3779K(7168K)->1831K(7168K)
[2026-06-17T09:57:31.330+0800][38.846s][info][gc,heap        ] GC(1565) ParOldGen: 25074K(44032K)->27037K(44032K)
[2026-06-17T09:57:31.330+0800][38.846s][info][gc,metaspace   ] GC(1565) Metaspace: 152K(384K)->152K(384K) NonClass: 147K(256K)->147K(256K) Class: 4K(128K)->4K(128K)
[2026-06-17T09:57:31.331+0800][38.847s][info][gc             ] GC(1565) Pause Young (Allocation Failure) 35M->28M(57M) 2.961ms
[2026-06-17T09:57:31.331+0800][38.847s][info][gc,cpu         ] GC(1565) User=0.00s Sys=0.00s Real=0.01s
[2026-06-17T09:57:31.342+0800][38.858s][info][gc,start       ] GC(1566) Pause Young (Allocation Failure)
[2026-06-17T09:57:31.344+0800][38.860s][info][gc,heap        ] GC(1566) PSYoungGen: 8948K(14336K)->617K(14336K) Eden: 7117K(7168K)->0K(7168K) From: 1831K(7168K)->617K(7168K)
[2026-06-17T09:57:31.344+0800][38.860s][info][gc,heap        ] GC(1566) ParOldGen: 27037K(44032K)->28600K(44032K)
[2026-06-17T09:57:31.344+0800][38.860s][info][gc,metaspace   ] GC(1566) Metaspace: 152K(384K)->152K(384K) NonClass: 147K(256K)->147K(256K) Class: 4K(128K)->4K(128K)
[2026-06-17T09:57:31.345+0800][38.861s][info][gc             ] GC(1566) Pause Young (Allocation Failure) 35M->28M(57M) 2.388ms
[2026-06-17T09:57:31.345+0800][38.861s][info][gc,cpu         ] GC(1566) User=0.00s Sys=0.00s Real=0.00s
[2026-06-17T09:57:31.367+0800][38.883s][info][gc,start       ] GC(1567) Pause Young (Allocation Failure)
[2026-06-17T09:57:31.368+0800][38.884s][info][gc,heap        ] GC(1567) PSYoungGen: 7785K(14336K)->3846K(14336K) Eden: 7168K(7168K)->0K(7168K) From: 617K(7168K)->3846K(7168K)
[2026-06-17T09:57:31.368+0800][38.884s][info][gc,heap        ] GC(1567) ParOldGen: 28600K(44032K)->29193K(44032K)
[2026-06-17T09:57:31.369+0800][38.885s][info][gc,metaspace   ] GC(1567) Metaspace: 152K(384K)->152K(384K) NonClass: 147K(256K)->147K(256K) Class: 4K(128K)->4K(128K)
[2026-06-17T09:57:31.369+0800][38.885s][info][gc             ] GC(1567) Pause Young (Allocation Failure) 35M->32M(57M) 2.569ms
[2026-06-17T09:57:31.370+0800][38.886s][info][gc,cpu         ] GC(1567) User=0.00s Sys=0.00s Real=0.00s
[2026-06-17T09:57:31.391+0800][38.907s][info][gc,start       ] GC(1568) Pause Young (Allocation Failure)
[2026-06-17T09:57:31.392+0800][38.908s][info][gc,heap        ] GC(1568) PSYoungGen: 11005K(14336K)->3244K(14336K) Eden: 7159K(7168K)->0K(7168K) From: 3846K(7168K)->3244K(7168K)
[2026-06-17T09:57:31.393+0800][38.909s][info][gc,heap        ] GC(1568) ParOldGen: 29193K(44032K)->29980K(44032K)
[2026-06-17T09:57:31.393+0800][38.909s][info][gc,metaspace   ] GC(1568) Metaspace: 152K(384K)->152K(384K) NonClass: 147K(256K)->147K(256K) Class: 4K(128K)->4K(128K)
[2026-06-17T09:57:31.394+0800][38.910s][info][gc             ] GC(1568) Pause Young (Allocation Failure) 39M->32M(57M) 2.893ms
[2026-06-17T09:57:31.395+0800][38.911s][info][gc,cpu         ] GC(1568) User=0.00s Sys=0.00s Real=0.00s
[2026-06-17T09:57:31.416+0800][38.932s][info][gc,start       ] GC(1569) Pause Young (Allocation Failure)
[2026-06-17T09:57:31.417+0800][38.933s][info][gc,heap        ] GC(1569) PSYoungGen: 10364K(14336K)->3329K(14336K) Eden: 7120K(7168K)->0K(7168K) From: 3244K(7168K)->3329K(7168K)
[2026-06-17T09:57:31.417+0800][38.933s][info][gc,heap        ] GC(1569) ParOldGen: 29980K(44032K)->29980K(44032K)
[2026-06-17T09:57:31.418+0800][38.934s][info][gc,metaspace   ] GC(1569) Metaspace: 152K(384K)->152K(384K) NonClass: 147K(256K)->147K(256K) Class: 4K(128K)->4K(128K)
[2026-06-17T09:57:31.418+0800][38.934s][info][gc             ] GC(1569) Pause Young (Allocation Failure) 39M->32M(57M) 2.650ms
[2026-06-17T09:57:31.419+0800][38.935s][info][gc,cpu         ] GC(1569) User=0.00s Sys=0.00s Real=0.00s
[2026-06-17T09:57:31.430+0800][38.946s][info][gc,start       ] GC(1570) Pause Young (Allocation Failure)
[2026-06-17T09:57:31.432+0800][38.948s][info][gc,heap        ] GC(1570) PSYoungGen: 10497K(14336K)->6828K(14336K) Eden: 7168K(7168K)->0K(7168K) From: 3329K(7168K)->6828K(7168K)
[2026-06-17T09:57:31.432+0800][38.948s][info][gc,heap        ] GC(1570) ParOldGen: 29980K(44032K)->29980K(44032K)
[2026-06-17T09:57:31.433+0800][38.949s][info][gc,metaspace   ] GC(1570) Metaspace: 152K(384K)->152K(384K) NonClass: 147K(256K)->147K(256K) Class: 4K(128K)->4K(128K)
[2026-06-17T09:57:31.433+0800][38.949s][info][gc             ] GC(1570) Pause Young (Allocation Failure) 39M->35M(57M) 2.951ms
[2026-06-17T09:57:31.434+0800][38.950s][info][gc,cpu         ] GC(1570) User=0.01s Sys=0.00s Real=0.01s
[2026-06-17T09:57:31.456+0800][38.972s][info][gc,start       ] GC(1571) Pause Young (Allocation Failure)
[2026-06-17T09:57:31.457+0800][38.973s][info][gc,heap        ] GC(1571) PSYoungGen: 13970K(14336K)->3767K(14336K) Eden: 7141K(7168K)->0K(7168K) From: 6828K(7168K)->3767K(7168K)
[2026-06-17T09:57:31.457+0800][38.973s][info][gc,heap        ] GC(1571) ParOldGen: 29980K(44032K)->33209K(44032K)
[2026-06-17T09:57:31.458+0800][38.974s][info][gc,metaspace   ] GC(1571) Metaspace: 152K(384K)->152K(384K) NonClass: 147K(256K)->147K(256K) Class: 4K(128K)->4K(128K)
[2026-06-17T09:57:31.458+0800][38.974s][info][gc             ] GC(1571) Pause Young (Allocation Failure) 42M->36M(57M) 2.746ms
[2026-06-17T09:57:31.459+0800][38.975s][info][gc,cpu         ] GC(1571) User=0.00s Sys=0.00s Real=0.00s
[2026-06-17T09:57:31.480+0800][38.996s][info][gc,start       ] GC(1572) Pause Young (Allocation Failure)
[2026-06-17T09:57:31.481+0800][38.997s][info][gc,heap        ] GC(1572) PSYoungGen: 10880K(14336K)->1801K(14336K) Eden: 7113K(7168K)->0K(7168K) From: 3767K(7168K)->1801K(7168K)
[2026-06-17T09:57:31.482+0800][38.998s][info][gc,heap        ] GC(1572) ParOldGen: 33209K(44032K)->35192K(44032K)
[2026-06-17T09:57:31.483+0800][38.999s][info][gc,metaspace   ] GC(1572) Metaspace: 152K(384K)->152K(384K) NonClass: 147K(256K)->147K(256K) Class: 4K(128K)->4K(128K)
[2026-06-17T09:57:31.483+0800][38.999s][info][gc             ] GC(1572) Pause Young (Allocation Failure) 43M->36M(57M) 2.935ms
[2026-06-17T09:57:31.483+0800][38.999s][info][gc,cpu         ] GC(1572) User=0.00s Sys=0.00s Real=0.01s
[2026-06-17T09:57:31.495+0800][39.011s][info][gc,start       ] GC(1573) Pause Young (Allocation Failure)
[2026-06-17T09:57:31.496+0800][39.012s][info][gc,heap        ] GC(1573) PSYoungGen: 8969K(14336K)->310K(14336K) Eden: 7168K(7168K)->0K(7168K) From: 1801K(7168K)->310K(7168K)
[2026-06-17T09:57:31.496+0800][39.012s][info][gc,heap        ] GC(1573) ParOldGen: 35192K(44032K)->36720K(44032K)
[2026-06-17T09:57:31.497+0800][39.013s][info][gc,metaspace   ] GC(1573) Metaspace: 152K(384K)->152K(384K) NonClass: 147K(256K)->147K(256K) Class: 4K(128K)->4K(128K)
[2026-06-17T09:57:31.497+0800][39.013s][info][gc             ] GC(1573) Pause Young (Allocation Failure) 43M->36M(57M) 2.430ms
[2026-06-17T09:57:31.498+0800][39.014s][info][gc,cpu         ] GC(1573) User=0.00s Sys=0.00s Real=0.00s
[2026-06-17T09:57:31.519+0800][39.035s][info][gc,start       ] GC(1574) Pause Young (Allocation Failure)
[2026-06-17T09:57:31.520+0800][39.036s][info][gc,heap        ] GC(1574) PSYoungGen: 7473K(14336K)->3781K(14336K) Eden: 7163K(7168K)->0K(7168K) From: 310K(7168K)->3781K(7168K)
[2026-06-17T09:57:31.520+0800][39.036s][info][gc,heap        ] GC(1574) ParOldGen: 36720K(44032K)->37006K(44032K)
[2026-06-17T09:57:31.521+0800][39.037s][info][gc,metaspace   ] GC(1574) Metaspace: 152K(384K)->152K(384K) NonClass: 147K(256K)->147K(256K) Class: 4K(128K)->4K(128K)
[2026-06-17T09:57:31.521+0800][39.037s][info][gc             ] GC(1574) Pause Young (Allocation Failure) 43M->39M(57M) 2.429ms
[2026-06-17T09:57:31.521+0800][39.037s][info][gc,cpu         ] GC(1574) User=0.00s Sys=0.00s Real=0.00s
[2026-06-17T09:57:31.543+0800][39.059s][info][gc,start       ] GC(1575) Pause Young (Allocation Failure)
[2026-06-17T09:57:31.544+0800][39.060s][info][gc,heap        ] GC(1575) PSYoungGen: 10945K(14336K)->2818K(14336K) Eden: 7163K(7168K)->0K(7168K) From: 3781K(7168K)->2818K(7168K)
[2026-06-17T09:57:31.545+0800][39.061s][info][gc,heap        ] GC(1575) ParOldGen: 37006K(44032K)->38586K(44032K)
[2026-06-17T09:57:31.545+0800][39.061s][info][gc,metaspace   ] GC(1575) Metaspace: 152K(384K)->152K(384K) NonClass: 147K(256K)->147K(256K) Class: 4K(128K)->4K(128K)
[2026-06-17T09:57:31.545+0800][39.061s][info][gc             ] GC(1575) Pause Young (Allocation Failure) 46M->40M(57M) 2.464ms
[2026-06-17T09:57:31.546+0800][39.062s][info][gc,cpu         ] GC(1575) User=0.00s Sys=0.00s Real=0.00s
[2026-06-17T09:57:31.567+0800][39.083s][info][gc,start       ] GC(1576) Pause Young (Allocation Failure)
[2026-06-17T09:57:31.568+0800][39.084s][info][gc,heap        ] GC(1576) PSYoungGen: 9933K(14336K)->3016K(14336K) Eden: 7115K(7168K)->0K(7168K) From: 2818K(7168K)->3016K(7168K)
[2026-06-17T09:57:31.569+0800][39.085s][info][gc,heap        ] GC(1576) ParOldGen: 38586K(44032K)->38586K(44032K)
[2026-06-17T09:57:31.569+0800][39.085s][info][gc,metaspace   ] GC(1576) Metaspace: 152K(384K)->152K(384K) NonClass: 147K(256K)->147K(256K) Class: 4K(128K)->4K(128K)
[2026-06-17T09:57:31.569+0800][39.085s][info][gc             ] GC(1576) Pause Young (Allocation Failure) 47M->40M(57M) 2.155ms
[2026-06-17T09:57:31.570+0800][39.086s][info][gc,cpu         ] GC(1576) User=0.01s Sys=0.00s Real=0.00s
[2026-06-17T09:57:31.581+0800][39.097s][info][gc,start       ] GC(1577) Pause Young (Allocation Failure)
[2026-06-17T09:57:31.582+0800][39.098s][info][gc,heap        ] GC(1577) PSYoungGen: 10172K(14336K)->6489K(13824K) Eden: 7156K(7168K)->0K(7168K) From: 3016K(7168K)->6489K(6656K)
[2026-06-17T09:57:31.583+0800][39.099s][info][gc,heap        ] GC(1577) ParOldGen: 38586K(44032K)->38945K(44032K)
[2026-06-17T09:57:31.583+0800][39.099s][info][gc,metaspace   ] GC(1577) Metaspace: 152K(384K)->152K(384K) NonClass: 147K(256K)->147K(256K) Class: 4K(128K)->4K(128K)
[2026-06-17T09:57:31.583+0800][39.099s][info][gc             ] GC(1577) Pause Young (Allocation Failure) 47M->44M(56M) 2.577ms
[2026-06-17T09:57:31.584+0800][39.100s][info][gc,cpu         ] GC(1577) User=0.00s Sys=0.00s Real=0.01s
[2026-06-17T09:57:31.605+0800][39.121s][info][gc,start       ] GC(1578) Pause Young (Allocation Failure)
[2026-06-17T09:57:31.606+0800][39.122s][info][gc,heap        ] GC(1578) PSYoungGen: 13645K(13824K)->4590K(14336K) Eden: 7156K(7168K)->0K(7168K) From: 6489K(6656K)->4590K(7168K)
[2026-06-17T09:57:31.607+0800][39.123s][info][gc,heap        ] GC(1578) ParOldGen: 38945K(44032K)->40882K(44032K)
[2026-06-17T09:57:31.607+0800][39.123s][info][gc,metaspace   ] GC(1578) Metaspace: 152K(384K)->152K(384K) NonClass: 147K(256K)->147K(256K) Class: 4K(128K)->4K(128K)
[2026-06-17T09:57:31.607+0800][39.123s][info][gc             ] GC(1578) Pause Young (Allocation Failure) 51M->44M(57M) 2.505ms
[2026-06-17T09:57:31.608+0800][39.124s][info][gc,cpu         ] GC(1578) User=0.00s Sys=0.00s Real=0.00s
[2026-06-17T09:57:31.629+0800][39.145s][info][gc,start       ] GC(1579) Pause Full (Ergonomics)
[2026-06-17T09:57:31.630+0800][39.146s][info][gc,phases,start] GC(1579) Marking Phase
[2026-06-17T09:57:31.632+0800][39.148s][info][gc,phases      ] GC(1579) Marking Phase 1.776ms
[2026-06-17T09:57:31.632+0800][39.148s][info][gc,phases,start] GC(1579) Summary Phase
[2026-06-17T09:57:31.632+0800][39.148s][info][gc,phases      ] GC(1579) Summary Phase 0.450ms
[2026-06-17T09:57:31.633+0800][39.149s][info][gc,phases,start] GC(1579) Adjust Roots
[2026-06-17T09:57:31.633+0800][39.149s][info][gc,phases      ] GC(1579) Adjust Roots 0.433ms
[2026-06-17T09:57:31.634+0800][39.150s][info][gc,phases,start] GC(1579) Compaction Phase
[2026-06-17T09:57:31.635+0800][39.151s][info][gc,phases      ] GC(1579) Compaction Phase 1.657ms
[2026-06-17T09:57:31.636+0800][39.152s][info][gc,phases,start] GC(1579) Post Compact
[2026-06-17T09:57:31.636+0800][39.152s][info][gc,phases      ] GC(1579) Post Compact 0.539ms
[2026-06-17T09:57:31.637+0800][39.153s][info][gc,heap        ] GC(1579) PSYoungGen: 11753K(14336K)->0K(14336K) Eden: 7162K(7168K)->0K(7168K) From: 4590K(7168K)->0K(7168K)
[2026-06-17T09:57:31.637+0800][39.153s][info][gc,heap        ] GC(1579) ParOldGen: 40882K(44032K)->23942K(44032K)
[2026-06-17T09:57:31.638+0800][39.154s][info][gc,metaspace   ] GC(1579) Metaspace: 152K(384K)->152K(384K) NonClass: 147K(256K)->147K(256K) Class: 4K(128K)->4K(128K)
[2026-06-17T09:57:31.638+0800][39.154s][info][gc             ] GC(1579) Pause Full (Ergonomics) 51M->23M(57M) 9.251ms
[2026-06-17T09:57:31.639+0800][39.155s][info][gc,cpu         ] GC(1579) User=0.01s Sys=0.00s Real=0.01s
[2026-06-17T09:57:31.650+0800][39.166s][info][gc,start       ] GC(1580) Pause Young (Allocation Failure)
[2026-06-17T09:57:31.651+0800][39.167s][info][gc,heap        ] GC(1580) PSYoungGen: 7106K(14336K)->3792K(14336K) Eden: 7106K(7168K)->0K(7168K) From: 0K(7168K)->3792K(7168K)
[2026-06-17T09:57:31.651+0800][39.167s][info][gc,heap        ] GC(1580) ParOldGen: 23942K(44032K)->23942K(44032K)
[2026-06-17T09:57:31.652+0800][39.168s][info][gc,metaspace   ] GC(1580) Metaspace: 152K(384K)->152K(384K) NonClass: 147K(256K)->147K(256K) Class: 4K(128K)->4K(128K)
[2026-06-17T09:57:31.652+0800][39.168s][info][gc             ] GC(1580) Pause Young (Allocation Failure) 30M->27M(57M) 2.464ms
[2026-06-17T09:57:31.653+0800][39.169s][info][gc,cpu         ] GC(1580) User=0.00s Sys=0.00s Real=0.01s
[2026-06-17T09:57:31.674+0800][39.190s][info][gc,start       ] GC(1581) Pause Young (Allocation Failure)
[2026-06-17T09:57:31.676+0800][39.192s][info][gc,heap        ] GC(1581) PSYoungGen: 10924K(14336K)->3324K(14336K) Eden: 7132K(7168K)->0K(7168K) From: 3792K(7168K)->3324K(7168K)
[2026-06-17T09:57:31.676+0800][39.192s][info][gc,heap        ] GC(1581) ParOldGen: 23942K(44032K)->27661K(44032K)
[2026-06-17T09:57:31.677+0800][39.193s][info][gc,metaspace   ] GC(1581) Metaspace: 152K(384K)->152K(384K) NonClass: 147K(256K)->147K(256K) Class: 4K(128K)->4K(128K)
[2026-06-17T09:57:31.677+0800][39.193s][info][gc             ] GC(1581) Pause Young (Allocation Failure) 34M->30M(57M) 2.807ms
[2026-06-17T09:57:31.678+0800][39.194s][info][gc,cpu         ] GC(1581) User=0.00s Sys=0.00s Real=0.00s
[2026-06-17T09:57:31.699+0800][39.215s][info][gc,start       ] GC(1582) Pause Young (Allocation Failure)
[2026-06-17T09:57:31.700+0800][39.216s][info][gc,heap        ] GC(1582) PSYoungGen: 10459K(14336K)->3646K(14336K) Eden: 7134K(7168K)->0K(7168K) From: 3324K(7168K)->3646K(7168K)
[2026-06-17T09:57:31.700+0800][39.217s][info][gc,heap        ] GC(1582) ParOldGen: 27661K(44032K)->27661K(44032K)
[2026-06-17T09:57:31.701+0800][39.217s][info][gc,metaspace   ] GC(1582) Metaspace: 152K(384K)->152K(384K) NonClass: 147K(256K)->147K(256K) Class: 4K(128K)->4K(128K)
[2026-06-17T09:57:31.701+0800][39.217s][info][gc             ] GC(1582) Pause Young (Allocation Failure) 37M->30M(57M) 2.410ms
[2026-06-17T09:57:31.702+0800][39.218s][info][gc,cpu         ] GC(1582) User=0.00s Sys=0.00s Real=0.00s
[2026-06-17T09:57:31.723+0800][39.239s][info][gc,start       ] GC(1583) Pause Young (Allocation Failure)
[2026-06-17T09:57:31.725+0800][39.241s][info][gc,heap        ] GC(1583) PSYoungGen: 10775K(14336K)->3811K(14848K) Eden: 7128K(7168K)->0K(8192K) From: 3646K(7168K)->3811K(6656K)
[2026-06-17T09:57:31.725+0800][39.241s][info][gc,heap        ] GC(1583) ParOldGen: 27661K(44032K)->27661K(44032K)
[2026-06-17T09:57:31.726+0800][39.242s][info][gc,metaspace   ] GC(1583) Metaspace: 152K(384K)->152K(384K) NonClass: 147K(256K)->147K(256K) Class: 4K(128K)->4K(128K)
[2026-06-17T09:57:31.726+0800][39.242s][info][gc             ] GC(1583) Pause Young (Allocation Failure) 37M->30M(57M) 2.718ms
[2026-06-17T09:57:31.726+0800][39.242s][info][gc,cpu         ] GC(1583) User=0.00s Sys=0.00s Real=0.00s
[2026-06-17T09:57:31.748+0800][39.264s][info][gc,start       ] GC(1584) Pause Young (Allocation Failure)
[2026-06-17T09:57:31.749+0800][39.265s][info][gc,heap        ] GC(1584) PSYoungGen: 12000K(14848K)->4769K(14848K) Eden: 8188K(8192K)->0K(8192K) From: 3811K(6656K)->4769K(6656K)
[2026-06-17T09:57:31.750+0800][39.266s][info][gc,heap        ] GC(1584) ParOldGen: 27661K(44032K)->27661K(44032K)
[2026-06-17T09:57:31.750+0800][39.266s][info][gc,metaspace   ] GC(1584) Metaspace: 152K(384K)->152K(384K) NonClass: 147K(256K)->147K(256K) Class: 4K(128K)->4K(128K)
[2026-06-17T09:57:31.751+0800][39.267s][info][gc             ] GC(1584) Pause Young (Allocation Failure) 38M->31M(57M) 3.030ms
[2026-06-17T09:57:31.752+0800][39.268s][info][gc,cpu         ] GC(1584) User=0.00s Sys=0.00s Real=0.01s
[2026-06-17T09:57:31.773+0800][39.289s][info][gc,start       ] GC(1585) Pause Young (Allocation Failure)
[2026-06-17T09:57:31.776+0800][39.292s][info][gc,heap        ] GC(1585) PSYoungGen: 12934K(14848K)->6129K(13824K) Eden: 8165K(8192K)->0K(7168K) From: 4769K(6656K)->6129K(6656K)
[2026-06-17T09:57:31.777+0800][39.293s][info][gc,heap        ] GC(1585) ParOldGen: 27661K(44032K)->27661K(44032K)
[2026-06-17T09:57:31.777+0800][39.293s][info][gc,metaspace   ] GC(1585) Metaspace: 152K(384K)->152K(384K) NonClass: 147K(256K)->147K(256K) Class: 4K(128K)->4K(128K)
[2026-06-17T09:57:31.778+0800][39.294s][info][gc             ] GC(1585) Pause Young (Allocation Failure) 39M->32M(56M) 4.793ms
[2026-06-17T09:57:31.779+0800][39.295s][info][gc,cpu         ] GC(1585) User=0.01s Sys=0.00s Real=0.00s
[2026-06-17T09:57:31.801+0800][39.317s][info][gc,start       ] GC(1586) Pause Young (Allocation Failure)
[2026-06-17T09:57:31.802+0800][39.318s][info][gc,heap        ] GC(1586) PSYoungGen: 13272K(13824K)->3643K(14336K) Eden: 7142K(7168K)->0K(7168K) From: 6129K(6656K)->3643K(7168K)
[2026-06-17T09:57:31.803+0800][39.319s][info][gc,heap        ] GC(1586) ParOldGen: 27661K(44032K)->30258K(44032K)
[2026-06-17T09:57:31.803+0800][39.319s][info][gc,metaspace   ] GC(1586) Metaspace: 152K(384K)->152K(384K) NonClass: 147K(256K)->147K(256K) Class: 4K(128K)->4K(128K)
[2026-06-17T09:57:31.803+0800][39.319s][info][gc             ] GC(1586) Pause Young (Allocation Failure) 39M->33M(57M) 2.678ms
[2026-06-17T09:57:31.804+0800][39.320s][info][gc,cpu         ] GC(1586) User=0.00s Sys=0.00s Real=0.01s
[2026-06-17T09:57:31.815+0800][39.331s][info][gc,start       ] GC(1587) Pause Young (Allocation Failure)
[2026-06-17T09:57:31.816+0800][39.332s][info][gc,heap        ] GC(1587) PSYoungGen: 10800K(14336K)->7018K(14336K) Eden: 7157K(7168K)->0K(7168K) From: 3643K(7168K)->7018K(7168K)
[2026-06-17T09:57:31.817+0800][39.333s][info][gc,heap        ] GC(1587) ParOldGen: 30258K(44032K)->30695K(44032K)
[2026-06-17T09:57:31.817+0800][39.333s][info][gc,metaspace   ] GC(1587) Metaspace: 152K(384K)->152K(384K) NonClass: 147K(256K)->147K(256K) Class: 4K(128K)->4K(128K)
[2026-06-17T09:57:31.818+0800][39.334s][info][gc             ] GC(1587) Pause Young (Allocation Failure) 40M->36M(57M) 2.706ms
[2026-06-17T09:57:31.818+0800][39.334s][info][gc,cpu         ] GC(1587) User=0.00s Sys=0.00s Real=0.00s
[2026-06-17T09:57:31.839+0800][39.355s][info][gc,start       ] GC(1588) Pause Young (Allocation Failure)
[2026-06-17T09:57:31.841+0800][39.357s][info][gc,heap        ] GC(1588) PSYoungGen: 14128K(14336K)->6577K(14336K) Eden: 7110K(7168K)->0K(7168K) From: 7018K(7168K)->6577K(7168K)
[2026-06-17T09:57:31.841+0800][39.357s][info][gc,heap        ] GC(1588) ParOldGen: 30695K(44032K)->31762K(44032K)
[2026-06-17T09:57:31.842+0800][39.358s][info][gc,metaspace   ] GC(1588) Metaspace: 152K(384K)->152K(384K) NonClass: 147K(256K)->147K(256K) Class: 4K(128K)->4K(128K)
[2026-06-17T09:57:31.842+0800][39.358s][info][gc             ] GC(1588) Pause Young (Allocation Failure) 43M->37M(57M) 3.160ms
[2026-06-17T09:57:31.843+0800][39.359s][info][gc,cpu         ] GC(1588) User=0.00s Sys=0.00s Real=0.01s
[2026-06-17T09:57:31.854+0800][39.370s][info][gc,start       ] GC(1589) Pause Young (Allocation Failure)
[2026-06-17T09:57:31.856+0800][39.372s][info][gc,heap        ] GC(1589) PSYoungGen: 13745K(14336K)->7122K(14336K) Eden: 7168K(7168K)->0K(7168K) From: 6577K(7168K)->7122K(7168K)
[2026-06-17T09:57:31.857+0800][39.373s][info][gc,heap        ] GC(1589) ParOldGen: 31762K(44032K)->34959K(44032K)
[2026-06-17T09:57:31.858+0800][39.374s][info][gc,metaspace   ] GC(1589) Metaspace: 152K(384K)->152K(384K) NonClass: 147K(256K)->147K(256K) Class: 4K(128K)->4K(128K)
[2026-06-17T09:57:31.859+0800][39.375s][info][gc             ] GC(1589) Pause Young (Allocation Failure) 44M->41M(57M) 4.502ms
[2026-06-17T09:57:31.859+0800][39.375s][info][gc,cpu         ] GC(1589) User=0.01s Sys=0.00s Real=0.00s
[2026-06-17T09:57:31.882+0800][39.398s][info][gc,start       ] GC(1590) Pause Young (Allocation Failure)
[2026-06-17T09:57:31.885+0800][39.401s][info][gc,heap        ] GC(1590) PSYoungGen: 14272K(14336K)->6440K(14336K) Eden: 7149K(7168K)->0K(7168K) From: 7122K(7168K)->6440K(7168K)
[2026-06-17T09:57:31.886+0800][39.402s][info][gc,heap        ] GC(1590) ParOldGen: 34959K(44032K)->35407K(44032K)
[2026-06-17T09:57:31.887+0800][39.403s][info][gc,metaspace   ] GC(1590) Metaspace: 152K(384K)->152K(384K) NonClass: 147K(256K)->147K(256K) Class: 4K(128K)->4K(128K)
[2026-06-17T09:57:31.888+0800][39.404s][info][gc             ] GC(1590) Pause Young (Allocation Failure) 48M->40M(57M) 5.581ms
[2026-06-17T09:57:31.888+0800][39.404s][info][gc,cpu         ] GC(1590) User=0.00s Sys=0.00s Real=0.01s
[2026-06-17T09:57:31.910+0800][39.426s][info][gc,start       ] GC(1591) Pause Young (Allocation Failure)
[2026-06-17T09:57:31.912+0800][39.428s][info][gc,heap        ] GC(1591) PSYoungGen: 13598K(14336K)->3476K(14336K) Eden: 7158K(7168K)->0K(7168K) From: 6440K(7168K)->3476K(7168K)
[2026-06-17T09:57:31.913+0800][39.429s][info][gc,heap        ] GC(1591) ParOldGen: 35407K(44032K)->38547K(44032K)
[2026-06-17T09:57:31.913+0800][39.429s][info][gc,metaspace   ] GC(1591) Metaspace: 152K(384K)->152K(384K) NonClass: 147K(256K)->147K(256K) Class: 4K(128K)->4K(128K)
[2026-06-17T09:57:31.914+0800][39.430s][info][gc             ] GC(1591) Pause Young (Allocation Failure) 47M->41M(57M) 3.656ms
[2026-06-17T09:57:31.914+0800][39.430s][info][gc,cpu         ] GC(1591) User=0.00s Sys=0.00s Real=0.01s
[2026-06-17T09:57:31.936+0800][39.452s][info][gc,start       ] GC(1592) Pause Young (Allocation Failure)
[2026-06-17T09:57:31.939+0800][39.455s][info][gc,heap        ] GC(1592) PSYoungGen: 10631K(14336K)->2240K(14336K) Eden: 7154K(7168K)->0K(7168K) From: 3476K(7168K)->2240K(7168K)
[2026-06-17T09:57:31.942+0800][39.458s][info][gc,heap        ] GC(1592) ParOldGen: 38547K(44032K)->40178K(44032K)
[2026-06-17T09:57:31.943+0800][39.459s][info][gc,metaspace   ] GC(1592) Metaspace: 152K(384K)->152K(384K) NonClass: 147K(256K)->147K(256K) Class: 4K(128K)->4K(128K)
[2026-06-17T09:57:31.943+0800][39.459s][info][gc             ] GC(1592) Pause Young (Allocation Failure) 48M->41M(57M) 6.887ms
[2026-06-17T09:57:31.945+0800][39.461s][info][gc,cpu         ] GC(1592) User=0.00s Sys=0.00s Real=0.01s
[2026-06-17T09:57:31.967+0800][39.483s][info][gc,start       ] GC(1593) Pause Full (Ergonomics)
[2026-06-17T09:57:31.968+0800][39.484s][info][gc,phases,start] GC(1593) Marking Phase
[2026-06-17T09:57:31.970+0800][39.486s][info][gc,phases      ] GC(1593) Marking Phase 2.377ms
[2026-06-17T09:57:31.973+0800][39.489s][info][gc,phases,start] GC(1593) Summary Phase
[2026-06-17T09:57:31.975+0800][39.491s][info][gc,phases      ] GC(1593) Summary Phase 2.742ms
[2026-06-17T09:57:31.977+0800][39.493s][info][gc,phases,start] GC(1593) Adjust Roots
[2026-06-17T09:57:31.981+0800][39.497s][info][gc,phases      ] GC(1593) Adjust Roots 3.943ms
[2026-06-17T09:57:31.984+0800][39.500s][info][gc,phases,start] GC(1593) Compaction Phase
[2026-06-17T09:57:31.987+0800][39.503s][info][gc,phases      ] GC(1593) Compaction Phase 3.643ms
[2026-06-17T09:57:31.995+0800][39.511s][info][gc,phases,start] GC(1593) Post Compact
[2026-06-17T09:57:31.995+0800][39.511s][info][gc,phases      ] GC(1593) Post Compact 0.457ms
[2026-06-17T09:57:31.995+0800][39.511s][info][gc,heap        ] GC(1593) PSYoungGen: 9393K(14336K)->0K(14336K) Eden: 7153K(7168K)->0K(7168K) From: 2240K(7168K)->0K(7168K)
[2026-06-17T09:57:31.995+0800][39.511s][info][gc,heap        ] GC(1593) ParOldGen: 40178K(44032K)->29903K(44032K)
[2026-06-17T09:57:31.996+0800][39.512s][info][gc,metaspace   ] GC(1593) Metaspace: 152K(384K)->152K(384K) NonClass: 147K(256K)->147K(256K) Class: 4K(128K)->4K(128K)
[2026-06-17T09:57:31.996+0800][39.512s][info][gc             ] GC(1593) Pause Full (Ergonomics) 48M->29M(57M) 28.383ms
[2026-06-17T09:57:31.996+0800][39.512s][info][gc,cpu         ] GC(1593) User=0.01s Sys=0.00s Real=0.03s
[2026-06-17T09:57:32.007+0800][39.523s][info][gc,start       ] GC(1594) Pause Young (Allocation Failure)
[2026-06-17T09:57:32.008+0800][39.524s][info][gc,heap        ] GC(1594) PSYoungGen: 7156K(14336K)->6961K(14336K) Eden: 7156K(7168K)->0K(7168K) From: 0K(7168K)->6961K(7168K)
[2026-06-17T09:57:32.008+0800][39.524s][info][gc,heap        ] GC(1594) ParOldGen: 29903K(44032K)->30118K(44032K)
[2026-06-17T09:57:32.009+0800][39.525s][info][gc,metaspace   ] GC(1594) Metaspace: 152K(384K)->152K(384K) NonClass: 147K(256K)->147K(256K) Class: 4K(128K)->4K(128K)
[2026-06-17T09:57:32.009+0800][39.525s][info][gc             ] GC(1594) Pause Young (Allocation Failure) 36M->36M(57M) 2.068ms
[2026-06-17T09:57:32.009+0800][39.525s][info][gc,cpu         ] GC(1594) User=0.00s Sys=0.00s Real=0.00s
[2026-06-17T09:57:32.030+0800][39.546s][info][gc,start       ] GC(1595) Pause Young (Allocation Failure)
[2026-06-17T09:57:32.032+0800][39.548s][info][gc,heap        ] GC(1595) PSYoungGen: 14127K(14336K)->2285K(14336K) Eden: 7166K(7168K)->0K(7168K) From: 6961K(7168K)->2285K(7168K)
[2026-06-17T09:57:32.032+0800][39.548s][info][gc,heap        ] GC(1595) ParOldGen: 30118K(44032K)->35104K(44032K)
[2026-06-17T09:57:32.032+0800][39.548s][info][gc,metaspace   ] GC(1595) Metaspace: 152K(384K)->152K(384K) NonClass: 147K(256K)->147K(256K) Class: 4K(128K)->4K(128K)
[2026-06-17T09:57:32.032+0800][39.548s][info][gc             ] GC(1595) Pause Young (Allocation Failure) 43M->36M(57M) 2.095ms
[2026-06-17T09:57:32.033+0800][39.549s][info][gc,cpu         ] GC(1595) User=0.00s Sys=0.00s Real=0.01s
[2026-06-17T09:57:32.054+0800][39.570s][info][gc,start       ] GC(1596) Pause Young (Allocation Failure)
[2026-06-17T09:57:32.055+0800][39.571s][info][gc,heap        ] GC(1596) PSYoungGen: 9449K(14336K)->2133K(14336K) Eden: 7163K(7168K)->0K(7168K) From: 2285K(7168K)->2133K(7168K)
[2026-06-17T09:57:32.055+0800][39.571s][info][gc,heap        ] GC(1596) ParOldGen: 35104K(44032K)->35104K(44032K)
[2026-06-17T09:57:32.055+0800][39.571s][info][gc,metaspace   ] GC(1596) Metaspace: 152K(384K)->152K(384K) NonClass: 147K(256K)->147K(256K) Class: 4K(128K)->4K(128K)
[2026-06-17T09:57:32.055+0800][39.571s][info][gc             ] GC(1596) Pause Young (Allocation Failure) 43M->36M(57M) 1.392ms
[2026-06-17T09:57:32.055+0800][39.571s][info][gc,cpu         ] GC(1596) User=0.00s Sys=0.00s Real=0.00s
[2026-06-17T09:57:32.066+0800][39.582s][info][gc,start       ] GC(1597) Pause Young (Allocation Failure)
[2026-06-17T09:57:32.068+0800][39.584s][info][gc,heap        ] GC(1597) PSYoungGen: 9234K(14336K)->32K(14336K) Eden: 7101K(7168K)->0K(7168K) From: 2133K(7168K)->32K(7168K)
[2026-06-17T09:57:32.069+0800][39.585s][info][gc,heap        ] GC(1597) ParOldGen: 35104K(44032K)->37145K(44032K)
[2026-06-17T09:57:32.069+0800][39.585s][info][gc,metaspace   ] GC(1597) Metaspace: 152K(384K)->152K(384K) NonClass: 147K(256K)->147K(256K) Class: 4K(128K)->4K(128K)
[2026-06-17T09:57:32.069+0800][39.585s][info][gc             ] GC(1597) Pause Young (Allocation Failure) 43M->36M(57M) 2.761ms
[2026-06-17T09:57:32.069+0800][39.585s][info][gc,cpu         ] GC(1597) User=0.00s Sys=0.00s Real=0.00s
[2026-06-17T09:57:32.090+0800][39.606s][info][gc,start       ] GC(1598) Pause Young (Allocation Failure)
[2026-06-17T09:57:32.091+0800][39.607s][info][gc,heap        ] GC(1598) PSYoungGen: 7175K(14336K)->3677K(14336K) Eden: 7143K(7168K)->0K(7168K) From: 32K(7168K)->3677K(7168K)
[2026-06-17T09:57:32.092+0800][39.608s][info][gc,heap        ] GC(1598) ParOldGen: 37145K(44032K)->37153K(44032K)
[2026-06-17T09:57:32.092+0800][39.608s][info][gc,metaspace   ] GC(1598) Metaspace: 152K(384K)->152K(384K) NonClass: 147K(256K)->147K(256K) Class: 4K(128K)->4K(128K)
[2026-06-17T09:57:32.092+0800][39.608s][info][gc             ] GC(1598) Pause Young (Allocation Failure) 43M->39M(57M) 1.682ms
[2026-06-17T09:57:32.092+0800][39.608s][info][gc,cpu         ] GC(1598) User=0.00s Sys=0.00s Real=0.00s
[2026-06-17T09:57:32.103+0800][39.619s][info][gc,start       ] GC(1599) Pause Young (Allocation Failure)
[2026-06-17T09:57:32.105+0800][39.621s][info][gc,heap        ] GC(1599) PSYoungGen: 10834K(14336K)->1448K(14336K) Eden: 7156K(7168K)->0K(7168K) From: 3677K(7168K)->1448K(7168K)
[2026-06-17T09:57:32.105+0800][39.621s][info][gc,heap        ] GC(1599) ParOldGen: 37153K(44032K)->39572K(44032K)
[2026-06-17T09:57:32.105+0800][39.621s][info][gc,metaspace   ] GC(1599) Metaspace: 152K(384K)->152K(384K) NonClass: 147K(256K)->147K(256K) Class: 4K(128K)->4K(128K)
[2026-06-17T09:57:32.106+0800][39.622s][info][gc             ] GC(1599) Pause Young (Allocation Failure) 46M->40M(57M) 2.134ms
[2026-06-17T09:57:32.106+0800][39.622s][info][gc,cpu         ] GC(1599) User=0.00s Sys=0.00s Real=0.00s
[2026-06-17T09:57:32.127+0800][39.643s][info][gc,start       ] GC(1600) Pause Full (Ergonomics)
[2026-06-17T09:57:32.127+0800][39.643s][info][gc,phases,start] GC(1600) Marking Phase
[2026-06-17T09:57:32.129+0800][39.645s][info][gc,phases      ] GC(1600) Marking Phase 1.279ms
[2026-06-17T09:57:32.129+0800][39.645s][info][gc,phases,start] GC(1600) Summary Phase
[2026-06-17T09:57:32.130+0800][39.646s][info][gc,phases      ] GC(1600) Summary Phase 0.275ms
[2026-06-17T09:57:32.130+0800][39.646s][info][gc,phases,start] GC(1600) Adjust Roots
[2026-06-17T09:57:32.130+0800][39.646s][info][gc,phases      ] GC(1600) Adjust Roots 0.358ms
[2026-06-17T09:57:32.130+0800][39.646s][info][gc,phases,start] GC(1600) Compaction Phase
[2026-06-17T09:57:32.132+0800][39.648s][info][gc,phases      ] GC(1600) Compaction Phase 1.861ms
[2026-06-17T09:57:32.132+0800][39.648s][info][gc,phases,start] GC(1600) Post Compact
[2026-06-17T09:57:32.133+0800][39.649s][info][gc,phases      ] GC(1600) Post Compact 0.234ms
[2026-06-17T09:57:32.133+0800][39.649s][info][gc,heap        ] GC(1600) PSYoungGen: 8616K(14336K)->0K(14336K) Eden: 7168K(7168K)->0K(7168K) From: 1448K(7168K)->0K(7168K)
[2026-06-17T09:57:32.133+0800][39.649s][info][gc,heap        ] GC(1600) ParOldGen: 39572K(44032K)->32665K(44032K)
[2026-06-17T09:57:32.133+0800][39.649s][info][gc,metaspace   ] GC(1600) Metaspace: 152K(384K)->152K(384K) NonClass: 147K(256K)->147K(256K) Class: 4K(128K)->4K(128K)
[2026-06-17T09:57:32.133+0800][39.649s][info][gc             ] GC(1600) Pause Full (Ergonomics) 47M->31M(57M) 6.297ms
[2026-06-17T09:57:32.133+0800][39.649s][info][gc,cpu         ] GC(1600) User=0.01s Sys=0.00s Real=0.01s
[2026-06-17T09:57:32.154+0800][39.670s][info][gc,start       ] GC(1601) Pause Young (Allocation Failure)
[2026-06-17T09:57:32.155+0800][39.671s][info][gc,heap        ] GC(1601) PSYoungGen: 7137K(14336K)->3589K(14336K) Eden: 7137K(7168K)->0K(7168K) From: 0K(7168K)->3589K(7168K)
[2026-06-17T09:57:32.156+0800][39.672s][info][gc,heap        ] GC(1601) ParOldGen: 32665K(44032K)->32665K(44032K)
[2026-06-17T09:57:32.156+0800][39.672s][info][gc,metaspace   ] GC(1601) Metaspace: 152K(384K)->152K(384K) NonClass: 147K(256K)->147K(256K) Class: 4K(128K)->4K(128K)
[2026-06-17T09:57:32.156+0800][39.672s][info][gc             ] GC(1601) Pause Young (Allocation Failure) 38M->35M(57M) 1.760ms
[2026-06-17T09:57:32.156+0800][39.672s][info][gc,cpu         ] GC(1601) User=0.00s Sys=0.00s Real=0.00s
[2026-06-17T09:57:32.178+0800][39.694s][info][gc,start       ] GC(1602) Pause Young (Allocation Failure)
[2026-06-17T09:57:32.179+0800][39.695s][info][gc,heap        ] GC(1602) PSYoungGen: 10720K(14336K)->594K(14336K) Eden: 7130K(7168K)->0K(7168K) From: 3589K(7168K)->594K(7168K)
[2026-06-17T09:57:32.179+0800][39.695s][info][gc,heap        ] GC(1602) ParOldGen: 32665K(44032K)->36046K(44032K)
[2026-06-17T09:57:32.179+0800][39.695s][info][gc,metaspace   ] GC(1602) Metaspace: 152K(384K)->152K(384K) NonClass: 147K(256K)->147K(256K) Class: 4K(128K)->4K(128K)
[2026-06-17T09:57:32.180+0800][39.696s][info][gc             ] GC(1602) Pause Young (Allocation Failure) 42M->35M(57M) 1.962ms
[2026-06-17T09:57:32.180+0800][39.696s][info][gc,cpu         ] GC(1602) User=0.00s Sys=0.00s Real=0.00s
[2026-06-17T09:57:32.191+0800][39.707s][info][gc,start       ] GC(1603) Pause Young (Allocation Failure)
[2026-06-17T09:57:32.192+0800][39.709s][info][gc,heap        ] GC(1603) PSYoungGen: 7754K(14336K)->4457K(14336K) Eden: 7160K(7168K)->0K(7168K) From: 594K(7168K)->4457K(7168K)
[2026-06-17T09:57:32.193+0800][39.709s][info][gc,heap        ] GC(1603) ParOldGen: 36046K(44032K)->36046K(44032K)
[2026-06-17T09:57:32.193+0800][39.709s][info][gc,metaspace   ] GC(1603) Metaspace: 152K(384K)->152K(384K) NonClass: 147K(256K)->147K(256K) Class: 4K(128K)->4K(128K)
[2026-06-17T09:57:32.194+0800][39.710s][info][gc             ] GC(1603) Pause Young (Allocation Failure) 42M->39M(57M) 2.593ms
[2026-06-17T09:57:32.194+0800][39.710s][info][gc,cpu         ] GC(1603) User=0.00s Sys=0.00s Real=0.00s
[2026-06-17T09:57:32.216+0800][39.732s][info][gc,start       ] GC(1604) Pause Young (Allocation Failure)
[2026-06-17T09:57:32.219+0800][39.735s][info][gc,heap        ] GC(1604) PSYoungGen: 11594K(14336K)->2821K(14336K) Eden: 7137K(7168K)->0K(7168K) From: 4457K(7168K)->2821K(7168K)
[2026-06-17T09:57:32.219+0800][39.735s][info][gc,heap        ] GC(1604) ParOldGen: 36046K(44032K)->37981K(44032K)
[2026-06-17T09:57:32.220+0800][39.736s][info][gc,metaspace   ] GC(1604) Metaspace: 152K(384K)->152K(384K) NonClass: 147K(256K)->147K(256K) Class: 4K(128K)->4K(128K)
[2026-06-17T09:57:32.220+0800][39.736s][info][gc             ] GC(1604) Pause Young (Allocation Failure) 46M->39M(57M) 4.379ms
[2026-06-17T09:57:32.221+0800][39.737s][info][gc,cpu         ] GC(1604) User=0.00s Sys=0.01s Real=0.00s
[2026-06-17T09:57:32.243+0800][39.759s][info][gc,start       ] GC(1605) Pause Young (Allocation Failure)
[2026-06-17T09:57:32.246+0800][39.762s][info][gc,heap        ] GC(1605) PSYoungGen: 9973K(14336K)->3231K(14336K) Eden: 7151K(7168K)->0K(7168K) From: 2821K(7168K)->3231K(7168K)
[2026-06-17T09:57:32.247+0800][39.763s][info][gc,heap        ] GC(1605) ParOldGen: 37981K(44032K)->37981K(44032K)
[2026-06-17T09:57:32.248+0800][39.764s][info][gc,metaspace   ] GC(1605) Metaspace: 152K(384K)->152K(384K) NonClass: 147K(256K)->147K(256K) Class: 4K(128K)->4K(128K)
[2026-06-17T09:57:32.249+0800][39.765s][info][gc             ] GC(1605) Pause Young (Allocation Failure) 46M->40M(57M) 5.956ms
[2026-06-17T09:57:32.250+0800][39.766s][info][gc,cpu         ] GC(1605) User=0.00s Sys=0.00s Real=0.00s
[2026-06-17T09:57:32.262+0800][39.778s][info][gc,start       ] GC(1606) Pause Young (Allocation Failure)
[2026-06-17T09:57:32.264+0800][39.780s][info][gc,heap        ] GC(1606) PSYoungGen: 10226K(14336K)->967K(14336K) Eden: 6994K(7168K)->0K(7168K) From: 3231K(7168K)->967K(7168K)
[2026-06-17T09:57:32.264+0800][39.780s][info][gc,heap        ] GC(1606) ParOldGen: 37981K(44032K)->40128K(44032K)
[2026-06-17T09:57:32.264+0800][39.780s][info][gc,metaspace   ] GC(1606) Metaspace: 152K(384K)->152K(384K) NonClass: 147K(256K)->147K(256K) Class: 4K(128K)->4K(128K)
[2026-06-17T09:57:32.265+0800][39.781s][info][gc             ] GC(1606) Pause Young (Allocation Failure) 47M->40M(57M) 2.700ms
[2026-06-17T09:57:32.265+0800][39.781s][info][gc,cpu         ] GC(1606) User=0.00s Sys=0.00s Real=0.01s
[2026-06-17T09:57:32.287+0800][39.803s][info][gc,start       ] GC(1607) Pause Full (Ergonomics)
[2026-06-17T09:57:32.288+0800][39.804s][info][gc,phases,start] GC(1607) Marking Phase
[2026-06-17T09:57:32.291+0800][39.807s][info][gc,phases      ] GC(1607) Marking Phase 2.714ms
[2026-06-17T09:57:32.291+0800][39.807s][info][gc,phases,start] GC(1607) Summary Phase
[2026-06-17T09:57:32.292+0800][39.808s][info][gc,phases      ] GC(1607) Summary Phase 0.460ms
[2026-06-17T09:57:32.292+0800][39.808s][info][gc,phases,start] GC(1607) Adjust Roots
[2026-06-17T09:57:32.293+0800][39.809s][info][gc,phases      ] GC(1607) Adjust Roots 0.952ms
[2026-06-17T09:57:32.294+0800][39.810s][info][gc,phases,start] GC(1607) Compaction Phase
[2026-06-17T09:57:32.296+0800][39.812s][info][gc,phases      ] GC(1607) Compaction Phase 2.842ms
[2026-06-17T09:57:32.297+0800][39.813s][info][gc,phases,start] GC(1607) Post Compact
[2026-06-17T09:57:32.297+0800][39.813s][info][gc,phases      ] GC(1607) Post Compact 0.373ms
[2026-06-17T09:57:32.298+0800][39.814s][info][gc,heap        ] GC(1607) PSYoungGen: 8098K(14336K)->0K(14336K) Eden: 7131K(7168K)->0K(7168K) From: 967K(7168K)->0K(7168K)
[2026-06-17T09:57:32.298+0800][39.814s][info][gc,heap        ] GC(1607) ParOldGen: 40128K(44032K)->31680K(44032K)
[2026-06-17T09:57:32.299+0800][39.815s][info][gc,metaspace   ] GC(1607) Metaspace: 152K(384K)->152K(384K) NonClass: 147K(256K)->147K(256K) Class: 4K(128K)->4K(128K)
[2026-06-17T09:57:32.299+0800][39.815s][info][gc             ] GC(1607) Pause Full (Ergonomics) 47M->30M(57M) 11.773ms
[2026-06-17T09:57:32.299+0800][39.815s][info][gc,cpu         ] GC(1607) User=0.01s Sys=0.00s Real=0.01s
[2026-06-17T09:57:32.321+0800][39.837s][info][gc,start       ] GC(1608) Pause Young (Allocation Failure)
[2026-06-17T09:57:32.323+0800][39.839s][info][gc,heap        ] GC(1608) PSYoungGen: 7149K(14336K)->3614K(14336K) Eden: 7149K(7168K)->0K(7168K) From: 0K(7168K)->3614K(7168K)
[2026-06-17T09:57:32.324+0800][39.840s][info][gc,heap        ] GC(1608) ParOldGen: 31680K(44032K)->31680K(44032K)
[2026-06-17T09:57:32.324+0800][39.840s][info][gc,metaspace   ] GC(1608) Metaspace: 152K(384K)->152K(384K) NonClass: 147K(256K)->147K(256K) Class: 4K(128K)->4K(128K)
[2026-06-17T09:57:32.324+0800][39.840s][info][gc             ] GC(1608) Pause Young (Allocation Failure) 37M->34M(57M) 2.844ms
[2026-06-17T09:57:32.325+0800][39.841s][info][gc,cpu         ] GC(1608) User=0.00s Sys=0.00s Real=0.01s
[2026-06-17T09:57:32.336+0800][39.852s][info][gc,start       ] GC(1609) Pause Young (Allocation Failure)
[2026-06-17T09:57:32.337+0800][39.853s][info][gc,heap        ] GC(1609) PSYoungGen: 10774K(14336K)->4397K(14336K) Eden: 7160K(7168K)->0K(7168K) From: 3614K(7168K)->4397K(7168K)
[2026-06-17T09:57:32.337+0800][39.853s][info][gc,heap        ] GC(1609) ParOldGen: 31680K(44032K)->34654K(44032K)
[2026-06-17T09:57:32.337+0800][39.853s][info][gc,metaspace   ] GC(1609) Metaspace: 152K(384K)->152K(384K) NonClass: 147K(256K)->147K(256K) Class: 4K(128K)->4K(128K)
[2026-06-17T09:57:32.337+0800][39.853s][info][gc             ] GC(1609) Pause Young (Allocation Failure) 41M->38M(57M) 1.503ms
[2026-06-17T09:57:32.337+0800][39.853s][info][gc,cpu         ] GC(1609) User=0.01s Sys=0.00s Real=0.00s
[2026-06-17T09:57:32.359+0800][39.875s][info][gc,start       ] GC(1610) Pause Young (Allocation Failure)
[2026-06-17T09:57:32.359+0800][39.876s][info][gc,heap        ] GC(1610) PSYoungGen: 11540K(14336K)->3481K(14336K) Eden: 7143K(7168K)->0K(7168K) From: 4397K(7168K)->3481K(7168K)
[2026-06-17T09:57:32.360+0800][39.876s][info][gc,heap        ] GC(1610) ParOldGen: 34654K(44032K)->35997K(44032K)
[2026-06-17T09:57:32.360+0800][39.876s][info][gc,metaspace   ] GC(1610) Metaspace: 152K(384K)->152K(384K) NonClass: 147K(256K)->147K(256K) Class: 4K(128K)->4K(128K)
[2026-06-17T09:57:32.360+0800][39.876s][info][gc             ] GC(1610) Pause Young (Allocation Failure) 45M->38M(57M) 1.476ms
[2026-06-17T09:57:32.360+0800][39.876s][info][gc,cpu         ] GC(1610) User=0.00s Sys=0.00s Real=0.00s
[2026-06-17T09:57:32.381+0800][39.897s][info][gc,start       ] GC(1611) Pause Young (Allocation Failure)
[2026-06-17T09:57:32.382+0800][39.898s][info][gc,heap        ] GC(1611) PSYoungGen: 10623K(14336K)->3662K(14336K) Eden: 7141K(7168K)->0K(7168K) From: 3481K(7168K)->3662K(7168K)
[2026-06-17T09:57:32.383+0800][39.899s][info][gc,heap        ] GC(1611) ParOldGen: 35997K(44032K)->35997K(44032K)
[2026-06-17T09:57:32.383+0800][39.899s][info][gc,metaspace   ] GC(1611) Metaspace: 152K(384K)->152K(384K) NonClass: 147K(256K)->147K(256K) Class: 4K(128K)->4K(128K)
[2026-06-17T09:57:32.383+0800][39.899s][info][gc             ] GC(1611) Pause Young (Allocation Failure) 45M->38M(57M) 1.895ms
[2026-06-17T09:57:32.383+0800][39.899s][info][gc,cpu         ] GC(1611) User=0.00s Sys=0.00s Real=0.01s
[2026-06-17T09:57:32.395+0800][39.911s][info][gc,start       ] GC(1612) Pause Young (Allocation Failure)
[2026-06-17T09:57:32.396+0800][39.912s][info][gc,heap        ] GC(1612) PSYoungGen: 10805K(14336K)->7159K(14336K) Eden: 7142K(7168K)->0K(7168K) From: 3662K(7168K)->7159K(7168K)
[2026-06-17T09:57:32.396+0800][39.912s][info][gc,heap        ] GC(1612) ParOldGen: 35997K(44032K)->35997K(44032K)
[2026-06-17T09:57:32.396+0800][39.912s][info][gc,metaspace   ] GC(1612) Metaspace: 152K(384K)->152K(384K) NonClass: 147K(256K)->147K(256K) Class: 4K(128K)->4K(128K)
[2026-06-17T09:57:32.397+0800][39.913s][info][gc             ] GC(1612) Pause Young (Allocation Failure) 45M->42M(57M) 1.904ms
[2026-06-17T09:57:32.397+0800][39.913s][info][gc,cpu         ] GC(1612) User=0.00s Sys=0.00s Real=0.00s
[2026-06-17T09:57:32.418+0800][39.934s][info][gc,start       ] GC(1613) Pause Young (Allocation Failure)
[2026-06-17T09:57:32.419+0800][39.935s][info][gc,heap        ] GC(1613) PSYoungGen: 14308K(14336K)->5310K(14336K) Eden: 7149K(7168K)->0K(7168K) From: 7159K(7168K)->5310K(7168K)
[2026-06-17T09:57:32.419+0800][39.935s][info][gc,heap        ] GC(1613) ParOldGen: 35997K(44032K)->38192K(44032K)
[2026-06-17T09:57:32.420+0800][39.936s][info][gc,metaspace   ] GC(1613) Metaspace: 152K(384K)->152K(384K) NonClass: 147K(256K)->147K(256K) Class: 4K(128K)->4K(128K)
[2026-06-17T09:57:32.420+0800][39.936s][info][gc             ] GC(1613) Pause Young (Allocation Failure) 49M->42M(57M) 2.243ms
[2026-06-17T09:57:32.420+0800][39.936s][info][gc,cpu         ] GC(1613) User=0.01s Sys=0.00s Real=0.00s
[2026-06-17T09:57:32.441+0800][39.957s][info][gc,start       ] GC(1614) Pause Young (Allocation Failure)
[2026-06-17T09:57:32.443+0800][39.959s][info][gc,heap        ] GC(1614) PSYoungGen: 12468K(14336K)->3358K(14336K) Eden: 7158K(7168K)->0K(7168K) From: 5310K(7168K)->3358K(7168K)
[2026-06-17T09:57:32.443+0800][39.959s][info][gc,heap        ] GC(1614) ParOldGen: 38192K(44032K)->40599K(44032K)
[2026-06-17T09:57:32.443+0800][39.959s][info][gc,metaspace   ] GC(1614) Metaspace: 152K(384K)->152K(384K) NonClass: 147K(256K)->147K(256K) Class: 4K(128K)->4K(128K)
[2026-06-17T09:57:32.444+0800][39.960s][info][gc             ] GC(1614) Pause Young (Allocation Failure) 49M->42M(57M) 2.208ms
[2026-06-17T09:57:32.444+0800][39.960s][info][gc,cpu         ] GC(1614) User=0.00s Sys=0.00s Real=0.01s
[2026-06-17T09:57:32.455+0800][39.971s][info][gc,start       ] GC(1615) Pause Full (Ergonomics)
[2026-06-17T09:57:32.456+0800][39.972s][info][gc,phases,start] GC(1615) Marking Phase
[2026-06-17T09:57:32.457+0800][39.973s][info][gc,phases      ] GC(1615) Marking Phase 1.154ms
[2026-06-17T09:57:32.457+0800][39.973s][info][gc,phases,start] GC(1615) Summary Phase
[2026-06-17T09:57:32.457+0800][39.973s][info][gc,phases      ] GC(1615) Summary Phase 0.163ms
[2026-06-17T09:57:32.457+0800][39.973s][info][gc,phases,start] GC(1615) Adjust Roots
[2026-06-17T09:57:32.458+0800][39.974s][info][gc,phases      ] GC(1615) Adjust Roots 0.455ms
[2026-06-17T09:57:32.458+0800][39.974s][info][gc,phases,start] GC(1615) Compaction Phase
[2026-06-17T09:57:32.461+0800][39.977s][info][gc,phases      ] GC(1615) Compaction Phase 2.525ms
[2026-06-17T09:57:32.461+0800][39.977s][info][gc,phases,start] GC(1615) Post Compact
[2026-06-17T09:57:32.461+0800][39.977s][info][gc,phases      ] GC(1615) Post Compact 0.307ms
[2026-06-17T09:57:32.461+0800][39.977s][info][gc,heap        ] GC(1615) PSYoungGen: 10314K(14336K)->0K(14336K) Eden: 6956K(7168K)->0K(7168K) From: 3358K(7168K)->0K(7168K)
[2026-06-17T09:57:32.462+0800][39.978s][info][gc,heap        ] GC(1615) ParOldGen: 40599K(44032K)->23346K(44032K)
[2026-06-17T09:57:32.462+0800][39.978s][info][gc,metaspace   ] GC(1615) Metaspace: 152K(384K)->152K(384K) NonClass: 147K(256K)->147K(256K) Class: 4K(128K)->4K(128K)
[2026-06-17T09:57:32.462+0800][39.978s][info][gc             ] GC(1615) Pause Full (Ergonomics) 49M->22M(57M) 6.777ms
[2026-06-17T09:57:32.462+0800][39.978s][info][gc,cpu         ] GC(1615) User=0.01s Sys=0.00s Real=0.00s
[2026-06-17T09:57:32.483+0800][39.999s][info][gc,start       ] GC(1616) Pause Young (Allocation Failure)
[2026-06-17T09:57:32.484+0800][40.000s][info][gc,heap        ] GC(1616) PSYoungGen: 7145K(14336K)->3875K(14336K) Eden: 7145K(7168K)->0K(7168K) From: 0K(7168K)->3875K(7168K)
[2026-06-17T09:57:32.484+0800][40.000s][info][gc,heap        ] GC(1616) ParOldGen: 23346K(44032K)->23346K(44032K)
[2026-06-17T09:57:32.485+0800][40.001s][info][gc,metaspace   ] GC(1616) Metaspace: 152K(384K)->152K(384K) NonClass: 147K(256K)->147K(256K) Class: 4K(128K)->4K(128K)
[2026-06-17T09:57:32.485+0800][40.001s][info][gc             ] GC(1616) Pause Young (Allocation Failure) 29M->26M(57M) 1.793ms
[2026-06-17T09:57:32.485+0800][40.001s][info][gc,cpu         ] GC(1616) User=0.00s Sys=0.00s Real=0.00s
[2026-06-17T09:57:32.506+0800][40.022s][info][gc,start       ] GC(1617) Pause Young (Allocation Failure)
[2026-06-17T09:57:32.507+0800][40.023s][info][gc,heap        ] GC(1617) PSYoungGen: 11030K(14336K)->3451K(14336K) Eden: 7155K(7168K)->0K(7168K) From: 3875K(7168K)->3451K(7168K)
[2026-06-17T09:57:32.508+0800][40.024s][info][gc,heap        ] GC(1617) ParOldGen: 23346K(44032K)->24156K(44032K)
[2026-06-17T09:57:32.508+0800][40.024s][info][gc,metaspace   ] GC(1617) Metaspace: 152K(384K)->152K(384K) NonClass: 147K(256K)->147K(256K) Class: 4K(128K)->4K(128K)
[2026-06-17T09:57:32.508+0800][40.024s][info][gc             ] GC(1617) Pause Young (Allocation Failure) 33M->26M(57M) 2.170ms
[2026-06-17T09:57:32.508+0800][40.024s][info][gc,cpu         ] GC(1617) User=0.00s Sys=0.00s Real=0.00s
[2026-06-17T09:57:32.530+0800][40.046s][info][gc,start       ] GC(1618) Pause Young (Allocation Failure)
[2026-06-17T09:57:32.532+0800][40.048s][info][gc,heap        ] GC(1618) PSYoungGen: 10615K(14336K)->3643K(14336K) Eden: 7163K(7168K)->0K(7168K) From: 3451K(7168K)->3643K(7168K)
[2026-06-17T09:57:32.532+0800][40.048s][info][gc,heap        ] GC(1618) ParOldGen: 24156K(44032K)->24156K(44032K)
[2026-06-17T09:57:32.533+0800][40.049s][info][gc,metaspace   ] GC(1618) Metaspace: 152K(384K)->152K(384K) NonClass: 147K(256K)->147K(256K) Class: 4K(128K)->4K(128K)
[2026-06-17T09:57:32.535+0800][40.051s][info][gc             ] GC(1618) Pause Young (Allocation Failure) 33M->27M(57M) 5.474ms
[2026-06-17T09:57:32.536+0800][40.052s][info][gc,cpu         ] GC(1618) User=0.00s Sys=0.00s Real=0.01s
[2026-06-17T09:57:32.547+0800][40.063s][info][gc,start       ] GC(1619) Pause Young (Allocation Failure)
[2026-06-17T09:57:32.550+0800][40.066s][info][gc,heap        ] GC(1619) PSYoungGen: 10771K(14336K)->6877K(14336K) Eden: 7128K(7168K)->0K(7168K) From: 3643K(7168K)->6877K(7168K)
[2026-06-17T09:57:32.550+0800][40.066s][info][gc,heap        ] GC(1619) ParOldGen: 24156K(44032K)->24496K(44032K)
[2026-06-17T09:57:32.582+0800][40.098s][info][gc,metaspace   ] GC(1619) Metaspace: 152K(384K)->152K(384K) NonClass: 147K(256K)->147K(256K) Class: 4K(128K)->4K(128K)
[2026-06-17T09:57:32.582+0800][40.098s][info][gc             ] GC(1619) Pause Young (Allocation Failure) 34M->30M(57M) 34.491ms
[2026-06-17T09:57:32.597+0800][40.113s][info][gc,cpu         ] GC(1619) User=0.01s Sys=0.00s Real=0.05s
[2026-06-17T09:57:32.665+0800][40.181s][info][gc,start       ] GC(1620) Pause Young (Allocation Failure)
[2026-06-17T09:57:32.672+0800][40.188s][info][gc,heap        ] GC(1620) PSYoungGen: 14003K(14336K)->5256K(14336K) Eden: 7125K(7168K)->0K(7168K) From: 6877K(7168K)->5256K(7168K)
[2026-06-17T09:57:32.681+0800][40.197s][info][gc,heap        ] GC(1620) ParOldGen: 24496K(44032K)->26222K(44032K)
[2026-06-17T09:57:32.685+0800][40.201s][info][gc,metaspace   ] GC(1620) Metaspace: 152K(384K)->152K(384K) NonClass: 147K(256K)->147K(256K) Class: 4K(128K)->4K(128K)
[2026-06-17T09:57:32.686+0800][40.202s][info][gc             ] GC(1620) Pause Young (Allocation Failure) 37M->30M(57M) 20.595ms
[2026-06-17T09:57:32.690+0800][40.206s][info][gc,cpu         ] GC(1620) User=0.00s Sys=0.00s Real=0.03s
[2026-06-17T09:57:32.725+0800][40.241s][info][gc,start       ] GC(1621) Pause Young (Allocation Failure)
[2026-06-17T09:57:32.726+0800][40.242s][info][gc,heap        ] GC(1621) PSYoungGen: 12406K(14336K)->2235K(14336K) Eden: 7149K(7168K)->0K(7168K) From: 5256K(7168K)->2235K(7168K)
[2026-06-17T09:57:32.728+0800][40.244s][info][gc,heap        ] GC(1621) ParOldGen: 26222K(44032K)->29296K(44032K)
[2026-06-17T09:57:32.731+0800][40.247s][info][gc,metaspace   ] GC(1621) Metaspace: 152K(384K)->152K(384K) NonClass: 147K(256K)->147K(256K) Class: 4K(128K)->4K(128K)
[2026-06-17T09:57:32.732+0800][40.248s][info][gc             ] GC(1621) Pause Young (Allocation Failure) 37M->30M(57M) 7.063ms
[2026-06-17T09:57:32.734+0800][40.250s][info][gc,cpu         ] GC(1621) User=0.00s Sys=0.00s Real=0.01s
[2026-06-17T09:57:32.745+0800][40.261s][info][gc,start       ] GC(1622) Pause Young (Allocation Failure)
[2026-06-17T09:57:32.747+0800][40.263s][info][gc,heap        ] GC(1622) PSYoungGen: 9336K(14336K)->267K(14336K) Eden: 7101K(7168K)->0K(7168K) From: 2235K(7168K)->267K(7168K)
[2026-06-17T09:57:32.747+0800][40.263s][info][gc,heap        ] GC(1622) ParOldGen: 29296K(44032K)->31261K(44032K)
[2026-06-17T09:57:32.749+0800][40.265s][info][gc,metaspace   ] GC(1622) Metaspace: 152K(384K)->152K(384K) NonClass: 147K(256K)->147K(256K) Class: 4K(128K)->4K(128K)
[2026-06-17T09:57:32.752+0800][40.268s][info][gc             ] GC(1622) Pause Young (Allocation Failure) 37M->30M(57M) 7.588ms
[2026-06-17T09:57:32.753+0800][40.269s][info][gc,cpu         ] GC(1622) User=0.00s Sys=0.00s Real=0.01s
[2026-06-17T09:57:32.774+0800][40.290s][info][gc,start       ] GC(1623) Pause Young (Allocation Failure)
[2026-06-17T09:57:32.775+0800][40.291s][info][gc,heap        ] GC(1623) PSYoungGen: 7433K(14336K)->3971K(14336K) Eden: 7166K(7168K)->0K(7168K) From: 267K(7168K)->3971K(7168K)
[2026-06-17T09:57:32.775+0800][40.291s][info][gc,heap        ] GC(1623) ParOldGen: 31261K(44032K)->31504K(44032K)
[2026-06-17T09:57:32.775+0800][40.291s][info][gc,metaspace   ] GC(1623) Metaspace: 152K(384K)->152K(384K) NonClass: 147K(256K)->147K(256K) Class: 4K(128K)->4K(128K)
[2026-06-17T09:57:32.775+0800][40.291s][info][gc             ] GC(1623) Pause Young (Allocation Failure) 37M->34M(57M) 1.609ms
[2026-06-17T09:57:32.776+0800][40.292s][info][gc,cpu         ] GC(1623) User=0.00s Sys=0.00s Real=0.00s
[2026-06-17T09:57:32.797+0800][40.313s][info][gc,start       ] GC(1624) Pause Young (Allocation Failure)
[2026-06-17T09:57:32.797+0800][40.313s][info][gc,heap        ] GC(1624) PSYoungGen: 11100K(14336K)->2770K(14336K) Eden: 7129K(7168K)->0K(7168K) From: 3971K(7168K)->2770K(7168K)
[2026-06-17T09:57:32.798+0800][40.314s][info][gc,heap        ] GC(1624) ParOldGen: 31504K(44032K)->32933K(44032K)
[2026-06-17T09:57:32.798+0800][40.314s][info][gc,metaspace   ] GC(1624) Metaspace: 152K(384K)->152K(384K) NonClass: 147K(256K)->147K(256K) Class: 4K(128K)->4K(128K)
[2026-06-17T09:57:32.798+0800][40.314s][info][gc             ] GC(1624) Pause Young (Allocation Failure) 41M->34M(57M) 1.219ms
[2026-06-17T09:57:32.798+0800][40.314s][info][gc,cpu         ] GC(1624) User=0.00s Sys=0.00s Real=0.00s
[2026-06-17T09:57:32.819+0800][40.335s][info][gc,start       ] GC(1625) Pause Young (Allocation Failure)
[2026-06-17T09:57:32.820+0800][40.336s][info][gc,heap        ] GC(1625) PSYoungGen: 9927K(14336K)->876K(14336K) Eden: 7156K(7168K)->0K(7168K) From: 2770K(7168K)->876K(7168K)
[2026-06-17T09:57:32.820+0800][40.336s][info][gc,heap        ] GC(1625) ParOldGen: 32933K(44032K)->34798K(44032K)
[2026-06-17T09:57:32.820+0800][40.336s][info][gc,metaspace   ] GC(1625) Metaspace: 152K(384K)->152K(384K) NonClass: 147K(256K)->147K(256K) Class: 4K(128K)->4K(128K)
[2026-06-17T09:57:32.820+0800][40.336s][info][gc             ] GC(1625) Pause Young (Allocation Failure) 41M->34M(57M) 1.311ms
[2026-06-17T09:57:32.820+0800][40.336s][info][gc,cpu         ] GC(1625) User=0.00s Sys=0.00s Real=0.00s
[2026-06-17T09:57:32.831+0800][40.347s][info][gc,start       ] GC(1626) Pause Young (Allocation Failure)
[2026-06-17T09:57:32.832+0800][40.348s][info][gc,heap        ] GC(1626) PSYoungGen: 8003K(14336K)->4618K(14336K) Eden: 7127K(7168K)->0K(7168K) From: 876K(7168K)->4618K(7168K)
[2026-06-17T09:57:32.832+0800][40.348s][info][gc,heap        ] GC(1626) ParOldGen: 34798K(44032K)->34798K(44032K)
[2026-06-17T09:57:32.833+0800][40.349s][info][gc,metaspace   ] GC(1626) Metaspace: 152K(384K)->152K(384K) NonClass: 147K(256K)->147K(256K) Class: 4K(128K)->4K(128K)
[2026-06-17T09:57:32.833+0800][40.349s][info][gc             ] GC(1626) Pause Young (Allocation Failure) 41M->38M(57M) 1.366ms
[2026-06-17T09:57:32.833+0800][40.349s][info][gc,cpu         ] GC(1626) User=0.00s Sys=0.00s Real=0.00s
[2026-06-17T09:57:32.854+0800][40.370s][info][gc,start       ] GC(1627) Pause Young (Allocation Failure)
[2026-06-17T09:57:32.855+0800][40.371s][info][gc,heap        ] GC(1627) PSYoungGen: 11752K(14336K)->2711K(14336K) Eden: 7134K(7168K)->0K(7168K) From: 4618K(7168K)->2711K(7168K)
[2026-06-17T09:57:32.863+0800][40.379s][info][gc,heap        ] GC(1627) ParOldGen: 34798K(44032K)->36962K(44032K)
[2026-06-17T09:57:32.863+0800][40.379s][info][gc,metaspace   ] GC(1627) Metaspace: 152K(384K)->152K(384K) NonClass: 147K(256K)->147K(256K) Class: 4K(128K)->4K(128K)
[2026-06-17T09:57:32.863+0800][40.379s][info][gc             ] GC(1627) Pause Young (Allocation Failure) 45M->38M(57M) 9.279ms
[2026-06-17T09:57:32.863+0800][40.379s][info][gc,cpu         ] GC(1627) User=0.00s Sys=0.00s Real=0.01s
[2026-06-17T09:57:32.884+0800][40.400s][info][gc,start       ] GC(1628) Pause Young (Allocation Failure)
[2026-06-17T09:57:32.894+0800][40.410s][info][gc,heap        ] GC(1628) PSYoungGen: 9855K(14336K)->2811K(14336K) Eden: 7143K(7168K)->0K(7168K) From: 2711K(7168K)->2811K(7168K)
[2026-06-17T09:57:32.907+0800][40.423s][info][gc,heap        ] GC(1628) ParOldGen: 36962K(44032K)->36962K(44032K)
[2026-06-17T09:57:32.907+0800][40.423s][info][gc,metaspace   ] GC(1628) Metaspace: 152K(384K)->152K(384K) NonClass: 147K(256K)->147K(256K) Class: 4K(128K)->4K(128K)
[2026-06-17T09:57:32.907+0800][40.423s][info][gc             ] GC(1628) Pause Young (Allocation Failure) 45M->38M(57M) 22.887ms
[2026-06-17T09:57:32.908+0800][40.424s][info][gc,cpu         ] GC(1628) User=0.00s Sys=0.00s Real=0.02s
[2026-06-17T09:57:32.919+0800][40.435s][info][gc,start       ] GC(1629) Pause Young (Allocation Failure)
[2026-06-17T09:57:32.925+0800][40.441s][info][gc,heap        ] GC(1629) PSYoungGen: 9949K(14336K)->6547K(14336K) Eden: 7138K(7168K)->0K(7168K) From: 2811K(7168K)->6547K(7168K)
[2026-06-17T09:57:32.929+0800][40.445s][info][gc,heap        ] GC(1629) ParOldGen: 36962K(44032K)->36962K(44032K)
[2026-06-17T09:57:32.930+0800][40.446s][info][gc,metaspace   ] GC(1629) Metaspace: 152K(384K)->152K(384K) NonClass: 147K(256K)->147K(256K) Class: 4K(128K)->4K(128K)
[2026-06-17T09:57:32.930+0800][40.446s][info][gc             ] GC(1629) Pause Young (Allocation Failure) 45M->42M(57M) 11.453ms
[2026-06-17T09:57:32.930+0800][40.446s][info][gc,cpu         ] GC(1629) User=0.00s Sys=0.00s Real=0.01s
[2026-06-17T09:57:32.953+0800][40.469s][info][gc,start       ] GC(1630) Pause Young (Allocation Failure)
[2026-06-17T09:57:32.955+0800][40.471s][info][gc,heap        ] GC(1630) PSYoungGen: 13714K(14336K)->3494K(14336K) Eden: 7167K(7168K)->0K(7168K) From: 6547K(7168K)->3494K(7168K)
[2026-06-17T09:57:32.955+0800][40.471s][info][gc,heap        ] GC(1630) ParOldGen: 36962K(44032K)->40316K(44032K)
[2026-06-17T09:57:32.956+0800][40.472s][info][gc,metaspace   ] GC(1630) Metaspace: 152K(384K)->152K(384K) NonClass: 147K(256K)->147K(256K) Class: 4K(128K)->4K(128K)
[2026-06-17T09:57:32.956+0800][40.472s][info][gc             ] GC(1630) Pause Young (Allocation Failure) 49M->42M(57M) 3.439ms
[2026-06-17T09:57:32.957+0800][40.473s][info][gc,cpu         ] GC(1630) User=0.00s Sys=0.00s Real=0.00s
[2026-06-17T09:57:32.969+0800][40.485s][info][gc,start       ] GC(1631) Pause Full (Ergonomics)
[2026-06-17T09:57:32.970+0800][40.486s][info][gc,phases,start] GC(1631) Marking Phase
[2026-06-17T09:57:32.972+0800][40.488s][info][gc,phases      ] GC(1631) Marking Phase 2.205ms
[2026-06-17T09:57:32.972+0800][40.488s][info][gc,phases,start] GC(1631) Summary Phase
[2026-06-17T09:57:32.973+0800][40.489s][info][gc,phases      ] GC(1631) Summary Phase 0.577ms
[2026-06-17T09:57:32.973+0800][40.489s][info][gc,phases,start] GC(1631) Adjust Roots
[2026-06-17T09:57:32.974+0800][40.490s][info][gc,phases      ] GC(1631) Adjust Roots 0.742ms
[2026-06-17T09:57:32.975+0800][40.491s][info][gc,phases,start] GC(1631) Compaction Phase
[2026-06-17T09:57:32.976+0800][40.492s][info][gc,phases      ] GC(1631) Compaction Phase 1.897ms
[2026-06-17T09:57:32.977+0800][40.493s][info][gc,phases,start] GC(1631) Post Compact
[2026-06-17T09:57:32.978+0800][40.494s][info][gc,phases      ] GC(1631) Post Compact 0.626ms
[2026-06-17T09:57:32.978+0800][40.494s][info][gc,heap        ] GC(1631) PSYoungGen: 10627K(14336K)->0K(14336K) Eden: 7132K(7168K)->0K(7168K) From: 3494K(7168K)->0K(7168K)
[2026-06-17T09:57:32.978+0800][40.494s][info][gc,heap        ] GC(1631) ParOldGen: 40316K(44032K)->22893K(44032K)
[2026-06-17T09:57:32.979+0800][40.495s][info][gc,metaspace   ] GC(1631) Metaspace: 152K(384K)->152K(384K) NonClass: 147K(256K)->147K(256K) Class: 4K(128K)->4K(128K)
[2026-06-17T09:57:32.979+0800][40.495s][info][gc             ] GC(1631) Pause Full (Ergonomics) 49M->22M(57M) 10.573ms
[2026-06-17T09:57:32.979+0800][40.495s][info][gc,cpu         ] GC(1631) User=0.01s Sys=0.00s Real=0.01s
[2026-06-17T09:57:33.001+0800][40.517s][info][gc,start       ] GC(1632) Pause Young (Allocation Failure)
[2026-06-17T09:57:33.003+0800][40.519s][info][gc,heap        ] GC(1632) PSYoungGen: 7125K(14336K)->3812K(14336K) Eden: 7125K(7168K)->0K(7168K) From: 0K(7168K)->3812K(7168K)
[2026-06-17T09:57:33.003+0800][40.519s][info][gc,heap        ] GC(1632) ParOldGen: 22893K(44032K)->22893K(44032K)
[2026-06-17T09:57:33.004+0800][40.520s][info][gc,metaspace   ] GC(1632) Metaspace: 152K(384K)->152K(384K) NonClass: 147K(256K)->147K(256K) Class: 4K(128K)->4K(128K)
[2026-06-17T09:57:33.005+0800][40.521s][info][gc             ] GC(1632) Pause Young (Allocation Failure) 29M->26M(57M) 3.270ms
[2026-06-17T09:57:33.005+0800][40.521s][info][gc,cpu         ] GC(1632) User=0.00s Sys=0.00s Real=0.01s
[2026-06-17T09:57:33.027+0800][40.543s][info][gc,start       ] GC(1633) Pause Young (Allocation Failure)
[2026-06-17T09:57:33.028+0800][40.544s][info][gc,heap        ] GC(1633) PSYoungGen: 10976K(14336K)->3813K(14336K) Eden: 7163K(7168K)->0K(7168K) From: 3812K(7168K)->3813K(7168K)
[2026-06-17T09:57:33.029+0800][40.545s][info][gc,heap        ] GC(1633) ParOldGen: 22893K(44032K)->22893K(44032K)
[2026-06-17T09:57:33.030+0800][40.546s][info][gc,metaspace   ] GC(1633) Metaspace: 152K(384K)->152K(384K) NonClass: 147K(256K)->147K(256K) Class: 4K(128K)->4K(128K)
[2026-06-17T09:57:33.030+0800][40.546s][info][gc             ] GC(1633) Pause Young (Allocation Failure) 33M->26M(57M) 3.335ms
[2026-06-17T09:57:33.031+0800][40.547s][info][gc,cpu         ] GC(1633) User=0.00s Sys=0.00s Real=0.01s
[2026-06-17T09:57:33.052+0800][40.568s][info][gc,start       ] GC(1634) Pause Young (Allocation Failure)
[2026-06-17T09:57:33.053+0800][40.569s][info][gc,heap        ] GC(1634) PSYoungGen: 10941K(14336K)->3837K(14336K) Eden: 7128K(7168K)->0K(7168K) From: 3813K(7168K)->3837K(7168K)
[2026-06-17T09:57:33.054+0800][40.570s][info][gc,heap        ] GC(1634) ParOldGen: 22893K(44032K)->22893K(44032K)
[2026-06-17T09:57:33.054+0800][40.570s][info][gc,metaspace   ] GC(1634) Metaspace: 152K(384K)->152K(384K) NonClass: 147K(256K)->147K(256K) Class: 4K(128K)->4K(128K)
[2026-06-17T09:57:33.055+0800][40.571s][info][gc             ] GC(1634) Pause Young (Allocation Failure) 33M->26M(57M) 2.824ms
[2026-06-17T09:57:33.055+0800][40.571s][info][gc,cpu         ] GC(1634) User=0.00s Sys=0.00s Real=0.00s
[2026-06-17T09:57:33.066+0800][40.582s][info][gc,start       ] GC(1635) Pause Young (Allocation Failure)
[2026-06-17T09:57:33.067+0800][40.583s][info][gc,heap        ] GC(1635) PSYoungGen: 10991K(14336K)->6639K(13824K) Eden: 7153K(7168K)->0K(7168K) From: 3837K(7168K)->6639K(6656K)
[2026-06-17T09:57:33.068+0800][40.584s][info][gc,heap        ] GC(1635) ParOldGen: 22893K(44032K)->23491K(44032K)
[2026-06-17T09:57:33.069+0800][40.585s][info][gc,metaspace   ] GC(1635) Metaspace: 152K(384K)->152K(384K) NonClass: 147K(256K)->147K(256K) Class: 4K(128K)->4K(128K)
[2026-06-17T09:57:33.069+0800][40.585s][info][gc             ] GC(1635) Pause Young (Allocation Failure) 33M->29M(56M) 2.983ms
[2026-06-17T09:57:33.070+0800][40.586s][info][gc,cpu         ] GC(1635) User=0.00s Sys=0.00s Real=0.00s
[2026-06-17T09:57:33.092+0800][40.608s][info][gc,start       ] GC(1636) Pause Young (Allocation Failure)
[2026-06-17T09:57:33.093+0800][40.609s][info][gc,heap        ] GC(1636) PSYoungGen: 13782K(13824K)->3912K(14336K) Eden: 7142K(7168K)->0K(7168K) From: 6639K(6656K)->3912K(7168K)
[2026-06-17T09:57:33.093+0800][40.609s][info][gc,heap        ] GC(1636) ParOldGen: 23491K(44032K)->26527K(44032K)
[2026-06-17T09:57:33.094+0800][40.610s][info][gc,metaspace   ] GC(1636) Metaspace: 152K(384K)->152K(384K) NonClass: 147K(256K)->147K(256K) Class: 4K(128K)->4K(128K)
[2026-06-17T09:57:33.094+0800][40.610s][info][gc             ] GC(1636) Pause Young (Allocation Failure) 36M->29M(57M) 2.708ms
[2026-06-17T09:57:33.095+0800][40.611s][info][gc,cpu         ] GC(1636) User=0.01s Sys=0.00s Real=0.00s
[2026-06-17T09:57:33.116+0800][40.632s][info][gc,start       ] GC(1637) Pause Young (Allocation Failure)
[2026-06-17T09:57:33.117+0800][40.633s][info][gc,heap        ] GC(1637) PSYoungGen: 11047K(14336K)->4297K(14336K) Eden: 7134K(7168K)->0K(7168K) From: 3912K(7168K)->4297K(7168K)
[2026-06-17T09:57:33.118+0800][40.634s][info][gc,heap        ] GC(1637) ParOldGen: 26527K(44032K)->26527K(44032K)
[2026-06-17T09:57:33.118+0800][40.634s][info][gc,metaspace   ] GC(1637) Metaspace: 152K(384K)->152K(384K) NonClass: 147K(256K)->147K(256K) Class: 4K(128K)->4K(128K)
[2026-06-17T09:57:33.118+0800][40.634s][info][gc             ] GC(1637) Pause Young (Allocation Failure) 36M->30M(57M) 1.850ms
[2026-06-17T09:57:33.118+0800][40.634s][info][gc,cpu         ] GC(1637) User=0.00s Sys=0.00s Real=0.00s
[2026-06-17T09:57:33.129+0800][40.645s][info][gc,start       ] GC(1638) Pause Young (Allocation Failure)
[2026-06-17T09:57:33.131+0800][40.647s][info][gc,heap        ] GC(1638) PSYoungGen: 11404K(14336K)->4271K(14336K) Eden: 7107K(7168K)->0K(7168K) From: 4297K(7168K)->4271K(7168K)
[2026-06-17T09:57:33.132+0800][40.648s][info][gc,heap        ] GC(1638) ParOldGen: 26527K(44032K)->26527K(44032K)
[2026-06-17T09:57:33.133+0800][40.649s][info][gc,metaspace   ] GC(1638) Metaspace: 152K(384K)->152K(384K) NonClass: 147K(256K)->147K(256K) Class: 4K(128K)->4K(128K)
[2026-06-17T09:57:33.133+0800][40.649s][info][gc             ] GC(1638) Pause Young (Allocation Failure) 37M->30M(57M) 4.118ms
[2026-06-17T09:57:33.134+0800][40.650s][info][gc,cpu         ] GC(1638) User=0.00s Sys=0.00s Real=0.01s
[2026-06-17T09:57:33.155+0800][40.671s][info][gc,start       ] GC(1639) Pause Young (Allocation Failure)
[2026-06-17T09:57:33.156+0800][40.672s][info][gc,heap        ] GC(1639) PSYoungGen: 11430K(14336K)->6959K(14336K) Eden: 7159K(7168K)->0K(7168K) From: 4271K(7168K)->6959K(7168K)
[2026-06-17T09:57:33.156+0800][40.672s][info][gc,heap        ] GC(1639) ParOldGen: 26527K(44032K)->27528K(44032K)
[2026-06-17T09:57:33.156+0800][40.672s][info][gc,metaspace   ] GC(1639) Metaspace: 152K(384K)->152K(384K) NonClass: 147K(256K)->147K(256K) Class: 4K(128K)->4K(128K)
[2026-06-17T09:57:33.156+0800][40.672s][info][gc             ] GC(1639) Pause Young (Allocation Failure) 37M->33M(57M) 1.573ms
[2026-06-17T09:57:33.156+0800][40.672s][info][gc,cpu         ] GC(1639) User=0.00s Sys=0.00s Real=0.00s
[2026-06-17T09:57:33.167+0800][40.683s][info][gc,start       ] GC(1640) Pause Young (Allocation Failure)
[2026-06-17T09:57:33.168+0800][40.684s][info][gc,heap        ] GC(1640) PSYoungGen: 13962K(14336K)->4728K(14336K) Eden: 7002K(7168K)->0K(7168K) From: 6959K(7168K)->4728K(7168K)
[2026-06-17T09:57:33.169+0800][40.685s][info][gc,heap        ] GC(1640) ParOldGen: 27528K(44032K)->29304K(44032K)
[2026-06-17T09:57:33.169+0800][40.685s][info][gc,metaspace   ] GC(1640) Metaspace: 152K(384K)->152K(384K) NonClass: 147K(256K)->147K(256K) Class: 4K(128K)->4K(128K)
[2026-06-17T09:57:33.169+0800][40.685s][info][gc             ] GC(1640) Pause Young (Allocation Failure) 40M->33M(57M) 1.556ms
[2026-06-17T09:57:33.169+0800][40.685s][info][gc,cpu         ] GC(1640) User=0.00s Sys=0.00s Real=0.00s
[2026-06-17T09:57:33.190+0800][40.706s][info][gc,start       ] GC(1641) Pause Young (Allocation Failure)
[2026-06-17T09:57:33.191+0800][40.707s][info][gc,heap        ] GC(1641) PSYoungGen: 11866K(14336K)->7159K(14336K) Eden: 7138K(7168K)->0K(7168K) From: 4728K(7168K)->7159K(7168K)
[2026-06-17T09:57:33.191+0800][40.707s][info][gc,heap        ] GC(1641) ParOldGen: 29304K(44032K)->30751K(44032K)
[2026-06-17T09:57:33.192+0800][40.708s][info][gc,metaspace   ] GC(1641) Metaspace: 152K(384K)->152K(384K) NonClass: 147K(256K)->147K(256K) Class: 4K(128K)->4K(128K)
[2026-06-17T09:57:33.192+0800][40.708s][info][gc             ] GC(1641) Pause Young (Allocation Failure) 40M->37M(57M) 1.980ms
[2026-06-17T09:57:33.192+0800][40.708s][info][gc,cpu         ] GC(1641) User=0.00s Sys=0.00s Real=0.01s
[2026-06-17T09:57:33.213+0800][40.729s][info][gc,start       ] GC(1642) Pause Young (Allocation Failure)
[2026-06-17T09:57:33.214+0800][40.730s][info][gc,heap        ] GC(1642) PSYoungGen: 14295K(14336K)->4507K(14336K) Eden: 7136K(7168K)->0K(7168K) From: 7159K(7168K)->4507K(7168K)
[2026-06-17T09:57:33.214+0800][40.730s][info][gc,heap        ] GC(1642) ParOldGen: 30751K(44032K)->33985K(44032K)
[2026-06-17T09:57:33.214+0800][40.730s][info][gc,metaspace   ] GC(1642) Metaspace: 152K(384K)->152K(384K) NonClass: 147K(256K)->147K(256K) Class: 4K(128K)->4K(128K)
[2026-06-17T09:57:33.215+0800][40.731s][info][gc             ] GC(1642) Pause Young (Allocation Failure) 43M->37M(57M) 1.509ms
[2026-06-17T09:57:33.215+0800][40.731s][info][gc,cpu         ] GC(1642) User=0.00s Sys=0.00s Real=0.00s
[2026-06-17T09:57:33.236+0800][40.752s][info][gc,start       ] GC(1643) Pause Young (Allocation Failure)
[2026-06-17T09:57:33.238+0800][40.754s][info][gc,heap        ] GC(1643) PSYoungGen: 11628K(14336K)->1705K(14336K) Eden: 7120K(7168K)->0K(7168K) From: 4507K(7168K)->1705K(7168K)
[2026-06-17T09:57:33.240+0800][40.756s][info][gc,heap        ] GC(1643) ParOldGen: 33985K(44032K)->36852K(44032K)
[2026-06-17T09:57:33.241+0800][40.757s][info][gc,metaspace   ] GC(1643) Metaspace: 152K(384K)->152K(384K) NonClass: 147K(256K)->147K(256K) Class: 4K(128K)->4K(128K)
[2026-06-17T09:57:33.242+0800][40.758s][info][gc             ] GC(1643) Pause Young (Allocation Failure) 44M->37M(57M) 5.939ms
[2026-06-17T09:57:33.247+0800][40.763s][info][gc,cpu         ] GC(1643) User=0.00s Sys=0.00s Real=0.01s
[2026-06-17T09:57:33.269+0800][40.785s][info][gc,start       ] GC(1644) Pause Young (Allocation Failure)
[2026-06-17T09:57:33.270+0800][40.786s][info][gc,heap        ] GC(1644) PSYoungGen: 8873K(14336K)->1959K(14336K) Eden: 7167K(7168K)->0K(7168K) From: 1705K(7168K)->1959K(7168K)
[2026-06-17T09:57:33.271+0800][40.787s][info][gc,heap        ] GC(1644) ParOldGen: 36852K(44032K)->36852K(44032K)
[2026-06-17T09:57:33.271+0800][40.787s][info][gc,metaspace   ] GC(1644) Metaspace: 152K(384K)->152K(384K) NonClass: 147K(256K)->147K(256K) Class: 4K(128K)->4K(128K)
[2026-06-17T09:57:33.271+0800][40.787s][info][gc             ] GC(1644) Pause Young (Allocation Failure) 44M->37M(57M) 2.295ms
[2026-06-17T09:57:33.272+0800][40.788s][info][gc,cpu         ] GC(1644) User=0.00s Sys=0.00s Real=0.01s
[2026-06-17T09:57:33.283+0800][40.799s][info][gc,start       ] GC(1645) Pause Young (Allocation Failure)
[2026-06-17T09:57:33.284+0800][40.800s][info][gc,heap        ] GC(1645) PSYoungGen: 8831K(14336K)->295K(14336K) Eden: 6872K(7168K)->0K(7168K) From: 1959K(7168K)->295K(7168K)
[2026-06-17T09:57:33.284+0800][40.800s][info][gc,heap        ] GC(1645) ParOldGen: 36852K(44032K)->38560K(44032K)
[2026-06-17T09:57:33.285+0800][40.801s][info][gc,metaspace   ] GC(1645) Metaspace: 152K(384K)->152K(384K) NonClass: 147K(256K)->147K(256K) Class: 4K(128K)->4K(128K)
[2026-06-17T09:57:33.285+0800][40.801s][info][gc             ] GC(1645) Pause Young (Allocation Failure) 44M->37M(57M) 1.965ms
[2026-06-17T09:57:33.285+0800][40.801s][info][gc,cpu         ] GC(1645) User=0.00s Sys=0.00s Real=0.00s
[2026-06-17T09:57:33.306+0800][40.822s][info][gc,start       ] GC(1646) Pause Young (Allocation Failure)
[2026-06-17T09:57:33.307+0800][40.823s][info][gc,heap        ] GC(1646) PSYoungGen: 7457K(14336K)->3902K(14336K) Eden: 7162K(7168K)->0K(7168K) From: 295K(7168K)->3902K(7168K)
[2026-06-17T09:57:33.307+0800][40.823s][info][gc,heap        ] GC(1646) ParOldGen: 38560K(44032K)->38831K(44032K)
[2026-06-17T09:57:33.307+0800][40.823s][info][gc,metaspace   ] GC(1646) Metaspace: 152K(384K)->152K(384K) NonClass: 147K(256K)->147K(256K) Class: 4K(128K)->4K(128K)
[2026-06-17T09:57:33.308+0800][40.824s][info][gc             ] GC(1646) Pause Young (Allocation Failure) 44M->41M(57M) 1.391ms
[2026-06-17T09:57:33.308+0800][40.824s][info][gc,cpu         ] GC(1646) User=0.00s Sys=0.00s Real=0.00s
[2026-06-17T09:57:33.329+0800][40.845s][info][gc,start       ] GC(1647) Pause Young (Allocation Failure)
[2026-06-17T09:57:33.330+0800][40.846s][info][gc,heap        ] GC(1647) PSYoungGen: 11051K(14336K)->2186K(14336K) Eden: 7148K(7168K)->0K(7168K) From: 3902K(7168K)->2186K(7168K)
[2026-06-17T09:57:33.330+0800][40.846s][info][gc,heap        ] GC(1647) ParOldGen: 38831K(44032K)->40781K(44032K)
[2026-06-17T09:57:33.330+0800][40.846s][info][gc,metaspace   ] GC(1647) Metaspace: 152K(384K)->152K(384K) NonClass: 147K(256K)->147K(256K) Class: 4K(128K)->4K(128K)
[2026-06-17T09:57:33.330+0800][40.846s][info][gc             ] GC(1647) Pause Young (Allocation Failure) 48M->41M(57M) 1.476ms
[2026-06-17T09:57:33.331+0800][40.847s][info][gc,cpu         ] GC(1647) User=0.00s Sys=0.00s Real=0.01s
[2026-06-17T09:57:33.353+0800][40.869s][info][gc,start       ] GC(1648) Pause Full (Ergonomics)
[2026-06-17T09:57:33.353+0800][40.869s][info][gc,phases,start] GC(1648) Marking Phase
[2026-06-17T09:57:33.354+0800][40.870s][info][gc,phases      ] GC(1648) Marking Phase 0.767ms
[2026-06-17T09:57:33.354+0800][40.870s][info][gc,phases,start] GC(1648) Summary Phase
[2026-06-17T09:57:33.354+0800][40.870s][info][gc,phases      ] GC(1648) Summary Phase 0.133ms
[2026-06-17T09:57:33.354+0800][40.870s][info][gc,phases,start] GC(1648) Adjust Roots
[2026-06-17T09:57:33.354+0800][40.870s][info][gc,phases      ] GC(1648) Adjust Roots 0.211ms
[2026-06-17T09:57:33.354+0800][40.870s][info][gc,phases,start] GC(1648) Compaction Phase
[2026-06-17T09:57:33.355+0800][40.871s][info][gc,phases      ] GC(1648) Compaction Phase 1.112ms
[2026-06-17T09:57:33.356+0800][40.872s][info][gc,phases,start] GC(1648) Post Compact
[2026-06-17T09:57:33.356+0800][40.872s][info][gc,phases      ] GC(1648) Post Compact 0.247ms
[2026-06-17T09:57:33.356+0800][40.872s][info][gc,heap        ] GC(1648) PSYoungGen: 9323K(14336K)->0K(14336K) Eden: 7136K(7168K)->0K(7168K) From: 2186K(7168K)->0K(7168K)
[2026-06-17T09:57:33.356+0800][40.872s][info][gc,heap        ] GC(1648) ParOldGen: 40781K(44032K)->23279K(44032K)
[2026-06-17T09:57:33.356+0800][40.872s][info][gc,metaspace   ] GC(1648) Metaspace: 152K(384K)->152K(384K) NonClass: 147K(256K)->147K(256K) Class: 4K(128K)->4K(128K)
[2026-06-17T09:57:33.356+0800][40.872s][info][gc             ] GC(1648) Pause Full (Ergonomics) 48M->22M(57M) 3.756ms
[2026-06-17T09:57:33.356+0800][40.872s][info][gc,cpu         ] GC(1648) User=0.00s Sys=0.00s Real=0.00s
[2026-06-17T09:57:33.367+0800][40.883s][info][gc,start       ] GC(1649) Pause Young (Allocation Failure)
[2026-06-17T09:57:33.368+0800][40.884s][info][gc,heap        ] GC(1649) PSYoungGen: 7167K(14336K)->7045K(14336K) Eden: 7167K(7168K)->0K(7168K) From: 0K(7168K)->7045K(7168K)
[2026-06-17T09:57:33.368+0800][40.884s][info][gc,heap        ] GC(1649) ParOldGen: 23279K(44032K)->23435K(44032K)
[2026-06-17T09:57:33.369+0800][40.885s][info][gc,metaspace   ] GC(1649) Metaspace: 152K(384K)->152K(384K) NonClass: 147K(256K)->147K(256K) Class: 4K(128K)->4K(128K)
[2026-06-17T09:57:33.369+0800][40.885s][info][gc             ] GC(1649) Pause Young (Allocation Failure) 29M->29M(57M) 1.458ms
[2026-06-17T09:57:33.369+0800][40.885s][info][gc,cpu         ] GC(1649) User=0.00s Sys=0.00s Real=0.00s
[2026-06-17T09:57:33.390+0800][40.906s][info][gc,start       ] GC(1650) Pause Young (Allocation Failure)
[2026-06-17T09:57:33.391+0800][40.907s][info][gc,heap        ] GC(1650) PSYoungGen: 14205K(14336K)->1598K(14336K) Eden: 7160K(7168K)->0K(7168K) From: 7045K(7168K)->1598K(7168K)
[2026-06-17T09:57:33.391+0800][40.907s][info][gc,heap        ] GC(1650) ParOldGen: 23435K(44032K)->28951K(44032K)
[2026-06-17T09:57:33.391+0800][40.907s][info][gc,metaspace   ] GC(1650) Metaspace: 152K(384K)->152K(384K) NonClass: 147K(256K)->147K(256K) Class: 4K(128K)->4K(128K)
[2026-06-17T09:57:33.391+0800][40.907s][info][gc             ] GC(1650) Pause Young (Allocation Failure) 36M->29M(57M) 1.459ms
[2026-06-17T09:57:33.391+0800][40.907s][info][gc,cpu         ] GC(1650) User=0.00s Sys=0.00s Real=0.01s
[2026-06-17T09:57:33.402+0800][40.918s][info][gc,start       ] GC(1651) Pause Young (Allocation Failure)
[2026-06-17T09:57:33.403+0800][40.919s][info][gc,heap        ] GC(1651) PSYoungGen: 8759K(14336K)->5560K(14336K) Eden: 7160K(7168K)->0K(7168K) From: 1598K(7168K)->5560K(7168K)
[2026-06-17T09:57:33.403+0800][40.919s][info][gc,heap        ] GC(1651) ParOldGen: 28951K(44032K)->28951K(44032K)
[2026-06-17T09:57:33.403+0800][40.919s][info][gc,metaspace   ] GC(1651) Metaspace: 152K(384K)->152K(384K) NonClass: 147K(256K)->147K(256K) Class: 4K(128K)->4K(128K)
[2026-06-17T09:57:33.404+0800][40.920s][info][gc             ] GC(1651) Pause Young (Allocation Failure) 36M->33M(57M) 1.775ms
[2026-06-17T09:57:33.404+0800][40.920s][info][gc,cpu         ] GC(1651) User=0.00s Sys=0.00s Real=0.01s
[2026-06-17T09:57:33.425+0800][40.941s][info][gc,start       ] GC(1652) Pause Young (Allocation Failure)
[2026-06-17T09:57:33.426+0800][40.942s][info][gc,heap        ] GC(1652) PSYoungGen: 12596K(14336K)->187K(14336K) Eden: 7036K(7168K)->0K(7168K) From: 5560K(7168K)->187K(7168K)
[2026-06-17T09:57:33.426+0800][40.942s][info][gc,heap        ] GC(1652) ParOldGen: 28951K(44032K)->31016K(44032K)
[2026-06-17T09:57:33.426+0800][40.942s][info][gc,metaspace   ] GC(1652) Metaspace: 152K(384K)->152K(384K) NonClass: 147K(256K)->147K(256K) Class: 4K(128K)->4K(128K)
[2026-06-17T09:57:33.426+0800][40.942s][info][gc             ] GC(1652) Pause Young (Allocation Failure) 40M->30M(57M) 1.228ms
[2026-06-17T09:57:33.426+0800][40.942s][info][gc,cpu         ] GC(1652) User=0.00s Sys=0.00s Real=0.00s
[2026-06-17T09:57:33.448+0800][40.964s][info][gc,start       ] GC(1653) Pause Young (Allocation Failure)
[2026-06-17T09:57:33.448+0800][40.964s][info][gc,heap        ] GC(1653) PSYoungGen: 7315K(14336K)->3656K(14336K) Eden: 7128K(7168K)->0K(7168K) From: 187K(7168K)->3656K(7168K)
[2026-06-17T09:57:33.449+0800][40.965s][info][gc,heap        ] GC(1653) ParOldGen: 31016K(44032K)->31179K(44032K)
[2026-06-17T09:57:33.449+0800][40.965s][info][gc,metaspace   ] GC(1653) Metaspace: 152K(384K)->152K(384K) NonClass: 147K(256K)->147K(256K) Class: 4K(128K)->4K(128K)
[2026-06-17T09:57:33.449+0800][40.965s][info][gc             ] GC(1653) Pause Young (Allocation Failure) 37M->34M(57M) 1.376ms
[2026-06-17T09:57:33.449+0800][40.965s][info][gc,cpu         ] GC(1653) User=0.00s Sys=0.00s Real=0.00s
[2026-06-17T09:57:33.470+0800][40.986s][info][gc,start       ] GC(1654) Pause Young (Allocation Failure)
[2026-06-17T09:57:33.472+0800][40.989s][info][gc,heap        ] GC(1654) PSYoungGen: 10818K(14336K)->2672K(14336K) Eden: 7161K(7168K)->0K(7168K) From: 3656K(7168K)->2672K(7168K)
[2026-06-17T09:57:33.473+0800][40.989s][info][gc,heap        ] GC(1654) ParOldGen: 31179K(44032K)->32627K(44032K)
[2026-06-17T09:57:33.473+0800][40.989s][info][gc,metaspace   ] GC(1654) Metaspace: 152K(384K)->152K(384K) NonClass: 147K(256K)->147K(256K) Class: 4K(128K)->4K(128K)
[2026-06-17T09:57:33.474+0800][40.990s][info][gc             ] GC(1654) Pause Young (Allocation Failure) 41M->34M(57M) 4.161ms
[2026-06-17T09:57:33.479+0800][40.995s][info][gc,cpu         ] GC(1654) User=0.00s Sys=0.00s Real=0.01s
[2026-06-17T09:57:33.502+0800][41.018s][info][gc,start       ] GC(1655) Pause Young (Allocation Failure)
[2026-06-17T09:57:33.503+0800][41.019s][info][gc,heap        ] GC(1655) PSYoungGen: 9816K(14336K)->579K(14336K) Eden: 7144K(7168K)->0K(7168K) From: 2672K(7168K)->579K(7168K)
[2026-06-17T09:57:33.503+0800][41.019s][info][gc,heap        ] GC(1655) ParOldGen: 32627K(44032K)->35149K(44032K)
[2026-06-17T09:57:33.504+0800][41.020s][info][gc,metaspace   ] GC(1655) Metaspace: 152K(384K)->152K(384K) NonClass: 147K(256K)->147K(256K) Class: 4K(128K)->4K(128K)
[2026-06-17T09:57:33.506+0800][41.022s][info][gc             ] GC(1655) Pause Young (Allocation Failure) 41M->34M(57M) 4.415ms
[2026-06-17T09:57:33.507+0800][41.023s][info][gc,cpu         ] GC(1655) User=0.01s Sys=0.00s Real=0.01s
[2026-06-17T09:57:33.519+0800][41.035s][info][gc,start       ] GC(1656) Pause Young (Allocation Failure)
[2026-06-17T09:57:33.520+0800][41.036s][info][gc,heap        ] GC(1656) PSYoungGen: 7742K(14336K)->4345K(14336K) Eden: 7163K(7168K)->0K(7168K) From: 579K(7168K)->4345K(7168K)
[2026-06-17T09:57:33.520+0800][41.036s][info][gc,heap        ] GC(1656) ParOldGen: 35149K(44032K)->35149K(44032K)
[2026-06-17T09:57:33.521+0800][41.037s][info][gc,metaspace   ] GC(1656) Metaspace: 152K(384K)->152K(384K) NonClass: 147K(256K)->147K(256K) Class: 4K(128K)->4K(128K)
[2026-06-17T09:57:33.521+0800][41.037s][info][gc             ] GC(1656) Pause Young (Allocation Failure) 41M->38M(57M) 2.230ms
[2026-06-17T09:57:33.521+0800][41.037s][info][gc,cpu         ] GC(1656) User=0.00s Sys=0.00s Real=0.00s
[2026-06-17T09:57:33.543+0800][41.059s][info][gc,start       ] GC(1657) Pause Young (Allocation Failure)
[2026-06-17T09:57:33.544+0800][41.060s][info][gc,heap        ] GC(1657) PSYoungGen: 11489K(14336K)->1931K(14336K) Eden: 7144K(7168K)->0K(7168K) From: 4345K(7168K)->1931K(7168K)
[2026-06-17T09:57:33.545+0800][41.061s][info][gc,heap        ] GC(1657) ParOldGen: 35149K(44032K)->37643K(44032K)
[2026-06-17T09:57:33.545+0800][41.061s][info][gc,metaspace   ] GC(1657) Metaspace: 152K(384K)->152K(384K) NonClass: 147K(256K)->147K(256K) Class: 4K(128K)->4K(128K)
[2026-06-17T09:57:33.546+0800][41.062s][info][gc             ] GC(1657) Pause Young (Allocation Failure) 45M->38M(57M) 3.564ms
[2026-06-17T09:57:33.547+0800][41.063s][info][gc,cpu         ] GC(1657) User=0.00s Sys=0.00s Real=0.00s
[2026-06-17T09:57:33.568+0800][41.084s][info][gc,start       ] GC(1658) Pause Young (Allocation Failure)
[2026-06-17T09:57:33.569+0800][41.085s][info][gc,heap        ] GC(1658) PSYoungGen: 9046K(14336K)->2558K(14336K) Eden: 7114K(7168K)->0K(7168K) From: 1931K(7168K)->2558K(7168K)
[2026-06-17T09:57:33.569+0800][41.085s][info][gc,heap        ] GC(1658) ParOldGen: 37643K(44032K)->37643K(44032K)
[2026-06-17T09:57:33.570+0800][41.086s][info][gc,metaspace   ] GC(1658) Metaspace: 152K(384K)->152K(384K) NonClass: 147K(256K)->147K(256K) Class: 4K(128K)->4K(128K)
[2026-06-17T09:57:33.570+0800][41.086s][info][gc             ] GC(1658) Pause Young (Allocation Failure) 45M->39M(57M) 2.361ms
[2026-06-17T09:57:33.570+0800][41.086s][info][gc,cpu         ] GC(1658) User=0.00s Sys=0.00s Real=0.01s
[2026-06-17T09:57:33.581+0800][41.097s][info][gc,start       ] GC(1659) Pause Young (Allocation Failure)
[2026-06-17T09:57:33.583+0800][41.099s][info][gc,heap        ] GC(1659) PSYoungGen: 9718K(14336K)->4595K(14336K) Eden: 7160K(7168K)->0K(7168K) From: 2558K(7168K)->4595K(7168K)
[2026-06-17T09:57:33.583+0800][41.099s][info][gc,heap        ] GC(1659) ParOldGen: 37643K(44032K)->39540K(44032K)
[2026-06-17T09:57:33.583+0800][41.099s][info][gc,metaspace   ] GC(1659) Metaspace: 152K(384K)->152K(384K) NonClass: 147K(256K)->147K(256K) Class: 4K(128K)->4K(128K)
[2026-06-17T09:57:33.584+0800][41.100s][info][gc             ] GC(1659) Pause Young (Allocation Failure) 46M->43M(57M) 2.248ms
[2026-06-17T09:57:33.584+0800][41.100s][info][gc,cpu         ] GC(1659) User=0.00s Sys=0.00s Real=0.01s
[2026-06-17T09:57:33.605+0800][41.121s][info][gc,start       ] GC(1660) Pause Young (Allocation Failure)
[2026-06-17T09:57:33.606+0800][41.122s][info][gc,heap        ] GC(1660) PSYoungGen: 11741K(14336K)->3468K(14336K) Eden: 7146K(7168K)->0K(7168K) From: 4595K(7168K)->3468K(7168K)
[2026-06-17T09:57:33.606+0800][41.122s][info][gc,heap        ] GC(1660) ParOldGen: 39540K(44032K)->41063K(44032K)
[2026-06-17T09:57:33.607+0800][41.123s][info][gc,metaspace   ] GC(1660) Metaspace: 152K(384K)->152K(384K) NonClass: 147K(256K)->147K(256K) Class: 4K(128K)->4K(128K)
[2026-06-17T09:57:33.607+0800][41.123s][info][gc             ] GC(1660) Pause Young (Allocation Failure) 50M->43M(57M) 1.984ms
[2026-06-17T09:57:33.607+0800][41.123s][info][gc,cpu         ] GC(1660) User=0.00s Sys=0.00s Real=0.00s
[2026-06-17T09:57:33.618+0800][41.134s][info][gc,start       ] GC(1661) Pause Full (Ergonomics)
[2026-06-17T09:57:33.619+0800][41.135s][info][gc,phases,start] GC(1661) Marking Phase
[2026-06-17T09:57:33.620+0800][41.136s][info][gc,phases      ] GC(1661) Marking Phase 1.461ms
[2026-06-17T09:57:33.620+0800][41.136s][info][gc,phases,start] GC(1661) Summary Phase
[2026-06-17T09:57:33.621+0800][41.137s][info][gc,phases      ] GC(1661) Summary Phase 0.207ms
[2026-06-17T09:57:33.621+0800][41.137s][info][gc,phases,start] GC(1661) Adjust Roots
[2026-06-17T09:57:33.621+0800][41.137s][info][gc,phases      ] GC(1661) Adjust Roots 0.550ms
[2026-06-17T09:57:33.621+0800][41.137s][info][gc,phases,start] GC(1661) Compaction Phase
[2026-06-17T09:57:33.624+0800][41.140s][info][gc,phases      ] GC(1661) Compaction Phase 2.742ms
[2026-06-17T09:57:33.624+0800][41.140s][info][gc,phases,start] GC(1661) Post Compact
[2026-06-17T09:57:33.625+0800][41.141s][info][gc,phases      ] GC(1661) Post Compact 0.251ms
[2026-06-17T09:57:33.625+0800][41.141s][info][gc,heap        ] GC(1661) PSYoungGen: 10473K(14336K)->0K(14336K) Eden: 7004K(7168K)->0K(7168K) From: 3468K(7168K)->0K(7168K)
[2026-06-17T09:57:33.625+0800][41.141s][info][gc,heap        ] GC(1661) ParOldGen: 41063K(44032K)->25235K(44032K)
[2026-06-17T09:57:33.625+0800][41.141s][info][gc,metaspace   ] GC(1661) Metaspace: 152K(384K)->152K(384K) NonClass: 147K(256K)->147K(256K) Class: 4K(128K)->4K(128K)
[2026-06-17T09:57:33.625+0800][41.141s][info][gc             ] GC(1661) Pause Full (Ergonomics) 50M->24M(57M) 7.093ms
[2026-06-17T09:57:33.625+0800][41.141s][info][gc,cpu         ] GC(1661) User=0.00s Sys=0.00s Real=0.01s
[2026-06-17T09:57:33.647+0800][41.163s][info][gc,start       ] GC(1662) Pause Young (Allocation Failure)
[2026-06-17T09:57:33.664+0800][41.180s][info][gc,heap        ] GC(1662) PSYoungGen: 7139K(14336K)->3934K(14336K) Eden: 7139K(7168K)->0K(7168K) From: 0K(7168K)->3934K(7168K)
[2026-06-17T09:57:33.665+0800][41.181s][info][gc,heap        ] GC(1662) ParOldGen: 25235K(44032K)->25235K(44032K)
[2026-06-17T09:57:33.666+0800][41.182s][info][gc,metaspace   ] GC(1662) Metaspace: 152K(384K)->152K(384K) NonClass: 147K(256K)->147K(256K) Class: 4K(128K)->4K(128K)
[2026-06-17T09:57:33.666+0800][41.182s][info][gc             ] GC(1662) Pause Young (Allocation Failure) 31M->28M(57M) 19.207ms
[2026-06-17T09:57:33.668+0800][41.184s][info][gc,cpu         ] GC(1662) User=0.01s Sys=0.00s Real=0.02s
[2026-06-17T09:57:33.691+0800][41.207s][info][gc,start       ] GC(1663) Pause Young (Allocation Failure)
[2026-06-17T09:57:33.697+0800][41.213s][info][gc,heap        ] GC(1663) PSYoungGen: 11090K(14336K)->4179K(14336K) Eden: 7156K(7168K)->0K(7168K) From: 3934K(7168K)->4179K(7168K)
[2026-06-17T09:57:33.697+0800][41.213s][info][gc,heap        ] GC(1663) ParOldGen: 25235K(44032K)->25235K(44032K)
[2026-06-17T09:57:33.697+0800][41.213s][info][gc,metaspace   ] GC(1663) Metaspace: 152K(384K)->152K(384K) NonClass: 147K(256K)->147K(256K) Class: 4K(128K)->4K(128K)
[2026-06-17T09:57:33.698+0800][41.214s][info][gc             ] GC(1663) Pause Young (Allocation Failure) 35M->28M(57M) 7.230ms
[2026-06-17T09:57:33.698+0800][41.214s][info][gc,cpu         ] GC(1663) User=0.00s Sys=0.00s Real=0.00s
[2026-06-17T09:57:33.720+0800][41.236s][info][gc,start       ] GC(1664) Pause Young (Allocation Failure)
[2026-06-17T09:57:33.723+0800][41.239s][info][gc,heap        ] GC(1664) PSYoungGen: 11323K(14336K)->3983K(14336K) Eden: 7143K(7168K)->0K(7168K) From: 4179K(7168K)->3983K(7168K)
[2026-06-17T09:57:33.723+0800][41.239s][info][gc,heap        ] GC(1664) ParOldGen: 25235K(44032K)->25528K(44032K)
[2026-06-17T09:57:33.724+0800][41.240s][info][gc,metaspace   ] GC(1664) Metaspace: 152K(384K)->152K(384K) NonClass: 147K(256K)->147K(256K) Class: 4K(128K)->4K(128K)
[2026-06-17T09:57:33.724+0800][41.240s][info][gc             ] GC(1664) Pause Young (Allocation Failure) 35M->28M(57M) 4.064ms
[2026-06-17T09:57:33.725+0800][41.241s][info][gc,cpu         ] GC(1664) User=0.00s Sys=0.00s Real=0.01s
[2026-06-17T09:57:33.737+0800][41.253s][info][gc,start       ] GC(1665) Pause Young (Allocation Failure)
[2026-06-17T09:57:33.739+0800][41.255s][info][gc,heap        ] GC(1665) PSYoungGen: 11134K(14336K)->5415K(14336K) Eden: 7151K(7168K)->0K(7168K) From: 3983K(7168K)->5415K(7168K)
[2026-06-17T09:57:33.740+0800][41.256s][info][gc,heap        ] GC(1665) ParOldGen: 25528K(44032K)->27876K(44032K)
[2026-06-17T09:57:33.740+0800][41.256s][info][gc,metaspace   ] GC(1665) Metaspace: 152K(384K)->152K(384K) NonClass: 147K(256K)->147K(256K) Class: 4K(128K)->4K(128K)
[2026-06-17T09:57:33.740+0800][41.256s][info][gc             ] GC(1665) Pause Young (Allocation Failure) 35M->32M(57M) 3.363ms
[2026-06-17T09:57:33.741+0800][41.257s][info][gc,cpu         ] GC(1665) User=0.01s Sys=0.00s Real=0.00s
[2026-06-17T09:57:33.763+0800][41.279s][info][gc,start       ] GC(1666) Pause Young (Allocation Failure)
[2026-06-17T09:57:33.764+0800][41.280s][info][gc,heap        ] GC(1666) PSYoungGen: 12486K(14336K)->32K(14336K) Eden: 7070K(7168K)->0K(7168K) From: 5415K(7168K)->32K(7168K)
[2026-06-17T09:57:33.764+0800][41.280s][info][gc,heap        ] GC(1666) ParOldGen: 27876K(44032K)->29746K(44032K)
[2026-06-17T09:57:33.765+0800][41.281s][info][gc,metaspace   ] GC(1666) Metaspace: 152K(384K)->152K(384K) NonClass: 147K(256K)->147K(256K) Class: 4K(128K)->4K(128K)
[2026-06-17T09:57:33.765+0800][41.281s][info][gc             ] GC(1666) Pause Young (Allocation Failure) 39M->29M(57M) 2.432ms
[2026-06-17T09:57:33.765+0800][41.281s][info][gc,cpu         ] GC(1666) User=0.00s Sys=0.00s Real=0.00s
[2026-06-17T09:57:33.787+0800][41.303s][info][gc,start       ] GC(1667) Pause Young (Allocation Failure)
[2026-06-17T09:57:33.788+0800][41.305s][info][gc,heap        ] GC(1667) PSYoungGen: 7193K(14336K)->3662K(14336K) Eden: 7161K(7168K)->0K(7168K) From: 32K(7168K)->3662K(7168K)
[2026-06-17T09:57:33.789+0800][41.305s][info][gc,heap        ] GC(1667) ParOldGen: 29746K(44032K)->29754K(44032K)
[2026-06-17T09:57:33.789+0800][41.305s][info][gc,metaspace   ] GC(1667) Metaspace: 152K(384K)->152K(384K) NonClass: 147K(256K)->147K(256K) Class: 4K(128K)->4K(128K)
[2026-06-17T09:57:33.790+0800][41.306s][info][gc             ] GC(1667) Pause Young (Allocation Failure) 36M->32M(57M) 2.827ms
[2026-06-17T09:57:33.790+0800][41.306s][info][gc,cpu         ] GC(1667) User=0.00s Sys=0.00s Real=0.00s
[2026-06-17T09:57:33.812+0800][41.328s][info][gc,start       ] GC(1668) Pause Young (Allocation Failure)
[2026-06-17T09:57:33.813+0800][41.329s][info][gc,heap        ] GC(1668) PSYoungGen: 10822K(14336K)->1574K(14336K) Eden: 7160K(7168K)->0K(7168K) From: 3662K(7168K)->1574K(7168K)
[2026-06-17T09:57:33.814+0800][41.330s][info][gc,heap        ] GC(1668) ParOldGen: 29754K(44032K)->31922K(44032K)
[2026-06-17T09:57:33.814+0800][41.330s][info][gc,metaspace   ] GC(1668) Metaspace: 152K(384K)->152K(384K) NonClass: 147K(256K)->147K(256K) Class: 4K(128K)->4K(128K)
[2026-06-17T09:57:33.815+0800][41.331s][info][gc             ] GC(1668) Pause Young (Allocation Failure) 39M->32M(57M) 2.922ms
[2026-06-17T09:57:33.816+0800][41.332s][info][gc,cpu         ] GC(1668) User=0.00s Sys=0.00s Real=0.00s
[2026-06-17T09:57:33.827+0800][41.343s][info][gc,start       ] GC(1669) Pause Young (Allocation Failure)
[2026-06-17T09:57:33.828+0800][41.344s][info][gc,heap        ] GC(1669) PSYoungGen: 8738K(14336K)->3721K(14336K) Eden: 7164K(7168K)->0K(7168K) From: 1574K(7168K)->3721K(7168K)
[2026-06-17T09:57:33.829+0800][41.345s][info][gc,heap        ] GC(1669) ParOldGen: 31922K(44032K)->33328K(44032K)
[2026-06-17T09:57:33.829+0800][41.345s][info][gc,metaspace   ] GC(1669) Metaspace: 152K(384K)->152K(384K) NonClass: 147K(256K)->147K(256K) Class: 4K(128K)->4K(128K)
[2026-06-17T09:57:33.829+0800][41.345s][info][gc             ] GC(1669) Pause Young (Allocation Failure) 39M->36M(57M) 2.063ms
[2026-06-17T09:57:33.830+0800][41.346s][info][gc,cpu         ] GC(1669) User=0.00s Sys=0.00s Real=0.00s
[2026-06-17T09:57:33.851+0800][41.367s][info][gc,start       ] GC(1670) Pause Young (Allocation Failure)
[2026-06-17T09:57:33.852+0800][41.368s][info][gc,heap        ] GC(1670) PSYoungGen: 10872K(14336K)->3173K(14336K) Eden: 7150K(7168K)->0K(7168K) From: 3721K(7168K)->3173K(7168K)
[2026-06-17T09:57:33.852+0800][41.368s][info][gc,heap        ] GC(1670) ParOldGen: 33328K(44032K)->34340K(44032K)
[2026-06-17T09:57:33.852+0800][41.368s][info][gc,metaspace   ] GC(1670) Metaspace: 152K(384K)->152K(384K) NonClass: 147K(256K)->147K(256K) Class: 4K(128K)->4K(128K)
[2026-06-17T09:57:33.853+0800][41.369s][info][gc             ] GC(1670) Pause Young (Allocation Failure) 43M->36M(57M) 1.835ms
[2026-06-17T09:57:33.853+0800][41.369s][info][gc,cpu         ] GC(1670) User=0.00s Sys=0.00s Real=0.00s
[2026-06-17T09:57:33.874+0800][41.390s][info][gc,start       ] GC(1671) Pause Young (Allocation Failure)
[2026-06-17T09:57:33.876+0800][41.392s][info][gc,heap        ] GC(1671) PSYoungGen: 10320K(14336K)->1866K(14848K) Eden: 7146K(7168K)->0K(8192K) From: 3173K(7168K)->1866K(6656K)
[2026-06-17T09:57:33.876+0800][41.392s][info][gc,heap        ] GC(1671) ParOldGen: 34340K(44032K)->36075K(44032K)
[2026-06-17T09:57:33.877+0800][41.393s][info][gc,metaspace   ] GC(1671) Metaspace: 152K(384K)->152K(384K) NonClass: 147K(256K)->147K(256K) Class: 4K(128K)->4K(128K)
[2026-06-17T09:57:33.877+0800][41.393s][info][gc             ] GC(1671) Pause Young (Allocation Failure) 43M->37M(57M) 3.086ms
[2026-06-17T09:57:33.878+0800][41.394s][info][gc,cpu         ] GC(1671) User=0.00s Sys=0.00s Real=0.00s
[2026-06-17T09:57:33.900+0800][41.416s][info][gc,start       ] GC(1672) Pause Young (Allocation Failure)
[2026-06-17T09:57:33.902+0800][41.418s][info][gc,heap        ] GC(1672) PSYoungGen: 10030K(14848K)->2904K(14848K) Eden: 8164K(8192K)->0K(8192K) From: 1866K(6656K)->2904K(6656K)
[2026-06-17T09:57:33.903+0800][41.419s][info][gc,heap        ] GC(1672) ParOldGen: 36075K(44032K)->36075K(44032K)
[2026-06-17T09:57:33.903+0800][41.419s][info][gc,metaspace   ] GC(1672) Metaspace: 152K(384K)->152K(384K) NonClass: 147K(256K)->147K(256K) Class: 4K(128K)->4K(128K)
[2026-06-17T09:57:33.904+0800][41.420s][info][gc             ] GC(1672) Pause Young (Allocation Failure) 45M->38M(57M) 3.241ms
[2026-06-17T09:57:33.904+0800][41.420s][info][gc,cpu         ] GC(1672) User=0.00s Sys=0.00s Real=0.01s
[2026-06-17T09:57:33.916+0800][41.432s][info][gc,start       ] GC(1673) Pause Young (Allocation Failure)
[2026-06-17T09:57:33.918+0800][41.434s][info][gc,heap        ] GC(1673) PSYoungGen: 10867K(14848K)->1402K(15360K) Eden: 7963K(8192K)->0K(8704K) From: 2904K(6656K)->1402K(6656K)
[2026-06-17T09:57:33.918+0800][41.434s][info][gc,heap        ] GC(1673) ParOldGen: 36075K(44032K)->38496K(44032K)
[2026-06-17T09:57:33.919+0800][41.435s][info][gc,metaspace   ] GC(1673) Metaspace: 152K(384K)->152K(384K) NonClass: 147K(256K)->147K(256K) Class: 4K(128K)->4K(128K)
[2026-06-17T09:57:33.919+0800][41.435s][info][gc             ] GC(1673) Pause Young (Allocation Failure) 45M->38M(58M) 3.301ms
[2026-06-17T09:57:33.920+0800][41.436s][info][gc,cpu         ] GC(1673) User=0.00s Sys=0.00s Real=0.00s
[2026-06-17T09:57:33.953+0800][41.469s][info][gc,start       ] GC(1674) Pause Young (Allocation Failure)
[2026-06-17T09:57:33.954+0800][41.470s][info][gc,heap        ] GC(1674) PSYoungGen: 10068K(15360K)->1771K(14848K) Eden: 8666K(8704K)->0K(8704K) From: 1402K(6656K)->1771K(6144K)
[2026-06-17T09:57:33.955+0800][41.471s][info][gc,heap        ] GC(1674) ParOldGen: 38496K(44032K)->39874K(44032K)
[2026-06-17T09:57:33.955+0800][41.471s][info][gc,metaspace   ] GC(1674) Metaspace: 152K(384K)->152K(384K) NonClass: 147K(256K)->147K(256K) Class: 4K(128K)->4K(128K)
[2026-06-17T09:57:33.956+0800][41.472s][info][gc             ] GC(1674) Pause Young (Allocation Failure) 47M->40M(57M) 3.520ms
[2026-06-17T09:57:33.956+0800][41.472s][info][gc,cpu         ] GC(1674) User=0.00s Sys=0.00s Real=0.00s
[2026-06-17T09:57:33.979+0800][41.495s][info][gc,start       ] GC(1675) Pause Young (Allocation Failure)
[2026-06-17T09:57:33.980+0800][41.496s][info][gc,heap        ] GC(1675) PSYoungGen: 10469K(14848K)->2684K(15360K) Eden: 8697K(8704K)->0K(9216K) From: 1771K(6144K)->2684K(6144K)
[2026-06-17T09:57:33.981+0800][41.497s][info][gc,heap        ] GC(1675) ParOldGen: 39874K(44032K)->40773K(44032K)
[2026-06-17T09:57:33.981+0800][41.497s][info][gc,metaspace   ] GC(1675) Metaspace: 152K(384K)->152K(384K) NonClass: 147K(256K)->147K(256K) Class: 4K(128K)->4K(128K)
[2026-06-17T09:57:33.982+0800][41.498s][info][gc             ] GC(1675) Pause Young (Allocation Failure) 49M->42M(58M) 3.025ms
[2026-06-17T09:57:33.982+0800][41.498s][info][gc,cpu         ] GC(1675) User=0.00s Sys=0.00s Real=0.00s
[2026-06-17T09:57:34.004+0800][41.520s][info][gc,start       ] GC(1676) Pause Full (Ergonomics)
[2026-06-17T09:57:34.005+0800][41.521s][info][gc,phases,start] GC(1676) Marking Phase
[2026-06-17T09:57:34.007+0800][41.523s][info][gc,phases      ] GC(1676) Marking Phase 2.253ms
[2026-06-17T09:57:34.007+0800][41.523s][info][gc,phases,start] GC(1676) Summary Phase
[2026-06-17T09:57:34.008+0800][41.524s][info][gc,phases      ] GC(1676) Summary Phase 0.338ms
[2026-06-17T09:57:34.008+0800][41.524s][info][gc,phases,start] GC(1676) Adjust Roots
[2026-06-17T09:57:34.008+0800][41.524s][info][gc,phases      ] GC(1676) Adjust Roots 0.470ms
[2026-06-17T09:57:34.009+0800][41.525s][info][gc,phases,start] GC(1676) Compaction Phase
[2026-06-17T09:57:34.011+0800][41.527s][info][gc,phases      ] GC(1676) Compaction Phase 2.363ms
[2026-06-17T09:57:34.011+0800][41.527s][info][gc,phases,start] GC(1676) Post Compact
[2026-06-17T09:57:34.012+0800][41.528s][info][gc,phases      ] GC(1676) Post Compact 0.370ms
[2026-06-17T09:57:34.012+0800][41.528s][info][gc,heap        ] GC(1676) PSYoungGen: 11860K(15360K)->0K(15360K) Eden: 9175K(9216K)->0K(9216K) From: 2684K(6144K)->0K(6144K)
[2026-06-17T09:57:34.012+0800][41.528s][info][gc,heap        ] GC(1676) ParOldGen: 40773K(44032K)->25447K(44032K)
[2026-06-17T09:57:34.012+0800][41.528s][info][gc,metaspace   ] GC(1676) Metaspace: 152K(384K)->152K(384K) NonClass: 147K(256K)->147K(256K) Class: 4K(128K)->4K(128K)
[2026-06-17T09:57:34.012+0800][41.528s][info][gc             ] GC(1676) Pause Full (Ergonomics) 51M->24M(58M) 8.140ms
[2026-06-17T09:57:34.012+0800][41.528s][info][gc,cpu         ] GC(1676) User=0.00s Sys=0.00s Real=0.01s
[2026-06-17T09:57:34.034+0800][41.550s][info][gc,start       ] GC(1677) Pause Young (Allocation Failure)
[2026-06-17T09:57:34.036+0800][41.552s][info][gc,heap        ] GC(1677) PSYoungGen: 9197K(15360K)->5496K(14336K) Eden: 9197K(9216K)->0K(8192K) From: 0K(6144K)->5496K(6144K)
[2026-06-17T09:57:34.036+0800][41.552s][info][gc,heap        ] GC(1677) ParOldGen: 25447K(44032K)->25447K(44032K)
[2026-06-17T09:57:34.036+0800][41.552s][info][gc,metaspace   ] GC(1677) Metaspace: 152K(384K)->152K(384K) NonClass: 147K(256K)->147K(256K) Class: 4K(128K)->4K(128K)
[2026-06-17T09:57:34.037+0800][41.553s][info][gc             ] GC(1677) Pause Young (Allocation Failure) 33M->30M(57M) 2.742ms
[2026-06-17T09:57:34.037+0800][41.553s][info][gc,cpu         ] GC(1677) User=0.01s Sys=0.00s Real=0.00s
[2026-06-17T09:57:34.059+0800][41.575s][info][gc,start       ] GC(1678) Pause Young (Allocation Failure)
[2026-06-17T09:57:34.060+0800][41.576s][info][gc,heap        ] GC(1678) PSYoungGen: 13685K(14336K)->3714K(14848K) Eden: 8188K(8192K)->0K(8192K) From: 5496K(6144K)->3714K(6656K)
[2026-06-17T09:57:34.060+0800][41.576s][info][gc,heap        ] GC(1678) ParOldGen: 25447K(44032K)->28391K(44032K)
[2026-06-17T09:57:34.061+0800][41.577s][info][gc,metaspace   ] GC(1678) Metaspace: 152K(384K)->152K(384K) NonClass: 147K(256K)->147K(256K) Class: 4K(128K)->4K(128K)
[2026-06-17T09:57:34.061+0800][41.577s][info][gc             ] GC(1678) Pause Young (Allocation Failure) 38M->31M(57M) 2.195ms
[2026-06-17T09:57:34.061+0800][41.577s][info][gc,cpu         ] GC(1678) User=0.00s Sys=0.00s Real=0.00s
[2026-06-17T09:57:34.083+0800][41.599s][info][gc,start       ] GC(1679) Pause Young (Allocation Failure)
[2026-06-17T09:57:34.084+0800][41.600s][info][gc,heap        ] GC(1679) PSYoungGen: 11906K(14848K)->2255K(15360K) Eden: 8192K(8192K)->0K(8704K) From: 3714K(6656K)->2255K(6656K)
[2026-06-17T09:57:34.085+0800][41.601s][info][gc,heap        ] GC(1679) ParOldGen: 28391K(44032K)->31404K(44032K)
[2026-06-17T09:57:34.085+0800][41.601s][info][gc,metaspace   ] GC(1679) Metaspace: 152K(384K)->152K(384K) NonClass: 147K(256K)->147K(256K) Class: 4K(128K)->4K(128K)
[2026-06-17T09:57:34.085+0800][41.601s][info][gc             ] GC(1679) Pause Young (Allocation Failure) 39M->32M(58M) 2.608ms
[2026-06-17T09:57:34.086+0800][41.602s][info][gc,cpu         ] GC(1679) User=0.00s Sys=0.00s Real=0.00s
[2026-06-17T09:57:34.108+0800][41.624s][info][gc,start       ] GC(1680) Pause Young (Allocation Failure)
[2026-06-17T09:57:34.109+0800][41.625s][info][gc,heap        ] GC(1680) PSYoungGen: 10912K(15360K)->1994K(14848K) Eden: 8657K(8704K)->0K(8704K) From: 2255K(6656K)->1994K(6144K)
[2026-06-17T09:57:34.110+0800][41.626s][info][gc,heap        ] GC(1680) ParOldGen: 31404K(44032K)->33499K(44032K)
[2026-06-17T09:57:34.110+0800][41.626s][info][gc,metaspace   ] GC(1680) Metaspace: 152K(384K)->152K(384K) NonClass: 147K(256K)->147K(256K) Class: 4K(128K)->4K(128K)
[2026-06-17T09:57:34.111+0800][41.627s][info][gc             ] GC(1680) Pause Young (Allocation Failure) 41M->34M(57M) 3.495ms
[2026-06-17T09:57:34.112+0800][41.628s][info][gc,cpu         ] GC(1680) User=0.01s Sys=0.00s Real=0.01s
[2026-06-17T09:57:34.134+0800][41.650s][info][gc,start       ] GC(1681) Pause Young (Allocation Failure)
[2026-06-17T09:57:34.135+0800][41.651s][info][gc,heap        ] GC(1681) PSYoungGen: 10652K(14848K)->3663K(15360K) Eden: 8657K(8704K)->0K(9216K) From: 1994K(6144K)->3663K(6144K)
[2026-06-17T09:57:34.136+0800][41.652s][info][gc,heap        ] GC(1681) ParOldGen: 33499K(44032K)->33499K(44032K)
[2026-06-17T09:57:34.136+0800][41.652s][info][gc,metaspace   ] GC(1681) Metaspace: 152K(384K)->152K(384K) NonClass: 147K(256K)->147K(256K) Class: 4K(128K)->4K(128K)
[2026-06-17T09:57:34.136+0800][41.652s][info][gc             ] GC(1681) Pause Young (Allocation Failure) 43M->36M(58M) 2.805ms
[2026-06-17T09:57:34.137+0800][41.653s][info][gc,cpu         ] GC(1681) User=0.00s Sys=0.00s Real=0.00s
[2026-06-17T09:57:34.159+0800][41.675s][info][gc,start       ] GC(1682) Pause Young (Allocation Failure)
[2026-06-17T09:57:34.188+0800][41.704s][info][gc,heap        ] GC(1682) PSYoungGen: 12854K(15360K)->3789K(15360K) Eden: 9190K(9216K)->0K(9216K) From: 3663K(6144K)->3789K(6144K)
[2026-06-17T09:57:34.188+0800][41.704s][info][gc,heap        ] GC(1682) ParOldGen: 33499K(44032K)->35595K(44032K)
[2026-06-17T09:57:34.188+0800][41.704s][info][gc,metaspace   ] GC(1682) Metaspace: 152K(384K)->152K(384K) NonClass: 147K(256K)->147K(256K) Class: 4K(128K)->4K(128K)
[2026-06-17T09:57:34.189+0800][41.705s][info][gc             ] GC(1682) Pause Young (Allocation Failure) 45M->38M(58M) 30.069ms
[2026-06-17T09:57:34.189+0800][41.705s][info][gc,cpu         ] GC(1682) User=0.00s Sys=0.00s Real=0.03s
[2026-06-17T09:57:34.211+0800][41.727s][info][gc,start       ] GC(1683) Pause Young (Allocation Failure)
[2026-06-17T09:57:34.212+0800][41.728s][info][gc,heap        ] GC(1683) PSYoungGen: 12977K(15360K)->604K(15360K) Eden: 9187K(9216K)->0K(9216K) From: 3789K(6144K)->604K(6144K)
[2026-06-17T09:57:34.213+0800][41.729s][info][gc,heap        ] GC(1683) ParOldGen: 35595K(44032K)->37607K(44032K)
[2026-06-17T09:57:34.213+0800][41.729s][info][gc,metaspace   ] GC(1683) Metaspace: 152K(384K)->152K(384K) NonClass: 147K(256K)->147K(256K) Class: 4K(128K)->4K(128K)
[2026-06-17T09:57:34.214+0800][41.730s][info][gc             ] GC(1683) Pause Young (Allocation Failure) 47M->37M(58M) 2.941ms
[2026-06-17T09:57:34.214+0800][41.730s][info][gc,cpu         ] GC(1683) User=0.01s Sys=0.00s Real=0.00s
[2026-06-17T09:57:34.247+0800][41.763s][info][gc,start       ] GC(1684) Pause Young (Allocation Failure)
[2026-06-17T09:57:34.248+0800][41.764s][info][gc,heap        ] GC(1684) PSYoungGen: 9811K(15360K)->2249K(15360K) Eden: 9207K(9216K)->0K(9216K) From: 604K(6144K)->2249K(6144K)
[2026-06-17T09:57:34.249+0800][41.765s][info][gc,heap        ] GC(1684) ParOldGen: 37607K(44032K)->38187K(44032K)
[2026-06-17T09:57:34.249+0800][41.765s][info][gc,metaspace   ] GC(1684) Metaspace: 152K(384K)->152K(384K) NonClass: 147K(256K)->147K(256K) Class: 4K(128K)->4K(128K)
[2026-06-17T09:57:34.250+0800][41.766s][info][gc             ] GC(1684) Pause Young (Allocation Failure) 46M->39M(58M) 2.910ms
[2026-06-17T09:57:34.251+0800][41.767s][info][gc,cpu         ] GC(1684) User=0.00s Sys=0.01s Real=0.01s
[2026-06-17T09:57:34.273+0800][41.789s][info][gc,start       ] GC(1685) Pause Young (Allocation Failure)
[2026-06-17T09:57:34.275+0800][41.791s][info][gc,heap        ] GC(1685) PSYoungGen: 11442K(15360K)->3803K(15360K) Eden: 9192K(9216K)->0K(9216K) From: 2249K(6144K)->3803K(6144K)
[2026-06-17T09:57:34.275+0800][41.791s][info][gc,heap        ] GC(1685) ParOldGen: 38187K(44032K)->39365K(44032K)
[2026-06-17T09:57:34.276+0800][41.792s][info][gc,metaspace   ] GC(1685) Metaspace: 152K(384K)->152K(384K) NonClass: 147K(256K)->147K(256K) Class: 4K(128K)->4K(128K)
[2026-06-17T09:57:34.276+0800][41.792s][info][gc             ] GC(1685) Pause Young (Allocation Failure) 48M->42M(58M) 3.216ms
[2026-06-17T09:57:34.277+0800][41.793s][info][gc,cpu         ] GC(1685) User=0.00s Sys=0.00s Real=0.00s
[2026-06-17T09:57:34.299+0800][41.815s][info][gc,start       ] GC(1686) Pause Young (Allocation Failure)
[2026-06-17T09:57:34.303+0800][41.819s][info][gc,heap        ] GC(1686) PSYoungGen: 13019K(15360K)->4561K(13824K) Eden: 9216K(9216K)->0K(9216K) From: 3803K(6144K)->4561K(4608K)
[2026-06-17T09:57:34.305+0800][41.821s][info][gc,heap        ] GC(1686) ParOldGen: 39365K(44032K)->41099K(44032K)
[2026-06-17T09:57:34.307+0800][41.823s][info][gc,metaspace   ] GC(1686) Metaspace: 152K(384K)->152K(384K) NonClass: 147K(256K)->147K(256K) Class: 4K(128K)->4K(128K)
[2026-06-17T09:57:34.309+0800][41.825s][info][gc             ] GC(1686) Pause Young (Allocation Failure) 51M->44M(56M) 10.628ms
[2026-06-17T09:57:34.311+0800][41.827s][info][gc,cpu         ] GC(1686) User=0.00s Sys=0.00s Real=0.02s
[2026-06-17T09:57:34.335+0800][41.851s][info][gc,start       ] GC(1687) Pause Full (Ergonomics)
[2026-06-17T09:57:34.336+0800][41.852s][info][gc,phases,start] GC(1687) Marking Phase
[2026-06-17T09:57:34.337+0800][41.853s][info][gc,phases      ] GC(1687) Marking Phase 1.632ms
[2026-06-17T09:57:34.338+0800][41.854s][info][gc,phases,start] GC(1687) Summary Phase
[2026-06-17T09:57:34.338+0800][41.854s][info][gc,phases      ] GC(1687) Summary Phase 0.357ms
[2026-06-17T09:57:34.339+0800][41.855s][info][gc,phases,start] GC(1687) Adjust Roots
[2026-06-17T09:57:34.339+0800][41.855s][info][gc,phases      ] GC(1687) Adjust Roots 0.702ms
[2026-06-17T09:57:34.340+0800][41.856s][info][gc,phases,start] GC(1687) Compaction Phase
[2026-06-17T09:57:34.342+0800][41.858s][info][gc,phases      ] GC(1687) Compaction Phase 2.206ms
[2026-06-17T09:57:34.342+0800][41.858s][info][gc,phases,start] GC(1687) Post Compact
[2026-06-17T09:57:34.343+0800][41.859s][info][gc,phases      ] GC(1687) Post Compact 0.373ms
[2026-06-17T09:57:34.343+0800][41.859s][info][gc,heap        ] GC(1687) PSYoungGen: 13775K(13824K)->0K(14848K) Eden: 9214K(9216K)->0K(8192K) From: 4561K(4608K)->0K(6656K)
[2026-06-17T09:57:34.343+0800][41.859s][info][gc,heap        ] GC(1687) ParOldGen: 41099K(44032K)->34428K(44032K)
[2026-06-17T09:57:34.343+0800][41.859s][info][gc,metaspace   ] GC(1687) Metaspace: 152K(384K)->152K(384K) NonClass: 147K(256K)->147K(256K) Class: 4K(128K)->4K(128K)
[2026-06-17T09:57:34.343+0800][41.859s][info][gc             ] GC(1687) Pause Full (Ergonomics) 53M->33M(57M) 8.262ms
[2026-06-17T09:57:34.344+0800][41.860s][info][gc,cpu         ] GC(1687) User=0.00s Sys=0.00s Real=0.01s
[2026-06-17T09:57:34.366+0800][41.882s][info][gc,start       ] GC(1688) Pause Young (Allocation Failure)
[2026-06-17T09:57:34.367+0800][41.883s][info][gc,heap        ] GC(1688) PSYoungGen: 8147K(14848K)->4869K(14848K) Eden: 8147K(8192K)->0K(8192K) From: 0K(6656K)->4869K(6656K)
[2026-06-17T09:57:34.368+0800][41.884s][info][gc,heap        ] GC(1688) ParOldGen: 34428K(44032K)->34428K(44032K)
[2026-06-17T09:57:34.368+0800][41.884s][info][gc,metaspace   ] GC(1688) Metaspace: 152K(384K)->152K(384K) NonClass: 147K(256K)->147K(256K) Class: 4K(128K)->4K(128K)
[2026-06-17T09:57:34.368+0800][41.884s][info][gc             ] GC(1688) Pause Young (Allocation Failure) 41M->38M(57M) 2.692ms
[2026-06-17T09:57:34.368+0800][41.884s][info][gc,cpu         ] GC(1688) User=0.01s Sys=0.00s Real=0.00s
[2026-06-17T09:57:34.390+0800][41.906s][info][gc,start       ] GC(1689) Pause Young (Allocation Failure)
[2026-06-17T09:57:34.391+0800][41.907s][info][gc,heap        ] GC(1689) PSYoungGen: 13032K(14848K)->4703K(13824K) Eden: 8162K(8192K)->0K(7168K) From: 4869K(6656K)->4703K(6656K)
[2026-06-17T09:57:34.392+0800][41.908s][info][gc,heap        ] GC(1689) ParOldGen: 34428K(44032K)->36162K(44032K)
[2026-06-17T09:57:34.392+0800][41.908s][info][gc,metaspace   ] GC(1689) Metaspace: 152K(384K)->152K(384K) NonClass: 147K(256K)->147K(256K) Class: 4K(128K)->4K(128K)
[2026-06-17T09:57:34.392+0800][41.908s][info][gc             ] GC(1689) Pause Young (Allocation Failure) 46M->39M(56M) 2.436ms
[2026-06-17T09:57:34.392+0800][41.908s][info][gc,cpu         ] GC(1689) User=0.00s Sys=0.00s Real=0.01s
[2026-06-17T09:57:34.414+0800][41.930s][info][gc,start       ] GC(1690) Pause Young (Allocation Failure)
[2026-06-17T09:57:34.415+0800][41.931s][info][gc,heap        ] GC(1690) PSYoungGen: 11843K(13824K)->32K(14336K) Eden: 7140K(7168K)->0K(7168K) From: 4703K(6656K)->32K(7168K)
[2026-06-17T09:57:34.415+0800][41.931s][info][gc,heap        ] GC(1690) ParOldGen: 36162K(44032K)->37871K(44032K)
[2026-06-17T09:57:34.416+0800][41.932s][info][gc,metaspace   ] GC(1690) Metaspace: 152K(384K)->152K(384K) NonClass: 147K(256K)->147K(256K) Class: 4K(128K)->4K(128K)
[2026-06-17T09:57:34.416+0800][41.932s][info][gc             ] GC(1690) Pause Young (Allocation Failure) 46M->37M(57M) 2.131ms
[2026-06-17T09:57:34.416+0800][41.932s][info][gc,cpu         ] GC(1690) User=0.00s Sys=0.00s Real=0.00s
[2026-06-17T09:57:34.438+0800][41.954s][info][gc,start       ] GC(1691) Pause Young (Allocation Failure)
[2026-06-17T09:57:34.440+0800][41.956s][info][gc,heap        ] GC(1691) PSYoungGen: 7192K(14336K)->3642K(14336K) Eden: 7160K(7168K)->0K(7168K) From: 32K(7168K)->3642K(7168K)
[2026-06-17T09:57:34.440+0800][41.956s][info][gc,heap        ] GC(1691) ParOldGen: 37871K(44032K)->37879K(44032K)
[2026-06-17T09:57:34.441+0800][41.957s][info][gc,metaspace   ] GC(1691) Metaspace: 152K(384K)->152K(384K) NonClass: 147K(256K)->147K(256K) Class: 4K(128K)->4K(128K)
[2026-06-17T09:57:34.441+0800][41.957s][info][gc             ] GC(1691) Pause Young (Allocation Failure) 44M->40M(57M) 3.075ms
[2026-06-17T09:57:34.441+0800][41.957s][info][gc,cpu         ] GC(1691) User=0.00s Sys=0.00s Real=0.00s
[2026-06-17T09:57:34.453+0800][41.969s][info][gc,start       ] GC(1692) Pause Young (Allocation Failure)
[2026-06-17T09:57:34.455+0800][41.971s][info][gc,heap        ] GC(1692) PSYoungGen: 10555K(14336K)->1884K(14336K) Eden: 6913K(7168K)->0K(7168K) From: 3642K(7168K)->1884K(7168K)
[2026-06-17T09:57:34.455+0800][41.971s][info][gc,heap        ] GC(1692) ParOldGen: 37879K(44032K)->39859K(44032K)
[2026-06-17T09:57:34.456+0800][41.972s][info][gc,metaspace   ] GC(1692) Metaspace: 152K(384K)->152K(384K) NonClass: 147K(256K)->147K(256K) Class: 4K(128K)->4K(128K)
[2026-06-17T09:57:34.456+0800][41.972s][info][gc             ] GC(1692) Pause Young (Allocation Failure) 47M->40M(57M) 3.145ms
[2026-06-17T09:57:34.456+0800][41.972s][info][gc,cpu         ] GC(1692) User=0.00s Sys=0.00s Real=0.00s
[2026-06-17T09:57:34.478+0800][41.994s][info][gc,start       ] GC(1693) Pause Young (Allocation Failure)
[2026-06-17T09:57:34.481+0800][41.997s][info][gc,heap        ] GC(1693) PSYoungGen: 9011K(14336K)->3526K(14848K) Eden: 7127K(7168K)->0K(7680K) From: 1884K(7168K)->3526K(7168K)
[2026-06-17T09:57:34.482+0800][41.998s][info][gc,heap        ] GC(1693) ParOldGen: 39859K(44032K)->41719K(44032K)
[2026-06-17T09:57:34.482+0800][41.998s][info][gc,metaspace   ] GC(1693) Metaspace: 152K(384K)->152K(384K) NonClass: 147K(256K)->147K(256K) Class: 4K(128K)->4K(128K)
[2026-06-17T09:57:34.484+0800][42.000s][info][gc             ] GC(1693) Pause Young (Allocation Failure) 47M->44M(57M) 5.134ms
[2026-06-17T09:57:34.484+0800][42.000s][info][gc,cpu         ] GC(1693) User=0.00s Sys=0.00s Real=0.01s
[2026-06-17T09:57:34.507+0800][42.023s][info][gc,start       ] GC(1694) Pause Full (Ergonomics)
[2026-06-17T09:57:34.508+0800][42.024s][info][gc,phases,start] GC(1694) Marking Phase
[2026-06-17T09:57:34.511+0800][42.027s][info][gc,phases      ] GC(1694) Marking Phase 2.803ms
[2026-06-17T09:57:34.511+0800][42.027s][info][gc,phases,start] GC(1694) Summary Phase
[2026-06-17T09:57:34.512+0800][42.028s][info][gc,phases      ] GC(1694) Summary Phase 0.689ms
[2026-06-17T09:57:34.513+0800][42.029s][info][gc,phases,start] GC(1694) Adjust Roots
[2026-06-17T09:57:34.514+0800][42.030s][info][gc,phases      ] GC(1694) Adjust Roots 1.041ms
[2026-06-17T09:57:34.515+0800][42.031s][info][gc,phases,start] GC(1694) Compaction Phase
[2026-06-17T09:57:34.517+0800][42.033s][info][gc,phases      ] GC(1694) Compaction Phase 2.858ms
[2026-06-17T09:57:34.518+0800][42.034s][info][gc,phases,start] GC(1694) Post Compact
[2026-06-17T09:57:34.518+0800][42.034s][info][gc,phases      ] GC(1694) Post Compact 0.538ms
[2026-06-17T09:57:34.519+0800][42.035s][info][gc,heap        ] GC(1694) PSYoungGen: 11175K(14848K)->0K(14336K) Eden: 7649K(7680K)->0K(7680K) From: 3526K(7168K)->0K(6656K)
[2026-06-17T09:57:34.519+0800][42.035s][info][gc,heap        ] GC(1694) ParOldGen: 41719K(44032K)->32123K(44032K)
[2026-06-17T09:57:34.520+0800][42.036s][info][gc,metaspace   ] GC(1694) Metaspace: 152K(384K)->152K(384K) NonClass: 147K(256K)->147K(256K) Class: 4K(128K)->4K(128K)
[2026-06-17T09:57:34.520+0800][42.036s][info][gc             ] GC(1694) Pause Full (Ergonomics) 51M->31M(57M) 12.753ms
[2026-06-17T09:57:34.520+0800][42.036s][info][gc,cpu         ] GC(1694) User=0.01s Sys=0.00s Real=0.01s
[2026-06-17T09:57:34.542+0800][42.058s][info][gc,start       ] GC(1695) Pause Young (Allocation Failure)
[2026-06-17T09:57:34.543+0800][42.060s][info][gc,heap        ] GC(1695) PSYoungGen: 7680K(14336K)->4163K(14848K) Eden: 7680K(7680K)->0K(8192K) From: 0K(6656K)->4163K(6656K)
[2026-06-17T09:57:34.544+0800][42.060s][info][gc,heap        ] GC(1695) ParOldGen: 32123K(44032K)->32123K(44032K)
[2026-06-17T09:57:34.544+0800][42.060s][info][gc,metaspace   ] GC(1695) Metaspace: 152K(384K)->152K(384K) NonClass: 147K(256K)->147K(256K) Class: 4K(128K)->4K(128K)
[2026-06-17T09:57:34.545+0800][42.061s][info][gc             ] GC(1695) Pause Young (Allocation Failure) 38M->35M(57M) 2.979ms
[2026-06-17T09:57:34.545+0800][42.061s][info][gc,cpu         ] GC(1695) User=0.00s Sys=0.00s Real=0.01s
[2026-06-17T09:57:34.568+0800][42.084s][info][gc,start       ] GC(1696) Pause Young (Allocation Failure)
[2026-06-17T09:57:34.570+0800][42.086s][info][gc,heap        ] GC(1696) PSYoungGen: 12340K(14848K)->3162K(14848K) Eden: 8177K(8192K)->0K(8192K) From: 4163K(6656K)->3162K(6656K)
[2026-06-17T09:57:34.571+0800][42.087s][info][gc,heap        ] GC(1696) ParOldGen: 32123K(44032K)->34093K(44032K)
[2026-06-17T09:57:34.571+0800][42.087s][info][gc,metaspace   ] GC(1696) Metaspace: 152K(384K)->152K(384K) NonClass: 147K(256K)->147K(256K) Class: 4K(128K)->4K(128K)
[2026-06-17T09:57:34.571+0800][42.087s][info][gc             ] GC(1696) Pause Young (Allocation Failure) 43M->36M(57M) 3.807ms
[2026-06-17T09:57:34.572+0800][42.088s][info][gc,cpu         ] GC(1696) User=0.00s Sys=0.00s Real=0.01s
[2026-06-17T09:57:34.595+0800][42.111s][info][gc,start       ] GC(1697) Pause Young (Allocation Failure)
[2026-06-17T09:57:34.596+0800][42.112s][info][gc,heap        ] GC(1697) PSYoungGen: 11331K(14848K)->2664K(15360K) Eden: 8168K(8192K)->0K(8704K) From: 3162K(6656K)->2664K(6656K)
[2026-06-17T09:57:34.597+0800][42.113s][info][gc,heap        ] GC(1697) ParOldGen: 34093K(44032K)->35861K(44032K)
[2026-06-17T09:57:34.597+0800][42.113s][info][gc,metaspace   ] GC(1697) Metaspace: 152K(384K)->152K(384K) NonClass: 147K(256K)->147K(256K) Class: 4K(128K)->4K(128K)
[2026-06-17T09:57:34.598+0800][42.114s][info][gc             ] GC(1697) Pause Young (Allocation Failure) 44M->37M(58M) 3.515ms
[2026-06-17T09:57:34.599+0800][42.115s][info][gc,cpu         ] GC(1697) User=0.01s Sys=0.00s Real=0.00s
[2026-06-17T09:57:34.621+0800][42.137s][info][gc,start       ] GC(1698) Pause Young (Allocation Failure)
[2026-06-17T09:57:34.623+0800][42.139s][info][gc,heap        ] GC(1698) PSYoungGen: 11368K(15360K)->2844K(14848K) Eden: 8704K(8704K)->0K(8704K) From: 2664K(6656K)->2844K(6144K)
[2026-06-17T09:57:34.624+0800][42.140s][info][gc,heap        ] GC(1698) ParOldGen: 35861K(44032K)->37604K(44032K)
[2026-06-17T09:57:34.625+0800][42.141s][info][gc,metaspace   ] GC(1698) Metaspace: 152K(384K)->152K(384K) NonClass: 147K(256K)->147K(256K) Class: 4K(128K)->4K(128K)
[2026-06-17T09:57:34.626+0800][42.142s][info][gc             ] GC(1698) Pause Young (Allocation Failure) 46M->39M(57M) 4.672ms
[2026-06-17T09:57:34.626+0800][42.142s][info][gc,cpu         ] GC(1698) User=0.00s Sys=0.00s Real=0.01s
[2026-06-17T09:57:34.649+0800][42.165s][info][gc,start       ] GC(1699) Pause Young (Allocation Failure)
[2026-06-17T09:57:34.651+0800][42.167s][info][gc,heap        ] GC(1699) PSYoungGen: 11512K(14848K)->4287K(15360K) Eden: 8667K(8704K)->0K(9216K) From: 2844K(6144K)->4287K(6144K)
[2026-06-17T09:57:34.651+0800][42.167s][info][gc,heap        ] GC(1699) ParOldGen: 37604K(44032K)->37604K(44032K)
[2026-06-17T09:57:34.652+0800][42.168s][info][gc,metaspace   ] GC(1699) Metaspace: 152K(384K)->152K(384K) NonClass: 147K(256K)->147K(256K) Class: 4K(128K)->4K(128K)
[2026-06-17T09:57:34.652+0800][42.168s][info][gc             ] GC(1699) Pause Young (Allocation Failure) 47M->40M(58M) 3.701ms
[2026-06-17T09:57:34.653+0800][42.169s][info][gc,cpu         ] GC(1699) User=0.00s Sys=0.00s Real=0.01s
[2026-06-17T09:57:34.675+0800][42.191s][info][gc,start       ] GC(1700) Pause Young (Allocation Failure)
[2026-06-17T09:57:34.676+0800][42.192s][info][gc,heap        ] GC(1700) PSYoungGen: 13496K(15360K)->4445K(15360K) Eden: 9208K(9216K)->0K(9216K) From: 4287K(6144K)->4445K(6144K)
[2026-06-17T09:57:34.676+0800][42.192s][info][gc,heap        ] GC(1700) ParOldGen: 37604K(44032K)->39454K(44032K)
[2026-06-17T09:57:34.677+0800][42.193s][info][gc,metaspace   ] GC(1700) Metaspace: 152K(384K)->152K(384K) NonClass: 147K(256K)->147K(256K) Class: 4K(128K)->4K(128K)
[2026-06-17T09:57:34.677+0800][42.193s][info][gc             ] GC(1700) Pause Young (Allocation Failure) 49M->42M(58M) 1.646ms
[2026-06-17T09:57:34.677+0800][42.193s][info][gc,cpu         ] GC(1700) User=0.00s Sys=0.00s Real=0.00s
[2026-06-17T09:57:34.698+0800][42.214s][info][gc,start       ] GC(1701) Pause Young (Allocation Failure)
[2026-06-17T09:57:34.702+0800][42.218s][info][gc,heap        ] GC(1701) PSYoungGen: 13437K(15360K)->1674K(15360K) Eden: 8992K(9216K)->0K(9216K) From: 4445K(6144K)->1674K(6144K)
[2026-06-17T09:57:34.702+0800][42.218s][info][gc,heap        ] GC(1701) ParOldGen: 39454K(44032K)->41137K(44032K)
[2026-06-17T09:57:34.702+0800][42.218s][info][gc,metaspace   ] GC(1701) Metaspace: 152K(384K)->152K(384K) NonClass: 147K(256K)->147K(256K) Class: 4K(128K)->4K(128K)
[2026-06-17T09:57:34.702+0800][42.218s][info][gc             ] GC(1701) Pause Young (Allocation Failure) 51M->41M(58M) 3.823ms
[2026-06-17T09:57:34.702+0800][42.218s][info][gc,cpu         ] GC(1701) User=0.00s Sys=0.00s Real=0.00s
[2026-06-17T09:57:34.734+0800][42.250s][info][gc,start       ] GC(1702) Pause Full (Ergonomics)
[2026-06-17T09:57:34.735+0800][42.251s][info][gc,phases,start] GC(1702) Marking Phase
[2026-06-17T09:57:34.737+0800][42.253s][info][gc,phases      ] GC(1702) Marking Phase 1.962ms
[2026-06-17T09:57:34.738+0800][42.254s][info][gc,phases,start] GC(1702) Summary Phase
[2026-06-17T09:57:34.738+0800][42.254s][info][gc,phases      ] GC(1702) Summary Phase 0.404ms
[2026-06-17T09:57:34.738+0800][42.254s][info][gc,phases,start] GC(1702) Adjust Roots
[2026-06-17T09:57:34.739+0800][42.255s][info][gc,phases      ] GC(1702) Adjust Roots 0.604ms
[2026-06-17T09:57:34.739+0800][42.255s][info][gc,phases,start] GC(1702) Compaction Phase
[2026-06-17T09:57:34.741+0800][42.257s][info][gc,phases      ] GC(1702) Compaction Phase 2.163ms
[2026-06-17T09:57:34.742+0800][42.258s][info][gc,phases,start] GC(1702) Post Compact
[2026-06-17T09:57:34.742+0800][42.258s][info][gc,phases      ] GC(1702) Post Compact 0.336ms
[2026-06-17T09:57:34.742+0800][42.258s][info][gc,heap        ] GC(1702) PSYoungGen: 10871K(15360K)->0K(15360K) Eden: 9197K(9216K)->0K(9216K) From: 1674K(6144K)->0K(6144K)
[2026-06-17T09:57:34.743+0800][42.259s][info][gc,heap        ] GC(1702) ParOldGen: 41137K(44032K)->32143K(44032K)
[2026-06-17T09:57:34.743+0800][42.259s][info][gc,metaspace   ] GC(1702) Metaspace: 152K(384K)->152K(384K) NonClass: 147K(256K)->147K(256K) Class: 4K(128K)->4K(128K)
[2026-06-17T09:57:34.743+0800][42.259s][info][gc             ] GC(1702) Pause Full (Ergonomics) 50M->31M(58M) 8.694ms
[2026-06-17T09:57:34.743+0800][42.259s][info][gc,cpu         ] GC(1702) User=0.01s Sys=0.00s Real=0.01s
[2026-06-17T09:57:34.765+0800][42.281s][info][gc,start       ] GC(1703) Pause Young (Allocation Failure)
[2026-06-17T09:57:34.766+0800][42.282s][info][gc,heap        ] GC(1703) PSYoungGen: 9206K(15360K)->5740K(13312K) Eden: 9206K(9216K)->0K(7168K) From: 0K(6144K)->5740K(6144K)
[2026-06-17T09:57:34.767+0800][42.283s][info][gc,heap        ] GC(1703) ParOldGen: 32143K(44032K)->32143K(44032K)
[2026-06-17T09:57:34.767+0800][42.283s][info][gc,metaspace   ] GC(1703) Metaspace: 152K(384K)->152K(384K) NonClass: 147K(256K)->147K(256K) Class: 4K(128K)->4K(128K)
[2026-06-17T09:57:34.767+0800][42.283s][info][gc             ] GC(1703) Pause Young (Allocation Failure) 40M->36M(56M) 2.571ms
[2026-06-17T09:57:34.768+0800][42.284s][info][gc,cpu         ] GC(1703) User=0.00s Sys=0.01s Real=0.00s
[2026-06-17T09:57:34.779+0800][42.295s][info][gc,start       ] GC(1704) Pause Young (Allocation Failure)
[2026-06-17T09:57:34.782+0800][42.298s][info][gc,heap        ] GC(1704) PSYoungGen: 12734K(13312K)->1357K(14336K) Eden: 6994K(7168K)->0K(7168K) From: 5740K(6144K)->1357K(7168K)
[2026-06-17T09:57:34.783+0800][42.299s][info][gc,heap        ] GC(1704) ParOldGen: 32143K(44032K)->36071K(44032K)
[2026-06-17T09:57:34.783+0800][42.299s][info][gc,metaspace   ] GC(1704) Metaspace: 152K(384K)->152K(384K) NonClass: 147K(256K)->147K(256K) Class: 4K(128K)->4K(128K)
[2026-06-17T09:57:34.783+0800][42.299s][info][gc             ] GC(1704) Pause Young (Allocation Failure) 43M->36M(57M) 3.990ms
[2026-06-17T09:57:34.784+0800][42.300s][info][gc,cpu         ] GC(1704) User=0.00s Sys=0.00s Real=0.01s
[2026-06-17T09:57:34.805+0800][42.321s][info][gc,start       ] GC(1705) Pause Young (Allocation Failure)
[2026-06-17T09:57:34.807+0800][42.323s][info][gc,heap        ] GC(1705) PSYoungGen: 8516K(14336K)->3385K(14848K) Eden: 7159K(7168K)->0K(7680K) From: 1357K(7168K)->3385K(7168K)
[2026-06-17T09:57:34.807+0800][42.323s][info][gc,heap        ] GC(1705) ParOldGen: 36071K(44032K)->37404K(44032K)
[2026-06-17T09:57:34.807+0800][42.323s][info][gc,metaspace   ] GC(1705) Metaspace: 152K(384K)->152K(384K) NonClass: 147K(256K)->147K(256K) Class: 4K(128K)->4K(128K)
[2026-06-17T09:57:34.808+0800][42.324s][info][gc             ] GC(1705) Pause Young (Allocation Failure) 43M->39M(57M) 2.322ms
[2026-06-17T09:57:34.808+0800][42.324s][info][gc,cpu         ] GC(1705) User=0.01s Sys=0.00s Real=0.00s
[2026-06-17T09:57:34.830+0800][42.346s][info][gc,start       ] GC(1706) Pause Young (Allocation Failure)
[2026-06-17T09:57:34.876+0800][42.392s][info][gc,heap        ] GC(1706) PSYoungGen: 11023K(14848K)->3431K(14336K) Eden: 7638K(7680K)->0K(7680K) From: 3385K(7168K)->3431K(6656K)
[2026-06-17T09:57:34.877+0800][42.393s][info][gc,heap        ] GC(1706) ParOldGen: 37404K(44032K)->37916K(44032K)
[2026-06-17T09:57:34.925+0800][42.441s][info][gc,metaspace   ] GC(1706) Metaspace: 152K(384K)->152K(384K) NonClass: 147K(256K)->147K(256K) Class: 4K(128K)->4K(128K)
[2026-06-17T09:57:34.926+0800][42.442s][info][gc             ] GC(1706) Pause Young (Allocation Failure) 47M->40M(57M) 95.939ms
[2026-06-17T09:57:34.926+0800][42.442s][info][gc,cpu         ] GC(1706) User=0.00s Sys=0.00s Real=0.10s
[2026-06-17T09:57:34.948+0800][42.464s][info][gc,start       ] GC(1707) Pause Young (Allocation Failure)
[2026-06-17T09:57:34.954+0800][42.470s][info][gc,heap        ] GC(1707) PSYoungGen: 11079K(14336K)->2418K(15360K) Eden: 7647K(7680K)->0K(8704K) From: 3431K(6656K)->2418K(6656K)
[2026-06-17T09:57:34.955+0800][42.471s][info][gc,heap        ] GC(1707) ParOldGen: 37916K(44032K)->39925K(44032K)
[2026-06-17T09:57:34.968+0800][42.484s][info][gc,metaspace   ] GC(1707) Metaspace: 152K(384K)->152K(384K) NonClass: 147K(256K)->147K(256K) Class: 4K(128K)->4K(128K)
[2026-06-17T09:57:34.984+0800][42.500s][info][gc             ] GC(1707) Pause Young (Allocation Failure) 47M->41M(58M) 35.620ms
[2026-06-17T09:57:34.984+0800][42.500s][info][gc,cpu         ] GC(1707) User=0.00s Sys=0.00s Real=0.04s
[2026-06-17T09:57:35.011+0800][42.527s][info][gc,start       ] GC(1708) Pause Young (Allocation Failure)
[2026-06-17T09:57:35.012+0800][42.528s][info][gc,heap        ] GC(1708) PSYoungGen: 11117K(15360K)->4507K(14848K) Eden: 8698K(8704K)->0K(8704K) From: 2418K(6656K)->4507K(6144K)
[2026-06-17T09:57:35.013+0800][42.529s][info][gc,heap        ] GC(1708) ParOldGen: 39925K(44032K)->39925K(44032K)
[2026-06-17T09:57:35.013+0800][42.529s][info][gc,metaspace   ] GC(1708) Metaspace: 152K(384K)->152K(384K) NonClass: 147K(256K)->147K(256K) Class: 4K(128K)->4K(128K)
[2026-06-17T09:57:35.013+0800][42.529s][info][gc             ] GC(1708) Pause Young (Allocation Failure) 49M->43M(57M) 2.311ms
[2026-06-17T09:57:35.014+0800][42.530s][info][gc,cpu         ] GC(1708) User=0.00s Sys=0.00s Real=0.00s
[2026-06-17T09:57:35.035+0800][42.551s][info][gc,start       ] GC(1709) Pause Young (Allocation Failure)
[2026-06-17T09:57:35.038+0800][42.554s][info][gc,heap        ] GC(1709) PSYoungGen: 13177K(14848K)->6292K(13824K) Eden: 8669K(8704K)->0K(7168K) From: 4507K(6144K)->6292K(6656K)
[2026-06-17T09:57:35.039+0800][42.555s][info][gc,heap        ] GC(1709) ParOldGen: 39925K(44032K)->39925K(44032K)
[2026-06-17T09:57:35.041+0800][42.557s][info][gc,metaspace   ] GC(1709) Metaspace: 152K(384K)->152K(384K) NonClass: 147K(256K)->147K(256K) Class: 4K(128K)->4K(128K)
[2026-06-17T09:57:35.043+0800][42.559s][info][gc             ] GC(1709) Pause Young (Allocation Failure) 51M->45M(56M) 7.834ms
[2026-06-17T09:57:35.044+0800][42.560s][info][gc,cpu         ] GC(1709) User=0.00s Sys=0.00s Real=0.01s
[2026-06-17T09:57:35.068+0800][42.584s][info][gc,start       ] GC(1710) Pause Young (Allocation Failure)
[2026-06-17T09:57:35.069+0800][42.585s][info][gc,heap        ] GC(1710) PSYoungGen: 13434K(13824K)->6522K(14336K) Eden: 7142K(7168K)->0K(7168K) From: 6292K(6656K)->6522K(7168K)
[2026-06-17T09:57:35.071+0800][42.587s][info][gc,heap        ] GC(1710) ParOldGen: 39925K(44032K)->39925K(44032K)
[2026-06-17T09:57:35.072+0800][42.588s][info][gc,metaspace   ] GC(1710) Metaspace: 152K(384K)->152K(384K) NonClass: 147K(256K)->147K(256K) Class: 4K(128K)->4K(128K)
[2026-06-17T09:57:35.076+0800][42.592s][info][gc             ] GC(1710) Pause Young (Allocation Failure) 52M->45M(57M) 8.679ms
[2026-06-17T09:57:35.078+0800][42.594s][info][gc,cpu         ] GC(1710) User=0.00s Sys=0.00s Real=0.01s
[2026-06-17T09:57:35.099+0800][42.615s][info][gc,start       ] GC(1711) Pause Young (Allocation Failure)
[2026-06-17T09:57:35.101+0800][42.617s][info][gc,heap        ] GC(1711) PSYoungGen: 13658K(14336K)->4714K(14336K) Eden: 7136K(7168K)->0K(7168K) From: 6522K(7168K)->4714K(7168K)
[2026-06-17T09:57:35.103+0800][42.619s][info][gc,heap        ] GC(1711) ParOldGen: 39925K(44032K)->42004K(44032K)
[2026-06-17T09:57:35.105+0800][42.621s][info][gc,metaspace   ] GC(1711) Metaspace: 152K(384K)->152K(384K) NonClass: 147K(256K)->147K(256K) Class: 4K(128K)->4K(128K)
[2026-06-17T09:57:35.105+0800][42.621s][info][gc             ] GC(1711) Pause Young (Allocation Failure) 52M->45M(57M) 5.872ms
[2026-06-17T09:57:35.105+0800][42.621s][info][gc,cpu         ] GC(1711) User=0.00s Sys=0.00s Real=0.01s
[2026-06-17T09:57:35.116+0800][42.632s][info][gc,start       ] GC(1712) Pause Full (Ergonomics)
[2026-06-17T09:57:35.116+0800][42.632s][info][gc,phases,start] GC(1712) Marking Phase
[2026-06-17T09:57:35.117+0800][42.633s][info][gc,phases      ] GC(1712) Marking Phase 0.826ms
[2026-06-17T09:57:35.117+0800][42.633s][info][gc,phases,start] GC(1712) Summary Phase
[2026-06-17T09:57:35.118+0800][42.634s][info][gc,phases      ] GC(1712) Summary Phase 0.275ms
[2026-06-17T09:57:35.118+0800][42.634s][info][gc,phases,start] GC(1712) Adjust Roots
[2026-06-17T09:57:35.118+0800][42.634s][info][gc,phases      ] GC(1712) Adjust Roots 0.266ms
[2026-06-17T09:57:35.118+0800][42.634s][info][gc,phases,start] GC(1712) Compaction Phase
[2026-06-17T09:57:35.120+0800][42.636s][info][gc,phases      ] GC(1712) Compaction Phase 1.718ms
[2026-06-17T09:57:35.120+0800][42.636s][info][gc,phases,start] GC(1712) Post Compact
[2026-06-17T09:57:35.121+0800][42.637s][info][gc,phases      ] GC(1712) Post Compact 0.307ms
[2026-06-17T09:57:35.121+0800][42.637s][info][gc,heap        ] GC(1712) PSYoungGen: 11858K(14336K)->0K(14336K) Eden: 7144K(7168K)->0K(7168K) From: 4714K(7168K)->0K(7168K)
[2026-06-17T09:57:35.121+0800][42.637s][info][gc,heap        ] GC(1712) ParOldGen: 42004K(44032K)->22757K(44032K)
[2026-06-17T09:57:35.121+0800][42.637s][info][gc,metaspace   ] GC(1712) Metaspace: 152K(384K)->152K(384K) NonClass: 147K(256K)->147K(256K) Class: 4K(128K)->4K(128K)
[2026-06-17T09:57:35.121+0800][42.637s][info][gc             ] GC(1712) Pause Full (Ergonomics) 52M->22M(57M) 4.825ms
[2026-06-17T09:57:35.121+0800][42.637s][info][gc,cpu         ] GC(1712) User=0.00s Sys=0.00s Real=0.00s
[2026-06-17T09:57:35.142+0800][42.658s][info][gc,start       ] GC(1713) Pause Young (Allocation Failure)
[2026-06-17T09:57:35.144+0800][42.660s][info][gc,heap        ] GC(1713) PSYoungGen: 7125K(14336K)->3418K(14336K) Eden: 7125K(7168K)->0K(7168K) From: 0K(7168K)->3418K(7168K)
[2026-06-17T09:57:35.144+0800][42.660s][info][gc,heap        ] GC(1713) ParOldGen: 22757K(44032K)->22757K(44032K)
[2026-06-17T09:57:35.145+0800][42.661s][info][gc,metaspace   ] GC(1713) Metaspace: 152K(384K)->152K(384K) NonClass: 147K(256K)->147K(256K) Class: 4K(128K)->4K(128K)
[2026-06-17T09:57:35.145+0800][42.661s][info][gc             ] GC(1713) Pause Young (Allocation Failure) 29M->25M(57M) 3.179ms
[2026-06-17T09:57:35.146+0800][42.662s][info][gc,cpu         ] GC(1713) User=0.00s Sys=0.00s Real=0.01s
[2026-06-17T09:57:35.158+0800][42.674s][info][gc,start       ] GC(1714) Pause Young (Allocation Failure)
[2026-06-17T09:57:35.160+0800][42.676s][info][gc,heap        ] GC(1714) PSYoungGen: 10525K(14336K)->959K(14336K) Eden: 7106K(7168K)->0K(7168K) From: 3418K(7168K)->959K(7168K)
[2026-06-17T09:57:35.160+0800][42.676s][info][gc,heap        ] GC(1714) ParOldGen: 22757K(44032K)->25242K(44032K)
[2026-06-17T09:57:35.161+0800][42.677s][info][gc,metaspace   ] GC(1714) Metaspace: 152K(384K)->152K(384K) NonClass: 147K(256K)->147K(256K) Class: 4K(128K)->4K(128K)
[2026-06-17T09:57:35.162+0800][42.678s][info][gc             ] GC(1714) Pause Young (Allocation Failure) 32M->25M(57M) 3.519ms
[2026-06-17T09:57:35.162+0800][42.678s][info][gc,cpu         ] GC(1714) User=0.00s Sys=0.00s Real=0.00s
[2026-06-17T09:57:35.185+0800][42.701s][info][gc,start       ] GC(1715) Pause Young (Allocation Failure)
[2026-06-17T09:57:35.187+0800][42.703s][info][gc,heap        ] GC(1715) PSYoungGen: 8125K(14336K)->3870K(14336K) Eden: 7166K(7168K)->0K(7168K) From: 959K(7168K)->3870K(7168K)
[2026-06-17T09:57:35.187+0800][42.703s][info][gc,heap        ] GC(1715) ParOldGen: 25242K(44032K)->26177K(44032K)
[2026-06-17T09:57:35.188+0800][42.704s][info][gc,metaspace   ] GC(1715) Metaspace: 152K(384K)->152K(384K) NonClass: 147K(256K)->147K(256K) Class: 4K(128K)->4K(128K)
[2026-06-17T09:57:35.192+0800][42.708s][info][gc             ] GC(1715) Pause Young (Allocation Failure) 32M->29M(57M) 6.982ms
[2026-06-17T09:57:35.198+0800][42.714s][info][gc,cpu         ] GC(1715) User=0.00s Sys=0.00s Real=0.01s
[2026-06-17T09:57:35.221+0800][42.737s][info][gc,start       ] GC(1716) Pause Young (Allocation Failure)
[2026-06-17T09:57:35.223+0800][42.739s][info][gc,heap        ] GC(1716) PSYoungGen: 11024K(14336K)->3115K(14336K) Eden: 7154K(7168K)->0K(7168K) From: 3870K(7168K)->3115K(7168K)
[2026-06-17T09:57:35.224+0800][42.740s][info][gc,heap        ] GC(1716) ParOldGen: 26177K(44032K)->26941K(44032K)
[2026-06-17T09:57:35.224+0800][42.740s][info][gc,metaspace   ] GC(1716) Metaspace: 152K(384K)->152K(384K) NonClass: 147K(256K)->147K(256K) Class: 4K(128K)->4K(128K)
[2026-06-17T09:57:35.225+0800][42.741s][info][gc             ] GC(1716) Pause Young (Allocation Failure) 36M->29M(57M) 4.195ms
[2026-06-17T09:57:35.226+0800][42.742s][info][gc,cpu         ] GC(1716) User=0.00s Sys=0.00s Real=0.01s
[2026-06-17T09:57:35.248+0800][42.764s][info][gc,start       ] GC(1717) Pause Young (Allocation Failure)
[2026-06-17T09:57:35.250+0800][42.766s][info][gc,heap        ] GC(1717) PSYoungGen: 10279K(14336K)->1664K(14336K) Eden: 7164K(7168K)->0K(7168K) From: 3115K(7168K)->1664K(7168K)
[2026-06-17T09:57:35.251+0800][42.767s][info][gc,heap        ] GC(1717) ParOldGen: 26941K(44032K)->28803K(44032K)
[2026-06-17T09:57:35.252+0800][42.768s][info][gc,metaspace   ] GC(1717) Metaspace: 152K(384K)->152K(384K) NonClass: 147K(256K)->147K(256K) Class: 4K(128K)->4K(128K)
[2026-06-17T09:57:35.252+0800][42.768s][info][gc             ] GC(1717) Pause Young (Allocation Failure) 36M->29M(57M) 3.991ms
[2026-06-17T09:57:35.253+0800][42.769s][info][gc,cpu         ] GC(1717) User=0.01s Sys=0.00s Real=0.01s
[2026-06-17T09:57:35.275+0800][42.791s][info][gc,start       ] GC(1718) Pause Young (Allocation Failure)
[2026-06-17T09:57:35.276+0800][42.792s][info][gc,heap        ] GC(1718) PSYoungGen: 8798K(14336K)->2120K(14336K) Eden: 7133K(7168K)->0K(7168K) From: 1664K(7168K)->2120K(7168K)
[2026-06-17T09:57:35.277+0800][42.793s][info][gc,heap        ] GC(1718) ParOldGen: 28803K(44032K)->28803K(44032K)
[2026-06-17T09:57:35.277+0800][42.793s][info][gc,metaspace   ] GC(1718) Metaspace: 152K(384K)->152K(384K) NonClass: 147K(256K)->147K(256K) Class: 4K(128K)->4K(128K)
[2026-06-17T09:57:35.277+0800][42.793s][info][gc             ] GC(1718) Pause Young (Allocation Failure) 36M->30M(57M) 2.005ms
[2026-06-17T09:57:35.277+0800][42.793s][info][gc,cpu         ] GC(1718) User=0.00s Sys=0.00s Real=0.00s
[2026-06-17T09:57:35.288+0800][42.804s][info][gc,start       ] GC(1719) Pause Young (Allocation Failure)
[2026-06-17T09:57:35.290+0800][42.806s][info][gc,heap        ] GC(1719) PSYoungGen: 8998K(14336K)->352K(14336K) Eden: 6878K(7168K)->0K(7168K) From: 2120K(7168K)->352K(7168K)
[2026-06-17T09:57:35.290+0800][42.806s][info][gc,heap        ] GC(1719) ParOldGen: 28803K(44032K)->30535K(44032K)
[2026-06-17T09:57:35.291+0800][42.807s][info][gc,metaspace   ] GC(1719) Metaspace: 152K(384K)->152K(384K) NonClass: 147K(256K)->147K(256K) Class: 4K(128K)->4K(128K)
[2026-06-17T09:57:35.291+0800][42.807s][info][gc             ] GC(1719) Pause Young (Allocation Failure) 36M->30M(57M) 2.747ms
[2026-06-17T09:57:35.292+0800][42.808s][info][gc,cpu         ] GC(1719) User=0.00s Sys=0.00s Real=0.01s
[2026-06-17T09:57:35.314+0800][42.830s][info][gc,start       ] GC(1720) Pause Young (Allocation Failure)
[2026-06-17T09:57:35.317+0800][42.833s][info][gc,heap        ] GC(1720) PSYoungGen: 7461K(14336K)->3744K(14336K) Eden: 7109K(7168K)->0K(7168K) From: 352K(7168K)->3744K(7168K)
[2026-06-17T09:57:35.318+0800][42.834s][info][gc,heap        ] GC(1720) ParOldGen: 30535K(44032K)->30863K(44032K)
[2026-06-17T09:57:35.320+0800][42.836s][info][gc,metaspace   ] GC(1720) Metaspace: 153K(384K)->153K(384K) NonClass: 148K(256K)->148K(256K) Class: 4K(128K)->4K(128K)
[2026-06-17T09:57:35.322+0800][42.838s][info][gc             ] GC(1720) Pause Young (Allocation Failure) 37M->33M(57M) 8.152ms
[2026-06-17T09:57:35.324+0800][42.840s][info][gc,cpu         ] GC(1720) User=0.00s Sys=0.00s Real=0.01s
[2026-06-17T09:57:35.349+0800][42.865s][info][gc,start       ] GC(1721) Pause Young (Allocation Failure)
[2026-06-17T09:57:35.351+0800][42.867s][info][gc,heap        ] GC(1721) PSYoungGen: 10875K(14336K)->2684K(14848K) Eden: 7130K(7168K)->0K(7680K) From: 3744K(7168K)->2684K(7168K)
[2026-06-17T09:57:35.353+0800][42.869s][info][gc,heap        ] GC(1721) ParOldGen: 30863K(44032K)->32132K(44032K)
[2026-06-17T09:57:35.354+0800][42.870s][info][gc,metaspace   ] GC(1721) Metaspace: 153K(384K)->153K(384K) NonClass: 148K(256K)->148K(256K) Class: 4K(128K)->4K(128K)
[2026-06-17T09:57:35.355+0800][42.871s][info][gc             ] GC(1721) Pause Young (Allocation Failure) 40M->34M(57M) 5.663ms
[2026-06-17T09:57:35.355+0800][42.871s][info][gc,cpu         ] GC(1721) User=0.00s Sys=0.00s Real=0.01s
[2026-06-17T09:57:35.367+0800][42.883s][info][gc,start       ] GC(1722) Pause Young (Allocation Failure)
[2026-06-17T09:57:35.370+0800][42.886s][info][gc,heap        ] GC(1722) PSYoungGen: 10319K(14848K)->4916K(14336K) Eden: 7635K(7680K)->0K(7680K) From: 2684K(7168K)->4916K(6656K)
[2026-06-17T09:57:35.370+0800][42.886s][info][gc,heap        ] GC(1722) ParOldGen: 32132K(44032K)->33969K(44032K)
[2026-06-17T09:57:35.371+0800][42.887s][info][gc,metaspace   ] GC(1722) Metaspace: 153K(384K)->153K(384K) NonClass: 148K(256K)->148K(256K) Class: 4K(128K)->4K(128K)
[2026-06-17T09:57:35.372+0800][42.888s][info][gc             ] GC(1722) Pause Young (Allocation Failure) 41M->37M(57M) 4.218ms
[2026-06-17T09:57:35.372+0800][42.888s][info][gc,cpu         ] GC(1722) User=0.00s Sys=0.01s Real=0.01s
[2026-06-17T09:57:35.395+0800][42.911s][info][gc,start       ] GC(1723) Pause Young (Allocation Failure)
[2026-06-17T09:57:35.397+0800][42.913s][info][gc,heap        ] GC(1723) PSYoungGen: 12570K(14336K)->4133K(14336K) Eden: 7654K(7680K)->0K(7168K) From: 4916K(6656K)->4133K(7168K)
[2026-06-17T09:57:35.398+0800][42.914s][info][gc,heap        ] GC(1723) ParOldGen: 33969K(44032K)->35325K(44032K)
[2026-06-17T09:57:35.398+0800][42.914s][info][gc,metaspace   ] GC(1723) Metaspace: 153K(384K)->153K(384K) NonClass: 148K(256K)->148K(256K) Class: 4K(128K)->4K(128K)
[2026-06-17T09:57:35.399+0800][42.915s][info][gc             ] GC(1723) Pause Young (Allocation Failure) 45M->38M(57M) 4.169ms
[2026-06-17T09:57:35.399+0800][42.915s][info][gc,cpu         ] GC(1723) User=0.00s Sys=0.00s Real=0.00s
[2026-06-17T09:57:35.422+0800][42.938s][info][gc,start       ] GC(1724) Pause Young (Allocation Failure)
[2026-06-17T09:57:35.425+0800][42.941s][info][gc,heap        ] GC(1724) PSYoungGen: 11256K(14336K)->2543K(14336K) Eden: 7122K(7168K)->0K(7168K) From: 4133K(7168K)->2543K(7168K)
[2026-06-17T09:57:35.426+0800][42.942s][info][gc,heap        ] GC(1724) ParOldGen: 35325K(44032K)->37022K(44032K)
[2026-06-17T09:57:35.427+0800][42.943s][info][gc,metaspace   ] GC(1724) Metaspace: 153K(384K)->153K(384K) NonClass: 148K(256K)->148K(256K) Class: 4K(128K)->4K(128K)
[2026-06-17T09:57:35.427+0800][42.943s][info][gc             ] GC(1724) Pause Young (Allocation Failure) 45M->38M(57M) 5.014ms
[2026-06-17T09:57:35.428+0800][42.944s][info][gc,cpu         ] GC(1724) User=0.01s Sys=0.00s Real=0.01s
[2026-06-17T09:57:35.451+0800][42.967s][info][gc,start       ] GC(1725) Pause Young (Allocation Failure)
[2026-06-17T09:57:35.453+0800][42.969s][info][gc,heap        ] GC(1725) PSYoungGen: 9674K(14336K)->2371K(14848K) Eden: 7130K(7168K)->0K(7680K) From: 2543K(7168K)->2371K(7168K)
[2026-06-17T09:57:35.454+0800][42.970s][info][gc,heap        ] GC(1725) ParOldGen: 37022K(44032K)->37022K(44032K)
[2026-06-17T09:57:35.454+0800][42.970s][info][gc,metaspace   ] GC(1725) Metaspace: 153K(384K)->153K(384K) NonClass: 148K(256K)->148K(256K) Class: 4K(128K)->4K(128K)
[2026-06-17T09:57:35.455+0800][42.971s][info][gc             ] GC(1725) Pause Young (Allocation Failure) 45M->38M(57M) 4.150ms
[2026-06-17T09:57:35.456+0800][42.972s][info][gc,cpu         ] GC(1725) User=0.00s Sys=0.00s Real=0.00s
[2026-06-17T09:57:35.468+0800][42.984s][info][gc,start       ] GC(1726) Pause Young (Allocation Failure)
[2026-06-17T09:57:35.469+0800][42.985s][info][gc,heap        ] GC(1726) PSYoungGen: 9800K(14848K)->347K(14336K) Eden: 7429K(7680K)->0K(7680K) From: 2371K(7168K)->347K(6656K)
[2026-06-17T09:57:35.470+0800][42.986s][info][gc,heap        ] GC(1726) ParOldGen: 37022K(44032K)->39182K(44032K)
[2026-06-17T09:57:35.471+0800][42.987s][info][gc,metaspace   ] GC(1726) Metaspace: 153K(384K)->153K(384K) NonClass: 148K(256K)->148K(256K) Class: 4K(128K)->4K(128K)
[2026-06-17T09:57:35.471+0800][42.987s][info][gc             ] GC(1726) Pause Young (Allocation Failure) 45M->38M(57M) 3.395ms
[2026-06-17T09:57:35.472+0800][42.988s][info][gc,cpu         ] GC(1726) User=0.00s Sys=0.00s Real=0.01s
[2026-06-17T09:57:35.495+0800][43.011s][info][gc,start       ] GC(1727) Pause Young (Allocation Failure)
[2026-06-17T09:57:35.497+0800][43.013s][info][gc,heap        ] GC(1727) PSYoungGen: 8022K(14336K)->3753K(14848K) Eden: 7675K(7680K)->0K(8192K) From: 347K(6656K)->3753K(6656K)
[2026-06-17T09:57:35.498+0800][43.014s][info][gc,heap        ] GC(1727) ParOldGen: 39182K(44032K)->39505K(44032K)
[2026-06-17T09:57:35.499+0800][43.015s][info][gc,metaspace   ] GC(1727) Metaspace: 153K(384K)->153K(384K) NonClass: 148K(256K)->148K(256K) Class: 4K(128K)->4K(128K)
[2026-06-17T09:57:35.499+0800][43.015s][info][gc             ] GC(1727) Pause Young (Allocation Failure) 46M->42M(57M) 4.338ms
[2026-06-17T09:57:35.500+0800][43.016s][info][gc,cpu         ] GC(1727) User=0.00s Sys=0.00s Real=0.00s
[2026-06-17T09:57:35.523+0800][43.039s][info][gc,start       ] GC(1728) Pause Young (Allocation Failure)
[2026-06-17T09:57:35.525+0800][43.041s][info][gc,heap        ] GC(1728) PSYoungGen: 11926K(14848K)->3011K(14848K) Eden: 8172K(8192K)->0K(8192K) From: 3753K(6656K)->3011K(6656K)
[2026-06-17T09:57:35.525+0800][43.041s][info][gc,heap        ] GC(1728) ParOldGen: 39505K(44032K)->41392K(44032K)
[2026-06-17T09:57:35.526+0800][43.042s][info][gc,metaspace   ] GC(1728) Metaspace: 153K(384K)->153K(384K) NonClass: 148K(256K)->148K(256K) Class: 4K(128K)->4K(128K)
[2026-06-17T09:57:35.526+0800][43.042s][info][gc             ] GC(1728) Pause Young (Allocation Failure) 50M->43M(57M) 3.594ms
[2026-06-17T09:57:35.527+0800][43.043s][info][gc,cpu         ] GC(1728) User=0.00s Sys=0.00s Real=0.00s
[2026-06-17T09:57:35.549+0800][43.065s][info][gc,start       ] GC(1729) Pause Full (Ergonomics)
[2026-06-17T09:57:35.550+0800][43.066s][info][gc,phases,start] GC(1729) Marking Phase
[2026-06-17T09:57:35.552+0800][43.068s][info][gc,phases      ] GC(1729) Marking Phase 2.235ms
[2026-06-17T09:57:35.553+0800][43.069s][info][gc,phases,start] GC(1729) Summary Phase
[2026-06-17T09:57:35.553+0800][43.069s][info][gc,phases      ] GC(1729) Summary Phase 0.469ms
[2026-06-17T09:57:35.554+0800][43.070s][info][gc,phases,start] GC(1729) Adjust Roots
[2026-06-17T09:57:35.554+0800][43.070s][info][gc,phases      ] GC(1729) Adjust Roots 0.623ms
[2026-06-17T09:57:35.555+0800][43.071s][info][gc,phases,start] GC(1729) Compaction Phase
[2026-06-17T09:57:35.557+0800][43.073s][info][gc,phases      ] GC(1729) Compaction Phase 2.414ms
[2026-06-17T09:57:35.558+0800][43.074s][info][gc,phases,start] GC(1729) Post Compact
[2026-06-17T09:57:35.558+0800][43.074s][info][gc,phases      ] GC(1729) Post Compact 0.417ms
[2026-06-17T09:57:35.558+0800][43.074s][info][gc,heap        ] GC(1729) PSYoungGen: 11200K(14848K)->0K(14848K) Eden: 8189K(8192K)->0K(8192K) From: 3011K(6656K)->0K(6656K)
[2026-06-17T09:57:35.558+0800][43.074s][info][gc,heap        ] GC(1729) ParOldGen: 41392K(44032K)->23763K(44032K)
[2026-06-17T09:57:35.559+0800][43.075s][info][gc,metaspace   ] GC(1729) Metaspace: 153K(384K)->153K(384K) NonClass: 148K(256K)->148K(256K) Class: 4K(128K)->4K(128K)
[2026-06-17T09:57:35.559+0800][43.075s][info][gc             ] GC(1729) Pause Full (Ergonomics) 51M->23M(57M) 9.482ms
[2026-06-17T09:57:35.559+0800][43.075s][info][gc,cpu         ] GC(1729) User=0.00s Sys=0.00s Real=0.01s
[2026-06-17T09:57:35.581+0800][43.097s][info][gc,start       ] GC(1730) Pause Young (Allocation Failure)
[2026-06-17T09:57:35.583+0800][43.099s][info][gc,heap        ] GC(1730) PSYoungGen: 8186K(14848K)->4907K(14848K) Eden: 8186K(8192K)->0K(8192K) From: 0K(6656K)->4907K(6656K)
[2026-06-17T09:57:35.585+0800][43.101s][info][gc,heap        ] GC(1730) ParOldGen: 23763K(44032K)->23763K(44032K)
[2026-06-17T09:57:35.585+0800][43.101s][info][gc,metaspace   ] GC(1730) Metaspace: 153K(384K)->153K(384K) NonClass: 148K(256K)->148K(256K) Class: 4K(128K)->4K(128K)
[2026-06-17T09:57:35.586+0800][43.102s][info][gc             ] GC(1730) Pause Young (Allocation Failure) 31M->27M(57M) 5.298ms
[2026-06-17T09:57:35.586+0800][43.102s][info][gc,cpu         ] GC(1730) User=0.01s Sys=0.00s Real=0.01s
[2026-06-17T09:57:35.598+0800][43.114s][info][gc,start       ] GC(1731) Pause Young (Allocation Failure)
[2026-06-17T09:57:35.600+0800][43.116s][info][gc,heap        ] GC(1731) PSYoungGen: 12727K(14848K)->2022K(14848K) Eden: 7820K(8192K)->0K(8192K) From: 4907K(6656K)->2022K(6656K)
[2026-06-17T09:57:35.600+0800][43.116s][info][gc,heap        ] GC(1731) ParOldGen: 23763K(44032K)->27560K(44032K)
[2026-06-17T09:57:35.601+0800][43.117s][info][gc,metaspace   ] GC(1731) Metaspace: 153K(384K)->153K(384K) NonClass: 148K(256K)->148K(256K) Class: 4K(128K)->4K(128K)
[2026-06-17T09:57:35.601+0800][43.117s][info][gc             ] GC(1731) Pause Young (Allocation Failure) 35M->28M(57M) 3.362ms
[2026-06-17T09:57:35.602+0800][43.118s][info][gc,cpu         ] GC(1731) User=0.00s Sys=0.00s Real=0.00s
[2026-06-17T09:57:35.634+0800][43.150s][info][gc,start       ] GC(1732) Pause Young (Allocation Failure)
[2026-06-17T09:57:35.636+0800][43.152s][info][gc,heap        ] GC(1732) PSYoungGen: 10214K(14848K)->1237K(14848K) Eden: 8192K(8192K)->0K(8192K) From: 2022K(6656K)->1237K(6656K)
[2026-06-17T09:57:35.637+0800][43.153s][info][gc,heap        ] GC(1732) ParOldGen: 27560K(44032K)->29558K(44032K)
[2026-06-17T09:57:35.637+0800][43.153s][info][gc,metaspace   ] GC(1732) Metaspace: 153K(384K)->153K(384K) NonClass: 148K(256K)->148K(256K) Class: 4K(128K)->4K(128K)
[2026-06-17T09:57:35.638+0800][43.154s][info][gc             ] GC(1732) Pause Young (Allocation Failure) 36M->30M(57M) 3.812ms
[2026-06-17T09:57:35.639+0800][43.155s][info][gc,cpu         ] GC(1732) User=0.00s Sys=0.00s Real=0.00s
[2026-06-17T09:57:35.651+0800][43.167s][info][gc,start       ] GC(1733) Pause Young (Allocation Failure)
[2026-06-17T09:57:35.653+0800][43.169s][info][gc,heap        ] GC(1733) PSYoungGen: 9429K(14848K)->4760K(13824K) Eden: 8192K(8192K)->0K(7168K) From: 1237K(6656K)->4760K(6656K)
[2026-06-17T09:57:35.654+0800][43.170s][info][gc,heap        ] GC(1733) ParOldGen: 29558K(44032K)->30711K(44032K)
[2026-06-17T09:57:35.654+0800][43.170s][info][gc,metaspace   ] GC(1733) Metaspace: 153K(384K)->153K(384K) NonClass: 148K(256K)->148K(256K) Class: 4K(128K)->4K(128K)
[2026-06-17T09:57:35.655+0800][43.171s][info][gc             ] GC(1733) Pause Young (Allocation Failure) 38M->34M(56M) 3.704ms
[2026-06-17T09:57:35.655+0800][43.171s][info][gc,cpu         ] GC(1733) User=0.01s Sys=0.00s Real=0.00s
[2026-06-17T09:57:35.677+0800][43.193s][info][gc,start       ] GC(1734) Pause Young (Allocation Failure)
[2026-06-17T09:57:35.680+0800][43.196s][info][gc,heap        ] GC(1734) PSYoungGen: 11918K(13824K)->2687K(14336K) Eden: 7158K(7168K)->0K(7168K) From: 4760K(6656K)->2687K(7168K)
[2026-06-17T09:57:35.680+0800][43.196s][info][gc,heap        ] GC(1734) ParOldGen: 30711K(44032K)->32725K(44032K)
[2026-06-17T09:57:35.681+0800][43.197s][info][gc,metaspace   ] GC(1734) Metaspace: 153K(384K)->153K(384K) NonClass: 148K(256K)->148K(256K) Class: 4K(128K)->4K(128K)
[2026-06-17T09:57:35.682+0800][43.198s][info][gc             ] GC(1734) Pause Young (Allocation Failure) 41M->34M(57M) 4.299ms
[2026-06-17T09:57:35.682+0800][43.198s][info][gc,cpu         ] GC(1734) User=0.00s Sys=0.00s Real=0.00s
[2026-06-17T09:57:35.704+0800][43.220s][info][gc,start       ] GC(1735) Pause Young (Allocation Failure)
[2026-06-17T09:57:35.706+0800][43.222s][info][gc,heap        ] GC(1735) PSYoungGen: 9855K(14336K)->2823K(14848K) Eden: 7168K(7168K)->0K(8192K) From: 2687K(7168K)->2823K(6656K)
[2026-06-17T09:57:35.707+0800][43.223s][info][gc,heap        ] GC(1735) ParOldGen: 32725K(44032K)->32725K(44032K)
[2026-06-17T09:57:35.707+0800][43.223s][info][gc,metaspace   ] GC(1735) Metaspace: 153K(384K)->153K(384K) NonClass: 148K(256K)->148K(256K) Class: 4K(128K)->4K(128K)
[2026-06-17T09:57:35.708+0800][43.224s][info][gc             ] GC(1735) Pause Young (Allocation Failure) 41M->34M(57M) 3.444ms
[2026-06-17T09:57:35.708+0800][43.224s][info][gc,cpu         ] GC(1735) User=0.00s Sys=0.00s Real=0.00s
[2026-06-17T09:57:35.731+0800][43.247s][info][gc,start       ] GC(1736) Pause Young (Allocation Failure)
[2026-06-17T09:57:35.734+0800][43.250s][info][gc,heap        ] GC(1736) PSYoungGen: 10971K(14848K)->2164K(14848K) Eden: 8148K(8192K)->0K(8192K) From: 2823K(6656K)->2164K(6656K)
[2026-06-17T09:57:35.735+0800][43.251s][info][gc,heap        ] GC(1736) ParOldGen: 32725K(44032K)->34704K(44032K)
[2026-06-17T09:57:35.735+0800][43.251s][info][gc,metaspace   ] GC(1736) Metaspace: 153K(384K)->153K(384K) NonClass: 148K(256K)->148K(256K) Class: 4K(128K)->4K(128K)
[2026-06-17T09:57:35.736+0800][43.252s][info][gc             ] GC(1736) Pause Young (Allocation Failure) 42M->36M(57M) 4.459ms
[2026-06-17T09:57:35.736+0800][43.252s][info][gc,cpu         ] GC(1736) User=0.01s Sys=0.00s Real=0.00s
[2026-06-17T09:57:35.759+0800][43.275s][info][gc,start       ] GC(1737) Pause Young (Allocation Failure)
[2026-06-17T09:57:35.761+0800][43.277s][info][gc,heap        ] GC(1737) PSYoungGen: 10312K(14848K)->1753K(15360K) Eden: 8148K(8192K)->0K(9216K) From: 2164K(6656K)->1753K(6144K)
[2026-06-17T09:57:35.761+0800][43.277s][info][gc,heap        ] GC(1737) ParOldGen: 34704K(44032K)->36315K(44032K)
[2026-06-17T09:57:35.763+0800][43.279s][info][gc,metaspace   ] GC(1737) Metaspace: 153K(384K)->153K(384K) NonClass: 148K(256K)->148K(256K) Class: 4K(128K)->4K(128K)
[2026-06-17T09:57:35.763+0800][43.279s][info][gc             ] GC(1737) Pause Young (Allocation Failure) 43M->37M(58M) 4.564ms
[2026-06-17T09:57:35.764+0800][43.280s][info][gc,cpu         ] GC(1737) User=0.00s Sys=0.00s Real=0.01s
[2026-06-17T09:57:35.787+0800][43.303s][info][gc,start       ] GC(1738) Pause Young (Allocation Failure)
[2026-06-17T09:57:35.790+0800][43.306s][info][gc,heap        ] GC(1738) PSYoungGen: 10963K(15360K)->4591K(13824K) Eden: 9210K(9216K)->0K(9216K) From: 1753K(6144K)->4591K(4608K)
[2026-06-17T09:57:35.790+0800][43.306s][info][gc,heap        ] GC(1738) ParOldGen: 36315K(44032K)->36315K(44032K)
[2026-06-17T09:57:35.791+0800][43.307s][info][gc,metaspace   ] GC(1738) Metaspace: 153K(384K)->153K(384K) NonClass: 148K(256K)->148K(256K) Class: 4K(128K)->4K(128K)
[2026-06-17T09:57:35.792+0800][43.308s][info][gc             ] GC(1738) Pause Young (Allocation Failure) 46M->39M(56M) 4.054ms
[2026-06-17T09:57:35.792+0800][43.308s][info][gc,cpu         ] GC(1738) User=0.00s Sys=0.00s Real=0.01s
[2026-06-17T09:57:35.814+0800][43.330s][info][gc,start       ] GC(1739) Pause Young (Allocation Failure)
[2026-06-17T09:57:35.816+0800][43.332s][info][gc,heap        ] GC(1739) PSYoungGen: 13797K(13824K)->4550K(14848K) Eden: 9206K(9216K)->0K(8192K) From: 4591K(4608K)->4550K(6656K)
[2026-06-17T09:57:35.816+0800][43.333s][info][gc,heap        ] GC(1739) ParOldGen: 36315K(44032K)->38182K(44032K)
[2026-06-17T09:57:35.817+0800][43.333s][info][gc,metaspace   ] GC(1739) Metaspace: 153K(384K)->153K(384K) NonClass: 148K(256K)->148K(256K) Class: 4K(128K)->4K(128K)
[2026-06-17T09:57:35.817+0800][43.333s][info][gc             ] GC(1739) Pause Young (Allocation Failure) 48M->41M(57M) 2.519ms
[2026-06-17T09:57:35.817+0800][43.333s][info][gc,cpu         ] GC(1739) User=0.01s Sys=0.00s Real=0.00s
[2026-06-17T09:57:35.839+0800][43.355s][info][gc,start       ] GC(1740) Pause Young (Allocation Failure)
[2026-06-17T09:57:35.841+0800][43.357s][info][gc,heap        ] GC(1740) PSYoungGen: 12714K(14848K)->3881K(14848K) Eden: 8163K(8192K)->0K(8192K) From: 4550K(6656K)->3881K(6656K)
[2026-06-17T09:57:35.841+0800][43.357s][info][gc,heap        ] GC(1740) ParOldGen: 38182K(44032K)->39945K(44032K)
[2026-06-17T09:57:35.842+0800][43.358s][info][gc,metaspace   ] GC(1740) Metaspace: 153K(384K)->153K(384K) NonClass: 148K(256K)->148K(256K) Class: 4K(128K)->4K(128K)
[2026-06-17T09:57:35.842+0800][43.358s][info][gc             ] GC(1740) Pause Young (Allocation Failure) 49M->42M(57M) 3.254ms
[2026-06-17T09:57:35.842+0800][43.358s][info][gc,cpu         ] GC(1740) User=0.00s Sys=0.00s Real=0.00s
[2026-06-17T09:57:35.864+0800][43.380s][info][gc,start       ] GC(1741) Pause Young (Allocation Failure)
[2026-06-17T09:57:35.867+0800][43.383s][info][gc,heap        ] GC(1741) PSYoungGen: 12065K(14848K)->3421K(14848K) Eden: 8184K(8192K)->0K(8192K) From: 3881K(6656K)->3421K(6656K)
[2026-06-17T09:57:35.867+0800][43.383s][info][gc,heap        ] GC(1741) ParOldGen: 39945K(44032K)->41419K(44032K)
[2026-06-17T09:57:35.868+0800][43.384s][info][gc,metaspace   ] GC(1741) Metaspace: 153K(384K)->153K(384K) NonClass: 148K(256K)->148K(256K) Class: 4K(128K)->4K(128K)
[2026-06-17T09:57:35.868+0800][43.384s][info][gc             ] GC(1741) Pause Young (Allocation Failure) 50M->43M(57M) 3.801ms
[2026-06-17T09:57:35.869+0800][43.385s][info][gc,cpu         ] GC(1741) User=0.00s Sys=0.00s Real=0.00s
[2026-06-17T09:57:35.891+0800][43.407s][info][gc,start       ] GC(1742) Pause Full (Ergonomics)
[2026-06-17T09:57:35.892+0800][43.408s][info][gc,phases,start] GC(1742) Marking Phase
[2026-06-17T09:57:35.894+0800][43.410s][info][gc,phases      ] GC(1742) Marking Phase 2.048ms
[2026-06-17T09:57:35.894+0800][43.410s][info][gc,phases,start] GC(1742) Summary Phase
[2026-06-17T09:57:35.895+0800][43.411s][info][gc,phases      ] GC(1742) Summary Phase 0.689ms
[2026-06-17T09:57:35.895+0800][43.411s][info][gc,phases,start] GC(1742) Adjust Roots
[2026-06-17T09:57:35.896+0800][43.412s][info][gc,phases      ] GC(1742) Adjust Roots 0.651ms
[2026-06-17T09:57:35.896+0800][43.412s][info][gc,phases,start] GC(1742) Compaction Phase
[2026-06-17T09:57:35.899+0800][43.415s][info][gc,phases      ] GC(1742) Compaction Phase 2.718ms
[2026-06-17T09:57:35.899+0800][43.415s][info][gc,phases,start] GC(1742) Post Compact
[2026-06-17T09:57:35.900+0800][43.416s][info][gc,phases      ] GC(1742) Post Compact 0.549ms
[2026-06-17T09:57:35.900+0800][43.416s][info][gc,heap        ] GC(1742) PSYoungGen: 11578K(14848K)->0K(14848K) Eden: 8156K(8192K)->0K(8192K) From: 3421K(6656K)->0K(6656K)
[2026-06-17T09:57:35.901+0800][43.417s][info][gc,heap        ] GC(1742) ParOldGen: 41419K(44032K)->32761K(44032K)
[2026-06-17T09:57:35.901+0800][43.417s][info][gc,metaspace   ] GC(1742) Metaspace: 153K(384K)->153K(384K) NonClass: 148K(256K)->148K(256K) Class: 4K(128K)->4K(128K)
[2026-06-17T09:57:35.901+0800][43.417s][info][gc             ] GC(1742) Pause Full (Ergonomics) 51M->31M(57M) 10.296ms
[2026-06-17T09:57:35.902+0800][43.418s][info][gc,cpu         ] GC(1742) User=0.01s Sys=0.00s Real=0.00s
[2026-06-17T09:57:35.923+0800][43.439s][info][gc,start       ] GC(1743) Pause Young (Allocation Failure)
[2026-06-17T09:57:35.925+0800][43.442s][info][gc,heap        ] GC(1743) PSYoungGen: 8188K(14848K)->4819K(14848K) Eden: 8188K(8192K)->0K(8192K) From: 0K(6656K)->4819K(6656K)
[2026-06-17T09:57:35.926+0800][43.442s][info][gc,heap        ] GC(1743) ParOldGen: 32761K(44032K)->32761K(44032K)
[2026-06-17T09:57:35.927+0800][43.443s][info][gc,metaspace   ] GC(1743) Metaspace: 153K(384K)->153K(384K) NonClass: 148K(256K)->148K(256K) Class: 4K(128K)->4K(128K)
[2026-06-17T09:57:35.927+0800][43.443s][info][gc             ] GC(1743) Pause Young (Allocation Failure) 39M->36M(57M) 3.621ms
[2026-06-17T09:57:35.927+0800][43.443s][info][gc,cpu         ] GC(1743) User=0.00s Sys=0.01s Real=0.00s
[2026-06-17T09:57:35.950+0800][43.466s][info][gc,start       ] GC(1744) Pause Young (Allocation Failure)
[2026-06-17T09:57:35.952+0800][43.468s][info][gc,heap        ] GC(1744) PSYoungGen: 12984K(14848K)->2842K(14848K) Eden: 8164K(8192K)->0K(8192K) From: 4819K(6656K)->2842K(6656K)
[2026-06-17T09:57:35.953+0800][43.469s][info][gc,heap        ] GC(1744) ParOldGen: 32761K(44032K)->35937K(44032K)
[2026-06-17T09:57:35.953+0800][43.469s][info][gc,metaspace   ] GC(1744) Metaspace: 153K(384K)->153K(384K) NonClass: 148K(256K)->148K(256K) Class: 4K(128K)->4K(128K)
[2026-06-17T09:57:35.954+0800][43.470s][info][gc             ] GC(1744) Pause Young (Allocation Failure) 44M->37M(57M) 3.861ms
[2026-06-17T09:57:35.954+0800][43.470s][info][gc,cpu         ] GC(1744) User=0.00s Sys=0.00s Real=0.01s
[2026-06-17T09:57:35.977+0800][43.493s][info][gc,start       ] GC(1745) Pause Young (Allocation Failure)
[2026-06-17T09:57:35.978+0800][43.494s][info][gc,heap        ] GC(1745) PSYoungGen: 11009K(14848K)->2188K(14848K) Eden: 8166K(8192K)->0K(8192K) From: 2842K(6656K)->2188K(6656K)
[2026-06-17T09:57:35.978+0800][43.494s][info][gc,heap        ] GC(1745) ParOldGen: 35937K(44032K)->37863K(44032K)
[2026-06-17T09:57:35.978+0800][43.494s][info][gc,metaspace   ] GC(1745) Metaspace: 153K(384K)->153K(384K) NonClass: 148K(256K)->148K(256K) Class: 4K(128K)->4K(128K)
[2026-06-17T09:57:35.979+0800][43.495s][info][gc             ] GC(1745) Pause Young (Allocation Failure) 45M->39M(57M) 2.202ms
[2026-06-17T09:57:35.979+0800][43.495s][info][gc,cpu         ] GC(1745) User=0.00s Sys=0.00s Real=0.00s
[2026-06-17T09:57:36.000+0800][43.516s][info][gc,start       ] GC(1746) Pause Young (Allocation Failure)
[2026-06-17T09:57:36.001+0800][43.517s][info][gc,heap        ] GC(1746) PSYoungGen: 10330K(14848K)->1654K(14848K) Eden: 8142K(8192K)->0K(8192K) From: 2188K(6656K)->1654K(6656K)
[2026-06-17T09:57:36.001+0800][43.517s][info][gc,heap        ] GC(1746) ParOldGen: 37863K(44032K)->39872K(44032K)
[2026-06-17T09:57:36.001+0800][43.517s][info][gc,metaspace   ] GC(1746) Metaspace: 153K(384K)->153K(384K) NonClass: 148K(256K)->148K(256K) Class: 4K(128K)->4K(128K)
[2026-06-17T09:57:36.001+0800][43.517s][info][gc             ] GC(1746) Pause Young (Allocation Failure) 47M->40M(57M) 1.208ms
[2026-06-17T09:57:36.001+0800][43.517s][info][gc,cpu         ] GC(1746) User=0.00s Sys=0.00s Real=0.00s
[2026-06-17T09:57:36.022+0800][43.538s][info][gc,start       ] GC(1747) Pause Young (Allocation Failure)
[2026-06-17T09:57:36.023+0800][43.539s][info][gc,heap        ] GC(1747) PSYoungGen: 9800K(14848K)->2753K(15360K) Eden: 8145K(8192K)->0K(9216K) From: 1654K(6656K)->2753K(6144K)
[2026-06-17T09:57:36.023+0800][43.539s][info][gc,heap        ] GC(1747) ParOldGen: 39872K(44032K)->39872K(44032K)
[2026-06-17T09:57:36.024+0800][43.540s][info][gc,metaspace   ] GC(1747) Metaspace: 153K(384K)->153K(384K) NonClass: 148K(256K)->148K(256K) Class: 4K(128K)->4K(128K)
[2026-06-17T09:57:36.024+0800][43.540s][info][gc             ] GC(1747) Pause Young (Allocation Failure) 48M->41M(58M) 1.438ms
[2026-06-17T09:57:36.024+0800][43.540s][info][gc,cpu         ] GC(1747) User=0.00s Sys=0.00s Real=0.01s
[2026-06-17T09:57:36.045+0800][43.561s][info][gc,start       ] GC(1748) Pause Young (Allocation Failure)
[2026-06-17T09:57:36.046+0800][43.562s][info][gc,heap        ] GC(1748) PSYoungGen: 11969K(15360K)->2657K(15360K) Eden: 9216K(9216K)->0K(9216K) From: 2753K(6144K)->2657K(6144K)
[2026-06-17T09:57:36.046+0800][43.562s][info][gc,heap        ] GC(1748) ParOldGen: 39872K(44032K)->41874K(44032K)
[2026-06-17T09:57:36.046+0800][43.562s][info][gc,metaspace   ] GC(1748) Metaspace: 153K(384K)->153K(384K) NonClass: 148K(256K)->148K(256K) Class: 4K(128K)->4K(128K)
[2026-06-17T09:57:36.046+0800][43.562s][info][gc             ] GC(1748) Pause Young (Allocation Failure) 50M->43M(58M) 1.188ms
[2026-06-17T09:57:36.046+0800][43.562s][info][gc,cpu         ] GC(1748) User=0.00s Sys=0.00s Real=0.00s
[2026-06-17T09:57:36.068+0800][43.584s][info][gc,start       ] GC(1749) Pause Full (Ergonomics)
[2026-06-17T09:57:36.068+0800][43.584s][info][gc,phases,start] GC(1749) Marking Phase
[2026-06-17T09:57:36.069+0800][43.585s][info][gc,phases      ] GC(1749) Marking Phase 1.000ms
[2026-06-17T09:57:36.070+0800][43.586s][info][gc,phases,start] GC(1749) Summary Phase
[2026-06-17T09:57:36.070+0800][43.586s][info][gc,phases      ] GC(1749) Summary Phase 0.271ms
[2026-06-17T09:57:36.071+0800][43.587s][info][gc,phases,start] GC(1749) Adjust Roots
[2026-06-17T09:57:36.071+0800][43.587s][info][gc,phases      ] GC(1749) Adjust Roots 0.495ms
[2026-06-17T09:57:36.071+0800][43.587s][info][gc,phases,start] GC(1749) Compaction Phase
[2026-06-17T09:57:36.074+0800][43.590s][info][gc,phases      ] GC(1749) Compaction Phase 2.373ms
[2026-06-17T09:57:36.074+0800][43.590s][info][gc,phases,start] GC(1749) Post Compact
[2026-06-17T09:57:36.074+0800][43.590s][info][gc,phases      ] GC(1749) Post Compact 0.515ms
[2026-06-17T09:57:36.075+0800][43.591s][info][gc,heap        ] GC(1749) PSYoungGen: 11869K(15360K)->0K(15360K) Eden: 9211K(9216K)->0K(9216K) From: 2657K(6144K)->0K(6144K)
[2026-06-17T09:57:36.075+0800][43.591s][info][gc,heap        ] GC(1749) ParOldGen: 41874K(44032K)->26885K(44032K)
[2026-06-17T09:57:36.075+0800][43.591s][info][gc,metaspace   ] GC(1749) Metaspace: 153K(384K)->153K(384K) NonClass: 148K(256K)->148K(256K) Class: 4K(128K)->4K(128K)
[2026-06-17T09:57:36.075+0800][43.591s][info][gc             ] GC(1749) Pause Full (Ergonomics) 52M->26M(58M) 7.639ms
[2026-06-17T09:57:36.076+0800][43.592s][info][gc,cpu         ] GC(1749) User=0.00s Sys=0.00s Real=0.01s
[2026-06-17T09:57:36.097+0800][43.613s][info][gc,start       ] GC(1750) Pause Young (Allocation Failure)
[2026-06-17T09:57:36.100+0800][43.616s][info][gc,heap        ] GC(1750) PSYoungGen: 9213K(15360K)->6046K(15360K) Eden: 9213K(9216K)->0K(9216K) From: 0K(6144K)->6046K(6144K)
[2026-06-17T09:57:36.101+0800][43.617s][info][gc,heap        ] GC(1750) ParOldGen: 26885K(44032K)->26885K(44032K)
[2026-06-17T09:57:36.101+0800][43.617s][info][gc,metaspace   ] GC(1750) Metaspace: 153K(384K)->153K(384K) NonClass: 148K(256K)->148K(256K) Class: 4K(128K)->4K(128K)
[2026-06-17T09:57:36.105+0800][43.621s][info][gc             ] GC(1750) Pause Young (Allocation Failure) 35M->32M(58M) 7.349ms
[2026-06-17T09:57:36.107+0800][43.623s][info][gc,cpu         ] GC(1750) User=0.01s Sys=0.00s Real=0.01s
[2026-06-17T09:57:36.129+0800][43.645s][info][gc,start       ] GC(1751) Pause Young (Allocation Failure)
[2026-06-17T09:57:36.132+0800][43.648s][info][gc,heap        ] GC(1751) PSYoungGen: 15256K(15360K)->4801K(13312K) Eden: 9210K(9216K)->0K(7168K) From: 6046K(6144K)->4801K(6144K)
[2026-06-17T09:57:36.132+0800][43.648s][info][gc,heap        ] GC(1751) ParOldGen: 26885K(44032K)->30841K(44032K)
[2026-06-17T09:57:36.133+0800][43.649s][info][gc,metaspace   ] GC(1751) Metaspace: 153K(384K)->153K(384K) NonClass: 148K(256K)->148K(256K) Class: 4K(128K)->4K(128K)
[2026-06-17T09:57:36.133+0800][43.649s][info][gc             ] GC(1751) Pause Young (Allocation Failure) 41M->34M(56M) 4.053ms
[2026-06-17T09:57:36.134+0800][43.650s][info][gc,cpu         ] GC(1751) User=0.00s Sys=0.00s Real=0.01s
[2026-06-17T09:57:36.156+0800][43.672s][info][gc,start       ] GC(1752) Pause Young (Allocation Failure)
[2026-06-17T09:57:36.158+0800][43.674s][info][gc,heap        ] GC(1752) PSYoungGen: 11953K(13312K)->3146K(14336K) Eden: 7152K(7168K)->0K(7168K) From: 4801K(6144K)->3146K(7168K)
[2026-06-17T09:57:36.158+0800][43.674s][info][gc,heap        ] GC(1752) ParOldGen: 30841K(44032K)->32330K(44032K)
[2026-06-17T09:57:36.159+0800][43.675s][info][gc,metaspace   ] GC(1752) Metaspace: 153K(384K)->153K(384K) NonClass: 148K(256K)->148K(256K) Class: 4K(128K)->4K(128K)
[2026-06-17T09:57:36.160+0800][43.676s][info][gc             ] GC(1752) Pause Young (Allocation Failure) 41M->34M(57M) 3.723ms
[2026-06-17T09:57:36.160+0800][43.676s][info][gc,cpu         ] GC(1752) User=0.00s Sys=0.00s Real=0.00s
[2026-06-17T09:57:36.183+0800][43.699s][info][gc,start       ] GC(1753) Pause Young (Allocation Failure)
[2026-06-17T09:57:36.184+0800][43.701s][info][gc,heap        ] GC(1753) PSYoungGen: 10273K(14336K)->3378K(14848K) Eden: 7127K(7168K)->0K(8192K) From: 3146K(7168K)->3378K(6656K)
[2026-06-17T09:57:36.185+0800][43.701s][info][gc,heap        ] GC(1753) ParOldGen: 32330K(44032K)->32330K(44032K)
[2026-06-17T09:57:36.186+0800][43.702s][info][gc,metaspace   ] GC(1753) Metaspace: 153K(384K)->153K(384K) NonClass: 148K(256K)->148K(256K) Class: 4K(128K)->4K(128K)
[2026-06-17T09:57:36.186+0800][43.702s][info][gc             ] GC(1753) Pause Young (Allocation Failure) 41M->34M(57M) 3.681ms
[2026-06-17T09:57:36.187+0800][43.703s][info][gc,cpu         ] GC(1753) User=0.00s Sys=0.00s Real=0.00s
[2026-06-17T09:57:36.209+0800][43.725s][info][gc,start       ] GC(1754) Pause Young (Allocation Failure)
[2026-06-17T09:57:36.212+0800][43.728s][info][gc,heap        ] GC(1754) PSYoungGen: 11563K(14848K)->2596K(14848K) Eden: 8184K(8192K)->0K(8192K) From: 3378K(6656K)->2596K(6656K)
[2026-06-17T09:57:36.212+0800][43.728s][info][gc,heap        ] GC(1754) ParOldGen: 32330K(44032K)->34461K(44032K)
[2026-06-17T09:57:36.213+0800][43.729s][info][gc,metaspace   ] GC(1754) Metaspace: 153K(384K)->153K(384K) NonClass: 148K(256K)->148K(256K) Class: 4K(128K)->4K(128K)
[2026-06-17T09:57:36.213+0800][43.729s][info][gc             ] GC(1754) Pause Young (Allocation Failure) 42M->36M(57M) 4.197ms
[2026-06-17T09:57:36.214+0800][43.730s][info][gc,cpu         ] GC(1754) User=0.00s Sys=0.00s Real=0.01s
[2026-06-17T09:57:36.236+0800][43.752s][info][gc,start       ] GC(1755) Pause Young (Allocation Failure)
[2026-06-17T09:57:36.238+0800][43.754s][info][gc,heap        ] GC(1755) PSYoungGen: 10788K(14848K)->2106K(15360K) Eden: 8192K(8192K)->0K(9216K) From: 2596K(6656K)->2106K(6144K)
[2026-06-17T09:57:36.238+0800][43.754s][info][gc,heap        ] GC(1755) ParOldGen: 34461K(44032K)->36173K(44032K)
[2026-06-17T09:57:36.239+0800][43.755s][info][gc,metaspace   ] GC(1755) Metaspace: 153K(384K)->153K(384K) NonClass: 148K(256K)->148K(256K) Class: 4K(128K)->4K(128K)
[2026-06-17T09:57:36.239+0800][43.755s][info][gc             ] GC(1755) Pause Young (Allocation Failure) 44M->37M(58M) 3.413ms
[2026-06-17T09:57:36.240+0800][43.756s][info][gc,cpu         ] GC(1755) User=0.01s Sys=0.00s Real=0.00s
[2026-06-17T09:57:36.262+0800][43.778s][info][gc,start       ] GC(1756) Pause Young (Allocation Failure)
[2026-06-17T09:57:36.264+0800][43.780s][info][gc,heap        ] GC(1756) PSYoungGen: 11305K(15360K)->4714K(14336K) Eden: 9199K(9216K)->0K(9216K) From: 2106K(6144K)->4714K(5120K)
[2026-06-17T09:57:36.265+0800][43.781s][info][gc,heap        ] GC(1756) ParOldGen: 36173K(44032K)->36173K(44032K)
[2026-06-17T09:57:36.265+0800][43.781s][info][gc,metaspace   ] GC(1756) Metaspace: 153K(384K)->153K(384K) NonClass: 148K(256K)->148K(256K) Class: 4K(128K)->4K(128K)
[2026-06-17T09:57:36.266+0800][43.782s][info][gc             ] GC(1756) Pause Young (Allocation Failure) 46M->39M(57M) 3.859ms
[2026-06-17T09:57:36.266+0800][43.782s][info][gc,cpu         ] GC(1756) User=0.00s Sys=0.00s Real=0.01s
[2026-06-17T09:57:36.288+0800][43.804s][info][gc,start       ] GC(1757) Pause Young (Allocation Failure)
[2026-06-17T09:57:36.290+0800][43.806s][info][gc,heap        ] GC(1757) PSYoungGen: 13930K(14336K)->4980K(14848K) Eden: 9216K(9216K)->0K(8192K) From: 4714K(5120K)->4980K(6656K)
[2026-06-17T09:57:36.290+0800][43.806s][info][gc,heap        ] GC(1757) ParOldGen: 36173K(44032K)->38032K(44032K)
[2026-06-17T09:57:36.291+0800][43.807s][info][gc,metaspace   ] GC(1757) Metaspace: 153K(384K)->153K(384K) NonClass: 148K(256K)->148K(256K) Class: 4K(128K)->4K(128K)
[2026-06-17T09:57:36.291+0800][43.807s][info][gc             ] GC(1757) Pause Young (Allocation Failure) 48M->42M(57M) 2.351ms
[2026-06-17T09:57:36.291+0800][43.807s][info][gc,cpu         ] GC(1757) User=0.00s Sys=0.00s Real=0.01s
[2026-06-17T09:57:36.313+0800][43.829s][info][gc,start       ] GC(1758) Pause Young (Allocation Failure)
[2026-06-17T09:57:36.315+0800][43.831s][info][gc,heap        ] GC(1758) PSYoungGen: 13161K(14848K)->3058K(14848K) Eden: 8180K(8192K)->0K(8192K) From: 4980K(6656K)->3058K(6656K)
[2026-06-17T09:57:36.316+0800][43.832s][info][gc,heap        ] GC(1758) ParOldGen: 38032K(44032K)->41239K(44032K)
[2026-06-17T09:57:36.317+0800][43.833s][info][gc,metaspace   ] GC(1758) Metaspace: 153K(384K)->153K(384K) NonClass: 148K(256K)->148K(256K) Class: 4K(128K)->4K(128K)
[2026-06-17T09:57:36.317+0800][43.833s][info][gc             ] GC(1758) Pause Young (Allocation Failure) 49M->43M(57M) 4.111ms
[2026-06-17T09:57:36.318+0800][43.834s][info][gc,cpu         ] GC(1758) User=0.00s Sys=0.00s Real=0.00s
[2026-06-17T09:57:36.340+0800][43.856s][info][gc,start       ] GC(1759) Pause Full (Ergonomics)
[2026-06-17T09:57:36.341+0800][43.857s][info][gc,phases,start] GC(1759) Marking Phase
[2026-06-17T09:57:36.342+0800][43.858s][info][gc,phases      ] GC(1759) Marking Phase 1.622ms
[2026-06-17T09:57:36.344+0800][43.860s][info][gc,phases,start] GC(1759) Summary Phase
[2026-06-17T09:57:36.345+0800][43.861s][info][gc,phases      ] GC(1759) Summary Phase 0.671ms
[2026-06-17T09:57:36.346+0800][43.862s][info][gc,phases,start] GC(1759) Adjust Roots
[2026-06-17T09:57:36.348+0800][43.864s][info][gc,phases      ] GC(1759) Adjust Roots 2.350ms
[2026-06-17T09:57:36.350+0800][43.866s][info][gc,phases,start] GC(1759) Compaction Phase
[2026-06-17T09:57:36.352+0800][43.868s][info][gc,phases      ] GC(1759) Compaction Phase 2.094ms
[2026-06-17T09:57:36.354+0800][43.870s][info][gc,phases,start] GC(1759) Post Compact
[2026-06-17T09:57:36.355+0800][43.871s][info][gc,phases      ] GC(1759) Post Compact 0.700ms
[2026-06-17T09:57:36.356+0800][43.872s][info][gc,heap        ] GC(1759) PSYoungGen: 11249K(14848K)->0K(14848K) Eden: 8190K(8192K)->0K(8192K) From: 3058K(6656K)->0K(6656K)
[2026-06-17T09:57:36.356+0800][43.872s][info][gc,heap        ] GC(1759) ParOldGen: 41239K(44032K)->23312K(44032K)
[2026-06-17T09:57:36.358+0800][43.874s][info][gc,metaspace   ] GC(1759) Metaspace: 153K(384K)->153K(384K) NonClass: 148K(256K)->148K(256K) Class: 4K(128K)->4K(128K)
[2026-06-17T09:57:36.360+0800][43.876s][info][gc             ] GC(1759) Pause Full (Ergonomics) 51M->22M(57M) 19.813ms
[2026-06-17T09:57:36.362+0800][43.878s][info][gc,cpu         ] GC(1759) User=0.01s Sys=0.00s Real=0.02s
[2026-06-17T09:57:36.384+0800][43.900s][info][gc,start       ] GC(1760) Pause Young (Allocation Failure)
[2026-06-17T09:57:36.387+0800][43.903s][info][gc,heap        ] GC(1760) PSYoungGen: 8166K(14848K)->4616K(14848K) Eden: 8166K(8192K)->0K(8192K) From: 0K(6656K)->4616K(6656K)
[2026-06-17T09:57:36.387+0800][43.903s][info][gc,heap        ] GC(1760) ParOldGen: 23312K(44032K)->23312K(44032K)
[2026-06-17T09:57:36.388+0800][43.904s][info][gc,metaspace   ] GC(1760) Metaspace: 153K(384K)->153K(384K) NonClass: 148K(256K)->148K(256K) Class: 4K(128K)->4K(128K)
[2026-06-17T09:57:36.389+0800][43.905s][info][gc             ] GC(1760) Pause Young (Allocation Failure) 30M->27M(57M) 4.133ms
[2026-06-17T09:57:36.389+0800][43.905s][info][gc,cpu         ] GC(1760) User=0.00s Sys=0.00s Real=0.00s
[2026-06-17T09:57:36.411+0800][43.927s][info][gc,start       ] GC(1761) Pause Young (Allocation Failure)
[2026-06-17T09:57:36.413+0800][43.929s][info][gc,heap        ] GC(1761) PSYoungGen: 12778K(14848K)->3170K(14848K) Eden: 8162K(8192K)->0K(8192K) From: 4616K(6656K)->3170K(6656K)
[2026-06-17T09:57:36.414+0800][43.930s][info][gc,heap        ] GC(1761) ParOldGen: 23312K(44032K)->25919K(44032K)
[2026-06-17T09:57:36.415+0800][43.931s][info][gc,metaspace   ] GC(1761) Metaspace: 153K(384K)->153K(384K) NonClass: 148K(256K)->148K(256K) Class: 4K(128K)->4K(128K)
[2026-06-17T09:57:36.416+0800][43.932s][info][gc             ] GC(1761) Pause Young (Allocation Failure) 35M->28M(57M) 4.275ms
[2026-06-17T09:57:36.416+0800][43.932s][info][gc,cpu         ] GC(1761) User=0.00s Sys=0.00s Real=0.00s
[2026-06-17T09:57:36.439+0800][43.955s][info][gc,start       ] GC(1762) Pause Young (Allocation Failure)
[2026-06-17T09:57:36.441+0800][43.957s][info][gc,heap        ] GC(1762) PSYoungGen: 11360K(14848K)->4331K(14848K) Eden: 8190K(8192K)->0K(8192K) From: 3170K(6656K)->4331K(6656K)
[2026-06-17T09:57:36.442+0800][43.958s][info][gc,heap        ] GC(1762) ParOldGen: 25919K(44032K)->25919K(44032K)
[2026-06-17T09:57:36.443+0800][43.959s][info][gc,metaspace   ] GC(1762) Metaspace: 153K(384K)->153K(384K) NonClass: 148K(256K)->148K(256K) Class: 4K(128K)->4K(128K)
[2026-06-17T09:57:36.443+0800][43.959s][info][gc             ] GC(1762) Pause Young (Allocation Failure) 36M->29M(57M) 3.954ms
[2026-06-17T09:57:36.444+0800][43.960s][info][gc,cpu         ] GC(1762) User=0.01s Sys=0.00s Real=0.01s
[2026-06-17T09:57:36.466+0800][43.982s][info][gc,start       ] GC(1763) Pause Young (Allocation Failure)
[2026-06-17T09:57:36.469+0800][43.985s][info][gc,heap        ] GC(1763) PSYoungGen: 12502K(14848K)->3805K(15360K) Eden: 8171K(8192K)->0K(8704K) From: 4331K(6656K)->3805K(6656K)
[2026-06-17T09:57:36.470+0800][43.986s][info][gc,heap        ] GC(1763) ParOldGen: 25919K(44032K)->27639K(44032K)
[2026-06-17T09:57:36.470+0800][43.986s][info][gc,metaspace   ] GC(1763) Metaspace: 153K(384K)->153K(384K) NonClass: 148K(256K)->148K(256K) Class: 4K(128K)->4K(128K)
[2026-06-17T09:57:36.471+0800][43.987s][info][gc             ] GC(1763) Pause Young (Allocation Failure) 37M->30M(58M) 4.439ms
[2026-06-17T09:57:36.471+0800][43.987s][info][gc,cpu         ] GC(1763) User=0.00s Sys=0.00s Real=0.01s
[2026-06-17T09:57:36.495+0800][44.011s][info][gc,start       ] GC(1764) Pause Young (Allocation Failure)
[2026-06-17T09:57:36.497+0800][44.013s][info][gc,heap        ] GC(1764) PSYoungGen: 12509K(15360K)->3486K(14848K) Eden: 8704K(8704K)->0K(8704K) From: 3805K(6656K)->3486K(6144K)
[2026-06-17T09:57:36.498+0800][44.014s][info][gc,heap        ] GC(1764) ParOldGen: 27639K(44032K)->29467K(44032K)
[2026-06-17T09:57:36.498+0800][44.014s][info][gc,metaspace   ] GC(1764) Metaspace: 153K(384K)->153K(384K) NonClass: 148K(256K)->148K(256K) Class: 4K(128K)->4K(128K)
[2026-06-17T09:57:36.499+0800][44.015s][info][gc             ] GC(1764) Pause Young (Allocation Failure) 39M->32M(57M) 4.429ms
[2026-06-17T09:57:36.500+0800][44.016s][info][gc,cpu         ] GC(1764) User=0.00s Sys=0.00s Real=0.00s
[2026-06-17T09:57:36.522+0800][44.038s][info][gc,start       ] GC(1765) Pause Young (Allocation Failure)
[2026-06-17T09:57:36.524+0800][44.040s][info][gc,heap        ] GC(1765) PSYoungGen: 12147K(14848K)->4797K(15360K) Eden: 8660K(8704K)->0K(9216K) From: 3486K(6144K)->4797K(6144K)
[2026-06-17T09:57:36.524+0800][44.040s][info][gc,heap        ] GC(1765) ParOldGen: 29467K(44032K)->29467K(44032K)
[2026-06-17T09:57:36.525+0800][44.041s][info][gc,metaspace   ] GC(1765) Metaspace: 153K(384K)->153K(384K) NonClass: 148K(256K)->148K(256K) Class: 4K(128K)->4K(128K)
[2026-06-17T09:57:36.525+0800][44.041s][info][gc             ] GC(1765) Pause Young (Allocation Failure) 40M->33M(58M) 2.975ms
[2026-06-17T09:57:36.526+0800][44.042s][info][gc,cpu         ] GC(1765) User=0.00s Sys=0.00s Real=0.01s
[2026-06-17T09:57:36.547+0800][44.063s][info][gc,start       ] GC(1766) Pause Young (Allocation Failure)
[2026-06-17T09:57:36.550+0800][44.066s][info][gc,heap        ] GC(1766) PSYoungGen: 13978K(15360K)->4376K(15360K) Eden: 9181K(9216K)->0K(9216K) From: 4797K(6144K)->4376K(6144K)
[2026-06-17T09:57:36.550+0800][44.066s][info][gc,heap        ] GC(1766) ParOldGen: 29467K(44032K)->31585K(44032K)
[2026-06-17T09:57:36.551+0800][44.067s][info][gc,metaspace   ] GC(1766) Metaspace: 153K(384K)->153K(384K) NonClass: 148K(256K)->148K(256K) Class: 4K(128K)->4K(128K)
[2026-06-17T09:57:36.552+0800][44.068s][info][gc             ] GC(1766) Pause Young (Allocation Failure) 42M->35M(58M) 4.060ms
[2026-06-17T09:57:36.552+0800][44.068s][info][gc,cpu         ] GC(1766) User=0.00s Sys=0.00s Real=0.01s
[2026-06-17T09:57:36.575+0800][44.091s][info][gc,start       ] GC(1767) Pause Young (Allocation Failure)
[2026-06-17T09:57:36.577+0800][44.093s][info][gc,heap        ] GC(1767) PSYoungGen: 13332K(15360K)->32K(14336K) Eden: 8955K(9216K)->0K(8192K) From: 4376K(6144K)->32K(6144K)
[2026-06-17T09:57:36.579+0800][44.095s][info][gc,heap        ] GC(1767) ParOldGen: 31585K(44032K)->34640K(44032K)
[2026-06-17T09:57:36.581+0800][44.097s][info][gc,metaspace   ] GC(1767) Metaspace: 153K(384K)->153K(384K) NonClass: 148K(256K)->148K(256K) Class: 4K(128K)->4K(128K)
[2026-06-17T09:57:36.582+0800][44.098s][info][gc             ] GC(1767) Pause Young (Allocation Failure) 43M->33M(57M) 7.633ms
[2026-06-17T09:57:36.584+0800][44.100s][info][gc,cpu         ] GC(1767) User=0.00s Sys=0.00s Real=0.01s
[2026-06-17T09:57:36.608+0800][44.124s][info][gc,start       ] GC(1768) Pause Young (Allocation Failure)
[2026-06-17T09:57:36.612+0800][44.128s][info][gc,heap        ] GC(1768) PSYoungGen: 8207K(14336K)->4714K(13312K) Eden: 8175K(8192K)->0K(8192K) From: 32K(6144K)->4714K(5120K)
[2026-06-17T09:57:36.615+0800][44.131s][info][gc,heap        ] GC(1768) ParOldGen: 34640K(44032K)->34648K(44032K)
[2026-06-17T09:57:36.616+0800][44.132s][info][gc,metaspace   ] GC(1768) Metaspace: 153K(384K)->153K(384K) NonClass: 148K(256K)->148K(256K) Class: 4K(128K)->4K(128K)
[2026-06-17T09:57:36.618+0800][44.134s][info][gc             ] GC(1768) Pause Young (Allocation Failure) 41M->38M(56M) 9.803ms
[2026-06-17T09:57:36.619+0800][44.135s][info][gc,cpu         ] GC(1768) User=0.00s Sys=0.01s Real=0.01s
[2026-06-17T09:57:36.643+0800][44.159s][info][gc,start       ] GC(1769) Pause Young (Allocation Failure)
[2026-06-17T09:57:36.646+0800][44.162s][info][gc,heap        ] GC(1769) PSYoungGen: 12896K(13312K)->4248K(14848K) Eden: 8182K(8192K)->0K(7680K) From: 4714K(5120K)->4248K(7168K)
[2026-06-17T09:57:36.647+0800][44.163s][info][gc,heap        ] GC(1769) ParOldGen: 34648K(44032K)->36383K(44032K)
[2026-06-17T09:57:36.647+0800][44.163s][info][gc,metaspace   ] GC(1769) Metaspace: 153K(384K)->153K(384K) NonClass: 148K(256K)->148K(256K) Class: 4K(128K)->4K(128K)
[2026-06-17T09:57:36.648+0800][44.164s][info][gc             ] GC(1769) Pause Young (Allocation Failure) 46M->39M(57M) 4.665ms
[2026-06-17T09:57:36.649+0800][44.165s][info][gc,cpu         ] GC(1769) User=0.00s Sys=0.00s Real=0.00s
[2026-06-17T09:57:36.671+0800][44.188s][info][gc,start       ] GC(1770) Pause Young (Allocation Failure)
[2026-06-17T09:57:36.674+0800][44.190s][info][gc,heap        ] GC(1770) PSYoungGen: 11925K(14848K)->3078K(14336K) Eden: 7676K(7680K)->0K(7680K) From: 4248K(7168K)->3078K(6656K)
[2026-06-17T09:57:36.675+0800][44.191s][info][gc,heap        ] GC(1770) ParOldGen: 36383K(44032K)->38613K(44032K)
[2026-06-17T09:57:36.675+0800][44.191s][info][gc,metaspace   ] GC(1770) Metaspace: 153K(384K)->153K(384K) NonClass: 148K(256K)->148K(256K) Class: 4K(128K)->4K(128K)
[2026-06-17T09:57:36.676+0800][44.192s][info][gc             ] GC(1770) Pause Young (Allocation Failure) 47M->40M(57M) 4.443ms
[2026-06-17T09:57:36.677+0800][44.193s][info][gc,cpu         ] GC(1770) User=0.00s Sys=0.00s Real=0.00s
[2026-06-17T09:57:36.699+0800][44.215s][info][gc,start       ] GC(1771) Pause Young (Allocation Failure)
[2026-06-17T09:57:36.702+0800][44.218s][info][gc,heap        ] GC(1771) PSYoungGen: 10740K(14336K)->3667K(14848K) Eden: 7662K(7680K)->0K(8192K) From: 3078K(6656K)->3667K(6656K)
[2026-06-17T09:57:36.702+0800][44.218s][info][gc,heap        ] GC(1771) ParOldGen: 38613K(44032K)->38613K(44032K)
[2026-06-17T09:57:36.703+0800][44.219s][info][gc,metaspace   ] GC(1771) Metaspace: 153K(384K)->153K(384K) NonClass: 148K(256K)->148K(256K) Class: 4K(128K)->4K(128K)
[2026-06-17T09:57:36.704+0800][44.220s][info][gc             ] GC(1771) Pause Young (Allocation Failure) 48M->41M(57M) 4.115ms
[2026-06-17T09:57:36.704+0800][44.220s][info][gc,cpu         ] GC(1771) User=0.00s Sys=0.00s Real=0.01s
[2026-06-17T09:57:36.726+0800][44.242s][info][gc,start       ] GC(1772) Pause Young (Allocation Failure)
[2026-06-17T09:57:36.728+0800][44.244s][info][gc,heap        ] GC(1772) PSYoungGen: 11820K(14848K)->2794K(14848K) Eden: 8152K(8192K)->0K(8192K) From: 3667K(6656K)->2794K(6656K)
[2026-06-17T09:57:36.729+0800][44.245s][info][gc,heap        ] GC(1772) ParOldGen: 38613K(44032K)->40658K(44032K)
[2026-06-17T09:57:36.730+0800][44.246s][info][gc,metaspace   ] GC(1772) Metaspace: 153K(384K)->153K(384K) NonClass: 148K(256K)->148K(256K) Class: 4K(128K)->4K(128K)
[2026-06-17T09:57:36.730+0800][44.246s][info][gc             ] GC(1772) Pause Young (Allocation Failure) 49M->42M(57M) 3.849ms
[2026-06-17T09:57:36.731+0800][44.247s][info][gc,cpu         ] GC(1772) User=0.01s Sys=0.00s Real=0.01s
[2026-06-17T09:57:36.753+0800][44.269s][info][gc,start       ] GC(1773) Pause Full (Ergonomics)
[2026-06-17T09:57:36.754+0800][44.270s][info][gc,phases,start] GC(1773) Marking Phase
[2026-06-17T09:57:36.757+0800][44.273s][info][gc,phases      ] GC(1773) Marking Phase 2.671ms
[2026-06-17T09:57:36.757+0800][44.273s][info][gc,phases,start] GC(1773) Summary Phase
[2026-06-17T09:57:36.758+0800][44.274s][info][gc,phases      ] GC(1773) Summary Phase 0.464ms
[2026-06-17T09:57:36.758+0800][44.274s][info][gc,phases,start] GC(1773) Adjust Roots
[2026-06-17T09:57:36.759+0800][44.275s][info][gc,phases      ] GC(1773) Adjust Roots 0.848ms
[2026-06-17T09:57:36.760+0800][44.276s][info][gc,phases,start] GC(1773) Compaction Phase
[2026-06-17T09:57:36.763+0800][44.279s][info][gc,phases      ] GC(1773) Compaction Phase 2.906ms
[2026-06-17T09:57:36.763+0800][44.279s][info][gc,phases,start] GC(1773) Post Compact
[2026-06-17T09:57:36.763+0800][44.279s][info][gc,phases      ] GC(1773) Post Compact 0.463ms
[2026-06-17T09:57:36.764+0800][44.280s][info][gc,heap        ] GC(1773) PSYoungGen: 10952K(14848K)->0K(15360K) Eden: 8157K(8192K)->0K(9216K) From: 2794K(6656K)->0K(6144K)
[2026-06-17T09:57:36.764+0800][44.280s][info][gc,heap        ] GC(1773) ParOldGen: 40658K(44032K)->32028K(44032K)
[2026-06-17T09:57:36.764+0800][44.280s][info][gc,metaspace   ] GC(1773) Metaspace: 153K(384K)->153K(384K) NonClass: 148K(256K)->148K(256K) Class: 4K(128K)->4K(128K)
[2026-06-17T09:57:36.764+0800][44.280s][info][gc             ] GC(1773) Pause Full (Ergonomics) 50M->31M(58M) 10.986ms
[2026-06-17T09:57:36.765+0800][44.281s][info][gc,cpu         ] GC(1773) User=0.00s Sys=0.00s Real=0.01s
[2026-06-17T09:57:36.786+0800][44.302s][info][gc,start       ] GC(1774) Pause Young (Allocation Failure)
[2026-06-17T09:57:36.788+0800][44.304s][info][gc,heap        ] GC(1774) PSYoungGen: 9198K(15360K)->5916K(15360K) Eden: 9198K(9216K)->0K(9216K) From: 0K(6144K)->5916K(6144K)
[2026-06-17T09:57:36.790+0800][44.306s][info][gc,heap        ] GC(1774) ParOldGen: 32028K(44032K)->32028K(44032K)
[2026-06-17T09:57:36.790+0800][44.306s][info][gc,metaspace   ] GC(1774) Metaspace: 153K(384K)->153K(384K) NonClass: 148K(256K)->148K(256K) Class: 4K(128K)->4K(128K)
[2026-06-17T09:57:36.791+0800][44.307s][info][gc             ] GC(1774) Pause Young (Allocation Failure) 40M->37M(58M) 4.343ms
[2026-06-17T09:57:36.791+0800][44.307s][info][gc,cpu         ] GC(1774) User=0.01s Sys=0.00s Real=0.01s
[2026-06-17T09:57:36.803+0800][44.319s][info][gc,start       ] GC(1775) Pause Young (Allocation Failure)
[2026-06-17T09:57:36.805+0800][44.321s][info][gc,heap        ] GC(1775) PSYoungGen: 15004K(15360K)->2132K(14336K) Eden: 9087K(9216K)->0K(8192K) From: 5916K(6144K)->2132K(6144K)
[2026-06-17T09:57:36.806+0800][44.322s][info][gc,heap        ] GC(1775) ParOldGen: 32028K(44032K)->37901K(44032K)
[2026-06-17T09:57:36.806+0800][44.322s][info][gc,metaspace   ] GC(1775) Metaspace: 153K(384K)->153K(384K) NonClass: 148K(256K)->148K(256K) Class: 4K(128K)->4K(128K)
[2026-06-17T09:57:36.806+0800][44.322s][info][gc             ] GC(1775) Pause Young (Allocation Failure) 45M->39M(57M) 3.402ms
[2026-06-17T09:57:36.807+0800][44.323s][info][gc,cpu         ] GC(1775) User=0.00s Sys=0.00s Real=0.00s
[2026-06-17T09:57:36.839+0800][44.355s][info][gc,start       ] GC(1776) Pause Young (Allocation Failure)
[2026-06-17T09:57:36.840+0800][44.356s][info][gc,heap        ] GC(1776) PSYoungGen: 10304K(14336K)->1328K(9728K) Eden: 8172K(8192K)->0K(8192K) From: 2132K(6144K)->1328K(1536K)
[2026-06-17T09:57:36.841+0800][44.357s][info][gc,heap        ] GC(1776) ParOldGen: 37901K(44032K)->40009K(44032K)
[2026-06-17T09:57:36.841+0800][44.357s][info][gc,metaspace   ] GC(1776) Metaspace: 153K(384K)->153K(384K) NonClass: 148K(256K)->148K(256K) Class: 4K(128K)->4K(128K)
[2026-06-17T09:57:36.842+0800][44.358s][info][gc             ] GC(1776) Pause Young (Allocation Failure) 47M->40M(52M) 2.747ms
[2026-06-17T09:57:36.842+0800][44.358s][info][gc,cpu         ] GC(1776) User=0.00s Sys=0.00s Real=0.00s
[2026-06-17T09:57:36.864+0800][44.380s][info][gc,start       ] GC(1777) Pause Full (Ergonomics)
[2026-06-17T09:57:36.865+0800][44.381s][info][gc,phases,start] GC(1777) Marking Phase
[2026-06-17T09:57:36.867+0800][44.383s][info][gc,phases      ] GC(1777) Marking Phase 2.702ms
[2026-06-17T09:57:36.868+0800][44.384s][info][gc,phases,start] GC(1777) Summary Phase
[2026-06-17T09:57:36.869+0800][44.385s][info][gc,phases      ] GC(1777) Summary Phase 0.489ms
[2026-06-17T09:57:36.869+0800][44.385s][info][gc,phases,start] GC(1777) Adjust Roots
[2026-06-17T09:57:36.870+0800][44.386s][info][gc,phases      ] GC(1777) Adjust Roots 0.690ms
[2026-06-17T09:57:36.871+0800][44.387s][info][gc,phases,start] GC(1777) Compaction Phase
[2026-06-17T09:57:36.873+0800][44.389s][info][gc,phases      ] GC(1777) Compaction Phase 2.408ms
[2026-06-17T09:57:36.873+0800][44.389s][info][gc,phases,start] GC(1777) Post Compact
[2026-06-17T09:57:36.874+0800][44.390s][info][gc,phases      ] GC(1777) Post Compact 0.539ms
[2026-06-17T09:57:36.874+0800][44.390s][info][gc,heap        ] GC(1777) PSYoungGen: 9518K(9728K)->0K(14336K) Eden: 8189K(8192K)->0K(7168K) From: 1328K(1536K)->0K(7168K)
[2026-06-17T09:57:36.875+0800][44.391s][info][gc,heap        ] GC(1777) ParOldGen: 40009K(44032K)->29078K(44032K)
[2026-06-17T09:57:36.875+0800][44.391s][info][gc,metaspace   ] GC(1777) Metaspace: 153K(384K)->153K(384K) NonClass: 148K(256K)->148K(256K) Class: 4K(128K)->4K(128K)
[2026-06-17T09:57:36.875+0800][44.391s][info][gc             ] GC(1777) Pause Full (Ergonomics) 48M->28M(57M) 10.866ms
[2026-06-17T09:57:36.875+0800][44.391s][info][gc,cpu         ] GC(1777) User=0.00s Sys=0.00s Real=0.01s
[2026-06-17T09:57:36.886+0800][44.402s][info][gc,start       ] GC(1778) Pause Young (Allocation Failure)
[2026-06-17T09:57:36.887+0800][44.404s][info][gc,heap        ] GC(1778) PSYoungGen: 6799K(14336K)->3058K(14336K) Eden: 6799K(7168K)->0K(7168K) From: 0K(7168K)->3058K(7168K)
[2026-06-17T09:57:36.888+0800][44.404s][info][gc,heap        ] GC(1778) ParOldGen: 29078K(44032K)->29078K(44032K)
[2026-06-17T09:57:36.888+0800][44.404s][info][gc,metaspace   ] GC(1778) Metaspace: 153K(384K)->153K(384K) NonClass: 148K(256K)->148K(256K) Class: 4K(128K)->4K(128K)
[2026-06-17T09:57:36.889+0800][44.405s][info][gc             ] GC(1778) Pause Young (Allocation Failure) 35M->31M(57M) 2.162ms
[2026-06-17T09:57:36.889+0800][44.405s][info][gc,cpu         ] GC(1778) User=0.00s Sys=0.00s Real=0.00s
[2026-06-17T09:57:36.910+0800][44.426s][info][gc,start       ] GC(1779) Pause Young (Allocation Failure)
[2026-06-17T09:57:36.912+0800][44.428s][info][gc,heap        ] GC(1779) PSYoungGen: 10202K(14336K)->6385K(13824K) Eden: 7144K(7168K)->0K(7168K) From: 3058K(7168K)->6385K(6656K)
[2026-06-17T09:57:36.912+0800][44.428s][info][gc,heap        ] GC(1779) ParOldGen: 29078K(44032K)->29446K(44032K)
[2026-06-17T09:57:36.912+0800][44.428s][info][gc,metaspace   ] GC(1779) Metaspace: 153K(384K)->153K(384K) NonClass: 148K(256K)->148K(256K) Class: 4K(128K)->4K(128K)
[2026-06-17T09:57:36.912+0800][44.428s][info][gc             ] GC(1779) Pause Young (Allocation Failure) 38M->34M(56M) 2.213ms
[2026-06-17T09:57:36.913+0800][44.429s][info][gc,cpu         ] GC(1779) User=0.00s Sys=0.00s Real=0.01s
[2026-06-17T09:57:36.925+0800][44.441s][info][gc,start       ] GC(1780) Pause Young (Allocation Failure)
[2026-06-17T09:57:36.927+0800][44.443s][info][gc,heap        ] GC(1780) PSYoungGen: 13279K(13824K)->1651K(14336K) Eden: 6893K(7168K)->0K(7168K) From: 6385K(6656K)->1651K(7168K)
[2026-06-17T09:57:36.927+0800][44.443s][info][gc,heap        ] GC(1780) ParOldGen: 29446K(44032K)->34520K(44032K)
[2026-06-17T09:57:36.928+0800][44.444s][info][gc,metaspace   ] GC(1780) Metaspace: 153K(384K)->153K(384K) NonClass: 148K(256K)->148K(256K) Class: 4K(128K)->4K(128K)
[2026-06-17T09:57:36.928+0800][44.444s][info][gc             ] GC(1780) Pause Young (Allocation Failure) 41M->35M(57M) 3.102ms
[2026-06-17T09:57:36.928+0800][44.444s][info][gc,cpu         ] GC(1780) User=0.00s Sys=0.00s Real=0.00s
[2026-06-17T09:57:36.950+0800][44.466s][info][gc,start       ] GC(1781) Pause Young (Allocation Failure)
[2026-06-17T09:57:36.952+0800][44.468s][info][gc,heap        ] GC(1781) PSYoungGen: 8793K(14336K)->3605K(14336K) Eden: 7142K(7168K)->0K(7168K) From: 1651K(7168K)->3605K(7168K)
[2026-06-17T09:57:36.952+0800][44.468s][info][gc,heap        ] GC(1781) ParOldGen: 34520K(44032K)->36147K(44032K)
[2026-06-17T09:57:36.952+0800][44.468s][info][gc,metaspace   ] GC(1781) Metaspace: 153K(384K)->153K(384K) NonClass: 148K(256K)->148K(256K) Class: 4K(128K)->4K(128K)
[2026-06-17T09:57:36.953+0800][44.469s][info][gc             ] GC(1781) Pause Young (Allocation Failure) 42M->38M(57M) 2.409ms
[2026-06-17T09:57:36.953+0800][44.469s][info][gc,cpu         ] GC(1781) User=0.01s Sys=0.00s Real=0.01s
[2026-06-17T09:57:36.975+0800][44.491s][info][gc,start       ] GC(1782) Pause Young (Allocation Failure)
[2026-06-17T09:57:36.977+0800][44.493s][info][gc,heap        ] GC(1782) PSYoungGen: 10757K(14336K)->3849K(14336K) Eden: 7152K(7168K)->0K(7168K) From: 3605K(7168K)->3849K(7168K)
[2026-06-17T09:57:36.977+0800][44.493s][info][gc,heap        ] GC(1782) ParOldGen: 36147K(44032K)->36434K(44032K)
[2026-06-17T09:57:36.978+0800][44.494s][info][gc,metaspace   ] GC(1782) Metaspace: 153K(384K)->153K(384K) NonClass: 148K(256K)->148K(256K) Class: 4K(128K)->4K(128K)
[2026-06-17T09:57:36.978+0800][44.494s][info][gc             ] GC(1782) Pause Young (Allocation Failure) 45M->39M(57M) 3.339ms
[2026-06-17T09:57:36.979+0800][44.495s][info][gc,cpu         ] GC(1782) User=0.00s Sys=0.00s Real=0.00s
[2026-06-17T09:57:37.000+0800][44.516s][info][gc,start       ] GC(1783) Pause Young (Allocation Failure)
[2026-06-17T09:57:37.002+0800][44.518s][info][gc,heap        ] GC(1783) PSYoungGen: 10977K(14336K)->1765K(14336K) Eden: 7127K(7168K)->0K(7168K) From: 3849K(7168K)->1765K(7168K)
[2026-06-17T09:57:37.003+0800][44.519s][info][gc,heap        ] GC(1783) ParOldGen: 36434K(44032K)->38584K(44032K)
[2026-06-17T09:57:37.003+0800][44.519s][info][gc,metaspace   ] GC(1783) Metaspace: 153K(384K)->153K(384K) NonClass: 148K(256K)->148K(256K) Class: 4K(128K)->4K(128K)
[2026-06-17T09:57:37.003+0800][44.519s][info][gc             ] GC(1783) Pause Young (Allocation Failure) 46M->39M(57M) 2.945ms
[2026-06-17T09:57:37.004+0800][44.520s][info][gc,cpu         ] GC(1783) User=0.00s Sys=0.00s Real=0.01s
[2026-06-17T09:57:37.015+0800][44.531s][info][gc,start       ] GC(1784) Pause Young (Allocation Failure)
[2026-06-17T09:57:37.017+0800][44.533s][info][gc,heap        ] GC(1784) PSYoungGen: 8921K(14336K)->5765K(14336K) Eden: 7155K(7168K)->0K(7168K) From: 1765K(7168K)->5765K(7168K)
[2026-06-17T09:57:37.017+0800][44.533s][info][gc,heap        ] GC(1784) ParOldGen: 38584K(44032K)->38584K(44032K)
[2026-06-17T09:57:37.018+0800][44.534s][info][gc,metaspace   ] GC(1784) Metaspace: 153K(384K)->153K(384K) NonClass: 148K(256K)->148K(256K) Class: 4K(128K)->4K(128K)
[2026-06-17T09:57:37.018+0800][44.534s][info][gc             ] GC(1784) Pause Young (Allocation Failure) 46M->43M(57M) 2.855ms
[2026-06-17T09:57:37.019+0800][44.535s][info][gc,cpu         ] GC(1784) User=0.01s Sys=0.00s Real=0.00s
[2026-06-17T09:57:37.040+0800][44.556s][info][gc,start       ] GC(1785) Pause Young (Allocation Failure)
[2026-06-17T09:57:37.043+0800][44.559s][info][gc,heap        ] GC(1785) PSYoungGen: 12898K(14336K)->3007K(14336K) Eden: 7133K(7168K)->0K(7168K) From: 5765K(7168K)->3007K(7168K)
[2026-06-17T09:57:37.043+0800][44.559s][info][gc,heap        ] GC(1785) ParOldGen: 38584K(44032K)->41597K(44032K)
[2026-06-17T09:57:37.044+0800][44.560s][info][gc,metaspace   ] GC(1785) Metaspace: 153K(384K)->153K(384K) NonClass: 148K(256K)->148K(256K) Class: 4K(128K)->4K(128K)
[2026-06-17T09:57:37.044+0800][44.560s][info][gc             ] GC(1785) Pause Young (Allocation Failure) 50M->43M(57M) 3.679ms
[2026-06-17T09:57:37.044+0800][44.560s][info][gc,cpu         ] GC(1785) User=0.00s Sys=0.00s Real=0.01s
[2026-06-17T09:57:37.066+0800][44.582s][info][gc,start       ] GC(1786) Pause Full (Ergonomics)
[2026-06-17T09:57:37.067+0800][44.583s][info][gc,phases,start] GC(1786) Marking Phase
[2026-06-17T09:57:37.068+0800][44.584s][info][gc,phases      ] GC(1786) Marking Phase 1.898ms
[2026-06-17T09:57:37.069+0800][44.585s][info][gc,phases,start] GC(1786) Summary Phase
[2026-06-17T09:57:37.069+0800][44.585s][info][gc,phases      ] GC(1786) Summary Phase 0.294ms
[2026-06-17T09:57:37.069+0800][44.585s][info][gc,phases,start] GC(1786) Adjust Roots
[2026-06-17T09:57:37.070+0800][44.586s][info][gc,phases      ] GC(1786) Adjust Roots 0.530ms
[2026-06-17T09:57:37.071+0800][44.587s][info][gc,phases,start] GC(1786) Compaction Phase
[2026-06-17T09:57:37.073+0800][44.589s][info][gc,phases      ] GC(1786) Compaction Phase 2.248ms
[2026-06-17T09:57:37.073+0800][44.589s][info][gc,phases,start] GC(1786) Post Compact
[2026-06-17T09:57:37.074+0800][44.590s][info][gc,phases      ] GC(1786) Post Compact 0.724ms
[2026-06-17T09:57:37.074+0800][44.590s][info][gc,heap        ] GC(1786) PSYoungGen: 10162K(14336K)->0K(14336K) Eden: 7155K(7168K)->0K(7168K) From: 3007K(7168K)->0K(7168K)
[2026-06-17T09:57:37.074+0800][44.590s][info][gc,heap        ] GC(1786) ParOldGen: 41597K(44032K)->31725K(44032K)
[2026-06-17T09:57:37.075+0800][44.591s][info][gc,metaspace   ] GC(1786) Metaspace: 153K(384K)->153K(384K) NonClass: 148K(256K)->148K(256K) Class: 4K(128K)->4K(128K)
[2026-06-17T09:57:37.075+0800][44.591s][info][gc             ] GC(1786) Pause Full (Ergonomics) 50M->30M(57M) 8.719ms
[2026-06-17T09:57:37.075+0800][44.591s][info][gc,cpu         ] GC(1786) User=0.01s Sys=0.00s Real=0.01s
[2026-06-17T09:57:37.086+0800][44.602s][info][gc,start       ] GC(1787) Pause Young (Allocation Failure)
[2026-06-17T09:57:37.087+0800][44.603s][info][gc,heap        ] GC(1787) PSYoungGen: 7078K(14336K)->3721K(14336K) Eden: 7078K(7168K)->0K(7168K) From: 0K(7168K)->3721K(7168K)
[2026-06-17T09:57:37.088+0800][44.604s][info][gc,heap        ] GC(1787) ParOldGen: 31725K(44032K)->31725K(44032K)
[2026-06-17T09:57:37.088+0800][44.604s][info][gc,metaspace   ] GC(1787) Metaspace: 153K(384K)->153K(384K) NonClass: 148K(256K)->148K(256K) Class: 4K(128K)->4K(128K)
[2026-06-17T09:57:37.089+0800][44.605s][info][gc             ] GC(1787) Pause Young (Allocation Failure) 37M->34M(57M) 2.695ms
[2026-06-17T09:57:37.089+0800][44.605s][info][gc,cpu         ] GC(1787) User=0.00s Sys=0.00s Real=0.00s
[2026-06-17T09:57:37.111+0800][44.627s][info][gc,start       ] GC(1788) Pause Young (Allocation Failure)
[2026-06-17T09:57:37.113+0800][44.629s][info][gc,heap        ] GC(1788) PSYoungGen: 10871K(14336K)->3488K(14336K) Eden: 7149K(7168K)->0K(7168K) From: 3721K(7168K)->3488K(7168K)
[2026-06-17T09:57:37.114+0800][44.630s][info][gc,heap        ] GC(1788) ParOldGen: 31725K(44032K)->35393K(44032K)
[2026-06-17T09:57:37.114+0800][44.630s][info][gc,metaspace   ] GC(1788) Metaspace: 153K(384K)->153K(384K) NonClass: 148K(256K)->148K(256K) Class: 4K(128K)->4K(128K)
[2026-06-17T09:57:37.114+0800][44.630s][info][gc             ] GC(1788) Pause Young (Allocation Failure) 41M->37M(57M) 3.547ms
[2026-06-17T09:57:37.115+0800][44.631s][info][gc,cpu         ] GC(1788) User=0.00s Sys=0.00s Real=0.00s
[2026-06-17T09:57:37.137+0800][44.653s][info][gc,start       ] GC(1789) Pause Young (Allocation Failure)
[2026-06-17T09:57:37.139+0800][44.655s][info][gc,heap        ] GC(1789) PSYoungGen: 10656K(14336K)->3043K(14848K) Eden: 7168K(7168K)->0K(8192K) From: 3488K(7168K)->3043K(6656K)
[2026-06-17T09:57:37.140+0800][44.656s][info][gc,heap        ] GC(1789) ParOldGen: 35393K(44032K)->35773K(44032K)
[2026-06-17T09:57:37.141+0800][44.657s][info][gc,metaspace   ] GC(1789) Metaspace: 153K(384K)->153K(384K) NonClass: 148K(256K)->148K(256K) Class: 4K(128K)->4K(128K)
[2026-06-17T09:57:37.148+0800][44.664s][info][gc             ] GC(1789) Pause Young (Allocation Failure) 44M->37M(57M) 10.781ms
[2026-06-17T09:57:37.148+0800][44.664s][info][gc,cpu         ] GC(1789) User=0.00s Sys=0.00s Real=0.01s
[2026-06-17T09:57:37.171+0800][44.687s][info][gc,start       ] GC(1790) Pause Young (Allocation Failure)
[2026-06-17T09:57:37.190+0800][44.706s][info][gc,heap        ] GC(1790) PSYoungGen: 11235K(14848K)->2758K(14848K) Eden: 8192K(8192K)->0K(8192K) From: 3043K(6656K)->2758K(6656K)
[2026-06-17T09:57:37.212+0800][44.728s][info][gc,heap        ] GC(1790) ParOldGen: 35773K(44032K)->37570K(44032K)
[2026-06-17T09:57:37.213+0800][44.729s][info][gc,metaspace   ] GC(1790) Metaspace: 153K(384K)->153K(384K) NonClass: 148K(256K)->148K(256K) Class: 4K(128K)->4K(128K)
[2026-06-17T09:57:37.245+0800][44.761s][info][gc             ] GC(1790) Pause Young (Allocation Failure) 45M->39M(57M) 74.223ms
[2026-06-17T09:57:37.251+0800][44.767s][info][gc,cpu         ] GC(1790) User=0.00s Sys=0.00s Real=0.08s
[2026-06-17T09:57:37.276+0800][44.792s][info][gc,start       ] GC(1791) Pause Young (Allocation Failure)
[2026-06-17T09:57:37.279+0800][44.795s][info][gc,heap        ] GC(1791) PSYoungGen: 10923K(14848K)->4100K(15360K) Eden: 8164K(8192K)->0K(9216K) From: 2758K(6656K)->4100K(6144K)
[2026-06-17T09:57:37.283+0800][44.799s][info][gc,heap        ] GC(1791) ParOldGen: 37570K(44032K)->37570K(44032K)
[2026-06-17T09:57:37.288+0800][44.804s][info][gc,metaspace   ] GC(1791) Metaspace: 153K(384K)->153K(384K) NonClass: 148K(256K)->148K(256K) Class: 4K(128K)->4K(128K)
[2026-06-17T09:57:37.289+0800][44.805s][info][gc             ] GC(1791) Pause Young (Allocation Failure) 47M->40M(58M) 13.511ms
[2026-06-17T09:57:37.289+0800][44.805s][info][gc,cpu         ] GC(1791) User=0.00s Sys=0.00s Real=0.01s
[2026-06-17T09:57:37.311+0800][44.827s][info][gc,start       ] GC(1792) Pause Young (Allocation Failure)
[2026-06-17T09:57:37.313+0800][44.829s][info][gc,heap        ] GC(1792) PSYoungGen: 13306K(15360K)->6122K(15360K) Eden: 9205K(9216K)->0K(9216K) From: 4100K(6144K)->6122K(6144K)
[2026-06-17T09:57:37.314+0800][44.830s][info][gc,heap        ] GC(1792) ParOldGen: 37570K(44032K)->38148K(44032K)
[2026-06-17T09:57:37.314+0800][44.831s][info][gc,metaspace   ] GC(1792) Metaspace: 153K(384K)->153K(384K) NonClass: 148K(256K)->148K(256K) Class: 4K(128K)->4K(128K)
[2026-06-17T09:57:37.315+0800][44.831s][info][gc             ] GC(1792) Pause Young (Allocation Failure) 49M->43M(58M) 3.657ms
[2026-06-17T09:57:37.316+0800][44.832s][info][gc,cpu         ] GC(1792) User=0.00s Sys=0.00s Real=0.00s
[2026-06-17T09:57:37.339+0800][44.855s][info][gc,start       ] GC(1793) Pause Young (Allocation Failure)
[2026-06-17T09:57:37.340+0800][44.856s][info][gc,heap        ] GC(1793) PSYoungGen: 15303K(15360K)->4891K(13312K) Eden: 9181K(9216K)->0K(7168K) From: 6122K(6144K)->4891K(6144K)
[2026-06-17T09:57:37.341+0800][44.857s][info][gc,heap        ] GC(1793) ParOldGen: 38148K(44032K)->38148K(44032K)
[2026-06-17T09:57:37.342+0800][44.858s][info][gc,metaspace   ] GC(1793) Metaspace: 153K(384K)->153K(384K) NonClass: 148K(256K)->148K(256K) Class: 4K(128K)->4K(128K)
[2026-06-17T09:57:37.344+0800][44.860s][info][gc             ] GC(1793) Pause Young (Allocation Failure) 52M->42M(56M) 4.960ms
[2026-06-17T09:57:37.345+0800][44.861s][info][gc,cpu         ] GC(1793) User=0.00s Sys=0.00s Real=0.01s
[2026-06-17T09:57:37.366+0800][44.882s][info][gc,start       ] GC(1794) Pause Young (Allocation Failure)
[2026-06-17T09:57:37.368+0800][44.884s][info][gc,heap        ] GC(1794) PSYoungGen: 12011K(13312K)->7055K(14336K) Eden: 7120K(7168K)->0K(7168K) From: 4891K(6144K)->7055K(7168K)
[2026-06-17T09:57:37.369+0800][44.885s][info][gc,heap        ] GC(1794) ParOldGen: 38148K(44032K)->39731K(44032K)
[2026-06-17T09:57:37.369+0800][44.885s][info][gc,metaspace   ] GC(1794) Metaspace: 153K(384K)->153K(384K) NonClass: 148K(256K)->148K(256K) Class: 4K(128K)->4K(128K)
[2026-06-17T09:57:37.370+0800][44.886s][info][gc             ] GC(1794) Pause Young (Allocation Failure) 48M->45M(57M) 3.345ms
[2026-06-17T09:57:37.370+0800][44.886s][info][gc,cpu         ] GC(1794) User=0.01s Sys=0.00s Real=0.00s
[2026-06-17T09:57:37.392+0800][44.908s][info][gc,start       ] GC(1795) Pause Young (Allocation Failure)
[2026-06-17T09:57:37.393+0800][44.909s][info][gc,heap        ] GC(1795) PSYoungGen: 14182K(14336K)->5922K(14336K) Eden: 7127K(7168K)->0K(7168K) From: 7055K(7168K)->5922K(7168K)
[2026-06-17T09:57:37.394+0800][44.910s][info][gc,heap        ] GC(1795) ParOldGen: 39731K(44032K)->41091K(44032K)
[2026-06-17T09:57:37.394+0800][44.910s][info][gc,metaspace   ] GC(1795) Metaspace: 153K(384K)->153K(384K) NonClass: 148K(256K)->148K(256K) Class: 4K(128K)->4K(128K)
[2026-06-17T09:57:37.394+0800][44.910s][info][gc             ] GC(1795) Pause Young (Allocation Failure) 52M->45M(57M) 2.086ms
[2026-06-17T09:57:37.394+0800][44.910s][info][gc,cpu         ] GC(1795) User=0.00s Sys=0.00s Real=0.00s
[2026-06-17T09:57:37.415+0800][44.931s][info][gc,start       ] GC(1796) Pause Full (Ergonomics)
[2026-06-17T09:57:37.416+0800][44.932s][info][gc,phases,start] GC(1796) Marking Phase
[2026-06-17T09:57:37.417+0800][44.933s][info][gc,phases      ] GC(1796) Marking Phase 1.191ms
[2026-06-17T09:57:37.418+0800][44.934s][info][gc,phases,start] GC(1796) Summary Phase
[2026-06-17T09:57:37.418+0800][44.934s][info][gc,phases      ] GC(1796) Summary Phase 0.685ms
[2026-06-17T09:57:37.419+0800][44.935s][info][gc,phases,start] GC(1796) Adjust Roots
[2026-06-17T09:57:37.420+0800][44.936s][info][gc,phases      ] GC(1796) Adjust Roots 0.787ms
[2026-06-17T09:57:37.420+0800][44.936s][info][gc,phases,start] GC(1796) Compaction Phase
[2026-06-17T09:57:37.423+0800][44.939s][info][gc,phases      ] GC(1796) Compaction Phase 2.428ms
[2026-06-17T09:57:37.423+0800][44.939s][info][gc,phases,start] GC(1796) Post Compact
[2026-06-17T09:57:37.424+0800][44.940s][info][gc,phases      ] GC(1796) Post Compact 0.507ms
[2026-06-17T09:57:37.424+0800][44.940s][info][gc,heap        ] GC(1796) PSYoungGen: 13053K(14336K)->0K(14336K) Eden: 7130K(7168K)->0K(7168K) From: 5922K(7168K)->0K(7168K)
[2026-06-17T09:57:37.424+0800][44.940s][info][gc,heap        ] GC(1796) ParOldGen: 41091K(44032K)->26490K(44032K)
[2026-06-17T09:57:37.425+0800][44.941s][info][gc,metaspace   ] GC(1796) Metaspace: 153K(384K)->153K(384K) NonClass: 148K(256K)->148K(256K) Class: 4K(128K)->4K(128K)
[2026-06-17T09:57:37.425+0800][44.941s][info][gc             ] GC(1796) Pause Full (Ergonomics) 52M->25M(57M) 9.880ms
[2026-06-17T09:57:37.426+0800][44.942s][info][gc,cpu         ] GC(1796) User=0.00s Sys=0.00s Real=0.01s
[2026-06-17T09:57:37.437+0800][44.953s][info][gc,start       ] GC(1797) Pause Young (Allocation Failure)
[2026-06-17T09:57:37.438+0800][44.954s][info][gc,heap        ] GC(1797) PSYoungGen: 7166K(14336K)->6951K(14336K) Eden: 7166K(7168K)->0K(7168K) From: 0K(7168K)->6951K(7168K)
[2026-06-17T09:57:37.438+0800][44.954s][info][gc,heap        ] GC(1797) ParOldGen: 26490K(44032K)->26754K(44032K)
[2026-06-17T09:57:37.438+0800][44.954s][info][gc,metaspace   ] GC(1797) Metaspace: 153K(384K)->153K(384K) NonClass: 148K(256K)->148K(256K) Class: 4K(128K)->4K(128K)
[2026-06-17T09:57:37.438+0800][44.954s][info][gc             ] GC(1797) Pause Young (Allocation Failure) 32M->32M(57M) 1.718ms
[2026-06-17T09:57:37.439+0800][44.955s][info][gc,cpu         ] GC(1797) User=0.01s Sys=0.00s Real=0.00s
[2026-06-17T09:57:37.460+0800][44.976s][info][gc,start       ] GC(1798) Pause Young (Allocation Failure)
[2026-06-17T09:57:37.461+0800][44.977s][info][gc,heap        ] GC(1798) PSYoungGen: 14098K(14336K)->6871K(14336K) Eden: 7146K(7168K)->0K(7168K) From: 6951K(7168K)->6871K(7168K)
[2026-06-17T09:57:37.461+0800][44.977s][info][gc,heap        ] GC(1798) ParOldGen: 26754K(44032K)->26754K(44032K)
[2026-06-17T09:57:37.461+0800][44.977s][info][gc,metaspace   ] GC(1798) Metaspace: 153K(384K)->153K(384K) NonClass: 148K(256K)->148K(256K) Class: 4K(128K)->4K(128K)
[2026-06-17T09:57:37.461+0800][44.977s][info][gc             ] GC(1798) Pause Young (Allocation Failure) 39M->32M(57M) 1.638ms
[2026-06-17T09:57:37.461+0800][44.977s][info][gc,cpu         ] GC(1798) User=0.00s Sys=0.00s Real=0.00s
[2026-06-17T09:57:37.483+0800][44.999s][info][gc,start       ] GC(1799) Pause Young (Allocation Failure)
[2026-06-17T09:57:37.484+0800][45.000s][info][gc,heap        ] GC(1799) PSYoungGen: 14026K(14336K)->2737K(14336K) Eden: 7154K(7168K)->0K(7168K) From: 6871K(7168K)->2737K(7168K)
[2026-06-17T09:57:37.484+0800][45.000s][info][gc,heap        ] GC(1799) ParOldGen: 26754K(44032K)->31212K(44032K)
[2026-06-17T09:57:37.484+0800][45.000s][info][gc,metaspace   ] GC(1799) Metaspace: 153K(384K)->153K(384K) NonClass: 148K(256K)->148K(256K) Class: 4K(128K)->4K(128K)
[2026-06-17T09:57:37.484+0800][45.000s][info][gc             ] GC(1799) Pause Young (Allocation Failure) 39M->33M(57M) 1.600ms
[2026-06-17T09:57:37.484+0800][45.000s][info][gc,cpu         ] GC(1799) User=0.00s Sys=0.00s Real=0.00s
[2026-06-17T09:57:37.495+0800][45.011s][info][gc,start       ] GC(1800) Pause Young (Allocation Failure)
[2026-06-17T09:57:37.496+0800][45.012s][info][gc,heap        ] GC(1800) PSYoungGen: 9828K(14336K)->1262K(14336K) Eden: 7090K(7168K)->0K(7168K) From: 2737K(7168K)->1262K(7168K)
[2026-06-17T09:57:37.496+0800][45.012s][info][gc,heap        ] GC(1800) ParOldGen: 31212K(44032K)->32817K(44032K)
[2026-06-17T09:57:37.497+0800][45.013s][info][gc,metaspace   ] GC(1800) Metaspace: 153K(384K)->153K(384K) NonClass: 148K(256K)->148K(256K) Class: 4K(128K)->4K(128K)
[2026-06-17T09:57:37.497+0800][45.013s][info][gc             ] GC(1800) Pause Young (Allocation Failure) 40M->33M(57M) 1.388ms
[2026-06-17T09:57:37.497+0800][45.013s][info][gc,cpu         ] GC(1800) User=0.00s Sys=0.00s Real=0.00s
[2026-06-17T09:57:37.518+0800][45.034s][info][gc,start       ] GC(1801) Pause Young (Allocation Failure)
[2026-06-17T09:57:37.519+0800][45.035s][info][gc,heap        ] GC(1801) PSYoungGen: 8424K(14336K)->3189K(14336K) Eden: 7162K(7168K)->0K(7168K) From: 1262K(7168K)->3189K(7168K)
[2026-06-17T09:57:37.520+0800][45.036s][info][gc,heap        ] GC(1801) ParOldGen: 32817K(44032K)->34055K(44032K)
[2026-06-17T09:57:37.520+0800][45.036s][info][gc,metaspace   ] GC(1801) Metaspace: 153K(384K)->153K(384K) NonClass: 148K(256K)->148K(256K) Class: 4K(128K)->4K(128K)
[2026-06-17T09:57:37.520+0800][45.036s][info][gc             ] GC(1801) Pause Young (Allocation Failure) 40M->36M(57M) 1.707ms
[2026-06-17T09:57:37.520+0800][45.036s][info][gc,cpu         ] GC(1801) User=0.00s Sys=0.00s Real=0.00s
[2026-06-17T09:57:37.541+0800][45.057s][info][gc,start       ] GC(1802) Pause Young (Allocation Failure)
[2026-06-17T09:57:37.543+0800][45.059s][info][gc,heap        ] GC(1802) PSYoungGen: 10350K(14336K)->2498K(14336K) Eden: 7160K(7168K)->0K(7168K) From: 3189K(7168K)->2498K(7168K)
[2026-06-17T09:57:37.543+0800][45.059s][info][gc,heap        ] GC(1802) ParOldGen: 34055K(44032K)->34772K(44032K)
[2026-06-17T09:57:37.544+0800][45.060s][info][gc,metaspace   ] GC(1802) Metaspace: 153K(384K)->153K(384K) NonClass: 148K(256K)->148K(256K) Class: 4K(128K)->4K(128K)
[2026-06-17T09:57:37.555+0800][45.071s][info][gc             ] GC(1802) Pause Young (Allocation Failure) 43M->36M(57M) 13.435ms
[2026-06-17T09:57:37.555+0800][45.071s][info][gc,cpu         ] GC(1802) User=0.01s Sys=0.00s Real=0.02s
[2026-06-17T09:57:37.567+0800][45.083s][info][gc,start       ] GC(1803) Pause Young (Allocation Failure)
[2026-06-17T09:57:37.568+0800][45.084s][info][gc,heap        ] GC(1803) PSYoungGen: 9654K(14336K)->4066K(14336K) Eden: 7156K(7168K)->0K(7168K) From: 2498K(7168K)->4066K(7168K)
[2026-06-17T09:57:37.568+0800][45.084s][info][gc,heap        ] GC(1803) ParOldGen: 34772K(44032K)->36760K(44032K)
[2026-06-17T09:57:37.569+0800][45.085s][info][gc,metaspace   ] GC(1803) Metaspace: 153K(384K)->153K(384K) NonClass: 148K(256K)->148K(256K) Class: 4K(128K)->4K(128K)
[2026-06-17T09:57:37.570+0800][45.086s][info][gc             ] GC(1803) Pause Young (Allocation Failure) 43M->39M(57M) 3.034ms
[2026-06-17T09:57:37.571+0800][45.087s][info][gc,cpu         ] GC(1803) User=0.00s Sys=0.00s Real=0.01s
[2026-06-17T09:57:37.593+0800][45.109s][info][gc,start       ] GC(1804) Pause Young (Allocation Failure)
[2026-06-17T09:57:37.594+0800][45.110s][info][gc,heap        ] GC(1804) PSYoungGen: 11187K(14336K)->2796K(14336K) Eden: 7120K(7168K)->0K(7168K) From: 4066K(7168K)->2796K(7168K)
[2026-06-17T09:57:37.595+0800][45.111s][info][gc,heap        ] GC(1804) ParOldGen: 36760K(44032K)->38271K(44032K)
[2026-06-17T09:57:37.595+0800][45.111s][info][gc,metaspace   ] GC(1804) Metaspace: 153K(384K)->153K(384K) NonClass: 148K(256K)->148K(256K) Class: 4K(128K)->4K(128K)
[2026-06-17T09:57:37.595+0800][45.111s][info][gc             ] GC(1804) Pause Young (Allocation Failure) 46M->40M(57M) 2.353ms
[2026-06-17T09:57:37.596+0800][45.112s][info][gc,cpu         ] GC(1804) User=0.00s Sys=0.00s Real=0.00s
[2026-06-17T09:57:37.617+0800][45.133s][info][gc,start       ] GC(1805) Pause Young (Allocation Failure)
[2026-06-17T09:57:37.618+0800][45.134s][info][gc,heap        ] GC(1805) PSYoungGen: 9936K(14336K)->1601K(14336K) Eden: 7139K(7168K)->0K(7168K) From: 2796K(7168K)->1601K(7168K)
[2026-06-17T09:57:37.619+0800][45.135s][info][gc,heap        ] GC(1805) ParOldGen: 38271K(44032K)->39853K(44032K)
[2026-06-17T09:57:37.619+0800][45.135s][info][gc,metaspace   ] GC(1805) Metaspace: 153K(384K)->153K(384K) NonClass: 148K(256K)->148K(256K) Class: 4K(128K)->4K(128K)
[2026-06-17T09:57:37.620+0800][45.136s][info][gc             ] GC(1805) Pause Young (Allocation Failure) 47M->40M(57M) 2.989ms
[2026-06-17T09:57:37.621+0800][45.137s][info][gc,cpu         ] GC(1805) User=0.00s Sys=0.00s Real=0.00s
[2026-06-17T09:57:37.633+0800][45.149s][info][gc,start       ] GC(1806) Pause Young (Allocation Failure)
[2026-06-17T09:57:37.634+0800][45.150s][info][gc,heap        ] GC(1806) PSYoungGen: 8762K(14336K)->5160K(14336K) Eden: 7160K(7168K)->0K(7168K) From: 1601K(7168K)->5160K(7168K)
[2026-06-17T09:57:37.634+0800][45.150s][info][gc,heap        ] GC(1806) ParOldGen: 39853K(44032K)->39853K(44032K)
[2026-06-17T09:57:37.635+0800][45.151s][info][gc,metaspace   ] GC(1806) Metaspace: 153K(384K)->153K(384K) NonClass: 148K(256K)->148K(256K) Class: 4K(128K)->4K(128K)
[2026-06-17T09:57:37.635+0800][45.151s][info][gc             ] GC(1806) Pause Young (Allocation Failure) 47M->43M(57M) 1.918ms
[2026-06-17T09:57:37.635+0800][45.151s][info][gc,cpu         ] GC(1806) User=0.00s Sys=0.00s Real=0.00s
[2026-06-17T09:57:37.657+0800][45.173s][info][gc,start       ] GC(1807) Pause Young (Allocation Failure)
[2026-06-17T09:57:37.658+0800][45.174s][info][gc,heap        ] GC(1807) PSYoungGen: 12315K(14336K)->3253K(14336K) Eden: 7155K(7168K)->0K(7168K) From: 5160K(7168K)->3253K(7168K)
[2026-06-17T09:57:37.658+0800][45.174s][info][gc,heap        ] GC(1807) ParOldGen: 39853K(44032K)->41838K(44032K)
[2026-06-17T09:57:37.659+0800][45.175s][info][gc,metaspace   ] GC(1807) Metaspace: 153K(384K)->153K(384K) NonClass: 148K(256K)->148K(256K) Class: 4K(128K)->4K(128K)
[2026-06-17T09:57:37.660+0800][45.176s][info][gc             ] GC(1807) Pause Young (Allocation Failure) 50M->44M(57M) 2.963ms
[2026-06-17T09:57:37.660+0800][45.176s][info][gc,cpu         ] GC(1807) User=0.00s Sys=0.00s Real=0.00s
[2026-06-17T09:57:37.682+0800][45.198s][info][gc,start       ] GC(1808) Pause Full (Ergonomics)
[2026-06-17T09:57:37.682+0800][45.198s][info][gc,phases,start] GC(1808) Marking Phase
[2026-06-17T09:57:37.684+0800][45.200s][info][gc,phases      ] GC(1808) Marking Phase 1.460ms
[2026-06-17T09:57:37.685+0800][45.201s][info][gc,phases,start] GC(1808) Summary Phase
[2026-06-17T09:57:37.685+0800][45.201s][info][gc,phases      ] GC(1808) Summary Phase 0.718ms
[2026-06-17T09:57:37.686+0800][45.202s][info][gc,phases,start] GC(1808) Adjust Roots
[2026-06-17T09:57:37.687+0800][45.203s][info][gc,phases      ] GC(1808) Adjust Roots 0.737ms
[2026-06-17T09:57:37.687+0800][45.203s][info][gc,phases,start] GC(1808) Compaction Phase
[2026-06-17T09:57:37.689+0800][45.205s][info][gc,phases      ] GC(1808) Compaction Phase 1.896ms
[2026-06-17T09:57:37.690+0800][45.206s][info][gc,phases,start] GC(1808) Post Compact
[2026-06-17T09:57:37.691+0800][45.207s][info][gc,phases      ] GC(1808) Post Compact 0.722ms
[2026-06-17T09:57:37.691+0800][45.207s][info][gc,heap        ] GC(1808) PSYoungGen: 10399K(14336K)->0K(14336K) Eden: 7146K(7168K)->0K(7168K) From: 3253K(7168K)->0K(7168K)
[2026-06-17T09:57:37.692+0800][45.208s][info][gc,heap        ] GC(1808) ParOldGen: 41838K(44032K)->21661K(44032K)
[2026-06-17T09:57:37.692+0800][45.208s][info][gc,metaspace   ] GC(1808) Metaspace: 153K(384K)->153K(384K) NonClass: 148K(256K)->148K(256K) Class: 4K(128K)->4K(128K)
[2026-06-17T09:57:37.692+0800][45.208s][info][gc             ] GC(1808) Pause Full (Ergonomics) 51M->21M(57M) 10.873ms
[2026-06-17T09:57:37.693+0800][45.209s][info][gc,cpu         ] GC(1808) User=0.01s Sys=0.00s Real=0.02s
[2026-06-17T09:57:37.704+0800][45.220s][info][gc,start       ] GC(1809) Pause Young (Allocation Failure)
[2026-06-17T09:57:37.705+0800][45.221s][info][gc,heap        ] GC(1809) PSYoungGen: 7042K(14336K)->3480K(14336K) Eden: 7042K(7168K)->0K(7168K) From: 0K(7168K)->3480K(7168K)
[2026-06-17T09:57:37.706+0800][45.222s][info][gc,heap        ] GC(1809) ParOldGen: 21661K(44032K)->21661K(44032K)
[2026-06-17T09:57:37.706+0800][45.222s][info][gc,metaspace   ] GC(1809) Metaspace: 153K(384K)->153K(384K) NonClass: 148K(256K)->148K(256K) Class: 4K(128K)->4K(128K)
[2026-06-17T09:57:37.706+0800][45.222s][info][gc             ] GC(1809) Pause Young (Allocation Failure) 28M->24M(57M) 2.566ms
[2026-06-17T09:57:37.707+0800][45.223s][info][gc,cpu         ] GC(1809) User=0.00s Sys=0.00s Real=0.00s
[2026-06-17T09:57:37.739+0800][45.255s][info][gc,start       ] GC(1810) Pause Young (Allocation Failure)
[2026-06-17T09:57:37.740+0800][45.256s][info][gc,heap        ] GC(1810) PSYoungGen: 10616K(14336K)->379K(14336K) Eden: 7135K(7168K)->0K(7168K) From: 3480K(7168K)->379K(7168K)
[2026-06-17T09:57:37.740+0800][45.256s][info][gc,heap        ] GC(1810) ParOldGen: 21661K(44032K)->25110K(44032K)
[2026-06-17T09:57:37.740+0800][45.256s][info][gc,metaspace   ] GC(1810) Metaspace: 153K(384K)->153K(384K) NonClass: 148K(256K)->148K(256K) Class: 4K(128K)->4K(128K)
[2026-06-17T09:57:37.740+0800][45.256s][info][gc             ] GC(1810) Pause Young (Allocation Failure) 31M->24M(57M) 1.440ms
[2026-06-17T09:57:37.740+0800][45.256s][info][gc,cpu         ] GC(1810) User=0.00s Sys=0.00s Real=0.00s
[2026-06-17T09:57:37.751+0800][45.267s][info][gc,start       ] GC(1811) Pause Young (Allocation Failure)
[2026-06-17T09:57:37.752+0800][45.268s][info][gc,heap        ] GC(1811) PSYoungGen: 7536K(14336K)->4072K(14336K) Eden: 7157K(7168K)->0K(7168K) From: 379K(7168K)->4072K(7168K)
[2026-06-17T09:57:37.752+0800][45.268s][info][gc,heap        ] GC(1811) ParOldGen: 25110K(44032K)->25358K(44032K)
[2026-06-17T09:57:37.753+0800][45.269s][info][gc,metaspace   ] GC(1811) Metaspace: 153K(384K)->153K(384K) NonClass: 148K(256K)->148K(256K) Class: 4K(128K)->4K(128K)
[2026-06-17T09:57:37.753+0800][45.269s][info][gc             ] GC(1811) Pause Young (Allocation Failure) 31M->28M(57M) 1.619ms
[2026-06-17T09:57:37.753+0800][45.269s][info][gc,cpu         ] GC(1811) User=0.00s Sys=0.00s Real=0.00s
[2026-06-17T09:57:37.774+0800][45.290s][info][gc,start       ] GC(1812) Pause Young (Allocation Failure)
[2026-06-17T09:57:37.775+0800][45.291s][info][gc,heap        ] GC(1812) PSYoungGen: 11187K(14336K)->2413K(14336K) Eden: 7114K(7168K)->0K(7168K) From: 4072K(7168K)->2413K(7168K)
[2026-06-17T09:57:37.775+0800][45.291s][info][gc,heap        ] GC(1812) ParOldGen: 25358K(44032K)->27086K(44032K)
[2026-06-17T09:57:37.775+0800][45.291s][info][gc,metaspace   ] GC(1812) Metaspace: 153K(384K)->153K(384K) NonClass: 148K(256K)->148K(256K) Class: 4K(128K)->4K(128K)
[2026-06-17T09:57:37.776+0800][45.292s][info][gc             ] GC(1812) Pause Young (Allocation Failure) 35M->28M(57M) 1.288ms
[2026-06-17T09:57:37.776+0800][45.292s][info][gc,cpu         ] GC(1812) User=0.00s Sys=0.00s Real=0.00s
[2026-06-17T09:57:37.787+0800][45.303s][info][gc,start       ] GC(1813) Pause Young (Allocation Failure)
[2026-06-17T09:57:37.787+0800][45.303s][info][gc,heap        ] GC(1813) PSYoungGen: 9534K(14336K)->5979K(14336K) Eden: 7121K(7168K)->0K(7168K) From: 2413K(7168K)->5979K(7168K)
[2026-06-17T09:57:37.787+0800][45.304s][info][gc,heap        ] GC(1813) ParOldGen: 27086K(44032K)->27086K(44032K)
[2026-06-17T09:57:37.788+0800][45.304s][info][gc,metaspace   ] GC(1813) Metaspace: 153K(384K)->153K(384K) NonClass: 148K(256K)->148K(256K) Class: 4K(128K)->4K(128K)
[2026-06-17T09:57:37.788+0800][45.304s][info][gc             ] GC(1813) Pause Young (Allocation Failure) 35M->32M(57M) 1.201ms
[2026-06-17T09:57:37.788+0800][45.304s][info][gc,cpu         ] GC(1813) User=0.00s Sys=0.00s Real=0.00s
[2026-06-17T09:57:37.809+0800][45.325s][info][gc,start       ] GC(1814) Pause Young (Allocation Failure)
[2026-06-17T09:57:37.811+0800][45.327s][info][gc,heap        ] GC(1814) PSYoungGen: 13116K(14336K)->2866K(14336K) Eden: 7137K(7168K)->0K(7168K) From: 5979K(7168K)->2866K(7168K)
[2026-06-17T09:57:37.812+0800][45.328s][info][gc,heap        ] GC(1814) ParOldGen: 27086K(44032K)->30279K(44032K)
[2026-06-17T09:57:37.812+0800][45.328s][info][gc,metaspace   ] GC(1814) Metaspace: 153K(384K)->153K(384K) NonClass: 148K(256K)->148K(256K) Class: 4K(128K)->4K(128K)
[2026-06-17T09:57:37.812+0800][45.328s][info][gc             ] GC(1814) Pause Young (Allocation Failure) 39M->32M(57M) 3.079ms
[2026-06-17T09:57:37.812+0800][45.328s][info][gc,cpu         ] GC(1814) User=0.00s Sys=0.00s Real=0.01s
[2026-06-17T09:57:37.834+0800][45.350s][info][gc,start       ] GC(1815) Pause Young (Allocation Failure)
[2026-06-17T09:57:37.835+0800][45.351s][info][gc,heap        ] GC(1815) PSYoungGen: 9997K(14336K)->3119K(14336K) Eden: 7131K(7168K)->0K(7168K) From: 2866K(7168K)->3119K(7168K)
[2026-06-17T09:57:37.836+0800][45.352s][info][gc,heap        ] GC(1815) ParOldGen: 30279K(44032K)->30279K(44032K)
[2026-06-17T09:57:37.837+0800][45.353s][info][gc,metaspace   ] GC(1815) Metaspace: 153K(384K)->153K(384K) NonClass: 148K(256K)->148K(256K) Class: 4K(128K)->4K(128K)
[2026-06-17T09:57:37.837+0800][45.353s][info][gc             ] GC(1815) Pause Young (Allocation Failure) 39M->32M(57M) 2.975ms
[2026-06-17T09:57:37.838+0800][45.354s][info][gc,cpu         ] GC(1815) User=0.00s Sys=0.00s Real=0.00s
[2026-06-17T09:57:37.849+0800][45.365s][info][gc,start       ] GC(1816) Pause Young (Allocation Failure)
[2026-06-17T09:57:37.850+0800][45.366s][info][gc,heap        ] GC(1816) PSYoungGen: 10052K(14336K)->1111K(14336K) Eden: 6932K(7168K)->0K(7168K) From: 3119K(7168K)->1111K(7168K)
[2026-06-17T09:57:37.850+0800][45.366s][info][gc,heap        ] GC(1816) ParOldGen: 30279K(44032K)->32227K(44032K)
[2026-06-17T09:57:37.850+0800][45.366s][info][gc,metaspace   ] GC(1816) Metaspace: 153K(384K)->153K(384K) NonClass: 148K(256K)->148K(256K) Class: 4K(128K)->4K(128K)
[2026-06-17T09:57:37.850+0800][45.366s][info][gc             ] GC(1816) Pause Young (Allocation Failure) 39M->32M(57M) 1.347ms
[2026-06-17T09:57:37.850+0800][45.366s][info][gc,cpu         ] GC(1816) User=0.00s Sys=0.00s Real=0.01s
[2026-06-17T09:57:37.872+0800][45.388s][info][gc,start       ] GC(1817) Pause Young (Allocation Failure)
[2026-06-17T09:57:37.873+0800][45.389s][info][gc,heap        ] GC(1817) PSYoungGen: 8264K(14336K)->3802K(14336K) Eden: 7153K(7168K)->0K(7168K) From: 1111K(7168K)->3802K(7168K)
[2026-06-17T09:57:37.874+0800][45.390s][info][gc,heap        ] GC(1817) ParOldGen: 32227K(44032K)->33314K(44032K)
[2026-06-17T09:57:37.875+0800][45.391s][info][gc,metaspace   ] GC(1817) Metaspace: 153K(384K)->153K(384K) NonClass: 148K(256K)->148K(256K) Class: 4K(128K)->4K(128K)
[2026-06-17T09:57:37.875+0800][45.391s][info][gc             ] GC(1817) Pause Young (Allocation Failure) 39M->36M(57M) 3.486ms
[2026-06-17T09:57:37.876+0800][45.392s][info][gc,cpu         ] GC(1817) User=0.01s Sys=0.00s Real=0.00s
[2026-06-17T09:57:37.898+0800][45.414s][info][gc,start       ] GC(1818) Pause Young (Allocation Failure)
[2026-06-17T09:57:37.899+0800][45.415s][info][gc,heap        ] GC(1818) PSYoungGen: 10937K(14336K)->3293K(14336K) Eden: 7135K(7168K)->0K(7168K) From: 3802K(7168K)->3293K(7168K)
[2026-06-17T09:57:37.899+0800][45.415s][info][gc,heap        ] GC(1818) ParOldGen: 33314K(44032K)->34124K(44032K)
[2026-06-17T09:57:37.900+0800][45.416s][info][gc,metaspace   ] GC(1818) Metaspace: 153K(384K)->153K(384K) NonClass: 148K(256K)->148K(256K) Class: 4K(128K)->4K(128K)
[2026-06-17T09:57:37.901+0800][45.417s][info][gc             ] GC(1818) Pause Young (Allocation Failure) 43M->36M(57M) 2.989ms
[2026-06-17T09:57:37.902+0800][45.418s][info][gc,cpu         ] GC(1818) User=0.00s Sys=0.00s Real=0.00s
[2026-06-17T09:57:37.923+0800][45.439s][info][gc,start       ] GC(1819) Pause Young (Allocation Failure)
[2026-06-17T09:57:37.931+0800][45.447s][info][gc,heap        ] GC(1819) PSYoungGen: 10411K(14336K)->3595K(14848K) Eden: 7117K(7168K)->0K(7680K) From: 3293K(7168K)->3595K(7168K)
[2026-06-17T09:57:37.935+0800][45.451s][info][gc,heap        ] GC(1819) ParOldGen: 34124K(44032K)->34124K(44032K)
[2026-06-17T09:57:37.936+0800][45.452s][info][gc,metaspace   ] GC(1819) Metaspace: 153K(384K)->153K(384K) NonClass: 148K(256K)->148K(256K) Class: 4K(128K)->4K(128K)
[2026-06-17T09:57:37.936+0800][45.452s][info][gc             ] GC(1819) Pause Young (Allocation Failure) 43M->36M(57M) 12.830ms
[2026-06-17T09:57:37.937+0800][45.453s][info][gc,cpu         ] GC(1819) User=0.00s Sys=0.00s Real=0.01s
[2026-06-17T09:57:37.959+0800][45.475s][info][gc,start       ] GC(1820) Pause Young (Allocation Failure)
[2026-06-17T09:57:37.960+0800][45.476s][info][gc,heap        ] GC(1820) PSYoungGen: 11267K(14848K)->4766K(14336K) Eden: 7671K(7680K)->0K(7680K) From: 3595K(7168K)->4766K(6656K)
[2026-06-17T09:57:37.960+0800][45.476s][info][gc,heap        ] GC(1820) ParOldGen: 34124K(44032K)->34124K(44032K)
[2026-06-17T09:57:37.960+0800][45.476s][info][gc,metaspace   ] GC(1820) Metaspace: 153K(384K)->153K(384K) NonClass: 148K(256K)->148K(256K) Class: 4K(128K)->4K(128K)
[2026-06-17T09:57:37.960+0800][45.476s][info][gc             ] GC(1820) Pause Young (Allocation Failure) 44M->37M(57M) 1.418ms
[2026-06-17T09:57:37.961+0800][45.477s][info][gc,cpu         ] GC(1820) User=0.00s Sys=0.00s Real=0.00s
[2026-06-17T09:57:37.972+0800][45.488s][info][gc,start       ] GC(1821) Pause Young (Allocation Failure)
[2026-06-17T09:57:37.973+0800][45.489s][info][gc,heap        ] GC(1821) PSYoungGen: 12226K(14336K)->5461K(13824K) Eden: 7459K(7680K)->0K(7168K) From: 4766K(6656K)->5461K(6656K)
[2026-06-17T09:57:37.973+0800][45.489s][info][gc,heap        ] GC(1821) ParOldGen: 34124K(44032K)->34124K(44032K)
[2026-06-17T09:57:37.973+0800][45.489s][info][gc,metaspace   ] GC(1821) Metaspace: 153K(384K)->153K(384K) NonClass: 148K(256K)->148K(256K) Class: 4K(128K)->4K(128K)
[2026-06-17T09:57:37.973+0800][45.489s][info][gc             ] GC(1821) Pause Young (Allocation Failure) 45M->38M(56M) 1.466ms
[2026-06-17T09:57:37.973+0800][45.489s][info][gc,cpu         ] GC(1821) User=0.00s Sys=0.00s Real=0.00s
[2026-06-17T09:57:37.994+0800][45.510s][info][gc,start       ] GC(1822) Pause Young (Allocation Failure)
[2026-06-17T09:57:37.995+0800][45.511s][info][gc,heap        ] GC(1822) PSYoungGen: 12625K(13824K)->7162K(14336K) Eden: 7163K(7168K)->0K(7168K) From: 5461K(6656K)->7162K(7168K)
[2026-06-17T09:57:37.996+0800][45.512s][info][gc,heap        ] GC(1822) ParOldGen: 34124K(44032K)->36074K(44032K)
[2026-06-17T09:57:37.996+0800][45.512s][info][gc,metaspace   ] GC(1822) Metaspace: 153K(384K)->153K(384K) NonClass: 148K(256K)->148K(256K) Class: 4K(128K)->4K(128K)
[2026-06-17T09:57:37.996+0800][45.512s][info][gc             ] GC(1822) Pause Young (Allocation Failure) 45M->42M(57M) 1.722ms
[2026-06-17T09:57:37.996+0800][45.512s][info][gc,cpu         ] GC(1822) User=0.00s Sys=0.00s Real=0.00s
[2026-06-17T09:57:38.017+0800][45.533s][info][gc,start       ] GC(1823) Pause Young (Allocation Failure)
[2026-06-17T09:57:38.018+0800][45.534s][info][gc,heap        ] GC(1823) PSYoungGen: 14297K(14336K)->7039K(14336K) Eden: 7134K(7168K)->0K(7168K) From: 7162K(7168K)->7039K(7168K)
[2026-06-17T09:57:38.019+0800][45.535s][info][gc,heap        ] GC(1823) ParOldGen: 36074K(44032K)->36182K(44032K)
[2026-06-17T09:57:38.019+0800][45.535s][info][gc,metaspace   ] GC(1823) Metaspace: 153K(384K)->153K(384K) NonClass: 148K(256K)->148K(256K) Class: 4K(128K)->4K(128K)
[2026-06-17T09:57:38.019+0800][45.535s][info][gc             ] GC(1823) Pause Young (Allocation Failure) 49M->42M(57M) 1.883ms
[2026-06-17T09:57:38.019+0800][45.535s][info][gc,cpu         ] GC(1823) User=0.00s Sys=0.00s Real=0.00s
[2026-06-17T09:57:38.040+0800][45.556s][info][gc,start       ] GC(1824) Pause Young (Allocation Failure)
[2026-06-17T09:57:38.042+0800][45.558s][info][gc,heap        ] GC(1824) PSYoungGen: 14207K(14336K)->3848K(14336K) Eden: 7168K(7168K)->0K(7168K) From: 7039K(7168K)->3848K(7168K)
[2026-06-17T09:57:38.043+0800][45.559s][info][gc,heap        ] GC(1824) ParOldGen: 36182K(44032K)->39537K(44032K)
[2026-06-17T09:57:38.045+0800][45.561s][info][gc,metaspace   ] GC(1824) Metaspace: 153K(384K)->153K(384K) NonClass: 148K(256K)->148K(256K) Class: 4K(128K)->4K(128K)
[2026-06-17T09:57:38.046+0800][45.562s][info][gc             ] GC(1824) Pause Young (Allocation Failure) 49M->42M(57M) 5.930ms
[2026-06-17T09:57:38.047+0800][45.563s][info][gc,cpu         ] GC(1824) User=0.00s Sys=0.00s Real=0.01s
[2026-06-17T09:57:38.058+0800][45.574s][info][gc,start       ] GC(1825) Pause Young (Allocation Failure)
[2026-06-17T09:57:38.060+0800][45.576s][info][gc,heap        ] GC(1825) PSYoungGen: 10990K(14336K)->4713K(14336K) Eden: 7142K(7168K)->0K(7168K) From: 3848K(7168K)->4713K(7168K)
[2026-06-17T09:57:38.060+0800][45.576s][info][gc,heap        ] GC(1825) ParOldGen: 39537K(44032K)->42742K(44032K)
[2026-06-17T09:57:38.060+0800][45.576s][info][gc,metaspace   ] GC(1825) Metaspace: 153K(384K)->153K(384K) NonClass: 148K(256K)->148K(256K) Class: 4K(128K)->4K(128K)
[2026-06-17T09:57:38.060+0800][45.576s][info][gc             ] GC(1825) Pause Young (Allocation Failure) 49M->46M(57M) 1.746ms
[2026-06-17T09:57:38.060+0800][45.576s][info][gc,cpu         ] GC(1825) User=0.00s Sys=0.00s Real=0.00s
[2026-06-17T09:57:38.081+0800][45.597s][info][gc,start       ] GC(1826) Pause Full (Ergonomics)
[2026-06-17T09:57:38.084+0800][45.600s][info][gc,phases,start] GC(1826) Marking Phase
[2026-06-17T09:57:38.091+0800][45.607s][info][gc,phases      ] GC(1826) Marking Phase 6.705ms
[2026-06-17T09:57:38.094+0800][45.610s][info][gc,phases,start] GC(1826) Summary Phase
[2026-06-17T09:57:38.098+0800][45.614s][info][gc,phases      ] GC(1826) Summary Phase 4.658ms
[2026-06-17T09:57:38.104+0800][45.620s][info][gc,phases,start] GC(1826) Adjust Roots
[2026-06-17T09:57:38.110+0800][45.626s][info][gc,phases      ] GC(1826) Adjust Roots 5.957ms
[2026-06-17T09:57:38.110+0800][45.626s][info][gc,phases,start] GC(1826) Compaction Phase
[2026-06-17T09:57:38.112+0800][45.628s][info][gc,phases      ] GC(1826) Compaction Phase 1.402ms
[2026-06-17T09:57:38.113+0800][45.629s][info][gc,phases,start] GC(1826) Post Compact
[2026-06-17T09:57:38.115+0800][45.631s][info][gc,phases      ] GC(1826) Post Compact 2.147ms
[2026-06-17T09:57:38.117+0800][45.633s][info][gc,heap        ] GC(1826) PSYoungGen: 11870K(14336K)->0K(14336K) Eden: 7156K(7168K)->0K(7168K) From: 4713K(7168K)->0K(7168K)
[2026-06-17T09:57:38.119+0800][45.635s][info][gc,heap        ] GC(1826) ParOldGen: 42742K(44032K)->26121K(44032K)
[2026-06-17T09:57:38.119+0800][45.635s][info][gc,metaspace   ] GC(1826) Metaspace: 153K(384K)->153K(384K) NonClass: 148K(256K)->148K(256K) Class: 4K(128K)->4K(128K)
[2026-06-17T09:57:38.121+0800][45.637s][info][gc             ] GC(1826) Pause Full (Ergonomics) 53M->25M(57M) 39.480ms
[2026-06-17T09:57:38.123+0800][45.639s][info][gc,cpu         ] GC(1826) User=0.00s Sys=0.01s Real=0.05s
[2026-06-17T09:57:38.146+0800][45.662s][info][gc,start       ] GC(1827) Pause Young (Allocation Failure)
[2026-06-17T09:57:38.147+0800][45.663s][info][gc,heap        ] GC(1827) PSYoungGen: 7168K(14336K)->3918K(14336K) Eden: 7168K(7168K)->0K(7168K) From: 0K(7168K)->3918K(7168K)
[2026-06-17T09:57:38.147+0800][45.664s][info][gc,heap        ] GC(1827) ParOldGen: 26121K(44032K)->26121K(44032K)
[2026-06-17T09:57:38.148+0800][45.664s][info][gc,metaspace   ] GC(1827) Metaspace: 153K(384K)->153K(384K) NonClass: 148K(256K)->148K(256K) Class: 4K(128K)->4K(128K)
[2026-06-17T09:57:38.148+0800][45.664s][info][gc             ] GC(1827) Pause Young (Allocation Failure) 32M->29M(57M) 2.261ms
[2026-06-17T09:57:38.149+0800][45.665s][info][gc,cpu         ] GC(1827) User=0.00s Sys=0.00s Real=0.00s
[2026-06-17T09:57:38.170+0800][45.686s][info][gc,start       ] GC(1828) Pause Young (Allocation Failure)
[2026-06-17T09:57:38.172+0800][45.688s][info][gc,heap        ] GC(1828) PSYoungGen: 11054K(14336K)->1772K(14336K) Eden: 7135K(7168K)->0K(7168K) From: 3918K(7168K)->1772K(7168K)
[2026-06-17T09:57:38.173+0800][45.689s][info][gc,heap        ] GC(1828) ParOldGen: 26121K(44032K)->28792K(44032K)
[2026-06-17T09:57:38.176+0800][45.692s][info][gc,metaspace   ] GC(1828) Metaspace: 153K(384K)->153K(384K) NonClass: 148K(256K)->148K(256K) Class: 4K(128K)->4K(128K)
[2026-06-17T09:57:38.176+0800][45.692s][info][gc             ] GC(1828) Pause Young (Allocation Failure) 36M->29M(57M) 6.346ms
[2026-06-17T09:57:38.182+0800][45.698s][info][gc,cpu         ] GC(1828) User=0.00s Sys=0.00s Real=0.01s
[2026-06-17T09:57:38.207+0800][45.723s][info][gc,start       ] GC(1829) Pause Young (Allocation Failure)
[2026-06-17T09:57:38.213+0800][45.729s][info][gc,heap        ] GC(1829) PSYoungGen: 8921K(14336K)->182K(14336K) Eden: 7149K(7168K)->0K(7168K) From: 1772K(7168K)->182K(7168K)
[2026-06-17T09:57:38.218+0800][45.734s][info][gc,heap        ] GC(1829) ParOldGen: 28792K(44032K)->30540K(44032K)
[2026-06-17T09:57:38.222+0800][45.738s][info][gc,metaspace   ] GC(1829) Metaspace: 153K(384K)->153K(384K) NonClass: 148K(256K)->148K(256K) Class: 4K(128K)->4K(128K)
[2026-06-17T09:57:38.227+0800][45.743s][info][gc             ] GC(1829) Pause Young (Allocation Failure) 36M->30M(57M) 19.823ms
[2026-06-17T09:57:38.231+0800][45.747s][info][gc,cpu         ] GC(1829) User=0.00s Sys=0.00s Real=0.03s
[2026-06-17T09:57:38.246+0800][45.762s][info][gc,start       ] GC(1830) Pause Young (Allocation Failure)
[2026-06-17T09:57:38.250+0800][45.766s][info][gc,heap        ] GC(1830) PSYoungGen: 7320K(14336K)->3951K(14336K) Eden: 7138K(7168K)->0K(7168K) From: 182K(7168K)->3951K(7168K)
[2026-06-17T09:57:38.254+0800][45.770s][info][gc,heap        ] GC(1830) ParOldGen: 30540K(44032K)->30540K(44032K)
[2026-06-17T09:57:38.255+0800][45.771s][info][gc,metaspace   ] GC(1830) Metaspace: 153K(384K)->153K(384K) NonClass: 148K(256K)->148K(256K) Class: 4K(128K)->4K(128K)
[2026-06-17T09:57:38.255+0800][45.771s][info][gc             ] GC(1830) Pause Young (Allocation Failure) 36M->33M(57M) 9.837ms
[2026-06-17T09:57:38.256+0800][45.772s][info][gc,cpu         ] GC(1830) User=0.00s Sys=0.00s Real=0.01s
[2026-06-17T09:57:38.277+0800][45.793s][info][gc,start       ] GC(1831) Pause Young (Allocation Failure)
[2026-06-17T09:57:38.277+0800][45.793s][info][gc,heap        ] GC(1831) PSYoungGen: 11089K(14336K)->2608K(14336K) Eden: 7137K(7168K)->0K(7168K) From: 3951K(7168K)->2608K(7168K)
[2026-06-17T09:57:38.277+0800][45.793s][info][gc,heap        ] GC(1831) ParOldGen: 30540K(44032K)->32046K(44032K)
[2026-06-17T09:57:38.278+0800][45.794s][info][gc,metaspace   ] GC(1831) Metaspace: 153K(384K)->153K(384K) NonClass: 148K(256K)->148K(256K) Class: 4K(128K)->4K(128K)
[2026-06-17T09:57:38.278+0800][45.794s][info][gc             ] GC(1831) Pause Young (Allocation Failure) 40M->33M(57M) 1.087ms
[2026-06-17T09:57:38.278+0800][45.794s][info][gc,cpu         ] GC(1831) User=0.00s Sys=0.00s Real=0.00s
[2026-06-17T09:57:38.288+0800][45.804s][info][gc,start       ] GC(1832) Pause Young (Allocation Failure)
[2026-06-17T09:57:38.289+0800][45.805s][info][gc,heap        ] GC(1832) PSYoungGen: 8952K(14336K)->1906K(14336K) Eden: 6343K(7168K)->0K(7168K) From: 2608K(7168K)->1906K(7168K)
[2026-06-17T09:57:38.289+0800][45.805s][info][gc,heap        ] GC(1832) ParOldGen: 32046K(44032K)->32046K(44032K)
[2026-06-17T09:57:38.289+0800][45.805s][info][gc,metaspace   ] GC(1832) Metaspace: 153K(384K)->153K(384K) NonClass: 148K(256K)->148K(256K) Class: 4K(128K)->4K(128K)
[2026-06-17T09:57:38.290+0800][45.806s][info][gc             ] GC(1832) Pause Young (Allocation Failure) 40M->33M(57M) 1.283ms
[2026-06-17T09:57:38.290+0800][45.806s][info][gc,cpu         ] GC(1832) User=0.00s Sys=0.00s Real=0.00s
[2026-06-17T09:57:38.311+0800][45.827s][info][gc,start       ] GC(1833) Pause Young (Allocation Failure)
[2026-06-17T09:57:38.312+0800][45.828s][info][gc,heap        ] GC(1833) PSYoungGen: 9046K(14336K)->3733K(14336K) Eden: 7140K(7168K)->0K(7168K) From: 1906K(7168K)->3733K(7168K)
[2026-06-17T09:57:38.313+0800][45.829s][info][gc,heap        ] GC(1833) ParOldGen: 32046K(44032K)->33928K(44032K)
[2026-06-17T09:57:38.313+0800][45.829s][info][gc,metaspace   ] GC(1833) Metaspace: 153K(384K)->153K(384K) NonClass: 148K(256K)->148K(256K) Class: 4K(128K)->4K(128K)
[2026-06-17T09:57:38.313+0800][45.829s][info][gc             ] GC(1833) Pause Young (Allocation Failure) 40M->36M(57M) 1.745ms
[2026-06-17T09:57:38.313+0800][45.829s][info][gc,cpu         ] GC(1833) User=0.00s Sys=0.00s Real=0.00s
[2026-06-17T09:57:38.334+0800][45.850s][info][gc,start       ] GC(1834) Pause Young (Allocation Failure)
[2026-06-17T09:57:38.335+0800][45.851s][info][gc,heap        ] GC(1834) PSYoungGen: 10896K(14336K)->2469K(14336K) Eden: 7162K(7168K)->0K(7168K) From: 3733K(7168K)->2469K(7168K)
[2026-06-17T09:57:38.336+0800][45.852s][info][gc,heap        ] GC(1834) ParOldGen: 33928K(44032K)->34876K(44032K)
[2026-06-17T09:57:38.336+0800][45.852s][info][gc,metaspace   ] GC(1834) Metaspace: 157K(384K)->157K(384K) NonClass: 153K(256K)->153K(256K) Class: 4K(128K)->4K(128K)
[2026-06-17T09:57:38.336+0800][45.852s][info][gc             ] GC(1834) Pause Young (Allocation Failure) 43M->36M(57M) 1.534ms
[2026-06-17T09:57:38.336+0800][45.852s][info][gc,cpu         ] GC(1834) User=0.00s Sys=0.00s Real=0.00s
[2026-06-17T09:57:38.347+0800][45.863s][info][gc,start       ] GC(1835) Pause Young (Allocation Failure)
[2026-06-17T09:57:38.348+0800][45.864s][info][gc,heap        ] GC(1835) PSYoungGen: 9627K(14336K)->2568K(14336K) Eden: 7157K(7168K)->0K(7168K) From: 2469K(7168K)->2568K(7168K)
[2026-06-17T09:57:38.348+0800][45.864s][info][gc,heap        ] GC(1835) ParOldGen: 34876K(44032K)->34876K(44032K)
[2026-06-17T09:57:38.348+0800][45.864s][info][gc,metaspace   ] GC(1835) Metaspace: 157K(384K)->157K(384K) NonClass: 153K(256K)->153K(256K) Class: 4K(128K)->4K(128K)
[2026-06-17T09:57:38.348+0800][45.864s][info][gc             ] GC(1835) Pause Young (Allocation Failure) 43M->36M(57M) 1.105ms
[2026-06-17T09:57:38.348+0800][45.864s][info][gc,cpu         ] GC(1835) User=0.00s Sys=0.00s Real=0.00s
[2026-06-17T09:57:38.369+0800][45.885s][info][gc,start       ] GC(1836) Pause Young (Allocation Failure)
[2026-06-17T09:57:38.370+0800][45.886s][info][gc,heap        ] GC(1836) PSYoungGen: 9736K(14336K)->6129K(14336K) Eden: 7168K(7168K)->0K(7168K) From: 2568K(7168K)->6129K(7168K)
[2026-06-17T09:57:38.370+0800][45.886s][info][gc,heap        ] GC(1836) ParOldGen: 34876K(44032K)->34876K(44032K)
[2026-06-17T09:57:38.371+0800][45.887s][info][gc,metaspace   ] GC(1836) Metaspace: 157K(384K)->157K(384K) NonClass: 153K(256K)->153K(256K) Class: 4K(128K)->4K(128K)
[2026-06-17T09:57:38.374+0800][45.890s][info][gc             ] GC(1836) Pause Young (Allocation Failure) 43M->40M(57M) 4.347ms
[2026-06-17T09:57:38.374+0800][45.890s][info][gc,cpu         ] GC(1836) User=0.00s Sys=0.00s Real=0.01s
[2026-06-17T09:57:38.395+0800][45.911s][info][gc,start       ] GC(1837) Pause Young (Allocation Failure)
[2026-06-17T09:57:38.397+0800][45.913s][info][gc,heap        ] GC(1837) PSYoungGen: 13239K(14336K)->3799K(14336K) Eden: 7109K(7168K)->0K(7168K) From: 6129K(7168K)->3799K(7168K)
[2026-06-17T09:57:38.398+0800][45.914s][info][gc,heap        ] GC(1837) ParOldGen: 34876K(44032K)->37397K(44032K)
[2026-06-17T09:57:38.398+0800][45.914s][info][gc,metaspace   ] GC(1837) Metaspace: 157K(384K)->157K(384K) NonClass: 153K(256K)->153K(256K) Class: 4K(128K)->4K(128K)
[2026-06-17T09:57:38.398+0800][45.914s][info][gc             ] GC(1837) Pause Young (Allocation Failure) 46M->40M(57M) 3.269ms
[2026-06-17T09:57:38.399+0800][45.915s][info][gc,cpu         ] GC(1837) User=0.00s Sys=0.00s Real=0.00s
[2026-06-17T09:57:38.420+0800][45.936s][info][gc,start       ] GC(1838) Pause Young (Allocation Failure)
[2026-06-17T09:57:38.421+0800][45.937s][info][gc,heap        ] GC(1838) PSYoungGen: 10958K(14336K)->4358K(14336K) Eden: 7158K(7168K)->0K(7168K) From: 3799K(7168K)->4358K(7168K)
[2026-06-17T09:57:38.421+0800][45.937s][info][gc,heap        ] GC(1838) ParOldGen: 37397K(44032K)->37397K(44032K)
[2026-06-17T09:57:38.422+0800][45.938s][info][gc,metaspace   ] GC(1838) Metaspace: 157K(384K)->157K(384K) NonClass: 153K(256K)->153K(256K) Class: 4K(128K)->4K(128K)
[2026-06-17T09:57:38.422+0800][45.938s][info][gc             ] GC(1838) Pause Young (Allocation Failure) 47M->40M(57M) 2.226ms
[2026-06-17T09:57:38.423+0800][45.939s][info][gc,cpu         ] GC(1838) User=0.00s Sys=0.00s Real=0.01s
[2026-06-17T09:57:38.435+0800][45.951s][info][gc,start       ] GC(1839) Pause Young (Allocation Failure)
[2026-06-17T09:57:38.441+0800][45.957s][info][gc,heap        ] GC(1839) PSYoungGen: 11526K(14336K)->7139K(14336K) Eden: 7167K(7168K)->0K(7168K) From: 4358K(7168K)->7139K(7168K)
[2026-06-17T09:57:38.442+0800][45.958s][info][gc,heap        ] GC(1839) ParOldGen: 37397K(44032K)->38572K(44032K)
[2026-06-17T09:57:38.442+0800][45.958s][info][gc,metaspace   ] GC(1839) Metaspace: 157K(384K)->157K(384K) NonClass: 153K(256K)->153K(256K) Class: 4K(128K)->4K(128K)
[2026-06-17T09:57:38.442+0800][45.958s][info][gc             ] GC(1839) Pause Young (Allocation Failure) 47M->44M(57M) 7.746ms
[2026-06-17T09:57:38.443+0800][45.959s][info][gc,cpu         ] GC(1839) User=0.00s Sys=0.00s Real=0.01s
[2026-06-17T09:57:38.464+0800][45.980s][info][gc,start       ] GC(1840) Pause Young (Allocation Failure)
[2026-06-17T09:57:38.465+0800][45.981s][info][gc,heap        ] GC(1840) PSYoungGen: 14277K(14336K)->5275K(14336K) Eden: 7138K(7168K)->0K(7168K) From: 7139K(7168K)->5275K(7168K)
[2026-06-17T09:57:38.466+0800][45.982s][info][gc,heap        ] GC(1840) ParOldGen: 38572K(44032K)->40465K(44032K)
[2026-06-17T09:57:38.466+0800][45.982s][info][gc,metaspace   ] GC(1840) Metaspace: 157K(384K)->157K(384K) NonClass: 153K(256K)->153K(256K) Class: 4K(128K)->4K(128K)
[2026-06-17T09:57:38.467+0800][45.983s][info][gc             ] GC(1840) Pause Young (Allocation Failure) 51M->44M(57M) 2.648ms
[2026-06-17T09:57:38.467+0800][45.983s][info][gc,cpu         ] GC(1840) User=0.00s Sys=0.00s Real=0.00s
[2026-06-17T09:57:38.488+0800][46.004s][info][gc,start       ] GC(1841) Pause Young (Allocation Failure)
[2026-06-17T09:57:38.491+0800][46.007s][info][gc,heap        ] GC(1841) PSYoungGen: 12419K(14336K)->3236K(14336K) Eden: 7144K(7168K)->0K(7168K) From: 5275K(7168K)->3236K(7168K)
[2026-06-17T09:57:38.491+0800][46.007s][info][gc,heap        ] GC(1841) ParOldGen: 40465K(44032K)->42420K(44032K)
[2026-06-17T09:57:38.492+0800][46.008s][info][gc,metaspace   ] GC(1841) Metaspace: 157K(384K)->157K(384K) NonClass: 153K(256K)->153K(256K) Class: 4K(128K)->4K(128K)
[2026-06-17T09:57:38.492+0800][46.008s][info][gc             ] GC(1841) Pause Young (Allocation Failure) 51M->44M(57M) 3.639ms
[2026-06-17T09:57:38.492+0800][46.008s][info][gc,cpu         ] GC(1841) User=0.00s Sys=0.00s Real=0.01s
[2026-06-17T09:57:38.504+0800][46.020s][info][gc,start       ] GC(1842) Pause Full (Ergonomics)
[2026-06-17T09:57:38.504+0800][46.020s][info][gc,phases,start] GC(1842) Marking Phase
[2026-06-17T09:57:38.505+0800][46.021s][info][gc,phases      ] GC(1842) Marking Phase 0.813ms
[2026-06-17T09:57:38.505+0800][46.021s][info][gc,phases,start] GC(1842) Summary Phase
[2026-06-17T09:57:38.505+0800][46.021s][info][gc,phases      ] GC(1842) Summary Phase 0.325ms
[2026-06-17T09:57:38.506+0800][46.022s][info][gc,phases,start] GC(1842) Adjust Roots
[2026-06-17T09:57:38.506+0800][46.022s][info][gc,phases      ] GC(1842) Adjust Roots 0.404ms
[2026-06-17T09:57:38.506+0800][46.022s][info][gc,phases,start] GC(1842) Compaction Phase
[2026-06-17T09:57:38.508+0800][46.024s][info][gc,phases      ] GC(1842) Compaction Phase 1.915ms
[2026-06-17T09:57:38.509+0800][46.025s][info][gc,phases,start] GC(1842) Post Compact
[2026-06-17T09:57:38.510+0800][46.026s][info][gc,phases      ] GC(1842) Post Compact 0.339ms
[2026-06-17T09:57:38.510+0800][46.026s][info][gc,heap        ] GC(1842) PSYoungGen: 10299K(14336K)->0K(14336K) Eden: 7062K(7168K)->0K(7168K) From: 3236K(7168K)->0K(7168K)
[2026-06-17T09:57:38.510+0800][46.026s][info][gc,heap        ] GC(1842) ParOldGen: 42420K(44032K)->32668K(44032K)
[2026-06-17T09:57:38.510+0800][46.026s][info][gc,metaspace   ] GC(1842) Metaspace: 157K(384K)->157K(384K) NonClass: 153K(256K)->153K(256K) Class: 4K(128K)->4K(128K)
[2026-06-17T09:57:38.510+0800][46.026s][info][gc             ] GC(1842) Pause Full (Ergonomics) 51M->31M(57M) 6.814ms
[2026-06-17T09:57:38.511+0800][46.027s][info][gc,cpu         ] GC(1842) User=0.01s Sys=0.00s Real=0.01s
[2026-06-17T09:57:38.532+0800][46.048s][info][gc,start       ] GC(1843) Pause Young (Allocation Failure)
[2026-06-17T09:57:38.533+0800][46.049s][info][gc,heap        ] GC(1843) PSYoungGen: 7155K(14336K)->3560K(14336K) Eden: 7155K(7168K)->0K(7168K) From: 0K(7168K)->3560K(7168K)
[2026-06-17T09:57:38.533+0800][46.049s][info][gc,heap        ] GC(1843) ParOldGen: 32668K(44032K)->32668K(44032K)
[2026-06-17T09:57:38.533+0800][46.049s][info][gc,metaspace   ] GC(1843) Metaspace: 157K(384K)->157K(384K) NonClass: 153K(256K)->153K(256K) Class: 4K(128K)->4K(128K)
[2026-06-17T09:57:38.533+0800][46.049s][info][gc             ] GC(1843) Pause Young (Allocation Failure) 38M->35M(57M) 1.764ms
[2026-06-17T09:57:38.534+0800][46.050s][info][gc,cpu         ] GC(1843) User=0.00s Sys=0.00s Real=0.00s
[2026-06-17T09:57:38.544+0800][46.060s][info][gc,start       ] GC(1844) Pause Young (Allocation Failure)
[2026-06-17T09:57:38.545+0800][46.061s][info][gc,heap        ] GC(1844) PSYoungGen: 10593K(14336K)->1898K(14336K) Eden: 7032K(7168K)->0K(7168K) From: 3560K(7168K)->1898K(7168K)
[2026-06-17T09:57:38.545+0800][46.061s][info][gc,heap        ] GC(1844) ParOldGen: 32668K(44032K)->34110K(44032K)
[2026-06-17T09:57:38.546+0800][46.062s][info][gc,metaspace   ] GC(1844) Metaspace: 157K(384K)->157K(384K) NonClass: 153K(256K)->153K(256K) Class: 4K(128K)->4K(128K)
[2026-06-17T09:57:38.546+0800][46.062s][info][gc             ] GC(1844) Pause Young (Allocation Failure) 42M->35M(57M) 1.425ms
[2026-06-17T09:57:38.546+0800][46.062s][info][gc,cpu         ] GC(1844) User=0.00s Sys=0.00s Real=0.00s
[2026-06-17T09:57:38.567+0800][46.083s][info][gc,start       ] GC(1845) Pause Young (Allocation Failure)
[2026-06-17T09:57:38.569+0800][46.085s][info][gc,heap        ] GC(1845) PSYoungGen: 9042K(14336K)->3685K(14336K) Eden: 7143K(7168K)->0K(7168K) From: 1898K(7168K)->3685K(7168K)
[2026-06-17T09:57:38.569+0800][46.085s][info][gc,heap        ] GC(1845) ParOldGen: 34110K(44032K)->35984K(44032K)
[2026-06-17T09:57:38.569+0800][46.085s][info][gc,metaspace   ] GC(1845) Metaspace: 157K(384K)->157K(384K) NonClass: 153K(256K)->153K(256K) Class: 4K(128K)->4K(128K)
[2026-06-17T09:57:38.570+0800][46.086s][info][gc             ] GC(1845) Pause Young (Allocation Failure) 42M->38M(57M) 2.441ms
[2026-06-17T09:57:38.570+0800][46.086s][info][gc,cpu         ] GC(1845) User=0.00s Sys=0.00s Real=0.00s
[2026-06-17T09:57:38.591+0800][46.107s][info][gc,start       ] GC(1846) Pause Young (Allocation Failure)
[2026-06-17T09:57:38.592+0800][46.108s][info][gc,heap        ] GC(1846) PSYoungGen: 10843K(14336K)->3494K(14336K) Eden: 7158K(7168K)->0K(7168K) From: 3685K(7168K)->3494K(7168K)
[2026-06-17T09:57:38.592+0800][46.108s][info][gc,heap        ] GC(1846) ParOldGen: 35984K(44032K)->36650K(44032K)
[2026-06-17T09:57:38.592+0800][46.108s][info][gc,metaspace   ] GC(1846) Metaspace: 157K(384K)->157K(384K) NonClass: 153K(256K)->153K(256K) Class: 4K(128K)->4K(128K)
[2026-06-17T09:57:38.593+0800][46.109s][info][gc             ] GC(1846) Pause Young (Allocation Failure) 45M->39M(57M) 1.369ms
[2026-06-17T09:57:38.593+0800][46.109s][info][gc,cpu         ] GC(1846) User=0.00s Sys=0.00s Real=0.00s
[2026-06-17T09:57:38.614+0800][46.130s][info][gc,start       ] GC(1847) Pause Young (Allocation Failure)
[2026-06-17T09:57:38.615+0800][46.131s][info][gc,heap        ] GC(1847) PSYoungGen: 10638K(14336K)->3806K(14848K) Eden: 7143K(7168K)->0K(7680K) From: 3494K(7168K)->3806K(7168K)
[2026-06-17T09:57:38.615+0800][46.131s][info][gc,heap        ] GC(1847) ParOldGen: 36650K(44032K)->36650K(44032K)
[2026-06-17T09:57:38.615+0800][46.131s][info][gc,metaspace   ] GC(1847) Metaspace: 157K(384K)->157K(384K) NonClass: 153K(256K)->153K(256K) Class: 4K(128K)->4K(128K)
[2026-06-17T09:57:38.615+0800][46.131s][info][gc             ] GC(1847) Pause Young (Allocation Failure) 46M->39M(57M) 1.300ms
[2026-06-17T09:57:38.615+0800][46.131s][info][gc,cpu         ] GC(1847) User=0.01s Sys=0.00s Real=0.00s
[2026-06-17T09:57:38.637+0800][46.153s][info][gc,start       ] GC(1848) Pause Young (Allocation Failure)
[2026-06-17T09:57:38.638+0800][46.154s][info][gc,heap        ] GC(1848) PSYoungGen: 11469K(14848K)->4641K(14336K) Eden: 7663K(7680K)->0K(7680K) From: 3806K(7168K)->4641K(6656K)
[2026-06-17T09:57:38.638+0800][46.154s][info][gc,heap        ] GC(1848) ParOldGen: 36650K(44032K)->36650K(44032K)
[2026-06-17T09:57:38.638+0800][46.154s][info][gc,metaspace   ] GC(1848) Metaspace: 157K(384K)->157K(384K) NonClass: 153K(256K)->153K(256K) Class: 4K(128K)->4K(128K)
[2026-06-17T09:57:38.638+0800][46.154s][info][gc             ] GC(1848) Pause Young (Allocation Failure) 46M->40M(57M) 1.429ms
[2026-06-17T09:57:38.638+0800][46.154s][info][gc,cpu         ] GC(1848) User=0.00s Sys=0.00s Real=0.00s
[2026-06-17T09:57:38.649+0800][46.165s][info][gc,start       ] GC(1849) Pause Young (Allocation Failure)
[2026-06-17T09:57:38.650+0800][46.166s][info][gc,heap        ] GC(1849) PSYoungGen: 12302K(14336K)->5419K(13824K) Eden: 7661K(7680K)->0K(7168K) From: 4641K(6656K)->5419K(6656K)
[2026-06-17T09:57:38.650+0800][46.166s][info][gc,heap        ] GC(1849) ParOldGen: 36650K(44032K)->36650K(44032K)
[2026-06-17T09:57:38.650+0800][46.166s][info][gc,metaspace   ] GC(1849) Metaspace: 157K(384K)->157K(384K) NonClass: 153K(256K)->153K(256K) Class: 4K(128K)->4K(128K)
[2026-06-17T09:57:38.650+0800][46.167s][info][gc             ] GC(1849) Pause Young (Allocation Failure) 47M->41M(56M) 1.429ms
[2026-06-17T09:57:38.651+0800][46.167s][info][gc,cpu         ] GC(1849) User=0.00s Sys=0.00s Real=0.01s
[2026-06-17T09:57:38.672+0800][46.188s][info][gc,start       ] GC(1850) Pause Young (Allocation Failure)
[2026-06-17T09:57:38.673+0800][46.189s][info][gc,heap        ] GC(1850) PSYoungGen: 12563K(13824K)->7110K(14336K) Eden: 7144K(7168K)->0K(7168K) From: 5419K(6656K)->7110K(7168K)
[2026-06-17T09:57:38.673+0800][46.189s][info][gc,heap        ] GC(1850) ParOldGen: 36650K(44032K)->38935K(44032K)
[2026-06-17T09:57:38.673+0800][46.189s][info][gc,metaspace   ] GC(1850) Metaspace: 157K(384K)->157K(384K) NonClass: 153K(256K)->153K(256K) Class: 4K(128K)->4K(128K)
[2026-06-17T09:57:38.673+0800][46.189s][info][gc             ] GC(1850) Pause Young (Allocation Failure) 48M->44M(57M) 1.688ms
[2026-06-17T09:57:38.674+0800][46.190s][info][gc,cpu         ] GC(1850) User=0.00s Sys=0.00s Real=0.00s
[2026-06-17T09:57:38.695+0800][46.211s][info][gc,start       ] GC(1851) Pause Young (Allocation Failure)
[2026-06-17T09:57:38.696+0800][46.212s][info][gc,heap        ] GC(1851) PSYoungGen: 14230K(14336K)->5609K(14336K) Eden: 7119K(7168K)->0K(7168K) From: 7110K(7168K)->5609K(7168K)
[2026-06-17T09:57:38.696+0800][46.212s][info][gc,heap        ] GC(1851) ParOldGen: 38935K(44032K)->40875K(44032K)
[2026-06-17T09:57:38.696+0800][46.212s][info][gc,metaspace   ] GC(1851) Metaspace: 157K(384K)->157K(384K) NonClass: 153K(256K)->153K(256K) Class: 4K(128K)->4K(128K)
[2026-06-17T09:57:38.696+0800][46.212s][info][gc             ] GC(1851) Pause Young (Allocation Failure) 51M->45M(57M) 1.855ms
[2026-06-17T09:57:38.697+0800][46.213s][info][gc,cpu         ] GC(1851) User=0.01s Sys=0.00s Real=0.00s
[2026-06-17T09:57:38.718+0800][46.234s][info][gc,start       ] GC(1852) Pause Full (Ergonomics)
[2026-06-17T09:57:38.718+0800][46.234s][info][gc,phases,start] GC(1852) Marking Phase
[2026-06-17T09:57:38.719+0800][46.235s][info][gc,phases      ] GC(1852) Marking Phase 0.819ms
[2026-06-17T09:57:38.719+0800][46.235s][info][gc,phases,start] GC(1852) Summary Phase
[2026-06-17T09:57:38.719+0800][46.235s][info][gc,phases      ] GC(1852) Summary Phase 0.174ms
[2026-06-17T09:57:38.719+0800][46.235s][info][gc,phases,start] GC(1852) Adjust Roots
[2026-06-17T09:57:38.720+0800][46.236s][info][gc,phases      ] GC(1852) Adjust Roots 0.334ms
[2026-06-17T09:57:38.720+0800][46.236s][info][gc,phases,start] GC(1852) Compaction Phase
[2026-06-17T09:57:38.721+0800][46.237s][info][gc,phases      ] GC(1852) Compaction Phase 1.580ms
[2026-06-17T09:57:38.721+0800][46.238s][info][gc,phases,start] GC(1852) Post Compact
[2026-06-17T09:57:38.722+0800][46.238s][info][gc,phases      ] GC(1852) Post Compact 0.292ms
[2026-06-17T09:57:38.722+0800][46.238s][info][gc,heap        ] GC(1852) PSYoungGen: 12756K(14336K)->0K(14336K) Eden: 7146K(7168K)->0K(7168K) From: 5609K(7168K)->0K(7168K)
[2026-06-17T09:57:38.722+0800][46.238s][info][gc,heap        ] GC(1852) ParOldGen: 40875K(44032K)->21747K(44032K)
[2026-06-17T09:57:38.722+0800][46.238s][info][gc,metaspace   ] GC(1852) Metaspace: 157K(384K)->157K(384K) NonClass: 153K(256K)->153K(256K) Class: 4K(128K)->4K(128K)
[2026-06-17T09:57:38.722+0800][46.238s][info][gc             ] GC(1852) Pause Full (Ergonomics) 52M->21M(57M) 4.701ms
[2026-06-17T09:57:38.722+0800][46.238s][info][gc,cpu         ] GC(1852) User=0.00s Sys=0.00s Real=0.00s
[2026-06-17T09:57:38.734+0800][46.250s][info][gc,start       ] GC(1853) Pause Young (Allocation Failure)
[2026-06-17T09:57:38.734+0800][46.251s][info][gc,heap        ] GC(1853) PSYoungGen: 7164K(14336K)->6831K(14336K) Eden: 7164K(7168K)->0K(7168K) From: 0K(7168K)->6831K(7168K)
[2026-06-17T09:57:38.735+0800][46.251s][info][gc,heap        ] GC(1853) ParOldGen: 21747K(44032K)->22124K(44032K)
[2026-06-17T09:57:38.735+0800][46.251s][info][gc,metaspace   ] GC(1853) Metaspace: 157K(384K)->157K(384K) NonClass: 153K(256K)->153K(256K) Class: 4K(128K)->4K(128K)
[2026-06-17T09:57:38.735+0800][46.251s][info][gc             ] GC(1853) Pause Young (Allocation Failure) 28M->28M(57M) 1.378ms
[2026-06-17T09:57:38.735+0800][46.251s][info][gc,cpu         ] GC(1853) User=0.00s Sys=0.00s Real=0.00s
[2026-06-17T09:57:38.756+0800][46.272s][info][gc,start       ] GC(1854) Pause Young (Allocation Failure)
[2026-06-17T09:57:38.757+0800][46.273s][info][gc,heap        ] GC(1854) PSYoungGen: 13990K(14336K)->7164K(14336K) Eden: 7159K(7168K)->0K(7168K) From: 6831K(7168K)->7164K(7168K)
[2026-06-17T09:57:38.757+0800][46.273s][info][gc,heap        ] GC(1854) ParOldGen: 22124K(44032K)->22124K(44032K)
[2026-06-17T09:57:38.757+0800][46.273s][info][gc,metaspace   ] GC(1854) Metaspace: 157K(384K)->157K(384K) NonClass: 153K(256K)->153K(256K) Class: 4K(128K)->4K(128K)
[2026-06-17T09:57:38.758+0800][46.274s][info][gc             ] GC(1854) Pause Young (Allocation Failure) 35M->28M(57M) 1.412ms
[2026-06-17T09:57:38.758+0800][46.274s][info][gc,cpu         ] GC(1854) User=0.00s Sys=0.00s Real=0.00s
[2026-06-17T09:57:38.779+0800][46.295s][info][gc,start       ] GC(1855) Pause Young (Allocation Failure)
[2026-06-17T09:57:38.780+0800][46.296s][info][gc,heap        ] GC(1855) PSYoungGen: 14327K(14336K)->2762K(14336K) Eden: 7163K(7168K)->0K(7168K) From: 7164K(7168K)->2762K(7168K)
[2026-06-17T09:57:38.780+0800][46.296s][info][gc,heap        ] GC(1855) ParOldGen: 22124K(44032K)->26799K(44032K)
[2026-06-17T09:57:38.780+0800][46.296s][info][gc,metaspace   ] GC(1855) Metaspace: 157K(384K)->157K(384K) NonClass: 153K(256K)->153K(256K) Class: 4K(128K)->4K(128K)
[2026-06-17T09:57:38.780+0800][46.296s][info][gc             ] GC(1855) Pause Young (Allocation Failure) 35M->28M(57M) 1.730ms
[2026-06-17T09:57:38.780+0800][46.296s][info][gc,cpu         ] GC(1855) User=0.00s Sys=0.00s Real=0.00s
[2026-06-17T09:57:38.791+0800][46.307s][info][gc,start       ] GC(1856) Pause Young (Allocation Failure)
[2026-06-17T09:57:38.792+0800][46.308s][info][gc,heap        ] GC(1856) PSYoungGen: 9733K(14336K)->465K(14336K) Eden: 6970K(7168K)->0K(7168K) From: 2762K(7168K)->465K(7168K)
[2026-06-17T09:57:38.792+0800][46.308s][info][gc,heap        ] GC(1856) ParOldGen: 26799K(44032K)->28869K(44032K)
[2026-06-17T09:57:38.793+0800][46.309s][info][gc,metaspace   ] GC(1856) Metaspace: 157K(384K)->157K(384K) NonClass: 153K(256K)->153K(256K) Class: 4K(128K)->4K(128K)
[2026-06-17T09:57:38.793+0800][46.309s][info][gc             ] GC(1856) Pause Young (Allocation Failure) 35M->28M(57M) 1.598ms
[2026-06-17T09:57:38.793+0800][46.309s][info][gc,cpu         ] GC(1856) User=0.00s Sys=0.00s Real=0.00s
[2026-06-17T09:57:38.814+0800][46.330s][info][gc,start       ] GC(1857) Pause Young (Allocation Failure)
[2026-06-17T09:57:38.815+0800][46.331s][info][gc,heap        ] GC(1857) PSYoungGen: 7627K(14336K)->3596K(14336K) Eden: 7162K(7168K)->0K(7168K) From: 465K(7168K)->3596K(7168K)
[2026-06-17T09:57:38.815+0800][46.331s][info][gc,heap        ] GC(1857) ParOldGen: 28869K(44032K)->29310K(44032K)
[2026-06-17T09:57:38.815+0800][46.331s][info][gc,metaspace   ] GC(1857) Metaspace: 157K(384K)->157K(384K) NonClass: 153K(256K)->153K(256K) Class: 4K(128K)->4K(128K)
[2026-06-17T09:57:38.815+0800][46.331s][info][gc             ] GC(1857) Pause Young (Allocation Failure) 35M->32M(57M) 1.353ms
[2026-06-17T09:57:38.816+0800][46.332s][info][gc,cpu         ] GC(1857) User=0.00s Sys=0.00s Real=0.00s
[2026-06-17T09:57:38.836+0800][46.352s][info][gc,start       ] GC(1858) Pause Young (Allocation Failure)
[2026-06-17T09:57:38.837+0800][46.353s][info][gc,heap        ] GC(1858) PSYoungGen: 10721K(14336K)->1903K(14336K) Eden: 7124K(7168K)->0K(7168K) From: 3596K(7168K)->1903K(7168K)
[2026-06-17T09:57:38.837+0800][46.353s][info][gc,heap        ] GC(1858) ParOldGen: 29310K(44032K)->31098K(44032K)
[2026-06-17T09:57:38.838+0800][46.354s][info][gc,metaspace   ] GC(1858) Metaspace: 157K(384K)->157K(384K) NonClass: 153K(256K)->153K(256K) Class: 4K(128K)->4K(128K)
[2026-06-17T09:57:38.838+0800][46.354s][info][gc             ] GC(1858) Pause Young (Allocation Failure) 39M->32M(57M) 1.214ms
[2026-06-17T09:57:38.838+0800][46.354s][info][gc,cpu         ] GC(1858) User=0.00s Sys=0.00s Real=0.00s
[2026-06-17T09:57:38.859+0800][46.375s][info][gc,start       ] GC(1859) Pause Young (Allocation Failure)
[2026-06-17T09:57:38.859+0800][46.375s][info][gc,heap        ] GC(1859) PSYoungGen: 9048K(14336K)->131K(14336K) Eden: 7145K(7168K)->0K(7168K) From: 1903K(7168K)->131K(7168K)
[2026-06-17T09:57:38.860+0800][46.376s][info][gc,heap        ] GC(1859) ParOldGen: 31098K(44032K)->32767K(44032K)
[2026-06-17T09:57:38.860+0800][46.376s][info][gc,metaspace   ] GC(1859) Metaspace: 157K(384K)->157K(384K) NonClass: 153K(256K)->153K(256K) Class: 4K(128K)->4K(128K)
[2026-06-17T09:57:38.860+0800][46.376s][info][gc             ] GC(1859) Pause Young (Allocation Failure) 39M->32M(57M) 0.970ms
[2026-06-17T09:57:38.860+0800][46.376s][info][gc,cpu         ] GC(1859) User=0.00s Sys=0.00s Real=0.00s
[2026-06-17T09:57:38.871+0800][46.387s][info][gc,start       ] GC(1860) Pause Young (Allocation Failure)
[2026-06-17T09:57:38.872+0800][46.388s][info][gc,heap        ] GC(1860) PSYoungGen: 7275K(14336K)->3671K(14336K) Eden: 7144K(7168K)->0K(7168K) From: 131K(7168K)->3671K(7168K)
[2026-06-17T09:57:38.872+0800][46.388s][info][gc,heap        ] GC(1860) ParOldGen: 32767K(44032K)->32767K(44032K)
[2026-06-17T09:57:38.872+0800][46.388s][info][gc,metaspace   ] GC(1860) Metaspace: 157K(384K)->157K(384K) NonClass: 153K(256K)->153K(256K) Class: 4K(128K)->4K(128K)
[2026-06-17T09:57:38.872+0800][46.388s][info][gc             ] GC(1860) Pause Young (Allocation Failure) 39M->35M(57M) 1.302ms
[2026-06-17T09:57:38.872+0800][46.388s][info][gc,cpu         ] GC(1860) User=0.00s Sys=0.00s Real=0.00s
[2026-06-17T09:57:38.893+0800][46.409s][info][gc,start       ] GC(1861) Pause Young (Allocation Failure)
[2026-06-17T09:57:38.894+0800][46.410s][info][gc,heap        ] GC(1861) PSYoungGen: 10822K(14336K)->1095K(14336K) Eden: 7151K(7168K)->0K(7168K) From: 3671K(7168K)->1095K(7168K)
[2026-06-17T09:57:38.894+0800][46.410s][info][gc,heap        ] GC(1861) ParOldGen: 32767K(44032K)->35126K(44032K)
[2026-06-17T09:57:38.894+0800][46.410s][info][gc,metaspace   ] GC(1861) Metaspace: 157K(384K)->157K(384K) NonClass: 153K(256K)->153K(256K) Class: 4K(128K)->4K(128K)
[2026-06-17T09:57:38.894+0800][46.410s][info][gc             ] GC(1861) Pause Young (Allocation Failure) 42M->35M(57M) 1.257ms
[2026-06-17T09:57:38.894+0800][46.410s][info][gc,cpu         ] GC(1861) User=0.00s Sys=0.00s Real=0.00s
[2026-06-17T09:57:38.905+0800][46.421s][info][gc,start       ] GC(1862) Pause Young (Allocation Failure)
[2026-06-17T09:57:38.906+0800][46.422s][info][gc,heap        ] GC(1862) PSYoungGen: 7953K(14336K)->1286K(14336K) Eden: 6858K(7168K)->0K(7168K) From: 1095K(7168K)->1286K(7168K)
[2026-06-17T09:57:38.906+0800][46.422s][info][gc,heap        ] GC(1862) ParOldGen: 35126K(44032K)->35126K(44032K)
[2026-06-17T09:57:38.906+0800][46.422s][info][gc,metaspace   ] GC(1862) Metaspace: 157K(384K)->157K(384K) NonClass: 153K(256K)->153K(256K) Class: 4K(128K)->4K(128K)
[2026-06-17T09:57:38.906+0800][46.422s][info][gc             ] GC(1862) Pause Young (Allocation Failure) 42M->35M(57M) 0.985ms
[2026-06-17T09:57:38.906+0800][46.422s][info][gc,cpu         ] GC(1862) User=0.00s Sys=0.00s Real=0.00s
[2026-06-17T09:57:38.927+0800][46.443s][info][gc,start       ] GC(1863) Pause Young (Allocation Failure)
[2026-06-17T09:57:38.928+0800][46.444s][info][gc,heap        ] GC(1863) PSYoungGen: 8406K(14336K)->3653K(14336K) Eden: 7120K(7168K)->0K(7168K) From: 1286K(7168K)->3653K(7168K)
[2026-06-17T09:57:38.928+0800][46.444s][info][gc,heap        ] GC(1863) ParOldGen: 35126K(44032K)->36388K(44032K)
[2026-06-17T09:57:38.929+0800][46.445s][info][gc,metaspace   ] GC(1863) Metaspace: 157K(384K)->157K(384K) NonClass: 153K(256K)->153K(256K) Class: 4K(128K)->4K(128K)
[2026-06-17T09:57:38.929+0800][46.445s][info][gc             ] GC(1863) Pause Young (Allocation Failure) 42M->39M(57M) 1.328ms
[2026-06-17T09:57:38.929+0800][46.445s][info][gc,cpu         ] GC(1863) User=0.00s Sys=0.00s Real=0.00s
[2026-06-17T09:57:38.950+0800][46.466s][info][gc,start       ] GC(1864) Pause Young (Allocation Failure)
[2026-06-17T09:57:38.951+0800][46.467s][info][gc,heap        ] GC(1864) PSYoungGen: 10805K(14336K)->2918K(14336K) Eden: 7151K(7168K)->0K(7168K) From: 3653K(7168K)->2918K(7168K)
[2026-06-17T09:57:38.951+0800][46.467s][info][gc,heap        ] GC(1864) ParOldGen: 36388K(44032K)->37433K(44032K)
[2026-06-17T09:57:38.951+0800][46.467s][info][gc,metaspace   ] GC(1864) Metaspace: 157K(384K)->157K(384K) NonClass: 153K(256K)->153K(256K) Class: 4K(128K)->4K(128K)
[2026-06-17T09:57:38.952+0800][46.468s][info][gc             ] GC(1864) Pause Young (Allocation Failure) 46M->39M(57M) 1.791ms
[2026-06-17T09:57:38.952+0800][46.468s][info][gc,cpu         ] GC(1864) User=0.00s Sys=0.00s Real=0.01s
[2026-06-17T09:57:38.962+0800][46.478s][info][gc,start       ] GC(1865) Pause Young (Allocation Failure)
[2026-06-17T09:57:38.963+0800][46.479s][info][gc,heap        ] GC(1865) PSYoungGen: 10025K(14336K)->1058K(14336K) Eden: 7106K(7168K)->0K(7168K) From: 2918K(7168K)->1058K(7168K)
[2026-06-17T09:57:38.963+0800][46.479s][info][gc,heap        ] GC(1865) ParOldGen: 37433K(44032K)->39800K(44032K)
[2026-06-17T09:57:38.963+0800][46.480s][info][gc,metaspace   ] GC(1865) Metaspace: 157K(384K)->157K(384K) NonClass: 153K(256K)->153K(256K) Class: 4K(128K)->4K(128K)
[2026-06-17T09:57:38.964+0800][46.480s][info][gc             ] GC(1865) Pause Young (Allocation Failure) 46M->39M(57M) 1.193ms
[2026-06-17T09:57:38.964+0800][46.480s][info][gc,cpu         ] GC(1865) User=0.00s Sys=0.00s Real=0.01s
[2026-06-17T09:57:38.985+0800][46.501s][info][gc,start       ] GC(1866) Pause Young (Allocation Failure)
[2026-06-17T09:57:38.986+0800][46.502s][info][gc,heap        ] GC(1866) PSYoungGen: 8208K(14336K)->3422K(14336K) Eden: 7150K(7168K)->0K(7168K) From: 1058K(7168K)->3422K(7168K)
[2026-06-17T09:57:38.986+0800][46.502s][info][gc,heap        ] GC(1866) ParOldGen: 39800K(44032K)->40834K(44032K)
[2026-06-17T09:57:38.986+0800][46.502s][info][gc,metaspace   ] GC(1866) Metaspace: 157K(384K)->157K(384K) NonClass: 153K(256K)->153K(256K) Class: 4K(128K)->4K(128K)
[2026-06-17T09:57:38.986+0800][46.502s][info][gc             ] GC(1866) Pause Young (Allocation Failure) 46M->43M(57M) 1.531ms
[2026-06-17T09:57:38.986+0800][46.502s][info][gc,cpu         ] GC(1866) User=0.00s Sys=0.00s Real=0.00s
[2026-06-17T09:57:39.008+0800][46.524s][info][gc,start       ] GC(1867) Pause Full (Ergonomics)
[2026-06-17T09:57:39.008+0800][46.524s][info][gc,phases,start] GC(1867) Marking Phase
[2026-06-17T09:57:39.009+0800][46.525s][info][gc,phases      ] GC(1867) Marking Phase 0.991ms
[2026-06-17T09:57:39.009+0800][46.525s][info][gc,phases,start] GC(1867) Summary Phase
[2026-06-17T09:57:39.009+0800][46.525s][info][gc,phases      ] GC(1867) Summary Phase 0.224ms
[2026-06-17T09:57:39.010+0800][46.526s][info][gc,phases,start] GC(1867) Adjust Roots
[2026-06-17T09:57:39.010+0800][46.526s][info][gc,phases      ] GC(1867) Adjust Roots 0.383ms
[2026-06-17T09:57:39.010+0800][46.526s][info][gc,phases,start] GC(1867) Compaction Phase
[2026-06-17T09:57:39.012+0800][46.528s][info][gc,phases      ] GC(1867) Compaction Phase 1.736ms
[2026-06-17T09:57:39.012+0800][46.528s][info][gc,phases,start] GC(1867) Post Compact
[2026-06-17T09:57:39.013+0800][46.529s][info][gc,phases      ] GC(1867) Post Compact 0.352ms
[2026-06-17T09:57:39.013+0800][46.529s][info][gc,heap        ] GC(1867) PSYoungGen: 10582K(14336K)->0K(14336K) Eden: 7160K(7168K)->0K(7168K) From: 3422K(7168K)->0K(7168K)
[2026-06-17T09:57:39.013+0800][46.529s][info][gc,heap        ] GC(1867) ParOldGen: 40834K(44032K)->30416K(44032K)
[2026-06-17T09:57:39.014+0800][46.530s][info][gc,metaspace   ] GC(1867) Metaspace: 157K(384K)->157K(384K) NonClass: 153K(256K)->153K(256K) Class: 4K(128K)->4K(128K)
[2026-06-17T09:57:39.014+0800][46.530s][info][gc             ] GC(1867) Pause Full (Ergonomics) 50M->29M(57M) 6.213ms
[2026-06-17T09:57:39.014+0800][46.530s][info][gc,cpu         ] GC(1867) User=0.00s Sys=0.00s Real=0.01s
[2026-06-17T09:57:39.035+0800][46.551s][info][gc,start       ] GC(1868) Pause Young (Allocation Failure)
[2026-06-17T09:57:39.036+0800][46.552s][info][gc,heap        ] GC(1868) PSYoungGen: 7141K(14336K)->3633K(14336K) Eden: 7141K(7168K)->0K(7168K) From: 0K(7168K)->3633K(7168K)
[2026-06-17T09:57:39.036+0800][46.552s][info][gc,heap        ] GC(1868) ParOldGen: 30416K(44032K)->30416K(44032K)
[2026-06-17T09:57:39.036+0800][46.552s][info][gc,metaspace   ] GC(1868) Metaspace: 157K(384K)->157K(384K) NonClass: 153K(256K)->153K(256K) Class: 4K(128K)->4K(128K)
[2026-06-17T09:57:39.036+0800][46.552s][info][gc             ] GC(1868) Pause Young (Allocation Failure) 36M->33M(57M) 1.453ms
[2026-06-17T09:57:39.036+0800][46.552s][info][gc,cpu         ] GC(1868) User=0.00s Sys=0.00s Real=0.00s
[2026-06-17T09:57:39.047+0800][46.563s][info][gc,start       ] GC(1869) Pause Young (Allocation Failure)
[2026-06-17T09:57:39.048+0800][46.564s][info][gc,heap        ] GC(1869) PSYoungGen: 10783K(14336K)->6884K(14336K) Eden: 7150K(7168K)->0K(7168K) From: 3633K(7168K)->6884K(7168K)
[2026-06-17T09:57:39.049+0800][46.565s][info][gc,heap        ] GC(1869) ParOldGen: 30416K(44032K)->30416K(44032K)
[2026-06-17T09:57:39.049+0800][46.565s][info][gc,metaspace   ] GC(1869) Metaspace: 157K(384K)->157K(384K) NonClass: 153K(256K)->153K(256K) Class: 4K(128K)->4K(128K)
[2026-06-17T09:57:39.049+0800][46.565s][info][gc             ] GC(1869) Pause Young (Allocation Failure) 40M->36M(57M) 1.527ms
[2026-06-17T09:57:39.049+0800][46.565s][info][gc,cpu         ] GC(1869) User=0.00s Sys=0.00s Real=0.00s
[2026-06-17T09:57:39.070+0800][46.586s][info][gc,start       ] GC(1870) Pause Young (Allocation Failure)
[2026-06-17T09:57:39.071+0800][46.587s][info][gc,heap        ] GC(1870) PSYoungGen: 14009K(14336K)->4754K(14336K) Eden: 7125K(7168K)->0K(7168K) From: 6884K(7168K)->4754K(7168K)
[2026-06-17T09:57:39.072+0800][46.588s][info][gc,heap        ] GC(1870) ParOldGen: 30416K(44032K)->32686K(44032K)
[2026-06-17T09:57:39.072+0800][46.588s][info][gc,metaspace   ] GC(1870) Metaspace: 157K(384K)->157K(384K) NonClass: 153K(256K)->153K(256K) Class: 4K(128K)->4K(128K)
[2026-06-17T09:57:39.072+0800][46.588s][info][gc             ] GC(1870) Pause Young (Allocation Failure) 43M->36M(57M) 1.913ms
[2026-06-17T09:57:39.072+0800][46.588s][info][gc,cpu         ] GC(1870) User=0.01s Sys=0.00s Real=0.01s
[2026-06-17T09:57:39.093+0800][46.609s][info][gc,start       ] GC(1871) Pause Young (Allocation Failure)
[2026-06-17T09:57:39.094+0800][46.610s][info][gc,heap        ] GC(1871) PSYoungGen: 11896K(14336K)->2689K(14336K) Eden: 7141K(7168K)->0K(7168K) From: 4754K(7168K)->2689K(7168K)
[2026-06-17T09:57:39.094+0800][46.610s][info][gc,heap        ] GC(1871) ParOldGen: 32686K(44032K)->34880K(44032K)
[2026-06-17T09:57:39.095+0800][46.611s][info][gc,metaspace   ] GC(1871) Metaspace: 157K(384K)->157K(384K) NonClass: 153K(256K)->153K(256K) Class: 4K(128K)->4K(128K)
[2026-06-17T09:57:39.095+0800][46.611s][info][gc             ] GC(1871) Pause Young (Allocation Failure) 43M->36M(57M) 1.908ms
[2026-06-17T09:57:39.095+0800][46.611s][info][gc,cpu         ] GC(1871) User=0.00s Sys=0.00s Real=0.00s
[2026-06-17T09:57:39.106+0800][46.622s][info][gc,start       ] GC(1872) Pause Young (Allocation Failure)
[2026-06-17T09:57:39.107+0800][46.623s][info][gc,heap        ] GC(1872) PSYoungGen: 9788K(14336K)->739K(14336K) Eden: 7098K(7168K)->0K(7168K) From: 2689K(7168K)->739K(7168K)
[2026-06-17T09:57:39.107+0800][46.623s][info][gc,heap        ] GC(1872) ParOldGen: 34880K(44032K)->36861K(44032K)
[2026-06-17T09:57:39.108+0800][46.624s][info][gc,metaspace   ] GC(1872) Metaspace: 157K(384K)->157K(384K) NonClass: 153K(256K)->153K(256K) Class: 4K(128K)->4K(128K)
[2026-06-17T09:57:39.108+0800][46.624s][info][gc             ] GC(1872) Pause Young (Allocation Failure) 43M->36M(57M) 1.781ms
[2026-06-17T09:57:39.108+0800][46.624s][info][gc,cpu         ] GC(1872) User=0.00s Sys=0.00s Real=0.00s
[2026-06-17T09:57:39.129+0800][46.645s][info][gc,start       ] GC(1873) Pause Young (Allocation Failure)
[2026-06-17T09:57:39.132+0800][46.648s][info][gc,heap        ] GC(1873) PSYoungGen: 7899K(14336K)->3990K(14336K) Eden: 7160K(7168K)->0K(7168K) From: 739K(7168K)->3990K(7168K)
[2026-06-17T09:57:39.135+0800][46.651s][info][gc,heap        ] GC(1873) ParOldGen: 36861K(44032K)->37576K(44032K)
[2026-06-17T09:57:39.135+0800][46.651s][info][gc,metaspace   ] GC(1873) Metaspace: 157K(384K)->157K(384K) NonClass: 153K(256K)->153K(256K) Class: 4K(128K)->4K(128K)
[2026-06-17T09:57:39.135+0800][46.651s][info][gc             ] GC(1873) Pause Young (Allocation Failure) 43M->40M(57M) 5.782ms
[2026-06-17T09:57:39.135+0800][46.651s][info][gc,cpu         ] GC(1873) User=0.00s Sys=0.00s Real=0.01s
[2026-06-17T09:57:39.147+0800][46.663s][info][gc,start       ] GC(1874) Pause Young (Allocation Failure)
[2026-06-17T09:57:39.148+0800][46.664s][info][gc,heap        ] GC(1874) PSYoungGen: 10840K(14336K)->906K(14336K) Eden: 6850K(7168K)->0K(7168K) From: 3990K(7168K)->906K(7168K)
[2026-06-17T09:57:39.148+0800][46.664s][info][gc,heap        ] GC(1874) ParOldGen: 37576K(44032K)->40349K(44032K)
[2026-06-17T09:57:39.149+0800][46.665s][info][gc,metaspace   ] GC(1874) Metaspace: 157K(384K)->157K(384K) NonClass: 153K(256K)->153K(256K) Class: 4K(128K)->4K(128K)
[2026-06-17T09:57:39.149+0800][46.665s][info][gc             ] GC(1874) Pause Young (Allocation Failure) 47M->40M(57M) 2.446ms
[2026-06-17T09:57:39.149+0800][46.665s][info][gc,cpu         ] GC(1874) User=0.00s Sys=0.00s Real=0.00s
[2026-06-17T09:57:39.171+0800][46.687s][info][gc,start       ] GC(1875) Pause Full (Ergonomics)
[2026-06-17T09:57:39.171+0800][46.687s][info][gc,phases,start] GC(1875) Marking Phase
[2026-06-17T09:57:39.172+0800][46.688s][info][gc,phases      ] GC(1875) Marking Phase 1.064ms
[2026-06-17T09:57:39.172+0800][46.688s][info][gc,phases,start] GC(1875) Summary Phase
[2026-06-17T09:57:39.172+0800][46.688s][info][gc,phases      ] GC(1875) Summary Phase 0.143ms
[2026-06-17T09:57:39.172+0800][46.688s][info][gc,phases,start] GC(1875) Adjust Roots
[2026-06-17T09:57:39.173+0800][46.689s][info][gc,phases      ] GC(1875) Adjust Roots 0.304ms
[2026-06-17T09:57:39.173+0800][46.689s][info][gc,phases,start] GC(1875) Compaction Phase
[2026-06-17T09:57:39.175+0800][46.691s][info][gc,phases      ] GC(1875) Compaction Phase 2.143ms
[2026-06-17T09:57:39.175+0800][46.691s][info][gc,phases,start] GC(1875) Post Compact
[2026-06-17T09:57:39.176+0800][46.692s][info][gc,phases      ] GC(1875) Post Compact 0.371ms
[2026-06-17T09:57:39.176+0800][46.692s][info][gc,heap        ] GC(1875) PSYoungGen: 8074K(14336K)->0K(14336K) Eden: 7168K(7168K)->0K(7168K) From: 906K(7168K)->0K(7168K)
[2026-06-17T09:57:39.176+0800][46.692s][info][gc,heap        ] GC(1875) ParOldGen: 40349K(44032K)->30950K(44032K)
[2026-06-17T09:57:39.176+0800][46.692s][info][gc,metaspace   ] GC(1875) Metaspace: 157K(384K)->157K(384K) NonClass: 153K(256K)->153K(256K) Class: 4K(128K)->4K(128K)
[2026-06-17T09:57:39.176+0800][46.692s][info][gc             ] GC(1875) Pause Full (Ergonomics) 47M->30M(57M) 5.721ms
[2026-06-17T09:57:39.176+0800][46.692s][info][gc,cpu         ] GC(1875) User=0.00s Sys=0.00s Real=0.00s
[2026-06-17T09:57:39.197+0800][46.713s][info][gc,start       ] GC(1876) Pause Young (Allocation Failure)
[2026-06-17T09:57:39.198+0800][46.714s][info][gc,heap        ] GC(1876) PSYoungGen: 7131K(14336K)->3500K(14336K) Eden: 7131K(7168K)->0K(7168K) From: 0K(7168K)->3500K(7168K)
[2026-06-17T09:57:39.199+0800][46.715s][info][gc,heap        ] GC(1876) ParOldGen: 30950K(44032K)->30950K(44032K)
[2026-06-17T09:57:39.200+0800][46.716s][info][gc,metaspace   ] GC(1876) Metaspace: 157K(384K)->157K(384K) NonClass: 153K(256K)->153K(256K) Class: 4K(128K)->4K(128K)
[2026-06-17T09:57:39.200+0800][46.716s][info][gc             ] GC(1876) Pause Young (Allocation Failure) 37M->33M(57M) 3.068ms
[2026-06-17T09:57:39.202+0800][46.718s][info][gc,cpu         ] GC(1876) User=0.00s Sys=0.00s Real=0.01s
[2026-06-17T09:57:39.224+0800][46.740s][info][gc,start       ] GC(1877) Pause Young (Allocation Failure)
[2026-06-17T09:57:39.225+0800][46.741s][info][gc,heap        ] GC(1877) PSYoungGen: 10640K(14336K)->64K(14336K) Eden: 7139K(7168K)->0K(7168K) From: 3500K(7168K)->64K(7168K)
[2026-06-17T09:57:39.225+0800][46.741s][info][gc,heap        ] GC(1877) ParOldGen: 30950K(44032K)->34387K(44032K)
[2026-06-17T09:57:39.225+0800][46.741s][info][gc,metaspace   ] GC(1877) Metaspace: 157K(384K)->157K(384K) NonClass: 153K(256K)->153K(256K) Class: 4K(128K)->4K(128K)
[2026-06-17T09:57:39.225+0800][46.741s][info][gc             ] GC(1877) Pause Young (Allocation Failure) 40M->33M(57M) 1.603ms
[2026-06-17T09:57:39.225+0800][46.741s][info][gc,cpu         ] GC(1877) User=0.00s Sys=0.00s Real=0.00s
[2026-06-17T09:57:39.236+0800][46.752s][info][gc,start       ] GC(1878) Pause Young (Allocation Failure)
[2026-06-17T09:57:39.238+0800][46.754s][info][gc,heap        ] GC(1878) PSYoungGen: 7232K(14336K)->3979K(14336K) Eden: 7168K(7168K)->0K(7168K) From: 64K(7168K)->3979K(7168K)
[2026-06-17T09:57:39.238+0800][46.754s][info][gc,heap        ] GC(1878) ParOldGen: 34387K(44032K)->34387K(44032K)
[2026-06-17T09:57:39.238+0800][46.754s][info][gc,metaspace   ] GC(1878) Metaspace: 157K(384K)->157K(384K) NonClass: 153K(256K)->153K(256K) Class: 4K(128K)->4K(128K)
[2026-06-17T09:57:39.238+0800][46.754s][info][gc             ] GC(1878) Pause Young (Allocation Failure) 40M->37M(57M) 1.709ms
[2026-06-17T09:57:39.238+0800][46.754s][info][gc,cpu         ] GC(1878) User=0.00s Sys=0.01s Real=0.00s
[2026-06-17T09:57:39.259+0800][46.775s][info][gc,start       ] GC(1879) Pause Young (Allocation Failure)
[2026-06-17T09:57:39.261+0800][46.777s][info][gc,heap        ] GC(1879) PSYoungGen: 11120K(14336K)->1797K(14336K) Eden: 7140K(7168K)->0K(7168K) From: 3979K(7168K)->1797K(7168K)
[2026-06-17T09:57:39.262+0800][46.778s][info][gc,heap        ] GC(1879) ParOldGen: 34387K(44032K)->36595K(44032K)
[2026-06-17T09:57:39.263+0800][46.779s][info][gc,metaspace   ] GC(1879) Metaspace: 157K(384K)->157K(384K) NonClass: 153K(256K)->153K(256K) Class: 4K(128K)->4K(128K)
[2026-06-17T09:57:39.263+0800][46.779s][info][gc             ] GC(1879) Pause Young (Allocation Failure) 44M->37M(57M) 3.594ms
[2026-06-17T09:57:39.263+0800][46.779s][info][gc,cpu         ] GC(1879) User=0.00s Sys=0.00s Real=0.01s
[2026-06-17T09:57:39.275+0800][46.791s][info][gc,start       ] GC(1880) Pause Young (Allocation Failure)
[2026-06-17T09:57:39.276+0800][46.792s][info][gc,heap        ] GC(1880) PSYoungGen: 8915K(14336K)->5222K(14336K) Eden: 7117K(7168K)->0K(7168K) From: 1797K(7168K)->5222K(7168K)
[2026-06-17T09:57:39.276+0800][46.792s][info][gc,heap        ] GC(1880) ParOldGen: 36595K(44032K)->36595K(44032K)
[2026-06-17T09:57:39.277+0800][46.793s][info][gc,metaspace   ] GC(1880) Metaspace: 157K(384K)->157K(384K) NonClass: 153K(256K)->153K(256K) Class: 4K(128K)->4K(128K)
[2026-06-17T09:57:39.277+0800][46.793s][info][gc             ] GC(1880) Pause Young (Allocation Failure) 44M->40M(57M) 2.556ms
[2026-06-17T09:57:39.278+0800][46.794s][info][gc,cpu         ] GC(1880) User=0.00s Sys=0.00s Real=0.00s
[2026-06-17T09:57:39.299+0800][46.815s][info][gc,start       ] GC(1881) Pause Young (Allocation Failure)
[2026-06-17T09:57:39.300+0800][46.816s][info][gc,heap        ] GC(1881) PSYoungGen: 12295K(14336K)->32K(14336K) Eden: 7073K(7168K)->0K(7168K) From: 5222K(7168K)->32K(7168K)
[2026-06-17T09:57:39.300+0800][46.816s][info][gc,heap        ] GC(1881) ParOldGen: 36595K(44032K)->38622K(44032K)
[2026-06-17T09:57:39.300+0800][46.816s][info][gc,metaspace   ] GC(1881) Metaspace: 157K(384K)->157K(384K) NonClass: 153K(256K)->153K(256K) Class: 4K(128K)->4K(128K)
[2026-06-17T09:57:39.300+0800][46.816s][info][gc             ] GC(1881) Pause Young (Allocation Failure) 47M->37M(57M) 1.438ms
[2026-06-17T09:57:39.301+0800][46.817s][info][gc,cpu         ] GC(1881) User=0.01s Sys=0.00s Real=0.00s
[2026-06-17T09:57:39.322+0800][46.838s][info][gc,start       ] GC(1882) Pause Young (Allocation Failure)
[2026-06-17T09:57:39.323+0800][46.839s][info][gc,heap        ] GC(1882) PSYoungGen: 7190K(14336K)->3781K(14336K) Eden: 7158K(7168K)->0K(7168K) From: 32K(7168K)->3781K(7168K)
[2026-06-17T09:57:39.323+0800][46.839s][info][gc,heap        ] GC(1882) ParOldGen: 38622K(44032K)->38630K(44032K)
[2026-06-17T09:57:39.323+0800][46.839s][info][gc,metaspace   ] GC(1882) Metaspace: 157K(384K)->157K(384K) NonClass: 153K(256K)->153K(256K) Class: 4K(128K)->4K(128K)
[2026-06-17T09:57:39.323+0800][46.840s][info][gc             ] GC(1882) Pause Young (Allocation Failure) 44M->41M(57M) 1.373ms
[2026-06-17T09:57:39.324+0800][46.840s][info][gc,cpu         ] GC(1882) User=0.00s Sys=0.00s Real=0.01s
[2026-06-17T09:57:39.334+0800][46.850s][info][gc,start       ] GC(1883) Pause Young (Allocation Failure)
[2026-06-17T09:57:39.335+0800][46.851s][info][gc,heap        ] GC(1883) PSYoungGen: 10821K(14336K)->1759K(14336K) Eden: 7039K(7168K)->0K(7168K) From: 3781K(7168K)->1759K(7168K)
[2026-06-17T09:57:39.335+0800][46.851s][info][gc,heap        ] GC(1883) ParOldGen: 38630K(44032K)->40706K(44032K)
[2026-06-17T09:57:39.335+0800][46.851s][info][gc,metaspace   ] GC(1883) Metaspace: 157K(384K)->157K(384K) NonClass: 153K(256K)->153K(256K) Class: 4K(128K)->4K(128K)
[2026-06-17T09:57:39.336+0800][46.852s][info][gc             ] GC(1883) Pause Young (Allocation Failure) 48M->41M(57M) 1.152ms
[2026-06-17T09:57:39.336+0800][46.852s][info][gc,cpu         ] GC(1883) User=0.00s Sys=0.00s Real=0.00s
[2026-06-17T09:57:39.357+0800][46.873s][info][gc,start       ] GC(1884) Pause Full (Ergonomics)
[2026-06-17T09:57:39.357+0800][46.873s][info][gc,phases,start] GC(1884) Marking Phase
[2026-06-17T09:57:39.358+0800][46.874s][info][gc,phases      ] GC(1884) Marking Phase 0.891ms
[2026-06-17T09:57:39.358+0800][46.874s][info][gc,phases,start] GC(1884) Summary Phase
[2026-06-17T09:57:39.358+0800][46.874s][info][gc,phases      ] GC(1884) Summary Phase 0.194ms
[2026-06-17T09:57:39.358+0800][46.874s][info][gc,phases,start] GC(1884) Adjust Roots
[2026-06-17T09:57:39.359+0800][46.875s][info][gc,phases      ] GC(1884) Adjust Roots 0.236ms
[2026-06-17T09:57:39.359+0800][46.875s][info][gc,phases,start] GC(1884) Compaction Phase
[2026-06-17T09:57:39.360+0800][46.876s][info][gc,phases      ] GC(1884) Compaction Phase 1.570ms
[2026-06-17T09:57:39.360+0800][46.876s][info][gc,phases,start] GC(1884) Post Compact
[2026-06-17T09:57:39.361+0800][46.877s][info][gc,phases      ] GC(1884) Post Compact 0.176ms
[2026-06-17T09:57:39.361+0800][46.877s][info][gc,heap        ] GC(1884) PSYoungGen: 8898K(14336K)->0K(14336K) Eden: 7139K(7168K)->0K(7168K) From: 1759K(7168K)->0K(7168K)
[2026-06-17T09:57:39.361+0800][46.877s][info][gc,heap        ] GC(1884) ParOldGen: 40706K(44032K)->33732K(44032K)
[2026-06-17T09:57:39.361+0800][46.877s][info][gc,metaspace   ] GC(1884) Metaspace: 157K(384K)->157K(384K) NonClass: 153K(256K)->153K(256K) Class: 4K(128K)->4K(128K)
[2026-06-17T09:57:39.361+0800][46.877s][info][gc             ] GC(1884) Pause Full (Ergonomics) 48M->32M(57M) 4.505ms
[2026-06-17T09:57:39.361+0800][46.877s][info][gc,cpu         ] GC(1884) User=0.00s Sys=0.00s Real=0.00s
[2026-06-17T09:57:39.382+0800][46.898s][info][gc,start       ] GC(1885) Pause Young (Allocation Failure)
[2026-06-17T09:57:39.383+0800][46.899s][info][gc,heap        ] GC(1885) PSYoungGen: 7162K(14336K)->3805K(14336K) Eden: 7162K(7168K)->0K(7168K) From: 0K(7168K)->3805K(7168K)
[2026-06-17T09:57:39.383+0800][46.899s][info][gc,heap        ] GC(1885) ParOldGen: 33732K(44032K)->33732K(44032K)
[2026-06-17T09:57:39.384+0800][46.900s][info][gc,metaspace   ] GC(1885) Metaspace: 157K(384K)->157K(384K) NonClass: 153K(256K)->153K(256K) Class: 4K(128K)->4K(128K)
[2026-06-17T09:57:39.384+0800][46.900s][info][gc             ] GC(1885) Pause Young (Allocation Failure) 39M->36M(57M) 1.373ms
[2026-06-17T09:57:39.384+0800][46.900s][info][gc,cpu         ] GC(1885) User=0.00s Sys=0.00s Real=0.01s
[2026-06-17T09:57:39.405+0800][46.921s][info][gc,start       ] GC(1886) Pause Young (Allocation Failure)
[2026-06-17T09:57:39.409+0800][46.925s][info][gc,heap        ] GC(1886) PSYoungGen: 10962K(14336K)->483K(14336K) Eden: 7156K(7168K)->0K(7168K) From: 3805K(7168K)->483K(7168K)
[2026-06-17T09:57:39.410+0800][46.926s][info][gc,heap        ] GC(1886) ParOldGen: 33732K(44032K)->36973K(44032K)
[2026-06-17T09:57:39.410+0800][46.926s][info][gc,metaspace   ] GC(1886) Metaspace: 157K(384K)->157K(384K) NonClass: 153K(256K)->153K(256K) Class: 4K(128K)->4K(128K)
[2026-06-17T09:57:39.414+0800][46.930s][info][gc             ] GC(1886) Pause Young (Allocation Failure) 43M->36M(57M) 8.932ms
[2026-06-17T09:57:39.416+0800][46.932s][info][gc,cpu         ] GC(1886) User=0.00s Sys=0.00s Real=0.01s
[2026-06-17T09:57:39.427+0800][46.943s][info][gc,start       ] GC(1887) Pause Young (Allocation Failure)
[2026-06-17T09:57:39.428+0800][46.944s][info][gc,heap        ] GC(1887) PSYoungGen: 7644K(14336K)->4076K(14336K) Eden: 7161K(7168K)->0K(7168K) From: 483K(7168K)->4076K(7168K)
[2026-06-17T09:57:39.429+0800][46.945s][info][gc,heap        ] GC(1887) ParOldGen: 36973K(44032K)->36973K(44032K)
[2026-06-17T09:57:39.429+0800][46.945s][info][gc,metaspace   ] GC(1887) Metaspace: 157K(384K)->157K(384K) NonClass: 153K(256K)->153K(256K) Class: 4K(128K)->4K(128K)
[2026-06-17T09:57:39.429+0800][46.945s][info][gc             ] GC(1887) Pause Young (Allocation Failure) 43M->40M(57M) 2.164ms
[2026-06-17T09:57:39.429+0800][46.945s][info][gc,cpu         ] GC(1887) User=0.01s Sys=0.00s Real=0.00s
[2026-06-17T09:57:39.451+0800][46.967s][info][gc,start       ] GC(1888) Pause Young (Allocation Failure)
[2026-06-17T09:57:39.454+0800][46.970s][info][gc,heap        ] GC(1888) PSYoungGen: 11215K(14336K)->1436K(14336K) Eden: 7138K(7168K)->0K(7168K) From: 4076K(7168K)->1436K(7168K)
[2026-06-17T09:57:39.481+0800][46.997s][info][gc,heap        ] GC(1888) ParOldGen: 36973K(44032K)->39472K(44032K)
[2026-06-17T09:57:39.482+0800][46.998s][info][gc,metaspace   ] GC(1888) Metaspace: 157K(384K)->157K(384K) NonClass: 153K(256K)->153K(256K) Class: 4K(128K)->4K(128K)
[2026-06-17T09:57:39.482+0800][46.998s][info][gc             ] GC(1888) Pause Young (Allocation Failure) 47M->39M(57M) 31.245ms
[2026-06-17T09:57:39.483+0800][46.999s][info][gc,cpu         ] GC(1888) User=0.00s Sys=0.00s Real=0.03s
[2026-06-17T09:57:39.494+0800][47.010s][info][gc,start       ] GC(1889) Pause Young (Allocation Failure)
[2026-06-17T09:57:39.540+0800][47.056s][info][gc,heap        ] GC(1889) PSYoungGen: 8604K(14336K)->5379K(14336K) Eden: 7168K(7168K)->0K(7168K) From: 1436K(7168K)->5379K(7168K)
[2026-06-17T09:57:39.552+0800][47.068s][info][gc,heap        ] GC(1889) ParOldGen: 39472K(44032K)->39472K(44032K)
[2026-06-17T09:57:39.552+0800][47.068s][info][gc,metaspace   ] GC(1889) Metaspace: 157K(384K)->157K(384K) NonClass: 153K(256K)->153K(256K) Class: 4K(128K)->4K(128K)
[2026-06-17T09:57:39.556+0800][47.072s][info][gc             ] GC(1889) Pause Young (Allocation Failure) 46M->43M(57M) 61.858ms
[2026-06-17T09:57:39.559+0800][47.075s][info][gc,cpu         ] GC(1889) User=0.00s Sys=0.00s Real=0.06s
[2026-06-17T09:57:39.581+0800][47.097s][info][gc,start       ] GC(1890) Pause Young (Allocation Failure)
[2026-06-17T09:57:39.592+0800][47.108s][info][gc,heap        ] GC(1890) PSYoungGen: 12479K(14336K)->32K(14336K) Eden: 7100K(7168K)->0K(7168K) From: 5379K(7168K)->32K(7168K)
[2026-06-17T09:57:39.593+0800][47.109s][info][gc,heap        ] GC(1890) ParOldGen: 39472K(44032K)->41545K(44032K)
[2026-06-17T09:57:39.597+0800][47.113s][info][gc,metaspace   ] GC(1890) Metaspace: 157K(384K)->157K(384K) NonClass: 153K(256K)->153K(256K) Class: 4K(128K)->4K(128K)
[2026-06-17T09:57:39.599+0800][47.115s][info][gc             ] GC(1890) Pause Young (Allocation Failure) 50M->40M(57M) 18.604ms
[2026-06-17T09:57:39.599+0800][47.115s][info][gc,cpu         ] GC(1890) User=0.00s Sys=0.00s Real=0.02s
[2026-06-17T09:57:39.622+0800][47.139s][info][gc,start       ] GC(1891) Pause Full (Ergonomics)
[2026-06-17T09:57:39.623+0800][47.139s][info][gc,phases,start] GC(1891) Marking Phase
[2026-06-17T09:57:39.624+0800][47.140s][info][gc,phases      ] GC(1891) Marking Phase 0.961ms
[2026-06-17T09:57:39.624+0800][47.140s][info][gc,phases,start] GC(1891) Summary Phase
[2026-06-17T09:57:39.624+0800][47.140s][info][gc,phases      ] GC(1891) Summary Phase 0.278ms
[2026-06-17T09:57:39.624+0800][47.140s][info][gc,phases,start] GC(1891) Adjust Roots
[2026-06-17T09:57:39.624+0800][47.140s][info][gc,phases      ] GC(1891) Adjust Roots 0.188ms
[2026-06-17T09:57:39.625+0800][47.141s][info][gc,phases,start] GC(1891) Compaction Phase
[2026-06-17T09:57:39.626+0800][47.142s][info][gc,phases      ] GC(1891) Compaction Phase 1.416ms
[2026-06-17T09:57:39.626+0800][47.142s][info][gc,phases,start] GC(1891) Post Compact
[2026-06-17T09:57:39.626+0800][47.143s][info][gc,phases      ] GC(1891) Post Compact 0.308ms
[2026-06-17T09:57:39.627+0800][47.143s][info][gc,heap        ] GC(1891) PSYoungGen: 7186K(14336K)->0K(14336K) Eden: 7154K(7168K)->0K(7168K) From: 32K(7168K)->0K(7168K)
[2026-06-17T09:57:39.627+0800][47.143s][info][gc,heap        ] GC(1891) ParOldGen: 41545K(44032K)->31002K(44032K)
[2026-06-17T09:57:39.627+0800][47.143s][info][gc,metaspace   ] GC(1891) Metaspace: 157K(384K)->157K(384K) NonClass: 153K(256K)->153K(256K) Class: 4K(128K)->4K(128K)
[2026-06-17T09:57:39.627+0800][47.143s][info][gc             ] GC(1891) Pause Full (Ergonomics) 47M->30M(57M) 4.496ms
[2026-06-17T09:57:39.627+0800][47.143s][info][gc,cpu         ] GC(1891) User=0.00s Sys=0.01s Real=0.00s
[2026-06-17T09:57:39.648+0800][47.164s][info][gc,start       ] GC(1892) Pause Young (Allocation Failure)
[2026-06-17T09:57:39.649+0800][47.165s][info][gc,heap        ] GC(1892) PSYoungGen: 7131K(14336K)->3526K(14336K) Eden: 7131K(7168K)->0K(7168K) From: 0K(7168K)->3526K(7168K)
[2026-06-17T09:57:39.650+0800][47.166s][info][gc,heap        ] GC(1892) ParOldGen: 31002K(44032K)->31002K(44032K)
[2026-06-17T09:57:39.651+0800][47.167s][info][gc,metaspace   ] GC(1892) Metaspace: 157K(384K)->157K(384K) NonClass: 153K(256K)->153K(256K) Class: 4K(128K)->4K(128K)
[2026-06-17T09:57:39.652+0800][47.169s][info][gc             ] GC(1892) Pause Young (Allocation Failure) 37M->33M(57M) 4.368ms
[2026-06-17T09:57:39.653+0800][47.169s][info][gc,cpu         ] GC(1892) User=0.00s Sys=0.00s Real=0.01s
[2026-06-17T09:57:39.664+0800][47.180s][info][gc,start       ] GC(1893) Pause Young (Allocation Failure)
[2026-06-17T09:57:39.667+0800][47.183s][info][gc,heap        ] GC(1893) PSYoungGen: 10693K(14336K)->3875K(14336K) Eden: 7166K(7168K)->0K(7168K) From: 3526K(7168K)->3875K(7168K)
[2026-06-17T09:57:39.668+0800][47.184s][info][gc,heap        ] GC(1893) ParOldGen: 31002K(44032K)->33978K(44032K)
[2026-06-17T09:57:39.669+0800][47.185s][info][gc,metaspace   ] GC(1893) Metaspace: 157K(384K)->157K(384K) NonClass: 153K(256K)->153K(256K) Class: 4K(128K)->4K(128K)
[2026-06-17T09:57:39.671+0800][47.187s][info][gc             ] GC(1893) Pause Young (Allocation Failure) 40M->36M(57M) 7.191ms
[2026-06-17T09:57:39.672+0800][47.188s][info][gc,cpu         ] GC(1893) User=0.00s Sys=0.00s Real=0.01s
[2026-06-17T09:57:39.696+0800][47.212s][info][gc,start       ] GC(1894) Pause Young (Allocation Failure)
[2026-06-17T09:57:39.698+0800][47.214s][info][gc,heap        ] GC(1894) PSYoungGen: 10999K(14336K)->2707K(14336K) Eden: 7124K(7168K)->0K(7168K) From: 3875K(7168K)->2707K(7168K)
[2026-06-17T09:57:39.701+0800][47.217s][info][gc,heap        ] GC(1894) ParOldGen: 33978K(44032K)->35479K(44032K)
[2026-06-17T09:57:39.705+0800][47.221s][info][gc,metaspace   ] GC(1894) Metaspace: 157K(384K)->157K(384K) NonClass: 153K(256K)->153K(256K) Class: 4K(128K)->4K(128K)
[2026-06-17T09:57:39.707+0800][47.223s][info][gc             ] GC(1894) Pause Young (Allocation Failure) 43M->37M(57M) 10.903ms
[2026-06-17T09:57:39.707+0800][47.223s][info][gc,cpu         ] GC(1894) User=0.00s Sys=0.00s Real=0.01s
[2026-06-17T09:57:39.730+0800][47.246s][info][gc,start       ] GC(1895) Pause Young (Allocation Failure)
[2026-06-17T09:57:39.731+0800][47.247s][info][gc,heap        ] GC(1895) PSYoungGen: 9867K(14336K)->3216K(14336K) Eden: 7160K(7168K)->0K(7168K) From: 2707K(7168K)->3216K(7168K)
[2026-06-17T09:57:39.731+0800][47.247s][info][gc,heap        ] GC(1895) ParOldGen: 35479K(44032K)->35479K(44032K)
[2026-06-17T09:57:39.731+0800][47.247s][info][gc,metaspace   ] GC(1895) Metaspace: 157K(384K)->157K(384K) NonClass: 153K(256K)->153K(256K) Class: 4K(128K)->4K(128K)
[2026-06-17T09:57:39.731+0800][47.247s][info][gc             ] GC(1895) Pause Young (Allocation Failure) 44M->37M(57M) 1.636ms
[2026-06-17T09:57:39.732+0800][47.248s][info][gc,cpu         ] GC(1895) User=0.00s Sys=0.00s Real=0.01s
[2026-06-17T09:57:39.753+0800][47.269s][info][gc,start       ] GC(1896) Pause Young (Allocation Failure)
[2026-06-17T09:57:39.754+0800][47.270s][info][gc,heap        ] GC(1896) PSYoungGen: 10370K(14336K)->3626K(14336K) Eden: 7153K(7168K)->0K(7168K) From: 3216K(7168K)->3626K(7168K)
[2026-06-17T09:57:39.754+0800][47.270s][info][gc,heap        ] GC(1896) ParOldGen: 35479K(44032K)->35479K(44032K)
[2026-06-17T09:57:39.754+0800][47.270s][info][gc,metaspace   ] GC(1896) Metaspace: 157K(384K)->157K(384K) NonClass: 153K(256K)->153K(256K) Class: 4K(128K)->4K(128K)
[2026-06-17T09:57:39.754+0800][47.270s][info][gc             ] GC(1896) Pause Young (Allocation Failure) 44M->38M(57M) 1.093ms
[2026-06-17T09:57:39.754+0800][47.270s][info][gc,cpu         ] GC(1896) User=0.00s Sys=0.00s Real=0.00s
[2026-06-17T09:57:39.765+0800][47.281s][info][gc,start       ] GC(1897) Pause Young (Allocation Failure)
[2026-06-17T09:57:39.766+0800][47.282s][info][gc,heap        ] GC(1897) PSYoungGen: 10694K(14336K)->3644K(14848K) Eden: 7067K(7168K)->0K(8192K) From: 3626K(7168K)->3644K(6656K)
[2026-06-17T09:57:39.766+0800][47.282s][info][gc,heap        ] GC(1897) ParOldGen: 35479K(44032K)->35479K(44032K)
[2026-06-17T09:57:39.766+0800][47.282s][info][gc,metaspace   ] GC(1897) Metaspace: 157K(384K)->157K(384K) NonClass: 153K(256K)->153K(256K) Class: 4K(128K)->4K(128K)
[2026-06-17T09:57:39.766+0800][47.282s][info][gc             ] GC(1897) Pause Young (Allocation Failure) 45M->38M(57M) 1.270ms
[2026-06-17T09:57:39.766+0800][47.282s][info][gc,cpu         ] GC(1897) User=0.00s Sys=0.00s Real=0.00s
[2026-06-17T09:57:39.787+0800][47.303s][info][gc,start       ] GC(1898) Pause Young (Allocation Failure)
[2026-06-17T09:57:39.788+0800][47.304s][info][gc,heap        ] GC(1898) PSYoungGen: 11805K(14848K)->6648K(14848K) Eden: 8161K(8192K)->0K(8192K) From: 3644K(6656K)->6648K(6656K)
[2026-06-17T09:57:39.789+0800][47.305s][info][gc,heap        ] GC(1898) ParOldGen: 35479K(44032K)->37349K(44032K)
[2026-06-17T09:57:39.789+0800][47.305s][info][gc,metaspace   ] GC(1898) Metaspace: 157K(384K)->157K(384K) NonClass: 153K(256K)->153K(256K) Class: 4K(128K)->4K(128K)
[2026-06-17T09:57:39.789+0800][47.305s][info][gc             ] GC(1898) Pause Young (Allocation Failure) 46M->42M(57M) 1.534ms
[2026-06-17T09:57:39.789+0800][47.305s][info][gc,cpu         ] GC(1898) User=0.01s Sys=0.00s Real=0.00s
[2026-06-17T09:57:39.810+0800][47.326s][info][gc,start       ] GC(1899) Pause Young (Allocation Failure)
[2026-06-17T09:57:39.811+0800][47.327s][info][gc,heap        ] GC(1899) PSYoungGen: 14820K(14848K)->6513K(13824K) Eden: 8172K(8192K)->0K(7168K) From: 6648K(6656K)->6513K(6656K)
[2026-06-17T09:57:39.812+0800][47.328s][info][gc,heap        ] GC(1899) ParOldGen: 37349K(44032K)->39276K(44032K)
[2026-06-17T09:57:39.812+0800][47.328s][info][gc,metaspace   ] GC(1899) Metaspace: 157K(384K)->157K(384K) NonClass: 153K(256K)->153K(256K) Class: 4K(128K)->4K(128K)
[2026-06-17T09:57:39.812+0800][47.328s][info][gc             ] GC(1899) Pause Young (Allocation Failure) 50M->44M(56M) 1.944ms
[2026-06-17T09:57:39.812+0800][47.328s][info][gc,cpu         ] GC(1899) User=0.00s Sys=0.00s Real=0.01s
[2026-06-17T09:57:39.833+0800][47.349s][info][gc,start       ] GC(1900) Pause Young (Allocation Failure)
[2026-06-17T09:57:39.835+0800][47.351s][info][gc,heap        ] GC(1900) PSYoungGen: 13671K(13824K)->5459K(14336K) Eden: 7158K(7168K)->0K(7168K) From: 6513K(6656K)->5459K(7168K)
[2026-06-17T09:57:39.835+0800][47.351s][info][gc,heap        ] GC(1900) ParOldGen: 39276K(44032K)->40735K(44032K)
[2026-06-17T09:57:39.835+0800][47.351s][info][gc,metaspace   ] GC(1900) Metaspace: 157K(384K)->157K(384K) NonClass: 153K(256K)->153K(256K) Class: 4K(128K)->4K(128K)
[2026-06-17T09:57:39.836+0800][47.352s][info][gc             ] GC(1900) Pause Young (Allocation Failure) 51M->45M(57M) 2.058ms
[2026-06-17T09:57:39.836+0800][47.352s][info][gc,cpu         ] GC(1900) User=0.00s Sys=0.00s Real=0.00s
[2026-06-17T09:57:39.857+0800][47.373s][info][gc,start       ] GC(1901) Pause Full (Ergonomics)
[2026-06-17T09:57:39.857+0800][47.373s][info][gc,phases,start] GC(1901) Marking Phase
[2026-06-17T09:57:39.859+0800][47.375s][info][gc,phases      ] GC(1901) Marking Phase 1.299ms
[2026-06-17T09:57:39.859+0800][47.375s][info][gc,phases,start] GC(1901) Summary Phase
[2026-06-17T09:57:39.859+0800][47.375s][info][gc,phases      ] GC(1901) Summary Phase 0.381ms
[2026-06-17T09:57:39.860+0800][47.376s][info][gc,phases,start] GC(1901) Adjust Roots
[2026-06-17T09:57:39.860+0800][47.376s][info][gc,phases      ] GC(1901) Adjust Roots 0.567ms
[2026-06-17T09:57:39.860+0800][47.377s][info][gc,phases,start] GC(1901) Compaction Phase
[2026-06-17T09:57:39.863+0800][47.379s][info][gc,phases      ] GC(1901) Compaction Phase 2.448ms
[2026-06-17T09:57:39.863+0800][47.379s][info][gc,phases,start] GC(1901) Post Compact
[2026-06-17T09:57:39.863+0800][47.379s][info][gc,phases      ] GC(1901) Post Compact 0.295ms
[2026-06-17T09:57:39.864+0800][47.380s][info][gc,heap        ] GC(1901) PSYoungGen: 12592K(14336K)->0K(14336K) Eden: 7133K(7168K)->0K(7168K) From: 5459K(7168K)->0K(7168K)
[2026-06-17T09:57:39.864+0800][47.380s][info][gc,heap        ] GC(1901) ParOldGen: 40735K(44032K)->27068K(44032K)
[2026-06-17T09:57:39.864+0800][47.380s][info][gc,metaspace   ] GC(1901) Metaspace: 157K(384K)->157K(384K) NonClass: 153K(256K)->153K(256K) Class: 4K(128K)->4K(128K)
[2026-06-17T09:57:39.864+0800][47.380s][info][gc             ] GC(1901) Pause Full (Ergonomics) 52M->26M(57M) 6.994ms
[2026-06-17T09:57:39.864+0800][47.380s][info][gc,cpu         ] GC(1901) User=0.01s Sys=0.00s Real=0.01s
[2026-06-17T09:57:39.875+0800][47.391s][info][gc,start       ] GC(1902) Pause Young (Allocation Failure)
[2026-06-17T09:57:39.876+0800][47.392s][info][gc,heap        ] GC(1902) PSYoungGen: 7028K(14336K)->3575K(14336K) Eden: 7028K(7168K)->0K(7168K) From: 0K(7168K)->3575K(7168K)
[2026-06-17T09:57:39.876+0800][47.392s][info][gc,heap        ] GC(1902) ParOldGen: 27068K(44032K)->27068K(44032K)
[2026-06-17T09:57:39.876+0800][47.392s][info][gc,metaspace   ] GC(1902) Metaspace: 157K(384K)->157K(384K) NonClass: 153K(256K)->153K(256K) Class: 4K(128K)->4K(128K)
[2026-06-17T09:57:39.876+0800][47.392s][info][gc             ] GC(1902) Pause Young (Allocation Failure) 33M->29M(57M) 1.284ms
[2026-06-17T09:57:39.877+0800][47.393s][info][gc,cpu         ] GC(1902) User=0.00s Sys=0.00s Real=0.00s
[2026-06-17T09:57:39.898+0800][47.414s][info][gc,start       ] GC(1903) Pause Young (Allocation Failure)
[2026-06-17T09:57:39.899+0800][47.415s][info][gc,heap        ] GC(1903) PSYoungGen: 10743K(14336K)->3775K(14336K) Eden: 7168K(7168K)->0K(7168K) From: 3575K(7168K)->3775K(7168K)
[2026-06-17T09:57:39.899+0800][47.415s][info][gc,heap        ] GC(1903) ParOldGen: 27068K(44032K)->30607K(44032K)
[2026-06-17T09:57:39.899+0800][47.415s][info][gc,metaspace   ] GC(1903) Metaspace: 157K(384K)->157K(384K) NonClass: 153K(256K)->153K(256K) Class: 4K(128K)->4K(128K)
[2026-06-17T09:57:39.899+0800][47.415s][info][gc             ] GC(1903) Pause Young (Allocation Failure) 36M->33M(57M) 1.570ms
[2026-06-17T09:57:39.899+0800][47.415s][info][gc,cpu         ] GC(1903) User=0.00s Sys=0.00s Real=0.00s
[2026-06-17T09:57:39.921+0800][47.437s][info][gc,start       ] GC(1904) Pause Young (Allocation Failure)
[2026-06-17T09:57:39.921+0800][47.437s][info][gc,heap        ] GC(1904) PSYoungGen: 10930K(14336K)->2809K(14336K) Eden: 7154K(7168K)->0K(7168K) From: 3775K(7168K)->2809K(7168K)
[2026-06-17T09:57:39.922+0800][47.438s][info][gc,heap        ] GC(1904) ParOldGen: 30607K(44032K)->31947K(44032K)
[2026-06-17T09:57:39.922+0800][47.438s][info][gc,metaspace   ] GC(1904) Metaspace: 157K(384K)->157K(384K) NonClass: 153K(256K)->153K(256K) Class: 4K(128K)->4K(128K)
[2026-06-17T09:57:39.922+0800][47.438s][info][gc             ] GC(1904) Pause Young (Allocation Failure) 40M->33M(57M) 1.354ms
[2026-06-17T09:57:39.922+0800][47.438s][info][gc,cpu         ] GC(1904) User=0.00s Sys=0.00s Real=0.00s
[2026-06-17T09:57:39.943+0800][47.459s][info][gc,start       ] GC(1905) Pause Young (Allocation Failure)
[2026-06-17T09:57:39.944+0800][47.460s][info][gc,heap        ] GC(1905) PSYoungGen: 9971K(14336K)->1322K(14336K) Eden: 7162K(7168K)->0K(7168K) From: 2809K(7168K)->1322K(7168K)
[2026-06-17T09:57:39.944+0800][47.460s][info][gc,heap        ] GC(1905) ParOldGen: 31947K(44032K)->33923K(44032K)
[2026-06-17T09:57:39.945+0800][47.461s][info][gc,metaspace   ] GC(1905) Metaspace: 157K(384K)->157K(384K) NonClass: 153K(256K)->153K(256K) Class: 4K(128K)->4K(128K)
[2026-06-17T09:57:39.945+0800][47.461s][info][gc             ] GC(1905) Pause Young (Allocation Failure) 40M->34M(57M) 1.861ms
[2026-06-17T09:57:39.945+0800][47.461s][info][gc,cpu         ] GC(1905) User=0.00s Sys=0.00s Real=0.00s
[2026-06-17T09:57:39.956+0800][47.472s][info][gc,start       ] GC(1906) Pause Young (Allocation Failure)
[2026-06-17T09:57:39.957+0800][47.473s][info][gc,heap        ] GC(1906) PSYoungGen: 8490K(14336K)->5048K(14336K) Eden: 7167K(7168K)->0K(7168K) From: 1322K(7168K)->5048K(7168K)
[2026-06-17T09:57:39.957+0800][47.473s][info][gc,heap        ] GC(1906) ParOldGen: 33923K(44032K)->33923K(44032K)
[2026-06-17T09:57:39.958+0800][47.474s][info][gc,metaspace   ] GC(1906) Metaspace: 157K(384K)->157K(384K) NonClass: 153K(256K)->153K(256K) Class: 4K(128K)->4K(128K)
[2026-06-17T09:57:39.958+0800][47.474s][info][gc             ] GC(1906) Pause Young (Allocation Failure) 41M->38M(57M) 1.761ms
[2026-06-17T09:57:39.958+0800][47.474s][info][gc,cpu         ] GC(1906) User=0.01s Sys=0.00s Real=0.00s
[2026-06-17T09:57:39.980+0800][47.496s][info][gc,start       ] GC(1907) Pause Young (Allocation Failure)
[2026-06-17T09:57:39.981+0800][47.497s][info][gc,heap        ] GC(1907) PSYoungGen: 12070K(14336K)->32K(14336K) Eden: 7022K(7168K)->0K(7168K) From: 5048K(7168K)->32K(7168K)
[2026-06-17T09:57:39.981+0800][47.497s][info][gc,heap        ] GC(1907) ParOldGen: 33923K(44032K)->35989K(44032K)
[2026-06-17T09:57:39.982+0800][47.498s][info][gc,metaspace   ] GC(1907) Metaspace: 157K(384K)->157K(384K) NonClass: 153K(256K)->153K(256K) Class: 4K(128K)->4K(128K)
[2026-06-17T09:57:39.983+0800][47.499s][info][gc             ] GC(1907) Pause Young (Allocation Failure) 44M->35M(57M) 3.240ms
[2026-06-17T09:57:39.983+0800][47.499s][info][gc,cpu         ] GC(1907) User=0.00s Sys=0.00s Real=0.01s
[2026-06-17T09:57:40.004+0800][47.520s][info][gc,start       ] GC(1908) Pause Young (Allocation Failure)
[2026-06-17T09:57:40.006+0800][47.522s][info][gc,heap        ] GC(1908) PSYoungGen: 7170K(14336K)->3689K(14336K) Eden: 7138K(7168K)->0K(7168K) From: 32K(7168K)->3689K(7168K)
[2026-06-17T09:57:40.006+0800][47.522s][info][gc,heap        ] GC(1908) ParOldGen: 35989K(44032K)->35997K(44032K)
[2026-06-17T09:57:40.006+0800][47.522s][info][gc,metaspace   ] GC(1908) Metaspace: 157K(384K)->157K(384K) NonClass: 153K(256K)->153K(256K) Class: 4K(128K)->4K(128K)
[2026-06-17T09:57:40.007+0800][47.523s][info][gc             ] GC(1908) Pause Young (Allocation Failure) 42M->38M(57M) 2.454ms
[2026-06-17T09:57:40.007+0800][47.523s][info][gc,cpu         ] GC(1908) User=0.00s Sys=0.00s Real=0.00s
[2026-06-17T09:57:40.028+0800][47.544s][info][gc,start       ] GC(1909) Pause Young (Allocation Failure)
[2026-06-17T09:57:40.029+0800][47.545s][info][gc,heap        ] GC(1909) PSYoungGen: 10833K(14336K)->2004K(14336K) Eden: 7143K(7168K)->0K(7168K) From: 3689K(7168K)->2004K(7168K)
[2026-06-17T09:57:40.030+0800][47.546s][info][gc,heap        ] GC(1909) ParOldGen: 35997K(44032K)->37629K(44032K)
[2026-06-17T09:57:40.030+0800][47.546s][info][gc,metaspace   ] GC(1909) Metaspace: 157K(384K)->157K(384K) NonClass: 153K(256K)->153K(256K) Class: 4K(128K)->4K(128K)
[2026-06-17T09:57:40.030+0800][47.546s][info][gc             ] GC(1909) Pause Young (Allocation Failure) 45M->38M(57M) 2.189ms
[2026-06-17T09:57:40.031+0800][47.547s][info][gc,cpu         ] GC(1909) User=0.00s Sys=0.00s Real=0.01s
[2026-06-17T09:57:40.052+0800][47.568s][info][gc,start       ] GC(1910) Pause Young (Allocation Failure)
[2026-06-17T09:57:40.053+0800][47.569s][info][gc,heap        ] GC(1910) PSYoungGen: 9149K(14336K)->627K(14336K) Eden: 7145K(7168K)->0K(7168K) From: 2004K(7168K)->627K(7168K)
[2026-06-17T09:57:40.054+0800][47.570s][info][gc,heap        ] GC(1910) ParOldGen: 37629K(44032K)->39365K(44032K)
[2026-06-17T09:57:40.054+0800][47.570s][info][gc,metaspace   ] GC(1910) Metaspace: 157K(384K)->157K(384K) NonClass: 153K(256K)->153K(256K) Class: 4K(128K)->4K(128K)
[2026-06-17T09:57:40.054+0800][47.570s][info][gc             ] GC(1910) Pause Young (Allocation Failure) 45M->39M(57M) 2.110ms
[2026-06-17T09:57:40.055+0800][47.571s][info][gc,cpu         ] GC(1910) User=0.00s Sys=0.00s Real=0.00s
[2026-06-17T09:57:40.066+0800][47.582s][info][gc,start       ] GC(1911) Pause Young (Allocation Failure)
[2026-06-17T09:57:40.068+0800][47.584s][info][gc,heap        ] GC(1911) PSYoungGen: 7792K(14336K)->4565K(14336K) Eden: 7165K(7168K)->0K(7168K) From: 627K(7168K)->4565K(7168K)
[2026-06-17T09:57:40.068+0800][47.584s][info][gc,heap        ] GC(1911) ParOldGen: 39365K(44032K)->39365K(44032K)
[2026-06-17T09:57:40.068+0800][47.584s][info][gc,metaspace   ] GC(1911) Metaspace: 157K(384K)->157K(384K) NonClass: 153K(256K)->153K(256K) Class: 4K(128K)->4K(128K)
[2026-06-17T09:57:40.069+0800][47.585s][info][gc             ] GC(1911) Pause Young (Allocation Failure) 46M->42M(57M) 2.927ms
[2026-06-17T09:57:40.069+0800][47.585s][info][gc,cpu         ] GC(1911) User=0.00s Sys=0.00s Real=0.00s
[2026-06-17T09:57:40.091+0800][47.607s][info][gc,start       ] GC(1912) Pause Young (Allocation Failure)
[2026-06-17T09:57:40.093+0800][47.609s][info][gc,heap        ] GC(1912) PSYoungGen: 11701K(14336K)->2365K(14336K) Eden: 7135K(7168K)->0K(7168K) From: 4565K(7168K)->2365K(7168K)
[2026-06-17T09:57:40.093+0800][47.609s][info][gc,heap        ] GC(1912) ParOldGen: 39365K(44032K)->41675K(44032K)
[2026-06-17T09:57:40.094+0800][47.610s][info][gc,metaspace   ] GC(1912) Metaspace: 157K(384K)->157K(384K) NonClass: 153K(256K)->153K(256K) Class: 4K(128K)->4K(128K)
[2026-06-17T09:57:40.094+0800][47.610s][info][gc             ] GC(1912) Pause Young (Allocation Failure) 49M->43M(57M) 3.051ms
[2026-06-17T09:57:40.094+0800][47.610s][info][gc,cpu         ] GC(1912) User=0.00s Sys=0.00s Real=0.00s
[2026-06-17T09:57:40.116+0800][47.632s][info][gc,start       ] GC(1913) Pause Full (Ergonomics)
[2026-06-17T09:57:40.117+0800][47.633s][info][gc,phases,start] GC(1913) Marking Phase
[2026-06-17T09:57:40.120+0800][47.636s][info][gc,phases      ] GC(1913) Marking Phase 2.798ms
[2026-06-17T09:57:40.120+0800][47.636s][info][gc,phases,start] GC(1913) Summary Phase
[2026-06-17T09:57:40.121+0800][47.637s][info][gc,phases      ] GC(1913) Summary Phase 0.416ms
[2026-06-17T09:57:40.121+0800][47.637s][info][gc,phases,start] GC(1913) Adjust Roots
[2026-06-17T09:57:40.122+0800][47.638s][info][gc,phases      ] GC(1913) Adjust Roots 0.636ms
[2026-06-17T09:57:40.123+0800][47.639s][info][gc,phases,start] GC(1913) Compaction Phase
[2026-06-17T09:57:40.125+0800][47.641s][info][gc,phases      ] GC(1913) Compaction Phase 2.275ms
[2026-06-17T09:57:40.125+0800][47.641s][info][gc,phases,start] GC(1913) Post Compact
[2026-06-17T09:57:40.126+0800][47.642s][info][gc,phases      ] GC(1913) Post Compact 0.623ms
[2026-06-17T09:57:40.126+0800][47.642s][info][gc,heap        ] GC(1913) PSYoungGen: 9520K(14336K)->0K(14336K) Eden: 7154K(7168K)->0K(7168K) From: 2365K(7168K)->0K(7168K)
[2026-06-17T09:57:40.127+0800][47.643s][info][gc,heap        ] GC(1913) ParOldGen: 41675K(44032K)->22499K(44032K)
[2026-06-17T09:57:40.127+0800][47.643s][info][gc,metaspace   ] GC(1913) Metaspace: 157K(384K)->157K(384K) NonClass: 153K(256K)->153K(256K) Class: 4K(128K)->4K(128K)
[2026-06-17T09:57:40.127+0800][47.643s][info][gc             ] GC(1913) Pause Full (Ergonomics) 49M->21M(57M) 10.881ms
[2026-06-17T09:57:40.128+0800][47.644s][info][gc,cpu         ] GC(1913) User=0.01s Sys=0.00s Real=0.01s
[2026-06-17T09:57:40.139+0800][47.655s][info][gc,start       ] GC(1914) Pause Young (Allocation Failure)
[2026-06-17T09:57:40.141+0800][47.657s][info][gc,heap        ] GC(1914) PSYoungGen: 7073K(14336K)->3518K(14336K) Eden: 7073K(7168K)->0K(7168K) From: 0K(7168K)->3518K(7168K)
[2026-06-17T09:57:40.141+0800][47.657s][info][gc,heap        ] GC(1914) ParOldGen: 22499K(44032K)->22499K(44032K)
[2026-06-17T09:57:40.142+0800][47.658s][info][gc,metaspace   ] GC(1914) Metaspace: 157K(384K)->157K(384K) NonClass: 153K(256K)->153K(256K) Class: 4K(128K)->4K(128K)
[2026-06-17T09:57:40.143+0800][47.659s][info][gc             ] GC(1914) Pause Young (Allocation Failure) 28M->25M(57M) 3.752ms
[2026-06-17T09:57:40.143+0800][47.659s][info][gc,cpu         ] GC(1914) User=0.00s Sys=0.00s Real=0.01s
[2026-06-17T09:57:40.166+0800][47.682s][info][gc,start       ] GC(1915) Pause Young (Allocation Failure)
[2026-06-17T09:57:40.168+0800][47.684s][info][gc,heap        ] GC(1915) PSYoungGen: 10686K(14336K)->3724K(14336K) Eden: 7168K(7168K)->0K(7168K) From: 3518K(7168K)->3724K(7168K)
[2026-06-17T09:57:40.171+0800][47.687s][info][gc,heap        ] GC(1915) ParOldGen: 22499K(44032K)->25972K(44032K)
[2026-06-17T09:57:40.172+0800][47.688s][info][gc,metaspace   ] GC(1915) Metaspace: 157K(384K)->157K(384K) NonClass: 153K(256K)->153K(256K) Class: 4K(128K)->4K(128K)
[2026-06-17T09:57:40.172+0800][47.688s][info][gc             ] GC(1915) Pause Young (Allocation Failure) 32M->29M(57M) 6.557ms
[2026-06-17T09:57:40.173+0800][47.689s][info][gc,cpu         ] GC(1915) User=0.00s Sys=0.00s Real=0.01s
[2026-06-17T09:57:40.195+0800][47.711s][info][gc,start       ] GC(1916) Pause Young (Allocation Failure)
[2026-06-17T09:57:40.196+0800][47.712s][info][gc,heap        ] GC(1916) PSYoungGen: 10892K(14336K)->2480K(14336K) Eden: 7168K(7168K)->0K(7168K) From: 3724K(7168K)->2480K(7168K)
[2026-06-17T09:57:40.197+0800][47.713s][info][gc,heap        ] GC(1916) ParOldGen: 25972K(44032K)->27206K(44032K)
[2026-06-17T09:57:40.198+0800][47.714s][info][gc,metaspace   ] GC(1916) Metaspace: 157K(384K)->157K(384K) NonClass: 153K(256K)->153K(256K) Class: 4K(128K)->4K(128K)
[2026-06-17T09:57:40.199+0800][47.715s][info][gc             ] GC(1916) Pause Young (Allocation Failure) 36M->28M(57M) 4.090ms
[2026-06-17T09:57:40.199+0800][47.715s][info][gc,cpu         ] GC(1916) User=0.00s Sys=0.01s Real=0.00s
[2026-06-17T09:57:40.222+0800][47.738s][info][gc,start       ] GC(1917) Pause Young (Allocation Failure)
[2026-06-17T09:57:40.224+0800][47.740s][info][gc,heap        ] GC(1917) PSYoungGen: 9606K(14336K)->1102K(14336K) Eden: 7125K(7168K)->0K(7168K) From: 2480K(7168K)->1102K(7168K)
[2026-06-17T09:57:40.225+0800][47.741s][info][gc,heap        ] GC(1917) ParOldGen: 27206K(44032K)->28933K(44032K)
[2026-06-17T09:57:40.225+0800][47.741s][info][gc,metaspace   ] GC(1917) Metaspace: 157K(384K)->157K(384K) NonClass: 153K(256K)->153K(256K) Class: 4K(128K)->4K(128K)
[2026-06-17T09:57:40.226+0800][47.742s][info][gc             ] GC(1917) Pause Young (Allocation Failure) 35M->29M(57M) 4.092ms
[2026-06-17T09:57:40.226+0800][47.742s][info][gc,cpu         ] GC(1917) User=0.00s Sys=0.00s Real=0.01s
[2026-06-17T09:57:40.238+0800][47.754s][info][gc,start       ] GC(1918) Pause Young (Allocation Failure)
[2026-06-17T09:57:40.239+0800][47.755s][info][gc,heap        ] GC(1918) PSYoungGen: 8235K(14336K)->4790K(14336K) Eden: 7132K(7168K)->0K(7168K) From: 1102K(7168K)->4790K(7168K)
[2026-06-17T09:57:40.239+0800][47.755s][info][gc,heap        ] GC(1918) ParOldGen: 28933K(44032K)->28933K(44032K)
[2026-06-17T09:57:40.240+0800][47.756s][info][gc,metaspace   ] GC(1918) Metaspace: 157K(384K)->157K(384K) NonClass: 153K(256K)->153K(256K) Class: 4K(128K)->4K(128K)
[2026-06-17T09:57:40.240+0800][47.756s][info][gc             ] GC(1918) Pause Young (Allocation Failure) 36M->32M(57M) 2.267ms
[2026-06-17T09:57:40.240+0800][47.756s][info][gc,cpu         ] GC(1918) User=0.00s Sys=0.00s Real=0.00s
[2026-06-17T09:57:40.262+0800][47.778s][info][gc,start       ] GC(1919) Pause Young (Allocation Failure)
[2026-06-17T09:57:40.265+0800][47.781s][info][gc,heap        ] GC(1919) PSYoungGen: 11948K(14336K)->2910K(14848K) Eden: 7158K(7168K)->0K(7680K) From: 4790K(7168K)->2910K(7168K)
[2026-06-17T09:57:40.265+0800][47.781s][info][gc,heap        ] GC(1919) ParOldGen: 28933K(44032K)->30883K(44032K)
[2026-06-17T09:57:40.266+0800][47.782s][info][gc,metaspace   ] GC(1919) Metaspace: 157K(384K)->157K(384K) NonClass: 153K(256K)->153K(256K) Class: 4K(128K)->4K(128K)
[2026-06-17T09:57:40.267+0800][47.783s][info][gc             ] GC(1919) Pause Young (Allocation Failure) 39M->33M(57M) 4.152ms
[2026-06-17T09:57:40.267+0800][47.783s][info][gc,cpu         ] GC(1919) User=0.00s Sys=0.00s Real=0.01s
[2026-06-17T09:57:40.289+0800][47.805s][info][gc,start       ] GC(1920) Pause Young (Allocation Failure)
[2026-06-17T09:57:40.293+0800][47.809s][info][gc,heap        ] GC(1920) PSYoungGen: 10570K(14848K)->3488K(14336K) Eden: 7659K(7680K)->0K(7680K) From: 2910K(7168K)->3488K(6656K)
[2026-06-17T09:57:40.295+0800][47.811s][info][gc,heap        ] GC(1920) ParOldGen: 30883K(44032K)->30883K(44032K)
[2026-06-17T09:57:40.295+0800][47.811s][info][gc,metaspace   ] GC(1920) Metaspace: 157K(384K)->157K(384K) NonClass: 153K(256K)->153K(256K) Class: 4K(128K)->4K(128K)
[2026-06-17T09:57:40.295+0800][47.812s][info][gc             ] GC(1920) Pause Young (Allocation Failure) 40M->33M(57M) 6.310ms
[2026-06-17T09:57:40.296+0800][47.812s][info][gc,cpu         ] GC(1920) User=0.00s Sys=0.00s Real=0.01s
[2026-06-17T09:57:40.317+0800][47.833s][info][gc,start       ] GC(1921) Pause Young (Allocation Failure)
[2026-06-17T09:57:40.318+0800][47.834s][info][gc,heap        ] GC(1921) PSYoungGen: 11138K(14336K)->1895K(14848K) Eden: 7649K(7680K)->0K(8192K) From: 3488K(6656K)->1895K(6656K)
[2026-06-17T09:57:40.318+0800][47.834s][info][gc,heap        ] GC(1921) ParOldGen: 30883K(44032K)->32910K(44032K)
[2026-06-17T09:57:40.319+0800][47.835s][info][gc,metaspace   ] GC(1921) Metaspace: 157K(384K)->157K(384K) NonClass: 153K(256K)->153K(256K) Class: 4K(128K)->4K(128K)
[2026-06-17T09:57:40.319+0800][47.835s][info][gc             ] GC(1921) Pause Young (Allocation Failure) 41M->33M(57M) 2.311ms
[2026-06-17T09:57:40.319+0800][47.835s][info][gc,cpu         ] GC(1921) User=0.00s Sys=0.00s Real=0.00s
[2026-06-17T09:57:40.331+0800][47.847s][info][gc,start       ] GC(1922) Pause Young (Allocation Failure)
[2026-06-17T09:57:40.332+0800][47.848s][info][gc,heap        ] GC(1922) PSYoungGen: 10040K(14848K)->4777K(14848K) Eden: 8145K(8192K)->0K(8192K) From: 1895K(6656K)->4777K(6656K)
[2026-06-17T09:57:40.334+0800][47.850s][info][gc,heap        ] GC(1922) ParOldGen: 32910K(44032K)->34710K(44032K)
[2026-06-17T09:57:40.334+0800][47.850s][info][gc,metaspace   ] GC(1922) Metaspace: 157K(384K)->157K(384K) NonClass: 153K(256K)->153K(256K) Class: 4K(128K)->4K(128K)
[2026-06-17T09:57:40.335+0800][47.851s][info][gc             ] GC(1922) Pause Young (Allocation Failure) 41M->38M(57M) 3.638ms
[2026-06-17T09:57:40.335+0800][47.851s][info][gc,cpu         ] GC(1922) User=0.00s Sys=0.00s Real=0.00s
[2026-06-17T09:57:40.356+0800][47.872s][info][gc,start       ] GC(1923) Pause Young (Allocation Failure)
[2026-06-17T09:57:40.357+0800][47.873s][info][gc,heap        ] GC(1923) PSYoungGen: 12950K(14848K)->4954K(13824K) Eden: 8173K(8192K)->0K(7168K) From: 4777K(6656K)->4954K(6656K)
[2026-06-17T09:57:40.357+0800][47.873s][info][gc,heap        ] GC(1923) ParOldGen: 34710K(44032K)->36047K(44032K)
[2026-06-17T09:57:40.357+0800][47.873s][info][gc,metaspace   ] GC(1923) Metaspace: 157K(384K)->157K(384K) NonClass: 153K(256K)->153K(256K) Class: 4K(128K)->4K(128K)
[2026-06-17T09:57:40.357+0800][47.873s][info][gc             ] GC(1923) Pause Young (Allocation Failure) 46M->40M(56M) 1.201ms
[2026-06-17T09:57:40.357+0800][47.873s][info][gc,cpu         ] GC(1923) User=0.00s Sys=0.00s Real=0.00s
[2026-06-17T09:57:40.378+0800][47.894s][info][gc,start       ] GC(1924) Pause Young (Allocation Failure)
[2026-06-17T09:57:40.379+0800][47.895s][info][gc,heap        ] GC(1924) PSYoungGen: 12122K(13824K)->3181K(14336K) Eden: 7168K(7168K)->0K(7168K) From: 4954K(6656K)->3181K(7168K)
[2026-06-17T09:57:40.379+0800][47.895s][info][gc,heap        ] GC(1924) ParOldGen: 36047K(44032K)->38030K(44032K)
[2026-06-17T09:57:40.380+0800][47.896s][info][gc,metaspace   ] GC(1924) Metaspace: 157K(384K)->157K(384K) NonClass: 153K(256K)->153K(256K) Class: 4K(128K)->4K(128K)
[2026-06-17T09:57:40.380+0800][47.896s][info][gc             ] GC(1924) Pause Young (Allocation Failure) 47M->40M(57M) 1.693ms
[2026-06-17T09:57:40.380+0800][47.896s][info][gc,cpu         ] GC(1924) User=0.00s Sys=0.00s Real=0.00s
[2026-06-17T09:57:40.401+0800][47.917s][info][gc,start       ] GC(1925) Pause Young (Allocation Failure)
[2026-06-17T09:57:40.402+0800][47.918s][info][gc,heap        ] GC(1925) PSYoungGen: 10317K(14336K)->3155K(14848K) Eden: 7136K(7168K)->0K(8192K) From: 3181K(7168K)->3155K(6656K)
[2026-06-17T09:57:40.402+0800][47.918s][info][gc,heap        ] GC(1925) ParOldGen: 38030K(44032K)->38030K(44032K)
[2026-06-17T09:57:40.402+0800][47.918s][info][gc,metaspace   ] GC(1925) Metaspace: 157K(384K)->157K(384K) NonClass: 153K(256K)->153K(256K) Class: 4K(128K)->4K(128K)
[2026-06-17T09:57:40.402+0800][47.918s][info][gc             ] GC(1925) Pause Young (Allocation Failure) 47M->40M(57M) 1.348ms
[2026-06-17T09:57:40.403+0800][47.919s][info][gc,cpu         ] GC(1925) User=0.01s Sys=0.00s Real=0.01s
[2026-06-17T09:57:40.424+0800][47.940s][info][gc,start       ] GC(1926) Pause Young (Allocation Failure)
[2026-06-17T09:57:40.425+0800][47.941s][info][gc,heap        ] GC(1926) PSYoungGen: 11343K(14848K)->2578K(14848K) Eden: 8188K(8192K)->0K(8192K) From: 3155K(6656K)->2578K(6656K)
[2026-06-17T09:57:40.425+0800][47.941s][info][gc,heap        ] GC(1926) ParOldGen: 38030K(44032K)->39576K(44032K)
[2026-06-17T09:57:40.425+0800][47.941s][info][gc,metaspace   ] GC(1926) Metaspace: 157K(384K)->157K(384K) NonClass: 153K(256K)->153K(256K) Class: 4K(128K)->4K(128K)
[2026-06-17T09:57:40.425+0800][47.941s][info][gc             ] GC(1926) Pause Young (Allocation Failure) 48M->41M(57M) 1.535ms
[2026-06-17T09:57:40.425+0800][47.941s][info][gc,cpu         ] GC(1926) User=0.00s Sys=0.00s Real=0.00s
[2026-06-17T09:57:40.447+0800][47.963s][info][gc,start       ] GC(1927) Pause Young (Allocation Failure)
[2026-06-17T09:57:40.448+0800][47.964s][info][gc,heap        ] GC(1927) PSYoungGen: 10764K(14848K)->2193K(15360K) Eden: 8186K(8192K)->0K(8704K) From: 2578K(6656K)->2193K(6656K)
[2026-06-17T09:57:40.448+0800][47.964s][info][gc,heap        ] GC(1927) ParOldGen: 39576K(44032K)->41790K(44032K)
[2026-06-17T09:57:40.449+0800][47.965s][info][gc,metaspace   ] GC(1927) Metaspace: 157K(384K)->157K(384K) NonClass: 153K(256K)->153K(256K) Class: 4K(128K)->4K(128K)
[2026-06-17T09:57:40.449+0800][47.965s][info][gc             ] GC(1927) Pause Young (Allocation Failure) 49M->42M(58M) 1.888ms
[2026-06-17T09:57:40.449+0800][47.965s][info][gc,cpu         ] GC(1927) User=0.00s Sys=0.00s Real=0.00s
[2026-06-17T09:57:40.470+0800][47.986s][info][gc,start       ] GC(1928) Pause Full (Ergonomics)
[2026-06-17T09:57:40.472+0800][47.988s][info][gc,phases,start] GC(1928) Marking Phase
[2026-06-17T09:57:40.475+0800][47.991s][info][gc,phases      ] GC(1928) Marking Phase 3.117ms
[2026-06-17T09:57:40.479+0800][47.995s][info][gc,phases,start] GC(1928) Summary Phase
[2026-06-17T09:57:40.479+0800][47.995s][info][gc,phases      ] GC(1928) Summary Phase 0.883ms
[2026-06-17T09:57:40.480+0800][47.996s][info][gc,phases,start] GC(1928) Adjust Roots
[2026-06-17T09:57:40.480+0800][47.996s][info][gc,phases      ] GC(1928) Adjust Roots 0.698ms
[2026-06-17T09:57:40.483+0800][47.999s][info][gc,phases,start] GC(1928) Compaction Phase
[2026-06-17T09:57:40.487+0800][48.003s][info][gc,phases      ] GC(1928) Compaction Phase 4.039ms
[2026-06-17T09:57:40.487+0800][48.003s][info][gc,phases,start] GC(1928) Post Compact
[2026-06-17T09:57:40.487+0800][48.003s][info][gc,phases      ] GC(1928) Post Compact 0.350ms
[2026-06-17T09:57:40.488+0800][48.004s][info][gc,heap        ] GC(1928) PSYoungGen: 10878K(15360K)->0K(14848K) Eden: 8684K(8704K)->0K(8704K) From: 2193K(6656K)->0K(6144K)
[2026-06-17T09:57:40.488+0800][48.004s][info][gc,heap        ] GC(1928) ParOldGen: 41790K(44032K)->32465K(44032K)
[2026-06-17T09:57:40.488+0800][48.004s][info][gc,metaspace   ] GC(1928) Metaspace: 157K(384K)->157K(384K) NonClass: 153K(256K)->153K(256K) Class: 4K(128K)->4K(128K)
[2026-06-17T09:57:40.488+0800][48.004s][info][gc             ] GC(1928) Pause Full (Ergonomics) 51M->31M(57M) 17.505ms
[2026-06-17T09:57:40.488+0800][48.004s][info][gc,cpu         ] GC(1928) User=0.00s Sys=0.01s Real=0.01s
[2026-06-17T09:57:40.510+0800][48.026s][info][gc,start       ] GC(1929) Pause Young (Allocation Failure)
[2026-06-17T09:57:40.511+0800][48.027s][info][gc,heap        ] GC(1929) PSYoungGen: 8700K(14848K)->5288K(14336K) Eden: 8700K(8704K)->0K(8192K) From: 0K(6144K)->5288K(6144K)
[2026-06-17T09:57:40.511+0800][48.027s][info][gc,heap        ] GC(1929) ParOldGen: 32465K(44032K)->32465K(44032K)
[2026-06-17T09:57:40.511+0800][48.027s][info][gc,metaspace   ] GC(1929) Metaspace: 157K(384K)->157K(384K) NonClass: 153K(256K)->153K(256K) Class: 4K(128K)->4K(128K)
[2026-06-17T09:57:40.511+0800][48.027s][info][gc             ] GC(1929) Pause Young (Allocation Failure) 40M->36M(57M) 1.718ms
[2026-06-17T09:57:40.511+0800][48.027s][info][gc,cpu         ] GC(1929) User=0.00s Sys=0.00s Real=0.01s
[2026-06-17T09:57:40.533+0800][48.049s][info][gc,start       ] GC(1930) Pause Young (Allocation Failure)
[2026-06-17T09:57:40.534+0800][48.050s][info][gc,heap        ] GC(1930) PSYoungGen: 13474K(14336K)->6634K(14848K) Eden: 8186K(8192K)->0K(8192K) From: 5288K(6144K)->6634K(6656K)
[2026-06-17T09:57:40.534+0800][48.050s][info][gc,heap        ] GC(1930) ParOldGen: 32465K(44032K)->32534K(44032K)
[2026-06-17T09:57:40.535+0800][48.051s][info][gc,metaspace   ] GC(1930) Metaspace: 157K(384K)->157K(384K) NonClass: 153K(256K)->153K(256K) Class: 4K(128K)->4K(128K)
[2026-06-17T09:57:40.535+0800][48.051s][info][gc             ] GC(1930) Pause Young (Allocation Failure) 44M->38M(57M) 2.388ms
[2026-06-17T09:57:40.535+0800][48.051s][info][gc,cpu         ] GC(1930) User=0.00s Sys=0.00s Real=0.00s
[2026-06-17T09:57:40.557+0800][48.073s][info][gc,start       ] GC(1931) Pause Young (Allocation Failure)
[2026-06-17T09:57:40.560+0800][48.076s][info][gc,heap        ] GC(1931) PSYoungGen: 14801K(14848K)->4335K(13824K) Eden: 8167K(8192K)->0K(7168K) From: 6634K(6656K)->4335K(6656K)
[2026-06-17T09:57:40.560+0800][48.076s][info][gc,heap        ] GC(1931) ParOldGen: 32534K(44032K)->35849K(44032K)
[2026-06-17T09:57:40.560+0800][48.077s][info][gc,metaspace   ] GC(1931) Metaspace: 157K(384K)->157K(384K) NonClass: 153K(256K)->153K(256K) Class: 4K(128K)->4K(128K)
[2026-06-17T09:57:40.561+0800][48.077s][info][gc             ] GC(1931) Pause Young (Allocation Failure) 46M->39M(56M) 3.590ms
[2026-06-17T09:57:40.561+0800][48.077s][info][gc,cpu         ] GC(1931) User=0.00s Sys=0.00s Real=0.00s
[2026-06-17T09:57:40.573+0800][48.089s][info][gc,start       ] GC(1932) Pause Young (Allocation Failure)
[2026-06-17T09:57:40.574+0800][48.090s][info][gc,heap        ] GC(1932) PSYoungGen: 11325K(13824K)->684K(14336K) Eden: 6989K(7168K)->0K(7168K) From: 4335K(6656K)->684K(7168K)
[2026-06-17T09:57:40.575+0800][48.091s][info][gc,heap        ] GC(1932) ParOldGen: 35849K(44032K)->39331K(44032K)
[2026-06-17T09:57:40.575+0800][48.091s][info][gc,metaspace   ] GC(1932) Metaspace: 157K(384K)->157K(384K) NonClass: 153K(256K)->153K(256K) Class: 4K(128K)->4K(128K)
[2026-06-17T09:57:40.575+0800][48.091s][info][gc             ] GC(1932) Pause Young (Allocation Failure) 46M->39M(57M) 2.603ms
[2026-06-17T09:57:40.575+0800][48.091s][info][gc,cpu         ] GC(1932) User=0.01s Sys=0.00s Real=0.00s
[2026-06-17T09:57:40.597+0800][48.113s][info][gc,start       ] GC(1933) Pause Young (Allocation Failure)
[2026-06-17T09:57:40.598+0800][48.114s][info][gc,heap        ] GC(1933) PSYoungGen: 7842K(14336K)->3736K(14336K) Eden: 7158K(7168K)->0K(7168K) From: 684K(7168K)->3736K(7168K)
[2026-06-17T09:57:40.598+0800][48.114s][info][gc,heap        ] GC(1933) ParOldGen: 39331K(44032K)->39991K(44032K)
[2026-06-17T09:57:40.599+0800][48.115s][info][gc,metaspace   ] GC(1933) Metaspace: 157K(384K)->157K(384K) NonClass: 153K(256K)->153K(256K) Class: 4K(128K)->4K(128K)
[2026-06-17T09:57:40.599+0800][48.115s][info][gc             ] GC(1933) Pause Young (Allocation Failure) 46M->42M(57M) 2.080ms
[2026-06-17T09:57:40.599+0800][48.115s][info][gc,cpu         ] GC(1933) User=0.00s Sys=0.00s Real=0.00s
[2026-06-17T09:57:40.620+0800][48.136s][info][gc,start       ] GC(1934) Pause Full (Ergonomics)
[2026-06-17T09:57:40.621+0800][48.137s][info][gc,phases,start] GC(1934) Marking Phase
[2026-06-17T09:57:40.622+0800][48.138s][info][gc,phases      ] GC(1934) Marking Phase 1.232ms
[2026-06-17T09:57:40.622+0800][48.138s][info][gc,phases,start] GC(1934) Summary Phase
[2026-06-17T09:57:40.623+0800][48.139s][info][gc,phases      ] GC(1934) Summary Phase 0.249ms
[2026-06-17T09:57:40.623+0800][48.139s][info][gc,phases,start] GC(1934) Adjust Roots
[2026-06-17T09:57:40.623+0800][48.139s][info][gc,phases      ] GC(1934) Adjust Roots 0.363ms
[2026-06-17T09:57:40.623+0800][48.139s][info][gc,phases,start] GC(1934) Compaction Phase
[2026-06-17T09:57:40.625+0800][48.141s][info][gc,phases      ] GC(1934) Compaction Phase 1.814ms
[2026-06-17T09:57:40.625+0800][48.141s][info][gc,phases,start] GC(1934) Post Compact
[2026-06-17T09:57:40.626+0800][48.142s][info][gc,phases      ] GC(1934) Post Compact 0.394ms
[2026-06-17T09:57:40.626+0800][48.142s][info][gc,heap        ] GC(1934) PSYoungGen: 10876K(14336K)->0K(14336K) Eden: 7139K(7168K)->0K(7168K) From: 3736K(7168K)->0K(7168K)
[2026-06-17T09:57:40.626+0800][48.142s][info][gc,heap        ] GC(1934) ParOldGen: 39991K(44032K)->31317K(44032K)
[2026-06-17T09:57:40.626+0800][48.142s][info][gc,metaspace   ] GC(1934) Metaspace: 157K(384K)->157K(384K) NonClass: 153K(256K)->153K(256K) Class: 4K(128K)->4K(128K)
[2026-06-17T09:57:40.627+0800][48.143s][info][gc             ] GC(1934) Pause Full (Ergonomics) 49M->30M(57M) 6.205ms
[2026-06-17T09:57:40.627+0800][48.143s][info][gc,cpu         ] GC(1934) User=0.01s Sys=0.00s Real=0.01s
[2026-06-17T09:57:40.648+0800][48.164s][info][gc,start       ] GC(1935) Pause Young (Allocation Failure)
[2026-06-17T09:57:40.649+0800][48.165s][info][gc,heap        ] GC(1935) PSYoungGen: 7162K(14336K)->3769K(14336K) Eden: 7162K(7168K)->0K(7168K) From: 0K(7168K)->3769K(7168K)
[2026-06-17T09:57:40.649+0800][48.165s][info][gc,heap        ] GC(1935) ParOldGen: 31317K(44032K)->31317K(44032K)
[2026-06-17T09:57:40.649+0800][48.165s][info][gc,metaspace   ] GC(1935) Metaspace: 157K(384K)->157K(384K) NonClass: 153K(256K)->153K(256K) Class: 4K(128K)->4K(128K)
[2026-06-17T09:57:40.651+0800][48.167s][info][gc             ] GC(1935) Pause Young (Allocation Failure) 37M->34M(57M) 2.756ms
[2026-06-17T09:57:40.651+0800][48.167s][info][gc,cpu         ] GC(1935) User=0.00s Sys=0.00s Real=0.01s
[2026-06-17T09:57:40.662+0800][48.178s][info][gc,start       ] GC(1936) Pause Young (Allocation Failure)
[2026-06-17T09:57:40.663+0800][48.179s][info][gc,heap        ] GC(1936) PSYoungGen: 10923K(14336K)->3958K(14336K) Eden: 7154K(7168K)->0K(7168K) From: 3769K(7168K)->3958K(7168K)
[2026-06-17T09:57:40.663+0800][48.179s][info][gc,heap        ] GC(1936) ParOldGen: 31317K(44032K)->34750K(44032K)
[2026-06-17T09:57:40.663+0800][48.179s][info][gc,metaspace   ] GC(1936) Metaspace: 157K(384K)->157K(384K) NonClass: 153K(256K)->153K(256K) Class: 4K(128K)->4K(128K)
[2026-06-17T09:57:40.663+0800][48.179s][info][gc             ] GC(1936) Pause Young (Allocation Failure) 41M->37M(57M) 1.620ms
[2026-06-17T09:57:40.663+0800][48.179s][info][gc,cpu         ] GC(1936) User=0.00s Sys=0.00s Real=0.01s
[2026-06-17T09:57:40.685+0800][48.201s][info][gc,start       ] GC(1937) Pause Young (Allocation Failure)
[2026-06-17T09:57:40.686+0800][48.202s][info][gc,heap        ] GC(1937) PSYoungGen: 11124K(14336K)->2441K(14848K) Eden: 7165K(7168K)->0K(7680K) From: 3958K(7168K)->2441K(7168K)
[2026-06-17T09:57:40.686+0800][48.202s][info][gc,heap        ] GC(1937) ParOldGen: 34750K(44032K)->36631K(44032K)
[2026-06-17T09:57:40.686+0800][48.202s][info][gc,metaspace   ] GC(1937) Metaspace: 157K(384K)->157K(384K) NonClass: 153K(256K)->153K(256K) Class: 4K(128K)->4K(128K)
[2026-06-17T09:57:40.686+0800][48.202s][info][gc             ] GC(1937) Pause Young (Allocation Failure) 44M->38M(57M) 1.762ms
[2026-06-17T09:57:40.687+0800][48.203s][info][gc,cpu         ] GC(1937) User=0.00s Sys=0.00s Real=0.00s
[2026-06-17T09:57:40.708+0800][48.224s][info][gc,start       ] GC(1938) Pause Young (Allocation Failure)
[2026-06-17T09:57:40.709+0800][48.225s][info][gc,heap        ] GC(1938) PSYoungGen: 10079K(14848K)->2945K(14336K) Eden: 7637K(7680K)->0K(7680K) From: 2441K(7168K)->2945K(6656K)
[2026-06-17T09:57:40.709+0800][48.225s][info][gc,heap        ] GC(1938) ParOldGen: 36631K(44032K)->36631K(44032K)
[2026-06-17T09:57:40.710+0800][48.226s][info][gc,metaspace   ] GC(1938) Metaspace: 157K(384K)->157K(384K) NonClass: 153K(256K)->153K(256K) Class: 4K(128K)->4K(128K)
[2026-06-17T09:57:40.710+0800][48.226s][info][gc             ] GC(1938) Pause Young (Allocation Failure) 45M->38M(57M) 2.011ms
[2026-06-17T09:57:40.710+0800][48.226s][info][gc,cpu         ] GC(1938) User=0.00s Sys=0.00s Real=0.00s
[2026-06-17T09:57:40.721+0800][48.237s][info][gc,start       ] GC(1939) Pause Young (Allocation Failure)
[2026-06-17T09:57:40.722+0800][48.238s][info][gc,heap        ] GC(1939) PSYoungGen: 10369K(14336K)->1595K(14848K) Eden: 7423K(7680K)->0K(8192K) From: 2945K(6656K)->1595K(6656K)
[2026-06-17T09:57:40.723+0800][48.239s][info][gc,heap        ] GC(1939) ParOldGen: 36631K(44032K)->38381K(44032K)
[2026-06-17T09:57:40.723+0800][48.239s][info][gc,metaspace   ] GC(1939) Metaspace: 157K(384K)->157K(384K) NonClass: 153K(256K)->153K(256K) Class: 4K(128K)->4K(128K)
[2026-06-17T09:57:40.723+0800][48.239s][info][gc             ] GC(1939) Pause Young (Allocation Failure) 45M->39M(57M) 1.755ms
[2026-06-17T09:57:40.723+0800][48.239s][info][gc,cpu         ] GC(1939) User=0.01s Sys=0.00s Real=0.01s
[2026-06-17T09:57:40.744+0800][48.260s][info][gc,start       ] GC(1940) Pause Young (Allocation Failure)
[2026-06-17T09:57:40.745+0800][48.261s][info][gc,heap        ] GC(1940) PSYoungGen: 8854K(14848K)->271K(14848K) Eden: 7259K(8192K)->0K(8192K) From: 1595K(6656K)->271K(6656K)
[2026-06-17T09:57:40.745+0800][48.261s][info][gc,heap        ] GC(1940) ParOldGen: 38381K(44032K)->39952K(44032K)
[2026-06-17T09:57:40.745+0800][48.261s][info][gc,metaspace   ] GC(1940) Metaspace: 157K(384K)->157K(384K) NonClass: 153K(256K)->153K(256K) Class: 4K(128K)->4K(128K)
[2026-06-17T09:57:40.745+0800][48.261s][info][gc             ] GC(1940) Pause Young (Allocation Failure) 46M->39M(57M) 1.106ms
[2026-06-17T09:57:40.745+0800][48.261s][info][gc,cpu         ] GC(1940) User=0.00s Sys=0.00s Real=0.00s
[2026-06-17T09:57:40.767+0800][48.283s][info][gc,start       ] GC(1941) Pause Young (Allocation Failure)
[2026-06-17T09:57:40.768+0800][48.284s][info][gc,heap        ] GC(1941) PSYoungGen: 8461K(14848K)->4794K(13824K) Eden: 8190K(8192K)->0K(7168K) From: 271K(6656K)->4794K(6656K)
[2026-06-17T09:57:40.768+0800][48.284s][info][gc,heap        ] GC(1941) ParOldGen: 39952K(44032K)->40223K(44032K)
[2026-06-17T09:57:40.768+0800][48.284s][info][gc,metaspace   ] GC(1941) Metaspace: 157K(384K)->157K(384K) NonClass: 153K(256K)->153K(256K) Class: 4K(128K)->4K(128K)
[2026-06-17T09:57:40.768+0800][48.284s][info][gc             ] GC(1941) Pause Young (Allocation Failure) 47M->43M(56M) 1.884ms
[2026-06-17T09:57:40.769+0800][48.285s][info][gc,cpu         ] GC(1941) User=0.00s Sys=0.00s Real=0.00s
[2026-06-17T09:57:40.790+0800][48.306s][info][gc,start       ] GC(1942) Pause Full (Ergonomics)
[2026-06-17T09:57:40.792+0800][48.308s][info][gc,phases,start] GC(1942) Marking Phase
[2026-06-17T09:57:40.793+0800][48.309s][info][gc,phases      ] GC(1942) Marking Phase 0.758ms
[2026-06-17T09:57:40.808+0800][48.324s][info][gc,phases,start] GC(1942) Summary Phase
[2026-06-17T09:57:40.808+0800][48.324s][info][gc,phases      ] GC(1942) Summary Phase 0.696ms
[2026-06-17T09:57:40.809+0800][48.325s][info][gc,phases,start] GC(1942) Adjust Roots
[2026-06-17T09:57:40.809+0800][48.325s][info][gc,phases      ] GC(1942) Adjust Roots 0.469ms
[2026-06-17T09:57:40.810+0800][48.326s][info][gc,phases,start] GC(1942) Compaction Phase
[2026-06-17T09:57:40.812+0800][48.328s][info][gc,phases      ] GC(1942) Compaction Phase 2.773ms
[2026-06-17T09:57:40.813+0800][48.329s][info][gc,phases,start] GC(1942) Post Compact
[2026-06-17T09:57:40.813+0800][48.329s][info][gc,phases      ] GC(1942) Post Compact 0.332ms
[2026-06-17T09:57:40.813+0800][48.329s][info][gc,heap        ] GC(1942) PSYoungGen: 11911K(13824K)->0K(14336K) Eden: 7116K(7168K)->0K(7168K) From: 4794K(6656K)->0K(7168K)
[2026-06-17T09:57:40.813+0800][48.329s][info][gc,heap        ] GC(1942) ParOldGen: 40223K(44032K)->26085K(44032K)
[2026-06-17T09:57:40.814+0800][48.330s][info][gc,metaspace   ] GC(1942) Metaspace: 157K(384K)->157K(384K) NonClass: 153K(256K)->153K(256K) Class: 4K(128K)->4K(128K)
[2026-06-17T09:57:40.814+0800][48.330s][info][gc             ] GC(1942) Pause Full (Ergonomics) 50M->25M(57M) 24.007ms
[2026-06-17T09:57:40.814+0800][48.330s][info][gc,cpu         ] GC(1942) User=0.01s Sys=0.00s Real=0.03s
[2026-06-17T09:57:40.825+0800][48.341s][info][gc,start       ] GC(1943) Pause Young (Allocation Failure)
[2026-06-17T09:57:40.826+0800][48.342s][info][gc,heap        ] GC(1943) PSYoungGen: 7128K(14336K)->7138K(14336K) Eden: 7128K(7168K)->0K(7168K) From: 0K(7168K)->7138K(7168K)
[2026-06-17T09:57:40.826+0800][48.342s][info][gc,heap        ] GC(1943) ParOldGen: 26085K(44032K)->26149K(44032K)
[2026-06-17T09:57:40.826+0800][48.342s][info][gc,metaspace   ] GC(1943) Metaspace: 157K(384K)->157K(384K) NonClass: 153K(256K)->153K(256K) Class: 4K(128K)->4K(128K)
[2026-06-17T09:57:40.826+0800][48.342s][info][gc             ] GC(1943) Pause Young (Allocation Failure) 32M->32M(57M) 1.621ms
[2026-06-17T09:57:40.826+0800][48.342s][info][gc,cpu         ] GC(1943) User=0.00s Sys=0.00s Real=0.00s
[2026-06-17T09:57:40.848+0800][48.364s][info][gc,start       ] GC(1944) Pause Young (Allocation Failure)
[2026-06-17T09:57:40.848+0800][48.364s][info][gc,heap        ] GC(1944) PSYoungGen: 14061K(14336K)->32K(14336K) Eden: 6922K(7168K)->0K(7168K) From: 7138K(7168K)->32K(7168K)
[2026-06-17T09:57:40.849+0800][48.365s][info][gc,heap        ] GC(1944) ParOldGen: 26149K(44032K)->29630K(44032K)
[2026-06-17T09:57:40.849+0800][48.365s][info][gc,metaspace   ] GC(1944) Metaspace: 157K(384K)->157K(384K) NonClass: 153K(256K)->153K(256K) Class: 4K(128K)->4K(128K)
[2026-06-17T09:57:40.849+0800][48.365s][info][gc             ] GC(1944) Pause Young (Allocation Failure) 39M->28M(57M) 1.589ms
[2026-06-17T09:57:40.849+0800][48.365s][info][gc,cpu         ] GC(1944) User=0.00s Sys=0.00s Real=0.00s
[2026-06-17T09:57:40.871+0800][48.387s][info][gc,start       ] GC(1945) Pause Young (Allocation Failure)
[2026-06-17T09:57:40.872+0800][48.388s][info][gc,heap        ] GC(1945) PSYoungGen: 7194K(14336K)->3473K(14336K) Eden: 7162K(7168K)->0K(7168K) From: 32K(7168K)->3473K(7168K)
[2026-06-17T09:57:40.872+0800][48.388s][info][gc,heap        ] GC(1945) ParOldGen: 29630K(44032K)->29638K(44032K)
[2026-06-17T09:57:40.872+0800][48.388s][info][gc,metaspace   ] GC(1945) Metaspace: 157K(384K)->157K(384K) NonClass: 153K(256K)->153K(256K) Class: 4K(128K)->4K(128K)
[2026-06-17T09:57:40.872+0800][48.388s][info][gc             ] GC(1945) Pause Young (Allocation Failure) 35M->32M(57M) 1.574ms
[2026-06-17T09:57:40.872+0800][48.388s][info][gc,cpu         ] GC(1945) User=0.00s Sys=0.00s Real=0.00s
[2026-06-17T09:57:40.883+0800][48.399s][info][gc,start       ] GC(1946) Pause Young (Allocation Failure)
[2026-06-17T09:57:40.884+0800][48.400s][info][gc,heap        ] GC(1946) PSYoungGen: 10562K(14336K)->1081K(14336K) Eden: 7089K(7168K)->0K(7168K) From: 3473K(7168K)->1081K(7168K)
[2026-06-17T09:57:40.885+0800][48.401s][info][gc,heap        ] GC(1946) ParOldGen: 29638K(44032K)->32052K(44032K)
[2026-06-17T09:57:40.885+0800][48.401s][info][gc,metaspace   ] GC(1946) Metaspace: 157K(384K)->157K(384K) NonClass: 153K(256K)->153K(256K) Class: 4K(128K)->4K(128K)
[2026-06-17T09:57:40.885+0800][48.401s][info][gc             ] GC(1946) Pause Young (Allocation Failure) 39M->32M(57M) 1.854ms
[2026-06-17T09:57:40.885+0800][48.401s][info][gc,cpu         ] GC(1946) User=0.00s Sys=0.00s Real=0.00s
[2026-06-17T09:57:40.907+0800][48.423s][info][gc,start       ] GC(1947) Pause Young (Allocation Failure)
[2026-06-17T09:57:40.909+0800][48.425s][info][gc,heap        ] GC(1947) PSYoungGen: 8247K(14336K)->3645K(14336K) Eden: 7166K(7168K)->0K(7168K) From: 1081K(7168K)->3645K(7168K)
[2026-06-17T09:57:40.910+0800][48.426s][info][gc,heap        ] GC(1947) ParOldGen: 32052K(44032K)->33109K(44032K)
[2026-06-17T09:57:40.911+0800][48.427s][info][gc,metaspace   ] GC(1947) Metaspace: 157K(384K)->157K(384K) NonClass: 153K(256K)->153K(256K) Class: 4K(128K)->4K(128K)
[2026-06-17T09:57:40.911+0800][48.427s][info][gc             ] GC(1947) Pause Young (Allocation Failure) 39M->35M(57M) 4.011ms
[2026-06-17T09:57:40.912+0800][48.428s][info][gc,cpu         ] GC(1947) User=0.00s Sys=0.00s Real=0.01s
[2026-06-17T09:57:40.934+0800][48.450s][info][gc,start       ] GC(1948) Pause Young (Allocation Failure)
[2026-06-17T09:57:40.935+0800][48.451s][info][gc,heap        ] GC(1948) PSYoungGen: 10812K(14336K)->3007K(14336K) Eden: 7167K(7168K)->0K(7168K) From: 3645K(7168K)->3007K(7168K)
[2026-06-17T09:57:40.936+0800][48.452s][info][gc,heap        ] GC(1948) ParOldGen: 33109K(44032K)->33839K(44032K)
[2026-06-17T09:57:40.936+0800][48.452s][info][gc,metaspace   ] GC(1948) Metaspace: 157K(384K)->157K(384K) NonClass: 153K(256K)->153K(256K) Class: 4K(128K)->4K(128K)
[2026-06-17T09:57:40.937+0800][48.453s][info][gc             ] GC(1948) Pause Young (Allocation Failure) 42M->35M(57M) 3.436ms
[2026-06-17T09:57:40.938+0800][48.454s][info][gc,cpu         ] GC(1948) User=0.00s Sys=0.00s Real=0.00s
[2026-06-17T09:57:40.960+0800][48.476s][info][gc,start       ] GC(1949) Pause Young (Allocation Failure)
[2026-06-17T09:57:40.962+0800][48.478s][info][gc,heap        ] GC(1949) PSYoungGen: 10132K(14336K)->3000K(14848K) Eden: 7124K(7168K)->0K(7680K) From: 3007K(7168K)->3000K(7168K)
[2026-06-17T09:57:40.963+0800][48.479s][info][gc,heap        ] GC(1949) ParOldGen: 33839K(44032K)->33839K(44032K)
[2026-06-17T09:57:40.963+0800][48.479s][info][gc,metaspace   ] GC(1949) Metaspace: 157K(384K)->157K(384K) NonClass: 153K(256K)->153K(256K) Class: 4K(128K)->4K(128K)
[2026-06-17T09:57:40.964+0800][48.480s][info][gc             ] GC(1949) Pause Young (Allocation Failure) 42M->35M(57M) 3.820ms
[2026-06-17T09:57:40.964+0800][48.480s][info][gc,cpu         ] GC(1949) User=0.00s Sys=0.00s Real=0.01s
[2026-06-17T09:57:40.976+0800][48.492s][info][gc,start       ] GC(1950) Pause Young (Allocation Failure)
[2026-06-17T09:57:40.978+0800][48.494s][info][gc,heap        ] GC(1950) PSYoungGen: 10458K(14848K)->3765K(14336K) Eden: 7458K(7680K)->0K(7680K) From: 3000K(7168K)->3765K(6656K)
[2026-06-17T09:57:40.979+0800][48.495s][info][gc,heap        ] GC(1950) ParOldGen: 33839K(44032K)->33839K(44032K)
[2026-06-17T09:57:40.980+0800][48.496s][info][gc,metaspace   ] GC(1950) Metaspace: 157K(384K)->157K(384K) NonClass: 153K(256K)->153K(256K) Class: 4K(128K)->4K(128K)
[2026-06-17T09:57:40.980+0800][48.496s][info][gc             ] GC(1950) Pause Young (Allocation Failure) 43M->36M(57M) 4.137ms
[2026-06-17T09:57:40.981+0800][48.497s][info][gc,cpu         ] GC(1950) User=0.00s Sys=0.01s Real=0.00s
[2026-06-17T09:57:41.003+0800][48.519s][info][gc,start       ] GC(1951) Pause Young (Allocation Failure)
[2026-06-17T09:57:41.006+0800][48.522s][info][gc,heap        ] GC(1951) PSYoungGen: 11427K(14336K)->6133K(13824K) Eden: 7661K(7680K)->0K(7168K) From: 3765K(6656K)->6133K(6656K)
[2026-06-17T09:57:41.006+0800][48.522s][info][gc,heap        ] GC(1951) ParOldGen: 33839K(44032K)->35679K(44032K)
[2026-06-17T09:57:41.007+0800][48.523s][info][gc,metaspace   ] GC(1951) Metaspace: 157K(384K)->157K(384K) NonClass: 153K(256K)->153K(256K) Class: 4K(128K)->4K(128K)
[2026-06-17T09:57:41.007+0800][48.523s][info][gc             ] GC(1951) Pause Young (Allocation Failure) 44M->40M(56M) 3.956ms
[2026-06-17T09:57:41.008+0800][48.524s][info][gc,cpu         ] GC(1951) User=0.00s Sys=0.00s Real=0.00s
[2026-06-17T09:57:41.030+0800][48.546s][info][gc,start       ] GC(1952) Pause Young (Allocation Failure)
[2026-06-17T09:57:41.032+0800][48.548s][info][gc,heap        ] GC(1952) PSYoungGen: 13265K(13824K)->4359K(14336K) Eden: 7132K(7168K)->0K(7168K) From: 6133K(6656K)->4359K(7168K)
[2026-06-17T09:57:41.032+0800][48.548s][info][gc,heap        ] GC(1952) ParOldGen: 35679K(44032K)->37556K(44032K)
[2026-06-17T09:57:41.032+0800][48.548s][info][gc,metaspace   ] GC(1952) Metaspace: 157K(384K)->157K(384K) NonClass: 153K(256K)->153K(256K) Class: 4K(128K)->4K(128K)
[2026-06-17T09:57:41.033+0800][48.549s][info][gc             ] GC(1952) Pause Young (Allocation Failure) 47M->40M(57M) 3.107ms
[2026-06-17T09:57:41.033+0800][48.549s][info][gc,cpu         ] GC(1952) User=0.01s Sys=0.00s Real=0.01s
[2026-06-17T09:57:41.045+0800][48.561s][info][gc,start       ] GC(1953) Pause Young (Allocation Failure)
[2026-06-17T09:57:41.047+0800][48.563s][info][gc,heap        ] GC(1953) PSYoungGen: 11463K(14336K)->1469K(14336K) Eden: 7104K(7168K)->0K(7168K) From: 4359K(7168K)->1469K(7168K)
[2026-06-17T09:57:41.048+0800][48.564s][info][gc,heap        ] GC(1953) ParOldGen: 37556K(44032K)->40765K(44032K)
[2026-06-17T09:57:41.048+0800][48.564s][info][gc,metaspace   ] GC(1953) Metaspace: 157K(384K)->157K(384K) NonClass: 153K(256K)->153K(256K) Class: 4K(128K)->4K(128K)
[2026-06-17T09:57:41.049+0800][48.565s][info][gc             ] GC(1953) Pause Young (Allocation Failure) 47M->41M(57M) 3.867ms
[2026-06-17T09:57:41.049+0800][48.565s][info][gc,cpu         ] GC(1953) User=0.00s Sys=0.00s Real=0.00s
[2026-06-17T09:57:41.071+0800][48.587s][info][gc,start       ] GC(1954) Pause Full (Ergonomics)
[2026-06-17T09:57:41.073+0800][48.589s][info][gc,phases,start] GC(1954) Marking Phase
[2026-06-17T09:57:41.075+0800][48.591s][info][gc,phases      ] GC(1954) Marking Phase 2.616ms
[2026-06-17T09:57:41.076+0800][48.592s][info][gc,phases,start] GC(1954) Summary Phase
[2026-06-17T09:57:41.077+0800][48.593s][info][gc,phases      ] GC(1954) Summary Phase 0.747ms
[2026-06-17T09:57:41.077+0800][48.593s][info][gc,phases,start] GC(1954) Adjust Roots
[2026-06-17T09:57:41.078+0800][48.594s][info][gc,phases      ] GC(1954) Adjust Roots 0.730ms
[2026-06-17T09:57:41.078+0800][48.594s][info][gc,phases,start] GC(1954) Compaction Phase
[2026-06-17T09:57:41.081+0800][48.597s][info][gc,phases      ] GC(1954) Compaction Phase 2.851ms
[2026-06-17T09:57:41.081+0800][48.598s][info][gc,phases,start] GC(1954) Post Compact
[2026-06-17T09:57:41.082+0800][48.598s][info][gc,phases      ] GC(1954) Post Compact 0.776ms
[2026-06-17T09:57:41.083+0800][48.599s][info][gc,heap        ] GC(1954) PSYoungGen: 8612K(14336K)->0K(14336K) Eden: 7143K(7168K)->0K(7168K) From: 1469K(7168K)->0K(7168K)
[2026-06-17T09:57:41.084+0800][48.600s][info][gc,heap        ] GC(1954) ParOldGen: 40765K(44032K)->32213K(44032K)
[2026-06-17T09:57:41.084+0800][48.600s][info][gc,metaspace   ] GC(1954) Metaspace: 157K(384K)->157K(384K) NonClass: 153K(256K)->153K(256K) Class: 4K(128K)->4K(128K)
[2026-06-17T09:57:41.084+0800][48.600s][info][gc             ] GC(1954) Pause Full (Ergonomics) 48M->31M(57M) 13.053ms
[2026-06-17T09:57:41.085+0800][48.601s][info][gc,cpu         ] GC(1954) User=0.00s Sys=0.01s Real=0.01s
[2026-06-17T09:57:41.106+0800][48.622s][info][gc,start       ] GC(1955) Pause Young (Allocation Failure)
[2026-06-17T09:57:41.107+0800][48.623s][info][gc,heap        ] GC(1955) PSYoungGen: 7136K(14336K)->3848K(14336K) Eden: 7136K(7168K)->0K(7168K) From: 0K(7168K)->3848K(7168K)
[2026-06-17T09:57:41.108+0800][48.624s][info][gc,heap        ] GC(1955) ParOldGen: 32213K(44032K)->32213K(44032K)
[2026-06-17T09:57:41.109+0800][48.625s][info][gc,metaspace   ] GC(1955) Metaspace: 157K(384K)->157K(384K) NonClass: 153K(256K)->153K(256K) Class: 4K(128K)->4K(128K)
[2026-06-17T09:57:41.109+0800][48.625s][info][gc             ] GC(1955) Pause Young (Allocation Failure) 38M->35M(57M) 3.075ms
[2026-06-17T09:57:41.109+0800][48.625s][info][gc,cpu         ] GC(1955) User=0.00s Sys=0.00s Real=0.00s
[2026-06-17T09:57:41.131+0800][48.647s][info][gc,start       ] GC(1956) Pause Young (Allocation Failure)
[2026-06-17T09:57:41.132+0800][48.648s][info][gc,heap        ] GC(1956) PSYoungGen: 10983K(14336K)->1758K(14336K) Eden: 7134K(7168K)->0K(7168K) From: 3848K(7168K)->1758K(7168K)
[2026-06-17T09:57:41.133+0800][48.649s][info][gc,heap        ] GC(1956) ParOldGen: 32213K(44032K)->34536K(44032K)
[2026-06-17T09:57:41.133+0800][48.649s][info][gc,metaspace   ] GC(1956) Metaspace: 157K(384K)->157K(384K) NonClass: 153K(256K)->153K(256K) Class: 4K(128K)->4K(128K)
[2026-06-17T09:57:41.133+0800][48.649s][info][gc             ] GC(1956) Pause Young (Allocation Failure) 42M->35M(57M) 2.670ms
[2026-06-17T09:57:41.133+0800][48.649s][info][gc,cpu         ] GC(1956) User=0.00s Sys=0.00s Real=0.00s
[2026-06-17T09:57:41.155+0800][48.671s][info][gc,start       ] GC(1957) Pause Young (Allocation Failure)
[2026-06-17T09:57:41.156+0800][48.672s][info][gc,heap        ] GC(1957) PSYoungGen: 8921K(14336K)->2232K(14336K) Eden: 7162K(7168K)->0K(7168K) From: 1758K(7168K)->2232K(7168K)
[2026-06-17T09:57:41.156+0800][48.672s][info][gc,heap        ] GC(1957) ParOldGen: 34536K(44032K)->34536K(44032K)
[2026-06-17T09:57:41.157+0800][48.673s][info][gc,metaspace   ] GC(1957) Metaspace: 157K(384K)->157K(384K) NonClass: 153K(256K)->153K(256K) Class: 4K(128K)->4K(128K)
[2026-06-17T09:57:41.157+0800][48.673s][info][gc             ] GC(1957) Pause Young (Allocation Failure) 42M->35M(57M) 2.252ms
[2026-06-17T09:57:41.157+0800][48.673s][info][gc,cpu         ] GC(1957) User=0.00s Sys=0.00s Real=0.00s
[2026-06-17T09:57:41.168+0800][48.684s][info][gc,start       ] GC(1958) Pause Young (Allocation Failure)
[2026-06-17T09:57:41.169+0800][48.685s][info][gc,heap        ] GC(1958) PSYoungGen: 9096K(14336K)->2009K(14336K) Eden: 6864K(7168K)->0K(7168K) From: 2232K(7168K)->2009K(7168K)
[2026-06-17T09:57:41.170+0800][48.686s][info][gc,heap        ] GC(1958) ParOldGen: 34536K(44032K)->34536K(44032K)
[2026-06-17T09:57:41.171+0800][48.687s][info][gc,metaspace   ] GC(1958) Metaspace: 157K(384K)->157K(384K) NonClass: 153K(256K)->153K(256K) Class: 4K(128K)->4K(128K)
[2026-06-17T09:57:41.172+0800][48.688s][info][gc             ] GC(1958) Pause Young (Allocation Failure) 42M->35M(57M) 3.947ms
[2026-06-17T09:57:41.172+0800][48.688s][info][gc,cpu         ] GC(1958) User=0.00s Sys=0.00s Real=0.01s
[2026-06-17T09:57:41.193+0800][48.709s][info][gc,start       ] GC(1959) Pause Young (Allocation Failure)
[2026-06-17T09:57:41.194+0800][48.710s][info][gc,heap        ] GC(1959) PSYoungGen: 9139K(14336K)->5560K(13824K) Eden: 7129K(7168K)->0K(7168K) From: 2009K(7168K)->5560K(6656K)
[2026-06-17T09:57:41.195+0800][48.711s][info][gc,heap        ] GC(1959) ParOldGen: 34536K(44032K)->34536K(44032K)
[2026-06-17T09:57:41.196+0800][48.712s][info][gc,metaspace   ] GC(1959) Metaspace: 157K(384K)->157K(384K) NonClass: 153K(256K)->153K(256K) Class: 4K(128K)->4K(128K)
[2026-06-17T09:57:41.196+0800][48.712s][info][gc             ] GC(1959) Pause Young (Allocation Failure) 42M->39M(56M) 2.544ms
[2026-06-17T09:57:41.196+0800][48.712s][info][gc,cpu         ] GC(1959) User=0.00s Sys=0.00s Real=0.00s
[2026-06-17T09:57:41.207+0800][48.723s][info][gc,start       ] GC(1960) Pause Young (Allocation Failure)
[2026-06-17T09:57:41.208+0800][48.724s][info][gc,heap        ] GC(1960) PSYoungGen: 12678K(13824K)->5469K(14336K) Eden: 7118K(7168K)->0K(7168K) From: 5560K(6656K)->5469K(7168K)
[2026-06-17T09:57:41.209+0800][48.725s][info][gc,heap        ] GC(1960) ParOldGen: 34536K(44032K)->34536K(44032K)
[2026-06-17T09:57:41.209+0800][48.725s][info][gc,metaspace   ] GC(1960) Metaspace: 157K(384K)->157K(384K) NonClass: 153K(256K)->153K(256K) Class: 4K(128K)->4K(128K)
[2026-06-17T09:57:41.209+0800][48.725s][info][gc             ] GC(1960) Pause Young (Allocation Failure) 46M->39M(57M) 2.030ms
[2026-06-17T09:57:41.209+0800][48.725s][info][gc,cpu         ] GC(1960) User=0.01s Sys=0.00s Real=0.00s
[2026-06-17T09:57:41.231+0800][48.747s][info][gc,start       ] GC(1961) Pause Young (Allocation Failure)
[2026-06-17T09:57:41.232+0800][48.748s][info][gc,heap        ] GC(1961) PSYoungGen: 12631K(14336K)->6874K(14336K) Eden: 7161K(7168K)->0K(7168K) From: 5469K(7168K)->6874K(7168K)
[2026-06-17T09:57:41.232+0800][48.748s][info][gc,heap        ] GC(1961) ParOldGen: 34536K(44032K)->36865K(44032K)
[2026-06-17T09:57:41.232+0800][48.749s][info][gc,metaspace   ] GC(1961) Metaspace: 157K(384K)->157K(384K) NonClass: 153K(256K)->153K(256K) Class: 4K(128K)->4K(128K)
[2026-06-17T09:57:41.233+0800][48.749s][info][gc             ] GC(1961) Pause Young (Allocation Failure) 46M->42M(57M) 2.165ms
[2026-06-17T09:57:41.233+0800][48.749s][info][gc,cpu         ] GC(1961) User=0.00s Sys=0.00s Real=0.00s
[2026-06-17T09:57:41.254+0800][48.770s][info][gc,start       ] GC(1962) Pause Young (Allocation Failure)
[2026-06-17T09:57:41.256+0800][48.772s][info][gc,heap        ] GC(1962) PSYoungGen: 14021K(14336K)->6191K(14336K) Eden: 7147K(7168K)->0K(7168K) From: 6874K(7168K)->6191K(7168K)
[2026-06-17T09:57:41.256+0800][48.772s][info][gc,heap        ] GC(1962) ParOldGen: 36865K(44032K)->38065K(44032K)
[2026-06-17T09:57:41.257+0800][48.773s][info][gc,metaspace   ] GC(1962) Metaspace: 157K(384K)->157K(384K) NonClass: 153K(256K)->153K(256K) Class: 4K(128K)->4K(128K)
[2026-06-17T09:57:41.258+0800][48.774s][info][gc             ] GC(1962) Pause Young (Allocation Failure) 49M->43M(57M) 3.378ms
[2026-06-17T09:57:41.258+0800][48.774s][info][gc,cpu         ] GC(1962) User=0.00s Sys=0.00s Real=0.00s
[2026-06-17T09:57:41.280+0800][48.796s][info][gc,start       ] GC(1963) Pause Young (Allocation Failure)
[2026-06-17T09:57:41.282+0800][48.798s][info][gc,heap        ] GC(1963) PSYoungGen: 13342K(14336K)->3343K(14336K) Eden: 7151K(7168K)->0K(7168K) From: 6191K(7168K)->3343K(7168K)
[2026-06-17T09:57:41.282+0800][48.798s][info][gc,heap        ] GC(1963) ParOldGen: 38065K(44032K)->41173K(44032K)
[2026-06-17T09:57:41.282+0800][48.798s][info][gc,metaspace   ] GC(1963) Metaspace: 157K(384K)->157K(384K) NonClass: 153K(256K)->153K(256K) Class: 4K(128K)->4K(128K)
[2026-06-17T09:57:41.283+0800][48.799s][info][gc             ] GC(1963) Pause Young (Allocation Failure) 50M->43M(57M) 2.442ms
[2026-06-17T09:57:41.283+0800][48.799s][info][gc,cpu         ] GC(1963) User=0.00s Sys=0.00s Real=0.01s
[2026-06-17T09:57:41.294+0800][48.810s][info][gc,start       ] GC(1964) Pause Full (Ergonomics)
[2026-06-17T09:57:41.295+0800][48.811s][info][gc,phases,start] GC(1964) Marking Phase
[2026-06-17T09:57:41.297+0800][48.813s][info][gc,phases      ] GC(1964) Marking Phase 2.095ms
[2026-06-17T09:57:41.297+0800][48.813s][info][gc,phases,start] GC(1964) Summary Phase
[2026-06-17T09:57:41.298+0800][48.814s][info][gc,phases      ] GC(1964) Summary Phase 0.396ms
[2026-06-17T09:57:41.298+0800][48.814s][info][gc,phases,start] GC(1964) Adjust Roots
[2026-06-17T09:57:41.299+0800][48.815s][info][gc,phases      ] GC(1964) Adjust Roots 0.686ms
[2026-06-17T09:57:41.299+0800][48.815s][info][gc,phases,start] GC(1964) Compaction Phase
[2026-06-17T09:57:41.302+0800][48.818s][info][gc,phases      ] GC(1964) Compaction Phase 2.358ms
[2026-06-17T09:57:41.302+0800][48.818s][info][gc,phases,start] GC(1964) Post Compact
[2026-06-17T09:57:41.302+0800][48.818s][info][gc,phases      ] GC(1964) Post Compact 0.448ms
[2026-06-17T09:57:41.303+0800][48.819s][info][gc,heap        ] GC(1964) PSYoungGen: 10507K(14336K)->0K(14336K) Eden: 7163K(7168K)->0K(7168K) From: 3343K(7168K)->0K(7168K)
[2026-06-17T09:57:41.303+0800][48.819s][info][gc,heap        ] GC(1964) ParOldGen: 41173K(44032K)->25404K(44032K)
[2026-06-17T09:57:41.303+0800][48.819s][info][gc,metaspace   ] GC(1964) Metaspace: 157K(384K)->157K(384K) NonClass: 153K(256K)->153K(256K) Class: 4K(128K)->4K(128K)
[2026-06-17T09:57:41.304+0800][48.820s][info][gc             ] GC(1964) Pause Full (Ergonomics) 50M->24M(57M) 9.897ms
[2026-06-17T09:57:41.304+0800][48.820s][info][gc,cpu         ] GC(1964) User=0.01s Sys=0.00s Real=0.01s
[2026-06-17T09:57:41.327+0800][48.843s][info][gc,start       ] GC(1965) Pause Young (Allocation Failure)
[2026-06-17T09:57:41.328+0800][48.844s][info][gc,heap        ] GC(1965) PSYoungGen: 7092K(14336K)->514K(14336K) Eden: 7092K(7168K)->0K(7168K) From: 0K(7168K)->514K(7168K)
[2026-06-17T09:57:41.329+0800][48.845s][info][gc,heap        ] GC(1965) ParOldGen: 25404K(44032K)->25404K(44032K)
[2026-06-17T09:57:41.330+0800][48.846s][info][gc,metaspace   ] GC(1965) Metaspace: 157K(384K)->157K(384K) NonClass: 153K(256K)->153K(256K) Class: 4K(128K)->4K(128K)
[2026-06-17T09:57:41.331+0800][48.847s][info][gc             ] GC(1965) Pause Young (Allocation Failure) 31M->25M(57M) 3.979ms
[2026-06-17T09:57:41.331+0800][48.847s][info][gc,cpu         ] GC(1965) User=0.00s Sys=0.00s Real=0.01s
[2026-06-17T09:57:41.353+0800][48.869s][info][gc,start       ] GC(1966) Pause Young (Allocation Failure)
[2026-06-17T09:57:41.354+0800][48.870s][info][gc,heap        ] GC(1966) PSYoungGen: 7671K(14336K)->3817K(14336K) Eden: 7157K(7168K)->0K(7168K) From: 514K(7168K)->3817K(7168K)
[2026-06-17T09:57:41.354+0800][48.870s][info][gc,heap        ] GC(1966) ParOldGen: 25404K(44032K)->25890K(44032K)
[2026-06-17T09:57:41.354+0800][48.870s][info][gc,metaspace   ] GC(1966) Metaspace: 157K(384K)->157K(384K) NonClass: 153K(256K)->153K(256K) Class: 4K(128K)->4K(128K)
[2026-06-17T09:57:41.355+0800][48.871s][info][gc             ] GC(1966) Pause Young (Allocation Failure) 32M->29M(57M) 1.732ms
[2026-06-17T09:57:41.355+0800][48.871s][info][gc,cpu         ] GC(1966) User=0.00s Sys=0.00s Real=0.00s
[2026-06-17T09:57:41.377+0800][48.893s][info][gc,start       ] GC(1967) Pause Young (Allocation Failure)
[2026-06-17T09:57:41.379+0800][48.895s][info][gc,heap        ] GC(1967) PSYoungGen: 10950K(14336K)->2337K(14336K) Eden: 7132K(7168K)->0K(7168K) From: 3817K(7168K)->2337K(7168K)
[2026-06-17T09:57:41.379+0800][48.895s][info][gc,heap        ] GC(1967) ParOldGen: 25890K(44032K)->27377K(44032K)
[2026-06-17T09:57:41.380+0800][48.896s][info][gc,metaspace   ] GC(1967) Metaspace: 157K(384K)->157K(384K) NonClass: 153K(256K)->153K(256K) Class: 4K(128K)->4K(128K)
[2026-06-17T09:57:41.380+0800][48.896s][info][gc             ] GC(1967) Pause Young (Allocation Failure) 35M->29M(57M) 3.366ms
[2026-06-17T09:57:41.380+0800][48.896s][info][gc,cpu         ] GC(1967) User=0.00s Sys=0.00s Real=0.00s
[2026-06-17T09:57:41.403+0800][48.919s][info][gc,start       ] GC(1968) Pause Young (Allocation Failure)
[2026-06-17T09:57:41.404+0800][48.920s][info][gc,heap        ] GC(1968) PSYoungGen: 9475K(14336K)->597K(14336K) Eden: 7138K(7168K)->0K(7168K) From: 2337K(7168K)->597K(7168K)
[2026-06-17T09:57:41.405+0800][48.921s][info][gc,heap        ] GC(1968) ParOldGen: 27377K(44032K)->28996K(44032K)
[2026-06-17T09:57:41.405+0800][48.921s][info][gc,metaspace   ] GC(1968) Metaspace: 157K(384K)->157K(384K) NonClass: 153K(256K)->153K(256K) Class: 4K(128K)->4K(128K)
[2026-06-17T09:57:41.406+0800][48.922s][info][gc             ] GC(1968) Pause Young (Allocation Failure) 35M->28M(57M) 3.492ms
[2026-06-17T09:57:41.407+0800][48.923s][info][gc,cpu         ] GC(1968) User=0.01s Sys=0.00s Real=0.00s
[2026-06-17T09:57:41.419+0800][48.935s][info][gc,start       ] GC(1969) Pause Young (Allocation Failure)
[2026-06-17T09:57:41.421+0800][48.937s][info][gc,heap        ] GC(1969) PSYoungGen: 7745K(14336K)->4091K(14336K) Eden: 7148K(7168K)->0K(7168K) From: 597K(7168K)->4091K(7168K)
[2026-06-17T09:57:41.422+0800][48.938s][info][gc,heap        ] GC(1969) ParOldGen: 28996K(44032K)->28996K(44032K)
[2026-06-17T09:57:41.423+0800][48.939s][info][gc,metaspace   ] GC(1969) Metaspace: 157K(384K)->157K(384K) NonClass: 153K(256K)->153K(256K) Class: 4K(128K)->4K(128K)
[2026-06-17T09:57:41.423+0800][48.939s][info][gc             ] GC(1969) Pause Young (Allocation Failure) 35M->32M(57M) 4.246ms
[2026-06-17T09:57:41.424+0800][48.940s][info][gc,cpu         ] GC(1969) User=0.00s Sys=0.00s Real=0.01s
[2026-06-17T09:57:41.446+0800][48.962s][info][gc,start       ] GC(1970) Pause Young (Allocation Failure)
[2026-06-17T09:57:41.447+0800][48.963s][info][gc,heap        ] GC(1970) PSYoungGen: 11259K(14336K)->2129K(14336K) Eden: 7168K(7168K)->0K(7168K) From: 4091K(7168K)->2129K(7168K)
[2026-06-17T09:57:41.448+0800][48.964s][info][gc,heap        ] GC(1970) ParOldGen: 28996K(44032K)->31403K(44032K)
[2026-06-17T09:57:41.449+0800][48.965s][info][gc,metaspace   ] GC(1970) Metaspace: 157K(384K)->157K(384K) NonClass: 153K(256K)->153K(256K) Class: 4K(128K)->4K(128K)
[2026-06-17T09:57:41.451+0800][48.967s][info][gc             ] GC(1970) Pause Young (Allocation Failure) 39M->32M(57M) 4.679ms
[2026-06-17T09:57:41.451+0800][48.967s][info][gc,cpu         ] GC(1970) User=0.00s Sys=0.00s Real=0.01s
[2026-06-17T09:57:41.464+0800][48.980s][info][gc,start       ] GC(1971) Pause Young (Allocation Failure)
[2026-06-17T09:57:41.465+0800][48.981s][info][gc,heap        ] GC(1971) PSYoungGen: 9278K(14336K)->4437K(14336K) Eden: 7149K(7168K)->0K(7168K) From: 2129K(7168K)->4437K(7168K)
[2026-06-17T09:57:41.466+0800][48.982s][info][gc,heap        ] GC(1971) ParOldGen: 31403K(44032K)->32765K(44032K)
[2026-06-17T09:57:41.467+0800][48.983s][info][gc,metaspace   ] GC(1971) Metaspace: 157K(384K)->157K(384K) NonClass: 153K(256K)->153K(256K) Class: 4K(128K)->4K(128K)
[2026-06-17T09:57:41.468+0800][48.984s][info][gc             ] GC(1971) Pause Young (Allocation Failure) 39M->36M(57M) 4.314ms
[2026-06-17T09:57:41.469+0800][48.985s][info][gc,cpu         ] GC(1971) User=0.00s Sys=0.00s Real=0.00s
[2026-06-17T09:57:41.490+0800][49.006s][info][gc,start       ] GC(1972) Pause Young (Allocation Failure)
[2026-06-17T09:57:41.491+0800][49.007s][info][gc,heap        ] GC(1972) PSYoungGen: 11590K(14336K)->3090K(14336K) Eden: 7153K(7168K)->0K(7168K) From: 4437K(7168K)->3090K(7168K)
[2026-06-17T09:57:41.492+0800][49.008s][info][gc,heap        ] GC(1972) ParOldGen: 32765K(44032K)->34452K(44032K)
[2026-06-17T09:57:41.492+0800][49.008s][info][gc,metaspace   ] GC(1972) Metaspace: 157K(384K)->157K(384K) NonClass: 153K(256K)->153K(256K) Class: 4K(128K)->4K(128K)
[2026-06-17T09:57:41.493+0800][49.009s][info][gc             ] GC(1972) Pause Young (Allocation Failure) 43M->36M(57M) 2.618ms
[2026-06-17T09:57:41.493+0800][49.009s][info][gc,cpu         ] GC(1972) User=0.01s Sys=0.00s Real=0.01s
[2026-06-17T09:57:41.515+0800][49.031s][info][gc,start       ] GC(1973) Pause Young (Allocation Failure)
[2026-06-17T09:57:41.516+0800][49.032s][info][gc,heap        ] GC(1973) PSYoungGen: 10244K(14336K)->3181K(14336K) Eden: 7154K(7168K)->0K(7168K) From: 3090K(7168K)->3181K(7168K)
[2026-06-17T09:57:41.517+0800][49.033s][info][gc,heap        ] GC(1973) ParOldGen: 34452K(44032K)->34452K(44032K)
[2026-06-17T09:57:41.517+0800][49.033s][info][gc,metaspace   ] GC(1973) Metaspace: 157K(384K)->157K(384K) NonClass: 153K(256K)->153K(256K) Class: 4K(128K)->4K(128K)
[2026-06-17T09:57:41.518+0800][49.034s][info][gc             ] GC(1973) Pause Young (Allocation Failure) 43M->36M(57M) 2.774ms
[2026-06-17T09:57:41.518+0800][49.034s][info][gc,cpu         ] GC(1973) User=0.00s Sys=0.00s Real=0.00s
[2026-06-17T09:57:41.539+0800][49.055s][info][gc,start       ] GC(1974) Pause Young (Allocation Failure)
[2026-06-17T09:57:41.540+0800][49.056s][info][gc,heap        ] GC(1974) PSYoungGen: 10302K(14336K)->3502K(14336K) Eden: 7121K(7168K)->0K(7168K) From: 3181K(7168K)->3502K(7168K)
[2026-06-17T09:57:41.541+0800][49.057s][info][gc,heap        ] GC(1974) ParOldGen: 34452K(44032K)->34452K(44032K)
[2026-06-17T09:57:41.541+0800][49.057s][info][gc,metaspace   ] GC(1974) Metaspace: 157K(384K)->157K(384K) NonClass: 153K(256K)->153K(256K) Class: 4K(128K)->4K(128K)
[2026-06-17T09:57:41.542+0800][49.058s][info][gc             ] GC(1974) Pause Young (Allocation Failure) 43M->37M(57M) 2.434ms
[2026-06-17T09:57:41.542+0800][49.058s][info][gc,cpu         ] GC(1974) User=0.00s Sys=0.00s Real=0.00s
[2026-06-17T09:57:41.563+0800][49.079s][info][gc,start       ] GC(1975) Pause Young (Allocation Failure)
[2026-06-17T09:57:41.565+0800][49.081s][info][gc,heap        ] GC(1975) PSYoungGen: 10667K(14336K)->3849K(14848K) Eden: 7165K(7168K)->0K(8192K) From: 3502K(7168K)->3849K(6656K)
[2026-06-17T09:57:41.565+0800][49.081s][info][gc,heap        ] GC(1975) ParOldGen: 34452K(44032K)->34452K(44032K)
[2026-06-17T09:57:41.566+0800][49.082s][info][gc,metaspace   ] GC(1975) Metaspace: 157K(384K)->157K(384K) NonClass: 153K(256K)->153K(256K) Class: 4K(128K)->4K(128K)
[2026-06-17T09:57:41.566+0800][49.082s][info][gc             ] GC(1975) Pause Young (Allocation Failure) 44M->37M(57M) 2.766ms
[2026-06-17T09:57:41.567+0800][49.083s][info][gc,cpu         ] GC(1975) User=0.00s Sys=0.00s Real=0.00s
[2026-06-17T09:57:41.588+0800][49.104s][info][gc,start       ] GC(1976) Pause Young (Allocation Failure)
[2026-06-17T09:57:41.589+0800][49.105s][info][gc,heap        ] GC(1976) PSYoungGen: 12014K(14848K)->4991K(13312K) Eden: 8164K(8192K)->0K(8192K) From: 3849K(6656K)->4991K(5120K)
[2026-06-17T09:57:41.590+0800][49.106s][info][gc,heap        ] GC(1976) ParOldGen: 34452K(44032K)->34452K(44032K)
[2026-06-17T09:57:41.590+0800][49.106s][info][gc,metaspace   ] GC(1976) Metaspace: 157K(384K)->157K(384K) NonClass: 153K(256K)->153K(256K) Class: 4K(128K)->4K(128K)
[2026-06-17T09:57:41.591+0800][49.107s][info][gc             ] GC(1976) Pause Young (Allocation Failure) 45M->38M(56M) 2.478ms
[2026-06-17T09:57:41.591+0800][49.107s][info][gc,cpu         ] GC(1976) User=0.00s Sys=0.00s Real=0.01s
[2026-06-17T09:57:41.603+0800][49.119s][info][gc,start       ] GC(1977) Pause Young (Allocation Failure)
[2026-06-17T09:57:41.604+0800][49.120s][info][gc,heap        ] GC(1977) PSYoungGen: 12961K(13312K)->6119K(14336K) Eden: 7970K(8192K)->0K(7168K) From: 4991K(5120K)->6119K(7168K)
[2026-06-17T09:57:41.604+0800][49.120s][info][gc,heap        ] GC(1977) ParOldGen: 34452K(44032K)->34452K(44032K)
[2026-06-17T09:57:41.605+0800][49.121s][info][gc,metaspace   ] GC(1977) Metaspace: 157K(384K)->157K(384K) NonClass: 153K(256K)->153K(256K) Class: 4K(128K)->4K(128K)
[2026-06-17T09:57:41.605+0800][49.121s][info][gc             ] GC(1977) Pause Young (Allocation Failure) 46M->39M(57M) 2.973ms
[2026-06-17T09:57:41.606+0800][49.122s][info][gc,cpu         ] GC(1977) User=0.00s Sys=0.00s Real=0.00s
[2026-06-17T09:57:41.628+0800][49.144s][info][gc,start       ] GC(1978) Pause Young (Allocation Failure)
[2026-06-17T09:57:41.629+0800][49.145s][info][gc,heap        ] GC(1978) PSYoungGen: 13283K(14336K)->6930K(14336K) Eden: 7164K(7168K)->0K(7168K) From: 6119K(7168K)->6930K(7168K)
[2026-06-17T09:57:41.631+0800][49.147s][info][gc,heap        ] GC(1978) ParOldGen: 34452K(44032K)->37178K(44032K)
[2026-06-17T09:57:41.631+0800][49.147s][info][gc,metaspace   ] GC(1978) Metaspace: 157K(384K)->157K(384K) NonClass: 153K(256K)->153K(256K) Class: 4K(128K)->4K(128K)
[2026-06-17T09:57:41.632+0800][49.148s][info][gc             ] GC(1978) Pause Young (Allocation Failure) 46M->43M(57M) 4.198ms
[2026-06-17T09:57:41.633+0800][49.149s][info][gc,cpu         ] GC(1978) User=0.00s Sys=0.00s Real=0.01s
[2026-06-17T09:57:41.654+0800][49.170s][info][gc,start       ] GC(1979) Pause Young (Allocation Failure)
[2026-06-17T09:57:41.656+0800][49.172s][info][gc,heap        ] GC(1979) PSYoungGen: 14061K(14336K)->5224K(14336K) Eden: 7131K(7168K)->0K(7168K) From: 6930K(7168K)->5224K(7168K)
[2026-06-17T09:57:41.657+0800][49.173s][info][gc,heap        ] GC(1979) ParOldGen: 37178K(44032K)->39183K(44032K)
[2026-06-17T09:57:41.657+0800][49.173s][info][gc,metaspace   ] GC(1979) Metaspace: 157K(384K)->157K(384K) NonClass: 153K(256K)->153K(256K) Class: 4K(128K)->4K(128K)
[2026-06-17T09:57:41.658+0800][49.174s][info][gc             ] GC(1979) Pause Young (Allocation Failure) 50M->43M(57M) 3.251ms
[2026-06-17T09:57:41.659+0800][49.175s][info][gc,cpu         ] GC(1979) User=0.00s Sys=0.00s Real=0.00s
[2026-06-17T09:57:41.680+0800][49.196s][info][gc,start       ] GC(1980) Pause Young (Allocation Failure)
[2026-06-17T09:57:41.681+0800][49.197s][info][gc,heap        ] GC(1980) PSYoungGen: 12385K(14336K)->3504K(14336K) Eden: 7160K(7168K)->0K(7168K) From: 5224K(7168K)->3504K(7168K)
[2026-06-17T09:57:41.681+0800][49.197s][info][gc,heap        ] GC(1980) ParOldGen: 39183K(44032K)->41162K(44032K)
[2026-06-17T09:57:41.682+0800][49.198s][info][gc,metaspace   ] GC(1980) Metaspace: 157K(384K)->157K(384K) NonClass: 153K(256K)->153K(256K) Class: 4K(128K)->4K(128K)
[2026-06-17T09:57:41.683+0800][49.199s][info][gc             ] GC(1980) Pause Young (Allocation Failure) 50M->43M(57M) 3.071ms
[2026-06-17T09:57:41.684+0800][49.200s][info][gc,cpu         ] GC(1980) User=0.01s Sys=0.00s Real=0.01s
[2026-06-17T09:57:41.695+0800][49.211s][info][gc,start       ] GC(1981) Pause Full (Ergonomics)
[2026-06-17T09:57:41.696+0800][49.212s][info][gc,phases,start] GC(1981) Marking Phase
[2026-06-17T09:57:41.697+0800][49.213s][info][gc,phases      ] GC(1981) Marking Phase 1.115ms
[2026-06-17T09:57:41.697+0800][49.213s][info][gc,phases,start] GC(1981) Summary Phase
[2026-06-17T09:57:41.698+0800][49.214s][info][gc,phases      ] GC(1981) Summary Phase 0.544ms
[2026-06-17T09:57:41.698+0800][49.214s][info][gc,phases,start] GC(1981) Adjust Roots
[2026-06-17T09:57:41.699+0800][49.215s][info][gc,phases      ] GC(1981) Adjust Roots 0.549ms
[2026-06-17T09:57:41.699+0800][49.215s][info][gc,phases,start] GC(1981) Compaction Phase
[2026-06-17T09:57:41.701+0800][49.217s][info][gc,phases      ] GC(1981) Compaction Phase 1.867ms
[2026-06-17T09:57:41.702+0800][49.218s][info][gc,phases,start] GC(1981) Post Compact
[2026-06-17T09:57:41.702+0800][49.218s][info][gc,phases      ] GC(1981) Post Compact 0.514ms
[2026-06-17T09:57:41.702+0800][49.218s][info][gc,heap        ] GC(1981) PSYoungGen: 10661K(14336K)->0K(14336K) Eden: 7156K(7168K)->0K(7168K) From: 3504K(7168K)->0K(7168K)
[2026-06-17T09:57:41.703+0800][49.219s][info][gc,heap        ] GC(1981) ParOldGen: 41162K(44032K)->26377K(44032K)
[2026-06-17T09:57:41.703+0800][49.219s][info][gc,metaspace   ] GC(1981) Metaspace: 157K(384K)->157K(384K) NonClass: 153K(256K)->153K(256K) Class: 4K(128K)->4K(128K)
[2026-06-17T09:57:41.704+0800][49.220s][info][gc             ] GC(1981) Pause Full (Ergonomics) 50M->25M(57M) 8.802ms
[2026-06-17T09:57:41.704+0800][49.220s][info][gc,cpu         ] GC(1981) User=0.00s Sys=0.00s Real=0.01s
[2026-06-17T09:57:41.725+0800][49.241s][info][gc,start       ] GC(1982) Pause Young (Allocation Failure)
[2026-06-17T09:57:41.726+0800][49.242s][info][gc,heap        ] GC(1982) PSYoungGen: 7151K(14336K)->3439K(14336K) Eden: 7151K(7168K)->0K(7168K) From: 0K(7168K)->3439K(7168K)
[2026-06-17T09:57:41.727+0800][49.243s][info][gc,heap        ] GC(1982) ParOldGen: 26377K(44032K)->26377K(44032K)
[2026-06-17T09:57:41.729+0800][49.245s][info][gc,metaspace   ] GC(1982) Metaspace: 157K(384K)->157K(384K) NonClass: 153K(256K)->153K(256K) Class: 4K(128K)->4K(128K)
[2026-06-17T09:57:41.730+0800][49.246s][info][gc             ] GC(1982) Pause Young (Allocation Failure) 32M->29M(57M) 4.279ms
[2026-06-17T09:57:41.730+0800][49.246s][info][gc,cpu         ] GC(1982) User=0.00s Sys=0.00s Real=0.00s
[2026-06-17T09:57:41.751+0800][49.267s][info][gc,start       ] GC(1983) Pause Young (Allocation Failure)
[2026-06-17T09:57:41.753+0800][49.269s][info][gc,heap        ] GC(1983) PSYoungGen: 10604K(14336K)->3016K(14336K) Eden: 7165K(7168K)->0K(7168K) From: 3439K(7168K)->3016K(7168K)
[2026-06-17T09:57:41.753+0800][49.269s][info][gc,heap        ] GC(1983) ParOldGen: 26377K(44032K)->26985K(44032K)
[2026-06-17T09:57:41.754+0800][49.270s][info][gc,metaspace   ] GC(1983) Metaspace: 157K(384K)->157K(384K) NonClass: 153K(256K)->153K(256K) Class: 4K(128K)->4K(128K)
[2026-06-17T09:57:41.755+0800][49.271s][info][gc             ] GC(1983) Pause Young (Allocation Failure) 36M->29M(57M) 3.162ms
[2026-06-17T09:57:41.756+0800][49.272s][info][gc,cpu         ] GC(1983) User=0.00s Sys=0.00s Real=0.00s
[2026-06-17T09:57:41.767+0800][49.283s][info][gc,start       ] GC(1984) Pause Young (Allocation Failure)
[2026-06-17T09:57:41.769+0800][49.285s][info][gc,heap        ] GC(1984) PSYoungGen: 9965K(14336K)->1336K(14336K) Eden: 6949K(7168K)->0K(7168K) From: 3016K(7168K)->1336K(7168K)
[2026-06-17T09:57:41.770+0800][49.286s][info][gc,heap        ] GC(1984) ParOldGen: 26985K(44032K)->28866K(44032K)
[2026-06-17T09:57:41.772+0800][49.288s][info][gc,metaspace   ] GC(1984) Metaspace: 157K(384K)->157K(384K) NonClass: 153K(256K)->153K(256K) Class: 4K(128K)->4K(128K)
[2026-06-17T09:57:41.772+0800][49.288s][info][gc             ] GC(1984) Pause Young (Allocation Failure) 36M->29M(57M) 5.374ms
[2026-06-17T09:57:41.773+0800][49.290s][info][gc,cpu         ] GC(1984) User=0.00s Sys=0.00s Real=0.01s
[2026-06-17T09:57:41.795+0800][49.311s][info][gc,start       ] GC(1985) Pause Young (Allocation Failure)
[2026-06-17T09:57:41.797+0800][49.313s][info][gc,heap        ] GC(1985) PSYoungGen: 8501K(14336K)->3867K(14336K) Eden: 7165K(7168K)->0K(7168K) From: 1336K(7168K)->3867K(7168K)
[2026-06-17T09:57:41.798+0800][49.314s][info][gc,heap        ] GC(1985) ParOldGen: 28866K(44032K)->30178K(44032K)
[2026-06-17T09:57:41.798+0800][49.314s][info][gc,metaspace   ] GC(1985) Metaspace: 157K(384K)->157K(384K) NonClass: 153K(256K)->153K(256K) Class: 4K(128K)->4K(128K)
[2026-06-17T09:57:41.799+0800][49.315s][info][gc             ] GC(1985) Pause Young (Allocation Failure) 36M->33M(57M) 3.432ms
[2026-06-17T09:57:41.799+0800][49.315s][info][gc,cpu         ] GC(1985) User=0.00s Sys=0.00s Real=0.00s
[2026-06-17T09:57:41.821+0800][49.337s][info][gc,start       ] GC(1986) Pause Young (Allocation Failure)
[2026-06-17T09:57:41.822+0800][49.338s][info][gc,heap        ] GC(1986) PSYoungGen: 11026K(14336K)->3135K(14336K) Eden: 7159K(7168K)->0K(7168K) From: 3867K(7168K)->3135K(7168K)
[2026-06-17T09:57:41.823+0800][49.339s][info][gc,heap        ] GC(1986) ParOldGen: 30178K(44032K)->31143K(44032K)
[2026-06-17T09:57:41.823+0800][49.339s][info][gc,metaspace   ] GC(1986) Metaspace: 157K(384K)->157K(384K) NonClass: 153K(256K)->153K(256K) Class: 4K(128K)->4K(128K)
[2026-06-17T09:57:41.824+0800][49.340s][info][gc             ] GC(1986) Pause Young (Allocation Failure) 40M->33M(57M) 2.816ms
[2026-06-17T09:57:41.824+0800][49.340s][info][gc,cpu         ] GC(1986) User=0.00s Sys=0.00s Real=0.01s
[2026-06-17T09:57:41.846+0800][49.362s][info][gc,start       ] GC(1987) Pause Young (Allocation Failure)
[2026-06-17T09:57:41.847+0800][49.363s][info][gc,heap        ] GC(1987) PSYoungGen: 10255K(14336K)->3637K(14336K) Eden: 7120K(7168K)->0K(7168K) From: 3135K(7168K)->3637K(7168K)
[2026-06-17T09:57:41.848+0800][49.364s][info][gc,heap        ] GC(1987) ParOldGen: 31143K(44032K)->31143K(44032K)
[2026-06-17T09:57:41.848+0800][49.364s][info][gc,metaspace   ] GC(1987) Metaspace: 157K(384K)->157K(384K) NonClass: 153K(256K)->153K(256K) Class: 4K(128K)->4K(128K)
[2026-06-17T09:57:41.848+0800][49.364s][info][gc             ] GC(1987) Pause Young (Allocation Failure) 40M->33M(57M) 2.610ms
[2026-06-17T09:57:41.849+0800][49.365s][info][gc,cpu         ] GC(1987) User=0.00s Sys=0.00s Real=0.00s
[2026-06-17T09:57:41.872+0800][49.388s][info][gc,start       ] GC(1988) Pause Young (Allocation Failure)
[2026-06-17T09:57:41.874+0800][49.390s][info][gc,heap        ] GC(1988) PSYoungGen: 10781K(14336K)->3944K(14336K) Eden: 7143K(7168K)->0K(7168K) From: 3637K(7168K)->3944K(7168K)
[2026-06-17T09:57:41.875+0800][49.391s][info][gc,heap        ] GC(1988) ParOldGen: 31143K(44032K)->31143K(44032K)
[2026-06-17T09:57:41.875+0800][49.391s][info][gc,metaspace   ] GC(1988) Metaspace: 157K(384K)->157K(384K) NonClass: 153K(256K)->153K(256K) Class: 4K(128K)->4K(128K)
[2026-06-17T09:57:41.876+0800][49.392s][info][gc             ] GC(1988) Pause Young (Allocation Failure) 40M->34M(57M) 4.506ms
[2026-06-17T09:57:41.877+0800][49.393s][info][gc,cpu         ] GC(1988) User=0.00s Sys=0.00s Real=0.00s
[2026-06-17T09:57:41.889+0800][49.405s][info][gc,start       ] GC(1989) Pause Young (Allocation Failure)
[2026-06-17T09:57:41.891+0800][49.407s][info][gc,heap        ] GC(1989) PSYoungGen: 10991K(14336K)->4051K(14848K) Eden: 7047K(7168K)->0K(8192K) From: 3944K(7168K)->4051K(6656K)
[2026-06-17T09:57:41.892+0800][49.408s][info][gc,heap        ] GC(1989) ParOldGen: 31143K(44032K)->31143K(44032K)
[2026-06-17T09:57:41.894+0800][49.410s][info][gc,metaspace   ] GC(1989) Metaspace: 157K(384K)->157K(384K) NonClass: 153K(256K)->153K(256K) Class: 4K(128K)->4K(128K)
[2026-06-17T09:57:41.895+0800][49.411s][info][gc             ] GC(1989) Pause Young (Allocation Failure) 41M->34M(57M) 5.684ms
[2026-06-17T09:57:41.895+0800][49.411s][info][gc,cpu         ] GC(1989) User=0.01s Sys=0.00s Real=0.01s
[2026-06-17T09:57:41.917+0800][49.433s][info][gc,start       ] GC(1990) Pause Young (Allocation Failure)
[2026-06-17T09:57:41.919+0800][49.435s][info][gc,heap        ] GC(1990) PSYoungGen: 12201K(14848K)->6532K(14848K) Eden: 8150K(8192K)->0K(8192K) From: 4051K(6656K)->6532K(6656K)
[2026-06-17T09:57:41.920+0800][49.436s][info][gc,heap        ] GC(1990) ParOldGen: 31143K(44032K)->33413K(44032K)
[2026-06-17T09:57:41.920+0800][49.436s][info][gc,metaspace   ] GC(1990) Metaspace: 157K(384K)->157K(384K) NonClass: 153K(256K)->153K(256K) Class: 4K(128K)->4K(128K)
[2026-06-17T09:57:41.921+0800][49.437s][info][gc             ] GC(1990) Pause Young (Allocation Failure) 42M->39M(57M) 3.453ms
[2026-06-17T09:57:41.921+0800][49.437s][info][gc,cpu         ] GC(1990) User=0.00s Sys=0.00s Real=0.00s
[2026-06-17T09:57:41.944+0800][49.460s][info][gc,start       ] GC(1991) Pause Young (Allocation Failure)
[2026-06-17T09:57:41.946+0800][49.462s][info][gc,heap        ] GC(1991) PSYoungGen: 14714K(14848K)->6650K(13824K) Eden: 8181K(8192K)->0K(7168K) From: 6532K(6656K)->6650K(6656K)
[2026-06-17T09:57:41.951+0800][49.467s][info][gc,heap        ] GC(1991) ParOldGen: 33413K(44032K)->34544K(44032K)
[2026-06-17T09:57:41.951+0800][49.467s][info][gc,metaspace   ] GC(1991) Metaspace: 157K(384K)->157K(384K) NonClass: 153K(256K)->153K(256K) Class: 4K(128K)->4K(128K)
[2026-06-17T09:57:41.952+0800][49.468s][info][gc             ] GC(1991) Pause Young (Allocation Failure) 46M->40M(56M) 7.845ms
[2026-06-17T09:57:41.953+0800][49.469s][info][gc,cpu         ] GC(1991) User=0.00s Sys=0.00s Real=0.01s
[2026-06-17T09:57:41.975+0800][49.491s][info][gc,start       ] GC(1992) Pause Young (Allocation Failure)
[2026-06-17T09:57:41.977+0800][49.493s][info][gc,heap        ] GC(1992) PSYoungGen: 13811K(13824K)->5747K(14336K) Eden: 7160K(7168K)->0K(7168K) From: 6650K(6656K)->5747K(7168K)
[2026-06-17T09:57:41.978+0800][49.494s][info][gc,heap        ] GC(1992) ParOldGen: 34544K(44032K)->35761K(44032K)
[2026-06-17T09:57:41.979+0800][49.495s][info][gc,metaspace   ] GC(1992) Metaspace: 157K(384K)->157K(384K) NonClass: 153K(256K)->153K(256K) Class: 4K(128K)->4K(128K)
[2026-06-17T09:57:41.979+0800][49.495s][info][gc             ] GC(1992) Pause Young (Allocation Failure) 47M->40M(57M) 4.544ms
[2026-06-17T09:57:41.980+0800][49.496s][info][gc,cpu         ] GC(1992) User=0.01s Sys=0.00s Real=0.00s
[2026-06-17T09:57:42.002+0800][49.518s][info][gc,start       ] GC(1993) Pause Young (Allocation Failure)
[2026-06-17T09:57:42.004+0800][49.520s][info][gc,heap        ] GC(1993) PSYoungGen: 12885K(14336K)->5946K(14336K) Eden: 7137K(7168K)->0K(7168K) From: 5747K(7168K)->5946K(7168K)
[2026-06-17T09:57:42.005+0800][49.521s][info][gc,heap        ] GC(1993) ParOldGen: 35761K(44032K)->35961K(44032K)
[2026-06-17T09:57:42.006+0800][49.522s][info][gc,metaspace   ] GC(1993) Metaspace: 157K(384K)->157K(384K) NonClass: 153K(256K)->153K(256K) Class: 4K(128K)->4K(128K)
[2026-06-17T09:57:42.007+0800][49.523s][info][gc             ] GC(1993) Pause Young (Allocation Failure) 47M->40M(57M) 4.322ms
[2026-06-17T09:57:42.007+0800][49.523s][info][gc,cpu         ] GC(1993) User=0.00s Sys=0.00s Real=0.01s
[2026-06-17T09:57:42.019+0800][49.535s][info][gc,start       ] GC(1994) Pause Young (Allocation Failure)
[2026-06-17T09:57:42.021+0800][49.537s][info][gc,heap        ] GC(1994) PSYoungGen: 13101K(14336K)->2197K(14336K) Eden: 7155K(7168K)->0K(7168K) From: 5946K(7168K)->2197K(7168K)
[2026-06-17T09:57:42.022+0800][49.538s][info][gc,heap        ] GC(1994) ParOldGen: 35961K(44032K)->39984K(44032K)
[2026-06-17T09:57:42.023+0800][49.539s][info][gc,metaspace   ] GC(1994) Metaspace: 157K(384K)->157K(384K) NonClass: 153K(256K)->153K(256K) Class: 4K(128K)->4K(128K)
[2026-06-17T09:57:42.023+0800][49.539s][info][gc             ] GC(1994) Pause Young (Allocation Failure) 47M->41M(57M) 4.407ms
[2026-06-17T09:57:42.024+0800][49.540s][info][gc,cpu         ] GC(1994) User=0.00s Sys=0.00s Real=0.01s
[2026-06-17T09:57:42.046+0800][49.562s][info][gc,start       ] GC(1995) Pause Young (Allocation Failure)
[2026-06-17T09:57:42.048+0800][49.564s][info][gc,heap        ] GC(1995) PSYoungGen: 9345K(14336K)->4047K(14336K) Eden: 7148K(7168K)->0K(7168K) From: 2197K(7168K)->4047K(7168K)
[2026-06-17T09:57:42.048+0800][49.564s][info][gc,heap        ] GC(1995) ParOldGen: 39984K(44032K)->41832K(44032K)
[2026-06-17T09:57:42.049+0800][49.565s][info][gc,metaspace   ] GC(1995) Metaspace: 157K(384K)->157K(384K) NonClass: 153K(256K)->153K(256K) Class: 4K(128K)->4K(128K)
[2026-06-17T09:57:42.050+0800][49.566s][info][gc             ] GC(1995) Pause Young (Allocation Failure) 48M->44M(57M) 3.547ms
[2026-06-17T09:57:42.050+0800][49.566s][info][gc,cpu         ] GC(1995) User=0.01s Sys=0.00s Real=0.00s
[2026-06-17T09:57:42.073+0800][49.589s][info][gc,start       ] GC(1996) Pause Full (Ergonomics)
[2026-06-17T09:57:42.073+0800][49.590s][info][gc,phases,start] GC(1996) Marking Phase
[2026-06-17T09:57:42.075+0800][49.591s][info][gc,phases      ] GC(1996) Marking Phase 1.483ms
[2026-06-17T09:57:42.076+0800][49.592s][info][gc,phases,start] GC(1996) Summary Phase
[2026-06-17T09:57:42.076+0800][49.592s][info][gc,phases      ] GC(1996) Summary Phase 0.812ms
[2026-06-17T09:57:42.077+0800][49.593s][info][gc,phases,start] GC(1996) Adjust Roots
[2026-06-17T09:57:42.078+0800][49.594s][info][gc,phases      ] GC(1996) Adjust Roots 0.851ms
[2026-06-17T09:57:42.079+0800][49.595s][info][gc,phases,start] GC(1996) Compaction Phase
[2026-06-17T09:57:42.082+0800][49.598s][info][gc,phases      ] GC(1996) Compaction Phase 3.302ms
[2026-06-17T09:57:42.083+0800][49.599s][info][gc,phases,start] GC(1996) Post Compact
[2026-06-17T09:57:42.083+0800][49.599s][info][gc,phases      ] GC(1996) Post Compact 0.800ms
[2026-06-17T09:57:42.084+0800][49.600s][info][gc,heap        ] GC(1996) PSYoungGen: 11190K(14336K)->0K(14336K) Eden: 7143K(7168K)->0K(7168K) From: 4047K(7168K)->0K(7168K)
[2026-06-17T09:57:42.085+0800][49.601s][info][gc,heap        ] GC(1996) ParOldGen: 41832K(44032K)->27341K(44032K)
[2026-06-17T09:57:42.085+0800][49.601s][info][gc,metaspace   ] GC(1996) Metaspace: 157K(384K)->157K(384K) NonClass: 153K(256K)->153K(256K) Class: 4K(128K)->4K(128K)
[2026-06-17T09:57:42.086+0800][49.602s][info][gc             ] GC(1996) Pause Full (Ergonomics) 51M->26M(57M) 13.222ms
[2026-06-17T09:57:42.087+0800][49.603s][info][gc,cpu         ] GC(1996) User=0.00s Sys=0.00s Real=0.01s
[2026-06-17T09:57:42.108+0800][49.624s][info][gc,start       ] GC(1997) Pause Young (Allocation Failure)
[2026-06-17T09:57:42.109+0800][49.625s][info][gc,heap        ] GC(1997) PSYoungGen: 7140K(14336K)->3600K(14336K) Eden: 7140K(7168K)->0K(7168K) From: 0K(7168K)->3600K(7168K)
[2026-06-17T09:57:42.110+0800][49.626s][info][gc,heap        ] GC(1997) ParOldGen: 27341K(44032K)->27341K(44032K)
[2026-06-17T09:57:42.111+0800][49.627s][info][gc,metaspace   ] GC(1997) Metaspace: 157K(384K)->157K(384K) NonClass: 153K(256K)->153K(256K) Class: 4K(128K)->4K(128K)
[2026-06-17T09:57:42.111+0800][49.627s][info][gc             ] GC(1997) Pause Young (Allocation Failure) 33M->30M(57M) 3.142ms
[2026-06-17T09:57:42.112+0800][49.628s][info][gc,cpu         ] GC(1997) User=0.00s Sys=0.00s Real=0.01s
[2026-06-17T09:57:42.124+0800][49.640s][info][gc,start       ] GC(1998) Pause Young (Allocation Failure)
[2026-06-17T09:57:42.126+0800][49.642s][info][gc,heap        ] GC(1998) PSYoungGen: 10763K(14336K)->4093K(14336K) Eden: 7163K(7168K)->0K(7168K) From: 3600K(7168K)->4093K(7168K)
[2026-06-17T09:57:42.127+0800][49.643s][info][gc,heap        ] GC(1998) ParOldGen: 27341K(44032K)->30499K(44032K)
[2026-06-17T09:57:42.128+0800][49.644s][info][gc,metaspace   ] GC(1998) Metaspace: 157K(384K)->157K(384K) NonClass: 153K(256K)->153K(256K) Class: 4K(128K)->4K(128K)
[2026-06-17T09:57:42.128+0800][49.644s][info][gc             ] GC(1998) Pause Young (Allocation Failure) 37M->33M(57M) 4.189ms
[2026-06-17T09:57:42.129+0800][49.645s][info][gc,cpu         ] GC(1998) User=0.00s Sys=0.00s Real=0.00s
[2026-06-17T09:57:42.151+0800][49.667s][info][gc,start       ] GC(1999) Pause Young (Allocation Failure)
[2026-06-17T09:57:42.153+0800][49.669s][info][gc,heap        ] GC(1999) PSYoungGen: 11249K(14336K)->1902K(14336K) Eden: 7155K(7168K)->0K(7168K) From: 4093K(7168K)->1902K(7168K)
[2026-06-17T09:57:42.154+0800][49.670s][info][gc,heap        ] GC(1999) ParOldGen: 30499K(44032K)->32838K(44032K)
[2026-06-17T09:57:42.154+0800][49.670s][info][gc,metaspace   ] GC(1999) Metaspace: 157K(384K)->157K(384K) NonClass: 153K(256K)->153K(256K) Class: 4K(128K)->4K(128K)
[2026-06-17T09:57:42.155+0800][49.671s][info][gc             ] GC(1999) Pause Young (Allocation Failure) 40M->33M(57M) 4.173ms
[2026-06-17T09:57:42.156+0800][49.672s][info][gc,cpu         ] GC(1999) User=0.00s Sys=0.00s Real=0.00s
[2026-06-17T09:57:42.167+0800][49.683s][info][gc,start       ] GC(2000) Pause Young (Allocation Failure)
[2026-06-17T09:57:42.170+0800][49.686s][info][gc,heap        ] GC(2000) PSYoungGen: 9013K(14336K)->4728K(14336K) Eden: 7111K(7168K)->0K(7168K) From: 1902K(7168K)->4728K(7168K)
[2026-06-17T09:57:42.170+0800][49.686s][info][gc,heap        ] GC(2000) ParOldGen: 32838K(44032K)->33816K(44032K)
[2026-06-17T09:57:42.171+0800][49.687s][info][gc,metaspace   ] GC(2000) Metaspace: 157K(384K)->157K(384K) NonClass: 153K(256K)->153K(256K) Class: 4K(128K)->4K(128K)
[2026-06-17T09:57:42.171+0800][49.687s][info][gc             ] GC(2000) Pause Young (Allocation Failure) 40M->37M(57M) 3.813ms
[2026-06-17T09:57:42.172+0800][49.688s][info][gc,cpu         ] GC(2000) User=0.01s Sys=0.00s Real=0.01s
[2026-06-17T09:57:42.194+0800][49.710s][info][gc,start       ] GC(2001) Pause Young (Allocation Failure)
[2026-06-17T09:57:42.195+0800][49.711s][info][gc,heap        ] GC(2001) PSYoungGen: 11855K(14336K)->2657K(14336K) Eden: 7127K(7168K)->0K(7168K) From: 4728K(7168K)->2657K(7168K)
[2026-06-17T09:57:42.195+0800][49.711s][info][gc,heap        ] GC(2001) ParOldGen: 33816K(44032K)->36124K(44032K)
[2026-06-17T09:57:42.196+0800][49.712s][info][gc,metaspace   ] GC(2001) Metaspace: 157K(384K)->157K(384K) NonClass: 153K(256K)->153K(256K) Class: 4K(128K)->4K(128K)
[2026-06-17T09:57:42.196+0800][49.712s][info][gc             ] GC(2001) Pause Young (Allocation Failure) 44M->37M(57M) 2.721ms
[2026-06-17T09:57:42.197+0800][49.713s][info][gc,cpu         ] GC(2001) User=0.00s Sys=0.00s Real=0.00s
[2026-06-17T09:57:42.218+0800][49.734s][info][gc,start       ] GC(2002) Pause Young (Allocation Failure)
[2026-06-17T09:57:42.219+0800][49.735s][info][gc,heap        ] GC(2002) PSYoungGen: 9796K(14336K)->3032K(14336K) Eden: 7138K(7168K)->0K(7168K) From: 2657K(7168K)->3032K(7168K)
[2026-06-17T09:57:42.219+0800][49.735s][info][gc,heap        ] GC(2002) ParOldGen: 36124K(44032K)->36124K(44032K)
[2026-06-17T09:57:42.220+0800][49.736s][info][gc,metaspace   ] GC(2002) Metaspace: 157K(384K)->157K(384K) NonClass: 153K(256K)->153K(256K) Class: 4K(128K)->4K(128K)
[2026-06-17T09:57:42.220+0800][49.736s][info][gc             ] GC(2002) Pause Young (Allocation Failure) 44M->38M(57M) 2.171ms
[2026-06-17T09:57:42.221+0800][49.737s][info][gc,cpu         ] GC(2002) User=0.00s Sys=0.00s Real=0.00s
[2026-06-17T09:57:42.232+0800][49.748s][info][gc,start       ] GC(2003) Pause Young (Allocation Failure)
[2026-06-17T09:57:42.233+0800][49.749s][info][gc,heap        ] GC(2003) PSYoungGen: 10200K(14336K)->1559K(14336K) Eden: 7168K(7168K)->0K(7168K) From: 3032K(7168K)->1559K(7168K)
[2026-06-17T09:57:42.233+0800][49.749s][info][gc,heap        ] GC(2003) ParOldGen: 36124K(44032K)->37934K(44032K)
[2026-06-17T09:57:42.234+0800][49.750s][info][gc,metaspace   ] GC(2003) Metaspace: 157K(384K)->157K(384K) NonClass: 153K(256K)->153K(256K) Class: 4K(128K)->4K(128K)
[2026-06-17T09:57:42.234+0800][49.750s][info][gc             ] GC(2003) Pause Young (Allocation Failure) 45M->38M(57M) 2.691ms
[2026-06-17T09:57:42.235+0800][49.751s][info][gc,cpu         ] GC(2003) User=0.00s Sys=0.00s Real=0.00s
[2026-06-17T09:57:42.256+0800][49.772s][info][gc,start       ] GC(2004) Pause Young (Allocation Failure)
[2026-06-17T09:57:42.257+0800][49.773s][info][gc,heap        ] GC(2004) PSYoungGen: 8712K(14336K)->3515K(14336K) Eden: 7153K(7168K)->0K(7168K) From: 1559K(7168K)->3515K(7168K)
[2026-06-17T09:57:42.258+0800][49.774s][info][gc,heap        ] GC(2004) ParOldGen: 37934K(44032K)->39469K(44032K)
[2026-06-17T09:57:42.258+0800][49.774s][info][gc,metaspace   ] GC(2004) Metaspace: 157K(384K)->157K(384K) NonClass: 153K(256K)->153K(256K) Class: 4K(128K)->4K(128K)
[2026-06-17T09:57:42.259+0800][49.775s][info][gc             ] GC(2004) Pause Young (Allocation Failure) 45M->41M(57M) 2.617ms
[2026-06-17T09:57:42.259+0800][49.775s][info][gc,cpu         ] GC(2004) User=0.00s Sys=0.00s Real=0.00s
[2026-06-17T09:57:42.280+0800][49.796s][info][gc,start       ] GC(2005) Pause Young (Allocation Failure)
[2026-06-17T09:57:42.282+0800][49.798s][info][gc,heap        ] GC(2005) PSYoungGen: 10681K(14336K)->3740K(14848K) Eden: 7165K(7168K)->0K(7680K) From: 3515K(7168K)->3740K(7168K)
[2026-06-17T09:57:42.282+0800][49.798s][info][gc,heap        ] GC(2005) ParOldGen: 39469K(44032K)->39598K(44032K)
[2026-06-17T09:57:42.282+0800][49.798s][info][gc,metaspace   ] GC(2005) Metaspace: 157K(384K)->157K(384K) NonClass: 153K(256K)->153K(256K) Class: 4K(128K)->4K(128K)
[2026-06-17T09:57:42.283+0800][49.799s][info][gc             ] GC(2005) Pause Young (Allocation Failure) 48M->42M(57M) 2.554ms
[2026-06-17T09:57:42.283+0800][49.799s][info][gc,cpu         ] GC(2005) User=0.01s Sys=0.00s Real=0.01s
[2026-06-17T09:57:42.305+0800][49.821s][info][gc,start       ] GC(2006) Pause Young (Allocation Failure)
[2026-06-17T09:57:42.306+0800][49.822s][info][gc,heap        ] GC(2006) PSYoungGen: 11407K(14848K)->2150K(14336K) Eden: 7667K(7680K)->0K(7680K) From: 3740K(7168K)->2150K(6656K)
[2026-06-17T09:57:42.307+0800][49.823s][info][gc,heap        ] GC(2006) ParOldGen: 39598K(44032K)->41794K(44032K)
[2026-06-17T09:57:42.308+0800][49.824s][info][gc,metaspace   ] GC(2006) Metaspace: 157K(384K)->157K(384K) NonClass: 153K(256K)->153K(256K) Class: 4K(128K)->4K(128K)
[2026-06-17T09:57:42.308+0800][49.824s][info][gc             ] GC(2006) Pause Young (Allocation Failure) 49M->42M(57M) 3.473ms
[2026-06-17T09:57:42.309+0800][49.825s][info][gc,cpu         ] GC(2006) User=0.00s Sys=0.00s Real=0.00s
[2026-06-17T09:57:42.330+0800][49.846s][info][gc,start       ] GC(2007) Pause Full (Ergonomics)
[2026-06-17T09:57:42.331+0800][49.847s][info][gc,phases,start] GC(2007) Marking Phase
[2026-06-17T09:57:42.332+0800][49.848s][info][gc,phases      ] GC(2007) Marking Phase 1.031ms
[2026-06-17T09:57:42.332+0800][49.848s][info][gc,phases,start] GC(2007) Summary Phase
[2026-06-17T09:57:42.333+0800][49.849s][info][gc,phases      ] GC(2007) Summary Phase 0.676ms
[2026-06-17T09:57:42.333+0800][49.849s][info][gc,phases,start] GC(2007) Adjust Roots
[2026-06-17T09:57:42.334+0800][49.850s][info][gc,phases      ] GC(2007) Adjust Roots 0.589ms
[2026-06-17T09:57:42.335+0800][49.851s][info][gc,phases,start] GC(2007) Compaction Phase
[2026-06-17T09:57:42.337+0800][49.853s][info][gc,phases      ] GC(2007) Compaction Phase 1.997ms
[2026-06-17T09:57:42.337+0800][49.853s][info][gc,phases,start] GC(2007) Post Compact
[2026-06-17T09:57:42.338+0800][49.854s][info][gc,phases      ] GC(2007) Post Compact 0.366ms
[2026-06-17T09:57:42.338+0800][49.854s][info][gc,heap        ] GC(2007) PSYoungGen: 9822K(14336K)->0K(14848K) Eden: 7671K(7680K)->0K(8192K) From: 2150K(6656K)->0K(6656K)
[2026-06-17T09:57:42.338+0800][49.854s][info][gc,heap        ] GC(2007) ParOldGen: 41794K(44032K)->22948K(44032K)
[2026-06-17T09:57:42.339+0800][49.855s][info][gc,metaspace   ] GC(2007) Metaspace: 157K(384K)->157K(384K) NonClass: 153K(256K)->153K(256K) Class: 4K(128K)->4K(128K)
[2026-06-17T09:57:42.339+0800][49.855s][info][gc             ] GC(2007) Pause Full (Ergonomics) 50M->22M(57M) 9.168ms
[2026-06-17T09:57:42.340+0800][49.856s][info][gc,cpu         ] GC(2007) User=0.00s Sys=0.00s Real=0.01s
[2026-06-17T09:57:42.361+0800][49.877s][info][gc,start       ] GC(2008) Pause Young (Allocation Failure)
[2026-06-17T09:57:42.363+0800][49.879s][info][gc,heap        ] GC(2008) PSYoungGen: 8140K(14848K)->4606K(14848K) Eden: 8140K(8192K)->0K(8192K) From: 0K(6656K)->4606K(6656K)
[2026-06-17T09:57:42.363+0800][49.879s][info][gc,heap        ] GC(2008) ParOldGen: 22948K(44032K)->22948K(44032K)
[2026-06-17T09:57:42.364+0800][49.880s][info][gc,metaspace   ] GC(2008) Metaspace: 157K(384K)->157K(384K) NonClass: 153K(256K)->153K(256K) Class: 4K(128K)->4K(128K)
[2026-06-17T09:57:42.374+0800][49.890s][info][gc             ] GC(2008) Pause Young (Allocation Failure) 30M->26M(57M) 12.303ms
[2026-06-17T09:57:42.375+0800][49.891s][info][gc,cpu         ] GC(2008) User=0.00s Sys=0.01s Real=0.02s
[2026-06-17T09:57:42.386+0800][49.902s][info][gc,start       ] GC(2009) Pause Young (Allocation Failure)
[2026-06-17T09:57:42.392+0800][49.908s][info][gc,heap        ] GC(2009) PSYoungGen: 12794K(14848K)->6644K(13824K) Eden: 8188K(8192K)->0K(7168K) From: 4606K(6656K)->6644K(6656K)
[2026-06-17T09:57:42.397+0800][49.913s][info][gc,heap        ] GC(2009) ParOldGen: 22948K(44032K)->25638K(44032K)
[2026-06-17T09:57:42.398+0800][49.914s][info][gc,metaspace   ] GC(2009) Metaspace: 157K(384K)->157K(384K) NonClass: 153K(256K)->153K(256K) Class: 4K(128K)->4K(128K)
[2026-06-17T09:57:42.405+0800][49.921s][info][gc             ] GC(2009) Pause Young (Allocation Failure) 34M->31M(56M) 19.108ms
[2026-06-17T09:57:42.406+0800][49.922s][info][gc,cpu         ] GC(2009) User=0.00s Sys=0.00s Real=0.02s
[2026-06-17T09:57:42.427+0800][49.943s][info][gc,start       ] GC(2010) Pause Young (Allocation Failure)
[2026-06-17T09:57:42.428+0800][49.944s][info][gc,heap        ] GC(2010) PSYoungGen: 13799K(13824K)->3462K(14336K) Eden: 7155K(7168K)->0K(7168K) From: 6644K(6656K)->3462K(7168K)
[2026-06-17T09:57:42.428+0800][49.944s][info][gc,heap        ] GC(2010) ParOldGen: 25638K(44032K)->29124K(44032K)
[2026-06-17T09:57:42.428+0800][49.944s][info][gc,metaspace   ] GC(2010) Metaspace: 157K(384K)->157K(384K) NonClass: 153K(256K)->153K(256K) Class: 4K(128K)->4K(128K)
[2026-06-17T09:57:42.428+0800][49.944s][info][gc             ] GC(2010) Pause Young (Allocation Failure) 38M->31M(57M) 1.534ms
[2026-06-17T09:57:42.429+0800][49.945s][info][gc,cpu         ] GC(2010) User=0.00s Sys=0.00s Real=0.00s
[2026-06-17T09:57:42.450+0800][49.966s][info][gc,start       ] GC(2011) Pause Young (Allocation Failure)
[2026-06-17T09:57:42.450+0800][49.966s][info][gc,heap        ] GC(2011) PSYoungGen: 10598K(14336K)->3385K(14336K) Eden: 7136K(7168K)->0K(7168K) From: 3462K(7168K)->3385K(7168K)
[2026-06-17T09:57:42.451+0800][49.967s][info][gc,heap        ] GC(2011) ParOldGen: 29124K(44032K)->29124K(44032K)
[2026-06-17T09:57:42.451+0800][49.967s][info][gc,metaspace   ] GC(2011) Metaspace: 157K(384K)->157K(384K) NonClass: 153K(256K)->153K(256K) Class: 4K(128K)->4K(128K)
[2026-06-17T09:57:42.451+0800][49.967s][info][gc             ] GC(2011) Pause Young (Allocation Failure) 38M->31M(57M) 1.419ms
[2026-06-17T09:57:42.451+0800][49.967s][info][gc,cpu         ] GC(2011) User=0.00s Sys=0.00s Real=0.01s
[2026-06-17T09:57:42.462+0800][49.978s][info][gc,start       ] GC(2012) Pause Young (Allocation Failure)
[2026-06-17T09:57:42.463+0800][49.979s][info][gc,heap        ] GC(2012) PSYoungGen: 10524K(14336K)->6986K(14336K) Eden: 7139K(7168K)->0K(7168K) From: 3385K(7168K)->6986K(7168K)
[2026-06-17T09:57:42.463+0800][49.979s][info][gc,heap        ] GC(2012) ParOldGen: 29124K(44032K)->29124K(44032K)
[2026-06-17T09:57:42.463+0800][49.979s][info][gc,metaspace   ] GC(2012) Metaspace: 157K(384K)->157K(384K) NonClass: 153K(256K)->153K(256K) Class: 4K(128K)->4K(128K)
[2026-06-17T09:57:42.464+0800][49.980s][info][gc             ] GC(2012) Pause Young (Allocation Failure) 38M->35M(57M) 1.459ms
[2026-06-17T09:57:42.464+0800][49.980s][info][gc,cpu         ] GC(2012) User=0.00s Sys=0.00s Real=0.01s
[2026-06-17T09:57:42.485+0800][50.001s][info][gc,start       ] GC(2013) Pause Young (Allocation Failure)
[2026-06-17T09:57:42.486+0800][50.002s][info][gc,heap        ] GC(2013) PSYoungGen: 14082K(14336K)->1911K(14336K) Eden: 7095K(7168K)->0K(7168K) From: 6986K(7168K)->1911K(7168K)
[2026-06-17T09:57:42.486+0800][50.002s][info][gc,heap        ] GC(2013) ParOldGen: 29124K(44032K)->31214K(44032K)
[2026-06-17T09:57:42.486+0800][50.002s][info][gc,metaspace   ] GC(2013) Metaspace: 157K(384K)->157K(384K) NonClass: 153K(256K)->153K(256K) Class: 4K(128K)->4K(128K)
[2026-06-17T09:57:42.487+0800][50.003s][info][gc             ] GC(2013) Pause Young (Allocation Failure) 42M->32M(57M) 1.594ms
[2026-06-17T09:57:42.487+0800][50.003s][info][gc,cpu         ] GC(2013) User=0.00s Sys=0.00s Real=0.00s
[2026-06-17T09:57:42.508+0800][50.024s][info][gc,start       ] GC(2014) Pause Young (Allocation Failure)
[2026-06-17T09:57:42.508+0800][50.024s][info][gc,heap        ] GC(2014) PSYoungGen: 9069K(14336K)->3562K(14336K) Eden: 7158K(7168K)->0K(7168K) From: 1911K(7168K)->3562K(7168K)
[2026-06-17T09:57:42.509+0800][50.025s][info][gc,heap        ] GC(2014) ParOldGen: 31214K(44032K)->33069K(44032K)
[2026-06-17T09:57:42.509+0800][50.025s][info][gc,metaspace   ] GC(2014) Metaspace: 157K(384K)->157K(384K) NonClass: 153K(256K)->153K(256K) Class: 4K(128K)->4K(128K)
[2026-06-17T09:57:42.509+0800][50.025s][info][gc             ] GC(2014) Pause Young (Allocation Failure) 39M->35M(57M) 1.191ms
[2026-06-17T09:57:42.509+0800][50.025s][info][gc,cpu         ] GC(2014) User=0.01s Sys=0.00s Real=0.00s
[2026-06-17T09:57:42.520+0800][50.036s][info][gc,start       ] GC(2015) Pause Young (Allocation Failure)
[2026-06-17T09:57:42.520+0800][50.036s][info][gc,heap        ] GC(2015) PSYoungGen: 10540K(14336K)->1297K(14336K) Eden: 6977K(7168K)->0K(7168K) From: 3562K(7168K)->1297K(7168K)
[2026-06-17T09:57:42.520+0800][50.036s][info][gc,heap        ] GC(2015) ParOldGen: 33069K(44032K)->35260K(44032K)
[2026-06-17T09:57:42.521+0800][50.037s][info][gc,metaspace   ] GC(2015) Metaspace: 157K(384K)->157K(384K) NonClass: 153K(256K)->153K(256K) Class: 4K(128K)->4K(128K)
[2026-06-17T09:57:42.521+0800][50.037s][info][gc             ] GC(2015) Pause Young (Allocation Failure) 42M->35M(57M) 1.063ms
[2026-06-17T09:57:42.521+0800][50.037s][info][gc,cpu         ] GC(2015) User=0.00s Sys=0.00s Real=0.00s
[2026-06-17T09:57:42.542+0800][50.058s][info][gc,start       ] GC(2016) Pause Young (Allocation Failure)
[2026-06-17T09:57:42.544+0800][50.060s][info][gc,heap        ] GC(2016) PSYoungGen: 8465K(14336K)->3562K(14336K) Eden: 7168K(7168K)->0K(7168K) From: 1297K(7168K)->3562K(7168K)
[2026-06-17T09:57:42.547+0800][50.063s][info][gc,heap        ] GC(2016) ParOldGen: 35260K(44032K)->36533K(44032K)
[2026-06-17T09:57:42.549+0800][50.065s][info][gc,metaspace   ] GC(2016) Metaspace: 157K(384K)->157K(384K) NonClass: 153K(256K)->153K(256K) Class: 4K(128K)->4K(128K)
[2026-06-17T09:57:42.549+0800][50.065s][info][gc             ] GC(2016) Pause Young (Allocation Failure) 42M->39M(57M) 7.147ms
[2026-06-17T09:57:42.549+0800][50.065s][info][gc,cpu         ] GC(2016) User=0.00s Sys=0.00s Real=0.01s
[2026-06-17T09:57:42.570+0800][50.086s][info][gc,start       ] GC(2017) Pause Young (Allocation Failure)
[2026-06-17T09:57:42.571+0800][50.087s][info][gc,heap        ] GC(2017) PSYoungGen: 10727K(14336K)->3824K(14336K) Eden: 7165K(7168K)->0K(7168K) From: 3562K(7168K)->3824K(7168K)
[2026-06-17T09:57:42.571+0800][50.087s][info][gc,heap        ] GC(2017) ParOldGen: 36533K(44032K)->36533K(44032K)
[2026-06-17T09:57:42.571+0800][50.087s][info][gc,metaspace   ] GC(2017) Metaspace: 157K(384K)->157K(384K) NonClass: 153K(256K)->153K(256K) Class: 4K(128K)->4K(128K)
[2026-06-17T09:57:42.572+0800][50.088s][info][gc             ] GC(2017) Pause Young (Allocation Failure) 46M->39M(57M) 1.537ms
[2026-06-17T09:57:42.572+0800][50.088s][info][gc,cpu         ] GC(2017) User=0.00s Sys=0.00s Real=0.01s
[2026-06-17T09:57:42.593+0800][50.109s][info][gc,start       ] GC(2018) Pause Young (Allocation Failure)
[2026-06-17T09:57:42.595+0800][50.111s][info][gc,heap        ] GC(2018) PSYoungGen: 10985K(14336K)->4040K(14336K) Eden: 7161K(7168K)->0K(7168K) From: 3824K(7168K)->4040K(7168K)
[2026-06-17T09:57:42.595+0800][50.111s][info][gc,heap        ] GC(2018) ParOldGen: 36533K(44032K)->36533K(44032K)
[2026-06-17T09:57:42.595+0800][50.111s][info][gc,metaspace   ] GC(2018) Metaspace: 157K(384K)->157K(384K) NonClass: 153K(256K)->153K(256K) Class: 4K(128K)->4K(128K)
[2026-06-17T09:57:42.595+0800][50.111s][info][gc             ] GC(2018) Pause Young (Allocation Failure) 46M->39M(57M) 2.233ms
[2026-06-17T09:57:42.596+0800][50.112s][info][gc,cpu         ] GC(2018) User=0.00s Sys=0.00s Real=0.00s
[2026-06-17T09:57:42.607+0800][50.123s][info][gc,start       ] GC(2019) Pause Young (Allocation Failure)
[2026-06-17T09:57:42.609+0800][50.125s][info][gc,heap        ] GC(2019) PSYoungGen: 11166K(14336K)->6995K(14336K) Eden: 7125K(7168K)->0K(7168K) From: 4040K(7168K)->6995K(7168K)
[2026-06-17T09:57:42.609+0800][50.125s][info][gc,heap        ] GC(2019) ParOldGen: 36533K(44032K)->37287K(44032K)
[2026-06-17T09:57:42.610+0800][50.126s][info][gc,metaspace   ] GC(2019) Metaspace: 157K(384K)->157K(384K) NonClass: 153K(256K)->153K(256K) Class: 4K(128K)->4K(128K)
[2026-06-17T09:57:42.610+0800][50.126s][info][gc             ] GC(2019) Pause Young (Allocation Failure) 46M->43M(57M) 3.490ms
[2026-06-17T09:57:42.611+0800][50.127s][info][gc,cpu         ] GC(2019) User=0.00s Sys=0.00s Real=0.01s
[2026-06-17T09:57:42.633+0800][50.149s][info][gc,start       ] GC(2020) Pause Young (Allocation Failure)
[2026-06-17T09:57:42.635+0800][50.151s][info][gc,heap        ] GC(2020) PSYoungGen: 14130K(14336K)->4641K(14336K) Eden: 7135K(7168K)->0K(7168K) From: 6995K(7168K)->4641K(7168K)
[2026-06-17T09:57:42.635+0800][50.151s][info][gc,heap        ] GC(2020) ParOldGen: 37287K(44032K)->40040K(44032K)
[2026-06-17T09:57:42.636+0800][50.152s][info][gc,metaspace   ] GC(2020) Metaspace: 157K(384K)->157K(384K) NonClass: 153K(256K)->153K(256K) Class: 4K(128K)->4K(128K)
[2026-06-17T09:57:42.636+0800][50.152s][info][gc             ] GC(2020) Pause Young (Allocation Failure) 50M->43M(57M) 3.548ms
[2026-06-17T09:57:42.637+0800][50.153s][info][gc,cpu         ] GC(2020) User=0.01s Sys=0.00s Real=0.00s
[2026-06-17T09:57:42.659+0800][50.175s][info][gc,start       ] GC(2021) Pause Young (Allocation Failure)
[2026-06-17T09:57:42.661+0800][50.177s][info][gc,heap        ] GC(2021) PSYoungGen: 11790K(14336K)->1895K(14336K) Eden: 7149K(7168K)->0K(7168K) From: 4641K(7168K)->1895K(7168K)
[2026-06-17T09:57:42.662+0800][50.178s][info][gc,heap        ] GC(2021) ParOldGen: 40040K(44032K)->42921K(44032K)
[2026-06-17T09:57:42.662+0800][50.178s][info][gc,metaspace   ] GC(2021) Metaspace: 157K(384K)->157K(384K) NonClass: 153K(256K)->153K(256K) Class: 4K(128K)->4K(128K)
[2026-06-17T09:57:42.663+0800][50.179s][info][gc             ] GC(2021) Pause Young (Allocation Failure) 50M->43M(57M) 3.792ms
[2026-06-17T09:57:42.663+0800][50.179s][info][gc,cpu         ] GC(2021) User=0.00s Sys=0.00s Real=0.01s
[2026-06-17T09:57:42.675+0800][50.191s][info][gc,start       ] GC(2022) Pause Full (Ergonomics)
[2026-06-17T09:57:42.676+0800][50.192s][info][gc,phases,start] GC(2022) Marking Phase
[2026-06-17T09:57:42.678+0800][50.194s][info][gc,phases      ] GC(2022) Marking Phase 2.783ms
[2026-06-17T09:57:42.679+0800][50.195s][info][gc,phases,start] GC(2022) Summary Phase
[2026-06-17T09:57:42.679+0800][50.195s][info][gc,phases      ] GC(2022) Summary Phase 0.356ms
[2026-06-17T09:57:42.680+0800][50.196s][info][gc,phases,start] GC(2022) Adjust Roots
[2026-06-17T09:57:42.680+0800][50.196s][info][gc,phases      ] GC(2022) Adjust Roots 0.602ms
[2026-06-17T09:57:42.680+0800][50.196s][info][gc,phases,start] GC(2022) Compaction Phase
[2026-06-17T09:57:42.683+0800][50.199s][info][gc,phases      ] GC(2022) Compaction Phase 2.316ms
[2026-06-17T09:57:42.683+0800][50.199s][info][gc,phases,start] GC(2022) Post Compact
[2026-06-17T09:57:42.684+0800][50.200s][info][gc,phases      ] GC(2022) Post Compact 0.361ms
[2026-06-17T09:57:42.684+0800][50.200s][info][gc,heap        ] GC(2022) PSYoungGen: 8956K(14336K)->0K(14336K) Eden: 7061K(7168K)->0K(7168K) From: 1895K(7168K)->0K(7168K)
[2026-06-17T09:57:42.684+0800][50.200s][info][gc,heap        ] GC(2022) ParOldGen: 42921K(44032K)->30793K(44032K)
[2026-06-17T09:57:42.684+0800][50.200s][info][gc,metaspace   ] GC(2022) Metaspace: 157K(384K)->157K(384K) NonClass: 153K(256K)->153K(256K) Class: 4K(128K)->4K(128K)
[2026-06-17T09:57:42.684+0800][50.200s][info][gc             ] GC(2022) Pause Full (Ergonomics) 50M->30M(57M) 9.503ms
[2026-06-17T09:57:42.685+0800][50.201s][info][gc,cpu         ] GC(2022) User=0.01s Sys=0.00s Real=0.01s
[2026-06-17T09:57:42.706+0800][50.222s][info][gc,start       ] GC(2023) Pause Young (Allocation Failure)
[2026-06-17T09:57:42.707+0800][50.223s][info][gc,heap        ] GC(2023) PSYoungGen: 7157K(14336K)->3473K(14336K) Eden: 7157K(7168K)->0K(7168K) From: 0K(7168K)->3473K(7168K)
[2026-06-17T09:57:42.708+0800][50.224s][info][gc,heap        ] GC(2023) ParOldGen: 30793K(44032K)->30793K(44032K)
[2026-06-17T09:57:42.708+0800][50.224s][info][gc,metaspace   ] GC(2023) Metaspace: 157K(384K)->157K(384K) NonClass: 153K(256K)->153K(256K) Class: 4K(128K)->4K(128K)
[2026-06-17T09:57:42.708+0800][50.224s][info][gc             ] GC(2023) Pause Young (Allocation Failure) 37M->33M(57M) 2.576ms
[2026-06-17T09:57:42.709+0800][50.225s][info][gc,cpu         ] GC(2023) User=0.00s Sys=0.00s Real=0.00s
[2026-06-17T09:57:42.720+0800][50.236s][info][gc,start       ] GC(2024) Pause Young (Allocation Failure)
[2026-06-17T09:57:42.722+0800][50.238s][info][gc,heap        ] GC(2024) PSYoungGen: 10599K(14336K)->1893K(14336K) Eden: 7126K(7168K)->0K(7168K) From: 3473K(7168K)->1893K(7168K)
[2026-06-17T09:57:42.722+0800][50.238s][info][gc,heap        ] GC(2024) ParOldGen: 30793K(44032K)->32632K(44032K)
[2026-06-17T09:57:42.722+0800][50.238s][info][gc,metaspace   ] GC(2024) Metaspace: 157K(384K)->157K(384K) NonClass: 153K(256K)->153K(256K) Class: 4K(128K)->4K(128K)
[2026-06-17T09:57:42.723+0800][50.239s][info][gc             ] GC(2024) Pause Young (Allocation Failure) 40M->33M(57M) 2.348ms
[2026-06-17T09:57:42.723+0800][50.239s][info][gc,cpu         ] GC(2024) User=0.00s Sys=0.00s Real=0.01s
[2026-06-17T09:57:42.755+0800][50.271s][info][gc,start       ] GC(2025) Pause Young (Allocation Failure)
[2026-06-17T09:57:42.757+0800][50.273s][info][gc,heap        ] GC(2025) PSYoungGen: 9045K(14336K)->319K(14336K) Eden: 7152K(7168K)->0K(7168K) From: 1893K(7168K)->319K(7168K)
[2026-06-17T09:57:42.758+0800][50.274s][info][gc,heap        ] GC(2025) ParOldGen: 32632K(44032K)->34501K(44032K)
[2026-06-17T09:57:42.758+0800][50.274s][info][gc,metaspace   ] GC(2025) Metaspace: 157K(384K)->157K(384K) NonClass: 153K(256K)->153K(256K) Class: 4K(128K)->4K(128K)
[2026-06-17T09:57:42.759+0800][50.275s][info][gc             ] GC(2025) Pause Young (Allocation Failure) 40M->34M(57M) 3.714ms
[2026-06-17T09:57:42.759+0800][50.275s][info][gc,cpu         ] GC(2025) User=0.00s Sys=0.00s Real=0.00s
[2026-06-17T09:57:42.771+0800][50.287s][info][gc,start       ] GC(2026) Pause Young (Allocation Failure)
[2026-06-17T09:57:42.773+0800][50.289s][info][gc,heap        ] GC(2026) PSYoungGen: 7477K(14336K)->3877K(14336K) Eden: 7158K(7168K)->0K(7168K) From: 319K(7168K)->3877K(7168K)
[2026-06-17T09:57:42.774+0800][50.290s][info][gc,heap        ] GC(2026) ParOldGen: 34501K(44032K)->34771K(44032K)
[2026-06-17T09:57:42.775+0800][50.291s][info][gc,metaspace   ] GC(2026) Metaspace: 157K(384K)->157K(384K) NonClass: 153K(256K)->153K(256K) Class: 4K(128K)->4K(128K)
[2026-06-17T09:57:42.775+0800][50.291s][info][gc             ] GC(2026) Pause Young (Allocation Failure) 40M->37M(57M) 3.819ms
[2026-06-17T09:57:42.776+0800][50.292s][info][gc,cpu         ] GC(2026) User=0.01s Sys=0.00s Real=0.00s
[2026-06-17T09:57:42.798+0800][50.314s][info][gc,start       ] GC(2027) Pause Young (Allocation Failure)
[2026-06-17T09:57:42.801+0800][50.317s][info][gc,heap        ] GC(2027) PSYoungGen: 11019K(14336K)->2025K(14336K) Eden: 7141K(7168K)->0K(7168K) From: 3877K(7168K)->2025K(7168K)
[2026-06-17T09:57:42.801+0800][50.317s][info][gc,heap        ] GC(2027) ParOldGen: 34771K(44032K)->36848K(44032K)
[2026-06-17T09:57:42.803+0800][50.319s][info][gc,metaspace   ] GC(2027) Metaspace: 157K(384K)->157K(384K) NonClass: 153K(256K)->153K(256K) Class: 4K(128K)->4K(128K)
[2026-06-17T09:57:42.805+0800][50.321s][info][gc             ] GC(2027) Pause Young (Allocation Failure) 44M->37M(57M) 6.862ms
[2026-06-17T09:57:42.806+0800][50.322s][info][gc,cpu         ] GC(2027) User=0.00s Sys=0.00s Real=0.01s
[2026-06-17T09:57:42.832+0800][50.348s][info][gc,start       ] GC(2028) Pause Young (Allocation Failure)
[2026-06-17T09:57:42.834+0800][50.350s][info][gc,heap        ] GC(2028) PSYoungGen: 9169K(14336K)->2458K(14336K) Eden: 7143K(7168K)->0K(7168K) From: 2025K(7168K)->2458K(7168K)
[2026-06-17T09:57:42.835+0800][50.351s][info][gc,heap        ] GC(2028) ParOldGen: 36848K(44032K)->36848K(44032K)
[2026-06-17T09:57:42.835+0800][50.351s][info][gc,metaspace   ] GC(2028) Metaspace: 157K(384K)->157K(384K) NonClass: 153K(256K)->153K(256K) Class: 4K(128K)->4K(128K)
[2026-06-17T09:57:42.836+0800][50.352s][info][gc             ] GC(2028) Pause Young (Allocation Failure) 44M->38M(57M) 4.104ms
[2026-06-17T09:57:42.836+0800][50.352s][info][gc,cpu         ] GC(2028) User=0.00s Sys=0.00s Real=0.00s
[2026-06-17T09:57:42.848+0800][50.364s][info][gc,start       ] GC(2029) Pause Young (Allocation Failure)
[2026-06-17T09:57:42.850+0800][50.366s][info][gc,heap        ] GC(2029) PSYoungGen: 9622K(14336K)->4378K(14336K) Eden: 7164K(7168K)->0K(7168K) From: 2458K(7168K)->4378K(7168K)
[2026-06-17T09:57:42.851+0800][50.367s][info][gc,heap        ] GC(2029) ParOldGen: 36848K(44032K)->38507K(44032K)
[2026-06-17T09:57:42.851+0800][50.367s][info][gc,metaspace   ] GC(2029) Metaspace: 157K(384K)->157K(384K) NonClass: 153K(256K)->153K(256K) Class: 4K(128K)->4K(128K)
[2026-06-17T09:57:42.851+0800][50.367s][info][gc             ] GC(2029) Pause Young (Allocation Failure) 45M->41M(57M) 3.298ms
[2026-06-17T09:57:42.852+0800][50.368s][info][gc,cpu         ] GC(2029) User=0.01s Sys=0.01s Real=0.01s
[2026-06-17T09:57:42.874+0800][50.390s][info][gc,start       ] GC(2030) Pause Young (Allocation Failure)
[2026-06-17T09:57:42.875+0800][50.391s][info][gc,heap        ] GC(2030) PSYoungGen: 11541K(14336K)->2932K(14336K) Eden: 7163K(7168K)->0K(7168K) From: 4378K(7168K)->2932K(7168K)
[2026-06-17T09:57:42.875+0800][50.391s][info][gc,heap        ] GC(2030) ParOldGen: 38507K(44032K)->39823K(44032K)
[2026-06-17T09:57:42.876+0800][50.392s][info][gc,metaspace   ] GC(2030) Metaspace: 157K(384K)->157K(384K) NonClass: 153K(256K)->153K(256K) Class: 4K(128K)->4K(128K)
[2026-06-17T09:57:42.876+0800][50.392s][info][gc             ] GC(2030) Pause Young (Allocation Failure) 48M->41M(57M) 1.965ms
[2026-06-17T09:57:42.876+0800][50.392s][info][gc,cpu         ] GC(2030) User=0.00s Sys=0.00s Real=0.00s
[2026-06-17T09:57:42.887+0800][50.403s][info][gc,start       ] GC(2031) Pause Young (Allocation Failure)
[2026-06-17T09:57:42.888+0800][50.404s][info][gc,heap        ] GC(2031) PSYoungGen: 9998K(14336K)->886K(14848K) Eden: 7066K(7168K)->0K(8192K) From: 2932K(7168K)->886K(6656K)
[2026-06-17T09:57:42.889+0800][50.405s][info][gc,heap        ] GC(2031) ParOldGen: 39823K(44032K)->41755K(44032K)
[2026-06-17T09:57:42.889+0800][50.405s][info][gc,metaspace   ] GC(2031) Metaspace: 157K(384K)->157K(384K) NonClass: 153K(256K)->153K(256K) Class: 4K(128K)->4K(128K)
[2026-06-17T09:57:42.890+0800][50.406s][info][gc             ] GC(2031) Pause Young (Allocation Failure) 48M->41M(57M) 2.276ms
[2026-06-17T09:57:42.890+0800][50.406s][info][gc,cpu         ] GC(2031) User=0.00s Sys=0.00s Real=0.00s
[2026-06-17T09:57:42.923+0800][50.439s][info][gc,start       ] GC(2032) Pause Full (Ergonomics)
[2026-06-17T09:57:42.923+0800][50.439s][info][gc,phases,start] GC(2032) Marking Phase
[2026-06-17T09:57:42.926+0800][50.442s][info][gc,phases      ] GC(2032) Marking Phase 2.510ms
[2026-06-17T09:57:42.927+0800][50.443s][info][gc,phases,start] GC(2032) Summary Phase
[2026-06-17T09:57:42.927+0800][50.443s][info][gc,phases      ] GC(2032) Summary Phase 0.697ms
[2026-06-17T09:57:42.928+0800][50.444s][info][gc,phases,start] GC(2032) Adjust Roots
[2026-06-17T09:57:42.928+0800][50.444s][info][gc,phases      ] GC(2032) Adjust Roots 0.676ms
[2026-06-17T09:57:42.929+0800][50.445s][info][gc,phases,start] GC(2032) Compaction Phase
[2026-06-17T09:57:42.932+0800][50.448s][info][gc,phases      ] GC(2032) Compaction Phase 2.709ms
[2026-06-17T09:57:42.932+0800][50.448s][info][gc,phases,start] GC(2032) Post Compact
[2026-06-17T09:57:42.933+0800][50.449s][info][gc,phases      ] GC(2032) Post Compact 0.476ms
[2026-06-17T09:57:42.933+0800][50.449s][info][gc,heap        ] GC(2032) PSYoungGen: 9054K(14848K)->0K(14848K) Eden: 8168K(8192K)->0K(8192K) From: 886K(6656K)->0K(6656K)
[2026-06-17T09:57:42.933+0800][50.449s][info][gc,heap        ] GC(2032) ParOldGen: 41755K(44032K)->33071K(44032K)
[2026-06-17T09:57:42.934+0800][50.450s][info][gc,metaspace   ] GC(2032) Metaspace: 157K(384K)->157K(384K) NonClass: 153K(256K)->153K(256K) Class: 4K(128K)->4K(128K)
[2026-06-17T09:57:42.934+0800][50.450s][info][gc             ] GC(2032) Pause Full (Ergonomics) 49M->32M(57M) 11.192ms
[2026-06-17T09:57:42.934+0800][50.450s][info][gc,cpu         ] GC(2032) User=0.01s Sys=0.00s Real=0.01s
[2026-06-17T09:57:42.946+0800][50.462s][info][gc,start       ] GC(2033) Pause Young (Allocation Failure)
[2026-06-17T09:57:42.947+0800][50.463s][info][gc,heap        ] GC(2033) PSYoungGen: 8192K(14848K)->6603K(13824K) Eden: 8192K(8192K)->0K(7168K) From: 0K(6656K)->6603K(6656K)
[2026-06-17T09:57:42.948+0800][50.464s][info][gc,heap        ] GC(2033) ParOldGen: 33071K(44032K)->34707K(44032K)
[2026-06-17T09:57:42.948+0800][50.464s][info][gc,metaspace   ] GC(2033) Metaspace: 157K(384K)->157K(384K) NonClass: 153K(256K)->153K(256K) Class: 4K(128K)->4K(128K)
[2026-06-17T09:57:42.948+0800][50.464s][info][gc             ] GC(2033) Pause Young (Allocation Failure) 40M->40M(56M) 2.733ms
[2026-06-17T09:57:42.949+0800][50.465s][info][gc,cpu         ] GC(2033) User=0.01s Sys=0.00s Real=0.00s
[2026-06-17T09:57:42.971+0800][50.487s][info][gc,start       ] GC(2034) Pause Young (Allocation Failure)
[2026-06-17T09:57:42.972+0800][50.488s][info][gc,heap        ] GC(2034) PSYoungGen: 13733K(13824K)->3209K(14336K) Eden: 7130K(7168K)->0K(7168K) From: 6603K(6656K)->3209K(7168K)
[2026-06-17T09:57:42.972+0800][50.488s][info][gc,heap        ] GC(2034) ParOldGen: 34707K(44032K)->38017K(44032K)
[2026-06-17T09:57:42.973+0800][50.489s][info][gc,metaspace   ] GC(2034) Metaspace: 157K(384K)->157K(384K) NonClass: 153K(256K)->153K(256K) Class: 4K(128K)->4K(128K)
[2026-06-17T09:57:42.973+0800][50.489s][info][gc             ] GC(2034) Pause Young (Allocation Failure) 47M->40M(57M) 2.691ms
[2026-06-17T09:57:42.974+0800][50.490s][info][gc,cpu         ] GC(2034) User=0.00s Sys=0.00s Real=0.00s
[2026-06-17T09:57:42.995+0800][50.511s][info][gc,start       ] GC(2035) Pause Young (Allocation Failure)
[2026-06-17T09:57:42.996+0800][50.512s][info][gc,heap        ] GC(2035) PSYoungGen: 10366K(14336K)->3358K(14336K) Eden: 7157K(7168K)->0K(7168K) From: 3209K(7168K)->3358K(7168K)
[2026-06-17T09:57:42.996+0800][50.512s][info][gc,heap        ] GC(2035) ParOldGen: 38017K(44032K)->38017K(44032K)
[2026-06-17T09:57:42.997+0800][50.513s][info][gc,metaspace   ] GC(2035) Metaspace: 157K(384K)->157K(384K) NonClass: 153K(256K)->153K(256K) Class: 4K(128K)->4K(128K)
[2026-06-17T09:57:42.997+0800][50.513s][info][gc             ] GC(2035) Pause Young (Allocation Failure) 47M->40M(57M) 1.749ms
[2026-06-17T09:57:42.997+0800][50.513s][info][gc,cpu         ] GC(2035) User=0.00s Sys=0.00s Real=0.00s
[2026-06-17T09:57:43.008+0800][50.524s][info][gc,start       ] GC(2036) Pause Young (Allocation Failure)
[2026-06-17T09:57:43.008+0800][50.524s][info][gc,heap        ] GC(2036) PSYoungGen: 10517K(14336K)->1605K(14336K) Eden: 7158K(7168K)->0K(7168K) From: 3358K(7168K)->1605K(7168K)
[2026-06-17T09:57:43.009+0800][50.525s][info][gc,heap        ] GC(2036) ParOldGen: 38017K(44032K)->40111K(44032K)
[2026-06-17T09:57:43.009+0800][50.525s][info][gc,metaspace   ] GC(2036) Metaspace: 157K(384K)->157K(384K) NonClass: 153K(256K)->153K(256K) Class: 4K(128K)->4K(128K)
[2026-06-17T09:57:43.009+0800][50.525s][info][gc             ] GC(2036) Pause Young (Allocation Failure) 47M->40M(57M) 1.130ms
[2026-06-17T09:57:43.009+0800][50.525s][info][gc,cpu         ] GC(2036) User=0.00s Sys=0.00s Real=0.00s
[2026-06-17T09:57:43.030+0800][50.546s][info][gc,start       ] GC(2037) Pause Young (Allocation Failure)
[2026-06-17T09:57:43.031+0800][50.547s][info][gc,heap        ] GC(2037) PSYoungGen: 8737K(14336K)->3422K(14848K) Eden: 7132K(7168K)->0K(7680K) From: 1605K(7168K)->3422K(7168K)
[2026-06-17T09:57:43.031+0800][50.547s][info][gc,heap        ] GC(2037) ParOldGen: 40111K(44032K)->41692K(44032K)
[2026-06-17T09:57:43.031+0800][50.547s][info][gc,metaspace   ] GC(2037) Metaspace: 157K(384K)->157K(384K) NonClass: 153K(256K)->153K(256K) Class: 4K(128K)->4K(128K)
[2026-06-17T09:57:43.031+0800][50.547s][info][gc             ] GC(2037) Pause Young (Allocation Failure) 47M->44M(57M) 1.301ms
[2026-06-17T09:57:43.031+0800][50.547s][info][gc,cpu         ] GC(2037) User=0.00s Sys=0.00s Real=0.01s
[2026-06-17T09:57:43.052+0800][50.568s][info][gc,start       ] GC(2038) Pause Full (Ergonomics)
[2026-06-17T09:57:43.053+0800][50.569s][info][gc,phases,start] GC(2038) Marking Phase
[2026-06-17T09:57:43.054+0800][50.570s][info][gc,phases      ] GC(2038) Marking Phase 1.054ms
[2026-06-17T09:57:43.054+0800][50.570s][info][gc,phases,start] GC(2038) Summary Phase
[2026-06-17T09:57:43.054+0800][50.570s][info][gc,phases      ] GC(2038) Summary Phase 0.423ms
[2026-06-17T09:57:43.055+0800][50.571s][info][gc,phases,start] GC(2038) Adjust Roots
[2026-06-17T09:57:43.055+0800][50.571s][info][gc,phases      ] GC(2038) Adjust Roots 0.611ms
[2026-06-17T09:57:43.055+0800][50.571s][info][gc,phases,start] GC(2038) Compaction Phase
[2026-06-17T09:57:43.057+0800][50.573s][info][gc,phases      ] GC(2038) Compaction Phase 1.571ms
[2026-06-17T09:57:43.057+0800][50.573s][info][gc,phases,start] GC(2038) Post Compact
[2026-06-17T09:57:43.057+0800][50.573s][info][gc,phases      ] GC(2038) Post Compact 0.232ms
[2026-06-17T09:57:43.057+0800][50.573s][info][gc,heap        ] GC(2038) PSYoungGen: 11099K(14848K)->0K(14336K) Eden: 7677K(7680K)->0K(7680K) From: 3422K(7168K)->0K(6656K)
[2026-06-17T09:57:43.058+0800][50.574s][info][gc,heap        ] GC(2038) ParOldGen: 41692K(44032K)->32630K(44032K)
[2026-06-17T09:57:43.058+0800][50.574s][info][gc,metaspace   ] GC(2038) Metaspace: 157K(384K)->157K(384K) NonClass: 153K(256K)->153K(256K) Class: 4K(128K)->4K(128K)
[2026-06-17T09:57:43.058+0800][50.574s][info][gc             ] GC(2038) Pause Full (Ergonomics) 51M->31M(57M) 5.624ms
[2026-06-17T09:57:43.058+0800][50.574s][info][gc,cpu         ] GC(2038) User=0.01s Sys=0.00s Real=0.00s
[2026-06-17T09:57:43.080+0800][50.596s][info][gc,start       ] GC(2039) Pause Young (Allocation Failure)
[2026-06-17T09:57:43.081+0800][50.597s][info][gc,heap        ] GC(2039) PSYoungGen: 7634K(14336K)->4438K(14848K) Eden: 7634K(7680K)->0K(8192K) From: 0K(6656K)->4438K(6656K)
[2026-06-17T09:57:43.081+0800][50.597s][info][gc,heap        ] GC(2039) ParOldGen: 32630K(44032K)->32630K(44032K)
[2026-06-17T09:57:43.081+0800][50.597s][info][gc,metaspace   ] GC(2039) Metaspace: 157K(384K)->157K(384K) NonClass: 153K(256K)->153K(256K) Class: 4K(128K)->4K(128K)
[2026-06-17T09:57:43.081+0800][50.597s][info][gc             ] GC(2039) Pause Young (Allocation Failure) 39M->36M(57M) 1.334ms
[2026-06-17T09:57:43.081+0800][50.597s][info][gc,cpu         ] GC(2039) User=0.00s Sys=0.00s Real=0.00s
[2026-06-17T09:57:43.102+0800][50.618s][info][gc,start       ] GC(2040) Pause Young (Allocation Failure)
[2026-06-17T09:57:43.104+0800][50.620s][info][gc,heap        ] GC(2040) PSYoungGen: 12612K(14848K)->5547K(13824K) Eden: 8174K(8192K)->0K(8192K) From: 4438K(6656K)->5547K(5632K)
[2026-06-17T09:57:43.105+0800][50.621s][info][gc,heap        ] GC(2040) ParOldGen: 32630K(44032K)->32630K(44032K)
[2026-06-17T09:57:43.105+0800][50.621s][info][gc,metaspace   ] GC(2040) Metaspace: 157K(384K)->157K(384K) NonClass: 153K(256K)->153K(256K) Class: 4K(128K)->4K(128K)
[2026-06-17T09:57:43.105+0800][50.621s][info][gc             ] GC(2040) Pause Young (Allocation Failure) 44M->37M(56M) 2.855ms
[2026-06-17T09:57:43.105+0800][50.621s][info][gc,cpu         ] GC(2040) User=0.00s Sys=0.00s Real=0.01s
[2026-06-17T09:57:43.127+0800][50.643s][info][gc,start       ] GC(2041) Pause Young (Allocation Failure)
[2026-06-17T09:57:43.128+0800][50.644s][info][gc,heap        ] GC(2041) PSYoungGen: 13734K(13824K)->3837K(14336K) Eden: 8187K(8192K)->0K(7168K) From: 5547K(5632K)->3837K(7168K)
[2026-06-17T09:57:43.130+0800][50.646s][info][gc,heap        ] GC(2041) ParOldGen: 32630K(44032K)->35273K(44032K)
[2026-06-17T09:57:43.130+0800][50.646s][info][gc,metaspace   ] GC(2041) Metaspace: 157K(384K)->157K(384K) NonClass: 153K(256K)->153K(256K) Class: 4K(128K)->4K(128K)
[2026-06-17T09:57:43.130+0800][50.646s][info][gc             ] GC(2041) Pause Young (Allocation Failure) 45M->38M(57M) 3.481ms
[2026-06-17T09:57:43.130+0800][50.646s][info][gc,cpu         ] GC(2041) User=0.00s Sys=0.00s Real=0.00s
[2026-06-17T09:57:43.152+0800][50.668s][info][gc,start       ] GC(2042) Pause Young (Allocation Failure)
[2026-06-17T09:57:43.153+0800][50.669s][info][gc,heap        ] GC(2042) PSYoungGen: 11001K(14336K)->2105K(14336K) Eden: 7164K(7168K)->0K(7168K) From: 3837K(7168K)->2105K(7168K)
[2026-06-17T09:57:43.153+0800][50.669s][info][gc,heap        ] GC(2042) ParOldGen: 35273K(44032K)->37242K(44032K)
[2026-06-17T09:57:43.153+0800][50.669s][info][gc,metaspace   ] GC(2042) Metaspace: 157K(384K)->157K(384K) NonClass: 153K(256K)->153K(256K) Class: 4K(128K)->4K(128K)
[2026-06-17T09:57:43.154+0800][50.670s][info][gc             ] GC(2042) Pause Young (Allocation Failure) 45M->38M(57M) 1.880ms
[2026-06-17T09:57:43.154+0800][50.670s][info][gc,cpu         ] GC(2042) User=0.01s Sys=0.00s Real=0.00s
[2026-06-17T09:57:43.165+0800][50.681s][info][gc,start       ] GC(2043) Pause Young (Allocation Failure)
[2026-06-17T09:57:43.167+0800][50.683s][info][gc,heap        ] GC(2043) PSYoungGen: 9273K(14336K)->4235K(14336K) Eden: 7168K(7168K)->0K(7168K) From: 2105K(7168K)->4235K(7168K)
[2026-06-17T09:57:43.168+0800][50.684s][info][gc,heap        ] GC(2043) ParOldGen: 37242K(44032K)->38949K(44032K)
[2026-06-17T09:57:43.168+0800][50.684s][info][gc,metaspace   ] GC(2043) Metaspace: 157K(384K)->157K(384K) NonClass: 153K(256K)->153K(256K) Class: 4K(128K)->4K(128K)
[2026-06-17T09:57:43.169+0800][50.685s][info][gc             ] GC(2043) Pause Young (Allocation Failure) 45M->42M(57M) 3.658ms
[2026-06-17T09:57:43.169+0800][50.685s][info][gc,cpu         ] GC(2043) User=0.00s Sys=0.00s Real=0.00s
[2026-06-17T09:57:43.191+0800][50.707s][info][gc,start       ] GC(2044) Pause Young (Allocation Failure)
[2026-06-17T09:57:43.193+0800][50.709s][info][gc,heap        ] GC(2044) PSYoungGen: 11362K(14336K)->2529K(14336K) Eden: 7126K(7168K)->0K(7168K) From: 4235K(7168K)->2529K(7168K)
[2026-06-17T09:57:43.193+0800][50.709s][info][gc,heap        ] GC(2044) ParOldGen: 38949K(44032K)->40868K(44032K)
[2026-06-17T09:57:43.193+0800][50.709s][info][gc,metaspace   ] GC(2044) Metaspace: 157K(384K)->157K(384K) NonClass: 153K(256K)->153K(256K) Class: 4K(128K)->4K(128K)
[2026-06-17T09:57:43.194+0800][50.710s][info][gc             ] GC(2044) Pause Young (Allocation Failure) 49M->42M(57M) 2.750ms
[2026-06-17T09:57:43.194+0800][50.710s][info][gc,cpu         ] GC(2044) User=0.00s Sys=0.00s Real=0.00s
[2026-06-17T09:57:43.216+0800][50.732s][info][gc,start       ] GC(2045) Pause Full (Ergonomics)
[2026-06-17T09:57:43.217+0800][50.733s][info][gc,phases,start] GC(2045) Marking Phase
[2026-06-17T09:57:43.219+0800][50.735s][info][gc,phases      ] GC(2045) Marking Phase 2.675ms
[2026-06-17T09:57:43.220+0800][50.736s][info][gc,phases,start] GC(2045) Summary Phase
[2026-06-17T09:57:43.220+0800][50.736s][info][gc,phases      ] GC(2045) Summary Phase 0.478ms
[2026-06-17T09:57:43.221+0800][50.737s][info][gc,phases,start] GC(2045) Adjust Roots
[2026-06-17T09:57:43.222+0800][50.738s][info][gc,phases      ] GC(2045) Adjust Roots 1.046ms
[2026-06-17T09:57:43.222+0800][50.738s][info][gc,phases,start] GC(2045) Compaction Phase
[2026-06-17T09:57:43.226+0800][50.742s][info][gc,phases      ] GC(2045) Compaction Phase 3.544ms
[2026-06-17T09:57:43.226+0800][50.742s][info][gc,phases,start] GC(2045) Post Compact
[2026-06-17T09:57:43.227+0800][50.743s][info][gc,phases      ] GC(2045) Post Compact 0.490ms
[2026-06-17T09:57:43.227+0800][50.743s][info][gc,heap        ] GC(2045) PSYoungGen: 9697K(14336K)->0K(14848K) Eden: 7168K(7168K)->0K(8192K) From: 2529K(7168K)->0K(6656K)
[2026-06-17T09:57:43.227+0800][50.743s][info][gc,heap        ] GC(2045) ParOldGen: 40868K(44032K)->24134K(44032K)
[2026-06-17T09:57:43.228+0800][50.744s][info][gc,metaspace   ] GC(2045) Metaspace: 157K(384K)->157K(384K) NonClass: 153K(256K)->153K(256K) Class: 4K(128K)->4K(128K)
[2026-06-17T09:57:43.228+0800][50.744s][info][gc             ] GC(2045) Pause Full (Ergonomics) 49M->23M(57M) 12.337ms
[2026-06-17T09:57:43.228+0800][50.744s][info][gc,cpu         ] GC(2045) User=0.01s Sys=0.00s Real=0.01s
[2026-06-17T09:57:43.240+0800][50.756s][info][gc,start       ] GC(2046) Pause Young (Allocation Failure)
[2026-06-17T09:57:43.241+0800][50.757s][info][gc,heap        ] GC(2046) PSYoungGen: 8120K(14848K)->4808K(13312K) Eden: 8120K(8192K)->0K(8192K) From: 0K(6656K)->4808K(5120K)
[2026-06-17T09:57:43.242+0800][50.758s][info][gc,heap        ] GC(2046) ParOldGen: 24134K(44032K)->24134K(44032K)
[2026-06-17T09:57:43.242+0800][50.758s][info][gc,metaspace   ] GC(2046) Metaspace: 157K(384K)->157K(384K) NonClass: 153K(256K)->153K(256K) Class: 4K(128K)->4K(128K)
[2026-06-17T09:57:43.242+0800][50.758s][info][gc             ] GC(2046) Pause Young (Allocation Failure) 31M->28M(56M) 2.597ms
[2026-06-17T09:57:43.243+0800][50.759s][info][gc,cpu         ] GC(2046) User=0.00s Sys=0.00s Real=0.01s
[2026-06-17T09:57:43.275+0800][50.791s][info][gc,start       ] GC(2047) Pause Young (Allocation Failure)
[2026-06-17T09:57:43.277+0800][50.793s][info][gc,heap        ] GC(2047) PSYoungGen: 13000K(13312K)->912K(14336K) Eden: 8191K(8192K)->0K(7168K) From: 4808K(5120K)->912K(7168K)
[2026-06-17T09:57:43.279+0800][50.795s][info][gc,heap        ] GC(2047) ParOldGen: 24134K(44032K)->28900K(44032K)
[2026-06-17T09:57:43.282+0800][50.798s][info][gc,metaspace   ] GC(2047) Metaspace: 157K(384K)->157K(384K) NonClass: 153K(256K)->153K(256K) Class: 4K(128K)->4K(128K)
[2026-06-17T09:57:43.283+0800][50.799s][info][gc             ] GC(2047) Pause Young (Allocation Failure) 36M->29M(57M) 8.184ms
[2026-06-17T09:57:43.284+0800][50.800s][info][gc,cpu         ] GC(2047) User=0.00s Sys=0.00s Real=0.01s
[2026-06-17T09:57:43.295+0800][50.811s][info][gc,start       ] GC(2048) Pause Young (Allocation Failure)
[2026-06-17T09:57:43.297+0800][50.813s][info][gc,heap        ] GC(2048) PSYoungGen: 8067K(14336K)->4414K(14336K) Eden: 7155K(7168K)->0K(7168K) From: 912K(7168K)->4414K(7168K)
[2026-06-17T09:57:43.298+0800][50.814s][info][gc,heap        ] GC(2048) ParOldGen: 28900K(44032K)->29120K(44032K)
[2026-06-17T09:57:43.298+0800][50.814s][info][gc,metaspace   ] GC(2048) Metaspace: 157K(384K)->157K(384K) NonClass: 153K(256K)->153K(256K) Class: 4K(128K)->4K(128K)
[2026-06-17T09:57:43.299+0800][50.815s][info][gc             ] GC(2048) Pause Young (Allocation Failure) 36M->32M(57M) 3.479ms
[2026-06-17T09:57:43.299+0800][50.815s][info][gc,cpu         ] GC(2048) User=0.00s Sys=0.00s Real=0.00s
[2026-06-17T09:57:43.321+0800][50.837s][info][gc,start       ] GC(2049) Pause Young (Allocation Failure)
[2026-06-17T09:57:43.325+0800][50.841s][info][gc,heap        ] GC(2049) PSYoungGen: 11547K(14336K)->1534K(14336K) Eden: 7132K(7168K)->0K(7168K) From: 4414K(7168K)->1534K(7168K)
[2026-06-17T09:57:43.326+0800][50.842s][info][gc,heap        ] GC(2049) ParOldGen: 29120K(44032K)->32038K(44032K)
[2026-06-17T09:57:43.326+0800][50.842s][info][gc,metaspace   ] GC(2049) Metaspace: 157K(384K)->157K(384K) NonClass: 153K(256K)->153K(256K) Class: 4K(128K)->4K(128K)
[2026-06-17T09:57:43.327+0800][50.843s][info][gc             ] GC(2049) Pause Young (Allocation Failure) 39M->32M(57M) 5.797ms
[2026-06-17T09:57:43.328+0800][50.844s][info][gc,cpu         ] GC(2049) User=0.00s Sys=0.00s Real=0.01s
[2026-06-17T09:57:43.340+0800][50.856s][info][gc,start       ] GC(2050) Pause Young (Allocation Failure)
[2026-06-17T09:57:43.341+0800][50.857s][info][gc,heap        ] GC(2050) PSYoungGen: 8681K(14336K)->5392K(14336K) Eden: 7147K(7168K)->0K(7168K) From: 1534K(7168K)->5392K(7168K)
[2026-06-17T09:57:43.342+0800][50.858s][info][gc,heap        ] GC(2050) ParOldGen: 32038K(44032K)->32038K(44032K)
[2026-06-17T09:57:43.343+0800][50.859s][info][gc,metaspace   ] GC(2050) Metaspace: 157K(384K)->157K(384K) NonClass: 153K(256K)->153K(256K) Class: 4K(128K)->4K(128K)
[2026-06-17T09:57:43.343+0800][50.859s][info][gc             ] GC(2050) Pause Young (Allocation Failure) 39M->36M(57M) 3.910ms
[2026-06-17T09:57:43.344+0800][50.860s][info][gc,cpu         ] GC(2050) User=0.00s Sys=0.00s Real=0.01s
[2026-06-17T09:57:43.366+0800][50.882s][info][gc,start       ] GC(2051) Pause Young (Allocation Failure)
[2026-06-17T09:57:43.367+0800][50.883s][info][gc,heap        ] GC(2051) PSYoungGen: 12547K(14336K)->3474K(14336K) Eden: 7155K(7168K)->0K(7168K) From: 5392K(7168K)->3474K(7168K)
[2026-06-17T09:57:43.368+0800][50.884s][info][gc,heap        ] GC(2051) ParOldGen: 32038K(44032K)->34174K(44032K)
[2026-06-17T09:57:43.368+0800][50.884s][info][gc,metaspace   ] GC(2051) Metaspace: 157K(384K)->157K(384K) NonClass: 153K(256K)->153K(256K) Class: 4K(128K)->4K(128K)
[2026-06-17T09:57:43.368+0800][50.884s][info][gc             ] GC(2051) Pause Young (Allocation Failure) 43M->36M(57M) 1.743ms
[2026-06-17T09:57:43.368+0800][50.884s][info][gc,cpu         ] GC(2051) User=0.00s Sys=0.00s Real=0.00s
[2026-06-17T09:57:43.390+0800][50.906s][info][gc,start       ] GC(2052) Pause Young (Allocation Failure)
[2026-06-17T09:57:43.390+0800][50.906s][info][gc,heap        ] GC(2052) PSYoungGen: 10633K(14336K)->3738K(14336K) Eden: 7159K(7168K)->0K(7168K) From: 3474K(7168K)->3738K(7168K)
[2026-06-17T09:57:43.391+0800][50.907s][info][gc,heap        ] GC(2052) ParOldGen: 34174K(44032K)->34174K(44032K)
[2026-06-17T09:57:43.391+0800][50.907s][info][gc,metaspace   ] GC(2052) Metaspace: 157K(384K)->157K(384K) NonClass: 153K(256K)->153K(256K) Class: 4K(128K)->4K(128K)
[2026-06-17T09:57:43.391+0800][50.907s][info][gc             ] GC(2052) Pause Young (Allocation Failure) 43M->37M(57M) 1.624ms
[2026-06-17T09:57:43.391+0800][50.907s][info][gc,cpu         ] GC(2052) User=0.00s Sys=0.00s Real=0.01s
[2026-06-17T09:57:43.402+0800][50.918s][info][gc,start       ] GC(2053) Pause Young (Allocation Failure)
[2026-06-17T09:57:43.403+0800][50.919s][info][gc,heap        ] GC(2053) PSYoungGen: 10660K(14336K)->1959K(14336K) Eden: 6922K(7168K)->0K(7168K) From: 3738K(7168K)->1959K(7168K)
[2026-06-17T09:57:43.403+0800][50.919s][info][gc,heap        ] GC(2053) ParOldGen: 34174K(44032K)->36050K(44032K)
[2026-06-17T09:57:43.404+0800][50.920s][info][gc,metaspace   ] GC(2053) Metaspace: 157K(384K)->157K(384K) NonClass: 153K(256K)->153K(256K) Class: 4K(128K)->4K(128K)
[2026-06-17T09:57:43.404+0800][50.920s][info][gc             ] GC(2053) Pause Young (Allocation Failure) 43M->37M(57M) 1.572ms
[2026-06-17T09:57:43.404+0800][50.920s][info][gc,cpu         ] GC(2053) User=0.00s Sys=0.00s Real=0.01s
[2026-06-17T09:57:43.425+0800][50.941s][info][gc,start       ] GC(2054) Pause Young (Allocation Failure)
[2026-06-17T09:57:43.426+0800][50.942s][info][gc,heap        ] GC(2054) PSYoungGen: 9083K(14336K)->3711K(14336K) Eden: 7123K(7168K)->0K(7168K) From: 1959K(7168K)->3711K(7168K)
[2026-06-17T09:57:43.427+0800][50.943s][info][gc,heap        ] GC(2054) ParOldGen: 36050K(44032K)->37985K(44032K)
[2026-06-17T09:57:43.427+0800][50.943s][info][gc,metaspace   ] GC(2054) Metaspace: 157K(384K)->157K(384K) NonClass: 153K(256K)->153K(256K) Class: 4K(128K)->4K(128K)
[2026-06-17T09:57:43.427+0800][50.943s][info][gc             ] GC(2054) Pause Young (Allocation Failure) 44M->40M(57M) 1.546ms
[2026-06-17T09:57:43.427+0800][50.943s][info][gc,cpu         ] GC(2054) User=0.00s Sys=0.00s Real=0.00s
[2026-06-17T09:57:43.448+0800][50.964s][info][gc,start       ] GC(2055) Pause Young (Allocation Failure)
[2026-06-17T09:57:43.449+0800][50.965s][info][gc,heap        ] GC(2055) PSYoungGen: 10830K(14336K)->3746K(14848K) Eden: 7119K(7168K)->0K(8192K) From: 3711K(7168K)->3746K(6656K)
[2026-06-17T09:57:43.449+0800][50.965s][info][gc,heap        ] GC(2055) ParOldGen: 37985K(44032K)->37985K(44032K)
[2026-06-17T09:57:43.450+0800][50.966s][info][gc,metaspace   ] GC(2055) Metaspace: 157K(384K)->157K(384K) NonClass: 153K(256K)->153K(256K) Class: 4K(128K)->4K(128K)
[2026-06-17T09:57:43.450+0800][50.966s][info][gc             ] GC(2055) Pause Young (Allocation Failure) 47M->40M(57M) 1.633ms
[2026-06-17T09:57:43.450+0800][50.966s][info][gc,cpu         ] GC(2055) User=0.00s Sys=0.00s Real=0.00s
[2026-06-17T09:57:43.471+0800][50.987s][info][gc,start       ] GC(2056) Pause Young (Allocation Failure)
[2026-06-17T09:57:43.473+0800][50.989s][info][gc,heap        ] GC(2056) PSYoungGen: 11902K(14848K)->5050K(14848K) Eden: 8156K(8192K)->0K(8192K) From: 3746K(6656K)->5050K(6656K)
[2026-06-17T09:57:43.474+0800][50.990s][info][gc,heap        ] GC(2056) ParOldGen: 37985K(44032K)->37985K(44032K)
[2026-06-17T09:57:43.476+0800][50.992s][info][gc,metaspace   ] GC(2056) Metaspace: 157K(384K)->157K(384K) NonClass: 153K(256K)->153K(256K) Class: 4K(128K)->4K(128K)
[2026-06-17T09:57:43.478+0800][50.994s][info][gc             ] GC(2056) Pause Young (Allocation Failure) 48M->42M(57M) 6.351ms
[2026-06-17T09:57:43.478+0800][50.994s][info][gc,cpu         ] GC(2056) User=0.00s Sys=0.00s Real=0.00s
[2026-06-17T09:57:43.501+0800][51.017s][info][gc,start       ] GC(2057) Pause Young (Allocation Failure)
[2026-06-17T09:57:43.502+0800][51.018s][info][gc,heap        ] GC(2057) PSYoungGen: 13238K(14848K)->6534K(13824K) Eden: 8187K(8192K)->0K(7168K) From: 5050K(6656K)->6534K(6656K)
[2026-06-17T09:57:43.502+0800][51.018s][info][gc,heap        ] GC(2057) ParOldGen: 37985K(44032K)->37985K(44032K)
[2026-06-17T09:57:43.502+0800][51.018s][info][gc,metaspace   ] GC(2057) Metaspace: 157K(384K)->157K(384K) NonClass: 153K(256K)->153K(256K) Class: 4K(128K)->4K(128K)
[2026-06-17T09:57:43.503+0800][51.019s][info][gc             ] GC(2057) Pause Young (Allocation Failure) 50M->43M(56M) 2.076ms
[2026-06-17T09:57:43.503+0800][51.019s][info][gc,cpu         ] GC(2057) User=0.00s Sys=0.00s Real=0.01s
[2026-06-17T09:57:43.514+0800][51.030s][info][gc,start       ] GC(2058) Pause Young (Allocation Failure)
[2026-06-17T09:57:43.515+0800][51.031s][info][gc,heap        ] GC(2058) PSYoungGen: 13562K(13824K)->4512K(14336K) Eden: 7028K(7168K)->0K(7168K) From: 6534K(6656K)->4512K(7168K)
[2026-06-17T09:57:43.516+0800][51.032s][info][gc,heap        ] GC(2058) ParOldGen: 37985K(44032K)->40191K(44032K)
[2026-06-17T09:57:43.516+0800][51.032s][info][gc,metaspace   ] GC(2058) Metaspace: 157K(384K)->157K(384K) NonClass: 153K(256K)->153K(256K) Class: 4K(128K)->4K(128K)
[2026-06-17T09:57:43.516+0800][51.032s][info][gc             ] GC(2058) Pause Young (Allocation Failure) 50M->43M(57M) 1.956ms
[2026-06-17T09:57:43.516+0800][51.032s][info][gc,cpu         ] GC(2058) User=0.00s Sys=0.00s Real=0.00s
[2026-06-17T09:57:43.537+0800][51.053s][info][gc,start       ] GC(2059) Pause Young (Allocation Failure)
[2026-06-17T09:57:43.539+0800][51.055s][info][gc,heap        ] GC(2059) PSYoungGen: 11649K(14336K)->5993K(14336K) Eden: 7137K(7168K)->0K(7168K) From: 4512K(7168K)->5993K(7168K)
[2026-06-17T09:57:43.539+0800][51.055s][info][gc,heap        ] GC(2059) ParOldGen: 40191K(44032K)->42285K(44032K)
[2026-06-17T09:57:43.540+0800][51.056s][info][gc,metaspace   ] GC(2059) Metaspace: 157K(384K)->157K(384K) NonClass: 153K(256K)->153K(256K) Class: 4K(128K)->4K(128K)
[2026-06-17T09:57:43.540+0800][51.056s][info][gc             ] GC(2059) Pause Young (Allocation Failure) 50M->47M(57M) 2.563ms
[2026-06-17T09:57:43.540+0800][51.056s][info][gc,cpu         ] GC(2059) User=0.00s Sys=0.00s Real=0.00s
[2026-06-17T09:57:43.562+0800][51.078s][info][gc,start       ] GC(2060) Pause Full (Ergonomics)
[2026-06-17T09:57:43.563+0800][51.079s][info][gc,phases,start] GC(2060) Marking Phase
[2026-06-17T09:57:43.565+0800][51.081s][info][gc,phases      ] GC(2060) Marking Phase 2.765ms
[2026-06-17T09:57:43.566+0800][51.082s][info][gc,phases,start] GC(2060) Summary Phase
[2026-06-17T09:57:43.568+0800][51.084s][info][gc,phases      ] GC(2060) Summary Phase 1.973ms
[2026-06-17T09:57:43.569+0800][51.085s][info][gc,phases,start] GC(2060) Adjust Roots
[2026-06-17T09:57:43.571+0800][51.087s][info][gc,phases      ] GC(2060) Adjust Roots 2.213ms
[2026-06-17T09:57:43.573+0800][51.089s][info][gc,phases,start] GC(2060) Compaction Phase
[2026-06-17T09:57:43.576+0800][51.092s][info][gc,phases      ] GC(2060) Compaction Phase 2.575ms
[2026-06-17T09:57:43.578+0800][51.094s][info][gc,phases,start] GC(2060) Post Compact
[2026-06-17T09:57:43.578+0800][51.094s][info][gc,phases      ] GC(2060) Post Compact 0.395ms
[2026-06-17T09:57:43.579+0800][51.095s][info][gc,heap        ] GC(2060) PSYoungGen: 13154K(14336K)->0K(14336K) Eden: 7161K(7168K)->0K(7168K) From: 5993K(7168K)->0K(7168K)
[2026-06-17T09:57:43.579+0800][51.095s][info][gc,heap        ] GC(2060) ParOldGen: 42285K(44032K)->25519K(44032K)
[2026-06-17T09:57:43.579+0800][51.095s][info][gc,metaspace   ] GC(2060) Metaspace: 157K(384K)->157K(384K) NonClass: 153K(256K)->153K(256K) Class: 4K(128K)->4K(128K)
[2026-06-17T09:57:43.579+0800][51.095s][info][gc             ] GC(2060) Pause Full (Ergonomics) 54M->24M(57M) 17.541ms
[2026-06-17T09:57:43.579+0800][51.095s][info][gc,cpu         ] GC(2060) User=0.00s Sys=0.01s Real=0.02s
[2026-06-17T09:57:43.601+0800][51.117s][info][gc,start       ] GC(2061) Pause Young (Allocation Failure)
[2026-06-17T09:57:43.603+0800][51.119s][info][gc,heap        ] GC(2061) PSYoungGen: 7129K(14336K)->3761K(14336K) Eden: 7129K(7168K)->0K(7168K) From: 0K(7168K)->3761K(7168K)
[2026-06-17T09:57:43.603+0800][51.119s][info][gc,heap        ] GC(2061) ParOldGen: 25519K(44032K)->25519K(44032K)
[2026-06-17T09:57:43.604+0800][51.120s][info][gc,metaspace   ] GC(2061) Metaspace: 157K(384K)->157K(384K) NonClass: 153K(256K)->153K(256K) Class: 4K(128K)->4K(128K)
[2026-06-17T09:57:43.604+0800][51.120s][info][gc             ] GC(2061) Pause Young (Allocation Failure) 31M->28M(57M) 3.173ms
[2026-06-17T09:57:43.604+0800][51.120s][info][gc,cpu         ] GC(2061) User=0.00s Sys=0.00s Real=0.01s
[2026-06-17T09:57:43.616+0800][51.132s][info][gc,start       ] GC(2062) Pause Young (Allocation Failure)
[2026-06-17T09:57:43.619+0800][51.135s][info][gc,heap        ] GC(2062) PSYoungGen: 10877K(14336K)->4623K(14336K) Eden: 7116K(7168K)->0K(7168K) From: 3761K(7168K)->4623K(7168K)
[2026-06-17T09:57:43.620+0800][51.136s][info][gc,heap        ] GC(2062) ParOldGen: 25519K(44032K)->28090K(44032K)
[2026-06-17T09:57:43.621+0800][51.137s][info][gc,metaspace   ] GC(2062) Metaspace: 157K(384K)->157K(384K) NonClass: 153K(256K)->153K(256K) Class: 4K(128K)->4K(128K)
[2026-06-17T09:57:43.621+0800][51.137s][info][gc             ] GC(2062) Pause Young (Allocation Failure) 35M->31M(57M) 5.222ms
[2026-06-17T09:57:43.622+0800][51.138s][info][gc,cpu         ] GC(2062) User=0.00s Sys=0.00s Real=0.00s
[2026-06-17T09:57:43.644+0800][51.160s][info][gc,start       ] GC(2063) Pause Young (Allocation Failure)
[2026-06-17T09:57:43.646+0800][51.162s][info][gc,heap        ] GC(2063) PSYoungGen: 11744K(14336K)->2266K(14336K) Eden: 7120K(7168K)->0K(7168K) From: 4623K(7168K)->2266K(7168K)
[2026-06-17T09:57:43.647+0800][51.163s][info][gc,heap        ] GC(2063) ParOldGen: 28090K(44032K)->30518K(44032K)
[2026-06-17T09:57:43.647+0800][51.163s][info][gc,metaspace   ] GC(2063) Metaspace: 157K(384K)->157K(384K) NonClass: 153K(256K)->153K(256K) Class: 4K(128K)->4K(128K)
[2026-06-17T09:57:43.648+0800][51.164s][info][gc             ] GC(2063) Pause Young (Allocation Failure) 38M->32M(57M) 3.574ms
[2026-06-17T09:57:43.648+0800][51.164s][info][gc,cpu         ] GC(2063) User=0.00s Sys=0.00s Real=0.00s
[2026-06-17T09:57:43.670+0800][51.186s][info][gc,start       ] GC(2064) Pause Young (Allocation Failure)
[2026-06-17T09:57:43.672+0800][51.188s][info][gc,heap        ] GC(2064) PSYoungGen: 9434K(14336K)->2385K(14336K) Eden: 7168K(7168K)->0K(7168K) From: 2266K(7168K)->2385K(7168K)
[2026-06-17T09:57:43.673+0800][51.189s][info][gc,heap        ] GC(2064) ParOldGen: 30518K(44032K)->30518K(44032K)
[2026-06-17T09:57:43.674+0800][51.190s][info][gc,metaspace   ] GC(2064) Metaspace: 157K(384K)->157K(384K) NonClass: 153K(256K)->153K(256K) Class: 4K(128K)->4K(128K)
[2026-06-17T09:57:43.675+0800][51.191s][info][gc             ] GC(2064) Pause Young (Allocation Failure) 39M->32M(57M) 4.237ms
[2026-06-17T09:57:43.675+0800][51.191s][info][gc,cpu         ] GC(2064) User=0.00s Sys=0.00s Real=0.01s
[2026-06-17T09:57:43.687+0800][51.203s][info][gc,start       ] GC(2065) Pause Young (Allocation Failure)
[2026-06-17T09:57:43.689+0800][51.205s][info][gc,heap        ] GC(2065) PSYoungGen: 9412K(14336K)->559K(14336K) Eden: 7027K(7168K)->0K(7168K) From: 2385K(7168K)->559K(7168K)
[2026-06-17T09:57:43.690+0800][51.206s][info][gc,heap        ] GC(2065) ParOldGen: 30518K(44032K)->32745K(44032K)
[2026-06-17T09:57:43.690+0800][51.206s][info][gc,metaspace   ] GC(2065) Metaspace: 157K(384K)->157K(384K) NonClass: 153K(256K)->153K(256K) Class: 4K(128K)->4K(128K)
[2026-06-17T09:57:43.692+0800][51.208s][info][gc             ] GC(2065) Pause Young (Allocation Failure) 38M->32M(57M) 5.085ms
[2026-06-17T09:57:43.693+0800][51.209s][info][gc,cpu         ] GC(2065) User=0.00s Sys=0.00s Real=0.01s
[2026-06-17T09:57:43.715+0800][51.231s][info][gc,start       ] GC(2066) Pause Young (Allocation Failure)
[2026-06-17T09:57:43.717+0800][51.233s][info][gc,heap        ] GC(2066) PSYoungGen: 7704K(14336K)->3905K(14336K) Eden: 7145K(7168K)->0K(7168K) From: 559K(7168K)->3905K(7168K)
[2026-06-17T09:57:43.718+0800][51.234s][info][gc,heap        ] GC(2066) ParOldGen: 32745K(44032K)->33280K(44032K)
[2026-06-17T09:57:43.718+0800][51.234s][info][gc,metaspace   ] GC(2066) Metaspace: 157K(384K)->157K(384K) NonClass: 153K(256K)->153K(256K) Class: 4K(128K)->4K(128K)
[2026-06-17T09:57:43.719+0800][51.235s][info][gc             ] GC(2066) Pause Young (Allocation Failure) 39M->36M(57M) 3.733ms
[2026-06-17T09:57:43.719+0800][51.235s][info][gc,cpu         ] GC(2066) User=0.00s Sys=0.00s Real=0.00s
[2026-06-17T09:57:43.742+0800][51.258s][info][gc,start       ] GC(2067) Pause Young (Allocation Failure)
[2026-06-17T09:57:43.744+0800][51.260s][info][gc,heap        ] GC(2067) PSYoungGen: 11065K(14336K)->2973K(14336K) Eden: 7160K(7168K)->0K(7168K) From: 3905K(7168K)->2973K(7168K)
[2026-06-17T09:57:43.745+0800][51.261s][info][gc,heap        ] GC(2067) ParOldGen: 33280K(44032K)->34750K(44032K)
[2026-06-17T09:57:43.745+0800][51.261s][info][gc,metaspace   ] GC(2067) Metaspace: 157K(384K)->157K(384K) NonClass: 153K(256K)->153K(256K) Class: 4K(128K)->4K(128K)
[2026-06-17T09:57:43.746+0800][51.262s][info][gc             ] GC(2067) Pause Young (Allocation Failure) 43M->36M(57M) 3.977ms
[2026-06-17T09:57:43.746+0800][51.262s][info][gc,cpu         ] GC(2067) User=0.00s Sys=0.01s Real=0.01s
[2026-06-17T09:57:43.758+0800][51.274s][info][gc,start       ] GC(2068) Pause Young (Allocation Failure)
[2026-06-17T09:57:43.760+0800][51.276s][info][gc,heap        ] GC(2068) PSYoungGen: 10102K(14336K)->4627K(14336K) Eden: 7129K(7168K)->0K(7168K) From: 2973K(7168K)->4627K(7168K)
[2026-06-17T09:57:43.762+0800][51.278s][info][gc,heap        ] GC(2068) ParOldGen: 34750K(44032K)->36528K(44032K)
[2026-06-17T09:57:43.762+0800][51.278s][info][gc,metaspace   ] GC(2068) Metaspace: 157K(384K)->157K(384K) NonClass: 153K(256K)->153K(256K) Class: 4K(128K)->4K(128K)
[2026-06-17T09:57:43.763+0800][51.279s][info][gc             ] GC(2068) Pause Young (Allocation Failure) 43M->40M(57M) 4.837ms
[2026-06-17T09:57:43.763+0800][51.279s][info][gc,cpu         ] GC(2068) User=0.00s Sys=0.00s Real=0.01s
[2026-06-17T09:57:43.785+0800][51.301s][info][gc,start       ] GC(2069) Pause Young (Allocation Failure)
[2026-06-17T09:57:43.787+0800][51.303s][info][gc,heap        ] GC(2069) PSYoungGen: 11783K(14336K)->3715K(14336K) Eden: 7156K(7168K)->0K(7168K) From: 4627K(7168K)->3715K(7168K)
[2026-06-17T09:57:43.788+0800][51.304s][info][gc,heap        ] GC(2069) ParOldGen: 36528K(44032K)->37639K(44032K)
[2026-06-17T09:57:43.788+0800][51.304s][info][gc,metaspace   ] GC(2069) Metaspace: 157K(384K)->157K(384K) NonClass: 153K(256K)->153K(256K) Class: 4K(128K)->4K(128K)
[2026-06-17T09:57:43.789+0800][51.305s][info][gc             ] GC(2069) Pause Young (Allocation Failure) 47M->40M(57M) 3.456ms
[2026-06-17T09:57:43.789+0800][51.305s][info][gc,cpu         ] GC(2069) User=0.00s Sys=0.00s Real=0.00s
[2026-06-17T09:57:43.810+0800][51.326s][info][gc,start       ] GC(2070) Pause Young (Allocation Failure)
[2026-06-17T09:57:43.812+0800][51.328s][info][gc,heap        ] GC(2070) PSYoungGen: 10870K(14336K)->2509K(14336K) Eden: 7154K(7168K)->0K(7168K) From: 3715K(7168K)->2509K(7168K)
[2026-06-17T09:57:43.812+0800][51.328s][info][gc,heap        ] GC(2070) ParOldGen: 37639K(44032K)->39617K(44032K)
[2026-06-17T09:57:43.812+0800][51.328s][info][gc,metaspace   ] GC(2070) Metaspace: 157K(384K)->157K(384K) NonClass: 153K(256K)->153K(256K) Class: 4K(128K)->4K(128K)
[2026-06-17T09:57:43.813+0800][51.329s][info][gc             ] GC(2070) Pause Young (Allocation Failure) 47M->41M(57M) 2.166ms
[2026-06-17T09:57:43.813+0800][51.329s][info][gc,cpu         ] GC(2070) User=0.00s Sys=0.00s Real=0.00s
[2026-06-17T09:57:43.835+0800][51.351s][info][gc,start       ] GC(2071) Pause Young (Allocation Failure)
[2026-06-17T09:57:43.836+0800][51.352s][info][gc,heap        ] GC(2071) PSYoungGen: 9632K(14336K)->2396K(14848K) Eden: 7122K(7168K)->0K(8192K) From: 2509K(7168K)->2396K(6656K)
[2026-06-17T09:57:43.837+0800][51.353s][info][gc,heap        ] GC(2071) ParOldGen: 39617K(44032K)->39617K(44032K)
[2026-06-17T09:57:43.837+0800][51.353s][info][gc,metaspace   ] GC(2071) Metaspace: 157K(384K)->157K(384K) NonClass: 153K(256K)->153K(256K) Class: 4K(128K)->4K(128K)
[2026-06-17T09:57:43.838+0800][51.354s][info][gc             ] GC(2071) Pause Young (Allocation Failure) 48M->41M(57M) 3.173ms
[2026-06-17T09:57:43.838+0800][51.354s][info][gc,cpu         ] GC(2071) User=0.00s Sys=0.00s Real=0.00s
[2026-06-17T09:57:43.850+0800][51.366s][info][gc,start       ] GC(2072) Pause Young (Allocation Failure)
[2026-06-17T09:57:43.851+0800][51.367s][info][gc,heap        ] GC(2072) PSYoungGen: 10235K(14848K)->1290K(14848K) Eden: 7839K(8192K)->0K(8192K) From: 2396K(6656K)->1290K(6656K)
[2026-06-17T09:57:43.852+0800][51.368s][info][gc,heap        ] GC(2072) ParOldGen: 39617K(44032K)->41612K(44032K)
[2026-06-17T09:57:43.852+0800][51.368s][info][gc,metaspace   ] GC(2072) Metaspace: 157K(384K)->157K(384K) NonClass: 153K(256K)->153K(256K) Class: 4K(128K)->4K(128K)
[2026-06-17T09:57:43.853+0800][51.369s][info][gc             ] GC(2072) Pause Young (Allocation Failure) 48M->41M(57M) 2.971ms
[2026-06-17T09:57:43.853+0800][51.369s][info][gc,cpu         ] GC(2072) User=0.00s Sys=0.00s Real=0.01s
[2026-06-17T09:57:43.885+0800][51.401s][info][gc,start       ] GC(2073) Pause Full (Ergonomics)
[2026-06-17T09:57:43.887+0800][51.403s][info][gc,phases,start] GC(2073) Marking Phase
[2026-06-17T09:57:43.890+0800][51.406s][info][gc,phases      ] GC(2073) Marking Phase 2.766ms
[2026-06-17T09:57:43.890+0800][51.406s][info][gc,phases,start] GC(2073) Summary Phase
[2026-06-17T09:57:43.891+0800][51.407s][info][gc,phases      ] GC(2073) Summary Phase 0.502ms
[2026-06-17T09:57:43.891+0800][51.407s][info][gc,phases,start] GC(2073) Adjust Roots
[2026-06-17T09:57:43.892+0800][51.408s][info][gc,phases      ] GC(2073) Adjust Roots 0.885ms
[2026-06-17T09:57:43.893+0800][51.409s][info][gc,phases,start] GC(2073) Compaction Phase
[2026-06-17T09:57:43.895+0800][51.411s][info][gc,phases      ] GC(2073) Compaction Phase 2.665ms
[2026-06-17T09:57:43.896+0800][51.412s][info][gc,phases,start] GC(2073) Post Compact
[2026-06-17T09:57:43.896+0800][51.412s][info][gc,phases      ] GC(2073) Post Compact 0.498ms
[2026-06-17T09:57:43.897+0800][51.413s][info][gc,heap        ] GC(2073) PSYoungGen: 9475K(14848K)->0K(14848K) Eden: 8185K(8192K)->0K(8192K) From: 1290K(6656K)->0K(6656K)
[2026-06-17T09:57:43.897+0800][51.413s][info][gc,heap        ] GC(2073) ParOldGen: 41612K(44032K)->29943K(44032K)
[2026-06-17T09:57:43.897+0800][51.413s][info][gc,metaspace   ] GC(2073) Metaspace: 157K(384K)->157K(384K) NonClass: 153K(256K)->153K(256K) Class: 4K(128K)->4K(128K)
[2026-06-17T09:57:43.897+0800][51.413s][info][gc             ] GC(2073) Pause Full (Ergonomics) 49M->29M(57M) 12.129ms
[2026-06-17T09:57:43.898+0800][51.414s][info][gc,cpu         ] GC(2073) User=0.01s Sys=0.00s Real=0.01s
[2026-06-17T09:57:43.909+0800][51.425s][info][gc,start       ] GC(2074) Pause Young (Allocation Failure)
[2026-06-17T09:57:43.911+0800][51.427s][info][gc,heap        ] GC(2074) PSYoungGen: 8192K(14848K)->6655K(14848K) Eden: 8192K(8192K)->0K(8192K) From: 0K(6656K)->6655K(6656K)
[2026-06-17T09:57:43.911+0800][51.427s][info][gc,heap        ] GC(2074) ParOldGen: 29943K(44032K)->31512K(44032K)
[2026-06-17T09:57:43.911+0800][51.427s][info][gc,metaspace   ] GC(2074) Metaspace: 157K(384K)->157K(384K) NonClass: 153K(256K)->153K(256K) Class: 4K(128K)->4K(128K)
[2026-06-17T09:57:43.912+0800][51.428s][info][gc             ] GC(2074) Pause Young (Allocation Failure) 37M->37M(57M) 2.578ms
[2026-06-17T09:57:43.912+0800][51.428s][info][gc,cpu         ] GC(2074) User=0.00s Sys=0.00s Real=0.01s
[2026-06-17T09:57:43.934+0800][51.450s][info][gc,start       ] GC(2075) Pause Young (Allocation Failure)
[2026-06-17T09:57:43.936+0800][51.452s][info][gc,heap        ] GC(2075) PSYoungGen: 14805K(14848K)->3585K(13824K) Eden: 8150K(8192K)->0K(7168K) From: 6655K(6656K)->3585K(6656K)
[2026-06-17T09:57:43.937+0800][51.453s][info][gc,heap        ] GC(2075) ParOldGen: 31512K(44032K)->35501K(44032K)
[2026-06-17T09:57:43.937+0800][51.453s][info][gc,metaspace   ] GC(2075) Metaspace: 157K(384K)->157K(384K) NonClass: 153K(256K)->153K(256K) Class: 4K(128K)->4K(128K)
[2026-06-17T09:57:43.937+0800][51.453s][info][gc             ] GC(2075) Pause Young (Allocation Failure) 45M->38M(56M) 3.560ms
[2026-06-17T09:57:43.938+0800][51.454s][info][gc,cpu         ] GC(2075) User=0.01s Sys=0.00s Real=0.00s
[2026-06-17T09:57:43.960+0800][51.476s][info][gc,start       ] GC(2076) Pause Young (Allocation Failure)
[2026-06-17T09:57:43.963+0800][51.479s][info][gc,heap        ] GC(2076) PSYoungGen: 10739K(13824K)->3801K(14336K) Eden: 7154K(7168K)->0K(7168K) From: 3585K(6656K)->3801K(7168K)
[2026-06-17T09:57:43.965+0800][51.481s][info][gc,heap        ] GC(2076) ParOldGen: 35501K(44032K)->35501K(44032K)
[2026-06-17T09:57:43.966+0800][51.482s][info][gc,metaspace   ] GC(2076) Metaspace: 157K(384K)->157K(384K) NonClass: 153K(256K)->153K(256K) Class: 4K(128K)->4K(128K)
[2026-06-17T09:57:43.967+0800][51.483s][info][gc             ] GC(2076) Pause Young (Allocation Failure) 45M->38M(57M) 6.214ms
[2026-06-17T09:57:43.967+0800][51.483s][info][gc,cpu         ] GC(2076) User=0.00s Sys=0.00s Real=0.01s
[2026-06-17T09:57:43.980+0800][51.496s][info][gc,start       ] GC(2077) Pause Young (Allocation Failure)
[2026-06-17T09:57:43.982+0800][51.498s][info][gc,heap        ] GC(2077) PSYoungGen: 10936K(14336K)->2031K(14336K) Eden: 7134K(7168K)->0K(7168K) From: 3801K(7168K)->2031K(7168K)
[2026-06-17T09:57:43.983+0800][51.499s][info][gc,heap        ] GC(2077) ParOldGen: 35501K(44032K)->37616K(44032K)
[2026-06-17T09:57:43.984+0800][51.500s][info][gc,metaspace   ] GC(2077) Metaspace: 157K(384K)->157K(384K) NonClass: 153K(256K)->153K(256K) Class: 4K(128K)->4K(128K)
[2026-06-17T09:57:43.984+0800][51.500s][info][gc             ] GC(2077) Pause Young (Allocation Failure) 45M->38M(57M) 4.373ms
[2026-06-17T09:57:43.985+0800][51.501s][info][gc,cpu         ] GC(2077) User=0.00s Sys=0.00s Real=0.01s
[2026-06-17T09:57:44.007+0800][51.523s][info][gc,start       ] GC(2078) Pause Young (Allocation Failure)
[2026-06-17T09:57:44.008+0800][51.524s][info][gc,heap        ] GC(2078) PSYoungGen: 9199K(14336K)->3877K(14336K) Eden: 7168K(7168K)->0K(7168K) From: 2031K(7168K)->3877K(7168K)
[2026-06-17T09:57:44.009+0800][51.525s][info][gc,heap        ] GC(2078) ParOldGen: 37616K(44032K)->39623K(44032K)
[2026-06-17T09:57:44.009+0800][51.525s][info][gc,metaspace   ] GC(2078) Metaspace: 157K(384K)->157K(384K) NonClass: 153K(256K)->153K(256K) Class: 4K(128K)->4K(128K)
[2026-06-17T09:57:44.010+0800][51.526s][info][gc             ] GC(2078) Pause Young (Allocation Failure) 45M->42M(57M) 3.456ms
[2026-06-17T09:57:44.011+0800][51.527s][info][gc,cpu         ] GC(2078) User=0.00s Sys=0.00s Real=0.01s
[2026-06-17T09:57:44.032+0800][51.548s][info][gc,start       ] GC(2079) Pause Young (Allocation Failure)
[2026-06-17T09:57:44.034+0800][51.550s][info][gc,heap        ] GC(2079) PSYoungGen: 10999K(14336K)->2407K(14848K) Eden: 7122K(7168K)->0K(8192K) From: 3877K(7168K)->2407K(6656K)
[2026-06-17T09:57:44.034+0800][51.550s][info][gc,heap        ] GC(2079) ParOldGen: 39623K(44032K)->41099K(44032K)
[2026-06-17T09:57:44.035+0800][51.551s][info][gc,metaspace   ] GC(2079) Metaspace: 157K(384K)->157K(384K) NonClass: 153K(256K)->153K(256K) Class: 4K(128K)->4K(128K)
[2026-06-17T09:57:44.035+0800][51.551s][info][gc             ] GC(2079) Pause Young (Allocation Failure) 49M->42M(57M) 3.318ms
[2026-06-17T09:57:44.036+0800][51.552s][info][gc,cpu         ] GC(2079) User=0.00s Sys=0.00s Real=0.00s
[2026-06-17T09:57:44.058+0800][51.574s][info][gc,start       ] GC(2080) Pause Full (Ergonomics)
[2026-06-17T09:57:44.059+0800][51.575s][info][gc,phases,start] GC(2080) Marking Phase
[2026-06-17T09:57:44.061+0800][51.577s][info][gc,phases      ] GC(2080) Marking Phase 1.936ms
[2026-06-17T09:57:44.062+0800][51.578s][info][gc,phases,start] GC(2080) Summary Phase
[2026-06-17T09:57:44.062+0800][51.578s][info][gc,phases      ] GC(2080) Summary Phase 0.727ms
[2026-06-17T09:57:44.063+0800][51.579s][info][gc,phases,start] GC(2080) Adjust Roots
[2026-06-17T09:57:44.064+0800][51.580s][info][gc,phases      ] GC(2080) Adjust Roots 1.123ms
[2026-06-17T09:57:44.065+0800][51.581s][info][gc,phases,start] GC(2080) Compaction Phase
[2026-06-17T09:57:44.067+0800][51.583s][info][gc,phases      ] GC(2080) Compaction Phase 2.449ms
[2026-06-17T09:57:44.068+0800][51.584s][info][gc,phases,start] GC(2080) Post Compact
[2026-06-17T09:57:44.069+0800][51.585s][info][gc,phases      ] GC(2080) Post Compact 0.844ms
[2026-06-17T09:57:44.069+0800][51.585s][info][gc,heap        ] GC(2080) PSYoungGen: 10564K(14848K)->0K(14848K) Eden: 8157K(8192K)->0K(8192K) From: 2407K(6656K)->0K(6656K)
[2026-06-17T09:57:44.070+0800][51.586s][info][gc,heap        ] GC(2080) ParOldGen: 41099K(44032K)->30734K(44032K)
[2026-06-17T09:57:44.071+0800][51.587s][info][gc,metaspace   ] GC(2080) Metaspace: 157K(384K)->157K(384K) NonClass: 153K(256K)->153K(256K) Class: 4K(128K)->4K(128K)
[2026-06-17T09:57:44.071+0800][51.587s][info][gc             ] GC(2080) Pause Full (Ergonomics) 50M->30M(57M) 13.205ms
[2026-06-17T09:57:44.072+0800][51.588s][info][gc,cpu         ] GC(2080) User=0.01s Sys=0.00s Real=0.02s
[2026-06-17T09:57:44.095+0800][51.611s][info][gc,start       ] GC(2081) Pause Young (Allocation Failure)
[2026-06-17T09:57:44.097+0800][51.613s][info][gc,heap        ] GC(2081) PSYoungGen: 8188K(14848K)->4508K(14848K) Eden: 8188K(8192K)->0K(8192K) From: 0K(6656K)->4508K(6656K)
[2026-06-17T09:57:44.098+0800][51.614s][info][gc,heap        ] GC(2081) ParOldGen: 30734K(44032K)->30734K(44032K)
[2026-06-17T09:57:44.100+0800][51.616s][info][gc,metaspace   ] GC(2081) Metaspace: 157K(384K)->157K(384K) NonClass: 153K(256K)->153K(256K) Class: 4K(128K)->4K(128K)
[2026-06-17T09:57:44.102+0800][51.618s][info][gc             ] GC(2081) Pause Young (Allocation Failure) 38M->34M(57M) 7.575ms
[2026-06-17T09:57:44.103+0800][51.619s][info][gc,cpu         ] GC(2081) User=0.00s Sys=0.00s Real=0.01s
[2026-06-17T09:57:44.115+0800][51.631s][info][gc,start       ] GC(2082) Pause Young (Allocation Failure)
[2026-06-17T09:57:44.117+0800][51.633s][info][gc,heap        ] GC(2082) PSYoungGen: 12565K(14848K)->5611K(13824K) Eden: 8056K(8192K)->0K(8192K) From: 4508K(6656K)->5611K(5632K)
[2026-06-17T09:57:44.117+0800][51.633s][info][gc,heap        ] GC(2082) ParOldGen: 30734K(44032K)->30734K(44032K)
[2026-06-17T09:57:44.118+0800][51.634s][info][gc,metaspace   ] GC(2082) Metaspace: 157K(384K)->157K(384K) NonClass: 153K(256K)->153K(256K) Class: 4K(128K)->4K(128K)
[2026-06-17T09:57:44.118+0800][51.634s][info][gc             ] GC(2082) Pause Young (Allocation Failure) 42M->35M(56M) 3.240ms
[2026-06-17T09:57:44.119+0800][51.635s][info][gc,cpu         ] GC(2082) User=0.00s Sys=0.00s Real=0.00s
[2026-06-17T09:57:44.152+0800][51.668s][info][gc,start       ] GC(2083) Pause Young (Allocation Failure)
[2026-06-17T09:57:44.154+0800][51.670s][info][gc,heap        ] GC(2083) PSYoungGen: 13789K(13824K)->6901K(14336K) Eden: 8178K(8192K)->0K(7168K) From: 5611K(5632K)->6901K(7168K)
[2026-06-17T09:57:44.155+0800][51.671s][info][gc,heap        ] GC(2083) ParOldGen: 30734K(44032K)->30734K(44032K)
[2026-06-17T09:57:44.156+0800][51.672s][info][gc,metaspace   ] GC(2083) Metaspace: 157K(384K)->157K(384K) NonClass: 153K(256K)->153K(256K) Class: 4K(128K)->4K(128K)
[2026-06-17T09:57:44.156+0800][51.672s][info][gc             ] GC(2083) Pause Young (Allocation Failure) 43M->36M(57M) 4.364ms
[2026-06-17T09:57:44.157+0800][51.673s][info][gc,cpu         ] GC(2083) User=0.00s Sys=0.00s Real=0.00s
[2026-06-17T09:57:44.169+0800][51.685s][info][gc,start       ] GC(2084) Pause Young (Allocation Failure)
[2026-06-17T09:57:44.171+0800][51.687s][info][gc,heap        ] GC(2084) PSYoungGen: 14039K(14336K)->5217K(14336K) Eden: 7137K(7168K)->0K(7168K) From: 6901K(7168K)->5217K(7168K)
[2026-06-17T09:57:44.172+0800][51.688s][info][gc,heap        ] GC(2084) ParOldGen: 30734K(44032K)->36294K(44032K)
[2026-06-17T09:57:44.172+0800][51.688s][info][gc,metaspace   ] GC(2084) Metaspace: 157K(384K)->157K(384K) NonClass: 153K(256K)->153K(256K) Class: 4K(128K)->4K(128K)
[2026-06-17T09:57:44.172+0800][51.688s][info][gc             ] GC(2084) Pause Young (Allocation Failure) 43M->40M(57M) 3.598ms
[2026-06-17T09:57:44.173+0800][51.689s][info][gc,cpu         ] GC(2084) User=0.00s Sys=0.01s Real=0.01s
[2026-06-17T09:57:44.194+0800][51.710s][info][gc,start       ] GC(2085) Pause Young (Allocation Failure)
[2026-06-17T09:57:44.196+0800][51.712s][info][gc,heap        ] GC(2085) PSYoungGen: 12378K(14336K)->2377K(14336K) Eden: 7161K(7168K)->0K(7168K) From: 5217K(7168K)->2377K(7168K)
[2026-06-17T09:57:44.198+0800][51.714s][info][gc,heap        ] GC(2085) ParOldGen: 36294K(44032K)->38901K(44032K)
[2026-06-17T09:57:44.199+0800][51.715s][info][gc,metaspace   ] GC(2085) Metaspace: 157K(384K)->157K(384K) NonClass: 153K(256K)->153K(256K) Class: 4K(128K)->4K(128K)
[2026-06-17T09:57:44.199+0800][51.715s][info][gc             ] GC(2085) Pause Young (Allocation Failure) 47M->40M(57M) 4.833ms
[2026-06-17T09:57:44.200+0800][51.716s][info][gc,cpu         ] GC(2085) User=0.00s Sys=0.00s Real=0.00s
[2026-06-17T09:57:44.222+0800][51.738s][info][gc,start       ] GC(2086) Pause Young (Allocation Failure)
[2026-06-17T09:57:44.224+0800][51.740s][info][gc,heap        ] GC(2086) PSYoungGen: 9545K(14336K)->3079K(14336K) Eden: 7168K(7168K)->0K(7168K) From: 2377K(7168K)->3079K(7168K)
[2026-06-17T09:57:44.225+0800][51.741s][info][gc,heap        ] GC(2086) ParOldGen: 38901K(44032K)->38901K(44032K)
[2026-06-17T09:57:44.227+0800][51.743s][info][gc,metaspace   ] GC(2086) Metaspace: 157K(384K)->157K(384K) NonClass: 153K(256K)->153K(256K) Class: 4K(128K)->4K(128K)
[2026-06-17T09:57:44.229+0800][51.745s][info][gc             ] GC(2086) Pause Young (Allocation Failure) 47M->40M(57M) 7.004ms
[2026-06-17T09:57:44.230+0800][51.746s][info][gc,cpu         ] GC(2086) User=0.00s Sys=0.00s Real=0.01s
[2026-06-17T09:57:44.242+0800][51.758s][info][gc,start       ] GC(2087) Pause Young (Allocation Failure)
[2026-06-17T09:57:44.244+0800][51.760s][info][gc,heap        ] GC(2087) PSYoungGen: 10181K(14336K)->1816K(14336K) Eden: 7101K(7168K)->0K(7168K) From: 3079K(7168K)->1816K(7168K)
[2026-06-17T09:57:44.245+0800][51.761s][info][gc,heap        ] GC(2087) ParOldGen: 38901K(44032K)->40425K(44032K)
[2026-06-17T09:57:44.246+0800][51.762s][info][gc,metaspace   ] GC(2087) Metaspace: 157K(384K)->157K(384K) NonClass: 153K(256K)->153K(256K) Class: 4K(128K)->4K(128K)
[2026-06-17T09:57:44.247+0800][51.763s][info][gc             ] GC(2087) Pause Young (Allocation Failure) 47M->41M(57M) 4.678ms
[2026-06-17T09:57:44.248+0800][51.764s][info][gc,cpu         ] GC(2087) User=0.00s Sys=0.00s Real=0.01s
[2026-06-17T09:57:44.271+0800][51.787s][info][gc,start       ] GC(2088) Pause Full (Ergonomics)
[2026-06-17T09:57:44.271+0800][51.787s][info][gc,phases,start] GC(2088) Marking Phase
[2026-06-17T09:57:44.274+0800][51.790s][info][gc,phases      ] GC(2088) Marking Phase 2.289ms
[2026-06-17T09:57:44.274+0800][51.790s][info][gc,phases,start] GC(2088) Summary Phase
[2026-06-17T09:57:44.275+0800][51.791s][info][gc,phases      ] GC(2088) Summary Phase 0.722ms
[2026-06-17T09:57:44.276+0800][51.792s][info][gc,phases,start] GC(2088) Adjust Roots
[2026-06-17T09:57:44.277+0800][51.793s][info][gc,phases      ] GC(2088) Adjust Roots 1.705ms
[2026-06-17T09:57:44.278+0800][51.794s][info][gc,phases,start] GC(2088) Compaction Phase
[2026-06-17T09:57:44.283+0800][51.799s][info][gc,phases      ] GC(2088) Compaction Phase 4.515ms
[2026-06-17T09:57:44.283+0800][51.799s][info][gc,phases,start] GC(2088) Post Compact
[2026-06-17T09:57:44.284+0800][51.800s][info][gc,phases      ] GC(2088) Post Compact 0.683ms
[2026-06-17T09:57:44.284+0800][51.800s][info][gc,heap        ] GC(2088) PSYoungGen: 8984K(14336K)->0K(14336K) Eden: 7168K(7168K)->0K(7168K) From: 1816K(7168K)->0K(7168K)
[2026-06-17T09:57:44.285+0800][51.801s][info][gc,heap        ] GC(2088) ParOldGen: 40425K(44032K)->25516K(44032K)
[2026-06-17T09:57:44.285+0800][51.801s][info][gc,metaspace   ] GC(2088) Metaspace: 157K(384K)->157K(384K) NonClass: 153K(256K)->153K(256K) Class: 4K(128K)->4K(128K)
[2026-06-17T09:57:44.286+0800][51.802s][info][gc             ] GC(2088) Pause Full (Ergonomics) 48M->24M(57M) 15.227ms
[2026-06-17T09:57:44.286+0800][51.802s][info][gc,cpu         ] GC(2088) User=0.02s Sys=0.00s Real=0.01s
[2026-06-17T09:57:44.308+0800][51.824s][info][gc,start       ] GC(2089) Pause Young (Allocation Failure)
[2026-06-17T09:57:44.310+0800][51.826s][info][gc,heap        ] GC(2089) PSYoungGen: 7119K(14336K)->3609K(14336K) Eden: 7119K(7168K)->0K(7168K) From: 0K(7168K)->3609K(7168K)
[2026-06-17T09:57:44.310+0800][51.826s][info][gc,heap        ] GC(2089) ParOldGen: 25516K(44032K)->25516K(44032K)
[2026-06-17T09:57:44.311+0800][51.827s][info][gc,metaspace   ] GC(2089) Metaspace: 157K(384K)->157K(384K) NonClass: 153K(256K)->153K(256K) Class: 4K(128K)->4K(128K)
[2026-06-17T09:57:44.312+0800][51.828s][info][gc             ] GC(2089) Pause Young (Allocation Failure) 31M->28M(57M) 4.131ms
[2026-06-17T09:57:44.313+0800][51.829s][info][gc,cpu         ] GC(2089) User=0.00s Sys=0.00s Real=0.01s
[2026-06-17T09:57:44.335+0800][51.851s][info][gc,start       ] GC(2090) Pause Young (Allocation Failure)
[2026-06-17T09:57:44.337+0800][51.853s][info][gc,heap        ] GC(2090) PSYoungGen: 10772K(14336K)->932K(14336K) Eden: 7162K(7168K)->0K(7168K) From: 3609K(7168K)->932K(7168K)
[2026-06-17T09:57:44.338+0800][51.854s][info][gc,heap        ] GC(2090) ParOldGen: 25516K(44032K)->28357K(44032K)
[2026-06-17T09:57:44.339+0800][51.855s][info][gc,metaspace   ] GC(2090) Metaspace: 157K(384K)->157K(384K) NonClass: 153K(256K)->153K(256K) Class: 4K(128K)->4K(128K)
[2026-06-17T09:57:44.339+0800][51.855s][info][gc             ] GC(2090) Pause Young (Allocation Failure) 35M->28M(57M) 4.139ms
[2026-06-17T09:57:44.340+0800][51.856s][info][gc,cpu         ] GC(2090) User=0.00s Sys=0.01s Real=0.00s
[2026-06-17T09:57:44.351+0800][51.867s][info][gc,start       ] GC(2091) Pause Young (Allocation Failure)
[2026-06-17T09:57:44.353+0800][51.869s][info][gc,heap        ] GC(2091) PSYoungGen: 8082K(14336K)->4659K(14336K) Eden: 7150K(7168K)->0K(7168K) From: 932K(7168K)->4659K(7168K)
[2026-06-17T09:57:44.354+0800][51.870s][info][gc,heap        ] GC(2091) ParOldGen: 28357K(44032K)->28357K(44032K)
[2026-06-17T09:57:44.354+0800][51.870s][info][gc,metaspace   ] GC(2091) Metaspace: 157K(384K)->157K(384K) NonClass: 153K(256K)->153K(256K) Class: 4K(128K)->4K(128K)
[2026-06-17T09:57:44.356+0800][51.872s][info][gc             ] GC(2091) Pause Young (Allocation Failure) 35M->32M(57M) 4.090ms
[2026-06-17T09:57:44.357+0800][51.873s][info][gc,cpu         ] GC(2091) User=0.00s Sys=0.00s Real=0.00s
[2026-06-17T09:57:44.380+0800][51.896s][info][gc,start       ] GC(2092) Pause Young (Allocation Failure)
[2026-06-17T09:57:44.382+0800][51.898s][info][gc,heap        ] GC(2092) PSYoungGen: 11827K(14336K)->2685K(14336K) Eden: 7168K(7168K)->0K(7168K) From: 4659K(7168K)->2685K(7168K)
[2026-06-17T09:57:44.383+0800][51.899s][info][gc,heap        ] GC(2092) ParOldGen: 28357K(44032K)->30322K(44032K)
[2026-06-17T09:57:44.383+0800][51.899s][info][gc,metaspace   ] GC(2092) Metaspace: 157K(384K)->157K(384K) NonClass: 153K(256K)->153K(256K) Class: 4K(128K)->4K(128K)
[2026-06-17T09:57:44.384+0800][51.900s][info][gc             ] GC(2092) Pause Young (Allocation Failure) 39M->32M(57M) 3.292ms
[2026-06-17T09:57:44.385+0800][51.901s][info][gc,cpu         ] GC(2092) User=0.00s Sys=0.00s Real=0.01s
[2026-06-17T09:57:44.407+0800][51.923s][info][gc,start       ] GC(2093) Pause Young (Allocation Failure)
[2026-06-17T09:57:44.408+0800][51.924s][info][gc,heap        ] GC(2093) PSYoungGen: 9800K(14336K)->2624K(14336K) Eden: 7114K(7168K)->0K(7168K) From: 2685K(7168K)->2624K(7168K)
[2026-06-17T09:57:44.409+0800][51.925s][info][gc,heap        ] GC(2093) ParOldGen: 30322K(44032K)->30322K(44032K)
[2026-06-17T09:57:44.409+0800][51.925s][info][gc,metaspace   ] GC(2093) Metaspace: 157K(384K)->157K(384K) NonClass: 153K(256K)->153K(256K) Class: 4K(128K)->4K(128K)
[2026-06-17T09:57:44.409+0800][51.925s][info][gc             ] GC(2093) Pause Young (Allocation Failure) 39M->32M(57M) 2.465ms
[2026-06-17T09:57:44.410+0800][51.926s][info][gc,cpu         ] GC(2093) User=0.00s Sys=0.00s Real=0.00s
[2026-06-17T09:57:44.421+0800][51.937s][info][gc,start       ] GC(2094) Pause Young (Allocation Failure)
[2026-06-17T09:57:44.422+0800][51.938s][info][gc,heap        ] GC(2094) PSYoungGen: 9705K(14336K)->3061K(14336K) Eden: 7081K(7168K)->0K(7168K) From: 2624K(7168K)->3061K(7168K)
[2026-06-17T09:57:44.423+0800][51.939s][info][gc,heap        ] GC(2094) ParOldGen: 30322K(44032K)->30322K(44032K)
[2026-06-17T09:57:44.423+0800][51.939s][info][gc,metaspace   ] GC(2094) Metaspace: 157K(384K)->157K(384K) NonClass: 153K(256K)->153K(256K) Class: 4K(128K)->4K(128K)
[2026-06-17T09:57:44.424+0800][51.940s][info][gc             ] GC(2094) Pause Young (Allocation Failure) 39M->32M(57M) 2.255ms
[2026-06-17T09:57:44.424+0800][51.940s][info][gc,cpu         ] GC(2094) User=0.00s Sys=0.00s Real=0.01s
[2026-06-17T09:57:44.445+0800][51.961s][info][gc,start       ] GC(2095) Pause Young (Allocation Failure)
[2026-06-17T09:57:44.447+0800][51.963s][info][gc,heap        ] GC(2095) PSYoungGen: 10199K(14336K)->6415K(13824K) Eden: 7138K(7168K)->0K(7168K) From: 3061K(7168K)->6415K(6656K)
[2026-06-17T09:57:44.447+0800][51.963s][info][gc,heap        ] GC(2095) ParOldGen: 30322K(44032K)->30322K(44032K)
[2026-06-17T09:57:44.448+0800][51.964s][info][gc,metaspace   ] GC(2095) Metaspace: 157K(384K)->157K(384K) NonClass: 153K(256K)->153K(256K) Class: 4K(128K)->4K(128K)
[2026-06-17T09:57:44.448+0800][51.964s][info][gc             ] GC(2095) Pause Young (Allocation Failure) 39M->35M(56M) 2.931ms
[2026-06-17T09:57:44.449+0800][51.965s][info][gc,cpu         ] GC(2095) User=0.00s Sys=0.00s Real=0.00s
[2026-06-17T09:57:44.470+0800][51.986s][info][gc,start       ] GC(2096) Pause Young (Allocation Failure)
[2026-06-17T09:57:44.472+0800][51.988s][info][gc,heap        ] GC(2096) PSYoungGen: 13527K(13824K)->4592K(14336K) Eden: 7112K(7168K)->0K(7168K) From: 6415K(6656K)->4592K(7168K)
[2026-06-17T09:57:44.472+0800][51.988s][info][gc,heap        ] GC(2096) ParOldGen: 30322K(44032K)->32237K(44032K)
[2026-06-17T09:57:44.473+0800][51.989s][info][gc,metaspace   ] GC(2096) Metaspace: 157K(384K)->157K(384K) NonClass: 153K(256K)->153K(256K) Class: 4K(128K)->4K(128K)
[2026-06-17T09:57:44.473+0800][51.989s][info][gc             ] GC(2096) Pause Young (Allocation Failure) 42M->35M(57M) 3.050ms
[2026-06-17T09:57:44.473+0800][51.989s][info][gc,cpu         ] GC(2096) User=0.01s Sys=0.00s Real=0.01s
[2026-06-17T09:57:44.485+0800][52.001s][info][gc,start       ] GC(2097) Pause Young (Allocation Failure)
[2026-06-17T09:57:44.486+0800][52.002s][info][gc,heap        ] GC(2097) PSYoungGen: 11741K(14336K)->6872K(14336K) Eden: 7148K(7168K)->0K(7168K) From: 4592K(7168K)->6872K(7168K)
[2026-06-17T09:57:44.487+0800][52.003s][info][gc,heap        ] GC(2097) ParOldGen: 32237K(44032K)->33613K(44032K)
[2026-06-17T09:57:44.487+0800][52.003s][info][gc,metaspace   ] GC(2097) Metaspace: 157K(384K)->157K(384K) NonClass: 153K(256K)->153K(256K) Class: 4K(128K)->4K(128K)
[2026-06-17T09:57:44.488+0800][52.004s][info][gc             ] GC(2097) Pause Young (Allocation Failure) 42M->39M(57M) 3.360ms
[2026-06-17T09:57:44.489+0800][52.005s][info][gc,cpu         ] GC(2097) User=0.00s Sys=0.00s Real=0.00s
[2026-06-17T09:57:44.511+0800][52.027s][info][gc,start       ] GC(2098) Pause Young (Allocation Failure)
[2026-06-17T09:57:44.513+0800][52.029s][info][gc,heap        ] GC(2098) PSYoungGen: 14027K(14336K)->3019K(14336K) Eden: 7154K(7168K)->0K(7168K) From: 6872K(7168K)->3019K(7168K)
[2026-06-17T09:57:44.514+0800][52.030s][info][gc,heap        ] GC(2098) ParOldGen: 33613K(44032K)->37378K(44032K)
[2026-06-17T09:57:44.515+0800][52.031s][info][gc,metaspace   ] GC(2098) Metaspace: 157K(384K)->157K(384K) NonClass: 153K(256K)->153K(256K) Class: 4K(128K)->4K(128K)
[2026-06-17T09:57:44.515+0800][52.031s][info][gc             ] GC(2098) Pause Young (Allocation Failure) 46M->39M(57M) 4.331ms
[2026-06-17T09:57:44.516+0800][52.032s][info][gc,cpu         ] GC(2098) User=0.00s Sys=0.00s Real=0.00s
[2026-06-17T09:57:44.538+0800][52.054s][info][gc,start       ] GC(2099) Pause Young (Allocation Failure)
[2026-06-17T09:57:44.539+0800][52.055s][info][gc,heap        ] GC(2099) PSYoungGen: 10174K(14336K)->824K(14336K) Eden: 7155K(7168K)->0K(7168K) From: 3019K(7168K)->824K(7168K)
[2026-06-17T09:57:44.540+0800][52.056s][info][gc,heap        ] GC(2099) ParOldGen: 37378K(44032K)->39582K(44032K)
[2026-06-17T09:57:44.541+0800][52.057s][info][gc,metaspace   ] GC(2099) Metaspace: 157K(384K)->157K(384K) NonClass: 153K(256K)->153K(256K) Class: 4K(128K)->4K(128K)
[2026-06-17T09:57:44.541+0800][52.057s][info][gc             ] GC(2099) Pause Young (Allocation Failure) 46M->39M(57M) 3.411ms
[2026-06-17T09:57:44.542+0800][52.058s][info][gc,cpu         ] GC(2099) User=0.00s Sys=0.00s Real=0.00s
[2026-06-17T09:57:44.554+0800][52.070s][info][gc,start       ] GC(2100) Pause Young (Allocation Failure)
[2026-06-17T09:57:44.556+0800][52.072s][info][gc,heap        ] GC(2100) PSYoungGen: 7968K(14336K)->4255K(14336K) Eden: 7144K(7168K)->0K(7168K) From: 824K(7168K)->4255K(7168K)
[2026-06-17T09:57:44.557+0800][52.073s][info][gc,heap        ] GC(2100) ParOldGen: 39582K(44032K)->39582K(44032K)
[2026-06-17T09:57:44.557+0800][52.073s][info][gc,metaspace   ] GC(2100) Metaspace: 157K(384K)->157K(384K) NonClass: 153K(256K)->153K(256K) Class: 4K(128K)->4K(128K)
[2026-06-17T09:57:44.558+0800][52.074s][info][gc             ] GC(2100) Pause Young (Allocation Failure) 46M->42M(57M) 4.383ms
[2026-06-17T09:57:44.559+0800][52.075s][info][gc,cpu         ] GC(2100) User=0.01s Sys=0.00s Real=0.00s
[2026-06-17T09:57:44.581+0800][52.097s][info][gc,start       ] GC(2101) Pause Young (Allocation Failure)
[2026-06-17T09:57:44.582+0800][52.098s][info][gc,heap        ] GC(2101) PSYoungGen: 11399K(14336K)->2617K(14336K) Eden: 7143K(7168K)->0K(7168K) From: 4255K(7168K)->2617K(7168K)
[2026-06-17T09:57:44.582+0800][52.098s][info][gc,heap        ] GC(2101) ParOldGen: 39582K(44032K)->41315K(44032K)
[2026-06-17T09:57:44.583+0800][52.099s][info][gc,metaspace   ] GC(2101) Metaspace: 157K(384K)->157K(384K) NonClass: 153K(256K)->153K(256K) Class: 4K(128K)->4K(128K)
[2026-06-17T09:57:44.584+0800][52.100s][info][gc             ] GC(2101) Pause Young (Allocation Failure) 49M->42M(57M) 2.989ms
[2026-06-17T09:57:44.584+0800][52.100s][info][gc,cpu         ] GC(2101) User=0.00s Sys=0.00s Real=0.01s
[2026-06-17T09:57:44.606+0800][52.122s][info][gc,start       ] GC(2102) Pause Full (Ergonomics)
[2026-06-17T09:57:44.607+0800][52.123s][info][gc,phases,start] GC(2102) Marking Phase
[2026-06-17T09:57:44.610+0800][52.126s][info][gc,phases      ] GC(2102) Marking Phase 2.277ms
[2026-06-17T09:57:44.610+0800][52.126s][info][gc,phases,start] GC(2102) Summary Phase
[2026-06-17T09:57:44.611+0800][52.127s][info][gc,phases      ] GC(2102) Summary Phase 0.502ms
[2026-06-17T09:57:44.611+0800][52.127s][info][gc,phases,start] GC(2102) Adjust Roots
[2026-06-17T09:57:44.612+0800][52.128s][info][gc,phases      ] GC(2102) Adjust Roots 0.656ms
[2026-06-17T09:57:44.612+0800][52.128s][info][gc,phases,start] GC(2102) Compaction Phase
[2026-06-17T09:57:44.614+0800][52.130s][info][gc,phases      ] GC(2102) Compaction Phase 2.076ms
[2026-06-17T09:57:44.615+0800][52.131s][info][gc,phases,start] GC(2102) Post Compact
[2026-06-17T09:57:44.616+0800][52.132s][info][gc,phases      ] GC(2102) Post Compact 0.903ms
[2026-06-17T09:57:44.617+0800][52.133s][info][gc,heap        ] GC(2102) PSYoungGen: 9776K(14336K)->0K(14336K) Eden: 7158K(7168K)->0K(7168K) From: 2617K(7168K)->0K(7168K)
[2026-06-17T09:57:44.617+0800][52.133s][info][gc,heap        ] GC(2102) ParOldGen: 41315K(44032K)->21518K(44032K)
[2026-06-17T09:57:44.618+0800][52.134s][info][gc,metaspace   ] GC(2102) Metaspace: 157K(384K)->157K(384K) NonClass: 153K(256K)->153K(256K) Class: 4K(128K)->4K(128K)
[2026-06-17T09:57:44.618+0800][52.134s][info][gc             ] GC(2102) Pause Full (Ergonomics) 49M->21M(57M) 11.918ms
[2026-06-17T09:57:44.619+0800][52.135s][info][gc,cpu         ] GC(2102) User=0.00s Sys=0.00s Real=0.01s
[2026-06-17T09:57:44.631+0800][52.147s][info][gc,start       ] GC(2103) Pause Young (Allocation Failure)
[2026-06-17T09:57:44.632+0800][52.148s][info][gc,heap        ] GC(2103) PSYoungGen: 6989K(14336K)->3534K(14336K) Eden: 6989K(7168K)->0K(7168K) From: 0K(7168K)->3534K(7168K)
[2026-06-17T09:57:44.633+0800][52.149s][info][gc,heap        ] GC(2103) ParOldGen: 21518K(44032K)->21518K(44032K)
[2026-06-17T09:57:44.633+0800][52.149s][info][gc,metaspace   ] GC(2103) Metaspace: 157K(384K)->157K(384K) NonClass: 153K(256K)->153K(256K) Class: 4K(128K)->4K(128K)
[2026-06-17T09:57:44.634+0800][52.150s][info][gc             ] GC(2103) Pause Young (Allocation Failure) 27M->24M(57M) 3.307ms
[2026-06-17T09:57:44.635+0800][52.151s][info][gc,cpu         ] GC(2103) User=0.01s Sys=0.00s Real=0.00s
[2026-06-17T09:57:44.656+0800][52.173s][info][gc,start       ] GC(2104) Pause Young (Allocation Failure)
[2026-06-17T09:57:44.658+0800][52.174s][info][gc,heap        ] GC(2104) PSYoungGen: 10640K(14336K)->3792K(14336K) Eden: 7105K(7168K)->0K(7168K) From: 3534K(7168K)->3792K(7168K)
[2026-06-17T09:57:44.659+0800][52.175s][info][gc,heap        ] GC(2104) ParOldGen: 21518K(44032K)->24996K(44032K)
[2026-06-17T09:57:44.659+0800][52.175s][info][gc,metaspace   ] GC(2104) Metaspace: 157K(384K)->157K(384K) NonClass: 153K(256K)->153K(256K) Class: 4K(128K)->4K(128K)
[2026-06-17T09:57:44.660+0800][52.176s][info][gc             ] GC(2104) Pause Young (Allocation Failure) 31M->28M(57M) 3.233ms
[2026-06-17T09:57:44.660+0800][52.176s][info][gc,cpu         ] GC(2104) User=0.00s Sys=0.00s Real=0.00s
[2026-06-17T09:57:44.682+0800][52.198s][info][gc,start       ] GC(2105) Pause Young (Allocation Failure)
[2026-06-17T09:57:44.683+0800][52.199s][info][gc,heap        ] GC(2105) PSYoungGen: 10917K(14336K)->3826K(14336K) Eden: 7125K(7168K)->0K(7168K) From: 3792K(7168K)->3826K(7168K)
[2026-06-17T09:57:44.684+0800][52.200s][info][gc,heap        ] GC(2105) ParOldGen: 24996K(44032K)->24996K(44032K)
[2026-06-17T09:57:44.684+0800][52.200s][info][gc,metaspace   ] GC(2105) Metaspace: 157K(384K)->157K(384K) NonClass: 153K(256K)->153K(256K) Class: 4K(128K)->4K(128K)
[2026-06-17T09:57:44.685+0800][52.201s][info][gc             ] GC(2105) Pause Young (Allocation Failure) 35M->28M(57M) 3.067ms
[2026-06-17T09:57:44.686+0800][52.202s][info][gc,cpu         ] GC(2105) User=0.00s Sys=0.00s Real=0.01s
[2026-06-17T09:57:44.707+0800][52.223s][info][gc,start       ] GC(2106) Pause Young (Allocation Failure)
[2026-06-17T09:57:44.709+0800][52.225s][info][gc,heap        ] GC(2106) PSYoungGen: 10989K(14336K)->4198K(14336K) Eden: 7162K(7168K)->0K(7168K) From: 3826K(7168K)->4198K(7168K)
[2026-06-17T09:57:44.710+0800][52.226s][info][gc,heap        ] GC(2106) ParOldGen: 24996K(44032K)->24996K(44032K)
[2026-06-17T09:57:44.710+0800][52.226s][info][gc,metaspace   ] GC(2106) Metaspace: 157K(384K)->157K(384K) NonClass: 153K(256K)->153K(256K) Class: 4K(128K)->4K(128K)
[2026-06-17T09:57:44.711+0800][52.227s][info][gc             ] GC(2106) Pause Young (Allocation Failure) 35M->28M(57M) 3.901ms
[2026-06-17T09:57:44.712+0800][52.228s][info][gc,cpu         ] GC(2106) User=0.00s Sys=0.00s Real=0.01s
[2026-06-17T09:57:44.724+0800][52.240s][info][gc,start       ] GC(2107) Pause Young (Allocation Failure)
[2026-06-17T09:57:44.725+0800][52.241s][info][gc,heap        ] GC(2107) PSYoungGen: 11357K(14336K)->6551K(13824K) Eden: 7159K(7168K)->0K(7168K) From: 4198K(7168K)->6551K(6656K)
[2026-06-17T09:57:44.726+0800][52.242s][info][gc,heap        ] GC(2107) ParOldGen: 24996K(44032K)->26731K(44032K)
[2026-06-17T09:57:44.727+0800][52.243s][info][gc,metaspace   ] GC(2107) Metaspace: 157K(384K)->157K(384K) NonClass: 153K(256K)->153K(256K) Class: 4K(128K)->4K(128K)
[2026-06-17T09:57:44.727+0800][52.243s][info][gc             ] GC(2107) Pause Young (Allocation Failure) 35M->32M(56M) 3.315ms
[2026-06-17T09:57:44.728+0800][52.244s][info][gc,cpu         ] GC(2107) User=0.00s Sys=0.00s Real=0.00s
[2026-06-17T09:57:44.749+0800][52.265s][info][gc,start       ] GC(2108) Pause Young (Allocation Failure)
[2026-06-17T09:57:44.751+0800][52.267s][info][gc,heap        ] GC(2108) PSYoungGen: 13706K(13824K)->5542K(14336K) Eden: 7154K(7168K)->0K(7168K) From: 6551K(6656K)->5542K(7168K)
[2026-06-17T09:57:44.751+0800][52.267s][info][gc,heap        ] GC(2108) ParOldGen: 26731K(44032K)->28006K(44032K)
[2026-06-17T09:57:44.752+0800][52.268s][info][gc,metaspace   ] GC(2108) Metaspace: 157K(384K)->157K(384K) NonClass: 153K(256K)->153K(256K) Class: 4K(128K)->4K(128K)
[2026-06-17T09:57:44.753+0800][52.269s][info][gc             ] GC(2108) Pause Young (Allocation Failure) 39M->32M(57M) 3.301ms
[2026-06-17T09:57:44.753+0800][52.269s][info][gc,cpu         ] GC(2108) User=0.00s Sys=0.00s Real=0.01s
[2026-06-17T09:57:44.775+0800][52.291s][info][gc,start       ] GC(2109) Pause Young (Allocation Failure)
[2026-06-17T09:57:44.777+0800][52.293s][info][gc,heap        ] GC(2109) PSYoungGen: 12707K(14336K)->3023K(14336K) Eden: 7165K(7168K)->0K(7168K) From: 5542K(7168K)->3023K(7168K)
[2026-06-17T09:57:44.777+0800][52.293s][info][gc,heap        ] GC(2109) ParOldGen: 28006K(44032K)->30712K(44032K)
[2026-06-17T09:57:44.778+0800][52.294s][info][gc,metaspace   ] GC(2109) Metaspace: 157K(384K)->157K(384K) NonClass: 153K(256K)->153K(256K) Class: 4K(128K)->4K(128K)
[2026-06-17T09:57:44.778+0800][52.294s][info][gc             ] GC(2109) Pause Young (Allocation Failure) 39M->32M(57M) 3.316ms
[2026-06-17T09:57:44.779+0800][52.295s][info][gc,cpu         ] GC(2109) User=0.00s Sys=0.00s Real=0.00s
[2026-06-17T09:57:44.791+0800][52.307s][info][gc,start       ] GC(2110) Pause Young (Allocation Failure)
[2026-06-17T09:57:44.792+0800][52.308s][info][gc,heap        ] GC(2110) PSYoungGen: 10014K(14336K)->648K(14336K) Eden: 6991K(7168K)->0K(7168K) From: 3023K(7168K)->648K(7168K)
[2026-06-17T09:57:44.792+0800][52.308s][info][gc,heap        ] GC(2110) ParOldGen: 30712K(44032K)->32967K(44032K)
[2026-06-17T09:57:44.793+0800][52.309s][info][gc,metaspace   ] GC(2110) Metaspace: 157K(384K)->157K(384K) NonClass: 153K(256K)->153K(256K) Class: 4K(128K)->4K(128K)
[2026-06-17T09:57:44.794+0800][52.310s][info][gc             ] GC(2110) Pause Young (Allocation Failure) 39M->32M(57M) 2.881ms
[2026-06-17T09:57:44.794+0800][52.310s][info][gc,cpu         ] GC(2110) User=0.00s Sys=0.00s Real=0.00s
[2026-06-17T09:57:44.816+0800][52.332s][info][gc,start       ] GC(2111) Pause Young (Allocation Failure)
[2026-06-17T09:57:44.817+0800][52.333s][info][gc,heap        ] GC(2111) PSYoungGen: 7816K(14336K)->3422K(14336K) Eden: 7168K(7168K)->0K(7168K) From: 648K(7168K)->3422K(7168K)
[2026-06-17T09:57:44.818+0800][52.334s][info][gc,heap        ] GC(2111) ParOldGen: 32967K(44032K)->33591K(44032K)
[2026-06-17T09:57:44.818+0800][52.334s][info][gc,metaspace   ] GC(2111) Metaspace: 157K(384K)->157K(384K) NonClass: 153K(256K)->153K(256K) Class: 4K(128K)->4K(128K)
[2026-06-17T09:57:44.818+0800][52.334s][info][gc             ] GC(2111) Pause Young (Allocation Failure) 39M->36M(57M) 1.993ms
[2026-06-17T09:57:44.818+0800][52.334s][info][gc,cpu         ] GC(2111) User=0.00s Sys=0.00s Real=0.00s
[2026-06-17T09:57:44.841+0800][52.357s][info][gc,start       ] GC(2112) Pause Young (Allocation Failure)
[2026-06-17T09:57:44.842+0800][52.358s][info][gc,heap        ] GC(2112) PSYoungGen: 10552K(14336K)->2688K(14336K) Eden: 7129K(7168K)->0K(7168K) From: 3422K(7168K)->2688K(7168K)
[2026-06-17T09:57:44.843+0800][52.359s][info][gc,heap        ] GC(2112) ParOldGen: 33591K(44032K)->34785K(44032K)
[2026-06-17T09:57:44.843+0800][52.359s][info][gc,metaspace   ] GC(2112) Metaspace: 157K(384K)->157K(384K) NonClass: 153K(256K)->153K(256K) Class: 4K(128K)->4K(128K)
[2026-06-17T09:57:44.844+0800][52.360s][info][gc             ] GC(2112) Pause Young (Allocation Failure) 43M->36M(57M) 3.002ms
[2026-06-17T09:57:44.844+0800][52.360s][info][gc,cpu         ] GC(2112) User=0.01s Sys=0.00s Real=0.01s
[2026-06-17T09:57:44.866+0800][52.382s][info][gc,start       ] GC(2113) Pause Young (Allocation Failure)
[2026-06-17T09:57:44.867+0800][52.383s][info][gc,heap        ] GC(2113) PSYoungGen: 9856K(14336K)->2691K(14336K) Eden: 7168K(7168K)->0K(7168K) From: 2688K(7168K)->2691K(7168K)
[2026-06-17T09:57:44.868+0800][52.384s][info][gc,heap        ] GC(2113) ParOldGen: 34785K(44032K)->34785K(44032K)
[2026-06-17T09:57:44.868+0800][52.384s][info][gc,metaspace   ] GC(2113) Metaspace: 157K(384K)->157K(384K) NonClass: 153K(256K)->153K(256K) Class: 4K(128K)->4K(128K)
[2026-06-17T09:57:44.868+0800][52.385s][info][gc             ] GC(2113) Pause Young (Allocation Failure) 43M->36M(57M) 2.861ms
[2026-06-17T09:57:44.869+0800][52.385s][info][gc,cpu         ] GC(2113) User=0.00s Sys=0.00s Real=0.00s
[2026-06-17T09:57:44.880+0800][52.396s][info][gc,start       ] GC(2114) Pause Young (Allocation Failure)
[2026-06-17T09:57:44.883+0800][52.399s][info][gc,heap        ] GC(2114) PSYoungGen: 9838K(14336K)->6442K(14336K) Eden: 7147K(7168K)->0K(7168K) From: 2691K(7168K)->6442K(7168K)
[2026-06-17T09:57:44.884+0800][52.400s][info][gc,heap        ] GC(2114) ParOldGen: 34785K(44032K)->34785K(44032K)
[2026-06-17T09:57:44.884+0800][52.400s][info][gc,metaspace   ] GC(2114) Metaspace: 157K(384K)->157K(384K) NonClass: 153K(256K)->153K(256K) Class: 4K(128K)->4K(128K)
[2026-06-17T09:57:44.886+0800][52.402s][info][gc             ] GC(2114) Pause Young (Allocation Failure) 43M->40M(57M) 5.677ms
[2026-06-17T09:57:44.888+0800][52.404s][info][gc,cpu         ] GC(2114) User=0.00s Sys=0.00s Real=0.01s
[2026-06-17T09:57:44.910+0800][52.426s][info][gc,start       ] GC(2115) Pause Young (Allocation Failure)
[2026-06-17T09:57:44.912+0800][52.428s][info][gc,heap        ] GC(2115) PSYoungGen: 13563K(14336K)->5248K(14336K) Eden: 7121K(7168K)->0K(7168K) From: 6442K(7168K)->5248K(7168K)
[2026-06-17T09:57:44.912+0800][52.428s][info][gc,heap        ] GC(2115) ParOldGen: 34785K(44032K)->36791K(44032K)
[2026-06-17T09:57:44.913+0800][52.429s][info][gc,metaspace   ] GC(2115) Metaspace: 157K(384K)->157K(384K) NonClass: 153K(256K)->153K(256K) Class: 4K(128K)->4K(128K)
[2026-06-17T09:57:44.914+0800][52.430s][info][gc             ] GC(2115) Pause Young (Allocation Failure) 47M->41M(57M) 3.137ms
[2026-06-17T09:57:44.914+0800][52.430s][info][gc,cpu         ] GC(2115) User=0.00s Sys=0.00s Real=0.01s
[2026-06-17T09:57:44.936+0800][52.452s][info][gc,start       ] GC(2116) Pause Young (Allocation Failure)
[2026-06-17T09:57:44.938+0800][52.454s][info][gc,heap        ] GC(2116) PSYoungGen: 12397K(14336K)->2828K(14336K) Eden: 7149K(7168K)->0K(7168K) From: 5248K(7168K)->2828K(7168K)
[2026-06-17T09:57:44.939+0800][52.455s][info][gc,heap        ] GC(2116) ParOldGen: 36791K(44032K)->38997K(44032K)
[2026-06-17T09:57:44.939+0800][52.455s][info][gc,metaspace   ] GC(2116) Metaspace: 157K(384K)->157K(384K) NonClass: 153K(256K)->153K(256K) Class: 4K(128K)->4K(128K)
[2026-06-17T09:57:44.939+0800][52.455s][info][gc             ] GC(2116) Pause Young (Allocation Failure) 48M->40M(57M) 3.210ms
[2026-06-17T09:57:44.940+0800][52.456s][info][gc,cpu         ] GC(2116) User=0.00s Sys=0.00s Real=0.00s
[2026-06-17T09:57:44.951+0800][52.467s][info][gc,start       ] GC(2117) Pause Young (Allocation Failure)
[2026-06-17T09:57:44.952+0800][52.468s][info][gc,heap        ] GC(2117) PSYoungGen: 9835K(14336K)->1309K(14336K) Eden: 7006K(7168K)->0K(7168K) From: 2828K(7168K)->1309K(7168K)
[2026-06-17T09:57:44.953+0800][52.469s][info][gc,heap        ] GC(2117) ParOldGen: 38997K(44032K)->40729K(44032K)
[2026-06-17T09:57:44.953+0800][52.469s][info][gc,metaspace   ] GC(2117) Metaspace: 157K(384K)->157K(384K) NonClass: 153K(256K)->153K(256K) Class: 4K(128K)->4K(128K)
[2026-06-17T09:57:44.954+0800][52.470s][info][gc             ] GC(2117) Pause Young (Allocation Failure) 47M->41M(57M) 2.728ms
[2026-06-17T09:57:44.954+0800][52.470s][info][gc,cpu         ] GC(2117) User=0.00s Sys=0.00s Real=0.00s
[2026-06-17T09:57:44.976+0800][52.492s][info][gc,start       ] GC(2118) Pause Full (Ergonomics)
[2026-06-17T09:57:44.976+0800][52.492s][info][gc,phases,start] GC(2118) Marking Phase
[2026-06-17T09:57:44.978+0800][52.494s][info][gc,phases      ] GC(2118) Marking Phase 1.955ms
[2026-06-17T09:57:44.979+0800][52.495s][info][gc,phases,start] GC(2118) Summary Phase
[2026-06-17T09:57:44.979+0800][52.495s][info][gc,phases      ] GC(2118) Summary Phase 0.430ms
[2026-06-17T09:57:44.980+0800][52.496s][info][gc,phases,start] GC(2118) Adjust Roots
[2026-06-17T09:57:44.980+0800][52.496s][info][gc,phases      ] GC(2118) Adjust Roots 0.502ms
[2026-06-17T09:57:44.981+0800][52.497s][info][gc,phases,start] GC(2118) Compaction Phase
[2026-06-17T09:57:44.983+0800][52.499s][info][gc,phases      ] GC(2118) Compaction Phase 2.219ms
[2026-06-17T09:57:44.983+0800][52.499s][info][gc,phases,start] GC(2118) Post Compact
[2026-06-17T09:57:44.984+0800][52.500s][info][gc,phases      ] GC(2118) Post Compact 0.545ms
[2026-06-17T09:57:44.984+0800][52.500s][info][gc,heap        ] GC(2118) PSYoungGen: 8468K(14336K)->0K(14336K) Eden: 7159K(7168K)->0K(7168K) From: 1309K(7168K)->0K(7168K)
[2026-06-17T09:57:44.985+0800][52.501s][info][gc,heap        ] GC(2118) ParOldGen: 40729K(44032K)->32420K(44032K)
[2026-06-17T09:57:44.985+0800][52.501s][info][gc,metaspace   ] GC(2118) Metaspace: 157K(384K)->157K(384K) NonClass: 153K(256K)->153K(256K) Class: 4K(128K)->4K(128K)
[2026-06-17T09:57:44.985+0800][52.501s][info][gc             ] GC(2118) Pause Full (Ergonomics) 48M->31M(57M) 9.486ms
[2026-06-17T09:57:44.986+0800][52.502s][info][gc,cpu         ] GC(2118) User=0.01s Sys=0.00s Real=0.01s
[2026-06-17T09:57:45.008+0800][52.524s][info][gc,start       ] GC(2119) Pause Young (Allocation Failure)
[2026-06-17T09:57:45.009+0800][52.525s][info][gc,heap        ] GC(2119) PSYoungGen: 7140K(14336K)->3736K(14336K) Eden: 7140K(7168K)->0K(7168K) From: 0K(7168K)->3736K(7168K)
[2026-06-17T09:57:45.010+0800][52.526s][info][gc,heap        ] GC(2119) ParOldGen: 32420K(44032K)->32420K(44032K)
[2026-06-17T09:57:45.010+0800][52.526s][info][gc,metaspace   ] GC(2119) Metaspace: 157K(384K)->157K(384K) NonClass: 153K(256K)->153K(256K) Class: 4K(128K)->4K(128K)
[2026-06-17T09:57:45.010+0800][52.526s][info][gc             ] GC(2119) Pause Young (Allocation Failure) 38M->35M(57M) 2.845ms
[2026-06-17T09:57:45.011+0800][52.527s][info][gc,cpu         ] GC(2119) User=0.00s Sys=0.00s Real=0.01s
[2026-06-17T09:57:45.033+0800][52.549s][info][gc,start       ] GC(2120) Pause Young (Allocation Failure)
[2026-06-17T09:57:45.034+0800][52.550s][info][gc,heap        ] GC(2120) PSYoungGen: 10866K(14336K)->1325K(14336K) Eden: 7129K(7168K)->0K(7168K) From: 3736K(7168K)->1325K(7168K)
[2026-06-17T09:57:45.034+0800][52.550s][info][gc,heap        ] GC(2120) ParOldGen: 32420K(44032K)->34838K(44032K)
[2026-06-17T09:57:45.035+0800][52.551s][info][gc,metaspace   ] GC(2120) Metaspace: 157K(384K)->157K(384K) NonClass: 153K(256K)->153K(256K) Class: 4K(128K)->4K(128K)
[2026-06-17T09:57:45.036+0800][52.552s][info][gc             ] GC(2120) Pause Young (Allocation Failure) 42M->35M(57M) 3.215ms
[2026-06-17T09:57:45.037+0800][52.553s][info][gc,cpu         ] GC(2120) User=0.00s Sys=0.00s Real=0.00s
[2026-06-17T09:57:45.049+0800][52.565s][info][gc,start       ] GC(2121) Pause Young (Allocation Failure)
[2026-06-17T09:57:45.050+0800][52.566s][info][gc,heap        ] GC(2121) PSYoungGen: 8492K(14336K)->4853K(14336K) Eden: 7167K(7168K)->0K(7168K) From: 1325K(7168K)->4853K(7168K)
[2026-06-17T09:57:45.051+0800][52.567s][info][gc,heap        ] GC(2121) ParOldGen: 34838K(44032K)->34838K(44032K)
[2026-06-17T09:57:45.051+0800][52.568s][info][gc,metaspace   ] GC(2121) Metaspace: 157K(384K)->157K(384K) NonClass: 153K(256K)->153K(256K) Class: 4K(128K)->4K(128K)
[2026-06-17T09:57:45.053+0800][52.569s][info][gc             ] GC(2121) Pause Young (Allocation Failure) 42M->38M(57M) 3.976ms
[2026-06-17T09:57:45.054+0800][52.570s][info][gc,cpu         ] GC(2121) User=0.00s Sys=0.00s Real=0.01s
[2026-06-17T09:57:45.076+0800][52.592s][info][gc,start       ] GC(2122) Pause Young (Allocation Failure)
[2026-06-17T09:57:45.078+0800][52.594s][info][gc,heap        ] GC(2122) PSYoungGen: 11991K(14336K)->3353K(14336K) Eden: 7137K(7168K)->0K(7168K) From: 4853K(7168K)->3353K(7168K)
[2026-06-17T09:57:45.080+0800][52.596s][info][gc,heap        ] GC(2122) ParOldGen: 34838K(44032K)->36655K(44032K)
[2026-06-17T09:57:45.080+0800][52.596s][info][gc,metaspace   ] GC(2122) Metaspace: 157K(384K)->157K(384K) NonClass: 153K(256K)->153K(256K) Class: 4K(128K)->4K(128K)
[2026-06-17T09:57:45.082+0800][52.598s][info][gc             ] GC(2122) Pause Young (Allocation Failure) 45M->39M(57M) 5.633ms
[2026-06-17T09:57:45.083+0800][52.599s][info][gc,cpu         ] GC(2122) User=0.00s Sys=0.00s Real=0.01s
[2026-06-17T09:57:45.105+0800][52.621s][info][gc,start       ] GC(2123) Pause Young (Allocation Failure)
[2026-06-17T09:57:45.107+0800][52.623s][info][gc,heap        ] GC(2123) PSYoungGen: 10516K(14336K)->3745K(14336K) Eden: 7163K(7168K)->0K(7168K) From: 3353K(7168K)->3745K(7168K)
[2026-06-17T09:57:45.107+0800][52.623s][info][gc,heap        ] GC(2123) ParOldGen: 36655K(44032K)->36655K(44032K)
[2026-06-17T09:57:45.108+0800][52.624s][info][gc,metaspace   ] GC(2123) Metaspace: 157K(384K)->157K(384K) NonClass: 153K(256K)->153K(256K) Class: 4K(128K)->4K(128K)
[2026-06-17T09:57:45.110+0800][52.626s][info][gc             ] GC(2123) Pause Young (Allocation Failure) 46M->39M(57M) 4.397ms
[2026-06-17T09:57:45.110+0800][52.626s][info][gc,cpu         ] GC(2123) User=0.00s Sys=0.00s Real=0.00s
[2026-06-17T09:57:45.123+0800][52.639s][info][gc,start       ] GC(2124) Pause Young (Allocation Failure)
[2026-06-17T09:57:45.124+0800][52.640s][info][gc,heap        ] GC(2124) PSYoungGen: 10875K(14336K)->3692K(14336K) Eden: 7129K(7168K)->0K(7168K) From: 3745K(7168K)->3692K(7168K)
[2026-06-17T09:57:45.125+0800][52.641s][info][gc,heap        ] GC(2124) ParOldGen: 36655K(44032K)->36655K(44032K)
[2026-06-17T09:57:45.126+0800][52.642s][info][gc,metaspace   ] GC(2124) Metaspace: 157K(384K)->157K(384K) NonClass: 153K(256K)->153K(256K) Class: 4K(128K)->4K(128K)
[2026-06-17T09:57:45.126+0800][52.642s][info][gc             ] GC(2124) Pause Young (Allocation Failure) 46M->39M(57M) 3.089ms
[2026-06-17T09:57:45.127+0800][52.643s][info][gc,cpu         ] GC(2124) User=0.00s Sys=0.00s Real=0.00s
[2026-06-17T09:57:45.148+0800][52.664s][info][gc,start       ] GC(2125) Pause Young (Allocation Failure)
[2026-06-17T09:57:45.149+0800][52.665s][info][gc,heap        ] GC(2125) PSYoungGen: 10820K(14336K)->6632K(13824K) Eden: 7128K(7168K)->0K(7168K) From: 3692K(7168K)->6632K(6656K)
[2026-06-17T09:57:45.150+0800][52.666s][info][gc,heap        ] GC(2125) ParOldGen: 36655K(44032K)->37403K(44032K)
[2026-06-17T09:57:45.151+0800][52.667s][info][gc,metaspace   ] GC(2125) Metaspace: 157K(384K)->157K(384K) NonClass: 153K(256K)->153K(256K) Class: 4K(128K)->4K(128K)
[2026-06-17T09:57:45.152+0800][52.668s][info][gc             ] GC(2125) Pause Young (Allocation Failure) 46M->43M(56M) 3.697ms
[2026-06-17T09:57:45.152+0800][52.668s][info][gc,cpu         ] GC(2125) User=0.00s Sys=0.00s Real=0.01s
[2026-06-17T09:57:45.175+0800][52.691s][info][gc,start       ] GC(2126) Pause Young (Allocation Failure)
[2026-06-17T09:57:45.176+0800][52.692s][info][gc,heap        ] GC(2126) PSYoungGen: 13786K(13824K)->4704K(14336K) Eden: 7154K(7168K)->0K(7168K) From: 6632K(6656K)->4704K(7168K)
[2026-06-17T09:57:45.177+0800][52.693s][info][gc,heap        ] GC(2126) ParOldGen: 37403K(44032K)->39326K(44032K)
[2026-06-17T09:57:45.177+0800][52.693s][info][gc,metaspace   ] GC(2126) Metaspace: 157K(384K)->157K(384K) NonClass: 153K(256K)->153K(256K) Class: 4K(128K)->4K(128K)
[2026-06-17T09:57:45.177+0800][52.693s][info][gc             ] GC(2126) Pause Young (Allocation Failure) 49M->42M(57M) 2.446ms
[2026-06-17T09:57:45.178+0800][52.694s][info][gc,cpu         ] GC(2126) User=0.00s Sys=0.00s Real=0.00s
[2026-06-17T09:57:45.200+0800][52.716s][info][gc,start       ] GC(2127) Pause Young (Allocation Failure)
[2026-06-17T09:57:45.201+0800][52.717s][info][gc,heap        ] GC(2127) PSYoungGen: 11872K(14336K)->3516K(14336K) Eden: 7168K(7168K)->0K(7168K) From: 4704K(7168K)->3516K(7168K)
[2026-06-17T09:57:45.201+0800][52.717s][info][gc,heap        ] GC(2127) ParOldGen: 39326K(44032K)->40742K(44032K)
[2026-06-17T09:57:45.202+0800][52.718s][info][gc,metaspace   ] GC(2127) Metaspace: 157K(384K)->157K(384K) NonClass: 153K(256K)->153K(256K) Class: 4K(128K)->4K(128K)
[2026-06-17T09:57:45.203+0800][52.719s][info][gc             ] GC(2127) Pause Young (Allocation Failure) 49M->43M(57M) 2.998ms
[2026-06-17T09:57:45.203+0800][52.719s][info][gc,cpu         ] GC(2127) User=0.00s Sys=0.00s Real=0.01s
[2026-06-17T09:57:45.214+0800][52.730s][info][gc,start       ] GC(2128) Pause Young (Allocation Failure)
[2026-06-17T09:57:45.216+0800][52.732s][info][gc,heap        ] GC(2128) PSYoungGen: 10678K(14336K)->6929K(14336K) Eden: 7161K(7168K)->0K(7168K) From: 3516K(7168K)->6929K(7168K)
[2026-06-17T09:57:45.216+0800][52.732s][info][gc,heap        ] GC(2128) ParOldGen: 40742K(44032K)->41069K(44032K)
[2026-06-17T09:57:45.217+0800][52.733s][info][gc,metaspace   ] GC(2128) Metaspace: 157K(384K)->157K(384K) NonClass: 153K(256K)->153K(256K) Class: 4K(128K)->4K(128K)
[2026-06-17T09:57:45.218+0800][52.734s][info][gc             ] GC(2128) Pause Young (Allocation Failure) 50M->46M(57M) 4.035ms
[2026-06-17T09:57:45.219+0800][52.735s][info][gc,cpu         ] GC(2128) User=0.00s Sys=0.00s Real=0.00s
[2026-06-17T09:57:45.240+0800][52.756s][info][gc,start       ] GC(2129) Pause Full (Ergonomics)
[2026-06-17T09:57:45.241+0800][52.757s][info][gc,phases,start] GC(2129) Marking Phase
[2026-06-17T09:57:45.242+0800][52.758s][info][gc,phases      ] GC(2129) Marking Phase 1.022ms
[2026-06-17T09:57:45.243+0800][52.759s][info][gc,phases,start] GC(2129) Summary Phase
[2026-06-17T09:57:45.244+0800][52.760s][info][gc,phases      ] GC(2129) Summary Phase 0.703ms
[2026-06-17T09:57:45.245+0800][52.761s][info][gc,phases,start] GC(2129) Adjust Roots
[2026-06-17T09:57:45.247+0800][52.763s][info][gc,phases      ] GC(2129) Adjust Roots 1.765ms
[2026-06-17T09:57:45.247+0800][52.763s][info][gc,phases,start] GC(2129) Compaction Phase
[2026-06-17T09:57:45.251+0800][52.767s][info][gc,phases      ] GC(2129) Compaction Phase 4.408ms
[2026-06-17T09:57:45.253+0800][52.769s][info][gc,phases,start] GC(2129) Post Compact
[2026-06-17T09:57:45.254+0800][52.770s][info][gc,phases      ] GC(2129) Post Compact 0.828ms
[2026-06-17T09:57:45.255+0800][52.771s][info][gc,heap        ] GC(2129) PSYoungGen: 14085K(14336K)->0K(14336K) Eden: 7156K(7168K)->0K(7168K) From: 6929K(7168K)->0K(7168K)
[2026-06-17T09:57:45.257+0800][52.773s][info][gc,heap        ] GC(2129) ParOldGen: 41069K(44032K)->25645K(44032K)
[2026-06-17T09:57:45.258+0800][52.774s][info][gc,metaspace   ] GC(2129) Metaspace: 157K(384K)->157K(384K) NonClass: 153K(256K)->153K(256K) Class: 4K(128K)->4K(128K)
[2026-06-17T09:57:45.259+0800][52.775s][info][gc             ] GC(2129) Pause Full (Ergonomics) 53M->25M(57M) 18.701ms
[2026-06-17T09:57:45.259+0800][52.775s][info][gc,cpu         ] GC(2129) User=0.00s Sys=0.00s Real=0.02s
[2026-06-17T09:57:45.281+0800][52.797s][info][gc,start       ] GC(2130) Pause Young (Allocation Failure)
[2026-06-17T09:57:45.282+0800][52.798s][info][gc,heap        ] GC(2130) PSYoungGen: 7161K(14336K)->3935K(14336K) Eden: 7161K(7168K)->0K(7168K) From: 0K(7168K)->3935K(7168K)
[2026-06-17T09:57:45.283+0800][52.799s][info][gc,heap        ] GC(2130) ParOldGen: 25645K(44032K)->25645K(44032K)
[2026-06-17T09:57:45.283+0800][52.799s][info][gc,metaspace   ] GC(2130) Metaspace: 157K(384K)->157K(384K) NonClass: 153K(256K)->153K(256K) Class: 4K(128K)->4K(128K)
[2026-06-17T09:57:45.284+0800][52.800s][info][gc             ] GC(2130) Pause Young (Allocation Failure) 32M->28M(57M) 2.513ms
[2026-06-17T09:57:45.284+0800][52.800s][info][gc,cpu         ] GC(2130) User=0.00s Sys=0.00s Real=0.01s
[2026-06-17T09:57:45.296+0800][52.812s][info][gc,start       ] GC(2131) Pause Young (Allocation Failure)
[2026-06-17T09:57:45.297+0800][52.813s][info][gc,heap        ] GC(2131) PSYoungGen: 11001K(14336K)->1335K(14336K) Eden: 7065K(7168K)->0K(7168K) From: 3935K(7168K)->1335K(7168K)
[2026-06-17T09:57:45.297+0800][52.813s][info][gc,heap        ] GC(2131) ParOldGen: 25645K(44032K)->28364K(44032K)
[2026-06-17T09:57:45.298+0800][52.814s][info][gc,metaspace   ] GC(2131) Metaspace: 157K(384K)->157K(384K) NonClass: 153K(256K)->153K(256K) Class: 4K(128K)->4K(128K)
[2026-06-17T09:57:45.299+0800][52.815s][info][gc             ] GC(2131) Pause Young (Allocation Failure) 35M->29M(57M) 3.070ms
[2026-06-17T09:57:45.299+0800][52.815s][info][gc,cpu         ] GC(2131) User=0.00s Sys=0.00s Real=0.00s
[2026-06-17T09:57:45.321+0800][52.837s][info][gc,start       ] GC(2132) Pause Young (Allocation Failure)
[2026-06-17T09:57:45.322+0800][52.838s][info][gc,heap        ] GC(2132) PSYoungGen: 8503K(14336K)->3695K(14336K) Eden: 7168K(7168K)->0K(7168K) From: 1335K(7168K)->3695K(7168K)
[2026-06-17T09:57:45.323+0800][52.839s][info][gc,heap        ] GC(2132) ParOldGen: 28364K(44032K)->29675K(44032K)
[2026-06-17T09:57:45.324+0800][52.840s][info][gc,metaspace   ] GC(2132) Metaspace: 157K(384K)->157K(384K) NonClass: 153K(256K)->153K(256K) Class: 4K(128K)->4K(128K)
[2026-06-17T09:57:45.324+0800][52.840s][info][gc             ] GC(2132) Pause Young (Allocation Failure) 36M->32M(57M) 3.744ms
[2026-06-17T09:57:45.325+0800][52.841s][info][gc,cpu         ] GC(2132) User=0.00s Sys=0.00s Real=0.01s
[2026-06-17T09:57:45.347+0800][52.863s][info][gc,start       ] GC(2133) Pause Young (Allocation Failure)
[2026-06-17T09:57:45.348+0800][52.864s][info][gc,heap        ] GC(2133) PSYoungGen: 10827K(14336K)->3096K(14336K) Eden: 7132K(7168K)->0K(7168K) From: 3695K(7168K)->3096K(7168K)
[2026-06-17T09:57:45.348+0800][52.864s][info][gc,heap        ] GC(2133) ParOldGen: 29675K(44032K)->30314K(44032K)
[2026-06-17T09:57:45.349+0800][52.865s][info][gc,metaspace   ] GC(2133) Metaspace: 157K(384K)->157K(384K) NonClass: 153K(256K)->153K(256K) Class: 4K(128K)->4K(128K)
[2026-06-17T09:57:45.349+0800][52.865s][info][gc             ] GC(2133) Pause Young (Allocation Failure) 39M->32M(57M) 2.768ms
[2026-06-17T09:57:45.350+0800][52.866s][info][gc,cpu         ] GC(2133) User=0.01s Sys=0.00s Real=0.00s
[2026-06-17T09:57:45.372+0800][52.888s][info][gc,start       ] GC(2134) Pause Young (Allocation Failure)
[2026-06-17T09:57:45.374+0800][52.890s][info][gc,heap        ] GC(2134) PSYoungGen: 10241K(14336K)->2946K(14336K) Eden: 7144K(7168K)->0K(7168K) From: 3096K(7168K)->2946K(7168K)
[2026-06-17T09:57:45.374+0800][52.890s][info][gc,heap        ] GC(2134) ParOldGen: 30314K(44032K)->30314K(44032K)
[2026-06-17T09:57:45.375+0800][52.891s][info][gc,metaspace   ] GC(2134) Metaspace: 157K(384K)->157K(384K) NonClass: 153K(256K)->153K(256K) Class: 4K(128K)->4K(128K)
[2026-06-17T09:57:45.376+0800][52.892s][info][gc             ] GC(2134) Pause Young (Allocation Failure) 39M->32M(57M) 3.907ms
[2026-06-17T09:57:45.376+0800][52.892s][info][gc,cpu         ] GC(2134) User=0.00s Sys=0.00s Real=0.00s
[2026-06-17T09:57:45.388+0800][52.904s][info][gc,start       ] GC(2135) Pause Young (Allocation Failure)
[2026-06-17T09:57:45.390+0800][52.906s][info][gc,heap        ] GC(2135) PSYoungGen: 10071K(14336K)->6446K(14336K) Eden: 7125K(7168K)->0K(7168K) From: 2946K(7168K)->6446K(7168K)
[2026-06-17T09:57:45.391+0800][52.907s][info][gc,heap        ] GC(2135) ParOldGen: 30314K(44032K)->30314K(44032K)
[2026-06-17T09:57:45.392+0800][52.908s][info][gc,metaspace   ] GC(2135) Metaspace: 157K(384K)->157K(384K) NonClass: 153K(256K)->153K(256K) Class: 4K(128K)->4K(128K)
[2026-06-17T09:57:45.393+0800][52.909s][info][gc             ] GC(2135) Pause Young (Allocation Failure) 39M->35M(57M) 4.252ms
[2026-06-17T09:57:45.394+0800][52.910s][info][gc,cpu         ] GC(2135) User=0.00s Sys=0.00s Real=0.01s
[2026-06-17T09:57:45.416+0800][52.932s][info][gc,start       ] GC(2136) Pause Young (Allocation Failure)
[2026-06-17T09:57:45.418+0800][52.934s][info][gc,heap        ] GC(2136) PSYoungGen: 13612K(14336K)->4475K(14336K) Eden: 7166K(7168K)->0K(7168K) From: 6446K(7168K)->4475K(7168K)
[2026-06-17T09:57:45.419+0800][52.935s][info][gc,heap        ] GC(2136) ParOldGen: 30314K(44032K)->32438K(44032K)
[2026-06-17T09:57:45.420+0800][52.936s][info][gc,metaspace   ] GC(2136) Metaspace: 157K(384K)->157K(384K) NonClass: 153K(256K)->153K(256K) Class: 4K(128K)->4K(128K)
[2026-06-17T09:57:45.421+0800][52.937s][info][gc             ] GC(2136) Pause Young (Allocation Failure) 42M->36M(57M) 5.245ms
[2026-06-17T09:57:45.422+0800][52.938s][info][gc,cpu         ] GC(2136) User=0.00s Sys=0.00s Real=0.00s
[2026-06-17T09:57:45.434+0800][52.950s][info][gc,start       ] GC(2137) Pause Young (Allocation Failure)
[2026-06-17T09:57:45.436+0800][52.952s][info][gc,heap        ] GC(2137) PSYoungGen: 11633K(14336K)->5968K(14336K) Eden: 7157K(7168K)->0K(7168K) From: 4475K(7168K)->5968K(7168K)
[2026-06-17T09:57:45.436+0800][52.952s][info][gc,heap        ] GC(2137) ParOldGen: 32438K(44032K)->34411K(44032K)
[2026-06-17T09:57:45.437+0800][52.953s][info][gc,metaspace   ] GC(2137) Metaspace: 157K(384K)->157K(384K) NonClass: 153K(256K)->153K(256K) Class: 4K(128K)->4K(128K)
[2026-06-17T09:57:45.437+0800][52.953s][info][gc             ] GC(2137) Pause Young (Allocation Failure) 43M->39M(57M) 3.217ms
[2026-06-17T09:57:45.438+0800][52.954s][info][gc,cpu         ] GC(2137) User=0.01s Sys=0.00s Real=0.00s
[2026-06-17T09:57:45.460+0800][52.976s][info][gc,start       ] GC(2138) Pause Young (Allocation Failure)
[2026-06-17T09:57:45.462+0800][52.978s][info][gc,heap        ] GC(2138) PSYoungGen: 13105K(14336K)->2530K(14336K) Eden: 7137K(7168K)->0K(7168K) From: 5968K(7168K)->2530K(7168K)
[2026-06-17T09:57:45.463+0800][52.979s][info][gc,heap        ] GC(2138) ParOldGen: 34411K(44032K)->37678K(44032K)
[2026-06-17T09:57:45.463+0800][52.979s][info][gc,metaspace   ] GC(2138) Metaspace: 157K(384K)->157K(384K) NonClass: 153K(256K)->153K(256K) Class: 4K(128K)->4K(128K)
[2026-06-17T09:57:45.464+0800][52.980s][info][gc             ] GC(2138) Pause Young (Allocation Failure) 46M->39M(57M) 4.096ms
[2026-06-17T09:57:45.465+0800][52.981s][info][gc,cpu         ] GC(2138) User=0.00s Sys=0.00s Real=0.01s
[2026-06-17T09:57:45.487+0800][53.003s][info][gc,start       ] GC(2139) Pause Young (Allocation Failure)
[2026-06-17T09:57:45.489+0800][53.005s][info][gc,heap        ] GC(2139) PSYoungGen: 9698K(14336K)->2736K(14336K) Eden: 7168K(7168K)->0K(7168K) From: 2530K(7168K)->2736K(7168K)
[2026-06-17T09:57:45.489+0800][53.005s][info][gc,heap        ] GC(2139) ParOldGen: 37678K(44032K)->37678K(44032K)
[2026-06-17T09:57:45.489+0800][53.005s][info][gc,metaspace   ] GC(2139) Metaspace: 157K(384K)->157K(384K) NonClass: 153K(256K)->153K(256K) Class: 4K(128K)->4K(128K)
[2026-06-17T09:57:45.490+0800][53.006s][info][gc             ] GC(2139) Pause Young (Allocation Failure) 46M->39M(57M) 3.031ms
[2026-06-17T09:57:45.490+0800][53.006s][info][gc,cpu         ] GC(2139) User=0.00s Sys=0.00s Real=0.00s
[2026-06-17T09:57:45.502+0800][53.018s][info][gc,start       ] GC(2140) Pause Young (Allocation Failure)
[2026-06-17T09:57:45.505+0800][53.021s][info][gc,heap        ] GC(2140) PSYoungGen: 9696K(14336K)->818K(14336K) Eden: 6960K(7168K)->0K(7168K) From: 2736K(7168K)->818K(7168K)
[2026-06-17T09:57:45.514+0800][53.030s][info][gc,heap        ] GC(2140) ParOldGen: 37678K(44032K)->39648K(44032K)
[2026-06-17T09:57:45.514+0800][53.030s][info][gc,metaspace   ] GC(2140) Metaspace: 157K(384K)->157K(384K) NonClass: 153K(256K)->153K(256K) Class: 4K(128K)->4K(128K)
[2026-06-17T09:57:45.516+0800][53.032s][info][gc             ] GC(2140) Pause Young (Allocation Failure) 46M->39M(57M) 14.208ms
[2026-06-17T09:57:45.520+0800][53.036s][info][gc,cpu         ] GC(2140) User=0.01s Sys=0.00s Real=0.02s
[2026-06-17T09:57:45.545+0800][53.061s][info][gc,start       ] GC(2141) Pause Young (Allocation Failure)
[2026-06-17T09:57:45.550+0800][53.066s][info][gc,heap        ] GC(2141) PSYoungGen: 7961K(14336K)->3588K(14336K) Eden: 7143K(7168K)->0K(7168K) From: 818K(7168K)->3588K(7168K)
[2026-06-17T09:57:45.551+0800][53.067s][info][gc,heap        ] GC(2141) ParOldGen: 39648K(44032K)->40442K(44032K)
[2026-06-17T09:57:45.555+0800][53.071s][info][gc,metaspace   ] GC(2141) Metaspace: 157K(384K)->157K(384K) NonClass: 153K(256K)->153K(256K) Class: 4K(128K)->4K(128K)
[2026-06-17T09:57:45.555+0800][53.071s][info][gc             ] GC(2141) Pause Young (Allocation Failure) 46M->42M(57M) 10.523ms
[2026-06-17T09:57:45.556+0800][53.072s][info][gc,cpu         ] GC(2141) User=0.00s Sys=0.00s Real=0.01s
[2026-06-17T09:57:45.579+0800][53.095s][info][gc,start       ] GC(2142) Pause Full (Ergonomics)
[2026-06-17T09:57:45.732+0800][53.248s][info][gc,phases,start] GC(2142) Marking Phase
[2026-06-17T09:57:45.734+0800][53.250s][info][gc,phases      ] GC(2142) Marking Phase 1.231ms
[2026-06-17T09:57:45.796+0800][53.312s][info][gc,phases,start] GC(2142) Summary Phase
[2026-06-17T09:57:45.796+0800][53.312s][info][gc,phases      ] GC(2142) Summary Phase 0.816ms
[2026-06-17T09:57:45.807+0800][53.323s][info][gc,phases,start] GC(2142) Adjust Roots
[2026-06-17T09:57:45.975+0800][53.491s][info][gc,phases      ] GC(2142) Adjust Roots 168.763ms
[2026-06-17T09:57:45.977+0800][53.493s][info][gc,phases,start] GC(2142) Compaction Phase
[2026-06-17T09:57:45.981+0800][53.497s][info][gc,phases      ] GC(2142) Compaction Phase 4.087ms
[2026-06-17T09:57:46.010+0800][53.526s][info][gc,phases,start] GC(2142) Post Compact
[2026-06-17T09:57:46.015+0800][53.531s][info][gc,phases      ] GC(2142) Post Compact 4.346ms
[2026-06-17T09:57:46.019+0800][53.535s][info][gc,heap        ] GC(2142) PSYoungGen: 10714K(14336K)->0K(14336K) Eden: 7126K(7168K)->0K(7168K) From: 3588K(7168K)->0K(7168K)
[2026-06-17T09:57:46.024+0800][53.540s][info][gc,heap        ] GC(2142) ParOldGen: 40442K(44032K)->25467K(44032K)
[2026-06-17T09:57:46.026+0800][53.542s][info][gc,metaspace   ] GC(2142) Metaspace: 157K(384K)->157K(384K) NonClass: 153K(256K)->153K(256K) Class: 4K(128K)->4K(128K)
[2026-06-17T09:57:46.029+0800][53.545s][info][gc             ] GC(2142) Pause Full (Ergonomics) 49M->24M(57M) 450.765ms
[2026-06-17T09:57:46.030+0800][53.546s][info][gc,cpu         ] GC(2142) User=0.01s Sys=0.01s Real=0.45s
[2026-06-17T09:57:46.051+0800][53.567s][info][gc,start       ] GC(2143) Pause Young (Allocation Failure)
[2026-06-17T09:57:46.052+0800][53.568s][info][gc,heap        ] GC(2143) PSYoungGen: 7154K(14336K)->3679K(14336K) Eden: 7154K(7168K)->0K(7168K) From: 0K(7168K)->3679K(7168K)
[2026-06-17T09:57:46.052+0800][53.568s][info][gc,heap        ] GC(2143) ParOldGen: 25467K(44032K)->25467K(44032K)
[2026-06-17T09:57:46.053+0800][53.569s][info][gc,metaspace   ] GC(2143) Metaspace: 157K(384K)->157K(384K) NonClass: 153K(256K)->153K(256K) Class: 4K(128K)->4K(128K)
[2026-06-17T09:57:46.053+0800][53.569s][info][gc             ] GC(2143) Pause Young (Allocation Failure) 31M->28M(57M) 1.968ms
[2026-06-17T09:57:46.053+0800][53.569s][info][gc,cpu         ] GC(2143) User=0.00s Sys=0.00s Real=0.00s
[2026-06-17T09:57:46.065+0800][53.581s][info][gc,start       ] GC(2144) Pause Young (Allocation Failure)
[2026-06-17T09:57:46.066+0800][53.582s][info][gc,heap        ] GC(2144) PSYoungGen: 10841K(14336K)->7107K(14336K) Eden: 7161K(7168K)->0K(7168K) From: 3679K(7168K)->7107K(7168K)
[2026-06-17T09:57:46.067+0800][53.583s][info][gc,heap        ] GC(2144) ParOldGen: 25467K(44032K)->25832K(44032K)
[2026-06-17T09:57:46.067+0800][53.583s][info][gc,metaspace   ] GC(2144) Metaspace: 157K(384K)->157K(384K) NonClass: 153K(256K)->153K(256K) Class: 4K(128K)->4K(128K)
[2026-06-17T09:57:46.068+0800][53.584s][info][gc             ] GC(2144) Pause Young (Allocation Failure) 35M->32M(57M) 2.980ms
[2026-06-17T09:57:46.068+0800][53.584s][info][gc,cpu         ] GC(2144) User=0.00s Sys=0.00s Real=0.00s
[2026-06-17T09:57:46.089+0800][53.605s][info][gc,start       ] GC(2145) Pause Young (Allocation Failure)
[2026-06-17T09:57:46.091+0800][53.607s][info][gc,heap        ] GC(2145) PSYoungGen: 14244K(14336K)->2679K(14336K) Eden: 7136K(7168K)->0K(7168K) From: 7107K(7168K)->2679K(7168K)
[2026-06-17T09:57:46.091+0800][53.607s][info][gc,heap        ] GC(2145) ParOldGen: 25832K(44032K)->30383K(44032K)
[2026-06-17T09:57:46.092+0800][53.608s][info][gc,metaspace   ] GC(2145) Metaspace: 157K(384K)->157K(384K) NonClass: 153K(256K)->153K(256K) Class: 4K(128K)->4K(128K)
[2026-06-17T09:57:46.092+0800][53.608s][info][gc             ] GC(2145) Pause Young (Allocation Failure) 39M->32M(57M) 2.683ms
[2026-06-17T09:57:46.092+0800][53.608s][info][gc,cpu         ] GC(2145) User=0.00s Sys=0.00s Real=0.01s
[2026-06-17T09:57:46.114+0800][53.630s][info][gc,start       ] GC(2146) Pause Young (Allocation Failure)
[2026-06-17T09:57:46.115+0800][53.631s][info][gc,heap        ] GC(2146) PSYoungGen: 9844K(14336K)->3213K(14336K) Eden: 7164K(7168K)->0K(7168K) From: 2679K(7168K)->3213K(7168K)
[2026-06-17T09:57:46.115+0800][53.631s][info][gc,heap        ] GC(2146) ParOldGen: 30383K(44032K)->30383K(44032K)
[2026-06-17T09:57:46.116+0800][53.632s][info][gc,metaspace   ] GC(2146) Metaspace: 157K(384K)->157K(384K) NonClass: 153K(256K)->153K(256K) Class: 4K(128K)->4K(128K)
[2026-06-17T09:57:46.117+0800][53.633s][info][gc             ] GC(2146) Pause Young (Allocation Failure) 39M->32M(57M) 2.896ms
[2026-06-17T09:57:46.118+0800][53.634s][info][gc,cpu         ] GC(2146) User=0.00s Sys=0.00s Real=0.00s
[2026-06-17T09:57:46.131+0800][53.647s][info][gc,start       ] GC(2147) Pause Young (Allocation Failure)
[2026-06-17T09:57:46.132+0800][53.648s][info][gc,heap        ] GC(2147) PSYoungGen: 10248K(14336K)->984K(14336K) Eden: 7035K(7168K)->0K(7168K) From: 3213K(7168K)->984K(7168K)
[2026-06-17T09:57:46.132+0800][53.648s][info][gc,heap        ] GC(2147) ParOldGen: 30383K(44032K)->32645K(44032K)
[2026-06-17T09:57:46.133+0800][53.649s][info][gc,metaspace   ] GC(2147) Metaspace: 157K(384K)->157K(384K) NonClass: 153K(256K)->153K(256K) Class: 4K(128K)->4K(128K)
[2026-06-17T09:57:46.133+0800][53.649s][info][gc             ] GC(2147) Pause Young (Allocation Failure) 39M->32M(57M) 2.226ms
[2026-06-17T09:57:46.133+0800][53.649s][info][gc,cpu         ] GC(2147) User=0.01s Sys=0.00s Real=0.00s
[2026-06-17T09:57:46.155+0800][53.671s][info][gc,start       ] GC(2148) Pause Young (Allocation Failure)
[2026-06-17T09:57:46.156+0800][53.672s][info][gc,heap        ] GC(2148) PSYoungGen: 8121K(14336K)->3552K(14336K) Eden: 7137K(7168K)->0K(7168K) From: 984K(7168K)->3552K(7168K)
[2026-06-17T09:57:46.157+0800][53.673s][info][gc,heap        ] GC(2148) ParOldGen: 32645K(44032K)->33605K(44032K)
[2026-06-17T09:57:46.157+0800][53.673s][info][gc,metaspace   ] GC(2148) Metaspace: 157K(384K)->157K(384K) NonClass: 153K(256K)->153K(256K) Class: 4K(128K)->4K(128K)
[2026-06-17T09:57:46.157+0800][53.673s][info][gc             ] GC(2148) Pause Young (Allocation Failure) 39M->36M(57M) 2.667ms
[2026-06-17T09:57:46.158+0800][53.674s][info][gc,cpu         ] GC(2148) User=0.00s Sys=0.00s Real=0.00s
[2026-06-17T09:57:46.169+0800][53.685s][info][gc,start       ] GC(2149) Pause Young (Allocation Failure)
[2026-06-17T09:57:46.169+0800][53.685s][info][gc,heap        ] GC(2149) PSYoungGen: 10702K(14336K)->1522K(14336K) Eden: 7150K(7168K)->0K(7168K) From: 3552K(7168K)->1522K(7168K)
[2026-06-17T09:57:46.170+0800][53.686s][info][gc,heap        ] GC(2149) ParOldGen: 33605K(44032K)->36040K(44032K)
[2026-06-17T09:57:46.170+0800][53.686s][info][gc,metaspace   ] GC(2149) Metaspace: 157K(384K)->157K(384K) NonClass: 153K(256K)->153K(256K) Class: 4K(128K)->4K(128K)
[2026-06-17T09:57:46.170+0800][53.686s][info][gc             ] GC(2149) Pause Young (Allocation Failure) 43M->36M(57M) 1.175ms
[2026-06-17T09:57:46.170+0800][53.686s][info][gc,cpu         ] GC(2149) User=0.00s Sys=0.00s Real=0.00s
[2026-06-17T09:57:46.201+0800][53.717s][info][gc,start       ] GC(2150) Pause Young (Allocation Failure)
[2026-06-17T09:57:46.202+0800][53.718s][info][gc,heap        ] GC(2150) PSYoungGen: 8690K(14336K)->479K(14336K) Eden: 7168K(7168K)->0K(7168K) From: 1522K(7168K)->479K(7168K)
[2026-06-17T09:57:46.202+0800][53.718s][info][gc,heap        ] GC(2150) ParOldGen: 36040K(44032K)->37538K(44032K)
[2026-06-17T09:57:46.202+0800][53.718s][info][gc,metaspace   ] GC(2150) Metaspace: 157K(384K)->157K(384K) NonClass: 153K(256K)->153K(256K) Class: 4K(128K)->4K(128K)
[2026-06-17T09:57:46.202+0800][53.718s][info][gc             ] GC(2150) Pause Young (Allocation Failure) 43M->37M(57M) 1.133ms
[2026-06-17T09:57:46.202+0800][53.718s][info][gc,cpu         ] GC(2150) User=0.00s Sys=0.00s Real=0.00s
[2026-06-17T09:57:46.213+0800][53.729s][info][gc,start       ] GC(2151) Pause Young (Allocation Failure)
[2026-06-17T09:57:46.214+0800][53.730s][info][gc,heap        ] GC(2151) PSYoungGen: 7623K(14336K)->3669K(14336K) Eden: 7144K(7168K)->0K(7168K) From: 479K(7168K)->3669K(7168K)
[2026-06-17T09:57:46.214+0800][53.730s][info][gc,heap        ] GC(2151) ParOldGen: 37538K(44032K)->37985K(44032K)
[2026-06-17T09:57:46.214+0800][53.730s][info][gc,metaspace   ] GC(2151) Metaspace: 157K(384K)->157K(384K) NonClass: 153K(256K)->153K(256K) Class: 4K(128K)->4K(128K)
[2026-06-17T09:57:46.215+0800][53.731s][info][gc             ] GC(2151) Pause Young (Allocation Failure) 44M->40M(57M) 1.366ms
[2026-06-17T09:57:46.215+0800][53.731s][info][gc,cpu         ] GC(2151) User=0.00s Sys=0.00s Real=0.00s
[2026-06-17T09:57:46.236+0800][53.752s][info][gc,start       ] GC(2152) Pause Young (Allocation Failure)
[2026-06-17T09:57:46.236+0800][53.752s][info][gc,heap        ] GC(2152) PSYoungGen: 10821K(14336K)->4122K(14336K) Eden: 7151K(7168K)->0K(7168K) From: 3669K(7168K)->4122K(7168K)
[2026-06-17T09:57:46.237+0800][53.753s][info][gc,heap        ] GC(2152) ParOldGen: 37985K(44032K)->37985K(44032K)
[2026-06-17T09:57:46.237+0800][53.753s][info][gc,metaspace   ] GC(2152) Metaspace: 157K(384K)->157K(384K) NonClass: 153K(256K)->153K(256K) Class: 4K(128K)->4K(128K)
[2026-06-17T09:57:46.237+0800][53.753s][info][gc             ] GC(2152) Pause Young (Allocation Failure) 47M->41M(57M) 1.283ms
[2026-06-17T09:57:46.237+0800][53.753s][info][gc,cpu         ] GC(2152) User=0.00s Sys=0.00s Real=0.00s
[2026-06-17T09:57:46.258+0800][53.774s][info][gc,start       ] GC(2153) Pause Young (Allocation Failure)
[2026-06-17T09:57:46.259+0800][53.775s][info][gc,heap        ] GC(2153) PSYoungGen: 11258K(14336K)->4183K(14336K) Eden: 7135K(7168K)->0K(7168K) From: 4122K(7168K)->4183K(7168K)
[2026-06-17T09:57:46.259+0800][53.775s][info][gc,heap        ] GC(2153) ParOldGen: 37985K(44032K)->37985K(44032K)
[2026-06-17T09:57:46.260+0800][53.776s][info][gc,metaspace   ] GC(2153) Metaspace: 157K(384K)->157K(384K) NonClass: 153K(256K)->153K(256K) Class: 4K(128K)->4K(128K)
[2026-06-17T09:57:46.260+0800][53.776s][info][gc             ] GC(2153) Pause Young (Allocation Failure) 48M->41M(57M) 1.748ms
[2026-06-17T09:57:46.260+0800][53.776s][info][gc,cpu         ] GC(2153) User=0.00s Sys=0.00s Real=0.00s
[2026-06-17T09:57:46.271+0800][53.787s][info][gc,start       ] GC(2154) Pause Young (Allocation Failure)
[2026-06-17T09:57:46.273+0800][53.789s][info][gc,heap        ] GC(2154) PSYoungGen: 11228K(14336K)->4298K(14336K) Eden: 7045K(7168K)->0K(7168K) From: 4183K(7168K)->4298K(7168K)
[2026-06-17T09:57:46.274+0800][53.790s][info][gc,heap        ] GC(2154) ParOldGen: 37985K(44032K)->37985K(44032K)
[2026-06-17T09:57:46.275+0800][53.791s][info][gc,metaspace   ] GC(2154) Metaspace: 157K(384K)->157K(384K) NonClass: 153K(256K)->153K(256K) Class: 4K(128K)->4K(128K)
[2026-06-17T09:57:46.275+0800][53.791s][info][gc             ] GC(2154) Pause Young (Allocation Failure) 48M->41M(57M) 3.941ms
[2026-06-17T09:57:46.279+0800][53.795s][info][gc,cpu         ] GC(2154) User=0.00s Sys=0.00s Real=0.00s
[2026-06-17T09:57:46.305+0800][53.821s][info][gc,start       ] GC(2155) Pause Young (Allocation Failure)
[2026-06-17T09:57:46.311+0800][53.827s][info][gc,heap        ] GC(2155) PSYoungGen: 11435K(14336K)->7116K(14336K) Eden: 7136K(7168K)->0K(7168K) From: 4298K(7168K)->7116K(7168K)
[2026-06-17T09:57:46.312+0800][53.828s][info][gc,heap        ] GC(2155) ParOldGen: 37985K(44032K)->39071K(44032K)
[2026-06-17T09:57:46.312+0800][53.828s][info][gc,metaspace   ] GC(2155) Metaspace: 157K(384K)->157K(384K) NonClass: 153K(256K)->153K(256K) Class: 4K(128K)->4K(128K)
[2026-06-17T09:57:46.312+0800][53.828s][info][gc             ] GC(2155) Pause Young (Allocation Failure) 48M->45M(57M) 7.137ms
[2026-06-17T09:57:46.313+0800][53.829s][info][gc,cpu         ] GC(2155) User=0.01s Sys=0.00s Real=0.01s
[2026-06-17T09:57:46.335+0800][53.851s][info][gc,start       ] GC(2156) Pause Young (Allocation Failure)
[2026-06-17T09:57:46.336+0800][53.852s][info][gc,heap        ] GC(2156) PSYoungGen: 14270K(14336K)->6764K(14336K) Eden: 7153K(7168K)->0K(7168K) From: 7116K(7168K)->6764K(7168K)
[2026-06-17T09:57:46.337+0800][53.853s][info][gc,heap        ] GC(2156) ParOldGen: 39071K(44032K)->39566K(44032K)
[2026-06-17T09:57:46.338+0800][53.854s][info][gc,metaspace   ] GC(2156) Metaspace: 157K(384K)->157K(384K) NonClass: 153K(256K)->153K(256K) Class: 4K(128K)->4K(128K)
[2026-06-17T09:57:46.338+0800][53.854s][info][gc             ] GC(2156) Pause Young (Allocation Failure) 52M->45M(57M) 3.589ms
[2026-06-17T09:57:46.341+0800][53.857s][info][gc,cpu         ] GC(2156) User=0.00s Sys=0.01s Real=0.00s
[2026-06-17T09:57:46.363+0800][53.879s][info][gc,start       ] GC(2157) Pause Young (Allocation Failure)
[2026-06-17T09:57:46.365+0800][53.881s][info][gc,heap        ] GC(2157) PSYoungGen: 13926K(14336K)->4421K(14336K) Eden: 7161K(7168K)->0K(7168K) From: 6764K(7168K)->4421K(7168K)
[2026-06-17T09:57:46.365+0800][53.881s][info][gc,heap        ] GC(2157) ParOldGen: 39566K(44032K)->42236K(44032K)
[2026-06-17T09:57:46.365+0800][53.881s][info][gc,metaspace   ] GC(2157) Metaspace: 157K(384K)->157K(384K) NonClass: 153K(256K)->153K(256K) Class: 4K(128K)->4K(128K)
[2026-06-17T09:57:46.366+0800][53.882s][info][gc             ] GC(2157) Pause Young (Allocation Failure) 52M->45M(57M) 2.077ms
[2026-06-17T09:57:46.366+0800][53.882s][info][gc,cpu         ] GC(2157) User=0.00s Sys=0.00s Real=0.00s
[2026-06-17T09:57:46.377+0800][53.893s][info][gc,start       ] GC(2158) Pause Full (Ergonomics)
[2026-06-17T09:57:46.377+0800][53.893s][info][gc,phases,start] GC(2158) Marking Phase
[2026-06-17T09:57:46.382+0800][53.898s][info][gc,phases      ] GC(2158) Marking Phase 5.123ms
[2026-06-17T09:57:46.384+0800][53.900s][info][gc,phases,start] GC(2158) Summary Phase
[2026-06-17T09:57:46.385+0800][53.901s][info][gc,phases      ] GC(2158) Summary Phase 1.136ms
[2026-06-17T09:57:46.386+0800][53.902s][info][gc,phases,start] GC(2158) Adjust Roots
[2026-06-17T09:57:46.426+0800][53.942s][info][gc,phases      ] GC(2158) Adjust Roots 39.979ms
[2026-06-17T09:57:46.438+0800][53.954s][info][gc,phases,start] GC(2158) Compaction Phase
[2026-06-17T09:57:46.476+0800][53.992s][info][gc,phases      ] GC(2158) Compaction Phase 37.682ms
[2026-06-17T09:57:46.478+0800][53.994s][info][gc,phases,start] GC(2158) Post Compact
[2026-06-17T09:57:46.479+0800][53.995s][info][gc,phases      ] GC(2158) Post Compact 0.870ms
[2026-06-17T09:57:46.479+0800][53.995s][info][gc,heap        ] GC(2158) PSYoungGen: 11578K(14336K)->0K(14336K) Eden: 7156K(7168K)->0K(7168K) From: 4421K(7168K)->0K(7168K)
[2026-06-17T09:57:46.479+0800][53.995s][info][gc,heap        ] GC(2158) ParOldGen: 42236K(44032K)->27164K(44032K)
[2026-06-17T09:57:46.480+0800][53.996s][info][gc,metaspace   ] GC(2158) Metaspace: 157K(384K)->157K(384K) NonClass: 153K(256K)->153K(256K) Class: 4K(128K)->4K(128K)
[2026-06-17T09:57:46.480+0800][53.996s][info][gc             ] GC(2158) Pause Full (Ergonomics) 52M->26M(57M) 102.971ms
[2026-06-17T09:57:46.480+0800][53.996s][info][gc,cpu         ] GC(2158) User=0.01s Sys=0.00s Real=0.10s
[2026-06-17T09:57:46.502+0800][54.018s][info][gc,start       ] GC(2159) Pause Young (Allocation Failure)
[2026-06-17T09:57:46.504+0800][54.020s][info][gc,heap        ] GC(2159) PSYoungGen: 7159K(14336K)->3859K(14336K) Eden: 7159K(7168K)->0K(7168K) From: 0K(7168K)->3859K(7168K)
[2026-06-17T09:57:46.505+0800][54.021s][info][gc,heap        ] GC(2159) ParOldGen: 27164K(44032K)->27164K(44032K)
[2026-06-17T09:57:46.505+0800][54.021s][info][gc,metaspace   ] GC(2159) Metaspace: 157K(384K)->157K(384K) NonClass: 153K(256K)->153K(256K) Class: 4K(128K)->4K(128K)
[2026-06-17T09:57:46.509+0800][54.025s][info][gc             ] GC(2159) Pause Young (Allocation Failure) 33M->30M(57M) 7.152ms
[2026-06-17T09:57:46.514+0800][54.030s][info][gc,cpu         ] GC(2159) User=0.00s Sys=0.00s Real=0.02s
[2026-06-17T09:57:46.536+0800][54.052s][info][gc,start       ] GC(2160) Pause Young (Allocation Failure)
[2026-06-17T09:57:46.539+0800][54.055s][info][gc,heap        ] GC(2160) PSYoungGen: 11026K(14336K)->3597K(14336K) Eden: 7166K(7168K)->0K(7168K) From: 3859K(7168K)->3597K(7168K)
[2026-06-17T09:57:46.542+0800][54.058s][info][gc,heap        ] GC(2160) ParOldGen: 27164K(44032K)->27955K(44032K)
[2026-06-17T09:57:46.544+0800][54.060s][info][gc,metaspace   ] GC(2160) Metaspace: 157K(384K)->157K(384K) NonClass: 153K(256K)->153K(256K) Class: 4K(128K)->4K(128K)
[2026-06-17T09:57:46.546+0800][54.062s][info][gc             ] GC(2160) Pause Young (Allocation Failure) 37M->30M(57M) 9.228ms
[2026-06-17T09:57:46.550+0800][54.066s][info][gc,cpu         ] GC(2160) User=0.00s Sys=0.00s Real=0.01s
[2026-06-17T09:57:46.572+0800][54.088s][info][gc,start       ] GC(2161) Pause Young (Allocation Failure)
[2026-06-17T09:57:46.578+0800][54.094s][info][gc,heap        ] GC(2161) PSYoungGen: 10728K(14336K)->2178K(14336K) Eden: 7131K(7168K)->0K(7168K) From: 3597K(7168K)->2178K(7168K)
[2026-06-17T09:57:46.581+0800][54.097s][info][gc,heap        ] GC(2161) ParOldGen: 27955K(44032K)->29775K(44032K)
[2026-06-17T09:57:46.588+0800][54.104s][info][gc,metaspace   ] GC(2161) Metaspace: 157K(384K)->157K(384K) NonClass: 153K(256K)->153K(256K) Class: 4K(128K)->4K(128K)
[2026-06-17T09:57:46.588+0800][54.104s][info][gc             ] GC(2161) Pause Young (Allocation Failure) 37M->31M(57M) 16.087ms
[2026-06-17T09:57:46.595+0800][54.111s][info][gc,cpu         ] GC(2161) User=0.00s Sys=0.00s Real=0.02s
[2026-06-17T09:57:46.617+0800][54.133s][info][gc,start       ] GC(2162) Pause Young (Allocation Failure)
[2026-06-17T09:57:46.620+0800][54.136s][info][gc,heap        ] GC(2162) PSYoungGen: 9346K(14336K)->530K(14336K) Eden: 7168K(7168K)->0K(7168K) From: 2178K(7168K)->530K(7168K)
[2026-06-17T09:57:46.622+0800][54.138s][info][gc,heap        ] GC(2162) ParOldGen: 29775K(44032K)->31734K(44032K)
[2026-06-17T09:57:46.625+0800][54.141s][info][gc,metaspace   ] GC(2162) Metaspace: 157K(384K)->157K(384K) NonClass: 153K(256K)->153K(256K) Class: 4K(128K)->4K(128K)
[2026-06-17T09:57:46.627+0800][54.143s][info][gc             ] GC(2162) Pause Young (Allocation Failure) 38M->31M(57M) 10.538ms
[2026-06-17T09:57:46.629+0800][54.145s][info][gc,cpu         ] GC(2162) User=0.00s Sys=0.00s Real=0.01s
[2026-06-17T09:57:46.642+0800][54.158s][info][gc,start       ] GC(2163) Pause Young (Allocation Failure)
[2026-06-17T09:57:46.643+0800][54.159s][info][gc,heap        ] GC(2163) PSYoungGen: 7672K(14336K)->4333K(14336K) Eden: 7141K(7168K)->0K(7168K) From: 530K(7168K)->4333K(7168K)
[2026-06-17T09:57:46.646+0800][54.162s][info][gc,heap        ] GC(2163) ParOldGen: 31734K(44032K)->31734K(44032K)
[2026-06-17T09:57:46.647+0800][54.163s][info][gc,metaspace   ] GC(2163) Metaspace: 157K(384K)->157K(384K) NonClass: 153K(256K)->153K(256K) Class: 4K(128K)->4K(128K)
[2026-06-17T09:57:46.649+0800][54.165s][info][gc             ] GC(2163) Pause Young (Allocation Failure) 38M->35M(57M) 7.232ms
[2026-06-17T09:57:46.651+0800][54.167s][info][gc,cpu         ] GC(2163) User=0.00s Sys=0.00s Real=0.02s
[2026-06-17T09:57:46.674+0800][54.190s][info][gc,start       ] GC(2164) Pause Young (Allocation Failure)
[2026-06-17T09:57:46.676+0800][54.192s][info][gc,heap        ] GC(2164) PSYoungGen: 11488K(14336K)->2363K(14336K) Eden: 7155K(7168K)->0K(7168K) From: 4333K(7168K)->2363K(7168K)
[2026-06-17T09:57:46.676+0800][54.192s][info][gc,heap        ] GC(2164) ParOldGen: 31734K(44032K)->33718K(44032K)
[2026-06-17T09:57:46.677+0800][54.193s][info][gc,metaspace   ] GC(2164) Metaspace: 157K(384K)->157K(384K) NonClass: 153K(256K)->153K(256K) Class: 4K(128K)->4K(128K)
[2026-06-17T09:57:46.677+0800][54.193s][info][gc             ] GC(2164) Pause Young (Allocation Failure) 42M->35M(57M) 3.036ms
[2026-06-17T09:57:46.678+0800][54.194s][info][gc,cpu         ] GC(2164) User=0.01s Sys=0.00s Real=0.00s
[2026-06-17T09:57:46.699+0800][54.215s][info][gc,start       ] GC(2165) Pause Young (Allocation Failure)
[2026-06-17T09:57:46.700+0800][54.216s][info][gc,heap        ] GC(2165) PSYoungGen: 9520K(14336K)->2645K(14336K) Eden: 7156K(7168K)->0K(7168K) From: 2363K(7168K)->2645K(7168K)
[2026-06-17T09:57:46.701+0800][54.217s][info][gc,heap        ] GC(2165) ParOldGen: 33718K(44032K)->33718K(44032K)
[2026-06-17T09:57:46.701+0800][54.217s][info][gc,metaspace   ] GC(2165) Metaspace: 157K(384K)->157K(384K) NonClass: 153K(256K)->153K(256K) Class: 4K(128K)->4K(128K)
[2026-06-17T09:57:46.701+0800][54.217s][info][gc             ] GC(2165) Pause Young (Allocation Failure) 42M->35M(57M) 2.068ms
[2026-06-17T09:57:46.702+0800][54.218s][info][gc,cpu         ] GC(2165) User=0.00s Sys=0.00s Real=0.00s
[2026-06-17T09:57:46.713+0800][54.229s][info][gc,start       ] GC(2166) Pause Young (Allocation Failure)
[2026-06-17T09:57:46.714+0800][54.230s][info][gc,heap        ] GC(2166) PSYoungGen: 9656K(14336K)->706K(14336K) Eden: 7011K(7168K)->0K(7168K) From: 2645K(7168K)->706K(7168K)
[2026-06-17T09:57:46.715+0800][54.231s][info][gc,heap        ] GC(2166) ParOldGen: 33718K(44032K)->36021K(44032K)
[2026-06-17T09:57:46.715+0800][54.231s][info][gc,metaspace   ] GC(2166) Metaspace: 157K(384K)->157K(384K) NonClass: 153K(256K)->153K(256K) Class: 4K(128K)->4K(128K)
[2026-06-17T09:57:46.715+0800][54.231s][info][gc             ] GC(2166) Pause Young (Allocation Failure) 42M->35M(57M) 1.924ms
[2026-06-17T09:57:46.715+0800][54.231s][info][gc,cpu         ] GC(2166) User=0.00s Sys=0.00s Real=0.00s
[2026-06-17T09:57:46.736+0800][54.253s][info][gc,start       ] GC(2167) Pause Young (Allocation Failure)
[2026-06-17T09:57:46.738+0800][54.254s][info][gc,heap        ] GC(2167) PSYoungGen: 7869K(14336K)->3707K(14336K) Eden: 7163K(7168K)->0K(7168K) From: 706K(7168K)->3707K(7168K)
[2026-06-17T09:57:46.738+0800][54.254s][info][gc,heap        ] GC(2167) ParOldGen: 36021K(44032K)->36703K(44032K)
[2026-06-17T09:57:46.739+0800][54.255s][info][gc,metaspace   ] GC(2167) Metaspace: 157K(384K)->157K(384K) NonClass: 153K(256K)->153K(256K) Class: 4K(128K)->4K(128K)
[2026-06-17T09:57:46.739+0800][54.255s][info][gc             ] GC(2167) Pause Young (Allocation Failure) 42M->39M(57M) 2.374ms
[2026-06-17T09:57:46.739+0800][54.255s][info][gc,cpu         ] GC(2167) User=0.00s Sys=0.00s Real=0.00s
[2026-06-17T09:57:46.750+0800][54.266s][info][gc,start       ] GC(2168) Pause Young (Allocation Failure)
[2026-06-17T09:57:46.751+0800][54.267s][info][gc,heap        ] GC(2168) PSYoungGen: 10850K(14336K)->3951K(14336K) Eden: 7143K(7168K)->0K(7168K) From: 3707K(7168K)->3951K(7168K)
[2026-06-17T09:57:46.752+0800][54.268s][info][gc,heap        ] GC(2168) ParOldGen: 36703K(44032K)->36703K(44032K)
[2026-06-17T09:57:46.752+0800][54.268s][info][gc,metaspace   ] GC(2168) Metaspace: 157K(384K)->157K(384K) NonClass: 153K(256K)->153K(256K) Class: 4K(128K)->4K(128K)
[2026-06-17T09:57:46.753+0800][54.269s][info][gc             ] GC(2168) Pause Young (Allocation Failure) 46M->39M(57M) 2.538ms
[2026-06-17T09:57:46.753+0800][54.269s][info][gc,cpu         ] GC(2168) User=0.00s Sys=0.00s Real=0.01s
[2026-06-17T09:57:46.774+0800][54.290s][info][gc,start       ] GC(2169) Pause Young (Allocation Failure)
[2026-06-17T09:57:46.775+0800][54.291s][info][gc,heap        ] GC(2169) PSYoungGen: 11109K(14336K)->7019K(14336K) Eden: 7158K(7168K)->0K(7168K) From: 3951K(7168K)->7019K(7168K)
[2026-06-17T09:57:46.775+0800][54.291s][info][gc,heap        ] GC(2169) ParOldGen: 36703K(44032K)->36900K(44032K)
[2026-06-17T09:57:46.775+0800][54.291s][info][gc,metaspace   ] GC(2169) Metaspace: 157K(384K)->157K(384K) NonClass: 153K(256K)->153K(256K) Class: 4K(128K)->4K(128K)
[2026-06-17T09:57:46.775+0800][54.291s][info][gc             ] GC(2169) Pause Young (Allocation Failure) 46M->42M(57M) 1.527ms
[2026-06-17T09:57:46.775+0800][54.291s][info][gc,cpu         ] GC(2169) User=0.01s Sys=0.00s Real=0.00s
[2026-06-17T09:57:46.786+0800][54.302s][info][gc,start       ] GC(2170) Pause Young (Allocation Failure)
[2026-06-17T09:57:46.787+0800][54.303s][info][gc,heap        ] GC(2170) PSYoungGen: 13939K(14336K)->3427K(14336K) Eden: 6919K(7168K)->0K(7168K) From: 7019K(7168K)->3427K(7168K)
[2026-06-17T09:57:46.787+0800][54.303s][info][gc,heap        ] GC(2170) ParOldGen: 36900K(44032K)->40630K(44032K)
[2026-06-17T09:57:46.788+0800][54.304s][info][gc,metaspace   ] GC(2170) Metaspace: 157K(384K)->157K(384K) NonClass: 153K(256K)->153K(256K) Class: 4K(128K)->4K(128K)
[2026-06-17T09:57:46.788+0800][54.304s][info][gc             ] GC(2170) Pause Young (Allocation Failure) 49M->43M(57M) 1.592ms
[2026-06-17T09:57:46.788+0800][54.304s][info][gc,cpu         ] GC(2170) User=0.00s Sys=0.00s Real=0.00s
[2026-06-17T09:57:46.809+0800][54.325s][info][gc,start       ] GC(2171) Pause Full (Ergonomics)
[2026-06-17T09:57:46.810+0800][54.326s][info][gc,phases,start] GC(2171) Marking Phase
[2026-06-17T09:57:46.811+0800][54.327s][info][gc,phases      ] GC(2171) Marking Phase 1.189ms
[2026-06-17T09:57:46.811+0800][54.327s][info][gc,phases,start] GC(2171) Summary Phase
[2026-06-17T09:57:46.812+0800][54.328s][info][gc,phases      ] GC(2171) Summary Phase 0.143ms
[2026-06-17T09:57:46.812+0800][54.328s][info][gc,phases,start] GC(2171) Adjust Roots
[2026-06-17T09:57:46.812+0800][54.328s][info][gc,phases      ] GC(2171) Adjust Roots 0.275ms
[2026-06-17T09:57:46.812+0800][54.328s][info][gc,phases,start] GC(2171) Compaction Phase
[2026-06-17T09:57:46.814+0800][54.330s][info][gc,phases      ] GC(2171) Compaction Phase 1.682ms
[2026-06-17T09:57:46.814+0800][54.330s][info][gc,phases,start] GC(2171) Post Compact
[2026-06-17T09:57:46.814+0800][54.330s][info][gc,phases      ] GC(2171) Post Compact 0.234ms
[2026-06-17T09:57:46.814+0800][54.330s][info][gc,heap        ] GC(2171) PSYoungGen: 10552K(14336K)->0K(14336K) Eden: 7125K(7168K)->0K(7168K) From: 3427K(7168K)->0K(7168K)
[2026-06-17T09:57:46.814+0800][54.330s][info][gc,heap        ] GC(2171) ParOldGen: 40630K(44032K)->34465K(44032K)
[2026-06-17T09:57:46.815+0800][54.331s][info][gc,metaspace   ] GC(2171) Metaspace: 157K(384K)->157K(384K) NonClass: 153K(256K)->153K(256K) Class: 4K(128K)->4K(128K)
[2026-06-17T09:57:46.815+0800][54.331s][info][gc             ] GC(2171) Pause Full (Ergonomics) 49M->33M(57M) 5.504ms
[2026-06-17T09:57:46.815+0800][54.331s][info][gc,cpu         ] GC(2171) User=0.00s Sys=0.00s Real=0.01s
[2026-06-17T09:57:46.836+0800][54.352s][info][gc,start       ] GC(2172) Pause Young (Allocation Failure)
[2026-06-17T09:57:46.836+0800][54.352s][info][gc,heap        ] GC(2172) PSYoungGen: 7167K(14336K)->3883K(14336K) Eden: 7167K(7168K)->0K(7168K) From: 0K(7168K)->3883K(7168K)
[2026-06-17T09:57:46.837+0800][54.353s][info][gc,heap        ] GC(2172) ParOldGen: 34465K(44032K)->34465K(44032K)
[2026-06-17T09:57:46.837+0800][54.353s][info][gc,metaspace   ] GC(2172) Metaspace: 157K(384K)->157K(384K) NonClass: 153K(256K)->153K(256K) Class: 4K(128K)->4K(128K)
[2026-06-17T09:57:46.837+0800][54.353s][info][gc             ] GC(2172) Pause Young (Allocation Failure) 40M->37M(57M) 1.110ms
[2026-06-17T09:57:46.837+0800][54.353s][info][gc,cpu         ] GC(2172) User=0.01s Sys=0.00s Real=0.00s
[2026-06-17T09:57:46.858+0800][54.374s][info][gc,start       ] GC(2173) Pause Young (Allocation Failure)
[2026-06-17T09:57:46.859+0800][54.375s][info][gc,heap        ] GC(2173) PSYoungGen: 11041K(14336K)->2271K(14336K) Eden: 7157K(7168K)->0K(7168K) From: 3883K(7168K)->2271K(7168K)
[2026-06-17T09:57:46.859+0800][54.375s][info][gc,heap        ] GC(2173) ParOldGen: 34465K(44032K)->36667K(44032K)
[2026-06-17T09:57:46.859+0800][54.375s][info][gc,metaspace   ] GC(2173) Metaspace: 157K(384K)->157K(384K) NonClass: 153K(256K)->153K(256K) Class: 4K(128K)->4K(128K)
[2026-06-17T09:57:46.859+0800][54.375s][info][gc             ] GC(2173) Pause Young (Allocation Failure) 44M->38M(57M) 1.221ms
[2026-06-17T09:57:46.859+0800][54.375s][info][gc,cpu         ] GC(2173) User=0.00s Sys=0.00s Real=0.00s
[2026-06-17T09:57:46.880+0800][54.396s][info][gc,start       ] GC(2174) Pause Young (Allocation Failure)
[2026-06-17T09:57:46.881+0800][54.397s][info][gc,heap        ] GC(2174) PSYoungGen: 9412K(14336K)->2760K(14336K) Eden: 7140K(7168K)->0K(7168K) From: 2271K(7168K)->2760K(7168K)
[2026-06-17T09:57:46.881+0800][54.397s][info][gc,heap        ] GC(2174) ParOldGen: 36667K(44032K)->36667K(44032K)
[2026-06-17T09:57:46.881+0800][54.397s][info][gc,metaspace   ] GC(2174) Metaspace: 157K(384K)->157K(384K) NonClass: 153K(256K)->153K(256K) Class: 4K(128K)->4K(128K)
[2026-06-17T09:57:46.881+0800][54.397s][info][gc             ] GC(2174) Pause Young (Allocation Failure) 45M->38M(57M) 1.147ms
[2026-06-17T09:57:46.881+0800][54.397s][info][gc,cpu         ] GC(2174) User=0.00s Sys=0.00s Real=0.00s
[2026-06-17T09:57:46.892+0800][54.408s][info][gc,start       ] GC(2175) Pause Young (Allocation Failure)
[2026-06-17T09:57:46.893+0800][54.409s][info][gc,heap        ] GC(2175) PSYoungGen: 9847K(14336K)->2852K(14336K) Eden: 7086K(7168K)->0K(7168K) From: 2760K(7168K)->2852K(7168K)
[2026-06-17T09:57:46.893+0800][54.409s][info][gc,heap        ] GC(2175) ParOldGen: 36667K(44032K)->36667K(44032K)
[2026-06-17T09:57:46.893+0800][54.409s][info][gc,metaspace   ] GC(2175) Metaspace: 157K(384K)->157K(384K) NonClass: 153K(256K)->153K(256K) Class: 4K(128K)->4K(128K)
[2026-06-17T09:57:46.893+0800][54.409s][info][gc             ] GC(2175) Pause Young (Allocation Failure) 45M->38M(57M) 1.059ms
[2026-06-17T09:57:46.893+0800][54.409s][info][gc,cpu         ] GC(2175) User=0.00s Sys=0.00s Real=0.00s
[2026-06-17T09:57:46.914+0800][54.430s][info][gc,start       ] GC(2176) Pause Young (Allocation Failure)
[2026-06-17T09:57:46.915+0800][54.431s][info][gc,heap        ] GC(2176) PSYoungGen: 10015K(14336K)->6605K(14336K) Eden: 7163K(7168K)->0K(7168K) From: 2852K(7168K)->6605K(7168K)
[2026-06-17T09:57:46.915+0800][54.431s][info][gc,heap        ] GC(2176) ParOldGen: 36667K(44032K)->36667K(44032K)
[2026-06-17T09:57:46.916+0800][54.432s][info][gc,metaspace   ] GC(2176) Metaspace: 157K(384K)->157K(384K) NonClass: 153K(256K)->153K(256K) Class: 4K(128K)->4K(128K)
[2026-06-17T09:57:46.916+0800][54.432s][info][gc             ] GC(2176) Pause Young (Allocation Failure) 45M->42M(57M) 1.562ms
[2026-06-17T09:57:46.916+0800][54.432s][info][gc,cpu         ] GC(2176) User=0.00s Sys=0.00s Real=0.00s
[2026-06-17T09:57:46.927+0800][54.443s][info][gc,start       ] GC(2177) Pause Young (Allocation Failure)
[2026-06-17T09:57:46.928+0800][54.444s][info][gc,heap        ] GC(2177) PSYoungGen: 13692K(14336K)->3795K(14336K) Eden: 7087K(7168K)->0K(7168K) From: 6605K(7168K)->3795K(7168K)
[2026-06-17T09:57:46.928+0800][54.444s][info][gc,heap        ] GC(2177) ParOldGen: 36667K(44032K)->39471K(44032K)
[2026-06-17T09:57:46.928+0800][54.444s][info][gc,metaspace   ] GC(2177) Metaspace: 157K(384K)->157K(384K) NonClass: 153K(256K)->153K(256K) Class: 4K(128K)->4K(128K)
[2026-06-17T09:57:46.928+0800][54.444s][info][gc             ] GC(2177) Pause Young (Allocation Failure) 49M->42M(57M) 1.656ms
[2026-06-17T09:57:46.929+0800][54.445s][info][gc,cpu         ] GC(2177) User=0.00s Sys=0.00s Real=0.00s
[2026-06-17T09:57:46.949+0800][54.465s][info][gc,start       ] GC(2178) Pause Young (Allocation Failure)
[2026-06-17T09:57:46.951+0800][54.467s][info][gc,heap        ] GC(2178) PSYoungGen: 10961K(14336K)->3606K(14336K) Eden: 7166K(7168K)->0K(7168K) From: 3795K(7168K)->3606K(7168K)
[2026-06-17T09:57:46.951+0800][54.467s][info][gc,heap        ] GC(2178) ParOldGen: 39471K(44032K)->43242K(44032K)
[2026-06-17T09:57:46.951+0800][54.467s][info][gc,metaspace   ] GC(2178) Metaspace: 157K(384K)->157K(384K) NonClass: 153K(256K)->153K(256K) Class: 4K(128K)->4K(128K)
[2026-06-17T09:57:46.951+0800][54.467s][info][gc             ] GC(2178) Pause Young (Allocation Failure) 49M->45M(57M) 1.613ms
[2026-06-17T09:57:46.951+0800][54.467s][info][gc,cpu         ] GC(2178) User=0.01s Sys=0.00s Real=0.01s
[2026-06-17T09:57:46.972+0800][54.488s][info][gc,start       ] GC(2179) Pause Full (Ergonomics)
[2026-06-17T09:57:46.972+0800][54.488s][info][gc,phases,start] GC(2179) Marking Phase
[2026-06-17T09:57:46.973+0800][54.489s][info][gc,phases      ] GC(2179) Marking Phase 0.775ms
[2026-06-17T09:57:46.973+0800][54.489s][info][gc,phases,start] GC(2179) Summary Phase
[2026-06-17T09:57:46.974+0800][54.490s][info][gc,phases      ] GC(2179) Summary Phase 0.138ms
[2026-06-17T09:57:46.974+0800][54.490s][info][gc,phases,start] GC(2179) Adjust Roots
[2026-06-17T09:57:46.974+0800][54.490s][info][gc,phases      ] GC(2179) Adjust Roots 0.214ms
[2026-06-17T09:57:46.974+0800][54.490s][info][gc,phases,start] GC(2179) Compaction Phase
[2026-06-17T09:57:46.976+0800][54.492s][info][gc,phases      ] GC(2179) Compaction Phase 1.697ms
[2026-06-17T09:57:46.976+0800][54.492s][info][gc,phases,start] GC(2179) Post Compact
[2026-06-17T09:57:46.976+0800][54.492s][info][gc,phases      ] GC(2179) Post Compact 0.231ms
[2026-06-17T09:57:46.976+0800][54.492s][info][gc,heap        ] GC(2179) PSYoungGen: 10727K(14336K)->0K(14336K) Eden: 7120K(7168K)->0K(7168K) From: 3606K(7168K)->0K(7168K)
[2026-06-17T09:57:46.976+0800][54.492s][info][gc,heap        ] GC(2179) ParOldGen: 43242K(44032K)->34166K(44032K)
[2026-06-17T09:57:46.977+0800][54.493s][info][gc,metaspace   ] GC(2179) Metaspace: 157K(384K)->157K(384K) NonClass: 153K(256K)->153K(256K) Class: 4K(128K)->4K(128K)
[2026-06-17T09:57:46.977+0800][54.493s][info][gc             ] GC(2179) Pause Full (Ergonomics) 52M->33M(57M) 4.591ms
[2026-06-17T09:57:46.977+0800][54.493s][info][gc,cpu         ] GC(2179) User=0.00s Sys=0.00s Real=0.00s
[2026-06-17T09:57:46.998+0800][54.514s][info][gc,start       ] GC(2180) Pause Young (Allocation Failure)
[2026-06-17T09:57:46.999+0800][54.515s][info][gc,heap        ] GC(2180) PSYoungGen: 7128K(14336K)->3847K(14336K) Eden: 7128K(7168K)->0K(7168K) From: 0K(7168K)->3847K(7168K)
[2026-06-17T09:57:46.999+0800][54.515s][info][gc,heap        ] GC(2180) ParOldGen: 34166K(44032K)->34166K(44032K)
[2026-06-17T09:57:46.999+0800][54.515s][info][gc,metaspace   ] GC(2180) Metaspace: 157K(384K)->157K(384K) NonClass: 153K(256K)->153K(256K) Class: 4K(128K)->4K(128K)
[2026-06-17T09:57:46.999+0800][54.515s][info][gc             ] GC(2180) Pause Young (Allocation Failure) 40M->37M(57M) 1.281ms
[2026-06-17T09:57:46.999+0800][54.515s][info][gc,cpu         ] GC(2180) User=0.00s Sys=0.00s Real=0.00s
[2026-06-17T09:57:47.010+0800][54.526s][info][gc,start       ] GC(2181) Pause Young (Allocation Failure)
[2026-06-17T09:57:47.011+0800][54.527s][info][gc,heap        ] GC(2181) PSYoungGen: 10990K(14336K)->6630K(13824K) Eden: 7143K(7168K)->0K(7168K) From: 3847K(7168K)->6630K(6656K)
[2026-06-17T09:57:47.011+0800][54.527s][info][gc,heap        ] GC(2181) ParOldGen: 34166K(44032K)->34787K(44032K)
[2026-06-17T09:57:47.011+0800][54.527s][info][gc,metaspace   ] GC(2181) Metaspace: 157K(384K)->157K(384K) NonClass: 153K(256K)->153K(256K) Class: 4K(128K)->4K(128K)
[2026-06-17T09:57:47.011+0800][54.527s][info][gc             ] GC(2181) Pause Young (Allocation Failure) 44M->40M(56M) 1.248ms
[2026-06-17T09:57:47.011+0800][54.527s][info][gc,cpu         ] GC(2181) User=0.01s Sys=0.00s Real=0.01s
[2026-06-17T09:57:47.032+0800][54.548s][info][gc,start       ] GC(2182) Pause Young (Allocation Failure)
[2026-06-17T09:57:47.033+0800][54.549s][info][gc,heap        ] GC(2182) PSYoungGen: 13783K(13824K)->3527K(14336K) Eden: 7153K(7168K)->0K(7168K) From: 6630K(6656K)->3527K(7168K)
[2026-06-17T09:57:47.033+0800][54.549s][info][gc,heap        ] GC(2182) ParOldGen: 34787K(44032K)->37893K(44032K)
[2026-06-17T09:57:47.034+0800][54.550s][info][gc,metaspace   ] GC(2182) Metaspace: 157K(384K)->157K(384K) NonClass: 153K(256K)->153K(256K) Class: 4K(128K)->4K(128K)
[2026-06-17T09:57:47.034+0800][54.550s][info][gc             ] GC(2182) Pause Young (Allocation Failure) 47M->40M(57M) 1.294ms
[2026-06-17T09:57:47.034+0800][54.550s][info][gc,cpu         ] GC(2182) User=0.00s Sys=0.00s Real=0.00s
[2026-06-17T09:57:47.055+0800][54.571s][info][gc,start       ] GC(2183) Pause Young (Allocation Failure)
[2026-06-17T09:57:47.055+0800][54.571s][info][gc,heap        ] GC(2183) PSYoungGen: 10692K(14336K)->3378K(14336K) Eden: 7164K(7168K)->0K(7168K) From: 3527K(7168K)->3378K(7168K)
[2026-06-17T09:57:47.056+0800][54.572s][info][gc,heap        ] GC(2183) ParOldGen: 37893K(44032K)->37893K(44032K)
[2026-06-17T09:57:47.056+0800][54.572s][info][gc,metaspace   ] GC(2183) Metaspace: 157K(384K)->157K(384K) NonClass: 153K(256K)->153K(256K) Class: 4K(128K)->4K(128K)
[2026-06-17T09:57:47.056+0800][54.572s][info][gc             ] GC(2183) Pause Young (Allocation Failure) 47M->40M(57M) 1.164ms
[2026-06-17T09:57:47.056+0800][54.572s][info][gc,cpu         ] GC(2183) User=0.00s Sys=0.00s Real=0.00s
[2026-06-17T09:57:47.067+0800][54.583s][info][gc,start       ] GC(2184) Pause Young (Allocation Failure)
[2026-06-17T09:57:47.068+0800][54.584s][info][gc,heap        ] GC(2184) PSYoungGen: 10501K(14336K)->3315K(14336K) Eden: 7122K(7168K)->0K(7168K) From: 3378K(7168K)->3315K(7168K)
[2026-06-17T09:57:47.068+0800][54.584s][info][gc,heap        ] GC(2184) ParOldGen: 37893K(44032K)->37893K(44032K)
[2026-06-17T09:57:47.068+0800][54.584s][info][gc,metaspace   ] GC(2184) Metaspace: 157K(384K)->157K(384K) NonClass: 153K(256K)->153K(256K) Class: 4K(128K)->4K(128K)
[2026-06-17T09:57:47.068+0800][54.584s][info][gc             ] GC(2184) Pause Young (Allocation Failure) 47M->40M(57M) 0.990ms
[2026-06-17T09:57:47.068+0800][54.584s][info][gc,cpu         ] GC(2184) User=0.00s Sys=0.00s Real=0.00s
[2026-06-17T09:57:47.089+0800][54.605s][info][gc,start       ] GC(2185) Pause Young (Allocation Failure)
[2026-06-17T09:57:47.090+0800][54.606s][info][gc,heap        ] GC(2185) PSYoungGen: 10483K(14336K)->6941K(14336K) Eden: 7168K(7168K)->0K(7168K) From: 3315K(7168K)->6941K(7168K)
[2026-06-17T09:57:47.090+0800][54.606s][info][gc,heap        ] GC(2185) ParOldGen: 37893K(44032K)->37893K(44032K)
[2026-06-17T09:57:47.090+0800][54.606s][info][gc,metaspace   ] GC(2185) Metaspace: 157K(384K)->157K(384K) NonClass: 153K(256K)->153K(256K) Class: 4K(128K)->4K(128K)
[2026-06-17T09:57:47.090+0800][54.606s][info][gc             ] GC(2185) Pause Young (Allocation Failure) 47M->43M(57M) 1.480ms
[2026-06-17T09:57:47.091+0800][54.607s][info][gc,cpu         ] GC(2185) User=0.00s Sys=0.00s Real=0.01s
[2026-06-17T09:57:47.102+0800][54.618s][info][gc,start       ] GC(2186) Pause Young (Allocation Failure)
[2026-06-17T09:57:47.103+0800][54.619s][info][gc,heap        ] GC(2186) PSYoungGen: 14042K(14336K)->5854K(14336K) Eden: 7100K(7168K)->0K(7168K) From: 6941K(7168K)->5854K(7168K)
[2026-06-17T09:57:47.105+0800][54.621s][info][gc,heap        ] GC(2186) ParOldGen: 37893K(44032K)->39012K(44032K)
[2026-06-17T09:57:47.107+0800][54.623s][info][gc,metaspace   ] GC(2186) Metaspace: 157K(384K)->157K(384K) NonClass: 153K(256K)->153K(256K) Class: 4K(128K)->4K(128K)
[2026-06-17T09:57:47.107+0800][54.623s][info][gc             ] GC(2186) Pause Young (Allocation Failure) 50M->43M(57M) 5.436ms
[2026-06-17T09:57:47.108+0800][54.624s][info][gc,cpu         ] GC(2186) User=0.00s Sys=0.00s Real=0.01s
[2026-06-17T09:57:47.129+0800][54.645s][info][gc,start       ] GC(2187) Pause Young (Allocation Failure)
[2026-06-17T09:57:47.130+0800][54.646s][info][gc,heap        ] GC(2187) PSYoungGen: 13005K(14336K)->7095K(14336K) Eden: 7150K(7168K)->0K(7168K) From: 5854K(7168K)->7095K(7168K)
[2026-06-17T09:57:47.130+0800][54.646s][info][gc,heap        ] GC(2187) ParOldGen: 39012K(44032K)->41540K(44032K)
[2026-06-17T09:57:47.130+0800][54.646s][info][gc,metaspace   ] GC(2187) Metaspace: 157K(384K)->157K(384K) NonClass: 153K(256K)->153K(256K) Class: 4K(128K)->4K(128K)
[2026-06-17T09:57:47.131+0800][54.647s][info][gc             ] GC(2187) Pause Young (Allocation Failure) 50M->47M(57M) 1.708ms
[2026-06-17T09:57:47.131+0800][54.647s][info][gc,cpu         ] GC(2187) User=0.00s Sys=0.00s Real=0.01s
[2026-06-17T09:57:47.152+0800][54.668s][info][gc,start       ] GC(2188) Pause Full (Ergonomics)
[2026-06-17T09:57:47.152+0800][54.668s][info][gc,phases,start] GC(2188) Marking Phase
[2026-06-17T09:57:47.153+0800][54.669s][info][gc,phases      ] GC(2188) Marking Phase 0.688ms
[2026-06-17T09:57:47.153+0800][54.669s][info][gc,phases,start] GC(2188) Summary Phase
[2026-06-17T09:57:47.153+0800][54.669s][info][gc,phases      ] GC(2188) Summary Phase 0.186ms
[2026-06-17T09:57:47.154+0800][54.670s][info][gc,phases,start] GC(2188) Adjust Roots
[2026-06-17T09:57:47.154+0800][54.670s][info][gc,phases      ] GC(2188) Adjust Roots 0.284ms
[2026-06-17T09:57:47.154+0800][54.670s][info][gc,phases,start] GC(2188) Compaction Phase
[2026-06-17T09:57:47.156+0800][54.672s][info][gc,phases      ] GC(2188) Compaction Phase 2.381ms
[2026-06-17T09:57:47.157+0800][54.673s][info][gc,phases,start] GC(2188) Post Compact
[2026-06-17T09:57:47.157+0800][54.673s][info][gc,phases      ] GC(2188) Post Compact 0.255ms
[2026-06-17T09:57:47.157+0800][54.673s][info][gc,heap        ] GC(2188) PSYoungGen: 14261K(14336K)->0K(14336K) Eden: 7166K(7168K)->0K(7168K) From: 7095K(7168K)->0K(7168K)
[2026-06-17T09:57:47.157+0800][54.673s][info][gc,heap        ] GC(2188) ParOldGen: 41540K(44032K)->28571K(44032K)
[2026-06-17T09:57:47.157+0800][54.673s][info][gc,metaspace   ] GC(2188) Metaspace: 157K(384K)->157K(384K) NonClass: 153K(256K)->153K(256K) Class: 4K(128K)->4K(128K)
[2026-06-17T09:57:47.157+0800][54.673s][info][gc             ] GC(2188) Pause Full (Ergonomics) 54M->27M(57M) 5.427ms
[2026-06-17T09:57:47.158+0800][54.674s][info][gc,cpu         ] GC(2188) User=0.00s Sys=0.00s Real=0.00s
[2026-06-17T09:57:47.178+0800][54.695s][info][gc,start       ] GC(2189) Pause Young (Allocation Failure)
[2026-06-17T09:57:47.180+0800][54.696s][info][gc,heap        ] GC(2189) PSYoungGen: 7153K(14336K)->3951K(14336K) Eden: 7153K(7168K)->0K(7168K) From: 0K(7168K)->3951K(7168K)
[2026-06-17T09:57:47.180+0800][54.696s][info][gc,heap        ] GC(2189) ParOldGen: 28571K(44032K)->28571K(44032K)
[2026-06-17T09:57:47.180+0800][54.696s][info][gc,metaspace   ] GC(2189) Metaspace: 157K(384K)->157K(384K) NonClass: 153K(256K)->153K(256K) Class: 4K(128K)->4K(128K)
[2026-06-17T09:57:47.180+0800][54.697s][info][gc             ] GC(2189) Pause Young (Allocation Failure) 34M->31M(57M) 2.005ms
[2026-06-17T09:57:47.181+0800][54.697s][info][gc,cpu         ] GC(2189) User=0.01s Sys=0.00s Real=0.00s
[2026-06-17T09:57:47.191+0800][54.707s][info][gc,start       ] GC(2190) Pause Young (Allocation Failure)
[2026-06-17T09:57:47.192+0800][54.708s][info][gc,heap        ] GC(2190) PSYoungGen: 11117K(14336K)->4928K(14336K) Eden: 7165K(7168K)->0K(7168K) From: 3951K(7168K)->4928K(7168K)
[2026-06-17T09:57:47.192+0800][54.708s][info][gc,heap        ] GC(2190) ParOldGen: 28571K(44032K)->31378K(44032K)
[2026-06-17T09:57:47.193+0800][54.709s][info][gc,metaspace   ] GC(2190) Metaspace: 157K(384K)->157K(384K) NonClass: 153K(256K)->153K(256K) Class: 4K(128K)->4K(128K)
[2026-06-17T09:57:47.193+0800][54.709s][info][gc             ] GC(2190) Pause Young (Allocation Failure) 38M->35M(57M) 1.196ms
[2026-06-17T09:57:47.193+0800][54.709s][info][gc,cpu         ] GC(2190) User=0.00s Sys=0.00s Real=0.00s
[2026-06-17T09:57:47.214+0800][54.730s][info][gc,start       ] GC(2191) Pause Young (Allocation Failure)
[2026-06-17T09:57:47.215+0800][54.731s][info][gc,heap        ] GC(2191) PSYoungGen: 11963K(14336K)->32K(14336K) Eden: 7034K(7168K)->0K(7168K) From: 4928K(7168K)->32K(7168K)
[2026-06-17T09:57:47.216+0800][54.732s][info][gc,heap        ] GC(2191) ParOldGen: 31378K(44032K)->33360K(44032K)
[2026-06-17T09:57:47.216+0800][54.732s][info][gc,metaspace   ] GC(2191) Metaspace: 157K(384K)->157K(384K) NonClass: 153K(256K)->153K(256K) Class: 4K(128K)->4K(128K)
[2026-06-17T09:57:47.216+0800][54.732s][info][gc             ] GC(2191) Pause Young (Allocation Failure) 42M->32M(57M) 1.986ms
[2026-06-17T09:57:47.216+0800][54.732s][info][gc,cpu         ] GC(2191) User=0.00s Sys=0.00s Real=0.00s
[2026-06-17T09:57:47.237+0800][54.753s][info][gc,start       ] GC(2192) Pause Young (Allocation Failure)
[2026-06-17T09:57:47.238+0800][54.754s][info][gc,heap        ] GC(2192) PSYoungGen: 7184K(14336K)->3596K(14336K) Eden: 7152K(7168K)->0K(7168K) From: 32K(7168K)->3596K(7168K)
[2026-06-17T09:57:47.239+0800][54.755s][info][gc,heap        ] GC(2192) ParOldGen: 33360K(44032K)->33368K(44032K)
[2026-06-17T09:57:47.239+0800][54.755s][info][gc,metaspace   ] GC(2192) Metaspace: 157K(384K)->157K(384K) NonClass: 153K(256K)->153K(256K) Class: 4K(128K)->4K(128K)
[2026-06-17T09:57:47.239+0800][54.755s][info][gc             ] GC(2192) Pause Young (Allocation Failure) 39M->36M(57M) 1.561ms
[2026-06-17T09:57:47.239+0800][54.755s][info][gc,cpu         ] GC(2192) User=0.00s Sys=0.00s Real=0.00s
[2026-06-17T09:57:47.250+0800][54.766s][info][gc,start       ] GC(2193) Pause Young (Allocation Failure)
[2026-06-17T09:57:47.251+0800][54.767s][info][gc,heap        ] GC(2193) PSYoungGen: 10760K(14336K)->1266K(14336K) Eden: 7164K(7168K)->0K(7168K) From: 3596K(7168K)->1266K(7168K)
[2026-06-17T09:57:47.252+0800][54.768s][info][gc,heap        ] GC(2193) ParOldGen: 33368K(44032K)->35454K(44032K)
[2026-06-17T09:57:47.252+0800][54.768s][info][gc,metaspace   ] GC(2193) Metaspace: 157K(384K)->157K(384K) NonClass: 153K(256K)->153K(256K) Class: 4K(128K)->4K(128K)
[2026-06-17T09:57:47.252+0800][54.768s][info][gc             ] GC(2193) Pause Young (Allocation Failure) 43M->35M(57M) 2.375ms
[2026-06-17T09:57:47.253+0800][54.769s][info][gc,cpu         ] GC(2193) User=0.00s Sys=0.00s Real=0.01s
[2026-06-17T09:57:47.275+0800][54.791s][info][gc,start       ] GC(2194) Pause Young (Allocation Failure)
[2026-06-17T09:57:47.277+0800][54.793s][info][gc,heap        ] GC(2194) PSYoungGen: 8433K(14336K)->3617K(14336K) Eden: 7167K(7168K)->0K(7168K) From: 1266K(7168K)->3617K(7168K)
[2026-06-17T09:57:47.277+0800][54.793s][info][gc,heap        ] GC(2194) ParOldGen: 35454K(44032K)->36696K(44032K)
[2026-06-17T09:57:47.278+0800][54.794s][info][gc,metaspace   ] GC(2194) Metaspace: 157K(384K)->157K(384K) NonClass: 153K(256K)->153K(256K) Class: 4K(128K)->4K(128K)
[2026-06-17T09:57:47.279+0800][54.795s][info][gc             ] GC(2194) Pause Young (Allocation Failure) 42M->39M(57M) 4.319ms
[2026-06-17T09:57:47.280+0800][54.796s][info][gc,cpu         ] GC(2194) User=0.01s Sys=0.00s Real=0.00s
[2026-06-17T09:57:47.301+0800][54.817s][info][gc,start       ] GC(2195) Pause Young (Allocation Failure)
[2026-06-17T09:57:47.303+0800][54.819s][info][gc,heap        ] GC(2195) PSYoungGen: 10778K(14336K)->2750K(14336K) Eden: 7161K(7168K)->0K(7168K) From: 3617K(7168K)->2750K(7168K)
[2026-06-17T09:57:47.305+0800][54.821s][info][gc,heap        ] GC(2195) ParOldGen: 36696K(44032K)->37684K(44032K)
[2026-06-17T09:57:47.306+0800][54.822s][info][gc,metaspace   ] GC(2195) Metaspace: 157K(384K)->157K(384K) NonClass: 153K(256K)->153K(256K) Class: 4K(128K)->4K(128K)
[2026-06-17T09:57:47.306+0800][54.822s][info][gc             ] GC(2195) Pause Young (Allocation Failure) 46M->39M(57M) 5.179ms
[2026-06-17T09:57:47.307+0800][54.823s][info][gc,cpu         ] GC(2195) User=0.00s Sys=0.00s Real=0.01s
[2026-06-17T09:57:47.328+0800][54.844s][info][gc,start       ] GC(2196) Pause Young (Allocation Failure)
[2026-06-17T09:57:47.335+0800][54.851s][info][gc,heap        ] GC(2196) PSYoungGen: 9880K(14336K)->811K(14336K) Eden: 7130K(7168K)->0K(7168K) From: 2750K(7168K)->811K(7168K)
[2026-06-17T09:57:47.338+0800][54.854s][info][gc,heap        ] GC(2196) ParOldGen: 37684K(44032K)->39736K(44032K)
[2026-06-17T09:57:47.339+0800][54.855s][info][gc,metaspace   ] GC(2196) Metaspace: 157K(384K)->157K(384K) NonClass: 153K(256K)->153K(256K) Class: 4K(128K)->4K(128K)
[2026-06-17T09:57:47.341+0800][54.857s][info][gc             ] GC(2196) Pause Young (Allocation Failure) 46M->39M(57M) 12.442ms
[2026-06-17T09:57:47.342+0800][54.858s][info][gc,cpu         ] GC(2196) User=0.00s Sys=0.00s Real=0.01s
[2026-06-17T09:57:47.353+0800][54.869s][info][gc,start       ] GC(2197) Pause Young (Allocation Failure)
[2026-06-17T09:57:47.356+0800][54.872s][info][gc,heap        ] GC(2197) PSYoungGen: 7971K(14336K)->4657K(14336K) Eden: 7160K(7168K)->0K(7168K) From: 811K(7168K)->4657K(7168K)
[2026-06-17T09:57:47.357+0800][54.873s][info][gc,heap        ] GC(2197) ParOldGen: 39736K(44032K)->39736K(44032K)
[2026-06-17T09:57:47.357+0800][54.873s][info][gc,metaspace   ] GC(2197) Metaspace: 157K(384K)->157K(384K) NonClass: 153K(256K)->153K(256K) Class: 4K(128K)->4K(128K)
[2026-06-17T09:57:47.357+0800][54.874s][info][gc             ] GC(2197) Pause Young (Allocation Failure) 46M->43M(57M) 4.181ms
[2026-06-17T09:57:47.361+0800][54.877s][info][gc,cpu         ] GC(2197) User=0.00s Sys=0.00s Real=0.00s
[2026-06-17T09:57:47.388+0800][54.904s][info][gc,start       ] GC(2198) Pause Young (Allocation Failure)
[2026-06-17T09:57:47.390+0800][54.906s][info][gc,heap        ] GC(2198) PSYoungGen: 11813K(14336K)->1670K(14336K) Eden: 7156K(7168K)->0K(7168K) From: 4657K(7168K)->1670K(7168K)
[2026-06-17T09:57:47.396+0800][54.912s][info][gc,heap        ] GC(2198) ParOldGen: 39736K(44032K)->42979K(44032K)
[2026-06-17T09:57:47.396+0800][54.912s][info][gc,metaspace   ] GC(2198) Metaspace: 157K(384K)->157K(384K) NonClass: 153K(256K)->153K(256K) Class: 4K(128K)->4K(128K)
[2026-06-17T09:57:47.397+0800][54.913s][info][gc             ] GC(2198) Pause Young (Allocation Failure) 50M->43M(57M) 8.987ms
[2026-06-17T09:57:47.398+0800][54.914s][info][gc,cpu         ] GC(2198) User=0.00s Sys=0.00s Real=0.01s
[2026-06-17T09:57:47.408+0800][54.924s][info][gc,start       ] GC(2199) Pause Full (Ergonomics)
[2026-06-17T09:57:47.413+0800][54.929s][info][gc,phases,start] GC(2199) Marking Phase
[2026-06-17T09:57:47.414+0800][54.930s][info][gc,phases      ] GC(2199) Marking Phase 0.826ms
[2026-06-17T09:57:47.416+0800][54.932s][info][gc,phases,start] GC(2199) Summary Phase
[2026-06-17T09:57:47.416+0800][54.932s][info][gc,phases      ] GC(2199) Summary Phase 0.409ms
[2026-06-17T09:57:47.417+0800][54.933s][info][gc,phases,start] GC(2199) Adjust Roots
[2026-06-17T09:57:47.417+0800][54.933s][info][gc,phases      ] GC(2199) Adjust Roots 0.423ms
[2026-06-17T09:57:47.417+0800][54.933s][info][gc,phases,start] GC(2199) Compaction Phase
[2026-06-17T09:57:47.419+0800][54.935s][info][gc,phases      ] GC(2199) Compaction Phase 1.629ms
[2026-06-17T09:57:47.419+0800][54.935s][info][gc,phases,start] GC(2199) Post Compact
[2026-06-17T09:57:47.420+0800][54.936s][info][gc,phases      ] GC(2199) Post Compact 0.449ms
[2026-06-17T09:57:47.420+0800][54.936s][info][gc,heap        ] GC(2199) PSYoungGen: 8838K(14336K)->0K(14336K) Eden: 7168K(7168K)->0K(7168K) From: 1670K(7168K)->0K(7168K)
[2026-06-17T09:57:47.421+0800][54.937s][info][gc,heap        ] GC(2199) ParOldGen: 42979K(44032K)->24212K(44032K)
[2026-06-17T09:57:47.421+0800][54.937s][info][gc,metaspace   ] GC(2199) Metaspace: 157K(384K)->157K(384K) NonClass: 153K(256K)->153K(256K) Class: 4K(128K)->4K(128K)
[2026-06-17T09:57:47.421+0800][54.937s][info][gc             ] GC(2199) Pause Full (Ergonomics) 50M->23M(57M) 12.744ms
[2026-06-17T09:57:47.422+0800][54.938s][info][gc,cpu         ] GC(2199) User=0.00s Sys=0.00s Real=0.01s
[2026-06-17T09:57:47.443+0800][54.959s][info][gc,start       ] GC(2200) Pause Young (Allocation Failure)
[2026-06-17T09:57:47.443+0800][54.959s][info][gc,heap        ] GC(2200) PSYoungGen: 7144K(14336K)->77K(14336K) Eden: 7144K(7168K)->0K(7168K) From: 0K(7168K)->77K(7168K)
[2026-06-17T09:57:47.444+0800][54.960s][info][gc,heap        ] GC(2200) ParOldGen: 24212K(44032K)->24212K(44032K)
[2026-06-17T09:57:47.444+0800][54.960s][info][gc,metaspace   ] GC(2200) Metaspace: 157K(384K)->157K(384K) NonClass: 153K(256K)->153K(256K) Class: 4K(128K)->4K(128K)
[2026-06-17T09:57:47.445+0800][54.961s][info][gc             ] GC(2200) Pause Young (Allocation Failure) 30M->23M(57M) 1.846ms
[2026-06-17T09:57:47.445+0800][54.961s][info][gc,cpu         ] GC(2200) User=0.00s Sys=0.00s Real=0.00s
[2026-06-17T09:57:47.466+0800][54.982s][info][gc,start       ] GC(2201) Pause Young (Allocation Failure)
[2026-06-17T09:57:47.467+0800][54.983s][info][gc,heap        ] GC(2201) PSYoungGen: 7197K(14336K)->3762K(14336K) Eden: 7120K(7168K)->0K(7168K) From: 77K(7168K)->3762K(7168K)
[2026-06-17T09:57:47.467+0800][54.983s][info][gc,heap        ] GC(2201) ParOldGen: 24212K(44032K)->24265K(44032K)
[2026-06-17T09:57:47.468+0800][54.984s][info][gc,metaspace   ] GC(2201) Metaspace: 157K(384K)->157K(384K) NonClass: 153K(256K)->153K(256K) Class: 4K(128K)->4K(128K)
[2026-06-17T09:57:47.468+0800][54.984s][info][gc             ] GC(2201) Pause Young (Allocation Failure) 30M->27M(57M) 1.708ms
[2026-06-17T09:57:47.468+0800][54.984s][info][gc,cpu         ] GC(2201) User=0.00s Sys=0.00s Real=0.00s
[2026-06-17T09:57:47.489+0800][55.005s][info][gc,start       ] GC(2202) Pause Young (Allocation Failure)
[2026-06-17T09:57:47.490+0800][55.006s][info][gc,heap        ] GC(2202) PSYoungGen: 10925K(14336K)->1954K(14336K) Eden: 7163K(7168K)->0K(7168K) From: 3762K(7168K)->1954K(7168K)
[2026-06-17T09:57:47.490+0800][55.006s][info][gc,heap        ] GC(2202) ParOldGen: 24265K(44032K)->26055K(44032K)
[2026-06-17T09:57:47.490+0800][55.006s][info][gc,metaspace   ] GC(2202) Metaspace: 157K(384K)->157K(384K) NonClass: 153K(256K)->153K(256K) Class: 4K(128K)->4K(128K)
[2026-06-17T09:57:47.490+0800][55.006s][info][gc             ] GC(2202) Pause Young (Allocation Failure) 34M->27M(57M) 1.558ms
[2026-06-17T09:57:47.491+0800][55.007s][info][gc,cpu         ] GC(2202) User=0.00s Sys=0.00s Real=0.01s
[2026-06-17T09:57:47.511+0800][55.027s][info][gc,start       ] GC(2203) Pause Young (Allocation Failure)
[2026-06-17T09:57:47.512+0800][55.028s][info][gc,heap        ] GC(2203) PSYoungGen: 9106K(14336K)->336K(14336K) Eden: 7152K(7168K)->0K(7168K) From: 1954K(7168K)->336K(7168K)
[2026-06-17T09:57:47.513+0800][55.029s][info][gc,heap        ] GC(2203) ParOldGen: 26055K(44032K)->27754K(44032K)
[2026-06-17T09:57:47.513+0800][55.029s][info][gc,metaspace   ] GC(2203) Metaspace: 157K(384K)->157K(384K) NonClass: 153K(256K)->153K(256K) Class: 4K(128K)->4K(128K)
[2026-06-17T09:57:47.513+0800][55.029s][info][gc             ] GC(2203) Pause Young (Allocation Failure) 34M->27M(57M) 1.492ms
[2026-06-17T09:57:47.515+0800][55.031s][info][gc,cpu         ] GC(2203) User=0.00s Sys=0.00s Real=0.00s
[2026-06-17T09:57:47.526+0800][55.042s][info][gc,start       ] GC(2204) Pause Young (Allocation Failure)
[2026-06-17T09:57:47.527+0800][55.043s][info][gc,heap        ] GC(2204) PSYoungGen: 7481K(14336K)->4104K(14336K) Eden: 7145K(7168K)->0K(7168K) From: 336K(7168K)->4104K(7168K)
[2026-06-17T09:57:47.528+0800][55.044s][info][gc,heap        ] GC(2204) ParOldGen: 27754K(44032K)->27754K(44032K)
[2026-06-17T09:57:47.530+0800][55.046s][info][gc,metaspace   ] GC(2204) Metaspace: 157K(384K)->157K(384K) NonClass: 153K(256K)->153K(256K) Class: 4K(128K)->4K(128K)
[2026-06-17T09:57:47.531+0800][55.047s][info][gc             ] GC(2204) Pause Young (Allocation Failure) 34M->31M(57M) 5.490ms
[2026-06-17T09:57:47.533+0800][55.049s][info][gc,cpu         ] GC(2204) User=0.00s Sys=0.00s Real=0.01s
[2026-06-17T09:57:47.558+0800][55.074s][info][gc,start       ] GC(2205) Pause Young (Allocation Failure)
[2026-06-17T09:57:47.560+0800][55.076s][info][gc,heap        ] GC(2205) PSYoungGen: 11265K(14336K)->2441K(14336K) Eden: 7160K(7168K)->0K(7168K) From: 4104K(7168K)->2441K(7168K)
[2026-06-17T09:57:47.561+0800][55.077s][info][gc,heap        ] GC(2205) ParOldGen: 27754K(44032K)->29620K(44032K)
[2026-06-17T09:57:47.562+0800][55.078s][info][gc,metaspace   ] GC(2205) Metaspace: 157K(384K)->157K(384K) NonClass: 153K(256K)->153K(256K) Class: 4K(128K)->4K(128K)
[2026-06-17T09:57:47.563+0800][55.079s][info][gc             ] GC(2205) Pause Young (Allocation Failure) 38M->31M(57M) 4.646ms
[2026-06-17T09:57:47.563+0800][55.079s][info][gc,cpu         ] GC(2205) User=0.00s Sys=0.00s Real=0.01s
[2026-06-17T09:57:47.586+0800][55.102s][info][gc,start       ] GC(2206) Pause Young (Allocation Failure)
[2026-06-17T09:57:47.588+0800][55.104s][info][gc,heap        ] GC(2206) PSYoungGen: 9590K(14336K)->2885K(14336K) Eden: 7148K(7168K)->0K(7168K) From: 2441K(7168K)->2885K(7168K)
[2026-06-17T09:57:47.588+0800][55.104s][info][gc,heap        ] GC(2206) ParOldGen: 29620K(44032K)->29620K(44032K)
[2026-06-17T09:57:47.591+0800][55.107s][info][gc,metaspace   ] GC(2206) Metaspace: 157K(384K)->157K(384K) NonClass: 153K(256K)->153K(256K) Class: 4K(128K)->4K(128K)
[2026-06-17T09:57:47.592+0800][55.108s][info][gc             ] GC(2206) Pause Young (Allocation Failure) 38M->31M(57M) 5.380ms
[2026-06-17T09:57:47.593+0800][55.109s][info][gc,cpu         ] GC(2206) User=0.00s Sys=0.00s Real=0.01s
[2026-06-17T09:57:47.604+0800][55.120s][info][gc,start       ] GC(2207) Pause Young (Allocation Failure)
[2026-06-17T09:57:47.605+0800][55.121s][info][gc,heap        ] GC(2207) PSYoungGen: 9966K(14336K)->3136K(14848K) Eden: 7080K(7168K)->0K(8192K) From: 2885K(7168K)->3136K(6656K)
[2026-06-17T09:57:47.606+0800][55.122s][info][gc,heap        ] GC(2207) ParOldGen: 29620K(44032K)->29620K(44032K)
[2026-06-17T09:57:47.607+0800][55.123s][info][gc,metaspace   ] GC(2207) Metaspace: 157K(384K)->157K(384K) NonClass: 153K(256K)->153K(256K) Class: 4K(128K)->4K(128K)
[2026-06-17T09:57:47.607+0800][55.123s][info][gc             ] GC(2207) Pause Young (Allocation Failure) 38M->31M(57M) 2.958ms
[2026-06-17T09:57:47.608+0800][55.124s][info][gc,cpu         ] GC(2207) User=0.00s Sys=0.00s Real=0.00s
[2026-06-17T09:57:47.629+0800][55.145s][info][gc,start       ] GC(2208) Pause Young (Allocation Failure)
[2026-06-17T09:57:47.636+0800][55.152s][info][gc,heap        ] GC(2208) PSYoungGen: 11270K(14848K)->6646K(14848K) Eden: 8134K(8192K)->0K(8192K) From: 3136K(6656K)->6646K(6656K)
[2026-06-17T09:57:47.638+0800][55.154s][info][gc,heap        ] GC(2208) ParOldGen: 29620K(44032K)->30970K(44032K)
[2026-06-17T09:57:47.639+0800][55.155s][info][gc,metaspace   ] GC(2208) Metaspace: 157K(384K)->157K(384K) NonClass: 153K(256K)->153K(256K) Class: 4K(128K)->4K(128K)
[2026-06-17T09:57:47.639+0800][55.155s][info][gc             ] GC(2208) Pause Young (Allocation Failure) 39M->36M(57M) 9.980ms
[2026-06-17T09:57:47.640+0800][55.156s][info][gc,cpu         ] GC(2208) User=0.00s Sys=0.00s Real=0.01s
[2026-06-17T09:57:47.665+0800][55.181s][info][gc,start       ] GC(2209) Pause Young (Allocation Failure)
[2026-06-17T09:57:47.666+0800][55.182s][info][gc,heap        ] GC(2209) PSYoungGen: 14799K(14848K)->6649K(13824K) Eden: 8153K(8192K)->0K(7168K) From: 6646K(6656K)->6649K(6656K)
[2026-06-17T09:57:47.667+0800][55.183s][info][gc,heap        ] GC(2209) ParOldGen: 30970K(44032K)->32349K(44032K)
[2026-06-17T09:57:47.667+0800][55.183s][info][gc,metaspace   ] GC(2209) Metaspace: 157K(384K)->157K(384K) NonClass: 153K(256K)->153K(256K) Class: 4K(128K)->4K(128K)
[2026-06-17T09:57:47.668+0800][55.184s][info][gc             ] GC(2209) Pause Young (Allocation Failure) 44M->38M(56M) 3.189ms
[2026-06-17T09:57:47.668+0800][55.184s][info][gc,cpu         ] GC(2209) User=0.00s Sys=0.00s Real=0.00s
[2026-06-17T09:57:47.690+0800][55.206s][info][gc,start       ] GC(2210) Pause Young (Allocation Failure)
[2026-06-17T09:57:47.691+0800][55.207s][info][gc,heap        ] GC(2210) PSYoungGen: 13810K(13824K)->4519K(14336K) Eden: 7161K(7168K)->0K(7168K) From: 6649K(6656K)->4519K(7168K)
[2026-06-17T09:57:47.692+0800][55.208s][info][gc,heap        ] GC(2210) ParOldGen: 32349K(44032K)->34699K(44032K)
[2026-06-17T09:57:47.692+0800][55.208s][info][gc,metaspace   ] GC(2210) Metaspace: 157K(384K)->157K(384K) NonClass: 153K(256K)->153K(256K) Class: 4K(128K)->4K(128K)
[2026-06-17T09:57:47.693+0800][55.209s][info][gc             ] GC(2210) Pause Young (Allocation Failure) 45M->38M(57M) 3.096ms
[2026-06-17T09:57:47.694+0800][55.210s][info][gc,cpu         ] GC(2210) User=0.00s Sys=0.00s Real=0.01s
[2026-06-17T09:57:47.715+0800][55.231s][info][gc,start       ] GC(2211) Pause Young (Allocation Failure)
[2026-06-17T09:57:47.716+0800][55.232s][info][gc,heap        ] GC(2211) PSYoungGen: 11684K(14336K)->2772K(14336K) Eden: 7164K(7168K)->0K(7168K) From: 4519K(7168K)->2772K(7168K)
[2026-06-17T09:57:47.717+0800][55.233s][info][gc,heap        ] GC(2211) ParOldGen: 34699K(44032K)->36770K(44032K)
[2026-06-17T09:57:47.717+0800][55.233s][info][gc,metaspace   ] GC(2211) Metaspace: 157K(384K)->157K(384K) NonClass: 153K(256K)->153K(256K) Class: 4K(128K)->4K(128K)
[2026-06-17T09:57:47.717+0800][55.233s][info][gc             ] GC(2211) Pause Young (Allocation Failure) 45M->38M(57M) 2.302ms
[2026-06-17T09:57:47.718+0800][55.234s][info][gc,cpu         ] GC(2211) User=0.00s Sys=0.00s Real=0.00s
[2026-06-17T09:57:47.729+0800][55.245s][info][gc,start       ] GC(2212) Pause Young (Allocation Failure)
[2026-06-17T09:57:47.730+0800][55.246s][info][gc,heap        ] GC(2212) PSYoungGen: 9707K(14336K)->758K(14336K) Eden: 6935K(7168K)->0K(7168K) From: 2772K(7168K)->758K(7168K)
[2026-06-17T09:57:47.730+0800][55.246s][info][gc,heap        ] GC(2212) ParOldGen: 36770K(44032K)->38835K(44032K)
[2026-06-17T09:57:47.731+0800][55.247s][info][gc,metaspace   ] GC(2212) Metaspace: 157K(384K)->157K(384K) NonClass: 153K(256K)->153K(256K) Class: 4K(128K)->4K(128K)
[2026-06-17T09:57:47.731+0800][55.247s][info][gc             ] GC(2212) Pause Young (Allocation Failure) 45M->38M(57M) 1.862ms
[2026-06-17T09:57:47.731+0800][55.247s][info][gc,cpu         ] GC(2212) User=0.00s Sys=0.00s Real=0.01s
[2026-06-17T09:57:47.752+0800][55.268s][info][gc,start       ] GC(2213) Pause Young (Allocation Failure)
[2026-06-17T09:57:47.753+0800][55.269s][info][gc,heap        ] GC(2213) PSYoungGen: 7925K(14336K)->3572K(14336K) Eden: 7167K(7168K)->0K(7168K) From: 758K(7168K)->3572K(7168K)
[2026-06-17T09:57:47.754+0800][55.270s][info][gc,heap        ] GC(2213) ParOldGen: 38835K(44032K)->39569K(44032K)
[2026-06-17T09:57:47.754+0800][55.270s][info][gc,metaspace   ] GC(2213) Metaspace: 157K(384K)->157K(384K) NonClass: 153K(256K)->153K(256K) Class: 4K(128K)->4K(128K)
[2026-06-17T09:57:47.754+0800][55.270s][info][gc             ] GC(2213) Pause Young (Allocation Failure) 45M->42M(57M) 2.015ms
[2026-06-17T09:57:47.755+0800][55.271s][info][gc,cpu         ] GC(2213) User=0.00s Sys=0.00s Real=0.00s
[2026-06-17T09:57:47.776+0800][55.292s][info][gc,start       ] GC(2214) Pause Young (Allocation Failure)
[2026-06-17T09:57:47.777+0800][55.293s][info][gc,heap        ] GC(2214) PSYoungGen: 10728K(14336K)->2509K(14336K) Eden: 7155K(7168K)->0K(7168K) From: 3572K(7168K)->2509K(7168K)
[2026-06-17T09:57:47.777+0800][55.293s][info][gc,heap        ] GC(2214) ParOldGen: 39569K(44032K)->40933K(44032K)
[2026-06-17T09:57:47.777+0800][55.293s][info][gc,metaspace   ] GC(2214) Metaspace: 157K(384K)->157K(384K) NonClass: 153K(256K)->153K(256K) Class: 4K(128K)->4K(128K)
[2026-06-17T09:57:47.777+0800][55.293s][info][gc             ] GC(2214) Pause Young (Allocation Failure) 49M->42M(57M) 1.567ms
[2026-06-17T09:57:47.777+0800][55.293s][info][gc,cpu         ] GC(2214) User=0.00s Sys=0.00s Real=0.00s
[2026-06-17T09:57:47.799+0800][55.315s][info][gc,start       ] GC(2215) Pause Full (Ergonomics)
[2026-06-17T09:57:47.799+0800][55.315s][info][gc,phases,start] GC(2215) Marking Phase
[2026-06-17T09:57:47.800+0800][55.316s][info][gc,phases      ] GC(2215) Marking Phase 0.920ms
[2026-06-17T09:57:47.800+0800][55.316s][info][gc,phases,start] GC(2215) Summary Phase
[2026-06-17T09:57:47.800+0800][55.316s][info][gc,phases      ] GC(2215) Summary Phase 0.275ms
[2026-06-17T09:57:47.801+0800][55.317s][info][gc,phases,start] GC(2215) Adjust Roots
[2026-06-17T09:57:47.801+0800][55.317s][info][gc,phases      ] GC(2215) Adjust Roots 0.381ms
[2026-06-17T09:57:47.801+0800][55.317s][info][gc,phases,start] GC(2215) Compaction Phase
[2026-06-17T09:57:47.803+0800][55.319s][info][gc,phases      ] GC(2215) Compaction Phase 1.746ms
[2026-06-17T09:57:47.803+0800][55.319s][info][gc,phases,start] GC(2215) Post Compact
[2026-06-17T09:57:47.804+0800][55.320s][info][gc,phases      ] GC(2215) Post Compact 0.433ms
[2026-06-17T09:57:47.804+0800][55.320s][info][gc,heap        ] GC(2215) PSYoungGen: 9660K(14336K)->0K(14336K) Eden: 7150K(7168K)->0K(7168K) From: 2509K(7168K)->0K(7168K)
[2026-06-17T09:57:47.805+0800][55.321s][info][gc,heap        ] GC(2215) ParOldGen: 40933K(44032K)->29687K(44032K)
[2026-06-17T09:57:47.805+0800][55.321s][info][gc,metaspace   ] GC(2215) Metaspace: 157K(384K)->157K(384K) NonClass: 153K(256K)->153K(256K) Class: 4K(128K)->4K(128K)
[2026-06-17T09:57:47.805+0800][55.321s][info][gc             ] GC(2215) Pause Full (Ergonomics) 49M->28M(57M) 6.440ms
[2026-06-17T09:57:47.805+0800][55.321s][info][gc,cpu         ] GC(2215) User=0.01s Sys=0.00s Real=0.01s
[2026-06-17T09:57:47.816+0800][55.332s][info][gc,start       ] GC(2216) Pause Young (Allocation Failure)
[2026-06-17T09:57:47.817+0800][55.333s][info][gc,heap        ] GC(2216) PSYoungGen: 7158K(14336K)->6896K(14336K) Eden: 7158K(7168K)->0K(7168K) From: 0K(7168K)->6896K(7168K)
[2026-06-17T09:57:47.818+0800][55.334s][info][gc,heap        ] GC(2216) ParOldGen: 29687K(44032K)->30043K(44032K)
[2026-06-17T09:57:47.818+0800][55.334s][info][gc,metaspace   ] GC(2216) Metaspace: 157K(384K)->157K(384K) NonClass: 153K(256K)->153K(256K) Class: 4K(128K)->4K(128K)
[2026-06-17T09:57:47.818+0800][55.334s][info][gc             ] GC(2216) Pause Young (Allocation Failure) 35M->36M(57M) 2.085ms
[2026-06-17T09:57:47.818+0800][55.334s][info][gc,cpu         ] GC(2216) User=0.00s Sys=0.00s Real=0.00s
[2026-06-17T09:57:47.839+0800][55.355s][info][gc,start       ] GC(2217) Pause Young (Allocation Failure)
[2026-06-17T09:57:47.842+0800][55.358s][info][gc,heap        ] GC(2217) PSYoungGen: 14000K(14336K)->3666K(14336K) Eden: 7104K(7168K)->0K(7168K) From: 6896K(7168K)->3666K(7168K)
[2026-06-17T09:57:47.842+0800][55.358s][info][gc,heap        ] GC(2217) ParOldGen: 30043K(44032K)->33825K(44032K)
[2026-06-17T09:57:47.842+0800][55.358s][info][gc,metaspace   ] GC(2217) Metaspace: 157K(384K)->157K(384K) NonClass: 153K(256K)->153K(256K) Class: 4K(128K)->4K(128K)
[2026-06-17T09:57:47.843+0800][55.359s][info][gc             ] GC(2217) Pause Young (Allocation Failure) 43M->36M(57M) 3.301ms
[2026-06-17T09:57:47.843+0800][55.359s][info][gc,cpu         ] GC(2217) User=0.00s Sys=0.00s Real=0.01s
[2026-06-17T09:57:47.864+0800][55.380s][info][gc,start       ] GC(2218) Pause Young (Allocation Failure)
[2026-06-17T09:57:47.865+0800][55.381s][info][gc,heap        ] GC(2218) PSYoungGen: 10821K(14336K)->2487K(14336K) Eden: 7154K(7168K)->0K(7168K) From: 3666K(7168K)->2487K(7168K)
[2026-06-17T09:57:47.865+0800][55.381s][info][gc,heap        ] GC(2218) ParOldGen: 33825K(44032K)->34807K(44032K)
[2026-06-17T09:57:47.865+0800][55.381s][info][gc,metaspace   ] GC(2218) Metaspace: 157K(384K)->157K(384K) NonClass: 153K(256K)->153K(256K) Class: 4K(128K)->4K(128K)
[2026-06-17T09:57:47.866+0800][55.382s][info][gc             ] GC(2218) Pause Young (Allocation Failure) 43M->36M(57M) 1.179ms
[2026-06-17T09:57:47.866+0800][55.382s][info][gc,cpu         ] GC(2218) User=0.00s Sys=0.00s Real=0.00s
[2026-06-17T09:57:47.877+0800][55.393s][info][gc,start       ] GC(2219) Pause Young (Allocation Failure)
[2026-06-17T09:57:47.877+0800][55.393s][info][gc,heap        ] GC(2219) PSYoungGen: 9542K(14336K)->1116K(14336K) Eden: 7054K(7168K)->0K(7168K) From: 2487K(7168K)->1116K(7168K)
[2026-06-17T09:57:47.878+0800][55.394s][info][gc,heap        ] GC(2219) ParOldGen: 34807K(44032K)->36491K(44032K)
[2026-06-17T09:57:47.878+0800][55.394s][info][gc,metaspace   ] GC(2219) Metaspace: 157K(384K)->157K(384K) NonClass: 153K(256K)->153K(256K) Class: 4K(128K)->4K(128K)
[2026-06-17T09:57:47.878+0800][55.394s][info][gc             ] GC(2219) Pause Young (Allocation Failure) 43M->36M(57M) 1.291ms
[2026-06-17T09:57:47.878+0800][55.394s][info][gc,cpu         ] GC(2219) User=0.00s Sys=0.00s Real=0.00s
[2026-06-17T09:57:47.899+0800][55.415s][info][gc,start       ] GC(2220) Pause Young (Allocation Failure)
[2026-06-17T09:57:47.900+0800][55.416s][info][gc,heap        ] GC(2220) PSYoungGen: 8246K(14336K)->3710K(14336K) Eden: 7130K(7168K)->0K(7168K) From: 1116K(7168K)->3710K(7168K)
[2026-06-17T09:57:47.900+0800][55.416s][info][gc,heap        ] GC(2220) ParOldGen: 36491K(44032K)->37583K(44032K)
[2026-06-17T09:57:47.900+0800][55.416s][info][gc,metaspace   ] GC(2220) Metaspace: 157K(384K)->157K(384K) NonClass: 153K(256K)->153K(256K) Class: 4K(128K)->4K(128K)
[2026-06-17T09:57:47.901+0800][55.417s][info][gc             ] GC(2220) Pause Young (Allocation Failure) 43M->40M(57M) 1.408ms
[2026-06-17T09:57:47.901+0800][55.417s][info][gc,cpu         ] GC(2220) User=0.00s Sys=0.00s Real=0.00s
[2026-06-17T09:57:47.922+0800][55.438s][info][gc,start       ] GC(2221) Pause Young (Allocation Failure)
[2026-06-17T09:57:47.923+0800][55.439s][info][gc,heap        ] GC(2221) PSYoungGen: 10876K(14336K)->3215K(14336K) Eden: 7166K(7168K)->0K(7168K) From: 3710K(7168K)->3215K(7168K)
[2026-06-17T09:57:47.923+0800][55.439s][info][gc,heap        ] GC(2221) ParOldGen: 37583K(44032K)->38102K(44032K)
[2026-06-17T09:57:47.923+0800][55.439s][info][gc,metaspace   ] GC(2221) Metaspace: 157K(384K)->157K(384K) NonClass: 153K(256K)->153K(256K) Class: 4K(128K)->4K(128K)
[2026-06-17T09:57:47.923+0800][55.439s][info][gc             ] GC(2221) Pause Young (Allocation Failure) 47M->40M(57M) 1.285ms
[2026-06-17T09:57:47.923+0800][55.439s][info][gc,cpu         ] GC(2221) User=0.01s Sys=0.00s Real=0.01s
[2026-06-17T09:57:47.944+0800][55.460s][info][gc,start       ] GC(2222) Pause Young (Allocation Failure)
[2026-06-17T09:57:47.945+0800][55.461s][info][gc,heap        ] GC(2222) PSYoungGen: 10368K(14336K)->3562K(14336K) Eden: 7153K(7168K)->0K(7168K) From: 3215K(7168K)->3562K(7168K)
[2026-06-17T09:57:47.945+0800][55.461s][info][gc,heap        ] GC(2222) ParOldGen: 38102K(44032K)->38102K(44032K)
[2026-06-17T09:57:47.945+0800][55.461s][info][gc,metaspace   ] GC(2222) Metaspace: 157K(384K)->157K(384K) NonClass: 153K(256K)->153K(256K) Class: 4K(128K)->4K(128K)
[2026-06-17T09:57:47.945+0800][55.461s][info][gc             ] GC(2222) Pause Young (Allocation Failure) 47M->40M(57M) 1.080ms
[2026-06-17T09:57:47.945+0800][55.461s][info][gc,cpu         ] GC(2222) User=0.00s Sys=0.00s Real=0.00s
[2026-06-17T09:57:47.967+0800][55.483s][info][gc,start       ] GC(2223) Pause Young (Allocation Failure)
[2026-06-17T09:57:47.967+0800][55.483s][info][gc,heap        ] GC(2223) PSYoungGen: 10717K(14336K)->3746K(14848K) Eden: 7154K(7168K)->0K(8192K) From: 3562K(7168K)->3746K(6656K)
[2026-06-17T09:57:47.968+0800][55.484s][info][gc,heap        ] GC(2223) ParOldGen: 38102K(44032K)->38102K(44032K)
[2026-06-17T09:57:47.968+0800][55.484s][info][gc,metaspace   ] GC(2223) Metaspace: 157K(384K)->157K(384K) NonClass: 153K(256K)->153K(256K) Class: 4K(128K)->4K(128K)
[2026-06-17T09:57:47.968+0800][55.484s][info][gc             ] GC(2223) Pause Young (Allocation Failure) 47M->40M(57M) 1.404ms
[2026-06-17T09:57:47.968+0800][55.484s][info][gc,cpu         ] GC(2223) User=0.00s Sys=0.00s Real=0.00s
[2026-06-17T09:57:47.979+0800][55.495s][info][gc,start       ] GC(2224) Pause Young (Allocation Failure)
[2026-06-17T09:57:47.980+0800][55.496s][info][gc,heap        ] GC(2224) PSYoungGen: 11850K(14848K)->4856K(13312K) Eden: 8103K(8192K)->0K(8192K) From: 3746K(6656K)->4856K(5120K)
[2026-06-17T09:57:47.980+0800][55.496s][info][gc,heap        ] GC(2224) ParOldGen: 38102K(44032K)->38102K(44032K)
[2026-06-17T09:57:47.980+0800][55.496s][info][gc,metaspace   ] GC(2224) Metaspace: 157K(384K)->157K(384K) NonClass: 153K(256K)->153K(256K) Class: 4K(128K)->4K(128K)
[2026-06-17T09:57:47.980+0800][55.496s][info][gc             ] GC(2224) Pause Young (Allocation Failure) 48M->41M(56M) 1.365ms
[2026-06-17T09:57:47.980+0800][55.496s][info][gc,cpu         ] GC(2224) User=0.00s Sys=0.00s Real=0.00s
[2026-06-17T09:57:48.012+0800][55.528s][info][gc,start       ] GC(2225) Pause Young (Allocation Failure)
[2026-06-17T09:57:48.013+0800][55.529s][info][gc,heap        ] GC(2225) PSYoungGen: 13023K(13312K)->6414K(14336K) Eden: 8167K(8192K)->0K(7168K) From: 4856K(5120K)->6414K(7168K)
[2026-06-17T09:57:48.013+0800][55.529s][info][gc,heap        ] GC(2225) ParOldGen: 38102K(44032K)->38102K(44032K)
[2026-06-17T09:57:48.013+0800][55.529s][info][gc,metaspace   ] GC(2225) Metaspace: 157K(384K)->157K(384K) NonClass: 153K(256K)->153K(256K) Class: 4K(128K)->4K(128K)
[2026-06-17T09:57:48.013+0800][55.529s][info][gc             ] GC(2225) Pause Young (Allocation Failure) 49M->43M(57M) 1.530ms
[2026-06-17T09:57:48.013+0800][55.529s][info][gc,cpu         ] GC(2225) User=0.00s Sys=0.00s Real=0.00s
[2026-06-17T09:57:48.024+0800][55.540s][info][gc,start       ] GC(2226) Pause Young (Allocation Failure)
[2026-06-17T09:57:48.025+0800][55.541s][info][gc,heap        ] GC(2226) PSYoungGen: 13569K(14336K)->7074K(14336K) Eden: 7155K(7168K)->0K(7168K) From: 6414K(7168K)->7074K(7168K)
[2026-06-17T09:57:48.026+0800][55.542s][info][gc,heap        ] GC(2226) ParOldGen: 38102K(44032K)->41126K(44032K)
[2026-06-17T09:57:48.026+0800][55.542s][info][gc,metaspace   ] GC(2226) Metaspace: 157K(384K)->157K(384K) NonClass: 153K(256K)->153K(256K) Class: 4K(128K)->4K(128K)
[2026-06-17T09:57:48.026+0800][55.542s][info][gc             ] GC(2226) Pause Young (Allocation Failure) 50M->47M(57M) 1.465ms
[2026-06-17T09:57:48.026+0800][55.542s][info][gc,cpu         ] GC(2226) User=0.01s Sys=0.00s Real=0.00s
[2026-06-17T09:57:48.047+0800][55.563s][info][gc,start       ] GC(2227) Pause Full (Ergonomics)
[2026-06-17T09:57:48.047+0800][55.563s][info][gc,phases,start] GC(2227) Marking Phase
[2026-06-17T09:57:48.048+0800][55.564s][info][gc,phases      ] GC(2227) Marking Phase 0.680ms
[2026-06-17T09:57:48.048+0800][55.564s][info][gc,phases,start] GC(2227) Summary Phase
[2026-06-17T09:57:48.048+0800][55.564s][info][gc,phases      ] GC(2227) Summary Phase 0.094ms
[2026-06-17T09:57:48.048+0800][55.564s][info][gc,phases,start] GC(2227) Adjust Roots
[2026-06-17T09:57:48.048+0800][55.564s][info][gc,phases      ] GC(2227) Adjust Roots 0.208ms
[2026-06-17T09:57:48.048+0800][55.564s][info][gc,phases,start] GC(2227) Compaction Phase
[2026-06-17T09:57:48.050+0800][55.566s][info][gc,phases      ] GC(2227) Compaction Phase 1.297ms
[2026-06-17T09:57:48.050+0800][55.566s][info][gc,phases,start] GC(2227) Post Compact
[2026-06-17T09:57:48.050+0800][55.566s][info][gc,phases      ] GC(2227) Post Compact 0.206ms
[2026-06-17T09:57:48.050+0800][55.566s][info][gc,heap        ] GC(2227) PSYoungGen: 14226K(14336K)->0K(14336K) Eden: 7152K(7168K)->0K(7168K) From: 7074K(7168K)->0K(7168K)
[2026-06-17T09:57:48.050+0800][55.566s][info][gc,heap        ] GC(2227) ParOldGen: 41126K(44032K)->25887K(44032K)
[2026-06-17T09:57:48.051+0800][55.567s][info][gc,metaspace   ] GC(2227) Metaspace: 157K(384K)->157K(384K) NonClass: 153K(256K)->153K(256K) Class: 4K(128K)->4K(128K)
[2026-06-17T09:57:48.051+0800][55.567s][info][gc             ] GC(2227) Pause Full (Ergonomics) 54M->25M(57M) 3.940ms
[2026-06-17T09:57:48.051+0800][55.567s][info][gc,cpu         ] GC(2227) User=0.00s Sys=0.00s Real=0.01s
[2026-06-17T09:57:48.062+0800][55.578s][info][gc,start       ] GC(2228) Pause Young (Allocation Failure)
[2026-06-17T09:57:48.063+0800][55.579s][info][gc,heap        ] GC(2228) PSYoungGen: 7155K(14336K)->7155K(14336K) Eden: 7155K(7168K)->0K(7168K) From: 0K(7168K)->7155K(7168K)
[2026-06-17T09:57:48.063+0800][55.579s][info][gc,heap        ] GC(2228) ParOldGen: 25887K(44032K)->25887K(44032K)
[2026-06-17T09:57:48.064+0800][55.580s][info][gc,metaspace   ] GC(2228) Metaspace: 157K(384K)->157K(384K) NonClass: 153K(256K)->153K(256K) Class: 4K(128K)->4K(128K)
[2026-06-17T09:57:48.064+0800][55.580s][info][gc             ] GC(2228) Pause Young (Allocation Failure) 32M->32M(57M) 1.914ms
[2026-06-17T09:57:48.064+0800][55.580s][info][gc,cpu         ] GC(2228) User=0.00s Sys=0.00s Real=0.01s
[2026-06-17T09:57:48.085+0800][55.601s][info][gc,start       ] GC(2229) Pause Young (Allocation Failure)
[2026-06-17T09:57:48.086+0800][55.602s][info][gc,heap        ] GC(2229) PSYoungGen: 14262K(14336K)->6996K(14336K) Eden: 7106K(7168K)->0K(7168K) From: 7155K(7168K)->6996K(7168K)
[2026-06-17T09:57:48.087+0800][55.603s][info][gc,heap        ] GC(2229) ParOldGen: 25887K(44032K)->26191K(44032K)
[2026-06-17T09:57:48.087+0800][55.603s][info][gc,metaspace   ] GC(2229) Metaspace: 157K(384K)->157K(384K) NonClass: 153K(256K)->153K(256K) Class: 4K(128K)->4K(128K)
[2026-06-17T09:57:48.089+0800][55.605s][info][gc             ] GC(2229) Pause Young (Allocation Failure) 39M->32M(57M) 4.024ms
[2026-06-17T09:57:48.090+0800][55.606s][info][gc,cpu         ] GC(2229) User=0.00s Sys=0.00s Real=0.00s
[2026-06-17T09:57:48.111+0800][55.627s][info][gc,start       ] GC(2230) Pause Young (Allocation Failure)
[2026-06-17T09:57:48.118+0800][55.634s][info][gc,heap        ] GC(2230) PSYoungGen: 14160K(14336K)->3075K(14336K) Eden: 7163K(7168K)->0K(7168K) From: 6996K(7168K)->3075K(7168K)
[2026-06-17T09:57:48.120+0800][55.636s][info][gc,heap        ] GC(2230) ParOldGen: 26191K(44032K)->30552K(44032K)
[2026-06-17T09:57:48.120+0800][55.636s][info][gc,metaspace   ] GC(2230) Metaspace: 157K(384K)->157K(384K) NonClass: 153K(256K)->153K(256K) Class: 4K(128K)->4K(128K)
[2026-06-17T09:57:48.121+0800][55.637s][info][gc             ] GC(2230) Pause Young (Allocation Failure) 39M->32M(57M) 9.416ms
[2026-06-17T09:57:48.121+0800][55.637s][info][gc,cpu         ] GC(2230) User=0.01s Sys=0.00s Real=0.00s
[2026-06-17T09:57:48.132+0800][55.648s][info][gc,start       ] GC(2231) Pause Young (Allocation Failure)
[2026-06-17T09:57:48.134+0800][55.650s][info][gc,heap        ] GC(2231) PSYoungGen: 10058K(14336K)->748K(14336K) Eden: 6983K(7168K)->0K(7168K) From: 3075K(7168K)->748K(7168K)
[2026-06-17T09:57:48.134+0800][55.650s][info][gc,heap        ] GC(2231) ParOldGen: 30552K(44032K)->32536K(44032K)
[2026-06-17T09:57:48.134+0800][55.650s][info][gc,metaspace   ] GC(2231) Metaspace: 157K(384K)->157K(384K) NonClass: 153K(256K)->153K(256K) Class: 4K(128K)->4K(128K)
[2026-06-17T09:57:48.135+0800][55.651s][info][gc             ] GC(2231) Pause Young (Allocation Failure) 39M->32M(57M) 2.770ms
[2026-06-17T09:57:48.135+0800][55.651s][info][gc,cpu         ] GC(2231) User=0.00s Sys=0.00s Real=0.00s
[2026-06-17T09:57:48.157+0800][55.673s][info][gc,start       ] GC(2232) Pause Young (Allocation Failure)
[2026-06-17T09:57:48.158+0800][55.674s][info][gc,heap        ] GC(2232) PSYoungGen: 7885K(14336K)->3795K(14336K) Eden: 7137K(7168K)->0K(7168K) From: 748K(7168K)->3795K(7168K)
[2026-06-17T09:57:48.158+0800][55.674s][info][gc,heap        ] GC(2232) ParOldGen: 32536K(44032K)->33260K(44032K)
[2026-06-17T09:57:48.159+0800][55.675s][info][gc,metaspace   ] GC(2232) Metaspace: 157K(384K)->157K(384K) NonClass: 153K(256K)->153K(256K) Class: 4K(128K)->4K(128K)
[2026-06-17T09:57:48.159+0800][55.675s][info][gc             ] GC(2232) Pause Young (Allocation Failure) 39M->36M(57M) 2.359ms
[2026-06-17T09:57:48.160+0800][55.676s][info][gc,cpu         ] GC(2232) User=0.00s Sys=0.00s Real=0.00s
[2026-06-17T09:57:48.181+0800][55.697s][info][gc,start       ] GC(2233) Pause Young (Allocation Failure)
[2026-06-17T09:57:48.182+0800][55.698s][info][gc,heap        ] GC(2233) PSYoungGen: 10946K(14336K)->2152K(14336K) Eden: 7150K(7168K)->0K(7168K) From: 3795K(7168K)->2152K(7168K)
[2026-06-17T09:57:48.183+0800][55.699s][info][gc,heap        ] GC(2233) ParOldGen: 33260K(44032K)->34930K(44032K)
[2026-06-17T09:57:48.183+0800][55.699s][info][gc,metaspace   ] GC(2233) Metaspace: 157K(384K)->157K(384K) NonClass: 153K(256K)->153K(256K) Class: 4K(128K)->4K(128K)
[2026-06-17T09:57:48.183+0800][55.699s][info][gc             ] GC(2233) Pause Young (Allocation Failure) 43M->36M(57M) 2.441ms
[2026-06-17T09:57:48.184+0800][55.700s][info][gc,cpu         ] GC(2233) User=0.00s Sys=0.00s Real=0.01s
[2026-06-17T09:57:48.205+0800][55.721s][info][gc,start       ] GC(2234) Pause Young (Allocation Failure)
[2026-06-17T09:57:48.206+0800][55.722s][info][gc,heap        ] GC(2234) PSYoungGen: 9302K(14336K)->798K(14336K) Eden: 7150K(7168K)->0K(7168K) From: 2152K(7168K)->798K(7168K)
[2026-06-17T09:57:48.206+0800][55.722s][info][gc,heap        ] GC(2234) ParOldGen: 34930K(44032K)->36822K(44032K)
[2026-06-17T09:57:48.206+0800][55.722s][info][gc,metaspace   ] GC(2234) Metaspace: 157K(384K)->157K(384K) NonClass: 153K(256K)->153K(256K) Class: 4K(128K)->4K(128K)
[2026-06-17T09:57:48.207+0800][55.723s][info][gc             ] GC(2234) Pause Young (Allocation Failure) 43M->36M(57M) 1.544ms
[2026-06-17T09:57:48.207+0800][55.723s][info][gc,cpu         ] GC(2234) User=0.00s Sys=0.00s Real=0.00s
[2026-06-17T09:57:48.218+0800][55.734s][info][gc,start       ] GC(2235) Pause Young (Allocation Failure)
[2026-06-17T09:57:48.220+0800][55.736s][info][gc,heap        ] GC(2235) PSYoungGen: 7966K(14336K)->4485K(14336K) Eden: 7168K(7168K)->0K(7168K) From: 798K(7168K)->4485K(7168K)
[2026-06-17T09:57:48.221+0800][55.737s][info][gc,heap        ] GC(2235) ParOldGen: 36822K(44032K)->36822K(44032K)
[2026-06-17T09:57:48.222+0800][55.738s][info][gc,metaspace   ] GC(2235) Metaspace: 157K(384K)->157K(384K) NonClass: 153K(256K)->153K(256K) Class: 4K(128K)->4K(128K)
[2026-06-17T09:57:48.222+0800][55.738s][info][gc             ] GC(2235) Pause Young (Allocation Failure) 43M->40M(57M) 4.614ms
[2026-06-17T09:57:48.224+0800][55.740s][info][gc,cpu         ] GC(2235) User=0.00s Sys=0.00s Real=0.01s
[2026-06-17T09:57:48.246+0800][55.762s][info][gc,start       ] GC(2236) Pause Young (Allocation Failure)
[2026-06-17T09:57:48.247+0800][55.763s][info][gc,heap        ] GC(2236) PSYoungGen: 11638K(14336K)->2829K(14336K) Eden: 7153K(7168K)->0K(7168K) From: 4485K(7168K)->2829K(7168K)
[2026-06-17T09:57:48.247+0800][55.763s][info][gc,heap        ] GC(2236) ParOldGen: 36822K(44032K)->38657K(44032K)
[2026-06-17T09:57:48.247+0800][55.763s][info][gc,metaspace   ] GC(2236) Metaspace: 157K(384K)->157K(384K) NonClass: 153K(256K)->153K(256K) Class: 4K(128K)->4K(128K)
[2026-06-17T09:57:48.247+0800][55.763s][info][gc             ] GC(2236) Pause Young (Allocation Failure) 47M->40M(57M) 1.306ms
[2026-06-17T09:57:48.247+0800][55.763s][info][gc,cpu         ] GC(2236) User=0.01s Sys=0.00s Real=0.00s
[2026-06-17T09:57:48.268+0800][55.784s][info][gc,start       ] GC(2237) Pause Young (Allocation Failure)
[2026-06-17T09:57:48.269+0800][55.785s][info][gc,heap        ] GC(2237) PSYoungGen: 9970K(14336K)->1768K(14336K) Eden: 7141K(7168K)->0K(7168K) From: 2829K(7168K)->1768K(7168K)
[2026-06-17T09:57:48.270+0800][55.786s][info][gc,heap        ] GC(2237) ParOldGen: 38657K(44032K)->39758K(44032K)
[2026-06-17T09:57:48.270+0800][55.786s][info][gc,metaspace   ] GC(2237) Metaspace: 157K(384K)->157K(384K) NonClass: 153K(256K)->153K(256K) Class: 4K(128K)->4K(128K)
[2026-06-17T09:57:48.270+0800][55.786s][info][gc             ] GC(2237) Pause Young (Allocation Failure) 47M->40M(57M) 1.976ms
[2026-06-17T09:57:48.271+0800][55.787s][info][gc,cpu         ] GC(2237) User=0.00s Sys=0.00s Real=0.01s
[2026-06-17T09:57:48.282+0800][55.798s][info][gc,start       ] GC(2238) Pause Young (Allocation Failure)
[2026-06-17T09:57:48.283+0800][55.799s][info][gc,heap        ] GC(2238) PSYoungGen: 8815K(14336K)->32K(14336K) Eden: 7046K(7168K)->0K(7168K) From: 1768K(7168K)->32K(7168K)
[2026-06-17T09:57:48.284+0800][55.800s][info][gc,heap        ] GC(2238) ParOldGen: 39758K(44032K)->41233K(44032K)
[2026-06-17T09:57:48.284+0800][55.800s][info][gc,metaspace   ] GC(2238) Metaspace: 157K(384K)->157K(384K) NonClass: 153K(256K)->153K(256K) Class: 4K(128K)->4K(128K)
[2026-06-17T09:57:48.285+0800][55.801s][info][gc             ] GC(2238) Pause Young (Allocation Failure) 47M->40M(57M) 3.212ms
[2026-06-17T09:57:48.285+0800][55.801s][info][gc,cpu         ] GC(2238) User=0.00s Sys=0.00s Real=0.01s
[2026-06-17T09:57:48.307+0800][55.823s][info][gc,start       ] GC(2239) Pause Full (Ergonomics)
[2026-06-17T09:57:48.308+0800][55.824s][info][gc,phases,start] GC(2239) Marking Phase
[2026-06-17T09:57:48.311+0800][55.827s][info][gc,phases      ] GC(2239) Marking Phase 2.656ms
[2026-06-17T09:57:48.311+0800][55.827s][info][gc,phases,start] GC(2239) Summary Phase
[2026-06-17T09:57:48.312+0800][55.828s][info][gc,phases      ] GC(2239) Summary Phase 0.610ms
[2026-06-17T09:57:48.313+0800][55.829s][info][gc,phases,start] GC(2239) Adjust Roots
[2026-06-17T09:57:48.314+0800][55.830s][info][gc,phases      ] GC(2239) Adjust Roots 1.127ms
[2026-06-17T09:57:48.314+0800][55.830s][info][gc,phases,start] GC(2239) Compaction Phase
[2026-06-17T09:57:48.317+0800][55.833s][info][gc,phases      ] GC(2239) Compaction Phase 3.393ms
[2026-06-17T09:57:48.318+0800][55.834s][info][gc,phases,start] GC(2239) Post Compact
[2026-06-17T09:57:48.319+0800][55.835s][info][gc,phases      ] GC(2239) Post Compact 0.601ms
[2026-06-17T09:57:48.319+0800][55.835s][info][gc,heap        ] GC(2239) PSYoungGen: 7168K(14336K)->0K(14336K) Eden: 7136K(7168K)->0K(7168K) From: 32K(7168K)->0K(7168K)
[2026-06-17T09:57:48.319+0800][55.835s][info][gc,heap        ] GC(2239) ParOldGen: 41233K(44032K)->26705K(44032K)
[2026-06-17T09:57:48.320+0800][55.836s][info][gc,metaspace   ] GC(2239) Metaspace: 157K(384K)->157K(384K) NonClass: 153K(256K)->153K(256K) Class: 4K(128K)->4K(128K)
[2026-06-17T09:57:48.320+0800][55.836s][info][gc             ] GC(2239) Pause Full (Ergonomics) 47M->26M(57M) 12.950ms
[2026-06-17T09:57:48.320+0800][55.836s][info][gc,cpu         ] GC(2239) User=0.00s Sys=0.01s Real=0.01s
[2026-06-17T09:57:48.342+0800][55.858s][info][gc,start       ] GC(2240) Pause Young (Allocation Failure)
[2026-06-17T09:57:48.343+0800][55.859s][info][gc,heap        ] GC(2240) PSYoungGen: 7167K(14336K)->3899K(14336K) Eden: 7167K(7168K)->0K(7168K) From: 0K(7168K)->3899K(7168K)
[2026-06-17T09:57:48.343+0800][55.859s][info][gc,heap        ] GC(2240) ParOldGen: 26705K(44032K)->26705K(44032K)
[2026-06-17T09:57:48.343+0800][55.859s][info][gc,metaspace   ] GC(2240) Metaspace: 157K(384K)->157K(384K) NonClass: 153K(256K)->153K(256K) Class: 4K(128K)->4K(128K)
[2026-06-17T09:57:48.343+0800][55.859s][info][gc             ] GC(2240) Pause Young (Allocation Failure) 33M->29M(57M) 1.504ms
[2026-06-17T09:57:48.344+0800][55.860s][info][gc,cpu         ] GC(2240) User=0.01s Sys=0.00s Real=0.01s
[2026-06-17T09:57:48.365+0800][55.881s][info][gc,start       ] GC(2241) Pause Young (Allocation Failure)
[2026-06-17T09:57:48.366+0800][55.882s][info][gc,heap        ] GC(2241) PSYoungGen: 11042K(14336K)->422K(14336K) Eden: 7142K(7168K)->0K(7168K) From: 3899K(7168K)->422K(7168K)
[2026-06-17T09:57:48.366+0800][55.882s][info][gc,heap        ] GC(2241) ParOldGen: 26705K(44032K)->30189K(44032K)
[2026-06-17T09:57:48.367+0800][55.883s][info][gc,metaspace   ] GC(2241) Metaspace: 157K(384K)->157K(384K) NonClass: 153K(256K)->153K(256K) Class: 4K(128K)->4K(128K)
[2026-06-17T09:57:48.367+0800][55.883s][info][gc             ] GC(2241) Pause Young (Allocation Failure) 36M->29M(57M) 2.806ms
[2026-06-17T09:57:48.368+0800][55.884s][info][gc,cpu         ] GC(2241) User=0.00s Sys=0.00s Real=0.00s
[2026-06-17T09:57:48.379+0800][55.895s][info][gc,start       ] GC(2242) Pause Young (Allocation Failure)
[2026-06-17T09:57:48.380+0800][55.896s][info][gc,heap        ] GC(2242) PSYoungGen: 7550K(14336K)->4264K(14336K) Eden: 7128K(7168K)->0K(7168K) From: 422K(7168K)->4264K(7168K)
[2026-06-17T09:57:48.380+0800][55.896s][info][gc,heap        ] GC(2242) ParOldGen: 30189K(44032K)->30189K(44032K)
[2026-06-17T09:57:48.381+0800][55.897s][info][gc,metaspace   ] GC(2242) Metaspace: 157K(384K)->157K(384K) NonClass: 153K(256K)->153K(256K) Class: 4K(128K)->4K(128K)
[2026-06-17T09:57:48.381+0800][55.897s][info][gc             ] GC(2242) Pause Young (Allocation Failure) 36M->33M(57M) 1.985ms
[2026-06-17T09:57:48.381+0800][55.897s][info][gc,cpu         ] GC(2242) User=0.00s Sys=0.00s Real=0.00s
[2026-06-17T09:57:48.403+0800][55.919s][info][gc,start       ] GC(2243) Pause Young (Allocation Failure)
[2026-06-17T09:57:48.405+0800][55.921s][info][gc,heap        ] GC(2243) PSYoungGen: 11412K(14336K)->2378K(14336K) Eden: 7147K(7168K)->0K(7168K) From: 4264K(7168K)->2378K(7168K)
[2026-06-17T09:57:48.405+0800][55.921s][info][gc,heap        ] GC(2243) ParOldGen: 30189K(44032K)->32149K(44032K)
[2026-06-17T09:57:48.406+0800][55.922s][info][gc,metaspace   ] GC(2243) Metaspace: 157K(384K)->157K(384K) NonClass: 153K(256K)->153K(256K) Class: 4K(128K)->4K(128K)
[2026-06-17T09:57:48.406+0800][55.922s][info][gc             ] GC(2243) Pause Young (Allocation Failure) 40M->33M(57M) 3.770ms
[2026-06-17T09:57:48.407+0800][55.923s][info][gc,cpu         ] GC(2243) User=0.00s Sys=0.01s Real=0.00s
[2026-06-17T09:57:48.429+0800][55.945s][info][gc,start       ] GC(2244) Pause Young (Allocation Failure)
[2026-06-17T09:57:48.430+0800][55.946s][info][gc,heap        ] GC(2244) PSYoungGen: 9514K(14336K)->2398K(14336K) Eden: 7135K(7168K)->0K(7168K) From: 2378K(7168K)->2398K(7168K)
[2026-06-17T09:57:48.431+0800][55.947s][info][gc,heap        ] GC(2244) ParOldGen: 32149K(44032K)->32149K(44032K)
[2026-06-17T09:57:48.431+0800][55.947s][info][gc,metaspace   ] GC(2244) Metaspace: 157K(384K)->157K(384K) NonClass: 153K(256K)->153K(256K) Class: 4K(128K)->4K(128K)
[2026-06-17T09:57:48.432+0800][55.948s][info][gc             ] GC(2244) Pause Young (Allocation Failure) 40M->33M(57M) 2.997ms
[2026-06-17T09:57:48.432+0800][55.948s][info][gc,cpu         ] GC(2244) User=0.00s Sys=0.00s Real=0.01s
[2026-06-17T09:57:48.444+0800][55.960s][info][gc,start       ] GC(2245) Pause Young (Allocation Failure)
[2026-06-17T09:57:48.445+0800][55.961s][info][gc,heap        ] GC(2245) PSYoungGen: 9317K(14336K)->272K(14336K) Eden: 6919K(7168K)->0K(7168K) From: 2398K(7168K)->272K(7168K)
[2026-06-17T09:57:48.445+0800][55.961s][info][gc,heap        ] GC(2245) ParOldGen: 32149K(44032K)->34243K(44032K)
[2026-06-17T09:57:48.445+0800][55.961s][info][gc,metaspace   ] GC(2245) Metaspace: 157K(384K)->157K(384K) NonClass: 153K(256K)->153K(256K) Class: 4K(128K)->4K(128K)
[2026-06-17T09:57:48.446+0800][55.962s][info][gc             ] GC(2245) Pause Young (Allocation Failure) 40M->33M(57M) 2.242ms
[2026-06-17T09:57:48.447+0800][55.963s][info][gc,cpu         ] GC(2245) User=0.00s Sys=0.00s Real=0.00s
[2026-06-17T09:57:48.468+0800][55.985s][info][gc,start       ] GC(2246) Pause Young (Allocation Failure)
[2026-06-17T09:57:48.470+0800][55.986s][info][gc,heap        ] GC(2246) PSYoungGen: 7432K(14336K)->3677K(14336K) Eden: 7160K(7168K)->0K(7168K) From: 272K(7168K)->3677K(7168K)
[2026-06-17T09:57:48.470+0800][55.986s][info][gc,heap        ] GC(2246) ParOldGen: 34243K(44032K)->34491K(44032K)
[2026-06-17T09:57:48.471+0800][55.987s][info][gc,metaspace   ] GC(2246) Metaspace: 157K(384K)->157K(384K) NonClass: 153K(256K)->153K(256K) Class: 4K(128K)->4K(128K)
[2026-06-17T09:57:48.471+0800][55.987s][info][gc             ] GC(2246) Pause Young (Allocation Failure) 40M->37M(57M) 2.926ms
[2026-06-17T09:57:48.472+0800][55.988s][info][gc,cpu         ] GC(2246) User=0.01s Sys=0.00s Real=0.01s
[2026-06-17T09:57:48.483+0800][55.999s][info][gc,start       ] GC(2247) Pause Young (Allocation Failure)
[2026-06-17T09:57:48.484+0800][56.000s][info][gc,heap        ] GC(2247) PSYoungGen: 10651K(14336K)->1272K(14336K) Eden: 6974K(7168K)->0K(7168K) From: 3677K(7168K)->1272K(7168K)
[2026-06-17T09:57:48.484+0800][56.001s][info][gc,heap        ] GC(2247) ParOldGen: 34491K(44032K)->36741K(44032K)
[2026-06-17T09:57:48.485+0800][56.001s][info][gc,metaspace   ] GC(2247) Metaspace: 157K(384K)->157K(384K) NonClass: 153K(256K)->153K(256K) Class: 4K(128K)->4K(128K)
[2026-06-17T09:57:48.485+0800][56.001s][info][gc             ] GC(2247) Pause Young (Allocation Failure) 44M->37M(57M) 1.997ms
[2026-06-17T09:57:48.485+0800][56.001s][info][gc,cpu         ] GC(2247) User=0.00s Sys=0.00s Real=0.00s
[2026-06-17T09:57:48.507+0800][56.023s][info][gc,start       ] GC(2248) Pause Young (Allocation Failure)
[2026-06-17T09:57:48.508+0800][56.024s][info][gc,heap        ] GC(2248) PSYoungGen: 8439K(14336K)->3938K(14336K) Eden: 7167K(7168K)->0K(7168K) From: 1272K(7168K)->3938K(7168K)
[2026-06-17T09:57:48.509+0800][56.025s][info][gc,heap        ] GC(2248) ParOldGen: 36741K(44032K)->37989K(44032K)
[2026-06-17T09:57:48.509+0800][56.026s][info][gc,metaspace   ] GC(2248) Metaspace: 157K(384K)->157K(384K) NonClass: 153K(256K)->153K(256K) Class: 4K(128K)->4K(128K)
[2026-06-17T09:57:48.510+0800][56.026s][info][gc             ] GC(2248) Pause Young (Allocation Failure) 44M->40M(57M) 3.162ms
[2026-06-17T09:57:48.510+0800][56.026s][info][gc,cpu         ] GC(2248) User=0.00s Sys=0.00s Real=0.00s
[2026-06-17T09:57:48.532+0800][56.048s][info][gc,start       ] GC(2249) Pause Young (Allocation Failure)
[2026-06-17T09:57:48.533+0800][56.049s][info][gc,heap        ] GC(2249) PSYoungGen: 11089K(14336K)->3372K(14336K) Eden: 7151K(7168K)->0K(7168K) From: 3938K(7168K)->3372K(7168K)
[2026-06-17T09:57:48.533+0800][56.049s][info][gc,heap        ] GC(2249) ParOldGen: 37989K(44032K)->38661K(44032K)
[2026-06-17T09:57:48.534+0800][56.050s][info][gc,metaspace   ] GC(2249) Metaspace: 157K(384K)->157K(384K) NonClass: 153K(256K)->153K(256K) Class: 4K(128K)->4K(128K)
[2026-06-17T09:57:48.534+0800][56.050s][info][gc             ] GC(2249) Pause Young (Allocation Failure) 47M->41M(57M) 2.444ms
[2026-06-17T09:57:48.534+0800][56.050s][info][gc,cpu         ] GC(2249) User=0.00s Sys=0.00s Real=0.00s
[2026-06-17T09:57:48.556+0800][56.072s][info][gc,start       ] GC(2250) Pause Young (Allocation Failure)
[2026-06-17T09:57:48.558+0800][56.074s][info][gc,heap        ] GC(2250) PSYoungGen: 10533K(14336K)->1572K(14336K) Eden: 7160K(7168K)->0K(7168K) From: 3372K(7168K)->1572K(7168K)
[2026-06-17T09:57:48.558+0800][56.074s][info][gc,heap        ] GC(2250) ParOldGen: 38661K(44032K)->40640K(44032K)
[2026-06-17T09:57:48.559+0800][56.075s][info][gc,metaspace   ] GC(2250) Metaspace: 157K(384K)->157K(384K) NonClass: 153K(256K)->153K(256K) Class: 4K(128K)->4K(128K)
[2026-06-17T09:57:48.559+0800][56.075s][info][gc             ] GC(2250) Pause Young (Allocation Failure) 48M->41M(57M) 3.172ms
[2026-06-17T09:57:48.559+0800][56.075s][info][gc,cpu         ] GC(2250) User=0.00s Sys=0.00s Real=0.00s
[2026-06-17T09:57:48.571+0800][56.087s][info][gc,start       ] GC(2251) Pause Full (Ergonomics)
[2026-06-17T09:57:48.571+0800][56.087s][info][gc,phases,start] GC(2251) Marking Phase
[2026-06-17T09:57:48.573+0800][56.089s][info][gc,phases      ] GC(2251) Marking Phase 1.938ms
[2026-06-17T09:57:48.574+0800][56.090s][info][gc,phases,start] GC(2251) Summary Phase
[2026-06-17T09:57:48.574+0800][56.090s][info][gc,phases      ] GC(2251) Summary Phase 0.343ms
[2026-06-17T09:57:48.574+0800][56.090s][info][gc,phases,start] GC(2251) Adjust Roots
[2026-06-17T09:57:48.575+0800][56.091s][info][gc,phases      ] GC(2251) Adjust Roots 0.518ms
[2026-06-17T09:57:48.575+0800][56.091s][info][gc,phases,start] GC(2251) Compaction Phase
[2026-06-17T09:57:48.577+0800][56.093s][info][gc,phases      ] GC(2251) Compaction Phase 1.860ms
[2026-06-17T09:57:48.577+0800][56.093s][info][gc,phases,start] GC(2251) Post Compact
[2026-06-17T09:57:48.578+0800][56.094s][info][gc,phases      ] GC(2251) Post Compact 0.330ms
[2026-06-17T09:57:48.578+0800][56.094s][info][gc,heap        ] GC(2251) PSYoungGen: 8716K(14336K)->0K(14336K) Eden: 7144K(7168K)->0K(7168K) From: 1572K(7168K)->0K(7168K)
[2026-06-17T09:57:48.578+0800][56.094s][info][gc,heap        ] GC(2251) ParOldGen: 40640K(44032K)->22589K(44032K)
[2026-06-17T09:57:48.578+0800][56.094s][info][gc,metaspace   ] GC(2251) Metaspace: 157K(384K)->157K(384K) NonClass: 153K(256K)->153K(256K) Class: 4K(128K)->4K(128K)
[2026-06-17T09:57:48.579+0800][56.095s][info][gc             ] GC(2251) Pause Full (Ergonomics) 48M->22M(57M) 7.954ms
[2026-06-17T09:57:48.579+0800][56.095s][info][gc,cpu         ] GC(2251) User=0.00s Sys=0.00s Real=0.00s
[2026-06-17T09:57:48.601+0800][56.117s][info][gc,start       ] GC(2252) Pause Young (Allocation Failure)
[2026-06-17T09:57:48.603+0800][56.119s][info][gc,heap        ] GC(2252) PSYoungGen: 7156K(14336K)->3677K(14336K) Eden: 7156K(7168K)->0K(7168K) From: 0K(7168K)->3677K(7168K)
[2026-06-17T09:57:48.606+0800][56.122s][info][gc,heap        ] GC(2252) ParOldGen: 22589K(44032K)->22589K(44032K)
[2026-06-17T09:57:48.608+0800][56.124s][info][gc,metaspace   ] GC(2252) Metaspace: 157K(384K)->157K(384K) NonClass: 153K(256K)->153K(256K) Class: 4K(128K)->4K(128K)
[2026-06-17T09:57:48.610+0800][56.126s][info][gc             ] GC(2252) Pause Young (Allocation Failure) 29M->25M(57M) 9.128ms
[2026-06-17T09:57:48.612+0800][56.128s][info][gc,cpu         ] GC(2252) User=0.00s Sys=0.00s Real=0.02s
[2026-06-17T09:57:48.636+0800][56.152s][info][gc,start       ] GC(2253) Pause Young (Allocation Failure)
[2026-06-17T09:57:48.638+0800][56.154s][info][gc,heap        ] GC(2253) PSYoungGen: 10845K(14336K)->3009K(14848K) Eden: 7167K(7168K)->0K(8192K) From: 3677K(7168K)->3009K(6656K)
[2026-06-17T09:57:48.639+0800][56.155s][info][gc,heap        ] GC(2253) ParOldGen: 22589K(44032K)->23222K(44032K)
[2026-06-17T09:57:48.640+0800][56.156s][info][gc,metaspace   ] GC(2253) Metaspace: 157K(384K)->157K(384K) NonClass: 153K(256K)->153K(256K) Class: 4K(128K)->4K(128K)
[2026-06-17T09:57:48.640+0800][56.157s][info][gc             ] GC(2253) Pause Young (Allocation Failure) 32M->25M(57M) 4.334ms
[2026-06-17T09:57:48.641+0800][56.157s][info][gc,cpu         ] GC(2253) User=0.00s Sys=0.00s Real=0.00s
[2026-06-17T09:57:48.664+0800][56.180s][info][gc,start       ] GC(2254) Pause Young (Allocation Failure)
[2026-06-17T09:57:48.667+0800][56.183s][info][gc,heap        ] GC(2254) PSYoungGen: 11166K(14848K)->2582K(14848K) Eden: 8156K(8192K)->0K(8192K) From: 3009K(6656K)->2582K(6656K)
[2026-06-17T09:57:48.668+0800][56.184s][info][gc,heap        ] GC(2254) ParOldGen: 23222K(44032K)->25121K(44032K)
[2026-06-17T09:57:48.668+0800][56.184s][info][gc,metaspace   ] GC(2254) Metaspace: 157K(384K)->157K(384K) NonClass: 153K(256K)->153K(256K) Class: 4K(128K)->4K(128K)
[2026-06-17T09:57:48.669+0800][56.185s][info][gc             ] GC(2254) Pause Young (Allocation Failure) 33M->27M(57M) 4.939ms
[2026-06-17T09:57:48.670+0800][56.186s][info][gc,cpu         ] GC(2254) User=0.01s Sys=0.00s Real=0.00s
[2026-06-17T09:57:48.692+0800][56.208s][info][gc,start       ] GC(2255) Pause Young (Allocation Failure)
[2026-06-17T09:57:48.693+0800][56.209s][info][gc,heap        ] GC(2255) PSYoungGen: 10726K(14848K)->2168K(15360K) Eden: 8144K(8192K)->0K(9216K) From: 2582K(6656K)->2168K(6144K)
[2026-06-17T09:57:48.694+0800][56.210s][info][gc,heap        ] GC(2255) ParOldGen: 25121K(44032K)->26888K(44032K)
[2026-06-17T09:57:48.694+0800][56.210s][info][gc,metaspace   ] GC(2255) Metaspace: 157K(384K)->157K(384K) NonClass: 153K(256K)->153K(256K) Class: 4K(128K)->4K(128K)
[2026-06-17T09:57:48.694+0800][56.210s][info][gc             ] GC(2255) Pause Young (Allocation Failure) 35M->28M(58M) 2.338ms
[2026-06-17T09:57:48.695+0800][56.211s][info][gc,cpu         ] GC(2255) User=0.00s Sys=0.00s Real=0.00s
[2026-06-17T09:57:48.716+0800][56.232s][info][gc,start       ] GC(2256) Pause Young (Allocation Failure)
[2026-06-17T09:57:48.718+0800][56.234s][info][gc,heap        ] GC(2256) PSYoungGen: 11376K(15360K)->4321K(15360K) Eden: 9207K(9216K)->0K(9216K) From: 2168K(6144K)->4321K(6144K)
[2026-06-17T09:57:48.718+0800][56.234s][info][gc,heap        ] GC(2256) ParOldGen: 26888K(44032K)->26888K(44032K)
[2026-06-17T09:57:48.719+0800][56.235s][info][gc,metaspace   ] GC(2256) Metaspace: 157K(384K)->157K(384K) NonClass: 153K(256K)->153K(256K) Class: 4K(128K)->4K(128K)
[2026-06-17T09:57:48.719+0800][56.235s][info][gc             ] GC(2256) Pause Young (Allocation Failure) 37M->30M(58M) 2.646ms
[2026-06-17T09:57:48.719+0800][56.235s][info][gc,cpu         ] GC(2256) User=0.00s Sys=0.00s Real=0.00s
[2026-06-17T09:57:48.741+0800][56.257s][info][gc,start       ] GC(2257) Pause Young (Allocation Failure)
[2026-06-17T09:57:48.742+0800][56.258s][info][gc,heap        ] GC(2257) PSYoungGen: 13526K(15360K)->3821K(15360K) Eden: 9205K(9216K)->0K(9216K) From: 4321K(6144K)->3821K(6144K)
[2026-06-17T09:57:48.742+0800][56.258s][info][gc,heap        ] GC(2257) ParOldGen: 26888K(44032K)->29961K(44032K)
[2026-06-17T09:57:48.743+0800][56.259s][info][gc,metaspace   ] GC(2257) Metaspace: 157K(384K)->157K(384K) NonClass: 153K(256K)->153K(256K) Class: 4K(128K)->4K(128K)
[2026-06-17T09:57:48.757+0800][56.273s][info][gc             ] GC(2257) Pause Young (Allocation Failure) 39M->32M(58M) 15.832ms
[2026-06-17T09:57:48.757+0800][56.273s][info][gc,cpu         ] GC(2257) User=0.00s Sys=0.00s Real=0.02s
[2026-06-17T09:57:48.779+0800][56.295s][info][gc,start       ] GC(2258) Pause Young (Allocation Failure)
[2026-06-17T09:57:48.781+0800][56.297s][info][gc,heap        ] GC(2258) PSYoungGen: 12956K(15360K)->891K(10240K) Eden: 9134K(9216K)->0K(9216K) From: 3821K(6144K)->891K(1024K)
[2026-06-17T09:57:48.783+0800][56.299s][info][gc,heap        ] GC(2258) ParOldGen: 29961K(44032K)->31756K(44032K)
[2026-06-17T09:57:48.785+0800][56.301s][info][gc,metaspace   ] GC(2258) Metaspace: 157K(384K)->157K(384K) NonClass: 153K(256K)->153K(256K) Class: 4K(128K)->4K(128K)
[2026-06-17T09:57:48.787+0800][56.303s][info][gc             ] GC(2258) Pause Young (Allocation Failure) 41M->31M(53M) 7.367ms
[2026-06-17T09:57:48.787+0800][56.303s][info][gc,cpu         ] GC(2258) User=0.01s Sys=0.00s Real=0.01s
[2026-06-17T09:57:48.820+0800][56.336s][info][gc,start       ] GC(2259) Pause Young (Allocation Failure)
[2026-06-17T09:57:48.832+0800][56.348s][info][gc,heap        ] GC(2259) PSYoungGen: 10083K(10240K)->3194K(15360K) Eden: 9192K(9216K)->0K(8704K) From: 891K(1024K)->3194K(6656K)
[2026-06-17T09:57:48.834+0800][56.350s][info][gc,heap        ] GC(2259) ParOldGen: 31756K(44032K)->31756K(44032K)
[2026-06-17T09:57:48.839+0800][56.355s][info][gc,metaspace   ] GC(2259) Metaspace: 157K(384K)->157K(384K) NonClass: 153K(256K)->153K(256K) Class: 4K(128K)->4K(128K)
[2026-06-17T09:57:48.841+0800][56.357s][info][gc             ] GC(2259) Pause Young (Allocation Failure) 40M->34M(58M) 21.143ms
[2026-06-17T09:57:48.842+0800][56.358s][info][gc,cpu         ] GC(2259) User=0.00s Sys=0.00s Real=0.02s
[2026-06-17T09:57:48.865+0800][56.381s][info][gc,start       ] GC(2260) Pause Young (Allocation Failure)
[2026-06-17T09:57:48.869+0800][56.385s][info][gc,heap        ] GC(2260) PSYoungGen: 11856K(15360K)->4738K(14848K) Eden: 8661K(8704K)->0K(8704K) From: 3194K(6656K)->4738K(6144K)
[2026-06-17T09:57:48.870+0800][56.386s][info][gc,heap        ] GC(2260) ParOldGen: 31756K(44032K)->31756K(44032K)
[2026-06-17T09:57:48.872+0800][56.388s][info][gc,metaspace   ] GC(2260) Metaspace: 157K(384K)->157K(384K) NonClass: 153K(256K)->153K(256K) Class: 4K(128K)->4K(128K)
[2026-06-17T09:57:48.875+0800][56.391s][info][gc             ] GC(2260) Pause Young (Allocation Failure) 42M->35M(57M) 10.136ms
[2026-06-17T09:57:48.879+0800][56.395s][info][gc,cpu         ] GC(2260) User=0.00s Sys=0.00s Real=0.01s
[2026-06-17T09:57:48.903+0800][56.419s][info][gc,start       ] GC(2261) Pause Young (Allocation Failure)
[2026-06-17T09:57:48.905+0800][56.421s][info][gc,heap        ] GC(2261) PSYoungGen: 13442K(14848K)->6607K(13824K) Eden: 8704K(8704K)->0K(7168K) From: 4738K(6144K)->6607K(6656K)
[2026-06-17T09:57:48.906+0800][56.422s][info][gc,heap        ] GC(2261) ParOldGen: 31756K(44032K)->31952K(44032K)
[2026-06-17T09:57:48.907+0800][56.423s][info][gc,metaspace   ] GC(2261) Metaspace: 157K(384K)->157K(384K) NonClass: 153K(256K)->153K(256K) Class: 4K(128K)->4K(128K)
[2026-06-17T09:57:48.909+0800][56.425s][info][gc             ] GC(2261) Pause Young (Allocation Failure) 44M->37M(56M) 6.161ms
[2026-06-17T09:57:48.910+0800][56.426s][info][gc,cpu         ] GC(2261) User=0.00s Sys=0.00s Real=0.00s
[2026-06-17T09:57:48.934+0800][56.450s][info][gc,start       ] GC(2262) Pause Young (Allocation Failure)
[2026-06-17T09:57:48.937+0800][56.453s][info][gc,heap        ] GC(2262) PSYoungGen: 13747K(13824K)->5548K(14336K) Eden: 7139K(7168K)->0K(7168K) From: 6607K(6656K)->5548K(7168K)
[2026-06-17T09:57:48.938+0800][56.454s][info][gc,heap        ] GC(2262) ParOldGen: 31952K(44032K)->33523K(44032K)
[2026-06-17T09:57:48.939+0800][56.455s][info][gc,metaspace   ] GC(2262) Metaspace: 157K(384K)->157K(384K) NonClass: 153K(256K)->153K(256K) Class: 4K(128K)->4K(128K)
[2026-06-17T09:57:48.939+0800][56.455s][info][gc             ] GC(2262) Pause Young (Allocation Failure) 44M->38M(57M) 4.992ms
[2026-06-17T09:57:48.941+0800][56.457s][info][gc,cpu         ] GC(2262) User=0.01s Sys=0.00s Real=0.00s
[2026-06-17T09:57:48.963+0800][56.479s][info][gc,start       ] GC(2263) Pause Young (Allocation Failure)
[2026-06-17T09:57:48.965+0800][56.481s][info][gc,heap        ] GC(2263) PSYoungGen: 12704K(14336K)->2066K(14336K) Eden: 7155K(7168K)->0K(7168K) From: 5548K(7168K)->2066K(7168K)
[2026-06-17T09:57:48.966+0800][56.482s][info][gc,heap        ] GC(2263) ParOldGen: 33523K(44032K)->37185K(44032K)
[2026-06-17T09:57:48.966+0800][56.482s][info][gc,metaspace   ] GC(2263) Metaspace: 157K(384K)->157K(384K) NonClass: 153K(256K)->153K(256K) Class: 4K(128K)->4K(128K)
[2026-06-17T09:57:48.967+0800][56.483s][info][gc             ] GC(2263) Pause Young (Allocation Failure) 45M->38M(57M) 3.571ms
[2026-06-17T09:57:48.967+0800][56.483s][info][gc,cpu         ] GC(2263) User=0.00s Sys=0.00s Real=0.00s
[2026-06-17T09:57:48.979+0800][56.495s][info][gc,start       ] GC(2264) Pause Young (Allocation Failure)
[2026-06-17T09:57:48.980+0800][56.496s][info][gc,heap        ] GC(2264) PSYoungGen: 9194K(14336K)->3972K(14336K) Eden: 7128K(7168K)->0K(7168K) From: 2066K(7168K)->3972K(7168K)
[2026-06-17T09:57:48.981+0800][56.497s][info][gc,heap        ] GC(2264) ParOldGen: 37185K(44032K)->38987K(44032K)
[2026-06-17T09:57:48.981+0800][56.497s][info][gc,metaspace   ] GC(2264) Metaspace: 157K(384K)->157K(384K) NonClass: 153K(256K)->153K(256K) Class: 4K(128K)->4K(128K)
[2026-06-17T09:57:48.981+0800][56.497s][info][gc             ] GC(2264) Pause Young (Allocation Failure) 45M->41M(57M) 2.488ms
[2026-06-17T09:57:48.982+0800][56.498s][info][gc,cpu         ] GC(2264) User=0.00s Sys=0.00s Real=0.00s
[2026-06-17T09:57:49.003+0800][56.519s][info][gc,start       ] GC(2265) Pause Young (Allocation Failure)
[2026-06-17T09:57:49.006+0800][56.522s][info][gc,heap        ] GC(2265) PSYoungGen: 11128K(14336K)->2983K(14336K) Eden: 7155K(7168K)->0K(7168K) From: 3972K(7168K)->2983K(7168K)
[2026-06-17T09:57:49.006+0800][56.522s][info][gc,heap        ] GC(2265) ParOldGen: 38987K(44032K)->40079K(44032K)
[2026-06-17T09:57:49.007+0800][56.523s][info][gc,metaspace   ] GC(2265) Metaspace: 157K(384K)->157K(384K) NonClass: 153K(256K)->153K(256K) Class: 4K(128K)->4K(128K)
[2026-06-17T09:57:49.007+0800][56.523s][info][gc             ] GC(2265) Pause Young (Allocation Failure) 48M->42M(57M) 4.068ms
[2026-06-17T09:57:49.008+0800][56.524s][info][gc,cpu         ] GC(2265) User=0.01s Sys=0.00s Real=0.00s
[2026-06-17T09:57:49.019+0800][56.536s][info][gc,start       ] GC(2266) Pause Young (Allocation Failure)
[2026-06-17T09:57:49.021+0800][56.537s][info][gc,heap        ] GC(2266) PSYoungGen: 10083K(14336K)->1314K(14336K) Eden: 7100K(7168K)->0K(7168K) From: 2983K(7168K)->1314K(7168K)
[2026-06-17T09:57:49.022+0800][56.538s][info][gc,heap        ] GC(2266) ParOldGen: 40079K(44032K)->42129K(44032K)
[2026-06-17T09:57:49.023+0800][56.539s][info][gc,metaspace   ] GC(2266) Metaspace: 157K(384K)->157K(384K) NonClass: 153K(256K)->153K(256K) Class: 4K(128K)->4K(128K)
[2026-06-17T09:57:49.023+0800][56.539s][info][gc             ] GC(2266) Pause Young (Allocation Failure) 48M->42M(57M) 3.499ms
[2026-06-17T09:57:49.023+0800][56.539s][info][gc,cpu         ] GC(2266) User=0.00s Sys=0.00s Real=0.01s
[2026-06-17T09:57:49.046+0800][56.562s][info][gc,start       ] GC(2267) Pause Full (Ergonomics)
[2026-06-17T09:57:49.048+0800][56.564s][info][gc,phases,start] GC(2267) Marking Phase
[2026-06-17T09:57:49.050+0800][56.566s][info][gc,phases      ] GC(2267) Marking Phase 2.484ms
[2026-06-17T09:57:49.052+0800][56.568s][info][gc,phases,start] GC(2267) Summary Phase
[2026-06-17T09:57:49.053+0800][56.569s][info][gc,phases      ] GC(2267) Summary Phase 0.618ms
[2026-06-17T09:57:49.053+0800][56.569s][info][gc,phases,start] GC(2267) Adjust Roots
[2026-06-17T09:57:49.054+0800][56.570s][info][gc,phases      ] GC(2267) Adjust Roots 0.873ms
[2026-06-17T09:57:49.055+0800][56.571s][info][gc,phases,start] GC(2267) Compaction Phase
[2026-06-17T09:57:49.057+0800][56.573s][info][gc,phases      ] GC(2267) Compaction Phase 1.987ms
[2026-06-17T09:57:49.057+0800][56.573s][info][gc,phases,start] GC(2267) Post Compact
[2026-06-17T09:57:49.057+0800][56.574s][info][gc,phases      ] GC(2267) Post Compact 0.338ms
[2026-06-17T09:57:49.058+0800][56.574s][info][gc,heap        ] GC(2267) PSYoungGen: 8462K(14336K)->0K(14336K) Eden: 7148K(7168K)->0K(7168K) From: 1314K(7168K)->0K(7168K)
[2026-06-17T09:57:49.058+0800][56.574s][info][gc,heap        ] GC(2267) ParOldGen: 42129K(44032K)->24245K(44032K)
[2026-06-17T09:57:49.058+0800][56.574s][info][gc,metaspace   ] GC(2267) Metaspace: 157K(384K)->157K(384K) NonClass: 153K(256K)->153K(256K) Class: 4K(128K)->4K(128K)
[2026-06-17T09:57:49.059+0800][56.575s][info][gc             ] GC(2267) Pause Full (Ergonomics) 49M->23M(57M) 12.266ms
[2026-06-17T09:57:49.059+0800][56.575s][info][gc,cpu         ] GC(2267) User=0.01s Sys=0.00s Real=0.01s
[2026-06-17T09:57:49.081+0800][56.597s][info][gc,start       ] GC(2268) Pause Young (Allocation Failure)
[2026-06-17T09:57:49.083+0800][56.599s][info][gc,heap        ] GC(2268) PSYoungGen: 7166K(14336K)->3867K(14336K) Eden: 7166K(7168K)->0K(7168K) From: 0K(7168K)->3867K(7168K)
[2026-06-17T09:57:49.085+0800][56.601s][info][gc,heap        ] GC(2268) ParOldGen: 24245K(44032K)->24245K(44032K)
[2026-06-17T09:57:49.085+0800][56.601s][info][gc,metaspace   ] GC(2268) Metaspace: 157K(384K)->157K(384K) NonClass: 153K(256K)->153K(256K) Class: 4K(128K)->4K(128K)
[2026-06-17T09:57:49.087+0800][56.603s][info][gc             ] GC(2268) Pause Young (Allocation Failure) 30M->27M(57M) 5.757ms
[2026-06-17T09:57:49.087+0800][56.603s][info][gc,cpu         ] GC(2268) User=0.00s Sys=0.00s Real=0.01s
[2026-06-17T09:57:49.110+0800][56.626s][info][gc,start       ] GC(2269) Pause Young (Allocation Failure)
[2026-06-17T09:57:49.111+0800][56.627s][info][gc,heap        ] GC(2269) PSYoungGen: 11024K(14336K)->1399K(14336K) Eden: 7156K(7168K)->0K(7168K) From: 3867K(7168K)->1399K(7168K)
[2026-06-17T09:57:49.112+0800][56.628s][info][gc,heap        ] GC(2269) ParOldGen: 24245K(44032K)->27053K(44032K)
[2026-06-17T09:57:49.113+0800][56.629s][info][gc,metaspace   ] GC(2269) Metaspace: 157K(384K)->157K(384K) NonClass: 153K(256K)->153K(256K) Class: 4K(128K)->4K(128K)
[2026-06-17T09:57:49.113+0800][56.629s][info][gc             ] GC(2269) Pause Young (Allocation Failure) 34M->27M(57M) 3.601ms
[2026-06-17T09:57:49.114+0800][56.630s][info][gc,cpu         ] GC(2269) User=0.00s Sys=0.00s Real=0.01s
[2026-06-17T09:57:49.126+0800][56.642s][info][gc,start       ] GC(2270) Pause Young (Allocation Failure)
[2026-06-17T09:57:49.127+0800][56.643s][info][gc,heap        ] GC(2270) PSYoungGen: 8546K(14336K)->5035K(14336K) Eden: 7147K(7168K)->0K(7168K) From: 1399K(7168K)->5035K(7168K)
[2026-06-17T09:57:49.128+0800][56.644s][info][gc,heap        ] GC(2270) ParOldGen: 27053K(44032K)->27053K(44032K)
[2026-06-17T09:57:49.128+0800][56.644s][info][gc,metaspace   ] GC(2270) Metaspace: 157K(384K)->157K(384K) NonClass: 153K(256K)->153K(256K) Class: 4K(128K)->4K(128K)
[2026-06-17T09:57:49.129+0800][56.645s][info][gc             ] GC(2270) Pause Young (Allocation Failure) 34M->31M(57M) 3.055ms
[2026-06-17T09:57:49.129+0800][56.645s][info][gc,cpu         ] GC(2270) User=0.00s Sys=0.01s Real=0.00s
[2026-06-17T09:57:49.152+0800][56.668s][info][gc,start       ] GC(2271) Pause Young (Allocation Failure)
[2026-06-17T09:57:49.153+0800][56.669s][info][gc,heap        ] GC(2271) PSYoungGen: 12157K(14336K)->32K(14336K) Eden: 7122K(7168K)->0K(7168K) From: 5035K(7168K)->32K(7168K)
[2026-06-17T09:57:49.154+0800][56.670s][info][gc,heap        ] GC(2271) ParOldGen: 27053K(44032K)->28952K(44032K)
[2026-06-17T09:57:49.154+0800][56.670s][info][gc,metaspace   ] GC(2271) Metaspace: 157K(384K)->157K(384K) NonClass: 153K(256K)->153K(256K) Class: 4K(128K)->4K(128K)
[2026-06-17T09:57:49.155+0800][56.671s][info][gc             ] GC(2271) Pause Young (Allocation Failure) 38M->28M(57M) 3.180ms
[2026-06-17T09:57:49.156+0800][56.672s][info][gc,cpu         ] GC(2271) User=0.00s Sys=0.00s Real=0.00s
[2026-06-17T09:57:49.178+0800][56.694s][info][gc,start       ] GC(2272) Pause Young (Allocation Failure)
[2026-06-17T09:57:49.180+0800][56.696s][info][gc,heap        ] GC(2272) PSYoungGen: 7192K(14336K)->3812K(14336K) Eden: 7160K(7168K)->0K(7168K) From: 32K(7168K)->3812K(7168K)
[2026-06-17T09:57:49.181+0800][56.697s][info][gc,heap        ] GC(2272) ParOldGen: 28952K(44032K)->28960K(44032K)
[2026-06-17T09:57:49.181+0800][56.697s][info][gc,metaspace   ] GC(2272) Metaspace: 157K(384K)->157K(384K) NonClass: 153K(256K)->153K(256K) Class: 4K(128K)->4K(128K)
[2026-06-17T09:57:49.182+0800][56.698s][info][gc             ] GC(2272) Pause Young (Allocation Failure) 35M->32M(57M) 3.689ms
[2026-06-17T09:57:49.182+0800][56.698s][info][gc,cpu         ] GC(2272) User=0.00s Sys=0.00s Real=0.00s
[2026-06-17T09:57:49.194+0800][56.710s][info][gc,start       ] GC(2273) Pause Young (Allocation Failure)
[2026-06-17T09:57:49.195+0800][56.711s][info][gc,heap        ] GC(2273) PSYoungGen: 10889K(14336K)->1809K(14336K) Eden: 7076K(7168K)->0K(7168K) From: 3812K(7168K)->1809K(7168K)
[2026-06-17T09:57:49.196+0800][56.712s][info][gc,heap        ] GC(2273) ParOldGen: 28960K(44032K)->31054K(44032K)
[2026-06-17T09:57:49.196+0800][56.712s][info][gc,metaspace   ] GC(2273) Metaspace: 157K(384K)->157K(384K) NonClass: 153K(256K)->153K(256K) Class: 4K(128K)->4K(128K)
[2026-06-17T09:57:49.196+0800][56.712s][info][gc             ] GC(2273) Pause Young (Allocation Failure) 38M->32M(57M) 2.581ms
[2026-06-17T09:57:49.197+0800][56.713s][info][gc,cpu         ] GC(2273) User=0.00s Sys=0.00s Real=0.00s
[2026-06-17T09:57:49.219+0800][56.735s][info][gc,start       ] GC(2274) Pause Young (Allocation Failure)
[2026-06-17T09:57:49.221+0800][56.737s][info][gc,heap        ] GC(2274) PSYoungGen: 8956K(14336K)->3731K(14336K) Eden: 7147K(7168K)->0K(7168K) From: 1809K(7168K)->3731K(7168K)
[2026-06-17T09:57:49.222+0800][56.738s][info][gc,heap        ] GC(2274) ParOldGen: 31054K(44032K)->32839K(44032K)
[2026-06-17T09:57:49.223+0800][56.739s][info][gc,metaspace   ] GC(2274) Metaspace: 157K(384K)->157K(384K) NonClass: 153K(256K)->153K(256K) Class: 4K(128K)->4K(128K)
[2026-06-17T09:57:49.224+0800][56.740s][info][gc             ] GC(2274) Pause Young (Allocation Failure) 39M->35M(57M) 4.704ms
[2026-06-17T09:57:49.224+0800][56.740s][info][gc,cpu         ] GC(2274) User=0.00s Sys=0.00s Real=0.01s
[2026-06-17T09:57:49.247+0800][56.763s][info][gc,start       ] GC(2275) Pause Young (Allocation Failure)
[2026-06-17T09:57:49.249+0800][56.765s][info][gc,heap        ] GC(2275) PSYoungGen: 10893K(14336K)->2399K(14848K) Eden: 7161K(7168K)->0K(7680K) From: 3731K(7168K)->2399K(7168K)
[2026-06-17T09:57:49.250+0800][56.766s][info][gc,heap        ] GC(2275) ParOldGen: 32839K(44032K)->34455K(44032K)
[2026-06-17T09:57:49.250+0800][56.766s][info][gc,metaspace   ] GC(2275) Metaspace: 157K(384K)->157K(384K) NonClass: 153K(256K)->153K(256K) Class: 4K(128K)->4K(128K)
[2026-06-17T09:57:49.251+0800][56.767s][info][gc             ] GC(2275) Pause Young (Allocation Failure) 42M->35M(57M) 4.083ms
[2026-06-17T09:57:49.251+0800][56.767s][info][gc,cpu         ] GC(2275) User=0.00s Sys=0.00s Real=0.01s
[2026-06-17T09:57:49.274+0800][56.790s][info][gc,start       ] GC(2276) Pause Young (Allocation Failure)
[2026-06-17T09:57:49.276+0800][56.792s][info][gc,heap        ] GC(2276) PSYoungGen: 10059K(14848K)->1482K(14336K) Eden: 7659K(7680K)->0K(7680K) From: 2399K(7168K)->1482K(6656K)
[2026-06-17T09:57:49.276+0800][56.792s][info][gc,heap        ] GC(2276) ParOldGen: 34455K(44032K)->36232K(44032K)
[2026-06-17T09:57:49.277+0800][56.793s][info][gc,metaspace   ] GC(2276) Metaspace: 157K(384K)->157K(384K) NonClass: 153K(256K)->153K(256K) Class: 4K(128K)->4K(128K)
[2026-06-17T09:57:49.277+0800][56.793s][info][gc             ] GC(2276) Pause Young (Allocation Failure) 43M->36M(57M) 3.691ms
[2026-06-17T09:57:49.278+0800][56.794s][info][gc,cpu         ] GC(2276) User=0.00s Sys=0.00s Real=0.00s
[2026-06-17T09:57:49.300+0800][56.816s][info][gc,start       ] GC(2277) Pause Young (Allocation Failure)
[2026-06-17T09:57:49.301+0800][56.817s][info][gc,heap        ] GC(2277) PSYoungGen: 9155K(14336K)->2589K(14848K) Eden: 7672K(7680K)->0K(8192K) From: 1482K(6656K)->2589K(6656K)
[2026-06-17T09:57:49.302+0800][56.818s][info][gc,heap        ] GC(2277) ParOldGen: 36232K(44032K)->36232K(44032K)
[2026-06-17T09:57:49.303+0800][56.819s][info][gc,metaspace   ] GC(2277) Metaspace: 157K(384K)->157K(384K) NonClass: 153K(256K)->153K(256K) Class: 4K(128K)->4K(128K)
[2026-06-17T09:57:49.303+0800][56.819s][info][gc             ] GC(2277) Pause Young (Allocation Failure) 44M->37M(57M) 3.540ms
[2026-06-17T09:57:49.304+0800][56.820s][info][gc,cpu         ] GC(2277) User=0.00s Sys=0.00s Real=0.01s
[2026-06-17T09:57:49.315+0800][56.831s][info][gc,start       ] GC(2278) Pause Young (Allocation Failure)
[2026-06-17T09:57:49.317+0800][56.833s][info][gc,heap        ] GC(2278) PSYoungGen: 10717K(14848K)->2033K(14848K) Eden: 8127K(8192K)->0K(8192K) From: 2589K(6656K)->2033K(6656K)
[2026-06-17T09:57:49.318+0800][56.834s][info][gc,heap        ] GC(2278) ParOldGen: 36232K(44032K)->37995K(44032K)
[2026-06-17T09:57:49.319+0800][56.835s][info][gc,metaspace   ] GC(2278) Metaspace: 157K(384K)->157K(384K) NonClass: 153K(256K)->153K(256K) Class: 4K(128K)->4K(128K)
[2026-06-17T09:57:49.319+0800][56.835s][info][gc             ] GC(2278) Pause Young (Allocation Failure) 45M->39M(57M) 3.857ms
[2026-06-17T09:57:49.320+0800][56.836s][info][gc,cpu         ] GC(2278) User=0.00s Sys=0.00s Real=0.00s
[2026-06-17T09:57:49.352+0800][56.868s][info][gc,start       ] GC(2279) Pause Young (Allocation Failure)
[2026-06-17T09:57:49.353+0800][56.869s][info][gc,heap        ] GC(2279) PSYoungGen: 10196K(14848K)->1311K(15360K) Eden: 8163K(8192K)->0K(9216K) From: 2033K(6656K)->1311K(6144K)
[2026-06-17T09:57:49.353+0800][56.869s][info][gc,heap        ] GC(2279) ParOldGen: 37995K(44032K)->40005K(44032K)
[2026-06-17T09:57:49.354+0800][56.870s][info][gc,metaspace   ] GC(2279) Metaspace: 157K(384K)->157K(384K) NonClass: 153K(256K)->153K(256K) Class: 4K(128K)->4K(128K)
[2026-06-17T09:57:49.354+0800][56.870s][info][gc             ] GC(2279) Pause Young (Allocation Failure) 47M->40M(58M) 2.184ms
[2026-06-17T09:57:49.354+0800][56.870s][info][gc,cpu         ] GC(2279) User=0.00s Sys=0.00s Real=0.00s
[2026-06-17T09:57:49.376+0800][56.892s][info][gc,start       ] GC(2280) Pause Young (Allocation Failure)
[2026-06-17T09:57:49.380+0800][56.896s][info][gc,heap        ] GC(2280) PSYoungGen: 10518K(15360K)->3214K(15360K) Eden: 9207K(9216K)->0K(9216K) From: 1311K(6144K)->3214K(6144K)
[2026-06-17T09:57:49.382+0800][56.898s][info][gc,heap        ] GC(2280) ParOldGen: 40005K(44032K)->40210K(44032K)
[2026-06-17T09:57:49.382+0800][56.898s][info][gc,metaspace   ] GC(2280) Metaspace: 157K(384K)->157K(384K) NonClass: 153K(256K)->153K(256K) Class: 4K(128K)->4K(128K)
[2026-06-17T09:57:49.383+0800][56.899s][info][gc             ] GC(2280) Pause Young (Allocation Failure) 49M->42M(58M) 7.148ms
[2026-06-17T09:57:49.383+0800][56.899s][info][gc,cpu         ] GC(2280) User=0.00s Sys=0.00s Real=0.01s
[2026-06-17T09:57:49.408+0800][56.924s][info][gc,start       ] GC(2281) Pause Young (Allocation Failure)
[2026-06-17T09:57:49.410+0800][56.926s][info][gc,heap        ] GC(2281) PSYoungGen: 12397K(15360K)->3556K(15360K) Eden: 9183K(9216K)->0K(9216K) From: 3214K(6144K)->3556K(6144K)
[2026-06-17T09:57:49.411+0800][56.927s][info][gc,heap        ] GC(2281) ParOldGen: 40210K(44032K)->42160K(44032K)
[2026-06-17T09:57:49.412+0800][56.928s][info][gc,metaspace   ] GC(2281) Metaspace: 157K(384K)->157K(384K) NonClass: 153K(256K)->153K(256K) Class: 4K(128K)->4K(128K)
[2026-06-17T09:57:49.413+0800][56.929s][info][gc             ] GC(2281) Pause Young (Allocation Failure) 51M->44M(58M) 4.907ms
[2026-06-17T09:57:49.413+0800][56.929s][info][gc,cpu         ] GC(2281) User=0.01s Sys=0.00s Real=0.01s
[2026-06-17T09:57:49.436+0800][56.952s][info][gc,start       ] GC(2282) Pause Full (Ergonomics)
[2026-06-17T09:57:49.436+0800][56.952s][info][gc,phases,start] GC(2282) Marking Phase
[2026-06-17T09:57:49.439+0800][56.955s][info][gc,phases      ] GC(2282) Marking Phase 2.594ms
[2026-06-17T09:57:49.439+0800][56.955s][info][gc,phases,start] GC(2282) Summary Phase
[2026-06-17T09:57:49.440+0800][56.956s][info][gc,phases      ] GC(2282) Summary Phase 0.579ms
[2026-06-17T09:57:49.440+0800][56.956s][info][gc,phases,start] GC(2282) Adjust Roots
[2026-06-17T09:57:49.441+0800][56.957s][info][gc,phases      ] GC(2282) Adjust Roots 0.673ms
[2026-06-17T09:57:49.442+0800][56.958s][info][gc,phases,start] GC(2282) Compaction Phase
[2026-06-17T09:57:49.444+0800][56.960s][info][gc,phases      ] GC(2282) Compaction Phase 2.564ms
[2026-06-17T09:57:49.445+0800][56.961s][info][gc,phases,start] GC(2282) Post Compact
[2026-06-17T09:57:49.445+0800][56.961s][info][gc,phases      ] GC(2282) Post Compact 0.443ms
[2026-06-17T09:57:49.445+0800][56.961s][info][gc,heap        ] GC(2282) PSYoungGen: 12592K(15360K)->0K(15360K) Eden: 9035K(9216K)->0K(9216K) From: 3556K(6144K)->0K(6144K)
[2026-06-17T09:57:49.446+0800][56.962s][info][gc,heap        ] GC(2282) ParOldGen: 42160K(44032K)->31245K(44032K)
[2026-06-17T09:57:49.446+0800][56.962s][info][gc,metaspace   ] GC(2282) Metaspace: 157K(384K)->157K(384K) NonClass: 153K(256K)->153K(256K) Class: 4K(128K)->4K(128K)
[2026-06-17T09:57:49.447+0800][56.963s][info][gc             ] GC(2282) Pause Full (Ergonomics) 53M->30M(58M) 10.897ms
[2026-06-17T09:57:49.447+0800][56.963s][info][gc,cpu         ] GC(2282) User=0.00s Sys=0.00s Real=0.01s
[2026-06-17T09:57:49.469+0800][56.985s][info][gc,start       ] GC(2283) Pause Young (Allocation Failure)
[2026-06-17T09:57:49.471+0800][56.987s][info][gc,heap        ] GC(2283) PSYoungGen: 9190K(15360K)->5752K(14336K) Eden: 9190K(9216K)->0K(8192K) From: 0K(6144K)->5752K(6144K)
[2026-06-17T09:57:49.472+0800][56.988s][info][gc,heap        ] GC(2283) ParOldGen: 31245K(44032K)->31245K(44032K)
[2026-06-17T09:57:49.472+0800][56.988s][info][gc,metaspace   ] GC(2283) Metaspace: 157K(384K)->157K(384K) NonClass: 153K(256K)->153K(256K) Class: 4K(128K)->4K(128K)
[2026-06-17T09:57:49.473+0800][56.989s][info][gc             ] GC(2283) Pause Young (Allocation Failure) 39M->36M(57M) 3.811ms
[2026-06-17T09:57:49.473+0800][56.989s][info][gc,cpu         ] GC(2283) User=0.00s Sys=0.00s Real=0.01s
[2026-06-17T09:57:49.495+0800][57.011s][info][gc,start       ] GC(2284) Pause Young (Allocation Failure)
[2026-06-17T09:57:49.498+0800][57.014s][info][gc,heap        ] GC(2284) PSYoungGen: 13934K(14336K)->4441K(12800K) Eden: 8181K(8192K)->0K(8192K) From: 5752K(6144K)->4441K(4608K)
[2026-06-17T09:57:49.499+0800][57.015s][info][gc,heap        ] GC(2284) ParOldGen: 31245K(44032K)->33831K(44032K)
[2026-06-17T09:57:49.499+0800][57.015s][info][gc,metaspace   ] GC(2284) Metaspace: 157K(384K)->157K(384K) NonClass: 153K(256K)->153K(256K) Class: 4K(128K)->4K(128K)
[2026-06-17T09:57:49.500+0800][57.016s][info][gc             ] GC(2284) Pause Young (Allocation Failure) 44M->37M(55M) 4.531ms
[2026-06-17T09:57:49.500+0800][57.016s][info][gc,cpu         ] GC(2284) User=0.00s Sys=0.00s Real=0.00s
[2026-06-17T09:57:49.523+0800][57.039s][info][gc,start       ] GC(2285) Pause Young (Allocation Failure)
[2026-06-17T09:57:49.523+0800][57.039s][info][gc,heap        ] GC(2285) PSYoungGen: 12543K(12800K)->290K(14336K) Eden: 8102K(8192K)->0K(7168K) From: 4441K(4608K)->290K(7168K)
[2026-06-17T09:57:49.524+0800][57.040s][info][gc,heap        ] GC(2285) ParOldGen: 33831K(44032K)->35734K(44032K)
[2026-06-17T09:57:49.524+0800][57.040s][info][gc,metaspace   ] GC(2285) Metaspace: 157K(384K)->157K(384K) NonClass: 153K(256K)->153K(256K) Class: 4K(128K)->4K(128K)
[2026-06-17T09:57:49.524+0800][57.040s][info][gc             ] GC(2285) Pause Young (Allocation Failure) 45M->35M(57M) 1.554ms
[2026-06-17T09:57:49.524+0800][57.040s][info][gc,cpu         ] GC(2285) User=0.01s Sys=0.00s Real=0.00s
[2026-06-17T09:57:49.546+0800][57.062s][info][gc,start       ] GC(2286) Pause Young (Allocation Failure)
[2026-06-17T09:57:49.547+0800][57.063s][info][gc,heap        ] GC(2286) PSYoungGen: 7420K(14336K)->3677K(14336K) Eden: 7130K(7168K)->0K(7168K) From: 290K(7168K)->3677K(7168K)
[2026-06-17T09:57:49.548+0800][57.064s][info][gc,heap        ] GC(2286) ParOldGen: 35734K(44032K)->36000K(44032K)
[2026-06-17T09:57:49.548+0800][57.064s][info][gc,metaspace   ] GC(2286) Metaspace: 157K(384K)->157K(384K) NonClass: 153K(256K)->153K(256K) Class: 4K(128K)->4K(128K)
[2026-06-17T09:57:49.549+0800][57.065s][info][gc             ] GC(2286) Pause Young (Allocation Failure) 42M->38M(57M) 3.043ms
[2026-06-17T09:57:49.549+0800][57.065s][info][gc,cpu         ] GC(2286) User=0.00s Sys=0.00s Real=0.00s
[2026-06-17T09:57:49.562+0800][57.078s][info][gc,start       ] GC(2287) Pause Young (Allocation Failure)
[2026-06-17T09:57:49.563+0800][57.079s][info][gc,heap        ] GC(2287) PSYoungGen: 10798K(14336K)->1745K(14848K) Eden: 7121K(7168K)->0K(7680K) From: 3677K(7168K)->1745K(7168K)
[2026-06-17T09:57:49.564+0800][57.080s][info][gc,heap        ] GC(2287) ParOldGen: 36000K(44032K)->38112K(44032K)
[2026-06-17T09:57:49.564+0800][57.080s][info][gc,metaspace   ] GC(2287) Metaspace: 157K(384K)->157K(384K) NonClass: 153K(256K)->153K(256K) Class: 4K(128K)->4K(128K)
[2026-06-17T09:57:49.565+0800][57.081s][info][gc             ] GC(2287) Pause Young (Allocation Failure) 45M->38M(57M) 2.988ms
[2026-06-17T09:57:49.568+0800][57.084s][info][gc,cpu         ] GC(2287) User=0.00s Sys=0.00s Real=0.01s
[2026-06-17T09:57:49.600+0800][57.116s][info][gc,start       ] GC(2288) Pause Young (Allocation Failure)
[2026-06-17T09:57:49.601+0800][57.117s][info][gc,heap        ] GC(2288) PSYoungGen: 9386K(14848K)->811K(14336K) Eden: 7641K(7680K)->0K(7680K) From: 1745K(7168K)->811K(6656K)
[2026-06-17T09:57:49.602+0800][57.118s][info][gc,heap        ] GC(2288) ParOldGen: 38112K(44032K)->39833K(44032K)
[2026-06-17T09:57:49.602+0800][57.118s][info][gc,metaspace   ] GC(2288) Metaspace: 157K(384K)->157K(384K) NonClass: 153K(256K)->153K(256K) Class: 4K(128K)->4K(128K)
[2026-06-17T09:57:49.603+0800][57.119s][info][gc             ] GC(2288) Pause Young (Allocation Failure) 46M->39M(57M) 2.393ms
[2026-06-17T09:57:49.603+0800][57.119s][info][gc,cpu         ] GC(2288) User=0.00s Sys=0.00s Real=0.01s
[2026-06-17T09:57:49.614+0800][57.130s][info][gc,start       ] GC(2289) Pause Young (Allocation Failure)
[2026-06-17T09:57:49.615+0800][57.131s][info][gc,heap        ] GC(2289) PSYoungGen: 8449K(14336K)->4250K(13824K) Eden: 7638K(7680K)->0K(7168K) From: 811K(6656K)->4250K(6656K)
[2026-06-17T09:57:49.616+0800][57.132s][info][gc,heap        ] GC(2289) ParOldGen: 39833K(44032K)->40557K(44032K)
[2026-06-17T09:57:49.616+0800][57.132s][info][gc,metaspace   ] GC(2289) Metaspace: 157K(384K)->157K(384K) NonClass: 153K(256K)->153K(256K) Class: 4K(128K)->4K(128K)
[2026-06-17T09:57:49.617+0800][57.133s][info][gc             ] GC(2289) Pause Young (Allocation Failure) 47M->43M(56M) 2.749ms
[2026-06-17T09:57:49.617+0800][57.133s][info][gc,cpu         ] GC(2289) User=0.01s Sys=0.00s Real=0.00s
[2026-06-17T09:57:49.639+0800][57.155s][info][gc,start       ] GC(2290) Pause Young (Allocation Failure)
[2026-06-17T09:57:49.642+0800][57.158s][info][gc,heap        ] GC(2290) PSYoungGen: 11380K(13824K)->2382K(14336K) Eden: 7129K(7168K)->0K(7168K) From: 4250K(6656K)->2382K(7168K)
[2026-06-17T09:57:49.643+0800][57.159s][info][gc,heap        ] GC(2290) ParOldGen: 40557K(44032K)->42540K(44032K)
[2026-06-17T09:57:49.644+0800][57.160s][info][gc,metaspace   ] GC(2290) Metaspace: 157K(384K)->157K(384K) NonClass: 153K(256K)->153K(256K) Class: 4K(128K)->4K(128K)
[2026-06-17T09:57:49.646+0800][57.162s][info][gc             ] GC(2290) Pause Young (Allocation Failure) 50M->43M(57M) 7.194ms
[2026-06-17T09:57:49.647+0800][57.163s][info][gc,cpu         ] GC(2290) User=0.00s Sys=0.00s Real=0.01s
[2026-06-17T09:57:49.670+0800][57.186s][info][gc,start       ] GC(2291) Pause Full (Ergonomics)
[2026-06-17T09:57:49.671+0800][57.187s][info][gc,phases,start] GC(2291) Marking Phase
[2026-06-17T09:57:49.674+0800][57.190s][info][gc,phases      ] GC(2291) Marking Phase 2.850ms
[2026-06-17T09:57:49.675+0800][57.191s][info][gc,phases,start] GC(2291) Summary Phase
[2026-06-17T09:57:49.676+0800][57.192s][info][gc,phases      ] GC(2291) Summary Phase 0.861ms
[2026-06-17T09:57:49.678+0800][57.194s][info][gc,phases,start] GC(2291) Adjust Roots
[2026-06-17T09:57:49.679+0800][57.195s][info][gc,phases      ] GC(2291) Adjust Roots 1.117ms
[2026-06-17T09:57:49.679+0800][57.195s][info][gc,phases,start] GC(2291) Compaction Phase
[2026-06-17T09:57:49.682+0800][57.198s][info][gc,phases      ] GC(2291) Compaction Phase 2.710ms
[2026-06-17T09:57:49.683+0800][57.199s][info][gc,phases,start] GC(2291) Post Compact
[2026-06-17T09:57:49.683+0800][57.199s][info][gc,phases      ] GC(2291) Post Compact 0.569ms
[2026-06-17T09:57:49.684+0800][57.200s][info][gc,heap        ] GC(2291) PSYoungGen: 9537K(14336K)->0K(14848K) Eden: 7154K(7168K)->0K(8192K) From: 2382K(7168K)->0K(6656K)
[2026-06-17T09:57:49.684+0800][57.200s][info][gc,heap        ] GC(2291) ParOldGen: 42540K(44032K)->20320K(44032K)
[2026-06-17T09:57:49.685+0800][57.201s][info][gc,metaspace   ] GC(2291) Metaspace: 157K(384K)->157K(384K) NonClass: 153K(256K)->153K(256K) Class: 4K(128K)->4K(128K)
[2026-06-17T09:57:49.685+0800][57.201s][info][gc             ] GC(2291) Pause Full (Ergonomics) 50M->19M(57M) 14.976ms
[2026-06-17T09:57:49.686+0800][57.202s][info][gc,cpu         ] GC(2291) User=0.01s Sys=0.01s Real=0.02s
[2026-06-17T09:57:49.697+0800][57.213s][info][gc,start       ] GC(2292) Pause Young (Allocation Failure)
[2026-06-17T09:57:49.699+0800][57.215s][info][gc,heap        ] GC(2292) PSYoungGen: 8143K(14848K)->4782K(13312K) Eden: 8143K(8192K)->0K(8192K) From: 0K(6656K)->4782K(5120K)
[2026-06-17T09:57:49.699+0800][57.215s][info][gc,heap        ] GC(2292) ParOldGen: 20320K(44032K)->20320K(44032K)
[2026-06-17T09:57:49.700+0800][57.216s][info][gc,metaspace   ] GC(2292) Metaspace: 157K(384K)->157K(384K) NonClass: 153K(256K)->153K(256K) Class: 4K(128K)->4K(128K)
[2026-06-17T09:57:49.701+0800][57.217s][info][gc             ] GC(2292) Pause Young (Allocation Failure) 27M->24M(56M) 3.468ms
[2026-06-17T09:57:49.701+0800][57.217s][info][gc,cpu         ] GC(2292) User=0.00s Sys=0.00s Real=0.00s
[2026-06-17T09:57:49.734+0800][57.250s][info][gc,start       ] GC(2293) Pause Young (Allocation Failure)
[2026-06-17T09:57:49.736+0800][57.252s][info][gc,heap        ] GC(2293) PSYoungGen: 12955K(13312K)->1455K(14336K) Eden: 8172K(8192K)->0K(7168K) From: 4782K(5120K)->1455K(7168K)
[2026-06-17T09:57:49.737+0800][57.253s][info][gc,heap        ] GC(2293) ParOldGen: 20320K(44032K)->25034K(44032K)
[2026-06-17T09:57:49.738+0800][57.254s][info][gc,metaspace   ] GC(2293) Metaspace: 157K(384K)->157K(384K) NonClass: 153K(256K)->153K(256K) Class: 4K(128K)->4K(128K)
[2026-06-17T09:57:49.739+0800][57.255s][info][gc             ] GC(2293) Pause Young (Allocation Failure) 32M->25M(57M) 4.945ms
[2026-06-17T09:57:49.739+0800][57.255s][info][gc,cpu         ] GC(2293) User=0.00s Sys=0.00s Real=0.00s
[2026-06-17T09:57:49.751+0800][57.267s][info][gc,start       ] GC(2294) Pause Young (Allocation Failure)
[2026-06-17T09:57:49.753+0800][57.269s][info][gc,heap        ] GC(2294) PSYoungGen: 8605K(14336K)->4260K(14336K) Eden: 7150K(7168K)->0K(7168K) From: 1455K(7168K)->4260K(7168K)
[2026-06-17T09:57:49.754+0800][57.270s][info][gc,heap        ] GC(2294) ParOldGen: 25034K(44032K)->25743K(44032K)
[2026-06-17T09:57:49.754+0800][57.270s][info][gc,metaspace   ] GC(2294) Metaspace: 157K(384K)->157K(384K) NonClass: 153K(256K)->153K(256K) Class: 4K(128K)->4K(128K)
[2026-06-17T09:57:49.755+0800][57.271s][info][gc             ] GC(2294) Pause Young (Allocation Failure) 32M->29M(57M) 3.858ms
[2026-06-17T09:57:49.755+0800][57.271s][info][gc,cpu         ] GC(2294) User=0.01s Sys=0.00s Real=0.00s
[2026-06-17T09:57:49.778+0800][57.294s][info][gc,start       ] GC(2295) Pause Young (Allocation Failure)
[2026-06-17T09:57:49.780+0800][57.296s][info][gc,heap        ] GC(2295) PSYoungGen: 11428K(14336K)->2000K(14848K) Eden: 7168K(7168K)->0K(7680K) From: 4260K(7168K)->2000K(7168K)
[2026-06-17T09:57:49.780+0800][57.296s][info][gc,heap        ] GC(2295) ParOldGen: 25743K(44032K)->28109K(44032K)
[2026-06-17T09:57:49.781+0800][57.297s][info][gc,metaspace   ] GC(2295) Metaspace: 157K(384K)->157K(384K) NonClass: 153K(256K)->153K(256K) Class: 4K(128K)->4K(128K)
[2026-06-17T09:57:49.781+0800][57.297s][info][gc             ] GC(2295) Pause Young (Allocation Failure) 36M->29M(57M) 3.190ms
[2026-06-17T09:57:49.782+0800][57.298s][info][gc,cpu         ] GC(2295) User=0.00s Sys=0.00s Real=0.00s
[2026-06-17T09:57:49.804+0800][57.320s][info][gc,start       ] GC(2296) Pause Young (Allocation Failure)
[2026-06-17T09:57:49.805+0800][57.321s][info][gc,heap        ] GC(2296) PSYoungGen: 9665K(14848K)->3036K(14336K) Eden: 7664K(7680K)->0K(7680K) From: 2000K(7168K)->3036K(6656K)
[2026-06-17T09:57:49.805+0800][57.321s][info][gc,heap        ] GC(2296) ParOldGen: 28109K(44032K)->28109K(44032K)
[2026-06-17T09:57:49.806+0800][57.322s][info][gc,metaspace   ] GC(2296) Metaspace: 157K(384K)->157K(384K) NonClass: 153K(256K)->153K(256K) Class: 4K(128K)->4K(128K)
[2026-06-17T09:57:49.806+0800][57.322s][info][gc             ] GC(2296) Pause Young (Allocation Failure) 36M->30M(57M) 2.774ms
[2026-06-17T09:57:49.807+0800][57.323s][info][gc,cpu         ] GC(2296) User=0.00s Sys=0.00s Real=0.00s
[2026-06-17T09:57:49.819+0800][57.335s][info][gc,start       ] GC(2297) Pause Young (Allocation Failure)
[2026-06-17T09:57:49.821+0800][57.337s][info][gc,heap        ] GC(2297) PSYoungGen: 10685K(14336K)->1474K(14848K) Eden: 7649K(7680K)->0K(8192K) From: 3036K(6656K)->1474K(6656K)
[2026-06-17T09:57:49.821+0800][57.337s][info][gc,heap        ] GC(2297) ParOldGen: 28109K(44032K)->30382K(44032K)
[2026-06-17T09:57:49.822+0800][57.338s][info][gc,metaspace   ] GC(2297) Metaspace: 157K(384K)->157K(384K) NonClass: 153K(256K)->153K(256K) Class: 4K(128K)->4K(128K)
[2026-06-17T09:57:49.822+0800][57.338s][info][gc             ] GC(2297) Pause Young (Allocation Failure) 37M->31M(57M) 3.720ms
[2026-06-17T09:57:49.823+0800][57.339s][info][gc,cpu         ] GC(2297) User=0.00s Sys=0.00s Real=0.01s
[2026-06-17T09:57:49.855+0800][57.371s][info][gc,start       ] GC(2298) Pause Young (Allocation Failure)
[2026-06-17T09:57:49.862+0800][57.378s][info][gc,heap        ] GC(2298) PSYoungGen: 9626K(14848K)->1220K(14848K) Eden: 8151K(8192K)->0K(8192K) From: 1474K(6656K)->1220K(6656K)
[2026-06-17T09:57:49.870+0800][57.386s][info][gc,heap        ] GC(2298) ParOldGen: 30382K(44032K)->31832K(44032K)
[2026-06-17T09:57:49.871+0800][57.387s][info][gc,metaspace   ] GC(2298) Metaspace: 157K(384K)->157K(384K) NonClass: 153K(256K)->153K(256K) Class: 4K(128K)->4K(128K)
[2026-06-17T09:57:49.871+0800][57.387s][info][gc             ] GC(2298) Pause Young (Allocation Failure) 39M->32M(57M) 16.141ms
[2026-06-17T09:57:49.872+0800][57.388s][info][gc,cpu         ] GC(2298) User=0.00s Sys=0.00s Real=0.02s
[2026-06-17T09:57:49.884+0800][57.400s][info][gc,start       ] GC(2299) Pause Young (Allocation Failure)
[2026-06-17T09:57:49.886+0800][57.402s][info][gc,heap        ] GC(2299) PSYoungGen: 9396K(14848K)->5588K(13312K) Eden: 8176K(8192K)->0K(7168K) From: 1220K(6656K)->5588K(6144K)
[2026-06-17T09:57:49.886+0800][57.402s][info][gc,heap        ] GC(2299) ParOldGen: 31832K(44032K)->32445K(44032K)
[2026-06-17T09:57:49.887+0800][57.403s][info][gc,metaspace   ] GC(2299) Metaspace: 157K(384K)->157K(384K) NonClass: 153K(256K)->153K(256K) Class: 4K(128K)->4K(128K)
[2026-06-17T09:57:49.887+0800][57.403s][info][gc             ] GC(2299) Pause Young (Allocation Failure) 40M->37M(56M) 3.610ms
[2026-06-17T09:57:49.888+0800][57.404s][info][gc,cpu         ] GC(2299) User=0.00s Sys=0.00s Real=0.00s
[2026-06-17T09:57:49.910+0800][57.426s][info][gc,start       ] GC(2300) Pause Young (Allocation Failure)
[2026-06-17T09:57:49.912+0800][57.428s][info][gc,heap        ] GC(2300) PSYoungGen: 12742K(13312K)->3476K(14336K) Eden: 7154K(7168K)->0K(7168K) From: 5588K(6144K)->3476K(7168K)
[2026-06-17T09:57:49.912+0800][57.428s][info][gc,heap        ] GC(2300) ParOldGen: 32445K(44032K)->34624K(44032K)
[2026-06-17T09:57:49.913+0800][57.429s][info][gc,metaspace   ] GC(2300) Metaspace: 157K(384K)->157K(384K) NonClass: 153K(256K)->153K(256K) Class: 4K(128K)->4K(128K)
[2026-06-17T09:57:49.913+0800][57.429s][info][gc             ] GC(2300) Pause Young (Allocation Failure) 44M->37M(57M) 3.083ms
[2026-06-17T09:57:49.914+0800][57.430s][info][gc,cpu         ] GC(2300) User=0.00s Sys=0.00s Real=0.01s
[2026-06-17T09:57:49.935+0800][57.451s][info][gc,start       ] GC(2301) Pause Young (Allocation Failure)
[2026-06-17T09:57:49.938+0800][57.454s][info][gc,heap        ] GC(2301) PSYoungGen: 10641K(14336K)->3704K(14848K) Eden: 7165K(7168K)->0K(7680K) From: 3476K(7168K)->3704K(7168K)
[2026-06-17T09:57:49.939+0800][57.455s][info][gc,heap        ] GC(2301) ParOldGen: 34624K(44032K)->34624K(44032K)
[2026-06-17T09:57:49.939+0800][57.455s][info][gc,metaspace   ] GC(2301) Metaspace: 157K(384K)->157K(384K) NonClass: 153K(256K)->153K(256K) Class: 4K(128K)->4K(128K)
[2026-06-17T09:57:49.940+0800][57.456s][info][gc             ] GC(2301) Pause Young (Allocation Failure) 44M->37M(57M) 4.259ms
[2026-06-17T09:57:49.940+0800][57.456s][info][gc,cpu         ] GC(2301) User=0.01s Sys=0.00s Real=0.00s
[2026-06-17T09:57:49.962+0800][57.478s][info][gc,start       ] GC(2302) Pause Young (Allocation Failure)
[2026-06-17T09:57:49.964+0800][57.480s][info][gc,heap        ] GC(2302) PSYoungGen: 11384K(14848K)->2059K(14336K) Eden: 7680K(7680K)->0K(7680K) From: 3704K(7168K)->2059K(6656K)
[2026-06-17T09:57:49.965+0800][57.481s][info][gc,heap        ] GC(2302) ParOldGen: 34624K(44032K)->37533K(44032K)
[2026-06-17T09:57:49.965+0800][57.481s][info][gc,metaspace   ] GC(2302) Metaspace: 157K(384K)->157K(384K) NonClass: 153K(256K)->153K(256K) Class: 4K(128K)->4K(128K)
[2026-06-17T09:57:49.966+0800][57.482s][info][gc             ] GC(2302) Pause Young (Allocation Failure) 44M->38M(57M) 3.519ms
[2026-06-17T09:57:49.966+0800][57.482s][info][gc,cpu         ] GC(2302) User=0.00s Sys=0.00s Real=0.01s
[2026-06-17T09:57:49.989+0800][57.505s][info][gc,start       ] GC(2303) Pause Young (Allocation Failure)
[2026-06-17T09:57:49.991+0800][57.507s][info][gc,heap        ] GC(2303) PSYoungGen: 9734K(14336K)->794K(14848K) Eden: 7675K(7680K)->0K(8192K) From: 2059K(6656K)->794K(6656K)
[2026-06-17T09:57:49.991+0800][57.507s][info][gc,heap        ] GC(2303) ParOldGen: 37533K(44032K)->39256K(44032K)
[2026-06-17T09:57:49.992+0800][57.508s][info][gc,metaspace   ] GC(2303) Metaspace: 157K(384K)->157K(384K) NonClass: 153K(256K)->153K(256K) Class: 4K(128K)->4K(128K)
[2026-06-17T09:57:49.992+0800][57.508s][info][gc             ] GC(2303) Pause Young (Allocation Failure) 46M->39M(57M) 3.357ms
[2026-06-17T09:57:49.993+0800][57.509s][info][gc,cpu         ] GC(2303) User=0.00s Sys=0.00s Real=0.01s
[2026-06-17T09:57:50.004+0800][57.520s][info][gc,start       ] GC(2304) Pause Young (Allocation Failure)
[2026-06-17T09:57:50.006+0800][57.522s][info][gc,heap        ] GC(2304) PSYoungGen: 8967K(14848K)->5568K(13824K) Eden: 8173K(8192K)->0K(8192K) From: 794K(6656K)->5568K(5632K)
[2026-06-17T09:57:50.007+0800][57.523s][info][gc,heap        ] GC(2304) ParOldGen: 39256K(44032K)->39256K(44032K)
[2026-06-17T09:57:50.007+0800][57.523s][info][gc,metaspace   ] GC(2304) Metaspace: 157K(384K)->157K(384K) NonClass: 153K(256K)->153K(256K) Class: 4K(128K)->4K(128K)
[2026-06-17T09:57:50.007+0800][57.523s][info][gc             ] GC(2304) Pause Young (Allocation Failure) 47M->43M(56M) 3.118ms
[2026-06-17T09:57:50.008+0800][57.524s][info][gc,cpu         ] GC(2304) User=0.01s Sys=0.00s Real=0.00s
[2026-06-17T09:57:50.030+0800][57.546s][info][gc,start       ] GC(2305) Pause Young (Allocation Failure)
[2026-06-17T09:57:50.031+0800][57.547s][info][gc,heap        ] GC(2305) PSYoungGen: 13487K(13824K)->674K(14336K) Eden: 7918K(8192K)->0K(7168K) From: 5568K(5632K)->674K(7168K)
[2026-06-17T09:57:50.032+0800][57.548s][info][gc,heap        ] GC(2305) ParOldGen: 39256K(44032K)->41344K(44032K)
[2026-06-17T09:57:50.033+0800][57.549s][info][gc,metaspace   ] GC(2305) Metaspace: 157K(384K)->157K(384K) NonClass: 153K(256K)->153K(256K) Class: 4K(128K)->4K(128K)
[2026-06-17T09:57:50.033+0800][57.549s][info][gc             ] GC(2305) Pause Young (Allocation Failure) 51M->41M(57M) 3.589ms
[2026-06-17T09:57:50.034+0800][57.550s][info][gc,cpu         ] GC(2305) User=0.00s Sys=0.00s Real=0.01s
[2026-06-17T09:57:50.056+0800][57.572s][info][gc,start       ] GC(2306) Pause Full (Ergonomics)
[2026-06-17T09:57:50.057+0800][57.573s][info][gc,phases,start] GC(2306) Marking Phase
[2026-06-17T09:57:50.060+0800][57.576s][info][gc,phases      ] GC(2306) Marking Phase 2.780ms
[2026-06-17T09:57:50.060+0800][57.577s][info][gc,phases,start] GC(2306) Summary Phase
[2026-06-17T09:57:50.061+0800][57.577s][info][gc,phases      ] GC(2306) Summary Phase 0.539ms
[2026-06-17T09:57:50.061+0800][57.577s][info][gc,phases,start] GC(2306) Adjust Roots
[2026-06-17T09:57:50.062+0800][57.578s][info][gc,phases      ] GC(2306) Adjust Roots 0.727ms
[2026-06-17T09:57:50.063+0800][57.579s][info][gc,phases,start] GC(2306) Compaction Phase
[2026-06-17T09:57:50.066+0800][57.582s][info][gc,phases      ] GC(2306) Compaction Phase 2.903ms
[2026-06-17T09:57:50.066+0800][57.582s][info][gc,phases,start] GC(2306) Post Compact
[2026-06-17T09:57:50.067+0800][57.583s][info][gc,phases      ] GC(2306) Post Compact 0.541ms
[2026-06-17T09:57:50.067+0800][57.583s][info][gc,heap        ] GC(2306) PSYoungGen: 7805K(14336K)->0K(14336K) Eden: 7131K(7168K)->0K(7168K) From: 674K(7168K)->0K(7168K)
[2026-06-17T09:57:50.067+0800][57.583s][info][gc,heap        ] GC(2306) ParOldGen: 41344K(44032K)->31423K(44032K)
[2026-06-17T09:57:50.067+0800][57.583s][info][gc,metaspace   ] GC(2306) Metaspace: 157K(384K)->157K(384K) NonClass: 153K(256K)->153K(256K) Class: 4K(128K)->4K(128K)
[2026-06-17T09:57:50.068+0800][57.584s][info][gc             ] GC(2306) Pause Full (Ergonomics) 47M->30M(57M) 11.380ms
[2026-06-17T09:57:50.068+0800][57.584s][info][gc,cpu         ] GC(2306) User=0.01s Sys=0.00s Real=0.01s
[2026-06-17T09:57:50.089+0800][57.605s][info][gc,start       ] GC(2307) Pause Young (Allocation Failure)
[2026-06-17T09:57:50.091+0800][57.607s][info][gc,heap        ] GC(2307) PSYoungGen: 7140K(14336K)->3670K(14336K) Eden: 7140K(7168K)->0K(7168K) From: 0K(7168K)->3670K(7168K)
[2026-06-17T09:57:50.091+0800][57.607s][info][gc,heap        ] GC(2307) ParOldGen: 31423K(44032K)->31423K(44032K)
[2026-06-17T09:57:50.092+0800][57.608s][info][gc,metaspace   ] GC(2307) Metaspace: 157K(384K)->157K(384K) NonClass: 153K(256K)->153K(256K) Class: 4K(128K)->4K(128K)
[2026-06-17T09:57:50.092+0800][57.608s][info][gc             ] GC(2307) Pause Young (Allocation Failure) 37M->34M(57M) 2.970ms
[2026-06-17T09:57:50.093+0800][57.609s][info][gc,cpu         ] GC(2307) User=0.00s Sys=0.00s Real=0.01s
[2026-06-17T09:57:50.115+0800][57.631s][info][gc,start       ] GC(2308) Pause Young (Allocation Failure)
[2026-06-17T09:57:50.116+0800][57.632s][info][gc,heap        ] GC(2308) PSYoungGen: 10828K(14336K)->932K(14336K) Eden: 7157K(7168K)->0K(7168K) From: 3670K(7168K)->932K(7168K)
[2026-06-17T09:57:50.117+0800][57.633s][info][gc,heap        ] GC(2308) ParOldGen: 31423K(44032K)->34438K(44032K)
[2026-06-17T09:57:50.118+0800][57.634s][info][gc,metaspace   ] GC(2308) Metaspace: 157K(384K)->157K(384K) NonClass: 153K(256K)->153K(256K) Class: 4K(128K)->4K(128K)
[2026-06-17T09:57:50.118+0800][57.634s][info][gc             ] GC(2308) Pause Young (Allocation Failure) 41M->34M(57M) 3.242ms
[2026-06-17T09:57:50.118+0800][57.634s][info][gc,cpu         ] GC(2308) User=0.00s Sys=0.00s Real=0.00s
[2026-06-17T09:57:50.130+0800][57.646s][info][gc,start       ] GC(2309) Pause Young (Allocation Failure)
[2026-06-17T09:57:50.132+0800][57.648s][info][gc,heap        ] GC(2309) PSYoungGen: 8090K(14336K)->4913K(14336K) Eden: 7158K(7168K)->0K(7168K) From: 932K(7168K)->4913K(7168K)
[2026-06-17T09:57:50.133+0800][57.649s][info][gc,heap        ] GC(2309) ParOldGen: 34438K(44032K)->34438K(44032K)
[2026-06-17T09:57:50.134+0800][57.650s][info][gc,metaspace   ] GC(2309) Metaspace: 157K(384K)->157K(384K) NonClass: 153K(256K)->153K(256K) Class: 4K(128K)->4K(128K)
[2026-06-17T09:57:50.134+0800][57.650s][info][gc             ] GC(2309) Pause Young (Allocation Failure) 41M->38M(57M) 4.631ms
[2026-06-17T09:57:50.135+0800][57.651s][info][gc,cpu         ] GC(2309) User=0.01s Sys=0.00s Real=0.01s
[2026-06-17T09:57:50.157+0800][57.673s][info][gc,start       ] GC(2310) Pause Young (Allocation Failure)
[2026-06-17T09:57:50.159+0800][57.675s][info][gc,heap        ] GC(2310) PSYoungGen: 12051K(14336K)->2939K(14336K) Eden: 7137K(7168K)->0K(7168K) From: 4913K(7168K)->2939K(7168K)
[2026-06-17T09:57:50.160+0800][57.676s][info][gc,heap        ] GC(2310) ParOldGen: 34438K(44032K)->36164K(44032K)
[2026-06-17T09:57:50.161+0800][57.677s][info][gc,metaspace   ] GC(2310) Metaspace: 157K(384K)->157K(384K) NonClass: 153K(256K)->153K(256K) Class: 4K(128K)->4K(128K)
[2026-06-17T09:57:50.161+0800][57.677s][info][gc             ] GC(2310) Pause Young (Allocation Failure) 45M->38M(57M) 4.343ms
[2026-06-17T09:57:50.162+0800][57.678s][info][gc,cpu         ] GC(2310) User=0.00s Sys=0.00s Real=0.00s
[2026-06-17T09:57:50.173+0800][57.689s][info][gc,start       ] GC(2311) Pause Young (Allocation Failure)
[2026-06-17T09:57:50.175+0800][57.691s][info][gc,heap        ] GC(2311) PSYoungGen: 10103K(14336K)->6713K(14336K) Eden: 7164K(7168K)->0K(7168K) From: 2939K(7168K)->6713K(7168K)
[2026-06-17T09:57:50.175+0800][57.691s][info][gc,heap        ] GC(2311) ParOldGen: 36164K(44032K)->36164K(44032K)
[2026-06-17T09:57:50.176+0800][57.692s][info][gc,metaspace   ] GC(2311) Metaspace: 157K(384K)->157K(384K) NonClass: 153K(256K)->153K(256K) Class: 4K(128K)->4K(128K)
[2026-06-17T09:57:50.176+0800][57.692s][info][gc             ] GC(2311) Pause Young (Allocation Failure) 45M->41M(57M) 2.912ms
[2026-06-17T09:57:50.176+0800][57.692s][info][gc,cpu         ] GC(2311) User=0.00s Sys=0.00s Real=0.00s
[2026-06-17T09:57:50.198+0800][57.714s][info][gc,start       ] GC(2312) Pause Young (Allocation Failure)
[2026-06-17T09:57:50.200+0800][57.716s][info][gc,heap        ] GC(2312) PSYoungGen: 13765K(14336K)->132K(14336K) Eden: 7052K(7168K)->0K(7168K) From: 6713K(7168K)->132K(7168K)
[2026-06-17T09:57:50.200+0800][57.716s][info][gc,heap        ] GC(2312) ParOldGen: 36164K(44032K)->39470K(44032K)
[2026-06-17T09:57:50.200+0800][57.716s][info][gc,metaspace   ] GC(2312) Metaspace: 157K(384K)->157K(384K) NonClass: 153K(256K)->153K(256K) Class: 4K(128K)->4K(128K)
[2026-06-17T09:57:50.201+0800][57.717s][info][gc             ] GC(2312) Pause Young (Allocation Failure) 48M->38M(57M) 2.866ms
[2026-06-17T09:57:50.201+0800][57.717s][info][gc,cpu         ] GC(2312) User=0.01s Sys=0.00s Real=0.00s
[2026-06-17T09:57:50.223+0800][57.739s][info][gc,start       ] GC(2313) Pause Young (Allocation Failure)
[2026-06-17T09:57:50.225+0800][57.741s][info][gc,heap        ] GC(2313) PSYoungGen: 7292K(14336K)->4065K(14336K) Eden: 7160K(7168K)->0K(7168K) From: 132K(7168K)->4065K(7168K)
[2026-06-17T09:57:50.225+0800][57.741s][info][gc,heap        ] GC(2313) ParOldGen: 39470K(44032K)->39578K(44032K)
[2026-06-17T09:57:50.226+0800][57.742s][info][gc,metaspace   ] GC(2313) Metaspace: 157K(384K)->157K(384K) NonClass: 153K(256K)->153K(256K) Class: 4K(128K)->4K(128K)
[2026-06-17T09:57:50.226+0800][57.742s][info][gc             ] GC(2313) Pause Young (Allocation Failure) 45M->42M(57M) 3.045ms
[2026-06-17T09:57:50.226+0800][57.742s][info][gc,cpu         ] GC(2313) User=0.00s Sys=0.00s Real=0.00s
[2026-06-17T09:57:50.248+0800][57.764s][info][gc,start       ] GC(2314) Pause Young (Allocation Failure)
[2026-06-17T09:57:50.252+0800][57.768s][info][gc,heap        ] GC(2314) PSYoungGen: 11221K(14336K)->3414K(14336K) Eden: 7156K(7168K)->0K(7168K) From: 4065K(7168K)->3414K(7168K)
[2026-06-17T09:57:50.252+0800][57.768s][info][gc,heap        ] GC(2314) ParOldGen: 39578K(44032K)->40744K(44032K)
[2026-06-17T09:57:50.253+0800][57.769s][info][gc,metaspace   ] GC(2314) Metaspace: 157K(384K)->157K(384K) NonClass: 153K(256K)->153K(256K) Class: 4K(128K)->4K(128K)
[2026-06-17T09:57:50.254+0800][57.770s][info][gc             ] GC(2314) Pause Young (Allocation Failure) 49M->43M(57M) 5.523ms
[2026-06-17T09:57:50.254+0800][57.770s][info][gc,cpu         ] GC(2314) User=0.00s Sys=0.00s Real=0.01s
[2026-06-17T09:57:50.276+0800][57.792s][info][gc,start       ] GC(2315) Pause Full (Ergonomics)
[2026-06-17T09:57:50.277+0800][57.793s][info][gc,phases,start] GC(2315) Marking Phase
[2026-06-17T09:57:50.279+0800][57.795s][info][gc,phases      ] GC(2315) Marking Phase 2.239ms
[2026-06-17T09:57:50.280+0800][57.796s][info][gc,phases,start] GC(2315) Summary Phase
[2026-06-17T09:57:50.280+0800][57.796s][info][gc,phases      ] GC(2315) Summary Phase 0.395ms
[2026-06-17T09:57:50.280+0800][57.796s][info][gc,phases,start] GC(2315) Adjust Roots
[2026-06-17T09:57:50.281+0800][57.797s][info][gc,phases      ] GC(2315) Adjust Roots 0.550ms
[2026-06-17T09:57:50.282+0800][57.798s][info][gc,phases,start] GC(2315) Compaction Phase
[2026-06-17T09:57:50.284+0800][57.800s][info][gc,phases      ] GC(2315) Compaction Phase 2.206ms
[2026-06-17T09:57:50.284+0800][57.800s][info][gc,phases,start] GC(2315) Post Compact
[2026-06-17T09:57:50.285+0800][57.801s][info][gc,phases      ] GC(2315) Post Compact 0.351ms
[2026-06-17T09:57:50.285+0800][57.801s][info][gc,heap        ] GC(2315) PSYoungGen: 10556K(14336K)->0K(14336K) Eden: 7142K(7168K)->0K(7168K) From: 3414K(7168K)->0K(7168K)
[2026-06-17T09:57:50.285+0800][57.801s][info][gc,heap        ] GC(2315) ParOldGen: 40744K(44032K)->30409K(44032K)
[2026-06-17T09:57:50.285+0800][57.801s][info][gc,metaspace   ] GC(2315) Metaspace: 157K(384K)->157K(384K) NonClass: 153K(256K)->153K(256K) Class: 4K(128K)->4K(128K)
[2026-06-17T09:57:50.285+0800][57.801s][info][gc             ] GC(2315) Pause Full (Ergonomics) 50M->29M(57M) 9.212ms
[2026-06-17T09:57:50.286+0800][57.802s][info][gc,cpu         ] GC(2315) User=0.01s Sys=0.00s Real=0.01s
[2026-06-17T09:57:50.297+0800][57.813s][info][gc,start       ] GC(2316) Pause Young (Allocation Failure)
[2026-06-17T09:57:50.298+0800][57.814s][info][gc,heap        ] GC(2316) PSYoungGen: 7158K(14336K)->7152K(14336K) Eden: 7158K(7168K)->0K(7168K) From: 0K(7168K)->7152K(7168K)
[2026-06-17T09:57:50.298+0800][57.814s][info][gc,heap        ] GC(2316) ParOldGen: 30409K(44032K)->30468K(44032K)
[2026-06-17T09:57:50.299+0800][57.815s][info][gc,metaspace   ] GC(2316) Metaspace: 157K(384K)->157K(384K) NonClass: 153K(256K)->153K(256K) Class: 4K(128K)->4K(128K)
[2026-06-17T09:57:50.299+0800][57.815s][info][gc             ] GC(2316) Pause Young (Allocation Failure) 36M->36M(57M) 2.131ms
[2026-06-17T09:57:50.299+0800][57.815s][info][gc,cpu         ] GC(2316) User=0.00s Sys=0.00s Real=0.00s
[2026-06-17T09:57:50.321+0800][57.837s][info][gc,start       ] GC(2317) Pause Young (Allocation Failure)
[2026-06-17T09:57:50.322+0800][57.838s][info][gc,heap        ] GC(2317) PSYoungGen: 14279K(14336K)->3400K(14336K) Eden: 7126K(7168K)->0K(7168K) From: 7152K(7168K)->3400K(7168K)
[2026-06-17T09:57:50.323+0800][57.839s][info][gc,heap        ] GC(2317) ParOldGen: 30468K(44032K)->34353K(44032K)
[2026-06-17T09:57:50.323+0800][57.839s][info][gc,metaspace   ] GC(2317) Metaspace: 157K(384K)->157K(384K) NonClass: 153K(256K)->153K(256K) Class: 4K(128K)->4K(128K)
[2026-06-17T09:57:50.323+0800][57.839s][info][gc             ] GC(2317) Pause Young (Allocation Failure) 43M->36M(57M) 2.893ms
[2026-06-17T09:57:50.324+0800][57.840s][info][gc,cpu         ] GC(2317) User=0.00s Sys=0.00s Real=0.01s
[2026-06-17T09:57:50.346+0800][57.862s][info][gc,start       ] GC(2318) Pause Young (Allocation Failure)
[2026-06-17T09:57:50.347+0800][57.863s][info][gc,heap        ] GC(2318) PSYoungGen: 10560K(14336K)->3684K(14336K) Eden: 7160K(7168K)->0K(7168K) From: 3400K(7168K)->3684K(7168K)
