[2026-06-17T10:05:19.215+0800][0.008s][info][gc,init] CardTable entry size: 512
[2026-06-17T10:05:19.216+0800][0.009s][info][gc     ] Using Parallel
[2026-06-17T10:05:19.217+0800][0.010s][info][gc,init] Version: 25.0.3+9-LTS (release)
[2026-06-17T10:05:19.217+0800][0.010s][info][gc,init] CPUs: 24 total, 24 available
[2026-06-17T10:05:19.218+0800][0.010s][info][gc,init] Memory: 15856M
[2026-06-17T10:05:19.218+0800][0.011s][info][gc,init] Large Page Support: Disabled
[2026-06-17T10:05:19.218+0800][0.011s][info][gc,init] NUMA Support: Disabled
[2026-06-17T10:05:19.219+0800][0.011s][info][gc,init] Compressed Oops: Enabled (32-bit)
[2026-06-17T10:05:19.219+0800][0.012s][info][gc,init] Alignments: Space 512K, Generation 512K, Heap 2M
[2026-06-17T10:05:19.220+0800][0.013s][info][gc,init] Heap Min Capacity: 64M
[2026-06-17T10:05:19.221+0800][0.013s][info][gc,init] Heap Initial Capacity: 64M
[2026-06-17T10:05:19.221+0800][0.014s][info][gc,init] Heap Max Capacity: 64M
[2026-06-17T10:05:19.222+0800][0.015s][info][gc,init] Pre-touch: Disabled
[2026-06-17T10:05:19.222+0800][0.015s][info][gc,init] Parallel Workers: 18
[2026-06-17T10:05:19.225+0800][0.018s][info][gc,metaspace] CDS archive(s) mapped at: [0x000000003c000000-0x000000003cc95000-0x000000003cc95000), size 13193216, SharedBaseAddress: 0x000000003c000000, ArchiveRelocationMode: 1.
[2026-06-17T10:05:19.225+0800][0.018s][info][gc,metaspace] Compressed class space mapped at: 0x000000003d000000-0x000000007d000000, reserved size: 1073741824
[2026-06-17T10:05:19.226+0800][0.018s][info][gc,metaspace] UseCompressedClassPointers 1, UseCompactObjectHeaders 0
[2026-06-17T10:05:19.226+0800][0.019s][info][gc,metaspace] Narrow klass pointer bits 32, Max shift 3
[2026-06-17T10:05:19.226+0800][0.019s][info][gc,metaspace] Narrow klass base: 0x000000003c000000, Narrow klass shift: 0
[2026-06-17T10:05:19.226+0800][0.019s][info][gc,metaspace] Encoding Range: [0x000000003c000000 - 0x000000013c000000), (4294967296 bytes)
[2026-06-17T10:05:19.227+0800][0.020s][info][gc,metaspace] Klass Range:    [0x000000003c001000 - 0x000000007d000000), (1090514944 bytes)
[2026-06-17T10:05:19.227+0800][0.020s][info][gc,metaspace] Klass ID Range:  [4096 - 1090519033) (1090514937)
[2026-06-17T10:05:19.228+0800][0.020s][info][gc,metaspace] Protection zone: [0x000000003c000000 - 0x000000003c001000), (4096 bytes)
[2026-06-17T10:05:19.292+0800][0.084s][info][gc,start    ] GC(0) Pause Young (Allocation Failure)
[2026-06-17T10:05:19.295+0800][0.088s][info][gc,heap     ] GC(0) PSYoungGen: 16378K(18944K)->2553K(18944K) Eden: 16378K(16384K)->0K(16384K) From: 0K(2560K)->2553K(2560K)
[2026-06-17T10:05:19.295+0800][0.088s][info][gc,heap     ] GC(0) ParOldGen: 1088K(44032K)->4621K(44032K)
[2026-06-17T10:05:19.296+0800][0.089s][info][gc,metaspace] GC(0) Metaspace: 104K(320K)->104K(320K) NonClass: 97K(192K)->97K(192K) Class: 7K(128K)->7K(128K)
[2026-06-17T10:05:19.296+0800][0.089s][info][gc          ] GC(0) Pause Young (Allocation Failure) 17M->7M(61M) 4.485ms
[2026-06-17T10:05:19.296+0800][0.089s][info][gc,cpu      ] GC(0) User=0.00s Sys=0.00s Real=0.00s
[2026-06-17T10:05:19.339+0800][0.131s][info][gc,start    ] GC(1) Pause Young (Allocation Failure)
[2026-06-17T10:05:19.340+0800][0.133s][info][gc,heap     ] GC(1) PSYoungGen: 18937K(18944K)->2478K(18944K) Eden: 16384K(16384K)->0K(16384K) From: 2553K(2560K)->2478K(2560K)
[2026-06-17T10:05:19.341+0800][0.133s][info][gc,heap     ] GC(1) ParOldGen: 4621K(44032K)->8317K(44032K)
[2026-06-17T10:05:19.341+0800][0.133s][info][gc,metaspace] GC(1) Metaspace: 104K(320K)->104K(320K) NonClass: 97K(192K)->97K(192K) Class: 7K(128K)->7K(128K)
[2026-06-17T10:05:19.341+0800][0.134s][info][gc          ] GC(1) Pause Young (Allocation Failure) 23M->10M(61M) 2.260ms
[2026-06-17T10:05:19.341+0800][0.134s][info][gc,cpu      ] GC(1) User=0.00s Sys=0.00s Real=0.00s
[2026-06-17T10:05:19.383+0800][0.176s][info][gc,start    ] GC(2) Pause Young (Allocation Failure)
[2026-06-17T10:05:19.385+0800][0.177s][info][gc,heap     ] GC(2) PSYoungGen: 18806K(18944K)->2549K(18944K) Eden: 16328K(16384K)->0K(16384K) From: 2478K(2560K)->2549K(2560K)
[2026-06-17T10:05:19.385+0800][0.178s][info][gc,heap     ] GC(2) ParOldGen: 8317K(44032K)->10291K(44032K)
[2026-06-17T10:05:19.385+0800][0.178s][info][gc,metaspace] GC(2) Metaspace: 104K(320K)->104K(320K) NonClass: 97K(192K)->97K(192K) Class: 7K(128K)->7K(128K)
[2026-06-17T10:05:19.386+0800][0.178s][info][gc          ] GC(2) Pause Young (Allocation Failure) 26M->12M(61M) 2.286ms
[2026-06-17T10:05:19.386+0800][0.179s][info][gc,cpu      ] GC(2) User=0.00s Sys=0.00s Real=0.00s
[2026-06-17T10:05:19.428+0800][0.221s][info][gc,start    ] GC(3) Pause Young (Allocation Failure)
[2026-06-17T10:05:19.430+0800][0.223s][info][gc,heap     ] GC(3) PSYoungGen: 18933K(18944K)->2542K(18944K) Eden: 16384K(16384K)->0K(16384K) From: 2549K(2560K)->2542K(2560K)
[2026-06-17T10:05:19.430+0800][0.223s][info][gc,heap     ] GC(3) ParOldGen: 10291K(44032K)->13364K(44032K)
[2026-06-17T10:05:19.430+0800][0.223s][info][gc,metaspace] GC(3) Metaspace: 104K(320K)->104K(320K) NonClass: 97K(192K)->97K(192K) Class: 7K(128K)->7K(128K)
[2026-06-17T10:05:19.430+0800][0.223s][info][gc          ] GC(3) Pause Young (Allocation Failure) 28M->15M(61M) 2.099ms
[2026-06-17T10:05:19.431+0800][0.223s][info][gc,cpu      ] GC(3) User=0.00s Sys=0.01s Real=0.01s
[2026-06-17T10:05:19.462+0800][0.255s][info][gc,start    ] GC(4) Pause Young (Allocation Failure)
[2026-06-17T10:05:19.464+0800][0.257s][info][gc,heap     ] GC(4) PSYoungGen: 18913K(18944K)->2558K(18944K) Eden: 16371K(16384K)->0K(16384K) From: 2542K(2560K)->2558K(2560K)
[2026-06-17T10:05:19.464+0800][0.257s][info][gc,heap     ] GC(4) ParOldGen: 13364K(44032K)->16968K(44032K)
[2026-06-17T10:05:19.464+0800][0.257s][info][gc,metaspace] GC(4) Metaspace: 104K(320K)->104K(320K) NonClass: 97K(192K)->97K(192K) Class: 7K(128K)->7K(128K)
[2026-06-17T10:05:19.465+0800][0.257s][info][gc          ] GC(4) Pause Young (Allocation Failure) 31M->19M(61M) 2.229ms
[2026-06-17T10:05:19.465+0800][0.258s][info][gc,cpu      ] GC(4) User=0.00s Sys=0.00s Real=0.01s
[2026-06-17T10:05:19.507+0800][0.300s][info][gc,start    ] GC(5) Pause Young (Allocation Failure)
[2026-06-17T10:05:19.509+0800][0.302s][info][gc,heap     ] GC(5) PSYoungGen: 18936K(18944K)->2557K(9728K) Eden: 16378K(16384K)->0K(7168K) From: 2558K(2560K)->2557K(2560K)
[2026-06-17T10:05:19.509+0800][0.302s][info][gc,heap     ] GC(5) ParOldGen: 16968K(44032K)->22843K(44032K)
[2026-06-17T10:05:19.509+0800][0.302s][info][gc,metaspace] GC(5) Metaspace: 104K(320K)->104K(320K) NonClass: 97K(192K)->97K(192K) Class: 7K(128K)->7K(128K)
[2026-06-17T10:05:19.509+0800][0.302s][info][gc          ] GC(5) Pause Young (Allocation Failure) 35M->24M(52M) 2.386ms
[2026-06-17T10:05:19.509+0800][0.302s][info][gc,cpu      ] GC(5) User=0.00s Sys=0.00s Real=0.00s
[2026-06-17T10:05:19.531+0800][0.323s][info][gc,start    ] GC(6) Pause Young (Allocation Failure)
[2026-06-17T10:05:19.535+0800][0.327s][info][gc,heap     ] GC(6) PSYoungGen: 9686K(9728K)->4777K(14336K) Eden: 7128K(7168K)->0K(7168K) From: 2557K(2560K)->4777K(7168K)
[2026-06-17T10:05:19.536+0800][0.329s][info][gc,heap     ] GC(6) ParOldGen: 22843K(44032K)->22940K(44032K)
[2026-06-17T10:05:19.542+0800][0.335s][info][gc,metaspace] GC(6) Metaspace: 104K(320K)->104K(320K) NonClass: 97K(192K)->97K(192K) Class: 7K(128K)->7K(128K)
[2026-06-17T10:05:19.546+0800][0.338s][info][gc          ] GC(6) Pause Young (Allocation Failure) 31M->27M(57M) 15.005ms
[2026-06-17T10:05:19.546+0800][0.339s][info][gc,cpu      ] GC(6) User=0.01s Sys=0.00s Real=0.01s
[2026-06-17T10:05:19.569+0800][0.361s][info][gc,start    ] GC(7) Pause Young (Allocation Failure)
[2026-06-17T10:05:19.570+0800][0.362s][info][gc,heap     ] GC(7) PSYoungGen: 11898K(14336K)->4968K(14336K) Eden: 7120K(7168K)->0K(7168K) From: 4777K(7168K)->4968K(7168K)
[2026-06-17T10:05:19.570+0800][0.363s][info][gc,heap     ] GC(7) ParOldGen: 22940K(44032K)->22940K(44032K)
[2026-06-17T10:05:19.570+0800][0.363s][info][gc,metaspace] GC(7) Metaspace: 104K(320K)->104K(320K) NonClass: 97K(192K)->97K(192K) Class: 7K(128K)->7K(128K)
[2026-06-17T10:05:19.571+0800][0.364s][info][gc          ] GC(7) Pause Young (Allocation Failure) 34M->27M(57M) 2.479ms
[2026-06-17T10:05:19.571+0800][0.364s][info][gc,cpu      ] GC(7) User=0.00s Sys=0.00s Real=0.01s
[2026-06-17T10:05:19.593+0800][0.385s][info][gc,start    ] GC(8) Pause Young (Allocation Failure)
[2026-06-17T10:05:19.594+0800][0.387s][info][gc,heap     ] GC(8) PSYoungGen: 12077K(14336K)->3374K(14336K) Eden: 7109K(7168K)->0K(7168K) From: 4968K(7168K)->3374K(7168K)
[2026-06-17T10:05:19.594+0800][0.387s][info][gc,heap     ] GC(8) ParOldGen: 22940K(44032K)->24631K(44032K)
[2026-06-17T10:05:19.595+0800][0.387s][info][gc,metaspace] GC(8) Metaspace: 104K(320K)->104K(320K) NonClass: 97K(192K)->97K(192K) Class: 7K(128K)->7K(128K)
[2026-06-17T10:05:19.595+0800][0.388s][info][gc          ] GC(8) Pause Young (Allocation Failure) 34M->27M(57M) 2.441ms
[2026-06-17T10:05:19.595+0800][0.388s][info][gc,cpu      ] GC(8) User=0.00s Sys=0.00s Real=0.00s
[2026-06-17T10:05:19.617+0800][0.409s][info][gc,start    ] GC(9) Pause Young (Allocation Failure)
[2026-06-17T10:05:19.618+0800][0.411s][info][gc,heap     ] GC(9) PSYoungGen: 10533K(14336K)->1551K(14336K) Eden: 7158K(7168K)->0K(7168K) From: 3374K(7168K)->1551K(7168K)
[2026-06-17T10:05:19.619+0800][0.411s][info][gc,heap     ] GC(9) ParOldGen: 24631K(44032K)->26462K(44032K)
[2026-06-17T10:05:19.619+0800][0.412s][info][gc,metaspace] GC(9) Metaspace: 104K(320K)->104K(320K) NonClass: 97K(192K)->97K(192K) Class: 7K(128K)->7K(128K)
[2026-06-17T10:05:19.620+0800][0.413s][info][gc          ] GC(9) Pause Young (Allocation Failure) 34M->27M(57M) 3.196ms
[2026-06-17T10:05:19.620+0800][0.413s][info][gc,cpu      ] GC(9) User=0.01s Sys=0.00s Real=0.00s
[2026-06-17T10:05:19.632+0800][0.425s][info][gc,start    ] GC(10) Pause Young (Allocation Failure)
[2026-06-17T10:05:19.634+0800][0.426s][info][gc,heap     ] GC(10) PSYoungGen: 8693K(14336K)->3856K(14336K) Eden: 7142K(7168K)->0K(7168K) From: 1551K(7168K)->3856K(7168K)
[2026-06-17T10:05:19.634+0800][0.427s][info][gc,heap     ] GC(10) ParOldGen: 26462K(44032K)->27957K(44032K)
[2026-06-17T10:05:19.635+0800][0.427s][info][gc,metaspace] GC(10) Metaspace: 105K(320K)->105K(320K) NonClass: 98K(192K)->98K(192K) Class: 7K(128K)->7K(128K)
[2026-06-17T10:05:19.635+0800][0.428s][info][gc          ] GC(10) Pause Young (Allocation Failure) 34M->31M(57M) 3.333ms
[2026-06-17T10:05:19.636+0800][0.429s][info][gc,cpu      ] GC(10) User=0.00s Sys=0.00s Real=0.00s
[2026-06-17T10:05:19.658+0800][0.450s][info][gc,start    ] GC(11) Pause Young (Allocation Failure)
[2026-06-17T10:05:19.659+0800][0.452s][info][gc,heap     ] GC(11) PSYoungGen: 10978K(14336K)->2009K(14336K) Eden: 7121K(7168K)->0K(7168K) From: 3856K(7168K)->2009K(7168K)
[2026-06-17T10:05:19.659+0800][0.452s][info][gc,heap     ] GC(11) ParOldGen: 27957K(44032K)->29942K(44032K)
[2026-06-17T10:05:19.660+0800][0.453s][info][gc,metaspace] GC(11) Metaspace: 105K(320K)->105K(320K) NonClass: 98K(192K)->98K(192K) Class: 7K(128K)->7K(128K)
[2026-06-17T10:05:19.660+0800][0.453s][info][gc          ] GC(11) Pause Young (Allocation Failure) 38M->31M(57M) 2.820ms
[2026-06-17T10:05:19.661+0800][0.454s][info][gc,cpu      ] GC(11) User=0.00s Sys=0.00s Real=0.00s
[2026-06-17T10:05:19.672+0800][0.465s][info][gc,start    ] GC(12) Pause Young (Allocation Failure)
[2026-06-17T10:05:19.673+0800][0.466s][info][gc,heap     ] GC(12) PSYoungGen: 8901K(14336K)->2338K(14336K) Eden: 6892K(7168K)->0K(7168K) From: 2009K(7168K)->2338K(7168K)
[2026-06-17T10:05:19.673+0800][0.466s][info][gc,heap     ] GC(12) ParOldGen: 29942K(44032K)->29942K(44032K)
[2026-06-17T10:05:19.673+0800][0.466s][info][gc,metaspace] GC(12) Metaspace: 105K(320K)->105K(320K) NonClass: 98K(192K)->98K(192K) Class: 7K(128K)->7K(128K)
[2026-06-17T10:05:19.674+0800][0.466s][info][gc          ] GC(12) Pause Young (Allocation Failure) 37M->31M(57M) 1.429ms
[2026-06-17T10:05:19.674+0800][0.467s][info][gc,cpu      ] GC(12) User=0.00s Sys=0.00s Real=0.00s
[2026-06-17T10:05:19.695+0800][0.487s][info][gc,start    ] GC(13) Pause Young (Allocation Failure)
[2026-06-17T10:05:19.696+0800][0.489s][info][gc,heap     ] GC(13) PSYoungGen: 9490K(14336K)->3721K(14336K) Eden: 7152K(7168K)->0K(7168K) From: 2338K(7168K)->3721K(7168K)
[2026-06-17T10:05:19.696+0800][0.489s][info][gc,heap     ] GC(13) ParOldGen: 29942K(44032K)->32256K(44032K)
[2026-06-17T10:05:19.697+0800][0.489s][info][gc,metaspace] GC(13) Metaspace: 105K(320K)->105K(320K) NonClass: 98K(192K)->98K(192K) Class: 7K(128K)->7K(128K)
[2026-06-17T10:05:19.697+0800][0.490s][info][gc          ] GC(13) Pause Young (Allocation Failure) 38M->35M(57M) 2.014ms
[2026-06-17T10:05:19.697+0800][0.490s][info][gc,cpu      ] GC(13) User=0.00s Sys=0.00s Real=0.00s
[2026-06-17T10:05:19.718+0800][0.511s][info][gc,start    ] GC(14) Pause Young (Allocation Failure)
[2026-06-17T10:05:19.720+0800][0.512s][info][gc,heap     ] GC(14) PSYoungGen: 10889K(14336K)->2310K(14336K) Eden: 7168K(7168K)->0K(7168K) From: 3721K(7168K)->2310K(7168K)
[2026-06-17T10:05:19.720+0800][0.513s][info][gc,heap     ] GC(14) ParOldGen: 32256K(44032K)->33723K(44032K)
[2026-06-17T10:05:19.723+0800][0.515s][info][gc,metaspace] GC(14) Metaspace: 105K(320K)->105K(320K) NonClass: 98K(192K)->98K(192K) Class: 7K(128K)->7K(128K)
[2026-06-17T10:05:19.725+0800][0.518s][info][gc          ] GC(14) Pause Young (Allocation Failure) 42M->35M(57M) 6.919ms
[2026-06-17T10:05:19.727+0800][0.519s][info][gc,cpu      ] GC(14) User=0.00s Sys=0.00s Real=0.01s
[2026-06-17T10:05:19.740+0800][0.532s][info][gc,start    ] GC(15) Pause Young (Allocation Failure)
[2026-06-17T10:05:19.741+0800][0.534s][info][gc,heap     ] GC(15) PSYoungGen: 9423K(14336K)->986K(14336K) Eden: 7112K(7168K)->0K(7168K) From: 2310K(7168K)->986K(7168K)
[2026-06-17T10:05:19.741+0800][0.534s][info][gc,heap     ] GC(15) ParOldGen: 33723K(44032K)->35542K(44032K)
[2026-06-17T10:05:19.741+0800][0.534s][info][gc,metaspace] GC(15) Metaspace: 105K(320K)->105K(320K) NonClass: 98K(192K)->98K(192K) Class: 7K(128K)->7K(128K)
[2026-06-17T10:05:19.741+0800][0.534s][info][gc          ] GC(15) Pause Young (Allocation Failure) 42M->35M(57M) 1.726ms
[2026-06-17T10:05:19.742+0800][0.534s][info][gc,cpu      ] GC(15) User=0.00s Sys=0.01s Real=0.00s
[2026-06-17T10:05:19.763+0800][0.556s][info][gc,start    ] GC(16) Pause Young (Allocation Failure)
[2026-06-17T10:05:19.765+0800][0.557s][info][gc,heap     ] GC(16) PSYoungGen: 8110K(14336K)->3783K(14336K) Eden: 7124K(7168K)->0K(7168K) From: 986K(7168K)->3783K(7168K)
[2026-06-17T10:05:19.766+0800][0.559s][info][gc,heap     ] GC(16) ParOldGen: 35542K(44032K)->36504K(44032K)
[2026-06-17T10:05:19.770+0800][0.563s][info][gc,metaspace] GC(16) Metaspace: 105K(320K)->105K(320K) NonClass: 98K(192K)->98K(192K) Class: 7K(128K)->7K(128K)
[2026-06-17T10:05:19.776+0800][0.569s][info][gc          ] GC(16) Pause Young (Allocation Failure) 42M->39M(57M) 13.092ms
[2026-06-17T10:05:19.776+0800][0.569s][info][gc,cpu      ] GC(16) User=0.00s Sys=0.00s Real=0.01s
[2026-06-17T10:05:19.798+0800][0.591s][info][gc,start    ] GC(17) Pause Young (Allocation Failure)
[2026-06-17T10:05:19.799+0800][0.592s][info][gc,heap     ] GC(17) PSYoungGen: 10941K(14336K)->3041K(14848K) Eden: 7158K(7168K)->0K(7680K) From: 3783K(7168K)->3041K(7168K)
[2026-06-17T10:05:19.799+0800][0.592s][info][gc,heap     ] GC(17) ParOldGen: 36504K(44032K)->37209K(44032K)
[2026-06-17T10:05:19.799+0800][0.592s][info][gc,metaspace] GC(17) Metaspace: 105K(320K)->105K(320K) NonClass: 98K(192K)->98K(192K) Class: 7K(128K)->7K(128K)
[2026-06-17T10:05:19.800+0800][0.592s][info][gc          ] GC(17) Pause Young (Allocation Failure) 46M->39M(57M) 1.922ms
[2026-06-17T10:05:19.800+0800][0.593s][info][gc,cpu      ] GC(17) User=0.00s Sys=0.00s Real=0.00s
[2026-06-17T10:05:19.821+0800][0.614s][info][gc,start    ] GC(18) Pause Young (Allocation Failure)
[2026-06-17T10:05:19.823+0800][0.616s][info][gc,heap     ] GC(18) PSYoungGen: 10698K(14848K)->1432K(14336K) Eden: 7657K(7680K)->0K(7680K) From: 3041K(7168K)->1432K(6656K)
[2026-06-17T10:05:19.823+0800][0.616s][info][gc,heap     ] GC(18) ParOldGen: 37209K(44032K)->39443K(44032K)
[2026-06-17T10:05:19.823+0800][0.616s][info][gc,metaspace] GC(18) Metaspace: 105K(320K)->105K(320K) NonClass: 98K(192K)->98K(192K) Class: 7K(128K)->7K(128K)
[2026-06-17T10:05:19.823+0800][0.616s][info][gc          ] GC(18) Pause Young (Allocation Failure) 46M->39M(57M) 2.448ms
[2026-06-17T10:05:19.824+0800][0.616s][info][gc,cpu      ] GC(18) User=0.00s Sys=0.00s Real=0.01s
[2026-06-17T10:05:19.845+0800][0.638s][info][gc,start    ] GC(19) Pause Young (Allocation Failure)
[2026-06-17T10:05:19.846+0800][0.639s][info][gc,heap     ] GC(19) PSYoungGen: 9080K(14336K)->2131K(14848K) Eden: 7647K(7680K)->0K(8192K) From: 1432K(6656K)->2131K(6656K)
[2026-06-17T10:05:19.847+0800][0.640s][info][gc,heap     ] GC(19) ParOldGen: 39443K(44032K)->39443K(44032K)
[2026-06-17T10:05:19.847+0800][0.640s][info][gc,metaspace] GC(19) Metaspace: 105K(320K)->105K(320K) NonClass: 98K(192K)->98K(192K) Class: 7K(128K)->7K(128K)
[2026-06-17T10:05:19.848+0800][0.640s][info][gc          ] GC(19) Pause Young (Allocation Failure) 47M->40M(57M) 2.732ms
[2026-06-17T10:05:19.848+0800][0.640s][info][gc,cpu      ] GC(19) User=0.00s Sys=0.00s Real=0.00s
[2026-06-17T10:05:19.859+0800][0.651s][info][gc,start    ] GC(20) Pause Young (Allocation Failure)
[2026-06-17T10:05:19.860+0800][0.653s][info][gc,heap     ] GC(20) PSYoungGen: 10117K(14848K)->1450K(14848K) Eden: 7986K(8192K)->0K(8192K) From: 2131K(6656K)->1450K(6656K)
[2026-06-17T10:05:19.860+0800][0.653s][info][gc,heap     ] GC(20) ParOldGen: 39443K(44032K)->41408K(44032K)
[2026-06-17T10:05:19.860+0800][0.653s][info][gc,metaspace] GC(20) Metaspace: 105K(320K)->105K(320K) NonClass: 98K(192K)->98K(192K) Class: 7K(128K)->7K(128K)
[2026-06-17T10:05:19.861+0800][0.653s][info][gc          ] GC(20) Pause Young (Allocation Failure) 48M->41M(57M) 1.869ms
[2026-06-17T10:05:19.861+0800][0.654s][info][gc,cpu      ] GC(20) User=0.00s Sys=0.00s Real=0.00s
[2026-06-17T10:05:19.892+0800][0.685s][info][gc,start    ] GC(21) Pause Full (Allocation Failure)
[2026-06-17T10:05:19.893+0800][0.686s][info][gc,phases,start] GC(21) Marking Phase
[2026-06-17T10:05:19.894+0800][0.687s][info][gc,phases      ] GC(21) Marking Phase 1.623ms
[2026-06-17T10:05:19.895+0800][0.688s][info][gc,phases,start] GC(21) Summary Phase
[2026-06-17T10:05:19.895+0800][0.688s][info][gc,phases      ] GC(21) Summary Phase 0.237ms
[2026-06-17T10:05:19.895+0800][0.688s][info][gc,phases,start] GC(21) Forward
[2026-06-17T10:05:19.896+0800][0.688s][info][gc,phases      ] GC(21) Forward 0.323ms
[2026-06-17T10:05:19.896+0800][0.688s][info][gc,phases,start] GC(21) Adjust Pointers
[2026-06-17T10:05:19.896+0800][0.689s][info][gc,phases      ] GC(21) Adjust Pointers 0.698ms
[2026-06-17T10:05:19.897+0800][0.690s][info][gc,phases,start] GC(21) Compaction Phase
[2026-06-17T10:05:19.898+0800][0.691s][info][gc,phases      ] GC(21) Compaction Phase 1.634ms
[2026-06-17T10:05:19.899+0800][0.692s][info][gc,phases,start] GC(21) Post Compact
[2026-06-17T10:05:19.900+0800][0.692s][info][gc,phases      ] GC(21) Post Compact 0.698ms
[2026-06-17T10:05:19.900+0800][0.693s][info][gc,heap        ] GC(21) PSYoungGen: 9604K(14848K)->0K(14848K) Eden: 8154K(8192K)->0K(8192K) From: 1450K(6656K)->0K(6656K)
[2026-06-17T10:05:19.900+0800][0.693s][info][gc,heap        ] GC(21) ParOldGen: 41408K(44032K)->21775K(44032K)
[2026-06-17T10:05:19.900+0800][0.693s][info][gc,metaspace   ] GC(21) Metaspace: 105K(320K)->105K(320K) NonClass: 98K(192K)->98K(192K) Class: 7K(128K)->7K(128K)
[2026-06-17T10:05:19.901+0800][0.693s][info][gc             ] GC(21) Pause Full (Allocation Failure) 49M->21M(57M) 8.372ms
[2026-06-17T10:05:19.901+0800][0.694s][info][gc,cpu         ] GC(21) User=0.01s Sys=0.00s Real=0.00s
[2026-06-17T10:05:19.912+0800][0.705s][info][gc,start       ] GC(22) Pause Young (Allocation Failure)
[2026-06-17T10:05:19.913+0800][0.706s][info][gc,heap        ] GC(22) PSYoungGen: 8168K(14848K)->6651K(14848K) Eden: 8168K(8192K)->0K(8192K) From: 0K(6656K)->6651K(6656K)
[2026-06-17T10:05:19.914+0800][0.706s][info][gc,heap        ] GC(22) ParOldGen: 21775K(44032K)->23321K(44032K)
[2026-06-17T10:05:19.914+0800][0.707s][info][gc,metaspace   ] GC(22) Metaspace: 105K(320K)->105K(320K) NonClass: 98K(192K)->98K(192K) Class: 7K(128K)->7K(128K)
[2026-06-17T10:05:19.914+0800][0.707s][info][gc             ] GC(22) Pause Young (Allocation Failure) 29M->29M(57M) 1.907ms
[2026-06-17T10:05:19.914+0800][0.707s][info][gc,cpu         ] GC(22) User=0.00s Sys=0.00s Real=0.00s
[2026-06-17T10:05:19.935+0800][0.728s][info][gc,start       ] GC(23) Pause Young (Allocation Failure)
[2026-06-17T10:05:19.937+0800][0.729s][info][gc,heap        ] GC(23) PSYoungGen: 14670K(14848K)->32K(13824K) Eden: 8018K(8192K)->0K(7168K) From: 6651K(6656K)->32K(6656K)
[2026-06-17T10:05:19.937+0800][0.730s][info][gc,heap        ] GC(23) ParOldGen: 23321K(44032K)->27686K(44032K)
[2026-06-17T10:05:19.937+0800][0.730s][info][gc,metaspace   ] GC(23) Metaspace: 105K(320K)->105K(320K) NonClass: 98K(192K)->98K(192K) Class: 7K(128K)->7K(128K)
[2026-06-17T10:05:19.937+0800][0.730s][info][gc             ] GC(23) Pause Young (Allocation Failure) 37M->27M(56M) 1.977ms
[2026-06-17T10:05:19.938+0800][0.731s][info][gc,cpu         ] GC(23) User=0.00s Sys=0.00s Real=0.00s
[2026-06-17T10:05:19.959+0800][0.752s][info][gc,start       ] GC(24) Pause Young (Allocation Failure)
[2026-06-17T10:05:19.960+0800][0.753s][info][gc,heap        ] GC(24) PSYoungGen: 7149K(13824K)->3461K(14336K) Eden: 7117K(7168K)->0K(7168K) From: 32K(6656K)->3461K(7168K)
[2026-06-17T10:05:19.960+0800][0.753s][info][gc,heap        ] GC(24) ParOldGen: 27686K(44032K)->27694K(44032K)
[2026-06-17T10:05:19.961+0800][0.754s][info][gc,metaspace   ] GC(24) Metaspace: 105K(320K)->105K(320K) NonClass: 98K(192K)->98K(192K) Class: 7K(128K)->7K(128K)
[2026-06-17T10:05:19.961+0800][0.754s][info][gc             ] GC(24) Pause Young (Allocation Failure) 34M->30M(57M) 1.983ms
[2026-06-17T10:05:19.961+0800][0.754s][info][gc,cpu         ] GC(24) User=0.00s Sys=0.00s Real=0.00s
[2026-06-17T10:05:19.973+0800][0.765s][info][gc,start       ] GC(25) Pause Young (Allocation Failure)
[2026-06-17T10:05:19.974+0800][0.766s][info][gc,heap        ] GC(25) PSYoungGen: 10629K(14336K)->1272K(14336K) Eden: 7168K(7168K)->0K(7168K) From: 3461K(7168K)->1272K(7168K)
[2026-06-17T10:05:19.974+0800][0.767s][info][gc,heap        ] GC(25) ParOldGen: 27694K(44032K)->30056K(44032K)
[2026-06-17T10:05:19.974+0800][0.767s][info][gc,metaspace   ] GC(25) Metaspace: 105K(320K)->105K(320K) NonClass: 98K(192K)->98K(192K) Class: 7K(128K)->7K(128K)
[2026-06-17T10:05:19.974+0800][0.767s][info][gc             ] GC(25) Pause Young (Allocation Failure) 37M->30M(57M) 1.638ms
[2026-06-17T10:05:19.974+0800][0.767s][info][gc,cpu         ] GC(25) User=0.00s Sys=0.00s Real=0.00s
[2026-06-17T10:05:19.996+0800][0.788s][info][gc,start       ] GC(26) Pause Young (Allocation Failure)
[2026-06-17T10:05:19.997+0800][0.789s][info][gc,heap        ] GC(26) PSYoungGen: 8385K(14336K)->3451K(14336K) Eden: 7113K(7168K)->0K(7168K) From: 1272K(7168K)->3451K(7168K)
[2026-06-17T10:05:19.998+0800][0.790s][info][gc,heap        ] GC(26) ParOldGen: 30056K(44032K)->31304K(44032K)
[2026-06-17T10:05:19.998+0800][0.791s][info][gc,metaspace   ] GC(26) Metaspace: 105K(320K)->105K(320K) NonClass: 98K(192K)->98K(192K) Class: 7K(128K)->7K(128K)
[2026-06-17T10:05:19.998+0800][0.791s][info][gc             ] GC(26) Pause Young (Allocation Failure) 37M->33M(57M) 2.403ms
[2026-06-17T10:05:19.998+0800][0.791s][info][gc,cpu         ] GC(26) User=0.01s Sys=0.00s Real=0.00s
[2026-06-17T10:05:20.020+0800][0.813s][info][gc,start       ] GC(27) Pause Young (Allocation Failure)
[2026-06-17T10:05:20.021+0800][0.813s][info][gc,heap        ] GC(27) PSYoungGen: 10609K(14336K)->2831K(14848K) Eden: 7158K(7168K)->0K(7680K) From: 3451K(7168K)->2831K(7168K)
[2026-06-17T10:05:20.021+0800][0.814s][info][gc,heap        ] GC(27) ParOldGen: 31304K(44032K)->31973K(44032K)
[2026-06-17T10:05:20.021+0800][0.814s][info][gc,metaspace   ] GC(27) Metaspace: 105K(320K)->105K(320K) NonClass: 98K(192K)->98K(192K) Class: 7K(128K)->7K(128K)
[2026-06-17T10:05:20.022+0800][0.815s][info][gc             ] GC(27) Pause Young (Allocation Failure) 40M->33M(57M) 2.621ms
[2026-06-17T10:05:20.023+0800][0.816s][info][gc,cpu         ] GC(27) User=0.00s Sys=0.00s Real=0.01s
[2026-06-17T10:05:20.045+0800][0.837s][info][gc,start       ] GC(28) Pause Young (Allocation Failure)
[2026-06-17T10:05:20.046+0800][0.838s][info][gc,heap        ] GC(28) PSYoungGen: 10507K(14848K)->1889K(14336K) Eden: 7675K(7680K)->0K(7680K) From: 2831K(7168K)->1889K(6656K)
[2026-06-17T10:05:20.046+0800][0.839s][info][gc,heap        ] GC(28) ParOldGen: 31973K(44032K)->33758K(44032K)
[2026-06-17T10:05:20.046+0800][0.839s][info][gc,metaspace   ] GC(28) Metaspace: 105K(320K)->105K(320K) NonClass: 98K(192K)->98K(192K) Class: 7K(128K)->7K(128K)
[2026-06-17T10:05:20.047+0800][0.839s][info][gc             ] GC(28) Pause Young (Allocation Failure) 41M->34M(57M) 2.041ms
[2026-06-17T10:05:20.047+0800][0.840s][info][gc,cpu         ] GC(28) User=0.00s Sys=0.00s Real=0.00s
[2026-06-17T10:05:20.068+0800][0.861s][info][gc,start       ] GC(29) Pause Young (Allocation Failure)
[2026-06-17T10:05:20.070+0800][0.862s][info][gc,heap        ] GC(29) PSYoungGen: 9557K(14336K)->2825K(15360K) Eden: 7667K(7680K)->0K(8704K) From: 1889K(6656K)->2825K(6656K)
[2026-06-17T10:05:20.070+0800][0.863s][info][gc,heap        ] GC(29) ParOldGen: 33758K(44032K)->33758K(44032K)
[2026-06-17T10:05:20.070+0800][0.863s][info][gc,metaspace   ] GC(29) Metaspace: 105K(320K)->105K(320K) NonClass: 98K(192K)->98K(192K) Class: 7K(128K)->7K(128K)
[2026-06-17T10:05:20.070+0800][0.863s][info][gc             ] GC(29) Pause Young (Allocation Failure) 42M->35M(58M) 1.909ms
[2026-06-17T10:05:20.071+0800][0.863s][info][gc,cpu         ] GC(29) User=0.00s Sys=0.00s Real=0.01s
[2026-06-17T10:05:20.092+0800][0.885s][info][gc,start       ] GC(30) Pause Young (Allocation Failure)
[2026-06-17T10:05:20.093+0800][0.886s][info][gc,heap        ] GC(30) PSYoungGen: 11529K(15360K)->2250K(14848K) Eden: 8704K(8704K)->0K(8704K) From: 2825K(6656K)->2250K(6144K)
[2026-06-17T10:05:20.094+0800][0.886s][info][gc,heap        ] GC(30) ParOldGen: 33758K(44032K)->35781K(44032K)
[2026-06-17T10:05:20.094+0800][0.887s][info][gc,metaspace   ] GC(30) Metaspace: 105K(320K)->105K(320K) NonClass: 98K(192K)->98K(192K) Class: 7K(128K)->7K(128K)
[2026-06-17T10:05:20.094+0800][0.887s][info][gc             ] GC(30) Pause Young (Allocation Failure) 44M->37M(57M) 2.020ms
[2026-06-17T10:05:20.095+0800][0.887s][info][gc,cpu         ] GC(30) User=0.00s Sys=0.00s Real=0.00s
[2026-06-17T10:05:20.117+0800][0.909s][info][gc,start       ] GC(31) Pause Young (Allocation Failure)
[2026-06-17T10:05:20.118+0800][0.911s][info][gc,heap        ] GC(31) PSYoungGen: 10946K(14848K)->1711K(15360K) Eden: 8696K(8704K)->0K(9216K) From: 2250K(6144K)->1711K(6144K)
[2026-06-17T10:05:20.118+0800][0.911s][info][gc,heap        ] GC(31) ParOldGen: 35781K(44032K)->37857K(44032K)
[2026-06-17T10:05:20.119+0800][0.912s][info][gc,metaspace   ] GC(31) Metaspace: 105K(320K)->105K(320K) NonClass: 98K(192K)->98K(192K) Class: 7K(128K)->7K(128K)
[2026-06-17T10:05:20.119+0800][0.912s][info][gc             ] GC(31) Pause Young (Allocation Failure) 45M->38M(58M) 2.267ms
[2026-06-17T10:05:20.119+0800][0.912s][info][gc,cpu         ] GC(31) User=0.00s Sys=0.00s Real=0.00s
[2026-06-17T10:05:20.141+0800][0.934s][info][gc,start       ] GC(32) Pause Young (Allocation Failure)
[2026-06-17T10:05:20.142+0800][0.935s][info][gc,heap        ] GC(32) PSYoungGen: 10886K(15360K)->2871K(15360K) Eden: 9175K(9216K)->0K(9216K) From: 1711K(6144K)->2871K(6144K)
[2026-06-17T10:05:20.143+0800][0.935s][info][gc,heap        ] GC(32) ParOldGen: 37857K(44032K)->38828K(44032K)
[2026-06-17T10:05:20.143+0800][0.936s][info][gc,metaspace   ] GC(32) Metaspace: 105K(320K)->105K(320K) NonClass: 98K(192K)->98K(192K) Class: 7K(128K)->7K(128K)
[2026-06-17T10:05:20.143+0800][0.936s][info][gc             ] GC(32) Pause Young (Allocation Failure) 47M->40M(58M) 2.272ms
[2026-06-17T10:05:20.143+0800][0.936s][info][gc,cpu         ] GC(32) User=0.00s Sys=0.00s Real=0.01s
[2026-06-17T10:05:20.165+0800][0.958s][info][gc,start       ] GC(33) Pause Young (Allocation Failure)
[2026-06-17T10:05:20.166+0800][0.959s][info][gc,heap        ] GC(33) PSYoungGen: 12087K(15360K)->3237K(15872K) Eden: 9216K(9216K)->0K(10240K) From: 2871K(6144K)->3237K(5632K)
[2026-06-17T10:05:20.166+0800][0.959s][info][gc,heap        ] GC(33) ParOldGen: 38828K(44032K)->40909K(44032K)
[2026-06-17T10:05:20.166+0800][0.959s][info][gc,metaspace   ] GC(33) Metaspace: 105K(320K)->105K(320K) NonClass: 98K(192K)->98K(192K) Class: 7K(128K)->7K(128K)
[2026-06-17T10:05:20.167+0800][0.960s][info][gc             ] GC(33) Pause Young (Allocation Failure) 49M->43M(58M) 1.899ms
[2026-06-17T10:05:20.167+0800][0.960s][info][gc,cpu         ] GC(33) User=0.00s Sys=0.00s Real=0.00s
[2026-06-17T10:05:20.189+0800][0.981s][info][gc,start       ] GC(34) Pause Full (Allocation Failure)
[2026-06-17T10:05:20.189+0800][0.982s][info][gc,phases,start] GC(34) Marking Phase
[2026-06-17T10:05:20.190+0800][0.983s][info][gc,phases      ] GC(34) Marking Phase 0.999ms
[2026-06-17T10:05:20.190+0800][0.983s][info][gc,phases,start] GC(34) Summary Phase
[2026-06-17T10:05:20.191+0800][0.984s][info][gc,phases      ] GC(34) Summary Phase 0.549ms
[2026-06-17T10:05:20.191+0800][0.984s][info][gc,phases,start] GC(34) Forward
[2026-06-17T10:05:20.191+0800][0.984s][info][gc,phases      ] GC(34) Forward 0.329ms
[2026-06-17T10:05:20.192+0800][0.984s][info][gc,phases,start] GC(34) Adjust Pointers
[2026-06-17T10:05:20.192+0800][0.985s][info][gc,phases      ] GC(34) Adjust Pointers 0.600ms
[2026-06-17T10:05:20.192+0800][0.985s][info][gc,phases,start] GC(34) Compaction Phase
[2026-06-17T10:05:20.194+0800][0.987s][info][gc,phases      ] GC(34) Compaction Phase 1.685ms
[2026-06-17T10:05:20.194+0800][0.987s][info][gc,phases,start] GC(34) Post Compact
[2026-06-17T10:05:20.195+0800][0.987s][info][gc,phases      ] GC(34) Post Compact 0.231ms
[2026-06-17T10:05:20.195+0800][0.988s][info][gc,heap        ] GC(34) PSYoungGen: 13374K(15872K)->0K(15872K) Eden: 10137K(10240K)->0K(10240K) From: 3237K(5632K)->0K(5632K)
[2026-06-17T10:05:20.195+0800][0.988s][info][gc,heap        ] GC(34) ParOldGen: 40909K(44032K)->30368K(44032K)
[2026-06-17T10:05:20.195+0800][0.988s][info][gc,metaspace   ] GC(34) Metaspace: 105K(320K)->105K(320K) NonClass: 98K(192K)->98K(192K) Class: 7K(128K)->7K(128K)
[2026-06-17T10:05:20.195+0800][0.988s][info][gc             ] GC(34) Pause Full (Allocation Failure) 53M->29M(58M) 6.791ms
[2026-06-17T10:05:20.195+0800][0.988s][info][gc,cpu         ] GC(34) User=0.01s Sys=0.00s Real=0.01s
[2026-06-17T10:05:20.227+0800][1.020s][info][gc,start       ] GC(35) Pause Young (Allocation Failure)
[2026-06-17T10:05:20.229+0800][1.022s][info][gc,heap        ] GC(35) PSYoungGen: 10240K(15872K)->3047K(15872K) Eden: 10240K(10240K)->0K(10240K) From: 0K(5632K)->3047K(5632K)
[2026-06-17T10:05:20.229+0800][1.022s][info][gc,heap        ] GC(35) ParOldGen: 30368K(44032K)->30368K(44032K)
[2026-06-17T10:05:20.229+0800][1.022s][info][gc,metaspace   ] GC(35) Metaspace: 105K(320K)->105K(320K) NonClass: 98K(192K)->98K(192K) Class: 7K(128K)->7K(128K)
[2026-06-17T10:05:20.230+0800][1.022s][info][gc             ] GC(35) Pause Young (Allocation Failure) 39M->32M(58M) 2.432ms
[2026-06-17T10:05:20.230+0800][1.023s][info][gc,cpu         ] GC(35) User=0.00s Sys=0.00s Real=0.00s
[2026-06-17T10:05:20.251+0800][1.044s][info][gc,start       ] GC(36) Pause Young (Allocation Failure)
[2026-06-17T10:05:20.253+0800][1.046s][info][gc,heap        ] GC(36) PSYoungGen: 13272K(15872K)->5398K(15872K) Eden: 10224K(10240K)->0K(10240K) From: 3047K(5632K)->5398K(5632K)
[2026-06-17T10:05:20.254+0800][1.047s][info][gc,heap        ] GC(36) ParOldGen: 30368K(44032K)->31286K(44032K)
[2026-06-17T10:05:20.255+0800][1.048s][info][gc,metaspace   ] GC(36) Metaspace: 105K(320K)->105K(320K) NonClass: 98K(192K)->98K(192K) Class: 7K(128K)->7K(128K)
[2026-06-17T10:05:20.256+0800][1.048s][info][gc             ] GC(36) Pause Young (Allocation Failure) 42M->35M(58M) 4.333ms
[2026-06-17T10:05:20.256+0800][1.049s][info][gc,cpu         ] GC(36) User=0.00s Sys=0.00s Real=0.00s
[2026-06-17T10:05:20.287+0800][1.080s][info][gc,start       ] GC(37) Pause Young (Allocation Failure)
[2026-06-17T10:05:20.288+0800][1.081s][info][gc,heap        ] GC(37) PSYoungGen: 15623K(15872K)->3012K(14848K) Eden: 10225K(10240K)->0K(9216K) From: 5398K(5632K)->3012K(5632K)
[2026-06-17T10:05:20.289+0800][1.082s][info][gc,heap        ] GC(37) ParOldGen: 31286K(44032K)->33324K(44032K)
[2026-06-17T10:05:20.289+0800][1.082s][info][gc,metaspace   ] GC(37) Metaspace: 105K(320K)->105K(320K) NonClass: 98K(192K)->98K(192K) Class: 7K(128K)->7K(128K)
[2026-06-17T10:05:20.289+0800][1.082s][info][gc             ] GC(37) Pause Young (Allocation Failure) 45M->35M(57M) 2.429ms
[2026-06-17T10:05:20.290+0800][1.082s][info][gc,cpu         ] GC(37) User=0.00s Sys=0.00s Real=0.00s
[2026-06-17T10:05:20.311+0800][1.104s][info][gc,start       ] GC(38) Pause Young (Allocation Failure)
[2026-06-17T10:05:20.312+0800][1.105s][info][gc,heap        ] GC(38) PSYoungGen: 12176K(14848K)->3141K(15360K) Eden: 9163K(9216K)->0K(9216K) From: 3012K(5632K)->3141K(6144K)
[2026-06-17T10:05:20.313+0800][1.106s][info][gc,heap        ] GC(38) ParOldGen: 33324K(44032K)->35674K(44032K)
[2026-06-17T10:05:20.313+0800][1.106s][info][gc,metaspace   ] GC(38) Metaspace: 105K(320K)->105K(320K) NonClass: 98K(192K)->98K(192K) Class: 7K(128K)->7K(128K)
[2026-06-17T10:05:20.313+0800][1.106s][info][gc             ] GC(38) Pause Young (Allocation Failure) 44M->37M(58M) 2.028ms
[2026-06-17T10:05:20.313+0800][1.106s][info][gc,cpu         ] GC(38) User=0.00s Sys=0.00s Real=0.00s
[2026-06-17T10:05:20.335+0800][1.128s][info][gc,start       ] GC(39) Pause Young (Allocation Failure)
[2026-06-17T10:05:20.336+0800][1.129s][info][gc,heap        ] GC(39) PSYoungGen: 12348K(15360K)->3697K(15872K) Eden: 9206K(9216K)->0K(10240K) From: 3141K(6144K)->3697K(5632K)
[2026-06-17T10:05:20.336+0800][1.129s][info][gc,heap        ] GC(39) ParOldGen: 35674K(44032K)->37456K(44032K)
[2026-06-17T10:05:20.337+0800][1.130s][info][gc,metaspace   ] GC(39) Metaspace: 105K(320K)->105K(320K) NonClass: 98K(192K)->98K(192K) Class: 7K(128K)->7K(128K)
[2026-06-17T10:05:20.337+0800][1.130s][info][gc             ] GC(39) Pause Young (Allocation Failure) 46M->40M(58M) 2.498ms
[2026-06-17T10:05:20.338+0800][1.131s][info][gc,cpu         ] GC(39) User=0.00s Sys=0.00s Real=0.00s
[2026-06-17T10:05:20.370+0800][1.163s][info][gc,start       ] GC(40) Pause Young (Allocation Failure)
[2026-06-17T10:05:20.371+0800][1.164s][info][gc,heap        ] GC(40) PSYoungGen: 13937K(15872K)->2717K(15872K) Eden: 10240K(10240K)->0K(10240K) From: 3697K(5632K)->2717K(5632K)
[2026-06-17T10:05:20.371+0800][1.164s][info][gc,heap        ] GC(40) ParOldGen: 37456K(44032K)->38350K(44032K)
[2026-06-17T10:05:20.371+0800][1.164s][info][gc,metaspace   ] GC(40) Metaspace: 105K(320K)->105K(320K) NonClass: 98K(192K)->98K(192K) Class: 7K(128K)->7K(128K)
[2026-06-17T10:05:20.372+0800][1.164s][info][gc             ] GC(40) Pause Young (Allocation Failure) 50M->40M(58M) 1.673ms
[2026-06-17T10:05:20.372+0800][1.165s][info][gc,cpu         ] GC(40) User=0.00s Sys=0.01s Real=0.01s
[2026-06-17T10:05:20.393+0800][1.186s][info][gc,start       ] GC(41) Pause Young (Allocation Failure)
[2026-06-17T10:05:20.395+0800][1.187s][info][gc,heap        ] GC(41) PSYoungGen: 12924K(15872K)->3857K(15872K) Eden: 10207K(10240K)->0K(10240K) From: 2717K(5632K)->3857K(5632K)
[2026-06-17T10:05:20.395+0800][1.188s][info][gc,heap        ] GC(41) ParOldGen: 38350K(44032K)->40440K(44032K)
[2026-06-17T10:05:20.395+0800][1.188s][info][gc,metaspace   ] GC(41) Metaspace: 105K(320K)->105K(320K) NonClass: 98K(192K)->98K(192K) Class: 7K(128K)->7K(128K)
[2026-06-17T10:05:20.395+0800][1.188s][info][gc             ] GC(41) Pause Young (Allocation Failure) 50M->43M(58M) 1.814ms
[2026-06-17T10:05:20.395+0800][1.188s][info][gc,cpu         ] GC(41) User=0.01s Sys=0.00s Real=0.00s
[2026-06-17T10:05:20.417+0800][1.209s][info][gc,start       ] GC(42) Pause Young (Allocation Failure)
[2026-06-17T10:05:20.418+0800][1.211s][info][gc,heap        ] GC(42) PSYoungGen: 14083K(15872K)->4903K(15360K) Eden: 10226K(10240K)->0K(10240K) From: 3857K(5632K)->4903K(5120K)
[2026-06-17T10:05:20.419+0800][1.211s][info][gc,heap        ] GC(42) ParOldGen: 40440K(44032K)->42579K(44032K)
[2026-06-17T10:05:20.419+0800][1.212s][info][gc,metaspace   ] GC(42) Metaspace: 105K(320K)->105K(320K) NonClass: 98K(192K)->98K(192K) Class: 7K(128K)->7K(128K)
[2026-06-17T10:05:20.419+0800][1.212s][info][gc             ] GC(42) Pause Young (Allocation Failure) 53M->46M(58M) 2.453ms
[2026-06-17T10:05:20.419+0800][1.212s][info][gc,cpu         ] GC(42) User=0.00s Sys=0.00s Real=0.00s
[2026-06-17T10:05:20.451+0800][1.243s][info][gc,start       ] GC(43) Pause Full (Allocation Failure)
[2026-06-17T10:05:20.451+0800][1.244s][info][gc,phases,start] GC(43) Marking Phase
[2026-06-17T10:05:20.454+0800][1.247s][info][gc,phases      ] GC(43) Marking Phase 2.606ms
[2026-06-17T10:05:20.454+0800][1.247s][info][gc,phases,start] GC(43) Summary Phase
[2026-06-17T10:05:20.454+0800][1.247s][info][gc,phases      ] GC(43) Summary Phase 0.185ms
[2026-06-17T10:05:20.455+0800][1.247s][info][gc,phases,start] GC(43) Forward
[2026-06-17T10:05:20.455+0800][1.248s][info][gc,phases      ] GC(43) Forward 0.357ms
[2026-06-17T10:05:20.455+0800][1.248s][info][gc,phases,start] GC(43) Adjust Pointers
[2026-06-17T10:05:20.456+0800][1.249s][info][gc,phases      ] GC(43) Adjust Pointers 0.590ms
[2026-06-17T10:05:20.456+0800][1.249s][info][gc,phases,start] GC(43) Compaction Phase
[2026-06-17T10:05:20.458+0800][1.251s][info][gc,phases      ] GC(43) Compaction Phase 1.676ms
[2026-06-17T10:05:20.458+0800][1.251s][info][gc,phases,start] GC(43) Post Compact
[2026-06-17T10:05:20.459+0800][1.251s][info][gc,phases      ] GC(43) Post Compact 0.300ms
[2026-06-17T10:05:20.459+0800][1.252s][info][gc,heap        ] GC(43) PSYoungGen: 15112K(15360K)->0K(15360K) Eden: 10209K(10240K)->0K(9216K) From: 4903K(5120K)->0K(6144K)
[2026-06-17T10:05:20.459+0800][1.252s][info][gc,heap        ] GC(43) ParOldGen: 42579K(44032K)->27007K(44032K)
[2026-06-17T10:05:20.459+0800][1.252s][info][gc,metaspace   ] GC(43) Metaspace: 105K(320K)->105K(320K) NonClass: 98K(192K)->98K(192K) Class: 7K(128K)->7K(128K)
[2026-06-17T10:05:20.459+0800][1.252s][info][gc             ] GC(43) Pause Full (Allocation Failure) 56M->26M(58M) 8.543ms
[2026-06-17T10:05:20.459+0800][1.252s][info][gc,cpu         ] GC(43) User=0.01s Sys=0.00s Real=0.00s
[2026-06-17T10:05:20.481+0800][1.274s][info][gc,start       ] GC(44) Pause Young (Allocation Failure)
[2026-06-17T10:05:20.482+0800][1.275s][info][gc,heap        ] GC(44) PSYoungGen: 9209K(15360K)->6086K(15360K) Eden: 9209K(9216K)->0K(9216K) From: 0K(6144K)->6086K(6144K)
[2026-06-17T10:05:20.482+0800][1.275s][info][gc,heap        ] GC(44) ParOldGen: 27007K(44032K)->27007K(44032K)
[2026-06-17T10:05:20.483+0800][1.276s][info][gc,metaspace   ] GC(44) Metaspace: 105K(320K)->105K(320K) NonClass: 98K(192K)->98K(192K) Class: 7K(128K)->7K(128K)
[2026-06-17T10:05:20.483+0800][1.276s][info][gc             ] GC(44) Pause Young (Allocation Failure) 35M->32M(58M) 2.371ms
[2026-06-17T10:05:20.483+0800][1.276s][info][gc,cpu         ] GC(44) User=0.00s Sys=0.00s Real=0.01s
[2026-06-17T10:05:20.515+0800][1.308s][info][gc,start       ] GC(45) Pause Young (Allocation Failure)
[2026-06-17T10:05:20.516+0800][1.309s][info][gc,heap        ] GC(45) PSYoungGen: 15302K(15360K)->2100K(14336K) Eden: 9216K(9216K)->0K(8192K) From: 6086K(6144K)->2100K(6144K)
[2026-06-17T10:05:20.517+0800][1.310s][info][gc,heap        ] GC(45) ParOldGen: 27007K(44032K)->29856K(44032K)
[2026-06-17T10:05:20.517+0800][1.310s][info][gc,metaspace   ] GC(45) Metaspace: 105K(320K)->105K(320K) NonClass: 98K(192K)->98K(192K) Class: 7K(128K)->7K(128K)
[2026-06-17T10:05:20.517+0800][1.310s][info][gc             ] GC(45) Pause Young (Allocation Failure) 41M->31M(57M) 1.862ms
[2026-06-17T10:05:20.517+0800][1.310s][info][gc,cpu         ] GC(45) User=0.00s Sys=0.00s Real=0.00s
[2026-06-17T10:05:20.528+0800][1.321s][info][gc,start       ] GC(46) Pause Young (Allocation Failure)
[2026-06-17T10:05:20.529+0800][1.322s][info][gc,heap        ] GC(46) PSYoungGen: 10273K(14336K)->5060K(13312K) Eden: 8173K(8192K)->0K(8192K) From: 2100K(6144K)->5060K(5120K)
[2026-06-17T10:05:20.530+0800][1.322s][info][gc,heap        ] GC(46) ParOldGen: 29856K(44032K)->31876K(44032K)
[2026-06-17T10:05:20.530+0800][1.323s][info][gc,metaspace   ] GC(46) Metaspace: 105K(320K)->105K(320K) NonClass: 98K(192K)->98K(192K) Class: 7K(128K)->7K(128K)
[2026-06-17T10:05:20.530+0800][1.323s][info][gc             ] GC(46) Pause Young (Allocation Failure) 39M->36M(56M) 1.929ms
[2026-06-17T10:05:20.530+0800][1.323s][info][gc,cpu         ] GC(46) User=0.00s Sys=0.00s Real=0.00s
[2026-06-17T10:05:20.552+0800][1.345s][info][gc,start       ] GC(47) Pause Young (Allocation Failure)
[2026-06-17T10:05:20.553+0800][1.346s][info][gc,heap        ] GC(47) PSYoungGen: 13067K(13312K)->192K(14336K) Eden: 8007K(8192K)->0K(7168K) From: 5060K(5120K)->192K(7168K)
[2026-06-17T10:05:20.554+0800][1.346s][info][gc,heap        ] GC(47) ParOldGen: 31876K(44032K)->34474K(44032K)
[2026-06-17T10:05:20.554+0800][1.347s][info][gc,metaspace   ] GC(47) Metaspace: 105K(320K)->105K(320K) NonClass: 98K(192K)->98K(192K) Class: 7K(128K)->7K(128K)
[2026-06-17T10:05:20.554+0800][1.347s][info][gc             ] GC(47) Pause Young (Allocation Failure) 43M->33M(57M) 2.116ms
[2026-06-17T10:05:20.557+0800][1.350s][info][gc,cpu         ] GC(47) User=0.00s Sys=0.00s Real=0.00s
[2026-06-17T10:05:20.584+0800][1.376s][info][gc,start       ] GC(48) Pause Young (Allocation Failure)
[2026-06-17T10:05:20.585+0800][1.378s][info][gc,heap        ] GC(48) PSYoungGen: 7326K(14336K)->3760K(14336K) Eden: 7134K(7168K)->0K(7168K) From: 192K(7168K)->3760K(7168K)
[2026-06-17T10:05:20.586+0800][1.378s][info][gc,heap        ] GC(48) ParOldGen: 34474K(44032K)->34642K(44032K)
[2026-06-17T10:05:20.587+0800][1.380s][info][gc,metaspace   ] GC(48) Metaspace: 107K(320K)->107K(320K) NonClass: 100K(192K)->100K(192K) Class: 7K(128K)->7K(128K)
[2026-06-17T10:05:20.589+0800][1.382s][info][gc             ] GC(48) Pause Young (Allocation Failure) 40M->37M(57M) 5.868ms
[2026-06-17T10:05:20.590+0800][1.383s][info][gc,cpu         ] GC(48) User=0.00s Sys=0.00s Real=0.00s
[2026-06-17T10:05:20.613+0800][1.405s][info][gc,start       ] GC(49) Pause Young (Allocation Failure)
[2026-06-17T10:05:20.614+0800][1.407s][info][gc,heap        ] GC(49) PSYoungGen: 10911K(14336K)->2592K(14848K) Eden: 7150K(7168K)->0K(7680K) From: 3760K(7168K)->2592K(7168K)
[2026-06-17T10:05:20.616+0800][1.408s][info][gc,heap        ] GC(49) ParOldGen: 34642K(44032K)->36316K(44032K)
[2026-06-17T10:05:20.616+0800][1.409s][info][gc,metaspace   ] GC(49) Metaspace: 107K(320K)->107K(320K) NonClass: 100K(192K)->100K(192K) Class: 7K(128K)->7K(128K)
[2026-06-17T10:05:20.616+0800][1.409s][info][gc             ] GC(49) Pause Young (Allocation Failure) 44M->37M(57M) 3.711ms
[2026-06-17T10:05:20.617+0800][1.410s][info][gc,cpu         ] GC(49) User=0.00s Sys=0.00s Real=0.00s
[2026-06-17T10:05:20.638+0800][1.431s][info][gc,start       ] GC(50) Pause Young (Allocation Failure)
[2026-06-17T10:05:20.641+0800][1.433s][info][gc,heap        ] GC(50) PSYoungGen: 10261K(14848K)->1135K(14336K) Eden: 7669K(7680K)->0K(7680K) From: 2592K(7168K)->1135K(6656K)
[2026-06-17T10:05:20.641+0800][1.434s][info][gc,heap        ] GC(50) ParOldGen: 36316K(44032K)->38554K(44032K)
[2026-06-17T10:05:20.643+0800][1.436s][info][gc,metaspace   ] GC(50) Metaspace: 107K(320K)->107K(320K) NonClass: 100K(192K)->100K(192K) Class: 7K(128K)->7K(128K)
[2026-06-17T10:05:20.643+0800][1.436s][info][gc             ] GC(50) Pause Young (Allocation Failure) 45M->38M(57M) 4.905ms
[2026-06-17T10:05:20.644+0800][1.437s][info][gc,cpu         ] GC(50) User=0.00s Sys=0.00s Real=0.01s
[2026-06-17T10:05:20.657+0800][1.449s][info][gc,start       ] GC(51) Pause Young (Allocation Failure)
[2026-06-17T10:05:20.658+0800][1.450s][info][gc,heap        ] GC(51) PSYoungGen: 8787K(14336K)->5271K(14336K) Eden: 7652K(7680K)->0K(7168K) From: 1135K(6656K)->5271K(7168K)
[2026-06-17T10:05:20.658+0800][1.451s][info][gc,heap        ] GC(51) ParOldGen: 38554K(44032K)->38554K(44032K)
[2026-06-17T10:05:20.658+0800][1.451s][info][gc,metaspace   ] GC(51) Metaspace: 107K(320K)->107K(320K) NonClass: 100K(192K)->100K(192K) Class: 7K(128K)->7K(128K)
[2026-06-17T10:05:20.658+0800][1.451s][info][gc             ] GC(51) Pause Young (Allocation Failure) 46M->42M(57M) 1.613ms
[2026-06-17T10:05:20.658+0800][1.451s][info][gc,cpu         ] GC(51) User=0.00s Sys=0.00s Real=0.00s
[2026-06-17T10:05:20.679+0800][1.472s][info][gc,start       ] GC(52) Pause Young (Allocation Failure)
[2026-06-17T10:05:20.680+0800][1.473s][info][gc,heap        ] GC(52) PSYoungGen: 12429K(14336K)->3549K(14336K) Eden: 7158K(7168K)->0K(7168K) From: 5271K(7168K)->3549K(7168K)
[2026-06-17T10:05:20.681+0800][1.473s][info][gc,heap        ] GC(52) ParOldGen: 38554K(44032K)->40330K(44032K)
[2026-06-17T10:05:20.681+0800][1.474s][info][gc,metaspace   ] GC(52) Metaspace: 107K(320K)->107K(320K) NonClass: 100K(192K)->100K(192K) Class: 7K(128K)->7K(128K)
[2026-06-17T10:05:20.681+0800][1.474s][info][gc             ] GC(52) Pause Young (Allocation Failure) 49M->42M(57M) 1.601ms
[2026-06-17T10:05:20.681+0800][1.474s][info][gc,cpu         ] GC(52) User=0.00s Sys=0.00s Real=0.00s
[2026-06-17T10:05:20.702+0800][1.495s][info][gc,start       ] GC(53) Pause Young (Allocation Failure)
[2026-06-17T10:05:20.703+0800][1.496s][info][gc,heap        ] GC(53) PSYoungGen: 10702K(14336K)->3722K(14848K) Eden: 7153K(7168K)->0K(7680K) From: 3549K(7168K)->3722K(7168K)
[2026-06-17T10:05:20.704+0800][1.497s][info][gc,heap        ] GC(53) ParOldGen: 40330K(44032K)->40330K(44032K)
[2026-06-17T10:05:20.704+0800][1.497s][info][gc,metaspace   ] GC(53) Metaspace: 107K(320K)->107K(320K) NonClass: 100K(192K)->100K(192K) Class: 7K(128K)->7K(128K)
[2026-06-17T10:05:20.704+0800][1.497s][info][gc             ] GC(53) Pause Young (Allocation Failure) 49M->43M(57M) 1.717ms
[2026-06-17T10:05:20.704+0800][1.497s][info][gc,cpu         ] GC(53) User=0.00s Sys=0.00s Real=0.01s
[2026-06-17T10:05:20.725+0800][1.518s][info][gc,start       ] GC(54) Pause Young (Allocation Failure)
[2026-06-17T10:05:20.726+0800][1.519s][info][gc,heap        ] GC(54) PSYoungGen: 11401K(14848K)->2302K(14336K) Eden: 7678K(7680K)->0K(7680K) From: 3722K(7168K)->2302K(6656K)
[2026-06-17T10:05:20.727+0800][1.520s][info][gc,heap        ] GC(54) ParOldGen: 40330K(44032K)->42552K(44032K)
[2026-06-17T10:05:20.727+0800][1.520s][info][gc,metaspace   ] GC(54) Metaspace: 107K(320K)->107K(320K) NonClass: 100K(192K)->100K(192K) Class: 7K(128K)->7K(128K)
[2026-06-17T10:05:20.727+0800][1.520s][info][gc             ] GC(54) Pause Young (Allocation Failure) 50M->43M(57M) 1.725ms
[2026-06-17T10:05:20.727+0800][1.520s][info][gc,cpu         ] GC(54) User=0.01s Sys=0.00s Real=0.00s
[2026-06-17T10:05:20.748+0800][1.541s][info][gc,start       ] GC(55) Pause Full (Allocation Failure)
[2026-06-17T10:05:20.749+0800][1.542s][info][gc,phases,start] GC(55) Marking Phase
[2026-06-17T10:05:20.750+0800][1.543s][info][gc,phases      ] GC(55) Marking Phase 1.331ms
[2026-06-17T10:05:20.751+0800][1.543s][info][gc,phases,start] GC(55) Summary Phase
[2026-06-17T10:05:20.751+0800][1.544s][info][gc,phases      ] GC(55) Summary Phase 0.217ms
[2026-06-17T10:05:20.751+0800][1.544s][info][gc,phases,start] GC(55) Forward
[2026-06-17T10:05:20.751+0800][1.544s][info][gc,phases      ] GC(55) Forward 0.260ms
[2026-06-17T10:05:20.751+0800][1.544s][info][gc,phases,start] GC(55) Adjust Pointers
[2026-06-17T10:05:20.752+0800][1.545s][info][gc,phases      ] GC(55) Adjust Pointers 0.626ms
[2026-06-17T10:05:20.752+0800][1.545s][info][gc,phases,start] GC(55) Compaction Phase
[2026-06-17T10:05:20.754+0800][1.547s][info][gc,phases      ] GC(55) Compaction Phase 1.626ms
[2026-06-17T10:05:20.755+0800][1.547s][info][gc,phases,start] GC(55) Post Compact
[2026-06-17T10:05:20.755+0800][1.548s][info][gc,phases      ] GC(55) Post Compact 0.622ms
[2026-06-17T10:05:20.756+0800][1.548s][info][gc,heap        ] GC(55) PSYoungGen: 9957K(14336K)->0K(14848K) Eden: 7654K(7680K)->0K(8192K) From: 2302K(6656K)->0K(6656K)
[2026-06-17T10:05:20.756+0800][1.549s][info][gc,heap        ] GC(55) ParOldGen: 42552K(44032K)->32148K(44032K)
[2026-06-17T10:05:20.756+0800][1.549s][info][gc,metaspace   ] GC(55) Metaspace: 107K(320K)->107K(320K) NonClass: 100K(192K)->100K(192K) Class: 7K(128K)->7K(128K)
[2026-06-17T10:05:20.756+0800][1.549s][info][gc             ] GC(55) Pause Full (Allocation Failure) 51M->31M(57M) 7.611ms
[2026-06-17T10:05:20.756+0800][1.549s][info][gc,cpu         ] GC(55) User=0.00s Sys=0.00s Real=0.01s
[2026-06-17T10:05:20.767+0800][1.560s][info][gc,start       ] GC(56) Pause Young (Allocation Failure)
[2026-06-17T10:05:20.769+0800][1.562s][info][gc,heap        ] GC(56) PSYoungGen: 8168K(14848K)->6622K(14848K) Eden: 8168K(8192K)->0K(8192K) From: 0K(6656K)->6622K(6656K)
[2026-06-17T10:05:20.771+0800][1.564s][info][gc,heap        ] GC(56) ParOldGen: 32148K(44032K)->33763K(44032K)
[2026-06-17T10:05:20.774+0800][1.566s][info][gc,metaspace   ] GC(56) Metaspace: 107K(320K)->107K(320K) NonClass: 100K(192K)->100K(192K) Class: 7K(128K)->7K(128K)
[2026-06-17T10:05:20.774+0800][1.567s][info][gc             ] GC(56) Pause Young (Allocation Failure) 39M->39M(57M) 6.696ms
[2026-06-17T10:05:20.776+0800][1.568s][info][gc,cpu         ] GC(56) User=0.00s Sys=0.00s Real=0.01s
[2026-06-17T10:05:20.798+0800][1.591s][info][gc,start       ] GC(57) Pause Young (Allocation Failure)
[2026-06-17T10:05:20.800+0800][1.593s][info][gc,heap        ] GC(57) PSYoungGen: 14633K(14848K)->323K(13824K) Eden: 8010K(8192K)->0K(7168K) From: 6622K(6656K)->323K(6656K)
[2026-06-17T10:05:20.802+0800][1.594s][info][gc,heap        ] GC(57) ParOldGen: 33763K(44032K)->37509K(44032K)
[2026-06-17T10:05:20.804+0800][1.597s][info][gc,metaspace   ] GC(57) Metaspace: 107K(320K)->107K(320K) NonClass: 100K(192K)->100K(192K) Class: 7K(128K)->7K(128K)
[2026-06-17T10:05:20.808+0800][1.601s][info][gc             ] GC(57) Pause Young (Allocation Failure) 47M->36M(56M) 9.940ms
[2026-06-17T10:05:20.811+0800][1.604s][info][gc,cpu         ] GC(57) User=0.00s Sys=0.00s Real=0.02s
[2026-06-17T10:05:20.833+0800][1.626s][info][gc,start       ] GC(58) Pause Young (Allocation Failure)
[2026-06-17T10:05:20.834+0800][1.627s][info][gc,heap        ] GC(58) PSYoungGen: 7456K(13824K)->3457K(14336K) Eden: 7133K(7168K)->0K(7168K) From: 323K(6656K)->3457K(7168K)
[2026-06-17T10:05:20.834+0800][1.627s][info][gc,heap        ] GC(58) ParOldGen: 37509K(44032K)->37808K(44032K)
[2026-06-17T10:05:20.835+0800][1.627s][info][gc,metaspace   ] GC(58) Metaspace: 107K(320K)->107K(320K) NonClass: 100K(192K)->100K(192K) Class: 7K(128K)->7K(128K)
[2026-06-17T10:05:20.835+0800][1.628s][info][gc             ] GC(58) Pause Young (Allocation Failure) 43M->40M(57M) 2.038ms
[2026-06-17T10:05:20.835+0800][1.628s][info][gc,cpu         ] GC(58) User=0.01s Sys=0.00s Real=0.00s
[2026-06-17T10:05:20.856+0800][1.649s][info][gc,start       ] GC(59) Pause Young (Allocation Failure)
[2026-06-17T10:05:20.857+0800][1.650s][info][gc,heap        ] GC(59) PSYoungGen: 10625K(14336K)->1923K(14336K) Eden: 7168K(7168K)->0K(7168K) From: 3457K(7168K)->1923K(7168K)
[2026-06-17T10:05:20.858+0800][1.651s][info][gc,heap        ] GC(59) ParOldGen: 37808K(44032K)->39841K(44032K)
[2026-06-17T10:05:20.858+0800][1.651s][info][gc,metaspace   ] GC(59) Metaspace: 107K(320K)->107K(320K) NonClass: 100K(192K)->100K(192K) Class: 7K(128K)->7K(128K)
[2026-06-17T10:05:20.858+0800][1.651s][info][gc             ] GC(59) Pause Young (Allocation Failure) 47M->40M(57M) 1.936ms
[2026-06-17T10:05:20.859+0800][1.651s][info][gc,cpu         ] GC(59) User=0.00s Sys=0.00s Real=0.00s
[2026-06-17T10:05:20.880+0800][1.673s][info][gc,start       ] GC(60) Pause Young (Allocation Failure)
[2026-06-17T10:05:20.881+0800][1.673s][info][gc,heap        ] GC(60) PSYoungGen: 9076K(14336K)->454K(14336K) Eden: 7153K(7168K)->0K(7168K) From: 1923K(7168K)->454K(7168K)
[2026-06-17T10:05:20.881+0800][1.674s][info][gc,heap        ] GC(60) ParOldGen: 39841K(44032K)->41659K(44032K)
[2026-06-17T10:05:20.881+0800][1.674s][info][gc,metaspace   ] GC(60) Metaspace: 107K(320K)->107K(320K) NonClass: 100K(192K)->100K(192K) Class: 7K(128K)->7K(128K)
[2026-06-17T10:05:20.882+0800][1.674s][info][gc             ] GC(60) Pause Young (Allocation Failure) 47M->41M(57M) 1.518ms
[2026-06-17T10:05:20.882+0800][1.675s][info][gc,cpu         ] GC(60) User=0.00s Sys=0.00s Real=0.00s
[2026-06-17T10:05:20.893+0800][1.686s][info][gc,start       ] GC(61) Pause Full (Allocation Failure)
[2026-06-17T10:05:20.893+0800][1.686s][info][gc,phases,start] GC(61) Marking Phase
[2026-06-17T10:05:20.894+0800][1.687s][info][gc,phases      ] GC(61) Marking Phase 1.295ms
[2026-06-17T10:05:20.895+0800][1.688s][info][gc,phases,start] GC(61) Summary Phase
[2026-06-17T10:05:20.895+0800][1.688s][info][gc,phases      ] GC(61) Summary Phase 0.184ms
[2026-06-17T10:05:20.895+0800][1.688s][info][gc,phases,start] GC(61) Forward
[2026-06-17T10:05:20.895+0800][1.688s][info][gc,phases      ] GC(61) Forward 0.261ms
[2026-06-17T10:05:20.896+0800][1.688s][info][gc,phases,start] GC(61) Adjust Pointers
[2026-06-17T10:05:20.896+0800][1.689s][info][gc,phases      ] GC(61) Adjust Pointers 0.726ms
[2026-06-17T10:05:20.897+0800][1.689s][info][gc,phases,start] GC(61) Compaction Phase
[2026-06-17T10:05:20.898+0800][1.691s][info][gc,phases      ] GC(61) Compaction Phase 1.519ms
[2026-06-17T10:05:20.899+0800][1.691s][info][gc,phases,start] GC(61) Post Compact
[2026-06-17T10:05:20.899+0800][1.692s][info][gc,phases      ] GC(61) Post Compact 0.194ms
[2026-06-17T10:05:20.899+0800][1.692s][info][gc,heap        ] GC(61) PSYoungGen: 7607K(14336K)->0K(14336K) Eden: 7153K(7168K)->0K(7168K) From: 454K(7168K)->0K(7168K)
[2026-06-17T10:05:20.899+0800][1.692s][info][gc,heap        ] GC(61) ParOldGen: 41659K(44032K)->32408K(44032K)
[2026-06-17T10:05:20.899+0800][1.692s][info][gc,metaspace   ] GC(61) Metaspace: 107K(320K)->107K(320K) NonClass: 100K(192K)->100K(192K) Class: 7K(128K)->7K(128K)
[2026-06-17T10:05:20.899+0800][1.692s][info][gc             ] GC(61) Pause Full (Allocation Failure) 48M->31M(57M) 6.461ms
[2026-06-17T10:05:20.899+0800][1.692s][info][gc,cpu         ] GC(61) User=0.00s Sys=0.00s Real=0.00s
[2026-06-17T10:05:20.921+0800][1.713s][info][gc,start       ] GC(62) Pause Young (Allocation Failure)
[2026-06-17T10:05:20.921+0800][1.714s][info][gc,heap        ] GC(62) PSYoungGen: 7145K(14336K)->3699K(14336K) Eden: 7145K(7168K)->0K(7168K) From: 0K(7168K)->3699K(7168K)
[2026-06-17T10:05:20.922+0800][1.715s][info][gc,heap        ] GC(62) ParOldGen: 32408K(44032K)->32408K(44032K)
[2026-06-17T10:05:20.922+0800][1.715s][info][gc,metaspace   ] GC(62) Metaspace: 107K(320K)->107K(320K) NonClass: 100K(192K)->100K(192K) Class: 7K(128K)->7K(128K)
[2026-06-17T10:05:20.922+0800][1.715s][info][gc             ] GC(62) Pause Young (Allocation Failure) 38M->35M(57M) 1.381ms
[2026-06-17T10:05:20.922+0800][1.715s][info][gc,cpu         ] GC(62) User=0.00s Sys=0.00s Real=0.00s
[2026-06-17T10:05:20.933+0800][1.726s][info][gc,start       ] GC(63) Pause Young (Allocation Failure)
[2026-06-17T10:05:20.934+0800][1.727s][info][gc,heap        ] GC(63) PSYoungGen: 10839K(14336K)->7141K(14336K) Eden: 7139K(7168K)->0K(7168K) From: 3699K(7168K)->7141K(7168K)
[2026-06-17T10:05:20.934+0800][1.727s][info][gc,heap        ] GC(63) ParOldGen: 32408K(44032K)->32408K(44032K)
[2026-06-17T10:05:20.934+0800][1.727s][info][gc,metaspace   ] GC(63) Metaspace: 107K(320K)->107K(320K) NonClass: 100K(192K)->100K(192K) Class: 7K(128K)->7K(128K)
[2026-06-17T10:05:20.935+0800][1.727s][info][gc             ] GC(63) Pause Young (Allocation Failure) 42M->38M(57M) 1.521ms
[2026-06-17T10:05:20.935+0800][1.727s][info][gc,cpu         ] GC(63) User=0.00s Sys=0.00s Real=0.00s
[2026-06-17T10:05:20.956+0800][1.748s][info][gc,start       ] GC(64) Pause Young (Allocation Failure)
[2026-06-17T10:05:20.957+0800][1.749s][info][gc,heap        ] GC(64) PSYoungGen: 14309K(14336K)->3468K(14336K) Eden: 7168K(7168K)->0K(7168K) From: 7141K(7168K)->3468K(7168K)
[2026-06-17T10:05:20.957+0800][1.750s][info][gc,heap        ] GC(64) ParOldGen: 32408K(44032K)->36219K(44032K)
[2026-06-17T10:05:20.957+0800][1.750s][info][gc,metaspace   ] GC(64) Metaspace: 107K(320K)->107K(320K) NonClass: 100K(192K)->100K(192K) Class: 7K(128K)->7K(128K)
[2026-06-17T10:05:20.958+0800][1.750s][info][gc             ] GC(64) Pause Young (Allocation Failure) 45M->38M(57M) 1.851ms
[2026-06-17T10:05:20.958+0800][1.750s][info][gc,cpu         ] GC(64) User=0.00s Sys=0.00s Real=0.00s
[2026-06-17T10:05:20.979+0800][1.772s][info][gc,start       ] GC(65) Pause Young (Allocation Failure)
[2026-06-17T10:05:20.980+0800][1.773s][info][gc,heap        ] GC(65) PSYoungGen: 10617K(14336K)->4018K(14336K) Eden: 7148K(7168K)->0K(7168K) From: 3468K(7168K)->4018K(7168K)
[2026-06-17T10:05:20.980+0800][1.773s][info][gc,heap        ] GC(65) ParOldGen: 36219K(44032K)->36219K(44032K)
[2026-06-17T10:05:20.980+0800][1.773s][info][gc,metaspace   ] GC(65) Metaspace: 107K(320K)->107K(320K) NonClass: 100K(192K)->100K(192K) Class: 7K(128K)->7K(128K)
[2026-06-17T10:05:20.981+0800][1.773s][info][gc             ] GC(65) Pause Young (Allocation Failure) 45M->39M(57M) 1.750ms
[2026-06-17T10:05:20.981+0800][1.774s][info][gc,cpu         ] GC(65) User=0.00s Sys=0.00s Real=0.00s
[2026-06-17T10:05:20.992+0800][1.784s][info][gc,start       ] GC(66) Pause Young (Allocation Failure)
[2026-06-17T10:05:20.993+0800][1.785s][info][gc,heap        ] GC(66) PSYoungGen: 11035K(14336K)->722K(14336K) Eden: 7016K(7168K)->0K(7168K) From: 4018K(7168K)->722K(7168K)
[2026-06-17T10:05:20.993+0800][1.786s][info][gc,heap        ] GC(66) ParOldGen: 36219K(44032K)->39538K(44032K)
[2026-06-17T10:05:20.993+0800][1.786s][info][gc,metaspace   ] GC(66) Metaspace: 107K(320K)->107K(320K) NonClass: 100K(192K)->100K(192K) Class: 7K(128K)->7K(128K)
[2026-06-17T10:05:20.993+0800][1.786s][info][gc             ] GC(66) Pause Young (Allocation Failure) 46M->39M(57M) 1.481ms
[2026-06-17T10:05:20.993+0800][1.786s][info][gc,cpu         ] GC(66) User=0.00s Sys=0.00s Real=0.00s
[2026-06-17T10:05:21.014+0800][1.807s][info][gc,start       ] GC(67) Pause Young (Allocation Failure)
[2026-06-17T10:05:21.016+0800][1.809s][info][gc,heap        ] GC(67) PSYoungGen: 7874K(14336K)->3681K(14336K) Eden: 7152K(7168K)->0K(7168K) From: 722K(7168K)->3681K(7168K)
[2026-06-17T10:05:21.016+0800][1.809s][info][gc,heap        ] GC(67) ParOldGen: 39538K(44032K)->40237K(44032K)
[2026-06-17T10:05:21.017+0800][1.809s][info][gc,metaspace   ] GC(67) Metaspace: 107K(320K)->107K(320K) NonClass: 100K(192K)->100K(192K) Class: 7K(128K)->7K(128K)
[2026-06-17T10:05:21.017+0800][1.809s][info][gc             ] GC(67) Pause Young (Allocation Failure) 46M->42M(57M) 2.244ms
[2026-06-17T10:05:21.017+0800][1.810s][info][gc,cpu         ] GC(67) User=0.00s Sys=0.01s Real=0.00s
[2026-06-17T10:05:21.038+0800][1.831s][info][gc,start       ] GC(68) Pause Full (Allocation Failure)
[2026-06-17T10:05:21.039+0800][1.832s][info][gc,phases,start] GC(68) Marking Phase
[2026-06-17T10:05:21.040+0800][1.833s][info][gc,phases      ] GC(68) Marking Phase 1.585ms
[2026-06-17T10:05:21.041+0800][1.834s][info][gc,phases,start] GC(68) Summary Phase
[2026-06-17T10:05:21.041+0800][1.834s][info][gc,phases      ] GC(68) Summary Phase 0.416ms
[2026-06-17T10:05:21.042+0800][1.834s][info][gc,phases,start] GC(68) Forward
[2026-06-17T10:05:21.042+0800][1.835s][info][gc,phases      ] GC(68) Forward 0.521ms
[2026-06-17T10:05:21.042+0800][1.835s][info][gc,phases,start] GC(68) Adjust Pointers
[2026-06-17T10:05:21.043+0800][1.836s][info][gc,phases      ] GC(68) Adjust Pointers 0.595ms
[2026-06-17T10:05:21.043+0800][1.836s][info][gc,phases,start] GC(68) Compaction Phase
[2026-06-17T10:05:21.044+0800][1.837s][info][gc,phases      ] GC(68) Compaction Phase 1.280ms
[2026-06-17T10:05:21.045+0800][1.837s][info][gc,phases,start] GC(68) Post Compact
[2026-06-17T10:05:21.045+0800][1.838s][info][gc,phases      ] GC(68) Post Compact 0.205ms
[2026-06-17T10:05:21.045+0800][1.838s][info][gc,heap        ] GC(68) PSYoungGen: 10849K(14336K)->0K(14336K) Eden: 7168K(7168K)->0K(7168K) From: 3681K(7168K)->0K(7168K)
[2026-06-17T10:05:21.045+0800][1.838s][info][gc,heap        ] GC(68) ParOldGen: 40237K(44032K)->31117K(44032K)
[2026-06-17T10:05:21.046+0800][1.838s][info][gc,metaspace   ] GC(68) Metaspace: 107K(320K)->107K(320K) NonClass: 100K(192K)->100K(192K) Class: 7K(128K)->7K(128K)
[2026-06-17T10:05:21.046+0800][1.839s][info][gc             ] GC(68) Pause Full (Allocation Failure) 49M->30M(57M) 7.803ms
[2026-06-17T10:05:21.046+0800][1.839s][info][gc,cpu         ] GC(68) User=0.00s Sys=0.00s Real=0.01s
[2026-06-17T10:05:21.067+0800][1.860s][info][gc,start       ] GC(69) Pause Young (Allocation Failure)
[2026-06-17T10:05:21.068+0800][1.861s][info][gc,heap        ] GC(69) PSYoungGen: 7163K(14336K)->3778K(14336K) Eden: 7163K(7168K)->0K(7168K) From: 0K(7168K)->3778K(7168K)
[2026-06-17T10:05:21.069+0800][1.862s][info][gc,heap        ] GC(69) ParOldGen: 31117K(44032K)->31117K(44032K)
[2026-06-17T10:05:21.069+0800][1.862s][info][gc,metaspace   ] GC(69) Metaspace: 107K(320K)->107K(320K) NonClass: 100K(192K)->100K(192K) Class: 7K(128K)->7K(128K)
[2026-06-17T10:05:21.069+0800][1.862s][info][gc             ] GC(69) Pause Young (Allocation Failure) 37M->34M(57M) 1.697ms
[2026-06-17T10:05:21.070+0800][1.862s][info][gc,cpu         ] GC(69) User=0.01s Sys=0.00s Real=0.00s
[2026-06-17T10:05:21.091+0800][1.884s][info][gc,start       ] GC(70) Pause Young (Allocation Failure)
[2026-06-17T10:05:21.092+0800][1.885s][info][gc,heap        ] GC(70) PSYoungGen: 10946K(14336K)->4514K(14336K) Eden: 7168K(7168K)->0K(7168K) From: 3778K(7168K)->4514K(7168K)
[2026-06-17T10:05:21.092+0800][1.885s][info][gc,heap        ] GC(70) ParOldGen: 31117K(44032K)->31117K(44032K)
[2026-06-17T10:05:21.093+0800][1.885s][info][gc,metaspace   ] GC(70) Metaspace: 107K(320K)->107K(320K) NonClass: 100K(192K)->100K(192K) Class: 7K(128K)->7K(128K)
[2026-06-17T10:05:21.093+0800][1.886s][info][gc             ] GC(70) Pause Young (Allocation Failure) 41M->34M(57M) 1.558ms
[2026-06-17T10:05:21.093+0800][1.886s][info][gc,cpu         ] GC(70) User=0.00s Sys=0.00s Real=0.00s
[2026-06-17T10:05:21.104+0800][1.897s][info][gc,start       ] GC(71) Pause Young (Allocation Failure)
[2026-06-17T10:05:21.105+0800][1.897s][info][gc,heap        ] GC(71) PSYoungGen: 11659K(14336K)->263K(14336K) Eden: 7145K(7168K)->0K(7168K) From: 4514K(7168K)->263K(7168K)
[2026-06-17T10:05:21.105+0800][1.898s][info][gc,heap        ] GC(71) ParOldGen: 31117K(44032K)->35432K(44032K)
[2026-06-17T10:05:21.105+0800][1.898s][info][gc,metaspace   ] GC(71) Metaspace: 107K(320K)->107K(320K) NonClass: 100K(192K)->100K(192K) Class: 7K(128K)->7K(128K)
[2026-06-17T10:05:21.105+0800][1.898s][info][gc             ] GC(71) Pause Young (Allocation Failure) 41M->34M(57M) 1.283ms
[2026-06-17T10:05:21.105+0800][1.898s][info][gc,cpu         ] GC(71) User=0.00s Sys=0.00s Real=0.00s
[2026-06-17T10:05:21.126+0800][1.919s][info][gc,start       ] GC(72) Pause Young (Allocation Failure)
[2026-06-17T10:05:21.127+0800][1.920s][info][gc,heap        ] GC(72) PSYoungGen: 7424K(14336K)->4064K(14336K) Eden: 7161K(7168K)->0K(7168K) From: 263K(7168K)->4064K(7168K)
[2026-06-17T10:05:21.128+0800][1.920s][info][gc,heap        ] GC(72) ParOldGen: 35432K(44032K)->35432K(44032K)
[2026-06-17T10:05:21.128+0800][1.921s][info][gc,metaspace   ] GC(72) Metaspace: 107K(320K)->107K(320K) NonClass: 100K(192K)->100K(192K) Class: 7K(128K)->7K(128K)
[2026-06-17T10:05:21.128+0800][1.921s][info][gc             ] GC(72) Pause Young (Allocation Failure) 41M->38M(57M) 1.816ms
[2026-06-17T10:05:21.128+0800][1.921s][info][gc,cpu         ] GC(72) User=0.00s Sys=0.00s Real=0.00s
[2026-06-17T10:05:21.150+0800][1.942s][info][gc,start       ] GC(73) Pause Young (Allocation Failure)
[2026-06-17T10:05:21.151+0800][1.943s][info][gc,heap        ] GC(73) PSYoungGen: 11203K(14336K)->2612K(14336K) Eden: 7139K(7168K)->0K(7168K) From: 4064K(7168K)->2612K(7168K)
[2026-06-17T10:05:21.151+0800][1.944s][info][gc,heap        ] GC(73) ParOldGen: 35432K(44032K)->36967K(44032K)
[2026-06-17T10:05:21.151+0800][1.944s][info][gc,metaspace   ] GC(73) Metaspace: 107K(320K)->107K(320K) NonClass: 100K(192K)->100K(192K) Class: 7K(128K)->7K(128K)
[2026-06-17T10:05:21.151+0800][1.944s][info][gc             ] GC(73) Pause Young (Allocation Failure) 45M->38M(57M) 1.935ms
[2026-06-17T10:05:21.152+0800][1.945s][info][gc,cpu         ] GC(73) User=0.00s Sys=0.00s Real=0.01s
[2026-06-17T10:05:21.173+0800][1.966s][info][gc,start       ] GC(74) Pause Young (Allocation Failure)
[2026-06-17T10:05:21.174+0800][1.966s][info][gc,heap        ] GC(74) PSYoungGen: 9771K(14336K)->2869K(14336K) Eden: 7159K(7168K)->0K(7168K) From: 2612K(7168K)->2869K(7168K)
[2026-06-17T10:05:21.174+0800][1.967s][info][gc,heap        ] GC(74) ParOldGen: 36967K(44032K)->36967K(44032K)
[2026-06-17T10:05:21.174+0800][1.967s][info][gc,metaspace   ] GC(74) Metaspace: 107K(320K)->107K(320K) NonClass: 100K(192K)->100K(192K) Class: 7K(128K)->7K(128K)
[2026-06-17T10:05:21.174+0800][1.967s][info][gc             ] GC(74) Pause Young (Allocation Failure) 45M->38M(57M) 1.431ms
[2026-06-17T10:05:21.175+0800][1.967s][info][gc,cpu         ] GC(74) User=0.00s Sys=0.00s Real=0.00s
[2026-06-17T10:05:21.186+0800][1.978s][info][gc,start       ] GC(75) Pause Young (Allocation Failure)
[2026-06-17T10:05:21.187+0800][1.980s][info][gc,heap        ] GC(75) PSYoungGen: 10026K(14336K)->6556K(13824K) Eden: 7156K(7168K)->0K(7168K) From: 2869K(7168K)->6556K(6656K)
[2026-06-17T10:05:21.188+0800][1.981s][info][gc,heap        ] GC(75) ParOldGen: 36967K(44032K)->36967K(44032K)
[2026-06-17T10:05:21.191+0800][1.984s][info][gc,metaspace   ] GC(75) Metaspace: 107K(320K)->107K(320K) NonClass: 100K(192K)->100K(192K) Class: 7K(128K)->7K(128K)
[2026-06-17T10:05:21.191+0800][1.984s][info][gc             ] GC(75) Pause Young (Allocation Failure) 45M->42M(56M) 5.676ms
[2026-06-17T10:05:21.194+0800][1.987s][info][gc,cpu         ] GC(75) User=0.00s Sys=0.00s Real=0.01s
[2026-06-17T10:05:21.218+0800][2.011s][info][gc,start       ] GC(76) Pause Young (Allocation Failure)
[2026-06-17T10:05:21.220+0800][2.013s][info][gc,heap        ] GC(76) PSYoungGen: 13712K(13824K)->4646K(14336K) Eden: 7155K(7168K)->0K(7168K) From: 6556K(6656K)->4646K(7168K)
[2026-06-17T10:05:21.221+0800][2.013s][info][gc,heap        ] GC(76) ParOldGen: 36967K(44032K)->38540K(44032K)
[2026-06-17T10:05:21.221+0800][2.014s][info][gc,metaspace   ] GC(76) Metaspace: 107K(320K)->107K(320K) NonClass: 100K(192K)->100K(192K) Class: 7K(128K)->7K(128K)
[2026-06-17T10:05:21.222+0800][2.015s][info][gc             ] GC(76) Pause Young (Allocation Failure) 49M->42M(57M) 3.491ms
[2026-06-17T10:05:21.223+0800][2.015s][info][gc,cpu         ] GC(76) User=0.00s Sys=0.01s Real=0.01s
[2026-06-17T10:05:21.234+0800][2.027s][info][gc,start       ] GC(77) Pause Young (Allocation Failure)
[2026-06-17T10:05:21.236+0800][2.029s][info][gc,heap        ] GC(77) PSYoungGen: 11763K(14336K)->5286K(14336K) Eden: 7116K(7168K)->0K(7168K) From: 4646K(7168K)->5286K(7168K)
[2026-06-17T10:05:21.236+0800][2.029s][info][gc,heap        ] GC(77) ParOldGen: 38540K(44032K)->41563K(44032K)
[2026-06-17T10:05:21.237+0800][2.030s][info][gc,metaspace   ] GC(77) Metaspace: 107K(320K)->107K(320K) NonClass: 100K(192K)->100K(192K) Class: 7K(128K)->7K(128K)
[2026-06-17T10:05:21.238+0800][2.031s][info][gc             ] GC(77) Pause Young (Allocation Failure) 49M->45M(57M) 3.678ms
[2026-06-17T10:05:21.238+0800][2.031s][info][gc,cpu         ] GC(77) User=0.00s Sys=0.00s Real=0.00s
[2026-06-17T10:05:21.260+0800][2.053s][info][gc,start       ] GC(78) Pause Full (Allocation Failure)
[2026-06-17T10:05:21.261+0800][2.053s][info][gc,phases,start] GC(78) Marking Phase
[2026-06-17T10:05:21.262+0800][2.055s][info][gc,phases      ] GC(78) Marking Phase 1.348ms
[2026-06-17T10:05:21.263+0800][2.055s][info][gc,phases,start] GC(78) Summary Phase
[2026-06-17T10:05:21.263+0800][2.056s][info][gc,phases      ] GC(78) Summary Phase 0.560ms
[2026-06-17T10:05:21.264+0800][2.056s][info][gc,phases,start] GC(78) Forward
[2026-06-17T10:05:21.264+0800][2.057s][info][gc,phases      ] GC(78) Forward 0.685ms
[2026-06-17T10:05:21.265+0800][2.058s][info][gc,phases,start] GC(78) Adjust Pointers
[2026-06-17T10:05:21.266+0800][2.059s][info][gc,phases      ] GC(78) Adjust Pointers 0.936ms
[2026-06-17T10:05:21.266+0800][2.059s][info][gc,phases,start] GC(78) Compaction Phase
[2026-06-17T10:05:21.268+0800][2.061s][info][gc,phases      ] GC(78) Compaction Phase 1.851ms
[2026-06-17T10:05:21.269+0800][2.062s][info][gc,phases,start] GC(78) Post Compact
[2026-06-17T10:05:21.270+0800][2.062s][info][gc,phases      ] GC(78) Post Compact 0.705ms
[2026-06-17T10:05:21.270+0800][2.063s][info][gc,heap        ] GC(78) PSYoungGen: 12413K(14336K)->0K(14336K) Eden: 7127K(7168K)->0K(7168K) From: 5286K(7168K)->0K(7168K)
[2026-06-17T10:05:21.271+0800][2.063s][info][gc,heap        ] GC(78) ParOldGen: 41563K(44032K)->32376K(44032K)
[2026-06-17T10:05:21.271+0800][2.064s][info][gc,metaspace   ] GC(78) Metaspace: 107K(320K)->107K(320K) NonClass: 100K(192K)->100K(192K) Class: 7K(128K)->7K(128K)
[2026-06-17T10:05:21.272+0800][2.064s][info][gc             ] GC(78) Pause Full (Allocation Failure) 52M->31M(57M) 11.776ms
[2026-06-17T10:05:21.272+0800][2.065s][info][gc,cpu         ] GC(78) User=0.01s Sys=0.00s Real=0.02s
[2026-06-17T10:05:21.294+0800][2.086s][info][gc,start       ] GC(79) Pause Young (Allocation Failure)
[2026-06-17T10:05:21.295+0800][2.087s][info][gc,heap        ] GC(79) PSYoungGen: 7148K(14336K)->3838K(14336K) Eden: 7148K(7168K)->0K(7168K) From: 0K(7168K)->3838K(7168K)
[2026-06-17T10:05:21.295+0800][2.088s][info][gc,heap        ] GC(79) ParOldGen: 32376K(44032K)->32376K(44032K)
[2026-06-17T10:05:21.296+0800][2.088s][info][gc,metaspace   ] GC(79) Metaspace: 107K(320K)->107K(320K) NonClass: 100K(192K)->100K(192K) Class: 7K(128K)->7K(128K)
[2026-06-17T10:05:21.296+0800][2.089s][info][gc             ] GC(79) Pause Young (Allocation Failure) 38M->35M(57M) 2.675ms
[2026-06-17T10:05:21.297+0800][2.089s][info][gc,cpu         ] GC(79) User=0.00s Sys=0.00s Real=0.00s
[2026-06-17T10:05:21.308+0800][2.101s][info][gc,start       ] GC(80) Pause Young (Allocation Failure)
[2026-06-17T10:05:21.309+0800][2.102s][info][gc,heap        ] GC(80) PSYoungGen: 10911K(14336K)->4336K(14336K) Eden: 7072K(7168K)->0K(7168K) From: 3838K(7168K)->4336K(7168K)
[2026-06-17T10:05:21.310+0800][2.102s][info][gc,heap        ] GC(80) ParOldGen: 32376K(44032K)->32376K(44032K)
[2026-06-17T10:05:21.310+0800][2.103s][info][gc,metaspace   ] GC(80) Metaspace: 107K(320K)->107K(320K) NonClass: 100K(192K)->100K(192K) Class: 7K(128K)->7K(128K)
[2026-06-17T10:05:21.311+0800][2.103s][info][gc             ] GC(80) Pause Young (Allocation Failure) 42M->35M(57M) 2.827ms
[2026-06-17T10:05:21.311+0800][2.104s][info][gc,cpu         ] GC(80) User=0.00s Sys=0.00s Real=0.01s
[2026-06-17T10:05:21.333+0800][2.126s][info][gc,start       ] GC(81) Pause Young (Allocation Failure)
[2026-06-17T10:05:21.334+0800][2.127s][info][gc,heap        ] GC(81) PSYoungGen: 11497K(14336K)->3533K(14336K) Eden: 7160K(7168K)->0K(7168K) From: 4336K(7168K)->3533K(7168K)
[2026-06-17T10:05:21.334+0800][2.127s][info][gc,heap        ] GC(81) ParOldGen: 32376K(44032K)->36656K(44032K)
[2026-06-17T10:05:21.334+0800][2.127s][info][gc,metaspace   ] GC(81) Metaspace: 107K(320K)->107K(320K) NonClass: 100K(192K)->100K(192K) Class: 7K(128K)->7K(128K)
[2026-06-17T10:05:21.335+0800][2.127s][info][gc             ] GC(81) Pause Young (Allocation Failure) 42M->39M(57M) 1.663ms
[2026-06-17T10:05:21.335+0800][2.128s][info][gc,cpu         ] GC(81) User=0.00s Sys=0.00s Real=0.00s
[2026-06-17T10:05:21.356+0800][2.149s][info][gc,start       ] GC(82) Pause Young (Allocation Failure)
[2026-06-17T10:05:21.357+0800][2.150s][info][gc,heap        ] GC(82) PSYoungGen: 10687K(14336K)->3613K(14336K) Eden: 7154K(7168K)->0K(7168K) From: 3533K(7168K)->3613K(7168K)
[2026-06-17T10:05:21.357+0800][2.150s][info][gc,heap        ] GC(82) ParOldGen: 36656K(44032K)->36656K(44032K)
[2026-06-17T10:05:21.357+0800][2.150s][info][gc,metaspace   ] GC(82) Metaspace: 107K(320K)->107K(320K) NonClass: 100K(192K)->100K(192K) Class: 7K(128K)->7K(128K)
[2026-06-17T10:05:21.357+0800][2.150s][info][gc             ] GC(82) Pause Young (Allocation Failure) 46M->39M(57M) 1.568ms
[2026-06-17T10:05:21.358+0800][2.150s][info][gc,cpu         ] GC(82) User=0.00s Sys=0.00s Real=0.00s
[2026-06-17T10:05:21.379+0800][2.171s][info][gc,start       ] GC(83) Pause Young (Allocation Failure)
[2026-06-17T10:05:21.380+0800][2.172s][info][gc,heap        ] GC(83) PSYoungGen: 10752K(14336K)->3775K(14848K) Eden: 7139K(7168K)->0K(7680K) From: 3613K(7168K)->3775K(7168K)
[2026-06-17T10:05:21.380+0800][2.173s][info][gc,heap        ] GC(83) ParOldGen: 36656K(44032K)->36656K(44032K)
[2026-06-17T10:05:21.380+0800][2.173s][info][gc,metaspace   ] GC(83) Metaspace: 107K(320K)->107K(320K) NonClass: 100K(192K)->100K(192K) Class: 7K(128K)->7K(128K)
[2026-06-17T10:05:21.380+0800][2.173s][info][gc             ] GC(83) Pause Young (Allocation Failure) 46M->39M(57M) 1.576ms
[2026-06-17T10:05:21.380+0800][2.173s][info][gc,cpu         ] GC(83) User=0.00s Sys=0.00s Real=0.00s
[2026-06-17T10:05:21.402+0800][2.194s][info][gc,start       ] GC(84) Pause Young (Allocation Failure)
[2026-06-17T10:05:21.402+0800][2.195s][info][gc,heap        ] GC(84) PSYoungGen: 11449K(14848K)->4416K(14336K) Eden: 7673K(7680K)->0K(7680K) From: 3775K(7168K)->4416K(6656K)
[2026-06-17T10:05:21.403+0800][2.195s][info][gc,heap        ] GC(84) ParOldGen: 36656K(44032K)->36656K(44032K)
[2026-06-17T10:05:21.403+0800][2.196s][info][gc,metaspace   ] GC(84) Metaspace: 107K(320K)->107K(320K) NonClass: 100K(192K)->100K(192K) Class: 7K(128K)->7K(128K)
[2026-06-17T10:05:21.403+0800][2.196s][info][gc             ] GC(84) Pause Young (Allocation Failure) 46M->40M(57M) 1.597ms
[2026-06-17T10:05:21.404+0800][2.196s][info][gc,cpu         ] GC(84) User=0.00s Sys=0.00s Real=0.01s
[2026-06-17T10:05:21.415+0800][2.207s][info][gc,start       ] GC(85) Pause Young (Allocation Failure)
[2026-06-17T10:05:21.416+0800][2.209s][info][gc,heap        ] GC(85) PSYoungGen: 11894K(14336K)->4889K(14848K) Eden: 7478K(7680K)->0K(8192K) From: 4416K(6656K)->4889K(6656K)
[2026-06-17T10:05:21.416+0800][2.209s][info][gc,heap        ] GC(85) ParOldGen: 36656K(44032K)->36656K(44032K)
[2026-06-17T10:05:21.416+0800][2.209s][info][gc,metaspace   ] GC(85) Metaspace: 107K(320K)->107K(320K) NonClass: 100K(192K)->100K(192K) Class: 7K(128K)->7K(128K)
[2026-06-17T10:05:21.416+0800][2.209s][info][gc             ] GC(85) Pause Young (Allocation Failure) 47M->40M(57M) 1.733ms
[2026-06-17T10:05:21.416+0800][2.209s][info][gc,cpu         ] GC(85) User=0.00s Sys=0.00s Real=0.00s
[2026-06-17T10:05:21.437+0800][2.230s][info][gc,start       ] GC(86) Pause Young (Allocation Failure)
[2026-06-17T10:05:21.439+0800][2.231s][info][gc,heap        ] GC(86) PSYoungGen: 13072K(14848K)->6645K(14848K) Eden: 8183K(8192K)->0K(8192K) From: 4889K(6656K)->6645K(6656K)
[2026-06-17T10:05:21.439+0800][2.232s][info][gc,heap        ] GC(86) ParOldGen: 36656K(44032K)->39505K(44032K)
[2026-06-17T10:05:21.439+0800][2.232s][info][gc,metaspace   ] GC(86) Metaspace: 107K(320K)->107K(320K) NonClass: 100K(192K)->100K(192K) Class: 7K(128K)->7K(128K)
[2026-06-17T10:05:21.439+0800][2.232s][info][gc             ] GC(86) Pause Young (Allocation Failure) 48M->45M(57M) 2.092ms
[2026-06-17T10:05:21.440+0800][2.232s][info][gc,cpu         ] GC(86) User=0.00s Sys=0.00s Real=0.00s
[2026-06-17T10:05:21.461+0800][2.254s][info][gc,start       ] GC(87) Pause Full (Allocation Failure)
[2026-06-17T10:05:21.461+0800][2.254s][info][gc,phases,start] GC(87) Marking Phase
[2026-06-17T10:05:21.462+0800][2.255s][info][gc,phases      ] GC(87) Marking Phase 1.029ms
[2026-06-17T10:05:21.463+0800][2.255s][info][gc,phases,start] GC(87) Summary Phase
[2026-06-17T10:05:21.463+0800][2.256s][info][gc,phases      ] GC(87) Summary Phase 0.161ms
[2026-06-17T10:05:21.463+0800][2.256s][info][gc,phases,start] GC(87) Forward
[2026-06-17T10:05:21.464+0800][2.256s][info][gc,phases      ] GC(87) Forward 0.363ms
[2026-06-17T10:05:21.464+0800][2.257s][info][gc,phases,start] GC(87) Adjust Pointers
[2026-06-17T10:05:21.464+0800][2.257s][info][gc,phases      ] GC(87) Adjust Pointers 0.611ms
[2026-06-17T10:05:21.465+0800][2.257s][info][gc,phases,start] GC(87) Compaction Phase
[2026-06-17T10:05:21.467+0800][2.259s][info][gc,phases      ] GC(87) Compaction Phase 1.819ms
[2026-06-17T10:05:21.467+0800][2.260s][info][gc,phases,start] GC(87) Post Compact
[2026-06-17T10:05:21.467+0800][2.260s][info][gc,phases      ] GC(87) Post Compact 0.200ms
[2026-06-17T10:05:21.467+0800][2.260s][info][gc,heap        ] GC(87) PSYoungGen: 14805K(14848K)->0K(13824K) Eden: 8160K(8192K)->0K(7168K) From: 6645K(6656K)->0K(6656K)
[2026-06-17T10:05:21.467+0800][2.260s][info][gc,heap        ] GC(87) ParOldGen: 39505K(44032K)->28717K(44032K)
[2026-06-17T10:05:21.468+0800][2.260s][info][gc,metaspace   ] GC(87) Metaspace: 107K(320K)->107K(320K) NonClass: 100K(192K)->100K(192K) Class: 7K(128K)->7K(128K)
[2026-06-17T10:05:21.468+0800][2.260s][info][gc             ] GC(87) Pause Full (Allocation Failure) 53M->28M(56M) 6.586ms
[2026-06-17T10:05:21.468+0800][2.261s][info][gc,cpu         ] GC(87) User=0.01s Sys=0.00s Real=0.01s
[2026-06-17T10:05:21.489+0800][2.282s][info][gc,start       ] GC(88) Pause Young (Allocation Failure)
[2026-06-17T10:05:21.490+0800][2.282s][info][gc,heap        ] GC(88) PSYoungGen: 7137K(13824K)->3530K(14336K) Eden: 7137K(7168K)->0K(7168K) From: 0K(6656K)->3530K(7168K)
[2026-06-17T10:05:21.490+0800][2.283s][info][gc,heap        ] GC(88) ParOldGen: 28717K(44032K)->28717K(44032K)
[2026-06-17T10:05:21.490+0800][2.283s][info][gc,metaspace   ] GC(88) Metaspace: 107K(320K)->107K(320K) NonClass: 100K(192K)->100K(192K) Class: 7K(128K)->7K(128K)
[2026-06-17T10:05:21.490+0800][2.283s][info][gc             ] GC(88) Pause Young (Allocation Failure) 35M->31M(57M) 1.459ms
[2026-06-17T10:05:21.490+0800][2.283s][info][gc,cpu         ] GC(88) User=0.00s Sys=0.00s Real=0.01s
[2026-06-17T10:05:21.512+0800][2.304s][info][gc,start       ] GC(89) Pause Young (Allocation Failure)
[2026-06-17T10:05:21.513+0800][2.305s][info][gc,heap        ] GC(89) PSYoungGen: 10653K(14336K)->3807K(14336K) Eden: 7123K(7168K)->0K(7168K) From: 3530K(7168K)->3807K(7168K)
[2026-06-17T10:05:21.513+0800][2.306s][info][gc,heap        ] GC(89) ParOldGen: 28717K(44032K)->28717K(44032K)
[2026-06-17T10:05:21.513+0800][2.306s][info][gc,metaspace   ] GC(89) Metaspace: 107K(320K)->107K(320K) NonClass: 100K(192K)->100K(192K) Class: 7K(128K)->7K(128K)
[2026-06-17T10:05:21.513+0800][2.306s][info][gc             ] GC(89) Pause Young (Allocation Failure) 38M->31M(57M) 1.536ms
[2026-06-17T10:05:21.513+0800][2.306s][info][gc,cpu         ] GC(89) User=0.00s Sys=0.00s Real=0.00s
[2026-06-17T10:05:21.524+0800][2.317s][info][gc,start       ] GC(90) Pause Young (Allocation Failure)
[2026-06-17T10:05:21.525+0800][2.318s][info][gc,heap        ] GC(90) PSYoungGen: 10937K(14336K)->4204K(14336K) Eden: 7129K(7168K)->0K(7168K) From: 3807K(7168K)->4204K(7168K)
[2026-06-17T10:05:21.526+0800][2.318s][info][gc,heap        ] GC(90) ParOldGen: 28717K(44032K)->28717K(44032K)
[2026-06-17T10:05:21.526+0800][2.319s][info][gc,metaspace   ] GC(90) Metaspace: 108K(320K)->108K(320K) NonClass: 101K(192K)->101K(192K) Class: 7K(128K)->7K(128K)
[2026-06-17T10:05:21.526+0800][2.319s][info][gc             ] GC(90) Pause Young (Allocation Failure) 38M->32M(57M) 1.659ms
[2026-06-17T10:05:21.526+0800][2.319s][info][gc,cpu         ] GC(90) User=0.00s Sys=0.00s Real=0.00s
[2026-06-17T10:05:21.547+0800][2.340s][info][gc,start       ] GC(91) Pause Young (Allocation Failure)
[2026-06-17T10:05:21.549+0800][2.342s][info][gc,heap        ] GC(91) PSYoungGen: 11345K(14336K)->6640K(13824K) Eden: 7141K(7168K)->0K(7168K) From: 4204K(7168K)->6640K(6656K)
[2026-06-17T10:05:21.549+0800][2.342s][info][gc,heap        ] GC(91) ParOldGen: 28717K(44032K)->30017K(44032K)
[2026-06-17T10:05:21.549+0800][2.342s][info][gc,metaspace   ] GC(91) Metaspace: 108K(320K)->108K(320K) NonClass: 101K(192K)->101K(192K) Class: 7K(128K)->7K(128K)
[2026-06-17T10:05:21.550+0800][2.342s][info][gc             ] GC(91) Pause Young (Allocation Failure) 39M->35M(56M) 2.333ms
[2026-06-17T10:05:21.550+0800][2.343s][info][gc,cpu         ] GC(91) User=0.00s Sys=0.00s Real=0.00s
[2026-06-17T10:05:21.571+0800][2.364s][info][gc,start       ] GC(92) Pause Young (Allocation Failure)
[2026-06-17T10:05:21.572+0800][2.365s][info][gc,heap        ] GC(92) PSYoungGen: 13806K(13824K)->6568K(14336K) Eden: 7165K(7168K)->0K(7168K) From: 6640K(6656K)->6568K(7168K)
[2026-06-17T10:05:21.573+0800][2.365s][info][gc,heap        ] GC(92) ParOldGen: 30017K(44032K)->30017K(44032K)
[2026-06-17T10:05:21.573+0800][2.366s][info][gc,metaspace   ] GC(92) Metaspace: 108K(320K)->108K(320K) NonClass: 101K(192K)->101K(192K) Class: 7K(128K)->7K(128K)
[2026-06-17T10:05:21.573+0800][2.366s][info][gc             ] GC(92) Pause Young (Allocation Failure) 42M->35M(57M) 2.168ms
[2026-06-17T10:05:21.573+0800][2.366s][info][gc,cpu         ] GC(92) User=0.00s Sys=0.00s Real=0.00s
[2026-06-17T10:05:21.595+0800][2.387s][info][gc,start       ] GC(93) Pause Young (Allocation Failure)
[2026-06-17T10:05:21.596+0800][2.388s][info][gc,heap        ] GC(93) PSYoungGen: 13725K(14336K)->6647K(14336K) Eden: 7156K(7168K)->0K(7168K) From: 6568K(7168K)->6647K(7168K)
[2026-06-17T10:05:21.596+0800][2.389s][info][gc,heap        ] GC(93) ParOldGen: 30017K(44032K)->30017K(44032K)
[2026-06-17T10:05:21.596+0800][2.389s][info][gc,metaspace   ] GC(93) Metaspace: 108K(320K)->108K(320K) NonClass: 101K(192K)->101K(192K) Class: 7K(128K)->7K(128K)
[2026-06-17T10:05:21.596+0800][2.389s][info][gc             ] GC(93) Pause Young (Allocation Failure) 42M->35M(57M) 1.713ms
[2026-06-17T10:05:21.597+0800][2.390s][info][gc,cpu         ] GC(93) User=0.00s Sys=0.00s Real=0.00s
[2026-06-17T10:05:21.608+0800][2.401s][info][gc,start       ] GC(94) Pause Young (Allocation Failure)
[2026-06-17T10:05:21.609+0800][2.402s][info][gc,heap        ] GC(94) PSYoungGen: 13782K(14336K)->7120K(14336K) Eden: 7134K(7168K)->0K(7168K) From: 6647K(7168K)->7120K(7168K)
[2026-06-17T10:05:21.610+0800][2.403s][info][gc,heap        ] GC(94) ParOldGen: 30017K(44032K)->33385K(44032K)
[2026-06-17T10:05:21.610+0800][2.403s][info][gc,metaspace   ] GC(94) Metaspace: 108K(320K)->108K(320K) NonClass: 101K(192K)->101K(192K) Class: 7K(128K)->7K(128K)
[2026-06-17T10:05:21.610+0800][2.403s][info][gc             ] GC(94) Pause Young (Allocation Failure) 42M->39M(57M) 2.296ms
[2026-06-17T10:05:21.611+0800][2.403s][info][gc,cpu         ] GC(94) User=0.00s Sys=0.00s Real=0.01s
[2026-06-17T10:05:21.632+0800][2.425s][info][gc,start       ] GC(95) Pause Young (Allocation Failure)
[2026-06-17T10:05:21.633+0800][2.426s][info][gc,heap        ] GC(95) PSYoungGen: 14260K(14336K)->6666K(14336K) Eden: 7140K(7168K)->0K(7168K) From: 7120K(7168K)->6666K(7168K)
[2026-06-17T10:05:21.634+0800][2.427s][info][gc,heap        ] GC(95) ParOldGen: 33385K(44032K)->34094K(44032K)
[2026-06-17T10:05:21.634+0800][2.427s][info][gc,metaspace   ] GC(95) Metaspace: 108K(320K)->108K(320K) NonClass: 101K(192K)->101K(192K) Class: 7K(128K)->7K(128K)
[2026-06-17T10:05:21.635+0800][2.428s][info][gc             ] GC(95) Pause Young (Allocation Failure) 46M->39M(57M) 3.048ms
[2026-06-17T10:05:21.635+0800][2.428s][info][gc,cpu         ] GC(95) User=0.01s Sys=0.00s Real=0.00s
[2026-06-17T10:05:21.656+0800][2.449s][info][gc,start       ] GC(96) Pause Young (Allocation Failure)
[2026-06-17T10:05:21.657+0800][2.450s][info][gc,heap        ] GC(96) PSYoungGen: 13819K(14336K)->4852K(14336K) Eden: 7152K(7168K)->0K(7168K) From: 6666K(7168K)->4852K(7168K)
[2026-06-17T10:05:21.658+0800][2.450s][info][gc,heap        ] GC(96) ParOldGen: 34094K(44032K)->36170K(44032K)
[2026-06-17T10:05:21.658+0800][2.451s][info][gc,metaspace   ] GC(96) Metaspace: 108K(320K)->108K(320K) NonClass: 101K(192K)->101K(192K) Class: 7K(128K)->7K(128K)
[2026-06-17T10:05:21.658+0800][2.451s][info][gc             ] GC(96) Pause Young (Allocation Failure) 46M->40M(57M) 1.648ms
[2026-06-17T10:05:21.658+0800][2.451s][info][gc,cpu         ] GC(96) User=0.00s Sys=0.00s Real=0.00s
[2026-06-17T10:05:21.669+0800][2.462s][info][gc,start       ] GC(97) Pause Young (Allocation Failure)
[2026-06-17T10:05:21.670+0800][2.463s][info][gc,heap        ] GC(97) PSYoungGen: 11877K(14336K)->2617K(14336K) Eden: 7025K(7168K)->0K(7168K) From: 4852K(7168K)->2617K(7168K)
[2026-06-17T10:05:21.671+0800][2.464s][info][gc,heap        ] GC(97) ParOldGen: 36170K(44032K)->38636K(44032K)
[2026-06-17T10:05:21.671+0800][2.464s][info][gc,metaspace   ] GC(97) Metaspace: 108K(320K)->108K(320K) NonClass: 101K(192K)->101K(192K) Class: 7K(128K)->7K(128K)
[2026-06-17T10:05:21.671+0800][2.464s][info][gc             ] GC(97) Pause Young (Allocation Failure) 46M->40M(57M) 1.958ms
[2026-06-17T10:05:21.671+0800][2.464s][info][gc,cpu         ] GC(97) User=0.00s Sys=0.00s Real=0.01s
[2026-06-17T10:05:21.693+0800][2.486s][info][gc,start       ] GC(98) Pause Young (Allocation Failure)
[2026-06-17T10:05:21.694+0800][2.487s][info][gc,heap        ] GC(98) PSYoungGen: 9752K(14336K)->3717K(14336K) Eden: 7135K(7168K)->0K(7168K) From: 2617K(7168K)->3717K(7168K)
[2026-06-17T10:05:21.695+0800][2.487s][info][gc,heap        ] GC(98) ParOldGen: 38636K(44032K)->41206K(44032K)
[2026-06-17T10:05:21.695+0800][2.488s][info][gc,metaspace   ] GC(98) Metaspace: 108K(320K)->108K(320K) NonClass: 101K(192K)->101K(192K) Class: 7K(128K)->7K(128K)
[2026-06-17T10:05:21.695+0800][2.488s][info][gc             ] GC(98) Pause Young (Allocation Failure) 47M->43M(57M) 2.200ms
[2026-06-17T10:05:21.695+0800][2.488s][info][gc,cpu         ] GC(98) User=0.00s Sys=0.00s Real=0.00s
[2026-06-17T10:05:21.717+0800][2.509s][info][gc,start       ] GC(99) Pause Full (Allocation Failure)
[2026-06-17T10:05:21.717+0800][2.510s][info][gc,phases,start] GC(99) Marking Phase
[2026-06-17T10:05:21.718+0800][2.511s][info][gc,phases      ] GC(99) Marking Phase 0.892ms
[2026-06-17T10:05:21.718+0800][2.511s][info][gc,phases,start] GC(99) Summary Phase
[2026-06-17T10:05:21.719+0800][2.512s][info][gc,phases      ] GC(99) Summary Phase 0.374ms
[2026-06-17T10:05:21.719+0800][2.512s][info][gc,phases,start] GC(99) Forward
[2026-06-17T10:05:21.719+0800][2.512s][info][gc,phases      ] GC(99) Forward 0.425ms
[2026-06-17T10:05:21.720+0800][2.512s][info][gc,phases,start] GC(99) Adjust Pointers
[2026-06-17T10:05:21.720+0800][2.513s][info][gc,phases      ] GC(99) Adjust Pointers 0.508ms
[2026-06-17T10:05:21.720+0800][2.513s][info][gc,phases,start] GC(99) Compaction Phase
[2026-06-17T10:05:21.722+0800][2.514s][info][gc,phases      ] GC(99) Compaction Phase 1.317ms
[2026-06-17T10:05:21.722+0800][2.515s][info][gc,phases,start] GC(99) Post Compact
[2026-06-17T10:05:21.722+0800][2.515s][info][gc,phases      ] GC(99) Post Compact 0.180ms
[2026-06-17T10:05:21.722+0800][2.515s][info][gc,heap        ] GC(99) PSYoungGen: 10876K(14336K)->0K(14336K) Eden: 7158K(7168K)->0K(7168K) From: 3717K(7168K)->0K(7168K)
[2026-06-17T10:05:21.722+0800][2.515s][info][gc,heap        ] GC(99) ParOldGen: 41206K(44032K)->22962K(44032K)
[2026-06-17T10:05:21.723+0800][2.515s][info][gc,metaspace   ] GC(99) Metaspace: 108K(320K)->108K(320K) NonClass: 101K(192K)->101K(192K) Class: 7K(128K)->7K(128K)
[2026-06-17T10:05:21.723+0800][2.516s][info][gc             ] GC(99) Pause Full (Allocation Failure) 50M->22M(57M) 6.239ms
[2026-06-17T10:05:21.723+0800][2.516s][info][gc,cpu         ] GC(99) User=0.01s Sys=0.00s Real=0.01s
[2026-06-17T10:05:21.744+0800][2.537s][info][gc,start       ] GC(100) Pause Young (Allocation Failure)
[2026-06-17T10:05:21.745+0800][2.538s][info][gc,heap        ] GC(100) PSYoungGen: 7146K(14336K)->3779K(14336K) Eden: 7146K(7168K)->0K(7168K) From: 0K(7168K)->3779K(7168K)
[2026-06-17T10:05:21.745+0800][2.538s][info][gc,heap        ] GC(100) ParOldGen: 22962K(44032K)->22962K(44032K)
[2026-06-17T10:05:21.745+0800][2.538s][info][gc,metaspace   ] GC(100) Metaspace: 108K(320K)->108K(320K) NonClass: 101K(192K)->101K(192K) Class: 7K(128K)->7K(128K)
[2026-06-17T10:05:21.746+0800][2.538s][info][gc             ] GC(100) Pause Young (Allocation Failure) 29M->26M(57M) 1.370ms
[2026-06-17T10:05:21.746+0800][2.538s][info][gc,cpu         ] GC(100) User=0.00s Sys=0.00s Real=0.00s
[2026-06-17T10:05:21.757+0800][2.549s][info][gc,start       ] GC(101) Pause Young (Allocation Failure)
[2026-06-17T10:05:21.758+0800][2.551s][info][gc,heap        ] GC(101) PSYoungGen: 10905K(14336K)->4727K(14336K) Eden: 7125K(7168K)->0K(7168K) From: 3779K(7168K)->4727K(7168K)
[2026-06-17T10:05:21.762+0800][2.554s][info][gc,heap        ] GC(101) ParOldGen: 22962K(44032K)->25772K(44032K)
[2026-06-17T10:05:21.763+0800][2.556s][info][gc,metaspace   ] GC(101) Metaspace: 108K(320K)->108K(320K) NonClass: 101K(192K)->101K(192K) Class: 7K(128K)->7K(128K)
[2026-06-17T10:05:21.763+0800][2.556s][info][gc             ] GC(101) Pause Young (Allocation Failure) 33M->29M(57M) 6.533ms
[2026-06-17T10:05:21.763+0800][2.556s][info][gc,cpu         ] GC(101) User=0.00s Sys=0.00s Real=0.01s
[2026-06-17T10:05:21.784+0800][2.577s][info][gc,start       ] GC(102) Pause Young (Allocation Failure)
[2026-06-17T10:05:21.786+0800][2.579s][info][gc,heap        ] GC(102) PSYoungGen: 11881K(14336K)->2883K(14336K) Eden: 7153K(7168K)->0K(7168K) From: 4727K(7168K)->2883K(7168K)
[2026-06-17T10:05:21.786+0800][2.579s][info][gc,heap        ] GC(102) ParOldGen: 25772K(44032K)->27967K(44032K)
[2026-06-17T10:05:21.787+0800][2.579s][info][gc,metaspace   ] GC(102) Metaspace: 108K(320K)->108K(320K) NonClass: 101K(192K)->101K(192K) Class: 7K(128K)->7K(128K)
[2026-06-17T10:05:21.787+0800][2.580s][info][gc             ] GC(102) Pause Young (Allocation Failure) 36M->30M(57M) 2.359ms
[2026-06-17T10:05:21.787+0800][2.580s][info][gc,cpu         ] GC(102) User=0.00s Sys=0.00s Real=0.00s
[2026-06-17T10:05:21.808+0800][2.601s][info][gc,start       ] GC(103) Pause Young (Allocation Failure)
[2026-06-17T10:05:21.809+0800][2.602s][info][gc,heap        ] GC(103) PSYoungGen: 10049K(14336K)->3108K(14336K) Eden: 7166K(7168K)->0K(7168K) From: 2883K(7168K)->3108K(7168K)
[2026-06-17T10:05:21.810+0800][2.603s][info][gc,heap        ] GC(103) ParOldGen: 27967K(44032K)->27967K(44032K)
[2026-06-17T10:05:21.813+0800][2.606s][info][gc,metaspace   ] GC(103) Metaspace: 111K(320K)->111K(320K) NonClass: 104K(192K)->104K(192K) Class: 7K(128K)->7K(128K)
[2026-06-17T10:05:21.815+0800][2.608s][info][gc             ] GC(103) Pause Young (Allocation Failure) 37M->30M(57M) 6.875ms
[2026-06-17T10:05:21.816+0800][2.609s][info][gc,cpu         ] GC(103) User=0.01s Sys=0.00s Real=0.01s
[2026-06-17T10:05:21.829+0800][2.622s][info][gc,start       ] GC(104) Pause Young (Allocation Failure)
[2026-06-17T10:05:21.830+0800][2.623s][info][gc,heap        ] GC(104) PSYoungGen: 10156K(14336K)->1474K(14336K) Eden: 7048K(7168K)->0K(7168K) From: 3108K(7168K)->1474K(7168K)
[2026-06-17T10:05:21.830+0800][2.623s][info][gc,heap        ] GC(104) ParOldGen: 27967K(44032K)->29561K(44032K)
[2026-06-17T10:05:21.831+0800][2.624s][info][gc,metaspace   ] GC(104) Metaspace: 111K(320K)->111K(320K) NonClass: 104K(192K)->104K(192K) Class: 7K(128K)->7K(128K)
[2026-06-17T10:05:21.831+0800][2.624s][info][gc             ] GC(104) Pause Young (Allocation Failure) 37M->30M(57M) 1.877ms
[2026-06-17T10:05:21.831+0800][2.624s][info][gc,cpu         ] GC(104) User=0.00s Sys=0.00s Real=0.01s
[2026-06-17T10:05:21.852+0800][2.645s][info][gc,start       ] GC(105) Pause Young (Allocation Failure)
[2026-06-17T10:05:21.853+0800][2.646s][info][gc,heap        ] GC(105) PSYoungGen: 8611K(14336K)->5312K(14336K) Eden: 7137K(7168K)->0K(7168K) From: 1474K(7168K)->5312K(7168K)
[2026-06-17T10:05:21.853+0800][2.646s][info][gc,heap        ] GC(105) ParOldGen: 29561K(44032K)->29561K(44032K)
[2026-06-17T10:05:21.854+0800][2.647s][info][gc,metaspace   ] GC(105) Metaspace: 111K(320K)->111K(320K) NonClass: 104K(192K)->104K(192K) Class: 7K(128K)->7K(128K)
[2026-06-17T10:05:21.854+0800][2.647s][info][gc             ] GC(105) Pause Young (Allocation Failure) 37M->34M(57M) 1.855ms
[2026-06-17T10:05:21.854+0800][2.647s][info][gc,cpu         ] GC(105) User=0.00s Sys=0.00s Real=0.00s
[2026-06-17T10:05:21.875+0800][2.668s][info][gc,start       ] GC(106) Pause Young (Allocation Failure)
[2026-06-17T10:05:21.877+0800][2.670s][info][gc,heap        ] GC(106) PSYoungGen: 12473K(14336K)->2284K(14336K) Eden: 7161K(7168K)->0K(7168K) From: 5312K(7168K)->2284K(7168K)
[2026-06-17T10:05:21.877+0800][2.670s][info][gc,heap        ] GC(106) ParOldGen: 29561K(44032K)->32432K(44032K)
[2026-06-17T10:05:21.878+0800][2.670s][info][gc,metaspace   ] GC(106) Metaspace: 111K(320K)->111K(320K) NonClass: 104K(192K)->104K(192K) Class: 7K(128K)->7K(128K)
[2026-06-17T10:05:21.878+0800][2.671s][info][gc             ] GC(106) Pause Young (Allocation Failure) 41M->33M(57M) 2.400ms
[2026-06-17T10:05:21.878+0800][2.671s][info][gc,cpu         ] GC(106) User=0.00s Sys=0.00s Real=0.00s
[2026-06-17T10:05:21.899+0800][2.692s][info][gc,start       ] GC(107) Pause Young (Allocation Failure)
[2026-06-17T10:05:21.900+0800][2.693s][info][gc,heap        ] GC(107) PSYoungGen: 9436K(14336K)->2544K(14336K) Eden: 7152K(7168K)->0K(7168K) From: 2284K(7168K)->2544K(7168K)
[2026-06-17T10:05:21.900+0800][2.693s][info][gc,heap        ] GC(107) ParOldGen: 32432K(44032K)->32432K(44032K)
[2026-06-17T10:05:21.901+0800][2.693s][info][gc,metaspace   ] GC(107) Metaspace: 111K(320K)->111K(320K) NonClass: 104K(192K)->104K(192K) Class: 7K(128K)->7K(128K)
[2026-06-17T10:05:21.901+0800][2.694s][info][gc             ] GC(107) Pause Young (Allocation Failure) 40M->34M(57M) 1.767ms
[2026-06-17T10:05:21.901+0800][2.694s][info][gc,cpu         ] GC(107) User=0.00s Sys=0.00s Real=0.00s
[2026-06-17T10:05:21.912+0800][2.705s][info][gc,start       ] GC(108) Pause Young (Allocation Failure)
[2026-06-17T10:05:21.913+0800][2.706s][info][gc,heap        ] GC(108) PSYoungGen: 9694K(14336K)->3983K(14336K) Eden: 7150K(7168K)->0K(7168K) From: 2544K(7168K)->3983K(7168K)
[2026-06-17T10:05:21.914+0800][2.706s][info][gc,heap        ] GC(108) ParOldGen: 32432K(44032K)->34660K(44032K)
[2026-06-17T10:05:21.914+0800][2.707s][info][gc,metaspace   ] GC(108) Metaspace: 111K(320K)->111K(320K) NonClass: 104K(192K)->104K(192K) Class: 7K(128K)->7K(128K)
[2026-06-17T10:05:21.915+0800][2.707s][info][gc             ] GC(108) Pause Young (Allocation Failure) 41M->37M(57M) 2.686ms
[2026-06-17T10:05:21.915+0800][2.708s][info][gc,cpu         ] GC(108) User=0.00s Sys=0.00s Real=0.00s
[2026-06-17T10:05:21.936+0800][2.729s][info][gc,start       ] GC(109) Pause Young (Allocation Failure)
[2026-06-17T10:05:21.938+0800][2.731s][info][gc,heap        ] GC(109) PSYoungGen: 11138K(14336K)->2411K(14336K) Eden: 7155K(7168K)->0K(7168K) From: 3983K(7168K)->2411K(7168K)
[2026-06-17T10:05:21.939+0800][2.731s][info][gc,heap        ] GC(109) ParOldGen: 34660K(44032K)->36572K(44032K)
[2026-06-17T10:05:21.939+0800][2.732s][info][gc,metaspace   ] GC(109) Metaspace: 111K(320K)->111K(320K) NonClass: 104K(192K)->104K(192K) Class: 7K(128K)->7K(128K)
[2026-06-17T10:05:21.939+0800][2.732s][info][gc             ] GC(109) Pause Young (Allocation Failure) 44M->38M(57M) 2.808ms
[2026-06-17T10:05:21.939+0800][2.732s][info][gc,cpu         ] GC(109) User=0.01s Sys=0.00s Real=0.00s
[2026-06-17T10:05:21.960+0800][2.753s][info][gc,start       ] GC(110) Pause Young (Allocation Failure)
[2026-06-17T10:05:21.961+0800][2.754s][info][gc,heap        ] GC(110) PSYoungGen: 9571K(14336K)->2475K(14336K) Eden: 7159K(7168K)->0K(7168K) From: 2411K(7168K)->2475K(7168K)
[2026-06-17T10:05:21.962+0800][2.754s][info][gc,heap        ] GC(110) ParOldGen: 36572K(44032K)->36572K(44032K)
[2026-06-17T10:05:21.962+0800][2.755s][info][gc,metaspace   ] GC(110) Metaspace: 111K(320K)->111K(320K) NonClass: 104K(192K)->104K(192K) Class: 7K(128K)->7K(128K)
[2026-06-17T10:05:21.962+0800][2.755s][info][gc             ] GC(110) Pause Young (Allocation Failure) 45M->38M(57M) 1.665ms
[2026-06-17T10:05:21.962+0800][2.755s][info][gc,cpu         ] GC(110) User=0.00s Sys=0.00s Real=0.00s
[2026-06-17T10:05:21.973+0800][2.766s][info][gc,start       ] GC(111) Pause Young (Allocation Failure)
[2026-06-17T10:05:21.974+0800][2.767s][info][gc,heap        ] GC(111) PSYoungGen: 9524K(14336K)->457K(14336K) Eden: 7048K(7168K)->0K(7168K) From: 2475K(7168K)->457K(7168K)
[2026-06-17T10:05:21.974+0800][2.767s][info][gc,heap        ] GC(111) ParOldGen: 36572K(44032K)->38546K(44032K)
[2026-06-17T10:05:21.975+0800][2.767s][info][gc,metaspace   ] GC(111) Metaspace: 111K(320K)->111K(320K) NonClass: 104K(192K)->104K(192K) Class: 7K(128K)->7K(128K)
[2026-06-17T10:05:21.975+0800][2.768s][info][gc             ] GC(111) Pause Young (Allocation Failure) 45M->38M(57M) 1.549ms
[2026-06-17T10:05:21.975+0800][2.768s][info][gc,cpu         ] GC(111) User=0.00s Sys=0.00s Real=0.00s
[2026-06-17T10:05:21.996+0800][2.789s][info][gc,start       ] GC(112) Pause Young (Allocation Failure)
[2026-06-17T10:05:21.997+0800][2.790s][info][gc,heap        ] GC(112) PSYoungGen: 7590K(14336K)->3834K(14336K) Eden: 7133K(7168K)->0K(7168K) From: 457K(7168K)->3834K(7168K)
[2026-06-17T10:05:21.998+0800][2.790s][info][gc,heap        ] GC(112) ParOldGen: 38546K(44032K)->38979K(44032K)
[2026-06-17T10:05:21.998+0800][2.791s][info][gc,metaspace   ] GC(112) Metaspace: 111K(320K)->111K(320K) NonClass: 104K(192K)->104K(192K) Class: 7K(128K)->7K(128K)
[2026-06-17T10:05:21.998+0800][2.791s][info][gc             ] GC(112) Pause Young (Allocation Failure) 45M->41M(57M) 2.055ms
[2026-06-17T10:05:21.999+0800][2.791s][info][gc,cpu         ] GC(112) User=0.00s Sys=0.00s Real=0.00s
[2026-06-17T10:05:22.020+0800][2.813s][info][gc,start       ] GC(113) Pause Young (Allocation Failure)
[2026-06-17T10:05:22.021+0800][2.814s][info][gc,heap        ] GC(113) PSYoungGen: 10981K(14336K)->2357K(14336K) Eden: 7147K(7168K)->0K(7168K) From: 3834K(7168K)->2357K(7168K)
[2026-06-17T10:05:22.021+0800][2.814s][info][gc,heap        ] GC(113) ParOldGen: 38979K(44032K)->40398K(44032K)
[2026-06-17T10:05:22.021+0800][2.814s][info][gc,metaspace   ] GC(113) Metaspace: 111K(320K)->111K(320K) NonClass: 104K(192K)->104K(192K) Class: 7K(128K)->7K(128K)
[2026-06-17T10:05:22.022+0800][2.815s][info][gc             ] GC(113) Pause Young (Allocation Failure) 48M->41M(57M) 1.927ms
[2026-06-17T10:05:22.022+0800][2.815s][info][gc,cpu         ] GC(113) User=0.00s Sys=0.00s Real=0.00s
[2026-06-17T10:05:22.033+0800][2.826s][info][gc,start       ] GC(114) Pause Full (Allocation Failure)
[2026-06-17T10:05:22.034+0800][2.826s][info][gc,phases,start] GC(114) Marking Phase
[2026-06-17T10:05:22.035+0800][2.828s][info][gc,phases      ] GC(114) Marking Phase 1.252ms
[2026-06-17T10:05:22.035+0800][2.828s][info][gc,phases,start] GC(114) Summary Phase
[2026-06-17T10:05:22.035+0800][2.828s][info][gc,phases      ] GC(114) Summary Phase 0.215ms
[2026-06-17T10:05:22.036+0800][2.828s][info][gc,phases,start] GC(114) Forward
[2026-06-17T10:05:22.036+0800][2.829s][info][gc,phases      ] GC(114) Forward 0.207ms
[2026-06-17T10:05:22.036+0800][2.829s][info][gc,phases,start] GC(114) Adjust Pointers
[2026-06-17T10:05:22.037+0800][2.829s][info][gc,phases      ] GC(114) Adjust Pointers 0.643ms
[2026-06-17T10:05:22.037+0800][2.830s][info][gc,phases,start] GC(114) Compaction Phase
[2026-06-17T10:05:22.038+0800][2.831s][info][gc,phases      ] GC(114) Compaction Phase 1.367ms
[2026-06-17T10:05:22.039+0800][2.831s][info][gc,phases,start] GC(114) Post Compact
[2026-06-17T10:05:22.039+0800][2.832s][info][gc,phases      ] GC(114) Post Compact 0.298ms
[2026-06-17T10:05:22.039+0800][2.832s][info][gc,heap        ] GC(114) PSYoungGen: 9121K(14336K)->0K(14336K) Eden: 6764K(7168K)->0K(7168K) From: 2357K(7168K)->0K(7168K)
[2026-06-17T10:05:22.039+0800][2.832s][info][gc,heap        ] GC(114) ParOldGen: 40398K(44032K)->29004K(44032K)
[2026-06-17T10:05:22.040+0800][2.832s][info][gc,metaspace   ] GC(114) Metaspace: 111K(320K)->111K(320K) NonClass: 104K(192K)->104K(192K) Class: 7K(128K)->7K(128K)
[2026-06-17T10:05:22.040+0800][2.833s][info][gc             ] GC(114) Pause Full (Allocation Failure) 48M->28M(57M) 6.798ms
[2026-06-17T10:05:22.040+0800][2.833s][info][gc,cpu         ] GC(114) User=0.01s Sys=0.00s Real=0.00s
[2026-06-17T10:05:22.061+0800][2.854s][info][gc,start       ] GC(115) Pause Young (Allocation Failure)
[2026-06-17T10:05:22.062+0800][2.855s][info][gc,heap        ] GC(115) PSYoungGen: 7168K(14336K)->4016K(14336K) Eden: 7168K(7168K)->0K(7168K) From: 0K(7168K)->4016K(7168K)
[2026-06-17T10:05:22.062+0800][2.855s][info][gc,heap        ] GC(115) ParOldGen: 29004K(44032K)->29004K(44032K)
[2026-06-17T10:05:22.062+0800][2.855s][info][gc,metaspace   ] GC(115) Metaspace: 111K(320K)->111K(320K) NonClass: 104K(192K)->104K(192K) Class: 7K(128K)->7K(128K)
[2026-06-17T10:05:22.063+0800][2.855s][info][gc             ] GC(115) Pause Young (Allocation Failure) 35M->32M(57M) 1.363ms
[2026-06-17T10:05:22.063+0800][2.855s][info][gc,cpu         ] GC(115) User=0.00s Sys=0.00s Real=0.01s
[2026-06-17T10:05:22.084+0800][2.877s][info][gc,start       ] GC(116) Pause Young (Allocation Failure)
[2026-06-17T10:05:22.085+0800][2.877s][info][gc,heap        ] GC(116) PSYoungGen: 11141K(14336K)->3959K(14336K) Eden: 7125K(7168K)->0K(7168K) From: 4016K(7168K)->3959K(7168K)
[2026-06-17T10:05:22.085+0800][2.878s][info][gc,heap        ] GC(116) ParOldGen: 29004K(44032K)->29004K(44032K)
[2026-06-17T10:05:22.085+0800][2.878s][info][gc,metaspace   ] GC(116) Metaspace: 111K(320K)->111K(320K) NonClass: 104K(192K)->104K(192K) Class: 7K(128K)->7K(128K)
[2026-06-17T10:05:22.085+0800][2.878s][info][gc             ] GC(116) Pause Young (Allocation Failure) 39M->32M(57M) 1.632ms
[2026-06-17T10:05:22.086+0800][2.878s][info][gc,cpu         ] GC(116) User=0.00s Sys=0.00s Real=0.00s
[2026-06-17T10:05:22.096+0800][2.889s][info][gc,start       ] GC(117) Pause Young (Allocation Failure)
[2026-06-17T10:05:22.097+0800][2.890s][info][gc,heap        ] GC(117) PSYoungGen: 11081K(14336K)->7119K(14336K) Eden: 7122K(7168K)->0K(7168K) From: 3959K(7168K)->7119K(7168K)
[2026-06-17T10:05:22.097+0800][2.890s][info][gc,heap        ] GC(117) ParOldGen: 29004K(44032K)->29630K(44032K)
[2026-06-17T10:05:22.098+0800][2.890s][info][gc,metaspace   ] GC(117) Metaspace: 111K(320K)->111K(320K) NonClass: 104K(192K)->104K(192K) Class: 7K(128K)->7K(128K)
[2026-06-17T10:05:22.098+0800][2.891s][info][gc             ] GC(117) Pause Young (Allocation Failure) 39M->35M(57M) 1.495ms
[2026-06-17T10:05:22.098+0800][2.891s][info][gc,cpu         ] GC(117) User=0.00s Sys=0.00s Real=0.00s
[2026-06-17T10:05:22.119+0800][2.912s][info][gc,start       ] GC(118) Pause Young (Allocation Failure)
[2026-06-17T10:05:22.120+0800][2.913s][info][gc,heap        ] GC(118) PSYoungGen: 14281K(14336K)->4818K(14336K) Eden: 7162K(7168K)->0K(7168K) From: 7119K(7168K)->4818K(7168K)
[2026-06-17T10:05:22.121+0800][2.913s][info][gc,heap        ] GC(118) ParOldGen: 29630K(44032K)->32164K(44032K)
[2026-06-17T10:05:22.121+0800][2.914s][info][gc,metaspace   ] GC(118) Metaspace: 111K(320K)->111K(320K) NonClass: 104K(192K)->104K(192K) Class: 7K(128K)->7K(128K)
[2026-06-17T10:05:22.121+0800][2.914s][info][gc             ] GC(118) Pause Young (Allocation Failure) 42M->36M(57M) 2.058ms
[2026-06-17T10:05:22.121+0800][2.914s][info][gc,cpu         ] GC(118) User=0.00s Sys=0.00s Real=0.00s
[2026-06-17T10:05:22.142+0800][2.935s][info][gc,start       ] GC(119) Pause Young (Allocation Failure)
[2026-06-17T10:05:22.144+0800][2.936s][info][gc,heap        ] GC(119) PSYoungGen: 11965K(14336K)->3269K(14336K) Eden: 7147K(7168K)->0K(7168K) From: 4818K(7168K)->3269K(7168K)
[2026-06-17T10:05:22.144+0800][2.937s][info][gc,heap        ] GC(119) ParOldGen: 32164K(44032K)->33936K(44032K)
[2026-06-17T10:05:22.144+0800][2.937s][info][gc,metaspace   ] GC(119) Metaspace: 111K(320K)->111K(320K) NonClass: 104K(192K)->104K(192K) Class: 7K(128K)->7K(128K)
[2026-06-17T10:05:22.144+0800][2.937s][info][gc             ] GC(119) Pause Young (Allocation Failure) 43M->36M(57M) 2.128ms
[2026-06-17T10:05:22.144+0800][2.937s][info][gc,cpu         ] GC(119) User=0.00s Sys=0.00s Real=0.01s
[2026-06-17T10:05:22.155+0800][2.948s][info][gc,start       ] GC(120) Pause Young (Allocation Failure)
[2026-06-17T10:05:22.156+0800][2.949s][info][gc,heap        ] GC(120) PSYoungGen: 10322K(14336K)->965K(14336K) Eden: 7052K(7168K)->0K(7168K) From: 3269K(7168K)->965K(7168K)
[2026-06-17T10:05:22.156+0800][2.949s][info][gc,heap        ] GC(120) ParOldGen: 33936K(44032K)->36060K(44032K)
[2026-06-17T10:05:22.157+0800][2.949s][info][gc,metaspace   ] GC(120) Metaspace: 111K(320K)->111K(320K) NonClass: 104K(192K)->104K(192K) Class: 7K(128K)->7K(128K)
[2026-06-17T10:05:22.157+0800][2.949s][info][gc             ] GC(120) Pause Young (Allocation Failure) 43M->36M(57M) 1.368ms
[2026-06-17T10:05:22.157+0800][2.950s][info][gc,cpu         ] GC(120) User=0.00s Sys=0.00s Real=0.00s
[2026-06-17T10:05:22.178+0800][2.971s][info][gc,start       ] GC(121) Pause Young (Allocation Failure)
[2026-06-17T10:05:22.180+0800][2.972s][info][gc,heap        ] GC(121) PSYoungGen: 8106K(14336K)->3665K(14336K) Eden: 7141K(7168K)->0K(7168K) From: 965K(7168K)->3665K(7168K)
[2026-06-17T10:05:22.180+0800][2.973s][info][gc,heap        ] GC(121) ParOldGen: 36060K(44032K)->37001K(44032K)
[2026-06-17T10:05:22.180+0800][2.973s][info][gc,metaspace   ] GC(121) Metaspace: 111K(320K)->111K(320K) NonClass: 104K(192K)->104K(192K) Class: 7K(128K)->7K(128K)
[2026-06-17T10:05:22.180+0800][2.973s][info][gc             ] GC(121) Pause Young (Allocation Failure) 43M->39M(57M) 2.476ms
[2026-06-17T10:05:22.181+0800][2.973s][info][gc,cpu         ] GC(121) User=0.00s Sys=0.00s Real=0.00s
[2026-06-17T10:05:22.202+0800][2.995s][info][gc,start       ] GC(122) Pause Young (Allocation Failure)
[2026-06-17T10:05:22.203+0800][2.996s][info][gc,heap        ] GC(122) PSYoungGen: 10786K(14336K)->2852K(14336K) Eden: 7121K(7168K)->0K(7168K) From: 3665K(7168K)->2852K(7168K)
[2026-06-17T10:05:22.204+0800][2.996s][info][gc,heap        ] GC(122) ParOldGen: 37001K(44032K)->37655K(44032K)
[2026-06-17T10:05:22.204+0800][2.997s][info][gc,metaspace   ] GC(122) Metaspace: 111K(320K)->111K(320K) NonClass: 104K(192K)->104K(192K) Class: 7K(128K)->7K(128K)
[2026-06-17T10:05:22.204+0800][2.997s][info][gc             ] GC(122) Pause Young (Allocation Failure) 46M->39M(57M) 2.378ms
[2026-06-17T10:05:22.204+0800][2.997s][info][gc,cpu         ] GC(122) User=0.01s Sys=0.00s Real=0.01s
[2026-06-17T10:05:22.226+0800][3.018s][info][gc,start       ] GC(123) Pause Young (Allocation Failure)
[2026-06-17T10:05:22.227+0800][3.019s][info][gc,heap        ] GC(123) PSYoungGen: 9981K(14336K)->1732K(14336K) Eden: 7128K(7168K)->0K(7168K) From: 2852K(7168K)->1732K(7168K)
[2026-06-17T10:05:22.227+0800][3.020s][info][gc,heap        ] GC(123) ParOldGen: 37655K(44032K)->39525K(44032K)
[2026-06-17T10:05:22.227+0800][3.020s][info][gc,metaspace   ] GC(123) Metaspace: 111K(320K)->111K(320K) NonClass: 104K(192K)->104K(192K) Class: 7K(128K)->7K(128K)
[2026-06-17T10:05:22.228+0800][3.021s][info][gc             ] GC(123) Pause Young (Allocation Failure) 46M->40M(57M) 2.137ms
[2026-06-17T10:05:22.228+0800][3.021s][info][gc,cpu         ] GC(123) User=0.00s Sys=0.00s Real=0.00s
[2026-06-17T10:05:22.239+0800][3.032s][info][gc,start       ] GC(124) Pause Young (Allocation Failure)
[2026-06-17T10:05:22.240+0800][3.032s][info][gc,heap        ] GC(124) PSYoungGen: 8733K(14336K)->2044K(14336K) Eden: 7000K(7168K)->0K(7168K) From: 1732K(7168K)->2044K(7168K)
[2026-06-17T10:05:22.240+0800][3.033s][info][gc,heap        ] GC(124) ParOldGen: 39525K(44032K)->39525K(44032K)
[2026-06-17T10:05:22.240+0800][3.033s][info][gc,metaspace   ] GC(124) Metaspace: 111K(320K)->111K(320K) NonClass: 104K(192K)->104K(192K) Class: 7K(128K)->7K(128K)
[2026-06-17T10:05:22.240+0800][3.033s][info][gc             ] GC(124) Pause Young (Allocation Failure) 47M->40M(57M) 1.460ms
[2026-06-17T10:05:22.241+0800][3.033s][info][gc,cpu         ] GC(124) User=0.00s Sys=0.00s Real=0.00s
[2026-06-17T10:05:22.262+0800][3.054s][info][gc,start       ] GC(125) Pause Young (Allocation Failure)
[2026-06-17T10:05:22.263+0800][3.056s][info][gc,heap        ] GC(125) PSYoungGen: 9183K(14336K)->3499K(14848K) Eden: 7139K(7168K)->0K(7680K) From: 2044K(7168K)->3499K(7168K)
[2026-06-17T10:05:22.263+0800][3.056s][info][gc,heap        ] GC(125) ParOldGen: 39525K(44032K)->41545K(44032K)
[2026-06-17T10:05:22.264+0800][3.056s][info][gc,metaspace   ] GC(125) Metaspace: 111K(320K)->111K(320K) NonClass: 104K(192K)->104K(192K) Class: 7K(128K)->7K(128K)
[2026-06-17T10:05:22.264+0800][3.057s][info][gc             ] GC(125) Pause Young (Allocation Failure) 47M->43M(57M) 2.026ms
[2026-06-17T10:05:22.264+0800][3.057s][info][gc,cpu         ] GC(125) User=0.00s Sys=0.00s Real=0.01s
[2026-06-17T10:05:22.285+0800][3.078s][info][gc,start       ] GC(126) Pause Full (Allocation Failure)
[2026-06-17T10:05:22.286+0800][3.079s][info][gc,phases,start] GC(126) Marking Phase
[2026-06-17T10:05:22.287+0800][3.080s][info][gc,phases      ] GC(126) Marking Phase 1.034ms
[2026-06-17T10:05:22.287+0800][3.080s][info][gc,phases,start] GC(126) Summary Phase
[2026-06-17T10:05:22.288+0800][3.080s][info][gc,phases      ] GC(126) Summary Phase 0.319ms
[2026-06-17T10:05:22.288+0800][3.081s][info][gc,phases,start] GC(126) Forward
[2026-06-17T10:05:22.289+0800][3.081s][info][gc,phases      ] GC(126) Forward 0.353ms
[2026-06-17T10:05:22.289+0800][3.082s][info][gc,phases,start] GC(126) Adjust Pointers
[2026-06-17T10:05:22.290+0800][3.082s][info][gc,phases      ] GC(126) Adjust Pointers 0.705ms
[2026-06-17T10:05:22.290+0800][3.083s][info][gc,phases,start] GC(126) Compaction Phase
[2026-06-17T10:05:22.291+0800][3.084s][info][gc,phases      ] GC(126) Compaction Phase 1.466ms
[2026-06-17T10:05:22.292+0800][3.085s][info][gc,phases,start] GC(126) Post Compact
[2026-06-17T10:05:22.292+0800][3.085s][info][gc,phases      ] GC(126) Post Compact 0.216ms
[2026-06-17T10:05:22.292+0800][3.085s][info][gc,heap        ] GC(126) PSYoungGen: 11178K(14848K)->0K(14336K) Eden: 7678K(7680K)->0K(7680K) From: 3499K(7168K)->0K(6656K)
[2026-06-17T10:05:22.292+0800][3.085s][info][gc,heap        ] GC(126) ParOldGen: 41545K(44032K)->26448K(44032K)
[2026-06-17T10:05:22.292+0800][3.085s][info][gc,metaspace   ] GC(126) Metaspace: 111K(320K)->111K(320K) NonClass: 104K(192K)->104K(192K) Class: 7K(128K)->7K(128K)
[2026-06-17T10:05:22.293+0800][3.085s][info][gc             ] GC(126) Pause Full (Allocation Failure) 51M->25M(57M) 7.310ms
[2026-06-17T10:05:22.293+0800][3.085s][info][gc,cpu         ] GC(126) User=0.01s Sys=0.00s Real=0.01s
[2026-06-17T10:05:22.314+0800][3.107s][info][gc,start       ] GC(127) Pause Young (Allocation Failure)
[2026-06-17T10:05:22.315+0800][3.107s][info][gc,heap        ] GC(127) PSYoungGen: 7659K(14336K)->4025K(14848K) Eden: 7659K(7680K)->0K(8192K) From: 0K(6656K)->4025K(6656K)
[2026-06-17T10:05:22.315+0800][3.108s][info][gc,heap        ] GC(127) ParOldGen: 26448K(44032K)->26448K(44032K)
[2026-06-17T10:05:22.315+0800][3.108s][info][gc,metaspace   ] GC(127) Metaspace: 111K(320K)->111K(320K) NonClass: 104K(192K)->104K(192K) Class: 7K(128K)->7K(128K)
[2026-06-17T10:05:22.315+0800][3.108s][info][gc             ] GC(127) Pause Young (Allocation Failure) 33M->29M(57M) 1.450ms
[2026-06-17T10:05:22.315+0800][3.108s][info][gc,cpu         ] GC(127) User=0.00s Sys=0.00s Real=0.00s
[2026-06-17T10:05:22.337+0800][3.129s][info][gc,start       ] GC(128) Pause Young (Allocation Failure)
[2026-06-17T10:05:22.337+0800][3.130s][info][gc,heap        ] GC(128) PSYoungGen: 12192K(14848K)->5217K(13824K) Eden: 8166K(8192K)->0K(8192K) From: 4025K(6656K)->5217K(5632K)
[2026-06-17T10:05:22.338+0800][3.131s][info][gc,heap        ] GC(128) ParOldGen: 26448K(44032K)->26448K(44032K)
[2026-06-17T10:05:22.340+0800][3.133s][info][gc,metaspace   ] GC(128) Metaspace: 111K(320K)->111K(320K) NonClass: 104K(192K)->104K(192K) Class: 7K(128K)->7K(128K)
[2026-06-17T10:05:22.343+0800][3.135s][info][gc             ] GC(128) Pause Young (Allocation Failure) 37M->30M(56M) 5.997ms
[2026-06-17T10:05:22.343+0800][3.136s][info][gc,cpu         ] GC(128) User=0.00s Sys=0.00s Real=0.01s
[2026-06-17T10:05:22.364+0800][3.157s][info][gc,start       ] GC(129) Pause Young (Allocation Failure)
[2026-06-17T10:05:22.365+0800][3.158s][info][gc,heap        ] GC(129) PSYoungGen: 13409K(13824K)->6326K(14336K) Eden: 8192K(8192K)->0K(7168K) From: 5217K(5632K)->6326K(7168K)
[2026-06-17T10:05:22.365+0800][3.158s][info][gc,heap        ] GC(129) ParOldGen: 26448K(44032K)->26448K(44032K)
[2026-06-17T10:05:22.366+0800][3.158s][info][gc,metaspace   ] GC(129) Metaspace: 111K(320K)->111K(320K) NonClass: 104K(192K)->104K(192K) Class: 7K(128K)->7K(128K)
[2026-06-17T10:05:22.366+0800][3.159s][info][gc             ] GC(129) Pause Young (Allocation Failure) 38M->32M(57M) 1.619ms
[2026-06-17T10:05:22.366+0800][3.159s][info][gc,cpu         ] GC(129) User=0.00s Sys=0.00s Real=0.00s
[2026-06-17T10:05:22.377+0800][3.170s][info][gc,start       ] GC(130) Pause Young (Allocation Failure)
[2026-06-17T10:05:22.378+0800][3.171s][info][gc,heap        ] GC(130) PSYoungGen: 13265K(14336K)->2458K(14336K) Eden: 6939K(7168K)->0K(7168K) From: 6326K(7168K)->2458K(7168K)
[2026-06-17T10:05:22.379+0800][3.171s][info][gc,heap        ] GC(130) ParOldGen: 26448K(44032K)->30392K(44032K)
[2026-06-17T10:05:22.379+0800][3.172s][info][gc,metaspace   ] GC(130) Metaspace: 111K(320K)->111K(320K) NonClass: 104K(192K)->104K(192K) Class: 7K(128K)->7K(128K)
[2026-06-17T10:05:22.379+0800][3.172s][info][gc             ] GC(130) Pause Young (Allocation Failure) 38M->32M(57M) 2.366ms
[2026-06-17T10:05:22.380+0800][3.173s][info][gc,cpu         ] GC(130) User=0.00s Sys=0.00s Real=0.00s
[2026-06-17T10:05:22.401+0800][3.194s][info][gc,start       ] GC(131) Pause Young (Allocation Failure)
[2026-06-17T10:05:22.402+0800][3.195s][info][gc,heap        ] GC(131) PSYoungGen: 9621K(14336K)->3600K(14336K) Eden: 7163K(7168K)->0K(7168K) From: 2458K(7168K)->3600K(7168K)
[2026-06-17T10:05:22.403+0800][3.196s][info][gc,heap        ] GC(131) ParOldGen: 30392K(44032K)->32826K(44032K)
[2026-06-17T10:05:22.403+0800][3.196s][info][gc,metaspace   ] GC(131) Metaspace: 111K(320K)->111K(320K) NonClass: 104K(192K)->104K(192K) Class: 7K(128K)->7K(128K)
[2026-06-17T10:05:22.403+0800][3.196s][info][gc             ] GC(131) Pause Young (Allocation Failure) 39M->35M(57M) 1.908ms
[2026-06-17T10:05:22.404+0800][3.196s][info][gc,cpu         ] GC(131) User=0.01s Sys=0.00s Real=0.01s
[2026-06-17T10:05:22.425+0800][3.218s][info][gc,start       ] GC(132) Pause Young (Allocation Failure)
[2026-06-17T10:05:22.426+0800][3.218s][info][gc,heap        ] GC(132) PSYoungGen: 10765K(14336K)->2493K(14336K) Eden: 7164K(7168K)->0K(7168K) From: 3600K(7168K)->2493K(7168K)
[2026-06-17T10:05:22.426+0800][3.219s][info][gc,heap        ] GC(132) ParOldGen: 32826K(44032K)->34212K(44032K)
[2026-06-17T10:05:22.426+0800][3.219s][info][gc,metaspace   ] GC(132) Metaspace: 111K(320K)->111K(320K) NonClass: 104K(192K)->104K(192K) Class: 7K(128K)->7K(128K)
[2026-06-17T10:05:22.426+0800][3.219s][info][gc             ] GC(132) Pause Young (Allocation Failure) 42M->35M(57M) 1.361ms
[2026-06-17T10:05:22.426+0800][3.219s][info][gc,cpu         ] GC(132) User=0.00s Sys=0.00s Real=0.00s
[2026-06-17T10:05:22.447+0800][3.240s][info][gc,start       ] GC(133) Pause Young (Allocation Failure)
[2026-06-17T10:05:22.448+0800][3.241s][info][gc,heap        ] GC(133) PSYoungGen: 9633K(14336K)->393K(14336K) Eden: 7139K(7168K)->0K(7168K) From: 2493K(7168K)->393K(7168K)
[2026-06-17T10:05:22.448+0800][3.241s][info][gc,heap        ] GC(133) ParOldGen: 34212K(44032K)->36276K(44032K)
[2026-06-17T10:05:22.448+0800][3.241s][info][gc,metaspace   ] GC(133) Metaspace: 111K(320K)->111K(320K) NonClass: 104K(192K)->104K(192K) Class: 7K(128K)->7K(128K)
[2026-06-17T10:05:22.449+0800][3.241s][info][gc             ] GC(133) Pause Young (Allocation Failure) 42M->35M(57M) 1.244ms
[2026-06-17T10:05:22.449+0800][3.242s][info][gc,cpu         ] GC(133) User=0.00s Sys=0.00s Real=0.00s
[2026-06-17T10:05:22.460+0800][3.252s][info][gc,start       ] GC(134) Pause Young (Allocation Failure)
[2026-06-17T10:05:22.460+0800][3.253s][info][gc,heap        ] GC(134) PSYoungGen: 7554K(14336K)->3959K(14336K) Eden: 7161K(7168K)->0K(7168K) From: 393K(7168K)->3959K(7168K)
[2026-06-17T10:05:22.461+0800][3.253s][info][gc,heap        ] GC(134) ParOldGen: 36276K(44032K)->36276K(44032K)
[2026-06-17T10:05:22.461+0800][3.254s][info][gc,metaspace   ] GC(134) Metaspace: 114K(320K)->114K(320K) NonClass: 107K(192K)->107K(192K) Class: 7K(128K)->7K(128K)
[2026-06-17T10:05:22.461+0800][3.254s][info][gc             ] GC(134) Pause Young (Allocation Failure) 42M->39M(57M) 1.244ms
[2026-06-17T10:05:22.461+0800][3.254s][info][gc,cpu         ] GC(134) User=0.00s Sys=0.00s Real=0.00s
[2026-06-17T10:05:22.482+0800][3.275s][info][gc,start       ] GC(135) Pause Young (Allocation Failure)
[2026-06-17T10:05:22.485+0800][3.278s][info][gc,heap        ] GC(135) PSYoungGen: 11096K(14336K)->4422K(14336K) Eden: 7137K(7168K)->0K(7168K) From: 3959K(7168K)->4422K(7168K)
[2026-06-17T10:05:22.485+0800][3.278s][info][gc,heap        ] GC(135) ParOldGen: 36276K(44032K)->36276K(44032K)
[2026-06-17T10:05:22.486+0800][3.279s][info][gc,metaspace   ] GC(135) Metaspace: 114K(320K)->114K(320K) NonClass: 107K(192K)->107K(192K) Class: 7K(128K)->7K(128K)
[2026-06-17T10:05:22.486+0800][3.279s][info][gc             ] GC(135) Pause Young (Allocation Failure) 46M->39M(57M) 3.671ms
[2026-06-17T10:05:22.486+0800][3.279s][info][gc,cpu         ] GC(135) User=0.00s Sys=0.00s Real=0.01s
[2026-06-17T10:05:22.507+0800][3.300s][info][gc,start       ] GC(136) Pause Young (Allocation Failure)
[2026-06-17T10:05:22.509+0800][3.301s][info][gc,heap        ] GC(136) PSYoungGen: 11589K(14336K)->1899K(14336K) Eden: 7166K(7168K)->0K(7168K) From: 4422K(7168K)->1899K(7168K)
[2026-06-17T10:05:22.509+0800][3.302s][info][gc,heap        ] GC(136) ParOldGen: 36276K(44032K)->39211K(44032K)
[2026-06-17T10:05:22.510+0800][3.303s][info][gc,metaspace   ] GC(136) Metaspace: 114K(320K)->114K(320K) NonClass: 107K(192K)->107K(192K) Class: 7K(128K)->7K(128K)
[2026-06-17T10:05:22.510+0800][3.303s][info][gc             ] GC(136) Pause Young (Allocation Failure) 46M->40M(57M) 2.996ms
[2026-06-17T10:05:22.511+0800][3.304s][info][gc,cpu         ] GC(136) User=0.01s Sys=0.00s Real=0.01s
[2026-06-17T10:05:22.522+0800][3.315s][info][gc,start       ] GC(137) Pause Young (Allocation Failure)
[2026-06-17T10:05:22.523+0800][3.316s][info][gc,heap        ] GC(137) PSYoungGen: 8957K(14336K)->221K(14336K) Eden: 7058K(7168K)->0K(7168K) From: 1899K(7168K)->221K(7168K)
[2026-06-17T10:05:22.523+0800][3.316s][info][gc,heap        ] GC(137) ParOldGen: 39211K(44032K)->40818K(44032K)
[2026-06-17T10:05:22.524+0800][3.317s][info][gc,metaspace   ] GC(137) Metaspace: 114K(320K)->114K(320K) NonClass: 107K(192K)->107K(192K) Class: 7K(128K)->7K(128K)
[2026-06-17T10:05:22.524+0800][3.317s][info][gc             ] GC(137) Pause Young (Allocation Failure) 47M->40M(57M) 2.325ms
[2026-06-17T10:05:22.525+0800][3.317s][info][gc,cpu         ] GC(137) User=0.00s Sys=0.00s Real=0.01s
[2026-06-17T10:05:22.546+0800][3.339s][info][gc,start       ] GC(138) Pause Full (Allocation Failure)
[2026-06-17T10:05:22.547+0800][3.339s][info][gc,phases,start] GC(138) Marking Phase
[2026-06-17T10:05:22.548+0800][3.341s][info][gc,phases      ] GC(138) Marking Phase 1.171ms
[2026-06-17T10:05:22.548+0800][3.341s][info][gc,phases,start] GC(138) Summary Phase
[2026-06-17T10:05:22.549+0800][3.342s][info][gc,phases      ] GC(138) Summary Phase 0.518ms
[2026-06-17T10:05:22.549+0800][3.342s][info][gc,phases,start] GC(138) Forward
[2026-06-17T10:05:22.550+0800][3.343s][info][gc,phases      ] GC(138) Forward 0.545ms
[2026-06-17T10:05:22.550+0800][3.343s][info][gc,phases,start] GC(138) Adjust Pointers
[2026-06-17T10:05:22.551+0800][3.344s][info][gc,phases      ] GC(138) Adjust Pointers 0.953ms
[2026-06-17T10:05:22.552+0800][3.345s][info][gc,phases,start] GC(138) Compaction Phase
[2026-06-17T10:05:22.554+0800][3.347s][info][gc,phases      ] GC(138) Compaction Phase 2.025ms
[2026-06-17T10:05:22.555+0800][3.347s][info][gc,phases,start] GC(138) Post Compact
[2026-06-17T10:05:22.555+0800][3.348s][info][gc,phases      ] GC(138) Post Compact 0.555ms
[2026-06-17T10:05:22.556+0800][3.349s][info][gc,heap        ] GC(138) PSYoungGen: 7385K(14336K)->0K(14336K) Eden: 7164K(7168K)->0K(7168K) From: 221K(7168K)->0K(7168K)
[2026-06-17T10:05:22.556+0800][3.349s][info][gc,heap        ] GC(138) ParOldGen: 40818K(44032K)->26092K(44032K)
[2026-06-17T10:05:22.557+0800][3.350s][info][gc,metaspace   ] GC(138) Metaspace: 114K(320K)->114K(320K) NonClass: 107K(192K)->107K(192K) Class: 7K(128K)->7K(128K)
[2026-06-17T10:05:22.557+0800][3.350s][info][gc             ] GC(138) Pause Full (Allocation Failure) 47M->25M(57M) 11.322ms
[2026-06-17T10:05:22.558+0800][3.351s][info][gc,cpu         ] GC(138) User=0.00s Sys=0.00s Real=0.01s
[2026-06-17T10:05:22.579+0800][3.372s][info][gc,start       ] GC(139) Pause Young (Allocation Failure)
[2026-06-17T10:05:22.580+0800][3.373s][info][gc,heap        ] GC(139) PSYoungGen: 7141K(14336K)->3877K(14336K) Eden: 7141K(7168K)->0K(7168K) From: 0K(7168K)->3877K(7168K)
[2026-06-17T10:05:22.581+0800][3.373s][info][gc,heap        ] GC(139) ParOldGen: 26092K(44032K)->26092K(44032K)
[2026-06-17T10:05:22.581+0800][3.374s][info][gc,metaspace   ] GC(139) Metaspace: 114K(320K)->114K(320K) NonClass: 107K(192K)->107K(192K) Class: 7K(128K)->7K(128K)
[2026-06-17T10:05:22.581+0800][3.374s][info][gc             ] GC(139) Pause Young (Allocation Failure) 32M->29M(57M) 1.910ms
[2026-06-17T10:05:22.581+0800][3.374s][info][gc,cpu         ] GC(139) User=0.00s Sys=0.00s Real=0.00s
[2026-06-17T10:05:22.602+0800][3.395s][info][gc,start       ] GC(140) Pause Young (Allocation Failure)
[2026-06-17T10:05:22.604+0800][3.397s][info][gc,heap        ] GC(140) PSYoungGen: 11042K(14336K)->814K(14336K) Eden: 7164K(7168K)->0K(7168K) From: 3877K(7168K)->814K(7168K)
[2026-06-17T10:05:22.604+0800][3.397s][info][gc,heap        ] GC(140) ParOldGen: 26092K(44032K)->29466K(44032K)
[2026-06-17T10:05:22.604+0800][3.397s][info][gc,metaspace   ] GC(140) Metaspace: 114K(320K)->114K(320K) NonClass: 107K(192K)->107K(192K) Class: 7K(128K)->7K(128K)
[2026-06-17T10:05:22.604+0800][3.397s][info][gc             ] GC(140) Pause Young (Allocation Failure) 36M->29M(57M) 2.193ms
[2026-06-17T10:05:22.605+0800][3.397s][info][gc,cpu         ] GC(140) User=0.00s Sys=0.00s Real=0.01s
[2026-06-17T10:05:22.616+0800][3.408s][info][gc,start       ] GC(141) Pause Young (Allocation Failure)
[2026-06-17T10:05:22.616+0800][3.409s][info][gc,heap        ] GC(141) PSYoungGen: 7979K(14336K)->4543K(14336K) Eden: 7165K(7168K)->0K(7168K) From: 814K(7168K)->4543K(7168K)
[2026-06-17T10:05:22.617+0800][3.410s][info][gc,heap        ] GC(141) ParOldGen: 29466K(44032K)->29466K(44032K)
[2026-06-17T10:05:22.617+0800][3.410s][info][gc,metaspace   ] GC(141) Metaspace: 114K(320K)->114K(320K) NonClass: 107K(192K)->107K(192K) Class: 7K(128K)->7K(128K)
[2026-06-17T10:05:22.617+0800][3.410s][info][gc             ] GC(141) Pause Young (Allocation Failure) 36M->33M(57M) 1.579ms
[2026-06-17T10:05:22.617+0800][3.410s][info][gc,cpu         ] GC(141) User=0.00s Sys=0.00s Real=0.00s
[2026-06-17T10:05:22.639+0800][3.431s][info][gc,start       ] GC(142) Pause Young (Allocation Failure)
[2026-06-17T10:05:22.640+0800][3.432s][info][gc,heap        ] GC(142) PSYoungGen: 11706K(14336K)->2417K(14336K) Eden: 7162K(7168K)->0K(7168K) From: 4543K(7168K)->2417K(7168K)
[2026-06-17T10:05:22.640+0800][3.433s][info][gc,heap        ] GC(142) ParOldGen: 29466K(44032K)->31655K(44032K)
[2026-06-17T10:05:22.641+0800][3.434s][info][gc,metaspace   ] GC(142) Metaspace: 114K(320K)->114K(320K) NonClass: 107K(192K)->107K(192K) Class: 7K(128K)->7K(128K)
[2026-06-17T10:05:22.641+0800][3.434s][info][gc             ] GC(142) Pause Young (Allocation Failure) 40M->33M(57M) 2.769ms
[2026-06-17T10:05:22.642+0800][3.434s][info][gc,cpu         ] GC(142) User=0.00s Sys=0.00s Real=0.00s
[2026-06-17T10:05:22.663+0800][3.456s][info][gc,start       ] GC(143) Pause Young (Allocation Failure)
[2026-06-17T10:05:22.664+0800][3.457s][info][gc,heap        ] GC(143) PSYoungGen: 9568K(14336K)->2758K(14848K) Eden: 7150K(7168K)->0K(7680K) From: 2417K(7168K)->2758K(7168K)
[2026-06-17T10:05:22.665+0800][3.458s][info][gc,heap        ] GC(143) ParOldGen: 31655K(44032K)->31655K(44032K)
[2026-06-17T10:05:22.665+0800][3.458s][info][gc,metaspace   ] GC(143) Metaspace: 114K(320K)->114K(320K) NonClass: 107K(192K)->107K(192K) Class: 7K(128K)->7K(128K)
[2026-06-17T10:05:22.666+0800][3.459s][info][gc             ] GC(143) Pause Young (Allocation Failure) 40M->33M(57M) 2.564ms
[2026-06-17T10:05:22.666+0800][3.459s][info][gc,cpu         ] GC(143) User=0.00s Sys=0.00s Real=0.00s
[2026-06-17T10:05:22.677+0800][3.470s][info][gc,start       ] GC(144) Pause Young (Allocation Failure)
[2026-06-17T10:05:22.689+0800][3.482s][info][gc,heap        ] GC(144) PSYoungGen: 10383K(14848K)->1233K(14336K) Eden: 7625K(7680K)->0K(7680K) From: 2758K(7168K)->1233K(6656K)
[2026-06-17T10:05:22.714+0800][3.506s][info][gc,heap        ] GC(144) ParOldGen: 31655K(44032K)->33533K(44032K)
[2026-06-17T10:05:22.714+0800][3.507s][info][gc,metaspace   ] GC(144) Metaspace: 114K(320K)->114K(320K) NonClass: 107K(192K)->107K(192K) Class: 7K(128K)->7K(128K)
[2026-06-17T10:05:22.714+0800][3.507s][info][gc             ] GC(144) Pause Young (Allocation Failure) 41M->33M(57M) 37.256ms
[2026-06-17T10:05:22.715+0800][3.508s][info][gc,cpu         ] GC(144) User=0.00s Sys=0.00s Real=0.04s
[2026-06-17T10:05:22.736+0800][3.529s][info][gc,start       ] GC(145) Pause Young (Allocation Failure)
[2026-06-17T10:05:22.776+0800][3.569s][info][gc,heap        ] GC(145) PSYoungGen: 8868K(14336K)->5445K(13824K) Eden: 7635K(7680K)->0K(7168K) From: 1233K(6656K)->5445K(6656K)
[2026-06-17T10:05:22.780+0800][3.572s][info][gc,heap        ] GC(145) ParOldGen: 33533K(44032K)->33533K(44032K)
[2026-06-17T10:05:22.785+0800][3.578s][info][gc,metaspace   ] GC(145) Metaspace: 114K(320K)->114K(320K) NonClass: 107K(192K)->107K(192K) Class: 7K(128K)->7K(128K)
[2026-06-17T10:05:22.786+0800][3.579s][info][gc             ] GC(145) Pause Young (Allocation Failure) 41M->38M(56M) 49.603ms
[2026-06-17T10:05:22.787+0800][3.579s][info][gc,cpu         ] GC(145) User=0.01s Sys=0.00s Real=0.05s
[2026-06-17T10:05:22.812+0800][3.605s][info][gc,start       ] GC(146) Pause Young (Allocation Failure)
[2026-06-17T10:05:22.815+0800][3.608s][info][gc,heap        ] GC(146) PSYoungGen: 12611K(13824K)->5946K(14336K) Eden: 7166K(7168K)->0K(7168K) From: 5445K(6656K)->5946K(7168K)
[2026-06-17T10:05:22.816+0800][3.609s][info][gc,heap        ] GC(146) ParOldGen: 33533K(44032K)->33533K(44032K)
[2026-06-17T10:05:22.818+0800][3.611s][info][gc,metaspace   ] GC(146) Metaspace: 114K(320K)->114K(320K) NonClass: 107K(192K)->107K(192K) Class: 7K(128K)->7K(128K)
[2026-06-17T10:05:22.823+0800][3.615s][info][gc             ] GC(146) Pause Young (Allocation Failure) 45M->38M(57M) 10.094ms
[2026-06-17T10:05:22.824+0800][3.617s][info][gc,cpu         ] GC(146) User=0.00s Sys=0.00s Real=0.01s
[2026-06-17T10:05:22.847+0800][3.639s][info][gc,start       ] GC(147) Pause Young (Allocation Failure)
[2026-06-17T10:05:22.848+0800][3.641s][info][gc,heap        ] GC(147) PSYoungGen: 13104K(14336K)->3513K(14336K) Eden: 7158K(7168K)->0K(7168K) From: 5946K(7168K)->3513K(7168K)
[2026-06-17T10:05:22.848+0800][3.641s][info][gc,heap        ] GC(147) ParOldGen: 33533K(44032K)->36032K(44032K)
[2026-06-17T10:05:22.849+0800][3.642s][info][gc,metaspace   ] GC(147) Metaspace: 114K(320K)->114K(320K) NonClass: 107K(192K)->107K(192K) Class: 7K(128K)->7K(128K)
[2026-06-17T10:05:22.851+0800][3.644s][info][gc             ] GC(147) Pause Young (Allocation Failure) 45M->38M(57M) 4.780ms
[2026-06-17T10:05:22.852+0800][3.645s][info][gc,cpu         ] GC(147) User=0.00s Sys=0.00s Real=0.01s
[2026-06-17T10:05:22.864+0800][3.657s][info][gc,start       ] GC(148) Pause Young (Allocation Failure)
[2026-06-17T10:05:22.866+0800][3.658s][info][gc,heap        ] GC(148) PSYoungGen: 10667K(14336K)->5145K(14336K) Eden: 7154K(7168K)->0K(7168K) From: 3513K(7168K)->5145K(7168K)
[2026-06-17T10:05:22.872+0800][3.664s][info][gc,heap        ] GC(148) ParOldGen: 36032K(44032K)->38305K(44032K)
[2026-06-17T10:05:22.874+0800][3.667s][info][gc,metaspace   ] GC(148) Metaspace: 114K(320K)->114K(320K) NonClass: 107K(192K)->107K(192K) Class: 7K(128K)->7K(128K)
[2026-06-17T10:05:22.876+0800][3.668s][info][gc             ] GC(148) Pause Young (Allocation Failure) 45M->42M(57M) 11.290ms
[2026-06-17T10:05:22.878+0800][3.670s][info][gc,cpu         ] GC(148) User=0.00s Sys=0.00s Real=0.01s
[2026-06-17T10:05:22.900+0800][3.693s][info][gc,start       ] GC(149) Pause Young (Allocation Failure)
[2026-06-17T10:05:22.903+0800][3.695s][info][gc,heap        ] GC(149) PSYoungGen: 12283K(14336K)->5128K(14336K) Eden: 7137K(7168K)->0K(7168K) From: 5145K(7168K)->5128K(7168K)
[2026-06-17T10:05:22.903+0800][3.696s][info][gc,heap        ] GC(149) ParOldGen: 38305K(44032K)->38305K(44032K)
[2026-06-17T10:05:22.905+0800][3.698s][info][gc,metaspace   ] GC(149) Metaspace: 114K(320K)->114K(320K) NonClass: 107K(192K)->107K(192K) Class: 7K(128K)->7K(128K)
[2026-06-17T10:05:22.908+0800][3.700s][info][gc             ] GC(149) Pause Young (Allocation Failure) 49M->42M(57M) 7.437ms
[2026-06-17T10:05:22.910+0800][3.702s][info][gc,cpu         ] GC(149) User=0.00s Sys=0.00s Real=0.01s
[2026-06-17T10:05:22.933+0800][3.725s][info][gc,start       ] GC(150) Pause Young (Allocation Failure)
[2026-06-17T10:05:22.934+0800][3.726s][info][gc,heap        ] GC(150) PSYoungGen: 12292K(14336K)->3210K(14336K) Eden: 7164K(7168K)->0K(7168K) From: 5128K(7168K)->3210K(7168K)
[2026-06-17T10:05:22.934+0800][3.727s][info][gc,heap        ] GC(150) ParOldGen: 38305K(44032K)->40216K(44032K)
[2026-06-17T10:05:22.934+0800][3.727s][info][gc,metaspace   ] GC(150) Metaspace: 114K(320K)->114K(320K) NonClass: 107K(192K)->107K(192K) Class: 7K(128K)->7K(128K)
[2026-06-17T10:05:22.934+0800][3.727s][info][gc             ] GC(150) Pause Young (Allocation Failure) 49M->42M(57M) 1.528ms
[2026-06-17T10:05:22.934+0800][3.727s][info][gc,cpu         ] GC(150) User=0.01s Sys=0.00s Real=0.00s
[2026-06-17T10:05:22.945+0800][3.738s][info][gc,start       ] GC(151) Pause Full (Allocation Failure)
[2026-06-17T10:05:22.946+0800][3.738s][info][gc,phases,start] GC(151) Marking Phase
[2026-06-17T10:05:22.947+0800][3.739s][info][gc,phases      ] GC(151) Marking Phase 0.998ms
[2026-06-17T10:05:22.947+0800][3.740s][info][gc,phases,start] GC(151) Summary Phase
[2026-06-17T10:05:22.947+0800][3.740s][info][gc,phases      ] GC(151) Summary Phase 0.175ms
[2026-06-17T10:05:22.947+0800][3.740s][info][gc,phases,start] GC(151) Forward
[2026-06-17T10:05:22.948+0800][3.740s][info][gc,phases      ] GC(151) Forward 0.229ms
[2026-06-17T10:05:22.948+0800][3.740s][info][gc,phases,start] GC(151) Adjust Pointers
[2026-06-17T10:05:22.948+0800][3.741s][info][gc,phases      ] GC(151) Adjust Pointers 0.498ms
[2026-06-17T10:05:22.949+0800][3.741s][info][gc,phases,start] GC(151) Compaction Phase
[2026-06-17T10:05:22.950+0800][3.743s][info][gc,phases      ] GC(151) Compaction Phase 1.659ms
[2026-06-17T10:05:22.951+0800][3.743s][info][gc,phases,start] GC(151) Post Compact
[2026-06-17T10:05:22.951+0800][3.744s][info][gc,phases      ] GC(151) Post Compact 0.254ms
[2026-06-17T10:05:22.951+0800][3.744s][info][gc,heap        ] GC(151) PSYoungGen: 10325K(14336K)->0K(14336K) Eden: 7115K(7168K)->0K(7168K) From: 3210K(7168K)->0K(7168K)
[2026-06-17T10:05:22.951+0800][3.744s][info][gc,heap        ] GC(151) ParOldGen: 40216K(44032K)->30785K(44032K)
[2026-06-17T10:05:22.951+0800][3.744s][info][gc,metaspace   ] GC(151) Metaspace: 114K(320K)->114K(320K) NonClass: 107K(192K)->107K(192K) Class: 7K(128K)->7K(128K)
[2026-06-17T10:05:22.952+0800][3.744s][info][gc             ] GC(151) Pause Full (Allocation Failure) 49M->30M(57M) 6.293ms
[2026-06-17T10:05:22.952+0800][3.745s][info][gc,cpu         ] GC(151) User=0.00s Sys=0.00s Real=0.01s
[2026-06-17T10:05:22.973+0800][3.766s][info][gc,start       ] GC(152) Pause Young (Allocation Failure)
[2026-06-17T10:05:22.974+0800][3.766s][info][gc,heap        ] GC(152) PSYoungGen: 7127K(14336K)->3766K(14336K) Eden: 7127K(7168K)->0K(7168K) From: 0K(7168K)->3766K(7168K)
[2026-06-17T10:05:22.974+0800][3.767s][info][gc,heap        ] GC(152) ParOldGen: 30785K(44032K)->30785K(44032K)
[2026-06-17T10:05:22.974+0800][3.767s][info][gc,metaspace   ] GC(152) Metaspace: 114K(320K)->114K(320K) NonClass: 107K(192K)->107K(192K) Class: 7K(128K)->7K(128K)
[2026-06-17T10:05:22.974+0800][3.767s][info][gc             ] GC(152) Pause Young (Allocation Failure) 37M->33M(57M) 1.333ms
[2026-06-17T10:05:22.974+0800][3.767s][info][gc,cpu         ] GC(152) User=0.00s Sys=0.00s Real=0.00s
[2026-06-17T10:05:22.995+0800][3.788s][info][gc,start       ] GC(153) Pause Young (Allocation Failure)
[2026-06-17T10:05:22.996+0800][3.789s][info][gc,heap        ] GC(153) PSYoungGen: 10911K(14336K)->3902K(14336K) Eden: 7145K(7168K)->0K(7168K) From: 3766K(7168K)->3902K(7168K)
[2026-06-17T10:05:22.997+0800][3.789s][info][gc,heap        ] GC(153) ParOldGen: 30785K(44032K)->30785K(44032K)
[2026-06-17T10:05:22.997+0800][3.790s][info][gc,metaspace   ] GC(153) Metaspace: 114K(320K)->114K(320K) NonClass: 107K(192K)->107K(192K) Class: 7K(128K)->7K(128K)
[2026-06-17T10:05:22.997+0800][3.790s][info][gc             ] GC(153) Pause Young (Allocation Failure) 40M->33M(57M) 1.558ms
[2026-06-17T10:05:22.997+0800][3.790s][info][gc,cpu         ] GC(153) User=0.00s Sys=0.00s Real=0.00s
[2026-06-17T10:05:23.018+0800][3.811s][info][gc,start       ] GC(154) Pause Young (Allocation Failure)
[2026-06-17T10:05:23.019+0800][3.812s][info][gc,heap        ] GC(154) PSYoungGen: 11063K(14336K)->4625K(14336K) Eden: 7160K(7168K)->0K(7168K) From: 3902K(7168K)->4625K(7168K)
[2026-06-17T10:05:23.019+0800][3.812s][info][gc,heap        ] GC(154) ParOldGen: 30785K(44032K)->30785K(44032K)
[2026-06-17T10:05:23.020+0800][3.812s][info][gc,metaspace   ] GC(154) Metaspace: 114K(320K)->114K(320K) NonClass: 107K(192K)->107K(192K) Class: 7K(128K)->7K(128K)
[2026-06-17T10:05:23.020+0800][3.813s][info][gc             ] GC(154) Pause Young (Allocation Failure) 40M->34M(57M) 1.405ms
[2026-06-17T10:05:23.020+0800][3.813s][info][gc,cpu         ] GC(154) User=0.00s Sys=0.00s Real=0.00s
[2026-06-17T10:05:23.031+0800][3.824s][info][gc,start       ] GC(155) Pause Young (Allocation Failure)
[2026-06-17T10:05:23.032+0800][3.825s][info][gc,heap        ] GC(155) PSYoungGen: 11791K(14336K)->7163K(14336K) Eden: 7165K(7168K)->0K(7168K) From: 4625K(7168K)->7163K(7168K)
[2026-06-17T10:05:23.032+0800][3.825s][info][gc,heap        ] GC(155) ParOldGen: 30785K(44032K)->32169K(44032K)
[2026-06-17T10:05:23.032+0800][3.825s][info][gc,metaspace   ] GC(155) Metaspace: 114K(320K)->114K(320K) NonClass: 107K(192K)->107K(192K) Class: 7K(128K)->7K(128K)
[2026-06-17T10:05:23.032+0800][3.825s][info][gc             ] GC(155) Pause Young (Allocation Failure) 41M->38M(57M) 1.545ms
[2026-06-17T10:05:23.032+0800][3.825s][info][gc,cpu         ] GC(155) User=0.00s Sys=0.00s Real=0.00s
[2026-06-17T10:05:23.053+0800][3.846s][info][gc,start       ] GC(156) Pause Young (Allocation Failure)
[2026-06-17T10:05:23.054+0800][3.847s][info][gc,heap        ] GC(156) PSYoungGen: 14327K(14336K)->6891K(14336K) Eden: 7164K(7168K)->0K(7168K) From: 7163K(7168K)->6891K(7168K)
[2026-06-17T10:05:23.055+0800][3.847s][info][gc,heap        ] GC(156) ParOldGen: 32169K(44032K)->32761K(44032K)
[2026-06-17T10:05:23.055+0800][3.848s][info][gc,metaspace   ] GC(156) Metaspace: 114K(320K)->114K(320K) NonClass: 107K(192K)->107K(192K) Class: 7K(128K)->7K(128K)
[2026-06-17T10:05:23.055+0800][3.848s][info][gc             ] GC(156) Pause Young (Allocation Failure) 45M->38M(57M) 1.539ms
[2026-06-17T10:05:23.055+0800][3.848s][info][gc,cpu         ] GC(156) User=0.00s Sys=0.00s Real=0.00s
[2026-06-17T10:05:23.076+0800][3.869s][info][gc,start       ] GC(157) Pause Young (Allocation Failure)
[2026-06-17T10:05:23.077+0800][3.870s][info][gc,heap        ] GC(157) PSYoungGen: 14032K(14336K)->5405K(14336K) Eden: 7141K(7168K)->0K(7168K) From: 6891K(7168K)->5405K(7168K)
[2026-06-17T10:05:23.078+0800][3.870s][info][gc,heap        ] GC(157) ParOldGen: 32761K(44032K)->34631K(44032K)
[2026-06-17T10:05:23.078+0800][3.871s][info][gc,metaspace   ] GC(157) Metaspace: 114K(320K)->114K(320K) NonClass: 107K(192K)->107K(192K) Class: 7K(128K)->7K(128K)
[2026-06-17T10:05:23.078+0800][3.871s][info][gc             ] GC(157) Pause Young (Allocation Failure) 45M->39M(57M) 1.886ms
[2026-06-17T10:05:23.078+0800][3.871s][info][gc,cpu         ] GC(157) User=0.00s Sys=0.00s Real=0.00s
[2026-06-17T10:05:23.089+0800][3.882s][info][gc,start       ] GC(158) Pause Young (Allocation Failure)
[2026-06-17T10:05:23.090+0800][3.883s][info][gc,heap        ] GC(158) PSYoungGen: 12303K(14336K)->3349K(14336K) Eden: 6897K(7168K)->0K(7168K) From: 5405K(7168K)->3349K(7168K)
[2026-06-17T10:05:23.090+0800][3.883s][info][gc,heap        ] GC(158) ParOldGen: 34631K(44032K)->36284K(44032K)
[2026-06-17T10:05:23.090+0800][3.883s][info][gc,metaspace   ] GC(158) Metaspace: 114K(320K)->114K(320K) NonClass: 107K(192K)->107K(192K) Class: 7K(128K)->7K(128K)
[2026-06-17T10:05:23.090+0800][3.883s][info][gc             ] GC(158) Pause Young (Allocation Failure) 45M->38M(57M) 1.392ms
[2026-06-17T10:05:23.090+0800][3.883s][info][gc,cpu         ] GC(158) User=0.00s Sys=0.00s Real=0.01s
[2026-06-17T10:05:23.122+0800][3.914s][info][gc,start       ] GC(159) Pause Young (Allocation Failure)
[2026-06-17T10:05:23.122+0800][3.915s][info][gc,heap        ] GC(159) PSYoungGen: 10474K(14336K)->508K(14336K) Eden: 7125K(7168K)->0K(7168K) From: 3349K(7168K)->508K(7168K)
[2026-06-17T10:05:23.123+0800][3.915s][info][gc,heap        ] GC(159) ParOldGen: 36284K(44032K)->39585K(44032K)
[2026-06-17T10:05:23.123+0800][3.916s][info][gc,metaspace   ] GC(159) Metaspace: 114K(320K)->114K(320K) NonClass: 107K(192K)->107K(192K) Class: 7K(128K)->7K(128K)
[2026-06-17T10:05:23.123+0800][3.916s][info][gc             ] GC(159) Pause Young (Allocation Failure) 45M->39M(57M) 1.352ms
[2026-06-17T10:05:23.123+0800][3.916s][info][gc,cpu         ] GC(159) User=0.00s Sys=0.00s Real=0.01s
[2026-06-17T10:05:23.134+0800][3.927s][info][gc,start       ] GC(160) Pause Young (Allocation Failure)
[2026-06-17T10:05:23.135+0800][3.928s][info][gc,heap        ] GC(160) PSYoungGen: 7626K(14336K)->3577K(14336K) Eden: 7118K(7168K)->0K(7168K) From: 508K(7168K)->3577K(7168K)
[2026-06-17T10:05:23.135+0800][3.928s][info][gc,heap        ] GC(160) ParOldGen: 39585K(44032K)->39968K(44032K)
[2026-06-17T10:05:23.135+0800][3.928s][info][gc,metaspace   ] GC(160) Metaspace: 114K(320K)->114K(320K) NonClass: 107K(192K)->107K(192K) Class: 7K(128K)->7K(128K)
[2026-06-17T10:05:23.136+0800][3.928s][info][gc             ] GC(160) Pause Young (Allocation Failure) 46M->42M(57M) 1.478ms
[2026-06-17T10:05:23.136+0800][3.929s][info][gc,cpu         ] GC(160) User=0.00s Sys=0.00s Real=0.00s
[2026-06-17T10:05:23.157+0800][3.950s][info][gc,start       ] GC(161) Pause Young (Allocation Failure)
[2026-06-17T10:05:23.158+0800][3.951s][info][gc,heap        ] GC(161) PSYoungGen: 10734K(14336K)->2471K(14336K) Eden: 7157K(7168K)->0K(7168K) From: 3577K(7168K)->2471K(7168K)
[2026-06-17T10:05:23.158+0800][3.951s][info][gc,heap        ] GC(161) ParOldGen: 39968K(44032K)->41911K(44032K)
[2026-06-17T10:05:23.159+0800][3.951s][info][gc,metaspace   ] GC(161) Metaspace: 114K(320K)->114K(320K) NonClass: 107K(192K)->107K(192K) Class: 7K(128K)->7K(128K)
[2026-06-17T10:05:23.159+0800][3.951s][info][gc             ] GC(161) Pause Young (Allocation Failure) 49M->43M(57M) 1.502ms
[2026-06-17T10:05:23.159+0800][3.952s][info][gc,cpu         ] GC(161) User=0.00s Sys=0.00s Real=0.00s
[2026-06-17T10:05:23.180+0800][3.973s][info][gc,start       ] GC(162) Pause Full (Allocation Failure)
[2026-06-17T10:05:23.180+0800][3.973s][info][gc,phases,start] GC(162) Marking Phase
[2026-06-17T10:05:23.181+0800][3.974s][info][gc,phases      ] GC(162) Marking Phase 1.152ms
[2026-06-17T10:05:23.181+0800][3.974s][info][gc,phases,start] GC(162) Summary Phase
[2026-06-17T10:05:23.182+0800][3.974s][info][gc,phases      ] GC(162) Summary Phase 0.211ms
[2026-06-17T10:05:23.182+0800][3.975s][info][gc,phases,start] GC(162) Forward
[2026-06-17T10:05:23.182+0800][3.975s][info][gc,phases      ] GC(162) Forward 0.218ms
[2026-06-17T10:05:23.182+0800][3.975s][info][gc,phases,start] GC(162) Adjust Pointers
[2026-06-17T10:05:23.183+0800][3.975s][info][gc,phases      ] GC(162) Adjust Pointers 0.481ms
[2026-06-17T10:05:23.183+0800][3.976s][info][gc,phases,start] GC(162) Compaction Phase
[2026-06-17T10:05:23.184+0800][3.977s][info][gc,phases      ] GC(162) Compaction Phase 1.183ms
[2026-06-17T10:05:23.185+0800][3.978s][info][gc,phases,start] GC(162) Post Compact
[2026-06-17T10:05:23.185+0800][3.978s][info][gc,phases      ] GC(162) Post Compact 0.378ms
[2026-06-17T10:05:23.185+0800][3.978s][info][gc,heap        ] GC(162) PSYoungGen: 9639K(14336K)->0K(14336K) Eden: 7168K(7168K)->0K(7168K) From: 2471K(7168K)->0K(7168K)
[2026-06-17T10:05:23.186+0800][3.978s][info][gc,heap        ] GC(162) ParOldGen: 41911K(44032K)->25690K(44032K)
[2026-06-17T10:05:23.186+0800][3.978s][info][gc,metaspace   ] GC(162) Metaspace: 114K(320K)->114K(320K) NonClass: 107K(192K)->107K(192K) Class: 7K(128K)->7K(128K)
[2026-06-17T10:05:23.186+0800][3.979s][info][gc             ] GC(162) Pause Full (Allocation Failure) 50M->25M(57M) 6.057ms
[2026-06-17T10:05:23.186+0800][3.979s][info][gc,cpu         ] GC(162) User=0.01s Sys=0.00s Real=0.01s
[2026-06-17T10:05:23.197+0800][3.990s][info][gc,start       ] GC(163) Pause Young (Allocation Failure)
[2026-06-17T10:05:23.198+0800][3.990s][info][gc,heap        ] GC(163) PSYoungGen: 6851K(14336K)->3444K(14336K) Eden: 6851K(7168K)->0K(7168K) From: 0K(7168K)->3444K(7168K)
[2026-06-17T10:05:23.198+0800][3.991s][info][gc,heap        ] GC(163) ParOldGen: 25690K(44032K)->25690K(44032K)
[2026-06-17T10:05:23.198+0800][3.991s][info][gc,metaspace   ] GC(163) Metaspace: 114K(320K)->114K(320K) NonClass: 107K(192K)->107K(192K) Class: 7K(128K)->7K(128K)
[2026-06-17T10:05:23.198+0800][3.991s][info][gc             ] GC(163) Pause Young (Allocation Failure) 31M->28M(57M) 1.360ms
[2026-06-17T10:05:23.198+0800][3.991s][info][gc,cpu         ] GC(163) User=0.00s Sys=0.00s Real=0.00s
[2026-06-17T10:05:23.219+0800][4.012s][info][gc,start       ] GC(164) Pause Young (Allocation Failure)
[2026-06-17T10:05:23.220+0800][4.013s][info][gc,heap        ] GC(164) PSYoungGen: 10597K(14336K)->3713K(14336K) Eden: 7153K(7168K)->0K(7168K) From: 3444K(7168K)->3713K(7168K)
[2026-06-17T10:05:23.221+0800][4.014s][info][gc,heap        ] GC(164) ParOldGen: 25690K(44032K)->29103K(44032K)
[2026-06-17T10:05:23.221+0800][4.014s][info][gc,metaspace   ] GC(164) Metaspace: 114K(320K)->114K(320K) NonClass: 107K(192K)->107K(192K) Class: 7K(128K)->7K(128K)
[2026-06-17T10:05:23.221+0800][4.014s][info][gc             ] GC(164) Pause Young (Allocation Failure) 35M->32M(57M) 2.095ms
[2026-06-17T10:05:23.222+0800][4.014s][info][gc,cpu         ] GC(164) User=0.00s Sys=0.00s Real=0.00s
[2026-06-17T10:05:23.233+0800][4.026s][info][gc,start       ] GC(165) Pause Young (Allocation Failure)
[2026-06-17T10:05:23.234+0800][4.026s][info][gc,heap        ] GC(165) PSYoungGen: 10790K(14336K)->969K(14336K) Eden: 7077K(7168K)->0K(7168K) From: 3713K(7168K)->969K(7168K)
[2026-06-17T10:05:23.234+0800][4.027s][info][gc,heap        ] GC(165) ParOldGen: 29103K(44032K)->31848K(44032K)
[2026-06-17T10:05:23.234+0800][4.027s][info][gc,metaspace   ] GC(165) Metaspace: 114K(320K)->114K(320K) NonClass: 107K(192K)->107K(192K) Class: 7K(128K)->7K(128K)
[2026-06-17T10:05:23.234+0800][4.027s][info][gc             ] GC(165) Pause Young (Allocation Failure) 38M->32M(57M) 1.474ms
[2026-06-17T10:05:23.234+0800][4.027s][info][gc,cpu         ] GC(165) User=0.00s Sys=0.00s Real=0.00s
[2026-06-17T10:05:23.255+0800][4.048s][info][gc,start       ] GC(166) Pause Young (Allocation Failure)
[2026-06-17T10:05:23.256+0800][4.049s][info][gc,heap        ] GC(166) PSYoungGen: 8136K(14336K)->3663K(14336K) Eden: 7167K(7168K)->0K(7168K) From: 969K(7168K)->3663K(7168K)
[2026-06-17T10:05:23.256+0800][4.049s][info][gc,heap        ] GC(166) ParOldGen: 31848K(44032K)->32793K(44032K)
[2026-06-17T10:05:23.257+0800][4.049s][info][gc,metaspace   ] GC(166) Metaspace: 114K(320K)->114K(320K) NonClass: 107K(192K)->107K(192K) Class: 7K(128K)->7K(128K)
[2026-06-17T10:05:23.257+0800][4.049s][info][gc             ] GC(166) Pause Young (Allocation Failure) 39M->35M(57M) 1.301ms
[2026-06-17T10:05:23.257+0800][4.050s][info][gc,cpu         ] GC(166) User=0.00s Sys=0.00s Real=0.00s
[2026-06-17T10:05:23.278+0800][4.071s][info][gc,start       ] GC(167) Pause Young (Allocation Failure)
[2026-06-17T10:05:23.279+0800][4.072s][info][gc,heap        ] GC(167) PSYoungGen: 10809K(14336K)->3114K(14336K) Eden: 7146K(7168K)->0K(7168K) From: 3663K(7168K)->3114K(7168K)
[2026-06-17T10:05:23.280+0800][4.072s][info][gc,heap        ] GC(167) ParOldGen: 32793K(44032K)->33665K(44032K)
[2026-06-17T10:05:23.280+0800][4.072s][info][gc,metaspace   ] GC(167) Metaspace: 114K(320K)->114K(320K) NonClass: 107K(192K)->107K(192K) Class: 7K(128K)->7K(128K)
[2026-06-17T10:05:23.280+0800][4.073s][info][gc             ] GC(167) Pause Young (Allocation Failure) 42M->35M(57M) 1.352ms
[2026-06-17T10:05:23.280+0800][4.073s][info][gc,cpu         ] GC(167) User=0.00s Sys=0.00s Real=0.00s
[2026-06-17T10:05:23.301+0800][4.094s][info][gc,start       ] GC(168) Pause Young (Allocation Failure)
[2026-06-17T10:05:23.302+0800][4.095s][info][gc,heap        ] GC(168) PSYoungGen: 10245K(14336K)->1287K(14336K) Eden: 7131K(7168K)->0K(7168K) From: 3114K(7168K)->1287K(7168K)
[2026-06-17T10:05:23.302+0800][4.095s][info][gc,heap        ] GC(168) ParOldGen: 33665K(44032K)->35701K(44032K)
[2026-06-17T10:05:23.303+0800][4.095s][info][gc,metaspace   ] GC(168) Metaspace: 114K(320K)->114K(320K) NonClass: 107K(192K)->107K(192K) Class: 7K(128K)->7K(128K)
[2026-06-17T10:05:23.303+0800][4.095s][info][gc             ] GC(168) Pause Young (Allocation Failure) 42M->36M(57M) 1.682ms
[2026-06-17T10:05:23.303+0800][4.096s][info][gc,cpu         ] GC(168) User=0.00s Sys=0.00s Real=0.01s
[2026-06-17T10:05:23.314+0800][4.107s][info][gc,start       ] GC(169) Pause Young (Allocation Failure)
[2026-06-17T10:05:23.315+0800][4.108s][info][gc,heap        ] GC(169) PSYoungGen: 8449K(14336K)->4820K(14336K) Eden: 7162K(7168K)->0K(7168K) From: 1287K(7168K)->4820K(7168K)
[2026-06-17T10:05:23.315+0800][4.108s][info][gc,heap        ] GC(169) ParOldGen: 35701K(44032K)->35701K(44032K)
[2026-06-17T10:05:23.315+0800][4.108s][info][gc,metaspace   ] GC(169) Metaspace: 114K(320K)->114K(320K) NonClass: 107K(192K)->107K(192K) Class: 7K(128K)->7K(128K)
[2026-06-17T10:05:23.315+0800][4.108s][info][gc             ] GC(169) Pause Young (Allocation Failure) 43M->39M(57M) 1.640ms
[2026-06-17T10:05:23.316+0800][4.108s][info][gc,cpu         ] GC(169) User=0.01s Sys=0.00s Real=0.00s
[2026-06-17T10:05:23.337+0800][4.129s][info][gc,start       ] GC(170) Pause Young (Allocation Failure)
[2026-06-17T10:05:23.338+0800][4.130s][info][gc,heap        ] GC(170) PSYoungGen: 11980K(14336K)->3056K(14336K) Eden: 7160K(7168K)->0K(7168K) From: 4820K(7168K)->3056K(7168K)
[2026-06-17T10:05:23.338+0800][4.131s][info][gc,heap        ] GC(170) ParOldGen: 35701K(44032K)->37549K(44032K)
[2026-06-17T10:05:23.338+0800][4.131s][info][gc,metaspace   ] GC(170) Metaspace: 114K(320K)->114K(320K) NonClass: 107K(192K)->107K(192K) Class: 7K(128K)->7K(128K)
[2026-06-17T10:05:23.338+0800][4.131s][info][gc             ] GC(170) Pause Young (Allocation Failure) 46M->39M(57M) 1.523ms
[2026-06-17T10:05:23.338+0800][4.131s][info][gc,cpu         ] GC(170) User=0.00s Sys=0.00s Real=0.00s
[2026-06-17T10:05:23.359+0800][4.152s][info][gc,start       ] GC(171) Pause Young (Allocation Failure)
[2026-06-17T10:05:23.360+0800][4.153s][info][gc,heap        ] GC(171) PSYoungGen: 10213K(14336K)->3310K(14848K) Eden: 7156K(7168K)->0K(7680K) From: 3056K(7168K)->3310K(7168K)
[2026-06-17T10:05:23.361+0800][4.154s][info][gc,heap        ] GC(171) ParOldGen: 37549K(44032K)->37549K(44032K)
[2026-06-17T10:05:23.361+0800][4.154s][info][gc,metaspace   ] GC(171) Metaspace: 114K(320K)->114K(320K) NonClass: 107K(192K)->107K(192K) Class: 7K(128K)->7K(128K)
[2026-06-17T10:05:23.363+0800][4.155s][info][gc             ] GC(171) Pause Young (Allocation Failure) 46M->39M(57M) 3.332ms
[2026-06-17T10:05:23.365+0800][4.158s][info][gc,cpu         ] GC(171) User=0.00s Sys=0.00s Real=0.01s
[2026-06-17T10:05:23.388+0800][4.181s][info][gc,start       ] GC(172) Pause Young (Allocation Failure)
[2026-06-17T10:05:23.389+0800][4.182s][info][gc,heap        ] GC(172) PSYoungGen: 10960K(14848K)->2399K(14336K) Eden: 7650K(7680K)->0K(7680K) From: 3310K(7168K)->2399K(6656K)
[2026-06-17T10:05:23.390+0800][4.183s][info][gc,heap        ] GC(172) ParOldGen: 37549K(44032K)->39439K(44032K)
[2026-06-17T10:05:23.390+0800][4.183s][info][gc,metaspace   ] GC(172) Metaspace: 114K(320K)->114K(320K) NonClass: 107K(192K)->107K(192K) Class: 7K(128K)->7K(128K)
[2026-06-17T10:05:23.391+0800][4.183s][info][gc             ] GC(172) Pause Young (Allocation Failure) 47M->40M(57M) 2.579ms
[2026-06-17T10:05:23.391+0800][4.184s][info][gc,cpu         ] GC(172) User=0.00s Sys=0.00s Real=0.01s
[2026-06-17T10:05:23.402+0800][4.195s][info][gc,start       ] GC(173) Pause Young (Allocation Failure)
[2026-06-17T10:05:23.403+0800][4.196s][info][gc,heap        ] GC(173) PSYoungGen: 9011K(14336K)->0K(14848K) Eden: 6612K(7680K)->0K(8192K) From: 2399K(6656K)->0K(6656K)
[2026-06-17T10:05:23.406+0800][4.199s][info][gc,heap        ] GC(173) ParOldGen: 39439K(44032K)->41655K(44032K)
[2026-06-17T10:05:23.408+0800][4.201s][info][gc,metaspace   ] GC(173) Metaspace: 114K(320K)->114K(320K) NonClass: 107K(192K)->107K(192K) Class: 7K(128K)->7K(128K)
[2026-06-17T10:05:23.409+0800][4.202s][info][gc             ] GC(173) Pause Young (Allocation Failure) 47M->40M(57M) 6.839ms
[2026-06-17T10:05:23.409+0800][4.202s][info][gc,cpu         ] GC(173) User=0.00s Sys=0.00s Real=0.01s
[2026-06-17T10:05:23.430+0800][4.223s][info][gc,start       ] GC(174) Pause Full (Allocation Failure)
[2026-06-17T10:05:23.431+0800][4.223s][info][gc,phases,start] GC(174) Marking Phase
[2026-06-17T10:05:23.432+0800][4.224s][info][gc,phases      ] GC(174) Marking Phase 1.032ms
[2026-06-17T10:05:23.432+0800][4.225s][info][gc,phases,start] GC(174) Summary Phase
[2026-06-17T10:05:23.432+0800][4.225s][info][gc,phases      ] GC(174) Summary Phase 0.234ms
[2026-06-17T10:05:23.432+0800][4.225s][info][gc,phases,start] GC(174) Forward
[2026-06-17T10:05:23.433+0800][4.225s][info][gc,phases      ] GC(174) Forward 0.279ms
[2026-06-17T10:05:23.433+0800][4.226s][info][gc,phases,start] GC(174) Adjust Pointers
[2026-06-17T10:05:23.433+0800][4.226s][info][gc,phases      ] GC(174) Adjust Pointers 0.529ms
[2026-06-17T10:05:23.433+0800][4.226s][info][gc,phases,start] GC(174) Compaction Phase
[2026-06-17T10:05:23.435+0800][4.228s][info][gc,phases      ] GC(174) Compaction Phase 1.828ms
[2026-06-17T10:05:23.436+0800][4.228s][info][gc,phases,start] GC(174) Post Compact
[2026-06-17T10:05:23.436+0800][4.229s][info][gc,phases      ] GC(174) Post Compact 0.392ms
[2026-06-17T10:05:23.436+0800][4.229s][info][gc,heap        ] GC(174) PSYoungGen: 8153K(14848K)->0K(14848K) Eden: 8153K(8192K)->0K(8192K) From: 0K(6656K)->0K(6656K)
[2026-06-17T10:05:23.436+0800][4.229s][info][gc,heap        ] GC(174) ParOldGen: 41655K(44032K)->33649K(44032K)
[2026-06-17T10:05:23.437+0800][4.229s][info][gc,metaspace   ] GC(174) Metaspace: 114K(320K)->114K(320K) NonClass: 107K(192K)->107K(192K) Class: 7K(128K)->7K(128K)
[2026-06-17T10:05:23.437+0800][4.230s][info][gc             ] GC(174) Pause Full (Allocation Failure) 48M->32M(57M) 6.522ms
[2026-06-17T10:05:23.437+0800][4.230s][info][gc,cpu         ] GC(174) User=0.01s Sys=0.00s Real=0.01s
[2026-06-17T10:05:23.458+0800][4.251s][info][gc,start       ] GC(175) Pause Young (Allocation Failure)
[2026-06-17T10:05:23.460+0800][4.252s][info][gc,heap        ] GC(175) PSYoungGen: 8188K(14848K)->4944K(13824K) Eden: 8188K(8192K)->0K(7168K) From: 0K(6656K)->4944K(6656K)
[2026-06-17T10:05:23.460+0800][4.253s][info][gc,heap        ] GC(175) ParOldGen: 33649K(44032K)->33649K(44032K)
[2026-06-17T10:05:23.461+0800][4.253s][info][gc,metaspace   ] GC(175) Metaspace: 114K(320K)->114K(320K) NonClass: 107K(192K)->107K(192K) Class: 7K(128K)->7K(128K)
[2026-06-17T10:05:23.461+0800][4.254s][info][gc             ] GC(175) Pause Young (Allocation Failure) 40M->37M(56M) 2.966ms
[2026-06-17T10:05:23.462+0800][4.255s][info][gc,cpu         ] GC(175) User=0.00s Sys=0.00s Real=0.00s
[2026-06-17T10:05:23.484+0800][4.276s][info][gc,start       ] GC(176) Pause Young (Allocation Failure)
[2026-06-17T10:05:23.485+0800][4.278s][info][gc,heap        ] GC(176) PSYoungGen: 12094K(13824K)->5117K(14336K) Eden: 7150K(7168K)->0K(7168K) From: 4944K(6656K)->5117K(7168K)
[2026-06-17T10:05:23.486+0800][4.278s][info][gc,heap        ] GC(176) ParOldGen: 33649K(44032K)->33649K(44032K)
[2026-06-17T10:05:23.486+0800][4.279s][info][gc,metaspace   ] GC(176) Metaspace: 114K(320K)->114K(320K) NonClass: 107K(192K)->107K(192K) Class: 7K(128K)->7K(128K)
[2026-06-17T10:05:23.487+0800][4.279s][info][gc             ] GC(176) Pause Young (Allocation Failure) 44M->37M(57M) 2.799ms
[2026-06-17T10:05:23.487+0800][4.280s][info][gc,cpu         ] GC(176) User=0.00s Sys=0.00s Real=0.00s
[2026-06-17T10:05:23.498+0800][4.291s][info][gc,start       ] GC(177) Pause Young (Allocation Failure)
[2026-06-17T10:05:23.499+0800][4.292s][info][gc,heap        ] GC(177) PSYoungGen: 12156K(14336K)->1337K(14336K) Eden: 7039K(7168K)->0K(7168K) From: 5117K(7168K)->1337K(7168K)
[2026-06-17T10:05:23.499+0800][4.292s][info][gc,heap        ] GC(177) ParOldGen: 33649K(44032K)->37449K(44032K)
[2026-06-17T10:05:23.500+0800][4.293s][info][gc,metaspace   ] GC(177) Metaspace: 114K(320K)->114K(320K) NonClass: 107K(192K)->107K(192K) Class: 7K(128K)->7K(128K)
[2026-06-17T10:05:23.500+0800][4.293s][info][gc             ] GC(177) Pause Young (Allocation Failure) 44M->37M(57M) 2.300ms
[2026-06-17T10:05:23.501+0800][4.294s][info][gc,cpu         ] GC(177) User=0.00s Sys=0.00s Real=0.00s
[2026-06-17T10:05:23.522+0800][4.315s][info][gc,start       ] GC(178) Pause Young (Allocation Failure)
[2026-06-17T10:05:23.524+0800][4.316s][info][gc,heap        ] GC(178) PSYoungGen: 8500K(14336K)->3598K(14336K) Eden: 7163K(7168K)->0K(7168K) From: 1337K(7168K)->3598K(7168K)
[2026-06-17T10:05:23.524+0800][4.317s][info][gc,heap        ] GC(178) ParOldGen: 37449K(44032K)->38762K(44032K)
[2026-06-17T10:05:23.525+0800][4.317s][info][gc,metaspace   ] GC(178) Metaspace: 114K(320K)->114K(320K) NonClass: 107K(192K)->107K(192K) Class: 7K(128K)->7K(128K)
[2026-06-17T10:05:23.525+0800][4.318s][info][gc             ] GC(178) Pause Young (Allocation Failure) 44M->41M(57M) 2.809ms
[2026-06-17T10:05:23.526+0800][4.318s][info][gc,cpu         ] GC(178) User=0.01s Sys=0.00s Real=0.01s
[2026-06-17T10:05:23.547+0800][4.340s][info][gc,start       ] GC(179) Pause Young (Allocation Failure)
[2026-06-17T10:05:23.549+0800][4.341s][info][gc,heap        ] GC(179) PSYoungGen: 10757K(14336K)->3507K(14336K) Eden: 7159K(7168K)->0K(7168K) From: 3598K(7168K)->3507K(7168K)
[2026-06-17T10:05:23.549+0800][4.342s][info][gc,heap        ] GC(179) ParOldGen: 38762K(44032K)->38977K(44032K)
[2026-06-17T10:05:23.550+0800][4.343s][info][gc,metaspace   ] GC(179) Metaspace: 114K(320K)->114K(320K) NonClass: 107K(192K)->107K(192K) Class: 7K(128K)->7K(128K)
[2026-06-17T10:05:23.550+0800][4.343s][info][gc             ] GC(179) Pause Young (Allocation Failure) 48M->41M(57M) 3.095ms
[2026-06-17T10:05:23.551+0800][4.344s][info][gc,cpu         ] GC(179) User=0.00s Sys=0.00s Real=0.01s
[2026-06-17T10:05:23.573+0800][4.366s][info][gc,start       ] GC(180) Pause Young (Allocation Failure)
[2026-06-17T10:05:23.580+0800][4.372s][info][gc,heap        ] GC(180) PSYoungGen: 10669K(14336K)->2282K(14336K) Eden: 7162K(7168K)->0K(7168K) From: 3507K(7168K)->2282K(7168K)
[2026-06-17T10:05:23.583+0800][4.376s][info][gc,heap        ] GC(180) ParOldGen: 38977K(44032K)->40886K(44032K)
[2026-06-17T10:05:23.583+0800][4.376s][info][gc,metaspace   ] GC(180) Metaspace: 114K(320K)->114K(320K) NonClass: 107K(192K)->107K(192K) Class: 7K(128K)->7K(128K)
[2026-06-17T10:05:23.588+0800][4.381s][info][gc             ] GC(180) Pause Young (Allocation Failure) 48M->42M(57M) 15.026ms
[2026-06-17T10:05:23.592+0800][4.385s][info][gc,cpu         ] GC(180) User=0.00s Sys=0.00s Real=0.02s
[2026-06-17T10:05:23.620+0800][4.413s][info][gc,start       ] GC(181) Pause Full (Allocation Failure)
[2026-06-17T10:05:23.622+0800][4.415s][info][gc,phases,start] GC(181) Marking Phase
[2026-06-17T10:05:23.625+0800][4.418s][info][gc,phases      ] GC(181) Marking Phase 2.526ms
[2026-06-17T10:05:23.631+0800][4.424s][info][gc,phases,start] GC(181) Summary Phase
[2026-06-17T10:05:23.631+0800][4.424s][info][gc,phases      ] GC(181) Summary Phase 0.468ms
[2026-06-17T10:05:23.634+0800][4.427s][info][gc,phases,start] GC(181) Forward
[2026-06-17T10:05:23.635+0800][4.428s][info][gc,phases      ] GC(181) Forward 0.573ms
[2026-06-17T10:05:23.636+0800][4.429s][info][gc,phases,start] GC(181) Adjust Pointers
[2026-06-17T10:05:23.639+0800][4.432s][info][gc,phases      ] GC(181) Adjust Pointers 2.452ms
[2026-06-17T10:05:23.640+0800][4.433s][info][gc,phases,start] GC(181) Compaction Phase
[2026-06-17T10:05:23.645+0800][4.438s][info][gc,phases      ] GC(181) Compaction Phase 4.943ms
[2026-06-17T10:05:23.646+0800][4.439s][info][gc,phases,start] GC(181) Post Compact
[2026-06-17T10:05:23.646+0800][4.439s][info][gc,phases      ] GC(181) Post Compact 0.433ms
[2026-06-17T10:05:23.648+0800][4.441s][info][gc,heap        ] GC(181) PSYoungGen: 9448K(14336K)->0K(14848K) Eden: 7165K(7168K)->0K(8192K) From: 2282K(7168K)->0K(6656K)
[2026-06-17T10:05:23.650+0800][4.443s][info][gc,heap        ] GC(181) ParOldGen: 40886K(44032K)->31099K(44032K)
[2026-06-17T10:05:23.651+0800][4.444s][info][gc,metaspace   ] GC(181) Metaspace: 114K(320K)->114K(320K) NonClass: 107K(192K)->107K(192K) Class: 7K(128K)->7K(128K)
[2026-06-17T10:05:23.652+0800][4.445s][info][gc             ] GC(181) Pause Full (Allocation Failure) 49M->30M(57M) 31.533ms
[2026-06-17T10:05:23.654+0800][4.446s][info][gc,cpu         ] GC(181) User=0.01s Sys=0.00s Real=0.04s
[2026-06-17T10:05:23.677+0800][4.470s][info][gc,start       ] GC(182) Pause Young (Allocation Failure)
[2026-06-17T10:05:23.683+0800][4.476s][info][gc,heap        ] GC(182) PSYoungGen: 8160K(14848K)->5070K(13312K) Eden: 8160K(8192K)->0K(8192K) From: 0K(6656K)->5070K(5120K)
[2026-06-17T10:05:23.686+0800][4.479s][info][gc,heap        ] GC(182) ParOldGen: 31099K(44032K)->31099K(44032K)
[2026-06-17T10:05:23.692+0800][4.485s][info][gc,metaspace   ] GC(182) Metaspace: 114K(320K)->114K(320K) NonClass: 107K(192K)->107K(192K) Class: 7K(128K)->7K(128K)
[2026-06-17T10:05:23.693+0800][4.486s][info][gc             ] GC(182) Pause Young (Allocation Failure) 38M->35M(56M) 16.130ms
[2026-06-17T10:05:23.694+0800][4.486s][info][gc,cpu         ] GC(182) User=0.00s Sys=0.00s Real=0.02s
[2026-06-17T10:05:23.720+0800][4.512s][info][gc,start       ] GC(183) Pause Young (Allocation Failure)
[2026-06-17T10:05:23.721+0800][4.514s][info][gc,heap        ] GC(183) PSYoungGen: 13250K(13312K)->6213K(14336K) Eden: 8180K(8192K)->0K(7168K) From: 5070K(5120K)->6213K(7168K)
[2026-06-17T10:05:23.721+0800][4.514s][info][gc,heap        ] GC(183) ParOldGen: 31099K(44032K)->31099K(44032K)
[2026-06-17T10:05:23.722+0800][4.514s][info][gc,metaspace   ] GC(183) Metaspace: 114K(320K)->114K(320K) NonClass: 107K(192K)->107K(192K) Class: 7K(128K)->7K(128K)
[2026-06-17T10:05:23.722+0800][4.515s][info][gc             ] GC(183) Pause Young (Allocation Failure) 43M->36M(57M) 2.536ms
[2026-06-17T10:05:23.723+0800][4.515s][info][gc,cpu         ] GC(183) User=0.00s Sys=0.00s Real=0.01s
[2026-06-17T10:05:23.734+0800][4.526s][info][gc,start       ] GC(184) Pause Young (Allocation Failure)
[2026-06-17T10:05:23.735+0800][4.528s][info][gc,heap        ] GC(184) PSYoungGen: 13368K(14336K)->4698K(14336K) Eden: 7155K(7168K)->0K(7168K) From: 6213K(7168K)->4698K(7168K)
[2026-06-17T10:05:23.736+0800][4.528s][info][gc,heap        ] GC(184) ParOldGen: 31099K(44032K)->35953K(44032K)
[2026-06-17T10:05:23.736+0800][4.529s][info][gc,metaspace   ] GC(184) Metaspace: 114K(320K)->114K(320K) NonClass: 107K(192K)->107K(192K) Class: 7K(128K)->7K(128K)
[2026-06-17T10:05:23.736+0800][4.529s][info][gc             ] GC(184) Pause Young (Allocation Failure) 43M->39M(57M) 2.583ms
[2026-06-17T10:05:23.736+0800][4.529s][info][gc,cpu         ] GC(184) User=0.00s Sys=0.00s Real=0.00s
[2026-06-17T10:05:23.758+0800][4.551s][info][gc,start       ] GC(185) Pause Young (Allocation Failure)
[2026-06-17T10:05:23.760+0800][4.552s][info][gc,heap        ] GC(185) PSYoungGen: 11831K(14336K)->4688K(14336K) Eden: 7132K(7168K)->0K(7168K) From: 4698K(7168K)->4688K(7168K)
[2026-06-17T10:05:23.760+0800][4.553s][info][gc,heap        ] GC(185) ParOldGen: 35953K(44032K)->35953K(44032K)
[2026-06-17T10:05:23.761+0800][4.554s][info][gc,metaspace   ] GC(185) Metaspace: 114K(320K)->114K(320K) NonClass: 107K(192K)->107K(192K) Class: 7K(128K)->7K(128K)
[2026-06-17T10:05:23.762+0800][4.554s][info][gc             ] GC(185) Pause Young (Allocation Failure) 46M->39M(57M) 3.441ms
[2026-06-17T10:05:23.762+0800][4.555s][info][gc,cpu         ] GC(185) User=0.00s Sys=0.00s Real=0.00s
[2026-06-17T10:05:23.784+0800][4.577s][info][gc,start       ] GC(186) Pause Young (Allocation Failure)
[2026-06-17T10:05:23.786+0800][4.578s][info][gc,heap        ] GC(186) PSYoungGen: 11803K(14336K)->3288K(14336K) Eden: 7115K(7168K)->0K(7168K) From: 4688K(7168K)->3288K(7168K)
[2026-06-17T10:05:23.788+0800][4.581s][info][gc,heap        ] GC(186) ParOldGen: 35953K(44032K)->37365K(44032K)
[2026-06-17T10:05:23.789+0800][4.582s][info][gc,metaspace   ] GC(186) Metaspace: 114K(320K)->114K(320K) NonClass: 107K(192K)->107K(192K) Class: 7K(128K)->7K(128K)
[2026-06-17T10:05:23.789+0800][4.582s][info][gc             ] GC(186) Pause Young (Allocation Failure) 46M->39M(57M) 5.618ms
[2026-06-17T10:05:23.790+0800][4.583s][info][gc,cpu         ] GC(186) User=0.01s Sys=0.00s Real=0.00s
[2026-06-17T10:05:23.812+0800][4.605s][info][gc,start       ] GC(187) Pause Young (Allocation Failure)
[2026-06-17T10:05:23.813+0800][4.606s][info][gc,heap        ] GC(187) PSYoungGen: 10421K(14336K)->3697K(14336K) Eden: 7133K(7168K)->0K(7168K) From: 3288K(7168K)->3697K(7168K)
[2026-06-17T10:05:23.814+0800][4.606s][info][gc,heap        ] GC(187) ParOldGen: 37365K(44032K)->37365K(44032K)
[2026-06-17T10:05:23.814+0800][4.607s][info][gc,metaspace   ] GC(187) Metaspace: 114K(320K)->114K(320K) NonClass: 107K(192K)->107K(192K) Class: 7K(128K)->7K(128K)
[2026-06-17T10:05:23.815+0800][4.608s][info][gc             ] GC(187) Pause Young (Allocation Failure) 46M->40M(57M) 3.008ms
[2026-06-17T10:05:23.816+0800][4.608s][info][gc,cpu         ] GC(187) User=0.00s Sys=0.00s Real=0.00s
[2026-06-17T10:05:23.838+0800][4.630s][info][gc,start       ] GC(188) Pause Young (Allocation Failure)
[2026-06-17T10:05:23.839+0800][4.632s][info][gc,heap        ] GC(188) PSYoungGen: 10853K(14336K)->3803K(14336K) Eden: 7155K(7168K)->0K(7168K) From: 3697K(7168K)->3803K(7168K)
[2026-06-17T10:05:23.840+0800][4.633s][info][gc,heap        ] GC(188) ParOldGen: 37365K(44032K)->37365K(44032K)
[2026-06-17T10:05:23.841+0800][4.634s][info][gc,metaspace   ] GC(188) Metaspace: 114K(320K)->114K(320K) NonClass: 107K(192K)->107K(192K) Class: 7K(128K)->7K(128K)
[2026-06-17T10:05:23.841+0800][4.634s][info][gc             ] GC(188) Pause Young (Allocation Failure) 47M->40M(57M) 3.716ms
[2026-06-17T10:05:23.842+0800][4.635s][info][gc,cpu         ] GC(188) User=0.00s Sys=0.00s Real=0.00s
[2026-06-17T10:05:23.854+0800][4.647s][info][gc,start       ] GC(189) Pause Young (Allocation Failure)
[2026-06-17T10:05:23.856+0800][4.649s][info][gc,heap        ] GC(189) PSYoungGen: 10966K(14336K)->6563K(13824K) Eden: 7163K(7168K)->0K(7168K) From: 3803K(7168K)->6563K(6656K)
[2026-06-17T10:05:23.856+0800][4.649s][info][gc,heap        ] GC(189) ParOldGen: 37365K(44032K)->38210K(44032K)
[2026-06-17T10:05:23.857+0800][4.650s][info][gc,metaspace   ] GC(189) Metaspace: 114K(320K)->114K(320K) NonClass: 107K(192K)->107K(192K) Class: 7K(128K)->7K(128K)
[2026-06-17T10:05:23.858+0800][4.650s][info][gc             ] GC(189) Pause Young (Allocation Failure) 47M->43M(56M) 3.680ms
[2026-06-17T10:05:23.858+0800][4.651s][info][gc,cpu         ] GC(189) User=0.00s Sys=0.00s Real=0.00s
[2026-06-17T10:05:23.880+0800][4.673s][info][gc,start       ] GC(190) Pause Young (Allocation Failure)
[2026-06-17T10:05:23.883+0800][4.676s][info][gc,heap        ] GC(190) PSYoungGen: 13684K(13824K)->4049K(14336K) Eden: 7120K(7168K)->0K(7168K) From: 6563K(6656K)->4049K(7168K)
[2026-06-17T10:05:23.885+0800][4.678s][info][gc,heap        ] GC(190) ParOldGen: 38210K(44032K)->40842K(44032K)
[2026-06-17T10:05:23.886+0800][4.679s][info][gc,metaspace   ] GC(190) Metaspace: 114K(320K)->114K(320K) NonClass: 107K(192K)->107K(192K) Class: 7K(128K)->7K(128K)
[2026-06-17T10:05:23.887+0800][4.680s][info][gc             ] GC(190) Pause Young (Allocation Failure) 50M->43M(57M) 6.609ms
[2026-06-17T10:05:23.888+0800][4.681s][info][gc,cpu         ] GC(190) User=0.00s Sys=0.00s Real=0.01s
[2026-06-17T10:05:23.911+0800][4.704s][info][gc,start       ] GC(191) Pause Full (Allocation Failure)
[2026-06-17T10:05:23.913+0800][4.705s][info][gc,phases,start] GC(191) Marking Phase
[2026-06-17T10:05:23.915+0800][4.708s][info][gc,phases      ] GC(191) Marking Phase 2.157ms
[2026-06-17T10:05:23.915+0800][4.708s][info][gc,phases,start] GC(191) Summary Phase
[2026-06-17T10:05:23.916+0800][4.709s][info][gc,phases      ] GC(191) Summary Phase 0.579ms
[2026-06-17T10:05:23.916+0800][4.709s][info][gc,phases,start] GC(191) Forward
[2026-06-17T10:05:23.917+0800][4.710s][info][gc,phases      ] GC(191) Forward 0.699ms
[2026-06-17T10:05:23.918+0800][4.710s][info][gc,phases,start] GC(191) Adjust Pointers
[2026-06-17T10:05:23.919+0800][4.712s][info][gc,phases      ] GC(191) Adjust Pointers 1.664ms
[2026-06-17T10:05:23.920+0800][4.712s][info][gc,phases,start] GC(191) Compaction Phase
[2026-06-17T10:05:23.922+0800][4.714s][info][gc,phases      ] GC(191) Compaction Phase 2.072ms
[2026-06-17T10:05:23.922+0800][4.715s][info][gc,phases,start] GC(191) Post Compact
[2026-06-17T10:05:23.923+0800][4.715s][info][gc,phases      ] GC(191) Post Compact 0.386ms
[2026-06-17T10:05:23.923+0800][4.716s][info][gc,heap        ] GC(191) PSYoungGen: 11180K(14336K)->0K(14336K) Eden: 7130K(7168K)->0K(7168K) From: 4049K(7168K)->0K(7168K)
[2026-06-17T10:05:23.923+0800][4.716s][info][gc,heap        ] GC(191) ParOldGen: 40842K(44032K)->26485K(44032K)
[2026-06-17T10:05:23.923+0800][4.716s][info][gc,metaspace   ] GC(191) Metaspace: 114K(320K)->114K(320K) NonClass: 107K(192K)->107K(192K) Class: 7K(128K)->7K(128K)
[2026-06-17T10:05:23.924+0800][4.717s][info][gc             ] GC(191) Pause Full (Allocation Failure) 50M->25M(57M) 12.968ms
[2026-06-17T10:05:23.924+0800][4.717s][info][gc,cpu         ] GC(191) User=0.00s Sys=0.00s Real=0.01s
[2026-06-17T10:05:23.936+0800][4.729s][info][gc,start       ] GC(192) Pause Young (Allocation Failure)
[2026-06-17T10:05:23.937+0800][4.730s][info][gc,heap        ] GC(192) PSYoungGen: 7001K(14336K)->3534K(14336K) Eden: 7001K(7168K)->0K(7168K) From: 0K(7168K)->3534K(7168K)
[2026-06-17T10:05:23.938+0800][4.730s][info][gc,heap        ] GC(192) ParOldGen: 26485K(44032K)->26485K(44032K)
[2026-06-17T10:05:23.938+0800][4.731s][info][gc,metaspace   ] GC(192) Metaspace: 114K(320K)->114K(320K) NonClass: 107K(192K)->107K(192K) Class: 7K(128K)->7K(128K)
[2026-06-17T10:05:23.939+0800][4.731s][info][gc             ] GC(192) Pause Young (Allocation Failure) 32M->29M(57M) 2.778ms
[2026-06-17T10:05:23.939+0800][4.732s][info][gc,cpu         ] GC(192) User=0.01s Sys=0.00s Real=0.00s
[2026-06-17T10:05:23.960+0800][4.753s][info][gc,start       ] GC(193) Pause Young (Allocation Failure)
[2026-06-17T10:05:23.962+0800][4.755s][info][gc,heap        ] GC(193) PSYoungGen: 10650K(14336K)->6961K(14336K) Eden: 7116K(7168K)->0K(7168K) From: 3534K(7168K)->6961K(7168K)
[2026-06-17T10:05:23.963+0800][4.755s][info][gc,heap        ] GC(193) ParOldGen: 26485K(44032K)->26713K(44032K)
[2026-06-17T10:05:23.963+0800][4.756s][info][gc,metaspace   ] GC(193) Metaspace: 114K(320K)->114K(320K) NonClass: 107K(192K)->107K(192K) Class: 7K(128K)->7K(128K)
[2026-06-17T10:05:23.963+0800][4.756s][info][gc             ] GC(193) Pause Young (Allocation Failure) 36M->32M(57M) 2.756ms
[2026-06-17T10:05:23.964+0800][4.756s][info][gc,cpu         ] GC(193) User=0.00s Sys=0.00s Real=0.01s
[2026-06-17T10:05:23.974+0800][4.767s][info][gc,start       ] GC(194) Pause Young (Allocation Failure)
[2026-06-17T10:05:23.976+0800][4.768s][info][gc,heap        ] GC(194) PSYoungGen: 14010K(14336K)->7001K(14336K) Eden: 7048K(7168K)->0K(7168K) From: 6961K(7168K)->7001K(7168K)
[2026-06-17T10:05:23.976+0800][4.769s][info][gc,heap        ] GC(194) ParOldGen: 26713K(44032K)->26901K(44032K)
[2026-06-17T10:05:23.976+0800][4.769s][info][gc,metaspace   ] GC(194) Metaspace: 114K(320K)->114K(320K) NonClass: 107K(192K)->107K(192K) Class: 7K(128K)->7K(128K)
[2026-06-17T10:05:23.977+0800][4.770s][info][gc             ] GC(194) Pause Young (Allocation Failure) 39M->33M(57M) 2.362ms
[2026-06-17T10:05:23.977+0800][4.770s][info][gc,cpu         ] GC(194) User=0.00s Sys=0.00s Real=0.00s
[2026-06-17T10:05:23.999+0800][4.791s][info][gc,start       ] GC(195) Pause Young (Allocation Failure)
[2026-06-17T10:05:24.000+0800][4.793s][info][gc,heap        ] GC(195) PSYoungGen: 14156K(14336K)->5509K(14336K) Eden: 7154K(7168K)->0K(7168K) From: 7001K(7168K)->5509K(7168K)
[2026-06-17T10:05:24.001+0800][4.794s][info][gc,heap        ] GC(195) ParOldGen: 26901K(44032K)->32150K(44032K)
[2026-06-17T10:05:24.001+0800][4.794s][info][gc,metaspace   ] GC(195) Metaspace: 114K(320K)->114K(320K) NonClass: 107K(192K)->107K(192K) Class: 7K(128K)->7K(128K)
[2026-06-17T10:05:24.001+0800][4.794s][info][gc             ] GC(195) Pause Young (Allocation Failure) 40M->36M(57M) 2.735ms
[2026-06-17T10:05:24.002+0800][4.794s][info][gc,cpu         ] GC(195) User=0.00s Sys=0.00s Real=0.00s
[2026-06-17T10:05:24.023+0800][4.816s][info][gc,start       ] GC(196) Pause Young (Allocation Failure)
[2026-06-17T10:05:24.024+0800][4.817s][info][gc,heap        ] GC(196) PSYoungGen: 12628K(14336K)->3756K(14336K) Eden: 7119K(7168K)->0K(7168K) From: 5509K(7168K)->3756K(7168K)
[2026-06-17T10:05:24.025+0800][4.818s][info][gc,heap        ] GC(196) ParOldGen: 32150K(44032K)->34277K(44032K)
[2026-06-17T10:05:24.025+0800][4.818s][info][gc,metaspace   ] GC(196) Metaspace: 114K(320K)->114K(320K) NonClass: 107K(192K)->107K(192K) Class: 7K(128K)->7K(128K)
[2026-06-17T10:05:24.026+0800][4.818s][info][gc             ] GC(196) Pause Young (Allocation Failure) 43M->37M(57M) 2.596ms
[2026-06-17T10:05:24.026+0800][4.819s][info][gc,cpu         ] GC(196) User=0.00s Sys=0.00s Real=0.00s
[2026-06-17T10:05:24.048+0800][4.840s][info][gc,start       ] GC(197) Pause Young (Allocation Failure)
[2026-06-17T10:05:24.049+0800][4.842s][info][gc,heap        ] GC(197) PSYoungGen: 10891K(14336K)->1724K(14336K) Eden: 7135K(7168K)->0K(7168K) From: 3756K(7168K)->1724K(7168K)
[2026-06-17T10:05:24.049+0800][4.842s][info][gc,heap        ] GC(197) ParOldGen: 34277K(44032K)->36351K(44032K)
[2026-06-17T10:05:24.050+0800][4.843s][info][gc,metaspace   ] GC(197) Metaspace: 114K(320K)->114K(320K) NonClass: 107K(192K)->107K(192K) Class: 7K(128K)->7K(128K)
[2026-06-17T10:05:24.050+0800][4.843s][info][gc             ] GC(197) Pause Young (Allocation Failure) 44M->37M(57M) 2.553ms
[2026-06-17T10:05:24.050+0800][4.843s][info][gc,cpu         ] GC(197) User=0.00s Sys=0.00s Real=0.01s
[2026-06-17T10:05:24.072+0800][4.865s][info][gc,start       ] GC(198) Pause Young (Allocation Failure)
[2026-06-17T10:05:24.073+0800][4.866s][info][gc,heap        ] GC(198) PSYoungGen: 8858K(14336K)->2089K(14336K) Eden: 7134K(7168K)->0K(7168K) From: 1724K(7168K)->2089K(7168K)
[2026-06-17T10:05:24.073+0800][4.866s][info][gc,heap        ] GC(198) ParOldGen: 36351K(44032K)->36351K(44032K)
[2026-06-17T10:05:24.074+0800][4.867s][info][gc,metaspace   ] GC(198) Metaspace: 114K(320K)->114K(320K) NonClass: 107K(192K)->107K(192K) Class: 7K(128K)->7K(128K)
[2026-06-17T10:05:24.074+0800][4.867s][info][gc             ] GC(198) Pause Young (Allocation Failure) 44M->37M(57M) 2.265ms
[2026-06-17T10:05:24.074+0800][4.867s][info][gc,cpu         ] GC(198) User=0.00s Sys=0.00s Real=0.00s
[2026-06-17T10:05:24.086+0800][4.878s][info][gc,start       ] GC(199) Pause Young (Allocation Failure)
[2026-06-17T10:05:24.087+0800][4.879s][info][gc,heap        ] GC(199) PSYoungGen: 9234K(14336K)->32K(14336K) Eden: 7145K(7168K)->0K(7168K) From: 2089K(7168K)->32K(7168K)
[2026-06-17T10:05:24.087+0800][4.880s][info][gc,heap        ] GC(199) ParOldGen: 36351K(44032K)->38351K(44032K)
[2026-06-17T10:05:24.087+0800][4.880s][info][gc,metaspace   ] GC(199) Metaspace: 114K(320K)->114K(320K) NonClass: 107K(192K)->107K(192K) Class: 7K(128K)->7K(128K)
[2026-06-17T10:05:24.088+0800][4.881s][info][gc             ] GC(199) Pause Young (Allocation Failure) 44M->37M(57M) 2.303ms
[2026-06-17T10:05:24.088+0800][4.881s][info][gc,cpu         ] GC(199) User=0.00s Sys=0.01s Real=0.00s
[2026-06-17T10:05:24.110+0800][4.902s][info][gc,start       ] GC(200) Pause Young (Allocation Failure)
[2026-06-17T10:05:24.111+0800][4.904s][info][gc,heap        ] GC(200) PSYoungGen: 7187K(14336K)->3634K(14336K) Eden: 7155K(7168K)->0K(7168K) From: 32K(7168K)->3634K(7168K)
[2026-06-17T10:05:24.112+0800][4.905s][info][gc,heap        ] GC(200) ParOldGen: 38351K(44032K)->38351K(44032K)
[2026-06-17T10:05:24.112+0800][4.905s][info][gc,metaspace   ] GC(200) Metaspace: 114K(320K)->114K(320K) NonClass: 107K(192K)->107K(192K) Class: 7K(128K)->7K(128K)
[2026-06-17T10:05:24.113+0800][4.905s][info][gc             ] GC(200) Pause Young (Allocation Failure) 44M->41M(57M) 3.039ms
[2026-06-17T10:05:24.113+0800][4.906s][info][gc,cpu         ] GC(200) User=0.00s Sys=0.00s Real=0.01s
[2026-06-17T10:05:24.135+0800][4.928s][info][gc,start       ] GC(201) Pause Young (Allocation Failure)
[2026-06-17T10:05:24.137+0800][4.929s][info][gc,heap        ] GC(201) PSYoungGen: 10801K(14336K)->2860K(14336K) Eden: 7166K(7168K)->0K(7168K) From: 3634K(7168K)->2860K(7168K)
[2026-06-17T10:05:24.137+0800][4.930s][info][gc,heap        ] GC(201) ParOldGen: 38351K(44032K)->39930K(44032K)
[2026-06-17T10:05:24.138+0800][4.931s][info][gc,metaspace   ] GC(201) Metaspace: 114K(320K)->114K(320K) NonClass: 107K(192K)->107K(192K) Class: 7K(128K)->7K(128K)
[2026-06-17T10:05:24.139+0800][4.931s][info][gc             ] GC(201) Pause Young (Allocation Failure) 48M->41M(57M) 3.615ms
[2026-06-17T10:05:24.139+0800][4.932s][info][gc,cpu         ] GC(201) User=0.00s Sys=0.00s Real=0.00s
[2026-06-17T10:05:24.161+0800][4.954s][info][gc,start       ] GC(202) Pause Full (Allocation Failure)
[2026-06-17T10:05:24.162+0800][4.955s][info][gc,phases,start] GC(202) Marking Phase
[2026-06-17T10:05:24.164+0800][4.957s][info][gc,phases      ] GC(202) Marking Phase 2.349ms
[2026-06-17T10:05:24.165+0800][4.958s][info][gc,phases,start] GC(202) Summary Phase
[2026-06-17T10:05:24.165+0800][4.958s][info][gc,phases      ] GC(202) Summary Phase 0.607ms
[2026-06-17T10:05:24.166+0800][4.959s][info][gc,phases,start] GC(202) Forward
[2026-06-17T10:05:24.167+0800][4.960s][info][gc,phases      ] GC(202) Forward 0.744ms
[2026-06-17T10:05:24.168+0800][4.960s][info][gc,phases,start] GC(202) Adjust Pointers
[2026-06-17T10:05:24.168+0800][4.961s][info][gc,phases      ] GC(202) Adjust Pointers 0.636ms
[2026-06-17T10:05:24.168+0800][4.961s][info][gc,phases,start] GC(202) Compaction Phase
[2026-06-17T10:05:24.170+0800][4.963s][info][gc,phases      ] GC(202) Compaction Phase 1.532ms
[2026-06-17T10:05:24.170+0800][4.963s][info][gc,phases,start] GC(202) Post Compact
[2026-06-17T10:05:24.171+0800][4.963s][info][gc,phases      ] GC(202) Post Compact 0.352ms
[2026-06-17T10:05:24.171+0800][4.964s][info][gc,heap        ] GC(202) PSYoungGen: 9994K(14336K)->0K(14336K) Eden: 7133K(7168K)->0K(7168K) From: 2860K(7168K)->0K(7168K)
[2026-06-17T10:05:24.171+0800][4.964s][info][gc,heap        ] GC(202) ParOldGen: 39930K(44032K)->30988K(44032K)
[2026-06-17T10:05:24.171+0800][4.964s][info][gc,metaspace   ] GC(202) Metaspace: 114K(320K)->114K(320K) NonClass: 107K(192K)->107K(192K) Class: 7K(128K)->7K(128K)
[2026-06-17T10:05:24.172+0800][4.964s][info][gc             ] GC(202) Pause Full (Allocation Failure) 48M->30M(57M) 10.667ms
[2026-06-17T10:05:24.172+0800][4.965s][info][gc,cpu         ] GC(202) User=0.00s Sys=0.00s Real=0.02s
[2026-06-17T10:05:24.183+0800][4.976s][info][gc,start       ] GC(203) Pause Young (Allocation Failure)
[2026-06-17T10:05:24.184+0800][4.977s][info][gc,heap        ] GC(203) PSYoungGen: 7158K(14336K)->7085K(14336K) Eden: 7158K(7168K)->0K(7168K) From: 0K(7168K)->7085K(7168K)
[2026-06-17T10:05:24.185+0800][4.977s][info][gc,heap        ] GC(203) ParOldGen: 30988K(44032K)->31108K(44032K)
[2026-06-17T10:05:24.185+0800][4.978s][info][gc,metaspace   ] GC(203) Metaspace: 114K(320K)->114K(320K) NonClass: 107K(192K)->107K(192K) Class: 7K(128K)->7K(128K)
[2026-06-17T10:05:24.185+0800][4.978s][info][gc             ] GC(203) Pause Young (Allocation Failure) 37M->37M(57M) 2.047ms
[2026-06-17T10:05:24.185+0800][4.978s][info][gc,cpu         ] GC(203) User=0.01s Sys=0.00s Real=0.00s
[2026-06-17T10:05:24.207+0800][4.999s][info][gc,start       ] GC(204) Pause Young (Allocation Failure)
[2026-06-17T10:05:24.208+0800][5.001s][info][gc,heap        ] GC(204) PSYoungGen: 14247K(14336K)->2018K(14336K) Eden: 7162K(7168K)->0K(7168K) From: 7085K(7168K)->2018K(7168K)
[2026-06-17T10:05:24.208+0800][5.001s][info][gc,heap        ] GC(204) ParOldGen: 31108K(44032K)->36008K(44032K)
[2026-06-17T10:05:24.208+0800][5.001s][info][gc,metaspace   ] GC(204) Metaspace: 114K(320K)->114K(320K) NonClass: 107K(192K)->107K(192K) Class: 7K(128K)->7K(128K)
[2026-06-17T10:05:24.209+0800][5.002s][info][gc             ] GC(204) Pause Young (Allocation Failure) 44M->37M(57M) 2.193ms
[2026-06-17T10:05:24.209+0800][5.002s][info][gc,cpu         ] GC(204) User=0.00s Sys=0.00s Real=0.00s
[2026-06-17T10:05:24.220+0800][5.013s][info][gc,start       ] GC(205) Pause Young (Allocation Failure)
[2026-06-17T10:05:24.221+0800][5.014s][info][gc,heap        ] GC(205) PSYoungGen: 9160K(14336K)->5317K(14336K) Eden: 7141K(7168K)->0K(7168K) From: 2018K(7168K)->5317K(7168K)
[2026-06-17T10:05:24.222+0800][5.014s][info][gc,heap        ] GC(205) ParOldGen: 36008K(44032K)->36008K(44032K)
[2026-06-17T10:05:24.222+0800][5.015s][info][gc,metaspace   ] GC(205) Metaspace: 114K(320K)->114K(320K) NonClass: 107K(192K)->107K(192K) Class: 7K(128K)->7K(128K)
[2026-06-17T10:05:24.222+0800][5.015s][info][gc             ] GC(205) Pause Young (Allocation Failure) 44M->40M(57M) 1.913ms
[2026-06-17T10:05:24.222+0800][5.015s][info][gc,cpu         ] GC(205) User=0.00s Sys=0.00s Real=0.00s
[2026-06-17T10:05:24.244+0800][5.036s][info][gc,start       ] GC(206) Pause Young (Allocation Failure)
[2026-06-17T10:05:24.246+0800][5.038s][info][gc,heap        ] GC(206) PSYoungGen: 12298K(14336K)->362K(14336K) Eden: 6981K(7168K)->0K(7168K) From: 5317K(7168K)->362K(7168K)
[2026-06-17T10:05:24.247+0800][5.040s][info][gc,heap        ] GC(206) ParOldGen: 36008K(44032K)->38076K(44032K)
[2026-06-17T10:05:24.251+0800][5.044s][info][gc,metaspace   ] GC(206) Metaspace: 114K(320K)->114K(320K) NonClass: 107K(192K)->107K(192K) Class: 7K(128K)->7K(128K)
[2026-06-17T10:05:24.251+0800][5.044s][info][gc             ] GC(206) Pause Young (Allocation Failure) 47M->37M(57M) 7.929ms
[2026-06-17T10:05:24.255+0800][5.048s][info][gc,cpu         ] GC(206) User=0.00s Sys=0.00s Real=0.01s
[2026-06-17T10:05:24.280+0800][5.073s][info][gc,start       ] GC(207) Pause Young (Allocation Failure)
[2026-06-17T10:05:24.282+0800][5.075s][info][gc,heap        ] GC(207) PSYoungGen: 7510K(14336K)->4078K(14336K) Eden: 7148K(7168K)->0K(7168K) From: 362K(7168K)->4078K(7168K)
[2026-06-17T10:05:24.283+0800][5.076s][info][gc,heap        ] GC(207) ParOldGen: 38076K(44032K)->38076K(44032K)
[2026-06-17T10:05:24.283+0800][5.076s][info][gc,metaspace   ] GC(207) Metaspace: 114K(320K)->114K(320K) NonClass: 107K(192K)->107K(192K) Class: 7K(128K)->7K(128K)
[2026-06-17T10:05:24.284+0800][5.077s][info][gc             ] GC(207) Pause Young (Allocation Failure) 44M->41M(57M) 3.881ms
[2026-06-17T10:05:24.284+0800][5.077s][info][gc,cpu         ] GC(207) User=0.00s Sys=0.00s Real=0.01s
[2026-06-17T10:05:24.306+0800][5.099s][info][gc,start       ] GC(208) Pause Young (Allocation Failure)
[2026-06-17T10:05:24.308+0800][5.101s][info][gc,heap        ] GC(208) PSYoungGen: 11209K(14336K)->2634K(14336K) Eden: 7130K(7168K)->0K(7168K) From: 4078K(7168K)->2634K(7168K)
[2026-06-17T10:05:24.309+0800][5.102s][info][gc,heap        ] GC(208) ParOldGen: 38076K(44032K)->39919K(44032K)
[2026-06-17T10:05:24.309+0800][5.102s][info][gc,metaspace   ] GC(208) Metaspace: 114K(320K)->114K(320K) NonClass: 107K(192K)->107K(192K) Class: 7K(128K)->7K(128K)
[2026-06-17T10:05:24.310+0800][5.103s][info][gc             ] GC(208) Pause Young (Allocation Failure) 48M->41M(57M) 3.354ms
[2026-06-17T10:05:24.310+0800][5.103s][info][gc,cpu         ] GC(208) User=0.00s Sys=0.00s Real=0.00s
[2026-06-17T10:05:24.332+0800][5.125s][info][gc,start       ] GC(209) Pause Full (Allocation Failure)
[2026-06-17T10:05:24.332+0800][5.125s][info][gc,phases,start] GC(209) Marking Phase
[2026-06-17T10:05:24.334+0800][5.127s][info][gc,phases      ] GC(209) Marking Phase 1.565ms
[2026-06-17T10:05:24.335+0800][5.128s][info][gc,phases,start] GC(209) Summary Phase
[2026-06-17T10:05:24.335+0800][5.128s][info][gc,phases      ] GC(209) Summary Phase 0.409ms
[2026-06-17T10:05:24.336+0800][5.128s][info][gc,phases,start] GC(209) Forward
[2026-06-17T10:05:24.336+0800][5.129s][info][gc,phases      ] GC(209) Forward 0.517ms
[2026-06-17T10:05:24.336+0800][5.129s][info][gc,phases,start] GC(209) Adjust Pointers
[2026-06-17T10:05:24.337+0800][5.130s][info][gc,phases      ] GC(209) Adjust Pointers 0.743ms
[2026-06-17T10:05:24.337+0800][5.130s][info][gc,phases,start] GC(209) Compaction Phase
[2026-06-17T10:05:24.339+0800][5.132s][info][gc,phases      ] GC(209) Compaction Phase 1.439ms
[2026-06-17T10:05:24.339+0800][5.132s][info][gc,phases,start] GC(209) Post Compact
[2026-06-17T10:05:24.339+0800][5.132s][info][gc,phases      ] GC(209) Post Compact 0.222ms
[2026-06-17T10:05:24.339+0800][5.132s][info][gc,heap        ] GC(209) PSYoungGen: 9801K(14336K)->0K(14336K) Eden: 7167K(7168K)->0K(7168K) From: 2634K(7168K)->0K(7168K)
[2026-06-17T10:05:24.340+0800][5.132s][info][gc,heap        ] GC(209) ParOldGen: 39919K(44032K)->30079K(44032K)
[2026-06-17T10:05:24.340+0800][5.133s][info][gc,metaspace   ] GC(209) Metaspace: 114K(320K)->114K(320K) NonClass: 107K(192K)->107K(192K) Class: 7K(128K)->7K(128K)
[2026-06-17T10:05:24.340+0800][5.133s][info][gc             ] GC(209) Pause Full (Allocation Failure) 48M->29M(57M) 8.009ms
[2026-06-17T10:05:24.340+0800][5.133s][info][gc,cpu         ] GC(209) User=0.01s Sys=0.00s Real=0.00s
[2026-06-17T10:05:24.351+0800][5.144s][info][gc,start       ] GC(210) Pause Young (Allocation Failure)
[2026-06-17T10:05:24.352+0800][5.145s][info][gc,heap        ] GC(210) PSYoungGen: 7168K(14336K)->7036K(14336K) Eden: 7168K(7168K)->0K(7168K) From: 0K(7168K)->7036K(7168K)
[2026-06-17T10:05:24.352+0800][5.145s][info][gc,heap        ] GC(210) ParOldGen: 30079K(44032K)->30234K(44032K)
[2026-06-17T10:05:24.352+0800][5.145s][info][gc,metaspace   ] GC(210) Metaspace: 114K(320K)->114K(320K) NonClass: 107K(192K)->107K(192K) Class: 7K(128K)->7K(128K)
[2026-06-17T10:05:24.353+0800][5.145s][info][gc             ] GC(210) Pause Young (Allocation Failure) 36M->36M(57M) 1.653ms
[2026-06-17T10:05:24.353+0800][5.146s][info][gc,cpu         ] GC(210) User=0.00s Sys=0.00s Real=0.00s
[2026-06-17T10:05:24.374+0800][5.167s][info][gc,start       ] GC(211) Pause Young (Allocation Failure)
[2026-06-17T10:05:24.376+0800][5.169s][info][gc,heap        ] GC(211) PSYoungGen: 14176K(14336K)->2403K(14336K) Eden: 7139K(7168K)->0K(7168K) From: 7036K(7168K)->2403K(7168K)
[2026-06-17T10:05:24.376+0800][5.169s][info][gc,heap        ] GC(211) ParOldGen: 30234K(44032K)->35038K(44032K)
[2026-06-17T10:05:24.377+0800][5.170s][info][gc,metaspace   ] GC(211) Metaspace: 114K(320K)->114K(320K) NonClass: 107K(192K)->107K(192K) Class: 7K(128K)->7K(128K)
[2026-06-17T10:05:24.377+0800][5.170s][info][gc             ] GC(211) Pause Young (Allocation Failure) 43M->36M(57M) 3.036ms
[2026-06-17T10:05:24.378+0800][5.170s][info][gc,cpu         ] GC(211) User=0.00s Sys=0.00s Real=0.00s
[2026-06-17T10:05:24.389+0800][5.182s][info][gc,start       ] GC(212) Pause Young (Allocation Failure)
[2026-06-17T10:05:24.390+0800][5.183s][info][gc,heap        ] GC(212) PSYoungGen: 8712K(14336K)->1770K(14336K) Eden: 6308K(7168K)->0K(7168K) From: 2403K(7168K)->1770K(7168K)
[2026-06-17T10:05:24.391+0800][5.184s][info][gc,heap        ] GC(212) ParOldGen: 35038K(44032K)->35038K(44032K)
[2026-06-17T10:05:24.391+0800][5.184s][info][gc,metaspace   ] GC(212) Metaspace: 114K(320K)->114K(320K) NonClass: 107K(192K)->107K(192K) Class: 7K(128K)->7K(128K)
[2026-06-17T10:05:24.392+0800][5.184s][info][gc             ] GC(212) Pause Young (Allocation Failure) 42M->35M(57M) 2.548ms
[2026-06-17T10:05:24.392+0800][5.185s][info][gc,cpu         ] GC(212) User=0.00s Sys=0.00s Real=0.01s
[2026-06-17T10:05:24.414+0800][5.206s][info][gc,start       ] GC(213) Pause Young (Allocation Failure)
[2026-06-17T10:05:24.415+0800][5.208s][info][gc,heap        ] GC(213) PSYoungGen: 8929K(14336K)->3781K(14336K) Eden: 7159K(7168K)->0K(7168K) From: 1770K(7168K)->3781K(7168K)
[2026-06-17T10:05:24.416+0800][5.209s][info][gc,heap        ] GC(213) ParOldGen: 35038K(44032K)->36784K(44032K)
[2026-06-17T10:05:24.418+0800][5.211s][info][gc,metaspace   ] GC(213) Metaspace: 114K(320K)->114K(320K) NonClass: 107K(192K)->107K(192K) Class: 7K(128K)->7K(128K)
[2026-06-17T10:05:24.420+0800][5.213s][info][gc             ] GC(213) Pause Young (Allocation Failure) 42M->39M(57M) 6.779ms
[2026-06-17T10:05:24.421+0800][5.214s][info][gc,cpu         ] GC(213) User=0.00s Sys=0.00s Real=0.00s
[2026-06-17T10:05:24.444+0800][5.237s][info][gc,start       ] GC(214) Pause Young (Allocation Failure)
[2026-06-17T10:05:24.445+0800][5.238s][info][gc,heap        ] GC(214) PSYoungGen: 10918K(14336K)->2993K(14336K) Eden: 7137K(7168K)->0K(7168K) From: 3781K(7168K)->2993K(7168K)
[2026-06-17T10:05:24.446+0800][5.239s][info][gc,heap        ] GC(214) ParOldGen: 36784K(44032K)->37924K(44032K)
[2026-06-17T10:05:24.446+0800][5.239s][info][gc,metaspace   ] GC(214) Metaspace: 114K(320K)->114K(320K) NonClass: 107K(192K)->107K(192K) Class: 7K(128K)->7K(128K)
[2026-06-17T10:05:24.447+0800][5.239s][info][gc             ] GC(214) Pause Young (Allocation Failure) 46M->39M(57M) 2.584ms
[2026-06-17T10:05:24.447+0800][5.240s][info][gc,cpu         ] GC(214) User=0.00s Sys=0.00s Real=0.00s
[2026-06-17T10:05:24.459+0800][5.252s][info][gc,start       ] GC(215) Pause Young (Allocation Failure)
[2026-06-17T10:05:24.461+0800][5.253s][info][gc,heap        ] GC(215) PSYoungGen: 10116K(14336K)->3186K(14336K) Eden: 7122K(7168K)->0K(7168K) From: 2993K(7168K)->3186K(7168K)
[2026-06-17T10:05:24.461+0800][5.254s][info][gc,heap        ] GC(215) ParOldGen: 37924K(44032K)->37924K(44032K)
[2026-06-17T10:05:24.462+0800][5.255s][info][gc,metaspace   ] GC(215) Metaspace: 114K(320K)->114K(320K) NonClass: 107K(192K)->107K(192K) Class: 7K(128K)->7K(128K)
[2026-06-17T10:05:24.462+0800][5.255s][info][gc             ] GC(215) Pause Young (Allocation Failure) 46M->40M(57M) 3.104ms
[2026-06-17T10:05:24.463+0800][5.255s][info][gc,cpu         ] GC(215) User=0.00s Sys=0.00s Real=0.01s
[2026-06-17T10:05:24.485+0800][5.278s][info][gc,start       ] GC(216) Pause Young (Allocation Failure)
[2026-06-17T10:05:24.488+0800][5.280s][info][gc,heap        ] GC(216) PSYoungGen: 10339K(14336K)->3542K(14336K) Eden: 7153K(7168K)->0K(7168K) From: 3186K(7168K)->3542K(7168K)
[2026-06-17T10:05:24.488+0800][5.281s][info][gc,heap        ] GC(216) ParOldGen: 37924K(44032K)->41063K(44032K)
[2026-06-17T10:05:24.489+0800][5.282s][info][gc,metaspace   ] GC(216) Metaspace: 114K(320K)->114K(320K) NonClass: 107K(192K)->107K(192K) Class: 7K(128K)->7K(128K)
[2026-06-17T10:05:24.490+0800][5.283s][info][gc             ] GC(216) Pause Young (Allocation Failure) 47M->43M(57M) 4.929ms
[2026-06-17T10:05:24.491+0800][5.283s][info][gc,cpu         ] GC(216) User=0.00s Sys=0.00s Real=0.01s
[2026-06-17T10:05:24.503+0800][5.296s][info][gc,start       ] GC(217) Pause Full (Allocation Failure)
[2026-06-17T10:05:24.504+0800][5.297s][info][gc,phases,start] GC(217) Marking Phase
[2026-06-17T10:05:24.507+0800][5.300s][info][gc,phases      ] GC(217) Marking Phase 3.309ms
[2026-06-17T10:05:24.508+0800][5.301s][info][gc,phases,start] GC(217) Summary Phase
[2026-06-17T10:05:24.509+0800][5.301s][info][gc,phases      ] GC(217) Summary Phase 0.725ms
[2026-06-17T10:05:24.509+0800][5.302s][info][gc,phases,start] GC(217) Forward
[2026-06-17T10:05:24.510+0800][5.303s][info][gc,phases      ] GC(217) Forward 0.887ms
[2026-06-17T10:05:24.511+0800][5.303s][info][gc,phases,start] GC(217) Adjust Pointers
[2026-06-17T10:05:24.512+0800][5.305s][info][gc,phases      ] GC(217) Adjust Pointers 1.358ms
[2026-06-17T10:05:24.513+0800][5.305s][info][gc,phases,start] GC(217) Compaction Phase
[2026-06-17T10:05:24.515+0800][5.307s][info][gc,phases      ] GC(217) Compaction Phase 2.146ms
[2026-06-17T10:05:24.515+0800][5.308s][info][gc,phases,start] GC(217) Post Compact
[2026-06-17T10:05:24.516+0800][5.308s][info][gc,phases      ] GC(217) Post Compact 0.422ms
[2026-06-17T10:05:24.516+0800][5.309s][info][gc,heap        ] GC(217) PSYoungGen: 10425K(14336K)->0K(14336K) Eden: 6883K(7168K)->0K(7168K) From: 3542K(7168K)->0K(7168K)
[2026-06-17T10:05:24.516+0800][5.309s][info][gc,heap        ] GC(217) ParOldGen: 41063K(44032K)->31371K(44032K)
[2026-06-17T10:05:24.517+0800][5.310s][info][gc,metaspace   ] GC(217) Metaspace: 114K(320K)->114K(320K) NonClass: 107K(192K)->107K(192K) Class: 7K(128K)->7K(128K)
[2026-06-17T10:05:24.517+0800][5.310s][info][gc             ] GC(217) Pause Full (Allocation Failure) 50M->30M(57M) 14.253ms
[2026-06-17T10:05:24.517+0800][5.310s][info][gc,cpu         ] GC(217) User=0.01s Sys=0.00s Real=0.01s
[2026-06-17T10:05:24.549+0800][5.342s][info][gc,start       ] GC(218) Pause Young (Allocation Failure)
[2026-06-17T10:05:24.551+0800][5.344s][info][gc,heap        ] GC(218) PSYoungGen: 7121K(14336K)->515K(14336K) Eden: 7121K(7168K)->0K(7168K) From: 0K(7168K)->515K(7168K)
[2026-06-17T10:05:24.552+0800][5.345s][info][gc,heap        ] GC(218) ParOldGen: 31371K(44032K)->31371K(44032K)
[2026-06-17T10:05:24.553+0800][5.345s][info][gc,metaspace   ] GC(218) Metaspace: 114K(320K)->114K(320K) NonClass: 107K(192K)->107K(192K) Class: 7K(128K)->7K(128K)
[2026-06-17T10:05:24.553+0800][5.346s][info][gc             ] GC(218) Pause Young (Allocation Failure) 37M->31M(57M) 3.818ms
[2026-06-17T10:05:24.554+0800][5.346s][info][gc,cpu         ] GC(218) User=0.00s Sys=0.00s Real=0.01s
[2026-06-17T10:05:24.566+0800][5.358s][info][gc,start       ] GC(219) Pause Young (Allocation Failure)
[2026-06-17T10:05:24.568+0800][5.360s][info][gc,heap        ] GC(219) PSYoungGen: 7653K(14336K)->4047K(14336K) Eden: 7138K(7168K)->0K(7168K) From: 515K(7168K)->4047K(7168K)
[2026-06-17T10:05:24.568+0800][5.361s][info][gc,heap        ] GC(219) ParOldGen: 31371K(44032K)->31371K(44032K)
[2026-06-17T10:05:24.569+0800][5.362s][info][gc,metaspace   ] GC(219) Metaspace: 114K(320K)->114K(320K) NonClass: 107K(192K)->107K(192K) Class: 7K(128K)->7K(128K)
[2026-06-17T10:05:24.569+0800][5.362s][info][gc             ] GC(219) Pause Young (Allocation Failure) 38M->34M(57M) 3.798ms
[2026-06-17T10:05:24.570+0800][5.363s][info][gc,cpu         ] GC(219) User=0.00s Sys=0.00s Real=0.00s
[2026-06-17T10:05:24.592+0800][5.384s][info][gc,start       ] GC(220) Pause Young (Allocation Failure)
[2026-06-17T10:05:24.593+0800][5.385s][info][gc,heap        ] GC(220) PSYoungGen: 11196K(14336K)->3590K(14336K) Eden: 7149K(7168K)->0K(7168K) From: 4047K(7168K)->3590K(7168K)
[2026-06-17T10:05:24.593+0800][5.386s][info][gc,heap        ] GC(220) ParOldGen: 31371K(44032K)->31660K(44032K)
[2026-06-17T10:05:24.593+0800][5.386s][info][gc,metaspace   ] GC(220) Metaspace: 114K(320K)->114K(320K) NonClass: 107K(192K)->107K(192K) Class: 7K(128K)->7K(128K)
[2026-06-17T10:05:24.594+0800][5.386s][info][gc             ] GC(220) Pause Young (Allocation Failure) 41M->34M(57M) 2.097ms
[2026-06-17T10:05:24.594+0800][5.387s][info][gc,cpu         ] GC(220) User=0.00s Sys=0.00s Real=0.00s
[2026-06-17T10:05:24.605+0800][5.398s][info][gc,start       ] GC(221) Pause Young (Allocation Failure)
[2026-06-17T10:05:24.607+0800][5.399s][info][gc,heap        ] GC(221) PSYoungGen: 10747K(14336K)->6916K(14336K) Eden: 7156K(7168K)->0K(7168K) From: 3590K(7168K)->6916K(7168K)
[2026-06-17T10:05:24.607+0800][5.400s][info][gc,heap        ] GC(221) ParOldGen: 31660K(44032K)->31967K(44032K)
[2026-06-17T10:05:24.607+0800][5.400s][info][gc,metaspace   ] GC(221) Metaspace: 114K(320K)->114K(320K) NonClass: 107K(192K)->107K(192K) Class: 7K(128K)->7K(128K)
[2026-06-17T10:05:24.608+0800][5.400s][info][gc             ] GC(221) Pause Young (Allocation Failure) 41M->37M(57M) 2.461ms
[2026-06-17T10:05:24.608+0800][5.401s][info][gc,cpu         ] GC(221) User=0.00s Sys=0.01s Real=0.00s
[2026-06-17T10:05:24.629+0800][5.422s][info][gc,start       ] GC(222) Pause Young (Allocation Failure)
[2026-06-17T10:05:24.630+0800][5.423s][info][gc,heap        ] GC(222) PSYoungGen: 14042K(14336K)->1975K(14336K) Eden: 7126K(7168K)->0K(7168K) From: 6916K(7168K)->1975K(7168K)
[2026-06-17T10:05:24.630+0800][5.423s][info][gc,heap        ] GC(222) ParOldGen: 31967K(44032K)->33927K(44032K)
[2026-06-17T10:05:24.631+0800][5.423s][info][gc,metaspace   ] GC(222) Metaspace: 114K(320K)->114K(320K) NonClass: 107K(192K)->107K(192K) Class: 7K(128K)->7K(128K)
[2026-06-17T10:05:24.631+0800][5.424s][info][gc             ] GC(222) Pause Young (Allocation Failure) 44M->35M(57M) 1.799ms
[2026-06-17T10:05:24.631+0800][5.424s][info][gc,cpu         ] GC(222) User=0.00s Sys=0.00s Real=0.01s
[2026-06-17T10:05:24.652+0800][5.445s][info][gc,start       ] GC(223) Pause Young (Allocation Failure)
[2026-06-17T10:05:24.654+0800][5.447s][info][gc,heap        ] GC(223) PSYoungGen: 9132K(14336K)->3937K(14336K) Eden: 7157K(7168K)->0K(7168K) From: 1975K(7168K)->3937K(7168K)
[2026-06-17T10:05:24.654+0800][5.447s][info][gc,heap        ] GC(223) ParOldGen: 33927K(44032K)->35854K(44032K)
[2026-06-17T10:05:24.655+0800][5.447s][info][gc,metaspace   ] GC(223) Metaspace: 114K(320K)->114K(320K) NonClass: 107K(192K)->107K(192K) Class: 7K(128K)->7K(128K)
[2026-06-17T10:05:24.655+0800][5.448s][info][gc             ] GC(223) Pause Young (Allocation Failure) 42M->38M(57M) 2.526ms
[2026-06-17T10:05:24.655+0800][5.448s][info][gc,cpu         ] GC(223) User=0.00s Sys=0.00s Real=0.00s
[2026-06-17T10:05:24.667+0800][5.459s][info][gc,start       ] GC(224) Pause Young (Allocation Failure)
[2026-06-17T10:05:24.668+0800][5.461s][info][gc,heap        ] GC(224) PSYoungGen: 10891K(14336K)->3940K(14336K) Eden: 6954K(7168K)->0K(7168K) From: 3937K(7168K)->3940K(7168K)
[2026-06-17T10:05:24.668+0800][5.461s][info][gc,heap        ] GC(224) ParOldGen: 35854K(44032K)->35854K(44032K)
[2026-06-17T10:05:24.669+0800][5.461s][info][gc,metaspace   ] GC(224) Metaspace: 114K(320K)->114K(320K) NonClass: 107K(192K)->107K(192K) Class: 7K(128K)->7K(128K)
[2026-06-17T10:05:24.669+0800][5.462s][info][gc             ] GC(224) Pause Young (Allocation Failure) 45M->38M(57M) 2.075ms
[2026-06-17T10:05:24.670+0800][5.462s][info][gc,cpu         ] GC(224) User=0.00s Sys=0.00s Real=0.00s
[2026-06-17T10:05:24.691+0800][5.484s][info][gc,start       ] GC(225) Pause Young (Allocation Failure)
[2026-06-17T10:05:24.693+0800][5.486s][info][gc,heap        ] GC(225) PSYoungGen: 11098K(14336K)->3726K(14336K) Eden: 7158K(7168K)->0K(7168K) From: 3940K(7168K)->3726K(7168K)
[2026-06-17T10:05:24.695+0800][5.487s][info][gc,heap        ] GC(225) ParOldGen: 35854K(44032K)->39770K(44032K)
[2026-06-17T10:05:24.695+0800][5.488s][info][gc,metaspace   ] GC(225) Metaspace: 114K(320K)->114K(320K) NonClass: 107K(192K)->107K(192K) Class: 7K(128K)->7K(128K)
[2026-06-17T10:05:24.695+0800][5.488s][info][gc             ] GC(225) Pause Young (Allocation Failure) 45M->42M(57M) 4.218ms
[2026-06-17T10:05:24.696+0800][5.489s][info][gc,cpu         ] GC(225) User=0.00s Sys=0.00s Real=0.00s
[2026-06-17T10:05:24.718+0800][5.510s][info][gc,start       ] GC(226) Pause Full (Allocation Failure)
[2026-06-17T10:05:24.718+0800][5.511s][info][gc,phases,start] GC(226) Marking Phase
[2026-06-17T10:05:24.722+0800][5.515s][info][gc,phases      ] GC(226) Marking Phase 3.327ms
[2026-06-17T10:05:24.722+0800][5.515s][info][gc,phases,start] GC(226) Summary Phase
[2026-06-17T10:05:24.723+0800][5.516s][info][gc,phases      ] GC(226) Summary Phase 0.588ms
[2026-06-17T10:05:24.724+0800][5.516s][info][gc,phases,start] GC(226) Forward
[2026-06-17T10:05:24.726+0800][5.518s][info][gc,phases      ] GC(226) Forward 2.030ms
[2026-06-17T10:05:24.726+0800][5.519s][info][gc,phases,start] GC(226) Adjust Pointers
[2026-06-17T10:05:24.728+0800][5.520s][info][gc,phases      ] GC(226) Adjust Pointers 1.544ms
[2026-06-17T10:05:24.728+0800][5.521s][info][gc,phases,start] GC(226) Compaction Phase
[2026-06-17T10:05:24.731+0800][5.524s][info][gc,phases      ] GC(226) Compaction Phase 2.842ms
[2026-06-17T10:05:24.731+0800][5.524s][info][gc,phases,start] GC(226) Post Compact
[2026-06-17T10:05:24.732+0800][5.524s][info][gc,phases      ] GC(226) Post Compact 0.317ms
[2026-06-17T10:05:24.732+0800][5.525s][info][gc,heap        ] GC(226) PSYoungGen: 10886K(14336K)->0K(14336K) Eden: 7159K(7168K)->0K(7168K) From: 3726K(7168K)->0K(7168K)
[2026-06-17T10:05:24.732+0800][5.525s][info][gc,heap        ] GC(226) ParOldGen: 39770K(44032K)->31827K(44032K)
[2026-06-17T10:05:24.732+0800][5.525s][info][gc,metaspace   ] GC(226) Metaspace: 114K(320K)->114K(320K) NonClass: 107K(192K)->107K(192K) Class: 7K(128K)->7K(128K)
[2026-06-17T10:05:24.733+0800][5.525s][info][gc             ] GC(226) Pause Full (Allocation Failure) 49M->31M(57M) 14.951ms
[2026-06-17T10:05:24.733+0800][5.525s][info][gc,cpu         ] GC(226) User=0.02s Sys=0.00s Real=0.02s
[2026-06-17T10:05:24.755+0800][5.547s][info][gc,start       ] GC(227) Pause Young (Allocation Failure)
[2026-06-17T10:05:24.757+0800][5.550s][info][gc,heap        ] GC(227) PSYoungGen: 7147K(14336K)->3612K(14848K) Eden: 7147K(7168K)->0K(7680K) From: 0K(7168K)->3612K(7168K)
[2026-06-17T10:05:24.758+0800][5.551s][info][gc,heap        ] GC(227) ParOldGen: 31827K(44032K)->31827K(44032K)
[2026-06-17T10:05:24.759+0800][5.551s][info][gc,metaspace   ] GC(227) Metaspace: 114K(320K)->114K(320K) NonClass: 107K(192K)->107K(192K) Class: 7K(128K)->7K(128K)
[2026-06-17T10:05:24.759+0800][5.552s][info][gc             ] GC(227) Pause Young (Allocation Failure) 38M->34M(57M) 4.481ms
[2026-06-17T10:05:24.760+0800][5.552s][info][gc,cpu         ] GC(227) User=0.00s Sys=0.00s Real=0.00s
[2026-06-17T10:05:24.772+0800][5.565s][info][gc,start       ] GC(228) Pause Young (Allocation Failure)
[2026-06-17T10:05:24.775+0800][5.568s][info][gc,heap        ] GC(228) PSYoungGen: 11292K(14848K)->6634K(14336K) Eden: 7680K(7680K)->0K(7680K) From: 3612K(7168K)->6634K(6656K)
[2026-06-17T10:05:24.778+0800][5.571s][info][gc,heap        ] GC(228) ParOldGen: 31827K(44032K)->32985K(44032K)
[2026-06-17T10:05:24.782+0800][5.575s][info][gc,metaspace   ] GC(228) Metaspace: 114K(320K)->114K(320K) NonClass: 107K(192K)->107K(192K) Class: 7K(128K)->7K(128K)
[2026-06-17T10:05:24.783+0800][5.576s][info][gc             ] GC(228) Pause Young (Allocation Failure) 42M->38M(57M) 10.842ms
[2026-06-17T10:05:24.783+0800][5.576s][info][gc,cpu         ] GC(228) User=0.01s Sys=0.00s Real=0.01s
[2026-06-17T10:05:24.806+0800][5.599s][info][gc,start       ] GC(229) Pause Young (Allocation Failure)
[2026-06-17T10:05:24.808+0800][5.601s][info][gc,heap        ] GC(229) PSYoungGen: 14060K(14336K)->466K(14336K) Eden: 7425K(7680K)->0K(7168K) From: 6634K(6656K)->466K(7168K)
[2026-06-17T10:05:24.809+0800][5.601s][info][gc,heap        ] GC(229) ParOldGen: 32985K(44032K)->36446K(44032K)
[2026-06-17T10:05:24.809+0800][5.602s][info][gc,metaspace   ] GC(229) Metaspace: 114K(320K)->114K(320K) NonClass: 107K(192K)->107K(192K) Class: 7K(128K)->7K(128K)
[2026-06-17T10:05:24.810+0800][5.602s][info][gc             ] GC(229) Pause Young (Allocation Failure) 45M->36M(57M) 3.245ms
[2026-06-17T10:05:24.810+0800][5.603s][info][gc,cpu         ] GC(229) User=0.00s Sys=0.00s Real=0.00s
[2026-06-17T10:05:24.833+0800][5.625s][info][gc,start       ] GC(230) Pause Young (Allocation Failure)
[2026-06-17T10:05:24.835+0800][5.627s][info][gc,heap        ] GC(230) PSYoungGen: 7617K(14336K)->3834K(14336K) Eden: 7151K(7168K)->0K(7168K) From: 466K(7168K)->3834K(7168K)
[2026-06-17T10:05:24.835+0800][5.628s][info][gc,heap        ] GC(230) ParOldGen: 36446K(44032K)->36446K(44032K)
[2026-06-17T10:05:24.836+0800][5.629s][info][gc,metaspace   ] GC(230) Metaspace: 114K(320K)->114K(320K) NonClass: 107K(192K)->107K(192K) Class: 7K(128K)->7K(128K)
[2026-06-17T10:05:24.836+0800][5.629s][info][gc             ] GC(230) Pause Young (Allocation Failure) 43M->39M(57M) 3.986ms
[2026-06-17T10:05:24.837+0800][5.630s][info][gc,cpu         ] GC(230) User=0.00s Sys=0.00s Real=0.00s
[2026-06-17T10:05:24.859+0800][5.652s][info][gc,start       ] GC(231) Pause Young (Allocation Failure)
[2026-06-17T10:05:24.862+0800][5.654s][info][gc,heap        ] GC(231) PSYoungGen: 10989K(14336K)->2553K(14336K) Eden: 7154K(7168K)->0K(7168K) From: 3834K(7168K)->2553K(7168K)
[2026-06-17T10:05:24.862+0800][5.655s][info][gc,heap        ] GC(231) ParOldGen: 36446K(44032K)->38082K(44032K)
[2026-06-17T10:05:24.863+0800][5.656s][info][gc,metaspace   ] GC(231) Metaspace: 114K(320K)->114K(320K) NonClass: 107K(192K)->107K(192K) Class: 7K(128K)->7K(128K)
[2026-06-17T10:05:24.864+0800][5.656s][info][gc             ] GC(231) Pause Young (Allocation Failure) 46M->39M(57M) 4.318ms
[2026-06-17T10:05:24.864+0800][5.657s][info][gc,cpu         ] GC(231) User=0.00s Sys=0.00s Real=0.01s
[2026-06-17T10:05:24.876+0800][5.669s][info][gc,start       ] GC(232) Pause Young (Allocation Failure)
[2026-06-17T10:05:24.879+0800][5.671s][info][gc,heap        ] GC(232) PSYoungGen: 9039K(14336K)->2018K(14336K) Eden: 6485K(7168K)->0K(7168K) From: 2553K(7168K)->2018K(7168K)
[2026-06-17T10:05:24.879+0800][5.672s][info][gc,heap        ] GC(232) ParOldGen: 38082K(44032K)->38082K(44032K)
[2026-06-17T10:05:24.880+0800][5.673s][info][gc,metaspace   ] GC(232) Metaspace: 114K(320K)->114K(320K) NonClass: 107K(192K)->107K(192K) Class: 7K(128K)->7K(128K)
[2026-06-17T10:05:24.881+0800][5.673s][info][gc             ] GC(232) Pause Young (Allocation Failure) 46M->39M(57M) 4.481ms
[2026-06-17T10:05:24.881+0800][5.674s][info][gc,cpu         ] GC(232) User=0.00s Sys=0.01s Real=0.00s
[2026-06-17T10:05:24.904+0800][5.697s][info][gc,start       ] GC(233) Pause Young (Allocation Failure)
[2026-06-17T10:05:24.907+0800][5.700s][info][gc,heap        ] GC(233) PSYoungGen: 9181K(14336K)->3855K(14336K) Eden: 7162K(7168K)->0K(7168K) From: 2018K(7168K)->3855K(7168K)
[2026-06-17T10:05:24.909+0800][5.702s][info][gc,heap        ] GC(233) ParOldGen: 38082K(44032K)->40076K(44032K)
[2026-06-17T10:05:24.913+0800][5.706s][info][gc,metaspace   ] GC(233) Metaspace: 114K(320K)->114K(320K) NonClass: 107K(192K)->107K(192K) Class: 7K(128K)->7K(128K)
[2026-06-17T10:05:24.914+0800][5.707s][info][gc             ] GC(233) Pause Young (Allocation Failure) 46M->42M(57M) 9.859ms
[2026-06-17T10:05:24.914+0800][5.707s][info][gc,cpu         ] GC(233) User=0.00s Sys=0.00s Real=0.01s
[2026-06-17T10:05:24.937+0800][5.730s][info][gc,start       ] GC(234) Pause Full (Allocation Failure)
[2026-06-17T10:05:24.938+0800][5.730s][info][gc,phases,start] GC(234) Marking Phase
[2026-06-17T10:05:24.942+0800][5.734s][info][gc,phases      ] GC(234) Marking Phase 3.977ms
[2026-06-17T10:05:24.987+0800][5.780s][info][gc,phases,start] GC(234) Summary Phase
[2026-06-17T10:05:25.052+0800][5.845s][info][gc,phases      ] GC(234) Summary Phase 65.522ms
[2026-06-17T10:05:25.053+0800][5.846s][info][gc,phases,start] GC(234) Forward
[2026-06-17T10:05:25.054+0800][5.847s][info][gc,phases      ] GC(234) Forward 0.873ms
[2026-06-17T10:05:25.055+0800][5.847s][info][gc,phases,start] GC(234) Adjust Pointers
[2026-06-17T10:05:25.063+0800][5.856s][info][gc,phases      ] GC(234) Adjust Pointers 8.799ms
[2026-06-17T10:05:25.071+0800][5.864s][info][gc,phases,start] GC(234) Compaction Phase
[2026-06-17T10:05:25.074+0800][5.867s][info][gc,phases      ] GC(234) Compaction Phase 3.412ms
[2026-06-17T10:05:25.075+0800][5.868s][info][gc,phases,start] GC(234) Post Compact
[2026-06-17T10:05:25.076+0800][5.869s][info][gc,phases      ] GC(234) Post Compact 0.777ms
[2026-06-17T10:05:25.076+0800][5.869s][info][gc,heap        ] GC(234) PSYoungGen: 11015K(14336K)->0K(14336K) Eden: 7160K(7168K)->0K(7168K) From: 3855K(7168K)->0K(7168K)
[2026-06-17T10:05:25.077+0800][5.870s][info][gc,heap        ] GC(234) ParOldGen: 40076K(44032K)->25595K(44032K)
[2026-06-17T10:05:25.078+0800][5.870s][info][gc,metaspace   ] GC(234) Metaspace: 114K(320K)->114K(320K) NonClass: 107K(192K)->107K(192K) Class: 7K(128K)->7K(128K)
[2026-06-17T10:05:25.078+0800][5.871s][info][gc             ] GC(234) Pause Full (Allocation Failure) 49M->24M(57M) 141.503ms
[2026-06-17T10:05:25.079+0800][5.872s][info][gc,cpu         ] GC(234) User=0.01s Sys=0.00s Real=0.14s
[2026-06-17T10:05:25.091+0800][5.884s][info][gc,start       ] GC(235) Pause Young (Allocation Failure)
[2026-06-17T10:05:25.092+0800][5.885s][info][gc,heap        ] GC(235) PSYoungGen: 7134K(14336K)->7163K(14336K) Eden: 7134K(7168K)->0K(7168K) From: 0K(7168K)->7163K(7168K)
[2026-06-17T10:05:25.093+0800][5.885s][info][gc,heap        ] GC(235) ParOldGen: 25595K(44032K)->25637K(44032K)
[2026-06-17T10:05:25.093+0800][5.886s][info][gc,metaspace   ] GC(235) Metaspace: 114K(320K)->114K(320K) NonClass: 107K(192K)->107K(192K) Class: 7K(128K)->7K(128K)
[2026-06-17T10:05:25.093+0800][5.886s][info][gc             ] GC(235) Pause Young (Allocation Failure) 31M->32M(57M) 2.321ms
[2026-06-17T10:05:25.093+0800][5.886s][info][gc,cpu         ] GC(235) User=0.00s Sys=0.00s Real=0.00s
[2026-06-17T10:05:25.115+0800][5.908s][info][gc,start       ] GC(236) Pause Young (Allocation Failure)
[2026-06-17T10:05:25.116+0800][5.909s][info][gc,heap        ] GC(236) PSYoungGen: 14184K(14336K)->32K(14336K) Eden: 7020K(7168K)->0K(7168K) From: 7163K(7168K)->32K(7168K)
[2026-06-17T10:05:25.117+0800][5.910s][info][gc,heap        ] GC(236) ParOldGen: 25637K(44032K)->29391K(44032K)
[2026-06-17T10:05:25.117+0800][5.910s][info][gc,metaspace   ] GC(236) Metaspace: 114K(320K)->114K(320K) NonClass: 107K(192K)->107K(192K) Class: 7K(128K)->7K(128K)
[2026-06-17T10:05:25.118+0800][5.910s][info][gc             ] GC(236) Pause Young (Allocation Failure) 38M->28M(57M) 2.452ms
[2026-06-17T10:05:25.118+0800][5.911s][info][gc,cpu         ] GC(236) User=0.00s Sys=0.00s Real=0.00s
[2026-06-17T10:05:25.140+0800][5.933s][info][gc,start       ] GC(237) Pause Young (Allocation Failure)
[2026-06-17T10:05:25.141+0800][5.934s][info][gc,heap        ] GC(237) PSYoungGen: 7162K(14336K)->3726K(14336K) Eden: 7130K(7168K)->0K(7168K) From: 32K(7168K)->3726K(7168K)
[2026-06-17T10:05:25.143+0800][5.935s][info][gc,heap        ] GC(237) ParOldGen: 29391K(44032K)->29391K(44032K)
[2026-06-17T10:05:25.143+0800][5.936s][info][gc,metaspace   ] GC(237) Metaspace: 114K(320K)->114K(320K) NonClass: 107K(192K)->107K(192K) Class: 7K(128K)->7K(128K)
[2026-06-17T10:05:25.144+0800][5.937s][info][gc             ] GC(237) Pause Young (Allocation Failure) 35M->32M(57M) 4.350ms
[2026-06-17T10:05:25.145+0800][5.937s][info][gc,cpu         ] GC(237) User=0.00s Sys=0.00s Real=0.01s
[2026-06-17T10:05:25.156+0800][5.949s][info][gc,start       ] GC(238) Pause Young (Allocation Failure)
[2026-06-17T10:05:25.158+0800][5.950s][info][gc,heap        ] GC(238) PSYoungGen: 10879K(14336K)->1519K(14336K) Eden: 7153K(7168K)->0K(7168K) From: 3726K(7168K)->1519K(7168K)
[2026-06-17T10:05:25.158+0800][5.951s][info][gc,heap        ] GC(238) ParOldGen: 29391K(44032K)->31432K(44032K)
[2026-06-17T10:05:25.158+0800][5.951s][info][gc,metaspace   ] GC(238) Metaspace: 114K(320K)->114K(320K) NonClass: 107K(192K)->107K(192K) Class: 7K(128K)->7K(128K)
[2026-06-17T10:05:25.159+0800][5.952s][info][gc             ] GC(238) Pause Young (Allocation Failure) 39M->32M(57M) 2.556ms
[2026-06-17T10:05:25.159+0800][5.952s][info][gc,cpu         ] GC(238) User=0.00s Sys=0.00s Real=0.00s
[2026-06-17T10:05:25.181+0800][5.974s][info][gc,start       ] GC(239) Pause Young (Allocation Failure)
[2026-06-17T10:05:25.183+0800][5.976s][info][gc,heap        ] GC(239) PSYoungGen: 8643K(14336K)->5238K(14336K) Eden: 7124K(7168K)->0K(7168K) From: 1519K(7168K)->5238K(7168K)
[2026-06-17T10:05:25.184+0800][5.976s][info][gc,heap        ] GC(239) ParOldGen: 31432K(44032K)->31432K(44032K)
[2026-06-17T10:05:25.184+0800][5.977s][info][gc,metaspace   ] GC(239) Metaspace: 114K(320K)->114K(320K) NonClass: 107K(192K)->107K(192K) Class: 7K(128K)->7K(128K)
[2026-06-17T10:05:25.185+0800][5.977s][info][gc             ] GC(239) Pause Young (Allocation Failure) 39M->35M(57M) 3.755ms
[2026-06-17T10:05:25.185+0800][5.978s][info][gc,cpu         ] GC(239) User=0.00s Sys=0.00s Real=0.01s
[2026-06-17T10:05:25.207+0800][5.999s][info][gc,start       ] GC(240) Pause Young (Allocation Failure)
[2026-06-17T10:05:25.207+0800][6.000s][info][gc,heap        ] GC(240) PSYoungGen: 12402K(14336K)->3271K(14336K) Eden: 7164K(7168K)->0K(7168K) From: 5238K(7168K)->3271K(7168K)
[2026-06-17T10:05:25.208+0800][6.001s][info][gc,heap        ] GC(240) ParOldGen: 31432K(44032K)->33335K(44032K)
[2026-06-17T10:05:25.208+0800][6.001s][info][gc,metaspace   ] GC(240) Metaspace: 114K(320K)->114K(320K) NonClass: 107K(192K)->107K(192K) Class: 7K(128K)->7K(128K)
[2026-06-17T10:05:25.208+0800][6.001s][info][gc             ] GC(240) Pause Young (Allocation Failure) 42M->35M(57M) 1.504ms
[2026-06-17T10:05:25.208+0800][6.001s][info][gc,cpu         ] GC(240) User=0.00s Sys=0.00s Real=0.00s
[2026-06-17T10:05:25.230+0800][6.023s][info][gc,start       ] GC(241) Pause Young (Allocation Failure)
[2026-06-17T10:05:25.232+0800][6.024s][info][gc,heap        ] GC(241) PSYoungGen: 10404K(14336K)->3520K(14336K) Eden: 7133K(7168K)->0K(7168K) From: 3271K(7168K)->3520K(7168K)
[2026-06-17T10:05:25.232+0800][6.025s][info][gc,heap        ] GC(241) ParOldGen: 33335K(44032K)->33335K(44032K)
[2026-06-17T10:05:25.233+0800][6.026s][info][gc,metaspace   ] GC(241) Metaspace: 114K(320K)->114K(320K) NonClass: 107K(192K)->107K(192K) Class: 7K(128K)->7K(128K)
[2026-06-17T10:05:25.233+0800][6.026s][info][gc             ] GC(241) Pause Young (Allocation Failure) 42M->35M(57M) 3.298ms
[2026-06-17T10:05:25.234+0800][6.027s][info][gc,cpu         ] GC(241) User=0.00s Sys=0.00s Real=0.01s
[2026-06-17T10:05:25.246+0800][6.039s][info][gc,start       ] GC(242) Pause Young (Allocation Failure)
[2026-06-17T10:05:25.248+0800][6.040s][info][gc,heap        ] GC(242) PSYoungGen: 10663K(14336K)->1947K(14336K) Eden: 7143K(7168K)->0K(7168K) From: 3520K(7168K)->1947K(7168K)
[2026-06-17T10:05:25.248+0800][6.041s][info][gc,heap        ] GC(242) ParOldGen: 33335K(44032K)->35115K(44032K)
[2026-06-17T10:05:25.249+0800][6.042s][info][gc,metaspace   ] GC(242) Metaspace: 114K(320K)->114K(320K) NonClass: 107K(192K)->107K(192K) Class: 7K(128K)->7K(128K)
[2026-06-17T10:05:25.249+0800][6.042s][info][gc             ] GC(242) Pause Young (Allocation Failure) 42M->36M(57M) 3.461ms
[2026-06-17T10:05:25.250+0800][6.043s][info][gc,cpu         ] GC(242) User=0.00s Sys=0.00s Real=0.00s
[2026-06-17T10:05:25.272+0800][6.065s][info][gc,start       ] GC(243) Pause Young (Allocation Failure)
[2026-06-17T10:05:25.274+0800][6.067s][info][gc,heap        ] GC(243) PSYoungGen: 9082K(14336K)->5433K(14336K) Eden: 7135K(7168K)->0K(7168K) From: 1947K(7168K)->5433K(7168K)
[2026-06-17T10:05:25.274+0800][6.067s][info][gc,heap        ] GC(243) ParOldGen: 35115K(44032K)->35115K(44032K)
[2026-06-17T10:05:25.275+0800][6.068s][info][gc,metaspace   ] GC(243) Metaspace: 114K(320K)->114K(320K) NonClass: 107K(192K)->107K(192K) Class: 7K(128K)->7K(128K)
[2026-06-17T10:05:25.275+0800][6.068s][info][gc             ] GC(243) Pause Young (Allocation Failure) 43M->39M(57M) 3.451ms
[2026-06-17T10:05:25.276+0800][6.069s][info][gc,cpu         ] GC(243) User=0.00s Sys=0.00s Real=0.00s
[2026-06-17T10:05:25.298+0800][6.090s][info][gc,start       ] GC(244) Pause Young (Allocation Failure)
[2026-06-17T10:05:25.300+0800][6.093s][info][gc,heap        ] GC(244) PSYoungGen: 12578K(14336K)->2796K(14336K) Eden: 7145K(7168K)->0K(7168K) From: 5433K(7168K)->2796K(7168K)
[2026-06-17T10:05:25.303+0800][6.096s][info][gc,heap        ] GC(244) ParOldGen: 35115K(44032K)->38067K(44032K)
[2026-06-17T10:05:25.303+0800][6.096s][info][gc,metaspace   ] GC(244) Metaspace: 114K(320K)->114K(320K) NonClass: 107K(192K)->107K(192K) Class: 7K(128K)->7K(128K)
[2026-06-17T10:05:25.304+0800][6.097s][info][gc             ] GC(244) Pause Young (Allocation Failure) 46M->39M(57M) 6.124ms
[2026-06-17T10:05:25.304+0800][6.097s][info][gc,cpu         ] GC(244) User=0.00s Sys=0.00s Real=0.01s
[2026-06-17T10:05:25.316+0800][6.109s][info][gc,start       ] GC(245) Pause Young (Allocation Failure)
[2026-06-17T10:05:25.318+0800][6.111s][info][gc,heap        ] GC(245) PSYoungGen: 9877K(14336K)->3301K(14336K) Eden: 7080K(7168K)->0K(7168K) From: 2796K(7168K)->3301K(7168K)
[2026-06-17T10:05:25.319+0800][6.112s][info][gc,heap        ] GC(245) ParOldGen: 38067K(44032K)->38067K(44032K)
[2026-06-17T10:05:25.320+0800][6.113s][info][gc,metaspace   ] GC(245) Metaspace: 114K(320K)->114K(320K) NonClass: 107K(192K)->107K(192K) Class: 7K(128K)->7K(128K)
[2026-06-17T10:05:25.320+0800][6.113s][info][gc             ] GC(245) Pause Young (Allocation Failure) 46M->40M(57M) 4.362ms
[2026-06-17T10:05:25.321+0800][6.114s][info][gc,cpu         ] GC(245) User=0.00s Sys=0.00s Real=0.00s
[2026-06-17T10:05:25.343+0800][6.135s][info][gc,start       ] GC(246) Pause Young (Allocation Failure)
[2026-06-17T10:05:25.344+0800][6.137s][info][gc,heap        ] GC(246) PSYoungGen: 10419K(14336K)->6822K(14336K) Eden: 7118K(7168K)->0K(7168K) From: 3301K(7168K)->6822K(7168K)
[2026-06-17T10:05:25.344+0800][6.137s][info][gc,heap        ] GC(246) ParOldGen: 38067K(44032K)->38067K(44032K)
[2026-06-17T10:05:25.344+0800][6.137s][info][gc,metaspace   ] GC(246) Metaspace: 114K(320K)->114K(320K) NonClass: 107K(192K)->107K(192K) Class: 7K(128K)->7K(128K)
[2026-06-17T10:05:25.345+0800][6.137s][info][gc             ] GC(246) Pause Young (Allocation Failure) 47M->43M(57M) 1.961ms
[2026-06-17T10:05:25.345+0800][6.138s][info][gc,cpu         ] GC(246) User=0.00s Sys=0.00s Real=0.00s
[2026-06-17T10:05:25.367+0800][6.159s][info][gc,start       ] GC(247) Pause Young (Allocation Failure)
[2026-06-17T10:05:25.369+0800][6.162s][info][gc,heap        ] GC(247) PSYoungGen: 13947K(14336K)->3588K(14336K) Eden: 7125K(7168K)->0K(7168K) From: 6822K(7168K)->3588K(7168K)
[2026-06-17T10:05:25.370+0800][6.163s][info][gc,heap        ] GC(247) ParOldGen: 38067K(44032K)->41320K(44032K)
[2026-06-17T10:05:25.370+0800][6.163s][info][gc,metaspace   ] GC(247) Metaspace: 114K(320K)->114K(320K) NonClass: 107K(192K)->107K(192K) Class: 7K(128K)->7K(128K)
[2026-06-17T10:05:25.371+0800][6.164s][info][gc             ] GC(247) Pause Young (Allocation Failure) 50M->43M(57M) 4.128ms
[2026-06-17T10:05:25.371+0800][6.164s][info][gc,cpu         ] GC(247) User=0.00s Sys=0.00s Real=0.01s
[2026-06-17T10:05:25.393+0800][6.186s][info][gc,start       ] GC(248) Pause Full (Allocation Failure)
[2026-06-17T10:05:25.394+0800][6.187s][info][gc,phases,start] GC(248) Marking Phase
[2026-06-17T10:05:25.396+0800][6.189s][info][gc,phases      ] GC(248) Marking Phase 2.133ms
[2026-06-17T10:05:25.396+0800][6.189s][info][gc,phases,start] GC(248) Summary Phase
[2026-06-17T10:05:25.397+0800][6.190s][info][gc,phases      ] GC(248) Summary Phase 0.438ms
[2026-06-17T10:05:25.397+0800][6.190s][info][gc,phases,start] GC(248) Forward
[2026-06-17T10:05:25.398+0800][6.190s][info][gc,phases      ] GC(248) Forward 0.417ms
[2026-06-17T10:05:25.398+0800][6.191s][info][gc,phases,start] GC(248) Adjust Pointers
[2026-06-17T10:05:25.399+0800][6.192s][info][gc,phases      ] GC(248) Adjust Pointers 0.939ms
[2026-06-17T10:05:25.399+0800][6.192s][info][gc,phases,start] GC(248) Compaction Phase
[2026-06-17T10:05:25.401+0800][6.194s][info][gc,phases      ] GC(248) Compaction Phase 1.429ms
[2026-06-17T10:05:25.401+0800][6.194s][info][gc,phases,start] GC(248) Post Compact
[2026-06-17T10:05:25.401+0800][6.194s][info][gc,phases      ] GC(248) Post Compact 0.214ms
[2026-06-17T10:05:25.402+0800][6.194s][info][gc,heap        ] GC(248) PSYoungGen: 10756K(14336K)->0K(14336K) Eden: 7168K(7168K)->0K(7168K) From: 3588K(7168K)->0K(7168K)
[2026-06-17T10:05:25.402+0800][6.195s][info][gc,heap        ] GC(248) ParOldGen: 41320K(44032K)->23609K(44032K)
[2026-06-17T10:05:25.402+0800][6.195s][info][gc,metaspace   ] GC(248) Metaspace: 114K(320K)->114K(320K) NonClass: 107K(192K)->107K(192K) Class: 7K(128K)->7K(128K)
[2026-06-17T10:05:25.402+0800][6.195s][info][gc             ] GC(248) Pause Full (Allocation Failure) 50M->23M(57M) 8.775ms
[2026-06-17T10:05:25.403+0800][6.195s][info][gc,cpu         ] GC(248) User=0.01s Sys=0.00s Real=0.01s
[2026-06-17T10:05:25.414+0800][6.206s][info][gc,start       ] GC(249) Pause Young (Allocation Failure)
[2026-06-17T10:05:25.415+0800][6.208s][info][gc,heap        ] GC(249) PSYoungGen: 7122K(14336K)->7167K(14336K) Eden: 7122K(7168K)->0K(7168K) From: 0K(7168K)->7167K(7168K)
[2026-06-17T10:05:25.416+0800][6.208s][info][gc,heap        ] GC(249) ParOldGen: 23609K(44032K)->23609K(44032K)
[2026-06-17T10:05:25.416+0800][6.209s][info][gc,metaspace   ] GC(249) Metaspace: 114K(320K)->114K(320K) NonClass: 107K(192K)->107K(192K) Class: 7K(128K)->7K(128K)
[2026-06-17T10:05:25.416+0800][6.209s][info][gc             ] GC(249) Pause Young (Allocation Failure) 30M->30M(57M) 2.783ms
[2026-06-17T10:05:25.417+0800][6.209s][info][gc,cpu         ] GC(249) User=0.00s Sys=0.00s Real=0.00s
[2026-06-17T10:05:25.438+0800][6.231s][info][gc,start       ] GC(250) Pause Young (Allocation Failure)
[2026-06-17T10:05:25.441+0800][6.234s][info][gc,heap        ] GC(250) PSYoungGen: 14334K(14336K)->7000K(14336K) Eden: 7167K(7168K)->0K(7168K) From: 7167K(7168K)->7000K(7168K)
[2026-06-17T10:05:25.443+0800][6.236s][info][gc,heap        ] GC(250) ParOldGen: 23609K(44032K)->23928K(44032K)
[2026-06-17T10:05:25.445+0800][6.238s][info][gc,metaspace   ] GC(250) Metaspace: 114K(320K)->114K(320K) NonClass: 107K(192K)->107K(192K) Class: 7K(128K)->7K(128K)
[2026-06-17T10:05:25.446+0800][6.239s][info][gc             ] GC(250) Pause Young (Allocation Failure) 37M->30M(57M) 7.710ms
[2026-06-17T10:05:25.447+0800][6.240s][info][gc,cpu         ] GC(250) User=0.00s Sys=0.00s Real=0.01s
[2026-06-17T10:05:25.469+0800][6.262s][info][gc,start       ] GC(251) Pause Young (Allocation Failure)
[2026-06-17T10:05:25.471+0800][6.264s][info][gc,heap        ] GC(251) PSYoungGen: 14139K(14336K)->3518K(14336K) Eden: 7139K(7168K)->0K(7168K) From: 7000K(7168K)->3518K(7168K)
[2026-06-17T10:05:25.472+0800][6.265s][info][gc,heap        ] GC(251) ParOldGen: 23928K(44032K)->27588K(44032K)
[2026-06-17T10:05:25.473+0800][6.265s][info][gc,metaspace   ] GC(251) Metaspace: 114K(320K)->114K(320K) NonClass: 107K(192K)->107K(192K) Class: 7K(128K)->7K(128K)
[2026-06-17T10:05:25.482+0800][6.275s][info][gc             ] GC(251) Pause Young (Allocation Failure) 37M->30M(57M) 12.459ms
[2026-06-17T10:05:25.486+0800][6.278s][info][gc,cpu         ] GC(251) User=0.00s Sys=0.00s Real=0.02s
[2026-06-17T10:05:25.498+0800][6.291s][info][gc,start       ] GC(252) Pause Young (Allocation Failure)
[2026-06-17T10:05:25.501+0800][6.293s][info][gc,heap        ] GC(252) PSYoungGen: 10493K(14336K)->3557K(14336K) Eden: 6974K(7168K)->0K(7168K) From: 3518K(7168K)->3557K(7168K)
[2026-06-17T10:05:25.502+0800][6.294s][info][gc,heap        ] GC(252) ParOldGen: 27588K(44032K)->27588K(44032K)
[2026-06-17T10:05:25.502+0800][6.295s][info][gc,metaspace   ] GC(252) Metaspace: 114K(320K)->114K(320K) NonClass: 107K(192K)->107K(192K) Class: 7K(128K)->7K(128K)
[2026-06-17T10:05:25.504+0800][6.296s][info][gc             ] GC(252) Pause Young (Allocation Failure) 37M->30M(57M) 5.574ms
[2026-06-17T10:05:25.506+0800][6.298s][info][gc,cpu         ] GC(252) User=0.00s Sys=0.00s Real=0.01s
[2026-06-17T10:05:25.529+0800][6.321s][info][gc,start       ] GC(253) Pause Young (Allocation Failure)
[2026-06-17T10:05:25.531+0800][6.324s][info][gc,heap        ] GC(253) PSYoungGen: 10703K(14336K)->3966K(14336K) Eden: 7146K(7168K)->0K(7168K) From: 3557K(7168K)->3966K(7168K)
[2026-06-17T10:05:25.532+0800][6.324s][info][gc,heap        ] GC(253) ParOldGen: 27588K(44032K)->31097K(44032K)
[2026-06-17T10:05:25.532+0800][6.325s][info][gc,metaspace   ] GC(253) Metaspace: 114K(320K)->114K(320K) NonClass: 107K(192K)->107K(192K) Class: 7K(128K)->7K(128K)
[2026-06-17T10:05:25.533+0800][6.326s][info][gc             ] GC(253) Pause Young (Allocation Failure) 37M->34M(57M) 4.283ms
[2026-06-17T10:05:25.533+0800][6.326s][info][gc,cpu         ] GC(253) User=0.00s Sys=0.00s Real=0.01s
[2026-06-17T10:05:25.556+0800][6.349s][info][gc,start       ] GC(254) Pause Young (Allocation Failure)
[2026-06-17T10:05:25.558+0800][6.350s][info][gc,heap        ] GC(254) PSYoungGen: 11128K(14336K)->4328K(14336K) Eden: 7161K(7168K)->0K(7168K) From: 3966K(7168K)->4328K(7168K)
[2026-06-17T10:05:25.558+0800][6.351s][info][gc,heap        ] GC(254) ParOldGen: 31097K(44032K)->31097K(44032K)
[2026-06-17T10:05:25.558+0800][6.351s][info][gc,metaspace   ] GC(254) Metaspace: 114K(320K)->114K(320K) NonClass: 107K(192K)->107K(192K) Class: 7K(128K)->7K(128K)
[2026-06-17T10:05:25.559+0800][6.352s][info][gc             ] GC(254) Pause Young (Allocation Failure) 41M->34M(57M) 2.998ms
[2026-06-17T10:05:25.559+0800][6.352s][info][gc,cpu         ] GC(254) User=0.00s Sys=0.00s Real=0.00s
[2026-06-17T10:05:25.581+0800][6.374s][info][gc,start       ] GC(255) Pause Young (Allocation Failure)
[2026-06-17T10:05:25.584+0800][6.376s][info][gc,heap        ] GC(255) PSYoungGen: 11445K(14336K)->1532K(14336K) Eden: 7117K(7168K)->0K(7168K) From: 4328K(7168K)->1532K(7168K)
[2026-06-17T10:05:25.584+0800][6.377s][info][gc,heap        ] GC(255) ParOldGen: 31097K(44032K)->34126K(44032K)
[2026-06-17T10:05:25.585+0800][6.378s][info][gc,metaspace   ] GC(255) Metaspace: 114K(320K)->114K(320K) NonClass: 107K(192K)->107K(192K) Class: 7K(128K)->7K(128K)
[2026-06-17T10:05:25.585+0800][6.378s][info][gc             ] GC(255) Pause Young (Allocation Failure) 41M->34M(57M) 3.883ms
[2026-06-17T10:05:25.586+0800][6.379s][info][gc,cpu         ] GC(255) User=0.00s Sys=0.01s Real=0.01s
[2026-06-17T10:05:25.598+0800][6.391s][info][gc,start       ] GC(256) Pause Young (Allocation Failure)
[2026-06-17T10:05:25.600+0800][6.393s][info][gc,heap        ] GC(256) PSYoungGen: 8674K(14336K)->5267K(14336K) Eden: 7141K(7168K)->0K(7168K) From: 1532K(7168K)->5267K(7168K)
[2026-06-17T10:05:25.601+0800][6.394s][info][gc,heap        ] GC(256) ParOldGen: 34126K(44032K)->34126K(44032K)
[2026-06-17T10:05:25.601+0800][6.394s][info][gc,metaspace   ] GC(256) Metaspace: 114K(320K)->114K(320K) NonClass: 107K(192K)->107K(192K) Class: 7K(128K)->7K(128K)
[2026-06-17T10:05:25.602+0800][6.395s][info][gc             ] GC(256) Pause Young (Allocation Failure) 41M->38M(57M) 3.993ms
[2026-06-17T10:05:25.603+0800][6.396s][info][gc,cpu         ] GC(256) User=0.00s Sys=0.00s Real=0.01s
[2026-06-17T10:05:25.625+0800][6.418s][info][gc,start       ] GC(257) Pause Young (Allocation Failure)
[2026-06-17T10:05:25.627+0800][6.420s][info][gc,heap        ] GC(257) PSYoungGen: 12411K(14336K)->3123K(14336K) Eden: 7144K(7168K)->0K(7168K) From: 5267K(7168K)->3123K(7168K)
[2026-06-17T10:05:25.628+0800][6.420s][info][gc,heap        ] GC(257) ParOldGen: 34126K(44032K)->36321K(44032K)
[2026-06-17T10:05:25.628+0800][6.421s][info][gc,metaspace   ] GC(257) Metaspace: 114K(320K)->114K(320K) NonClass: 107K(192K)->107K(192K) Class: 7K(128K)->7K(128K)
[2026-06-17T10:05:25.629+0800][6.421s][info][gc             ] GC(257) Pause Young (Allocation Failure) 45M->38M(57M) 3.684ms
[2026-06-17T10:05:25.629+0800][6.422s][info][gc,cpu         ] GC(257) User=0.01s Sys=0.00s Real=0.00s
[2026-06-17T10:05:25.651+0800][6.444s][info][gc,start       ] GC(258) Pause Young (Allocation Failure)
[2026-06-17T10:05:25.653+0800][6.446s][info][gc,heap        ] GC(258) PSYoungGen: 10287K(14336K)->3685K(14336K) Eden: 7164K(7168K)->0K(7168K) From: 3123K(7168K)->3685K(7168K)
[2026-06-17T10:05:25.654+0800][6.447s][info][gc,heap        ] GC(258) ParOldGen: 36321K(44032K)->36321K(44032K)
[2026-06-17T10:05:25.654+0800][6.447s][info][gc,metaspace   ] GC(258) Metaspace: 114K(320K)->114K(320K) NonClass: 107K(192K)->107K(192K) Class: 7K(128K)->7K(128K)
[2026-06-17T10:05:25.655+0800][6.448s][info][gc             ] GC(258) Pause Young (Allocation Failure) 45M->39M(57M) 3.747ms
[2026-06-17T10:05:25.655+0800][6.448s][info][gc,cpu         ] GC(258) User=0.00s Sys=0.00s Real=0.00s
[2026-06-17T10:05:25.667+0800][6.460s][info][gc,start       ] GC(259) Pause Young (Allocation Failure)
[2026-06-17T10:05:25.669+0800][6.462s][info][gc,heap        ] GC(259) PSYoungGen: 10805K(14336K)->1367K(14336K) Eden: 7120K(7168K)->0K(7168K) From: 3685K(7168K)->1367K(7168K)
[2026-06-17T10:05:25.670+0800][6.462s][info][gc,heap        ] GC(259) ParOldGen: 36321K(44032K)->38384K(44032K)
[2026-06-17T10:05:25.670+0800][6.463s][info][gc,metaspace   ] GC(259) Metaspace: 114K(320K)->114K(320K) NonClass: 107K(192K)->107K(192K) Class: 7K(128K)->7K(128K)
[2026-06-17T10:05:25.671+0800][6.463s][info][gc             ] GC(259) Pause Young (Allocation Failure) 46M->38M(57M) 3.447ms
[2026-06-17T10:05:25.671+0800][6.464s][info][gc,cpu         ] GC(259) User=0.00s Sys=0.00s Real=0.01s
[2026-06-17T10:05:25.693+0800][6.486s][info][gc,start       ] GC(260) Pause Young (Allocation Failure)
[2026-06-17T10:05:25.695+0800][6.488s][info][gc,heap        ] GC(260) PSYoungGen: 8534K(14336K)->5228K(14336K) Eden: 7167K(7168K)->0K(7168K) From: 1367K(7168K)->5228K(7168K)
[2026-06-17T10:05:25.696+0800][6.489s][info][gc,heap        ] GC(260) ParOldGen: 38384K(44032K)->38384K(44032K)
[2026-06-17T10:05:25.697+0800][6.489s][info][gc,metaspace   ] GC(260) Metaspace: 114K(320K)->114K(320K) NonClass: 107K(192K)->107K(192K) Class: 7K(128K)->7K(128K)
[2026-06-17T10:05:25.697+0800][6.490s][info][gc             ] GC(260) Pause Young (Allocation Failure) 45M->42M(57M) 3.904ms
[2026-06-17T10:05:25.697+0800][6.490s][info][gc,cpu         ] GC(260) User=0.00s Sys=0.00s Real=0.00s
[2026-06-17T10:05:25.719+0800][6.512s][info][gc,start       ] GC(261) Pause Young (Allocation Failure)
[2026-06-17T10:05:25.721+0800][6.514s][info][gc,heap        ] GC(261) PSYoungGen: 12383K(14336K)->3169K(14336K) Eden: 7154K(7168K)->0K(7168K) From: 5228K(7168K)->3169K(7168K)
[2026-06-17T10:05:25.722+0800][6.515s][info][gc,heap        ] GC(261) ParOldGen: 38384K(44032K)->40258K(44032K)
[2026-06-17T10:05:25.722+0800][6.515s][info][gc,metaspace   ] GC(261) Metaspace: 114K(320K)->114K(320K) NonClass: 107K(192K)->107K(192K) Class: 7K(128K)->7K(128K)
[2026-06-17T10:05:25.723+0800][6.516s][info][gc             ] GC(261) Pause Young (Allocation Failure) 49M->42M(57M) 3.480ms
[2026-06-17T10:05:25.723+0800][6.516s][info][gc,cpu         ] GC(261) User=0.00s Sys=0.00s Real=0.01s
[2026-06-17T10:05:25.745+0800][6.538s][info][gc,start       ] GC(262) Pause Full (Allocation Failure)
[2026-06-17T10:05:25.746+0800][6.539s][info][gc,phases,start] GC(262) Marking Phase
[2026-06-17T10:05:25.749+0800][6.542s][info][gc,phases      ] GC(262) Marking Phase 2.978ms
[2026-06-17T10:05:25.750+0800][6.542s][info][gc,phases,start] GC(262) Summary Phase
[2026-06-17T10:05:25.750+0800][6.543s][info][gc,phases      ] GC(262) Summary Phase 0.411ms
[2026-06-17T10:05:25.750+0800][6.543s][info][gc,phases,start] GC(262) Forward
[2026-06-17T10:05:25.751+0800][6.544s][info][gc,phases      ] GC(262) Forward 0.488ms
[2026-06-17T10:05:25.751+0800][6.544s][info][gc,phases,start] GC(262) Adjust Pointers
[2026-06-17T10:05:25.753+0800][6.545s][info][gc,phases      ] GC(262) Adjust Pointers 1.330ms
[2026-06-17T10:05:25.753+0800][6.546s][info][gc,phases,start] GC(262) Compaction Phase
[2026-06-17T10:05:25.756+0800][6.548s][info][gc,phases      ] GC(262) Compaction Phase 2.316ms
[2026-06-17T10:05:25.756+0800][6.549s][info][gc,phases,start] GC(262) Post Compact
[2026-06-17T10:05:25.756+0800][6.549s][info][gc,phases      ] GC(262) Post Compact 0.262ms
[2026-06-17T10:05:25.757+0800][6.549s][info][gc,heap        ] GC(262) PSYoungGen: 10293K(14336K)->0K(14336K) Eden: 7124K(7168K)->0K(7168K) From: 3169K(7168K)->0K(7168K)
[2026-06-17T10:05:25.757+0800][6.549s][info][gc,heap        ] GC(262) ParOldGen: 40258K(44032K)->30803K(44032K)
[2026-06-17T10:05:25.757+0800][6.550s][info][gc,metaspace   ] GC(262) Metaspace: 114K(320K)->114K(320K) NonClass: 107K(192K)->107K(192K) Class: 7K(128K)->7K(128K)
[2026-06-17T10:05:25.757+0800][6.550s][info][gc             ] GC(262) Pause Full (Allocation Failure) 49M->30M(57M) 11.531ms
[2026-06-17T10:05:25.757+0800][6.550s][info][gc,cpu         ] GC(262) User=0.01s Sys=0.00s Real=0.01s
[2026-06-17T10:05:25.768+0800][6.561s][info][gc,start       ] GC(263) Pause Young (Allocation Failure)
[2026-06-17T10:05:25.770+0800][6.562s][info][gc,heap        ] GC(263) PSYoungGen: 7106K(14336K)->7157K(14336K) Eden: 7106K(7168K)->0K(7168K) From: 0K(7168K)->7157K(7168K)
[2026-06-17T10:05:25.770+0800][6.563s][info][gc,heap        ] GC(263) ParOldGen: 30803K(44032K)->30803K(44032K)
[2026-06-17T10:05:25.770+0800][6.563s][info][gc,metaspace   ] GC(263) Metaspace: 114K(320K)->114K(320K) NonClass: 107K(192K)->107K(192K) Class: 7K(128K)->7K(128K)
[2026-06-17T10:05:25.771+0800][6.563s][info][gc             ] GC(263) Pause Young (Allocation Failure) 37M->37M(57M) 2.348ms
[2026-06-17T10:05:25.771+0800][6.564s][info][gc,cpu         ] GC(263) User=0.00s Sys=0.00s Real=0.01s
[2026-06-17T10:05:25.792+0800][6.585s][info][gc,start       ] GC(264) Pause Young (Allocation Failure)
[2026-06-17T10:05:25.794+0800][6.587s][info][gc,heap        ] GC(264) PSYoungGen: 14314K(14336K)->2117K(14336K) Eden: 7156K(7168K)->0K(7168K) From: 7157K(7168K)->2117K(7168K)
[2026-06-17T10:05:25.795+0800][6.588s][info][gc,heap        ] GC(264) ParOldGen: 30803K(44032K)->35845K(44032K)
[2026-06-17T10:05:25.795+0800][6.588s][info][gc,metaspace   ] GC(264) Metaspace: 114K(320K)->114K(320K) NonClass: 107K(192K)->107K(192K) Class: 7K(128K)->7K(128K)
[2026-06-17T10:05:25.796+0800][6.588s][info][gc             ] GC(264) Pause Young (Allocation Failure) 44M->37M(57M) 3.218ms
[2026-06-17T10:05:25.796+0800][6.589s][info][gc,cpu         ] GC(264) User=0.00s Sys=0.00s Real=0.00s
[2026-06-17T10:05:25.818+0800][6.611s][info][gc,start       ] GC(265) Pause Young (Allocation Failure)
[2026-06-17T10:05:25.820+0800][6.613s][info][gc,heap        ] GC(265) PSYoungGen: 9252K(14336K)->2271K(14336K) Eden: 7134K(7168K)->0K(7168K) From: 2117K(7168K)->2271K(7168K)
[2026-06-17T10:05:25.821+0800][6.614s][info][gc,heap        ] GC(265) ParOldGen: 35845K(44032K)->35845K(44032K)
[2026-06-17T10:05:25.822+0800][6.615s][info][gc,metaspace   ] GC(265) Metaspace: 114K(320K)->114K(320K) NonClass: 107K(192K)->107K(192K) Class: 7K(128K)->7K(128K)
[2026-06-17T10:05:25.823+0800][6.615s][info][gc             ] GC(265) Pause Young (Allocation Failure) 44M->37M(57M) 4.289ms
[2026-06-17T10:05:25.823+0800][6.616s][info][gc,cpu         ] GC(265) User=0.01s Sys=0.00s Real=0.01s
[2026-06-17T10:05:25.835+0800][6.627s][info][gc,start       ] GC(266) Pause Young (Allocation Failure)
[2026-06-17T10:05:25.840+0800][6.633s][info][gc,heap        ] GC(266) PSYoungGen: 9400K(14336K)->400K(14336K) Eden: 7129K(7168K)->0K(7168K) From: 2271K(7168K)->400K(7168K)
[2026-06-17T10:05:25.845+0800][6.638s][info][gc,heap        ] GC(266) ParOldGen: 35845K(44032K)->37791K(44032K)
[2026-06-17T10:05:25.846+0800][6.638s][info][gc,metaspace   ] GC(266) Metaspace: 114K(320K)->114K(320K) NonClass: 107K(192K)->107K(192K) Class: 7K(128K)->7K(128K)
[2026-06-17T10:05:25.846+0800][6.639s][info][gc             ] GC(266) Pause Young (Allocation Failure) 44M->37M(57M) 11.617ms
[2026-06-17T10:05:25.847+0800][6.639s][info][gc,cpu         ] GC(266) User=0.00s Sys=0.01s Real=0.01s
[2026-06-17T10:05:25.869+0800][6.662s][info][gc,start       ] GC(267) Pause Young (Allocation Failure)
[2026-06-17T10:05:25.872+0800][6.665s][info][gc,heap        ] GC(267) PSYoungGen: 7546K(14336K)->3873K(14336K) Eden: 7146K(7168K)->0K(7168K) From: 400K(7168K)->3873K(7168K)
[2026-06-17T10:05:25.872+0800][6.665s][info][gc,heap        ] GC(267) ParOldGen: 37791K(44032K)->37791K(44032K)
[2026-06-17T10:05:25.873+0800][6.666s][info][gc,metaspace   ] GC(267) Metaspace: 114K(320K)->114K(320K) NonClass: 107K(192K)->107K(192K) Class: 7K(128K)->7K(128K)
[2026-06-17T10:05:25.873+0800][6.666s][info][gc             ] GC(267) Pause Young (Allocation Failure) 44M->40M(57M) 4.420ms
[2026-06-17T10:05:25.874+0800][6.666s][info][gc,cpu         ] GC(267) User=0.00s Sys=0.00s Real=0.01s
[2026-06-17T10:05:25.896+0800][6.688s][info][gc,start       ] GC(268) Pause Young (Allocation Failure)
[2026-06-17T10:05:25.898+0800][6.690s][info][gc,heap        ] GC(268) PSYoungGen: 11001K(14336K)->2674K(14336K) Eden: 7127K(7168K)->0K(7168K) From: 3873K(7168K)->2674K(7168K)
[2026-06-17T10:05:25.898+0800][6.691s][info][gc,heap        ] GC(268) ParOldGen: 37791K(44032K)->39219K(44032K)
[2026-06-17T10:05:25.899+0800][6.692s][info][gc,metaspace   ] GC(268) Metaspace: 114K(320K)->114K(320K) NonClass: 107K(192K)->107K(192K) Class: 7K(128K)->7K(128K)
[2026-06-17T10:05:25.900+0800][6.692s][info][gc             ] GC(268) Pause Young (Allocation Failure) 47M->40M(57M) 4.026ms
[2026-06-17T10:05:25.900+0800][6.693s][info][gc,cpu         ] GC(268) User=0.00s Sys=0.00s Real=0.00s
[2026-06-17T10:05:25.922+0800][6.715s][info][gc,start       ] GC(269) Pause Full (Allocation Failure)
[2026-06-17T10:05:25.923+0800][6.716s][info][gc,phases,start] GC(269) Marking Phase
[2026-06-17T10:05:25.927+0800][6.720s][info][gc,phases      ] GC(269) Marking Phase 3.813ms
[2026-06-17T10:05:25.930+0800][6.723s][info][gc,phases,start] GC(269) Summary Phase
[2026-06-17T10:05:25.931+0800][6.724s][info][gc,phases      ] GC(269) Summary Phase 1.339ms
[2026-06-17T10:05:25.934+0800][6.726s][info][gc,phases,start] GC(269) Forward
[2026-06-17T10:05:25.937+0800][6.730s][info][gc,phases      ] GC(269) Forward 3.677ms
[2026-06-17T10:05:25.940+0800][6.733s][info][gc,phases,start] GC(269) Adjust Pointers
[2026-06-17T10:05:25.942+0800][6.735s][info][gc,phases      ] GC(269) Adjust Pointers 1.985ms
[2026-06-17T10:05:25.943+0800][6.736s][info][gc,phases,start] GC(269) Compaction Phase
[2026-06-17T10:05:25.946+0800][6.739s][info][gc,phases      ] GC(269) Compaction Phase 3.361ms
[2026-06-17T10:05:25.949+0800][6.742s][info][gc,phases,start] GC(269) Post Compact
[2026-06-17T10:05:25.950+0800][6.742s][info][gc,phases      ] GC(269) Post Compact 0.620ms
[2026-06-17T10:05:25.950+0800][6.743s][info][gc,heap        ] GC(269) PSYoungGen: 9839K(14336K)->0K(14336K) Eden: 7164K(7168K)->0K(7168K) From: 2674K(7168K)->0K(7168K)
[2026-06-17T10:05:25.951+0800][6.743s][info][gc,heap        ] GC(269) ParOldGen: 39219K(44032K)->29617K(44032K)
[2026-06-17T10:05:25.951+0800][6.744s][info][gc,metaspace   ] GC(269) Metaspace: 114K(320K)->114K(320K) NonClass: 107K(192K)->107K(192K) Class: 7K(128K)->7K(128K)
[2026-06-17T10:05:25.952+0800][6.744s][info][gc             ] GC(269) Pause Full (Allocation Failure) 47M->28M(57M) 29.491ms
[2026-06-17T10:05:25.952+0800][6.745s][info][gc,cpu         ] GC(269) User=0.01s Sys=0.00s Real=0.04s
[2026-06-17T10:05:25.964+0800][6.757s][info][gc,start       ] GC(270) Pause Young (Allocation Failure)
[2026-06-17T10:05:25.965+0800][6.758s][info][gc,heap        ] GC(270) PSYoungGen: 7119K(14336K)->6851K(14336K) Eden: 7119K(7168K)->0K(7168K) From: 0K(7168K)->6851K(7168K)
[2026-06-17T10:05:25.966+0800][6.759s][info][gc,heap        ] GC(270) ParOldGen: 29617K(44032K)->29936K(44032K)
[2026-06-17T10:05:25.967+0800][6.759s][info][gc,metaspace   ] GC(270) Metaspace: 114K(320K)->114K(320K) NonClass: 107K(192K)->107K(192K) Class: 7K(128K)->7K(128K)
[2026-06-17T10:05:25.967+0800][6.760s][info][gc             ] GC(270) Pause Young (Allocation Failure) 35M->35M(57M) 3.325ms
[2026-06-17T10:05:25.968+0800][6.760s][info][gc,cpu         ] GC(270) User=0.00s Sys=0.00s Real=0.00s
[2026-06-17T10:05:25.989+0800][6.782s][info][gc,start       ] GC(271) Pause Young (Allocation Failure)
[2026-06-17T10:05:25.991+0800][6.784s][info][gc,heap        ] GC(271) PSYoungGen: 13995K(14336K)->2189K(14336K) Eden: 7144K(7168K)->0K(7168K) From: 6851K(7168K)->2189K(7168K)
[2026-06-17T10:05:25.992+0800][6.785s][info][gc,heap        ] GC(271) ParOldGen: 29936K(44032K)->34802K(44032K)
[2026-06-17T10:05:25.992+0800][6.785s][info][gc,metaspace   ] GC(271) Metaspace: 114K(320K)->114K(320K) NonClass: 107K(192K)->107K(192K) Class: 7K(128K)->7K(128K)
[2026-06-17T10:05:25.993+0800][6.786s][info][gc             ] GC(271) Pause Young (Allocation Failure) 42M->36M(57M) 3.477ms
[2026-06-17T10:05:25.993+0800][6.786s][info][gc,cpu         ] GC(271) User=0.00s Sys=0.00s Real=0.01s
[2026-06-17T10:05:26.005+0800][6.798s][info][gc,start       ] GC(272) Pause Young (Allocation Failure)
[2026-06-17T10:05:26.006+0800][6.799s][info][gc,heap        ] GC(272) PSYoungGen: 9029K(14336K)->1885K(14336K) Eden: 6840K(7168K)->0K(7168K) From: 2189K(7168K)->1885K(7168K)
[2026-06-17T10:05:26.007+0800][6.800s][info][gc,heap        ] GC(272) ParOldGen: 34802K(44032K)->34802K(44032K)
[2026-06-17T10:05:26.008+0800][6.800s][info][gc,metaspace   ] GC(272) Metaspace: 114K(320K)->114K(320K) NonClass: 107K(192K)->107K(192K) Class: 7K(128K)->7K(128K)
[2026-06-17T10:05:26.008+0800][6.801s][info][gc             ] GC(272) Pause Young (Allocation Failure) 42M->35M(57M) 3.237ms
[2026-06-17T10:05:26.009+0800][6.802s][info][gc,cpu         ] GC(272) User=0.00s Sys=0.00s Real=0.00s
[2026-06-17T10:05:26.031+0800][6.824s][info][gc,start       ] GC(273) Pause Young (Allocation Failure)
[2026-06-17T10:05:26.034+0800][6.826s][info][gc,heap        ] GC(273) PSYoungGen: 9022K(14336K)->3480K(14336K) Eden: 7137K(7168K)->0K(7168K) From: 1885K(7168K)->3480K(7168K)
[2026-06-17T10:05:26.035+0800][6.828s][info][gc,heap        ] GC(273) ParOldGen: 34802K(44032K)->36663K(44032K)
[2026-06-17T10:05:26.036+0800][6.828s][info][gc,metaspace   ] GC(273) Metaspace: 114K(320K)->114K(320K) NonClass: 107K(192K)->107K(192K) Class: 7K(128K)->7K(128K)
[2026-06-17T10:05:26.036+0800][6.829s][info][gc             ] GC(273) Pause Young (Allocation Failure) 42M->39M(57M) 4.820ms
[2026-06-17T10:05:26.036+0800][6.829s][info][gc,cpu         ] GC(273) User=0.01s Sys=0.00s Real=0.00s
[2026-06-17T10:05:26.058+0800][6.851s][info][gc,start       ] GC(274) Pause Young (Allocation Failure)
[2026-06-17T10:05:26.060+0800][6.853s][info][gc,heap        ] GC(274) PSYoungGen: 10636K(14336K)->3844K(14336K) Eden: 7155K(7168K)->0K(7168K) From: 3480K(7168K)->3844K(7168K)
[2026-06-17T10:05:26.061+0800][6.854s][info][gc,heap        ] GC(274) ParOldGen: 36663K(44032K)->36663K(44032K)
[2026-06-17T10:05:26.061+0800][6.854s][info][gc,metaspace   ] GC(274) Metaspace: 114K(320K)->114K(320K) NonClass: 107K(192K)->107K(192K) Class: 7K(128K)->7K(128K)
[2026-06-17T10:05:26.062+0800][6.855s][info][gc             ] GC(274) Pause Young (Allocation Failure) 46M->39M(57M) 3.621ms
[2026-06-17T10:05:26.063+0800][6.855s][info][gc,cpu         ] GC(274) User=0.00s Sys=0.00s Real=0.00s
[2026-06-17T10:05:26.075+0800][6.867s][info][gc,start       ] GC(275) Pause Young (Allocation Failure)
[2026-06-17T10:05:26.077+0800][6.869s][info][gc,heap        ] GC(275) PSYoungGen: 10938K(14336K)->1389K(14336K) Eden: 7093K(7168K)->0K(7168K) From: 3844K(7168K)->1389K(7168K)
[2026-06-17T10:05:26.077+0800][6.870s][info][gc,heap        ] GC(275) ParOldGen: 36663K(44032K)->39475K(44032K)
[2026-06-17T10:05:26.078+0800][6.871s][info][gc,metaspace   ] GC(275) Metaspace: 114K(320K)->114K(320K) NonClass: 107K(192K)->107K(192K) Class: 7K(128K)->7K(128K)
[2026-06-17T10:05:26.079+0800][6.871s][info][gc             ] GC(275) Pause Young (Allocation Failure) 46M->39M(57M) 4.109ms
[2026-06-17T10:05:26.079+0800][6.872s][info][gc,cpu         ] GC(275) User=0.00s Sys=0.00s Real=0.00s
[2026-06-17T10:05:26.101+0800][6.894s][info][gc,start       ] GC(276) Pause Full (Allocation Failure)
[2026-06-17T10:05:26.102+0800][6.895s][info][gc,phases,start] GC(276) Marking Phase
[2026-06-17T10:05:26.105+0800][6.898s][info][gc,phases      ] GC(276) Marking Phase 2.818ms
[2026-06-17T10:05:26.106+0800][6.898s][info][gc,phases,start] GC(276) Summary Phase
[2026-06-17T10:05:26.106+0800][6.899s][info][gc,phases      ] GC(276) Summary Phase 0.584ms
[2026-06-17T10:05:26.107+0800][6.899s][info][gc,phases,start] GC(276) Forward
[2026-06-17T10:05:26.107+0800][6.900s][info][gc,phases      ] GC(276) Forward 0.776ms
[2026-06-17T10:05:26.108+0800][6.901s][info][gc,phases,start] GC(276) Adjust Pointers
[2026-06-17T10:05:26.109+0800][6.902s][info][gc,phases      ] GC(276) Adjust Pointers 1.355ms
[2026-06-17T10:05:26.110+0800][6.902s][info][gc,phases,start] GC(276) Compaction Phase
[2026-06-17T10:05:26.112+0800][6.905s][info][gc,phases      ] GC(276) Compaction Phase 2.496ms
[2026-06-17T10:05:26.113+0800][6.906s][info][gc,phases,start] GC(276) Post Compact
[2026-06-17T10:05:26.113+0800][6.906s][info][gc,phases      ] GC(276) Post Compact 0.410ms
[2026-06-17T10:05:26.114+0800][6.906s][info][gc,heap        ] GC(276) PSYoungGen: 8542K(14336K)->0K(14336K) Eden: 7153K(7168K)->0K(7168K) From: 1389K(7168K)->0K(7168K)
[2026-06-17T10:05:26.114+0800][6.907s][info][gc,heap        ] GC(276) ParOldGen: 39475K(44032K)->31027K(44032K)
[2026-06-17T10:05:26.114+0800][6.907s][info][gc,metaspace   ] GC(276) Metaspace: 114K(320K)->114K(320K) NonClass: 107K(192K)->107K(192K) Class: 7K(128K)->7K(128K)
[2026-06-17T10:05:26.115+0800][6.908s][info][gc             ] GC(276) Pause Full (Allocation Failure) 46M->30M(57M) 13.291ms
[2026-06-17T10:05:26.115+0800][6.908s][info][gc,cpu         ] GC(276) User=0.00s Sys=0.01s Real=0.02s
[2026-06-17T10:05:26.137+0800][6.930s][info][gc,start       ] GC(277) Pause Young (Allocation Failure)
[2026-06-17T10:05:26.138+0800][6.931s][info][gc,heap        ] GC(277) PSYoungGen: 7146K(14336K)->3624K(14336K) Eden: 7146K(7168K)->0K(7168K) From: 0K(7168K)->3624K(7168K)
[2026-06-17T10:05:26.139+0800][6.932s][info][gc,heap        ] GC(277) ParOldGen: 31027K(44032K)->31027K(44032K)
[2026-06-17T10:05:26.140+0800][6.932s][info][gc,metaspace   ] GC(277) Metaspace: 114K(320K)->114K(320K) NonClass: 107K(192K)->107K(192K) Class: 7K(128K)->7K(128K)
[2026-06-17T10:05:26.140+0800][6.933s][info][gc             ] GC(277) Pause Young (Allocation Failure) 37M->33M(57M) 3.479ms
[2026-06-17T10:05:26.141+0800][6.934s][info][gc,cpu         ] GC(277) User=0.00s Sys=0.00s Real=0.00s
[2026-06-17T10:05:26.163+0800][6.956s][info][gc,start       ] GC(278) Pause Young (Allocation Failure)
[2026-06-17T10:05:26.165+0800][6.957s][info][gc,heap        ] GC(278) PSYoungGen: 10784K(14336K)->3888K(14336K) Eden: 7159K(7168K)->0K(7168K) From: 3624K(7168K)->3888K(7168K)
[2026-06-17T10:05:26.165+0800][6.958s][info][gc,heap        ] GC(278) ParOldGen: 31027K(44032K)->31027K(44032K)
[2026-06-17T10:05:26.166+0800][6.959s][info][gc,metaspace   ] GC(278) Metaspace: 114K(320K)->114K(320K) NonClass: 107K(192K)->107K(192K) Class: 7K(128K)->7K(128K)
[2026-06-17T10:05:26.167+0800][6.960s][info][gc             ] GC(278) Pause Young (Allocation Failure) 40M->34M(57M) 3.732ms
[2026-06-17T10:05:26.168+0800][6.960s][info][gc,cpu         ] GC(278) User=0.00s Sys=0.00s Real=0.00s
[2026-06-17T10:05:26.179+0800][6.972s][info][gc,start       ] GC(279) Pause Young (Allocation Failure)
[2026-06-17T10:05:26.181+0800][6.974s][info][gc,heap        ] GC(279) PSYoungGen: 11043K(14336K)->7062K(14336K) Eden: 7154K(7168K)->0K(7168K) From: 3888K(7168K)->7062K(7168K)
[2026-06-17T10:05:26.182+0800][6.975s][info][gc,heap        ] GC(279) ParOldGen: 31027K(44032K)->31342K(44032K)
[2026-06-17T10:05:26.183+0800][6.975s][info][gc,metaspace   ] GC(279) Metaspace: 114K(320K)->114K(320K) NonClass: 107K(192K)->107K(192K) Class: 7K(128K)->7K(128K)
[2026-06-17T10:05:26.183+0800][6.976s][info][gc             ] GC(279) Pause Young (Allocation Failure) 41M->37M(57M) 4.009ms
[2026-06-17T10:05:26.184+0800][6.977s][info][gc,cpu         ] GC(279) User=0.00s Sys=0.00s Real=0.01s
[2026-06-17T10:05:26.206+0800][6.999s][info][gc,start       ] GC(280) Pause Young (Allocation Failure)
[2026-06-17T10:05:26.208+0800][7.001s][info][gc,heap        ] GC(280) PSYoungGen: 13999K(14336K)->1796K(14336K) Eden: 6936K(7168K)->0K(7168K) From: 7062K(7168K)->1796K(7168K)
[2026-06-17T10:05:26.208+0800][7.001s][info][gc,heap        ] GC(280) ParOldGen: 31342K(44032K)->33717K(44032K)
[2026-06-17T10:05:26.209+0800][7.002s][info][gc,metaspace   ] GC(280) Metaspace: 114K(320K)->114K(320K) NonClass: 107K(192K)->107K(192K) Class: 7K(128K)->7K(128K)
[2026-06-17T10:05:26.210+0800][7.003s][info][gc             ] GC(280) Pause Young (Allocation Failure) 44M->34M(57M) 3.565ms
[2026-06-17T10:05:26.211+0800][7.003s][info][gc,cpu         ] GC(280) User=0.00s Sys=0.00s Real=0.01s
[2026-06-17T10:05:26.232+0800][7.025s][info][gc,start       ] GC(281) Pause Young (Allocation Failure)
[2026-06-17T10:05:26.234+0800][7.027s][info][gc,heap        ] GC(281) PSYoungGen: 8924K(14336K)->3674K(14336K) Eden: 7128K(7168K)->0K(7168K) From: 1796K(7168K)->3674K(7168K)
[2026-06-17T10:05:26.235+0800][7.028s][info][gc,heap        ] GC(281) ParOldGen: 33717K(44032K)->35489K(44032K)
[2026-06-17T10:05:26.236+0800][7.028s][info][gc,metaspace   ] GC(281) Metaspace: 114K(320K)->114K(320K) NonClass: 107K(192K)->107K(192K) Class: 7K(128K)->7K(128K)
[2026-06-17T10:05:26.236+0800][7.029s][info][gc             ] GC(281) Pause Young (Allocation Failure) 41M->38M(57M) 3.877ms
[2026-06-17T10:05:26.237+0800][7.030s][info][gc,cpu         ] GC(281) User=0.00s Sys=0.00s Real=0.00s
[2026-06-17T10:05:26.249+0800][7.042s][info][gc,start       ] GC(282) Pause Young (Allocation Failure)
[2026-06-17T10:05:26.250+0800][7.043s][info][gc,heap        ] GC(282) PSYoungGen: 10675K(14336K)->1790K(14336K) Eden: 7001K(7168K)->0K(7168K) From: 3674K(7168K)->1790K(7168K)
[2026-06-17T10:05:26.251+0800][7.044s][info][gc,heap        ] GC(282) ParOldGen: 35489K(44032K)->37555K(44032K)
[2026-06-17T10:05:26.252+0800][7.044s][info][gc,metaspace   ] GC(282) Metaspace: 114K(320K)->114K(320K) NonClass: 107K(192K)->107K(192K) Class: 7K(128K)->7K(128K)
[2026-06-17T10:05:26.252+0800][7.045s][info][gc             ] GC(282) Pause Young (Allocation Failure) 45M->38M(57M) 3.577ms
[2026-06-17T10:05:26.253+0800][7.046s][info][gc,cpu         ] GC(282) User=0.00s Sys=0.00s Real=0.01s
[2026-06-17T10:05:26.275+0800][7.068s][info][gc,start       ] GC(283) Pause Young (Allocation Failure)
[2026-06-17T10:05:26.277+0800][7.070s][info][gc,heap        ] GC(283) PSYoungGen: 8956K(14336K)->5812K(14336K) Eden: 7166K(7168K)->0K(7168K) From: 1790K(7168K)->5812K(7168K)
[2026-06-17T10:05:26.278+0800][7.071s][info][gc,heap        ] GC(283) ParOldGen: 37555K(44032K)->37555K(44032K)
[2026-06-17T10:05:26.279+0800][7.071s][info][gc,metaspace   ] GC(283) Metaspace: 114K(320K)->114K(320K) NonClass: 107K(192K)->107K(192K) Class: 7K(128K)->7K(128K)
[2026-06-17T10:05:26.279+0800][7.072s][info][gc             ] GC(283) Pause Young (Allocation Failure) 45M->42M(57M) 4.008ms
[2026-06-17T10:05:26.280+0800][7.073s][info][gc,cpu         ] GC(283) User=0.01s Sys=0.00s Real=0.00s
[2026-06-17T10:05:26.302+0800][7.095s][info][gc,start       ] GC(284) Pause Young (Allocation Failure)
[2026-06-17T10:05:26.303+0800][7.096s][info][gc,heap        ] GC(284) PSYoungGen: 12962K(14336K)->3161K(14336K) Eden: 7150K(7168K)->0K(7168K) From: 5812K(7168K)->3161K(7168K)
[2026-06-17T10:05:26.304+0800][7.096s][info][gc,heap        ] GC(284) ParOldGen: 37555K(44032K)->40748K(44032K)
[2026-06-17T10:05:26.304+0800][7.097s][info][gc,metaspace   ] GC(284) Metaspace: 114K(320K)->114K(320K) NonClass: 107K(192K)->107K(192K) Class: 7K(128K)->7K(128K)
[2026-06-17T10:05:26.305+0800][7.098s][info][gc             ] GC(284) Pause Young (Allocation Failure) 49M->42M(57M) 3.137ms
[2026-06-17T10:05:26.306+0800][7.098s][info][gc,cpu         ] GC(284) User=0.00s Sys=0.00s Real=0.01s
[2026-06-17T10:05:26.327+0800][7.120s][info][gc,start       ] GC(285) Pause Full (Allocation Failure)
[2026-06-17T10:05:26.328+0800][7.121s][info][gc,phases,start] GC(285) Marking Phase
[2026-06-17T10:05:26.329+0800][7.122s][info][gc,phases      ] GC(285) Marking Phase 1.323ms
[2026-06-17T10:05:26.330+0800][7.123s][info][gc,phases,start] GC(285) Summary Phase
[2026-06-17T10:05:26.330+0800][7.123s][info][gc,phases      ] GC(285) Summary Phase 0.625ms
[2026-06-17T10:05:26.331+0800][7.124s][info][gc,phases,start] GC(285) Forward
[2026-06-17T10:05:26.332+0800][7.124s][info][gc,phases      ] GC(285) Forward 0.668ms
[2026-06-17T10:05:26.332+0800][7.125s][info][gc,phases,start] GC(285) Adjust Pointers
[2026-06-17T10:05:26.333+0800][7.126s][info][gc,phases      ] GC(285) Adjust Pointers 0.986ms
[2026-06-17T10:05:26.334+0800][7.127s][info][gc,phases,start] GC(285) Compaction Phase
[2026-06-17T10:05:26.336+0800][7.128s][info][gc,phases      ] GC(285) Compaction Phase 1.785ms
[2026-06-17T10:05:26.336+0800][7.129s][info][gc,phases,start] GC(285) Post Compact
[2026-06-17T10:05:26.337+0800][7.130s][info][gc,phases      ] GC(285) Post Compact 0.662ms
[2026-06-17T10:05:26.337+0800][7.130s][info][gc,heap        ] GC(285) PSYoungGen: 10295K(14336K)->0K(14336K) Eden: 7133K(7168K)->0K(7168K) From: 3161K(7168K)->0K(7168K)
[2026-06-17T10:05:26.338+0800][7.130s][info][gc,heap        ] GC(285) ParOldGen: 40748K(44032K)->25514K(44032K)
[2026-06-17T10:05:26.338+0800][7.131s][info][gc,metaspace   ] GC(285) Metaspace: 114K(320K)->114K(320K) NonClass: 107K(192K)->107K(192K) Class: 7K(128K)->7K(128K)
[2026-06-17T10:05:26.339+0800][7.131s][info][gc             ] GC(285) Pause Full (Allocation Failure) 49M->24M(57M) 11.272ms
[2026-06-17T10:05:26.339+0800][7.132s][info][gc,cpu         ] GC(285) User=0.00s Sys=0.00s Real=0.01s
[2026-06-17T10:05:26.350+0800][7.143s][info][gc,start       ] GC(286) Pause Young (Allocation Failure)
[2026-06-17T10:05:26.352+0800][7.144s][info][gc,heap        ] GC(286) PSYoungGen: 7139K(14336K)->6871K(14336K) Eden: 7139K(7168K)->0K(7168K) From: 0K(7168K)->6871K(7168K)
[2026-06-17T10:05:26.352+0800][7.145s][info][gc,heap        ] GC(286) ParOldGen: 25514K(44032K)->25818K(44032K)
[2026-06-17T10:05:26.353+0800][7.146s][info][gc,metaspace   ] GC(286) Metaspace: 114K(320K)->114K(320K) NonClass: 107K(192K)->107K(192K) Class: 7K(128K)->7K(128K)
[2026-06-17T10:05:26.353+0800][7.146s][info][gc             ] GC(286) Pause Young (Allocation Failure) 31M->31M(57M) 2.796ms
[2026-06-17T10:05:26.354+0800][7.147s][info][gc,cpu         ] GC(286) User=0.01s Sys=0.00s Real=0.00s
[2026-06-17T10:05:26.375+0800][7.168s][info][gc,start       ] GC(287) Pause Young (Allocation Failure)
[2026-06-17T10:05:26.377+0800][7.170s][info][gc,heap        ] GC(287) PSYoungGen: 14032K(14336K)->3346K(14336K) Eden: 7160K(7168K)->0K(7168K) From: 6871K(7168K)->3346K(7168K)
[2026-06-17T10:05:26.378+0800][7.171s][info][gc,heap        ] GC(287) ParOldGen: 25818K(44032K)->29704K(44032K)
[2026-06-17T10:05:26.379+0800][7.172s][info][gc,metaspace   ] GC(287) Metaspace: 114K(320K)->114K(320K) NonClass: 107K(192K)->107K(192K) Class: 7K(128K)->7K(128K)
[2026-06-17T10:05:26.380+0800][7.172s][info][gc             ] GC(287) Pause Young (Allocation Failure) 38M->32M(57M) 4.037ms
[2026-06-17T10:05:26.380+0800][7.173s][info][gc,cpu         ] GC(287) User=0.00s Sys=0.00s Real=0.00s
[2026-06-17T10:05:26.403+0800][7.196s][info][gc,start       ] GC(288) Pause Young (Allocation Failure)
[2026-06-17T10:05:26.405+0800][7.197s][info][gc,heap        ] GC(288) PSYoungGen: 10469K(14336K)->3446K(14336K) Eden: 7123K(7168K)->0K(7168K) From: 3346K(7168K)->3446K(7168K)
[2026-06-17T10:05:26.405+0800][7.198s][info][gc,heap        ] GC(288) ParOldGen: 29704K(44032K)->29704K(44032K)
[2026-06-17T10:05:26.406+0800][7.199s][info][gc,metaspace   ] GC(288) Metaspace: 114K(320K)->114K(320K) NonClass: 107K(192K)->107K(192K) Class: 7K(128K)->7K(128K)
[2026-06-17T10:05:26.407+0800][7.200s][info][gc             ] GC(288) Pause Young (Allocation Failure) 39M->32M(57M) 4.065ms
[2026-06-17T10:05:26.408+0800][7.201s][info][gc,cpu         ] GC(288) User=0.00s Sys=0.00s Real=0.00s
[2026-06-17T10:05:26.420+0800][7.213s][info][gc,start       ] GC(289) Pause Young (Allocation Failure)
[2026-06-17T10:05:26.422+0800][7.214s][info][gc,heap        ] GC(289) PSYoungGen: 10525K(14336K)->1190K(14336K) Eden: 7079K(7168K)->0K(7168K) From: 3446K(7168K)->1190K(7168K)
[2026-06-17T10:05:26.422+0800][7.215s][info][gc,heap        ] GC(289) ParOldGen: 29704K(44032K)->31890K(44032K)
[2026-06-17T10:05:26.424+0800][7.217s][info][gc,metaspace   ] GC(289) Metaspace: 114K(320K)->114K(320K) NonClass: 107K(192K)->107K(192K) Class: 7K(128K)->7K(128K)
[2026-06-17T10:05:26.425+0800][7.217s][info][gc             ] GC(289) Pause Young (Allocation Failure) 39M->32M(57M) 4.875ms
[2026-06-17T10:05:26.426+0800][7.219s][info][gc,cpu         ] GC(289) User=0.00s Sys=0.00s Real=0.01s
[2026-06-17T10:05:26.458+0800][7.251s][info][gc,start       ] GC(290) Pause Young (Allocation Failure)
[2026-06-17T10:05:26.460+0800][7.252s][info][gc,heap        ] GC(290) PSYoungGen: 8357K(14336K)->1971K(14336K) Eden: 7167K(7168K)->0K(7168K) From: 1190K(7168K)->1971K(7168K)
[2026-06-17T10:05:26.460+0800][7.253s][info][gc,heap        ] GC(290) ParOldGen: 31890K(44032K)->31890K(44032K)
[2026-06-17T10:05:26.461+0800][7.254s][info][gc,metaspace   ] GC(290) Metaspace: 114K(320K)->114K(320K) NonClass: 107K(192K)->107K(192K) Class: 7K(128K)->7K(128K)
[2026-06-17T10:05:26.462+0800][7.254s][info][gc             ] GC(290) Pause Young (Allocation Failure) 39M->33M(57M) 3.213ms
[2026-06-17T10:05:26.463+0800][7.255s][info][gc,cpu         ] GC(290) User=0.00s Sys=0.00s Real=0.01s
[2026-06-17T10:05:26.474+0800][7.267s][info][gc,start       ] GC(291) Pause Young (Allocation Failure)
[2026-06-17T10:05:26.477+0800][7.270s][info][gc,heap        ] GC(291) PSYoungGen: 9138K(14336K)->3729K(14336K) Eden: 7167K(7168K)->0K(7168K) From: 1971K(7168K)->3729K(7168K)
[2026-06-17T10:05:26.479+0800][7.272s][info][gc,heap        ] GC(291) ParOldGen: 31890K(44032K)->33805K(44032K)
[2026-06-17T10:05:26.481+0800][7.274s][info][gc,metaspace   ] GC(291) Metaspace: 114K(320K)->114K(320K) NonClass: 107K(192K)->107K(192K) Class: 7K(128K)->7K(128K)
[2026-06-17T10:05:26.483+0800][7.276s][info][gc             ] GC(291) Pause Young (Allocation Failure) 40M->36M(57M) 8.344ms
[2026-06-17T10:05:26.484+0800][7.277s][info][gc,cpu         ] GC(291) User=0.00s Sys=0.00s Real=0.01s
[2026-06-17T10:05:26.507+0800][7.300s][info][gc,start       ] GC(292) Pause Young (Allocation Failure)
[2026-06-17T10:05:26.509+0800][7.302s][info][gc,heap        ] GC(292) PSYoungGen: 10880K(14336K)->3843K(14336K) Eden: 7150K(7168K)->0K(7168K) From: 3729K(7168K)->3843K(7168K)
[2026-06-17T10:05:26.509+0800][7.302s][info][gc,heap        ] GC(292) ParOldGen: 33805K(44032K)->33805K(44032K)
[2026-06-17T10:05:26.509+0800][7.302s][info][gc,metaspace   ] GC(292) Metaspace: 114K(320K)->114K(320K) NonClass: 107K(192K)->107K(192K) Class: 7K(128K)->7K(128K)
[2026-06-17T10:05:26.510+0800][7.303s][info][gc             ] GC(292) Pause Young (Allocation Failure) 43M->36M(57M) 2.292ms
[2026-06-17T10:05:26.510+0800][7.303s][info][gc,cpu         ] GC(292) User=0.00s Sys=0.00s Real=0.00s
[2026-06-17T10:05:26.521+0800][7.314s][info][gc,start       ] GC(293) Pause Young (Allocation Failure)
[2026-06-17T10:05:26.523+0800][7.316s][info][gc,heap        ] GC(293) PSYoungGen: 11000K(14336K)->7062K(14336K) Eden: 7157K(7168K)->0K(7168K) From: 3843K(7168K)->7062K(7168K)
[2026-06-17T10:05:26.525+0800][7.317s][info][gc,heap        ] GC(293) ParOldGen: 33805K(44032K)->34028K(44032K)
[2026-06-17T10:05:26.525+0800][7.318s][info][gc,metaspace   ] GC(293) Metaspace: 114K(320K)->114K(320K) NonClass: 107K(192K)->107K(192K) Class: 7K(128K)->7K(128K)
[2026-06-17T10:05:26.525+0800][7.318s][info][gc             ] GC(293) Pause Young (Allocation Failure) 43M->40M(57M) 3.995ms
[2026-06-17T10:05:26.526+0800][7.319s][info][gc,cpu         ] GC(293) User=0.00s Sys=0.00s Real=0.01s
[2026-06-17T10:05:26.548+0800][7.341s][info][gc,start       ] GC(294) Pause Young (Allocation Failure)
[2026-06-17T10:05:26.551+0800][7.343s][info][gc,heap        ] GC(294) PSYoungGen: 14218K(14336K)->4366K(14336K) Eden: 7156K(7168K)->0K(7168K) From: 7062K(7168K)->4366K(7168K)
[2026-06-17T10:05:26.551+0800][7.344s][info][gc,heap        ] GC(294) ParOldGen: 34028K(44032K)->36748K(44032K)
[2026-06-17T10:05:26.552+0800][7.344s][info][gc,metaspace   ] GC(294) Metaspace: 114K(320K)->114K(320K) NonClass: 107K(192K)->107K(192K) Class: 7K(128K)->7K(128K)
[2026-06-17T10:05:26.552+0800][7.345s][info][gc             ] GC(294) Pause Young (Allocation Failure) 47M->40M(57M) 4.282ms
[2026-06-17T10:05:26.553+0800][7.345s][info][gc,cpu         ] GC(294) User=0.01s Sys=0.00s Real=0.01s
[2026-06-17T10:05:26.575+0800][7.368s][info][gc,start       ] GC(295) Pause Young (Allocation Failure)
[2026-06-17T10:05:26.577+0800][7.370s][info][gc,heap        ] GC(295) PSYoungGen: 11514K(14336K)->2739K(14336K) Eden: 7147K(7168K)->0K(7168K) From: 4366K(7168K)->2739K(7168K)
[2026-06-17T10:05:26.578+0800][7.370s][info][gc,heap        ] GC(295) ParOldGen: 36748K(44032K)->38753K(44032K)
[2026-06-17T10:05:26.578+0800][7.371s][info][gc,metaspace   ] GC(295) Metaspace: 114K(320K)->114K(320K) NonClass: 107K(192K)->107K(192K) Class: 7K(128K)->7K(128K)
[2026-06-17T10:05:26.579+0800][7.372s][info][gc             ] GC(295) Pause Young (Allocation Failure) 47M->40M(57M) 4.111ms
[2026-06-17T10:05:26.580+0800][7.372s][info][gc,cpu         ] GC(295) User=0.00s Sys=0.00s Real=0.00s
[2026-06-17T10:05:26.591+0800][7.384s][info][gc,start       ] GC(296) Pause Young (Allocation Failure)
[2026-06-17T10:05:26.592+0800][7.385s][info][gc,heap        ] GC(296) PSYoungGen: 9864K(14336K)->2818K(14336K) Eden: 7124K(7168K)->0K(7168K) From: 2739K(7168K)->2818K(7168K)
[2026-06-17T10:05:26.592+0800][7.385s][info][gc,heap        ] GC(296) ParOldGen: 38753K(44032K)->38753K(44032K)
[2026-06-17T10:05:26.592+0800][7.385s][info][gc,metaspace   ] GC(296) Metaspace: 114K(320K)->114K(320K) NonClass: 107K(192K)->107K(192K) Class: 7K(128K)->7K(128K)
[2026-06-17T10:05:26.593+0800][7.385s][info][gc             ] GC(296) Pause Young (Allocation Failure) 47M->40M(57M) 1.527ms
[2026-06-17T10:05:26.593+0800][7.386s][info][gc,cpu         ] GC(296) User=0.00s Sys=0.00s Real=0.00s
[2026-06-17T10:05:26.614+0800][7.407s][info][gc,start       ] GC(297) Pause Young (Allocation Failure)
[2026-06-17T10:05:26.616+0800][7.409s][info][gc,heap        ] GC(297) PSYoungGen: 9947K(14336K)->3707K(14336K) Eden: 7129K(7168K)->0K(7168K) From: 2818K(7168K)->3707K(7168K)
[2026-06-17T10:05:26.617+0800][7.410s][info][gc,heap        ] GC(297) ParOldGen: 38753K(44032K)->41515K(44032K)
[2026-06-17T10:05:26.618+0800][7.410s][info][gc,metaspace   ] GC(297) Metaspace: 114K(320K)->114K(320K) NonClass: 107K(192K)->107K(192K) Class: 7K(128K)->7K(128K)
[2026-06-17T10:05:26.618+0800][7.411s][info][gc             ] GC(297) Pause Young (Allocation Failure) 47M->44M(57M) 4.138ms
[2026-06-17T10:05:26.619+0800][7.412s][info][gc,cpu         ] GC(297) User=0.00s Sys=0.00s Real=0.00s
[2026-06-17T10:05:26.642+0800][7.435s][info][gc,start       ] GC(298) Pause Full (Allocation Failure)
[2026-06-17T10:05:26.643+0800][7.435s][info][gc,phases,start] GC(298) Marking Phase
[2026-06-17T10:05:26.645+0800][7.438s][info][gc,phases      ] GC(298) Marking Phase 2.375ms
[2026-06-17T10:05:26.646+0800][7.438s][info][gc,phases,start] GC(298) Summary Phase
[2026-06-17T10:05:26.646+0800][7.439s][info][gc,phases      ] GC(298) Summary Phase 0.455ms
[2026-06-17T10:05:26.646+0800][7.439s][info][gc,phases,start] GC(298) Forward
[2026-06-17T10:05:26.647+0800][7.440s][info][gc,phases      ] GC(298) Forward 0.501ms
[2026-06-17T10:05:26.647+0800][7.440s][info][gc,phases,start] GC(298) Adjust Pointers
[2026-06-17T10:05:26.648+0800][7.441s][info][gc,phases      ] GC(298) Adjust Pointers 1.034ms
[2026-06-17T10:05:26.649+0800][7.441s][info][gc,phases,start] GC(298) Compaction Phase
[2026-06-17T10:05:26.651+0800][7.443s][info][gc,phases      ] GC(298) Compaction Phase 1.987ms
[2026-06-17T10:05:26.651+0800][7.444s][info][gc,phases,start] GC(298) Post Compact
[2026-06-17T10:05:26.651+0800][7.444s][info][gc,phases      ] GC(298) Post Compact 0.265ms
[2026-06-17T10:05:26.652+0800][7.444s][info][gc,heap        ] GC(298) PSYoungGen: 10858K(14336K)->0K(14336K) Eden: 7151K(7168K)->0K(7168K) From: 3707K(7168K)->0K(7168K)
[2026-06-17T10:05:26.652+0800][7.445s][info][gc,heap        ] GC(298) ParOldGen: 41515K(44032K)->32424K(44032K)
[2026-06-17T10:05:26.652+0800][7.445s][info][gc,metaspace   ] GC(298) Metaspace: 114K(320K)->114K(320K) NonClass: 107K(192K)->107K(192K) Class: 7K(128K)->7K(128K)
[2026-06-17T10:05:26.652+0800][7.445s][info][gc             ] GC(298) Pause Full (Allocation Failure) 51M->31M(57M) 10.369ms
[2026-06-17T10:05:26.652+0800][7.445s][info][gc,cpu         ] GC(298) User=0.01s Sys=0.00s Real=0.02s
[2026-06-17T10:05:26.674+0800][7.466s][info][gc,start       ] GC(299) Pause Young (Allocation Failure)
[2026-06-17T10:05:26.675+0800][7.468s][info][gc,heap        ] GC(299) PSYoungGen: 7145K(14336K)->3652K(14336K) Eden: 7145K(7168K)->0K(7168K) From: 0K(7168K)->3652K(7168K)
[2026-06-17T10:05:26.675+0800][7.468s][info][gc,heap        ] GC(299) ParOldGen: 32424K(44032K)->32424K(44032K)
[2026-06-17T10:05:26.676+0800][7.469s][info][gc,metaspace   ] GC(299) Metaspace: 114K(320K)->114K(320K) NonClass: 107K(192K)->107K(192K) Class: 7K(128K)->7K(128K)
[2026-06-17T10:05:26.676+0800][7.469s][info][gc             ] GC(299) Pause Young (Allocation Failure) 38M->35M(57M) 2.570ms
[2026-06-17T10:05:26.676+0800][7.469s][info][gc,cpu         ] GC(299) User=0.00s Sys=0.00s Real=0.00s
[2026-06-17T10:05:26.688+0800][7.481s][info][gc,start       ] GC(300) Pause Young (Allocation Failure)
[2026-06-17T10:05:26.692+0800][7.484s][info][gc,heap        ] GC(300) PSYoungGen: 10811K(14336K)->7107K(14336K) Eden: 7159K(7168K)->0K(7168K) From: 3652K(7168K)->7107K(7168K)
[2026-06-17T10:05:26.692+0800][7.485s][info][gc,heap        ] GC(300) ParOldGen: 32424K(44032K)->32582K(44032K)
[2026-06-17T10:05:26.694+0800][7.487s][info][gc,metaspace   ] GC(300) Metaspace: 114K(320K)->114K(320K) NonClass: 107K(192K)->107K(192K) Class: 7K(128K)->7K(128K)
[2026-06-17T10:05:26.695+0800][7.488s][info][gc             ] GC(300) Pause Young (Allocation Failure) 42M->38M(57M) 7.190ms
[2026-06-17T10:05:26.696+0800][7.489s][info][gc,cpu         ] GC(300) User=0.01s Sys=0.00s Real=0.01s
[2026-06-17T10:05:26.718+0800][7.511s][info][gc,start       ] GC(301) Pause Young (Allocation Failure)
[2026-06-17T10:05:26.720+0800][7.513s][info][gc,heap        ] GC(301) PSYoungGen: 14242K(14336K)->5454K(14336K) Eden: 7134K(7168K)->0K(7168K) From: 7107K(7168K)->5454K(7168K)
[2026-06-17T10:05:26.720+0800][7.513s][info][gc,heap        ] GC(301) ParOldGen: 32582K(44032K)->34603K(44032K)
[2026-06-17T10:05:26.721+0800][7.514s][info][gc,metaspace   ] GC(301) Metaspace: 114K(320K)->114K(320K) NonClass: 107K(192K)->107K(192K) Class: 7K(128K)->7K(128K)
[2026-06-17T10:05:26.721+0800][7.514s][info][gc             ] GC(301) Pause Young (Allocation Failure) 45M->39M(57M) 3.465ms
[2026-06-17T10:05:26.722+0800][7.515s][info][gc,cpu         ] GC(301) User=0.00s Sys=0.00s Real=0.00s
[2026-06-17T10:05:26.744+0800][7.537s][info][gc,start       ] GC(302) Pause Young (Allocation Failure)
[2026-06-17T10:05:26.747+0800][7.539s][info][gc,heap        ] GC(302) PSYoungGen: 12620K(14336K)->3355K(14336K) Eden: 7165K(7168K)->0K(7168K) From: 5454K(7168K)->3355K(7168K)
[2026-06-17T10:05:26.747+0800][7.540s][info][gc,heap        ] GC(302) ParOldGen: 34603K(44032K)->36735K(44032K)
[2026-06-17T10:05:26.748+0800][7.541s][info][gc,metaspace   ] GC(302) Metaspace: 114K(320K)->114K(320K) NonClass: 107K(192K)->107K(192K) Class: 7K(128K)->7K(128K)
[2026-06-17T10:05:26.749+0800][7.542s][info][gc             ] GC(302) Pause Young (Allocation Failure) 46M->39M(57M) 4.889ms
[2026-06-17T10:05:26.750+0800][7.542s][info][gc,cpu         ] GC(302) User=0.00s Sys=0.00s Real=0.00s
[2026-06-17T10:05:26.762+0800][7.555s][info][gc,start       ] GC(303) Pause Young (Allocation Failure)
[2026-06-17T10:05:26.764+0800][7.557s][info][gc,heap        ] GC(303) PSYoungGen: 10447K(14336K)->3241K(14336K) Eden: 7092K(7168K)->0K(7168K) From: 3355K(7168K)->3241K(7168K)
[2026-06-17T10:05:26.765+0800][7.557s][info][gc,heap        ] GC(303) ParOldGen: 36735K(44032K)->36735K(44032K)
[2026-06-17T10:05:26.765+0800][7.558s][info][gc,metaspace   ] GC(303) Metaspace: 114K(320K)->114K(320K) NonClass: 107K(192K)->107K(192K) Class: 7K(128K)->7K(128K)
[2026-06-17T10:05:26.766+0800][7.559s][info][gc             ] GC(303) Pause Young (Allocation Failure) 46M->39M(57M) 4.216ms
[2026-06-17T10:05:26.767+0800][7.560s][info][gc,cpu         ] GC(303) User=0.01s Sys=0.00s Real=0.01s
[2026-06-17T10:05:26.789+0800][7.582s][info][gc,start       ] GC(304) Pause Young (Allocation Failure)
[2026-06-17T10:05:26.791+0800][7.583s][info][gc,heap        ] GC(304) PSYoungGen: 10361K(14336K)->3763K(14336K) Eden: 7120K(7168K)->0K(7168K) From: 3241K(7168K)->3763K(7168K)
[2026-06-17T10:05:26.791+0800][7.584s][info][gc,heap        ] GC(304) ParOldGen: 36735K(44032K)->39928K(44032K)
[2026-06-17T10:05:26.792+0800][7.585s][info][gc,metaspace   ] GC(304) Metaspace: 114K(320K)->114K(320K) NonClass: 107K(192K)->107K(192K) Class: 7K(128K)->7K(128K)
[2026-06-17T10:05:26.792+0800][7.585s][info][gc             ] GC(304) Pause Young (Allocation Failure) 45M->42M(57M) 3.522ms
[2026-06-17T10:05:26.793+0800][7.586s][info][gc,cpu         ] GC(304) User=0.00s Sys=0.00s Real=0.01s
[2026-06-17T10:05:26.815+0800][7.608s][info][gc,start       ] GC(305) Pause Full (Allocation Failure)
[2026-06-17T10:05:26.816+0800][7.609s][info][gc,phases,start] GC(305) Marking Phase
[2026-06-17T10:05:26.819+0800][7.612s][info][gc,phases      ] GC(305) Marking Phase 3.022ms
[2026-06-17T10:05:26.820+0800][7.612s][info][gc,phases,start] GC(305) Summary Phase
[2026-06-17T10:05:26.820+0800][7.613s][info][gc,phases      ] GC(305) Summary Phase 0.648ms
[2026-06-17T10:05:26.821+0800][7.614s][info][gc,phases,start] GC(305) Forward
[2026-06-17T10:05:26.822+0800][7.614s][info][gc,phases      ] GC(305) Forward 0.786ms
[2026-06-17T10:05:26.822+0800][7.615s][info][gc,phases,start] GC(305) Adjust Pointers
[2026-06-17T10:05:26.824+0800][7.617s][info][gc,phases      ] GC(305) Adjust Pointers 1.588ms
[2026-06-17T10:05:26.824+0800][7.617s][info][gc,phases,start] GC(305) Compaction Phase
[2026-06-17T10:05:26.827+0800][7.620s][info][gc,phases      ] GC(305) Compaction Phase 2.834ms
[2026-06-17T10:05:26.828+0800][7.621s][info][gc,phases,start] GC(305) Post Compact
[2026-06-17T10:05:26.828+0800][7.621s][info][gc,phases      ] GC(305) Post Compact 0.595ms
[2026-06-17T10:05:26.829+0800][7.622s][info][gc,heap        ] GC(305) PSYoungGen: 10884K(14336K)->0K(14336K) Eden: 7120K(7168K)->0K(7168K) From: 3763K(7168K)->0K(7168K)
[2026-06-17T10:05:26.829+0800][7.622s][info][gc,heap        ] GC(305) ParOldGen: 39928K(44032K)->30636K(44032K)
[2026-06-17T10:05:26.829+0800][7.622s][info][gc,metaspace   ] GC(305) Metaspace: 114K(320K)->114K(320K) NonClass: 107K(192K)->107K(192K) Class: 7K(128K)->7K(128K)
[2026-06-17T10:05:26.830+0800][7.622s][info][gc             ] GC(305) Pause Full (Allocation Failure) 49M->29M(57M) 14.572ms
[2026-06-17T10:05:26.830+0800][7.623s][info][gc,cpu         ] GC(305) User=0.01s Sys=0.00s Real=0.01s
[2026-06-17T10:05:26.852+0800][7.645s][info][gc,start       ] GC(306) Pause Young (Allocation Failure)
[2026-06-17T10:05:26.855+0800][7.648s][info][gc,heap        ] GC(306) PSYoungGen: 7148K(14336K)->3533K(14336K) Eden: 7148K(7168K)->0K(7168K) From: 0K(7168K)->3533K(7168K)
[2026-06-17T10:05:26.856+0800][7.649s][info][gc,heap        ] GC(306) ParOldGen: 30636K(44032K)->30636K(44032K)
[2026-06-17T10:05:26.857+0800][7.650s][info][gc,metaspace   ] GC(306) Metaspace: 114K(320K)->114K(320K) NonClass: 107K(192K)->107K(192K) Class: 7K(128K)->7K(128K)
[2026-06-17T10:05:26.858+0800][7.651s][info][gc             ] GC(306) Pause Young (Allocation Failure) 36M->33M(57M) 5.969ms
[2026-06-17T10:05:26.858+0800][7.651s][info][gc,cpu         ] GC(306) User=0.00s Sys=0.00s Real=0.00s
[2026-06-17T10:05:26.870+0800][7.663s][info][gc,start       ] GC(307) Pause Young (Allocation Failure)
[2026-06-17T10:05:26.872+0800][7.665s][info][gc,heap        ] GC(307) PSYoungGen: 10694K(14336K)->7089K(14336K) Eden: 7160K(7168K)->0K(7168K) From: 3533K(7168K)->7089K(7168K)
[2026-06-17T10:05:26.873+0800][7.666s][info][gc,heap        ] GC(307) ParOldGen: 30636K(44032K)->30864K(44032K)
[2026-06-17T10:05:26.874+0800][7.666s][info][gc,metaspace   ] GC(307) Metaspace: 114K(320K)->114K(320K) NonClass: 107K(192K)->107K(192K) Class: 7K(128K)->7K(128K)
[2026-06-17T10:05:26.874+0800][7.667s][info][gc             ] GC(307) Pause Young (Allocation Failure) 40M->37M(57M) 3.793ms
[2026-06-17T10:05:26.875+0800][7.668s][info][gc,cpu         ] GC(307) User=0.01s Sys=0.00s Real=0.01s
[2026-06-17T10:05:26.897+0800][7.690s][info][gc,start       ] GC(308) Pause Young (Allocation Failure)
[2026-06-17T10:05:26.900+0800][7.692s][info][gc,heap        ] GC(308) PSYoungGen: 14249K(14336K)->3821K(14336K) Eden: 7160K(7168K)->0K(7168K) From: 7089K(7168K)->3821K(7168K)
[2026-06-17T10:05:26.900+0800][7.693s][info][gc,heap        ] GC(308) ParOldGen: 30864K(44032K)->33998K(44032K)
[2026-06-17T10:05:26.901+0800][7.694s][info][gc,metaspace   ] GC(308) Metaspace: 114K(320K)->114K(320K) NonClass: 107K(192K)->107K(192K) Class: 7K(128K)->7K(128K)
[2026-06-17T10:05:26.901+0800][7.694s][info][gc             ] GC(308) Pause Young (Allocation Failure) 44M->36M(57M) 4.124ms
[2026-06-17T10:05:26.902+0800][7.695s][info][gc,cpu         ] GC(308) User=0.00s Sys=0.00s Real=0.00s
[2026-06-17T10:05:26.924+0800][7.717s][info][gc,start       ] GC(309) Pause Young (Allocation Failure)
[2026-06-17T10:05:26.925+0800][7.718s][info][gc,heap        ] GC(309) PSYoungGen: 10936K(14336K)->3119K(14336K) Eden: 7114K(7168K)->0K(7168K) From: 3821K(7168K)->3119K(7168K)
[2026-06-17T10:05:26.926+0800][7.718s][info][gc,heap        ] GC(309) ParOldGen: 33998K(44032K)->35321K(44032K)
[2026-06-17T10:05:26.926+0800][7.719s][info][gc,metaspace   ] GC(309) Metaspace: 114K(320K)->114K(320K) NonClass: 107K(192K)->107K(192K) Class: 7K(128K)->7K(128K)
[2026-06-17T10:05:26.926+0800][7.719s][info][gc             ] GC(309) Pause Young (Allocation Failure) 43M->37M(57M) 2.493ms
[2026-06-17T10:05:26.927+0800][7.719s][info][gc,cpu         ] GC(309) User=0.00s Sys=0.00s Real=0.00s
[2026-06-17T10:05:26.938+0800][7.730s][info][gc,start       ] GC(310) Pause Young (Allocation Failure)
[2026-06-17T10:05:26.939+0800][7.732s][info][gc,heap        ] GC(310) PSYoungGen: 10039K(14336K)->3059K(14336K) Eden: 6920K(7168K)->0K(7168K) From: 3119K(7168K)->3059K(7168K)
[2026-06-17T10:05:26.939+0800][7.732s][info][gc,heap        ] GC(310) ParOldGen: 35321K(44032K)->35321K(44032K)
[2026-06-17T10:05:26.940+0800][7.732s][info][gc,metaspace   ] GC(310) Metaspace: 114K(320K)->114K(320K) NonClass: 107K(192K)->107K(192K) Class: 7K(128K)->7K(128K)
[2026-06-17T10:05:26.940+0800][7.733s][info][gc             ] GC(310) Pause Young (Allocation Failure) 44M->37M(57M) 2.116ms
[2026-06-17T10:05:26.940+0800][7.733s][info][gc,cpu         ] GC(310) User=0.00s Sys=0.00s Real=0.00s
[2026-06-17T10:05:26.962+0800][7.754s][info][gc,start       ] GC(311) Pause Young (Allocation Failure)
[2026-06-17T10:05:26.964+0800][7.757s][info][gc,heap        ] GC(311) PSYoungGen: 10226K(14336K)->6707K(14336K) Eden: 7167K(7168K)->0K(7168K) From: 3059K(7168K)->6707K(7168K)
[2026-06-17T10:05:26.966+0800][7.759s][info][gc,heap        ] GC(311) ParOldGen: 35321K(44032K)->35321K(44032K)
[2026-06-17T10:05:26.968+0800][7.760s][info][gc,metaspace   ] GC(311) Metaspace: 114K(320K)->114K(320K) NonClass: 107K(192K)->107K(192K) Class: 7K(128K)->7K(128K)
[2026-06-17T10:05:26.968+0800][7.761s][info][gc             ] GC(311) Pause Young (Allocation Failure) 44M->41M(57M) 6.592ms
[2026-06-17T10:05:26.970+0800][7.763s][info][gc,cpu         ] GC(311) User=0.00s Sys=0.00s Real=0.01s
[2026-06-17T10:05:26.983+0800][7.776s][info][gc,start       ] GC(312) Pause Young (Allocation Failure)
[2026-06-17T10:05:26.985+0800][7.777s][info][gc,heap        ] GC(312) PSYoungGen: 13290K(14336K)->2972K(14336K) Eden: 6583K(7168K)->0K(7168K) From: 6707K(7168K)->2972K(7168K)
[2026-06-17T10:05:26.985+0800][7.778s][info][gc,heap        ] GC(312) ParOldGen: 35321K(44032K)->38324K(44032K)
[2026-06-17T10:05:26.986+0800][7.779s][info][gc,metaspace   ] GC(312) Metaspace: 114K(320K)->114K(320K) NonClass: 107K(192K)->107K(192K) Class: 7K(128K)->7K(128K)
[2026-06-17T10:05:26.987+0800][7.780s][info][gc             ] GC(312) Pause Young (Allocation Failure) 47M->40M(57M) 4.082ms
[2026-06-17T10:05:26.987+0800][7.780s][info][gc,cpu         ] GC(312) User=0.00s Sys=0.00s Real=0.00s
[2026-06-17T10:05:27.009+0800][7.802s][info][gc,start       ] GC(313) Pause Young (Allocation Failure)
[2026-06-17T10:05:27.010+0800][7.803s][info][gc,heap        ] GC(313) PSYoungGen: 10116K(14336K)->3746K(14336K) Eden: 7144K(7168K)->0K(7168K) From: 2972K(7168K)->3746K(7168K)
[2026-06-17T10:05:27.011+0800][7.804s][info][gc,heap        ] GC(313) ParOldGen: 38324K(44032K)->41272K(44032K)
[2026-06-17T10:05:27.011+0800][7.804s][info][gc,metaspace   ] GC(313) Metaspace: 114K(320K)->114K(320K) NonClass: 107K(192K)->107K(192K) Class: 7K(128K)->7K(128K)
[2026-06-17T10:05:27.012+0800][7.804s][info][gc             ] GC(313) Pause Young (Allocation Failure) 47M->43M(57M) 2.682ms
[2026-06-17T10:05:27.012+0800][7.805s][info][gc,cpu         ] GC(313) User=0.00s Sys=0.00s Real=0.01s
[2026-06-17T10:05:27.033+0800][7.826s][info][gc,start       ] GC(314) Pause Full (Allocation Failure)
[2026-06-17T10:05:27.034+0800][7.827s][info][gc,phases,start] GC(314) Marking Phase
[2026-06-17T10:05:27.035+0800][7.828s][info][gc,phases      ] GC(314) Marking Phase 1.359ms
[2026-06-17T10:05:27.035+0800][7.828s][info][gc,phases,start] GC(314) Summary Phase
[2026-06-17T10:05:27.036+0800][7.829s][info][gc,phases      ] GC(314) Summary Phase 0.394ms
[2026-06-17T10:05:27.036+0800][7.829s][info][gc,phases,start] GC(314) Forward
[2026-06-17T10:05:27.037+0800][7.830s][info][gc,phases      ] GC(314) Forward 0.446ms
[2026-06-17T10:05:27.037+0800][7.830s][info][gc,phases,start] GC(314) Adjust Pointers
[2026-06-17T10:05:27.038+0800][7.830s][info][gc,phases      ] GC(314) Adjust Pointers 0.662ms
[2026-06-17T10:05:27.038+0800][7.831s][info][gc,phases,start] GC(314) Compaction Phase
[2026-06-17T10:05:27.039+0800][7.832s][info][gc,phases      ] GC(314) Compaction Phase 1.544ms
[2026-06-17T10:05:27.040+0800][7.833s][info][gc,phases,start] GC(314) Post Compact
[2026-06-17T10:05:27.040+0800][7.833s][info][gc,phases      ] GC(314) Post Compact 0.239ms
[2026-06-17T10:05:27.040+0800][7.833s][info][gc,heap        ] GC(314) PSYoungGen: 10905K(14336K)->0K(14336K) Eden: 7159K(7168K)->0K(7168K) From: 3746K(7168K)->0K(7168K)
[2026-06-17T10:05:27.040+0800][7.833s][info][gc,heap        ] GC(314) ParOldGen: 41272K(44032K)->32156K(44032K)
[2026-06-17T10:05:27.040+0800][7.833s][info][gc,metaspace   ] GC(314) Metaspace: 114K(320K)->114K(320K) NonClass: 107K(192K)->107K(192K) Class: 7K(128K)->7K(128K)
[2026-06-17T10:05:27.041+0800][7.833s][info][gc             ] GC(314) Pause Full (Allocation Failure) 50M->31M(57M) 7.452ms
[2026-06-17T10:05:27.041+0800][7.834s][info][gc,cpu         ] GC(314) User=0.01s Sys=0.00s Real=0.00s
[2026-06-17T10:05:27.062+0800][7.855s][info][gc,start       ] GC(315) Pause Young (Allocation Failure)
[2026-06-17T10:05:27.064+0800][7.857s][info][gc,heap        ] GC(315) PSYoungGen: 7138K(14336K)->3716K(14336K) Eden: 7138K(7168K)->0K(7168K) From: 0K(7168K)->3716K(7168K)
[2026-06-17T10:05:27.064+0800][7.857s][info][gc,heap        ] GC(315) ParOldGen: 32156K(44032K)->32156K(44032K)
[2026-06-17T10:05:27.065+0800][7.858s][info][gc,metaspace   ] GC(315) Metaspace: 114K(320K)->114K(320K) NonClass: 107K(192K)->107K(192K) Class: 7K(128K)->7K(128K)
[2026-06-17T10:05:27.065+0800][7.858s][info][gc             ] GC(315) Pause Young (Allocation Failure) 38M->35M(57M) 3.042ms
[2026-06-17T10:05:27.066+0800][7.858s][info][gc,cpu         ] GC(315) User=0.00s Sys=0.00s Real=0.01s
[2026-06-17T10:05:27.087+0800][7.880s][info][gc,start       ] GC(316) Pause Young (Allocation Failure)
[2026-06-17T10:05:27.089+0800][7.882s][info][gc,heap        ] GC(316) PSYoungGen: 10884K(14336K)->4056K(14336K) Eden: 7168K(7168K)->0K(7168K) From: 3716K(7168K)->4056K(7168K)
[2026-06-17T10:05:27.090+0800][7.883s][info][gc,heap        ] GC(316) ParOldGen: 32156K(44032K)->32156K(44032K)
[2026-06-17T10:05:27.090+0800][7.883s][info][gc,metaspace   ] GC(316) Metaspace: 114K(320K)->114K(320K) NonClass: 107K(192K)->107K(192K) Class: 7K(128K)->7K(128K)
[2026-06-17T10:05:27.091+0800][7.884s][info][gc             ] GC(316) Pause Young (Allocation Failure) 42M->35M(57M) 3.338ms
[2026-06-17T10:05:27.091+0800][7.884s][info][gc,cpu         ] GC(316) User=0.00s Sys=0.00s Real=0.01s
[2026-06-17T10:05:27.103+0800][7.896s][info][gc,start       ] GC(317) Pause Young (Allocation Failure)
[2026-06-17T10:05:27.104+0800][7.897s][info][gc,heap        ] GC(317) PSYoungGen: 11207K(14336K)->4281K(14848K) Eden: 7150K(7168K)->0K(7680K) From: 4056K(7168K)->4281K(7168K)
[2026-06-17T10:05:27.105+0800][7.898s][info][gc,heap        ] GC(317) ParOldGen: 32156K(44032K)->32156K(44032K)
[2026-06-17T10:05:27.105+0800][7.898s][info][gc,metaspace   ] GC(317) Metaspace: 114K(320K)->114K(320K) NonClass: 107K(192K)->107K(192K) Class: 7K(128K)->7K(128K)
[2026-06-17T10:05:27.106+0800][7.899s][info][gc             ] GC(317) Pause Young (Allocation Failure) 42M->35M(57M) 3.092ms
[2026-06-17T10:05:27.106+0800][7.899s][info][gc,cpu         ] GC(317) User=0.01s Sys=0.00s Real=0.00s
[2026-06-17T10:05:27.129+0800][7.921s][info][gc,start       ] GC(318) Pause Young (Allocation Failure)
[2026-06-17T10:05:27.132+0800][7.925s][info][gc,heap        ] GC(318) PSYoungGen: 11901K(14848K)->6629K(14336K) Eden: 7620K(7680K)->0K(7680K) From: 4281K(7168K)->6629K(6656K)
[2026-06-17T10:05:27.133+0800][7.925s][info][gc,heap        ] GC(318) ParOldGen: 32156K(44032K)->33979K(44032K)
[2026-06-17T10:05:27.133+0800][7.926s][info][gc,metaspace   ] GC(318) Metaspace: 114K(320K)->114K(320K) NonClass: 107K(192K)->107K(192K) Class: 7K(128K)->7K(128K)
[2026-06-17T10:05:27.134+0800][7.927s][info][gc             ] GC(318) Pause Young (Allocation Failure) 43M->39M(57M) 5.116ms
[2026-06-17T10:05:27.135+0800][7.927s][info][gc,cpu         ] GC(318) User=0.00s Sys=0.00s Real=0.01s
[2026-06-17T10:05:27.156+0800][7.949s][info][gc,start       ] GC(319) Pause Young (Allocation Failure)
[2026-06-17T10:05:27.158+0800][7.951s][info][gc,heap        ] GC(319) PSYoungGen: 14304K(14336K)->5081K(14336K) Eden: 7674K(7680K)->0K(7168K) From: 6629K(6656K)->5081K(7168K)
[2026-06-17T10:05:27.159+0800][7.952s][info][gc,heap        ] GC(319) ParOldGen: 33979K(44032K)->35868K(44032K)
[2026-06-17T10:05:27.159+0800][7.952s][info][gc,metaspace   ] GC(319) Metaspace: 114K(320K)->114K(320K) NonClass: 107K(192K)->107K(192K) Class: 7K(128K)->7K(128K)
[2026-06-17T10:05:27.160+0800][7.953s][info][gc             ] GC(319) Pause Young (Allocation Failure) 47M->39M(57M) 3.792ms
[2026-06-17T10:05:27.161+0800][7.954s][info][gc,cpu         ] GC(319) User=0.00s Sys=0.00s Real=0.00s
[2026-06-17T10:05:27.184+0800][7.976s][info][gc,start       ] GC(320) Pause Young (Allocation Failure)
[2026-06-17T10:05:27.185+0800][7.978s][info][gc,heap        ] GC(320) PSYoungGen: 12249K(14336K)->4683K(14336K) Eden: 7167K(7168K)->0K(7168K) From: 5081K(7168K)->4683K(7168K)
[2026-06-17T10:05:27.187+0800][7.980s][info][gc,heap        ] GC(320) ParOldGen: 35868K(44032K)->36682K(44032K)
[2026-06-17T10:05:27.188+0800][7.980s][info][gc,metaspace   ] GC(320) Metaspace: 114K(320K)->114K(320K) NonClass: 107K(192K)->107K(192K) Class: 7K(128K)->7K(128K)
[2026-06-17T10:05:27.188+0800][7.981s][info][gc             ] GC(320) Pause Young (Allocation Failure) 46M->40M(57M) 4.471ms
[2026-06-17T10:05:27.189+0800][7.981s][info][gc,cpu         ] GC(320) User=0.00s Sys=0.00s Real=0.00s
[2026-06-17T10:05:27.200+0800][7.993s][info][gc,start       ] GC(321) Pause Young (Allocation Failure)
[2026-06-17T10:05:27.209+0800][8.002s][info][gc,heap        ] GC(321) PSYoungGen: 11818K(14336K)->7045K(14336K) Eden: 7134K(7168K)->0K(7168K) From: 4683K(7168K)->7045K(7168K)
[2026-06-17T10:05:27.247+0800][8.040s][info][gc,heap        ] GC(321) ParOldGen: 36682K(44032K)->38116K(44032K)
[2026-06-17T10:05:27.248+0800][8.041s][info][gc,metaspace   ] GC(321) Metaspace: 114K(320K)->114K(320K) NonClass: 107K(192K)->107K(192K) Class: 7K(128K)->7K(128K)
[2026-06-17T10:05:27.250+0800][8.043s][info][gc             ] GC(321) Pause Young (Allocation Failure) 47M->44M(57M) 49.890ms
[2026-06-17T10:05:27.250+0800][8.043s][info][gc,cpu         ] GC(321) User=0.00s Sys=0.00s Real=0.05s
[2026-06-17T10:05:27.272+0800][8.065s][info][gc,start       ] GC(322) Pause Young (Allocation Failure)
[2026-06-17T10:05:27.288+0800][8.081s][info][gc,heap        ] GC(322) PSYoungGen: 14200K(14336K)->4338K(14336K) Eden: 7154K(7168K)->0K(7168K) From: 7045K(7168K)->4338K(7168K)
[2026-06-17T10:05:27.292+0800][8.084s][info][gc,heap        ] GC(322) ParOldGen: 38116K(44032K)->40714K(44032K)
[2026-06-17T10:05:27.294+0800][8.086s][info][gc,metaspace   ] GC(322) Metaspace: 114K(320K)->114K(320K) NonClass: 107K(192K)->107K(192K) Class: 7K(128K)->7K(128K)
[2026-06-17T10:05:27.296+0800][8.089s][info][gc             ] GC(322) Pause Young (Allocation Failure) 51M->43M(57M) 24.115ms
[2026-06-17T10:05:27.298+0800][8.091s][info][gc,cpu         ] GC(322) User=0.00s Sys=0.00s Real=0.02s
[2026-06-17T10:05:27.310+0800][8.103s][info][gc,start       ] GC(323) Pause Full (Allocation Failure)
[2026-06-17T10:05:27.329+0800][8.122s][info][gc,phases,start] GC(323) Marking Phase
[2026-06-17T10:05:27.331+0800][8.124s][info][gc,phases      ] GC(323) Marking Phase 2.065ms
[2026-06-17T10:05:27.332+0800][8.125s][info][gc,phases,start] GC(323) Summary Phase
[2026-06-17T10:05:27.333+0800][8.126s][info][gc,phases      ] GC(323) Summary Phase 1.139ms
[2026-06-17T10:05:27.338+0800][8.131s][info][gc,phases,start] GC(323) Forward
[2026-06-17T10:05:27.340+0800][8.132s][info][gc,phases      ] GC(323) Forward 1.662ms
[2026-06-17T10:05:27.361+0800][8.154s][info][gc,phases,start] GC(323) Adjust Pointers
[2026-06-17T10:05:27.363+0800][8.156s][info][gc,phases      ] GC(323) Adjust Pointers 1.481ms
[2026-06-17T10:05:27.364+0800][8.157s][info][gc,phases,start] GC(323) Compaction Phase
[2026-06-17T10:05:27.368+0800][8.161s][info][gc,phases      ] GC(323) Compaction Phase 4.079ms
[2026-06-17T10:05:27.370+0800][8.163s][info][gc,phases,start] GC(323) Post Compact
[2026-06-17T10:05:27.371+0800][8.164s][info][gc,phases      ] GC(323) Post Compact 0.917ms
[2026-06-17T10:05:27.374+0800][8.167s][info][gc,heap        ] GC(323) PSYoungGen: 11470K(14336K)->0K(14336K) Eden: 7131K(7168K)->0K(7168K) From: 4338K(7168K)->0K(7168K)
[2026-06-17T10:05:27.380+0800][8.173s][info][gc,heap        ] GC(323) ParOldGen: 40714K(44032K)->35869K(44032K)
[2026-06-17T10:05:27.380+0800][8.173s][info][gc,metaspace   ] GC(323) Metaspace: 114K(320K)->114K(320K) NonClass: 107K(192K)->107K(192K) Class: 7K(128K)->7K(128K)
[2026-06-17T10:05:27.385+0800][8.177s][info][gc             ] GC(323) Pause Full (Allocation Failure) 50M->35M(57M) 74.092ms
[2026-06-17T10:05:27.391+0800][8.184s][info][gc,cpu         ] GC(323) User=0.01s Sys=0.00s Real=0.09s
[2026-06-17T10:05:27.416+0800][8.209s][info][gc,start       ] GC(324) Pause Young (Allocation Failure)
[2026-06-17T10:05:27.418+0800][8.210s][info][gc,heap        ] GC(324) PSYoungGen: 7139K(14336K)->3229K(14336K) Eden: 7139K(7168K)->0K(7168K) From: 0K(7168K)->3229K(7168K)
[2026-06-17T10:05:27.426+0800][8.219s][info][gc,heap        ] GC(324) ParOldGen: 35869K(44032K)->35869K(44032K)
[2026-06-17T10:05:27.427+0800][8.219s][info][gc,metaspace   ] GC(324) Metaspace: 114K(320K)->114K(320K) NonClass: 107K(192K)->107K(192K) Class: 7K(128K)->7K(128K)
[2026-06-17T10:05:27.427+0800][8.220s][info][gc             ] GC(324) Pause Young (Allocation Failure) 42M->38M(57M) 10.955ms
[2026-06-17T10:05:27.428+0800][8.220s][info][gc,cpu         ] GC(324) User=0.00s Sys=0.00s Real=0.01s
[2026-06-17T10:05:27.457+0800][8.249s][info][gc,start       ] GC(325) Pause Young (Allocation Failure)
[2026-06-17T10:05:27.458+0800][8.251s][info][gc,heap        ] GC(325) PSYoungGen: 10397K(14336K)->2633K(14336K) Eden: 7168K(7168K)->0K(7168K) From: 3229K(7168K)->2633K(7168K)
[2026-06-17T10:05:27.460+0800][8.253s][info][gc,heap        ] GC(325) ParOldGen: 35869K(44032K)->36195K(44032K)
[2026-06-17T10:05:27.462+0800][8.255s][info][gc,metaspace   ] GC(325) Metaspace: 114K(320K)->114K(320K) NonClass: 107K(192K)->107K(192K) Class: 7K(128K)->7K(128K)
[2026-06-17T10:05:27.464+0800][8.257s][info][gc             ] GC(325) Pause Young (Allocation Failure) 45M->37M(57M) 7.367ms
[2026-06-17T10:05:27.465+0800][8.258s][info][gc,cpu         ] GC(325) User=0.00s Sys=0.00s Real=0.01s
[2026-06-17T10:05:27.478+0800][8.271s][info][gc,start       ] GC(326) Pause Young (Allocation Failure)
[2026-06-17T10:05:27.480+0800][8.273s][info][gc,heap        ] GC(326) PSYoungGen: 9688K(14336K)->2167K(14336K) Eden: 7055K(7168K)->0K(7168K) From: 2633K(7168K)->2167K(7168K)
[2026-06-17T10:05:27.482+0800][8.275s][info][gc,heap        ] GC(326) ParOldGen: 36195K(44032K)->36195K(44032K)
[2026-06-17T10:05:27.486+0800][8.278s][info][gc,metaspace   ] GC(326) Metaspace: 114K(320K)->114K(320K) NonClass: 107K(192K)->107K(192K) Class: 7K(128K)->7K(128K)
[2026-06-17T10:05:27.487+0800][8.280s][info][gc             ] GC(326) Pause Young (Allocation Failure) 44M->37M(57M) 8.554ms
[2026-06-17T10:05:27.488+0800][8.281s][info][gc,cpu         ] GC(326) User=0.00s Sys=0.00s Real=0.01s
[2026-06-17T10:05:27.510+0800][8.303s][info][gc,start       ] GC(327) Pause Young (Allocation Failure)
[2026-06-17T10:05:27.512+0800][8.305s][info][gc,heap        ] GC(327) PSYoungGen: 9320K(14336K)->3820K(14336K) Eden: 7153K(7168K)->0K(7168K) From: 2167K(7168K)->3820K(7168K)
[2026-06-17T10:05:27.515+0800][8.308s][info][gc,heap        ] GC(327) ParOldGen: 36195K(44032K)->38338K(44032K)
[2026-06-17T10:05:27.518+0800][8.311s][info][gc,metaspace   ] GC(327) Metaspace: 114K(320K)->114K(320K) NonClass: 107K(192K)->107K(192K) Class: 7K(128K)->7K(128K)
[2026-06-17T10:05:27.518+0800][8.311s][info][gc             ] GC(327) Pause Young (Allocation Failure) 44M->41M(57M) 8.298ms
[2026-06-17T10:05:27.522+0800][8.314s][info][gc,cpu         ] GC(327) User=0.00s Sys=0.00s Real=0.01s
[2026-06-17T10:05:27.543+0800][8.336s][info][gc,start       ] GC(328) Pause Young (Allocation Failure)
[2026-06-17T10:05:27.544+0800][8.337s][info][gc,heap        ] GC(328) PSYoungGen: 10970K(14336K)->3746K(14336K) Eden: 7149K(7168K)->0K(7168K) From: 3820K(7168K)->3746K(7168K)
[2026-06-17T10:05:27.544+0800][8.337s][info][gc,heap        ] GC(328) ParOldGen: 38338K(44032K)->38338K(44032K)
[2026-06-17T10:05:27.544+0800][8.337s][info][gc,metaspace   ] GC(328) Metaspace: 114K(320K)->114K(320K) NonClass: 107K(192K)->107K(192K) Class: 7K(128K)->7K(128K)
[2026-06-17T10:05:27.544+0800][8.337s][info][gc             ] GC(328) Pause Young (Allocation Failure) 48M->41M(57M) 1.594ms
[2026-06-17T10:05:27.545+0800][8.337s][info][gc,cpu         ] GC(328) User=0.00s Sys=0.00s Real=0.00s
[2026-06-17T10:05:27.566+0800][8.358s][info][gc,start       ] GC(329) Pause Young (Allocation Failure)
[2026-06-17T10:05:27.567+0800][8.360s][info][gc,heap        ] GC(329) PSYoungGen: 10879K(14336K)->3951K(14336K) Eden: 7132K(7168K)->0K(7168K) From: 3746K(7168K)->3951K(7168K)
[2026-06-17T10:05:27.567+0800][8.360s][info][gc,heap        ] GC(329) ParOldGen: 38338K(44032K)->38338K(44032K)
[2026-06-17T10:05:27.568+0800][8.360s][info][gc,metaspace   ] GC(329) Metaspace: 114K(320K)->114K(320K) NonClass: 107K(192K)->107K(192K) Class: 7K(128K)->7K(128K)
[2026-06-17T10:05:27.568+0800][8.361s][info][gc             ] GC(329) Pause Young (Allocation Failure) 48M->41M(57M) 2.134ms
[2026-06-17T10:05:27.568+0800][8.361s][info][gc,cpu         ] GC(329) User=0.00s Sys=0.00s Real=0.00s
[2026-06-17T10:05:27.580+0800][8.372s][info][gc,start       ] GC(330) Pause Young (Allocation Failure)
[2026-06-17T10:05:27.581+0800][8.374s][info][gc,heap        ] GC(330) PSYoungGen: 11073K(14336K)->7027K(14336K) Eden: 7122K(7168K)->0K(7168K) From: 3951K(7168K)->7027K(7168K)
[2026-06-17T10:05:27.581+0800][8.374s][info][gc,heap        ] GC(330) ParOldGen: 38338K(44032K)->38974K(44032K)
[2026-06-17T10:05:27.582+0800][8.374s][info][gc,metaspace   ] GC(330) Metaspace: 114K(320K)->114K(320K) NonClass: 107K(192K)->107K(192K) Class: 7K(128K)->7K(128K)
[2026-06-17T10:05:27.582+0800][8.375s][info][gc             ] GC(330) Pause Young (Allocation Failure) 48M->44M(57M) 2.318ms
[2026-06-17T10:05:27.582+0800][8.375s][info][gc,cpu         ] GC(330) User=0.00s Sys=0.00s Real=0.00s
[2026-06-17T10:05:27.603+0800][8.396s][info][gc,start       ] GC(331) Pause Young (Allocation Failure)
[2026-06-17T10:05:27.605+0800][8.397s][info][gc,heap        ] GC(331) PSYoungGen: 14174K(14336K)->4514K(14336K) Eden: 7146K(7168K)->0K(7168K) From: 7027K(7168K)->4514K(7168K)
[2026-06-17T10:05:27.605+0800][8.398s][info][gc,heap        ] GC(331) ParOldGen: 38974K(44032K)->41726K(44032K)
[2026-06-17T10:05:27.605+0800][8.398s][info][gc,metaspace   ] GC(331) Metaspace: 114K(320K)->114K(320K) NonClass: 107K(192K)->107K(192K) Class: 7K(128K)->7K(128K)
[2026-06-17T10:05:27.606+0800][8.398s][info][gc             ] GC(331) Pause Young (Allocation Failure) 51M->45M(57M) 2.256ms
[2026-06-17T10:05:27.606+0800][8.399s][info][gc,cpu         ] GC(331) User=0.00s Sys=0.00s Real=0.00s
[2026-06-17T10:05:27.617+0800][8.410s][info][gc,start       ] GC(332) Pause Full (Allocation Failure)
[2026-06-17T10:05:27.619+0800][8.412s][info][gc,phases,start] GC(332) Marking Phase
[2026-06-17T10:05:27.620+0800][8.413s][info][gc,phases      ] GC(332) Marking Phase 1.289ms
[2026-06-17T10:05:27.622+0800][8.415s][info][gc,phases,start] GC(332) Summary Phase
[2026-06-17T10:05:27.625+0800][8.418s][info][gc,phases      ] GC(332) Summary Phase 2.970ms
[2026-06-17T10:05:27.627+0800][8.419s][info][gc,phases,start] GC(332) Forward
[2026-06-17T10:05:27.627+0800][8.420s][info][gc,phases      ] GC(332) Forward 0.404ms
[2026-06-17T10:05:27.627+0800][8.420s][info][gc,phases,start] GC(332) Adjust Pointers
[2026-06-17T10:05:27.629+0800][8.422s][info][gc,phases      ] GC(332) Adjust Pointers 1.783ms
[2026-06-17T10:05:27.630+0800][8.423s][info][gc,phases,start] GC(332) Compaction Phase
[2026-06-17T10:05:27.632+0800][8.425s][info][gc,phases      ] GC(332) Compaction Phase 1.742ms
[2026-06-17T10:05:27.634+0800][8.427s][info][gc,phases,start] GC(332) Post Compact
[2026-06-17T10:05:27.635+0800][8.428s][info][gc,phases      ] GC(332) Post Compact 0.944ms
[2026-06-17T10:05:27.642+0800][8.435s][info][gc,heap        ] GC(332) PSYoungGen: 10919K(14336K)->0K(14336K) Eden: 6405K(7168K)->0K(7168K) From: 4514K(7168K)->0K(7168K)
[2026-06-17T10:05:27.650+0800][8.443s][info][gc,heap        ] GC(332) ParOldGen: 41726K(44032K)->33089K(44032K)
[2026-06-17T10:05:27.651+0800][8.444s][info][gc,metaspace   ] GC(332) Metaspace: 114K(320K)->114K(320K) NonClass: 107K(192K)->107K(192K) Class: 7K(128K)->7K(128K)
[2026-06-17T10:05:27.652+0800][8.445s][info][gc             ] GC(332) Pause Full (Allocation Failure) 51M->32M(57M) 35.118ms
[2026-06-17T10:05:27.652+0800][8.445s][info][gc,cpu         ] GC(332) User=0.01s Sys=0.00s Real=0.04s
[2026-06-17T10:05:27.673+0800][8.466s][info][gc,start       ] GC(333) Pause Young (Allocation Failure)
[2026-06-17T10:05:27.674+0800][8.467s][info][gc,heap        ] GC(333) PSYoungGen: 7158K(14336K)->3605K(14336K) Eden: 7158K(7168K)->0K(7168K) From: 0K(7168K)->3605K(7168K)
[2026-06-17T10:05:27.675+0800][8.468s][info][gc,heap        ] GC(333) ParOldGen: 33089K(44032K)->33089K(44032K)
[2026-06-17T10:05:27.676+0800][8.468s][info][gc,metaspace   ] GC(333) Metaspace: 114K(320K)->114K(320K) NonClass: 107K(192K)->107K(192K) Class: 7K(128K)->7K(128K)
[2026-06-17T10:05:27.676+0800][8.469s][info][gc             ] GC(333) Pause Young (Allocation Failure) 39M->35M(57M) 2.837ms
[2026-06-17T10:05:27.677+0800][8.470s][info][gc,cpu         ] GC(333) User=0.00s Sys=0.00s Real=0.00s
[2026-06-17T10:05:27.699+0800][8.491s][info][gc,start       ] GC(334) Pause Young (Allocation Failure)
[2026-06-17T10:05:27.700+0800][8.493s][info][gc,heap        ] GC(334) PSYoungGen: 10763K(14336K)->3620K(14336K) Eden: 7157K(7168K)->0K(7168K) From: 3605K(7168K)->3620K(7168K)
[2026-06-17T10:05:27.701+0800][8.493s][info][gc,heap        ] GC(334) ParOldGen: 33089K(44032K)->33089K(44032K)
[2026-06-17T10:05:27.701+0800][8.494s][info][gc,metaspace   ] GC(334) Metaspace: 114K(320K)->114K(320K) NonClass: 107K(192K)->107K(192K) Class: 7K(128K)->7K(128K)
[2026-06-17T10:05:27.702+0800][8.494s][info][gc             ] GC(334) Pause Young (Allocation Failure) 42M->35M(57M) 2.922ms
[2026-06-17T10:05:27.702+0800][8.495s][info][gc,cpu         ] GC(334) User=0.00s Sys=0.00s Real=0.00s
[2026-06-17T10:05:27.714+0800][8.507s][info][gc,start       ] GC(335) Pause Young (Allocation Failure)
[2026-06-17T10:05:27.716+0800][8.509s][info][gc,heap        ] GC(335) PSYoungGen: 10776K(14336K)->4170K(14336K) Eden: 7156K(7168K)->0K(7168K) From: 3620K(7168K)->4170K(7168K)
[2026-06-17T10:05:27.718+0800][8.510s][info][gc,heap        ] GC(335) ParOldGen: 33089K(44032K)->33089K(44032K)
[2026-06-17T10:05:27.719+0800][8.511s][info][gc,metaspace   ] GC(335) Metaspace: 114K(320K)->114K(320K) NonClass: 107K(192K)->107K(192K) Class: 7K(128K)->7K(128K)
[2026-06-17T10:05:27.719+0800][8.512s][info][gc             ] GC(335) Pause Young (Allocation Failure) 42M->36M(57M) 5.459ms
[2026-06-17T10:05:27.720+0800][8.513s][info][gc,cpu         ] GC(335) User=0.00s Sys=0.00s Real=0.00s
[2026-06-17T10:05:27.741+0800][8.534s][info][gc,start       ] GC(336) Pause Young (Allocation Failure)
[2026-06-17T10:05:27.742+0800][8.535s][info][gc,heap        ] GC(336) PSYoungGen: 11310K(14336K)->6950K(14336K) Eden: 7140K(7168K)->0K(7168K) From: 4170K(7168K)->6950K(7168K)
[2026-06-17T10:05:27.743+0800][8.536s][info][gc,heap        ] GC(336) ParOldGen: 33089K(44032K)->33944K(44032K)
[2026-06-17T10:05:27.743+0800][8.536s][info][gc,metaspace   ] GC(336) Metaspace: 114K(320K)->114K(320K) NonClass: 107K(192K)->107K(192K) Class: 7K(128K)->7K(128K)
[2026-06-17T10:05:27.743+0800][8.536s][info][gc             ] GC(336) Pause Young (Allocation Failure) 43M->39M(57M) 2.060ms
[2026-06-17T10:05:27.744+0800][8.536s][info][gc,cpu         ] GC(336) User=0.00s Sys=0.00s Real=0.01s
[2026-06-17T10:05:27.765+0800][8.558s][info][gc,start       ] GC(337) Pause Young (Allocation Failure)
[2026-06-17T10:05:27.766+0800][8.559s][info][gc,heap        ] GC(337) PSYoungGen: 14081K(14336K)->6254K(14336K) Eden: 7131K(7168K)->0K(7168K) From: 6950K(7168K)->6254K(7168K)
[2026-06-17T10:05:27.767+0800][8.559s][info][gc,heap        ] GC(337) ParOldGen: 33944K(44032K)->34957K(44032K)
[2026-06-17T10:05:27.767+0800][8.560s][info][gc,metaspace   ] GC(337) Metaspace: 114K(320K)->114K(320K) NonClass: 107K(192K)->107K(192K) Class: 7K(128K)->7K(128K)
[2026-06-17T10:05:27.767+0800][8.560s][info][gc             ] GC(337) Pause Young (Allocation Failure) 46M->40M(57M) 2.430ms
[2026-06-17T10:05:27.767+0800][8.560s][info][gc,cpu         ] GC(337) User=0.00s Sys=0.00s Real=0.00s
[2026-06-17T10:05:27.789+0800][8.582s][info][gc,start       ] GC(338) Pause Young (Allocation Failure)
[2026-06-17T10:05:27.790+0800][8.583s][info][gc,heap        ] GC(338) PSYoungGen: 13395K(14336K)->4290K(14336K) Eden: 7140K(7168K)->0K(7168K) From: 6254K(7168K)->4290K(7168K)
[2026-06-17T10:05:27.791+0800][8.583s][info][gc,heap        ] GC(338) ParOldGen: 34957K(44032K)->37211K(44032K)
[2026-06-17T10:05:27.791+0800][8.584s][info][gc,metaspace   ] GC(338) Metaspace: 114K(320K)->114K(320K) NonClass: 107K(192K)->107K(192K) Class: 7K(128K)->7K(128K)
[2026-06-17T10:05:27.791+0800][8.584s][info][gc             ] GC(338) Pause Young (Allocation Failure) 47M->40M(57M) 2.178ms
[2026-06-17T10:05:27.791+0800][8.584s][info][gc,cpu         ] GC(338) User=0.01s Sys=0.00s Real=0.01s
[2026-06-17T10:05:27.802+0800][8.595s][info][gc,start       ] GC(339) Pause Young (Allocation Failure)
[2026-06-17T10:05:27.803+0800][8.596s][info][gc,heap        ] GC(339) PSYoungGen: 11443K(14336K)->5311K(14336K) Eden: 7152K(7168K)->0K(7168K) From: 4290K(7168K)->5311K(7168K)
[2026-06-17T10:05:27.804+0800][8.596s][info][gc,heap        ] GC(339) ParOldGen: 37211K(44032K)->39884K(44032K)
[2026-06-17T10:05:27.804+0800][8.596s][info][gc,metaspace   ] GC(339) Metaspace: 114K(320K)->114K(320K) NonClass: 107K(192K)->107K(192K) Class: 7K(128K)->7K(128K)
[2026-06-17T10:05:27.804+0800][8.597s][info][gc             ] GC(339) Pause Young (Allocation Failure) 47M->44M(57M) 1.567ms
[2026-06-17T10:05:27.804+0800][8.597s][info][gc,cpu         ] GC(339) User=0.00s Sys=0.00s Real=0.01s
[2026-06-17T10:05:27.825+0800][8.618s][info][gc,start       ] GC(340) Pause Young (Allocation Failure)
[2026-06-17T10:05:27.826+0800][8.618s][info][gc,heap        ] GC(340) PSYoungGen: 12371K(14336K)->32K(14336K) Eden: 7060K(7168K)->0K(7168K) From: 5311K(7168K)->32K(7168K)
[2026-06-17T10:05:27.826+0800][8.619s][info][gc,heap        ] GC(340) ParOldGen: 39884K(44032K)->41968K(44032K)
[2026-06-17T10:05:27.826+0800][8.619s][info][gc,metaspace   ] GC(340) Metaspace: 114K(320K)->114K(320K) NonClass: 107K(192K)->107K(192K) Class: 7K(128K)->7K(128K)
[2026-06-17T10:05:27.827+0800][8.619s][info][gc             ] GC(340) Pause Young (Allocation Failure) 51M->41M(57M) 1.546ms
[2026-06-17T10:05:27.827+0800][8.620s][info][gc,cpu         ] GC(340) User=0.00s Sys=0.00s Real=0.00s
[2026-06-17T10:05:27.848+0800][8.641s][info][gc,start       ] GC(341) Pause Full (Allocation Failure)
[2026-06-17T10:05:27.848+0800][8.641s][info][gc,phases,start] GC(341) Marking Phase
[2026-06-17T10:05:27.849+0800][8.642s][info][gc,phases      ] GC(341) Marking Phase 0.950ms
[2026-06-17T10:05:27.850+0800][8.642s][info][gc,phases,start] GC(341) Summary Phase
[2026-06-17T10:05:27.850+0800][8.643s][info][gc,phases      ] GC(341) Summary Phase 0.185ms
[2026-06-17T10:05:27.850+0800][8.643s][info][gc,phases,start] GC(341) Forward
[2026-06-17T10:05:27.850+0800][8.643s][info][gc,phases      ] GC(341) Forward 0.205ms
[2026-06-17T10:05:27.850+0800][8.643s][info][gc,phases,start] GC(341) Adjust Pointers
[2026-06-17T10:05:27.851+0800][8.644s][info][gc,phases      ] GC(341) Adjust Pointers 0.465ms
[2026-06-17T10:05:27.851+0800][8.644s][info][gc,phases,start] GC(341) Compaction Phase
[2026-06-17T10:05:27.853+0800][8.646s][info][gc,phases      ] GC(341) Compaction Phase 1.837ms
[2026-06-17T10:05:27.853+0800][8.646s][info][gc,phases,start] GC(341) Post Compact
[2026-06-17T10:05:27.853+0800][8.646s][info][gc,phases      ] GC(341) Post Compact 0.231ms
[2026-06-17T10:05:27.854+0800][8.646s][info][gc,heap        ] GC(341) PSYoungGen: 7188K(14336K)->0K(14336K) Eden: 7156K(7168K)->0K(7168K) From: 32K(7168K)->0K(7168K)
[2026-06-17T10:05:27.854+0800][8.646s][info][gc,heap        ] GC(341) ParOldGen: 41968K(44032K)->28985K(44032K)
[2026-06-17T10:05:27.854+0800][8.647s][info][gc,metaspace   ] GC(341) Metaspace: 114K(320K)->114K(320K) NonClass: 107K(192K)->107K(192K) Class: 7K(128K)->7K(128K)
[2026-06-17T10:05:27.854+0800][8.647s][info][gc             ] GC(341) Pause Full (Allocation Failure) 48M->28M(57M) 5.824ms
[2026-06-17T10:05:27.854+0800][8.647s][info][gc,cpu         ] GC(341) User=0.00s Sys=0.00s Real=0.01s
[2026-06-17T10:05:27.865+0800][8.658s][info][gc,start       ] GC(342) Pause Young (Allocation Failure)
[2026-06-17T10:05:27.866+0800][8.658s][info][gc,heap        ] GC(342) PSYoungGen: 7021K(14336K)->3449K(14336K) Eden: 7021K(7168K)->0K(7168K) From: 0K(7168K)->3449K(7168K)
[2026-06-17T10:05:27.866+0800][8.659s][info][gc,heap        ] GC(342) ParOldGen: 28985K(44032K)->28985K(44032K)
[2026-06-17T10:05:27.866+0800][8.659s][info][gc,metaspace   ] GC(342) Metaspace: 114K(320K)->114K(320K) NonClass: 107K(192K)->107K(192K) Class: 7K(128K)->7K(128K)
[2026-06-17T10:05:27.866+0800][8.659s][info][gc             ] GC(342) Pause Young (Allocation Failure) 35M->31M(57M) 1.303ms
[2026-06-17T10:05:27.866+0800][8.659s][info][gc,cpu         ] GC(342) User=0.00s Sys=0.00s Real=0.00s
[2026-06-17T10:05:27.887+0800][8.680s][info][gc,start       ] GC(343) Pause Young (Allocation Failure)
[2026-06-17T10:05:27.890+0800][8.683s][info][gc,heap        ] GC(343) PSYoungGen: 10610K(14336K)->3367K(14336K) Eden: 7160K(7168K)->0K(7168K) From: 3449K(7168K)->3367K(7168K)
[2026-06-17T10:05:27.891+0800][8.683s][info][gc,heap        ] GC(343) ParOldGen: 28985K(44032K)->32361K(44032K)
[2026-06-17T10:05:27.894+0800][8.687s][info][gc,metaspace   ] GC(343) Metaspace: 114K(320K)->114K(320K) NonClass: 107K(192K)->107K(192K) Class: 7K(128K)->7K(128K)
[2026-06-17T10:05:27.900+0800][8.693s][info][gc             ] GC(343) Pause Young (Allocation Failure) 38M->34M(57M) 12.675ms
[2026-06-17T10:05:27.902+0800][8.694s][info][gc,cpu         ] GC(343) User=0.00s Sys=0.00s Real=0.01s
[2026-06-17T10:05:27.927+0800][8.720s][info][gc,start       ] GC(344) Pause Young (Allocation Failure)
[2026-06-17T10:05:27.928+0800][8.721s][info][gc,heap        ] GC(344) PSYoungGen: 10531K(14336K)->4130K(14336K) Eden: 7163K(7168K)->0K(7168K) From: 3367K(7168K)->4130K(7168K)
[2026-06-17T10:05:27.928+0800][8.721s][info][gc,heap        ] GC(344) ParOldGen: 32361K(44032K)->32361K(44032K)
[2026-06-17T10:05:27.928+0800][8.721s][info][gc,metaspace   ] GC(344) Metaspace: 114K(320K)->114K(320K) NonClass: 107K(192K)->107K(192K) Class: 7K(128K)->7K(128K)
[2026-06-17T10:05:27.928+0800][8.721s][info][gc             ] GC(344) Pause Young (Allocation Failure) 41M->35M(57M) 1.435ms
[2026-06-17T10:05:27.929+0800][8.721s][info][gc,cpu         ] GC(344) User=0.00s Sys=0.00s Real=0.00s
[2026-06-17T10:05:27.950+0800][8.743s][info][gc,start       ] GC(345) Pause Young (Allocation Failure)
[2026-06-17T10:05:27.954+0800][8.747s][info][gc,heap        ] GC(345) PSYoungGen: 11269K(14336K)->1017K(14336K) Eden: 7138K(7168K)->0K(7168K) From: 4130K(7168K)->1017K(7168K)
[2026-06-17T10:05:27.959+0800][8.752s][info][gc,heap        ] GC(345) ParOldGen: 32361K(44032K)->35813K(44032K)
[2026-06-17T10:05:27.960+0800][8.753s][info][gc,metaspace   ] GC(345) Metaspace: 114K(320K)->114K(320K) NonClass: 107K(192K)->107K(192K) Class: 7K(128K)->7K(128K)
[2026-06-17T10:05:27.961+0800][8.753s][info][gc             ] GC(345) Pause Young (Allocation Failure) 42M->35M(57M) 10.817ms
[2026-06-17T10:05:27.962+0800][8.755s][info][gc,cpu         ] GC(345) User=0.00s Sys=0.00s Real=0.01s
[2026-06-17T10:05:27.973+0800][8.766s][info][gc,start       ] GC(346) Pause Young (Allocation Failure)
[2026-06-17T10:05:27.975+0800][8.768s][info][gc,heap        ] GC(346) PSYoungGen: 8164K(14336K)->4657K(14336K) Eden: 7146K(7168K)->0K(7168K) From: 1017K(7168K)->4657K(7168K)
[2026-06-17T10:05:27.975+0800][8.768s][info][gc,heap        ] GC(346) ParOldGen: 35813K(44032K)->35813K(44032K)
[2026-06-17T10:05:27.975+0800][8.768s][info][gc,metaspace   ] GC(346) Metaspace: 114K(320K)->114K(320K) NonClass: 107K(192K)->107K(192K) Class: 7K(128K)->7K(128K)
[2026-06-17T10:05:27.976+0800][8.769s][info][gc             ] GC(346) Pause Young (Allocation Failure) 42M->39M(57M) 2.352ms
[2026-06-17T10:05:27.976+0800][8.769s][info][gc,cpu         ] GC(346) User=0.00s Sys=0.00s Real=0.00s
[2026-06-17T10:05:27.997+0800][8.790s][info][gc,start       ] GC(347) Pause Young (Allocation Failure)
[2026-06-17T10:05:28.000+0800][8.792s][info][gc,heap        ] GC(347) PSYoungGen: 11772K(14336K)->2661K(14336K) Eden: 7115K(7168K)->0K(7168K) From: 4657K(7168K)->2661K(7168K)
[2026-06-17T10:05:28.001+0800][8.794s][info][gc,heap        ] GC(347) ParOldGen: 35813K(44032K)->37920K(44032K)
[2026-06-17T10:05:28.003+0800][8.795s][info][gc,metaspace   ] GC(347) Metaspace: 114K(320K)->114K(320K) NonClass: 107K(192K)->107K(192K) Class: 7K(128K)->7K(128K)
[2026-06-17T10:05:28.003+0800][8.796s][info][gc             ] GC(347) Pause Young (Allocation Failure) 46M->39M(57M) 5.988ms
[2026-06-17T10:05:28.005+0800][8.797s][info][gc,cpu         ] GC(347) User=0.00s Sys=0.00s Real=0.01s
[2026-06-17T10:05:28.028+0800][8.821s][info][gc,start       ] GC(348) Pause Young (Allocation Failure)
[2026-06-17T10:05:28.029+0800][8.822s][info][gc,heap        ] GC(348) PSYoungGen: 9820K(14336K)->2476K(14336K) Eden: 7158K(7168K)->0K(7168K) From: 2661K(7168K)->2476K(7168K)
[2026-06-17T10:05:28.029+0800][8.822s][info][gc,heap        ] GC(348) ParOldGen: 37920K(44032K)->37920K(44032K)
[2026-06-17T10:05:28.030+0800][8.822s][info][gc,metaspace   ] GC(348) Metaspace: 114K(320K)->114K(320K) NonClass: 107K(192K)->107K(192K) Class: 7K(128K)->7K(128K)
[2026-06-17T10:05:28.030+0800][8.823s][info][gc             ] GC(348) Pause Young (Allocation Failure) 46M->39M(57M) 2.101ms
[2026-06-17T10:05:28.030+0800][8.823s][info][gc,cpu         ] GC(348) User=0.01s Sys=0.00s Real=0.00s
[2026-06-17T10:05:28.041+0800][8.834s][info][gc,start       ] GC(349) Pause Young (Allocation Failure)
[2026-06-17T10:05:28.042+0800][8.835s][info][gc,heap        ] GC(349) PSYoungGen: 9365K(14336K)->2604K(14336K) Eden: 6888K(7168K)->0K(7168K) From: 2476K(7168K)->2604K(7168K)
[2026-06-17T10:05:28.043+0800][8.835s][info][gc,heap        ] GC(349) ParOldGen: 37920K(44032K)->37920K(44032K)
[2026-06-17T10:05:28.043+0800][8.836s][info][gc,metaspace   ] GC(349) Metaspace: 114K(320K)->114K(320K) NonClass: 107K(192K)->107K(192K) Class: 7K(128K)->7K(128K)
[2026-06-17T10:05:28.043+0800][8.836s][info][gc             ] GC(349) Pause Young (Allocation Failure) 46M->39M(57M) 1.504ms
[2026-06-17T10:05:28.043+0800][8.836s][info][gc,cpu         ] GC(349) User=0.00s Sys=0.00s Real=0.01s
[2026-06-17T10:05:28.064+0800][8.857s][info][gc,start       ] GC(350) Pause Young (Allocation Failure)
[2026-06-17T10:05:28.065+0800][8.858s][info][gc,heap        ] GC(350) PSYoungGen: 9764K(14336K)->6509K(14336K) Eden: 7159K(7168K)->0K(7168K) From: 2604K(7168K)->6509K(7168K)
[2026-06-17T10:05:28.065+0800][8.858s][info][gc,heap        ] GC(350) ParOldGen: 37920K(44032K)->37920K(44032K)
[2026-06-17T10:05:28.065+0800][8.858s][info][gc,metaspace   ] GC(350) Metaspace: 114K(320K)->114K(320K) NonClass: 107K(192K)->107K(192K) Class: 7K(128K)->7K(128K)
[2026-06-17T10:05:28.066+0800][8.858s][info][gc             ] GC(350) Pause Young (Allocation Failure) 46M->43M(57M) 1.484ms
[2026-06-17T10:05:28.066+0800][8.858s][info][gc,cpu         ] GC(350) User=0.00s Sys=0.00s Real=0.00s
[2026-06-17T10:05:28.087+0800][8.879s][info][gc,start       ] GC(351) Pause Young (Allocation Failure)
[2026-06-17T10:05:28.087+0800][8.880s][info][gc,heap        ] GC(351) PSYoungGen: 13665K(14336K)->4731K(14336K) Eden: 7155K(7168K)->0K(7168K) From: 6509K(7168K)->4731K(7168K)
[2026-06-17T10:05:28.088+0800][8.881s][info][gc,heap        ] GC(351) ParOldGen: 37920K(44032K)->39530K(44032K)
[2026-06-17T10:05:28.088+0800][8.881s][info][gc,metaspace   ] GC(351) Metaspace: 114K(320K)->114K(320K) NonClass: 107K(192K)->107K(192K) Class: 7K(128K)->7K(128K)
[2026-06-17T10:05:28.088+0800][8.881s][info][gc             ] GC(351) Pause Young (Allocation Failure) 50M->43M(57M) 1.629ms
[2026-06-17T10:05:28.088+0800][8.881s][info][gc,cpu         ] GC(351) User=0.00s Sys=0.00s Real=0.00s
[2026-06-17T10:05:28.099+0800][8.892s][info][gc,start       ] GC(352) Pause Young (Allocation Failure)
[2026-06-17T10:05:28.100+0800][8.892s][info][gc,heap        ] GC(352) PSYoungGen: 10601K(14336K)->1813K(14336K) Eden: 5869K(7168K)->0K(7168K) From: 4731K(7168K)->1813K(7168K)
[2026-06-17T10:05:28.100+0800][8.893s][info][gc,heap        ] GC(352) ParOldGen: 39530K(44032K)->41458K(44032K)
[2026-06-17T10:05:28.100+0800][8.893s][info][gc,metaspace   ] GC(352) Metaspace: 114K(320K)->114K(320K) NonClass: 107K(192K)->107K(192K) Class: 7K(128K)->7K(128K)
[2026-06-17T10:05:28.100+0800][8.893s][info][gc             ] GC(352) Pause Young (Allocation Failure) 48M->42M(57M) 1.346ms
[2026-06-17T10:05:28.100+0800][8.893s][info][gc,cpu         ] GC(352) User=0.00s Sys=0.00s Real=0.00s
[2026-06-17T10:05:28.121+0800][8.914s][info][gc,start       ] GC(353) Pause Full (Allocation Failure)
[2026-06-17T10:05:28.122+0800][8.914s][info][gc,phases,start] GC(353) Marking Phase
[2026-06-17T10:05:28.123+0800][8.915s][info][gc,phases      ] GC(353) Marking Phase 1.106ms
[2026-06-17T10:05:28.123+0800][8.916s][info][gc,phases,start] GC(353) Summary Phase
[2026-06-17T10:05:28.123+0800][8.916s][info][gc,phases      ] GC(353) Summary Phase 0.173ms
[2026-06-17T10:05:28.123+0800][8.916s][info][gc,phases,start] GC(353) Forward
[2026-06-17T10:05:28.124+0800][8.916s][info][gc,phases      ] GC(353) Forward 0.295ms
[2026-06-17T10:05:28.124+0800][8.917s][info][gc,phases,start] GC(353) Adjust Pointers
[2026-06-17T10:05:28.124+0800][8.917s][info][gc,phases      ] GC(353) Adjust Pointers 0.603ms
[2026-06-17T10:05:28.125+0800][8.917s][info][gc,phases,start] GC(353) Compaction Phase
[2026-06-17T10:05:28.126+0800][8.919s][info][gc,phases      ] GC(353) Compaction Phase 1.253ms
[2026-06-17T10:05:28.126+0800][8.919s][info][gc,phases,start] GC(353) Post Compact
[2026-06-17T10:05:28.126+0800][8.919s][info][gc,phases      ] GC(353) Post Compact 0.207ms
[2026-06-17T10:05:28.126+0800][8.919s][info][gc,heap        ] GC(353) PSYoungGen: 8981K(14336K)->0K(14336K) Eden: 7168K(7168K)->0K(7168K) From: 1813K(7168K)->0K(7168K)
[2026-06-17T10:05:28.127+0800][8.919s][info][gc,heap        ] GC(353) ParOldGen: 41458K(44032K)->24535K(44032K)
[2026-06-17T10:05:28.127+0800][8.919s][info][gc,metaspace   ] GC(353) Metaspace: 114K(320K)->114K(320K) NonClass: 107K(192K)->107K(192K) Class: 7K(128K)->7K(128K)
[2026-06-17T10:05:28.127+0800][8.920s][info][gc             ] GC(353) Pause Full (Allocation Failure) 49M->23M(57M) 5.615ms
[2026-06-17T10:05:28.127+0800][8.920s][info][gc,cpu         ] GC(353) User=0.01s Sys=0.00s Real=0.01s
[2026-06-17T10:05:28.148+0800][8.941s][info][gc,start       ] GC(354) Pause Young (Allocation Failure)
[2026-06-17T10:05:28.149+0800][8.942s][info][gc,heap        ] GC(354) PSYoungGen: 7156K(14336K)->3686K(14336K) Eden: 7156K(7168K)->0K(7168K) From: 0K(7168K)->3686K(7168K)
[2026-06-17T10:05:28.150+0800][8.943s][info][gc,heap        ] GC(354) ParOldGen: 24535K(44032K)->24535K(44032K)
[2026-06-17T10:05:28.151+0800][8.943s][info][gc,metaspace   ] GC(354) Metaspace: 114K(320K)->114K(320K) NonClass: 107K(192K)->107K(192K) Class: 7K(128K)->7K(128K)
[2026-06-17T10:05:28.151+0800][8.944s][info][gc             ] GC(354) Pause Young (Allocation Failure) 30M->27M(57M) 3.416ms
[2026-06-17T10:05:28.152+0800][8.945s][info][gc,cpu         ] GC(354) User=0.00s Sys=0.00s Real=0.01s
[2026-06-17T10:05:28.163+0800][8.956s][info][gc,start       ] GC(355) Pause Young (Allocation Failure)
[2026-06-17T10:05:28.165+0800][8.958s][info][gc,heap        ] GC(355) PSYoungGen: 10802K(14336K)->7058K(14336K) Eden: 7116K(7168K)->0K(7168K) From: 3686K(7168K)->7058K(7168K)
[2026-06-17T10:05:28.166+0800][8.959s][info][gc,heap        ] GC(355) ParOldGen: 24535K(44032K)->24892K(44032K)
[2026-06-17T10:05:28.167+0800][8.960s][info][gc,metaspace   ] GC(355) Metaspace: 114K(320K)->114K(320K) NonClass: 107K(192K)->107K(192K) Class: 7K(128K)->7K(128K)
[2026-06-17T10:05:28.167+0800][8.960s][info][gc             ] GC(355) Pause Young (Allocation Failure) 34M->31M(57M) 3.724ms
[2026-06-17T10:05:28.168+0800][8.961s][info][gc,cpu         ] GC(355) User=0.00s Sys=0.00s Real=0.00s
[2026-06-17T10:05:28.190+0800][8.982s][info][gc,start       ] GC(356) Pause Young (Allocation Failure)
[2026-06-17T10:05:28.192+0800][8.984s][info][gc,heap        ] GC(356) PSYoungGen: 14226K(14336K)->2947K(14336K) Eden: 7167K(7168K)->0K(7168K) From: 7058K(7168K)->2947K(7168K)
[2026-06-17T10:05:28.192+0800][8.985s][info][gc,heap        ] GC(356) ParOldGen: 24892K(44032K)->29477K(44032K)
[2026-06-17T10:05:28.194+0800][8.987s][info][gc,metaspace   ] GC(356) Metaspace: 114K(320K)->114K(320K) NonClass: 107K(192K)->107K(192K) Class: 7K(128K)->7K(128K)
[2026-06-17T10:05:28.194+0800][8.987s][info][gc             ] GC(356) Pause Young (Allocation Failure) 38M->31M(57M) 4.686ms
[2026-06-17T10:05:28.196+0800][8.989s][info][gc,cpu         ] GC(356) User=0.00s Sys=0.00s Real=0.01s
[2026-06-17T10:05:28.217+0800][9.010s][info][gc,start       ] GC(357) Pause Young (Allocation Failure)
[2026-06-17T10:05:28.219+0800][9.012s][info][gc,heap        ] GC(357) PSYoungGen: 10110K(14336K)->3236K(14336K) Eden: 7163K(7168K)->0K(7168K) From: 2947K(7168K)->3236K(7168K)
[2026-06-17T10:05:28.220+0800][9.013s][info][gc,heap        ] GC(357) ParOldGen: 29477K(44032K)->29477K(44032K)
[2026-06-17T10:05:28.221+0800][9.013s][info][gc,metaspace   ] GC(357) Metaspace: 114K(320K)->114K(320K) NonClass: 107K(192K)->107K(192K) Class: 7K(128K)->7K(128K)
[2026-06-17T10:05:28.221+0800][9.014s][info][gc             ] GC(357) Pause Young (Allocation Failure) 38M->31M(57M) 3.977ms
[2026-06-17T10:05:28.222+0800][9.015s][info][gc,cpu         ] GC(357) User=0.00s Sys=0.00s Real=0.00s
[2026-06-17T10:05:28.234+0800][9.027s][info][gc,start       ] GC(358) Pause Young (Allocation Failure)
[2026-06-17T10:05:28.235+0800][9.028s][info][gc,heap        ] GC(358) PSYoungGen: 10293K(14336K)->1502K(14336K) Eden: 7057K(7168K)->0K(7168K) From: 3236K(7168K)->1502K(7168K)
[2026-06-17T10:05:28.236+0800][9.029s][info][gc,heap        ] GC(358) ParOldGen: 29477K(44032K)->31145K(44032K)
[2026-06-17T10:05:28.237+0800][9.030s][info][gc,metaspace   ] GC(358) Metaspace: 114K(320K)->114K(320K) NonClass: 107K(192K)->107K(192K) Class: 7K(128K)->7K(128K)
[2026-06-17T10:05:28.237+0800][9.030s][info][gc             ] GC(358) Pause Young (Allocation Failure) 38M->31M(57M) 3.566ms
[2026-06-17T10:05:28.238+0800][9.031s][info][gc,cpu         ] GC(358) User=0.00s Sys=0.00s Real=0.00s
[2026-06-17T10:05:28.260+0800][9.053s][info][gc,start       ] GC(359) Pause Young (Allocation Failure)
[2026-06-17T10:05:28.261+0800][9.054s][info][gc,heap        ] GC(359) PSYoungGen: 8631K(14336K)->5122K(14336K) Eden: 7129K(7168K)->0K(7168K) From: 1502K(7168K)->5122K(7168K)
[2026-06-17T10:05:28.262+0800][9.055s][info][gc,heap        ] GC(359) ParOldGen: 31145K(44032K)->31145K(44032K)
[2026-06-17T10:05:28.263+0800][9.056s][info][gc,metaspace   ] GC(359) Metaspace: 114K(320K)->114K(320K) NonClass: 107K(192K)->107K(192K) Class: 7K(128K)->7K(128K)
[2026-06-17T10:05:28.264+0800][9.056s][info][gc             ] GC(359) Pause Young (Allocation Failure) 38M->35M(57M) 3.730ms
[2026-06-17T10:05:28.264+0800][9.057s][info][gc,cpu         ] GC(359) User=0.00s Sys=0.00s Real=0.01s
[2026-06-17T10:05:28.286+0800][9.079s][info][gc,start       ] GC(360) Pause Young (Allocation Failure)
[2026-06-17T10:05:28.288+0800][9.080s][info][gc,heap        ] GC(360) PSYoungGen: 12247K(14336K)->3224K(14336K) Eden: 7124K(7168K)->0K(7168K) From: 5122K(7168K)->3224K(7168K)
[2026-06-17T10:05:28.288+0800][9.081s][info][gc,heap        ] GC(360) ParOldGen: 31145K(44032K)->33143K(44032K)
[2026-06-17T10:05:28.289+0800][9.082s][info][gc,metaspace   ] GC(360) Metaspace: 114K(320K)->114K(320K) NonClass: 107K(192K)->107K(192K) Class: 7K(128K)->7K(128K)
[2026-06-17T10:05:28.289+0800][9.082s][info][gc             ] GC(360) Pause Young (Allocation Failure) 42M->35M(57M) 3.418ms
[2026-06-17T10:05:28.290+0800][9.083s][info][gc,cpu         ] GC(360) User=0.00s Sys=0.00s Real=0.00s
[2026-06-17T10:05:28.311+0800][9.104s][info][gc,start       ] GC(361) Pause Young (Allocation Failure)
[2026-06-17T10:05:28.313+0800][9.106s][info][gc,heap        ] GC(361) PSYoungGen: 10386K(14336K)->3422K(14336K) Eden: 7161K(7168K)->0K(7168K) From: 3224K(7168K)->3422K(7168K)
[2026-06-17T10:05:28.314+0800][9.107s][info][gc,heap        ] GC(361) ParOldGen: 33143K(44032K)->33143K(44032K)
[2026-06-17T10:05:28.315+0800][9.107s][info][gc,metaspace   ] GC(361) Metaspace: 114K(320K)->114K(320K) NonClass: 107K(192K)->107K(192K) Class: 7K(128K)->7K(128K)
[2026-06-17T10:05:28.315+0800][9.108s][info][gc             ] GC(361) Pause Young (Allocation Failure) 42M->35M(57M) 3.942ms
[2026-06-17T10:05:28.316+0800][9.109s][info][gc,cpu         ] GC(361) User=0.01s Sys=0.00s Real=0.00s
[2026-06-17T10:05:28.328+0800][9.120s][info][gc,start       ] GC(362) Pause Young (Allocation Failure)
[2026-06-17T10:05:28.329+0800][9.121s][info][gc,heap        ] GC(362) PSYoungGen: 10425K(14336K)->3780K(14336K) Eden: 7003K(7168K)->0K(7168K) From: 3422K(7168K)->3780K(7168K)
[2026-06-17T10:05:28.329+0800][9.122s][info][gc,heap        ] GC(362) ParOldGen: 33143K(44032K)->33143K(44032K)
[2026-06-17T10:05:28.330+0800][9.123s][info][gc,metaspace   ] GC(362) Metaspace: 114K(320K)->114K(320K) NonClass: 107K(192K)->107K(192K) Class: 7K(128K)->7K(128K)
[2026-06-17T10:05:28.330+0800][9.123s][info][gc             ] GC(362) Pause Young (Allocation Failure) 42M->36M(57M) 2.873ms
[2026-06-17T10:05:28.331+0800][9.124s][info][gc,cpu         ] GC(362) User=0.00s Sys=0.00s Real=0.01s
[2026-06-17T10:05:28.352+0800][9.145s][info][gc,start       ] GC(363) Pause Young (Allocation Failure)
[2026-06-17T10:05:28.354+0800][9.147s][info][gc,heap        ] GC(363) PSYoungGen: 10911K(14336K)->7043K(14336K) Eden: 7131K(7168K)->0K(7168K) From: 3780K(7168K)->7043K(7168K)
[2026-06-17T10:05:28.354+0800][9.147s][info][gc,heap        ] GC(363) ParOldGen: 33143K(44032K)->33287K(44032K)
[2026-06-17T10:05:28.355+0800][9.148s][info][gc,metaspace   ] GC(363) Metaspace: 114K(320K)->114K(320K) NonClass: 107K(192K)->107K(192K) Class: 7K(128K)->7K(128K)
[2026-06-17T10:05:28.355+0800][9.148s][info][gc             ] GC(363) Pause Young (Allocation Failure) 43M->39M(57M) 2.672ms
[2026-06-17T10:05:28.356+0800][9.148s][info][gc,cpu         ] GC(363) User=0.00s Sys=0.00s Real=0.00s
[2026-06-17T10:05:28.377+0800][9.170s][info][gc,start       ] GC(364) Pause Young (Allocation Failure)
[2026-06-17T10:05:28.379+0800][9.171s][info][gc,heap        ] GC(364) PSYoungGen: 14176K(14336K)->5526K(14336K) Eden: 7132K(7168K)->0K(7168K) From: 7043K(7168K)->5526K(7168K)
[2026-06-17T10:05:28.379+0800][9.172s][info][gc,heap        ] GC(364) ParOldGen: 33287K(44032K)->35143K(44032K)
[2026-06-17T10:05:28.380+0800][9.172s][info][gc,metaspace   ] GC(364) Metaspace: 114K(320K)->114K(320K) NonClass: 107K(192K)->107K(192K) Class: 7K(128K)->7K(128K)
[2026-06-17T10:05:28.380+0800][9.173s][info][gc             ] GC(364) Pause Young (Allocation Failure) 46M->39M(57M) 3.186ms
[2026-06-17T10:05:28.381+0800][9.174s][info][gc,cpu         ] GC(364) User=0.00s Sys=0.00s Real=0.00s
[2026-06-17T10:05:28.392+0800][9.185s][info][gc,start       ] GC(365) Pause Young (Allocation Failure)
[2026-06-17T10:05:28.394+0800][9.187s][info][gc,heap        ] GC(365) PSYoungGen: 12563K(14336K)->2547K(14336K) Eden: 7036K(7168K)->0K(7168K) From: 5526K(7168K)->2547K(7168K)
[2026-06-17T10:05:28.395+0800][9.188s][info][gc,heap        ] GC(365) ParOldGen: 35143K(44032K)->38352K(44032K)
[2026-06-17T10:05:28.395+0800][9.188s][info][gc,metaspace   ] GC(365) Metaspace: 114K(320K)->114K(320K) NonClass: 107K(192K)->107K(192K) Class: 7K(128K)->7K(128K)
[2026-06-17T10:05:28.396+0800][9.189s][info][gc             ] GC(365) Pause Young (Allocation Failure) 46M->39M(57M) 3.640ms
[2026-06-17T10:05:28.396+0800][9.189s][info][gc,cpu         ] GC(365) User=0.00s Sys=0.00s Real=0.00s
[2026-06-17T10:05:28.418+0800][9.211s][info][gc,start       ] GC(366) Pause Young (Allocation Failure)
[2026-06-17T10:05:28.419+0800][9.212s][info][gc,heap        ] GC(366) PSYoungGen: 9712K(14336K)->3849K(14336K) Eden: 7165K(7168K)->0K(7168K) From: 2547K(7168K)->3849K(7168K)
[2026-06-17T10:05:28.420+0800][9.213s][info][gc,heap        ] GC(366) ParOldGen: 38352K(44032K)->40843K(44032K)
[2026-06-17T10:05:28.420+0800][9.213s][info][gc,metaspace   ] GC(366) Metaspace: 114K(320K)->114K(320K) NonClass: 107K(192K)->107K(192K) Class: 7K(128K)->7K(128K)
[2026-06-17T10:05:28.421+0800][9.214s][info][gc             ] GC(366) Pause Young (Allocation Failure) 46M->43M(57M) 2.951ms
[2026-06-17T10:05:28.422+0800][9.214s][info][gc,cpu         ] GC(366) User=0.01s Sys=0.00s Real=0.00s
[2026-06-17T10:05:28.443+0800][9.236s][info][gc,start       ] GC(367) Pause Full (Allocation Failure)
[2026-06-17T10:05:28.444+0800][9.237s][info][gc,phases,start] GC(367) Marking Phase
[2026-06-17T10:05:28.446+0800][9.239s][info][gc,phases      ] GC(367) Marking Phase 1.651ms
[2026-06-17T10:05:28.446+0800][9.239s][info][gc,phases,start] GC(367) Summary Phase
[2026-06-17T10:05:28.447+0800][9.240s][info][gc,phases      ] GC(367) Summary Phase 0.599ms
[2026-06-17T10:05:28.447+0800][9.240s][info][gc,phases,start] GC(367) Forward
[2026-06-17T10:05:28.448+0800][9.241s][info][gc,phases      ] GC(367) Forward 0.729ms
[2026-06-17T10:05:28.449+0800][9.242s][info][gc,phases,start] GC(367) Adjust Pointers
[2026-06-17T10:05:28.449+0800][9.242s][info][gc,phases      ] GC(367) Adjust Pointers 0.701ms
[2026-06-17T10:05:28.450+0800][9.243s][info][gc,phases,start] GC(367) Compaction Phase
[2026-06-17T10:05:28.452+0800][9.245s][info][gc,phases      ] GC(367) Compaction Phase 2.049ms
[2026-06-17T10:05:28.453+0800][9.246s][info][gc,phases,start] GC(367) Post Compact
[2026-06-17T10:05:28.453+0800][9.246s][info][gc,phases      ] GC(367) Post Compact 0.318ms
[2026-06-17T10:05:28.454+0800][9.246s][info][gc,heap        ] GC(367) PSYoungGen: 10994K(14336K)->0K(14336K) Eden: 7145K(7168K)->0K(7168K) From: 3849K(7168K)->0K(7168K)
[2026-06-17T10:05:28.454+0800][9.247s][info][gc,heap        ] GC(367) ParOldGen: 40843K(44032K)->32576K(44032K)
[2026-06-17T10:05:28.455+0800][9.247s][info][gc,metaspace   ] GC(367) Metaspace: 114K(320K)->114K(320K) NonClass: 107K(192K)->107K(192K) Class: 7K(128K)->7K(128K)
[2026-06-17T10:05:28.455+0800][9.248s][info][gc             ] GC(367) Pause Full (Allocation Failure) 50M->31M(57M) 11.759ms
[2026-06-17T10:05:28.456+0800][9.248s][info][gc,cpu         ] GC(367) User=0.00s Sys=0.00s Real=0.01s
[2026-06-17T10:05:28.477+0800][9.270s][info][gc,start       ] GC(368) Pause Young (Allocation Failure)
[2026-06-17T10:05:28.478+0800][9.271s][info][gc,heap        ] GC(368) PSYoungGen: 7152K(14336K)->3795K(14336K) Eden: 7152K(7168K)->0K(7168K) From: 0K(7168K)->3795K(7168K)
[2026-06-17T10:05:28.479+0800][9.272s][info][gc,heap        ] GC(368) ParOldGen: 32576K(44032K)->32576K(44032K)
[2026-06-17T10:05:28.479+0800][9.272s][info][gc,metaspace   ] GC(368) Metaspace: 114K(320K)->114K(320K) NonClass: 107K(192K)->107K(192K) Class: 7K(128K)->7K(128K)
[2026-06-17T10:05:28.480+0800][9.273s][info][gc             ] GC(368) Pause Young (Allocation Failure) 38M->35M(57M) 2.902ms
[2026-06-17T10:05:28.481+0800][9.273s][info][gc,cpu         ] GC(368) User=0.00s Sys=0.00s Real=0.00s
[2026-06-17T10:05:28.502+0800][9.295s][info][gc,start       ] GC(369) Pause Young (Allocation Failure)
[2026-06-17T10:05:28.503+0800][9.295s][info][gc,heap        ] GC(369) PSYoungGen: 10928K(14336K)->1804K(14336K) Eden: 7132K(7168K)->0K(7168K) From: 3795K(7168K)->1804K(7168K)
[2026-06-17T10:05:28.503+0800][9.296s][info][gc,heap        ] GC(369) ParOldGen: 32576K(44032K)->34888K(44032K)
[2026-06-17T10:05:28.503+0800][9.296s][info][gc,metaspace   ] GC(369) Metaspace: 114K(320K)->114K(320K) NonClass: 107K(192K)->107K(192K) Class: 7K(128K)->7K(128K)
[2026-06-17T10:05:28.504+0800][9.296s][info][gc             ] GC(369) Pause Young (Allocation Failure) 42M->35M(57M) 1.647ms
[2026-06-17T10:05:28.504+0800][9.296s][info][gc,cpu         ] GC(369) User=0.01s Sys=0.00s Real=0.01s
[2026-06-17T10:05:28.514+0800][9.307s][info][gc,start       ] GC(370) Pause Young (Allocation Failure)
[2026-06-17T10:05:28.515+0800][9.308s][info][gc,heap        ] GC(370) PSYoungGen: 8726K(14336K)->2031K(14336K) Eden: 6922K(7168K)->0K(7168K) From: 1804K(7168K)->2031K(7168K)
[2026-06-17T10:05:28.515+0800][9.308s][info][gc,heap        ] GC(370) ParOldGen: 34888K(44032K)->34888K(44032K)
[2026-06-17T10:05:28.515+0800][9.308s][info][gc,metaspace   ] GC(370) Metaspace: 114K(320K)->114K(320K) NonClass: 107K(192K)->107K(192K) Class: 7K(128K)->7K(128K)
[2026-06-17T10:05:28.516+0800][9.308s][info][gc             ] GC(370) Pause Young (Allocation Failure) 42M->36M(57M) 1.197ms
[2026-06-17T10:05:28.516+0800][9.309s][info][gc,cpu         ] GC(370) User=0.00s Sys=0.00s Real=0.00s
[2026-06-17T10:05:28.537+0800][9.330s][info][gc,start       ] GC(371) Pause Young (Allocation Failure)
[2026-06-17T10:05:28.539+0800][9.331s][info][gc,heap        ] GC(371) PSYoungGen: 9191K(14336K)->3439K(14336K) Eden: 7160K(7168K)->0K(7168K) From: 2031K(7168K)->3439K(7168K)
[2026-06-17T10:05:28.539+0800][9.332s][info][gc,heap        ] GC(371) ParOldGen: 34888K(44032K)->36871K(44032K)
[2026-06-17T10:05:28.540+0800][9.333s][info][gc,metaspace   ] GC(371) Metaspace: 114K(320K)->114K(320K) NonClass: 107K(192K)->107K(192K) Class: 7K(128K)->7K(128K)
[2026-06-17T10:05:28.540+0800][9.333s][info][gc             ] GC(371) Pause Young (Allocation Failure) 43M->39M(57M) 2.974ms
[2026-06-17T10:05:28.540+0800][9.333s][info][gc,cpu         ] GC(371) User=0.00s Sys=0.00s Real=0.00s
[2026-06-17T10:05:28.551+0800][9.344s][info][gc,start       ] GC(372) Pause Young (Allocation Failure)
[2026-06-17T10:05:28.553+0800][9.346s][info][gc,heap        ] GC(372) PSYoungGen: 10430K(14336K)->3567K(14336K) Eden: 6990K(7168K)->0K(7168K) From: 3439K(7168K)->3567K(7168K)
[2026-06-17T10:05:28.554+0800][9.347s][info][gc,heap        ] GC(372) ParOldGen: 36871K(44032K)->36871K(44032K)
[2026-06-17T10:05:28.555+0800][9.348s][info][gc,metaspace   ] GC(372) Metaspace: 114K(320K)->114K(320K) NonClass: 107K(192K)->107K(192K) Class: 7K(128K)->7K(128K)
[2026-06-17T10:05:28.556+0800][9.349s][info][gc             ] GC(372) Pause Young (Allocation Failure) 46M->39M(57M) 5.039ms
[2026-06-17T10:05:28.557+0800][9.350s][info][gc,cpu         ] GC(372) User=0.00s Sys=0.00s Real=0.00s
[2026-06-17T10:05:28.579+0800][9.372s][info][gc,start       ] GC(373) Pause Young (Allocation Failure)
[2026-06-17T10:05:28.580+0800][9.373s][info][gc,heap        ] GC(373) PSYoungGen: 10724K(14336K)->6539K(13824K) Eden: 7157K(7168K)->0K(7168K) From: 3567K(7168K)->6539K(6656K)
[2026-06-17T10:05:28.582+0800][9.375s][info][gc,heap        ] GC(373) ParOldGen: 36871K(44032K)->37554K(44032K)
[2026-06-17T10:05:28.582+0800][9.375s][info][gc,metaspace   ] GC(373) Metaspace: 114K(320K)->114K(320K) NonClass: 107K(192K)->107K(192K) Class: 7K(128K)->7K(128K)
[2026-06-17T10:05:28.583+0800][9.375s][info][gc             ] GC(373) Pause Young (Allocation Failure) 46M->43M(56M) 3.748ms
[2026-06-17T10:05:28.583+0800][9.376s][info][gc,cpu         ] GC(373) User=0.00s Sys=0.00s Real=0.01s
[2026-06-17T10:05:28.604+0800][9.397s][info][gc,start       ] GC(374) Pause Young (Allocation Failure)
[2026-06-17T10:05:28.605+0800][9.398s][info][gc,heap        ] GC(374) PSYoungGen: 13707K(13824K)->4013K(14336K) Eden: 7168K(7168K)->0K(7168K) From: 6539K(6656K)->4013K(7168K)
[2026-06-17T10:05:28.605+0800][9.398s][info][gc,heap        ] GC(374) ParOldGen: 37554K(44032K)->40415K(44032K)
[2026-06-17T10:05:28.605+0800][9.398s][info][gc,metaspace   ] GC(374) Metaspace: 114K(320K)->114K(320K) NonClass: 107K(192K)->107K(192K) Class: 7K(128K)->7K(128K)
[2026-06-17T10:05:28.606+0800][9.398s][info][gc             ] GC(374) Pause Young (Allocation Failure) 50M->43M(57M) 1.833ms
[2026-06-17T10:05:28.606+0800][9.399s][info][gc,cpu         ] GC(374) User=0.00s Sys=0.00s Real=0.00s
[2026-06-17T10:05:28.627+0800][9.420s][info][gc,start       ] GC(375) Pause Full (Allocation Failure)
[2026-06-17T10:05:28.630+0800][9.422s][info][gc,phases,start] GC(375) Marking Phase
[2026-06-17T10:05:28.633+0800][9.426s][info][gc,phases      ] GC(375) Marking Phase 3.377ms
[2026-06-17T10:05:28.634+0800][9.427s][info][gc,phases,start] GC(375) Summary Phase
[2026-06-17T10:05:28.635+0800][9.428s][info][gc,phases      ] GC(375) Summary Phase 0.677ms
[2026-06-17T10:05:28.636+0800][9.429s][info][gc,phases,start] GC(375) Forward
[2026-06-17T10:05:28.637+0800][9.430s][info][gc,phases      ] GC(375) Forward 1.067ms
[2026-06-17T10:05:28.638+0800][9.430s][info][gc,phases,start] GC(375) Adjust Pointers
[2026-06-17T10:05:28.639+0800][9.432s][info][gc,phases      ] GC(375) Adjust Pointers 1.557ms
[2026-06-17T10:05:28.640+0800][9.432s][info][gc,phases,start] GC(375) Compaction Phase
[2026-06-17T10:05:28.642+0800][9.435s][info][gc,phases      ] GC(375) Compaction Phase 2.081ms
[2026-06-17T10:05:28.642+0800][9.435s][info][gc,phases,start] GC(375) Post Compact
[2026-06-17T10:05:28.643+0800][9.436s][info][gc,phases      ] GC(375) Post Compact 0.497ms
[2026-06-17T10:05:28.643+0800][9.436s][info][gc,heap        ] GC(375) PSYoungGen: 11167K(14336K)->0K(14336K) Eden: 7154K(7168K)->0K(7168K) From: 4013K(7168K)->0K(7168K)
[2026-06-17T10:05:28.644+0800][9.437s][info][gc,heap        ] GC(375) ParOldGen: 40415K(44032K)->31587K(44032K)
[2026-06-17T10:05:28.644+0800][9.437s][info][gc,metaspace   ] GC(375) Metaspace: 114K(320K)->114K(320K) NonClass: 107K(192K)->107K(192K) Class: 7K(128K)->7K(128K)
[2026-06-17T10:05:28.644+0800][9.437s][info][gc             ] GC(375) Pause Full (Allocation Failure) 50M->30M(57M) 17.246ms
[2026-06-17T10:05:28.645+0800][9.437s][info][gc,cpu         ] GC(375) User=0.01s Sys=0.00s Real=0.02s
[2026-06-17T10:05:28.656+0800][9.449s][info][gc,start       ] GC(376) Pause Young (Allocation Failure)
[2026-06-17T10:05:28.658+0800][9.451s][info][gc,heap        ] GC(376) PSYoungGen: 7165K(14336K)->6957K(14336K) Eden: 7165K(7168K)->0K(7168K) From: 0K(7168K)->6957K(7168K)
[2026-06-17T10:05:28.659+0800][9.452s][info][gc,heap        ] GC(376) ParOldGen: 31587K(44032K)->31841K(44032K)
[2026-06-17T10:05:28.659+0800][9.452s][info][gc,metaspace   ] GC(376) Metaspace: 114K(320K)->114K(320K) NonClass: 107K(192K)->107K(192K) Class: 7K(128K)->7K(128K)
[2026-06-17T10:05:28.660+0800][9.453s][info][gc             ] GC(376) Pause Young (Allocation Failure) 37M->37M(57M) 4.068ms
[2026-06-17T10:05:28.661+0800][9.453s][info][gc,cpu         ] GC(376) User=0.01s Sys=0.00s Real=0.00s
[2026-06-17T10:05:28.683+0800][9.476s][info][gc,start       ] GC(377) Pause Young (Allocation Failure)
[2026-06-17T10:05:28.686+0800][9.479s][info][gc,heap        ] GC(377) PSYoungGen: 14116K(14336K)->7162K(14336K) Eden: 7159K(7168K)->0K(7168K) From: 6957K(7168K)->7162K(7168K)
[2026-06-17T10:05:28.687+0800][9.480s][info][gc,heap        ] GC(377) ParOldGen: 31841K(44032K)->32036K(44032K)
[2026-06-17T10:05:28.688+0800][9.480s][info][gc,metaspace   ] GC(377) Metaspace: 114K(320K)->114K(320K) NonClass: 107K(192K)->107K(192K) Class: 7K(128K)->7K(128K)
[2026-06-17T10:05:28.688+0800][9.481s][info][gc             ] GC(377) Pause Young (Allocation Failure) 44M->38M(57M) 5.032ms
[2026-06-17T10:05:28.689+0800][9.482s][info][gc,cpu         ] GC(377) User=0.00s Sys=0.00s Real=0.00s
[2026-06-17T10:05:28.711+0800][9.504s][info][gc,start       ] GC(378) Pause Young (Allocation Failure)
[2026-06-17T10:05:28.713+0800][9.506s][info][gc,heap        ] GC(378) PSYoungGen: 14294K(14336K)->3363K(14336K) Eden: 7131K(7168K)->0K(7168K) From: 7162K(7168K)->3363K(7168K)
[2026-06-17T10:05:28.714+0800][9.506s][info][gc,heap        ] GC(378) ParOldGen: 32036K(44032K)->35904K(44032K)
[2026-06-17T10:05:28.714+0800][9.507s][info][gc,metaspace   ] GC(378) Metaspace: 114K(320K)->114K(320K) NonClass: 107K(192K)->107K(192K) Class: 7K(128K)->7K(128K)
[2026-06-17T10:05:28.714+0800][9.507s][info][gc             ] GC(378) Pause Young (Allocation Failure) 45M->38M(57M) 3.592ms
[2026-06-17T10:05:28.715+0800][9.508s][info][gc,cpu         ] GC(378) User=0.00s Sys=0.00s Real=0.00s
[2026-06-17T10:05:28.726+0800][9.519s][info][gc,start       ] GC(379) Pause Young (Allocation Failure)
[2026-06-17T10:05:28.728+0800][9.520s][info][gc,heap        ] GC(379) PSYoungGen: 10443K(14336K)->3978K(14336K) Eden: 7079K(7168K)->0K(7168K) From: 3363K(7168K)->3978K(7168K)
[2026-06-17T10:05:28.728+0800][9.521s][info][gc,heap        ] GC(379) ParOldGen: 35904K(44032K)->35904K(44032K)
[2026-06-17T10:05:28.728+0800][9.521s][info][gc,metaspace   ] GC(379) Metaspace: 114K(320K)->114K(320K) NonClass: 107K(192K)->107K(192K) Class: 7K(128K)->7K(128K)
[2026-06-17T10:05:28.729+0800][9.521s][info][gc             ] GC(379) Pause Young (Allocation Failure) 45M->38M(57M) 2.314ms
[2026-06-17T10:05:28.729+0800][9.522s][info][gc,cpu         ] GC(379) User=0.00s Sys=0.00s Real=0.00s
[2026-06-17T10:05:28.751+0800][9.543s][info][gc,start       ] GC(380) Pause Young (Allocation Failure)
[2026-06-17T10:05:28.752+0800][9.545s][info][gc,heap        ] GC(380) PSYoungGen: 11136K(14336K)->3888K(14336K) Eden: 7157K(7168K)->0K(7168K) From: 3978K(7168K)->3888K(7168K)
[2026-06-17T10:05:28.753+0800][9.546s][info][gc,heap        ] GC(380) ParOldGen: 35904K(44032K)->39826K(44032K)
[2026-06-17T10:05:28.753+0800][9.546s][info][gc,metaspace   ] GC(380) Metaspace: 114K(320K)->114K(320K) NonClass: 107K(192K)->107K(192K) Class: 7K(128K)->7K(128K)
[2026-06-17T10:05:28.754+0800][9.546s][info][gc             ] GC(380) Pause Young (Allocation Failure) 45M->42M(57M) 2.894ms
[2026-06-17T10:05:28.754+0800][9.547s][info][gc,cpu         ] GC(380) User=0.00s Sys=0.00s Real=0.00s
[2026-06-17T10:05:28.776+0800][9.568s][info][gc,start       ] GC(381) Pause Full (Allocation Failure)
[2026-06-17T10:05:28.776+0800][9.569s][info][gc,phases,start] GC(381) Marking Phase
[2026-06-17T10:05:28.779+0800][9.571s][info][gc,phases      ] GC(381) Marking Phase 2.308ms
[2026-06-17T10:05:28.779+0800][9.572s][info][gc,phases,start] GC(381) Summary Phase
[2026-06-17T10:05:28.780+0800][9.572s][info][gc,phases      ] GC(381) Summary Phase 0.398ms
[2026-06-17T10:05:28.780+0800][9.573s][info][gc,phases,start] GC(381) Forward
[2026-06-17T10:05:28.780+0800][9.573s][info][gc,phases      ] GC(381) Forward 0.502ms
[2026-06-17T10:05:28.781+0800][9.574s][info][gc,phases,start] GC(381) Adjust Pointers
[2026-06-17T10:05:28.782+0800][9.575s][info][gc,phases      ] GC(381) Adjust Pointers 1.038ms
[2026-06-17T10:05:28.782+0800][9.575s][info][gc,phases,start] GC(381) Compaction Phase
[2026-06-17T10:05:28.785+0800][9.577s][info][gc,phases      ] GC(381) Compaction Phase 2.440ms
[2026-06-17T10:05:28.785+0800][9.578s][info][gc,phases,start] GC(381) Post Compact
[2026-06-17T10:05:28.785+0800][9.578s][info][gc,phases      ] GC(381) Post Compact 0.337ms
[2026-06-17T10:05:28.785+0800][9.578s][info][gc,heap        ] GC(381) PSYoungGen: 11025K(14336K)->0K(14336K) Eden: 7137K(7168K)->0K(7168K) From: 3888K(7168K)->0K(7168K)
[2026-06-17T10:05:28.786+0800][9.578s][info][gc,heap        ] GC(381) ParOldGen: 39826K(44032K)->31098K(44032K)
[2026-06-17T10:05:28.786+0800][9.579s][info][gc,metaspace   ] GC(381) Metaspace: 114K(320K)->114K(320K) NonClass: 107K(192K)->107K(192K) Class: 7K(128K)->7K(128K)
[2026-06-17T10:05:28.786+0800][9.579s][info][gc             ] GC(381) Pause Full (Allocation Failure) 49M->30M(57M) 10.345ms
[2026-06-17T10:05:28.786+0800][9.579s][info][gc,cpu         ] GC(381) User=0.01s Sys=0.01s Real=0.01s
[2026-06-17T10:05:28.808+0800][9.600s][info][gc,start       ] GC(382) Pause Young (Allocation Failure)
[2026-06-17T10:05:28.809+0800][9.602s][info][gc,heap        ] GC(382) PSYoungGen: 7126K(14336K)->4029K(14336K) Eden: 7126K(7168K)->0K(7168K) From: 0K(7168K)->4029K(7168K)
[2026-06-17T10:05:28.810+0800][9.602s][info][gc,heap        ] GC(382) ParOldGen: 31098K(44032K)->31098K(44032K)
[2026-06-17T10:05:28.810+0800][9.603s][info][gc,metaspace   ] GC(382) Metaspace: 114K(320K)->114K(320K) NonClass: 107K(192K)->107K(192K) Class: 7K(128K)->7K(128K)
[2026-06-17T10:05:28.810+0800][9.603s][info][gc             ] GC(382) Pause Young (Allocation Failure) 37M->34M(57M) 2.813ms
[2026-06-17T10:05:28.811+0800][9.603s][info][gc,cpu         ] GC(382) User=0.00s Sys=0.00s Real=0.01s
[2026-06-17T10:05:28.822+0800][9.615s][info][gc,start       ] GC(383) Pause Young (Allocation Failure)
[2026-06-17T10:05:28.823+0800][9.616s][info][gc,heap        ] GC(383) PSYoungGen: 11175K(14336K)->4875K(14336K) Eden: 7145K(7168K)->0K(7168K) From: 4029K(7168K)->4875K(7168K)
[2026-06-17T10:05:28.823+0800][9.616s][info][gc,heap        ] GC(383) ParOldGen: 31098K(44032K)->33754K(44032K)
[2026-06-17T10:05:28.824+0800][9.616s][info][gc,metaspace   ] GC(383) Metaspace: 114K(320K)->114K(320K) NonClass: 107K(192K)->107K(192K) Class: 7K(128K)->7K(128K)
[2026-06-17T10:05:28.824+0800][9.617s][info][gc             ] GC(383) Pause Young (Allocation Failure) 41M->37M(57M) 1.806ms
[2026-06-17T10:05:28.824+0800][9.617s][info][gc,cpu         ] GC(383) User=0.00s Sys=0.00s Real=0.01s
[2026-06-17T10:05:28.845+0800][9.638s][info][gc,start       ] GC(384) Pause Young (Allocation Failure)
[2026-06-17T10:05:28.846+0800][9.639s][info][gc,heap        ] GC(384) PSYoungGen: 11999K(14336K)->4841K(14336K) Eden: 7124K(7168K)->0K(7168K) From: 4875K(7168K)->4841K(7168K)
[2026-06-17T10:05:28.846+0800][9.639s][info][gc,heap        ] GC(384) ParOldGen: 33754K(44032K)->33754K(44032K)
[2026-06-17T10:05:28.846+0800][9.639s][info][gc,metaspace   ] GC(384) Metaspace: 114K(320K)->114K(320K) NonClass: 107K(192K)->107K(192K) Class: 7K(128K)->7K(128K)
[2026-06-17T10:05:28.847+0800][9.639s][info][gc             ] GC(384) Pause Young (Allocation Failure) 44M->37M(57M) 1.591ms
[2026-06-17T10:05:28.847+0800][9.640s][info][gc,cpu         ] GC(384) User=0.00s Sys=0.00s Real=0.00s
[2026-06-17T10:05:28.868+0800][9.661s][info][gc,start       ] GC(385) Pause Young (Allocation Failure)
[2026-06-17T10:05:28.869+0800][9.662s][info][gc,heap        ] GC(385) PSYoungGen: 11969K(14336K)->3200K(14336K) Eden: 7128K(7168K)->0K(7168K) From: 4841K(7168K)->3200K(7168K)
[2026-06-17T10:05:28.869+0800][9.662s][info][gc,heap        ] GC(385) ParOldGen: 33754K(44032K)->35691K(44032K)
[2026-06-17T10:05:28.870+0800][9.662s][info][gc,metaspace   ] GC(385) Metaspace: 114K(320K)->114K(320K) NonClass: 107K(192K)->107K(192K) Class: 7K(128K)->7K(128K)
[2026-06-17T10:05:28.870+0800][9.663s][info][gc             ] GC(385) Pause Young (Allocation Failure) 44M->37M(57M) 1.908ms
[2026-06-17T10:05:28.870+0800][9.663s][info][gc,cpu         ] GC(385) User=0.00s Sys=0.00s Real=0.00s
[2026-06-17T10:05:28.881+0800][9.674s][info][gc,start       ] GC(386) Pause Young (Allocation Failure)
[2026-06-17T10:05:28.882+0800][9.675s][info][gc,heap        ] GC(386) PSYoungGen: 10276K(14336K)->3582K(14336K) Eden: 7076K(7168K)->0K(7168K) From: 3200K(7168K)->3582K(7168K)
[2026-06-17T10:05:28.883+0800][9.675s][info][gc,heap        ] GC(386) ParOldGen: 35691K(44032K)->35691K(44032K)
[2026-06-17T10:05:28.883+0800][9.676s][info][gc,metaspace   ] GC(386) Metaspace: 114K(320K)->114K(320K) NonClass: 107K(192K)->107K(192K) Class: 7K(128K)->7K(128K)
[2026-06-17T10:05:28.883+0800][9.676s][info][gc             ] GC(386) Pause Young (Allocation Failure) 44M->38M(57M) 1.673ms
[2026-06-17T10:05:28.883+0800][9.676s][info][gc,cpu         ] GC(386) User=0.00s Sys=0.00s Real=0.01s
[2026-06-17T10:05:28.904+0800][9.697s][info][gc,start       ] GC(387) Pause Young (Allocation Failure)
[2026-06-17T10:05:28.906+0800][9.699s][info][gc,heap        ] GC(387) PSYoungGen: 10713K(14336K)->7075K(14336K) Eden: 7131K(7168K)->0K(7168K) From: 3582K(7168K)->7075K(7168K)
[2026-06-17T10:05:28.906+0800][9.699s][info][gc,heap        ] GC(387) ParOldGen: 35691K(44032K)->35996K(44032K)
[2026-06-17T10:05:28.906+0800][9.699s][info][gc,metaspace   ] GC(387) Metaspace: 114K(320K)->114K(320K) NonClass: 107K(192K)->107K(192K) Class: 7K(128K)->7K(128K)
[2026-06-17T10:05:28.907+0800][9.700s][info][gc             ] GC(387) Pause Young (Allocation Failure) 45M->42M(57M) 2.453ms
[2026-06-17T10:05:28.907+0800][9.700s][info][gc,cpu         ] GC(387) User=0.00s Sys=0.01s Real=0.00s
[2026-06-17T10:05:28.928+0800][9.721s][info][gc,start       ] GC(388) Pause Young (Allocation Failure)
[2026-06-17T10:05:28.929+0800][9.722s][info][gc,heap        ] GC(388) PSYoungGen: 14220K(14336K)->4050K(14336K) Eden: 7144K(7168K)->0K(7168K) From: 7075K(7168K)->4050K(7168K)
[2026-06-17T10:05:28.930+0800][9.723s][info][gc,heap        ] GC(388) ParOldGen: 35996K(44032K)->39225K(44032K)
[2026-06-17T10:05:28.930+0800][9.723s][info][gc,metaspace   ] GC(388) Metaspace: 114K(320K)->114K(320K) NonClass: 107K(192K)->107K(192K) Class: 7K(128K)->7K(128K)
[2026-06-17T10:05:28.930+0800][9.723s][info][gc             ] GC(388) Pause Young (Allocation Failure) 49M->42M(57M) 2.023ms
[2026-06-17T10:05:28.931+0800][9.723s][info][gc,cpu         ] GC(388) User=0.00s Sys=0.00s Real=0.01s
[2026-06-17T10:05:28.952+0800][9.744s][info][gc,start       ] GC(389) Pause Full (Allocation Failure)
[2026-06-17T10:05:28.952+0800][9.745s][info][gc,phases,start] GC(389) Marking Phase
[2026-06-17T10:05:28.953+0800][9.746s][info][gc,phases      ] GC(389) Marking Phase 0.972ms
[2026-06-17T10:05:28.953+0800][9.746s][info][gc,phases,start] GC(389) Summary Phase
[2026-06-17T10:05:28.953+0800][9.746s][info][gc,phases      ] GC(389) Summary Phase 0.192ms
[2026-06-17T10:05:28.954+0800][9.746s][info][gc,phases,start] GC(389) Forward
[2026-06-17T10:05:28.954+0800][9.747s][info][gc,phases      ] GC(389) Forward 0.276ms
[2026-06-17T10:05:28.954+0800][9.747s][info][gc,phases,start] GC(389) Adjust Pointers
[2026-06-17T10:05:28.955+0800][9.747s][info][gc,phases      ] GC(389) Adjust Pointers 0.585ms
[2026-06-17T10:05:28.955+0800][9.748s][info][gc,phases,start] GC(389) Compaction Phase
[2026-06-17T10:05:28.956+0800][9.749s][info][gc,phases      ] GC(389) Compaction Phase 1.501ms
[2026-06-17T10:05:28.957+0800][9.750s][info][gc,phases,start] GC(389) Post Compact
[2026-06-17T10:05:28.957+0800][9.750s][info][gc,phases      ] GC(389) Post Compact 0.219ms
[2026-06-17T10:05:28.957+0800][9.750s][info][gc,heap        ] GC(389) PSYoungGen: 11200K(14336K)->0K(14336K) Eden: 7149K(7168K)->0K(7168K) From: 4050K(7168K)->0K(7168K)
[2026-06-17T10:05:28.957+0800][9.750s][info][gc,heap        ] GC(389) ParOldGen: 39225K(44032K)->24038K(44032K)
[2026-06-17T10:05:28.958+0800][9.750s][info][gc,metaspace   ] GC(389) Metaspace: 114K(320K)->114K(320K) NonClass: 107K(192K)->107K(192K) Class: 7K(128K)->7K(128K)
[2026-06-17T10:05:28.958+0800][9.751s][info][gc             ] GC(389) Pause Full (Allocation Failure) 49M->23M(57M) 6.203ms
[2026-06-17T10:05:28.958+0800][9.751s][info][gc,cpu         ] GC(389) User=0.01s Sys=0.00s Real=0.00s
[2026-06-17T10:05:28.969+0800][9.762s][info][gc,start       ] GC(390) Pause Young (Allocation Failure)
[2026-06-17T10:05:28.970+0800][9.763s][info][gc,heap        ] GC(390) PSYoungGen: 7134K(14336K)->7151K(14336K) Eden: 7134K(7168K)->0K(7168K) From: 0K(7168K)->7151K(7168K)
[2026-06-17T10:05:28.970+0800][9.763s][info][gc,heap        ] GC(390) ParOldGen: 24038K(44032K)->24038K(44032K)
[2026-06-17T10:05:28.970+0800][9.763s][info][gc,metaspace   ] GC(390) Metaspace: 114K(320K)->114K(320K) NonClass: 107K(192K)->107K(192K) Class: 7K(128K)->7K(128K)
[2026-06-17T10:05:28.971+0800][9.763s][info][gc             ] GC(390) Pause Young (Allocation Failure) 30M->30M(57M) 1.551ms
[2026-06-17T10:05:28.971+0800][9.764s][info][gc,cpu         ] GC(390) User=0.00s Sys=0.00s Real=0.01s
[2026-06-17T10:05:28.992+0800][9.784s][info][gc,start       ] GC(391) Pause Young (Allocation Failure)
[2026-06-17T10:05:28.993+0800][9.785s][info][gc,heap        ] GC(391) PSYoungGen: 14289K(14336K)->7119K(14336K) Eden: 7137K(7168K)->0K(7168K) From: 7151K(7168K)->7119K(7168K)
[2026-06-17T10:05:28.993+0800][9.786s][info][gc,heap        ] GC(391) ParOldGen: 24038K(44032K)->24414K(44032K)
[2026-06-17T10:05:28.993+0800][9.786s][info][gc,metaspace   ] GC(391) Metaspace: 114K(320K)->114K(320K) NonClass: 107K(192K)->107K(192K) Class: 7K(128K)->7K(128K)
[2026-06-17T10:05:28.993+0800][9.786s][info][gc             ] GC(391) Pause Young (Allocation Failure) 37M->30M(57M) 1.645ms
[2026-06-17T10:05:28.994+0800][9.786s][info][gc,cpu         ] GC(391) User=0.00s Sys=0.00s Real=0.00s
[2026-06-17T10:05:29.014+0800][9.807s][info][gc,start       ] GC(392) Pause Young (Allocation Failure)
[2026-06-17T10:05:29.016+0800][9.808s][info][gc,heap        ] GC(392) PSYoungGen: 14287K(14336K)->2944K(14336K) Eden: 7168K(7168K)->0K(7168K) From: 7119K(7168K)->2944K(7168K)
[2026-06-17T10:05:29.016+0800][9.809s][info][gc,heap        ] GC(392) ParOldGen: 24414K(44032K)->28569K(44032K)
[2026-06-17T10:05:29.016+0800][9.809s][info][gc,metaspace   ] GC(392) Metaspace: 114K(320K)->114K(320K) NonClass: 107K(192K)->107K(192K) Class: 7K(128K)->7K(128K)
[2026-06-17T10:05:29.016+0800][9.809s][info][gc             ] GC(392) Pause Young (Allocation Failure) 37M->30M(57M) 1.855ms
[2026-06-17T10:05:29.017+0800][9.809s][info][gc,cpu         ] GC(392) User=0.00s Sys=0.00s Real=0.00s
[2026-06-17T10:05:29.027+0800][9.820s][info][gc,start       ] GC(393) Pause Young (Allocation Failure)
[2026-06-17T10:05:29.029+0800][9.822s][info][gc,heap        ] GC(393) PSYoungGen: 9839K(14336K)->2911K(14336K) Eden: 6895K(7168K)->0K(7168K) From: 2944K(7168K)->2911K(7168K)
[2026-06-17T10:05:29.029+0800][9.822s][info][gc,heap        ] GC(393) ParOldGen: 28569K(44032K)->28569K(44032K)
[2026-06-17T10:05:29.032+0800][9.825s][info][gc,metaspace   ] GC(393) Metaspace: 114K(320K)->114K(320K) NonClass: 107K(192K)->107K(192K) Class: 7K(128K)->7K(128K)
[2026-06-17T10:05:29.033+0800][9.826s][info][gc             ] GC(393) Pause Young (Allocation Failure) 37M->30M(57M) 5.256ms
[2026-06-17T10:05:29.033+0800][9.826s][info][gc,cpu         ] GC(393) User=0.00s Sys=0.00s Real=0.01s
[2026-06-17T10:05:29.055+0800][9.848s][info][gc,start       ] GC(394) Pause Young (Allocation Failure)
[2026-06-17T10:05:29.057+0800][9.849s][info][gc,heap        ] GC(394) PSYoungGen: 10060K(14336K)->3627K(14336K) Eden: 7149K(7168K)->0K(7168K) From: 2911K(7168K)->3627K(7168K)
[2026-06-17T10:05:29.058+0800][9.851s][info][gc,heap        ] GC(394) ParOldGen: 28569K(44032K)->31465K(44032K)
[2026-06-17T10:05:29.058+0800][9.851s][info][gc,metaspace   ] GC(394) Metaspace: 114K(320K)->114K(320K) NonClass: 107K(192K)->107K(192K) Class: 7K(128K)->7K(128K)
[2026-06-17T10:05:29.058+0800][9.851s][info][gc             ] GC(394) Pause Young (Allocation Failure) 37M->34M(57M) 2.948ms
[2026-06-17T10:05:29.059+0800][9.851s][info][gc,cpu         ] GC(394) User=0.01s Sys=0.00s Real=0.00s
[2026-06-17T10:05:29.080+0800][9.873s][info][gc,start       ] GC(395) Pause Young (Allocation Failure)
[2026-06-17T10:05:29.082+0800][9.875s][info][gc,heap        ] GC(395) PSYoungGen: 10782K(14336K)->3845K(14336K) Eden: 7154K(7168K)->0K(7168K) From: 3627K(7168K)->3845K(7168K)
[2026-06-17T10:05:29.083+0800][9.875s][info][gc,heap        ] GC(395) ParOldGen: 31465K(44032K)->31465K(44032K)
[2026-06-17T10:05:29.083+0800][9.876s][info][gc,metaspace   ] GC(395) Metaspace: 114K(320K)->114K(320K) NonClass: 107K(192K)->107K(192K) Class: 7K(128K)->7K(128K)
[2026-06-17T10:05:29.083+0800][9.876s][info][gc             ] GC(395) Pause Young (Allocation Failure) 41M->34M(57M) 3.356ms
[2026-06-17T10:05:29.083+0800][9.876s][info][gc,cpu         ] GC(395) User=0.00s Sys=0.00s Real=0.01s
[2026-06-17T10:05:29.105+0800][9.897s][info][gc,start       ] GC(396) Pause Young (Allocation Failure)
[2026-06-17T10:05:29.105+0800][9.898s][info][gc,heap        ] GC(396) PSYoungGen: 10999K(14336K)->627K(14336K) Eden: 7154K(7168K)->0K(7168K) From: 3845K(7168K)->627K(7168K)
[2026-06-17T10:05:29.106+0800][9.898s][info][gc,heap        ] GC(396) ParOldGen: 31465K(44032K)->34990K(44032K)
[2026-06-17T10:05:29.106+0800][9.899s][info][gc,metaspace   ] GC(396) Metaspace: 114K(320K)->114K(320K) NonClass: 107K(192K)->107K(192K) Class: 7K(128K)->7K(128K)
[2026-06-17T10:05:29.106+0800][9.899s][info][gc             ] GC(396) Pause Young (Allocation Failure) 41M->34M(57M) 1.489ms
[2026-06-17T10:05:29.106+0800][9.899s][info][gc,cpu         ] GC(396) User=0.00s Sys=0.00s Real=0.00s
[2026-06-17T10:05:29.117+0800][9.910s][info][gc,start       ] GC(397) Pause Young (Allocation Failure)
[2026-06-17T10:05:29.118+0800][9.911s][info][gc,heap        ] GC(397) PSYoungGen: 7770K(14336K)->4479K(14336K) Eden: 7143K(7168K)->0K(7168K) From: 627K(7168K)->4479K(7168K)
[2026-06-17T10:05:29.119+0800][9.912s][info][gc,heap        ] GC(397) ParOldGen: 34990K(44032K)->34990K(44032K)
[2026-06-17T10:05:29.119+0800][9.912s][info][gc,metaspace   ] GC(397) Metaspace: 114K(320K)->114K(320K) NonClass: 107K(192K)->107K(192K) Class: 7K(128K)->7K(128K)
[2026-06-17T10:05:29.119+0800][9.912s][info][gc             ] GC(397) Pause Young (Allocation Failure) 41M->38M(57M) 1.930ms
[2026-06-17T10:05:29.119+0800][9.912s][info][gc,cpu         ] GC(397) User=0.00s Sys=0.00s Real=0.00s
[2026-06-17T10:05:29.143+0800][9.936s][info][gc,start       ] GC(398) Pause Young (Allocation Failure)
[2026-06-17T10:05:29.145+0800][9.938s][info][gc,heap        ] GC(398) PSYoungGen: 11631K(14336K)->2851K(14336K) Eden: 7152K(7168K)->0K(7168K) From: 4479K(7168K)->2851K(7168K)
[2026-06-17T10:05:29.146+0800][9.938s][info][gc,heap        ] GC(398) ParOldGen: 34990K(44032K)->36772K(44032K)
[2026-06-17T10:05:29.146+0800][9.939s][info][gc,metaspace   ] GC(398) Metaspace: 114K(320K)->114K(320K) NonClass: 107K(192K)->107K(192K) Class: 7K(128K)->7K(128K)
[2026-06-17T10:05:29.147+0800][9.939s][info][gc             ] GC(398) Pause Young (Allocation Failure) 45M->38M(57M) 3.324ms
[2026-06-17T10:05:29.147+0800][9.940s][info][gc,cpu         ] GC(398) User=0.00s Sys=0.00s Real=0.00s
[2026-06-17T10:05:29.170+0800][9.962s][info][gc,start       ] GC(399) Pause Young (Allocation Failure)
[2026-06-17T10:05:29.172+0800][9.964s][info][gc,heap        ] GC(399) PSYoungGen: 9965K(14336K)->3031K(14336K) Eden: 7114K(7168K)->0K(7168K) From: 2851K(7168K)->3031K(7168K)
[2026-06-17T10:05:29.173+0800][9.965s][info][gc,heap        ] GC(399) ParOldGen: 36772K(44032K)->36772K(44032K)
[2026-06-17T10:05:29.173+0800][9.966s][info][gc,metaspace   ] GC(399) Metaspace: 114K(320K)->114K(320K) NonClass: 107K(192K)->107K(192K) Class: 7K(128K)->7K(128K)
[2026-06-17T10:05:29.174+0800][9.967s][info][gc             ] GC(399) Pause Young (Allocation Failure) 45M->38M(57M) 4.775ms
[2026-06-17T10:05:29.175+0800][9.968s][info][gc,cpu         ] GC(399) User=0.00s Sys=0.00s Real=0.01s
[2026-06-17T10:05:29.187+0800][9.980s][info][gc,start       ] GC(400) Pause Young (Allocation Failure)
[2026-06-17T10:05:29.189+0800][9.982s][info][gc,heap        ] GC(400) PSYoungGen: 10029K(14336K)->916K(14336K) Eden: 6997K(7168K)->0K(7168K) From: 3031K(7168K)->916K(7168K)
[2026-06-17T10:05:29.190+0800][9.983s][info][gc,heap        ] GC(400) ParOldGen: 36772K(44032K)->38880K(44032K)
[2026-06-17T10:05:29.191+0800][9.984s][info][gc,metaspace   ] GC(400) Metaspace: 114K(320K)->114K(320K) NonClass: 107K(192K)->107K(192K) Class: 7K(128K)->7K(128K)
[2026-06-17T10:05:29.192+0800][9.985s][info][gc             ] GC(400) Pause Young (Allocation Failure) 45M->38M(57M) 4.630ms
[2026-06-17T10:05:29.193+0800][9.986s][info][gc,cpu         ] GC(400) User=0.00s Sys=0.00s Real=0.01s
[2026-06-17T10:05:29.215+0800][10.008s][info][gc,start       ] GC(401) Pause Full (Allocation Failure)
[2026-06-17T10:05:29.219+0800][10.012s][info][gc,phases,start] GC(401) Marking Phase
[2026-06-17T10:05:29.223+0800][10.016s][info][gc,phases      ] GC(401) Marking Phase 4.232ms
[2026-06-17T10:05:29.225+0800][10.018s][info][gc,phases,start] GC(401) Summary Phase
[2026-06-17T10:05:29.227+0800][10.020s][info][gc,phases      ] GC(401) Summary Phase 1.588ms
[2026-06-17T10:05:29.227+0800][10.020s][info][gc,phases,start] GC(401) Forward
[2026-06-17T10:05:29.228+0800][10.021s][info][gc,phases      ] GC(401) Forward 0.715ms
[2026-06-17T10:05:29.229+0800][10.022s][info][gc,phases,start] GC(401) Adjust Pointers
[2026-06-17T10:05:29.231+0800][10.023s][info][gc,phases      ] GC(401) Adjust Pointers 1.760ms
[2026-06-17T10:05:29.231+0800][10.024s][info][gc,phases,start] GC(401) Compaction Phase
[2026-06-17T10:05:29.234+0800][10.027s][info][gc,phases      ] GC(401) Compaction Phase 2.795ms
[2026-06-17T10:05:29.235+0800][10.028s][info][gc,phases,start] GC(401) Post Compact
[2026-06-17T10:05:29.235+0800][10.028s][info][gc,phases      ] GC(401) Post Compact 0.614ms
[2026-06-17T10:05:29.236+0800][10.029s][info][gc,heap        ] GC(401) PSYoungGen: 8045K(14336K)->0K(14336K) Eden: 7129K(7168K)->0K(7168K) From: 916K(7168K)->0K(7168K)
[2026-06-17T10:05:29.237+0800][10.029s][info][gc,heap        ] GC(401) ParOldGen: 38880K(44032K)->29676K(44032K)
[2026-06-17T10:05:29.237+0800][10.030s][info][gc,metaspace   ] GC(401) Metaspace: 114K(320K)->114K(320K) NonClass: 107K(192K)->107K(192K) Class: 7K(128K)->7K(128K)
[2026-06-17T10:05:29.238+0800][10.030s][info][gc             ] GC(401) Pause Full (Allocation Failure) 45M->28M(57M) 22.364ms
[2026-06-17T10:05:29.238+0800][10.031s][info][gc,cpu         ] GC(401) User=0.01s Sys=0.00s Real=0.02s
[2026-06-17T10:05:29.250+0800][10.043s][info][gc,start       ] GC(402) Pause Young (Allocation Failure)
[2026-06-17T10:05:29.252+0800][10.045s][info][gc,heap        ] GC(402) PSYoungGen: 6404K(14336K)->2665K(14336K) Eden: 6404K(7168K)->0K(7168K) From: 0K(7168K)->2665K(7168K)
[2026-06-17T10:05:29.252+0800][10.045s][info][gc,heap        ] GC(402) ParOldGen: 29676K(44032K)->29676K(44032K)
[2026-06-17T10:05:29.253+0800][10.046s][info][gc,metaspace   ] GC(402) Metaspace: 114K(320K)->114K(320K) NonClass: 107K(192K)->107K(192K) Class: 7K(128K)->7K(128K)
[2026-06-17T10:05:29.254+0800][10.046s][info][gc             ] GC(402) Pause Young (Allocation Failure) 35M->31M(57M) 3.639ms
[2026-06-17T10:05:29.254+0800][10.047s][info][gc,cpu         ] GC(402) User=0.00s Sys=0.00s Real=0.01s
[2026-06-17T10:05:29.276+0800][10.069s][info][gc,start       ] GC(403) Pause Young (Allocation Failure)
[2026-06-17T10:05:29.279+0800][10.071s][info][gc,heap        ] GC(403) PSYoungGen: 9824K(14336K)->3660K(14336K) Eden: 7159K(7168K)->0K(7168K) From: 2665K(7168K)->3660K(7168K)
[2026-06-17T10:05:29.279+0800][10.072s][info][gc,heap        ] GC(403) ParOldGen: 29676K(44032K)->32303K(44032K)
[2026-06-17T10:05:29.280+0800][10.073s][info][gc,metaspace   ] GC(403) Metaspace: 114K(320K)->114K(320K) NonClass: 107K(192K)->107K(192K) Class: 7K(128K)->7K(128K)
[2026-06-17T10:05:29.280+0800][10.073s][info][gc             ] GC(403) Pause Young (Allocation Failure) 38M->35M(57M) 3.986ms
[2026-06-17T10:05:29.281+0800][10.073s][info][gc,cpu         ] GC(403) User=0.00s Sys=0.00s Real=0.00s
[2026-06-17T10:05:29.303+0800][10.096s][info][gc,start       ] GC(404) Pause Young (Allocation Failure)
[2026-06-17T10:05:29.304+0800][10.097s][info][gc,heap        ] GC(404) PSYoungGen: 10823K(14336K)->3674K(14336K) Eden: 7162K(7168K)->0K(7168K) From: 3660K(7168K)->3674K(7168K)
[2026-06-17T10:05:29.305+0800][10.098s][info][gc,heap        ] GC(404) ParOldGen: 32303K(44032K)->32303K(44032K)
[2026-06-17T10:05:29.305+0800][10.098s][info][gc,metaspace   ] GC(404) Metaspace: 114K(320K)->114K(320K) NonClass: 107K(192K)->107K(192K) Class: 7K(128K)->7K(128K)
[2026-06-17T10:05:29.306+0800][10.099s][info][gc             ] GC(404) Pause Young (Allocation Failure) 42M->35M(57M) 2.858ms
[2026-06-17T10:05:29.306+0800][10.099s][info][gc,cpu         ] GC(404) User=0.00s Sys=0.01s Real=0.00s
[2026-06-17T10:05:29.328+0800][10.121s][info][gc,start       ] GC(405) Pause Young (Allocation Failure)
[2026-06-17T10:05:29.329+0800][10.122s][info][gc,heap        ] GC(405) PSYoungGen: 10810K(14336K)->4171K(14336K) Eden: 7136K(7168K)->0K(7168K) From: 3674K(7168K)->4171K(7168K)
[2026-06-17T10:05:29.329+0800][10.122s][info][gc,heap        ] GC(405) ParOldGen: 32303K(44032K)->32303K(44032K)
[2026-06-17T10:05:29.330+0800][10.122s][info][gc,metaspace   ] GC(405) Metaspace: 114K(320K)->114K(320K) NonClass: 107K(192K)->107K(192K) Class: 7K(128K)->7K(128K)
[2026-06-17T10:05:29.330+0800][10.123s][info][gc             ] GC(405) Pause Young (Allocation Failure) 42M->35M(57M) 1.986ms
[2026-06-17T10:05:29.330+0800][10.123s][info][gc,cpu         ] GC(405) User=0.00s Sys=0.00s Real=0.00s
[2026-06-17T10:05:29.341+0800][10.134s][info][gc,start       ] GC(406) Pause Young (Allocation Failure)
[2026-06-17T10:05:29.342+0800][10.135s][info][gc,heap        ] GC(406) PSYoungGen: 11326K(14336K)->7129K(14336K) Eden: 7155K(7168K)->0K(7168K) From: 4171K(7168K)->7129K(7168K)
[2026-06-17T10:05:29.343+0800][10.135s][info][gc,heap        ] GC(406) ParOldGen: 32303K(44032K)->32932K(44032K)
[2026-06-17T10:05:29.343+0800][10.136s][info][gc,metaspace   ] GC(406) Metaspace: 114K(320K)->114K(320K) NonClass: 107K(192K)->107K(192K) Class: 7K(128K)->7K(128K)
[2026-06-17T10:05:29.343+0800][10.136s][info][gc             ] GC(406) Pause Young (Allocation Failure) 42M->39M(57M) 1.963ms
[2026-06-17T10:05:29.343+0800][10.136s][info][gc,cpu         ] GC(406) User=0.00s Sys=0.00s Real=0.01s
[2026-06-17T10:05:29.365+0800][10.158s][info][gc,start       ] GC(407) Pause Young (Allocation Failure)
[2026-06-17T10:05:29.367+0800][10.160s][info][gc,heap        ] GC(407) PSYoungGen: 14291K(14336K)->5173K(14336K) Eden: 7162K(7168K)->0K(7168K) From: 7129K(7168K)->5173K(7168K)
[2026-06-17T10:05:29.368+0800][10.160s][info][gc,heap        ] GC(407) ParOldGen: 32932K(44032K)->35303K(44032K)
[2026-06-17T10:05:29.368+0800][10.161s][info][gc,metaspace   ] GC(407) Metaspace: 114K(320K)->114K(320K) NonClass: 107K(192K)->107K(192K) Class: 7K(128K)->7K(128K)
[2026-06-17T10:05:29.368+0800][10.161s][info][gc             ] GC(407) Pause Young (Allocation Failure) 46M->39M(57M) 3.584ms
[2026-06-17T10:05:29.369+0800][10.161s][info][gc,cpu         ] GC(407) User=0.00s Sys=0.00s Real=0.00s
[2026-06-17T10:05:29.390+0800][10.183s][info][gc,start       ] GC(408) Pause Young (Allocation Failure)
[2026-06-17T10:05:29.392+0800][10.185s][info][gc,heap        ] GC(408) PSYoungGen: 12331K(14336K)->3731K(14336K) Eden: 7158K(7168K)->0K(7168K) From: 5173K(7168K)->3731K(7168K)
[2026-06-17T10:05:29.392+0800][10.185s][info][gc,heap        ] GC(408) ParOldGen: 35303K(44032K)->37127K(44032K)
[2026-06-17T10:05:29.393+0800][10.186s][info][gc,metaspace   ] GC(408) Metaspace: 114K(320K)->114K(320K) NonClass: 107K(192K)->107K(192K) Class: 7K(128K)->7K(128K)
[2026-06-17T10:05:29.393+0800][10.186s][info][gc             ] GC(408) Pause Young (Allocation Failure) 46M->39M(57M) 3.048ms
[2026-06-17T10:05:29.394+0800][10.186s][info][gc,cpu         ] GC(408) User=0.00s Sys=0.00s Real=0.01s
[2026-06-17T10:05:29.415+0800][10.208s][info][gc,start       ] GC(409) Pause Young (Allocation Failure)
[2026-06-17T10:05:29.418+0800][10.210s][info][gc,heap        ] GC(409) PSYoungGen: 10899K(14336K)->2244K(14336K) Eden: 7168K(7168K)->0K(7168K) From: 3731K(7168K)->2244K(7168K)
[2026-06-17T10:05:29.418+0800][10.211s][info][gc,heap        ] GC(409) ParOldGen: 37127K(44032K)->39309K(44032K)
[2026-06-17T10:05:29.419+0800][10.211s][info][gc,metaspace   ] GC(409) Metaspace: 114K(320K)->114K(320K) NonClass: 107K(192K)->107K(192K) Class: 7K(128K)->7K(128K)
[2026-06-17T10:05:29.419+0800][10.212s][info][gc             ] GC(409) Pause Young (Allocation Failure) 46M->40M(57M) 3.664ms
[2026-06-17T10:05:29.420+0800][10.213s][info][gc,cpu         ] GC(409) User=0.00s Sys=0.00s Real=0.00s
[2026-06-17T10:05:29.442+0800][10.235s][info][gc,start       ] GC(410) Pause Young (Allocation Failure)
[2026-06-17T10:05:29.444+0800][10.237s][info][gc,heap        ] GC(410) PSYoungGen: 9404K(14336K)->2747K(14336K) Eden: 7159K(7168K)->0K(7168K) From: 2244K(7168K)->2747K(7168K)
[2026-06-17T10:05:29.444+0800][10.237s][info][gc,heap        ] GC(410) ParOldGen: 39309K(44032K)->39309K(44032K)
[2026-06-17T10:05:29.445+0800][10.238s][info][gc,metaspace   ] GC(410) Metaspace: 114K(320K)->114K(320K) NonClass: 107K(192K)->107K(192K) Class: 7K(128K)->7K(128K)
[2026-06-17T10:05:29.446+0800][10.239s][info][gc             ] GC(410) Pause Young (Allocation Failure) 47M->41M(57M) 3.739ms
[2026-06-17T10:05:29.447+0800][10.239s][info][gc,cpu         ] GC(410) User=0.00s Sys=0.00s Real=0.01s
[2026-06-17T10:05:29.459+0800][10.251s][info][gc,start       ] GC(411) Pause Young (Allocation Failure)
[2026-06-17T10:05:29.461+0800][10.253s][info][gc,heap        ] GC(411) PSYoungGen: 9915K(14336K)->4260K(14336K) Eden: 7168K(7168K)->0K(7168K) From: 2747K(7168K)->4260K(7168K)
[2026-06-17T10:05:29.461+0800][10.254s][info][gc,heap        ] GC(411) ParOldGen: 39309K(44032K)->41356K(44032K)
[2026-06-17T10:05:29.462+0800][10.254s][info][gc,metaspace   ] GC(411) Metaspace: 114K(320K)->114K(320K) NonClass: 107K(192K)->107K(192K) Class: 7K(128K)->7K(128K)
[2026-06-17T10:05:29.462+0800][10.255s][info][gc             ] GC(411) Pause Young (Allocation Failure) 48M->44M(57M) 3.524ms
[2026-06-17T10:05:29.463+0800][10.255s][info][gc,cpu         ] GC(411) User=0.00s Sys=0.00s Real=0.01s
[2026-06-17T10:05:29.485+0800][10.278s][info][gc,start       ] GC(412) Pause Full (Allocation Failure)
[2026-06-17T10:05:29.486+0800][10.279s][info][gc,phases,start] GC(412) Marking Phase
[2026-06-17T10:05:29.489+0800][10.282s][info][gc,phases      ] GC(412) Marking Phase 2.973ms
[2026-06-17T10:05:29.489+0800][10.282s][info][gc,phases,start] GC(412) Summary Phase
[2026-06-17T10:05:29.490+0800][10.283s][info][gc,phases      ] GC(412) Summary Phase 0.535ms
[2026-06-17T10:05:29.490+0800][10.283s][info][gc,phases,start] GC(412) Forward
[2026-06-17T10:05:29.491+0800][10.284s][info][gc,phases      ] GC(412) Forward 0.642ms
[2026-06-17T10:05:29.491+0800][10.284s][info][gc,phases,start] GC(412) Adjust Pointers
[2026-06-17T10:05:29.492+0800][10.285s][info][gc,phases      ] GC(412) Adjust Pointers 1.123ms
[2026-06-17T10:05:29.493+0800][10.286s][info][gc,phases,start] GC(412) Compaction Phase
[2026-06-17T10:05:29.495+0800][10.288s][info][gc,phases      ] GC(412) Compaction Phase 2.528ms
[2026-06-17T10:05:29.496+0800][10.289s][info][gc,phases,start] GC(412) Post Compact
[2026-06-17T10:05:29.496+0800][10.289s][info][gc,phases      ] GC(412) Post Compact 0.382ms
[2026-06-17T10:05:29.497+0800][10.289s][info][gc,heap        ] GC(412) PSYoungGen: 11402K(14336K)->0K(14336K) Eden: 7141K(7168K)->0K(7168K) From: 4260K(7168K)->0K(7168K)
[2026-06-17T10:05:29.497+0800][10.290s][info][gc,heap        ] GC(412) ParOldGen: 41356K(44032K)->32852K(44032K)
[2026-06-17T10:05:29.497+0800][10.290s][info][gc,metaspace   ] GC(412) Metaspace: 114K(320K)->114K(320K) NonClass: 107K(192K)->107K(192K) Class: 7K(128K)->7K(128K)
[2026-06-17T10:05:29.497+0800][10.290s][info][gc             ] GC(412) Pause Full (Allocation Failure) 51M->32M(57M) 12.044ms
[2026-06-17T10:05:29.497+0800][10.290s][info][gc,cpu         ] GC(412) User=0.01s Sys=0.00s Real=0.01s
[2026-06-17T10:05:29.508+0800][10.301s][info][gc,start       ] GC(413) Pause Young (Allocation Failure)
[2026-06-17T10:05:29.510+0800][10.303s][info][gc,heap        ] GC(413) PSYoungGen: 7168K(14336K)->7029K(14336K) Eden: 7168K(7168K)->0K(7168K) From: 0K(7168K)->7029K(7168K)
[2026-06-17T10:05:29.511+0800][10.304s][info][gc,heap        ] GC(413) ParOldGen: 32852K(44032K)->33061K(44032K)
[2026-06-17T10:05:29.511+0800][10.304s][info][gc,metaspace   ] GC(413) Metaspace: 114K(320K)->114K(320K) NonClass: 107K(192K)->107K(192K) Class: 7K(128K)->7K(128K)
[2026-06-17T10:05:29.543+0800][10.336s][info][gc             ] GC(413) Pause Young (Allocation Failure) 39M->39M(57M) 34.328ms
[2026-06-17T10:05:29.545+0800][10.338s][info][gc,cpu         ] GC(413) User=0.00s Sys=0.00s Real=0.04s
[2026-06-17T10:05:29.571+0800][10.364s][info][gc,start       ] GC(414) Pause Young (Allocation Failure)
[2026-06-17T10:05:29.586+0800][10.379s][info][gc,heap        ] GC(414) PSYoungGen: 14143K(14336K)->3893K(14336K) Eden: 7114K(7168K)->0K(7168K) From: 7029K(7168K)->3893K(7168K)
[2026-06-17T10:05:29.589+0800][10.382s][info][gc,heap        ] GC(414) ParOldGen: 33061K(44032K)->33061K(44032K)
[2026-06-17T10:05:29.592+0800][10.385s][info][gc,metaspace   ] GC(414) Metaspace: 114K(320K)->114K(320K) NonClass: 107K(192K)->107K(192K) Class: 7K(128K)->7K(128K)
[2026-06-17T10:05:29.596+0800][10.389s][info][gc             ] GC(414) Pause Young (Allocation Failure) 46M->36M(57M) 24.930ms
[2026-06-17T10:05:29.599+0800][10.392s][info][gc,cpu         ] GC(414) User=0.01s Sys=0.00s Real=0.02s
[2026-06-17T10:05:29.624+0800][10.417s][info][gc,start       ] GC(415) Pause Young (Allocation Failure)
[2026-06-17T10:05:29.639+0800][10.432s][info][gc,heap        ] GC(415) PSYoungGen: 11021K(14336K)->3664K(14336K) Eden: 7128K(7168K)->0K(7168K) From: 3893K(7168K)->3664K(7168K)
[2026-06-17T10:05:29.640+0800][10.433s][info][gc,heap        ] GC(415) ParOldGen: 33061K(44032K)->36928K(44032K)
[2026-06-17T10:05:29.644+0800][10.437s][info][gc,metaspace   ] GC(415) Metaspace: 114K(320K)->114K(320K) NonClass: 107K(192K)->107K(192K) Class: 7K(128K)->7K(128K)
[2026-06-17T10:05:29.645+0800][10.438s][info][gc             ] GC(415) Pause Young (Allocation Failure) 43M->39M(57M) 21.433ms
[2026-06-17T10:05:29.646+0800][10.438s][info][gc,cpu         ] GC(415) User=0.00s Sys=0.00s Real=0.02s
[2026-06-17T10:05:29.663+0800][10.456s][info][gc,start       ] GC(416) Pause Young (Allocation Failure)
[2026-06-17T10:05:29.664+0800][10.457s][info][gc,heap        ] GC(416) PSYoungGen: 10589K(14336K)->3319K(14336K) Eden: 6925K(7168K)->0K(7168K) From: 3664K(7168K)->3319K(7168K)
[2026-06-17T10:05:29.664+0800][10.457s][info][gc,heap        ] GC(416) ParOldGen: 36928K(44032K)->36928K(44032K)
[2026-06-17T10:05:29.665+0800][10.457s][info][gc,metaspace   ] GC(416) Metaspace: 114K(320K)->114K(320K) NonClass: 107K(192K)->107K(192K) Class: 7K(128K)->7K(128K)
[2026-06-17T10:05:29.665+0800][10.458s][info][gc             ] GC(416) Pause Young (Allocation Failure) 46M->39M(57M) 1.612ms
[2026-06-17T10:05:29.665+0800][10.458s][info][gc,cpu         ] GC(416) User=0.00s Sys=0.00s Real=0.00s
[2026-06-17T10:05:29.696+0800][10.489s][info][gc,start       ] GC(417) Pause Young (Allocation Failure)
[2026-06-17T10:05:29.698+0800][10.491s][info][gc,heap        ] GC(417) PSYoungGen: 10452K(14336K)->4105K(14336K) Eden: 7132K(7168K)->0K(7168K) From: 3319K(7168K)->4105K(7168K)
[2026-06-17T10:05:29.699+0800][10.491s][info][gc,heap        ] GC(417) ParOldGen: 36928K(44032K)->36928K(44032K)
[2026-06-17T10:05:29.699+0800][10.492s][info][gc,metaspace   ] GC(417) Metaspace: 114K(320K)->114K(320K) NonClass: 107K(192K)->107K(192K) Class: 7K(128K)->7K(128K)
[2026-06-17T10:05:29.701+0800][10.493s][info][gc             ] GC(417) Pause Young (Allocation Failure) 46M->40M(57M) 4.258ms
[2026-06-17T10:05:29.701+0800][10.494s][info][gc,cpu         ] GC(417) User=0.00s Sys=0.00s Real=0.00s
[2026-06-17T10:05:29.713+0800][10.505s][info][gc,start       ] GC(418) Pause Young (Allocation Failure)
[2026-06-17T10:05:29.714+0800][10.507s][info][gc,heap        ] GC(418) PSYoungGen: 11269K(14336K)->6986K(14336K) Eden: 7164K(7168K)->0K(7168K) From: 4105K(7168K)->6986K(7168K)
[2026-06-17T10:05:29.714+0800][10.507s][info][gc,heap        ] GC(418) ParOldGen: 36928K(44032K)->37519K(44032K)
[2026-06-17T10:05:29.714+0800][10.507s][info][gc,metaspace   ] GC(418) Metaspace: 114K(320K)->114K(320K) NonClass: 107K(192K)->107K(192K) Class: 7K(128K)->7K(128K)
[2026-06-17T10:05:29.715+0800][10.508s][info][gc             ] GC(418) Pause Young (Allocation Failure) 47M->43M(57M) 2.369ms
[2026-06-17T10:05:29.715+0800][10.508s][info][gc,cpu         ] GC(418) User=0.01s Sys=0.00s Real=0.00s
[2026-06-17T10:05:29.737+0800][10.530s][info][gc,start       ] GC(419) Pause Young (Allocation Failure)
[2026-06-17T10:05:29.741+0800][10.534s][info][gc,heap        ] GC(419) PSYoungGen: 14144K(14336K)->4642K(14336K) Eden: 7157K(7168K)->0K(7168K) From: 6986K(7168K)->4642K(7168K)
[2026-06-17T10:05:29.742+0800][10.535s][info][gc,heap        ] GC(419) ParOldGen: 37519K(44032K)->40467K(44032K)
[2026-06-17T10:05:29.743+0800][10.535s][info][gc,metaspace   ] GC(419) Metaspace: 114K(320K)->114K(320K) NonClass: 107K(192K)->107K(192K) Class: 7K(128K)->7K(128K)
[2026-06-17T10:05:29.744+0800][10.537s][info][gc             ] GC(419) Pause Young (Allocation Failure) 50M->44M(57M) 6.783ms
[2026-06-17T10:05:29.746+0800][10.538s][info][gc,cpu         ] GC(419) User=0.00s Sys=0.00s Real=0.01s
[2026-06-17T10:05:29.768+0800][10.560s][info][gc,start       ] GC(420) Pause Full (Allocation Failure)
[2026-06-17T10:05:29.769+0800][10.562s][info][gc,phases,start] GC(420) Marking Phase
[2026-06-17T10:05:29.771+0800][10.564s][info][gc,phases      ] GC(420) Marking Phase 1.452ms
[2026-06-17T10:05:29.771+0800][10.564s][info][gc,phases,start] GC(420) Summary Phase
[2026-06-17T10:05:29.772+0800][10.565s][info][gc,phases      ] GC(420) Summary Phase 0.357ms
[2026-06-17T10:05:29.772+0800][10.565s][info][gc,phases,start] GC(420) Forward
[2026-06-17T10:05:29.772+0800][10.565s][info][gc,phases      ] GC(420) Forward 0.346ms
[2026-06-17T10:05:29.773+0800][10.565s][info][gc,phases,start] GC(420) Adjust Pointers
[2026-06-17T10:05:29.773+0800][10.566s][info][gc,phases      ] GC(420) Adjust Pointers 0.605ms
[2026-06-17T10:05:29.774+0800][10.566s][info][gc,phases,start] GC(420) Compaction Phase
[2026-06-17T10:05:29.775+0800][10.568s][info][gc,phases      ] GC(420) Compaction Phase 1.507ms
[2026-06-17T10:05:29.775+0800][10.568s][info][gc,phases,start] GC(420) Post Compact
[2026-06-17T10:05:29.776+0800][10.568s][info][gc,phases      ] GC(420) Post Compact 0.265ms
[2026-06-17T10:05:29.776+0800][10.569s][info][gc,heap        ] GC(420) PSYoungGen: 11797K(14336K)->0K(14336K) Eden: 7155K(7168K)->0K(7168K) From: 4642K(7168K)->0K(7168K)
[2026-06-17T10:05:29.776+0800][10.569s][info][gc,heap        ] GC(420) ParOldGen: 40467K(44032K)->31894K(44032K)
[2026-06-17T10:05:29.776+0800][10.569s][info][gc,metaspace   ] GC(420) Metaspace: 114K(320K)->114K(320K) NonClass: 107K(192K)->107K(192K) Class: 7K(128K)->7K(128K)
[2026-06-17T10:05:29.776+0800][10.569s][info][gc             ] GC(420) Pause Full (Allocation Failure) 51M->31M(57M) 8.834ms
[2026-06-17T10:05:29.777+0800][10.569s][info][gc,cpu         ] GC(420) User=0.00s Sys=0.00s Real=0.01s
[2026-06-17T10:05:29.787+0800][10.580s][info][gc,start       ] GC(421) Pause Young (Allocation Failure)
[2026-06-17T10:05:29.788+0800][10.581s][info][gc,heap        ] GC(421) PSYoungGen: 6951K(14336K)->3545K(14336K) Eden: 6951K(7168K)->0K(7168K) From: 0K(7168K)->3545K(7168K)
[2026-06-17T10:05:29.788+0800][10.581s][info][gc,heap        ] GC(421) ParOldGen: 31894K(44032K)->31894K(44032K)
[2026-06-17T10:05:29.789+0800][10.581s][info][gc,metaspace   ] GC(421) Metaspace: 114K(320K)->114K(320K) NonClass: 107K(192K)->107K(192K) Class: 7K(128K)->7K(128K)
[2026-06-17T10:05:29.789+0800][10.582s][info][gc             ] GC(421) Pause Young (Allocation Failure) 37M->34M(57M) 1.423ms
[2026-06-17T10:05:29.789+0800][10.582s][info][gc,cpu         ] GC(421) User=0.00s Sys=0.00s Real=0.00s
[2026-06-17T10:05:29.810+0800][10.603s][info][gc,start       ] GC(422) Pause Young (Allocation Failure)
[2026-06-17T10:05:29.811+0800][10.604s][info][gc,heap        ] GC(422) PSYoungGen: 10711K(14336K)->3683K(14336K) Eden: 7166K(7168K)->0K(7168K) From: 3545K(7168K)->3683K(7168K)
[2026-06-17T10:05:29.811+0800][10.604s][info][gc,heap        ] GC(422) ParOldGen: 31894K(44032K)->35414K(44032K)
[2026-06-17T10:05:29.812+0800][10.604s][info][gc,metaspace   ] GC(422) Metaspace: 114K(320K)->114K(320K) NonClass: 107K(192K)->107K(192K) Class: 7K(128K)->7K(128K)
[2026-06-17T10:05:29.812+0800][10.605s][info][gc             ] GC(422) Pause Young (Allocation Failure) 41M->38M(57M) 1.686ms
[2026-06-17T10:05:29.812+0800][10.605s][info][gc,cpu         ] GC(422) User=0.01s Sys=0.00s Real=0.01s
[2026-06-17T10:05:29.823+0800][10.616s][info][gc,start       ] GC(423) Pause Young (Allocation Failure)
[2026-06-17T10:05:29.823+0800][10.616s][info][gc,heap        ] GC(423) PSYoungGen: 10694K(14336K)->3822K(14336K) Eden: 7011K(7168K)->0K(7168K) From: 3683K(7168K)->3822K(7168K)
[2026-06-17T10:05:29.824+0800][10.616s][info][gc,heap        ] GC(423) ParOldGen: 35414K(44032K)->35414K(44032K)
[2026-06-17T10:05:29.824+0800][10.617s][info][gc,metaspace   ] GC(423) Metaspace: 114K(320K)->114K(320K) NonClass: 107K(192K)->107K(192K) Class: 7K(128K)->7K(128K)
[2026-06-17T10:05:29.824+0800][10.617s][info][gc             ] GC(423) Pause Young (Allocation Failure) 45M->38M(57M) 1.449ms
[2026-06-17T10:05:29.824+0800][10.617s][info][gc,cpu         ] GC(423) User=0.00s Sys=0.00s Real=0.00s
[2026-06-17T10:05:29.845+0800][10.638s][info][gc,start       ] GC(424) Pause Young (Allocation Failure)
[2026-06-17T10:05:29.846+0800][10.639s][info][gc,heap        ] GC(424) PSYoungGen: 10989K(14336K)->7098K(14336K) Eden: 7167K(7168K)->0K(7168K) From: 3822K(7168K)->7098K(7168K)
[2026-06-17T10:05:29.847+0800][10.639s][info][gc,heap        ] GC(424) ParOldGen: 35414K(44032K)->35937K(44032K)
[2026-06-17T10:05:29.847+0800][10.640s][info][gc,metaspace   ] GC(424) Metaspace: 114K(320K)->114K(320K) NonClass: 107K(192K)->107K(192K) Class: 7K(128K)->7K(128K)
[2026-06-17T10:05:29.847+0800][10.640s][info][gc             ] GC(424) Pause Young (Allocation Failure) 45M->42M(57M) 1.854ms
[2026-06-17T10:05:29.847+0800][10.640s][info][gc,cpu         ] GC(424) User=0.00s Sys=0.00s Real=0.00s
[2026-06-17T10:05:29.868+0800][10.661s][info][gc,start       ] GC(425) Pause Young (Allocation Failure)
[2026-06-17T10:05:29.870+0800][10.662s][info][gc,heap        ] GC(425) PSYoungGen: 14209K(14336K)->3798K(14336K) Eden: 7111K(7168K)->0K(7168K) From: 7098K(7168K)->3798K(7168K)
[2026-06-17T10:05:29.870+0800][10.663s][info][gc,heap        ] GC(425) ParOldGen: 35937K(44032K)->39212K(44032K)
[2026-06-17T10:05:29.870+0800][10.663s][info][gc,metaspace   ] GC(425) Metaspace: 114K(320K)->114K(320K) NonClass: 107K(192K)->107K(192K) Class: 7K(128K)->7K(128K)
[2026-06-17T10:05:29.870+0800][10.663s][info][gc             ] GC(425) Pause Young (Allocation Failure) 48M->42M(57M) 1.933ms
[2026-06-17T10:05:29.871+0800][10.663s][info][gc,cpu         ] GC(425) User=0.00s Sys=0.00s Real=0.01s
[2026-06-17T10:05:29.892+0800][10.685s][info][gc,start       ] GC(426) Pause Full (Allocation Failure)
[2026-06-17T10:05:29.893+0800][10.685s][info][gc,phases,start] GC(426) Marking Phase
[2026-06-17T10:05:29.894+0800][10.687s][info][gc,phases      ] GC(426) Marking Phase 1.224ms
[2026-06-17T10:05:29.894+0800][10.687s][info][gc,phases,start] GC(426) Summary Phase
[2026-06-17T10:05:29.894+0800][10.687s][info][gc,phases      ] GC(426) Summary Phase 0.210ms
[2026-06-17T10:05:29.895+0800][10.687s][info][gc,phases,start] GC(426) Forward
[2026-06-17T10:05:29.895+0800][10.688s][info][gc,phases      ] GC(426) Forward 0.353ms
[2026-06-17T10:05:29.895+0800][10.688s][info][gc,phases,start] GC(426) Adjust Pointers
[2026-06-17T10:05:29.896+0800][10.688s][info][gc,phases      ] GC(426) Adjust Pointers 0.580ms
[2026-06-17T10:05:29.896+0800][10.689s][info][gc,phases,start] GC(426) Compaction Phase
[2026-06-17T10:05:29.898+0800][10.690s][info][gc,phases      ] GC(426) Compaction Phase 1.615ms
[2026-06-17T10:05:29.898+0800][10.691s][info][gc,phases,start] GC(426) Post Compact
[2026-06-17T10:05:29.898+0800][10.691s][info][gc,phases      ] GC(426) Post Compact 0.270ms
[2026-06-17T10:05:29.898+0800][10.691s][info][gc,heap        ] GC(426) PSYoungGen: 10929K(14336K)->0K(14336K) Eden: 7130K(7168K)->0K(7168K) From: 3798K(7168K)->0K(7168K)
[2026-06-17T10:05:29.899+0800][10.691s][info][gc,heap        ] GC(426) ParOldGen: 39212K(44032K)->27076K(44032K)
[2026-06-17T10:05:29.899+0800][10.691s][info][gc,metaspace   ] GC(426) Metaspace: 114K(320K)->114K(320K) NonClass: 107K(192K)->107K(192K) Class: 7K(128K)->7K(128K)
[2026-06-17T10:05:29.899+0800][10.692s][info][gc             ] GC(426) Pause Full (Allocation Failure) 48M->26M(57M) 6.713ms
[2026-06-17T10:05:29.899+0800][10.692s][info][gc,cpu         ] GC(426) User=0.01s Sys=0.00s Real=0.00s
[2026-06-17T10:05:29.910+0800][10.703s][info][gc,start       ] GC(427) Pause Young (Allocation Failure)
[2026-06-17T10:05:29.911+0800][10.704s][info][gc,heap        ] GC(427) PSYoungGen: 7167K(14336K)->7150K(14336K) Eden: 7167K(7168K)->0K(7168K) From: 0K(7168K)->7150K(7168K)
[2026-06-17T10:05:29.911+0800][10.704s][info][gc,heap        ] GC(427) ParOldGen: 27076K(44032K)->27104K(44032K)
[2026-06-17T10:05:29.912+0800][10.704s][info][gc,metaspace   ] GC(427) Metaspace: 114K(320K)->114K(320K) NonClass: 107K(192K)->107K(192K) Class: 7K(128K)->7K(128K)
[2026-06-17T10:05:29.912+0800][10.705s][info][gc             ] GC(427) Pause Young (Allocation Failure) 33M->33M(57M) 1.666ms
[2026-06-17T10:05:29.912+0800][10.705s][info][gc,cpu         ] GC(427) User=0.00s Sys=0.00s Real=0.01s
[2026-06-17T10:05:29.934+0800][10.726s][info][gc,start       ] GC(428) Pause Young (Allocation Failure)
[2026-06-17T10:05:29.937+0800][10.730s][info][gc,heap        ] GC(428) PSYoungGen: 14284K(14336K)->7163K(14336K) Eden: 7134K(7168K)->0K(7168K) From: 7150K(7168K)->7163K(7168K)
[2026-06-17T10:05:29.938+0800][10.730s][info][gc,heap        ] GC(428) ParOldGen: 27104K(44032K)->27349K(44032K)
[2026-06-17T10:05:29.938+0800][10.731s][info][gc,metaspace   ] GC(428) Metaspace: 114K(320K)->114K(320K) NonClass: 107K(192K)->107K(192K) Class: 7K(128K)->7K(128K)
[2026-06-17T10:05:29.938+0800][10.731s][info][gc             ] GC(428) Pause Young (Allocation Failure) 40M->33M(57M) 4.616ms
[2026-06-17T10:05:29.938+0800][10.731s][info][gc,cpu         ] GC(428) User=0.00s Sys=0.00s Real=0.00s
[2026-06-17T10:05:29.960+0800][10.753s][info][gc,start       ] GC(429) Pause Young (Allocation Failure)
[2026-06-17T10:05:29.961+0800][10.754s][info][gc,heap        ] GC(429) PSYoungGen: 14320K(14336K)->3012K(14336K) Eden: 7156K(7168K)->0K(7168K) From: 7163K(7168K)->3012K(7168K)
[2026-06-17T10:05:29.962+0800][10.755s][info][gc,heap        ] GC(429) ParOldGen: 27349K(44032K)->31918K(44032K)
[2026-06-17T10:05:29.962+0800][10.755s][info][gc,metaspace   ] GC(429) Metaspace: 114K(320K)->114K(320K) NonClass: 107K(192K)->107K(192K) Class: 7K(128K)->7K(128K)
[2026-06-17T10:05:29.963+0800][10.756s][info][gc             ] GC(429) Pause Young (Allocation Failure) 40M->34M(57M) 3.198ms
[2026-06-17T10:05:29.964+0800][10.756s][info][gc,cpu         ] GC(429) User=0.00s Sys=0.00s Real=0.01s
[2026-06-17T10:05:29.975+0800][10.768s][info][gc,start       ] GC(430) Pause Young (Allocation Failure)
[2026-06-17T10:05:29.976+0800][10.769s][info][gc,heap        ] GC(430) PSYoungGen: 10048K(14336K)->3169K(14336K) Eden: 7036K(7168K)->0K(7168K) From: 3012K(7168K)->3169K(7168K)
[2026-06-17T10:05:29.977+0800][10.769s][info][gc,heap        ] GC(430) ParOldGen: 31918K(44032K)->31918K(44032K)
[2026-06-17T10:05:29.977+0800][10.770s][info][gc,metaspace   ] GC(430) Metaspace: 114K(320K)->114K(320K) NonClass: 107K(192K)->107K(192K) Class: 7K(128K)->7K(128K)
[2026-06-17T10:05:29.978+0800][10.770s][info][gc             ] GC(430) Pause Young (Allocation Failure) 40M->34M(57M) 2.704ms
[2026-06-17T10:05:29.978+0800][10.771s][info][gc,cpu         ] GC(430) User=0.00s Sys=0.00s Real=0.00s
[2026-06-17T10:05:30.000+0800][10.792s][info][gc,start       ] GC(431) Pause Young (Allocation Failure)
[2026-06-17T10:05:30.001+0800][10.794s][info][gc,heap        ] GC(431) PSYoungGen: 10318K(14336K)->3582K(14336K) Eden: 7149K(7168K)->0K(7168K) From: 3169K(7168K)->3582K(7168K)
[2026-06-17T10:05:30.002+0800][10.794s][info][gc,heap        ] GC(431) ParOldGen: 31918K(44032K)->35032K(44032K)
[2026-06-17T10:05:30.002+0800][10.795s][info][gc,metaspace   ] GC(431) Metaspace: 114K(320K)->114K(320K) NonClass: 107K(192K)->107K(192K) Class: 7K(128K)->7K(128K)
[2026-06-17T10:05:30.003+0800][10.796s][info][gc             ] GC(431) Pause Young (Allocation Failure) 41M->37M(57M) 3.122ms
[2026-06-17T10:05:30.003+0800][10.796s][info][gc,cpu         ] GC(431) User=0.00s Sys=0.00s Real=0.01s
[2026-06-17T10:05:30.025+0800][10.818s][info][gc,start       ] GC(432) Pause Young (Allocation Failure)
[2026-06-17T10:05:30.027+0800][10.820s][info][gc,heap        ] GC(432) PSYoungGen: 10750K(14336K)->3794K(14336K) Eden: 7168K(7168K)->0K(7168K) From: 3582K(7168K)->3794K(7168K)
[2026-06-17T10:05:30.027+0800][10.820s][info][gc,heap        ] GC(432) ParOldGen: 35032K(44032K)->35032K(44032K)
[2026-06-17T10:05:30.028+0800][10.821s][info][gc,metaspace   ] GC(432) Metaspace: 115K(320K)->115K(320K) NonClass: 108K(192K)->108K(192K) Class: 7K(128K)->7K(128K)
[2026-06-17T10:05:30.028+0800][10.821s][info][gc             ] GC(432) Pause Young (Allocation Failure) 44M->37M(57M) 3.147ms
[2026-06-17T10:05:30.029+0800][10.822s][info][gc,cpu         ] GC(432) User=0.00s Sys=0.01s Real=0.00s
[2026-06-17T10:05:30.050+0800][10.843s][info][gc,start       ] GC(433) Pause Young (Allocation Failure)
[2026-06-17T10:05:30.051+0800][10.844s][info][gc,heap        ] GC(433) PSYoungGen: 10928K(14336K)->290K(14336K) Eden: 7134K(7168K)->0K(7168K) From: 3794K(7168K)->290K(7168K)
[2026-06-17T10:05:30.052+0800][10.844s][info][gc,heap        ] GC(433) ParOldGen: 35032K(44032K)->38720K(44032K)
[2026-06-17T10:05:30.052+0800][10.845s][info][gc,metaspace   ] GC(433) Metaspace: 115K(320K)->115K(320K) NonClass: 108K(192K)->108K(192K) Class: 7K(128K)->7K(128K)
[2026-06-17T10:05:30.052+0800][10.845s][info][gc             ] GC(433) Pause Young (Allocation Failure) 44M->38M(57M) 1.676ms
[2026-06-17T10:05:30.052+0800][10.845s][info][gc,cpu         ] GC(433) User=0.00s Sys=0.00s Real=0.01s
[2026-06-17T10:05:30.063+0800][10.856s][info][gc,start       ] GC(434) Pause Full (Allocation Failure)
[2026-06-17T10:05:30.064+0800][10.857s][info][gc,phases,start] GC(434) Marking Phase
[2026-06-17T10:05:30.066+0800][10.858s][info][gc,phases      ] GC(434) Marking Phase 1.644ms
[2026-06-17T10:05:30.067+0800][10.860s][info][gc,phases,start] GC(434) Summary Phase
[2026-06-17T10:05:30.069+0800][10.862s][info][gc,phases      ] GC(434) Summary Phase 1.966ms
[2026-06-17T10:05:30.070+0800][10.863s][info][gc,phases,start] GC(434) Forward
[2026-06-17T10:05:30.071+0800][10.864s][info][gc,phases      ] GC(434) Forward 1.184ms
[2026-06-17T10:05:30.073+0800][10.866s][info][gc,phases,start] GC(434) Adjust Pointers
[2026-06-17T10:05:30.076+0800][10.868s][info][gc,phases      ] GC(434) Adjust Pointers 2.578ms
[2026-06-17T10:05:30.078+0800][10.871s][info][gc,phases,start] GC(434) Compaction Phase
[2026-06-17T10:05:30.080+0800][10.873s][info][gc,phases      ] GC(434) Compaction Phase 1.798ms
[2026-06-17T10:05:30.080+0800][10.873s][info][gc,phases,start] GC(434) Post Compact
[2026-06-17T10:05:30.081+0800][10.873s][info][gc,phases      ] GC(434) Post Compact 0.206ms
[2026-06-17T10:05:30.081+0800][10.874s][info][gc,heap        ] GC(434) PSYoungGen: 7456K(14336K)->0K(14336K) Eden: 7166K(7168K)->0K(7168K) From: 290K(7168K)->0K(7168K)
[2026-06-17T10:05:30.081+0800][10.874s][info][gc,heap        ] GC(434) ParOldGen: 38720K(44032K)->25051K(44032K)
[2026-06-17T10:05:30.081+0800][10.874s][info][gc,metaspace   ] GC(434) Metaspace: 115K(320K)->115K(320K) NonClass: 108K(192K)->108K(192K) Class: 7K(128K)->7K(128K)
[2026-06-17T10:05:30.081+0800][10.874s][info][gc             ] GC(434) Pause Full (Allocation Failure) 45M->24M(57M) 18.261ms
[2026-06-17T10:05:30.082+0800][10.874s][info][gc,cpu         ] GC(434) User=0.01s Sys=0.00s Real=0.01s
[2026-06-17T10:05:30.103+0800][10.895s][info][gc,start       ] GC(435) Pause Young (Allocation Failure)
[2026-06-17T10:05:30.104+0800][10.897s][info][gc,heap        ] GC(435) PSYoungGen: 7147K(14336K)->3660K(14336K) Eden: 7147K(7168K)->0K(7168K) From: 0K(7168K)->3660K(7168K)
[2026-06-17T10:05:30.105+0800][10.898s][info][gc,heap        ] GC(435) ParOldGen: 25051K(44032K)->25051K(44032K)
[2026-06-17T10:05:30.105+0800][10.898s][info][gc,metaspace   ] GC(435) Metaspace: 115K(320K)->115K(320K) NonClass: 108K(192K)->108K(192K) Class: 7K(128K)->7K(128K)
[2026-06-17T10:05:30.106+0800][10.899s][info][gc             ] GC(435) Pause Young (Allocation Failure) 31M->28M(57M) 3.362ms
[2026-06-17T10:05:30.108+0800][10.901s][info][gc,cpu         ] GC(435) User=0.00s Sys=0.00s Real=0.00s
[2026-06-17T10:05:30.129+0800][10.922s][info][gc,start       ] GC(436) Pause Young (Allocation Failure)
[2026-06-17T10:05:30.130+0800][10.923s][info][gc,heap        ] GC(436) PSYoungGen: 10813K(14336K)->2545K(14336K) Eden: 7153K(7168K)->0K(7168K) From: 3660K(7168K)->2545K(7168K)
[2026-06-17T10:05:30.131+0800][10.923s][info][gc,heap        ] GC(436) ParOldGen: 25051K(44032K)->26206K(44032K)
[2026-06-17T10:05:30.131+0800][10.924s][info][gc,metaspace   ] GC(436) Metaspace: 115K(320K)->115K(320K) NonClass: 108K(192K)->108K(192K) Class: 7K(128K)->7K(128K)
[2026-06-17T10:05:30.131+0800][10.924s][info][gc             ] GC(436) Pause Young (Allocation Failure) 35M->28M(57M) 1.636ms
[2026-06-17T10:05:30.131+0800][10.924s][info][gc,cpu         ] GC(436) User=0.00s Sys=0.00s Real=0.01s
[2026-06-17T10:05:30.142+0800][10.935s][info][gc,start       ] GC(437) Pause Young (Allocation Failure)
[2026-06-17T10:05:30.143+0800][10.936s][info][gc,heap        ] GC(437) PSYoungGen: 9450K(14336K)->2496K(14336K) Eden: 6904K(7168K)->0K(7168K) From: 2545K(7168K)->2496K(7168K)
[2026-06-17T10:05:30.144+0800][10.937s][info][gc,heap        ] GC(437) ParOldGen: 26206K(44032K)->26206K(44032K)
[2026-06-17T10:05:30.144+0800][10.937s][info][gc,metaspace   ] GC(437) Metaspace: 115K(320K)->115K(320K) NonClass: 108K(192K)->108K(192K) Class: 7K(128K)->7K(128K)
[2026-06-17T10:05:30.145+0800][10.938s][info][gc             ] GC(437) Pause Young (Allocation Failure) 34M->28M(57M) 2.709ms
[2026-06-17T10:05:30.145+0800][10.938s][info][gc,cpu         ] GC(437) User=0.00s Sys=0.00s Real=0.01s
[2026-06-17T10:05:30.167+0800][10.959s][info][gc,start       ] GC(438) Pause Young (Allocation Failure)
[2026-06-17T10:05:30.168+0800][10.961s][info][gc,heap        ] GC(438) PSYoungGen: 9664K(14336K)->3762K(14336K) Eden: 7168K(7168K)->0K(7168K) From: 2496K(7168K)->3762K(7168K)
[2026-06-17T10:05:30.168+0800][10.961s][info][gc,heap        ] GC(438) ParOldGen: 26206K(44032K)->28646K(44032K)
[2026-06-17T10:05:30.169+0800][10.962s][info][gc,metaspace   ] GC(438) Metaspace: 115K(320K)->115K(320K) NonClass: 108K(192K)->108K(192K) Class: 7K(128K)->7K(128K)
[2026-06-17T10:05:30.170+0800][10.962s][info][gc             ] GC(438) Pause Young (Allocation Failure) 35M->31M(57M) 2.838ms
[2026-06-17T10:05:30.170+0800][10.963s][info][gc,cpu         ] GC(438) User=0.01s Sys=0.00s Real=0.00s
[2026-06-17T10:05:30.192+0800][10.984s][info][gc,start       ] GC(439) Pause Young (Allocation Failure)
[2026-06-17T10:05:30.192+0800][10.985s][info][gc,heap        ] GC(439) PSYoungGen: 10893K(14336K)->4172K(14336K) Eden: 7130K(7168K)->0K(7168K) From: 3762K(7168K)->4172K(7168K)
[2026-06-17T10:05:30.193+0800][10.986s][info][gc,heap        ] GC(439) ParOldGen: 28646K(44032K)->28646K(44032K)
[2026-06-17T10:05:30.193+0800][10.986s][info][gc,metaspace   ] GC(439) Metaspace: 115K(320K)->115K(320K) NonClass: 108K(192K)->108K(192K) Class: 7K(128K)->7K(128K)
[2026-06-17T10:05:30.194+0800][10.987s][info][gc             ] GC(439) Pause Young (Allocation Failure) 38M->32M(57M) 2.531ms
[2026-06-17T10:05:30.195+0800][10.987s][info][gc,cpu         ] GC(439) User=0.00s Sys=0.00s Real=0.00s
[2026-06-17T10:05:30.216+0800][11.009s][info][gc,start       ] GC(440) Pause Young (Allocation Failure)
[2026-06-17T10:05:30.217+0800][11.010s][info][gc,heap        ] GC(440) PSYoungGen: 11332K(14336K)->4166K(14336K) Eden: 7159K(7168K)->0K(7168K) From: 4172K(7168K)->4166K(7168K)
[2026-06-17T10:05:30.218+0800][11.010s][info][gc,heap        ] GC(440) ParOldGen: 28646K(44032K)->28646K(44032K)
[2026-06-17T10:05:30.218+0800][11.011s][info][gc,metaspace   ] GC(440) Metaspace: 115K(320K)->115K(320K) NonClass: 108K(192K)->108K(192K) Class: 7K(128K)->7K(128K)
[2026-06-17T10:05:30.218+0800][11.011s][info][gc             ] GC(440) Pause Young (Allocation Failure) 39M->32M(57M) 2.474ms
[2026-06-17T10:05:30.219+0800][11.012s][info][gc,cpu         ] GC(440) User=0.00s Sys=0.00s Real=0.00s
[2026-06-17T10:05:30.230+0800][11.023s][info][gc,start       ] GC(441) Pause Young (Allocation Failure)
[2026-06-17T10:05:30.232+0800][11.025s][info][gc,heap        ] GC(441) PSYoungGen: 11316K(14336K)->7165K(14336K) Eden: 7149K(7168K)->0K(7168K) From: 4166K(7168K)->7165K(7168K)
[2026-06-17T10:05:30.232+0800][11.025s][info][gc,heap        ] GC(441) ParOldGen: 28646K(44032K)->29361K(44032K)
[2026-06-17T10:05:30.233+0800][11.026s][info][gc,metaspace   ] GC(441) Metaspace: 115K(320K)->115K(320K) NonClass: 108K(192K)->108K(192K) Class: 7K(128K)->7K(128K)
[2026-06-17T10:05:30.233+0800][11.026s][info][gc             ] GC(441) Pause Young (Allocation Failure) 39M->35M(57M) 2.879ms
[2026-06-17T10:05:30.234+0800][11.027s][info][gc,cpu         ] GC(441) User=0.00s Sys=0.00s Real=0.00s
[2026-06-17T10:05:30.255+0800][11.048s][info][gc,start       ] GC(442) Pause Young (Allocation Failure)
[2026-06-17T10:05:30.257+0800][11.050s][info][gc,heap        ] GC(442) PSYoungGen: 14310K(14336K)->4733K(14336K) Eden: 7145K(7168K)->0K(7168K) From: 7165K(7168K)->4733K(7168K)
[2026-06-17T10:05:30.257+0800][11.050s][info][gc,heap        ] GC(442) ParOldGen: 29361K(44032K)->32000K(44032K)
[2026-06-17T10:05:30.258+0800][11.051s][info][gc,metaspace   ] GC(442) Metaspace: 115K(320K)->115K(320K) NonClass: 108K(192K)->108K(192K) Class: 7K(128K)->7K(128K)
[2026-06-17T10:05:30.259+0800][11.051s][info][gc             ] GC(442) Pause Young (Allocation Failure) 42M->35M(57M) 3.425ms
[2026-06-17T10:05:30.259+0800][11.052s][info][gc,cpu         ] GC(442) User=0.00s Sys=0.00s Real=0.00s
[2026-06-17T10:05:30.270+0800][11.063s][info][gc,start       ] GC(443) Pause Young (Allocation Failure)
[2026-06-17T10:05:30.271+0800][11.064s][info][gc,heap        ] GC(443) PSYoungGen: 11898K(14336K)->6470K(14336K) Eden: 7165K(7168K)->0K(7168K) From: 4733K(7168K)->6470K(7168K)
[2026-06-17T10:05:30.272+0800][11.065s][info][gc,heap        ] GC(443) ParOldGen: 32000K(44032K)->34311K(44032K)
[2026-06-17T10:05:30.273+0800][11.065s][info][gc,metaspace   ] GC(443) Metaspace: 115K(320K)->115K(320K) NonClass: 108K(192K)->108K(192K) Class: 7K(128K)->7K(128K)
[2026-06-17T10:05:30.273+0800][11.066s][info][gc             ] GC(443) Pause Young (Allocation Failure) 42M->39M(57M) 3.115ms
[2026-06-17T10:05:30.274+0800][11.067s][info][gc,cpu         ] GC(443) User=0.00s Sys=0.00s Real=0.01s
[2026-06-17T10:05:30.295+0800][11.088s][info][gc,start       ] GC(444) Pause Young (Allocation Failure)
[2026-06-17T10:05:30.296+0800][11.089s][info][gc,heap        ] GC(444) PSYoungGen: 13618K(14336K)->3259K(14336K) Eden: 7148K(7168K)->0K(7168K) From: 6470K(7168K)->3259K(7168K)
[2026-06-17T10:05:30.297+0800][11.090s][info][gc,heap        ] GC(444) ParOldGen: 34311K(44032K)->37210K(44032K)
[2026-06-17T10:05:30.297+0800][11.090s][info][gc,metaspace   ] GC(444) Metaspace: 115K(320K)->115K(320K) NonClass: 108K(192K)->108K(192K) Class: 7K(128K)->7K(128K)
[2026-06-17T10:05:30.298+0800][11.091s][info][gc             ] GC(444) Pause Young (Allocation Failure) 46M->39M(57M) 2.691ms
[2026-06-17T10:05:30.298+0800][11.091s][info][gc,cpu         ] GC(444) User=0.01s Sys=0.00s Real=0.00s
[2026-06-17T10:05:30.320+0800][11.113s][info][gc,start       ] GC(445) Pause Young (Allocation Failure)
[2026-06-17T10:05:30.321+0800][11.114s][info][gc,heap        ] GC(445) PSYoungGen: 10418K(14336K)->3698K(14336K) Eden: 7159K(7168K)->0K(7168K) From: 3259K(7168K)->3698K(7168K)
[2026-06-17T10:05:30.322+0800][11.115s][info][gc,heap        ] GC(445) ParOldGen: 37210K(44032K)->37210K(44032K)
[2026-06-17T10:05:30.322+0800][11.115s][info][gc,metaspace   ] GC(445) Metaspace: 115K(320K)->115K(320K) NonClass: 108K(192K)->108K(192K) Class: 7K(128K)->7K(128K)
[2026-06-17T10:05:30.323+0800][11.116s][info][gc             ] GC(445) Pause Young (Allocation Failure) 46M->39M(57M) 3.130ms
[2026-06-17T10:05:30.324+0800][11.117s][info][gc,cpu         ] GC(445) User=0.00s Sys=0.00s Real=0.01s
[2026-06-17T10:05:30.345+0800][11.138s][info][gc,start       ] GC(446) Pause Young (Allocation Failure)
[2026-06-17T10:05:30.347+0800][11.139s][info][gc,heap        ] GC(446) PSYoungGen: 10812K(14336K)->2105K(14336K) Eden: 7113K(7168K)->0K(7168K) From: 3698K(7168K)->2105K(7168K)
[2026-06-17T10:05:30.347+0800][11.140s][info][gc,heap        ] GC(446) ParOldGen: 37210K(44032K)->38923K(44032K)
[2026-06-17T10:05:30.348+0800][11.140s][info][gc,metaspace   ] GC(446) Metaspace: 115K(320K)->115K(320K) NonClass: 108K(192K)->108K(192K) Class: 7K(128K)->7K(128K)
[2026-06-17T10:05:30.348+0800][11.141s][info][gc             ] GC(446) Pause Young (Allocation Failure) 46M->40M(57M) 3.019ms
[2026-06-17T10:05:30.349+0800][11.142s][info][gc,cpu         ] GC(446) User=0.00s Sys=0.00s Real=0.00s
[2026-06-17T10:05:30.371+0800][11.163s][info][gc,start       ] GC(447) Pause Young (Allocation Failure)
[2026-06-17T10:05:30.372+0800][11.164s][info][gc,heap        ] GC(447) PSYoungGen: 9267K(14336K)->2700K(14336K) Eden: 7162K(7168K)->0K(7168K) From: 2105K(7168K)->2700K(7168K)
[2026-06-17T10:05:30.372+0800][11.165s][info][gc,heap        ] GC(447) ParOldGen: 38923K(44032K)->38923K(44032K)
[2026-06-17T10:05:30.373+0800][11.166s][info][gc,metaspace   ] GC(447) Metaspace: 115K(320K)->115K(320K) NonClass: 108K(192K)->108K(192K) Class: 7K(128K)->7K(128K)
[2026-06-17T10:05:30.374+0800][11.166s][info][gc             ] GC(447) Pause Young (Allocation Failure) 47M->40M(57M) 2.841ms
[2026-06-17T10:05:30.374+0800][11.167s][info][gc,cpu         ] GC(447) User=0.00s Sys=0.00s Real=0.00s
[2026-06-17T10:05:30.385+0800][11.178s][info][gc,start       ] GC(448) Pause Young (Allocation Failure)
[2026-06-17T10:05:30.387+0800][11.180s][info][gc,heap        ] GC(448) PSYoungGen: 9818K(14336K)->5025K(14336K) Eden: 7118K(7168K)->0K(7168K) From: 2700K(7168K)->5025K(7168K)
[2026-06-17T10:05:30.387+0800][11.180s][info][gc,heap        ] GC(448) ParOldGen: 38923K(44032K)->40549K(44032K)
[2026-06-17T10:05:30.388+0800][11.180s][info][gc,metaspace   ] GC(448) Metaspace: 115K(320K)->115K(320K) NonClass: 108K(192K)->108K(192K) Class: 7K(128K)->7K(128K)
[2026-06-17T10:05:30.388+0800][11.181s][info][gc             ] GC(448) Pause Young (Allocation Failure) 47M->44M(57M) 2.719ms
[2026-06-17T10:05:30.389+0800][11.181s][info][gc,cpu         ] GC(448) User=0.00s Sys=0.00s Real=0.00s
[2026-06-17T10:05:30.410+0800][11.203s][info][gc,start       ] GC(449) Pause Full (Allocation Failure)
[2026-06-17T10:05:30.411+0800][11.204s][info][gc,phases,start] GC(449) Marking Phase
[2026-06-17T10:05:30.412+0800][11.205s][info][gc,phases      ] GC(449) Marking Phase 1.399ms
[2026-06-17T10:05:30.413+0800][11.205s][info][gc,phases,start] GC(449) Summary Phase
[2026-06-17T10:05:30.413+0800][11.206s][info][gc,phases      ] GC(449) Summary Phase 0.487ms
[2026-06-17T10:05:30.414+0800][11.207s][info][gc,phases,start] GC(449) Forward
[2026-06-17T10:05:30.414+0800][11.207s][info][gc,phases      ] GC(449) Forward 0.534ms
[2026-06-17T10:05:30.415+0800][11.208s][info][gc,phases,start] GC(449) Adjust Pointers
[2026-06-17T10:05:30.416+0800][11.209s][info][gc,phases      ] GC(449) Adjust Pointers 0.890ms
[2026-06-17T10:05:30.416+0800][11.209s][info][gc,phases,start] GC(449) Compaction Phase
[2026-06-17T10:05:30.418+0800][11.211s][info][gc,phases      ] GC(449) Compaction Phase 1.847ms
[2026-06-17T10:05:30.419+0800][11.211s][info][gc,phases,start] GC(449) Post Compact
[2026-06-17T10:05:30.419+0800][11.212s][info][gc,phases      ] GC(449) Post Compact 0.545ms
[2026-06-17T10:05:30.420+0800][11.213s][info][gc,heap        ] GC(449) PSYoungGen: 12166K(14336K)->0K(14336K) Eden: 7141K(7168K)->0K(7168K) From: 5025K(7168K)->0K(7168K)
[2026-06-17T10:05:30.420+0800][11.213s][info][gc,heap        ] GC(449) ParOldGen: 40549K(44032K)->29568K(44032K)
[2026-06-17T10:05:30.421+0800][11.214s][info][gc,metaspace   ] GC(449) Metaspace: 115K(320K)->115K(320K) NonClass: 108K(192K)->108K(192K) Class: 7K(128K)->7K(128K)
[2026-06-17T10:05:30.421+0800][11.214s][info][gc             ] GC(449) Pause Full (Allocation Failure) 51M->28M(57M) 11.195ms
[2026-06-17T10:05:30.422+0800][11.215s][info][gc,cpu         ] GC(449) User=0.01s Sys=0.00s Real=0.01s
[2026-06-17T10:05:30.443+0800][11.236s][info][gc,start       ] GC(450) Pause Young (Allocation Failure)
[2026-06-17T10:05:30.444+0800][11.237s][info][gc,heap        ] GC(450) PSYoungGen: 7168K(14336K)->3644K(14336K) Eden: 7168K(7168K)->0K(7168K) From: 0K(7168K)->3644K(7168K)
[2026-06-17T10:05:30.445+0800][11.237s][info][gc,heap        ] GC(450) ParOldGen: 29568K(44032K)->29568K(44032K)
[2026-06-17T10:05:30.445+0800][11.238s][info][gc,metaspace   ] GC(450) Metaspace: 116K(320K)->116K(320K) NonClass: 109K(192K)->109K(192K) Class: 7K(128K)->7K(128K)
[2026-06-17T10:05:30.445+0800][11.238s][info][gc             ] GC(450) Pause Young (Allocation Failure) 35M->32M(57M) 1.580ms
[2026-06-17T10:05:30.445+0800][11.238s][info][gc,cpu         ] GC(450) User=0.00s Sys=0.00s Real=0.00s
[2026-06-17T10:05:30.456+0800][11.249s][info][gc,start       ] GC(451) Pause Young (Allocation Failure)
[2026-06-17T10:05:30.457+0800][11.250s][info][gc,heap        ] GC(451) PSYoungGen: 10764K(14336K)->2050K(14336K) Eden: 7119K(7168K)->0K(7168K) From: 3644K(7168K)->2050K(7168K)
[2026-06-17T10:05:30.457+0800][11.250s][info][gc,heap        ] GC(451) ParOldGen: 29568K(44032K)->31189K(44032K)
[2026-06-17T10:05:30.457+0800][11.250s][info][gc,metaspace   ] GC(451) Metaspace: 116K(320K)->116K(320K) NonClass: 109K(192K)->109K(192K) Class: 7K(128K)->7K(128K)
[2026-06-17T10:05:30.458+0800][11.250s][info][gc             ] GC(451) Pause Young (Allocation Failure) 39M->32M(57M) 1.474ms
[2026-06-17T10:05:30.458+0800][11.251s][info][gc,cpu         ] GC(451) User=0.00s Sys=0.00s Real=0.00s
[2026-06-17T10:05:30.479+0800][11.272s][info][gc,start       ] GC(452) Pause Young (Allocation Failure)
[2026-06-17T10:05:30.481+0800][11.274s][info][gc,heap        ] GC(452) PSYoungGen: 9197K(14336K)->5694K(14336K) Eden: 7147K(7168K)->0K(7168K) From: 2050K(7168K)->5694K(7168K)
[2026-06-17T10:05:30.481+0800][11.274s][info][gc,heap        ] GC(452) ParOldGen: 31189K(44032K)->31189K(44032K)
[2026-06-17T10:05:30.481+0800][11.274s][info][gc,metaspace   ] GC(452) Metaspace: 116K(320K)->116K(320K) NonClass: 109K(192K)->109K(192K) Class: 7K(128K)->7K(128K)
[2026-06-17T10:05:30.481+0800][11.274s][info][gc             ] GC(452) Pause Young (Allocation Failure) 39M->36M(57M) 2.521ms
[2026-06-17T10:05:30.482+0800][11.274s][info][gc,cpu         ] GC(452) User=0.00s Sys=0.00s Real=0.00s
[2026-06-17T10:05:30.503+0800][11.295s][info][gc,start       ] GC(453) Pause Young (Allocation Failure)
[2026-06-17T10:05:30.504+0800][11.297s][info][gc,heap        ] GC(453) PSYoungGen: 12853K(14336K)->2864K(14336K) Eden: 7159K(7168K)->0K(7168K) From: 5694K(7168K)->2864K(7168K)
[2026-06-17T10:05:30.504+0800][11.297s][info][gc,heap        ] GC(453) ParOldGen: 31189K(44032K)->34281K(44032K)
[2026-06-17T10:05:30.504+0800][11.297s][info][gc,metaspace   ] GC(453) Metaspace: 116K(320K)->116K(320K) NonClass: 109K(192K)->109K(192K) Class: 7K(128K)->7K(128K)
[2026-06-17T10:05:30.504+0800][11.297s][info][gc             ] GC(453) Pause Young (Allocation Failure) 43M->36M(57M) 1.676ms
[2026-06-17T10:05:30.505+0800][11.297s][info][gc,cpu         ] GC(453) User=0.01s Sys=0.00s Real=0.00s
[2026-06-17T10:05:30.526+0800][11.319s][info][gc,start       ] GC(454) Pause Young (Allocation Failure)
[2026-06-17T10:05:30.527+0800][11.319s][info][gc,heap        ] GC(454) PSYoungGen: 10006K(14336K)->3143K(14336K) Eden: 7142K(7168K)->0K(7168K) From: 2864K(7168K)->3143K(7168K)
[2026-06-17T10:05:30.527+0800][11.320s][info][gc,heap        ] GC(454) ParOldGen: 34281K(44032K)->34281K(44032K)
[2026-06-17T10:05:30.527+0800][11.320s][info][gc,metaspace   ] GC(454) Metaspace: 116K(320K)->116K(320K) NonClass: 109K(192K)->109K(192K) Class: 7K(128K)->7K(128K)
[2026-06-17T10:05:30.527+0800][11.320s][info][gc             ] GC(454) Pause Young (Allocation Failure) 43M->36M(57M) 1.374ms
[2026-06-17T10:05:30.527+0800][11.320s][info][gc,cpu         ] GC(454) User=0.00s Sys=0.00s Real=0.00s
[2026-06-17T10:05:30.538+0800][11.331s][info][gc,start       ] GC(455) Pause Young (Allocation Failure)
[2026-06-17T10:05:30.539+0800][11.332s][info][gc,heap        ] GC(455) PSYoungGen: 10276K(14336K)->4794K(14336K) Eden: 7133K(7168K)->0K(7168K) From: 3143K(7168K)->4794K(7168K)
[2026-06-17T10:05:30.539+0800][11.332s][info][gc,heap        ] GC(455) ParOldGen: 34281K(44032K)->36398K(44032K)
[2026-06-17T10:05:30.540+0800][11.332s][info][gc,metaspace   ] GC(455) Metaspace: 116K(320K)->116K(320K) NonClass: 109K(192K)->109K(192K) Class: 7K(128K)->7K(128K)
[2026-06-17T10:05:30.540+0800][11.333s][info][gc             ] GC(455) Pause Young (Allocation Failure) 43M->40M(57M) 1.634ms
[2026-06-17T10:05:30.540+0800][11.333s][info][gc,cpu         ] GC(455) User=0.00s Sys=0.00s Real=0.00s
[2026-06-17T10:05:30.561+0800][11.354s][info][gc,start       ] GC(456) Pause Young (Allocation Failure)
[2026-06-17T10:05:30.562+0800][11.355s][info][gc,heap        ] GC(456) PSYoungGen: 11946K(14336K)->4756K(14336K) Eden: 7152K(7168K)->0K(7168K) From: 4794K(7168K)->4756K(7168K)
[2026-06-17T10:05:30.562+0800][11.355s][info][gc,heap        ] GC(456) ParOldGen: 36398K(44032K)->36398K(44032K)
[2026-06-17T10:05:30.563+0800][11.355s][info][gc,metaspace   ] GC(456) Metaspace: 116K(320K)->116K(320K) NonClass: 109K(192K)->109K(192K) Class: 7K(128K)->7K(128K)
[2026-06-17T10:05:30.563+0800][11.356s][info][gc             ] GC(456) Pause Young (Allocation Failure) 47M->40M(57M) 1.661ms
[2026-06-17T10:05:30.563+0800][11.356s][info][gc,cpu         ] GC(456) User=0.00s Sys=0.00s Real=0.01s
[2026-06-17T10:05:30.584+0800][11.377s][info][gc,start       ] GC(457) Pause Young (Allocation Failure)
[2026-06-17T10:05:30.585+0800][11.378s][info][gc,heap        ] GC(457) PSYoungGen: 11912K(14336K)->3060K(14336K) Eden: 7156K(7168K)->0K(7168K) From: 4756K(7168K)->3060K(7168K)
[2026-06-17T10:05:30.585+0800][11.378s][info][gc,heap        ] GC(457) ParOldGen: 36398K(44032K)->38284K(44032K)
[2026-06-17T10:05:30.585+0800][11.378s][info][gc,metaspace   ] GC(457) Metaspace: 116K(320K)->116K(320K) NonClass: 109K(192K)->109K(192K) Class: 7K(128K)->7K(128K)
[2026-06-17T10:05:30.586+0800][11.378s][info][gc             ] GC(457) Pause Young (Allocation Failure) 47M->40M(57M) 1.654ms
[2026-06-17T10:05:30.586+0800][11.379s][info][gc,cpu         ] GC(457) User=0.00s Sys=0.00s Real=0.00s
[2026-06-17T10:05:30.597+0800][11.389s][info][gc,start       ] GC(458) Pause Young (Allocation Failure)
[2026-06-17T10:05:30.597+0800][11.390s][info][gc,heap        ] GC(458) PSYoungGen: 10223K(14336K)->3731K(14336K) Eden: 7163K(7168K)->0K(7168K) From: 3060K(7168K)->3731K(7168K)
[2026-06-17T10:05:30.598+0800][11.390s][info][gc,heap        ] GC(458) ParOldGen: 38284K(44032K)->38284K(44032K)
[2026-06-17T10:05:30.598+0800][11.391s][info][gc,metaspace   ] GC(458) Metaspace: 116K(320K)->116K(320K) NonClass: 109K(192K)->109K(192K) Class: 7K(128K)->7K(128K)
[2026-06-17T10:05:30.598+0800][11.391s][info][gc             ] GC(458) Pause Young (Allocation Failure) 47M->41M(57M) 1.515ms
[2026-06-17T10:05:30.598+0800][11.391s][info][gc,cpu         ] GC(458) User=0.00s Sys=0.00s Real=0.00s
[2026-06-17T10:05:30.619+0800][11.412s][info][gc,start       ] GC(459) Pause Young (Allocation Failure)
[2026-06-17T10:05:30.620+0800][11.413s][info][gc,heap        ] GC(459) PSYoungGen: 10861K(14336K)->7137K(14336K) Eden: 7130K(7168K)->0K(7168K) From: 3731K(7168K)->7137K(7168K)
[2026-06-17T10:05:30.621+0800][11.414s][info][gc,heap        ] GC(459) ParOldGen: 38284K(44032K)->38284K(44032K)
[2026-06-17T10:05:30.621+0800][11.414s][info][gc,metaspace   ] GC(459) Metaspace: 116K(320K)->116K(320K) NonClass: 109K(192K)->109K(192K) Class: 7K(128K)->7K(128K)
[2026-06-17T10:05:30.621+0800][11.414s][info][gc             ] GC(459) Pause Young (Allocation Failure) 47M->44M(57M) 1.908ms
[2026-06-17T10:05:30.621+0800][11.414s][info][gc,cpu         ] GC(459) User=0.00s Sys=0.00s Real=0.00s
[2026-06-17T10:05:30.642+0800][11.435s][info][gc,start       ] GC(460) Pause Young (Allocation Failure)
[2026-06-17T10:05:30.643+0800][11.436s][info][gc,heap        ] GC(460) PSYoungGen: 14269K(14336K)->3415K(14336K) Eden: 7132K(7168K)->0K(7168K) From: 7137K(7168K)->3415K(7168K)
[2026-06-17T10:05:30.644+0800][11.436s][info][gc,heap        ] GC(460) ParOldGen: 38284K(44032K)->41967K(44032K)
[2026-06-17T10:05:30.644+0800][11.437s][info][gc,metaspace   ] GC(460) Metaspace: 116K(320K)->116K(320K) NonClass: 109K(192K)->109K(192K) Class: 7K(128K)->7K(128K)
[2026-06-17T10:05:30.644+0800][11.437s][info][gc             ] GC(460) Pause Young (Allocation Failure) 51M->44M(57M) 1.730ms
[2026-06-17T10:05:30.644+0800][11.437s][info][gc,cpu         ] GC(460) User=0.01s Sys=0.00s Real=0.01s
[2026-06-17T10:05:30.665+0800][11.458s][info][gc,start       ] GC(461) Pause Full (Allocation Failure)
[2026-06-17T10:05:30.666+0800][11.458s][info][gc,phases,start] GC(461) Marking Phase
[2026-06-17T10:05:30.667+0800][11.459s][info][gc,phases      ] GC(461) Marking Phase 0.969ms
[2026-06-17T10:05:30.667+0800][11.460s][info][gc,phases,start] GC(461) Summary Phase
[2026-06-17T10:05:30.667+0800][11.460s][info][gc,phases      ] GC(461) Summary Phase 0.149ms
[2026-06-17T10:05:30.667+0800][11.460s][info][gc,phases,start] GC(461) Forward
[2026-06-17T10:05:30.667+0800][11.460s][info][gc,phases      ] GC(461) Forward 0.215ms
[2026-06-17T10:05:30.667+0800][11.460s][info][gc,phases,start] GC(461) Adjust Pointers
[2026-06-17T10:05:30.668+0800][11.461s][info][gc,phases      ] GC(461) Adjust Pointers 0.462ms
[2026-06-17T10:05:30.668+0800][11.461s][info][gc,phases,start] GC(461) Compaction Phase
[2026-06-17T10:05:30.669+0800][11.462s][info][gc,phases      ] GC(461) Compaction Phase 1.390ms
[2026-06-17T10:05:30.670+0800][11.463s][info][gc,phases,start] GC(461) Post Compact
[2026-06-17T10:05:30.670+0800][11.463s][info][gc,phases      ] GC(461) Post Compact 0.185ms
[2026-06-17T10:05:30.670+0800][11.463s][info][gc,heap        ] GC(461) PSYoungGen: 10548K(14336K)->0K(14336K) Eden: 7133K(7168K)->0K(7168K) From: 3415K(7168K)->0K(7168K)
[2026-06-17T10:05:30.670+0800][11.463s][info][gc,heap        ] GC(461) ParOldGen: 41967K(44032K)->27767K(44032K)
[2026-06-17T10:05:30.670+0800][11.463s][info][gc,metaspace   ] GC(461) Metaspace: 116K(320K)->116K(320K) NonClass: 109K(192K)->109K(192K) Class: 7K(128K)->7K(128K)
[2026-06-17T10:05:30.670+0800][11.463s][info][gc             ] GC(461) Pause Full (Allocation Failure) 51M->27M(57M) 5.248ms
[2026-06-17T10:05:30.671+0800][11.463s][info][gc,cpu         ] GC(461) User=0.00s Sys=0.01s Real=0.01s
[2026-06-17T10:05:30.681+0800][11.474s][info][gc,start       ] GC(462) Pause Young (Allocation Failure)
[2026-06-17T10:05:30.682+0800][11.475s][info][gc,heap        ] GC(462) PSYoungGen: 7145K(14336K)->6916K(14336K) Eden: 7145K(7168K)->0K(7168K) From: 0K(7168K)->6916K(7168K)
[2026-06-17T10:05:30.683+0800][11.476s][info][gc,heap        ] GC(462) ParOldGen: 27767K(44032K)->28031K(44032K)
[2026-06-17T10:05:30.683+0800][11.476s][info][gc,metaspace   ] GC(462) Metaspace: 116K(320K)->116K(320K) NonClass: 109K(192K)->109K(192K) Class: 7K(128K)->7K(128K)
[2026-06-17T10:05:30.684+0800][11.477s][info][gc             ] GC(462) Pause Young (Allocation Failure) 34M->34M(57M) 2.392ms
[2026-06-17T10:05:30.684+0800][11.477s][info][gc,cpu         ] GC(462) User=0.00s Sys=0.00s Real=0.01s
[2026-06-17T10:05:30.705+0800][11.498s][info][gc,start       ] GC(463) Pause Young (Allocation Failure)
[2026-06-17T10:05:30.706+0800][11.499s][info][gc,heap        ] GC(463) PSYoungGen: 14081K(14336K)->6429K(14336K) Eden: 7165K(7168K)->0K(7168K) From: 6916K(7168K)->6429K(7168K)
[2026-06-17T10:05:30.706+0800][11.499s][info][gc,heap        ] GC(463) ParOldGen: 28031K(44032K)->29226K(44032K)
[2026-06-17T10:05:30.707+0800][11.499s][info][gc,metaspace   ] GC(463) Metaspace: 116K(320K)->116K(320K) NonClass: 109K(192K)->109K(192K) Class: 7K(128K)->7K(128K)
[2026-06-17T10:05:30.707+0800][11.500s][info][gc             ] GC(463) Pause Young (Allocation Failure) 41M->34M(57M) 1.736ms
[2026-06-17T10:05:30.707+0800][11.500s][info][gc,cpu         ] GC(463) User=0.00s Sys=0.00s Real=0.00s
[2026-06-17T10:05:30.728+0800][11.521s][info][gc,start       ] GC(464) Pause Young (Allocation Failure)
[2026-06-17T10:05:30.729+0800][11.522s][info][gc,heap        ] GC(464) PSYoungGen: 13559K(14336K)->3391K(14336K) Eden: 7129K(7168K)->0K(7168K) From: 6429K(7168K)->3391K(7168K)
[2026-06-17T10:05:30.730+0800][11.522s][info][gc,heap        ] GC(464) ParOldGen: 29226K(44032K)->32863K(44032K)
[2026-06-17T10:05:30.730+0800][11.523s][info][gc,metaspace   ] GC(464) Metaspace: 116K(320K)->116K(320K) NonClass: 109K(192K)->109K(192K) Class: 7K(128K)->7K(128K)
[2026-06-17T10:05:30.730+0800][11.523s][info][gc             ] GC(464) Pause Young (Allocation Failure) 41M->35M(57M) 2.039ms
[2026-06-17T10:05:30.730+0800][11.523s][info][gc,cpu         ] GC(464) User=0.00s Sys=0.00s Real=0.00s
[2026-06-17T10:05:30.751+0800][11.544s][info][gc,start       ] GC(465) Pause Young (Allocation Failure)
[2026-06-17T10:05:30.752+0800][11.545s][info][gc,heap        ] GC(465) PSYoungGen: 10556K(14336K)->4014K(14336K) Eden: 7165K(7168K)->0K(7168K) From: 3391K(7168K)->4014K(7168K)
[2026-06-17T10:05:30.752+0800][11.545s][info][gc,heap        ] GC(465) ParOldGen: 32863K(44032K)->32863K(44032K)
[2026-06-17T10:05:30.753+0800][11.545s][info][gc,metaspace   ] GC(465) Metaspace: 116K(320K)->116K(320K) NonClass: 109K(192K)->109K(192K) Class: 7K(128K)->7K(128K)
[2026-06-17T10:05:30.753+0800][11.546s][info][gc             ] GC(465) Pause Young (Allocation Failure) 42M->36M(57M) 1.595ms
[2026-06-17T10:05:30.753+0800][11.546s][info][gc,cpu         ] GC(465) User=0.00s Sys=0.00s Real=0.00s
[2026-06-17T10:05:30.774+0800][11.567s][info][gc,start       ] GC(466) Pause Young (Allocation Failure)
[2026-06-17T10:05:30.775+0800][11.568s][info][gc,heap        ] GC(466) PSYoungGen: 11164K(14336K)->339K(14336K) Eden: 7149K(7168K)->0K(7168K) From: 4014K(7168K)->339K(7168K)
[2026-06-17T10:05:30.775+0800][11.568s][info][gc,heap        ] GC(466) ParOldGen: 32863K(44032K)->36784K(44032K)
[2026-06-17T10:05:30.776+0800][11.569s][info][gc,metaspace   ] GC(466) Metaspace: 116K(320K)->116K(320K) NonClass: 109K(192K)->109K(192K) Class: 7K(128K)->7K(128K)
[2026-06-17T10:05:30.777+0800][11.570s][info][gc             ] GC(466) Pause Young (Allocation Failure) 42M->36M(57M) 2.789ms
[2026-06-17T10:05:30.777+0800][11.570s][info][gc,cpu         ] GC(466) User=0.00s Sys=0.00s Real=0.00s
[2026-06-17T10:05:30.788+0800][11.581s][info][gc,start       ] GC(467) Pause Young (Allocation Failure)
[2026-06-17T10:05:30.789+0800][11.582s][info][gc,heap        ] GC(467) PSYoungGen: 7465K(14336K)->4068K(14336K) Eden: 7126K(7168K)->0K(7168K) From: 339K(7168K)->4068K(7168K)
[2026-06-17T10:05:30.789+0800][11.582s][info][gc,heap        ] GC(467) ParOldGen: 36784K(44032K)->36784K(44032K)
[2026-06-17T10:05:30.790+0800][11.582s][info][gc,metaspace   ] GC(467) Metaspace: 116K(320K)->116K(320K) NonClass: 109K(192K)->109K(192K) Class: 7K(128K)->7K(128K)
[2026-06-17T10:05:30.791+0800][11.584s][info][gc             ] GC(467) Pause Young (Allocation Failure) 43M->39M(57M) 2.854ms
[2026-06-17T10:05:30.791+0800][11.584s][info][gc,cpu         ] GC(467) User=0.01s Sys=0.00s Real=0.01s
[2026-06-17T10:05:30.812+0800][11.605s][info][gc,start       ] GC(468) Pause Young (Allocation Failure)
[2026-06-17T10:05:30.813+0800][11.606s][info][gc,heap        ] GC(468) PSYoungGen: 11233K(14336K)->2256K(14336K) Eden: 7164K(7168K)->0K(7168K) From: 4068K(7168K)->2256K(7168K)
[2026-06-17T10:05:30.814+0800][11.606s][info][gc,heap        ] GC(468) ParOldGen: 36784K(44032K)->38666K(44032K)
[2026-06-17T10:05:30.814+0800][11.607s][info][gc,metaspace   ] GC(468) Metaspace: 116K(320K)->116K(320K) NonClass: 109K(192K)->109K(192K) Class: 7K(128K)->7K(128K)
[2026-06-17T10:05:30.814+0800][11.607s][info][gc             ] GC(468) Pause Young (Allocation Failure) 46M->39M(57M) 1.871ms
[2026-06-17T10:05:30.815+0800][11.607s][info][gc,cpu         ] GC(468) User=0.00s Sys=0.00s Real=0.00s
[2026-06-17T10:05:30.836+0800][11.629s][info][gc,start       ] GC(469) Pause Young (Allocation Failure)
[2026-06-17T10:05:30.837+0800][11.630s][info][gc,heap        ] GC(469) PSYoungGen: 9381K(14336K)->2433K(14336K) Eden: 7124K(7168K)->0K(7168K) From: 2256K(7168K)->2433K(7168K)
[2026-06-17T10:05:30.837+0800][11.630s][info][gc,heap        ] GC(469) ParOldGen: 38666K(44032K)->38666K(44032K)
[2026-06-17T10:05:30.838+0800][11.630s][info][gc,metaspace   ] GC(469) Metaspace: 116K(320K)->116K(320K) NonClass: 109K(192K)->109K(192K) Class: 7K(128K)->7K(128K)
[2026-06-17T10:05:30.838+0800][11.631s][info][gc             ] GC(469) Pause Young (Allocation Failure) 46M->40M(57M) 1.817ms
[2026-06-17T10:05:30.838+0800][11.631s][info][gc,cpu         ] GC(469) User=0.00s Sys=0.00s Real=0.00s
[2026-06-17T10:05:30.849+0800][11.642s][info][gc,start       ] GC(470) Pause Young (Allocation Failure)
[2026-06-17T10:05:30.850+0800][11.643s][info][gc,heap        ] GC(470) PSYoungGen: 9580K(14336K)->791K(14336K) Eden: 7146K(7168K)->0K(7168K) From: 2433K(7168K)->791K(7168K)
[2026-06-17T10:05:30.850+0800][11.643s][info][gc,heap        ] GC(470) ParOldGen: 38666K(44032K)->40740K(44032K)
[2026-06-17T10:05:30.850+0800][11.643s][info][gc,metaspace   ] GC(470) Metaspace: 116K(320K)->116K(320K) NonClass: 109K(192K)->109K(192K) Class: 7K(128K)->7K(128K)
[2026-06-17T10:05:30.851+0800][11.643s][info][gc             ] GC(470) Pause Young (Allocation Failure) 47M->40M(57M) 1.553ms
[2026-06-17T10:05:30.851+0800][11.644s][info][gc,cpu         ] GC(470) User=0.00s Sys=0.00s Real=0.01s
[2026-06-17T10:05:30.872+0800][11.665s][info][gc,start       ] GC(471) Pause Full (Allocation Failure)
[2026-06-17T10:05:30.873+0800][11.665s][info][gc,phases,start] GC(471) Marking Phase
[2026-06-17T10:05:30.874+0800][11.666s][info][gc,phases      ] GC(471) Marking Phase 1.112ms
[2026-06-17T10:05:30.874+0800][11.667s][info][gc,phases,start] GC(471) Summary Phase
[2026-06-17T10:05:30.874+0800][11.667s][info][gc,phases      ] GC(471) Summary Phase 0.168ms
[2026-06-17T10:05:30.874+0800][11.667s][info][gc,phases,start] GC(471) Forward
[2026-06-17T10:05:30.874+0800][11.667s][info][gc,phases      ] GC(471) Forward 0.209ms
[2026-06-17T10:05:30.875+0800][11.667s][info][gc,phases,start] GC(471) Adjust Pointers
[2026-06-17T10:05:30.875+0800][11.668s][info][gc,phases      ] GC(471) Adjust Pointers 0.620ms
[2026-06-17T10:05:30.875+0800][11.668s][info][gc,phases,start] GC(471) Compaction Phase
[2026-06-17T10:05:30.877+0800][11.670s][info][gc,phases      ] GC(471) Compaction Phase 1.535ms
[2026-06-17T10:05:30.877+0800][11.670s][info][gc,phases,start] GC(471) Post Compact
[2026-06-17T10:05:30.878+0800][11.670s][info][gc,phases      ] GC(471) Post Compact 0.256ms
[2026-06-17T10:05:30.878+0800][11.671s][info][gc,heap        ] GC(471) PSYoungGen: 7933K(14336K)->0K(14336K) Eden: 7142K(7168K)->0K(7168K) From: 791K(7168K)->0K(7168K)
[2026-06-17T10:05:30.878+0800][11.671s][info][gc,heap        ] GC(471) ParOldGen: 40740K(44032K)->31390K(44032K)
[2026-06-17T10:05:30.878+0800][11.671s][info][gc,metaspace   ] GC(471) Metaspace: 116K(320K)->116K(320K) NonClass: 109K(192K)->109K(192K) Class: 7K(128K)->7K(128K)
[2026-06-17T10:05:30.878+0800][11.671s][info][gc             ] GC(471) Pause Full (Allocation Failure) 47M->30M(57M) 6.189ms
[2026-06-17T10:05:30.878+0800][11.671s][info][gc,cpu         ] GC(471) User=0.01s Sys=0.00s Real=0.00s
[2026-06-17T10:05:30.889+0800][11.682s][info][gc,start       ] GC(472) Pause Young (Allocation Failure)
[2026-06-17T10:05:30.890+0800][11.683s][info][gc,heap        ] GC(472) PSYoungGen: 7075K(14336K)->3567K(14336K) Eden: 7075K(7168K)->0K(7168K) From: 0K(7168K)->3567K(7168K)
[2026-06-17T10:05:30.891+0800][11.684s][info][gc,heap        ] GC(472) ParOldGen: 31390K(44032K)->31390K(44032K)
[2026-06-17T10:05:30.891+0800][11.684s][info][gc,metaspace   ] GC(472) Metaspace: 116K(320K)->116K(320K) NonClass: 109K(192K)->109K(192K) Class: 7K(128K)->7K(128K)
[2026-06-17T10:05:30.891+0800][11.684s][info][gc             ] GC(472) Pause Young (Allocation Failure) 37M->34M(57M) 1.989ms
[2026-06-17T10:05:30.892+0800][11.684s][info][gc,cpu         ] GC(472) User=0.00s Sys=0.00s Real=0.01s
[2026-06-17T10:05:30.923+0800][11.716s][info][gc,start       ] GC(473) Pause Young (Allocation Failure)
[2026-06-17T10:05:30.924+0800][11.717s][info][gc,heap        ] GC(473) PSYoungGen: 10716K(14336K)->278K(14336K) Eden: 7148K(7168K)->0K(7168K) From: 3567K(7168K)->278K(7168K)
[2026-06-17T10:05:30.925+0800][11.717s][info][gc,heap        ] GC(473) ParOldGen: 31390K(44032K)->34925K(44032K)
[2026-06-17T10:05:30.925+0800][11.718s][info][gc,metaspace   ] GC(473) Metaspace: 116K(320K)->116K(320K) NonClass: 109K(192K)->109K(192K) Class: 7K(128K)->7K(128K)
[2026-06-17T10:05:30.925+0800][11.718s][info][gc             ] GC(473) Pause Young (Allocation Failure) 41M->34M(57M) 2.455ms
[2026-06-17T10:05:30.926+0800][11.718s][info][gc,cpu         ] GC(473) User=0.00s Sys=0.00s Real=0.00s
[2026-06-17T10:05:30.937+0800][11.730s][info][gc,start       ] GC(474) Pause Young (Allocation Failure)
[2026-06-17T10:05:30.938+0800][11.731s][info][gc,heap        ] GC(474) PSYoungGen: 7410K(14336K)->3698K(14336K) Eden: 7131K(7168K)->0K(7168K) From: 278K(7168K)->3698K(7168K)
[2026-06-17T10:05:30.939+0800][11.732s][info][gc,heap        ] GC(474) ParOldGen: 34925K(44032K)->34925K(44032K)
[2026-06-17T10:05:30.939+0800][11.732s][info][gc,metaspace   ] GC(474) Metaspace: 116K(320K)->116K(320K) NonClass: 109K(192K)->109K(192K) Class: 7K(128K)->7K(128K)
[2026-06-17T10:05:30.939+0800][11.732s][info][gc             ] GC(474) Pause Young (Allocation Failure) 41M->37M(57M) 2.644ms
[2026-06-17T10:05:30.940+0800][11.732s][info][gc,cpu         ] GC(474) User=0.00s Sys=0.00s Real=0.00s
[2026-06-17T10:05:30.962+0800][11.754s][info][gc,start       ] GC(475) Pause Young (Allocation Failure)
[2026-06-17T10:05:30.963+0800][11.756s][info][gc,heap        ] GC(475) PSYoungGen: 10839K(14336K)->1839K(14336K) Eden: 7140K(7168K)->0K(7168K) From: 3698K(7168K)->1839K(7168K)
[2026-06-17T10:05:30.964+0800][11.757s][info][gc,heap        ] GC(475) ParOldGen: 34925K(44032K)->36892K(44032K)
[2026-06-17T10:05:30.965+0800][11.757s][info][gc,metaspace   ] GC(475) Metaspace: 116K(320K)->116K(320K) NonClass: 109K(192K)->109K(192K) Class: 7K(128K)->7K(128K)
[2026-06-17T10:05:30.965+0800][11.758s][info][gc             ] GC(475) Pause Young (Allocation Failure) 44M->37M(57M) 3.520ms
[2026-06-17T10:05:30.966+0800][11.759s][info][gc,cpu         ] GC(475) User=0.00s Sys=0.00s Real=0.01s
[2026-06-17T10:05:30.989+0800][11.781s][info][gc,start       ] GC(476) Pause Young (Allocation Failure)
[2026-06-17T10:05:30.990+0800][11.783s][info][gc,heap        ] GC(476) PSYoungGen: 8971K(14336K)->2506K(14336K) Eden: 7131K(7168K)->0K(7168K) From: 1839K(7168K)->2506K(7168K)
[2026-06-17T10:05:30.991+0800][11.784s][info][gc,heap        ] GC(476) ParOldGen: 36892K(44032K)->36892K(44032K)
[2026-06-17T10:05:30.992+0800][11.785s][info][gc,metaspace   ] GC(476) Metaspace: 116K(320K)->116K(320K) NonClass: 109K(192K)->109K(192K) Class: 7K(128K)->7K(128K)
[2026-06-17T10:05:30.992+0800][11.785s][info][gc             ] GC(476) Pause Young (Allocation Failure) 44M->38M(57M) 3.821ms
[2026-06-17T10:05:30.993+0800][11.786s][info][gc,cpu         ] GC(476) User=0.00s Sys=0.00s Real=0.01s
[2026-06-17T10:05:31.004+0800][11.797s][info][gc,start       ] GC(477) Pause Young (Allocation Failure)
[2026-06-17T10:05:31.005+0800][11.798s][info][gc,heap        ] GC(477) PSYoungGen: 9379K(14336K)->32K(14336K) Eden: 6873K(7168K)->0K(7168K) From: 2506K(7168K)->32K(7168K)
[2026-06-17T10:05:31.006+0800][11.798s][info][gc,heap        ] GC(477) ParOldGen: 36892K(44032K)->38851K(44032K)
[2026-06-17T10:05:31.006+0800][11.799s][info][gc,metaspace   ] GC(477) Metaspace: 116K(320K)->116K(320K) NonClass: 109K(192K)->109K(192K) Class: 7K(128K)->7K(128K)
[2026-06-17T10:05:31.006+0800][11.799s][info][gc             ] GC(477) Pause Young (Allocation Failure) 45M->37M(57M) 2.073ms
[2026-06-17T10:05:31.007+0800][11.799s][info][gc,cpu         ] GC(477) User=0.00s Sys=0.00s Real=0.00s
[2026-06-17T10:05:31.028+0800][11.821s][info][gc,start       ] GC(478) Pause Young (Allocation Failure)
[2026-06-17T10:05:31.030+0800][11.823s][info][gc,heap        ] GC(478) PSYoungGen: 7197K(14336K)->3489K(14336K) Eden: 7165K(7168K)->0K(7168K) From: 32K(7168K)->3489K(7168K)
[2026-06-17T10:05:31.031+0800][11.824s][info][gc,heap        ] GC(478) ParOldGen: 38851K(44032K)->38859K(44032K)
[2026-06-17T10:05:31.032+0800][11.825s][info][gc,metaspace   ] GC(478) Metaspace: 116K(320K)->116K(320K) NonClass: 109K(192K)->109K(192K) Class: 7K(128K)->7K(128K)
[2026-06-17T10:05:31.033+0800][11.826s][info][gc             ] GC(478) Pause Young (Allocation Failure) 44M->41M(57M) 4.286ms
[2026-06-17T10:05:31.033+0800][11.826s][info][gc,cpu         ] GC(478) User=0.00s Sys=0.00s Real=0.01s
[2026-06-17T10:05:31.046+0800][11.838s][info][gc,start       ] GC(479) Pause Young (Allocation Failure)
[2026-06-17T10:05:31.049+0800][11.842s][info][gc,heap        ] GC(479) PSYoungGen: 10479K(14336K)->1064K(14336K) Eden: 6989K(7168K)->0K(7168K) From: 3489K(7168K)->1064K(7168K)
[2026-06-17T10:05:31.050+0800][11.842s][info][gc,heap        ] GC(479) ParOldGen: 38859K(44032K)->41014K(44032K)
[2026-06-17T10:05:31.050+0800][11.843s][info][gc,metaspace   ] GC(479) Metaspace: 116K(320K)->116K(320K) NonClass: 109K(192K)->109K(192K) Class: 7K(128K)->7K(128K)
[2026-06-17T10:05:31.050+0800][11.843s][info][gc             ] GC(479) Pause Young (Allocation Failure) 48M->41M(57M) 4.521ms
[2026-06-17T10:05:31.050+0800][11.843s][info][gc,cpu         ] GC(479) User=0.01s Sys=0.00s Real=0.00s
[2026-06-17T10:05:31.072+0800][11.865s][info][gc,start       ] GC(480) Pause Full (Allocation Failure)
[2026-06-17T10:05:31.073+0800][11.865s][info][gc,phases,start] GC(480) Marking Phase
[2026-06-17T10:05:31.075+0800][11.868s][info][gc,phases      ] GC(480) Marking Phase 2.418ms
[2026-06-17T10:05:31.075+0800][11.868s][info][gc,phases,start] GC(480) Summary Phase
[2026-06-17T10:05:31.076+0800][11.869s][info][gc,phases      ] GC(480) Summary Phase 0.335ms
[2026-06-17T10:05:31.076+0800][11.869s][info][gc,phases,start] GC(480) Forward
[2026-06-17T10:05:31.077+0800][11.870s][info][gc,phases      ] GC(480) Forward 0.836ms
[2026-06-17T10:05:31.077+0800][11.870s][info][gc,phases,start] GC(480) Adjust Pointers
[2026-06-17T10:05:31.078+0800][11.871s][info][gc,phases      ] GC(480) Adjust Pointers 1.082ms
[2026-06-17T10:05:31.079+0800][11.871s][info][gc,phases,start] GC(480) Compaction Phase
[2026-06-17T10:05:31.081+0800][11.874s][info][gc,phases      ] GC(480) Compaction Phase 2.101ms
[2026-06-17T10:05:31.081+0800][11.874s][info][gc,phases,start] GC(480) Post Compact
[2026-06-17T10:05:31.082+0800][11.874s][info][gc,phases      ] GC(480) Post Compact 0.292ms
[2026-06-17T10:05:31.082+0800][11.875s][info][gc,heap        ] GC(480) PSYoungGen: 8227K(14336K)->0K(14336K) Eden: 7163K(7168K)->0K(7168K) From: 1064K(7168K)->0K(7168K)
[2026-06-17T10:05:31.082+0800][11.875s][info][gc,heap        ] GC(480) ParOldGen: 41014K(44032K)->32459K(44032K)
[2026-06-17T10:05:31.082+0800][11.875s][info][gc,metaspace   ] GC(480) Metaspace: 116K(320K)->116K(320K) NonClass: 109K(192K)->109K(192K) Class: 7K(128K)->7K(128K)
[2026-06-17T10:05:31.082+0800][11.875s][info][gc             ] GC(480) Pause Full (Allocation Failure) 48M->31M(57M) 10.337ms
[2026-06-17T10:05:31.083+0800][11.875s][info][gc,cpu         ] GC(480) User=0.01s Sys=0.00s Real=0.01s
[2026-06-17T10:05:31.104+0800][11.897s][info][gc,start       ] GC(481) Pause Young (Allocation Failure)
[2026-06-17T10:05:31.106+0800][11.899s][info][gc,heap        ] GC(481) PSYoungGen: 7145K(14336K)->4139K(14336K) Eden: 7145K(7168K)->0K(7168K) From: 0K(7168K)->4139K(7168K)
[2026-06-17T10:05:31.106+0800][11.899s][info][gc,heap        ] GC(481) ParOldGen: 32459K(44032K)->32459K(44032K)
[2026-06-17T10:05:31.107+0800][11.900s][info][gc,metaspace   ] GC(481) Metaspace: 116K(320K)->116K(320K) NonClass: 109K(192K)->109K(192K) Class: 7K(128K)->7K(128K)
[2026-06-17T10:05:31.107+0800][11.900s][info][gc             ] GC(481) Pause Young (Allocation Failure) 38M->35M(57M) 2.822ms
[2026-06-17T10:05:31.107+0800][11.900s][info][gc,cpu         ] GC(481) User=0.00s Sys=0.00s Real=0.00s
[2026-06-17T10:05:31.129+0800][11.922s][info][gc,start       ] GC(482) Pause Young (Allocation Failure)
[2026-06-17T10:05:31.130+0800][11.923s][info][gc,heap        ] GC(482) PSYoungGen: 11296K(14336K)->1941K(14336K) Eden: 7156K(7168K)->0K(7168K) From: 4139K(7168K)->1941K(7168K)
[2026-06-17T10:05:31.131+0800][11.923s][info][gc,heap        ] GC(482) ParOldGen: 32459K(44032K)->35301K(44032K)
[2026-06-17T10:05:31.131+0800][11.924s][info][gc,metaspace   ] GC(482) Metaspace: 116K(320K)->116K(320K) NonClass: 109K(192K)->109K(192K) Class: 7K(128K)->7K(128K)
[2026-06-17T10:05:31.131+0800][11.924s][info][gc             ] GC(482) Pause Young (Allocation Failure) 42M->36M(57M) 2.224ms
[2026-06-17T10:05:31.132+0800][11.925s][info][gc,cpu         ] GC(482) User=0.00s Sys=0.00s Real=0.01s
[2026-06-17T10:05:31.143+0800][11.936s][info][gc,start       ] GC(483) Pause Young (Allocation Failure)
[2026-06-17T10:05:31.144+0800][11.937s][info][gc,heap        ] GC(483) PSYoungGen: 9071K(14336K)->4855K(13824K) Eden: 7129K(7168K)->0K(7168K) From: 1941K(7168K)->4855K(6656K)
[2026-06-17T10:05:31.145+0800][11.938s][info][gc,heap        ] GC(483) ParOldGen: 35301K(44032K)->36083K(44032K)
[2026-06-17T10:05:31.146+0800][11.939s][info][gc,metaspace   ] GC(483) Metaspace: 116K(320K)->116K(320K) NonClass: 109K(192K)->109K(192K) Class: 7K(128K)->7K(128K)
[2026-06-17T10:05:31.147+0800][11.940s][info][gc             ] GC(483) Pause Young (Allocation Failure) 43M->39M(56M) 4.246ms
[2026-06-17T10:05:31.148+0800][11.941s][info][gc,cpu         ] GC(483) User=0.00s Sys=0.00s Real=0.00s
[2026-06-17T10:05:31.169+0800][11.962s][info][gc,start       ] GC(484) Pause Young (Allocation Failure)
[2026-06-17T10:05:31.171+0800][11.963s][info][gc,heap        ] GC(484) PSYoungGen: 12023K(13824K)->3234K(14336K) Eden: 7168K(7168K)->0K(7168K) From: 4855K(6656K)->3234K(7168K)
[2026-06-17T10:05:31.171+0800][11.964s][info][gc,heap        ] GC(484) ParOldGen: 36083K(44032K)->38157K(44032K)
[2026-06-17T10:05:31.171+0800][11.964s][info][gc,metaspace   ] GC(484) Metaspace: 116K(320K)->116K(320K) NonClass: 109K(192K)->109K(192K) Class: 7K(128K)->7K(128K)
[2026-06-17T10:05:31.172+0800][11.965s][info][gc             ] GC(484) Pause Young (Allocation Failure) 46M->40M(57M) 2.713ms
[2026-06-17T10:05:31.172+0800][11.965s][info][gc,cpu         ] GC(484) User=0.00s Sys=0.00s Real=0.01s
[2026-06-17T10:05:31.194+0800][11.987s][info][gc,start       ] GC(485) Pause Young (Allocation Failure)
[2026-06-17T10:05:31.195+0800][11.988s][info][gc,heap        ] GC(485) PSYoungGen: 10389K(14336K)->3132K(14848K) Eden: 7155K(7168K)->0K(7680K) From: 3234K(7168K)->3132K(7168K)
[2026-06-17T10:05:31.196+0800][11.989s][info][gc,heap        ] GC(485) ParOldGen: 38157K(44032K)->38157K(44032K)
[2026-06-17T10:05:31.196+0800][11.989s][info][gc,metaspace   ] GC(485) Metaspace: 116K(320K)->116K(320K) NonClass: 109K(192K)->109K(192K) Class: 7K(128K)->7K(128K)
[2026-06-17T10:05:31.197+0800][11.990s][info][gc             ] GC(485) Pause Young (Allocation Failure) 47M->40M(57M) 2.786ms
[2026-06-17T10:05:31.197+0800][11.990s][info][gc,cpu         ] GC(485) User=0.00s Sys=0.00s Real=0.00s
[2026-06-17T10:05:31.208+0800][12.001s][info][gc,start       ] GC(486) Pause Young (Allocation Failure)
[2026-06-17T10:05:31.209+0800][12.002s][info][gc,heap        ] GC(486) PSYoungGen: 10571K(14848K)->3861K(14336K) Eden: 7439K(7680K)->0K(7680K) From: 3132K(7168K)->3861K(6656K)
[2026-06-17T10:05:31.210+0800][12.003s][info][gc,heap        ] GC(486) ParOldGen: 38157K(44032K)->38157K(44032K)
[2026-06-17T10:05:31.210+0800][12.003s][info][gc,metaspace   ] GC(486) Metaspace: 116K(320K)->116K(320K) NonClass: 109K(192K)->109K(192K) Class: 7K(128K)->7K(128K)
[2026-06-17T10:05:31.211+0800][12.003s][info][gc             ] GC(486) Pause Young (Allocation Failure) 47M->41M(57M) 2.642ms
[2026-06-17T10:05:31.211+0800][12.004s][info][gc,cpu         ] GC(486) User=0.00s Sys=0.00s Real=0.01s
[2026-06-17T10:05:31.243+0800][12.036s][info][gc,start       ] GC(487) Pause Young (Allocation Failure)
[2026-06-17T10:05:31.244+0800][12.037s][info][gc,heap        ] GC(487) PSYoungGen: 11507K(14336K)->4189K(14848K) Eden: 7646K(7680K)->0K(8192K) From: 3861K(6656K)->4189K(6656K)
[2026-06-17T10:05:31.244+0800][12.037s][info][gc,heap        ] GC(487) ParOldGen: 38157K(44032K)->38157K(44032K)
[2026-06-17T10:05:31.244+0800][12.037s][info][gc,metaspace   ] GC(487) Metaspace: 116K(320K)->116K(320K) NonClass: 109K(192K)->109K(192K) Class: 7K(128K)->7K(128K)
[2026-06-17T10:05:31.245+0800][12.038s][info][gc             ] GC(487) Pause Young (Allocation Failure) 48M->41M(57M) 1.984ms
[2026-06-17T10:05:31.245+0800][12.038s][info][gc,cpu         ] GC(487) User=0.00s Sys=0.00s Real=0.00s
[2026-06-17T10:05:31.256+0800][12.049s][info][gc,start       ] GC(488) Pause Young (Allocation Failure)
[2026-06-17T10:05:31.259+0800][12.051s][info][gc,heap        ] GC(488) PSYoungGen: 12325K(14848K)->6589K(14848K) Eden: 8136K(8192K)->0K(8192K) From: 4189K(6656K)->6589K(6656K)
[2026-06-17T10:05:31.259+0800][12.052s][info][gc,heap        ] GC(488) ParOldGen: 38157K(44032K)->40668K(44032K)
[2026-06-17T10:05:31.259+0800][12.052s][info][gc,metaspace   ] GC(488) Metaspace: 116K(320K)->116K(320K) NonClass: 109K(192K)->109K(192K) Class: 7K(128K)->7K(128K)
[2026-06-17T10:05:31.259+0800][12.052s][info][gc             ] GC(488) Pause Young (Allocation Failure) 49M->46M(57M) 3.290ms
[2026-06-17T10:05:31.260+0800][12.052s][info][gc,cpu         ] GC(488) User=0.00s Sys=0.00s Real=0.00s
[2026-06-17T10:05:31.281+0800][12.074s][info][gc,start       ] GC(489) Pause Full (Allocation Failure)
[2026-06-17T10:05:31.282+0800][12.074s][info][gc,phases,start] GC(489) Marking Phase
[2026-06-17T10:05:31.283+0800][12.076s][info][gc,phases      ] GC(489) Marking Phase 1.327ms
[2026-06-17T10:05:31.283+0800][12.076s][info][gc,phases,start] GC(489) Summary Phase
[2026-06-17T10:05:31.284+0800][12.077s][info][gc,phases      ] GC(489) Summary Phase 1.119ms
[2026-06-17T10:05:31.285+0800][12.078s][info][gc,phases,start] GC(489) Forward
[2026-06-17T10:05:31.285+0800][12.078s][info][gc,phases      ] GC(489) Forward 0.357ms
[2026-06-17T10:05:31.285+0800][12.078s][info][gc,phases,start] GC(489) Adjust Pointers
[2026-06-17T10:05:31.286+0800][12.079s][info][gc,phases      ] GC(489) Adjust Pointers 0.608ms
[2026-06-17T10:05:31.286+0800][12.079s][info][gc,phases,start] GC(489) Compaction Phase
[2026-06-17T10:05:31.288+0800][12.081s][info][gc,phases      ] GC(489) Compaction Phase 1.775ms
[2026-06-17T10:05:31.289+0800][12.081s][info][gc,phases,start] GC(489) Post Compact
[2026-06-17T10:05:31.289+0800][12.082s][info][gc,phases      ] GC(489) Post Compact 0.245ms
[2026-06-17T10:05:31.289+0800][12.082s][info][gc,heap        ] GC(489) PSYoungGen: 14623K(14848K)->0K(13824K) Eden: 8034K(8192K)->0K(7168K) From: 6589K(6656K)->0K(6656K)
[2026-06-17T10:05:31.289+0800][12.082s][info][gc,heap        ] GC(489) ParOldGen: 40668K(44032K)->26066K(44032K)
[2026-06-17T10:05:31.289+0800][12.082s][info][gc,metaspace   ] GC(489) Metaspace: 116K(320K)->116K(320K) NonClass: 109K(192K)->109K(192K) Class: 7K(128K)->7K(128K)
[2026-06-17T10:05:31.289+0800][12.082s][info][gc             ] GC(489) Pause Full (Allocation Failure) 53M->25M(56M) 8.434ms
[2026-06-17T10:05:31.290+0800][12.082s][info][gc,cpu         ] GC(489) User=0.01s Sys=0.00s Real=0.01s
[2026-06-17T10:05:31.311+0800][12.103s][info][gc,start       ] GC(490) Pause Young (Allocation Failure)
[2026-06-17T10:05:31.312+0800][12.105s][info][gc,heap        ] GC(490) PSYoungGen: 7114K(13824K)->3984K(14336K) Eden: 7114K(7168K)->0K(7168K) From: 0K(6656K)->3984K(7168K)
[2026-06-17T10:05:31.312+0800][12.105s][info][gc,heap        ] GC(490) ParOldGen: 26066K(44032K)->26066K(44032K)
[2026-06-17T10:05:31.313+0800][12.106s][info][gc,metaspace   ] GC(490) Metaspace: 116K(320K)->116K(320K) NonClass: 109K(192K)->109K(192K) Class: 7K(128K)->7K(128K)
[2026-06-17T10:05:31.313+0800][12.106s][info][gc             ] GC(490) Pause Young (Allocation Failure) 32M->29M(57M) 2.389ms
[2026-06-17T10:05:31.313+0800][12.106s][info][gc,cpu         ] GC(490) User=0.00s Sys=0.00s Real=0.00s
[2026-06-17T10:05:31.324+0800][12.117s][info][gc,start       ] GC(491) Pause Young (Allocation Failure)
[2026-06-17T10:05:31.325+0800][12.118s][info][gc,heap        ] GC(491) PSYoungGen: 10045K(14336K)->2791K(14336K) Eden: 6061K(7168K)->0K(7168K) From: 3984K(7168K)->2791K(7168K)
[2026-06-17T10:05:31.325+0800][12.118s][info][gc,heap        ] GC(491) ParOldGen: 26066K(44032K)->26066K(44032K)
[2026-06-17T10:05:31.325+0800][12.118s][info][gc,metaspace   ] GC(491) Metaspace: 116K(320K)->116K(320K) NonClass: 109K(192K)->109K(192K) Class: 7K(128K)->7K(128K)
[2026-06-17T10:05:31.325+0800][12.118s][info][gc             ] GC(491) Pause Young (Allocation Failure) 35M->28M(57M) 1.225ms
[2026-06-17T10:05:31.326+0800][12.118s][info][gc,cpu         ] GC(491) User=0.00s Sys=0.00s Real=0.00s
[2026-06-17T10:05:31.346+0800][12.139s][info][gc,start       ] GC(492) Pause Young (Allocation Failure)
[2026-06-17T10:05:31.348+0800][12.140s][info][gc,heap        ] GC(492) PSYoungGen: 9955K(14336K)->6551K(14336K) Eden: 7163K(7168K)->0K(7168K) From: 2791K(7168K)->6551K(7168K)
[2026-06-17T10:05:31.348+0800][12.141s][info][gc,heap        ] GC(492) ParOldGen: 26066K(44032K)->26066K(44032K)
[2026-06-17T10:05:31.349+0800][12.141s][info][gc,metaspace   ] GC(492) Metaspace: 116K(320K)->116K(320K) NonClass: 109K(192K)->109K(192K) Class: 7K(128K)->7K(128K)
[2026-06-17T10:05:31.349+0800][12.142s][info][gc             ] GC(492) Pause Young (Allocation Failure) 35M->31M(57M) 2.478ms
[2026-06-17T10:05:31.349+0800][12.142s][info][gc,cpu         ] GC(492) User=0.00s Sys=0.00s Real=0.00s
[2026-06-17T10:05:31.371+0800][12.164s][info][gc,start       ] GC(493) Pause Young (Allocation Failure)
[2026-06-17T10:05:31.374+0800][12.167s][info][gc,heap        ] GC(493) PSYoungGen: 13677K(14336K)->4129K(14336K) Eden: 7126K(7168K)->0K(7168K) From: 6551K(7168K)->4129K(7168K)
[2026-06-17T10:05:31.375+0800][12.168s][info][gc,heap        ] GC(493) ParOldGen: 26066K(44032K)->28833K(44032K)
[2026-06-17T10:05:31.375+0800][12.168s][info][gc,metaspace   ] GC(493) Metaspace: 116K(320K)->116K(320K) NonClass: 109K(192K)->109K(192K) Class: 7K(128K)->7K(128K)
[2026-06-17T10:05:31.376+0800][12.169s][info][gc             ] GC(493) Pause Young (Allocation Failure) 38M->32M(57M) 4.816ms
[2026-06-17T10:05:31.376+0800][12.169s][info][gc,cpu         ] GC(493) User=0.00s Sys=0.00s Real=0.00s
[2026-06-17T10:05:31.399+0800][12.192s][info][gc,start       ] GC(494) Pause Young (Allocation Failure)
[2026-06-17T10:05:31.400+0800][12.193s][info][gc,heap        ] GC(494) PSYoungGen: 11282K(14336K)->541K(14336K) Eden: 7153K(7168K)->0K(7168K) From: 4129K(7168K)->541K(7168K)
[2026-06-17T10:05:31.401+0800][12.194s][info][gc,heap        ] GC(494) ParOldGen: 28833K(44032K)->31918K(44032K)
[2026-06-17T10:05:31.402+0800][12.194s][info][gc,metaspace   ] GC(494) Metaspace: 116K(320K)->116K(320K) NonClass: 109K(192K)->109K(192K) Class: 7K(128K)->7K(128K)
[2026-06-17T10:05:31.402+0800][12.195s][info][gc             ] GC(494) Pause Young (Allocation Failure) 39M->31M(57M) 3.138ms
[2026-06-17T10:05:31.403+0800][12.196s][info][gc,cpu         ] GC(494) User=0.00s Sys=0.00s Real=0.01s
[2026-06-17T10:05:31.415+0800][12.207s][info][gc,start       ] GC(495) Pause Young (Allocation Failure)
[2026-06-17T10:05:31.416+0800][12.209s][info][gc,heap        ] GC(495) PSYoungGen: 7691K(14336K)->4471K(14336K) Eden: 7150K(7168K)->0K(7168K) From: 541K(7168K)->4471K(7168K)
[2026-06-17T10:05:31.416+0800][12.209s][info][gc,heap        ] GC(495) ParOldGen: 31918K(44032K)->31918K(44032K)
[2026-06-17T10:05:31.417+0800][12.209s][info][gc,metaspace   ] GC(495) Metaspace: 116K(320K)->116K(320K) NonClass: 109K(192K)->109K(192K) Class: 7K(128K)->7K(128K)
[2026-06-17T10:05:31.417+0800][12.210s][info][gc             ] GC(495) Pause Young (Allocation Failure) 38M->35M(57M) 2.378ms
[2026-06-17T10:05:31.417+0800][12.210s][info][gc,cpu         ] GC(495) User=0.00s Sys=0.00s Real=0.00s
[2026-06-17T10:05:31.439+0800][12.232s][info][gc,start       ] GC(496) Pause Young (Allocation Failure)
[2026-06-17T10:05:31.441+0800][12.234s][info][gc,heap        ] GC(496) PSYoungGen: 11626K(14336K)->3235K(14336K) Eden: 7155K(7168K)->0K(7168K) From: 4471K(7168K)->3235K(7168K)
[2026-06-17T10:05:31.442+0800][12.235s][info][gc,heap        ] GC(496) ParOldGen: 31918K(44032K)->33841K(44032K)
[2026-06-17T10:05:31.442+0800][12.235s][info][gc,metaspace   ] GC(496) Metaspace: 116K(320K)->116K(320K) NonClass: 109K(192K)->109K(192K) Class: 7K(128K)->7K(128K)
[2026-06-17T10:05:31.443+0800][12.236s][info][gc             ] GC(496) Pause Young (Allocation Failure) 42M->36M(57M) 3.889ms
[2026-06-17T10:05:31.444+0800][12.236s][info][gc,cpu         ] GC(496) User=0.00s Sys=0.00s Real=0.01s
[2026-06-17T10:05:31.466+0800][12.259s][info][gc,start       ] GC(497) Pause Young (Allocation Failure)
[2026-06-17T10:05:31.467+0800][12.260s][info][gc,heap        ] GC(497) PSYoungGen: 10362K(14336K)->3147K(14336K) Eden: 7127K(7168K)->0K(7168K) From: 3235K(7168K)->3147K(7168K)
[2026-06-17T10:05:31.468+0800][12.261s][info][gc,heap        ] GC(497) ParOldGen: 33841K(44032K)->33841K(44032K)
[2026-06-17T10:05:31.469+0800][12.261s][info][gc,metaspace   ] GC(497) Metaspace: 116K(320K)->116K(320K) NonClass: 109K(192K)->109K(192K) Class: 7K(128K)->7K(128K)
[2026-06-17T10:05:31.469+0800][12.262s][info][gc             ] GC(497) Pause Young (Allocation Failure) 43M->36M(57M) 3.565ms
[2026-06-17T10:05:31.470+0800][12.263s][info][gc,cpu         ] GC(497) User=0.01s Sys=0.00s Real=0.00s
[2026-06-17T10:05:31.482+0800][12.275s][info][gc,start       ] GC(498) Pause Young (Allocation Failure)
[2026-06-17T10:05:31.483+0800][12.276s][info][gc,heap        ] GC(498) PSYoungGen: 10282K(14336K)->1608K(14336K) Eden: 7134K(7168K)->0K(7168K) From: 3147K(7168K)->1608K(7168K)
[2026-06-17T10:05:31.484+0800][12.277s][info][gc,heap        ] GC(498) ParOldGen: 33841K(44032K)->35911K(44032K)
[2026-06-17T10:05:31.484+0800][12.277s][info][gc,metaspace   ] GC(498) Metaspace: 116K(320K)->116K(320K) NonClass: 109K(192K)->109K(192K) Class: 7K(128K)->7K(128K)
[2026-06-17T10:05:31.484+0800][12.277s][info][gc             ] GC(498) Pause Young (Allocation Failure) 43M->36M(57M) 2.324ms
[2026-06-17T10:05:31.485+0800][12.277s][info][gc,cpu         ] GC(498) User=0.00s Sys=0.01s Real=0.01s
[2026-06-17T10:05:31.506+0800][12.299s][info][gc,start       ] GC(499) Pause Young (Allocation Failure)
[2026-06-17T10:05:31.509+0800][12.302s][info][gc,heap        ] GC(499) PSYoungGen: 8775K(14336K)->3637K(14336K) Eden: 7167K(7168K)->0K(7168K) From: 1608K(7168K)->3637K(7168K)
[2026-06-17T10:05:31.509+0800][12.302s][info][gc,heap        ] GC(499) ParOldGen: 35911K(44032K)->37495K(44032K)
[2026-06-17T10:05:31.510+0800][12.302s][info][gc,metaspace   ] GC(499) Metaspace: 116K(320K)->116K(320K) NonClass: 109K(192K)->109K(192K) Class: 7K(128K)->7K(128K)
[2026-06-17T10:05:31.510+0800][12.303s][info][gc             ] GC(499) Pause Young (Allocation Failure) 43M->40M(57M) 3.535ms
[2026-06-17T10:05:31.510+0800][12.303s][info][gc,cpu         ] GC(499) User=0.00s Sys=0.00s Real=0.00s
[2026-06-17T10:05:31.531+0800][12.324s][info][gc,start       ] GC(500) Pause Young (Allocation Failure)
[2026-06-17T10:05:31.533+0800][12.326s][info][gc,heap        ] GC(500) PSYoungGen: 10776K(14336K)->3434K(14336K) Eden: 7139K(7168K)->0K(7168K) From: 3637K(7168K)->3434K(7168K)
[2026-06-17T10:05:31.533+0800][12.326s][info][gc,heap        ] GC(500) ParOldGen: 37495K(44032K)->37911K(44032K)
[2026-06-17T10:05:31.534+0800][12.326s][info][gc,metaspace   ] GC(500) Metaspace: 116K(320K)->116K(320K) NonClass: 109K(192K)->109K(192K) Class: 7K(128K)->7K(128K)
[2026-06-17T10:05:31.534+0800][12.327s][info][gc             ] GC(500) Pause Young (Allocation Failure) 47M->40M(57M) 2.581ms
[2026-06-17T10:05:31.534+0800][12.327s][info][gc,cpu         ] GC(500) User=0.00s Sys=0.00s Real=0.00s
[2026-06-17T10:05:31.555+0800][12.348s][info][gc,start       ] GC(501) Pause Young (Allocation Failure)
[2026-06-17T10:05:31.557+0800][12.350s][info][gc,heap        ] GC(501) PSYoungGen: 10601K(14336K)->1247K(14848K) Eden: 7166K(7168K)->0K(8192K) From: 3434K(7168K)->1247K(6656K)
[2026-06-17T10:05:31.557+0800][12.350s][info][gc,heap        ] GC(501) ParOldGen: 37911K(44032K)->40113K(44032K)
[2026-06-17T10:05:31.558+0800][12.350s][info][gc,metaspace   ] GC(501) Metaspace: 116K(320K)->116K(320K) NonClass: 109K(192K)->109K(192K) Class: 7K(128K)->7K(128K)
[2026-06-17T10:05:31.558+0800][12.351s][info][gc             ] GC(501) Pause Young (Allocation Failure) 47M->40M(57M) 2.415ms
[2026-06-17T10:05:31.558+0800][12.351s][info][gc,cpu         ] GC(501) User=0.01s Sys=0.00s Real=0.00s
[2026-06-17T10:05:31.570+0800][12.362s][info][gc,start       ] GC(502) Pause Full (Allocation Failure)
[2026-06-17T10:05:31.570+0800][12.363s][info][gc,phases,start] GC(502) Marking Phase
[2026-06-17T10:05:31.573+0800][12.365s][info][gc,phases      ] GC(502) Marking Phase 2.439ms
[2026-06-17T10:05:31.573+0800][12.366s][info][gc,phases,start] GC(502) Summary Phase
[2026-06-17T10:05:31.573+0800][12.366s][info][gc,phases      ] GC(502) Summary Phase 0.302ms
[2026-06-17T10:05:31.574+0800][12.366s][info][gc,phases,start] GC(502) Forward
[2026-06-17T10:05:31.574+0800][12.367s][info][gc,phases      ] GC(502) Forward 0.401ms
[2026-06-17T10:05:31.574+0800][12.367s][info][gc,phases,start] GC(502) Adjust Pointers
[2026-06-17T10:05:31.576+0800][12.368s][info][gc,phases      ] GC(502) Adjust Pointers 1.249ms
[2026-06-17T10:05:31.576+0800][12.369s][info][gc,phases,start] GC(502) Compaction Phase
[2026-06-17T10:05:31.578+0800][12.371s][info][gc,phases      ] GC(502) Compaction Phase 1.926ms
[2026-06-17T10:05:31.578+0800][12.371s][info][gc,phases,start] GC(502) Post Compact
[2026-06-17T10:05:31.579+0800][12.372s][info][gc,phases      ] GC(502) Post Compact 0.412ms
[2026-06-17T10:05:31.579+0800][12.372s][info][gc,heap        ] GC(502) PSYoungGen: 9400K(14848K)->0K(14848K) Eden: 8153K(8192K)->0K(8192K) From: 1247K(6656K)->0K(6656K)
[2026-06-17T10:05:31.579+0800][12.372s][info][gc,heap        ] GC(502) ParOldGen: 40113K(44032K)->26571K(44032K)
[2026-06-17T10:05:31.580+0800][12.372s][info][gc,metaspace   ] GC(502) Metaspace: 116K(320K)->116K(320K) NonClass: 109K(192K)->109K(192K) Class: 7K(128K)->7K(128K)
[2026-06-17T10:05:31.580+0800][12.373s][info][gc             ] GC(502) Pause Full (Allocation Failure) 48M->25M(57M) 10.062ms
[2026-06-17T10:05:31.580+0800][12.373s][info][gc,cpu         ] GC(502) User=0.00s Sys=0.00s Real=0.01s
[2026-06-17T10:05:31.602+0800][12.394s][info][gc,start       ] GC(503) Pause Young (Allocation Failure)
[2026-06-17T10:05:31.603+0800][12.396s][info][gc,heap        ] GC(503) PSYoungGen: 8071K(14848K)->672K(14848K) Eden: 8071K(8192K)->0K(8192K) From: 0K(6656K)->672K(6656K)
[2026-06-17T10:05:31.603+0800][12.396s][info][gc,heap        ] GC(503) ParOldGen: 26571K(44032K)->26571K(44032K)
[2026-06-17T10:05:31.604+0800][12.397s][info][gc,metaspace   ] GC(503) Metaspace: 116K(320K)->116K(320K) NonClass: 109K(192K)->109K(192K) Class: 7K(128K)->7K(128K)
[2026-06-17T10:05:31.604+0800][12.397s][info][gc             ] GC(503) Pause Young (Allocation Failure) 33M->26M(57M) 2.598ms
[2026-06-17T10:05:31.604+0800][12.397s][info][gc,cpu         ] GC(503) User=0.00s Sys=0.00s Real=0.01s
[2026-06-17T10:05:31.626+0800][12.419s][info][gc,start       ] GC(504) Pause Young (Allocation Failure)
[2026-06-17T10:05:31.627+0800][12.420s][info][gc,heap        ] GC(504) PSYoungGen: 8814K(14848K)->5222K(13824K) Eden: 8142K(8192K)->0K(8192K) From: 672K(6656K)->5222K(5632K)
[2026-06-17T10:05:31.628+0800][12.420s][info][gc,heap        ] GC(504) ParOldGen: 26571K(44032K)->26571K(44032K)
[2026-06-17T10:05:31.628+0800][12.421s][info][gc,metaspace   ] GC(504) Metaspace: 116K(320K)->116K(320K) NonClass: 109K(192K)->109K(192K) Class: 7K(128K)->7K(128K)
[2026-06-17T10:05:31.630+0800][12.423s][info][gc             ] GC(504) Pause Young (Allocation Failure) 34M->31M(56M) 4.216ms
[2026-06-17T10:05:31.632+0800][12.425s][info][gc,cpu         ] GC(504) User=0.00s Sys=0.00s Real=0.01s
[2026-06-17T10:05:31.655+0800][12.448s][info][gc,start       ] GC(505) Pause Young (Allocation Failure)
[2026-06-17T10:05:31.657+0800][12.450s][info][gc,heap        ] GC(505) PSYoungGen: 13414K(13824K)->6735K(14336K) Eden: 8192K(8192K)->0K(7168K) From: 5222K(5632K)->6735K(7168K)
[2026-06-17T10:05:31.657+0800][12.450s][info][gc,heap        ] GC(505) ParOldGen: 26571K(44032K)->26571K(44032K)
[2026-06-17T10:05:31.658+0800][12.450s][info][gc,metaspace   ] GC(505) Metaspace: 116K(320K)->116K(320K) NonClass: 109K(192K)->109K(192K) Class: 7K(128K)->7K(128K)
[2026-06-17T10:05:31.658+0800][12.451s][info][gc             ] GC(505) Pause Young (Allocation Failure) 39M->32M(57M) 2.840ms
[2026-06-17T10:05:31.658+0800][12.451s][info][gc,cpu         ] GC(505) User=0.00s Sys=0.00s Real=0.00s
[2026-06-17T10:05:31.680+0800][12.473s][info][gc,start       ] GC(506) Pause Young (Allocation Failure)
[2026-06-17T10:05:31.682+0800][12.474s][info][gc,heap        ] GC(506) PSYoungGen: 13901K(14336K)->4473K(14336K) Eden: 7166K(7168K)->0K(7168K) From: 6735K(7168K)->4473K(7168K)
[2026-06-17T10:05:31.682+0800][12.475s][info][gc,heap        ] GC(506) ParOldGen: 26571K(44032K)->29168K(44032K)
[2026-06-17T10:05:31.682+0800][12.475s][info][gc,metaspace   ] GC(506) Metaspace: 116K(320K)->116K(320K) NonClass: 109K(192K)->109K(192K) Class: 7K(128K)->7K(128K)
[2026-06-17T10:05:31.683+0800][12.475s][info][gc             ] GC(506) Pause Young (Allocation Failure) 39M->32M(57M) 2.586ms
[2026-06-17T10:05:31.683+0800][12.476s][info][gc,cpu         ] GC(506) User=0.00s Sys=0.00s Real=0.01s
[2026-06-17T10:05:31.704+0800][12.497s][info][gc,start       ] GC(507) Pause Young (Allocation Failure)
[2026-06-17T10:05:31.706+0800][12.499s][info][gc,heap        ] GC(507) PSYoungGen: 11640K(14336K)->2706K(14336K) Eden: 7166K(7168K)->0K(7168K) From: 4473K(7168K)->2706K(7168K)
[2026-06-17T10:05:31.707+0800][12.499s][info][gc,heap        ] GC(507) ParOldGen: 29168K(44032K)->31389K(44032K)
[2026-06-17T10:05:31.707+0800][12.500s][info][gc,metaspace   ] GC(507) Metaspace: 116K(320K)->116K(320K) NonClass: 109K(192K)->109K(192K) Class: 7K(128K)->7K(128K)
[2026-06-17T10:05:31.707+0800][12.500s][info][gc             ] GC(507) Pause Young (Allocation Failure) 39M->33M(57M) 2.982ms
[2026-06-17T10:05:31.708+0800][12.500s][info][gc,cpu         ] GC(507) User=0.00s Sys=0.00s Real=0.00s
[2026-06-17T10:05:31.719+0800][12.512s][info][gc,start       ] GC(508) Pause Young (Allocation Failure)
[2026-06-17T10:05:31.721+0800][12.513s][info][gc,heap        ] GC(508) PSYoungGen: 9546K(14336K)->1308K(14336K) Eden: 6839K(7168K)->0K(7168K) From: 2706K(7168K)->1308K(7168K)
[2026-06-17T10:05:31.721+0800][12.514s][info][gc,heap        ] GC(508) ParOldGen: 31389K(44032K)->33028K(44032K)
[2026-06-17T10:05:31.721+0800][12.514s][info][gc,metaspace   ] GC(508) Metaspace: 116K(320K)->116K(320K) NonClass: 109K(192K)->109K(192K) Class: 7K(128K)->7K(128K)
[2026-06-17T10:05:31.722+0800][12.515s][info][gc             ] GC(508) Pause Young (Allocation Failure) 39M->33M(57M) 3.094ms
[2026-06-17T10:05:31.723+0800][12.515s][info][gc,cpu         ] GC(508) User=0.00s Sys=0.00s Real=0.01s
[2026-06-17T10:05:31.745+0800][12.538s][info][gc,start       ] GC(509) Pause Young (Allocation Failure)
[2026-06-17T10:05:31.746+0800][12.539s][info][gc,heap        ] GC(509) PSYoungGen: 8468K(14336K)->3506K(14336K) Eden: 7160K(7168K)->0K(7168K) From: 1308K(7168K)->3506K(7168K)
[2026-06-17T10:05:31.747+0800][12.540s][info][gc,heap        ] GC(509) ParOldGen: 33028K(44032K)->34312K(44032K)
[2026-06-17T10:05:31.749+0800][12.541s][info][gc,metaspace   ] GC(509) Metaspace: 116K(320K)->116K(320K) NonClass: 109K(192K)->109K(192K) Class: 7K(128K)->7K(128K)
[2026-06-17T10:05:31.749+0800][12.542s][info][gc             ] GC(509) Pause Young (Allocation Failure) 40M->36M(57M) 4.159ms
[2026-06-17T10:05:31.750+0800][12.542s][info][gc,cpu         ] GC(509) User=0.00s Sys=0.00s Real=0.00s
[2026-06-17T10:05:31.771+0800][12.564s][info][gc,start       ] GC(510) Pause Young (Allocation Failure)
[2026-06-17T10:05:31.773+0800][12.566s][info][gc,heap        ] GC(510) PSYoungGen: 10619K(14336K)->3404K(14336K) Eden: 7113K(7168K)->0K(7168K) From: 3506K(7168K)->3404K(7168K)
[2026-06-17T10:05:31.774+0800][12.566s][info][gc,heap        ] GC(510) ParOldGen: 34312K(44032K)->34797K(44032K)
[2026-06-17T10:05:31.774+0800][12.567s][info][gc,metaspace   ] GC(510) Metaspace: 116K(320K)->116K(320K) NonClass: 109K(192K)->109K(192K) Class: 7K(128K)->7K(128K)
[2026-06-17T10:05:31.775+0800][12.568s][info][gc             ] GC(510) Pause Young (Allocation Failure) 43M->37M(57M) 3.463ms
[2026-06-17T10:05:31.775+0800][12.568s][info][gc,cpu         ] GC(510) User=0.01s Sys=0.00s Real=0.00s
[2026-06-17T10:05:31.797+0800][12.590s][info][gc,start       ] GC(511) Pause Young (Allocation Failure)
[2026-06-17T10:05:31.818+0800][12.611s][info][gc,heap        ] GC(511) PSYoungGen: 10550K(14336K)->1771K(14336K) Eden: 7145K(7168K)->0K(7168K) From: 3404K(7168K)->1771K(7168K)
[2026-06-17T10:05:31.854+0800][12.647s][info][gc,heap        ] GC(511) ParOldGen: 34797K(44032K)->36441K(44032K)
[2026-06-17T10:05:31.886+0800][12.679s][info][gc,metaspace   ] GC(511) Metaspace: 116K(320K)->116K(320K) NonClass: 109K(192K)->109K(192K) Class: 7K(128K)->7K(128K)
[2026-06-17T10:05:31.893+0800][12.686s][info][gc             ] GC(511) Pause Young (Allocation Failure) 44M->37M(57M) 95.864ms
[2026-06-17T10:05:31.898+0800][12.690s][info][gc,cpu         ] GC(511) User=0.00s Sys=0.00s Real=0.10s
[2026-06-17T10:05:31.910+0800][12.702s][info][gc,start       ] GC(512) Pause Young (Allocation Failure)
[2026-06-17T10:05:31.916+0800][12.709s][info][gc,heap        ] GC(512) PSYoungGen: 8889K(14336K)->4390K(14336K) Eden: 7118K(7168K)->0K(7168K) From: 1771K(7168K)->4390K(7168K)
[2026-06-17T10:05:31.917+0800][12.710s][info][gc,heap        ] GC(512) ParOldGen: 36441K(44032K)->37548K(44032K)
[2026-06-17T10:05:31.918+0800][12.711s][info][gc,metaspace   ] GC(512) Metaspace: 116K(320K)->116K(320K) NonClass: 109K(192K)->109K(192K) Class: 7K(128K)->7K(128K)
[2026-06-17T10:05:31.919+0800][12.711s][info][gc             ] GC(512) Pause Young (Allocation Failure) 44M->40M(57M) 8.943ms
[2026-06-17T10:05:31.923+0800][12.716s][info][gc,cpu         ] GC(512) User=0.00s Sys=0.00s Real=0.02s
[2026-06-17T10:05:31.946+0800][12.739s][info][gc,start       ] GC(513) Pause Young (Allocation Failure)
[2026-06-17T10:05:31.948+0800][12.741s][info][gc,heap        ] GC(513) PSYoungGen: 11516K(14336K)->4411K(14336K) Eden: 7125K(7168K)->0K(7168K) From: 4390K(7168K)->4411K(7168K)
[2026-06-17T10:05:31.950+0800][12.743s][info][gc,heap        ] GC(513) ParOldGen: 37548K(44032K)->37548K(44032K)
[2026-06-17T10:05:31.951+0800][12.744s][info][gc,metaspace   ] GC(513) Metaspace: 116K(320K)->116K(320K) NonClass: 109K(192K)->109K(192K) Class: 7K(128K)->7K(128K)
[2026-06-17T10:05:31.955+0800][12.747s][info][gc             ] GC(513) Pause Young (Allocation Failure) 47M->40M(57M) 8.529ms
[2026-06-17T10:05:31.961+0800][12.754s][info][gc,cpu         ] GC(513) User=0.01s Sys=0.00s Real=0.01s
[2026-06-17T10:05:31.983+0800][12.776s][info][gc,start       ] GC(514) Pause Young (Allocation Failure)
[2026-06-17T10:05:31.986+0800][12.779s][info][gc,heap        ] GC(514) PSYoungGen: 11555K(14336K)->4444K(14336K) Eden: 7143K(7168K)->0K(7168K) From: 4411K(7168K)->4444K(7168K)
[2026-06-17T10:05:31.989+0800][12.782s][info][gc,heap        ] GC(514) ParOldGen: 37548K(44032K)->37548K(44032K)
[2026-06-17T10:05:31.993+0800][12.785s][info][gc,metaspace   ] GC(514) Metaspace: 116K(320K)->116K(320K) NonClass: 109K(192K)->109K(192K) Class: 7K(128K)->7K(128K)
[2026-06-17T10:05:31.996+0800][12.789s][info][gc             ] GC(514) Pause Young (Allocation Failure) 47M->41M(57M) 12.575ms
[2026-06-17T10:05:32.005+0800][12.797s][info][gc,cpu         ] GC(514) User=0.00s Sys=0.00s Real=0.02s
[2026-06-17T10:05:32.017+0800][12.809s][info][gc,start       ] GC(515) Pause Young (Allocation Failure)
[2026-06-17T10:05:32.019+0800][12.812s][info][gc,heap        ] GC(515) PSYoungGen: 11377K(14336K)->4446K(14336K) Eden: 6933K(7168K)->0K(7168K) From: 4444K(7168K)->4446K(7168K)
[2026-06-17T10:05:32.021+0800][12.813s][info][gc,heap        ] GC(515) ParOldGen: 37548K(44032K)->37548K(44032K)
[2026-06-17T10:05:32.021+0800][12.814s][info][gc,metaspace   ] GC(515) Metaspace: 116K(320K)->116K(320K) NonClass: 109K(192K)->109K(192K) Class: 7K(128K)->7K(128K)
[2026-06-17T10:05:32.023+0800][12.816s][info][gc             ] GC(515) Pause Young (Allocation Failure) 47M->41M(57M) 6.736ms
[2026-06-17T10:05:32.025+0800][12.817s][info][gc,cpu         ] GC(515) User=0.00s Sys=0.00s Real=0.01s
[2026-06-17T10:05:32.049+0800][12.842s][info][gc,start       ] GC(516) Pause Young (Allocation Failure)
[2026-06-17T10:05:32.050+0800][12.843s][info][gc,heap        ] GC(516) PSYoungGen: 11605K(14336K)->7014K(14336K) Eden: 7159K(7168K)->0K(7168K) From: 4446K(7168K)->7014K(7168K)
[2026-06-17T10:05:32.051+0800][12.844s][info][gc,heap        ] GC(516) ParOldGen: 37548K(44032K)->38581K(44032K)
[2026-06-17T10:05:32.053+0800][12.846s][info][gc,metaspace   ] GC(516) Metaspace: 116K(320K)->116K(320K) NonClass: 109K(192K)->109K(192K) Class: 7K(128K)->7K(128K)
[2026-06-17T10:05:32.057+0800][12.850s][info][gc             ] GC(516) Pause Young (Allocation Failure) 48M->44M(57M) 8.043ms
[2026-06-17T10:05:32.058+0800][12.850s][info][gc,cpu         ] GC(516) User=0.00s Sys=0.00s Real=0.01s
[2026-06-17T10:05:32.081+0800][12.873s][info][gc,start       ] GC(517) Pause Young (Allocation Failure)
[2026-06-17T10:05:32.083+0800][12.876s][info][gc,heap        ] GC(517) PSYoungGen: 14176K(14336K)->5744K(14336K) Eden: 7161K(7168K)->0K(7168K) From: 7014K(7168K)->5744K(7168K)
[2026-06-17T10:05:32.084+0800][12.876s][info][gc,heap        ] GC(517) ParOldGen: 38581K(44032K)->40229K(44032K)
[2026-06-17T10:05:32.084+0800][12.877s][info][gc,metaspace   ] GC(517) Metaspace: 116K(320K)->116K(320K) NonClass: 109K(192K)->109K(192K) Class: 7K(128K)->7K(128K)
[2026-06-17T10:05:32.085+0800][12.877s][info][gc             ] GC(517) Pause Young (Allocation Failure) 51M->44M(57M) 3.882ms
[2026-06-17T10:05:32.085+0800][12.878s][info][gc,cpu         ] GC(517) User=0.00s Sys=0.00s Real=0.01s
[2026-06-17T10:05:32.107+0800][12.900s][info][gc,start       ] GC(518) Pause Young (Allocation Failure)
[2026-06-17T10:05:32.108+0800][12.901s][info][gc,heap        ] GC(518) PSYoungGen: 12865K(14336K)->3897K(14336K) Eden: 7121K(7168K)->0K(7168K) From: 5744K(7168K)->3897K(7168K)
[2026-06-17T10:05:32.109+0800][12.901s][info][gc,heap        ] GC(518) ParOldGen: 40229K(44032K)->41947K(44032K)
[2026-06-17T10:05:32.109+0800][12.902s][info][gc,metaspace   ] GC(518) Metaspace: 116K(320K)->116K(320K) NonClass: 109K(192K)->109K(192K) Class: 7K(128K)->7K(128K)
[2026-06-17T10:05:32.109+0800][12.902s][info][gc             ] GC(518) Pause Young (Allocation Failure) 51M->44M(57M) 2.319ms
[2026-06-17T10:05:32.109+0800][12.902s][info][gc,cpu         ] GC(518) User=0.00s Sys=0.00s Real=0.00s
[2026-06-17T10:05:32.120+0800][12.913s][info][gc,start       ] GC(519) Pause Full (Allocation Failure)
[2026-06-17T10:05:32.123+0800][12.916s][info][gc,phases,start] GC(519) Marking Phase
[2026-06-17T10:05:32.126+0800][12.918s][info][gc,phases      ] GC(519) Marking Phase 2.357ms
[2026-06-17T10:05:32.126+0800][12.919s][info][gc,phases,start] GC(519) Summary Phase
[2026-06-17T10:05:32.127+0800][12.920s][info][gc,phases      ] GC(519) Summary Phase 0.769ms
[2026-06-17T10:05:32.127+0800][12.920s][info][gc,phases,start] GC(519) Forward
[2026-06-17T10:05:32.128+0800][12.921s][info][gc,phases      ] GC(519) Forward 0.551ms
[2026-06-17T10:05:32.128+0800][12.921s][info][gc,phases,start] GC(519) Adjust Pointers
[2026-06-17T10:05:32.129+0800][12.922s][info][gc,phases      ] GC(519) Adjust Pointers 0.888ms
[2026-06-17T10:05:32.130+0800][12.922s][info][gc,phases,start] GC(519) Compaction Phase
[2026-06-17T10:05:32.131+0800][12.924s][info][gc,phases      ] GC(519) Compaction Phase 1.685ms
[2026-06-17T10:05:32.132+0800][12.925s][info][gc,phases,start] GC(519) Post Compact
[2026-06-17T10:05:32.132+0800][12.925s][info][gc,phases      ] GC(519) Post Compact 0.563ms
[2026-06-17T10:05:32.133+0800][12.926s][info][gc,heap        ] GC(519) PSYoungGen: 11059K(14336K)->0K(14336K) Eden: 7162K(7168K)->0K(7168K) From: 3897K(7168K)->0K(7168K)
[2026-06-17T10:05:32.134+0800][12.926s][info][gc,heap        ] GC(519) ParOldGen: 41947K(44032K)->26591K(44032K)
[2026-06-17T10:05:32.134+0800][12.927s][info][gc,metaspace   ] GC(519) Metaspace: 116K(320K)->116K(320K) NonClass: 109K(192K)->109K(192K) Class: 7K(128K)->7K(128K)
[2026-06-17T10:05:32.135+0800][12.928s][info][gc             ] GC(519) Pause Full (Allocation Failure) 51M->25M(57M) 14.302ms
[2026-06-17T10:05:32.135+0800][12.928s][info][gc,cpu         ] GC(519) User=0.00s Sys=0.00s Real=0.02s
[2026-06-17T10:05:32.157+0800][12.950s][info][gc,start       ] GC(520) Pause Young (Allocation Failure)
[2026-06-17T10:05:32.158+0800][12.951s][info][gc,heap        ] GC(520) PSYoungGen: 7130K(14336K)->3647K(14336K) Eden: 7130K(7168K)->0K(7168K) From: 0K(7168K)->3647K(7168K)
[2026-06-17T10:05:32.159+0800][12.951s][info][gc,heap        ] GC(520) ParOldGen: 26591K(44032K)->26591K(44032K)
[2026-06-17T10:05:32.159+0800][12.952s][info][gc,metaspace   ] GC(520) Metaspace: 116K(320K)->116K(320K) NonClass: 109K(192K)->109K(192K) Class: 7K(128K)->7K(128K)
[2026-06-17T10:05:32.160+0800][12.953s][info][gc             ] GC(520) Pause Young (Allocation Failure) 32M->29M(57M) 2.867ms
[2026-06-17T10:05:32.160+0800][12.953s][info][gc,cpu         ] GC(520) User=0.01s Sys=0.00s Real=0.00s
[2026-06-17T10:05:32.172+0800][12.965s][info][gc,start       ] GC(521) Pause Young (Allocation Failure)
[2026-06-17T10:05:32.173+0800][12.966s][info][gc,heap        ] GC(521) PSYoungGen: 10778K(14336K)->6181K(14336K) Eden: 7131K(7168K)->0K(7168K) From: 3647K(7168K)->6181K(7168K)
[2026-06-17T10:05:32.174+0800][12.967s][info][gc,heap        ] GC(521) ParOldGen: 26591K(44032K)->27735K(44032K)
[2026-06-17T10:05:32.174+0800][12.967s][info][gc,metaspace   ] GC(521) Metaspace: 116K(320K)->116K(320K) NonClass: 109K(192K)->109K(192K) Class: 7K(128K)->7K(128K)
[2026-06-17T10:05:32.175+0800][12.967s][info][gc             ] GC(521) Pause Young (Allocation Failure) 36M->33M(57M) 2.690ms
[2026-06-17T10:05:32.175+0800][12.968s][info][gc,cpu         ] GC(521) User=0.00s Sys=0.00s Real=0.00s
[2026-06-17T10:05:32.197+0800][12.990s][info][gc,start       ] GC(522) Pause Young (Allocation Failure)
[2026-06-17T10:05:32.198+0800][12.991s][info][gc,heap        ] GC(522) PSYoungGen: 13349K(14336K)->32K(14336K) Eden: 7168K(7168K)->0K(7168K) From: 6181K(7168K)->32K(7168K)
[2026-06-17T10:05:32.199+0800][12.991s][info][gc,heap        ] GC(522) ParOldGen: 27735K(44032K)->30480K(44032K)
[2026-06-17T10:05:32.199+0800][12.992s][info][gc,metaspace   ] GC(522) Metaspace: 116K(320K)->116K(320K) NonClass: 109K(192K)->109K(192K) Class: 7K(128K)->7K(128K)
[2026-06-17T10:05:32.200+0800][12.992s][info][gc             ] GC(522) Pause Young (Allocation Failure) 40M->29M(57M) 2.960ms
[2026-06-17T10:05:32.200+0800][12.993s][info][gc,cpu         ] GC(522) User=0.00s Sys=0.00s Real=0.00s
[2026-06-17T10:05:32.222+0800][13.014s][info][gc,start       ] GC(523) Pause Young (Allocation Failure)
[2026-06-17T10:05:32.223+0800][13.016s][info][gc,heap        ] GC(523) PSYoungGen: 7145K(14336K)->3690K(14336K) Eden: 7113K(7168K)->0K(7168K) From: 32K(7168K)->3690K(7168K)
[2026-06-17T10:05:32.224+0800][13.016s][info][gc,heap        ] GC(523) ParOldGen: 30480K(44032K)->30480K(44032K)
[2026-06-17T10:05:32.224+0800][13.017s][info][gc,metaspace   ] GC(523) Metaspace: 116K(320K)->116K(320K) NonClass: 109K(192K)->109K(192K) Class: 7K(128K)->7K(128K)
[2026-06-17T10:05:32.225+0800][13.017s][info][gc             ] GC(523) Pause Young (Allocation Failure) 36M->33M(57M) 2.931ms
[2026-06-17T10:05:32.225+0800][13.018s][info][gc,cpu         ] GC(523) User=0.00s Sys=0.00s Real=0.01s
[2026-06-17T10:05:32.236+0800][13.029s][info][gc,start       ] GC(524) Pause Young (Allocation Failure)
[2026-06-17T10:05:32.239+0800][13.032s][info][gc,heap        ] GC(524) PSYoungGen: 10782K(14336K)->1360K(14336K) Eden: 7091K(7168K)->0K(7168K) From: 3690K(7168K)->1360K(7168K)
[2026-06-17T10:05:32.240+0800][13.032s][info][gc,heap        ] GC(524) ParOldGen: 30480K(44032K)->32700K(44032K)
[2026-06-17T10:05:32.240+0800][13.033s][info][gc,metaspace   ] GC(524) Metaspace: 116K(320K)->116K(320K) NonClass: 109K(192K)->109K(192K) Class: 7K(128K)->7K(128K)
[2026-06-17T10:05:32.241+0800][13.034s][info][gc             ] GC(524) Pause Young (Allocation Failure) 40M->33M(57M) 4.545ms
[2026-06-17T10:05:32.242+0800][13.035s][info][gc,cpu         ] GC(524) User=0.00s Sys=0.00s Real=0.00s
[2026-06-17T10:05:32.263+0800][13.056s][info][gc,start       ] GC(525) Pause Young (Allocation Failure)
[2026-06-17T10:05:32.265+0800][13.058s][info][gc,heap        ] GC(525) PSYoungGen: 8501K(14336K)->4869K(14336K) Eden: 7141K(7168K)->0K(7168K) From: 1360K(7168K)->4869K(7168K)
[2026-06-17T10:05:32.265+0800][13.058s][info][gc,heap        ] GC(525) ParOldGen: 32700K(44032K)->32700K(44032K)
[2026-06-17T10:05:32.266+0800][13.059s][info][gc,metaspace   ] GC(525) Metaspace: 116K(320K)->116K(320K) NonClass: 109K(192K)->109K(192K) Class: 7K(128K)->7K(128K)
[2026-06-17T10:05:32.267+0800][13.060s][info][gc             ] GC(525) Pause Young (Allocation Failure) 40M->36M(57M) 3.341ms
[2026-06-17T10:05:32.267+0800][13.060s][info][gc,cpu         ] GC(525) User=0.00s Sys=0.00s Real=0.00s
[2026-06-17T10:05:32.289+0800][13.082s][info][gc,start       ] GC(526) Pause Young (Allocation Failure)
[2026-06-17T10:05:32.291+0800][13.084s][info][gc,heap        ] GC(526) PSYoungGen: 12022K(14336K)->3420K(14336K) Eden: 7153K(7168K)->0K(7168K) From: 4869K(7168K)->3420K(7168K)
[2026-06-17T10:05:32.292+0800][13.085s][info][gc,heap        ] GC(526) ParOldGen: 32700K(44032K)->34498K(44032K)
[2026-06-17T10:05:32.293+0800][13.085s][info][gc,metaspace   ] GC(526) Metaspace: 116K(320K)->116K(320K) NonClass: 109K(192K)->109K(192K) Class: 7K(128K)->7K(128K)
[2026-06-17T10:05:32.293+0800][13.086s][info][gc             ] GC(526) Pause Young (Allocation Failure) 43M->37M(57M) 4.272ms
[2026-06-17T10:05:32.294+0800][13.087s][info][gc,cpu         ] GC(526) User=0.00s Sys=0.00s Real=0.01s
[2026-06-17T10:05:32.316+0800][13.109s][info][gc,start       ] GC(527) Pause Young (Allocation Failure)
[2026-06-17T10:05:32.318+0800][13.111s][info][gc,heap        ] GC(527) PSYoungGen: 10563K(14336K)->1068K(14336K) Eden: 7143K(7168K)->0K(7168K) From: 3420K(7168K)->1068K(7168K)
[2026-06-17T10:05:32.318+0800][13.111s][info][gc,heap        ] GC(527) ParOldGen: 34498K(44032K)->36887K(44032K)
[2026-06-17T10:05:32.319+0800][13.111s][info][gc,metaspace   ] GC(527) Metaspace: 116K(320K)->116K(320K) NonClass: 109K(192K)->109K(192K) Class: 7K(128K)->7K(128K)
[2026-06-17T10:05:32.319+0800][13.112s][info][gc             ] GC(527) Pause Young (Allocation Failure) 44M->37M(57M) 3.116ms
[2026-06-17T10:05:32.320+0800][13.113s][info][gc,cpu         ] GC(527) User=0.00s Sys=0.00s Real=0.00s
[2026-06-17T10:05:32.331+0800][13.124s][info][gc,start       ] GC(528) Pause Young (Allocation Failure)
[2026-06-17T10:05:32.333+0800][13.125s][info][gc,heap        ] GC(528) PSYoungGen: 8234K(14336K)->4699K(14336K) Eden: 7166K(7168K)->0K(7168K) From: 1068K(7168K)->4699K(7168K)
[2026-06-17T10:05:32.333+0800][13.126s][info][gc,heap        ] GC(528) ParOldGen: 36887K(44032K)->36887K(44032K)
[2026-06-17T10:05:32.334+0800][13.127s][info][gc,metaspace   ] GC(528) Metaspace: 116K(320K)->116K(320K) NonClass: 109K(192K)->109K(192K) Class: 7K(128K)->7K(128K)
[2026-06-17T10:05:32.334+0800][13.127s][info][gc             ] GC(528) Pause Young (Allocation Failure) 44M->40M(57M) 2.706ms
[2026-06-17T10:05:32.335+0800][13.127s][info][gc,cpu         ] GC(528) User=0.00s Sys=0.00s Real=0.00s
[2026-06-17T10:05:32.356+0800][13.149s][info][gc,start       ] GC(529) Pause Young (Allocation Failure)
[2026-06-17T10:05:32.358+0800][13.151s][info][gc,heap        ] GC(529) PSYoungGen: 11833K(14336K)->2533K(14336K) Eden: 7134K(7168K)->0K(7168K) From: 4699K(7168K)->2533K(7168K)
[2026-06-17T10:05:32.359+0800][13.152s][info][gc,heap        ] GC(529) ParOldGen: 36887K(44032K)->38872K(44032K)
[2026-06-17T10:05:32.360+0800][13.153s][info][gc,metaspace   ] GC(529) Metaspace: 116K(320K)->116K(320K) NonClass: 109K(192K)->109K(192K) Class: 7K(128K)->7K(128K)
[2026-06-17T10:05:32.361+0800][13.153s][info][gc             ] GC(529) Pause Young (Allocation Failure) 47M->40M(57M) 4.137ms
[2026-06-17T10:05:32.361+0800][13.154s][info][gc,cpu         ] GC(529) User=0.00s Sys=0.00s Real=0.00s
[2026-06-17T10:05:32.384+0800][13.176s][info][gc,start       ] GC(530) Pause Young (Allocation Failure)
[2026-06-17T10:05:32.385+0800][13.178s][info][gc,heap        ] GC(530) PSYoungGen: 9688K(14336K)->2610K(14336K) Eden: 7154K(7168K)->0K(7168K) From: 2533K(7168K)->2610K(7168K)
[2026-06-17T10:05:32.386+0800][13.179s][info][gc,heap        ] GC(530) ParOldGen: 38872K(44032K)->38872K(44032K)
[2026-06-17T10:05:32.387+0800][13.180s][info][gc,metaspace   ] GC(530) Metaspace: 116K(320K)->116K(320K) NonClass: 109K(192K)->109K(192K) Class: 7K(128K)->7K(128K)
[2026-06-17T10:05:32.388+0800][13.180s][info][gc             ] GC(530) Pause Young (Allocation Failure) 47M->40M(57M) 4.002ms
[2026-06-17T10:05:32.388+0800][13.181s][info][gc,cpu         ] GC(530) User=0.00s Sys=0.00s Real=0.00s
[2026-06-17T10:05:32.400+0800][13.193s][info][gc,start       ] GC(531) Pause Young (Allocation Failure)
[2026-06-17T10:05:32.401+0800][13.194s][info][gc,heap        ] GC(531) PSYoungGen: 9765K(14336K)->4637K(14336K) Eden: 7155K(7168K)->0K(7168K) From: 2610K(7168K)->4637K(7168K)
[2026-06-17T10:05:32.402+0800][13.195s][info][gc,heap        ] GC(531) ParOldGen: 38872K(44032K)->40747K(44032K)
[2026-06-17T10:05:32.403+0800][13.196s][info][gc,metaspace   ] GC(531) Metaspace: 116K(320K)->116K(320K) NonClass: 109K(192K)->109K(192K) Class: 7K(128K)->7K(128K)
[2026-06-17T10:05:32.404+0800][13.197s][info][gc             ] GC(531) Pause Young (Allocation Failure) 47M->44M(57M) 4.299ms
[2026-06-17T10:05:32.405+0800][13.198s][info][gc,cpu         ] GC(531) User=0.01s Sys=0.00s Real=0.01s
[2026-06-17T10:05:32.427+0800][13.220s][info][gc,start       ] GC(532) Pause Full (Allocation Failure)
[2026-06-17T10:05:32.429+0800][13.222s][info][gc,phases,start] GC(532) Marking Phase
[2026-06-17T10:05:32.431+0800][13.224s][info][gc,phases      ] GC(532) Marking Phase 2.345ms
[2026-06-17T10:05:32.432+0800][13.224s][info][gc,phases,start] GC(532) Summary Phase
[2026-06-17T10:05:32.432+0800][13.225s][info][gc,phases      ] GC(532) Summary Phase 0.323ms
[2026-06-17T10:05:32.432+0800][13.225s][info][gc,phases,start] GC(532) Forward
[2026-06-17T10:05:32.433+0800][13.225s][info][gc,phases      ] GC(532) Forward 0.530ms
[2026-06-17T10:05:32.433+0800][13.226s][info][gc,phases,start] GC(532) Adjust Pointers
[2026-06-17T10:05:32.434+0800][13.227s][info][gc,phases      ] GC(532) Adjust Pointers 1.240ms
[2026-06-17T10:05:32.435+0800][13.227s][info][gc,phases,start] GC(532) Compaction Phase
[2026-06-17T10:05:32.437+0800][13.230s][info][gc,phases      ] GC(532) Compaction Phase 2.513ms
[2026-06-17T10:05:32.438+0800][13.230s][info][gc,phases,start] GC(532) Post Compact
[2026-06-17T10:05:32.438+0800][13.231s][info][gc,phases      ] GC(532) Post Compact 0.383ms
[2026-06-17T10:05:32.439+0800][13.231s][info][gc,heap        ] GC(532) PSYoungGen: 11801K(14336K)->0K(14336K) Eden: 7164K(7168K)->0K(7168K) From: 4637K(7168K)->0K(7168K)
[2026-06-17T10:05:32.439+0800][13.232s][info][gc,heap        ] GC(532) ParOldGen: 40747K(44032K)->26857K(44032K)
[2026-06-17T10:05:32.439+0800][13.232s][info][gc,metaspace   ] GC(532) Metaspace: 116K(320K)->116K(320K) NonClass: 109K(192K)->109K(192K) Class: 7K(128K)->7K(128K)
[2026-06-17T10:05:32.440+0800][13.232s][info][gc             ] GC(532) Pause Full (Allocation Failure) 51M->26M(57M) 12.340ms
[2026-06-17T10:05:32.440+0800][13.233s][info][gc,cpu         ] GC(532) User=0.01s Sys=0.00s Real=0.01s
[2026-06-17T10:05:32.451+0800][13.244s][info][gc,start       ] GC(533) Pause Young (Allocation Failure)
[2026-06-17T10:05:32.453+0800][13.245s][info][gc,heap        ] GC(533) PSYoungGen: 6992K(14336K)->3711K(14336K) Eden: 6992K(7168K)->0K(7168K) From: 0K(7168K)->3711K(7168K)
[2026-06-17T10:05:32.453+0800][13.246s][info][gc,heap        ] GC(533) ParOldGen: 26857K(44032K)->26857K(44032K)
[2026-06-17T10:05:32.453+0800][13.246s][info][gc,metaspace   ] GC(533) Metaspace: 116K(320K)->116K(320K) NonClass: 109K(192K)->109K(192K) Class: 7K(128K)->7K(128K)
[2026-06-17T10:05:32.454+0800][13.246s][info][gc             ] GC(533) Pause Young (Allocation Failure) 33M->29M(57M) 2.349ms
[2026-06-17T10:05:32.454+0800][13.247s][info][gc,cpu         ] GC(533) User=0.00s Sys=0.00s Real=0.00s
[2026-06-17T10:05:32.476+0800][13.269s][info][gc,start       ] GC(534) Pause Young (Allocation Failure)
[2026-06-17T10:05:32.479+0800][13.272s][info][gc,heap        ] GC(534) PSYoungGen: 10878K(14336K)->3634K(14336K) Eden: 7166K(7168K)->0K(7168K) From: 3711K(7168K)->3634K(7168K)
[2026-06-17T10:05:32.480+0800][13.273s][info][gc,heap        ] GC(534) ParOldGen: 26857K(44032K)->30510K(44032K)
[2026-06-17T10:05:32.480+0800][13.273s][info][gc,metaspace   ] GC(534) Metaspace: 116K(320K)->116K(320K) NonClass: 109K(192K)->109K(192K) Class: 7K(128K)->7K(128K)
[2026-06-17T10:05:32.483+0800][13.276s][info][gc             ] GC(534) Pause Young (Allocation Failure) 36M->33M(57M) 6.817ms
[2026-06-17T10:05:32.484+0800][13.276s][info][gc,cpu         ] GC(534) User=0.00s Sys=0.01s Real=0.01s
[2026-06-17T10:05:32.506+0800][13.299s][info][gc,start       ] GC(535) Pause Young (Allocation Failure)
[2026-06-17T10:05:32.508+0800][13.300s][info][gc,heap        ] GC(535) PSYoungGen: 10795K(14336K)->3793K(14848K) Eden: 7161K(7168K)->0K(7680K) From: 3634K(7168K)->3793K(7168K)
[2026-06-17T10:05:32.508+0800][13.301s][info][gc,heap        ] GC(535) ParOldGen: 30510K(44032K)->30824K(44032K)
[2026-06-17T10:05:32.509+0800][13.301s][info][gc,metaspace   ] GC(535) Metaspace: 116K(320K)->116K(320K) NonClass: 109K(192K)->109K(192K) Class: 7K(128K)->7K(128K)
[2026-06-17T10:05:32.509+0800][13.302s][info][gc             ] GC(535) Pause Young (Allocation Failure) 40M->33M(57M) 2.840ms
[2026-06-17T10:05:32.509+0800][13.302s][info][gc,cpu         ] GC(535) User=0.00s Sys=0.00s Real=0.00s
[2026-06-17T10:05:32.530+0800][13.323s][info][gc,start       ] GC(536) Pause Young (Allocation Failure)
[2026-06-17T10:05:32.532+0800][13.324s][info][gc,heap        ] GC(536) PSYoungGen: 11446K(14848K)->2687K(14336K) Eden: 7652K(7680K)->0K(7680K) From: 3793K(7168K)->2687K(6656K)
[2026-06-17T10:05:32.532+0800][13.325s][info][gc,heap        ] GC(536) ParOldGen: 30824K(44032K)->32783K(44032K)
[2026-06-17T10:05:32.532+0800][13.325s][info][gc,metaspace   ] GC(536) Metaspace: 116K(320K)->116K(320K) NonClass: 109K(192K)->109K(192K) Class: 7K(128K)->7K(128K)
[2026-06-17T10:05:32.533+0800][13.325s][info][gc             ] GC(536) Pause Young (Allocation Failure) 41M->34M(57M) 2.258ms
[2026-06-17T10:05:32.533+0800][13.326s][info][gc,cpu         ] GC(536) User=0.00s Sys=0.00s Real=0.01s
[2026-06-17T10:05:32.555+0800][13.347s][info][gc,start       ] GC(537) Pause Young (Allocation Failure)
[2026-06-17T10:05:32.556+0800][13.349s][info][gc,heap        ] GC(537) PSYoungGen: 10333K(14336K)->3198K(15360K) Eden: 7646K(7680K)->0K(8704K) From: 2687K(6656K)->3198K(6656K)
[2026-06-17T10:05:32.556+0800][13.349s][info][gc,heap        ] GC(537) ParOldGen: 32783K(44032K)->32783K(44032K)
[2026-06-17T10:05:32.557+0800][13.349s][info][gc,metaspace   ] GC(537) Metaspace: 116K(320K)->116K(320K) NonClass: 109K(192K)->109K(192K) Class: 7K(128K)->7K(128K)
[2026-06-17T10:05:32.557+0800][13.350s][info][gc             ] GC(537) Pause Young (Allocation Failure) 42M->35M(58M) 2.551ms
[2026-06-17T10:05:32.558+0800][13.350s][info][gc,cpu         ] GC(537) User=0.01s Sys=0.00s Real=0.00s
[2026-06-17T10:05:32.579+0800][13.372s][info][gc,start       ] GC(538) Pause Young (Allocation Failure)
[2026-06-17T10:05:32.580+0800][13.373s][info][gc,heap        ] GC(538) PSYoungGen: 11897K(15360K)->2837K(14848K) Eden: 8699K(8704K)->0K(8704K) From: 3198K(6656K)->2837K(6144K)
[2026-06-17T10:05:32.581+0800][13.374s][info][gc,heap        ] GC(538) ParOldGen: 32783K(44032K)->34712K(44032K)
[2026-06-17T10:05:32.581+0800][13.374s][info][gc,metaspace   ] GC(538) Metaspace: 116K(320K)->116K(320K) NonClass: 109K(192K)->109K(192K) Class: 7K(128K)->7K(128K)
[2026-06-17T10:05:32.582+0800][13.374s][info][gc             ] GC(538) Pause Young (Allocation Failure) 43M->36M(57M) 2.401ms
[2026-06-17T10:05:32.582+0800][13.375s][info][gc,cpu         ] GC(538) User=0.00s Sys=0.00s Real=0.00s
[2026-06-17T10:05:32.603+0800][13.396s][info][gc,start       ] GC(539) Pause Young (Allocation Failure)
[2026-06-17T10:05:32.605+0800][13.398s][info][gc,heap        ] GC(539) PSYoungGen: 11513K(14848K)->2846K(15360K) Eden: 8676K(8704K)->0K(9216K) From: 2837K(6144K)->2846K(6144K)
[2026-06-17T10:05:32.605+0800][13.398s][info][gc,heap        ] GC(539) ParOldGen: 34712K(44032K)->36272K(44032K)
[2026-06-17T10:05:32.606+0800][13.398s][info][gc,metaspace   ] GC(539) Metaspace: 116K(320K)->116K(320K) NonClass: 109K(192K)->109K(192K) Class: 7K(128K)->7K(128K)
[2026-06-17T10:05:32.608+0800][13.401s][info][gc             ] GC(539) Pause Young (Allocation Failure) 45M->38M(58M) 4.464ms
[2026-06-17T10:05:32.608+0800][13.401s][info][gc,cpu         ] GC(539) User=0.00s Sys=0.00s Real=0.00s
[2026-06-17T10:05:32.631+0800][13.423s][info][gc,start       ] GC(540) Pause Young (Allocation Failure)
[2026-06-17T10:05:32.632+0800][13.425s][info][gc,heap        ] GC(540) PSYoungGen: 12044K(15360K)->5313K(14848K) Eden: 9197K(9216K)->0K(9216K) From: 2846K(6144K)->5313K(5632K)
[2026-06-17T10:05:32.633+0800][13.425s][info][gc,heap        ] GC(540) ParOldGen: 36272K(44032K)->36272K(44032K)
[2026-06-17T10:05:32.633+0800][13.426s][info][gc,metaspace   ] GC(540) Metaspace: 116K(320K)->116K(320K) NonClass: 109K(192K)->109K(192K) Class: 7K(128K)->7K(128K)
[2026-06-17T10:05:32.633+0800][13.426s][info][gc             ] GC(540) Pause Young (Allocation Failure) 47M->40M(57M) 2.719ms
[2026-06-17T10:05:32.634+0800][13.427s][info][gc,cpu         ] GC(540) User=0.00s Sys=0.00s Real=0.00s
[2026-06-17T10:05:32.656+0800][13.448s][info][gc,start       ] GC(541) Pause Young (Allocation Failure)
[2026-06-17T10:05:32.657+0800][13.450s][info][gc,heap        ] GC(541) PSYoungGen: 14510K(14848K)->4331K(14848K) Eden: 9196K(9216K)->0K(8192K) From: 5313K(5632K)->4331K(6656K)
[2026-06-17T10:05:32.658+0800][13.451s][info][gc,heap        ] GC(541) ParOldGen: 36272K(44032K)->39862K(44032K)
[2026-06-17T10:05:32.658+0800][13.451s][info][gc,metaspace   ] GC(541) Metaspace: 116K(320K)->116K(320K) NonClass: 109K(192K)->109K(192K) Class: 7K(128K)->7K(128K)
[2026-06-17T10:05:32.659+0800][13.452s][info][gc             ] GC(541) Pause Young (Allocation Failure) 49M->43M(57M) 3.097ms
[2026-06-17T10:05:32.659+0800][13.452s][info][gc,cpu         ] GC(541) User=0.00s Sys=0.00s Real=0.00s
[2026-06-17T10:05:32.681+0800][13.473s][info][gc,start       ] GC(542) Pause Full (Allocation Failure)
[2026-06-17T10:05:32.681+0800][13.474s][info][gc,phases,start] GC(542) Marking Phase
[2026-06-17T10:05:32.683+0800][13.476s][info][gc,phases      ] GC(542) Marking Phase 1.867ms
[2026-06-17T10:05:32.684+0800][13.476s][info][gc,phases,start] GC(542) Summary Phase
[2026-06-17T10:05:32.684+0800][13.477s][info][gc,phases      ] GC(542) Summary Phase 0.336ms
[2026-06-17T10:05:32.684+0800][13.477s][info][gc,phases,start] GC(542) Forward
[2026-06-17T10:05:32.685+0800][13.477s][info][gc,phases      ] GC(542) Forward 0.346ms
[2026-06-17T10:05:32.685+0800][13.478s][info][gc,phases,start] GC(542) Adjust Pointers
[2026-06-17T10:05:32.686+0800][13.479s][info][gc,phases      ] GC(542) Adjust Pointers 0.944ms
[2026-06-17T10:05:32.686+0800][13.479s][info][gc,phases,start] GC(542) Compaction Phase
[2026-06-17T10:05:32.688+0800][13.481s][info][gc,phases      ] GC(542) Compaction Phase 2.284ms
[2026-06-17T10:05:32.690+0800][13.483s][info][gc,phases,start] GC(542) Post Compact
[2026-06-17T10:05:32.692+0800][13.484s][info][gc,phases      ] GC(542) Post Compact 1.705ms
[2026-06-17T10:05:32.694+0800][13.487s][info][gc,heap        ] GC(542) PSYoungGen: 12437K(14848K)->0K(14848K) Eden: 8105K(8192K)->0K(8192K) From: 4331K(6656K)->0K(6656K)
[2026-06-17T10:05:32.695+0800][13.487s][info][gc,heap        ] GC(542) ParOldGen: 39862K(44032K)->28510K(44032K)
[2026-06-17T10:05:32.695+0800][13.488s][info][gc,metaspace   ] GC(542) Metaspace: 116K(320K)->116K(320K) NonClass: 109K(192K)->109K(192K) Class: 7K(128K)->7K(128K)
[2026-06-17T10:05:32.695+0800][13.488s][info][gc             ] GC(542) Pause Full (Allocation Failure) 51M->27M(57M) 14.641ms
[2026-06-17T10:05:32.696+0800][13.488s][info][gc,cpu         ] GC(542) User=0.01s Sys=0.00s Real=0.02s
[2026-06-17T10:05:32.717+0800][13.510s][info][gc,start       ] GC(543) Pause Young (Allocation Failure)
[2026-06-17T10:05:32.719+0800][13.512s][info][gc,heap        ] GC(543) PSYoungGen: 8192K(14848K)->5135K(14848K) Eden: 8192K(8192K)->0K(8192K) From: 0K(6656K)->5135K(6656K)
[2026-06-17T10:05:32.720+0800][13.513s][info][gc,heap        ] GC(543) ParOldGen: 28510K(44032K)->28510K(44032K)
[2026-06-17T10:05:32.720+0800][13.513s][info][gc,metaspace   ] GC(543) Metaspace: 116K(320K)->116K(320K) NonClass: 109K(192K)->109K(192K) Class: 7K(128K)->7K(128K)
[2026-06-17T10:05:32.721+0800][13.513s][info][gc             ] GC(543) Pause Young (Allocation Failure) 35M->32M(57M) 3.144ms
[2026-06-17T10:05:32.721+0800][13.514s][info][gc,cpu         ] GC(543) User=0.00s Sys=0.00s Real=0.00s
[2026-06-17T10:05:32.743+0800][13.536s][info][gc,start       ] GC(544) Pause Young (Allocation Failure)
[2026-06-17T10:05:32.745+0800][13.538s][info][gc,heap        ] GC(544) PSYoungGen: 13327K(14848K)->6458K(14848K) Eden: 8192K(8192K)->0K(8192K) From: 5135K(6656K)->6458K(6656K)
[2026-06-17T10:05:32.745+0800][13.538s][info][gc,heap        ] GC(544) ParOldGen: 28510K(44032K)->28510K(44032K)
[2026-06-17T10:05:32.746+0800][13.539s][info][gc,metaspace   ] GC(544) Metaspace: 116K(320K)->116K(320K) NonClass: 109K(192K)->109K(192K) Class: 7K(128K)->7K(128K)
[2026-06-17T10:05:32.746+0800][13.539s][info][gc             ] GC(544) Pause Young (Allocation Failure) 40M->34M(57M) 3.105ms
[2026-06-17T10:05:32.747+0800][13.539s][info][gc,cpu         ] GC(544) User=0.00s Sys=0.00s Real=0.00s
[2026-06-17T10:05:32.768+0800][13.561s][info][gc,start       ] GC(545) Pause Young (Allocation Failure)
[2026-06-17T10:05:32.771+0800][13.564s][info][gc,heap        ] GC(545) PSYoungGen: 14557K(14848K)->32K(13824K) Eden: 8098K(8192K)->0K(7168K) From: 6458K(6656K)->32K(6656K)
[2026-06-17T10:05:32.772+0800][13.565s][info][gc,heap        ] GC(545) ParOldGen: 28510K(44032K)->32695K(44032K)
[2026-06-17T10:05:32.776+0800][13.568s][info][gc,metaspace   ] GC(545) Metaspace: 116K(320K)->116K(320K) NonClass: 109K(192K)->109K(192K) Class: 7K(128K)->7K(128K)
[2026-06-17T10:05:32.776+0800][13.569s][info][gc             ] GC(545) Pause Young (Allocation Failure) 42M->31M(56M) 8.116ms
[2026-06-17T10:05:32.777+0800][13.570s][info][gc,cpu         ] GC(545) User=0.01s Sys=0.00s Real=0.01s
[2026-06-17T10:05:32.799+0800][13.592s][info][gc,start       ] GC(546) Pause Young (Allocation Failure)
[2026-06-17T10:05:32.801+0800][13.594s][info][gc,heap        ] GC(546) PSYoungGen: 7185K(13824K)->3948K(14336K) Eden: 7153K(7168K)->0K(7168K) From: 32K(6656K)->3948K(7168K)
[2026-06-17T10:05:32.802+0800][13.594s][info][gc,heap        ] GC(546) ParOldGen: 32695K(44032K)->32703K(44032K)
[2026-06-17T10:05:32.802+0800][13.595s][info][gc,metaspace   ] GC(546) Metaspace: 116K(320K)->116K(320K) NonClass: 109K(192K)->109K(192K) Class: 7K(128K)->7K(128K)
[2026-06-17T10:05:32.803+0800][13.596s][info][gc             ] GC(546) Pause Young (Allocation Failure) 38M->35M(57M) 3.816ms
[2026-06-17T10:05:32.803+0800][13.596s][info][gc,cpu         ] GC(546) User=0.00s Sys=0.00s Real=0.01s
[2026-06-17T10:05:32.826+0800][13.619s][info][gc,start       ] GC(547) Pause Young (Allocation Failure)
[2026-06-17T10:05:32.828+0800][13.620s][info][gc,heap        ] GC(547) PSYoungGen: 11112K(14336K)->2966K(14336K) Eden: 7163K(7168K)->0K(7168K) From: 3948K(7168K)->2966K(7168K)
[2026-06-17T10:05:32.828+0800][13.621s][info][gc,heap        ] GC(547) ParOldGen: 32703K(44032K)->34141K(44032K)
[2026-06-17T10:05:32.829+0800][13.621s][info][gc,metaspace   ] GC(547) Metaspace: 116K(320K)->116K(320K) NonClass: 109K(192K)->109K(192K) Class: 7K(128K)->7K(128K)
[2026-06-17T10:05:32.829+0800][13.622s][info][gc             ] GC(547) Pause Young (Allocation Failure) 42M->36M(57M) 3.391ms
[2026-06-17T10:05:32.830+0800][13.622s][info][gc,cpu         ] GC(547) User=0.00s Sys=0.00s Real=0.00s
[2026-06-17T10:05:32.851+0800][13.644s][info][gc,start       ] GC(548) Pause Young (Allocation Failure)
[2026-06-17T10:05:32.852+0800][13.645s][info][gc,heap        ] GC(548) PSYoungGen: 10127K(14336K)->1457K(14336K) Eden: 7160K(7168K)->0K(7168K) From: 2966K(7168K)->1457K(7168K)
[2026-06-17T10:05:32.852+0800][13.645s][info][gc,heap        ] GC(548) ParOldGen: 34141K(44032K)->36051K(44032K)
[2026-06-17T10:05:32.853+0800][13.645s][info][gc,metaspace   ] GC(548) Metaspace: 116K(320K)->116K(320K) NonClass: 109K(192K)->109K(192K) Class: 7K(128K)->7K(128K)
[2026-06-17T10:05:32.853+0800][13.646s][info][gc             ] GC(548) Pause Young (Allocation Failure) 43M->36M(57M) 1.692ms
[2026-06-17T10:05:32.853+0800][13.646s][info][gc,cpu         ] GC(548) User=0.01s Sys=0.00s Real=0.00s
[2026-06-17T10:05:32.864+0800][13.657s][info][gc,start       ] GC(549) Pause Young (Allocation Failure)
[2026-06-17T10:05:32.865+0800][13.658s][info][gc,heap        ] GC(549) PSYoungGen: 8596K(14336K)->5318K(14336K) Eden: 7138K(7168K)->0K(7168K) From: 1457K(7168K)->5318K(7168K)
[2026-06-17T10:05:32.865+0800][13.658s][info][gc,heap        ] GC(549) ParOldGen: 36051K(44032K)->36051K(44032K)
[2026-06-17T10:05:32.866+0800][13.658s][info][gc,metaspace   ] GC(549) Metaspace: 116K(320K)->116K(320K) NonClass: 109K(192K)->109K(192K) Class: 7K(128K)->7K(128K)
[2026-06-17T10:05:32.866+0800][13.659s][info][gc             ] GC(549) Pause Young (Allocation Failure) 43M->40M(57M) 1.853ms
[2026-06-17T10:05:32.866+0800][13.659s][info][gc,cpu         ] GC(549) User=0.00s Sys=0.00s Real=0.00s
[2026-06-17T10:05:32.888+0800][13.681s][info][gc,start       ] GC(550) Pause Young (Allocation Failure)
[2026-06-17T10:05:32.890+0800][13.682s][info][gc,heap        ] GC(550) PSYoungGen: 12484K(14336K)->3002K(14336K) Eden: 7166K(7168K)->0K(7168K) From: 5318K(7168K)->3002K(7168K)
[2026-06-17T10:05:32.890+0800][13.683s][info][gc,heap        ] GC(550) ParOldGen: 36051K(44032K)->38870K(44032K)
[2026-06-17T10:05:32.890+0800][13.683s][info][gc,metaspace   ] GC(550) Metaspace: 116K(320K)->116K(320K) NonClass: 109K(192K)->109K(192K) Class: 7K(128K)->7K(128K)
[2026-06-17T10:05:32.891+0800][13.683s][info][gc             ] GC(550) Pause Young (Allocation Failure) 47M->40M(57M) 2.518ms
[2026-06-17T10:05:32.891+0800][13.683s][info][gc,cpu         ] GC(550) User=0.00s Sys=0.00s Real=0.01s
[2026-06-17T10:05:32.912+0800][13.705s][info][gc,start       ] GC(551) Pause Young (Allocation Failure)
[2026-06-17T10:05:32.915+0800][13.708s][info][gc,heap        ] GC(551) PSYoungGen: 10150K(14336K)->3443K(14336K) Eden: 7148K(7168K)->0K(7168K) From: 3002K(7168K)->3443K(7168K)
[2026-06-17T10:05:32.916+0800][13.708s][info][gc,heap        ] GC(551) ParOldGen: 38870K(44032K)->38870K(44032K)
[2026-06-17T10:05:32.916+0800][13.709s][info][gc,metaspace   ] GC(551) Metaspace: 116K(320K)->116K(320K) NonClass: 109K(192K)->109K(192K) Class: 7K(128K)->7K(128K)
[2026-06-17T10:05:32.917+0800][13.710s][info][gc             ] GC(551) Pause Young (Allocation Failure) 47M->41M(57M) 4.686ms
[2026-06-17T10:05:32.920+0800][13.713s][info][gc,cpu         ] GC(551) User=0.00s Sys=0.00s Real=0.00s
[2026-06-17T10:05:32.931+0800][13.724s][info][gc,start       ] GC(552) Pause Young (Allocation Failure)
[2026-06-17T10:05:32.932+0800][13.725s][info][gc,heap        ] GC(552) PSYoungGen: 10415K(14336K)->1806K(14336K) Eden: 6972K(7168K)->0K(7168K) From: 3443K(7168K)->1806K(7168K)
[2026-06-17T10:05:32.933+0800][13.725s][info][gc,heap        ] GC(552) ParOldGen: 38870K(44032K)->40518K(44032K)
[2026-06-17T10:05:32.933+0800][13.726s][info][gc,metaspace   ] GC(552) Metaspace: 116K(320K)->116K(320K) NonClass: 109K(192K)->109K(192K) Class: 7K(128K)->7K(128K)
[2026-06-17T10:05:32.933+0800][13.726s][info][gc             ] GC(552) Pause Young (Allocation Failure) 48M->41M(57M) 1.968ms
[2026-06-17T10:05:32.933+0800][13.726s][info][gc,cpu         ] GC(552) User=0.01s Sys=0.00s Real=0.00s
[2026-06-17T10:05:32.955+0800][13.748s][info][gc,start       ] GC(553) Pause Full (Allocation Failure)
[2026-06-17T10:05:32.956+0800][13.748s][info][gc,phases,start] GC(553) Marking Phase
[2026-06-17T10:05:32.958+0800][13.751s][info][gc,phases      ] GC(553) Marking Phase 2.687ms
[2026-06-17T10:05:32.959+0800][13.752s][info][gc,phases,start] GC(553) Summary Phase
[2026-06-17T10:05:32.960+0800][13.752s][info][gc,phases      ] GC(553) Summary Phase 0.896ms
[2026-06-17T10:05:32.960+0800][13.753s][info][gc,phases,start] GC(553) Forward
[2026-06-17T10:05:32.961+0800][13.754s][info][gc,phases      ] GC(553) Forward 0.674ms
[2026-06-17T10:05:32.961+0800][13.754s][info][gc,phases,start] GC(553) Adjust Pointers
[2026-06-17T10:05:32.963+0800][13.756s][info][gc,phases      ] GC(553) Adjust Pointers 1.502ms
[2026-06-17T10:05:32.963+0800][13.756s][info][gc,phases,start] GC(553) Compaction Phase
[2026-06-17T10:05:32.966+0800][13.758s][info][gc,phases      ] GC(553) Compaction Phase 2.175ms
[2026-06-17T10:05:32.966+0800][13.759s][info][gc,phases,start] GC(553) Post Compact
[2026-06-17T10:05:32.967+0800][13.759s][info][gc,phases      ] GC(553) Post Compact 0.453ms
[2026-06-17T10:05:32.967+0800][13.760s][info][gc,heap        ] GC(553) PSYoungGen: 8965K(14336K)->0K(14336K) Eden: 7159K(7168K)->0K(7168K) From: 1806K(7168K)->0K(7168K)
[2026-06-17T10:05:32.967+0800][13.760s][info][gc,heap        ] GC(553) ParOldGen: 40518K(44032K)->26372K(44032K)
[2026-06-17T10:05:32.967+0800][13.760s][info][gc,metaspace   ] GC(553) Metaspace: 116K(320K)->116K(320K) NonClass: 109K(192K)->109K(192K) Class: 7K(128K)->7K(128K)
[2026-06-17T10:05:32.967+0800][13.760s][info][gc             ] GC(553) Pause Full (Allocation Failure) 48M->25M(57M) 12.291ms
[2026-06-17T10:05:32.967+0800][13.760s][info][gc,cpu         ] GC(553) User=0.01s Sys=0.00s Real=0.01s
[2026-06-17T10:05:32.989+0800][13.782s][info][gc,start       ] GC(554) Pause Young (Allocation Failure)
[2026-06-17T10:05:32.991+0800][13.784s][info][gc,heap        ] GC(554) PSYoungGen: 7155K(14336K)->3513K(14336K) Eden: 7155K(7168K)->0K(7168K) From: 0K(7168K)->3513K(7168K)
[2026-06-17T10:05:32.993+0800][13.785s][info][gc,heap        ] GC(554) ParOldGen: 26372K(44032K)->26372K(44032K)
[2026-06-17T10:05:32.993+0800][13.786s][info][gc,metaspace   ] GC(554) Metaspace: 116K(320K)->116K(320K) NonClass: 109K(192K)->109K(192K) Class: 7K(128K)->7K(128K)
[2026-06-17T10:05:32.994+0800][13.786s][info][gc             ] GC(554) Pause Young (Allocation Failure) 32M->29M(57M) 4.458ms
[2026-06-17T10:05:32.994+0800][13.787s][info][gc,cpu         ] GC(554) User=0.00s Sys=0.00s Real=0.01s
[2026-06-17T10:05:33.016+0800][13.809s][info][gc,start       ] GC(555) Pause Young (Allocation Failure)
[2026-06-17T10:05:33.018+0800][13.811s][info][gc,heap        ] GC(555) PSYoungGen: 10657K(14336K)->4030K(14848K) Eden: 7143K(7168K)->0K(8192K) From: 3513K(7168K)->4030K(6656K)
[2026-06-17T10:05:33.019+0800][13.811s][info][gc,heap        ] GC(555) ParOldGen: 26372K(44032K)->26372K(44032K)
[2026-06-17T10:05:33.019+0800][13.812s][info][gc,metaspace   ] GC(555) Metaspace: 116K(320K)->116K(320K) NonClass: 109K(192K)->109K(192K) Class: 7K(128K)->7K(128K)
[2026-06-17T10:05:33.020+0800][13.812s][info][gc             ] GC(555) Pause Young (Allocation Failure) 36M->29M(57M) 3.793ms
[2026-06-17T10:05:33.020+0800][13.813s][info][gc,cpu         ] GC(555) User=0.00s Sys=0.00s Real=0.00s
[2026-06-17T10:05:33.042+0800][13.835s][info][gc,start       ] GC(556) Pause Young (Allocation Failure)
[2026-06-17T10:05:33.045+0800][13.837s][info][gc,heap        ] GC(556) PSYoungGen: 12187K(14848K)->2810K(14848K) Eden: 8156K(8192K)->0K(8192K) From: 4030K(6656K)->2810K(6656K)
[2026-06-17T10:05:33.045+0800][13.838s][info][gc,heap        ] GC(556) ParOldGen: 26372K(44032K)->28916K(44032K)
[2026-06-17T10:05:33.046+0800][13.839s][info][gc,metaspace   ] GC(556) Metaspace: 116K(320K)->116K(320K) NonClass: 109K(192K)->109K(192K) Class: 7K(128K)->7K(128K)
[2026-06-17T10:05:33.047+0800][13.840s][info][gc             ] GC(556) Pause Young (Allocation Failure) 37M->30M(57M) 4.657ms
[2026-06-17T10:05:33.048+0800][13.840s][info][gc,cpu         ] GC(556) User=0.00s Sys=0.00s Real=0.01s
[2026-06-17T10:05:33.070+0800][13.863s][info][gc,start       ] GC(557) Pause Young (Allocation Failure)
[2026-06-17T10:05:33.072+0800][13.865s][info][gc,heap        ] GC(557) PSYoungGen: 10988K(14848K)->2190K(14848K) Eden: 8178K(8192K)->0K(8192K) From: 2810K(6656K)->2190K(6656K)
[2026-06-17T10:05:33.073+0800][13.866s][info][gc,heap        ] GC(557) ParOldGen: 28916K(44032K)->30787K(44032K)
[2026-06-17T10:05:33.073+0800][13.866s][info][gc,metaspace   ] GC(557) Metaspace: 116K(320K)->116K(320K) NonClass: 109K(192K)->109K(192K) Class: 7K(128K)->7K(128K)
[2026-06-17T10:05:33.074+0800][13.867s][info][gc             ] GC(557) Pause Young (Allocation Failure) 38M->32M(57M) 3.640ms
[2026-06-17T10:05:33.074+0800][13.867s][info][gc,cpu         ] GC(557) User=0.00s Sys=0.00s Real=0.01s
[2026-06-17T10:05:33.097+0800][13.890s][info][gc,start       ] GC(558) Pause Young (Allocation Failure)
[2026-06-17T10:05:33.100+0800][13.892s][info][gc,heap        ] GC(558) PSYoungGen: 10367K(14848K)->1628K(14848K) Eden: 8176K(8192K)->0K(8192K) From: 2190K(6656K)->1628K(6656K)
[2026-06-17T10:05:33.101+0800][13.894s][info][gc,heap        ] GC(558) ParOldGen: 30787K(44032K)->32450K(44032K)
[2026-06-17T10:05:33.102+0800][13.894s][info][gc,metaspace   ] GC(558) Metaspace: 116K(320K)->116K(320K) NonClass: 109K(192K)->109K(192K) Class: 7K(128K)->7K(128K)
[2026-06-17T10:05:33.102+0800][13.895s][info][gc             ] GC(558) Pause Young (Allocation Failure) 40M->33M(57M) 4.855ms
[2026-06-17T10:05:33.103+0800][13.895s][info][gc,cpu         ] GC(558) User=0.01s Sys=0.00s Real=0.01s
[2026-06-17T10:05:33.126+0800][13.918s][info][gc,start       ] GC(559) Pause Young (Allocation Failure)
[2026-06-17T10:05:33.128+0800][13.921s][info][gc,heap        ] GC(559) PSYoungGen: 9806K(14848K)->1766K(15360K) Eden: 8178K(8192K)->0K(9216K) From: 1628K(6656K)->1766K(6144K)
[2026-06-17T10:05:33.129+0800][13.921s][info][gc,heap        ] GC(559) ParOldGen: 32450K(44032K)->33584K(44032K)
[2026-06-17T10:05:33.129+0800][13.922s][info][gc,metaspace   ] GC(559) Metaspace: 116K(320K)->116K(320K) NonClass: 109K(192K)->109K(192K) Class: 7K(128K)->7K(128K)
[2026-06-17T10:05:33.131+0800][13.923s][info][gc             ] GC(559) Pause Young (Allocation Failure) 41M->34M(58M) 5.164ms
[2026-06-17T10:05:33.132+0800][13.924s][info][gc,cpu         ] GC(559) User=0.00s Sys=0.00s Real=0.01s
[2026-06-17T10:05:33.155+0800][13.947s][info][gc,start       ] GC(560) Pause Young (Allocation Failure)
[2026-06-17T10:05:33.157+0800][13.949s][info][gc,heap        ] GC(560) PSYoungGen: 10969K(15360K)->2459K(15360K) Eden: 9203K(9216K)->0K(9216K) From: 1766K(6144K)->2459K(6144K)
[2026-06-17T10:05:33.158+0800][13.950s][info][gc,heap        ] GC(560) ParOldGen: 33584K(44032K)->35326K(44032K)
[2026-06-17T10:05:33.159+0800][13.951s][info][gc,metaspace   ] GC(560) Metaspace: 116K(320K)->116K(320K) NonClass: 109K(192K)->109K(192K) Class: 7K(128K)->7K(128K)
[2026-06-17T10:05:33.160+0800][13.952s][info][gc             ] GC(560) Pause Young (Allocation Failure) 43M->36M(58M) 5.173ms
[2026-06-17T10:05:33.161+0800][13.953s][info][gc,cpu         ] GC(560) User=0.00s Sys=0.00s Real=0.00s
[2026-06-17T10:05:33.183+0800][13.976s][info][gc,start       ] GC(561) Pause Young (Allocation Failure)
[2026-06-17T10:05:33.185+0800][13.978s][info][gc,heap        ] GC(561) PSYoungGen: 11646K(15360K)->2914K(15872K) Eden: 9187K(9216K)->0K(9728K) From: 2459K(6144K)->2914K(6144K)
[2026-06-17T10:05:33.186+0800][13.979s][info][gc,heap        ] GC(561) ParOldGen: 35326K(44032K)->37144K(44032K)
[2026-06-17T10:05:33.187+0800][13.980s][info][gc,metaspace   ] GC(561) Metaspace: 116K(320K)->116K(320K) NonClass: 109K(192K)->109K(192K) Class: 7K(128K)->7K(128K)
[2026-06-17T10:05:33.188+0800][13.981s][info][gc             ] GC(561) Pause Young (Allocation Failure) 45M->39M(58M) 4.954ms
[2026-06-17T10:05:33.189+0800][13.982s][info][gc,cpu         ] GC(561) User=0.01s Sys=0.00s Real=0.00s
[2026-06-17T10:05:33.222+0800][14.015s][info][gc,start       ] GC(562) Pause Young (Allocation Failure)
[2026-06-17T10:05:33.223+0800][14.016s][info][gc,heap        ] GC(562) PSYoungGen: 12615K(15872K)->2396K(15360K) Eden: 9700K(9728K)->0K(9728K) From: 2914K(6144K)->2396K(5632K)
[2026-06-17T10:05:33.224+0800][14.017s][info][gc,heap        ] GC(562) ParOldGen: 37144K(44032K)->37144K(44032K)
[2026-06-17T10:05:33.225+0800][14.017s][info][gc,metaspace   ] GC(562) Metaspace: 116K(320K)->116K(320K) NonClass: 109K(192K)->109K(192K) Class: 7K(128K)->7K(128K)
[2026-06-17T10:05:33.225+0800][14.018s][info][gc             ] GC(562) Pause Young (Allocation Failure) 48M->38M(58M) 3.407ms
[2026-06-17T10:05:33.226+0800][14.019s][info][gc,cpu         ] GC(562) User=0.00s Sys=0.00s Real=0.01s
[2026-06-17T10:05:33.249+0800][14.042s][info][gc,start       ] GC(563) Pause Young (Allocation Failure)
[2026-06-17T10:05:33.251+0800][14.044s][info][gc,heap        ] GC(563) PSYoungGen: 12063K(15360K)->3088K(15872K) Eden: 9667K(9728K)->0K(10240K) From: 2396K(5632K)->3088K(5632K)
[2026-06-17T10:05:33.252+0800][14.045s][info][gc,heap        ] GC(563) ParOldGen: 37144K(44032K)->39375K(44032K)
[2026-06-17T10:05:33.253+0800][14.045s][info][gc,metaspace   ] GC(563) Metaspace: 116K(320K)->116K(320K) NonClass: 109K(192K)->109K(192K) Class: 7K(128K)->7K(128K)
[2026-06-17T10:05:33.253+0800][14.046s][info][gc             ] GC(563) Pause Young (Allocation Failure) 48M->41M(58M) 4.465ms
[2026-06-17T10:05:33.254+0800][14.047s][info][gc,cpu         ] GC(563) User=0.00s Sys=0.00s Real=0.01s
[2026-06-17T10:05:33.277+0800][14.070s][info][gc,start       ] GC(564) Pause Young (Allocation Failure)
[2026-06-17T10:05:33.280+0800][14.072s][info][gc,heap        ] GC(564) PSYoungGen: 13318K(15872K)->4962K(15360K) Eden: 10230K(10240K)->0K(10240K) From: 3088K(5632K)->4962K(5120K)
[2026-06-17T10:05:33.280+0800][14.073s][info][gc,heap        ] GC(564) ParOldGen: 39375K(44032K)->40934K(44032K)
[2026-06-17T10:05:33.281+0800][14.074s][info][gc,metaspace   ] GC(564) Metaspace: 116K(320K)->116K(320K) NonClass: 109K(192K)->109K(192K) Class: 7K(128K)->7K(128K)
[2026-06-17T10:05:33.282+0800][14.075s][info][gc             ] GC(564) Pause Young (Allocation Failure) 51M->44M(58M) 4.252ms
[2026-06-17T10:05:33.282+0800][14.075s][info][gc,cpu         ] GC(564) User=0.00s Sys=0.00s Real=0.00s
[2026-06-17T10:05:33.316+0800][14.109s][info][gc,start       ] GC(565) Pause Full (Allocation Failure)
[2026-06-17T10:05:33.317+0800][14.110s][info][gc,phases,start] GC(565) Marking Phase
[2026-06-17T10:05:33.322+0800][14.115s][info][gc,phases      ] GC(565) Marking Phase 4.937ms
[2026-06-17T10:05:33.323+0800][14.116s][info][gc,phases,start] GC(565) Summary Phase
[2026-06-17T10:05:33.324+0800][14.117s][info][gc,phases      ] GC(565) Summary Phase 0.866ms
[2026-06-17T10:05:33.325+0800][14.118s][info][gc,phases,start] GC(565) Forward
[2026-06-17T10:05:33.326+0800][14.118s][info][gc,phases      ] GC(565) Forward 0.774ms
[2026-06-17T10:05:33.326+0800][14.119s][info][gc,phases,start] GC(565) Adjust Pointers
[2026-06-17T10:05:33.327+0800][14.120s][info][gc,phases      ] GC(565) Adjust Pointers 0.623ms
[2026-06-17T10:05:33.327+0800][14.120s][info][gc,phases,start] GC(565) Compaction Phase
[2026-06-17T10:05:33.329+0800][14.122s][info][gc,phases      ] GC(565) Compaction Phase 1.831ms
[2026-06-17T10:05:33.330+0800][14.122s][info][gc,phases,start] GC(565) Post Compact
[2026-06-17T10:05:33.330+0800][14.123s][info][gc,phases      ] GC(565) Post Compact 0.277ms
[2026-06-17T10:05:33.330+0800][14.123s][info][gc,heap        ] GC(565) PSYoungGen: 15180K(15360K)->0K(15360K) Eden: 10217K(10240K)->0K(9216K) From: 4962K(5120K)->0K(6144K)
[2026-06-17T10:05:33.330+0800][14.123s][info][gc,heap        ] GC(565) ParOldGen: 40934K(44032K)->32965K(44032K)
[2026-06-17T10:05:33.331+0800][14.123s][info][gc,metaspace   ] GC(565) Metaspace: 116K(320K)->116K(320K) NonClass: 109K(192K)->109K(192K) Class: 7K(128K)->7K(128K)
[2026-06-17T10:05:33.331+0800][14.124s][info][gc             ] GC(565) Pause Full (Allocation Failure) 54M->32M(58M) 14.888ms
[2026-06-17T10:05:33.331+0800][14.124s][info][gc,cpu         ] GC(565) User=0.01s Sys=0.00s Real=0.02s
[2026-06-17T10:05:33.353+0800][14.145s][info][gc,start       ] GC(566) Pause Young (Allocation Failure)
[2026-06-17T10:05:33.355+0800][14.147s][info][gc,heap        ] GC(566) PSYoungGen: 9178K(15360K)->5738K(15360K) Eden: 9178K(9216K)->0K(9216K) From: 0K(6144K)->5738K(6144K)
[2026-06-17T10:05:33.355+0800][14.148s][info][gc,heap        ] GC(566) ParOldGen: 32965K(44032K)->32965K(44032K)
[2026-06-17T10:05:33.356+0800][14.148s][info][gc,metaspace   ] GC(566) Metaspace: 116K(320K)->116K(320K) NonClass: 109K(192K)->109K(192K) Class: 7K(128K)->7K(128K)
[2026-06-17T10:05:33.356+0800][14.149s][info][gc             ] GC(566) Pause Young (Allocation Failure) 41M->37M(58M) 3.356ms
[2026-06-17T10:05:33.356+0800][14.149s][info][gc,cpu         ] GC(566) User=0.00s Sys=0.00s Real=0.00s
[2026-06-17T10:05:33.379+0800][14.171s][info][gc,start       ] GC(567) Pause Young (Allocation Failure)
[2026-06-17T10:05:33.381+0800][14.174s][info][gc,heap        ] GC(567) PSYoungGen: 14941K(15360K)->4450K(14336K) Eden: 9202K(9216K)->0K(8192K) From: 5738K(6144K)->4450K(6144K)
[2026-06-17T10:05:33.382+0800][14.174s][info][gc,heap        ] GC(567) ParOldGen: 32965K(44032K)->36584K(44032K)
[2026-06-17T10:05:33.382+0800][14.175s][info][gc,metaspace   ] GC(567) Metaspace: 116K(320K)->116K(320K) NonClass: 109K(192K)->109K(192K) Class: 7K(128K)->7K(128K)
[2026-06-17T10:05:33.383+0800][14.176s][info][gc             ] GC(567) Pause Young (Allocation Failure) 46M->40M(57M) 4.296ms
[2026-06-17T10:05:33.384+0800][14.176s][info][gc,cpu         ] GC(567) User=0.01s Sys=0.00s Real=0.01s
[2026-06-17T10:05:33.406+0800][14.199s][info][gc,start       ] GC(568) Pause Young (Allocation Failure)
[2026-06-17T10:05:33.409+0800][14.202s][info][gc,heap        ] GC(568) PSYoungGen: 12619K(14336K)->4045K(14848K) Eden: 8169K(8192K)->0K(8192K) From: 4450K(6144K)->4045K(6656K)
[2026-06-17T10:05:33.410+0800][14.202s][info][gc,heap        ] GC(568) ParOldGen: 36584K(44032K)->38442K(44032K)
[2026-06-17T10:05:33.410+0800][14.203s][info][gc,metaspace   ] GC(568) Metaspace: 116K(320K)->116K(320K) NonClass: 109K(192K)->109K(192K) Class: 7K(128K)->7K(128K)
[2026-06-17T10:05:33.411+0800][14.203s][info][gc             ] GC(568) Pause Young (Allocation Failure) 48M->41M(57M) 4.289ms
[2026-06-17T10:05:33.411+0800][14.204s][info][gc,cpu         ] GC(568) User=0.00s Sys=0.00s Real=0.01s
[2026-06-17T10:05:33.433+0800][14.226s][info][gc,start       ] GC(569) Pause Young (Allocation Failure)
[2026-06-17T10:05:33.435+0800][14.228s][info][gc,heap        ] GC(569) PSYoungGen: 12232K(14848K)->3460K(14848K) Eden: 8186K(8192K)->0K(8192K) From: 4045K(6656K)->3460K(6656K)
[2026-06-17T10:05:33.436+0800][14.229s][info][gc,heap        ] GC(569) ParOldGen: 38442K(44032K)->40305K(44032K)
[2026-06-17T10:05:33.436+0800][14.229s][info][gc,metaspace   ] GC(569) Metaspace: 116K(320K)->116K(320K) NonClass: 109K(192K)->109K(192K) Class: 7K(128K)->7K(128K)
[2026-06-17T10:05:33.437+0800][14.230s][info][gc             ] GC(569) Pause Young (Allocation Failure) 49M->42M(57M) 3.470ms
[2026-06-17T10:05:33.437+0800][14.230s][info][gc,cpu         ] GC(569) User=0.00s Sys=0.00s Real=0.00s
[2026-06-17T10:05:33.459+0800][14.252s][info][gc,start       ] GC(570) Pause Full (Allocation Failure)
[2026-06-17T10:05:33.460+0800][14.253s][info][gc,phases,start] GC(570) Marking Phase
[2026-06-17T10:05:33.462+0800][14.255s][info][gc,phases      ] GC(570) Marking Phase 1.921ms
[2026-06-17T10:05:33.462+0800][14.255s][info][gc,phases,start] GC(570) Summary Phase
[2026-06-17T10:05:33.463+0800][14.256s][info][gc,phases      ] GC(570) Summary Phase 0.960ms
[2026-06-17T10:05:33.464+0800][14.256s][info][gc,phases,start] GC(570) Forward
[2026-06-17T10:05:33.464+0800][14.257s][info][gc,phases      ] GC(570) Forward 0.523ms
[2026-06-17T10:05:33.464+0800][14.257s][info][gc,phases,start] GC(570) Adjust Pointers
[2026-06-17T10:05:33.465+0800][14.258s][info][gc,phases      ] GC(570) Adjust Pointers 0.850ms
[2026-06-17T10:05:33.466+0800][14.258s][info][gc,phases,start] GC(570) Compaction Phase
[2026-06-17T10:05:33.467+0800][14.260s][info][gc,phases      ] GC(570) Compaction Phase 1.826ms
[2026-06-17T10:05:33.468+0800][14.260s][info][gc,phases,start] GC(570) Post Compact
[2026-06-17T10:05:33.468+0800][14.261s][info][gc,phases      ] GC(570) Post Compact 0.200ms
[2026-06-17T10:05:33.468+0800][14.261s][info][gc,heap        ] GC(570) PSYoungGen: 11645K(14848K)->0K(14848K) Eden: 8185K(8192K)->0K(8192K) From: 3460K(6656K)->0K(6656K)
[2026-06-17T10:05:33.468+0800][14.261s][info][gc,heap        ] GC(570) ParOldGen: 40305K(44032K)->32142K(44032K)
[2026-06-17T10:05:33.468+0800][14.261s][info][gc,metaspace   ] GC(570) Metaspace: 116K(320K)->116K(320K) NonClass: 109K(192K)->109K(192K) Class: 7K(128K)->7K(128K)
[2026-06-17T10:05:33.468+0800][14.261s][info][gc             ] GC(570) Pause Full (Allocation Failure) 50M->31M(57M) 9.012ms
[2026-06-17T10:05:33.469+0800][14.262s][info][gc,cpu         ] GC(570) User=0.00s Sys=0.00s Real=0.01s
[2026-06-17T10:05:33.491+0800][14.283s][info][gc,start       ] GC(571) Pause Young (Allocation Failure)
[2026-06-17T10:05:33.492+0800][14.285s][info][gc,heap        ] GC(571) PSYoungGen: 8137K(14848K)->4832K(14848K) Eden: 8137K(8192K)->0K(8192K) From: 0K(6656K)->4832K(6656K)
[2026-06-17T10:05:33.492+0800][14.285s][info][gc,heap        ] GC(571) ParOldGen: 32142K(44032K)->32142K(44032K)
[2026-06-17T10:05:33.493+0800][14.285s][info][gc,metaspace   ] GC(571) Metaspace: 116K(320K)->116K(320K) NonClass: 109K(192K)->109K(192K) Class: 7K(128K)->7K(128K)
[2026-06-17T10:05:33.494+0800][14.286s][info][gc             ] GC(571) Pause Young (Allocation Failure) 39M->36M(57M) 2.889ms
[2026-06-17T10:05:33.494+0800][14.287s][info][gc,cpu         ] GC(571) User=0.00s Sys=0.00s Real=0.00s
[2026-06-17T10:05:33.515+0800][14.308s][info][gc,start       ] GC(572) Pause Young (Allocation Failure)
[2026-06-17T10:05:33.516+0800][14.309s][info][gc,heap        ] GC(572) PSYoungGen: 13017K(14848K)->5955K(14336K) Eden: 8185K(8192K)->0K(8192K) From: 4832K(6656K)->5955K(6144K)
[2026-06-17T10:05:33.516+0800][14.309s][info][gc,heap        ] GC(572) ParOldGen: 32142K(44032K)->32142K(44032K)
[2026-06-17T10:05:33.517+0800][14.309s][info][gc,metaspace   ] GC(572) Metaspace: 116K(320K)->116K(320K) NonClass: 109K(192K)->109K(192K) Class: 7K(128K)->7K(128K)
[2026-06-17T10:05:33.517+0800][14.310s][info][gc             ] GC(572) Pause Young (Allocation Failure) 44M->37M(57M) 1.654ms
[2026-06-17T10:05:33.517+0800][14.310s][info][gc,cpu         ] GC(572) User=0.00s Sys=0.00s Real=0.00s
[2026-06-17T10:05:33.539+0800][14.332s][info][gc,start       ] GC(573) Pause Young (Allocation Failure)
[2026-06-17T10:05:33.541+0800][14.334s][info][gc,heap        ] GC(573) PSYoungGen: 14125K(14336K)->7128K(14336K) Eden: 8169K(8192K)->0K(7168K) From: 5955K(6144K)->7128K(7168K)
[2026-06-17T10:05:33.542+0800][14.334s][info][gc,heap        ] GC(573) ParOldGen: 32142K(44032K)->32142K(44032K)
[2026-06-17T10:05:33.542+0800][14.335s][info][gc,metaspace   ] GC(573) Metaspace: 116K(320K)->116K(320K) NonClass: 109K(192K)->109K(192K) Class: 7K(128K)->7K(128K)
[2026-06-17T10:05:33.542+0800][14.335s][info][gc             ] GC(573) Pause Young (Allocation Failure) 45M->38M(57M) 2.869ms
[2026-06-17T10:05:33.543+0800][14.335s][info][gc,cpu         ] GC(573) User=0.00s Sys=0.00s Real=0.01s
[2026-06-17T10:05:33.554+0800][14.347s][info][gc,start       ] GC(574) Pause Young (Allocation Failure)
[2026-06-17T10:05:33.555+0800][14.348s][info][gc,heap        ] GC(574) PSYoungGen: 13620K(14336K)->3857K(14336K) Eden: 6492K(7168K)->0K(7168K) From: 7128K(7168K)->3857K(7168K)
[2026-06-17T10:05:33.556+0800][14.349s][info][gc,heap        ] GC(574) ParOldGen: 32142K(44032K)->35019K(44032K)
[2026-06-17T10:05:33.556+0800][14.349s][info][gc,metaspace   ] GC(574) Metaspace: 116K(320K)->116K(320K) NonClass: 109K(192K)->109K(192K) Class: 7K(128K)->7K(128K)
[2026-06-17T10:05:33.557+0800][14.349s][info][gc             ] GC(574) Pause Young (Allocation Failure) 44M->37M(57M) 2.652ms
[2026-06-17T10:05:33.557+0800][14.350s][info][gc,cpu         ] GC(574) User=0.00s Sys=0.00s Real=0.00s
[2026-06-17T10:05:33.579+0800][14.372s][info][gc,start       ] GC(575) Pause Young (Allocation Failure)
[2026-06-17T10:05:33.580+0800][14.373s][info][gc,heap        ] GC(575) PSYoungGen: 11013K(14336K)->3854K(14336K) Eden: 7156K(7168K)->0K(7168K) From: 3857K(7168K)->3854K(7168K)
[2026-06-17T10:05:33.581+0800][14.374s][info][gc,heap        ] GC(575) ParOldGen: 35019K(44032K)->38820K(44032K)
[2026-06-17T10:05:33.581+0800][14.374s][info][gc,metaspace   ] GC(575) Metaspace: 116K(320K)->116K(320K) NonClass: 109K(192K)->109K(192K) Class: 7K(128K)->7K(128K)
[2026-06-17T10:05:33.582+0800][14.374s][info][gc             ] GC(575) Pause Young (Allocation Failure) 44M->41M(57M) 2.829ms
[2026-06-17T10:05:33.582+0800][14.375s][info][gc,cpu         ] GC(575) User=0.01s Sys=0.00s Real=0.00s
[2026-06-17T10:05:33.603+0800][14.396s][info][gc,start       ] GC(576) Pause Young (Allocation Failure)
[2026-06-17T10:05:33.605+0800][14.397s][info][gc,heap        ] GC(576) PSYoungGen: 11022K(14336K)->3056K(14336K) Eden: 7168K(7168K)->0K(7168K) From: 3854K(7168K)->3056K(7168K)
[2026-06-17T10:05:33.605+0800][14.398s][info][gc,heap        ] GC(576) ParOldGen: 38820K(44032K)->40108K(44032K)
[2026-06-17T10:05:33.605+0800][14.398s][info][gc,metaspace   ] GC(576) Metaspace: 116K(320K)->116K(320K) NonClass: 109K(192K)->109K(192K) Class: 7K(128K)->7K(128K)
[2026-06-17T10:05:33.606+0800][14.399s][info][gc             ] GC(576) Pause Young (Allocation Failure) 48M->42M(57M) 2.481ms
[2026-06-17T10:05:33.606+0800][14.399s][info][gc,cpu         ] GC(576) User=0.00s Sys=0.00s Real=0.00s
[2026-06-17T10:05:33.627+0800][14.420s][info][gc,start       ] GC(577) Pause Full (Allocation Failure)
[2026-06-17T10:05:33.628+0800][14.421s][info][gc,phases,start] GC(577) Marking Phase
[2026-06-17T10:05:33.629+0800][14.422s][info][gc,phases      ] GC(577) Marking Phase 1.481ms
[2026-06-17T10:05:33.630+0800][14.423s][info][gc,phases,start] GC(577) Summary Phase
[2026-06-17T10:05:33.630+0800][14.423s][info][gc,phases      ] GC(577) Summary Phase 0.353ms
[2026-06-17T10:05:33.630+0800][14.423s][info][gc,phases,start] GC(577) Forward
[2026-06-17T10:05:33.631+0800][14.424s][info][gc,phases      ] GC(577) Forward 0.905ms
[2026-06-17T10:05:33.633+0800][14.426s][info][gc,phases,start] GC(577) Adjust Pointers
[2026-06-17T10:05:33.636+0800][14.429s][info][gc,phases      ] GC(577) Adjust Pointers 2.959ms
[2026-06-17T10:05:33.637+0800][14.430s][info][gc,phases,start] GC(577) Compaction Phase
[2026-06-17T10:05:33.648+0800][14.441s][info][gc,phases      ] GC(577) Compaction Phase 10.826ms
[2026-06-17T10:05:33.652+0800][14.444s][info][gc,phases,start] GC(577) Post Compact
[2026-06-17T10:05:33.652+0800][14.445s][info][gc,phases      ] GC(577) Post Compact 0.297ms
[2026-06-17T10:05:33.652+0800][14.445s][info][gc,heap        ] GC(577) PSYoungGen: 10218K(14336K)->0K(14336K) Eden: 7161K(7168K)->0K(7168K) From: 3056K(7168K)->0K(7168K)
[2026-06-17T10:05:33.652+0800][14.445s][info][gc,heap        ] GC(577) ParOldGen: 40108K(44032K)->24529K(44032K)
[2026-06-17T10:05:33.653+0800][14.445s][info][gc,metaspace   ] GC(577) Metaspace: 116K(320K)->116K(320K) NonClass: 109K(192K)->109K(192K) Class: 7K(128K)->7K(128K)
[2026-06-17T10:05:33.653+0800][14.446s][info][gc             ] GC(577) Pause Full (Allocation Failure) 49M->23M(57M) 25.426ms
[2026-06-17T10:05:33.653+0800][14.446s][info][gc,cpu         ] GC(577) User=0.00s Sys=0.00s Real=0.03s
[2026-06-17T10:05:33.664+0800][14.457s][info][gc,start       ] GC(578) Pause Young (Allocation Failure)
[2026-06-17T10:05:33.665+0800][14.458s][info][gc,heap        ] GC(578) PSYoungGen: 7145K(14336K)->6906K(14336K) Eden: 7145K(7168K)->0K(7168K) From: 0K(7168K)->6906K(7168K)
[2026-06-17T10:05:33.665+0800][14.458s][info][gc,heap        ] GC(578) ParOldGen: 24529K(44032K)->24849K(44032K)
[2026-06-17T10:05:33.666+0800][14.458s][info][gc,metaspace   ] GC(578) Metaspace: 116K(320K)->116K(320K) NonClass: 109K(192K)->109K(192K) Class: 7K(128K)->7K(128K)
[2026-06-17T10:05:33.666+0800][14.458s][info][gc             ] GC(578) Pause Young (Allocation Failure) 30M->31M(57M) 1.678ms
[2026-06-17T10:05:33.666+0800][14.459s][info][gc,cpu         ] GC(578) User=0.00s Sys=0.00s Real=0.00s
[2026-06-17T10:05:33.687+0800][14.480s][info][gc,start       ] GC(579) Pause Young (Allocation Failure)
[2026-06-17T10:05:33.688+0800][14.481s][info][gc,heap        ] GC(579) PSYoungGen: 14038K(14336K)->7013K(14336K) Eden: 7131K(7168K)->0K(7168K) From: 6906K(7168K)->7013K(7168K)
[2026-06-17T10:05:33.689+0800][14.482s][info][gc,heap        ] GC(579) ParOldGen: 24849K(44032K)->24849K(44032K)
[2026-06-17T10:05:33.692+0800][14.485s][info][gc,metaspace   ] GC(579) Metaspace: 116K(320K)->116K(320K) NonClass: 109K(192K)->109K(192K) Class: 7K(128K)->7K(128K)
[2026-06-17T10:05:33.694+0800][14.486s][info][gc             ] GC(579) Pause Young (Allocation Failure) 37M->31M(57M) 6.660ms
[2026-06-17T10:05:33.697+0800][14.490s][info][gc,cpu         ] GC(579) User=0.00s Sys=0.00s Real=0.01s
[2026-06-17T10:05:33.720+0800][14.512s][info][gc,start       ] GC(580) Pause Young (Allocation Failure)
[2026-06-17T10:05:33.722+0800][14.515s][info][gc,heap        ] GC(580) PSYoungGen: 14173K(14336K)->2842K(14336K) Eden: 7159K(7168K)->0K(7168K) From: 7013K(7168K)->2842K(7168K)
[2026-06-17T10:05:33.723+0800][14.516s][info][gc,heap        ] GC(580) ParOldGen: 24849K(44032K)->29282K(44032K)
[2026-06-17T10:05:33.724+0800][14.517s][info][gc,metaspace   ] GC(580) Metaspace: 116K(320K)->116K(320K) NonClass: 109K(192K)->109K(192K) Class: 7K(128K)->7K(128K)
[2026-06-17T10:05:33.725+0800][14.518s][info][gc             ] GC(580) Pause Young (Allocation Failure) 38M->31M(57M) 5.591ms
[2026-06-17T10:05:33.726+0800][14.519s][info][gc,cpu         ] GC(580) User=0.00s Sys=0.00s Real=0.01s
[2026-06-17T10:05:33.737+0800][14.530s][info][gc,start       ] GC(581) Pause Young (Allocation Failure)
[2026-06-17T10:05:33.739+0800][14.531s][info][gc,heap        ] GC(581) PSYoungGen: 9890K(14336K)->3126K(14336K) Eden: 7048K(7168K)->0K(7168K) From: 2842K(7168K)->3126K(7168K)
[2026-06-17T10:05:33.739+0800][14.532s][info][gc,heap        ] GC(581) ParOldGen: 29282K(44032K)->29282K(44032K)
[2026-06-17T10:05:33.740+0800][14.532s][info][gc,metaspace   ] GC(581) Metaspace: 116K(320K)->116K(320K) NonClass: 109K(192K)->109K(192K) Class: 7K(128K)->7K(128K)
[2026-06-17T10:05:33.740+0800][14.533s][info][gc             ] GC(581) Pause Young (Allocation Failure) 38M->31M(57M) 2.595ms
[2026-06-17T10:05:33.740+0800][14.533s][info][gc,cpu         ] GC(581) User=0.00s Sys=0.01s Real=0.00s
[2026-06-17T10:05:33.772+0800][14.565s][info][gc,start       ] GC(582) Pause Young (Allocation Failure)
[2026-06-17T10:05:33.774+0800][14.566s][info][gc,heap        ] GC(582) PSYoungGen: 10276K(14336K)->523K(14336K) Eden: 7150K(7168K)->0K(7168K) From: 3126K(7168K)->523K(7168K)
[2026-06-17T10:05:33.774+0800][14.567s][info][gc,heap        ] GC(582) ParOldGen: 29282K(44032K)->32360K(44032K)
[2026-06-17T10:05:33.775+0800][14.567s][info][gc,metaspace   ] GC(582) Metaspace: 116K(320K)->116K(320K) NonClass: 109K(192K)->109K(192K) Class: 7K(128K)->7K(128K)
[2026-06-17T10:05:33.775+0800][14.568s][info][gc             ] GC(582) Pause Young (Allocation Failure) 38M->32M(57M) 3.156ms
[2026-06-17T10:05:33.775+0800][14.568s][info][gc,cpu         ] GC(582) User=0.00s Sys=0.00s Real=0.00s
[2026-06-17T10:05:33.787+0800][14.580s][info][gc,start       ] GC(583) Pause Young (Allocation Failure)
[2026-06-17T10:05:33.788+0800][14.581s][info][gc,heap        ] GC(583) PSYoungGen: 7679K(14336K)->4241K(14336K) Eden: 7156K(7168K)->0K(7168K) From: 523K(7168K)->4241K(7168K)
[2026-06-17T10:05:33.789+0800][14.582s][info][gc,heap        ] GC(583) ParOldGen: 32360K(44032K)->32360K(44032K)
[2026-06-17T10:05:33.789+0800][14.582s][info][gc,metaspace   ] GC(583) Metaspace: 116K(320K)->116K(320K) NonClass: 109K(192K)->109K(192K) Class: 7K(128K)->7K(128K)
[2026-06-17T10:05:33.790+0800][14.582s][info][gc             ] GC(583) Pause Young (Allocation Failure) 39M->35M(57M) 2.613ms
[2026-06-17T10:05:33.790+0800][14.583s][info][gc,cpu         ] GC(583) User=0.00s Sys=0.00s Real=0.00s
[2026-06-17T10:05:33.812+0800][14.605s][info][gc,start       ] GC(584) Pause Young (Allocation Failure)
[2026-06-17T10:05:33.814+0800][14.607s][info][gc,heap        ] GC(584) PSYoungGen: 11349K(14336K)->2184K(14336K) Eden: 7107K(7168K)->0K(7168K) From: 4241K(7168K)->2184K(7168K)
[2026-06-17T10:05:33.815+0800][14.608s][info][gc,heap        ] GC(584) ParOldGen: 32360K(44032K)->34353K(44032K)
[2026-06-17T10:05:33.816+0800][14.609s][info][gc,metaspace   ] GC(584) Metaspace: 116K(320K)->116K(320K) NonClass: 109K(192K)->109K(192K) Class: 7K(128K)->7K(128K)
[2026-06-17T10:05:33.817+0800][14.610s][info][gc             ] GC(584) Pause Young (Allocation Failure) 42M->35M(57M) 4.836ms
[2026-06-17T10:05:33.817+0800][14.610s][info][gc,cpu         ] GC(584) User=0.00s Sys=0.00s Real=0.00s
[2026-06-17T10:05:33.830+0800][14.622s][info][gc,start       ] GC(585) Pause Young (Allocation Failure)
[2026-06-17T10:05:33.832+0800][14.624s][info][gc,heap        ] GC(585) PSYoungGen: 9336K(14336K)->5921K(14336K) Eden: 7151K(7168K)->0K(7168K) From: 2184K(7168K)->5921K(7168K)
[2026-06-17T10:05:33.832+0800][14.625s][info][gc,heap        ] GC(585) ParOldGen: 34353K(44032K)->34353K(44032K)
[2026-06-17T10:05:33.833+0800][14.626s][info][gc,metaspace   ] GC(585) Metaspace: 116K(320K)->116K(320K) NonClass: 109K(192K)->109K(192K) Class: 7K(128K)->7K(128K)
[2026-06-17T10:05:33.833+0800][14.626s][info][gc             ] GC(585) Pause Young (Allocation Failure) 42M->39M(57M) 3.746ms
[2026-06-17T10:05:33.834+0800][14.627s][info][gc,cpu         ] GC(585) User=0.00s Sys=0.00s Real=0.01s
[2026-06-17T10:05:33.856+0800][14.649s][info][gc,start       ] GC(586) Pause Young (Allocation Failure)
[2026-06-17T10:05:33.859+0800][14.651s][info][gc,heap        ] GC(586) PSYoungGen: 13054K(14336K)->3347K(14336K) Eden: 7133K(7168K)->0K(7168K) From: 5921K(7168K)->3347K(7168K)
[2026-06-17T10:05:33.859+0800][14.652s][info][gc,heap        ] GC(586) ParOldGen: 34353K(44032K)->37150K(44032K)
[2026-06-17T10:05:33.860+0800][14.653s][info][gc,metaspace   ] GC(586) Metaspace: 116K(320K)->116K(320K) NonClass: 109K(192K)->109K(192K) Class: 7K(128K)->7K(128K)
[2026-06-17T10:05:33.861+0800][14.653s][info][gc             ] GC(586) Pause Young (Allocation Failure) 46M->39M(57M) 4.578ms
[2026-06-17T10:05:33.861+0800][14.654s][info][gc,cpu         ] GC(586) User=0.01s Sys=0.00s Real=0.00s
[2026-06-17T10:05:33.884+0800][14.677s][info][gc,start       ] GC(587) Pause Young (Allocation Failure)
[2026-06-17T10:05:33.886+0800][14.679s][info][gc,heap        ] GC(587) PSYoungGen: 10515K(14336K)->3425K(14336K) Eden: 7168K(7168K)->0K(7168K) From: 3347K(7168K)->3425K(7168K)
[2026-06-17T10:05:33.887+0800][14.680s][info][gc,heap        ] GC(587) ParOldGen: 37150K(44032K)->37150K(44032K)
[2026-06-17T10:05:33.887+0800][14.680s][info][gc,metaspace   ] GC(587) Metaspace: 116K(320K)->116K(320K) NonClass: 109K(192K)->109K(192K) Class: 7K(128K)->7K(128K)
[2026-06-17T10:05:33.888+0800][14.681s][info][gc             ] GC(587) Pause Young (Allocation Failure) 46M->39M(57M) 4.336ms
[2026-06-17T10:05:33.889+0800][14.682s][info][gc,cpu         ] GC(587) User=0.00s Sys=0.00s Real=0.00s
[2026-06-17T10:05:33.901+0800][14.694s][info][gc,start       ] GC(588) Pause Young (Allocation Failure)
[2026-06-17T10:05:33.902+0800][14.695s][info][gc,heap        ] GC(588) PSYoungGen: 10424K(14336K)->1427K(14336K) Eden: 6998K(7168K)->0K(7168K) From: 3425K(7168K)->1427K(7168K)
[2026-06-17T10:05:33.903+0800][14.696s][info][gc,heap        ] GC(588) ParOldGen: 37150K(44032K)->38938K(44032K)
[2026-06-17T10:05:33.903+0800][14.696s][info][gc,metaspace   ] GC(588) Metaspace: 116K(320K)->116K(320K) NonClass: 109K(192K)->109K(192K) Class: 7K(128K)->7K(128K)
[2026-06-17T10:05:33.904+0800][14.697s][info][gc             ] GC(588) Pause Young (Allocation Failure) 46M->39M(57M) 2.992ms
[2026-06-17T10:05:33.904+0800][14.697s][info][gc,cpu         ] GC(588) User=0.00s Sys=0.00s Real=0.01s
[2026-06-17T10:05:33.927+0800][14.719s][info][gc,start       ] GC(589) Pause Young (Allocation Failure)
[2026-06-17T10:05:33.929+0800][14.722s][info][gc,heap        ] GC(589) PSYoungGen: 8548K(14336K)->5092K(14336K) Eden: 7121K(7168K)->0K(7168K) From: 1427K(7168K)->5092K(7168K)
[2026-06-17T10:05:33.929+0800][14.722s][info][gc,heap        ] GC(589) ParOldGen: 38938K(44032K)->38938K(44032K)
[2026-06-17T10:05:33.930+0800][14.723s][info][gc,metaspace   ] GC(589) Metaspace: 116K(320K)->116K(320K) NonClass: 109K(192K)->109K(192K) Class: 7K(128K)->7K(128K)
[2026-06-17T10:05:33.931+0800][14.724s][info][gc             ] GC(589) Pause Young (Allocation Failure) 46M->42M(57M) 4.173ms
[2026-06-17T10:05:33.931+0800][14.724s][info][gc,cpu         ] GC(589) User=0.01s Sys=0.00s Real=0.01s
[2026-06-17T10:05:33.954+0800][14.747s][info][gc,start       ] GC(590) Pause Young (Allocation Failure)
[2026-06-17T10:05:33.956+0800][14.749s][info][gc,heap        ] GC(590) PSYoungGen: 12210K(14336K)->3628K(14336K) Eden: 7118K(7168K)->0K(7168K) From: 5092K(7168K)->3628K(7168K)
[2026-06-17T10:05:33.958+0800][14.751s][info][gc,heap        ] GC(590) ParOldGen: 38938K(44032K)->40565K(44032K)
[2026-06-17T10:05:33.958+0800][14.751s][info][gc,metaspace   ] GC(590) Metaspace: 116K(320K)->116K(320K) NonClass: 109K(192K)->109K(192K) Class: 7K(128K)->7K(128K)
[2026-06-17T10:05:33.959+0800][14.752s][info][gc             ] GC(590) Pause Young (Allocation Failure) 49M->43M(57M) 5.532ms
[2026-06-17T10:05:33.960+0800][14.753s][info][gc,cpu         ] GC(590) User=0.00s Sys=0.00s Real=0.00s
[2026-06-17T10:05:33.982+0800][14.775s][info][gc,start       ] GC(591) Pause Full (Allocation Failure)
[2026-06-17T10:05:33.983+0800][14.776s][info][gc,phases,start] GC(591) Marking Phase
[2026-06-17T10:05:33.986+0800][14.778s][info][gc,phases      ] GC(591) Marking Phase 2.807ms
[2026-06-17T10:05:33.986+0800][14.779s][info][gc,phases,start] GC(591) Summary Phase
[2026-06-17T10:05:33.987+0800][14.780s][info][gc,phases      ] GC(591) Summary Phase 0.553ms
[2026-06-17T10:05:33.987+0800][14.780s][info][gc,phases,start] GC(591) Forward
[2026-06-17T10:05:33.989+0800][14.781s][info][gc,phases      ] GC(591) Forward 1.209ms
[2026-06-17T10:05:33.989+0800][14.782s][info][gc,phases,start] GC(591) Adjust Pointers
[2026-06-17T10:05:33.990+0800][14.783s][info][gc,phases      ] GC(591) Adjust Pointers 1.039ms
[2026-06-17T10:05:33.990+0800][14.783s][info][gc,phases,start] GC(591) Compaction Phase
[2026-06-17T10:05:33.993+0800][14.785s][info][gc,phases      ] GC(591) Compaction Phase 2.100ms
[2026-06-17T10:05:33.993+0800][14.786s][info][gc,phases,start] GC(591) Post Compact
[2026-06-17T10:05:33.993+0800][14.786s][info][gc,phases      ] GC(591) Post Compact 0.284ms
[2026-06-17T10:05:33.993+0800][14.786s][info][gc,heap        ] GC(591) PSYoungGen: 10789K(14336K)->0K(14336K) Eden: 7160K(7168K)->0K(7168K) From: 3628K(7168K)->0K(7168K)
[2026-06-17T10:05:33.994+0800][14.786s][info][gc,heap        ] GC(591) ParOldGen: 40565K(44032K)->31852K(44032K)
[2026-06-17T10:05:33.994+0800][14.787s][info][gc,metaspace   ] GC(591) Metaspace: 116K(320K)->116K(320K) NonClass: 109K(192K)->109K(192K) Class: 7K(128K)->7K(128K)
[2026-06-17T10:05:33.994+0800][14.787s][info][gc             ] GC(591) Pause Full (Allocation Failure) 50M->31M(57M) 11.861ms
[2026-06-17T10:05:33.994+0800][14.787s][info][gc,cpu         ] GC(591) User=0.01s Sys=0.00s Real=0.02s
[2026-06-17T10:05:34.015+0800][14.808s][info][gc,start       ] GC(592) Pause Young (Allocation Failure)
[2026-06-17T10:05:34.016+0800][14.809s][info][gc,heap        ] GC(592) PSYoungGen: 7167K(14336K)->3921K(14336K) Eden: 7167K(7168K)->0K(7168K) From: 0K(7168K)->3921K(7168K)
[2026-06-17T10:05:34.017+0800][14.809s][info][gc,heap        ] GC(592) ParOldGen: 31852K(44032K)->31852K(44032K)
[2026-06-17T10:05:34.017+0800][14.810s][info][gc,metaspace   ] GC(592) Metaspace: 116K(320K)->116K(320K) NonClass: 109K(192K)->109K(192K) Class: 7K(128K)->7K(128K)
[2026-06-17T10:05:34.017+0800][14.810s][info][gc             ] GC(592) Pause Young (Allocation Failure) 38M->34M(57M) 1.864ms
[2026-06-17T10:05:34.017+0800][14.810s][info][gc,cpu         ] GC(592) User=0.00s Sys=0.00s Real=0.00s
[2026-06-17T10:05:34.028+0800][14.821s][info][gc,start       ] GC(593) Pause Young (Allocation Failure)
[2026-06-17T10:05:34.029+0800][14.822s][info][gc,heap        ] GC(593) PSYoungGen: 11020K(14336K)->32K(14336K) Eden: 7098K(7168K)->0K(7168K) From: 3921K(7168K)->32K(7168K)
[2026-06-17T10:05:34.030+0800][14.823s][info][gc,heap        ] GC(593) ParOldGen: 31852K(44032K)->35398K(44032K)
[2026-06-17T10:05:34.030+0800][14.823s][info][gc,metaspace   ] GC(593) Metaspace: 116K(320K)->116K(320K) NonClass: 109K(192K)->109K(192K) Class: 7K(128K)->7K(128K)
[2026-06-17T10:05:34.030+0800][14.823s][info][gc             ] GC(593) Pause Young (Allocation Failure) 41M->34M(57M) 1.941ms
[2026-06-17T10:05:34.031+0800][14.824s][info][gc,cpu         ] GC(593) User=0.00s Sys=0.00s Real=0.01s
[2026-06-17T10:05:34.052+0800][14.845s][info][gc,start       ] GC(594) Pause Young (Allocation Failure)
[2026-06-17T10:05:34.053+0800][14.846s][info][gc,heap        ] GC(594) PSYoungGen: 7178K(14336K)->3672K(14336K) Eden: 7146K(7168K)->0K(7168K) From: 32K(7168K)->3672K(7168K)
[2026-06-17T10:05:34.054+0800][14.846s][info][gc,heap        ] GC(594) ParOldGen: 35398K(44032K)->35398K(44032K)
[2026-06-17T10:05:34.054+0800][14.847s][info][gc,metaspace   ] GC(594) Metaspace: 116K(320K)->116K(320K) NonClass: 109K(192K)->109K(192K) Class: 7K(128K)->7K(128K)
[2026-06-17T10:05:34.054+0800][14.847s][info][gc             ] GC(594) Pause Young (Allocation Failure) 41M->38M(57M) 1.919ms
[2026-06-17T10:05:34.054+0800][14.847s][info][gc,cpu         ] GC(594) User=0.00s Sys=0.00s Real=0.00s
[2026-06-17T10:05:34.065+0800][14.858s][info][gc,start       ] GC(595) Pause Young (Allocation Failure)
[2026-06-17T10:05:34.067+0800][14.860s][info][gc,heap        ] GC(595) PSYoungGen: 10665K(14336K)->32K(14336K) Eden: 6993K(7168K)->0K(7168K) From: 3672K(7168K)->32K(7168K)
[2026-06-17T10:05:34.067+0800][14.860s][info][gc,heap        ] GC(595) ParOldGen: 35398K(44032K)->38571K(44032K)
[2026-06-17T10:05:34.068+0800][14.860s][info][gc,metaspace   ] GC(595) Metaspace: 116K(320K)->116K(320K) NonClass: 109K(192K)->109K(192K) Class: 7K(128K)->7K(128K)
[2026-06-17T10:05:34.068+0800][14.861s][info][gc             ] GC(595) Pause Young (Allocation Failure) 44M->37M(57M) 2.596ms
[2026-06-17T10:05:34.068+0800][14.861s][info][gc,cpu         ] GC(595) User=0.00s Sys=0.00s Real=0.00s
[2026-06-17T10:05:34.089+0800][14.882s][info][gc,start       ] GC(596) Pause Young (Allocation Failure)
[2026-06-17T10:05:34.130+0800][14.923s][info][gc,heap        ] GC(596) PSYoungGen: 7171K(14336K)->3862K(14336K) Eden: 7139K(7168K)->0K(7168K) From: 32K(7168K)->3862K(7168K)
[2026-06-17T10:05:34.131+0800][14.924s][info][gc,heap        ] GC(596) ParOldGen: 38571K(44032K)->38571K(44032K)
[2026-06-17T10:05:34.132+0800][14.924s][info][gc,metaspace   ] GC(596) Metaspace: 116K(320K)->116K(320K) NonClass: 109K(192K)->109K(192K) Class: 7K(128K)->7K(128K)
[2026-06-17T10:05:34.132+0800][14.925s][info][gc             ] GC(596) Pause Young (Allocation Failure) 44M->41M(57M) 42.701ms
[2026-06-17T10:05:34.133+0800][14.925s][info][gc,cpu         ] GC(596) User=0.00s Sys=0.00s Real=0.05s
[2026-06-17T10:05:34.154+0800][14.947s][info][gc,start       ] GC(597) Pause Young (Allocation Failure)
[2026-06-17T10:05:34.166+0800][14.959s][info][gc,heap        ] GC(597) PSYoungGen: 10997K(14336K)->2404K(14336K) Eden: 7134K(7168K)->0K(7168K) From: 3862K(7168K)->2404K(7168K)
[2026-06-17T10:05:34.169+0800][14.962s][info][gc,heap        ] GC(597) ParOldGen: 38571K(44032K)->40443K(44032K)
[2026-06-17T10:05:34.169+0800][14.962s][info][gc,metaspace   ] GC(597) Metaspace: 116K(320K)->116K(320K) NonClass: 109K(192K)->109K(192K) Class: 7K(128K)->7K(128K)
[2026-06-17T10:05:34.171+0800][14.963s][info][gc             ] GC(597) Pause Young (Allocation Failure) 48M->41M(57M) 16.535ms
[2026-06-17T10:05:34.173+0800][14.966s][info][gc,cpu         ] GC(597) User=0.00s Sys=0.00s Real=0.02s
[2026-06-17T10:05:34.196+0800][14.989s][info][gc,start       ] GC(598) Pause Full (Allocation Failure)
[2026-06-17T10:05:34.212+0800][15.004s][info][gc,phases,start] GC(598) Marking Phase
[2026-06-17T10:05:34.222+0800][15.015s][info][gc,phases      ] GC(598) Marking Phase 10.410ms
[2026-06-17T10:05:34.227+0800][15.020s][info][gc,phases,start] GC(598) Summary Phase
[2026-06-17T10:05:34.230+0800][15.023s][info][gc,phases      ] GC(598) Summary Phase 2.541ms
[2026-06-17T10:05:34.234+0800][15.026s][info][gc,phases,start] GC(598) Forward
[2026-06-17T10:05:34.235+0800][15.027s][info][gc,phases      ] GC(598) Forward 0.996ms
[2026-06-17T10:05:34.236+0800][15.029s][info][gc,phases,start] GC(598) Adjust Pointers
[2026-06-17T10:05:34.238+0800][15.031s][info][gc,phases      ] GC(598) Adjust Pointers 2.058ms
[2026-06-17T10:05:34.240+0800][15.033s][info][gc,phases,start] GC(598) Compaction Phase
[2026-06-17T10:05:34.245+0800][15.038s][info][gc,phases      ] GC(598) Compaction Phase 4.471ms
[2026-06-17T10:05:34.246+0800][15.038s][info][gc,phases,start] GC(598) Post Compact
[2026-06-17T10:05:34.246+0800][15.039s][info][gc,phases      ] GC(598) Post Compact 0.702ms
[2026-06-17T10:05:34.247+0800][15.040s][info][gc,heap        ] GC(598) PSYoungGen: 9544K(14336K)->0K(14336K) Eden: 7140K(7168K)->0K(7168K) From: 2404K(7168K)->0K(7168K)
[2026-06-17T10:05:34.248+0800][15.041s][info][gc,heap        ] GC(598) ParOldGen: 40443K(44032K)->29867K(44032K)
[2026-06-17T10:05:34.249+0800][15.042s][info][gc,metaspace   ] GC(598) Metaspace: 116K(320K)->116K(320K) NonClass: 109K(192K)->109K(192K) Class: 7K(128K)->7K(128K)
[2026-06-17T10:05:34.251+0800][15.044s][info][gc             ] GC(598) Pause Full (Allocation Failure) 48M->29M(57M) 54.687ms
[2026-06-17T10:05:34.252+0800][15.045s][info][gc,cpu         ] GC(598) User=0.01s Sys=0.00s Real=0.06s
[2026-06-17T10:05:34.264+0800][15.057s][info][gc,start       ] GC(599) Pause Young (Allocation Failure)
[2026-06-17T10:05:34.266+0800][15.059s][info][gc,heap        ] GC(599) PSYoungGen: 7150K(14336K)->6911K(14336K) Eden: 7150K(7168K)->0K(7168K) From: 0K(7168K)->6911K(7168K)
[2026-06-17T10:05:34.278+0800][15.071s][info][gc,heap        ] GC(599) ParOldGen: 29867K(44032K)->30143K(44032K)
[2026-06-17T10:05:34.280+0800][15.072s][info][gc,metaspace   ] GC(599) Metaspace: 116K(320K)->116K(320K) NonClass: 109K(192K)->109K(192K) Class: 7K(128K)->7K(128K)
[2026-06-17T10:05:34.281+0800][15.074s][info][gc             ] GC(599) Pause Young (Allocation Failure) 36M->36M(57M) 16.873ms
[2026-06-17T10:05:34.287+0800][15.079s][info][gc,cpu         ] GC(599) User=0.00s Sys=0.00s Real=0.02s
[2026-06-17T10:05:34.318+0800][15.111s][info][gc,start       ] GC(600) Pause Young (Allocation Failure)
[2026-06-17T10:05:34.319+0800][15.112s][info][gc,heap        ] GC(600) PSYoungGen: 14061K(14336K)->1940K(14336K) Eden: 7149K(7168K)->0K(7168K) From: 6911K(7168K)->1940K(7168K)
[2026-06-17T10:05:34.320+0800][15.113s][info][gc,heap        ] GC(600) ParOldGen: 30143K(44032K)->35061K(44032K)
[2026-06-17T10:05:34.320+0800][15.113s][info][gc,metaspace   ] GC(600) Metaspace: 116K(320K)->116K(320K) NonClass: 109K(192K)->109K(192K) Class: 7K(128K)->7K(128K)
[2026-06-17T10:05:34.320+0800][15.113s][info][gc             ] GC(600) Pause Young (Allocation Failure) 43M->36M(57M) 2.600ms
[2026-06-17T10:05:34.321+0800][15.114s][info][gc,cpu         ] GC(600) User=0.00s Sys=0.01s Real=0.00s
[2026-06-17T10:05:34.342+0800][15.135s][info][gc,start       ] GC(601) Pause Young (Allocation Failure)
[2026-06-17T10:05:34.343+0800][15.135s][info][gc,heap        ] GC(601) PSYoungGen: 9073K(14336K)->2464K(14336K) Eden: 7133K(7168K)->0K(7168K) From: 1940K(7168K)->2464K(7168K)
[2026-06-17T10:05:34.343+0800][15.136s][info][gc,heap        ] GC(601) ParOldGen: 35061K(44032K)->35061K(44032K)
[2026-06-17T10:05:34.343+0800][15.136s][info][gc,metaspace   ] GC(601) Metaspace: 116K(320K)->116K(320K) NonClass: 109K(192K)->109K(192K) Class: 7K(128K)->7K(128K)
[2026-06-17T10:05:34.343+0800][15.136s][info][gc             ] GC(601) Pause Young (Allocation Failure) 43M->36M(57M) 1.137ms
[2026-06-17T10:05:34.343+0800][15.136s][info][gc,cpu         ] GC(601) User=0.00s Sys=0.00s Real=0.01s
[2026-06-17T10:05:34.354+0800][15.147s][info][gc,start       ] GC(602) Pause Young (Allocation Failure)
[2026-06-17T10:05:34.355+0800][15.147s][info][gc,heap        ] GC(602) PSYoungGen: 9564K(14336K)->992K(14336K) Eden: 7100K(7168K)->0K(7168K) From: 2464K(7168K)->992K(7168K)
[2026-06-17T10:05:34.355+0800][15.148s][info][gc,heap        ] GC(602) ParOldGen: 35061K(44032K)->36906K(44032K)
[2026-06-17T10:05:34.355+0800][15.148s][info][gc,metaspace   ] GC(602) Metaspace: 116K(320K)->116K(320K) NonClass: 109K(192K)->109K(192K) Class: 7K(128K)->7K(128K)
[2026-06-17T10:05:34.355+0800][15.148s][info][gc             ] GC(602) Pause Young (Allocation Failure) 43M->37M(57M) 1.417ms
[2026-06-17T10:05:34.355+0800][15.148s][info][gc,cpu         ] GC(602) User=0.00s Sys=0.00s Real=0.00s
[2026-06-17T10:05:34.377+0800][15.170s][info][gc,start       ] GC(603) Pause Young (Allocation Failure)
[2026-06-17T10:05:34.378+0800][15.171s][info][gc,heap        ] GC(603) PSYoungGen: 8103K(14336K)->4586K(14336K) Eden: 7111K(7168K)->0K(7168K) From: 992K(7168K)->4586K(7168K)
[2026-06-17T10:05:34.379+0800][15.171s][info][gc,heap        ] GC(603) ParOldGen: 36906K(44032K)->36906K(44032K)
[2026-06-17T10:05:34.379+0800][15.172s][info][gc,metaspace   ] GC(603) Metaspace: 116K(320K)->116K(320K) NonClass: 109K(192K)->109K(192K) Class: 7K(128K)->7K(128K)
[2026-06-17T10:05:34.379+0800][15.172s][info][gc             ] GC(603) Pause Young (Allocation Failure) 43M->40M(57M) 2.585ms
[2026-06-17T10:05:34.380+0800][15.173s][info][gc,cpu         ] GC(603) User=0.00s Sys=0.00s Real=0.00s
[2026-06-17T10:05:34.401+0800][15.194s][info][gc,start       ] GC(604) Pause Young (Allocation Failure)
[2026-06-17T10:05:34.403+0800][15.196s][info][gc,heap        ] GC(604) PSYoungGen: 11743K(14336K)->2859K(14336K) Eden: 7157K(7168K)->0K(7168K) From: 4586K(7168K)->2859K(7168K)
[2026-06-17T10:05:34.406+0800][15.199s][info][gc,heap        ] GC(604) ParOldGen: 36906K(44032K)->38842K(44032K)
[2026-06-17T10:05:34.406+0800][15.199s][info][gc,metaspace   ] GC(604) Metaspace: 116K(320K)->116K(320K) NonClass: 109K(192K)->109K(192K) Class: 7K(128K)->7K(128K)
[2026-06-17T10:05:34.407+0800][15.200s][info][gc             ] GC(604) Pause Young (Allocation Failure) 47M->40M(57M) 5.414ms
[2026-06-17T10:05:34.407+0800][15.200s][info][gc,cpu         ] GC(604) User=0.00s Sys=0.00s Real=0.01s
[2026-06-17T10:05:34.430+0800][15.222s][info][gc,start       ] GC(605) Pause Young (Allocation Failure)
[2026-06-17T10:05:34.431+0800][15.224s][info][gc,heap        ] GC(605) PSYoungGen: 10012K(14336K)->3472K(14336K) Eden: 7152K(7168K)->0K(7168K) From: 2859K(7168K)->3472K(7168K)
[2026-06-17T10:05:34.432+0800][15.224s][info][gc,heap        ] GC(605) ParOldGen: 38842K(44032K)->38842K(44032K)
[2026-06-17T10:05:34.432+0800][15.225s][info][gc,metaspace   ] GC(605) Metaspace: 116K(320K)->116K(320K) NonClass: 109K(192K)->109K(192K) Class: 7K(128K)->7K(128K)
[2026-06-17T10:05:34.433+0800][15.225s][info][gc             ] GC(605) Pause Young (Allocation Failure) 47M->41M(57M) 2.970ms
[2026-06-17T10:05:34.433+0800][15.226s][info][gc,cpu         ] GC(605) User=0.01s Sys=0.00s Real=0.01s
[2026-06-17T10:05:34.445+0800][15.237s][info][gc,start       ] GC(606) Pause Young (Allocation Failure)
[2026-06-17T10:05:34.446+0800][15.239s][info][gc,heap        ] GC(606) PSYoungGen: 10640K(14336K)->6949K(14336K) Eden: 7168K(7168K)->0K(7168K) From: 3472K(7168K)->6949K(7168K)
[2026-06-17T10:05:34.447+0800][15.240s][info][gc,heap        ] GC(606) ParOldGen: 38842K(44032K)->38842K(44032K)
[2026-06-17T10:05:34.447+0800][15.240s][info][gc,metaspace   ] GC(606) Metaspace: 116K(320K)->116K(320K) NonClass: 109K(192K)->109K(192K) Class: 7K(128K)->7K(128K)
[2026-06-17T10:05:34.448+0800][15.240s][info][gc             ] GC(606) Pause Young (Allocation Failure) 48M->44M(57M) 3.053ms
[2026-06-17T10:05:34.448+0800][15.241s][info][gc,cpu         ] GC(606) User=0.00s Sys=0.00s Real=0.00s
[2026-06-17T10:05:34.470+0800][15.263s][info][gc,start       ] GC(607) Pause Young (Allocation Failure)
[2026-06-17T10:05:34.475+0800][15.268s][info][gc,heap        ] GC(607) PSYoungGen: 14117K(14336K)->4848K(14336K) Eden: 7168K(7168K)->0K(7168K) From: 6949K(7168K)->4848K(7168K)
[2026-06-17T10:05:34.475+0800][15.268s][info][gc,heap        ] GC(607) ParOldGen: 38842K(44032K)->41092K(44032K)
[2026-06-17T10:05:34.476+0800][15.269s][info][gc,metaspace   ] GC(607) Metaspace: 116K(320K)->116K(320K) NonClass: 109K(192K)->109K(192K) Class: 7K(128K)->7K(128K)
[2026-06-17T10:05:34.476+0800][15.269s][info][gc             ] GC(607) Pause Young (Allocation Failure) 51M->44M(57M) 6.436ms
[2026-06-17T10:05:34.477+0800][15.270s][info][gc,cpu         ] GC(607) User=0.00s Sys=0.00s Real=0.01s
[2026-06-17T10:05:34.498+0800][15.291s][info][gc,start       ] GC(608) Pause Full (Allocation Failure)
[2026-06-17T10:05:34.499+0800][15.292s][info][gc,phases,start] GC(608) Marking Phase
[2026-06-17T10:05:34.501+0800][15.293s][info][gc,phases      ] GC(608) Marking Phase 1.858ms
[2026-06-17T10:05:34.501+0800][15.294s][info][gc,phases,start] GC(608) Summary Phase
[2026-06-17T10:05:34.502+0800][15.295s][info][gc,phases      ] GC(608) Summary Phase 0.603ms
[2026-06-17T10:05:34.502+0800][15.295s][info][gc,phases,start] GC(608) Forward
[2026-06-17T10:05:34.503+0800][15.296s][info][gc,phases      ] GC(608) Forward 0.630ms
[2026-06-17T10:05:34.504+0800][15.296s][info][gc,phases,start] GC(608) Adjust Pointers
[2026-06-17T10:05:34.505+0800][15.298s][info][gc,phases      ] GC(608) Adjust Pointers 1.669ms
[2026-06-17T10:05:34.506+0800][15.298s][info][gc,phases,start] GC(608) Compaction Phase
[2026-06-17T10:05:34.508+0800][15.301s][info][gc,phases      ] GC(608) Compaction Phase 2.045ms
[2026-06-17T10:05:34.509+0800][15.301s][info][gc,phases,start] GC(608) Post Compact
[2026-06-17T10:05:34.509+0800][15.302s][info][gc,phases      ] GC(608) Post Compact 0.428ms
[2026-06-17T10:05:34.509+0800][15.302s][info][gc,heap        ] GC(608) PSYoungGen: 11972K(14336K)->0K(14336K) Eden: 7123K(7168K)->0K(7168K) From: 4848K(7168K)->0K(7168K)
[2026-06-17T10:05:34.510+0800][15.302s][info][gc,heap        ] GC(608) ParOldGen: 41092K(44032K)->33957K(44032K)
[2026-06-17T10:05:34.510+0800][15.303s][info][gc,metaspace   ] GC(608) Metaspace: 116K(320K)->116K(320K) NonClass: 109K(192K)->109K(192K) Class: 7K(128K)->7K(128K)
[2026-06-17T10:05:34.510+0800][15.303s][info][gc             ] GC(608) Pause Full (Allocation Failure) 51M->33M(57M) 12.305ms
[2026-06-17T10:05:34.511+0800][15.303s][info][gc,cpu         ] GC(608) User=0.01s Sys=0.00s Real=0.02s
[2026-06-17T10:05:34.522+0800][15.315s][info][gc,start       ] GC(609) Pause Young (Allocation Failure)
[2026-06-17T10:05:34.523+0800][15.316s][info][gc,heap        ] GC(609) PSYoungGen: 7015K(14336K)->3792K(14336K) Eden: 7015K(7168K)->0K(7168K) From: 0K(7168K)->3792K(7168K)
[2026-06-17T10:05:34.524+0800][15.317s][info][gc,heap        ] GC(609) ParOldGen: 33957K(44032K)->33957K(44032K)
[2026-06-17T10:05:34.525+0800][15.317s][info][gc,metaspace   ] GC(609) Metaspace: 116K(320K)->116K(320K) NonClass: 109K(192K)->109K(192K) Class: 7K(128K)->7K(128K)
[2026-06-17T10:05:34.525+0800][15.318s][info][gc             ] GC(609) Pause Young (Allocation Failure) 40M->36M(57M) 3.346ms
[2026-06-17T10:05:34.526+0800][15.319s][info][gc,cpu         ] GC(609) User=0.00s Sys=0.00s Real=0.01s
[2026-06-17T10:05:34.547+0800][15.340s][info][gc,start       ] GC(610) Pause Young (Allocation Failure)
[2026-06-17T10:05:34.549+0800][15.342s][info][gc,heap        ] GC(610) PSYoungGen: 10950K(14336K)->7069K(14336K) Eden: 7157K(7168K)->0K(7168K) From: 3792K(7168K)->7069K(7168K)
[2026-06-17T10:05:34.550+0800][15.343s][info][gc,heap        ] GC(610) ParOldGen: 33957K(44032K)->34263K(44032K)
[2026-06-17T10:05:34.551+0800][15.343s][info][gc,metaspace   ] GC(610) Metaspace: 116K(320K)->116K(320K) NonClass: 109K(192K)->109K(192K) Class: 7K(128K)->7K(128K)
[2026-06-17T10:05:34.551+0800][15.344s][info][gc             ] GC(610) Pause Young (Allocation Failure) 43M->40M(57M) 3.931ms
[2026-06-17T10:05:34.552+0800][15.345s][info][gc,cpu         ] GC(610) User=0.00s Sys=0.00s Real=0.01s
[2026-06-17T10:05:34.574+0800][15.366s][info][gc,start       ] GC(611) Pause Young (Allocation Failure)
[2026-06-17T10:05:34.576+0800][15.369s][info][gc,heap        ] GC(611) PSYoungGen: 14225K(14336K)->3668K(14336K) Eden: 7156K(7168K)->0K(7168K) From: 7069K(7168K)->3668K(7168K)
[2026-06-17T10:05:34.576+0800][15.369s][info][gc,heap        ] GC(611) ParOldGen: 34263K(44032K)->38306K(44032K)
[2026-06-17T10:05:34.577+0800][15.370s][info][gc,metaspace   ] GC(611) Metaspace: 116K(320K)->116K(320K) NonClass: 109K(192K)->109K(192K) Class: 7K(128K)->7K(128K)
[2026-06-17T10:05:34.578+0800][15.370s][info][gc             ] GC(611) Pause Young (Allocation Failure) 47M->40M(57M) 3.856ms
[2026-06-17T10:05:34.578+0800][15.371s][info][gc,cpu         ] GC(611) User=0.00s Sys=0.00s Real=0.00s
[2026-06-17T10:05:34.600+0800][15.393s][info][gc,start       ] GC(612) Pause Young (Allocation Failure)
[2026-06-17T10:05:34.603+0800][15.395s][info][gc,heap        ] GC(612) PSYoungGen: 10800K(14336K)->3991K(14336K) Eden: 7132K(7168K)->0K(7168K) From: 3668K(7168K)->3991K(7168K)
[2026-06-17T10:05:34.603+0800][15.396s][info][gc,heap        ] GC(612) ParOldGen: 38306K(44032K)->38306K(44032K)
[2026-06-17T10:05:34.604+0800][15.397s][info][gc,metaspace   ] GC(612) Metaspace: 116K(320K)->116K(320K) NonClass: 109K(192K)->109K(192K) Class: 7K(128K)->7K(128K)
[2026-06-17T10:05:34.604+0800][15.397s][info][gc             ] GC(612) Pause Young (Allocation Failure) 47M->41M(57M) 3.836ms
[2026-06-17T10:05:34.605+0800][15.397s][info][gc,cpu         ] GC(612) User=0.01s Sys=0.00s Real=0.01s
[2026-06-17T10:05:34.626+0800][15.419s][info][gc,start       ] GC(613) Pause Young (Allocation Failure)
[2026-06-17T10:05:34.628+0800][15.421s][info][gc,heap        ] GC(613) PSYoungGen: 11159K(14336K)->2316K(14336K) Eden: 7168K(7168K)->0K(7168K) From: 3991K(7168K)->2316K(7168K)
[2026-06-17T10:05:34.629+0800][15.421s][info][gc,heap        ] GC(613) ParOldGen: 38306K(44032K)->40508K(44032K)
[2026-06-17T10:05:34.629+0800][15.422s][info][gc,metaspace   ] GC(613) Metaspace: 116K(320K)->116K(320K) NonClass: 109K(192K)->109K(192K) Class: 7K(128K)->7K(128K)
[2026-06-17T10:05:34.629+0800][15.422s][info][gc             ] GC(613) Pause Young (Allocation Failure) 48M->41M(57M) 2.956ms
[2026-06-17T10:05:34.630+0800][15.423s][info][gc,cpu         ] GC(613) User=0.00s Sys=0.00s Real=0.00s
[2026-06-17T10:05:34.641+0800][15.434s][info][gc,start       ] GC(614) Pause Full (Allocation Failure)
[2026-06-17T10:05:34.642+0800][15.435s][info][gc,phases,start] GC(614) Marking Phase
[2026-06-17T10:05:34.644+0800][15.437s][info][gc,phases      ] GC(614) Marking Phase 2.197ms
[2026-06-17T10:05:34.645+0800][15.438s][info][gc,phases,start] GC(614) Summary Phase
[2026-06-17T10:05:34.646+0800][15.439s][info][gc,phases      ] GC(614) Summary Phase 0.654ms
[2026-06-17T10:05:34.646+0800][15.439s][info][gc,phases,start] GC(614) Forward
[2026-06-17T10:05:34.647+0800][15.440s][info][gc,phases      ] GC(614) Forward 0.722ms
[2026-06-17T10:05:34.648+0800][15.440s][info][gc,phases,start] GC(614) Adjust Pointers
[2026-06-17T10:05:34.649+0800][15.442s][info][gc,phases      ] GC(614) Adjust Pointers 1.644ms
[2026-06-17T10:05:34.650+0800][15.443s][info][gc,phases,start] GC(614) Compaction Phase
[2026-06-17T10:05:34.653+0800][15.446s][info][gc,phases      ] GC(614) Compaction Phase 3.098ms
[2026-06-17T10:05:34.654+0800][15.447s][info][gc,phases,start] GC(614) Post Compact
[2026-06-17T10:05:34.655+0800][15.447s][info][gc,phases      ] GC(614) Post Compact 0.512ms
[2026-06-17T10:05:34.655+0800][15.448s][info][gc,heap        ] GC(614) PSYoungGen: 9468K(14336K)->0K(14336K) Eden: 7151K(7168K)->0K(7168K) From: 2316K(7168K)->0K(7168K)
[2026-06-17T10:05:34.656+0800][15.448s][info][gc,heap        ] GC(614) ParOldGen: 40508K(44032K)->33079K(44032K)
[2026-06-17T10:05:34.656+0800][15.449s][info][gc,metaspace   ] GC(614) Metaspace: 116K(320K)->116K(320K) NonClass: 109K(192K)->109K(192K) Class: 7K(128K)->7K(128K)
[2026-06-17T10:05:34.657+0800][15.449s][info][gc             ] GC(614) Pause Full (Allocation Failure) 48M->32M(57M) 15.100ms
[2026-06-17T10:05:34.657+0800][15.450s][info][gc,cpu         ] GC(614) User=0.01s Sys=0.00s Real=0.02s
[2026-06-17T10:05:34.678+0800][15.471s][info][gc,start       ] GC(615) Pause Young (Allocation Failure)
[2026-06-17T10:05:34.680+0800][15.472s][info][gc,heap        ] GC(615) PSYoungGen: 7164K(14336K)->3660K(14336K) Eden: 7164K(7168K)->0K(7168K) From: 0K(7168K)->3660K(7168K)
[2026-06-17T10:05:34.680+0800][15.473s][info][gc,heap        ] GC(615) ParOldGen: 33079K(44032K)->33079K(44032K)
[2026-06-17T10:05:34.680+0800][15.473s][info][gc,metaspace   ] GC(615) Metaspace: 116K(320K)->116K(320K) NonClass: 109K(192K)->109K(192K) Class: 7K(128K)->7K(128K)
[2026-06-17T10:05:34.681+0800][15.474s][info][gc             ] GC(615) Pause Young (Allocation Failure) 39M->35M(57M) 2.762ms
[2026-06-17T10:05:34.682+0800][15.474s][info][gc,cpu         ] GC(615) User=0.00s Sys=0.00s Real=0.00s
[2026-06-17T10:05:34.693+0800][15.486s][info][gc,start       ] GC(616) Pause Young (Allocation Failure)
[2026-06-17T10:05:34.695+0800][15.488s][info][gc,heap        ] GC(616) PSYoungGen: 10567K(14336K)->1683K(14336K) Eden: 6906K(7168K)->0K(7168K) From: 3660K(7168K)->1683K(7168K)
[2026-06-17T10:05:34.695+0800][15.488s][info][gc,heap        ] GC(616) ParOldGen: 33079K(44032K)->35346K(44032K)
[2026-06-17T10:05:34.696+0800][15.489s][info][gc,metaspace   ] GC(616) Metaspace: 116K(320K)->116K(320K) NonClass: 109K(192K)->109K(192K) Class: 7K(128K)->7K(128K)
[2026-06-17T10:05:34.696+0800][15.489s][info][gc             ] GC(616) Pause Young (Allocation Failure) 42M->36M(57M) 3.130ms
[2026-06-17T10:05:34.697+0800][15.489s][info][gc,cpu         ] GC(616) User=0.00s Sys=0.00s Real=0.00s
[2026-06-17T10:05:34.728+0800][15.521s][info][gc,start       ] GC(617) Pause Young (Allocation Failure)
[2026-06-17T10:05:34.729+0800][15.522s][info][gc,heap        ] GC(617) PSYoungGen: 8834K(14336K)->2316K(14336K) Eden: 7151K(7168K)->0K(7168K) From: 1683K(7168K)->2316K(7168K)
[2026-06-17T10:05:34.729+0800][15.522s][info][gc,heap        ] GC(617) ParOldGen: 35346K(44032K)->35346K(44032K)
[2026-06-17T10:05:34.729+0800][15.522s][info][gc,metaspace   ] GC(617) Metaspace: 116K(320K)->116K(320K) NonClass: 109K(192K)->109K(192K) Class: 7K(128K)->7K(128K)
[2026-06-17T10:05:34.730+0800][15.523s][info][gc             ] GC(617) Pause Young (Allocation Failure) 43M->36M(57M) 1.891ms
[2026-06-17T10:05:34.730+0800][15.523s][info][gc,cpu         ] GC(617) User=0.00s Sys=0.00s Real=0.00s
[2026-06-17T10:05:34.741+0800][15.534s][info][gc,start       ] GC(618) Pause Young (Allocation Failure)
[2026-06-17T10:05:34.742+0800][15.535s][info][gc,heap        ] GC(618) PSYoungGen: 9466K(14336K)->5999K(14336K) Eden: 7150K(7168K)->0K(7168K) From: 2316K(7168K)->5999K(7168K)
[2026-06-17T10:05:34.742+0800][15.535s][info][gc,heap        ] GC(618) ParOldGen: 35346K(44032K)->35346K(44032K)
[2026-06-17T10:05:34.743+0800][15.535s][info][gc,metaspace   ] GC(618) Metaspace: 116K(320K)->116K(320K) NonClass: 109K(192K)->109K(192K) Class: 7K(128K)->7K(128K)
[2026-06-17T10:05:34.743+0800][15.536s][info][gc             ] GC(618) Pause Young (Allocation Failure) 43M->40M(57M) 1.427ms
[2026-06-17T10:05:34.743+0800][15.536s][info][gc,cpu         ] GC(618) User=0.00s Sys=0.00s Real=0.01s
[2026-06-17T10:05:34.764+0800][15.557s][info][gc,start       ] GC(619) Pause Young (Allocation Failure)
[2026-06-17T10:05:34.765+0800][15.558s][info][gc,heap        ] GC(619) PSYoungGen: 13156K(14336K)->4037K(14336K) Eden: 7156K(7168K)->0K(7168K) From: 5999K(7168K)->4037K(7168K)
[2026-06-17T10:05:34.766+0800][15.558s][info][gc,heap        ] GC(619) ParOldGen: 35346K(44032K)->37480K(44032K)
[2026-06-17T10:05:34.766+0800][15.559s][info][gc,metaspace   ] GC(619) Metaspace: 116K(320K)->116K(320K) NonClass: 109K(192K)->109K(192K) Class: 7K(128K)->7K(128K)
[2026-06-17T10:05:34.766+0800][15.559s][info][gc             ] GC(619) Pause Young (Allocation Failure) 47M->40M(57M) 2.390ms
[2026-06-17T10:05:34.767+0800][15.560s][info][gc,cpu         ] GC(619) User=0.00s Sys=0.00s Real=0.00s
[2026-06-17T10:05:34.778+0800][15.571s][info][gc,start       ] GC(620) Pause Young (Allocation Failure)
[2026-06-17T10:05:34.779+0800][15.572s][info][gc,heap        ] GC(620) PSYoungGen: 11202K(14336K)->5335K(14336K) Eden: 7164K(7168K)->0K(7168K) From: 4037K(7168K)->5335K(7168K)
[2026-06-17T10:05:34.779+0800][15.572s][info][gc,heap        ] GC(620) ParOldGen: 37480K(44032K)->39671K(44032K)
[2026-06-17T10:05:34.779+0800][15.572s][info][gc,metaspace   ] GC(620) Metaspace: 116K(320K)->116K(320K) NonClass: 109K(192K)->109K(192K) Class: 7K(128K)->7K(128K)
[2026-06-17T10:05:34.780+0800][15.572s][info][gc             ] GC(620) Pause Young (Allocation Failure) 47M->43M(57M) 1.842ms
[2026-06-17T10:05:34.780+0800][15.573s][info][gc,cpu         ] GC(620) User=0.00s Sys=0.00s Real=0.00s
[2026-06-17T10:05:34.801+0800][15.594s][info][gc,start       ] GC(621) Pause Full (Allocation Failure)
[2026-06-17T10:05:34.802+0800][15.594s][info][gc,phases,start] GC(621) Marking Phase
[2026-06-17T10:05:34.804+0800][15.596s][info][gc,phases      ] GC(621) Marking Phase 1.975ms
[2026-06-17T10:05:34.804+0800][15.597s][info][gc,phases,start] GC(621) Summary Phase
[2026-06-17T10:05:34.804+0800][15.597s][info][gc,phases      ] GC(621) Summary Phase 0.255ms
[2026-06-17T10:05:34.804+0800][15.597s][info][gc,phases,start] GC(621) Forward
[2026-06-17T10:05:34.805+0800][15.597s][info][gc,phases      ] GC(621) Forward 0.314ms
[2026-06-17T10:05:34.805+0800][15.598s][info][gc,phases,start] GC(621) Adjust Pointers
[2026-06-17T10:05:34.806+0800][15.599s][info][gc,phases      ] GC(621) Adjust Pointers 0.803ms
[2026-06-17T10:05:34.806+0800][15.599s][info][gc,phases,start] GC(621) Compaction Phase
[2026-06-17T10:05:34.808+0800][15.600s][info][gc,phases      ] GC(621) Compaction Phase 1.670ms
[2026-06-17T10:05:34.808+0800][15.601s][info][gc,phases,start] GC(621) Post Compact
[2026-06-17T10:05:34.808+0800][15.601s][info][gc,phases      ] GC(621) Post Compact 0.279ms
[2026-06-17T10:05:34.809+0800][15.601s][info][gc,heap        ] GC(621) PSYoungGen: 12479K(14336K)->0K(14336K) Eden: 7144K(7168K)->0K(7168K) From: 5335K(7168K)->0K(7168K)
[2026-06-17T10:05:34.809+0800][15.602s][info][gc,heap        ] GC(621) ParOldGen: 39671K(44032K)->32792K(44032K)
[2026-06-17T10:05:34.809+0800][15.602s][info][gc,metaspace   ] GC(621) Metaspace: 116K(320K)->116K(320K) NonClass: 109K(192K)->109K(192K) Class: 7K(128K)->7K(128K)
[2026-06-17T10:05:34.810+0800][15.602s][info][gc             ] GC(621) Pause Full (Allocation Failure) 50M->32M(57M) 8.455ms
[2026-06-17T10:05:34.810+0800][15.603s][info][gc,cpu         ] GC(621) User=0.00s Sys=0.00s Real=0.01s
[2026-06-17T10:05:34.831+0800][15.624s][info][gc,start       ] GC(622) Pause Young (Allocation Failure)
[2026-06-17T10:05:34.833+0800][15.626s][info][gc,heap        ] GC(622) PSYoungGen: 7167K(14336K)->3516K(14336K) Eden: 7167K(7168K)->0K(7168K) From: 0K(7168K)->3516K(7168K)
[2026-06-17T10:05:34.833+0800][15.626s][info][gc,heap        ] GC(622) ParOldGen: 32792K(44032K)->32792K(44032K)
[2026-06-17T10:05:34.834+0800][15.627s][info][gc,metaspace   ] GC(622) Metaspace: 116K(320K)->116K(320K) NonClass: 109K(192K)->109K(192K) Class: 7K(128K)->7K(128K)
[2026-06-17T10:05:34.835+0800][15.628s][info][gc             ] GC(622) Pause Young (Allocation Failure) 39M->35M(57M) 3.820ms
[2026-06-17T10:05:34.836+0800][15.628s][info][gc,cpu         ] GC(622) User=0.01s Sys=0.00s Real=0.00s
[2026-06-17T10:05:34.847+0800][15.640s][info][gc,start       ] GC(623) Pause Young (Allocation Failure)
[2026-06-17T10:05:34.849+0800][15.641s][info][gc,heap        ] GC(623) PSYoungGen: 10668K(14336K)->1643K(14336K) Eden: 7151K(7168K)->0K(7168K) From: 3516K(7168K)->1643K(7168K)
[2026-06-17T10:05:34.849+0800][15.642s][info][gc,heap        ] GC(623) ParOldGen: 32792K(44032K)->35126K(44032K)
[2026-06-17T10:05:34.850+0800][15.643s][info][gc,metaspace   ] GC(623) Metaspace: 116K(320K)->116K(320K) NonClass: 109K(192K)->109K(192K) Class: 7K(128K)->7K(128K)
[2026-06-17T10:05:34.850+0800][15.643s][info][gc             ] GC(623) Pause Young (Allocation Failure) 42M->35M(57M) 3.255ms
[2026-06-17T10:05:34.851+0800][15.643s][info][gc,cpu         ] GC(623) User=0.00s Sys=0.00s Real=0.01s
[2026-06-17T10:05:34.873+0800][15.666s][info][gc,start       ] GC(624) Pause Young (Allocation Failure)
[2026-06-17T10:05:34.876+0800][15.668s][info][gc,heap        ] GC(624) PSYoungGen: 8811K(14336K)->5279K(14336K) Eden: 7168K(7168K)->0K(7168K) From: 1643K(7168K)->5279K(7168K)
[2026-06-17T10:05:34.876+0800][15.669s][info][gc,heap        ] GC(624) ParOldGen: 35126K(44032K)->35126K(44032K)
[2026-06-17T10:05:34.877+0800][15.670s][info][gc,metaspace   ] GC(624) Metaspace: 116K(320K)->116K(320K) NonClass: 109K(192K)->109K(192K) Class: 7K(128K)->7K(128K)
[2026-06-17T10:05:34.878+0800][15.671s][info][gc             ] GC(624) Pause Young (Allocation Failure) 42M->39M(57M) 4.500ms
[2026-06-17T10:05:34.878+0800][15.671s][info][gc,cpu         ] GC(624) User=0.00s Sys=0.00s Real=0.00s
[2026-06-17T10:05:34.891+0800][15.683s][info][gc,start       ] GC(625) Pause Young (Allocation Failure)
[2026-06-17T10:05:34.892+0800][15.685s][info][gc,heap        ] GC(625) PSYoungGen: 12335K(14336K)->1609K(14336K) Eden: 7055K(7168K)->0K(7168K) From: 5279K(7168K)->1609K(7168K)
[2026-06-17T10:05:34.893+0800][15.686s][info][gc,heap        ] GC(625) ParOldGen: 35126K(44032K)->38593K(44032K)
[2026-06-17T10:05:34.894+0800][15.686s][info][gc,metaspace   ] GC(625) Metaspace: 116K(320K)->116K(320K) NonClass: 109K(192K)->109K(192K) Class: 7K(128K)->7K(128K)
[2026-06-17T10:05:34.894+0800][15.687s][info][gc             ] GC(625) Pause Young (Allocation Failure) 46M->39M(57M) 3.584ms
[2026-06-17T10:05:34.895+0800][15.688s][info][gc,cpu         ] GC(625) User=0.00s Sys=0.00s Real=0.00s
[2026-06-17T10:05:34.917+0800][15.710s][info][gc,start       ] GC(626) Pause Young (Allocation Failure)
[2026-06-17T10:05:34.919+0800][15.712s][info][gc,heap        ] GC(626) PSYoungGen: 8763K(14336K)->5060K(14336K) Eden: 7153K(7168K)->0K(7168K) From: 1609K(7168K)->5060K(7168K)
[2026-06-17T10:05:34.920+0800][15.712s][info][gc,heap        ] GC(626) ParOldGen: 38593K(44032K)->38593K(44032K)
[2026-06-17T10:05:34.920+0800][15.713s][info][gc,metaspace   ] GC(626) Metaspace: 116K(320K)->116K(320K) NonClass: 109K(192K)->109K(192K) Class: 7K(128K)->7K(128K)
[2026-06-17T10:05:34.921+0800][15.714s][info][gc             ] GC(626) Pause Young (Allocation Failure) 46M->42M(57M) 3.808ms
[2026-06-17T10:05:34.922+0800][15.714s][info][gc,cpu         ] GC(626) User=0.00s Sys=0.00s Real=0.00s
[2026-06-17T10:05:34.944+0800][15.737s][info][gc,start       ] GC(627) Pause Young (Allocation Failure)
[2026-06-17T10:05:34.946+0800][15.739s][info][gc,heap        ] GC(627) PSYoungGen: 12193K(14336K)->3438K(14336K) Eden: 7133K(7168K)->0K(7168K) From: 5060K(7168K)->3438K(7168K)
[2026-06-17T10:05:34.947+0800][15.739s][info][gc,heap        ] GC(627) ParOldGen: 38593K(44032K)->40443K(44032K)
[2026-06-17T10:05:34.948+0800][15.741s][info][gc,metaspace   ] GC(627) Metaspace: 116K(320K)->116K(320K) NonClass: 109K(192K)->109K(192K) Class: 7K(128K)->7K(128K)
[2026-06-17T10:05:34.949+0800][15.742s][info][gc             ] GC(627) Pause Young (Allocation Failure) 49M->42M(57M) 5.257ms
[2026-06-17T10:05:34.950+0800][15.743s][info][gc,cpu         ] GC(627) User=0.00s Sys=0.00s Real=0.00s
[2026-06-17T10:05:34.973+0800][15.765s][info][gc,start       ] GC(628) Pause Full (Allocation Failure)
[2026-06-17T10:05:34.974+0800][15.766s][info][gc,phases,start] GC(628) Marking Phase
[2026-06-17T10:05:34.976+0800][15.769s][info][gc,phases      ] GC(628) Marking Phase 2.817ms
[2026-06-17T10:05:34.977+0800][15.770s][info][gc,phases,start] GC(628) Summary Phase
[2026-06-17T10:05:34.978+0800][15.771s][info][gc,phases      ] GC(628) Summary Phase 0.767ms
[2026-06-17T10:05:34.979+0800][15.772s][info][gc,phases,start] GC(628) Forward
[2026-06-17T10:05:34.980+0800][15.773s][info][gc,phases      ] GC(628) Forward 0.796ms
[2026-06-17T10:05:34.980+0800][15.773s][info][gc,phases,start] GC(628) Adjust Pointers
[2026-06-17T10:05:34.982+0800][15.775s][info][gc,phases      ] GC(628) Adjust Pointers 1.410ms
[2026-06-17T10:05:34.982+0800][15.775s][info][gc,phases,start] GC(628) Compaction Phase
[2026-06-17T10:05:34.984+0800][15.777s][info][gc,phases      ] GC(628) Compaction Phase 2.049ms
[2026-06-17T10:05:34.985+0800][15.778s][info][gc,phases,start] GC(628) Post Compact
[2026-06-17T10:05:34.985+0800][15.778s][info][gc,phases      ] GC(628) Post Compact 0.419ms
[2026-06-17T10:05:34.986+0800][15.779s][info][gc,heap        ] GC(628) PSYoungGen: 10606K(14336K)->0K(14336K) Eden: 7168K(7168K)->0K(7168K) From: 3438K(7168K)->0K(7168K)
[2026-06-17T10:05:34.986+0800][15.779s][info][gc,heap        ] GC(628) ParOldGen: 40443K(44032K)->23878K(44032K)
[2026-06-17T10:05:34.986+0800][15.779s][info][gc,metaspace   ] GC(628) Metaspace: 116K(320K)->116K(320K) NonClass: 109K(192K)->109K(192K) Class: 7K(128K)->7K(128K)
[2026-06-17T10:05:34.986+0800][15.779s][info][gc             ] GC(628) Pause Full (Allocation Failure) 49M->23M(57M) 13.922ms
[2026-06-17T10:05:34.987+0800][15.779s][info][gc,cpu         ] GC(628) User=0.01s Sys=0.00s Real=0.01s
[2026-06-17T10:05:35.008+0800][15.801s][info][gc,start       ] GC(629) Pause Young (Allocation Failure)
[2026-06-17T10:05:35.010+0800][15.803s][info][gc,heap        ] GC(629) PSYoungGen: 7166K(14336K)->4010K(14336K) Eden: 7166K(7168K)->0K(7168K) From: 0K(7168K)->4010K(7168K)
[2026-06-17T10:05:35.011+0800][15.803s][info][gc,heap        ] GC(629) ParOldGen: 23878K(44032K)->23878K(44032K)
[2026-06-17T10:05:35.011+0800][15.804s][info][gc,metaspace   ] GC(629) Metaspace: 116K(320K)->116K(320K) NonClass: 109K(192K)->109K(192K) Class: 7K(128K)->7K(128K)
[2026-06-17T10:05:35.011+0800][15.804s][info][gc             ] GC(629) Pause Young (Allocation Failure) 30M->27M(57M) 3.052ms
[2026-06-17T10:05:35.012+0800][15.804s][info][gc,cpu         ] GC(629) User=0.00s Sys=0.00s Real=0.01s
[2026-06-17T10:05:35.023+0800][15.815s][info][gc,start       ] GC(630) Pause Young (Allocation Failure)
[2026-06-17T10:05:35.024+0800][15.816s][info][gc,heap        ] GC(630) PSYoungGen: 11174K(14336K)->4956K(14336K) Eden: 7163K(7168K)->0K(7168K) From: 4010K(7168K)->4956K(7168K)
[2026-06-17T10:05:35.024+0800][15.817s][info][gc,heap        ] GC(630) ParOldGen: 23878K(44032K)->23878K(44032K)
[2026-06-17T10:05:35.024+0800][15.817s][info][gc,metaspace   ] GC(630) Metaspace: 116K(320K)->116K(320K) NonClass: 109K(192K)->109K(192K) Class: 7K(128K)->7K(128K)
[2026-06-17T10:05:35.024+0800][15.817s][info][gc             ] GC(630) Pause Young (Allocation Failure) 34M->28M(57M) 1.563ms
[2026-06-17T10:05:35.024+0800][15.817s][info][gc,cpu         ] GC(630) User=0.00s Sys=0.00s Real=0.00s
[2026-06-17T10:05:35.046+0800][15.839s][info][gc,start       ] GC(631) Pause Young (Allocation Failure)
[2026-06-17T10:05:35.048+0800][15.841s][info][gc,heap        ] GC(631) PSYoungGen: 12093K(14336K)->4645K(14336K) Eden: 7136K(7168K)->0K(7168K) From: 4956K(7168K)->4645K(7168K)
[2026-06-17T10:05:35.048+0800][15.841s][info][gc,heap        ] GC(631) ParOldGen: 23878K(44032K)->27751K(44032K)
[2026-06-17T10:05:35.049+0800][15.841s][info][gc,metaspace   ] GC(631) Metaspace: 116K(320K)->116K(320K) NonClass: 109K(192K)->109K(192K) Class: 7K(128K)->7K(128K)
[2026-06-17T10:05:35.049+0800][15.842s][info][gc             ] GC(631) Pause Young (Allocation Failure) 35M->31M(57M) 3.225ms
[2026-06-17T10:05:35.049+0800][15.842s][info][gc,cpu         ] GC(631) User=0.00s Sys=0.00s Real=0.00s
[2026-06-17T10:05:35.071+0800][15.864s][info][gc,start       ] GC(632) Pause Young (Allocation Failure)
[2026-06-17T10:05:35.073+0800][15.866s][info][gc,heap        ] GC(632) PSYoungGen: 11794K(14336K)->2645K(14336K) Eden: 7149K(7168K)->0K(7168K) From: 4645K(7168K)->2645K(7168K)
[2026-06-17T10:05:35.074+0800][15.866s][info][gc,heap        ] GC(632) ParOldGen: 27751K(44032K)->29720K(44032K)
[2026-06-17T10:05:35.074+0800][15.867s][info][gc,metaspace   ] GC(632) Metaspace: 116K(320K)->116K(320K) NonClass: 109K(192K)->109K(192K) Class: 7K(128K)->7K(128K)
[2026-06-17T10:05:35.075+0800][15.868s][info][gc             ] GC(632) Pause Young (Allocation Failure) 38M->31M(57M) 3.925ms
[2026-06-17T10:05:35.076+0800][15.868s][info][gc,cpu         ] GC(632) User=0.00s Sys=0.00s Real=0.00s
[2026-06-17T10:05:35.099+0800][15.892s][info][gc,start       ] GC(633) Pause Young (Allocation Failure)
[2026-06-17T10:05:35.101+0800][15.894s][info][gc,heap        ] GC(633) PSYoungGen: 9810K(14336K)->3260K(14336K) Eden: 7165K(7168K)->0K(7168K) From: 2645K(7168K)->3260K(7168K)
[2026-06-17T10:05:35.102+0800][15.895s][info][gc,heap        ] GC(633) ParOldGen: 29720K(44032K)->29720K(44032K)
[2026-06-17T10:05:35.103+0800][15.896s][info][gc,metaspace   ] GC(633) Metaspace: 116K(320K)->116K(320K) NonClass: 109K(192K)->109K(192K) Class: 7K(128K)->7K(128K)
[2026-06-17T10:05:35.104+0800][15.896s][info][gc             ] GC(633) Pause Young (Allocation Failure) 38M->32M(57M) 4.659ms
[2026-06-17T10:05:35.104+0800][15.897s][info][gc,cpu         ] GC(633) User=0.00s Sys=0.00s Real=0.01s
[2026-06-17T10:05:35.117+0800][15.910s][info][gc,start       ] GC(634) Pause Young (Allocation Failure)
[2026-06-17T10:05:35.120+0800][15.913s][info][gc,heap        ] GC(634) PSYoungGen: 10415K(14336K)->7123K(14336K) Eden: 7154K(7168K)->0K(7168K) From: 3260K(7168K)->7123K(7168K)
[2026-06-17T10:05:35.121+0800][15.913s][info][gc,heap        ] GC(634) ParOldGen: 29720K(44032K)->29720K(44032K)
[2026-06-17T10:05:35.121+0800][15.914s][info][gc,metaspace   ] GC(634) Metaspace: 116K(320K)->116K(320K) NonClass: 109K(192K)->109K(192K) Class: 7K(128K)->7K(128K)
[2026-06-17T10:05:35.122+0800][15.915s][info][gc             ] GC(634) Pause Young (Allocation Failure) 39M->35M(57M) 4.972ms
[2026-06-17T10:05:35.123+0800][15.915s][info][gc,cpu         ] GC(634) User=0.01s Sys=0.00s Real=0.01s
[2026-06-17T10:05:35.145+0800][15.938s][info][gc,start       ] GC(635) Pause Young (Allocation Failure)
[2026-06-17T10:05:35.147+0800][15.940s][info][gc,heap        ] GC(635) PSYoungGen: 14272K(14336K)->5284K(14336K) Eden: 7148K(7168K)->0K(7168K) From: 7123K(7168K)->5284K(7168K)
[2026-06-17T10:05:35.148+0800][15.941s][info][gc,heap        ] GC(635) ParOldGen: 29720K(44032K)->31954K(44032K)
[2026-06-17T10:05:35.150+0800][15.942s][info][gc,metaspace   ] GC(635) Metaspace: 116K(320K)->116K(320K) NonClass: 109K(192K)->109K(192K) Class: 7K(128K)->7K(128K)
[2026-06-17T10:05:35.150+0800][15.943s][info][gc             ] GC(635) Pause Young (Allocation Failure) 42M->36M(57M) 5.024ms
[2026-06-17T10:05:35.151+0800][15.943s][info][gc,cpu         ] GC(635) User=0.00s Sys=0.00s Real=0.01s
[2026-06-17T10:05:35.173+0800][15.965s][info][gc,start       ] GC(636) Pause Young (Allocation Failure)
[2026-06-17T10:05:35.174+0800][15.967s][info][gc,heap        ] GC(636) PSYoungGen: 12427K(14336K)->2761K(14336K) Eden: 7142K(7168K)->0K(7168K) From: 5284K(7168K)->2761K(7168K)
[2026-06-17T10:05:35.175+0800][15.968s][info][gc,heap        ] GC(636) ParOldGen: 31954K(44032K)->34934K(44032K)
[2026-06-17T10:05:35.175+0800][15.968s][info][gc,metaspace   ] GC(636) Metaspace: 116K(320K)->116K(320K) NonClass: 109K(192K)->109K(192K) Class: 7K(128K)->7K(128K)
[2026-06-17T10:05:35.176+0800][15.968s][info][gc             ] GC(636) Pause Young (Allocation Failure) 43M->36M(57M) 3.073ms
[2026-06-17T10:05:35.176+0800][15.969s][info][gc,cpu         ] GC(636) User=0.00s Sys=0.00s Real=0.00s
[2026-06-17T10:05:35.188+0800][15.980s][info][gc,start       ] GC(637) Pause Young (Allocation Failure)
[2026-06-17T10:05:35.189+0800][15.982s][info][gc,heap        ] GC(637) PSYoungGen: 9889K(14336K)->2638K(14336K) Eden: 7127K(7168K)->0K(7168K) From: 2761K(7168K)->2638K(7168K)
[2026-06-17T10:05:35.189+0800][15.982s][info][gc,heap        ] GC(637) ParOldGen: 34934K(44032K)->34934K(44032K)
[2026-06-17T10:05:35.190+0800][15.983s][info][gc,metaspace   ] GC(637) Metaspace: 116K(320K)->116K(320K) NonClass: 109K(192K)->109K(192K) Class: 7K(128K)->7K(128K)
[2026-06-17T10:05:35.191+0800][15.983s][info][gc             ] GC(637) Pause Young (Allocation Failure) 43M->36M(57M) 3.035ms
[2026-06-17T10:05:35.191+0800][15.984s][info][gc,cpu         ] GC(637) User=0.01s Sys=0.00s Real=0.01s
[2026-06-17T10:05:35.213+0800][16.006s][info][gc,start       ] GC(638) Pause Young (Allocation Failure)
[2026-06-17T10:05:35.215+0800][16.008s][info][gc,heap        ] GC(638) PSYoungGen: 9792K(14336K)->3502K(14336K) Eden: 7154K(7168K)->0K(7168K) From: 2638K(7168K)->3502K(7168K)
[2026-06-17T10:05:35.218+0800][16.011s][info][gc,heap        ] GC(638) ParOldGen: 34934K(44032K)->37524K(44032K)
[2026-06-17T10:05:35.220+0800][16.012s][info][gc,metaspace   ] GC(638) Metaspace: 116K(320K)->116K(320K) NonClass: 109K(192K)->109K(192K) Class: 7K(128K)->7K(128K)
[2026-06-17T10:05:35.220+0800][16.013s][info][gc             ] GC(638) Pause Young (Allocation Failure) 43M->40M(57M) 7.248ms
[2026-06-17T10:05:35.221+0800][16.014s][info][gc,cpu         ] GC(638) User=0.00s Sys=0.00s Real=0.00s
[2026-06-17T10:05:35.233+0800][16.026s][info][gc,start       ] GC(639) Pause Young (Allocation Failure)
[2026-06-17T10:05:35.236+0800][16.029s][info][gc,heap        ] GC(639) PSYoungGen: 10497K(14336K)->3532K(14336K) Eden: 6994K(7168K)->0K(7168K) From: 3502K(7168K)->3532K(7168K)
[2026-06-17T10:05:35.237+0800][16.030s][info][gc,heap        ] GC(639) ParOldGen: 37524K(44032K)->37524K(44032K)
[2026-06-17T10:05:35.238+0800][16.030s][info][gc,metaspace   ] GC(639) Metaspace: 116K(320K)->116K(320K) NonClass: 109K(192K)->109K(192K) Class: 7K(128K)->7K(128K)
[2026-06-17T10:05:35.239+0800][16.031s][info][gc             ] GC(639) Pause Young (Allocation Failure) 46M->40M(57M) 5.247ms
[2026-06-17T10:05:35.239+0800][16.032s][info][gc,cpu         ] GC(639) User=0.00s Sys=0.00s Real=0.00s
[2026-06-17T10:05:35.262+0800][16.055s][info][gc,start       ] GC(640) Pause Young (Allocation Failure)
[2026-06-17T10:05:35.265+0800][16.057s][info][gc,heap        ] GC(640) PSYoungGen: 10681K(14336K)->7047K(14336K) Eden: 7149K(7168K)->0K(7168K) From: 3532K(7168K)->7047K(7168K)
[2026-06-17T10:05:35.268+0800][16.060s][info][gc,heap        ] GC(640) ParOldGen: 37524K(44032K)->37757K(44032K)
[2026-06-17T10:05:35.270+0800][16.063s][info][gc,metaspace   ] GC(640) Metaspace: 116K(320K)->116K(320K) NonClass: 109K(192K)->109K(192K) Class: 7K(128K)->7K(128K)
[2026-06-17T10:05:35.272+0800][16.065s][info][gc             ] GC(640) Pause Young (Allocation Failure) 47M->43M(57M) 10.072ms
[2026-06-17T10:05:35.275+0800][16.068s][info][gc,cpu         ] GC(640) User=0.00s Sys=0.00s Real=0.02s
[2026-06-17T10:05:35.299+0800][16.092s][info][gc,start       ] GC(641) Pause Young (Allocation Failure)
[2026-06-17T10:05:35.301+0800][16.094s][info][gc,heap        ] GC(641) PSYoungGen: 14215K(14336K)->3808K(14336K) Eden: 7168K(7168K)->0K(7168K) From: 7047K(7168K)->3808K(7168K)
[2026-06-17T10:05:35.302+0800][16.095s][info][gc,heap        ] GC(641) ParOldGen: 37757K(44032K)->41033K(44032K)
[2026-06-17T10:05:35.302+0800][16.095s][info][gc,metaspace   ] GC(641) Metaspace: 116K(320K)->116K(320K) NonClass: 109K(192K)->109K(192K) Class: 7K(128K)->7K(128K)
[2026-06-17T10:05:35.303+0800][16.096s][info][gc             ] GC(641) Pause Young (Allocation Failure) 50M->43M(57M) 4.255ms
[2026-06-17T10:05:35.304+0800][16.096s][info][gc,cpu         ] GC(641) User=0.00s Sys=0.00s Real=0.01s
[2026-06-17T10:05:35.326+0800][16.119s][info][gc,start       ] GC(642) Pause Full (Allocation Failure)
[2026-06-17T10:05:35.327+0800][16.119s][info][gc,phases,start] GC(642) Marking Phase
[2026-06-17T10:05:35.329+0800][16.121s][info][gc,phases      ] GC(642) Marking Phase 2.113ms
[2026-06-17T10:05:35.329+0800][16.122s][info][gc,phases,start] GC(642) Summary Phase
[2026-06-17T10:05:35.330+0800][16.122s][info][gc,phases      ] GC(642) Summary Phase 0.477ms
[2026-06-17T10:05:35.330+0800][16.123s][info][gc,phases,start] GC(642) Forward
[2026-06-17T10:05:35.331+0800][16.124s][info][gc,phases      ] GC(642) Forward 0.613ms
[2026-06-17T10:05:35.331+0800][16.124s][info][gc,phases,start] GC(642) Adjust Pointers
[2026-06-17T10:05:35.332+0800][16.125s][info][gc,phases      ] GC(642) Adjust Pointers 0.944ms
[2026-06-17T10:05:35.332+0800][16.125s][info][gc,phases,start] GC(642) Compaction Phase
[2026-06-17T10:05:35.335+0800][16.127s][info][gc,phases      ] GC(642) Compaction Phase 2.151ms
[2026-06-17T10:05:35.335+0800][16.128s][info][gc,phases,start] GC(642) Post Compact
[2026-06-17T10:05:35.335+0800][16.128s][info][gc,phases      ] GC(642) Post Compact 0.222ms
[2026-06-17T10:05:35.335+0800][16.128s][info][gc,heap        ] GC(642) PSYoungGen: 10937K(14336K)->0K(14336K) Eden: 7128K(7168K)->0K(7168K) From: 3808K(7168K)->0K(7168K)
[2026-06-17T10:05:35.336+0800][16.128s][info][gc,heap        ] GC(642) ParOldGen: 41033K(44032K)->29000K(44032K)
[2026-06-17T10:05:35.336+0800][16.129s][info][gc,metaspace   ] GC(642) Metaspace: 116K(320K)->116K(320K) NonClass: 109K(192K)->109K(192K) Class: 7K(128K)->7K(128K)
[2026-06-17T10:05:35.336+0800][16.129s][info][gc             ] GC(642) Pause Full (Allocation Failure) 50M->28M(57M) 10.219ms
[2026-06-17T10:05:35.336+0800][16.129s][info][gc,cpu         ] GC(642) User=0.00s Sys=0.00s Real=0.01s
[2026-06-17T10:05:35.358+0800][16.151s][info][gc,start       ] GC(643) Pause Young (Allocation Failure)
[2026-06-17T10:05:35.359+0800][16.152s][info][gc,heap        ] GC(643) PSYoungGen: 7142K(14336K)->3600K(14336K) Eden: 7142K(7168K)->0K(7168K) From: 0K(7168K)->3600K(7168K)
[2026-06-17T10:05:35.360+0800][16.153s][info][gc,heap        ] GC(643) ParOldGen: 29000K(44032K)->29000K(44032K)
[2026-06-17T10:05:35.360+0800][16.153s][info][gc,metaspace   ] GC(643) Metaspace: 116K(320K)->116K(320K) NonClass: 109K(192K)->109K(192K) Class: 7K(128K)->7K(128K)
[2026-06-17T10:05:35.361+0800][16.154s][info][gc             ] GC(643) Pause Young (Allocation Failure) 35M->31M(57M) 2.815ms
[2026-06-17T10:05:35.361+0800][16.154s][info][gc,cpu         ] GC(643) User=0.00s Sys=0.00s Real=0.00s
[2026-06-17T10:05:35.372+0800][16.165s][info][gc,start       ] GC(644) Pause Young (Allocation Failure)
[2026-06-17T10:05:35.373+0800][16.166s][info][gc,heap        ] GC(644) PSYoungGen: 10768K(14336K)->7016K(14336K) Eden: 7167K(7168K)->0K(7168K) From: 3600K(7168K)->7016K(7168K)
[2026-06-17T10:05:35.374+0800][16.167s][info][gc,heap        ] GC(644) ParOldGen: 29000K(44032K)->29189K(44032K)
[2026-06-17T10:05:35.374+0800][16.167s][info][gc,metaspace   ] GC(644) Metaspace: 116K(320K)->116K(320K) NonClass: 109K(192K)->109K(192K) Class: 7K(128K)->7K(128K)
[2026-06-17T10:05:35.374+0800][16.167s][info][gc             ] GC(644) Pause Young (Allocation Failure) 38M->35M(57M) 1.941ms
[2026-06-17T10:05:35.375+0800][16.168s][info][gc,cpu         ] GC(644) User=0.00s Sys=0.00s Real=0.00s
[2026-06-17T10:05:35.396+0800][16.189s][info][gc,start       ] GC(645) Pause Young (Allocation Failure)
[2026-06-17T10:05:35.398+0800][16.191s][info][gc,heap        ] GC(645) PSYoungGen: 14176K(14336K)->3547K(14336K) Eden: 7159K(7168K)->0K(7168K) From: 7016K(7168K)->3547K(7168K)
[2026-06-17T10:05:35.398+0800][16.191s][info][gc,heap        ] GC(645) ParOldGen: 29189K(44032K)->33371K(44032K)
[2026-06-17T10:05:35.399+0800][16.192s][info][gc,metaspace   ] GC(645) Metaspace: 116K(320K)->116K(320K) NonClass: 109K(192K)->109K(192K) Class: 7K(128K)->7K(128K)
[2026-06-17T10:05:35.400+0800][16.192s][info][gc             ] GC(645) Pause Young (Allocation Failure) 42M->36M(57M) 3.437ms
[2026-06-17T10:05:35.400+0800][16.193s][info][gc,cpu         ] GC(645) User=0.00s Sys=0.00s Real=0.00s
[2026-06-17T10:05:35.411+0800][16.204s][info][gc,start       ] GC(646) Pause Young (Allocation Failure)
[2026-06-17T10:05:35.413+0800][16.206s][info][gc,heap        ] GC(646) PSYoungGen: 10619K(14336K)->3608K(14336K) Eden: 7072K(7168K)->0K(7168K) From: 3547K(7168K)->3608K(7168K)
[2026-06-17T10:05:35.414+0800][16.207s][info][gc,heap        ] GC(646) ParOldGen: 33371K(44032K)->33371K(44032K)
[2026-06-17T10:05:35.415+0800][16.208s][info][gc,metaspace   ] GC(646) Metaspace: 116K(320K)->116K(320K) NonClass: 109K(192K)->109K(192K) Class: 7K(128K)->7K(128K)
[2026-06-17T10:05:35.416+0800][16.209s][info][gc             ] GC(646) Pause Young (Allocation Failure) 42M->36M(57M) 4.504ms
[2026-06-17T10:05:35.417+0800][16.209s][info][gc,cpu         ] GC(646) User=0.00s Sys=0.00s Real=0.00s
[2026-06-17T10:05:35.439+0800][16.232s][info][gc,start       ] GC(647) Pause Young (Allocation Failure)
[2026-06-17T10:05:35.442+0800][16.234s][info][gc,heap        ] GC(647) PSYoungGen: 10727K(14336K)->3442K(14336K) Eden: 7119K(7168K)->0K(7168K) From: 3608K(7168K)->3442K(7168K)
[2026-06-17T10:05:35.442+0800][16.235s][info][gc,heap        ] GC(647) ParOldGen: 33371K(44032K)->36923K(44032K)
[2026-06-17T10:05:35.443+0800][16.236s][info][gc,metaspace   ] GC(647) Metaspace: 116K(320K)->116K(320K) NonClass: 109K(192K)->109K(192K) Class: 7K(128K)->7K(128K)
[2026-06-17T10:05:35.444+0800][16.236s][info][gc             ] GC(647) Pause Young (Allocation Failure) 43M->39M(57M) 4.417ms
[2026-06-17T10:05:35.444+0800][16.237s][info][gc,cpu         ] GC(647) User=0.00s Sys=0.00s Real=0.01s
[2026-06-17T10:05:35.467+0800][16.260s][info][gc,start       ] GC(648) Pause Young (Allocation Failure)
[2026-06-17T10:05:35.469+0800][16.262s][info][gc,heap        ] GC(648) PSYoungGen: 10605K(14336K)->3761K(14336K) Eden: 7162K(7168K)->0K(7168K) From: 3442K(7168K)->3761K(7168K)
[2026-06-17T10:05:35.470+0800][16.263s][info][gc,heap        ] GC(648) ParOldGen: 36923K(44032K)->36923K(44032K)
[2026-06-17T10:05:35.471+0800][16.264s][info][gc,metaspace   ] GC(648) Metaspace: 116K(320K)->116K(320K) NonClass: 109K(192K)->109K(192K) Class: 7K(128K)->7K(128K)
[2026-06-17T10:05:35.471+0800][16.264s][info][gc             ] GC(648) Pause Young (Allocation Failure) 46M->39M(57M) 4.096ms
[2026-06-17T10:05:35.472+0800][16.265s][info][gc,cpu         ] GC(648) User=0.00s Sys=0.00s Real=0.01s
[2026-06-17T10:05:35.494+0800][16.287s][info][gc,start       ] GC(649) Pause Young (Allocation Failure)
[2026-06-17T10:05:35.496+0800][16.288s][info][gc,heap        ] GC(649) PSYoungGen: 10922K(14336K)->4257K(14336K) Eden: 7160K(7168K)->0K(7168K) From: 3761K(7168K)->4257K(7168K)
[2026-06-17T10:05:35.496+0800][16.289s][info][gc,heap        ] GC(649) ParOldGen: 36923K(44032K)->36923K(44032K)
[2026-06-17T10:05:35.497+0800][16.290s][info][gc,metaspace   ] GC(649) Metaspace: 116K(320K)->116K(320K) NonClass: 109K(192K)->109K(192K) Class: 7K(128K)->7K(128K)
[2026-06-17T10:05:35.497+0800][16.290s][info][gc             ] GC(649) Pause Young (Allocation Failure) 46M->40M(57M) 3.413ms
[2026-06-17T10:05:35.498+0800][16.291s][info][gc,cpu         ] GC(649) User=0.00s Sys=0.00s Real=0.00s
[2026-06-17T10:05:35.520+0800][16.312s][info][gc,start       ] GC(650) Pause Young (Allocation Failure)
[2026-06-17T10:05:35.521+0800][16.314s][info][gc,heap        ] GC(650) PSYoungGen: 11389K(14336K)->4798K(14336K) Eden: 7131K(7168K)->0K(7168K) From: 4257K(7168K)->4798K(7168K)
[2026-06-17T10:05:35.522+0800][16.315s][info][gc,heap        ] GC(650) ParOldGen: 36923K(44032K)->36923K(44032K)
[2026-06-17T10:05:35.522+0800][16.315s][info][gc,metaspace   ] GC(650) Metaspace: 116K(320K)->116K(320K) NonClass: 109K(192K)->109K(192K) Class: 7K(128K)->7K(128K)
[2026-06-17T10:05:35.523+0800][16.315s][info][gc             ] GC(650) Pause Young (Allocation Failure) 47M->40M(57M) 3.006ms
[2026-06-17T10:05:35.524+0800][16.316s][info][gc,cpu         ] GC(650) User=0.00s Sys=0.00s Real=0.01s
[2026-06-17T10:05:35.535+0800][16.328s][info][gc,start       ] GC(651) Pause Young (Allocation Failure)
[2026-06-17T10:05:35.538+0800][16.331s][info][gc,heap        ] GC(651) PSYoungGen: 11822K(14336K)->5050K(14336K) Eden: 7023K(7168K)->0K(7168K) From: 4798K(7168K)->5050K(7168K)
[2026-06-17T10:05:35.539+0800][16.331s][info][gc,heap        ] GC(651) ParOldGen: 36923K(44032K)->36923K(44032K)
[2026-06-17T10:05:35.539+0800][16.332s][info][gc,metaspace   ] GC(651) Metaspace: 116K(320K)->116K(320K) NonClass: 109K(192K)->109K(192K) Class: 7K(128K)->7K(128K)
[2026-06-17T10:05:35.540+0800][16.333s][info][gc             ] GC(651) Pause Young (Allocation Failure) 47M->40M(57M) 4.495ms
[2026-06-17T10:05:35.540+0800][16.333s][info][gc,cpu         ] GC(651) User=0.01s Sys=0.00s Real=0.00s
[2026-06-17T10:05:35.562+0800][16.355s][info][gc,start       ] GC(652) Pause Young (Allocation Failure)
[2026-06-17T10:05:35.564+0800][16.357s][info][gc,heap        ] GC(652) PSYoungGen: 12200K(14336K)->7118K(14336K) Eden: 7149K(7168K)->0K(7168K) From: 5050K(7168K)->7118K(7168K)
[2026-06-17T10:05:35.565+0800][16.358s][info][gc,heap        ] GC(652) ParOldGen: 36923K(44032K)->38328K(44032K)
[2026-06-17T10:05:35.566+0800][16.359s][info][gc,metaspace   ] GC(652) Metaspace: 116K(320K)->116K(320K) NonClass: 109K(192K)->109K(192K) Class: 7K(128K)->7K(128K)
[2026-06-17T10:05:35.567+0800][16.359s][info][gc             ] GC(652) Pause Young (Allocation Failure) 47M->44M(57M) 4.294ms
[2026-06-17T10:05:35.567+0800][16.360s][info][gc,cpu         ] GC(652) User=0.00s Sys=0.00s Real=0.01s
[2026-06-17T10:05:35.590+0800][16.383s][info][gc,start       ] GC(653) Pause Young (Allocation Failure)
[2026-06-17T10:05:35.592+0800][16.385s][info][gc,heap        ] GC(653) PSYoungGen: 14263K(14336K)->6104K(14336K) Eden: 7145K(7168K)->0K(7168K) From: 7118K(7168K)->6104K(7168K)
[2026-06-17T10:05:35.593+0800][16.385s][info][gc,heap        ] GC(653) ParOldGen: 38328K(44032K)->39386K(44032K)
[2026-06-17T10:05:35.593+0800][16.386s][info][gc,metaspace   ] GC(653) Metaspace: 116K(320K)->116K(320K) NonClass: 109K(192K)->109K(192K) Class: 7K(128K)->7K(128K)
[2026-06-17T10:05:35.594+0800][16.386s][info][gc             ] GC(653) Pause Young (Allocation Failure) 51M->44M(57M) 3.822ms
[2026-06-17T10:05:35.594+0800][16.387s][info][gc,cpu         ] GC(653) User=0.00s Sys=0.00s Real=0.01s
[2026-06-17T10:05:35.606+0800][16.399s][info][gc,start       ] GC(654) Pause Full (Allocation Failure)
[2026-06-17T10:05:35.609+0800][16.402s][info][gc,phases,start] GC(654) Marking Phase
[2026-06-17T10:05:35.619+0800][16.411s][info][gc,phases      ] GC(654) Marking Phase 9.220ms
[2026-06-17T10:05:35.620+0800][16.413s][info][gc,phases,start] GC(654) Summary Phase
[2026-06-17T10:05:35.621+0800][16.414s][info][gc,phases      ] GC(654) Summary Phase 0.849ms
[2026-06-17T10:05:35.622+0800][16.414s][info][gc,phases,start] GC(654) Forward
[2026-06-17T10:05:35.622+0800][16.415s][info][gc,phases      ] GC(654) Forward 0.942ms
[2026-06-17T10:05:35.623+0800][16.416s][info][gc,phases,start] GC(654) Adjust Pointers
[2026-06-17T10:05:35.625+0800][16.417s][info][gc,phases      ] GC(654) Adjust Pointers 1.513ms
[2026-06-17T10:05:35.625+0800][16.418s][info][gc,phases,start] GC(654) Compaction Phase
[2026-06-17T10:05:35.628+0800][16.420s][info][gc,phases      ] GC(654) Compaction Phase 2.490ms
[2026-06-17T10:05:35.628+0800][16.421s][info][gc,phases,start] GC(654) Post Compact
[2026-06-17T10:05:35.629+0800][16.422s][info][gc,phases      ] GC(654) Post Compact 0.597ms
[2026-06-17T10:05:35.629+0800][16.422s][info][gc,heap        ] GC(654) PSYoungGen: 13240K(14336K)->0K(14336K) Eden: 7136K(7168K)->0K(7168K) From: 6104K(7168K)->0K(7168K)
[2026-06-17T10:05:35.630+0800][16.422s][info][gc,heap        ] GC(654) ParOldGen: 39386K(44032K)->28260K(44032K)
[2026-06-17T10:05:35.630+0800][16.423s][info][gc,metaspace   ] GC(654) Metaspace: 116K(320K)->116K(320K) NonClass: 109K(192K)->109K(192K) Class: 7K(128K)->7K(128K)
[2026-06-17T10:05:35.631+0800][16.424s][info][gc             ] GC(654) Pause Full (Allocation Failure) 51M->27M(57M) 25.484ms
[2026-06-17T10:05:35.632+0800][16.425s][info][gc,cpu         ] GC(654) User=0.00s Sys=0.00s Real=0.03s
[2026-06-17T10:05:35.654+0800][16.447s][info][gc,start       ] GC(655) Pause Young (Allocation Failure)
[2026-06-17T10:05:35.656+0800][16.449s][info][gc,heap        ] GC(655) PSYoungGen: 7168K(14336K)->3753K(14336K) Eden: 7168K(7168K)->0K(7168K) From: 0K(7168K)->3753K(7168K)
[2026-06-17T10:05:35.657+0800][16.450s][info][gc,heap        ] GC(655) ParOldGen: 28260K(44032K)->28260K(44032K)
[2026-06-17T10:05:35.657+0800][16.450s][info][gc,metaspace   ] GC(655) Metaspace: 116K(320K)->116K(320K) NonClass: 109K(192K)->109K(192K) Class: 7K(128K)->7K(128K)
[2026-06-17T10:05:35.658+0800][16.451s][info][gc             ] GC(655) Pause Young (Allocation Failure) 34M->31M(57M) 4.213ms
[2026-06-17T10:05:35.659+0800][16.452s][info][gc,cpu         ] GC(655) User=0.00s Sys=0.00s Real=0.00s
[2026-06-17T10:05:35.681+0800][16.474s][info][gc,start       ] GC(656) Pause Young (Allocation Failure)
[2026-06-17T10:05:35.683+0800][16.476s][info][gc,heap        ] GC(656) PSYoungGen: 10919K(14336K)->3641K(14336K) Eden: 7166K(7168K)->0K(7168K) From: 3753K(7168K)->3641K(7168K)
[2026-06-17T10:05:35.684+0800][16.476s][info][gc,heap        ] GC(656) ParOldGen: 28260K(44032K)->28260K(44032K)
[2026-06-17T10:05:35.684+0800][16.477s][info][gc,metaspace   ] GC(656) Metaspace: 116K(320K)->116K(320K) NonClass: 109K(192K)->109K(192K) Class: 7K(128K)->7K(128K)
[2026-06-17T10:05:35.685+0800][16.478s][info][gc             ] GC(656) Pause Young (Allocation Failure) 38M->31M(57M) 4.141ms
[2026-06-17T10:05:35.686+0800][16.478s][info][gc,cpu         ] GC(656) User=0.00s Sys=0.00s Real=0.01s
[2026-06-17T10:05:35.698+0800][16.491s][info][gc,start       ] GC(657) Pause Young (Allocation Failure)
[2026-06-17T10:05:35.700+0800][16.493s][info][gc,heap        ] GC(657) PSYoungGen: 10790K(14336K)->4601K(14336K) Eden: 7149K(7168K)->0K(7168K) From: 3641K(7168K)->4601K(7168K)
[2026-06-17T10:05:35.700+0800][16.493s][info][gc,heap        ] GC(657) ParOldGen: 28260K(44032K)->30977K(44032K)
[2026-06-17T10:05:35.701+0800][16.494s][info][gc,metaspace   ] GC(657) Metaspace: 116K(320K)->116K(320K) NonClass: 109K(192K)->109K(192K) Class: 7K(128K)->7K(128K)
[2026-06-17T10:05:35.701+0800][16.494s][info][gc             ] GC(657) Pause Young (Allocation Failure) 38M->34M(57M) 3.722ms
[2026-06-17T10:05:35.702+0800][16.495s][info][gc,cpu         ] GC(657) User=0.00s Sys=0.00s Real=0.00s
[2026-06-17T10:05:35.724+0800][16.517s][info][gc,start       ] GC(658) Pause Young (Allocation Failure)
[2026-06-17T10:05:35.726+0800][16.519s][info][gc,heap        ] GC(658) PSYoungGen: 11749K(14336K)->4635K(14336K) Eden: 7148K(7168K)->0K(7168K) From: 4601K(7168K)->4635K(7168K)
[2026-06-17T10:05:35.727+0800][16.519s][info][gc,heap        ] GC(658) ParOldGen: 30977K(44032K)->30977K(44032K)
[2026-06-17T10:05:35.727+0800][16.520s][info][gc,metaspace   ] GC(658) Metaspace: 116K(320K)->116K(320K) NonClass: 109K(192K)->109K(192K) Class: 7K(128K)->7K(128K)
[2026-06-17T10:05:35.728+0800][16.521s][info][gc             ] GC(658) Pause Young (Allocation Failure) 41M->34M(57M) 3.725ms
[2026-06-17T10:05:35.729+0800][16.521s][info][gc,cpu         ] GC(658) User=0.00s Sys=0.00s Real=0.00s
[2026-06-17T10:05:35.751+0800][16.543s][info][gc,start       ] GC(659) Pause Young (Allocation Failure)
[2026-06-17T10:05:35.752+0800][16.545s][info][gc,heap        ] GC(659) PSYoungGen: 11790K(14336K)->5056K(14336K) Eden: 7155K(7168K)->0K(7168K) From: 4635K(7168K)->5056K(7168K)
[2026-06-17T10:05:35.753+0800][16.546s][info][gc,heap        ] GC(659) ParOldGen: 30977K(44032K)->30977K(44032K)
[2026-06-17T10:05:35.753+0800][16.546s][info][gc,metaspace   ] GC(659) Metaspace: 116K(320K)->116K(320K) NonClass: 109K(192K)->109K(192K) Class: 7K(128K)->7K(128K)
[2026-06-17T10:05:35.754+0800][16.547s][info][gc             ] GC(659) Pause Young (Allocation Failure) 41M->35M(57M) 3.177ms
[2026-06-17T10:05:35.755+0800][16.547s][info][gc,cpu         ] GC(659) User=0.00s Sys=0.00s Real=0.00s
[2026-06-17T10:05:35.777+0800][16.570s][info][gc,start       ] GC(660) Pause Young (Allocation Failure)
[2026-06-17T10:05:35.779+0800][16.572s][info][gc,heap        ] GC(660) PSYoungGen: 12187K(14336K)->5579K(14336K) Eden: 7131K(7168K)->0K(7168K) From: 5056K(7168K)->5579K(7168K)
[2026-06-17T10:05:35.780+0800][16.572s][info][gc,heap        ] GC(660) ParOldGen: 30977K(44032K)->30977K(44032K)
[2026-06-17T10:05:35.780+0800][16.573s][info][gc,metaspace   ] GC(660) Metaspace: 116K(320K)->116K(320K) NonClass: 109K(192K)->109K(192K) Class: 7K(128K)->7K(128K)
[2026-06-17T10:05:35.781+0800][16.573s][info][gc             ] GC(660) Pause Young (Allocation Failure) 42M->35M(57M) 3.729ms
[2026-06-17T10:05:35.781+0800][16.574s][info][gc,cpu         ] GC(660) User=0.00s Sys=0.00s Real=0.00s
[2026-06-17T10:05:35.802+0800][16.595s][info][gc,start       ] GC(661) Pause Young (Allocation Failure)
[2026-06-17T10:05:35.804+0800][16.597s][info][gc,heap        ] GC(661) PSYoungGen: 12747K(14336K)->3845K(14336K) Eden: 7168K(7168K)->0K(7168K) From: 5579K(7168K)->3845K(7168K)
[2026-06-17T10:05:35.807+0800][16.600s][info][gc,heap        ] GC(661) ParOldGen: 30977K(44032K)->32845K(44032K)
[2026-06-17T10:05:35.811+0800][16.604s][info][gc,metaspace   ] GC(661) Metaspace: 116K(320K)->116K(320K) NonClass: 109K(192K)->109K(192K) Class: 7K(128K)->7K(128K)
[2026-06-17T10:05:35.813+0800][16.606s][info][gc             ] GC(661) Pause Young (Allocation Failure) 42M->35M(57M) 10.280ms
[2026-06-17T10:05:35.814+0800][16.606s][info][gc,cpu         ] GC(661) User=0.00s Sys=0.00s Real=0.01s
[2026-06-17T10:05:35.826+0800][16.619s][info][gc,start       ] GC(662) Pause Young (Allocation Failure)
[2026-06-17T10:05:35.828+0800][16.621s][info][gc,heap        ] GC(662) PSYoungGen: 10956K(14336K)->6901K(14336K) Eden: 7110K(7168K)->0K(7168K) From: 3845K(7168K)->6901K(7168K)
[2026-06-17T10:05:35.829+0800][16.622s][info][gc,heap        ] GC(662) ParOldGen: 32845K(44032K)->33208K(44032K)
[2026-06-17T10:05:35.831+0800][16.623s][info][gc,metaspace   ] GC(662) Metaspace: 116K(320K)->116K(320K) NonClass: 109K(192K)->109K(192K) Class: 7K(128K)->7K(128K)
[2026-06-17T10:05:35.833+0800][16.626s][info][gc             ] GC(662) Pause Young (Allocation Failure) 42M->39M(57M) 7.011ms
[2026-06-17T10:05:35.834+0800][16.627s][info][gc,cpu         ] GC(662) User=0.01s Sys=0.00s Real=0.01s
[2026-06-17T10:05:35.856+0800][16.649s][info][gc,start       ] GC(663) Pause Young (Allocation Failure)
[2026-06-17T10:05:35.857+0800][16.650s][info][gc,heap        ] GC(663) PSYoungGen: 14066K(14336K)->3847K(14336K) Eden: 7165K(7168K)->0K(7168K) From: 6901K(7168K)->3847K(7168K)
[2026-06-17T10:05:35.858+0800][16.651s][info][gc,heap        ] GC(663) ParOldGen: 33208K(44032K)->36362K(44032K)
[2026-06-17T10:05:35.859+0800][16.651s][info][gc,metaspace   ] GC(663) Metaspace: 116K(320K)->116K(320K) NonClass: 109K(192K)->109K(192K) Class: 7K(128K)->7K(128K)
[2026-06-17T10:05:35.859+0800][16.652s][info][gc             ] GC(663) Pause Young (Allocation Failure) 46M->39M(57M) 3.103ms
[2026-06-17T10:05:35.859+0800][16.652s][info][gc,cpu         ] GC(663) User=0.00s Sys=0.00s Real=0.00s
[2026-06-17T10:05:35.871+0800][16.663s][info][gc,start       ] GC(664) Pause Young (Allocation Failure)
[2026-06-17T10:05:35.872+0800][16.665s][info][gc,heap        ] GC(664) PSYoungGen: 11010K(14336K)->5968K(14336K) Eden: 7162K(7168K)->0K(7168K) From: 3847K(7168K)->5968K(7168K)
[2026-06-17T10:05:35.873+0800][16.666s][info][gc,heap        ] GC(664) ParOldGen: 36362K(44032K)->38024K(44032K)
[2026-06-17T10:05:35.873+0800][16.666s][info][gc,metaspace   ] GC(664) Metaspace: 116K(320K)->116K(320K) NonClass: 109K(192K)->109K(192K) Class: 7K(128K)->7K(128K)
[2026-06-17T10:05:35.874+0800][16.667s][info][gc             ] GC(664) Pause Young (Allocation Failure) 46M->42M(57M) 3.216ms
[2026-06-17T10:05:35.874+0800][16.667s][info][gc,cpu         ] GC(664) User=0.00s Sys=0.00s Real=0.00s
[2026-06-17T10:05:35.896+0800][16.689s][info][gc,start       ] GC(665) Pause Young (Allocation Failure)
[2026-06-17T10:05:35.898+0800][16.691s][info][gc,heap        ] GC(665) PSYoungGen: 13112K(14336K)->2768K(14336K) Eden: 7143K(7168K)->0K(7168K) From: 5968K(7168K)->2768K(7168K)
[2026-06-17T10:05:35.899+0800][16.691s][info][gc,heap        ] GC(665) ParOldGen: 38024K(44032K)->41120K(44032K)
[2026-06-17T10:05:35.899+0800][16.692s][info][gc,metaspace   ] GC(665) Metaspace: 116K(320K)->116K(320K) NonClass: 109K(192K)->109K(192K) Class: 7K(128K)->7K(128K)
[2026-06-17T10:05:35.900+0800][16.693s][info][gc             ] GC(665) Pause Young (Allocation Failure) 49M->42M(57M) 3.865ms
[2026-06-17T10:05:35.900+0800][16.693s][info][gc,cpu         ] GC(665) User=0.00s Sys=0.00s Real=0.00s
[2026-06-17T10:05:35.922+0800][16.715s][info][gc,start       ] GC(666) Pause Full (Allocation Failure)
[2026-06-17T10:05:35.923+0800][16.716s][info][gc,phases,start] GC(666) Marking Phase
[2026-06-17T10:05:35.927+0800][16.720s][info][gc,phases      ] GC(666) Marking Phase 3.453ms
[2026-06-17T10:05:35.928+0800][16.720s][info][gc,phases,start] GC(666) Summary Phase
[2026-06-17T10:05:35.928+0800][16.721s][info][gc,phases      ] GC(666) Summary Phase 0.673ms
[2026-06-17T10:05:35.929+0800][16.722s][info][gc,phases,start] GC(666) Forward
[2026-06-17T10:05:35.932+0800][16.725s][info][gc,phases      ] GC(666) Forward 2.778ms
[2026-06-17T10:05:35.933+0800][16.725s][info][gc,phases,start] GC(666) Adjust Pointers
[2026-06-17T10:05:35.934+0800][16.727s][info][gc,phases      ] GC(666) Adjust Pointers 1.608ms
[2026-06-17T10:05:35.935+0800][16.728s][info][gc,phases,start] GC(666) Compaction Phase
[2026-06-17T10:05:35.937+0800][16.730s][info][gc,phases      ] GC(666) Compaction Phase 2.377ms
[2026-06-17T10:05:35.938+0800][16.731s][info][gc,phases,start] GC(666) Post Compact
[2026-06-17T10:05:35.939+0800][16.731s][info][gc,phases      ] GC(666) Post Compact 0.530ms
[2026-06-17T10:05:35.939+0800][16.732s][info][gc,heap        ] GC(666) PSYoungGen: 9899K(14336K)->0K(14336K) Eden: 7130K(7168K)->0K(7168K) From: 2768K(7168K)->0K(7168K)
[2026-06-17T10:05:35.939+0800][16.732s][info][gc,heap        ] GC(666) ParOldGen: 41120K(44032K)->30915K(44032K)
[2026-06-17T10:05:35.940+0800][16.732s][info][gc,metaspace   ] GC(666) Metaspace: 116K(320K)->116K(320K) NonClass: 109K(192K)->109K(192K) Class: 7K(128K)->7K(128K)
[2026-06-17T10:05:35.940+0800][16.733s][info][gc             ] GC(666) Pause Full (Allocation Failure) 49M->30M(57M) 17.473ms
[2026-06-17T10:05:35.940+0800][16.733s][info][gc,cpu         ] GC(666) User=0.02s Sys=0.00s Real=0.02s
[2026-06-17T10:05:35.951+0800][16.744s][info][gc,start       ] GC(667) Pause Young (Allocation Failure)
[2026-06-17T10:05:35.953+0800][16.745s][info][gc,heap        ] GC(667) PSYoungGen: 6884K(14336K)->3586K(14336K) Eden: 6884K(7168K)->0K(7168K) From: 0K(7168K)->3586K(7168K)
[2026-06-17T10:05:35.953+0800][16.746s][info][gc,heap        ] GC(667) ParOldGen: 30915K(44032K)->30915K(44032K)
[2026-06-17T10:05:35.954+0800][16.747s][info][gc,metaspace   ] GC(667) Metaspace: 116K(320K)->116K(320K) NonClass: 109K(192K)->109K(192K) Class: 7K(128K)->7K(128K)
[2026-06-17T10:05:35.954+0800][16.747s][info][gc             ] GC(667) Pause Young (Allocation Failure) 36M->33M(57M) 2.981ms
[2026-06-17T10:05:35.955+0800][16.747s][info][gc,cpu         ] GC(667) User=0.00s Sys=0.00s Real=0.00s
[2026-06-17T10:05:35.976+0800][16.769s][info][gc,start       ] GC(668) Pause Young (Allocation Failure)
[2026-06-17T10:05:35.979+0800][16.772s][info][gc,heap        ] GC(668) PSYoungGen: 10704K(14336K)->3573K(14336K) Eden: 7117K(7168K)->0K(7168K) From: 3586K(7168K)->3573K(7168K)
[2026-06-17T10:05:35.980+0800][16.773s][info][gc,heap        ] GC(668) ParOldGen: 30915K(44032K)->34451K(44032K)
[2026-06-17T10:05:35.981+0800][16.773s][info][gc,metaspace   ] GC(668) Metaspace: 116K(320K)->116K(320K) NonClass: 109K(192K)->109K(192K) Class: 7K(128K)->7K(128K)
[2026-06-17T10:05:35.981+0800][16.774s][info][gc             ] GC(668) Pause Young (Allocation Failure) 40M->37M(57M) 4.805ms
[2026-06-17T10:05:35.982+0800][16.774s][info][gc,cpu         ] GC(668) User=0.00s Sys=0.00s Real=0.00s
[2026-06-17T10:05:36.004+0800][16.797s][info][gc,start       ] GC(669) Pause Young (Allocation Failure)
[2026-06-17T10:05:36.006+0800][16.799s][info][gc,heap        ] GC(669) PSYoungGen: 10740K(14336K)->3883K(14336K) Eden: 7167K(7168K)->0K(7168K) From: 3573K(7168K)->3883K(7168K)
[2026-06-17T10:05:36.007+0800][16.800s][info][gc,heap        ] GC(669) ParOldGen: 34451K(44032K)->34451K(44032K)
[2026-06-17T10:05:36.009+0800][16.802s][info][gc,metaspace   ] GC(669) Metaspace: 116K(320K)->116K(320K) NonClass: 109K(192K)->109K(192K) Class: 7K(128K)->7K(128K)
[2026-06-17T10:05:36.010+0800][16.802s][info][gc             ] GC(669) Pause Young (Allocation Failure) 44M->37M(57M) 5.902ms
[2026-06-17T10:05:36.010+0800][16.803s][info][gc,cpu         ] GC(669) User=0.01s Sys=0.00s Real=0.00s
[2026-06-17T10:05:36.033+0800][16.826s][info][gc,start       ] GC(670) Pause Young (Allocation Failure)
[2026-06-17T10:05:36.035+0800][16.828s][info][gc,heap        ] GC(670) PSYoungGen: 11038K(14336K)->593K(14336K) Eden: 7155K(7168K)->0K(7168K) From: 3883K(7168K)->593K(7168K)
[2026-06-17T10:05:36.036+0800][16.829s][info][gc,heap        ] GC(670) ParOldGen: 34451K(44032K)->37496K(44032K)
[2026-06-17T10:05:36.037+0800][16.829s][info][gc,metaspace   ] GC(670) Metaspace: 116K(320K)->116K(320K) NonClass: 109K(192K)->109K(192K) Class: 7K(128K)->7K(128K)
[2026-06-17T10:05:36.038+0800][16.830s][info][gc             ] GC(670) Pause Young (Allocation Failure) 44M->37M(57M) 4.648ms
[2026-06-17T10:05:36.039+0800][16.832s][info][gc,cpu         ] GC(670) User=0.00s Sys=0.00s Real=0.00s
[2026-06-17T10:05:36.052+0800][16.844s][info][gc,start       ] GC(671) Pause Young (Allocation Failure)
[2026-06-17T10:05:36.053+0800][16.846s][info][gc,heap        ] GC(671) PSYoungGen: 7721K(14336K)->4218K(14336K) Eden: 7128K(7168K)->0K(7168K) From: 593K(7168K)->4218K(7168K)
[2026-06-17T10:05:36.054+0800][16.847s][info][gc,heap        ] GC(671) ParOldGen: 37496K(44032K)->37496K(44032K)
[2026-06-17T10:05:36.055+0800][16.847s][info][gc,metaspace   ] GC(671) Metaspace: 116K(320K)->116K(320K) NonClass: 109K(192K)->109K(192K) Class: 7K(128K)->7K(128K)
[2026-06-17T10:05:36.055+0800][16.848s][info][gc             ] GC(671) Pause Young (Allocation Failure) 44M->40M(57M) 3.721ms
[2026-06-17T10:05:36.056+0800][16.849s][info][gc,cpu         ] GC(671) User=0.00s Sys=0.00s Real=0.00s
[2026-06-17T10:05:36.079+0800][16.871s][info][gc,start       ] GC(672) Pause Young (Allocation Failure)
[2026-06-17T10:05:36.081+0800][16.873s][info][gc,heap        ] GC(672) PSYoungGen: 11353K(14336K)->2077K(14336K) Eden: 7134K(7168K)->0K(7168K) From: 4218K(7168K)->2077K(7168K)
[2026-06-17T10:05:36.082+0800][16.874s][info][gc,heap        ] GC(672) ParOldGen: 37496K(44032K)->39673K(44032K)
[2026-06-17T10:05:36.082+0800][16.875s][info][gc,metaspace   ] GC(672) Metaspace: 116K(320K)->116K(320K) NonClass: 109K(192K)->109K(192K) Class: 7K(128K)->7K(128K)
[2026-06-17T10:05:36.083+0800][16.875s][info][gc             ] GC(672) Pause Young (Allocation Failure) 47M->40M(57M) 4.173ms
[2026-06-17T10:05:36.083+0800][16.876s][info][gc,cpu         ] GC(672) User=0.01s Sys=0.00s Real=0.01s
[2026-06-17T10:05:36.106+0800][16.899s][info][gc,start       ] GC(673) Pause Full (Allocation Failure)
[2026-06-17T10:05:36.107+0800][16.900s][info][gc,phases,start] GC(673) Marking Phase
[2026-06-17T10:05:36.110+0800][16.903s][info][gc,phases      ] GC(673) Marking Phase 3.146ms
[2026-06-17T10:05:36.111+0800][16.903s][info][gc,phases,start] GC(673) Summary Phase
[2026-06-17T10:05:36.111+0800][16.904s][info][gc,phases      ] GC(673) Summary Phase 0.622ms
[2026-06-17T10:05:36.112+0800][16.905s][info][gc,phases,start] GC(673) Forward
[2026-06-17T10:05:36.113+0800][16.905s][info][gc,phases      ] GC(673) Forward 0.564ms
[2026-06-17T10:05:36.113+0800][16.906s][info][gc,phases,start] GC(673) Adjust Pointers
[2026-06-17T10:05:36.114+0800][16.907s][info][gc,phases      ] GC(673) Adjust Pointers 1.271ms
[2026-06-17T10:05:36.115+0800][16.907s][info][gc,phases,start] GC(673) Compaction Phase
[2026-06-17T10:05:36.116+0800][16.909s][info][gc,phases      ] GC(673) Compaction Phase 1.734ms
[2026-06-17T10:05:36.117+0800][16.910s][info][gc,phases,start] GC(673) Post Compact
[2026-06-17T10:05:36.118+0800][16.911s][info][gc,phases      ] GC(673) Post Compact 1.099ms
[2026-06-17T10:05:36.118+0800][16.911s][info][gc,heap        ] GC(673) PSYoungGen: 9232K(14336K)->0K(14336K) Eden: 7154K(7168K)->0K(7168K) From: 2077K(7168K)->0K(7168K)
[2026-06-17T10:05:36.119+0800][16.911s][info][gc,heap        ] GC(673) ParOldGen: 39673K(44032K)->29081K(44032K)
[2026-06-17T10:05:36.119+0800][16.912s][info][gc,metaspace   ] GC(673) Metaspace: 116K(320K)->116K(320K) NonClass: 109K(192K)->109K(192K) Class: 7K(128K)->7K(128K)
[2026-06-17T10:05:36.119+0800][16.912s][info][gc             ] GC(673) Pause Full (Allocation Failure) 47M->28M(57M) 13.140ms
[2026-06-17T10:05:36.119+0800][16.912s][info][gc,cpu         ] GC(673) User=0.01s Sys=0.00s Real=0.01s
[2026-06-17T10:05:36.131+0800][16.923s][info][gc,start       ] GC(674) Pause Young (Allocation Failure)
[2026-06-17T10:05:36.132+0800][16.925s][info][gc,heap        ] GC(674) PSYoungGen: 7124K(14336K)->3773K(14336K) Eden: 7124K(7168K)->0K(7168K) From: 0K(7168K)->3773K(7168K)
[2026-06-17T10:05:36.132+0800][16.925s][info][gc,heap        ] GC(674) ParOldGen: 29081K(44032K)->29081K(44032K)
[2026-06-17T10:05:36.133+0800][16.926s][info][gc,metaspace   ] GC(674) Metaspace: 116K(320K)->116K(320K) NonClass: 109K(192K)->109K(192K) Class: 7K(128K)->7K(128K)
[2026-06-17T10:05:36.134+0800][16.927s][info][gc             ] GC(674) Pause Young (Allocation Failure) 35M->32M(57M) 3.138ms
[2026-06-17T10:05:36.134+0800][16.927s][info][gc,cpu         ] GC(674) User=0.00s Sys=0.00s Real=0.00s
[2026-06-17T10:05:36.157+0800][16.949s][info][gc,start       ] GC(675) Pause Young (Allocation Failure)
[2026-06-17T10:05:36.159+0800][16.952s][info][gc,heap        ] GC(675) PSYoungGen: 10926K(14336K)->7068K(14336K) Eden: 7152K(7168K)->0K(7168K) From: 3773K(7168K)->7068K(7168K)
[2026-06-17T10:05:36.160+0800][16.953s][info][gc,heap        ] GC(675) ParOldGen: 29081K(44032K)->29621K(44032K)
[2026-06-17T10:05:36.160+0800][16.953s][info][gc,metaspace   ] GC(675) Metaspace: 116K(320K)->116K(320K) NonClass: 109K(192K)->109K(192K) Class: 7K(128K)->7K(128K)
[2026-06-17T10:05:36.161+0800][16.954s][info][gc             ] GC(675) Pause Young (Allocation Failure) 39M->35M(57M) 4.318ms
[2026-06-17T10:05:36.162+0800][16.955s][info][gc,cpu         ] GC(675) User=0.00s Sys=0.00s Real=0.00s
[2026-06-17T10:05:36.184+0800][16.977s][info][gc,start       ] GC(676) Pause Young (Allocation Failure)
[2026-06-17T10:05:36.188+0800][16.981s][info][gc,heap        ] GC(676) PSYoungGen: 14219K(14336K)->3815K(14336K) Eden: 7150K(7168K)->0K(7168K) From: 7068K(7168K)->3815K(7168K)
[2026-06-17T10:05:36.189+0800][16.982s][info][gc,heap        ] GC(676) ParOldGen: 29621K(44032K)->33374K(44032K)
[2026-06-17T10:05:36.190+0800][16.983s][info][gc,metaspace   ] GC(676) Metaspace: 116K(320K)->116K(320K) NonClass: 109K(192K)->109K(192K) Class: 7K(128K)->7K(128K)
[2026-06-17T10:05:36.191+0800][16.983s][info][gc             ] GC(676) Pause Young (Allocation Failure) 42M->36M(57M) 6.081ms
[2026-06-17T10:05:36.191+0800][16.984s][info][gc,cpu         ] GC(676) User=0.00s Sys=0.00s Real=0.01s
[2026-06-17T10:05:36.214+0800][17.007s][info][gc,start       ] GC(677) Pause Young (Allocation Failure)
[2026-06-17T10:05:36.216+0800][17.009s][info][gc,heap        ] GC(677) PSYoungGen: 10981K(14336K)->612K(14336K) Eden: 7166K(7168K)->0K(7168K) From: 3815K(7168K)->612K(7168K)
[2026-06-17T10:05:36.218+0800][17.011s][info][gc,heap        ] GC(677) ParOldGen: 33374K(44032K)->36925K(44032K)
[2026-06-17T10:05:36.220+0800][17.013s][info][gc,metaspace   ] GC(677) Metaspace: 116K(320K)->116K(320K) NonClass: 109K(192K)->109K(192K) Class: 7K(128K)->7K(128K)
[2026-06-17T10:05:36.221+0800][17.014s][info][gc             ] GC(677) Pause Young (Allocation Failure) 43M->36M(57M) 7.688ms
[2026-06-17T10:05:36.223+0800][17.016s][info][gc,cpu         ] GC(677) User=0.00s Sys=0.00s Real=0.01s
[2026-06-17T10:05:36.236+0800][17.029s][info][gc,start       ] GC(678) Pause Young (Allocation Failure)
[2026-06-17T10:05:36.239+0800][17.032s][info][gc,heap        ] GC(678) PSYoungGen: 7772K(14336K)->4491K(14336K) Eden: 7159K(7168K)->0K(7168K) From: 612K(7168K)->4491K(7168K)
[2026-06-17T10:05:36.242+0800][17.034s][info][gc,heap        ] GC(678) ParOldGen: 36925K(44032K)->36925K(44032K)
[2026-06-17T10:05:36.243+0800][17.036s][info][gc,metaspace   ] GC(678) Metaspace: 116K(320K)->116K(320K) NonClass: 109K(192K)->109K(192K) Class: 7K(128K)->7K(128K)
[2026-06-17T10:05:36.244+0800][17.037s][info][gc             ] GC(678) Pause Young (Allocation Failure) 43M->40M(57M) 7.953ms
[2026-06-17T10:05:36.246+0800][17.038s][info][gc,cpu         ] GC(678) User=0.00s Sys=0.00s Real=0.01s
[2026-06-17T10:05:36.269+0800][17.061s][info][gc,start       ] GC(679) Pause Young (Allocation Failure)
[2026-06-17T10:05:36.271+0800][17.064s][info][gc,heap        ] GC(679) PSYoungGen: 11650K(14336K)->3027K(14336K) Eden: 7159K(7168K)->0K(7168K) From: 4491K(7168K)->3027K(7168K)
[2026-06-17T10:05:36.272+0800][17.065s][info][gc,heap        ] GC(679) ParOldGen: 36925K(44032K)->38747K(44032K)
[2026-06-17T10:05:36.272+0800][17.065s][info][gc,metaspace   ] GC(679) Metaspace: 116K(320K)->116K(320K) NonClass: 109K(192K)->109K(192K) Class: 7K(128K)->7K(128K)
[2026-06-17T10:05:36.273+0800][17.066s][info][gc             ] GC(679) Pause Young (Allocation Failure) 47M->40M(57M) 4.335ms
[2026-06-17T10:05:36.274+0800][17.066s][info][gc,cpu         ] GC(679) User=0.01s Sys=0.00s Real=0.01s
[2026-06-17T10:05:36.296+0800][17.089s][info][gc,start       ] GC(680) Pause Full (Allocation Failure)
[2026-06-17T10:05:36.297+0800][17.090s][info][gc,phases,start] GC(680) Marking Phase
[2026-06-17T10:05:36.300+0800][17.093s][info][gc,phases      ] GC(680) Marking Phase 3.131ms
[2026-06-17T10:05:36.301+0800][17.094s][info][gc,phases,start] GC(680) Summary Phase
[2026-06-17T10:05:36.301+0800][17.094s][info][gc,phases      ] GC(680) Summary Phase 0.560ms
[2026-06-17T10:05:36.302+0800][17.095s][info][gc,phases,start] GC(680) Forward
[2026-06-17T10:05:36.303+0800][17.096s][info][gc,phases      ] GC(680) Forward 0.880ms
[2026-06-17T10:05:36.303+0800][17.096s][info][gc,phases,start] GC(680) Adjust Pointers
[2026-06-17T10:05:36.305+0800][17.097s][info][gc,phases      ] GC(680) Adjust Pointers 1.209ms
[2026-06-17T10:05:36.305+0800][17.098s][info][gc,phases,start] GC(680) Compaction Phase
[2026-06-17T10:05:36.307+0800][17.100s][info][gc,phases      ] GC(680) Compaction Phase 2.206ms
[2026-06-17T10:05:36.308+0800][17.101s][info][gc,phases,start] GC(680) Post Compact
[2026-06-17T10:05:36.308+0800][17.101s][info][gc,phases      ] GC(680) Post Compact 0.567ms
[2026-06-17T10:05:36.309+0800][17.102s][info][gc,heap        ] GC(680) PSYoungGen: 10194K(14336K)->0K(14336K) Eden: 7167K(7168K)->0K(7168K) From: 3027K(7168K)->0K(7168K)
[2026-06-17T10:05:36.310+0800][17.102s][info][gc,heap        ] GC(680) ParOldGen: 38747K(44032K)->22940K(44032K)
[2026-06-17T10:05:36.310+0800][17.103s][info][gc,metaspace   ] GC(680) Metaspace: 116K(320K)->116K(320K) NonClass: 109K(192K)->109K(192K) Class: 7K(128K)->7K(128K)
[2026-06-17T10:05:36.310+0800][17.103s][info][gc             ] GC(680) Pause Full (Allocation Failure) 47M->22M(57M) 13.912ms
[2026-06-17T10:05:36.310+0800][17.103s][info][gc,cpu         ] GC(680) User=0.01s Sys=0.00s Real=0.02s
[2026-06-17T10:05:36.332+0800][17.125s][info][gc,start       ] GC(681) Pause Young (Allocation Failure)
[2026-06-17T10:05:36.333+0800][17.126s][info][gc,heap        ] GC(681) PSYoungGen: 7166K(14336K)->3744K(14336K) Eden: 7166K(7168K)->0K(7168K) From: 0K(7168K)->3744K(7168K)
[2026-06-17T10:05:36.333+0800][17.126s][info][gc,heap        ] GC(681) ParOldGen: 22940K(44032K)->22940K(44032K)
[2026-06-17T10:05:36.334+0800][17.126s][info][gc,metaspace   ] GC(681) Metaspace: 116K(320K)->116K(320K) NonClass: 109K(192K)->109K(192K) Class: 7K(128K)->7K(128K)
[2026-06-17T10:05:36.334+0800][17.126s][info][gc             ] GC(681) Pause Young (Allocation Failure) 29M->26M(57M) 1.724ms
[2026-06-17T10:05:36.334+0800][17.127s][info][gc,cpu         ] GC(681) User=0.00s Sys=0.00s Real=0.00s
[2026-06-17T10:05:36.355+0800][17.148s][info][gc,start       ] GC(682) Pause Young (Allocation Failure)
[2026-06-17T10:05:36.357+0800][17.150s][info][gc,heap        ] GC(682) PSYoungGen: 10894K(14336K)->4119K(14336K) Eden: 7149K(7168K)->0K(7168K) From: 3744K(7168K)->4119K(7168K)
[2026-06-17T10:05:36.372+0800][17.165s][info][gc,heap        ] GC(682) ParOldGen: 22940K(44032K)->22940K(44032K)
[2026-06-17T10:05:36.373+0800][17.166s][info][gc,metaspace   ] GC(682) Metaspace: 116K(320K)->116K(320K) NonClass: 109K(192K)->109K(192K) Class: 7K(128K)->7K(128K)
[2026-06-17T10:05:36.482+0800][17.275s][info][gc             ] GC(682) Pause Young (Allocation Failure) 33M->26M(57M) 127.184ms
[2026-06-17T10:05:36.495+0800][17.287s][info][gc,cpu         ] GC(682) User=0.00s Sys=0.00s Real=0.14s
[2026-06-17T10:05:36.508+0800][17.301s][info][gc,start       ] GC(683) Pause Young (Allocation Failure)
[2026-06-17T10:05:36.509+0800][17.302s][info][gc,heap        ] GC(683) PSYoungGen: 11273K(14336K)->7154K(14336K) Eden: 7154K(7168K)->0K(7168K) From: 4119K(7168K)->7154K(7168K)
[2026-06-17T10:05:36.509+0800][17.302s][info][gc,heap        ] GC(683) ParOldGen: 22940K(44032K)->23776K(44032K)
[2026-06-17T10:05:36.510+0800][17.303s][info][gc,metaspace   ] GC(683) Metaspace: 116K(320K)->116K(320K) NonClass: 109K(192K)->109K(192K) Class: 7K(128K)->7K(128K)
[2026-06-17T10:05:36.510+0800][17.303s][info][gc             ] GC(683) Pause Young (Allocation Failure) 33M->30M(57M) 2.343ms
[2026-06-17T10:05:36.511+0800][17.303s][info][gc,cpu         ] GC(683) User=0.00s Sys=0.00s Real=0.01s
[2026-06-17T10:05:36.533+0800][17.325s][info][gc,start       ] GC(684) Pause Young (Allocation Failure)
[2026-06-17T10:05:36.535+0800][17.327s][info][gc,heap        ] GC(684) PSYoungGen: 14291K(14336K)->3983K(14336K) Eden: 7136K(7168K)->0K(7168K) From: 7154K(7168K)->3983K(7168K)
[2026-06-17T10:05:36.535+0800][17.328s][info][gc,heap        ] GC(684) ParOldGen: 23776K(44032K)->27127K(44032K)
[2026-06-17T10:05:36.536+0800][17.328s][info][gc,metaspace   ] GC(684) Metaspace: 116K(320K)->116K(320K) NonClass: 109K(192K)->109K(192K) Class: 7K(128K)->7K(128K)
[2026-06-17T10:05:36.536+0800][17.329s][info][gc             ] GC(684) Pause Young (Allocation Failure) 37M->30M(57M) 3.410ms
[2026-06-17T10:05:36.536+0800][17.329s][info][gc,cpu         ] GC(684) User=0.00s Sys=0.00s Real=0.00s
[2026-06-17T10:05:36.558+0800][17.350s][info][gc,start       ] GC(685) Pause Young (Allocation Failure)
[2026-06-17T10:05:36.559+0800][17.352s][info][gc,heap        ] GC(685) PSYoungGen: 11136K(14336K)->3458K(14336K) Eden: 7152K(7168K)->0K(7168K) From: 3983K(7168K)->3458K(7168K)
[2026-06-17T10:05:36.561+0800][17.354s][info][gc,heap        ] GC(685) ParOldGen: 27127K(44032K)->27881K(44032K)
[2026-06-17T10:05:36.562+0800][17.355s][info][gc,metaspace   ] GC(685) Metaspace: 116K(320K)->116K(320K) NonClass: 109K(192K)->109K(192K) Class: 7K(128K)->7K(128K)
[2026-06-17T10:05:36.563+0800][17.356s][info][gc             ] GC(685) Pause Young (Allocation Failure) 37M->30M(57M) 5.463ms
[2026-06-17T10:05:36.565+0800][17.358s][info][gc,cpu         ] GC(685) User=0.00s Sys=0.00s Real=0.01s
[2026-06-17T10:05:36.578+0800][17.370s][info][gc,start       ] GC(686) Pause Young (Allocation Failure)
[2026-06-17T10:05:36.579+0800][17.372s][info][gc,heap        ] GC(686) PSYoungGen: 10521K(14336K)->707K(14336K) Eden: 7062K(7168K)->0K(7168K) From: 3458K(7168K)->707K(7168K)
[2026-06-17T10:05:36.582+0800][17.375s][info][gc,heap        ] GC(686) ParOldGen: 27881K(44032K)->30612K(44032K)
[2026-06-17T10:05:36.584+0800][17.377s][info][gc,metaspace   ] GC(686) Metaspace: 116K(320K)->116K(320K) NonClass: 109K(192K)->109K(192K) Class: 7K(128K)->7K(128K)
[2026-06-17T10:05:36.588+0800][17.381s][info][gc             ] GC(686) Pause Young (Allocation Failure) 37M->30M(57M) 10.209ms
[2026-06-17T10:05:36.591+0800][17.383s][info][gc,cpu         ] GC(686) User=0.00s Sys=0.00s Real=0.02s
[2026-06-17T10:05:36.616+0800][17.409s][info][gc,start       ] GC(687) Pause Young (Allocation Failure)
[2026-06-17T10:05:36.618+0800][17.410s][info][gc,heap        ] GC(687) PSYoungGen: 7849K(14336K)->4297K(14336K) Eden: 7142K(7168K)->0K(7168K) From: 707K(7168K)->4297K(7168K)
[2026-06-17T10:05:36.619+0800][17.411s][info][gc,heap        ] GC(687) ParOldGen: 30612K(44032K)->30612K(44032K)
[2026-06-17T10:05:36.621+0800][17.414s][info][gc,metaspace   ] GC(687) Metaspace: 116K(320K)->116K(320K) NonClass: 109K(192K)->109K(192K) Class: 7K(128K)->7K(128K)
[2026-06-17T10:05:36.625+0800][17.418s][info][gc             ] GC(687) Pause Young (Allocation Failure) 37M->34M(57M) 9.033ms
[2026-06-17T10:05:36.626+0800][17.419s][info][gc,cpu         ] GC(687) User=0.00s Sys=0.00s Real=0.01s
[2026-06-17T10:05:36.649+0800][17.442s][info][gc,start       ] GC(688) Pause Young (Allocation Failure)
[2026-06-17T10:05:36.652+0800][17.444s][info][gc,heap        ] GC(688) PSYoungGen: 11426K(14336K)->2706K(14336K) Eden: 7128K(7168K)->0K(7168K) From: 4297K(7168K)->2706K(7168K)
[2026-06-17T10:05:36.652+0800][17.445s][info][gc,heap        ] GC(688) ParOldGen: 30612K(44032K)->32448K(44032K)
[2026-06-17T10:05:36.653+0800][17.445s][info][gc,metaspace   ] GC(688) Metaspace: 116K(320K)->116K(320K) NonClass: 109K(192K)->109K(192K) Class: 7K(128K)->7K(128K)
[2026-06-17T10:05:36.653+0800][17.446s][info][gc             ] GC(688) Pause Young (Allocation Failure) 41M->34M(57M) 3.954ms
[2026-06-17T10:05:36.654+0800][17.446s][info][gc,cpu         ] GC(688) User=0.00s Sys=0.00s Real=0.01s
[2026-06-17T10:05:36.675+0800][17.468s][info][gc,start       ] GC(689) Pause Young (Allocation Failure)
[2026-06-17T10:05:36.676+0800][17.469s][info][gc,heap        ] GC(689) PSYoungGen: 9825K(14336K)->2663K(14336K) Eden: 7119K(7168K)->0K(7168K) From: 2706K(7168K)->2663K(7168K)
[2026-06-17T10:05:36.677+0800][17.469s][info][gc,heap        ] GC(689) ParOldGen: 32448K(44032K)->32448K(44032K)
[2026-06-17T10:05:36.677+0800][17.470s][info][gc,metaspace   ] GC(689) Metaspace: 116K(320K)->116K(320K) NonClass: 109K(192K)->109K(192K) Class: 7K(128K)->7K(128K)
[2026-06-17T10:05:36.678+0800][17.470s][info][gc             ] GC(689) Pause Young (Allocation Failure) 41M->34M(57M) 2.471ms
[2026-06-17T10:05:36.678+0800][17.471s][info][gc,cpu         ] GC(689) User=0.00s Sys=0.00s Real=0.00s
[2026-06-17T10:05:36.689+0800][17.482s][info][gc,start       ] GC(690) Pause Young (Allocation Failure)
[2026-06-17T10:05:36.691+0800][17.483s][info][gc,heap        ] GC(690) PSYoungGen: 9809K(14336K)->6179K(14336K) Eden: 7146K(7168K)->0K(7168K) From: 2663K(7168K)->6179K(7168K)
[2026-06-17T10:05:36.691+0800][17.484s][info][gc,heap        ] GC(690) ParOldGen: 32448K(44032K)->32448K(44032K)
[2026-06-17T10:05:36.691+0800][17.484s][info][gc,metaspace   ] GC(690) Metaspace: 116K(320K)->116K(320K) NonClass: 109K(192K)->109K(192K) Class: 7K(128K)->7K(128K)
[2026-06-17T10:05:36.691+0800][17.484s][info][gc             ] GC(690) Pause Young (Allocation Failure) 41M->37M(57M) 2.347ms
[2026-06-17T10:05:36.692+0800][17.484s][info][gc,cpu         ] GC(690) User=0.00s Sys=0.00s Real=0.01s
[2026-06-17T10:05:36.713+0800][17.505s][info][gc,start       ] GC(691) Pause Young (Allocation Failure)
[2026-06-17T10:05:36.714+0800][17.507s][info][gc,heap        ] GC(691) PSYoungGen: 13339K(14336K)->4130K(14336K) Eden: 7159K(7168K)->0K(7168K) From: 6179K(7168K)->4130K(7168K)
[2026-06-17T10:05:36.714+0800][17.507s][info][gc,heap        ] GC(691) ParOldGen: 32448K(44032K)->34592K(44032K)
[2026-06-17T10:05:36.715+0800][17.507s][info][gc,metaspace   ] GC(691) Metaspace: 116K(320K)->116K(320K) NonClass: 109K(192K)->109K(192K) Class: 7K(128K)->7K(128K)
[2026-06-17T10:05:36.715+0800][17.508s][info][gc             ] GC(691) Pause Young (Allocation Failure) 44M->37M(57M) 2.109ms
[2026-06-17T10:05:36.715+0800][17.508s][info][gc,cpu         ] GC(691) User=0.00s Sys=0.00s Real=0.00s
[2026-06-17T10:05:36.737+0800][17.529s][info][gc,start       ] GC(692) Pause Young (Allocation Failure)
[2026-06-17T10:05:36.739+0800][17.532s][info][gc,heap        ] GC(692) PSYoungGen: 11292K(14336K)->1740K(14336K) Eden: 7161K(7168K)->0K(7168K) From: 4130K(7168K)->1740K(7168K)
[2026-06-17T10:05:36.739+0800][17.532s][info][gc,heap        ] GC(692) ParOldGen: 34592K(44032K)->36895K(44032K)
[2026-06-17T10:05:36.740+0800][17.533s][info][gc,metaspace   ] GC(692) Metaspace: 116K(320K)->116K(320K) NonClass: 109K(192K)->109K(192K) Class: 7K(128K)->7K(128K)
[2026-06-17T10:05:36.741+0800][17.533s][info][gc             ] GC(692) Pause Young (Allocation Failure) 44M->37M(57M) 3.914ms
[2026-06-17T10:05:36.742+0800][17.534s][info][gc,cpu         ] GC(692) User=0.00s Sys=0.00s Real=0.00s
[2026-06-17T10:05:36.754+0800][17.547s][info][gc,start       ] GC(693) Pause Young (Allocation Failure)
[2026-06-17T10:05:36.756+0800][17.549s][info][gc,heap        ] GC(693) PSYoungGen: 8888K(14336K)->2099K(14336K) Eden: 7148K(7168K)->0K(7168K) From: 1740K(7168K)->2099K(7168K)
[2026-06-17T10:05:36.756+0800][17.549s][info][gc,heap        ] GC(693) ParOldGen: 36895K(44032K)->36895K(44032K)
[2026-06-17T10:05:36.758+0800][17.551s][info][gc,metaspace   ] GC(693) Metaspace: 116K(320K)->116K(320K) NonClass: 109K(192K)->109K(192K) Class: 7K(128K)->7K(128K)
[2026-06-17T10:05:36.758+0800][17.551s][info][gc             ] GC(693) Pause Young (Allocation Failure) 44M->38M(57M) 4.580ms
[2026-06-17T10:05:36.759+0800][17.552s][info][gc,cpu         ] GC(693) User=0.00s Sys=0.00s Real=0.00s
[2026-06-17T10:05:36.782+0800][17.574s][info][gc,start       ] GC(694) Pause Young (Allocation Failure)
[2026-06-17T10:05:36.784+0800][17.577s][info][gc,heap        ] GC(694) PSYoungGen: 9261K(14336K)->3847K(14336K) Eden: 7162K(7168K)->0K(7168K) From: 2099K(7168K)->3847K(7168K)
[2026-06-17T10:05:36.785+0800][17.577s][info][gc,heap        ] GC(694) ParOldGen: 36895K(44032K)->38947K(44032K)
[2026-06-17T10:05:36.785+0800][17.578s][info][gc,metaspace   ] GC(694) Metaspace: 116K(320K)->116K(320K) NonClass: 109K(192K)->109K(192K) Class: 7K(128K)->7K(128K)
[2026-06-17T10:05:36.786+0800][17.579s][info][gc             ] GC(694) Pause Young (Allocation Failure) 45M->41M(57M) 4.169ms
[2026-06-17T10:05:36.786+0800][17.579s][info][gc,cpu         ] GC(694) User=0.01s Sys=0.00s Real=0.01s
[2026-06-17T10:05:36.799+0800][17.591s][info][gc,start       ] GC(695) Pause Young (Allocation Failure)
[2026-06-17T10:05:36.801+0800][17.593s][info][gc,heap        ] GC(695) PSYoungGen: 10987K(14336K)->4357K(14336K) Eden: 7140K(7168K)->0K(7168K) From: 3847K(7168K)->4357K(7168K)
[2026-06-17T10:05:36.801+0800][17.594s][info][gc,heap        ] GC(695) ParOldGen: 38947K(44032K)->38947K(44032K)
[2026-06-17T10:05:36.802+0800][17.595s][info][gc,metaspace   ] GC(695) Metaspace: 116K(320K)->116K(320K) NonClass: 109K(192K)->109K(192K) Class: 7K(128K)->7K(128K)
[2026-06-17T10:05:36.803+0800][17.596s][info][gc             ] GC(695) Pause Young (Allocation Failure) 48M->42M(57M) 4.268ms
[2026-06-17T10:05:36.804+0800][17.596s][info][gc,cpu         ] GC(695) User=0.00s Sys=0.00s Real=0.01s
[2026-06-17T10:05:36.826+0800][17.619s][info][gc,start       ] GC(696) Pause Young (Allocation Failure)
[2026-06-17T10:05:36.829+0800][17.621s][info][gc,heap        ] GC(696) PSYoungGen: 11512K(14336K)->7076K(14336K) Eden: 7154K(7168K)->0K(7168K) From: 4357K(7168K)->7076K(7168K)
[2026-06-17T10:05:36.830+0800][17.623s][info][gc,heap        ] GC(696) ParOldGen: 38947K(44032K)->39861K(44032K)
[2026-06-17T10:05:36.831+0800][17.624s][info][gc,metaspace   ] GC(696) Metaspace: 116K(320K)->116K(320K) NonClass: 109K(192K)->109K(192K) Class: 7K(128K)->7K(128K)
[2026-06-17T10:05:36.832+0800][17.624s][info][gc             ] GC(696) Pause Young (Allocation Failure) 49M->45M(57M) 5.773ms
[2026-06-17T10:05:36.832+0800][17.625s][info][gc,cpu         ] GC(696) User=0.00s Sys=0.00s Real=0.01s
[2026-06-17T10:05:36.855+0800][17.647s][info][gc,start       ] GC(697) Pause Young (Allocation Failure)
[2026-06-17T10:05:36.857+0800][17.650s][info][gc,heap        ] GC(697) PSYoungGen: 14244K(14336K)->3916K(14336K) Eden: 7168K(7168K)->0K(7168K) From: 7076K(7168K)->3916K(7168K)
[2026-06-17T10:05:36.858+0800][17.651s][info][gc,heap        ] GC(697) ParOldGen: 39861K(44032K)->43280K(44032K)
[2026-06-17T10:05:36.859+0800][17.652s][info][gc,metaspace   ] GC(697) Metaspace: 116K(320K)->116K(320K) NonClass: 109K(192K)->109K(192K) Class: 7K(128K)->7K(128K)
[2026-06-17T10:05:36.860+0800][17.652s][info][gc             ] GC(697) Pause Young (Allocation Failure) 52M->46M(57M) 4.953ms
[2026-06-17T10:05:36.860+0800][17.653s][info][gc,cpu         ] GC(697) User=0.01s Sys=0.00s Real=0.00s
[2026-06-17T10:05:36.882+0800][17.675s][info][gc,start       ] GC(698) Pause Full (Allocation Failure)
[2026-06-17T10:05:36.883+0800][17.676s][info][gc,phases,start] GC(698) Marking Phase
[2026-06-17T10:05:36.886+0800][17.678s][info][gc,phases      ] GC(698) Marking Phase 2.691ms
[2026-06-17T10:05:36.886+0800][17.679s][info][gc,phases,start] GC(698) Summary Phase
[2026-06-17T10:05:36.887+0800][17.680s][info][gc,phases      ] GC(698) Summary Phase 0.474ms
[2026-06-17T10:05:36.887+0800][17.680s][info][gc,phases,start] GC(698) Forward
[2026-06-17T10:05:36.888+0800][17.681s][info][gc,phases      ] GC(698) Forward 0.879ms
[2026-06-17T10:05:36.889+0800][17.682s][info][gc,phases,start] GC(698) Adjust Pointers
[2026-06-17T10:05:36.890+0800][17.683s][info][gc,phases      ] GC(698) Adjust Pointers 1.424ms
[2026-06-17T10:05:36.891+0800][17.684s][info][gc,phases,start] GC(698) Compaction Phase
[2026-06-17T10:05:36.893+0800][17.686s][info][gc,phases      ] GC(698) Compaction Phase 2.297ms
[2026-06-17T10:05:36.894+0800][17.686s][info][gc,phases,start] GC(698) Post Compact
[2026-06-17T10:05:36.894+0800][17.687s][info][gc,phases      ] GC(698) Post Compact 0.594ms
[2026-06-17T10:05:36.895+0800][17.687s][info][gc,heap        ] GC(698) PSYoungGen: 11062K(14336K)->0K(14336K) Eden: 7146K(7168K)->0K(7168K) From: 3916K(7168K)->0K(7168K)
[2026-06-17T10:05:36.895+0800][17.688s][info][gc,heap        ] GC(698) ParOldGen: 43280K(44032K)->25726K(44032K)
[2026-06-17T10:05:36.895+0800][17.688s][info][gc,metaspace   ] GC(698) Metaspace: 116K(320K)->116K(320K) NonClass: 109K(192K)->109K(192K) Class: 7K(128K)->7K(128K)
[2026-06-17T10:05:36.896+0800][17.688s][info][gc             ] GC(698) Pause Full (Allocation Failure) 53M->25M(57M) 13.494ms
[2026-06-17T10:05:36.896+0800][17.689s][info][gc,cpu         ] GC(698) User=0.00s Sys=0.00s Real=0.02s
[2026-06-17T10:05:36.907+0800][17.700s][info][gc,start       ] GC(699) Pause Young (Allocation Failure)
[2026-06-17T10:05:36.909+0800][17.701s][info][gc,heap        ] GC(699) PSYoungGen: 7132K(14336K)->7162K(14336K) Eden: 7132K(7168K)->0K(7168K) From: 0K(7168K)->7162K(7168K)
[2026-06-17T10:05:36.909+0800][17.702s][info][gc,heap        ] GC(699) ParOldGen: 25726K(44032K)->25761K(44032K)
[2026-06-17T10:05:36.909+0800][17.702s][info][gc,metaspace   ] GC(699) Metaspace: 116K(320K)->116K(320K) NonClass: 109K(192K)->109K(192K) Class: 7K(128K)->7K(128K)
[2026-06-17T10:05:36.910+0800][17.702s][info][gc             ] GC(699) Pause Young (Allocation Failure) 32M->32M(57M) 2.621ms
[2026-06-17T10:05:36.910+0800][17.703s][info][gc,cpu         ] GC(699) User=0.00s Sys=0.00s Real=0.00s
[2026-06-17T10:05:36.932+0800][17.725s][info][gc,start       ] GC(700) Pause Young (Allocation Failure)
[2026-06-17T10:05:36.934+0800][17.727s][info][gc,heap        ] GC(700) PSYoungGen: 14320K(14336K)->3192K(14336K) Eden: 7157K(7168K)->0K(7168K) From: 7162K(7168K)->3192K(7168K)
[2026-06-17T10:05:36.935+0800][17.728s][info][gc,heap        ] GC(700) ParOldGen: 25761K(44032K)->29772K(44032K)
[2026-06-17T10:05:36.936+0800][17.729s][info][gc,metaspace   ] GC(700) Metaspace: 116K(320K)->116K(320K) NonClass: 109K(192K)->109K(192K) Class: 7K(128K)->7K(128K)
[2026-06-17T10:05:36.936+0800][17.729s][info][gc             ] GC(700) Pause Young (Allocation Failure) 39M->32M(57M) 4.629ms
[2026-06-17T10:05:36.937+0800][17.730s][info][gc,cpu         ] GC(700) User=0.00s Sys=0.00s Real=0.00s
[2026-06-17T10:05:36.959+0800][17.752s][info][gc,start       ] GC(701) Pause Young (Allocation Failure)
[2026-06-17T10:05:36.962+0800][17.754s][info][gc,heap        ] GC(701) PSYoungGen: 10341K(14336K)->3558K(14336K) Eden: 7149K(7168K)->0K(7168K) From: 3192K(7168K)->3558K(7168K)
[2026-06-17T10:05:36.962+0800][17.755s][info][gc,heap        ] GC(701) ParOldGen: 29772K(44032K)->29772K(44032K)
[2026-06-17T10:05:36.963+0800][17.756s][info][gc,metaspace   ] GC(701) Metaspace: 116K(320K)->116K(320K) NonClass: 109K(192K)->109K(192K) Class: 7K(128K)->7K(128K)
[2026-06-17T10:05:36.964+0800][17.756s][info][gc             ] GC(701) Pause Young (Allocation Failure) 39M->32M(57M) 4.405ms
[2026-06-17T10:05:36.964+0800][17.757s][info][gc,cpu         ] GC(701) User=0.00s Sys=0.00s Real=0.01s
[2026-06-17T10:05:36.986+0800][17.779s][info][gc,start       ] GC(702) Pause Young (Allocation Failure)
[2026-06-17T10:05:36.988+0800][17.781s][info][gc,heap        ] GC(702) PSYoungGen: 10689K(14336K)->2006K(14336K) Eden: 7131K(7168K)->0K(7168K) From: 3558K(7168K)->2006K(7168K)
[2026-06-17T10:05:36.989+0800][17.782s][info][gc,heap        ] GC(702) ParOldGen: 29772K(44032K)->31547K(44032K)
[2026-06-17T10:05:36.990+0800][17.783s][info][gc,metaspace   ] GC(702) Metaspace: 116K(320K)->116K(320K) NonClass: 109K(192K)->109K(192K) Class: 7K(128K)->7K(128K)
[2026-06-17T10:05:36.990+0800][17.783s][info][gc             ] GC(702) Pause Young (Allocation Failure) 39M->32M(57M) 3.921ms
[2026-06-17T10:05:36.991+0800][17.784s][info][gc,cpu         ] GC(702) User=0.00s Sys=0.00s Real=0.01s
[2026-06-17T10:05:37.003+0800][17.796s][info][gc,start       ] GC(703) Pause Young (Allocation Failure)
[2026-06-17T10:05:37.004+0800][17.797s][info][gc,heap        ] GC(703) PSYoungGen: 8601K(14336K)->0K(14336K) Eden: 6594K(7168K)->0K(7168K) From: 2006K(7168K)->0K(7168K)
[2026-06-17T10:05:37.005+0800][17.798s][info][gc,heap        ] GC(703) ParOldGen: 31547K(44032K)->33438K(44032K)
[2026-06-17T10:05:37.005+0800][17.798s][info][gc,metaspace   ] GC(703) Metaspace: 116K(320K)->116K(320K) NonClass: 109K(192K)->109K(192K) Class: 7K(128K)->7K(128K)
[2026-06-17T10:05:37.006+0800][17.799s][info][gc             ] GC(703) Pause Young (Allocation Failure) 39M->32M(57M) 2.990ms
[2026-06-17T10:05:37.006+0800][17.799s][info][gc,cpu         ] GC(703) User=0.00s Sys=0.00s Real=0.00s
[2026-06-17T10:05:37.028+0800][17.821s][info][gc,start       ] GC(704) Pause Young (Allocation Failure)
[2026-06-17T10:05:37.030+0800][17.823s][info][gc,heap        ] GC(704) PSYoungGen: 7121K(14336K)->3488K(14336K) Eden: 7121K(7168K)->0K(7168K) From: 0K(7168K)->3488K(7168K)
[2026-06-17T10:05:37.030+0800][17.823s][info][gc,heap        ] GC(704) ParOldGen: 33438K(44032K)->33438K(44032K)
[2026-06-17T10:05:37.031+0800][17.824s][info][gc,metaspace   ] GC(704) Metaspace: 116K(320K)->116K(320K) NonClass: 109K(192K)->109K(192K) Class: 7K(128K)->7K(128K)
[2026-06-17T10:05:37.031+0800][17.824s][info][gc             ] GC(704) Pause Young (Allocation Failure) 39M->36M(57M) 3.059ms
[2026-06-17T10:05:37.032+0800][17.824s][info][gc,cpu         ] GC(704) User=0.00s Sys=0.00s Real=0.01s
[2026-06-17T10:05:37.054+0800][17.846s][info][gc,start       ] GC(705) Pause Young (Allocation Failure)
[2026-06-17T10:05:37.056+0800][17.848s][info][gc,heap        ] GC(705) PSYoungGen: 10653K(14336K)->796K(14336K) Eden: 7165K(7168K)->0K(7168K) From: 3488K(7168K)->796K(7168K)
[2026-06-17T10:05:37.059+0800][17.851s][info][gc,heap        ] GC(705) ParOldGen: 33438K(44032K)->36425K(44032K)
[2026-06-17T10:05:37.060+0800][17.852s][info][gc,metaspace   ] GC(705) Metaspace: 116K(320K)->116K(320K) NonClass: 109K(192K)->109K(192K) Class: 7K(128K)->7K(128K)
[2026-06-17T10:05:37.060+0800][17.853s][info][gc             ] GC(705) Pause Young (Allocation Failure) 43M->36M(57M) 6.570ms
[2026-06-17T10:05:37.060+0800][17.853s][info][gc,cpu         ] GC(705) User=0.00s Sys=0.00s Real=0.00s
[2026-06-17T10:05:37.072+0800][17.865s][info][gc,start       ] GC(706) Pause Young (Allocation Failure)
[2026-06-17T10:05:37.073+0800][17.866s][info][gc,heap        ] GC(706) PSYoungGen: 7951K(14336K)->4565K(14336K) Eden: 7155K(7168K)->0K(7168K) From: 796K(7168K)->4565K(7168K)
[2026-06-17T10:05:37.074+0800][17.867s][info][gc,heap        ] GC(706) ParOldGen: 36425K(44032K)->36425K(44032K)
[2026-06-17T10:05:37.074+0800][17.867s][info][gc,metaspace   ] GC(706) Metaspace: 116K(320K)->116K(320K) NonClass: 109K(192K)->109K(192K) Class: 7K(128K)->7K(128K)
[2026-06-17T10:05:37.075+0800][17.867s][info][gc             ] GC(706) Pause Young (Allocation Failure) 43M->40M(57M) 2.691ms
[2026-06-17T10:05:37.075+0800][17.868s][info][gc,cpu         ] GC(706) User=0.01s Sys=0.00s Real=0.00s
[2026-06-17T10:05:37.097+0800][17.890s][info][gc,start       ] GC(707) Pause Young (Allocation Failure)
[2026-06-17T10:05:37.099+0800][17.892s][info][gc,heap        ] GC(707) PSYoungGen: 11701K(14336K)->2567K(14336K) Eden: 7135K(7168K)->0K(7168K) From: 4565K(7168K)->2567K(7168K)
[2026-06-17T10:05:37.100+0800][17.893s][info][gc,heap        ] GC(707) ParOldGen: 36425K(44032K)->38703K(44032K)
[2026-06-17T10:05:37.101+0800][17.893s][info][gc,metaspace   ] GC(707) Metaspace: 116K(320K)->116K(320K) NonClass: 109K(192K)->109K(192K) Class: 7K(128K)->7K(128K)
[2026-06-17T10:05:37.101+0800][17.894s][info][gc             ] GC(707) Pause Young (Allocation Failure) 46M->40M(57M) 4.175ms
[2026-06-17T10:05:37.102+0800][17.894s][info][gc,cpu         ] GC(707) User=0.00s Sys=0.00s Real=0.00s
[2026-06-17T10:05:37.124+0800][17.916s][info][gc,start       ] GC(708) Pause Young (Allocation Failure)
[2026-06-17T10:05:37.125+0800][17.917s][info][gc,heap        ] GC(708) PSYoungGen: 9713K(14336K)->2604K(14336K) Eden: 7145K(7168K)->0K(7168K) From: 2567K(7168K)->2604K(7168K)
[2026-06-17T10:05:37.125+0800][17.918s][info][gc,heap        ] GC(708) ParOldGen: 38703K(44032K)->38703K(44032K)
[2026-06-17T10:05:37.125+0800][17.918s][info][gc,metaspace   ] GC(708) Metaspace: 116K(320K)->116K(320K) NonClass: 109K(192K)->109K(192K) Class: 7K(128K)->7K(128K)
[2026-06-17T10:05:37.126+0800][17.919s][info][gc             ] GC(708) Pause Young (Allocation Failure) 47M->40M(57M) 2.409ms
[2026-06-17T10:05:37.126+0800][17.919s][info][gc,cpu         ] GC(708) User=0.00s Sys=0.00s Real=0.00s
[2026-06-17T10:05:37.138+0800][17.930s][info][gc,start       ] GC(709) Pause Young (Allocation Failure)
[2026-06-17T10:05:37.138+0800][17.931s][info][gc,heap        ] GC(709) PSYoungGen: 9718K(14336K)->2964K(14336K) Eden: 7114K(7168K)->0K(7168K) From: 2604K(7168K)->2964K(7168K)
[2026-06-17T10:05:37.139+0800][17.932s][info][gc,heap        ] GC(709) ParOldGen: 38703K(44032K)->38703K(44032K)
[2026-06-17T10:05:37.139+0800][17.932s][info][gc,metaspace   ] GC(709) Metaspace: 116K(320K)->116K(320K) NonClass: 109K(192K)->109K(192K) Class: 7K(128K)->7K(128K)
[2026-06-17T10:05:37.140+0800][17.933s][info][gc             ] GC(709) Pause Young (Allocation Failure) 47M->40M(57M) 2.323ms
[2026-06-17T10:05:37.140+0800][17.933s][info][gc,cpu         ] GC(709) User=0.00s Sys=0.00s Real=0.00s
[2026-06-17T10:05:37.161+0800][17.954s][info][gc,start       ] GC(710) Pause Young (Allocation Failure)
[2026-06-17T10:05:37.162+0800][17.955s][info][gc,heap        ] GC(710) PSYoungGen: 10123K(14336K)->6890K(14336K) Eden: 7159K(7168K)->0K(7168K) From: 2964K(7168K)->6890K(7168K)
[2026-06-17T10:05:37.163+0800][17.956s][info][gc,heap        ] GC(710) ParOldGen: 38703K(44032K)->38703K(44032K)
[2026-06-17T10:05:37.163+0800][17.956s][info][gc,metaspace   ] GC(710) Metaspace: 116K(320K)->116K(320K) NonClass: 109K(192K)->109K(192K) Class: 7K(128K)->7K(128K)
[2026-06-17T10:05:37.163+0800][17.956s][info][gc             ] GC(710) Pause Young (Allocation Failure) 47M->44M(57M) 2.107ms
[2026-06-17T10:05:37.164+0800][17.956s][info][gc,cpu         ] GC(710) User=0.00s Sys=0.01s Real=0.01s
[2026-06-17T10:05:37.185+0800][17.978s][info][gc,start       ] GC(711) Pause Young (Allocation Failure)
[2026-06-17T10:05:37.186+0800][17.979s][info][gc,heap        ] GC(711) PSYoungGen: 14039K(14336K)->4075K(14336K) Eden: 7149K(7168K)->0K(7168K) From: 6890K(7168K)->4075K(7168K)
[2026-06-17T10:05:37.186+0800][17.979s][info][gc,heap        ] GC(711) ParOldGen: 38703K(44032K)->41620K(44032K)
[2026-06-17T10:05:37.187+0800][17.979s][info][gc,metaspace   ] GC(711) Metaspace: 116K(320K)->116K(320K) NonClass: 109K(192K)->109K(192K) Class: 7K(128K)->7K(128K)
[2026-06-17T10:05:37.187+0800][17.980s][info][gc             ] GC(711) Pause Young (Allocation Failure) 51M->44M(57M) 1.907ms
[2026-06-17T10:05:37.187+0800][17.980s][info][gc,cpu         ] GC(711) User=0.01s Sys=0.00s Real=0.00s
[2026-06-17T10:05:37.208+0800][18.001s][info][gc,start       ] GC(712) Pause Full (Allocation Failure)
[2026-06-17T10:05:37.209+0800][18.001s][info][gc,phases,start] GC(712) Marking Phase
[2026-06-17T10:05:37.210+0800][18.003s][info][gc,phases      ] GC(712) Marking Phase 1.457ms
[2026-06-17T10:05:37.210+0800][18.003s][info][gc,phases,start] GC(712) Summary Phase
[2026-06-17T10:05:37.211+0800][18.004s][info][gc,phases      ] GC(712) Summary Phase 0.593ms
[2026-06-17T10:05:37.211+0800][18.004s][info][gc,phases,start] GC(712) Forward
[2026-06-17T10:05:37.212+0800][18.004s][info][gc,phases      ] GC(712) Forward 0.348ms
[2026-06-17T10:05:37.212+0800][18.005s][info][gc,phases,start] GC(712) Adjust Pointers
[2026-06-17T10:05:37.213+0800][18.005s][info][gc,phases      ] GC(712) Adjust Pointers 0.711ms
[2026-06-17T10:05:37.213+0800][18.006s][info][gc,phases,start] GC(712) Compaction Phase
[2026-06-17T10:05:37.215+0800][18.007s][info][gc,phases      ] GC(712) Compaction Phase 1.782ms
[2026-06-17T10:05:37.215+0800][18.008s][info][gc,phases,start] GC(712) Post Compact
[2026-06-17T10:05:37.215+0800][18.008s][info][gc,phases      ] GC(712) Post Compact 0.246ms
[2026-06-17T10:05:37.215+0800][18.008s][info][gc,heap        ] GC(712) PSYoungGen: 11218K(14336K)->0K(14336K) Eden: 7142K(7168K)->0K(7168K) From: 4075K(7168K)->0K(7168K)
[2026-06-17T10:05:37.216+0800][18.008s][info][gc,heap        ] GC(712) ParOldGen: 41620K(44032K)->32664K(44032K)
[2026-06-17T10:05:37.216+0800][18.009s][info][gc,metaspace   ] GC(712) Metaspace: 116K(320K)->116K(320K) NonClass: 109K(192K)->109K(192K) Class: 7K(128K)->7K(128K)
[2026-06-17T10:05:37.216+0800][18.009s][info][gc             ] GC(712) Pause Full (Allocation Failure) 51M->31M(57M) 7.975ms
[2026-06-17T10:05:37.216+0800][18.009s][info][gc,cpu         ] GC(712) User=0.00s Sys=0.00s Real=0.01s
[2026-06-17T10:05:37.227+0800][18.020s][info][gc,start       ] GC(713) Pause Young (Allocation Failure)
[2026-06-17T10:05:37.228+0800][18.021s][info][gc,heap        ] GC(713) PSYoungGen: 7164K(14336K)->7142K(14336K) Eden: 7164K(7168K)->0K(7168K) From: 0K(7168K)->7142K(7168K)
[2026-06-17T10:05:37.229+0800][18.021s][info][gc,heap        ] GC(713) ParOldGen: 32664K(44032K)->32778K(44032K)
[2026-06-17T10:05:37.229+0800][18.022s][info][gc,metaspace   ] GC(713) Metaspace: 116K(320K)->116K(320K) NonClass: 109K(192K)->109K(192K) Class: 7K(128K)->7K(128K)
[2026-06-17T10:05:37.229+0800][18.022s][info][gc             ] GC(713) Pause Young (Allocation Failure) 38M->38M(57M) 1.873ms
[2026-06-17T10:05:37.229+0800][18.022s][info][gc,cpu         ] GC(713) User=0.00s Sys=0.00s Real=0.00s
[2026-06-17T10:05:37.250+0800][18.043s][info][gc,start       ] GC(714) Pause Young (Allocation Failure)
[2026-06-17T10:05:37.252+0800][18.044s][info][gc,heap        ] GC(714) PSYoungGen: 14291K(14336K)->7166K(14336K) Eden: 7148K(7168K)->0K(7168K) From: 7142K(7168K)->7166K(7168K)
[2026-06-17T10:05:37.252+0800][18.045s][info][gc,heap        ] GC(714) ParOldGen: 32778K(44032K)->32946K(44032K)
[2026-06-17T10:05:37.252+0800][18.045s][info][gc,metaspace   ] GC(714) Metaspace: 116K(320K)->116K(320K) NonClass: 109K(192K)->109K(192K) Class: 7K(128K)->7K(128K)
[2026-06-17T10:05:37.252+0800][18.045s][info][gc             ] GC(714) Pause Young (Allocation Failure) 45M->39M(57M) 1.951ms
[2026-06-17T10:05:37.253+0800][18.046s][info][gc,cpu         ] GC(714) User=0.01s Sys=0.00s Real=0.01s
[2026-06-17T10:05:37.274+0800][18.067s][info][gc,start       ] GC(715) Pause Young (Allocation Failure)
[2026-06-17T10:05:37.276+0800][18.068s][info][gc,heap        ] GC(715) PSYoungGen: 14296K(14336K)->2474K(14336K) Eden: 7130K(7168K)->0K(7168K) From: 7166K(7168K)->2474K(7168K)
[2026-06-17T10:05:37.278+0800][18.071s][info][gc,heap        ] GC(715) ParOldGen: 32946K(44032K)->38300K(44032K)
[2026-06-17T10:05:37.279+0800][18.071s][info][gc,metaspace   ] GC(715) Metaspace: 116K(320K)->116K(320K) NonClass: 109K(192K)->109K(192K) Class: 7K(128K)->7K(128K)
[2026-06-17T10:05:37.279+0800][18.072s][info][gc             ] GC(715) Pause Young (Allocation Failure) 46M->39M(57M) 5.108ms
[2026-06-17T10:05:37.279+0800][18.072s][info][gc,cpu         ] GC(715) User=0.00s Sys=0.00s Real=0.00s
[2026-06-17T10:05:37.290+0800][18.083s][info][gc,start       ] GC(716) Pause Young (Allocation Failure)
[2026-06-17T10:05:37.291+0800][18.084s][info][gc,heap        ] GC(716) PSYoungGen: 9551K(14336K)->2815K(14336K) Eden: 7076K(7168K)->0K(7168K) From: 2474K(7168K)->2815K(7168K)
[2026-06-17T10:05:37.292+0800][18.084s][info][gc,heap        ] GC(716) ParOldGen: 38300K(44032K)->38300K(44032K)
[2026-06-17T10:05:37.292+0800][18.085s][info][gc,metaspace   ] GC(716) Metaspace: 116K(320K)->116K(320K) NonClass: 109K(192K)->109K(192K) Class: 7K(128K)->7K(128K)
[2026-06-17T10:05:37.292+0800][18.085s][info][gc             ] GC(716) Pause Young (Allocation Failure) 46M->40M(57M) 1.647ms
[2026-06-17T10:05:37.292+0800][18.085s][info][gc,cpu         ] GC(716) User=0.00s Sys=0.00s Real=0.01s
[2026-06-17T10:05:37.314+0800][18.107s][info][gc,start       ] GC(717) Pause Young (Allocation Failure)
[2026-06-17T10:05:37.316+0800][18.108s][info][gc,heap        ] GC(717) PSYoungGen: 9967K(14336K)->3595K(14336K) Eden: 7152K(7168K)->0K(7168K) From: 2815K(7168K)->3595K(7168K)
[2026-06-17T10:05:37.316+0800][18.109s][info][gc,heap        ] GC(717) ParOldGen: 38300K(44032K)->41068K(44032K)
[2026-06-17T10:05:37.317+0800][18.109s][info][gc,metaspace   ] GC(717) Metaspace: 116K(320K)->116K(320K) NonClass: 109K(192K)->109K(192K) Class: 7K(128K)->7K(128K)
[2026-06-17T10:05:37.317+0800][18.110s][info][gc             ] GC(717) Pause Young (Allocation Failure) 47M->43M(57M) 3.103ms
[2026-06-17T10:05:37.317+0800][18.110s][info][gc,cpu         ] GC(717) User=0.00s Sys=0.00s Real=0.00s
[2026-06-17T10:05:37.339+0800][18.132s][info][gc,start       ] GC(718) Pause Full (Allocation Failure)
[2026-06-17T10:05:37.339+0800][18.132s][info][gc,phases,start] GC(718) Marking Phase
[2026-06-17T10:05:37.340+0800][18.133s][info][gc,phases      ] GC(718) Marking Phase 1.012ms
[2026-06-17T10:05:37.341+0800][18.133s][info][gc,phases,start] GC(718) Summary Phase
[2026-06-17T10:05:37.341+0800][18.134s][info][gc,phases      ] GC(718) Summary Phase 0.170ms
[2026-06-17T10:05:37.341+0800][18.134s][info][gc,phases,start] GC(718) Forward
[2026-06-17T10:05:37.341+0800][18.134s][info][gc,phases      ] GC(718) Forward 0.308ms
[2026-06-17T10:05:37.342+0800][18.135s][info][gc,phases,start] GC(718) Adjust Pointers
[2026-06-17T10:05:37.342+0800][18.135s][info][gc,phases      ] GC(718) Adjust Pointers 0.630ms
[2026-06-17T10:05:37.343+0800][18.135s][info][gc,phases,start] GC(718) Compaction Phase
[2026-06-17T10:05:37.344+0800][18.137s][info][gc,phases      ] GC(718) Compaction Phase 1.406ms
[2026-06-17T10:05:37.344+0800][18.137s][info][gc,phases,start] GC(718) Post Compact
[2026-06-17T10:05:37.345+0800][18.137s][info][gc,phases      ] GC(718) Post Compact 0.189ms
[2026-06-17T10:05:37.345+0800][18.137s][info][gc,heap        ] GC(718) PSYoungGen: 10744K(14336K)->0K(14336K) Eden: 7148K(7168K)->0K(7168K) From: 3595K(7168K)->0K(7168K)
[2026-06-17T10:05:37.345+0800][18.138s][info][gc,heap        ] GC(718) ParOldGen: 41068K(44032K)->31945K(44032K)
[2026-06-17T10:05:37.345+0800][18.138s][info][gc,metaspace   ] GC(718) Metaspace: 116K(320K)->116K(320K) NonClass: 109K(192K)->109K(192K) Class: 7K(128K)->7K(128K)
[2026-06-17T10:05:37.345+0800][18.138s][info][gc             ] GC(718) Pause Full (Allocation Failure) 50M->31M(57M) 6.441ms
[2026-06-17T10:05:37.345+0800][18.138s][info][gc,cpu         ] GC(718) User=0.00s Sys=0.00s Real=0.01s
[2026-06-17T10:05:37.367+0800][18.160s][info][gc,start       ] GC(719) Pause Young (Allocation Failure)
[2026-06-17T10:05:37.369+0800][18.162s][info][gc,heap        ] GC(719) PSYoungGen: 7148K(14336K)->4106K(14336K) Eden: 7148K(7168K)->0K(7168K) From: 0K(7168K)->4106K(7168K)
[2026-06-17T10:05:37.370+0800][18.162s][info][gc,heap        ] GC(719) ParOldGen: 31945K(44032K)->31945K(44032K)
[2026-06-17T10:05:37.370+0800][18.163s][info][gc,metaspace   ] GC(719) Metaspace: 116K(320K)->116K(320K) NonClass: 109K(192K)->109K(192K) Class: 7K(128K)->7K(128K)
[2026-06-17T10:05:37.371+0800][18.163s][info][gc             ] GC(719) Pause Young (Allocation Failure) 38M->35M(57M) 3.874ms
[2026-06-17T10:05:37.371+0800][18.164s][info][gc,cpu         ] GC(719) User=0.00s Sys=0.00s Real=0.01s
[2026-06-17T10:05:37.382+0800][18.175s][info][gc,start       ] GC(720) Pause Young (Allocation Failure)
[2026-06-17T10:05:37.384+0800][18.177s][info][gc,heap        ] GC(720) PSYoungGen: 11272K(14336K)->5065K(14336K) Eden: 7166K(7168K)->0K(7168K) From: 4106K(7168K)->5065K(7168K)
[2026-06-17T10:05:37.384+0800][18.177s][info][gc,heap        ] GC(720) ParOldGen: 31945K(44032K)->34509K(44032K)
[2026-06-17T10:05:37.385+0800][18.178s][info][gc,metaspace   ] GC(720) Metaspace: 116K(320K)->116K(320K) NonClass: 109K(192K)->109K(192K) Class: 7K(128K)->7K(128K)
[2026-06-17T10:05:37.385+0800][18.178s][info][gc             ] GC(720) Pause Young (Allocation Failure) 42M->38M(57M) 2.752ms
[2026-06-17T10:05:37.385+0800][18.178s][info][gc,cpu         ] GC(720) User=0.00s Sys=0.00s Real=0.01s
[2026-06-17T10:05:37.407+0800][18.200s][info][gc,start       ] GC(721) Pause Young (Allocation Failure)
[2026-06-17T10:05:37.410+0800][18.203s][info][gc,heap        ] GC(721) PSYoungGen: 12217K(14336K)->2826K(14336K) Eden: 7152K(7168K)->0K(7168K) From: 5065K(7168K)->2826K(7168K)
[2026-06-17T10:05:37.411+0800][18.204s][info][gc,heap        ] GC(721) ParOldGen: 34509K(44032K)->36797K(44032K)
[2026-06-17T10:05:37.411+0800][18.204s][info][gc,metaspace   ] GC(721) Metaspace: 116K(320K)->116K(320K) NonClass: 109K(192K)->109K(192K) Class: 7K(128K)->7K(128K)
[2026-06-17T10:05:37.412+0800][18.205s][info][gc             ] GC(721) Pause Young (Allocation Failure) 45M->38M(57M) 4.760ms
[2026-06-17T10:05:37.413+0800][18.206s][info][gc,cpu         ] GC(721) User=0.00s Sys=0.00s Real=0.01s
[2026-06-17T10:05:37.435+0800][18.228s][info][gc,start       ] GC(722) Pause Young (Allocation Failure)
[2026-06-17T10:05:37.437+0800][18.229s][info][gc,heap        ] GC(722) PSYoungGen: 9982K(14336K)->3106K(14336K) Eden: 7155K(7168K)->0K(7168K) From: 2826K(7168K)->3106K(7168K)
[2026-06-17T10:05:37.437+0800][18.230s][info][gc,heap        ] GC(722) ParOldGen: 36797K(44032K)->36797K(44032K)
[2026-06-17T10:05:37.438+0800][18.231s][info][gc,metaspace   ] GC(722) Metaspace: 116K(320K)->116K(320K) NonClass: 109K(192K)->109K(192K) Class: 7K(128K)->7K(128K)
[2026-06-17T10:05:37.439+0800][18.231s][info][gc             ] GC(722) Pause Young (Allocation Failure) 45M->38M(57M) 3.421ms
[2026-06-17T10:05:37.439+0800][18.232s][info][gc,cpu         ] GC(722) User=0.01s Sys=0.00s Real=0.00s
[2026-06-17T10:05:37.450+0800][18.243s][info][gc,start       ] GC(723) Pause Young (Allocation Failure)
[2026-06-17T10:05:37.451+0800][18.244s][info][gc,heap        ] GC(723) PSYoungGen: 10216K(14336K)->1530K(14336K) Eden: 7109K(7168K)->0K(7168K) From: 3106K(7168K)->1530K(7168K)
[2026-06-17T10:05:37.452+0800][18.244s][info][gc,heap        ] GC(723) ParOldGen: 36797K(44032K)->38823K(44032K)
[2026-06-17T10:05:37.452+0800][18.245s][info][gc,metaspace   ] GC(723) Metaspace: 116K(320K)->116K(320K) NonClass: 109K(192K)->109K(192K) Class: 7K(128K)->7K(128K)
[2026-06-17T10:05:37.452+0800][18.245s][info][gc             ] GC(723) Pause Young (Allocation Failure) 45M->39M(57M) 1.946ms
[2026-06-17T10:05:37.452+0800][18.245s][info][gc,cpu         ] GC(723) User=0.00s Sys=0.00s Real=0.01s
[2026-06-17T10:05:37.474+0800][18.266s][info][gc,start       ] GC(724) Pause Young (Allocation Failure)
[2026-06-17T10:05:37.475+0800][18.268s][info][gc,heap        ] GC(724) PSYoungGen: 8649K(14336K)->3722K(14336K) Eden: 7119K(7168K)->0K(7168K) From: 1530K(7168K)->3722K(7168K)
[2026-06-17T10:05:37.475+0800][18.268s][info][gc,heap        ] GC(724) ParOldGen: 38823K(44032K)->40329K(44032K)
[2026-06-17T10:05:37.476+0800][18.268s][info][gc,metaspace   ] GC(724) Metaspace: 116K(320K)->116K(320K) NonClass: 109K(192K)->109K(192K) Class: 7K(128K)->7K(128K)
[2026-06-17T10:05:37.476+0800][18.269s][info][gc             ] GC(724) Pause Young (Allocation Failure) 46M->43M(57M) 2.217ms
[2026-06-17T10:05:37.476+0800][18.269s][info][gc,cpu         ] GC(724) User=0.00s Sys=0.00s Real=0.00s
[2026-06-17T10:05:37.498+0800][18.290s][info][gc,start       ] GC(725) Pause Full (Allocation Failure)
[2026-06-17T10:05:37.498+0800][18.291s][info][gc,phases,start] GC(725) Marking Phase
[2026-06-17T10:05:37.499+0800][18.292s][info][gc,phases      ] GC(725) Marking Phase 1.369ms
[2026-06-17T10:05:37.500+0800][18.293s][info][gc,phases,start] GC(725) Summary Phase
[2026-06-17T10:05:37.500+0800][18.293s][info][gc,phases      ] GC(725) Summary Phase 0.237ms
[2026-06-17T10:05:37.500+0800][18.293s][info][gc,phases,start] GC(725) Forward
[2026-06-17T10:05:37.501+0800][18.293s][info][gc,phases      ] GC(725) Forward 0.348ms
[2026-06-17T10:05:37.501+0800][18.294s][info][gc,phases,start] GC(725) Adjust Pointers
[2026-06-17T10:05:37.502+0800][18.295s][info][gc,phases      ] GC(725) Adjust Pointers 0.766ms
[2026-06-17T10:05:37.502+0800][18.295s][info][gc,phases,start] GC(725) Compaction Phase
[2026-06-17T10:05:37.506+0800][18.299s][info][gc,phases      ] GC(725) Compaction Phase 3.974ms
[2026-06-17T10:05:37.507+0800][18.299s][info][gc,phases,start] GC(725) Post Compact
[2026-06-17T10:05:37.507+0800][18.300s][info][gc,phases      ] GC(725) Post Compact 0.249ms
[2026-06-17T10:05:37.507+0800][18.300s][info][gc,heap        ] GC(725) PSYoungGen: 10852K(14336K)->0K(14336K) Eden: 7129K(7168K)->0K(7168K) From: 3722K(7168K)->0K(7168K)
[2026-06-17T10:05:37.507+0800][18.300s][info][gc,heap        ] GC(725) ParOldGen: 40329K(44032K)->25080K(44032K)
[2026-06-17T10:05:37.508+0800][18.300s][info][gc,metaspace   ] GC(725) Metaspace: 116K(320K)->116K(320K) NonClass: 109K(192K)->109K(192K) Class: 7K(128K)->7K(128K)
[2026-06-17T10:05:37.508+0800][18.301s][info][gc             ] GC(725) Pause Full (Allocation Failure) 49M->24M(57M) 10.117ms
[2026-06-17T10:05:37.508+0800][18.301s][info][gc,cpu         ] GC(725) User=0.01s Sys=0.00s Real=0.01s
[2026-06-17T10:05:37.529+0800][18.322s][info][gc,start       ] GC(726) Pause Young (Allocation Failure)
[2026-06-17T10:05:37.530+0800][18.323s][info][gc,heap        ] GC(726) PSYoungGen: 7162K(14336K)->3726K(14336K) Eden: 7162K(7168K)->0K(7168K) From: 0K(7168K)->3726K(7168K)
[2026-06-17T10:05:37.531+0800][18.323s][info][gc,heap        ] GC(726) ParOldGen: 25080K(44032K)->25080K(44032K)
[2026-06-17T10:05:37.531+0800][18.324s][info][gc,metaspace   ] GC(726) Metaspace: 116K(320K)->116K(320K) NonClass: 109K(192K)->109K(192K) Class: 7K(128K)->7K(128K)
[2026-06-17T10:05:37.531+0800][18.324s][info][gc             ] GC(726) Pause Young (Allocation Failure) 31M->28M(57M) 1.740ms
[2026-06-17T10:05:37.531+0800][18.324s][info][gc,cpu         ] GC(726) User=0.00s Sys=0.00s Real=0.01s
[2026-06-17T10:05:37.542+0800][18.335s][info][gc,start       ] GC(727) Pause Young (Allocation Failure)
[2026-06-17T10:05:37.543+0800][18.336s][info][gc,heap        ] GC(727) PSYoungGen: 10847K(14336K)->6979K(14336K) Eden: 7121K(7168K)->0K(7168K) From: 3726K(7168K)->6979K(7168K)
[2026-06-17T10:05:37.543+0800][18.336s][info][gc,heap        ] GC(727) ParOldGen: 25080K(44032K)->25376K(44032K)
[2026-06-17T10:05:37.544+0800][18.336s][info][gc,metaspace   ] GC(727) Metaspace: 116K(320K)->116K(320K) NonClass: 109K(192K)->109K(192K) Class: 7K(128K)->7K(128K)
[2026-06-17T10:05:37.544+0800][18.337s][info][gc             ] GC(727) Pause Young (Allocation Failure) 35M->31M(57M) 1.724ms
[2026-06-17T10:05:37.544+0800][18.337s][info][gc,cpu         ] GC(727) User=0.00s Sys=0.00s Real=0.01s
[2026-06-17T10:05:37.566+0800][18.358s][info][gc,start       ] GC(728) Pause Young (Allocation Failure)
[2026-06-17T10:05:37.568+0800][18.360s][info][gc,heap        ] GC(728) PSYoungGen: 14111K(14336K)->2292K(14336K) Eden: 7132K(7168K)->0K(7168K) From: 6979K(7168K)->2292K(7168K)
[2026-06-17T10:05:37.568+0800][18.361s][info][gc,heap        ] GC(728) ParOldGen: 25376K(44032K)->30053K(44032K)
[2026-06-17T10:05:37.569+0800][18.361s][info][gc,metaspace   ] GC(728) Metaspace: 116K(320K)->116K(320K) NonClass: 109K(192K)->109K(192K) Class: 7K(128K)->7K(128K)
[2026-06-17T10:05:37.569+0800][18.362s][info][gc             ] GC(728) Pause Young (Allocation Failure) 38M->31M(57M) 3.498ms
[2026-06-17T10:05:37.570+0800][18.362s][info][gc,cpu         ] GC(728) User=0.00s Sys=0.00s Real=0.00s
[2026-06-17T10:05:37.592+0800][18.384s][info][gc,start       ] GC(729) Pause Young (Allocation Failure)
[2026-06-17T10:05:37.593+0800][18.386s][info][gc,heap        ] GC(729) PSYoungGen: 9433K(14336K)->2617K(14336K) Eden: 7140K(7168K)->0K(7168K) From: 2292K(7168K)->2617K(7168K)
[2026-06-17T10:05:37.594+0800][18.386s][info][gc,heap        ] GC(729) ParOldGen: 30053K(44032K)->30053K(44032K)
[2026-06-17T10:05:37.594+0800][18.387s][info][gc,metaspace   ] GC(729) Metaspace: 116K(320K)->116K(320K) NonClass: 109K(192K)->109K(192K) Class: 7K(128K)->7K(128K)
[2026-06-17T10:05:37.595+0800][18.387s][info][gc             ] GC(729) Pause Young (Allocation Failure) 38M->31M(57M) 3.036ms
[2026-06-17T10:05:37.595+0800][18.388s][info][gc,cpu         ] GC(729) User=0.00s Sys=0.00s Real=0.00s
[2026-06-17T10:05:37.607+0800][18.400s][info][gc,start       ] GC(730) Pause Young (Allocation Failure)
[2026-06-17T10:05:37.608+0800][18.401s][info][gc,heap        ] GC(730) PSYoungGen: 9761K(14336K)->982K(14336K) Eden: 7143K(7168K)->0K(7168K) From: 2617K(7168K)->982K(7168K)
[2026-06-17T10:05:37.609+0800][18.402s][info][gc,heap        ] GC(730) ParOldGen: 30053K(44032K)->32136K(44032K)
[2026-06-17T10:05:37.609+0800][18.402s][info][gc,metaspace   ] GC(730) Metaspace: 116K(320K)->116K(320K) NonClass: 109K(192K)->109K(192K) Class: 7K(128K)->7K(128K)
[2026-06-17T10:05:37.610+0800][18.402s][info][gc             ] GC(730) Pause Young (Allocation Failure) 38M->32M(57M) 2.975ms
[2026-06-17T10:05:37.610+0800][18.403s][info][gc,cpu         ] GC(730) User=0.00s Sys=0.00s Real=0.00s
[2026-06-17T10:05:37.631+0800][18.424s][info][gc,start       ] GC(731) Pause Young (Allocation Failure)
[2026-06-17T10:05:37.633+0800][18.426s][info][gc,heap        ] GC(731) PSYoungGen: 8133K(14336K)->3799K(14336K) Eden: 7151K(7168K)->0K(7168K) From: 982K(7168K)->3799K(7168K)
[2026-06-17T10:05:37.633+0800][18.426s][info][gc,heap        ] GC(731) ParOldGen: 32136K(44032K)->33094K(44032K)
[2026-06-17T10:05:37.634+0800][18.427s][info][gc,metaspace   ] GC(731) Metaspace: 116K(320K)->116K(320K) NonClass: 109K(192K)->109K(192K) Class: 7K(128K)->7K(128K)
[2026-06-17T10:05:37.636+0800][18.429s][info][gc             ] GC(731) Pause Young (Allocation Failure) 39M->36M(57M) 4.859ms
[2026-06-17T10:05:37.638+0800][18.430s][info][gc,cpu         ] GC(731) User=0.00s Sys=0.00s Real=0.00s
[2026-06-17T10:05:37.659+0800][18.452s][info][gc,start       ] GC(732) Pause Young (Allocation Failure)
[2026-06-17T10:05:37.663+0800][18.456s][info][gc,heap        ] GC(732) PSYoungGen: 10951K(14336K)->4019K(14336K) Eden: 7152K(7168K)->0K(7168K) From: 3799K(7168K)->4019K(7168K)
[2026-06-17T10:05:37.665+0800][18.457s][info][gc,heap        ] GC(732) ParOldGen: 33094K(44032K)->33094K(44032K)
[2026-06-17T10:05:37.665+0800][18.458s][info][gc,metaspace   ] GC(732) Metaspace: 116K(320K)->116K(320K) NonClass: 109K(192K)->109K(192K) Class: 7K(128K)->7K(128K)
[2026-06-17T10:05:37.666+0800][18.459s][info][gc             ] GC(732) Pause Young (Allocation Failure) 43M->36M(57M) 6.706ms
[2026-06-17T10:05:37.672+0800][18.464s][info][gc,cpu         ] GC(732) User=0.00s Sys=0.00s Real=0.02s
[2026-06-17T10:05:37.698+0800][18.491s][info][gc,start       ] GC(733) Pause Young (Allocation Failure)
[2026-06-17T10:05:37.699+0800][18.492s][info][gc,heap        ] GC(733) PSYoungGen: 11169K(14336K)->4386K(14336K) Eden: 7149K(7168K)->0K(7168K) From: 4019K(7168K)->4386K(7168K)
[2026-06-17T10:05:37.700+0800][18.492s][info][gc,heap        ] GC(733) ParOldGen: 33094K(44032K)->33094K(44032K)
[2026-06-17T10:05:37.700+0800][18.493s][info][gc,metaspace   ] GC(733) Metaspace: 116K(320K)->116K(320K) NonClass: 109K(192K)->109K(192K) Class: 7K(128K)->7K(128K)
[2026-06-17T10:05:37.701+0800][18.493s][info][gc             ] GC(733) Pause Young (Allocation Failure) 43M->36M(57M) 2.266ms
[2026-06-17T10:05:37.701+0800][18.494s][info][gc,cpu         ] GC(733) User=0.00s Sys=0.00s Real=0.00s
[2026-06-17T10:05:37.714+0800][18.506s][info][gc,start       ] GC(734) Pause Young (Allocation Failure)
[2026-06-17T10:05:37.716+0800][18.509s][info][gc,heap        ] GC(734) PSYoungGen: 11496K(14336K)->6962K(14336K) Eden: 7109K(7168K)->0K(7168K) From: 4386K(7168K)->6962K(7168K)
[2026-06-17T10:05:37.717+0800][18.510s][info][gc,heap        ] GC(734) ParOldGen: 33094K(44032K)->34405K(44032K)
[2026-06-17T10:05:37.718+0800][18.511s][info][gc,metaspace   ] GC(734) Metaspace: 116K(320K)->116K(320K) NonClass: 109K(192K)->109K(192K) Class: 7K(128K)->7K(128K)
[2026-06-17T10:05:37.720+0800][18.513s][info][gc             ] GC(734) Pause Young (Allocation Failure) 43M->40M(57M) 6.723ms
[2026-06-17T10:05:37.721+0800][18.514s][info][gc,cpu         ] GC(734) User=0.00s Sys=0.00s Real=0.00s
[2026-06-17T10:05:37.743+0800][18.536s][info][gc,start       ] GC(735) Pause Young (Allocation Failure)
[2026-06-17T10:05:37.744+0800][18.537s][info][gc,heap        ] GC(735) PSYoungGen: 14126K(14336K)->5110K(14336K) Eden: 7164K(7168K)->0K(7168K) From: 6962K(7168K)->5110K(7168K)
[2026-06-17T10:05:37.745+0800][18.538s][info][gc,heap        ] GC(735) ParOldGen: 34405K(44032K)->36202K(44032K)
[2026-06-17T10:05:37.746+0800][18.538s][info][gc,metaspace   ] GC(735) Metaspace: 116K(320K)->116K(320K) NonClass: 109K(192K)->109K(192K) Class: 7K(128K)->7K(128K)
[2026-06-17T10:05:37.746+0800][18.539s][info][gc             ] GC(735) Pause Young (Allocation Failure) 47M->40M(57M) 3.230ms
[2026-06-17T10:05:37.747+0800][18.540s][info][gc,cpu         ] GC(735) User=0.01s Sys=0.00s Real=0.00s
[2026-06-17T10:05:37.768+0800][18.561s][info][gc,start       ] GC(736) Pause Young (Allocation Failure)
[2026-06-17T10:05:37.769+0800][18.562s][info][gc,heap        ] GC(736) PSYoungGen: 12246K(14336K)->3095K(14336K) Eden: 7135K(7168K)->0K(7168K) From: 5110K(7168K)->3095K(7168K)
[2026-06-17T10:05:37.770+0800][18.562s][info][gc,heap        ] GC(736) ParOldGen: 36202K(44032K)->38991K(44032K)
[2026-06-17T10:05:37.770+0800][18.563s][info][gc,metaspace   ] GC(736) Metaspace: 116K(320K)->116K(320K) NonClass: 109K(192K)->109K(192K) Class: 7K(128K)->7K(128K)
[2026-06-17T10:05:37.770+0800][18.563s][info][gc             ] GC(736) Pause Young (Allocation Failure) 47M->41M(57M) 2.373ms
[2026-06-17T10:05:37.771+0800][18.563s][info][gc,cpu         ] GC(736) User=0.00s Sys=0.00s Real=0.01s
[2026-06-17T10:05:37.792+0800][18.585s][info][gc,start       ] GC(737) Pause Young (Allocation Failure)
[2026-06-17T10:05:37.793+0800][18.585s][info][gc,heap        ] GC(737) PSYoungGen: 10260K(14336K)->1933K(14336K) Eden: 7164K(7168K)->0K(7168K) From: 3095K(7168K)->1933K(7168K)
[2026-06-17T10:05:37.793+0800][18.586s][info][gc,heap        ] GC(737) ParOldGen: 38991K(44032K)->40692K(44032K)
[2026-06-17T10:05:37.794+0800][18.586s][info][gc,metaspace   ] GC(737) Metaspace: 116K(320K)->116K(320K) NonClass: 109K(192K)->109K(192K) Class: 7K(128K)->7K(128K)
[2026-06-17T10:05:37.794+0800][18.587s][info][gc             ] GC(737) Pause Young (Allocation Failure) 48M->41M(57M) 2.207ms
[2026-06-17T10:05:37.794+0800][18.587s][info][gc,cpu         ] GC(737) User=0.00s Sys=0.00s Real=0.00s
[2026-06-17T10:05:37.816+0800][18.608s][info][gc,start       ] GC(738) Pause Full (Allocation Failure)
[2026-06-17T10:05:37.816+0800][18.609s][info][gc,phases,start] GC(738) Marking Phase
[2026-06-17T10:05:37.817+0800][18.610s][info][gc,phases      ] GC(738) Marking Phase 1.223ms
[2026-06-17T10:05:37.818+0800][18.611s][info][gc,phases,start] GC(738) Summary Phase
[2026-06-17T10:05:37.818+0800][18.611s][info][gc,phases      ] GC(738) Summary Phase 0.125ms
[2026-06-17T10:05:37.818+0800][18.611s][info][gc,phases,start] GC(738) Forward
[2026-06-17T10:05:37.818+0800][18.611s][info][gc,phases      ] GC(738) Forward 0.175ms
[2026-06-17T10:05:37.818+0800][18.611s][info][gc,phases,start] GC(738) Adjust Pointers
[2026-06-17T10:05:37.819+0800][18.612s][info][gc,phases      ] GC(738) Adjust Pointers 0.601ms
[2026-06-17T10:05:37.819+0800][18.612s][info][gc,phases,start] GC(738) Compaction Phase
[2026-06-17T10:05:37.821+0800][18.614s][info][gc,phases      ] GC(738) Compaction Phase 1.510ms
[2026-06-17T10:05:37.821+0800][18.614s][info][gc,phases,start] GC(738) Post Compact
[2026-06-17T10:05:37.821+0800][18.614s][info][gc,phases      ] GC(738) Post Compact 0.195ms
[2026-06-17T10:05:37.821+0800][18.614s][info][gc,heap        ] GC(738) PSYoungGen: 9097K(14336K)->0K(14336K) Eden: 7164K(7168K)->0K(7168K) From: 1933K(7168K)->0K(7168K)
[2026-06-17T10:05:37.821+0800][18.614s][info][gc,heap        ] GC(738) ParOldGen: 40692K(44032K)->29186K(44032K)
[2026-06-17T10:05:37.821+0800][18.614s][info][gc,metaspace   ] GC(738) Metaspace: 116K(320K)->116K(320K) NonClass: 109K(192K)->109K(192K) Class: 7K(128K)->7K(128K)
[2026-06-17T10:05:37.821+0800][18.614s][info][gc             ] GC(738) Pause Full (Allocation Failure) 48M->28M(57M) 5.942ms
[2026-06-17T10:05:37.822+0800][18.614s][info][gc,cpu         ] GC(738) User=0.00s Sys=0.00s Real=0.00s
[2026-06-17T10:05:37.832+0800][18.625s][info][gc,start       ] GC(739) Pause Young (Allocation Failure)
[2026-06-17T10:05:37.833+0800][18.626s][info][gc,heap        ] GC(739) PSYoungGen: 7130K(14336K)->6991K(14336K) Eden: 7130K(7168K)->0K(7168K) From: 0K(7168K)->6991K(7168K)
[2026-06-17T10:05:37.833+0800][18.626s][info][gc,heap        ] GC(739) ParOldGen: 29186K(44032K)->29386K(44032K)
[2026-06-17T10:05:37.834+0800][18.626s][info][gc,metaspace   ] GC(739) Metaspace: 116K(320K)->116K(320K) NonClass: 109K(192K)->109K(192K) Class: 7K(128K)->7K(128K)
[2026-06-17T10:05:37.834+0800][18.626s][info][gc             ] GC(739) Pause Young (Allocation Failure) 35M->35M(57M) 1.311ms
[2026-06-17T10:05:37.834+0800][18.627s][info][gc,cpu         ] GC(739) User=0.01s Sys=0.00s Real=0.00s
[2026-06-17T10:05:37.855+0800][18.648s][info][gc,start       ] GC(740) Pause Young (Allocation Failure)
[2026-06-17T10:05:37.856+0800][18.649s][info][gc,heap        ] GC(740) PSYoungGen: 14149K(14336K)->2552K(14336K) Eden: 7157K(7168K)->0K(7168K) From: 6991K(7168K)->2552K(7168K)
[2026-06-17T10:05:37.856+0800][18.649s][info][gc,heap        ] GC(740) ParOldGen: 29386K(44032K)->33888K(44032K)
[2026-06-17T10:05:37.857+0800][18.650s][info][gc,metaspace   ] GC(740) Metaspace: 116K(320K)->116K(320K) NonClass: 109K(192K)->109K(192K) Class: 7K(128K)->7K(128K)
[2026-06-17T10:05:37.857+0800][18.650s][info][gc             ] GC(740) Pause Young (Allocation Failure) 42M->35M(57M) 2.063ms
[2026-06-17T10:05:37.857+0800][18.650s][info][gc,cpu         ] GC(740) User=0.00s Sys=0.00s Real=0.00s
[2026-06-17T10:05:37.878+0800][18.671s][info][gc,start       ] GC(741) Pause Young (Allocation Failure)
[2026-06-17T10:05:37.879+0800][18.672s][info][gc,heap        ] GC(741) PSYoungGen: 9700K(14336K)->2442K(14336K) Eden: 7147K(7168K)->0K(7168K) From: 2552K(7168K)->2442K(7168K)
[2026-06-17T10:05:37.879+0800][18.672s][info][gc,heap        ] GC(741) ParOldGen: 33888K(44032K)->33888K(44032K)
[2026-06-17T10:05:37.880+0800][18.672s][info][gc,metaspace   ] GC(741) Metaspace: 116K(320K)->116K(320K) NonClass: 109K(192K)->109K(192K) Class: 7K(128K)->7K(128K)
[2026-06-17T10:05:37.880+0800][18.673s][info][gc             ] GC(741) Pause Young (Allocation Failure) 42M->35M(57M) 2.098ms
[2026-06-17T10:05:37.887+0800][18.679s][info][gc,cpu         ] GC(741) User=0.00s Sys=0.00s Real=0.01s
[2026-06-17T10:05:37.899+0800][18.692s][info][gc,start       ] GC(742) Pause Young (Allocation Failure)
[2026-06-17T10:05:37.900+0800][18.692s][info][gc,heap        ] GC(742) PSYoungGen: 9517K(14336K)->590K(14336K) Eden: 7075K(7168K)->0K(7168K) From: 2442K(7168K)->590K(7168K)
[2026-06-17T10:05:37.911+0800][18.704s][info][gc,heap        ] GC(742) ParOldGen: 33888K(44032K)->35825K(44032K)
[2026-06-17T10:05:37.913+0800][18.706s][info][gc,metaspace   ] GC(742) Metaspace: 116K(320K)->116K(320K) NonClass: 109K(192K)->109K(192K) Class: 7K(128K)->7K(128K)
[2026-06-17T10:05:37.913+0800][18.706s][info][gc             ] GC(742) Pause Young (Allocation Failure) 42M->35M(57M) 14.650ms
[2026-06-17T10:05:37.914+0800][18.707s][info][gc,cpu         ] GC(742) User=0.00s Sys=0.00s Real=0.02s
[2026-06-17T10:05:37.935+0800][18.728s][info][gc,start       ] GC(743) Pause Young (Allocation Failure)
[2026-06-17T10:05:37.942+0800][18.735s][info][gc,heap        ] GC(743) PSYoungGen: 7744K(14336K)->4249K(14336K) Eden: 7153K(7168K)->0K(7168K) From: 590K(7168K)->4249K(7168K)
[2026-06-17T10:05:37.943+0800][18.736s][info][gc,heap        ] GC(743) ParOldGen: 35825K(44032K)->35825K(44032K)
[2026-06-17T10:05:37.944+0800][18.737s][info][gc,metaspace   ] GC(743) Metaspace: 116K(320K)->116K(320K) NonClass: 109K(192K)->109K(192K) Class: 7K(128K)->7K(128K)
[2026-06-17T10:05:37.945+0800][18.737s][info][gc             ] GC(743) Pause Young (Allocation Failure) 42M->39M(57M) 9.141ms
[2026-06-17T10:05:37.945+0800][18.738s][info][gc,cpu         ] GC(743) User=0.00s Sys=0.00s Real=0.01s
[2026-06-17T10:05:37.956+0800][18.749s][info][gc,start       ] GC(744) Pause Young (Allocation Failure)
[2026-06-17T10:05:37.958+0800][18.751s][info][gc,heap        ] GC(744) PSYoungGen: 11301K(14336K)->1417K(14336K) Eden: 7051K(7168K)->0K(7168K) From: 4249K(7168K)->1417K(7168K)
[2026-06-17T10:05:37.961+0800][18.754s][info][gc,heap        ] GC(744) ParOldGen: 35825K(44032K)->38744K(44032K)
[2026-06-17T10:05:37.962+0800][18.755s][info][gc,metaspace   ] GC(744) Metaspace: 116K(320K)->116K(320K) NonClass: 109K(192K)->109K(192K) Class: 7K(128K)->7K(128K)
[2026-06-17T10:05:37.963+0800][18.755s][info][gc             ] GC(744) Pause Young (Allocation Failure) 46M->39M(57M) 6.101ms
[2026-06-17T10:05:37.963+0800][18.756s][info][gc,cpu         ] GC(744) User=0.00s Sys=0.00s Real=0.01s
[2026-06-17T10:05:37.985+0800][18.777s][info][gc,start       ] GC(745) Pause Young (Allocation Failure)
[2026-06-17T10:05:37.986+0800][18.778s][info][gc,heap        ] GC(745) PSYoungGen: 8533K(14336K)->4939K(14336K) Eden: 7116K(7168K)->0K(7168K) From: 1417K(7168K)->4939K(7168K)
[2026-06-17T10:05:37.986+0800][18.779s][info][gc,heap        ] GC(745) ParOldGen: 38744K(44032K)->38744K(44032K)
[2026-06-17T10:05:37.986+0800][18.779s][info][gc,metaspace   ] GC(745) Metaspace: 116K(320K)->116K(320K) NonClass: 109K(192K)->109K(192K) Class: 7K(128K)->7K(128K)
[2026-06-17T10:05:37.986+0800][18.779s][info][gc             ] GC(745) Pause Young (Allocation Failure) 46M->42M(57M) 1.588ms
[2026-06-17T10:05:37.986+0800][18.779s][info][gc,cpu         ] GC(745) User=0.00s Sys=0.00s Real=0.00s
[2026-06-17T10:05:38.007+0800][18.800s][info][gc,start       ] GC(746) Pause Young (Allocation Failure)
[2026-06-17T10:05:38.008+0800][18.801s][info][gc,heap        ] GC(746) PSYoungGen: 12106K(14336K)->3524K(14336K) Eden: 7167K(7168K)->0K(7168K) From: 4939K(7168K)->3524K(7168K)
[2026-06-17T10:05:38.009+0800][18.802s][info][gc,heap        ] GC(746) ParOldGen: 38744K(44032K)->40470K(44032K)
[2026-06-17T10:05:38.009+0800][18.802s][info][gc,metaspace   ] GC(746) Metaspace: 116K(320K)->116K(320K) NonClass: 109K(192K)->109K(192K) Class: 7K(128K)->7K(128K)
[2026-06-17T10:05:38.009+0800][18.802s][info][gc             ] GC(746) Pause Young (Allocation Failure) 49M->42M(57M) 1.793ms
[2026-06-17T10:05:38.009+0800][18.802s][info][gc,cpu         ] GC(746) User=0.01s Sys=0.00s Real=0.00s
[2026-06-17T10:05:38.031+0800][18.823s][info][gc,start       ] GC(747) Pause Full (Allocation Failure)
[2026-06-17T10:05:38.031+0800][18.824s][info][gc,phases,start] GC(747) Marking Phase
[2026-06-17T10:05:38.032+0800][18.825s][info][gc,phases      ] GC(747) Marking Phase 1.250ms
[2026-06-17T10:05:38.033+0800][18.826s][info][gc,phases,start] GC(747) Summary Phase
[2026-06-17T10:05:38.033+0800][18.826s][info][gc,phases      ] GC(747) Summary Phase 0.278ms
[2026-06-17T10:05:38.033+0800][18.826s][info][gc,phases,start] GC(747) Forward
[2026-06-17T10:05:38.034+0800][18.826s][info][gc,phases      ] GC(747) Forward 0.436ms
[2026-06-17T10:05:38.034+0800][18.827s][info][gc,phases,start] GC(747) Adjust Pointers
[2026-06-17T10:05:38.035+0800][18.828s][info][gc,phases      ] GC(747) Adjust Pointers 0.812ms
[2026-06-17T10:05:38.035+0800][18.828s][info][gc,phases,start] GC(747) Compaction Phase
[2026-06-17T10:05:38.037+0800][18.830s][info][gc,phases      ] GC(747) Compaction Phase 1.618ms
[2026-06-17T10:05:38.037+0800][18.830s][info][gc,phases,start] GC(747) Post Compact
[2026-06-17T10:05:38.038+0800][18.830s][info][gc,phases      ] GC(747) Post Compact 0.184ms
[2026-06-17T10:05:38.038+0800][18.831s][info][gc,heap        ] GC(747) PSYoungGen: 10676K(14336K)->0K(14336K) Eden: 7152K(7168K)->0K(7168K) From: 3524K(7168K)->0K(7168K)
[2026-06-17T10:05:38.038+0800][18.831s][info][gc,heap        ] GC(747) ParOldGen: 40470K(44032K)->31423K(44032K)
[2026-06-17T10:05:38.038+0800][18.831s][info][gc,metaspace   ] GC(747) Metaspace: 116K(320K)->116K(320K) NonClass: 109K(192K)->109K(192K) Class: 7K(128K)->7K(128K)
[2026-06-17T10:05:38.039+0800][18.831s][info][gc             ] GC(747) Pause Full (Allocation Failure) 49M->30M(57M) 7.920ms
[2026-06-17T10:05:38.039+0800][18.832s][info][gc,cpu         ] GC(747) User=0.00s Sys=0.00s Real=0.00s
[2026-06-17T10:05:38.060+0800][18.853s][info][gc,start       ] GC(748) Pause Young (Allocation Failure)
[2026-06-17T10:05:38.061+0800][18.854s][info][gc,heap        ] GC(748) PSYoungGen: 7145K(14336K)->3804K(14336K) Eden: 7145K(7168K)->0K(7168K) From: 0K(7168K)->3804K(7168K)
[2026-06-17T10:05:38.061+0800][18.854s][info][gc,heap        ] GC(748) ParOldGen: 31423K(44032K)->31423K(44032K)
[2026-06-17T10:05:38.061+0800][18.854s][info][gc,metaspace   ] GC(748) Metaspace: 116K(320K)->116K(320K) NonClass: 109K(192K)->109K(192K) Class: 7K(128K)->7K(128K)
[2026-06-17T10:05:38.061+0800][18.854s][info][gc             ] GC(748) Pause Young (Allocation Failure) 37M->34M(57M) 1.446ms
[2026-06-17T10:05:38.062+0800][18.854s][info][gc,cpu         ] GC(748) User=0.00s Sys=0.00s Real=0.00s
[2026-06-17T10:05:38.072+0800][18.865s][info][gc,start       ] GC(749) Pause Young (Allocation Failure)
[2026-06-17T10:05:38.073+0800][18.866s][info][gc,heap        ] GC(749) PSYoungGen: 10719K(14336K)->973K(14336K) Eden: 6914K(7168K)->0K(7168K) From: 3804K(7168K)->973K(7168K)
[2026-06-17T10:05:38.073+0800][18.866s][info][gc,heap        ] GC(749) ParOldGen: 31423K(44032K)->34102K(44032K)
[2026-06-17T10:05:38.073+0800][18.866s][info][gc,metaspace   ] GC(749) Metaspace: 116K(320K)->116K(320K) NonClass: 109K(192K)->109K(192K) Class: 7K(128K)->7K(128K)
[2026-06-17T10:05:38.073+0800][18.866s][info][gc             ] GC(749) Pause Young (Allocation Failure) 41M->34M(57M) 1.181ms
[2026-06-17T10:05:38.074+0800][18.866s][info][gc,cpu         ] GC(749) User=0.00s Sys=0.00s Real=0.00s
[2026-06-17T10:05:38.095+0800][18.887s][info][gc,start       ] GC(750) Pause Young (Allocation Failure)
[2026-06-17T10:05:38.095+0800][18.888s][info][gc,heap        ] GC(750) PSYoungGen: 8115K(14336K)->4718K(14336K) Eden: 7142K(7168K)->0K(7168K) From: 973K(7168K)->4718K(7168K)
[2026-06-17T10:05:38.096+0800][18.889s][info][gc,heap        ] GC(750) ParOldGen: 34102K(44032K)->34102K(44032K)
[2026-06-17T10:05:38.096+0800][18.889s][info][gc,metaspace   ] GC(750) Metaspace: 116K(320K)->116K(320K) NonClass: 109K(192K)->109K(192K) Class: 7K(128K)->7K(128K)
[2026-06-17T10:05:38.096+0800][18.889s][info][gc             ] GC(750) Pause Young (Allocation Failure) 41M->37M(57M) 1.669ms
[2026-06-17T10:05:38.097+0800][18.889s][info][gc,cpu         ] GC(750) User=0.00s Sys=0.00s Real=0.00s
[2026-06-17T10:05:38.117+0800][18.910s][info][gc,start       ] GC(751) Pause Young (Allocation Failure)
[2026-06-17T10:05:38.118+0800][18.911s][info][gc,heap        ] GC(751) PSYoungGen: 11873K(14336K)->2795K(14336K) Eden: 7155K(7168K)->0K(7168K) From: 4718K(7168K)->2795K(7168K)
[2026-06-17T10:05:38.118+0800][18.911s][info][gc,heap        ] GC(751) ParOldGen: 34102K(44032K)->36336K(44032K)
[2026-06-17T10:05:38.119+0800][18.912s][info][gc,metaspace   ] GC(751) Metaspace: 116K(320K)->116K(320K) NonClass: 109K(192K)->109K(192K) Class: 7K(128K)->7K(128K)
[2026-06-17T10:05:38.119+0800][18.912s][info][gc             ] GC(751) Pause Young (Allocation Failure) 44M->38M(57M) 1.872ms
[2026-06-17T10:05:38.119+0800][18.912s][info][gc,cpu         ] GC(751) User=0.00s Sys=0.00s Real=0.00s
[2026-06-17T10:05:38.140+0800][18.933s][info][gc,start       ] GC(752) Pause Young (Allocation Failure)
[2026-06-17T10:05:38.142+0800][18.935s][info][gc,heap        ] GC(752) PSYoungGen: 9937K(14336K)->2638K(14336K) Eden: 7142K(7168K)->0K(7168K) From: 2795K(7168K)->2638K(7168K)
[2026-06-17T10:05:38.143+0800][18.935s][info][gc,heap        ] GC(752) ParOldGen: 36336K(44032K)->36336K(44032K)
[2026-06-17T10:05:38.143+0800][18.936s][info][gc,metaspace   ] GC(752) Metaspace: 116K(320K)->116K(320K) NonClass: 109K(192K)->109K(192K) Class: 7K(128K)->7K(128K)
[2026-06-17T10:05:38.144+0800][18.936s][info][gc             ] GC(752) Pause Young (Allocation Failure) 45M->38M(57M) 3.135ms
[2026-06-17T10:05:38.144+0800][18.937s][info][gc,cpu         ] GC(752) User=0.00s Sys=0.00s Real=0.01s
[2026-06-17T10:05:38.156+0800][18.949s][info][gc,start       ] GC(753) Pause Young (Allocation Failure)
[2026-06-17T10:05:38.158+0800][18.951s][info][gc,heap        ] GC(753) PSYoungGen: 9782K(14336K)->6410K(14336K) Eden: 7144K(7168K)->0K(7168K) From: 2638K(7168K)->6410K(7168K)
[2026-06-17T10:05:38.159+0800][18.952s][info][gc,heap        ] GC(753) ParOldGen: 36336K(44032K)->36336K(44032K)
[2026-06-17T10:05:38.160+0800][18.952s][info][gc,metaspace   ] GC(753) Metaspace: 116K(320K)->116K(320K) NonClass: 109K(192K)->109K(192K) Class: 7K(128K)->7K(128K)
[2026-06-17T10:05:38.160+0800][18.953s][info][gc             ] GC(753) Pause Young (Allocation Failure) 45M->41M(57M) 4.320ms
[2026-06-17T10:05:38.161+0800][18.954s][info][gc,cpu         ] GC(753) User=0.00s Sys=0.00s Real=0.00s
[2026-06-17T10:05:38.183+0800][18.976s][info][gc,start       ] GC(754) Pause Young (Allocation Failure)
[2026-06-17T10:05:38.190+0800][18.983s][info][gc,heap        ] GC(754) PSYoungGen: 13537K(14336K)->5068K(14336K) Eden: 7126K(7168K)->0K(7168K) From: 6410K(7168K)->5068K(7168K)
[2026-06-17T10:05:38.191+0800][18.984s][info][gc,heap        ] GC(754) ParOldGen: 36336K(44032K)->38039K(44032K)
[2026-06-17T10:05:38.192+0800][18.985s][info][gc,metaspace   ] GC(754) Metaspace: 116K(320K)->116K(320K) NonClass: 109K(192K)->109K(192K) Class: 7K(128K)->7K(128K)
[2026-06-17T10:05:38.192+0800][18.985s][info][gc             ] GC(754) Pause Young (Allocation Failure) 48M->42M(57M) 8.973ms
[2026-06-17T10:05:38.193+0800][18.986s][info][gc,cpu         ] GC(754) User=0.00s Sys=0.00s Real=0.01s
[2026-06-17T10:05:38.215+0800][19.008s][info][gc,start       ] GC(755) Pause Young (Allocation Failure)
[2026-06-17T10:05:38.218+0800][19.010s][info][gc,heap        ] GC(755) PSYoungGen: 12223K(14336K)->2015K(14336K) Eden: 7155K(7168K)->0K(7168K) From: 5068K(7168K)->2015K(7168K)
[2026-06-17T10:05:38.218+0800][19.011s][info][gc,heap        ] GC(755) ParOldGen: 38039K(44032K)->41322K(44032K)
[2026-06-17T10:05:38.219+0800][19.012s][info][gc,metaspace   ] GC(755) Metaspace: 116K(320K)->116K(320K) NonClass: 109K(192K)->109K(192K) Class: 7K(128K)->7K(128K)
[2026-06-17T10:05:38.220+0800][19.012s][info][gc             ] GC(755) Pause Young (Allocation Failure) 49M->42M(57M) 4.201ms
[2026-06-17T10:05:38.220+0800][19.013s][info][gc,cpu         ] GC(755) User=0.00s Sys=0.00s Real=0.00s
[2026-06-17T10:05:38.232+0800][19.025s][info][gc,start       ] GC(756) Pause Full (Allocation Failure)
[2026-06-17T10:05:38.233+0800][19.026s][info][gc,phases,start] GC(756) Marking Phase
[2026-06-17T10:05:38.236+0800][19.028s][info][gc,phases      ] GC(756) Marking Phase 2.668ms
[2026-06-17T10:05:38.236+0800][19.029s][info][gc,phases,start] GC(756) Summary Phase
[2026-06-17T10:05:38.237+0800][19.030s][info][gc,phases      ] GC(756) Summary Phase 0.583ms
[2026-06-17T10:05:38.237+0800][19.030s][info][gc,phases,start] GC(756) Forward
[2026-06-17T10:05:38.238+0800][19.031s][info][gc,phases      ] GC(756) Forward 0.822ms
[2026-06-17T10:05:38.239+0800][19.032s][info][gc,phases,start] GC(756) Adjust Pointers
[2026-06-17T10:05:38.241+0800][19.033s][info][gc,phases      ] GC(756) Adjust Pointers 1.577ms
[2026-06-17T10:05:38.241+0800][19.034s][info][gc,phases,start] GC(756) Compaction Phase
[2026-06-17T10:05:38.244+0800][19.037s][info][gc,phases      ] GC(756) Compaction Phase 2.837ms
[2026-06-17T10:05:38.244+0800][19.037s][info][gc,phases,start] GC(756) Post Compact
[2026-06-17T10:05:38.245+0800][19.038s][info][gc,phases      ] GC(756) Post Compact 0.512ms
[2026-06-17T10:05:38.245+0800][19.038s][info][gc,heap        ] GC(756) PSYoungGen: 9012K(14336K)->0K(14336K) Eden: 6997K(7168K)->0K(7168K) From: 2015K(7168K)->0K(7168K)
[2026-06-17T10:05:38.246+0800][19.039s][info][gc,heap        ] GC(756) ParOldGen: 41322K(44032K)->30497K(44032K)
[2026-06-17T10:05:38.246+0800][19.039s][info][gc,metaspace   ] GC(756) Metaspace: 116K(320K)->116K(320K) NonClass: 109K(192K)->109K(192K) Class: 7K(128K)->7K(128K)
[2026-06-17T10:05:38.247+0800][19.039s][info][gc             ] GC(756) Pause Full (Allocation Failure) 49M->29M(57M) 14.370ms
[2026-06-17T10:05:38.247+0800][19.040s][info][gc,cpu         ] GC(756) User=0.01s Sys=0.00s Real=0.01s
[2026-06-17T10:05:38.269+0800][19.062s][info][gc,start       ] GC(757) Pause Young (Allocation Failure)
[2026-06-17T10:05:38.271+0800][19.064s][info][gc,heap        ] GC(757) PSYoungGen: 7168K(14336K)->3530K(14336K) Eden: 7168K(7168K)->0K(7168K) From: 0K(7168K)->3530K(7168K)
[2026-06-17T10:05:38.272+0800][19.065s][info][gc,heap        ] GC(757) ParOldGen: 30497K(44032K)->30497K(44032K)
[2026-06-17T10:05:38.273+0800][19.065s][info][gc,metaspace   ] GC(757) Metaspace: 116K(320K)->116K(320K) NonClass: 109K(192K)->109K(192K) Class: 7K(128K)->7K(128K)
[2026-06-17T10:05:38.273+0800][19.066s][info][gc             ] GC(757) Pause Young (Allocation Failure) 36M->33M(57M) 4.244ms
[2026-06-17T10:05:38.274+0800][19.067s][info][gc,cpu         ] GC(757) User=0.00s Sys=0.00s Real=0.01s
[2026-06-17T10:05:38.296+0800][19.089s][info][gc,start       ] GC(758) Pause Young (Allocation Failure)
[2026-06-17T10:05:38.299+0800][19.092s][info][gc,heap        ] GC(758) PSYoungGen: 10652K(14336K)->3900K(14336K) Eden: 7121K(7168K)->0K(7168K) From: 3530K(7168K)->3900K(7168K)
[2026-06-17T10:05:38.300+0800][19.093s][info][gc,heap        ] GC(758) ParOldGen: 30497K(44032K)->30497K(44032K)
[2026-06-17T10:05:38.303+0800][19.095s][info][gc,metaspace   ] GC(758) Metaspace: 116K(320K)->116K(320K) NonClass: 109K(192K)->109K(192K) Class: 7K(128K)->7K(128K)
[2026-06-17T10:05:38.306+0800][19.099s][info][gc             ] GC(758) Pause Young (Allocation Failure) 40M->33M(57M) 9.566ms
[2026-06-17T10:05:38.307+0800][19.100s][info][gc,cpu         ] GC(758) User=0.01s Sys=0.00s Real=0.01s
[2026-06-17T10:05:38.331+0800][19.123s][info][gc,start       ] GC(759) Pause Young (Allocation Failure)
[2026-06-17T10:05:38.332+0800][19.125s][info][gc,heap        ] GC(759) PSYoungGen: 11055K(14336K)->2580K(14336K) Eden: 7154K(7168K)->0K(7168K) From: 3900K(7168K)->2580K(7168K)
[2026-06-17T10:05:38.332+0800][19.125s][info][gc,heap        ] GC(759) ParOldGen: 30497K(44032K)->32151K(44032K)
[2026-06-17T10:05:38.333+0800][19.125s][info][gc,metaspace   ] GC(759) Metaspace: 116K(320K)->116K(320K) NonClass: 109K(192K)->109K(192K) Class: 7K(128K)->7K(128K)
[2026-06-17T10:05:38.333+0800][19.126s][info][gc             ] GC(759) Pause Young (Allocation Failure) 40M->33M(57M) 2.315ms
[2026-06-17T10:05:38.333+0800][19.126s][info][gc,cpu         ] GC(759) User=0.00s Sys=0.00s Real=0.00s
[2026-06-17T10:05:38.344+0800][19.137s][info][gc,start       ] GC(760) Pause Young (Allocation Failure)
[2026-06-17T10:05:38.345+0800][19.138s][info][gc,heap        ] GC(760) PSYoungGen: 9718K(14336K)->6302K(14336K) Eden: 7137K(7168K)->0K(7168K) From: 2580K(7168K)->6302K(7168K)
[2026-06-17T10:05:38.346+0800][19.138s][info][gc,heap        ] GC(760) ParOldGen: 32151K(44032K)->32151K(44032K)
[2026-06-17T10:05:38.346+0800][19.139s][info][gc,metaspace   ] GC(760) Metaspace: 116K(320K)->116K(320K) NonClass: 109K(192K)->109K(192K) Class: 7K(128K)->7K(128K)
[2026-06-17T10:05:38.346+0800][19.139s][info][gc             ] GC(760) Pause Young (Allocation Failure) 40M->37M(57M) 2.083ms
[2026-06-17T10:05:38.347+0800][19.139s][info][gc,cpu         ] GC(760) User=0.00s Sys=0.01s Real=0.00s
[2026-06-17T10:05:38.368+0800][19.161s][info][gc,start       ] GC(761) Pause Young (Allocation Failure)
[2026-06-17T10:05:38.370+0800][19.163s][info][gc,heap        ] GC(761) PSYoungGen: 13452K(14336K)->4557K(14336K) Eden: 7150K(7168K)->0K(7168K) From: 6302K(7168K)->4557K(7168K)
[2026-06-17T10:05:38.371+0800][19.164s][info][gc,heap        ] GC(761) ParOldGen: 32151K(44032K)->33845K(44032K)
[2026-06-17T10:05:38.371+0800][19.164s][info][gc,metaspace   ] GC(761) Metaspace: 116K(320K)->116K(320K) NonClass: 109K(192K)->109K(192K) Class: 7K(128K)->7K(128K)
[2026-06-17T10:05:38.372+0800][19.165s][info][gc             ] GC(761) Pause Young (Allocation Failure) 44M->37M(57M) 3.405ms
[2026-06-17T10:05:38.372+0800][19.165s][info][gc,cpu         ] GC(761) User=0.00s Sys=0.00s Real=0.01s
[2026-06-17T10:05:38.395+0800][19.187s][info][gc,start       ] GC(762) Pause Young (Allocation Failure)
[2026-06-17T10:05:38.397+0800][19.190s][info][gc,heap        ] GC(762) PSYoungGen: 11688K(14336K)->2660K(14336K) Eden: 7131K(7168K)->0K(7168K) From: 4557K(7168K)->2660K(7168K)
[2026-06-17T10:05:38.398+0800][19.191s][info][gc,heap        ] GC(762) ParOldGen: 33845K(44032K)->35667K(44032K)
[2026-06-17T10:05:38.399+0800][19.191s][info][gc,metaspace   ] GC(762) Metaspace: 116K(320K)->116K(320K) NonClass: 109K(192K)->109K(192K) Class: 7K(128K)->7K(128K)
[2026-06-17T10:05:38.400+0800][19.193s][info][gc             ] GC(762) Pause Young (Allocation Failure) 44M->37M(57M) 5.323ms
[2026-06-17T10:05:38.400+0800][19.193s][info][gc,cpu         ] GC(762) User=0.01s Sys=0.00s Real=0.00s
[2026-06-17T10:05:38.413+0800][19.205s][info][gc,start       ] GC(763) Pause Young (Allocation Failure)
[2026-06-17T10:05:38.415+0800][19.208s][info][gc,heap        ] GC(763) PSYoungGen: 9810K(14336K)->1263K(14336K) Eden: 7149K(7168K)->0K(7168K) From: 2660K(7168K)->1263K(7168K)
[2026-06-17T10:05:38.416+0800][19.209s][info][gc,heap        ] GC(763) ParOldGen: 35667K(44032K)->37433K(44032K)
[2026-06-17T10:05:38.417+0800][19.210s][info][gc,metaspace   ] GC(763) Metaspace: 116K(320K)->116K(320K) NonClass: 109K(192K)->109K(192K) Class: 7K(128K)->7K(128K)
[2026-06-17T10:05:38.417+0800][19.210s][info][gc             ] GC(763) Pause Young (Allocation Failure) 44M->37M(57M) 4.709ms
[2026-06-17T10:05:38.418+0800][19.211s][info][gc,cpu         ] GC(763) User=0.00s Sys=0.00s Real=0.00s
[2026-06-17T10:05:38.441+0800][19.234s][info][gc,start       ] GC(764) Pause Young (Allocation Failure)
[2026-06-17T10:05:38.444+0800][19.237s][info][gc,heap        ] GC(764) PSYoungGen: 8428K(14336K)->3905K(14336K) Eden: 7165K(7168K)->0K(7168K) From: 1263K(7168K)->3905K(7168K)
[2026-06-17T10:05:38.445+0800][19.238s][info][gc,heap        ] GC(764) ParOldGen: 37433K(44032K)->38672K(44032K)
[2026-06-17T10:05:38.447+0800][19.239s][info][gc,metaspace   ] GC(764) Metaspace: 116K(320K)->116K(320K) NonClass: 109K(192K)->109K(192K) Class: 7K(128K)->7K(128K)
[2026-06-17T10:05:38.447+0800][19.240s][info][gc             ] GC(764) Pause Young (Allocation Failure) 44M->41M(57M) 6.285ms
[2026-06-17T10:05:38.448+0800][19.241s][info][gc,cpu         ] GC(764) User=0.00s Sys=0.00s Real=0.01s
[2026-06-17T10:05:38.470+0800][19.263s][info][gc,start       ] GC(765) Pause Young (Allocation Failure)
[2026-06-17T10:05:38.473+0800][19.265s][info][gc,heap        ] GC(765) PSYoungGen: 11060K(14336K)->2042K(14336K) Eden: 7154K(7168K)->0K(7168K) From: 3905K(7168K)->2042K(7168K)
[2026-06-17T10:05:38.474+0800][19.267s][info][gc,heap        ] GC(765) ParOldGen: 38672K(44032K)->40638K(44032K)
[2026-06-17T10:05:38.477+0800][19.269s][info][gc,metaspace   ] GC(765) Metaspace: 116K(320K)->116K(320K) NonClass: 109K(192K)->109K(192K) Class: 7K(128K)->7K(128K)
[2026-06-17T10:05:38.478+0800][19.271s][info][gc             ] GC(765) Pause Young (Allocation Failure) 48M->41M(57M) 8.474ms
[2026-06-17T10:05:38.480+0800][19.273s][info][gc,cpu         ] GC(765) User=0.00s Sys=0.00s Real=0.01s
[2026-06-17T10:05:38.504+0800][19.296s][info][gc,start       ] GC(766) Pause Full (Allocation Failure)
[2026-06-17T10:05:38.505+0800][19.297s][info][gc,phases,start] GC(766) Marking Phase
[2026-06-17T10:05:38.508+0800][19.301s][info][gc,phases      ] GC(766) Marking Phase 3.298ms
[2026-06-17T10:05:38.509+0800][19.301s][info][gc,phases,start] GC(766) Summary Phase
[2026-06-17T10:05:38.509+0800][19.302s][info][gc,phases      ] GC(766) Summary Phase 0.569ms
[2026-06-17T10:05:38.510+0800][19.302s][info][gc,phases,start] GC(766) Forward
[2026-06-17T10:05:38.511+0800][19.303s][info][gc,phases      ] GC(766) Forward 0.932ms
[2026-06-17T10:05:38.511+0800][19.304s][info][gc,phases,start] GC(766) Adjust Pointers
[2026-06-17T10:05:38.513+0800][19.305s][info][gc,phases      ] GC(766) Adjust Pointers 1.322ms
[2026-06-17T10:05:38.513+0800][19.306s][info][gc,phases,start] GC(766) Compaction Phase
[2026-06-17T10:05:38.515+0800][19.308s][info][gc,phases      ] GC(766) Compaction Phase 2.323ms
[2026-06-17T10:05:38.516+0800][19.309s][info][gc,phases,start] GC(766) Post Compact
[2026-06-17T10:05:38.516+0800][19.309s][info][gc,phases      ] GC(766) Post Compact 0.527ms
[2026-06-17T10:05:38.517+0800][19.310s][info][gc,heap        ] GC(766) PSYoungGen: 9181K(14336K)->0K(14336K) Eden: 7139K(7168K)->0K(7168K) From: 2042K(7168K)->0K(7168K)
[2026-06-17T10:05:38.518+0800][19.311s][info][gc,heap        ] GC(766) ParOldGen: 40638K(44032K)->34009K(44032K)
[2026-06-17T10:05:38.518+0800][19.311s][info][gc,metaspace   ] GC(766) Metaspace: 116K(320K)->116K(320K) NonClass: 109K(192K)->109K(192K) Class: 7K(128K)->7K(128K)
[2026-06-17T10:05:38.519+0800][19.311s][info][gc             ] GC(766) Pause Full (Allocation Failure) 48M->33M(57M) 15.156ms
[2026-06-17T10:05:38.519+0800][19.312s][info][gc,cpu         ] GC(766) User=0.01s Sys=0.00s Real=0.01s
[2026-06-17T10:05:38.530+0800][19.323s][info][gc,start       ] GC(767) Pause Young (Allocation Failure)
[2026-06-17T10:05:38.531+0800][19.324s][info][gc,heap        ] GC(767) PSYoungGen: 7167K(14336K)->6911K(14336K) Eden: 7167K(7168K)->0K(7168K) From: 0K(7168K)->6911K(7168K)
[2026-06-17T10:05:38.531+0800][19.324s][info][gc,heap        ] GC(767) ParOldGen: 34009K(44032K)->34314K(44032K)
[2026-06-17T10:05:38.532+0800][19.324s][info][gc,metaspace   ] GC(767) Metaspace: 116K(320K)->116K(320K) NonClass: 109K(192K)->109K(192K) Class: 7K(128K)->7K(128K)
[2026-06-17T10:05:38.532+0800][19.325s][info][gc             ] GC(767) Pause Young (Allocation Failure) 40M->40M(57M) 1.919ms
[2026-06-17T10:05:38.532+0800][19.325s][info][gc,cpu         ] GC(767) User=0.00s Sys=0.00s Real=0.01s
[2026-06-17T10:05:38.554+0800][19.346s][info][gc,start       ] GC(768) Pause Young (Allocation Failure)
[2026-06-17T10:05:38.557+0800][19.349s][info][gc,heap        ] GC(768) PSYoungGen: 14058K(14336K)->1782K(14336K) Eden: 7146K(7168K)->0K(7168K) From: 6911K(7168K)->1782K(7168K)
[2026-06-17T10:05:38.557+0800][19.350s][info][gc,heap        ] GC(768) ParOldGen: 34314K(44032K)->39468K(44032K)
[2026-06-17T10:05:38.558+0800][19.351s][info][gc,metaspace   ] GC(768) Metaspace: 116K(320K)->116K(320K) NonClass: 109K(192K)->109K(192K) Class: 7K(128K)->7K(128K)
[2026-06-17T10:05:38.559+0800][19.351s][info][gc             ] GC(768) Pause Young (Allocation Failure) 47M->40M(57M) 4.903ms
[2026-06-17T10:05:38.559+0800][19.352s][info][gc,cpu         ] GC(768) User=0.00s Sys=0.00s Real=0.00s
[2026-06-17T10:05:38.571+0800][19.364s][info][gc,start       ] GC(769) Pause Full (Allocation Failure)
[2026-06-17T10:05:38.572+0800][19.365s][info][gc,phases,start] GC(769) Marking Phase
[2026-06-17T10:05:38.575+0800][19.367s][info][gc,phases      ] GC(769) Marking Phase 2.744ms
[2026-06-17T10:05:38.575+0800][19.368s][info][gc,phases,start] GC(769) Summary Phase
[2026-06-17T10:05:38.576+0800][19.368s][info][gc,phases      ] GC(769) Summary Phase 0.597ms
[2026-06-17T10:05:38.576+0800][19.369s][info][gc,phases,start] GC(769) Forward
[2026-06-17T10:05:38.577+0800][19.370s][info][gc,phases      ] GC(769) Forward 0.695ms
[2026-06-17T10:05:38.577+0800][19.370s][info][gc,phases,start] GC(769) Adjust Pointers
[2026-06-17T10:05:38.579+0800][19.372s][info][gc,phases      ] GC(769) Adjust Pointers 1.264ms
[2026-06-17T10:05:38.579+0800][19.372s][info][gc,phases,start] GC(769) Compaction Phase
[2026-06-17T10:05:38.581+0800][19.374s][info][gc,phases      ] GC(769) Compaction Phase 1.802ms
[2026-06-17T10:05:38.581+0800][19.374s][info][gc,phases,start] GC(769) Post Compact
[2026-06-17T10:05:38.581+0800][19.374s][info][gc,phases      ] GC(769) Post Compact 0.301ms
[2026-06-17T10:05:38.582+0800][19.374s][info][gc,heap        ] GC(769) PSYoungGen: 8940K(14336K)->0K(14336K) Eden: 7158K(7168K)->0K(7168K) From: 1782K(7168K)->0K(7168K)
[2026-06-17T10:05:38.582+0800][19.375s][info][gc,heap        ] GC(769) ParOldGen: 39468K(44032K)->32035K(44032K)
[2026-06-17T10:05:38.582+0800][19.375s][info][gc,metaspace   ] GC(769) Metaspace: 116K(320K)->116K(320K) NonClass: 109K(192K)->109K(192K) Class: 7K(128K)->7K(128K)
[2026-06-17T10:05:38.582+0800][19.375s][info][gc             ] GC(769) Pause Full (Allocation Failure) 47M->31M(57M) 11.024ms
[2026-06-17T10:05:38.582+0800][19.375s][info][gc,cpu         ] GC(769) User=0.00s Sys=0.00s Real=0.00s
[2026-06-17T10:05:38.604+0800][19.397s][info][gc,start       ] GC(770) Pause Young (Allocation Failure)
[2026-06-17T10:05:38.605+0800][19.398s][info][gc,heap        ] GC(770) PSYoungGen: 7164K(14336K)->312K(14336K) Eden: 7164K(7168K)->0K(7168K) From: 0K(7168K)->312K(7168K)
[2026-06-17T10:05:38.606+0800][19.399s][info][gc,heap        ] GC(770) ParOldGen: 32035K(44032K)->32035K(44032K)
[2026-06-17T10:05:38.606+0800][19.399s][info][gc,metaspace   ] GC(770) Metaspace: 116K(320K)->116K(320K) NonClass: 109K(192K)->109K(192K) Class: 7K(128K)->7K(128K)
[2026-06-17T10:05:38.607+0800][19.400s][info][gc             ] GC(770) Pause Young (Allocation Failure) 38M->31M(57M) 3.080ms
[2026-06-17T10:05:38.608+0800][19.400s][info][gc,cpu         ] GC(770) User=0.00s Sys=0.00s Real=0.00s
[2026-06-17T10:05:38.631+0800][19.424s][info][gc,start       ] GC(771) Pause Young (Allocation Failure)
[2026-06-17T10:05:38.636+0800][19.429s][info][gc,heap        ] GC(771) PSYoungGen: 7460K(14336K)->4019K(14336K) Eden: 7148K(7168K)->0K(7168K) From: 312K(7168K)->4019K(7168K)
[2026-06-17T10:05:38.638+0800][19.431s][info][gc,heap        ] GC(771) ParOldGen: 32035K(44032K)->32035K(44032K)
[2026-06-17T10:05:38.639+0800][19.432s][info][gc,metaspace   ] GC(771) Metaspace: 116K(320K)->116K(320K) NonClass: 109K(192K)->109K(192K) Class: 7K(128K)->7K(128K)
[2026-06-17T10:05:38.640+0800][19.433s][info][gc             ] GC(771) Pause Young (Allocation Failure) 38M->35M(57M) 9.031ms
[2026-06-17T10:05:38.646+0800][19.439s][info][gc,cpu         ] GC(771) User=0.00s Sys=0.00s Real=0.01s
[2026-06-17T10:05:38.676+0800][19.468s][info][gc,start       ] GC(772) Pause Young (Allocation Failure)
[2026-06-17T10:05:38.712+0800][19.505s][info][gc,heap        ] GC(772) PSYoungGen: 11100K(14336K)->1939K(14336K) Eden: 7081K(7168K)->0K(7168K) From: 4019K(7168K)->1939K(7168K)
[2026-06-17T10:05:38.725+0800][19.518s][info][gc,heap        ] GC(772) ParOldGen: 32035K(44032K)->34346K(44032K)
[2026-06-17T10:05:38.727+0800][19.520s][info][gc,metaspace   ] GC(772) Metaspace: 116K(320K)->116K(320K) NonClass: 109K(192K)->109K(192K) Class: 7K(128K)->7K(128K)
[2026-06-17T10:05:38.729+0800][19.522s][info][gc             ] GC(772) Pause Young (Allocation Failure) 42M->35M(57M) 53.711ms
[2026-06-17T10:05:38.731+0800][19.523s][info][gc,cpu         ] GC(772) User=0.00s Sys=0.00s Real=0.06s
[2026-06-17T10:05:38.755+0800][19.548s][info][gc,start       ] GC(773) Pause Young (Allocation Failure)
[2026-06-17T10:05:38.757+0800][19.550s][info][gc,heap        ] GC(773) PSYoungGen: 9072K(14336K)->5484K(14336K) Eden: 7133K(7168K)->0K(7168K) From: 1939K(7168K)->5484K(7168K)
[2026-06-17T10:05:38.767+0800][19.560s][info][gc,heap        ] GC(773) ParOldGen: 34346K(44032K)->34346K(44032K)
[2026-06-17T10:05:38.767+0800][19.560s][info][gc,metaspace   ] GC(773) Metaspace: 116K(320K)->116K(320K) NonClass: 109K(192K)->109K(192K) Class: 7K(128K)->7K(128K)
[2026-06-17T10:05:38.773+0800][19.566s][info][gc             ] GC(773) Pause Young (Allocation Failure) 42M->38M(57M) 17.984ms
[2026-06-17T10:05:38.774+0800][19.567s][info][gc,cpu         ] GC(773) User=0.00s Sys=0.00s Real=0.02s
[2026-06-17T10:05:38.789+0800][19.582s][info][gc,start       ] GC(774) Pause Young (Allocation Failure)
[2026-06-17T10:05:38.790+0800][19.583s][info][gc,heap        ] GC(774) PSYoungGen: 12575K(14336K)->1493K(14336K) Eden: 7091K(7168K)->0K(7168K) From: 5484K(7168K)->1493K(7168K)
[2026-06-17T10:05:38.790+0800][19.583s][info][gc,heap        ] GC(774) ParOldGen: 34346K(44032K)->38022K(44032K)
[2026-06-17T10:05:38.791+0800][19.583s][info][gc,metaspace   ] GC(774) Metaspace: 116K(320K)->116K(320K) NonClass: 109K(192K)->109K(192K) Class: 7K(128K)->7K(128K)
[2026-06-17T10:05:38.791+0800][19.584s][info][gc             ] GC(774) Pause Young (Allocation Failure) 45M->38M(57M) 1.826ms
[2026-06-17T10:05:38.791+0800][19.584s][info][gc,cpu         ] GC(774) User=0.00s Sys=0.00s Real=0.01s
[2026-06-17T10:05:38.823+0800][19.615s][info][gc,start       ] GC(775) Pause Young (Allocation Failure)
[2026-06-17T10:05:38.824+0800][19.616s][info][gc,heap        ] GC(775) PSYoungGen: 8650K(14336K)->1749K(14336K) Eden: 7157K(7168K)->0K(7168K) From: 1493K(7168K)->1749K(7168K)
[2026-06-17T10:05:38.824+0800][19.617s][info][gc,heap        ] GC(775) ParOldGen: 38022K(44032K)->38022K(44032K)
[2026-06-17T10:05:38.824+0800][19.617s][info][gc,metaspace   ] GC(775) Metaspace: 116K(320K)->116K(320K) NonClass: 109K(192K)->109K(192K) Class: 7K(128K)->7K(128K)
[2026-06-17T10:05:38.825+0800][19.618s][info][gc             ] GC(775) Pause Young (Allocation Failure) 45M->38M(57M) 2.250ms
[2026-06-17T10:05:38.825+0800][19.618s][info][gc,cpu         ] GC(775) User=0.00s Sys=0.00s Real=0.00s
[2026-06-17T10:05:38.836+0800][19.629s][info][gc,start       ] GC(776) Pause Young (Allocation Failure)
[2026-06-17T10:05:38.839+0800][19.632s][info][gc,heap        ] GC(776) PSYoungGen: 8887K(14336K)->3993K(14336K) Eden: 7137K(7168K)->0K(7168K) From: 1749K(7168K)->3993K(7168K)
[2026-06-17T10:05:38.840+0800][19.633s][info][gc,heap        ] GC(776) ParOldGen: 38022K(44032K)->39636K(44032K)
[2026-06-17T10:05:38.842+0800][19.635s][info][gc,metaspace   ] GC(776) Metaspace: 116K(320K)->116K(320K) NonClass: 109K(192K)->109K(192K) Class: 7K(128K)->7K(128K)
[2026-06-17T10:05:38.844+0800][19.637s][info][gc             ] GC(776) Pause Young (Allocation Failure) 45M->42M(57M) 7.689ms
[2026-06-17T10:05:38.845+0800][19.638s][info][gc,cpu         ] GC(776) User=0.00s Sys=0.00s Real=0.01s
[2026-06-17T10:05:38.868+0800][19.661s][info][gc,start       ] GC(777) Pause Full (Allocation Failure)
[2026-06-17T10:05:38.870+0800][19.662s][info][gc,phases,start] GC(777) Marking Phase
[2026-06-17T10:05:38.873+0800][19.666s][info][gc,phases      ] GC(777) Marking Phase 3.164ms
[2026-06-17T10:05:38.874+0800][19.667s][info][gc,phases,start] GC(777) Summary Phase
[2026-06-17T10:05:38.875+0800][19.668s][info][gc,phases      ] GC(777) Summary Phase 1.109ms
[2026-06-17T10:05:38.875+0800][19.668s][info][gc,phases,start] GC(777) Forward
[2026-06-17T10:05:38.877+0800][19.670s][info][gc,phases      ] GC(777) Forward 1.749ms
[2026-06-17T10:05:38.878+0800][19.671s][info][gc,phases,start] GC(777) Adjust Pointers
[2026-06-17T10:05:38.880+0800][19.673s][info][gc,phases      ] GC(777) Adjust Pointers 2.042ms
[2026-06-17T10:05:38.881+0800][19.674s][info][gc,phases,start] GC(777) Compaction Phase
[2026-06-17T10:05:38.884+0800][19.677s][info][gc,phases      ] GC(777) Compaction Phase 2.814ms
[2026-06-17T10:05:38.885+0800][19.678s][info][gc,phases,start] GC(777) Post Compact
[2026-06-17T10:05:38.885+0800][19.678s][info][gc,phases      ] GC(777) Post Compact 0.506ms
[2026-06-17T10:05:38.886+0800][19.679s][info][gc,heap        ] GC(777) PSYoungGen: 11147K(14336K)->0K(14336K) Eden: 7153K(7168K)->0K(7168K) From: 3993K(7168K)->0K(7168K)
[2026-06-17T10:05:38.886+0800][19.679s][info][gc,heap        ] GC(777) ParOldGen: 39636K(44032K)->24677K(44032K)
[2026-06-17T10:05:38.886+0800][19.679s][info][gc,metaspace   ] GC(777) Metaspace: 116K(320K)->116K(320K) NonClass: 109K(192K)->109K(192K) Class: 7K(128K)->7K(128K)
[2026-06-17T10:05:38.886+0800][19.679s][info][gc             ] GC(777) Pause Full (Allocation Failure) 49M->24M(57M) 18.196ms
[2026-06-17T10:05:38.887+0800][19.679s][info][gc,cpu         ] GC(777) User=0.01s Sys=0.00s Real=0.02s
[2026-06-17T10:05:38.908+0800][19.701s][info][gc,start       ] GC(778) Pause Young (Allocation Failure)
[2026-06-17T10:05:38.909+0800][19.702s][info][gc,heap        ] GC(778) PSYoungGen: 7166K(14336K)->4006K(14336K) Eden: 7166K(7168K)->0K(7168K) From: 0K(7168K)->4006K(7168K)
[2026-06-17T10:05:38.909+0800][19.702s][info][gc,heap        ] GC(778) ParOldGen: 24677K(44032K)->24677K(44032K)
[2026-06-17T10:05:38.909+0800][19.702s][info][gc,metaspace   ] GC(778) Metaspace: 116K(320K)->116K(320K) NonClass: 109K(192K)->109K(192K) Class: 7K(128K)->7K(128K)
[2026-06-17T10:05:38.910+0800][19.702s][info][gc             ] GC(778) Pause Young (Allocation Failure) 31M->28M(57M) 1.684ms
[2026-06-17T10:05:38.910+0800][19.703s][info][gc,cpu         ] GC(778) User=0.00s Sys=0.00s Real=0.00s
[2026-06-17T10:05:38.921+0800][19.713s][info][gc,start       ] GC(779) Pause Young (Allocation Failure)
[2026-06-17T10:05:38.921+0800][19.714s][info][gc,heap        ] GC(779) PSYoungGen: 11000K(14336K)->678K(14336K) Eden: 6993K(7168K)->0K(7168K) From: 4006K(7168K)->678K(7168K)
[2026-06-17T10:05:38.921+0800][19.714s][info][gc,heap        ] GC(779) ParOldGen: 24677K(44032K)->27993K(44032K)
[2026-06-17T10:05:38.922+0800][19.714s][info][gc,metaspace   ] GC(779) Metaspace: 116K(320K)->116K(320K) NonClass: 109K(192K)->109K(192K) Class: 7K(128K)->7K(128K)
[2026-06-17T10:05:38.922+0800][19.715s][info][gc             ] GC(779) Pause Young (Allocation Failure) 34M->27M(57M) 1.308ms
[2026-06-17T10:05:38.922+0800][19.715s][info][gc,cpu         ] GC(779) User=0.00s Sys=0.00s Real=0.00s
[2026-06-17T10:05:38.943+0800][19.736s][info][gc,start       ] GC(780) Pause Young (Allocation Failure)
[2026-06-17T10:05:38.944+0800][19.736s][info][gc,heap        ] GC(780) PSYoungGen: 7839K(14336K)->4606K(14336K) Eden: 7161K(7168K)->0K(7168K) From: 678K(7168K)->4606K(7168K)
[2026-06-17T10:05:38.944+0800][19.737s][info][gc,heap        ] GC(780) ParOldGen: 27993K(44032K)->27993K(44032K)
[2026-06-17T10:05:38.944+0800][19.737s][info][gc,metaspace   ] GC(780) Metaspace: 116K(320K)->116K(320K) NonClass: 109K(192K)->109K(192K) Class: 7K(128K)->7K(128K)
[2026-06-17T10:05:38.944+0800][19.737s][info][gc             ] GC(780) Pause Young (Allocation Failure) 34M->31M(57M) 1.359ms
[2026-06-17T10:05:38.944+0800][19.737s][info][gc,cpu         ] GC(780) User=0.00s Sys=0.00s Real=0.00s
[2026-06-17T10:05:38.965+0800][19.758s][info][gc,start       ] GC(781) Pause Young (Allocation Failure)
[2026-06-17T10:05:38.966+0800][19.758s][info][gc,heap        ] GC(781) PSYoungGen: 11762K(14336K)->2860K(14336K) Eden: 7156K(7168K)->0K(7168K) From: 4606K(7168K)->2860K(7168K)
[2026-06-17T10:05:38.966+0800][19.759s][info][gc,heap        ] GC(781) ParOldGen: 27993K(44032K)->29758K(44032K)
[2026-06-17T10:05:38.966+0800][19.759s][info][gc,metaspace   ] GC(781) Metaspace: 116K(320K)->116K(320K) NonClass: 109K(192K)->109K(192K) Class: 7K(128K)->7K(128K)
[2026-06-17T10:05:38.966+0800][19.759s][info][gc             ] GC(781) Pause Young (Allocation Failure) 38M->31M(57M) 1.374ms
[2026-06-17T10:05:38.967+0800][19.759s][info][gc,cpu         ] GC(781) User=0.00s Sys=0.00s Real=0.00s
[2026-06-17T10:05:38.988+0800][19.780s][info][gc,start       ] GC(782) Pause Young (Allocation Failure)
[2026-06-17T10:05:38.988+0800][19.781s][info][gc,heap        ] GC(782) PSYoungGen: 10027K(14336K)->2854K(14336K) Eden: 7166K(7168K)->0K(7168K) From: 2860K(7168K)->2854K(7168K)
[2026-06-17T10:05:38.989+0800][19.781s][info][gc,heap        ] GC(782) ParOldGen: 29758K(44032K)->29758K(44032K)
[2026-06-17T10:05:38.989+0800][19.782s][info][gc,metaspace   ] GC(782) Metaspace: 116K(320K)->116K(320K) NonClass: 109K(192K)->109K(192K) Class: 7K(128K)->7K(128K)
[2026-06-17T10:05:38.989+0800][19.782s][info][gc             ] GC(782) Pause Young (Allocation Failure) 38M->31M(57M) 1.395ms
[2026-06-17T10:05:38.989+0800][19.782s][info][gc,cpu         ] GC(782) User=0.00s Sys=0.00s Real=0.00s
[2026-06-17T10:05:39.000+0800][19.793s][info][gc,start       ] GC(783) Pause Young (Allocation Failure)
[2026-06-17T10:05:39.001+0800][19.793s][info][gc,heap        ] GC(783) PSYoungGen: 9967K(14336K)->6640K(14336K) Eden: 7113K(7168K)->0K(7168K) From: 2854K(7168K)->6640K(7168K)
[2026-06-17T10:05:39.001+0800][19.794s][info][gc,heap        ] GC(783) ParOldGen: 29758K(44032K)->29758K(44032K)
[2026-06-17T10:05:39.001+0800][19.794s][info][gc,metaspace   ] GC(783) Metaspace: 116K(320K)->116K(320K) NonClass: 109K(192K)->109K(192K) Class: 7K(128K)->7K(128K)
[2026-06-17T10:05:39.001+0800][19.794s][info][gc             ] GC(783) Pause Young (Allocation Failure) 38M->35M(57M) 1.386ms
[2026-06-17T10:05:39.001+0800][19.794s][info][gc,cpu         ] GC(783) User=0.00s Sys=0.00s Real=0.00s
[2026-06-17T10:05:39.022+0800][19.815s][info][gc,start       ] GC(784) Pause Young (Allocation Failure)
[2026-06-17T10:05:39.024+0800][19.816s][info][gc,heap        ] GC(784) PSYoungGen: 13808K(14336K)->5088K(14336K) Eden: 7168K(7168K)->0K(7168K) From: 6640K(7168K)->5088K(7168K)
[2026-06-17T10:05:39.024+0800][19.817s][info][gc,heap        ] GC(784) ParOldGen: 29758K(44032K)->31933K(44032K)
[2026-06-17T10:05:39.024+0800][19.817s][info][gc,metaspace   ] GC(784) Metaspace: 116K(320K)->116K(320K) NonClass: 109K(192K)->109K(192K) Class: 7K(128K)->7K(128K)
[2026-06-17T10:05:39.024+0800][19.817s][info][gc             ] GC(784) Pause Young (Allocation Failure) 42M->36M(57M) 2.036ms
[2026-06-17T10:05:39.025+0800][19.817s][info][gc,cpu         ] GC(784) User=0.00s Sys=0.00s Real=0.01s
[2026-06-17T10:05:39.046+0800][19.839s][info][gc,start       ] GC(785) Pause Young (Allocation Failure)
[2026-06-17T10:05:39.048+0800][19.841s][info][gc,heap        ] GC(785) PSYoungGen: 12238K(14336K)->2610K(14336K) Eden: 7149K(7168K)->0K(7168K) From: 5088K(7168K)->2610K(7168K)
[2026-06-17T10:05:39.048+0800][19.841s][info][gc,heap        ] GC(785) ParOldGen: 31933K(44032K)->34570K(44032K)
[2026-06-17T10:05:39.049+0800][19.842s][info][gc,metaspace   ] GC(785) Metaspace: 116K(320K)->116K(320K) NonClass: 109K(192K)->109K(192K) Class: 7K(128K)->7K(128K)
[2026-06-17T10:05:39.049+0800][19.842s][info][gc             ] GC(785) Pause Young (Allocation Failure) 43M->36M(57M) 3.501ms
[2026-06-17T10:05:39.050+0800][19.843s][info][gc,cpu         ] GC(785) User=0.00s Sys=0.00s Real=0.00s
[2026-06-17T10:05:39.062+0800][19.855s][info][gc,start       ] GC(786) Pause Young (Allocation Failure)
[2026-06-17T10:05:39.064+0800][19.856s][info][gc,heap        ] GC(786) PSYoungGen: 9403K(14336K)->2283K(14336K) Eden: 6793K(7168K)->0K(7168K) From: 2610K(7168K)->2283K(7168K)
[2026-06-17T10:05:39.064+0800][19.857s][info][gc,heap        ] GC(786) ParOldGen: 34570K(44032K)->34570K(44032K)
[2026-06-17T10:05:39.065+0800][19.858s][info][gc,metaspace   ] GC(786) Metaspace: 116K(320K)->116K(320K) NonClass: 109K(192K)->109K(192K) Class: 7K(128K)->7K(128K)
[2026-06-17T10:05:39.065+0800][19.858s][info][gc             ] GC(786) Pause Young (Allocation Failure) 42M->35M(57M) 3.366ms
[2026-06-17T10:05:39.066+0800][19.858s][info][gc,cpu         ] GC(786) User=0.01s Sys=0.00s Real=0.01s
[2026-06-17T10:05:39.088+0800][19.881s][info][gc,start       ] GC(787) Pause Young (Allocation Failure)
[2026-06-17T10:05:39.090+0800][19.883s][info][gc,heap        ] GC(787) PSYoungGen: 9427K(14336K)->3764K(14336K) Eden: 7144K(7168K)->0K(7168K) From: 2283K(7168K)->3764K(7168K)
[2026-06-17T10:05:39.091+0800][19.883s][info][gc,heap        ] GC(787) ParOldGen: 34570K(44032K)->36805K(44032K)
[2026-06-17T10:05:39.091+0800][19.884s][info][gc,metaspace   ] GC(787) Metaspace: 116K(320K)->116K(320K) NonClass: 109K(192K)->109K(192K) Class: 7K(128K)->7K(128K)
[2026-06-17T10:05:39.092+0800][19.885s][info][gc             ] GC(787) Pause Young (Allocation Failure) 42M->39M(57M) 4.084ms
[2026-06-17T10:05:39.093+0800][19.885s][info][gc,cpu         ] GC(787) User=0.00s Sys=0.00s Real=0.01s
[2026-06-17T10:05:39.105+0800][19.898s][info][gc,start       ] GC(788) Pause Young (Allocation Failure)
[2026-06-17T10:05:39.107+0800][19.900s][info][gc,heap        ] GC(788) PSYoungGen: 10834K(14336K)->4051K(14336K) Eden: 7069K(7168K)->0K(7168K) From: 3764K(7168K)->4051K(7168K)
[2026-06-17T10:05:39.108+0800][19.901s][info][gc,heap        ] GC(788) ParOldGen: 36805K(44032K)->36805K(44032K)
[2026-06-17T10:05:39.109+0800][19.901s][info][gc,metaspace   ] GC(788) Metaspace: 116K(320K)->116K(320K) NonClass: 109K(192K)->109K(192K) Class: 7K(128K)->7K(128K)
[2026-06-17T10:05:39.109+0800][19.902s][info][gc             ] GC(788) Pause Young (Allocation Failure) 46M->39M(57M) 4.063ms
[2026-06-17T10:05:39.110+0800][19.902s][info][gc,cpu         ] GC(788) User=0.00s Sys=0.00s Real=0.00s
[2026-06-17T10:05:39.132+0800][19.925s][info][gc,start       ] GC(789) Pause Young (Allocation Failure)
[2026-06-17T10:05:39.134+0800][19.927s][info][gc,heap        ] GC(789) PSYoungGen: 11195K(14336K)->7113K(14336K) Eden: 7144K(7168K)->0K(7168K) From: 4051K(7168K)->7113K(7168K)
[2026-06-17T10:05:39.135+0800][19.928s][info][gc,heap        ] GC(789) ParOldGen: 36805K(44032K)->37392K(44032K)
[2026-06-17T10:05:39.136+0800][19.929s][info][gc,metaspace   ] GC(789) Metaspace: 116K(320K)->116K(320K) NonClass: 109K(192K)->109K(192K) Class: 7K(128K)->7K(128K)
[2026-06-17T10:05:39.137+0800][19.930s][info][gc             ] GC(789) Pause Young (Allocation Failure) 46M->43M(57M) 4.824ms
[2026-06-17T10:05:39.138+0800][19.931s][info][gc,cpu         ] GC(789) User=0.00s Sys=0.00s Real=0.00s
[2026-06-17T10:05:39.161+0800][19.954s][info][gc,start       ] GC(790) Pause Young (Allocation Failure)
[2026-06-17T10:05:39.164+0800][19.957s][info][gc,heap        ] GC(790) PSYoungGen: 14281K(14336K)->4015K(14336K) Eden: 7168K(7168K)->0K(7168K) From: 7113K(7168K)->4015K(7168K)
[2026-06-17T10:05:39.165+0800][19.957s][info][gc,heap        ] GC(790) ParOldGen: 37392K(44032K)->40833K(44032K)
[2026-06-17T10:05:39.165+0800][19.958s][info][gc,metaspace   ] GC(790) Metaspace: 116K(320K)->116K(320K) NonClass: 109K(192K)->109K(192K) Class: 7K(128K)->7K(128K)
[2026-06-17T10:05:39.166+0800][19.959s][info][gc             ] GC(790) Pause Young (Allocation Failure) 50M->43M(57M) 4.965ms
[2026-06-17T10:05:39.167+0800][19.959s][info][gc,cpu         ] GC(790) User=0.00s Sys=0.00s Real=0.01s
[2026-06-17T10:05:39.190+0800][19.982s][info][gc,start       ] GC(791) Pause Full (Allocation Failure)
[2026-06-17T10:05:39.191+0800][19.984s][info][gc,phases,start] GC(791) Marking Phase
[2026-06-17T10:05:39.194+0800][19.987s][info][gc,phases      ] GC(791) Marking Phase 3.321ms
[2026-06-17T10:05:39.195+0800][19.988s][info][gc,phases,start] GC(791) Summary Phase
[2026-06-17T10:05:39.195+0800][19.988s][info][gc,phases      ] GC(791) Summary Phase 0.607ms
[2026-06-17T10:05:39.196+0800][19.989s][info][gc,phases,start] GC(791) Forward
[2026-06-17T10:05:39.197+0800][19.989s][info][gc,phases      ] GC(791) Forward 0.786ms
[2026-06-17T10:05:39.197+0800][19.990s][info][gc,phases,start] GC(791) Adjust Pointers
[2026-06-17T10:05:39.199+0800][19.992s][info][gc,phases      ] GC(791) Adjust Pointers 1.757ms
[2026-06-17T10:05:39.200+0800][19.992s][info][gc,phases,start] GC(791) Compaction Phase
[2026-06-17T10:05:39.202+0800][19.995s][info][gc,phases      ] GC(791) Compaction Phase 2.484ms
[2026-06-17T10:05:39.203+0800][19.995s][info][gc,phases,start] GC(791) Post Compact
[2026-06-17T10:05:39.203+0800][19.996s][info][gc,phases      ] GC(791) Post Compact 0.422ms
[2026-06-17T10:05:39.203+0800][19.996s][info][gc,heap        ] GC(791) PSYoungGen: 11156K(14336K)->0K(14336K) Eden: 7140K(7168K)->0K(7168K) From: 4015K(7168K)->0K(7168K)
[2026-06-17T10:05:39.204+0800][19.997s][info][gc,heap        ] GC(791) ParOldGen: 40833K(44032K)->30855K(44032K)
[2026-06-17T10:05:39.204+0800][19.997s][info][gc,metaspace   ] GC(791) Metaspace: 116K(320K)->116K(320K) NonClass: 109K(192K)->109K(192K) Class: 7K(128K)->7K(128K)
[2026-06-17T10:05:39.204+0800][19.997s][info][gc             ] GC(791) Pause Full (Allocation Failure) 50M->30M(57M) 14.861ms
[2026-06-17T10:05:39.205+0800][19.998s][info][gc,cpu         ] GC(791) User=0.02s Sys=0.00s Real=0.02s
[2026-06-17T10:05:39.216+0800][20.009s][info][gc,start       ] GC(792) Pause Young (Allocation Failure)
[2026-06-17T10:05:39.218+0800][20.011s][info][gc,heap        ] GC(792) PSYoungGen: 7168K(14336K)->7167K(14336K) Eden: 7168K(7168K)->0K(7168K) From: 0K(7168K)->7167K(7168K)
[2026-06-17T10:05:39.219+0800][20.011s][info][gc,heap        ] GC(792) ParOldGen: 30855K(44032K)->30855K(44032K)
[2026-06-17T10:05:39.219+0800][20.012s][info][gc,metaspace   ] GC(792) Metaspace: 116K(320K)->116K(320K) NonClass: 109K(192K)->109K(192K) Class: 7K(128K)->7K(128K)
[2026-06-17T10:05:39.220+0800][20.013s][info][gc             ] GC(792) Pause Young (Allocation Failure) 37M->37M(57M) 3.795ms
[2026-06-17T10:05:39.220+0800][20.013s][info][gc,cpu         ] GC(792) User=0.00s Sys=0.00s Real=0.00s
[2026-06-17T10:05:39.242+0800][20.035s][info][gc,start       ] GC(793) Pause Young (Allocation Failure)
[2026-06-17T10:05:39.244+0800][20.037s][info][gc,heap        ] GC(793) PSYoungGen: 14301K(14336K)->7146K(14336K) Eden: 7133K(7168K)->0K(7168K) From: 7167K(7168K)->7146K(7168K)
[2026-06-17T10:05:39.245+0800][20.038s][info][gc,heap        ] GC(793) ParOldGen: 30855K(44032K)->30855K(44032K)
[2026-06-17T10:05:39.246+0800][20.038s][info][gc,metaspace   ] GC(793) Metaspace: 116K(320K)->116K(320K) NonClass: 109K(192K)->109K(192K) Class: 7K(128K)->7K(128K)
[2026-06-17T10:05:39.246+0800][20.039s][info][gc             ] GC(793) Pause Young (Allocation Failure) 44M->37M(57M) 3.564ms
[2026-06-17T10:05:39.247+0800][20.039s][info][gc,cpu         ] GC(793) User=0.00s Sys=0.00s Real=0.00s
[2026-06-17T10:05:39.269+0800][20.062s][info][gc,start       ] GC(794) Pause Young (Allocation Failure)
[2026-06-17T10:05:39.272+0800][20.064s][info][gc,heap        ] GC(794) PSYoungGen: 14289K(14336K)->2848K(14336K) Eden: 7142K(7168K)->0K(7168K) From: 7146K(7168K)->2848K(7168K)
[2026-06-17T10:05:39.272+0800][20.065s][info][gc,heap        ] GC(794) ParOldGen: 30855K(44032K)->35704K(44032K)
[2026-06-17T10:05:39.273+0800][20.066s][info][gc,metaspace   ] GC(794) Metaspace: 116K(320K)->116K(320K) NonClass: 109K(192K)->109K(192K) Class: 7K(128K)->7K(128K)
[2026-06-17T10:05:39.274+0800][20.066s][info][gc             ] GC(794) Pause Young (Allocation Failure) 44M->37M(57M) 4.763ms
[2026-06-17T10:05:39.275+0800][20.067s][info][gc,cpu         ] GC(794) User=0.00s Sys=0.00s Real=0.01s
[2026-06-17T10:05:39.287+0800][20.080s][info][gc,start       ] GC(795) Pause Young (Allocation Failure)
[2026-06-17T10:05:39.289+0800][20.082s][info][gc,heap        ] GC(795) PSYoungGen: 9981K(14336K)->3259K(14336K) Eden: 7132K(7168K)->0K(7168K) From: 2848K(7168K)->3259K(7168K)
[2026-06-17T10:05:39.290+0800][20.083s][info][gc,heap        ] GC(795) ParOldGen: 35704K(44032K)->35704K(44032K)
[2026-06-17T10:05:39.290+0800][20.083s][info][gc,metaspace   ] GC(795) Metaspace: 116K(320K)->116K(320K) NonClass: 109K(192K)->109K(192K) Class: 7K(128K)->7K(128K)
[2026-06-17T10:05:39.291+0800][20.084s][info][gc             ] GC(795) Pause Young (Allocation Failure) 44M->38M(57M) 3.748ms
[2026-06-17T10:05:39.291+0800][20.084s][info][gc,cpu         ] GC(795) User=0.01s Sys=0.00s Real=0.01s
[2026-06-17T10:05:39.316+0800][20.109s][info][gc,start       ] GC(796) Pause Young (Allocation Failure)
[2026-06-17T10:05:39.321+0800][20.113s][info][gc,heap        ] GC(796) PSYoungGen: 10393K(14336K)->3706K(14336K) Eden: 7134K(7168K)->0K(7168K) From: 3259K(7168K)->3706K(7168K)
[2026-06-17T10:05:39.323+0800][20.116s][info][gc,heap        ] GC(796) ParOldGen: 35704K(44032K)->38908K(44032K)
[2026-06-17T10:05:39.324+0800][20.117s][info][gc,metaspace   ] GC(796) Metaspace: 116K(320K)->116K(320K) NonClass: 109K(192K)->109K(192K) Class: 7K(128K)->7K(128K)
[2026-06-17T10:05:39.325+0800][20.118s][info][gc             ] GC(796) Pause Young (Allocation Failure) 45M->41M(57M) 9.215ms
[2026-06-17T10:05:39.326+0800][20.119s][info][gc,cpu         ] GC(796) User=0.00s Sys=0.00s Real=0.01s
[2026-06-17T10:05:39.350+0800][20.143s][info][gc,start       ] GC(797) Pause Full (Allocation Failure)
[2026-06-17T10:05:39.351+0800][20.143s][info][gc,phases,start] GC(797) Marking Phase
[2026-06-17T10:05:39.353+0800][20.146s][info][gc,phases      ] GC(797) Marking Phase 2.227ms
[2026-06-17T10:05:39.353+0800][20.146s][info][gc,phases,start] GC(797) Summary Phase
[2026-06-17T10:05:39.354+0800][20.147s][info][gc,phases      ] GC(797) Summary Phase 0.546ms
[2026-06-17T10:05:39.354+0800][20.147s][info][gc,phases,start] GC(797) Forward
[2026-06-17T10:05:39.355+0800][20.148s][info][gc,phases      ] GC(797) Forward 0.771ms
[2026-06-17T10:05:39.356+0800][20.149s][info][gc,phases,start] GC(797) Adjust Pointers
[2026-06-17T10:05:39.357+0800][20.150s][info][gc,phases      ] GC(797) Adjust Pointers 1.079ms
[2026-06-17T10:05:39.357+0800][20.150s][info][gc,phases,start] GC(797) Compaction Phase
[2026-06-17T10:05:39.359+0800][20.152s][info][gc,phases      ] GC(797) Compaction Phase 1.897ms
[2026-06-17T10:05:39.361+0800][20.153s][info][gc,phases,start] GC(797) Post Compact
[2026-06-17T10:05:39.361+0800][20.154s][info][gc,phases      ] GC(797) Post Compact 0.343ms
[2026-06-17T10:05:39.361+0800][20.154s][info][gc,heap        ] GC(797) PSYoungGen: 10871K(14336K)->0K(14336K) Eden: 7165K(7168K)->0K(7168K) From: 3706K(7168K)->0K(7168K)
[2026-06-17T10:05:39.361+0800][20.154s][info][gc,heap        ] GC(797) ParOldGen: 38908K(44032K)->29479K(44032K)
[2026-06-17T10:05:39.362+0800][20.154s][info][gc,metaspace   ] GC(797) Metaspace: 116K(320K)->116K(320K) NonClass: 109K(192K)->109K(192K) Class: 7K(128K)->7K(128K)
[2026-06-17T10:05:39.362+0800][20.155s][info][gc             ] GC(797) Pause Full (Allocation Failure) 48M->28M(57M) 12.008ms
[2026-06-17T10:05:39.362+0800][20.155s][info][gc,cpu         ] GC(797) User=0.01s Sys=0.00s Real=0.01s
[2026-06-17T10:05:39.384+0800][20.176s][info][gc,start       ] GC(798) Pause Young (Allocation Failure)
[2026-06-17T10:05:39.385+0800][20.178s][info][gc,heap        ] GC(798) PSYoungGen: 7149K(14336K)->3458K(14336K) Eden: 7149K(7168K)->0K(7168K) From: 0K(7168K)->3458K(7168K)
[2026-06-17T10:05:39.386+0800][20.179s][info][gc,heap        ] GC(798) ParOldGen: 29479K(44032K)->29479K(44032K)
[2026-06-17T10:05:39.387+0800][20.180s][info][gc,metaspace   ] GC(798) Metaspace: 116K(320K)->116K(320K) NonClass: 109K(192K)->109K(192K) Class: 7K(128K)->7K(128K)
[2026-06-17T10:05:39.387+0800][20.180s][info][gc             ] GC(798) Pause Young (Allocation Failure) 35M->32M(57M) 3.882ms
[2026-06-17T10:05:39.388+0800][20.181s][info][gc,cpu         ] GC(798) User=0.00s Sys=0.00s Real=0.00s
[2026-06-17T10:05:39.400+0800][20.193s][info][gc,start       ] GC(799) Pause Young (Allocation Failure)
[2026-06-17T10:05:39.402+0800][20.195s][info][gc,heap        ] GC(799) PSYoungGen: 10617K(14336K)->4965K(14336K) Eden: 7159K(7168K)->0K(7168K) From: 3458K(7168K)->4965K(7168K)
[2026-06-17T10:05:39.403+0800][20.195s][info][gc,heap        ] GC(799) ParOldGen: 29479K(44032K)->32102K(44032K)
[2026-06-17T10:05:39.403+0800][20.196s][info][gc,metaspace   ] GC(799) Metaspace: 116K(320K)->116K(320K) NonClass: 109K(192K)->109K(192K) Class: 7K(128K)->7K(128K)
[2026-06-17T10:05:39.404+0800][20.197s][info][gc             ] GC(799) Pause Young (Allocation Failure) 39M->36M(57M) 3.822ms
[2026-06-17T10:05:39.404+0800][20.197s][info][gc,cpu         ] GC(799) User=0.00s Sys=0.00s Real=0.01s
[2026-06-17T10:05:39.427+0800][20.219s][info][gc,start       ] GC(800) Pause Young (Allocation Failure)
[2026-06-17T10:05:39.429+0800][20.222s][info][gc,heap        ] GC(800) PSYoungGen: 12114K(14336K)->5097K(14336K) Eden: 7149K(7168K)->0K(7168K) From: 4965K(7168K)->5097K(7168K)
[2026-06-17T10:05:39.430+0800][20.222s][info][gc,heap        ] GC(800) ParOldGen: 32102K(44032K)->32102K(44032K)
[2026-06-17T10:05:39.430+0800][20.223s][info][gc,metaspace   ] GC(800) Metaspace: 116K(320K)->116K(320K) NonClass: 109K(192K)->109K(192K) Class: 7K(128K)->7K(128K)
[2026-06-17T10:05:39.431+0800][20.224s][info][gc             ] GC(800) Pause Young (Allocation Failure) 43M->36M(57M) 4.282ms
[2026-06-17T10:05:39.432+0800][20.224s][info][gc,cpu         ] GC(800) User=0.01s Sys=0.00s Real=0.01s
[2026-06-17T10:05:39.454+0800][20.247s][info][gc,start       ] GC(801) Pause Young (Allocation Failure)
[2026-06-17T10:05:39.457+0800][20.249s][info][gc,heap        ] GC(801) PSYoungGen: 12265K(14336K)->3429K(14336K) Eden: 7168K(7168K)->0K(7168K) From: 5097K(7168K)->3429K(7168K)
[2026-06-17T10:05:39.457+0800][20.250s][info][gc,heap        ] GC(801) ParOldGen: 32102K(44032K)->34168K(44032K)
[2026-06-17T10:05:39.458+0800][20.251s][info][gc,metaspace   ] GC(801) Metaspace: 116K(320K)->116K(320K) NonClass: 109K(192K)->109K(192K) Class: 7K(128K)->7K(128K)
[2026-06-17T10:05:39.459+0800][20.252s][info][gc             ] GC(801) Pause Young (Allocation Failure) 43M->36M(57M) 4.633ms
[2026-06-17T10:05:39.459+0800][20.252s][info][gc,cpu         ] GC(801) User=0.00s Sys=0.00s Real=0.00s
[2026-06-17T10:05:39.471+0800][20.264s][info][gc,start       ] GC(802) Pause Young (Allocation Failure)
[2026-06-17T10:05:39.473+0800][20.266s][info][gc,heap        ] GC(802) PSYoungGen: 10566K(14336K)->4043K(14336K) Eden: 7137K(7168K)->0K(7168K) From: 3429K(7168K)->4043K(7168K)
[2026-06-17T10:05:39.474+0800][20.267s][info][gc,heap        ] GC(802) ParOldGen: 34168K(44032K)->34168K(44032K)
[2026-06-17T10:05:39.475+0800][20.267s][info][gc,metaspace   ] GC(802) Metaspace: 116K(320K)->116K(320K) NonClass: 109K(192K)->109K(192K) Class: 7K(128K)->7K(128K)
[2026-06-17T10:05:39.475+0800][20.268s][info][gc             ] GC(802) Pause Young (Allocation Failure) 43M->37M(57M) 3.943ms
[2026-06-17T10:05:39.476+0800][20.269s][info][gc,cpu         ] GC(802) User=0.00s Sys=0.00s Real=0.00s
[2026-06-17T10:05:39.498+0800][20.291s][info][gc,start       ] GC(803) Pause Young (Allocation Failure)
[2026-06-17T10:05:39.500+0800][20.293s][info][gc,heap        ] GC(803) PSYoungGen: 11195K(14336K)->3666K(14336K) Eden: 7152K(7168K)->0K(7168K) From: 4043K(7168K)->3666K(7168K)
[2026-06-17T10:05:39.501+0800][20.294s][info][gc,heap        ] GC(803) ParOldGen: 34168K(44032K)->38163K(44032K)
[2026-06-17T10:05:39.502+0800][20.295s][info][gc,metaspace   ] GC(803) Metaspace: 116K(320K)->116K(320K) NonClass: 109K(192K)->109K(192K) Class: 7K(128K)->7K(128K)
[2026-06-17T10:05:39.502+0800][20.295s][info][gc             ] GC(803) Pause Young (Allocation Failure) 44M->40M(57M) 4.450ms
[2026-06-17T10:05:39.503+0800][20.296s][info][gc,cpu         ] GC(803) User=0.01s Sys=0.00s Real=0.01s
[2026-06-17T10:05:39.525+0800][20.318s][info][gc,start       ] GC(804) Pause Young (Allocation Failure)
[2026-06-17T10:05:39.527+0800][20.320s][info][gc,heap        ] GC(804) PSYoungGen: 10832K(14336K)->2424K(14336K) Eden: 7165K(7168K)->0K(7168K) From: 3666K(7168K)->2424K(7168K)
[2026-06-17T10:05:39.528+0800][20.321s][info][gc,heap        ] GC(804) ParOldGen: 38163K(44032K)->39359K(44032K)
[2026-06-17T10:05:39.528+0800][20.321s][info][gc,metaspace   ] GC(804) Metaspace: 116K(320K)->116K(320K) NonClass: 109K(192K)->109K(192K) Class: 7K(128K)->7K(128K)
[2026-06-17T10:05:39.529+0800][20.321s][info][gc             ] GC(804) Pause Young (Allocation Failure) 47M->40M(57M) 3.625ms
[2026-06-17T10:05:39.529+0800][20.322s][info][gc,cpu         ] GC(804) User=0.00s Sys=0.00s Real=0.00s
[2026-06-17T10:05:39.551+0800][20.344s][info][gc,start       ] GC(805) Pause Full (Allocation Failure)
[2026-06-17T10:05:39.552+0800][20.345s][info][gc,phases,start] GC(805) Marking Phase
[2026-06-17T10:05:39.555+0800][20.348s][info][gc,phases      ] GC(805) Marking Phase 3.150ms
[2026-06-17T10:05:39.556+0800][20.349s][info][gc,phases,start] GC(805) Summary Phase
[2026-06-17T10:05:39.556+0800][20.349s][info][gc,phases      ] GC(805) Summary Phase 0.533ms
[2026-06-17T10:05:39.557+0800][20.350s][info][gc,phases,start] GC(805) Forward
[2026-06-17T10:05:39.558+0800][20.350s][info][gc,phases      ] GC(805) Forward 0.733ms
[2026-06-17T10:05:39.558+0800][20.351s][info][gc,phases,start] GC(805) Adjust Pointers
[2026-06-17T10:05:39.560+0800][20.352s][info][gc,phases      ] GC(805) Adjust Pointers 1.393ms
[2026-06-17T10:05:39.560+0800][20.353s][info][gc,phases,start] GC(805) Compaction Phase
[2026-06-17T10:05:39.562+0800][20.355s][info][gc,phases      ] GC(805) Compaction Phase 2.060ms
[2026-06-17T10:05:39.563+0800][20.355s][info][gc,phases,start] GC(805) Post Compact
[2026-06-17T10:05:39.563+0800][20.356s][info][gc,phases      ] GC(805) Post Compact 0.533ms
[2026-06-17T10:05:39.564+0800][20.356s][info][gc,heap        ] GC(805) PSYoungGen: 9581K(14336K)->0K(14336K) Eden: 7157K(7168K)->0K(7168K) From: 2424K(7168K)->0K(7168K)
[2026-06-17T10:05:39.564+0800][20.357s][info][gc,heap        ] GC(805) ParOldGen: 39359K(44032K)->27985K(44032K)
[2026-06-17T10:05:39.564+0800][20.357s][info][gc,metaspace   ] GC(805) Metaspace: 116K(320K)->116K(320K) NonClass: 109K(192K)->109K(192K) Class: 7K(128K)->7K(128K)
[2026-06-17T10:05:39.565+0800][20.358s][info][gc             ] GC(805) Pause Full (Allocation Failure) 47M->27M(57M) 13.385ms
[2026-06-17T10:05:39.565+0800][20.358s][info][gc,cpu         ] GC(805) User=0.01s Sys=0.00s Real=0.01s
[2026-06-17T10:05:39.577+0800][20.370s][info][gc,start       ] GC(806) Pause Young (Allocation Failure)
[2026-06-17T10:05:39.579+0800][20.372s][info][gc,heap        ] GC(806) PSYoungGen: 7164K(14336K)->6970K(14336K) Eden: 7164K(7168K)->0K(7168K) From: 0K(7168K)->6970K(7168K)
[2026-06-17T10:05:39.580+0800][20.373s][info][gc,heap        ] GC(806) ParOldGen: 27985K(44032K)->28246K(44032K)
[2026-06-17T10:05:39.580+0800][20.373s][info][gc,metaspace   ] GC(806) Metaspace: 116K(320K)->116K(320K) NonClass: 109K(192K)->109K(192K) Class: 7K(128K)->7K(128K)
[2026-06-17T10:05:39.581+0800][20.374s][info][gc             ] GC(806) Pause Young (Allocation Failure) 34M->34M(57M) 3.808ms
[2026-06-17T10:05:39.581+0800][20.374s][info][gc,cpu         ] GC(806) User=0.00s Sys=0.00s Real=0.00s
[2026-06-17T10:05:39.603+0800][20.396s][info][gc,start       ] GC(807) Pause Young (Allocation Failure)
[2026-06-17T10:05:39.605+0800][20.398s][info][gc,heap        ] GC(807) PSYoungGen: 14133K(14336K)->2716K(14336K) Eden: 7162K(7168K)->0K(7168K) From: 6970K(7168K)->2716K(7168K)
[2026-06-17T10:05:39.606+0800][20.398s][info][gc,heap        ] GC(807) ParOldGen: 28246K(44032K)->32498K(44032K)
[2026-06-17T10:05:39.606+0800][20.399s][info][gc,metaspace   ] GC(807) Metaspace: 116K(320K)->116K(320K) NonClass: 109K(192K)->109K(192K) Class: 7K(128K)->7K(128K)
[2026-06-17T10:05:39.606+0800][20.399s][info][gc             ] GC(807) Pause Young (Allocation Failure) 41M->34M(57M) 3.331ms
[2026-06-17T10:05:39.607+0800][20.400s][info][gc,cpu         ] GC(807) User=0.00s Sys=0.00s Real=0.00s
[2026-06-17T10:05:39.629+0800][20.422s][info][gc,start       ] GC(808) Pause Young (Allocation Failure)
[2026-06-17T10:05:39.631+0800][20.424s][info][gc,heap        ] GC(808) PSYoungGen: 9884K(14336K)->3020K(14336K) Eden: 7168K(7168K)->0K(7168K) From: 2716K(7168K)->3020K(7168K)
[2026-06-17T10:05:39.631+0800][20.424s][info][gc,heap        ] GC(808) ParOldGen: 32498K(44032K)->32498K(44032K)
[2026-06-17T10:05:39.632+0800][20.424s][info][gc,metaspace   ] GC(808) Metaspace: 116K(320K)->116K(320K) NonClass: 109K(192K)->109K(192K) Class: 7K(128K)->7K(128K)
[2026-06-17T10:05:39.632+0800][20.425s][info][gc             ] GC(808) Pause Young (Allocation Failure) 41M->34M(57M) 2.975ms
[2026-06-17T10:05:39.633+0800][20.425s][info][gc,cpu         ] GC(808) User=0.00s Sys=0.00s Real=0.01s
[2026-06-17T10:05:39.644+0800][20.437s][info][gc,start       ] GC(809) Pause Young (Allocation Failure)
[2026-06-17T10:05:39.646+0800][20.439s][info][gc,heap        ] GC(809) PSYoungGen: 10158K(14336K)->1015K(14336K) Eden: 7137K(7168K)->0K(7168K) From: 3020K(7168K)->1015K(7168K)
[2026-06-17T10:05:39.647+0800][20.440s][info][gc,heap        ] GC(809) ParOldGen: 32498K(44032K)->34659K(44032K)
[2026-06-17T10:05:39.648+0800][20.440s][info][gc,metaspace   ] GC(809) Metaspace: 116K(320K)->116K(320K) NonClass: 109K(192K)->109K(192K) Class: 7K(128K)->7K(128K)
[2026-06-17T10:05:39.648+0800][20.441s][info][gc             ] GC(809) Pause Young (Allocation Failure) 41M->34M(57M) 3.824ms
[2026-06-17T10:05:39.649+0800][20.441s][info][gc,cpu         ] GC(809) User=0.00s Sys=0.00s Real=0.00s
[2026-06-17T10:05:39.671+0800][20.464s][info][gc,start       ] GC(810) Pause Young (Allocation Failure)
[2026-06-17T10:05:39.673+0800][20.465s][info][gc,heap        ] GC(810) PSYoungGen: 8175K(14336K)->4970K(14336K) Eden: 7160K(7168K)->0K(7168K) From: 1015K(7168K)->4970K(7168K)
[2026-06-17T10:05:39.673+0800][20.466s][info][gc,heap        ] GC(810) ParOldGen: 34659K(44032K)->34659K(44032K)
[2026-06-17T10:05:39.674+0800][20.467s][info][gc,metaspace   ] GC(810) Metaspace: 116K(320K)->116K(320K) NonClass: 109K(192K)->109K(192K) Class: 7K(128K)->7K(128K)
[2026-06-17T10:05:39.675+0800][20.468s][info][gc             ] GC(810) Pause Young (Allocation Failure) 41M->38M(57M) 4.594ms
[2026-06-17T10:05:39.676+0800][20.469s][info][gc,cpu         ] GC(810) User=0.00s Sys=0.00s Real=0.00s
[2026-06-17T10:05:39.698+0800][20.491s][info][gc,start       ] GC(811) Pause Young (Allocation Failure)
[2026-06-17T10:05:39.699+0800][20.492s][info][gc,heap        ] GC(811) PSYoungGen: 12105K(14336K)->3437K(14336K) Eden: 7135K(7168K)->0K(7168K) From: 4970K(7168K)->3437K(7168K)
[2026-06-17T10:05:39.700+0800][20.492s][info][gc,heap        ] GC(811) ParOldGen: 34659K(44032K)->36082K(44032K)
[2026-06-17T10:05:39.700+0800][20.493s][info][gc,metaspace   ] GC(811) Metaspace: 116K(320K)->116K(320K) NonClass: 109K(192K)->109K(192K) Class: 7K(128K)->7K(128K)
[2026-06-17T10:05:39.700+0800][20.493s][info][gc             ] GC(811) Pause Young (Allocation Failure) 45M->38M(57M) 2.509ms
[2026-06-17T10:05:39.701+0800][20.493s][info][gc,cpu         ] GC(811) User=0.00s Sys=0.00s Real=0.00s
[2026-06-17T10:05:39.722+0800][20.515s][info][gc,start       ] GC(812) Pause Young (Allocation Failure)
[2026-06-17T10:05:39.724+0800][20.517s][info][gc,heap        ] GC(812) PSYoungGen: 10603K(14336K)->3749K(14336K) Eden: 7166K(7168K)->0K(7168K) From: 3437K(7168K)->3749K(7168K)
[2026-06-17T10:05:39.724+0800][20.517s][info][gc,heap        ] GC(812) ParOldGen: 36082K(44032K)->36082K(44032K)
[2026-06-17T10:05:39.725+0800][20.518s][info][gc,metaspace   ] GC(812) Metaspace: 116K(320K)->116K(320K) NonClass: 109K(192K)->109K(192K) Class: 7K(128K)->7K(128K)
[2026-06-17T10:05:39.726+0800][20.518s][info][gc             ] GC(812) Pause Young (Allocation Failure) 45M->38M(57M) 3.184ms
[2026-06-17T10:05:39.726+0800][20.519s][info][gc,cpu         ] GC(812) User=0.00s Sys=0.00s Real=0.01s
[2026-06-17T10:05:39.738+0800][20.530s][info][gc,start       ] GC(813) Pause Young (Allocation Failure)
[2026-06-17T10:05:39.739+0800][20.532s][info][gc,heap        ] GC(813) PSYoungGen: 10897K(14336K)->7118K(14336K) Eden: 7147K(7168K)->0K(7168K) From: 3749K(7168K)->7118K(7168K)
[2026-06-17T10:05:39.740+0800][20.533s][info][gc,heap        ] GC(813) ParOldGen: 36082K(44032K)->36506K(44032K)
[2026-06-17T10:05:39.740+0800][20.533s][info][gc,metaspace   ] GC(813) Metaspace: 116K(320K)->116K(320K) NonClass: 109K(192K)->109K(192K) Class: 7K(128K)->7K(128K)
[2026-06-17T10:05:39.741+0800][20.533s][info][gc             ] GC(813) Pause Young (Allocation Failure) 45M->42M(57M) 3.081ms
[2026-06-17T10:05:39.741+0800][20.534s][info][gc,cpu         ] GC(813) User=0.00s Sys=0.00s Real=0.00s
[2026-06-17T10:05:39.763+0800][20.556s][info][gc,start       ] GC(814) Pause Young (Allocation Failure)
[2026-06-17T10:05:39.766+0800][20.559s][info][gc,heap        ] GC(814) PSYoungGen: 14255K(14336K)->6382K(14336K) Eden: 7137K(7168K)->0K(7168K) From: 7118K(7168K)->6382K(7168K)
[2026-06-17T10:05:39.767+0800][20.559s][info][gc,heap        ] GC(814) ParOldGen: 36506K(44032K)->37883K(44032K)
[2026-06-17T10:05:39.771+0800][20.564s][info][gc,metaspace   ] GC(814) Metaspace: 116K(320K)->116K(320K) NonClass: 109K(192K)->109K(192K) Class: 7K(128K)->7K(128K)
[2026-06-17T10:05:39.774+0800][20.567s][info][gc             ] GC(814) Pause Young (Allocation Failure) 49M->43M(57M) 10.843ms
[2026-06-17T10:05:39.775+0800][20.567s][info][gc,cpu         ] GC(814) User=0.00s Sys=0.00s Real=0.01s
[2026-06-17T10:05:39.797+0800][20.589s][info][gc,start       ] GC(815) Pause Young (Allocation Failure)
[2026-06-17T10:05:39.799+0800][20.592s][info][gc,heap        ] GC(815) PSYoungGen: 13547K(14336K)->3596K(14336K) Eden: 7165K(7168K)->0K(7168K) From: 6382K(7168K)->3596K(7168K)
[2026-06-17T10:05:39.800+0800][20.592s][info][gc,heap        ] GC(815) ParOldGen: 37883K(44032K)->41360K(44032K)
[2026-06-17T10:05:39.800+0800][20.593s][info][gc,metaspace   ] GC(815) Metaspace: 116K(320K)->116K(320K) NonClass: 109K(192K)->109K(192K) Class: 7K(128K)->7K(128K)
[2026-06-17T10:05:39.801+0800][20.593s][info][gc             ] GC(815) Pause Young (Allocation Failure) 50M->43M(57M) 4.136ms
[2026-06-17T10:05:39.801+0800][20.594s][info][gc,cpu         ] GC(815) User=0.01s Sys=0.00s Real=0.00s
[2026-06-17T10:05:39.813+0800][20.606s][info][gc,start       ] GC(816) Pause Full (Allocation Failure)
[2026-06-17T10:05:39.814+0800][20.607s][info][gc,phases,start] GC(816) Marking Phase
[2026-06-17T10:05:39.817+0800][20.610s][info][gc,phases      ] GC(816) Marking Phase 2.776ms
[2026-06-17T10:05:39.817+0800][20.610s][info][gc,phases,start] GC(816) Summary Phase
[2026-06-17T10:05:39.818+0800][20.611s][info][gc,phases      ] GC(816) Summary Phase 0.563ms
[2026-06-17T10:05:39.818+0800][20.611s][info][gc,phases,start] GC(816) Forward
[2026-06-17T10:05:39.819+0800][20.612s][info][gc,phases      ] GC(816) Forward 0.757ms
[2026-06-17T10:05:39.820+0800][20.613s][info][gc,phases,start] GC(816) Adjust Pointers
[2026-06-17T10:05:39.821+0800][20.614s][info][gc,phases      ] GC(816) Adjust Pointers 1.610ms
[2026-06-17T10:05:39.822+0800][20.615s][info][gc,phases,start] GC(816) Compaction Phase
[2026-06-17T10:05:39.824+0800][20.617s][info][gc,phases      ] GC(816) Compaction Phase 2.302ms
[2026-06-17T10:05:39.825+0800][20.617s][info][gc,phases,start] GC(816) Post Compact
[2026-06-17T10:05:39.825+0800][20.618s][info][gc,phases      ] GC(816) Post Compact 0.307ms
[2026-06-17T10:05:39.825+0800][20.618s][info][gc,heap        ] GC(816) PSYoungGen: 10727K(14336K)->0K(14336K) Eden: 7130K(7168K)->0K(7168K) From: 3596K(7168K)->0K(7168K)
[2026-06-17T10:05:39.825+0800][20.618s][info][gc,heap        ] GC(816) ParOldGen: 41360K(44032K)->31631K(44032K)
[2026-06-17T10:05:39.826+0800][20.618s][info][gc,metaspace   ] GC(816) Metaspace: 116K(320K)->116K(320K) NonClass: 109K(192K)->109K(192K) Class: 7K(128K)->7K(128K)
[2026-06-17T10:05:39.826+0800][20.619s][info][gc             ] GC(816) Pause Full (Allocation Failure) 50M->30M(57M) 12.748ms
[2026-06-17T10:05:39.826+0800][20.619s][info][gc,cpu         ] GC(816) User=0.01s Sys=0.00s Real=0.01s
[2026-06-17T10:05:39.848+0800][20.641s][info][gc,start       ] GC(817) Pause Young (Allocation Failure)
[2026-06-17T10:05:39.850+0800][20.643s][info][gc,heap        ] GC(817) PSYoungGen: 7139K(14336K)->3823K(14336K) Eden: 7139K(7168K)->0K(7168K) From: 0K(7168K)->3823K(7168K)
[2026-06-17T10:05:39.851+0800][20.644s][info][gc,heap        ] GC(817) ParOldGen: 31631K(44032K)->31631K(44032K)
[2026-06-17T10:05:39.852+0800][20.644s][info][gc,metaspace   ] GC(817) Metaspace: 116K(320K)->116K(320K) NonClass: 109K(192K)->109K(192K) Class: 7K(128K)->7K(128K)
[2026-06-17T10:05:39.852+0800][20.645s][info][gc             ] GC(817) Pause Young (Allocation Failure) 37M->34M(57M) 4.112ms
[2026-06-17T10:05:39.853+0800][20.645s][info][gc,cpu         ] GC(817) User=0.00s Sys=0.00s Real=0.01s
[2026-06-17T10:05:39.875+0800][20.668s][info][gc,start       ] GC(818) Pause Young (Allocation Failure)
[2026-06-17T10:05:39.877+0800][20.669s][info][gc,heap        ] GC(818) PSYoungGen: 10962K(14336K)->3721K(14336K) Eden: 7139K(7168K)->0K(7168K) From: 3823K(7168K)->3721K(7168K)
[2026-06-17T10:05:39.877+0800][20.670s][info][gc,heap        ] GC(818) ParOldGen: 31631K(44032K)->32152K(44032K)
[2026-06-17T10:05:39.878+0800][20.670s][info][gc,metaspace   ] GC(818) Metaspace: 116K(320K)->116K(320K) NonClass: 109K(192K)->109K(192K) Class: 7K(128K)->7K(128K)
[2026-06-17T10:05:39.878+0800][20.671s][info][gc             ] GC(818) Pause Young (Allocation Failure) 41M->35M(57M) 3.234ms
[2026-06-17T10:05:39.878+0800][20.671s][info][gc,cpu         ] GC(818) User=0.00s Sys=0.00s Real=0.00s
[2026-06-17T10:05:39.900+0800][20.693s][info][gc,start       ] GC(819) Pause Young (Allocation Failure)
[2026-06-17T10:05:39.903+0800][20.696s][info][gc,heap        ] GC(819) PSYoungGen: 10848K(14336K)->4154K(14336K) Eden: 7126K(7168K)->0K(7168K) From: 3721K(7168K)->4154K(7168K)
[2026-06-17T10:05:39.906+0800][20.698s][info][gc,heap        ] GC(819) ParOldGen: 32152K(44032K)->32152K(44032K)
[2026-06-17T10:05:39.909+0800][20.702s][info][gc,metaspace   ] GC(819) Metaspace: 116K(320K)->116K(320K) NonClass: 109K(192K)->109K(192K) Class: 7K(128K)->7K(128K)
[2026-06-17T10:05:39.912+0800][20.704s][info][gc             ] GC(819) Pause Young (Allocation Failure) 41M->35M(57M) 11.408ms
[2026-06-17T10:05:39.916+0800][20.708s][info][gc,cpu         ] GC(819) User=0.00s Sys=0.00s Real=0.02s
[2026-06-17T10:05:39.939+0800][20.732s][info][gc,start       ] GC(820) Pause Young (Allocation Failure)
[2026-06-17T10:05:39.940+0800][20.733s][info][gc,heap        ] GC(820) PSYoungGen: 11319K(14336K)->2866K(14336K) Eden: 7164K(7168K)->0K(7168K) From: 4154K(7168K)->2866K(7168K)
[2026-06-17T10:05:39.941+0800][20.734s][info][gc,heap        ] GC(820) ParOldGen: 32152K(44032K)->33706K(44032K)
[2026-06-17T10:05:39.942+0800][20.735s][info][gc,metaspace   ] GC(820) Metaspace: 116K(320K)->116K(320K) NonClass: 109K(192K)->109K(192K) Class: 7K(128K)->7K(128K)
[2026-06-17T10:05:39.942+0800][20.735s][info][gc             ] GC(820) Pause Young (Allocation Failure) 42M->35M(57M) 3.534ms
[2026-06-17T10:05:39.943+0800][20.736s][info][gc,cpu         ] GC(820) User=0.00s Sys=0.00s Real=0.01s
[2026-06-17T10:05:39.954+0800][20.747s][info][gc,start       ] GC(821) Pause Young (Allocation Failure)
[2026-06-17T10:05:39.965+0800][20.757s][info][gc,heap        ] GC(821) PSYoungGen: 9784K(14336K)->2875K(14336K) Eden: 6918K(7168K)->0K(7168K) From: 2866K(7168K)->2875K(7168K)
[2026-06-17T10:05:39.965+0800][20.758s][info][gc,heap        ] GC(821) ParOldGen: 33706K(44032K)->33706K(44032K)
[2026-06-17T10:05:39.967+0800][20.760s][info][gc,metaspace   ] GC(821) Metaspace: 116K(320K)->116K(320K) NonClass: 109K(192K)->109K(192K) Class: 7K(128K)->7K(128K)
[2026-06-17T10:05:39.967+0800][20.760s][info][gc             ] GC(821) Pause Young (Allocation Failure) 42M->35M(57M) 13.000ms
[2026-06-17T10:05:39.968+0800][20.761s][info][gc,cpu         ] GC(821) User=0.00s Sys=0.00s Real=0.01s
[2026-06-17T10:05:39.990+0800][20.783s][info][gc,start       ] GC(822) Pause Young (Allocation Failure)
[2026-06-17T10:05:39.992+0800][20.785s][info][gc,heap        ] GC(822) PSYoungGen: 10037K(14336K)->6778K(14336K) Eden: 7162K(7168K)->0K(7168K) From: 2875K(7168K)->6778K(7168K)
[2026-06-17T10:05:39.993+0800][20.786s][info][gc,heap        ] GC(822) ParOldGen: 33706K(44032K)->33706K(44032K)
[2026-06-17T10:05:39.993+0800][20.786s][info][gc,metaspace   ] GC(822) Metaspace: 116K(320K)->116K(320K) NonClass: 109K(192K)->109K(192K) Class: 7K(128K)->7K(128K)
[2026-06-17T10:05:39.994+0800][20.787s][info][gc             ] GC(822) Pause Young (Allocation Failure) 42M->39M(57M) 3.986ms
[2026-06-17T10:05:39.995+0800][20.787s][info][gc,cpu         ] GC(822) User=0.01s Sys=0.00s Real=0.01s
[2026-06-17T10:05:40.006+0800][20.799s][info][gc,start       ] GC(823) Pause Young (Allocation Failure)
[2026-06-17T10:05:40.009+0800][20.802s][info][gc,heap        ] GC(823) PSYoungGen: 13703K(14336K)->3742K(14336K) Eden: 6924K(7168K)->0K(7168K) From: 6778K(7168K)->3742K(7168K)
[2026-06-17T10:05:40.010+0800][20.802s][info][gc,heap        ] GC(823) ParOldGen: 33706K(44032K)->36534K(44032K)
[2026-06-17T10:05:40.010+0800][20.803s][info][gc,metaspace   ] GC(823) Metaspace: 116K(320K)->116K(320K) NonClass: 109K(192K)->109K(192K) Class: 7K(128K)->7K(128K)
[2026-06-17T10:05:40.011+0800][20.803s][info][gc             ] GC(823) Pause Young (Allocation Failure) 46M->39M(57M) 4.203ms
[2026-06-17T10:05:40.011+0800][20.804s][info][gc,cpu         ] GC(823) User=0.00s Sys=0.00s Real=0.01s
[2026-06-17T10:05:40.036+0800][20.829s][info][gc,start       ] GC(824) Pause Young (Allocation Failure)
[2026-06-17T10:05:40.038+0800][20.831s][info][gc,heap        ] GC(824) PSYoungGen: 10864K(14336K)->3469K(14336K) Eden: 7122K(7168K)->0K(7168K) From: 3742K(7168K)->3469K(7168K)
[2026-06-17T10:05:40.039+0800][20.831s][info][gc,heap        ] GC(824) ParOldGen: 36534K(44032K)->40252K(44032K)
[2026-06-17T10:05:40.039+0800][20.832s][info][gc,metaspace   ] GC(824) Metaspace: 116K(320K)->116K(320K) NonClass: 109K(192K)->109K(192K) Class: 7K(128K)->7K(128K)
[2026-06-17T10:05:40.040+0800][20.832s][info][gc             ] GC(824) Pause Young (Allocation Failure) 46M->42M(57M) 3.881ms
[2026-06-17T10:05:40.040+0800][20.833s][info][gc,cpu         ] GC(824) User=0.01s Sys=0.00s Real=0.00s
[2026-06-17T10:05:40.063+0800][20.855s][info][gc,start       ] GC(825) Pause Full (Allocation Failure)
[2026-06-17T10:05:40.064+0800][20.856s][info][gc,phases,start] GC(825) Marking Phase
[2026-06-17T10:05:40.066+0800][20.859s][info][gc,phases      ] GC(825) Marking Phase 2.435ms
[2026-06-17T10:05:40.067+0800][20.859s][info][gc,phases,start] GC(825) Summary Phase
[2026-06-17T10:05:40.067+0800][20.860s][info][gc,phases      ] GC(825) Summary Phase 0.388ms
[2026-06-17T10:05:40.068+0800][20.860s][info][gc,phases,start] GC(825) Forward
[2026-06-17T10:05:40.068+0800][20.861s][info][gc,phases      ] GC(825) Forward 0.813ms
[2026-06-17T10:05:40.069+0800][20.862s][info][gc,phases,start] GC(825) Adjust Pointers
[2026-06-17T10:05:40.070+0800][20.863s][info][gc,phases      ] GC(825) Adjust Pointers 1.095ms
[2026-06-17T10:05:40.070+0800][20.863s][info][gc,phases,start] GC(825) Compaction Phase
[2026-06-17T10:05:40.072+0800][20.865s][info][gc,phases      ] GC(825) Compaction Phase 2.117ms
[2026-06-17T10:05:40.073+0800][20.866s][info][gc,phases,start] GC(825) Post Compact
[2026-06-17T10:05:40.073+0800][20.866s][info][gc,phases      ] GC(825) Post Compact 0.390ms
[2026-06-17T10:05:40.074+0800][20.866s][info][gc,heap        ] GC(825) PSYoungGen: 10637K(14336K)->0K(14336K) Eden: 7167K(7168K)->0K(7168K) From: 3469K(7168K)->0K(7168K)
[2026-06-17T10:05:40.074+0800][20.867s][info][gc,heap        ] GC(825) ParOldGen: 40252K(44032K)->28882K(44032K)
[2026-06-17T10:05:40.074+0800][20.867s][info][gc,metaspace   ] GC(825) Metaspace: 116K(320K)->116K(320K) NonClass: 109K(192K)->109K(192K) Class: 7K(128K)->7K(128K)
[2026-06-17T10:05:40.074+0800][20.867s][info][gc             ] GC(825) Pause Full (Allocation Failure) 49M->28M(57M) 11.396ms
[2026-06-17T10:05:40.074+0800][20.867s][info][gc,cpu         ] GC(825) User=0.00s Sys=0.01s Real=0.01s
[2026-06-17T10:05:40.096+0800][20.888s][info][gc,start       ] GC(826) Pause Young (Allocation Failure)
[2026-06-17T10:05:40.097+0800][20.890s][info][gc,heap        ] GC(826) PSYoungGen: 7146K(14336K)->3822K(14336K) Eden: 7146K(7168K)->0K(7168K) From: 0K(7168K)->3822K(7168K)
[2026-06-17T10:05:40.098+0800][20.890s][info][gc,heap        ] GC(826) ParOldGen: 28882K(44032K)->28882K(44032K)
[2026-06-17T10:05:40.098+0800][20.891s][info][gc,metaspace   ] GC(826) Metaspace: 116K(320K)->116K(320K) NonClass: 109K(192K)->109K(192K) Class: 7K(128K)->7K(128K)
[2026-06-17T10:05:40.098+0800][20.891s][info][gc             ] GC(826) Pause Young (Allocation Failure) 35M->31M(57M) 2.604ms
[2026-06-17T10:05:40.099+0800][20.892s][info][gc,cpu         ] GC(826) User=0.00s Sys=0.00s Real=0.00s
[2026-06-17T10:05:40.110+0800][20.903s][info][gc,start       ] GC(827) Pause Young (Allocation Failure)
[2026-06-17T10:05:40.112+0800][20.905s][info][gc,heap        ] GC(827) PSYoungGen: 10943K(14336K)->7128K(14336K) Eden: 7120K(7168K)->0K(7168K) From: 3822K(7168K)->7128K(7168K)
[2026-06-17T10:05:40.113+0800][20.905s][info][gc,heap        ] GC(827) ParOldGen: 28882K(44032K)->29254K(44032K)
[2026-06-17T10:05:40.113+0800][20.906s][info][gc,metaspace   ] GC(827) Metaspace: 116K(320K)->116K(320K) NonClass: 109K(192K)->109K(192K) Class: 7K(128K)->7K(128K)
[2026-06-17T10:05:40.113+0800][20.906s][info][gc             ] GC(827) Pause Young (Allocation Failure) 38M->35M(57M) 3.108ms
[2026-06-17T10:05:40.114+0800][20.906s][info][gc,cpu         ] GC(827) User=0.01s Sys=0.00s Real=0.01s
[2026-06-17T10:05:40.136+0800][20.928s][info][gc,start       ] GC(828) Pause Young (Allocation Failure)
[2026-06-17T10:05:40.138+0800][20.931s][info][gc,heap        ] GC(828) PSYoungGen: 14260K(14336K)->2970K(14336K) Eden: 7131K(7168K)->0K(7168K) From: 7128K(7168K)->2970K(7168K)
[2026-06-17T10:05:40.139+0800][20.932s][info][gc,heap        ] GC(828) ParOldGen: 29254K(44032K)->33837K(44032K)
[2026-06-17T10:05:40.140+0800][20.932s][info][gc,metaspace   ] GC(828) Metaspace: 116K(320K)->116K(320K) NonClass: 109K(192K)->109K(192K) Class: 7K(128K)->7K(128K)
[2026-06-17T10:05:40.140+0800][20.933s][info][gc             ] GC(828) Pause Young (Allocation Failure) 42M->35M(57M) 4.827ms
[2026-06-17T10:05:40.141+0800][20.934s][info][gc,cpu         ] GC(828) User=0.00s Sys=0.00s Real=0.00s
[2026-06-17T10:05:40.164+0800][20.957s][info][gc,start       ] GC(829) Pause Young (Allocation Failure)
[2026-06-17T10:05:40.166+0800][20.959s][info][gc,heap        ] GC(829) PSYoungGen: 10089K(14336K)->3595K(14336K) Eden: 7119K(7168K)->0K(7168K) From: 2970K(7168K)->3595K(7168K)
[2026-06-17T10:05:40.167+0800][20.960s][info][gc,heap        ] GC(829) ParOldGen: 33837K(44032K)->33837K(44032K)
[2026-06-17T10:05:40.167+0800][20.960s][info][gc,metaspace   ] GC(829) Metaspace: 116K(320K)->116K(320K) NonClass: 109K(192K)->109K(192K) Class: 7K(128K)->7K(128K)
[2026-06-17T10:05:40.168+0800][20.960s][info][gc             ] GC(829) Pause Young (Allocation Failure) 42M->36M(57M) 3.606ms
[2026-06-17T10:05:40.168+0800][20.961s][info][gc,cpu         ] GC(829) User=0.00s Sys=0.00s Real=0.00s
[2026-06-17T10:05:40.180+0800][20.973s][info][gc,start       ] GC(830) Pause Young (Allocation Failure)
[2026-06-17T10:05:40.182+0800][20.975s][info][gc,heap        ] GC(830) PSYoungGen: 10593K(14336K)->1416K(14336K) Eden: 6997K(7168K)->0K(7168K) From: 3595K(7168K)->1416K(7168K)
[2026-06-17T10:05:40.183+0800][20.976s][info][gc,heap        ] GC(830) ParOldGen: 33837K(44032K)->35950K(44032K)
[2026-06-17T10:05:40.184+0800][20.976s][info][gc,metaspace   ] GC(830) Metaspace: 116K(320K)->116K(320K) NonClass: 109K(192K)->109K(192K) Class: 7K(128K)->7K(128K)
[2026-06-17T10:05:40.185+0800][20.978s][info][gc             ] GC(830) Pause Young (Allocation Failure) 43M->36M(57M) 5.112ms
[2026-06-17T10:05:40.186+0800][20.979s][info][gc,cpu         ] GC(830) User=0.01s Sys=0.00s Real=0.01s
[2026-06-17T10:05:40.208+0800][21.001s][info][gc,start       ] GC(831) Pause Young (Allocation Failure)
[2026-06-17T10:05:40.211+0800][21.003s][info][gc,heap        ] GC(831) PSYoungGen: 8560K(14336K)->3589K(14336K) Eden: 7144K(7168K)->0K(7168K) From: 1416K(7168K)->3589K(7168K)
[2026-06-17T10:05:40.211+0800][21.004s][info][gc,heap        ] GC(831) ParOldGen: 35950K(44032K)->37342K(44032K)
[2026-06-17T10:05:40.212+0800][21.004s][info][gc,metaspace   ] GC(831) Metaspace: 116K(320K)->116K(320K) NonClass: 109K(192K)->109K(192K) Class: 7K(128K)->7K(128K)
[2026-06-17T10:05:40.212+0800][21.005s][info][gc             ] GC(831) Pause Young (Allocation Failure) 43M->39M(57M) 3.742ms
[2026-06-17T10:05:40.212+0800][21.005s][info][gc,cpu         ] GC(831) User=0.00s Sys=0.00s Real=0.01s
[2026-06-17T10:05:40.234+0800][21.027s][info][gc,start       ] GC(832) Pause Young (Allocation Failure)
[2026-06-17T10:05:40.236+0800][21.029s][info][gc,heap        ] GC(832) PSYoungGen: 10756K(14336K)->3439K(14336K) Eden: 7167K(7168K)->0K(7168K) From: 3589K(7168K)->3439K(7168K)
[2026-06-17T10:05:40.237+0800][21.029s][info][gc,heap        ] GC(832) ParOldGen: 37342K(44032K)->37978K(44032K)
[2026-06-17T10:05:40.237+0800][21.030s][info][gc,metaspace   ] GC(832) Metaspace: 116K(320K)->116K(320K) NonClass: 109K(192K)->109K(192K) Class: 7K(128K)->7K(128K)
[2026-06-17T10:05:40.238+0800][21.030s][info][gc             ] GC(832) Pause Young (Allocation Failure) 46M->40M(57M) 3.268ms
[2026-06-17T10:05:40.238+0800][21.031s][info][gc,cpu         ] GC(832) User=0.00s Sys=0.00s Real=0.00s
[2026-06-17T10:05:40.260+0800][21.053s][info][gc,start       ] GC(833) Pause Young (Allocation Failure)
[2026-06-17T10:05:40.263+0800][21.055s][info][gc,heap        ] GC(833) PSYoungGen: 10594K(14336K)->1651K(14336K) Eden: 7154K(7168K)->0K(7168K) From: 3439K(7168K)->1651K(7168K)
[2026-06-17T10:05:40.264+0800][21.057s][info][gc,heap        ] GC(833) ParOldGen: 37978K(44032K)->39971K(44032K)
[2026-06-17T10:05:40.264+0800][21.057s][info][gc,metaspace   ] GC(833) Metaspace: 116K(320K)->116K(320K) NonClass: 109K(192K)->109K(192K) Class: 7K(128K)->7K(128K)
[2026-06-17T10:05:40.265+0800][21.057s][info][gc             ] GC(833) Pause Young (Allocation Failure) 47M->40M(57M) 4.102ms
[2026-06-17T10:05:40.265+0800][21.058s][info][gc,cpu         ] GC(833) User=0.00s Sys=0.00s Real=0.01s
[2026-06-17T10:05:40.276+0800][21.069s][info][gc,start       ] GC(834) Pause Full (Allocation Failure)
[2026-06-17T10:05:40.277+0800][21.070s][info][gc,phases,start] GC(834) Marking Phase
[2026-06-17T10:05:40.282+0800][21.075s][info][gc,phases      ] GC(834) Marking Phase 5.135ms
[2026-06-17T10:05:40.283+0800][21.075s][info][gc,phases,start] GC(834) Summary Phase
[2026-06-17T10:05:40.283+0800][21.076s][info][gc,phases      ] GC(834) Summary Phase 0.300ms
[2026-06-17T10:05:40.283+0800][21.076s][info][gc,phases,start] GC(834) Forward
[2026-06-17T10:05:40.284+0800][21.076s][info][gc,phases      ] GC(834) Forward 0.440ms
[2026-06-17T10:05:40.284+0800][21.077s][info][gc,phases,start] GC(834) Adjust Pointers
[2026-06-17T10:05:40.285+0800][21.078s][info][gc,phases      ] GC(834) Adjust Pointers 1.170ms
[2026-06-17T10:05:40.285+0800][21.078s][info][gc,phases,start] GC(834) Compaction Phase
[2026-06-17T10:05:40.288+0800][21.081s][info][gc,phases      ] GC(834) Compaction Phase 2.630ms
[2026-06-17T10:05:40.289+0800][21.081s][info][gc,phases,start] GC(834) Post Compact
[2026-06-17T10:05:40.289+0800][21.082s][info][gc,phases      ] GC(834) Post Compact 0.523ms
[2026-06-17T10:05:40.289+0800][21.082s][info][gc,heap        ] GC(834) PSYoungGen: 8790K(14336K)->0K(14336K) Eden: 7139K(7168K)->0K(7168K) From: 1651K(7168K)->0K(7168K)
[2026-06-17T10:05:40.290+0800][21.082s][info][gc,heap        ] GC(834) ParOldGen: 39971K(44032K)->32041K(44032K)
[2026-06-17T10:05:40.290+0800][21.082s][info][gc,metaspace   ] GC(834) Metaspace: 116K(320K)->116K(320K) NonClass: 109K(192K)->109K(192K) Class: 7K(128K)->7K(128K)
[2026-06-17T10:05:40.290+0800][21.083s][info][gc             ] GC(834) Pause Full (Allocation Failure) 47M->31M(57M) 13.555ms
[2026-06-17T10:05:40.290+0800][21.083s][info][gc,cpu         ] GC(834) User=0.01s Sys=0.00s Real=0.01s
[2026-06-17T10:05:40.311+0800][21.104s][info][gc,start       ] GC(835) Pause Young (Allocation Failure)
[2026-06-17T10:05:40.313+0800][21.106s][info][gc,heap        ] GC(835) PSYoungGen: 7164K(14336K)->3808K(14336K) Eden: 7164K(7168K)->0K(7168K) From: 0K(7168K)->3808K(7168K)
[2026-06-17T10:05:40.314+0800][21.106s][info][gc,heap        ] GC(835) ParOldGen: 32041K(44032K)->32041K(44032K)
[2026-06-17T10:05:40.314+0800][21.107s][info][gc,metaspace   ] GC(835) Metaspace: 116K(320K)->116K(320K) NonClass: 109K(192K)->109K(192K) Class: 7K(128K)->7K(128K)
[2026-06-17T10:05:40.315+0800][21.107s][info][gc             ] GC(835) Pause Young (Allocation Failure) 38M->35M(57M) 3.090ms
[2026-06-17T10:05:40.315+0800][21.108s][info][gc,cpu         ] GC(835) User=0.01s Sys=0.00s Real=0.00s
[2026-06-17T10:05:40.337+0800][21.129s][info][gc,start       ] GC(836) Pause Young (Allocation Failure)
[2026-06-17T10:05:40.338+0800][21.130s][info][gc,heap        ] GC(836) PSYoungGen: 10952K(14336K)->4350K(14336K) Eden: 7144K(7168K)->0K(7168K) From: 3808K(7168K)->4350K(7168K)
[2026-06-17T10:05:40.338+0800][21.131s][info][gc,heap        ] GC(836) ParOldGen: 32041K(44032K)->32041K(44032K)
[2026-06-17T10:05:40.338+0800][21.131s][info][gc,metaspace   ] GC(836) Metaspace: 116K(320K)->116K(320K) NonClass: 109K(192K)->109K(192K) Class: 7K(128K)->7K(128K)
[2026-06-17T10:05:40.338+0800][21.131s][info][gc             ] GC(836) Pause Young (Allocation Failure) 41M->35M(57M) 1.751ms
[2026-06-17T10:05:40.339+0800][21.131s][info][gc,cpu         ] GC(836) User=0.00s Sys=0.00s Real=0.00s
[2026-06-17T10:05:40.350+0800][21.142s][info][gc,start       ] GC(837) Pause Young (Allocation Failure)
[2026-06-17T10:05:40.351+0800][21.144s][info][gc,heap        ] GC(837) PSYoungGen: 11454K(14336K)->4746K(14336K) Eden: 7104K(7168K)->0K(7168K) From: 4350K(7168K)->4746K(7168K)
[2026-06-17T10:05:40.351+0800][21.144s][info][gc,heap        ] GC(837) ParOldGen: 32041K(44032K)->32041K(44032K)
[2026-06-17T10:05:40.351+0800][21.144s][info][gc,metaspace   ] GC(837) Metaspace: 116K(320K)->116K(320K) NonClass: 109K(192K)->109K(192K) Class: 7K(128K)->7K(128K)
[2026-06-17T10:05:40.352+0800][21.144s][info][gc             ] GC(837) Pause Young (Allocation Failure) 42M->35M(57M) 2.072ms
[2026-06-17T10:05:40.352+0800][21.145s][info][gc,cpu         ] GC(837) User=0.00s Sys=0.00s Real=0.01s
[2026-06-17T10:05:40.373+0800][21.166s][info][gc,start       ] GC(838) Pause Young (Allocation Failure)
[2026-06-17T10:05:40.375+0800][21.168s][info][gc,heap        ] GC(838) PSYoungGen: 11890K(14336K)->7109K(14336K) Eden: 7143K(7168K)->0K(7168K) From: 4746K(7168K)->7109K(7168K)
[2026-06-17T10:05:40.376+0800][21.168s][info][gc,heap        ] GC(838) ParOldGen: 32041K(44032K)->33194K(44032K)
[2026-06-17T10:05:40.376+0800][21.169s][info][gc,metaspace   ] GC(838) Metaspace: 116K(320K)->116K(320K) NonClass: 109K(192K)->109K(192K) Class: 7K(128K)->7K(128K)
[2026-06-17T10:05:40.376+0800][21.169s][info][gc             ] GC(838) Pause Young (Allocation Failure) 42M->39M(57M) 2.788ms
[2026-06-17T10:05:40.377+0800][21.169s][info][gc,cpu         ] GC(838) User=0.00s Sys=0.00s Real=0.00s
[2026-06-17T10:05:40.399+0800][21.191s][info][gc,start       ] GC(839) Pause Young (Allocation Failure)
[2026-06-17T10:05:40.400+0800][21.193s][info][gc,heap        ] GC(839) PSYoungGen: 14232K(14336K)->5116K(14336K) Eden: 7122K(7168K)->0K(7168K) From: 7109K(7168K)->5116K(7168K)
[2026-06-17T10:05:40.401+0800][21.194s][info][gc,heap        ] GC(839) ParOldGen: 33194K(44032K)->35399K(44032K)
[2026-06-17T10:05:40.402+0800][21.194s][info][gc,metaspace   ] GC(839) Metaspace: 116K(320K)->116K(320K) NonClass: 109K(192K)->109K(192K) Class: 7K(128K)->7K(128K)
[2026-06-17T10:05:40.402+0800][21.195s][info][gc             ] GC(839) Pause Young (Allocation Failure) 46M->39M(57M) 3.692ms
[2026-06-17T10:05:40.403+0800][21.195s][info][gc,cpu         ] GC(839) User=0.00s Sys=0.00s Real=0.01s
[2026-06-17T10:05:40.425+0800][21.217s][info][gc,start       ] GC(840) Pause Young (Allocation Failure)
[2026-06-17T10:05:40.428+0800][21.221s][info][gc,heap        ] GC(840) PSYoungGen: 12251K(14336K)->3088K(14336K) Eden: 7134K(7168K)->0K(7168K) From: 5116K(7168K)->3088K(7168K)
[2026-06-17T10:05:40.429+0800][21.222s][info][gc,heap        ] GC(840) ParOldGen: 35399K(44032K)->37513K(44032K)
[2026-06-17T10:05:40.433+0800][21.226s][info][gc,metaspace   ] GC(840) Metaspace: 116K(320K)->116K(320K) NonClass: 109K(192K)->109K(192K) Class: 7K(128K)->7K(128K)
[2026-06-17T10:05:40.436+0800][21.229s][info][gc             ] GC(840) Pause Young (Allocation Failure) 46M->39M(57M) 11.233ms
[2026-06-17T10:05:40.437+0800][21.230s][info][gc,cpu         ] GC(840) User=0.00s Sys=0.00s Real=0.01s
[2026-06-17T10:05:40.449+0800][21.242s][info][gc,start       ] GC(841) Pause Young (Allocation Failure)
[2026-06-17T10:05:40.451+0800][21.244s][info][gc,heap        ] GC(841) PSYoungGen: 10224K(14336K)->4929K(14336K) Eden: 7135K(7168K)->0K(7168K) From: 3088K(7168K)->4929K(7168K)
[2026-06-17T10:05:40.452+0800][21.245s][info][gc,heap        ] GC(841) ParOldGen: 37513K(44032K)->39447K(44032K)
[2026-06-17T10:05:40.452+0800][21.245s][info][gc,metaspace   ] GC(841) Metaspace: 116K(320K)->116K(320K) NonClass: 109K(192K)->109K(192K) Class: 7K(128K)->7K(128K)
[2026-06-17T10:05:40.453+0800][21.245s][info][gc             ] GC(841) Pause Young (Allocation Failure) 46M->43M(57M) 3.874ms
[2026-06-17T10:05:40.453+0800][21.246s][info][gc,cpu         ] GC(841) User=0.00s Sys=0.00s Real=0.01s
[2026-06-17T10:05:40.475+0800][21.268s][info][gc,start       ] GC(842) Pause Young (Allocation Failure)
[2026-06-17T10:05:40.478+0800][21.270s][info][gc,heap        ] GC(842) PSYoungGen: 12069K(14336K)->2810K(14336K) Eden: 7140K(7168K)->0K(7168K) From: 4929K(7168K)->2810K(7168K)
[2026-06-17T10:05:40.478+0800][21.271s][info][gc,heap        ] GC(842) ParOldGen: 39447K(44032K)->41626K(44032K)
[2026-06-17T10:05:40.479+0800][21.272s][info][gc,metaspace   ] GC(842) Metaspace: 116K(320K)->116K(320K) NonClass: 109K(192K)->109K(192K) Class: 7K(128K)->7K(128K)
[2026-06-17T10:05:40.479+0800][21.272s][info][gc             ] GC(842) Pause Young (Allocation Failure) 50M->43M(57M) 3.963ms
[2026-06-17T10:05:40.480+0800][21.273s][info][gc,cpu         ] GC(842) User=0.01s Sys=0.00s Real=0.00s
[2026-06-17T10:05:40.502+0800][21.295s][info][gc,start       ] GC(843) Pause Full (Allocation Failure)
[2026-06-17T10:05:40.503+0800][21.296s][info][gc,phases,start] GC(843) Marking Phase
[2026-06-17T10:05:40.506+0800][21.299s][info][gc,phases      ] GC(843) Marking Phase 2.888ms
[2026-06-17T10:05:40.507+0800][21.299s][info][gc,phases,start] GC(843) Summary Phase
[2026-06-17T10:05:40.507+0800][21.300s][info][gc,phases      ] GC(843) Summary Phase 0.495ms
[2026-06-17T10:05:40.507+0800][21.300s][info][gc,phases,start] GC(843) Forward
[2026-06-17T10:05:40.508+0800][21.301s][info][gc,phases      ] GC(843) Forward 0.594ms
[2026-06-17T10:05:40.508+0800][21.301s][info][gc,phases,start] GC(843) Adjust Pointers
[2026-06-17T10:05:40.509+0800][21.302s][info][gc,phases      ] GC(843) Adjust Pointers 1.085ms
[2026-06-17T10:05:40.510+0800][21.303s][info][gc,phases,start] GC(843) Compaction Phase
[2026-06-17T10:05:40.512+0800][21.305s][info][gc,phases      ] GC(843) Compaction Phase 2.457ms
[2026-06-17T10:05:40.513+0800][21.306s][info][gc,phases,start] GC(843) Post Compact
[2026-06-17T10:05:40.513+0800][21.306s][info][gc,phases      ] GC(843) Post Compact 0.392ms
[2026-06-17T10:05:40.514+0800][21.306s][info][gc,heap        ] GC(843) PSYoungGen: 9966K(14336K)->0K(14336K) Eden: 7156K(7168K)->0K(7168K) From: 2810K(7168K)->0K(7168K)
[2026-06-17T10:05:40.514+0800][21.306s][info][gc,heap        ] GC(843) ParOldGen: 41626K(44032K)->28969K(44032K)
[2026-06-17T10:05:40.514+0800][21.307s][info][gc,metaspace   ] GC(843) Metaspace: 116K(320K)->116K(320K) NonClass: 109K(192K)->109K(192K) Class: 7K(128K)->7K(128K)
[2026-06-17T10:05:40.514+0800][21.307s][info][gc             ] GC(843) Pause Full (Allocation Failure) 50M->28M(57M) 11.778ms
[2026-06-17T10:05:40.514+0800][21.307s][info][gc,cpu         ] GC(843) User=0.01s Sys=0.00s Real=0.02s
[2026-06-17T10:05:40.525+0800][21.318s][info][gc,start       ] GC(844) Pause Young (Allocation Failure)
[2026-06-17T10:05:40.526+0800][21.319s][info][gc,heap        ] GC(844) PSYoungGen: 7101K(14336K)->3414K(14336K) Eden: 7101K(7168K)->0K(7168K) From: 0K(7168K)->3414K(7168K)
[2026-06-17T10:05:40.527+0800][21.320s][info][gc,heap        ] GC(844) ParOldGen: 28969K(44032K)->28969K(44032K)
[2026-06-17T10:05:40.527+0800][21.320s][info][gc,metaspace   ] GC(844) Metaspace: 116K(320K)->116K(320K) NonClass: 109K(192K)->109K(192K) Class: 7K(128K)->7K(128K)
[2026-06-17T10:05:40.527+0800][21.320s][info][gc             ] GC(844) Pause Young (Allocation Failure) 35M->31M(57M) 2.029ms
[2026-06-17T10:05:40.528+0800][21.320s][info][gc,cpu         ] GC(844) User=0.00s Sys=0.00s Real=0.00s
[2026-06-17T10:05:40.549+0800][21.342s][info][gc,start       ] GC(845) Pause Young (Allocation Failure)
[2026-06-17T10:05:40.551+0800][21.344s][info][gc,heap        ] GC(845) PSYoungGen: 10540K(14336K)->7010K(14336K) Eden: 7126K(7168K)->0K(7168K) From: 3414K(7168K)->7010K(7168K)
[2026-06-17T10:05:40.552+0800][21.345s][info][gc,heap        ] GC(845) ParOldGen: 28969K(44032K)->29452K(44032K)
[2026-06-17T10:05:40.552+0800][21.345s][info][gc,metaspace   ] GC(845) Metaspace: 116K(320K)->116K(320K) NonClass: 109K(192K)->109K(192K) Class: 7K(128K)->7K(128K)
[2026-06-17T10:05:40.553+0800][21.345s][info][gc             ] GC(845) Pause Young (Allocation Failure) 38M->35M(57M) 3.167ms
[2026-06-17T10:05:40.553+0800][21.346s][info][gc,cpu         ] GC(845) User=0.00s Sys=0.00s Real=0.01s
[2026-06-17T10:05:40.575+0800][21.368s][info][gc,start       ] GC(846) Pause Young (Allocation Failure)
[2026-06-17T10:05:40.579+0800][21.371s][info][gc,heap        ] GC(846) PSYoungGen: 14166K(14336K)->2652K(14336K) Eden: 7156K(7168K)->0K(7168K) From: 7010K(7168K)->2652K(7168K)
[2026-06-17T10:05:40.579+0800][21.372s][info][gc,heap        ] GC(846) ParOldGen: 29452K(44032K)->34261K(44032K)
[2026-06-17T10:05:40.580+0800][21.372s][info][gc,metaspace   ] GC(846) Metaspace: 116K(320K)->116K(320K) NonClass: 109K(192K)->109K(192K) Class: 7K(128K)->7K(128K)
[2026-06-17T10:05:40.580+0800][21.373s][info][gc             ] GC(846) Pause Young (Allocation Failure) 42M->36M(57M) 4.778ms
[2026-06-17T10:05:40.581+0800][21.374s][info][gc,cpu         ] GC(846) User=0.01s Sys=0.00s Real=0.00s
[2026-06-17T10:05:40.603+0800][21.396s][info][gc,start       ] GC(847) Pause Young (Allocation Failure)
[2026-06-17T10:05:40.604+0800][21.397s][info][gc,heap        ] GC(847) PSYoungGen: 9796K(14336K)->675K(14336K) Eden: 7143K(7168K)->0K(7168K) From: 2652K(7168K)->675K(7168K)
[2026-06-17T10:05:40.605+0800][21.398s][info][gc,heap        ] GC(847) ParOldGen: 34261K(44032K)->36113K(44032K)
[2026-06-17T10:05:40.605+0800][21.398s][info][gc,metaspace   ] GC(847) Metaspace: 116K(320K)->116K(320K) NonClass: 109K(192K)->109K(192K) Class: 7K(128K)->7K(128K)
[2026-06-17T10:05:40.607+0800][21.400s][info][gc             ] GC(847) Pause Young (Allocation Failure) 43M->35M(57M) 3.912ms
[2026-06-17T10:05:40.607+0800][21.400s][info][gc,cpu         ] GC(847) User=0.00s Sys=0.00s Real=0.00s
[2026-06-17T10:05:40.620+0800][21.413s][info][gc,start       ] GC(848) Pause Young (Allocation Failure)
[2026-06-17T10:05:40.622+0800][21.415s][info][gc,heap        ] GC(848) PSYoungGen: 7824K(14336K)->4378K(14336K) Eden: 7149K(7168K)->0K(7168K) From: 675K(7168K)->4378K(7168K)
[2026-06-17T10:05:40.623+0800][21.416s][info][gc,heap        ] GC(848) ParOldGen: 36113K(44032K)->36113K(44032K)
[2026-06-17T10:05:40.624+0800][21.416s][info][gc,metaspace   ] GC(848) Metaspace: 116K(320K)->116K(320K) NonClass: 109K(192K)->109K(192K) Class: 7K(128K)->7K(128K)
[2026-06-17T10:05:40.624+0800][21.417s][info][gc             ] GC(848) Pause Young (Allocation Failure) 42M->39M(57M) 4.230ms
[2026-06-17T10:05:40.625+0800][21.417s][info][gc,cpu         ] GC(848) User=0.00s Sys=0.00s Real=0.01s
[2026-06-17T10:05:40.647+0800][21.439s][info][gc,start       ] GC(849) Pause Young (Allocation Failure)
[2026-06-17T10:05:40.648+0800][21.441s][info][gc,heap        ] GC(849) PSYoungGen: 11540K(14336K)->2769K(14336K) Eden: 7161K(7168K)->0K(7168K) From: 4378K(7168K)->2769K(7168K)
[2026-06-17T10:05:40.649+0800][21.441s][info][gc,heap        ] GC(849) ParOldGen: 36113K(44032K)->38141K(44032K)
[2026-06-17T10:05:40.649+0800][21.442s][info][gc,metaspace   ] GC(849) Metaspace: 116K(320K)->116K(320K) NonClass: 109K(192K)->109K(192K) Class: 7K(128K)->7K(128K)
[2026-06-17T10:05:40.650+0800][21.442s][info][gc             ] GC(849) Pause Young (Allocation Failure) 46M->39M(57M) 3.127ms
[2026-06-17T10:05:40.650+0800][21.443s][info][gc,cpu         ] GC(849) User=0.01s Sys=0.00s Real=0.00s
[2026-06-17T10:05:40.672+0800][21.465s][info][gc,start       ] GC(850) Pause Young (Allocation Failure)
[2026-06-17T10:05:40.673+0800][21.466s][info][gc,heap        ] GC(850) PSYoungGen: 9921K(14336K)->3094K(14336K) Eden: 7151K(7168K)->0K(7168K) From: 2769K(7168K)->3094K(7168K)
[2026-06-17T10:05:40.674+0800][21.466s][info][gc,heap        ] GC(850) ParOldGen: 38141K(44032K)->38141K(44032K)
[2026-06-17T10:05:40.674+0800][21.467s][info][gc,metaspace   ] GC(850) Metaspace: 116K(320K)->116K(320K) NonClass: 109K(192K)->109K(192K) Class: 7K(128K)->7K(128K)
[2026-06-17T10:05:40.675+0800][21.468s][info][gc             ] GC(850) Pause Young (Allocation Failure) 46M->40M(57M) 2.970ms
[2026-06-17T10:05:40.675+0800][21.468s][info][gc,cpu         ] GC(850) User=0.00s Sys=0.00s Real=0.00s
[2026-06-17T10:05:40.687+0800][21.479s][info][gc,start       ] GC(851) Pause Young (Allocation Failure)
[2026-06-17T10:05:40.688+0800][21.481s][info][gc,heap        ] GC(851) PSYoungGen: 10141K(14336K)->3349K(14336K) Eden: 7046K(7168K)->0K(7168K) From: 3094K(7168K)->3349K(7168K)
[2026-06-17T10:05:40.688+0800][21.481s][info][gc,heap        ] GC(851) ParOldGen: 38141K(44032K)->38141K(44032K)
[2026-06-17T10:05:40.688+0800][21.481s][info][gc,metaspace   ] GC(851) Metaspace: 116K(320K)->116K(320K) NonClass: 109K(192K)->109K(192K) Class: 7K(128K)->7K(128K)
[2026-06-17T10:05:40.689+0800][21.482s][info][gc             ] GC(851) Pause Young (Allocation Failure) 47M->40M(57M) 2.353ms
[2026-06-17T10:05:40.689+0800][21.482s][info][gc,cpu         ] GC(851) User=0.00s Sys=0.00s Real=0.00s
[2026-06-17T10:05:40.711+0800][21.504s][info][gc,start       ] GC(852) Pause Young (Allocation Failure)
[2026-06-17T10:05:40.713+0800][21.506s][info][gc,heap        ] GC(852) PSYoungGen: 10486K(14336K)->6943K(14336K) Eden: 7136K(7168K)->0K(7168K) From: 3349K(7168K)->6943K(7168K)
[2026-06-17T10:05:40.714+0800][21.507s][info][gc,heap        ] GC(852) ParOldGen: 38141K(44032K)->38141K(44032K)
[2026-06-17T10:05:40.715+0800][21.507s][info][gc,metaspace   ] GC(852) Metaspace: 116K(320K)->116K(320K) NonClass: 109K(192K)->109K(192K) Class: 7K(128K)->7K(128K)
[2026-06-17T10:05:40.715+0800][21.508s][info][gc             ] GC(852) Pause Young (Allocation Failure) 47M->44M(57M) 3.801ms
[2026-06-17T10:05:40.716+0800][21.508s][info][gc,cpu         ] GC(852) User=0.00s Sys=0.00s Real=0.00s
[2026-06-17T10:05:40.727+0800][21.520s][info][gc,start       ] GC(853) Pause Young (Allocation Failure)
[2026-06-17T10:05:40.729+0800][21.522s][info][gc,heap        ] GC(853) PSYoungGen: 13927K(14336K)->3657K(14336K) Eden: 6983K(7168K)->0K(7168K) From: 6943K(7168K)->3657K(7168K)
[2026-06-17T10:05:40.730+0800][21.522s][info][gc,heap        ] GC(853) ParOldGen: 38141K(44032K)->41442K(44032K)
[2026-06-17T10:05:40.730+0800][21.523s][info][gc,metaspace   ] GC(853) Metaspace: 116K(320K)->116K(320K) NonClass: 109K(192K)->109K(192K) Class: 7K(128K)->7K(128K)
[2026-06-17T10:05:40.731+0800][21.523s][info][gc             ] GC(853) Pause Young (Allocation Failure) 50M->44M(57M) 3.313ms
[2026-06-17T10:05:40.732+0800][21.525s][info][gc,cpu         ] GC(853) User=0.01s Sys=0.00s Real=0.01s
[2026-06-17T10:05:40.754+0800][21.547s][info][gc,start       ] GC(854) Pause Full (Allocation Failure)
[2026-06-17T10:05:40.755+0800][21.548s][info][gc,phases,start] GC(854) Marking Phase
[2026-06-17T10:05:40.757+0800][21.550s][info][gc,phases      ] GC(854) Marking Phase 1.970ms
[2026-06-17T10:05:40.757+0800][21.550s][info][gc,phases,start] GC(854) Summary Phase
[2026-06-17T10:05:40.758+0800][21.551s][info][gc,phases      ] GC(854) Summary Phase 1.009ms
[2026-06-17T10:05:40.759+0800][21.551s][info][gc,phases,start] GC(854) Forward
[2026-06-17T10:05:40.763+0800][21.555s][info][gc,phases      ] GC(854) Forward 3.873ms
[2026-06-17T10:05:40.763+0800][21.556s][info][gc,phases,start] GC(854) Adjust Pointers
[2026-06-17T10:05:40.765+0800][21.558s][info][gc,phases      ] GC(854) Adjust Pointers 1.377ms
[2026-06-17T10:05:40.778+0800][21.570s][info][gc,phases,start] GC(854) Compaction Phase
[2026-06-17T10:05:40.781+0800][21.574s][info][gc,phases      ] GC(854) Compaction Phase 3.613ms
[2026-06-17T10:05:40.782+0800][21.575s][info][gc,phases,start] GC(854) Post Compact
[2026-06-17T10:05:40.785+0800][21.578s][info][gc,phases      ] GC(854) Post Compact 2.839ms
[2026-06-17T10:05:40.786+0800][21.579s][info][gc,heap        ] GC(854) PSYoungGen: 10773K(14336K)->0K(14336K) Eden: 7116K(7168K)->0K(7168K) From: 3657K(7168K)->0K(7168K)
[2026-06-17T10:05:40.786+0800][21.579s][info][gc,heap        ] GC(854) ParOldGen: 41442K(44032K)->36909K(44032K)
[2026-06-17T10:05:40.787+0800][21.580s][info][gc,metaspace   ] GC(854) Metaspace: 116K(320K)->116K(320K) NonClass: 109K(192K)->109K(192K) Class: 7K(128K)->7K(128K)
[2026-06-17T10:05:40.787+0800][21.580s][info][gc             ] GC(854) Pause Full (Allocation Failure) 50M->36M(57M) 33.084ms
[2026-06-17T10:05:40.788+0800][21.581s][info][gc,cpu         ] GC(854) User=0.00s Sys=0.01s Real=0.03s
[2026-06-17T10:05:40.810+0800][21.603s][info][gc,start       ] GC(855) Pause Young (Allocation Failure)
[2026-06-17T10:05:40.812+0800][21.605s][info][gc,heap        ] GC(855) PSYoungGen: 7118K(14336K)->3683K(14336K) Eden: 7118K(7168K)->0K(7168K) From: 0K(7168K)->3683K(7168K)
[2026-06-17T10:05:40.812+0800][21.605s][info][gc,heap        ] GC(855) ParOldGen: 36909K(44032K)->36909K(44032K)
[2026-06-17T10:05:40.813+0800][21.606s][info][gc,metaspace   ] GC(855) Metaspace: 116K(320K)->116K(320K) NonClass: 109K(192K)->109K(192K) Class: 7K(128K)->7K(128K)
[2026-06-17T10:05:40.813+0800][21.606s][info][gc             ] GC(855) Pause Young (Allocation Failure) 42M->39M(57M) 3.123ms
[2026-06-17T10:05:40.814+0800][21.607s][info][gc,cpu         ] GC(855) User=0.00s Sys=0.00s Real=0.01s
[2026-06-17T10:05:40.836+0800][21.629s][info][gc,start       ] GC(856) Pause Young (Allocation Failure)
[2026-06-17T10:05:40.838+0800][21.630s][info][gc,heap        ] GC(856) PSYoungGen: 10842K(14336K)->3970K(14336K) Eden: 7158K(7168K)->0K(7168K) From: 3683K(7168K)->3970K(7168K)
[2026-06-17T10:05:40.838+0800][21.631s][info][gc,heap        ] GC(856) ParOldGen: 36909K(44032K)->36909K(44032K)
[2026-06-17T10:05:40.839+0800][21.631s][info][gc,metaspace   ] GC(856) Metaspace: 116K(320K)->116K(320K) NonClass: 109K(192K)->109K(192K) Class: 7K(128K)->7K(128K)
[2026-06-17T10:05:40.839+0800][21.632s][info][gc             ] GC(856) Pause Young (Allocation Failure) 46M->39M(57M) 2.789ms
[2026-06-17T10:05:40.839+0800][21.632s][info][gc,cpu         ] GC(856) User=0.01s Sys=0.00s Real=0.00s
[2026-06-17T10:05:40.851+0800][21.644s][info][gc,start       ] GC(857) Pause Young (Allocation Failure)
[2026-06-17T10:05:40.852+0800][21.645s][info][gc,heap        ] GC(857) PSYoungGen: 11133K(14336K)->7127K(14336K) Eden: 7163K(7168K)->0K(7168K) From: 3970K(7168K)->7127K(7168K)
[2026-06-17T10:05:40.853+0800][21.645s][info][gc,heap        ] GC(857) ParOldGen: 36909K(44032K)->37679K(44032K)
[2026-06-17T10:05:40.853+0800][21.646s][info][gc,metaspace   ] GC(857) Metaspace: 116K(320K)->116K(320K) NonClass: 109K(192K)->109K(192K) Class: 7K(128K)->7K(128K)
[2026-06-17T10:05:40.853+0800][21.646s][info][gc             ] GC(857) Pause Young (Allocation Failure) 46M->43M(57M) 2.440ms
[2026-06-17T10:05:40.854+0800][21.646s][info][gc,cpu         ] GC(857) User=0.00s Sys=0.00s Real=0.00s
[2026-06-17T10:05:40.875+0800][21.668s][info][gc,start       ] GC(858) Pause Young (Allocation Failure)
[2026-06-17T10:05:40.877+0800][21.670s][info][gc,heap        ] GC(858) PSYoungGen: 14295K(14336K)->2472K(14336K) Eden: 7168K(7168K)->0K(7168K) From: 7127K(7168K)->2472K(7168K)
[2026-06-17T10:05:40.877+0800][21.670s][info][gc,heap        ] GC(858) ParOldGen: 37679K(44032K)->39084K(44032K)
[2026-06-17T10:05:40.878+0800][21.671s][info][gc,metaspace   ] GC(858) Metaspace: 116K(320K)->116K(320K) NonClass: 109K(192K)->109K(192K) Class: 7K(128K)->7K(128K)
[2026-06-17T10:05:40.879+0800][21.671s][info][gc             ] GC(858) Pause Young (Allocation Failure) 50M->40M(57M) 3.212ms
[2026-06-17T10:05:40.879+0800][21.672s][info][gc,cpu         ] GC(858) User=0.00s Sys=0.00s Real=0.00s
[2026-06-17T10:05:40.901+0800][21.693s][info][gc,start       ] GC(859) Pause Young (Allocation Failure)
[2026-06-17T10:05:40.903+0800][21.696s][info][gc,heap        ] GC(859) PSYoungGen: 9609K(14336K)->3711K(14336K) Eden: 7137K(7168K)->0K(7168K) From: 2472K(7168K)->3711K(7168K)
[2026-06-17T10:05:40.942+0800][21.734s][info][gc,heap        ] GC(859) ParOldGen: 39084K(44032K)->41500K(44032K)
[2026-06-17T10:05:40.943+0800][21.735s][info][gc,metaspace   ] GC(859) Metaspace: 116K(320K)->116K(320K) NonClass: 109K(192K)->109K(192K) Class: 7K(128K)->7K(128K)
[2026-06-17T10:05:40.943+0800][21.736s][info][gc             ] GC(859) Pause Young (Allocation Failure) 47M->44M(57M) 42.885ms
[2026-06-17T10:05:40.946+0800][21.739s][info][gc,cpu         ] GC(859) User=0.00s Sys=0.00s Real=0.05s
[2026-06-17T10:05:40.972+0800][21.764s][info][gc,start       ] GC(860) Pause Full (Allocation Failure)
[2026-06-17T10:05:40.979+0800][21.772s][info][gc,phases,start] GC(860) Marking Phase
[2026-06-17T10:05:40.982+0800][21.774s][info][gc,phases      ] GC(860) Marking Phase 2.725ms
[2026-06-17T10:05:40.985+0800][21.777s][info][gc,phases,start] GC(860) Summary Phase
[2026-06-17T10:05:40.985+0800][21.778s][info][gc,phases      ] GC(860) Summary Phase 0.732ms
[2026-06-17T10:05:40.986+0800][21.778s][info][gc,phases,start] GC(860) Forward
[2026-06-17T10:05:41.013+0800][21.806s][info][gc,phases      ] GC(860) Forward 27.653ms
[2026-06-17T10:05:41.015+0800][21.808s][info][gc,phases,start] GC(860) Adjust Pointers
[2026-06-17T10:05:41.027+0800][21.819s][info][gc,phases      ] GC(860) Adjust Pointers 11.221ms
[2026-06-17T10:05:41.028+0800][21.821s][info][gc,phases,start] GC(860) Compaction Phase
[2026-06-17T10:05:41.036+0800][21.828s][info][gc,phases      ] GC(860) Compaction Phase 7.134ms
[2026-06-17T10:05:41.043+0800][21.836s][info][gc,phases,start] GC(860) Post Compact
[2026-06-17T10:05:41.044+0800][21.837s][info][gc,phases      ] GC(860) Post Compact 1.057ms
[2026-06-17T10:05:41.051+0800][21.844s][info][gc,heap        ] GC(860) PSYoungGen: 10878K(14336K)->0K(14336K) Eden: 7166K(7168K)->0K(7168K) From: 3711K(7168K)->0K(7168K)
[2026-06-17T10:05:41.052+0800][21.844s][info][gc,heap        ] GC(860) ParOldGen: 41500K(44032K)->32155K(44032K)
[2026-06-17T10:05:41.052+0800][21.845s][info][gc,metaspace   ] GC(860) Metaspace: 116K(320K)->116K(320K) NonClass: 109K(192K)->109K(192K) Class: 7K(128K)->7K(128K)
[2026-06-17T10:05:41.052+0800][21.845s][info][gc             ] GC(860) Pause Full (Allocation Failure) 51M->31M(57M) 80.968ms
[2026-06-17T10:05:41.053+0800][21.846s][info][gc,cpu         ] GC(860) User=0.02s Sys=0.00s Real=0.08s
[2026-06-17T10:05:41.075+0800][21.868s][info][gc,start       ] GC(861) Pause Young (Allocation Failure)
[2026-06-17T10:05:41.076+0800][21.869s][info][gc,heap        ] GC(861) PSYoungGen: 7144K(14336K)->3748K(14336K) Eden: 7144K(7168K)->0K(7168K) From: 0K(7168K)->3748K(7168K)
[2026-06-17T10:05:41.077+0800][21.870s][info][gc,heap        ] GC(861) ParOldGen: 32155K(44032K)->32155K(44032K)
[2026-06-17T10:05:41.078+0800][21.870s][info][gc,metaspace   ] GC(861) Metaspace: 116K(320K)->116K(320K) NonClass: 109K(192K)->109K(192K) Class: 7K(128K)->7K(128K)
[2026-06-17T10:05:41.078+0800][21.871s][info][gc             ] GC(861) Pause Young (Allocation Failure) 38M->35M(57M) 3.290ms
[2026-06-17T10:05:41.079+0800][21.872s][info][gc,cpu         ] GC(861) User=0.00s Sys=0.00s Real=0.00s
[2026-06-17T10:05:41.091+0800][21.883s][info][gc,start       ] GC(862) Pause Young (Allocation Failure)
[2026-06-17T10:05:41.092+0800][21.885s][info][gc,heap        ] GC(862) PSYoungGen: 10902K(14336K)->4404K(14336K) Eden: 7153K(7168K)->0K(7168K) From: 3748K(7168K)->4404K(7168K)
[2026-06-17T10:05:41.093+0800][21.885s][info][gc,heap        ] GC(862) ParOldGen: 32155K(44032K)->35095K(44032K)
[2026-06-17T10:05:41.093+0800][21.886s][info][gc,metaspace   ] GC(862) Metaspace: 116K(320K)->116K(320K) NonClass: 109K(192K)->109K(192K) Class: 7K(128K)->7K(128K)
[2026-06-17T10:05:41.094+0800][21.886s][info][gc             ] GC(862) Pause Young (Allocation Failure) 42M->38M(57M) 3.142ms
[2026-06-17T10:05:41.094+0800][21.887s][info][gc,cpu         ] GC(862) User=0.00s Sys=0.00s Real=0.00s
[2026-06-17T10:05:41.116+0800][21.909s][info][gc,start       ] GC(863) Pause Young (Allocation Failure)
[2026-06-17T10:05:41.119+0800][21.911s][info][gc,heap        ] GC(863) PSYoungGen: 11545K(14336K)->4549K(14336K) Eden: 7141K(7168K)->0K(7168K) From: 4404K(7168K)->4549K(7168K)
[2026-06-17T10:05:41.121+0800][21.913s][info][gc,heap        ] GC(863) ParOldGen: 35095K(44032K)->35095K(44032K)
[2026-06-17T10:05:41.123+0800][21.916s][info][gc,metaspace   ] GC(863) Metaspace: 116K(320K)->116K(320K) NonClass: 109K(192K)->109K(192K) Class: 7K(128K)->7K(128K)
[2026-06-17T10:05:41.127+0800][21.920s][info][gc             ] GC(863) Pause Young (Allocation Failure) 45M->38M(57M) 11.491ms
[2026-06-17T10:05:41.128+0800][21.921s][info][gc,cpu         ] GC(863) User=0.00s Sys=0.00s Real=0.01s
[2026-06-17T10:05:41.141+0800][21.934s][info][gc,start       ] GC(864) Pause Young (Allocation Failure)
[2026-06-17T10:05:41.143+0800][21.936s][info][gc,heap        ] GC(864) PSYoungGen: 11717K(14336K)->7106K(14336K) Eden: 7168K(7168K)->0K(7168K) From: 4549K(7168K)->7106K(7168K)
[2026-06-17T10:05:41.144+0800][21.936s][info][gc,heap        ] GC(864) ParOldGen: 35095K(44032K)->36359K(44032K)
[2026-06-17T10:05:41.144+0800][21.937s][info][gc,metaspace   ] GC(864) Metaspace: 116K(320K)->116K(320K) NonClass: 109K(192K)->109K(192K) Class: 7K(128K)->7K(128K)
[2026-06-17T10:05:41.145+0800][21.938s][info][gc             ] GC(864) Pause Young (Allocation Failure) 45M->42M(57M) 4.096ms
[2026-06-17T10:05:41.146+0800][21.939s][info][gc,cpu         ] GC(864) User=0.00s Sys=0.00s Real=0.01s
[2026-06-17T10:05:41.169+0800][21.961s][info][gc,start       ] GC(865) Pause Young (Allocation Failure)
[2026-06-17T10:05:41.171+0800][21.964s][info][gc,heap        ] GC(865) PSYoungGen: 14259K(14336K)->5254K(14336K) Eden: 7153K(7168K)->0K(7168K) From: 7106K(7168K)->5254K(7168K)
[2026-06-17T10:05:41.172+0800][21.964s][info][gc,heap        ] GC(865) ParOldGen: 36359K(44032K)->38511K(44032K)
[2026-06-17T10:05:41.172+0800][21.965s][info][gc,metaspace   ] GC(865) Metaspace: 116K(320K)->116K(320K) NonClass: 109K(192K)->109K(192K) Class: 7K(128K)->7K(128K)
[2026-06-17T10:05:41.173+0800][21.966s][info][gc             ] GC(865) Pause Young (Allocation Failure) 49M->42M(57M) 4.251ms
[2026-06-17T10:05:41.174+0800][21.966s][info][gc,cpu         ] GC(865) User=0.01s Sys=0.00s Real=0.01s
[2026-06-17T10:05:41.196+0800][21.989s][info][gc,start       ] GC(866) Pause Young (Allocation Failure)
[2026-06-17T10:05:41.199+0800][21.991s][info][gc,heap        ] GC(866) PSYoungGen: 12407K(14336K)->3412K(14336K) Eden: 7153K(7168K)->0K(7168K) From: 5254K(7168K)->3412K(7168K)
[2026-06-17T10:05:41.199+0800][21.992s][info][gc,heap        ] GC(866) ParOldGen: 38511K(44032K)->40430K(44032K)
[2026-06-17T10:05:41.200+0800][21.993s][info][gc,metaspace   ] GC(866) Metaspace: 116K(320K)->116K(320K) NonClass: 109K(192K)->109K(192K) Class: 7K(128K)->7K(128K)
[2026-06-17T10:05:41.201+0800][21.993s][info][gc             ] GC(866) Pause Young (Allocation Failure) 49M->42M(57M) 4.467ms
[2026-06-17T10:05:41.201+0800][21.994s][info][gc,cpu         ] GC(866) User=0.00s Sys=0.00s Real=0.00s
[2026-06-17T10:05:41.213+0800][22.006s][info][gc,start       ] GC(867) Pause Full (Allocation Failure)
[2026-06-17T10:05:41.214+0800][22.007s][info][gc,phases,start] GC(867) Marking Phase
[2026-06-17T10:05:41.217+0800][22.010s][info][gc,phases      ] GC(867) Marking Phase 2.690ms
[2026-06-17T10:05:41.217+0800][22.010s][info][gc,phases,start] GC(867) Summary Phase
[2026-06-17T10:05:41.218+0800][22.011s][info][gc,phases      ] GC(867) Summary Phase 0.555ms
[2026-06-17T10:05:41.218+0800][22.011s][info][gc,phases,start] GC(867) Forward
[2026-06-17T10:05:41.219+0800][22.012s][info][gc,phases      ] GC(867) Forward 0.503ms
[2026-06-17T10:05:41.219+0800][22.012s][info][gc,phases,start] GC(867) Adjust Pointers
[2026-06-17T10:05:41.221+0800][22.014s][info][gc,phases      ] GC(867) Adjust Pointers 1.497ms
[2026-06-17T10:05:41.221+0800][22.014s][info][gc,phases,start] GC(867) Compaction Phase
[2026-06-17T10:05:41.223+0800][22.016s][info][gc,phases      ] GC(867) Compaction Phase 1.841ms
[2026-06-17T10:05:41.223+0800][22.016s][info][gc,phases,start] GC(867) Post Compact
[2026-06-17T10:05:41.224+0800][22.017s][info][gc,phases      ] GC(867) Post Compact 0.346ms
[2026-06-17T10:05:41.224+0800][22.017s][info][gc,heap        ] GC(867) PSYoungGen: 10510K(14336K)->0K(14336K) Eden: 7097K(7168K)->0K(7168K) From: 3412K(7168K)->0K(7168K)
[2026-06-17T10:05:41.224+0800][22.017s][info][gc,heap        ] GC(867) ParOldGen: 40430K(44032K)->30328K(44032K)
[2026-06-17T10:05:41.224+0800][22.017s][info][gc,metaspace   ] GC(867) Metaspace: 116K(320K)->116K(320K) NonClass: 109K(192K)->109K(192K) Class: 7K(128K)->7K(128K)
[2026-06-17T10:05:41.225+0800][22.017s][info][gc             ] GC(867) Pause Full (Allocation Failure) 49M->29M(57M) 11.280ms
[2026-06-17T10:05:41.225+0800][22.018s][info][gc,cpu         ] GC(867) User=0.01s Sys=0.00s Real=0.01s
[2026-06-17T10:05:41.247+0800][22.039s][info][gc,start       ] GC(868) Pause Young (Allocation Failure)
[2026-06-17T10:05:41.248+0800][22.041s][info][gc,heap        ] GC(868) PSYoungGen: 7140K(14336K)->3897K(14336K) Eden: 7140K(7168K)->0K(7168K) From: 0K(7168K)->3897K(7168K)
[2026-06-17T10:05:41.249+0800][22.042s][info][gc,heap        ] GC(868) ParOldGen: 30328K(44032K)->30328K(44032K)
[2026-06-17T10:05:41.250+0800][22.042s][info][gc,metaspace   ] GC(868) Metaspace: 116K(320K)->116K(320K) NonClass: 109K(192K)->109K(192K) Class: 7K(128K)->7K(128K)
[2026-06-17T10:05:41.250+0800][22.043s][info][gc             ] GC(868) Pause Young (Allocation Failure) 36M->33M(57M) 3.825ms
[2026-06-17T10:05:41.251+0800][22.044s][info][gc,cpu         ] GC(868) User=0.00s Sys=0.00s Real=0.01s
[2026-06-17T10:05:41.273+0800][22.066s][info][gc,start       ] GC(869) Pause Young (Allocation Failure)
[2026-06-17T10:05:41.276+0800][22.069s][info][gc,heap        ] GC(869) PSYoungGen: 11065K(14336K)->2888K(14336K) Eden: 7168K(7168K)->0K(7168K) From: 3897K(7168K)->2888K(7168K)
[2026-06-17T10:05:41.277+0800][22.069s][info][gc,heap        ] GC(869) ParOldGen: 30328K(44032K)->31677K(44032K)
[2026-06-17T10:05:41.277+0800][22.070s][info][gc,metaspace   ] GC(869) Metaspace: 116K(320K)->116K(320K) NonClass: 109K(192K)->109K(192K) Class: 7K(128K)->7K(128K)
[2026-06-17T10:05:41.278+0800][22.071s][info][gc             ] GC(869) Pause Young (Allocation Failure) 40M->33M(57M) 4.550ms
[2026-06-17T10:05:41.279+0800][22.071s][info][gc,cpu         ] GC(869) User=0.00s Sys=0.00s Real=0.00s
[2026-06-17T10:05:41.301+0800][22.094s][info][gc,start       ] GC(870) Pause Young (Allocation Failure)
[2026-06-17T10:05:41.303+0800][22.095s][info][gc,heap        ] GC(870) PSYoungGen: 10048K(14336K)->3224K(14336K) Eden: 7159K(7168K)->0K(7168K) From: 2888K(7168K)->3224K(7168K)
[2026-06-17T10:05:41.303+0800][22.096s][info][gc,heap        ] GC(870) ParOldGen: 31677K(44032K)->31677K(44032K)
[2026-06-17T10:05:41.304+0800][22.097s][info][gc,metaspace   ] GC(870) Metaspace: 116K(320K)->116K(320K) NonClass: 109K(192K)->109K(192K) Class: 7K(128K)->7K(128K)
[2026-06-17T10:05:41.305+0800][22.098s][info][gc             ] GC(870) Pause Young (Allocation Failure) 40M->34M(57M) 4.003ms
[2026-06-17T10:05:41.305+0800][22.098s][info][gc,cpu         ] GC(870) User=0.00s Sys=0.00s Real=0.01s
[2026-06-17T10:05:41.328+0800][22.120s][info][gc,start       ] GC(871) Pause Young (Allocation Failure)
[2026-06-17T10:05:41.329+0800][22.122s][info][gc,heap        ] GC(871) PSYoungGen: 10374K(14336K)->3560K(14336K) Eden: 7150K(7168K)->0K(7168K) From: 3224K(7168K)->3560K(7168K)
[2026-06-17T10:05:41.329+0800][22.122s][info][gc,heap        ] GC(871) ParOldGen: 31677K(44032K)->31677K(44032K)
[2026-06-17T10:05:41.330+0800][22.123s][info][gc,metaspace   ] GC(871) Metaspace: 116K(320K)->116K(320K) NonClass: 109K(192K)->109K(192K) Class: 7K(128K)->7K(128K)
[2026-06-17T10:05:41.330+0800][22.123s][info][gc             ] GC(871) Pause Young (Allocation Failure) 41M->34M(57M) 2.476ms
[2026-06-17T10:05:41.330+0800][22.123s][info][gc,cpu         ] GC(871) User=0.00s Sys=0.00s Real=0.00s
[2026-06-17T10:05:41.341+0800][22.134s][info][gc,start       ] GC(872) Pause Young (Allocation Failure)
[2026-06-17T10:05:41.343+0800][22.135s][info][gc,heap        ] GC(872) PSYoungGen: 10668K(14336K)->3650K(14336K) Eden: 7108K(7168K)->0K(7168K) From: 3560K(7168K)->3650K(7168K)
[2026-06-17T10:05:41.343+0800][22.136s][info][gc,heap        ] GC(872) ParOldGen: 31677K(44032K)->31677K(44032K)
[2026-06-17T10:05:41.343+0800][22.136s][info][gc,metaspace   ] GC(872) Metaspace: 116K(320K)->116K(320K) NonClass: 109K(192K)->109K(192K) Class: 7K(128K)->7K(128K)
[2026-06-17T10:05:41.343+0800][22.136s][info][gc             ] GC(872) Pause Young (Allocation Failure) 41M->34M(57M) 1.928ms
[2026-06-17T10:05:41.344+0800][22.136s][info][gc,cpu         ] GC(872) User=0.00s Sys=0.00s Real=0.01s
[2026-06-17T10:05:41.365+0800][22.158s][info][gc,start       ] GC(873) Pause Young (Allocation Failure)
[2026-06-17T10:05:41.368+0800][22.160s][info][gc,heap        ] GC(873) PSYoungGen: 10786K(14336K)->6937K(14336K) Eden: 7135K(7168K)->0K(7168K) From: 3650K(7168K)->6937K(7168K)
[2026-06-17T10:05:41.368+0800][22.161s][info][gc,heap        ] GC(873) ParOldGen: 31677K(44032K)->31942K(44032K)
[2026-06-17T10:05:41.369+0800][22.162s][info][gc,metaspace   ] GC(873) Metaspace: 116K(320K)->116K(320K) NonClass: 109K(192K)->109K(192K) Class: 7K(128K)->7K(128K)
[2026-06-17T10:05:41.370+0800][22.163s][info][gc             ] GC(873) Pause Young (Allocation Failure) 41M->37M(57M) 4.737ms
[2026-06-17T10:05:41.370+0800][22.163s][info][gc,cpu         ] GC(873) User=0.00s Sys=0.00s Real=0.00s
[2026-06-17T10:05:41.382+0800][22.175s][info][gc,start       ] GC(874) Pause Young (Allocation Failure)
[2026-06-17T10:05:41.388+0800][22.181s][info][gc,heap        ] GC(874) PSYoungGen: 13910K(14336K)->5650K(14336K) Eden: 6972K(7168K)->0K(7168K) From: 6937K(7168K)->5650K(7168K)
[2026-06-17T10:05:41.390+0800][22.183s][info][gc,heap        ] GC(874) ParOldGen: 31942K(44032K)->33659K(44032K)
[2026-06-17T10:05:41.391+0800][22.184s][info][gc,metaspace   ] GC(874) Metaspace: 116K(320K)->116K(320K) NonClass: 109K(192K)->109K(192K) Class: 7K(128K)->7K(128K)
[2026-06-17T10:05:41.393+0800][22.186s][info][gc             ] GC(874) Pause Young (Allocation Failure) 44M->38M(57M) 10.644ms
[2026-06-17T10:05:41.393+0800][22.186s][info][gc,cpu         ] GC(874) User=0.01s Sys=0.00s Real=0.02s
[2026-06-17T10:05:41.418+0800][22.210s][info][gc,start       ] GC(875) Pause Young (Allocation Failure)
[2026-06-17T10:05:41.420+0800][22.213s][info][gc,heap        ] GC(875) PSYoungGen: 12794K(14336K)->7166K(14336K) Eden: 7143K(7168K)->0K(7168K) From: 5650K(7168K)->7166K(7168K)
[2026-06-17T10:05:41.421+0800][22.213s][info][gc,heap        ] GC(875) ParOldGen: 33659K(44032K)->35977K(44032K)
[2026-06-17T10:05:41.421+0800][22.214s][info][gc,metaspace   ] GC(875) Metaspace: 116K(320K)->116K(320K) NonClass: 109K(192K)->109K(192K) Class: 7K(128K)->7K(128K)
[2026-06-17T10:05:41.422+0800][22.214s][info][gc             ] GC(875) Pause Young (Allocation Failure) 45M->42M(57M) 3.941ms
[2026-06-17T10:05:41.422+0800][22.215s][info][gc,cpu         ] GC(875) User=0.00s Sys=0.00s Real=0.00s
[2026-06-17T10:05:41.444+0800][22.237s][info][gc,start       ] GC(876) Pause Young (Allocation Failure)
[2026-06-17T10:05:41.448+0800][22.241s][info][gc,heap        ] GC(876) PSYoungGen: 14306K(14336K)->3964K(14336K) Eden: 7140K(7168K)->0K(7168K) From: 7166K(7168K)->3964K(7168K)
[2026-06-17T10:05:41.449+0800][22.241s][info][gc,heap        ] GC(876) ParOldGen: 35977K(44032K)->39262K(44032K)
[2026-06-17T10:05:41.449+0800][22.242s][info][gc,metaspace   ] GC(876) Metaspace: 116K(320K)->116K(320K) NonClass: 109K(192K)->109K(192K) Class: 7K(128K)->7K(128K)
[2026-06-17T10:05:41.450+0800][22.243s][info][gc             ] GC(876) Pause Young (Allocation Failure) 49M->42M(57M) 5.949ms
[2026-06-17T10:05:41.451+0800][22.244s][info][gc,cpu         ] GC(876) User=0.01s Sys=0.00s Real=0.01s
[2026-06-17T10:05:41.473+0800][22.266s][info][gc,start       ] GC(877) Pause Young (Allocation Failure)
[2026-06-17T10:05:41.475+0800][22.267s][info][gc,heap        ] GC(877) PSYoungGen: 11102K(14336K)->888K(14336K) Eden: 7138K(7168K)->0K(7168K) From: 3964K(7168K)->888K(7168K)
[2026-06-17T10:05:41.475+0800][22.268s][info][gc,heap        ] GC(877) ParOldGen: 39262K(44032K)->42582K(44032K)
[2026-06-17T10:05:41.476+0800][22.268s][info][gc,metaspace   ] GC(877) Metaspace: 116K(320K)->116K(320K) NonClass: 109K(192K)->109K(192K) Class: 7K(128K)->7K(128K)
[2026-06-17T10:05:41.476+0800][22.269s][info][gc             ] GC(877) Pause Young (Allocation Failure) 49M->42M(57M) 3.153ms
[2026-06-17T10:05:41.477+0800][22.269s][info][gc,cpu         ] GC(877) User=0.00s Sys=0.00s Real=0.00s
[2026-06-17T10:05:41.488+0800][22.281s][info][gc,start       ] GC(878) Pause Full (Allocation Failure)
[2026-06-17T10:05:41.489+0800][22.281s][info][gc,phases,start] GC(878) Marking Phase
[2026-06-17T10:05:41.491+0800][22.284s][info][gc,phases      ] GC(878) Marking Phase 2.461ms
[2026-06-17T10:05:41.492+0800][22.284s][info][gc,phases,start] GC(878) Summary Phase
[2026-06-17T10:05:41.496+0800][22.289s][info][gc,phases      ] GC(878) Summary Phase 4.499ms
[2026-06-17T10:05:41.498+0800][22.290s][info][gc,phases,start] GC(878) Forward
[2026-06-17T10:05:41.498+0800][22.291s][info][gc,phases      ] GC(878) Forward 0.653ms
[2026-06-17T10:05:41.499+0800][22.292s][info][gc,phases,start] GC(878) Adjust Pointers
[2026-06-17T10:05:41.500+0800][22.293s][info][gc,phases      ] GC(878) Adjust Pointers 1.492ms
[2026-06-17T10:05:41.501+0800][22.293s][info][gc,phases,start] GC(878) Compaction Phase
[2026-06-17T10:05:41.503+0800][22.296s][info][gc,phases      ] GC(878) Compaction Phase 2.609ms
[2026-06-17T10:05:41.504+0800][22.296s][info][gc,phases,start] GC(878) Post Compact
[2026-06-17T10:05:41.504+0800][22.297s][info][gc,phases      ] GC(878) Post Compact 0.310ms
[2026-06-17T10:05:41.504+0800][22.297s][info][gc,heap        ] GC(878) PSYoungGen: 8048K(14336K)->0K(14336K) Eden: 7160K(7168K)->0K(7168K) From: 888K(7168K)->0K(7168K)
[2026-06-17T10:05:41.506+0800][22.299s][info][gc,heap        ] GC(878) ParOldGen: 42582K(44032K)->31471K(44032K)
[2026-06-17T10:05:41.506+0800][22.299s][info][gc,metaspace   ] GC(878) Metaspace: 116K(320K)->116K(320K) NonClass: 109K(192K)->109K(192K) Class: 7K(128K)->7K(128K)
[2026-06-17T10:05:41.507+0800][22.299s][info][gc             ] GC(878) Pause Full (Allocation Failure) 49M->30M(57M) 18.669ms
[2026-06-17T10:05:41.507+0800][22.300s][info][gc,cpu         ] GC(878) User=0.01s Sys=0.00s Real=0.02s
[2026-06-17T10:05:41.529+0800][22.322s][info][gc,start       ] GC(879) Pause Young (Allocation Failure)
[2026-06-17T10:05:41.531+0800][22.324s][info][gc,heap        ] GC(879) PSYoungGen: 7127K(14336K)->3747K(14336K) Eden: 7127K(7168K)->0K(7168K) From: 0K(7168K)->3747K(7168K)
[2026-06-17T10:05:41.531+0800][22.324s][info][gc,heap        ] GC(879) ParOldGen: 31471K(44032K)->31471K(44032K)
[2026-06-17T10:05:41.532+0800][22.325s][info][gc,metaspace   ] GC(879) Metaspace: 116K(320K)->116K(320K) NonClass: 109K(192K)->109K(192K) Class: 7K(128K)->7K(128K)
[2026-06-17T10:05:41.532+0800][22.325s][info][gc             ] GC(879) Pause Young (Allocation Failure) 37M->34M(57M) 3.442ms
[2026-06-17T10:05:41.533+0800][22.326s][info][gc,cpu         ] GC(879) User=0.00s Sys=0.00s Real=0.01s
[2026-06-17T10:05:41.555+0800][22.348s][info][gc,start       ] GC(880) Pause Young (Allocation Failure)
[2026-06-17T10:05:41.556+0800][22.349s][info][gc,heap        ] GC(880) PSYoungGen: 10883K(14336K)->3560K(14336K) Eden: 7136K(7168K)->0K(7168K) From: 3747K(7168K)->3560K(7168K)
[2026-06-17T10:05:41.557+0800][22.350s][info][gc,heap        ] GC(880) ParOldGen: 31471K(44032K)->32137K(44032K)
[2026-06-17T10:05:41.557+0800][22.350s][info][gc,metaspace   ] GC(880) Metaspace: 116K(320K)->116K(320K) NonClass: 109K(192K)->109K(192K) Class: 7K(128K)->7K(128K)
[2026-06-17T10:05:41.558+0800][22.351s][info][gc             ] GC(880) Pause Young (Allocation Failure) 41M->34M(57M) 2.948ms
[2026-06-17T10:05:41.558+0800][22.351s][info][gc,cpu         ] GC(880) User=0.00s Sys=0.00s Real=0.00s
[2026-06-17T10:05:41.580+0800][22.373s][info][gc,start       ] GC(881) Pause Young (Allocation Failure)
[2026-06-17T10:05:41.582+0800][22.375s][info][gc,heap        ] GC(881) PSYoungGen: 10723K(14336K)->3944K(14336K) Eden: 7162K(7168K)->0K(7168K) From: 3560K(7168K)->3944K(7168K)
[2026-06-17T10:05:41.583+0800][22.376s][info][gc,heap        ] GC(881) ParOldGen: 32137K(44032K)->32137K(44032K)
[2026-06-17T10:05:41.584+0800][22.376s][info][gc,metaspace   ] GC(881) Metaspace: 116K(320K)->116K(320K) NonClass: 109K(192K)->109K(192K) Class: 7K(128K)->7K(128K)
[2026-06-17T10:05:41.584+0800][22.377s][info][gc             ] GC(881) Pause Young (Allocation Failure) 41M->35M(57M) 4.173ms
[2026-06-17T10:05:41.586+0800][22.378s][info][gc,cpu         ] GC(881) User=0.00s Sys=0.00s Real=0.01s
[2026-06-17T10:05:41.598+0800][22.390s][info][gc,start       ] GC(882) Pause Young (Allocation Failure)
[2026-06-17T10:05:41.599+0800][22.392s][info][gc,heap        ] GC(882) PSYoungGen: 10695K(14336K)->0K(14336K) Eden: 6750K(7168K)->0K(7168K) From: 3944K(7168K)->0K(7168K)
[2026-06-17T10:05:41.600+0800][22.393s][info][gc,heap        ] GC(882) ParOldGen: 32137K(44032K)->35935K(44032K)
[2026-06-17T10:05:41.600+0800][22.393s][info][gc,metaspace   ] GC(882) Metaspace: 116K(320K)->116K(320K) NonClass: 109K(192K)->109K(192K) Class: 7K(128K)->7K(128K)
[2026-06-17T10:05:41.601+0800][22.394s][info][gc             ] GC(882) Pause Young (Allocation Failure) 41M->35M(57M) 3.401ms
[2026-06-17T10:05:41.602+0800][22.395s][info][gc,cpu         ] GC(882) User=0.00s Sys=0.00s Real=0.00s
[2026-06-17T10:05:41.624+0800][22.417s][info][gc,start       ] GC(883) Pause Young (Allocation Failure)
[2026-06-17T10:05:41.626+0800][22.419s][info][gc,heap        ] GC(883) PSYoungGen: 7130K(14336K)->3778K(14336K) Eden: 7130K(7168K)->0K(7168K) From: 0K(7168K)->3778K(7168K)
[2026-06-17T10:05:41.626+0800][22.419s][info][gc,heap        ] GC(883) ParOldGen: 35935K(44032K)->35935K(44032K)
[2026-06-17T10:05:41.627+0800][22.420s][info][gc,metaspace   ] GC(883) Metaspace: 116K(320K)->116K(320K) NonClass: 109K(192K)->109K(192K) Class: 7K(128K)->7K(128K)
[2026-06-17T10:05:41.628+0800][22.420s][info][gc             ] GC(883) Pause Young (Allocation Failure) 42M->38M(57M) 3.452ms
[2026-06-17T10:05:41.628+0800][22.421s][info][gc,cpu         ] GC(883) User=0.00s Sys=0.00s Real=0.00s
[2026-06-17T10:05:41.649+0800][22.442s][info][gc,start       ] GC(884) Pause Young (Allocation Failure)
[2026-06-17T10:05:41.651+0800][22.444s][info][gc,heap        ] GC(884) PSYoungGen: 10946K(14336K)->383K(14336K) Eden: 7168K(7168K)->0K(7168K) From: 3778K(7168K)->383K(7168K)
[2026-06-17T10:05:41.652+0800][22.445s][info][gc,heap        ] GC(884) ParOldGen: 35935K(44032K)->39199K(44032K)
[2026-06-17T10:05:41.653+0800][22.445s][info][gc,metaspace   ] GC(884) Metaspace: 116K(320K)->116K(320K) NonClass: 109K(192K)->109K(192K) Class: 7K(128K)->7K(128K)
[2026-06-17T10:05:41.653+0800][22.446s][info][gc             ] GC(884) Pause Young (Allocation Failure) 45M->38M(57M) 3.862ms
[2026-06-17T10:05:41.654+0800][22.447s][info][gc,cpu         ] GC(884) User=0.00s Sys=0.00s Real=0.01s
[2026-06-17T10:05:41.666+0800][22.458s][info][gc,start       ] GC(885) Pause Full (Allocation Failure)
[2026-06-17T10:05:41.666+0800][22.459s][info][gc,phases,start] GC(885) Marking Phase
[2026-06-17T10:05:41.669+0800][22.462s][info][gc,phases      ] GC(885) Marking Phase 2.470ms
[2026-06-17T10:05:41.669+0800][22.462s][info][gc,phases,start] GC(885) Summary Phase
[2026-06-17T10:05:41.670+0800][22.463s][info][gc,phases      ] GC(885) Summary Phase 0.424ms
[2026-06-17T10:05:41.670+0800][22.463s][info][gc,phases,start] GC(885) Forward
[2026-06-17T10:05:41.671+0800][22.464s][info][gc,phases      ] GC(885) Forward 0.526ms
[2026-06-17T10:05:41.671+0800][22.464s][info][gc,phases,start] GC(885) Adjust Pointers
[2026-06-17T10:05:41.672+0800][22.465s][info][gc,phases      ] GC(885) Adjust Pointers 1.054ms
[2026-06-17T10:05:41.672+0800][22.465s][info][gc,phases,start] GC(885) Compaction Phase
[2026-06-17T10:05:41.675+0800][22.467s][info][gc,phases      ] GC(885) Compaction Phase 2.179ms
[2026-06-17T10:05:41.675+0800][22.468s][info][gc,phases,start] GC(885) Post Compact
[2026-06-17T10:05:41.676+0800][22.468s][info][gc,phases      ] GC(885) Post Compact 0.413ms
[2026-06-17T10:05:41.676+0800][22.469s][info][gc,heap        ] GC(885) PSYoungGen: 7546K(14336K)->0K(14336K) Eden: 7163K(7168K)->0K(7168K) From: 383K(7168K)->0K(7168K)
[2026-06-17T10:05:41.676+0800][22.469s][info][gc,heap        ] GC(885) ParOldGen: 39199K(44032K)->30094K(44032K)
[2026-06-17T10:05:41.676+0800][22.469s][info][gc,metaspace   ] GC(885) Metaspace: 116K(320K)->116K(320K) NonClass: 109K(192K)->109K(192K) Class: 7K(128K)->7K(128K)
[2026-06-17T10:05:41.676+0800][22.469s][info][gc             ] GC(885) Pause Full (Allocation Failure) 45M->29M(57M) 10.756ms
[2026-06-17T10:05:41.677+0800][22.469s][info][gc,cpu         ] GC(885) User=0.01s Sys=0.00s Real=0.01s
[2026-06-17T10:05:41.698+0800][22.491s][info][gc,start       ] GC(886) Pause Young (Allocation Failure)
[2026-06-17T10:05:41.700+0800][22.493s][info][gc,heap        ] GC(886) PSYoungGen: 7158K(14336K)->3599K(14336K) Eden: 7158K(7168K)->0K(7168K) From: 0K(7168K)->3599K(7168K)
[2026-06-17T10:05:41.700+0800][22.493s][info][gc,heap        ] GC(886) ParOldGen: 30094K(44032K)->30094K(44032K)
[2026-06-17T10:05:41.701+0800][22.493s][info][gc,metaspace   ] GC(886) Metaspace: 116K(320K)->116K(320K) NonClass: 109K(192K)->109K(192K) Class: 7K(128K)->7K(128K)
[2026-06-17T10:05:41.701+0800][22.494s][info][gc             ] GC(886) Pause Young (Allocation Failure) 36M->32M(57M) 3.004ms
[2026-06-17T10:05:41.701+0800][22.494s][info][gc,cpu         ] GC(886) User=0.00s Sys=0.00s Real=0.00s
[2026-06-17T10:05:41.723+0800][22.516s][info][gc,start       ] GC(887) Pause Young (Allocation Failure)
[2026-06-17T10:05:41.725+0800][22.518s][info][gc,heap        ] GC(887) PSYoungGen: 10733K(14336K)->2402K(14336K) Eden: 7134K(7168K)->0K(7168K) From: 3599K(7168K)->2402K(7168K)
[2026-06-17T10:05:41.726+0800][22.518s][info][gc,heap        ] GC(887) ParOldGen: 30094K(44032K)->31520K(44032K)
[2026-06-17T10:05:41.726+0800][22.519s][info][gc,metaspace   ] GC(887) Metaspace: 116K(320K)->116K(320K) NonClass: 109K(192K)->109K(192K) Class: 7K(128K)->7K(128K)
[2026-06-17T10:05:41.727+0800][22.520s][info][gc             ] GC(887) Pause Young (Allocation Failure) 39M->33M(57M) 3.770ms
[2026-06-17T10:05:41.728+0800][22.521s][info][gc,cpu         ] GC(887) User=0.00s Sys=0.00s Real=0.00s
[2026-06-17T10:05:41.740+0800][22.532s][info][gc,start       ] GC(888) Pause Young (Allocation Failure)
[2026-06-17T10:05:41.741+0800][22.534s][info][gc,heap        ] GC(888) PSYoungGen: 9524K(14336K)->2678K(14336K) Eden: 7121K(7168K)->0K(7168K) From: 2402K(7168K)->2678K(7168K)
[2026-06-17T10:05:41.742+0800][22.535s][info][gc,heap        ] GC(888) ParOldGen: 31520K(44032K)->31520K(44032K)
[2026-06-17T10:05:41.743+0800][22.535s][info][gc,metaspace   ] GC(888) Metaspace: 116K(320K)->116K(320K) NonClass: 109K(192K)->109K(192K) Class: 7K(128K)->7K(128K)
[2026-06-17T10:05:41.743+0800][22.536s][info][gc             ] GC(888) Pause Young (Allocation Failure) 40M->33M(57M) 3.645ms
[2026-06-17T10:05:41.744+0800][22.536s][info][gc,cpu         ] GC(888) User=0.01s Sys=0.00s Real=0.01s
[2026-06-17T10:05:41.766+0800][22.559s][info][gc,start       ] GC(889) Pause Young (Allocation Failure)
[2026-06-17T10:05:41.767+0800][22.560s][info][gc,heap        ] GC(889) PSYoungGen: 9846K(14336K)->6466K(14336K) Eden: 7168K(7168K)->0K(7168K) From: 2678K(7168K)->6466K(7168K)
[2026-06-17T10:05:41.767+0800][22.560s][info][gc,heap        ] GC(889) ParOldGen: 31520K(44032K)->31520K(44032K)
[2026-06-17T10:05:41.768+0800][22.561s][info][gc,metaspace   ] GC(889) Metaspace: 116K(320K)->116K(320K) NonClass: 109K(192K)->109K(192K) Class: 7K(128K)->7K(128K)
[2026-06-17T10:05:41.768+0800][22.561s][info][gc             ] GC(889) Pause Young (Allocation Failure) 40M->37M(57M) 2.307ms
[2026-06-17T10:05:41.768+0800][22.561s][info][gc,cpu         ] GC(889) User=0.00s Sys=0.00s Real=0.00s
[2026-06-17T10:05:41.790+0800][22.583s][info][gc,start       ] GC(890) Pause Young (Allocation Failure)
[2026-06-17T10:05:41.792+0800][22.585s][info][gc,heap        ] GC(890) PSYoungGen: 13593K(14336K)->4287K(14336K) Eden: 7126K(7168K)->0K(7168K) From: 6466K(7168K)->4287K(7168K)
[2026-06-17T10:05:41.793+0800][22.585s][info][gc,heap        ] GC(890) ParOldGen: 31520K(44032K)->34150K(44032K)
[2026-06-17T10:05:41.793+0800][22.586s][info][gc,metaspace   ] GC(890) Metaspace: 116K(320K)->116K(320K) NonClass: 109K(192K)->109K(192K) Class: 7K(128K)->7K(128K)
[2026-06-17T10:05:41.793+0800][22.586s][info][gc             ] GC(890) Pause Young (Allocation Failure) 44M->37M(57M) 3.422ms
[2026-06-17T10:05:41.794+0800][22.587s][info][gc,cpu         ] GC(890) User=0.00s Sys=0.00s Real=0.01s
[2026-06-17T10:05:41.815+0800][22.608s][info][gc,start       ] GC(891) Pause Young (Allocation Failure)
[2026-06-17T10:05:41.816+0800][22.609s][info][gc,heap        ] GC(891) PSYoungGen: 11436K(14336K)->1763K(14336K) Eden: 7148K(7168K)->0K(7168K) From: 4287K(7168K)->1763K(7168K)
[2026-06-17T10:05:41.817+0800][22.610s][info][gc,heap        ] GC(891) ParOldGen: 34150K(44032K)->36872K(44032K)
[2026-06-17T10:05:41.817+0800][22.610s][info][gc,metaspace   ] GC(891) Metaspace: 116K(320K)->116K(320K) NonClass: 109K(192K)->109K(192K) Class: 7K(128K)->7K(128K)
[2026-06-17T10:05:41.817+0800][22.610s][info][gc             ] GC(891) Pause Young (Allocation Failure) 44M->37M(57M) 2.057ms
[2026-06-17T10:05:41.818+0800][22.610s][info][gc,cpu         ] GC(891) User=0.00s Sys=0.00s Real=0.00s
[2026-06-17T10:05:41.829+0800][22.622s][info][gc,start       ] GC(892) Pause Young (Allocation Failure)
[2026-06-17T10:05:41.830+0800][22.623s][info][gc,heap        ] GC(892) PSYoungGen: 8925K(14336K)->5227K(14336K) Eden: 7162K(7168K)->0K(7168K) From: 1763K(7168K)->5227K(7168K)
[2026-06-17T10:05:41.831+0800][22.624s][info][gc,heap        ] GC(892) ParOldGen: 36872K(44032K)->36872K(44032K)
[2026-06-17T10:05:41.831+0800][22.624s][info][gc,metaspace   ] GC(892) Metaspace: 116K(320K)->116K(320K) NonClass: 109K(192K)->109K(192K) Class: 7K(128K)->7K(128K)
[2026-06-17T10:05:41.832+0800][22.625s][info][gc             ] GC(892) Pause Young (Allocation Failure) 44M->41M(57M) 2.982ms
[2026-06-17T10:05:41.832+0800][22.625s][info][gc,cpu         ] GC(892) User=0.00s Sys=0.00s Real=0.01s
[2026-06-17T10:05:41.854+0800][22.647s][info][gc,start       ] GC(893) Pause Young (Allocation Failure)
[2026-06-17T10:05:41.857+0800][22.649s][info][gc,heap        ] GC(893) PSYoungGen: 12374K(14336K)->3377K(14336K) Eden: 7147K(7168K)->0K(7168K) From: 5227K(7168K)->3377K(7168K)
[2026-06-17T10:05:41.857+0800][22.650s][info][gc,heap        ] GC(893) ParOldGen: 36872K(44032K)->38870K(44032K)
[2026-06-17T10:05:41.858+0800][22.651s][info][gc,metaspace   ] GC(893) Metaspace: 116K(320K)->116K(320K) NonClass: 109K(192K)->109K(192K) Class: 7K(128K)->7K(128K)
[2026-06-17T10:05:41.859+0800][22.651s][info][gc             ] GC(893) Pause Young (Allocation Failure) 48M->41M(57M) 4.300ms
[2026-06-17T10:05:41.859+0800][22.652s][info][gc,cpu         ] GC(893) User=0.01s Sys=0.00s Real=0.00s
[2026-06-17T10:05:41.881+0800][22.674s][info][gc,start       ] GC(894) Pause Young (Allocation Failure)
[2026-06-17T10:05:41.882+0800][22.675s][info][gc,heap        ] GC(894) PSYoungGen: 10527K(14336K)->3669K(14336K) Eden: 7149K(7168K)->0K(7168K) From: 3377K(7168K)->3669K(7168K)
[2026-06-17T10:05:41.883+0800][22.676s][info][gc,heap        ] GC(894) ParOldGen: 38870K(44032K)->38870K(44032K)
[2026-06-17T10:05:41.884+0800][22.677s][info][gc,metaspace   ] GC(894) Metaspace: 116K(320K)->116K(320K) NonClass: 109K(192K)->109K(192K) Class: 7K(128K)->7K(128K)
[2026-06-17T10:05:41.887+0800][22.679s][info][gc             ] GC(894) Pause Young (Allocation Failure) 48M->41M(57M) 5.597ms
[2026-06-17T10:05:41.887+0800][22.680s][info][gc,cpu         ] GC(894) User=0.00s Sys=0.00s Real=0.01s
[2026-06-17T10:05:41.902+0800][22.694s][info][gc,start       ] GC(895) Pause Young (Allocation Failure)
[2026-06-17T10:05:41.903+0800][22.696s][info][gc,heap        ] GC(895) PSYoungGen: 10809K(14336K)->3460K(14336K) Eden: 7139K(7168K)->0K(7168K) From: 3669K(7168K)->3460K(7168K)
[2026-06-17T10:05:41.904+0800][22.696s][info][gc,heap        ] GC(895) ParOldGen: 38870K(44032K)->38870K(44032K)
[2026-06-17T10:05:41.904+0800][22.697s][info][gc,metaspace   ] GC(895) Metaspace: 116K(320K)->116K(320K) NonClass: 109K(192K)->109K(192K) Class: 7K(128K)->7K(128K)
[2026-06-17T10:05:41.905+0800][22.697s][info][gc             ] GC(895) Pause Young (Allocation Failure) 48M->41M(57M) 3.081ms
[2026-06-17T10:05:41.905+0800][22.698s][info][gc,cpu         ] GC(895) User=0.00s Sys=0.00s Real=0.01s
[2026-06-17T10:05:41.928+0800][22.721s][info][gc,start       ] GC(896) Pause Young (Allocation Failure)
[2026-06-17T10:05:41.930+0800][22.723s][info][gc,heap        ] GC(896) PSYoungGen: 10606K(14336K)->7126K(14336K) Eden: 7146K(7168K)->0K(7168K) From: 3460K(7168K)->7126K(7168K)
[2026-06-17T10:05:41.931+0800][22.724s][info][gc,heap        ] GC(896) ParOldGen: 38870K(44032K)->39035K(44032K)
[2026-06-17T10:05:41.932+0800][22.725s][info][gc,metaspace   ] GC(896) Metaspace: 116K(320K)->116K(320K) NonClass: 109K(192K)->109K(192K) Class: 7K(128K)->7K(128K)
[2026-06-17T10:05:41.932+0800][22.725s][info][gc             ] GC(896) Pause Young (Allocation Failure) 48M->45M(57M) 4.659ms
[2026-06-17T10:05:41.933+0800][22.726s][info][gc,cpu         ] GC(896) User=0.00s Sys=0.00s Real=0.01s
[2026-06-17T10:05:41.945+0800][22.737s][info][gc,start       ] GC(897) Pause Young (Allocation Failure)
[2026-06-17T10:05:41.947+0800][22.740s][info][gc,heap        ] GC(897) PSYoungGen: 14113K(14336K)->4005K(14336K) Eden: 6986K(7168K)->0K(7168K) From: 7126K(7168K)->4005K(7168K)
[2026-06-17T10:05:41.948+0800][22.741s][info][gc,heap        ] GC(897) ParOldGen: 39035K(44032K)->42306K(44032K)
[2026-06-17T10:05:41.948+0800][22.741s][info][gc,metaspace   ] GC(897) Metaspace: 116K(320K)->116K(320K) NonClass: 109K(192K)->109K(192K) Class: 7K(128K)->7K(128K)
[2026-06-17T10:05:41.949+0800][22.742s][info][gc             ] GC(897) Pause Young (Allocation Failure) 51M->45M(57M) 4.505ms
[2026-06-17T10:05:41.949+0800][22.742s][info][gc,cpu         ] GC(897) User=0.00s Sys=0.00s Real=0.00s
[2026-06-17T10:05:41.971+0800][22.764s][info][gc,start       ] GC(898) Pause Full (Allocation Failure)
[2026-06-17T10:05:41.971+0800][22.764s][info][gc,phases,start] GC(898) Marking Phase
[2026-06-17T10:05:41.973+0800][22.766s][info][gc,phases      ] GC(898) Marking Phase 1.293ms
[2026-06-17T10:05:41.973+0800][22.766s][info][gc,phases,start] GC(898) Summary Phase
[2026-06-17T10:05:41.973+0800][22.766s][info][gc,phases      ] GC(898) Summary Phase 0.185ms
[2026-06-17T10:05:41.973+0800][22.766s][info][gc,phases,start] GC(898) Forward
[2026-06-17T10:05:41.974+0800][22.766s][info][gc,phases      ] GC(898) Forward 0.234ms
[2026-06-17T10:05:41.974+0800][22.767s][info][gc,phases,start] GC(898) Adjust Pointers
[2026-06-17T10:05:41.976+0800][22.769s][info][gc,phases      ] GC(898) Adjust Pointers 2.581ms
[2026-06-17T10:05:41.977+0800][22.770s][info][gc,phases,start] GC(898) Compaction Phase
[2026-06-17T10:05:41.980+0800][22.772s][info][gc,phases      ] GC(898) Compaction Phase 2.126ms
[2026-06-17T10:05:41.980+0800][22.773s][info][gc,phases,start] GC(898) Post Compact
[2026-06-17T10:05:41.981+0800][22.773s][info][gc,phases      ] GC(898) Post Compact 0.274ms
[2026-06-17T10:05:41.981+0800][22.774s][info][gc,heap        ] GC(898) PSYoungGen: 11149K(14336K)->0K(14336K) Eden: 7144K(7168K)->0K(7168K) From: 4005K(7168K)->0K(7168K)
[2026-06-17T10:05:41.984+0800][22.776s][info][gc,heap        ] GC(898) ParOldGen: 42306K(44032K)->36846K(44032K)
[2026-06-17T10:05:41.984+0800][22.777s][info][gc,metaspace   ] GC(898) Metaspace: 116K(320K)->116K(320K) NonClass: 109K(192K)->109K(192K) Class: 7K(128K)->7K(128K)
[2026-06-17T10:05:41.984+0800][22.777s][info][gc             ] GC(898) Pause Full (Allocation Failure) 52M->35M(57M) 13.365ms
[2026-06-17T10:05:41.985+0800][22.778s][info][gc,cpu         ] GC(898) User=0.01s Sys=0.00s Real=0.01s
[2026-06-17T10:05:42.007+0800][22.800s][info][gc,start       ] GC(899) Pause Young (Allocation Failure)
[2026-06-17T10:05:42.008+0800][22.801s][info][gc,heap        ] GC(899) PSYoungGen: 7117K(14336K)->3741K(14336K) Eden: 7117K(7168K)->0K(7168K) From: 0K(7168K)->3741K(7168K)
[2026-06-17T10:05:42.008+0800][22.801s][info][gc,heap        ] GC(899) ParOldGen: 36846K(44032K)->36846K(44032K)
[2026-06-17T10:05:42.008+0800][22.801s][info][gc,metaspace   ] GC(899) Metaspace: 116K(320K)->116K(320K) NonClass: 109K(192K)->109K(192K) Class: 7K(128K)->7K(128K)
[2026-06-17T10:05:42.009+0800][22.801s][info][gc             ] GC(899) Pause Young (Allocation Failure) 42M->39M(57M) 1.858ms
[2026-06-17T10:05:42.009+0800][22.802s][info][gc,cpu         ] GC(899) User=0.00s Sys=0.00s Real=0.00s
[2026-06-17T10:05:42.030+0800][22.823s][info][gc,start       ] GC(900) Pause Young (Allocation Failure)
[2026-06-17T10:05:42.031+0800][22.824s][info][gc,heap        ] GC(900) PSYoungGen: 10856K(14336K)->3789K(14336K) Eden: 7114K(7168K)->0K(7168K) From: 3741K(7168K)->3789K(7168K)
[2026-06-17T10:05:42.031+0800][22.824s][info][gc,heap        ] GC(900) ParOldGen: 36846K(44032K)->36846K(44032K)
[2026-06-17T10:05:42.032+0800][22.825s][info][gc,metaspace   ] GC(900) Metaspace: 116K(320K)->116K(320K) NonClass: 109K(192K)->109K(192K) Class: 7K(128K)->7K(128K)
[2026-06-17T10:05:42.032+0800][22.825s][info][gc             ] GC(900) Pause Young (Allocation Failure) 46M->39M(57M) 2.035ms
[2026-06-17T10:05:42.032+0800][22.825s][info][gc,cpu         ] GC(900) User=0.00s Sys=0.00s Real=0.01s
[2026-06-17T10:05:42.043+0800][22.836s][info][gc,start       ] GC(901) Pause Young (Allocation Failure)
[2026-06-17T10:05:42.045+0800][22.837s][info][gc,heap        ] GC(901) PSYoungGen: 10957K(14336K)->6881K(14336K) Eden: 7168K(7168K)->0K(7168K) From: 3789K(7168K)->6881K(7168K)
[2026-06-17T10:05:42.045+0800][22.838s][info][gc,heap        ] GC(901) ParOldGen: 36846K(44032K)->37145K(44032K)
[2026-06-17T10:05:42.045+0800][22.838s][info][gc,metaspace   ] GC(901) Metaspace: 116K(320K)->116K(320K) NonClass: 109K(192K)->109K(192K) Class: 7K(128K)->7K(128K)
[2026-06-17T10:05:42.046+0800][22.838s][info][gc             ] GC(901) Pause Young (Allocation Failure) 46M->42M(57M) 2.214ms
[2026-06-17T10:05:42.046+0800][22.839s][info][gc,cpu         ] GC(901) User=0.00s Sys=0.00s Real=0.00s
[2026-06-17T10:05:42.067+0800][22.860s][info][gc,start       ] GC(902) Pause Young (Allocation Failure)
[2026-06-17T10:05:42.069+0800][22.861s][info][gc,heap        ] GC(902) PSYoungGen: 14004K(14336K)->5227K(14336K) Eden: 7123K(7168K)->0K(7168K) From: 6881K(7168K)->5227K(7168K)
[2026-06-17T10:05:42.069+0800][22.862s][info][gc,heap        ] GC(902) ParOldGen: 37145K(44032K)->39212K(44032K)
[2026-06-17T10:05:42.069+0800][22.862s][info][gc,metaspace   ] GC(902) Metaspace: 116K(320K)->116K(320K) NonClass: 109K(192K)->109K(192K) Class: 7K(128K)->7K(128K)
[2026-06-17T10:05:42.070+0800][22.862s][info][gc             ] GC(902) Pause Young (Allocation Failure) 49M->43M(57M) 2.324ms
[2026-06-17T10:05:42.070+0800][22.863s][info][gc,cpu         ] GC(902) User=0.00s Sys=0.00s Real=0.00s
[2026-06-17T10:05:42.092+0800][22.884s][info][gc,start       ] GC(903) Pause Young (Allocation Failure)
[2026-06-17T10:05:42.093+0800][22.886s][info][gc,heap        ] GC(903) PSYoungGen: 12346K(14336K)->3531K(14336K) Eden: 7119K(7168K)->0K(7168K) From: 5227K(7168K)->3531K(7168K)
[2026-06-17T10:05:42.093+0800][22.886s][info][gc,heap        ] GC(903) ParOldGen: 39212K(44032K)->40994K(44032K)
[2026-06-17T10:05:42.094+0800][22.886s][info][gc,metaspace   ] GC(903) Metaspace: 116K(320K)->116K(320K) NonClass: 109K(192K)->109K(192K) Class: 7K(128K)->7K(128K)
[2026-06-17T10:05:42.094+0800][22.887s][info][gc             ] GC(903) Pause Young (Allocation Failure) 50M->43M(57M) 2.234ms
[2026-06-17T10:05:42.094+0800][22.887s][info][gc,cpu         ] GC(903) User=0.00s Sys=0.00s Real=0.00s
[2026-06-17T10:05:42.106+0800][22.898s][info][gc,start       ] GC(904) Pause Full (Allocation Failure)
[2026-06-17T10:05:42.106+0800][22.899s][info][gc,phases,start] GC(904) Marking Phase
[2026-06-17T10:05:42.108+0800][22.900s][info][gc,phases      ] GC(904) Marking Phase 1.634ms
[2026-06-17T10:05:42.108+0800][22.901s][info][gc,phases,start] GC(904) Summary Phase
[2026-06-17T10:05:42.108+0800][22.901s][info][gc,phases      ] GC(904) Summary Phase 0.299ms
[2026-06-17T10:05:42.108+0800][22.901s][info][gc,phases,start] GC(904) Forward
[2026-06-17T10:05:42.109+0800][22.902s][info][gc,phases      ] GC(904) Forward 0.357ms
[2026-06-17T10:05:42.109+0800][22.902s][info][gc,phases,start] GC(904) Adjust Pointers
[2026-06-17T10:05:42.110+0800][22.903s][info][gc,phases      ] GC(904) Adjust Pointers 0.737ms
[2026-06-17T10:05:42.110+0800][22.903s][info][gc,phases,start] GC(904) Compaction Phase
[2026-06-17T10:05:42.112+0800][22.904s][info][gc,phases      ] GC(904) Compaction Phase 1.646ms
[2026-06-17T10:05:42.112+0800][22.905s][info][gc,phases,start] GC(904) Post Compact
[2026-06-17T10:05:42.112+0800][22.905s][info][gc,phases      ] GC(904) Post Compact 0.254ms
[2026-06-17T10:05:42.112+0800][22.905s][info][gc,heap        ] GC(904) PSYoungGen: 10556K(14336K)->0K(14336K) Eden: 7025K(7168K)->0K(7168K) From: 3531K(7168K)->0K(7168K)
[2026-06-17T10:05:42.113+0800][22.905s][info][gc,heap        ] GC(904) ParOldGen: 40994K(44032K)->31703K(44032K)
[2026-06-17T10:05:42.113+0800][22.906s][info][gc,metaspace   ] GC(904) Metaspace: 116K(320K)->116K(320K) NonClass: 109K(192K)->109K(192K) Class: 7K(128K)->7K(128K)
[2026-06-17T10:05:42.113+0800][22.906s][info][gc             ] GC(904) Pause Full (Allocation Failure) 50M->30M(57M) 7.525ms
[2026-06-17T10:05:42.113+0800][22.906s][info][gc,cpu         ] GC(904) User=0.01s Sys=0.00s Real=0.01s
[2026-06-17T10:05:42.135+0800][22.927s][info][gc,start       ] GC(905) Pause Young (Allocation Failure)
[2026-06-17T10:05:42.136+0800][22.929s][info][gc,heap        ] GC(905) PSYoungGen: 7136K(14336K)->3711K(14336K) Eden: 7136K(7168K)->0K(7168K) From: 0K(7168K)->3711K(7168K)
[2026-06-17T10:05:42.136+0800][22.929s][info][gc,heap        ] GC(905) ParOldGen: 31703K(44032K)->31703K(44032K)
[2026-06-17T10:05:42.136+0800][22.929s][info][gc,metaspace   ] GC(905) Metaspace: 116K(320K)->116K(320K) NonClass: 109K(192K)->109K(192K) Class: 7K(128K)->7K(128K)
[2026-06-17T10:05:42.137+0800][22.930s][info][gc             ] GC(905) Pause Young (Allocation Failure) 37M->34M(57M) 2.030ms
[2026-06-17T10:05:42.137+0800][22.930s][info][gc,cpu         ] GC(905) User=0.00s Sys=0.00s Real=0.00s
[2026-06-17T10:05:42.148+0800][22.941s][info][gc,start       ] GC(906) Pause Young (Allocation Failure)
[2026-06-17T10:05:42.149+0800][22.942s][info][gc,heap        ] GC(906) PSYoungGen: 10684K(14336K)->3496K(14336K) Eden: 6973K(7168K)->0K(7168K) From: 3711K(7168K)->3496K(7168K)
[2026-06-17T10:05:42.150+0800][22.943s][info][gc,heap        ] GC(906) ParOldGen: 31703K(44032K)->31703K(44032K)
[2026-06-17T10:05:42.150+0800][22.943s][info][gc,metaspace   ] GC(906) Metaspace: 116K(320K)->116K(320K) NonClass: 109K(192K)->109K(192K) Class: 7K(128K)->7K(128K)
[2026-06-17T10:05:42.151+0800][22.943s][info][gc             ] GC(906) Pause Young (Allocation Failure) 41M->34M(57M) 2.146ms
[2026-06-17T10:05:42.151+0800][22.944s][info][gc,cpu         ] GC(906) User=0.00s Sys=0.00s Real=0.01s
[2026-06-17T10:05:42.172+0800][22.965s][info][gc,start       ] GC(907) Pause Young (Allocation Failure)
[2026-06-17T10:05:42.175+0800][22.967s][info][gc,heap        ] GC(907) PSYoungGen: 10661K(14336K)->7114K(14336K) Eden: 7165K(7168K)->0K(7168K) From: 3496K(7168K)->7114K(7168K)
[2026-06-17T10:05:42.175+0800][22.968s][info][gc,heap        ] GC(907) ParOldGen: 31703K(44032K)->31703K(44032K)
[2026-06-17T10:05:42.176+0800][22.968s][info][gc,metaspace   ] GC(907) Metaspace: 116K(320K)->116K(320K) NonClass: 109K(192K)->109K(192K) Class: 7K(128K)->7K(128K)
[2026-06-17T10:05:42.176+0800][22.969s][info][gc             ] GC(907) Pause Young (Allocation Failure) 41M->37M(57M) 3.596ms
[2026-06-17T10:05:42.176+0800][22.969s][info][gc,cpu         ] GC(907) User=0.01s Sys=0.00s Real=0.00s
[2026-06-17T10:05:42.198+0800][22.991s][info][gc,start       ] GC(908) Pause Young (Allocation Failure)
[2026-06-17T10:05:42.200+0800][22.993s][info][gc,heap        ] GC(908) PSYoungGen: 14270K(14336K)->3731K(14336K) Eden: 7155K(7168K)->0K(7168K) From: 7114K(7168K)->3731K(7168K)
[2026-06-17T10:05:42.201+0800][22.994s][info][gc,heap        ] GC(908) ParOldGen: 31703K(44032K)->35175K(44032K)
[2026-06-17T10:05:42.202+0800][22.995s][info][gc,metaspace   ] GC(908) Metaspace: 116K(320K)->116K(320K) NonClass: 109K(192K)->109K(192K) Class: 7K(128K)->7K(128K)
[2026-06-17T10:05:42.202+0800][22.995s][info][gc             ] GC(908) Pause Young (Allocation Failure) 44M->37M(57M) 4.001ms
[2026-06-17T10:05:42.203+0800][22.995s][info][gc,cpu         ] GC(908) User=0.00s Sys=0.00s Real=0.01s
[2026-06-17T10:05:42.225+0800][23.018s][info][gc,start       ] GC(909) Pause Young (Allocation Failure)
[2026-06-17T10:05:42.229+0800][23.022s][info][gc,heap        ] GC(909) PSYoungGen: 10882K(14336K)->1098K(14336K) Eden: 7151K(7168K)->0K(7168K) From: 3731K(7168K)->1098K(7168K)
[2026-06-17T10:05:42.230+0800][23.022s][info][gc,heap        ] GC(909) ParOldGen: 35175K(44032K)->37916K(44032K)
[2026-06-17T10:05:42.230+0800][23.023s][info][gc,metaspace   ] GC(909) Metaspace: 116K(320K)->116K(320K) NonClass: 109K(192K)->109K(192K) Class: 7K(128K)->7K(128K)
[2026-06-17T10:05:42.231+0800][23.024s][info][gc             ] GC(909) Pause Young (Allocation Failure) 44M->38M(57M) 5.748ms
[2026-06-17T10:05:42.231+0800][23.024s][info][gc,cpu         ] GC(909) User=0.00s Sys=0.00s Real=0.01s
[2026-06-17T10:05:42.243+0800][23.036s][info][gc,start       ] GC(910) Pause Young (Allocation Failure)
[2026-06-17T10:05:42.245+0800][23.038s][info][gc,heap        ] GC(910) PSYoungGen: 8263K(14336K)->4882K(14336K) Eden: 7164K(7168K)->0K(7168K) From: 1098K(7168K)->4882K(7168K)
[2026-06-17T10:05:42.246+0800][23.039s][info][gc,heap        ] GC(910) ParOldGen: 37916K(44032K)->37916K(44032K)
[2026-06-17T10:05:42.247+0800][23.039s][info][gc,metaspace   ] GC(910) Metaspace: 116K(320K)->116K(320K) NonClass: 109K(192K)->109K(192K) Class: 7K(128K)->7K(128K)
[2026-06-17T10:05:42.247+0800][23.040s][info][gc             ] GC(910) Pause Young (Allocation Failure) 45M->41M(57M) 3.693ms
[2026-06-17T10:05:42.248+0800][23.040s][info][gc,cpu         ] GC(910) User=0.00s Sys=0.00s Real=0.00s
[2026-06-17T10:05:42.270+0800][23.063s][info][gc,start       ] GC(911) Pause Young (Allocation Failure)
[2026-06-17T10:05:42.272+0800][23.065s][info][gc,heap        ] GC(911) PSYoungGen: 12042K(14336K)->3429K(14336K) Eden: 7160K(7168K)->0K(7168K) From: 4882K(7168K)->3429K(7168K)
[2026-06-17T10:05:42.273+0800][23.066s][info][gc,heap        ] GC(911) ParOldGen: 37916K(44032K)->39966K(44032K)
[2026-06-17T10:05:42.274+0800][23.066s][info][gc,metaspace   ] GC(911) Metaspace: 116K(320K)->116K(320K) NonClass: 109K(192K)->109K(192K) Class: 7K(128K)->7K(128K)
[2026-06-17T10:05:42.274+0800][23.067s][info][gc             ] GC(911) Pause Young (Allocation Failure) 48M->42M(57M) 4.224ms
[2026-06-17T10:05:42.275+0800][23.068s][info][gc,cpu         ] GC(911) User=0.00s Sys=0.00s Real=0.01s
[2026-06-17T10:05:42.298+0800][23.091s][info][gc,start       ] GC(912) Pause Full (Allocation Failure)
[2026-06-17T10:05:42.299+0800][23.092s][info][gc,phases,start] GC(912) Marking Phase
[2026-06-17T10:05:42.302+0800][23.094s][info][gc,phases      ] GC(912) Marking Phase 2.785ms
[2026-06-17T10:05:42.302+0800][23.095s][info][gc,phases,start] GC(912) Summary Phase
[2026-06-17T10:05:42.303+0800][23.096s][info][gc,phases      ] GC(912) Summary Phase 0.693ms
[2026-06-17T10:05:42.304+0800][23.097s][info][gc,phases,start] GC(912) Forward
[2026-06-17T10:05:42.305+0800][23.097s][info][gc,phases      ] GC(912) Forward 0.821ms
[2026-06-17T10:05:42.305+0800][23.098s][info][gc,phases,start] GC(912) Adjust Pointers
[2026-06-17T10:05:42.306+0800][23.099s][info][gc,phases      ] GC(912) Adjust Pointers 1.265ms
[2026-06-17T10:05:42.307+0800][23.100s][info][gc,phases,start] GC(912) Compaction Phase
[2026-06-17T10:05:42.309+0800][23.101s][info][gc,phases      ] GC(912) Compaction Phase 1.728ms
[2026-06-17T10:05:42.309+0800][23.102s][info][gc,phases,start] GC(912) Post Compact
[2026-06-17T10:05:42.309+0800][23.102s][info][gc,phases      ] GC(912) Post Compact 0.275ms
[2026-06-17T10:05:42.309+0800][23.102s][info][gc,heap        ] GC(912) PSYoungGen: 10555K(14336K)->0K(14336K) Eden: 7126K(7168K)->0K(7168K) From: 3429K(7168K)->0K(7168K)
[2026-06-17T10:05:42.310+0800][23.102s][info][gc,heap        ] GC(912) ParOldGen: 39966K(44032K)->33143K(44032K)
[2026-06-17T10:05:42.310+0800][23.103s][info][gc,metaspace   ] GC(912) Metaspace: 116K(320K)->116K(320K) NonClass: 109K(192K)->109K(192K) Class: 7K(128K)->7K(128K)
[2026-06-17T10:05:42.310+0800][23.103s][info][gc             ] GC(912) Pause Full (Allocation Failure) 49M->32M(57M) 12.330ms
[2026-06-17T10:05:42.310+0800][23.103s][info][gc,cpu         ] GC(912) User=0.01s Sys=0.00s Real=0.01s
[2026-06-17T10:05:42.322+0800][23.114s][info][gc,start       ] GC(913) Pause Young (Allocation Failure)
[2026-06-17T10:05:42.323+0800][23.116s][info][gc,heap        ] GC(913) PSYoungGen: 7073K(14336K)->3641K(14336K) Eden: 7073K(7168K)->0K(7168K) From: 0K(7168K)->3641K(7168K)
[2026-06-17T10:05:42.323+0800][23.116s][info][gc,heap        ] GC(913) ParOldGen: 33143K(44032K)->33143K(44032K)
[2026-06-17T10:05:42.323+0800][23.116s][info][gc,metaspace   ] GC(913) Metaspace: 116K(320K)->116K(320K) NonClass: 109K(192K)->109K(192K) Class: 7K(128K)->7K(128K)
[2026-06-17T10:05:42.324+0800][23.116s][info][gc             ] GC(913) Pause Young (Allocation Failure) 39M->35M(57M) 2.145ms
[2026-06-17T10:05:42.324+0800][23.117s][info][gc,cpu         ] GC(913) User=0.00s Sys=0.00s Real=0.01s
[2026-06-17T10:05:42.345+0800][23.138s][info][gc,start       ] GC(914) Pause Young (Allocation Failure)
[2026-06-17T10:05:42.346+0800][23.139s][info][gc,heap        ] GC(914) PSYoungGen: 10801K(14336K)->3715K(14336K) Eden: 7159K(7168K)->0K(7168K) From: 3641K(7168K)->3715K(7168K)
[2026-06-17T10:05:42.347+0800][23.140s][info][gc,heap        ] GC(914) ParOldGen: 33143K(44032K)->36752K(44032K)
[2026-06-17T10:05:42.348+0800][23.141s][info][gc,metaspace   ] GC(914) Metaspace: 116K(320K)->116K(320K) NonClass: 109K(192K)->109K(192K) Class: 7K(128K)->7K(128K)
[2026-06-17T10:05:42.348+0800][23.141s][info][gc             ] GC(914) Pause Young (Allocation Failure) 42M->39M(57M) 3.383ms
[2026-06-17T10:05:42.351+0800][23.143s][info][gc,cpu         ] GC(914) User=0.00s Sys=0.00s Real=0.01s
[2026-06-17T10:05:42.375+0800][23.168s][info][gc,start       ] GC(915) Pause Young (Allocation Failure)
[2026-06-17T10:05:42.377+0800][23.169s][info][gc,heap        ] GC(915) PSYoungGen: 10839K(14336K)->4073K(14336K) Eden: 7123K(7168K)->0K(7168K) From: 3715K(7168K)->4073K(7168K)
[2026-06-17T10:05:42.378+0800][23.171s][info][gc,heap        ] GC(915) ParOldGen: 36752K(44032K)->36752K(44032K)
[2026-06-17T10:05:42.379+0800][23.172s][info][gc,metaspace   ] GC(915) Metaspace: 116K(320K)->116K(320K) NonClass: 109K(192K)->109K(192K) Class: 7K(128K)->7K(128K)
[2026-06-17T10:05:42.382+0800][23.175s][info][gc             ] GC(915) Pause Young (Allocation Failure) 46M->39M(57M) 7.055ms
[2026-06-17T10:05:42.384+0800][23.176s][info][gc,cpu         ] GC(915) User=0.01s Sys=0.00s Real=0.01s
[2026-06-17T10:05:42.406+0800][23.198s][info][gc,start       ] GC(916) Pause Young (Allocation Failure)
[2026-06-17T10:05:42.408+0800][23.201s][info][gc,heap        ] GC(916) PSYoungGen: 11241K(14336K)->4386K(14336K) Eden: 7168K(7168K)->0K(7168K) From: 4073K(7168K)->4386K(7168K)
[2026-06-17T10:05:42.409+0800][23.201s][info][gc,heap        ] GC(916) ParOldGen: 36752K(44032K)->36752K(44032K)
[2026-06-17T10:05:42.409+0800][23.202s][info][gc,metaspace   ] GC(916) Metaspace: 116K(320K)->116K(320K) NonClass: 109K(192K)->109K(192K) Class: 7K(128K)->7K(128K)
[2026-06-17T10:05:42.410+0800][23.203s][info][gc             ] GC(916) Pause Young (Allocation Failure) 46M->40M(57M) 4.267ms
[2026-06-17T10:05:42.410+0800][23.203s][info][gc,cpu         ] GC(916) User=0.00s Sys=0.00s Real=0.01s
[2026-06-17T10:05:42.424+0800][23.217s][info][gc,start       ] GC(917) Pause Young (Allocation Failure)
[2026-06-17T10:05:42.428+0800][23.221s][info][gc,heap        ] GC(917) PSYoungGen: 11530K(14336K)->6642K(13824K) Eden: 7143K(7168K)->0K(7168K) From: 4386K(7168K)->6642K(6656K)
[2026-06-17T10:05:42.429+0800][23.222s][info][gc,heap        ] GC(917) ParOldGen: 36752K(44032K)->38207K(44032K)
[2026-06-17T10:05:42.431+0800][23.224s][info][gc,metaspace   ] GC(917) Metaspace: 116K(320K)->116K(320K) NonClass: 109K(192K)->109K(192K) Class: 7K(128K)->7K(128K)
[2026-06-17T10:05:42.433+0800][23.226s][info][gc             ] GC(917) Pause Young (Allocation Failure) 47M->43M(56M) 8.741ms
[2026-06-17T10:05:42.434+0800][23.226s][info][gc,cpu         ] GC(917) User=0.00s Sys=0.00s Real=0.01s
[2026-06-17T10:05:42.457+0800][23.250s][info][gc,start       ] GC(918) Pause Young (Allocation Failure)
[2026-06-17T10:05:42.459+0800][23.252s][info][gc,heap        ] GC(918) PSYoungGen: 13759K(13824K)->4604K(14336K) Eden: 7116K(7168K)->0K(7168K) From: 6642K(6656K)->4604K(7168K)
[2026-06-17T10:05:42.460+0800][23.253s][info][gc,heap        ] GC(918) ParOldGen: 38207K(44032K)->40441K(44032K)
[2026-06-17T10:05:42.461+0800][23.254s][info][gc,metaspace   ] GC(918) Metaspace: 116K(320K)->116K(320K) NonClass: 109K(192K)->109K(192K) Class: 7K(128K)->7K(128K)
[2026-06-17T10:05:42.462+0800][23.254s][info][gc             ] GC(918) Pause Young (Allocation Failure) 50M->43M(57M) 4.694ms
[2026-06-17T10:05:42.462+0800][23.255s][info][gc,cpu         ] GC(918) User=0.01s Sys=0.00s Real=0.00s
[2026-06-17T10:05:42.485+0800][23.277s][info][gc,start       ] GC(919) Pause Full (Allocation Failure)
[2026-06-17T10:05:42.486+0800][23.279s][info][gc,phases,start] GC(919) Marking Phase
[2026-06-17T10:05:42.489+0800][23.282s][info][gc,phases      ] GC(919) Marking Phase 3.489ms
[2026-06-17T10:05:42.490+0800][23.283s][info][gc,phases,start] GC(919) Summary Phase
[2026-06-17T10:05:42.491+0800][23.284s][info][gc,phases      ] GC(919) Summary Phase 1.051ms
[2026-06-17T10:05:42.492+0800][23.285s][info][gc,phases,start] GC(919) Forward
[2026-06-17T10:05:42.493+0800][23.286s][info][gc,phases      ] GC(919) Forward 1.134ms
[2026-06-17T10:05:42.494+0800][23.287s][info][gc,phases,start] GC(919) Adjust Pointers
[2026-06-17T10:05:42.497+0800][23.290s][info][gc,phases      ] GC(919) Adjust Pointers 2.615ms
[2026-06-17T10:05:42.498+0800][23.290s][info][gc,phases,start] GC(919) Compaction Phase
[2026-06-17T10:05:42.501+0800][23.294s][info][gc,phases      ] GC(919) Compaction Phase 3.218ms
[2026-06-17T10:05:42.502+0800][23.295s][info][gc,phases,start] GC(919) Post Compact
[2026-06-17T10:05:42.503+0800][23.296s][info][gc,phases      ] GC(919) Post Compact 0.921ms
[2026-06-17T10:05:42.504+0800][23.296s][info][gc,heap        ] GC(919) PSYoungGen: 11740K(14336K)->0K(14336K) Eden: 7136K(7168K)->0K(7168K) From: 4604K(7168K)->0K(7168K)
[2026-06-17T10:05:42.504+0800][23.297s][info][gc,heap        ] GC(919) ParOldGen: 40441K(44032K)->31496K(44032K)
[2026-06-17T10:05:42.505+0800][23.297s][info][gc,metaspace   ] GC(919) Metaspace: 116K(320K)->116K(320K) NonClass: 109K(192K)->109K(192K) Class: 7K(128K)->7K(128K)
[2026-06-17T10:05:42.507+0800][23.299s][info][gc             ] GC(919) Pause Full (Allocation Failure) 50M->30M(57M) 22.027ms
[2026-06-17T10:05:42.508+0800][23.300s][info][gc,cpu         ] GC(919) User=0.01s Sys=0.01s Real=0.02s
[2026-06-17T10:05:42.519+0800][23.312s][info][gc,start       ] GC(920) Pause Young (Allocation Failure)
[2026-06-17T10:05:42.521+0800][23.314s][info][gc,heap        ] GC(920) PSYoungGen: 7022K(14336K)->3516K(14336K) Eden: 7022K(7168K)->0K(7168K) From: 0K(7168K)->3516K(7168K)
[2026-06-17T10:05:42.522+0800][23.315s][info][gc,heap        ] GC(920) ParOldGen: 31496K(44032K)->31496K(44032K)
[2026-06-17T10:05:42.525+0800][23.318s][info][gc,metaspace   ] GC(920) Metaspace: 116K(320K)->116K(320K) NonClass: 109K(192K)->109K(192K) Class: 7K(128K)->7K(128K)
[2026-06-17T10:05:42.527+0800][23.320s][info][gc             ] GC(920) Pause Young (Allocation Failure) 37M->34M(57M) 7.454ms
[2026-06-17T10:05:42.527+0800][23.320s][info][gc,cpu         ] GC(920) User=0.00s Sys=0.00s Real=0.01s
[2026-06-17T10:05:42.559+0800][23.352s][info][gc,start       ] GC(921) Pause Young (Allocation Failure)
[2026-06-17T10:05:42.560+0800][23.353s][info][gc,heap        ] GC(921) PSYoungGen: 10681K(14336K)->3731K(14336K) Eden: 7164K(7168K)->0K(7168K) From: 3516K(7168K)->3731K(7168K)
[2026-06-17T10:05:42.561+0800][23.354s][info][gc,heap        ] GC(921) ParOldGen: 31496K(44032K)->31496K(44032K)
[2026-06-17T10:05:42.562+0800][23.354s][info][gc,metaspace   ] GC(921) Metaspace: 116K(320K)->116K(320K) NonClass: 109K(192K)->109K(192K) Class: 7K(128K)->7K(128K)
[2026-06-17T10:05:42.562+0800][23.355s][info][gc             ] GC(921) Pause Young (Allocation Failure) 41M->34M(57M) 2.842ms
[2026-06-17T10:05:42.562+0800][23.355s][info][gc,cpu         ] GC(921) User=0.00s Sys=0.00s Real=0.00s
[2026-06-17T10:05:42.573+0800][23.366s][info][gc,start       ] GC(922) Pause Young (Allocation Failure)
[2026-06-17T10:05:42.575+0800][23.368s][info][gc,heap        ] GC(922) PSYoungGen: 10876K(14336K)->7106K(14336K) Eden: 7144K(7168K)->0K(7168K) From: 3731K(7168K)->7106K(7168K)
[2026-06-17T10:05:42.576+0800][23.369s][info][gc,heap        ] GC(922) ParOldGen: 31496K(44032K)->31871K(44032K)
[2026-06-17T10:05:42.577+0800][23.369s][info][gc,metaspace   ] GC(922) Metaspace: 116K(320K)->116K(320K) NonClass: 109K(192K)->109K(192K) Class: 7K(128K)->7K(128K)
[2026-06-17T10:05:42.577+0800][23.370s][info][gc             ] GC(922) Pause Young (Allocation Failure) 41M->38M(57M) 3.932ms
[2026-06-17T10:05:42.578+0800][23.371s][info][gc,cpu         ] GC(922) User=0.00s Sys=0.00s Real=0.00s
[2026-06-17T10:05:42.601+0800][23.394s][info][gc,start       ] GC(923) Pause Young (Allocation Failure)
[2026-06-17T10:05:42.604+0800][23.396s][info][gc,heap        ] GC(923) PSYoungGen: 14263K(14336K)->7149K(14336K) Eden: 7156K(7168K)->0K(7168K) From: 7106K(7168K)->7149K(7168K)
[2026-06-17T10:05:42.608+0800][23.401s][info][gc,heap        ] GC(923) ParOldGen: 31871K(44032K)->32391K(44032K)
[2026-06-17T10:05:42.609+0800][23.402s][info][gc,metaspace   ] GC(923) Metaspace: 116K(320K)->116K(320K) NonClass: 109K(192K)->109K(192K) Class: 7K(128K)->7K(128K)
[2026-06-17T10:05:42.609+0800][23.402s][info][gc             ] GC(923) Pause Young (Allocation Failure) 45M->38M(57M) 7.720ms
[2026-06-17T10:05:42.609+0800][23.402s][info][gc,cpu         ] GC(923) User=0.00s Sys=0.00s Real=0.01s
[2026-06-17T10:05:42.620+0800][23.413s][info][gc,start       ] GC(924) Pause Young (Allocation Failure)
[2026-06-17T10:05:42.624+0800][23.417s][info][gc,heap        ] GC(924) PSYoungGen: 14313K(14336K)->7163K(14336K) Eden: 7164K(7168K)->0K(7168K) From: 7149K(7168K)->7163K(7168K)
[2026-06-17T10:05:42.625+0800][23.417s][info][gc,heap        ] GC(924) ParOldGen: 32391K(44032K)->36157K(44032K)
[2026-06-17T10:05:42.625+0800][23.418s][info][gc,metaspace   ] GC(924) Metaspace: 116K(320K)->116K(320K) NonClass: 109K(192K)->109K(192K) Class: 7K(128K)->7K(128K)
[2026-06-17T10:05:42.627+0800][23.419s][info][gc             ] GC(924) Pause Young (Allocation Failure) 45M->42M(57M) 6.207ms
[2026-06-17T10:05:42.627+0800][23.420s][info][gc,cpu         ] GC(924) User=0.01s Sys=0.00s Real=0.01s
[2026-06-17T10:05:42.650+0800][23.442s][info][gc,start       ] GC(925) Pause Young (Allocation Failure)
[2026-06-17T10:05:42.652+0800][23.445s][info][gc,heap        ] GC(925) PSYoungGen: 14182K(14336K)->2781K(14336K) Eden: 7018K(7168K)->0K(7168K) From: 7163K(7168K)->2781K(7168K)
[2026-06-17T10:05:42.653+0800][23.446s][info][gc,heap        ] GC(925) ParOldGen: 36157K(44032K)->37150K(44032K)
[2026-06-17T10:05:42.654+0800][23.447s][info][gc,metaspace   ] GC(925) Metaspace: 116K(320K)->116K(320K) NonClass: 109K(192K)->109K(192K) Class: 7K(128K)->7K(128K)
[2026-06-17T10:05:42.655+0800][23.448s][info][gc             ] GC(925) Pause Young (Allocation Failure) 49M->38M(57M) 5.195ms
[2026-06-17T10:05:42.656+0800][23.449s][info][gc,cpu         ] GC(925) User=0.00s Sys=0.00s Real=0.01s
[2026-06-17T10:05:42.677+0800][23.470s][info][gc,start       ] GC(926) Pause Young (Allocation Failure)
[2026-06-17T10:05:42.678+0800][23.471s][info][gc,heap        ] GC(926) PSYoungGen: 9906K(14336K)->3707K(14336K) Eden: 7124K(7168K)->0K(7168K) From: 2781K(7168K)->3707K(7168K)
[2026-06-17T10:05:42.678+0800][23.471s][info][gc,heap        ] GC(926) ParOldGen: 37150K(44032K)->39907K(44032K)
[2026-06-17T10:05:42.678+0800][23.471s][info][gc,metaspace   ] GC(926) Metaspace: 116K(320K)->116K(320K) NonClass: 109K(192K)->109K(192K) Class: 7K(128K)->7K(128K)
[2026-06-17T10:05:42.679+0800][23.471s][info][gc             ] GC(926) Pause Young (Allocation Failure) 45M->42M(57M) 1.609ms
[2026-06-17T10:05:42.679+0800][23.471s][info][gc,cpu         ] GC(926) User=0.00s Sys=0.00s Real=0.00s
[2026-06-17T10:05:42.700+0800][23.492s][info][gc,start       ] GC(927) Pause Full (Allocation Failure)
[2026-06-17T10:05:42.700+0800][23.493s][info][gc,phases,start] GC(927) Marking Phase
[2026-06-17T10:05:42.701+0800][23.494s][info][gc,phases      ] GC(927) Marking Phase 0.935ms
[2026-06-17T10:05:42.701+0800][23.494s][info][gc,phases,start] GC(927) Summary Phase
[2026-06-17T10:05:42.701+0800][23.494s][info][gc,phases      ] GC(927) Summary Phase 0.163ms
[2026-06-17T10:05:42.701+0800][23.494s][info][gc,phases,start] GC(927) Forward
[2026-06-17T10:05:42.702+0800][23.494s][info][gc,phases      ] GC(927) Forward 0.300ms
[2026-06-17T10:05:42.702+0800][23.495s][info][gc,phases,start] GC(927) Adjust Pointers
[2026-06-17T10:05:42.702+0800][23.495s][info][gc,phases      ] GC(927) Adjust Pointers 0.480ms
[2026-06-17T10:05:42.702+0800][23.495s][info][gc,phases,start] GC(927) Compaction Phase
[2026-06-17T10:05:42.704+0800][23.497s][info][gc,phases      ] GC(927) Compaction Phase 1.461ms
[2026-06-17T10:05:42.704+0800][23.497s][info][gc,phases,start] GC(927) Post Compact
[2026-06-17T10:05:42.705+0800][23.497s][info][gc,phases      ] GC(927) Post Compact 0.308ms
[2026-06-17T10:05:42.705+0800][23.498s][info][gc,heap        ] GC(927) PSYoungGen: 10873K(14336K)->0K(14336K) Eden: 7165K(7168K)->0K(7168K) From: 3707K(7168K)->0K(7168K)
[2026-06-17T10:05:42.705+0800][23.498s][info][gc,heap        ] GC(927) ParOldGen: 39907K(44032K)->23934K(44032K)
[2026-06-17T10:05:42.705+0800][23.498s][info][gc,metaspace   ] GC(927) Metaspace: 116K(320K)->116K(320K) NonClass: 109K(192K)->109K(192K) Class: 7K(128K)->7K(128K)
[2026-06-17T10:05:42.705+0800][23.498s][info][gc             ] GC(927) Pause Full (Allocation Failure) 49M->23M(57M) 5.750ms
[2026-06-17T10:05:42.705+0800][23.498s][info][gc,cpu         ] GC(927) User=0.01s Sys=0.00s Real=0.01s
[2026-06-17T10:05:42.726+0800][23.519s][info][gc,start       ] GC(928) Pause Young (Allocation Failure)
[2026-06-17T10:05:42.727+0800][23.520s][info][gc,heap        ] GC(928) PSYoungGen: 7150K(14336K)->3887K(14336K) Eden: 7150K(7168K)->0K(7168K) From: 0K(7168K)->3887K(7168K)
[2026-06-17T10:05:42.728+0800][23.520s][info][gc,heap        ] GC(928) ParOldGen: 23934K(44032K)->23934K(44032K)
[2026-06-17T10:05:42.728+0800][23.521s][info][gc,metaspace   ] GC(928) Metaspace: 116K(320K)->116K(320K) NonClass: 109K(192K)->109K(192K) Class: 7K(128K)->7K(128K)
[2026-06-17T10:05:42.728+0800][23.521s][info][gc             ] GC(928) Pause Young (Allocation Failure) 30M->27M(57M) 1.439ms
[2026-06-17T10:05:42.728+0800][23.521s][info][gc,cpu         ] GC(928) User=0.00s Sys=0.00s Real=0.00s
[2026-06-17T10:05:42.739+0800][23.532s][info][gc,start       ] GC(929) Pause Young (Allocation Failure)
[2026-06-17T10:05:42.740+0800][23.532s][info][gc,heap        ] GC(929) PSYoungGen: 11026K(14336K)->6904K(14336K) Eden: 7139K(7168K)->0K(7168K) From: 3887K(7168K)->6904K(7168K)
[2026-06-17T10:05:42.740+0800][23.533s][info][gc,heap        ] GC(929) ParOldGen: 23934K(44032K)->24631K(44032K)
[2026-06-17T10:05:42.740+0800][23.533s][info][gc,metaspace   ] GC(929) Metaspace: 116K(320K)->116K(320K) NonClass: 109K(192K)->109K(192K) Class: 7K(128K)->7K(128K)
[2026-06-17T10:05:42.740+0800][23.533s][info][gc             ] GC(929) Pause Young (Allocation Failure) 34M->30M(57M) 1.408ms
[2026-06-17T10:05:42.740+0800][23.533s][info][gc,cpu         ] GC(929) User=0.00s Sys=0.00s Real=0.00s
[2026-06-17T10:05:42.761+0800][23.554s][info][gc,start       ] GC(930) Pause Young (Allocation Failure)
[2026-06-17T10:05:42.767+0800][23.559s][info][gc,heap        ] GC(930) PSYoungGen: 14063K(14336K)->2245K(14336K) Eden: 7158K(7168K)->0K(7168K) From: 6904K(7168K)->2245K(7168K)
[2026-06-17T10:05:42.772+0800][23.565s][info][gc,heap        ] GC(930) ParOldGen: 24631K(44032K)->29544K(44032K)
[2026-06-17T10:05:42.773+0800][23.565s][info][gc,metaspace   ] GC(930) Metaspace: 116K(320K)->116K(320K) NonClass: 109K(192K)->109K(192K) Class: 7K(128K)->7K(128K)
[2026-06-17T10:05:42.773+0800][23.566s][info][gc             ] GC(930) Pause Young (Allocation Failure) 37M->31M(57M) 11.680ms
[2026-06-17T10:05:42.788+0800][23.581s][info][gc,cpu         ] GC(930) User=0.00s Sys=0.00s Real=0.03s
[2026-06-17T10:05:42.810+0800][23.603s][info][gc,start       ] GC(931) Pause Young (Allocation Failure)
[2026-06-17T10:05:42.814+0800][23.607s][info][gc,heap        ] GC(931) PSYoungGen: 9376K(14336K)->2822K(14336K) Eden: 7131K(7168K)->0K(7168K) From: 2245K(7168K)->2822K(7168K)
[2026-06-17T10:05:42.815+0800][23.607s][info][gc,heap        ] GC(931) ParOldGen: 29544K(44032K)->29544K(44032K)
[2026-06-17T10:05:42.816+0800][23.609s][info][gc,metaspace   ] GC(931) Metaspace: 116K(320K)->116K(320K) NonClass: 109K(192K)->109K(192K) Class: 7K(128K)->7K(128K)
[2026-06-17T10:05:42.818+0800][23.611s][info][gc             ] GC(931) Pause Young (Allocation Failure) 38M->31M(57M) 8.197ms
[2026-06-17T10:05:42.821+0800][23.614s][info][gc,cpu         ] GC(931) User=0.00s Sys=0.00s Real=0.01s
[2026-06-17T10:05:42.836+0800][23.629s][info][gc,start       ] GC(932) Pause Young (Allocation Failure)
[2026-06-17T10:05:42.839+0800][23.631s][info][gc,heap        ] GC(932) PSYoungGen: 9836K(14336K)->807K(14336K) Eden: 7014K(7168K)->0K(7168K) From: 2822K(7168K)->807K(7168K)
[2026-06-17T10:05:42.858+0800][23.650s][info][gc,heap        ] GC(932) ParOldGen: 29544K(44032K)->31499K(44032K)
[2026-06-17T10:05:42.858+0800][23.651s][info][gc,metaspace   ] GC(932) Metaspace: 116K(320K)->116K(320K) NonClass: 109K(192K)->109K(192K) Class: 7K(128K)->7K(128K)
[2026-06-17T10:05:42.859+0800][23.652s][info][gc             ] GC(932) Pause Young (Allocation Failure) 38M->31M(57M) 23.077ms
[2026-06-17T10:05:42.860+0800][23.653s][info][gc,cpu         ] GC(932) User=0.01s Sys=0.00s Real=0.02s
[2026-06-17T10:05:42.883+0800][23.676s][info][gc,start       ] GC(933) Pause Young (Allocation Failure)
[2026-06-17T10:05:42.886+0800][23.678s][info][gc,heap        ] GC(933) PSYoungGen: 7974K(14336K)->4698K(14336K) Eden: 7167K(7168K)->0K(7168K) From: 807K(7168K)->4698K(7168K)
[2026-06-17T10:05:42.886+0800][23.679s][info][gc,heap        ] GC(933) ParOldGen: 31499K(44032K)->31499K(44032K)
[2026-06-17T10:05:42.888+0800][23.681s][info][gc,metaspace   ] GC(933) Metaspace: 116K(320K)->116K(320K) NonClass: 109K(192K)->109K(192K) Class: 7K(128K)->7K(128K)
[2026-06-17T10:05:42.889+0800][23.682s][info][gc             ] GC(933) Pause Young (Allocation Failure) 38M->35M(57M) 5.613ms
[2026-06-17T10:05:42.889+0800][23.682s][info][gc,cpu         ] GC(933) User=0.00s Sys=0.00s Real=0.00s
[2026-06-17T10:05:42.901+0800][23.693s][info][gc,start       ] GC(934) Pause Young (Allocation Failure)
[2026-06-17T10:05:42.904+0800][23.697s][info][gc,heap        ] GC(934) PSYoungGen: 11666K(14336K)->1634K(14336K) Eden: 6968K(7168K)->0K(7168K) From: 4698K(7168K)->1634K(7168K)
[2026-06-17T10:05:42.904+0800][23.697s][info][gc,heap        ] GC(934) ParOldGen: 31499K(44032K)->34801K(44032K)
[2026-06-17T10:05:42.905+0800][23.698s][info][gc,metaspace   ] GC(934) Metaspace: 116K(320K)->116K(320K) NonClass: 109K(192K)->109K(192K) Class: 7K(128K)->7K(128K)
[2026-06-17T10:05:42.905+0800][23.698s][info][gc             ] GC(934) Pause Young (Allocation Failure) 42M->35M(57M) 4.652ms
[2026-06-17T10:05:42.906+0800][23.698s][info][gc,cpu         ] GC(934) User=0.00s Sys=0.00s Real=0.01s
[2026-06-17T10:05:42.927+0800][23.720s][info][gc,start       ] GC(935) Pause Young (Allocation Failure)
[2026-06-17T10:05:42.930+0800][23.722s][info][gc,heap        ] GC(935) PSYoungGen: 8771K(14336K)->5180K(14336K) Eden: 7137K(7168K)->0K(7168K) From: 1634K(7168K)->5180K(7168K)
[2026-06-17T10:05:42.930+0800][23.723s][info][gc,heap        ] GC(935) ParOldGen: 34801K(44032K)->34801K(44032K)
[2026-06-17T10:05:42.932+0800][23.724s][info][gc,metaspace   ] GC(935) Metaspace: 116K(320K)->116K(320K) NonClass: 109K(192K)->109K(192K) Class: 7K(128K)->7K(128K)
[2026-06-17T10:05:42.932+0800][23.725s][info][gc             ] GC(935) Pause Young (Allocation Failure) 42M->39M(57M) 5.131ms
[2026-06-17T10:05:42.933+0800][23.726s][info][gc,cpu         ] GC(935) User=0.00s Sys=0.00s Real=0.01s
[2026-06-17T10:05:42.954+0800][23.747s][info][gc,start       ] GC(936) Pause Young (Allocation Failure)
[2026-06-17T10:05:42.955+0800][23.748s][info][gc,heap        ] GC(936) PSYoungGen: 12327K(14336K)->3363K(14336K) Eden: 7147K(7168K)->0K(7168K) From: 5180K(7168K)->3363K(7168K)
[2026-06-17T10:05:42.956+0800][23.748s][info][gc,heap        ] GC(936) ParOldGen: 34801K(44032K)->37174K(44032K)
[2026-06-17T10:05:42.956+0800][23.749s][info][gc,metaspace   ] GC(936) Metaspace: 116K(320K)->116K(320K) NonClass: 109K(192K)->109K(192K) Class: 7K(128K)->7K(128K)
[2026-06-17T10:05:42.956+0800][23.749s][info][gc             ] GC(936) Pause Young (Allocation Failure) 46M->39M(57M) 2.064ms
[2026-06-17T10:05:42.956+0800][23.749s][info][gc,cpu         ] GC(936) User=0.01s Sys=0.00s Real=0.00s
[2026-06-17T10:05:42.978+0800][23.770s][info][gc,start       ] GC(937) Pause Young (Allocation Failure)
[2026-06-17T10:05:42.979+0800][23.772s][info][gc,heap        ] GC(937) PSYoungGen: 10516K(14336K)->3440K(14336K) Eden: 7153K(7168K)->0K(7168K) From: 3363K(7168K)->3440K(7168K)
[2026-06-17T10:05:42.982+0800][23.774s][info][gc,heap        ] GC(937) ParOldGen: 37174K(44032K)->37174K(44032K)
[2026-06-17T10:05:42.982+0800][23.775s][info][gc,metaspace   ] GC(937) Metaspace: 116K(320K)->116K(320K) NonClass: 109K(192K)->109K(192K) Class: 7K(128K)->7K(128K)
[2026-06-17T10:05:42.983+0800][23.775s][info][gc             ] GC(937) Pause Young (Allocation Failure) 46M->39M(57M) 4.990ms
[2026-06-17T10:05:42.983+0800][23.776s][info][gc,cpu         ] GC(937) User=0.00s Sys=0.00s Real=0.01s
[2026-06-17T10:05:43.005+0800][23.797s][info][gc,start       ] GC(938) Pause Young (Allocation Failure)
[2026-06-17T10:05:43.008+0800][23.801s][info][gc,heap        ] GC(938) PSYoungGen: 10588K(14336K)->1687K(14336K) Eden: 7147K(7168K)->0K(7168K) From: 3440K(7168K)->1687K(7168K)
[2026-06-17T10:05:43.008+0800][23.801s][info][gc,heap        ] GC(938) ParOldGen: 37174K(44032K)->39204K(44032K)
[2026-06-17T10:05:43.009+0800][23.801s][info][gc,metaspace   ] GC(938) Metaspace: 116K(320K)->116K(320K) NonClass: 109K(192K)->109K(192K) Class: 7K(128K)->7K(128K)
[2026-06-17T10:05:43.009+0800][23.802s][info][gc             ] GC(938) Pause Young (Allocation Failure) 46M->39M(57M) 4.283ms
[2026-06-17T10:05:43.009+0800][23.802s][info][gc,cpu         ] GC(938) User=0.00s Sys=0.00s Real=0.00s
[2026-06-17T10:05:43.020+0800][23.813s][info][gc,start       ] GC(939) Pause Full (Allocation Failure)
[2026-06-17T10:05:43.022+0800][23.815s][info][gc,phases,start] GC(939) Marking Phase
[2026-06-17T10:05:43.023+0800][23.816s][info][gc,phases      ] GC(939) Marking Phase 1.192ms
[2026-06-17T10:05:43.024+0800][23.816s][info][gc,phases,start] GC(939) Summary Phase
[2026-06-17T10:05:43.024+0800][23.817s][info][gc,phases      ] GC(939) Summary Phase 0.390ms
[2026-06-17T10:05:43.024+0800][23.817s][info][gc,phases,start] GC(939) Forward
[2026-06-17T10:05:43.025+0800][23.817s][info][gc,phases      ] GC(939) Forward 0.339ms
[2026-06-17T10:05:43.025+0800][23.818s][info][gc,phases,start] GC(939) Adjust Pointers
[2026-06-17T10:05:43.026+0800][23.819s][info][gc,phases      ] GC(939) Adjust Pointers 0.748ms
[2026-06-17T10:05:43.026+0800][23.819s][info][gc,phases,start] GC(939) Compaction Phase
[2026-06-17T10:05:43.028+0800][23.820s][info][gc,phases      ] GC(939) Compaction Phase 1.577ms
[2026-06-17T10:05:43.028+0800][23.821s][info][gc,phases,start] GC(939) Post Compact
[2026-06-17T10:05:43.029+0800][23.821s][info][gc,phases      ] GC(939) Post Compact 0.372ms
[2026-06-17T10:05:43.029+0800][23.822s][info][gc,heap        ] GC(939) PSYoungGen: 8811K(14336K)->0K(14336K) Eden: 7123K(7168K)->0K(7168K) From: 1687K(7168K)->0K(7168K)
[2026-06-17T10:05:43.029+0800][23.822s][info][gc,heap        ] GC(939) ParOldGen: 39204K(44032K)->29344K(44032K)
[2026-06-17T10:05:43.029+0800][23.822s][info][gc,metaspace   ] GC(939) Metaspace: 116K(320K)->116K(320K) NonClass: 109K(192K)->109K(192K) Class: 7K(128K)->7K(128K)
[2026-06-17T10:05:43.029+0800][23.822s][info][gc             ] GC(939) Pause Full (Allocation Failure) 46M->28M(57M) 9.441ms
[2026-06-17T10:05:43.030+0800][23.822s][info][gc,cpu         ] GC(939) User=0.00s Sys=0.00s Real=0.01s
[2026-06-17T10:05:43.051+0800][23.843s][info][gc,start       ] GC(940) Pause Young (Allocation Failure)
[2026-06-17T10:05:43.053+0800][23.845s][info][gc,heap        ] GC(940) PSYoungGen: 7165K(14336K)->3405K(14336K) Eden: 7165K(7168K)->0K(7168K) From: 0K(7168K)->3405K(7168K)
[2026-06-17T10:05:43.053+0800][23.846s][info][gc,heap        ] GC(940) ParOldGen: 29344K(44032K)->29344K(44032K)
[2026-06-17T10:05:43.053+0800][23.846s][info][gc,metaspace   ] GC(940) Metaspace: 116K(320K)->116K(320K) NonClass: 109K(192K)->109K(192K) Class: 7K(128K)->7K(128K)
[2026-06-17T10:05:43.053+0800][23.846s][info][gc             ] GC(940) Pause Young (Allocation Failure) 35M->31M(57M) 2.383ms
[2026-06-17T10:05:43.055+0800][23.848s][info][gc,cpu         ] GC(940) User=0.00s Sys=0.00s Real=0.00s
[2026-06-17T10:05:43.076+0800][23.869s][info][gc,start       ] GC(941) Pause Young (Allocation Failure)
[2026-06-17T10:05:43.082+0800][23.875s][info][gc,heap        ] GC(941) PSYoungGen: 10566K(14336K)->2358K(14336K) Eden: 7161K(7168K)->0K(7168K) From: 3405K(7168K)->2358K(7168K)
[2026-06-17T10:05:43.087+0800][23.879s][info][gc,heap        ] GC(941) ParOldGen: 29344K(44032K)->30661K(44032K)
[2026-06-17T10:05:43.110+0800][23.903s][info][gc,metaspace   ] GC(941) Metaspace: 116K(320K)->116K(320K) NonClass: 109K(192K)->109K(192K) Class: 7K(128K)->7K(128K)
[2026-06-17T10:05:43.111+0800][23.903s][info][gc             ] GC(941) Pause Young (Allocation Failure) 38M->32M(57M) 34.479ms
[2026-06-17T10:05:43.112+0800][23.905s][info][gc,cpu         ] GC(941) User=0.00s Sys=0.00s Real=0.04s
[2026-06-17T10:05:43.123+0800][23.916s][info][gc,start       ] GC(942) Pause Young (Allocation Failure)
[2026-06-17T10:05:43.125+0800][23.918s][info][gc,heap        ] GC(942) PSYoungGen: 8778K(14336K)->2185K(14336K) Eden: 6419K(7168K)->0K(7168K) From: 2358K(7168K)->2185K(7168K)
[2026-06-17T10:05:43.125+0800][23.918s][info][gc,heap        ] GC(942) ParOldGen: 30661K(44032K)->30661K(44032K)
[2026-06-17T10:05:43.126+0800][23.919s][info][gc,metaspace   ] GC(942) Metaspace: 116K(320K)->116K(320K) NonClass: 109K(192K)->109K(192K) Class: 7K(128K)->7K(128K)
[2026-06-17T10:05:43.127+0800][23.919s][info][gc             ] GC(942) Pause Young (Allocation Failure) 38M->32M(57M) 3.291ms
[2026-06-17T10:05:43.127+0800][23.920s][info][gc,cpu         ] GC(942) User=0.00s Sys=0.00s Real=0.00s
[2026-06-17T10:05:43.153+0800][23.946s][info][gc,start       ] GC(943) Pause Young (Allocation Failure)
[2026-06-17T10:05:43.155+0800][23.948s][info][gc,heap        ] GC(943) PSYoungGen: 9318K(14336K)->3729K(14336K) Eden: 7133K(7168K)->0K(7168K) From: 2185K(7168K)->3729K(7168K)
[2026-06-17T10:05:43.156+0800][23.949s][info][gc,heap        ] GC(943) ParOldGen: 30661K(44032K)->32822K(44032K)
[2026-06-17T10:05:43.156+0800][23.949s][info][gc,metaspace   ] GC(943) Metaspace: 116K(320K)->116K(320K) NonClass: 109K(192K)->109K(192K) Class: 7K(128K)->7K(128K)
[2026-06-17T10:05:43.157+0800][23.950s][info][gc             ] GC(943) Pause Young (Allocation Failure) 39M->35M(57M) 3.436ms
[2026-06-17T10:05:43.157+0800][23.950s][info][gc,cpu         ] GC(943) User=0.00s Sys=0.00s Real=0.00s
[2026-06-17T10:05:43.179+0800][23.972s][info][gc,start       ] GC(944) Pause Young (Allocation Failure)
[2026-06-17T10:05:43.196+0800][23.989s][info][gc,heap        ] GC(944) PSYoungGen: 10885K(14336K)->4022K(14336K) Eden: 7155K(7168K)->0K(7168K) From: 3729K(7168K)->4022K(7168K)
[2026-06-17T10:05:43.210+0800][24.003s][info][gc,heap        ] GC(944) ParOldGen: 32822K(44032K)->32822K(44032K)
[2026-06-17T10:05:43.216+0800][24.009s][info][gc,metaspace   ] GC(944) Metaspace: 116K(320K)->116K(320K) NonClass: 109K(192K)->109K(192K) Class: 7K(128K)->7K(128K)
[2026-06-17T10:05:43.223+0800][24.016s][info][gc             ] GC(944) Pause Young (Allocation Failure) 42M->35M(57M) 43.810ms
[2026-06-17T10:05:43.225+0800][24.018s][info][gc,cpu         ] GC(944) User=0.01s Sys=0.00s Real=0.05s
[2026-06-17T10:05:43.237+0800][24.029s][info][gc,start       ] GC(945) Pause Young (Allocation Failure)
[2026-06-17T10:05:43.254+0800][24.047s][info][gc,heap        ] GC(945) PSYoungGen: 11189K(14336K)->7120K(14336K) Eden: 7167K(7168K)->0K(7168K) From: 4022K(7168K)->7120K(7168K)
[2026-06-17T10:05:43.258+0800][24.050s][info][gc,heap        ] GC(945) ParOldGen: 32822K(44032K)->33325K(44032K)
[2026-06-17T10:05:43.273+0800][24.065s][info][gc,metaspace   ] GC(945) Metaspace: 116K(320K)->116K(320K) NonClass: 109K(192K)->109K(192K) Class: 7K(128K)->7K(128K)
[2026-06-17T10:05:43.322+0800][24.114s][info][gc             ] GC(945) Pause Young (Allocation Failure) 42M->39M(57M) 84.911ms
[2026-06-17T10:05:43.322+0800][24.115s][info][gc,cpu         ] GC(945) User=0.00s Sys=0.00s Real=0.08s
[2026-06-17T10:05:43.345+0800][24.138s][info][gc,start       ] GC(946) Pause Young (Allocation Failure)
[2026-06-17T10:05:43.346+0800][24.139s][info][gc,heap        ] GC(946) PSYoungGen: 14284K(14336K)->4295K(14336K) Eden: 7164K(7168K)->0K(7168K) From: 7120K(7168K)->4295K(7168K)
[2026-06-17T10:05:43.347+0800][24.140s][info][gc,heap        ] GC(946) ParOldGen: 33325K(44032K)->36425K(44032K)
[2026-06-17T10:05:43.347+0800][24.140s][info][gc,metaspace   ] GC(946) Metaspace: 116K(320K)->116K(320K) NonClass: 109K(192K)->109K(192K) Class: 7K(128K)->7K(128K)
[2026-06-17T10:05:43.349+0800][24.141s][info][gc             ] GC(946) Pause Young (Allocation Failure) 46M->39M(57M) 3.378ms
[2026-06-17T10:05:43.349+0800][24.142s][info][gc,cpu         ] GC(946) User=0.00s Sys=0.00s Real=0.00s
[2026-06-17T10:05:43.371+0800][24.163s][info][gc,start       ] GC(947) Pause Young (Allocation Failure)
[2026-06-17T10:05:43.372+0800][24.164s][info][gc,heap        ] GC(947) PSYoungGen: 11442K(14336K)->2379K(14336K) Eden: 7146K(7168K)->0K(7168K) From: 4295K(7168K)->2379K(7168K)
[2026-06-17T10:05:43.375+0800][24.168s][info][gc,heap        ] GC(947) ParOldGen: 36425K(44032K)->38254K(44032K)
[2026-06-17T10:05:43.379+0800][24.172s][info][gc,metaspace   ] GC(947) Metaspace: 116K(320K)->116K(320K) NonClass: 109K(192K)->109K(192K) Class: 7K(128K)->7K(128K)
[2026-06-17T10:05:43.379+0800][24.172s][info][gc             ] GC(947) Pause Young (Allocation Failure) 46M->39M(57M) 8.818ms
[2026-06-17T10:05:43.380+0800][24.173s][info][gc,cpu         ] GC(947) User=0.00s Sys=0.00s Real=0.00s
[2026-06-17T10:05:43.394+0800][24.187s][info][gc,start       ] GC(948) Pause Young (Allocation Failure)
[2026-06-17T10:05:43.396+0800][24.189s][info][gc,heap        ] GC(948) PSYoungGen: 9453K(14336K)->2332K(14336K) Eden: 7074K(7168K)->0K(7168K) From: 2379K(7168K)->2332K(7168K)
[2026-06-17T10:05:43.399+0800][24.192s][info][gc,heap        ] GC(948) ParOldGen: 38254K(44032K)->38254K(44032K)
[2026-06-17T10:05:43.404+0800][24.197s][info][gc,metaspace   ] GC(948) Metaspace: 116K(320K)->116K(320K) NonClass: 109K(192K)->109K(192K) Class: 7K(128K)->7K(128K)
[2026-06-17T10:05:43.407+0800][24.200s][info][gc             ] GC(948) Pause Young (Allocation Failure) 46M->39M(57M) 12.974ms
[2026-06-17T10:05:43.409+0800][24.202s][info][gc,cpu         ] GC(948) User=0.00s Sys=0.00s Real=0.01s
[2026-06-17T10:05:43.436+0800][24.229s][info][gc,start       ] GC(949) Pause Young (Allocation Failure)
[2026-06-17T10:05:43.440+0800][24.232s][info][gc,heap        ] GC(949) PSYoungGen: 9456K(14336K)->3629K(14336K) Eden: 7124K(7168K)->0K(7168K) From: 2332K(7168K)->3629K(7168K)
[2026-06-17T10:05:43.441+0800][24.234s][info][gc,heap        ] GC(949) ParOldGen: 38254K(44032K)->40530K(44032K)
[2026-06-17T10:05:43.444+0800][24.237s][info][gc,metaspace   ] GC(949) Metaspace: 116K(320K)->116K(320K) NonClass: 109K(192K)->109K(192K) Class: 7K(128K)->7K(128K)
[2026-06-17T10:05:43.445+0800][24.238s][info][gc             ] GC(949) Pause Young (Allocation Failure) 46M->43M(57M) 8.946ms
[2026-06-17T10:05:43.447+0800][24.239s][info][gc,cpu         ] GC(949) User=0.00s Sys=0.00s Real=0.01s
[2026-06-17T10:05:43.468+0800][24.261s][info][gc,start       ] GC(950) Pause Full (Allocation Failure)
[2026-06-17T10:05:43.473+0800][24.266s][info][gc,phases,start] GC(950) Marking Phase
[2026-06-17T10:05:43.477+0800][24.270s][info][gc,phases      ] GC(950) Marking Phase 4.023ms
[2026-06-17T10:05:43.478+0800][24.271s][info][gc,phases,start] GC(950) Summary Phase
[2026-06-17T10:05:43.479+0800][24.272s][info][gc,phases      ] GC(950) Summary Phase 0.637ms
[2026-06-17T10:05:43.479+0800][24.272s][info][gc,phases,start] GC(950) Forward
[2026-06-17T10:05:43.480+0800][24.273s][info][gc,phases      ] GC(950) Forward 0.862ms
[2026-06-17T10:05:43.481+0800][24.274s][info][gc,phases,start] GC(950) Adjust Pointers
[2026-06-17T10:05:43.483+0800][24.276s][info][gc,phases      ] GC(950) Adjust Pointers 2.083ms
[2026-06-17T10:05:43.483+0800][24.276s][info][gc,phases,start] GC(950) Compaction Phase
[2026-06-17T10:05:43.487+0800][24.280s][info][gc,phases      ] GC(950) Compaction Phase 3.382ms
[2026-06-17T10:05:43.488+0800][24.280s][info][gc,phases,start] GC(950) Post Compact
[2026-06-17T10:05:43.488+0800][24.281s][info][gc,phases      ] GC(950) Post Compact 0.788ms
[2026-06-17T10:05:43.489+0800][24.282s][info][gc,heap        ] GC(950) PSYoungGen: 10773K(14336K)->0K(14336K) Eden: 7143K(7168K)->0K(7168K) From: 3629K(7168K)->0K(7168K)
[2026-06-17T10:05:43.490+0800][24.282s][info][gc,heap        ] GC(950) ParOldGen: 40530K(44032K)->34222K(44032K)
[2026-06-17T10:05:43.490+0800][24.283s][info][gc,metaspace   ] GC(950) Metaspace: 116K(320K)->116K(320K) NonClass: 109K(192K)->109K(192K) Class: 7K(128K)->7K(128K)
[2026-06-17T10:05:43.491+0800][24.284s][info][gc             ] GC(950) Pause Full (Allocation Failure) 50M->33M(57M) 22.351ms
[2026-06-17T10:05:43.491+0800][24.284s][info][gc,cpu         ] GC(950) User=0.01s Sys=0.00s Real=0.03s
[2026-06-17T10:05:43.513+0800][24.305s][info][gc,start       ] GC(951) Pause Young (Allocation Failure)
[2026-06-17T10:05:43.515+0800][24.308s][info][gc,heap        ] GC(951) PSYoungGen: 7124K(14336K)->3814K(14336K) Eden: 7124K(7168K)->0K(7168K) From: 0K(7168K)->3814K(7168K)
[2026-06-17T10:05:43.516+0800][24.309s][info][gc,heap        ] GC(951) ParOldGen: 34222K(44032K)->34222K(44032K)
[2026-06-17T10:05:43.517+0800][24.309s][info][gc,metaspace   ] GC(951) Metaspace: 116K(320K)->116K(320K) NonClass: 109K(192K)->109K(192K) Class: 7K(128K)->7K(128K)
[2026-06-17T10:05:43.517+0800][24.310s][info][gc             ] GC(951) Pause Young (Allocation Failure) 40M->37M(57M) 4.146ms
[2026-06-17T10:05:43.517+0800][24.310s][info][gc,cpu         ] GC(951) User=0.00s Sys=0.00s Real=0.00s
[2026-06-17T10:05:43.529+0800][24.321s][info][gc,start       ] GC(952) Pause Young (Allocation Failure)
[2026-06-17T10:05:43.530+0800][24.322s][info][gc,heap        ] GC(952) PSYoungGen: 10982K(14336K)->7028K(14336K) Eden: 7168K(7168K)->0K(7168K) From: 3814K(7168K)->7028K(7168K)
[2026-06-17T10:05:43.530+0800][24.323s][info][gc,heap        ] GC(952) ParOldGen: 34222K(44032K)->34550K(44032K)
[2026-06-17T10:05:43.530+0800][24.323s][info][gc,metaspace   ] GC(952) Metaspace: 116K(320K)->116K(320K) NonClass: 109K(192K)->109K(192K) Class: 7K(128K)->7K(128K)
[2026-06-17T10:05:43.531+0800][24.323s][info][gc             ] GC(952) Pause Young (Allocation Failure) 44M->40M(57M) 1.922ms
[2026-06-17T10:05:43.531+0800][24.323s][info][gc,cpu         ] GC(952) User=0.00s Sys=0.00s Real=0.01s
[2026-06-17T10:05:43.552+0800][24.345s][info][gc,start       ] GC(953) Pause Young (Allocation Failure)
[2026-06-17T10:05:43.557+0800][24.350s][info][gc,heap        ] GC(953) PSYoungGen: 14185K(14336K)->4524K(14336K) Eden: 7157K(7168K)->0K(7168K) From: 7028K(7168K)->4524K(7168K)
[2026-06-17T10:05:43.558+0800][24.350s][info][gc,heap        ] GC(953) ParOldGen: 34550K(44032K)->37215K(44032K)
[2026-06-17T10:05:43.558+0800][24.351s][info][gc,metaspace   ] GC(953) Metaspace: 116K(320K)->116K(320K) NonClass: 109K(192K)->109K(192K) Class: 7K(128K)->7K(128K)
[2026-06-17T10:05:43.558+0800][24.351s][info][gc             ] GC(953) Pause Young (Allocation Failure) 47M->40M(57M) 6.295ms
[2026-06-17T10:05:43.558+0800][24.351s][info][gc,cpu         ] GC(953) User=0.00s Sys=0.00s Real=0.00s
[2026-06-17T10:05:43.580+0800][24.372s][info][gc,start       ] GC(954) Pause Young (Allocation Failure)
[2026-06-17T10:05:43.581+0800][24.374s][info][gc,heap        ] GC(954) PSYoungGen: 11656K(14336K)->2440K(14336K) Eden: 7131K(7168K)->0K(7168K) From: 4524K(7168K)->2440K(7168K)
[2026-06-17T10:05:43.582+0800][24.374s][info][gc,heap        ] GC(954) ParOldGen: 37215K(44032K)->39526K(44032K)
[2026-06-17T10:05:43.582+0800][24.375s][info][gc,metaspace   ] GC(954) Metaspace: 116K(320K)->116K(320K) NonClass: 109K(192K)->109K(192K) Class: 7K(128K)->7K(128K)
[2026-06-17T10:05:43.582+0800][24.375s][info][gc             ] GC(954) Pause Young (Allocation Failure) 47M->40M(57M) 2.713ms
[2026-06-17T10:05:43.583+0800][24.375s][info][gc,cpu         ] GC(954) User=0.00s Sys=0.00s Real=0.01s
[2026-06-17T10:05:43.594+0800][24.387s][info][gc,start       ] GC(955) Pause Young (Allocation Failure)
[2026-06-17T10:05:43.596+0800][24.389s][info][gc,heap        ] GC(955) PSYoungGen: 9428K(14336K)->2582K(14336K) Eden: 6988K(7168K)->0K(7168K) From: 2440K(7168K)->2582K(7168K)
[2026-06-17T10:05:43.596+0800][24.389s][info][gc,heap        ] GC(955) ParOldGen: 39526K(44032K)->39526K(44032K)
[2026-06-17T10:05:43.597+0800][24.389s][info][gc,metaspace   ] GC(955) Metaspace: 116K(320K)->116K(320K) NonClass: 109K(192K)->109K(192K) Class: 7K(128K)->7K(128K)
[2026-06-17T10:05:43.597+0800][24.390s][info][gc             ] GC(955) Pause Young (Allocation Failure) 47M->41M(57M) 2.735ms
[2026-06-17T10:05:43.597+0800][24.390s][info][gc,cpu         ] GC(955) User=0.00s Sys=0.01s Real=0.00s
[2026-06-17T10:05:43.619+0800][24.412s][info][gc,start       ] GC(956) Pause Young (Allocation Failure)
[2026-06-17T10:05:43.620+0800][24.413s][info][gc,heap        ] GC(956) PSYoungGen: 9736K(14336K)->3547K(14336K) Eden: 7154K(7168K)->0K(7168K) From: 2582K(7168K)->3547K(7168K)
[2026-06-17T10:05:43.621+0800][24.414s][info][gc,heap        ] GC(956) ParOldGen: 39526K(44032K)->42084K(44032K)
[2026-06-17T10:05:43.621+0800][24.414s][info][gc,metaspace   ] GC(956) Metaspace: 116K(320K)->116K(320K) NonClass: 109K(192K)->109K(192K) Class: 7K(128K)->7K(128K)
[2026-06-17T10:05:43.622+0800][24.414s][info][gc             ] GC(956) Pause Young (Allocation Failure) 48M->44M(57M) 2.640ms
[2026-06-17T10:05:43.622+0800][24.415s][info][gc,cpu         ] GC(956) User=0.00s Sys=0.00s Real=0.00s
[2026-06-17T10:05:43.644+0800][24.436s][info][gc,start       ] GC(957) Pause Full (Allocation Failure)
[2026-06-17T10:05:43.644+0800][24.437s][info][gc,phases,start] GC(957) Marking Phase
[2026-06-17T10:05:43.646+0800][24.439s][info][gc,phases      ] GC(957) Marking Phase 1.913ms
[2026-06-17T10:05:43.646+0800][24.439s][info][gc,phases,start] GC(957) Summary Phase
[2026-06-17T10:05:43.647+0800][24.440s][info][gc,phases      ] GC(957) Summary Phase 0.286ms
[2026-06-17T10:05:43.647+0800][24.440s][info][gc,phases,start] GC(957) Forward
[2026-06-17T10:05:43.647+0800][24.440s][info][gc,phases      ] GC(957) Forward 0.351ms
[2026-06-17T10:05:43.648+0800][24.440s][info][gc,phases,start] GC(957) Adjust Pointers
[2026-06-17T10:05:43.649+0800][24.441s][info][gc,phases      ] GC(957) Adjust Pointers 0.952ms
[2026-06-17T10:05:43.649+0800][24.442s][info][gc,phases,start] GC(957) Compaction Phase
[2026-06-17T10:05:43.651+0800][24.444s][info][gc,phases      ] GC(957) Compaction Phase 2.040ms
[2026-06-17T10:05:43.651+0800][24.444s][info][gc,phases,start] GC(957) Post Compact
[2026-06-17T10:05:43.652+0800][24.445s][info][gc,phases      ] GC(957) Post Compact 0.325ms
[2026-06-17T10:05:43.652+0800][24.445s][info][gc,heap        ] GC(957) PSYoungGen: 10702K(14336K)->0K(14336K) Eden: 7154K(7168K)->0K(7168K) From: 3547K(7168K)->0K(7168K)
[2026-06-17T10:05:43.652+0800][24.445s][info][gc,heap        ] GC(957) ParOldGen: 42084K(44032K)->32446K(44032K)
[2026-06-17T10:05:43.652+0800][24.445s][info][gc,metaspace   ] GC(957) Metaspace: 116K(320K)->116K(320K) NonClass: 109K(192K)->109K(192K) Class: 7K(128K)->7K(128K)
[2026-06-17T10:05:43.653+0800][24.445s][info][gc             ] GC(957) Pause Full (Allocation Failure) 51M->31M(57M) 9.032ms
[2026-06-17T10:05:43.653+0800][24.446s][info][gc,cpu         ] GC(957) User=0.01s Sys=0.00s Real=0.01s
[2026-06-17T10:05:43.674+0800][24.467s][info][gc,start       ] GC(958) Pause Young (Allocation Failure)
[2026-06-17T10:05:43.676+0800][24.468s][info][gc,heap        ] GC(958) PSYoungGen: 7134K(14336K)->3838K(14336K) Eden: 7134K(7168K)->0K(7168K) From: 0K(7168K)->3838K(7168K)
[2026-06-17T10:05:43.676+0800][24.469s][info][gc,heap        ] GC(958) ParOldGen: 32446K(44032K)->32446K(44032K)
[2026-06-17T10:05:43.676+0800][24.469s][info][gc,metaspace   ] GC(958) Metaspace: 116K(320K)->116K(320K) NonClass: 109K(192K)->109K(192K) Class: 7K(128K)->7K(128K)
[2026-06-17T10:05:43.677+0800][24.470s][info][gc             ] GC(958) Pause Young (Allocation Failure) 38M->35M(57M) 2.349ms
[2026-06-17T10:05:43.677+0800][24.470s][info][gc,cpu         ] GC(958) User=0.00s Sys=0.00s Real=0.00s
[2026-06-17T10:05:43.688+0800][24.481s][info][gc,start       ] GC(959) Pause Young (Allocation Failure)
[2026-06-17T10:05:43.690+0800][24.482s][info][gc,heap        ] GC(959) PSYoungGen: 10982K(14336K)->7013K(14336K) Eden: 7144K(7168K)->0K(7168K) From: 3838K(7168K)->7013K(7168K)
[2026-06-17T10:05:43.690+0800][24.483s][info][gc,heap        ] GC(959) ParOldGen: 32446K(44032K)->32762K(44032K)
[2026-06-17T10:05:43.690+0800][24.483s][info][gc,metaspace   ] GC(959) Metaspace: 116K(320K)->116K(320K) NonClass: 109K(192K)->109K(192K) Class: 7K(128K)->7K(128K)
[2026-06-17T10:05:43.690+0800][24.483s][info][gc             ] GC(959) Pause Young (Allocation Failure) 42M->38M(57M) 1.967ms
[2026-06-17T10:05:43.691+0800][24.483s][info][gc,cpu         ] GC(959) User=0.01s Sys=0.00s Real=0.01s
[2026-06-17T10:05:43.712+0800][24.505s][info][gc,start       ] GC(960) Pause Young (Allocation Failure)
[2026-06-17T10:05:43.713+0800][24.506s][info][gc,heap        ] GC(960) PSYoungGen: 14181K(14336K)->4167K(14336K) Eden: 7168K(7168K)->0K(7168K) From: 7013K(7168K)->4167K(7168K)
[2026-06-17T10:05:43.713+0800][24.506s][info][gc,heap        ] GC(960) ParOldGen: 32762K(44032K)->35576K(44032K)
[2026-06-17T10:05:43.714+0800][24.506s][info][gc,metaspace   ] GC(960) Metaspace: 116K(320K)->116K(320K) NonClass: 109K(192K)->109K(192K) Class: 7K(128K)->7K(128K)
[2026-06-17T10:05:43.714+0800][24.507s][info][gc             ] GC(960) Pause Young (Allocation Failure) 45M->38M(57M) 2.054ms
[2026-06-17T10:05:43.714+0800][24.507s][info][gc,cpu         ] GC(960) User=0.00s Sys=0.00s Real=0.00s
[2026-06-17T10:05:43.735+0800][24.528s][info][gc,start       ] GC(961) Pause Young (Allocation Failure)
[2026-06-17T10:05:43.736+0800][24.529s][info][gc,heap        ] GC(961) PSYoungGen: 11332K(14336K)->2988K(14336K) Eden: 7165K(7168K)->0K(7168K) From: 4167K(7168K)->2988K(7168K)
[2026-06-17T10:05:43.736+0800][24.529s][info][gc,heap        ] GC(961) ParOldGen: 35576K(44032K)->37199K(44032K)
[2026-06-17T10:05:43.737+0800][24.529s][info][gc,metaspace   ] GC(961) Metaspace: 116K(320K)->116K(320K) NonClass: 109K(192K)->109K(192K) Class: 7K(128K)->7K(128K)
[2026-06-17T10:05:43.737+0800][24.530s][info][gc             ] GC(961) Pause Young (Allocation Failure) 45M->39M(57M) 1.728ms
[2026-06-17T10:05:43.737+0800][24.530s][info][gc,cpu         ] GC(961) User=0.00s Sys=0.00s Real=0.00s
[2026-06-17T10:05:43.748+0800][24.541s][info][gc,start       ] GC(962) Pause Young (Allocation Failure)
[2026-06-17T10:05:43.749+0800][24.541s][info][gc,heap        ] GC(962) PSYoungGen: 10036K(14336K)->3254K(14336K) Eden: 7048K(7168K)->0K(7168K) From: 2988K(7168K)->3254K(7168K)
[2026-06-17T10:05:43.749+0800][24.542s][info][gc,heap        ] GC(962) ParOldGen: 37199K(44032K)->37199K(44032K)
[2026-06-17T10:05:43.749+0800][24.542s][info][gc,metaspace   ] GC(962) Metaspace: 116K(320K)->116K(320K) NonClass: 109K(192K)->109K(192K) Class: 7K(128K)->7K(128K)
[2026-06-17T10:05:43.749+0800][24.542s][info][gc             ] GC(962) Pause Young (Allocation Failure) 46M->39M(57M) 1.467ms
[2026-06-17T10:05:43.750+0800][24.542s][info][gc,cpu         ] GC(962) User=0.00s Sys=0.00s Real=0.00s
[2026-06-17T10:05:43.771+0800][24.564s][info][gc,start       ] GC(963) Pause Young (Allocation Failure)
[2026-06-17T10:05:43.774+0800][24.567s][info][gc,heap        ] GC(963) PSYoungGen: 10416K(14336K)->6923K(14336K) Eden: 7162K(7168K)->0K(7168K) From: 3254K(7168K)->6923K(7168K)
[2026-06-17T10:05:43.775+0800][24.568s][info][gc,heap        ] GC(963) ParOldGen: 37199K(44032K)->37199K(44032K)
[2026-06-17T10:05:43.777+0800][24.570s][info][gc,metaspace   ] GC(963) Metaspace: 116K(320K)->116K(320K) NonClass: 109K(192K)->109K(192K) Class: 7K(128K)->7K(128K)
[2026-06-17T10:05:43.778+0800][24.571s][info][gc             ] GC(963) Pause Young (Allocation Failure) 46M->43M(57M) 6.908ms
[2026-06-17T10:05:43.778+0800][24.571s][info][gc,cpu         ] GC(963) User=0.00s Sys=0.00s Real=0.00s
[2026-06-17T10:05:43.800+0800][24.593s][info][gc,start       ] GC(964) Pause Young (Allocation Failure)
[2026-06-17T10:05:43.802+0800][24.594s][info][gc,heap        ] GC(964) PSYoungGen: 14030K(14336K)->3828K(14336K) Eden: 7106K(7168K)->0K(7168K) From: 6923K(7168K)->3828K(7168K)
[2026-06-17T10:05:43.805+0800][24.598s][info][gc,heap        ] GC(964) ParOldGen: 37199K(44032K)->40398K(44032K)
[2026-06-17T10:05:43.806+0800][24.599s][info][gc,metaspace   ] GC(964) Metaspace: 116K(320K)->116K(320K) NonClass: 109K(192K)->109K(192K) Class: 7K(128K)->7K(128K)
[2026-06-17T10:05:43.808+0800][24.601s][info][gc             ] GC(964) Pause Young (Allocation Failure) 50M->43M(57M) 8.486ms
[2026-06-17T10:05:43.809+0800][24.602s][info][gc,cpu         ] GC(964) User=0.00s Sys=0.00s Real=0.01s
[2026-06-17T10:05:43.831+0800][24.624s][info][gc,start       ] GC(965) Pause Full (Allocation Failure)
[2026-06-17T10:05:43.832+0800][24.624s][info][gc,phases,start] GC(965) Marking Phase
[2026-06-17T10:05:43.834+0800][24.626s][info][gc,phases      ] GC(965) Marking Phase 1.944ms
[2026-06-17T10:05:43.834+0800][24.627s][info][gc,phases,start] GC(965) Summary Phase
[2026-06-17T10:05:43.837+0800][24.630s][info][gc,phases      ] GC(965) Summary Phase 2.639ms
[2026-06-17T10:05:43.838+0800][24.630s][info][gc,phases,start] GC(965) Forward
[2026-06-17T10:05:43.839+0800][24.632s][info][gc,phases      ] GC(965) Forward 1.192ms
[2026-06-17T10:05:43.839+0800][24.632s][info][gc,phases,start] GC(965) Adjust Pointers
[2026-06-17T10:05:43.842+0800][24.634s][info][gc,phases      ] GC(965) Adjust Pointers 2.380ms
[2026-06-17T10:05:43.844+0800][24.637s][info][gc,phases,start] GC(965) Compaction Phase
[2026-06-17T10:05:43.846+0800][24.639s][info][gc,phases      ] GC(965) Compaction Phase 2.265ms
[2026-06-17T10:05:43.847+0800][24.639s][info][gc,phases,start] GC(965) Post Compact
[2026-06-17T10:05:43.848+0800][24.641s][info][gc,phases      ] GC(965) Post Compact 1.255ms
[2026-06-17T10:05:43.848+0800][24.641s][info][gc,heap        ] GC(965) PSYoungGen: 10985K(14336K)->0K(14336K) Eden: 7157K(7168K)->0K(7168K) From: 3828K(7168K)->0K(7168K)
[2026-06-17T10:05:43.850+0800][24.642s][info][gc,heap        ] GC(965) ParOldGen: 40398K(44032K)->31256K(44032K)
[2026-06-17T10:05:43.851+0800][24.644s][info][gc,metaspace   ] GC(965) Metaspace: 116K(320K)->116K(320K) NonClass: 109K(192K)->109K(192K) Class: 7K(128K)->7K(128K)
[2026-06-17T10:05:43.852+0800][24.644s][info][gc             ] GC(965) Pause Full (Allocation Failure) 50M->30M(57M) 20.881ms
[2026-06-17T10:05:43.853+0800][24.645s][info][gc,cpu         ] GC(965) User=0.00s Sys=0.00s Real=0.02s
[2026-06-17T10:05:43.865+0800][24.658s][info][gc,start       ] GC(966) Pause Young (Allocation Failure)
[2026-06-17T10:05:43.867+0800][24.660s][info][gc,heap        ] GC(966) PSYoungGen: 7157K(14336K)->7019K(14336K) Eden: 7157K(7168K)->0K(7168K) From: 0K(7168K)->7019K(7168K)
[2026-06-17T10:05:43.868+0800][24.661s][info][gc,heap        ] GC(966) ParOldGen: 31256K(44032K)->31459K(44032K)
[2026-06-17T10:05:43.868+0800][24.661s][info][gc,metaspace   ] GC(966) Metaspace: 116K(320K)->116K(320K) NonClass: 109K(192K)->109K(192K) Class: 7K(128K)->7K(128K)
[2026-06-17T10:05:43.868+0800][24.661s][info][gc             ] GC(966) Pause Young (Allocation Failure) 37M->37M(57M) 3.306ms
[2026-06-17T10:05:43.869+0800][24.662s][info][gc,cpu         ] GC(966) User=0.00s Sys=0.00s Real=0.00s
[2026-06-17T10:05:43.891+0800][24.684s][info][gc,start       ] GC(967) Pause Young (Allocation Failure)
[2026-06-17T10:05:43.893+0800][24.685s][info][gc,heap        ] GC(967) PSYoungGen: 14186K(14336K)->7086K(14336K) Eden: 7167K(7168K)->0K(7168K) From: 7019K(7168K)->7086K(7168K)
[2026-06-17T10:05:43.894+0800][24.687s][info][gc,heap        ] GC(967) ParOldGen: 31459K(44032K)->31685K(44032K)
[2026-06-17T10:05:43.896+0800][24.689s][info][gc,metaspace   ] GC(967) Metaspace: 116K(320K)->116K(320K) NonClass: 109K(192K)->109K(192K) Class: 7K(128K)->7K(128K)
[2026-06-17T10:05:43.898+0800][24.691s][info][gc             ] GC(967) Pause Young (Allocation Failure) 44M->37M(57M) 6.583ms
[2026-06-17T10:05:43.898+0800][24.691s][info][gc,cpu         ] GC(967) User=0.01s Sys=0.00s Real=0.00s
[2026-06-17T10:05:43.921+0800][24.714s][info][gc,start       ] GC(968) Pause Young (Allocation Failure)
[2026-06-17T10:05:43.924+0800][24.717s][info][gc,heap        ] GC(968) PSYoungGen: 14237K(14336K)->2934K(14336K) Eden: 7151K(7168K)->0K(7168K) From: 7086K(7168K)->2934K(7168K)
[2026-06-17T10:05:43.925+0800][24.718s][info][gc,heap        ] GC(968) ParOldGen: 31685K(44032K)->36080K(44032K)
[2026-06-17T10:05:43.926+0800][24.718s][info][gc,metaspace   ] GC(968) Metaspace: 116K(320K)->116K(320K) NonClass: 109K(192K)->109K(192K) Class: 7K(128K)->7K(128K)
[2026-06-17T10:05:43.928+0800][24.720s][info][gc             ] GC(968) Pause Young (Allocation Failure) 44M->38M(57M) 6.165ms
[2026-06-17T10:05:43.928+0800][24.721s][info][gc,cpu         ] GC(968) User=0.00s Sys=0.00s Real=0.01s
[2026-06-17T10:05:43.941+0800][24.734s][info][gc,start       ] GC(969) Pause Young (Allocation Failure)
[2026-06-17T10:05:43.942+0800][24.735s][info][gc,heap        ] GC(969) PSYoungGen: 9800K(14336K)->2702K(14336K) Eden: 6865K(7168K)->0K(7168K) From: 2934K(7168K)->2702K(7168K)
[2026-06-17T10:05:43.943+0800][24.736s][info][gc,heap        ] GC(969) ParOldGen: 36080K(44032K)->36080K(44032K)
[2026-06-17T10:05:43.952+0800][24.744s][info][gc,metaspace   ] GC(969) Metaspace: 116K(320K)->116K(320K) NonClass: 109K(192K)->109K(192K) Class: 7K(128K)->7K(128K)
[2026-06-17T10:05:43.960+0800][24.753s][info][gc             ] GC(969) Pause Young (Allocation Failure) 44M->37M(57M) 18.601ms
[2026-06-17T10:05:43.966+0800][24.759s][info][gc,cpu         ] GC(969) User=0.00s Sys=0.00s Real=0.03s
[2026-06-17T10:05:43.989+0800][24.782s][info][gc,start       ] GC(970) Pause Young (Allocation Failure)
[2026-06-17T10:05:43.991+0800][24.784s][info][gc,heap        ] GC(970) PSYoungGen: 9828K(14336K)->3839K(14336K) Eden: 7126K(7168K)->0K(7168K) From: 2702K(7168K)->3839K(7168K)
[2026-06-17T10:05:43.995+0800][24.788s][info][gc,heap        ] GC(970) ParOldGen: 36080K(44032K)->38734K(44032K)
[2026-06-17T10:05:44.001+0800][24.794s][info][gc,metaspace   ] GC(970) Metaspace: 116K(320K)->116K(320K) NonClass: 109K(192K)->109K(192K) Class: 7K(128K)->7K(128K)
[2026-06-17T10:05:44.006+0800][24.799s][info][gc             ] GC(970) Pause Young (Allocation Failure) 44M->41M(57M) 16.858ms
[2026-06-17T10:05:44.010+0800][24.803s][info][gc,cpu         ] GC(970) User=0.00s Sys=0.00s Real=0.02s
[2026-06-17T10:05:44.032+0800][24.825s][info][gc,start       ] GC(971) Pause Young (Allocation Failure)
[2026-06-17T10:05:44.034+0800][24.827s][info][gc,heap        ] GC(971) PSYoungGen: 10988K(14336K)->3728K(14336K) Eden: 7148K(7168K)->0K(7168K) From: 3839K(7168K)->3728K(7168K)
[2026-06-17T10:05:44.034+0800][24.827s][info][gc,heap        ] GC(971) ParOldGen: 38734K(44032K)->38734K(44032K)
[2026-06-17T10:05:44.035+0800][24.828s][info][gc,metaspace   ] GC(971) Metaspace: 116K(320K)->116K(320K) NonClass: 109K(192K)->109K(192K) Class: 7K(128K)->7K(128K)
[2026-06-17T10:05:44.035+0800][24.828s][info][gc             ] GC(971) Pause Young (Allocation Failure) 48M->41M(57M) 3.012ms
[2026-06-17T10:05:44.037+0800][24.830s][info][gc,cpu         ] GC(971) User=0.01s Sys=0.00s Real=0.00s
[2026-06-17T10:05:44.050+0800][24.843s][info][gc,start       ] GC(972) Pause Young (Allocation Failure)
[2026-06-17T10:05:44.052+0800][24.845s][info][gc,heap        ] GC(972) PSYoungGen: 10292K(14336K)->0K(14336K) Eden: 6563K(7168K)->0K(7168K) From: 3728K(7168K)->0K(7168K)
[2026-06-17T10:05:44.054+0800][24.847s][info][gc,heap        ] GC(972) ParOldGen: 38734K(44032K)->42259K(44032K)
[2026-06-17T10:05:44.056+0800][24.849s][info][gc,metaspace   ] GC(972) Metaspace: 116K(320K)->116K(320K) NonClass: 109K(192K)->109K(192K) Class: 7K(128K)->7K(128K)
[2026-06-17T10:05:44.057+0800][24.850s][info][gc             ] GC(972) Pause Young (Allocation Failure) 47M->41M(57M) 7.323ms
[2026-06-17T10:05:44.058+0800][24.851s][info][gc,cpu         ] GC(972) User=0.00s Sys=0.00s Real=0.01s
[2026-06-17T10:05:44.081+0800][24.873s][info][gc,start       ] GC(973) Pause Full (Allocation Failure)
[2026-06-17T10:05:44.082+0800][24.875s][info][gc,phases,start] GC(973) Marking Phase
[2026-06-17T10:05:44.085+0800][24.878s][info][gc,phases      ] GC(973) Marking Phase 3.311ms
[2026-06-17T10:05:44.086+0800][24.879s][info][gc,phases,start] GC(973) Summary Phase
[2026-06-17T10:05:44.086+0800][24.879s][info][gc,phases      ] GC(973) Summary Phase 0.615ms
[2026-06-17T10:05:44.087+0800][24.880s][info][gc,phases,start] GC(973) Forward
[2026-06-17T10:05:44.088+0800][24.881s][info][gc,phases      ] GC(973) Forward 0.835ms
[2026-06-17T10:05:44.089+0800][24.881s][info][gc,phases,start] GC(973) Adjust Pointers
[2026-06-17T10:05:44.090+0800][24.883s][info][gc,phases      ] GC(973) Adjust Pointers 1.552ms
[2026-06-17T10:05:44.091+0800][24.883s][info][gc,phases,start] GC(973) Compaction Phase
[2026-06-17T10:05:44.094+0800][24.886s][info][gc,phases      ] GC(973) Compaction Phase 2.847ms
[2026-06-17T10:05:44.094+0800][24.887s][info][gc,phases,start] GC(973) Post Compact
[2026-06-17T10:05:44.095+0800][24.888s][info][gc,phases      ] GC(973) Post Compact 0.509ms
[2026-06-17T10:05:44.095+0800][24.888s][info][gc,heap        ] GC(973) PSYoungGen: 7164K(14336K)->0K(14336K) Eden: 7164K(7168K)->0K(7168K) From: 0K(7168K)->0K(7168K)
[2026-06-17T10:05:44.096+0800][24.889s][info][gc,heap        ] GC(973) ParOldGen: 42259K(44032K)->25501K(44032K)
[2026-06-17T10:05:44.097+0800][24.889s][info][gc,metaspace   ] GC(973) Metaspace: 116K(320K)->116K(320K) NonClass: 109K(192K)->109K(192K) Class: 7K(128K)->7K(128K)
[2026-06-17T10:05:44.097+0800][24.890s][info][gc             ] GC(973) Pause Full (Allocation Failure) 48M->24M(57M) 16.149ms
[2026-06-17T10:05:44.097+0800][24.890s][info][gc,cpu         ] GC(973) User=0.01s Sys=0.00s Real=0.02s
[2026-06-17T10:05:44.119+0800][24.911s][info][gc,start       ] GC(974) Pause Young (Allocation Failure)
[2026-06-17T10:05:44.120+0800][24.913s][info][gc,heap        ] GC(974) PSYoungGen: 7167K(14336K)->3753K(14336K) Eden: 7167K(7168K)->0K(7168K) From: 0K(7168K)->3753K(7168K)
[2026-06-17T10:05:44.120+0800][24.913s][info][gc,heap        ] GC(974) ParOldGen: 25501K(44032K)->25501K(44032K)
[2026-06-17T10:05:44.121+0800][24.913s][info][gc,metaspace   ] GC(974) Metaspace: 116K(320K)->116K(320K) NonClass: 109K(192K)->109K(192K) Class: 7K(128K)->7K(128K)
[2026-06-17T10:05:44.121+0800][24.914s][info][gc             ] GC(974) Pause Young (Allocation Failure) 31M->28M(57M) 2.335ms
[2026-06-17T10:05:44.121+0800][24.914s][info][gc,cpu         ] GC(974) User=0.00s Sys=0.00s Real=0.00s
[2026-06-17T10:05:44.133+0800][24.925s][info][gc,start       ] GC(975) Pause Young (Allocation Failure)
[2026-06-17T10:05:44.135+0800][24.928s][info][gc,heap        ] GC(975) PSYoungGen: 10892K(14336K)->5251K(14336K) Eden: 7139K(7168K)->0K(7168K) From: 3753K(7168K)->5251K(7168K)
[2026-06-17T10:05:44.135+0800][24.928s][info][gc,heap        ] GC(975) ParOldGen: 25501K(44032K)->28080K(44032K)
[2026-06-17T10:05:44.136+0800][24.929s][info][gc,metaspace   ] GC(975) Metaspace: 116K(320K)->116K(320K) NonClass: 109K(192K)->109K(192K) Class: 7K(128K)->7K(128K)
[2026-06-17T10:05:44.136+0800][24.929s][info][gc             ] GC(975) Pause Young (Allocation Failure) 35M->32M(57M) 3.667ms
[2026-06-17T10:05:44.137+0800][24.930s][info][gc,cpu         ] GC(975) User=0.00s Sys=0.00s Real=0.00s
[2026-06-17T10:05:44.158+0800][24.951s][info][gc,start       ] GC(976) Pause Young (Allocation Failure)
[2026-06-17T10:05:44.160+0800][24.953s][info][gc,heap        ] GC(976) PSYoungGen: 12403K(14336K)->5075K(14336K) Eden: 7151K(7168K)->0K(7168K) From: 5251K(7168K)->5075K(7168K)
[2026-06-17T10:05:44.162+0800][24.954s][info][gc,heap        ] GC(976) ParOldGen: 28080K(44032K)->28080K(44032K)
[2026-06-17T10:05:44.162+0800][24.955s][info][gc,metaspace   ] GC(976) Metaspace: 116K(320K)->116K(320K) NonClass: 109K(192K)->109K(192K) Class: 7K(128K)->7K(128K)
[2026-06-17T10:05:44.163+0800][24.955s][info][gc             ] GC(976) Pause Young (Allocation Failure) 39M->32M(57M) 4.047ms
[2026-06-17T10:05:44.163+0800][24.956s][info][gc,cpu         ] GC(976) User=0.00s Sys=0.00s Real=0.01s
[2026-06-17T10:05:44.184+0800][24.977s][info][gc,start       ] GC(977) Pause Young (Allocation Failure)
[2026-06-17T10:05:44.185+0800][24.978s][info][gc,heap        ] GC(977) PSYoungGen: 12234K(14336K)->2986K(14336K) Eden: 7159K(7168K)->0K(7168K) From: 5075K(7168K)->2986K(7168K)
[2026-06-17T10:05:44.186+0800][24.978s][info][gc,heap        ] GC(977) ParOldGen: 28080K(44032K)->29890K(44032K)
[2026-06-17T10:05:44.186+0800][24.979s][info][gc,metaspace   ] GC(977) Metaspace: 116K(320K)->116K(320K) NonClass: 109K(192K)->109K(192K) Class: 7K(128K)->7K(128K)
[2026-06-17T10:05:44.186+0800][24.979s][info][gc             ] GC(977) Pause Young (Allocation Failure) 39M->32M(57M) 1.691ms
[2026-06-17T10:05:44.186+0800][24.979s][info][gc,cpu         ] GC(977) User=0.00s Sys=0.01s Real=0.00s
[2026-06-17T10:05:44.197+0800][24.990s][info][gc,start       ] GC(978) Pause Young (Allocation Failure)
[2026-06-17T10:05:44.198+0800][24.991s][info][gc,heap        ] GC(978) PSYoungGen: 9809K(14336K)->2589K(14336K) Eden: 6823K(7168K)->0K(7168K) From: 2986K(7168K)->2589K(7168K)
[2026-06-17T10:05:44.198+0800][24.991s][info][gc,heap        ] GC(978) ParOldGen: 29890K(44032K)->29890K(44032K)
[2026-06-17T10:05:44.198+0800][24.991s][info][gc,metaspace   ] GC(978) Metaspace: 116K(320K)->116K(320K) NonClass: 109K(192K)->109K(192K) Class: 7K(128K)->7K(128K)
[2026-06-17T10:05:44.199+0800][24.991s][info][gc             ] GC(978) Pause Young (Allocation Failure) 38M->31M(57M) 1.492ms
[2026-06-17T10:05:44.199+0800][24.992s][info][gc,cpu         ] GC(978) User=0.01s Sys=0.00s Real=0.00s
[2026-06-17T10:05:44.220+0800][25.013s][info][gc,start       ] GC(979) Pause Young (Allocation Failure)
[2026-06-17T10:05:44.221+0800][25.014s][info][gc,heap        ] GC(979) PSYoungGen: 9752K(14336K)->3553K(14336K) Eden: 7163K(7168K)->0K(7168K) From: 2589K(7168K)->3553K(7168K)
[2026-06-17T10:05:44.221+0800][25.014s][info][gc,heap        ] GC(979) ParOldGen: 29890K(44032K)->32431K(44032K)
[2026-06-17T10:05:44.222+0800][25.015s][info][gc,metaspace   ] GC(979) Metaspace: 116K(320K)->116K(320K) NonClass: 109K(192K)->109K(192K) Class: 7K(128K)->7K(128K)
[2026-06-17T10:05:44.222+0800][25.015s][info][gc             ] GC(979) Pause Young (Allocation Failure) 38M->35M(57M) 2.215ms
[2026-06-17T10:05:44.222+0800][25.015s][info][gc,cpu         ] GC(979) User=0.00s Sys=0.00s Real=0.00s
[2026-06-17T10:05:44.233+0800][25.026s][info][gc,start       ] GC(980) Pause Young (Allocation Failure)
[2026-06-17T10:05:44.234+0800][25.027s][info][gc,heap        ] GC(980) PSYoungGen: 10717K(14336K)->3524K(14336K) Eden: 7163K(7168K)->0K(7168K) From: 3553K(7168K)->3524K(7168K)
[2026-06-17T10:05:44.234+0800][25.027s][info][gc,heap        ] GC(980) ParOldGen: 32431K(44032K)->32431K(44032K)
[2026-06-17T10:05:44.235+0800][25.027s][info][gc,metaspace   ] GC(980) Metaspace: 116K(320K)->116K(320K) NonClass: 109K(192K)->109K(192K) Class: 7K(128K)->7K(128K)
[2026-06-17T10:05:44.235+0800][25.028s][info][gc             ] GC(980) Pause Young (Allocation Failure) 42M->35M(57M) 1.523ms
[2026-06-17T10:05:44.235+0800][25.028s][info][gc,cpu         ] GC(980) User=0.00s Sys=0.00s Real=0.00s
[2026-06-17T10:05:44.256+0800][25.049s][info][gc,start       ] GC(981) Pause Young (Allocation Failure)
[2026-06-17T10:05:44.257+0800][25.050s][info][gc,heap        ] GC(981) PSYoungGen: 10658K(14336K)->6901K(14336K) Eden: 7133K(7168K)->0K(7168K) From: 3524K(7168K)->6901K(7168K)
[2026-06-17T10:05:44.258+0800][25.050s][info][gc,heap        ] GC(981) ParOldGen: 32431K(44032K)->32805K(44032K)
[2026-06-17T10:05:44.258+0800][25.051s][info][gc,metaspace   ] GC(981) Metaspace: 116K(320K)->116K(320K) NonClass: 109K(192K)->109K(192K) Class: 7K(128K)->7K(128K)
[2026-06-17T10:05:44.258+0800][25.051s][info][gc             ] GC(981) Pause Young (Allocation Failure) 42M->38M(57M) 1.978ms
[2026-06-17T10:05:44.258+0800][25.051s][info][gc,cpu         ] GC(981) User=0.00s Sys=0.00s Real=0.00s
[2026-06-17T10:05:44.279+0800][25.072s][info][gc,start       ] GC(982) Pause Young (Allocation Failure)
[2026-06-17T10:05:44.281+0800][25.073s][info][gc,heap        ] GC(982) PSYoungGen: 14068K(14336K)->3656K(14336K) Eden: 7167K(7168K)->0K(7168K) From: 6901K(7168K)->3656K(7168K)
[2026-06-17T10:05:44.281+0800][25.074s][info][gc,heap        ] GC(982) ParOldGen: 32805K(44032K)->35932K(44032K)
[2026-06-17T10:05:44.281+0800][25.074s][info][gc,metaspace   ] GC(982) Metaspace: 116K(320K)->116K(320K) NonClass: 109K(192K)->109K(192K) Class: 7K(128K)->7K(128K)
[2026-06-17T10:05:44.282+0800][25.075s][info][gc             ] GC(982) Pause Young (Allocation Failure) 45M->38M(57M) 2.320ms
[2026-06-17T10:05:44.282+0800][25.075s][info][gc,cpu         ] GC(982) User=0.00s Sys=0.00s Real=0.00s
[2026-06-17T10:05:44.303+0800][25.096s][info][gc,start       ] GC(983) Pause Young (Allocation Failure)
[2026-06-17T10:05:44.304+0800][25.097s][info][gc,heap        ] GC(983) PSYoungGen: 10820K(14336K)->978K(14336K) Eden: 7163K(7168K)->0K(7168K) From: 3656K(7168K)->978K(7168K)
[2026-06-17T10:05:44.305+0800][25.097s][info][gc,heap        ] GC(983) ParOldGen: 35932K(44032K)->38671K(44032K)
[2026-06-17T10:05:44.305+0800][25.098s][info][gc,metaspace   ] GC(983) Metaspace: 116K(320K)->116K(320K) NonClass: 109K(192K)->109K(192K) Class: 7K(128K)->7K(128K)
[2026-06-17T10:05:44.305+0800][25.098s][info][gc             ] GC(983) Pause Young (Allocation Failure) 45M->38M(57M) 1.855ms
[2026-06-17T10:05:44.306+0800][25.099s][info][gc,cpu         ] GC(983) User=0.00s Sys=0.00s Real=0.00s
[2026-06-17T10:05:44.318+0800][25.111s][info][gc,start       ] GC(984) Pause Young (Allocation Failure)
[2026-06-17T10:05:44.320+0800][25.113s][info][gc,heap        ] GC(984) PSYoungGen: 8111K(14336K)->4525K(14336K) Eden: 7133K(7168K)->0K(7168K) From: 978K(7168K)->4525K(7168K)
[2026-06-17T10:05:44.321+0800][25.113s][info][gc,heap        ] GC(984) ParOldGen: 38671K(44032K)->38671K(44032K)
[2026-06-17T10:05:44.321+0800][25.114s][info][gc,metaspace   ] GC(984) Metaspace: 116K(320K)->116K(320K) NonClass: 109K(192K)->109K(192K) Class: 7K(128K)->7K(128K)
[2026-06-17T10:05:44.321+0800][25.114s][info][gc             ] GC(984) Pause Young (Allocation Failure) 45M->42M(57M) 2.957ms
[2026-06-17T10:05:44.322+0800][25.114s][info][gc,cpu         ] GC(984) User=0.00s Sys=0.00s Real=0.00s
[2026-06-17T10:05:44.343+0800][25.135s][info][gc,start       ] GC(985) Pause Young (Allocation Failure)
[2026-06-17T10:05:44.343+0800][25.136s][info][gc,heap        ] GC(985) PSYoungGen: 11683K(14336K)->1604K(14336K) Eden: 7157K(7168K)->0K(7168K) From: 4525K(7168K)->1604K(7168K)
[2026-06-17T10:05:44.344+0800][25.136s][info][gc,heap        ] GC(985) ParOldGen: 38671K(44032K)->41445K(44032K)
[2026-06-17T10:05:44.344+0800][25.137s][info][gc,metaspace   ] GC(985) Metaspace: 116K(320K)->116K(320K) NonClass: 109K(192K)->109K(192K) Class: 7K(128K)->7K(128K)
[2026-06-17T10:05:44.344+0800][25.137s][info][gc             ] GC(985) Pause Young (Allocation Failure) 49M->42M(57M) 1.619ms
[2026-06-17T10:05:44.344+0800][25.137s][info][gc,cpu         ] GC(985) User=0.00s Sys=0.00s Real=0.00s
[2026-06-17T10:05:44.366+0800][25.158s][info][gc,start       ] GC(986) Pause Full (Allocation Failure)
[2026-06-17T10:05:44.366+0800][25.159s][info][gc,phases,start] GC(986) Marking Phase
[2026-06-17T10:05:44.367+0800][25.160s][info][gc,phases      ] GC(986) Marking Phase 1.186ms
[2026-06-17T10:05:44.367+0800][25.160s][info][gc,phases,start] GC(986) Summary Phase
[2026-06-17T10:05:44.368+0800][25.160s][info][gc,phases      ] GC(986) Summary Phase 0.221ms
[2026-06-17T10:05:44.368+0800][25.161s][info][gc,phases,start] GC(986) Forward
[2026-06-17T10:05:44.368+0800][25.161s][info][gc,phases      ] GC(986) Forward 0.287ms
[2026-06-17T10:05:44.368+0800][25.161s][info][gc,phases,start] GC(986) Adjust Pointers
[2026-06-17T10:05:44.369+0800][25.162s][info][gc,phases      ] GC(986) Adjust Pointers 0.536ms
[2026-06-17T10:05:44.369+0800][25.162s][info][gc,phases,start] GC(986) Compaction Phase
[2026-06-17T10:05:44.371+0800][25.163s][info][gc,phases      ] GC(986) Compaction Phase 1.611ms
[2026-06-17T10:05:44.371+0800][25.164s][info][gc,phases,start] GC(986) Post Compact
[2026-06-17T10:05:44.371+0800][25.164s][info][gc,phases      ] GC(986) Post Compact 0.236ms
[2026-06-17T10:05:44.371+0800][25.164s][info][gc,heap        ] GC(986) PSYoungGen: 8772K(14336K)->0K(14336K) Eden: 7168K(7168K)->0K(7168K) From: 1604K(7168K)->0K(7168K)
[2026-06-17T10:05:44.372+0800][25.164s][info][gc,heap        ] GC(986) ParOldGen: 41445K(44032K)->31401K(44032K)
[2026-06-17T10:05:44.372+0800][25.165s][info][gc,metaspace   ] GC(986) Metaspace: 116K(320K)->116K(320K) NonClass: 109K(192K)->109K(192K) Class: 7K(128K)->7K(128K)
[2026-06-17T10:05:44.372+0800][25.165s][info][gc             ] GC(986) Pause Full (Allocation Failure) 49M->30M(57M) 6.398ms
[2026-06-17T10:05:44.372+0800][25.165s][info][gc,cpu         ] GC(986) User=0.01s Sys=0.00s Real=0.01s
[2026-06-17T10:05:44.383+0800][25.176s][info][gc,start       ] GC(987) Pause Young (Allocation Failure)
[2026-06-17T10:05:44.384+0800][25.177s][info][gc,heap        ] GC(987) PSYoungGen: 6991K(14336K)->3532K(14336K) Eden: 6991K(7168K)->0K(7168K) From: 0K(7168K)->3532K(7168K)
[2026-06-17T10:05:44.384+0800][25.177s][info][gc,heap        ] GC(987) ParOldGen: 31401K(44032K)->31401K(44032K)
[2026-06-17T10:05:44.385+0800][25.177s][info][gc,metaspace   ] GC(987) Metaspace: 116K(320K)->116K(320K) NonClass: 109K(192K)->109K(192K) Class: 7K(128K)->7K(128K)
[2026-06-17T10:05:44.385+0800][25.178s][info][gc             ] GC(987) Pause Young (Allocation Failure) 37M->34M(57M) 1.671ms
[2026-06-17T10:05:44.385+0800][25.178s][info][gc,cpu         ] GC(987) User=0.00s Sys=0.00s Real=0.00s
[2026-06-17T10:05:44.406+0800][25.199s][info][gc,start       ] GC(988) Pause Young (Allocation Failure)
[2026-06-17T10:05:44.408+0800][25.200s][info][gc,heap        ] GC(988) PSYoungGen: 10678K(14336K)->3696K(14336K) Eden: 7146K(7168K)->0K(7168K) From: 3532K(7168K)->3696K(7168K)
[2026-06-17T10:05:44.408+0800][25.201s][info][gc,heap        ] GC(988) ParOldGen: 31401K(44032K)->34883K(44032K)
[2026-06-17T10:05:44.408+0800][25.201s][info][gc,metaspace   ] GC(988) Metaspace: 116K(320K)->116K(320K) NonClass: 109K(192K)->109K(192K) Class: 7K(128K)->7K(128K)
[2026-06-17T10:05:44.409+0800][25.201s][info][gc             ] GC(988) Pause Young (Allocation Failure) 41M->37M(57M) 2.493ms
[2026-06-17T10:05:44.409+0800][25.202s][info][gc,cpu         ] GC(988) User=0.00s Sys=0.00s Real=0.00s
[2026-06-17T10:05:44.430+0800][25.223s][info][gc,start       ] GC(989) Pause Young (Allocation Failure)
[2026-06-17T10:05:44.432+0800][25.224s][info][gc,heap        ] GC(989) PSYoungGen: 10862K(14336K)->4220K(14336K) Eden: 7165K(7168K)->0K(7168K) From: 3696K(7168K)->4220K(7168K)
[2026-06-17T10:05:44.432+0800][25.225s][info][gc,heap        ] GC(989) ParOldGen: 34883K(44032K)->34883K(44032K)
[2026-06-17T10:05:44.432+0800][25.225s][info][gc,metaspace   ] GC(989) Metaspace: 116K(320K)->116K(320K) NonClass: 109K(192K)->109K(192K) Class: 7K(128K)->7K(128K)
[2026-06-17T10:05:44.433+0800][25.225s][info][gc             ] GC(989) Pause Young (Allocation Failure) 44M->38M(57M) 2.322ms
[2026-06-17T10:05:44.434+0800][25.227s][info][gc,cpu         ] GC(989) User=0.00s Sys=0.00s Real=0.01s
[2026-06-17T10:05:44.456+0800][25.249s][info][gc,start       ] GC(990) Pause Young (Allocation Failure)
[2026-06-17T10:05:44.457+0800][25.250s][info][gc,heap        ] GC(990) PSYoungGen: 11352K(14336K)->4574K(14336K) Eden: 7131K(7168K)->0K(7168K) From: 4220K(7168K)->4574K(7168K)
[2026-06-17T10:05:44.458+0800][25.251s][info][gc,heap        ] GC(990) ParOldGen: 34883K(44032K)->34883K(44032K)
[2026-06-17T10:05:44.458+0800][25.251s][info][gc,metaspace   ] GC(990) Metaspace: 116K(320K)->116K(320K) NonClass: 109K(192K)->109K(192K) Class: 7K(128K)->7K(128K)
[2026-06-17T10:05:44.459+0800][25.252s][info][gc             ] GC(990) Pause Young (Allocation Failure) 45M->38M(57M) 3.195ms
[2026-06-17T10:05:44.459+0800][25.252s][info][gc,cpu         ] GC(990) User=0.00s Sys=0.00s Real=0.00s
[2026-06-17T10:05:44.471+0800][25.264s][info][gc,start       ] GC(991) Pause Young (Allocation Failure)
[2026-06-17T10:05:44.474+0800][25.267s][info][gc,heap        ] GC(991) PSYoungGen: 11720K(14336K)->7167K(14336K) Eden: 7145K(7168K)->0K(7168K) From: 4574K(7168K)->7167K(7168K)
[2026-06-17T10:05:44.475+0800][25.268s][info][gc,heap        ] GC(991) ParOldGen: 34883K(44032K)->35822K(44032K)
[2026-06-17T10:05:44.476+0800][25.269s][info][gc,metaspace   ] GC(991) Metaspace: 116K(320K)->116K(320K) NonClass: 109K(192K)->109K(192K) Class: 7K(128K)->7K(128K)
[2026-06-17T10:05:44.477+0800][25.269s][info][gc             ] GC(991) Pause Young (Allocation Failure) 45M->41M(57M) 5.814ms
[2026-06-17T10:05:44.479+0800][25.271s][info][gc,cpu         ] GC(991) User=0.00s Sys=0.00s Real=0.00s
[2026-06-17T10:05:44.500+0800][25.293s][info][gc,start       ] GC(992) Pause Young (Allocation Failure)
[2026-06-17T10:05:44.502+0800][25.295s][info][gc,heap        ] GC(992) PSYoungGen: 14292K(14336K)->5118K(14336K) Eden: 7124K(7168K)->0K(7168K) From: 7167K(7168K)->5118K(7168K)
[2026-06-17T10:05:44.503+0800][25.296s][info][gc,heap        ] GC(992) ParOldGen: 35822K(44032K)->38136K(44032K)
[2026-06-17T10:05:44.503+0800][25.296s][info][gc,metaspace   ] GC(992) Metaspace: 116K(320K)->116K(320K) NonClass: 109K(192K)->109K(192K) Class: 7K(128K)->7K(128K)
[2026-06-17T10:05:44.504+0800][25.296s][info][gc             ] GC(992) Pause Young (Allocation Failure) 48M->42M(57M) 3.197ms
[2026-06-17T10:05:44.504+0800][25.297s][info][gc,cpu         ] GC(992) User=0.01s Sys=0.00s Real=0.01s
[2026-06-17T10:05:44.526+0800][25.319s][info][gc,start       ] GC(993) Pause Young (Allocation Failure)
[2026-06-17T10:05:44.531+0800][25.324s][info][gc,heap        ] GC(993) PSYoungGen: 12286K(14336K)->3804K(14336K) Eden: 7168K(7168K)->0K(7168K) From: 5118K(7168K)->3804K(7168K)
[2026-06-17T10:05:44.535+0800][25.328s][info][gc,heap        ] GC(993) ParOldGen: 38136K(44032K)->39920K(44032K)
[2026-06-17T10:05:44.539+0800][25.332s][info][gc,metaspace   ] GC(993) Metaspace: 116K(320K)->116K(320K) NonClass: 109K(192K)->109K(192K) Class: 7K(128K)->7K(128K)
[2026-06-17T10:05:44.542+0800][25.335s][info][gc             ] GC(993) Pause Young (Allocation Failure) 49M->42M(57M) 15.525ms
[2026-06-17T10:05:44.550+0800][25.343s][info][gc,cpu         ] GC(993) User=0.00s Sys=0.00s Real=0.02s
[2026-06-17T10:05:44.571+0800][25.364s][info][gc,start       ] GC(994) Pause Full (Allocation Failure)
[2026-06-17T10:05:44.582+0800][25.374s][info][gc,phases,start] GC(994) Marking Phase
[2026-06-17T10:05:44.595+0800][25.388s][info][gc,phases      ] GC(994) Marking Phase 13.683ms
[2026-06-17T10:05:44.597+0800][25.390s][info][gc,phases,start] GC(994) Summary Phase
[2026-06-17T10:05:44.598+0800][25.391s][info][gc,phases      ] GC(994) Summary Phase 0.763ms
[2026-06-17T10:05:44.615+0800][25.407s][info][gc,phases,start] GC(994) Forward
[2026-06-17T10:05:44.615+0800][25.408s][info][gc,phases      ] GC(994) Forward 0.664ms
[2026-06-17T10:05:44.616+0800][25.408s][info][gc,phases,start] GC(994) Adjust Pointers
[2026-06-17T10:05:44.617+0800][25.409s][info][gc,phases      ] GC(994) Adjust Pointers 0.959ms
[2026-06-17T10:05:44.617+0800][25.410s][info][gc,phases,start] GC(994) Compaction Phase
[2026-06-17T10:05:44.620+0800][25.413s][info][gc,phases      ] GC(994) Compaction Phase 2.596ms
[2026-06-17T10:05:44.620+0800][25.413s][info][gc,phases,start] GC(994) Post Compact
[2026-06-17T10:05:44.621+0800][25.414s][info][gc,phases      ] GC(994) Post Compact 0.586ms
[2026-06-17T10:05:44.622+0800][25.414s][info][gc,heap        ] GC(994) PSYoungGen: 10932K(14336K)->0K(14336K) Eden: 7128K(7168K)->0K(7168K) From: 3804K(7168K)->0K(7168K)
[2026-06-17T10:05:44.622+0800][25.415s][info][gc,heap        ] GC(994) ParOldGen: 39920K(44032K)->34060K(44032K)
[2026-06-17T10:05:44.622+0800][25.415s][info][gc,metaspace   ] GC(994) Metaspace: 116K(320K)->116K(320K) NonClass: 109K(192K)->109K(192K) Class: 7K(128K)->7K(128K)
[2026-06-17T10:05:44.623+0800][25.416s][info][gc             ] GC(994) Pause Full (Allocation Failure) 49M->33M(57M) 51.818ms
[2026-06-17T10:05:44.623+0800][25.416s][info][gc,cpu         ] GC(994) User=0.01s Sys=0.00s Real=0.05s
[2026-06-17T10:05:44.645+0800][25.438s][info][gc,start       ] GC(995) Pause Young (Allocation Failure)
[2026-06-17T10:05:44.648+0800][25.440s][info][gc,heap        ] GC(995) PSYoungGen: 7139K(14336K)->3584K(14336K) Eden: 7139K(7168K)->0K(7168K) From: 0K(7168K)->3584K(7168K)
[2026-06-17T10:05:44.648+0800][25.441s][info][gc,heap        ] GC(995) ParOldGen: 34060K(44032K)->34060K(44032K)
[2026-06-17T10:05:44.649+0800][25.442s][info][gc,metaspace   ] GC(995) Metaspace: 116K(320K)->116K(320K) NonClass: 109K(192K)->109K(192K) Class: 7K(128K)->7K(128K)
[2026-06-17T10:05:44.649+0800][25.442s][info][gc             ] GC(995) Pause Young (Allocation Failure) 40M->36M(57M) 3.970ms
[2026-06-17T10:05:44.650+0800][25.443s][info][gc,cpu         ] GC(995) User=0.00s Sys=0.00s Real=0.00s
[2026-06-17T10:05:44.672+0800][25.465s][info][gc,start       ] GC(996) Pause Young (Allocation Failure)
[2026-06-17T10:05:44.674+0800][25.467s][info][gc,heap        ] GC(996) PSYoungGen: 10744K(14336K)->3966K(14336K) Eden: 7159K(7168K)->0K(7168K) From: 3584K(7168K)->3966K(7168K)
[2026-06-17T10:05:44.675+0800][25.468s][info][gc,heap        ] GC(996) ParOldGen: 34060K(44032K)->34060K(44032K)
[2026-06-17T10:05:44.675+0800][25.468s][info][gc,metaspace   ] GC(996) Metaspace: 116K(320K)->116K(320K) NonClass: 109K(192K)->109K(192K) Class: 7K(128K)->7K(128K)
[2026-06-17T10:05:44.676+0800][25.468s][info][gc             ] GC(996) Pause Young (Allocation Failure) 43M->37M(57M) 3.489ms
[2026-06-17T10:05:44.676+0800][25.469s][info][gc,cpu         ] GC(996) User=0.00s Sys=0.00s Real=0.00s
[2026-06-17T10:05:44.698+0800][25.491s][info][gc,start       ] GC(997) Pause Young (Allocation Failure)
[2026-06-17T10:05:44.699+0800][25.492s][info][gc,heap        ] GC(997) PSYoungGen: 11121K(14336K)->4622K(14336K) Eden: 7154K(7168K)->0K(7168K) From: 3966K(7168K)->4622K(7168K)
[2026-06-17T10:05:44.700+0800][25.492s][info][gc,heap        ] GC(997) ParOldGen: 34060K(44032K)->34060K(44032K)
[2026-06-17T10:05:44.700+0800][25.493s][info][gc,metaspace   ] GC(997) Metaspace: 116K(320K)->116K(320K) NonClass: 109K(192K)->109K(192K) Class: 7K(128K)->7K(128K)
[2026-06-17T10:05:44.700+0800][25.493s][info][gc             ] GC(997) Pause Young (Allocation Failure) 44M->37M(57M) 2.399ms
[2026-06-17T10:05:44.701+0800][25.494s][info][gc,cpu         ] GC(997) User=0.01s Sys=0.00s Real=0.00s
[2026-06-17T10:05:44.712+0800][25.505s][info][gc,start       ] GC(998) Pause Young (Allocation Failure)
[2026-06-17T10:05:44.713+0800][25.506s][info][gc,heap        ] GC(998) PSYoungGen: 11781K(14336K)->7074K(14336K) Eden: 7158K(7168K)->0K(7168K) From: 4622K(7168K)->7074K(7168K)
[2026-06-17T10:05:44.714+0800][25.506s][info][gc,heap        ] GC(998) ParOldGen: 34060K(44032K)->35218K(44032K)
[2026-06-17T10:05:44.714+0800][25.507s][info][gc,metaspace   ] GC(998) Metaspace: 116K(320K)->116K(320K) NonClass: 109K(192K)->109K(192K) Class: 7K(128K)->7K(128K)
[2026-06-17T10:05:44.714+0800][25.507s][info][gc             ] GC(998) Pause Young (Allocation Failure) 44M->41M(57M) 1.929ms
[2026-06-17T10:05:44.715+0800][25.507s][info][gc,cpu         ] GC(998) User=0.00s Sys=0.00s Real=0.00s
[2026-06-17T10:05:44.736+0800][25.529s][info][gc,start       ] GC(999) Pause Young (Allocation Failure)
[2026-06-17T10:05:44.738+0800][25.530s][info][gc,heap        ] GC(999) PSYoungGen: 14218K(14336K)->4639K(14336K) Eden: 7143K(7168K)->0K(7168K) From: 7074K(7168K)->4639K(7168K)
[2026-06-17T10:05:44.738+0800][25.531s][info][gc,heap        ] GC(999) ParOldGen: 35218K(44032K)->37748K(44032K)
[2026-06-17T10:05:44.738+0800][25.531s][info][gc,metaspace   ] GC(999) Metaspace: 116K(320K)->116K(320K) NonClass: 109K(192K)->109K(192K) Class: 7K(128K)->7K(128K)
[2026-06-17T10:05:44.739+0800][25.532s][info][gc             ] GC(999) Pause Young (Allocation Failure) 48M->41M(57M) 2.741ms
[2026-06-17T10:05:44.739+0800][25.532s][info][gc,cpu         ] GC(999) User=0.00s Sys=0.00s Real=0.00s
[2026-06-17T10:05:44.760+0800][25.553s][info][gc,start       ] GC(1000) Pause Young (Allocation Failure)
[2026-06-17T10:05:44.765+0800][25.558s][info][gc,heap        ] GC(1000) PSYoungGen: 11793K(14336K)->2741K(14336K) Eden: 7154K(7168K)->0K(7168K) From: 4639K(7168K)->2741K(7168K)
[2026-06-17T10:05:44.765+0800][25.558s][info][gc,heap        ] GC(1000) ParOldGen: 37748K(44032K)->39863K(44032K)
[2026-06-17T10:05:44.766+0800][25.558s][info][gc,metaspace   ] GC(1000) Metaspace: 116K(320K)->116K(320K) NonClass: 109K(192K)->109K(192K) Class: 7K(128K)->7K(128K)
[2026-06-17T10:05:44.766+0800][25.559s][info][gc             ] GC(1000) Pause Young (Allocation Failure) 48M->41M(57M) 5.893ms
[2026-06-17T10:05:44.767+0800][25.560s][info][gc,cpu         ] GC(1000) User=0.00s Sys=0.00s Real=0.01s
[2026-06-17T10:05:44.778+0800][25.571s][info][gc,start       ] GC(1001) Pause Full (Allocation Failure)
[2026-06-17T10:05:44.779+0800][25.571s][info][gc,phases,start] GC(1001) Marking Phase
[2026-06-17T10:05:44.780+0800][25.572s][info][gc,phases      ] GC(1001) Marking Phase 1.082ms
[2026-06-17T10:05:44.780+0800][25.573s][info][gc,phases,start] GC(1001) Summary Phase
[2026-06-17T10:05:44.780+0800][25.573s][info][gc,phases      ] GC(1001) Summary Phase 0.185ms
[2026-06-17T10:05:44.780+0800][25.573s][info][gc,phases,start] GC(1001) Forward
[2026-06-17T10:05:44.781+0800][25.573s][info][gc,phases      ] GC(1001) Forward 0.316ms
[2026-06-17T10:05:44.781+0800][25.574s][info][gc,phases,start] GC(1001) Adjust Pointers
[2026-06-17T10:05:44.781+0800][25.574s][info][gc,phases      ] GC(1001) Adjust Pointers 0.510ms
[2026-06-17T10:05:44.782+0800][25.574s][info][gc,phases,start] GC(1001) Compaction Phase
[2026-06-17T10:05:44.783+0800][25.576s][info][gc,phases      ] GC(1001) Compaction Phase 1.505ms
[2026-06-17T10:05:44.783+0800][25.576s][info][gc,phases,start] GC(1001) Post Compact
[2026-06-17T10:05:44.784+0800][25.576s][info][gc,phases      ] GC(1001) Post Compact 0.225ms
[2026-06-17T10:05:44.784+0800][25.576s][info][gc,heap        ] GC(1001) PSYoungGen: 9602K(14336K)->0K(14336K) Eden: 6861K(7168K)->0K(7168K) From: 2741K(7168K)->0K(7168K)
[2026-06-17T10:05:44.784+0800][25.577s][info][gc,heap        ] GC(1001) ParOldGen: 39863K(44032K)->28441K(44032K)
[2026-06-17T10:05:44.784+0800][25.577s][info][gc,metaspace   ] GC(1001) Metaspace: 116K(320K)->116K(320K) NonClass: 109K(192K)->109K(192K) Class: 7K(128K)->7K(128K)
[2026-06-17T10:05:44.784+0800][25.577s][info][gc             ] GC(1001) Pause Full (Allocation Failure) 48M->27M(57M) 6.051ms
[2026-06-17T10:05:44.784+0800][25.577s][info][gc,cpu         ] GC(1001) User=0.01s Sys=0.00s Real=0.01s
[2026-06-17T10:05:44.805+0800][25.598s][info][gc,start       ] GC(1002) Pause Young (Allocation Failure)
[2026-06-17T10:05:44.806+0800][25.599s][info][gc,heap        ] GC(1002) PSYoungGen: 7137K(14336K)->4007K(14336K) Eden: 7137K(7168K)->0K(7168K) From: 0K(7168K)->4007K(7168K)
[2026-06-17T10:05:44.807+0800][25.600s][info][gc,heap        ] GC(1002) ParOldGen: 28441K(44032K)->28441K(44032K)
[2026-06-17T10:05:44.808+0800][25.600s][info][gc,metaspace   ] GC(1002) Metaspace: 116K(320K)->116K(320K) NonClass: 109K(192K)->109K(192K) Class: 7K(128K)->7K(128K)
[2026-06-17T10:05:44.808+0800][25.601s][info][gc             ] GC(1002) Pause Young (Allocation Failure) 34M->31M(57M) 2.488ms
[2026-06-17T10:05:44.808+0800][25.601s][info][gc,cpu         ] GC(1002) User=0.00s Sys=0.00s Real=0.00s
[2026-06-17T10:05:44.819+0800][25.612s][info][gc,start       ] GC(1003) Pause Young (Allocation Failure)
[2026-06-17T10:05:44.821+0800][25.613s][info][gc,heap        ] GC(1003) PSYoungGen: 11100K(14336K)->4356K(14336K) Eden: 7092K(7168K)->0K(7168K) From: 4007K(7168K)->4356K(7168K)
[2026-06-17T10:05:44.821+0800][25.614s][info][gc,heap        ] GC(1003) ParOldGen: 28441K(44032K)->28441K(44032K)
[2026-06-17T10:05:44.821+0800][25.614s][info][gc,metaspace   ] GC(1003) Metaspace: 116K(320K)->116K(320K) NonClass: 109K(192K)->109K(192K) Class: 7K(128K)->7K(128K)
[2026-06-17T10:05:44.822+0800][25.614s][info][gc             ] GC(1003) Pause Young (Allocation Failure) 38M->32M(57M) 2.067ms
[2026-06-17T10:05:44.822+0800][25.615s][info][gc,cpu         ] GC(1003) User=0.00s Sys=0.00s Real=0.00s
[2026-06-17T10:05:44.843+0800][25.636s][info][gc,start       ] GC(1004) Pause Young (Allocation Failure)
[2026-06-17T10:05:44.844+0800][25.637s][info][gc,heap        ] GC(1004) PSYoungGen: 11502K(14336K)->7156K(14336K) Eden: 7146K(7168K)->0K(7168K) From: 4356K(7168K)->7156K(7168K)
[2026-06-17T10:05:44.845+0800][25.637s][info][gc,heap        ] GC(1004) ParOldGen: 28441K(44032K)->29139K(44032K)
[2026-06-17T10:05:44.845+0800][25.638s][info][gc,metaspace   ] GC(1004) Metaspace: 116K(320K)->116K(320K) NonClass: 109K(192K)->109K(192K) Class: 7K(128K)->7K(128K)
[2026-06-17T10:05:44.845+0800][25.638s][info][gc             ] GC(1004) Pause Young (Allocation Failure) 39M->35M(57M) 2.276ms
[2026-06-17T10:05:44.845+0800][25.638s][info][gc,cpu         ] GC(1004) User=0.00s Sys=0.00s Real=0.00s
[2026-06-17T10:05:44.867+0800][25.659s][info][gc,start       ] GC(1005) Pause Young (Allocation Failure)
[2026-06-17T10:05:44.869+0800][25.662s][info][gc,heap        ] GC(1005) PSYoungGen: 14308K(14336K)->3653K(14336K) Eden: 7152K(7168K)->0K(7168K) From: 7156K(7168K)->3653K(7168K)
[2026-06-17T10:05:44.870+0800][25.663s][info][gc,heap        ] GC(1005) ParOldGen: 29139K(44032K)->32773K(44032K)
[2026-06-17T10:05:44.872+0800][25.665s][info][gc,metaspace   ] GC(1005) Metaspace: 116K(320K)->116K(320K) NonClass: 109K(192K)->109K(192K) Class: 7K(128K)->7K(128K)
[2026-06-17T10:05:44.873+0800][25.666s][info][gc             ] GC(1005) Pause Young (Allocation Failure) 42M->35M(57M) 6.728ms
[2026-06-17T10:05:44.874+0800][25.667s][info][gc,cpu         ] GC(1005) User=0.00s Sys=0.00s Real=0.01s
[2026-06-17T10:05:44.896+0800][25.689s][info][gc,start       ] GC(1006) Pause Young (Allocation Failure)
[2026-06-17T10:05:44.897+0800][25.690s][info][gc,heap        ] GC(1006) PSYoungGen: 10803K(14336K)->1190K(14336K) Eden: 7150K(7168K)->0K(7168K) From: 3653K(7168K)->1190K(7168K)
[2026-06-17T10:05:44.898+0800][25.691s][info][gc,heap        ] GC(1006) ParOldGen: 32773K(44032K)->35323K(44032K)
[2026-06-17T10:05:44.898+0800][25.691s][info][gc,metaspace   ] GC(1006) Metaspace: 116K(320K)->116K(320K) NonClass: 109K(192K)->109K(192K) Class: 7K(128K)->7K(128K)
[2026-06-17T10:05:44.899+0800][25.691s][info][gc             ] GC(1006) Pause Young (Allocation Failure) 42M->35M(57M) 2.660ms
[2026-06-17T10:05:44.899+0800][25.692s][info][gc,cpu         ] GC(1006) User=0.00s Sys=0.00s Real=0.00s
[2026-06-17T10:05:44.910+0800][25.703s][info][gc,start       ] GC(1007) Pause Young (Allocation Failure)
[2026-06-17T10:05:44.911+0800][25.704s][info][gc,heap        ] GC(1007) PSYoungGen: 8308K(14336K)->4778K(14336K) Eden: 7117K(7168K)->0K(7168K) From: 1190K(7168K)->4778K(7168K)
[2026-06-17T10:05:44.912+0800][25.704s][info][gc,heap        ] GC(1007) ParOldGen: 35323K(44032K)->35323K(44032K)
[2026-06-17T10:05:44.912+0800][25.705s][info][gc,metaspace   ] GC(1007) Metaspace: 116K(320K)->116K(320K) NonClass: 109K(192K)->109K(192K) Class: 7K(128K)->7K(128K)
[2026-06-17T10:05:44.913+0800][25.705s][info][gc             ] GC(1007) Pause Young (Allocation Failure) 42M->39M(57M) 2.613ms
[2026-06-17T10:05:44.913+0800][25.706s][info][gc,cpu         ] GC(1007) User=0.01s Sys=0.00s Real=0.01s
[2026-06-17T10:05:44.935+0800][25.728s][info][gc,start       ] GC(1008) Pause Young (Allocation Failure)
[2026-06-17T10:05:44.936+0800][25.729s][info][gc,heap        ] GC(1008) PSYoungGen: 11892K(14336K)->3154K(14336K) Eden: 7114K(7168K)->0K(7168K) From: 4778K(7168K)->3154K(7168K)
[2026-06-17T10:05:44.937+0800][25.730s][info][gc,heap        ] GC(1008) ParOldGen: 35323K(44032K)->37038K(44032K)
[2026-06-17T10:05:44.938+0800][25.730s][info][gc,metaspace   ] GC(1008) Metaspace: 116K(320K)->116K(320K) NonClass: 109K(192K)->109K(192K) Class: 7K(128K)->7K(128K)
[2026-06-17T10:05:44.938+0800][25.731s][info][gc             ] GC(1008) Pause Young (Allocation Failure) 46M->39M(57M) 3.505ms
[2026-06-17T10:05:44.939+0800][25.732s][info][gc,cpu         ] GC(1008) User=0.00s Sys=0.00s Real=0.00s
[2026-06-17T10:05:44.961+0800][25.753s][info][gc,start       ] GC(1009) Pause Young (Allocation Failure)
[2026-06-17T10:05:44.962+0800][25.754s][info][gc,heap        ] GC(1009) PSYoungGen: 10286K(14336K)->3330K(14336K) Eden: 7132K(7168K)->0K(7168K) From: 3154K(7168K)->3330K(7168K)
[2026-06-17T10:05:44.962+0800][25.755s][info][gc,heap        ] GC(1009) ParOldGen: 37038K(44032K)->37038K(44032K)
[2026-06-17T10:05:44.963+0800][25.755s][info][gc,metaspace   ] GC(1009) Metaspace: 116K(320K)->116K(320K) NonClass: 109K(192K)->109K(192K) Class: 7K(128K)->7K(128K)
[2026-06-17T10:05:44.963+0800][25.756s][info][gc             ] GC(1009) Pause Young (Allocation Failure) 46M->39M(57M) 2.258ms
[2026-06-17T10:05:44.963+0800][25.756s][info][gc,cpu         ] GC(1009) User=0.00s Sys=0.00s Real=0.01s
[2026-06-17T10:05:44.974+0800][25.767s][info][gc,start       ] GC(1010) Pause Young (Allocation Failure)
[2026-06-17T10:05:44.975+0800][25.768s][info][gc,heap        ] GC(1010) PSYoungGen: 10389K(14336K)->1757K(14336K) Eden: 7059K(7168K)->0K(7168K) From: 3330K(7168K)->1757K(7168K)
[2026-06-17T10:05:44.976+0800][25.768s][info][gc,heap        ] GC(1010) ParOldGen: 37038K(44032K)->38761K(44032K)
[2026-06-17T10:05:44.976+0800][25.769s][info][gc,metaspace   ] GC(1010) Metaspace: 116K(320K)->116K(320K) NonClass: 109K(192K)->109K(192K) Class: 7K(128K)->7K(128K)
[2026-06-17T10:05:44.976+0800][25.769s][info][gc             ] GC(1010) Pause Young (Allocation Failure) 46M->39M(57M) 1.867ms
[2026-06-17T10:05:44.977+0800][25.769s][info][gc,cpu         ] GC(1010) User=0.00s Sys=0.00s Real=0.00s
[2026-06-17T10:05:44.998+0800][25.791s][info][gc,start       ] GC(1011) Pause Young (Allocation Failure)
[2026-06-17T10:05:44.999+0800][25.792s][info][gc,heap        ] GC(1011) PSYoungGen: 8923K(14336K)->5664K(14336K) Eden: 7166K(7168K)->0K(7168K) From: 1757K(7168K)->5664K(7168K)
[2026-06-17T10:05:45.000+0800][25.792s][info][gc,heap        ] GC(1011) ParOldGen: 38761K(44032K)->38761K(44032K)
[2026-06-17T10:05:45.000+0800][25.793s][info][gc,metaspace   ] GC(1011) Metaspace: 116K(320K)->116K(320K) NonClass: 109K(192K)->109K(192K) Class: 7K(128K)->7K(128K)
[2026-06-17T10:05:45.000+0800][25.793s][info][gc             ] GC(1011) Pause Young (Allocation Failure) 46M->43M(57M) 2.296ms
[2026-06-17T10:05:45.000+0800][25.793s][info][gc,cpu         ] GC(1011) User=0.00s Sys=0.00s Real=0.00s
[2026-06-17T10:05:45.022+0800][25.815s][info][gc,start       ] GC(1012) Pause Young (Allocation Failure)
[2026-06-17T10:05:45.024+0800][25.816s][info][gc,heap        ] GC(1012) PSYoungGen: 12818K(14336K)->3594K(14336K) Eden: 7153K(7168K)->0K(7168K) From: 5664K(7168K)->3594K(7168K)
[2026-06-17T10:05:45.024+0800][25.817s][info][gc,heap        ] GC(1012) ParOldGen: 38761K(44032K)->40703K(44032K)
[2026-06-17T10:05:45.024+0800][25.817s][info][gc,metaspace   ] GC(1012) Metaspace: 116K(320K)->116K(320K) NonClass: 109K(192K)->109K(192K) Class: 7K(128K)->7K(128K)
[2026-06-17T10:05:45.025+0800][25.817s][info][gc             ] GC(1012) Pause Young (Allocation Failure) 50M->43M(57M) 2.593ms
[2026-06-17T10:05:45.025+0800][25.818s][info][gc,cpu         ] GC(1012) User=0.01s Sys=0.00s Real=0.01s
[2026-06-17T10:05:45.047+0800][25.839s][info][gc,start       ] GC(1013) Pause Full (Allocation Failure)
[2026-06-17T10:05:45.047+0800][25.840s][info][gc,phases,start] GC(1013) Marking Phase
[2026-06-17T10:05:45.050+0800][25.843s][info][gc,phases      ] GC(1013) Marking Phase 2.950ms
[2026-06-17T10:05:45.051+0800][25.844s][info][gc,phases,start] GC(1013) Summary Phase
[2026-06-17T10:05:45.051+0800][25.844s][info][gc,phases      ] GC(1013) Summary Phase 0.446ms
[2026-06-17T10:05:45.052+0800][25.844s][info][gc,phases,start] GC(1013) Forward
[2026-06-17T10:05:45.052+0800][25.845s][info][gc,phases      ] GC(1013) Forward 0.540ms
[2026-06-17T10:05:45.052+0800][25.845s][info][gc,phases,start] GC(1013) Adjust Pointers
[2026-06-17T10:05:45.054+0800][25.847s][info][gc,phases      ] GC(1013) Adjust Pointers 1.255ms
[2026-06-17T10:05:45.054+0800][25.847s][info][gc,phases,start] GC(1013) Compaction Phase
[2026-06-17T10:05:45.057+0800][25.849s][info][gc,phases      ] GC(1013) Compaction Phase 2.526ms
[2026-06-17T10:05:45.057+0800][25.850s][info][gc,phases,start] GC(1013) Post Compact
[2026-06-17T10:05:45.057+0800][25.850s][info][gc,phases      ] GC(1013) Post Compact 0.416ms
[2026-06-17T10:05:45.058+0800][25.851s][info][gc,heap        ] GC(1013) PSYoungGen: 10758K(14336K)->0K(14336K) Eden: 7164K(7168K)->0K(7168K) From: 3594K(7168K)->0K(7168K)
[2026-06-17T10:05:45.059+0800][25.851s][info][gc,heap        ] GC(1013) ParOldGen: 40703K(44032K)->35227K(44032K)
[2026-06-17T10:05:45.059+0800][25.852s][info][gc,metaspace   ] GC(1013) Metaspace: 116K(320K)->116K(320K) NonClass: 109K(192K)->109K(192K) Class: 7K(128K)->7K(128K)
[2026-06-17T10:05:45.060+0800][25.852s][info][gc             ] GC(1013) Pause Full (Allocation Failure) 50M->34M(57M) 13.138ms
[2026-06-17T10:05:45.060+0800][25.853s][info][gc,cpu         ] GC(1013) User=0.01s Sys=0.00s Real=0.01s
[2026-06-17T10:05:45.072+0800][25.864s][info][gc,start       ] GC(1014) Pause Young (Allocation Failure)
[2026-06-17T10:05:45.075+0800][25.867s][info][gc,heap        ] GC(1014) PSYoungGen: 7134K(14336K)->7139K(14336K) Eden: 7134K(7168K)->0K(7168K) From: 0K(7168K)->7139K(7168K)
[2026-06-17T10:05:45.076+0800][25.868s][info][gc,heap        ] GC(1014) ParOldGen: 35227K(44032K)->35227K(44032K)
[2026-06-17T10:05:45.077+0800][25.870s][info][gc,metaspace   ] GC(1014) Metaspace: 116K(320K)->116K(320K) NonClass: 109K(192K)->109K(192K) Class: 7K(128K)->7K(128K)
[2026-06-17T10:05:45.081+0800][25.874s][info][gc             ] GC(1014) Pause Young (Allocation Failure) 41M->41M(57M) 9.876ms
[2026-06-17T10:05:45.085+0800][25.878s][info][gc,cpu         ] GC(1014) User=0.00s Sys=0.00s Real=0.01s
[2026-06-17T10:05:45.109+0800][25.901s][info][gc,start       ] GC(1015) Pause Young (Allocation Failure)
[2026-06-17T10:05:45.110+0800][25.903s][info][gc,heap        ] GC(1015) PSYoungGen: 14297K(14336K)->2060K(14336K) Eden: 7158K(7168K)->0K(7168K) From: 7139K(7168K)->2060K(7168K)
[2026-06-17T10:05:45.111+0800][25.903s][info][gc,heap        ] GC(1015) ParOldGen: 35227K(44032K)->40576K(44032K)
[2026-06-17T10:05:45.111+0800][25.904s][info][gc,metaspace   ] GC(1015) Metaspace: 116K(320K)->116K(320K) NonClass: 109K(192K)->109K(192K) Class: 7K(128K)->7K(128K)
[2026-06-17T10:05:45.112+0800][25.904s][info][gc             ] GC(1015) Pause Young (Allocation Failure) 48M->41M(57M) 3.106ms
[2026-06-17T10:05:45.112+0800][25.905s][info][gc,cpu         ] GC(1015) User=0.00s Sys=0.00s Real=0.01s
[2026-06-17T10:05:45.134+0800][25.927s][info][gc,start       ] GC(1016) Pause Full (Allocation Failure)
[2026-06-17T10:05:45.135+0800][25.928s][info][gc,phases,start] GC(1016) Marking Phase
[2026-06-17T10:05:45.137+0800][25.930s][info][gc,phases      ] GC(1016) Marking Phase 2.539ms
[2026-06-17T10:05:45.138+0800][25.931s][info][gc,phases,start] GC(1016) Summary Phase
[2026-06-17T10:05:45.139+0800][25.932s][info][gc,phases      ] GC(1016) Summary Phase 0.926ms
[2026-06-17T10:05:45.140+0800][25.933s][info][gc,phases,start] GC(1016) Forward
[2026-06-17T10:05:45.141+0800][25.934s][info][gc,phases      ] GC(1016) Forward 1.048ms
[2026-06-17T10:05:45.142+0800][25.935s][info][gc,phases,start] GC(1016) Adjust Pointers
[2026-06-17T10:05:45.144+0800][25.937s][info][gc,phases      ] GC(1016) Adjust Pointers 1.947ms
[2026-06-17T10:05:45.145+0800][25.938s][info][gc,phases,start] GC(1016) Compaction Phase
[2026-06-17T10:05:45.148+0800][25.940s][info][gc,phases      ] GC(1016) Compaction Phase 2.758ms
[2026-06-17T10:05:45.148+0800][25.941s][info][gc,phases,start] GC(1016) Post Compact
[2026-06-17T10:05:45.149+0800][25.942s][info][gc,phases      ] GC(1016) Post Compact 0.739ms
[2026-06-17T10:05:45.151+0800][25.943s][info][gc,heap        ] GC(1016) PSYoungGen: 9202K(14336K)->0K(14336K) Eden: 7141K(7168K)->0K(7168K) From: 2060K(7168K)->0K(7168K)
[2026-06-17T10:05:45.151+0800][25.944s][info][gc,heap        ] GC(1016) ParOldGen: 40576K(44032K)->28970K(44032K)
[2026-06-17T10:05:45.152+0800][25.945s][info][gc,metaspace   ] GC(1016) Metaspace: 116K(320K)->116K(320K) NonClass: 109K(192K)->109K(192K) Class: 7K(128K)->7K(128K)
[2026-06-17T10:05:45.152+0800][25.945s][info][gc             ] GC(1016) Pause Full (Allocation Failure) 48M->28M(57M) 18.596ms
[2026-06-17T10:05:45.153+0800][25.946s][info][gc,cpu         ] GC(1016) User=0.00s Sys=0.00s Real=0.02s
[2026-06-17T10:05:45.164+0800][25.957s][info][gc,start       ] GC(1017) Pause Young (Allocation Failure)
[2026-06-17T10:05:45.165+0800][25.958s][info][gc,heap        ] GC(1017) PSYoungGen: 7134K(14336K)->3518K(14336K) Eden: 7134K(7168K)->0K(7168K) From: 0K(7168K)->3518K(7168K)
[2026-06-17T10:05:45.166+0800][25.958s][info][gc,heap        ] GC(1017) ParOldGen: 28970K(44032K)->28970K(44032K)
[2026-06-17T10:05:45.166+0800][25.959s][info][gc,metaspace   ] GC(1017) Metaspace: 116K(320K)->116K(320K) NonClass: 109K(192K)->109K(192K) Class: 7K(128K)->7K(128K)
[2026-06-17T10:05:45.166+0800][25.959s][info][gc             ] GC(1017) Pause Young (Allocation Failure) 35M->31M(57M) 2.022ms
[2026-06-17T10:05:45.167+0800][25.959s][info][gc,cpu         ] GC(1017) User=0.01s Sys=0.00s Real=0.00s
[2026-06-17T10:05:45.188+0800][25.981s][info][gc,start       ] GC(1018) Pause Young (Allocation Failure)
[2026-06-17T10:05:45.189+0800][25.982s][info][gc,heap        ] GC(1018) PSYoungGen: 10673K(14336K)->3801K(14336K) Eden: 7155K(7168K)->0K(7168K) From: 3518K(7168K)->3801K(7168K)
[2026-06-17T10:05:45.190+0800][25.983s][info][gc,heap        ] GC(1018) ParOldGen: 28970K(44032K)->32432K(44032K)
[2026-06-17T10:05:45.190+0800][25.983s][info][gc,metaspace   ] GC(1018) Metaspace: 116K(320K)->116K(320K) NonClass: 109K(192K)->109K(192K) Class: 7K(128K)->7K(128K)
[2026-06-17T10:05:45.190+0800][25.983s][info][gc             ] GC(1018) Pause Young (Allocation Failure) 38M->35M(57M) 2.467ms
[2026-06-17T10:05:45.191+0800][25.984s][info][gc,cpu         ] GC(1018) User=0.00s Sys=0.00s Real=0.01s
[2026-06-17T10:05:45.212+0800][26.005s][info][gc,start       ] GC(1019) Pause Young (Allocation Failure)
[2026-06-17T10:05:45.214+0800][26.006s][info][gc,heap        ] GC(1019) PSYoungGen: 10943K(14336K)->4140K(14336K) Eden: 7141K(7168K)->0K(7168K) From: 3801K(7168K)->4140K(7168K)
[2026-06-17T10:05:45.216+0800][26.009s][info][gc,heap        ] GC(1019) ParOldGen: 32432K(44032K)->32432K(44032K)
[2026-06-17T10:05:45.216+0800][26.009s][info][gc,metaspace   ] GC(1019) Metaspace: 116K(320K)->116K(320K) NonClass: 109K(192K)->109K(192K) Class: 7K(128K)->7K(128K)
[2026-06-17T10:05:45.217+0800][26.010s][info][gc             ] GC(1019) Pause Young (Allocation Failure) 42M->35M(57M) 4.717ms
[2026-06-17T10:05:45.217+0800][26.010s][info][gc,cpu         ] GC(1019) User=0.00s Sys=0.00s Real=0.00s
[2026-06-17T10:05:45.238+0800][26.031s][info][gc,start       ] GC(1020) Pause Young (Allocation Failure)
[2026-06-17T10:05:45.239+0800][26.032s][info][gc,heap        ] GC(1020) PSYoungGen: 11287K(14336K)->1059K(14336K) Eden: 7146K(7168K)->0K(7168K) From: 4140K(7168K)->1059K(7168K)
[2026-06-17T10:05:45.240+0800][26.033s][info][gc,heap        ] GC(1020) ParOldGen: 32432K(44032K)->35627K(44032K)
[2026-06-17T10:05:45.240+0800][26.033s][info][gc,metaspace   ] GC(1020) Metaspace: 116K(320K)->116K(320K) NonClass: 109K(192K)->109K(192K) Class: 7K(128K)->7K(128K)
[2026-06-17T10:05:45.241+0800][26.033s][info][gc             ] GC(1020) Pause Young (Allocation Failure) 42M->35M(57M) 2.304ms
[2026-06-17T10:05:45.241+0800][26.034s][info][gc,cpu         ] GC(1020) User=0.00s Sys=0.00s Real=0.00s
[2026-06-17T10:05:45.252+0800][26.045s][info][gc,start       ] GC(1021) Pause Young (Allocation Failure)
[2026-06-17T10:05:45.258+0800][26.051s][info][gc,heap        ] GC(1021) PSYoungGen: 8195K(14336K)->5053K(14336K) Eden: 7136K(7168K)->0K(7168K) From: 1059K(7168K)->5053K(7168K)
[2026-06-17T10:05:45.271+0800][26.064s][info][gc,heap        ] GC(1021) ParOldGen: 35627K(44032K)->35627K(44032K)
[2026-06-17T10:05:45.271+0800][26.064s][info][gc,metaspace   ] GC(1021) Metaspace: 116K(320K)->116K(320K) NonClass: 109K(192K)->109K(192K) Class: 7K(128K)->7K(128K)
[2026-06-17T10:05:45.272+0800][26.064s][info][gc             ] GC(1021) Pause Young (Allocation Failure) 42M->39M(57M) 19.593ms
[2026-06-17T10:05:45.272+0800][26.065s][info][gc,cpu         ] GC(1021) User=0.00s Sys=0.00s Real=0.02s
[2026-06-17T10:05:45.293+0800][26.086s][info][gc,start       ] GC(1022) Pause Young (Allocation Failure)
[2026-06-17T10:05:45.297+0800][26.090s][info][gc,heap        ] GC(1022) PSYoungGen: 12087K(14336K)->166K(14336K) Eden: 7033K(7168K)->0K(7168K) From: 5053K(7168K)->166K(7168K)
[2026-06-17T10:05:45.300+0800][26.093s][info][gc,heap        ] GC(1022) ParOldGen: 35627K(44032K)->37507K(44032K)
[2026-06-17T10:05:45.306+0800][26.098s][info][gc,metaspace   ] GC(1022) Metaspace: 116K(320K)->116K(320K) NonClass: 109K(192K)->109K(192K) Class: 7K(128K)->7K(128K)
[2026-06-17T10:05:45.309+0800][26.102s][info][gc             ] GC(1022) Pause Young (Allocation Failure) 46M->36M(57M) 15.765ms
[2026-06-17T10:05:45.311+0800][26.104s][info][gc,cpu         ] GC(1022) User=0.01s Sys=0.00s Real=0.02s
[2026-06-17T10:05:45.334+0800][26.127s][info][gc,start       ] GC(1023) Pause Young (Allocation Failure)
[2026-06-17T10:05:45.339+0800][26.132s][info][gc,heap        ] GC(1023) PSYoungGen: 7321K(14336K)->3787K(14336K) Eden: 7155K(7168K)->0K(7168K) From: 166K(7168K)->3787K(7168K)
[2026-06-17T10:05:45.346+0800][26.139s][info][gc,heap        ] GC(1023) ParOldGen: 37507K(44032K)->37507K(44032K)
[2026-06-17T10:05:45.347+0800][26.139s][info][gc,metaspace   ] GC(1023) Metaspace: 116K(320K)->116K(320K) NonClass: 109K(192K)->109K(192K) Class: 7K(128K)->7K(128K)
[2026-06-17T10:05:45.347+0800][26.140s][info][gc             ] GC(1023) Pause Young (Allocation Failure) 43M->40M(57M) 12.531ms
[2026-06-17T10:05:45.347+0800][26.140s][info][gc,cpu         ] GC(1023) User=0.00s Sys=0.00s Real=0.01s
[2026-06-17T10:05:45.359+0800][26.151s][info][gc,start       ] GC(1024) Pause Young (Allocation Failure)
[2026-06-17T10:05:45.361+0800][26.154s][info][gc,heap        ] GC(1024) PSYoungGen: 10779K(14336K)->617K(14336K) Eden: 6991K(7168K)->0K(7168K) From: 3787K(7168K)->617K(7168K)
[2026-06-17T10:05:45.364+0800][26.157s][info][gc,heap        ] GC(1024) ParOldGen: 37507K(44032K)->40781K(44032K)
[2026-06-17T10:05:45.372+0800][26.164s][info][gc,metaspace   ] GC(1024) Metaspace: 116K(320K)->116K(320K) NonClass: 109K(192K)->109K(192K) Class: 7K(128K)->7K(128K)
[2026-06-17T10:05:45.372+0800][26.165s][info][gc             ] GC(1024) Pause Young (Allocation Failure) 47M->40M(57M) 13.778ms
[2026-06-17T10:05:45.377+0800][26.169s][info][gc,cpu         ] GC(1024) User=0.00s Sys=0.00s Real=0.02s
[2026-06-17T10:05:45.398+0800][26.191s][info][gc,start       ] GC(1025) Pause Full (Allocation Failure)
[2026-06-17T10:05:45.406+0800][26.199s][info][gc,phases,start] GC(1025) Marking Phase
[2026-06-17T10:05:45.410+0800][26.203s][info][gc,phases      ] GC(1025) Marking Phase 3.440ms
[2026-06-17T10:05:45.412+0800][26.205s][info][gc,phases,start] GC(1025) Summary Phase
[2026-06-17T10:05:45.414+0800][26.207s][info][gc,phases      ] GC(1025) Summary Phase 1.883ms
[2026-06-17T10:05:45.415+0800][26.207s][info][gc,phases,start] GC(1025) Forward
[2026-06-17T10:05:45.417+0800][26.210s][info][gc,phases      ] GC(1025) Forward 2.219ms
[2026-06-17T10:05:45.420+0800][26.213s][info][gc,phases,start] GC(1025) Adjust Pointers
[2026-06-17T10:05:45.425+0800][26.218s][info][gc,phases      ] GC(1025) Adjust Pointers 4.535ms
[2026-06-17T10:05:45.426+0800][26.219s][info][gc,phases,start] GC(1025) Compaction Phase
[2026-06-17T10:05:45.429+0800][26.222s][info][gc,phases      ] GC(1025) Compaction Phase 2.704ms
[2026-06-17T10:05:45.431+0800][26.224s][info][gc,phases,start] GC(1025) Post Compact
[2026-06-17T10:05:45.433+0800][26.225s][info][gc,phases      ] GC(1025) Post Compact 1.919ms
[2026-06-17T10:05:45.434+0800][26.227s][info][gc,heap        ] GC(1025) PSYoungGen: 7778K(14336K)->0K(14336K) Eden: 7161K(7168K)->0K(7168K) From: 617K(7168K)->0K(7168K)
[2026-06-17T10:05:45.436+0800][26.229s][info][gc,heap        ] GC(1025) ParOldGen: 40781K(44032K)->23854K(44032K)
[2026-06-17T10:05:45.438+0800][26.231s][info][gc,metaspace   ] GC(1025) Metaspace: 116K(320K)->116K(320K) NonClass: 109K(192K)->109K(192K) Class: 7K(128K)->7K(128K)
[2026-06-17T10:05:45.442+0800][26.235s][info][gc             ] GC(1025) Pause Full (Allocation Failure) 47M->23M(57M) 44.309ms
[2026-06-17T10:05:45.443+0800][26.236s][info][gc,cpu         ] GC(1025) User=0.00s Sys=0.00s Real=0.05s
[2026-06-17T10:05:45.466+0800][26.258s][info][gc,start       ] GC(1026) Pause Young (Allocation Failure)
[2026-06-17T10:05:45.474+0800][26.267s][info][gc,heap        ] GC(1026) PSYoungGen: 7139K(14336K)->3900K(14336K) Eden: 7139K(7168K)->0K(7168K) From: 0K(7168K)->3900K(7168K)
[2026-06-17T10:05:45.489+0800][26.281s][info][gc,heap        ] GC(1026) ParOldGen: 23854K(44032K)->23854K(44032K)
[2026-06-17T10:05:45.507+0800][26.299s][info][gc,metaspace   ] GC(1026) Metaspace: 116K(320K)->116K(320K) NonClass: 109K(192K)->109K(192K) Class: 7K(128K)->7K(128K)
[2026-06-17T10:05:45.509+0800][26.302s][info][gc             ] GC(1026) Pause Young (Allocation Failure) 30M->27M(57M) 43.600ms
[2026-06-17T10:05:45.512+0800][26.304s][info][gc,cpu         ] GC(1026) User=0.00s Sys=0.00s Real=0.05s
[2026-06-17T10:05:45.536+0800][26.328s][info][gc,start       ] GC(1027) Pause Young (Allocation Failure)
[2026-06-17T10:05:45.567+0800][26.360s][info][gc,heap        ] GC(1027) PSYoungGen: 11054K(14336K)->1140K(14336K) Eden: 7154K(7168K)->0K(7168K) From: 3900K(7168K)->1140K(7168K)
[2026-06-17T10:05:45.582+0800][26.375s][info][gc,heap        ] GC(1027) ParOldGen: 23854K(44032K)->26834K(44032K)
[2026-06-17T10:05:45.582+0800][26.375s][info][gc,metaspace   ] GC(1027) Metaspace: 116K(320K)->116K(320K) NonClass: 109K(192K)->109K(192K) Class: 7K(128K)->7K(128K)
[2026-06-17T10:05:45.583+0800][26.375s][info][gc             ] GC(1027) Pause Young (Allocation Failure) 34M->27M(57M) 46.876ms
[2026-06-17T10:05:45.583+0800][26.376s][info][gc,cpu         ] GC(1027) User=0.00s Sys=0.00s Real=0.05s
[2026-06-17T10:05:45.594+0800][26.387s][info][gc,start       ] GC(1028) Pause Young (Allocation Failure)
[2026-06-17T10:05:45.597+0800][26.389s][info][gc,heap        ] GC(1028) PSYoungGen: 8276K(14336K)->5039K(14336K) Eden: 7136K(7168K)->0K(7168K) From: 1140K(7168K)->5039K(7168K)
[2026-06-17T10:05:45.598+0800][26.391s][info][gc,heap        ] GC(1028) ParOldGen: 26834K(44032K)->26834K(44032K)
[2026-06-17T10:05:45.600+0800][26.393s][info][gc,metaspace   ] GC(1028) Metaspace: 116K(320K)->116K(320K) NonClass: 109K(192K)->109K(192K) Class: 7K(128K)->7K(128K)
[2026-06-17T10:05:45.602+0800][26.395s][info][gc             ] GC(1028) Pause Young (Allocation Failure) 34M->31M(57M) 7.742ms
[2026-06-17T10:05:45.603+0800][26.396s][info][gc,cpu         ] GC(1028) User=0.00s Sys=0.00s Real=0.01s
[2026-06-17T10:05:45.627+0800][26.420s][info][gc,start       ] GC(1029) Pause Young (Allocation Failure)
[2026-06-17T10:05:45.628+0800][26.421s][info][gc,heap        ] GC(1029) PSYoungGen: 12200K(14336K)->3054K(14336K) Eden: 7160K(7168K)->0K(7168K) From: 5039K(7168K)->3054K(7168K)
[2026-06-17T10:05:45.629+0800][26.421s][info][gc,heap        ] GC(1029) ParOldGen: 26834K(44032K)->28747K(44032K)
[2026-06-17T10:05:45.629+0800][26.422s][info][gc,metaspace   ] GC(1029) Metaspace: 116K(320K)->116K(320K) NonClass: 109K(192K)->109K(192K) Class: 7K(128K)->7K(128K)
[2026-06-17T10:05:45.629+0800][26.422s][info][gc             ] GC(1029) Pause Young (Allocation Failure) 38M->31M(57M) 2.491ms
[2026-06-17T10:05:45.630+0800][26.422s][info][gc,cpu         ] GC(1029) User=0.00s Sys=0.00s Real=0.00s
[2026-06-17T10:05:45.651+0800][26.443s][info][gc,start       ] GC(1030) Pause Young (Allocation Failure)
[2026-06-17T10:05:45.651+0800][26.444s][info][gc,heap        ] GC(1030) PSYoungGen: 10199K(14336K)->3412K(14336K) Eden: 7145K(7168K)->0K(7168K) From: 3054K(7168K)->3412K(7168K)
[2026-06-17T10:05:45.652+0800][26.444s][info][gc,heap        ] GC(1030) ParOldGen: 28747K(44032K)->28747K(44032K)
[2026-06-17T10:05:45.652+0800][26.445s][info][gc,metaspace   ] GC(1030) Metaspace: 116K(320K)->116K(320K) NonClass: 109K(192K)->109K(192K) Class: 7K(128K)->7K(128K)
[2026-06-17T10:05:45.652+0800][26.445s][info][gc             ] GC(1030) Pause Young (Allocation Failure) 38M->31M(57M) 1.491ms
[2026-06-17T10:05:45.652+0800][26.445s][info][gc,cpu         ] GC(1030) User=0.00s Sys=0.00s Real=0.00s
[2026-06-17T10:05:45.663+0800][26.456s][info][gc,start       ] GC(1031) Pause Young (Allocation Failure)
[2026-06-17T10:05:45.664+0800][26.457s][info][gc,heap        ] GC(1031) PSYoungGen: 10580K(14336K)->3251K(14848K) Eden: 7168K(7168K)->0K(7680K) From: 3412K(7168K)->3251K(7168K)
[2026-06-17T10:05:45.664+0800][26.457s][info][gc,heap        ] GC(1031) ParOldGen: 28747K(44032K)->28747K(44032K)
[2026-06-17T10:05:45.664+0800][26.457s][info][gc,metaspace   ] GC(1031) Metaspace: 116K(320K)->116K(320K) NonClass: 109K(192K)->109K(192K) Class: 7K(128K)->7K(128K)
[2026-06-17T10:05:45.665+0800][26.457s][info][gc             ] GC(1031) Pause Young (Allocation Failure) 38M->31M(57M) 1.414ms
[2026-06-17T10:05:45.665+0800][26.458s][info][gc,cpu         ] GC(1031) User=0.00s Sys=0.00s Real=0.00s
[2026-06-17T10:05:45.686+0800][26.479s][info][gc,start       ] GC(1032) Pause Young (Allocation Failure)
[2026-06-17T10:05:45.687+0800][26.480s][info][gc,heap        ] GC(1032) PSYoungGen: 10870K(14848K)->4153K(14336K) Eden: 7619K(7680K)->0K(7680K) From: 3251K(7168K)->4153K(6656K)
[2026-06-17T10:05:45.688+0800][26.481s][info][gc,heap        ] GC(1032) ParOldGen: 28747K(44032K)->28747K(44032K)
[2026-06-17T10:05:45.689+0800][26.482s][info][gc,metaspace   ] GC(1032) Metaspace: 116K(320K)->116K(320K) NonClass: 109K(192K)->109K(192K) Class: 7K(128K)->7K(128K)
[2026-06-17T10:05:45.690+0800][26.483s][info][gc             ] GC(1032) Pause Young (Allocation Failure) 38M->32M(57M) 3.929ms
[2026-06-17T10:05:45.691+0800][26.484s][info][gc,cpu         ] GC(1032) User=0.00s Sys=0.00s Real=0.01s
[2026-06-17T10:05:45.716+0800][26.508s][info][gc,start       ] GC(1033) Pause Young (Allocation Failure)
[2026-06-17T10:05:45.731+0800][26.523s][info][gc,heap        ] GC(1033) PSYoungGen: 11805K(14336K)->6620K(13824K) Eden: 7651K(7680K)->0K(7168K) From: 4153K(6656K)->6620K(6656K)
[2026-06-17T10:05:45.731+0800][26.524s][info][gc,heap        ] GC(1033) ParOldGen: 28747K(44032K)->30636K(44032K)
[2026-06-17T10:05:45.731+0800][26.524s][info][gc,metaspace   ] GC(1033) Metaspace: 116K(320K)->116K(320K) NonClass: 109K(192K)->109K(192K) Class: 7K(128K)->7K(128K)
[2026-06-17T10:05:45.732+0800][26.525s][info][gc             ] GC(1033) Pause Young (Allocation Failure) 39M->36M(56M) 16.149ms
[2026-06-17T10:05:45.732+0800][26.525s][info][gc,cpu         ] GC(1033) User=0.00s Sys=0.00s Real=0.02s
[2026-06-17T10:05:45.754+0800][26.547s][info][gc,start       ] GC(1034) Pause Young (Allocation Failure)
[2026-06-17T10:05:45.757+0800][26.549s][info][gc,heap        ] GC(1034) PSYoungGen: 13785K(13824K)->5113K(14336K) Eden: 7165K(7168K)->0K(7168K) From: 6620K(6656K)->5113K(7168K)
[2026-06-17T10:05:45.757+0800][26.550s][info][gc,heap        ] GC(1034) ParOldGen: 30636K(44032K)->32545K(44032K)
[2026-06-17T10:05:45.758+0800][26.551s][info][gc,metaspace   ] GC(1034) Metaspace: 116K(320K)->116K(320K) NonClass: 109K(192K)->109K(192K) Class: 7K(128K)->7K(128K)
[2026-06-17T10:05:45.759+0800][26.552s][info][gc             ] GC(1034) Pause Young (Allocation Failure) 43M->36M(57M) 4.628ms
[2026-06-17T10:05:45.760+0800][26.552s][info][gc,cpu         ] GC(1034) User=0.00s Sys=0.01s Real=0.00s
[2026-06-17T10:05:45.781+0800][26.574s][info][gc,start       ] GC(1035) Pause Young (Allocation Failure)
[2026-06-17T10:05:45.783+0800][26.576s][info][gc,heap        ] GC(1035) PSYoungGen: 12253K(14336K)->4809K(14336K) Eden: 7139K(7168K)->0K(7168K) From: 5113K(7168K)->4809K(7168K)
[2026-06-17T10:05:45.783+0800][26.576s][info][gc,heap        ] GC(1035) ParOldGen: 32545K(44032K)->32852K(44032K)
[2026-06-17T10:05:45.784+0800][26.576s][info][gc,metaspace   ] GC(1035) Metaspace: 116K(320K)->116K(320K) NonClass: 109K(192K)->109K(192K) Class: 7K(128K)->7K(128K)
[2026-06-17T10:05:45.784+0800][26.577s][info][gc             ] GC(1035) Pause Young (Allocation Failure) 43M->36M(57M) 2.609ms
[2026-06-17T10:05:45.784+0800][26.577s][info][gc,cpu         ] GC(1035) User=0.00s Sys=0.00s Real=0.01s
[2026-06-17T10:05:45.795+0800][26.588s][info][gc,start       ] GC(1036) Pause Young (Allocation Failure)
[2026-06-17T10:05:45.797+0800][26.589s][info][gc,heap        ] GC(1036) PSYoungGen: 11830K(14336K)->2214K(14336K) Eden: 7021K(7168K)->0K(7168K) From: 4809K(7168K)->2214K(7168K)
[2026-06-17T10:05:45.797+0800][26.590s][info][gc,heap        ] GC(1036) ParOldGen: 32852K(44032K)->35636K(44032K)
[2026-06-17T10:05:45.797+0800][26.590s][info][gc,metaspace   ] GC(1036) Metaspace: 116K(320K)->116K(320K) NonClass: 109K(192K)->109K(192K) Class: 7K(128K)->7K(128K)
[2026-06-17T10:05:45.798+0800][26.590s][info][gc             ] GC(1036) Pause Young (Allocation Failure) 43M->36M(57M) 2.075ms
[2026-06-17T10:05:45.798+0800][26.591s][info][gc,cpu         ] GC(1036) User=0.00s Sys=0.00s Real=0.00s
[2026-06-17T10:05:45.820+0800][26.612s][info][gc,start       ] GC(1037) Pause Young (Allocation Failure)
[2026-06-17T10:05:45.822+0800][26.614s][info][gc,heap        ] GC(1037) PSYoungGen: 9377K(14336K)->3558K(14336K) Eden: 7163K(7168K)->0K(7168K) From: 2214K(7168K)->3558K(7168K)
[2026-06-17T10:05:45.822+0800][26.615s][info][gc,heap        ] GC(1037) ParOldGen: 35636K(44032K)->37794K(44032K)
[2026-06-17T10:05:45.823+0800][26.615s][info][gc,metaspace   ] GC(1037) Metaspace: 116K(320K)->116K(320K) NonClass: 109K(192K)->109K(192K) Class: 7K(128K)->7K(128K)
[2026-06-17T10:05:45.823+0800][26.616s][info][gc             ] GC(1037) Pause Young (Allocation Failure) 43M->40M(57M) 3.617ms
[2026-06-17T10:05:45.824+0800][26.616s][info][gc,cpu         ] GC(1037) User=0.00s Sys=0.00s Real=0.01s
[2026-06-17T10:05:45.845+0800][26.638s][info][gc,start       ] GC(1038) Pause Young (Allocation Failure)
[2026-06-17T10:05:45.847+0800][26.640s][info][gc,heap        ] GC(1038) PSYoungGen: 10694K(14336K)->3204K(14336K) Eden: 7135K(7168K)->0K(7168K) From: 3558K(7168K)->3204K(7168K)
[2026-06-17T10:05:45.848+0800][26.640s][info][gc,heap        ] GC(1038) ParOldGen: 37794K(44032K)->37794K(44032K)
[2026-06-17T10:05:45.848+0800][26.641s][info][gc,metaspace   ] GC(1038) Metaspace: 116K(320K)->116K(320K) NonClass: 109K(192K)->109K(192K) Class: 7K(128K)->7K(128K)
[2026-06-17T10:05:45.848+0800][26.641s][info][gc             ] GC(1038) Pause Young (Allocation Failure) 47M->40M(57M) 2.945ms
[2026-06-17T10:05:45.849+0800][26.642s][info][gc,cpu         ] GC(1038) User=0.00s Sys=0.00s Real=0.00s
[2026-06-17T10:05:45.871+0800][26.664s][info][gc,start       ] GC(1039) Pause Young (Allocation Failure)
[2026-06-17T10:05:45.872+0800][26.665s][info][gc,heap        ] GC(1039) PSYoungGen: 10352K(14336K)->3173K(14336K) Eden: 7148K(7168K)->0K(7168K) From: 3204K(7168K)->3173K(7168K)
[2026-06-17T10:05:45.873+0800][26.666s][info][gc,heap        ] GC(1039) ParOldGen: 37794K(44032K)->37794K(44032K)
[2026-06-17T10:05:45.873+0800][26.666s][info][gc,metaspace   ] GC(1039) Metaspace: 116K(320K)->116K(320K) NonClass: 109K(192K)->109K(192K) Class: 7K(128K)->7K(128K)
[2026-06-17T10:05:45.875+0800][26.668s][info][gc             ] GC(1039) Pause Young (Allocation Failure) 47M->40M(57M) 4.177ms
[2026-06-17T10:05:45.877+0800][26.669s][info][gc,cpu         ] GC(1039) User=0.00s Sys=0.00s Real=0.00s
[2026-06-17T10:05:45.890+0800][26.683s][info][gc,start       ] GC(1040) Pause Young (Allocation Failure)
[2026-06-17T10:05:45.892+0800][26.685s][info][gc,heap        ] GC(1040) PSYoungGen: 10327K(14336K)->7110K(14336K) Eden: 7154K(7168K)->0K(7168K) From: 3173K(7168K)->7110K(7168K)
[2026-06-17T10:05:45.892+0800][26.685s][info][gc,heap        ] GC(1040) ParOldGen: 37794K(44032K)->37794K(44032K)
[2026-06-17T10:05:45.893+0800][26.685s][info][gc,metaspace   ] GC(1040) Metaspace: 116K(320K)->116K(320K) NonClass: 109K(192K)->109K(192K) Class: 7K(128K)->7K(128K)
[2026-06-17T10:05:45.893+0800][26.686s][info][gc             ] GC(1040) Pause Young (Allocation Failure) 46M->43M(57M) 3.431ms
[2026-06-17T10:05:45.894+0800][26.687s][info][gc,cpu         ] GC(1040) User=0.00s Sys=0.00s Real=0.01s
[2026-06-17T10:05:45.916+0800][26.709s][info][gc,start       ] GC(1041) Pause Young (Allocation Failure)
[2026-06-17T10:05:45.918+0800][26.711s][info][gc,heap        ] GC(1041) PSYoungGen: 14267K(14336K)->4443K(14336K) Eden: 7157K(7168K)->0K(7168K) From: 7110K(7168K)->4443K(7168K)
[2026-06-17T10:05:45.919+0800][26.712s][info][gc,heap        ] GC(1041) ParOldGen: 37794K(44032K)->40620K(44032K)
[2026-06-17T10:05:45.919+0800][26.712s][info][gc,metaspace   ] GC(1041) Metaspace: 116K(320K)->116K(320K) NonClass: 109K(192K)->109K(192K) Class: 7K(128K)->7K(128K)
[2026-06-17T10:05:45.920+0800][26.712s][info][gc             ] GC(1041) Pause Young (Allocation Failure) 50M->44M(57M) 3.451ms
[2026-06-17T10:05:45.920+0800][26.713s][info][gc,cpu         ] GC(1041) User=0.00s Sys=0.00s Real=0.00s
[2026-06-17T10:05:45.931+0800][26.724s][info][gc,start       ] GC(1042) Pause Full (Allocation Failure)
[2026-06-17T10:05:45.932+0800][26.725s][info][gc,phases,start] GC(1042) Marking Phase
[2026-06-17T10:05:45.935+0800][26.728s][info][gc,phases      ] GC(1042) Marking Phase 3.159ms
[2026-06-17T10:05:45.936+0800][26.728s][info][gc,phases,start] GC(1042) Summary Phase
[2026-06-17T10:05:45.936+0800][26.729s][info][gc,phases      ] GC(1042) Summary Phase 0.417ms
[2026-06-17T10:05:45.936+0800][26.729s][info][gc,phases,start] GC(1042) Forward
[2026-06-17T10:05:45.937+0800][26.730s][info][gc,phases      ] GC(1042) Forward 0.628ms
[2026-06-17T10:05:45.937+0800][26.730s][info][gc,phases,start] GC(1042) Adjust Pointers
[2026-06-17T10:05:45.939+0800][26.732s][info][gc,phases      ] GC(1042) Adjust Pointers 1.401ms
[2026-06-17T10:05:45.939+0800][26.732s][info][gc,phases,start] GC(1042) Compaction Phase
[2026-06-17T10:05:45.941+0800][26.734s][info][gc,phases      ] GC(1042) Compaction Phase 2.021ms
[2026-06-17T10:05:45.942+0800][26.734s][info][gc,phases,start] GC(1042) Post Compact
[2026-06-17T10:05:45.942+0800][26.735s][info][gc,phases      ] GC(1042) Post Compact 0.401ms
[2026-06-17T10:05:45.943+0800][26.735s][info][gc,heap        ] GC(1042) PSYoungGen: 10963K(14336K)->0K(14336K) Eden: 6519K(7168K)->0K(7168K) From: 4443K(7168K)->0K(7168K)
[2026-06-17T10:05:45.943+0800][26.736s][info][gc,heap        ] GC(1042) ParOldGen: 40620K(44032K)->24094K(44032K)
[2026-06-17T10:05:45.943+0800][26.736s][info][gc,metaspace   ] GC(1042) Metaspace: 116K(320K)->116K(320K) NonClass: 109K(192K)->109K(192K) Class: 7K(128K)->7K(128K)
[2026-06-17T10:05:45.943+0800][26.736s][info][gc             ] GC(1042) Pause Full (Allocation Failure) 50M->23M(57M) 11.926ms
[2026-06-17T10:05:45.943+0800][26.736s][info][gc,cpu         ] GC(1042) User=0.01s Sys=0.00s Real=0.01s
[2026-06-17T10:05:45.965+0800][26.758s][info][gc,start       ] GC(1043) Pause Young (Allocation Failure)
[2026-06-17T10:05:45.966+0800][26.759s][info][gc,heap        ] GC(1043) PSYoungGen: 7158K(14336K)->3689K(14336K) Eden: 7158K(7168K)->0K(7168K) From: 0K(7168K)->3689K(7168K)
[2026-06-17T10:05:45.967+0800][26.759s][info][gc,heap        ] GC(1043) ParOldGen: 24094K(44032K)->24094K(44032K)
[2026-06-17T10:05:45.967+0800][26.760s][info][gc,metaspace   ] GC(1043) Metaspace: 116K(320K)->116K(320K) NonClass: 109K(192K)->109K(192K) Class: 7K(128K)->7K(128K)
[2026-06-17T10:05:45.967+0800][26.760s][info][gc             ] GC(1043) Pause Young (Allocation Failure) 30M->27M(57M) 2.487ms
[2026-06-17T10:05:45.968+0800][26.761s][info][gc,cpu         ] GC(1043) User=0.00s Sys=0.00s Real=0.00s
[2026-06-17T10:05:45.989+0800][26.782s][info][gc,start       ] GC(1044) Pause Young (Allocation Failure)
[2026-06-17T10:05:45.991+0800][26.784s][info][gc,heap        ] GC(1044) PSYoungGen: 10857K(14336K)->3706K(14336K) Eden: 7168K(7168K)->0K(7168K) From: 3689K(7168K)->3706K(7168K)
[2026-06-17T10:05:45.992+0800][26.784s][info][gc,heap        ] GC(1044) ParOldGen: 24094K(44032K)->24972K(44032K)
[2026-06-17T10:05:45.992+0800][26.785s][info][gc,metaspace   ] GC(1044) Metaspace: 116K(320K)->116K(320K) NonClass: 109K(192K)->109K(192K) Class: 7K(128K)->7K(128K)
[2026-06-17T10:05:45.992+0800][26.785s][info][gc             ] GC(1044) Pause Young (Allocation Failure) 34M->28M(57M) 2.841ms
[2026-06-17T10:05:45.993+0800][26.785s][info][gc,cpu         ] GC(1044) User=0.00s Sys=0.00s Real=0.01s
[2026-06-17T10:05:46.014+0800][26.807s][info][gc,start       ] GC(1045) Pause Young (Allocation Failure)
[2026-06-17T10:05:46.016+0800][26.809s][info][gc,heap        ] GC(1045) PSYoungGen: 10836K(14336K)->4141K(14336K) Eden: 7130K(7168K)->0K(7168K) From: 3706K(7168K)->4141K(7168K)
[2026-06-17T10:05:46.016+0800][26.809s][info][gc,heap        ] GC(1045) ParOldGen: 24972K(44032K)->24972K(44032K)
[2026-06-17T10:05:46.017+0800][26.810s][info][gc,metaspace   ] GC(1045) Metaspace: 116K(320K)->116K(320K) NonClass: 109K(192K)->109K(192K) Class: 7K(128K)->7K(128K)
[2026-06-17T10:05:46.017+0800][26.810s][info][gc             ] GC(1045) Pause Young (Allocation Failure) 34M->28M(57M) 2.930ms
[2026-06-17T10:05:46.018+0800][26.810s][info][gc,cpu         ] GC(1045) User=0.00s Sys=0.00s Real=0.00s
[2026-06-17T10:05:46.040+0800][26.832s][info][gc,start       ] GC(1046) Pause Young (Allocation Failure)
[2026-06-17T10:05:46.042+0800][26.834s][info][gc,heap        ] GC(1046) PSYoungGen: 11266K(14336K)->4191K(14336K) Eden: 7125K(7168K)->0K(7168K) From: 4141K(7168K)->4191K(7168K)
[2026-06-17T10:05:46.042+0800][26.835s][info][gc,heap        ] GC(1046) ParOldGen: 24972K(44032K)->24972K(44032K)
[2026-06-17T10:05:46.044+0800][26.837s][info][gc,metaspace   ] GC(1046) Metaspace: 116K(320K)->116K(320K) NonClass: 109K(192K)->109K(192K) Class: 7K(128K)->7K(128K)
[2026-06-17T10:05:46.046+0800][26.839s][info][gc             ] GC(1046) Pause Young (Allocation Failure) 35M->28M(57M) 6.382ms
[2026-06-17T10:05:46.047+0800][26.839s][info][gc,cpu         ] GC(1046) User=0.00s Sys=0.00s Real=0.01s
[2026-06-17T10:05:46.058+0800][26.851s][info][gc,start       ] GC(1047) Pause Young (Allocation Failure)
[2026-06-17T10:05:46.060+0800][26.853s][info][gc,heap        ] GC(1047) PSYoungGen: 11322K(14336K)->6618K(13824K) Eden: 7131K(7168K)->0K(7168K) From: 4191K(7168K)->6618K(6656K)
[2026-06-17T10:05:46.060+0800][26.853s][info][gc,heap        ] GC(1047) ParOldGen: 24972K(44032K)->26055K(44032K)
[2026-06-17T10:05:46.061+0800][26.853s][info][gc,metaspace   ] GC(1047) Metaspace: 116K(320K)->116K(320K) NonClass: 109K(192K)->109K(192K) Class: 7K(128K)->7K(128K)
[2026-06-17T10:05:46.061+0800][26.854s][info][gc             ] GC(1047) Pause Young (Allocation Failure) 35M->31M(56M) 2.886ms
[2026-06-17T10:05:46.061+0800][26.854s][info][gc,cpu         ] GC(1047) User=0.01s Sys=0.00s Real=0.00s
[2026-06-17T10:05:46.082+0800][26.875s][info][gc,start       ] GC(1048) Pause Young (Allocation Failure)
[2026-06-17T10:05:46.084+0800][26.876s][info][gc,heap        ] GC(1048) PSYoungGen: 13766K(13824K)->3903K(14336K) Eden: 7148K(7168K)->0K(7168K) From: 6618K(6656K)->3903K(7168K)
[2026-06-17T10:05:46.084+0800][26.877s][info][gc,heap        ] GC(1048) ParOldGen: 26055K(44032K)->29065K(44032K)
[2026-06-17T10:05:46.084+0800][26.877s][info][gc,metaspace   ] GC(1048) Metaspace: 116K(320K)->116K(320K) NonClass: 109K(192K)->109K(192K) Class: 7K(128K)->7K(128K)
[2026-06-17T10:05:46.085+0800][26.877s][info][gc             ] GC(1048) Pause Young (Allocation Failure) 38M->32M(57M) 2.057ms
[2026-06-17T10:05:46.085+0800][26.878s][info][gc,cpu         ] GC(1048) User=0.00s Sys=0.00s Real=0.01s
[2026-06-17T10:05:46.106+0800][26.899s][info][gc,start       ] GC(1049) Pause Young (Allocation Failure)
[2026-06-17T10:05:46.108+0800][26.901s][info][gc,heap        ] GC(1049) PSYoungGen: 11052K(14336K)->4071K(14336K) Eden: 7148K(7168K)->0K(7168K) From: 3903K(7168K)->4071K(7168K)
[2026-06-17T10:05:46.108+0800][26.901s][info][gc,heap        ] GC(1049) ParOldGen: 29065K(44032K)->29065K(44032K)
[2026-06-17T10:05:46.109+0800][26.901s][info][gc,metaspace   ] GC(1049) Metaspace: 116K(320K)->116K(320K) NonClass: 109K(192K)->109K(192K) Class: 7K(128K)->7K(128K)
[2026-06-17T10:05:46.110+0800][26.903s][info][gc             ] GC(1049) Pause Young (Allocation Failure) 39M->32M(57M) 4.010ms
[2026-06-17T10:05:46.111+0800][26.904s][info][gc,cpu         ] GC(1049) User=0.00s Sys=0.00s Real=0.01s
[2026-06-17T10:05:46.124+0800][26.917s][info][gc,start       ] GC(1050) Pause Young (Allocation Failure)
[2026-06-17T10:05:46.127+0800][26.919s][info][gc,heap        ] GC(1050) PSYoungGen: 11078K(14336K)->4126K(14336K) Eden: 7006K(7168K)->0K(7168K) From: 4071K(7168K)->4126K(7168K)
[2026-06-17T10:05:46.127+0800][26.920s][info][gc,heap        ] GC(1050) ParOldGen: 29065K(44032K)->29065K(44032K)
[2026-06-17T10:05:46.127+0800][26.920s][info][gc,metaspace   ] GC(1050) Metaspace: 116K(320K)->116K(320K) NonClass: 109K(192K)->109K(192K) Class: 7K(128K)->7K(128K)
[2026-06-17T10:05:46.130+0800][26.923s][info][gc             ] GC(1050) Pause Young (Allocation Failure) 39M->32M(57M) 6.535ms
[2026-06-17T10:05:46.131+0800][26.924s][info][gc,cpu         ] GC(1050) User=0.00s Sys=0.00s Real=0.01s
[2026-06-17T10:05:46.155+0800][26.948s][info][gc,start       ] GC(1051) Pause Young (Allocation Failure)
[2026-06-17T10:05:46.157+0800][26.949s][info][gc,heap        ] GC(1051) PSYoungGen: 11284K(14336K)->6560K(13824K) Eden: 7158K(7168K)->0K(7168K) From: 4126K(7168K)->6560K(6656K)
[2026-06-17T10:05:46.164+0800][26.956s][info][gc,heap        ] GC(1051) ParOldGen: 29065K(44032K)->30171K(44032K)
[2026-06-17T10:05:46.165+0800][26.957s][info][gc,metaspace   ] GC(1051) Metaspace: 116K(320K)->116K(320K) NonClass: 109K(192K)->109K(192K) Class: 7K(128K)->7K(128K)
[2026-06-17T10:05:46.176+0800][26.969s][info][gc             ] GC(1051) Pause Young (Allocation Failure) 39M->35M(56M) 21.511ms
[2026-06-17T10:05:46.177+0800][26.970s][info][gc,cpu         ] GC(1051) User=0.00s Sys=0.00s Real=0.02s
[2026-06-17T10:05:46.189+0800][26.981s][info][gc,start       ] GC(1052) Pause Young (Allocation Failure)
[2026-06-17T10:05:46.190+0800][26.983s][info][gc,heap        ] GC(1052) PSYoungGen: 13306K(13824K)->6173K(14336K) Eden: 6746K(7168K)->0K(7168K) From: 6560K(6656K)->6173K(7168K)
[2026-06-17T10:05:46.191+0800][26.983s][info][gc,heap        ] GC(1052) ParOldGen: 30171K(44032K)->30171K(44032K)
[2026-06-17T10:05:46.191+0800][26.984s][info][gc,metaspace   ] GC(1052) Metaspace: 116K(320K)->116K(320K) NonClass: 109K(192K)->109K(192K) Class: 7K(128K)->7K(128K)
[2026-06-17T10:05:46.191+0800][26.984s][info][gc             ] GC(1052) Pause Young (Allocation Failure) 42M->35M(57M) 2.868ms
[2026-06-17T10:05:46.192+0800][26.984s][info][gc,cpu         ] GC(1052) User=0.00s Sys=0.01s Real=0.01s
[2026-06-17T10:05:46.213+0800][27.006s][info][gc,start       ] GC(1053) Pause Young (Allocation Failure)
[2026-06-17T10:05:46.215+0800][27.008s][info][gc,heap        ] GC(1053) PSYoungGen: 13322K(14336K)->7131K(14336K) Eden: 7149K(7168K)->0K(7168K) From: 6173K(7168K)->7131K(7168K)
[2026-06-17T10:05:46.216+0800][27.009s][info][gc,heap        ] GC(1053) ParOldGen: 30171K(44032K)->33006K(44032K)
[2026-06-17T10:05:46.216+0800][27.009s][info][gc,metaspace   ] GC(1053) Metaspace: 116K(320K)->116K(320K) NonClass: 109K(192K)->109K(192K) Class: 7K(128K)->7K(128K)
[2026-06-17T10:05:46.216+0800][27.009s][info][gc             ] GC(1053) Pause Young (Allocation Failure) 42M->39M(57M) 3.232ms
[2026-06-17T10:05:46.217+0800][27.009s][info][gc,cpu         ] GC(1053) User=0.00s Sys=0.00s Real=0.00s
[2026-06-17T10:05:46.238+0800][27.031s][info][gc,start       ] GC(1054) Pause Young (Allocation Failure)
[2026-06-17T10:05:46.241+0800][27.033s][info][gc,heap        ] GC(1054) PSYoungGen: 14289K(14336K)->7047K(14336K) Eden: 7158K(7168K)->0K(7168K) From: 7131K(7168K)->7047K(7168K)
[2026-06-17T10:05:46.241+0800][27.034s][info][gc,heap        ] GC(1054) ParOldGen: 33006K(44032K)->33530K(44032K)
[2026-06-17T10:05:46.242+0800][27.034s][info][gc,metaspace   ] GC(1054) Metaspace: 116K(320K)->116K(320K) NonClass: 109K(192K)->109K(192K) Class: 7K(128K)->7K(128K)
[2026-06-17T10:05:46.242+0800][27.035s][info][gc             ] GC(1054) Pause Young (Allocation Failure) 46M->39M(57M) 3.678ms
[2026-06-17T10:05:46.243+0800][27.035s][info][gc,cpu         ] GC(1054) User=0.00s Sys=0.00s Real=0.01s
[2026-06-17T10:05:46.264+0800][27.057s][info][gc,start       ] GC(1055) Pause Young (Allocation Failure)
[2026-06-17T10:05:46.266+0800][27.059s][info][gc,heap        ] GC(1055) PSYoungGen: 14212K(14336K)->6093K(14336K) Eden: 7164K(7168K)->0K(7168K) From: 7047K(7168K)->6093K(7168K)
[2026-06-17T10:05:46.266+0800][27.059s][info][gc,heap        ] GC(1055) ParOldGen: 33530K(44032K)->34614K(44032K)
[2026-06-17T10:05:46.267+0800][27.060s][info][gc,metaspace   ] GC(1055) Metaspace: 116K(320K)->116K(320K) NonClass: 109K(192K)->109K(192K) Class: 7K(128K)->7K(128K)
[2026-06-17T10:05:46.267+0800][27.060s][info][gc             ] GC(1055) Pause Young (Allocation Failure) 46M->39M(57M) 3.042ms
[2026-06-17T10:05:46.267+0800][27.060s][info][gc,cpu         ] GC(1055) User=0.00s Sys=0.00s Real=0.00s
[2026-06-17T10:05:46.289+0800][27.082s][info][gc,start       ] GC(1056) Pause Young (Allocation Failure)
[2026-06-17T10:05:46.291+0800][27.084s][info][gc,heap        ] GC(1056) PSYoungGen: 13215K(14336K)->3505K(14336K) Eden: 7121K(7168K)->0K(7168K) From: 6093K(7168K)->3505K(7168K)
[2026-06-17T10:05:46.292+0800][27.084s][info][gc,heap        ] GC(1056) ParOldGen: 34614K(44032K)->37282K(44032K)
[2026-06-17T10:05:46.292+0800][27.085s][info][gc,metaspace   ] GC(1056) Metaspace: 116K(320K)->116K(320K) NonClass: 109K(192K)->109K(192K) Class: 7K(128K)->7K(128K)
[2026-06-17T10:05:46.293+0800][27.085s][info][gc             ] GC(1056) Pause Young (Allocation Failure) 46M->39M(57M) 3.345ms
[2026-06-17T10:05:46.293+0800][27.086s][info][gc,cpu         ] GC(1056) User=0.01s Sys=0.00s Real=0.01s
[2026-06-17T10:05:46.305+0800][27.097s][info][gc,start       ] GC(1057) Pause Young (Allocation Failure)
[2026-06-17T10:05:46.307+0800][27.099s][info][gc,heap        ] GC(1057) PSYoungGen: 10474K(14336K)->1543K(14336K) Eden: 6969K(7168K)->0K(7168K) From: 3505K(7168K)->1543K(7168K)
[2026-06-17T10:05:46.307+0800][27.100s][info][gc,heap        ] GC(1057) ParOldGen: 37282K(44032K)->39252K(44032K)
[2026-06-17T10:05:46.308+0800][27.101s][info][gc,metaspace   ] GC(1057) Metaspace: 116K(320K)->116K(320K) NonClass: 109K(192K)->109K(192K) Class: 7K(128K)->7K(128K)
[2026-06-17T10:05:46.308+0800][27.101s][info][gc             ] GC(1057) Pause Young (Allocation Failure) 46M->39M(57M) 3.833ms
[2026-06-17T10:05:46.309+0800][27.102s][info][gc,cpu         ] GC(1057) User=0.00s Sys=0.00s Real=0.00s
[2026-06-17T10:05:46.331+0800][27.123s][info][gc,start       ] GC(1058) Pause Young (Allocation Failure)
[2026-06-17T10:05:46.331+0800][27.124s][info][gc,heap        ] GC(1058) PSYoungGen: 8706K(14336K)->3537K(14336K) Eden: 7162K(7168K)->0K(7168K) From: 1543K(7168K)->3537K(7168K)
[2026-06-17T10:05:46.332+0800][27.124s][info][gc,heap        ] GC(1058) ParOldGen: 39252K(44032K)->40739K(44032K)
[2026-06-17T10:05:46.332+0800][27.125s][info][gc,metaspace   ] GC(1058) Metaspace: 116K(320K)->116K(320K) NonClass: 109K(192K)->109K(192K) Class: 7K(128K)->7K(128K)
[2026-06-17T10:05:46.332+0800][27.125s][info][gc             ] GC(1058) Pause Young (Allocation Failure) 46M->43M(57M) 1.378ms
[2026-06-17T10:05:46.332+0800][27.125s][info][gc,cpu         ] GC(1058) User=0.00s Sys=0.00s Real=0.00s
[2026-06-17T10:05:46.343+0800][27.136s][info][gc,start       ] GC(1059) Pause Full (Allocation Failure)
[2026-06-17T10:05:46.343+0800][27.136s][info][gc,phases,start] GC(1059) Marking Phase
[2026-06-17T10:05:46.344+0800][27.137s][info][gc,phases      ] GC(1059) Marking Phase 1.299ms
[2026-06-17T10:05:46.345+0800][27.137s][info][gc,phases,start] GC(1059) Summary Phase
[2026-06-17T10:05:46.345+0800][27.138s][info][gc,phases      ] GC(1059) Summary Phase 0.220ms
[2026-06-17T10:05:46.345+0800][27.138s][info][gc,phases,start] GC(1059) Forward
[2026-06-17T10:05:46.345+0800][27.138s][info][gc,phases      ] GC(1059) Forward 0.262ms
[2026-06-17T10:05:46.346+0800][27.138s][info][gc,phases,start] GC(1059) Adjust Pointers
[2026-06-17T10:05:46.346+0800][27.139s][info][gc,phases      ] GC(1059) Adjust Pointers 0.726ms
[2026-06-17T10:05:46.347+0800][27.139s][info][gc,phases,start] GC(1059) Compaction Phase
[2026-06-17T10:05:46.348+0800][27.141s][info][gc,phases      ] GC(1059) Compaction Phase 1.372ms
[2026-06-17T10:05:46.348+0800][27.141s][info][gc,phases,start] GC(1059) Post Compact
[2026-06-17T10:05:46.349+0800][27.141s][info][gc,phases      ] GC(1059) Post Compact 0.285ms
[2026-06-17T10:05:46.349+0800][27.142s][info][gc,heap        ] GC(1059) PSYoungGen: 10376K(14336K)->0K(14336K) Eden: 6839K(7168K)->0K(7168K) From: 3537K(7168K)->0K(7168K)
[2026-06-17T10:05:46.349+0800][27.142s][info][gc,heap        ] GC(1059) ParOldGen: 40739K(44032K)->24894K(44032K)
[2026-06-17T10:05:46.349+0800][27.142s][info][gc,metaspace   ] GC(1059) Metaspace: 116K(320K)->116K(320K) NonClass: 109K(192K)->109K(192K) Class: 7K(128K)->7K(128K)
[2026-06-17T10:05:46.349+0800][27.142s][info][gc             ] GC(1059) Pause Full (Allocation Failure) 49M->24M(57M) 6.616ms
[2026-06-17T10:05:46.350+0800][27.142s][info][gc,cpu         ] GC(1059) User=0.01s Sys=0.00s Real=0.00s
[2026-06-17T10:05:46.371+0800][27.164s][info][gc,start       ] GC(1060) Pause Young (Allocation Failure)
[2026-06-17T10:05:46.372+0800][27.164s][info][gc,heap        ] GC(1060) PSYoungGen: 7155K(14336K)->3839K(14336K) Eden: 7155K(7168K)->0K(7168K) From: 0K(7168K)->3839K(7168K)
[2026-06-17T10:05:46.372+0800][27.165s][info][gc,heap        ] GC(1060) ParOldGen: 24894K(44032K)->24894K(44032K)
[2026-06-17T10:05:46.373+0800][27.166s][info][gc,metaspace   ] GC(1060) Metaspace: 116K(320K)->116K(320K) NonClass: 109K(192K)->109K(192K) Class: 7K(128K)->7K(128K)
[2026-06-17T10:05:46.373+0800][27.166s][info][gc             ] GC(1060) Pause Young (Allocation Failure) 31M->28M(57M) 2.462ms
[2026-06-17T10:05:46.374+0800][27.167s][info][gc,cpu         ] GC(1060) User=0.00s Sys=0.00s Real=0.00s
[2026-06-17T10:05:46.395+0800][27.188s][info][gc,start       ] GC(1061) Pause Young (Allocation Failure)
[2026-06-17T10:05:46.396+0800][27.189s][info][gc,heap        ] GC(1061) PSYoungGen: 11007K(14336K)->3123K(14336K) Eden: 7168K(7168K)->0K(7168K) From: 3839K(7168K)->3123K(7168K)
[2026-06-17T10:05:46.396+0800][27.189s][info][gc,heap        ] GC(1061) ParOldGen: 24894K(44032K)->26120K(44032K)
[2026-06-17T10:05:46.397+0800][27.189s][info][gc,metaspace   ] GC(1061) Metaspace: 116K(320K)->116K(320K) NonClass: 109K(192K)->109K(192K) Class: 7K(128K)->7K(128K)
[2026-06-17T10:05:46.397+0800][27.190s][info][gc             ] GC(1061) Pause Young (Allocation Failure) 35M->28M(57M) 1.535ms
[2026-06-17T10:05:46.397+0800][27.190s][info][gc,cpu         ] GC(1061) User=0.00s Sys=0.00s Real=0.00s
[2026-06-17T10:05:46.418+0800][27.211s][info][gc,start       ] GC(1062) Pause Young (Allocation Failure)
[2026-06-17T10:05:46.420+0800][27.212s][info][gc,heap        ] GC(1062) PSYoungGen: 10279K(14336K)->3602K(14336K) Eden: 7155K(7168K)->0K(7168K) From: 3123K(7168K)->3602K(7168K)
[2026-06-17T10:05:46.420+0800][27.213s][info][gc,heap        ] GC(1062) ParOldGen: 26120K(44032K)->26120K(44032K)
[2026-06-17T10:05:46.421+0800][27.213s][info][gc,metaspace   ] GC(1062) Metaspace: 116K(320K)->116K(320K) NonClass: 109K(192K)->109K(192K) Class: 7K(128K)->7K(128K)
[2026-06-17T10:05:46.421+0800][27.214s][info][gc             ] GC(1062) Pause Young (Allocation Failure) 35M->29M(57M) 2.862ms
[2026-06-17T10:05:46.422+0800][27.214s][info][gc,cpu         ] GC(1062) User=0.00s Sys=0.00s Real=0.00s
[2026-06-17T10:05:46.433+0800][27.226s][info][gc,start       ] GC(1063) Pause Young (Allocation Failure)
[2026-06-17T10:05:46.434+0800][27.227s][info][gc,heap        ] GC(1063) PSYoungGen: 10743K(14336K)->4703K(14336K) Eden: 7140K(7168K)->0K(7168K) From: 3602K(7168K)->4703K(7168K)
[2026-06-17T10:05:46.434+0800][27.227s][info][gc,heap        ] GC(1063) ParOldGen: 26120K(44032K)->28589K(44032K)
[2026-06-17T10:05:46.435+0800][27.228s][info][gc,metaspace   ] GC(1063) Metaspace: 116K(320K)->116K(320K) NonClass: 109K(192K)->109K(192K) Class: 7K(128K)->7K(128K)
[2026-06-17T10:05:46.435+0800][27.228s][info][gc             ] GC(1063) Pause Young (Allocation Failure) 35M->32M(57M) 2.448ms
[2026-06-17T10:05:46.436+0800][27.228s][info][gc,cpu         ] GC(1063) User=0.00s Sys=0.00s Real=0.00s
[2026-06-17T10:05:46.457+0800][27.250s][info][gc,start       ] GC(1064) Pause Young (Allocation Failure)
[2026-06-17T10:05:46.459+0800][27.251s][info][gc,heap        ] GC(1064) PSYoungGen: 11866K(14336K)->5192K(14336K) Eden: 7163K(7168K)->0K(7168K) From: 4703K(7168K)->5192K(7168K)
[2026-06-17T10:05:46.459+0800][27.252s][info][gc,heap        ] GC(1064) ParOldGen: 28589K(44032K)->28589K(44032K)
[2026-06-17T10:05:46.460+0800][27.253s][info][gc,metaspace   ] GC(1064) Metaspace: 116K(320K)->116K(320K) NonClass: 109K(192K)->109K(192K) Class: 7K(128K)->7K(128K)
[2026-06-17T10:05:46.461+0800][27.253s][info][gc             ] GC(1064) Pause Young (Allocation Failure) 39M->32M(57M) 3.640ms
[2026-06-17T10:05:46.461+0800][27.254s][info][gc,cpu         ] GC(1064) User=0.00s Sys=0.00s Real=0.00s
[2026-06-17T10:05:46.483+0800][27.276s][info][gc,start       ] GC(1065) Pause Young (Allocation Failure)
[2026-06-17T10:05:46.484+0800][27.277s][info][gc,heap        ] GC(1065) PSYoungGen: 12350K(14336K)->2809K(14336K) Eden: 7158K(7168K)->0K(7168K) From: 5192K(7168K)->2809K(7168K)
[2026-06-17T10:05:46.485+0800][27.278s][info][gc,heap        ] GC(1065) ParOldGen: 28589K(44032K)->30813K(44032K)
[2026-06-17T10:05:46.485+0800][27.278s][info][gc,metaspace   ] GC(1065) Metaspace: 116K(320K)->116K(320K) NonClass: 109K(192K)->109K(192K) Class: 7K(128K)->7K(128K)
[2026-06-17T10:05:46.486+0800][27.279s][info][gc             ] GC(1065) Pause Young (Allocation Failure) 39M->32M(57M) 3.130ms
[2026-06-17T10:05:46.487+0800][27.279s][info][gc,cpu         ] GC(1065) User=0.00s Sys=0.00s Real=0.00s
[2026-06-17T10:05:46.498+0800][27.291s][info][gc,start       ] GC(1066) Pause Young (Allocation Failure)
[2026-06-17T10:05:46.503+0800][27.296s][info][gc,heap        ] GC(1066) PSYoungGen: 9780K(14336K)->2517K(14336K) Eden: 6970K(7168K)->0K(7168K) From: 2809K(7168K)->2517K(7168K)
[2026-06-17T10:05:46.508+0800][27.301s][info][gc,heap        ] GC(1066) ParOldGen: 30813K(44032K)->30813K(44032K)
[2026-06-17T10:05:46.513+0800][27.306s][info][gc,metaspace   ] GC(1066) Metaspace: 116K(320K)->116K(320K) NonClass: 109K(192K)->109K(192K) Class: 7K(128K)->7K(128K)
[2026-06-17T10:05:46.519+0800][27.312s][info][gc             ] GC(1066) Pause Young (Allocation Failure) 39M->32M(57M) 21.204ms
[2026-06-17T10:05:46.526+0800][27.319s][info][gc,cpu         ] GC(1066) User=0.00s Sys=0.00s Real=0.03s
[2026-06-17T10:05:46.550+0800][27.343s][info][gc,start       ] GC(1067) Pause Young (Allocation Failure)
[2026-06-17T10:05:46.554+0800][27.347s][info][gc,heap        ] GC(1067) PSYoungGen: 9684K(14336K)->3738K(14336K) Eden: 7167K(7168K)->0K(7168K) From: 2517K(7168K)->3738K(7168K)
[2026-06-17T10:05:46.559+0800][27.351s][info][gc,heap        ] GC(1067) ParOldGen: 30813K(44032K)->33274K(44032K)
[2026-06-17T10:05:46.566+0800][27.359s][info][gc,metaspace   ] GC(1067) Metaspace: 116K(320K)->116K(320K) NonClass: 109K(192K)->109K(192K) Class: 7K(128K)->7K(128K)
[2026-06-17T10:05:46.571+0800][27.364s][info][gc             ] GC(1067) Pause Young (Allocation Failure) 39M->36M(57M) 21.408ms
[2026-06-17T10:05:46.576+0800][27.369s][info][gc,cpu         ] GC(1067) User=0.00s Sys=0.00s Real=0.03s
[2026-06-17T10:05:46.597+0800][27.390s][info][gc,start       ] GC(1068) Pause Young (Allocation Failure)
[2026-06-17T10:05:46.603+0800][27.396s][info][gc,heap        ] GC(1068) PSYoungGen: 10873K(14336K)->4339K(14336K) Eden: 7134K(7168K)->0K(7168K) From: 3738K(7168K)->4339K(7168K)
[2026-06-17T10:05:46.608+0800][27.401s][info][gc,heap        ] GC(1068) ParOldGen: 33274K(44032K)->33274K(44032K)
[2026-06-17T10:05:46.614+0800][27.407s][info][gc,metaspace   ] GC(1068) Metaspace: 116K(320K)->116K(320K) NonClass: 109K(192K)->109K(192K) Class: 7K(128K)->7K(128K)
[2026-06-17T10:05:46.619+0800][27.412s][info][gc             ] GC(1068) Pause Young (Allocation Failure) 43M->36M(57M) 21.477ms
[2026-06-17T10:05:46.624+0800][27.417s][info][gc,cpu         ] GC(1068) User=0.00s Sys=0.00s Real=0.03s
[2026-06-17T10:05:46.649+0800][27.442s][info][gc,start       ] GC(1069) Pause Young (Allocation Failure)
[2026-06-17T10:05:46.654+0800][27.446s][info][gc,heap        ] GC(1069) PSYoungGen: 11491K(14336K)->4467K(14336K) Eden: 7151K(7168K)->0K(7168K) From: 4339K(7168K)->4467K(7168K)
[2026-06-17T10:05:46.659+0800][27.452s][info][gc,heap        ] GC(1069) ParOldGen: 33274K(44032K)->33274K(44032K)
[2026-06-17T10:05:46.661+0800][27.454s][info][gc,metaspace   ] GC(1069) Metaspace: 116K(320K)->116K(320K) NonClass: 109K(192K)->109K(192K) Class: 7K(128K)->7K(128K)
[2026-06-17T10:05:46.662+0800][27.454s][info][gc             ] GC(1069) Pause Young (Allocation Failure) 43M->36M(57M) 12.648ms
[2026-06-17T10:05:46.662+0800][27.455s][info][gc,cpu         ] GC(1069) User=0.01s Sys=0.00s Real=0.01s
[2026-06-17T10:05:46.673+0800][27.466s][info][gc,start       ] GC(1070) Pause Young (Allocation Failure)
[2026-06-17T10:05:46.674+0800][27.467s][info][gc,heap        ] GC(1070) PSYoungGen: 11576K(14336K)->7023K(14336K) Eden: 7109K(7168K)->0K(7168K) From: 4467K(7168K)->7023K(7168K)
[2026-06-17T10:05:46.675+0800][27.467s][info][gc,heap        ] GC(1070) ParOldGen: 33274K(44032K)->34190K(44032K)
[2026-06-17T10:05:46.675+0800][27.468s][info][gc,metaspace   ] GC(1070) Metaspace: 116K(320K)->116K(320K) NonClass: 109K(192K)->109K(192K) Class: 7K(128K)->7K(128K)
[2026-06-17T10:05:46.675+0800][27.468s][info][gc             ] GC(1070) Pause Young (Allocation Failure) 43M->40M(57M) 2.230ms
[2026-06-17T10:05:46.676+0800][27.468s][info][gc,cpu         ] GC(1070) User=0.00s Sys=0.00s Real=0.00s
[2026-06-17T10:05:46.697+0800][27.490s][info][gc,start       ] GC(1071) Pause Young (Allocation Failure)
[2026-06-17T10:05:46.699+0800][27.491s][info][gc,heap        ] GC(1071) PSYoungGen: 14159K(14336K)->5290K(14336K) Eden: 7136K(7168K)->0K(7168K) From: 7023K(7168K)->5290K(7168K)
[2026-06-17T10:05:46.699+0800][27.492s][info][gc,heap        ] GC(1071) ParOldGen: 34190K(44032K)->36533K(44032K)
[2026-06-17T10:05:46.699+0800][27.492s][info][gc,metaspace   ] GC(1071) Metaspace: 116K(320K)->116K(320K) NonClass: 109K(192K)->109K(192K) Class: 7K(128K)->7K(128K)
[2026-06-17T10:05:46.700+0800][27.493s][info][gc             ] GC(1071) Pause Young (Allocation Failure) 47M->40M(57M) 2.812ms
[2026-06-17T10:05:46.700+0800][27.493s][info][gc,cpu         ] GC(1071) User=0.00s Sys=0.00s Real=0.00s
[2026-06-17T10:05:46.722+0800][27.515s][info][gc,start       ] GC(1072) Pause Young (Allocation Failure)
[2026-06-17T10:05:46.723+0800][27.516s][info][gc,heap        ] GC(1072) PSYoungGen: 12424K(14336K)->3959K(14336K) Eden: 7133K(7168K)->0K(7168K) From: 5290K(7168K)->3959K(7168K)
[2026-06-17T10:05:46.724+0800][27.517s][info][gc,heap        ] GC(1072) ParOldGen: 36533K(44032K)->38407K(44032K)
[2026-06-17T10:05:46.724+0800][27.517s][info][gc,metaspace   ] GC(1072) Metaspace: 116K(320K)->116K(320K) NonClass: 109K(192K)->109K(192K) Class: 7K(128K)->7K(128K)
[2026-06-17T10:05:46.725+0800][27.517s][info][gc             ] GC(1072) Pause Young (Allocation Failure) 47M->41M(57M) 2.779ms
[2026-06-17T10:05:46.725+0800][27.518s][info][gc,cpu         ] GC(1072) User=0.00s Sys=0.00s Real=0.01s
[2026-06-17T10:05:46.736+0800][27.529s][info][gc,start       ] GC(1073) Pause Young (Allocation Failure)
[2026-06-17T10:05:46.737+0800][27.530s][info][gc,heap        ] GC(1073) PSYoungGen: 11031K(14336K)->524K(14336K) Eden: 7071K(7168K)->0K(7168K) From: 3959K(7168K)->524K(7168K)
[2026-06-17T10:05:46.738+0800][27.531s][info][gc,heap        ] GC(1073) ParOldGen: 38407K(44032K)->41855K(44032K)
[2026-06-17T10:05:46.738+0800][27.531s][info][gc,metaspace   ] GC(1073) Metaspace: 116K(320K)->116K(320K) NonClass: 109K(192K)->109K(192K) Class: 7K(128K)->7K(128K)
[2026-06-17T10:05:46.739+0800][27.531s][info][gc             ] GC(1073) Pause Young (Allocation Failure) 48M->41M(57M) 2.302ms
[2026-06-17T10:05:46.739+0800][27.532s][info][gc,cpu         ] GC(1073) User=0.00s Sys=0.00s Real=0.00s
[2026-06-17T10:05:46.760+0800][27.553s][info][gc,start       ] GC(1074) Pause Full (Allocation Failure)
[2026-06-17T10:05:46.761+0800][27.554s][info][gc,phases,start] GC(1074) Marking Phase
[2026-06-17T10:05:46.763+0800][27.556s][info][gc,phases      ] GC(1074) Marking Phase 2.401ms
[2026-06-17T10:05:46.764+0800][27.556s][info][gc,phases,start] GC(1074) Summary Phase
[2026-06-17T10:05:46.764+0800][27.557s][info][gc,phases      ] GC(1074) Summary Phase 0.421ms
[2026-06-17T10:05:46.764+0800][27.557s][info][gc,phases,start] GC(1074) Forward
[2026-06-17T10:05:46.765+0800][27.558s][info][gc,phases      ] GC(1074) Forward 0.723ms
[2026-06-17T10:05:46.766+0800][27.558s][info][gc,phases,start] GC(1074) Adjust Pointers
[2026-06-17T10:05:46.767+0800][27.560s][info][gc,phases      ] GC(1074) Adjust Pointers 1.285ms
[2026-06-17T10:05:46.767+0800][27.560s][info][gc,phases,start] GC(1074) Compaction Phase
[2026-06-17T10:05:46.770+0800][27.563s][info][gc,phases      ] GC(1074) Compaction Phase 2.604ms
[2026-06-17T10:05:46.770+0800][27.563s][info][gc,phases,start] GC(1074) Post Compact
[2026-06-17T10:05:46.771+0800][27.564s][info][gc,phases      ] GC(1074) Post Compact 0.458ms
[2026-06-17T10:05:46.771+0800][27.564s][info][gc,heap        ] GC(1074) PSYoungGen: 7667K(14336K)->0K(14336K) Eden: 7143K(7168K)->0K(7168K) From: 524K(7168K)->0K(7168K)
[2026-06-17T10:05:46.772+0800][27.564s][info][gc,heap        ] GC(1074) ParOldGen: 41855K(44032K)->31745K(44032K)
[2026-06-17T10:05:46.772+0800][27.565s][info][gc,metaspace   ] GC(1074) Metaspace: 116K(320K)->116K(320K) NonClass: 109K(192K)->109K(192K) Class: 7K(128K)->7K(128K)
[2026-06-17T10:05:46.772+0800][27.565s][info][gc             ] GC(1074) Pause Full (Allocation Failure) 48M->31M(57M) 11.831ms
[2026-06-17T10:05:46.772+0800][27.565s][info][gc,cpu         ] GC(1074) User=0.01s Sys=0.00s Real=0.02s
[2026-06-17T10:05:46.794+0800][27.587s][info][gc,start       ] GC(1075) Pause Young (Allocation Failure)
[2026-06-17T10:05:46.795+0800][27.588s][info][gc,heap        ] GC(1075) PSYoungGen: 7168K(14336K)->3795K(14336K) Eden: 7168K(7168K)->0K(7168K) From: 0K(7168K)->3795K(7168K)
[2026-06-17T10:05:46.796+0800][27.588s][info][gc,heap        ] GC(1075) ParOldGen: 31745K(44032K)->31745K(44032K)
[2026-06-17T10:05:46.796+0800][27.589s][info][gc,metaspace   ] GC(1075) Metaspace: 116K(320K)->116K(320K) NonClass: 109K(192K)->109K(192K) Class: 7K(128K)->7K(128K)
[2026-06-17T10:05:46.796+0800][27.589s][info][gc             ] GC(1075) Pause Young (Allocation Failure) 38M->34M(57M) 2.348ms
[2026-06-17T10:05:46.796+0800][27.589s][info][gc,cpu         ] GC(1075) User=0.00s Sys=0.00s Real=0.00s
[2026-06-17T10:05:46.818+0800][27.611s][info][gc,start       ] GC(1076) Pause Young (Allocation Failure)
[2026-06-17T10:05:46.819+0800][27.612s][info][gc,heap        ] GC(1076) PSYoungGen: 10959K(14336K)->1314K(14336K) Eden: 7163K(7168K)->0K(7168K) From: 3795K(7168K)->1314K(7168K)
[2026-06-17T10:05:46.820+0800][27.613s][info][gc,heap        ] GC(1076) ParOldGen: 31745K(44032K)->34750K(44032K)
[2026-06-17T10:05:46.820+0800][27.613s][info][gc,metaspace   ] GC(1076) Metaspace: 116K(320K)->116K(320K) NonClass: 109K(192K)->109K(192K) Class: 7K(128K)->7K(128K)
[2026-06-17T10:05:46.821+0800][27.614s][info][gc             ] GC(1076) Pause Young (Allocation Failure) 41M->35M(57M) 2.894ms
[2026-06-17T10:05:46.821+0800][27.614s][info][gc,cpu         ] GC(1076) User=0.00s Sys=0.00s Real=0.00s
[2026-06-17T10:05:46.833+0800][27.625s][info][gc,start       ] GC(1077) Pause Young (Allocation Failure)
[2026-06-17T10:05:46.834+0800][27.627s][info][gc,heap        ] GC(1077) PSYoungGen: 8441K(14336K)->4880K(14336K) Eden: 7126K(7168K)->0K(7168K) From: 1314K(7168K)->4880K(7168K)
[2026-06-17T10:05:46.834+0800][27.627s][info][gc,heap        ] GC(1077) ParOldGen: 34750K(44032K)->34750K(44032K)
[2026-06-17T10:05:46.835+0800][27.627s][info][gc,metaspace   ] GC(1077) Metaspace: 116K(320K)->116K(320K) NonClass: 109K(192K)->109K(192K) Class: 7K(128K)->7K(128K)
[2026-06-17T10:05:46.835+0800][27.628s][info][gc             ] GC(1077) Pause Young (Allocation Failure) 42M->38M(57M) 2.262ms
[2026-06-17T10:05:46.835+0800][27.628s][info][gc,cpu         ] GC(1077) User=0.01s Sys=0.00s Real=0.00s
[2026-06-17T10:05:46.857+0800][27.649s][info][gc,start       ] GC(1078) Pause Young (Allocation Failure)
[2026-06-17T10:05:46.858+0800][27.651s][info][gc,heap        ] GC(1078) PSYoungGen: 12046K(14336K)->2539K(14336K) Eden: 7166K(7168K)->0K(7168K) From: 4880K(7168K)->2539K(7168K)
[2026-06-17T10:05:46.858+0800][27.651s][info][gc,heap        ] GC(1078) ParOldGen: 34750K(44032K)->36812K(44032K)
[2026-06-17T10:05:46.859+0800][27.652s][info][gc,metaspace   ] GC(1078) Metaspace: 116K(320K)->116K(320K) NonClass: 109K(192K)->109K(192K) Class: 7K(128K)->7K(128K)
[2026-06-17T10:05:46.859+0800][27.652s][info][gc             ] GC(1078) Pause Young (Allocation Failure) 45M->38M(57M) 2.544ms
[2026-06-17T10:05:46.860+0800][27.652s][info][gc,cpu         ] GC(1078) User=0.00s Sys=0.00s Real=0.00s
[2026-06-17T10:05:46.881+0800][27.674s][info][gc,start       ] GC(1079) Pause Young (Allocation Failure)
[2026-06-17T10:05:46.882+0800][27.675s][info][gc,heap        ] GC(1079) PSYoungGen: 9701K(14336K)->2926K(14336K) Eden: 7161K(7168K)->0K(7168K) From: 2539K(7168K)->2926K(7168K)
[2026-06-17T10:05:46.883+0800][27.675s][info][gc,heap        ] GC(1079) ParOldGen: 36812K(44032K)->36812K(44032K)
[2026-06-17T10:05:46.883+0800][27.676s][info][gc,metaspace   ] GC(1079) Metaspace: 116K(320K)->116K(320K) NonClass: 109K(192K)->109K(192K) Class: 7K(128K)->7K(128K)
[2026-06-17T10:05:46.884+0800][27.676s][info][gc             ] GC(1079) Pause Young (Allocation Failure) 45M->38M(57M) 2.579ms
[2026-06-17T10:05:46.884+0800][27.677s][info][gc,cpu         ] GC(1079) User=0.00s Sys=0.00s Real=0.01s
[2026-06-17T10:05:46.895+0800][27.688s][info][gc,start       ] GC(1080) Pause Young (Allocation Failure)
[2026-06-17T10:05:46.897+0800][27.689s][info][gc,heap        ] GC(1080) PSYoungGen: 9964K(14336K)->931K(14336K) Eden: 7037K(7168K)->0K(7168K) From: 2926K(7168K)->931K(7168K)
[2026-06-17T10:05:46.897+0800][27.690s][info][gc,heap        ] GC(1080) ParOldGen: 36812K(44032K)->38778K(44032K)
[2026-06-17T10:05:46.898+0800][27.690s][info][gc,metaspace   ] GC(1080) Metaspace: 116K(320K)->116K(320K) NonClass: 109K(192K)->109K(192K) Class: 7K(128K)->7K(128K)
[2026-06-17T10:05:46.898+0800][27.691s][info][gc             ] GC(1080) Pause Young (Allocation Failure) 45M->38M(57M) 2.497ms
[2026-06-17T10:05:46.898+0800][27.691s][info][gc,cpu         ] GC(1080) User=0.00s Sys=0.00s Real=0.00s
[2026-06-17T10:05:46.920+0800][27.713s][info][gc,start       ] GC(1081) Pause Young (Allocation Failure)
[2026-06-17T10:05:46.923+0800][27.716s][info][gc,heap        ] GC(1081) PSYoungGen: 8083K(14336K)->4716K(14336K) Eden: 7152K(7168K)->0K(7168K) From: 931K(7168K)->4716K(7168K)
[2026-06-17T10:05:46.924+0800][27.716s][info][gc,heap        ] GC(1081) ParOldGen: 38778K(44032K)->38778K(44032K)
[2026-06-17T10:05:46.924+0800][27.717s][info][gc,metaspace   ] GC(1081) Metaspace: 116K(320K)->116K(320K) NonClass: 109K(192K)->109K(192K) Class: 7K(128K)->7K(128K)
[2026-06-17T10:05:46.925+0800][27.718s][info][gc             ] GC(1081) Pause Young (Allocation Failure) 45M->42M(57M) 4.622ms
[2026-06-17T10:05:46.925+0800][27.718s][info][gc,cpu         ] GC(1081) User=0.01s Sys=0.00s Real=0.01s
[2026-06-17T10:05:46.937+0800][27.729s][info][gc,start       ] GC(1082) Pause Young (Allocation Failure)
[2026-06-17T10:05:46.938+0800][27.731s][info][gc,heap        ] GC(1082) PSYoungGen: 10759K(14336K)->1967K(14336K) Eden: 6042K(7168K)->0K(7168K) From: 4716K(7168K)->1967K(7168K)
[2026-06-17T10:05:46.938+0800][27.731s][info][gc,heap        ] GC(1082) ParOldGen: 38778K(44032K)->40612K(44032K)
[2026-06-17T10:05:46.939+0800][27.731s][info][gc,metaspace   ] GC(1082) Metaspace: 116K(320K)->116K(320K) NonClass: 109K(192K)->109K(192K) Class: 7K(128K)->7K(128K)
[2026-06-17T10:05:46.939+0800][27.732s][info][gc             ] GC(1082) Pause Young (Allocation Failure) 48M->41M(57M) 2.490ms
[2026-06-17T10:05:46.939+0800][27.732s][info][gc,cpu         ] GC(1082) User=0.00s Sys=0.00s Real=0.00s
[2026-06-17T10:05:46.961+0800][27.754s][info][gc,start       ] GC(1083) Pause Full (Allocation Failure)
[2026-06-17T10:05:46.961+0800][27.754s][info][gc,phases,start] GC(1083) Marking Phase
[2026-06-17T10:05:46.965+0800][27.758s][info][gc,phases      ] GC(1083) Marking Phase 3.502ms
[2026-06-17T10:05:46.966+0800][27.759s][info][gc,phases,start] GC(1083) Summary Phase
[2026-06-17T10:05:46.967+0800][27.759s][info][gc,phases      ] GC(1083) Summary Phase 0.587ms
[2026-06-17T10:05:46.967+0800][27.760s][info][gc,phases,start] GC(1083) Forward
[2026-06-17T10:05:46.968+0800][27.760s][info][gc,phases      ] GC(1083) Forward 0.636ms
[2026-06-17T10:05:46.969+0800][27.762s][info][gc,phases,start] GC(1083) Adjust Pointers
[2026-06-17T10:05:46.970+0800][27.763s][info][gc,phases      ] GC(1083) Adjust Pointers 0.959ms
[2026-06-17T10:05:46.971+0800][27.764s][info][gc,phases,start] GC(1083) Compaction Phase
[2026-06-17T10:05:46.974+0800][27.767s][info][gc,phases      ] GC(1083) Compaction Phase 2.391ms
[2026-06-17T10:05:46.975+0800][27.768s][info][gc,phases,start] GC(1083) Post Compact
[2026-06-17T10:05:46.979+0800][27.771s][info][gc,phases      ] GC(1083) Post Compact 3.394ms
[2026-06-17T10:05:46.979+0800][27.772s][info][gc,heap        ] GC(1083) PSYoungGen: 9135K(14336K)->0K(14336K) Eden: 7168K(7168K)->0K(7168K) From: 1967K(7168K)->0K(7168K)
[2026-06-17T10:05:46.980+0800][27.772s][info][gc,heap        ] GC(1083) ParOldGen: 40612K(44032K)->33382K(44032K)
[2026-06-17T10:05:46.982+0800][27.775s][info][gc,metaspace   ] GC(1083) Metaspace: 116K(320K)->116K(320K) NonClass: 109K(192K)->109K(192K) Class: 7K(128K)->7K(128K)
[2026-06-17T10:05:46.983+0800][27.776s][info][gc             ] GC(1083) Pause Full (Allocation Failure) 48M->32M(57M) 22.235ms
[2026-06-17T10:05:46.984+0800][27.777s][info][gc,cpu         ] GC(1083) User=0.01s Sys=0.00s Real=0.03s
[2026-06-17T10:05:47.008+0800][27.801s][info][gc,start       ] GC(1084) Pause Young (Allocation Failure)
[2026-06-17T10:05:47.009+0800][27.802s][info][gc,heap        ] GC(1084) PSYoungGen: 7121K(14336K)->3803K(14336K) Eden: 7121K(7168K)->0K(7168K) From: 0K(7168K)->3803K(7168K)
[2026-06-17T10:05:47.010+0800][27.803s][info][gc,heap        ] GC(1084) ParOldGen: 33382K(44032K)->33382K(44032K)
[2026-06-17T10:05:47.010+0800][27.803s][info][gc,metaspace   ] GC(1084) Metaspace: 116K(320K)->116K(320K) NonClass: 109K(192K)->109K(192K) Class: 7K(128K)->7K(128K)
[2026-06-17T10:05:47.010+0800][27.803s][info][gc             ] GC(1084) Pause Young (Allocation Failure) 39M->36M(57M) 2.057ms
[2026-06-17T10:05:47.011+0800][27.803s][info][gc,cpu         ] GC(1084) User=0.00s Sys=0.00s Real=0.01s
[2026-06-17T10:05:47.032+0800][27.825s][info][gc,start       ] GC(1085) Pause Young (Allocation Failure)
[2026-06-17T10:05:47.034+0800][27.827s][info][gc,heap        ] GC(1085) PSYoungGen: 10958K(14336K)->3806K(14336K) Eden: 7154K(7168K)->0K(7168K) From: 3803K(7168K)->3806K(7168K)
[2026-06-17T10:05:47.034+0800][27.827s][info][gc,heap        ] GC(1085) ParOldGen: 33382K(44032K)->33382K(44032K)
[2026-06-17T10:05:47.034+0800][27.827s][info][gc,metaspace   ] GC(1085) Metaspace: 116K(320K)->116K(320K) NonClass: 109K(192K)->109K(192K) Class: 7K(128K)->7K(128K)
[2026-06-17T10:05:47.035+0800][27.827s][info][gc             ] GC(1085) Pause Young (Allocation Failure) 43M->36M(57M) 2.687ms
[2026-06-17T10:05:47.035+0800][27.828s][info][gc,cpu         ] GC(1085) User=0.00s Sys=0.00s Real=0.00s
[2026-06-17T10:05:47.046+0800][27.839s][info][gc,start       ] GC(1086) Pause Young (Allocation Failure)
[2026-06-17T10:05:47.047+0800][27.839s][info][gc,heap        ] GC(1086) PSYoungGen: 10950K(14336K)->7087K(14336K) Eden: 7143K(7168K)->0K(7168K) From: 3806K(7168K)->7087K(7168K)
[2026-06-17T10:05:47.047+0800][27.840s][info][gc,heap        ] GC(1086) ParOldGen: 33382K(44032K)->33649K(44032K)
[2026-06-17T10:05:47.047+0800][27.840s][info][gc,metaspace   ] GC(1086) Metaspace: 116K(320K)->116K(320K) NonClass: 109K(192K)->109K(192K) Class: 7K(128K)->7K(128K)
[2026-06-17T10:05:47.047+0800][27.840s][info][gc             ] GC(1086) Pause Young (Allocation Failure) 43M->39M(57M) 1.611ms
[2026-06-17T10:05:47.048+0800][27.840s][info][gc,cpu         ] GC(1086) User=0.00s Sys=0.00s Real=0.00s
[2026-06-17T10:05:47.069+0800][27.861s][info][gc,start       ] GC(1087) Pause Young (Allocation Failure)
[2026-06-17T10:05:47.070+0800][27.863s][info][gc,heap        ] GC(1087) PSYoungGen: 14226K(14336K)->4410K(14336K) Eden: 7138K(7168K)->0K(7168K) From: 7087K(7168K)->4410K(7168K)
[2026-06-17T10:05:47.070+0800][27.863s][info][gc,heap        ] GC(1087) ParOldGen: 33649K(44032K)->36675K(44032K)
[2026-06-17T10:05:47.070+0800][27.863s][info][gc,metaspace   ] GC(1087) Metaspace: 116K(320K)->116K(320K) NonClass: 109K(192K)->109K(192K) Class: 7K(128K)->7K(128K)
[2026-06-17T10:05:47.071+0800][27.863s][info][gc             ] GC(1087) Pause Young (Allocation Failure) 46M->40M(57M) 1.962ms
[2026-06-17T10:05:47.071+0800][27.864s][info][gc,cpu         ] GC(1087) User=0.00s Sys=0.00s Real=0.01s
[2026-06-17T10:05:47.092+0800][27.885s][info][gc,start       ] GC(1088) Pause Young (Allocation Failure)
[2026-06-17T10:05:47.093+0800][27.886s][info][gc,heap        ] GC(1088) PSYoungGen: 11541K(14336K)->2504K(14336K) Eden: 7130K(7168K)->0K(7168K) From: 4410K(7168K)->2504K(7168K)
[2026-06-17T10:05:47.094+0800][27.887s][info][gc,heap        ] GC(1088) ParOldGen: 36675K(44032K)->38519K(44032K)
[2026-06-17T10:05:47.095+0800][27.887s][info][gc,metaspace   ] GC(1088) Metaspace: 116K(320K)->116K(320K) NonClass: 109K(192K)->109K(192K) Class: 7K(128K)->7K(128K)
[2026-06-17T10:05:47.095+0800][27.888s][info][gc             ] GC(1088) Pause Young (Allocation Failure) 47M->40M(57M) 2.922ms
[2026-06-17T10:05:47.095+0800][27.888s][info][gc,cpu         ] GC(1088) User=0.01s Sys=0.00s Real=0.00s
[2026-06-17T10:05:47.106+0800][27.899s][info][gc,start       ] GC(1089) Pause Young (Allocation Failure)
[2026-06-17T10:05:47.107+0800][27.900s][info][gc,heap        ] GC(1089) PSYoungGen: 9538K(14336K)->402K(14336K) Eden: 7034K(7168K)->0K(7168K) From: 2504K(7168K)->402K(7168K)
[2026-06-17T10:05:47.107+0800][27.900s][info][gc,heap        ] GC(1089) ParOldGen: 38519K(44032K)->40664K(44032K)
[2026-06-17T10:05:47.108+0800][27.900s][info][gc,metaspace   ] GC(1089) Metaspace: 116K(320K)->116K(320K) NonClass: 109K(192K)->109K(192K) Class: 7K(128K)->7K(128K)
[2026-06-17T10:05:47.108+0800][27.901s][info][gc             ] GC(1089) Pause Young (Allocation Failure) 46M->40M(57M) 1.913ms
[2026-06-17T10:05:47.108+0800][27.901s][info][gc,cpu         ] GC(1089) User=0.00s Sys=0.00s Real=0.00s
[2026-06-17T10:05:47.130+0800][27.922s][info][gc,start       ] GC(1090) Pause Full (Allocation Failure)
[2026-06-17T10:05:47.131+0800][27.924s][info][gc,phases,start] GC(1090) Marking Phase
[2026-06-17T10:05:47.132+0800][27.925s][info][gc,phases      ] GC(1090) Marking Phase 1.556ms
[2026-06-17T10:05:47.133+0800][27.925s][info][gc,phases,start] GC(1090) Summary Phase
[2026-06-17T10:05:47.133+0800][27.926s][info][gc,phases      ] GC(1090) Summary Phase 0.356ms
[2026-06-17T10:05:47.133+0800][27.926s][info][gc,phases,start] GC(1090) Forward
[2026-06-17T10:05:47.134+0800][27.926s][info][gc,phases      ] GC(1090) Forward 0.322ms
[2026-06-17T10:05:47.134+0800][27.927s][info][gc,phases,start] GC(1090) Adjust Pointers
[2026-06-17T10:05:47.135+0800][27.928s][info][gc,phases      ] GC(1090) Adjust Pointers 1.600ms
[2026-06-17T10:05:47.136+0800][27.929s][info][gc,phases,start] GC(1090) Compaction Phase
[2026-06-17T10:05:47.138+0800][27.931s][info][gc,phases      ] GC(1090) Compaction Phase 2.131ms
[2026-06-17T10:05:47.139+0800][27.932s][info][gc,phases,start] GC(1090) Post Compact
[2026-06-17T10:05:47.140+0800][27.932s][info][gc,phases      ] GC(1090) Post Compact 0.623ms
[2026-06-17T10:05:47.140+0800][27.933s][info][gc,heap        ] GC(1090) PSYoungGen: 7554K(14336K)->0K(14336K) Eden: 7152K(7168K)->0K(7168K) From: 402K(7168K)->0K(7168K)
[2026-06-17T10:05:47.141+0800][27.933s][info][gc,heap        ] GC(1090) ParOldGen: 40664K(44032K)->30896K(44032K)
[2026-06-17T10:05:47.141+0800][27.934s][info][gc,metaspace   ] GC(1090) Metaspace: 116K(320K)->116K(320K) NonClass: 109K(192K)->109K(192K) Class: 7K(128K)->7K(128K)
[2026-06-17T10:05:47.142+0800][27.934s][info][gc             ] GC(1090) Pause Full (Allocation Failure) 47M->30M(57M) 11.929ms
[2026-06-17T10:05:47.142+0800][27.935s][info][gc,cpu         ] GC(1090) User=0.00s Sys=0.00s Real=0.01s
[2026-06-17T10:05:47.154+0800][27.946s][info][gc,start       ] GC(1091) Pause Young (Allocation Failure)
[2026-06-17T10:05:47.155+0800][27.948s][info][gc,heap        ] GC(1091) PSYoungGen: 6884K(14336K)->3430K(14336K) Eden: 6884K(7168K)->0K(7168K) From: 0K(7168K)->3430K(7168K)
[2026-06-17T10:05:47.157+0800][27.950s][info][gc,heap        ] GC(1091) ParOldGen: 30896K(44032K)->30896K(44032K)
[2026-06-17T10:05:47.159+0800][27.952s][info][gc,metaspace   ] GC(1091) Metaspace: 116K(320K)->116K(320K) NonClass: 109K(192K)->109K(192K) Class: 7K(128K)->7K(128K)
[2026-06-17T10:05:47.161+0800][27.954s][info][gc             ] GC(1091) Pause Young (Allocation Failure) 36M->33M(57M) 7.069ms
[2026-06-17T10:05:47.161+0800][27.954s][info][gc,cpu         ] GC(1091) User=0.00s Sys=0.00s Real=0.00s
[2026-06-17T10:05:47.185+0800][27.977s][info][gc,start       ] GC(1092) Pause Young (Allocation Failure)
[2026-06-17T10:05:47.187+0800][27.979s][info][gc,heap        ] GC(1092) PSYoungGen: 10573K(14336K)->3759K(14336K) Eden: 7142K(7168K)->0K(7168K) From: 3430K(7168K)->3759K(7168K)
[2026-06-17T10:05:47.187+0800][27.980s][info][gc,heap        ] GC(1092) ParOldGen: 30896K(44032K)->34302K(44032K)
[2026-06-17T10:05:47.188+0800][27.980s][info][gc,metaspace   ] GC(1092) Metaspace: 116K(320K)->116K(320K) NonClass: 109K(192K)->109K(192K) Class: 7K(128K)->7K(128K)
[2026-06-17T10:05:47.188+0800][27.981s][info][gc             ] GC(1092) Pause Young (Allocation Failure) 40M->37M(57M) 3.166ms
[2026-06-17T10:05:47.188+0800][27.981s][info][gc,cpu         ] GC(1092) User=0.00s Sys=0.00s Real=0.00s
[2026-06-17T10:05:47.210+0800][28.003s][info][gc,start       ] GC(1093) Pause Young (Allocation Failure)
[2026-06-17T10:05:47.211+0800][28.004s][info][gc,heap        ] GC(1093) PSYoungGen: 10903K(14336K)->3970K(14336K) Eden: 7143K(7168K)->0K(7168K) From: 3759K(7168K)->3970K(7168K)
[2026-06-17T10:05:47.212+0800][28.004s][info][gc,heap        ] GC(1093) ParOldGen: 34302K(44032K)->34302K(44032K)
[2026-06-17T10:05:47.212+0800][28.005s][info][gc,metaspace   ] GC(1093) Metaspace: 116K(320K)->116K(320K) NonClass: 109K(192K)->109K(192K) Class: 7K(128K)->7K(128K)
[2026-06-17T10:05:47.212+0800][28.005s][info][gc             ] GC(1093) Pause Young (Allocation Failure) 44M->37M(57M) 2.382ms
[2026-06-17T10:05:47.213+0800][28.005s][info][gc,cpu         ] GC(1093) User=0.00s Sys=0.00s Real=0.01s
[2026-06-17T10:05:47.234+0800][28.027s][info][gc,start       ] GC(1094) Pause Young (Allocation Failure)
[2026-06-17T10:05:47.236+0800][28.028s][info][gc,heap        ] GC(1094) PSYoungGen: 11138K(14336K)->4049K(14336K) Eden: 7168K(7168K)->0K(7168K) From: 3970K(7168K)->4049K(7168K)
[2026-06-17T10:05:47.236+0800][28.029s][info][gc,heap        ] GC(1094) ParOldGen: 34302K(44032K)->34302K(44032K)
[2026-06-17T10:05:47.236+0800][28.029s][info][gc,metaspace   ] GC(1094) Metaspace: 116K(320K)->116K(320K) NonClass: 109K(192K)->109K(192K) Class: 7K(128K)->7K(128K)
[2026-06-17T10:05:47.237+0800][28.029s][info][gc             ] GC(1094) Pause Young (Allocation Failure) 44M->37M(57M) 2.260ms
[2026-06-17T10:05:47.237+0800][28.030s][info][gc,cpu         ] GC(1094) User=0.00s Sys=0.00s Real=0.00s
[2026-06-17T10:05:47.248+0800][28.041s][info][gc,start       ] GC(1095) Pause Young (Allocation Failure)
[2026-06-17T10:05:47.250+0800][28.042s][info][gc,heap        ] GC(1095) PSYoungGen: 11212K(14336K)->7032K(14336K) Eden: 7163K(7168K)->0K(7168K) From: 4049K(7168K)->7032K(7168K)
[2026-06-17T10:05:47.250+0800][28.043s][info][gc,heap        ] GC(1095) ParOldGen: 34302K(44032K)->35024K(44032K)
[2026-06-17T10:05:47.250+0800][28.043s][info][gc,metaspace   ] GC(1095) Metaspace: 116K(320K)->116K(320K) NonClass: 109K(192K)->109K(192K) Class: 7K(128K)->7K(128K)
[2026-06-17T10:05:47.250+0800][28.043s][info][gc             ] GC(1095) Pause Young (Allocation Failure) 44M->41M(57M) 2.311ms
[2026-06-17T10:05:47.251+0800][28.043s][info][gc,cpu         ] GC(1095) User=0.01s Sys=0.00s Real=0.01s
[2026-06-17T10:05:47.272+0800][28.065s][info][gc,start       ] GC(1096) Pause Young (Allocation Failure)
[2026-06-17T10:05:47.274+0800][28.067s][info][gc,heap        ] GC(1096) PSYoungGen: 14172K(14336K)->3951K(14336K) Eden: 7139K(7168K)->0K(7168K) From: 7032K(7168K)->3951K(7168K)
[2026-06-17T10:05:47.275+0800][28.067s][info][gc,heap        ] GC(1096) ParOldGen: 35024K(44032K)->37861K(44032K)
[2026-06-17T10:05:47.275+0800][28.068s][info][gc,metaspace   ] GC(1096) Metaspace: 116K(320K)->116K(320K) NonClass: 109K(192K)->109K(192K) Class: 7K(128K)->7K(128K)
[2026-06-17T10:05:47.275+0800][28.068s][info][gc             ] GC(1096) Pause Young (Allocation Failure) 48M->40M(57M) 3.115ms
[2026-06-17T10:05:47.276+0800][28.068s][info][gc,cpu         ] GC(1096) User=0.00s Sys=0.00s Real=0.00s
[2026-06-17T10:05:47.297+0800][28.090s][info][gc,start       ] GC(1097) Pause Young (Allocation Failure)
[2026-06-17T10:05:47.298+0800][28.091s][info][gc,heap        ] GC(1097) PSYoungGen: 11119K(14336K)->2121K(14336K) Eden: 7168K(7168K)->0K(7168K) From: 3951K(7168K)->2121K(7168K)
[2026-06-17T10:05:47.299+0800][28.092s][info][gc,heap        ] GC(1097) ParOldGen: 37861K(44032K)->39961K(44032K)
[2026-06-17T10:05:47.300+0800][28.092s][info][gc,metaspace   ] GC(1097) Metaspace: 116K(320K)->116K(320K) NonClass: 109K(192K)->109K(192K) Class: 7K(128K)->7K(128K)
[2026-06-17T10:05:47.300+0800][28.093s][info][gc             ] GC(1097) Pause Young (Allocation Failure) 47M->41M(57M) 2.905ms
[2026-06-17T10:05:47.300+0800][28.093s][info][gc,cpu         ] GC(1097) User=0.00s Sys=0.00s Real=0.00s
[2026-06-17T10:05:47.311+0800][28.104s][info][gc,start       ] GC(1098) Pause Full (Allocation Failure)
[2026-06-17T10:05:47.312+0800][28.105s][info][gc,phases,start] GC(1098) Marking Phase
[2026-06-17T10:05:47.314+0800][28.106s][info][gc,phases      ] GC(1098) Marking Phase 1.434ms
[2026-06-17T10:05:47.314+0800][28.107s][info][gc,phases,start] GC(1098) Summary Phase
[2026-06-17T10:05:47.314+0800][28.107s][info][gc,phases      ] GC(1098) Summary Phase 0.221ms
[2026-06-17T10:05:47.314+0800][28.107s][info][gc,phases,start] GC(1098) Forward
[2026-06-17T10:05:47.315+0800][28.107s][info][gc,phases      ] GC(1098) Forward 0.315ms
[2026-06-17T10:05:47.315+0800][28.108s][info][gc,phases,start] GC(1098) Adjust Pointers
[2026-06-17T10:05:47.316+0800][28.109s][info][gc,phases      ] GC(1098) Adjust Pointers 0.830ms
[2026-06-17T10:05:47.316+0800][28.109s][info][gc,phases,start] GC(1098) Compaction Phase
[2026-06-17T10:05:47.318+0800][28.111s][info][gc,phases      ] GC(1098) Compaction Phase 1.768ms
[2026-06-17T10:05:47.319+0800][28.112s][info][gc,phases,start] GC(1098) Post Compact
[2026-06-17T10:05:47.320+0800][28.112s][info][gc,phases      ] GC(1098) Post Compact 0.318ms
[2026-06-17T10:05:47.320+0800][28.113s][info][gc,heap        ] GC(1098) PSYoungGen: 9119K(14336K)->0K(14336K) Eden: 6997K(7168K)->0K(7168K) From: 2121K(7168K)->0K(7168K)
[2026-06-17T10:05:47.320+0800][28.113s][info][gc,heap        ] GC(1098) ParOldGen: 39961K(44032K)->28816K(44032K)
[2026-06-17T10:05:47.320+0800][28.113s][info][gc,metaspace   ] GC(1098) Metaspace: 116K(320K)->116K(320K) NonClass: 109K(192K)->109K(192K) Class: 7K(128K)->7K(128K)
[2026-06-17T10:05:47.320+0800][28.113s][info][gc             ] GC(1098) Pause Full (Allocation Failure) 47M->28M(57M) 8.970ms
[2026-06-17T10:05:47.321+0800][28.113s][info][gc,cpu         ] GC(1098) User=0.01s Sys=0.00s Real=0.00s
[2026-06-17T10:05:47.342+0800][28.134s][info][gc,start       ] GC(1099) Pause Young (Allocation Failure)
[2026-06-17T10:05:47.342+0800][28.135s][info][gc,heap        ] GC(1099) PSYoungGen: 7148K(14336K)->3313K(14336K) Eden: 7148K(7168K)->0K(7168K) From: 0K(7168K)->3313K(7168K)
[2026-06-17T10:05:47.343+0800][28.135s][info][gc,heap        ] GC(1099) ParOldGen: 28816K(44032K)->28816K(44032K)
[2026-06-17T10:05:47.343+0800][28.136s][info][gc,metaspace   ] GC(1099) Metaspace: 116K(320K)->116K(320K) NonClass: 109K(192K)->109K(192K) Class: 7K(128K)->7K(128K)
[2026-06-17T10:05:47.343+0800][28.136s][info][gc             ] GC(1099) Pause Young (Allocation Failure) 35M->31M(57M) 1.345ms
[2026-06-17T10:05:47.343+0800][28.136s][info][gc,cpu         ] GC(1099) User=0.00s Sys=0.00s Real=0.01s
[2026-06-17T10:05:47.364+0800][28.157s][info][gc,start       ] GC(1100) Pause Young (Allocation Failure)
[2026-06-17T10:05:47.365+0800][28.158s][info][gc,heap        ] GC(1100) PSYoungGen: 10465K(14336K)->3528K(14336K) Eden: 7151K(7168K)->0K(7168K) From: 3313K(7168K)->3528K(7168K)
[2026-06-17T10:05:47.365+0800][28.158s][info][gc,heap        ] GC(1100) ParOldGen: 28816K(44032K)->28816K(44032K)
[2026-06-17T10:05:47.366+0800][28.159s][info][gc,metaspace   ] GC(1100) Metaspace: 116K(320K)->116K(320K) NonClass: 109K(192K)->109K(192K) Class: 7K(128K)->7K(128K)
[2026-06-17T10:05:47.366+0800][28.159s][info][gc             ] GC(1100) Pause Young (Allocation Failure) 38M->31M(57M) 1.883ms
[2026-06-17T10:05:47.366+0800][28.159s][info][gc,cpu         ] GC(1100) User=0.00s Sys=0.00s Real=0.00s
[2026-06-17T10:05:47.387+0800][28.180s][info][gc,start       ] GC(1101) Pause Young (Allocation Failure)
[2026-06-17T10:05:47.388+0800][28.181s][info][gc,heap        ] GC(1101) PSYoungGen: 10656K(14336K)->3938K(14848K) Eden: 7128K(7168K)->0K(7680K) From: 3528K(7168K)->3938K(7168K)
[2026-06-17T10:05:47.388+0800][28.181s][info][gc,heap        ] GC(1101) ParOldGen: 28816K(44032K)->28816K(44032K)
[2026-06-17T10:05:47.389+0800][28.181s][info][gc,metaspace   ] GC(1101) Metaspace: 116K(320K)->116K(320K) NonClass: 109K(192K)->109K(192K) Class: 7K(128K)->7K(128K)
[2026-06-17T10:05:47.389+0800][28.182s][info][gc             ] GC(1101) Pause Young (Allocation Failure) 38M->31M(57M) 1.510ms
[2026-06-17T10:05:47.389+0800][28.182s][info][gc,cpu         ] GC(1101) User=0.00s Sys=0.00s Real=0.00s
[2026-06-17T10:05:47.400+0800][28.193s][info][gc,start       ] GC(1102) Pause Young (Allocation Failure)
[2026-06-17T10:05:47.401+0800][28.194s][info][gc,heap        ] GC(1102) PSYoungGen: 11364K(14848K)->4615K(14336K) Eden: 7426K(7680K)->0K(7680K) From: 3938K(7168K)->4615K(6656K)
[2026-06-17T10:05:47.402+0800][28.194s][info][gc,heap        ] GC(1102) ParOldGen: 28816K(44032K)->28816K(44032K)
[2026-06-17T10:05:47.402+0800][28.195s][info][gc,metaspace   ] GC(1102) Metaspace: 116K(320K)->116K(320K) NonClass: 109K(192K)->109K(192K) Class: 7K(128K)->7K(128K)
[2026-06-17T10:05:47.402+0800][28.195s][info][gc             ] GC(1102) Pause Young (Allocation Failure) 39M->32M(57M) 2.083ms
[2026-06-17T10:05:47.402+0800][28.195s][info][gc,cpu         ] GC(1102) User=0.00s Sys=0.00s Real=0.00s
[2026-06-17T10:05:47.423+0800][28.216s][info][gc,start       ] GC(1103) Pause Young (Allocation Failure)
[2026-06-17T10:05:47.425+0800][28.217s][info][gc,heap        ] GC(1103) PSYoungGen: 12231K(14336K)->5529K(13824K) Eden: 7616K(7680K)->0K(7168K) From: 4615K(6656K)->5529K(6656K)
[2026-06-17T10:05:47.425+0800][28.218s][info][gc,heap        ] GC(1103) ParOldGen: 28816K(44032K)->28816K(44032K)
[2026-06-17T10:05:47.425+0800][28.218s][info][gc,metaspace   ] GC(1103) Metaspace: 116K(320K)->116K(320K) NonClass: 109K(192K)->109K(192K) Class: 7K(128K)->7K(128K)
[2026-06-17T10:05:47.426+0800][28.218s][info][gc             ] GC(1103) Pause Young (Allocation Failure) 40M->33M(56M) 2.185ms
[2026-06-17T10:05:47.427+0800][28.220s][info][gc,cpu         ] GC(1103) User=0.00s Sys=0.00s Real=0.00s
[2026-06-17T10:05:47.448+0800][28.241s][info][gc,start       ] GC(1104) Pause Young (Allocation Failure)
[2026-06-17T10:05:47.449+0800][28.242s][info][gc,heap        ] GC(1104) PSYoungGen: 12688K(13824K)->7147K(14336K) Eden: 7159K(7168K)->0K(7168K) From: 5529K(6656K)->7147K(7168K)
[2026-06-17T10:05:47.449+0800][28.242s][info][gc,heap        ] GC(1104) ParOldGen: 28816K(44032K)->30934K(44032K)
[2026-06-17T10:05:47.450+0800][28.242s][info][gc,metaspace   ] GC(1104) Metaspace: 116K(320K)->116K(320K) NonClass: 109K(192K)->109K(192K) Class: 7K(128K)->7K(128K)
[2026-06-17T10:05:47.450+0800][28.243s][info][gc             ] GC(1104) Pause Young (Allocation Failure) 40M->37M(57M) 1.760ms
[2026-06-17T10:05:47.450+0800][28.243s][info][gc,cpu         ] GC(1104) User=0.00s Sys=0.00s Real=0.00s
[2026-06-17T10:05:47.461+0800][28.254s][info][gc,start       ] GC(1105) Pause Young (Allocation Failure)
[2026-06-17T10:05:47.463+0800][28.255s][info][gc,heap        ] GC(1105) PSYoungGen: 14293K(14336K)->4175K(14336K) Eden: 7145K(7168K)->0K(7168K) From: 7147K(7168K)->4175K(7168K)
[2026-06-17T10:05:47.463+0800][28.256s][info][gc,heap        ] GC(1105) ParOldGen: 30934K(44032K)->33777K(44032K)
[2026-06-17T10:05:47.463+0800][28.256s][info][gc,metaspace   ] GC(1105) Metaspace: 116K(320K)->116K(320K) NonClass: 109K(192K)->109K(192K) Class: 7K(128K)->7K(128K)
[2026-06-17T10:05:47.464+0800][28.256s][info][gc             ] GC(1105) Pause Young (Allocation Failure) 44M->37M(57M) 2.228ms
[2026-06-17T10:05:47.464+0800][28.257s][info][gc,cpu         ] GC(1105) User=0.00s Sys=0.00s Real=0.01s
[2026-06-17T10:05:47.485+0800][28.278s][info][gc,start       ] GC(1106) Pause Young (Allocation Failure)
[2026-06-17T10:05:47.486+0800][28.278s][info][gc,heap        ] GC(1106) PSYoungGen: 11323K(14336K)->7027K(14336K) Eden: 7148K(7168K)->0K(7168K) From: 4175K(7168K)->7027K(7168K)
[2026-06-17T10:05:47.486+0800][28.279s][info][gc,heap        ] GC(1106) ParOldGen: 33777K(44032K)->34481K(44032K)
[2026-06-17T10:05:47.487+0800][28.279s][info][gc,metaspace   ] GC(1106) Metaspace: 116K(320K)->116K(320K) NonClass: 109K(192K)->109K(192K) Class: 7K(128K)->7K(128K)
[2026-06-17T10:05:47.487+0800][28.280s][info][gc             ] GC(1106) Pause Young (Allocation Failure) 44M->40M(57M) 2.221ms
[2026-06-17T10:05:47.487+0800][28.280s][info][gc,cpu         ] GC(1106) User=0.00s Sys=0.00s Real=0.00s
[2026-06-17T10:05:47.508+0800][28.301s][info][gc,start       ] GC(1107) Pause Young (Allocation Failure)
[2026-06-17T10:05:47.509+0800][28.302s][info][gc,heap        ] GC(1107) PSYoungGen: 14172K(14336K)->5815K(14336K) Eden: 7145K(7168K)->0K(7168K) From: 7027K(7168K)->5815K(7168K)
[2026-06-17T10:05:47.510+0800][28.302s][info][gc,heap        ] GC(1107) ParOldGen: 34481K(44032K)->36022K(44032K)
[2026-06-17T10:05:47.510+0800][28.303s][info][gc,metaspace   ] GC(1107) Metaspace: 116K(320K)->116K(320K) NonClass: 109K(192K)->109K(192K) Class: 7K(128K)->7K(128K)
[2026-06-17T10:05:47.510+0800][28.303s][info][gc             ] GC(1107) Pause Young (Allocation Failure) 47M->40M(57M) 1.568ms
[2026-06-17T10:05:47.510+0800][28.303s][info][gc,cpu         ] GC(1107) User=0.01s Sys=0.00s Real=0.00s
[2026-06-17T10:05:47.532+0800][28.325s][info][gc,start       ] GC(1108) Pause Young (Allocation Failure)
[2026-06-17T10:05:47.533+0800][28.326s][info][gc,heap        ] GC(1108) PSYoungGen: 12968K(14336K)->3928K(14336K) Eden: 7153K(7168K)->0K(7168K) From: 5815K(7168K)->3928K(7168K)
[2026-06-17T10:05:47.533+0800][28.326s][info][gc,heap        ] GC(1108) ParOldGen: 36022K(44032K)->38127K(44032K)
[2026-06-17T10:05:47.534+0800][28.326s][info][gc,metaspace   ] GC(1108) Metaspace: 116K(320K)->116K(320K) NonClass: 109K(192K)->109K(192K) Class: 7K(128K)->7K(128K)
[2026-06-17T10:05:47.534+0800][28.327s][info][gc             ] GC(1108) Pause Young (Allocation Failure) 47M->41M(57M) 1.586ms
[2026-06-17T10:05:47.534+0800][28.327s][info][gc,cpu         ] GC(1108) User=0.00s Sys=0.00s Real=0.00s
[2026-06-17T10:05:47.555+0800][28.348s][info][gc,start       ] GC(1109) Pause Young (Allocation Failure)
[2026-06-17T10:05:47.556+0800][28.349s][info][gc,heap        ] GC(1109) PSYoungGen: 11078K(14336K)->1893K(14336K) Eden: 7150K(7168K)->0K(7168K) From: 3928K(7168K)->1893K(7168K)
[2026-06-17T10:05:47.556+0800][28.349s][info][gc,heap        ] GC(1109) ParOldGen: 38127K(44032K)->40088K(44032K)
[2026-06-17T10:05:47.557+0800][28.350s][info][gc,metaspace   ] GC(1109) Metaspace: 116K(320K)->116K(320K) NonClass: 109K(192K)->109K(192K) Class: 7K(128K)->7K(128K)
[2026-06-17T10:05:47.558+0800][28.350s][info][gc             ] GC(1109) Pause Young (Allocation Failure) 48M->40M(57M) 2.427ms
[2026-06-17T10:05:47.559+0800][28.352s][info][gc,cpu         ] GC(1109) User=0.00s Sys=0.00s Real=0.00s
[2026-06-17T10:05:47.571+0800][28.364s][info][gc,start       ] GC(1110) Pause Full (Allocation Failure)
[2026-06-17T10:05:47.572+0800][28.364s][info][gc,phases,start] GC(1110) Marking Phase
[2026-06-17T10:05:47.573+0800][28.366s][info][gc,phases      ] GC(1110) Marking Phase 1.439ms
[2026-06-17T10:05:47.573+0800][28.366s][info][gc,phases,start] GC(1110) Summary Phase
[2026-06-17T10:05:47.574+0800][28.366s][info][gc,phases      ] GC(1110) Summary Phase 0.232ms
[2026-06-17T10:05:47.574+0800][28.367s][info][gc,phases,start] GC(1110) Forward
[2026-06-17T10:05:47.574+0800][28.367s][info][gc,phases      ] GC(1110) Forward 0.230ms
[2026-06-17T10:05:47.574+0800][28.367s][info][gc,phases,start] GC(1110) Adjust Pointers
[2026-06-17T10:05:47.575+0800][28.367s][info][gc,phases      ] GC(1110) Adjust Pointers 0.570ms
[2026-06-17T10:05:47.575+0800][28.368s][info][gc,phases,start] GC(1110) Compaction Phase
[2026-06-17T10:05:47.576+0800][28.369s][info][gc,phases      ] GC(1110) Compaction Phase 1.520ms
[2026-06-17T10:05:47.577+0800][28.370s][info][gc,phases,start] GC(1110) Post Compact
[2026-06-17T10:05:47.577+0800][28.370s][info][gc,phases      ] GC(1110) Post Compact 0.327ms
[2026-06-17T10:05:47.578+0800][28.370s][info][gc,heap        ] GC(1110) PSYoungGen: 9055K(14336K)->0K(14336K) Eden: 7162K(7168K)->0K(7168K) From: 1893K(7168K)->0K(7168K)
[2026-06-17T10:05:47.578+0800][28.371s][info][gc,heap        ] GC(1110) ParOldGen: 40088K(44032K)->35243K(44032K)
[2026-06-17T10:05:47.578+0800][28.371s][info][gc,metaspace   ] GC(1110) Metaspace: 116K(320K)->116K(320K) NonClass: 109K(192K)->109K(192K) Class: 7K(128K)->7K(128K)
[2026-06-17T10:05:47.578+0800][28.371s][info][gc             ] GC(1110) Pause Full (Allocation Failure) 47M->34M(57M) 6.984ms
[2026-06-17T10:05:47.578+0800][28.371s][info][gc,cpu         ] GC(1110) User=0.00s Sys=0.00s Real=0.00s
[2026-06-17T10:05:47.600+0800][28.392s][info][gc,start       ] GC(1111) Pause Young (Allocation Failure)
[2026-06-17T10:05:47.601+0800][28.393s][info][gc,heap        ] GC(1111) PSYoungGen: 7145K(14336K)->3781K(14336K) Eden: 7145K(7168K)->0K(7168K) From: 0K(7168K)->3781K(7168K)
[2026-06-17T10:05:47.601+0800][28.394s][info][gc,heap        ] GC(1111) ParOldGen: 35243K(44032K)->35243K(44032K)
[2026-06-17T10:05:47.601+0800][28.394s][info][gc,metaspace   ] GC(1111) Metaspace: 116K(320K)->116K(320K) NonClass: 109K(192K)->109K(192K) Class: 7K(128K)->7K(128K)
[2026-06-17T10:05:47.602+0800][28.395s][info][gc             ] GC(1111) Pause Young (Allocation Failure) 41M->38M(57M) 2.242ms
[2026-06-17T10:05:47.602+0800][28.395s][info][gc,cpu         ] GC(1111) User=0.00s Sys=0.00s Real=0.00s
[2026-06-17T10:05:47.613+0800][28.406s][info][gc,start       ] GC(1112) Pause Young (Allocation Failure)
[2026-06-17T10:05:47.614+0800][28.407s][info][gc,heap        ] GC(1112) PSYoungGen: 10536K(14336K)->1872K(14336K) Eden: 6754K(7168K)->0K(7168K) From: 3781K(7168K)->1872K(7168K)
[2026-06-17T10:05:47.614+0800][28.407s][info][gc,heap        ] GC(1112) ParOldGen: 35243K(44032K)->36899K(44032K)
[2026-06-17T10:05:47.615+0800][28.408s][info][gc,metaspace   ] GC(1112) Metaspace: 116K(320K)->116K(320K) NonClass: 109K(192K)->109K(192K) Class: 7K(128K)->7K(128K)
[2026-06-17T10:05:47.615+0800][28.408s][info][gc             ] GC(1112) Pause Young (Allocation Failure) 44M->37M(57M) 2.032ms
[2026-06-17T10:05:47.615+0800][28.408s][info][gc,cpu         ] GC(1112) User=0.00s Sys=0.00s Real=0.00s
[2026-06-17T10:05:47.637+0800][28.429s][info][gc,start       ] GC(1113) Pause Young (Allocation Failure)
[2026-06-17T10:05:47.638+0800][28.431s][info][gc,heap        ] GC(1113) PSYoungGen: 9021K(14336K)->5579K(14336K) Eden: 7149K(7168K)->0K(7168K) From: 1872K(7168K)->5579K(7168K)
[2026-06-17T10:05:47.639+0800][28.431s][info][gc,heap        ] GC(1113) ParOldGen: 36899K(44032K)->36899K(44032K)
[2026-06-17T10:05:47.642+0800][28.434s][info][gc,metaspace   ] GC(1113) Metaspace: 116K(320K)->116K(320K) NonClass: 109K(192K)->109K(192K) Class: 7K(128K)->7K(128K)
[2026-06-17T10:05:47.651+0800][28.443s][info][gc             ] GC(1113) Pause Young (Allocation Failure) 44M->41M(57M) 13.922ms
[2026-06-17T10:05:47.653+0800][28.446s][info][gc,cpu         ] GC(1113) User=0.00s Sys=0.01s Real=0.02s
[2026-06-17T10:05:47.676+0800][28.469s][info][gc,start       ] GC(1114) Pause Young (Allocation Failure)
[2026-06-17T10:05:47.679+0800][28.472s][info][gc,heap        ] GC(1114) PSYoungGen: 12728K(14336K)->3089K(14336K) Eden: 7149K(7168K)->0K(7168K) From: 5579K(7168K)->3089K(7168K)
[2026-06-17T10:05:47.681+0800][28.473s][info][gc,heap        ] GC(1114) ParOldGen: 36899K(44032K)->39573K(44032K)
[2026-06-17T10:05:47.681+0800][28.474s][info][gc,metaspace   ] GC(1114) Metaspace: 116K(320K)->116K(320K) NonClass: 109K(192K)->109K(192K) Class: 7K(128K)->7K(128K)
[2026-06-17T10:05:47.682+0800][28.475s][info][gc             ] GC(1114) Pause Young (Allocation Failure) 48M->41M(57M) 5.503ms
[2026-06-17T10:05:47.683+0800][28.476s][info][gc,cpu         ] GC(1114) User=0.00s Sys=0.00s Real=0.01s
[2026-06-17T10:05:47.712+0800][28.505s][info][gc,start       ] GC(1115) Pause Young (Allocation Failure)
[2026-06-17T10:05:47.715+0800][28.508s][info][gc,heap        ] GC(1115) PSYoungGen: 10257K(14336K)->3118K(14336K) Eden: 7168K(7168K)->0K(7168K) From: 3089K(7168K)->3118K(7168K)
[2026-06-17T10:05:47.716+0800][28.508s][info][gc,heap        ] GC(1115) ParOldGen: 39573K(44032K)->39573K(44032K)
[2026-06-17T10:05:47.720+0800][28.513s][info][gc,metaspace   ] GC(1115) Metaspace: 116K(320K)->116K(320K) NonClass: 109K(192K)->109K(192K) Class: 7K(128K)->7K(128K)
[2026-06-17T10:05:47.726+0800][28.519s][info][gc             ] GC(1115) Pause Young (Allocation Failure) 48M->41M(57M) 13.776ms
[2026-06-17T10:05:47.727+0800][28.520s][info][gc,cpu         ] GC(1115) User=0.00s Sys=0.00s Real=0.01s
[2026-06-17T10:05:47.739+0800][28.531s][info][gc,start       ] GC(1116) Pause Young (Allocation Failure)
[2026-06-17T10:05:47.745+0800][28.537s][info][gc,heap        ] GC(1116) PSYoungGen: 10258K(14336K)->4853K(14336K) Eden: 7139K(7168K)->0K(7168K) From: 3118K(7168K)->4853K(7168K)
[2026-06-17T10:05:47.748+0800][28.541s][info][gc,heap        ] GC(1116) ParOldGen: 39573K(44032K)->41610K(44032K)
[2026-06-17T10:05:47.750+0800][28.543s][info][gc,metaspace   ] GC(1116) Metaspace: 116K(320K)->116K(320K) NonClass: 109K(192K)->109K(192K) Class: 7K(128K)->7K(128K)
[2026-06-17T10:05:47.751+0800][28.544s][info][gc             ] GC(1116) Pause Young (Allocation Failure) 48M->45M(57M) 12.561ms
[2026-06-17T10:05:47.752+0800][28.545s][info][gc,cpu         ] GC(1116) User=0.00s Sys=0.00s Real=0.02s
[2026-06-17T10:05:47.773+0800][28.566s][info][gc,start       ] GC(1117) Pause Full (Allocation Failure)
[2026-06-17T10:05:47.774+0800][28.566s][info][gc,phases,start] GC(1117) Marking Phase
[2026-06-17T10:05:47.775+0800][28.567s][info][gc,phases      ] GC(1117) Marking Phase 1.123ms
[2026-06-17T10:05:47.775+0800][28.568s][info][gc,phases,start] GC(1117) Summary Phase
[2026-06-17T10:05:47.776+0800][28.568s][info][gc,phases      ] GC(1117) Summary Phase 0.240ms
[2026-06-17T10:05:47.776+0800][28.569s][info][gc,phases,start] GC(1117) Forward
[2026-06-17T10:05:47.776+0800][28.569s][info][gc,phases      ] GC(1117) Forward 0.313ms
[2026-06-17T10:05:47.777+0800][28.569s][info][gc,phases,start] GC(1117) Adjust Pointers
[2026-06-17T10:05:47.777+0800][28.570s][info][gc,phases      ] GC(1117) Adjust Pointers 0.829ms
[2026-06-17T10:05:47.778+0800][28.571s][info][gc,phases,start] GC(1117) Compaction Phase
[2026-06-17T10:05:47.780+0800][28.573s][info][gc,phases      ] GC(1117) Compaction Phase 2.206ms
[2026-06-17T10:05:47.781+0800][28.573s][info][gc,phases,start] GC(1117) Post Compact
[2026-06-17T10:05:47.781+0800][28.574s][info][gc,phases      ] GC(1117) Post Compact 0.678ms
[2026-06-17T10:05:47.782+0800][28.575s][info][gc,heap        ] GC(1117) PSYoungGen: 12010K(14336K)->0K(14336K) Eden: 7157K(7168K)->0K(7168K) From: 4853K(7168K)->0K(7168K)
[2026-06-17T10:05:47.782+0800][28.575s][info][gc,heap        ] GC(1117) ParOldGen: 41610K(44032K)->33877K(44032K)
[2026-06-17T10:05:47.783+0800][28.575s][info][gc,metaspace   ] GC(1117) Metaspace: 116K(320K)->116K(320K) NonClass: 109K(192K)->109K(192K) Class: 7K(128K)->7K(128K)
[2026-06-17T10:05:47.783+0800][28.576s][info][gc             ] GC(1117) Pause Full (Allocation Failure) 52M->33M(57M) 10.019ms
[2026-06-17T10:05:47.783+0800][28.576s][info][gc,cpu         ] GC(1117) User=0.00s Sys=0.00s Real=0.01s
[2026-06-17T10:05:47.805+0800][28.598s][info][gc,start       ] GC(1118) Pause Young (Allocation Failure)
[2026-06-17T10:05:47.806+0800][28.599s][info][gc,heap        ] GC(1118) PSYoungGen: 7146K(14336K)->3579K(14336K) Eden: 7146K(7168K)->0K(7168K) From: 0K(7168K)->3579K(7168K)
[2026-06-17T10:05:47.806+0800][28.599s][info][gc,heap        ] GC(1118) ParOldGen: 33877K(44032K)->33877K(44032K)
[2026-06-17T10:05:47.807+0800][28.600s][info][gc,metaspace   ] GC(1118) Metaspace: 116K(320K)->116K(320K) NonClass: 109K(192K)->109K(192K) Class: 7K(128K)->7K(128K)
[2026-06-17T10:05:47.807+0800][28.600s][info][gc             ] GC(1118) Pause Young (Allocation Failure) 40M->36M(57M) 2.513ms
[2026-06-17T10:05:47.808+0800][28.600s][info][gc,cpu         ] GC(1118) User=0.01s Sys=0.00s Real=0.00s
[2026-06-17T10:05:47.819+0800][28.612s][info][gc,start       ] GC(1119) Pause Young (Allocation Failure)
[2026-06-17T10:05:47.820+0800][28.613s][info][gc,heap        ] GC(1119) PSYoungGen: 10599K(14336K)->1322K(14336K) Eden: 7019K(7168K)->0K(7168K) From: 3579K(7168K)->1322K(7168K)
[2026-06-17T10:05:47.820+0800][28.613s][info][gc,heap        ] GC(1119) ParOldGen: 33877K(44032K)->36302K(44032K)
[2026-06-17T10:05:47.821+0800][28.614s][info][gc,metaspace   ] GC(1119) Metaspace: 116K(320K)->116K(320K) NonClass: 109K(192K)->109K(192K) Class: 7K(128K)->7K(128K)
[2026-06-17T10:05:47.822+0800][28.614s][info][gc             ] GC(1119) Pause Young (Allocation Failure) 43M->36M(57M) 2.801ms
[2026-06-17T10:05:47.822+0800][28.615s][info][gc,cpu         ] GC(1119) User=0.00s Sys=0.00s Real=0.00s
[2026-06-17T10:05:47.843+0800][28.636s][info][gc,start       ] GC(1120) Pause Young (Allocation Failure)
[2026-06-17T10:05:47.844+0800][28.637s][info][gc,heap        ] GC(1120) PSYoungGen: 8468K(14336K)->5019K(14336K) Eden: 7145K(7168K)->0K(7168K) From: 1322K(7168K)->5019K(7168K)
[2026-06-17T10:05:47.844+0800][28.637s][info][gc,heap        ] GC(1120) ParOldGen: 36302K(44032K)->36302K(44032K)
[2026-06-17T10:05:47.845+0800][28.637s][info][gc,metaspace   ] GC(1120) Metaspace: 116K(320K)->116K(320K) NonClass: 109K(192K)->109K(192K) Class: 7K(128K)->7K(128K)
[2026-06-17T10:05:47.845+0800][28.638s][info][gc             ] GC(1120) Pause Young (Allocation Failure) 43M->40M(57M) 1.825ms
[2026-06-17T10:05:47.845+0800][28.638s][info][gc,cpu         ] GC(1120) User=0.00s Sys=0.00s Real=0.00s
[2026-06-17T10:05:47.867+0800][28.659s][info][gc,start       ] GC(1121) Pause Young (Allocation Failure)
[2026-06-17T10:05:47.868+0800][28.661s][info][gc,heap        ] GC(1121) PSYoungGen: 12150K(14336K)->3810K(14336K) Eden: 7131K(7168K)->0K(7168K) From: 5019K(7168K)->3810K(7168K)
[2026-06-17T10:05:47.871+0800][28.663s][info][gc,heap        ] GC(1121) ParOldGen: 36302K(44032K)->38130K(44032K)
[2026-06-17T10:05:47.872+0800][28.665s][info][gc,metaspace   ] GC(1121) Metaspace: 116K(320K)->116K(320K) NonClass: 109K(192K)->109K(192K) Class: 7K(128K)->7K(128K)
[2026-06-17T10:05:47.873+0800][28.666s][info][gc             ] GC(1121) Pause Young (Allocation Failure) 47M->40M(57M) 6.111ms
[2026-06-17T10:05:47.873+0800][28.666s][info][gc,cpu         ] GC(1121) User=0.00s Sys=0.00s Real=0.01s
[2026-06-17T10:05:47.895+0800][28.687s][info][gc,start       ] GC(1122) Pause Young (Allocation Failure)
[2026-06-17T10:05:47.902+0800][28.695s][info][gc,heap        ] GC(1122) PSYoungGen: 10970K(14336K)->4046K(14336K) Eden: 7159K(7168K)->0K(7168K) From: 3810K(7168K)->4046K(7168K)
[2026-06-17T10:05:47.903+0800][28.695s][info][gc,heap        ] GC(1122) ParOldGen: 38130K(44032K)->38130K(44032K)
[2026-06-17T10:05:47.907+0800][28.700s][info][gc,metaspace   ] GC(1122) Metaspace: 116K(320K)->116K(320K) NonClass: 109K(192K)->109K(192K) Class: 7K(128K)->7K(128K)
[2026-06-17T10:05:47.907+0800][28.700s][info][gc             ] GC(1122) Pause Young (Allocation Failure) 47M->41M(57M) 12.548ms
[2026-06-17T10:05:47.908+0800][28.700s][info][gc,cpu         ] GC(1122) User=0.00s Sys=0.00s Real=0.01s
[2026-06-17T10:05:47.920+0800][28.713s][info][gc,start       ] GC(1123) Pause Young (Allocation Failure)
[2026-06-17T10:05:47.921+0800][28.714s][info][gc,heap        ] GC(1123) PSYoungGen: 11183K(14336K)->7068K(14336K) Eden: 7137K(7168K)->0K(7168K) From: 4046K(7168K)->7068K(7168K)
[2026-06-17T10:05:47.922+0800][28.714s][info][gc,heap        ] GC(1123) ParOldGen: 38130K(44032K)->38767K(44032K)
[2026-06-17T10:05:47.922+0800][28.715s][info][gc,metaspace   ] GC(1123) Metaspace: 116K(320K)->116K(320K) NonClass: 109K(192K)->109K(192K) Class: 7K(128K)->7K(128K)
[2026-06-17T10:05:47.923+0800][28.715s][info][gc             ] GC(1123) Pause Young (Allocation Failure) 48M->44M(57M) 2.742ms
[2026-06-17T10:05:47.923+0800][28.716s][info][gc,cpu         ] GC(1123) User=0.00s Sys=0.00s Real=0.01s
[2026-06-17T10:05:47.945+0800][28.738s][info][gc,start       ] GC(1124) Pause Young (Allocation Failure)
[2026-06-17T10:05:47.946+0800][28.739s][info][gc,heap        ] GC(1124) PSYoungGen: 14200K(14336K)->4253K(14336K) Eden: 7132K(7168K)->0K(7168K) From: 7068K(7168K)->4253K(7168K)
[2026-06-17T10:05:47.946+0800][28.739s][info][gc,heap        ] GC(1124) ParOldGen: 38767K(44032K)->41369K(44032K)
[2026-06-17T10:05:47.946+0800][28.739s][info][gc,metaspace   ] GC(1124) Metaspace: 116K(320K)->116K(320K) NonClass: 109K(192K)->109K(192K) Class: 7K(128K)->7K(128K)
[2026-06-17T10:05:47.947+0800][28.739s][info][gc             ] GC(1124) Pause Young (Allocation Failure) 51M->44M(57M) 1.896ms
[2026-06-17T10:05:47.947+0800][28.740s][info][gc,cpu         ] GC(1124) User=0.00s Sys=0.00s Real=0.00s
[2026-06-17T10:05:47.968+0800][28.761s][info][gc,start       ] GC(1125) Pause Full (Allocation Failure)
[2026-06-17T10:05:47.969+0800][28.761s][info][gc,phases,start] GC(1125) Marking Phase
[2026-06-17T10:05:47.970+0800][28.762s][info][gc,phases      ] GC(1125) Marking Phase 1.053ms
[2026-06-17T10:05:47.970+0800][28.763s][info][gc,phases,start] GC(1125) Summary Phase
[2026-06-17T10:05:47.970+0800][28.763s][info][gc,phases      ] GC(1125) Summary Phase 0.399ms
[2026-06-17T10:05:47.971+0800][28.763s][info][gc,phases,start] GC(1125) Forward
[2026-06-17T10:05:47.971+0800][28.764s][info][gc,phases      ] GC(1125) Forward 0.330ms
[2026-06-17T10:05:47.971+0800][28.764s][info][gc,phases,start] GC(1125) Adjust Pointers
[2026-06-17T10:05:47.972+0800][28.765s][info][gc,phases      ] GC(1125) Adjust Pointers 0.709ms
[2026-06-17T10:05:47.972+0800][28.765s][info][gc,phases,start] GC(1125) Compaction Phase
[2026-06-17T10:05:47.974+0800][28.767s][info][gc,phases      ] GC(1125) Compaction Phase 1.831ms
[2026-06-17T10:05:47.974+0800][28.767s][info][gc,phases,start] GC(1125) Post Compact
[2026-06-17T10:05:47.975+0800][28.767s][info][gc,phases      ] GC(1125) Post Compact 0.286ms
[2026-06-17T10:05:47.975+0800][28.768s][info][gc,heap        ] GC(1125) PSYoungGen: 11419K(14336K)->0K(14336K) Eden: 7165K(7168K)->0K(7168K) From: 4253K(7168K)->0K(7168K)
[2026-06-17T10:05:47.975+0800][28.768s][info][gc,heap        ] GC(1125) ParOldGen: 41369K(44032K)->27751K(44032K)
[2026-06-17T10:05:47.976+0800][28.769s][info][gc,metaspace   ] GC(1125) Metaspace: 116K(320K)->116K(320K) NonClass: 109K(192K)->109K(192K) Class: 7K(128K)->7K(128K)
[2026-06-17T10:05:47.976+0800][28.769s][info][gc             ] GC(1125) Pause Full (Allocation Failure) 51M->27M(57M) 7.989ms
[2026-06-17T10:05:47.976+0800][28.769s][info][gc,cpu         ] GC(1125) User=0.00s Sys=0.00s Real=0.01s
[2026-06-17T10:05:47.988+0800][28.780s][info][gc,start       ] GC(1126) Pause Young (Allocation Failure)
[2026-06-17T10:05:47.988+0800][28.781s][info][gc,heap        ] GC(1126) PSYoungGen: 7091K(14336K)->3621K(14336K) Eden: 7091K(7168K)->0K(7168K) From: 0K(7168K)->3621K(7168K)
[2026-06-17T10:05:47.989+0800][28.782s][info][gc,heap        ] GC(1126) ParOldGen: 27751K(44032K)->27751K(44032K)
[2026-06-17T10:05:47.989+0800][28.782s][info][gc,metaspace   ] GC(1126) Metaspace: 116K(320K)->116K(320K) NonClass: 109K(192K)->109K(192K) Class: 7K(128K)->7K(128K)
[2026-06-17T10:05:47.989+0800][28.782s][info][gc             ] GC(1126) Pause Young (Allocation Failure) 34M->30M(57M) 1.941ms
[2026-06-17T10:05:47.990+0800][28.782s][info][gc,cpu         ] GC(1126) User=0.00s Sys=0.00s Real=0.00s
[2026-06-17T10:05:48.011+0800][28.804s][info][gc,start       ] GC(1127) Pause Young (Allocation Failure)
[2026-06-17T10:05:48.012+0800][28.805s][info][gc,heap        ] GC(1127) PSYoungGen: 10740K(14336K)->7077K(14336K) Eden: 7119K(7168K)->0K(7168K) From: 3621K(7168K)->7077K(7168K)
[2026-06-17T10:05:48.013+0800][28.806s][info][gc,heap        ] GC(1127) ParOldGen: 27751K(44032K)->28123K(44032K)
[2026-06-17T10:05:48.013+0800][28.806s][info][gc,metaspace   ] GC(1127) Metaspace: 116K(320K)->116K(320K) NonClass: 109K(192K)->109K(192K) Class: 7K(128K)->7K(128K)
[2026-06-17T10:05:48.014+0800][28.807s][info][gc             ] GC(1127) Pause Young (Allocation Failure) 37M->34M(57M) 3.105ms
[2026-06-17T10:05:48.014+0800][28.807s][info][gc,cpu         ] GC(1127) User=0.01s Sys=0.00s Real=0.00s
[2026-06-17T10:05:48.036+0800][28.829s][info][gc,start       ] GC(1128) Pause Young (Allocation Failure)
[2026-06-17T10:05:48.042+0800][28.835s][info][gc,heap        ] GC(1128) PSYoungGen: 14230K(14336K)->2253K(14336K) Eden: 7152K(7168K)->0K(7168K) From: 7077K(7168K)->2253K(7168K)
[2026-06-17T10:05:48.043+0800][28.836s][info][gc,heap        ] GC(1128) ParOldGen: 28123K(44032K)->33406K(44032K)
[2026-06-17T10:05:48.045+0800][28.837s][info][gc,metaspace   ] GC(1128) Metaspace: 116K(320K)->116K(320K) NonClass: 109K(192K)->109K(192K) Class: 7K(128K)->7K(128K)
[2026-06-17T10:05:48.046+0800][28.839s][info][gc             ] GC(1128) Pause Young (Allocation Failure) 41M->34M(57M) 10.521ms
[2026-06-17T10:05:48.050+0800][28.843s][info][gc,cpu         ] GC(1128) User=0.00s Sys=0.00s Real=0.01s
[2026-06-17T10:05:48.073+0800][28.866s][info][gc,start       ] GC(1129) Pause Young (Allocation Failure)
[2026-06-17T10:05:48.074+0800][28.866s][info][gc,heap        ] GC(1129) PSYoungGen: 9385K(14336K)->2371K(14336K) Eden: 7132K(7168K)->0K(7168K) From: 2253K(7168K)->2371K(7168K)
[2026-06-17T10:05:48.074+0800][28.866s][info][gc,heap        ] GC(1129) ParOldGen: 33406K(44032K)->33406K(44032K)
[2026-06-17T10:05:48.074+0800][28.867s][info][gc,metaspace   ] GC(1129) Metaspace: 116K(320K)->116K(320K) NonClass: 109K(192K)->109K(192K) Class: 7K(128K)->7K(128K)
[2026-06-17T10:05:48.074+0800][28.867s][info][gc             ] GC(1129) Pause Young (Allocation Failure) 41M->34M(57M) 1.082ms
[2026-06-17T10:05:48.074+0800][28.867s][info][gc,cpu         ] GC(1129) User=0.00s Sys=0.00s Real=0.00s
[2026-06-17T10:05:48.085+0800][28.878s][info][gc,start       ] GC(1130) Pause Young (Allocation Failure)
[2026-06-17T10:05:48.086+0800][28.879s][info][gc,heap        ] GC(1130) PSYoungGen: 9532K(14336K)->4244K(14336K) Eden: 7161K(7168K)->0K(7168K) From: 2371K(7168K)->4244K(7168K)
[2026-06-17T10:05:48.086+0800][28.879s][info][gc,heap        ] GC(1130) ParOldGen: 33406K(44032K)->35461K(44032K)
[2026-06-17T10:05:48.086+0800][28.879s][info][gc,metaspace   ] GC(1130) Metaspace: 116K(320K)->116K(320K) NonClass: 109K(192K)->109K(192K) Class: 7K(128K)->7K(128K)
[2026-06-17T10:05:48.086+0800][28.879s][info][gc             ] GC(1130) Pause Young (Allocation Failure) 41M->38M(57M) 1.322ms
[2026-06-17T10:05:48.086+0800][28.879s][info][gc,cpu         ] GC(1130) User=0.00s Sys=0.00s Real=0.00s
[2026-06-17T10:05:48.108+0800][28.900s][info][gc,start       ] GC(1131) Pause Young (Allocation Failure)
[2026-06-17T10:05:48.111+0800][28.904s][info][gc,heap        ] GC(1131) PSYoungGen: 11405K(14336K)->4271K(14336K) Eden: 7160K(7168K)->0K(7168K) From: 4244K(7168K)->4271K(7168K)
[2026-06-17T10:05:48.111+0800][28.904s][info][gc,heap        ] GC(1131) ParOldGen: 35461K(44032K)->35461K(44032K)
[2026-06-17T10:05:48.111+0800][28.904s][info][gc,metaspace   ] GC(1131) Metaspace: 116K(320K)->116K(320K) NonClass: 109K(192K)->109K(192K) Class: 7K(128K)->7K(128K)
[2026-06-17T10:05:48.111+0800][28.904s][info][gc             ] GC(1131) Pause Young (Allocation Failure) 45M->38M(57M) 3.812ms
[2026-06-17T10:05:48.111+0800][28.904s][info][gc,cpu         ] GC(1131) User=0.00s Sys=0.00s Real=0.01s
[2026-06-17T10:05:48.122+0800][28.915s][info][gc,start       ] GC(1132) Pause Young (Allocation Failure)
[2026-06-17T10:05:48.123+0800][28.916s][info][gc,heap        ] GC(1132) PSYoungGen: 10786K(14336K)->2013K(14336K) Eden: 6515K(7168K)->0K(7168K) From: 4271K(7168K)->2013K(7168K)
[2026-06-17T10:05:48.123+0800][28.916s][info][gc,heap        ] GC(1132) ParOldGen: 35461K(44032K)->37157K(44032K)
[2026-06-17T10:05:48.124+0800][28.916s][info][gc,metaspace   ] GC(1132) Metaspace: 116K(320K)->116K(320K) NonClass: 109K(192K)->109K(192K) Class: 7K(128K)->7K(128K)
[2026-06-17T10:05:48.124+0800][28.916s][info][gc             ] GC(1132) Pause Young (Allocation Failure) 45M->38M(57M) 1.309ms
[2026-06-17T10:05:48.124+0800][28.917s][info][gc,cpu         ] GC(1132) User=0.00s Sys=0.00s Real=0.01s
[2026-06-17T10:05:48.145+0800][28.938s][info][gc,start       ] GC(1133) Pause Young (Allocation Failure)
[2026-06-17T10:05:48.146+0800][28.939s][info][gc,heap        ] GC(1133) PSYoungGen: 9153K(14336K)->5677K(14336K) Eden: 7140K(7168K)->0K(7168K) From: 2013K(7168K)->5677K(7168K)
[2026-06-17T10:05:48.146+0800][28.939s][info][gc,heap        ] GC(1133) ParOldGen: 37157K(44032K)->37157K(44032K)
[2026-06-17T10:05:48.146+0800][28.939s][info][gc,metaspace   ] GC(1133) Metaspace: 116K(320K)->116K(320K) NonClass: 109K(192K)->109K(192K) Class: 7K(128K)->7K(128K)
[2026-06-17T10:05:48.146+0800][28.939s][info][gc             ] GC(1133) Pause Young (Allocation Failure) 45M->41M(57M) 1.439ms
[2026-06-17T10:05:48.146+0800][28.939s][info][gc,cpu         ] GC(1133) User=0.00s Sys=0.00s Real=0.00s
[2026-06-17T10:05:48.168+0800][28.961s][info][gc,start       ] GC(1134) Pause Young (Allocation Failure)
[2026-06-17T10:05:48.169+0800][28.962s][info][gc,heap        ] GC(1134) PSYoungGen: 12842K(14336K)->2927K(14336K) Eden: 7165K(7168K)->0K(7168K) From: 5677K(7168K)->2927K(7168K)
[2026-06-17T10:05:48.169+0800][28.962s][info][gc,heap        ] GC(1134) ParOldGen: 37157K(44032K)->40130K(44032K)
[2026-06-17T10:05:48.169+0800][28.962s][info][gc,metaspace   ] GC(1134) Metaspace: 116K(320K)->116K(320K) NonClass: 109K(192K)->109K(192K) Class: 7K(128K)->7K(128K)
[2026-06-17T10:05:48.170+0800][28.962s][info][gc             ] GC(1134) Pause Young (Allocation Failure) 48M->42M(57M) 1.329ms
[2026-06-17T10:05:48.170+0800][28.963s][info][gc,cpu         ] GC(1134) User=0.00s Sys=0.00s Real=0.00s
[2026-06-17T10:05:48.181+0800][28.973s][info][gc,start       ] GC(1135) Pause Full (Allocation Failure)
[2026-06-17T10:05:48.181+0800][28.974s][info][gc,phases,start] GC(1135) Marking Phase
[2026-06-17T10:05:48.182+0800][28.975s][info][gc,phases      ] GC(1135) Marking Phase 0.909ms
[2026-06-17T10:05:48.182+0800][28.975s][info][gc,phases,start] GC(1135) Summary Phase
[2026-06-17T10:05:48.182+0800][28.975s][info][gc,phases      ] GC(1135) Summary Phase 0.142ms
[2026-06-17T10:05:48.182+0800][28.975s][info][gc,phases,start] GC(1135) Forward
[2026-06-17T10:05:48.182+0800][28.975s][info][gc,phases      ] GC(1135) Forward 0.198ms
[2026-06-17T10:05:48.183+0800][28.975s][info][gc,phases,start] GC(1135) Adjust Pointers
[2026-06-17T10:05:48.183+0800][28.976s][info][gc,phases      ] GC(1135) Adjust Pointers 0.482ms
[2026-06-17T10:05:48.183+0800][28.976s][info][gc,phases,start] GC(1135) Compaction Phase
[2026-06-17T10:05:48.185+0800][28.978s][info][gc,phases      ] GC(1135) Compaction Phase 1.624ms
[2026-06-17T10:05:48.185+0800][28.978s][info][gc,phases,start] GC(1135) Post Compact
[2026-06-17T10:05:48.185+0800][28.978s][info][gc,phases      ] GC(1135) Post Compact 0.189ms
[2026-06-17T10:05:48.186+0800][28.978s][info][gc,heap        ] GC(1135) PSYoungGen: 9897K(14336K)->0K(14336K) Eden: 6970K(7168K)->0K(7168K) From: 2927K(7168K)->0K(7168K)
[2026-06-17T10:05:48.186+0800][28.978s][info][gc,heap        ] GC(1135) ParOldGen: 40130K(44032K)->30410K(44032K)
[2026-06-17T10:05:48.186+0800][28.979s][info][gc,metaspace   ] GC(1135) Metaspace: 116K(320K)->116K(320K) NonClass: 109K(192K)->109K(192K) Class: 7K(128K)->7K(128K)
[2026-06-17T10:05:48.186+0800][28.979s][info][gc             ] GC(1135) Pause Full (Allocation Failure) 48M->29M(57M) 5.227ms
[2026-06-17T10:05:48.186+0800][28.979s][info][gc,cpu         ] GC(1135) User=0.00s Sys=0.00s Real=0.01s
[2026-06-17T10:05:48.207+0800][29.000s][info][gc,start       ] GC(1136) Pause Young (Allocation Failure)
[2026-06-17T10:05:48.208+0800][29.001s][info][gc,heap        ] GC(1136) PSYoungGen: 7165K(14336K)->3563K(14336K) Eden: 7165K(7168K)->0K(7168K) From: 0K(7168K)->3563K(7168K)
[2026-06-17T10:05:48.208+0800][29.001s][info][gc,heap        ] GC(1136) ParOldGen: 30410K(44032K)->30410K(44032K)
[2026-06-17T10:05:48.208+0800][29.001s][info][gc,metaspace   ] GC(1136) Metaspace: 116K(320K)->116K(320K) NonClass: 109K(192K)->109K(192K) Class: 7K(128K)->7K(128K)
[2026-06-17T10:05:48.208+0800][29.001s][info][gc             ] GC(1136) Pause Young (Allocation Failure) 36M->33M(57M) 1.280ms
[2026-06-17T10:05:48.208+0800][29.001s][info][gc,cpu         ] GC(1136) User=0.00s Sys=0.00s Real=0.00s
[2026-06-17T10:05:48.229+0800][29.022s][info][gc,start       ] GC(1137) Pause Young (Allocation Failure)
[2026-06-17T10:05:48.230+0800][29.023s][info][gc,heap        ] GC(1137) PSYoungGen: 10720K(14336K)->2711K(14336K) Eden: 7156K(7168K)->0K(7168K) From: 3563K(7168K)->2711K(7168K)
[2026-06-17T10:05:48.230+0800][29.023s][info][gc,heap        ] GC(1137) ParOldGen: 30410K(44032K)->31380K(44032K)
[2026-06-17T10:05:48.231+0800][29.023s][info][gc,metaspace   ] GC(1137) Metaspace: 116K(320K)->116K(320K) NonClass: 109K(192K)->109K(192K) Class: 7K(128K)->7K(128K)
[2026-06-17T10:05:48.231+0800][29.024s][info][gc             ] GC(1137) Pause Young (Allocation Failure) 40M->33M(57M) 1.594ms
[2026-06-17T10:05:48.231+0800][29.024s][info][gc,cpu         ] GC(1137) User=0.00s Sys=0.00s Real=0.01s
[2026-06-17T10:05:48.253+0800][29.045s][info][gc,start       ] GC(1138) Pause Young (Allocation Failure)
[2026-06-17T10:05:48.253+0800][29.046s][info][gc,heap        ] GC(1138) PSYoungGen: 9865K(14336K)->2847K(14336K) Eden: 7154K(7168K)->0K(7168K) From: 2711K(7168K)->2847K(7168K)
[2026-06-17T10:05:48.253+0800][29.046s][info][gc,heap        ] GC(1138) ParOldGen: 31380K(44032K)->31380K(44032K)
[2026-06-17T10:05:48.254+0800][29.046s][info][gc,metaspace   ] GC(1138) Metaspace: 116K(320K)->116K(320K) NonClass: 109K(192K)->109K(192K) Class: 7K(128K)->7K(128K)
[2026-06-17T10:05:48.254+0800][29.047s][info][gc             ] GC(1138) Pause Young (Allocation Failure) 40M->33M(57M) 1.404ms
[2026-06-17T10:05:48.254+0800][29.047s][info][gc,cpu         ] GC(1138) User=0.00s Sys=0.00s Real=0.00s
[2026-06-17T10:05:48.265+0800][29.058s][info][gc,start       ] GC(1139) Pause Young (Allocation Failure)
[2026-06-17T10:05:48.266+0800][29.059s][info][gc,heap        ] GC(1139) PSYoungGen: 9969K(14336K)->6750K(14336K) Eden: 7122K(7168K)->0K(7168K) From: 2847K(7168K)->6750K(7168K)
[2026-06-17T10:05:48.266+0800][29.059s][info][gc,heap        ] GC(1139) ParOldGen: 31380K(44032K)->31380K(44032K)
[2026-06-17T10:05:48.266+0800][29.059s][info][gc,metaspace   ] GC(1139) Metaspace: 116K(320K)->116K(320K) NonClass: 109K(192K)->109K(192K) Class: 7K(128K)->7K(128K)
[2026-06-17T10:05:48.267+0800][29.059s][info][gc             ] GC(1139) Pause Young (Allocation Failure) 40M->37M(57M) 1.634ms
[2026-06-17T10:05:48.267+0800][29.060s][info][gc,cpu         ] GC(1139) User=0.00s Sys=0.00s Real=0.00s
[2026-06-17T10:05:48.288+0800][29.081s][info][gc,start       ] GC(1140) Pause Young (Allocation Failure)
[2026-06-17T10:05:48.289+0800][29.082s][info][gc,heap        ] GC(1140) PSYoungGen: 13889K(14336K)->4741K(14336K) Eden: 7139K(7168K)->0K(7168K) From: 6750K(7168K)->4741K(7168K)
[2026-06-17T10:05:48.292+0800][29.085s][info][gc,heap        ] GC(1140) ParOldGen: 31380K(44032K)->33419K(44032K)
[2026-06-17T10:05:48.293+0800][29.085s][info][gc,metaspace   ] GC(1140) Metaspace: 116K(320K)->116K(320K) NonClass: 109K(192K)->109K(192K) Class: 7K(128K)->7K(128K)
[2026-06-17T10:05:48.294+0800][29.087s][info][gc             ] GC(1140) Pause Young (Allocation Failure) 44M->37M(57M) 6.209ms
[2026-06-17T10:05:48.295+0800][29.087s][info][gc,cpu         ] GC(1140) User=0.00s Sys=0.00s Real=0.01s
[2026-06-17T10:05:48.316+0800][29.109s][info][gc,start       ] GC(1141) Pause Young (Allocation Failure)
[2026-06-17T10:05:48.318+0800][29.110s][info][gc,heap        ] GC(1141) PSYoungGen: 11906K(14336K)->2562K(14336K) Eden: 7164K(7168K)->0K(7168K) From: 4741K(7168K)->2562K(7168K)
[2026-06-17T10:05:48.319+0800][29.112s][info][gc,heap        ] GC(1141) ParOldGen: 33419K(44032K)->35672K(44032K)
[2026-06-17T10:05:48.319+0800][29.112s][info][gc,metaspace   ] GC(1141) Metaspace: 116K(320K)->116K(320K) NonClass: 109K(192K)->109K(192K) Class: 7K(128K)->7K(128K)
[2026-06-17T10:05:48.321+0800][29.114s][info][gc             ] GC(1141) Pause Young (Allocation Failure) 44M->37M(57M) 4.899ms
[2026-06-17T10:05:48.323+0800][29.116s][info][gc,cpu         ] GC(1141) User=0.00s Sys=0.01s Real=0.01s
[2026-06-17T10:05:48.336+0800][29.129s][info][gc,start       ] GC(1142) Pause Young (Allocation Failure)
[2026-06-17T10:05:48.338+0800][29.131s][info][gc,heap        ] GC(1142) PSYoungGen: 9575K(14336K)->2484K(14336K) Eden: 7013K(7168K)->0K(7168K) From: 2562K(7168K)->2484K(7168K)
[2026-06-17T10:05:48.339+0800][29.132s][info][gc,heap        ] GC(1142) ParOldGen: 35672K(44032K)->35672K(44032K)
[2026-06-17T10:05:48.339+0800][29.132s][info][gc,metaspace   ] GC(1142) Metaspace: 116K(320K)->116K(320K) NonClass: 109K(192K)->109K(192K) Class: 7K(128K)->7K(128K)
[2026-06-17T10:05:48.340+0800][29.132s][info][gc             ] GC(1142) Pause Young (Allocation Failure) 44M->37M(57M) 3.795ms
[2026-06-17T10:05:48.340+0800][29.133s][info][gc,cpu         ] GC(1142) User=0.00s Sys=0.00s Real=0.00s
[2026-06-17T10:05:48.361+0800][29.154s][info][gc,start       ] GC(1143) Pause Young (Allocation Failure)
[2026-06-17T10:05:48.363+0800][29.155s][info][gc,heap        ] GC(1143) PSYoungGen: 9638K(14336K)->3913K(14336K) Eden: 7154K(7168K)->0K(7168K) From: 2484K(7168K)->3913K(7168K)
[2026-06-17T10:05:48.363+0800][29.156s][info][gc,heap        ] GC(1143) ParOldGen: 35672K(44032K)->38108K(44032K)
[2026-06-17T10:05:48.364+0800][29.157s][info][gc,metaspace   ] GC(1143) Metaspace: 116K(320K)->116K(320K) NonClass: 109K(192K)->109K(192K) Class: 7K(128K)->7K(128K)
[2026-06-17T10:05:48.365+0800][29.157s][info][gc             ] GC(1143) Pause Young (Allocation Failure) 44M->41M(57M) 3.122ms
[2026-06-17T10:05:48.365+0800][29.158s][info][gc,cpu         ] GC(1143) User=0.00s Sys=0.00s Real=0.01s
[2026-06-17T10:05:48.376+0800][29.169s][info][gc,start       ] GC(1144) Pause Young (Allocation Failure)
[2026-06-17T10:05:48.378+0800][29.171s][info][gc,heap        ] GC(1144) PSYoungGen: 10999K(14336K)->4397K(14336K) Eden: 7085K(7168K)->0K(7168K) From: 3913K(7168K)->4397K(7168K)
[2026-06-17T10:05:48.379+0800][29.172s][info][gc,heap        ] GC(1144) ParOldGen: 38108K(44032K)->38108K(44032K)
[2026-06-17T10:05:48.383+0800][29.176s][info][gc,metaspace   ] GC(1144) Metaspace: 116K(320K)->116K(320K) NonClass: 109K(192K)->109K(192K) Class: 7K(128K)->7K(128K)
[2026-06-17T10:05:48.385+0800][29.178s][info][gc             ] GC(1144) Pause Young (Allocation Failure) 47M->41M(57M) 9.105ms
[2026-06-17T10:05:48.387+0800][29.180s][info][gc,cpu         ] GC(1144) User=0.00s Sys=0.00s Real=0.01s
[2026-06-17T10:05:48.408+0800][29.201s][info][gc,start       ] GC(1145) Pause Young (Allocation Failure)
[2026-06-17T10:05:48.415+0800][29.208s][info][gc,heap        ] GC(1145) PSYoungGen: 11563K(14336K)->6457K(14336K) Eden: 7166K(7168K)->0K(7168K) From: 4397K(7168K)->6457K(7168K)
[2026-06-17T10:05:48.418+0800][29.211s][info][gc,heap        ] GC(1145) ParOldGen: 38108K(44032K)->39593K(44032K)
[2026-06-17T10:05:48.419+0800][29.211s][info][gc,metaspace   ] GC(1145) Metaspace: 116K(320K)->116K(320K) NonClass: 109K(192K)->109K(192K) Class: 7K(128K)->7K(128K)
[2026-06-17T10:05:48.419+0800][29.212s][info][gc             ] GC(1145) Pause Young (Allocation Failure) 48M->44M(57M) 10.444ms
[2026-06-17T10:05:48.419+0800][29.212s][info][gc,cpu         ] GC(1145) User=0.01s Sys=0.00s Real=0.01s
[2026-06-17T10:05:48.441+0800][29.234s][info][gc,start       ] GC(1146) Pause Young (Allocation Failure)
[2026-06-17T10:05:48.444+0800][29.237s][info][gc,heap        ] GC(1146) PSYoungGen: 13611K(14336K)->4150K(14336K) Eden: 7154K(7168K)->0K(7168K) From: 6457K(7168K)->4150K(7168K)
[2026-06-17T10:05:48.454+0800][29.246s][info][gc,heap        ] GC(1146) ParOldGen: 39593K(44032K)->42481K(44032K)
[2026-06-17T10:05:48.456+0800][29.249s][info][gc,metaspace   ] GC(1146) Metaspace: 116K(320K)->116K(320K) NonClass: 109K(192K)->109K(192K) Class: 7K(128K)->7K(128K)
[2026-06-17T10:05:48.457+0800][29.249s][info][gc             ] GC(1146) Pause Young (Allocation Failure) 51M->45M(57M) 15.740ms
[2026-06-17T10:05:48.457+0800][29.250s][info][gc,cpu         ] GC(1146) User=0.00s Sys=0.00s Real=0.02s
[2026-06-17T10:05:48.478+0800][29.271s][info][gc,start       ] GC(1147) Pause Full (Allocation Failure)
[2026-06-17T10:05:48.479+0800][29.271s][info][gc,phases,start] GC(1147) Marking Phase
[2026-06-17T10:05:48.481+0800][29.273s][info][gc,phases      ] GC(1147) Marking Phase 2.062ms
[2026-06-17T10:05:48.481+0800][29.274s][info][gc,phases,start] GC(1147) Summary Phase
[2026-06-17T10:05:48.481+0800][29.274s][info][gc,phases      ] GC(1147) Summary Phase 0.283ms
[2026-06-17T10:05:48.482+0800][29.274s][info][gc,phases,start] GC(1147) Forward
[2026-06-17T10:05:48.482+0800][29.275s][info][gc,phases      ] GC(1147) Forward 0.385ms
[2026-06-17T10:05:48.482+0800][29.275s][info][gc,phases,start] GC(1147) Adjust Pointers
[2026-06-17T10:05:48.483+0800][29.276s][info][gc,phases      ] GC(1147) Adjust Pointers 1.115ms
[2026-06-17T10:05:48.484+0800][29.277s][info][gc,phases,start] GC(1147) Compaction Phase
[2026-06-17T10:05:48.486+0800][29.278s][info][gc,phases      ] GC(1147) Compaction Phase 1.768ms
[2026-06-17T10:05:48.486+0800][29.279s][info][gc,phases,start] GC(1147) Post Compact
[2026-06-17T10:05:48.486+0800][29.279s][info][gc,phases      ] GC(1147) Post Compact 0.326ms
[2026-06-17T10:05:48.487+0800][29.279s][info][gc,heap        ] GC(1147) PSYoungGen: 11310K(14336K)->0K(14336K) Eden: 7159K(7168K)->0K(7168K) From: 4150K(7168K)->0K(7168K)
[2026-06-17T10:05:48.487+0800][29.280s][info][gc,heap        ] GC(1147) ParOldGen: 42481K(44032K)->26973K(44032K)
[2026-06-17T10:05:48.487+0800][29.280s][info][gc,metaspace   ] GC(1147) Metaspace: 116K(320K)->116K(320K) NonClass: 109K(192K)->109K(192K) Class: 7K(128K)->7K(128K)
[2026-06-17T10:05:48.487+0800][29.280s][info][gc             ] GC(1147) Pause Full (Allocation Failure) 52M->26M(57M) 8.957ms
[2026-06-17T10:05:48.487+0800][29.280s][info][gc,cpu         ] GC(1147) User=0.01s Sys=0.00s Real=0.01s
[2026-06-17T10:05:48.499+0800][29.291s][info][gc,start       ] GC(1148) Pause Young (Allocation Failure)
[2026-06-17T10:05:48.500+0800][29.293s][info][gc,heap        ] GC(1148) PSYoungGen: 7167K(14336K)->7065K(14336K) Eden: 7167K(7168K)->0K(7168K) From: 0K(7168K)->7065K(7168K)
[2026-06-17T10:05:48.500+0800][29.293s][info][gc,heap        ] GC(1148) ParOldGen: 26973K(44032K)->27148K(44032K)
[2026-06-17T10:05:48.501+0800][29.293s][info][gc,metaspace   ] GC(1148) Metaspace: 116K(320K)->116K(320K) NonClass: 109K(192K)->109K(192K) Class: 7K(128K)->7K(128K)
[2026-06-17T10:05:48.501+0800][29.294s][info][gc             ] GC(1148) Pause Young (Allocation Failure) 33M->33M(57M) 2.200ms
[2026-06-17T10:05:48.501+0800][29.294s][info][gc,cpu         ] GC(1148) User=0.00s Sys=0.00s Real=0.00s
[2026-06-17T10:05:48.523+0800][29.315s][info][gc,start       ] GC(1149) Pause Young (Allocation Failure)
[2026-06-17T10:05:48.524+0800][29.317s][info][gc,heap        ] GC(1149) PSYoungGen: 14113K(14336K)->3617K(14336K) Eden: 7048K(7168K)->0K(7168K) From: 7065K(7168K)->3617K(7168K)
[2026-06-17T10:05:48.525+0800][29.317s][info][gc,heap        ] GC(1149) ParOldGen: 27148K(44032K)->27148K(44032K)
[2026-06-17T10:05:48.525+0800][29.318s][info][gc,metaspace   ] GC(1149) Metaspace: 116K(320K)->116K(320K) NonClass: 109K(192K)->109K(192K) Class: 7K(128K)->7K(128K)
[2026-06-17T10:05:48.526+0800][29.318s][info][gc             ] GC(1149) Pause Young (Allocation Failure) 40M->30M(57M) 2.971ms
[2026-06-17T10:05:48.526+0800][29.319s][info][gc,cpu         ] GC(1149) User=0.00s Sys=0.00s Real=0.00s
[2026-06-17T10:05:48.548+0800][29.341s][info][gc,start       ] GC(1150) Pause Young (Allocation Failure)
[2026-06-17T10:05:48.551+0800][29.343s][info][gc,heap        ] GC(1150) PSYoungGen: 10756K(14336K)->3411K(14336K) Eden: 7138K(7168K)->0K(7168K) From: 3617K(7168K)->3411K(7168K)
[2026-06-17T10:05:48.551+0800][29.344s][info][gc,heap        ] GC(1150) ParOldGen: 27148K(44032K)->30739K(44032K)
[2026-06-17T10:05:48.552+0800][29.345s][info][gc,metaspace   ] GC(1150) Metaspace: 116K(320K)->116K(320K) NonClass: 109K(192K)->109K(192K) Class: 7K(128K)->7K(128K)
[2026-06-17T10:05:48.553+0800][29.346s][info][gc             ] GC(1150) Pause Young (Allocation Failure) 37M->33M(57M) 4.674ms
[2026-06-17T10:05:48.553+0800][29.346s][info][gc,cpu         ] GC(1150) User=0.00s Sys=0.00s Real=0.01s
[2026-06-17T10:05:48.565+0800][29.358s][info][gc,start       ] GC(1151) Pause Young (Allocation Failure)
[2026-06-17T10:05:48.567+0800][29.360s][info][gc,heap        ] GC(1151) PSYoungGen: 10352K(14336K)->1375K(14336K) Eden: 6940K(7168K)->0K(7168K) From: 3411K(7168K)->1375K(7168K)
[2026-06-17T10:05:48.568+0800][29.361s][info][gc,heap        ] GC(1151) ParOldGen: 30739K(44032K)->33221K(44032K)
[2026-06-17T10:05:48.571+0800][29.364s][info][gc,metaspace   ] GC(1151) Metaspace: 116K(320K)->116K(320K) NonClass: 109K(192K)->109K(192K) Class: 7K(128K)->7K(128K)
[2026-06-17T10:05:48.572+0800][29.364s][info][gc             ] GC(1151) Pause Young (Allocation Failure) 40M->33M(57M) 6.495ms
[2026-06-17T10:05:48.575+0800][29.367s][info][gc,cpu         ] GC(1151) User=0.00s Sys=0.00s Real=0.01s
[2026-06-17T10:05:48.596+0800][29.389s][info][gc,start       ] GC(1152) Pause Young (Allocation Failure)
[2026-06-17T10:05:48.599+0800][29.392s][info][gc,heap        ] GC(1152) PSYoungGen: 8527K(14336K)->3575K(14336K) Eden: 7152K(7168K)->0K(7168K) From: 1375K(7168K)->3575K(7168K)
[2026-06-17T10:05:48.600+0800][29.393s][info][gc,heap        ] GC(1152) ParOldGen: 33221K(44032K)->34572K(44032K)
[2026-06-17T10:05:48.602+0800][29.394s][info][gc,metaspace   ] GC(1152) Metaspace: 116K(320K)->116K(320K) NonClass: 109K(192K)->109K(192K) Class: 7K(128K)->7K(128K)
[2026-06-17T10:05:48.604+0800][29.397s][info][gc             ] GC(1152) Pause Young (Allocation Failure) 40M->37M(57M) 7.380ms
[2026-06-17T10:05:48.606+0800][29.398s][info][gc,cpu         ] GC(1152) User=0.00s Sys=0.00s Real=0.01s
[2026-06-17T10:05:48.629+0800][29.422s][info][gc,start       ] GC(1153) Pause Young (Allocation Failure)
[2026-06-17T10:05:48.631+0800][29.423s][info][gc,heap        ] GC(1153) PSYoungGen: 10735K(14336K)->3603K(14336K) Eden: 7160K(7168K)->0K(7168K) From: 3575K(7168K)->3603K(7168K)
[2026-06-17T10:05:48.631+0800][29.424s][info][gc,heap        ] GC(1153) ParOldGen: 34572K(44032K)->34991K(44032K)
[2026-06-17T10:05:48.632+0800][29.424s][info][gc,metaspace   ] GC(1153) Metaspace: 116K(320K)->116K(320K) NonClass: 109K(192K)->109K(192K) Class: 7K(128K)->7K(128K)
[2026-06-17T10:05:48.632+0800][29.425s][info][gc             ] GC(1153) Pause Young (Allocation Failure) 44M->37M(57M) 3.253ms
[2026-06-17T10:05:48.633+0800][29.425s][info][gc,cpu         ] GC(1153) User=0.00s Sys=0.00s Real=0.01s
[2026-06-17T10:05:48.655+0800][29.447s][info][gc,start       ] GC(1154) Pause Young (Allocation Failure)
[2026-06-17T10:05:48.658+0800][29.451s][info][gc,heap        ] GC(1154) PSYoungGen: 10755K(14336K)->507K(14336K) Eden: 7151K(7168K)->0K(7168K) From: 3603K(7168K)->507K(7168K)
[2026-06-17T10:05:48.659+0800][29.452s][info][gc,heap        ] GC(1154) ParOldGen: 34991K(44032K)->38230K(44032K)
[2026-06-17T10:05:48.659+0800][29.452s][info][gc,metaspace   ] GC(1154) Metaspace: 116K(320K)->116K(320K) NonClass: 109K(192K)->109K(192K) Class: 7K(128K)->7K(128K)
[2026-06-17T10:05:48.660+0800][29.452s][info][gc             ] GC(1154) Pause Young (Allocation Failure) 44M->37M(57M) 5.122ms
[2026-06-17T10:05:48.660+0800][29.453s][info][gc,cpu         ] GC(1154) User=0.00s Sys=0.00s Real=0.00s
[2026-06-17T10:05:48.672+0800][29.464s][info][gc,start       ] GC(1155) Pause Young (Allocation Failure)
[2026-06-17T10:05:48.673+0800][29.466s][info][gc,heap        ] GC(1155) PSYoungGen: 7649K(14336K)->4577K(14336K) Eden: 7142K(7168K)->0K(7168K) From: 507K(7168K)->4577K(7168K)
[2026-06-17T10:05:48.673+0800][29.466s][info][gc,heap        ] GC(1155) ParOldGen: 38230K(44032K)->38230K(44032K)
[2026-06-17T10:05:48.674+0800][29.466s][info][gc,metaspace   ] GC(1155) Metaspace: 116K(320K)->116K(320K) NonClass: 109K(192K)->109K(192K) Class: 7K(128K)->7K(128K)
[2026-06-17T10:05:48.674+0800][29.467s][info][gc             ] GC(1155) Pause Young (Allocation Failure) 44M->41M(57M) 2.535ms
[2026-06-17T10:05:48.675+0800][29.467s][info][gc,cpu         ] GC(1155) User=0.01s Sys=0.00s Real=0.00s
[2026-06-17T10:05:48.696+0800][29.489s][info][gc,start       ] GC(1156) Pause Young (Allocation Failure)
[2026-06-17T10:05:48.698+0800][29.491s][info][gc,heap        ] GC(1156) PSYoungGen: 11743K(14336K)->2843K(14336K) Eden: 7165K(7168K)->0K(7168K) From: 4577K(7168K)->2843K(7168K)
[2026-06-17T10:05:48.699+0800][29.492s][info][gc,heap        ] GC(1156) ParOldGen: 38230K(44032K)->40179K(44032K)
[2026-06-17T10:05:48.701+0800][29.493s][info][gc,metaspace   ] GC(1156) Metaspace: 116K(320K)->116K(320K) NonClass: 109K(192K)->109K(192K) Class: 7K(128K)->7K(128K)
[2026-06-17T10:05:48.703+0800][29.496s][info][gc             ] GC(1156) Pause Young (Allocation Failure) 48M->42M(57M) 7.384ms
[2026-06-17T10:05:48.706+0800][29.498s][info][gc,cpu         ] GC(1156) User=0.00s Sys=0.00s Real=0.01s
[2026-06-17T10:05:48.730+0800][29.523s][info][gc,start       ] GC(1157) Pause Full (Allocation Failure)
[2026-06-17T10:05:48.731+0800][29.523s][info][gc,phases,start] GC(1157) Marking Phase
[2026-06-17T10:05:48.734+0800][29.526s][info][gc,phases      ] GC(1157) Marking Phase 2.910ms
[2026-06-17T10:05:48.734+0800][29.527s][info][gc,phases,start] GC(1157) Summary Phase
[2026-06-17T10:05:48.735+0800][29.528s][info][gc,phases      ] GC(1157) Summary Phase 1.008ms
[2026-06-17T10:05:48.735+0800][29.528s][info][gc,phases,start] GC(1157) Forward
[2026-06-17T10:05:48.736+0800][29.529s][info][gc,phases      ] GC(1157) Forward 0.586ms
[2026-06-17T10:05:48.736+0800][29.529s][info][gc,phases,start] GC(1157) Adjust Pointers
[2026-06-17T10:05:48.738+0800][29.531s][info][gc,phases      ] GC(1157) Adjust Pointers 1.504ms
[2026-06-17T10:05:48.738+0800][29.531s][info][gc,phases,start] GC(1157) Compaction Phase
[2026-06-17T10:05:48.740+0800][29.533s][info][gc,phases      ] GC(1157) Compaction Phase 1.984ms
[2026-06-17T10:05:48.741+0800][29.534s][info][gc,phases,start] GC(1157) Post Compact
[2026-06-17T10:05:48.741+0800][29.534s][info][gc,phases      ] GC(1157) Post Compact 0.349ms
[2026-06-17T10:05:48.742+0800][29.534s][info][gc,heap        ] GC(1157) PSYoungGen: 10003K(14336K)->0K(14336K) Eden: 7160K(7168K)->0K(7168K) From: 2843K(7168K)->0K(7168K)
[2026-06-17T10:05:48.742+0800][29.535s][info][gc,heap        ] GC(1157) ParOldGen: 40179K(44032K)->28937K(44032K)
[2026-06-17T10:05:48.742+0800][29.535s][info][gc,metaspace   ] GC(1157) Metaspace: 116K(320K)->116K(320K) NonClass: 109K(192K)->109K(192K) Class: 7K(128K)->7K(128K)
[2026-06-17T10:05:48.742+0800][29.535s][info][gc             ] GC(1157) Pause Full (Allocation Failure) 49M->28M(57M) 12.254ms
[2026-06-17T10:05:48.742+0800][29.535s][info][gc,cpu         ] GC(1157) User=0.01s Sys=0.00s Real=0.01s
[2026-06-17T10:05:48.753+0800][29.546s][info][gc,start       ] GC(1158) Pause Young (Allocation Failure)
[2026-06-17T10:05:48.754+0800][29.547s][info][gc,heap        ] GC(1158) PSYoungGen: 7026K(14336K)->3670K(14336K) Eden: 7026K(7168K)->0K(7168K) From: 0K(7168K)->3670K(7168K)
[2026-06-17T10:05:48.755+0800][29.548s][info][gc,heap        ] GC(1158) ParOldGen: 28937K(44032K)->28937K(44032K)
[2026-06-17T10:05:48.755+0800][29.548s][info][gc,metaspace   ] GC(1158) Metaspace: 116K(320K)->116K(320K) NonClass: 109K(192K)->109K(192K) Class: 7K(128K)->7K(128K)
[2026-06-17T10:05:48.755+0800][29.548s][info][gc             ] GC(1158) Pause Young (Allocation Failure) 35M->31M(57M) 1.764ms
[2026-06-17T10:05:48.755+0800][29.548s][info][gc,cpu         ] GC(1158) User=0.00s Sys=0.00s Real=0.00s
[2026-06-17T10:05:48.777+0800][29.570s][info][gc,start       ] GC(1159) Pause Young (Allocation Failure)
[2026-06-17T10:05:48.779+0800][29.572s][info][gc,heap        ] GC(1159) PSYoungGen: 10810K(14336K)->7094K(14336K) Eden: 7140K(7168K)->0K(7168K) From: 3670K(7168K)->7094K(7168K)
[2026-06-17T10:05:48.779+0800][29.572s][info][gc,heap        ] GC(1159) ParOldGen: 28937K(44032K)->28937K(44032K)
[2026-06-17T10:05:48.780+0800][29.573s][info][gc,metaspace   ] GC(1159) Metaspace: 116K(320K)->116K(320K) NonClass: 109K(192K)->109K(192K) Class: 7K(128K)->7K(128K)
[2026-06-17T10:05:48.780+0800][29.573s][info][gc             ] GC(1159) Pause Young (Allocation Failure) 38M->35M(57M) 3.270ms
[2026-06-17T10:05:48.781+0800][29.573s][info][gc,cpu         ] GC(1159) User=0.00s Sys=0.00s Real=0.00s
[2026-06-17T10:05:48.802+0800][29.595s][info][gc,start       ] GC(1160) Pause Young (Allocation Failure)
[2026-06-17T10:05:48.804+0800][29.597s][info][gc,heap        ] GC(1160) PSYoungGen: 14245K(14336K)->2751K(14336K) Eden: 7150K(7168K)->0K(7168K) From: 7094K(7168K)->2751K(7168K)
[2026-06-17T10:05:48.804+0800][29.597s][info][gc,heap        ] GC(1160) ParOldGen: 28937K(44032K)->33700K(44032K)
[2026-06-17T10:05:48.805+0800][29.598s][info][gc,metaspace   ] GC(1160) Metaspace: 116K(320K)->116K(320K) NonClass: 109K(192K)->109K(192K) Class: 7K(128K)->7K(128K)
[2026-06-17T10:05:48.805+0800][29.598s][info][gc             ] GC(1160) Pause Young (Allocation Failure) 42M->35M(57M) 2.954ms
[2026-06-17T10:05:48.808+0800][29.601s][info][gc,cpu         ] GC(1160) User=0.00s Sys=0.00s Real=0.01s
[2026-06-17T10:05:48.830+0800][29.623s][info][gc,start       ] GC(1161) Pause Young (Allocation Failure)
[2026-06-17T10:05:48.831+0800][29.624s][info][gc,heap        ] GC(1161) PSYoungGen: 9897K(14336K)->1569K(14336K) Eden: 7145K(7168K)->0K(7168K) From: 2751K(7168K)->1569K(7168K)
[2026-06-17T10:05:48.832+0800][29.625s][info][gc,heap        ] GC(1161) ParOldGen: 33700K(44032K)->35289K(44032K)
[2026-06-17T10:05:48.832+0800][29.625s][info][gc,metaspace   ] GC(1161) Metaspace: 116K(320K)->116K(320K) NonClass: 109K(192K)->109K(192K) Class: 7K(128K)->7K(128K)
[2026-06-17T10:05:48.833+0800][29.626s][info][gc             ] GC(1161) Pause Young (Allocation Failure) 42M->35M(57M) 3.013ms
[2026-06-17T10:05:48.833+0800][29.626s][info][gc,cpu         ] GC(1161) User=0.00s Sys=0.00s Real=0.01s
[2026-06-17T10:05:48.845+0800][29.638s][info][gc,start       ] GC(1162) Pause Young (Allocation Failure)
[2026-06-17T10:05:48.847+0800][29.640s][info][gc,heap        ] GC(1162) PSYoungGen: 8699K(14336K)->5277K(14336K) Eden: 7130K(7168K)->0K(7168K) From: 1569K(7168K)->5277K(7168K)
[2026-06-17T10:05:48.847+0800][29.640s][info][gc,heap        ] GC(1162) ParOldGen: 35289K(44032K)->35289K(44032K)
[2026-06-17T10:05:48.848+0800][29.640s][info][gc,metaspace   ] GC(1162) Metaspace: 116K(320K)->116K(320K) NonClass: 109K(192K)->109K(192K) Class: 7K(128K)->7K(128K)
[2026-06-17T10:05:48.848+0800][29.641s][info][gc             ] GC(1162) Pause Young (Allocation Failure) 42M->39M(57M) 3.223ms
[2026-06-17T10:05:48.848+0800][29.641s][info][gc,cpu         ] GC(1162) User=0.01s Sys=0.00s Real=0.00s
[2026-06-17T10:05:48.870+0800][29.663s][info][gc,start       ] GC(1163) Pause Young (Allocation Failure)
[2026-06-17T10:05:48.872+0800][29.665s][info][gc,heap        ] GC(1163) PSYoungGen: 12386K(14336K)->3360K(14336K) Eden: 7109K(7168K)->0K(7168K) From: 5277K(7168K)->3360K(7168K)
[2026-06-17T10:05:48.873+0800][29.666s][info][gc,heap        ] GC(1163) ParOldGen: 35289K(44032K)->37200K(44032K)
[2026-06-17T10:05:48.873+0800][29.666s][info][gc,metaspace   ] GC(1163) Metaspace: 116K(320K)->116K(320K) NonClass: 109K(192K)->109K(192K) Class: 7K(128K)->7K(128K)
[2026-06-17T10:05:48.874+0800][29.667s][info][gc             ] GC(1163) Pause Young (Allocation Failure) 46M->39M(57M) 3.569ms
[2026-06-17T10:05:48.875+0800][29.667s][info][gc,cpu         ] GC(1163) User=0.00s Sys=0.00s Real=0.01s
[2026-06-17T10:05:48.897+0800][29.690s][info][gc,start       ] GC(1164) Pause Young (Allocation Failure)
[2026-06-17T10:05:48.898+0800][29.691s][info][gc,heap        ] GC(1164) PSYoungGen: 10520K(14336K)->2309K(14336K) Eden: 7159K(7168K)->0K(7168K) From: 3360K(7168K)->2309K(7168K)
[2026-06-17T10:05:48.899+0800][29.692s][info][gc,heap        ] GC(1164) ParOldGen: 37200K(44032K)->38448K(44032K)
[2026-06-17T10:05:48.899+0800][29.692s][info][gc,metaspace   ] GC(1164) Metaspace: 116K(320K)->116K(320K) NonClass: 109K(192K)->109K(192K) Class: 7K(128K)->7K(128K)
[2026-06-17T10:05:48.900+0800][29.693s][info][gc             ] GC(1164) Pause Young (Allocation Failure) 46M->39M(57M) 2.976ms
[2026-06-17T10:05:48.900+0800][29.693s][info][gc,cpu         ] GC(1164) User=0.00s Sys=0.00s Real=0.00s
[2026-06-17T10:05:48.912+0800][29.704s][info][gc,start       ] GC(1165) Pause Young (Allocation Failure)
[2026-06-17T10:05:48.914+0800][29.707s][info][gc,heap        ] GC(1165) PSYoungGen: 9437K(14336K)->567K(14336K) Eden: 7128K(7168K)->0K(7168K) From: 2309K(7168K)->567K(7168K)
[2026-06-17T10:05:48.915+0800][29.708s][info][gc,heap        ] GC(1165) ParOldGen: 38448K(44032K)->40302K(44032K)
[2026-06-17T10:05:48.917+0800][29.710s][info][gc,metaspace   ] GC(1165) Metaspace: 116K(320K)->116K(320K) NonClass: 109K(192K)->109K(192K) Class: 7K(128K)->7K(128K)
[2026-06-17T10:05:48.920+0800][29.713s][info][gc             ] GC(1165) Pause Young (Allocation Failure) 46M->39M(57M) 8.216ms
[2026-06-17T10:05:48.920+0800][29.713s][info][gc,cpu         ] GC(1165) User=0.00s Sys=0.00s Real=0.00s
[2026-06-17T10:05:48.942+0800][29.735s][info][gc,start       ] GC(1166) Pause Full (Allocation Failure)
[2026-06-17T10:05:48.943+0800][29.735s][info][gc,phases,start] GC(1166) Marking Phase
[2026-06-17T10:05:48.945+0800][29.737s][info][gc,phases      ] GC(1166) Marking Phase 1.951ms
[2026-06-17T10:05:48.945+0800][29.738s][info][gc,phases,start] GC(1166) Summary Phase
[2026-06-17T10:05:48.945+0800][29.738s][info][gc,phases      ] GC(1166) Summary Phase 0.336ms
[2026-06-17T10:05:48.946+0800][29.738s][info][gc,phases,start] GC(1166) Forward
[2026-06-17T10:05:48.946+0800][29.739s][info][gc,phases      ] GC(1166) Forward 0.544ms
[2026-06-17T10:05:48.947+0800][29.739s][info][gc,phases,start] GC(1166) Adjust Pointers
[2026-06-17T10:05:48.948+0800][29.741s][info][gc,phases      ] GC(1166) Adjust Pointers 1.437ms
[2026-06-17T10:05:48.949+0800][29.741s][info][gc,phases,start] GC(1166) Compaction Phase
[2026-06-17T10:05:48.951+0800][29.744s][info][gc,phases      ] GC(1166) Compaction Phase 2.266ms
[2026-06-17T10:05:48.951+0800][29.744s][info][gc,phases,start] GC(1166) Post Compact
[2026-06-17T10:05:48.952+0800][29.744s][info][gc,phases      ] GC(1166) Post Compact 0.352ms
[2026-06-17T10:05:48.952+0800][29.745s][info][gc,heap        ] GC(1166) PSYoungGen: 7724K(14336K)->0K(14336K) Eden: 7157K(7168K)->0K(7168K) From: 567K(7168K)->0K(7168K)
[2026-06-17T10:05:48.952+0800][29.745s][info][gc,heap        ] GC(1166) ParOldGen: 40302K(44032K)->31294K(44032K)
[2026-06-17T10:05:48.952+0800][29.745s][info][gc,metaspace   ] GC(1166) Metaspace: 116K(320K)->116K(320K) NonClass: 109K(192K)->109K(192K) Class: 7K(128K)->7K(128K)
[2026-06-17T10:05:48.952+0800][29.745s][info][gc             ] GC(1166) Pause Full (Allocation Failure) 46M->30M(57M) 10.335ms
[2026-06-17T10:05:48.953+0800][29.746s][info][gc,cpu         ] GC(1166) User=0.01s Sys=0.00s Real=0.02s
[2026-06-17T10:05:48.975+0800][29.767s][info][gc,start       ] GC(1167) Pause Young (Allocation Failure)
[2026-06-17T10:05:48.976+0800][29.769s][info][gc,heap        ] GC(1167) PSYoungGen: 7139K(14336K)->3365K(14336K) Eden: 7139K(7168K)->0K(7168K) From: 0K(7168K)->3365K(7168K)
[2026-06-17T10:05:48.977+0800][29.770s][info][gc,heap        ] GC(1167) ParOldGen: 31294K(44032K)->31294K(44032K)
[2026-06-17T10:05:48.977+0800][29.770s][info][gc,metaspace   ] GC(1167) Metaspace: 116K(320K)->116K(320K) NonClass: 109K(192K)->109K(192K) Class: 7K(128K)->7K(128K)
[2026-06-17T10:05:48.978+0800][29.771s][info][gc             ] GC(1167) Pause Young (Allocation Failure) 37M->33M(57M) 3.405ms
[2026-06-17T10:05:48.978+0800][29.771s][info][gc,cpu         ] GC(1167) User=0.00s Sys=0.00s Real=0.00s
[2026-06-17T10:05:49.000+0800][29.793s][info][gc,start       ] GC(1168) Pause Young (Allocation Failure)
[2026-06-17T10:05:49.001+0800][29.794s][info][gc,heap        ] GC(1168) PSYoungGen: 10526K(14336K)->378K(14336K) Eden: 7160K(7168K)->0K(7168K) From: 3365K(7168K)->378K(7168K)
[2026-06-17T10:05:49.002+0800][29.794s][info][gc,heap        ] GC(1168) ParOldGen: 31294K(44032K)->34063K(44032K)
[2026-06-17T10:05:49.002+0800][29.795s][info][gc,metaspace   ] GC(1168) Metaspace: 116K(320K)->116K(320K) NonClass: 109K(192K)->109K(192K) Class: 7K(128K)->7K(128K)
[2026-06-17T10:05:49.003+0800][29.796s][info][gc             ] GC(1168) Pause Young (Allocation Failure) 40M->33M(57M) 3.178ms
[2026-06-17T10:05:49.004+0800][29.796s][info][gc,cpu         ] GC(1168) User=0.00s Sys=0.00s Real=0.01s
[2026-06-17T10:05:49.015+0800][29.808s][info][gc,start       ] GC(1169) Pause Young (Allocation Failure)
[2026-06-17T10:05:49.016+0800][29.809s][info][gc,heap        ] GC(1169) PSYoungGen: 7506K(14336K)->4344K(14336K) Eden: 7127K(7168K)->0K(7168K) From: 378K(7168K)->4344K(7168K)
[2026-06-17T10:05:49.017+0800][29.809s][info][gc,heap        ] GC(1169) ParOldGen: 34063K(44032K)->34063K(44032K)
[2026-06-17T10:05:49.017+0800][29.810s][info][gc,metaspace   ] GC(1169) Metaspace: 116K(320K)->116K(320K) NonClass: 109K(192K)->109K(192K) Class: 7K(128K)->7K(128K)
[2026-06-17T10:05:49.017+0800][29.810s][info][gc             ] GC(1169) Pause Young (Allocation Failure) 40M->37M(57M) 2.390ms
[2026-06-17T10:05:49.018+0800][29.810s][info][gc,cpu         ] GC(1169) User=0.00s Sys=0.00s Real=0.00s
[2026-06-17T10:05:49.039+0800][29.832s][info][gc,start       ] GC(1170) Pause Young (Allocation Failure)
[2026-06-17T10:05:49.041+0800][29.834s][info][gc,heap        ] GC(1170) PSYoungGen: 11482K(14336K)->2266K(14336K) Eden: 7138K(7168K)->0K(7168K) From: 4344K(7168K)->2266K(7168K)
[2026-06-17T10:05:49.041+0800][29.834s][info][gc,heap        ] GC(1170) ParOldGen: 34063K(44032K)->36171K(44032K)
[2026-06-17T10:05:49.042+0800][29.834s][info][gc,metaspace   ] GC(1170) Metaspace: 116K(320K)->116K(320K) NonClass: 109K(192K)->109K(192K) Class: 7K(128K)->7K(128K)
[2026-06-17T10:05:49.042+0800][29.835s][info][gc             ] GC(1170) Pause Young (Allocation Failure) 44M->37M(57M) 2.656ms
[2026-06-17T10:05:49.042+0800][29.835s][info][gc,cpu         ] GC(1170) User=0.00s Sys=0.01s Real=0.00s
[2026-06-17T10:05:49.064+0800][29.857s][info][gc,start       ] GC(1171) Pause Young (Allocation Failure)
[2026-06-17T10:05:49.065+0800][29.858s][info][gc,heap        ] GC(1171) PSYoungGen: 9408K(14336K)->2600K(14336K) Eden: 7141K(7168K)->0K(7168K) From: 2266K(7168K)->2600K(7168K)
[2026-06-17T10:05:49.066+0800][29.859s][info][gc,heap        ] GC(1171) ParOldGen: 36171K(44032K)->36171K(44032K)
[2026-06-17T10:05:49.067+0800][29.860s][info][gc,metaspace   ] GC(1171) Metaspace: 116K(320K)->116K(320K) NonClass: 109K(192K)->109K(192K) Class: 7K(128K)->7K(128K)
[2026-06-17T10:05:49.067+0800][29.860s][info][gc             ] GC(1171) Pause Young (Allocation Failure) 44M->37M(57M) 3.499ms
[2026-06-17T10:05:49.068+0800][29.861s][info][gc,cpu         ] GC(1171) User=0.00s Sys=0.00s Real=0.00s
[2026-06-17T10:05:49.080+0800][29.872s][info][gc,start       ] GC(1172) Pause Young (Allocation Failure)
[2026-06-17T10:05:49.081+0800][29.874s][info][gc,heap        ] GC(1172) PSYoungGen: 9474K(14336K)->403K(14336K) Eden: 6874K(7168K)->0K(7168K) From: 2600K(7168K)->403K(7168K)
[2026-06-17T10:05:49.083+0800][29.876s][info][gc,heap        ] GC(1172) ParOldGen: 36171K(44032K)->37944K(44032K)
[2026-06-17T10:05:49.084+0800][29.876s][info][gc,metaspace   ] GC(1172) Metaspace: 116K(320K)->116K(320K) NonClass: 109K(192K)->109K(192K) Class: 7K(128K)->7K(128K)
[2026-06-17T10:05:49.084+0800][29.877s][info][gc             ] GC(1172) Pause Young (Allocation Failure) 44M->37M(57M) 4.251ms
[2026-06-17T10:05:49.084+0800][29.877s][info][gc,cpu         ] GC(1172) User=0.00s Sys=0.00s Real=0.01s
[2026-06-17T10:05:49.106+0800][29.899s][info][gc,start       ] GC(1173) Pause Young (Allocation Failure)
[2026-06-17T10:05:49.108+0800][29.901s][info][gc,heap        ] GC(1173) PSYoungGen: 7547K(14336K)->3559K(14336K) Eden: 7144K(7168K)->0K(7168K) From: 403K(7168K)->3559K(7168K)
[2026-06-17T10:05:49.109+0800][29.901s][info][gc,heap        ] GC(1173) ParOldGen: 37944K(44032K)->38323K(44032K)
[2026-06-17T10:05:49.109+0800][29.902s][info][gc,metaspace   ] GC(1173) Metaspace: 116K(320K)->116K(320K) NonClass: 109K(192K)->109K(192K) Class: 7K(128K)->7K(128K)
[2026-06-17T10:05:49.109+0800][29.902s][info][gc             ] GC(1173) Pause Young (Allocation Failure) 44M->40M(57M) 3.148ms
[2026-06-17T10:05:49.110+0800][29.903s][info][gc,cpu         ] GC(1173) User=0.00s Sys=0.00s Real=0.00s
[2026-06-17T10:05:49.121+0800][29.914s][info][gc,start       ] GC(1174) Pause Young (Allocation Failure)
[2026-06-17T10:05:49.124+0800][29.917s][info][gc,heap        ] GC(1174) PSYoungGen: 10440K(14336K)->868K(14336K) Eden: 6881K(7168K)->0K(7168K) From: 3559K(7168K)->868K(7168K)
[2026-06-17T10:05:49.124+0800][29.917s][info][gc,heap        ] GC(1174) ParOldGen: 38323K(44032K)->41097K(44032K)
[2026-06-17T10:05:49.125+0800][29.918s][info][gc,metaspace   ] GC(1174) Metaspace: 116K(320K)->116K(320K) NonClass: 109K(192K)->109K(192K) Class: 7K(128K)->7K(128K)
[2026-06-17T10:05:49.125+0800][29.918s][info][gc             ] GC(1174) Pause Young (Allocation Failure) 47M->40M(57M) 3.993ms
[2026-06-17T10:05:49.126+0800][29.919s][info][gc,cpu         ] GC(1174) User=0.00s Sys=0.00s Real=0.01s
[2026-06-17T10:05:49.147+0800][29.940s][info][gc,start       ] GC(1175) Pause Full (Allocation Failure)
[2026-06-17T10:05:49.148+0800][29.941s][info][gc,phases,start] GC(1175) Marking Phase
[2026-06-17T10:05:49.150+0800][29.943s][info][gc,phases      ] GC(1175) Marking Phase 1.923ms
[2026-06-17T10:05:49.150+0800][29.943s][info][gc,phases,start] GC(1175) Summary Phase
[2026-06-17T10:05:49.150+0800][29.943s][info][gc,phases      ] GC(1175) Summary Phase 0.322ms
[2026-06-17T10:05:49.151+0800][29.943s][info][gc,phases,start] GC(1175) Forward
[2026-06-17T10:05:49.151+0800][29.944s][info][gc,phases      ] GC(1175) Forward 0.312ms
[2026-06-17T10:05:49.151+0800][29.944s][info][gc,phases,start] GC(1175) Adjust Pointers
[2026-06-17T10:05:49.152+0800][29.945s][info][gc,phases      ] GC(1175) Adjust Pointers 0.906ms
[2026-06-17T10:05:49.153+0800][29.945s][info][gc,phases,start] GC(1175) Compaction Phase
[2026-06-17T10:05:49.155+0800][29.947s][info][gc,phases      ] GC(1175) Compaction Phase 2.090ms
[2026-06-17T10:05:49.155+0800][29.948s][info][gc,phases,start] GC(1175) Post Compact
[2026-06-17T10:05:49.155+0800][29.948s][info][gc,phases      ] GC(1175) Post Compact 0.305ms
[2026-06-17T10:05:49.156+0800][29.948s][info][gc,heap        ] GC(1175) PSYoungGen: 8033K(14336K)->0K(14848K) Eden: 7165K(7168K)->0K(8192K) From: 868K(7168K)->0K(6656K)
[2026-06-17T10:05:49.156+0800][29.949s][info][gc,heap        ] GC(1175) ParOldGen: 41097K(44032K)->26569K(44032K)
[2026-06-17T10:05:49.156+0800][29.949s][info][gc,metaspace   ] GC(1175) Metaspace: 116K(320K)->116K(320K) NonClass: 109K(192K)->109K(192K) Class: 7K(128K)->7K(128K)
[2026-06-17T10:05:49.156+0800][29.949s][info][gc             ] GC(1175) Pause Full (Allocation Failure) 47M->25M(57M) 8.709ms
[2026-06-17T10:05:49.157+0800][29.949s][info][gc,cpu         ] GC(1175) User=0.01s Sys=0.00s Real=0.01s
[2026-06-17T10:05:49.178+0800][29.971s][info][gc,start       ] GC(1176) Pause Young (Allocation Failure)
[2026-06-17T10:05:49.180+0800][29.972s][info][gc,heap        ] GC(1176) PSYoungGen: 8173K(14848K)->4503K(12800K) Eden: 8173K(8192K)->0K(8192K) From: 0K(6656K)->4503K(4608K)
[2026-06-17T10:05:49.180+0800][29.973s][info][gc,heap        ] GC(1176) ParOldGen: 26569K(44032K)->26569K(44032K)
[2026-06-17T10:05:49.180+0800][29.973s][info][gc,metaspace   ] GC(1176) Metaspace: 116K(320K)->116K(320K) NonClass: 109K(192K)->109K(192K) Class: 7K(128K)->7K(128K)
[2026-06-17T10:05:49.181+0800][29.974s][info][gc             ] GC(1176) Pause Young (Allocation Failure) 33M->30M(55M) 2.733ms
[2026-06-17T10:05:49.181+0800][29.974s][info][gc,cpu         ] GC(1176) User=0.00s Sys=0.00s Real=0.00s
[2026-06-17T10:05:49.203+0800][29.996s][info][gc,start       ] GC(1177) Pause Young (Allocation Failure)
[2026-06-17T10:05:49.205+0800][29.997s][info][gc,heap        ] GC(1177) PSYoungGen: 12573K(12800K)->277K(14336K) Eden: 8070K(8192K)->0K(7168K) From: 4503K(4608K)->277K(7168K)
[2026-06-17T10:05:49.205+0800][29.998s][info][gc,heap        ] GC(1177) ParOldGen: 26569K(44032K)->28904K(44032K)
[2026-06-17T10:05:49.206+0800][29.998s][info][gc,metaspace   ] GC(1177) Metaspace: 116K(320K)->116K(320K) NonClass: 109K(192K)->109K(192K) Class: 7K(128K)->7K(128K)
[2026-06-17T10:05:49.206+0800][29.999s][info][gc             ] GC(1177) Pause Young (Allocation Failure) 38M->28M(57M) 3.115ms
[2026-06-17T10:05:49.207+0800][29.999s][info][gc,cpu         ] GC(1177) User=0.00s Sys=0.00s Real=0.00s
[2026-06-17T10:05:49.228+0800][30.021s][info][gc,start       ] GC(1178) Pause Young (Allocation Failure)
[2026-06-17T10:05:49.230+0800][30.022s][info][gc,heap        ] GC(1178) PSYoungGen: 7416K(14336K)->3607K(14336K) Eden: 7139K(7168K)->0K(7168K) From: 277K(7168K)->3607K(7168K)
[2026-06-17T10:05:49.230+0800][30.023s][info][gc,heap        ] GC(1178) ParOldGen: 28904K(44032K)->29157K(44032K)
[2026-06-17T10:05:49.231+0800][30.024s][info][gc,metaspace   ] GC(1178) Metaspace: 116K(320K)->116K(320K) NonClass: 109K(192K)->109K(192K) Class: 7K(128K)->7K(128K)
[2026-06-17T10:05:49.231+0800][30.024s][info][gc             ] GC(1178) Pause Young (Allocation Failure) 35M->31M(57M) 2.900ms
[2026-06-17T10:05:49.232+0800][30.025s][info][gc,cpu         ] GC(1178) User=0.00s Sys=0.00s Real=0.01s
[2026-06-17T10:05:49.254+0800][30.046s][info][gc,start       ] GC(1179) Pause Young (Allocation Failure)
[2026-06-17T10:05:49.256+0800][30.049s][info][gc,heap        ] GC(1179) PSYoungGen: 10772K(14336K)->2826K(14848K) Eden: 7165K(7168K)->0K(7680K) From: 3607K(7168K)->2826K(7168K)
[2026-06-17T10:05:49.256+0800][30.049s][info][gc,heap        ] GC(1179) ParOldGen: 29157K(44032K)->30719K(44032K)
[2026-06-17T10:05:49.257+0800][30.050s][info][gc,metaspace   ] GC(1179) Metaspace: 116K(320K)->116K(320K) NonClass: 109K(192K)->109K(192K) Class: 7K(128K)->7K(128K)
[2026-06-17T10:05:49.258+0800][30.050s][info][gc             ] GC(1179) Pause Young (Allocation Failure) 38M->32M(57M) 4.024ms
[2026-06-17T10:05:49.258+0800][30.051s][info][gc,cpu         ] GC(1179) User=0.00s Sys=0.00s Real=0.00s
[2026-06-17T10:05:49.280+0800][30.073s][info][gc,start       ] GC(1180) Pause Young (Allocation Failure)
[2026-06-17T10:05:49.282+0800][30.075s][info][gc,heap        ] GC(1180) PSYoungGen: 10487K(14848K)->1898K(14336K) Eden: 7660K(7680K)->0K(7680K) From: 2826K(7168K)->1898K(6656K)
[2026-06-17T10:05:49.283+0800][30.076s][info][gc,heap        ] GC(1180) ParOldGen: 30719K(44032K)->32527K(44032K)
[2026-06-17T10:05:49.283+0800][30.076s][info][gc,metaspace   ] GC(1180) Metaspace: 116K(320K)->116K(320K) NonClass: 109K(192K)->109K(192K) Class: 7K(128K)->7K(128K)
[2026-06-17T10:05:49.284+0800][30.077s][info][gc             ] GC(1180) Pause Young (Allocation Failure) 40M->33M(57M) 3.717ms
[2026-06-17T10:05:49.284+0800][30.077s][info][gc,cpu         ] GC(1180) User=0.00s Sys=0.00s Real=0.01s
[2026-06-17T10:05:49.306+0800][30.099s][info][gc,start       ] GC(1181) Pause Young (Allocation Failure)
[2026-06-17T10:05:49.308+0800][30.100s][info][gc,heap        ] GC(1181) PSYoungGen: 9578K(14336K)->2901K(15360K) Eden: 7680K(7680K)->0K(8704K) From: 1898K(6656K)->2901K(6656K)
[2026-06-17T10:05:49.308+0800][30.101s][info][gc,heap        ] GC(1181) ParOldGen: 32527K(44032K)->32527K(44032K)
[2026-06-17T10:05:49.308+0800][30.101s][info][gc,metaspace   ] GC(1181) Metaspace: 116K(320K)->116K(320K) NonClass: 109K(192K)->109K(192K) Class: 7K(128K)->7K(128K)
[2026-06-17T10:05:49.309+0800][30.102s][info][gc             ] GC(1181) Pause Young (Allocation Failure) 41M->34M(58M) 2.806ms
[2026-06-17T10:05:49.309+0800][30.102s][info][gc,cpu         ] GC(1181) User=0.00s Sys=0.00s Real=0.00s
[2026-06-17T10:05:49.321+0800][30.114s][info][gc,start       ] GC(1182) Pause Young (Allocation Failure)
[2026-06-17T10:05:49.322+0800][30.115s][info][gc,heap        ] GC(1182) PSYoungGen: 11421K(15360K)->2205K(14848K) Eden: 8519K(8704K)->0K(8704K) From: 2901K(6656K)->2205K(6144K)
[2026-06-17T10:05:49.323+0800][30.115s][info][gc,heap        ] GC(1182) ParOldGen: 32527K(44032K)->34739K(44032K)
[2026-06-17T10:05:49.323+0800][30.116s][info][gc,metaspace   ] GC(1182) Metaspace: 116K(320K)->116K(320K) NonClass: 109K(192K)->109K(192K) Class: 7K(128K)->7K(128K)
[2026-06-17T10:05:49.323+0800][30.116s][info][gc             ] GC(1182) Pause Young (Allocation Failure) 42M->36M(57M) 2.206ms
[2026-06-17T10:05:49.323+0800][30.116s][info][gc,cpu         ] GC(1182) User=0.00s Sys=0.00s Real=0.01s
[2026-06-17T10:05:49.355+0800][30.148s][info][gc,start       ] GC(1183) Pause Young (Allocation Failure)
[2026-06-17T10:05:49.356+0800][30.149s][info][gc,heap        ] GC(1183) PSYoungGen: 10898K(14848K)->1991K(15872K) Eden: 8693K(8704K)->0K(9728K) From: 2205K(6144K)->1991K(6144K)
[2026-06-17T10:05:49.357+0800][30.149s][info][gc,heap        ] GC(1183) ParOldGen: 34739K(44032K)->36920K(44032K)
[2026-06-17T10:05:49.357+0800][30.150s][info][gc,metaspace   ] GC(1183) Metaspace: 116K(320K)->116K(320K) NonClass: 109K(192K)->109K(192K) Class: 7K(128K)->7K(128K)
[2026-06-17T10:05:49.357+0800][30.150s][info][gc             ] GC(1183) Pause Young (Allocation Failure) 44M->38M(58M) 2.381ms
[2026-06-17T10:05:49.357+0800][30.150s][info][gc,cpu         ] GC(1183) User=0.00s Sys=0.01s Real=0.00s
[2026-06-17T10:05:49.379+0800][30.172s][info][gc,start       ] GC(1184) Pause Young (Allocation Failure)
[2026-06-17T10:05:49.381+0800][30.174s][info][gc,heap        ] GC(1184) PSYoungGen: 11711K(15872K)->3749K(15360K) Eden: 9720K(9728K)->0K(9728K) From: 1991K(6144K)->3749K(5632K)
[2026-06-17T10:05:49.381+0800][30.174s][info][gc,heap        ] GC(1184) ParOldGen: 36920K(44032K)->37657K(44032K)
[2026-06-17T10:05:49.382+0800][30.175s][info][gc,metaspace   ] GC(1184) Metaspace: 116K(320K)->116K(320K) NonClass: 109K(192K)->109K(192K) Class: 7K(128K)->7K(128K)
[2026-06-17T10:05:49.382+0800][30.175s][info][gc             ] GC(1184) Pause Young (Allocation Failure) 47M->40M(58M) 2.912ms
[2026-06-17T10:05:49.383+0800][30.176s][info][gc,cpu         ] GC(1184) User=0.00s Sys=0.00s Real=0.01s
[2026-06-17T10:05:49.405+0800][30.198s][info][gc,start       ] GC(1185) Pause Young (Allocation Failure)
[2026-06-17T10:05:49.408+0800][30.201s][info][gc,heap        ] GC(1185) PSYoungGen: 13462K(15360K)->4768K(14336K) Eden: 9712K(9728K)->0K(8192K) From: 3749K(5632K)->4768K(6144K)
[2026-06-17T10:05:49.409+0800][30.202s][info][gc,heap        ] GC(1185) ParOldGen: 37657K(44032K)->39421K(44032K)
[2026-06-17T10:05:49.411+0800][30.203s][info][gc,metaspace   ] GC(1185) Metaspace: 116K(320K)->116K(320K) NonClass: 109K(192K)->109K(192K) Class: 7K(128K)->7K(128K)
[2026-06-17T10:05:49.411+0800][30.204s][info][gc             ] GC(1185) Pause Young (Allocation Failure) 49M->43M(57M) 5.776ms
[2026-06-17T10:05:49.411+0800][30.204s][info][gc,cpu         ] GC(1185) User=0.00s Sys=0.00s Real=0.01s
[2026-06-17T10:05:49.433+0800][30.226s][info][gc,start       ] GC(1186) Pause Young (Allocation Failure)
[2026-06-17T10:05:49.435+0800][30.227s][info][gc,heap        ] GC(1186) PSYoungGen: 12793K(14336K)->346K(14848K) Eden: 8025K(8192K)->0K(8192K) From: 4768K(6144K)->346K(6656K)
[2026-06-17T10:05:49.435+0800][30.228s][info][gc,heap        ] GC(1186) ParOldGen: 39421K(44032K)->41055K(44032K)
[2026-06-17T10:05:49.435+0800][30.228s][info][gc,metaspace   ] GC(1186) Metaspace: 116K(320K)->116K(320K) NonClass: 109K(192K)->109K(192K) Class: 7K(128K)->7K(128K)
[2026-06-17T10:05:49.436+0800][30.229s][info][gc             ] GC(1186) Pause Young (Allocation Failure) 50M->40M(57M) 2.511ms
[2026-06-17T10:05:49.436+0800][30.229s][info][gc,cpu         ] GC(1186) User=0.00s Sys=0.00s Real=0.00s
[2026-06-17T10:05:49.458+0800][30.251s][info][gc,start       ] GC(1187) Pause Full (Allocation Failure)
[2026-06-17T10:05:49.459+0800][30.251s][info][gc,phases,start] GC(1187) Marking Phase
[2026-06-17T10:05:49.461+0800][30.254s][info][gc,phases      ] GC(1187) Marking Phase 2.621ms
[2026-06-17T10:05:49.462+0800][30.255s][info][gc,phases,start] GC(1187) Summary Phase
[2026-06-17T10:05:49.463+0800][30.255s][info][gc,phases      ] GC(1187) Summary Phase 0.513ms
[2026-06-17T10:05:49.463+0800][30.256s][info][gc,phases,start] GC(1187) Forward
[2026-06-17T10:05:49.463+0800][30.256s][info][gc,phases      ] GC(1187) Forward 0.438ms
[2026-06-17T10:05:49.464+0800][30.256s][info][gc,phases,start] GC(1187) Adjust Pointers
[2026-06-17T10:05:49.465+0800][30.258s][info][gc,phases      ] GC(1187) Adjust Pointers 1.142ms
[2026-06-17T10:05:49.465+0800][30.258s][info][gc,phases,start] GC(1187) Compaction Phase
[2026-06-17T10:05:49.467+0800][30.260s][info][gc,phases      ] GC(1187) Compaction Phase 2.299ms
[2026-06-17T10:05:49.468+0800][30.261s][info][gc,phases,start] GC(1187) Post Compact
[2026-06-17T10:05:49.469+0800][30.262s][info][gc,phases      ] GC(1187) Post Compact 0.383ms
[2026-06-17T10:05:49.469+0800][30.262s][info][gc,heap        ] GC(1187) PSYoungGen: 8520K(14848K)->0K(14848K) Eden: 8174K(8192K)->0K(8192K) From: 346K(6656K)->0K(6656K)
[2026-06-17T10:05:49.469+0800][30.262s][info][gc,heap        ] GC(1187) ParOldGen: 41055K(44032K)->33533K(44032K)
[2026-06-17T10:05:49.469+0800][30.262s][info][gc,metaspace   ] GC(1187) Metaspace: 116K(320K)->116K(320K) NonClass: 109K(192K)->109K(192K) Class: 7K(128K)->7K(128K)
[2026-06-17T10:05:49.470+0800][30.262s][info][gc             ] GC(1187) Pause Full (Allocation Failure) 48M->32M(57M) 11.739ms
[2026-06-17T10:05:49.470+0800][30.263s][info][gc,cpu         ] GC(1187) User=0.01s Sys=0.00s Real=0.01s
[2026-06-17T10:05:49.492+0800][30.285s][info][gc,start       ] GC(1188) Pause Young (Allocation Failure)
[2026-06-17T10:05:49.494+0800][30.287s][info][gc,heap        ] GC(1188) PSYoungGen: 8154K(14848K)->4754K(13312K) Eden: 8154K(8192K)->0K(8192K) From: 0K(6656K)->4754K(5120K)
[2026-06-17T10:05:49.495+0800][30.288s][info][gc,heap        ] GC(1188) ParOldGen: 33533K(44032K)->33533K(44032K)
[2026-06-17T10:05:49.495+0800][30.288s][info][gc,metaspace   ] GC(1188) Metaspace: 116K(320K)->116K(320K) NonClass: 109K(192K)->109K(192K) Class: 7K(128K)->7K(128K)
[2026-06-17T10:05:49.496+0800][30.288s][info][gc             ] GC(1188) Pause Young (Allocation Failure) 40M->37M(56M) 3.569ms
[2026-06-17T10:05:49.496+0800][30.289s][info][gc,cpu         ] GC(1188) User=0.00s Sys=0.00s Real=0.00s
[2026-06-17T10:05:49.518+0800][30.310s][info][gc,start       ] GC(1189) Pause Young (Allocation Failure)
[2026-06-17T10:05:49.519+0800][30.312s][info][gc,heap        ] GC(1189) PSYoungGen: 12920K(13312K)->2885K(14848K) Eden: 8165K(8192K)->0K(7680K) From: 4754K(5120K)->2885K(7168K)
[2026-06-17T10:05:49.519+0800][30.312s][info][gc,heap        ] GC(1189) ParOldGen: 33533K(44032K)->36835K(44032K)
[2026-06-17T10:05:49.520+0800][30.312s][info][gc,metaspace   ] GC(1189) Metaspace: 116K(320K)->116K(320K) NonClass: 109K(192K)->109K(192K) Class: 7K(128K)->7K(128K)
[2026-06-17T10:05:49.520+0800][30.313s][info][gc             ] GC(1189) Pause Young (Allocation Failure) 45M->38M(57M) 2.183ms
[2026-06-17T10:05:49.520+0800][30.313s][info][gc,cpu         ] GC(1189) User=0.00s Sys=0.00s Real=0.00s
[2026-06-17T10:05:49.542+0800][30.334s][info][gc,start       ] GC(1190) Pause Young (Allocation Failure)
[2026-06-17T10:05:49.544+0800][30.336s][info][gc,heap        ] GC(1190) PSYoungGen: 10523K(14848K)->3923K(14336K) Eden: 7638K(7680K)->0K(7680K) From: 2885K(7168K)->3923K(6656K)
[2026-06-17T10:05:49.545+0800][30.337s][info][gc,heap        ] GC(1190) ParOldGen: 36835K(44032K)->36835K(44032K)
[2026-06-17T10:05:49.546+0800][30.339s][info][gc,metaspace   ] GC(1190) Metaspace: 116K(320K)->116K(320K) NonClass: 109K(192K)->109K(192K) Class: 7K(128K)->7K(128K)
[2026-06-17T10:05:49.547+0800][30.339s][info][gc             ] GC(1190) Pause Young (Allocation Failure) 46M->39M(57M) 5.026ms
[2026-06-17T10:05:49.548+0800][30.340s][info][gc,cpu         ] GC(1190) User=0.00s Sys=0.00s Real=0.01s
[2026-06-17T10:05:49.559+0800][30.352s][info][gc,start       ] GC(1191) Pause Young (Allocation Failure)
[2026-06-17T10:05:49.561+0800][30.354s][info][gc,heap        ] GC(1191) PSYoungGen: 11443K(14336K)->750K(14848K) Eden: 7520K(7680K)->0K(8192K) From: 3923K(6656K)->750K(6656K)
[2026-06-17T10:05:49.564+0800][30.356s][info][gc,heap        ] GC(1191) ParOldGen: 36835K(44032K)->40734K(44032K)
[2026-06-17T10:05:49.564+0800][30.357s][info][gc,metaspace   ] GC(1191) Metaspace: 116K(320K)->116K(320K) NonClass: 109K(192K)->109K(192K) Class: 7K(128K)->7K(128K)
[2026-06-17T10:05:49.564+0800][30.357s][info][gc             ] GC(1191) Pause Young (Allocation Failure) 47M->40M(57M) 5.080ms
[2026-06-17T10:05:49.565+0800][30.358s][info][gc,cpu         ] GC(1191) User=0.00s Sys=0.00s Real=0.01s
[2026-06-17T10:05:49.587+0800][30.380s][info][gc,start       ] GC(1192) Pause Full (Allocation Failure)
[2026-06-17T10:05:49.588+0800][30.381s][info][gc,phases,start] GC(1192) Marking Phase
[2026-06-17T10:05:49.591+0800][30.384s][info][gc,phases      ] GC(1192) Marking Phase 3.037ms
[2026-06-17T10:05:49.591+0800][30.384s][info][gc,phases,start] GC(1192) Summary Phase
[2026-06-17T10:05:49.592+0800][30.385s][info][gc,phases      ] GC(1192) Summary Phase 0.613ms
[2026-06-17T10:05:49.593+0800][30.385s][info][gc,phases,start] GC(1192) Forward
[2026-06-17T10:05:49.593+0800][30.386s][info][gc,phases      ] GC(1192) Forward 0.779ms
[2026-06-17T10:05:49.594+0800][30.387s][info][gc,phases,start] GC(1192) Adjust Pointers
[2026-06-17T10:05:49.596+0800][30.388s][info][gc,phases      ] GC(1192) Adjust Pointers 1.708ms
[2026-06-17T10:05:49.596+0800][30.389s][info][gc,phases,start] GC(1192) Compaction Phase
[2026-06-17T10:05:49.599+0800][30.392s][info][gc,phases      ] GC(1192) Compaction Phase 2.697ms
[2026-06-17T10:05:49.599+0800][30.392s][info][gc,phases,start] GC(1192) Post Compact
[2026-06-17T10:05:49.600+0800][30.393s][info][gc,phases      ] GC(1192) Post Compact 0.426ms
[2026-06-17T10:05:49.600+0800][30.393s][info][gc,heap        ] GC(1192) PSYoungGen: 8902K(14848K)->0K(14848K) Eden: 8152K(8192K)->0K(8192K) From: 750K(6656K)->0K(6656K)
[2026-06-17T10:05:49.601+0800][30.393s][info][gc,heap        ] GC(1192) ParOldGen: 40734K(44032K)->33579K(44032K)
[2026-06-17T10:05:49.601+0800][30.394s][info][gc,metaspace   ] GC(1192) Metaspace: 116K(320K)->116K(320K) NonClass: 109K(192K)->109K(192K) Class: 7K(128K)->7K(128K)
[2026-06-17T10:05:49.601+0800][30.394s][info][gc             ] GC(1192) Pause Full (Allocation Failure) 48M->32M(57M) 14.243ms
[2026-06-17T10:05:49.602+0800][30.395s][info][gc,cpu         ] GC(1192) User=0.01s Sys=0.00s Real=0.01s
[2026-06-17T10:05:49.623+0800][30.416s][info][gc,start       ] GC(1193) Pause Young (Allocation Failure)
[2026-06-17T10:05:49.625+0800][30.417s][info][gc,heap        ] GC(1193) PSYoungGen: 8162K(14848K)->4907K(13824K) Eden: 8162K(8192K)->0K(7168K) From: 0K(6656K)->4907K(6656K)
[2026-06-17T10:05:49.625+0800][30.418s][info][gc,heap        ] GC(1193) ParOldGen: 33579K(44032K)->33579K(44032K)
[2026-06-17T10:05:49.626+0800][30.419s][info][gc,metaspace   ] GC(1193) Metaspace: 116K(320K)->116K(320K) NonClass: 109K(192K)->109K(192K) Class: 7K(128K)->7K(128K)
[2026-06-17T10:05:49.626+0800][30.419s][info][gc             ] GC(1193) Pause Young (Allocation Failure) 40M->37M(56M) 2.725ms
[2026-06-17T10:05:49.627+0800][30.419s][info][gc,cpu         ] GC(1193) User=0.00s Sys=0.00s Real=0.00s
[2026-06-17T10:05:49.649+0800][30.442s][info][gc,start       ] GC(1194) Pause Young (Allocation Failure)
[2026-06-17T10:05:49.651+0800][30.444s][info][gc,heap        ] GC(1194) PSYoungGen: 12062K(13824K)->5338K(14336K) Eden: 7155K(7168K)->0K(7168K) From: 4907K(6656K)->5338K(7168K)
[2026-06-17T10:05:49.652+0800][30.445s][info][gc,heap        ] GC(1194) ParOldGen: 33579K(44032K)->33579K(44032K)
[2026-06-17T10:05:49.652+0800][30.445s][info][gc,metaspace   ] GC(1194) Metaspace: 116K(320K)->116K(320K) NonClass: 109K(192K)->109K(192K) Class: 7K(128K)->7K(128K)
[2026-06-17T10:05:49.653+0800][30.446s][info][gc             ] GC(1194) Pause Young (Allocation Failure) 44M->38M(57M) 4.202ms
[2026-06-17T10:05:49.654+0800][30.447s][info][gc,cpu         ] GC(1194) User=0.01s Sys=0.00s Real=0.01s
[2026-06-17T10:05:49.676+0800][30.469s][info][gc,start       ] GC(1195) Pause Young (Allocation Failure)
[2026-06-17T10:05:49.677+0800][30.470s][info][gc,heap        ] GC(1195) PSYoungGen: 12465K(14336K)->3306K(14336K) Eden: 7127K(7168K)->0K(7168K) From: 5338K(7168K)->3306K(7168K)
[2026-06-17T10:05:49.678+0800][30.471s][info][gc,heap        ] GC(1195) ParOldGen: 33579K(44032K)->35560K(44032K)
[2026-06-17T10:05:49.678+0800][30.471s][info][gc,metaspace   ] GC(1195) Metaspace: 116K(320K)->116K(320K) NonClass: 109K(192K)->109K(192K) Class: 7K(128K)->7K(128K)
[2026-06-17T10:05:49.679+0800][30.472s][info][gc             ] GC(1195) Pause Young (Allocation Failure) 44M->37M(57M) 2.641ms
[2026-06-17T10:05:49.679+0800][30.472s][info][gc,cpu         ] GC(1195) User=0.00s Sys=0.00s Real=0.00s
[2026-06-17T10:05:49.690+0800][30.483s][info][gc,start       ] GC(1196) Pause Young (Allocation Failure)
[2026-06-17T10:05:49.691+0800][30.484s][info][gc,heap        ] GC(1196) PSYoungGen: 10349K(14336K)->3431K(14336K) Eden: 7043K(7168K)->0K(7168K) From: 3306K(7168K)->3431K(7168K)
[2026-06-17T10:05:49.692+0800][30.485s][info][gc,heap        ] GC(1196) ParOldGen: 35560K(44032K)->35560K(44032K)
[2026-06-17T10:05:49.692+0800][30.485s][info][gc,metaspace   ] GC(1196) Metaspace: 116K(320K)->116K(320K) NonClass: 109K(192K)->109K(192K) Class: 7K(128K)->7K(128K)
[2026-06-17T10:05:49.693+0800][30.486s][info][gc             ] GC(1196) Pause Young (Allocation Failure) 44M->38M(57M) 2.566ms
[2026-06-17T10:05:49.693+0800][30.486s][info][gc,cpu         ] GC(1196) User=0.00s Sys=0.00s Real=0.01s
[2026-06-17T10:05:49.715+0800][30.507s][info][gc,start       ] GC(1197) Pause Young (Allocation Failure)
[2026-06-17T10:05:49.717+0800][30.509s][info][gc,heap        ] GC(1197) PSYoungGen: 10575K(14336K)->6979K(14336K) Eden: 7144K(7168K)->0K(7168K) From: 3431K(7168K)->6979K(7168K)
[2026-06-17T10:05:49.717+0800][30.510s][info][gc,heap        ] GC(1197) ParOldGen: 35560K(44032K)->35560K(44032K)
[2026-06-17T10:05:49.718+0800][30.511s][info][gc,metaspace   ] GC(1197) Metaspace: 116K(320K)->116K(320K) NonClass: 109K(192K)->109K(192K) Class: 7K(128K)->7K(128K)
[2026-06-17T10:05:49.719+0800][30.511s][info][gc             ] GC(1197) Pause Young (Allocation Failure) 45M->41M(57M) 3.926ms
[2026-06-17T10:05:49.719+0800][30.512s][info][gc,cpu         ] GC(1197) User=0.01s Sys=0.00s Real=0.00s
[2026-06-17T10:05:49.742+0800][30.535s][info][gc,start       ] GC(1198) Pause Young (Allocation Failure)
[2026-06-17T10:05:49.743+0800][30.535s][info][gc,heap        ] GC(1198) PSYoungGen: 14115K(14336K)->3560K(14336K) Eden: 7136K(7168K)->0K(7168K) From: 6979K(7168K)->3560K(7168K)
[2026-06-17T10:05:49.743+0800][30.536s][info][gc,heap        ] GC(1198) ParOldGen: 35560K(44032K)->38935K(44032K)
[2026-06-17T10:05:49.743+0800][30.536s][info][gc,metaspace   ] GC(1198) Metaspace: 116K(320K)->116K(320K) NonClass: 109K(192K)->109K(192K) Class: 7K(128K)->7K(128K)
[2026-06-17T10:05:49.743+0800][30.536s][info][gc             ] GC(1198) Pause Young (Allocation Failure) 48M->41M(57M) 1.430ms
[2026-06-17T10:05:49.743+0800][30.536s][info][gc,cpu         ] GC(1198) User=0.00s Sys=0.00s Real=0.01s
[2026-06-17T10:05:49.764+0800][30.557s][info][gc,start       ] GC(1199) Pause Young (Allocation Failure)
[2026-06-17T10:05:49.766+0800][30.558s][info][gc,heap        ] GC(1199) PSYoungGen: 10710K(14336K)->1592K(14336K) Eden: 7150K(7168K)->0K(7168K) From: 3560K(7168K)->1592K(7168K)
[2026-06-17T10:05:49.766+0800][30.559s][info][gc,heap        ] GC(1199) ParOldGen: 38935K(44032K)->41169K(44032K)
[2026-06-17T10:05:49.766+0800][30.559s][info][gc,metaspace   ] GC(1199) Metaspace: 116K(320K)->116K(320K) NonClass: 109K(192K)->109K(192K) Class: 7K(128K)->7K(128K)
[2026-06-17T10:05:49.767+0800][30.559s][info][gc             ] GC(1199) Pause Young (Allocation Failure) 48M->41M(57M) 2.280ms
[2026-06-17T10:05:49.767+0800][30.560s][info][gc,cpu         ] GC(1199) User=0.00s Sys=0.00s Real=0.00s
[2026-06-17T10:05:49.778+0800][30.571s][info][gc,start       ] GC(1200) Pause Full (Allocation Failure)
[2026-06-17T10:05:49.779+0800][30.572s][info][gc,phases,start] GC(1200) Marking Phase
[2026-06-17T10:05:49.780+0800][30.573s][info][gc,phases      ] GC(1200) Marking Phase 1.370ms
[2026-06-17T10:05:49.781+0800][30.573s][info][gc,phases,start] GC(1200) Summary Phase
[2026-06-17T10:05:49.781+0800][30.574s][info][gc,phases      ] GC(1200) Summary Phase 0.337ms
[2026-06-17T10:05:49.781+0800][30.574s][info][gc,phases,start] GC(1200) Forward
[2026-06-17T10:05:49.782+0800][30.575s][info][gc,phases      ] GC(1200) Forward 0.462ms
[2026-06-17T10:05:49.782+0800][30.575s][info][gc,phases,start] GC(1200) Adjust Pointers
[2026-06-17T10:05:49.783+0800][30.576s][info][gc,phases      ] GC(1200) Adjust Pointers 0.902ms
[2026-06-17T10:05:49.784+0800][30.576s][info][gc,phases,start] GC(1200) Compaction Phase
[2026-06-17T10:05:49.785+0800][30.578s][info][gc,phases      ] GC(1200) Compaction Phase 1.501ms
[2026-06-17T10:05:49.785+0800][30.578s][info][gc,phases,start] GC(1200) Post Compact
[2026-06-17T10:05:49.786+0800][30.578s][info][gc,phases      ] GC(1200) Post Compact 0.171ms
[2026-06-17T10:05:49.786+0800][30.579s][info][gc,heap        ] GC(1200) PSYoungGen: 8760K(14336K)->0K(14336K) Eden: 7168K(7168K)->0K(7168K) From: 1592K(7168K)->0K(7168K)
[2026-06-17T10:05:49.786+0800][30.579s][info][gc,heap        ] GC(1200) ParOldGen: 41169K(44032K)->33104K(44032K)
[2026-06-17T10:05:49.786+0800][30.579s][info][gc,metaspace   ] GC(1200) Metaspace: 116K(320K)->116K(320K) NonClass: 109K(192K)->109K(192K) Class: 7K(128K)->7K(128K)
[2026-06-17T10:05:49.786+0800][30.579s][info][gc             ] GC(1200) Pause Full (Allocation Failure) 48M->32M(57M) 7.911ms
[2026-06-17T10:05:49.786+0800][30.579s][info][gc,cpu         ] GC(1200) User=0.01s Sys=0.00s Real=0.01s
[2026-06-17T10:05:49.807+0800][30.600s][info][gc,start       ] GC(1201) Pause Young (Allocation Failure)
[2026-06-17T10:05:49.808+0800][30.601s][info][gc,heap        ] GC(1201) PSYoungGen: 7158K(14336K)->3738K(14336K) Eden: 7158K(7168K)->0K(7168K) From: 0K(7168K)->3738K(7168K)
[2026-06-17T10:05:49.808+0800][30.601s][info][gc,heap        ] GC(1201) ParOldGen: 33104K(44032K)->33104K(44032K)
[2026-06-17T10:05:49.809+0800][30.601s][info][gc,metaspace   ] GC(1201) Metaspace: 116K(320K)->116K(320K) NonClass: 109K(192K)->109K(192K) Class: 7K(128K)->7K(128K)
[2026-06-17T10:05:49.809+0800][30.602s][info][gc             ] GC(1201) Pause Young (Allocation Failure) 39M->35M(57M) 1.652ms
[2026-06-17T10:05:49.809+0800][30.602s][info][gc,cpu         ] GC(1201) User=0.00s Sys=0.00s Real=0.00s
[2026-06-17T10:05:49.832+0800][30.624s][info][gc,start       ] GC(1202) Pause Young (Allocation Failure)
[2026-06-17T10:05:49.833+0800][30.625s][info][gc,heap        ] GC(1202) PSYoungGen: 10880K(14336K)->3987K(14336K) Eden: 7142K(7168K)->0K(7168K) From: 3738K(7168K)->3987K(7168K)
[2026-06-17T10:05:49.833+0800][30.626s][info][gc,heap        ] GC(1202) ParOldGen: 33104K(44032K)->33104K(44032K)
[2026-06-17T10:05:49.833+0800][30.626s][info][gc,metaspace   ] GC(1202) Metaspace: 116K(320K)->116K(320K) NonClass: 109K(192K)->109K(192K) Class: 7K(128K)->7K(128K)
[2026-06-17T10:05:49.834+0800][30.627s][info][gc             ] GC(1202) Pause Young (Allocation Failure) 42M->36M(57M) 2.375ms
[2026-06-17T10:05:49.834+0800][30.627s][info][gc,cpu         ] GC(1202) User=0.00s Sys=0.00s Real=0.00s
[2026-06-17T10:05:49.845+0800][30.638s][info][gc,start       ] GC(1203) Pause Young (Allocation Failure)
[2026-06-17T10:05:49.846+0800][30.639s][info][gc,heap        ] GC(1203) PSYoungGen: 11085K(14336K)->3897K(14336K) Eden: 7097K(7168K)->0K(7168K) From: 3987K(7168K)->3897K(7168K)
[2026-06-17T10:05:49.846+0800][30.639s][info][gc,heap        ] GC(1203) ParOldGen: 33104K(44032K)->33104K(44032K)
[2026-06-17T10:05:49.847+0800][30.639s][info][gc,metaspace   ] GC(1203) Metaspace: 116K(320K)->116K(320K) NonClass: 109K(192K)->109K(192K) Class: 7K(128K)->7K(128K)
[2026-06-17T10:05:49.847+0800][30.640s][info][gc             ] GC(1203) Pause Young (Allocation Failure) 43M->36M(57M) 1.520ms
[2026-06-17T10:05:49.847+0800][30.640s][info][gc,cpu         ] GC(1203) User=0.00s Sys=0.00s Real=0.00s
[2026-06-17T10:05:49.868+0800][30.661s][info][gc,start       ] GC(1204) Pause Young (Allocation Failure)
[2026-06-17T10:05:49.870+0800][30.663s][info][gc,heap        ] GC(1204) PSYoungGen: 11054K(14336K)->7032K(14336K) Eden: 7156K(7168K)->0K(7168K) From: 3897K(7168K)->7032K(7168K)
[2026-06-17T10:05:49.871+0800][30.664s][info][gc,heap        ] GC(1204) ParOldGen: 33104K(44032K)->33928K(44032K)
[2026-06-17T10:05:49.872+0800][30.664s][info][gc,metaspace   ] GC(1204) Metaspace: 116K(320K)->116K(320K) NonClass: 109K(192K)->109K(192K) Class: 7K(128K)->7K(128K)
[2026-06-17T10:05:49.872+0800][30.665s][info][gc             ] GC(1204) Pause Young (Allocation Failure) 43M->40M(57M) 4.069ms
[2026-06-17T10:05:49.873+0800][30.666s][info][gc,cpu         ] GC(1204) User=0.00s Sys=0.00s Real=0.01s
[2026-06-17T10:05:49.895+0800][30.688s][info][gc,start       ] GC(1205) Pause Young (Allocation Failure)
[2026-06-17T10:05:49.897+0800][30.690s][info][gc,heap        ] GC(1205) PSYoungGen: 14166K(14336K)->6589K(14336K) Eden: 7133K(7168K)->0K(7168K) From: 7032K(7168K)->6589K(7168K)
[2026-06-17T10:05:49.898+0800][30.690s][info][gc,heap        ] GC(1205) ParOldGen: 33928K(44032K)->34662K(44032K)
[2026-06-17T10:05:49.898+0800][30.691s][info][gc,metaspace   ] GC(1205) Metaspace: 116K(320K)->116K(320K) NonClass: 109K(192K)->109K(192K) Class: 7K(128K)->7K(128K)
[2026-06-17T10:05:49.899+0800][30.692s][info][gc             ] GC(1205) Pause Young (Allocation Failure) 46M->40M(57M) 4.038ms
[2026-06-17T10:05:49.900+0800][30.692s][info][gc,cpu         ] GC(1205) User=0.01s Sys=0.00s Real=0.00s
[2026-06-17T10:05:49.921+0800][30.714s][info][gc,start       ] GC(1206) Pause Young (Allocation Failure)
[2026-06-17T10:05:49.924+0800][30.717s][info][gc,heap        ] GC(1206) PSYoungGen: 13712K(14336K)->4425K(14336K) Eden: 7122K(7168K)->0K(7168K) From: 6589K(7168K)->4425K(7168K)
[2026-06-17T10:05:49.925+0800][30.717s][info][gc,heap        ] GC(1206) ParOldGen: 34662K(44032K)->36981K(44032K)
[2026-06-17T10:05:49.925+0800][30.718s][info][gc,metaspace   ] GC(1206) Metaspace: 116K(320K)->116K(320K) NonClass: 109K(192K)->109K(192K) Class: 7K(128K)->7K(128K)
[2026-06-17T10:05:49.926+0800][30.719s][info][gc             ] GC(1206) Pause Young (Allocation Failure) 47M->40M(57M) 4.435ms
[2026-06-17T10:05:49.926+0800][30.719s][info][gc,cpu         ] GC(1206) User=0.00s Sys=0.00s Real=0.01s
[2026-06-17T10:05:49.948+0800][30.741s][info][gc,start       ] GC(1207) Pause Young (Allocation Failure)
[2026-06-17T10:05:49.951+0800][30.744s][info][gc,heap        ] GC(1207) PSYoungGen: 11570K(14336K)->1968K(14336K) Eden: 7144K(7168K)->0K(7168K) From: 4425K(7168K)->1968K(7168K)
[2026-06-17T10:05:49.951+0800][30.744s][info][gc,heap        ] GC(1207) ParOldGen: 36981K(44032K)->39544K(44032K)
[2026-06-17T10:05:49.952+0800][30.744s][info][gc,metaspace   ] GC(1207) Metaspace: 116K(320K)->116K(320K) NonClass: 109K(192K)->109K(192K) Class: 7K(128K)->7K(128K)
[2026-06-17T10:05:49.952+0800][30.745s][info][gc             ] GC(1207) Pause Young (Allocation Failure) 47M->40M(57M) 3.670ms
[2026-06-17T10:05:49.952+0800][30.745s][info][gc,cpu         ] GC(1207) User=0.00s Sys=0.00s Real=0.01s
[2026-06-17T10:05:49.964+0800][30.757s][info][gc,start       ] GC(1208) Pause Young (Allocation Failure)
[2026-06-17T10:05:49.967+0800][30.759s][info][gc,heap        ] GC(1208) PSYoungGen: 9054K(14336K)->683K(14336K) Eden: 7086K(7168K)->0K(7168K) From: 1968K(7168K)->683K(7168K)
[2026-06-17T10:05:49.967+0800][30.760s][info][gc,heap        ] GC(1208) ParOldGen: 39544K(44032K)->41305K(44032K)
[2026-06-17T10:05:49.968+0800][30.761s][info][gc,metaspace   ] GC(1208) Metaspace: 116K(320K)->116K(320K) NonClass: 109K(192K)->109K(192K) Class: 7K(128K)->7K(128K)
[2026-06-17T10:05:49.969+0800][30.762s][info][gc             ] GC(1208) Pause Young (Allocation Failure) 47M->41M(57M) 4.703ms
[2026-06-17T10:05:49.969+0800][30.762s][info][gc,cpu         ] GC(1208) User=0.00s Sys=0.00s Real=0.00s
[2026-06-17T10:05:49.991+0800][30.784s][info][gc,start       ] GC(1209) Pause Full (Allocation Failure)
[2026-06-17T10:05:49.992+0800][30.784s][info][gc,phases,start] GC(1209) Marking Phase
[2026-06-17T10:05:49.994+0800][30.787s][info][gc,phases      ] GC(1209) Marking Phase 2.368ms
[2026-06-17T10:05:49.995+0800][30.787s][info][gc,phases,start] GC(1209) Summary Phase
[2026-06-17T10:05:49.995+0800][30.788s][info][gc,phases      ] GC(1209) Summary Phase 0.328ms
[2026-06-17T10:05:49.995+0800][30.788s][info][gc,phases,start] GC(1209) Forward
[2026-06-17T10:05:49.997+0800][30.789s][info][gc,phases      ] GC(1209) Forward 1.321ms
[2026-06-17T10:05:49.997+0800][30.790s][info][gc,phases,start] GC(1209) Adjust Pointers
[2026-06-17T10:05:49.999+0800][30.791s][info][gc,phases      ] GC(1209) Adjust Pointers 1.419ms
[2026-06-17T10:05:49.999+0800][30.792s][info][gc,phases,start] GC(1209) Compaction Phase
[2026-06-17T10:05:50.001+0800][30.794s][info][gc,phases      ] GC(1209) Compaction Phase 2.067ms
[2026-06-17T10:05:50.002+0800][30.794s][info][gc,phases,start] GC(1209) Post Compact
[2026-06-17T10:05:50.002+0800][30.795s][info][gc,phases      ] GC(1209) Post Compact 0.306ms
[2026-06-17T10:05:50.002+0800][30.795s][info][gc,heap        ] GC(1209) PSYoungGen: 7815K(14336K)->0K(14336K) Eden: 7132K(7168K)->0K(7168K) From: 683K(7168K)->0K(7168K)
[2026-06-17T10:05:50.002+0800][30.795s][info][gc,heap        ] GC(1209) ParOldGen: 41305K(44032K)->31613K(44032K)
[2026-06-17T10:05:50.003+0800][30.795s][info][gc,metaspace   ] GC(1209) Metaspace: 116K(320K)->116K(320K) NonClass: 109K(192K)->109K(192K) Class: 7K(128K)->7K(128K)
[2026-06-17T10:05:50.003+0800][30.796s][info][gc             ] GC(1209) Pause Full (Allocation Failure) 47M->30M(57M) 11.661ms
[2026-06-17T10:05:50.003+0800][30.796s][info][gc,cpu         ] GC(1209) User=0.01s Sys=0.00s Real=0.01s
[2026-06-17T10:05:50.014+0800][30.807s][info][gc,start       ] GC(1210) Pause Young (Allocation Failure)
[2026-06-17T10:05:50.016+0800][30.809s][info][gc,heap        ] GC(1210) PSYoungGen: 6895K(14336K)->3284K(14336K) Eden: 6895K(7168K)->0K(7168K) From: 0K(7168K)->3284K(7168K)
[2026-06-17T10:05:50.016+0800][30.809s][info][gc,heap        ] GC(1210) ParOldGen: 31613K(44032K)->31613K(44032K)
[2026-06-17T10:05:50.017+0800][30.810s][info][gc,metaspace   ] GC(1210) Metaspace: 116K(320K)->116K(320K) NonClass: 109K(192K)->109K(192K) Class: 7K(128K)->7K(128K)
[2026-06-17T10:05:50.017+0800][30.810s][info][gc             ] GC(1210) Pause Young (Allocation Failure) 37M->34M(57M) 3.027ms
[2026-06-17T10:05:50.018+0800][30.810s][info][gc,cpu         ] GC(1210) User=0.00s Sys=0.00s Real=0.00s
[2026-06-17T10:05:50.039+0800][30.832s][info][gc,start       ] GC(1211) Pause Young (Allocation Failure)
[2026-06-17T10:05:50.042+0800][30.835s][info][gc,heap        ] GC(1211) PSYoungGen: 10431K(14336K)->7124K(14336K) Eden: 7146K(7168K)->0K(7168K) From: 3284K(7168K)->7124K(7168K)
[2026-06-17T10:05:50.047+0800][30.839s][info][gc,heap        ] GC(1211) ParOldGen: 31613K(44032K)->31613K(44032K)
[2026-06-17T10:05:50.050+0800][30.843s][info][gc,metaspace   ] GC(1211) Metaspace: 116K(320K)->116K(320K) NonClass: 109K(192K)->109K(192K) Class: 7K(128K)->7K(128K)
[2026-06-17T10:05:50.057+0800][30.850s][info][gc             ] GC(1211) Pause Young (Allocation Failure) 41M->37M(57M) 17.971ms
[2026-06-17T10:05:50.058+0800][30.851s][info][gc,cpu         ] GC(1211) User=0.00s Sys=0.00s Real=0.02s
[2026-06-17T10:05:50.081+0800][30.874s][info][gc,start       ] GC(1212) Pause Young (Allocation Failure)
[2026-06-17T10:05:50.090+0800][30.883s][info][gc,heap        ] GC(1212) PSYoungGen: 14292K(14336K)->2281K(14336K) Eden: 7168K(7168K)->0K(7168K) From: 7124K(7168K)->2281K(7168K)
[2026-06-17T10:05:50.133+0800][30.926s][info][gc,heap        ] GC(1212) ParOldGen: 31613K(44032K)->36803K(44032K)
[2026-06-17T10:05:50.134+0800][30.926s][info][gc,metaspace   ] GC(1212) Metaspace: 116K(320K)->116K(320K) NonClass: 109K(192K)->109K(192K) Class: 7K(128K)->7K(128K)
[2026-06-17T10:05:50.134+0800][30.927s][info][gc             ] GC(1212) Pause Young (Allocation Failure) 44M->38M(57M) 52.867ms
[2026-06-17T10:05:50.134+0800][30.927s][info][gc,cpu         ] GC(1212) User=0.00s Sys=0.00s Real=0.06s
[2026-06-17T10:05:50.156+0800][30.949s][info][gc,start       ] GC(1213) Pause Young (Allocation Failure)
[2026-06-17T10:05:50.158+0800][30.950s][info][gc,heap        ] GC(1213) PSYoungGen: 9415K(14336K)->2609K(14336K) Eden: 7134K(7168K)->0K(7168K) From: 2281K(7168K)->2609K(7168K)
[2026-06-17T10:05:50.166+0800][30.959s][info][gc,heap        ] GC(1213) ParOldGen: 36803K(44032K)->36803K(44032K)
[2026-06-17T10:05:50.166+0800][30.959s][info][gc,metaspace   ] GC(1213) Metaspace: 116K(320K)->116K(320K) NonClass: 109K(192K)->109K(192K) Class: 7K(128K)->7K(128K)
[2026-06-17T10:05:50.167+0800][30.959s][info][gc             ] GC(1213) Pause Young (Allocation Failure) 45M->38M(57M) 10.577ms
[2026-06-17T10:05:50.167+0800][30.960s][info][gc,cpu         ] GC(1213) User=0.00s Sys=0.00s Real=0.01s
[2026-06-17T10:05:50.178+0800][30.971s][info][gc,start       ] GC(1214) Pause Young (Allocation Failure)
[2026-06-17T10:05:50.182+0800][30.975s][info][gc,heap        ] GC(1214) PSYoungGen: 9727K(14336K)->3937K(14336K) Eden: 7118K(7168K)->0K(7168K) From: 2609K(7168K)->3937K(7168K)
[2026-06-17T10:05:50.182+0800][30.975s][info][gc,heap        ] GC(1214) ParOldGen: 36803K(44032K)->38858K(44032K)
[2026-06-17T10:05:50.183+0800][30.975s][info][gc,metaspace   ] GC(1214) Metaspace: 116K(320K)->116K(320K) NonClass: 109K(192K)->109K(192K) Class: 7K(128K)->7K(128K)
[2026-06-17T10:05:50.183+0800][30.976s][info][gc             ] GC(1214) Pause Young (Allocation Failure) 45M->41M(57M) 4.785ms
[2026-06-17T10:05:50.183+0800][30.976s][info][gc,cpu         ] GC(1214) User=0.00s Sys=0.00s Real=0.01s
[2026-06-17T10:05:50.204+0800][30.997s][info][gc,start       ] GC(1215) Pause Young (Allocation Failure)
[2026-06-17T10:05:50.214+0800][31.006s][info][gc,heap        ] GC(1215) PSYoungGen: 11095K(14336K)->4275K(14336K) Eden: 7157K(7168K)->0K(7168K) From: 3937K(7168K)->4275K(7168K)
[2026-06-17T10:05:50.214+0800][31.007s][info][gc,heap        ] GC(1215) ParOldGen: 38858K(44032K)->38858K(44032K)
[2026-06-17T10:05:50.218+0800][31.010s][info][gc,metaspace   ] GC(1215) Metaspace: 116K(320K)->116K(320K) NonClass: 109K(192K)->109K(192K) Class: 7K(128K)->7K(128K)
[2026-06-17T10:05:50.218+0800][31.011s][info][gc             ] GC(1215) Pause Young (Allocation Failure) 48M->42M(57M) 13.852ms
[2026-06-17T10:05:50.224+0800][31.016s][info][gc,cpu         ] GC(1215) User=0.00s Sys=0.00s Real=0.02s
[2026-06-17T10:05:50.251+0800][31.043s][info][gc,start       ] GC(1216) Pause Young (Allocation Failure)
[2026-06-17T10:05:50.254+0800][31.047s][info][gc,heap        ] GC(1216) PSYoungGen: 11405K(14336K)->2043K(14336K) Eden: 7129K(7168K)->0K(7168K) From: 4275K(7168K)->2043K(7168K)
[2026-06-17T10:05:50.255+0800][31.048s][info][gc,heap        ] GC(1216) ParOldGen: 38858K(44032K)->41187K(44032K)
[2026-06-17T10:05:50.255+0800][31.048s][info][gc,metaspace   ] GC(1216) Metaspace: 116K(320K)->116K(320K) NonClass: 109K(192K)->109K(192K) Class: 7K(128K)->7K(128K)
[2026-06-17T10:05:50.257+0800][31.050s][info][gc             ] GC(1216) Pause Young (Allocation Failure) 49M->42M(57M) 6.194ms
[2026-06-17T10:05:50.259+0800][31.051s][info][gc,cpu         ] GC(1216) User=0.01s Sys=0.00s Real=0.00s
[2026-06-17T10:05:50.271+0800][31.063s][info][gc,start       ] GC(1217) Pause Full (Allocation Failure)
[2026-06-17T10:05:50.272+0800][31.065s][info][gc,phases,start] GC(1217) Marking Phase
[2026-06-17T10:05:50.280+0800][31.072s][info][gc,phases      ] GC(1217) Marking Phase 7.191ms
[2026-06-17T10:05:50.280+0800][31.073s][info][gc,phases,start] GC(1217) Summary Phase
[2026-06-17T10:05:50.282+0800][31.075s][info][gc,phases      ] GC(1217) Summary Phase 2.098ms
[2026-06-17T10:05:50.284+0800][31.077s][info][gc,phases,start] GC(1217) Forward
[2026-06-17T10:05:50.287+0800][31.079s][info][gc,phases      ] GC(1217) Forward 2.263ms
[2026-06-17T10:05:50.288+0800][31.081s][info][gc,phases,start] GC(1217) Adjust Pointers
[2026-06-17T10:05:50.291+0800][31.084s][info][gc,phases      ] GC(1217) Adjust Pointers 2.955ms
[2026-06-17T10:05:50.293+0800][31.086s][info][gc,phases,start] GC(1217) Compaction Phase
[2026-06-17T10:05:50.297+0800][31.090s][info][gc,phases      ] GC(1217) Compaction Phase 4.202ms
[2026-06-17T10:05:50.299+0800][31.092s][info][gc,phases,start] GC(1217) Post Compact
[2026-06-17T10:05:50.303+0800][31.096s][info][gc,phases      ] GC(1217) Post Compact 4.106ms
[2026-06-17T10:05:50.305+0800][31.098s][info][gc,heap        ] GC(1217) PSYoungGen: 9037K(14336K)->0K(14336K) Eden: 6994K(7168K)->0K(7168K) From: 2043K(7168K)->0K(7168K)
[2026-06-17T10:05:50.308+0800][31.101s][info][gc,heap        ] GC(1217) ParOldGen: 41187K(44032K)->30067K(44032K)
[2026-06-17T10:05:50.311+0800][31.103s][info][gc,metaspace   ] GC(1217) Metaspace: 116K(320K)->116K(320K) NonClass: 109K(192K)->109K(192K) Class: 7K(128K)->7K(128K)
[2026-06-17T10:05:50.313+0800][31.105s][info][gc             ] GC(1217) Pause Full (Allocation Failure) 49M->29M(57M) 42.071ms
[2026-06-17T10:05:50.315+0800][31.107s][info][gc,cpu         ] GC(1217) User=0.00s Sys=0.00s Real=0.04s
[2026-06-17T10:05:50.340+0800][31.133s][info][gc,start       ] GC(1218) Pause Young (Allocation Failure)
[2026-06-17T10:05:50.342+0800][31.134s][info][gc,heap        ] GC(1218) PSYoungGen: 7166K(14336K)->3355K(14336K) Eden: 7166K(7168K)->0K(7168K) From: 0K(7168K)->3355K(7168K)
[2026-06-17T10:05:50.342+0800][31.135s][info][gc,heap        ] GC(1218) ParOldGen: 30067K(44032K)->30067K(44032K)
[2026-06-17T10:05:50.343+0800][31.135s][info][gc,metaspace   ] GC(1218) Metaspace: 116K(320K)->116K(320K) NonClass: 109K(192K)->109K(192K) Class: 7K(128K)->7K(128K)
[2026-06-17T10:05:50.343+0800][31.136s][info][gc             ] GC(1218) Pause Young (Allocation Failure) 36M->32M(57M) 2.910ms
[2026-06-17T10:05:50.344+0800][31.136s][info][gc,cpu         ] GC(1218) User=0.01s Sys=0.00s Real=0.01s
[2026-06-17T10:05:50.366+0800][31.159s][info][gc,start       ] GC(1219) Pause Young (Allocation Failure)
[2026-06-17T10:05:50.368+0800][31.161s][info][gc,heap        ] GC(1219) PSYoungGen: 10488K(14336K)->1989K(14336K) Eden: 7132K(7168K)->0K(7168K) From: 3355K(7168K)->1989K(7168K)
[2026-06-17T10:05:50.369+0800][31.161s][info][gc,heap        ] GC(1219) ParOldGen: 30067K(44032K)->31624K(44032K)
[2026-06-17T10:05:50.369+0800][31.162s][info][gc,metaspace   ] GC(1219) Metaspace: 116K(320K)->116K(320K) NonClass: 109K(192K)->109K(192K) Class: 7K(128K)->7K(128K)
[2026-06-17T10:05:50.370+0800][31.163s][info][gc             ] GC(1219) Pause Young (Allocation Failure) 39M->32M(57M) 4.253ms
[2026-06-17T10:05:50.371+0800][31.164s][info][gc,cpu         ] GC(1219) User=0.00s Sys=0.00s Real=0.01s
[2026-06-17T10:05:50.383+0800][31.176s][info][gc,start       ] GC(1220) Pause Young (Allocation Failure)
[2026-06-17T10:05:50.384+0800][31.177s][info][gc,heap        ] GC(1220) PSYoungGen: 9156K(14336K)->5635K(14336K) Eden: 7166K(7168K)->0K(7168K) From: 1989K(7168K)->5635K(7168K)
[2026-06-17T10:05:50.384+0800][31.177s][info][gc,heap        ] GC(1220) ParOldGen: 31624K(44032K)->31624K(44032K)
[2026-06-17T10:05:50.385+0800][31.177s][info][gc,metaspace   ] GC(1220) Metaspace: 116K(320K)->116K(320K) NonClass: 109K(192K)->109K(192K) Class: 7K(128K)->7K(128K)
[2026-06-17T10:05:50.385+0800][31.177s][info][gc             ] GC(1220) Pause Young (Allocation Failure) 39M->36M(57M) 1.705ms
[2026-06-17T10:05:50.385+0800][31.178s][info][gc,cpu         ] GC(1220) User=0.00s Sys=0.00s Real=0.00s
[2026-06-17T10:05:50.406+0800][31.199s][info][gc,start       ] GC(1221) Pause Young (Allocation Failure)
[2026-06-17T10:05:50.407+0800][31.200s][info][gc,heap        ] GC(1221) PSYoungGen: 12750K(14336K)->2246K(14336K) Eden: 7114K(7168K)->0K(7168K) From: 5635K(7168K)->2246K(7168K)
[2026-06-17T10:05:50.408+0800][31.201s][info][gc,heap        ] GC(1221) ParOldGen: 31624K(44032K)->34806K(44032K)
[2026-06-17T10:05:50.408+0800][31.201s][info][gc,metaspace   ] GC(1221) Metaspace: 116K(320K)->116K(320K) NonClass: 109K(192K)->109K(192K) Class: 7K(128K)->7K(128K)
[2026-06-17T10:05:50.409+0800][31.201s][info][gc             ] GC(1221) Pause Young (Allocation Failure) 43M->36M(57M) 2.566ms
[2026-06-17T10:05:50.409+0800][31.202s][info][gc,cpu         ] GC(1221) User=0.00s Sys=0.00s Real=0.00s
[2026-06-17T10:05:50.430+0800][31.223s][info][gc,start       ] GC(1222) Pause Young (Allocation Failure)
[2026-06-17T10:05:50.432+0800][31.225s][info][gc,heap        ] GC(1222) PSYoungGen: 9399K(14336K)->2580K(14336K) Eden: 7153K(7168K)->0K(7168K) From: 2246K(7168K)->2580K(7168K)
[2026-06-17T10:05:50.432+0800][31.225s][info][gc,heap        ] GC(1222) ParOldGen: 34806K(44032K)->34806K(44032K)
[2026-06-17T10:05:50.433+0800][31.225s][info][gc,metaspace   ] GC(1222) Metaspace: 116K(320K)->116K(320K) NonClass: 109K(192K)->109K(192K) Class: 7K(128K)->7K(128K)
[2026-06-17T10:05:50.433+0800][31.226s][info][gc             ] GC(1222) Pause Young (Allocation Failure) 43M->36M(57M) 2.598ms
[2026-06-17T10:05:50.433+0800][31.226s][info][gc,cpu         ] GC(1222) User=0.00s Sys=0.00s Real=0.01s
[2026-06-17T10:05:50.445+0800][31.238s][info][gc,start       ] GC(1223) Pause Young (Allocation Failure)
[2026-06-17T10:05:50.448+0800][31.241s][info][gc,heap        ] GC(1223) PSYoungGen: 9708K(14336K)->6699K(14336K) Eden: 7128K(7168K)->0K(7168K) From: 2580K(7168K)->6699K(7168K)
[2026-06-17T10:05:50.449+0800][31.241s][info][gc,heap        ] GC(1223) ParOldGen: 34806K(44032K)->34806K(44032K)
[2026-06-17T10:05:50.449+0800][31.242s][info][gc,metaspace   ] GC(1223) Metaspace: 116K(320K)->116K(320K) NonClass: 109K(192K)->109K(192K) Class: 7K(128K)->7K(128K)
[2026-06-17T10:05:50.449+0800][31.242s][info][gc             ] GC(1223) Pause Young (Allocation Failure) 43M->40M(57M) 4.687ms
[2026-06-17T10:05:50.450+0800][31.243s][info][gc,cpu         ] GC(1223) User=0.00s Sys=0.01s Real=0.00s
[2026-06-17T10:05:50.472+0800][31.264s][info][gc,start       ] GC(1224) Pause Young (Allocation Failure)
[2026-06-17T10:05:50.473+0800][31.266s][info][gc,heap        ] GC(1224) PSYoungGen: 13867K(14336K)->4567K(14336K) Eden: 7168K(7168K)->0K(7168K) From: 6699K(7168K)->4567K(7168K)
[2026-06-17T10:05:50.474+0800][31.267s][info][gc,heap        ] GC(1224) ParOldGen: 34806K(44032K)->36942K(44032K)
[2026-06-17T10:05:50.475+0800][31.267s][info][gc,metaspace   ] GC(1224) Metaspace: 116K(320K)->116K(320K) NonClass: 109K(192K)->109K(192K) Class: 7K(128K)->7K(128K)
[2026-06-17T10:05:50.476+0800][31.268s][info][gc             ] GC(1224) Pause Young (Allocation Failure) 47M->40M(57M) 3.913ms
[2026-06-17T10:05:50.476+0800][31.269s][info][gc,cpu         ] GC(1224) User=0.00s Sys=0.00s Real=0.00s
[2026-06-17T10:05:50.499+0800][31.291s][info][gc,start       ] GC(1225) Pause Young (Allocation Failure)
[2026-06-17T10:05:50.501+0800][31.293s][info][gc,heap        ] GC(1225) PSYoungGen: 11711K(14336K)->2575K(14336K) Eden: 7143K(7168K)->0K(7168K) From: 4567K(7168K)->2575K(7168K)
[2026-06-17T10:05:50.501+0800][31.294s][info][gc,heap        ] GC(1225) ParOldGen: 36942K(44032K)->38997K(44032K)
[2026-06-17T10:05:50.502+0800][31.294s][info][gc,metaspace   ] GC(1225) Metaspace: 116K(320K)->116K(320K) NonClass: 109K(192K)->109K(192K) Class: 7K(128K)->7K(128K)
[2026-06-17T10:05:50.502+0800][31.295s][info][gc             ] GC(1225) Pause Young (Allocation Failure) 47M->40M(57M) 3.571ms
[2026-06-17T10:05:50.503+0800][31.295s][info][gc,cpu         ] GC(1225) User=0.00s Sys=0.00s Real=0.01s
[2026-06-17T10:05:50.514+0800][31.307s][info][gc,start       ] GC(1226) Pause Young (Allocation Failure)
[2026-06-17T10:05:50.515+0800][31.308s][info][gc,heap        ] GC(1226) PSYoungGen: 9632K(14336K)->2406K(14336K) Eden: 7057K(7168K)->0K(7168K) From: 2575K(7168K)->2406K(7168K)
[2026-06-17T10:05:50.516+0800][31.308s][info][gc,heap        ] GC(1226) ParOldGen: 38997K(44032K)->38997K(44032K)
[2026-06-17T10:05:50.516+0800][31.309s][info][gc,metaspace   ] GC(1226) Metaspace: 116K(320K)->116K(320K) NonClass: 109K(192K)->109K(192K) Class: 7K(128K)->7K(128K)
[2026-06-17T10:05:50.516+0800][31.309s][info][gc             ] GC(1226) Pause Young (Allocation Failure) 47M->40M(57M) 2.112ms
[2026-06-17T10:05:50.517+0800][31.310s][info][gc,cpu         ] GC(1226) User=0.00s Sys=0.00s Real=0.00s
[2026-06-17T10:05:50.538+0800][31.331s][info][gc,start       ] GC(1227) Pause Young (Allocation Failure)
[2026-06-17T10:05:50.540+0800][31.333s][info][gc,heap        ] GC(1227) PSYoungGen: 9543K(14336K)->3630K(14336K) Eden: 7136K(7168K)->0K(7168K) From: 2406K(7168K)->3630K(7168K)
[2026-06-17T10:05:50.540+0800][31.333s][info][gc,heap        ] GC(1227) ParOldGen: 38997K(44032K)->41347K(44032K)
[2026-06-17T10:05:50.541+0800][31.334s][info][gc,metaspace   ] GC(1227) Metaspace: 116K(320K)->116K(320K) NonClass: 109K(192K)->109K(192K) Class: 7K(128K)->7K(128K)
[2026-06-17T10:05:50.541+0800][31.334s][info][gc             ] GC(1227) Pause Young (Allocation Failure) 47M->43M(57M) 2.923ms
[2026-06-17T10:05:50.542+0800][31.334s][info][gc,cpu         ] GC(1227) User=0.01s Sys=0.00s Real=0.00s
[2026-06-17T10:05:50.564+0800][31.357s][info][gc,start       ] GC(1228) Pause Full (Allocation Failure)
[2026-06-17T10:05:50.565+0800][31.357s][info][gc,phases,start] GC(1228) Marking Phase
[2026-06-17T10:05:50.566+0800][31.359s][info][gc,phases      ] GC(1228) Marking Phase 1.658ms
[2026-06-17T10:05:50.567+0800][31.359s][info][gc,phases,start] GC(1228) Summary Phase
[2026-06-17T10:05:50.567+0800][31.360s][info][gc,phases      ] GC(1228) Summary Phase 0.696ms
[2026-06-17T10:05:50.568+0800][31.361s][info][gc,phases,start] GC(1228) Forward
[2026-06-17T10:05:50.568+0800][31.361s][info][gc,phases      ] GC(1228) Forward 0.317ms
[2026-06-17T10:05:50.568+0800][31.361s][info][gc,phases,start] GC(1228) Adjust Pointers
[2026-06-17T10:05:50.569+0800][31.362s][info][gc,phases      ] GC(1228) Adjust Pointers 0.793ms
[2026-06-17T10:05:50.570+0800][31.362s][info][gc,phases,start] GC(1228) Compaction Phase
[2026-06-17T10:05:50.572+0800][31.364s][info][gc,phases      ] GC(1228) Compaction Phase 1.922ms
[2026-06-17T10:05:50.572+0800][31.365s][info][gc,phases,start] GC(1228) Post Compact
[2026-06-17T10:05:50.572+0800][31.365s][info][gc,phases      ] GC(1228) Post Compact 0.326ms
[2026-06-17T10:05:50.573+0800][31.365s][info][gc,heap        ] GC(1228) PSYoungGen: 10781K(14336K)->0K(14336K) Eden: 7150K(7168K)->0K(7168K) From: 3630K(7168K)->0K(7168K)
[2026-06-17T10:05:50.573+0800][31.366s][info][gc,heap        ] GC(1228) ParOldGen: 41347K(44032K)->28400K(44032K)
[2026-06-17T10:05:50.573+0800][31.366s][info][gc,metaspace   ] GC(1228) Metaspace: 116K(320K)->116K(320K) NonClass: 109K(192K)->109K(192K) Class: 7K(128K)->7K(128K)
[2026-06-17T10:05:50.573+0800][31.366s][info][gc             ] GC(1228) Pause Full (Allocation Failure) 50M->27M(57M) 9.321ms
[2026-06-17T10:05:50.573+0800][31.366s][info][gc,cpu         ] GC(1228) User=0.00s Sys=0.00s Real=0.01s
[2026-06-17T10:05:50.595+0800][31.388s][info][gc,start       ] GC(1229) Pause Young (Allocation Failure)
[2026-06-17T10:05:50.596+0800][31.389s][info][gc,heap        ] GC(1229) PSYoungGen: 7151K(14336K)->3337K(14336K) Eden: 7151K(7168K)->0K(7168K) From: 0K(7168K)->3337K(7168K)
[2026-06-17T10:05:50.596+0800][31.389s][info][gc,heap        ] GC(1229) ParOldGen: 28400K(44032K)->28400K(44032K)
[2026-06-17T10:05:50.597+0800][31.390s][info][gc,metaspace   ] GC(1229) Metaspace: 116K(320K)->116K(320K) NonClass: 109K(192K)->109K(192K) Class: 7K(128K)->7K(128K)
[2026-06-17T10:05:50.597+0800][31.390s][info][gc             ] GC(1229) Pause Young (Allocation Failure) 34M->30M(57M) 2.535ms
[2026-06-17T10:05:50.598+0800][31.391s][info][gc,cpu         ] GC(1229) User=0.01s Sys=0.00s Real=0.00s
[2026-06-17T10:05:50.609+0800][31.402s][info][gc,start       ] GC(1230) Pause Young (Allocation Failure)
[2026-06-17T10:05:50.610+0800][31.403s][info][gc,heap        ] GC(1230) PSYoungGen: 10498K(14336K)->7029K(14336K) Eden: 7161K(7168K)->0K(7168K) From: 3337K(7168K)->7029K(7168K)
[2026-06-17T10:05:50.611+0800][31.403s][info][gc,heap        ] GC(1230) ParOldGen: 28400K(44032K)->28400K(44032K)
[2026-06-17T10:05:50.611+0800][31.404s][info][gc,metaspace   ] GC(1230) Metaspace: 116K(320K)->116K(320K) NonClass: 109K(192K)->109K(192K) Class: 7K(128K)->7K(128K)
[2026-06-17T10:05:50.611+0800][31.404s][info][gc             ] GC(1230) Pause Young (Allocation Failure) 37M->34M(57M) 2.013ms
[2026-06-17T10:05:50.611+0800][31.404s][info][gc,cpu         ] GC(1230) User=0.00s Sys=0.00s Real=0.01s
[2026-06-17T10:05:50.632+0800][31.425s][info][gc,start       ] GC(1231) Pause Young (Allocation Failure)
[2026-06-17T10:05:50.637+0800][31.430s][info][gc,heap        ] GC(1231) PSYoungGen: 14147K(14336K)->4494K(14336K) Eden: 7117K(7168K)->0K(7168K) From: 7029K(7168K)->4494K(7168K)
[2026-06-17T10:05:50.639+0800][31.432s][info][gc,heap        ] GC(1231) ParOldGen: 28400K(44032K)->31249K(44032K)
[2026-06-17T10:05:50.641+0800][31.434s][info][gc,metaspace   ] GC(1231) Metaspace: 116K(320K)->116K(320K) NonClass: 109K(192K)->109K(192K) Class: 7K(128K)->7K(128K)
[2026-06-17T10:05:50.644+0800][31.436s][info][gc             ] GC(1231) Pause Young (Allocation Failure) 41M->34M(57M) 11.144ms
[2026-06-17T10:05:50.645+0800][31.437s][info][gc,cpu         ] GC(1231) User=0.00s Sys=0.00s Real=0.01s
[2026-06-17T10:05:50.659+0800][31.452s][info][gc,start       ] GC(1232) Pause Young (Allocation Failure)
[2026-06-17T10:05:50.661+0800][31.454s][info][gc,heap        ] GC(1232) PSYoungGen: 11641K(14336K)->4607K(14336K) Eden: 7147K(7168K)->0K(7168K) From: 4494K(7168K)->4607K(7168K)
[2026-06-17T10:05:50.662+0800][31.455s][info][gc,heap        ] GC(1232) ParOldGen: 31249K(44032K)->34580K(44032K)
[2026-06-17T10:05:50.663+0800][31.456s][info][gc,metaspace   ] GC(1232) Metaspace: 116K(320K)->116K(320K) NonClass: 109K(192K)->109K(192K) Class: 7K(128K)->7K(128K)
[2026-06-17T10:05:50.664+0800][31.457s][info][gc             ] GC(1232) Pause Young (Allocation Failure) 41M->38M(57M) 4.896ms
[2026-06-17T10:05:50.665+0800][31.457s][info][gc,cpu         ] GC(1232) User=0.00s Sys=0.00s Real=0.01s
[2026-06-17T10:05:50.687+0800][31.480s][info][gc,start       ] GC(1233) Pause Young (Allocation Failure)
[2026-06-17T10:05:50.689+0800][31.482s][info][gc,heap        ] GC(1233) PSYoungGen: 11734K(14336K)->4688K(14336K) Eden: 7126K(7168K)->0K(7168K) From: 4607K(7168K)->4688K(7168K)
[2026-06-17T10:05:50.689+0800][31.482s][info][gc,heap        ] GC(1233) ParOldGen: 34580K(44032K)->34580K(44032K)
[2026-06-17T10:05:50.690+0800][31.483s][info][gc,metaspace   ] GC(1233) Metaspace: 116K(320K)->116K(320K) NonClass: 109K(192K)->109K(192K) Class: 7K(128K)->7K(128K)
[2026-06-17T10:05:50.690+0800][31.483s][info][gc             ] GC(1233) Pause Young (Allocation Failure) 45M->38M(57M) 3.331ms
[2026-06-17T10:05:50.691+0800][31.484s][info][gc,cpu         ] GC(1233) User=0.00s Sys=0.00s Real=0.01s
[2026-06-17T10:05:50.713+0800][31.506s][info][gc,start       ] GC(1234) Pause Young (Allocation Failure)
[2026-06-17T10:05:50.715+0800][31.508s][info][gc,heap        ] GC(1234) PSYoungGen: 11821K(14336K)->3034K(14336K) Eden: 7133K(7168K)->0K(7168K) From: 4688K(7168K)->3034K(7168K)
[2026-06-17T10:05:50.716+0800][31.508s][info][gc,heap        ] GC(1234) ParOldGen: 34580K(44032K)->36417K(44032K)
[2026-06-17T10:05:50.716+0800][31.509s][info][gc,metaspace   ] GC(1234) Metaspace: 116K(320K)->116K(320K) NonClass: 109K(192K)->109K(192K) Class: 7K(128K)->7K(128K)
[2026-06-17T10:05:50.717+0800][31.510s][info][gc             ] GC(1234) Pause Young (Allocation Failure) 45M->38M(57M) 3.923ms
[2026-06-17T10:05:50.717+0800][31.510s][info][gc,cpu         ] GC(1234) User=0.00s Sys=0.00s Real=0.00s
[2026-06-17T10:05:50.729+0800][31.522s][info][gc,start       ] GC(1235) Pause Young (Allocation Failure)
[2026-06-17T10:05:50.731+0800][31.523s][info][gc,heap        ] GC(1235) PSYoungGen: 9921K(14336K)->2977K(14336K) Eden: 6887K(7168K)->0K(7168K) From: 3034K(7168K)->2977K(7168K)
[2026-06-17T10:05:50.731+0800][31.524s][info][gc,heap        ] GC(1235) ParOldGen: 36417K(44032K)->36417K(44032K)
[2026-06-17T10:05:50.732+0800][31.524s][info][gc,metaspace   ] GC(1235) Metaspace: 116K(320K)->116K(320K) NonClass: 109K(192K)->109K(192K) Class: 7K(128K)->7K(128K)
[2026-06-17T10:05:50.732+0800][31.525s][info][gc             ] GC(1235) Pause Young (Allocation Failure) 45M->38M(57M) 3.169ms
[2026-06-17T10:05:50.733+0800][31.526s][info][gc,cpu         ] GC(1235) User=0.00s Sys=0.00s Real=0.01s
[2026-06-17T10:05:50.755+0800][31.548s][info][gc,start       ] GC(1236) Pause Young (Allocation Failure)
[2026-06-17T10:05:50.758+0800][31.550s][info][gc,heap        ] GC(1236) PSYoungGen: 10144K(14336K)->6624K(14336K) Eden: 7167K(7168K)->0K(7168K) From: 2977K(7168K)->6624K(7168K)
[2026-06-17T10:05:50.758+0800][31.551s][info][gc,heap        ] GC(1236) ParOldGen: 36417K(44032K)->36417K(44032K)
[2026-06-17T10:05:50.759+0800][31.552s][info][gc,metaspace   ] GC(1236) Metaspace: 116K(320K)->116K(320K) NonClass: 109K(192K)->109K(192K) Class: 7K(128K)->7K(128K)
[2026-06-17T10:05:50.760+0800][31.553s][info][gc             ] GC(1236) Pause Young (Allocation Failure) 45M->42M(57M) 4.665ms
[2026-06-17T10:05:50.760+0800][31.553s][info][gc,cpu         ] GC(1236) User=0.00s Sys=0.00s Real=0.00s
[2026-06-17T10:05:50.782+0800][31.575s][info][gc,start       ] GC(1237) Pause Young (Allocation Failure)
[2026-06-17T10:05:50.784+0800][31.577s][info][gc,heap        ] GC(1237) PSYoungGen: 13759K(14336K)->4000K(14336K) Eden: 7135K(7168K)->0K(7168K) From: 6624K(7168K)->4000K(7168K)
[2026-06-17T10:05:50.785+0800][31.578s][info][gc,heap        ] GC(1237) ParOldGen: 36417K(44032K)->39346K(44032K)
[2026-06-17T10:05:50.785+0800][31.578s][info][gc,metaspace   ] GC(1237) Metaspace: 116K(320K)->116K(320K) NonClass: 109K(192K)->109K(192K) Class: 7K(128K)->7K(128K)
[2026-06-17T10:05:50.785+0800][31.578s][info][gc             ] GC(1237) Pause Young (Allocation Failure) 49M->42M(57M) 2.894ms
[2026-06-17T10:05:50.785+0800][31.578s][info][gc,cpu         ] GC(1237) User=0.00s Sys=0.00s Real=0.01s
[2026-06-17T10:05:50.807+0800][31.599s][info][gc,start       ] GC(1238) Pause Full (Allocation Failure)
[2026-06-17T10:05:50.807+0800][31.600s][info][gc,phases,start] GC(1238) Marking Phase
[2026-06-17T10:05:50.810+0800][31.603s][info][gc,phases      ] GC(1238) Marking Phase 2.600ms
[2026-06-17T10:05:50.811+0800][31.603s][info][gc,phases,start] GC(1238) Summary Phase
[2026-06-17T10:05:50.811+0800][31.604s][info][gc,phases      ] GC(1238) Summary Phase 0.497ms
[2026-06-17T10:05:50.812+0800][31.604s][info][gc,phases,start] GC(1238) Forward
[2026-06-17T10:05:50.812+0800][31.605s][info][gc,phases      ] GC(1238) Forward 0.658ms
[2026-06-17T10:05:50.813+0800][31.605s][info][gc,phases,start] GC(1238) Adjust Pointers
[2026-06-17T10:05:50.814+0800][31.607s][info][gc,phases      ] GC(1238) Adjust Pointers 1.493ms
[2026-06-17T10:05:50.815+0800][31.607s][info][gc,phases,start] GC(1238) Compaction Phase
[2026-06-17T10:05:50.817+0800][31.610s][info][gc,phases      ] GC(1238) Compaction Phase 2.761ms
[2026-06-17T10:05:50.818+0800][31.611s][info][gc,phases,start] GC(1238) Post Compact
[2026-06-17T10:05:50.819+0800][31.611s][info][gc,phases      ] GC(1238) Post Compact 0.686ms
[2026-06-17T10:05:50.820+0800][31.613s][info][gc,heap        ] GC(1238) PSYoungGen: 11125K(14336K)->0K(14336K) Eden: 7124K(7168K)->0K(7168K) From: 4000K(7168K)->0K(7168K)
[2026-06-17T10:05:50.822+0800][31.615s][info][gc,heap        ] GC(1238) ParOldGen: 39346K(44032K)->28478K(44032K)
[2026-06-17T10:05:50.822+0800][31.615s][info][gc,metaspace   ] GC(1238) Metaspace: 116K(320K)->116K(320K) NonClass: 109K(192K)->109K(192K) Class: 7K(128K)->7K(128K)
[2026-06-17T10:05:50.823+0800][31.615s][info][gc             ] GC(1238) Pause Full (Allocation Failure) 49M->27M(57M) 15.993ms
[2026-06-17T10:05:50.823+0800][31.616s][info][gc,cpu         ] GC(1238) User=0.00s Sys=0.01s Real=0.02s
[2026-06-17T10:05:50.834+0800][31.627s][info][gc,start       ] GC(1239) Pause Young (Allocation Failure)
[2026-06-17T10:05:50.835+0800][31.628s][info][gc,heap        ] GC(1239) PSYoungGen: 7154K(14336K)->7167K(14336K) Eden: 7154K(7168K)->0K(7168K) From: 0K(7168K)->7167K(7168K)
[2026-06-17T10:05:50.836+0800][31.629s][info][gc,heap        ] GC(1239) ParOldGen: 28478K(44032K)->28504K(44032K)
[2026-06-17T10:05:50.836+0800][31.629s][info][gc,metaspace   ] GC(1239) Metaspace: 116K(320K)->116K(320K) NonClass: 109K(192K)->109K(192K) Class: 7K(128K)->7K(128K)
[2026-06-17T10:05:50.836+0800][31.629s][info][gc             ] GC(1239) Pause Young (Allocation Failure) 34M->34M(57M) 2.099ms
[2026-06-17T10:05:50.837+0800][31.629s][info][gc,cpu         ] GC(1239) User=0.00s Sys=0.00s Real=0.00s
[2026-06-17T10:05:50.858+0800][31.651s][info][gc,start       ] GC(1240) Pause Young (Allocation Failure)
[2026-06-17T10:05:50.860+0800][31.653s][info][gc,heap        ] GC(1240) PSYoungGen: 14335K(14336K)->7134K(14336K) Eden: 7168K(7168K)->0K(7168K) From: 7167K(7168K)->7134K(7168K)
[2026-06-17T10:05:50.860+0800][31.653s][info][gc,heap        ] GC(1240) ParOldGen: 28504K(44032K)->28813K(44032K)
[2026-06-17T10:05:50.861+0800][31.653s][info][gc,metaspace   ] GC(1240) Metaspace: 116K(320K)->116K(320K) NonClass: 109K(192K)->109K(192K) Class: 7K(128K)->7K(128K)
[2026-06-17T10:05:50.861+0800][31.654s][info][gc             ] GC(1240) Pause Young (Allocation Failure) 41M->35M(57M) 2.810ms
[2026-06-17T10:05:50.861+0800][31.654s][info][gc,cpu         ] GC(1240) User=0.00s Sys=0.00s Real=0.00s
[2026-06-17T10:05:50.883+0800][31.676s][info][gc,start       ] GC(1241) Pause Young (Allocation Failure)
[2026-06-17T10:05:50.884+0800][31.677s][info][gc,heap        ] GC(1241) PSYoungGen: 14293K(14336K)->2757K(14336K) Eden: 7159K(7168K)->0K(7168K) From: 7134K(7168K)->2757K(7168K)
[2026-06-17T10:05:50.885+0800][31.677s][info][gc,heap        ] GC(1241) ParOldGen: 28813K(44032K)->33189K(44032K)
[2026-06-17T10:05:50.885+0800][31.678s][info][gc,metaspace   ] GC(1241) Metaspace: 116K(320K)->116K(320K) NonClass: 109K(192K)->109K(192K) Class: 7K(128K)->7K(128K)
[2026-06-17T10:05:50.885+0800][31.678s][info][gc             ] GC(1241) Pause Young (Allocation Failure) 42M->35M(57M) 2.395ms
[2026-06-17T10:05:50.886+0800][31.678s][info][gc,cpu         ] GC(1241) User=0.00s Sys=0.00s Real=0.00s
[2026-06-17T10:05:50.897+0800][31.689s][info][gc,start       ] GC(1242) Pause Young (Allocation Failure)
[2026-06-17T10:05:50.898+0800][31.690s][info][gc,heap        ] GC(1242) PSYoungGen: 9851K(14336K)->2486K(14336K) Eden: 7093K(7168K)->0K(7168K) From: 2757K(7168K)->2486K(7168K)
[2026-06-17T10:05:50.898+0800][31.691s][info][gc,heap        ] GC(1242) ParOldGen: 33189K(44032K)->33189K(44032K)
[2026-06-17T10:05:50.898+0800][31.691s][info][gc,metaspace   ] GC(1242) Metaspace: 116K(320K)->116K(320K) NonClass: 109K(192K)->109K(192K) Class: 7K(128K)->7K(128K)
[2026-06-17T10:05:50.899+0800][31.691s][info][gc             ] GC(1242) Pause Young (Allocation Failure) 42M->34M(57M) 1.961ms
[2026-06-17T10:05:50.899+0800][31.692s][info][gc,cpu         ] GC(1242) User=0.00s Sys=0.00s Real=0.00s
[2026-06-17T10:05:50.921+0800][31.713s][info][gc,start       ] GC(1243) Pause Young (Allocation Failure)
[2026-06-17T10:05:50.922+0800][31.715s][info][gc,heap        ] GC(1243) PSYoungGen: 9624K(14336K)->3627K(14336K) Eden: 7137K(7168K)->0K(7168K) From: 2486K(7168K)->3627K(7168K)
[2026-06-17T10:05:50.922+0800][31.715s][info][gc,heap        ] GC(1243) ParOldGen: 33189K(44032K)->35619K(44032K)
[2026-06-17T10:05:50.922+0800][31.715s][info][gc,metaspace   ] GC(1243) Metaspace: 116K(320K)->116K(320K) NonClass: 109K(192K)->109K(192K) Class: 7K(128K)->7K(128K)
[2026-06-17T10:05:50.923+0800][31.715s][info][gc             ] GC(1243) Pause Young (Allocation Failure) 41M->38M(57M) 2.034ms
[2026-06-17T10:05:50.923+0800][31.716s][info][gc,cpu         ] GC(1243) User=0.00s Sys=0.00s Real=0.01s
[2026-06-17T10:05:50.944+0800][31.737s][info][gc,start       ] GC(1244) Pause Young (Allocation Failure)
[2026-06-17T10:05:50.946+0800][31.738s][info][gc,heap        ] GC(1244) PSYoungGen: 10786K(14336K)->4297K(14336K) Eden: 7158K(7168K)->0K(7168K) From: 3627K(7168K)->4297K(7168K)
[2026-06-17T10:05:50.946+0800][31.739s][info][gc,heap        ] GC(1244) ParOldGen: 35619K(44032K)->35619K(44032K)
[2026-06-17T10:05:50.946+0800][31.739s][info][gc,metaspace   ] GC(1244) Metaspace: 116K(320K)->116K(320K) NonClass: 109K(192K)->109K(192K) Class: 7K(128K)->7K(128K)
[2026-06-17T10:05:50.947+0800][31.740s][info][gc             ] GC(1244) Pause Young (Allocation Failure) 45M->38M(57M) 2.540ms
[2026-06-17T10:05:50.947+0800][31.740s][info][gc,cpu         ] GC(1244) User=0.00s Sys=0.00s Real=0.00s
[2026-06-17T10:05:50.969+0800][31.762s][info][gc,start       ] GC(1245) Pause Young (Allocation Failure)
[2026-06-17T10:05:50.971+0800][31.764s][info][gc,heap        ] GC(1245) PSYoungGen: 11451K(14336K)->1050K(14336K) Eden: 7154K(7168K)->0K(7168K) From: 4297K(7168K)->1050K(7168K)
[2026-06-17T10:05:50.972+0800][31.764s][info][gc,heap        ] GC(1245) ParOldGen: 35619K(44032K)->38578K(44032K)
[2026-06-17T10:05:50.972+0800][31.765s][info][gc,metaspace   ] GC(1245) Metaspace: 116K(320K)->116K(320K) NonClass: 109K(192K)->109K(192K) Class: 7K(128K)->7K(128K)
[2026-06-17T10:05:50.975+0800][31.768s][info][gc             ] GC(1245) Pause Young (Allocation Failure) 45M->38M(57M) 6.236ms
[2026-06-17T10:05:50.977+0800][31.770s][info][gc,cpu         ] GC(1245) User=0.00s Sys=0.00s Real=0.01s
[2026-06-17T10:05:50.990+0800][31.783s][info][gc,start       ] GC(1246) Pause Young (Allocation Failure)
[2026-06-17T10:05:50.992+0800][31.785s][info][gc,heap        ] GC(1246) PSYoungGen: 8214K(14336K)->4806K(14336K) Eden: 7164K(7168K)->0K(7168K) From: 1050K(7168K)->4806K(7168K)
[2026-06-17T10:05:50.993+0800][31.786s][info][gc,heap        ] GC(1246) ParOldGen: 38578K(44032K)->38578K(44032K)
[2026-06-17T10:05:50.993+0800][31.786s][info][gc,metaspace   ] GC(1246) Metaspace: 116K(320K)->116K(320K) NonClass: 109K(192K)->109K(192K) Class: 7K(128K)->7K(128K)
[2026-06-17T10:05:50.995+0800][31.787s][info][gc             ] GC(1246) Pause Young (Allocation Failure) 45M->42M(57M) 4.456ms
[2026-06-17T10:05:50.996+0800][31.788s][info][gc,cpu         ] GC(1246) User=0.00s Sys=0.00s Real=0.01s
[2026-06-17T10:05:51.017+0800][31.810s][info][gc,start       ] GC(1247) Pause Young (Allocation Failure)
[2026-06-17T10:05:51.018+0800][31.811s][info][gc,heap        ] GC(1247) PSYoungGen: 11942K(14336K)->2615K(14336K) Eden: 7135K(7168K)->0K(7168K) From: 4806K(7168K)->2615K(7168K)
[2026-06-17T10:05:51.019+0800][31.811s][info][gc,heap        ] GC(1247) ParOldGen: 38578K(44032K)->40830K(44032K)
[2026-06-17T10:05:51.019+0800][31.812s][info][gc,metaspace   ] GC(1247) Metaspace: 116K(320K)->116K(320K) NonClass: 109K(192K)->109K(192K) Class: 7K(128K)->7K(128K)
[2026-06-17T10:05:51.020+0800][31.813s][info][gc             ] GC(1247) Pause Young (Allocation Failure) 49M->42M(57M) 2.512ms
[2026-06-17T10:05:51.020+0800][31.813s][info][gc,cpu         ] GC(1247) User=0.00s Sys=0.00s Real=0.00s
[2026-06-17T10:05:51.041+0800][31.834s][info][gc,start       ] GC(1248) Pause Full (Allocation Failure)
[2026-06-17T10:05:51.042+0800][31.835s][info][gc,phases,start] GC(1248) Marking Phase
[2026-06-17T10:05:51.043+0800][31.836s][info][gc,phases      ] GC(1248) Marking Phase 1.590ms
[2026-06-17T10:05:51.044+0800][31.836s][info][gc,phases,start] GC(1248) Summary Phase
[2026-06-17T10:05:51.044+0800][31.837s][info][gc,phases      ] GC(1248) Summary Phase 0.254ms
[2026-06-17T10:05:51.044+0800][31.837s][info][gc,phases,start] GC(1248) Forward
[2026-06-17T10:05:51.044+0800][31.837s][info][gc,phases      ] GC(1248) Forward 0.230ms
[2026-06-17T10:05:51.044+0800][31.837s][info][gc,phases,start] GC(1248) Adjust Pointers
[2026-06-17T10:05:51.045+0800][31.838s][info][gc,phases      ] GC(1248) Adjust Pointers 0.720ms
[2026-06-17T10:05:51.045+0800][31.838s][info][gc,phases,start] GC(1248) Compaction Phase
[2026-06-17T10:05:51.047+0800][31.840s][info][gc,phases      ] GC(1248) Compaction Phase 1.679ms
[2026-06-17T10:05:51.047+0800][31.840s][info][gc,phases,start] GC(1248) Post Compact
[2026-06-17T10:05:51.047+0800][31.840s][info][gc,phases      ] GC(1248) Post Compact 0.160ms
[2026-06-17T10:05:51.048+0800][31.840s][info][gc,heap        ] GC(1248) PSYoungGen: 9774K(14336K)->0K(14336K) Eden: 7159K(7168K)->0K(7168K) From: 2615K(7168K)->0K(7168K)
[2026-06-17T10:05:51.048+0800][31.840s][info][gc,heap        ] GC(1248) ParOldGen: 40830K(44032K)->32649K(44032K)
[2026-06-17T10:05:51.048+0800][31.841s][info][gc,metaspace   ] GC(1248) Metaspace: 116K(320K)->116K(320K) NonClass: 109K(192K)->109K(192K) Class: 7K(128K)->7K(128K)
[2026-06-17T10:05:51.048+0800][31.841s][info][gc             ] GC(1248) Pause Full (Allocation Failure) 49M->31M(57M) 6.624ms
[2026-06-17T10:05:51.048+0800][31.841s][info][gc,cpu         ] GC(1248) User=0.00s Sys=0.00s Real=0.01s
[2026-06-17T10:05:51.059+0800][31.852s][info][gc,start       ] GC(1249) Pause Young (Allocation Failure)
[2026-06-17T10:05:51.060+0800][31.853s][info][gc,heap        ] GC(1249) PSYoungGen: 7100K(14336K)->3796K(14336K) Eden: 7100K(7168K)->0K(7168K) From: 0K(7168K)->3796K(7168K)
[2026-06-17T10:05:51.060+0800][31.853s][info][gc,heap        ] GC(1249) ParOldGen: 32649K(44032K)->32649K(44032K)
[2026-06-17T10:05:51.061+0800][31.854s][info][gc,metaspace   ] GC(1249) Metaspace: 116K(320K)->116K(320K) NonClass: 109K(192K)->109K(192K) Class: 7K(128K)->7K(128K)
[2026-06-17T10:05:51.061+0800][31.854s][info][gc             ] GC(1249) Pause Young (Allocation Failure) 38M->35M(57M) 1.972ms
[2026-06-17T10:05:51.061+0800][31.854s][info][gc,cpu         ] GC(1249) User=0.01s Sys=0.00s Real=0.00s
[2026-06-17T10:05:51.083+0800][31.876s][info][gc,start       ] GC(1250) Pause Young (Allocation Failure)
[2026-06-17T10:05:51.085+0800][31.878s][info][gc,heap        ] GC(1250) PSYoungGen: 10936K(14336K)->3633K(14336K) Eden: 7139K(7168K)->0K(7168K) From: 3796K(7168K)->3633K(7168K)
[2026-06-17T10:05:51.086+0800][31.878s][info][gc,heap        ] GC(1250) ParOldGen: 32649K(44032K)->36416K(44032K)
[2026-06-17T10:05:51.086+0800][31.879s][info][gc,metaspace   ] GC(1250) Metaspace: 116K(320K)->116K(320K) NonClass: 109K(192K)->109K(192K) Class: 7K(128K)->7K(128K)
[2026-06-17T10:05:51.087+0800][31.879s][info][gc             ] GC(1250) Pause Young (Allocation Failure) 42M->39M(57M) 3.663ms
[2026-06-17T10:05:51.087+0800][31.880s][info][gc,cpu         ] GC(1250) User=0.00s Sys=0.00s Real=0.00s
[2026-06-17T10:05:51.109+0800][31.902s][info][gc,start       ] GC(1251) Pause Young (Allocation Failure)
[2026-06-17T10:05:51.111+0800][31.904s][info][gc,heap        ] GC(1251) PSYoungGen: 10772K(14336K)->4053K(14336K) Eden: 7138K(7168K)->0K(7168K) From: 3633K(7168K)->4053K(7168K)
[2026-06-17T10:05:51.112+0800][31.905s][info][gc,heap        ] GC(1251) ParOldGen: 36416K(44032K)->36416K(44032K)
[2026-06-17T10:05:51.113+0800][31.905s][info][gc,metaspace   ] GC(1251) Metaspace: 116K(320K)->116K(320K) NonClass: 109K(192K)->109K(192K) Class: 7K(128K)->7K(128K)
[2026-06-17T10:05:51.114+0800][31.906s][info][gc             ] GC(1251) Pause Young (Allocation Failure) 46M->39M(57M) 4.324ms
[2026-06-17T10:05:51.114+0800][31.907s][info][gc,cpu         ] GC(1251) User=0.00s Sys=0.00s Real=0.01s
[2026-06-17T10:05:51.137+0800][31.929s][info][gc,start       ] GC(1252) Pause Young (Allocation Failure)
[2026-06-17T10:05:51.138+0800][31.931s][info][gc,heap        ] GC(1252) PSYoungGen: 11173K(14336K)->4224K(14336K) Eden: 7120K(7168K)->0K(7168K) From: 4053K(7168K)->4224K(7168K)
[2026-06-17T10:05:51.139+0800][31.932s][info][gc,heap        ] GC(1252) ParOldGen: 36416K(44032K)->36416K(44032K)
[2026-06-17T10:05:51.139+0800][31.932s][info][gc,metaspace   ] GC(1252) Metaspace: 116K(320K)->116K(320K) NonClass: 109K(192K)->109K(192K) Class: 7K(128K)->7K(128K)
[2026-06-17T10:05:51.140+0800][31.933s][info][gc             ] GC(1252) Pause Young (Allocation Failure) 46M->39M(57M) 3.480ms
[2026-06-17T10:05:51.141+0800][31.933s][info][gc,cpu         ] GC(1252) User=0.01s Sys=0.00s Real=0.00s
[2026-06-17T10:05:51.152+0800][31.945s][info][gc,start       ] GC(1253) Pause Young (Allocation Failure)
[2026-06-17T10:05:51.154+0800][31.946s][info][gc,heap        ] GC(1253) PSYoungGen: 11377K(14336K)->6962K(14336K) Eden: 7153K(7168K)->0K(7168K) From: 4224K(7168K)->6962K(7168K)
[2026-06-17T10:05:51.154+0800][31.947s][info][gc,heap        ] GC(1253) ParOldGen: 36416K(44032K)->37038K(44032K)
[2026-06-17T10:05:51.155+0800][31.947s][info][gc,metaspace   ] GC(1253) Metaspace: 116K(320K)->116K(320K) NonClass: 109K(192K)->109K(192K) Class: 7K(128K)->7K(128K)
[2026-06-17T10:05:51.155+0800][31.948s][info][gc             ] GC(1253) Pause Young (Allocation Failure) 46M->42M(57M) 2.825ms
[2026-06-17T10:05:51.155+0800][31.948s][info][gc,cpu         ] GC(1253) User=0.00s Sys=0.00s Real=0.00s
[2026-06-17T10:05:51.177+0800][31.970s][info][gc,start       ] GC(1254) Pause Young (Allocation Failure)
[2026-06-17T10:05:51.179+0800][31.972s][info][gc,heap        ] GC(1254) PSYoungGen: 14108K(14336K)->3923K(14336K) Eden: 7146K(7168K)->0K(7168K) From: 6962K(7168K)->3923K(7168K)
[2026-06-17T10:05:51.180+0800][31.972s][info][gc,heap        ] GC(1254) ParOldGen: 37038K(44032K)->40211K(44032K)
[2026-06-17T10:05:51.180+0800][31.973s][info][gc,metaspace   ] GC(1254) Metaspace: 116K(320K)->116K(320K) NonClass: 109K(192K)->109K(192K) Class: 7K(128K)->7K(128K)
[2026-06-17T10:05:51.181+0800][31.974s][info][gc             ] GC(1254) Pause Young (Allocation Failure) 49M->43M(57M) 3.963ms
[2026-06-17T10:05:51.181+0800][31.974s][info][gc,cpu         ] GC(1254) User=0.00s Sys=0.00s Real=0.00s
[2026-06-17T10:05:51.203+0800][31.996s][info][gc,start       ] GC(1255) Pause Full (Allocation Failure)
[2026-06-17T10:05:51.204+0800][31.997s][info][gc,phases,start] GC(1255) Marking Phase
[2026-06-17T10:05:51.208+0800][32.000s][info][gc,phases      ] GC(1255) Marking Phase 3.147ms
[2026-06-17T10:05:51.209+0800][32.002s][info][gc,phases,start] GC(1255) Summary Phase
[2026-06-17T10:05:51.210+0800][32.003s][info][gc,phases      ] GC(1255) Summary Phase 0.501ms
[2026-06-17T10:05:51.210+0800][32.003s][info][gc,phases,start] GC(1255) Forward
[2026-06-17T10:05:51.211+0800][32.004s][info][gc,phases      ] GC(1255) Forward 0.611ms
[2026-06-17T10:05:51.212+0800][32.004s][info][gc,phases,start] GC(1255) Adjust Pointers
[2026-06-17T10:05:51.213+0800][32.006s][info][gc,phases      ] GC(1255) Adjust Pointers 1.251ms
[2026-06-17T10:05:51.213+0800][32.006s][info][gc,phases,start] GC(1255) Compaction Phase
[2026-06-17T10:05:51.215+0800][32.008s][info][gc,phases      ] GC(1255) Compaction Phase 1.957ms
[2026-06-17T10:05:51.216+0800][32.009s][info][gc,phases,start] GC(1255) Post Compact
[2026-06-17T10:05:51.216+0800][32.009s][info][gc,phases      ] GC(1255) Post Compact 0.333ms
[2026-06-17T10:05:51.216+0800][32.009s][info][gc,heap        ] GC(1255) PSYoungGen: 11081K(14336K)->0K(14336K) Eden: 7157K(7168K)->0K(7168K) From: 3923K(7168K)->0K(7168K)
[2026-06-17T10:05:51.217+0800][32.010s][info][gc,heap        ] GC(1255) ParOldGen: 40211K(44032K)->31950K(44032K)
[2026-06-17T10:05:51.217+0800][32.010s][info][gc,metaspace   ] GC(1255) Metaspace: 116K(320K)->116K(320K) NonClass: 109K(192K)->109K(192K) Class: 7K(128K)->7K(128K)
[2026-06-17T10:05:51.217+0800][32.010s][info][gc             ] GC(1255) Pause Full (Allocation Failure) 50M->31M(57M) 13.911ms
[2026-06-17T10:05:51.218+0800][32.010s][info][gc,cpu         ] GC(1255) User=0.01s Sys=0.00s Real=0.01s
[2026-06-17T10:05:51.229+0800][32.022s][info][gc,start       ] GC(1256) Pause Young (Allocation Failure)
[2026-06-17T10:05:51.230+0800][32.023s][info][gc,heap        ] GC(1256) PSYoungGen: 7123K(14336K)->3906K(14336K) Eden: 7123K(7168K)->0K(7168K) From: 0K(7168K)->3906K(7168K)
[2026-06-17T10:05:51.231+0800][32.023s][info][gc,heap        ] GC(1256) ParOldGen: 31950K(44032K)->31950K(44032K)
[2026-06-17T10:05:51.231+0800][32.024s][info][gc,metaspace   ] GC(1256) Metaspace: 116K(320K)->116K(320K) NonClass: 109K(192K)->109K(192K) Class: 7K(128K)->7K(128K)
[2026-06-17T10:05:51.232+0800][32.025s][info][gc             ] GC(1256) Pause Young (Allocation Failure) 38M->35M(57M) 2.920ms
[2026-06-17T10:05:51.232+0800][32.025s][info][gc,cpu         ] GC(1256) User=0.00s Sys=0.00s Real=0.01s
[2026-06-17T10:05:51.254+0800][32.047s][info][gc,start       ] GC(1257) Pause Young (Allocation Failure)
[2026-06-17T10:05:51.257+0800][32.050s][info][gc,heap        ] GC(1257) PSYoungGen: 11037K(14336K)->7106K(14336K) Eden: 7131K(7168K)->0K(7168K) From: 3906K(7168K)->7106K(7168K)
[2026-06-17T10:05:51.258+0800][32.050s][info][gc,heap        ] GC(1257) ParOldGen: 31950K(44032K)->32326K(44032K)
[2026-06-17T10:05:51.258+0800][32.051s][info][gc,metaspace   ] GC(1257) Metaspace: 116K(320K)->116K(320K) NonClass: 109K(192K)->109K(192K) Class: 7K(128K)->7K(128K)
[2026-06-17T10:05:51.259+0800][32.051s][info][gc             ] GC(1257) Pause Young (Allocation Failure) 41M->38M(57M) 4.447ms
[2026-06-17T10:05:51.259+0800][32.052s][info][gc,cpu         ] GC(1257) User=0.00s Sys=0.00s Real=0.00s
[2026-06-17T10:05:51.281+0800][32.074s][info][gc,start       ] GC(1258) Pause Young (Allocation Failure)
[2026-06-17T10:05:51.283+0800][32.076s][info][gc,heap        ] GC(1258) PSYoungGen: 14247K(14336K)->3774K(14336K) Eden: 7141K(7168K)->0K(7168K) From: 7106K(7168K)->3774K(7168K)
[2026-06-17T10:05:51.285+0800][32.077s][info][gc,heap        ] GC(1258) ParOldGen: 32326K(44032K)->35797K(44032K)
[2026-06-17T10:05:51.285+0800][32.078s][info][gc,metaspace   ] GC(1258) Metaspace: 116K(320K)->116K(320K) NonClass: 109K(192K)->109K(192K) Class: 7K(128K)->7K(128K)
[2026-06-17T10:05:51.286+0800][32.079s][info][gc             ] GC(1258) Pause Young (Allocation Failure) 45M->38M(57M) 4.641ms
[2026-06-17T10:05:51.287+0800][32.079s][info][gc,cpu         ] GC(1258) User=0.00s Sys=0.00s Real=0.01s
[2026-06-17T10:05:51.309+0800][32.102s][info][gc,start       ] GC(1259) Pause Young (Allocation Failure)
[2026-06-17T10:05:51.311+0800][32.104s][info][gc,heap        ] GC(1259) PSYoungGen: 10910K(14336K)->1327K(14336K) Eden: 7135K(7168K)->0K(7168K) From: 3774K(7168K)->1327K(7168K)
[2026-06-17T10:05:51.311+0800][32.104s][info][gc,heap        ] GC(1259) ParOldGen: 35797K(44032K)->38585K(44032K)
[2026-06-17T10:05:51.312+0800][32.105s][info][gc,metaspace   ] GC(1259) Metaspace: 116K(320K)->116K(320K) NonClass: 109K(192K)->109K(192K) Class: 7K(128K)->7K(128K)
[2026-06-17T10:05:51.313+0800][32.105s][info][gc             ] GC(1259) Pause Young (Allocation Failure) 45M->38M(57M) 3.679ms
[2026-06-17T10:05:51.313+0800][32.106s][info][gc,cpu         ] GC(1259) User=0.01s Sys=0.00s Real=0.01s
[2026-06-17T10:05:51.324+0800][32.117s][info][gc,start       ] GC(1260) Pause Full (Allocation Failure)
[2026-06-17T10:05:51.325+0800][32.118s][info][gc,phases,start] GC(1260) Marking Phase
[2026-06-17T10:05:51.326+0800][32.119s][info][gc,phases      ] GC(1260) Marking Phase 1.033ms
[2026-06-17T10:05:51.326+0800][32.119s][info][gc,phases,start] GC(1260) Summary Phase
[2026-06-17T10:05:51.326+0800][32.119s][info][gc,phases      ] GC(1260) Summary Phase 0.159ms
[2026-06-17T10:05:51.326+0800][32.119s][info][gc,phases,start] GC(1260) Forward
[2026-06-17T10:05:51.327+0800][32.119s][info][gc,phases      ] GC(1260) Forward 0.209ms
[2026-06-17T10:05:51.327+0800][32.120s][info][gc,phases,start] GC(1260) Adjust Pointers
[2026-06-17T10:05:51.327+0800][32.120s][info][gc,phases      ] GC(1260) Adjust Pointers 0.531ms
[2026-06-17T10:05:51.327+0800][32.120s][info][gc,phases,start] GC(1260) Compaction Phase
[2026-06-17T10:05:51.329+0800][32.122s][info][gc,phases      ] GC(1260) Compaction Phase 1.257ms
[2026-06-17T10:05:51.329+0800][32.122s][info][gc,phases,start] GC(1260) Post Compact
[2026-06-17T10:05:51.329+0800][32.122s][info][gc,phases      ] GC(1260) Post Compact 0.179ms
[2026-06-17T10:05:51.329+0800][32.122s][info][gc,heap        ] GC(1260) PSYoungGen: 8479K(14336K)->0K(14336K) Eden: 7151K(7168K)->0K(7168K) From: 1327K(7168K)->0K(7168K)
[2026-06-17T10:05:51.329+0800][32.122s][info][gc,heap        ] GC(1260) ParOldGen: 38585K(44032K)->30856K(44032K)
[2026-06-17T10:05:51.330+0800][32.122s][info][gc,metaspace   ] GC(1260) Metaspace: 116K(320K)->116K(320K) NonClass: 109K(192K)->109K(192K) Class: 7K(128K)->7K(128K)
[2026-06-17T10:05:51.330+0800][32.123s][info][gc             ] GC(1260) Pause Full (Allocation Failure) 45M->30M(57M) 5.392ms
[2026-06-17T10:05:51.331+0800][32.124s][info][gc,cpu         ] GC(1260) User=0.00s Sys=0.00s Real=0.01s
[2026-06-17T10:05:51.352+0800][32.145s][info][gc,start       ] GC(1261) Pause Young (Allocation Failure)
[2026-06-17T10:05:51.353+0800][32.146s][info][gc,heap        ] GC(1261) PSYoungGen: 7118K(14336K)->3689K(14336K) Eden: 7118K(7168K)->0K(7168K) From: 0K(7168K)->3689K(7168K)
[2026-06-17T10:05:51.354+0800][32.147s][info][gc,heap        ] GC(1261) ParOldGen: 30856K(44032K)->30856K(44032K)
[2026-06-17T10:05:51.354+0800][32.147s][info][gc,metaspace   ] GC(1261) Metaspace: 116K(320K)->116K(320K) NonClass: 109K(192K)->109K(192K) Class: 7K(128K)->7K(128K)
[2026-06-17T10:05:51.355+0800][32.148s][info][gc             ] GC(1261) Pause Young (Allocation Failure) 37M->33M(57M) 2.710ms
[2026-06-17T10:05:51.355+0800][32.148s][info][gc,cpu         ] GC(1261) User=0.00s Sys=0.00s Real=0.00s
[2026-06-17T10:05:51.376+0800][32.169s][info][gc,start       ] GC(1262) Pause Young (Allocation Failure)
[2026-06-17T10:05:51.378+0800][32.171s][info][gc,heap        ] GC(1262) PSYoungGen: 10854K(14336K)->2567K(14336K) Eden: 7165K(7168K)->0K(7168K) From: 3689K(7168K)->2567K(7168K)
[2026-06-17T10:05:51.378+0800][32.171s][info][gc,heap        ] GC(1262) ParOldGen: 30856K(44032K)->32000K(44032K)
[2026-06-17T10:05:51.379+0800][32.171s][info][gc,metaspace   ] GC(1262) Metaspace: 116K(320K)->116K(320K) NonClass: 109K(192K)->109K(192K) Class: 7K(128K)->7K(128K)
[2026-06-17T10:05:51.379+0800][32.172s][info][gc             ] GC(1262) Pause Young (Allocation Failure) 40M->33M(57M) 2.970ms
[2026-06-17T10:05:51.379+0800][32.172s][info][gc,cpu         ] GC(1262) User=0.01s Sys=0.00s Real=0.00s
[2026-06-17T10:05:51.391+0800][32.183s][info][gc,start       ] GC(1263) Pause Young (Allocation Failure)
[2026-06-17T10:05:51.392+0800][32.185s][info][gc,heap        ] GC(1263) PSYoungGen: 9725K(14336K)->2546K(14336K) Eden: 7158K(7168K)->0K(7168K) From: 2567K(7168K)->2546K(7168K)
[2026-06-17T10:05:51.392+0800][32.185s][info][gc,heap        ] GC(1263) ParOldGen: 32000K(44032K)->32000K(44032K)
[2026-06-17T10:05:51.392+0800][32.185s][info][gc,metaspace   ] GC(1263) Metaspace: 116K(320K)->116K(320K) NonClass: 109K(192K)->109K(192K) Class: 7K(128K)->7K(128K)
[2026-06-17T10:05:51.393+0800][32.185s][info][gc             ] GC(1263) Pause Young (Allocation Failure) 40M->33M(57M) 2.144ms
[2026-06-17T10:05:51.393+0800][32.186s][info][gc,cpu         ] GC(1263) User=0.00s Sys=0.00s Real=0.00s
[2026-06-17T10:05:51.415+0800][32.208s][info][gc,start       ] GC(1264) Pause Young (Allocation Failure)
[2026-06-17T10:05:51.417+0800][32.210s][info][gc,heap        ] GC(1264) PSYoungGen: 9703K(14336K)->3559K(14336K) Eden: 7157K(7168K)->0K(7168K) From: 2546K(7168K)->3559K(7168K)
[2026-06-17T10:05:51.418+0800][32.210s][info][gc,heap        ] GC(1264) ParOldGen: 32000K(44032K)->34498K(44032K)
[2026-06-17T10:05:51.418+0800][32.211s][info][gc,metaspace   ] GC(1264) Metaspace: 116K(320K)->116K(320K) NonClass: 109K(192K)->109K(192K) Class: 7K(128K)->7K(128K)
[2026-06-17T10:05:51.419+0800][32.211s][info][gc             ] GC(1264) Pause Young (Allocation Failure) 40M->37M(57M) 3.672ms
[2026-06-17T10:05:51.419+0800][32.212s][info][gc,cpu         ] GC(1264) User=0.00s Sys=0.00s Real=0.00s
[2026-06-17T10:05:51.441+0800][32.234s][info][gc,start       ] GC(1265) Pause Young (Allocation Failure)
[2026-06-17T10:05:51.444+0800][32.236s][info][gc,heap        ] GC(1265) PSYoungGen: 10722K(14336K)->3753K(14848K) Eden: 7163K(7168K)->0K(7680K) From: 3559K(7168K)->3753K(7168K)
[2026-06-17T10:05:51.445+0800][32.237s][info][gc,heap        ] GC(1265) ParOldGen: 34498K(44032K)->34498K(44032K)
[2026-06-17T10:05:51.445+0800][32.238s][info][gc,metaspace   ] GC(1265) Metaspace: 116K(320K)->116K(320K) NonClass: 109K(192K)->109K(192K) Class: 7K(128K)->7K(128K)
[2026-06-17T10:05:51.446+0800][32.239s][info][gc             ] GC(1265) Pause Young (Allocation Failure) 44M->37M(57M) 4.530ms
[2026-06-17T10:05:51.447+0800][32.240s][info][gc,cpu         ] GC(1265) User=0.00s Sys=0.00s Real=0.01s
[2026-06-17T10:05:51.469+0800][32.262s][info][gc,start       ] GC(1266) Pause Young (Allocation Failure)
[2026-06-17T10:05:51.472+0800][32.265s][info][gc,heap        ] GC(1266) PSYoungGen: 11433K(14848K)->2689K(14336K) Eden: 7680K(7680K)->0K(7680K) From: 3753K(7168K)->2689K(6656K)
[2026-06-17T10:05:51.473+0800][32.265s][info][gc,heap        ] GC(1266) ParOldGen: 34498K(44032K)->35943K(44032K)
[2026-06-17T10:05:51.473+0800][32.266s][info][gc,metaspace   ] GC(1266) Metaspace: 116K(320K)->116K(320K) NonClass: 109K(192K)->109K(192K) Class: 7K(128K)->7K(128K)
[2026-06-17T10:05:51.474+0800][32.267s][info][gc             ] GC(1266) Pause Young (Allocation Failure) 44M->37M(57M) 4.518ms
[2026-06-17T10:05:51.475+0800][32.267s][info][gc,cpu         ] GC(1266) User=0.00s Sys=0.00s Real=0.01s
[2026-06-17T10:05:51.487+0800][32.280s][info][gc,start       ] GC(1267) Pause Young (Allocation Failure)
[2026-06-17T10:05:51.489+0800][32.282s][info][gc,heap        ] GC(1267) PSYoungGen: 10354K(14336K)->6338K(13824K) Eden: 7664K(7680K)->0K(7168K) From: 2689K(6656K)->6338K(6656K)
[2026-06-17T10:05:51.490+0800][32.282s][info][gc,heap        ] GC(1267) ParOldGen: 35943K(44032K)->36310K(44032K)
[2026-06-17T10:05:51.490+0800][32.283s][info][gc,metaspace   ] GC(1267) Metaspace: 116K(320K)->116K(320K) NonClass: 109K(192K)->109K(192K) Class: 7K(128K)->7K(128K)
[2026-06-17T10:05:51.491+0800][32.284s][info][gc             ] GC(1267) Pause Young (Allocation Failure) 45M->41M(56M) 4.172ms
[2026-06-17T10:05:51.492+0800][32.284s][info][gc,cpu         ] GC(1267) User=0.00s Sys=0.00s Real=0.01s
[2026-06-17T10:05:51.514+0800][32.307s][info][gc,start       ] GC(1268) Pause Young (Allocation Failure)
[2026-06-17T10:05:51.516+0800][32.308s][info][gc,heap        ] GC(1268) PSYoungGen: 13491K(13824K)->4943K(14336K) Eden: 7153K(7168K)->0K(7168K) From: 6338K(6656K)->4943K(7168K)
[2026-06-17T10:05:51.516+0800][32.309s][info][gc,heap        ] GC(1268) ParOldGen: 36310K(44032K)->38161K(44032K)
[2026-06-17T10:05:51.517+0800][32.310s][info][gc,metaspace   ] GC(1268) Metaspace: 116K(320K)->116K(320K) NonClass: 109K(192K)->109K(192K) Class: 7K(128K)->7K(128K)
[2026-06-17T10:05:51.517+0800][32.310s][info][gc             ] GC(1268) Pause Young (Allocation Failure) 48M->42M(57M) 3.467ms
[2026-06-17T10:05:51.518+0800][32.310s][info][gc,cpu         ] GC(1268) User=0.00s Sys=0.00s Real=0.00s
[2026-06-17T10:05:51.541+0800][32.333s][info][gc,start       ] GC(1269) Pause Young (Allocation Failure)
[2026-06-17T10:05:51.542+0800][32.335s][info][gc,heap        ] GC(1269) PSYoungGen: 12060K(14336K)->3247K(14336K) Eden: 7117K(7168K)->0K(7168K) From: 4943K(7168K)->3247K(7168K)
[2026-06-17T10:05:51.542+0800][32.335s][info][gc,heap        ] GC(1269) ParOldGen: 38161K(44032K)->40256K(44032K)
[2026-06-17T10:05:51.542+0800][32.335s][info][gc,metaspace   ] GC(1269) Metaspace: 116K(320K)->116K(320K) NonClass: 109K(192K)->109K(192K) Class: 7K(128K)->7K(128K)
[2026-06-17T10:05:51.543+0800][32.336s][info][gc             ] GC(1269) Pause Young (Allocation Failure) 49M->42M(57M) 2.372ms
[2026-06-17T10:05:51.543+0800][32.336s][info][gc,cpu         ] GC(1269) User=0.00s Sys=0.00s Real=0.01s
[2026-06-17T10:05:51.555+0800][32.347s][info][gc,start       ] GC(1270) Pause Full (Allocation Failure)
[2026-06-17T10:05:51.555+0800][32.348s][info][gc,phases,start] GC(1270) Marking Phase
[2026-06-17T10:05:51.556+0800][32.349s][info][gc,phases      ] GC(1270) Marking Phase 0.956ms
[2026-06-17T10:05:51.556+0800][32.349s][info][gc,phases,start] GC(1270) Summary Phase
[2026-06-17T10:05:51.556+0800][32.349s][info][gc,phases      ] GC(1270) Summary Phase 0.167ms
[2026-06-17T10:05:51.556+0800][32.349s][info][gc,phases,start] GC(1270) Forward
[2026-06-17T10:05:51.557+0800][32.349s][info][gc,phases      ] GC(1270) Forward 0.231ms
[2026-06-17T10:05:51.557+0800][32.350s][info][gc,phases,start] GC(1270) Adjust Pointers
[2026-06-17T10:05:51.557+0800][32.350s][info][gc,phases      ] GC(1270) Adjust Pointers 0.696ms
[2026-06-17T10:05:51.558+0800][32.351s][info][gc,phases,start] GC(1270) Compaction Phase
[2026-06-17T10:05:51.560+0800][32.352s][info][gc,phases      ] GC(1270) Compaction Phase 1.812ms
[2026-06-17T10:05:51.560+0800][32.353s][info][gc,phases,start] GC(1270) Post Compact
[2026-06-17T10:05:51.561+0800][32.353s][info][gc,phases      ] GC(1270) Post Compact 0.253ms
[2026-06-17T10:05:51.561+0800][32.354s][info][gc,heap        ] GC(1270) PSYoungGen: 10304K(14336K)->0K(14336K) Eden: 7057K(7168K)->0K(7168K) From: 3247K(7168K)->0K(7168K)
[2026-06-17T10:05:51.561+0800][32.354s][info][gc,heap        ] GC(1270) ParOldGen: 40256K(44032K)->23827K(44032K)
[2026-06-17T10:05:51.561+0800][32.354s][info][gc,metaspace   ] GC(1270) Metaspace: 116K(320K)->116K(320K) NonClass: 109K(192K)->109K(192K) Class: 7K(128K)->7K(128K)
[2026-06-17T10:05:51.561+0800][32.354s][info][gc             ] GC(1270) Pause Full (Allocation Failure) 49M->23M(57M) 6.758ms
[2026-06-17T10:05:51.561+0800][32.354s][info][gc,cpu         ] GC(1270) User=0.00s Sys=0.00s Real=0.00s
[2026-06-17T10:05:51.583+0800][32.375s][info][gc,start       ] GC(1271) Pause Young (Allocation Failure)
[2026-06-17T10:05:51.584+0800][32.377s][info][gc,heap        ] GC(1271) PSYoungGen: 7165K(14336K)->3737K(14336K) Eden: 7165K(7168K)->0K(7168K) From: 0K(7168K)->3737K(7168K)
[2026-06-17T10:05:51.584+0800][32.377s][info][gc,heap        ] GC(1271) ParOldGen: 23827K(44032K)->23827K(44032K)
[2026-06-17T10:05:51.585+0800][32.378s][info][gc,metaspace   ] GC(1271) Metaspace: 116K(320K)->116K(320K) NonClass: 109K(192K)->109K(192K) Class: 7K(128K)->7K(128K)
[2026-06-17T10:05:51.585+0800][32.378s][info][gc             ] GC(1271) Pause Young (Allocation Failure) 30M->26M(57M) 2.454ms
[2026-06-17T10:05:51.585+0800][32.378s][info][gc,cpu         ] GC(1271) User=0.01s Sys=0.00s Real=0.00s
[2026-06-17T10:05:51.597+0800][32.390s][info][gc,start       ] GC(1272) Pause Young (Allocation Failure)
[2026-06-17T10:05:51.598+0800][32.391s][info][gc,heap        ] GC(1272) PSYoungGen: 10639K(14336K)->3238K(14336K) Eden: 6902K(7168K)->0K(7168K) From: 3737K(7168K)->3238K(7168K)
[2026-06-17T10:05:51.599+0800][32.392s][info][gc,heap        ] GC(1272) ParOldGen: 23827K(44032K)->23827K(44032K)
[2026-06-17T10:05:51.599+0800][32.392s][info][gc,metaspace   ] GC(1272) Metaspace: 116K(320K)->116K(320K) NonClass: 109K(192K)->109K(192K) Class: 7K(128K)->7K(128K)
[2026-06-17T10:05:51.600+0800][32.392s][info][gc             ] GC(1272) Pause Young (Allocation Failure) 33M->26M(57M) 2.696ms
[2026-06-17T10:05:51.600+0800][32.393s][info][gc,cpu         ] GC(1272) User=0.00s Sys=0.00s Real=0.00s
[2026-06-17T10:05:51.622+0800][32.414s][info][gc,start       ] GC(1273) Pause Young (Allocation Failure)
[2026-06-17T10:05:51.624+0800][32.416s][info][gc,heap        ] GC(1273) PSYoungGen: 10404K(14336K)->6512K(13824K) Eden: 7166K(7168K)->0K(7168K) From: 3238K(7168K)->6512K(6656K)
[2026-06-17T10:05:51.624+0800][32.417s][info][gc,heap        ] GC(1273) ParOldGen: 23827K(44032K)->24346K(44032K)
[2026-06-17T10:05:51.624+0800][32.417s][info][gc,metaspace   ] GC(1273) Metaspace: 116K(320K)->116K(320K) NonClass: 109K(192K)->109K(192K) Class: 7K(128K)->7K(128K)
[2026-06-17T10:05:51.625+0800][32.418s][info][gc             ] GC(1273) Pause Young (Allocation Failure) 33M->30M(56M) 3.574ms
[2026-06-17T10:05:51.626+0800][32.418s][info][gc,cpu         ] GC(1273) User=0.00s Sys=0.00s Real=0.01s
[2026-06-17T10:05:51.647+0800][32.440s][info][gc,start       ] GC(1274) Pause Young (Allocation Failure)
[2026-06-17T10:05:51.650+0800][32.443s][info][gc,heap        ] GC(1274) PSYoungGen: 13673K(13824K)->4323K(14336K) Eden: 7161K(7168K)->0K(7168K) From: 6512K(6656K)->4323K(7168K)
[2026-06-17T10:05:51.651+0800][32.444s][info][gc,heap        ] GC(1274) ParOldGen: 24346K(44032K)->27041K(44032K)
[2026-06-17T10:05:51.651+0800][32.444s][info][gc,metaspace   ] GC(1274) Metaspace: 116K(320K)->116K(320K) NonClass: 109K(192K)->109K(192K) Class: 7K(128K)->7K(128K)
[2026-06-17T10:05:51.652+0800][32.445s][info][gc             ] GC(1274) Pause Young (Allocation Failure) 37M->30M(57M) 4.497ms
[2026-06-17T10:05:51.652+0800][32.445s][info][gc,cpu         ] GC(1274) User=0.01s Sys=0.00s Real=0.01s
[2026-06-17T10:05:51.674+0800][32.467s][info][gc,start       ] GC(1275) Pause Young (Allocation Failure)
[2026-06-17T10:05:51.676+0800][32.469s][info][gc,heap        ] GC(1275) PSYoungGen: 11459K(14336K)->1819K(14336K) Eden: 7136K(7168K)->0K(7168K) From: 4323K(7168K)->1819K(7168K)
[2026-06-17T10:05:51.676+0800][32.469s][info][gc,heap        ] GC(1275) ParOldGen: 27041K(44032K)->29824K(44032K)
[2026-06-17T10:05:51.677+0800][32.469s][info][gc,metaspace   ] GC(1275) Metaspace: 116K(320K)->116K(320K) NonClass: 109K(192K)->109K(192K) Class: 7K(128K)->7K(128K)
[2026-06-17T10:05:51.677+0800][32.470s][info][gc             ] GC(1275) Pause Young (Allocation Failure) 37M->30M(57M) 2.668ms
[2026-06-17T10:05:51.677+0800][32.470s][info][gc,cpu         ] GC(1275) User=0.00s Sys=0.00s Real=0.00s
[2026-06-17T10:05:51.699+0800][32.491s][info][gc,start       ] GC(1276) Pause Young (Allocation Failure)
[2026-06-17T10:05:51.700+0800][32.493s][info][gc,heap        ] GC(1276) PSYoungGen: 8937K(14336K)->2293K(14336K) Eden: 7118K(7168K)->0K(7168K) From: 1819K(7168K)->2293K(7168K)
[2026-06-17T10:05:51.700+0800][32.493s][info][gc,heap        ] GC(1276) ParOldGen: 29824K(44032K)->29824K(44032K)
[2026-06-17T10:05:51.701+0800][32.494s][info][gc,metaspace   ] GC(1276) Metaspace: 116K(320K)->116K(320K) NonClass: 109K(192K)->109K(192K) Class: 7K(128K)->7K(128K)
[2026-06-17T10:05:51.701+0800][32.494s][info][gc             ] GC(1276) Pause Young (Allocation Failure) 37M->31M(57M) 2.573ms
[2026-06-17T10:05:51.702+0800][32.494s][info][gc,cpu         ] GC(1276) User=0.00s Sys=0.00s Real=0.00s
[2026-06-17T10:05:51.713+0800][32.506s][info][gc,start       ] GC(1277) Pause Young (Allocation Failure)
[2026-06-17T10:05:51.715+0800][32.508s][info][gc,heap        ] GC(1277) PSYoungGen: 9353K(14336K)->32K(14336K) Eden: 7059K(7168K)->0K(7168K) From: 2293K(7168K)->32K(7168K)
[2026-06-17T10:05:51.716+0800][32.508s][info][gc,heap        ] GC(1277) ParOldGen: 29824K(44032K)->32014K(44032K)
[2026-06-17T10:05:51.717+0800][32.510s][info][gc,metaspace   ] GC(1277) Metaspace: 116K(320K)->116K(320K) NonClass: 109K(192K)->109K(192K) Class: 7K(128K)->7K(128K)
[2026-06-17T10:05:51.718+0800][32.510s][info][gc             ] GC(1277) Pause Young (Allocation Failure) 38M->31M(57M) 4.316ms
[2026-06-17T10:05:51.718+0800][32.511s][info][gc,cpu         ] GC(1277) User=0.00s Sys=0.00s Real=0.00s
[2026-06-17T10:05:51.740+0800][32.533s][info][gc,start       ] GC(1278) Pause Young (Allocation Failure)
[2026-06-17T10:05:51.742+0800][32.535s][info][gc,heap        ] GC(1278) PSYoungGen: 7183K(14336K)->3769K(14336K) Eden: 7151K(7168K)->0K(7168K) From: 32K(7168K)->3769K(7168K)
[2026-06-17T10:05:51.743+0800][32.535s][info][gc,heap        ] GC(1278) ParOldGen: 32014K(44032K)->32022K(44032K)
[2026-06-17T10:05:51.743+0800][32.536s][info][gc,metaspace   ] GC(1278) Metaspace: 116K(320K)->116K(320K) NonClass: 109K(192K)->109K(192K) Class: 7K(128K)->7K(128K)
[2026-06-17T10:05:51.744+0800][32.537s][info][gc             ] GC(1278) Pause Young (Allocation Failure) 38M->34M(57M) 3.680ms
[2026-06-17T10:05:51.744+0800][32.537s][info][gc,cpu         ] GC(1278) User=0.01s Sys=0.00s Real=0.01s
[2026-06-17T10:05:51.767+0800][32.559s][info][gc,start       ] GC(1279) Pause Young (Allocation Failure)
[2026-06-17T10:05:51.769+0800][32.562s][info][gc,heap        ] GC(1279) PSYoungGen: 10924K(14336K)->2427K(14336K) Eden: 7154K(7168K)->0K(7168K) From: 3769K(7168K)->2427K(7168K)
[2026-06-17T10:05:51.769+0800][32.562s][info][gc,heap        ] GC(1279) ParOldGen: 32022K(44032K)->33762K(44032K)
[2026-06-17T10:05:51.770+0800][32.563s][info][gc,metaspace   ] GC(1279) Metaspace: 116K(320K)->116K(320K) NonClass: 109K(192K)->109K(192K) Class: 7K(128K)->7K(128K)
[2026-06-17T10:05:51.771+0800][32.564s][info][gc             ] GC(1279) Pause Young (Allocation Failure) 41M->35M(57M) 4.249ms
[2026-06-17T10:05:51.772+0800][32.564s][info][gc,cpu         ] GC(1279) User=0.00s Sys=0.00s Real=0.01s
[2026-06-17T10:05:51.783+0800][32.576s][info][gc,start       ] GC(1280) Pause Young (Allocation Failure)
[2026-06-17T10:05:51.785+0800][32.578s][info][gc,heap        ] GC(1280) PSYoungGen: 9563K(14336K)->4188K(14336K) Eden: 7136K(7168K)->0K(7168K) From: 2427K(7168K)->4188K(7168K)
[2026-06-17T10:05:51.786+0800][32.579s][info][gc,heap        ] GC(1280) ParOldGen: 33762K(44032K)->35847K(44032K)
[2026-06-17T10:05:51.786+0800][32.579s][info][gc,metaspace   ] GC(1280) Metaspace: 116K(320K)->116K(320K) NonClass: 109K(192K)->109K(192K) Class: 7K(128K)->7K(128K)
[2026-06-17T10:05:51.787+0800][32.580s][info][gc             ] GC(1280) Pause Young (Allocation Failure) 42M->39M(57M) 3.402ms
[2026-06-17T10:05:51.788+0800][32.580s][info][gc,cpu         ] GC(1280) User=0.00s Sys=0.00s Real=0.00s
[2026-06-17T10:05:51.810+0800][32.602s][info][gc,start       ] GC(1281) Pause Young (Allocation Failure)
[2026-06-17T10:05:51.811+0800][32.604s][info][gc,heap        ] GC(1281) PSYoungGen: 11354K(14336K)->3561K(14848K) Eden: 7166K(7168K)->0K(7680K) From: 4188K(7168K)->3561K(7168K)
[2026-06-17T10:05:51.811+0800][32.604s][info][gc,heap        ] GC(1281) ParOldGen: 35847K(44032K)->36845K(44032K)
[2026-06-17T10:05:51.812+0800][32.604s][info][gc,metaspace   ] GC(1281) Metaspace: 116K(320K)->116K(320K) NonClass: 109K(192K)->109K(192K) Class: 7K(128K)->7K(128K)
[2026-06-17T10:05:51.812+0800][32.604s][info][gc             ] GC(1281) Pause Young (Allocation Failure) 46M->39M(57M) 2.143ms
[2026-06-17T10:05:51.812+0800][32.605s][info][gc,cpu         ] GC(1281) User=0.01s Sys=0.00s Real=0.01s
[2026-06-17T10:05:51.833+0800][32.626s][info][gc,start       ] GC(1282) Pause Young (Allocation Failure)
[2026-06-17T10:05:51.835+0800][32.628s][info][gc,heap        ] GC(1282) PSYoungGen: 11219K(14848K)->2783K(14336K) Eden: 7657K(7680K)->0K(7680K) From: 3561K(7168K)->2783K(6656K)
[2026-06-17T10:05:51.835+0800][32.628s][info][gc,heap        ] GC(1282) ParOldGen: 36845K(44032K)->38368K(44032K)
[2026-06-17T10:05:51.836+0800][32.628s][info][gc,metaspace   ] GC(1282) Metaspace: 116K(320K)->116K(320K) NonClass: 109K(192K)->109K(192K) Class: 7K(128K)->7K(128K)
[2026-06-17T10:05:51.836+0800][32.629s][info][gc             ] GC(1282) Pause Young (Allocation Failure) 46M->40M(57M) 2.452ms
[2026-06-17T10:05:51.836+0800][32.629s][info][gc,cpu         ] GC(1282) User=0.00s Sys=0.00s Real=0.00s
[2026-06-17T10:05:51.858+0800][32.651s][info][gc,start       ] GC(1283) Pause Young (Allocation Failure)
[2026-06-17T10:05:51.860+0800][32.653s][info][gc,heap        ] GC(1283) PSYoungGen: 10442K(14336K)->3598K(14848K) Eden: 7658K(7680K)->0K(8192K) From: 2783K(6656K)->3598K(6656K)
[2026-06-17T10:05:51.861+0800][32.654s][info][gc,heap        ] GC(1283) ParOldGen: 38368K(44032K)->38368K(44032K)
[2026-06-17T10:05:51.862+0800][32.654s][info][gc,metaspace   ] GC(1283) Metaspace: 116K(320K)->116K(320K) NonClass: 109K(192K)->109K(192K) Class: 7K(128K)->7K(128K)
[2026-06-17T10:05:51.863+0800][32.656s][info][gc             ] GC(1283) Pause Young (Allocation Failure) 47M->40M(57M) 5.082ms
[2026-06-17T10:05:51.864+0800][32.656s][info][gc,cpu         ] GC(1283) User=0.00s Sys=0.00s Real=0.01s
[2026-06-17T10:05:51.886+0800][32.679s][info][gc,start       ] GC(1284) Pause Young (Allocation Failure)
[2026-06-17T10:05:51.888+0800][32.681s][info][gc,heap        ] GC(1284) PSYoungGen: 11785K(14848K)->3395K(14848K) Eden: 8186K(8192K)->0K(8192K) From: 3598K(6656K)->3395K(6656K)
[2026-06-17T10:05:51.889+0800][32.682s][info][gc,heap        ] GC(1284) ParOldGen: 38368K(44032K)->40304K(44032K)
[2026-06-17T10:05:51.889+0800][32.682s][info][gc,metaspace   ] GC(1284) Metaspace: 116K(320K)->116K(320K) NonClass: 109K(192K)->109K(192K) Class: 7K(128K)->7K(128K)
[2026-06-17T10:05:51.890+0800][32.683s][info][gc             ] GC(1284) Pause Young (Allocation Failure) 48M->42M(57M) 4.044ms
[2026-06-17T10:05:51.890+0800][32.683s][info][gc,cpu         ] GC(1284) User=0.01s Sys=0.00s Real=0.00s
[2026-06-17T10:05:51.912+0800][32.705s][info][gc,start       ] GC(1285) Pause Full (Allocation Failure)
[2026-06-17T10:05:51.913+0800][32.706s][info][gc,phases,start] GC(1285) Marking Phase
[2026-06-17T10:05:51.915+0800][32.708s][info][gc,phases      ] GC(1285) Marking Phase 2.362ms
[2026-06-17T10:05:51.916+0800][32.708s][info][gc,phases,start] GC(1285) Summary Phase
[2026-06-17T10:05:51.916+0800][32.709s][info][gc,phases      ] GC(1285) Summary Phase 0.363ms
[2026-06-17T10:05:51.916+0800][32.709s][info][gc,phases,start] GC(1285) Forward
[2026-06-17T10:05:51.917+0800][32.710s][info][gc,phases      ] GC(1285) Forward 0.527ms
[2026-06-17T10:05:51.917+0800][32.710s][info][gc,phases,start] GC(1285) Adjust Pointers
[2026-06-17T10:05:51.919+0800][32.711s][info][gc,phases      ] GC(1285) Adjust Pointers 1.362ms
[2026-06-17T10:05:51.919+0800][32.712s][info][gc,phases,start] GC(1285) Compaction Phase
[2026-06-17T10:05:51.921+0800][32.714s][info][gc,phases      ] GC(1285) Compaction Phase 1.975ms
[2026-06-17T10:05:51.921+0800][32.714s][info][gc,phases,start] GC(1285) Post Compact
[2026-06-17T10:05:51.922+0800][32.714s][info][gc,phases      ] GC(1285) Post Compact 0.352ms
[2026-06-17T10:05:51.922+0800][32.715s][info][gc,heap        ] GC(1285) PSYoungGen: 11583K(14848K)->0K(15360K) Eden: 8187K(8192K)->0K(9216K) From: 3395K(6656K)->0K(6144K)
[2026-06-17T10:05:51.922+0800][32.715s][info][gc,heap        ] GC(1285) ParOldGen: 40304K(44032K)->24324K(44032K)
[2026-06-17T10:05:51.923+0800][32.716s][info][gc,metaspace   ] GC(1285) Metaspace: 116K(320K)->116K(320K) NonClass: 109K(192K)->109K(192K) Class: 7K(128K)->7K(128K)
[2026-06-17T10:05:51.924+0800][32.716s][info][gc             ] GC(1285) Pause Full (Allocation Failure) 50M->23M(58M) 11.344ms
[2026-06-17T10:05:51.924+0800][32.717s][info][gc,cpu         ] GC(1285) User=0.01s Sys=0.00s Real=0.01s
[2026-06-17T10:05:51.946+0800][32.739s][info][gc,start       ] GC(1286) Pause Young (Allocation Failure)
[2026-06-17T10:05:51.948+0800][32.741s][info][gc,heap        ] GC(1286) PSYoungGen: 9212K(15360K)->5819K(15360K) Eden: 9212K(9216K)->0K(9216K) From: 0K(6144K)->5819K(6144K)
[2026-06-17T10:05:51.949+0800][32.742s][info][gc,heap        ] GC(1286) ParOldGen: 24324K(44032K)->24324K(44032K)
[2026-06-17T10:05:51.949+0800][32.742s][info][gc,metaspace   ] GC(1286) Metaspace: 116K(320K)->116K(320K) NonClass: 109K(192K)->109K(192K) Class: 7K(128K)->7K(128K)
[2026-06-17T10:05:51.950+0800][32.742s][info][gc             ] GC(1286) Pause Young (Allocation Failure) 32M->29M(58M) 3.738ms
[2026-06-17T10:05:51.950+0800][32.743s][info][gc,cpu         ] GC(1286) User=0.00s Sys=0.00s Real=0.00s
[2026-06-17T10:05:51.983+0800][32.776s][info][gc,start       ] GC(1287) Pause Young (Allocation Failure)
[2026-06-17T10:05:51.985+0800][32.778s][info][gc,heap        ] GC(1287) PSYoungGen: 15010K(15360K)->2296K(14336K) Eden: 9190K(9216K)->0K(8192K) From: 5819K(6144K)->2296K(6144K)
[2026-06-17T10:05:51.986+0800][32.778s][info][gc,heap        ] GC(1287) ParOldGen: 24324K(44032K)->26747K(44032K)
[2026-06-17T10:05:51.986+0800][32.779s][info][gc,metaspace   ] GC(1287) Metaspace: 116K(320K)->116K(320K) NonClass: 109K(192K)->109K(192K) Class: 7K(128K)->7K(128K)
[2026-06-17T10:05:51.986+0800][32.779s][info][gc             ] GC(1287) Pause Young (Allocation Failure) 38M->28M(57M) 3.504ms
[2026-06-17T10:05:51.987+0800][32.780s][info][gc,cpu         ] GC(1287) User=0.00s Sys=0.00s Real=0.00s
[2026-06-17T10:05:51.999+0800][32.792s][info][gc,start       ] GC(1288) Pause Young (Allocation Failure)
[2026-06-17T10:05:52.001+0800][32.793s][info][gc,heap        ] GC(1288) PSYoungGen: 10241K(14336K)->1125K(14848K) Eden: 7945K(8192K)->0K(8192K) From: 2296K(6144K)->1125K(6656K)
[2026-06-17T10:05:52.001+0800][32.794s][info][gc,heap        ] GC(1288) ParOldGen: 26747K(44032K)->28740K(44032K)
[2026-06-17T10:05:52.002+0800][32.795s][info][gc,metaspace   ] GC(1288) Metaspace: 116K(320K)->116K(320K) NonClass: 109K(192K)->109K(192K) Class: 7K(128K)->7K(128K)
[2026-06-17T10:05:52.003+0800][32.795s][info][gc             ] GC(1288) Pause Young (Allocation Failure) 36M->29M(57M) 3.709ms
[2026-06-17T10:05:52.003+0800][32.796s][info][gc,cpu         ] GC(1288) User=0.00s Sys=0.00s Real=0.01s
[2026-06-17T10:05:52.025+0800][32.818s][info][gc,start       ] GC(1289) Pause Young (Allocation Failure)
[2026-06-17T10:05:52.027+0800][32.820s][info][gc,heap        ] GC(1289) PSYoungGen: 9314K(14848K)->4630K(13824K) Eden: 8189K(8192K)->0K(7168K) From: 1125K(6656K)->4630K(6656K)
[2026-06-17T10:05:52.030+0800][32.822s][info][gc,heap        ] GC(1289) ParOldGen: 28740K(44032K)->29841K(44032K)
[2026-06-17T10:05:52.031+0800][32.824s][info][gc,metaspace   ] GC(1289) Metaspace: 116K(320K)->116K(320K) NonClass: 109K(192K)->109K(192K) Class: 7K(128K)->7K(128K)
[2026-06-17T10:05:52.031+0800][32.824s][info][gc             ] GC(1289) Pause Young (Allocation Failure) 37M->33M(56M) 6.277ms
[2026-06-17T10:05:52.032+0800][32.825s][info][gc,cpu         ] GC(1289) User=0.00s Sys=0.00s Real=0.01s
[2026-06-17T10:05:52.054+0800][32.847s][info][gc,start       ] GC(1290) Pause Young (Allocation Failure)
[2026-06-17T10:05:52.056+0800][32.849s][info][gc,heap        ] GC(1290) PSYoungGen: 11779K(13824K)->3203K(14336K) Eden: 7149K(7168K)->0K(7168K) From: 4630K(6656K)->3203K(7168K)
[2026-06-17T10:05:52.057+0800][32.850s][info][gc,heap        ] GC(1290) ParOldGen: 29841K(44032K)->31173K(44032K)
[2026-06-17T10:05:52.058+0800][32.850s][info][gc,metaspace   ] GC(1290) Metaspace: 116K(320K)->116K(320K) NonClass: 109K(192K)->109K(192K) Class: 7K(128K)->7K(128K)
[2026-06-17T10:05:52.058+0800][32.851s][info][gc             ] GC(1290) Pause Young (Allocation Failure) 40M->33M(57M) 4.092ms
[2026-06-17T10:05:52.059+0800][32.851s][info][gc,cpu         ] GC(1290) User=0.01s Sys=0.00s Real=0.00s
[2026-06-17T10:05:52.081+0800][32.874s][info][gc,start       ] GC(1291) Pause Young (Allocation Failure)
[2026-06-17T10:05:52.083+0800][32.876s][info][gc,heap        ] GC(1291) PSYoungGen: 10368K(14336K)->1567K(14848K) Eden: 7164K(7168K)->0K(8192K) From: 3203K(7168K)->1567K(6656K)
[2026-06-17T10:05:52.083+0800][32.876s][info][gc,heap        ] GC(1291) ParOldGen: 31173K(44032K)->33027K(44032K)
[2026-06-17T10:05:52.084+0800][32.876s][info][gc,metaspace   ] GC(1291) Metaspace: 116K(320K)->116K(320K) NonClass: 109K(192K)->109K(192K) Class: 7K(128K)->7K(128K)
[2026-06-17T10:05:52.084+0800][32.877s][info][gc             ] GC(1291) Pause Young (Allocation Failure) 40M->33M(57M) 3.401ms
[2026-06-17T10:05:52.085+0800][32.878s][info][gc,cpu         ] GC(1291) User=0.00s Sys=0.00s Real=0.01s
[2026-06-17T10:05:52.107+0800][32.900s][info][gc,start       ] GC(1292) Pause Young (Allocation Failure)
[2026-06-17T10:05:52.111+0800][32.903s][info][gc,heap        ] GC(1292) PSYoungGen: 9751K(14848K)->2351K(14848K) Eden: 8184K(8192K)->0K(8192K) From: 1567K(6656K)->2351K(6656K)
[2026-06-17T10:05:52.111+0800][32.904s][info][gc,heap        ] GC(1292) ParOldGen: 33027K(44032K)->33027K(44032K)
[2026-06-17T10:05:52.112+0800][32.904s][info][gc,metaspace   ] GC(1292) Metaspace: 116K(320K)->116K(320K) NonClass: 109K(192K)->109K(192K) Class: 7K(128K)->7K(128K)
[2026-06-17T10:05:52.112+0800][32.905s][info][gc             ] GC(1292) Pause Young (Allocation Failure) 41M->34M(57M) 5.437ms
[2026-06-17T10:05:52.113+0800][32.905s][info][gc,cpu         ] GC(1292) User=0.00s Sys=0.00s Real=0.01s
[2026-06-17T10:05:52.124+0800][32.917s][info][gc,start       ] GC(1293) Pause Young (Allocation Failure)
[2026-06-17T10:05:52.126+0800][32.919s][info][gc,heap        ] GC(1293) PSYoungGen: 10481K(14848K)->1499K(14848K) Eden: 8130K(8192K)->0K(8192K) From: 2351K(6656K)->1499K(6656K)
[2026-06-17T10:05:52.126+0800][32.919s][info][gc,heap        ] GC(1293) ParOldGen: 33027K(44032K)->34959K(44032K)
[2026-06-17T10:05:52.127+0800][32.920s][info][gc,metaspace   ] GC(1293) Metaspace: 116K(320K)->116K(320K) NonClass: 109K(192K)->109K(192K) Class: 7K(128K)->7K(128K)
[2026-06-17T10:05:52.127+0800][32.920s][info][gc             ] GC(1293) Pause Young (Allocation Failure) 42M->35M(57M) 2.957ms
[2026-06-17T10:05:52.128+0800][32.920s][info][gc,cpu         ] GC(1293) User=0.00s Sys=0.00s Real=0.00s
[2026-06-17T10:05:52.161+0800][32.953s][info][gc,start       ] GC(1294) Pause Young (Allocation Failure)
[2026-06-17T10:05:52.162+0800][32.955s][info][gc,heap        ] GC(1294) PSYoungGen: 9680K(14848K)->1062K(14848K) Eden: 8181K(8192K)->0K(8192K) From: 1499K(6656K)->1062K(6656K)
[2026-06-17T10:05:52.163+0800][32.955s][info][gc,heap        ] GC(1294) ParOldGen: 34959K(44032K)->36434K(44032K)
[2026-06-17T10:05:52.163+0800][32.956s][info][gc,metaspace   ] GC(1294) Metaspace: 116K(320K)->116K(320K) NonClass: 109K(192K)->109K(192K) Class: 7K(128K)->7K(128K)
[2026-06-17T10:05:52.164+0800][32.957s][info][gc             ] GC(1294) Pause Young (Allocation Failure) 43M->36M(57M) 3.283ms
[2026-06-17T10:05:52.165+0800][32.958s][info][gc,cpu         ] GC(1294) User=0.00s Sys=0.00s Real=0.01s
[2026-06-17T10:05:52.178+0800][32.970s][info][gc,start       ] GC(1295) Pause Young (Allocation Failure)
[2026-06-17T10:05:52.180+0800][32.972s][info][gc,heap        ] GC(1295) PSYoungGen: 9206K(14848K)->4976K(13824K) Eden: 8144K(8192K)->0K(7168K) From: 1062K(6656K)->4976K(6656K)
[2026-06-17T10:05:52.180+0800][32.973s][info][gc,heap        ] GC(1295) ParOldGen: 36434K(44032K)->37331K(44032K)
[2026-06-17T10:05:52.181+0800][32.974s][info][gc,metaspace   ] GC(1295) Metaspace: 116K(320K)->116K(320K) NonClass: 109K(192K)->109K(192K) Class: 7K(128K)->7K(128K)
[2026-06-17T10:05:52.182+0800][32.974s][info][gc             ] GC(1295) Pause Young (Allocation Failure) 44M->41M(56M) 4.033ms
[2026-06-17T10:05:52.182+0800][32.975s][info][gc,cpu         ] GC(1295) User=0.00s Sys=0.00s Real=0.00s
[2026-06-17T10:05:52.204+0800][32.997s][info][gc,start       ] GC(1296) Pause Young (Allocation Failure)
[2026-06-17T10:05:52.206+0800][32.998s][info][gc,heap        ] GC(1296) PSYoungGen: 12124K(13824K)->3031K(14336K) Eden: 7147K(7168K)->0K(7168K) From: 4976K(6656K)->3031K(7168K)
[2026-06-17T10:05:52.206+0800][32.999s][info][gc,heap        ] GC(1296) ParOldGen: 37331K(44032K)->39201K(44032K)
[2026-06-17T10:05:52.207+0800][33.000s][info][gc,metaspace   ] GC(1296) Metaspace: 116K(320K)->116K(320K) NonClass: 109K(192K)->109K(192K) Class: 7K(128K)->7K(128K)
[2026-06-17T10:05:52.207+0800][33.000s][info][gc             ] GC(1296) Pause Young (Allocation Failure) 48M->41M(57M) 3.531ms
[2026-06-17T10:05:52.208+0800][33.001s][info][gc,cpu         ] GC(1296) User=0.00s Sys=0.00s Real=0.00s
[2026-06-17T10:05:52.230+0800][33.023s][info][gc,start       ] GC(1297) Pause Young (Allocation Failure)
[2026-06-17T10:05:52.232+0800][33.025s][info][gc,heap        ] GC(1297) PSYoungGen: 10174K(14336K)->3044K(15360K) Eden: 7142K(7168K)->0K(8704K) From: 3031K(7168K)->3044K(6656K)
[2026-06-17T10:05:52.233+0800][33.025s][info][gc,heap        ] GC(1297) ParOldGen: 39201K(44032K)->39201K(44032K)
[2026-06-17T10:05:52.233+0800][33.026s][info][gc,metaspace   ] GC(1297) Metaspace: 116K(320K)->116K(320K) NonClass: 109K(192K)->109K(192K) Class: 7K(128K)->7K(128K)
[2026-06-17T10:05:52.234+0800][33.027s][info][gc             ] GC(1297) Pause Young (Allocation Failure) 48M->41M(58M) 3.650ms
[2026-06-17T10:05:52.234+0800][33.027s][info][gc,cpu         ] GC(1297) User=0.00s Sys=0.00s Real=0.01s
[2026-06-17T10:05:52.246+0800][33.039s][info][gc,start       ] GC(1298) Pause Young (Allocation Failure)
[2026-06-17T10:05:52.248+0800][33.041s][info][gc,heap        ] GC(1298) PSYoungGen: 11624K(15360K)->2622K(14848K) Eden: 8580K(8704K)->0K(8704K) From: 3044K(6656K)->2622K(6144K)
[2026-06-17T10:05:52.249+0800][33.042s][info][gc,heap        ] GC(1298) ParOldGen: 39201K(44032K)->40996K(44032K)
[2026-06-17T10:05:52.250+0800][33.043s][info][gc,metaspace   ] GC(1298) Metaspace: 116K(320K)->116K(320K) NonClass: 109K(192K)->109K(192K) Class: 7K(128K)->7K(128K)
[2026-06-17T10:05:52.251+0800][33.043s][info][gc             ] GC(1298) Pause Young (Allocation Failure) 49M->42M(57M) 4.480ms
[2026-06-17T10:05:52.251+0800][33.044s][info][gc,cpu         ] GC(1298) User=0.00s Sys=0.00s Real=0.01s
[2026-06-17T10:05:52.284+0800][33.076s][info][gc,start       ] GC(1299) Pause Young (Allocation Failure)
[2026-06-17T10:05:52.285+0800][33.078s][info][gc,heap        ] GC(1299) PSYoungGen: 11312K(14848K)->1804K(15360K) Eden: 8690K(8704K)->0K(9216K) From: 2622K(6144K)->1804K(6144K)
[2026-06-17T10:05:52.286+0800][33.079s][info][gc,heap        ] GC(1299) ParOldGen: 40996K(44032K)->43594K(44032K)
[2026-06-17T10:05:52.287+0800][33.079s][info][gc,metaspace   ] GC(1299) Metaspace: 116K(320K)->116K(320K) NonClass: 109K(192K)->109K(192K) Class: 7K(128K)->7K(128K)
[2026-06-17T10:05:52.287+0800][33.080s][info][gc             ] GC(1299) Pause Young (Allocation Failure) 51M->44M(58M) 3.333ms
[2026-06-17T10:05:52.287+0800][33.080s][info][gc,cpu         ] GC(1299) User=0.00s Sys=0.00s Real=0.00s
[2026-06-17T10:05:52.310+0800][33.103s][info][gc,start       ] GC(1300) Pause Full (Allocation Failure)
[2026-06-17T10:05:52.311+0800][33.104s][info][gc,phases,start] GC(1300) Marking Phase
[2026-06-17T10:05:52.315+0800][33.108s][info][gc,phases      ] GC(1300) Marking Phase 3.802ms
[2026-06-17T10:05:52.317+0800][33.110s][info][gc,phases,start] GC(1300) Summary Phase
[2026-06-17T10:05:52.318+0800][33.111s][info][gc,phases      ] GC(1300) Summary Phase 0.896ms
[2026-06-17T10:05:52.319+0800][33.112s][info][gc,phases,start] GC(1300) Forward
[2026-06-17T10:05:52.322+0800][33.115s][info][gc,phases      ] GC(1300) Forward 2.985ms
[2026-06-17T10:05:52.323+0800][33.116s][info][gc,phases,start] GC(1300) Adjust Pointers
[2026-06-17T10:05:52.324+0800][33.117s][info][gc,phases      ] GC(1300) Adjust Pointers 0.960ms
[2026-06-17T10:05:52.325+0800][33.118s][info][gc,phases,start] GC(1300) Compaction Phase
[2026-06-17T10:05:52.327+0800][33.120s][info][gc,phases      ] GC(1300) Compaction Phase 2.026ms
[2026-06-17T10:05:52.327+0800][33.120s][info][gc,phases,start] GC(1300) Post Compact
[2026-06-17T10:05:52.329+0800][33.122s][info][gc,phases      ] GC(1300) Post Compact 1.478ms
[2026-06-17T10:05:52.329+0800][33.122s][info][gc,heap        ] GC(1300) PSYoungGen: 11016K(15360K)->0K(15360K) Eden: 9211K(9216K)->0K(9216K) From: 1804K(6144K)->0K(6144K)
[2026-06-17T10:05:52.331+0800][33.123s][info][gc,heap        ] GC(1300) ParOldGen: 43594K(44032K)->25857K(44032K)
[2026-06-17T10:05:52.331+0800][33.124s][info][gc,metaspace   ] GC(1300) Metaspace: 116K(320K)->116K(320K) NonClass: 109K(192K)->109K(192K) Class: 7K(128K)->7K(128K)
[2026-06-17T10:05:52.331+0800][33.124s][info][gc             ] GC(1300) Pause Full (Allocation Failure) 53M->25M(58M) 21.544ms
[2026-06-17T10:05:52.332+0800][33.125s][info][gc,cpu         ] GC(1300) User=0.01s Sys=0.00s Real=0.03s
[2026-06-17T10:05:52.353+0800][33.146s][info][gc,start       ] GC(1301) Pause Young (Allocation Failure)
[2026-06-17T10:05:52.358+0800][33.151s][info][gc,heap        ] GC(1301) PSYoungGen: 9194K(15360K)->5877K(14336K) Eden: 9194K(9216K)->0K(8192K) From: 0K(6144K)->5877K(6144K)
[2026-06-17T10:05:52.372+0800][33.164s][info][gc,heap        ] GC(1301) ParOldGen: 25857K(44032K)->25857K(44032K)
[2026-06-17T10:05:52.372+0800][33.165s][info][gc,metaspace   ] GC(1301) Metaspace: 116K(320K)->116K(320K) NonClass: 109K(192K)->109K(192K) Class: 7K(128K)->7K(128K)
[2026-06-17T10:05:52.465+0800][33.258s][info][gc             ] GC(1301) Pause Young (Allocation Failure) 34M->30M(57M) 111.844ms
[2026-06-17T10:05:52.466+0800][33.259s][info][gc,cpu         ] GC(1301) User=0.00s Sys=0.00s Real=0.11s
[2026-06-17T10:05:52.510+0800][33.303s][info][gc,start       ] GC(1302) Pause Young (Allocation Failure)
[2026-06-17T10:05:52.511+0800][33.304s][info][gc,heap        ] GC(1302) PSYoungGen: 14035K(14336K)->3027K(14848K) Eden: 8158K(8192K)->0K(8192K) From: 5877K(6144K)->3027K(6656K)
[2026-06-17T10:05:52.514+0800][33.307s][info][gc,heap        ] GC(1302) ParOldGen: 25857K(44032K)->29942K(44032K)
[2026-06-17T10:05:52.518+0800][33.310s][info][gc,metaspace   ] GC(1302) Metaspace: 116K(320K)->116K(320K) NonClass: 109K(192K)->109K(192K) Class: 7K(128K)->7K(128K)
[2026-06-17T10:05:52.520+0800][33.313s][info][gc             ] GC(1302) Pause Young (Allocation Failure) 38M->32M(57M) 9.790ms
[2026-06-17T10:05:52.521+0800][33.313s][info][gc,cpu         ] GC(1302) User=0.00s Sys=0.01s Real=0.01s
[2026-06-17T10:05:52.542+0800][33.335s][info][gc,start       ] GC(1303) Pause Young (Allocation Failure)
[2026-06-17T10:05:52.543+0800][33.336s][info][gc,heap        ] GC(1303) PSYoungGen: 11203K(14848K)->4364K(14848K) Eden: 8176K(8192K)->0K(8192K) From: 3027K(6656K)->4364K(6656K)
[2026-06-17T10:05:52.544+0800][33.337s][info][gc,heap        ] GC(1303) ParOldGen: 29942K(44032K)->29942K(44032K)
[2026-06-17T10:05:52.544+0800][33.337s][info][gc,metaspace   ] GC(1303) Metaspace: 116K(320K)->116K(320K) NonClass: 109K(192K)->109K(192K) Class: 7K(128K)->7K(128K)
[2026-06-17T10:05:52.545+0800][33.338s][info][gc             ] GC(1303) Pause Young (Allocation Failure) 40M->33M(57M) 2.475ms
[2026-06-17T10:05:52.545+0800][33.338s][info][gc,cpu         ] GC(1303) User=0.00s Sys=0.00s Real=0.01s
[2026-06-17T10:05:52.567+0800][33.359s][info][gc,start       ] GC(1304) Pause Young (Allocation Failure)
[2026-06-17T10:05:52.569+0800][33.361s][info][gc,heap        ] GC(1304) PSYoungGen: 12514K(14848K)->5526K(13824K) Eden: 8150K(8192K)->0K(8192K) From: 4364K(6656K)->5526K(5632K)
[2026-06-17T10:05:52.570+0800][33.363s][info][gc,heap        ] GC(1304) ParOldGen: 29942K(44032K)->29942K(44032K)
[2026-06-17T10:05:52.572+0800][33.365s][info][gc,metaspace   ] GC(1304) Metaspace: 116K(320K)->116K(320K) NonClass: 109K(192K)->109K(192K) Class: 7K(128K)->7K(128K)
[2026-06-17T10:05:52.573+0800][33.366s][info][gc             ] GC(1304) Pause Young (Allocation Failure) 41M->34M(56M) 6.841ms
[2026-06-17T10:05:52.574+0800][33.367s][info][gc,cpu         ] GC(1304) User=0.00s Sys=0.00s Real=0.01s
[2026-06-17T10:05:52.597+0800][33.390s][info][gc,start       ] GC(1305) Pause Young (Allocation Failure)
[2026-06-17T10:05:52.599+0800][33.392s][info][gc,heap        ] GC(1305) PSYoungGen: 13667K(13824K)->6818K(14336K) Eden: 8140K(8192K)->0K(7168K) From: 5526K(5632K)->6818K(7168K)
[2026-06-17T10:05:52.601+0800][33.394s][info][gc,heap        ] GC(1305) ParOldGen: 29942K(44032K)->29942K(44032K)
[2026-06-17T10:05:52.603+0800][33.396s][info][gc,metaspace   ] GC(1305) Metaspace: 116K(320K)->116K(320K) NonClass: 109K(192K)->109K(192K) Class: 7K(128K)->7K(128K)
[2026-06-17T10:05:52.604+0800][33.397s][info][gc             ] GC(1305) Pause Young (Allocation Failure) 42M->35M(57M) 6.728ms
[2026-06-17T10:05:52.605+0800][33.398s][info][gc,cpu         ] GC(1305) User=0.00s Sys=0.00s Real=0.01s
[2026-06-17T10:05:52.627+0800][33.420s][info][gc,start       ] GC(1306) Pause Young (Allocation Failure)
[2026-06-17T10:05:52.630+0800][33.423s][info][gc,heap        ] GC(1306) PSYoungGen: 13983K(14336K)->4975K(14336K) Eden: 7164K(7168K)->0K(7168K) From: 6818K(7168K)->4975K(7168K)
[2026-06-17T10:05:52.630+0800][33.423s][info][gc,heap        ] GC(1306) ParOldGen: 29942K(44032K)->31651K(44032K)
[2026-06-17T10:05:52.631+0800][33.424s][info][gc,metaspace   ] GC(1306) Metaspace: 116K(320K)->116K(320K) NonClass: 109K(192K)->109K(192K) Class: 7K(128K)->7K(128K)
[2026-06-17T10:05:52.632+0800][33.425s][info][gc             ] GC(1306) Pause Young (Allocation Failure) 42M->35M(57M) 4.519ms
[2026-06-17T10:05:52.633+0800][33.425s][info][gc,cpu         ] GC(1306) User=0.00s Sys=0.00s Real=0.01s
[2026-06-17T10:05:52.645+0800][33.437s][info][gc,start       ] GC(1307) Pause Young (Allocation Failure)
[2026-06-17T10:05:52.646+0800][33.439s][info][gc,heap        ] GC(1307) PSYoungGen: 11974K(14336K)->2888K(14336K) Eden: 6998K(7168K)->0K(7168K) From: 4975K(7168K)->2888K(7168K)
[2026-06-17T10:05:52.647+0800][33.440s][info][gc,heap        ] GC(1307) ParOldGen: 31651K(44032K)->33588K(44032K)
[2026-06-17T10:05:52.647+0800][33.440s][info][gc,metaspace   ] GC(1307) Metaspace: 116K(320K)->116K(320K) NonClass: 109K(192K)->109K(192K) Class: 7K(128K)->7K(128K)
[2026-06-17T10:05:52.648+0800][33.440s][info][gc             ] GC(1307) Pause Young (Allocation Failure) 42M->35M(57M) 2.884ms
[2026-06-17T10:05:52.648+0800][33.441s][info][gc,cpu         ] GC(1307) User=0.00s Sys=0.00s Real=0.00s
[2026-06-17T10:05:52.669+0800][33.462s][info][gc,start       ] GC(1308) Pause Young (Allocation Failure)
[2026-06-17T10:05:52.671+0800][33.464s][info][gc,heap        ] GC(1308) PSYoungGen: 10053K(14336K)->3767K(14336K) Eden: 7165K(7168K)->0K(7168K) From: 2888K(7168K)->3767K(7168K)
[2026-06-17T10:05:52.672+0800][33.464s][info][gc,heap        ] GC(1308) ParOldGen: 33588K(44032K)->36428K(44032K)
[2026-06-17T10:05:52.672+0800][33.465s][info][gc,metaspace   ] GC(1308) Metaspace: 116K(320K)->116K(320K) NonClass: 109K(192K)->109K(192K) Class: 7K(128K)->7K(128K)
[2026-06-17T10:05:52.673+0800][33.466s][info][gc             ] GC(1308) Pause Young (Allocation Failure) 42M->39M(57M) 3.341ms
[2026-06-17T10:05:52.673+0800][33.466s][info][gc,cpu         ] GC(1308) User=0.01s Sys=0.00s Real=0.01s
[2026-06-17T10:05:52.695+0800][33.488s][info][gc,start       ] GC(1309) Pause Young (Allocation Failure)
[2026-06-17T10:05:52.696+0800][33.489s][info][gc,heap        ] GC(1309) PSYoungGen: 10876K(14336K)->2020K(14336K) Eden: 7108K(7168K)->0K(7168K) From: 3767K(7168K)->2020K(7168K)
[2026-06-17T10:05:52.697+0800][33.490s][info][gc,heap        ] GC(1309) ParOldGen: 36428K(44032K)->38074K(44032K)
[2026-06-17T10:05:52.699+0800][33.491s][info][gc,metaspace   ] GC(1309) Metaspace: 116K(320K)->116K(320K) NonClass: 109K(192K)->109K(192K) Class: 7K(128K)->7K(128K)
[2026-06-17T10:05:52.700+0800][33.493s][info][gc             ] GC(1309) Pause Young (Allocation Failure) 46M->39M(57M) 4.875ms
[2026-06-17T10:05:52.700+0800][33.493s][info][gc,cpu         ] GC(1309) User=0.00s Sys=0.00s Real=0.00s
[2026-06-17T10:05:52.721+0800][33.514s][info][gc,start       ] GC(1310) Pause Young (Allocation Failure)
[2026-06-17T10:05:52.722+0800][33.515s][info][gc,heap        ] GC(1310) PSYoungGen: 9163K(14336K)->2321K(14336K) Eden: 7143K(7168K)->0K(7168K) From: 2020K(7168K)->2321K(7168K)
[2026-06-17T10:05:52.723+0800][33.515s][info][gc,heap        ] GC(1310) ParOldGen: 38074K(44032K)->38074K(44032K)
[2026-06-17T10:05:52.723+0800][33.516s][info][gc,metaspace   ] GC(1310) Metaspace: 116K(320K)->116K(320K) NonClass: 109K(192K)->109K(192K) Class: 7K(128K)->7K(128K)
[2026-06-17T10:05:52.723+0800][33.516s][info][gc             ] GC(1310) Pause Young (Allocation Failure) 46M->39M(57M) 2.194ms
[2026-06-17T10:05:52.724+0800][33.516s][info][gc,cpu         ] GC(1310) User=0.00s Sys=0.00s Real=0.01s
[2026-06-17T10:05:52.735+0800][33.527s][info][gc,start       ] GC(1311) Pause Young (Allocation Failure)
[2026-06-17T10:05:52.736+0800][33.529s][info][gc,heap        ] GC(1311) PSYoungGen: 9458K(14336K)->6216K(14336K) Eden: 7137K(7168K)->0K(7168K) From: 2321K(7168K)->6216K(7168K)
[2026-06-17T10:05:52.736+0800][33.529s][info][gc,heap        ] GC(1311) ParOldGen: 38074K(44032K)->38074K(44032K)
[2026-06-17T10:05:52.737+0800][33.530s][info][gc,metaspace   ] GC(1311) Metaspace: 116K(320K)->116K(320K) NonClass: 109K(192K)->109K(192K) Class: 7K(128K)->7K(128K)
[2026-06-17T10:05:52.737+0800][33.530s][info][gc             ] GC(1311) Pause Young (Allocation Failure) 46M->43M(57M) 2.587ms
[2026-06-17T10:05:52.737+0800][33.530s][info][gc,cpu         ] GC(1311) User=0.00s Sys=0.00s Real=0.00s
[2026-06-17T10:05:52.759+0800][33.552s][info][gc,start       ] GC(1312) Pause Young (Allocation Failure)
[2026-06-17T10:05:52.761+0800][33.553s][info][gc,heap        ] GC(1312) PSYoungGen: 13334K(14336K)->4762K(14336K) Eden: 7118K(7168K)->0K(7168K) From: 6216K(7168K)->4762K(7168K)
[2026-06-17T10:05:52.761+0800][33.554s][info][gc,heap        ] GC(1312) ParOldGen: 38074K(44032K)->39940K(44032K)
[2026-06-17T10:05:52.761+0800][33.554s][info][gc,metaspace   ] GC(1312) Metaspace: 116K(320K)->116K(320K) NonClass: 109K(192K)->109K(192K) Class: 7K(128K)->7K(128K)
[2026-06-17T10:05:52.762+0800][33.554s][info][gc             ] GC(1312) Pause Young (Allocation Failure) 50M->43M(57M) 2.694ms
[2026-06-17T10:05:52.762+0800][33.555s][info][gc,cpu         ] GC(1312) User=0.00s Sys=0.00s Real=0.00s
[2026-06-17T10:05:52.784+0800][33.576s][info][gc,start       ] GC(1313) Pause Young (Allocation Failure)
[2026-06-17T10:05:52.786+0800][33.578s][info][gc,heap        ] GC(1313) PSYoungGen: 11912K(14336K)->2412K(14336K) Eden: 7149K(7168K)->0K(7168K) From: 4762K(7168K)->2412K(7168K)
[2026-06-17T10:05:52.786+0800][33.579s][info][gc,heap        ] GC(1313) ParOldGen: 39940K(44032K)->42462K(44032K)
[2026-06-17T10:05:52.787+0800][33.579s][info][gc,metaspace   ] GC(1313) Metaspace: 116K(320K)->116K(320K) NonClass: 109K(192K)->109K(192K) Class: 7K(128K)->7K(128K)
[2026-06-17T10:05:52.787+0800][33.580s][info][gc             ] GC(1313) Pause Young (Allocation Failure) 50M->43M(57M) 3.390ms
[2026-06-17T10:05:52.787+0800][33.580s][info][gc,cpu         ] GC(1313) User=0.00s Sys=0.00s Real=0.00s
[2026-06-17T10:05:52.799+0800][33.592s][info][gc,start       ] GC(1314) Pause Full (Allocation Failure)
[2026-06-17T10:05:52.800+0800][33.593s][info][gc,phases,start] GC(1314) Marking Phase
[2026-06-17T10:05:52.803+0800][33.595s][info][gc,phases      ] GC(1314) Marking Phase 2.710ms
[2026-06-17T10:05:52.803+0800][33.596s][info][gc,phases,start] GC(1314) Summary Phase
[2026-06-17T10:05:52.803+0800][33.596s][info][gc,phases      ] GC(1314) Summary Phase 0.321ms
[2026-06-17T10:05:52.804+0800][33.596s][info][gc,phases,start] GC(1314) Forward
[2026-06-17T10:05:52.804+0800][33.597s][info][gc,phases      ] GC(1314) Forward 0.446ms
[2026-06-17T10:05:52.804+0800][33.597s][info][gc,phases,start] GC(1314) Adjust Pointers
[2026-06-17T10:05:52.806+0800][33.598s][info][gc,phases      ] GC(1314) Adjust Pointers 1.190ms
[2026-06-17T10:05:52.806+0800][33.599s][info][gc,phases,start] GC(1314) Compaction Phase
[2026-06-17T10:05:52.808+0800][33.601s][info][gc,phases      ] GC(1314) Compaction Phase 2.465ms
[2026-06-17T10:05:52.810+0800][33.602s][info][gc,phases,start] GC(1314) Post Compact
[2026-06-17T10:05:52.810+0800][33.603s][info][gc,phases      ] GC(1314) Post Compact 0.520ms
[2026-06-17T10:05:52.811+0800][33.603s][info][gc,heap        ] GC(1314) PSYoungGen: 9522K(14336K)->0K(14336K) Eden: 7110K(7168K)->0K(7168K) From: 2412K(7168K)->0K(7168K)
[2026-06-17T10:05:52.811+0800][33.604s][info][gc,heap        ] GC(1314) ParOldGen: 42462K(44032K)->31961K(44032K)
[2026-06-17T10:05:52.811+0800][33.604s][info][gc,metaspace   ] GC(1314) Metaspace: 116K(320K)->116K(320K) NonClass: 109K(192K)->109K(192K) Class: 7K(128K)->7K(128K)
[2026-06-17T10:05:52.812+0800][33.605s][info][gc             ] GC(1314) Pause Full (Allocation Failure) 50M->31M(57M) 12.549ms
[2026-06-17T10:05:52.812+0800][33.605s][info][gc,cpu         ] GC(1314) User=0.01s Sys=0.01s Real=0.02s
[2026-06-17T10:05:52.834+0800][33.627s][info][gc,start       ] GC(1315) Pause Young (Allocation Failure)
[2026-06-17T10:05:52.836+0800][33.628s][info][gc,heap        ] GC(1315) PSYoungGen: 7153K(14336K)->3864K(14336K) Eden: 7153K(7168K)->0K(7168K) From: 0K(7168K)->3864K(7168K)
[2026-06-17T10:05:52.836+0800][33.629s][info][gc,heap        ] GC(1315) ParOldGen: 31961K(44032K)->31961K(44032K)
[2026-06-17T10:05:52.837+0800][33.629s][info][gc,metaspace   ] GC(1315) Metaspace: 116K(320K)->116K(320K) NonClass: 109K(192K)->109K(192K) Class: 7K(128K)->7K(128K)
[2026-06-17T10:05:52.838+0800][33.630s][info][gc             ] GC(1315) Pause Young (Allocation Failure) 38M->34M(57M) 3.454ms
[2026-06-17T10:05:52.838+0800][33.631s][info][gc,cpu         ] GC(1315) User=0.00s Sys=0.00s Real=0.00s
[2026-06-17T10:05:52.851+0800][33.644s][info][gc,start       ] GC(1316) Pause Young (Allocation Failure)
[2026-06-17T10:05:52.852+0800][33.645s][info][gc,heap        ] GC(1316) PSYoungGen: 10096K(14336K)->2285K(14336K) Eden: 6231K(7168K)->0K(7168K) From: 3864K(7168K)->2285K(7168K)
[2026-06-17T10:05:52.852+0800][33.645s][info][gc,heap        ] GC(1316) ParOldGen: 31961K(44032K)->33085K(44032K)
[2026-06-17T10:05:52.853+0800][33.646s][info][gc,metaspace   ] GC(1316) Metaspace: 116K(320K)->116K(320K) NonClass: 109K(192K)->109K(192K) Class: 7K(128K)->7K(128K)
[2026-06-17T10:05:52.853+0800][33.646s][info][gc             ] GC(1316) Pause Young (Allocation Failure) 41M->34M(57M) 2.493ms
[2026-06-17T10:05:52.854+0800][33.646s][info][gc,cpu         ] GC(1316) User=0.00s Sys=0.00s Real=0.00s
[2026-06-17T10:05:52.875+0800][33.668s][info][gc,start       ] GC(1317) Pause Young (Allocation Failure)
[2026-06-17T10:05:52.877+0800][33.670s][info][gc,heap        ] GC(1317) PSYoungGen: 9437K(14336K)->3617K(14336K) Eden: 7152K(7168K)->0K(7168K) From: 2285K(7168K)->3617K(7168K)
[2026-06-17T10:05:52.877+0800][33.670s][info][gc,heap        ] GC(1317) ParOldGen: 33085K(44032K)->35346K(44032K)
[2026-06-17T10:05:52.878+0800][33.671s][info][gc,metaspace   ] GC(1317) Metaspace: 116K(320K)->116K(320K) NonClass: 109K(192K)->109K(192K) Class: 7K(128K)->7K(128K)
[2026-06-17T10:05:52.878+0800][33.671s][info][gc             ] GC(1317) Pause Young (Allocation Failure) 41M->38M(57M) 3.109ms
[2026-06-17T10:05:52.879+0800][33.671s][info][gc,cpu         ] GC(1317) User=0.00s Sys=0.00s Real=0.00s
[2026-06-17T10:05:52.900+0800][33.693s][info][gc,start       ] GC(1318) Pause Young (Allocation Failure)
[2026-06-17T10:05:52.902+0800][33.695s][info][gc,heap        ] GC(1318) PSYoungGen: 10770K(14336K)->2297K(14336K) Eden: 7152K(7168K)->0K(7168K) From: 3617K(7168K)->2297K(7168K)
[2026-06-17T10:05:52.903+0800][33.695s][info][gc,heap        ] GC(1318) ParOldGen: 35346K(44032K)->36781K(44032K)
[2026-06-17T10:05:52.903+0800][33.696s][info][gc,metaspace   ] GC(1318) Metaspace: 116K(320K)->116K(320K) NonClass: 109K(192K)->109K(192K) Class: 7K(128K)->7K(128K)
[2026-06-17T10:05:52.904+0800][33.697s][info][gc             ] GC(1318) Pause Young (Allocation Failure) 45M->38M(57M) 4.072ms
[2026-06-17T10:05:52.905+0800][33.698s][info][gc,cpu         ] GC(1318) User=0.00s Sys=0.00s Real=0.01s
[2026-06-17T10:05:52.927+0800][33.720s][info][gc,start       ] GC(1319) Pause Young (Allocation Failure)
[2026-06-17T10:05:52.929+0800][33.722s][info][gc,heap        ] GC(1319) PSYoungGen: 9435K(14336K)->311K(14336K) Eden: 7138K(7168K)->0K(7168K) From: 2297K(7168K)->311K(7168K)
[2026-06-17T10:05:52.930+0800][33.722s][info][gc,heap        ] GC(1319) ParOldGen: 36781K(44032K)->38764K(44032K)
[2026-06-17T10:05:52.930+0800][33.723s][info][gc,metaspace   ] GC(1319) Metaspace: 116K(320K)->116K(320K) NonClass: 109K(192K)->109K(192K) Class: 7K(128K)->7K(128K)
[2026-06-17T10:05:52.931+0800][33.723s][info][gc             ] GC(1319) Pause Young (Allocation Failure) 45M->38M(57M) 3.663ms
[2026-06-17T10:05:52.931+0800][33.724s][info][gc,cpu         ] GC(1319) User=0.01s Sys=0.00s Real=0.01s
[2026-06-17T10:05:52.943+0800][33.735s][info][gc,start       ] GC(1320) Pause Young (Allocation Failure)
[2026-06-17T10:05:52.944+0800][33.737s][info][gc,heap        ] GC(1320) PSYoungGen: 7474K(14336K)->3950K(14336K) Eden: 7163K(7168K)->0K(7168K) From: 311K(7168K)->3950K(7168K)
[2026-06-17T10:05:52.944+0800][33.737s][info][gc,heap        ] GC(1320) ParOldGen: 38764K(44032K)->38764K(44032K)
[2026-06-17T10:05:52.945+0800][33.738s][info][gc,metaspace   ] GC(1320) Metaspace: 116K(320K)->116K(320K) NonClass: 109K(192K)->109K(192K) Class: 7K(128K)->7K(128K)
[2026-06-17T10:05:52.945+0800][33.738s][info][gc             ] GC(1320) Pause Young (Allocation Failure) 45M->41M(57M) 2.412ms
[2026-06-17T10:05:52.945+0800][33.738s][info][gc,cpu         ] GC(1320) User=0.00s Sys=0.00s Real=0.00s
[2026-06-17T10:05:52.967+0800][33.760s][info][gc,start       ] GC(1321) Pause Young (Allocation Failure)
[2026-06-17T10:05:52.969+0800][33.762s][info][gc,heap        ] GC(1321) PSYoungGen: 11115K(14336K)->1547K(14336K) Eden: 7165K(7168K)->0K(7168K) From: 3950K(7168K)->1547K(7168K)
[2026-06-17T10:05:52.970+0800][33.763s][info][gc,heap        ] GC(1321) ParOldGen: 38764K(44032K)->41408K(44032K)
[2026-06-17T10:05:52.971+0800][33.764s][info][gc,metaspace   ] GC(1321) Metaspace: 116K(320K)->116K(320K) NonClass: 109K(192K)->109K(192K) Class: 7K(128K)->7K(128K)
[2026-06-17T10:05:52.971+0800][33.764s][info][gc             ] GC(1321) Pause Young (Allocation Failure) 48M->41M(57M) 4.149ms
[2026-06-17T10:05:52.972+0800][33.764s][info][gc,cpu         ] GC(1321) User=0.00s Sys=0.00s Real=0.01s
[2026-06-17T10:05:52.983+0800][33.776s][info][gc,start       ] GC(1322) Pause Full (Allocation Failure)
[2026-06-17T10:05:52.984+0800][33.777s][info][gc,phases,start] GC(1322) Marking Phase
[2026-06-17T10:05:52.986+0800][33.778s][info][gc,phases      ] GC(1322) Marking Phase 1.860ms
[2026-06-17T10:05:52.986+0800][33.779s][info][gc,phases,start] GC(1322) Summary Phase
[2026-06-17T10:05:52.987+0800][33.779s][info][gc,phases      ] GC(1322) Summary Phase 0.507ms
[2026-06-17T10:05:52.987+0800][33.780s][info][gc,phases,start] GC(1322) Forward
[2026-06-17T10:05:52.987+0800][33.780s][info][gc,phases      ] GC(1322) Forward 0.401ms
[2026-06-17T10:05:52.988+0800][33.780s][info][gc,phases,start] GC(1322) Adjust Pointers
[2026-06-17T10:05:52.989+0800][33.781s][info][gc,phases      ] GC(1322) Adjust Pointers 1.017ms
[2026-06-17T10:05:52.989+0800][33.782s][info][gc,phases,start] GC(1322) Compaction Phase
[2026-06-17T10:05:52.991+0800][33.784s][info][gc,phases      ] GC(1322) Compaction Phase 2.039ms
[2026-06-17T10:05:52.992+0800][33.784s][info][gc,phases,start] GC(1322) Post Compact
[2026-06-17T10:05:52.992+0800][33.785s][info][gc,phases      ] GC(1322) Post Compact 0.372ms
[2026-06-17T10:05:52.992+0800][33.785s][info][gc,heap        ] GC(1322) PSYoungGen: 8715K(14336K)->0K(14336K) Eden: 7168K(7168K)->0K(7168K) From: 1547K(7168K)->0K(7168K)
[2026-06-17T10:05:52.993+0800][33.786s][info][gc,heap        ] GC(1322) ParOldGen: 41408K(44032K)->31530K(44032K)
[2026-06-17T10:05:52.993+0800][33.786s][info][gc,metaspace   ] GC(1322) Metaspace: 116K(320K)->116K(320K) NonClass: 109K(192K)->109K(192K) Class: 7K(128K)->7K(128K)
[2026-06-17T10:05:52.993+0800][33.786s][info][gc             ] GC(1322) Pause Full (Allocation Failure) 48M->30M(57M) 10.058ms
[2026-06-17T10:05:52.993+0800][33.786s][info][gc,cpu         ] GC(1322) User=0.01s Sys=0.00s Real=0.01s
[2026-06-17T10:05:53.015+0800][33.807s][info][gc,start       ] GC(1323) Pause Young (Allocation Failure)
[2026-06-17T10:05:53.016+0800][33.808s][info][gc,heap        ] GC(1323) PSYoungGen: 7165K(14336K)->290K(14336K) Eden: 7165K(7168K)->0K(7168K) From: 0K(7168K)->290K(7168K)
[2026-06-17T10:05:53.016+0800][33.809s][info][gc,heap        ] GC(1323) ParOldGen: 31530K(44032K)->31530K(44032K)
[2026-06-17T10:05:53.016+0800][33.809s][info][gc,metaspace   ] GC(1323) Metaspace: 116K(320K)->116K(320K) NonClass: 109K(192K)->109K(192K) Class: 7K(128K)->7K(128K)
[2026-06-17T10:05:53.017+0800][33.809s][info][gc             ] GC(1323) Pause Young (Allocation Failure) 37M->31M(57M) 2.002ms
[2026-06-17T10:05:53.017+0800][33.810s][info][gc,cpu         ] GC(1323) User=0.00s Sys=0.00s Real=0.00s
[2026-06-17T10:05:53.039+0800][33.831s][info][gc,start       ] GC(1324) Pause Young (Allocation Failure)
[2026-06-17T10:05:53.042+0800][33.834s][info][gc,heap        ] GC(1324) PSYoungGen: 7446K(14336K)->3781K(14336K) Eden: 7156K(7168K)->0K(7168K) From: 290K(7168K)->3781K(7168K)
[2026-06-17T10:05:53.043+0800][33.836s][info][gc,heap        ] GC(1324) ParOldGen: 31530K(44032K)->31796K(44032K)
[2026-06-17T10:05:53.045+0800][33.838s][info][gc,metaspace   ] GC(1324) Metaspace: 116K(320K)->116K(320K) NonClass: 109K(192K)->109K(192K) Class: 7K(128K)->7K(128K)
[2026-06-17T10:05:53.048+0800][33.841s][info][gc             ] GC(1324) Pause Young (Allocation Failure) 38M->34M(57M) 9.190ms
[2026-06-17T10:05:53.052+0800][33.844s][info][gc,cpu         ] GC(1324) User=0.00s Sys=0.00s Real=0.02s
[2026-06-17T10:05:53.075+0800][33.868s][info][gc,start       ] GC(1325) Pause Young (Allocation Failure)
[2026-06-17T10:05:53.077+0800][33.870s][info][gc,heap        ] GC(1325) PSYoungGen: 10938K(14336K)->4106K(14336K) Eden: 7157K(7168K)->0K(7168K) From: 3781K(7168K)->4106K(7168K)
[2026-06-17T10:05:53.078+0800][33.871s][info][gc,heap        ] GC(1325) ParOldGen: 31796K(44032K)->31796K(44032K)
[2026-06-17T10:05:53.079+0800][33.872s][info][gc,metaspace   ] GC(1325) Metaspace: 116K(320K)->116K(320K) NonClass: 109K(192K)->109K(192K) Class: 7K(128K)->7K(128K)
[2026-06-17T10:05:53.080+0800][33.873s][info][gc             ] GC(1325) Pause Young (Allocation Failure) 41M->35M(57M) 4.539ms
[2026-06-17T10:05:53.084+0800][33.877s][info][gc,cpu         ] GC(1325) User=0.01s Sys=0.00s Real=0.01s
[2026-06-17T10:05:53.098+0800][33.890s][info][gc,start       ] GC(1326) Pause Young (Allocation Failure)
[2026-06-17T10:05:53.100+0800][33.893s][info][gc,heap        ] GC(1326) PSYoungGen: 10421K(14336K)->3809K(14336K) Eden: 6314K(7168K)->0K(7168K) From: 4106K(7168K)->3809K(7168K)
[2026-06-17T10:05:53.102+0800][33.895s][info][gc,heap        ] GC(1326) ParOldGen: 31796K(44032K)->31796K(44032K)
[2026-06-17T10:05:53.103+0800][33.896s][info][gc,metaspace   ] GC(1326) Metaspace: 116K(320K)->116K(320K) NonClass: 109K(192K)->109K(192K) Class: 7K(128K)->7K(128K)
[2026-06-17T10:05:53.104+0800][33.897s][info][gc             ] GC(1326) Pause Young (Allocation Failure) 41M->34M(57M) 6.501ms
[2026-06-17T10:05:53.105+0800][33.898s][info][gc,cpu         ] GC(1326) User=0.00s Sys=0.00s Real=0.01s
[2026-06-17T10:05:53.128+0800][33.921s][info][gc,start       ] GC(1327) Pause Young (Allocation Failure)
[2026-06-17T10:05:53.131+0800][33.923s][info][gc,heap        ] GC(1327) PSYoungGen: 10977K(14336K)->7059K(14336K) Eden: 7168K(7168K)->0K(7168K) From: 3809K(7168K)->7059K(7168K)
[2026-06-17T10:05:53.131+0800][33.924s][info][gc,heap        ] GC(1327) ParOldGen: 31796K(44032K)->32307K(44032K)
[2026-06-17T10:05:53.132+0800][33.925s][info][gc,metaspace   ] GC(1327) Metaspace: 116K(320K)->116K(320K) NonClass: 109K(192K)->109K(192K) Class: 7K(128K)->7K(128K)
[2026-06-17T10:05:53.132+0800][33.925s][info][gc             ] GC(1327) Pause Young (Allocation Failure) 41M->38M(57M) 4.413ms
[2026-06-17T10:05:53.133+0800][33.926s][info][gc,cpu         ] GC(1327) User=0.00s Sys=0.00s Real=0.01s
[2026-06-17T10:05:53.155+0800][33.948s][info][gc,start       ] GC(1328) Pause Young (Allocation Failure)
[2026-06-17T10:05:53.157+0800][33.950s][info][gc,heap        ] GC(1328) PSYoungGen: 14204K(14336K)->3550K(14336K) Eden: 7144K(7168K)->0K(7168K) From: 7059K(7168K)->3550K(7168K)
[2026-06-17T10:05:53.158+0800][33.951s][info][gc,heap        ] GC(1328) ParOldGen: 32307K(44032K)->36093K(44032K)
[2026-06-17T10:05:53.159+0800][33.951s][info][gc,metaspace   ] GC(1328) Metaspace: 116K(320K)->116K(320K) NonClass: 109K(192K)->109K(192K) Class: 7K(128K)->7K(128K)
[2026-06-17T10:05:53.159+0800][33.952s][info][gc             ] GC(1328) Pause Young (Allocation Failure) 45M->38M(57M) 4.064ms
[2026-06-17T10:05:53.160+0800][33.952s][info][gc,cpu         ] GC(1328) User=0.01s Sys=0.00s Real=0.00s
[2026-06-17T10:05:53.171+0800][33.964s][info][gc,start       ] GC(1329) Pause Young (Allocation Failure)
[2026-06-17T10:05:53.173+0800][33.966s][info][gc,heap        ] GC(1329) PSYoungGen: 10701K(14336K)->4424K(14336K) Eden: 7151K(7168K)->0K(7168K) From: 3550K(7168K)->4424K(7168K)
[2026-06-17T10:05:53.174+0800][33.966s][info][gc,heap        ] GC(1329) ParOldGen: 36093K(44032K)->38782K(44032K)
[2026-06-17T10:05:53.174+0800][33.967s][info][gc,metaspace   ] GC(1329) Metaspace: 116K(320K)->116K(320K) NonClass: 109K(192K)->109K(192K) Class: 7K(128K)->7K(128K)
[2026-06-17T10:05:53.175+0800][33.967s][info][gc             ] GC(1329) Pause Young (Allocation Failure) 45M->42M(57M) 3.378ms
[2026-06-17T10:05:53.175+0800][33.968s][info][gc,cpu         ] GC(1329) User=0.00s Sys=0.00s Real=0.00s
[2026-06-17T10:05:53.197+0800][33.990s][info][gc,start       ] GC(1330) Pause Young (Allocation Failure)
[2026-06-17T10:05:53.199+0800][33.992s][info][gc,heap        ] GC(1330) PSYoungGen: 11589K(14336K)->2666K(14336K) Eden: 7165K(7168K)->0K(7168K) From: 4424K(7168K)->2666K(7168K)
[2026-06-17T10:05:53.200+0800][33.993s][info][gc,heap        ] GC(1330) ParOldGen: 38782K(44032K)->40778K(44032K)
[2026-06-17T10:05:53.200+0800][33.993s][info][gc,metaspace   ] GC(1330) Metaspace: 116K(320K)->116K(320K) NonClass: 109K(192K)->109K(192K) Class: 7K(128K)->7K(128K)
[2026-06-17T10:05:53.201+0800][33.994s][info][gc             ] GC(1330) Pause Young (Allocation Failure) 49M->42M(57M) 3.939ms
[2026-06-17T10:05:53.202+0800][33.994s][info][gc,cpu         ] GC(1330) User=0.00s Sys=0.00s Real=0.00s
[2026-06-17T10:05:53.224+0800][34.017s][info][gc,start       ] GC(1331) Pause Full (Allocation Failure)
[2026-06-17T10:05:53.224+0800][34.017s][info][gc,phases,start] GC(1331) Marking Phase
[2026-06-17T10:05:53.228+0800][34.020s][info][gc,phases      ] GC(1331) Marking Phase 3.055ms
[2026-06-17T10:05:53.228+0800][34.021s][info][gc,phases,start] GC(1331) Summary Phase
[2026-06-17T10:05:53.230+0800][34.023s][info][gc,phases      ] GC(1331) Summary Phase 2.354ms
[2026-06-17T10:05:53.231+0800][34.024s][info][gc,phases,start] GC(1331) Forward
[2026-06-17T10:05:53.232+0800][34.025s][info][gc,phases      ] GC(1331) Forward 0.782ms
[2026-06-17T10:05:53.232+0800][34.025s][info][gc,phases,start] GC(1331) Adjust Pointers
[2026-06-17T10:05:53.233+0800][34.026s][info][gc,phases      ] GC(1331) Adjust Pointers 1.244ms
[2026-06-17T10:05:53.234+0800][34.026s][info][gc,phases,start] GC(1331) Compaction Phase
[2026-06-17T10:05:53.236+0800][34.029s][info][gc,phases      ] GC(1331) Compaction Phase 2.488ms
[2026-06-17T10:05:53.237+0800][34.029s][info][gc,phases,start] GC(1331) Post Compact
[2026-06-17T10:05:53.237+0800][34.030s][info][gc,phases      ] GC(1331) Post Compact 0.425ms
[2026-06-17T10:05:53.237+0800][34.030s][info][gc,heap        ] GC(1331) PSYoungGen: 9794K(14336K)->0K(14336K) Eden: 7128K(7168K)->0K(7168K) From: 2666K(7168K)->0K(7168K)
[2026-06-17T10:05:53.238+0800][34.031s][info][gc,heap        ] GC(1331) ParOldGen: 40778K(44032K)->29981K(44032K)
[2026-06-17T10:05:53.238+0800][34.031s][info][gc,metaspace   ] GC(1331) Metaspace: 116K(320K)->116K(320K) NonClass: 109K(192K)->109K(192K) Class: 7K(128K)->7K(128K)
[2026-06-17T10:05:53.239+0800][34.031s][info][gc             ] GC(1331) Pause Full (Allocation Failure) 49M->29M(57M) 14.838ms
[2026-06-17T10:05:53.239+0800][34.032s][info][gc,cpu         ] GC(1331) User=0.01s Sys=0.00s Real=0.01s
[2026-06-17T10:05:53.250+0800][34.043s][info][gc,start       ] GC(1332) Pause Young (Allocation Failure)
[2026-06-17T10:05:53.252+0800][34.045s][info][gc,heap        ] GC(1332) PSYoungGen: 7137K(14336K)->3974K(14336K) Eden: 7137K(7168K)->0K(7168K) From: 0K(7168K)->3974K(7168K)
[2026-06-17T10:05:53.252+0800][34.045s][info][gc,heap        ] GC(1332) ParOldGen: 29981K(44032K)->29981K(44032K)
[2026-06-17T10:05:53.253+0800][34.046s][info][gc,metaspace   ] GC(1332) Metaspace: 116K(320K)->116K(320K) NonClass: 109K(192K)->109K(192K) Class: 7K(128K)->7K(128K)
[2026-06-17T10:05:53.253+0800][34.046s][info][gc             ] GC(1332) Pause Young (Allocation Failure) 36M->33M(57M) 3.210ms
[2026-06-17T10:05:53.254+0800][34.047s][info][gc,cpu         ] GC(1332) User=0.01s Sys=0.00s Real=0.01s
[2026-06-17T10:05:53.276+0800][34.069s][info][gc,start       ] GC(1333) Pause Young (Allocation Failure)
[2026-06-17T10:05:53.279+0800][34.071s][info][gc,heap        ] GC(1333) PSYoungGen: 11142K(14336K)->3644K(14336K) Eden: 7168K(7168K)->0K(7168K) From: 3974K(7168K)->3644K(7168K)
[2026-06-17T10:05:53.279+0800][34.072s][info][gc,heap        ] GC(1333) ParOldGen: 29981K(44032K)->33930K(44032K)
[2026-06-17T10:05:53.280+0800][34.073s][info][gc,metaspace   ] GC(1333) Metaspace: 116K(320K)->116K(320K) NonClass: 109K(192K)->109K(192K) Class: 7K(128K)->7K(128K)
[2026-06-17T10:05:53.281+0800][34.073s][info][gc             ] GC(1333) Pause Young (Allocation Failure) 40M->36M(57M) 4.905ms
[2026-06-17T10:05:53.281+0800][34.074s][info][gc,cpu         ] GC(1333) User=0.00s Sys=0.00s Real=0.00s
[2026-06-17T10:05:53.303+0800][34.096s][info][gc,start       ] GC(1334) Pause Young (Allocation Failure)
[2026-06-17T10:05:53.306+0800][34.099s][info][gc,heap        ] GC(1334) PSYoungGen: 10812K(14336K)->2701K(14336K) Eden: 7168K(7168K)->0K(7168K) From: 3644K(7168K)->2701K(7168K)
[2026-06-17T10:05:53.307+0800][34.099s][info][gc,heap        ] GC(1334) ParOldGen: 33930K(44032K)->35554K(44032K)
[2026-06-17T10:05:53.308+0800][34.100s][info][gc,metaspace   ] GC(1334) Metaspace: 116K(320K)->116K(320K) NonClass: 109K(192K)->109K(192K) Class: 7K(128K)->7K(128K)
[2026-06-17T10:05:53.308+0800][34.101s][info][gc             ] GC(1334) Pause Young (Allocation Failure) 43M->37M(57M) 5.091ms
[2026-06-17T10:05:53.309+0800][34.102s][info][gc,cpu         ] GC(1334) User=0.00s Sys=0.00s Real=0.00s
[2026-06-17T10:05:53.331+0800][34.124s][info][gc,start       ] GC(1335) Pause Young (Allocation Failure)
[2026-06-17T10:05:53.332+0800][34.125s][info][gc,heap        ] GC(1335) PSYoungGen: 9815K(14336K)->588K(13824K) Eden: 7114K(7168K)->0K(7168K) From: 2701K(7168K)->588K(6656K)
[2026-06-17T10:05:53.333+0800][34.126s][info][gc,heap        ] GC(1335) ParOldGen: 35554K(44032K)->37642K(44032K)
[2026-06-17T10:05:53.333+0800][34.126s][info][gc,metaspace   ] GC(1335) Metaspace: 116K(320K)->116K(320K) NonClass: 109K(192K)->109K(192K) Class: 7K(128K)->7K(128K)
[2026-06-17T10:05:53.333+0800][34.126s][info][gc             ] GC(1335) Pause Young (Allocation Failure) 44M->37M(56M) 2.115ms
[2026-06-17T10:05:53.333+0800][34.126s][info][gc,cpu         ] GC(1335) User=0.00s Sys=0.00s Real=0.00s
[2026-06-17T10:05:53.344+0800][34.137s][info][gc,start       ] GC(1336) Pause Young (Allocation Failure)
[2026-06-17T10:05:53.345+0800][34.138s][info][gc,heap        ] GC(1336) PSYoungGen: 7741K(13824K)->4227K(14336K) Eden: 7153K(7168K)->0K(7168K) From: 588K(6656K)->4227K(7168K)
[2026-06-17T10:05:53.346+0800][34.138s][info][gc,heap        ] GC(1336) ParOldGen: 37642K(44032K)->37642K(44032K)
[2026-06-17T10:05:53.347+0800][34.139s][info][gc,metaspace   ] GC(1336) Metaspace: 116K(320K)->116K(320K) NonClass: 109K(192K)->109K(192K) Class: 7K(128K)->7K(128K)
[2026-06-17T10:05:53.350+0800][34.142s][info][gc             ] GC(1336) Pause Young (Allocation Failure) 44M->40M(57M) 5.198ms
[2026-06-17T10:05:53.352+0800][34.144s][info][gc,cpu         ] GC(1336) User=0.00s Sys=0.00s Real=0.01s
[2026-06-17T10:05:53.378+0800][34.170s][info][gc,start       ] GC(1337) Pause Young (Allocation Failure)
[2026-06-17T10:05:53.380+0800][34.172s][info][gc,heap        ] GC(1337) PSYoungGen: 11388K(14336K)->2490K(14848K) Eden: 7160K(7168K)->0K(7680K) From: 4227K(7168K)->2490K(7168K)
[2026-06-17T10:05:53.380+0800][34.173s][info][gc,heap        ] GC(1337) ParOldGen: 37642K(44032K)->39639K(44032K)
[2026-06-17T10:05:53.381+0800][34.174s][info][gc,metaspace   ] GC(1337) Metaspace: 116K(320K)->116K(320K) NonClass: 109K(192K)->109K(192K) Class: 7K(128K)->7K(128K)
[2026-06-17T10:05:53.381+0800][34.174s][info][gc             ] GC(1337) Pause Young (Allocation Failure) 47M->41M(57M) 3.787ms
[2026-06-17T10:05:53.382+0800][34.175s][info][gc,cpu         ] GC(1337) User=0.00s Sys=0.00s Real=0.00s
[2026-06-17T10:05:53.394+0800][34.187s][info][gc,start       ] GC(1338) Pause Young (Allocation Failure)
[2026-06-17T10:05:53.397+0800][34.190s][info][gc,heap        ] GC(1338) PSYoungGen: 10161K(14848K)->5753K(14336K) Eden: 7670K(7680K)->0K(7680K) From: 2490K(7168K)->5753K(6656K)
[2026-06-17T10:05:53.398+0800][34.191s][info][gc,heap        ] GC(1338) ParOldGen: 39639K(44032K)->40593K(44032K)
[2026-06-17T10:05:53.399+0800][34.191s][info][gc,metaspace   ] GC(1338) Metaspace: 116K(320K)->116K(320K) NonClass: 109K(192K)->109K(192K) Class: 7K(128K)->7K(128K)
[2026-06-17T10:05:53.399+0800][34.192s][info][gc             ] GC(1338) Pause Young (Allocation Failure) 48M->45M(57M) 4.820ms
[2026-06-17T10:05:53.400+0800][34.193s][info][gc,cpu         ] GC(1338) User=0.00s Sys=0.00s Real=0.00s
[2026-06-17T10:05:53.422+0800][34.215s][info][gc,start       ] GC(1339) Pause Full (Allocation Failure)
[2026-06-17T10:05:53.423+0800][34.216s][info][gc,phases,start] GC(1339) Marking Phase
[2026-06-17T10:05:53.426+0800][34.218s][info][gc,phases      ] GC(1339) Marking Phase 2.475ms
[2026-06-17T10:05:53.426+0800][34.219s][info][gc,phases,start] GC(1339) Summary Phase
[2026-06-17T10:05:53.427+0800][34.219s][info][gc,phases      ] GC(1339) Summary Phase 0.567ms
[2026-06-17T10:05:53.427+0800][34.220s][info][gc,phases,start] GC(1339) Forward
[2026-06-17T10:05:53.428+0800][34.221s][info][gc,phases      ] GC(1339) Forward 0.756ms
[2026-06-17T10:05:53.428+0800][34.221s][info][gc,phases,start] GC(1339) Adjust Pointers
[2026-06-17T10:05:53.430+0800][34.222s][info][gc,phases      ] GC(1339) Adjust Pointers 1.188ms
[2026-06-17T10:05:53.430+0800][34.223s][info][gc,phases,start] GC(1339) Compaction Phase
[2026-06-17T10:05:53.432+0800][34.225s][info][gc,phases      ] GC(1339) Compaction Phase 2.373ms
[2026-06-17T10:05:53.433+0800][34.226s][info][gc,phases,start] GC(1339) Post Compact
[2026-06-17T10:05:53.433+0800][34.226s][info][gc,phases      ] GC(1339) Post Compact 0.363ms
[2026-06-17T10:05:53.434+0800][34.226s][info][gc,heap        ] GC(1339) PSYoungGen: 13344K(14336K)->0K(14336K) Eden: 7591K(7680K)->0K(7168K) From: 5753K(6656K)->0K(7168K)
[2026-06-17T10:05:53.434+0800][34.227s][info][gc,heap        ] GC(1339) ParOldGen: 40593K(44032K)->28603K(44032K)
[2026-06-17T10:05:53.434+0800][34.227s][info][gc,metaspace   ] GC(1339) Metaspace: 116K(320K)->116K(320K) NonClass: 109K(192K)->109K(192K) Class: 7K(128K)->7K(128K)
[2026-06-17T10:05:53.434+0800][34.227s][info][gc             ] GC(1339) Pause Full (Allocation Failure) 52M->27M(57M) 11.976ms
[2026-06-17T10:05:53.435+0800][34.227s][info][gc,cpu         ] GC(1339) User=0.01s Sys=0.00s Real=0.02s
[2026-06-17T10:05:53.456+0800][34.249s][info][gc,start       ] GC(1340) Pause Young (Allocation Failure)
[2026-06-17T10:05:53.458+0800][34.251s][info][gc,heap        ] GC(1340) PSYoungGen: 7138K(14336K)->3919K(14336K) Eden: 7138K(7168K)->0K(7168K) From: 0K(7168K)->3919K(7168K)
[2026-06-17T10:05:53.458+0800][34.251s][info][gc,heap        ] GC(1340) ParOldGen: 28603K(44032K)->28603K(44032K)
[2026-06-17T10:05:53.459+0800][34.252s][info][gc,metaspace   ] GC(1340) Metaspace: 116K(320K)->116K(320K) NonClass: 109K(192K)->109K(192K) Class: 7K(128K)->7K(128K)
[2026-06-17T10:05:53.459+0800][34.252s][info][gc             ] GC(1340) Pause Young (Allocation Failure) 34M->31M(57M) 3.252ms
[2026-06-17T10:05:53.460+0800][34.253s][info][gc,cpu         ] GC(1340) User=0.00s Sys=0.00s Real=0.00s
[2026-06-17T10:05:53.482+0800][34.275s][info][gc,start       ] GC(1341) Pause Young (Allocation Failure)
[2026-06-17T10:05:53.484+0800][34.277s][info][gc,heap        ] GC(1341) PSYoungGen: 11057K(14336K)->2740K(14336K) Eden: 7137K(7168K)->0K(7168K) From: 3919K(7168K)->2740K(7168K)
[2026-06-17T10:05:53.484+0800][34.277s][info][gc,heap        ] GC(1341) ParOldGen: 28603K(44032K)->30002K(44032K)
[2026-06-17T10:05:53.485+0800][34.278s][info][gc,metaspace   ] GC(1341) Metaspace: 116K(320K)->116K(320K) NonClass: 109K(192K)->109K(192K) Class: 7K(128K)->7K(128K)
[2026-06-17T10:05:53.486+0800][34.278s][info][gc             ] GC(1341) Pause Young (Allocation Failure) 38M->31M(57M) 3.567ms
[2026-06-17T10:05:53.486+0800][34.279s][info][gc,cpu         ] GC(1341) User=0.00s Sys=0.00s Real=0.01s
[2026-06-17T10:05:53.508+0800][34.301s][info][gc,start       ] GC(1342) Pause Young (Allocation Failure)
[2026-06-17T10:05:53.509+0800][34.302s][info][gc,heap        ] GC(1342) PSYoungGen: 9895K(14336K)->1386K(14336K) Eden: 7154K(7168K)->0K(7168K) From: 2740K(7168K)->1386K(7168K)
[2026-06-17T10:05:53.511+0800][34.303s][info][gc,heap        ] GC(1342) ParOldGen: 30002K(44032K)->31828K(44032K)
[2026-06-17T10:05:53.511+0800][34.304s][info][gc,metaspace   ] GC(1342) Metaspace: 116K(320K)->116K(320K) NonClass: 109K(192K)->109K(192K) Class: 7K(128K)->7K(128K)
[2026-06-17T10:05:53.512+0800][34.304s][info][gc             ] GC(1342) Pause Young (Allocation Failure) 38M->32M(57M) 3.558ms
[2026-06-17T10:05:53.512+0800][34.305s][info][gc,cpu         ] GC(1342) User=0.01s Sys=0.00s Real=0.01s
[2026-06-17T10:05:53.534+0800][34.326s][info][gc,start       ] GC(1343) Pause Young (Allocation Failure)
[2026-06-17T10:05:53.535+0800][34.328s][info][gc,heap        ] GC(1343) PSYoungGen: 8514K(14336K)->1644K(14336K) Eden: 7127K(7168K)->0K(7168K) From: 1386K(7168K)->1644K(7168K)
[2026-06-17T10:05:53.536+0800][34.329s][info][gc,heap        ] GC(1343) ParOldGen: 31828K(44032K)->31828K(44032K)
[2026-06-17T10:05:53.537+0800][34.329s][info][gc,metaspace   ] GC(1343) Metaspace: 116K(320K)->116K(320K) NonClass: 109K(192K)->109K(192K) Class: 7K(128K)->7K(128K)
[2026-06-17T10:05:53.537+0800][34.330s][info][gc             ] GC(1343) Pause Young (Allocation Failure) 39M->32M(57M) 3.404ms
[2026-06-17T10:05:53.538+0800][34.330s][info][gc,cpu         ] GC(1343) User=0.00s Sys=0.00s Real=0.00s
[2026-06-17T10:05:53.549+0800][34.342s][info][gc,start       ] GC(1344) Pause Young (Allocation Failure)
[2026-06-17T10:05:53.551+0800][34.343s][info][gc,heap        ] GC(1344) PSYoungGen: 8710K(14336K)->1580K(14336K) Eden: 7066K(7168K)->0K(7168K) From: 1644K(7168K)->1580K(7168K)
[2026-06-17T10:05:53.551+0800][34.344s][info][gc,heap        ] GC(1344) ParOldGen: 31828K(44032K)->31828K(44032K)
[2026-06-17T10:05:53.551+0800][34.344s][info][gc,metaspace   ] GC(1344) Metaspace: 116K(320K)->116K(320K) NonClass: 109K(192K)->109K(192K) Class: 7K(128K)->7K(128K)
[2026-06-17T10:05:53.552+0800][34.345s][info][gc             ] GC(1344) Pause Young (Allocation Failure) 39M->32M(57M) 2.581ms
[2026-06-17T10:05:53.552+0800][34.345s][info][gc,cpu         ] GC(1344) User=0.00s Sys=0.00s Real=0.01s
[2026-06-17T10:05:53.573+0800][34.366s][info][gc,start       ] GC(1345) Pause Young (Allocation Failure)
[2026-06-17T10:05:53.575+0800][34.367s][info][gc,heap        ] GC(1345) PSYoungGen: 8748K(14336K)->5239K(13824K) Eden: 7168K(7168K)->0K(7168K) From: 1580K(7168K)->5239K(6656K)
[2026-06-17T10:05:53.575+0800][34.368s][info][gc,heap        ] GC(1345) ParOldGen: 31828K(44032K)->31828K(44032K)
[2026-06-17T10:05:53.575+0800][34.368s][info][gc,metaspace   ] GC(1345) Metaspace: 116K(320K)->116K(320K) NonClass: 109K(192K)->109K(192K) Class: 7K(128K)->7K(128K)
[2026-06-17T10:05:53.576+0800][34.368s][info][gc             ] GC(1345) Pause Young (Allocation Failure) 39M->36M(56M) 2.120ms
[2026-06-17T10:05:53.576+0800][34.369s][info][gc,cpu         ] GC(1345) User=0.00s Sys=0.00s Real=0.00s
[2026-06-17T10:05:53.587+0800][34.380s][info][gc,start       ] GC(1346) Pause Young (Allocation Failure)
[2026-06-17T10:05:53.588+0800][34.381s][info][gc,heap        ] GC(1346) PSYoungGen: 12392K(13824K)->5081K(14336K) Eden: 7152K(7168K)->0K(7168K) From: 5239K(6656K)->5081K(7168K)
[2026-06-17T10:05:53.589+0800][34.381s][info][gc,heap        ] GC(1346) ParOldGen: 31828K(44032K)->31828K(44032K)
[2026-06-17T10:05:53.589+0800][34.382s][info][gc,metaspace   ] GC(1346) Metaspace: 116K(320K)->116K(320K) NonClass: 109K(192K)->109K(192K) Class: 7K(128K)->7K(128K)
[2026-06-17T10:05:53.589+0800][34.382s][info][gc             ] GC(1346) Pause Young (Allocation Failure) 43M->36M(57M) 1.973ms
[2026-06-17T10:05:53.590+0800][34.382s][info][gc,cpu         ] GC(1346) User=0.00s Sys=0.01s Real=0.00s
[2026-06-17T10:05:53.611+0800][34.404s][info][gc,start       ] GC(1347) Pause Young (Allocation Failure)
[2026-06-17T10:05:53.613+0800][34.406s][info][gc,heap        ] GC(1347) PSYoungGen: 12209K(14336K)->6973K(14336K) Eden: 7128K(7168K)->0K(7168K) From: 5081K(7168K)->6973K(7168K)
[2026-06-17T10:05:53.613+0800][34.406s][info][gc,heap        ] GC(1347) ParOldGen: 31828K(44032K)->33738K(44032K)
[2026-06-17T10:05:53.614+0800][34.406s][info][gc,metaspace   ] GC(1347) Metaspace: 116K(320K)->116K(320K) NonClass: 109K(192K)->109K(192K) Class: 7K(128K)->7K(128K)
[2026-06-17T10:05:53.614+0800][34.407s][info][gc             ] GC(1347) Pause Young (Allocation Failure) 43M->39M(57M) 3.322ms
[2026-06-17T10:05:53.615+0800][34.407s][info][gc,cpu         ] GC(1347) User=0.00s Sys=0.00s Real=0.00s
[2026-06-17T10:05:53.636+0800][34.429s][info][gc,start       ] GC(1348) Pause Young (Allocation Failure)
[2026-06-17T10:05:53.638+0800][34.430s][info][gc,heap        ] GC(1348) PSYoungGen: 14124K(14336K)->5509K(14336K) Eden: 7150K(7168K)->0K(7168K) From: 6973K(7168K)->5509K(7168K)
[2026-06-17T10:05:53.638+0800][34.431s][info][gc,heap        ] GC(1348) ParOldGen: 33738K(44032K)->35703K(44032K)
[2026-06-17T10:05:53.638+0800][34.431s][info][gc,metaspace   ] GC(1348) Metaspace: 116K(320K)->116K(320K) NonClass: 109K(192K)->109K(192K) Class: 7K(128K)->7K(128K)
[2026-06-17T10:05:53.638+0800][34.431s][info][gc             ] GC(1348) Pause Young (Allocation Failure) 46M->40M(57M) 2.529ms
[2026-06-17T10:05:53.639+0800][34.432s][info][gc,cpu         ] GC(1348) User=0.00s Sys=0.00s Real=0.00s
[2026-06-17T10:05:53.660+0800][34.453s][info][gc,start       ] GC(1349) Pause Young (Allocation Failure)
[2026-06-17T10:05:53.662+0800][34.455s][info][gc,heap        ] GC(1349) PSYoungGen: 12639K(14336K)->2218K(14336K) Eden: 7129K(7168K)->0K(7168K) From: 5509K(7168K)->2218K(7168K)
[2026-06-17T10:05:53.663+0800][34.456s][info][gc,heap        ] GC(1349) ParOldGen: 35703K(44032K)->39001K(44032K)
[2026-06-17T10:05:53.663+0800][34.456s][info][gc,metaspace   ] GC(1349) Metaspace: 116K(320K)->116K(320K) NonClass: 109K(192K)->109K(192K) Class: 7K(128K)->7K(128K)
[2026-06-17T10:05:53.664+0800][34.456s][info][gc             ] GC(1349) Pause Young (Allocation Failure) 47M->40M(57M) 3.299ms
[2026-06-17T10:05:53.664+0800][34.457s][info][gc,cpu         ] GC(1349) User=0.01s Sys=0.00s Real=0.01s
[2026-06-17T10:05:53.675+0800][34.468s][info][gc,start       ] GC(1350) Pause Young (Allocation Failure)
[2026-06-17T10:05:53.677+0800][34.469s][info][gc,heap        ] GC(1350) PSYoungGen: 9386K(14336K)->3889K(14336K) Eden: 7168K(7168K)->0K(7168K) From: 2218K(7168K)->3889K(7168K)
[2026-06-17T10:05:53.677+0800][34.470s][info][gc,heap        ] GC(1350) ParOldGen: 39001K(44032K)->41000K(44032K)
[2026-06-17T10:05:53.677+0800][34.470s][info][gc,metaspace   ] GC(1350) Metaspace: 116K(320K)->116K(320K) NonClass: 109K(192K)->109K(192K) Class: 7K(128K)->7K(128K)
[2026-06-17T10:05:53.678+0800][34.470s][info][gc             ] GC(1350) Pause Young (Allocation Failure) 47M->43M(57M) 2.414ms
[2026-06-17T10:05:53.678+0800][34.471s][info][gc,cpu         ] GC(1350) User=0.00s Sys=0.00s Real=0.00s
[2026-06-17T10:05:53.699+0800][34.492s][info][gc,start       ] GC(1351) Pause Full (Allocation Failure)
[2026-06-17T10:05:53.700+0800][34.493s][info][gc,phases,start] GC(1351) Marking Phase
[2026-06-17T10:05:53.702+0800][34.495s][info][gc,phases      ] GC(1351) Marking Phase 2.322ms
[2026-06-17T10:05:53.703+0800][34.495s][info][gc,phases,start] GC(1351) Summary Phase
[2026-06-17T10:05:53.703+0800][34.496s][info][gc,phases      ] GC(1351) Summary Phase 0.310ms
[2026-06-17T10:05:53.703+0800][34.496s][info][gc,phases,start] GC(1351) Forward
[2026-06-17T10:05:53.704+0800][34.497s][info][gc,phases      ] GC(1351) Forward 0.863ms
[2026-06-17T10:05:53.704+0800][34.497s][info][gc,phases,start] GC(1351) Adjust Pointers
[2026-06-17T10:05:53.706+0800][34.499s][info][gc,phases      ] GC(1351) Adjust Pointers 1.332ms
[2026-06-17T10:05:53.706+0800][34.499s][info][gc,phases,start] GC(1351) Compaction Phase
[2026-06-17T10:05:53.709+0800][34.501s][info][gc,phases      ] GC(1351) Compaction Phase 2.573ms
[2026-06-17T10:05:53.709+0800][34.502s][info][gc,phases,start] GC(1351) Post Compact
[2026-06-17T10:05:53.709+0800][34.502s][info][gc,phases      ] GC(1351) Post Compact 0.312ms
[2026-06-17T10:05:53.710+0800][34.502s][info][gc,heap        ] GC(1351) PSYoungGen: 11025K(14336K)->0K(14336K) Eden: 7135K(7168K)->0K(7168K) From: 3889K(7168K)->0K(7168K)
[2026-06-17T10:05:53.710+0800][34.503s][info][gc,heap        ] GC(1351) ParOldGen: 41000K(44032K)->35359K(44032K)
[2026-06-17T10:05:53.710+0800][34.503s][info][gc,metaspace   ] GC(1351) Metaspace: 116K(320K)->116K(320K) NonClass: 109K(192K)->109K(192K) Class: 7K(128K)->7K(128K)
[2026-06-17T10:05:53.711+0800][34.503s][info][gc             ] GC(1351) Pause Full (Allocation Failure) 50M->34M(57M) 11.429ms
[2026-06-17T10:05:53.711+0800][34.504s][info][gc,cpu         ] GC(1351) User=0.00s Sys=0.00s Real=0.02s
[2026-06-17T10:05:53.732+0800][34.525s][info][gc,start       ] GC(1352) Pause Young (Allocation Failure)
[2026-06-17T10:05:53.733+0800][34.526s][info][gc,heap        ] GC(1352) PSYoungGen: 7167K(14336K)->3877K(14336K) Eden: 7167K(7168K)->0K(7168K) From: 0K(7168K)->3877K(7168K)
[2026-06-17T10:05:53.734+0800][34.526s][info][gc,heap        ] GC(1352) ParOldGen: 35359K(44032K)->35359K(44032K)
[2026-06-17T10:05:53.734+0800][34.527s][info][gc,metaspace   ] GC(1352) Metaspace: 116K(320K)->116K(320K) NonClass: 109K(192K)->109K(192K) Class: 7K(128K)->7K(128K)
[2026-06-17T10:05:53.734+0800][34.527s][info][gc             ] GC(1352) Pause Young (Allocation Failure) 41M->38M(57M) 1.955ms
[2026-06-17T10:05:53.737+0800][34.529s][info][gc,cpu         ] GC(1352) User=0.00s Sys=0.00s Real=0.00s
[2026-06-17T10:05:53.749+0800][34.542s][info][gc,start       ] GC(1353) Pause Young (Allocation Failure)
[2026-06-17T10:05:53.750+0800][34.543s][info][gc,heap        ] GC(1353) PSYoungGen: 10982K(14336K)->4189K(14336K) Eden: 7104K(7168K)->0K(7168K) From: 3877K(7168K)->4189K(7168K)
[2026-06-17T10:05:53.751+0800][34.543s][info][gc,heap        ] GC(1353) ParOldGen: 35359K(44032K)->35359K(44032K)
[2026-06-17T10:05:53.751+0800][34.544s][info][gc,metaspace   ] GC(1353) Metaspace: 116K(320K)->116K(320K) NonClass: 109K(192K)->109K(192K) Class: 7K(128K)->7K(128K)
[2026-06-17T10:05:53.751+0800][34.544s][info][gc             ] GC(1353) Pause Young (Allocation Failure) 45M->38M(57M) 1.549ms
[2026-06-17T10:05:53.751+0800][34.544s][info][gc,cpu         ] GC(1353) User=0.00s Sys=0.00s Real=0.01s
[2026-06-17T10:05:53.772+0800][34.565s][info][gc,start       ] GC(1354) Pause Young (Allocation Failure)
[2026-06-17T10:05:53.773+0800][34.566s][info][gc,heap        ] GC(1354) PSYoungGen: 11354K(14336K)->3698K(14336K) Eden: 7164K(7168K)->0K(7168K) From: 4189K(7168K)->3698K(7168K)
[2026-06-17T10:05:53.774+0800][34.567s][info][gc,heap        ] GC(1354) ParOldGen: 35359K(44032K)->39514K(44032K)
[2026-06-17T10:05:53.774+0800][34.567s][info][gc,metaspace   ] GC(1354) Metaspace: 116K(320K)->116K(320K) NonClass: 109K(192K)->109K(192K) Class: 7K(128K)->7K(128K)
[2026-06-17T10:05:53.774+0800][34.567s][info][gc             ] GC(1354) Pause Young (Allocation Failure) 45M->42M(57M) 1.844ms
[2026-06-17T10:05:53.774+0800][34.567s][info][gc,cpu         ] GC(1354) User=0.00s Sys=0.00s Real=0.00s
[2026-06-17T10:05:53.795+0800][34.588s][info][gc,start       ] GC(1355) Pause Full (Allocation Failure)
[2026-06-17T10:05:53.796+0800][34.588s][info][gc,phases,start] GC(1355) Marking Phase
[2026-06-17T10:05:53.797+0800][34.589s][info][gc,phases      ] GC(1355) Marking Phase 1.036ms
[2026-06-17T10:05:53.797+0800][34.590s][info][gc,phases,start] GC(1355) Summary Phase
[2026-06-17T10:05:53.797+0800][34.590s][info][gc,phases      ] GC(1355) Summary Phase 0.279ms
[2026-06-17T10:05:53.797+0800][34.590s][info][gc,phases,start] GC(1355) Forward
[2026-06-17T10:05:53.798+0800][34.590s][info][gc,phases      ] GC(1355) Forward 0.273ms
[2026-06-17T10:05:53.798+0800][34.591s][info][gc,phases,start] GC(1355) Adjust Pointers
[2026-06-17T10:05:53.798+0800][34.591s][info][gc,phases      ] GC(1355) Adjust Pointers 0.592ms
[2026-06-17T10:05:53.799+0800][34.591s][info][gc,phases,start] GC(1355) Compaction Phase
[2026-06-17T10:05:53.800+0800][34.593s][info][gc,phases      ] GC(1355) Compaction Phase 1.335ms
[2026-06-17T10:05:53.800+0800][34.593s][info][gc,phases,start] GC(1355) Post Compact
[2026-06-17T10:05:53.800+0800][34.593s][info][gc,phases      ] GC(1355) Post Compact 0.219ms
[2026-06-17T10:05:53.801+0800][34.593s][info][gc,heap        ] GC(1355) PSYoungGen: 10839K(14336K)->0K(14336K) Eden: 7141K(7168K)->0K(7168K) From: 3698K(7168K)->0K(7168K)
[2026-06-17T10:05:53.801+0800][34.594s][info][gc,heap        ] GC(1355) ParOldGen: 39514K(44032K)->29679K(44032K)
[2026-06-17T10:05:53.801+0800][34.594s][info][gc,metaspace   ] GC(1355) Metaspace: 116K(320K)->116K(320K) NonClass: 109K(192K)->109K(192K) Class: 7K(128K)->7K(128K)
[2026-06-17T10:05:53.802+0800][34.594s][info][gc             ] GC(1355) Pause Full (Allocation Failure) 49M->28M(57M) 6.418ms
[2026-06-17T10:05:53.802+0800][34.595s][info][gc,cpu         ] GC(1355) User=0.00s Sys=0.00s Real=0.00s
[2026-06-17T10:05:53.823+0800][34.616s][info][gc,start       ] GC(1356) Pause Young (Allocation Failure)
[2026-06-17T10:05:53.824+0800][34.617s][info][gc,heap        ] GC(1356) PSYoungGen: 7163K(14336K)->3612K(14336K) Eden: 7163K(7168K)->0K(7168K) From: 0K(7168K)->3612K(7168K)
[2026-06-17T10:05:53.825+0800][34.618s][info][gc,heap        ] GC(1356) ParOldGen: 29679K(44032K)->29679K(44032K)
[2026-06-17T10:05:53.825+0800][34.618s][info][gc,metaspace   ] GC(1356) Metaspace: 116K(320K)->116K(320K) NonClass: 109K(192K)->109K(192K) Class: 7K(128K)->7K(128K)
[2026-06-17T10:05:53.826+0800][34.619s][info][gc             ] GC(1356) Pause Young (Allocation Failure) 35M->32M(57M) 2.653ms
[2026-06-17T10:05:53.826+0800][34.619s][info][gc,cpu         ] GC(1356) User=0.01s Sys=0.00s Real=0.00s
[2026-06-17T10:05:53.838+0800][34.630s][info][gc,start       ] GC(1357) Pause Young (Allocation Failure)
[2026-06-17T10:05:53.839+0800][34.632s][info][gc,heap        ] GC(1357) PSYoungGen: 10763K(14336K)->7167K(14336K) Eden: 7151K(7168K)->0K(7168K) From: 3612K(7168K)->7167K(7168K)
[2026-06-17T10:05:53.840+0800][34.632s][info][gc,heap        ] GC(1357) ParOldGen: 29679K(44032K)->30016K(44032K)
[2026-06-17T10:05:53.840+0800][34.633s][info][gc,metaspace   ] GC(1357) Metaspace: 116K(320K)->116K(320K) NonClass: 109K(192K)->109K(192K) Class: 7K(128K)->7K(128K)
[2026-06-17T10:05:53.840+0800][34.633s][info][gc             ] GC(1357) Pause Young (Allocation Failure) 39M->36M(57M) 2.561ms
[2026-06-17T10:05:53.841+0800][34.633s][info][gc,cpu         ] GC(1357) User=0.00s Sys=0.00s Real=0.00s
[2026-06-17T10:05:53.862+0800][34.655s][info][gc,start       ] GC(1358) Pause Young (Allocation Failure)
[2026-06-17T10:05:53.863+0800][34.656s][info][gc,heap        ] GC(1358) PSYoungGen: 14332K(14336K)->4579K(14336K) Eden: 7164K(7168K)->0K(7168K) From: 7167K(7168K)->4579K(7168K)
[2026-06-17T10:05:53.864+0800][34.657s][info][gc,heap        ] GC(1358) ParOldGen: 30016K(44032K)->32785K(44032K)
[2026-06-17T10:05:53.865+0800][34.657s][info][gc,metaspace   ] GC(1358) Metaspace: 116K(320K)->116K(320K) NonClass: 109K(192K)->109K(192K) Class: 7K(128K)->7K(128K)
[2026-06-17T10:05:53.867+0800][34.660s][info][gc             ] GC(1358) Pause Young (Allocation Failure) 43M->36M(57M) 5.094ms
[2026-06-17T10:05:53.869+0800][34.661s][info][gc,cpu         ] GC(1358) User=0.00s Sys=0.00s Real=0.01s
[2026-06-17T10:05:53.891+0800][34.684s][info][gc,start       ] GC(1359) Pause Young (Allocation Failure)
[2026-06-17T10:05:53.893+0800][34.686s][info][gc,heap        ] GC(1359) PSYoungGen: 11747K(14336K)->2683K(14336K) Eden: 7168K(7168K)->0K(7168K) From: 4579K(7168K)->2683K(7168K)
[2026-06-17T10:05:53.893+0800][34.686s][info][gc,heap        ] GC(1359) ParOldGen: 32785K(44032K)->34800K(44032K)
[2026-06-17T10:05:53.894+0800][34.686s][info][gc,metaspace   ] GC(1359) Metaspace: 116K(320K)->116K(320K) NonClass: 109K(192K)->109K(192K) Class: 7K(128K)->7K(128K)
[2026-06-17T10:05:53.894+0800][34.687s][info][gc             ] GC(1359) Pause Young (Allocation Failure) 43M->36M(57M) 2.463ms
[2026-06-17T10:05:53.894+0800][34.687s][info][gc,cpu         ] GC(1359) User=0.00s Sys=0.00s Real=0.00s
[2026-06-17T10:05:53.905+0800][34.698s][info][gc,start       ] GC(1360) Pause Young (Allocation Failure)
[2026-06-17T10:05:53.907+0800][34.700s][info][gc,heap        ] GC(1360) PSYoungGen: 9744K(14336K)->2823K(14336K) Eden: 7060K(7168K)->0K(7168K) From: 2683K(7168K)->2823K(7168K)
[2026-06-17T10:05:53.907+0800][34.700s][info][gc,heap        ] GC(1360) ParOldGen: 34800K(44032K)->34800K(44032K)
[2026-06-17T10:05:53.908+0800][34.700s][info][gc,metaspace   ] GC(1360) Metaspace: 116K(320K)->116K(320K) NonClass: 109K(192K)->109K(192K) Class: 7K(128K)->7K(128K)
[2026-06-17T10:05:53.908+0800][34.701s][info][gc             ] GC(1360) Pause Young (Allocation Failure) 43M->36M(57M) 2.475ms
[2026-06-17T10:05:53.908+0800][34.701s][info][gc,cpu         ] GC(1360) User=0.00s Sys=0.00s Real=0.00s
[2026-06-17T10:05:53.930+0800][34.723s][info][gc,start       ] GC(1361) Pause Young (Allocation Failure)
[2026-06-17T10:05:53.932+0800][34.725s][info][gc,heap        ] GC(1361) PSYoungGen: 9958K(14336K)->3465K(14336K) Eden: 7135K(7168K)->0K(7168K) From: 2823K(7168K)->3465K(7168K)
[2026-06-17T10:05:53.933+0800][34.725s][info][gc,heap        ] GC(1361) ParOldGen: 34800K(44032K)->37575K(44032K)
[2026-06-17T10:05:53.933+0800][34.726s][info][gc,metaspace   ] GC(1361) Metaspace: 116K(320K)->116K(320K) NonClass: 109K(192K)->109K(192K) Class: 7K(128K)->7K(128K)
[2026-06-17T10:05:53.933+0800][34.726s][info][gc             ] GC(1361) Pause Young (Allocation Failure) 43M->40M(57M) 3.362ms
[2026-06-17T10:05:53.934+0800][34.727s][info][gc,cpu         ] GC(1361) User=0.00s Sys=0.00s Real=0.01s
[2026-06-17T10:05:53.956+0800][34.749s][info][gc,start       ] GC(1362) Pause Young (Allocation Failure)
[2026-06-17T10:05:53.958+0800][34.751s][info][gc,heap        ] GC(1362) PSYoungGen: 10617K(14336K)->2151K(14336K) Eden: 7151K(7168K)->0K(7168K) From: 3465K(7168K)->2151K(7168K)
[2026-06-17T10:05:53.960+0800][34.752s][info][gc,heap        ] GC(1362) ParOldGen: 37575K(44032K)->39048K(44032K)
[2026-06-17T10:05:53.960+0800][34.753s][info][gc,metaspace   ] GC(1362) Metaspace: 116K(320K)->116K(320K) NonClass: 109K(192K)->109K(192K) Class: 7K(128K)->7K(128K)
[2026-06-17T10:05:53.960+0800][34.753s][info][gc             ] GC(1362) Pause Young (Allocation Failure) 47M->40M(57M) 4.622ms
[2026-06-17T10:05:53.961+0800][34.754s][info][gc,cpu         ] GC(1362) User=0.01s Sys=0.00s Real=0.00s
[2026-06-17T10:05:53.983+0800][34.776s][info][gc,start       ] GC(1363) Pause Young (Allocation Failure)
[2026-06-17T10:05:53.985+0800][34.777s][info][gc,heap        ] GC(1363) PSYoungGen: 9318K(14336K)->498K(14336K) Eden: 7167K(7168K)->0K(7168K) From: 2151K(7168K)->498K(7168K)
[2026-06-17T10:05:53.985+0800][34.778s][info][gc,heap        ] GC(1363) ParOldGen: 39048K(44032K)->40789K(44032K)
[2026-06-17T10:05:53.986+0800][34.779s][info][gc,metaspace   ] GC(1363) Metaspace: 116K(320K)->116K(320K) NonClass: 109K(192K)->109K(192K) Class: 7K(128K)->7K(128K)
[2026-06-17T10:05:53.987+0800][34.779s][info][gc             ] GC(1363) Pause Young (Allocation Failure) 47M->40M(57M) 3.655ms
[2026-06-17T10:05:53.987+0800][34.780s][info][gc,cpu         ] GC(1363) User=0.00s Sys=0.00s Real=0.00s
[2026-06-17T10:05:54.000+0800][34.792s][info][gc,start       ] GC(1364) Pause Full (Allocation Failure)
[2026-06-17T10:05:54.000+0800][34.793s][info][gc,phases,start] GC(1364) Marking Phase
[2026-06-17T10:05:54.003+0800][34.796s][info][gc,phases      ] GC(1364) Marking Phase 2.278ms
[2026-06-17T10:05:54.003+0800][34.796s][info][gc,phases,start] GC(1364) Summary Phase
[2026-06-17T10:05:54.004+0800][34.797s][info][gc,phases      ] GC(1364) Summary Phase 0.559ms
[2026-06-17T10:05:54.005+0800][34.797s][info][gc,phases,start] GC(1364) Forward
[2026-06-17T10:05:54.005+0800][34.798s][info][gc,phases      ] GC(1364) Forward 0.792ms
[2026-06-17T10:05:54.008+0800][34.801s][info][gc,phases,start] GC(1364) Adjust Pointers
[2026-06-17T10:05:54.010+0800][34.803s][info][gc,phases      ] GC(1364) Adjust Pointers 2.444ms
[2026-06-17T10:05:54.011+0800][34.804s][info][gc,phases,start] GC(1364) Compaction Phase
[2026-06-17T10:05:54.015+0800][34.808s][info][gc,phases      ] GC(1364) Compaction Phase 4.072ms
[2026-06-17T10:05:54.017+0800][34.810s][info][gc,phases,start] GC(1364) Post Compact
[2026-06-17T10:05:54.019+0800][34.812s][info][gc,phases      ] GC(1364) Post Compact 2.099ms
[2026-06-17T10:05:54.021+0800][34.814s][info][gc,heap        ] GC(1364) PSYoungGen: 7647K(14336K)->0K(14336K) Eden: 7149K(7168K)->0K(7168K) From: 498K(7168K)->0K(7168K)
[2026-06-17T10:05:54.022+0800][34.814s][info][gc,heap        ] GC(1364) ParOldGen: 40789K(44032K)->31696K(44032K)
[2026-06-17T10:05:54.022+0800][34.815s][info][gc,metaspace   ] GC(1364) Metaspace: 116K(320K)->116K(320K) NonClass: 109K(192K)->109K(192K) Class: 7K(128K)->7K(128K)
[2026-06-17T10:05:54.023+0800][34.815s][info][gc             ] GC(1364) Pause Full (Allocation Failure) 47M->30M(57M) 23.025ms
[2026-06-17T10:05:54.023+0800][34.816s][info][gc,cpu         ] GC(1364) User=0.01s Sys=0.00s Real=0.03s
[2026-06-17T10:05:54.045+0800][34.838s][info][gc,start       ] GC(1365) Pause Young (Allocation Failure)
[2026-06-17T10:05:54.047+0800][34.840s][info][gc,heap        ] GC(1365) PSYoungGen: 7128K(14336K)->3928K(14336K) Eden: 7128K(7168K)->0K(7168K) From: 0K(7168K)->3928K(7168K)
[2026-06-17T10:05:54.048+0800][34.841s][info][gc,heap        ] GC(1365) ParOldGen: 31696K(44032K)->31696K(44032K)
[2026-06-17T10:05:54.049+0800][34.841s][info][gc,metaspace   ] GC(1365) Metaspace: 116K(320K)->116K(320K) NonClass: 109K(192K)->109K(192K) Class: 7K(128K)->7K(128K)
[2026-06-17T10:05:54.049+0800][34.842s][info][gc             ] GC(1365) Pause Young (Allocation Failure) 37M->34M(57M) 3.949ms
[2026-06-17T10:05:54.050+0800][34.843s][info][gc,cpu         ] GC(1365) User=0.00s Sys=0.00s Real=0.00s
[2026-06-17T10:05:54.072+0800][34.865s][info][gc,start       ] GC(1366) Pause Young (Allocation Failure)
[2026-06-17T10:05:54.074+0800][34.866s][info][gc,heap        ] GC(1366) PSYoungGen: 11076K(14336K)->4071K(14336K) Eden: 7148K(7168K)->0K(7168K) From: 3928K(7168K)->4071K(7168K)
[2026-06-17T10:05:54.074+0800][34.867s][info][gc,heap        ] GC(1366) ParOldGen: 31696K(44032K)->31696K(44032K)
[2026-06-17T10:05:54.075+0800][34.867s][info][gc,metaspace   ] GC(1366) Metaspace: 116K(320K)->116K(320K) NonClass: 109K(192K)->109K(192K) Class: 7K(128K)->7K(128K)
[2026-06-17T10:05:54.075+0800][34.868s][info][gc             ] GC(1366) Pause Young (Allocation Failure) 41M->34M(57M) 2.805ms
[2026-06-17T10:05:54.075+0800][34.868s][info][gc,cpu         ] GC(1366) User=0.00s Sys=0.00s Real=0.00s
[2026-06-17T10:05:54.087+0800][34.879s][info][gc,start       ] GC(1367) Pause Young (Allocation Failure)
[2026-06-17T10:05:54.088+0800][34.881s][info][gc,heap        ] GC(1367) PSYoungGen: 11074K(14336K)->4216K(14336K) Eden: 7003K(7168K)->0K(7168K) From: 4071K(7168K)->4216K(7168K)
[2026-06-17T10:05:54.088+0800][34.881s][info][gc,heap        ] GC(1367) ParOldGen: 31696K(44032K)->31696K(44032K)
[2026-06-17T10:05:54.088+0800][34.881s][info][gc,metaspace   ] GC(1367) Metaspace: 116K(320K)->116K(320K) NonClass: 109K(192K)->109K(192K) Class: 7K(128K)->7K(128K)
[2026-06-17T10:05:54.089+0800][34.881s][info][gc             ] GC(1367) Pause Young (Allocation Failure) 41M->35M(57M) 2.020ms
[2026-06-17T10:05:54.089+0800][34.882s][info][gc,cpu         ] GC(1367) User=0.00s Sys=0.00s Real=0.00s
[2026-06-17T10:05:54.111+0800][34.904s][info][gc,start       ] GC(1368) Pause Young (Allocation Failure)
[2026-06-17T10:05:54.113+0800][34.906s][info][gc,heap        ] GC(1368) PSYoungGen: 11359K(14336K)->7066K(14336K) Eden: 7143K(7168K)->0K(7168K) From: 4216K(7168K)->7066K(7168K)
[2026-06-17T10:05:54.114+0800][34.907s][info][gc,heap        ] GC(1368) ParOldGen: 31696K(44032K)->32657K(44032K)
[2026-06-17T10:05:54.114+0800][34.907s][info][gc,metaspace   ] GC(1368) Metaspace: 116K(320K)->116K(320K) NonClass: 109K(192K)->109K(192K) Class: 7K(128K)->7K(128K)
[2026-06-17T10:05:54.115+0800][34.908s][info][gc             ] GC(1368) Pause Young (Allocation Failure) 42M->38M(57M) 3.916ms
[2026-06-17T10:05:54.115+0800][34.908s][info][gc,cpu         ] GC(1368) User=0.00s Sys=0.00s Real=0.00s
[2026-06-17T10:05:54.138+0800][34.931s][info][gc,start       ] GC(1369) Pause Young (Allocation Failure)
[2026-06-17T10:05:54.140+0800][34.933s][info][gc,heap        ] GC(1369) PSYoungGen: 14203K(14336K)->3335K(14336K) Eden: 7137K(7168K)->0K(7168K) From: 7066K(7168K)->3335K(7168K)
[2026-06-17T10:05:54.141+0800][34.934s][info][gc,heap        ] GC(1369) ParOldGen: 32657K(44032K)->36586K(44032K)
[2026-06-17T10:05:54.141+0800][34.934s][info][gc,metaspace   ] GC(1369) Metaspace: 116K(320K)->116K(320K) NonClass: 109K(192K)->109K(192K) Class: 7K(128K)->7K(128K)
[2026-06-17T10:05:54.142+0800][34.935s][info][gc             ] GC(1369) Pause Young (Allocation Failure) 45M->38M(57M) 3.979ms
[2026-06-17T10:05:54.142+0800][34.935s][info][gc,cpu         ] GC(1369) User=0.01s Sys=0.00s Real=0.00s
[2026-06-17T10:05:54.164+0800][34.957s][info][gc,start       ] GC(1370) Pause Young (Allocation Failure)
[2026-06-17T10:05:54.167+0800][34.959s][info][gc,heap        ] GC(1370) PSYoungGen: 10498K(14336K)->2810K(14336K) Eden: 7163K(7168K)->0K(7168K) From: 3335K(7168K)->2810K(7168K)
[2026-06-17T10:05:54.167+0800][34.960s][info][gc,heap        ] GC(1370) ParOldGen: 36586K(44032K)->37529K(44032K)
[2026-06-17T10:05:54.168+0800][34.961s][info][gc,metaspace   ] GC(1370) Metaspace: 116K(320K)->116K(320K) NonClass: 109K(192K)->109K(192K) Class: 7K(128K)->7K(128K)
[2026-06-17T10:05:54.169+0800][34.962s][info][gc             ] GC(1370) Pause Young (Allocation Failure) 45M->39M(57M) 4.381ms
[2026-06-17T10:05:54.169+0800][34.962s][info][gc,cpu         ] GC(1370) User=0.00s Sys=0.00s Real=0.00s
[2026-06-17T10:05:54.181+0800][34.974s][info][gc,start       ] GC(1371) Pause Young (Allocation Failure)
[2026-06-17T10:05:54.184+0800][34.977s][info][gc,heap        ] GC(1371) PSYoungGen: 9976K(14336K)->4844K(14336K) Eden: 7165K(7168K)->0K(7168K) From: 2810K(7168K)->4844K(7168K)
[2026-06-17T10:05:54.184+0800][34.977s][info][gc,heap        ] GC(1371) ParOldGen: 37529K(44032K)->39143K(44032K)
[2026-06-17T10:05:54.185+0800][34.978s][info][gc,metaspace   ] GC(1371) Metaspace: 116K(320K)->116K(320K) NonClass: 109K(192K)->109K(192K) Class: 7K(128K)->7K(128K)
[2026-06-17T10:05:54.185+0800][34.978s][info][gc             ] GC(1371) Pause Young (Allocation Failure) 46M->42M(57M) 4.215ms
[2026-06-17T10:05:54.186+0800][34.979s][info][gc,cpu         ] GC(1371) User=0.00s Sys=0.00s Real=0.01s
[2026-06-17T10:05:54.208+0800][35.001s][info][gc,start       ] GC(1372) Pause Young (Allocation Failure)
[2026-06-17T10:05:54.211+0800][35.003s][info][gc,heap        ] GC(1372) PSYoungGen: 12004K(14336K)->3408K(14336K) Eden: 7160K(7168K)->0K(7168K) From: 4844K(7168K)->3408K(7168K)
[2026-06-17T10:05:54.211+0800][35.004s][info][gc,heap        ] GC(1372) ParOldGen: 39143K(44032K)->40926K(44032K)
[2026-06-17T10:05:54.212+0800][35.005s][info][gc,metaspace   ] GC(1372) Metaspace: 116K(320K)->116K(320K) NonClass: 109K(192K)->109K(192K) Class: 7K(128K)->7K(128K)
[2026-06-17T10:05:54.212+0800][35.005s][info][gc             ] GC(1372) Pause Young (Allocation Failure) 49M->43M(57M) 3.984ms
[2026-06-17T10:05:54.213+0800][35.006s][info][gc,cpu         ] GC(1372) User=0.00s Sys=0.01s Real=0.01s
[2026-06-17T10:05:54.235+0800][35.028s][info][gc,start       ] GC(1373) Pause Full (Allocation Failure)
[2026-06-17T10:05:54.236+0800][35.029s][info][gc,phases,start] GC(1373) Marking Phase
[2026-06-17T10:05:54.240+0800][35.033s][info][gc,phases      ] GC(1373) Marking Phase 3.583ms
[2026-06-17T10:05:54.242+0800][35.035s][info][gc,phases,start] GC(1373) Summary Phase
[2026-06-17T10:05:54.242+0800][35.035s][info][gc,phases      ] GC(1373) Summary Phase 0.582ms
[2026-06-17T10:05:54.243+0800][35.036s][info][gc,phases,start] GC(1373) Forward
[2026-06-17T10:05:54.244+0800][35.036s][info][gc,phases      ] GC(1373) Forward 0.772ms
[2026-06-17T10:05:54.244+0800][35.037s][info][gc,phases,start] GC(1373) Adjust Pointers
[2026-06-17T10:05:54.246+0800][35.039s][info][gc,phases      ] GC(1373) Adjust Pointers 1.612ms
[2026-06-17T10:05:54.246+0800][35.039s][info][gc,phases,start] GC(1373) Compaction Phase
[2026-06-17T10:05:54.249+0800][35.042s][info][gc,phases      ] GC(1373) Compaction Phase 2.736ms
[2026-06-17T10:05:54.250+0800][35.042s][info][gc,phases,start] GC(1373) Post Compact
[2026-06-17T10:05:54.250+0800][35.043s][info][gc,phases      ] GC(1373) Post Compact 0.514ms
[2026-06-17T10:05:54.251+0800][35.043s][info][gc,heap        ] GC(1373) PSYoungGen: 10563K(14336K)->0K(14336K) Eden: 7154K(7168K)->0K(7168K) From: 3408K(7168K)->0K(7168K)
[2026-06-17T10:05:54.251+0800][35.044s][info][gc,heap        ] GC(1373) ParOldGen: 40926K(44032K)->26410K(44032K)
[2026-06-17T10:05:54.251+0800][35.044s][info][gc,metaspace   ] GC(1373) Metaspace: 116K(320K)->116K(320K) NonClass: 109K(192K)->109K(192K) Class: 7K(128K)->7K(128K)
[2026-06-17T10:05:54.252+0800][35.045s][info][gc             ] GC(1373) Pause Full (Allocation Failure) 50M->25M(57M) 16.395ms
[2026-06-17T10:05:54.252+0800][35.045s][info][gc,cpu         ] GC(1373) User=0.01s Sys=0.00s Real=0.02s
[2026-06-17T10:05:54.263+0800][35.056s][info][gc,start       ] GC(1374) Pause Young (Allocation Failure)
[2026-06-17T10:05:54.265+0800][35.058s][info][gc,heap        ] GC(1374) PSYoungGen: 7146K(14336K)->3510K(14336K) Eden: 7146K(7168K)->0K(7168K) From: 0K(7168K)->3510K(7168K)
[2026-06-17T10:05:54.265+0800][35.058s][info][gc,heap        ] GC(1374) ParOldGen: 26410K(44032K)->26410K(44032K)
[2026-06-17T10:05:54.266+0800][35.058s][info][gc,metaspace   ] GC(1374) Metaspace: 116K(320K)->116K(320K) NonClass: 109K(192K)->109K(192K) Class: 7K(128K)->7K(128K)
[2026-06-17T10:05:54.266+0800][35.059s][info][gc             ] GC(1374) Pause Young (Allocation Failure) 32M->29M(57M) 2.548ms
[2026-06-17T10:05:54.266+0800][35.059s][info][gc,cpu         ] GC(1374) User=0.01s Sys=0.00s Real=0.00s
[2026-06-17T10:05:54.288+0800][35.081s][info][gc,start       ] GC(1375) Pause Young (Allocation Failure)
[2026-06-17T10:05:54.290+0800][35.083s][info][gc,heap        ] GC(1375) PSYoungGen: 10644K(14336K)->7155K(14336K) Eden: 7133K(7168K)->0K(7168K) From: 3510K(7168K)->7155K(7168K)
[2026-06-17T10:05:54.291+0800][35.084s][info][gc,heap        ] GC(1375) ParOldGen: 26410K(44032K)->26410K(44032K)
[2026-06-17T10:05:54.291+0800][35.084s][info][gc,metaspace   ] GC(1375) Metaspace: 116K(320K)->116K(320K) NonClass: 109K(192K)->109K(192K) Class: 7K(128K)->7K(128K)
[2026-06-17T10:05:54.292+0800][35.084s][info][gc             ] GC(1375) Pause Young (Allocation Failure) 36M->32M(57M) 3.423ms
[2026-06-17T10:05:54.292+0800][35.085s][info][gc,cpu         ] GC(1375) User=0.00s Sys=0.00s Real=0.01s
[2026-06-17T10:05:54.304+0800][35.097s][info][gc,start       ] GC(1376) Pause Young (Allocation Failure)
[2026-06-17T10:05:54.306+0800][35.099s][info][gc,heap        ] GC(1376) PSYoungGen: 13606K(14336K)->1966K(14336K) Eden: 6450K(7168K)->0K(7168K) From: 7155K(7168K)->1966K(7168K)
[2026-06-17T10:05:54.307+0800][35.099s][info][gc,heap        ] GC(1376) ParOldGen: 26410K(44032K)->30699K(44032K)
[2026-06-17T10:05:54.307+0800][35.100s][info][gc,metaspace   ] GC(1376) Metaspace: 116K(320K)->116K(320K) NonClass: 109K(192K)->109K(192K) Class: 7K(128K)->7K(128K)
[2026-06-17T10:05:54.307+0800][35.100s][info][gc             ] GC(1376) Pause Young (Allocation Failure) 39M->31M(57M) 3.646ms
[2026-06-17T10:05:54.308+0800][35.101s][info][gc,cpu         ] GC(1376) User=0.00s Sys=0.00s Real=0.00s
[2026-06-17T10:05:54.330+0800][35.123s][info][gc,start       ] GC(1377) Pause Young (Allocation Failure)
[2026-06-17T10:05:54.332+0800][35.125s][info][gc,heap        ] GC(1377) PSYoungGen: 9134K(14336K)->3792K(14336K) Eden: 7168K(7168K)->0K(7168K) From: 1966K(7168K)->3792K(7168K)
[2026-06-17T10:05:54.333+0800][35.126s][info][gc,heap        ] GC(1377) ParOldGen: 30699K(44032K)->32641K(44032K)
[2026-06-17T10:05:54.333+0800][35.126s][info][gc,metaspace   ] GC(1377) Metaspace: 116K(320K)->116K(320K) NonClass: 109K(192K)->109K(192K) Class: 7K(128K)->7K(128K)
[2026-06-17T10:05:54.333+0800][35.126s][info][gc             ] GC(1377) Pause Young (Allocation Failure) 38M->35M(57M) 2.843ms
[2026-06-17T10:05:54.333+0800][35.126s][info][gc,cpu         ] GC(1377) User=0.00s Sys=0.00s Real=0.01s
[2026-06-17T10:05:54.355+0800][35.148s][info][gc,start       ] GC(1378) Pause Young (Allocation Failure)
[2026-06-17T10:05:54.356+0800][35.149s][info][gc,heap        ] GC(1378) PSYoungGen: 10910K(14336K)->3711K(14336K) Eden: 7117K(7168K)->0K(7168K) From: 3792K(7168K)->3711K(7168K)
[2026-06-17T10:05:54.357+0800][35.150s][info][gc,heap        ] GC(1378) ParOldGen: 32641K(44032K)->32641K(44032K)
[2026-06-17T10:05:54.357+0800][35.150s][info][gc,metaspace   ] GC(1378) Metaspace: 116K(320K)->116K(320K) NonClass: 109K(192K)->109K(192K) Class: 7K(128K)->7K(128K)
[2026-06-17T10:05:54.358+0800][35.151s][info][gc             ] GC(1378) Pause Young (Allocation Failure) 42M->35M(57M) 2.940ms
[2026-06-17T10:05:54.358+0800][35.151s][info][gc,cpu         ] GC(1378) User=0.01s Sys=0.00s Real=0.00s
[2026-06-17T10:05:54.380+0800][35.173s][info][gc,start       ] GC(1379) Pause Young (Allocation Failure)
[2026-06-17T10:05:54.382+0800][35.175s][info][gc,heap        ] GC(1379) PSYoungGen: 10879K(14336K)->4386K(14336K) Eden: 7168K(7168K)->0K(7168K) From: 3711K(7168K)->4386K(7168K)
[2026-06-17T10:05:54.383+0800][35.176s][info][gc,heap        ] GC(1379) ParOldGen: 32641K(44032K)->32641K(44032K)
[2026-06-17T10:05:54.383+0800][35.176s][info][gc,metaspace   ] GC(1379) Metaspace: 116K(320K)->116K(320K) NonClass: 109K(192K)->109K(192K) Class: 7K(128K)->7K(128K)
[2026-06-17T10:05:54.384+0800][35.177s][info][gc             ] GC(1379) Pause Young (Allocation Failure) 42M->36M(57M) 3.530ms
[2026-06-17T10:05:54.384+0800][35.177s][info][gc,cpu         ] GC(1379) User=0.00s Sys=0.00s Real=0.01s
[2026-06-17T10:05:54.396+0800][35.189s][info][gc,start       ] GC(1380) Pause Young (Allocation Failure)
[2026-06-17T10:05:54.397+0800][35.190s][info][gc,heap        ] GC(1380) PSYoungGen: 11527K(14336K)->7145K(14336K) Eden: 7140K(7168K)->0K(7168K) From: 4386K(7168K)->7145K(7168K)
[2026-06-17T10:05:54.398+0800][35.191s][info][gc,heap        ] GC(1380) ParOldGen: 32641K(44032K)->34041K(44032K)
[2026-06-17T10:05:54.398+0800][35.191s][info][gc,metaspace   ] GC(1380) Metaspace: 116K(320K)->116K(320K) NonClass: 109K(192K)->109K(192K) Class: 7K(128K)->7K(128K)
[2026-06-17T10:05:54.399+0800][35.191s][info][gc             ] GC(1380) Pause Young (Allocation Failure) 43M->40M(57M) 2.860ms
[2026-06-17T10:05:54.399+0800][35.192s][info][gc,cpu         ] GC(1380) User=0.00s Sys=0.00s Real=0.00s
[2026-06-17T10:05:54.420+0800][35.213s][info][gc,start       ] GC(1381) Pause Young (Allocation Failure)
[2026-06-17T10:05:54.421+0800][35.214s][info][gc,heap        ] GC(1381) PSYoungGen: 14313K(14336K)->5019K(14336K) Eden: 7168K(7168K)->0K(7168K) From: 7145K(7168K)->5019K(7168K)
[2026-06-17T10:05:54.422+0800][35.214s][info][gc,heap        ] GC(1381) ParOldGen: 34041K(44032K)->36417K(44032K)
[2026-06-17T10:05:54.422+0800][35.215s][info][gc,metaspace   ] GC(1381) Metaspace: 116K(320K)->116K(320K) NonClass: 109K(192K)->109K(192K) Class: 7K(128K)->7K(128K)
[2026-06-17T10:05:54.422+0800][35.215s][info][gc             ] GC(1381) Pause Young (Allocation Failure) 47M->40M(57M) 2.130ms
[2026-06-17T10:05:54.422+0800][35.215s][info][gc,cpu         ] GC(1381) User=0.00s Sys=0.00s Real=0.00s
[2026-06-17T10:05:54.443+0800][35.236s][info][gc,start       ] GC(1382) Pause Young (Allocation Failure)
[2026-06-17T10:05:54.445+0800][35.237s][info][gc,heap        ] GC(1382) PSYoungGen: 12164K(14336K)->3506K(14336K) Eden: 7145K(7168K)->0K(7168K) From: 5019K(7168K)->3506K(7168K)
[2026-06-17T10:05:54.445+0800][35.238s][info][gc,heap        ] GC(1382) ParOldGen: 36417K(44032K)->38259K(44032K)
[2026-06-17T10:05:54.445+0800][35.238s][info][gc,metaspace   ] GC(1382) Metaspace: 116K(320K)->116K(320K) NonClass: 109K(192K)->109K(192K) Class: 7K(128K)->7K(128K)
[2026-06-17T10:05:54.446+0800][35.238s][info][gc             ] GC(1382) Pause Young (Allocation Failure) 47M->40M(57M) 2.316ms
[2026-06-17T10:05:54.446+0800][35.239s][info][gc,cpu         ] GC(1382) User=0.00s Sys=0.00s Real=0.00s
[2026-06-17T10:05:54.457+0800][35.250s][info][gc,start       ] GC(1383) Pause Young (Allocation Failure)
[2026-06-17T10:05:54.458+0800][35.250s][info][gc,heap        ] GC(1383) PSYoungGen: 10594K(14336K)->1550K(14336K) Eden: 7088K(7168K)->0K(7168K) From: 3506K(7168K)->1550K(7168K)
[2026-06-17T10:05:54.458+0800][35.251s][info][gc,heap        ] GC(1383) ParOldGen: 38259K(44032K)->40317K(44032K)
[2026-06-17T10:05:54.458+0800][35.251s][info][gc,metaspace   ] GC(1383) Metaspace: 116K(320K)->116K(320K) NonClass: 109K(192K)->109K(192K) Class: 7K(128K)->7K(128K)
[2026-06-17T10:05:54.458+0800][35.251s][info][gc             ] GC(1383) Pause Young (Allocation Failure) 47M->40M(57M) 1.706ms
[2026-06-17T10:05:54.459+0800][35.251s][info][gc,cpu         ] GC(1383) User=0.00s Sys=0.00s Real=0.00s
[2026-06-17T10:05:54.480+0800][35.273s][info][gc,start       ] GC(1384) Pause Full (Allocation Failure)
[2026-06-17T10:05:54.480+0800][35.273s][info][gc,phases,start] GC(1384) Marking Phase
[2026-06-17T10:05:54.482+0800][35.275s][info][gc,phases      ] GC(1384) Marking Phase 1.564ms
[2026-06-17T10:05:54.482+0800][35.275s][info][gc,phases,start] GC(1384) Summary Phase
[2026-06-17T10:05:54.483+0800][35.275s][info][gc,phases      ] GC(1384) Summary Phase 0.413ms
[2026-06-17T10:05:54.483+0800][35.276s][info][gc,phases,start] GC(1384) Forward
[2026-06-17T10:05:54.483+0800][35.276s][info][gc,phases      ] GC(1384) Forward 0.318ms
[2026-06-17T10:05:54.483+0800][35.276s][info][gc,phases,start] GC(1384) Adjust Pointers
[2026-06-17T10:05:54.484+0800][35.277s][info][gc,phases      ] GC(1384) Adjust Pointers 0.821ms
[2026-06-17T10:05:54.485+0800][35.277s][info][gc,phases,start] GC(1384) Compaction Phase
[2026-06-17T10:05:54.487+0800][35.280s][info][gc,phases      ] GC(1384) Compaction Phase 2.102ms
[2026-06-17T10:05:54.487+0800][35.280s][info][gc,phases,start] GC(1384) Post Compact
[2026-06-17T10:05:54.488+0800][35.280s][info][gc,phases      ] GC(1384) Post Compact 0.319ms
[2026-06-17T10:05:54.488+0800][35.281s][info][gc,heap        ] GC(1384) PSYoungGen: 8696K(14336K)->0K(14336K) Eden: 7145K(7168K)->0K(7168K) From: 1550K(7168K)->0K(7168K)
[2026-06-17T10:05:54.488+0800][35.281s][info][gc,heap        ] GC(1384) ParOldGen: 40317K(44032K)->32373K(44032K)
[2026-06-17T10:05:54.488+0800][35.281s][info][gc,metaspace   ] GC(1384) Metaspace: 116K(320K)->116K(320K) NonClass: 109K(192K)->109K(192K) Class: 7K(128K)->7K(128K)
[2026-06-17T10:05:54.489+0800][35.281s][info][gc             ] GC(1384) Pause Full (Allocation Failure) 47M->31M(57M) 8.680ms
[2026-06-17T10:05:54.489+0800][35.282s][info][gc,cpu         ] GC(1384) User=0.00s Sys=0.00s Real=0.01s
[2026-06-17T10:05:54.510+0800][35.303s][info][gc,start       ] GC(1385) Pause Young (Allocation Failure)
[2026-06-17T10:05:54.511+0800][35.303s][info][gc,heap        ] GC(1385) PSYoungGen: 7153K(14336K)->3642K(14336K) Eden: 7153K(7168K)->0K(7168K) From: 0K(7168K)->3642K(7168K)
[2026-06-17T10:05:54.511+0800][35.304s][info][gc,heap        ] GC(1385) ParOldGen: 32373K(44032K)->32373K(44032K)
[2026-06-17T10:05:54.511+0800][35.304s][info][gc,metaspace   ] GC(1385) Metaspace: 116K(320K)->116K(320K) NonClass: 109K(192K)->109K(192K) Class: 7K(128K)->7K(128K)
[2026-06-17T10:05:54.511+0800][35.304s][info][gc             ] GC(1385) Pause Young (Allocation Failure) 38M->35M(57M) 1.470ms
[2026-06-17T10:05:54.512+0800][35.304s][info][gc,cpu         ] GC(1385) User=0.01s Sys=0.00s Real=0.01s
[2026-06-17T10:05:54.533+0800][35.325s][info][gc,start       ] GC(1386) Pause Young (Allocation Failure)
[2026-06-17T10:05:54.534+0800][35.326s][info][gc,heap        ] GC(1386) PSYoungGen: 10777K(14336K)->2082K(14336K) Eden: 7134K(7168K)->0K(7168K) From: 3642K(7168K)->2082K(7168K)
[2026-06-17T10:05:54.535+0800][35.328s][info][gc,heap        ] GC(1386) ParOldGen: 32373K(44032K)->33984K(44032K)
[2026-06-17T10:05:54.535+0800][35.328s][info][gc,metaspace   ] GC(1386) Metaspace: 116K(320K)->116K(320K) NonClass: 109K(192K)->109K(192K) Class: 7K(128K)->7K(128K)
[2026-06-17T10:05:54.536+0800][35.328s][info][gc             ] GC(1386) Pause Young (Allocation Failure) 42M->35M(57M) 2.843ms
[2026-06-17T10:05:54.536+0800][35.328s][info][gc,cpu         ] GC(1386) User=0.00s Sys=0.00s Real=0.00s
[2026-06-17T10:05:54.547+0800][35.340s][info][gc,start       ] GC(1387) Pause Young (Allocation Failure)
[2026-06-17T10:05:54.548+0800][35.341s][info][gc,heap        ] GC(1387) PSYoungGen: 9196K(14336K)->5979K(14336K) Eden: 7114K(7168K)->0K(7168K) From: 2082K(7168K)->5979K(7168K)
[2026-06-17T10:05:54.548+0800][35.341s][info][gc,heap        ] GC(1387) ParOldGen: 33984K(44032K)->33984K(44032K)
[2026-06-17T10:05:54.548+0800][35.341s][info][gc,metaspace   ] GC(1387) Metaspace: 116K(320K)->116K(320K) NonClass: 109K(192K)->109K(192K) Class: 7K(128K)->7K(128K)
[2026-06-17T10:05:54.549+0800][35.341s][info][gc             ] GC(1387) Pause Young (Allocation Failure) 42M->39M(57M) 1.979ms
[2026-06-17T10:05:54.549+0800][35.342s][info][gc,cpu         ] GC(1387) User=0.00s Sys=0.00s Real=0.00s
[2026-06-17T10:05:54.571+0800][35.363s][info][gc,start       ] GC(1388) Pause Young (Allocation Failure)
[2026-06-17T10:05:54.572+0800][35.365s][info][gc,heap        ] GC(1388) PSYoungGen: 13147K(14336K)->2804K(14336K) Eden: 7168K(7168K)->0K(7168K) From: 5979K(7168K)->2804K(7168K)
[2026-06-17T10:05:54.572+0800][35.365s][info][gc,heap        ] GC(1388) ParOldGen: 33984K(44032K)->37190K(44032K)
[2026-06-17T10:05:54.572+0800][35.365s][info][gc,metaspace   ] GC(1388) Metaspace: 116K(320K)->116K(320K) NonClass: 109K(192K)->109K(192K) Class: 7K(128K)->7K(128K)
[2026-06-17T10:05:54.573+0800][35.365s][info][gc             ] GC(1388) Pause Young (Allocation Failure) 46M->39M(57M) 2.052ms
[2026-06-17T10:05:54.573+0800][35.366s][info][gc,cpu         ] GC(1388) User=0.00s Sys=0.01s Real=0.00s
[2026-06-17T10:05:54.595+0800][35.387s][info][gc,start       ] GC(1389) Pause Young (Allocation Failure)
[2026-06-17T10:05:54.596+0800][35.389s][info][gc,heap        ] GC(1389) PSYoungGen: 9948K(14336K)->3439K(14336K) Eden: 7144K(7168K)->0K(7168K) From: 2804K(7168K)->3439K(7168K)
[2026-06-17T10:05:54.597+0800][35.389s][info][gc,heap        ] GC(1389) ParOldGen: 37190K(44032K)->37190K(44032K)
[2026-06-17T10:05:54.597+0800][35.390s][info][gc,metaspace   ] GC(1389) Metaspace: 116K(320K)->116K(320K) NonClass: 109K(192K)->109K(192K) Class: 7K(128K)->7K(128K)
[2026-06-17T10:05:54.597+0800][35.390s][info][gc             ] GC(1389) Pause Young (Allocation Failure) 46M->39M(57M) 2.826ms
[2026-06-17T10:05:54.598+0800][35.391s][info][gc,cpu         ] GC(1389) User=0.00s Sys=0.00s Real=0.00s
[2026-06-17T10:05:54.609+0800][35.402s][info][gc,start       ] GC(1390) Pause Young (Allocation Failure)
[2026-06-17T10:05:54.610+0800][35.403s][info][gc,heap        ] GC(1390) PSYoungGen: 10547K(14336K)->954K(14336K) Eden: 7108K(7168K)->0K(7168K) From: 3439K(7168K)->954K(7168K)
[2026-06-17T10:05:54.613+0800][35.406s][info][gc,heap        ] GC(1390) ParOldGen: 37190K(44032K)->39320K(44032K)
[2026-06-17T10:05:54.613+0800][35.406s][info][gc,metaspace   ] GC(1390) Metaspace: 116K(320K)->116K(320K) NonClass: 109K(192K)->109K(192K) Class: 7K(128K)->7K(128K)
[2026-06-17T10:05:54.614+0800][35.407s][info][gc             ] GC(1390) Pause Young (Allocation Failure) 46M->39M(57M) 4.859ms
[2026-06-17T10:05:54.615+0800][35.408s][info][gc,cpu         ] GC(1390) User=0.00s Sys=0.00s Real=0.01s
[2026-06-17T10:05:54.638+0800][35.431s][info][gc,start       ] GC(1391) Pause Young (Allocation Failure)
[2026-06-17T10:05:54.642+0800][35.435s][info][gc,heap        ] GC(1391) PSYoungGen: 8084K(14336K)->4583K(14336K) Eden: 7130K(7168K)->0K(7168K) From: 954K(7168K)->4583K(7168K)
[2026-06-17T10:05:54.679+0800][35.471s][info][gc,heap        ] GC(1391) ParOldGen: 39320K(44032K)->39320K(44032K)
[2026-06-17T10:05:54.679+0800][35.472s][info][gc,metaspace   ] GC(1391) Metaspace: 116K(320K)->116K(320K) NonClass: 109K(192K)->109K(192K) Class: 7K(128K)->7K(128K)
[2026-06-17T10:05:54.737+0800][35.529s][info][gc             ] GC(1391) Pause Young (Allocation Failure) 46M->42M(57M) 98.821ms
[2026-06-17T10:05:54.742+0800][35.535s][info][gc,cpu         ] GC(1391) User=0.01s Sys=0.00s Real=0.10s
[2026-06-17T10:05:54.765+0800][35.558s][info][gc,start       ] GC(1392) Pause Young (Allocation Failure)
[2026-06-17T10:05:54.766+0800][35.558s][info][gc,heap        ] GC(1392) PSYoungGen: 11751K(14336K)->2654K(14336K) Eden: 7168K(7168K)->0K(7168K) From: 4583K(7168K)->2654K(7168K)
[2026-06-17T10:05:54.766+0800][35.559s][info][gc,heap        ] GC(1392) ParOldGen: 39320K(44032K)->41352K(44032K)
[2026-06-17T10:05:54.766+0800][35.559s][info][gc,metaspace   ] GC(1392) Metaspace: 116K(320K)->116K(320K) NonClass: 109K(192K)->109K(192K) Class: 7K(128K)->7K(128K)
[2026-06-17T10:05:54.766+0800][35.559s][info][gc             ] GC(1392) Pause Young (Allocation Failure) 49M->42M(57M) 1.390ms
[2026-06-17T10:05:54.766+0800][35.559s][info][gc,cpu         ] GC(1392) User=0.00s Sys=0.00s Real=0.00s
[2026-06-17T10:05:54.787+0800][35.580s][info][gc,start       ] GC(1393) Pause Full (Allocation Failure)
[2026-06-17T10:05:54.788+0800][35.580s][info][gc,phases,start] GC(1393) Marking Phase
[2026-06-17T10:05:54.789+0800][35.582s][info][gc,phases      ] GC(1393) Marking Phase 1.170ms
[2026-06-17T10:05:54.789+0800][35.582s][info][gc,phases,start] GC(1393) Summary Phase
[2026-06-17T10:05:54.790+0800][35.582s][info][gc,phases      ] GC(1393) Summary Phase 0.358ms
[2026-06-17T10:05:54.790+0800][35.583s][info][gc,phases,start] GC(1393) Forward
[2026-06-17T10:05:54.791+0800][35.583s][info][gc,phases      ] GC(1393) Forward 0.450ms
[2026-06-17T10:05:54.791+0800][35.584s][info][gc,phases,start] GC(1393) Adjust Pointers
[2026-06-17T10:05:54.791+0800][35.584s][info][gc,phases      ] GC(1393) Adjust Pointers 0.532ms
[2026-06-17T10:05:54.792+0800][35.584s][info][gc,phases,start] GC(1393) Compaction Phase
[2026-06-17T10:05:54.793+0800][35.586s][info][gc,phases      ] GC(1393) Compaction Phase 1.431ms
[2026-06-17T10:05:54.793+0800][35.586s][info][gc,phases,start] GC(1393) Post Compact
[2026-06-17T10:05:54.793+0800][35.586s][info][gc,phases      ] GC(1393) Post Compact 0.192ms
[2026-06-17T10:05:54.794+0800][35.586s][info][gc,heap        ] GC(1393) PSYoungGen: 9805K(14336K)->0K(14336K) Eden: 7150K(7168K)->0K(7168K) From: 2654K(7168K)->0K(7168K)
[2026-06-17T10:05:54.794+0800][35.587s][info][gc,heap        ] GC(1393) ParOldGen: 41352K(44032K)->30991K(44032K)
[2026-06-17T10:05:54.794+0800][35.587s][info][gc,metaspace   ] GC(1393) Metaspace: 116K(320K)->116K(320K) NonClass: 109K(192K)->109K(192K) Class: 7K(128K)->7K(128K)
[2026-06-17T10:05:54.794+0800][35.587s][info][gc             ] GC(1393) Pause Full (Allocation Failure) 49M->30M(57M) 6.803ms
[2026-06-17T10:05:54.794+0800][35.587s][info][gc,cpu         ] GC(1393) User=0.00s Sys=0.00s Real=0.01s
[2026-06-17T10:05:54.805+0800][35.598s][info][gc,start       ] GC(1394) Pause Young (Allocation Failure)
[2026-06-17T10:05:54.807+0800][35.599s][info][gc,heap        ] GC(1394) PSYoungGen: 7152K(14336K)->6980K(14336K) Eden: 7152K(7168K)->0K(7168K) From: 0K(7168K)->6980K(7168K)
[2026-06-17T10:05:54.809+0800][35.602s][info][gc,heap        ] GC(1394) ParOldGen: 30991K(44032K)->31216K(44032K)
[2026-06-17T10:05:54.809+0800][35.602s][info][gc,metaspace   ] GC(1394) Metaspace: 116K(320K)->116K(320K) NonClass: 109K(192K)->109K(192K) Class: 7K(128K)->7K(128K)
[2026-06-17T10:05:54.810+0800][35.603s][info][gc             ] GC(1394) Pause Young (Allocation Failure) 37M->37M(57M) 4.583ms
[2026-06-17T10:05:54.810+0800][35.603s][info][gc,cpu         ] GC(1394) User=0.00s Sys=0.00s Real=0.00s
[2026-06-17T10:05:54.832+0800][35.625s][info][gc,start       ] GC(1395) Pause Young (Allocation Failure)
[2026-06-17T10:05:54.833+0800][35.626s][info][gc,heap        ] GC(1395) PSYoungGen: 14089K(14336K)->2806K(14336K) Eden: 7109K(7168K)->0K(7168K) From: 6980K(7168K)->2806K(7168K)
[2026-06-17T10:05:54.834+0800][35.626s][info][gc,heap        ] GC(1395) ParOldGen: 31216K(44032K)->35654K(44032K)
[2026-06-17T10:05:54.834+0800][35.627s][info][gc,metaspace   ] GC(1395) Metaspace: 116K(320K)->116K(320K) NonClass: 109K(192K)->109K(192K) Class: 7K(128K)->7K(128K)
[2026-06-17T10:05:54.835+0800][35.627s][info][gc             ] GC(1395) Pause Young (Allocation Failure) 44M->37M(57M) 2.853ms
[2026-06-17T10:05:54.835+0800][35.628s][info][gc,cpu         ] GC(1395) User=0.00s Sys=0.00s Real=0.00s
[2026-06-17T10:05:54.847+0800][35.639s][info][gc,start       ] GC(1396) Pause Young (Allocation Failure)
[2026-06-17T10:05:54.848+0800][35.641s][info][gc,heap        ] GC(1396) PSYoungGen: 9032K(14336K)->2015K(14336K) Eden: 6226K(7168K)->0K(7168K) From: 2806K(7168K)->2015K(7168K)
[2026-06-17T10:05:54.848+0800][35.641s][info][gc,heap        ] GC(1396) ParOldGen: 35654K(44032K)->35654K(44032K)
[2026-06-17T10:05:54.849+0800][35.642s][info][gc,metaspace   ] GC(1396) Metaspace: 116K(320K)->116K(320K) NonClass: 109K(192K)->109K(192K) Class: 7K(128K)->7K(128K)
[2026-06-17T10:05:54.849+0800][35.642s][info][gc             ] GC(1396) Pause Young (Allocation Failure) 43M->36M(57M) 2.892ms
[2026-06-17T10:05:54.850+0800][35.643s][info][gc,cpu         ] GC(1396) User=0.00s Sys=0.00s Real=0.00s
[2026-06-17T10:05:54.872+0800][35.665s][info][gc,start       ] GC(1397) Pause Young (Allocation Failure)
[2026-06-17T10:05:54.874+0800][35.667s][info][gc,heap        ] GC(1397) PSYoungGen: 9127K(14336K)->3936K(14336K) Eden: 7112K(7168K)->0K(7168K) From: 2015K(7168K)->3936K(7168K)
[2026-06-17T10:05:54.874+0800][35.667s][info][gc,heap        ] GC(1397) ParOldGen: 35654K(44032K)->37645K(44032K)
[2026-06-17T10:05:54.875+0800][35.668s][info][gc,metaspace   ] GC(1397) Metaspace: 116K(320K)->116K(320K) NonClass: 109K(192K)->109K(192K) Class: 7K(128K)->7K(128K)
[2026-06-17T10:05:54.875+0800][35.668s][info][gc             ] GC(1397) Pause Young (Allocation Failure) 43M->40M(57M) 3.446ms
[2026-06-17T10:05:54.876+0800][35.668s][info][gc,cpu         ] GC(1397) User=0.00s Sys=0.00s Real=0.00s
[2026-06-17T10:05:54.898+0800][35.691s][info][gc,start       ] GC(1398) Pause Young (Allocation Failure)
[2026-06-17T10:05:54.902+0800][35.695s][info][gc,heap        ] GC(1398) PSYoungGen: 11072K(14336K)->4273K(14336K) Eden: 7135K(7168K)->0K(7168K) From: 3936K(7168K)->4273K(7168K)
[2026-06-17T10:05:54.905+0800][35.698s][info][gc,heap        ] GC(1398) ParOldGen: 37645K(44032K)->37645K(44032K)
[2026-06-17T10:05:54.907+0800][35.700s][info][gc,metaspace   ] GC(1398) Metaspace: 116K(320K)->116K(320K) NonClass: 109K(192K)->109K(192K) Class: 7K(128K)->7K(128K)
[2026-06-17T10:05:54.909+0800][35.701s][info][gc             ] GC(1398) Pause Young (Allocation Failure) 47M->40M(57M) 10.747ms
[2026-06-17T10:05:54.911+0800][35.703s][info][gc,cpu         ] GC(1398) User=0.00s Sys=0.01s Real=0.02s
[2026-06-17T10:05:54.923+0800][35.716s][info][gc,start       ] GC(1399) Pause Young (Allocation Failure)
[2026-06-17T10:05:54.925+0800][35.717s][info][gc,heap        ] GC(1399) PSYoungGen: 11368K(14336K)->1151K(14336K) Eden: 7094K(7168K)->0K(7168K) From: 4273K(7168K)->1151K(7168K)
[2026-06-17T10:05:54.925+0800][35.718s][info][gc,heap        ] GC(1399) ParOldGen: 37645K(44032K)->40917K(44032K)
[2026-06-17T10:05:54.926+0800][35.719s][info][gc,metaspace   ] GC(1399) Metaspace: 116K(320K)->116K(320K) NonClass: 109K(192K)->109K(192K) Class: 7K(128K)->7K(128K)
[2026-06-17T10:05:54.927+0800][35.719s][info][gc             ] GC(1399) Pause Young (Allocation Failure) 47M->41M(57M) 3.740ms
[2026-06-17T10:05:54.927+0800][35.720s][info][gc,cpu         ] GC(1399) User=0.00s Sys=0.00s Real=0.00s
[2026-06-17T10:05:54.951+0800][35.743s][info][gc,start       ] GC(1400) Pause Full (Allocation Failure)
[2026-06-17T10:05:54.952+0800][35.745s][info][gc,phases,start] GC(1400) Marking Phase
[2026-06-17T10:05:54.956+0800][35.748s][info][gc,phases      ] GC(1400) Marking Phase 3.602ms
[2026-06-17T10:05:54.956+0800][35.749s][info][gc,phases,start] GC(1400) Summary Phase
[2026-06-17T10:05:54.957+0800][35.750s][info][gc,phases      ] GC(1400) Summary Phase 0.656ms
[2026-06-17T10:05:54.958+0800][35.750s][info][gc,phases,start] GC(1400) Forward
[2026-06-17T10:05:54.959+0800][35.752s][info][gc,phases      ] GC(1400) Forward 1.800ms
[2026-06-17T10:05:54.960+0800][35.753s][info][gc,phases,start] GC(1400) Adjust Pointers
[2026-06-17T10:05:54.961+0800][35.754s][info][gc,phases      ] GC(1400) Adjust Pointers 1.337ms
[2026-06-17T10:05:54.962+0800][35.755s][info][gc,phases,start] GC(1400) Compaction Phase
[2026-06-17T10:05:54.964+0800][35.757s][info][gc,phases      ] GC(1400) Compaction Phase 2.368ms
[2026-06-17T10:05:54.965+0800][35.758s][info][gc,phases,start] GC(1400) Post Compact
[2026-06-17T10:05:54.965+0800][35.758s][info][gc,phases      ] GC(1400) Post Compact 0.475ms
[2026-06-17T10:05:54.966+0800][35.759s][info][gc,heap        ] GC(1400) PSYoungGen: 8317K(14336K)->0K(14336K) Eden: 7165K(7168K)->0K(7168K) From: 1151K(7168K)->0K(7168K)
[2026-06-17T10:05:54.966+0800][35.759s][info][gc,heap        ] GC(1400) ParOldGen: 40917K(44032K)->33670K(44032K)
[2026-06-17T10:05:54.967+0800][35.759s][info][gc,metaspace   ] GC(1400) Metaspace: 116K(320K)->116K(320K) NonClass: 109K(192K)->109K(192K) Class: 7K(128K)->7K(128K)
[2026-06-17T10:05:54.967+0800][35.760s][info][gc             ] GC(1400) Pause Full (Allocation Failure) 48M->32M(57M) 16.490ms
[2026-06-17T10:05:54.967+0800][35.760s][info][gc,cpu         ] GC(1400) User=0.01s Sys=0.00s Real=0.01s
[2026-06-17T10:05:54.989+0800][35.782s][info][gc,start       ] GC(1401) Pause Young (Allocation Failure)
[2026-06-17T10:05:54.992+0800][35.785s][info][gc,heap        ] GC(1401) PSYoungGen: 7144K(14336K)->3349K(14336K) Eden: 7144K(7168K)->0K(7168K) From: 0K(7168K)->3349K(7168K)
[2026-06-17T10:05:54.993+0800][35.785s][info][gc,heap        ] GC(1401) ParOldGen: 33670K(44032K)->33670K(44032K)
[2026-06-17T10:05:54.993+0800][35.786s][info][gc,metaspace   ] GC(1401) Metaspace: 116K(320K)->116K(320K) NonClass: 109K(192K)->109K(192K) Class: 7K(128K)->7K(128K)
[2026-06-17T10:05:54.993+0800][35.786s][info][gc             ] GC(1401) Pause Young (Allocation Failure) 39M->36M(57M) 4.201ms
[2026-06-17T10:05:54.994+0800][35.787s][info][gc,cpu         ] GC(1401) User=0.00s Sys=0.00s Real=0.01s
[2026-06-17T10:05:55.016+0800][35.809s][info][gc,start       ] GC(1402) Pause Young (Allocation Failure)
[2026-06-17T10:05:55.019+0800][35.811s][info][gc,heap        ] GC(1402) PSYoungGen: 10459K(14336K)->3335K(14336K) Eden: 7110K(7168K)->0K(7168K) From: 3349K(7168K)->3335K(7168K)
[2026-06-17T10:05:55.019+0800][35.812s][info][gc,heap        ] GC(1402) ParOldGen: 33670K(44032K)->33670K(44032K)
[2026-06-17T10:05:55.020+0800][35.813s][info][gc,metaspace   ] GC(1402) Metaspace: 116K(320K)->116K(320K) NonClass: 109K(192K)->109K(192K) Class: 7K(128K)->7K(128K)
[2026-06-17T10:05:55.021+0800][35.813s][info][gc             ] GC(1402) Pause Young (Allocation Failure) 43M->36M(57M) 4.203ms
[2026-06-17T10:05:55.021+0800][35.814s][info][gc,cpu         ] GC(1402) User=0.00s Sys=0.00s Real=0.00s
[2026-06-17T10:05:55.034+0800][35.827s][info][gc,start       ] GC(1403) Pause Young (Allocation Failure)
[2026-06-17T10:05:55.036+0800][35.829s][info][gc,heap        ] GC(1403) PSYoungGen: 10500K(14336K)->6833K(14336K) Eden: 7165K(7168K)->0K(7168K) From: 3335K(7168K)->6833K(7168K)
[2026-06-17T10:05:55.037+0800][35.829s][info][gc,heap        ] GC(1403) ParOldGen: 33670K(44032K)->33670K(44032K)
[2026-06-17T10:05:55.037+0800][35.830s][info][gc,metaspace   ] GC(1403) Metaspace: 116K(320K)->116K(320K) NonClass: 109K(192K)->109K(192K) Class: 7K(128K)->7K(128K)
[2026-06-17T10:05:55.038+0800][35.831s][info][gc             ] GC(1403) Pause Young (Allocation Failure) 43M->39M(57M) 4.313ms
[2026-06-17T10:05:55.039+0800][35.832s][info][gc,cpu         ] GC(1403) User=0.00s Sys=0.01s Real=0.00s
[2026-06-17T10:05:55.062+0800][35.854s][info][gc,start       ] GC(1404) Pause Young (Allocation Failure)
[2026-06-17T10:05:55.064+0800][35.857s][info][gc,heap        ] GC(1404) PSYoungGen: 13999K(14336K)->5189K(14336K) Eden: 7165K(7168K)->0K(7168K) From: 6833K(7168K)->5189K(7168K)
[2026-06-17T10:05:55.064+0800][35.857s][info][gc,heap        ] GC(1404) ParOldGen: 33670K(44032K)->35541K(44032K)
[2026-06-17T10:05:55.065+0800][35.858s][info][gc,metaspace   ] GC(1404) Metaspace: 116K(320K)->116K(320K) NonClass: 109K(192K)->109K(192K) Class: 7K(128K)->7K(128K)
[2026-06-17T10:05:55.066+0800][35.858s][info][gc             ] GC(1404) Pause Young (Allocation Failure) 46M->39M(57M) 4.079ms
[2026-06-17T10:05:55.066+0800][35.859s][info][gc,cpu         ] GC(1404) User=0.00s Sys=0.00s Real=0.01s
[2026-06-17T10:05:55.089+0800][35.882s][info][gc,start       ] GC(1405) Pause Young (Allocation Failure)
[2026-06-17T10:05:55.092+0800][35.885s][info][gc,heap        ] GC(1405) PSYoungGen: 12344K(14336K)->3437K(14336K) Eden: 7155K(7168K)->0K(7168K) From: 5189K(7168K)->3437K(7168K)
[2026-06-17T10:05:55.093+0800][35.886s][info][gc,heap        ] GC(1405) ParOldGen: 35541K(44032K)->37589K(44032K)
[2026-06-17T10:05:55.094+0800][35.887s][info][gc,metaspace   ] GC(1405) Metaspace: 116K(320K)->116K(320K) NonClass: 109K(192K)->109K(192K) Class: 7K(128K)->7K(128K)
[2026-06-17T10:05:55.095+0800][35.888s][info][gc             ] GC(1405) Pause Young (Allocation Failure) 46M->40M(57M) 6.181ms
[2026-06-17T10:05:55.096+0800][35.888s][info][gc,cpu         ] GC(1405) User=0.00s Sys=0.00s Real=0.01s
[2026-06-17T10:05:55.107+0800][35.900s][info][gc,start       ] GC(1406) Pause Young (Allocation Failure)
[2026-06-17T10:05:55.109+0800][35.902s][info][gc,heap        ] GC(1406) PSYoungGen: 10370K(14336K)->1404K(14336K) Eden: 6933K(7168K)->0K(7168K) From: 3437K(7168K)->1404K(7168K)
[2026-06-17T10:05:55.111+0800][35.904s][info][gc,heap        ] GC(1406) ParOldGen: 37589K(44032K)->39660K(44032K)
[2026-06-17T10:05:55.111+0800][35.904s][info][gc,metaspace   ] GC(1406) Metaspace: 116K(320K)->116K(320K) NonClass: 109K(192K)->109K(192K) Class: 7K(128K)->7K(128K)
[2026-06-17T10:05:55.112+0800][35.905s][info][gc             ] GC(1406) Pause Young (Allocation Failure) 46M->40M(57M) 4.926ms
[2026-06-17T10:05:55.113+0800][35.905s][info][gc,cpu         ] GC(1406) User=0.00s Sys=0.00s Real=0.01s
[2026-06-17T10:05:55.134+0800][35.927s][info][gc,start       ] GC(1407) Pause Young (Allocation Failure)
[2026-06-17T10:05:55.136+0800][35.929s][info][gc,heap        ] GC(1407) PSYoungGen: 8548K(14336K)->5160K(14336K) Eden: 7144K(7168K)->0K(7168K) From: 1404K(7168K)->5160K(7168K)
[2026-06-17T10:05:55.138+0800][35.931s][info][gc,heap        ] GC(1407) ParOldGen: 39660K(44032K)->39660K(44032K)
[2026-06-17T10:05:55.139+0800][35.931s][info][gc,metaspace   ] GC(1407) Metaspace: 116K(320K)->116K(320K) NonClass: 109K(192K)->109K(192K) Class: 7K(128K)->7K(128K)
[2026-06-17T10:05:55.139+0800][35.932s][info][gc             ] GC(1407) Pause Young (Allocation Failure) 47M->43M(57M) 5.044ms
[2026-06-17T10:05:55.140+0800][35.932s][info][gc,cpu         ] GC(1407) User=0.00s Sys=0.00s Real=0.00s
[2026-06-17T10:05:55.161+0800][35.954s][info][gc,start       ] GC(1408) Pause Young (Allocation Failure)
[2026-06-17T10:05:55.163+0800][35.955s][info][gc,heap        ] GC(1408) PSYoungGen: 12315K(14336K)->2028K(14336K) Eden: 7154K(7168K)->0K(7168K) From: 5160K(7168K)->2028K(7168K)
[2026-06-17T10:05:55.163+0800][35.956s][info][gc,heap        ] GC(1408) ParOldGen: 39660K(44032K)->42702K(44032K)
[2026-06-17T10:05:55.163+0800][35.956s][info][gc,metaspace   ] GC(1408) Metaspace: 116K(320K)->116K(320K) NonClass: 109K(192K)->109K(192K) Class: 7K(128K)->7K(128K)
[2026-06-17T10:05:55.164+0800][35.956s][info][gc             ] GC(1408) Pause Young (Allocation Failure) 50M->43M(57M) 2.524ms
[2026-06-17T10:05:55.164+0800][35.957s][info][gc,cpu         ] GC(1408) User=0.00s Sys=0.00s Real=0.01s
[2026-06-17T10:05:55.186+0800][35.979s][info][gc,start       ] GC(1409) Pause Full (Allocation Failure)
[2026-06-17T10:05:55.188+0800][35.981s][info][gc,phases,start] GC(1409) Marking Phase
[2026-06-17T10:05:55.191+0800][35.984s][info][gc,phases      ] GC(1409) Marking Phase 2.905ms
[2026-06-17T10:05:55.192+0800][35.985s][info][gc,phases,start] GC(1409) Summary Phase
[2026-06-17T10:05:55.192+0800][35.985s][info][gc,phases      ] GC(1409) Summary Phase 0.455ms
[2026-06-17T10:05:55.193+0800][35.986s][info][gc,phases,start] GC(1409) Forward
[2026-06-17T10:05:55.194+0800][35.986s][info][gc,phases      ] GC(1409) Forward 0.686ms
[2026-06-17T10:05:55.194+0800][35.987s][info][gc,phases,start] GC(1409) Adjust Pointers
[2026-06-17T10:05:55.195+0800][35.988s][info][gc,phases      ] GC(1409) Adjust Pointers 1.330ms
[2026-06-17T10:05:55.196+0800][35.989s][info][gc,phases,start] GC(1409) Compaction Phase
[2026-06-17T10:05:55.198+0800][35.991s][info][gc,phases      ] GC(1409) Compaction Phase 2.279ms
[2026-06-17T10:05:55.199+0800][35.991s][info][gc,phases,start] GC(1409) Post Compact
[2026-06-17T10:05:55.199+0800][35.992s][info][gc,phases      ] GC(1409) Post Compact 0.367ms
[2026-06-17T10:05:55.199+0800][35.992s][info][gc,heap        ] GC(1409) PSYoungGen: 9159K(14336K)->0K(14336K) Eden: 7131K(7168K)->0K(7168K) From: 2028K(7168K)->0K(7168K)
[2026-06-17T10:05:55.200+0800][35.992s][info][gc,heap        ] GC(1409) ParOldGen: 42702K(44032K)->31425K(44032K)
[2026-06-17T10:05:55.200+0800][35.992s][info][gc,metaspace   ] GC(1409) Metaspace: 116K(320K)->116K(320K) NonClass: 109K(192K)->109K(192K) Class: 7K(128K)->7K(128K)
[2026-06-17T10:05:55.200+0800][35.993s][info][gc             ] GC(1409) Pause Full (Allocation Failure) 50M->30M(57M) 14.231ms
[2026-06-17T10:05:55.201+0800][35.993s][info][gc,cpu         ] GC(1409) User=0.01s Sys=0.01s Real=0.01s
[2026-06-17T10:05:55.212+0800][36.005s][info][gc,start       ] GC(1410) Pause Young (Allocation Failure)
[2026-06-17T10:05:55.214+0800][36.007s][info][gc,heap        ] GC(1410) PSYoungGen: 7160K(14336K)->7031K(14336K) Eden: 7160K(7168K)->0K(7168K) From: 0K(7168K)->7031K(7168K)
[2026-06-17T10:05:55.215+0800][36.008s][info][gc,heap        ] GC(1410) ParOldGen: 31425K(44032K)->31628K(44032K)
[2026-06-17T10:05:55.216+0800][36.009s][info][gc,metaspace   ] GC(1410) Metaspace: 116K(320K)->116K(320K) NonClass: 109K(192K)->109K(192K) Class: 7K(128K)->7K(128K)
[2026-06-17T10:05:55.216+0800][36.009s][info][gc             ] GC(1410) Pause Young (Allocation Failure) 37M->37M(57M) 4.274ms
[2026-06-17T10:05:55.217+0800][36.010s][info][gc,cpu         ] GC(1410) User=0.00s Sys=0.00s Real=0.00s
[2026-06-17T10:05:55.239+0800][36.032s][info][gc,start       ] GC(1411) Pause Young (Allocation Failure)
[2026-06-17T10:05:55.242+0800][36.035s][info][gc,heap        ] GC(1411) PSYoungGen: 14168K(14336K)->2578K(14336K) Eden: 7137K(7168K)->0K(7168K) From: 7031K(7168K)->2578K(7168K)
[2026-06-17T10:05:55.243+0800][36.035s][info][gc,heap        ] GC(1411) ParOldGen: 31628K(44032K)->36047K(44032K)
[2026-06-17T10:05:55.243+0800][36.036s][info][gc,metaspace   ] GC(1411) Metaspace: 116K(320K)->116K(320K) NonClass: 109K(192K)->109K(192K) Class: 7K(128K)->7K(128K)
[2026-06-17T10:05:55.244+0800][36.037s][info][gc             ] GC(1411) Pause Young (Allocation Failure) 44M->37M(57M) 4.735ms
[2026-06-17T10:05:55.245+0800][36.037s][info][gc,cpu         ] GC(1411) User=0.01s Sys=0.00s Real=0.01s
[2026-06-17T10:05:55.267+0800][36.060s][info][gc,start       ] GC(1412) Pause Young (Allocation Failure)
[2026-06-17T10:05:55.269+0800][36.062s][info][gc,heap        ] GC(1412) PSYoungGen: 9741K(14336K)->2916K(14336K) Eden: 7162K(7168K)->0K(7168K) From: 2578K(7168K)->2916K(7168K)
[2026-06-17T10:05:55.270+0800][36.063s][info][gc,heap        ] GC(1412) ParOldGen: 36047K(44032K)->36047K(44032K)
[2026-06-17T10:05:55.271+0800][36.064s][info][gc,metaspace   ] GC(1412) Metaspace: 116K(320K)->116K(320K) NonClass: 109K(192K)->109K(192K) Class: 7K(128K)->7K(128K)
[2026-06-17T10:05:55.272+0800][36.064s][info][gc             ] GC(1412) Pause Young (Allocation Failure) 44M->38M(57M) 4.600ms
[2026-06-17T10:05:55.272+0800][36.065s][info][gc,cpu         ] GC(1412) User=0.00s Sys=0.00s Real=0.01s
[2026-06-17T10:05:55.285+0800][36.077s][info][gc,start       ] GC(1413) Pause Young (Allocation Failure)
[2026-06-17T10:05:55.287+0800][36.079s][info][gc,heap        ] GC(1413) PSYoungGen: 9947K(14336K)->1248K(14336K) Eden: 7031K(7168K)->0K(7168K) From: 2916K(7168K)->1248K(7168K)
[2026-06-17T10:05:55.287+0800][36.080s][info][gc,heap        ] GC(1413) ParOldGen: 36047K(44032K)->38147K(44032K)
[2026-06-17T10:05:55.288+0800][36.080s][info][gc,metaspace   ] GC(1413) Metaspace: 116K(320K)->116K(320K) NonClass: 109K(192K)->109K(192K) Class: 7K(128K)->7K(128K)
[2026-06-17T10:05:55.288+0800][36.081s][info][gc             ] GC(1413) Pause Young (Allocation Failure) 44M->38M(57M) 3.906ms
[2026-06-17T10:05:55.289+0800][36.082s][info][gc,cpu         ] GC(1413) User=0.00s Sys=0.00s Real=0.00s
[2026-06-17T10:05:55.321+0800][36.114s][info][gc,start       ] GC(1414) Pause Young (Allocation Failure)
[2026-06-17T10:05:55.323+0800][36.115s][info][gc,heap        ] GC(1414) PSYoungGen: 8415K(14336K)->909K(14336K) Eden: 7167K(7168K)->0K(7168K) From: 1248K(7168K)->909K(7168K)
[2026-06-17T10:05:55.323+0800][36.116s][info][gc,heap        ] GC(1414) ParOldGen: 38147K(44032K)->39371K(44032K)
[2026-06-17T10:05:55.324+0800][36.116s][info][gc,metaspace   ] GC(1414) Metaspace: 116K(320K)->116K(320K) NonClass: 109K(192K)->109K(192K) Class: 7K(128K)->7K(128K)
[2026-06-17T10:05:55.324+0800][36.117s][info][gc             ] GC(1414) Pause Young (Allocation Failure) 45M->39M(57M) 2.675ms
[2026-06-17T10:05:55.324+0800][36.117s][info][gc,cpu         ] GC(1414) User=0.00s Sys=0.00s Real=0.01s
[2026-06-17T10:05:55.336+0800][36.129s][info][gc,start       ] GC(1415) Pause Full (Allocation Failure)
[2026-06-17T10:05:55.337+0800][36.129s][info][gc,phases,start] GC(1415) Marking Phase
[2026-06-17T10:05:55.338+0800][36.131s][info][gc,phases      ] GC(1415) Marking Phase 1.597ms
[2026-06-17T10:05:55.339+0800][36.132s][info][gc,phases,start] GC(1415) Summary Phase
[2026-06-17T10:05:55.339+0800][36.132s][info][gc,phases      ] GC(1415) Summary Phase 0.315ms
[2026-06-17T10:05:55.339+0800][36.132s][info][gc,phases,start] GC(1415) Forward
[2026-06-17T10:05:55.340+0800][36.132s][info][gc,phases      ] GC(1415) Forward 0.294ms
[2026-06-17T10:05:55.340+0800][36.133s][info][gc,phases,start] GC(1415) Adjust Pointers
[2026-06-17T10:05:55.341+0800][36.133s][info][gc,phases      ] GC(1415) Adjust Pointers 0.697ms
[2026-06-17T10:05:55.341+0800][36.134s][info][gc,phases,start] GC(1415) Compaction Phase
[2026-06-17T10:05:55.342+0800][36.135s][info][gc,phases      ] GC(1415) Compaction Phase 1.333ms
[2026-06-17T10:05:55.342+0800][36.135s][info][gc,phases,start] GC(1415) Post Compact
[2026-06-17T10:05:55.343+0800][36.135s][info][gc,phases      ] GC(1415) Post Compact 0.223ms
[2026-06-17T10:05:55.343+0800][36.136s][info][gc,heap        ] GC(1415) PSYoungGen: 8047K(14336K)->0K(14336K) Eden: 7138K(7168K)->0K(7168K) From: 909K(7168K)->0K(7168K)
[2026-06-17T10:05:55.343+0800][36.136s][info][gc,heap        ] GC(1415) ParOldGen: 39371K(44032K)->30946K(44032K)
[2026-06-17T10:05:55.343+0800][36.136s][info][gc,metaspace   ] GC(1415) Metaspace: 116K(320K)->116K(320K) NonClass: 109K(192K)->109K(192K) Class: 7K(128K)->7K(128K)
[2026-06-17T10:05:55.343+0800][36.136s][info][gc             ] GC(1415) Pause Full (Allocation Failure) 46M->30M(57M) 7.233ms
[2026-06-17T10:05:55.344+0800][36.136s][info][gc,cpu         ] GC(1415) User=0.00s Sys=0.01s Real=0.01s
[2026-06-17T10:05:55.365+0800][36.158s][info][gc,start       ] GC(1416) Pause Young (Allocation Failure)
[2026-06-17T10:05:55.366+0800][36.159s][info][gc,heap        ] GC(1416) PSYoungGen: 7140K(14336K)->3876K(14336K) Eden: 7140K(7168K)->0K(7168K) From: 0K(7168K)->3876K(7168K)
[2026-06-17T10:05:55.367+0800][36.159s][info][gc,heap        ] GC(1416) ParOldGen: 30946K(44032K)->30946K(44032K)
[2026-06-17T10:05:55.367+0800][36.160s][info][gc,metaspace   ] GC(1416) Metaspace: 116K(320K)->116K(320K) NonClass: 109K(192K)->109K(192K) Class: 7K(128K)->7K(128K)
[2026-06-17T10:05:55.368+0800][36.160s][info][gc             ] GC(1416) Pause Young (Allocation Failure) 37M->34M(57M) 2.688ms
[2026-06-17T10:05:55.368+0800][36.161s][info][gc,cpu         ] GC(1416) User=0.01s Sys=0.00s Real=0.00s
[2026-06-17T10:05:55.379+0800][36.172s][info][gc,start       ] GC(1417) Pause Young (Allocation Failure)
[2026-06-17T10:05:55.381+0800][36.174s][info][gc,heap        ] GC(1417) PSYoungGen: 11036K(14336K)->4772K(14336K) Eden: 7159K(7168K)->0K(7168K) From: 3876K(7168K)->4772K(7168K)
[2026-06-17T10:05:55.381+0800][36.174s][info][gc,heap        ] GC(1417) ParOldGen: 30946K(44032K)->33860K(44032K)
[2026-06-17T10:05:55.382+0800][36.175s][info][gc,metaspace   ] GC(1417) Metaspace: 116K(320K)->116K(320K) NonClass: 109K(192K)->109K(192K) Class: 7K(128K)->7K(128K)
[2026-06-17T10:05:55.382+0800][36.175s][info][gc             ] GC(1417) Pause Young (Allocation Failure) 40M->37M(57M) 3.026ms
[2026-06-17T10:05:55.383+0800][36.176s][info][gc,cpu         ] GC(1417) User=0.00s Sys=0.00s Real=0.01s
[2026-06-17T10:05:55.405+0800][36.198s][info][gc,start       ] GC(1418) Pause Young (Allocation Failure)
[2026-06-17T10:05:55.407+0800][36.200s][info][gc,heap        ] GC(1418) PSYoungGen: 11925K(14336K)->2697K(14336K) Eden: 7153K(7168K)->0K(7168K) From: 4772K(7168K)->2697K(7168K)
[2026-06-17T10:05:55.408+0800][36.201s][info][gc,heap        ] GC(1418) ParOldGen: 33860K(44032K)->35817K(44032K)
[2026-06-17T10:05:55.408+0800][36.201s][info][gc,metaspace   ] GC(1418) Metaspace: 116K(320K)->116K(320K) NonClass: 109K(192K)->109K(192K) Class: 7K(128K)->7K(128K)
[2026-06-17T10:05:55.409+0800][36.201s][info][gc             ] GC(1418) Pause Young (Allocation Failure) 44M->37M(57M) 3.597ms
[2026-06-17T10:05:55.409+0800][36.202s][info][gc,cpu         ] GC(1418) User=0.00s Sys=0.00s Real=0.00s
[2026-06-17T10:05:55.431+0800][36.224s][info][gc,start       ] GC(1419) Pause Young (Allocation Failure)
[2026-06-17T10:05:55.432+0800][36.225s][info][gc,heap        ] GC(1419) PSYoungGen: 9833K(14336K)->2905K(14336K) Eden: 7135K(7168K)->0K(7168K) From: 2697K(7168K)->2905K(7168K)
[2026-06-17T10:05:55.432+0800][36.225s][info][gc,heap        ] GC(1419) ParOldGen: 35817K(44032K)->35817K(44032K)
[2026-06-17T10:05:55.433+0800][36.226s][info][gc,metaspace   ] GC(1419) Metaspace: 116K(320K)->116K(320K) NonClass: 109K(192K)->109K(192K) Class: 7K(128K)->7K(128K)
[2026-06-17T10:05:55.433+0800][36.226s][info][gc             ] GC(1419) Pause Young (Allocation Failure) 44M->37M(57M) 2.688ms
[2026-06-17T10:05:55.434+0800][36.227s][info][gc,cpu         ] GC(1419) User=0.00s Sys=0.00s Real=0.00s
[2026-06-17T10:05:55.446+0800][36.239s][info][gc,start       ] GC(1420) Pause Young (Allocation Failure)
[2026-06-17T10:05:55.448+0800][36.240s][info][gc,heap        ] GC(1420) PSYoungGen: 9854K(14336K)->2729K(14336K) Eden: 6948K(7168K)->0K(7168K) From: 2905K(7168K)->2729K(7168K)
[2026-06-17T10:05:55.448+0800][36.241s][info][gc,heap        ] GC(1420) ParOldGen: 35817K(44032K)->35817K(44032K)
[2026-06-17T10:05:55.449+0800][36.242s][info][gc,metaspace   ] GC(1420) Metaspace: 116K(320K)->116K(320K) NonClass: 109K(192K)->109K(192K) Class: 7K(128K)->7K(128K)
[2026-06-17T10:05:55.449+0800][36.242s][info][gc             ] GC(1420) Pause Young (Allocation Failure) 44M->37M(57M) 3.537ms
[2026-06-17T10:05:55.450+0800][36.243s][info][gc,cpu         ] GC(1420) User=0.00s Sys=0.00s Real=0.00s
[2026-06-17T10:05:55.473+0800][36.266s][info][gc,start       ] GC(1421) Pause Young (Allocation Failure)
[2026-06-17T10:05:55.476+0800][36.268s][info][gc,heap        ] GC(1421) PSYoungGen: 9890K(14336K)->4533K(14336K) Eden: 7161K(7168K)->0K(7168K) From: 2729K(7168K)->4533K(7168K)
[2026-06-17T10:05:55.476+0800][36.269s][info][gc,heap        ] GC(1421) ParOldGen: 35817K(44032K)->37702K(44032K)
[2026-06-17T10:05:55.477+0800][36.269s][info][gc,metaspace   ] GC(1421) Metaspace: 116K(320K)->116K(320K) NonClass: 109K(192K)->109K(192K) Class: 7K(128K)->7K(128K)
[2026-06-17T10:05:55.477+0800][36.270s][info][gc             ] GC(1421) Pause Young (Allocation Failure) 44M->41M(57M) 4.346ms
[2026-06-17T10:05:55.478+0800][36.271s][info][gc,cpu         ] GC(1421) User=0.00s Sys=0.00s Real=0.00s
[2026-06-17T10:05:55.500+0800][36.293s][info][gc,start       ] GC(1422) Pause Young (Allocation Failure)
[2026-06-17T10:05:55.502+0800][36.295s][info][gc,heap        ] GC(1422) PSYoungGen: 11699K(14336K)->3767K(14336K) Eden: 7166K(7168K)->0K(7168K) From: 4533K(7168K)->3767K(7168K)
[2026-06-17T10:05:55.503+0800][36.295s][info][gc,heap        ] GC(1422) ParOldGen: 37702K(44032K)->38498K(44032K)
[2026-06-17T10:05:55.503+0800][36.296s][info][gc,metaspace   ] GC(1422) Metaspace: 116K(320K)->116K(320K) NonClass: 109K(192K)->109K(192K) Class: 7K(128K)->7K(128K)
[2026-06-17T10:05:55.504+0800][36.297s][info][gc             ] GC(1422) Pause Young (Allocation Failure) 48M->41M(57M) 4.041ms
[2026-06-17T10:05:55.505+0800][36.298s][info][gc,cpu         ] GC(1422) User=0.00s Sys=0.00s Real=0.01s
[2026-06-17T10:05:55.528+0800][36.321s][info][gc,start       ] GC(1423) Pause Young (Allocation Failure)
[2026-06-17T10:05:55.532+0800][36.325s][info][gc,heap        ] GC(1423) PSYoungGen: 10920K(14336K)->2595K(14848K) Eden: 7152K(7168K)->0K(7680K) From: 3767K(7168K)->2595K(7168K)
[2026-06-17T10:05:55.532+0800][36.325s][info][gc,heap        ] GC(1423) ParOldGen: 38498K(44032K)->39805K(44032K)
[2026-06-17T10:05:55.533+0800][36.325s][info][gc,metaspace   ] GC(1423) Metaspace: 116K(320K)->116K(320K) NonClass: 109K(192K)->109K(192K) Class: 7K(128K)->7K(128K)
[2026-06-17T10:05:55.533+0800][36.326s][info][gc             ] GC(1423) Pause Young (Allocation Failure) 48M->41M(57M) 5.213ms
[2026-06-17T10:05:55.533+0800][36.326s][info][gc,cpu         ] GC(1423) User=0.00s Sys=0.00s Real=0.01s
[2026-06-17T10:05:55.545+0800][36.337s][info][gc,start       ] GC(1424) Pause Young (Allocation Failure)
[2026-06-17T10:05:55.546+0800][36.339s][info][gc,heap        ] GC(1424) PSYoungGen: 10240K(14848K)->6493K(14336K) Eden: 7644K(7680K)->0K(7680K) From: 2595K(7168K)->6493K(6656K)
[2026-06-17T10:05:55.546+0800][36.339s][info][gc,heap        ] GC(1424) ParOldGen: 39805K(44032K)->40066K(44032K)
[2026-06-17T10:05:55.547+0800][36.339s][info][gc,metaspace   ] GC(1424) Metaspace: 116K(320K)->116K(320K) NonClass: 109K(192K)->109K(192K) Class: 7K(128K)->7K(128K)
[2026-06-17T10:05:55.547+0800][36.340s][info][gc             ] GC(1424) Pause Young (Allocation Failure) 48M->45M(57M) 2.634ms
[2026-06-17T10:05:55.548+0800][36.340s][info][gc,cpu         ] GC(1424) User=0.00s Sys=0.00s Real=0.00s
[2026-06-17T10:05:55.569+0800][36.362s][info][gc,start       ] GC(1425) Pause Young (Allocation Failure)
[2026-06-17T10:05:55.571+0800][36.364s][info][gc,heap        ] GC(1425) PSYoungGen: 14155K(14336K)->5176K(14336K) Eden: 7662K(7680K)->0K(7168K) From: 6493K(6656K)->5176K(7168K)
[2026-06-17T10:05:55.572+0800][36.364s][info][gc,heap        ] GC(1425) ParOldGen: 40066K(44032K)->41787K(44032K)
[2026-06-17T10:05:55.572+0800][36.365s][info][gc,metaspace   ] GC(1425) Metaspace: 116K(320K)->116K(320K) NonClass: 109K(192K)->109K(192K) Class: 7K(128K)->7K(128K)
[2026-06-17T10:05:55.572+0800][36.365s][info][gc             ] GC(1425) Pause Young (Allocation Failure) 52M->45M(57M) 3.292ms
[2026-06-17T10:05:55.573+0800][36.365s][info][gc,cpu         ] GC(1425) User=0.00s Sys=0.00s Real=0.01s
[2026-06-17T10:05:55.594+0800][36.387s][info][gc,start       ] GC(1426) Pause Full (Allocation Failure)
[2026-06-17T10:05:55.595+0800][36.388s][info][gc,phases,start] GC(1426) Marking Phase
[2026-06-17T10:05:55.597+0800][36.390s][info][gc,phases      ] GC(1426) Marking Phase 2.179ms
[2026-06-17T10:05:55.598+0800][36.390s][info][gc,phases,start] GC(1426) Summary Phase
[2026-06-17T10:05:55.598+0800][36.391s][info][gc,phases      ] GC(1426) Summary Phase 0.529ms
[2026-06-17T10:05:55.599+0800][36.391s][info][gc,phases,start] GC(1426) Forward
[2026-06-17T10:05:55.599+0800][36.392s][info][gc,phases      ] GC(1426) Forward 0.494ms
[2026-06-17T10:05:55.599+0800][36.392s][info][gc,phases,start] GC(1426) Adjust Pointers
[2026-06-17T10:05:55.600+0800][36.393s][info][gc,phases      ] GC(1426) Adjust Pointers 0.846ms
[2026-06-17T10:05:55.601+0800][36.394s][info][gc,phases,start] GC(1426) Compaction Phase
[2026-06-17T10:05:55.603+0800][36.396s][info][gc,phases      ] GC(1426) Compaction Phase 2.190ms
[2026-06-17T10:05:55.603+0800][36.396s][info][gc,phases,start] GC(1426) Post Compact
[2026-06-17T10:05:55.604+0800][36.396s][info][gc,phases      ] GC(1426) Post Compact 0.241ms
[2026-06-17T10:05:55.604+0800][36.397s][info][gc,heap        ] GC(1426) PSYoungGen: 12288K(14336K)->0K(14336K) Eden: 7111K(7168K)->0K(7168K) From: 5176K(7168K)->0K(7168K)
[2026-06-17T10:05:55.604+0800][36.397s][info][gc,heap        ] GC(1426) ParOldGen: 41787K(44032K)->27495K(44032K)
[2026-06-17T10:05:55.604+0800][36.397s][info][gc,metaspace   ] GC(1426) Metaspace: 116K(320K)->116K(320K) NonClass: 109K(192K)->109K(192K) Class: 7K(128K)->7K(128K)
[2026-06-17T10:05:55.604+0800][36.397s][info][gc             ] GC(1426) Pause Full (Allocation Failure) 52M->26M(57M) 10.355ms
[2026-06-17T10:05:55.605+0800][36.397s][info][gc,cpu         ] GC(1426) User=0.01s Sys=0.00s Real=0.01s
[2026-06-17T10:05:55.616+0800][36.408s][info][gc,start       ] GC(1427) Pause Young (Allocation Failure)
[2026-06-17T10:05:55.617+0800][36.409s][info][gc,heap        ] GC(1427) PSYoungGen: 7160K(14336K)->3870K(14336K) Eden: 7160K(7168K)->0K(7168K) From: 0K(7168K)->3870K(7168K)
[2026-06-17T10:05:55.617+0800][36.410s][info][gc,heap        ] GC(1427) ParOldGen: 27495K(44032K)->27495K(44032K)
[2026-06-17T10:05:55.617+0800][36.410s][info][gc,metaspace   ] GC(1427) Metaspace: 116K(320K)->116K(320K) NonClass: 109K(192K)->109K(192K) Class: 7K(128K)->7K(128K)
[2026-06-17T10:05:55.617+0800][36.410s][info][gc             ] GC(1427) Pause Young (Allocation Failure) 33M->30M(57M) 1.885ms
[2026-06-17T10:05:55.618+0800][36.410s][info][gc,cpu         ] GC(1427) User=0.00s Sys=0.00s Real=0.00s
[2026-06-17T10:05:55.639+0800][36.432s][info][gc,start       ] GC(1428) Pause Young (Allocation Failure)
[2026-06-17T10:05:55.641+0800][36.434s][info][gc,heap        ] GC(1428) PSYoungGen: 11020K(14336K)->7164K(14336K) Eden: 7150K(7168K)->0K(7168K) From: 3870K(7168K)->7164K(7168K)
[2026-06-17T10:05:55.642+0800][36.434s][info][gc,heap        ] GC(1428) ParOldGen: 27495K(44032K)->28137K(44032K)
[2026-06-17T10:05:55.642+0800][36.435s][info][gc,metaspace   ] GC(1428) Metaspace: 116K(320K)->116K(320K) NonClass: 109K(192K)->109K(192K) Class: 7K(128K)->7K(128K)
[2026-06-17T10:05:55.642+0800][36.435s][info][gc             ] GC(1428) Pause Young (Allocation Failure) 37M->34M(57M) 3.351ms
[2026-06-17T10:05:55.643+0800][36.436s][info][gc,cpu         ] GC(1428) User=0.00s Sys=0.00s Real=0.01s
[2026-06-17T10:05:55.665+0800][36.458s][info][gc,start       ] GC(1429) Pause Young (Allocation Failure)
[2026-06-17T10:05:55.667+0800][36.460s][info][gc,heap        ] GC(1429) PSYoungGen: 14328K(14336K)->2184K(14336K) Eden: 7164K(7168K)->0K(7168K) From: 7164K(7168K)->2184K(7168K)
[2026-06-17T10:05:55.668+0800][36.460s][info][gc,heap        ] GC(1429) ParOldGen: 28137K(44032K)->33196K(44032K)
[2026-06-17T10:05:55.668+0800][36.461s][info][gc,metaspace   ] GC(1429) Metaspace: 116K(320K)->116K(320K) NonClass: 109K(192K)->109K(192K) Class: 7K(128K)->7K(128K)
[2026-06-17T10:05:55.669+0800][36.462s][info][gc             ] GC(1429) Pause Young (Allocation Failure) 41M->34M(57M) 3.658ms
[2026-06-17T10:05:55.670+0800][36.462s][info][gc,cpu         ] GC(1429) User=0.00s Sys=0.00s Real=0.00s
[2026-06-17T10:05:55.692+0800][36.485s][info][gc,start       ] GC(1430) Pause Young (Allocation Failure)
[2026-06-17T10:05:55.694+0800][36.486s][info][gc,heap        ] GC(1430) PSYoungGen: 9329K(14336K)->485K(14336K) Eden: 7144K(7168K)->0K(7168K) From: 2184K(7168K)->485K(7168K)
[2026-06-17T10:05:55.694+0800][36.487s][info][gc,heap        ] GC(1430) ParOldGen: 33196K(44032K)->34824K(44032K)
[2026-06-17T10:05:55.695+0800][36.488s][info][gc,metaspace   ] GC(1430) Metaspace: 116K(320K)->116K(320K) NonClass: 109K(192K)->109K(192K) Class: 7K(128K)->7K(128K)
[2026-06-17T10:05:55.695+0800][36.488s][info][gc             ] GC(1430) Pause Young (Allocation Failure) 41M->34M(57M) 3.160ms
[2026-06-17T10:05:55.696+0800][36.489s][info][gc,cpu         ] GC(1430) User=0.00s Sys=0.00s Real=0.00s
[2026-06-17T10:05:55.708+0800][36.500s][info][gc,start       ] GC(1431) Pause Young (Allocation Failure)
[2026-06-17T10:05:55.709+0800][36.502s][info][gc,heap        ] GC(1431) PSYoungGen: 7641K(14336K)->4365K(14336K) Eden: 7156K(7168K)->0K(7168K) From: 485K(7168K)->4365K(7168K)
[2026-06-17T10:05:55.709+0800][36.502s][info][gc,heap        ] GC(1431) ParOldGen: 34824K(44032K)->34824K(44032K)
[2026-06-17T10:05:55.710+0800][36.503s][info][gc,metaspace   ] GC(1431) Metaspace: 116K(320K)->116K(320K) NonClass: 109K(192K)->109K(192K) Class: 7K(128K)->7K(128K)
[2026-06-17T10:05:55.711+0800][36.504s][info][gc             ] GC(1431) Pause Young (Allocation Failure) 41M->38M(57M) 3.278ms
[2026-06-17T10:05:55.711+0800][36.504s][info][gc,cpu         ] GC(1431) User=0.00s Sys=0.00s Real=0.01s
[2026-06-17T10:05:55.733+0800][36.526s][info][gc,start       ] GC(1432) Pause Young (Allocation Failure)
[2026-06-17T10:05:55.735+0800][36.528s][info][gc,heap        ] GC(1432) PSYoungGen: 11509K(14336K)->2751K(14336K) Eden: 7143K(7168K)->0K(7168K) From: 4365K(7168K)->2751K(7168K)
[2026-06-17T10:05:55.736+0800][36.529s][info][gc,heap        ] GC(1432) ParOldGen: 34824K(44032K)->36851K(44032K)
[2026-06-17T10:05:55.737+0800][36.529s][info][gc,metaspace   ] GC(1432) Metaspace: 116K(320K)->116K(320K) NonClass: 109K(192K)->109K(192K) Class: 7K(128K)->7K(128K)
[2026-06-17T10:05:55.737+0800][36.530s][info][gc             ] GC(1432) Pause Young (Allocation Failure) 45M->38M(57M) 4.004ms
[2026-06-17T10:05:55.738+0800][36.530s][info][gc,cpu         ] GC(1432) User=0.01s Sys=0.00s Real=0.00s
[2026-06-17T10:05:55.759+0800][36.552s][info][gc,start       ] GC(1433) Pause Young (Allocation Failure)
[2026-06-17T10:05:55.761+0800][36.554s][info][gc,heap        ] GC(1433) PSYoungGen: 9882K(14336K)->2873K(14336K) Eden: 7130K(7168K)->0K(7168K) From: 2751K(7168K)->2873K(7168K)
[2026-06-17T10:05:55.761+0800][36.554s][info][gc,heap        ] GC(1433) ParOldGen: 36851K(44032K)->36851K(44032K)
[2026-06-17T10:05:55.762+0800][36.555s][info][gc,metaspace   ] GC(1433) Metaspace: 116K(320K)->116K(320K) NonClass: 109K(192K)->109K(192K) Class: 7K(128K)->7K(128K)
[2026-06-17T10:05:55.762+0800][36.555s][info][gc             ] GC(1433) Pause Young (Allocation Failure) 45M->38M(57M) 3.026ms
[2026-06-17T10:05:55.763+0800][36.555s][info][gc,cpu         ] GC(1433) User=0.00s Sys=0.00s Real=0.01s
[2026-06-17T10:05:55.775+0800][36.568s][info][gc,start       ] GC(1434) Pause Young (Allocation Failure)
[2026-06-17T10:05:55.778+0800][36.571s][info][gc,heap        ] GC(1434) PSYoungGen: 9780K(14336K)->698K(14336K) Eden: 6906K(7168K)->0K(7168K) From: 2873K(7168K)->698K(7168K)
[2026-06-17T10:05:55.780+0800][36.572s][info][gc,heap        ] GC(1434) ParOldGen: 36851K(44032K)->38695K(44032K)
[2026-06-17T10:05:55.780+0800][36.573s][info][gc,metaspace   ] GC(1434) Metaspace: 116K(320K)->116K(320K) NonClass: 109K(192K)->109K(192K) Class: 7K(128K)->7K(128K)
[2026-06-17T10:05:55.783+0800][36.576s][info][gc             ] GC(1434) Pause Young (Allocation Failure) 45M->38M(57M) 7.993ms
[2026-06-17T10:05:55.784+0800][36.576s][info][gc,cpu         ] GC(1434) User=0.00s Sys=0.00s Real=0.01s
[2026-06-17T10:05:55.808+0800][36.601s][info][gc,start       ] GC(1435) Pause Young (Allocation Failure)
[2026-06-17T10:05:55.810+0800][36.603s][info][gc,heap        ] GC(1435) PSYoungGen: 7810K(14336K)->3956K(14336K) Eden: 7112K(7168K)->0K(7168K) From: 698K(7168K)->3956K(7168K)
[2026-06-17T10:05:55.811+0800][36.604s][info][gc,heap        ] GC(1435) ParOldGen: 38695K(44032K)->39369K(44032K)
[2026-06-17T10:05:55.812+0800][36.604s][info][gc,metaspace   ] GC(1435) Metaspace: 116K(320K)->116K(320K) NonClass: 109K(192K)->109K(192K) Class: 7K(128K)->7K(128K)
[2026-06-17T10:05:55.812+0800][36.605s][info][gc             ] GC(1435) Pause Young (Allocation Failure) 45M->42M(57M) 3.737ms
[2026-06-17T10:05:55.813+0800][36.606s][info][gc,cpu         ] GC(1435) User=0.01s Sys=0.00s Real=0.01s
[2026-06-17T10:05:55.825+0800][36.617s][info][gc,start       ] GC(1436) Pause Young (Allocation Failure)
[2026-06-17T10:05:55.828+0800][36.620s][info][gc,heap        ] GC(1436) PSYoungGen: 9918K(14336K)->1806K(14336K) Eden: 5961K(7168K)->0K(7168K) From: 3956K(7168K)->1806K(7168K)
[2026-06-17T10:05:55.828+0800][36.621s][info][gc,heap        ] GC(1436) ParOldGen: 39369K(44032K)->40791K(44032K)
[2026-06-17T10:05:55.829+0800][36.621s][info][gc,metaspace   ] GC(1436) Metaspace: 116K(320K)->116K(320K) NonClass: 109K(192K)->109K(192K) Class: 7K(128K)->7K(128K)
[2026-06-17T10:05:55.829+0800][36.622s][info][gc             ] GC(1436) Pause Young (Allocation Failure) 48M->41M(57M) 4.316ms
[2026-06-17T10:05:55.829+0800][36.622s][info][gc,cpu         ] GC(1436) User=0.00s Sys=0.00s Real=0.00s
[2026-06-17T10:05:55.851+0800][36.644s][info][gc,start       ] GC(1437) Pause Full (Allocation Failure)
[2026-06-17T10:05:55.852+0800][36.645s][info][gc,phases,start] GC(1437) Marking Phase
[2026-06-17T10:05:55.855+0800][36.647s][info][gc,phases      ] GC(1437) Marking Phase 2.815ms
[2026-06-17T10:05:55.856+0800][36.648s][info][gc,phases,start] GC(1437) Summary Phase
[2026-06-17T10:05:55.856+0800][36.649s][info][gc,phases      ] GC(1437) Summary Phase 0.502ms
[2026-06-17T10:05:55.857+0800][36.649s][info][gc,phases,start] GC(1437) Forward
[2026-06-17T10:05:55.857+0800][36.650s][info][gc,phases      ] GC(1437) Forward 0.700ms
[2026-06-17T10:05:55.858+0800][36.651s][info][gc,phases,start] GC(1437) Adjust Pointers
[2026-06-17T10:05:55.859+0800][36.652s][info][gc,phases      ] GC(1437) Adjust Pointers 1.265ms
[2026-06-17T10:05:55.859+0800][36.652s][info][gc,phases,start] GC(1437) Compaction Phase
[2026-06-17T10:05:55.862+0800][36.655s][info][gc,phases      ] GC(1437) Compaction Phase 2.715ms
[2026-06-17T10:05:55.863+0800][36.655s][info][gc,phases,start] GC(1437) Post Compact
[2026-06-17T10:05:55.863+0800][36.656s][info][gc,phases      ] GC(1437) Post Compact 0.285ms
[2026-06-17T10:05:55.863+0800][36.656s][info][gc,heap        ] GC(1437) PSYoungGen: 8953K(14336K)->0K(14336K) Eden: 7147K(7168K)->0K(7168K) From: 1806K(7168K)->0K(7168K)
[2026-06-17T10:05:55.863+0800][36.656s][info][gc,heap        ] GC(1437) ParOldGen: 40791K(44032K)->30673K(44032K)
[2026-06-17T10:05:55.864+0800][36.656s][info][gc,metaspace   ] GC(1437) Metaspace: 116K(320K)->116K(320K) NonClass: 109K(192K)->109K(192K) Class: 7K(128K)->7K(128K)
[2026-06-17T10:05:55.864+0800][36.657s][info][gc             ] GC(1437) Pause Full (Allocation Failure) 48M->29M(57M) 12.807ms
[2026-06-17T10:05:55.864+0800][36.657s][info][gc,cpu         ] GC(1437) User=0.01s Sys=0.00s Real=0.01s
[2026-06-17T10:05:55.886+0800][36.678s][info][gc,start       ] GC(1438) Pause Young (Allocation Failure)
[2026-06-17T10:05:55.887+0800][36.680s][info][gc,heap        ] GC(1438) PSYoungGen: 7168K(14336K)->3910K(14336K) Eden: 7168K(7168K)->0K(7168K) From: 0K(7168K)->3910K(7168K)
[2026-06-17T10:05:55.887+0800][36.680s][info][gc,heap        ] GC(1438) ParOldGen: 30673K(44032K)->30673K(44032K)
[2026-06-17T10:05:55.888+0800][36.681s][info][gc,metaspace   ] GC(1438) Metaspace: 116K(320K)->116K(320K) NonClass: 109K(192K)->109K(192K) Class: 7K(128K)->7K(128K)
[2026-06-17T10:05:55.888+0800][36.681s][info][gc             ] GC(1438) Pause Young (Allocation Failure) 36M->33M(57M) 2.606ms
[2026-06-17T10:05:55.888+0800][36.681s][info][gc,cpu         ] GC(1438) User=0.00s Sys=0.00s Real=0.00s
[2026-06-17T10:05:55.910+0800][36.703s][info][gc,start       ] GC(1439) Pause Young (Allocation Failure)
[2026-06-17T10:05:55.912+0800][36.704s][info][gc,heap        ] GC(1439) PSYoungGen: 11030K(14336K)->4175K(14336K) Eden: 7119K(7168K)->0K(7168K) From: 3910K(7168K)->4175K(7168K)
[2026-06-17T10:05:55.912+0800][36.705s][info][gc,heap        ] GC(1439) ParOldGen: 30673K(44032K)->30673K(44032K)
[2026-06-17T10:05:55.913+0800][36.706s][info][gc,metaspace   ] GC(1439) Metaspace: 116K(320K)->116K(320K) NonClass: 109K(192K)->109K(192K) Class: 7K(128K)->7K(128K)
[2026-06-17T10:05:55.913+0800][36.706s][info][gc             ] GC(1439) Pause Young (Allocation Failure) 40M->34M(57M) 3.401ms
[2026-06-17T10:05:55.914+0800][36.706s][info][gc,cpu         ] GC(1439) User=0.00s Sys=0.00s Real=0.01s
[2026-06-17T10:05:55.925+0800][36.718s][info][gc,start       ] GC(1440) Pause Young (Allocation Failure)
[2026-06-17T10:05:55.927+0800][36.720s][info][gc,heap        ] GC(1440) PSYoungGen: 11330K(14336K)->7120K(14336K) Eden: 7155K(7168K)->0K(7168K) From: 4175K(7168K)->7120K(7168K)
[2026-06-17T10:05:55.928+0800][36.720s][info][gc,heap        ] GC(1440) ParOldGen: 30673K(44032K)->31576K(44032K)
[2026-06-17T10:05:55.928+0800][36.721s][info][gc,metaspace   ] GC(1440) Metaspace: 116K(320K)->116K(320K) NonClass: 109K(192K)->109K(192K) Class: 7K(128K)->7K(128K)
[2026-06-17T10:05:55.929+0800][36.721s][info][gc             ] GC(1440) Pause Young (Allocation Failure) 41M->37M(57M) 3.287ms
[2026-06-17T10:05:55.929+0800][36.722s][info][gc,cpu         ] GC(1440) User=0.01s Sys=0.00s Real=0.00s
[2026-06-17T10:05:55.951+0800][36.744s][info][gc,start       ] GC(1441) Pause Young (Allocation Failure)
[2026-06-17T10:05:55.953+0800][36.746s][info][gc,heap        ] GC(1441) PSYoungGen: 14260K(14336K)->5050K(14336K) Eden: 7139K(7168K)->0K(7168K) From: 7120K(7168K)->5050K(7168K)
[2026-06-17T10:05:55.954+0800][36.746s][info][gc,heap        ] GC(1441) ParOldGen: 31576K(44032K)->33809K(44032K)
[2026-06-17T10:05:55.954+0800][36.747s][info][gc,metaspace   ] GC(1441) Metaspace: 116K(320K)->116K(320K) NonClass: 109K(192K)->109K(192K) Class: 7K(128K)->7K(128K)
[2026-06-17T10:05:55.955+0800][36.748s][info][gc             ] GC(1441) Pause Young (Allocation Failure) 44M->37M(57M) 3.850ms
[2026-06-17T10:05:55.955+0800][36.748s][info][gc,cpu         ] GC(1441) User=0.00s Sys=0.00s Real=0.00s
[2026-06-17T10:05:55.977+0800][36.769s][info][gc,start       ] GC(1442) Pause Young (Allocation Failure)
[2026-06-17T10:05:55.978+0800][36.771s][info][gc,heap        ] GC(1442) PSYoungGen: 12208K(14336K)->3282K(14336K) Eden: 7158K(7168K)->0K(7168K) From: 5050K(7168K)->3282K(7168K)
[2026-06-17T10:05:55.978+0800][36.771s][info][gc,heap        ] GC(1442) ParOldGen: 33809K(44032K)->35782K(44032K)
[2026-06-17T10:05:55.979+0800][36.771s][info][gc,metaspace   ] GC(1442) Metaspace: 116K(320K)->116K(320K) NonClass: 109K(192K)->109K(192K) Class: 7K(128K)->7K(128K)
[2026-06-17T10:05:55.979+0800][36.772s][info][gc             ] GC(1442) Pause Young (Allocation Failure) 44M->38M(57M) 2.079ms
[2026-06-17T10:05:55.979+0800][36.772s][info][gc,cpu         ] GC(1442) User=0.00s Sys=0.00s Real=0.00s
[2026-06-17T10:05:55.990+0800][36.783s][info][gc,start       ] GC(1443) Pause Young (Allocation Failure)
[2026-06-17T10:05:55.991+0800][36.784s][info][gc,heap        ] GC(1443) PSYoungGen: 10321K(14336K)->1424K(14336K) Eden: 7038K(7168K)->0K(7168K) From: 3282K(7168K)->1424K(7168K)
[2026-06-17T10:05:55.991+0800][36.784s][info][gc,heap        ] GC(1443) ParOldGen: 35782K(44032K)->38127K(44032K)
[2026-06-17T10:05:55.991+0800][36.784s][info][gc,metaspace   ] GC(1443) Metaspace: 116K(320K)->116K(320K) NonClass: 109K(192K)->109K(192K) Class: 7K(128K)->7K(128K)
[2026-06-17T10:05:55.991+0800][36.784s][info][gc             ] GC(1443) Pause Young (Allocation Failure) 45M->38M(57M) 1.387ms
[2026-06-17T10:05:55.992+0800][36.784s][info][gc,cpu         ] GC(1443) User=0.00s Sys=0.00s Real=0.01s
[2026-06-17T10:05:56.013+0800][36.806s][info][gc,start       ] GC(1444) Pause Young (Allocation Failure)
[2026-06-17T10:05:56.014+0800][36.807s][info][gc,heap        ] GC(1444) PSYoungGen: 8584K(14336K)->3597K(14336K) Eden: 7160K(7168K)->0K(7168K) From: 1424K(7168K)->3597K(7168K)
[2026-06-17T10:05:56.014+0800][36.807s][info][gc,heap        ] GC(1444) ParOldGen: 38127K(44032K)->39528K(44032K)
[2026-06-17T10:05:56.015+0800][36.807s][info][gc,metaspace   ] GC(1444) Metaspace: 116K(320K)->116K(320K) NonClass: 109K(192K)->109K(192K) Class: 7K(128K)->7K(128K)
[2026-06-17T10:05:56.015+0800][36.808s][info][gc             ] GC(1444) Pause Young (Allocation Failure) 45M->42M(57M) 2.036ms
[2026-06-17T10:05:56.015+0800][36.808s][info][gc,cpu         ] GC(1444) User=0.00s Sys=0.00s Real=0.00s
[2026-06-17T10:05:56.036+0800][36.829s][info][gc,start       ] GC(1445) Pause Young (Allocation Failure)
[2026-06-17T10:05:56.037+0800][36.830s][info][gc,heap        ] GC(1445) PSYoungGen: 10759K(14336K)->4020K(14336K) Eden: 7162K(7168K)->0K(7168K) From: 3597K(7168K)->4020K(7168K)
[2026-06-17T10:05:56.038+0800][36.831s][info][gc,heap        ] GC(1445) ParOldGen: 39528K(44032K)->39528K(44032K)
[2026-06-17T10:05:56.038+0800][36.831s][info][gc,metaspace   ] GC(1445) Metaspace: 116K(320K)->116K(320K) NonClass: 109K(192K)->109K(192K) Class: 7K(128K)->7K(128K)
[2026-06-17T10:05:56.038+0800][36.831s][info][gc             ] GC(1445) Pause Young (Allocation Failure) 49M->42M(57M) 1.779ms
[2026-06-17T10:05:56.039+0800][36.831s][info][gc,cpu         ] GC(1445) User=0.00s Sys=0.00s Real=0.00s
[2026-06-17T10:05:56.060+0800][36.852s][info][gc,start       ] GC(1446) Pause Young (Allocation Failure)
[2026-06-17T10:05:56.061+0800][36.853s][info][gc,heap        ] GC(1446) PSYoungGen: 11158K(14336K)->2064K(14336K) Eden: 7137K(7168K)->0K(7168K) From: 4020K(7168K)->2064K(7168K)
[2026-06-17T10:05:56.061+0800][36.854s][info][gc,heap        ] GC(1446) ParOldGen: 39528K(44032K)->42109K(44032K)
[2026-06-17T10:05:56.061+0800][36.854s][info][gc,metaspace   ] GC(1446) Metaspace: 116K(320K)->116K(320K) NonClass: 109K(192K)->109K(192K) Class: 7K(128K)->7K(128K)
[2026-06-17T10:05:56.062+0800][36.854s][info][gc             ] GC(1446) Pause Young (Allocation Failure) 49M->43M(57M) 1.998ms
[2026-06-17T10:05:56.062+0800][36.855s][info][gc,cpu         ] GC(1446) User=0.00s Sys=0.00s Real=0.00s
[2026-06-17T10:05:56.073+0800][36.866s][info][gc,start       ] GC(1447) Pause Full (Allocation Failure)
[2026-06-17T10:05:56.074+0800][36.867s][info][gc,phases,start] GC(1447) Marking Phase
[2026-06-17T10:05:56.075+0800][36.868s][info][gc,phases      ] GC(1447) Marking Phase 1.668ms
[2026-06-17T10:05:56.076+0800][36.869s][info][gc,phases,start] GC(1447) Summary Phase
[2026-06-17T10:05:56.076+0800][36.869s][info][gc,phases      ] GC(1447) Summary Phase 0.245ms
[2026-06-17T10:05:56.076+0800][36.869s][info][gc,phases,start] GC(1447) Forward
[2026-06-17T10:05:56.077+0800][36.869s][info][gc,phases      ] GC(1447) Forward 0.306ms
[2026-06-17T10:05:56.077+0800][36.870s][info][gc,phases,start] GC(1447) Adjust Pointers
[2026-06-17T10:05:56.078+0800][36.870s][info][gc,phases      ] GC(1447) Adjust Pointers 0.882ms
[2026-06-17T10:05:56.078+0800][36.871s][info][gc,phases,start] GC(1447) Compaction Phase
[2026-06-17T10:05:56.080+0800][36.873s][info][gc,phases      ] GC(1447) Compaction Phase 2.114ms
[2026-06-17T10:05:56.081+0800][36.873s][info][gc,phases,start] GC(1447) Post Compact
[2026-06-17T10:05:56.081+0800][36.874s][info][gc,phases      ] GC(1447) Post Compact 0.246ms
[2026-06-17T10:05:56.081+0800][36.874s][info][gc,heap        ] GC(1447) PSYoungGen: 9202K(14336K)->0K(14336K) Eden: 7138K(7168K)->0K(7168K) From: 2064K(7168K)->0K(7168K)
[2026-06-17T10:05:56.081+0800][36.874s][info][gc,heap        ] GC(1447) ParOldGen: 42109K(44032K)->36890K(44032K)
[2026-06-17T10:05:56.081+0800][36.874s][info][gc,metaspace   ] GC(1447) Metaspace: 116K(320K)->116K(320K) NonClass: 109K(192K)->109K(192K) Class: 7K(128K)->7K(128K)
[2026-06-17T10:05:56.082+0800][36.874s][info][gc             ] GC(1447) Pause Full (Allocation Failure) 50M->36M(57M) 8.703ms
[2026-06-17T10:05:56.082+0800][36.875s][info][gc,cpu         ] GC(1447) User=0.01s Sys=0.00s Real=0.00s
[2026-06-17T10:05:56.103+0800][36.896s][info][gc,start       ] GC(1448) Pause Young (Allocation Failure)
[2026-06-17T10:05:56.104+0800][36.897s][info][gc,heap        ] GC(1448) PSYoungGen: 7153K(14336K)->3920K(14336K) Eden: 7153K(7168K)->0K(7168K) From: 0K(7168K)->3920K(7168K)
[2026-06-17T10:05:56.104+0800][36.897s][info][gc,heap        ] GC(1448) ParOldGen: 36890K(44032K)->36890K(44032K)
[2026-06-17T10:05:56.105+0800][36.898s][info][gc,metaspace   ] GC(1448) Metaspace: 116K(320K)->116K(320K) NonClass: 109K(192K)->109K(192K) Class: 7K(128K)->7K(128K)
[2026-06-17T10:05:56.106+0800][36.899s][info][gc             ] GC(1448) Pause Young (Allocation Failure) 43M->39M(57M) 2.836ms
[2026-06-17T10:05:56.106+0800][36.899s][info][gc,cpu         ] GC(1448) User=0.00s Sys=0.00s Real=0.00s
[2026-06-17T10:05:56.128+0800][36.921s][info][gc,start       ] GC(1449) Pause Young (Allocation Failure)
[2026-06-17T10:05:56.130+0800][36.922s][info][gc,heap        ] GC(1449) PSYoungGen: 11060K(14336K)->3753K(14336K) Eden: 7140K(7168K)->0K(7168K) From: 3920K(7168K)->3753K(7168K)
[2026-06-17T10:05:56.130+0800][36.923s][info][gc,heap        ] GC(1449) ParOldGen: 36890K(44032K)->36890K(44032K)
[2026-06-17T10:05:56.131+0800][36.923s][info][gc,metaspace   ] GC(1449) Metaspace: 116K(320K)->116K(320K) NonClass: 109K(192K)->109K(192K) Class: 7K(128K)->7K(128K)
[2026-06-17T10:05:56.131+0800][36.924s][info][gc             ] GC(1449) Pause Young (Allocation Failure) 46M->39M(57M) 3.061ms
[2026-06-17T10:05:56.131+0800][36.924s][info][gc,cpu         ] GC(1449) User=0.00s Sys=0.00s Real=0.01s
[2026-06-17T10:05:56.143+0800][36.936s][info][gc,start       ] GC(1450) Pause Young (Allocation Failure)
[2026-06-17T10:05:56.144+0800][36.937s][info][gc,heap        ] GC(1450) PSYoungGen: 10671K(14336K)->3762K(14336K) Eden: 6917K(7168K)->0K(7168K) From: 3753K(7168K)->3762K(7168K)
[2026-06-17T10:05:56.145+0800][36.937s][info][gc,heap        ] GC(1450) ParOldGen: 36890K(44032K)->36890K(44032K)
[2026-06-17T10:05:56.145+0800][36.938s][info][gc,metaspace   ] GC(1450) Metaspace: 116K(320K)->116K(320K) NonClass: 109K(192K)->109K(192K) Class: 7K(128K)->7K(128K)
[2026-06-17T10:05:56.145+0800][36.938s][info][gc             ] GC(1450) Pause Young (Allocation Failure) 46M->39M(57M) 2.400ms
[2026-06-17T10:05:56.146+0800][36.938s][info][gc,cpu         ] GC(1450) User=0.00s Sys=0.00s Real=0.00s
[2026-06-17T10:05:56.167+0800][36.960s][info][gc,start       ] GC(1451) Pause Young (Allocation Failure)
[2026-06-17T10:05:56.169+0800][36.961s][info][gc,heap        ] GC(1451) PSYoungGen: 10892K(14336K)->6644K(13824K) Eden: 7129K(7168K)->0K(7168K) From: 3762K(7168K)->6644K(6656K)
[2026-06-17T10:05:56.171+0800][36.963s][info][gc,heap        ] GC(1451) ParOldGen: 36890K(44032K)->37784K(44032K)
[2026-06-17T10:05:56.171+0800][36.964s][info][gc,metaspace   ] GC(1451) Metaspace: 116K(320K)->116K(320K) NonClass: 109K(192K)->109K(192K) Class: 7K(128K)->7K(128K)
[2026-06-17T10:05:56.173+0800][36.966s][info][gc             ] GC(1451) Pause Young (Allocation Failure) 46M->43M(56M) 6.248ms
[2026-06-17T10:05:56.175+0800][36.968s][info][gc,cpu         ] GC(1451) User=0.01s Sys=0.00s Real=0.01s
[2026-06-17T10:05:56.199+0800][36.991s][info][gc,start       ] GC(1452) Pause Young (Allocation Failure)
[2026-06-17T10:05:56.200+0800][36.993s][info][gc,heap        ] GC(1452) PSYoungGen: 13810K(13824K)->7164K(14336K) Eden: 7166K(7168K)->0K(7168K) From: 6644K(6656K)->7164K(7168K)
[2026-06-17T10:05:56.201+0800][36.994s][info][gc,heap        ] GC(1452) ParOldGen: 37784K(44032K)->38023K(44032K)
[2026-06-17T10:05:56.202+0800][36.994s][info][gc,metaspace   ] GC(1452) Metaspace: 116K(320K)->116K(320K) NonClass: 109K(192K)->109K(192K) Class: 7K(128K)->7K(128K)
[2026-06-17T10:05:56.202+0800][36.995s][info][gc             ] GC(1452) Pause Young (Allocation Failure) 50M->44M(57M) 3.363ms
[2026-06-17T10:05:56.202+0800][36.995s][info][gc,cpu         ] GC(1452) User=0.00s Sys=0.01s Real=0.01s
[2026-06-17T10:05:56.224+0800][37.017s][info][gc,start       ] GC(1453) Pause Young (Allocation Failure)
[2026-06-17T10:05:56.227+0800][37.019s][info][gc,heap        ] GC(1453) PSYoungGen: 14320K(14336K)->4239K(14336K) Eden: 7156K(7168K)->0K(7168K) From: 7164K(7168K)->4239K(7168K)
[2026-06-17T10:05:56.227+0800][37.020s][info][gc,heap        ] GC(1453) ParOldGen: 38023K(44032K)->41059K(44032K)
[2026-06-17T10:05:56.228+0800][37.021s][info][gc,metaspace   ] GC(1453) Metaspace: 116K(320K)->116K(320K) NonClass: 109K(192K)->109K(192K) Class: 7K(128K)->7K(128K)
[2026-06-17T10:05:56.228+0800][37.021s][info][gc             ] GC(1453) Pause Young (Allocation Failure) 51M->44M(57M) 4.354ms
[2026-06-17T10:05:56.229+0800][37.022s][info][gc,cpu         ] GC(1453) User=0.00s Sys=0.00s Real=0.00s
[2026-06-17T10:05:56.241+0800][37.033s][info][gc,start       ] GC(1454) Pause Full (Allocation Failure)
[2026-06-17T10:05:56.241+0800][37.034s][info][gc,phases,start] GC(1454) Marking Phase
[2026-06-17T10:05:56.243+0800][37.036s][info][gc,phases      ] GC(1454) Marking Phase 2.252ms
[2026-06-17T10:05:56.244+0800][37.037s][info][gc,phases,start] GC(1454) Summary Phase
[2026-06-17T10:05:56.245+0800][37.037s][info][gc,phases      ] GC(1454) Summary Phase 0.555ms
[2026-06-17T10:05:56.245+0800][37.038s][info][gc,phases,start] GC(1454) Forward
[2026-06-17T10:05:56.246+0800][37.039s][info][gc,phases      ] GC(1454) Forward 0.731ms
[2026-06-17T10:05:56.246+0800][37.039s][info][gc,phases,start] GC(1454) Adjust Pointers
[2026-06-17T10:05:56.248+0800][37.040s][info][gc,phases      ] GC(1454) Adjust Pointers 1.231ms
[2026-06-17T10:05:56.248+0800][37.041s][info][gc,phases,start] GC(1454) Compaction Phase
[2026-06-17T10:05:56.251+0800][37.043s][info][gc,phases      ] GC(1454) Compaction Phase 2.306ms
[2026-06-17T10:05:56.251+0800][37.044s][info][gc,phases,start] GC(1454) Post Compact
[2026-06-17T10:05:56.252+0800][37.044s][info][gc,phases      ] GC(1454) Post Compact 0.520ms
[2026-06-17T10:05:56.252+0800][37.045s][info][gc,heap        ] GC(1454) PSYoungGen: 11400K(14336K)->0K(14336K) Eden: 7161K(7168K)->0K(7168K) From: 4239K(7168K)->0K(7168K)
[2026-06-17T10:05:56.252+0800][37.045s][info][gc,heap        ] GC(1454) ParOldGen: 41059K(44032K)->35257K(44032K)
[2026-06-17T10:05:56.252+0800][37.045s][info][gc,metaspace   ] GC(1454) Metaspace: 116K(320K)->116K(320K) NonClass: 109K(192K)->109K(192K) Class: 7K(128K)->7K(128K)
[2026-06-17T10:05:56.253+0800][37.045s][info][gc             ] GC(1454) Pause Full (Allocation Failure) 51M->34M(57M) 11.881ms
[2026-06-17T10:05:56.253+0800][37.046s][info][gc,cpu         ] GC(1454) User=0.00s Sys=0.00s Real=0.02s
[2026-06-17T10:05:56.274+0800][37.067s][info][gc,start       ] GC(1455) Pause Young (Allocation Failure)
[2026-06-17T10:05:56.276+0800][37.069s][info][gc,heap        ] GC(1455) PSYoungGen: 7163K(14336K)->3896K(14336K) Eden: 7163K(7168K)->0K(7168K) From: 0K(7168K)->3896K(7168K)
[2026-06-17T10:05:56.277+0800][37.069s][info][gc,heap        ] GC(1455) ParOldGen: 35257K(44032K)->35257K(44032K)
[2026-06-17T10:05:56.277+0800][37.070s][info][gc,metaspace   ] GC(1455) Metaspace: 116K(320K)->116K(320K) NonClass: 109K(192K)->109K(192K) Class: 7K(128K)->7K(128K)
[2026-06-17T10:05:56.278+0800][37.070s][info][gc             ] GC(1455) Pause Young (Allocation Failure) 41M->38M(57M) 3.177ms
[2026-06-17T10:05:56.278+0800][37.071s][info][gc,cpu         ] GC(1455) User=0.01s Sys=0.00s Real=0.00s
[2026-06-17T10:05:56.300+0800][37.093s][info][gc,start       ] GC(1456) Pause Young (Allocation Failure)
[2026-06-17T10:05:56.303+0800][37.096s][info][gc,heap        ] GC(1456) PSYoungGen: 11027K(14336K)->3415K(14336K) Eden: 7130K(7168K)->0K(7168K) From: 3896K(7168K)->3415K(7168K)
[2026-06-17T10:05:56.304+0800][37.096s][info][gc,heap        ] GC(1456) ParOldGen: 35257K(44032K)->35954K(44032K)
[2026-06-17T10:05:56.304+0800][37.097s][info][gc,metaspace   ] GC(1456) Metaspace: 116K(320K)->116K(320K) NonClass: 109K(192K)->109K(192K) Class: 7K(128K)->7K(128K)
[2026-06-17T10:05:56.305+0800][37.098s][info][gc             ] GC(1456) Pause Young (Allocation Failure) 45M->38M(57M) 4.793ms
[2026-06-17T10:05:56.306+0800][37.098s][info][gc,cpu         ] GC(1456) User=0.00s Sys=0.00s Real=0.01s
[2026-06-17T10:05:56.318+0800][37.110s][info][gc,start       ] GC(1457) Pause Young (Allocation Failure)
[2026-06-17T10:05:56.321+0800][37.114s][info][gc,heap        ] GC(1457) PSYoungGen: 10306K(14336K)->2975K(14336K) Eden: 6891K(7168K)->0K(7168K) From: 3415K(7168K)->2975K(7168K)
[2026-06-17T10:05:56.322+0800][37.115s][info][gc,heap        ] GC(1457) ParOldGen: 35954K(44032K)->35954K(44032K)
[2026-06-17T10:05:56.323+0800][37.116s][info][gc,metaspace   ] GC(1457) Metaspace: 116K(320K)->116K(320K) NonClass: 109K(192K)->109K(192K) Class: 7K(128K)->7K(128K)
[2026-06-17T10:05:56.324+0800][37.117s][info][gc             ] GC(1457) Pause Young (Allocation Failure) 45M->38M(57M) 6.462ms
[2026-06-17T10:05:56.325+0800][37.117s][info][gc,cpu         ] GC(1457) User=0.00s Sys=0.00s Real=0.01s
[2026-06-17T10:05:56.346+0800][37.139s][info][gc,start       ] GC(1458) Pause Young (Allocation Failure)
[2026-06-17T10:05:56.347+0800][37.140s][info][gc,heap        ] GC(1458) PSYoungGen: 10136K(14336K)->3784K(14336K) Eden: 7161K(7168K)->0K(7168K) From: 2975K(7168K)->3784K(7168K)
[2026-06-17T10:05:56.348+0800][37.141s][info][gc,heap        ] GC(1458) ParOldGen: 35954K(44032K)->38913K(44032K)
[2026-06-17T10:05:56.348+0800][37.141s][info][gc,metaspace   ] GC(1458) Metaspace: 116K(320K)->116K(320K) NonClass: 109K(192K)->109K(192K) Class: 7K(128K)->7K(128K)
[2026-06-17T10:05:56.348+0800][37.141s][info][gc             ] GC(1458) Pause Young (Allocation Failure) 45M->41M(57M) 2.091ms
[2026-06-17T10:05:56.349+0800][37.141s][info][gc,cpu         ] GC(1458) User=0.00s Sys=0.00s Real=0.00s
[2026-06-17T10:05:56.360+0800][37.152s][info][gc,start       ] GC(1459) Pause Young (Allocation Failure)
[2026-06-17T10:05:56.360+0800][37.153s][info][gc,heap        ] GC(1459) PSYoungGen: 10937K(14336K)->4117K(14336K) Eden: 7152K(7168K)->0K(7168K) From: 3784K(7168K)->4117K(7168K)
[2026-06-17T10:05:56.361+0800][37.153s][info][gc,heap        ] GC(1459) ParOldGen: 38913K(44032K)->38913K(44032K)
[2026-06-17T10:05:56.361+0800][37.154s][info][gc,metaspace   ] GC(1459) Metaspace: 116K(320K)->116K(320K) NonClass: 109K(192K)->109K(192K) Class: 7K(128K)->7K(128K)
[2026-06-17T10:05:56.361+0800][37.154s][info][gc             ] GC(1459) Pause Young (Allocation Failure) 48M->42M(57M) 1.588ms
[2026-06-17T10:05:56.361+0800][37.154s][info][gc,cpu         ] GC(1459) User=0.00s Sys=0.00s Real=0.00s
[2026-06-17T10:05:56.382+0800][37.175s][info][gc,start       ] GC(1460) Pause Young (Allocation Failure)
[2026-06-17T10:05:56.384+0800][37.177s][info][gc,heap        ] GC(1460) PSYoungGen: 11274K(14336K)->7045K(14336K) Eden: 7157K(7168K)->0K(7168K) From: 4117K(7168K)->7045K(7168K)
[2026-06-17T10:05:56.384+0800][37.177s][info][gc,heap        ] GC(1460) ParOldGen: 38913K(44032K)->39588K(44032K)
[2026-06-17T10:05:56.384+0800][37.177s][info][gc,metaspace   ] GC(1460) Metaspace: 116K(320K)->116K(320K) NonClass: 109K(192K)->109K(192K) Class: 7K(128K)->7K(128K)
[2026-06-17T10:05:56.385+0800][37.177s][info][gc             ] GC(1460) Pause Young (Allocation Failure) 49M->45M(57M) 2.286ms
[2026-06-17T10:05:56.385+0800][37.178s][info][gc,cpu         ] GC(1460) User=0.00s Sys=0.00s Real=0.01s
[2026-06-17T10:05:56.407+0800][37.200s][info][gc,start       ] GC(1461) Pause Young (Allocation Failure)
[2026-06-17T10:05:56.409+0800][37.202s][info][gc,heap        ] GC(1461) PSYoungGen: 14181K(14336K)->4071K(14336K) Eden: 7136K(7168K)->0K(7168K) From: 7045K(7168K)->4071K(7168K)
[2026-06-17T10:05:56.410+0800][37.203s][info][gc,heap        ] GC(1461) ParOldGen: 39588K(44032K)->43007K(44032K)
[2026-06-17T10:05:56.411+0800][37.203s][info][gc,metaspace   ] GC(1461) Metaspace: 116K(320K)->116K(320K) NonClass: 109K(192K)->109K(192K) Class: 7K(128K)->7K(128K)
[2026-06-17T10:05:56.411+0800][37.204s][info][gc             ] GC(1461) Pause Young (Allocation Failure) 52M->45M(57M) 4.175ms
[2026-06-17T10:05:56.412+0800][37.205s][info][gc,cpu         ] GC(1461) User=0.00s Sys=0.00s Real=0.01s
[2026-06-17T10:05:56.434+0800][37.227s][info][gc,start       ] GC(1462) Pause Full (Allocation Failure)
[2026-06-17T10:05:56.435+0800][37.228s][info][gc,phases,start] GC(1462) Marking Phase
[2026-06-17T10:05:56.438+0800][37.231s][info][gc,phases      ] GC(1462) Marking Phase 2.906ms
[2026-06-17T10:05:56.439+0800][37.231s][info][gc,phases,start] GC(1462) Summary Phase
[2026-06-17T10:05:56.439+0800][37.232s][info][gc,phases      ] GC(1462) Summary Phase 0.571ms
[2026-06-17T10:05:56.440+0800][37.232s][info][gc,phases,start] GC(1462) Forward
[2026-06-17T10:05:56.440+0800][37.233s][info][gc,phases      ] GC(1462) Forward 0.836ms
[2026-06-17T10:05:56.441+0800][37.234s][info][gc,phases,start] GC(1462) Adjust Pointers
[2026-06-17T10:05:56.442+0800][37.235s][info][gc,phases      ] GC(1462) Adjust Pointers 1.490ms
[2026-06-17T10:05:56.443+0800][37.236s][info][gc,phases,start] GC(1462) Compaction Phase
[2026-06-17T10:05:56.446+0800][37.238s][info][gc,phases      ] GC(1462) Compaction Phase 2.558ms
[2026-06-17T10:05:56.446+0800][37.239s][info][gc,phases,start] GC(1462) Post Compact
[2026-06-17T10:05:56.447+0800][37.239s][info][gc,phases      ] GC(1462) Post Compact 0.603ms
[2026-06-17T10:05:56.447+0800][37.240s][info][gc,heap        ] GC(1462) PSYoungGen: 11234K(14336K)->0K(14336K) Eden: 7162K(7168K)->0K(7168K) From: 4071K(7168K)->0K(7168K)
[2026-06-17T10:05:56.448+0800][37.240s][info][gc,heap        ] GC(1462) ParOldGen: 43007K(44032K)->33287K(44032K)
[2026-06-17T10:05:56.448+0800][37.241s][info][gc,metaspace   ] GC(1462) Metaspace: 116K(320K)->116K(320K) NonClass: 109K(192K)->109K(192K) Class: 7K(128K)->7K(128K)
[2026-06-17T10:05:56.449+0800][37.241s][info][gc             ] GC(1462) Pause Full (Allocation Failure) 52M->32M(57M) 14.331ms
[2026-06-17T10:05:56.449+0800][37.242s][info][gc,cpu         ] GC(1462) User=0.01s Sys=0.00s Real=0.01s
[2026-06-17T10:05:56.460+0800][37.253s][info][gc,start       ] GC(1463) Pause Young (Allocation Failure)
[2026-06-17T10:05:56.462+0800][37.254s][info][gc,heap        ] GC(1463) PSYoungGen: 7159K(14336K)->7167K(14336K) Eden: 7159K(7168K)->0K(7168K) From: 0K(7168K)->7167K(7168K)
[2026-06-17T10:05:56.462+0800][37.255s][info][gc,heap        ] GC(1463) ParOldGen: 33287K(44032K)->33333K(44032K)
[2026-06-17T10:05:56.462+0800][37.255s][info][gc,metaspace   ] GC(1463) Metaspace: 116K(320K)->116K(320K) NonClass: 109K(192K)->109K(192K) Class: 7K(128K)->7K(128K)
[2026-06-17T10:05:56.463+0800][37.255s][info][gc             ] GC(1463) Pause Young (Allocation Failure) 39M->39M(57M) 2.432ms
[2026-06-17T10:05:56.463+0800][37.256s][info][gc,cpu         ] GC(1463) User=0.00s Sys=0.00s Real=0.01s
[2026-06-17T10:05:56.485+0800][37.278s][info][gc,start       ] GC(1464) Pause Young (Allocation Failure)
[2026-06-17T10:05:56.487+0800][37.279s][info][gc,heap        ] GC(1464) PSYoungGen: 14321K(14336K)->3407K(14336K) Eden: 7154K(7168K)->0K(7168K) From: 7167K(7168K)->3407K(7168K)
[2026-06-17T10:05:56.487+0800][37.280s][info][gc,heap        ] GC(1464) ParOldGen: 33333K(44032K)->36972K(44032K)
[2026-06-17T10:05:56.488+0800][37.280s][info][gc,metaspace   ] GC(1464) Metaspace: 116K(320K)->116K(320K) NonClass: 109K(192K)->109K(192K) Class: 7K(128K)->7K(128K)
[2026-06-17T10:05:56.488+0800][37.281s][info][gc             ] GC(1464) Pause Young (Allocation Failure) 46M->39M(57M) 3.632ms
[2026-06-17T10:05:56.489+0800][37.282s][info][gc,cpu         ] GC(1464) User=0.00s Sys=0.00s Real=0.00s
[2026-06-17T10:05:56.511+0800][37.304s][info][gc,start       ] GC(1465) Pause Young (Allocation Failure)
[2026-06-17T10:05:56.512+0800][37.305s][info][gc,heap        ] GC(1465) PSYoungGen: 10531K(14336K)->3399K(14336K) Eden: 7124K(7168K)->0K(7168K) From: 3407K(7168K)->3399K(7168K)
[2026-06-17T10:05:56.513+0800][37.306s][info][gc,heap        ] GC(1465) ParOldGen: 36972K(44032K)->36972K(44032K)
[2026-06-17T10:05:56.513+0800][37.306s][info][gc,metaspace   ] GC(1465) Metaspace: 116K(320K)->116K(320K) NonClass: 109K(192K)->109K(192K) Class: 7K(128K)->7K(128K)
[2026-06-17T10:05:56.514+0800][37.307s][info][gc             ] GC(1465) Pause Young (Allocation Failure) 46M->39M(57M) 2.900ms
[2026-06-17T10:05:56.514+0800][37.307s][info][gc,cpu         ] GC(1465) User=0.00s Sys=0.00s Real=0.00s
[2026-06-17T10:05:56.526+0800][37.318s][info][gc,start       ] GC(1466) Pause Young (Allocation Failure)
[2026-06-17T10:05:56.527+0800][37.320s][info][gc,heap        ] GC(1466) PSYoungGen: 10411K(14336K)->1683K(14336K) Eden: 7011K(7168K)->0K(7168K) From: 3399K(7168K)->1683K(7168K)
[2026-06-17T10:05:56.530+0800][37.323s][info][gc,heap        ] GC(1466) ParOldGen: 36972K(44032K)->38616K(44032K)
[2026-06-17T10:05:56.532+0800][37.325s][info][gc,metaspace   ] GC(1466) Metaspace: 116K(320K)->116K(320K) NonClass: 109K(192K)->109K(192K) Class: 7K(128K)->7K(128K)
[2026-06-17T10:05:56.533+0800][37.326s][info][gc             ] GC(1466) Pause Young (Allocation Failure) 46M->39M(57M) 7.182ms
[2026-06-17T10:05:56.533+0800][37.326s][info][gc,cpu         ] GC(1466) User=0.00s Sys=0.00s Real=0.01s
[2026-06-17T10:05:56.556+0800][37.348s][info][gc,start       ] GC(1467) Pause Young (Allocation Failure)
[2026-06-17T10:05:56.558+0800][37.350s][info][gc,heap        ] GC(1467) PSYoungGen: 8832K(14336K)->5451K(14336K) Eden: 7149K(7168K)->0K(7168K) From: 1683K(7168K)->5451K(7168K)
[2026-06-17T10:05:56.558+0800][37.351s][info][gc,heap        ] GC(1467) ParOldGen: 38616K(44032K)->38616K(44032K)
[2026-06-17T10:05:56.559+0800][37.352s][info][gc,metaspace   ] GC(1467) Metaspace: 116K(320K)->116K(320K) NonClass: 109K(192K)->109K(192K) Class: 7K(128K)->7K(128K)
[2026-06-17T10:05:56.560+0800][37.352s][info][gc             ] GC(1467) Pause Young (Allocation Failure) 46M->43M(57M) 4.061ms
[2026-06-17T10:05:56.560+0800][37.353s][info][gc,cpu         ] GC(1467) User=0.00s Sys=0.00s Real=0.00s
[2026-06-17T10:05:56.582+0800][37.375s][info][gc,start       ] GC(1468) Pause Young (Allocation Failure)
[2026-06-17T10:05:56.584+0800][37.377s][info][gc,heap        ] GC(1468) PSYoungGen: 12572K(14336K)->2098K(14336K) Eden: 7120K(7168K)->0K(7168K) From: 5451K(7168K)->2098K(7168K)
[2026-06-17T10:05:56.585+0800][37.378s][info][gc,heap        ] GC(1468) ParOldGen: 38616K(44032K)->41851K(44032K)
[2026-06-17T10:05:56.586+0800][37.379s][info][gc,metaspace   ] GC(1468) Metaspace: 116K(320K)->116K(320K) NonClass: 109K(192K)->109K(192K) Class: 7K(128K)->7K(128K)
[2026-06-17T10:05:56.586+0800][37.379s][info][gc             ] GC(1468) Pause Young (Allocation Failure) 49M->42M(57M) 4.436ms
[2026-06-17T10:05:56.587+0800][37.380s][info][gc,cpu         ] GC(1468) User=0.00s Sys=0.00s Real=0.01s
[2026-06-17T10:05:56.609+0800][37.402s][info][gc,start       ] GC(1469) Pause Full (Allocation Failure)
[2026-06-17T10:05:56.609+0800][37.402s][info][gc,phases,start] GC(1469) Marking Phase
[2026-06-17T10:05:56.612+0800][37.405s][info][gc,phases      ] GC(1469) Marking Phase 2.333ms
[2026-06-17T10:05:56.612+0800][37.405s][info][gc,phases,start] GC(1469) Summary Phase
[2026-06-17T10:05:56.612+0800][37.405s][info][gc,phases      ] GC(1469) Summary Phase 0.328ms
[2026-06-17T10:05:56.613+0800][37.406s][info][gc,phases,start] GC(1469) Forward
[2026-06-17T10:05:56.613+0800][37.406s][info][gc,phases      ] GC(1469) Forward 0.579ms
[2026-06-17T10:05:56.614+0800][37.406s][info][gc,phases,start] GC(1469) Adjust Pointers
[2026-06-17T10:05:56.615+0800][37.408s][info][gc,phases      ] GC(1469) Adjust Pointers 1.046ms
[2026-06-17T10:05:56.615+0800][37.408s][info][gc,phases,start] GC(1469) Compaction Phase
[2026-06-17T10:05:56.617+0800][37.410s][info][gc,phases      ] GC(1469) Compaction Phase 1.989ms
[2026-06-17T10:05:56.617+0800][37.410s][info][gc,phases,start] GC(1469) Post Compact
[2026-06-17T10:05:56.618+0800][37.411s][info][gc,phases      ] GC(1469) Post Compact 0.322ms
[2026-06-17T10:05:56.618+0800][37.411s][info][gc,heap        ] GC(1469) PSYoungGen: 9258K(14336K)->0K(14336K) Eden: 7160K(7168K)->0K(7168K) From: 2098K(7168K)->0K(7168K)
[2026-06-17T10:05:56.619+0800][37.411s][info][gc,heap        ] GC(1469) ParOldGen: 41851K(44032K)->24178K(44032K)
[2026-06-17T10:05:56.619+0800][37.412s][info][gc,metaspace   ] GC(1469) Metaspace: 116K(320K)->116K(320K) NonClass: 109K(192K)->109K(192K) Class: 7K(128K)->7K(128K)
[2026-06-17T10:05:56.619+0800][37.412s][info][gc             ] GC(1469) Pause Full (Allocation Failure) 49M->23M(57M) 10.468ms
[2026-06-17T10:05:56.620+0800][37.413s][info][gc,cpu         ] GC(1469) User=0.01s Sys=0.00s Real=0.01s
[2026-06-17T10:05:56.631+0800][37.424s][info][gc,start       ] GC(1470) Pause Young (Allocation Failure)
[2026-06-17T10:05:56.633+0800][37.425s][info][gc,heap        ] GC(1470) PSYoungGen: 7151K(14336K)->6877K(14336K) Eden: 7151K(7168K)->0K(7168K) From: 0K(7168K)->6877K(7168K)
[2026-06-17T10:05:56.633+0800][37.426s][info][gc,heap        ] GC(1470) ParOldGen: 24178K(44032K)->24532K(44032K)
[2026-06-17T10:05:56.633+0800][37.426s][info][gc,metaspace   ] GC(1470) Metaspace: 116K(320K)->116K(320K) NonClass: 109K(192K)->109K(192K) Class: 7K(128K)->7K(128K)
[2026-06-17T10:05:56.634+0800][37.427s][info][gc             ] GC(1470) Pause Young (Allocation Failure) 30M->30M(57M) 2.875ms
[2026-06-17T10:05:56.634+0800][37.427s][info][gc,cpu         ] GC(1470) User=0.00s Sys=0.00s Real=0.00s
[2026-06-17T10:05:56.656+0800][37.449s][info][gc,start       ] GC(1471) Pause Young (Allocation Failure)
[2026-06-17T10:05:56.658+0800][37.451s][info][gc,heap        ] GC(1471) PSYoungGen: 14030K(14336K)->6877K(14336K) Eden: 7152K(7168K)->0K(7168K) From: 6877K(7168K)->6877K(7168K)
[2026-06-17T10:05:56.659+0800][37.452s][info][gc,heap        ] GC(1471) ParOldGen: 24532K(44032K)->24532K(44032K)
[2026-06-17T10:05:56.659+0800][37.452s][info][gc,metaspace   ] GC(1471) Metaspace: 116K(320K)->116K(320K) NonClass: 109K(192K)->109K(192K) Class: 7K(128K)->7K(128K)
[2026-06-17T10:05:56.660+0800][37.452s][info][gc             ] GC(1471) Pause Young (Allocation Failure) 37M->30M(57M) 3.538ms
[2026-06-17T10:05:56.660+0800][37.453s][info][gc,cpu         ] GC(1471) User=0.00s Sys=0.00s Real=0.00s
[2026-06-17T10:05:56.672+0800][37.464s][info][gc,start       ] GC(1472) Pause Young (Allocation Failure)
[2026-06-17T10:05:56.674+0800][37.466s][info][gc,heap        ] GC(1472) PSYoungGen: 14021K(14336K)->5277K(14336K) Eden: 7143K(7168K)->0K(7168K) From: 6877K(7168K)->5277K(7168K)
[2026-06-17T10:05:56.674+0800][37.467s][info][gc,heap        ] GC(1472) ParOldGen: 24532K(44032K)->29575K(44032K)
[2026-06-17T10:05:56.675+0800][37.467s][info][gc,metaspace   ] GC(1472) Metaspace: 116K(320K)->116K(320K) NonClass: 109K(192K)->109K(192K) Class: 7K(128K)->7K(128K)
[2026-06-17T10:05:56.675+0800][37.468s][info][gc             ] GC(1472) Pause Young (Allocation Failure) 37M->34M(57M) 3.264ms
[2026-06-17T10:05:56.675+0800][37.468s][info][gc,cpu         ] GC(1472) User=0.00s Sys=0.00s Real=0.00s
[2026-06-17T10:05:56.697+0800][37.490s][info][gc,start       ] GC(1473) Pause Young (Allocation Failure)
[2026-06-17T10:05:56.699+0800][37.492s][info][gc,heap        ] GC(1473) PSYoungGen: 12401K(14336K)->3447K(14336K) Eden: 7124K(7168K)->0K(7168K) From: 5277K(7168K)->3447K(7168K)
[2026-06-17T10:05:56.699+0800][37.492s][info][gc,heap        ] GC(1473) ParOldGen: 29575K(44032K)->31748K(44032K)
[2026-06-17T10:05:56.700+0800][37.493s][info][gc,metaspace   ] GC(1473) Metaspace: 116K(320K)->116K(320K) NonClass: 109K(192K)->109K(192K) Class: 7K(128K)->7K(128K)
[2026-06-17T10:05:56.700+0800][37.493s][info][gc             ] GC(1473) Pause Young (Allocation Failure) 40M->34M(57M) 3.662ms
[2026-06-17T10:05:56.701+0800][37.494s][info][gc,cpu         ] GC(1473) User=0.00s Sys=0.00s Real=0.00s
[2026-06-17T10:05:56.723+0800][37.516s][info][gc,start       ] GC(1474) Pause Young (Allocation Failure)
[2026-06-17T10:05:56.724+0800][37.517s][info][gc,heap        ] GC(1474) PSYoungGen: 10608K(14336K)->3669K(14336K) Eden: 7160K(7168K)->0K(7168K) From: 3447K(7168K)->3669K(7168K)
[2026-06-17T10:05:56.725+0800][37.518s][info][gc,heap        ] GC(1474) ParOldGen: 31748K(44032K)->31748K(44032K)
[2026-06-17T10:05:56.725+0800][37.518s][info][gc,metaspace   ] GC(1474) Metaspace: 116K(320K)->116K(320K) NonClass: 109K(192K)->109K(192K) Class: 7K(128K)->7K(128K)
[2026-06-17T10:05:56.726+0800][37.518s][info][gc             ] GC(1474) Pause Young (Allocation Failure) 41M->34M(57M) 2.771ms
[2026-06-17T10:05:56.726+0800][37.519s][info][gc,cpu         ] GC(1474) User=0.00s Sys=0.00s Real=0.00s
[2026-06-17T10:05:56.737+0800][37.530s][info][gc,start       ] GC(1475) Pause Young (Allocation Failure)
[2026-06-17T10:05:56.739+0800][37.532s][info][gc,heap        ] GC(1475) PSYoungGen: 10691K(14336K)->1417K(14336K) Eden: 7021K(7168K)->0K(7168K) From: 3669K(7168K)->1417K(7168K)
[2026-06-17T10:05:56.739+0800][37.532s][info][gc,heap        ] GC(1475) ParOldGen: 31748K(44032K)->33726K(44032K)
[2026-06-17T10:05:56.740+0800][37.533s][info][gc,metaspace   ] GC(1475) Metaspace: 116K(320K)->116K(320K) NonClass: 109K(192K)->109K(192K) Class: 7K(128K)->7K(128K)
[2026-06-17T10:05:56.741+0800][37.533s][info][gc             ] GC(1475) Pause Young (Allocation Failure) 41M->34M(57M) 3.036ms
[2026-06-17T10:05:56.741+0800][37.534s][info][gc,cpu         ] GC(1475) User=0.00s Sys=0.00s Real=0.00s
[2026-06-17T10:05:56.763+0800][37.556s][info][gc,start       ] GC(1476) Pause Young (Allocation Failure)
[2026-06-17T10:05:56.765+0800][37.558s][info][gc,heap        ] GC(1476) PSYoungGen: 8572K(14336K)->3890K(14336K) Eden: 7154K(7168K)->0K(7168K) From: 1417K(7168K)->3890K(7168K)
[2026-06-17T10:05:56.766+0800][37.559s][info][gc,heap        ] GC(1476) ParOldGen: 33726K(44032K)->35119K(44032K)
[2026-06-17T10:05:56.766+0800][37.559s][info][gc,metaspace   ] GC(1476) Metaspace: 116K(320K)->116K(320K) NonClass: 109K(192K)->109K(192K) Class: 7K(128K)->7K(128K)
[2026-06-17T10:05:56.767+0800][37.559s][info][gc             ] GC(1476) Pause Young (Allocation Failure) 41M->38M(57M) 3.714ms
[2026-06-17T10:05:56.767+0800][37.560s][info][gc,cpu         ] GC(1476) User=0.00s Sys=0.00s Real=0.00s
[2026-06-17T10:05:56.789+0800][37.582s][info][gc,start       ] GC(1477) Pause Young (Allocation Failure)
[2026-06-17T10:05:56.792+0800][37.585s][info][gc,heap        ] GC(1477) PSYoungGen: 11051K(14336K)->3362K(14336K) Eden: 7161K(7168K)->0K(7168K) From: 3890K(7168K)->3362K(7168K)
[2026-06-17T10:05:56.795+0800][37.588s][info][gc,heap        ] GC(1477) ParOldGen: 35119K(44032K)->35534K(44032K)
[2026-06-17T10:05:56.796+0800][37.589s][info][gc,metaspace   ] GC(1477) Metaspace: 116K(320K)->116K(320K) NonClass: 109K(192K)->109K(192K) Class: 7K(128K)->7K(128K)
[2026-06-17T10:05:56.797+0800][37.590s][info][gc             ] GC(1477) Pause Young (Allocation Failure) 45M->37M(57M) 7.691ms
[2026-06-17T10:05:56.799+0800][37.592s][info][gc,cpu         ] GC(1477) User=0.00s Sys=0.00s Real=0.01s
[2026-06-17T10:05:56.823+0800][37.615s][info][gc,start       ] GC(1478) Pause Young (Allocation Failure)
[2026-06-17T10:05:56.824+0800][37.617s][info][gc,heap        ] GC(1478) PSYoungGen: 10510K(14336K)->486K(14336K) Eden: 7148K(7168K)->0K(7168K) From: 3362K(7168K)->486K(7168K)
[2026-06-17T10:05:56.825+0800][37.618s][info][gc,heap        ] GC(1478) ParOldGen: 35534K(44032K)->38706K(44032K)
[2026-06-17T10:05:56.826+0800][37.619s][info][gc,metaspace   ] GC(1478) Metaspace: 116K(320K)->116K(320K) NonClass: 109K(192K)->109K(192K) Class: 7K(128K)->7K(128K)
[2026-06-17T10:05:56.826+0800][37.619s][info][gc             ] GC(1478) Pause Young (Allocation Failure) 44M->38M(57M) 3.794ms
[2026-06-17T10:05:56.827+0800][37.620s][info][gc,cpu         ] GC(1478) User=0.00s Sys=0.00s Real=0.00s
[2026-06-17T10:05:56.839+0800][37.632s][info][gc,start       ] GC(1479) Pause Young (Allocation Failure)
[2026-06-17T10:05:56.841+0800][37.633s][info][gc,heap        ] GC(1479) PSYoungGen: 7630K(14336K)->4119K(14336K) Eden: 7144K(7168K)->0K(7168K) From: 486K(7168K)->4119K(7168K)
[2026-06-17T10:05:56.841+0800][37.634s][info][gc,heap        ] GC(1479) ParOldGen: 38706K(44032K)->38706K(44032K)
[2026-06-17T10:05:56.842+0800][37.634s][info][gc,metaspace   ] GC(1479) Metaspace: 116K(320K)->116K(320K) NonClass: 109K(192K)->109K(192K) Class: 7K(128K)->7K(128K)
[2026-06-17T10:05:56.842+0800][37.635s][info][gc             ] GC(1479) Pause Young (Allocation Failure) 45M->41M(57M) 3.393ms
[2026-06-17T10:05:56.843+0800][37.636s][info][gc,cpu         ] GC(1479) User=0.01s Sys=0.00s Real=0.01s
[2026-06-17T10:05:56.865+0800][37.657s][info][gc,start       ] GC(1480) Pause Young (Allocation Failure)
[2026-06-17T10:05:56.870+0800][37.663s][info][gc,heap        ] GC(1480) PSYoungGen: 11267K(14336K)->2532K(14336K) Eden: 7148K(7168K)->0K(7168K) From: 4119K(7168K)->2532K(7168K)
[2026-06-17T10:05:56.886+0800][37.679s][info][gc,heap        ] GC(1480) ParOldGen: 38706K(44032K)->40396K(44032K)
[2026-06-17T10:05:56.887+0800][37.679s][info][gc,metaspace   ] GC(1480) Metaspace: 116K(320K)->116K(320K) NonClass: 109K(192K)->109K(192K) Class: 7K(128K)->7K(128K)
[2026-06-17T10:05:56.893+0800][37.686s][info][gc             ] GC(1480) Pause Young (Allocation Failure) 48M->41M(57M) 28.378ms
[2026-06-17T10:05:56.894+0800][37.687s][info][gc,cpu         ] GC(1480) User=0.00s Sys=0.00s Real=0.03s
[2026-06-17T10:05:56.923+0800][37.716s][info][gc,start       ] GC(1481) Pause Full (Allocation Failure)
[2026-06-17T10:05:56.965+0800][37.758s][info][gc,phases,start] GC(1481) Marking Phase
[2026-06-17T10:05:56.966+0800][37.759s][info][gc,phases      ] GC(1481) Marking Phase 1.168ms
[2026-06-17T10:05:56.968+0800][37.760s][info][gc,phases,start] GC(1481) Summary Phase
[2026-06-17T10:05:56.968+0800][37.761s][info][gc,phases      ] GC(1481) Summary Phase 0.524ms
[2026-06-17T10:05:56.969+0800][37.762s][info][gc,phases,start] GC(1481) Forward
[2026-06-17T10:05:56.972+0800][37.765s][info][gc,phases      ] GC(1481) Forward 2.448ms
[2026-06-17T10:05:56.972+0800][37.765s][info][gc,phases,start] GC(1481) Adjust Pointers
[2026-06-17T10:05:56.976+0800][37.769s][info][gc,phases      ] GC(1481) Adjust Pointers 3.477ms
[2026-06-17T10:05:56.978+0800][37.770s][info][gc,phases,start] GC(1481) Compaction Phase
[2026-06-17T10:05:56.982+0800][37.775s][info][gc,phases      ] GC(1481) Compaction Phase 4.144ms
[2026-06-17T10:05:56.998+0800][37.790s][info][gc,phases,start] GC(1481) Post Compact
[2026-06-17T10:05:56.998+0800][37.791s][info][gc,phases      ] GC(1481) Post Compact 0.660ms
[2026-06-17T10:05:56.999+0800][37.792s][info][gc,heap        ] GC(1481) PSYoungGen: 9686K(14336K)->0K(14336K) Eden: 7153K(7168K)->0K(7168K) From: 2532K(7168K)->0K(7168K)
[2026-06-17T10:05:57.004+0800][37.797s][info][gc,heap        ] GC(1481) ParOldGen: 40396K(44032K)->30085K(44032K)
[2026-06-17T10:05:57.005+0800][37.798s][info][gc,metaspace   ] GC(1481) Metaspace: 116K(320K)->116K(320K) NonClass: 109K(192K)->109K(192K) Class: 7K(128K)->7K(128K)
[2026-06-17T10:05:57.007+0800][37.800s][info][gc             ] GC(1481) Pause Full (Allocation Failure) 48M->29M(57M) 83.817ms
[2026-06-17T10:05:57.012+0800][37.805s][info][gc,cpu         ] GC(1481) User=0.00s Sys=0.00s Real=0.09s
[2026-06-17T10:05:57.024+0800][37.817s][info][gc,start       ] GC(1482) Pause Young (Allocation Failure)
[2026-06-17T10:05:57.025+0800][37.818s][info][gc,heap        ] GC(1482) PSYoungGen: 6846K(14336K)->3315K(14336K) Eden: 6846K(7168K)->0K(7168K) From: 0K(7168K)->3315K(7168K)
[2026-06-17T10:05:57.026+0800][37.819s][info][gc,heap        ] GC(1482) ParOldGen: 30085K(44032K)->30085K(44032K)
[2026-06-17T10:05:57.026+0800][37.819s][info][gc,metaspace   ] GC(1482) Metaspace: 116K(320K)->116K(320K) NonClass: 109K(192K)->109K(192K) Class: 7K(128K)->7K(128K)
[2026-06-17T10:05:57.027+0800][37.820s][info][gc             ] GC(1482) Pause Young (Allocation Failure) 36M->32M(57M) 2.865ms
[2026-06-17T10:05:57.028+0800][37.820s][info][gc,cpu         ] GC(1482) User=0.00s Sys=0.00s Real=0.00s
[2026-06-17T10:05:57.049+0800][37.842s][info][gc,start       ] GC(1483) Pause Young (Allocation Failure)
[2026-06-17T10:05:57.051+0800][37.844s][info][gc,heap        ] GC(1483) PSYoungGen: 10459K(14336K)->3717K(14336K) Eden: 7143K(7168K)->0K(7168K) From: 3315K(7168K)->3717K(7168K)
[2026-06-17T10:05:57.052+0800][37.845s][info][gc,heap        ] GC(1483) ParOldGen: 30085K(44032K)->33346K(44032K)
[2026-06-17T10:05:57.054+0800][37.846s][info][gc,metaspace   ] GC(1483) Metaspace: 116K(320K)->116K(320K) NonClass: 109K(192K)->109K(192K) Class: 7K(128K)->7K(128K)
[2026-06-17T10:05:57.056+0800][37.848s][info][gc             ] GC(1483) Pause Young (Allocation Failure) 39M->36M(57M) 6.558ms
[2026-06-17T10:05:57.056+0800][37.849s][info][gc,cpu         ] GC(1483) User=0.00s Sys=0.00s Real=0.01s
[2026-06-17T10:05:57.079+0800][37.872s][info][gc,start       ] GC(1484) Pause Young (Allocation Failure)
[2026-06-17T10:05:57.081+0800][37.874s][info][gc,heap        ] GC(1484) PSYoungGen: 10871K(14336K)->3853K(14336K) Eden: 7153K(7168K)->0K(7168K) From: 3717K(7168K)->3853K(7168K)
[2026-06-17T10:05:57.084+0800][37.877s][info][gc,heap        ] GC(1484) ParOldGen: 33346K(44032K)->33346K(44032K)
[2026-06-17T10:05:57.092+0800][37.884s][info][gc,metaspace   ] GC(1484) Metaspace: 116K(320K)->116K(320K) NonClass: 109K(192K)->109K(192K) Class: 7K(128K)->7K(128K)
[2026-06-17T10:05:57.092+0800][37.885s][info][gc             ] GC(1484) Pause Young (Allocation Failure) 43M->36M(57M) 13.328ms
[2026-06-17T10:05:57.095+0800][37.888s][info][gc,cpu         ] GC(1484) User=0.00s Sys=0.00s Real=0.02s
[2026-06-17T10:05:57.119+0800][37.911s][info][gc,start       ] GC(1485) Pause Young (Allocation Failure)
[2026-06-17T10:05:57.121+0800][37.913s][info][gc,heap        ] GC(1485) PSYoungGen: 11021K(14336K)->4393K(14336K) Eden: 7168K(7168K)->0K(7168K) From: 3853K(7168K)->4393K(7168K)
[2026-06-17T10:05:57.123+0800][37.915s][info][gc,heap        ] GC(1485) ParOldGen: 33346K(44032K)->33346K(44032K)
[2026-06-17T10:05:57.123+0800][37.916s][info][gc,metaspace   ] GC(1485) Metaspace: 116K(320K)->116K(320K) NonClass: 109K(192K)->109K(192K) Class: 7K(128K)->7K(128K)
[2026-06-17T10:05:57.123+0800][37.916s][info][gc             ] GC(1485) Pause Young (Allocation Failure) 43M->36M(57M) 4.491ms
[2026-06-17T10:05:57.123+0800][37.916s][info][gc,cpu         ] GC(1485) User=0.00s Sys=0.00s Real=0.01s
[2026-06-17T10:05:57.134+0800][37.927s][info][gc,start       ] GC(1486) Pause Young (Allocation Failure)
[2026-06-17T10:05:57.135+0800][37.928s][info][gc,heap        ] GC(1486) PSYoungGen: 11527K(14336K)->7103K(14336K) Eden: 7134K(7168K)->0K(7168K) From: 4393K(7168K)->7103K(7168K)
[2026-06-17T10:05:57.136+0800][37.929s][info][gc,heap        ] GC(1486) ParOldGen: 33346K(44032K)->34370K(44032K)
[2026-06-17T10:05:57.138+0800][37.931s][info][gc,metaspace   ] GC(1486) Metaspace: 116K(320K)->116K(320K) NonClass: 109K(192K)->109K(192K) Class: 7K(128K)->7K(128K)
[2026-06-17T10:05:57.139+0800][37.931s][info][gc             ] GC(1486) Pause Young (Allocation Failure) 43M->40M(57M) 4.400ms
[2026-06-17T10:05:57.139+0800][37.932s][info][gc,cpu         ] GC(1486) User=0.01s Sys=0.00s Real=0.00s
[2026-06-17T10:05:57.160+0800][37.953s][info][gc,start       ] GC(1487) Pause Young (Allocation Failure)
[2026-06-17T10:05:57.161+0800][37.954s][info][gc,heap        ] GC(1487) PSYoungGen: 14254K(14336K)->4284K(14336K) Eden: 7151K(7168K)->0K(7168K) From: 7103K(7168K)->4284K(7168K)
[2026-06-17T10:05:57.161+0800][37.954s][info][gc,heap        ] GC(1487) ParOldGen: 34370K(44032K)->37453K(44032K)
[2026-06-17T10:05:57.161+0800][37.954s][info][gc,metaspace   ] GC(1487) Metaspace: 116K(320K)->116K(320K) NonClass: 109K(192K)->109K(192K) Class: 7K(128K)->7K(128K)
[2026-06-17T10:05:57.161+0800][37.954s][info][gc             ] GC(1487) Pause Young (Allocation Failure) 47M->40M(57M) 1.553ms
[2026-06-17T10:05:57.162+0800][37.954s][info][gc,cpu         ] GC(1487) User=0.00s Sys=0.00s Real=0.00s
[2026-06-17T10:05:57.183+0800][37.975s][info][gc,start       ] GC(1488) Pause Young (Allocation Failure)
[2026-06-17T10:05:57.184+0800][37.976s][info][gc,heap        ] GC(1488) PSYoungGen: 11419K(14336K)->3565K(14336K) Eden: 7134K(7168K)->0K(7168K) From: 4284K(7168K)->3565K(7168K)
[2026-06-17T10:05:57.184+0800][37.977s][info][gc,heap        ] GC(1488) ParOldGen: 37453K(44032K)->38353K(44032K)
[2026-06-17T10:05:57.184+0800][37.977s][info][gc,metaspace   ] GC(1488) Metaspace: 116K(320K)->116K(320K) NonClass: 109K(192K)->109K(192K) Class: 7K(128K)->7K(128K)
[2026-06-17T10:05:57.184+0800][37.977s][info][gc             ] GC(1488) Pause Young (Allocation Failure) 47M->40M(57M) 1.365ms
[2026-06-17T10:05:57.184+0800][37.977s][info][gc,cpu         ] GC(1488) User=0.00s Sys=0.00s Real=0.00s
[2026-06-17T10:05:57.196+0800][37.988s][info][gc,start       ] GC(1489) Pause Young (Allocation Failure)
[2026-06-17T10:05:57.197+0800][37.990s][info][gc,heap        ] GC(1489) PSYoungGen: 10692K(14336K)->3702K(14336K) Eden: 7126K(7168K)->0K(7168K) From: 3565K(7168K)->3702K(7168K)
[2026-06-17T10:05:57.197+0800][37.990s][info][gc,heap        ] GC(1489) ParOldGen: 38353K(44032K)->38353K(44032K)
[2026-06-17T10:05:57.198+0800][37.991s][info][gc,metaspace   ] GC(1489) Metaspace: 116K(320K)->116K(320K) NonClass: 109K(192K)->109K(192K) Class: 7K(128K)->7K(128K)
[2026-06-17T10:05:57.198+0800][37.991s][info][gc             ] GC(1489) Pause Young (Allocation Failure) 47M->41M(57M) 2.792ms
[2026-06-17T10:05:57.199+0800][37.992s][info][gc,cpu         ] GC(1489) User=0.00s Sys=0.00s Real=0.00s
[2026-06-17T10:05:57.220+0800][38.013s][info][gc,start       ] GC(1490) Pause Young (Allocation Failure)
[2026-06-17T10:05:57.221+0800][38.014s][info][gc,heap        ] GC(1490) PSYoungGen: 10845K(14336K)->7156K(14336K) Eden: 7143K(7168K)->0K(7168K) From: 3702K(7168K)->7156K(7168K)
[2026-06-17T10:05:57.222+0800][38.015s][info][gc,heap        ] GC(1490) ParOldGen: 38353K(44032K)->38588K(44032K)
[2026-06-17T10:05:57.222+0800][38.015s][info][gc,metaspace   ] GC(1490) Metaspace: 116K(320K)->116K(320K) NonClass: 109K(192K)->109K(192K) Class: 7K(128K)->7K(128K)
[2026-06-17T10:05:57.223+0800][38.015s][info][gc             ] GC(1490) Pause Young (Allocation Failure) 48M->44M(57M) 2.450ms
[2026-06-17T10:05:57.223+0800][38.016s][info][gc,cpu         ] GC(1490) User=0.00s Sys=0.00s Real=0.01s
[2026-06-17T10:05:57.245+0800][38.037s][info][gc,start       ] GC(1491) Pause Young (Allocation Failure)
[2026-06-17T10:05:57.246+0800][38.039s][info][gc,heap        ] GC(1491) PSYoungGen: 14299K(14336K)->4152K(14336K) Eden: 7143K(7168K)->0K(7168K) From: 7156K(7168K)->4152K(7168K)
[2026-06-17T10:05:57.246+0800][38.039s][info][gc,heap        ] GC(1491) ParOldGen: 38588K(44032K)->41755K(44032K)
[2026-06-17T10:05:57.246+0800][38.039s][info][gc,metaspace   ] GC(1491) Metaspace: 116K(320K)->116K(320K) NonClass: 109K(192K)->109K(192K) Class: 7K(128K)->7K(128K)
[2026-06-17T10:05:57.246+0800][38.039s][info][gc             ] GC(1491) Pause Young (Allocation Failure) 51M->44M(57M) 1.955ms
[2026-06-17T10:05:57.247+0800][38.039s][info][gc,cpu         ] GC(1491) User=0.00s Sys=0.00s Real=0.00s
[2026-06-17T10:05:57.268+0800][38.061s][info][gc,start       ] GC(1492) Pause Full (Allocation Failure)
[2026-06-17T10:05:57.269+0800][38.061s][info][gc,phases,start] GC(1492) Marking Phase
[2026-06-17T10:05:57.269+0800][38.062s][info][gc,phases      ] GC(1492) Marking Phase 0.893ms
[2026-06-17T10:05:57.270+0800][38.062s][info][gc,phases,start] GC(1492) Summary Phase
[2026-06-17T10:05:57.270+0800][38.063s][info][gc,phases      ] GC(1492) Summary Phase 0.175ms
[2026-06-17T10:05:57.270+0800][38.063s][info][gc,phases,start] GC(1492) Forward
[2026-06-17T10:05:57.270+0800][38.063s][info][gc,phases      ] GC(1492) Forward 0.375ms
[2026-06-17T10:05:57.271+0800][38.063s][info][gc,phases,start] GC(1492) Adjust Pointers
[2026-06-17T10:05:57.271+0800][38.064s][info][gc,phases      ] GC(1492) Adjust Pointers 0.514ms
[2026-06-17T10:05:57.271+0800][38.064s][info][gc,phases,start] GC(1492) Compaction Phase
[2026-06-17T10:05:57.273+0800][38.066s][info][gc,phases      ] GC(1492) Compaction Phase 1.496ms
[2026-06-17T10:05:57.273+0800][38.066s][info][gc,phases,start] GC(1492) Post Compact
[2026-06-17T10:05:57.273+0800][38.066s][info][gc,phases      ] GC(1492) Post Compact 0.226ms
[2026-06-17T10:05:57.274+0800][38.066s][info][gc,heap        ] GC(1492) PSYoungGen: 11279K(14336K)->0K(14336K) Eden: 7127K(7168K)->0K(7168K) From: 4152K(7168K)->0K(7168K)
[2026-06-17T10:05:57.274+0800][38.066s][info][gc,heap        ] GC(1492) ParOldGen: 41755K(44032K)->31855K(44032K)
[2026-06-17T10:05:57.274+0800][38.067s][info][gc,metaspace   ] GC(1492) Metaspace: 116K(320K)->116K(320K) NonClass: 109K(192K)->109K(192K) Class: 7K(128K)->7K(128K)
[2026-06-17T10:05:57.274+0800][38.067s][info][gc             ] GC(1492) Pause Full (Allocation Failure) 51M->31M(57M) 6.046ms
[2026-06-17T10:05:57.274+0800][38.067s][info][gc,cpu         ] GC(1492) User=0.00s Sys=0.00s Real=0.01s
[2026-06-17T10:05:57.285+0800][38.078s][info][gc,start       ] GC(1493) Pause Young (Allocation Failure)
[2026-06-17T10:05:57.286+0800][38.079s][info][gc,heap        ] GC(1493) PSYoungGen: 7149K(14336K)->6891K(14336K) Eden: 7149K(7168K)->0K(7168K) From: 0K(7168K)->6891K(7168K)
[2026-06-17T10:05:57.287+0800][38.079s][info][gc,heap        ] GC(1493) ParOldGen: 31855K(44032K)->32161K(44032K)
[2026-06-17T10:05:57.287+0800][38.080s][info][gc,metaspace   ] GC(1493) Metaspace: 116K(320K)->116K(320K) NonClass: 109K(192K)->109K(192K) Class: 7K(128K)->7K(128K)
[2026-06-17T10:05:57.287+0800][38.080s][info][gc             ] GC(1493) Pause Young (Allocation Failure) 38M->38M(57M) 1.907ms
[2026-06-17T10:05:57.287+0800][38.080s][info][gc,cpu         ] GC(1493) User=0.00s Sys=0.00s Real=0.00s
[2026-06-17T10:05:57.308+0800][38.101s][info][gc,start       ] GC(1494) Pause Young (Allocation Failure)
[2026-06-17T10:05:57.310+0800][38.103s][info][gc,heap        ] GC(1494) PSYoungGen: 14039K(14336K)->2932K(14336K) Eden: 7147K(7168K)->0K(7168K) From: 6891K(7168K)->2932K(7168K)
[2026-06-17T10:05:57.310+0800][38.103s][info][gc,heap        ] GC(1494) ParOldGen: 32161K(44032K)->36534K(44032K)
[2026-06-17T10:05:57.311+0800][38.103s][info][gc,metaspace   ] GC(1494) Metaspace: 116K(320K)->116K(320K) NonClass: 109K(192K)->109K(192K) Class: 7K(128K)->7K(128K)
[2026-06-17T10:05:57.311+0800][38.104s][info][gc             ] GC(1494) Pause Young (Allocation Failure) 45M->38M(57M) 2.450ms
[2026-06-17T10:05:57.311+0800][38.104s][info][gc,cpu         ] GC(1494) User=0.00s Sys=0.00s Real=0.01s
[2026-06-17T10:05:57.332+0800][38.125s][info][gc,start       ] GC(1495) Pause Young (Allocation Failure)
[2026-06-17T10:05:57.334+0800][38.127s][info][gc,heap        ] GC(1495) PSYoungGen: 10077K(14336K)->3214K(14336K) Eden: 7145K(7168K)->0K(7168K) From: 2932K(7168K)->3214K(7168K)
[2026-06-17T10:05:57.334+0800][38.127s][info][gc,heap        ] GC(1495) ParOldGen: 36534K(44032K)->36534K(44032K)
[2026-06-17T10:05:57.335+0800][38.127s][info][gc,metaspace   ] GC(1495) Metaspace: 116K(320K)->116K(320K) NonClass: 109K(192K)->109K(192K) Class: 7K(128K)->7K(128K)
[2026-06-17T10:05:57.335+0800][38.128s][info][gc             ] GC(1495) Pause Young (Allocation Failure) 45M->38M(57M) 2.443ms
[2026-06-17T10:05:57.335+0800][38.128s][info][gc,cpu         ] GC(1495) User=0.00s Sys=0.00s Real=0.00s
[2026-06-17T10:05:57.347+0800][38.139s][info][gc,start       ] GC(1496) Pause Young (Allocation Failure)
[2026-06-17T10:05:57.347+0800][38.140s][info][gc,heap        ] GC(1496) PSYoungGen: 10179K(14336K)->834K(14336K) Eden: 6964K(7168K)->0K(7168K) From: 3214K(7168K)->834K(7168K)
[2026-06-17T10:05:57.348+0800][38.141s][info][gc,heap        ] GC(1496) ParOldGen: 36534K(44032K)->38621K(44032K)
[2026-06-17T10:05:57.348+0800][38.141s][info][gc,metaspace   ] GC(1496) Metaspace: 116K(320K)->116K(320K) NonClass: 109K(192K)->109K(192K) Class: 7K(128K)->7K(128K)
[2026-06-17T10:05:57.348+0800][38.141s][info][gc             ] GC(1496) Pause Young (Allocation Failure) 45M->38M(57M) 1.810ms
[2026-06-17T10:05:57.349+0800][38.141s][info][gc,cpu         ] GC(1496) User=0.00s Sys=0.00s Real=0.00s
[2026-06-17T10:05:57.370+0800][38.163s][info][gc,start       ] GC(1497) Pause Young (Allocation Failure)
[2026-06-17T10:05:57.372+0800][38.164s][info][gc,heap        ] GC(1497) PSYoungGen: 7978K(14336K)->4436K(14336K) Eden: 7144K(7168K)->0K(7168K) From: 834K(7168K)->4436K(7168K)
[2026-06-17T10:05:57.372+0800][38.165s][info][gc,heap        ] GC(1497) ParOldGen: 38621K(44032K)->38621K(44032K)
[2026-06-17T10:05:57.372+0800][38.165s][info][gc,metaspace   ] GC(1497) Metaspace: 116K(320K)->116K(320K) NonClass: 109K(192K)->109K(192K) Class: 7K(128K)->7K(128K)
[2026-06-17T10:05:57.372+0800][38.165s][info][gc             ] GC(1497) Pause Young (Allocation Failure) 45M->42M(57M) 2.151ms
[2026-06-17T10:05:57.373+0800][38.166s][info][gc,cpu         ] GC(1497) User=0.00s Sys=0.00s Real=0.01s
[2026-06-17T10:05:57.384+0800][38.176s][info][gc,start       ] GC(1498) Pause Young (Allocation Failure)
[2026-06-17T10:05:57.384+0800][38.177s][info][gc,heap        ] GC(1498) PSYoungGen: 11448K(14336K)->1458K(14336K) Eden: 7011K(7168K)->0K(7168K) From: 4436K(7168K)->1458K(7168K)
[2026-06-17T10:05:57.385+0800][38.177s][info][gc,heap        ] GC(1498) ParOldGen: 38621K(44032K)->41608K(44032K)
[2026-06-17T10:05:57.385+0800][38.178s][info][gc,metaspace   ] GC(1498) Metaspace: 116K(320K)->116K(320K) NonClass: 109K(192K)->109K(192K) Class: 7K(128K)->7K(128K)
[2026-06-17T10:05:57.385+0800][38.178s][info][gc             ] GC(1498) Pause Young (Allocation Failure) 48M->42M(57M) 1.442ms
[2026-06-17T10:05:57.385+0800][38.178s][info][gc,cpu         ] GC(1498) User=0.00s Sys=0.00s Real=0.00s
[2026-06-17T10:05:57.407+0800][38.200s][info][gc,start       ] GC(1499) Pause Full (Allocation Failure)
[2026-06-17T10:05:57.408+0800][38.200s][info][gc,phases,start] GC(1499) Marking Phase
[2026-06-17T10:05:57.410+0800][38.203s][info][gc,phases      ] GC(1499) Marking Phase 2.239ms
[2026-06-17T10:05:57.410+0800][38.203s][info][gc,phases,start] GC(1499) Summary Phase
[2026-06-17T10:05:57.411+0800][38.203s][info][gc,phases      ] GC(1499) Summary Phase 0.408ms
[2026-06-17T10:05:57.411+0800][38.204s][info][gc,phases,start] GC(1499) Forward
[2026-06-17T10:05:57.412+0800][38.204s][info][gc,phases      ] GC(1499) Forward 0.558ms
[2026-06-17T10:05:57.412+0800][38.205s][info][gc,phases,start] GC(1499) Adjust Pointers
[2026-06-17T10:05:57.413+0800][38.206s][info][gc,phases      ] GC(1499) Adjust Pointers 1.254ms
[2026-06-17T10:05:57.414+0800][38.206s][info][gc,phases,start] GC(1499) Compaction Phase
[2026-06-17T10:05:57.416+0800][38.209s][info][gc,phases      ] GC(1499) Compaction Phase 2.381ms
[2026-06-17T10:05:57.417+0800][38.210s][info][gc,phases,start] GC(1499) Post Compact
[2026-06-17T10:05:57.417+0800][38.210s][info][gc,phases      ] GC(1499) Post Compact 0.370ms
[2026-06-17T10:05:57.418+0800][38.210s][info][gc,heap        ] GC(1499) PSYoungGen: 8623K(14336K)->0K(14336K) Eden: 7164K(7168K)->0K(7168K) From: 1458K(7168K)->0K(7168K)
[2026-06-17T10:05:57.418+0800][38.211s][info][gc,heap        ] GC(1499) ParOldGen: 41608K(44032K)->34174K(44032K)
[2026-06-17T10:05:57.418+0800][38.211s][info][gc,metaspace   ] GC(1499) Metaspace: 116K(320K)->116K(320K) NonClass: 109K(192K)->109K(192K) Class: 7K(128K)->7K(128K)
[2026-06-17T10:05:57.418+0800][38.211s][info][gc             ] GC(1499) Pause Full (Allocation Failure) 49M->33M(57M) 11.340ms
[2026-06-17T10:05:57.419+0800][38.211s][info][gc,cpu         ] GC(1499) User=0.01s Sys=0.00s Real=0.01s
[2026-06-17T10:05:57.440+0800][38.233s][info][gc,start       ] GC(1500) Pause Young (Allocation Failure)
[2026-06-17T10:05:57.442+0800][38.235s][info][gc,heap        ] GC(1500) PSYoungGen: 7117K(14336K)->3788K(14336K) Eden: 7117K(7168K)->0K(7168K) From: 0K(7168K)->3788K(7168K)
[2026-06-17T10:05:57.443+0800][38.235s][info][gc,heap        ] GC(1500) ParOldGen: 34174K(44032K)->34174K(44032K)
[2026-06-17T10:05:57.443+0800][38.236s][info][gc,metaspace   ] GC(1500) Metaspace: 116K(320K)->116K(320K) NonClass: 109K(192K)->109K(192K) Class: 7K(128K)->7K(128K)
[2026-06-17T10:05:57.444+0800][38.237s][info][gc             ] GC(1500) Pause Young (Allocation Failure) 40M->37M(57M) 3.679ms
[2026-06-17T10:05:57.445+0800][38.237s][info][gc,cpu         ] GC(1500) User=0.00s Sys=0.00s Real=0.01s
[2026-06-17T10:05:57.467+0800][38.260s][info][gc,start       ] GC(1501) Pause Young (Allocation Failure)
[2026-06-17T10:05:57.469+0800][38.262s][info][gc,heap        ] GC(1501) PSYoungGen: 10935K(14336K)->1663K(14336K) Eden: 7147K(7168K)->0K(7168K) From: 3788K(7168K)->1663K(7168K)
[2026-06-17T10:05:57.470+0800][38.262s][info][gc,heap        ] GC(1501) ParOldGen: 34174K(44032K)->36514K(44032K)
[2026-06-17T10:05:57.470+0800][38.263s][info][gc,metaspace   ] GC(1501) Metaspace: 116K(320K)->116K(320K) NonClass: 109K(192K)->109K(192K) Class: 7K(128K)->7K(128K)
[2026-06-17T10:05:57.471+0800][38.264s][info][gc             ] GC(1501) Pause Young (Allocation Failure) 44M->37M(57M) 4.247ms
[2026-06-17T10:05:57.472+0800][38.264s][info][gc,cpu         ] GC(1501) User=0.00s Sys=0.01s Real=0.01s
[2026-06-17T10:05:57.484+0800][38.276s][info][gc,start       ] GC(1502) Pause Young (Allocation Failure)
[2026-06-17T10:05:57.486+0800][38.279s][info][gc,heap        ] GC(1502) PSYoungGen: 8822K(14336K)->5347K(14336K) Eden: 7159K(7168K)->0K(7168K) From: 1663K(7168K)->5347K(7168K)
[2026-06-17T10:05:57.487+0800][38.279s][info][gc,heap        ] GC(1502) ParOldGen: 36514K(44032K)->36514K(44032K)
[2026-06-17T10:05:57.489+0800][38.282s][info][gc,metaspace   ] GC(1502) Metaspace: 116K(320K)->116K(320K) NonClass: 109K(192K)->109K(192K) Class: 7K(128K)->7K(128K)
[2026-06-17T10:05:57.490+0800][38.283s][info][gc             ] GC(1502) Pause Young (Allocation Failure) 44M->40M(57M) 6.436ms
[2026-06-17T10:05:57.490+0800][38.283s][info][gc,cpu         ] GC(1502) User=0.00s Sys=0.00s Real=0.00s
[2026-06-17T10:05:57.513+0800][38.305s][info][gc,start       ] GC(1503) Pause Young (Allocation Failure)
[2026-06-17T10:05:57.514+0800][38.307s][info][gc,heap        ] GC(1503) PSYoungGen: 12499K(14336K)->3221K(14336K) Eden: 7151K(7168K)->0K(7168K) From: 5347K(7168K)->3221K(7168K)
[2026-06-17T10:05:57.515+0800][38.307s][info][gc,heap        ] GC(1503) ParOldGen: 36514K(44032K)->38690K(44032K)
[2026-06-17T10:05:57.515+0800][38.308s][info][gc,metaspace   ] GC(1503) Metaspace: 116K(320K)->116K(320K) NonClass: 109K(192K)->109K(192K) Class: 7K(128K)->7K(128K)
[2026-06-17T10:05:57.516+0800][38.309s][info][gc             ] GC(1503) Pause Young (Allocation Failure) 47M->40M(57M) 3.216ms
[2026-06-17T10:05:57.516+0800][38.309s][info][gc,cpu         ] GC(1503) User=0.01s Sys=0.00s Real=0.00s
[2026-06-17T10:05:57.538+0800][38.331s][info][gc,start       ] GC(1504) Pause Young (Allocation Failure)
[2026-06-17T10:05:57.541+0800][38.333s][info][gc,heap        ] GC(1504) PSYoungGen: 10350K(14336K)->3468K(14336K) Eden: 7128K(7168K)->0K(7168K) From: 3221K(7168K)->3468K(7168K)
[2026-06-17T10:05:57.541+0800][38.334s][info][gc,heap        ] GC(1504) ParOldGen: 38690K(44032K)->38690K(44032K)
[2026-06-17T10:05:57.542+0800][38.335s][info][gc,metaspace   ] GC(1504) Metaspace: 116K(320K)->116K(320K) NonClass: 109K(192K)->109K(192K) Class: 7K(128K)->7K(128K)
[2026-06-17T10:05:57.542+0800][38.335s][info][gc             ] GC(1504) Pause Young (Allocation Failure) 47M->41M(57M) 4.223ms
[2026-06-17T10:05:57.543+0800][38.336s][info][gc,cpu         ] GC(1504) User=0.00s Sys=0.00s Real=0.01s
[2026-06-17T10:05:57.555+0800][38.348s][info][gc,start       ] GC(1505) Pause Young (Allocation Failure)
[2026-06-17T10:05:57.557+0800][38.349s][info][gc,heap        ] GC(1505) PSYoungGen: 10477K(14336K)->3712K(14336K) Eden: 7009K(7168K)->0K(7168K) From: 3468K(7168K)->3712K(7168K)
[2026-06-17T10:05:57.557+0800][38.350s][info][gc,heap        ] GC(1505) ParOldGen: 38690K(44032K)->38690K(44032K)
[2026-06-17T10:05:57.558+0800][38.350s][info][gc,metaspace   ] GC(1505) Metaspace: 116K(320K)->116K(320K) NonClass: 109K(192K)->109K(192K) Class: 7K(128K)->7K(128K)
[2026-06-17T10:05:57.558+0800][38.351s][info][gc             ] GC(1505) Pause Young (Allocation Failure) 48M->41M(57M) 3.410ms
[2026-06-17T10:05:57.559+0800][38.352s][info][gc,cpu         ] GC(1505) User=0.00s Sys=0.00s Real=0.00s
[2026-06-17T10:05:57.581+0800][38.374s][info][gc,start       ] GC(1506) Pause Young (Allocation Failure)
[2026-06-17T10:05:57.584+0800][38.377s][info][gc,heap        ] GC(1506) PSYoungGen: 10862K(14336K)->7073K(14336K) Eden: 7150K(7168K)->0K(7168K) From: 3712K(7168K)->7073K(7168K)
[2026-06-17T10:05:57.586+0800][38.378s][info][gc,heap        ] GC(1506) ParOldGen: 38690K(44032K)->38690K(44032K)
[2026-06-17T10:05:57.586+0800][38.379s][info][gc,metaspace   ] GC(1506) Metaspace: 116K(320K)->116K(320K) NonClass: 109K(192K)->109K(192K) Class: 7K(128K)->7K(128K)
[2026-06-17T10:05:57.587+0800][38.380s][info][gc             ] GC(1506) Pause Young (Allocation Failure) 48M->44M(57M) 5.603ms
[2026-06-17T10:05:57.587+0800][38.380s][info][gc,cpu         ] GC(1506) User=0.00s Sys=0.00s Real=0.01s
[2026-06-17T10:05:57.599+0800][38.392s][info][gc,start       ] GC(1507) Pause Young (Allocation Failure)
[2026-06-17T10:05:57.601+0800][38.394s][info][gc,heap        ] GC(1507) PSYoungGen: 14169K(14336K)->3135K(14336K) Eden: 7095K(7168K)->0K(7168K) From: 7073K(7168K)->3135K(7168K)
[2026-06-17T10:05:57.602+0800][38.395s][info][gc,heap        ] GC(1507) ParOldGen: 38690K(44032K)->42355K(44032K)
[2026-06-17T10:05:57.603+0800][38.395s][info][gc,metaspace   ] GC(1507) Metaspace: 116K(320K)->116K(320K) NonClass: 109K(192K)->109K(192K) Class: 7K(128K)->7K(128K)
[2026-06-17T10:05:57.603+0800][38.396s][info][gc             ] GC(1507) Pause Young (Allocation Failure) 51M->44M(57M) 3.973ms
[2026-06-17T10:05:57.604+0800][38.396s][info][gc,cpu         ] GC(1507) User=0.00s Sys=0.00s Real=0.01s
[2026-06-17T10:05:57.626+0800][38.419s][info][gc,start       ] GC(1508) Pause Full (Allocation Failure)
[2026-06-17T10:05:57.627+0800][38.420s][info][gc,phases,start] GC(1508) Marking Phase
[2026-06-17T10:05:57.630+0800][38.423s][info][gc,phases      ] GC(1508) Marking Phase 2.963ms
[2026-06-17T10:05:57.631+0800][38.424s][info][gc,phases,start] GC(1508) Summary Phase
[2026-06-17T10:05:57.632+0800][38.425s][info][gc,phases      ] GC(1508) Summary Phase 0.876ms
[2026-06-17T10:05:57.633+0800][38.425s][info][gc,phases,start] GC(1508) Forward
[2026-06-17T10:05:57.633+0800][38.426s][info][gc,phases      ] GC(1508) Forward 0.809ms
[2026-06-17T10:05:57.634+0800][38.427s][info][gc,phases,start] GC(1508) Adjust Pointers
[2026-06-17T10:05:57.636+0800][38.428s][info][gc,phases      ] GC(1508) Adjust Pointers 1.532ms
[2026-06-17T10:05:57.636+0800][38.429s][info][gc,phases,start] GC(1508) Compaction Phase
[2026-06-17T10:05:57.639+0800][38.431s][info][gc,phases      ] GC(1508) Compaction Phase 2.472ms
[2026-06-17T10:05:57.639+0800][38.432s][info][gc,phases,start] GC(1508) Post Compact
[2026-06-17T10:05:57.640+0800][38.432s][info][gc,phases      ] GC(1508) Post Compact 0.334ms
[2026-06-17T10:05:57.640+0800][38.433s][info][gc,heap        ] GC(1508) PSYoungGen: 10300K(14336K)->0K(14336K) Eden: 7165K(7168K)->0K(7168K) From: 3135K(7168K)->0K(7168K)
[2026-06-17T10:05:57.640+0800][38.433s][info][gc,heap        ] GC(1508) ParOldGen: 42355K(44032K)->36319K(44032K)
[2026-06-17T10:05:57.640+0800][38.433s][info][gc,metaspace   ] GC(1508) Metaspace: 116K(320K)->116K(320K) NonClass: 109K(192K)->109K(192K) Class: 7K(128K)->7K(128K)
[2026-06-17T10:05:57.641+0800][38.433s][info][gc             ] GC(1508) Pause Full (Allocation Failure) 51M->35M(57M) 14.520ms
[2026-06-17T10:05:57.641+0800][38.434s][info][gc,cpu         ] GC(1508) User=0.01s Sys=0.00s Real=0.01s
[2026-06-17T10:05:57.662+0800][38.455s][info][gc,start       ] GC(1509) Pause Young (Allocation Failure)
[2026-06-17T10:05:57.666+0800][38.459s][info][gc,heap        ] GC(1509) PSYoungGen: 7165K(14336K)->3899K(14336K) Eden: 7165K(7168K)->0K(7168K) From: 0K(7168K)->3899K(7168K)
[2026-06-17T10:05:57.672+0800][38.465s][info][gc,heap        ] GC(1509) ParOldGen: 36319K(44032K)->36319K(44032K)
[2026-06-17T10:05:57.678+0800][38.471s][info][gc,metaspace   ] GC(1509) Metaspace: 116K(320K)->116K(320K) NonClass: 109K(192K)->109K(192K) Class: 7K(128K)->7K(128K)
[2026-06-17T10:05:57.681+0800][38.474s][info][gc             ] GC(1509) Pause Young (Allocation Failure) 42M->39M(57M) 19.424ms
[2026-06-17T10:05:57.683+0800][38.476s][info][gc,cpu         ] GC(1509) User=0.00s Sys=0.00s Real=0.03s
[2026-06-17T10:05:57.705+0800][38.498s][info][gc,start       ] GC(1510) Pause Young (Allocation Failure)
[2026-06-17T10:05:57.707+0800][38.500s][info][gc,heap        ] GC(1510) PSYoungGen: 11055K(14336K)->4014K(14336K) Eden: 7155K(7168K)->0K(7168K) From: 3899K(7168K)->4014K(7168K)
[2026-06-17T10:05:57.707+0800][38.500s][info][gc,heap        ] GC(1510) ParOldGen: 36319K(44032K)->36319K(44032K)
[2026-06-17T10:05:57.709+0800][38.502s][info][gc,metaspace   ] GC(1510) Metaspace: 116K(320K)->116K(320K) NonClass: 109K(192K)->109K(192K) Class: 7K(128K)->7K(128K)
[2026-06-17T10:05:57.709+0800][38.502s][info][gc             ] GC(1510) Pause Young (Allocation Failure) 46M->39M(57M) 3.572ms
[2026-06-17T10:05:57.709+0800][38.502s][info][gc,cpu         ] GC(1510) User=0.00s Sys=0.00s Real=0.00s
[2026-06-17T10:05:57.721+0800][38.514s][info][gc,start       ] GC(1511) Pause Young (Allocation Failure)
[2026-06-17T10:05:57.727+0800][38.520s][info][gc,heap        ] GC(1511) PSYoungGen: 11180K(14336K)->7130K(14336K) Eden: 7166K(7168K)->0K(7168K) From: 4014K(7168K)->7130K(7168K)
[2026-06-17T10:05:57.732+0800][38.525s][info][gc,heap        ] GC(1511) ParOldGen: 36319K(44032K)->37014K(44032K)
[2026-06-17T10:05:57.735+0800][38.527s][info][gc,metaspace   ] GC(1511) Metaspace: 116K(320K)->116K(320K) NonClass: 109K(192K)->109K(192K) Class: 7K(128K)->7K(128K)
[2026-06-17T10:05:57.736+0800][38.528s][info][gc             ] GC(1511) Pause Young (Allocation Failure) 46M->43M(57M) 14.076ms
[2026-06-17T10:05:57.736+0800][38.529s][info][gc,cpu         ] GC(1511) User=0.00s Sys=0.00s Real=0.02s
[2026-06-17T10:05:57.763+0800][38.556s][info][gc,start       ] GC(1512) Pause Young (Allocation Failure)
[2026-06-17T10:05:57.766+0800][38.558s][info][gc,heap        ] GC(1512) PSYoungGen: 14225K(14336K)->2089K(14336K) Eden: 7094K(7168K)->0K(7168K) From: 7130K(7168K)->2089K(7168K)
[2026-06-17T10:05:57.769+0800][38.562s][info][gc,heap        ] GC(1512) ParOldGen: 37014K(44032K)->38753K(44032K)
[2026-06-17T10:05:57.771+0800][38.564s][info][gc,metaspace   ] GC(1512) Metaspace: 116K(320K)->116K(320K) NonClass: 109K(192K)->109K(192K) Class: 7K(128K)->7K(128K)
[2026-06-17T10:05:57.772+0800][38.565s][info][gc             ] GC(1512) Pause Young (Allocation Failure) 50M->39M(57M) 9.367ms
[2026-06-17T10:05:57.773+0800][38.566s][info][gc,cpu         ] GC(1512) User=0.00s Sys=0.00s Real=0.01s
[2026-06-17T10:05:57.795+0800][38.588s][info][gc,start       ] GC(1513) Pause Young (Allocation Failure)
[2026-06-17T10:05:57.796+0800][38.588s][info][gc,heap        ] GC(1513) PSYoungGen: 9235K(14336K)->3582K(14336K) Eden: 7146K(7168K)->0K(7168K) From: 2089K(7168K)->3582K(7168K)
[2026-06-17T10:05:57.796+0800][38.589s][info][gc,heap        ] GC(1513) ParOldGen: 38753K(44032K)->40826K(44032K)
[2026-06-17T10:05:57.796+0800][38.589s][info][gc,metaspace   ] GC(1513) Metaspace: 116K(320K)->116K(320K) NonClass: 109K(192K)->109K(192K) Class: 7K(128K)->7K(128K)
[2026-06-17T10:05:57.796+0800][38.589s][info][gc             ] GC(1513) Pause Young (Allocation Failure) 46M->43M(57M) 1.422ms
[2026-06-17T10:05:57.796+0800][38.589s][info][gc,cpu         ] GC(1513) User=0.00s Sys=0.00s Real=0.00s
[2026-06-17T10:05:57.807+0800][38.600s][info][gc,start       ] GC(1514) Pause Full (Allocation Failure)
[2026-06-17T10:05:57.807+0800][38.600s][info][gc,phases,start] GC(1514) Marking Phase
[2026-06-17T10:05:57.808+0800][38.601s][info][gc,phases      ] GC(1514) Marking Phase 0.949ms
[2026-06-17T10:05:57.812+0800][38.604s][info][gc,phases,start] GC(1514) Summary Phase
[2026-06-17T10:05:57.812+0800][38.605s][info][gc,phases      ] GC(1514) Summary Phase 0.373ms
[2026-06-17T10:05:57.812+0800][38.605s][info][gc,phases,start] GC(1514) Forward
[2026-06-17T10:05:57.813+0800][38.605s][info][gc,phases      ] GC(1514) Forward 0.267ms
[2026-06-17T10:05:57.813+0800][38.606s][info][gc,phases,start] GC(1514) Adjust Pointers
[2026-06-17T10:05:57.813+0800][38.606s][info][gc,phases      ] GC(1514) Adjust Pointers 0.572ms
[2026-06-17T10:05:57.814+0800][38.606s][info][gc,phases,start] GC(1514) Compaction Phase
[2026-06-17T10:05:57.815+0800][38.608s][info][gc,phases      ] GC(1514) Compaction Phase 1.310ms
[2026-06-17T10:05:57.815+0800][38.608s][info][gc,phases,start] GC(1514) Post Compact
[2026-06-17T10:05:57.816+0800][38.609s][info][gc,phases      ] GC(1514) Post Compact 0.462ms
[2026-06-17T10:05:57.816+0800][38.609s][info][gc,heap        ] GC(1514) PSYoungGen: 10419K(14336K)->0K(14336K) Eden: 6836K(7168K)->0K(7168K) From: 3582K(7168K)->0K(7168K)
[2026-06-17T10:05:57.818+0800][38.611s][info][gc,heap        ] GC(1514) ParOldGen: 40826K(44032K)->30605K(44032K)
[2026-06-17T10:05:57.819+0800][38.612s][info][gc,metaspace   ] GC(1514) Metaspace: 116K(320K)->116K(320K) NonClass: 109K(192K)->109K(192K) Class: 7K(128K)->7K(128K)
[2026-06-17T10:05:57.820+0800][38.612s][info][gc             ] GC(1514) Pause Full (Allocation Failure) 50M->29M(57M) 12.573ms
[2026-06-17T10:05:57.822+0800][38.615s][info][gc,cpu         ] GC(1514) User=0.01s Sys=0.00s Real=0.01s
[2026-06-17T10:05:57.846+0800][38.639s][info][gc,start       ] GC(1515) Pause Young (Allocation Failure)
[2026-06-17T10:05:57.847+0800][38.640s][info][gc,heap        ] GC(1515) PSYoungGen: 7165K(14336K)->3800K(14336K) Eden: 7165K(7168K)->0K(7168K) From: 0K(7168K)->3800K(7168K)
[2026-06-17T10:05:57.848+0800][38.640s][info][gc,heap        ] GC(1515) ParOldGen: 30605K(44032K)->30605K(44032K)
[2026-06-17T10:05:57.848+0800][38.641s][info][gc,metaspace   ] GC(1515) Metaspace: 116K(320K)->116K(320K) NonClass: 109K(192K)->109K(192K) Class: 7K(128K)->7K(128K)
[2026-06-17T10:05:57.848+0800][38.641s][info][gc             ] GC(1515) Pause Young (Allocation Failure) 36M->33M(57M) 1.579ms
[2026-06-17T10:05:57.848+0800][38.641s][info][gc,cpu         ] GC(1515) User=0.00s Sys=0.00s Real=0.00s
[2026-06-17T10:05:57.869+0800][38.662s][info][gc,start       ] GC(1516) Pause Young (Allocation Failure)
[2026-06-17T10:05:57.870+0800][38.663s][info][gc,heap        ] GC(1516) PSYoungGen: 10934K(14336K)->4108K(14336K) Eden: 7134K(7168K)->0K(7168K) From: 3800K(7168K)->4108K(7168K)
[2026-06-17T10:05:57.870+0800][38.663s][info][gc,heap        ] GC(1516) ParOldGen: 30605K(44032K)->30605K(44032K)
[2026-06-17T10:05:57.871+0800][38.663s][info][gc,metaspace   ] GC(1516) Metaspace: 116K(320K)->116K(320K) NonClass: 109K(192K)->109K(192K) Class: 7K(128K)->7K(128K)
[2026-06-17T10:05:57.871+0800][38.664s][info][gc             ] GC(1516) Pause Young (Allocation Failure) 40M->33M(57M) 1.836ms
[2026-06-17T10:05:57.871+0800][38.664s][info][gc,cpu         ] GC(1516) User=0.00s Sys=0.00s Real=0.01s
[2026-06-17T10:05:57.892+0800][38.685s][info][gc,start       ] GC(1517) Pause Young (Allocation Failure)
[2026-06-17T10:05:57.893+0800][38.686s][info][gc,heap        ] GC(1517) PSYoungGen: 11241K(14336K)->4629K(14336K) Eden: 7132K(7168K)->0K(7168K) From: 4108K(7168K)->4629K(7168K)
[2026-06-17T10:05:57.893+0800][38.686s][info][gc,heap        ] GC(1517) ParOldGen: 30605K(44032K)->30605K(44032K)
[2026-06-17T10:05:57.894+0800][38.686s][info][gc,metaspace   ] GC(1517) Metaspace: 116K(320K)->116K(320K) NonClass: 109K(192K)->109K(192K) Class: 7K(128K)->7K(128K)
[2026-06-17T10:05:57.894+0800][38.687s][info][gc             ] GC(1517) Pause Young (Allocation Failure) 40M->34M(57M) 1.855ms
[2026-06-17T10:05:57.894+0800][38.687s][info][gc,cpu         ] GC(1517) User=0.00s Sys=0.00s Real=0.00s
[2026-06-17T10:05:57.905+0800][38.698s][info][gc,start       ] GC(1518) Pause Young (Allocation Failure)
[2026-06-17T10:05:57.906+0800][38.699s][info][gc,heap        ] GC(1518) PSYoungGen: 11758K(14336K)->7163K(14336K) Eden: 7128K(7168K)->0K(7168K) From: 4629K(7168K)->7163K(7168K)
[2026-06-17T10:05:57.906+0800][38.699s][info][gc,heap        ] GC(1518) ParOldGen: 30605K(44032K)->31603K(44032K)
[2026-06-17T10:05:57.906+0800][38.699s][info][gc,metaspace   ] GC(1518) Metaspace: 116K(320K)->116K(320K) NonClass: 109K(192K)->109K(192K) Class: 7K(128K)->7K(128K)
[2026-06-17T10:05:57.907+0800][38.700s][info][gc             ] GC(1518) Pause Young (Allocation Failure) 41M->37M(57M) 1.651ms
[2026-06-17T10:05:57.907+0800][38.700s][info][gc,cpu         ] GC(1518) User=0.00s Sys=0.00s Real=0.00s
[2026-06-17T10:05:57.928+0800][38.721s][info][gc,start       ] GC(1519) Pause Young (Allocation Failure)
[2026-06-17T10:05:57.929+0800][38.722s][info][gc,heap        ] GC(1519) PSYoungGen: 14306K(14336K)->7085K(14336K) Eden: 7142K(7168K)->0K(7168K) From: 7163K(7168K)->7085K(7168K)
[2026-06-17T10:05:57.935+0800][38.727s][info][gc,heap        ] GC(1519) ParOldGen: 31603K(44032K)->32350K(44032K)
[2026-06-17T10:05:57.941+0800][38.734s][info][gc,metaspace   ] GC(1519) Metaspace: 116K(320K)->116K(320K) NonClass: 109K(192K)->109K(192K) Class: 7K(128K)->7K(128K)
[2026-06-17T10:05:57.942+0800][38.735s][info][gc             ] GC(1519) Pause Young (Allocation Failure) 44M->38M(57M) 13.591ms
[2026-06-17T10:05:57.950+0800][38.743s][info][gc,cpu         ] GC(1519) User=0.00s Sys=0.00s Real=0.02s
[2026-06-17T10:05:57.973+0800][38.766s][info][gc,start       ] GC(1520) Pause Young (Allocation Failure)
[2026-06-17T10:05:57.974+0800][38.767s][info][gc,heap        ] GC(1520) PSYoungGen: 14211K(14336K)->5587K(14336K) Eden: 7126K(7168K)->0K(7168K) From: 7085K(7168K)->5587K(7168K)
[2026-06-17T10:05:57.974+0800][38.767s][info][gc,heap        ] GC(1520) ParOldGen: 32350K(44032K)->34060K(44032K)
[2026-06-17T10:05:57.975+0800][38.767s][info][gc,metaspace   ] GC(1520) Metaspace: 116K(320K)->116K(320K) NonClass: 109K(192K)->109K(192K) Class: 7K(128K)->7K(128K)
[2026-06-17T10:05:57.975+0800][38.768s][info][gc             ] GC(1520) Pause Young (Allocation Failure) 45M->38M(57M) 1.779ms
[2026-06-17T10:05:57.975+0800][38.768s][info][gc,cpu         ] GC(1520) User=0.00s Sys=0.00s Real=0.00s
[2026-06-17T10:05:57.986+0800][38.779s][info][gc,start       ] GC(1521) Pause Young (Allocation Failure)
[2026-06-17T10:05:57.987+0800][38.780s][info][gc,heap        ] GC(1521) PSYoungGen: 12707K(14336K)->3919K(14336K) Eden: 7119K(7168K)->0K(7168K) From: 5587K(7168K)->3919K(7168K)
[2026-06-17T10:05:57.988+0800][38.781s][info][gc,heap        ] GC(1521) ParOldGen: 34060K(44032K)->35930K(44032K)
[2026-06-17T10:05:57.988+0800][38.781s][info][gc,metaspace   ] GC(1521) Metaspace: 116K(320K)->116K(320K) NonClass: 109K(192K)->109K(192K) Class: 7K(128K)->7K(128K)
[2026-06-17T10:05:57.997+0800][38.789s][info][gc             ] GC(1521) Pause Young (Allocation Failure) 45M->38M(57M) 10.432ms
[2026-06-17T10:05:58.000+0800][38.793s][info][gc,cpu         ] GC(1521) User=0.00s Sys=0.00s Real=0.01s
[2026-06-17T10:05:58.032+0800][38.825s][info][gc,start       ] GC(1522) Pause Young (Allocation Failure)
[2026-06-17T10:05:58.033+0800][38.826s][info][gc,heap        ] GC(1522) PSYoungGen: 11065K(14336K)->360K(14336K) Eden: 7146K(7168K)->0K(7168K) From: 3919K(7168K)->360K(7168K)
[2026-06-17T10:05:58.034+0800][38.826s][info][gc,heap        ] GC(1522) ParOldGen: 35930K(44032K)->39834K(44032K)
[2026-06-17T10:05:58.034+0800][38.827s][info][gc,metaspace   ] GC(1522) Metaspace: 116K(320K)->116K(320K) NonClass: 109K(192K)->109K(192K) Class: 7K(128K)->7K(128K)
[2026-06-17T10:05:58.034+0800][38.827s][info][gc             ] GC(1522) Pause Young (Allocation Failure) 45M->39M(57M) 1.540ms
[2026-06-17T10:05:58.034+0800][38.827s][info][gc,cpu         ] GC(1522) User=0.01s Sys=0.00s Real=0.00s
[2026-06-17T10:05:58.045+0800][38.838s][info][gc,start       ] GC(1523) Pause Full (Allocation Failure)
[2026-06-17T10:05:58.046+0800][38.838s][info][gc,phases,start] GC(1523) Marking Phase
[2026-06-17T10:05:58.047+0800][38.840s][info][gc,phases      ] GC(1523) Marking Phase 1.286ms
[2026-06-17T10:05:58.047+0800][38.840s][info][gc,phases,start] GC(1523) Summary Phase
[2026-06-17T10:05:58.048+0800][38.840s][info][gc,phases      ] GC(1523) Summary Phase 0.369ms
[2026-06-17T10:05:58.048+0800][38.841s][info][gc,phases,start] GC(1523) Forward
[2026-06-17T10:05:58.048+0800][38.841s][info][gc,phases      ] GC(1523) Forward 0.516ms
[2026-06-17T10:05:58.049+0800][38.842s][info][gc,phases,start] GC(1523) Adjust Pointers
[2026-06-17T10:05:58.050+0800][38.843s][info][gc,phases      ] GC(1523) Adjust Pointers 1.323ms
[2026-06-17T10:05:58.051+0800][38.843s][info][gc,phases,start] GC(1523) Compaction Phase
[2026-06-17T10:05:58.053+0800][38.845s][info][gc,phases      ] GC(1523) Compaction Phase 2.020ms
[2026-06-17T10:05:58.053+0800][38.846s][info][gc,phases,start] GC(1523) Post Compact
[2026-06-17T10:05:58.056+0800][38.849s][info][gc,phases      ] GC(1523) Post Compact 3.000ms
[2026-06-17T10:05:58.057+0800][38.850s][info][gc,heap        ] GC(1523) PSYoungGen: 7527K(14336K)->0K(14336K) Eden: 7167K(7168K)->0K(7168K) From: 360K(7168K)->0K(7168K)
[2026-06-17T10:05:58.057+0800][38.850s][info][gc,heap        ] GC(1523) ParOldGen: 39834K(44032K)->27156K(44032K)
[2026-06-17T10:05:58.058+0800][38.850s][info][gc,metaspace   ] GC(1523) Metaspace: 116K(320K)->116K(320K) NonClass: 109K(192K)->109K(192K) Class: 7K(128K)->7K(128K)
[2026-06-17T10:05:58.058+0800][38.851s][info][gc             ] GC(1523) Pause Full (Allocation Failure) 46M->26M(57M) 12.725ms
[2026-06-17T10:05:58.058+0800][38.851s][info][gc,cpu         ] GC(1523) User=0.00s Sys=0.00s Real=0.01s
[2026-06-17T10:05:58.080+0800][38.873s][info][gc,start       ] GC(1524) Pause Young (Allocation Failure)
[2026-06-17T10:05:58.081+0800][38.874s][info][gc,heap        ] GC(1524) PSYoungGen: 7125K(14336K)->3496K(14336K) Eden: 7125K(7168K)->0K(7168K) From: 0K(7168K)->3496K(7168K)
[2026-06-17T10:05:58.082+0800][38.875s][info][gc,heap        ] GC(1524) ParOldGen: 27156K(44032K)->27156K(44032K)
[2026-06-17T10:05:58.083+0800][38.875s][info][gc,metaspace   ] GC(1524) Metaspace: 116K(320K)->116K(320K) NonClass: 109K(192K)->109K(192K) Class: 7K(128K)->7K(128K)
[2026-06-17T10:05:58.084+0800][38.877s][info][gc             ] GC(1524) Pause Young (Allocation Failure) 33M->29M(57M) 4.576ms
[2026-06-17T10:05:58.087+0800][38.879s][info][gc,cpu         ] GC(1524) User=0.00s Sys=0.00s Real=0.01s
[2026-06-17T10:05:58.099+0800][38.892s][info][gc,start       ] GC(1525) Pause Young (Allocation Failure)
[2026-06-17T10:05:58.101+0800][38.894s][info][gc,heap        ] GC(1525) PSYoungGen: 10664K(14336K)->5129K(14336K) Eden: 7168K(7168K)->0K(7168K) From: 3496K(7168K)->5129K(7168K)
[2026-06-17T10:05:58.102+0800][38.894s][info][gc,heap        ] GC(1525) ParOldGen: 27156K(44032K)->29301K(44032K)
[2026-06-17T10:05:58.103+0800][38.896s][info][gc,metaspace   ] GC(1525) Metaspace: 116K(320K)->116K(320K) NonClass: 109K(192K)->109K(192K) Class: 7K(128K)->7K(128K)
[2026-06-17T10:05:58.103+0800][38.896s][info][gc             ] GC(1525) Pause Young (Allocation Failure) 36M->33M(57M) 4.523ms
[2026-06-17T10:05:58.104+0800][38.896s][info][gc,cpu         ] GC(1525) User=0.01s Sys=0.00s Real=0.01s
[2026-06-17T10:05:58.125+0800][38.918s][info][gc,start       ] GC(1526) Pause Young (Allocation Failure)
[2026-06-17T10:05:58.126+0800][38.918s][info][gc,heap        ] GC(1526) PSYoungGen: 12293K(14336K)->5120K(14336K) Eden: 7164K(7168K)->0K(7168K) From: 5129K(7168K)->5120K(7168K)
[2026-06-17T10:05:58.126+0800][38.919s][info][gc,heap        ] GC(1526) ParOldGen: 29301K(44032K)->29301K(44032K)
[2026-06-17T10:05:58.126+0800][38.919s][info][gc,metaspace   ] GC(1526) Metaspace: 116K(320K)->116K(320K) NonClass: 109K(192K)->109K(192K) Class: 7K(128K)->7K(128K)
[2026-06-17T10:05:58.126+0800][38.919s][info][gc             ] GC(1526) Pause Young (Allocation Failure) 40M->33M(57M) 1.411ms
[2026-06-17T10:05:58.126+0800][38.919s][info][gc,cpu         ] GC(1526) User=0.00s Sys=0.00s Real=0.00s
[2026-06-17T10:05:58.148+0800][38.940s][info][gc,start       ] GC(1527) Pause Young (Allocation Failure)
[2026-06-17T10:05:58.148+0800][38.941s][info][gc,heap        ] GC(1527) PSYoungGen: 12270K(14336K)->3476K(14336K) Eden: 7150K(7168K)->0K(7168K) From: 5120K(7168K)->3476K(7168K)
[2026-06-17T10:05:58.148+0800][38.941s][info][gc,heap        ] GC(1527) ParOldGen: 29301K(44032K)->31311K(44032K)
[2026-06-17T10:05:58.149+0800][38.941s][info][gc,metaspace   ] GC(1527) Metaspace: 116K(320K)->116K(320K) NonClass: 109K(192K)->109K(192K) Class: 7K(128K)->7K(128K)
[2026-06-17T10:05:58.149+0800][38.942s][info][gc             ] GC(1527) Pause Young (Allocation Failure) 40M->33M(57M) 1.225ms
[2026-06-17T10:05:58.149+0800][38.942s][info][gc,cpu         ] GC(1527) User=0.00s Sys=0.00s Real=0.00s
[2026-06-17T10:05:58.160+0800][38.952s][info][gc,start       ] GC(1528) Pause Young (Allocation Failure)
[2026-06-17T10:05:58.160+0800][38.953s][info][gc,heap        ] GC(1528) PSYoungGen: 10476K(14336K)->3493K(14336K) Eden: 7000K(7168K)->0K(7168K) From: 3476K(7168K)->3493K(7168K)
[2026-06-17T10:05:58.160+0800][38.953s][info][gc,heap        ] GC(1528) ParOldGen: 31311K(44032K)->31311K(44032K)
[2026-06-17T10:05:58.161+0800][38.953s][info][gc,metaspace   ] GC(1528) Metaspace: 116K(320K)->116K(320K) NonClass: 109K(192K)->109K(192K) Class: 7K(128K)->7K(128K)
[2026-06-17T10:05:58.161+0800][38.953s][info][gc             ] GC(1528) Pause Young (Allocation Failure) 40M->33M(57M) 1.091ms
[2026-06-17T10:05:58.161+0800][38.954s][info][gc,cpu         ] GC(1528) User=0.00s Sys=0.00s Real=0.00s
[2026-06-17T10:05:58.182+0800][38.975s][info][gc,start       ] GC(1529) Pause Young (Allocation Failure)
[2026-06-17T10:05:58.183+0800][38.976s][info][gc,heap        ] GC(1529) PSYoungGen: 10620K(14336K)->3690K(14336K) Eden: 7127K(7168K)->0K(7168K) From: 3493K(7168K)->3690K(7168K)
[2026-06-17T10:05:58.183+0800][38.976s][info][gc,heap        ] GC(1529) ParOldGen: 31311K(44032K)->34788K(44032K)
[2026-06-17T10:05:58.183+0800][38.976s][info][gc,metaspace   ] GC(1529) Metaspace: 116K(320K)->116K(320K) NonClass: 109K(192K)->109K(192K) Class: 7K(128K)->7K(128K)
[2026-06-17T10:05:58.183+0800][38.976s][info][gc             ] GC(1529) Pause Young (Allocation Failure) 40M->37M(57M) 1.540ms
[2026-06-17T10:05:58.184+0800][38.976s][info][gc,cpu         ] GC(1529) User=0.00s Sys=0.00s Real=0.01s
[2026-06-17T10:05:58.205+0800][38.998s][info][gc,start       ] GC(1530) Pause Young (Allocation Failure)
[2026-06-17T10:05:58.207+0800][39.000s][info][gc,heap        ] GC(1530) PSYoungGen: 10835K(14336K)->3961K(14336K) Eden: 7144K(7168K)->0K(7168K) From: 3690K(7168K)->3961K(7168K)
[2026-06-17T10:05:58.208+0800][39.000s][info][gc,heap        ] GC(1530) ParOldGen: 34788K(44032K)->34788K(44032K)
[2026-06-17T10:05:58.208+0800][39.001s][info][gc,metaspace   ] GC(1530) Metaspace: 116K(320K)->116K(320K) NonClass: 109K(192K)->109K(192K) Class: 7K(128K)->7K(128K)
[2026-06-17T10:05:58.209+0800][39.001s][info][gc             ] GC(1530) Pause Young (Allocation Failure) 44M->37M(57M) 3.625ms
[2026-06-17T10:05:58.209+0800][39.002s][info][gc,cpu         ] GC(1530) User=0.01s Sys=0.00s Real=0.00s
[2026-06-17T10:05:58.232+0800][39.025s][info][gc,start       ] GC(1531) Pause Young (Allocation Failure)
[2026-06-17T10:05:58.234+0800][39.027s][info][gc,heap        ] GC(1531) PSYoungGen: 11122K(14336K)->4221K(14336K) Eden: 7160K(7168K)->0K(7168K) From: 3961K(7168K)->4221K(7168K)
[2026-06-17T10:05:58.235+0800][39.027s][info][gc,heap        ] GC(1531) ParOldGen: 34788K(44032K)->34788K(44032K)
[2026-06-17T10:05:58.235+0800][39.028s][info][gc,metaspace   ] GC(1531) Metaspace: 116K(320K)->116K(320K) NonClass: 109K(192K)->109K(192K) Class: 7K(128K)->7K(128K)
[2026-06-17T10:05:58.236+0800][39.029s][info][gc             ] GC(1531) Pause Young (Allocation Failure) 44M->38M(57M) 3.549ms
[2026-06-17T10:05:58.236+0800][39.029s][info][gc,cpu         ] GC(1531) User=0.00s Sys=0.00s Real=0.00s
[2026-06-17T10:05:58.248+0800][39.041s][info][gc,start       ] GC(1532) Pause Young (Allocation Failure)
[2026-06-17T10:05:58.250+0800][39.043s][info][gc,heap        ] GC(1532) PSYoungGen: 11386K(14336K)->7153K(14336K) Eden: 7165K(7168K)->0K(7168K) From: 4221K(7168K)->7153K(7168K)
[2026-06-17T10:05:58.250+0800][39.043s][info][gc,heap        ] GC(1532) ParOldGen: 34788K(44032K)->35717K(44032K)
[2026-06-17T10:05:58.251+0800][39.044s][info][gc,metaspace   ] GC(1532) Metaspace: 116K(320K)->116K(320K) NonClass: 109K(192K)->109K(192K) Class: 7K(128K)->7K(128K)
[2026-06-17T10:05:58.251+0800][39.044s][info][gc             ] GC(1532) Pause Young (Allocation Failure) 45M->41M(57M) 2.814ms
[2026-06-17T10:05:58.251+0800][39.044s][info][gc,cpu         ] GC(1532) User=0.00s Sys=0.00s Real=0.01s
[2026-06-17T10:05:58.273+0800][39.066s][info][gc,start       ] GC(1533) Pause Young (Allocation Failure)
[2026-06-17T10:05:58.277+0800][39.070s][info][gc,heap        ] GC(1533) PSYoungGen: 14314K(14336K)->1863K(14336K) Eden: 7160K(7168K)->0K(7168K) From: 7153K(7168K)->1863K(7168K)
[2026-06-17T10:05:58.278+0800][39.071s][info][gc,heap        ] GC(1533) ParOldGen: 35717K(44032K)->38144K(44032K)
[2026-06-17T10:05:58.278+0800][39.071s][info][gc,metaspace   ] GC(1533) Metaspace: 116K(320K)->116K(320K) NonClass: 109K(192K)->109K(192K) Class: 7K(128K)->7K(128K)
[2026-06-17T10:05:58.279+0800][39.072s][info][gc             ] GC(1533) Pause Young (Allocation Failure) 48M->39M(57M) 5.798ms
[2026-06-17T10:05:58.280+0800][39.072s][info][gc,cpu         ] GC(1533) User=0.00s Sys=0.00s Real=0.00s
[2026-06-17T10:05:58.302+0800][39.095s][info][gc,start       ] GC(1534) Pause Young (Allocation Failure)
[2026-06-17T10:05:58.305+0800][39.098s][info][gc,heap        ] GC(1534) PSYoungGen: 8981K(14336K)->3896K(14336K) Eden: 7118K(7168K)->0K(7168K) From: 1863K(7168K)->3896K(7168K)
[2026-06-17T10:05:58.306+0800][39.099s][info][gc,heap        ] GC(1534) ParOldGen: 38144K(44032K)->39733K(44032K)
[2026-06-17T10:05:58.307+0800][39.100s][info][gc,metaspace   ] GC(1534) Metaspace: 116K(320K)->116K(320K) NonClass: 109K(192K)->109K(192K) Class: 7K(128K)->7K(128K)
[2026-06-17T10:05:58.307+0800][39.100s][info][gc             ] GC(1534) Pause Young (Allocation Failure) 46M->42M(57M) 5.569ms
[2026-06-17T10:05:58.308+0800][39.101s][info][gc,cpu         ] GC(1534) User=0.00s Sys=0.00s Real=0.01s
[2026-06-17T10:05:58.330+0800][39.122s][info][gc,start       ] GC(1535) Pause Young (Allocation Failure)
[2026-06-17T10:05:58.331+0800][39.123s][info][gc,heap        ] GC(1535) PSYoungGen: 11055K(14336K)->2251K(14336K) Eden: 7158K(7168K)->0K(7168K) From: 3896K(7168K)->2251K(7168K)
[2026-06-17T10:05:58.331+0800][39.124s][info][gc,heap        ] GC(1535) ParOldGen: 39733K(44032K)->41598K(44032K)
[2026-06-17T10:05:58.331+0800][39.124s][info][gc,metaspace   ] GC(1535) Metaspace: 116K(320K)->116K(320K) NonClass: 109K(192K)->109K(192K) Class: 7K(128K)->7K(128K)
[2026-06-17T10:05:58.331+0800][39.124s][info][gc             ] GC(1535) Pause Young (Allocation Failure) 49M->42M(57M) 1.497ms
[2026-06-17T10:05:58.331+0800][39.124s][info][gc,cpu         ] GC(1535) User=0.00s Sys=0.00s Real=0.01s
[2026-06-17T10:05:58.342+0800][39.135s][info][gc,start       ] GC(1536) Pause Full (Allocation Failure)
[2026-06-17T10:05:58.342+0800][39.135s][info][gc,phases,start] GC(1536) Marking Phase
[2026-06-17T10:05:58.343+0800][39.136s][info][gc,phases      ] GC(1536) Marking Phase 0.829ms
[2026-06-17T10:05:58.344+0800][39.136s][info][gc,phases,start] GC(1536) Summary Phase
[2026-06-17T10:05:58.344+0800][39.137s][info][gc,phases      ] GC(1536) Summary Phase 0.147ms
[2026-06-17T10:05:58.344+0800][39.137s][info][gc,phases,start] GC(1536) Forward
[2026-06-17T10:05:58.344+0800][39.137s][info][gc,phases      ] GC(1536) Forward 0.163ms
[2026-06-17T10:05:58.344+0800][39.137s][info][gc,phases,start] GC(1536) Adjust Pointers
[2026-06-17T10:05:58.345+0800][39.137s][info][gc,phases      ] GC(1536) Adjust Pointers 0.433ms
[2026-06-17T10:05:58.345+0800][39.138s][info][gc,phases,start] GC(1536) Compaction Phase
[2026-06-17T10:05:58.346+0800][39.139s][info][gc,phases      ] GC(1536) Compaction Phase 1.669ms
[2026-06-17T10:05:58.347+0800][39.140s][info][gc,phases,start] GC(1536) Post Compact
[2026-06-17T10:05:58.347+0800][39.140s][info][gc,phases      ] GC(1536) Post Compact 0.482ms
[2026-06-17T10:05:58.348+0800][39.141s][info][gc,heap        ] GC(1536) PSYoungGen: 8878K(14336K)->0K(14336K) Eden: 6627K(7168K)->0K(7168K) From: 2251K(7168K)->0K(7168K)
[2026-06-17T10:05:58.348+0800][39.141s][info][gc,heap        ] GC(1536) ParOldGen: 41598K(44032K)->30434K(44032K)
[2026-06-17T10:05:58.348+0800][39.141s][info][gc,metaspace   ] GC(1536) Metaspace: 116K(320K)->116K(320K) NonClass: 109K(192K)->109K(192K) Class: 7K(128K)->7K(128K)
[2026-06-17T10:05:58.348+0800][39.141s][info][gc             ] GC(1536) Pause Full (Allocation Failure) 49M->29M(57M) 6.247ms
[2026-06-17T10:05:58.348+0800][39.141s][info][gc,cpu         ] GC(1536) User=0.01s Sys=0.00s Real=0.01s
[2026-06-17T10:05:58.370+0800][39.162s][info][gc,start       ] GC(1537) Pause Young (Allocation Failure)
[2026-06-17T10:05:58.371+0800][39.163s][info][gc,heap        ] GC(1537) PSYoungGen: 7139K(14336K)->3701K(14336K) Eden: 7139K(7168K)->0K(7168K) From: 0K(7168K)->3701K(7168K)
[2026-06-17T10:05:58.371+0800][39.164s][info][gc,heap        ] GC(1537) ParOldGen: 30434K(44032K)->30434K(44032K)
[2026-06-17T10:05:58.371+0800][39.164s][info][gc,metaspace   ] GC(1537) Metaspace: 116K(320K)->116K(320K) NonClass: 109K(192K)->109K(192K) Class: 7K(128K)->7K(128K)
[2026-06-17T10:05:58.372+0800][39.165s][info][gc             ] GC(1537) Pause Young (Allocation Failure) 36M->33M(57M) 2.284ms
[2026-06-17T10:05:58.372+0800][39.165s][info][gc,cpu         ] GC(1537) User=0.00s Sys=0.00s Real=0.01s
[2026-06-17T10:05:58.393+0800][39.186s][info][gc,start       ] GC(1538) Pause Young (Allocation Failure)
[2026-06-17T10:05:58.395+0800][39.188s][info][gc,heap        ] GC(1538) PSYoungGen: 10818K(14336K)->3911K(14336K) Eden: 7117K(7168K)->0K(7168K) From: 3701K(7168K)->3911K(7168K)
[2026-06-17T10:05:58.395+0800][39.188s][info][gc,heap        ] GC(1538) ParOldGen: 30434K(44032K)->30434K(44032K)
[2026-06-17T10:05:58.396+0800][39.189s][info][gc,metaspace   ] GC(1538) Metaspace: 116K(320K)->116K(320K) NonClass: 109K(192K)->109K(192K) Class: 7K(128K)->7K(128K)
[2026-06-17T10:05:58.396+0800][39.189s][info][gc             ] GC(1538) Pause Young (Allocation Failure) 40M->33M(57M) 2.665ms
[2026-06-17T10:05:58.397+0800][39.190s][info][gc,cpu         ] GC(1538) User=0.00s Sys=0.00s Real=0.00s
[2026-06-17T10:05:58.408+0800][39.201s][info][gc,start       ] GC(1539) Pause Young (Allocation Failure)
[2026-06-17T10:05:58.410+0800][39.203s][info][gc,heap        ] GC(1539) PSYoungGen: 11077K(14336K)->7056K(14336K) Eden: 7165K(7168K)->0K(7168K) From: 3911K(7168K)->7056K(7168K)
[2026-06-17T10:05:58.410+0800][39.203s][info][gc,heap        ] GC(1539) ParOldGen: 30434K(44032K)->31087K(44032K)
[2026-06-17T10:05:58.411+0800][39.203s][info][gc,metaspace   ] GC(1539) Metaspace: 116K(320K)->116K(320K) NonClass: 109K(192K)->109K(192K) Class: 7K(128K)->7K(128K)
[2026-06-17T10:05:58.411+0800][39.204s][info][gc             ] GC(1539) Pause Young (Allocation Failure) 40M->37M(57M) 2.856ms
[2026-06-17T10:05:58.411+0800][39.204s][info][gc,cpu         ] GC(1539) User=0.01s Sys=0.00s Real=0.01s
[2026-06-17T10:05:58.434+0800][39.227s][info][gc,start       ] GC(1540) Pause Young (Allocation Failure)
[2026-06-17T10:05:58.436+0800][39.229s][info][gc,heap        ] GC(1540) PSYoungGen: 14205K(14336K)->4367K(14336K) Eden: 7148K(7168K)->0K(7168K) From: 7056K(7168K)->4367K(7168K)
[2026-06-17T10:05:58.436+0800][39.229s][info][gc,heap        ] GC(1540) ParOldGen: 31087K(44032K)->34000K(44032K)
[2026-06-17T10:05:58.437+0800][39.230s][info][gc,metaspace   ] GC(1540) Metaspace: 116K(320K)->116K(320K) NonClass: 109K(192K)->109K(192K) Class: 7K(128K)->7K(128K)
[2026-06-17T10:05:58.438+0800][39.230s][info][gc             ] GC(1540) Pause Young (Allocation Failure) 44M->37M(57M) 3.795ms
[2026-06-17T10:05:58.438+0800][39.231s][info][gc,cpu         ] GC(1540) User=0.00s Sys=0.00s Real=0.00s
[2026-06-17T10:05:58.460+0800][39.253s][info][gc,start       ] GC(1541) Pause Young (Allocation Failure)
[2026-06-17T10:05:58.463+0800][39.256s][info][gc,heap        ] GC(1541) PSYoungGen: 11519K(14336K)->2655K(14336K) Eden: 7151K(7168K)->0K(7168K) From: 4367K(7168K)->2655K(7168K)
[2026-06-17T10:05:58.464+0800][39.256s][info][gc,heap        ] GC(1541) ParOldGen: 34000K(44032K)->35958K(44032K)
[2026-06-17T10:05:58.464+0800][39.257s][info][gc,metaspace   ] GC(1541) Metaspace: 116K(320K)->116K(320K) NonClass: 109K(192K)->109K(192K) Class: 7K(128K)->7K(128K)
[2026-06-17T10:05:58.465+0800][39.258s][info][gc             ] GC(1541) Pause Young (Allocation Failure) 44M->37M(57M) 4.302ms
[2026-06-17T10:05:58.465+0800][39.258s][info][gc,cpu         ] GC(1541) User=0.00s Sys=0.00s Real=0.01s
[2026-06-17T10:05:58.477+0800][39.270s][info][gc,start       ] GC(1542) Pause Young (Allocation Failure)
[2026-06-17T10:05:58.478+0800][39.271s][info][gc,heap        ] GC(1542) PSYoungGen: 9646K(14336K)->864K(14336K) Eden: 6991K(7168K)->0K(7168K) From: 2655K(7168K)->864K(7168K)
[2026-06-17T10:05:58.479+0800][39.272s][info][gc,heap        ] GC(1542) ParOldGen: 35958K(44032K)->37771K(44032K)
[2026-06-17T10:05:58.479+0800][39.272s][info][gc,metaspace   ] GC(1542) Metaspace: 116K(320K)->116K(320K) NonClass: 109K(192K)->109K(192K) Class: 7K(128K)->7K(128K)
[2026-06-17T10:05:58.480+0800][39.273s][info][gc             ] GC(1542) Pause Young (Allocation Failure) 44M->37M(57M) 2.808ms
[2026-06-17T10:05:58.480+0800][39.273s][info][gc,cpu         ] GC(1542) User=0.00s Sys=0.00s Real=0.00s
[2026-06-17T10:05:58.502+0800][39.295s][info][gc,start       ] GC(1543) Pause Young (Allocation Failure)
[2026-06-17T10:05:58.504+0800][39.297s][info][gc,heap        ] GC(1543) PSYoungGen: 7992K(14336K)->3632K(14336K) Eden: 7128K(7168K)->0K(7168K) From: 864K(7168K)->3632K(7168K)
[2026-06-17T10:05:58.506+0800][39.299s][info][gc,heap        ] GC(1543) ParOldGen: 37771K(44032K)->38611K(44032K)
[2026-06-17T10:05:58.506+0800][39.299s][info][gc,metaspace   ] GC(1543) Metaspace: 116K(320K)->116K(320K) NonClass: 109K(192K)->109K(192K) Class: 7K(128K)->7K(128K)
[2026-06-17T10:05:58.507+0800][39.300s][info][gc             ] GC(1543) Pause Young (Allocation Failure) 44M->41M(57M) 4.850ms
[2026-06-17T10:05:58.507+0800][39.300s][info][gc,cpu         ] GC(1543) User=0.00s Sys=0.00s Real=0.01s
[2026-06-17T10:05:58.529+0800][39.322s][info][gc,start       ] GC(1544) Pause Young (Allocation Failure)
[2026-06-17T10:05:58.531+0800][39.323s][info][gc,heap        ] GC(1544) PSYoungGen: 10774K(14336K)->3261K(14336K) Eden: 7142K(7168K)->0K(7168K) From: 3632K(7168K)->3261K(7168K)
[2026-06-17T10:05:58.531+0800][39.324s][info][gc,heap        ] GC(1544) ParOldGen: 38611K(44032K)->39405K(44032K)
[2026-06-17T10:05:58.532+0800][39.325s][info][gc,metaspace   ] GC(1544) Metaspace: 116K(320K)->116K(320K) NonClass: 109K(192K)->109K(192K) Class: 7K(128K)->7K(128K)
[2026-06-17T10:05:58.535+0800][39.328s][info][gc             ] GC(1544) Pause Young (Allocation Failure) 48M->41M(57M) 5.659ms
[2026-06-17T10:05:58.537+0800][39.330s][info][gc,cpu         ] GC(1544) User=0.00s Sys=0.01s Real=0.01s
[2026-06-17T10:05:58.560+0800][39.353s][info][gc,start       ] GC(1545) Pause Young (Allocation Failure)
[2026-06-17T10:05:58.562+0800][39.354s][info][gc,heap        ] GC(1545) PSYoungGen: 10416K(14336K)->2151K(14336K) Eden: 7155K(7168K)->0K(7168K) From: 3261K(7168K)->2151K(7168K)
[2026-06-17T10:05:58.562+0800][39.355s][info][gc,heap        ] GC(1545) ParOldGen: 39405K(44032K)->41094K(44032K)
[2026-06-17T10:05:58.563+0800][39.356s][info][gc,metaspace   ] GC(1545) Metaspace: 116K(320K)->116K(320K) NonClass: 109K(192K)->109K(192K) Class: 7K(128K)->7K(128K)
[2026-06-17T10:05:58.564+0800][39.357s][info][gc             ] GC(1545) Pause Young (Allocation Failure) 48M->42M(57M) 4.573ms
[2026-06-17T10:05:58.565+0800][39.358s][info][gc,cpu         ] GC(1545) User=0.00s Sys=0.00s Real=0.01s
[2026-06-17T10:05:58.577+0800][39.370s][info][gc,start       ] GC(1546) Pause Full (Allocation Failure)
[2026-06-17T10:05:58.578+0800][39.371s][info][gc,phases,start] GC(1546) Marking Phase
[2026-06-17T10:05:58.581+0800][39.373s][info][gc,phases      ] GC(1546) Marking Phase 2.923ms
[2026-06-17T10:05:58.581+0800][39.374s][info][gc,phases,start] GC(1546) Summary Phase
[2026-06-17T10:05:58.582+0800][39.375s][info][gc,phases      ] GC(1546) Summary Phase 0.516ms
[2026-06-17T10:05:58.582+0800][39.375s][info][gc,phases,start] GC(1546) Forward
[2026-06-17T10:05:58.583+0800][39.376s][info][gc,phases      ] GC(1546) Forward 0.746ms
[2026-06-17T10:05:58.583+0800][39.376s][info][gc,phases,start] GC(1546) Adjust Pointers
[2026-06-17T10:05:58.585+0800][39.378s][info][gc,phases      ] GC(1546) Adjust Pointers 1.377ms
[2026-06-17T10:05:58.585+0800][39.378s][info][gc,phases,start] GC(1546) Compaction Phase
[2026-06-17T10:05:58.587+0800][39.380s][info][gc,phases      ] GC(1546) Compaction Phase 1.787ms
[2026-06-17T10:05:58.588+0800][39.380s][info][gc,phases,start] GC(1546) Post Compact
[2026-06-17T10:05:58.588+0800][39.381s][info][gc,phases      ] GC(1546) Post Compact 0.311ms
[2026-06-17T10:05:58.588+0800][39.381s][info][gc,heap        ] GC(1546) PSYoungGen: 8774K(14336K)->0K(14336K) Eden: 6623K(7168K)->0K(7168K) From: 2151K(7168K)->0K(7168K)
[2026-06-17T10:05:58.589+0800][39.381s][info][gc,heap        ] GC(1546) ParOldGen: 41094K(44032K)->23223K(44032K)
[2026-06-17T10:05:58.589+0800][39.382s][info][gc,metaspace   ] GC(1546) Metaspace: 116K(320K)->116K(320K) NonClass: 109K(192K)->109K(192K) Class: 7K(128K)->7K(128K)
[2026-06-17T10:05:58.589+0800][39.382s][info][gc             ] GC(1546) Pause Full (Allocation Failure) 48M->22M(57M) 12.298ms
[2026-06-17T10:05:58.589+0800][39.382s][info][gc,cpu         ] GC(1546) User=0.01s Sys=0.00s Real=0.01s
[2026-06-17T10:05:58.611+0800][39.404s][info][gc,start       ] GC(1547) Pause Young (Allocation Failure)
[2026-06-17T10:05:58.612+0800][39.405s][info][gc,heap        ] GC(1547) PSYoungGen: 7146K(14336K)->3432K(14848K) Eden: 7146K(7168K)->0K(7680K) From: 0K(7168K)->3432K(7168K)
[2026-06-17T10:05:58.613+0800][39.406s][info][gc,heap        ] GC(1547) ParOldGen: 23223K(44032K)->23223K(44032K)
[2026-06-17T10:05:58.614+0800][39.406s][info][gc,metaspace   ] GC(1547) Metaspace: 116K(320K)->116K(320K) NonClass: 109K(192K)->109K(192K) Class: 7K(128K)->7K(128K)
[2026-06-17T10:05:58.614+0800][39.407s][info][gc             ] GC(1547) Pause Young (Allocation Failure) 29M->26M(57M) 3.210ms
[2026-06-17T10:05:58.615+0800][39.407s][info][gc,cpu         ] GC(1547) User=0.00s Sys=0.00s Real=0.00s
[2026-06-17T10:05:58.637+0800][39.429s][info][gc,start       ] GC(1548) Pause Young (Allocation Failure)
[2026-06-17T10:05:58.638+0800][39.431s][info][gc,heap        ] GC(1548) PSYoungGen: 11098K(14848K)->3823K(14336K) Eden: 7665K(7680K)->0K(7680K) From: 3432K(7168K)->3823K(6656K)
[2026-06-17T10:05:58.639+0800][39.432s][info][gc,heap        ] GC(1548) ParOldGen: 23223K(44032K)->23223K(44032K)
[2026-06-17T10:05:58.639+0800][39.432s][info][gc,metaspace   ] GC(1548) Metaspace: 116K(320K)->116K(320K) NonClass: 109K(192K)->109K(192K) Class: 7K(128K)->7K(128K)
[2026-06-17T10:05:58.640+0800][39.433s][info][gc             ] GC(1548) Pause Young (Allocation Failure) 33M->26M(57M) 3.367ms
[2026-06-17T10:05:58.640+0800][39.433s][info][gc,cpu         ] GC(1548) User=0.00s Sys=0.00s Real=0.00s
[2026-06-17T10:05:58.653+0800][39.446s][info][gc,start       ] GC(1549) Pause Young (Allocation Failure)
[2026-06-17T10:05:58.655+0800][39.447s][info][gc,heap        ] GC(1549) PSYoungGen: 11503K(14336K)->4381K(14848K) Eden: 7680K(7680K)->0K(8192K) From: 3823K(6656K)->4381K(6656K)
[2026-06-17T10:05:58.655+0800][39.448s][info][gc,heap        ] GC(1549) ParOldGen: 23223K(44032K)->23223K(44032K)
[2026-06-17T10:05:58.656+0800][39.449s][info][gc,metaspace   ] GC(1549) Metaspace: 116K(320K)->116K(320K) NonClass: 109K(192K)->109K(192K) Class: 7K(128K)->7K(128K)
[2026-06-17T10:05:58.657+0800][39.449s][info][gc             ] GC(1549) Pause Young (Allocation Failure) 33M->26M(57M) 3.755ms
[2026-06-17T10:05:58.661+0800][39.453s][info][gc,cpu         ] GC(1549) User=0.00s Sys=0.01s Real=0.00s
[2026-06-17T10:05:58.694+0800][39.487s][info][gc,start       ] GC(1550) Pause Young (Allocation Failure)
[2026-06-17T10:05:58.697+0800][39.489s][info][gc,heap        ] GC(1550) PSYoungGen: 12573K(14848K)->4689K(14848K) Eden: 8192K(8192K)->0K(8192K) From: 4381K(6656K)->4689K(6656K)
[2026-06-17T10:05:58.697+0800][39.490s][info][gc,heap        ] GC(1550) ParOldGen: 23223K(44032K)->24126K(44032K)
[2026-06-17T10:05:58.698+0800][39.491s][info][gc,metaspace   ] GC(1550) Metaspace: 116K(320K)->116K(320K) NonClass: 109K(192K)->109K(192K) Class: 7K(128K)->7K(128K)
[2026-06-17T10:05:58.699+0800][39.492s][info][gc             ] GC(1550) Pause Young (Allocation Failure) 34M->28M(57M) 4.381ms
[2026-06-17T10:05:58.699+0800][39.492s][info][gc,cpu         ] GC(1550) User=0.00s Sys=0.00s Real=0.00s
[2026-06-17T10:05:58.721+0800][39.514s][info][gc,start       ] GC(1551) Pause Young (Allocation Failure)
[2026-06-17T10:05:58.724+0800][39.516s][info][gc,heap        ] GC(1551) PSYoungGen: 12872K(14848K)->3932K(14848K) Eden: 8182K(8192K)->0K(8192K) From: 4689K(6656K)->3932K(6656K)
[2026-06-17T10:05:58.724+0800][39.517s][info][gc,heap        ] GC(1551) ParOldGen: 24126K(44032K)->26115K(44032K)
[2026-06-17T10:05:58.725+0800][39.518s][info][gc,metaspace   ] GC(1551) Metaspace: 116K(320K)->116K(320K) NonClass: 109K(192K)->109K(192K) Class: 7K(128K)->7K(128K)
[2026-06-17T10:05:58.725+0800][39.518s][info][gc             ] GC(1551) Pause Young (Allocation Failure) 36M->29M(57M) 3.945ms
[2026-06-17T10:05:58.726+0800][39.519s][info][gc,cpu         ] GC(1551) User=0.01s Sys=0.00s Real=0.01s
[2026-06-17T10:05:58.738+0800][39.531s][info][gc,start       ] GC(1552) Pause Young (Allocation Failure)
[2026-06-17T10:05:58.740+0800][39.533s][info][gc,heap        ] GC(1552) PSYoungGen: 12070K(14848K)->3813K(14848K) Eden: 8138K(8192K)->0K(8192K) From: 3932K(6656K)->3813K(6656K)
[2026-06-17T10:05:58.741+0800][39.534s][info][gc,heap        ] GC(1552) ParOldGen: 26115K(44032K)->27556K(44032K)
[2026-06-17T10:05:58.742+0800][39.534s][info][gc,metaspace   ] GC(1552) Metaspace: 116K(320K)->116K(320K) NonClass: 109K(192K)->109K(192K) Class: 7K(128K)->7K(128K)
[2026-06-17T10:05:58.742+0800][39.535s][info][gc             ] GC(1552) Pause Young (Allocation Failure) 37M->30M(57M) 4.111ms
[2026-06-17T10:05:58.743+0800][39.536s][info][gc,cpu         ] GC(1552) User=0.00s Sys=0.00s Real=0.01s
[2026-06-17T10:05:58.776+0800][39.569s][info][gc,start       ] GC(1553) Pause Young (Allocation Failure)
[2026-06-17T10:05:58.779+0800][39.572s][info][gc,heap        ] GC(1553) PSYoungGen: 11990K(14848K)->2941K(15360K) Eden: 8177K(8192K)->0K(9216K) From: 3813K(6656K)->2941K(6144K)
[2026-06-17T10:05:58.780+0800][39.573s][info][gc,heap        ] GC(1553) ParOldGen: 27556K(44032K)->29650K(44032K)
[2026-06-17T10:05:58.781+0800][39.574s][info][gc,metaspace   ] GC(1553) Metaspace: 116K(320K)->116K(320K) NonClass: 109K(192K)->109K(192K) Class: 7K(128K)->7K(128K)
[2026-06-17T10:05:58.781+0800][39.574s][info][gc             ] GC(1553) Pause Young (Allocation Failure) 38M->31M(58M) 5.550ms
[2026-06-17T10:05:58.782+0800][39.575s][info][gc,cpu         ] GC(1553) User=0.00s Sys=0.00s Real=0.00s
[2026-06-17T10:05:58.805+0800][39.598s][info][gc,start       ] GC(1554) Pause Young (Allocation Failure)
[2026-06-17T10:05:58.807+0800][39.600s][info][gc,heap        ] GC(1554) PSYoungGen: 12138K(15360K)->3583K(15360K) Eden: 9197K(9216K)->0K(9216K) From: 2941K(6144K)->3583K(6144K)
[2026-06-17T10:05:58.808+0800][39.601s][info][gc,heap        ] GC(1554) ParOldGen: 29650K(44032K)->31353K(44032K)
[2026-06-17T10:05:58.809+0800][39.601s][info][gc,metaspace   ] GC(1554) Metaspace: 116K(320K)->116K(320K) NonClass: 109K(192K)->109K(192K) Class: 7K(128K)->7K(128K)
[2026-06-17T10:05:58.809+0800][39.602s][info][gc             ] GC(1554) Pause Young (Allocation Failure) 40M->34M(58M) 4.169ms
[2026-06-17T10:05:58.810+0800][39.603s][info][gc,cpu         ] GC(1554) User=0.01s Sys=0.00s Real=0.00s
[2026-06-17T10:05:58.832+0800][39.625s][info][gc,start       ] GC(1555) Pause Young (Allocation Failure)
[2026-06-17T10:05:58.834+0800][39.627s][info][gc,heap        ] GC(1555) PSYoungGen: 12781K(15360K)->5469K(14336K) Eden: 9198K(9216K)->0K(8192K) From: 3583K(6144K)->5469K(6144K)
[2026-06-17T10:05:58.835+0800][39.628s][info][gc,heap        ] GC(1555) ParOldGen: 31353K(44032K)->31479K(44032K)
[2026-06-17T10:05:58.836+0800][39.628s][info][gc,metaspace   ] GC(1555) Metaspace: 116K(320K)->116K(320K) NonClass: 109K(192K)->109K(192K) Class: 7K(128K)->7K(128K)
[2026-06-17T10:05:58.836+0800][39.629s][info][gc             ] GC(1555) Pause Young (Allocation Failure) 43M->36M(57M) 3.920ms
[2026-06-17T10:05:58.837+0800][39.630s][info][gc,cpu         ] GC(1555) User=0.00s Sys=0.00s Real=0.00s
[2026-06-17T10:05:58.859+0800][39.652s][info][gc,start       ] GC(1556) Pause Young (Allocation Failure)
[2026-06-17T10:05:58.863+0800][39.656s][info][gc,heap        ] GC(1556) PSYoungGen: 13661K(14336K)->5077K(14848K) Eden: 8191K(8192K)->0K(8192K) From: 5469K(6144K)->5077K(6656K)
[2026-06-17T10:05:58.865+0800][39.658s][info][gc,heap        ] GC(1556) ParOldGen: 31479K(44032K)->33216K(44032K)
[2026-06-17T10:05:58.867+0800][39.659s][info][gc,metaspace   ] GC(1556) Metaspace: 116K(320K)->116K(320K) NonClass: 109K(192K)->109K(192K) Class: 7K(128K)->7K(128K)
[2026-06-17T10:05:58.867+0800][39.660s][info][gc             ] GC(1556) Pause Young (Allocation Failure) 44M->37M(57M) 8.422ms
[2026-06-17T10:05:58.868+0800][39.661s][info][gc,cpu         ] GC(1556) User=0.00s Sys=0.00s Real=0.01s
[2026-06-17T10:05:58.891+0800][39.684s][info][gc,start       ] GC(1557) Pause Young (Allocation Failure)
[2026-06-17T10:05:58.893+0800][39.686s][info][gc,heap        ] GC(1557) PSYoungGen: 13227K(14848K)->3291K(14848K) Eden: 8149K(8192K)->0K(8192K) From: 5077K(6656K)->3291K(6656K)
[2026-06-17T10:05:58.894+0800][39.687s][info][gc,heap        ] GC(1557) ParOldGen: 33216K(44032K)->35880K(44032K)
[2026-06-17T10:05:58.894+0800][39.687s][info][gc,metaspace   ] GC(1557) Metaspace: 116K(320K)->116K(320K) NonClass: 109K(192K)->109K(192K) Class: 7K(128K)->7K(128K)
[2026-06-17T10:05:58.895+0800][39.688s][info][gc             ] GC(1557) Pause Young (Allocation Failure) 45M->38M(57M) 4.532ms
[2026-06-17T10:05:58.896+0800][39.689s][info][gc,cpu         ] GC(1557) User=0.00s Sys=0.00s Real=0.00s
[2026-06-17T10:05:58.918+0800][39.711s][info][gc,start       ] GC(1558) Pause Young (Allocation Failure)
[2026-06-17T10:05:58.920+0800][39.712s][info][gc,heap        ] GC(1558) PSYoungGen: 11465K(14848K)->4598K(14848K) Eden: 8173K(8192K)->0K(8192K) From: 3291K(6656K)->4598K(6656K)
[2026-06-17T10:05:58.920+0800][39.713s][info][gc,heap        ] GC(1558) ParOldGen: 35880K(44032K)->35880K(44032K)
[2026-06-17T10:05:58.922+0800][39.714s][info][gc,metaspace   ] GC(1558) Metaspace: 116K(320K)->116K(320K) NonClass: 109K(192K)->109K(192K) Class: 7K(128K)->7K(128K)
[2026-06-17T10:05:58.922+0800][39.715s][info][gc             ] GC(1558) Pause Young (Allocation Failure) 46M->39M(57M) 4.212ms
[2026-06-17T10:05:58.923+0800][39.716s][info][gc,cpu         ] GC(1558) User=0.00s Sys=0.00s Real=0.01s
[2026-06-17T10:05:58.944+0800][39.737s][info][gc,start       ] GC(1559) Pause Young (Allocation Failure)
[2026-06-17T10:05:58.946+0800][39.739s][info][gc,heap        ] GC(1559) PSYoungGen: 12778K(14848K)->3690K(15360K) Eden: 8179K(8192K)->0K(8704K) From: 4598K(6656K)->3690K(6656K)
[2026-06-17T10:05:58.947+0800][39.739s][info][gc,heap        ] GC(1559) ParOldGen: 35880K(44032K)->38205K(44032K)
[2026-06-17T10:05:58.947+0800][39.740s][info][gc,metaspace   ] GC(1559) Metaspace: 116K(320K)->116K(320K) NonClass: 109K(192K)->109K(192K) Class: 7K(128K)->7K(128K)
[2026-06-17T10:05:58.947+0800][39.740s][info][gc             ] GC(1559) Pause Young (Allocation Failure) 47M->40M(58M) 3.020ms
[2026-06-17T10:05:58.948+0800][39.741s][info][gc,cpu         ] GC(1559) User=0.00s Sys=0.00s Real=0.00s
[2026-06-17T10:05:58.970+0800][39.762s][info][gc,start       ] GC(1560) Pause Young (Allocation Failure)
[2026-06-17T10:05:58.972+0800][39.765s][info][gc,heap        ] GC(1560) PSYoungGen: 12359K(15360K)->3202K(14848K) Eden: 8668K(8704K)->0K(8704K) From: 3690K(6656K)->3202K(6144K)
[2026-06-17T10:05:58.973+0800][39.765s][info][gc,heap        ] GC(1560) ParOldGen: 38205K(44032K)->39950K(44032K)
[2026-06-17T10:05:58.973+0800][39.766s][info][gc,metaspace   ] GC(1560) Metaspace: 116K(320K)->116K(320K) NonClass: 109K(192K)->109K(192K) Class: 7K(128K)->7K(128K)
[2026-06-17T10:05:58.973+0800][39.766s][info][gc             ] GC(1560) Pause Young (Allocation Failure) 49M->42M(57M) 3.700ms
[2026-06-17T10:05:58.974+0800][39.767s][info][gc,cpu         ] GC(1560) User=0.00s Sys=0.00s Real=0.01s
[2026-06-17T10:05:58.995+0800][39.788s][info][gc,start       ] GC(1561) Pause Young (Allocation Failure)
[2026-06-17T10:05:58.997+0800][39.790s][info][gc,heap        ] GC(1561) PSYoungGen: 11879K(14848K)->4900K(14336K) Eden: 8676K(8704K)->0K(8192K) From: 3202K(6144K)->4900K(6144K)
[2026-06-17T10:05:58.997+0800][39.790s][info][gc,heap        ] GC(1561) ParOldGen: 39950K(44032K)->39950K(44032K)
[2026-06-17T10:05:58.998+0800][39.791s][info][gc,metaspace   ] GC(1561) Metaspace: 116K(320K)->116K(320K) NonClass: 109K(192K)->109K(192K) Class: 7K(128K)->7K(128K)
[2026-06-17T10:05:58.998+0800][39.791s][info][gc             ] GC(1561) Pause Young (Allocation Failure) 50M->43M(57M) 2.886ms
[2026-06-17T10:05:58.999+0800][39.792s][info][gc,cpu         ] GC(1561) User=0.01s Sys=0.01s Real=0.00s
[2026-06-17T10:05:59.021+0800][39.814s][info][gc,start       ] GC(1562) Pause Young (Allocation Failure)
[2026-06-17T10:05:59.023+0800][39.815s][info][gc,heap        ] GC(1562) PSYoungGen: 13084K(14336K)->4135K(14848K) Eden: 8183K(8192K)->0K(8192K) From: 4900K(6144K)->4135K(6656K)
[2026-06-17T10:05:59.023+0800][39.816s][info][gc,heap        ] GC(1562) ParOldGen: 39950K(44032K)->42041K(44032K)
[2026-06-17T10:05:59.023+0800][39.816s][info][gc,metaspace   ] GC(1562) Metaspace: 116K(320K)->116K(320K) NonClass: 109K(192K)->109K(192K) Class: 7K(128K)->7K(128K)
[2026-06-17T10:05:59.024+0800][39.817s][info][gc             ] GC(1562) Pause Young (Allocation Failure) 51M->45M(57M) 2.580ms
[2026-06-17T10:05:59.024+0800][39.817s][info][gc,cpu         ] GC(1562) User=0.00s Sys=0.00s Real=0.01s
[2026-06-17T10:05:59.046+0800][39.839s][info][gc,start       ] GC(1563) Pause Full (Allocation Failure)
[2026-06-17T10:05:59.046+0800][39.839s][info][gc,phases,start] GC(1563) Marking Phase
[2026-06-17T10:05:59.047+0800][39.840s][info][gc,phases      ] GC(1563) Marking Phase 1.107ms
[2026-06-17T10:05:59.048+0800][39.840s][info][gc,phases,start] GC(1563) Summary Phase
[2026-06-17T10:05:59.048+0800][39.841s][info][gc,phases      ] GC(1563) Summary Phase 0.143ms
[2026-06-17T10:05:59.048+0800][39.841s][info][gc,phases,start] GC(1563) Forward
[2026-06-17T10:05:59.049+0800][39.842s][info][gc,phases      ] GC(1563) Forward 0.586ms
[2026-06-17T10:05:59.049+0800][39.842s][info][gc,phases,start] GC(1563) Adjust Pointers
[2026-06-17T10:05:59.050+0800][39.842s][info][gc,phases      ] GC(1563) Adjust Pointers 0.485ms
[2026-06-17T10:05:59.050+0800][39.843s][info][gc,phases,start] GC(1563) Compaction Phase
[2026-06-17T10:05:59.051+0800][39.844s][info][gc,phases      ] GC(1563) Compaction Phase 1.442ms
[2026-06-17T10:05:59.052+0800][39.844s][info][gc,phases,start] GC(1563) Post Compact
[2026-06-17T10:05:59.052+0800][39.845s][info][gc,phases      ] GC(1563) Post Compact 0.171ms
[2026-06-17T10:05:59.052+0800][39.845s][info][gc,heap        ] GC(1563) PSYoungGen: 12286K(14848K)->0K(15360K) Eden: 8150K(8192K)->0K(9216K) From: 4135K(6656K)->0K(6144K)
[2026-06-17T10:05:59.052+0800][39.845s][info][gc,heap        ] GC(1563) ParOldGen: 42041K(44032K)->28969K(44032K)
[2026-06-17T10:05:59.052+0800][39.845s][info][gc,metaspace   ] GC(1563) Metaspace: 116K(320K)->116K(320K) NonClass: 109K(192K)->109K(192K) Class: 7K(128K)->7K(128K)
[2026-06-17T10:05:59.052+0800][39.845s][info][gc             ] GC(1563) Pause Full (Allocation Failure) 53M->28M(58M) 6.612ms
[2026-06-17T10:05:59.052+0800][39.845s][info][gc,cpu         ] GC(1563) User=0.01s Sys=0.00s Real=0.01s
[2026-06-17T10:05:59.073+0800][39.866s][info][gc,start       ] GC(1564) Pause Young (Allocation Failure)
[2026-06-17T10:05:59.075+0800][39.867s][info][gc,heap        ] GC(1564) PSYoungGen: 9186K(15360K)->5616K(14848K) Eden: 9186K(9216K)->0K(9216K) From: 0K(6144K)->5616K(5632K)
[2026-06-17T10:05:59.075+0800][39.868s][info][gc,heap        ] GC(1564) ParOldGen: 28969K(44032K)->28969K(44032K)
[2026-06-17T10:05:59.075+0800][39.868s][info][gc,metaspace   ] GC(1564) Metaspace: 116K(320K)->116K(320K) NonClass: 109K(192K)->109K(192K) Class: 7K(128K)->7K(128K)
[2026-06-17T10:05:59.075+0800][39.868s][info][gc             ] GC(1564) Pause Young (Allocation Failure) 37M->33M(57M) 1.850ms
[2026-06-17T10:05:59.076+0800][39.868s][info][gc,cpu         ] GC(1564) User=0.00s Sys=0.00s Real=0.00s
[2026-06-17T10:05:59.097+0800][39.890s][info][gc,start       ] GC(1565) Pause Young (Allocation Failure)
[2026-06-17T10:05:59.099+0800][39.891s][info][gc,heap        ] GC(1565) PSYoungGen: 14814K(14848K)->6644K(13824K) Eden: 9198K(9216K)->0K(7168K) From: 5616K(5632K)->6644K(6656K)
[2026-06-17T10:05:59.099+0800][39.892s][info][gc,heap        ] GC(1565) ParOldGen: 28969K(44032K)->29985K(44032K)
[2026-06-17T10:05:59.099+0800][39.892s][info][gc,metaspace   ] GC(1565) Metaspace: 116K(320K)->116K(320K) NonClass: 109K(192K)->109K(192K) Class: 7K(128K)->7K(128K)
[2026-06-17T10:05:59.099+0800][39.892s][info][gc             ] GC(1565) Pause Young (Allocation Failure) 42M->35M(56M) 2.383ms
[2026-06-17T10:05:59.099+0800][39.892s][info][gc,cpu         ] GC(1565) User=0.00s Sys=0.00s Real=0.00s
[2026-06-17T10:05:59.121+0800][39.914s][info][gc,start       ] GC(1566) Pause Young (Allocation Failure)
[2026-06-17T10:05:59.122+0800][39.915s][info][gc,heap        ] GC(1566) PSYoungGen: 13793K(13824K)->3040K(14336K) Eden: 7148K(7168K)->0K(7168K) From: 6644K(6656K)->3040K(7168K)
[2026-06-17T10:05:59.123+0800][39.916s][info][gc,heap        ] GC(1566) ParOldGen: 29985K(44032K)->34006K(44032K)
[2026-06-17T10:05:59.124+0800][39.916s][info][gc,metaspace   ] GC(1566) Metaspace: 116K(320K)->116K(320K) NonClass: 109K(192K)->109K(192K) Class: 7K(128K)->7K(128K)
[2026-06-17T10:05:59.124+0800][39.917s][info][gc             ] GC(1566) Pause Young (Allocation Failure) 42M->36M(57M) 3.147ms
[2026-06-17T10:05:59.124+0800][39.917s][info][gc,cpu         ] GC(1566) User=0.00s Sys=0.00s Real=0.01s
[2026-06-17T10:05:59.135+0800][39.928s][info][gc,start       ] GC(1567) Pause Young (Allocation Failure)
[2026-06-17T10:05:59.136+0800][39.929s][info][gc,heap        ] GC(1567) PSYoungGen: 10186K(14336K)->886K(14336K) Eden: 7146K(7168K)->0K(7168K) From: 3040K(7168K)->886K(7168K)
[2026-06-17T10:05:59.137+0800][39.930s][info][gc,heap        ] GC(1567) ParOldGen: 34006K(44032K)->36455K(44032K)
[2026-06-17T10:05:59.137+0800][39.930s][info][gc,metaspace   ] GC(1567) Metaspace: 116K(320K)->116K(320K) NonClass: 109K(192K)->109K(192K) Class: 7K(128K)->7K(128K)
[2026-06-17T10:05:59.138+0800][39.931s][info][gc             ] GC(1567) Pause Young (Allocation Failure) 43M->36M(57M) 2.815ms
[2026-06-17T10:05:59.139+0800][39.931s][info][gc,cpu         ] GC(1567) User=0.00s Sys=0.00s Real=0.00s
[2026-06-17T10:05:59.160+0800][39.953s][info][gc,start       ] GC(1568) Pause Young (Allocation Failure)
[2026-06-17T10:05:59.163+0800][39.955s][info][gc,heap        ] GC(1568) PSYoungGen: 8026K(14336K)->3658K(14336K) Eden: 7140K(7168K)->0K(7168K) From: 886K(7168K)->3658K(7168K)
[2026-06-17T10:05:59.165+0800][39.957s][info][gc,heap        ] GC(1568) ParOldGen: 36455K(44032K)->37317K(44032K)
[2026-06-17T10:05:59.165+0800][39.958s][info][gc,metaspace   ] GC(1568) Metaspace: 116K(320K)->116K(320K) NonClass: 109K(192K)->109K(192K) Class: 7K(128K)->7K(128K)
[2026-06-17T10:05:59.166+0800][39.959s][info][gc             ] GC(1568) Pause Young (Allocation Failure) 43M->40M(57M) 5.919ms
[2026-06-17T10:05:59.169+0800][39.962s][info][gc,cpu         ] GC(1568) User=0.00s Sys=0.00s Real=0.01s
[2026-06-17T10:05:59.193+0800][39.986s][info][gc,start       ] GC(1569) Pause Young (Allocation Failure)
[2026-06-17T10:05:59.205+0800][39.998s][info][gc,heap        ] GC(1569) PSYoungGen: 10794K(14336K)->3047K(14336K) Eden: 7136K(7168K)->0K(7168K) From: 3658K(7168K)->3047K(7168K)
[2026-06-17T10:05:59.220+0800][40.013s][info][gc,heap        ] GC(1569) ParOldGen: 37317K(44032K)->38353K(44032K)
[2026-06-17T10:05:59.221+0800][40.013s][info][gc,metaspace   ] GC(1569) Metaspace: 116K(320K)->116K(320K) NonClass: 109K(192K)->109K(192K) Class: 7K(128K)->7K(128K)
[2026-06-17T10:05:59.223+0800][40.016s][info][gc             ] GC(1569) Pause Young (Allocation Failure) 46M->40M(57M) 29.543ms
[2026-06-17T10:05:59.225+0800][40.018s][info][gc,cpu         ] GC(1569) User=0.00s Sys=0.00s Real=0.03s
[2026-06-17T10:05:59.248+0800][40.041s][info][gc,start       ] GC(1570) Pause Young (Allocation Failure)
[2026-06-17T10:05:59.251+0800][40.043s][info][gc,heap        ] GC(1570) PSYoungGen: 10188K(14336K)->2114K(14336K) Eden: 7141K(7168K)->0K(7168K) From: 3047K(7168K)->2114K(7168K)
[2026-06-17T10:05:59.252+0800][40.044s][info][gc,heap        ] GC(1570) ParOldGen: 38353K(44032K)->40055K(44032K)
[2026-06-17T10:05:59.254+0800][40.046s][info][gc,metaspace   ] GC(1570) Metaspace: 116K(320K)->116K(320K) NonClass: 109K(192K)->109K(192K) Class: 7K(128K)->7K(128K)
[2026-06-17T10:05:59.256+0800][40.049s][info][gc             ] GC(1570) Pause Young (Allocation Failure) 47M->41M(57M) 7.564ms
[2026-06-17T10:05:59.256+0800][40.049s][info][gc,cpu         ] GC(1570) User=0.00s Sys=0.00s Real=0.01s
[2026-06-17T10:05:59.280+0800][40.073s][info][gc,start       ] GC(1571) Pause Young (Allocation Failure)
[2026-06-17T10:05:59.297+0800][40.090s][info][gc,heap        ] GC(1571) PSYoungGen: 9282K(14336K)->2266K(14336K) Eden: 7168K(7168K)->0K(7168K) From: 2114K(7168K)->2266K(7168K)
[2026-06-17T10:05:59.307+0800][40.100s][info][gc,heap        ] GC(1571) ParOldGen: 40055K(44032K)->40055K(44032K)
[2026-06-17T10:05:59.312+0800][40.105s][info][gc,metaspace   ] GC(1571) Metaspace: 116K(320K)->116K(320K) NonClass: 109K(192K)->109K(192K) Class: 7K(128K)->7K(128K)
[2026-06-17T10:05:59.319+0800][40.112s][info][gc             ] GC(1571) Pause Young (Allocation Failure) 48M->41M(57M) 39.252ms
[2026-06-17T10:05:59.324+0800][40.117s][info][gc,cpu         ] GC(1571) User=0.00s Sys=0.00s Real=0.05s
[2026-06-17T10:05:59.338+0800][40.131s][info][gc,start       ] GC(1572) Pause Young (Allocation Failure)
[2026-06-17T10:05:59.340+0800][40.133s][info][gc,heap        ] GC(1572) PSYoungGen: 9422K(14336K)->2800K(14336K) Eden: 7156K(7168K)->0K(7168K) From: 2266K(7168K)->2800K(7168K)
[2026-06-17T10:05:59.341+0800][40.134s][info][gc,heap        ] GC(1572) ParOldGen: 40055K(44032K)->40055K(44032K)
[2026-06-17T10:05:59.341+0800][40.134s][info][gc,metaspace   ] GC(1572) Metaspace: 116K(320K)->116K(320K) NonClass: 109K(192K)->109K(192K) Class: 7K(128K)->7K(128K)
[2026-06-17T10:05:59.344+0800][40.137s][info][gc             ] GC(1572) Pause Young (Allocation Failure) 48M->41M(57M) 6.065ms
[2026-06-17T10:05:59.346+0800][40.139s][info][gc,cpu         ] GC(1572) User=0.00s Sys=0.00s Real=0.01s
[2026-06-17T10:05:59.368+0800][40.161s][info][gc,start       ] GC(1573) Pause Young (Allocation Failure)
[2026-06-17T10:05:59.370+0800][40.163s][info][gc,heap        ] GC(1573) PSYoungGen: 9917K(14336K)->6499K(14336K) Eden: 7117K(7168K)->0K(7168K) From: 2800K(7168K)->6499K(7168K)
[2026-06-17T10:05:59.372+0800][40.164s][info][gc,heap        ] GC(1573) ParOldGen: 40055K(44032K)->40055K(44032K)
[2026-06-17T10:05:59.377+0800][40.170s][info][gc,metaspace   ] GC(1573) Metaspace: 116K(320K)->116K(320K) NonClass: 109K(192K)->109K(192K) Class: 7K(128K)->7K(128K)
[2026-06-17T10:05:59.385+0800][40.178s][info][gc             ] GC(1573) Pause Young (Allocation Failure) 48M->45M(57M) 17.213ms
[2026-06-17T10:05:59.387+0800][40.179s][info][gc,cpu         ] GC(1573) User=0.00s Sys=0.00s Real=0.02s
[2026-06-17T10:05:59.409+0800][40.201s][info][gc,start       ] GC(1574) Pause Young (Allocation Failure)
[2026-06-17T10:05:59.411+0800][40.203s][info][gc,heap        ] GC(1574) PSYoungGen: 13572K(14336K)->4706K(14336K) Eden: 7073K(7168K)->0K(7168K) From: 6499K(7168K)->4706K(7168K)
[2026-06-17T10:05:59.413+0800][40.206s][info][gc,heap        ] GC(1574) ParOldGen: 40055K(44032K)->42212K(44032K)
[2026-06-17T10:05:59.414+0800][40.207s][info][gc,metaspace   ] GC(1574) Metaspace: 116K(320K)->116K(320K) NonClass: 109K(192K)->109K(192K) Class: 7K(128K)->7K(128K)
[2026-06-17T10:05:59.415+0800][40.208s][info][gc             ] GC(1574) Pause Young (Allocation Failure) 52M->45M(57M) 6.376ms
[2026-06-17T10:05:59.415+0800][40.208s][info][gc,cpu         ] GC(1574) User=0.01s Sys=0.00s Real=0.01s
[2026-06-17T10:05:59.438+0800][40.231s][info][gc,start       ] GC(1575) Pause Full (Allocation Failure)
[2026-06-17T10:05:59.439+0800][40.232s][info][gc,phases,start] GC(1575) Marking Phase
[2026-06-17T10:05:59.445+0800][40.238s][info][gc,phases      ] GC(1575) Marking Phase 5.566ms
[2026-06-17T10:05:59.446+0800][40.239s][info][gc,phases,start] GC(1575) Summary Phase
[2026-06-17T10:05:59.449+0800][40.242s][info][gc,phases      ] GC(1575) Summary Phase 2.815ms
[2026-06-17T10:05:59.450+0800][40.243s][info][gc,phases,start] GC(1575) Forward
[2026-06-17T10:05:59.452+0800][40.245s][info][gc,phases      ] GC(1575) Forward 1.865ms
[2026-06-17T10:05:59.456+0800][40.249s][info][gc,phases,start] GC(1575) Adjust Pointers
[2026-06-17T10:05:59.457+0800][40.250s][info][gc,phases      ] GC(1575) Adjust Pointers 1.443ms
[2026-06-17T10:05:59.459+0800][40.252s][info][gc,phases,start] GC(1575) Compaction Phase
[2026-06-17T10:05:59.463+0800][40.256s][info][gc,phases      ] GC(1575) Compaction Phase 4.198ms
[2026-06-17T10:05:59.464+0800][40.257s][info][gc,phases,start] GC(1575) Post Compact
[2026-06-17T10:05:59.466+0800][40.259s][info][gc,phases      ] GC(1575) Post Compact 1.873ms
[2026-06-17T10:05:59.469+0800][40.261s][info][gc,heap        ] GC(1575) PSYoungGen: 11844K(14336K)->0K(14336K) Eden: 7138K(7168K)->0K(7168K) From: 4706K(7168K)->0K(7168K)
[2026-06-17T10:05:59.469+0800][40.262s][info][gc,heap        ] GC(1575) ParOldGen: 42212K(44032K)->32022K(44032K)
[2026-06-17T10:05:59.470+0800][40.263s][info][gc,metaspace   ] GC(1575) Metaspace: 116K(320K)->116K(320K) NonClass: 109K(192K)->109K(192K) Class: 7K(128K)->7K(128K)
[2026-06-17T10:05:59.471+0800][40.264s][info][gc             ] GC(1575) Pause Full (Allocation Failure) 52M->31M(57M) 33.575ms
[2026-06-17T10:05:59.472+0800][40.265s][info][gc,cpu         ] GC(1575) User=0.00s Sys=0.00s Real=0.04s
[2026-06-17T10:05:59.493+0800][40.286s][info][gc,start       ] GC(1576) Pause Young (Allocation Failure)
[2026-06-17T10:05:59.494+0800][40.287s][info][gc,heap        ] GC(1576) PSYoungGen: 7165K(14336K)->3609K(14336K) Eden: 7165K(7168K)->0K(7168K) From: 0K(7168K)->3609K(7168K)
[2026-06-17T10:05:59.495+0800][40.287s][info][gc,heap        ] GC(1576) ParOldGen: 32022K(44032K)->32022K(44032K)
[2026-06-17T10:05:59.495+0800][40.288s][info][gc,metaspace   ] GC(1576) Metaspace: 116K(320K)->116K(320K) NonClass: 109K(192K)->109K(192K) Class: 7K(128K)->7K(128K)
[2026-06-17T10:05:59.495+0800][40.288s][info][gc             ] GC(1576) Pause Young (Allocation Failure) 38M->34M(57M) 2.156ms
[2026-06-17T10:05:59.495+0800][40.288s][info][gc,cpu         ] GC(1576) User=0.00s Sys=0.00s Real=0.00s
[2026-06-17T10:05:59.517+0800][40.310s][info][gc,start       ] GC(1577) Pause Young (Allocation Failure)
[2026-06-17T10:05:59.518+0800][40.311s][info][gc,heap        ] GC(1577) PSYoungGen: 10777K(14336K)->435K(14336K) Eden: 7167K(7168K)->0K(7168K) From: 3609K(7168K)->435K(7168K)
[2026-06-17T10:05:59.518+0800][40.311s][info][gc,heap        ] GC(1577) ParOldGen: 32022K(44032K)->35147K(44032K)
[2026-06-17T10:05:59.519+0800][40.311s][info][gc,metaspace   ] GC(1577) Metaspace: 116K(320K)->116K(320K) NonClass: 109K(192K)->109K(192K) Class: 7K(128K)->7K(128K)
[2026-06-17T10:05:59.519+0800][40.312s][info][gc             ] GC(1577) Pause Young (Allocation Failure) 41M->34M(57M) 1.916ms
[2026-06-17T10:05:59.519+0800][40.312s][info][gc,cpu         ] GC(1577) User=0.00s Sys=0.00s Real=0.00s
[2026-06-17T10:05:59.530+0800][40.323s][info][gc,start       ] GC(1578) Pause Young (Allocation Failure)
[2026-06-17T10:05:59.531+0800][40.324s][info][gc,heap        ] GC(1578) PSYoungGen: 7598K(14336K)->4253K(14336K) Eden: 7163K(7168K)->0K(7168K) From: 435K(7168K)->4253K(7168K)
[2026-06-17T10:05:59.532+0800][40.324s][info][gc,heap        ] GC(1578) ParOldGen: 35147K(44032K)->35147K(44032K)
[2026-06-17T10:05:59.532+0800][40.325s][info][gc,metaspace   ] GC(1578) Metaspace: 116K(320K)->116K(320K) NonClass: 109K(192K)->109K(192K) Class: 7K(128K)->7K(128K)
[2026-06-17T10:05:59.532+0800][40.325s][info][gc             ] GC(1578) Pause Young (Allocation Failure) 41M->38M(57M) 1.866ms
[2026-06-17T10:05:59.532+0800][40.325s][info][gc,cpu         ] GC(1578) User=0.00s Sys=0.00s Real=0.01s
[2026-06-17T10:05:59.553+0800][40.346s][info][gc,start       ] GC(1579) Pause Young (Allocation Failure)
[2026-06-17T10:05:59.555+0800][40.348s][info][gc,heap        ] GC(1579) PSYoungGen: 11414K(14336K)->1928K(14336K) Eden: 7161K(7168K)->0K(7168K) From: 4253K(7168K)->1928K(7168K)
[2026-06-17T10:05:59.555+0800][40.348s][info][gc,heap        ] GC(1579) ParOldGen: 35147K(44032K)->37477K(44032K)
[2026-06-17T10:05:59.556+0800][40.349s][info][gc,metaspace   ] GC(1579) Metaspace: 116K(320K)->116K(320K) NonClass: 109K(192K)->109K(192K) Class: 7K(128K)->7K(128K)
[2026-06-17T10:05:59.556+0800][40.349s][info][gc             ] GC(1579) Pause Young (Allocation Failure) 45M->38M(57M) 2.691ms
[2026-06-17T10:05:59.556+0800][40.349s][info][gc,cpu         ] GC(1579) User=0.00s Sys=0.00s Real=0.00s
[2026-06-17T10:05:59.578+0800][40.370s][info][gc,start       ] GC(1580) Pause Young (Allocation Failure)
[2026-06-17T10:05:59.579+0800][40.371s][info][gc,heap        ] GC(1580) PSYoungGen: 9086K(14336K)->2271K(14336K) Eden: 7157K(7168K)->0K(7168K) From: 1928K(7168K)->2271K(7168K)
[2026-06-17T10:05:59.579+0800][40.372s][info][gc,heap        ] GC(1580) ParOldGen: 37477K(44032K)->37477K(44032K)
[2026-06-17T10:05:59.579+0800][40.372s][info][gc,metaspace   ] GC(1580) Metaspace: 116K(320K)->116K(320K) NonClass: 109K(192K)->109K(192K) Class: 7K(128K)->7K(128K)
[2026-06-17T10:05:59.580+0800][40.372s][info][gc             ] GC(1580) Pause Young (Allocation Failure) 45M->38M(57M) 2.092ms
[2026-06-17T10:05:59.580+0800][40.373s][info][gc,cpu         ] GC(1580) User=0.01s Sys=0.00s Real=0.00s
[2026-06-17T10:05:59.591+0800][40.384s][info][gc,start       ] GC(1581) Pause Young (Allocation Failure)
[2026-06-17T10:05:59.592+0800][40.385s][info][gc,heap        ] GC(1581) PSYoungGen: 9420K(14336K)->2491K(14336K) Eden: 7148K(7168K)->0K(7168K) From: 2271K(7168K)->2491K(7168K)
[2026-06-17T10:05:59.593+0800][40.385s][info][gc,heap        ] GC(1581) ParOldGen: 37477K(44032K)->37477K(44032K)
[2026-06-17T10:05:59.593+0800][40.386s][info][gc,metaspace   ] GC(1581) Metaspace: 116K(320K)->116K(320K) NonClass: 109K(192K)->109K(192K) Class: 7K(128K)->7K(128K)
[2026-06-17T10:05:59.593+0800][40.386s][info][gc             ] GC(1581) Pause Young (Allocation Failure) 45M->39M(57M) 2.167ms
[2026-06-17T10:05:59.594+0800][40.386s][info][gc,cpu         ] GC(1581) User=0.00s Sys=0.00s Real=0.00s
[2026-06-17T10:05:59.615+0800][40.408s][info][gc,start       ] GC(1582) Pause Young (Allocation Failure)
[2026-06-17T10:05:59.617+0800][40.410s][info][gc,heap        ] GC(1582) PSYoungGen: 9637K(14336K)->6071K(14336K) Eden: 7146K(7168K)->0K(7168K) From: 2491K(7168K)->6071K(7168K)
[2026-06-17T10:05:59.618+0800][40.411s][info][gc,heap        ] GC(1582) ParOldGen: 37477K(44032K)->37477K(44032K)
[2026-06-17T10:05:59.619+0800][40.411s][info][gc,metaspace   ] GC(1582) Metaspace: 116K(320K)->116K(320K) NonClass: 109K(192K)->109K(192K) Class: 7K(128K)->7K(128K)
[2026-06-17T10:05:59.619+0800][40.412s][info][gc             ] GC(1582) Pause Young (Allocation Failure) 46M->42M(57M) 4.090ms
[2026-06-17T10:05:59.620+0800][40.413s][info][gc,cpu         ] GC(1582) User=0.00s Sys=0.00s Real=0.00s
[2026-06-17T10:05:59.631+0800][40.424s][info][gc,start       ] GC(1583) Pause Young (Allocation Failure)
[2026-06-17T10:05:59.633+0800][40.426s][info][gc,heap        ] GC(1583) PSYoungGen: 12752K(14336K)->4150K(14336K) Eden: 6680K(7168K)->0K(7168K) From: 6071K(7168K)->4150K(7168K)
[2026-06-17T10:05:59.634+0800][40.427s][info][gc,heap        ] GC(1583) ParOldGen: 37477K(44032K)->39269K(44032K)
[2026-06-17T10:05:59.634+0800][40.427s][info][gc,metaspace   ] GC(1583) Metaspace: 116K(320K)->116K(320K) NonClass: 109K(192K)->109K(192K) Class: 7K(128K)->7K(128K)
[2026-06-17T10:05:59.635+0800][40.428s][info][gc             ] GC(1583) Pause Young (Allocation Failure) 49M->42M(57M) 3.629ms
[2026-06-17T10:05:59.635+0800][40.428s][info][gc,cpu         ] GC(1583) User=0.01s Sys=0.00s Real=0.00s
[2026-06-17T10:05:59.658+0800][40.450s][info][gc,start       ] GC(1584) Pause Young (Allocation Failure)
[2026-06-17T10:05:59.660+0800][40.452s][info][gc,heap        ] GC(1584) PSYoungGen: 11295K(14336K)->5304K(14336K) Eden: 7145K(7168K)->0K(7168K) From: 4150K(7168K)->5304K(7168K)
[2026-06-17T10:05:59.660+0800][40.453s][info][gc,heap        ] GC(1584) ParOldGen: 39269K(44032K)->41768K(44032K)
[2026-06-17T10:05:59.661+0800][40.454s][info][gc,metaspace   ] GC(1584) Metaspace: 116K(320K)->116K(320K) NonClass: 109K(192K)->109K(192K) Class: 7K(128K)->7K(128K)
[2026-06-17T10:05:59.661+0800][40.454s][info][gc             ] GC(1584) Pause Young (Allocation Failure) 49M->45M(57M) 3.797ms
[2026-06-17T10:05:59.662+0800][40.454s][info][gc,cpu         ] GC(1584) User=0.00s Sys=0.00s Real=0.00s
[2026-06-17T10:05:59.683+0800][40.476s][info][gc,start       ] GC(1585) Pause Full (Allocation Failure)
[2026-06-17T10:05:59.684+0800][40.477s][info][gc,phases,start] GC(1585) Marking Phase
[2026-06-17T10:05:59.686+0800][40.479s][info][gc,phases      ] GC(1585) Marking Phase 2.124ms
[2026-06-17T10:05:59.687+0800][40.479s][info][gc,phases,start] GC(1585) Summary Phase
[2026-06-17T10:05:59.687+0800][40.480s][info][gc,phases      ] GC(1585) Summary Phase 0.474ms
[2026-06-17T10:05:59.688+0800][40.480s][info][gc,phases,start] GC(1585) Forward
[2026-06-17T10:05:59.688+0800][40.481s][info][gc,phases      ] GC(1585) Forward 0.613ms
[2026-06-17T10:05:59.689+0800][40.481s][info][gc,phases,start] GC(1585) Adjust Pointers
[2026-06-17T10:05:59.690+0800][40.482s][info][gc,phases      ] GC(1585) Adjust Pointers 0.960ms
[2026-06-17T10:05:59.690+0800][40.483s][info][gc,phases,start] GC(1585) Compaction Phase
[2026-06-17T10:05:59.692+0800][40.485s][info][gc,phases      ] GC(1585) Compaction Phase 2.051ms
[2026-06-17T10:05:59.693+0800][40.485s][info][gc,phases,start] GC(1585) Post Compact
[2026-06-17T10:05:59.693+0800][40.486s][info][gc,phases      ] GC(1585) Post Compact 0.368ms
[2026-06-17T10:05:59.693+0800][40.486s][info][gc,heap        ] GC(1585) PSYoungGen: 12431K(14336K)->0K(14336K) Eden: 7126K(7168K)->0K(7168K) From: 5304K(7168K)->0K(7168K)
[2026-06-17T10:05:59.693+0800][40.486s][info][gc,heap        ] GC(1585) ParOldGen: 41768K(44032K)->33045K(44032K)
[2026-06-17T10:05:59.694+0800][40.486s][info][gc,metaspace   ] GC(1585) Metaspace: 116K(320K)->116K(320K) NonClass: 109K(192K)->109K(192K) Class: 7K(128K)->7K(128K)
[2026-06-17T10:05:59.694+0800][40.487s][info][gc             ] GC(1585) Pause Full (Allocation Failure) 52M->32M(57M) 10.588ms
[2026-06-17T10:05:59.694+0800][40.487s][info][gc,cpu         ] GC(1585) User=0.01s Sys=0.00s Real=0.01s
[2026-06-17T10:05:59.715+0800][40.508s][info][gc,start       ] GC(1586) Pause Young (Allocation Failure)
[2026-06-17T10:05:59.716+0800][40.509s][info][gc,heap        ] GC(1586) PSYoungGen: 7129K(14336K)->3899K(14336K) Eden: 7129K(7168K)->0K(7168K) From: 0K(7168K)->3899K(7168K)
[2026-06-17T10:05:59.717+0800][40.509s][info][gc,heap        ] GC(1586) ParOldGen: 33045K(44032K)->33045K(44032K)
[2026-06-17T10:05:59.717+0800][40.510s][info][gc,metaspace   ] GC(1586) Metaspace: 116K(320K)->116K(320K) NonClass: 109K(192K)->109K(192K) Class: 7K(128K)->7K(128K)
[2026-06-17T10:05:59.717+0800][40.510s][info][gc             ] GC(1586) Pause Young (Allocation Failure) 39M->36M(57M) 1.790ms
[2026-06-17T10:05:59.717+0800][40.510s][info][gc,cpu         ] GC(1586) User=0.00s Sys=0.00s Real=0.00s
[2026-06-17T10:05:59.728+0800][40.521s][info][gc,start       ] GC(1587) Pause Young (Allocation Failure)
[2026-06-17T10:05:59.729+0800][40.522s][info][gc,heap        ] GC(1587) PSYoungGen: 11067K(14336K)->4243K(14336K) Eden: 7167K(7168K)->0K(7168K) From: 3899K(7168K)->4243K(7168K)
[2026-06-17T10:05:59.730+0800][40.522s][info][gc,heap        ] GC(1587) ParOldGen: 33045K(44032K)->36285K(44032K)
[2026-06-17T10:05:59.730+0800][40.523s][info][gc,metaspace   ] GC(1587) Metaspace: 116K(320K)->116K(320K) NonClass: 109K(192K)->109K(192K) Class: 7K(128K)->7K(128K)
[2026-06-17T10:05:59.730+0800][40.523s][info][gc             ] GC(1587) Pause Young (Allocation Failure) 43M->39M(57M) 1.691ms
[2026-06-17T10:05:59.730+0800][40.523s][info][gc,cpu         ] GC(1587) User=0.00s Sys=0.00s Real=0.00s
[2026-06-17T10:05:59.752+0800][40.545s][info][gc,start       ] GC(1588) Pause Young (Allocation Failure)
[2026-06-17T10:05:59.755+0800][40.547s][info][gc,heap        ] GC(1588) PSYoungGen: 11396K(14336K)->2696K(14336K) Eden: 7152K(7168K)->0K(7168K) From: 4243K(7168K)->2696K(7168K)
[2026-06-17T10:05:59.755+0800][40.548s][info][gc,heap        ] GC(1588) ParOldGen: 36285K(44032K)->38001K(44032K)
[2026-06-17T10:05:59.756+0800][40.549s][info][gc,metaspace   ] GC(1588) Metaspace: 116K(320K)->116K(320K) NonClass: 109K(192K)->109K(192K) Class: 7K(128K)->7K(128K)
[2026-06-17T10:05:59.756+0800][40.549s][info][gc             ] GC(1588) Pause Young (Allocation Failure) 46M->39M(57M) 4.220ms
[2026-06-17T10:05:59.757+0800][40.550s][info][gc,cpu         ] GC(1588) User=0.00s Sys=0.00s Real=0.00s
[2026-06-17T10:05:59.779+0800][40.571s][info][gc,start       ] GC(1589) Pause Young (Allocation Failure)
[2026-06-17T10:05:59.780+0800][40.573s][info][gc,heap        ] GC(1589) PSYoungGen: 9847K(14336K)->2734K(14336K) Eden: 7151K(7168K)->0K(7168K) From: 2696K(7168K)->2734K(7168K)
[2026-06-17T10:05:59.780+0800][40.573s][info][gc,heap        ] GC(1589) ParOldGen: 38001K(44032K)->38001K(44032K)
[2026-06-17T10:05:59.780+0800][40.573s][info][gc,metaspace   ] GC(1589) Metaspace: 116K(320K)->116K(320K) NonClass: 109K(192K)->109K(192K) Class: 7K(128K)->7K(128K)
[2026-06-17T10:05:59.781+0800][40.573s][info][gc             ] GC(1589) Pause Young (Allocation Failure) 46M->39M(57M) 1.933ms
[2026-06-17T10:05:59.781+0800][40.573s][info][gc,cpu         ] GC(1589) User=0.01s Sys=0.00s Real=0.00s
[2026-06-17T10:05:59.791+0800][40.584s][info][gc,start       ] GC(1590) Pause Young (Allocation Failure)
[2026-06-17T10:05:59.792+0800][40.585s][info][gc,heap        ] GC(1590) PSYoungGen: 9758K(14336K)->2432K(14336K) Eden: 7024K(7168K)->0K(7168K) From: 2734K(7168K)->2432K(7168K)
[2026-06-17T10:05:59.792+0800][40.585s][info][gc,heap        ] GC(1590) ParOldGen: 38001K(44032K)->38001K(44032K)
[2026-06-17T10:05:59.793+0800][40.585s][info][gc,metaspace   ] GC(1590) Metaspace: 116K(320K)->116K(320K) NonClass: 109K(192K)->109K(192K) Class: 7K(128K)->7K(128K)
[2026-06-17T10:05:59.793+0800][40.585s][info][gc             ] GC(1590) Pause Young (Allocation Failure) 46M->39M(57M) 1.204ms
[2026-06-17T10:05:59.793+0800][40.586s][info][gc,cpu         ] GC(1590) User=0.00s Sys=0.00s Real=0.00s
[2026-06-17T10:05:59.814+0800][40.607s][info][gc,start       ] GC(1591) Pause Young (Allocation Failure)
[2026-06-17T10:05:59.815+0800][40.608s][info][gc,heap        ] GC(1591) PSYoungGen: 9588K(14336K)->6325K(14336K) Eden: 7156K(7168K)->0K(7168K) From: 2432K(7168K)->6325K(7168K)
[2026-06-17T10:05:59.815+0800][40.608s][info][gc,heap        ] GC(1591) ParOldGen: 38001K(44032K)->38001K(44032K)
[2026-06-17T10:05:59.816+0800][40.608s][info][gc,metaspace   ] GC(1591) Metaspace: 116K(320K)->116K(320K) NonClass: 109K(192K)->109K(192K) Class: 7K(128K)->7K(128K)
[2026-06-17T10:05:59.816+0800][40.609s][info][gc             ] GC(1591) Pause Young (Allocation Failure) 46M->43M(57M) 2.186ms
[2026-06-17T10:05:59.816+0800][40.609s][info][gc,cpu         ] GC(1591) User=0.00s Sys=0.00s Real=0.00s
[2026-06-17T10:05:59.838+0800][40.630s][info][gc,start       ] GC(1592) Pause Young (Allocation Failure)
[2026-06-17T10:05:59.839+0800][40.632s][info][gc,heap        ] GC(1592) PSYoungGen: 13446K(14336K)->3903K(14336K) Eden: 7120K(7168K)->0K(7168K) From: 6325K(7168K)->3903K(7168K)
[2026-06-17T10:05:59.840+0800][40.633s][info][gc,heap        ] GC(1592) ParOldGen: 38001K(44032K)->40417K(44032K)
[2026-06-17T10:05:59.840+0800][40.633s][info][gc,metaspace   ] GC(1592) Metaspace: 116K(320K)->116K(320K) NonClass: 109K(192K)->109K(192K) Class: 7K(128K)->7K(128K)
[2026-06-17T10:05:59.841+0800][40.634s][info][gc             ] GC(1592) Pause Young (Allocation Failure) 50M->43M(57M) 3.177ms
[2026-06-17T10:05:59.841+0800][40.634s][info][gc,cpu         ] GC(1592) User=0.00s Sys=0.00s Real=0.00s
[2026-06-17T10:05:59.853+0800][40.645s][info][gc,start       ] GC(1593) Pause Full (Allocation Failure)
[2026-06-17T10:05:59.853+0800][40.646s][info][gc,phases,start] GC(1593) Marking Phase
[2026-06-17T10:05:59.856+0800][40.649s][info][gc,phases      ] GC(1593) Marking Phase 2.540ms
[2026-06-17T10:05:59.856+0800][40.649s][info][gc,phases,start] GC(1593) Summary Phase
[2026-06-17T10:05:59.857+0800][40.649s][info][gc,phases      ] GC(1593) Summary Phase 0.386ms
[2026-06-17T10:05:59.857+0800][40.650s][info][gc,phases,start] GC(1593) Forward
[2026-06-17T10:05:59.857+0800][40.650s][info][gc,phases      ] GC(1593) Forward 0.416ms
[2026-06-17T10:05:59.858+0800][40.650s][info][gc,phases,start] GC(1593) Adjust Pointers
[2026-06-17T10:05:59.859+0800][40.652s][info][gc,phases      ] GC(1593) Adjust Pointers 1.238ms
[2026-06-17T10:05:59.859+0800][40.652s][info][gc,phases,start] GC(1593) Compaction Phase
[2026-06-17T10:05:59.861+0800][40.654s][info][gc,phases      ] GC(1593) Compaction Phase 2.192ms
[2026-06-17T10:05:59.862+0800][40.655s][info][gc,phases,start] GC(1593) Post Compact
[2026-06-17T10:05:59.862+0800][40.655s][info][gc,phases      ] GC(1593) Post Compact 0.351ms
[2026-06-17T10:05:59.863+0800][40.655s][info][gc,heap        ] GC(1593) PSYoungGen: 10435K(14336K)->0K(14336K) Eden: 6531K(7168K)->0K(7168K) From: 3903K(7168K)->0K(7168K)
[2026-06-17T10:05:59.863+0800][40.655s][info][gc,heap        ] GC(1593) ParOldGen: 40417K(44032K)->30185K(44032K)
[2026-06-17T10:05:59.863+0800][40.656s][info][gc,metaspace   ] GC(1593) Metaspace: 116K(320K)->116K(320K) NonClass: 109K(192K)->109K(192K) Class: 7K(128K)->7K(128K)
[2026-06-17T10:05:59.863+0800][40.656s][info][gc             ] GC(1593) Pause Full (Allocation Failure) 49M->29M(57M) 10.454ms
[2026-06-17T10:05:59.863+0800][40.656s][info][gc,cpu         ] GC(1593) User=0.01s Sys=0.00s Real=0.01s
[2026-06-17T10:05:59.885+0800][40.677s][info][gc,start       ] GC(1594) Pause Young (Allocation Failure)
[2026-06-17T10:05:59.886+0800][40.679s][info][gc,heap        ] GC(1594) PSYoungGen: 7163K(14336K)->4110K(14336K) Eden: 7163K(7168K)->0K(7168K) From: 0K(7168K)->4110K(7168K)
[2026-06-17T10:05:59.887+0800][40.680s][info][gc,heap        ] GC(1594) ParOldGen: 30185K(44032K)->30185K(44032K)
[2026-06-17T10:05:59.887+0800][40.680s][info][gc,metaspace   ] GC(1594) Metaspace: 116K(320K)->116K(320K) NonClass: 109K(192K)->109K(192K) Class: 7K(128K)->7K(128K)
[2026-06-17T10:05:59.887+0800][40.680s][info][gc             ] GC(1594) Pause Young (Allocation Failure) 36M->33M(57M) 2.724ms
[2026-06-17T10:05:59.887+0800][40.680s][info][gc,cpu         ] GC(1594) User=0.00s Sys=0.00s Real=0.00s
[2026-06-17T10:05:59.909+0800][40.702s][info][gc,start       ] GC(1595) Pause Young (Allocation Failure)
[2026-06-17T10:05:59.910+0800][40.703s][info][gc,heap        ] GC(1595) PSYoungGen: 11276K(14336K)->4318K(14336K) Eden: 7166K(7168K)->0K(7168K) From: 4110K(7168K)->4318K(7168K)
[2026-06-17T10:05:59.911+0800][40.704s][info][gc,heap        ] GC(1595) ParOldGen: 30185K(44032K)->30185K(44032K)
[2026-06-17T10:05:59.911+0800][40.704s][info][gc,metaspace   ] GC(1595) Metaspace: 116K(320K)->116K(320K) NonClass: 109K(192K)->109K(192K) Class: 7K(128K)->7K(128K)
[2026-06-17T10:05:59.911+0800][40.704s][info][gc             ] GC(1595) Pause Young (Allocation Failure) 40M->33M(57M) 2.608ms
[2026-06-17T10:05:59.912+0800][40.704s][info][gc,cpu         ] GC(1595) User=0.00s Sys=0.00s Real=0.01s
[2026-06-17T10:05:59.933+0800][40.726s][info][gc,start       ] GC(1596) Pause Young (Allocation Failure)
[2026-06-17T10:05:59.936+0800][40.729s][info][gc,heap        ] GC(1596) PSYoungGen: 11486K(14336K)->4810K(14336K) Eden: 7168K(7168K)->0K(7168K) From: 4318K(7168K)->4810K(7168K)
[2026-06-17T10:05:59.936+0800][40.729s][info][gc,heap        ] GC(1596) ParOldGen: 30185K(44032K)->30185K(44032K)
[2026-06-17T10:05:59.936+0800][40.729s][info][gc,metaspace   ] GC(1596) Metaspace: 116K(320K)->116K(320K) NonClass: 109K(192K)->109K(192K) Class: 7K(128K)->7K(128K)
[2026-06-17T10:05:59.937+0800][40.729s][info][gc             ] GC(1596) Pause Young (Allocation Failure) 40M->34M(57M) 3.370ms
[2026-06-17T10:05:59.937+0800][40.730s][info][gc,cpu         ] GC(1596) User=0.00s Sys=0.00s Real=0.00s
[2026-06-17T10:05:59.948+0800][40.741s][info][gc,start       ] GC(1597) Pause Young (Allocation Failure)
[2026-06-17T10:05:59.950+0800][40.743s][info][gc,heap        ] GC(1597) PSYoungGen: 11690K(14336K)->4709K(14336K) Eden: 6879K(7168K)->0K(7168K) From: 4810K(7168K)->4709K(7168K)
[2026-06-17T10:05:59.950+0800][40.743s][info][gc,heap        ] GC(1597) ParOldGen: 30185K(44032K)->30185K(44032K)
[2026-06-17T10:05:59.951+0800][40.743s][info][gc,metaspace   ] GC(1597) Metaspace: 116K(320K)->116K(320K) NonClass: 109K(192K)->109K(192K) Class: 7K(128K)->7K(128K)
[2026-06-17T10:05:59.951+0800][40.744s][info][gc             ] GC(1597) Pause Young (Allocation Failure) 40M->34M(57M) 2.823ms
[2026-06-17T10:05:59.951+0800][40.744s][info][gc,cpu         ] GC(1597) User=0.00s Sys=0.00s Real=0.01s
[2026-06-17T10:05:59.973+0800][40.766s][info][gc,start       ] GC(1598) Pause Young (Allocation Failure)
[2026-06-17T10:05:59.975+0800][40.768s][info][gc,heap        ] GC(1598) PSYoungGen: 11850K(14336K)->7167K(14336K) Eden: 7141K(7168K)->0K(7168K) From: 4709K(7168K)->7167K(7168K)
[2026-06-17T10:05:59.976+0800][40.769s][info][gc,heap        ] GC(1598) ParOldGen: 30185K(44032K)->31190K(44032K)
[2026-06-17T10:05:59.976+0800][40.769s][info][gc,metaspace   ] GC(1598) Metaspace: 116K(320K)->116K(320K) NonClass: 109K(192K)->109K(192K) Class: 7K(128K)->7K(128K)
[2026-06-17T10:05:59.977+0800][40.770s][info][gc             ] GC(1598) Pause Young (Allocation Failure) 41M->37M(57M) 3.860ms
[2026-06-17T10:05:59.977+0800][40.770s][info][gc,cpu         ] GC(1598) User=0.01s Sys=0.00s Real=0.00s
[2026-06-17T10:05:59.989+0800][40.782s][info][gc,start       ] GC(1599) Pause Young (Allocation Failure)
[2026-06-17T10:05:59.991+0800][40.784s][info][gc,heap        ] GC(1599) PSYoungGen: 14250K(14336K)->4850K(14336K) Eden: 7082K(7168K)->0K(7168K) From: 7167K(7168K)->4850K(7168K)
[2026-06-17T10:05:59.992+0800][40.785s][info][gc,heap        ] GC(1599) ParOldGen: 31190K(44032K)->33958K(44032K)
[2026-06-17T10:05:59.993+0800][40.785s][info][gc,metaspace   ] GC(1599) Metaspace: 116K(320K)->116K(320K) NonClass: 109K(192K)->109K(192K) Class: 7K(128K)->7K(128K)
[2026-06-17T10:05:59.993+0800][40.786s][info][gc             ] GC(1599) Pause Young (Allocation Failure) 44M->37M(57M) 3.975ms
[2026-06-17T10:05:59.994+0800][40.786s][info][gc,cpu         ] GC(1599) User=0.00s Sys=0.00s Real=0.01s
[2026-06-17T10:06:00.026+0800][40.819s][info][gc,start       ] GC(1600) Pause Young (Allocation Failure)
[2026-06-17T10:06:00.031+0800][40.824s][info][gc,heap        ] GC(1600) PSYoungGen: 12014K(14336K)->3592K(14336K) Eden: 7164K(7168K)->0K(7168K) From: 4850K(7168K)->3592K(7168K)
[2026-06-17T10:06:00.032+0800][40.825s][info][gc,heap        ] GC(1600) ParOldGen: 33958K(44032K)->35550K(44032K)
[2026-06-17T10:06:00.039+0800][40.831s][info][gc,metaspace   ] GC(1600) Metaspace: 116K(320K)->116K(320K) NonClass: 109K(192K)->109K(192K) Class: 7K(128K)->7K(128K)
[2026-06-17T10:06:00.040+0800][40.833s][info][gc             ] GC(1600) Pause Young (Allocation Failure) 44M->38M(57M) 13.944ms
[2026-06-17T10:06:00.040+0800][40.833s][info][gc,cpu         ] GC(1600) User=0.00s Sys=0.00s Real=0.01s
[2026-06-17T10:06:00.052+0800][40.844s][info][gc,start       ] GC(1601) Pause Young (Allocation Failure)
[2026-06-17T10:06:00.053+0800][40.845s][info][gc,heap        ] GC(1601) PSYoungGen: 10720K(14336K)->6475K(14336K) Eden: 7128K(7168K)->0K(7168K) From: 3592K(7168K)->6475K(7168K)
[2026-06-17T10:06:00.053+0800][40.846s][info][gc,heap        ] GC(1601) ParOldGen: 35550K(44032K)->36734K(44032K)
[2026-06-17T10:06:00.053+0800][40.846s][info][gc,metaspace   ] GC(1601) Metaspace: 116K(320K)->116K(320K) NonClass: 109K(192K)->109K(192K) Class: 7K(128K)->7K(128K)
[2026-06-17T10:06:00.054+0800][40.847s][info][gc             ] GC(1601) Pause Young (Allocation Failure) 45M->42M(57M) 2.231ms
[2026-06-17T10:06:00.054+0800][40.847s][info][gc,cpu         ] GC(1601) User=0.00s Sys=0.00s Real=0.00s
[2026-06-17T10:06:00.075+0800][40.868s][info][gc,start       ] GC(1602) Pause Young (Allocation Failure)
[2026-06-17T10:06:00.076+0800][40.869s][info][gc,heap        ] GC(1602) PSYoungGen: 13638K(14336K)->4434K(14336K) Eden: 7163K(7168K)->0K(7168K) From: 6475K(7168K)->4434K(7168K)
[2026-06-17T10:06:00.077+0800][40.870s][info][gc,heap        ] GC(1602) ParOldGen: 36734K(44032K)->38903K(44032K)
[2026-06-17T10:06:00.077+0800][40.870s][info][gc,metaspace   ] GC(1602) Metaspace: 116K(320K)->116K(320K) NonClass: 109K(192K)->109K(192K) Class: 7K(128K)->7K(128K)
[2026-06-17T10:06:00.077+0800][40.870s][info][gc             ] GC(1602) Pause Young (Allocation Failure) 49M->42M(57M) 2.132ms
[2026-06-17T10:06:00.078+0800][40.870s][info][gc,cpu         ] GC(1602) User=0.00s Sys=0.00s Real=0.00s
[2026-06-17T10:06:00.089+0800][40.882s][info][gc,start       ] GC(1603) Pause Young (Allocation Failure)
[2026-06-17T10:06:00.091+0800][40.883s][info][gc,heap        ] GC(1603) PSYoungGen: 11077K(14336K)->2253K(14336K) Eden: 6643K(7168K)->0K(7168K) From: 4434K(7168K)->2253K(7168K)
[2026-06-17T10:06:00.092+0800][40.885s][info][gc,heap        ] GC(1603) ParOldGen: 38903K(44032K)->40648K(44032K)
[2026-06-17T10:06:00.094+0800][40.887s][info][gc,metaspace   ] GC(1603) Metaspace: 116K(320K)->116K(320K) NonClass: 109K(192K)->109K(192K) Class: 7K(128K)->7K(128K)
[2026-06-17T10:06:00.098+0800][40.891s][info][gc             ] GC(1603) Pause Young (Allocation Failure) 48M->41M(57M) 9.246ms
[2026-06-17T10:06:00.099+0800][40.892s][info][gc,cpu         ] GC(1603) User=0.00s Sys=0.00s Real=0.01s
[2026-06-17T10:06:00.121+0800][40.913s][info][gc,start       ] GC(1604) Pause Full (Allocation Failure)
[2026-06-17T10:06:00.121+0800][40.914s][info][gc,phases,start] GC(1604) Marking Phase
[2026-06-17T10:06:00.122+0800][40.915s][info][gc,phases      ] GC(1604) Marking Phase 1.004ms
[2026-06-17T10:06:00.122+0800][40.915s][info][gc,phases,start] GC(1604) Summary Phase
[2026-06-17T10:06:00.122+0800][40.915s][info][gc,phases      ] GC(1604) Summary Phase 0.114ms
[2026-06-17T10:06:00.122+0800][40.915s][info][gc,phases,start] GC(1604) Forward
[2026-06-17T10:06:00.123+0800][40.915s][info][gc,phases      ] GC(1604) Forward 0.168ms
[2026-06-17T10:06:00.123+0800][40.915s][info][gc,phases,start] GC(1604) Adjust Pointers
[2026-06-17T10:06:00.123+0800][40.916s][info][gc,phases      ] GC(1604) Adjust Pointers 0.405ms
[2026-06-17T10:06:00.123+0800][40.916s][info][gc,phases,start] GC(1604) Compaction Phase
[2026-06-17T10:06:00.125+0800][40.918s][info][gc,phases      ] GC(1604) Compaction Phase 1.718ms
[2026-06-17T10:06:00.125+0800][40.918s][info][gc,phases,start] GC(1604) Post Compact
[2026-06-17T10:06:00.125+0800][40.918s][info][gc,phases      ] GC(1604) Post Compact 0.136ms
[2026-06-17T10:06:00.125+0800][40.918s][info][gc,heap        ] GC(1604) PSYoungGen: 9402K(14336K)->0K(14336K) Eden: 7149K(7168K)->0K(7168K) From: 2253K(7168K)->0K(7168K)
[2026-06-17T10:06:00.125+0800][40.918s][info][gc,heap        ] GC(1604) ParOldGen: 40648K(44032K)->36553K(44032K)
[2026-06-17T10:06:00.125+0800][40.918s][info][gc,metaspace   ] GC(1604) Metaspace: 116K(320K)->116K(320K) NonClass: 109K(192K)->109K(192K) Class: 7K(128K)->7K(128K)
[2026-06-17T10:06:00.126+0800][40.918s][info][gc             ] GC(1604) Pause Full (Allocation Failure) 48M->35M(57M) 4.974ms
[2026-06-17T10:06:00.126+0800][40.918s][info][gc,cpu         ] GC(1604) User=0.01s Sys=0.00s Real=0.01s
[2026-06-17T10:06:00.136+0800][40.929s][info][gc,start       ] GC(1605) Pause Young (Allocation Failure)
[2026-06-17T10:06:00.138+0800][40.930s][info][gc,heap        ] GC(1605) PSYoungGen: 7145K(14336K)->7139K(14336K) Eden: 7145K(7168K)->0K(7168K) From: 0K(7168K)->7139K(7168K)
[2026-06-17T10:06:00.138+0800][40.931s][info][gc,heap        ] GC(1605) ParOldGen: 36553K(44032K)->36600K(44032K)
[2026-06-17T10:06:00.139+0800][40.931s][info][gc,metaspace   ] GC(1605) Metaspace: 116K(320K)->116K(320K) NonClass: 109K(192K)->109K(192K) Class: 7K(128K)->7K(128K)
[2026-06-17T10:06:00.139+0800][40.932s][info][gc             ] GC(1605) Pause Young (Allocation Failure) 42M->42M(57M) 2.851ms
[2026-06-17T10:06:00.140+0800][40.932s][info][gc,cpu         ] GC(1605) User=0.00s Sys=0.00s Real=0.00s
[2026-06-17T10:06:00.161+0800][40.954s][info][gc,start       ] GC(1606) Pause Young (Allocation Failure)
[2026-06-17T10:06:00.163+0800][40.956s][info][gc,heap        ] GC(1606) PSYoungGen: 14296K(14336K)->3405K(14336K) Eden: 7156K(7168K)->0K(7168K) From: 7139K(7168K)->3405K(7168K)
[2026-06-17T10:06:00.164+0800][40.957s][info][gc,heap        ] GC(1606) ParOldGen: 36600K(44032K)->40225K(44032K)
[2026-06-17T10:06:00.164+0800][40.957s][info][gc,metaspace   ] GC(1606) Metaspace: 116K(320K)->116K(320K) NonClass: 109K(192K)->109K(192K) Class: 7K(128K)->7K(128K)
[2026-06-17T10:06:00.165+0800][40.958s][info][gc             ] GC(1606) Pause Young (Allocation Failure) 49M->42M(57M) 4.011ms
[2026-06-17T10:06:00.165+0800][40.958s][info][gc,cpu         ] GC(1606) User=0.00s Sys=0.00s Real=0.01s
[2026-06-17T10:06:00.187+0800][40.980s][info][gc,start       ] GC(1607) Pause Full (Allocation Failure)
[2026-06-17T10:06:00.189+0800][40.982s][info][gc,phases,start] GC(1607) Marking Phase
[2026-06-17T10:06:00.191+0800][40.984s][info][gc,phases      ] GC(1607) Marking Phase 2.188ms
[2026-06-17T10:06:00.192+0800][40.985s][info][gc,phases,start] GC(1607) Summary Phase
[2026-06-17T10:06:00.192+0800][40.985s][info][gc,phases      ] GC(1607) Summary Phase 0.347ms
[2026-06-17T10:06:00.193+0800][40.985s][info][gc,phases,start] GC(1607) Forward
[2026-06-17T10:06:00.193+0800][40.986s][info][gc,phases      ] GC(1607) Forward 0.498ms
[2026-06-17T10:06:00.193+0800][40.986s][info][gc,phases,start] GC(1607) Adjust Pointers
[2026-06-17T10:06:00.195+0800][40.987s][info][gc,phases      ] GC(1607) Adjust Pointers 1.291ms
[2026-06-17T10:06:00.195+0800][40.988s][info][gc,phases,start] GC(1607) Compaction Phase
[2026-06-17T10:06:00.197+0800][40.990s][info][gc,phases      ] GC(1607) Compaction Phase 2.192ms
[2026-06-17T10:06:00.198+0800][40.990s][info][gc,phases,start] GC(1607) Post Compact
[2026-06-17T10:06:00.198+0800][40.991s][info][gc,phases      ] GC(1607) Post Compact 0.318ms
[2026-06-17T10:06:00.198+0800][40.991s][info][gc,heap        ] GC(1607) PSYoungGen: 10528K(14336K)->0K(14336K) Eden: 7123K(7168K)->0K(7168K) From: 3405K(7168K)->0K(7168K)
[2026-06-17T10:06:00.199+0800][40.991s][info][gc,heap        ] GC(1607) ParOldGen: 40225K(44032K)->31323K(44032K)
[2026-06-17T10:06:00.199+0800][40.992s][info][gc,metaspace   ] GC(1607) Metaspace: 116K(320K)->116K(320K) NonClass: 109K(192K)->109K(192K) Class: 7K(128K)->7K(128K)
[2026-06-17T10:06:00.199+0800][40.992s][info][gc             ] GC(1607) Pause Full (Allocation Failure) 49M->30M(57M) 11.613ms
[2026-06-17T10:06:00.199+0800][40.992s][info][gc,cpu         ] GC(1607) User=0.01s Sys=0.00s Real=0.01s
[2026-06-17T10:06:00.211+0800][41.003s][info][gc,start       ] GC(1608) Pause Young (Allocation Failure)
[2026-06-17T10:06:00.212+0800][41.005s][info][gc,heap        ] GC(1608) PSYoungGen: 6909K(14336K)->3604K(14336K) Eden: 6909K(7168K)->0K(7168K) From: 0K(7168K)->3604K(7168K)
[2026-06-17T10:06:00.213+0800][41.006s][info][gc,heap        ] GC(1608) ParOldGen: 31323K(44032K)->31323K(44032K)
[2026-06-17T10:06:00.213+0800][41.006s][info][gc,metaspace   ] GC(1608) Metaspace: 116K(320K)->116K(320K) NonClass: 109K(192K)->109K(192K) Class: 7K(128K)->7K(128K)
[2026-06-17T10:06:00.214+0800][41.006s][info][gc             ] GC(1608) Pause Young (Allocation Failure) 37M->34M(57M) 2.956ms
[2026-06-17T10:06:00.214+0800][41.007s][info][gc,cpu         ] GC(1608) User=0.00s Sys=0.00s Real=0.00s
[2026-06-17T10:06:00.236+0800][41.029s][info][gc,start       ] GC(1609) Pause Young (Allocation Failure)
[2026-06-17T10:06:00.240+0800][41.032s][info][gc,heap        ] GC(1609) PSYoungGen: 10758K(14336K)->7053K(14336K) Eden: 7153K(7168K)->0K(7168K) From: 3604K(7168K)->7053K(7168K)
[2026-06-17T10:06:00.240+0800][41.033s][info][gc,heap        ] GC(1609) ParOldGen: 31323K(44032K)->31537K(44032K)
[2026-06-17T10:06:00.241+0800][41.034s][info][gc,metaspace   ] GC(1609) Metaspace: 116K(320K)->116K(320K) NonClass: 109K(192K)->109K(192K) Class: 7K(128K)->7K(128K)
[2026-06-17T10:06:00.242+0800][41.035s][info][gc             ] GC(1609) Pause Young (Allocation Failure) 41M->37M(57M) 5.505ms
[2026-06-17T10:06:00.242+0800][41.035s][info][gc,cpu         ] GC(1609) User=0.01s Sys=0.00s Real=0.00s
[2026-06-17T10:06:00.265+0800][41.058s][info][gc,start       ] GC(1610) Pause Young (Allocation Failure)
[2026-06-17T10:06:00.268+0800][41.060s][info][gc,heap        ] GC(1610) PSYoungGen: 14214K(14336K)->3753K(14336K) Eden: 7161K(7168K)->0K(7168K) From: 7053K(7168K)->3753K(7168K)
[2026-06-17T10:06:00.268+0800][41.061s][info][gc,heap        ] GC(1610) ParOldGen: 31537K(44032K)->35233K(44032K)
[2026-06-17T10:06:00.269+0800][41.062s][info][gc,metaspace   ] GC(1610) Metaspace: 116K(320K)->116K(320K) NonClass: 109K(192K)->109K(192K) Class: 7K(128K)->7K(128K)
[2026-06-17T10:06:00.270+0800][41.063s][info][gc             ] GC(1610) Pause Young (Allocation Failure) 44M->38M(57M) 5.060ms
[2026-06-17T10:06:00.270+0800][41.063s][info][gc,cpu         ] GC(1610) User=0.00s Sys=0.00s Real=0.00s
[2026-06-17T10:06:00.293+0800][41.086s][info][gc,start       ] GC(1611) Pause Young (Allocation Failure)
[2026-06-17T10:06:00.295+0800][41.088s][info][gc,heap        ] GC(1611) PSYoungGen: 10919K(14336K)->4138K(14336K) Eden: 7165K(7168K)->0K(7168K) From: 3753K(7168K)->4138K(7168K)
[2026-06-17T10:06:00.295+0800][41.088s][info][gc,heap        ] GC(1611) ParOldGen: 35233K(44032K)->35233K(44032K)
[2026-06-17T10:06:00.296+0800][41.089s][info][gc,metaspace   ] GC(1611) Metaspace: 116K(320K)->116K(320K) NonClass: 109K(192K)->109K(192K) Class: 7K(128K)->7K(128K)
[2026-06-17T10:06:00.297+0800][41.089s][info][gc             ] GC(1611) Pause Young (Allocation Failure) 45M->38M(57M) 3.744ms
[2026-06-17T10:06:00.297+0800][41.090s][info][gc,cpu         ] GC(1611) User=0.01s Sys=0.00s Real=0.00s
[2026-06-17T10:06:00.320+0800][41.113s][info][gc,start       ] GC(1612) Pause Young (Allocation Failure)
[2026-06-17T10:06:00.322+0800][41.115s][info][gc,heap        ] GC(1612) PSYoungGen: 11295K(14336K)->2870K(14336K) Eden: 7156K(7168K)->0K(7168K) From: 4138K(7168K)->2870K(7168K)
[2026-06-17T10:06:00.322+0800][41.115s][info][gc,heap        ] GC(1612) ParOldGen: 35233K(44032K)->36887K(44032K)
[2026-06-17T10:06:00.323+0800][41.116s][info][gc,metaspace   ] GC(1612) Metaspace: 116K(320K)->116K(320K) NonClass: 109K(192K)->109K(192K) Class: 7K(128K)->7K(128K)
[2026-06-17T10:06:00.323+0800][41.116s][info][gc             ] GC(1612) Pause Young (Allocation Failure) 45M->38M(57M) 3.532ms
[2026-06-17T10:06:00.325+0800][41.117s][info][gc,cpu         ] GC(1612) User=0.00s Sys=0.00s Real=0.01s
[2026-06-17T10:06:00.336+0800][41.129s][info][gc,start       ] GC(1613) Pause Young (Allocation Failure)
[2026-06-17T10:06:00.337+0800][41.130s][info][gc,heap        ] GC(1613) PSYoungGen: 9955K(14336K)->2650K(14336K) Eden: 7084K(7168K)->0K(7168K) From: 2870K(7168K)->2650K(7168K)
[2026-06-17T10:06:00.338+0800][41.131s][info][gc,heap        ] GC(1613) ParOldGen: 36887K(44032K)->36887K(44032K)
[2026-06-17T10:06:00.338+0800][41.131s][info][gc,metaspace   ] GC(1613) Metaspace: 116K(320K)->116K(320K) NonClass: 109K(192K)->109K(192K) Class: 7K(128K)->7K(128K)
[2026-06-17T10:06:00.339+0800][41.132s][info][gc             ] GC(1613) Pause Young (Allocation Failure) 45M->38M(57M) 2.833ms
[2026-06-17T10:06:00.339+0800][41.132s][info][gc,cpu         ] GC(1613) User=0.00s Sys=0.00s Real=0.00s
[2026-06-17T10:06:00.362+0800][41.154s][info][gc,start       ] GC(1614) Pause Young (Allocation Failure)
[2026-06-17T10:06:00.364+0800][41.157s][info][gc,heap        ] GC(1614) PSYoungGen: 9783K(14336K)->3803K(14336K) Eden: 7132K(7168K)->0K(7168K) From: 2650K(7168K)->3803K(7168K)
[2026-06-17T10:06:00.365+0800][41.158s][info][gc,heap        ] GC(1614) ParOldGen: 36887K(44032K)->39489K(44032K)
[2026-06-17T10:06:00.366+0800][41.159s][info][gc,metaspace   ] GC(1614) Metaspace: 116K(320K)->116K(320K) NonClass: 109K(192K)->109K(192K) Class: 7K(128K)->7K(128K)
[2026-06-17T10:06:00.367+0800][41.159s][info][gc             ] GC(1614) Pause Young (Allocation Failure) 45M->42M(57M) 5.074ms
[2026-06-17T10:06:00.367+0800][41.160s][info][gc,cpu         ] GC(1614) User=0.01s Sys=0.00s Real=0.01s
[2026-06-17T10:06:00.390+0800][41.182s][info][gc,start       ] GC(1615) Pause Full (Allocation Failure)
[2026-06-17T10:06:00.390+0800][41.183s][info][gc,phases,start] GC(1615) Marking Phase
[2026-06-17T10:06:00.393+0800][41.186s][info][gc,phases      ] GC(1615) Marking Phase 2.549ms
[2026-06-17T10:06:00.393+0800][41.186s][info][gc,phases,start] GC(1615) Summary Phase
[2026-06-17T10:06:00.395+0800][41.188s][info][gc,phases      ] GC(1615) Summary Phase 1.236ms
[2026-06-17T10:06:00.395+0800][41.188s][info][gc,phases,start] GC(1615) Forward
[2026-06-17T10:06:00.396+0800][41.189s][info][gc,phases      ] GC(1615) Forward 0.828ms
[2026-06-17T10:06:00.397+0800][41.190s][info][gc,phases,start] GC(1615) Adjust Pointers
[2026-06-17T10:06:00.398+0800][41.191s][info][gc,phases      ] GC(1615) Adjust Pointers 1.345ms
[2026-06-17T10:06:00.399+0800][41.192s][info][gc,phases,start] GC(1615) Compaction Phase
[2026-06-17T10:06:00.401+0800][41.194s][info][gc,phases      ] GC(1615) Compaction Phase 2.392ms
[2026-06-17T10:06:00.402+0800][41.195s][info][gc,phases,start] GC(1615) Post Compact
[2026-06-17T10:06:00.402+0800][41.195s][info][gc,phases      ] GC(1615) Post Compact 0.336ms
[2026-06-17T10:06:00.402+0800][41.195s][info][gc,heap        ] GC(1615) PSYoungGen: 10963K(14336K)->0K(14336K) Eden: 7159K(7168K)->0K(7168K) From: 3803K(7168K)->0K(7168K)
[2026-06-17T10:06:00.403+0800][41.195s][info][gc,heap        ] GC(1615) ParOldGen: 39489K(44032K)->23969K(44032K)
[2026-06-17T10:06:00.403+0800][41.196s][info][gc,metaspace   ] GC(1615) Metaspace: 116K(320K)->116K(320K) NonClass: 109K(192K)->109K(192K) Class: 7K(128K)->7K(128K)
[2026-06-17T10:06:00.403+0800][41.196s][info][gc             ] GC(1615) Pause Full (Allocation Failure) 49M->23M(57M) 13.571ms
[2026-06-17T10:06:00.403+0800][41.196s][info][gc,cpu         ] GC(1615) User=0.01s Sys=0.00s Real=0.02s
[2026-06-17T10:06:00.425+0800][41.218s][info][gc,start       ] GC(1616) Pause Young (Allocation Failure)
[2026-06-17T10:06:00.427+0800][41.219s][info][gc,heap        ] GC(1616) PSYoungGen: 7154K(14336K)->3777K(14336K) Eden: 7154K(7168K)->0K(7168K) From: 0K(7168K)->3777K(7168K)
[2026-06-17T10:06:00.427+0800][41.220s][info][gc,heap        ] GC(1616) ParOldGen: 23969K(44032K)->23969K(44032K)
[2026-06-17T10:06:00.428+0800][41.221s][info][gc,metaspace   ] GC(1616) Metaspace: 116K(320K)->116K(320K) NonClass: 109K(192K)->109K(192K) Class: 7K(128K)->7K(128K)
[2026-06-17T10:06:00.428+0800][41.221s][info][gc             ] GC(1616) Pause Young (Allocation Failure) 30M->27M(57M) 3.335ms
[2026-06-17T10:06:00.429+0800][41.221s][info][gc,cpu         ] GC(1616) User=0.00s Sys=0.00s Real=0.00s
[2026-06-17T10:06:00.440+0800][41.233s][info][gc,start       ] GC(1617) Pause Young (Allocation Failure)
[2026-06-17T10:06:00.442+0800][41.234s][info][gc,heap        ] GC(1617) PSYoungGen: 10922K(14336K)->3987K(14336K) Eden: 7145K(7168K)->0K(7168K) From: 3777K(7168K)->3987K(7168K)
[2026-06-17T10:06:00.443+0800][41.236s][info][gc,heap        ] GC(1617) ParOldGen: 23969K(44032K)->27360K(44032K)
[2026-06-17T10:06:00.443+0800][41.236s][info][gc,metaspace   ] GC(1617) Metaspace: 116K(320K)->116K(320K) NonClass: 109K(192K)->109K(192K) Class: 7K(128K)->7K(128K)
[2026-06-17T10:06:00.444+0800][41.237s][info][gc             ] GC(1617) Pause Young (Allocation Failure) 34M->30M(57M) 3.677ms
[2026-06-17T10:06:00.444+0800][41.237s][info][gc,cpu         ] GC(1617) User=0.00s Sys=0.00s Real=0.01s
[2026-06-17T10:06:00.466+0800][41.258s][info][gc,start       ] GC(1618) Pause Young (Allocation Failure)
[2026-06-17T10:06:00.468+0800][41.261s][info][gc,heap        ] GC(1618) PSYoungGen: 11147K(14336K)->3967K(14336K) Eden: 7159K(7168K)->0K(7168K) From: 3987K(7168K)->3967K(7168K)
[2026-06-17T10:06:00.469+0800][41.262s][info][gc,heap        ] GC(1618) ParOldGen: 27360K(44032K)->27360K(44032K)
[2026-06-17T10:06:00.469+0800][41.262s][info][gc,metaspace   ] GC(1618) Metaspace: 116K(320K)->116K(320K) NonClass: 109K(192K)->109K(192K) Class: 7K(128K)->7K(128K)
[2026-06-17T10:06:00.470+0800][41.262s][info][gc             ] GC(1618) Pause Young (Allocation Failure) 37M->30M(57M) 3.988ms
[2026-06-17T10:06:00.470+0800][41.263s][info][gc,cpu         ] GC(1618) User=0.01s Sys=0.00s Real=0.00s
[2026-06-17T10:06:00.492+0800][41.285s][info][gc,start       ] GC(1619) Pause Young (Allocation Failure)
[2026-06-17T10:06:00.494+0800][41.287s][info][gc,heap        ] GC(1619) PSYoungGen: 11099K(14336K)->4002K(14848K) Eden: 7132K(7168K)->0K(7680K) From: 3967K(7168K)->4002K(7168K)
[2026-06-17T10:06:00.495+0800][41.287s][info][gc,heap        ] GC(1619) ParOldGen: 27360K(44032K)->27360K(44032K)
[2026-06-17T10:06:00.495+0800][41.288s][info][gc,metaspace   ] GC(1619) Metaspace: 116K(320K)->116K(320K) NonClass: 109K(192K)->109K(192K) Class: 7K(128K)->7K(128K)
[2026-06-17T10:06:00.496+0800][41.288s][info][gc             ] GC(1619) Pause Young (Allocation Failure) 37M->30M(57M) 3.547ms
[2026-06-17T10:06:00.496+0800][41.289s][info][gc,cpu         ] GC(1619) User=0.00s Sys=0.00s Real=0.00s
[2026-06-17T10:06:00.508+0800][41.301s][info][gc,start       ] GC(1620) Pause Young (Allocation Failure)
[2026-06-17T10:06:00.509+0800][41.302s][info][gc,heap        ] GC(1620) PSYoungGen: 11636K(14848K)->4802K(14336K) Eden: 7634K(7680K)->0K(7680K) From: 4002K(7168K)->4802K(6656K)
[2026-06-17T10:06:00.510+0800][41.302s][info][gc,heap        ] GC(1620) ParOldGen: 27360K(44032K)->27360K(44032K)
[2026-06-17T10:06:00.510+0800][41.303s][info][gc,metaspace   ] GC(1620) Metaspace: 116K(320K)->116K(320K) NonClass: 109K(192K)->109K(192K) Class: 7K(128K)->7K(128K)
[2026-06-17T10:06:00.510+0800][41.303s][info][gc             ] GC(1620) Pause Young (Allocation Failure) 38M->31M(57M) 2.353ms
[2026-06-17T10:06:00.510+0800][41.303s][info][gc,cpu         ] GC(1620) User=0.00s Sys=0.00s Real=0.00s
[2026-06-17T10:06:00.542+0800][41.335s][info][gc,start       ] GC(1621) Pause Young (Allocation Failure)
[2026-06-17T10:06:00.544+0800][41.337s][info][gc,heap        ] GC(1621) PSYoungGen: 12458K(14336K)->5602K(13824K) Eden: 7656K(7680K)->0K(7168K) From: 4802K(6656K)->5602K(6656K)
[2026-06-17T10:06:00.544+0800][41.337s][info][gc,heap        ] GC(1621) ParOldGen: 27360K(44032K)->27360K(44032K)
[2026-06-17T10:06:00.545+0800][41.338s][info][gc,metaspace   ] GC(1621) Metaspace: 116K(320K)->116K(320K) NonClass: 109K(192K)->109K(192K) Class: 7K(128K)->7K(128K)
[2026-06-17T10:06:00.545+0800][41.338s][info][gc             ] GC(1621) Pause Young (Allocation Failure) 38M->32M(56M) 3.350ms
[2026-06-17T10:06:00.546+0800][41.338s][info][gc,cpu         ] GC(1621) User=0.00s Sys=0.00s Real=0.01s
[2026-06-17T10:06:00.557+0800][41.350s][info][gc,start       ] GC(1622) Pause Young (Allocation Failure)
[2026-06-17T10:06:00.559+0800][41.352s][info][gc,heap        ] GC(1622) PSYoungGen: 12745K(13824K)->7063K(14336K) Eden: 7142K(7168K)->0K(7168K) From: 5602K(6656K)->7063K(7168K)
[2026-06-17T10:06:00.560+0800][41.353s][info][gc,heap        ] GC(1622) ParOldGen: 27360K(44032K)->29550K(44032K)
[2026-06-17T10:06:00.560+0800][41.353s][info][gc,metaspace   ] GC(1622) Metaspace: 116K(320K)->116K(320K) NonClass: 109K(192K)->109K(192K) Class: 7K(128K)->7K(128K)
[2026-06-17T10:06:00.561+0800][41.354s][info][gc             ] GC(1622) Pause Young (Allocation Failure) 39M->35M(57M) 3.899ms
[2026-06-17T10:06:00.561+0800][41.354s][info][gc,cpu         ] GC(1622) User=0.00s Sys=0.00s Real=0.00s
[2026-06-17T10:06:00.583+0800][41.376s][info][gc,start       ] GC(1623) Pause Young (Allocation Failure)
[2026-06-17T10:06:00.585+0800][41.378s][info][gc,heap        ] GC(1623) PSYoungGen: 14201K(14336K)->6022K(14336K) Eden: 7138K(7168K)->0K(7168K) From: 7063K(7168K)->6022K(7168K)
[2026-06-17T10:06:00.587+0800][41.380s][info][gc,heap        ] GC(1623) ParOldGen: 29550K(44032K)->30720K(44032K)
[2026-06-17T10:06:00.590+0800][41.382s][info][gc,metaspace   ] GC(1623) Metaspace: 116K(320K)->116K(320K) NonClass: 109K(192K)->109K(192K) Class: 7K(128K)->7K(128K)
[2026-06-17T10:06:00.591+0800][41.384s][info][gc             ] GC(1623) Pause Young (Allocation Failure) 42M->35M(57M) 8.012ms
[2026-06-17T10:06:00.593+0800][41.386s][info][gc,cpu         ] GC(1623) User=0.00s Sys=0.00s Real=0.01s
[2026-06-17T10:06:00.607+0800][41.400s][info][gc,start       ] GC(1624) Pause Young (Allocation Failure)
[2026-06-17T10:06:00.610+0800][41.402s][info][gc,heap        ] GC(1624) PSYoungGen: 13160K(14336K)->6930K(14336K) Eden: 7137K(7168K)->0K(7168K) From: 6022K(7168K)->6930K(7168K)
[2026-06-17T10:06:00.611+0800][41.403s][info][gc,heap        ] GC(1624) ParOldGen: 30720K(44032K)->33312K(44032K)
[2026-06-17T10:06:00.611+0800][41.404s][info][gc,metaspace   ] GC(1624) Metaspace: 116K(320K)->116K(320K) NonClass: 109K(192K)->109K(192K) Class: 7K(128K)->7K(128K)
[2026-06-17T10:06:00.612+0800][41.404s][info][gc             ] GC(1624) Pause Young (Allocation Failure) 42M->39M(57M) 4.890ms
[2026-06-17T10:06:00.612+0800][41.405s][info][gc,cpu         ] GC(1624) User=0.01s Sys=0.00s Real=0.01s
[2026-06-17T10:06:00.635+0800][41.428s][info][gc,start       ] GC(1625) Pause Young (Allocation Failure)
[2026-06-17T10:06:00.637+0800][41.430s][info][gc,heap        ] GC(1625) PSYoungGen: 14091K(14336K)->6155K(14336K) Eden: 7161K(7168K)->0K(7168K) From: 6930K(7168K)->6155K(7168K)
[2026-06-17T10:06:00.638+0800][41.431s][info][gc,heap        ] GC(1625) ParOldGen: 33312K(44032K)->34291K(44032K)
[2026-06-17T10:06:00.639+0800][41.431s][info][gc,metaspace   ] GC(1625) Metaspace: 116K(320K)->116K(320K) NonClass: 109K(192K)->109K(192K) Class: 7K(128K)->7K(128K)
[2026-06-17T10:06:00.639+0800][41.432s][info][gc             ] GC(1625) Pause Young (Allocation Failure) 46M->39M(57M) 4.432ms
[2026-06-17T10:06:00.640+0800][41.433s][info][gc,cpu         ] GC(1625) User=0.00s Sys=0.00s Real=0.00s
[2026-06-17T10:06:00.662+0800][41.455s][info][gc,start       ] GC(1626) Pause Young (Allocation Failure)
[2026-06-17T10:06:00.664+0800][41.457s][info][gc,heap        ] GC(1626) PSYoungGen: 13300K(14336K)->2827K(14336K) Eden: 7145K(7168K)->0K(7168K) From: 6155K(7168K)->2827K(7168K)
[2026-06-17T10:06:00.665+0800][41.458s][info][gc,heap        ] GC(1626) ParOldGen: 34291K(44032K)->37654K(44032K)
[2026-06-17T10:06:00.666+0800][41.459s][info][gc,metaspace   ] GC(1626) Metaspace: 116K(320K)->116K(320K) NonClass: 109K(192K)->109K(192K) Class: 7K(128K)->7K(128K)
[2026-06-17T10:06:00.667+0800][41.459s][info][gc             ] GC(1626) Pause Young (Allocation Failure) 46M->39M(57M) 4.410ms
[2026-06-17T10:06:00.667+0800][41.460s][info][gc,cpu         ] GC(1626) User=0.00s Sys=0.00s Real=0.01s
[2026-06-17T10:06:00.679+0800][41.472s][info][gc,start       ] GC(1627) Pause Young (Allocation Failure)
[2026-06-17T10:06:00.680+0800][41.473s][info][gc,heap        ] GC(1627) PSYoungGen: 9891K(14336K)->1291K(14336K) Eden: 7064K(7168K)->0K(7168K) From: 2827K(7168K)->1291K(7168K)
[2026-06-17T10:06:00.680+0800][41.473s][info][gc,heap        ] GC(1627) ParOldGen: 37654K(44032K)->39182K(44032K)
[2026-06-17T10:06:00.681+0800][41.473s][info][gc,metaspace   ] GC(1627) Metaspace: 116K(320K)->116K(320K) NonClass: 109K(192K)->109K(192K) Class: 7K(128K)->7K(128K)
[2026-06-17T10:06:00.681+0800][41.474s][info][gc             ] GC(1627) Pause Young (Allocation Failure) 46M->39M(57M) 2.099ms
[2026-06-17T10:06:00.681+0800][41.474s][info][gc,cpu         ] GC(1627) User=0.00s Sys=0.00s Real=0.00s
[2026-06-17T10:06:00.702+0800][41.495s][info][gc,start       ] GC(1628) Pause Young (Allocation Failure)
[2026-06-17T10:06:00.703+0800][41.496s][info][gc,heap        ] GC(1628) PSYoungGen: 8443K(14336K)->5044K(14336K) Eden: 7152K(7168K)->0K(7168K) From: 1291K(7168K)->5044K(7168K)
[2026-06-17T10:06:00.704+0800][41.496s][info][gc,heap        ] GC(1628) ParOldGen: 39182K(44032K)->39182K(44032K)
[2026-06-17T10:06:00.704+0800][41.497s][info][gc,metaspace   ] GC(1628) Metaspace: 116K(320K)->116K(320K) NonClass: 109K(192K)->109K(192K) Class: 7K(128K)->7K(128K)
[2026-06-17T10:06:00.704+0800][41.497s][info][gc             ] GC(1628) Pause Young (Allocation Failure) 46M->43M(57M) 1.989ms
[2026-06-17T10:06:00.705+0800][41.498s][info][gc,cpu         ] GC(1628) User=0.00s Sys=0.00s Real=0.00s
[2026-06-17T10:06:00.726+0800][41.519s][info][gc,start       ] GC(1629) Pause Young (Allocation Failure)
[2026-06-17T10:06:00.728+0800][41.520s][info][gc,heap        ] GC(1629) PSYoungGen: 12208K(14336K)->3831K(14336K) Eden: 7164K(7168K)->0K(7168K) From: 5044K(7168K)->3831K(7168K)
[2026-06-17T10:06:00.728+0800][41.521s][info][gc,heap        ] GC(1629) ParOldGen: 39182K(44032K)->41048K(44032K)
[2026-06-17T10:06:00.729+0800][41.521s][info][gc,metaspace   ] GC(1629) Metaspace: 116K(320K)->116K(320K) NonClass: 109K(192K)->109K(192K) Class: 7K(128K)->7K(128K)
[2026-06-17T10:06:00.729+0800][41.522s][info][gc             ] GC(1629) Pause Young (Allocation Failure) 50M->43M(57M) 2.621ms
[2026-06-17T10:06:00.729+0800][41.522s][info][gc,cpu         ] GC(1629) User=0.00s Sys=0.00s Real=0.00s
[2026-06-17T10:06:00.750+0800][41.543s][info][gc,start       ] GC(1630) Pause Full (Allocation Failure)
[2026-06-17T10:06:00.751+0800][41.543s][info][gc,phases,start] GC(1630) Marking Phase
[2026-06-17T10:06:00.754+0800][41.546s][info][gc,phases      ] GC(1630) Marking Phase 2.865ms
[2026-06-17T10:06:00.754+0800][41.547s][info][gc,phases,start] GC(1630) Summary Phase
[2026-06-17T10:06:00.754+0800][41.547s][info][gc,phases      ] GC(1630) Summary Phase 0.335ms
[2026-06-17T10:06:00.755+0800][41.547s][info][gc,phases,start] GC(1630) Forward
[2026-06-17T10:06:00.755+0800][41.548s][info][gc,phases      ] GC(1630) Forward 0.414ms
[2026-06-17T10:06:00.755+0800][41.548s][info][gc,phases,start] GC(1630) Adjust Pointers
[2026-06-17T10:06:00.756+0800][41.549s][info][gc,phases      ] GC(1630) Adjust Pointers 1.006ms
[2026-06-17T10:06:00.757+0800][41.549s][info][gc,phases,start] GC(1630) Compaction Phase
[2026-06-17T10:06:00.759+0800][41.551s][info][gc,phases      ] GC(1630) Compaction Phase 2.045ms
[2026-06-17T10:06:00.759+0800][41.552s][info][gc,phases,start] GC(1630) Post Compact
[2026-06-17T10:06:00.759+0800][41.552s][info][gc,phases      ] GC(1630) Post Compact 0.314ms
[2026-06-17T10:06:00.760+0800][41.552s][info][gc,heap        ] GC(1630) PSYoungGen: 10984K(14336K)->0K(14336K) Eden: 7152K(7168K)->0K(7168K) From: 3831K(7168K)->0K(7168K)
[2026-06-17T10:06:00.760+0800][41.553s][info][gc,heap        ] GC(1630) ParOldGen: 41048K(44032K)->31885K(44032K)
[2026-06-17T10:06:00.760+0800][41.553s][info][gc,metaspace   ] GC(1630) Metaspace: 116K(320K)->116K(320K) NonClass: 109K(192K)->109K(192K) Class: 7K(128K)->7K(128K)
[2026-06-17T10:06:00.760+0800][41.553s][info][gc             ] GC(1630) Pause Full (Allocation Failure) 50M->31M(57M) 9.997ms
[2026-06-17T10:06:00.760+0800][41.553s][info][gc,cpu         ] GC(1630) User=0.01s Sys=0.00s Real=0.01s
[2026-06-17T10:06:00.781+0800][41.574s][info][gc,start       ] GC(1631) Pause Young (Allocation Failure)
[2026-06-17T10:06:00.783+0800][41.576s][info][gc,heap        ] GC(1631) PSYoungGen: 7147K(14336K)->3833K(14336K) Eden: 7147K(7168K)->0K(7168K) From: 0K(7168K)->3833K(7168K)
[2026-06-17T10:06:00.785+0800][41.577s][info][gc,heap        ] GC(1631) ParOldGen: 31885K(44032K)->31885K(44032K)
[2026-06-17T10:06:00.788+0800][41.581s][info][gc,metaspace   ] GC(1631) Metaspace: 116K(320K)->116K(320K) NonClass: 109K(192K)->109K(192K) Class: 7K(128K)->7K(128K)
[2026-06-17T10:06:00.789+0800][41.582s][info][gc             ] GC(1631) Pause Young (Allocation Failure) 38M->34M(57M) 7.737ms
[2026-06-17T10:06:00.791+0800][41.584s][info][gc,cpu         ] GC(1631) User=0.00s Sys=0.00s Real=0.02s
[2026-06-17T10:06:00.804+0800][41.597s][info][gc,start       ] GC(1632) Pause Young (Allocation Failure)
[2026-06-17T10:06:00.806+0800][41.599s][info][gc,heap        ] GC(1632) PSYoungGen: 10728K(14336K)->464K(14336K) Eden: 6894K(7168K)->0K(7168K) From: 3833K(7168K)->464K(7168K)
[2026-06-17T10:06:00.807+0800][41.599s][info][gc,heap        ] GC(1632) ParOldGen: 31885K(44032K)->35068K(44032K)
[2026-06-17T10:06:00.807+0800][41.600s][info][gc,metaspace   ] GC(1632) Metaspace: 116K(320K)->116K(320K) NonClass: 109K(192K)->109K(192K) Class: 7K(128K)->7K(128K)
[2026-06-17T10:06:00.808+0800][41.601s][info][gc             ] GC(1632) Pause Young (Allocation Failure) 41M->34M(57M) 3.413ms
[2026-06-17T10:06:00.808+0800][41.601s][info][gc,cpu         ] GC(1632) User=0.00s Sys=0.00s Real=0.00s
[2026-06-17T10:06:00.830+0800][41.623s][info][gc,start       ] GC(1633) Pause Young (Allocation Failure)
[2026-06-17T10:06:00.832+0800][41.625s][info][gc,heap        ] GC(1633) PSYoungGen: 7617K(14336K)->4088K(14336K) Eden: 7153K(7168K)->0K(7168K) From: 464K(7168K)->4088K(7168K)
[2026-06-17T10:06:00.833+0800][41.626s][info][gc,heap        ] GC(1633) ParOldGen: 35068K(44032K)->35068K(44032K)
[2026-06-17T10:06:00.834+0800][41.626s][info][gc,metaspace   ] GC(1633) Metaspace: 116K(320K)->116K(320K) NonClass: 109K(192K)->109K(192K) Class: 7K(128K)->7K(128K)
[2026-06-17T10:06:00.834+0800][41.627s][info][gc             ] GC(1633) Pause Young (Allocation Failure) 41M->38M(57M) 3.904ms
[2026-06-17T10:06:00.835+0800][41.627s][info][gc,cpu         ] GC(1633) User=0.00s Sys=0.00s Real=0.01s
[2026-06-17T10:06:00.846+0800][41.639s][info][gc,start       ] GC(1634) Pause Young (Allocation Failure)
[2026-06-17T10:06:00.848+0800][41.641s][info][gc,heap        ] GC(1634) PSYoungGen: 11196K(14336K)->1380K(14336K) Eden: 7108K(7168K)->0K(7168K) From: 4088K(7168K)->1380K(7168K)
[2026-06-17T10:06:00.849+0800][41.641s][info][gc,heap        ] GC(1634) ParOldGen: 35068K(44032K)->38167K(44032K)
[2026-06-17T10:06:00.849+0800][41.642s][info][gc,metaspace   ] GC(1634) Metaspace: 116K(320K)->116K(320K) NonClass: 109K(192K)->109K(192K) Class: 7K(128K)->7K(128K)
[2026-06-17T10:06:00.850+0800][41.642s][info][gc             ] GC(1634) Pause Young (Allocation Failure) 45M->38M(57M) 3.442ms
[2026-06-17T10:06:00.850+0800][41.643s][info][gc,cpu         ] GC(1634) User=0.00s Sys=0.00s Real=0.00s
[2026-06-17T10:06:00.872+0800][41.665s][info][gc,start       ] GC(1635) Pause Young (Allocation Failure)
[2026-06-17T10:06:00.874+0800][41.667s][info][gc,heap        ] GC(1635) PSYoungGen: 8534K(14336K)->4693K(14336K) Eden: 7154K(7168K)->0K(7168K) From: 1380K(7168K)->4693K(7168K)
[2026-06-17T10:06:00.875+0800][41.667s][info][gc,heap        ] GC(1635) ParOldGen: 38167K(44032K)->38167K(44032K)
[2026-06-17T10:06:00.875+0800][41.668s][info][gc,metaspace   ] GC(1635) Metaspace: 116K(320K)->116K(320K) NonClass: 109K(192K)->109K(192K) Class: 7K(128K)->7K(128K)
[2026-06-17T10:06:00.876+0800][41.668s][info][gc             ] GC(1635) Pause Young (Allocation Failure) 45M->41M(57M) 3.609ms
[2026-06-17T10:06:00.876+0800][41.669s][info][gc,cpu         ] GC(1635) User=0.00s Sys=0.00s Real=0.00s
[2026-06-17T10:06:00.898+0800][41.691s][info][gc,start       ] GC(1636) Pause Young (Allocation Failure)
[2026-06-17T10:06:00.901+0800][41.693s][info][gc,heap        ] GC(1636) PSYoungGen: 11820K(14336K)->3465K(14336K) Eden: 7127K(7168K)->0K(7168K) From: 4693K(7168K)->3465K(7168K)
[2026-06-17T10:06:00.901+0800][41.694s][info][gc,heap        ] GC(1636) ParOldGen: 38167K(44032K)->39744K(44032K)
[2026-06-17T10:06:00.902+0800][41.695s][info][gc,metaspace   ] GC(1636) Metaspace: 116K(320K)->116K(320K) NonClass: 109K(192K)->109K(192K) Class: 7K(128K)->7K(128K)
[2026-06-17T10:06:00.902+0800][41.695s][info][gc             ] GC(1636) Pause Young (Allocation Failure) 48M->42M(57M) 3.948ms
[2026-06-17T10:06:00.903+0800][41.696s][info][gc,cpu         ] GC(1636) User=0.00s Sys=0.00s Real=0.01s
[2026-06-17T10:06:00.925+0800][41.717s][info][gc,start       ] GC(1637) Pause Full (Allocation Failure)
[2026-06-17T10:06:00.925+0800][41.718s][info][gc,phases,start] GC(1637) Marking Phase
[2026-06-17T10:06:00.927+0800][41.720s][info][gc,phases      ] GC(1637) Marking Phase 2.157ms
[2026-06-17T10:06:00.928+0800][41.720s][info][gc,phases,start] GC(1637) Summary Phase
[2026-06-17T10:06:00.928+0800][41.721s][info][gc,phases      ] GC(1637) Summary Phase 0.264ms
[2026-06-17T10:06:00.928+0800][41.721s][info][gc,phases,start] GC(1637) Forward
[2026-06-17T10:06:00.930+0800][41.723s][info][gc,phases      ] GC(1637) Forward 1.602ms
[2026-06-17T10:06:00.930+0800][41.723s][info][gc,phases,start] GC(1637) Adjust Pointers
[2026-06-17T10:06:00.931+0800][41.723s][info][gc,phases      ] GC(1637) Adjust Pointers 0.511ms
[2026-06-17T10:06:00.931+0800][41.724s][info][gc,phases,start] GC(1637) Compaction Phase
[2026-06-17T10:06:00.933+0800][41.725s][info][gc,phases      ] GC(1637) Compaction Phase 1.817ms
[2026-06-17T10:06:00.933+0800][41.726s][info][gc,phases,start] GC(1637) Post Compact
[2026-06-17T10:06:00.933+0800][41.726s][info][gc,phases      ] GC(1637) Post Compact 0.207ms
[2026-06-17T10:06:00.933+0800][41.726s][info][gc,heap        ] GC(1637) PSYoungGen: 10621K(14336K)->0K(14336K) Eden: 7155K(7168K)->0K(7168K) From: 3465K(7168K)->0K(7168K)
[2026-06-17T10:06:00.934+0800][41.726s][info][gc,heap        ] GC(1637) ParOldGen: 39744K(44032K)->29644K(44032K)
[2026-06-17T10:06:00.934+0800][41.727s][info][gc,metaspace   ] GC(1637) Metaspace: 116K(320K)->116K(320K) NonClass: 109K(192K)->109K(192K) Class: 7K(128K)->7K(128K)
[2026-06-17T10:06:00.934+0800][41.727s][info][gc             ] GC(1637) Pause Full (Allocation Failure) 49M->28M(57M) 9.756ms
[2026-06-17T10:06:00.934+0800][41.727s][info][gc,cpu         ] GC(1637) User=0.00s Sys=0.00s Real=0.01s
[2026-06-17T10:06:00.956+0800][41.748s][info][gc,start       ] GC(1638) Pause Young (Allocation Failure)
[2026-06-17T10:06:00.957+0800][41.749s][info][gc,heap        ] GC(1638) PSYoungGen: 7166K(14336K)->3551K(14336K) Eden: 7166K(7168K)->0K(7168K) From: 0K(7168K)->3551K(7168K)
[2026-06-17T10:06:00.957+0800][41.750s][info][gc,heap        ] GC(1638) ParOldGen: 29644K(44032K)->29644K(44032K)
[2026-06-17T10:06:00.957+0800][41.750s][info][gc,metaspace   ] GC(1638) Metaspace: 116K(320K)->116K(320K) NonClass: 109K(192K)->109K(192K) Class: 7K(128K)->7K(128K)
[2026-06-17T10:06:00.957+0800][41.750s][info][gc             ] GC(1638) Pause Young (Allocation Failure) 35M->32M(57M) 1.734ms
[2026-06-17T10:06:00.958+0800][41.750s][info][gc,cpu         ] GC(1638) User=0.00s Sys=0.00s Real=0.00s
[2026-06-17T10:06:00.969+0800][41.761s][info][gc,start       ] GC(1639) Pause Young (Allocation Failure)
[2026-06-17T10:06:00.970+0800][41.763s][info][gc,heap        ] GC(1639) PSYoungGen: 10475K(14336K)->3666K(14336K) Eden: 6923K(7168K)->0K(7168K) From: 3551K(7168K)->3666K(7168K)
[2026-06-17T10:06:00.971+0800][41.763s][info][gc,heap        ] GC(1639) ParOldGen: 29644K(44032K)->29644K(44032K)
[2026-06-17T10:06:00.971+0800][41.764s][info][gc,metaspace   ] GC(1639) Metaspace: 116K(320K)->116K(320K) NonClass: 109K(192K)->109K(192K) Class: 7K(128K)->7K(128K)
[2026-06-17T10:06:00.971+0800][41.764s][info][gc             ] GC(1639) Pause Young (Allocation Failure) 39M->32M(57M) 2.476ms
[2026-06-17T10:06:00.971+0800][41.764s][info][gc,cpu         ] GC(1639) User=0.01s Sys=0.00s Real=0.01s
[2026-06-17T10:06:00.993+0800][41.786s][info][gc,start       ] GC(1640) Pause Young (Allocation Failure)
[2026-06-17T10:06:00.994+0800][41.787s][info][gc,heap        ] GC(1640) PSYoungGen: 10800K(14336K)->7016K(14336K) Eden: 7133K(7168K)->0K(7168K) From: 3666K(7168K)->7016K(7168K)
[2026-06-17T10:06:00.995+0800][41.788s][info][gc,heap        ] GC(1640) ParOldGen: 29644K(44032K)->29833K(44032K)
[2026-06-17T10:06:00.995+0800][41.788s][info][gc,metaspace   ] GC(1640) Metaspace: 116K(320K)->116K(320K) NonClass: 109K(192K)->109K(192K) Class: 7K(128K)->7K(128K)
[2026-06-17T10:06:00.996+0800][41.789s][info][gc             ] GC(1640) Pause Young (Allocation Failure) 39M->35M(57M) 2.992ms
[2026-06-17T10:06:00.996+0800][41.789s][info][gc,cpu         ] GC(1640) User=0.00s Sys=0.00s Real=0.00s
[2026-06-17T10:06:01.017+0800][41.810s][info][gc,start       ] GC(1641) Pause Young (Allocation Failure)
[2026-06-17T10:06:01.019+0800][41.811s][info][gc,heap        ] GC(1641) PSYoungGen: 14180K(14336K)->3918K(14336K) Eden: 7164K(7168K)->0K(7168K) From: 7016K(7168K)->3918K(7168K)
[2026-06-17T10:06:01.019+0800][41.812s][info][gc,heap        ] GC(1641) ParOldGen: 29833K(44032K)->33267K(44032K)
[2026-06-17T10:06:01.019+0800][41.812s][info][gc,metaspace   ] GC(1641) Metaspace: 116K(320K)->116K(320K) NonClass: 109K(192K)->109K(192K) Class: 7K(128K)->7K(128K)
[2026-06-17T10:06:01.019+0800][41.812s][info][gc             ] GC(1641) Pause Young (Allocation Failure) 42M->36M(57M) 1.760ms
[2026-06-17T10:06:01.019+0800][41.812s][info][gc,cpu         ] GC(1641) User=0.00s Sys=0.00s Real=0.00s
[2026-06-17T10:06:01.043+0800][41.836s][info][gc,start       ] GC(1642) Pause Young (Allocation Failure)
[2026-06-17T10:06:01.047+0800][41.840s][info][gc,heap        ] GC(1642) PSYoungGen: 11062K(14336K)->1366K(14336K) Eden: 7144K(7168K)->0K(7168K) From: 3918K(7168K)->1366K(7168K)
[2026-06-17T10:06:01.047+0800][41.840s][info][gc,heap        ] GC(1642) ParOldGen: 33267K(44032K)->36452K(44032K)
[2026-06-17T10:06:01.048+0800][41.840s][info][gc,metaspace   ] GC(1642) Metaspace: 116K(320K)->116K(320K) NonClass: 109K(192K)->109K(192K) Class: 7K(128K)->7K(128K)
[2026-06-17T10:06:01.048+0800][41.841s][info][gc             ] GC(1642) Pause Young (Allocation Failure) 43M->36M(57M) 4.825ms
[2026-06-17T10:06:01.048+0800][41.841s][info][gc,cpu         ] GC(1642) User=0.00s Sys=0.00s Real=0.00s
[2026-06-17T10:06:01.059+0800][41.852s][info][gc,start       ] GC(1643) Pause Young (Allocation Failure)
[2026-06-17T10:06:01.063+0800][41.856s][info][gc,heap        ] GC(1643) PSYoungGen: 8486K(14336K)->5119K(14336K) Eden: 7119K(7168K)->0K(7168K) From: 1366K(7168K)->5119K(7168K)
[2026-06-17T10:06:01.078+0800][41.871s][info][gc,heap        ] GC(1643) ParOldGen: 36452K(44032K)->36452K(44032K)
[2026-06-17T10:06:01.091+0800][41.884s][info][gc,metaspace   ] GC(1643) Metaspace: 116K(320K)->116K(320K) NonClass: 109K(192K)->109K(192K) Class: 7K(128K)->7K(128K)
[2026-06-17T10:06:01.095+0800][41.888s][info][gc             ] GC(1643) Pause Young (Allocation Failure) 43M->40M(57M) 36.175ms
[2026-06-17T10:06:01.096+0800][41.889s][info][gc,cpu         ] GC(1643) User=0.00s Sys=0.00s Real=0.04s
[2026-06-17T10:06:01.118+0800][41.910s][info][gc,start       ] GC(1644) Pause Young (Allocation Failure)
[2026-06-17T10:06:01.123+0800][41.915s][info][gc,heap        ] GC(1644) PSYoungGen: 12275K(14336K)->1676K(14336K) Eden: 7156K(7168K)->0K(7168K) From: 5119K(7168K)->1676K(7168K)
[2026-06-17T10:06:01.137+0800][41.929s][info][gc,heap        ] GC(1644) ParOldGen: 36452K(44032K)->39593K(44032K)
[2026-06-17T10:06:01.137+0800][41.930s][info][gc,metaspace   ] GC(1644) Metaspace: 116K(320K)->116K(320K) NonClass: 109K(192K)->109K(192K) Class: 7K(128K)->7K(128K)
[2026-06-17T10:06:01.138+0800][41.930s][info][gc             ] GC(1644) Pause Young (Allocation Failure) 47M->40M(57M) 19.911ms
[2026-06-17T10:06:01.138+0800][41.931s][info][gc,cpu         ] GC(1644) User=0.00s Sys=0.00s Real=0.02s
[2026-06-17T10:06:01.160+0800][41.952s][info][gc,start       ] GC(1645) Pause Full (Allocation Failure)
[2026-06-17T10:06:01.168+0800][41.961s][info][gc,phases,start] GC(1645) Marking Phase
[2026-06-17T10:06:01.183+0800][41.976s][info][gc,phases      ] GC(1645) Marking Phase 14.938ms
[2026-06-17T10:06:01.189+0800][41.981s][info][gc,phases,start] GC(1645) Summary Phase
[2026-06-17T10:06:01.192+0800][41.985s][info][gc,phases      ] GC(1645) Summary Phase 3.723ms
[2026-06-17T10:06:01.195+0800][41.987s][info][gc,phases,start] GC(1645) Forward
[2026-06-17T10:06:01.195+0800][41.988s][info][gc,phases      ] GC(1645) Forward 0.402ms
[2026-06-17T10:06:01.197+0800][41.990s][info][gc,phases,start] GC(1645) Adjust Pointers
[2026-06-17T10:06:01.198+0800][41.990s][info][gc,phases      ] GC(1645) Adjust Pointers 0.674ms
[2026-06-17T10:06:01.198+0800][41.991s][info][gc,phases,start] GC(1645) Compaction Phase
[2026-06-17T10:06:01.199+0800][41.992s][info][gc,phases      ] GC(1645) Compaction Phase 1.480ms
[2026-06-17T10:06:01.202+0800][41.994s][info][gc,phases,start] GC(1645) Post Compact
[2026-06-17T10:06:01.203+0800][41.995s][info][gc,phases      ] GC(1645) Post Compact 0.826ms
[2026-06-17T10:06:01.214+0800][42.006s][info][gc,heap        ] GC(1645) PSYoungGen: 8827K(14336K)->0K(14336K) Eden: 7151K(7168K)->0K(7168K) From: 1676K(7168K)->0K(7168K)
[2026-06-17T10:06:01.227+0800][42.020s][info][gc,heap        ] GC(1645) ParOldGen: 39593K(44032K)->30624K(44032K)
[2026-06-17T10:06:01.228+0800][42.020s][info][gc,metaspace   ] GC(1645) Metaspace: 116K(320K)->116K(320K) NonClass: 109K(192K)->109K(192K) Class: 7K(128K)->7K(128K)
[2026-06-17T10:06:01.244+0800][42.037s][info][gc             ] GC(1645) Pause Full (Allocation Failure) 47M->29M(57M) 84.296ms
[2026-06-17T10:06:01.244+0800][42.037s][info][gc,cpu         ] GC(1645) User=0.00s Sys=0.00s Real=0.09s
[2026-06-17T10:06:01.256+0800][42.048s][info][gc,start       ] GC(1646) Pause Young (Allocation Failure)
[2026-06-17T10:06:01.256+0800][42.049s][info][gc,heap        ] GC(1646) PSYoungGen: 7039K(14336K)->3597K(14336K) Eden: 7039K(7168K)->0K(7168K) From: 0K(7168K)->3597K(7168K)
[2026-06-17T10:06:01.257+0800][42.050s][info][gc,heap        ] GC(1646) ParOldGen: 30624K(44032K)->30624K(44032K)
[2026-06-17T10:06:01.257+0800][42.050s][info][gc,metaspace   ] GC(1646) Metaspace: 116K(320K)->116K(320K) NonClass: 109K(192K)->109K(192K) Class: 7K(128K)->7K(128K)
[2026-06-17T10:06:01.257+0800][42.050s][info][gc             ] GC(1646) Pause Young (Allocation Failure) 36M->33M(57M) 1.516ms
[2026-06-17T10:06:01.258+0800][42.050s][info][gc,cpu         ] GC(1646) User=0.01s Sys=0.00s Real=0.00s
[2026-06-17T10:06:01.279+0800][42.071s][info][gc,start       ] GC(1647) Pause Young (Allocation Failure)
[2026-06-17T10:06:01.280+0800][42.072s][info][gc,heap        ] GC(1647) PSYoungGen: 10757K(14336K)->3830K(14336K) Eden: 7160K(7168K)->0K(7168K) From: 3597K(7168K)->3830K(7168K)
[2026-06-17T10:06:01.280+0800][42.073s][info][gc,heap        ] GC(1647) ParOldGen: 30624K(44032K)->34213K(44032K)
[2026-06-17T10:06:01.280+0800][42.073s][info][gc,metaspace   ] GC(1647) Metaspace: 116K(320K)->116K(320K) NonClass: 109K(192K)->109K(192K) Class: 7K(128K)->7K(128K)
[2026-06-17T10:06:01.280+0800][42.073s][info][gc             ] GC(1647) Pause Young (Allocation Failure) 40M->37M(57M) 1.563ms
[2026-06-17T10:06:01.280+0800][42.073s][info][gc,cpu         ] GC(1647) User=0.00s Sys=0.00s Real=0.00s
[2026-06-17T10:06:01.301+0800][42.094s][info][gc,start       ] GC(1648) Pause Young (Allocation Failure)
[2026-06-17T10:06:01.303+0800][42.096s][info][gc,heap        ] GC(1648) PSYoungGen: 10968K(14336K)->3729K(14336K) Eden: 7137K(7168K)->0K(7168K) From: 3830K(7168K)->3729K(7168K)
[2026-06-17T10:06:01.303+0800][42.096s][info][gc,heap        ] GC(1648) ParOldGen: 34213K(44032K)->34213K(44032K)
[2026-06-17T10:06:01.304+0800][42.096s][info][gc,metaspace   ] GC(1648) Metaspace: 116K(320K)->116K(320K) NonClass: 109K(192K)->109K(192K) Class: 7K(128K)->7K(128K)
[2026-06-17T10:06:01.304+0800][42.097s][info][gc             ] GC(1648) Pause Young (Allocation Failure) 44M->37M(57M) 2.564ms
[2026-06-17T10:06:01.305+0800][42.097s][info][gc,cpu         ] GC(1648) User=0.00s Sys=0.00s Real=0.01s
[2026-06-17T10:06:01.327+0800][42.119s][info][gc,start       ] GC(1649) Pause Young (Allocation Failure)
[2026-06-17T10:06:01.328+0800][42.121s][info][gc,heap        ] GC(1649) PSYoungGen: 10893K(14336K)->4051K(14848K) Eden: 7164K(7168K)->0K(7680K) From: 3729K(7168K)->4051K(7168K)
[2026-06-17T10:06:01.328+0800][42.121s][info][gc,heap        ] GC(1649) ParOldGen: 34213K(44032K)->34213K(44032K)
[2026-06-17T10:06:01.329+0800][42.122s][info][gc,metaspace   ] GC(1649) Metaspace: 116K(320K)->116K(320K) NonClass: 109K(192K)->109K(192K) Class: 7K(128K)->7K(128K)
[2026-06-17T10:06:01.329+0800][42.122s][info][gc             ] GC(1649) Pause Young (Allocation Failure) 44M->37M(57M) 2.700ms
[2026-06-17T10:06:01.330+0800][42.122s][info][gc,cpu         ] GC(1649) User=0.00s Sys=0.00s Real=0.00s
[2026-06-17T10:06:01.341+0800][42.134s][info][gc,start       ] GC(1650) Pause Young (Allocation Failure)
[2026-06-17T10:06:01.343+0800][42.135s][info][gc,heap        ] GC(1650) PSYoungGen: 11711K(14848K)->6532K(14336K) Eden: 7660K(7680K)->0K(7680K) From: 4051K(7168K)->6532K(6656K)
[2026-06-17T10:06:01.343+0800][42.136s][info][gc,heap        ] GC(1650) ParOldGen: 34213K(44032K)->35839K(44032K)
[2026-06-17T10:06:01.343+0800][42.136s][info][gc,metaspace   ] GC(1650) Metaspace: 116K(320K)->116K(320K) NonClass: 109K(192K)->109K(192K) Class: 7K(128K)->7K(128K)
[2026-06-17T10:06:01.344+0800][42.136s][info][gc             ] GC(1650) Pause Young (Allocation Failure) 44M->41M(57M) 2.645ms
[2026-06-17T10:06:01.344+0800][42.137s][info][gc,cpu         ] GC(1650) User=0.00s Sys=0.00s Real=0.01s
[2026-06-17T10:06:01.365+0800][42.158s][info][gc,start       ] GC(1651) Pause Young (Allocation Failure)
[2026-06-17T10:06:01.367+0800][42.160s][info][gc,heap        ] GC(1651) PSYoungGen: 14197K(14336K)->5062K(14336K) Eden: 7665K(7680K)->0K(7168K) From: 6532K(6656K)->5062K(7168K)
[2026-06-17T10:06:01.368+0800][42.160s][info][gc,heap        ] GC(1651) ParOldGen: 35839K(44032K)->37684K(44032K)
[2026-06-17T10:06:01.368+0800][42.161s][info][gc,metaspace   ] GC(1651) Metaspace: 116K(320K)->116K(320K) NonClass: 109K(192K)->109K(192K) Class: 7K(128K)->7K(128K)
[2026-06-17T10:06:01.368+0800][42.161s][info][gc             ] GC(1651) Pause Young (Allocation Failure) 48M->41M(57M) 3.027ms
[2026-06-17T10:06:01.369+0800][42.162s][info][gc,cpu         ] GC(1651) User=0.01s Sys=0.00s Real=0.00s
[2026-06-17T10:06:01.390+0800][42.183s][info][gc,start       ] GC(1652) Pause Young (Allocation Failure)
[2026-06-17T10:06:01.391+0800][42.184s][info][gc,heap        ] GC(1652) PSYoungGen: 12226K(14336K)->3095K(14336K) Eden: 7164K(7168K)->0K(7168K) From: 5062K(7168K)->3095K(7168K)
[2026-06-17T10:06:01.392+0800][42.184s][info][gc,heap        ] GC(1652) ParOldGen: 37684K(44032K)->39726K(44032K)
[2026-06-17T10:06:01.392+0800][42.185s][info][gc,metaspace   ] GC(1652) Metaspace: 116K(320K)->116K(320K) NonClass: 109K(192K)->109K(192K) Class: 7K(128K)->7K(128K)
[2026-06-17T10:06:01.392+0800][42.185s][info][gc             ] GC(1652) Pause Young (Allocation Failure) 48M->41M(57M) 1.888ms
[2026-06-17T10:06:01.392+0800][42.185s][info][gc,cpu         ] GC(1652) User=0.00s Sys=0.00s Real=0.01s
[2026-06-17T10:06:01.403+0800][42.196s][info][gc,start       ] GC(1653) Pause Full (Allocation Failure)
[2026-06-17T10:06:01.404+0800][42.197s][info][gc,phases,start] GC(1653) Marking Phase
[2026-06-17T10:06:01.406+0800][42.199s][info][gc,phases      ] GC(1653) Marking Phase 2.120ms
[2026-06-17T10:06:01.407+0800][42.199s][info][gc,phases,start] GC(1653) Summary Phase
[2026-06-17T10:06:01.407+0800][42.200s][info][gc,phases      ] GC(1653) Summary Phase 0.342ms
[2026-06-17T10:06:01.407+0800][42.200s][info][gc,phases,start] GC(1653) Forward
[2026-06-17T10:06:01.408+0800][42.200s][info][gc,phases      ] GC(1653) Forward 0.504ms
[2026-06-17T10:06:01.408+0800][42.201s][info][gc,phases,start] GC(1653) Adjust Pointers
[2026-06-17T10:06:01.409+0800][42.202s][info][gc,phases      ] GC(1653) Adjust Pointers 1.194ms
[2026-06-17T10:06:01.410+0800][42.202s][info][gc,phases,start] GC(1653) Compaction Phase
[2026-06-17T10:06:01.412+0800][42.205s][info][gc,phases      ] GC(1653) Compaction Phase 2.258ms
[2026-06-17T10:06:01.413+0800][42.206s][info][gc,phases,start] GC(1653) Post Compact
[2026-06-17T10:06:01.413+0800][42.206s][info][gc,phases      ] GC(1653) Post Compact 0.432ms
[2026-06-17T10:06:01.414+0800][42.207s][info][gc,heap        ] GC(1653) PSYoungGen: 10257K(14336K)->0K(14336K) Eden: 7162K(7168K)->0K(7168K) From: 3095K(7168K)->0K(7168K)
[2026-06-17T10:06:01.414+0800][42.207s][info][gc,heap        ] GC(1653) ParOldGen: 39726K(44032K)->34410K(44032K)
[2026-06-17T10:06:01.415+0800][42.207s][info][gc,metaspace   ] GC(1653) Metaspace: 116K(320K)->116K(320K) NonClass: 109K(192K)->109K(192K) Class: 7K(128K)->7K(128K)
[2026-06-17T10:06:01.415+0800][42.208s][info][gc             ] GC(1653) Pause Full (Allocation Failure) 48M->33M(57M) 11.425ms
[2026-06-17T10:06:01.415+0800][42.208s][info][gc,cpu         ] GC(1653) User=0.01s Sys=0.00s Real=0.01s
[2026-06-17T10:06:01.437+0800][42.229s][info][gc,start       ] GC(1654) Pause Young (Allocation Failure)
[2026-06-17T10:06:01.439+0800][42.231s][info][gc,heap        ] GC(1654) PSYoungGen: 7138K(14336K)->3812K(14336K) Eden: 7138K(7168K)->0K(7168K) From: 0K(7168K)->3812K(7168K)
[2026-06-17T10:06:01.439+0800][42.232s][info][gc,heap        ] GC(1654) ParOldGen: 34410K(44032K)->34410K(44032K)
[2026-06-17T10:06:01.440+0800][42.232s][info][gc,metaspace   ] GC(1654) Metaspace: 116K(320K)->116K(320K) NonClass: 109K(192K)->109K(192K) Class: 7K(128K)->7K(128K)
[2026-06-17T10:06:01.440+0800][42.233s][info][gc             ] GC(1654) Pause Young (Allocation Failure) 40M->37M(57M) 3.413ms
[2026-06-17T10:06:01.440+0800][42.233s][info][gc,cpu         ] GC(1654) User=0.00s Sys=0.00s Real=0.00s
[2026-06-17T10:06:01.452+0800][42.245s][info][gc,start       ] GC(1655) Pause Young (Allocation Failure)
[2026-06-17T10:06:01.453+0800][42.246s][info][gc,heap        ] GC(1655) PSYoungGen: 10691K(14336K)->3436K(14336K) Eden: 6878K(7168K)->0K(7168K) From: 3812K(7168K)->3436K(7168K)
[2026-06-17T10:06:01.454+0800][42.246s][info][gc,heap        ] GC(1655) ParOldGen: 34410K(44032K)->34410K(44032K)
[2026-06-17T10:06:01.454+0800][42.247s][info][gc,metaspace   ] GC(1655) Metaspace: 116K(320K)->116K(320K) NonClass: 109K(192K)->109K(192K) Class: 7K(128K)->7K(128K)
[2026-06-17T10:06:01.454+0800][42.247s][info][gc             ] GC(1655) Pause Young (Allocation Failure) 44M->36M(57M) 2.622ms
[2026-06-17T10:06:01.455+0800][42.248s][info][gc,cpu         ] GC(1655) User=0.00s Sys=0.00s Real=0.00s
[2026-06-17T10:06:01.477+0800][42.270s][info][gc,start       ] GC(1656) Pause Young (Allocation Failure)
[2026-06-17T10:06:01.492+0800][42.284s][info][gc,heap        ] GC(1656) PSYoungGen: 10588K(14336K)->7141K(14336K) Eden: 7151K(7168K)->0K(7168K) From: 3436K(7168K)->7141K(7168K)
[2026-06-17T10:06:01.541+0800][42.334s][info][gc,heap        ] GC(1656) ParOldGen: 34410K(44032K)->34410K(44032K)
[2026-06-17T10:06:01.542+0800][42.335s][info][gc,metaspace   ] GC(1656) Metaspace: 116K(320K)->116K(320K) NonClass: 109K(192K)->109K(192K) Class: 7K(128K)->7K(128K)
[2026-06-17T10:06:01.543+0800][42.336s][info][gc             ] GC(1656) Pause Young (Allocation Failure) 43M->40M(57M) 66.227ms
[2026-06-17T10:06:01.545+0800][42.338s][info][gc,cpu         ] GC(1656) User=0.00s Sys=0.00s Real=0.07s
[2026-06-17T10:06:01.569+0800][42.361s][info][gc,start       ] GC(1657) Pause Young (Allocation Failure)
[2026-06-17T10:06:01.581+0800][42.374s][info][gc,heap        ] GC(1657) PSYoungGen: 14300K(14336K)->4293K(14336K) Eden: 7158K(7168K)->0K(7168K) From: 7141K(7168K)->4293K(7168K)
[2026-06-17T10:06:01.587+0800][42.380s][info][gc,heap        ] GC(1657) ParOldGen: 34410K(44032K)->37801K(44032K)
[2026-06-17T10:06:01.610+0800][42.403s][info][gc,metaspace   ] GC(1657) Metaspace: 116K(320K)->116K(320K) NonClass: 109K(192K)->109K(192K) Class: 7K(128K)->7K(128K)
[2026-06-17T10:06:01.612+0800][42.405s][info][gc             ] GC(1657) Pause Young (Allocation Failure) 47M->41M(57M) 43.329ms
[2026-06-17T10:06:01.614+0800][42.407s][info][gc,cpu         ] GC(1657) User=0.00s Sys=0.00s Real=0.05s
[2026-06-17T10:06:01.639+0800][42.431s][info][gc,start       ] GC(1658) Pause Young (Allocation Failure)
[2026-06-17T10:06:01.640+0800][42.433s][info][gc,heap        ] GC(1658) PSYoungGen: 11459K(14336K)->1814K(14336K) Eden: 7165K(7168K)->0K(7168K) From: 4293K(7168K)->1814K(7168K)
[2026-06-17T10:06:01.642+0800][42.435s][info][gc,heap        ] GC(1658) ParOldGen: 37801K(44032K)->40555K(44032K)
[2026-06-17T10:06:01.643+0800][42.436s][info][gc,metaspace   ] GC(1658) Metaspace: 116K(320K)->116K(320K) NonClass: 109K(192K)->109K(192K) Class: 7K(128K)->7K(128K)
[2026-06-17T10:06:01.644+0800][42.437s][info][gc             ] GC(1658) Pause Young (Allocation Failure) 48M->41M(57M) 5.318ms
[2026-06-17T10:06:01.645+0800][42.437s][info][gc,cpu         ] GC(1658) User=0.00s Sys=0.00s Real=0.01s
[2026-06-17T10:06:01.667+0800][42.459s][info][gc,start       ] GC(1659) Pause Full (Allocation Failure)
[2026-06-17T10:06:01.667+0800][42.460s][info][gc,phases,start] GC(1659) Marking Phase
[2026-06-17T10:06:01.670+0800][42.462s][info][gc,phases      ] GC(1659) Marking Phase 2.335ms
[2026-06-17T10:06:01.670+0800][42.463s][info][gc,phases,start] GC(1659) Summary Phase
[2026-06-17T10:06:01.671+0800][42.464s][info][gc,phases      ] GC(1659) Summary Phase 0.583ms
[2026-06-17T10:06:01.671+0800][42.464s][info][gc,phases,start] GC(1659) Forward
[2026-06-17T10:06:01.672+0800][42.465s][info][gc,phases      ] GC(1659) Forward 0.549ms
[2026-06-17T10:06:01.672+0800][42.465s][info][gc,phases,start] GC(1659) Adjust Pointers
[2026-06-17T10:06:01.674+0800][42.467s][info][gc,phases      ] GC(1659) Adjust Pointers 1.352ms
[2026-06-17T10:06:01.674+0800][42.467s][info][gc,phases,start] GC(1659) Compaction Phase
[2026-06-17T10:06:01.676+0800][42.469s][info][gc,phases      ] GC(1659) Compaction Phase 1.474ms
[2026-06-17T10:06:01.676+0800][42.469s][info][gc,phases,start] GC(1659) Post Compact
[2026-06-17T10:06:01.677+0800][42.469s][info][gc,phases      ] GC(1659) Post Compact 0.361ms
[2026-06-17T10:06:01.677+0800][42.470s][info][gc,heap        ] GC(1659) PSYoungGen: 8938K(14336K)->0K(14336K) Eden: 7123K(7168K)->0K(7168K) From: 1814K(7168K)->0K(7168K)
[2026-06-17T10:06:01.677+0800][42.470s][info][gc,heap        ] GC(1659) ParOldGen: 40555K(44032K)->29761K(44032K)
[2026-06-17T10:06:01.678+0800][42.470s][info][gc,metaspace   ] GC(1659) Metaspace: 116K(320K)->116K(320K) NonClass: 109K(192K)->109K(192K) Class: 7K(128K)->7K(128K)
[2026-06-17T10:06:01.678+0800][42.471s][info][gc             ] GC(1659) Pause Full (Allocation Failure) 48M->29M(57M) 11.363ms
[2026-06-17T10:06:01.678+0800][42.471s][info][gc,cpu         ] GC(1659) User=0.00s Sys=0.00s Real=0.01s
[2026-06-17T10:06:01.689+0800][42.482s][info][gc,start       ] GC(1660) Pause Young (Allocation Failure)
[2026-06-17T10:06:01.691+0800][42.483s][info][gc,heap        ] GC(1660) PSYoungGen: 7077K(14336K)->3767K(14336K) Eden: 7077K(7168K)->0K(7168K) From: 0K(7168K)->3767K(7168K)
[2026-06-17T10:06:01.691+0800][42.484s][info][gc,heap        ] GC(1660) ParOldGen: 29761K(44032K)->29761K(44032K)
[2026-06-17T10:06:01.692+0800][42.485s][info][gc,metaspace   ] GC(1660) Metaspace: 116K(320K)->116K(320K) NonClass: 109K(192K)->109K(192K) Class: 7K(128K)->7K(128K)
[2026-06-17T10:06:01.694+0800][42.487s][info][gc             ] GC(1660) Pause Young (Allocation Failure) 35M->32M(57M) 4.998ms
[2026-06-17T10:06:01.695+0800][42.488s][info][gc,cpu         ] GC(1660) User=0.00s Sys=0.00s Real=0.01s
[2026-06-17T10:06:01.718+0800][42.511s][info][gc,start       ] GC(1661) Pause Young (Allocation Failure)
[2026-06-17T10:06:01.721+0800][42.514s][info][gc,heap        ] GC(1661) PSYoungGen: 10921K(14336K)->7154K(14336K) Eden: 7153K(7168K)->0K(7168K) From: 3767K(7168K)->7154K(7168K)
[2026-06-17T10:06:01.723+0800][42.515s][info][gc,heap        ] GC(1661) ParOldGen: 29761K(44032K)->30143K(44032K)
[2026-06-17T10:06:01.725+0800][42.517s][info][gc,metaspace   ] GC(1661) Metaspace: 116K(320K)->116K(320K) NonClass: 109K(192K)->109K(192K) Class: 7K(128K)->7K(128K)
[2026-06-17T10:06:01.727+0800][42.520s][info][gc             ] GC(1661) Pause Young (Allocation Failure) 39M->36M(57M) 8.606ms
[2026-06-17T10:06:01.729+0800][42.522s][info][gc,cpu         ] GC(1661) User=0.00s Sys=0.00s Real=0.01s
[2026-06-17T10:06:01.741+0800][42.534s][info][gc,start       ] GC(1662) Pause Young (Allocation Failure)
[2026-06-17T10:06:01.743+0800][42.536s][info][gc,heap        ] GC(1662) PSYoungGen: 14191K(14336K)->3398K(14336K) Eden: 7036K(7168K)->0K(7168K) From: 7154K(7168K)->3398K(7168K)
[2026-06-17T10:06:01.744+0800][42.537s][info][gc,heap        ] GC(1662) ParOldGen: 30143K(44032K)->33691K(44032K)
[2026-06-17T10:06:01.745+0800][42.537s][info][gc,metaspace   ] GC(1662) Metaspace: 116K(320K)->116K(320K) NonClass: 109K(192K)->109K(192K) Class: 7K(128K)->7K(128K)
[2026-06-17T10:06:01.745+0800][42.538s][info][gc             ] GC(1662) Pause Young (Allocation Failure) 43M->36M(57M) 3.936ms
[2026-06-17T10:06:01.746+0800][42.539s][info][gc,cpu         ] GC(1662) User=0.01s Sys=0.00s Real=0.01s
[2026-06-17T10:06:01.769+0800][42.562s][info][gc,start       ] GC(1663) Pause Young (Allocation Failure)
[2026-06-17T10:06:01.772+0800][42.565s][info][gc,heap        ] GC(1663) PSYoungGen: 10517K(14336K)->3710K(14336K) Eden: 7119K(7168K)->0K(7168K) From: 3398K(7168K)->3710K(7168K)
[2026-06-17T10:06:01.773+0800][42.566s][info][gc,heap        ] GC(1663) ParOldGen: 33691K(44032K)->37065K(44032K)
[2026-06-17T10:06:01.774+0800][42.566s][info][gc,metaspace   ] GC(1663) Metaspace: 116K(320K)->116K(320K) NonClass: 109K(192K)->109K(192K) Class: 7K(128K)->7K(128K)
[2026-06-17T10:06:01.774+0800][42.567s][info][gc             ] GC(1663) Pause Young (Allocation Failure) 43M->39M(57M) 5.236ms
[2026-06-17T10:06:01.775+0800][42.568s][info][gc,cpu         ] GC(1663) User=0.00s Sys=0.00s Real=0.01s
[2026-06-17T10:06:01.798+0800][42.590s][info][gc,start       ] GC(1664) Pause Young (Allocation Failure)
[2026-06-17T10:06:01.800+0800][42.593s][info][gc,heap        ] GC(1664) PSYoungGen: 10873K(14336K)->4154K(14336K) Eden: 7163K(7168K)->0K(7168K) From: 3710K(7168K)->4154K(7168K)
[2026-06-17T10:06:01.800+0800][42.593s][info][gc,heap        ] GC(1664) ParOldGen: 37065K(44032K)->37065K(44032K)
[2026-06-17T10:06:01.801+0800][42.594s][info][gc,metaspace   ] GC(1664) Metaspace: 116K(320K)->116K(320K) NonClass: 109K(192K)->109K(192K) Class: 7K(128K)->7K(128K)
[2026-06-17T10:06:01.802+0800][42.594s][info][gc             ] GC(1664) Pause Young (Allocation Failure) 46M->40M(57M) 4.142ms
[2026-06-17T10:06:01.802+0800][42.595s][info][gc,cpu         ] GC(1664) User=0.01s Sys=0.00s Real=0.00s
[2026-06-17T10:06:01.825+0800][42.618s][info][gc,start       ] GC(1665) Pause Young (Allocation Failure)
[2026-06-17T10:06:01.827+0800][42.620s][info][gc,heap        ] GC(1665) PSYoungGen: 11313K(14336K)->4304K(14336K) Eden: 7159K(7168K)->0K(7168K) From: 4154K(7168K)->4304K(7168K)
[2026-06-17T10:06:01.828+0800][42.621s][info][gc,heap        ] GC(1665) ParOldGen: 37065K(44032K)->37065K(44032K)
[2026-06-17T10:06:01.829+0800][42.621s][info][gc,metaspace   ] GC(1665) Metaspace: 116K(320K)->116K(320K) NonClass: 109K(192K)->109K(192K) Class: 7K(128K)->7K(128K)
[2026-06-17T10:06:01.829+0800][42.622s][info][gc             ] GC(1665) Pause Young (Allocation Failure) 47M->40M(57M) 4.405ms
[2026-06-17T10:06:01.830+0800][42.623s][info][gc,cpu         ] GC(1665) User=0.00s Sys=0.00s Real=0.00s
[2026-06-17T10:06:01.842+0800][42.635s][info][gc,start       ] GC(1666) Pause Young (Allocation Failure)
[2026-06-17T10:06:01.845+0800][42.638s][info][gc,heap        ] GC(1666) PSYoungGen: 11455K(14336K)->6910K(14336K) Eden: 7151K(7168K)->0K(7168K) From: 4304K(7168K)->6910K(7168K)
[2026-06-17T10:06:01.846+0800][42.639s][info][gc,heap        ] GC(1666) ParOldGen: 37065K(44032K)->38039K(44032K)
[2026-06-17T10:06:01.847+0800][42.640s][info][gc,metaspace   ] GC(1666) Metaspace: 116K(320K)->116K(320K) NonClass: 109K(192K)->109K(192K) Class: 7K(128K)->7K(128K)
[2026-06-17T10:06:01.847+0800][42.640s][info][gc             ] GC(1666) Pause Young (Allocation Failure) 47M->43M(57M) 4.993ms
[2026-06-17T10:06:01.848+0800][42.641s][info][gc,cpu         ] GC(1666) User=0.00s Sys=0.01s Real=0.01s
[2026-06-17T10:06:01.871+0800][42.663s][info][gc,start       ] GC(1667) Pause Young (Allocation Failure)
[2026-06-17T10:06:01.873+0800][42.665s][info][gc,heap        ] GC(1667) PSYoungGen: 14073K(14336K)->3703K(14336K) Eden: 7163K(7168K)->0K(7168K) From: 6910K(7168K)->3703K(7168K)
[2026-06-17T10:06:01.873+0800][42.666s][info][gc,heap        ] GC(1667) ParOldGen: 38039K(44032K)->41596K(44032K)
[2026-06-17T10:06:01.874+0800][42.667s][info][gc,metaspace   ] GC(1667) Metaspace: 116K(320K)->116K(320K) NonClass: 109K(192K)->109K(192K) Class: 7K(128K)->7K(128K)
[2026-06-17T10:06:01.875+0800][42.667s][info][gc             ] GC(1667) Pause Young (Allocation Failure) 50M->44M(57M) 4.116ms
[2026-06-17T10:06:01.875+0800][42.668s][info][gc,cpu         ] GC(1667) User=0.01s Sys=0.00s Real=0.00s
[2026-06-17T10:06:01.897+0800][42.690s][info][gc,start       ] GC(1668) Pause Full (Allocation Failure)
[2026-06-17T10:06:01.899+0800][42.692s][info][gc,phases,start] GC(1668) Marking Phase
[2026-06-17T10:06:01.902+0800][42.695s][info][gc,phases      ] GC(1668) Marking Phase 3.108ms
[2026-06-17T10:06:01.903+0800][42.695s][info][gc,phases,start] GC(1668) Summary Phase
[2026-06-17T10:06:01.903+0800][42.696s][info][gc,phases      ] GC(1668) Summary Phase 0.502ms
[2026-06-17T10:06:01.904+0800][42.697s][info][gc,phases,start] GC(1668) Forward
[2026-06-17T10:06:01.905+0800][42.697s][info][gc,phases      ] GC(1668) Forward 0.783ms
[2026-06-17T10:06:01.905+0800][42.698s][info][gc,phases,start] GC(1668) Adjust Pointers
[2026-06-17T10:06:01.907+0800][42.699s][info][gc,phases      ] GC(1668) Adjust Pointers 1.428ms
[2026-06-17T10:06:01.907+0800][42.700s][info][gc,phases,start] GC(1668) Compaction Phase
[2026-06-17T10:06:01.910+0800][42.702s][info][gc,phases      ] GC(1668) Compaction Phase 2.644ms
[2026-06-17T10:06:01.910+0800][42.703s][info][gc,phases,start] GC(1668) Post Compact
[2026-06-17T10:06:01.911+0800][42.704s][info][gc,phases      ] GC(1668) Post Compact 0.435ms
[2026-06-17T10:06:01.911+0800][42.704s][info][gc,heap        ] GC(1668) PSYoungGen: 10847K(14336K)->0K(14336K) Eden: 7143K(7168K)->0K(7168K) From: 3703K(7168K)->0K(7168K)
[2026-06-17T10:06:01.911+0800][42.704s][info][gc,heap        ] GC(1668) ParOldGen: 41596K(44032K)->25193K(44032K)
[2026-06-17T10:06:01.912+0800][42.704s][info][gc,metaspace   ] GC(1668) Metaspace: 116K(320K)->116K(320K) NonClass: 109K(192K)->109K(192K) Class: 7K(128K)->7K(128K)
[2026-06-17T10:06:01.912+0800][42.705s][info][gc             ] GC(1668) Pause Full (Allocation Failure) 51M->24M(57M) 14.573ms
[2026-06-17T10:06:01.912+0800][42.705s][info][gc,cpu         ] GC(1668) User=0.01s Sys=0.00s Real=0.02s
[2026-06-17T10:06:01.923+0800][42.716s][info][gc,start       ] GC(1669) Pause Young (Allocation Failure)
[2026-06-17T10:06:01.925+0800][42.718s][info][gc,heap        ] GC(1669) PSYoungGen: 7044K(14336K)->3253K(14336K) Eden: 7044K(7168K)->0K(7168K) From: 0K(7168K)->3253K(7168K)
[2026-06-17T10:06:01.925+0800][42.718s][info][gc,heap        ] GC(1669) ParOldGen: 25193K(44032K)->25193K(44032K)
[2026-06-17T10:06:01.926+0800][42.719s][info][gc,metaspace   ] GC(1669) Metaspace: 116K(320K)->116K(320K) NonClass: 109K(192K)->109K(192K) Class: 7K(128K)->7K(128K)
[2026-06-17T10:06:01.926+0800][42.719s][info][gc             ] GC(1669) Pause Young (Allocation Failure) 31M->27M(57M) 2.629ms
[2026-06-17T10:06:01.927+0800][42.719s][info][gc,cpu         ] GC(1669) User=0.00s Sys=0.00s Real=0.00s
[2026-06-17T10:06:01.948+0800][42.741s][info][gc,start       ] GC(1670) Pause Young (Allocation Failure)
[2026-06-17T10:06:01.950+0800][42.743s][info][gc,heap        ] GC(1670) PSYoungGen: 10411K(14336K)->3859K(14336K) Eden: 7158K(7168K)->0K(7168K) From: 3253K(7168K)->3859K(7168K)
[2026-06-17T10:06:01.950+0800][42.743s][info][gc,heap        ] GC(1670) ParOldGen: 25193K(44032K)->28360K(44032K)
[2026-06-17T10:06:01.951+0800][42.744s][info][gc,metaspace   ] GC(1670) Metaspace: 116K(320K)->116K(320K) NonClass: 109K(192K)->109K(192K) Class: 7K(128K)->7K(128K)
[2026-06-17T10:06:01.951+0800][42.744s][info][gc             ] GC(1670) Pause Young (Allocation Failure) 34M->31M(57M) 3.157ms
[2026-06-17T10:06:01.952+0800][42.745s][info][gc,cpu         ] GC(1670) User=0.00s Sys=0.00s Real=0.01s
[2026-06-17T10:06:01.974+0800][42.767s][info][gc,start       ] GC(1671) Pause Young (Allocation Failure)
[2026-06-17T10:06:01.976+0800][42.768s][info][gc,heap        ] GC(1671) PSYoungGen: 10977K(14336K)->4220K(14336K) Eden: 7118K(7168K)->0K(7168K) From: 3859K(7168K)->4220K(7168K)
[2026-06-17T10:06:01.977+0800][42.770s][info][gc,heap        ] GC(1671) ParOldGen: 28360K(44032K)->28360K(44032K)
[2026-06-17T10:06:01.978+0800][42.770s][info][gc,metaspace   ] GC(1671) Metaspace: 116K(320K)->116K(320K) NonClass: 109K(192K)->109K(192K) Class: 7K(128K)->7K(128K)
[2026-06-17T10:06:01.978+0800][42.771s][info][gc             ] GC(1671) Pause Young (Allocation Failure) 38M->31M(57M) 4.173ms
[2026-06-17T10:06:01.978+0800][42.771s][info][gc,cpu         ] GC(1671) User=0.00s Sys=0.00s Real=0.00s
[2026-06-17T10:06:02.000+0800][42.793s][info][gc,start       ] GC(1672) Pause Young (Allocation Failure)
[2026-06-17T10:06:02.002+0800][42.795s][info][gc,heap        ] GC(1672) PSYoungGen: 11388K(14336K)->4365K(14336K) Eden: 7168K(7168K)->0K(7168K) From: 4220K(7168K)->4365K(7168K)
[2026-06-17T10:06:02.003+0800][42.795s][info][gc,heap        ] GC(1672) ParOldGen: 28360K(44032K)->28360K(44032K)
[2026-06-17T10:06:02.003+0800][42.796s][info][gc,metaspace   ] GC(1672) Metaspace: 116K(320K)->116K(320K) NonClass: 109K(192K)->109K(192K) Class: 7K(128K)->7K(128K)
[2026-06-17T10:06:02.004+0800][42.797s][info][gc             ] GC(1672) Pause Young (Allocation Failure) 38M->31M(57M) 3.724ms
[2026-06-17T10:06:02.004+0800][42.797s][info][gc,cpu         ] GC(1672) User=0.01s Sys=0.00s Real=0.01s
[2026-06-17T10:06:02.016+0800][42.809s][info][gc,start       ] GC(1673) Pause Young (Allocation Failure)
[2026-06-17T10:06:02.018+0800][42.811s][info][gc,heap        ] GC(1673) PSYoungGen: 11499K(14336K)->6545K(13824K) Eden: 7133K(7168K)->0K(7168K) From: 4365K(7168K)->6545K(6656K)
[2026-06-17T10:06:02.019+0800][42.812s][info][gc,heap        ] GC(1673) ParOldGen: 28360K(44032K)->29769K(44032K)
[2026-06-17T10:06:02.019+0800][42.812s][info][gc,metaspace   ] GC(1673) Metaspace: 116K(320K)->116K(320K) NonClass: 109K(192K)->109K(192K) Class: 7K(128K)->7K(128K)
[2026-06-17T10:06:02.020+0800][42.812s][info][gc             ] GC(1673) Pause Young (Allocation Failure) 38M->35M(56M) 3.507ms
[2026-06-17T10:06:02.020+0800][42.813s][info][gc,cpu         ] GC(1673) User=0.00s Sys=0.00s Real=0.00s
[2026-06-17T10:06:02.042+0800][42.834s][info][gc,start       ] GC(1674) Pause Young (Allocation Failure)
[2026-06-17T10:06:02.044+0800][42.837s][info][gc,heap        ] GC(1674) PSYoungGen: 13713K(13824K)->4598K(14336K) Eden: 7168K(7168K)->0K(7168K) From: 6545K(6656K)->4598K(7168K)
[2026-06-17T10:06:02.045+0800][42.838s][info][gc,heap        ] GC(1674) ParOldGen: 29769K(44032K)->31839K(44032K)
[2026-06-17T10:06:02.045+0800][42.838s][info][gc,metaspace   ] GC(1674) Metaspace: 116K(320K)->116K(320K) NonClass: 109K(192K)->109K(192K) Class: 7K(128K)->7K(128K)
[2026-06-17T10:06:02.046+0800][42.839s][info][gc             ] GC(1674) Pause Young (Allocation Failure) 42M->35M(57M) 4.453ms
[2026-06-17T10:06:02.047+0800][42.839s][info][gc,cpu         ] GC(1674) User=0.00s Sys=0.00s Real=0.01s
[2026-06-17T10:06:02.058+0800][42.851s][info][gc,start       ] GC(1675) Pause Young (Allocation Failure)
[2026-06-17T10:06:02.060+0800][42.853s][info][gc,heap        ] GC(1675) PSYoungGen: 11722K(14336K)->7073K(14336K) Eden: 7124K(7168K)->0K(7168K) From: 4598K(7168K)->7073K(7168K)
[2026-06-17T10:06:02.061+0800][42.854s][info][gc,heap        ] GC(1675) ParOldGen: 31839K(44032K)->32972K(44032K)
[2026-06-17T10:06:02.061+0800][42.854s][info][gc,metaspace   ] GC(1675) Metaspace: 116K(320K)->116K(320K) NonClass: 109K(192K)->109K(192K) Class: 7K(128K)->7K(128K)
[2026-06-17T10:06:02.062+0800][42.855s][info][gc             ] GC(1675) Pause Young (Allocation Failure) 42M->39M(57M) 3.460ms
[2026-06-17T10:06:02.062+0800][42.855s][info][gc,cpu         ] GC(1675) User=0.01s Sys=0.00s Real=0.00s
[2026-06-17T10:06:02.084+0800][42.877s][info][gc,start       ] GC(1676) Pause Young (Allocation Failure)
[2026-06-17T10:06:02.087+0800][42.879s][info][gc,heap        ] GC(1676) PSYoungGen: 14240K(14336K)->4814K(14336K) Eden: 7166K(7168K)->0K(7168K) From: 7073K(7168K)->4814K(7168K)
[2026-06-17T10:06:02.088+0800][42.881s][info][gc,heap        ] GC(1676) ParOldGen: 32972K(44032K)->35252K(44032K)
[2026-06-17T10:06:02.088+0800][42.881s][info][gc,metaspace   ] GC(1676) Metaspace: 116K(320K)->116K(320K) NonClass: 109K(192K)->109K(192K) Class: 7K(128K)->7K(128K)
[2026-06-17T10:06:02.089+0800][42.882s][info][gc             ] GC(1676) Pause Young (Allocation Failure) 46M->39M(57M) 4.875ms
[2026-06-17T10:06:02.089+0800][42.882s][info][gc,cpu         ] GC(1676) User=0.00s Sys=0.01s Real=0.00s
[2026-06-17T10:06:02.111+0800][42.904s][info][gc,start       ] GC(1677) Pause Young (Allocation Failure)
[2026-06-17T10:06:02.112+0800][42.905s][info][gc,heap        ] GC(1677) PSYoungGen: 11977K(14336K)->3211K(14336K) Eden: 7163K(7168K)->0K(7168K) From: 4814K(7168K)->3211K(7168K)
[2026-06-17T10:06:02.113+0800][42.906s][info][gc,heap        ] GC(1677) ParOldGen: 35252K(44032K)->37217K(44032K)
[2026-06-17T10:06:02.113+0800][42.906s][info][gc,metaspace   ] GC(1677) Metaspace: 116K(320K)->116K(320K) NonClass: 109K(192K)->109K(192K) Class: 7K(128K)->7K(128K)
[2026-06-17T10:06:02.113+0800][42.906s][info][gc             ] GC(1677) Pause Young (Allocation Failure) 46M->39M(57M) 2.641ms
[2026-06-17T10:06:02.114+0800][42.907s][info][gc,cpu         ] GC(1677) User=0.00s Sys=0.00s Real=0.00s
[2026-06-17T10:06:02.125+0800][42.918s][info][gc,start       ] GC(1678) Pause Young (Allocation Failure)
[2026-06-17T10:06:02.127+0800][42.920s][info][gc,heap        ] GC(1678) PSYoungGen: 10245K(14336K)->1673K(14336K) Eden: 7033K(7168K)->0K(7168K) From: 3211K(7168K)->1673K(7168K)
[2026-06-17T10:06:02.128+0800][42.921s][info][gc,heap        ] GC(1678) ParOldGen: 37217K(44032K)->38890K(44032K)
[2026-06-17T10:06:02.129+0800][42.921s][info][gc,metaspace   ] GC(1678) Metaspace: 116K(320K)->116K(320K) NonClass: 109K(192K)->109K(192K) Class: 7K(128K)->7K(128K)
[2026-06-17T10:06:02.129+0800][42.922s][info][gc             ] GC(1678) Pause Young (Allocation Failure) 46M->39M(57M) 3.819ms
[2026-06-17T10:06:02.130+0800][42.922s][info][gc,cpu         ] GC(1678) User=0.00s Sys=0.00s Real=0.00s
[2026-06-17T10:06:02.152+0800][42.945s][info][gc,start       ] GC(1679) Pause Young (Allocation Failure)
[2026-06-17T10:06:02.154+0800][42.946s][info][gc,heap        ] GC(1679) PSYoungGen: 8841K(14336K)->3822K(14336K) Eden: 7167K(7168K)->0K(7168K) From: 1673K(7168K)->3822K(7168K)
[2026-06-17T10:06:02.154+0800][42.947s][info][gc,heap        ] GC(1679) ParOldGen: 38890K(44032K)->40539K(44032K)
[2026-06-17T10:06:02.155+0800][42.947s][info][gc,metaspace   ] GC(1679) Metaspace: 116K(320K)->116K(320K) NonClass: 109K(192K)->109K(192K) Class: 7K(128K)->7K(128K)
[2026-06-17T10:06:02.155+0800][42.948s][info][gc             ] GC(1679) Pause Young (Allocation Failure) 46M->43M(57M) 3.133ms
[2026-06-17T10:06:02.155+0800][42.948s][info][gc,cpu         ] GC(1679) User=0.01s Sys=0.00s Real=0.00s
[2026-06-17T10:06:02.178+0800][42.970s][info][gc,start       ] GC(1680) Pause Full (Allocation Failure)
[2026-06-17T10:06:02.178+0800][42.971s][info][gc,phases,start] GC(1680) Marking Phase
[2026-06-17T10:06:02.182+0800][42.974s][info][gc,phases      ] GC(1680) Marking Phase 3.216ms
[2026-06-17T10:06:02.182+0800][42.975s][info][gc,phases,start] GC(1680) Summary Phase
[2026-06-17T10:06:02.183+0800][42.975s][info][gc,phases      ] GC(1680) Summary Phase 0.517ms
[2026-06-17T10:06:02.183+0800][42.976s][info][gc,phases,start] GC(1680) Forward
[2026-06-17T10:06:02.184+0800][42.976s][info][gc,phases      ] GC(1680) Forward 0.564ms
[2026-06-17T10:06:02.184+0800][42.977s][info][gc,phases,start] GC(1680) Adjust Pointers
[2026-06-17T10:06:02.186+0800][42.978s][info][gc,phases      ] GC(1680) Adjust Pointers 1.469ms
[2026-06-17T10:06:02.186+0800][42.979s][info][gc,phases,start] GC(1680) Compaction Phase
[2026-06-17T10:06:02.188+0800][42.981s][info][gc,phases      ] GC(1680) Compaction Phase 2.466ms
[2026-06-17T10:06:02.189+0800][42.982s][info][gc,phases,start] GC(1680) Post Compact
[2026-06-17T10:06:02.189+0800][42.982s][info][gc,phases      ] GC(1680) Post Compact 0.450ms
[2026-06-17T10:06:02.190+0800][42.983s][info][gc,heap        ] GC(1680) PSYoungGen: 10971K(14336K)->0K(14336K) Eden: 7148K(7168K)->0K(7168K) From: 3822K(7168K)->0K(7168K)
[2026-06-17T10:06:02.190+0800][42.983s][info][gc,heap        ] GC(1680) ParOldGen: 40539K(44032K)->31019K(44032K)
[2026-06-17T10:06:02.190+0800][42.983s][info][gc,metaspace   ] GC(1680) Metaspace: 116K(320K)->116K(320K) NonClass: 109K(192K)->109K(192K) Class: 7K(128K)->7K(128K)
[2026-06-17T10:06:02.190+0800][42.983s][info][gc             ] GC(1680) Pause Full (Allocation Failure) 50M->30M(57M) 12.783ms
[2026-06-17T10:06:02.191+0800][42.983s][info][gc,cpu         ] GC(1680) User=0.01s Sys=0.00s Real=0.02s
[2026-06-17T10:06:02.212+0800][43.005s][info][gc,start       ] GC(1681) Pause Young (Allocation Failure)
[2026-06-17T10:06:02.213+0800][43.006s][info][gc,heap        ] GC(1681) PSYoungGen: 7159K(14336K)->3921K(14336K) Eden: 7159K(7168K)->0K(7168K) From: 0K(7168K)->3921K(7168K)
[2026-06-17T10:06:02.214+0800][43.007s][info][gc,heap        ] GC(1681) ParOldGen: 31019K(44032K)->31019K(44032K)
[2026-06-17T10:06:02.214+0800][43.007s][info][gc,metaspace   ] GC(1681) Metaspace: 116K(320K)->116K(320K) NonClass: 109K(192K)->109K(192K) Class: 7K(128K)->7K(128K)
[2026-06-17T10:06:02.215+0800][43.008s][info][gc             ] GC(1681) Pause Young (Allocation Failure) 37M->34M(57M) 2.544ms
[2026-06-17T10:06:02.215+0800][43.008s][info][gc,cpu         ] GC(1681) User=0.00s Sys=0.00s Real=0.00s
[2026-06-17T10:06:02.227+0800][43.020s][info][gc,start       ] GC(1682) Pause Young (Allocation Failure)
[2026-06-17T10:06:02.229+0800][43.021s][info][gc,heap        ] GC(1682) PSYoungGen: 11089K(14336K)->6996K(14336K) Eden: 7168K(7168K)->0K(7168K) From: 3921K(7168K)->6996K(7168K)
[2026-06-17T10:06:02.229+0800][43.022s][info][gc,heap        ] GC(1682) ParOldGen: 31019K(44032K)->31699K(44032K)
[2026-06-17T10:06:02.230+0800][43.022s][info][gc,metaspace   ] GC(1682) Metaspace: 116K(320K)->116K(320K) NonClass: 109K(192K)->109K(192K) Class: 7K(128K)->7K(128K)
[2026-06-17T10:06:02.230+0800][43.023s][info][gc             ] GC(1682) Pause Young (Allocation Failure) 41M->37M(57M) 3.209ms
[2026-06-17T10:06:02.231+0800][43.024s][info][gc,cpu         ] GC(1682) User=0.00s Sys=0.00s Real=0.01s
[2026-06-17T10:06:02.253+0800][43.046s][info][gc,start       ] GC(1683) Pause Young (Allocation Failure)
[2026-06-17T10:06:02.255+0800][43.048s][info][gc,heap        ] GC(1683) PSYoungGen: 14124K(14336K)->3158K(14336K) Eden: 7127K(7168K)->0K(7168K) From: 6996K(7168K)->3158K(7168K)
[2026-06-17T10:06:02.257+0800][43.050s][info][gc,heap        ] GC(1683) ParOldGen: 31699K(44032K)->35584K(44032K)
[2026-06-17T10:06:02.258+0800][43.050s][info][gc,metaspace   ] GC(1683) Metaspace: 116K(320K)->116K(320K) NonClass: 109K(192K)->109K(192K) Class: 7K(128K)->7K(128K)
[2026-06-17T10:06:02.258+0800][43.051s][info][gc             ] GC(1683) Pause Young (Allocation Failure) 44M->37M(57M) 5.073ms
[2026-06-17T10:06:02.259+0800][43.051s][info][gc,cpu         ] GC(1683) User=0.01s Sys=0.00s Real=0.00s
[2026-06-17T10:06:02.280+0800][43.073s][info][gc,start       ] GC(1684) Pause Young (Allocation Failure)
[2026-06-17T10:06:02.282+0800][43.075s][info][gc,heap        ] GC(1684) PSYoungGen: 10286K(14336K)->2373K(14336K) Eden: 7127K(7168K)->0K(7168K) From: 3158K(7168K)->2373K(7168K)
[2026-06-17T10:06:02.283+0800][43.076s][info][gc,heap        ] GC(1684) ParOldGen: 35584K(44032K)->36595K(44032K)
[2026-06-17T10:06:02.284+0800][43.076s][info][gc,metaspace   ] GC(1684) Metaspace: 116K(320K)->116K(320K) NonClass: 109K(192K)->109K(192K) Class: 7K(128K)->7K(128K)
[2026-06-17T10:06:02.284+0800][43.077s][info][gc             ] GC(1684) Pause Young (Allocation Failure) 44M->38M(57M) 3.689ms
[2026-06-17T10:06:02.285+0800][43.077s][info][gc,cpu         ] GC(1684) User=0.00s Sys=0.00s Real=0.01s
[2026-06-17T10:06:02.296+0800][43.089s][info][gc,start       ] GC(1685) Pause Young (Allocation Failure)
[2026-06-17T10:06:02.298+0800][43.091s][info][gc,heap        ] GC(1685) PSYoungGen: 9518K(14336K)->3761K(14336K) Eden: 7145K(7168K)->0K(7168K) From: 2373K(7168K)->3761K(7168K)
[2026-06-17T10:06:02.299+0800][43.091s][info][gc,heap        ] GC(1685) ParOldGen: 36595K(44032K)->38576K(44032K)
[2026-06-17T10:06:02.299+0800][43.092s][info][gc,metaspace   ] GC(1685) Metaspace: 116K(320K)->116K(320K) NonClass: 109K(192K)->109K(192K) Class: 7K(128K)->7K(128K)
[2026-06-17T10:06:02.300+0800][43.092s][info][gc             ] GC(1685) Pause Young (Allocation Failure) 45M->41M(57M) 3.286ms
[2026-06-17T10:06:02.300+0800][43.093s][info][gc,cpu         ] GC(1685) User=0.00s Sys=0.00s Real=0.00s
[2026-06-17T10:06:02.321+0800][43.114s][info][gc,start       ] GC(1686) Pause Young (Allocation Failure)
[2026-06-17T10:06:02.322+0800][43.115s][info][gc,heap        ] GC(1686) PSYoungGen: 10885K(14336K)->3782K(14336K) Eden: 7124K(7168K)->0K(7168K) From: 3761K(7168K)->3782K(7168K)
[2026-06-17T10:06:02.323+0800][43.116s][info][gc,heap        ] GC(1686) ParOldGen: 38576K(44032K)->38576K(44032K)
[2026-06-17T10:06:02.323+0800][43.116s][info][gc,metaspace   ] GC(1686) Metaspace: 116K(320K)->116K(320K) NonClass: 109K(192K)->109K(192K) Class: 7K(128K)->7K(128K)
[2026-06-17T10:06:02.324+0800][43.116s][info][gc             ] GC(1686) Pause Young (Allocation Failure) 48M->41M(57M) 2.303ms
[2026-06-17T10:06:02.324+0800][43.117s][info][gc,cpu         ] GC(1686) User=0.01s Sys=0.00s Real=0.01s
[2026-06-17T10:06:02.335+0800][43.128s][info][gc,start       ] GC(1687) Pause Young (Allocation Failure)
[2026-06-17T10:06:02.336+0800][43.128s][info][gc,heap        ] GC(1687) PSYoungGen: 10797K(14336K)->3661K(14336K) Eden: 7015K(7168K)->0K(7168K) From: 3782K(7168K)->3661K(7168K)
[2026-06-17T10:06:02.336+0800][43.129s][info][gc,heap        ] GC(1687) ParOldGen: 38576K(44032K)->38576K(44032K)
[2026-06-17T10:06:02.336+0800][43.129s][info][gc,metaspace   ] GC(1687) Metaspace: 116K(320K)->116K(320K) NonClass: 109K(192K)->109K(192K) Class: 7K(128K)->7K(128K)
[2026-06-17T10:06:02.336+0800][43.129s][info][gc             ] GC(1687) Pause Young (Allocation Failure) 48M->41M(57M) 1.500ms
[2026-06-17T10:06:02.337+0800][43.129s][info][gc,cpu         ] GC(1687) User=0.00s Sys=0.00s Real=0.00s
[2026-06-17T10:06:02.358+0800][43.151s][info][gc,start       ] GC(1688) Pause Young (Allocation Failure)
[2026-06-17T10:06:02.359+0800][43.152s][info][gc,heap        ] GC(1688) PSYoungGen: 10823K(14336K)->7084K(14336K) Eden: 7162K(7168K)->0K(7168K) From: 3661K(7168K)->7084K(7168K)
[2026-06-17T10:06:02.360+0800][43.153s][info][gc,heap        ] GC(1688) ParOldGen: 38576K(44032K)->38875K(44032K)
[2026-06-17T10:06:02.360+0800][43.153s][info][gc,metaspace   ] GC(1688) Metaspace: 116K(320K)->116K(320K) NonClass: 109K(192K)->109K(192K) Class: 7K(128K)->7K(128K)
[2026-06-17T10:06:02.360+0800][43.153s][info][gc             ] GC(1688) Pause Young (Allocation Failure) 48M->44M(57M) 2.517ms
[2026-06-17T10:06:02.360+0800][43.153s][info][gc,cpu         ] GC(1688) User=0.00s Sys=0.00s Real=0.00s
[2026-06-17T10:06:02.382+0800][43.175s][info][gc,start       ] GC(1689) Pause Young (Allocation Failure)
[2026-06-17T10:06:02.384+0800][43.177s][info][gc,heap        ] GC(1689) PSYoungGen: 14249K(14336K)->3465K(14336K) Eden: 7165K(7168K)->0K(7168K) From: 7084K(7168K)->3465K(7168K)
[2026-06-17T10:06:02.385+0800][43.177s][info][gc,heap        ] GC(1689) ParOldGen: 38875K(44032K)->42182K(44032K)
[2026-06-17T10:06:02.385+0800][43.178s][info][gc,metaspace   ] GC(1689) Metaspace: 116K(320K)->116K(320K) NonClass: 109K(192K)->109K(192K) Class: 7K(128K)->7K(128K)
[2026-06-17T10:06:02.385+0800][43.178s][info][gc             ] GC(1689) Pause Young (Allocation Failure) 51M->44M(57M) 3.228ms
[2026-06-17T10:06:02.386+0800][43.178s][info][gc,cpu         ] GC(1689) User=0.00s Sys=0.00s Real=0.01s
[2026-06-17T10:06:02.407+0800][43.200s][info][gc,start       ] GC(1690) Pause Full (Allocation Failure)
[2026-06-17T10:06:02.408+0800][43.201s][info][gc,phases,start] GC(1690) Marking Phase
[2026-06-17T10:06:02.410+0800][43.203s][info][gc,phases      ] GC(1690) Marking Phase 2.328ms
[2026-06-17T10:06:02.411+0800][43.204s][info][gc,phases,start] GC(1690) Summary Phase
[2026-06-17T10:06:02.412+0800][43.204s][info][gc,phases      ] GC(1690) Summary Phase 0.903ms
[2026-06-17T10:06:02.412+0800][43.205s][info][gc,phases,start] GC(1690) Forward
[2026-06-17T10:06:02.413+0800][43.205s][info][gc,phases      ] GC(1690) Forward 0.606ms
[2026-06-17T10:06:02.413+0800][43.206s][info][gc,phases,start] GC(1690) Adjust Pointers
[2026-06-17T10:06:02.414+0800][43.207s][info][gc,phases      ] GC(1690) Adjust Pointers 1.112ms
[2026-06-17T10:06:02.415+0800][43.207s][info][gc,phases,start] GC(1690) Compaction Phase
[2026-06-17T10:06:02.417+0800][43.209s][info][gc,phases      ] GC(1690) Compaction Phase 1.945ms
[2026-06-17T10:06:02.417+0800][43.210s][info][gc,phases,start] GC(1690) Post Compact
[2026-06-17T10:06:02.417+0800][43.210s][info][gc,phases      ] GC(1690) Post Compact 0.252ms
[2026-06-17T10:06:02.417+0800][43.210s][info][gc,heap        ] GC(1690) PSYoungGen: 10584K(14336K)->0K(14336K) Eden: 7119K(7168K)->0K(7168K) From: 3465K(7168K)->0K(7168K)
[2026-06-17T10:06:02.418+0800][43.210s][info][gc,heap        ] GC(1690) ParOldGen: 42182K(44032K)->32139K(44032K)
[2026-06-17T10:06:02.418+0800][43.211s][info][gc,metaspace   ] GC(1690) Metaspace: 116K(320K)->116K(320K) NonClass: 109K(192K)->109K(192K) Class: 7K(128K)->7K(128K)
[2026-06-17T10:06:02.418+0800][43.211s][info][gc             ] GC(1690) Pause Full (Allocation Failure) 51M->31M(57M) 10.914ms
[2026-06-17T10:06:02.418+0800][43.211s][info][gc,cpu         ] GC(1690) User=0.01s Sys=0.00s Real=0.01s
[2026-06-17T10:06:02.430+0800][43.222s][info][gc,start       ] GC(1691) Pause Young (Allocation Failure)
[2026-06-17T10:06:02.431+0800][43.224s][info][gc,heap        ] GC(1691) PSYoungGen: 7133K(14336K)->7083K(14336K) Eden: 7133K(7168K)->0K(7168K) From: 0K(7168K)->7083K(7168K)
[2026-06-17T10:06:02.431+0800][43.224s][info][gc,heap        ] GC(1691) ParOldGen: 32139K(44032K)->32248K(44032K)
[2026-06-17T10:06:02.431+0800][43.224s][info][gc,metaspace   ] GC(1691) Metaspace: 116K(320K)->116K(320K) NonClass: 109K(192K)->109K(192K) Class: 7K(128K)->7K(128K)
[2026-06-17T10:06:02.432+0800][43.225s][info][gc             ] GC(1691) Pause Young (Allocation Failure) 38M->38M(57M) 2.221ms
[2026-06-17T10:06:02.432+0800][43.225s][info][gc,cpu         ] GC(1691) User=0.00s Sys=0.00s Real=0.01s
[2026-06-17T10:06:02.453+0800][43.246s][info][gc,start       ] GC(1692) Pause Young (Allocation Failure)
[2026-06-17T10:06:02.455+0800][43.248s][info][gc,heap        ] GC(1692) PSYoungGen: 14219K(14336K)->7152K(14336K) Eden: 7136K(7168K)->0K(7168K) From: 7083K(7168K)->7152K(7168K)
[2026-06-17T10:06:02.455+0800][43.248s][info][gc,heap        ] GC(1692) ParOldGen: 32248K(44032K)->32344K(44032K)
[2026-06-17T10:06:02.456+0800][43.249s][info][gc,metaspace   ] GC(1692) Metaspace: 116K(320K)->116K(320K) NonClass: 109K(192K)->109K(192K) Class: 7K(128K)->7K(128K)
[2026-06-17T10:06:02.456+0800][43.249s][info][gc             ] GC(1692) Pause Young (Allocation Failure) 45M->38M(57M) 2.851ms
[2026-06-17T10:06:02.456+0800][43.249s][info][gc,cpu         ] GC(1692) User=0.01s Sys=0.00s Real=0.00s
[2026-06-17T10:06:02.478+0800][43.271s][info][gc,start       ] GC(1693) Pause Young (Allocation Failure)
[2026-06-17T10:06:02.480+0800][43.273s][info][gc,heap        ] GC(1693) PSYoungGen: 14290K(14336K)->3134K(14336K) Eden: 7137K(7168K)->0K(7168K) From: 7152K(7168K)->3134K(7168K)
[2026-06-17T10:06:02.481+0800][43.274s][info][gc,heap        ] GC(1693) ParOldGen: 32344K(44032K)->36513K(44032K)
[2026-06-17T10:06:02.481+0800][43.274s][info][gc,metaspace   ] GC(1693) Metaspace: 116K(320K)->116K(320K) NonClass: 109K(192K)->109K(192K) Class: 7K(128K)->7K(128K)
[2026-06-17T10:06:02.482+0800][43.274s][info][gc             ] GC(1693) Pause Young (Allocation Failure) 45M->38M(57M) 3.563ms
[2026-06-17T10:06:02.482+0800][43.275s][info][gc,cpu         ] GC(1693) User=0.00s Sys=0.00s Real=0.00s
[2026-06-17T10:06:02.493+0800][43.286s][info][gc,start       ] GC(1694) Pause Young (Allocation Failure)
[2026-06-17T10:06:02.495+0800][43.288s][info][gc,heap        ] GC(1694) PSYoungGen: 10295K(14336K)->6594K(14336K) Eden: 7161K(7168K)->0K(7168K) From: 3134K(7168K)->6594K(7168K)
[2026-06-17T10:06:02.496+0800][43.289s][info][gc,heap        ] GC(1694) ParOldGen: 36513K(44032K)->36513K(44032K)
[2026-06-17T10:06:02.497+0800][43.290s][info][gc,metaspace   ] GC(1694) Metaspace: 116K(320K)->116K(320K) NonClass: 109K(192K)->109K(192K) Class: 7K(128K)->7K(128K)
[2026-06-17T10:06:02.497+0800][43.290s][info][gc             ] GC(1694) Pause Young (Allocation Failure) 45M->42M(57M) 4.007ms
[2026-06-17T10:06:02.498+0800][43.291s][info][gc,cpu         ] GC(1694) User=0.00s Sys=0.00s Real=0.00s
[2026-06-17T10:06:02.519+0800][43.312s][info][gc,start       ] GC(1695) Pause Young (Allocation Failure)
[2026-06-17T10:06:02.521+0800][43.313s][info][gc,heap        ] GC(1695) PSYoungGen: 13758K(14336K)->3731K(14336K) Eden: 7164K(7168K)->0K(7168K) From: 6594K(7168K)->3731K(7168K)
[2026-06-17T10:06:02.521+0800][43.314s][info][gc,heap        ] GC(1695) ParOldGen: 36513K(44032K)->39547K(44032K)
[2026-06-17T10:06:02.523+0800][43.315s][info][gc,metaspace   ] GC(1695) Metaspace: 116K(320K)->116K(320K) NonClass: 109K(192K)->109K(192K) Class: 7K(128K)->7K(128K)
[2026-06-17T10:06:02.523+0800][43.316s][info][gc             ] GC(1695) Pause Young (Allocation Failure) 49M->42M(57M) 4.161ms
[2026-06-17T10:06:02.524+0800][43.317s][info][gc,cpu         ] GC(1695) User=0.01s Sys=0.00s Real=0.01s
[2026-06-17T10:06:02.546+0800][43.339s][info][gc,start       ] GC(1696) Pause Full (Allocation Failure)
[2026-06-17T10:06:02.547+0800][43.340s][info][gc,phases,start] GC(1696) Marking Phase
[2026-06-17T10:06:02.550+0800][43.343s][info][gc,phases      ] GC(1696) Marking Phase 3.215ms
[2026-06-17T10:06:02.551+0800][43.343s][info][gc,phases,start] GC(1696) Summary Phase
[2026-06-17T10:06:02.551+0800][43.344s][info][gc,phases      ] GC(1696) Summary Phase 0.714ms
[2026-06-17T10:06:02.552+0800][43.345s][info][gc,phases,start] GC(1696) Forward
[2026-06-17T10:06:02.553+0800][43.346s][info][gc,phases      ] GC(1696) Forward 1.000ms
[2026-06-17T10:06:02.554+0800][43.346s][info][gc,phases,start] GC(1696) Adjust Pointers
[2026-06-17T10:06:02.555+0800][43.348s][info][gc,phases      ] GC(1696) Adjust Pointers 1.754ms
[2026-06-17T10:06:02.556+0800][43.349s][info][gc,phases,start] GC(1696) Compaction Phase
[2026-06-17T10:06:02.559+0800][43.352s][info][gc,phases      ] GC(1696) Compaction Phase 2.798ms
[2026-06-17T10:06:02.560+0800][43.352s][info][gc,phases,start] GC(1696) Post Compact
[2026-06-17T10:06:02.560+0800][43.353s][info][gc,phases      ] GC(1696) Post Compact 0.663ms
[2026-06-17T10:06:02.561+0800][43.354s][info][gc,heap        ] GC(1696) PSYoungGen: 10881K(14336K)->0K(14336K) Eden: 7149K(7168K)->0K(7168K) From: 3731K(7168K)->0K(7168K)
[2026-06-17T10:06:02.562+0800][43.354s][info][gc,heap        ] GC(1696) ParOldGen: 39547K(44032K)->30413K(44032K)
[2026-06-17T10:06:02.562+0800][43.355s][info][gc,metaspace   ] GC(1696) Metaspace: 116K(320K)->116K(320K) NonClass: 109K(192K)->109K(192K) Class: 7K(128K)->7K(128K)
[2026-06-17T10:06:02.563+0800][43.355s][info][gc             ] GC(1696) Pause Full (Allocation Failure) 49M->29M(57M) 16.882ms
[2026-06-17T10:06:02.563+0800][43.356s][info][gc,cpu         ] GC(1696) User=0.01s Sys=0.00s Real=0.02s
[2026-06-17T10:06:02.585+0800][43.378s][info][gc,start       ] GC(1697) Pause Young (Allocation Failure)
[2026-06-17T10:06:02.587+0800][43.379s][info][gc,heap        ] GC(1697) PSYoungGen: 7132K(14336K)->3671K(14336K) Eden: 7132K(7168K)->0K(7168K) From: 0K(7168K)->3671K(7168K)
[2026-06-17T10:06:02.587+0800][43.380s][info][gc,heap        ] GC(1697) ParOldGen: 30413K(44032K)->30413K(44032K)
[2026-06-17T10:06:02.588+0800][43.381s][info][gc,metaspace   ] GC(1697) Metaspace: 116K(320K)->116K(320K) NonClass: 109K(192K)->109K(192K) Class: 7K(128K)->7K(128K)
[2026-06-17T10:06:02.589+0800][43.381s][info][gc             ] GC(1697) Pause Young (Allocation Failure) 36M->33M(57M) 3.547ms
[2026-06-17T10:06:02.589+0800][43.382s][info][gc,cpu         ] GC(1697) User=0.00s Sys=0.00s Real=0.00s
[2026-06-17T10:06:02.601+0800][43.394s][info][gc,start       ] GC(1698) Pause Young (Allocation Failure)
[2026-06-17T10:06:02.603+0800][43.396s][info][gc,heap        ] GC(1698) PSYoungGen: 10805K(14336K)->7028K(14336K) Eden: 7134K(7168K)->0K(7168K) From: 3671K(7168K)->7028K(7168K)
[2026-06-17T10:06:02.604+0800][43.396s][info][gc,heap        ] GC(1698) ParOldGen: 30413K(44032K)->30863K(44032K)
[2026-06-17T10:06:02.604+0800][43.397s][info][gc,metaspace   ] GC(1698) Metaspace: 116K(320K)->116K(320K) NonClass: 109K(192K)->109K(192K) Class: 7K(128K)->7K(128K)
[2026-06-17T10:06:02.605+0800][43.397s][info][gc             ] GC(1698) Pause Young (Allocation Failure) 40M->37M(57M) 3.643ms
[2026-06-17T10:06:02.605+0800][43.398s][info][gc,cpu         ] GC(1698) User=0.00s Sys=0.00s Real=0.01s
[2026-06-17T10:06:02.627+0800][43.420s][info][gc,start       ] GC(1699) Pause Young (Allocation Failure)
[2026-06-17T10:06:02.630+0800][43.423s][info][gc,heap        ] GC(1699) PSYoungGen: 14185K(14336K)->3139K(14336K) Eden: 7157K(7168K)->0K(7168K) From: 7028K(7168K)->3139K(7168K)
[2026-06-17T10:06:02.632+0800][43.425s][info][gc,heap        ] GC(1699) ParOldGen: 30863K(44032K)->35004K(44032K)
[2026-06-17T10:06:02.633+0800][43.425s][info][gc,metaspace   ] GC(1699) Metaspace: 116K(320K)->116K(320K) NonClass: 109K(192K)->109K(192K) Class: 7K(128K)->7K(128K)
[2026-06-17T10:06:02.633+0800][43.426s][info][gc             ] GC(1699) Pause Young (Allocation Failure) 43M->37M(57M) 5.806ms
[2026-06-17T10:06:02.633+0800][43.426s][info][gc,cpu         ] GC(1699) User=0.01s Sys=0.00s Real=0.01s
[2026-06-17T10:06:02.656+0800][43.448s][info][gc,start       ] GC(1700) Pause Young (Allocation Failure)
[2026-06-17T10:06:02.657+0800][43.450s][info][gc,heap        ] GC(1700) PSYoungGen: 10301K(14336K)->3484K(14336K) Eden: 7162K(7168K)->0K(7168K) From: 3139K(7168K)->3484K(7168K)
[2026-06-17T10:06:02.657+0800][43.450s][info][gc,heap        ] GC(1700) ParOldGen: 35004K(44032K)->35004K(44032K)
[2026-06-17T10:06:02.657+0800][43.450s][info][gc,metaspace   ] GC(1700) Metaspace: 116K(320K)->116K(320K) NonClass: 109K(192K)->109K(192K) Class: 7K(128K)->7K(128K)
[2026-06-17T10:06:02.658+0800][43.451s][info][gc             ] GC(1700) Pause Young (Allocation Failure) 44M->37M(57M) 2.372ms
[2026-06-17T10:06:02.658+0800][43.451s][info][gc,cpu         ] GC(1700) User=0.00s Sys=0.00s Real=0.00s
[2026-06-17T10:06:02.669+0800][43.462s][info][gc,start       ] GC(1701) Pause Young (Allocation Failure)
[2026-06-17T10:06:02.671+0800][43.463s][info][gc,heap        ] GC(1701) PSYoungGen: 10587K(14336K)->3702K(14336K) Eden: 7102K(7168K)->0K(7168K) From: 3484K(7168K)->3702K(7168K)
[2026-06-17T10:06:02.671+0800][43.464s][info][gc,heap        ] GC(1701) ParOldGen: 35004K(44032K)->35004K(44032K)
[2026-06-17T10:06:02.671+0800][43.464s][info][gc,metaspace   ] GC(1701) Metaspace: 116K(320K)->116K(320K) NonClass: 109K(192K)->109K(192K) Class: 7K(128K)->7K(128K)
[2026-06-17T10:06:02.671+0800][43.464s][info][gc             ] GC(1701) Pause Young (Allocation Failure) 44M->37M(57M) 1.713ms
[2026-06-17T10:06:02.671+0800][43.464s][info][gc,cpu         ] GC(1701) User=0.00s Sys=0.00s Real=0.01s
[2026-06-17T10:06:02.703+0800][43.496s][info][gc,start       ] GC(1702) Pause Young (Allocation Failure)
[2026-06-17T10:06:02.704+0800][43.497s][info][gc,heap        ] GC(1702) PSYoungGen: 10851K(14336K)->626K(14336K) Eden: 7149K(7168K)->0K(7168K) From: 3702K(7168K)->626K(7168K)
[2026-06-17T10:06:02.705+0800][43.497s][info][gc,heap        ] GC(1702) ParOldGen: 35004K(44032K)->38658K(44032K)
[2026-06-17T10:06:02.705+0800][43.498s][info][gc,metaspace   ] GC(1702) Metaspace: 116K(320K)->116K(320K) NonClass: 109K(192K)->109K(192K) Class: 7K(128K)->7K(128K)
[2026-06-17T10:06:02.705+0800][43.498s][info][gc             ] GC(1702) Pause Young (Allocation Failure) 44M->38M(57M) 2.509ms
[2026-06-17T10:06:02.706+0800][43.498s][info][gc,cpu         ] GC(1702) User=0.00s Sys=0.00s Real=0.00s
[2026-06-17T10:06:02.717+0800][43.510s][info][gc,start       ] GC(1703) Pause Full (Allocation Failure)
[2026-06-17T10:06:02.717+0800][43.510s][info][gc,phases,start] GC(1703) Marking Phase
[2026-06-17T10:06:02.719+0800][43.512s][info][gc,phases      ] GC(1703) Marking Phase 2.175ms
[2026-06-17T10:06:02.720+0800][43.513s][info][gc,phases,start] GC(1703) Summary Phase
[2026-06-17T10:06:02.720+0800][43.513s][info][gc,phases      ] GC(1703) Summary Phase 0.294ms
[2026-06-17T10:06:02.720+0800][43.513s][info][gc,phases,start] GC(1703) Forward
[2026-06-17T10:06:02.721+0800][43.514s][info][gc,phases      ] GC(1703) Forward 0.415ms
[2026-06-17T10:06:02.721+0800][43.514s][info][gc,phases,start] GC(1703) Adjust Pointers
[2026-06-17T10:06:02.722+0800][43.515s][info][gc,phases      ] GC(1703) Adjust Pointers 1.218ms
[2026-06-17T10:06:02.723+0800][43.515s][info][gc,phases,start] GC(1703) Compaction Phase
[2026-06-17T10:06:02.724+0800][43.517s][info][gc,phases      ] GC(1703) Compaction Phase 1.755ms
[2026-06-17T10:06:02.725+0800][43.518s][info][gc,phases,start] GC(1703) Post Compact
[2026-06-17T10:06:02.725+0800][43.518s][info][gc,phases      ] GC(1703) Post Compact 0.341ms
[2026-06-17T10:06:02.726+0800][43.518s][info][gc,heap        ] GC(1703) PSYoungGen: 7778K(14336K)->0K(14336K) Eden: 7152K(7168K)->0K(7168K) From: 626K(7168K)->0K(7168K)
[2026-06-17T10:06:02.726+0800][43.519s][info][gc,heap        ] GC(1703) ParOldGen: 38658K(44032K)->28963K(44032K)
[2026-06-17T10:06:02.726+0800][43.519s][info][gc,metaspace   ] GC(1703) Metaspace: 116K(320K)->116K(320K) NonClass: 109K(192K)->109K(192K) Class: 7K(128K)->7K(128K)
[2026-06-17T10:06:02.727+0800][43.519s][info][gc             ] GC(1703) Pause Full (Allocation Failure) 45M->28M(57M) 9.693ms
[2026-06-17T10:06:02.727+0800][43.520s][info][gc,cpu         ] GC(1703) User=0.01s Sys=0.00s Real=0.01s
[2026-06-17T10:06:02.748+0800][43.541s][info][gc,start       ] GC(1704) Pause Young (Allocation Failure)
[2026-06-17T10:06:02.750+0800][43.543s][info][gc,heap        ] GC(1704) PSYoungGen: 7126K(14336K)->3806K(14336K) Eden: 7126K(7168K)->0K(7168K) From: 0K(7168K)->3806K(7168K)
[2026-06-17T10:06:02.751+0800][43.543s][info][gc,heap        ] GC(1704) ParOldGen: 28963K(44032K)->28963K(44032K)
[2026-06-17T10:06:02.751+0800][43.544s][info][gc,metaspace   ] GC(1704) Metaspace: 116K(320K)->116K(320K) NonClass: 109K(192K)->109K(192K) Class: 7K(128K)->7K(128K)
[2026-06-17T10:06:02.752+0800][43.545s][info][gc             ] GC(1704) Pause Young (Allocation Failure) 35M->32M(57M) 3.532ms
[2026-06-17T10:06:02.753+0800][43.545s][info][gc,cpu         ] GC(1704) User=0.00s Sys=0.01s Real=0.01s
[2026-06-17T10:06:02.764+0800][43.557s][info][gc,start       ] GC(1705) Pause Young (Allocation Failure)
[2026-06-17T10:06:02.767+0800][43.560s][info][gc,heap        ] GC(1705) PSYoungGen: 10958K(14336K)->4837K(14336K) Eden: 7152K(7168K)->0K(7168K) From: 3806K(7168K)->4837K(7168K)
[2026-06-17T10:06:02.768+0800][43.560s][info][gc,heap        ] GC(1705) ParOldGen: 28963K(44032K)->31857K(44032K)
[2026-06-17T10:06:02.768+0800][43.561s][info][gc,metaspace   ] GC(1705) Metaspace: 116K(320K)->116K(320K) NonClass: 109K(192K)->109K(192K) Class: 7K(128K)->7K(128K)
[2026-06-17T10:06:02.769+0800][43.562s][info][gc             ] GC(1705) Pause Young (Allocation Failure) 38M->35M(57M) 4.776ms
[2026-06-17T10:06:02.770+0800][43.562s][info][gc,cpu         ] GC(1705) User=0.01s Sys=0.00s Real=0.00s
[2026-06-17T10:06:02.792+0800][43.585s][info][gc,start       ] GC(1706) Pause Young (Allocation Failure)
[2026-06-17T10:06:02.794+0800][43.586s][info][gc,heap        ] GC(1706) PSYoungGen: 11947K(14336K)->5029K(14336K) Eden: 7110K(7168K)->0K(7168K) From: 4837K(7168K)->5029K(7168K)
[2026-06-17T10:06:02.794+0800][43.587s][info][gc,heap        ] GC(1706) ParOldGen: 31857K(44032K)->31857K(44032K)
[2026-06-17T10:06:02.795+0800][43.588s][info][gc,metaspace   ] GC(1706) Metaspace: 116K(320K)->116K(320K) NonClass: 109K(192K)->109K(192K) Class: 7K(128K)->7K(128K)
[2026-06-17T10:06:02.795+0800][43.588s][info][gc             ] GC(1706) Pause Young (Allocation Failure) 42M->36M(57M) 3.595ms
[2026-06-17T10:06:02.796+0800][43.589s][info][gc,cpu         ] GC(1706) User=0.00s Sys=0.00s Real=0.00s
[2026-06-17T10:06:02.819+0800][43.612s][info][gc,start       ] GC(1707) Pause Young (Allocation Failure)
[2026-06-17T10:06:02.822+0800][43.615s][info][gc,heap        ] GC(1707) PSYoungGen: 12184K(14336K)->3157K(14336K) Eden: 7155K(7168K)->0K(7168K) From: 5029K(7168K)->3157K(7168K)
[2026-06-17T10:06:02.823+0800][43.616s][info][gc,heap        ] GC(1707) ParOldGen: 31857K(44032K)->33922K(44032K)
[2026-06-17T10:06:02.824+0800][43.616s][info][gc,metaspace   ] GC(1707) Metaspace: 116K(320K)->116K(320K) NonClass: 109K(192K)->109K(192K) Class: 7K(128K)->7K(128K)
[2026-06-17T10:06:02.824+0800][43.617s][info][gc             ] GC(1707) Pause Young (Allocation Failure) 43M->36M(57M) 5.261ms
[2026-06-17T10:06:02.825+0800][43.618s][info][gc,cpu         ] GC(1707) User=0.00s Sys=0.00s Real=0.01s
[2026-06-17T10:06:02.837+0800][43.630s][info][gc,start       ] GC(1708) Pause Young (Allocation Failure)
[2026-06-17T10:06:02.839+0800][43.632s][info][gc,heap        ] GC(1708) PSYoungGen: 10103K(14336K)->3281K(14336K) Eden: 6945K(7168K)->0K(7168K) From: 3157K(7168K)->3281K(7168K)
[2026-06-17T10:06:02.840+0800][43.632s][info][gc,heap        ] GC(1708) ParOldGen: 33922K(44032K)->33922K(44032K)
[2026-06-17T10:06:02.840+0800][43.633s][info][gc,metaspace   ] GC(1708) Metaspace: 116K(320K)->116K(320K) NonClass: 109K(192K)->109K(192K) Class: 7K(128K)->7K(128K)
[2026-06-17T10:06:02.841+0800][43.634s][info][gc             ] GC(1708) Pause Young (Allocation Failure) 42M->36M(57M) 4.165ms
[2026-06-17T10:06:02.842+0800][43.634s][info][gc,cpu         ] GC(1708) User=0.00s Sys=0.00s Real=0.00s
[2026-06-17T10:06:02.864+0800][43.657s][info][gc,start       ] GC(1709) Pause Young (Allocation Failure)
[2026-06-17T10:06:02.867+0800][43.660s][info][gc,heap        ] GC(1709) PSYoungGen: 10422K(14336K)->3941K(14336K) Eden: 7140K(7168K)->0K(7168K) From: 3281K(7168K)->3941K(7168K)
[2026-06-17T10:06:02.868+0800][43.660s][info][gc,heap        ] GC(1709) ParOldGen: 33922K(44032K)->37147K(44032K)
[2026-06-17T10:06:02.868+0800][43.661s][info][gc,metaspace   ] GC(1709) Metaspace: 116K(320K)->116K(320K) NonClass: 109K(192K)->109K(192K) Class: 7K(128K)->7K(128K)
[2026-06-17T10:06:02.869+0800][43.662s][info][gc             ] GC(1709) Pause Young (Allocation Failure) 43M->40M(57M) 4.786ms
[2026-06-17T10:06:02.869+0800][43.662s][info][gc,cpu         ] GC(1709) User=0.00s Sys=0.00s Real=0.00s
[2026-06-17T10:06:02.892+0800][43.684s][info][gc,start       ] GC(1710) Pause Young (Allocation Failure)
[2026-06-17T10:06:02.894+0800][43.687s][info][gc,heap        ] GC(1710) PSYoungGen: 11077K(14336K)->4185K(14336K) Eden: 7136K(7168K)->0K(7168K) From: 3941K(7168K)->4185K(7168K)
[2026-06-17T10:06:02.895+0800][43.687s][info][gc,heap        ] GC(1710) ParOldGen: 37147K(44032K)->37147K(44032K)
[2026-06-17T10:06:02.896+0800][43.689s][info][gc,metaspace   ] GC(1710) Metaspace: 116K(320K)->116K(320K) NonClass: 109K(192K)->109K(192K) Class: 7K(128K)->7K(128K)
[2026-06-17T10:06:02.897+0800][43.690s][info][gc             ] GC(1710) Pause Young (Allocation Failure) 47M->40M(57M) 5.300ms
[2026-06-17T10:06:02.898+0800][43.690s][info][gc,cpu         ] GC(1710) User=0.01s Sys=0.00s Real=0.00s
[2026-06-17T10:06:02.921+0800][43.713s][info][gc,start       ] GC(1711) Pause Young (Allocation Failure)
[2026-06-17T10:06:02.923+0800][43.716s][info][gc,heap        ] GC(1711) PSYoungGen: 11328K(14336K)->4313K(14336K) Eden: 7143K(7168K)->0K(7168K) From: 4185K(7168K)->4313K(7168K)
[2026-06-17T10:06:02.924+0800][43.717s][info][gc,heap        ] GC(1711) ParOldGen: 37147K(44032K)->37147K(44032K)
[2026-06-17T10:06:02.925+0800][43.718s][info][gc,metaspace   ] GC(1711) Metaspace: 116K(320K)->116K(320K) NonClass: 109K(192K)->109K(192K) Class: 7K(128K)->7K(128K)
[2026-06-17T10:06:02.925+0800][43.718s][info][gc             ] GC(1711) Pause Young (Allocation Failure) 47M->40M(57M) 4.766ms
[2026-06-17T10:06:02.926+0800][43.719s][info][gc,cpu         ] GC(1711) User=0.00s Sys=0.00s Real=0.01s
[2026-06-17T10:06:02.939+0800][43.732s][info][gc,start       ] GC(1712) Pause Young (Allocation Failure)
[2026-06-17T10:06:02.941+0800][43.734s][info][gc,heap        ] GC(1712) PSYoungGen: 11460K(14336K)->7136K(14336K) Eden: 7146K(7168K)->0K(7168K) From: 4313K(7168K)->7136K(7168K)
[2026-06-17T10:06:02.942+0800][43.735s][info][gc,heap        ] GC(1712) ParOldGen: 37147K(44032K)->38061K(44032K)
[2026-06-17T10:06:02.943+0800][43.736s][info][gc,metaspace   ] GC(1712) Metaspace: 116K(320K)->116K(320K) NonClass: 109K(192K)->109K(192K) Class: 7K(128K)->7K(128K)
[2026-06-17T10:06:02.943+0800][43.736s][info][gc             ] GC(1712) Pause Young (Allocation Failure) 47M->44M(57M) 4.558ms
[2026-06-17T10:06:02.944+0800][43.737s][info][gc,cpu         ] GC(1712) User=0.00s Sys=0.00s Real=0.01s
[2026-06-17T10:06:02.966+0800][43.759s][info][gc,start       ] GC(1713) Pause Young (Allocation Failure)
[2026-06-17T10:06:02.969+0800][43.762s][info][gc,heap        ] GC(1713) PSYoungGen: 14280K(14336K)->4575K(14336K) Eden: 7143K(7168K)->0K(7168K) From: 7136K(7168K)->4575K(7168K)
[2026-06-17T10:06:02.972+0800][43.764s][info][gc,heap        ] GC(1713) ParOldGen: 38061K(44032K)->41454K(44032K)
[2026-06-17T10:06:02.973+0800][43.766s][info][gc,metaspace   ] GC(1713) Metaspace: 116K(320K)->116K(320K) NonClass: 109K(192K)->109K(192K) Class: 7K(128K)->7K(128K)
[2026-06-17T10:06:02.974+0800][43.767s][info][gc             ] GC(1713) Pause Young (Allocation Failure) 51M->44M(57M) 8.099ms
[2026-06-17T10:06:02.976+0800][43.769s][info][gc,cpu         ] GC(1713) User=0.01s Sys=0.00s Real=0.01s
[2026-06-17T10:06:03.000+0800][43.793s][info][gc,start       ] GC(1714) Pause Full (Allocation Failure)
[2026-06-17T10:06:03.001+0800][43.794s][info][gc,phases,start] GC(1714) Marking Phase
[2026-06-17T10:06:03.004+0800][43.797s][info][gc,phases      ] GC(1714) Marking Phase 3.303ms
[2026-06-17T10:06:03.006+0800][43.799s][info][gc,phases,start] GC(1714) Summary Phase
[2026-06-17T10:06:03.007+0800][43.800s][info][gc,phases      ] GC(1714) Summary Phase 1.117ms
[2026-06-17T10:06:03.008+0800][43.800s][info][gc,phases,start] GC(1714) Forward
[2026-06-17T10:06:03.009+0800][43.801s][info][gc,phases      ] GC(1714) Forward 0.886ms
[2026-06-17T10:06:03.009+0800][43.802s][info][gc,phases,start] GC(1714) Adjust Pointers
[2026-06-17T10:06:03.010+0800][43.803s][info][gc,phases      ] GC(1714) Adjust Pointers 1.299ms
[2026-06-17T10:06:03.011+0800][43.804s][info][gc,phases,start] GC(1714) Compaction Phase
[2026-06-17T10:06:03.013+0800][43.806s][info][gc,phases      ] GC(1714) Compaction Phase 2.225ms
[2026-06-17T10:06:03.014+0800][43.806s][info][gc,phases,start] GC(1714) Post Compact
[2026-06-17T10:06:03.014+0800][43.807s][info][gc,phases      ] GC(1714) Post Compact 0.320ms
[2026-06-17T10:06:03.014+0800][43.807s][info][gc,heap        ] GC(1714) PSYoungGen: 11737K(14336K)->0K(14336K) Eden: 7161K(7168K)->0K(7168K) From: 4575K(7168K)->0K(7168K)
[2026-06-17T10:06:03.014+0800][43.807s][info][gc,heap        ] GC(1714) ParOldGen: 41454K(44032K)->26804K(44032K)
[2026-06-17T10:06:03.015+0800][43.807s][info][gc,metaspace   ] GC(1714) Metaspace: 116K(320K)->116K(320K) NonClass: 109K(192K)->109K(192K) Class: 7K(128K)->7K(128K)
[2026-06-17T10:06:03.015+0800][43.807s][info][gc             ] GC(1714) Pause Full (Allocation Failure) 51M->26M(57M) 14.753ms
[2026-06-17T10:06:03.015+0800][43.808s][info][gc,cpu         ] GC(1714) User=0.01s Sys=0.00s Real=0.02s
[2026-06-17T10:06:03.026+0800][43.819s][info][gc,start       ] GC(1715) Pause Young (Allocation Failure)
[2026-06-17T10:06:03.027+0800][43.820s][info][gc,heap        ] GC(1715) PSYoungGen: 7113K(14336K)->3657K(14336K) Eden: 7113K(7168K)->0K(7168K) From: 0K(7168K)->3657K(7168K)
[2026-06-17T10:06:03.027+0800][43.820s][info][gc,heap        ] GC(1715) ParOldGen: 26804K(44032K)->26804K(44032K)
[2026-06-17T10:06:03.027+0800][43.820s][info][gc,metaspace   ] GC(1715) Metaspace: 116K(320K)->116K(320K) NonClass: 109K(192K)->109K(192K) Class: 7K(128K)->7K(128K)
[2026-06-17T10:06:03.028+0800][43.820s][info][gc             ] GC(1715) Pause Young (Allocation Failure) 33M->29M(57M) 1.725ms
[2026-06-17T10:06:03.028+0800][43.821s][info][gc,cpu         ] GC(1715) User=0.00s Sys=0.00s Real=0.00s
[2026-06-17T10:06:03.050+0800][43.843s][info][gc,start       ] GC(1716) Pause Young (Allocation Failure)
[2026-06-17T10:06:03.052+0800][43.845s][info][gc,heap        ] GC(1716) PSYoungGen: 10794K(14336K)->3881K(14336K) Eden: 7137K(7168K)->0K(7168K) From: 3657K(7168K)->3881K(7168K)
[2026-06-17T10:06:03.053+0800][43.846s][info][gc,heap        ] GC(1716) ParOldGen: 26804K(44032K)->30407K(44032K)
[2026-06-17T10:06:03.054+0800][43.847s][info][gc,metaspace   ] GC(1716) Metaspace: 116K(320K)->116K(320K) NonClass: 109K(192K)->109K(192K) Class: 7K(128K)->7K(128K)
[2026-06-17T10:06:03.055+0800][43.847s][info][gc             ] GC(1716) Pause Young (Allocation Failure) 36M->33M(57M) 4.792ms
[2026-06-17T10:06:03.055+0800][43.848s][info][gc,cpu         ] GC(1716) User=0.00s Sys=0.00s Real=0.01s
[2026-06-17T10:06:03.078+0800][43.871s][info][gc,start       ] GC(1717) Pause Young (Allocation Failure)
[2026-06-17T10:06:03.080+0800][43.873s][info][gc,heap        ] GC(1717) PSYoungGen: 11038K(14336K)->4137K(14336K) Eden: 7157K(7168K)->0K(7168K) From: 3881K(7168K)->4137K(7168K)
[2026-06-17T10:06:03.081+0800][43.874s][info][gc,heap        ] GC(1717) ParOldGen: 30407K(44032K)->30407K(44032K)
[2026-06-17T10:06:03.082+0800][43.875s][info][gc,metaspace   ] GC(1717) Metaspace: 116K(320K)->116K(320K) NonClass: 109K(192K)->109K(192K) Class: 7K(128K)->7K(128K)
[2026-06-17T10:06:03.082+0800][43.875s][info][gc             ] GC(1717) Pause Young (Allocation Failure) 40M->33M(57M) 4.180ms
[2026-06-17T10:06:03.083+0800][43.876s][info][gc,cpu         ] GC(1717) User=0.00s Sys=0.00s Real=0.01s
[2026-06-17T10:06:03.105+0800][43.898s][info][gc,start       ] GC(1718) Pause Young (Allocation Failure)
[2026-06-17T10:06:03.107+0800][43.900s][info][gc,heap        ] GC(1718) PSYoungGen: 11286K(14336K)->4245K(14336K) Eden: 7148K(7168K)->0K(7168K) From: 4137K(7168K)->4245K(7168K)
[2026-06-17T10:06:03.107+0800][43.900s][info][gc,heap        ] GC(1718) ParOldGen: 30407K(44032K)->30407K(44032K)
[2026-06-17T10:06:03.108+0800][43.901s][info][gc,metaspace   ] GC(1718) Metaspace: 116K(320K)->116K(320K) NonClass: 109K(192K)->109K(192K) Class: 7K(128K)->7K(128K)
[2026-06-17T10:06:03.108+0800][43.901s][info][gc             ] GC(1718) Pause Young (Allocation Failure) 40M->33M(57M) 3.106ms
[2026-06-17T10:06:03.109+0800][43.902s][info][gc,cpu         ] GC(1718) User=0.00s Sys=0.00s Real=0.00s
[2026-06-17T10:06:03.120+0800][43.913s][info][gc,start       ] GC(1719) Pause Young (Allocation Failure)
[2026-06-17T10:06:03.122+0800][43.915s][info][gc,heap        ] GC(1719) PSYoungGen: 11402K(14336K)->6653K(13824K) Eden: 7157K(7168K)->0K(7168K) From: 4245K(7168K)->6653K(6656K)
[2026-06-17T10:06:03.123+0800][43.915s][info][gc,heap        ] GC(1719) ParOldGen: 30407K(44032K)->31837K(44032K)
[2026-06-17T10:06:03.123+0800][43.916s][info][gc,metaspace   ] GC(1719) Metaspace: 116K(320K)->116K(320K) NonClass: 109K(192K)->109K(192K) Class: 7K(128K)->7K(128K)
[2026-06-17T10:06:03.123+0800][43.916s][info][gc             ] GC(1719) Pause Young (Allocation Failure) 40M->37M(56M) 2.777ms
[2026-06-17T10:06:03.124+0800][43.916s][info][gc,cpu         ] GC(1719) User=0.00s Sys=0.00s Real=0.01s
[2026-06-17T10:06:03.145+0800][43.938s][info][gc,start       ] GC(1720) Pause Young (Allocation Failure)
[2026-06-17T10:06:03.148+0800][43.941s][info][gc,heap        ] GC(1720) PSYoungGen: 13777K(13824K)->4368K(14336K) Eden: 7124K(7168K)->0K(7168K) From: 6653K(6656K)->4368K(7168K)
[2026-06-17T10:06:03.151+0800][43.944s][info][gc,heap        ] GC(1720) ParOldGen: 31837K(44032K)->33970K(44032K)
[2026-06-17T10:06:03.153+0800][43.946s][info][gc,metaspace   ] GC(1720) Metaspace: 116K(320K)->116K(320K) NonClass: 109K(192K)->109K(192K) Class: 7K(128K)->7K(128K)
[2026-06-17T10:06:03.157+0800][43.949s][info][gc             ] GC(1720) Pause Young (Allocation Failure) 44M->37M(57M) 11.385ms
[2026-06-17T10:06:03.159+0800][43.951s][info][gc,cpu         ] GC(1720) User=0.00s Sys=0.00s Real=0.01s
[2026-06-17T10:06:03.182+0800][43.975s][info][gc,start       ] GC(1721) Pause Young (Allocation Failure)
[2026-06-17T10:06:03.185+0800][43.978s][info][gc,heap        ] GC(1721) PSYoungGen: 11535K(14336K)->4720K(14336K) Eden: 7167K(7168K)->0K(7168K) From: 4368K(7168K)->4720K(7168K)
[2026-06-17T10:06:03.185+0800][43.978s][info][gc,heap        ] GC(1721) ParOldGen: 33970K(44032K)->33970K(44032K)
[2026-06-17T10:06:03.186+0800][43.979s][info][gc,metaspace   ] GC(1721) Metaspace: 116K(320K)->116K(320K) NonClass: 109K(192K)->109K(192K) Class: 7K(128K)->7K(128K)
[2026-06-17T10:06:03.187+0800][43.980s][info][gc             ] GC(1721) Pause Young (Allocation Failure) 44M->37M(57M) 4.495ms
[2026-06-17T10:06:03.188+0800][43.980s][info][gc,cpu         ] GC(1721) User=0.00s Sys=0.00s Real=0.00s
[2026-06-17T10:06:03.200+0800][43.993s][info][gc,start       ] GC(1722) Pause Young (Allocation Failure)
[2026-06-17T10:06:03.202+0800][43.995s][info][gc,heap        ] GC(1722) PSYoungGen: 11764K(14336K)->4698K(14336K) Eden: 7043K(7168K)->0K(7168K) From: 4720K(7168K)->4698K(7168K)
[2026-06-17T10:06:03.203+0800][43.995s][info][gc,heap        ] GC(1722) ParOldGen: 33970K(44032K)->33970K(44032K)
[2026-06-17T10:06:03.203+0800][43.996s][info][gc,metaspace   ] GC(1722) Metaspace: 116K(320K)->116K(320K) NonClass: 109K(192K)->109K(192K) Class: 7K(128K)->7K(128K)
[2026-06-17T10:06:03.204+0800][43.997s][info][gc             ] GC(1722) Pause Young (Allocation Failure) 44M->37M(57M) 3.970ms
[2026-06-17T10:06:03.204+0800][43.997s][info][gc,cpu         ] GC(1722) User=0.00s Sys=0.00s Real=0.01s
[2026-06-17T10:06:03.227+0800][44.019s][info][gc,start       ] GC(1723) Pause Young (Allocation Failure)
[2026-06-17T10:06:03.228+0800][44.021s][info][gc,heap        ] GC(1723) PSYoungGen: 11833K(14336K)->6336K(13824K) Eden: 7135K(7168K)->0K(7168K) From: 4698K(7168K)->6336K(6656K)
[2026-06-17T10:06:03.229+0800][44.022s][info][gc,heap        ] GC(1723) ParOldGen: 33970K(44032K)->35840K(44032K)
[2026-06-17T10:06:03.229+0800][44.022s][info][gc,metaspace   ] GC(1723) Metaspace: 116K(320K)->116K(320K) NonClass: 109K(192K)->109K(192K) Class: 7K(128K)->7K(128K)
[2026-06-17T10:06:03.230+0800][44.022s][info][gc             ] GC(1723) Pause Young (Allocation Failure) 44M->41M(56M) 3.174ms
[2026-06-17T10:06:03.230+0800][44.023s][info][gc,cpu         ] GC(1723) User=0.00s Sys=0.00s Real=0.00s
[2026-06-17T10:06:03.252+0800][44.045s][info][gc,start       ] GC(1724) Pause Young (Allocation Failure)
[2026-06-17T10:06:03.254+0800][44.047s][info][gc,heap        ] GC(1724) PSYoungGen: 13473K(13824K)->6771K(14336K) Eden: 7136K(7168K)->0K(7168K) From: 6336K(6656K)->6771K(7168K)
[2026-06-17T10:06:03.254+0800][44.047s][info][gc,heap        ] GC(1724) ParOldGen: 35840K(44032K)->35840K(44032K)
[2026-06-17T10:06:03.256+0800][44.048s][info][gc,metaspace   ] GC(1724) Metaspace: 116K(320K)->116K(320K) NonClass: 109K(192K)->109K(192K) Class: 7K(128K)->7K(128K)
[2026-06-17T10:06:03.256+0800][44.049s][info][gc             ] GC(1724) Pause Young (Allocation Failure) 48M->41M(57M) 4.208ms
[2026-06-17T10:06:03.257+0800][44.049s][info][gc,cpu         ] GC(1724) User=0.00s Sys=0.00s Real=0.00s
[2026-06-17T10:06:03.279+0800][44.072s][info][gc,start       ] GC(1725) Pause Young (Allocation Failure)
[2026-06-17T10:06:03.282+0800][44.074s][info][gc,heap        ] GC(1725) PSYoungGen: 13939K(14336K)->4447K(14336K) Eden: 7168K(7168K)->0K(7168K) From: 6771K(7168K)->4447K(7168K)
[2026-06-17T10:06:03.282+0800][44.075s][info][gc,heap        ] GC(1725) ParOldGen: 35840K(44032K)->38629K(44032K)
[2026-06-17T10:06:03.283+0800][44.076s][info][gc,metaspace   ] GC(1725) Metaspace: 116K(320K)->116K(320K) NonClass: 109K(192K)->109K(192K) Class: 7K(128K)->7K(128K)
[2026-06-17T10:06:03.284+0800][44.076s][info][gc             ] GC(1725) Pause Young (Allocation Failure) 48M->42M(57M) 4.647ms
[2026-06-17T10:06:03.284+0800][44.077s][info][gc,cpu         ] GC(1725) User=0.00s Sys=0.00s Real=0.01s
[2026-06-17T10:06:03.297+0800][44.090s][info][gc,start       ] GC(1726) Pause Young (Allocation Failure)
[2026-06-17T10:06:03.300+0800][44.092s][info][gc,heap        ] GC(1726) PSYoungGen: 11603K(14336K)->4466K(14336K) Eden: 7155K(7168K)->0K(7168K) From: 4447K(7168K)->4466K(7168K)
[2026-06-17T10:06:03.300+0800][44.093s][info][gc,heap        ] GC(1726) ParOldGen: 38629K(44032K)->42170K(44032K)
[2026-06-17T10:06:03.301+0800][44.094s][info][gc,metaspace   ] GC(1726) Metaspace: 116K(320K)->116K(320K) NonClass: 109K(192K)->109K(192K) Class: 7K(128K)->7K(128K)
[2026-06-17T10:06:03.303+0800][44.095s][info][gc             ] GC(1726) Pause Young (Allocation Failure) 49M->45M(57M) 5.481ms
[2026-06-17T10:06:03.303+0800][44.096s][info][gc,cpu         ] GC(1726) User=0.00s Sys=0.00s Real=0.01s
[2026-06-17T10:06:03.326+0800][44.119s][info][gc,start       ] GC(1727) Pause Full (Allocation Failure)
[2026-06-17T10:06:03.327+0800][44.120s][info][gc,phases,start] GC(1727) Marking Phase
[2026-06-17T10:06:03.328+0800][44.121s][info][gc,phases      ] GC(1727) Marking Phase 1.318ms
[2026-06-17T10:06:03.328+0800][44.121s][info][gc,phases,start] GC(1727) Summary Phase
[2026-06-17T10:06:03.329+0800][44.121s][info][gc,phases      ] GC(1727) Summary Phase 0.223ms
[2026-06-17T10:06:03.329+0800][44.122s][info][gc,phases,start] GC(1727) Forward
[2026-06-17T10:06:03.329+0800][44.122s][info][gc,phases      ] GC(1727) Forward 0.291ms
[2026-06-17T10:06:03.329+0800][44.122s][info][gc,phases,start] GC(1727) Adjust Pointers
[2026-06-17T10:06:03.330+0800][44.123s][info][gc,phases      ] GC(1727) Adjust Pointers 0.518ms
[2026-06-17T10:06:03.330+0800][44.123s][info][gc,phases,start] GC(1727) Compaction Phase
[2026-06-17T10:06:03.332+0800][44.124s][info][gc,phases      ] GC(1727) Compaction Phase 1.643ms
[2026-06-17T10:06:03.332+0800][44.125s][info][gc,phases,start] GC(1727) Post Compact
[2026-06-17T10:06:03.332+0800][44.125s][info][gc,phases      ] GC(1727) Post Compact 0.248ms
[2026-06-17T10:06:03.332+0800][44.125s][info][gc,heap        ] GC(1727) PSYoungGen: 11617K(14336K)->0K(14336K) Eden: 7151K(7168K)->0K(7168K) From: 4466K(7168K)->0K(7168K)
[2026-06-17T10:06:03.333+0800][44.125s][info][gc,heap        ] GC(1727) ParOldGen: 42170K(44032K)->33932K(44032K)
[2026-06-17T10:06:03.333+0800][44.126s][info][gc,metaspace   ] GC(1727) Metaspace: 116K(320K)->116K(320K) NonClass: 109K(192K)->109K(192K) Class: 7K(128K)->7K(128K)
[2026-06-17T10:06:03.333+0800][44.126s][info][gc             ] GC(1727) Pause Full (Allocation Failure) 52M->33M(57M) 6.665ms
[2026-06-17T10:06:03.333+0800][44.126s][info][gc,cpu         ] GC(1727) User=0.01s Sys=0.00s Real=0.01s
[2026-06-17T10:06:03.354+0800][44.147s][info][gc,start       ] GC(1728) Pause Young (Allocation Failure)
[2026-06-17T10:06:03.355+0800][44.148s][info][gc,heap        ] GC(1728) PSYoungGen: 7165K(14336K)->3691K(14336K) Eden: 7165K(7168K)->0K(7168K) From: 0K(7168K)->3691K(7168K)
[2026-06-17T10:06:03.356+0800][44.148s][info][gc,heap        ] GC(1728) ParOldGen: 33932K(44032K)->33932K(44032K)
[2026-06-17T10:06:03.356+0800][44.149s][info][gc,metaspace   ] GC(1728) Metaspace: 116K(320K)->116K(320K) NonClass: 109K(192K)->109K(192K) Class: 7K(128K)->7K(128K)
[2026-06-17T10:06:03.356+0800][44.149s][info][gc             ] GC(1728) Pause Young (Allocation Failure) 40M->36M(57M) 2.040ms
[2026-06-17T10:06:03.356+0800][44.149s][info][gc,cpu         ] GC(1728) User=0.00s Sys=0.00s Real=0.00s
[2026-06-17T10:06:03.368+0800][44.161s][info][gc,start       ] GC(1729) Pause Young (Allocation Failure)
[2026-06-17T10:06:03.369+0800][44.162s][info][gc,heap        ] GC(1729) PSYoungGen: 10722K(14336K)->32K(14336K) Eden: 7030K(7168K)->0K(7168K) From: 3691K(7168K)->32K(7168K)
[2026-06-17T10:06:03.369+0800][44.162s][info][gc,heap        ] GC(1729) ParOldGen: 33932K(44032K)->37622K(44032K)
[2026-06-17T10:06:03.370+0800][44.162s][info][gc,metaspace   ] GC(1729) Metaspace: 116K(320K)->116K(320K) NonClass: 109K(192K)->109K(192K) Class: 7K(128K)->7K(128K)
[2026-06-17T10:06:03.371+0800][44.164s][info][gc             ] GC(1729) Pause Young (Allocation Failure) 43M->36M(57M) 3.334ms
[2026-06-17T10:06:03.372+0800][44.164s][info][gc,cpu         ] GC(1729) User=0.00s Sys=0.00s Real=0.01s
[2026-06-17T10:06:03.393+0800][44.186s][info][gc,start       ] GC(1730) Pause Young (Allocation Failure)
[2026-06-17T10:06:03.395+0800][44.188s][info][gc,heap        ] GC(1730) PSYoungGen: 7156K(14336K)->3810K(14336K) Eden: 7124K(7168K)->0K(7168K) From: 32K(7168K)->3810K(7168K)
[2026-06-17T10:06:03.396+0800][44.189s][info][gc,heap        ] GC(1730) ParOldGen: 37622K(44032K)->37630K(44032K)
[2026-06-17T10:06:03.396+0800][44.189s][info][gc,metaspace   ] GC(1730) Metaspace: 116K(320K)->116K(320K) NonClass: 109K(192K)->109K(192K) Class: 7K(128K)->7K(128K)
[2026-06-17T10:06:03.397+0800][44.190s][info][gc             ] GC(1730) Pause Young (Allocation Failure) 43M->40M(57M) 3.457ms
[2026-06-17T10:06:03.397+0800][44.190s][info][gc,cpu         ] GC(1730) User=0.00s Sys=0.00s Real=0.00s
[2026-06-17T10:06:03.409+0800][44.202s][info][gc,start       ] GC(1731) Pause Young (Allocation Failure)
[2026-06-17T10:06:03.411+0800][44.204s][info][gc,heap        ] GC(1731) PSYoungGen: 10832K(14336K)->2031K(14336K) Eden: 7022K(7168K)->0K(7168K) From: 3810K(7168K)->2031K(7168K)
[2026-06-17T10:06:03.412+0800][44.205s][info][gc,heap        ] GC(1731) ParOldGen: 37630K(44032K)->39315K(44032K)
[2026-06-17T10:06:03.413+0800][44.205s][info][gc,metaspace   ] GC(1731) Metaspace: 116K(320K)->116K(320K) NonClass: 109K(192K)->109K(192K) Class: 7K(128K)->7K(128K)
[2026-06-17T10:06:03.413+0800][44.206s][info][gc             ] GC(1731) Pause Young (Allocation Failure) 47M->40M(57M) 4.227ms
[2026-06-17T10:06:03.414+0800][44.207s][info][gc,cpu         ] GC(1731) User=0.00s Sys=0.00s Real=0.01s
[2026-06-17T10:06:03.437+0800][44.229s][info][gc,start       ] GC(1732) Pause Full (Allocation Failure)
[2026-06-17T10:06:03.437+0800][44.230s][info][gc,phases,start] GC(1732) Marking Phase
[2026-06-17T10:06:03.441+0800][44.233s][info][gc,phases      ] GC(1732) Marking Phase 3.084ms
[2026-06-17T10:06:03.442+0800][44.234s][info][gc,phases,start] GC(1732) Summary Phase
[2026-06-17T10:06:03.442+0800][44.235s][info][gc,phases      ] GC(1732) Summary Phase 0.712ms
[2026-06-17T10:06:03.443+0800][44.236s][info][gc,phases,start] GC(1732) Forward
[2026-06-17T10:06:03.444+0800][44.237s][info][gc,phases      ] GC(1732) Forward 0.737ms
[2026-06-17T10:06:03.444+0800][44.237s][info][gc,phases,start] GC(1732) Adjust Pointers
[2026-06-17T10:06:03.446+0800][44.239s][info][gc,phases      ] GC(1732) Adjust Pointers 1.670ms
[2026-06-17T10:06:03.447+0800][44.239s][info][gc,phases,start] GC(1732) Compaction Phase
[2026-06-17T10:06:03.449+0800][44.242s][info][gc,phases      ] GC(1732) Compaction Phase 2.664ms
[2026-06-17T10:06:03.450+0800][44.243s][info][gc,phases,start] GC(1732) Post Compact
[2026-06-17T10:06:03.451+0800][44.243s][info][gc,phases      ] GC(1732) Post Compact 0.593ms
[2026-06-17T10:06:03.451+0800][44.244s][info][gc,heap        ] GC(1732) PSYoungGen: 9196K(14336K)->0K(14336K) Eden: 7165K(7168K)->0K(7168K) From: 2031K(7168K)->0K(7168K)
[2026-06-17T10:06:03.452+0800][44.244s][info][gc,heap        ] GC(1732) ParOldGen: 39315K(44032K)->30640K(44032K)
[2026-06-17T10:06:03.452+0800][44.245s][info][gc,metaspace   ] GC(1732) Metaspace: 116K(320K)->116K(320K) NonClass: 109K(192K)->109K(192K) Class: 7K(128K)->7K(128K)
[2026-06-17T10:06:03.452+0800][44.245s][info][gc             ] GC(1732) Pause Full (Allocation Failure) 47M->29M(57M) 15.609ms
[2026-06-17T10:06:03.453+0800][44.246s][info][gc,cpu         ] GC(1732) User=0.01s Sys=0.00s Real=0.02s
[2026-06-17T10:06:03.475+0800][44.267s][info][gc,start       ] GC(1733) Pause Young (Allocation Failure)
[2026-06-17T10:06:03.477+0800][44.269s][info][gc,heap        ] GC(1733) PSYoungGen: 7168K(14336K)->3834K(14336K) Eden: 7168K(7168K)->0K(7168K) From: 0K(7168K)->3834K(7168K)
[2026-06-17T10:06:03.477+0800][44.270s][info][gc,heap        ] GC(1733) ParOldGen: 30640K(44032K)->30640K(44032K)
[2026-06-17T10:06:03.478+0800][44.271s][info][gc,metaspace   ] GC(1733) Metaspace: 116K(320K)->116K(320K) NonClass: 109K(192K)->109K(192K) Class: 7K(128K)->7K(128K)
[2026-06-17T10:06:03.479+0800][44.271s][info][gc             ] GC(1733) Pause Young (Allocation Failure) 36M->33M(57M) 3.937ms
[2026-06-17T10:06:03.479+0800][44.272s][info][gc,cpu         ] GC(1733) User=0.00s Sys=0.00s Real=0.00s
[2026-06-17T10:06:03.502+0800][44.295s][info][gc,start       ] GC(1734) Pause Young (Allocation Failure)
[2026-06-17T10:06:03.504+0800][44.297s][info][gc,heap        ] GC(1734) PSYoungGen: 10971K(14336K)->3881K(14336K) Eden: 7137K(7168K)->0K(7168K) From: 3834K(7168K)->3881K(7168K)
[2026-06-17T10:06:03.505+0800][44.298s][info][gc,heap        ] GC(1734) ParOldGen: 30640K(44032K)->30640K(44032K)
[2026-06-17T10:06:03.506+0800][44.299s][info][gc,metaspace   ] GC(1734) Metaspace: 116K(320K)->116K(320K) NonClass: 109K(192K)->109K(192K) Class: 7K(128K)->7K(128K)
[2026-06-17T10:06:03.507+0800][44.300s][info][gc             ] GC(1734) Pause Young (Allocation Failure) 40M->33M(57M) 5.700ms
[2026-06-17T10:06:03.508+0800][44.301s][info][gc,cpu         ] GC(1734) User=0.00s Sys=0.00s Real=0.01s
[2026-06-17T10:06:03.520+0800][44.313s][info][gc,start       ] GC(1735) Pause Young (Allocation Failure)
[2026-06-17T10:06:03.522+0800][44.315s][info][gc,heap        ] GC(1735) PSYoungGen: 10991K(14336K)->7132K(14336K) Eden: 7110K(7168K)->0K(7168K) From: 3881K(7168K)->7132K(7168K)
[2026-06-17T10:06:03.522+0800][44.315s][info][gc,heap        ] GC(1735) ParOldGen: 30640K(44032K)->31335K(44032K)
[2026-06-17T10:06:03.523+0800][44.315s][info][gc,metaspace   ] GC(1735) Metaspace: 116K(320K)->116K(320K) NonClass: 109K(192K)->109K(192K) Class: 7K(128K)->7K(128K)
[2026-06-17T10:06:03.523+0800][44.316s][info][gc             ] GC(1735) Pause Young (Allocation Failure) 40M->37M(57M) 2.593ms
[2026-06-17T10:06:03.523+0800][44.316s][info][gc,cpu         ] GC(1735) User=0.00s Sys=0.00s Real=0.01s
[2026-06-17T10:06:03.545+0800][44.338s][info][gc,start       ] GC(1736) Pause Young (Allocation Failure)
[2026-06-17T10:06:03.548+0800][44.341s][info][gc,heap        ] GC(1736) PSYoungGen: 14271K(14336K)->3902K(14336K) Eden: 7138K(7168K)->0K(7168K) From: 7132K(7168K)->3902K(7168K)
[2026-06-17T10:06:03.549+0800][44.341s][info][gc,heap        ] GC(1736) ParOldGen: 31335K(44032K)->34895K(44032K)
[2026-06-17T10:06:03.549+0800][44.342s][info][gc,metaspace   ] GC(1736) Metaspace: 116K(320K)->116K(320K) NonClass: 109K(192K)->109K(192K) Class: 7K(128K)->7K(128K)
[2026-06-17T10:06:03.550+0800][44.343s][info][gc             ] GC(1736) Pause Young (Allocation Failure) 44M->37M(57M) 4.649ms
[2026-06-17T10:06:03.551+0800][44.343s][info][gc,cpu         ] GC(1736) User=0.00s Sys=0.00s Real=0.01s
[2026-06-17T10:06:03.573+0800][44.366s][info][gc,start       ] GC(1737) Pause Young (Allocation Failure)
[2026-06-17T10:06:03.575+0800][44.367s][info][gc,heap        ] GC(1737) PSYoungGen: 11052K(14336K)->2652K(14336K) Eden: 7149K(7168K)->0K(7168K) From: 3902K(7168K)->2652K(7168K)
[2026-06-17T10:06:03.575+0800][44.368s][info][gc,heap        ] GC(1737) ParOldGen: 34895K(44032K)->36294K(44032K)
[2026-06-17T10:06:03.576+0800][44.369s][info][gc,metaspace   ] GC(1737) Metaspace: 116K(320K)->116K(320K) NonClass: 109K(192K)->109K(192K) Class: 7K(128K)->7K(128K)
[2026-06-17T10:06:03.576+0800][44.369s][info][gc             ] GC(1737) Pause Young (Allocation Failure) 44M->38M(57M) 3.263ms
[2026-06-17T10:06:03.577+0800][44.370s][info][gc,cpu         ] GC(1737) User=0.00s Sys=0.00s Real=0.00s
[2026-06-17T10:06:03.589+0800][44.381s][info][gc,start       ] GC(1738) Pause Young (Allocation Failure)
[2026-06-17T10:06:03.590+0800][44.383s][info][gc,heap        ] GC(1738) PSYoungGen: 9732K(14336K)->2728K(14336K) Eden: 7080K(7168K)->0K(7168K) From: 2652K(7168K)->2728K(7168K)
[2026-06-17T10:06:03.591+0800][44.383s][info][gc,heap        ] GC(1738) ParOldGen: 36294K(44032K)->36294K(44032K)
[2026-06-17T10:06:03.591+0800][44.384s][info][gc,metaspace   ] GC(1738) Metaspace: 116K(320K)->116K(320K) NonClass: 109K(192K)->109K(192K) Class: 7K(128K)->7K(128K)
[2026-06-17T10:06:03.592+0800][44.385s][info][gc             ] GC(1738) Pause Young (Allocation Failure) 44M->38M(57M) 3.181ms
[2026-06-17T10:06:03.592+0800][44.385s][info][gc,cpu         ] GC(1738) User=0.00s Sys=0.00s Real=0.01s
[2026-06-17T10:06:03.615+0800][44.407s][info][gc,start       ] GC(1739) Pause Young (Allocation Failure)
[2026-06-17T10:06:03.618+0800][44.410s][info][gc,heap        ] GC(1739) PSYoungGen: 9896K(14336K)->3822K(14336K) Eden: 7168K(7168K)->0K(7168K) From: 2728K(7168K)->3822K(7168K)
[2026-06-17T10:06:03.618+0800][44.411s][info][gc,heap        ] GC(1739) ParOldGen: 36294K(44032K)->38974K(44032K)
[2026-06-17T10:06:03.619+0800][44.412s][info][gc,metaspace   ] GC(1739) Metaspace: 116K(320K)->116K(320K) NonClass: 109K(192K)->109K(192K) Class: 7K(128K)->7K(128K)
[2026-06-17T10:06:03.620+0800][44.413s][info][gc             ] GC(1739) Pause Young (Allocation Failure) 45M->41M(57M) 5.120ms
[2026-06-17T10:06:03.620+0800][44.413s][info][gc,cpu         ] GC(1739) User=0.00s Sys=0.00s Real=0.00s
[2026-06-17T10:06:03.643+0800][44.436s][info][gc,start       ] GC(1740) Pause Young (Allocation Failure)
[2026-06-17T10:06:03.645+0800][44.438s][info][gc,heap        ] GC(1740) PSYoungGen: 10942K(14336K)->4024K(14336K) Eden: 7119K(7168K)->0K(7168K) From: 3822K(7168K)->4024K(7168K)
[2026-06-17T10:06:03.646+0800][44.439s][info][gc,heap        ] GC(1740) ParOldGen: 38974K(44032K)->38974K(44032K)
[2026-06-17T10:06:03.646+0800][44.439s][info][gc,metaspace   ] GC(1740) Metaspace: 116K(320K)->116K(320K) NonClass: 109K(192K)->109K(192K) Class: 7K(128K)->7K(128K)
[2026-06-17T10:06:03.647+0800][44.440s][info][gc             ] GC(1740) Pause Young (Allocation Failure) 48M->41M(57M) 3.980ms
[2026-06-17T10:06:03.648+0800][44.440s][info][gc,cpu         ] GC(1740) User=0.00s Sys=0.00s Real=0.00s
[2026-06-17T10:06:03.670+0800][44.462s][info][gc,start       ] GC(1741) Pause Young (Allocation Failure)
[2026-06-17T10:06:03.671+0800][44.464s][info][gc,heap        ] GC(1741) PSYoungGen: 11192K(14336K)->4174K(14848K) Eden: 7168K(7168K)->0K(7680K) From: 4024K(7168K)->4174K(7168K)
[2026-06-17T10:06:03.672+0800][44.465s][info][gc,heap        ] GC(1741) ParOldGen: 38974K(44032K)->38974K(44032K)
[2026-06-17T10:06:03.672+0800][44.465s][info][gc,metaspace   ] GC(1741) Metaspace: 116K(320K)->116K(320K) NonClass: 109K(192K)->109K(192K) Class: 7K(128K)->7K(128K)
[2026-06-17T10:06:03.673+0800][44.466s][info][gc             ] GC(1741) Pause Young (Allocation Failure) 48M->42M(57M) 3.464ms
[2026-06-17T10:06:03.674+0800][44.466s][info][gc,cpu         ] GC(1741) User=0.00s Sys=0.01s Real=0.01s
[2026-06-17T10:06:03.695+0800][44.488s][info][gc,start       ] GC(1742) Pause Young (Allocation Failure)
[2026-06-17T10:06:03.697+0800][44.490s][info][gc,heap        ] GC(1742) PSYoungGen: 11844K(14848K)->5315K(14336K) Eden: 7670K(7680K)->0K(7680K) From: 4174K(7168K)->5315K(6656K)
[2026-06-17T10:06:03.698+0800][44.490s][info][gc,heap        ] GC(1742) ParOldGen: 38974K(44032K)->38974K(44032K)
[2026-06-17T10:06:03.698+0800][44.491s][info][gc,metaspace   ] GC(1742) Metaspace: 116K(320K)->116K(320K) NonClass: 109K(192K)->109K(192K) Class: 7K(128K)->7K(128K)
[2026-06-17T10:06:03.699+0800][44.491s][info][gc             ] GC(1742) Pause Young (Allocation Failure) 49M->43M(57M) 3.173ms
[2026-06-17T10:06:03.699+0800][44.492s][info][gc,cpu         ] GC(1742) User=0.00s Sys=0.00s Real=0.00s
[2026-06-17T10:06:03.711+0800][44.503s][info][gc,start       ] GC(1743) Pause Young (Allocation Failure)
[2026-06-17T10:06:03.712+0800][44.505s][info][gc,heap        ] GC(1743) PSYoungGen: 12890K(14336K)->6232K(14336K) Eden: 7574K(7680K)->0K(7168K) From: 5315K(6656K)->6232K(7168K)
[2026-06-17T10:06:03.713+0800][44.506s][info][gc,heap        ] GC(1743) ParOldGen: 38974K(44032K)->38974K(44032K)
[2026-06-17T10:06:03.716+0800][44.509s][info][gc,metaspace   ] GC(1743) Metaspace: 116K(320K)->116K(320K) NonClass: 109K(192K)->109K(192K) Class: 7K(128K)->7K(128K)
[2026-06-17T10:06:03.716+0800][44.509s][info][gc             ] GC(1743) Pause Young (Allocation Failure) 50M->44M(57M) 5.772ms
[2026-06-17T10:06:03.717+0800][44.510s][info][gc,cpu         ] GC(1743) User=0.00s Sys=0.00s Real=0.00s
[2026-06-17T10:06:03.738+0800][44.531s][info][gc,start       ] GC(1744) Pause Young (Allocation Failure)
[2026-06-17T10:06:03.739+0800][44.532s][info][gc,heap        ] GC(1744) PSYoungGen: 13389K(14336K)->6683K(14336K) Eden: 7156K(7168K)->0K(7168K) From: 6232K(7168K)->6683K(7168K)
[2026-06-17T10:06:03.740+0800][44.532s][info][gc,heap        ] GC(1744) ParOldGen: 38974K(44032K)->42161K(44032K)
[2026-06-17T10:06:03.740+0800][44.533s][info][gc,metaspace   ] GC(1744) Metaspace: 116K(320K)->116K(320K) NonClass: 109K(192K)->109K(192K) Class: 7K(128K)->7K(128K)
[2026-06-17T10:06:03.741+0800][44.533s][info][gc             ] GC(1744) Pause Young (Allocation Failure) 51M->47M(57M) 2.379ms
[2026-06-17T10:06:03.741+0800][44.534s][info][gc,cpu         ] GC(1744) User=0.00s Sys=0.00s Real=0.00s
[2026-06-17T10:06:03.762+0800][44.555s][info][gc,start       ] GC(1745) Pause Full (Allocation Failure)
[2026-06-17T10:06:03.762+0800][44.555s][info][gc,phases,start] GC(1745) Marking Phase
[2026-06-17T10:06:03.764+0800][44.556s][info][gc,phases      ] GC(1745) Marking Phase 1.101ms
[2026-06-17T10:06:03.764+0800][44.557s][info][gc,phases,start] GC(1745) Summary Phase
[2026-06-17T10:06:03.764+0800][44.557s][info][gc,phases      ] GC(1745) Summary Phase 0.373ms
[2026-06-17T10:06:03.765+0800][44.557s][info][gc,phases,start] GC(1745) Forward
[2026-06-17T10:06:03.765+0800][44.558s][info][gc,phases      ] GC(1745) Forward 0.343ms
[2026-06-17T10:06:03.765+0800][44.558s][info][gc,phases,start] GC(1745) Adjust Pointers
[2026-06-17T10:06:03.766+0800][44.559s][info][gc,phases      ] GC(1745) Adjust Pointers 0.603ms
[2026-06-17T10:06:03.766+0800][44.559s][info][gc,phases,start] GC(1745) Compaction Phase
[2026-06-17T10:06:03.768+0800][44.560s][info][gc,phases      ] GC(1745) Compaction Phase 1.440ms
[2026-06-17T10:06:03.769+0800][44.561s][info][gc,phases,start] GC(1745) Post Compact
[2026-06-17T10:06:03.769+0800][44.562s][info][gc,phases      ] GC(1745) Post Compact 0.816ms
[2026-06-17T10:06:03.770+0800][44.563s][info][gc,heap        ] GC(1745) PSYoungGen: 13826K(14336K)->0K(14336K) Eden: 7142K(7168K)->0K(7168K) From: 6683K(7168K)->0K(7168K)
[2026-06-17T10:06:03.770+0800][44.563s][info][gc,heap        ] GC(1745) ParOldGen: 42161K(44032K)->25340K(44032K)
[2026-06-17T10:06:03.771+0800][44.564s][info][gc,metaspace   ] GC(1745) Metaspace: 116K(320K)->116K(320K) NonClass: 109K(192K)->109K(192K) Class: 7K(128K)->7K(128K)
[2026-06-17T10:06:03.772+0800][44.564s][info][gc             ] GC(1745) Pause Full (Allocation Failure) 54M->24M(57M) 9.632ms
[2026-06-17T10:06:03.772+0800][44.565s][info][gc,cpu         ] GC(1745) User=0.00s Sys=0.00s Real=0.02s
[2026-06-17T10:06:03.824+0800][44.617s][info][gc,start       ] GC(1746) Pause Young (Allocation Failure)
[2026-06-17T10:06:03.828+0800][44.621s][info][gc,heap        ] GC(1746) PSYoungGen: 7160K(14336K)->3911K(14336K) Eden: 7160K(7168K)->0K(7168K) From: 0K(7168K)->3911K(7168K)
[2026-06-17T10:06:03.831+0800][44.623s][info][gc,heap        ] GC(1746) ParOldGen: 25340K(44032K)->25340K(44032K)
[2026-06-17T10:06:03.833+0800][44.625s][info][gc,metaspace   ] GC(1746) Metaspace: 116K(320K)->116K(320K) NonClass: 109K(192K)->109K(192K) Class: 7K(128K)->7K(128K)
[2026-06-17T10:06:03.833+0800][44.626s][info][gc             ] GC(1746) Pause Young (Allocation Failure) 31M->28M(57M) 9.348ms
[2026-06-17T10:06:03.835+0800][44.628s][info][gc,cpu         ] GC(1746) User=0.00s Sys=0.00s Real=0.01s
[2026-06-17T10:06:03.849+0800][44.642s][info][gc,start       ] GC(1747) Pause Young (Allocation Failure)
[2026-06-17T10:06:03.853+0800][44.645s][info][gc,heap        ] GC(1747) PSYoungGen: 11056K(14336K)->7083K(14336K) Eden: 7145K(7168K)->0K(7168K) From: 3911K(7168K)->7083K(7168K)
[2026-06-17T10:06:03.855+0800][44.648s][info][gc,heap        ] GC(1747) ParOldGen: 25340K(44032K)->26043K(44032K)
[2026-06-17T10:06:03.856+0800][44.649s][info][gc,metaspace   ] GC(1747) Metaspace: 116K(320K)->116K(320K) NonClass: 109K(192K)->109K(192K) Class: 7K(128K)->7K(128K)
[2026-06-17T10:06:03.858+0800][44.651s][info][gc             ] GC(1747) Pause Young (Allocation Failure) 35M->32M(57M) 8.807ms
[2026-06-17T10:06:03.860+0800][44.652s][info][gc,cpu         ] GC(1747) User=0.01s Sys=0.00s Real=0.01s
[2026-06-17T10:06:03.909+0800][44.702s][info][gc,start       ] GC(1748) Pause Young (Allocation Failure)
[2026-06-17T10:06:03.911+0800][44.703s][info][gc,heap        ] GC(1748) PSYoungGen: 14240K(14336K)->3143K(14336K) Eden: 7157K(7168K)->0K(7168K) From: 7083K(7168K)->3143K(7168K)
[2026-06-17T10:06:03.911+0800][44.704s][info][gc,heap        ] GC(1748) ParOldGen: 26043K(44032K)->30251K(44032K)
[2026-06-17T10:06:03.912+0800][44.704s][info][gc,metaspace   ] GC(1748) Metaspace: 116K(320K)->116K(320K) NonClass: 109K(192K)->109K(192K) Class: 7K(128K)->7K(128K)
[2026-06-17T10:06:03.912+0800][44.705s][info][gc             ] GC(1748) Pause Young (Allocation Failure) 39M->32M(57M) 3.307ms
[2026-06-17T10:06:03.913+0800][44.705s][info][gc,cpu         ] GC(1748) User=0.00s Sys=0.00s Real=0.01s
[2026-06-17T10:06:03.934+0800][44.727s][info][gc,start       ] GC(1749) Pause Young (Allocation Failure)
[2026-06-17T10:06:03.942+0800][44.734s][info][gc,heap        ] GC(1749) PSYoungGen: 10261K(14336K)->3523K(14336K) Eden: 7118K(7168K)->0K(7168K) From: 3143K(7168K)->3523K(7168K)
[2026-06-17T10:06:03.943+0800][44.735s][info][gc,heap        ] GC(1749) ParOldGen: 30251K(44032K)->30251K(44032K)
[2026-06-17T10:06:03.946+0800][44.739s][info][gc,metaspace   ] GC(1749) Metaspace: 116K(320K)->116K(320K) NonClass: 109K(192K)->109K(192K) Class: 7K(128K)->7K(128K)
[2026-06-17T10:06:03.951+0800][44.743s][info][gc             ] GC(1749) Pause Young (Allocation Failure) 39M->32M(57M) 16.465ms
[2026-06-17T10:06:03.953+0800][44.746s][info][gc,cpu         ] GC(1749) User=0.00s Sys=0.00s Real=0.02s
[2026-06-17T10:06:03.965+0800][44.757s][info][gc,start       ] GC(1750) Pause Young (Allocation Failure)
[2026-06-17T10:06:03.966+0800][44.759s][info][gc,heap        ] GC(1750) PSYoungGen: 10592K(14336K)->1884K(14336K) Eden: 7069K(7168K)->0K(7168K) From: 3523K(7168K)->1884K(7168K)
[2026-06-17T10:06:03.968+0800][44.761s][info][gc,heap        ] GC(1750) ParOldGen: 30251K(44032K)->32239K(44032K)
[2026-06-17T10:06:03.971+0800][44.764s][info][gc,metaspace   ] GC(1750) Metaspace: 116K(320K)->116K(320K) NonClass: 109K(192K)->109K(192K) Class: 7K(128K)->7K(128K)
[2026-06-17T10:06:03.973+0800][44.765s][info][gc             ] GC(1750) Pause Young (Allocation Failure) 39M->33M(57M) 8.018ms
[2026-06-17T10:06:03.974+0800][44.767s][info][gc,cpu         ] GC(1750) User=0.00s Sys=0.00s Real=0.01s
[2026-06-17T10:06:03.999+0800][44.792s][info][gc,start       ] GC(1751) Pause Young (Allocation Failure)
[2026-06-17T10:06:04.001+0800][44.794s][info][gc,heap        ] GC(1751) PSYoungGen: 9018K(14336K)->5378K(14336K) Eden: 7134K(7168K)->0K(7168K) From: 1884K(7168K)->5378K(7168K)
[2026-06-17T10:06:04.004+0800][44.797s][info][gc,heap        ] GC(1751) ParOldGen: 32239K(44032K)->32239K(44032K)
[2026-06-17T10:06:04.005+0800][44.798s][info][gc,metaspace   ] GC(1751) Metaspace: 116K(320K)->116K(320K) NonClass: 109K(192K)->109K(192K) Class: 7K(128K)->7K(128K)
[2026-06-17T10:06:04.007+0800][44.800s][info][gc             ] GC(1751) Pause Young (Allocation Failure) 40M->36M(57M) 7.981ms
[2026-06-17T10:06:04.008+0800][44.801s][info][gc,cpu         ] GC(1751) User=0.00s Sys=0.00s Real=0.01s
[2026-06-17T10:06:04.030+0800][44.823s][info][gc,start       ] GC(1752) Pause Young (Allocation Failure)
[2026-06-17T10:06:04.033+0800][44.826s][info][gc,heap        ] GC(1752) PSYoungGen: 12504K(14336K)->3426K(14336K) Eden: 7126K(7168K)->0K(7168K) From: 5378K(7168K)->3426K(7168K)
[2026-06-17T10:06:04.034+0800][44.826s][info][gc,heap        ] GC(1752) ParOldGen: 32239K(44032K)->34355K(44032K)
[2026-06-17T10:06:04.034+0800][44.827s][info][gc,metaspace   ] GC(1752) Metaspace: 116K(320K)->116K(320K) NonClass: 109K(192K)->109K(192K) Class: 7K(128K)->7K(128K)
[2026-06-17T10:06:04.035+0800][44.828s][info][gc             ] GC(1752) Pause Young (Allocation Failure) 43M->36M(57M) 4.667ms
[2026-06-17T10:06:04.036+0800][44.828s][info][gc,cpu         ] GC(1752) User=0.00s Sys=0.00s Real=0.01s
[2026-06-17T10:06:04.058+0800][44.851s][info][gc,start       ] GC(1753) Pause Young (Allocation Failure)
[2026-06-17T10:06:04.060+0800][44.853s][info][gc,heap        ] GC(1753) PSYoungGen: 10571K(14336K)->3496K(14336K) Eden: 7144K(7168K)->0K(7168K) From: 3426K(7168K)->3496K(7168K)
[2026-06-17T10:06:04.061+0800][44.853s][info][gc,heap        ] GC(1753) ParOldGen: 34355K(44032K)->34355K(44032K)
[2026-06-17T10:06:04.061+0800][44.854s][info][gc,metaspace   ] GC(1753) Metaspace: 116K(320K)->116K(320K) NonClass: 109K(192K)->109K(192K) Class: 7K(128K)->7K(128K)
[2026-06-17T10:06:04.062+0800][44.855s][info][gc             ] GC(1753) Pause Young (Allocation Failure) 43M->36M(57M) 3.871ms
[2026-06-17T10:06:04.063+0800][44.855s][info][gc,cpu         ] GC(1753) User=0.00s Sys=0.00s Real=0.01s
[2026-06-17T10:06:04.075+0800][44.868s][info][gc,start       ] GC(1754) Pause Young (Allocation Failure)
[2026-06-17T10:06:04.077+0800][44.870s][info][gc,heap        ] GC(1754) PSYoungGen: 10623K(14336K)->4623K(14336K) Eden: 7127K(7168K)->0K(7168K) From: 3496K(7168K)->4623K(7168K)
[2026-06-17T10:06:04.078+0800][44.871s][info][gc,heap        ] GC(1754) ParOldGen: 34355K(44032K)->36726K(44032K)
[2026-06-17T10:06:04.078+0800][44.871s][info][gc,metaspace   ] GC(1754) Metaspace: 116K(320K)->116K(320K) NonClass: 109K(192K)->109K(192K) Class: 7K(128K)->7K(128K)
[2026-06-17T10:06:04.079+0800][44.872s][info][gc             ] GC(1754) Pause Young (Allocation Failure) 43M->40M(57M) 4.388ms
[2026-06-17T10:06:04.080+0800][44.873s][info][gc,cpu         ] GC(1754) User=0.00s Sys=0.01s Real=0.00s
[2026-06-17T10:06:04.102+0800][44.895s][info][gc,start       ] GC(1755) Pause Young (Allocation Failure)
[2026-06-17T10:06:04.105+0800][44.897s][info][gc,heap        ] GC(1755) PSYoungGen: 11728K(14336K)->4610K(14336K) Eden: 7105K(7168K)->0K(7168K) From: 4623K(7168K)->4610K(7168K)
[2026-06-17T10:06:04.105+0800][44.898s][info][gc,heap        ] GC(1755) ParOldGen: 36726K(44032K)->36726K(44032K)
[2026-06-17T10:06:04.106+0800][44.899s][info][gc,metaspace   ] GC(1755) Metaspace: 116K(320K)->116K(320K) NonClass: 109K(192K)->109K(192K) Class: 7K(128K)->7K(128K)
[2026-06-17T10:06:04.107+0800][44.899s][info][gc             ] GC(1755) Pause Young (Allocation Failure) 47M->40M(57M) 4.300ms
[2026-06-17T10:06:04.107+0800][44.900s][info][gc,cpu         ] GC(1755) User=0.00s Sys=0.00s Real=0.01s
[2026-06-17T10:06:04.129+0800][44.922s][info][gc,start       ] GC(1756) Pause Young (Allocation Failure)
[2026-06-17T10:06:04.132+0800][44.924s][info][gc,heap        ] GC(1756) PSYoungGen: 11753K(14336K)->3139K(14336K) Eden: 7143K(7168K)->0K(7168K) From: 4610K(7168K)->3139K(7168K)
[2026-06-17T10:06:04.132+0800][44.925s][info][gc,heap        ] GC(1756) ParOldGen: 36726K(44032K)->38494K(44032K)
[2026-06-17T10:06:04.133+0800][44.926s][info][gc,metaspace   ] GC(1756) Metaspace: 116K(320K)->116K(320K) NonClass: 109K(192K)->109K(192K) Class: 7K(128K)->7K(128K)
[2026-06-17T10:06:04.133+0800][44.926s][info][gc             ] GC(1756) Pause Young (Allocation Failure) 47M->40M(57M) 4.334ms
[2026-06-17T10:06:04.134+0800][44.927s][info][gc,cpu         ] GC(1756) User=0.00s Sys=0.00s Real=0.01s
[2026-06-17T10:06:04.146+0800][44.939s][info][gc,start       ] GC(1757) Pause Young (Allocation Failure)
[2026-06-17T10:06:04.148+0800][44.941s][info][gc,heap        ] GC(1757) PSYoungGen: 10231K(14336K)->3474K(14336K) Eden: 7091K(7168K)->0K(7168K) From: 3139K(7168K)->3474K(7168K)
[2026-06-17T10:06:04.149+0800][44.941s][info][gc,heap        ] GC(1757) ParOldGen: 38494K(44032K)->38494K(44032K)
[2026-06-17T10:06:04.149+0800][44.942s][info][gc,metaspace   ] GC(1757) Metaspace: 116K(320K)->116K(320K) NonClass: 109K(192K)->109K(192K) Class: 7K(128K)->7K(128K)
[2026-06-17T10:06:04.150+0800][44.943s][info][gc             ] GC(1757) Pause Young (Allocation Failure) 47M->40M(57M) 3.624ms
[2026-06-17T10:06:04.150+0800][44.943s][info][gc,cpu         ] GC(1757) User=0.00s Sys=0.00s Real=0.00s
[2026-06-17T10:06:04.172+0800][44.965s][info][gc,start       ] GC(1758) Pause Young (Allocation Failure)
[2026-06-17T10:06:04.175+0800][44.968s][info][gc,heap        ] GC(1758) PSYoungGen: 10618K(14336K)->5145K(14336K) Eden: 7144K(7168K)->0K(7168K) From: 3474K(7168K)->5145K(7168K)
[2026-06-17T10:06:04.177+0800][44.970s][info][gc,heap        ] GC(1758) ParOldGen: 38494K(44032K)->40237K(44032K)
[2026-06-17T10:06:04.178+0800][44.971s][info][gc,metaspace   ] GC(1758) Metaspace: 116K(320K)->116K(320K) NonClass: 109K(192K)->109K(192K) Class: 7K(128K)->7K(128K)
[2026-06-17T10:06:04.179+0800][44.971s][info][gc             ] GC(1758) Pause Young (Allocation Failure) 47M->44M(57M) 6.160ms
[2026-06-17T10:06:04.179+0800][44.972s][info][gc,cpu         ] GC(1758) User=0.00s Sys=0.00s Real=0.00s
[2026-06-17T10:06:04.202+0800][44.994s][info][gc,start       ] GC(1759) Pause Full (Allocation Failure)
[2026-06-17T10:06:04.202+0800][44.995s][info][gc,phases,start] GC(1759) Marking Phase
[2026-06-17T10:06:04.205+0800][44.998s][info][gc,phases      ] GC(1759) Marking Phase 2.348ms
[2026-06-17T10:06:04.207+0800][45.000s][info][gc,phases,start] GC(1759) Summary Phase
[2026-06-17T10:06:04.208+0800][45.001s][info][gc,phases      ] GC(1759) Summary Phase 0.625ms
[2026-06-17T10:06:04.208+0800][45.001s][info][gc,phases,start] GC(1759) Forward
[2026-06-17T10:06:04.209+0800][45.002s][info][gc,phases      ] GC(1759) Forward 0.882ms
[2026-06-17T10:06:04.210+0800][45.003s][info][gc,phases,start] GC(1759) Adjust Pointers
[2026-06-17T10:06:04.212+0800][45.004s][info][gc,phases      ] GC(1759) Adjust Pointers 1.802ms
[2026-06-17T10:06:04.212+0800][45.005s][info][gc,phases,start] GC(1759) Compaction Phase
[2026-06-17T10:06:04.215+0800][45.008s][info][gc,phases      ] GC(1759) Compaction Phase 2.602ms
[2026-06-17T10:06:04.215+0800][45.008s][info][gc,phases,start] GC(1759) Post Compact
[2026-06-17T10:06:04.216+0800][45.009s][info][gc,phases      ] GC(1759) Post Compact 0.601ms
[2026-06-17T10:06:04.217+0800][45.009s][info][gc,heap        ] GC(1759) PSYoungGen: 12299K(14336K)->0K(14336K) Eden: 7154K(7168K)->0K(7168K) From: 5145K(7168K)->0K(7168K)
[2026-06-17T10:06:04.217+0800][45.010s][info][gc,heap        ] GC(1759) ParOldGen: 40237K(44032K)->32459K(44032K)
[2026-06-17T10:06:04.217+0800][45.010s][info][gc,metaspace   ] GC(1759) Metaspace: 116K(320K)->116K(320K) NonClass: 109K(192K)->109K(192K) Class: 7K(128K)->7K(128K)
[2026-06-17T10:06:04.218+0800][45.011s][info][gc             ] GC(1759) Pause Full (Allocation Failure) 51M->31M(57M) 16.150ms
[2026-06-17T10:06:04.218+0800][45.011s][info][gc,cpu         ] GC(1759) User=0.01s Sys=0.00s Real=0.02s
[2026-06-17T10:06:04.239+0800][45.032s][info][gc,start       ] GC(1760) Pause Young (Allocation Failure)
[2026-06-17T10:06:04.240+0800][45.033s][info][gc,heap        ] GC(1760) PSYoungGen: 7166K(14336K)->3932K(14336K) Eden: 7166K(7168K)->0K(7168K) From: 0K(7168K)->3932K(7168K)
[2026-06-17T10:06:04.241+0800][45.033s][info][gc,heap        ] GC(1760) ParOldGen: 32459K(44032K)->32459K(44032K)
[2026-06-17T10:06:04.241+0800][45.034s][info][gc,metaspace   ] GC(1760) Metaspace: 116K(320K)->116K(320K) NonClass: 109K(192K)->109K(192K) Class: 7K(128K)->7K(128K)
[2026-06-17T10:06:04.241+0800][45.034s][info][gc             ] GC(1760) Pause Young (Allocation Failure) 38M->35M(57M) 1.521ms
[2026-06-17T10:06:04.241+0800][45.034s][info][gc,cpu         ] GC(1760) User=0.00s Sys=0.00s Real=0.00s
[2026-06-17T10:06:04.262+0800][45.055s][info][gc,start       ] GC(1761) Pause Young (Allocation Failure)
[2026-06-17T10:06:04.263+0800][45.056s][info][gc,heap        ] GC(1761) PSYoungGen: 11088K(14336K)->4180K(14848K) Eden: 7156K(7168K)->0K(7680K) From: 3932K(7168K)->4180K(7168K)
[2026-06-17T10:06:04.264+0800][45.057s][info][gc,heap        ] GC(1761) ParOldGen: 32459K(44032K)->32459K(44032K)
[2026-06-17T10:06:04.264+0800][45.057s][info][gc,metaspace   ] GC(1761) Metaspace: 116K(320K)->116K(320K) NonClass: 109K(192K)->109K(192K) Class: 7K(128K)->7K(128K)
[2026-06-17T10:06:04.264+0800][45.057s][info][gc             ] GC(1761) Pause Young (Allocation Failure) 42M->35M(57M) 2.307ms
[2026-06-17T10:06:04.265+0800][45.058s][info][gc,cpu         ] GC(1761) User=0.00s Sys=0.01s Real=0.01s
[2026-06-17T10:06:04.276+0800][45.069s][info][gc,start       ] GC(1762) Pause Young (Allocation Failure)
[2026-06-17T10:06:04.278+0800][45.071s][info][gc,heap        ] GC(1762) PSYoungGen: 11730K(14848K)->4910K(14336K) Eden: 7549K(7680K)->0K(7680K) From: 4180K(7168K)->4910K(6656K)
[2026-06-17T10:06:04.278+0800][45.071s][info][gc,heap        ] GC(1762) ParOldGen: 32459K(44032K)->32459K(44032K)
[2026-06-17T10:06:04.279+0800][45.072s][info][gc,metaspace   ] GC(1762) Metaspace: 116K(320K)->116K(320K) NonClass: 109K(192K)->109K(192K) Class: 7K(128K)->7K(128K)
[2026-06-17T10:06:04.279+0800][45.072s][info][gc             ] GC(1762) Pause Young (Allocation Failure) 43M->36M(57M) 2.870ms
[2026-06-17T10:06:04.280+0800][45.072s][info][gc,cpu         ] GC(1762) User=0.00s Sys=0.00s Real=0.00s
[2026-06-17T10:06:04.301+0800][45.094s][info][gc,start       ] GC(1763) Pause Young (Allocation Failure)
[2026-06-17T10:06:04.304+0800][45.097s][info][gc,heap        ] GC(1763) PSYoungGen: 12542K(14336K)->6632K(13824K) Eden: 7631K(7680K)->0K(7168K) From: 4910K(6656K)->6632K(6656K)
[2026-06-17T10:06:04.304+0800][45.097s][info][gc,heap        ] GC(1763) ParOldGen: 32459K(44032K)->34866K(44032K)
[2026-06-17T10:06:04.305+0800][45.098s][info][gc,metaspace   ] GC(1763) Metaspace: 116K(320K)->116K(320K) NonClass: 109K(192K)->109K(192K) Class: 7K(128K)->7K(128K)
[2026-06-17T10:06:04.306+0800][45.098s][info][gc             ] GC(1763) Pause Young (Allocation Failure) 43M->40M(56M) 4.209ms
[2026-06-17T10:06:04.306+0800][45.099s][info][gc,cpu         ] GC(1763) User=0.00s Sys=0.00s Real=0.01s
[2026-06-17T10:06:04.328+0800][45.121s][info][gc,start       ] GC(1764) Pause Young (Allocation Failure)
[2026-06-17T10:06:04.329+0800][45.122s][info][gc,heap        ] GC(1764) PSYoungGen: 13769K(13824K)->4040K(14336K) Eden: 7136K(7168K)->0K(7168K) From: 6632K(6656K)->4040K(7168K)
[2026-06-17T10:06:04.330+0800][45.123s][info][gc,heap        ] GC(1764) ParOldGen: 34866K(44032K)->37061K(44032K)
[2026-06-17T10:06:04.330+0800][45.123s][info][gc,metaspace   ] GC(1764) Metaspace: 116K(320K)->116K(320K) NonClass: 109K(192K)->109K(192K) Class: 7K(128K)->7K(128K)
[2026-06-17T10:06:04.331+0800][45.124s][info][gc             ] GC(1764) Pause Young (Allocation Failure) 47M->40M(57M) 2.852ms
[2026-06-17T10:06:04.331+0800][45.124s][info][gc,cpu         ] GC(1764) User=0.00s Sys=0.00s Real=0.01s
[2026-06-17T10:06:04.354+0800][45.147s][info][gc,start       ] GC(1765) Pause Young (Allocation Failure)
[2026-06-17T10:06:04.355+0800][45.148s][info][gc,heap        ] GC(1765) PSYoungGen: 11205K(14336K)->3545K(14336K) Eden: 7165K(7168K)->0K(7168K) From: 4040K(7168K)->3545K(7168K)
[2026-06-17T10:06:04.356+0800][45.149s][info][gc,heap        ] GC(1765) ParOldGen: 37061K(44032K)->37323K(44032K)
[2026-06-17T10:06:04.356+0800][45.149s][info][gc,metaspace   ] GC(1765) Metaspace: 116K(320K)->116K(320K) NonClass: 109K(192K)->109K(192K) Class: 7K(128K)->7K(128K)
[2026-06-17T10:06:04.357+0800][45.150s][info][gc             ] GC(1765) Pause Young (Allocation Failure) 47M->39M(57M) 3.241ms
[2026-06-17T10:06:04.358+0800][45.151s][info][gc,cpu         ] GC(1765) User=0.00s Sys=0.00s Real=0.00s
[2026-06-17T10:06:04.370+0800][45.163s][info][gc,start       ] GC(1766) Pause Young (Allocation Failure)
[2026-06-17T10:06:04.372+0800][45.164s][info][gc,heap        ] GC(1766) PSYoungGen: 10706K(14336K)->6950K(14336K) Eden: 7161K(7168K)->0K(7168K) From: 3545K(7168K)->6950K(7168K)
[2026-06-17T10:06:04.372+0800][45.165s][info][gc,heap        ] GC(1766) ParOldGen: 37323K(44032K)->37614K(44032K)
[2026-06-17T10:06:04.373+0800][45.165s][info][gc,metaspace   ] GC(1766) Metaspace: 116K(320K)->116K(320K) NonClass: 109K(192K)->109K(192K) Class: 7K(128K)->7K(128K)
[2026-06-17T10:06:04.373+0800][45.166s][info][gc             ] GC(1766) Pause Young (Allocation Failure) 46M->43M(57M) 3.220ms
[2026-06-17T10:06:04.373+0800][45.166s][info][gc,cpu         ] GC(1766) User=0.00s Sys=0.00s Real=0.01s
[2026-06-17T10:06:04.395+0800][45.188s][info][gc,start       ] GC(1767) Pause Young (Allocation Failure)
[2026-06-17T10:06:04.397+0800][45.190s][info][gc,heap        ] GC(1767) PSYoungGen: 14113K(14336K)->4470K(14336K) Eden: 7162K(7168K)->0K(7168K) From: 6950K(7168K)->4470K(7168K)
[2026-06-17T10:06:04.398+0800][45.191s][info][gc,heap        ] GC(1767) ParOldGen: 37614K(44032K)->40632K(44032K)
[2026-06-17T10:06:04.399+0800][45.191s][info][gc,metaspace   ] GC(1767) Metaspace: 116K(320K)->116K(320K) NonClass: 109K(192K)->109K(192K) Class: 7K(128K)->7K(128K)
[2026-06-17T10:06:04.399+0800][45.192s][info][gc             ] GC(1767) Pause Young (Allocation Failure) 50M->44M(57M) 4.186ms
[2026-06-17T10:06:04.400+0800][45.192s][info][gc,cpu         ] GC(1767) User=0.00s Sys=0.00s Real=0.00s
[2026-06-17T10:06:04.422+0800][45.215s][info][gc,start       ] GC(1768) Pause Full (Allocation Failure)
[2026-06-17T10:06:04.423+0800][45.216s][info][gc,phases,start] GC(1768) Marking Phase
[2026-06-17T10:06:04.426+0800][45.219s][info][gc,phases      ] GC(1768) Marking Phase 3.552ms
[2026-06-17T10:06:04.427+0800][45.220s][info][gc,phases,start] GC(1768) Summary Phase
[2026-06-17T10:06:04.428+0800][45.221s][info][gc,phases      ] GC(1768) Summary Phase 0.594ms
[2026-06-17T10:06:04.428+0800][45.221s][info][gc,phases,start] GC(1768) Forward
[2026-06-17T10:06:04.429+0800][45.222s][info][gc,phases      ] GC(1768) Forward 0.766ms
[2026-06-17T10:06:04.430+0800][45.223s][info][gc,phases,start] GC(1768) Adjust Pointers
[2026-06-17T10:06:04.431+0800][45.224s][info][gc,phases      ] GC(1768) Adjust Pointers 1.580ms
[2026-06-17T10:06:04.432+0800][45.225s][info][gc,phases,start] GC(1768) Compaction Phase
[2026-06-17T10:06:04.435+0800][45.227s][info][gc,phases      ] GC(1768) Compaction Phase 2.755ms
[2026-06-17T10:06:04.435+0800][45.228s][info][gc,phases,start] GC(1768) Post Compact
[2026-06-17T10:06:04.436+0800][45.229s][info][gc,phases      ] GC(1768) Post Compact 0.568ms
[2026-06-17T10:06:04.436+0800][45.229s][info][gc,heap        ] GC(1768) PSYoungGen: 11622K(14336K)->0K(14336K) Eden: 7151K(7168K)->0K(7168K) From: 4470K(7168K)->0K(7168K)
[2026-06-17T10:06:04.437+0800][45.229s][info][gc,heap        ] GC(1768) ParOldGen: 40632K(44032K)->27061K(44032K)
[2026-06-17T10:06:04.437+0800][45.230s][info][gc,metaspace   ] GC(1768) Metaspace: 116K(320K)->116K(320K) NonClass: 109K(192K)->109K(192K) Class: 7K(128K)->7K(128K)
[2026-06-17T10:06:04.438+0800][45.230s][info][gc             ] GC(1768) Pause Full (Allocation Failure) 51M->26M(57M) 15.749ms
[2026-06-17T10:06:04.438+0800][45.231s][info][gc,cpu         ] GC(1768) User=0.01s Sys=0.00s Real=0.02s
[2026-06-17T10:06:04.450+0800][45.243s][info][gc,start       ] GC(1769) Pause Young (Allocation Failure)
[2026-06-17T10:06:04.451+0800][45.244s][info][gc,heap        ] GC(1769) PSYoungGen: 6926K(14336K)->3326K(14336K) Eden: 6926K(7168K)->0K(7168K) From: 0K(7168K)->3326K(7168K)
[2026-06-17T10:06:04.452+0800][45.245s][info][gc,heap        ] GC(1769) ParOldGen: 27061K(44032K)->27061K(44032K)
[2026-06-17T10:06:04.452+0800][45.245s][info][gc,metaspace   ] GC(1769) Metaspace: 116K(320K)->116K(320K) NonClass: 109K(192K)->109K(192K) Class: 7K(128K)->7K(128K)
[2026-06-17T10:06:04.453+0800][45.245s][info][gc             ] GC(1769) Pause Young (Allocation Failure) 33M->29M(57M) 2.819ms
[2026-06-17T10:06:04.453+0800][45.246s][info][gc,cpu         ] GC(1769) User=0.00s Sys=0.00s Real=0.01s
[2026-06-17T10:06:04.475+0800][45.268s][info][gc,start       ] GC(1770) Pause Young (Allocation Failure)
[2026-06-17T10:06:04.477+0800][45.270s][info][gc,heap        ] GC(1770) PSYoungGen: 10447K(14336K)->3749K(14336K) Eden: 7120K(7168K)->0K(7168K) From: 3326K(7168K)->3749K(7168K)
[2026-06-17T10:06:04.478+0800][45.270s][info][gc,heap        ] GC(1770) ParOldGen: 27061K(44032K)->30330K(44032K)
[2026-06-17T10:06:04.478+0800][45.271s][info][gc,metaspace   ] GC(1770) Metaspace: 116K(320K)->116K(320K) NonClass: 109K(192K)->109K(192K) Class: 7K(128K)->7K(128K)
[2026-06-17T10:06:04.479+0800][45.271s][info][gc             ] GC(1770) Pause Young (Allocation Failure) 36M->33M(57M) 3.450ms
[2026-06-17T10:06:04.479+0800][45.272s][info][gc,cpu         ] GC(1770) User=0.01s Sys=0.00s Real=0.00s
[2026-06-17T10:06:04.501+0800][45.294s][info][gc,start       ] GC(1771) Pause Young (Allocation Failure)
[2026-06-17T10:06:04.503+0800][45.295s][info][gc,heap        ] GC(1771) PSYoungGen: 10888K(14336K)->2977K(14336K) Eden: 7139K(7168K)->0K(7168K) From: 3749K(7168K)->2977K(7168K)
[2026-06-17T10:06:04.503+0800][45.296s][info][gc,heap        ] GC(1771) ParOldGen: 30330K(44032K)->31257K(44032K)
[2026-06-17T10:06:04.504+0800][45.297s][info][gc,metaspace   ] GC(1771) Metaspace: 116K(320K)->116K(320K) NonClass: 109K(192K)->109K(192K) Class: 7K(128K)->7K(128K)
[2026-06-17T10:06:04.505+0800][45.298s][info][gc             ] GC(1771) Pause Young (Allocation Failure) 40M->33M(57M) 3.788ms
[2026-06-17T10:06:04.505+0800][45.298s][info][gc,cpu         ] GC(1771) User=0.00s Sys=0.00s Real=0.01s
[2026-06-17T10:06:04.516+0800][45.309s][info][gc,start       ] GC(1772) Pause Young (Allocation Failure)
[2026-06-17T10:06:04.518+0800][45.310s][info][gc,heap        ] GC(1772) PSYoungGen: 9054K(14336K)->1849K(14336K) Eden: 6077K(7168K)->0K(7168K) From: 2977K(7168K)->1849K(7168K)
[2026-06-17T10:06:04.518+0800][45.311s][info][gc,heap        ] GC(1772) ParOldGen: 31257K(44032K)->31257K(44032K)
[2026-06-17T10:06:04.519+0800][45.311s][info][gc,metaspace   ] GC(1772) Metaspace: 116K(320K)->116K(320K) NonClass: 109K(192K)->109K(192K) Class: 7K(128K)->7K(128K)
[2026-06-17T10:06:04.519+0800][45.312s][info][gc             ] GC(1772) Pause Young (Allocation Failure) 39M->32M(57M) 2.642ms
[2026-06-17T10:06:04.519+0800][45.312s][info][gc,cpu         ] GC(1772) User=0.00s Sys=0.00s Real=0.00s
[2026-06-17T10:06:04.541+0800][45.334s][info][gc,start       ] GC(1773) Pause Young (Allocation Failure)
[2026-06-17T10:06:04.543+0800][45.335s][info][gc,heap        ] GC(1773) PSYoungGen: 9006K(14336K)->3533K(14336K) Eden: 7157K(7168K)->0K(7168K) From: 1849K(7168K)->3533K(7168K)
[2026-06-17T10:06:04.543+0800][45.336s][info][gc,heap        ] GC(1773) ParOldGen: 31257K(44032K)->33083K(44032K)
[2026-06-17T10:06:04.544+0800][45.336s][info][gc,metaspace   ] GC(1773) Metaspace: 116K(320K)->116K(320K) NonClass: 109K(192K)->109K(192K) Class: 7K(128K)->7K(128K)
[2026-06-17T10:06:04.544+0800][45.337s][info][gc             ] GC(1773) Pause Young (Allocation Failure) 39M->35M(57M) 2.811ms
[2026-06-17T10:06:04.544+0800][45.337s][info][gc,cpu         ] GC(1773) User=0.00s Sys=0.01s Real=0.01s
[2026-06-17T10:06:04.566+0800][45.359s][info][gc,start       ] GC(1774) Pause Young (Allocation Failure)
[2026-06-17T10:06:04.568+0800][45.361s][info][gc,heap        ] GC(1774) PSYoungGen: 10648K(14336K)->3309K(14336K) Eden: 7114K(7168K)->0K(7168K) From: 3533K(7168K)->3309K(7168K)
[2026-06-17T10:06:04.568+0800][45.361s][info][gc,heap        ] GC(1774) ParOldGen: 33083K(44032K)->33083K(44032K)
[2026-06-17T10:06:04.569+0800][45.362s][info][gc,metaspace   ] GC(1774) Metaspace: 116K(320K)->116K(320K) NonClass: 109K(192K)->109K(192K) Class: 7K(128K)->7K(128K)
[2026-06-17T10:06:04.570+0800][45.362s][info][gc             ] GC(1774) Pause Young (Allocation Failure) 42M->35M(57M) 3.687ms
[2026-06-17T10:06:04.570+0800][45.363s][info][gc,cpu         ] GC(1774) User=0.00s Sys=0.00s Real=0.00s
[2026-06-17T10:06:04.582+0800][45.375s][info][gc,start       ] GC(1775) Pause Young (Allocation Failure)
[2026-06-17T10:06:04.588+0800][45.380s][info][gc,heap        ] GC(1775) PSYoungGen: 10460K(14336K)->6981K(14336K) Eden: 7151K(7168K)->0K(7168K) From: 3309K(7168K)->6981K(7168K)
[2026-06-17T10:06:04.588+0800][45.381s][info][gc,heap        ] GC(1775) ParOldGen: 33083K(44032K)->33083K(44032K)
[2026-06-17T10:06:04.589+0800][45.382s][info][gc,metaspace   ] GC(1775) Metaspace: 116K(320K)->116K(320K) NonClass: 109K(192K)->109K(192K) Class: 7K(128K)->7K(128K)
[2026-06-17T10:06:04.591+0800][45.383s][info][gc             ] GC(1775) Pause Young (Allocation Failure) 42M->39M(57M) 8.362ms
[2026-06-17T10:06:04.592+0800][45.385s][info][gc,cpu         ] GC(1775) User=0.00s Sys=0.00s Real=0.02s
[2026-06-17T10:06:04.614+0800][45.407s][info][gc,start       ] GC(1776) Pause Young (Allocation Failure)
[2026-06-17T10:06:04.617+0800][45.409s][info][gc,heap        ] GC(1776) PSYoungGen: 14144K(14336K)->3920K(14336K) Eden: 7163K(7168K)->0K(7168K) From: 6981K(7168K)->3920K(7168K)
[2026-06-17T10:06:04.619+0800][45.411s][info][gc,heap        ] GC(1776) ParOldGen: 33083K(44032K)->36248K(44032K)
[2026-06-17T10:06:04.619+0800][45.412s][info][gc,metaspace   ] GC(1776) Metaspace: 116K(320K)->116K(320K) NonClass: 109K(192K)->109K(192K) Class: 7K(128K)->7K(128K)
[2026-06-17T10:06:04.621+0800][45.414s][info][gc             ] GC(1776) Pause Young (Allocation Failure) 46M->39M(57M) 6.516ms
[2026-06-17T10:06:04.623+0800][45.416s][info][gc,cpu         ] GC(1776) User=0.00s Sys=0.00s Real=0.01s
[2026-06-17T10:06:04.646+0800][45.439s][info][gc,start       ] GC(1777) Pause Young (Allocation Failure)
[2026-06-17T10:06:04.649+0800][45.441s][info][gc,heap        ] GC(1777) PSYoungGen: 11087K(14336K)->2301K(14336K) Eden: 7166K(7168K)->0K(7168K) From: 3920K(7168K)->2301K(7168K)
[2026-06-17T10:06:04.650+0800][45.442s][info][gc,heap        ] GC(1777) ParOldGen: 36248K(44032K)->37947K(44032K)
[2026-06-17T10:06:04.651+0800][45.443s][info][gc,metaspace   ] GC(1777) Metaspace: 116K(320K)->116K(320K) NonClass: 109K(192K)->109K(192K) Class: 7K(128K)->7K(128K)
[2026-06-17T10:06:04.652+0800][45.445s][info][gc             ] GC(1777) Pause Young (Allocation Failure) 46M->39M(57M) 5.603ms
[2026-06-17T10:06:04.653+0800][45.446s][info][gc,cpu         ] GC(1777) User=0.00s Sys=0.00s Real=0.01s
[2026-06-17T10:06:04.666+0800][45.458s][info][gc,start       ] GC(1778) Pause Young (Allocation Failure)
[2026-06-17T10:06:04.671+0800][45.463s][info][gc,heap        ] GC(1778) PSYoungGen: 9292K(14336K)->2855K(14336K) Eden: 6991K(7168K)->0K(7168K) From: 2301K(7168K)->2855K(7168K)
[2026-06-17T10:06:04.672+0800][45.465s][info][gc,heap        ] GC(1778) ParOldGen: 37947K(44032K)->37947K(44032K)
[2026-06-17T10:06:04.674+0800][45.467s][info][gc,metaspace   ] GC(1778) Metaspace: 116K(320K)->116K(320K) NonClass: 109K(192K)->109K(192K) Class: 7K(128K)->7K(128K)
[2026-06-17T10:06:04.679+0800][45.472s][info][gc             ] GC(1778) Pause Young (Allocation Failure) 46M->39M(57M) 13.591ms
[2026-06-17T10:06:04.683+0800][45.475s][info][gc,cpu         ] GC(1778) User=0.00s Sys=0.00s Real=0.02s
[2026-06-17T10:06:04.706+0800][45.498s][info][gc,start       ] GC(1779) Pause Young (Allocation Failure)
[2026-06-17T10:06:04.709+0800][45.502s][info][gc,heap        ] GC(1779) PSYoungGen: 10023K(14336K)->3859K(14336K) Eden: 7168K(7168K)->0K(7168K) From: 2855K(7168K)->3859K(7168K)
[2026-06-17T10:06:04.710+0800][45.503s][info][gc,heap        ] GC(1779) ParOldGen: 37947K(44032K)->40746K(44032K)
[2026-06-17T10:06:04.711+0800][45.504s][info][gc,metaspace   ] GC(1779) Metaspace: 116K(320K)->116K(320K) NonClass: 109K(192K)->109K(192K) Class: 7K(128K)->7K(128K)
[2026-06-17T10:06:04.713+0800][45.505s][info][gc             ] GC(1779) Pause Young (Allocation Failure) 46M->43M(57M) 6.888ms
[2026-06-17T10:06:04.714+0800][45.507s][info][gc,cpu         ] GC(1779) User=0.00s Sys=0.00s Real=0.01s
[2026-06-17T10:06:04.737+0800][45.530s][info][gc,start       ] GC(1780) Pause Full (Allocation Failure)
[2026-06-17T10:06:04.738+0800][45.531s][info][gc,phases,start] GC(1780) Marking Phase
[2026-06-17T10:06:04.739+0800][45.532s][info][gc,phases      ] GC(1780) Marking Phase 1.611ms
[2026-06-17T10:06:04.741+0800][45.533s][info][gc,phases,start] GC(1780) Summary Phase
[2026-06-17T10:06:04.741+0800][45.534s][info][gc,phases      ] GC(1780) Summary Phase 0.511ms
[2026-06-17T10:06:04.742+0800][45.535s][info][gc,phases,start] GC(1780) Forward
[2026-06-17T10:06:04.742+0800][45.535s][info][gc,phases      ] GC(1780) Forward 0.675ms
[2026-06-17T10:06:04.743+0800][45.536s][info][gc,phases,start] GC(1780) Adjust Pointers
[2026-06-17T10:06:04.744+0800][45.537s][info][gc,phases      ] GC(1780) Adjust Pointers 0.949ms
[2026-06-17T10:06:04.744+0800][45.537s][info][gc,phases,start] GC(1780) Compaction Phase
[2026-06-17T10:06:04.746+0800][45.539s][info][gc,phases      ] GC(1780) Compaction Phase 1.587ms
[2026-06-17T10:06:04.746+0800][45.539s][info][gc,phases,start] GC(1780) Post Compact
[2026-06-17T10:06:04.747+0800][45.539s][info][gc,phases      ] GC(1780) Post Compact 0.379ms
[2026-06-17T10:06:04.747+0800][45.540s][info][gc,heap        ] GC(1780) PSYoungGen: 11023K(14336K)->0K(14336K) Eden: 7164K(7168K)->0K(7168K) From: 3859K(7168K)->0K(7168K)
[2026-06-17T10:06:04.747+0800][45.540s][info][gc,heap        ] GC(1780) ParOldGen: 40746K(44032K)->23415K(44032K)
[2026-06-17T10:06:04.747+0800][45.540s][info][gc,metaspace   ] GC(1780) Metaspace: 117K(320K)->117K(320K) NonClass: 110K(192K)->110K(192K) Class: 7K(128K)->7K(128K)
[2026-06-17T10:06:04.748+0800][45.541s][info][gc             ] GC(1780) Pause Full (Allocation Failure) 50M->22M(57M) 10.438ms
[2026-06-17T10:06:04.748+0800][45.541s][info][gc,cpu         ] GC(1780) User=0.00s Sys=0.00s Real=0.01s
[2026-06-17T10:06:04.770+0800][45.563s][info][gc,start       ] GC(1781) Pause Young (Allocation Failure)
[2026-06-17T10:06:04.771+0800][45.564s][info][gc,heap        ] GC(1781) PSYoungGen: 7168K(14336K)->3694K(14848K) Eden: 7168K(7168K)->0K(7680K) From: 0K(7168K)->3694K(7168K)
[2026-06-17T10:06:04.772+0800][45.564s][info][gc,heap        ] GC(1781) ParOldGen: 23415K(44032K)->23415K(44032K)
[2026-06-17T10:06:04.772+0800][45.565s][info][gc,metaspace   ] GC(1781) Metaspace: 117K(320K)->117K(320K) NonClass: 110K(192K)->110K(192K) Class: 7K(128K)->7K(128K)
[2026-06-17T10:06:04.773+0800][45.566s][info][gc             ] GC(1781) Pause Young (Allocation Failure) 29M->26M(57M) 3.088ms
[2026-06-17T10:06:04.774+0800][45.566s][info][gc,cpu         ] GC(1781) User=0.00s Sys=0.00s Real=0.01s
[2026-06-17T10:06:04.785+0800][45.578s][info][gc,start       ] GC(1782) Pause Young (Allocation Failure)
[2026-06-17T10:06:04.787+0800][45.579s][info][gc,heap        ] GC(1782) PSYoungGen: 10600K(14848K)->3635K(14336K) Eden: 6906K(7680K)->0K(7680K) From: 3694K(7168K)->3635K(6656K)
[2026-06-17T10:06:04.787+0800][45.580s][info][gc,heap        ] GC(1782) ParOldGen: 23415K(44032K)->23415K(44032K)
[2026-06-17T10:06:04.788+0800][45.581s][info][gc,metaspace   ] GC(1782) Metaspace: 117K(320K)->117K(320K) NonClass: 110K(192K)->110K(192K) Class: 7K(128K)->7K(128K)
[2026-06-17T10:06:04.789+0800][45.582s][info][gc             ] GC(1782) Pause Young (Allocation Failure) 33M->26M(57M) 4.248ms
[2026-06-17T10:06:04.790+0800][45.583s][info][gc,cpu         ] GC(1782) User=0.00s Sys=0.00s Real=0.00s
[2026-06-17T10:06:04.812+0800][45.605s][info][gc,start       ] GC(1783) Pause Young (Allocation Failure)
[2026-06-17T10:06:04.816+0800][45.609s][info][gc,heap        ] GC(1783) PSYoungGen: 11315K(14336K)->6555K(13824K) Eden: 7680K(7680K)->0K(7168K) From: 3635K(6656K)->6555K(6656K)
[2026-06-17T10:06:04.822+0800][45.615s][info][gc,heap        ] GC(1783) ParOldGen: 23415K(44032K)->24604K(44032K)
[2026-06-17T10:06:04.823+0800][45.616s][info][gc,metaspace   ] GC(1783) Metaspace: 117K(320K)->117K(320K) NonClass: 110K(192K)->110K(192K) Class: 7K(128K)->7K(128K)
[2026-06-17T10:06:04.827+0800][45.620s][info][gc             ] GC(1783) Pause Young (Allocation Failure) 33M->30M(56M) 15.470ms
[2026-06-17T10:06:04.831+0800][45.624s][info][gc,cpu         ] GC(1783) User=0.00s Sys=0.00s Real=0.02s
[2026-06-17T10:06:04.854+0800][45.647s][info][gc,start       ] GC(1784) Pause Young (Allocation Failure)
[2026-06-17T10:06:04.856+0800][45.649s][info][gc,heap        ] GC(1784) PSYoungGen: 13695K(13824K)->6653K(14336K) Eden: 7139K(7168K)->0K(7168K) From: 6555K(6656K)->6653K(7168K)
[2026-06-17T10:06:04.857+0800][45.650s][info][gc,heap        ] GC(1784) ParOldGen: 24604K(44032K)->24604K(44032K)
[2026-06-17T10:06:04.858+0800][45.651s][info][gc,metaspace   ] GC(1784) Metaspace: 117K(320K)->117K(320K) NonClass: 110K(192K)->110K(192K) Class: 7K(128K)->7K(128K)
[2026-06-17T10:06:04.859+0800][45.651s][info][gc             ] GC(1784) Pause Young (Allocation Failure) 37M->30M(57M) 4.588ms
[2026-06-17T10:06:04.859+0800][45.652s][info][gc,cpu         ] GC(1784) User=0.00s Sys=0.00s Real=0.00s
[2026-06-17T10:06:04.872+0800][45.664s][info][gc,start       ] GC(1785) Pause Young (Allocation Failure)
[2026-06-17T10:06:04.874+0800][45.667s][info][gc,heap        ] GC(1785) PSYoungGen: 13740K(14336K)->4834K(14336K) Eden: 7087K(7168K)->0K(7168K) From: 6653K(7168K)->4834K(7168K)
[2026-06-17T10:06:04.876+0800][45.669s][info][gc,heap        ] GC(1785) ParOldGen: 24604K(44032K)->26354K(44032K)
[2026-06-17T10:06:04.877+0800][45.669s][info][gc,metaspace   ] GC(1785) Metaspace: 117K(320K)->117K(320K) NonClass: 110K(192K)->110K(192K) Class: 7K(128K)->7K(128K)
[2026-06-17T10:06:04.877+0800][45.670s][info][gc             ] GC(1785) Pause Young (Allocation Failure) 37M->30M(57M) 5.787ms
[2026-06-17T10:06:04.878+0800][45.671s][info][gc,cpu         ] GC(1785) User=0.00s Sys=0.00s Real=0.00s
[2026-06-17T10:06:04.900+0800][45.693s][info][gc,start       ] GC(1786) Pause Young (Allocation Failure)
[2026-06-17T10:06:04.902+0800][45.695s][info][gc,heap        ] GC(1786) PSYoungGen: 12002K(14336K)->6391K(14336K) Eden: 7168K(7168K)->0K(7168K) From: 4834K(7168K)->6391K(7168K)
[2026-06-17T10:06:04.903+0800][45.696s][info][gc,heap        ] GC(1786) ParOldGen: 26354K(44032K)->28358K(44032K)
[2026-06-17T10:06:04.903+0800][45.696s][info][gc,metaspace   ] GC(1786) Metaspace: 117K(320K)->117K(320K) NonClass: 110K(192K)->110K(192K) Class: 7K(128K)->7K(128K)
[2026-06-17T10:06:04.904+0800][45.697s][info][gc             ] GC(1786) Pause Young (Allocation Failure) 37M->33M(57M) 3.804ms
[2026-06-17T10:06:04.904+0800][45.697s][info][gc,cpu         ] GC(1786) User=0.01s Sys=0.00s Real=0.01s
[2026-06-17T10:06:04.926+0800][45.719s][info][gc,start       ] GC(1787) Pause Young (Allocation Failure)
[2026-06-17T10:06:04.927+0800][45.720s][info][gc,heap        ] GC(1787) PSYoungGen: 13512K(14336K)->3404K(14336K) Eden: 7121K(7168K)->0K(7168K) From: 6391K(7168K)->3404K(7168K)
[2026-06-17T10:06:04.928+0800][45.721s][info][gc,heap        ] GC(1787) ParOldGen: 28358K(44032K)->31172K(44032K)
[2026-06-17T10:06:04.929+0800][45.721s][info][gc,metaspace   ] GC(1787) Metaspace: 117K(320K)->117K(320K) NonClass: 110K(192K)->110K(192K) Class: 7K(128K)->7K(128K)
[2026-06-17T10:06:04.929+0800][45.722s][info][gc             ] GC(1787) Pause Young (Allocation Failure) 40M->33M(57M) 2.996ms
[2026-06-17T10:06:04.929+0800][45.722s][info][gc,cpu         ] GC(1787) User=0.00s Sys=0.00s Real=0.00s
[2026-06-17T10:06:04.941+0800][45.734s][info][gc,start       ] GC(1788) Pause Young (Allocation Failure)
[2026-06-17T10:06:04.943+0800][45.735s][info][gc,heap        ] GC(1788) PSYoungGen: 10572K(14336K)->3329K(14336K) Eden: 7168K(7168K)->0K(7168K) From: 3404K(7168K)->3329K(7168K)
[2026-06-17T10:06:04.943+0800][45.736s][info][gc,heap        ] GC(1788) ParOldGen: 31172K(44032K)->34416K(44032K)
[2026-06-17T10:06:04.944+0800][45.737s][info][gc,metaspace   ] GC(1788) Metaspace: 117K(320K)->117K(320K) NonClass: 110K(192K)->110K(192K) Class: 7K(128K)->7K(128K)
[2026-06-17T10:06:04.944+0800][45.737s][info][gc             ] GC(1788) Pause Young (Allocation Failure) 40M->36M(57M) 3.383ms
[2026-06-17T10:06:04.945+0800][45.738s][info][gc,cpu         ] GC(1788) User=0.00s Sys=0.00s Real=0.01s
[2026-06-17T10:06:04.967+0800][45.760s][info][gc,start       ] GC(1789) Pause Young (Allocation Failure)
[2026-06-17T10:06:04.968+0800][45.761s][info][gc,heap        ] GC(1789) PSYoungGen: 10469K(14336K)->3480K(14336K) Eden: 7139K(7168K)->0K(7168K) From: 3329K(7168K)->3480K(7168K)
[2026-06-17T10:06:04.969+0800][45.761s][info][gc,heap        ] GC(1789) ParOldGen: 34416K(44032K)->34416K(44032K)
[2026-06-17T10:06:04.969+0800][45.762s][info][gc,metaspace   ] GC(1789) Metaspace: 117K(320K)->117K(320K) NonClass: 110K(192K)->110K(192K) Class: 7K(128K)->7K(128K)
[2026-06-17T10:06:04.969+0800][45.762s][info][gc             ] GC(1789) Pause Young (Allocation Failure) 43M->37M(57M) 2.085ms
[2026-06-17T10:06:04.969+0800][45.762s][info][gc,cpu         ] GC(1789) User=0.00s Sys=0.00s Real=0.00s
[2026-06-17T10:06:04.991+0800][45.784s][info][gc,start       ] GC(1790) Pause Young (Allocation Failure)
[2026-06-17T10:06:04.994+0800][45.786s][info][gc,heap        ] GC(1790) PSYoungGen: 10609K(14336K)->1264K(14336K) Eden: 7128K(7168K)->0K(7168K) From: 3480K(7168K)->1264K(7168K)
[2026-06-17T10:06:04.995+0800][45.787s][info][gc,heap        ] GC(1790) ParOldGen: 34416K(44032K)->36696K(44032K)
[2026-06-17T10:06:04.995+0800][45.788s][info][gc,metaspace   ] GC(1790) Metaspace: 117K(320K)->117K(320K) NonClass: 110K(192K)->110K(192K) Class: 7K(128K)->7K(128K)
[2026-06-17T10:06:04.996+0800][45.789s][info][gc             ] GC(1790) Pause Young (Allocation Failure) 43M->37M(57M) 4.590ms
[2026-06-17T10:06:04.996+0800][45.789s][info][gc,cpu         ] GC(1790) User=0.01s Sys=0.00s Real=0.00s
[2026-06-17T10:06:05.008+0800][45.801s][info][gc,start       ] GC(1791) Pause Young (Allocation Failure)
[2026-06-17T10:06:05.010+0800][45.803s][info][gc,heap        ] GC(1791) PSYoungGen: 8422K(14336K)->4932K(14336K) Eden: 7157K(7168K)->0K(7168K) From: 1264K(7168K)->4932K(7168K)
[2026-06-17T10:06:05.011+0800][45.803s][info][gc,heap        ] GC(1791) ParOldGen: 36696K(44032K)->36696K(44032K)
[2026-06-17T10:06:05.011+0800][45.804s][info][gc,metaspace   ] GC(1791) Metaspace: 117K(320K)->117K(320K) NonClass: 110K(192K)->110K(192K) Class: 7K(128K)->7K(128K)
[2026-06-17T10:06:05.012+0800][45.805s][info][gc             ] GC(1791) Pause Young (Allocation Failure) 44M->40M(57M) 3.534ms
[2026-06-17T10:06:05.012+0800][45.805s][info][gc,cpu         ] GC(1791) User=0.00s Sys=0.00s Real=0.01s
[2026-06-17T10:06:05.035+0800][45.827s][info][gc,start       ] GC(1792) Pause Young (Allocation Failure)
[2026-06-17T10:06:05.039+0800][45.831s][info][gc,heap        ] GC(1792) PSYoungGen: 12100K(14336K)->3351K(14336K) Eden: 7168K(7168K)->0K(7168K) From: 4932K(7168K)->3351K(7168K)
[2026-06-17T10:06:05.039+0800][45.832s][info][gc,heap        ] GC(1792) ParOldGen: 36696K(44032K)->38861K(44032K)
[2026-06-17T10:06:05.040+0800][45.833s][info][gc,metaspace   ] GC(1792) Metaspace: 117K(320K)->117K(320K) NonClass: 110K(192K)->110K(192K) Class: 7K(128K)->7K(128K)
[2026-06-17T10:06:05.040+0800][45.833s][info][gc             ] GC(1792) Pause Young (Allocation Failure) 47M->41M(57M) 5.702ms
[2026-06-17T10:06:05.041+0800][45.834s][info][gc,cpu         ] GC(1792) User=0.00s Sys=0.00s Real=0.00s
[2026-06-17T10:06:05.063+0800][45.856s][info][gc,start       ] GC(1793) Pause Young (Allocation Failure)
[2026-06-17T10:06:05.065+0800][45.858s][info][gc,heap        ] GC(1793) PSYoungGen: 10475K(14336K)->3316K(14336K) Eden: 7124K(7168K)->0K(7168K) From: 3351K(7168K)->3316K(7168K)
[2026-06-17T10:06:05.066+0800][45.859s][info][gc,heap        ] GC(1793) ParOldGen: 38861K(44032K)->38861K(44032K)
[2026-06-17T10:06:05.067+0800][45.859s][info][gc,metaspace   ] GC(1793) Metaspace: 117K(320K)->117K(320K) NonClass: 110K(192K)->110K(192K) Class: 7K(128K)->7K(128K)
[2026-06-17T10:06:05.067+0800][45.860s][info][gc             ] GC(1793) Pause Young (Allocation Failure) 48M->41M(57M) 4.047ms
[2026-06-17T10:06:05.068+0800][45.860s][info][gc,cpu         ] GC(1793) User=0.00s Sys=0.00s Real=0.00s
[2026-06-17T10:06:05.079+0800][45.872s][info][gc,start       ] GC(1794) Pause Young (Allocation Failure)
[2026-06-17T10:06:05.082+0800][45.875s][info][gc,heap        ] GC(1794) PSYoungGen: 10417K(14336K)->236K(14336K) Eden: 7100K(7168K)->0K(7168K) From: 3316K(7168K)->236K(7168K)
[2026-06-17T10:06:05.083+0800][45.875s][info][gc,heap        ] GC(1794) ParOldGen: 38861K(44032K)->42013K(44032K)
[2026-06-17T10:06:05.083+0800][45.876s][info][gc,metaspace   ] GC(1794) Metaspace: 117K(320K)->117K(320K) NonClass: 110K(192K)->110K(192K) Class: 7K(128K)->7K(128K)
[2026-06-17T10:06:05.084+0800][45.877s][info][gc             ] GC(1794) Pause Young (Allocation Failure) 48M->41M(57M) 4.590ms
[2026-06-17T10:06:05.084+0800][45.877s][info][gc,cpu         ] GC(1794) User=0.00s Sys=0.00s Real=0.01s
[2026-06-17T10:06:05.107+0800][45.900s][info][gc,start       ] GC(1795) Pause Full (Allocation Failure)
[2026-06-17T10:06:05.108+0800][45.901s][info][gc,phases,start] GC(1795) Marking Phase
[2026-06-17T10:06:05.111+0800][45.904s][info][gc,phases      ] GC(1795) Marking Phase 3.271ms
[2026-06-17T10:06:05.112+0800][45.905s][info][gc,phases,start] GC(1795) Summary Phase
[2026-06-17T10:06:05.112+0800][45.905s][info][gc,phases      ] GC(1795) Summary Phase 0.662ms
[2026-06-17T10:06:05.113+0800][45.906s][info][gc,phases,start] GC(1795) Forward
[2026-06-17T10:06:05.114+0800][45.907s][info][gc,phases      ] GC(1795) Forward 0.712ms
[2026-06-17T10:06:05.114+0800][45.907s][info][gc,phases,start] GC(1795) Adjust Pointers
[2026-06-17T10:06:05.116+0800][45.909s][info][gc,phases      ] GC(1795) Adjust Pointers 1.529ms
[2026-06-17T10:06:05.116+0800][45.909s][info][gc,phases,start] GC(1795) Compaction Phase
[2026-06-17T10:06:05.119+0800][45.912s][info][gc,phases      ] GC(1795) Compaction Phase 2.755ms
[2026-06-17T10:06:05.120+0800][45.912s][info][gc,phases,start] GC(1795) Post Compact
[2026-06-17T10:06:05.120+0800][45.913s][info][gc,phases      ] GC(1795) Post Compact 0.502ms
[2026-06-17T10:06:05.121+0800][45.913s][info][gc,heap        ] GC(1795) PSYoungGen: 7397K(14336K)->0K(14336K) Eden: 7161K(7168K)->0K(7168K) From: 236K(7168K)->0K(7168K)
[2026-06-17T10:06:05.121+0800][45.914s][info][gc,heap        ] GC(1795) ParOldGen: 42013K(44032K)->33524K(44032K)
[2026-06-17T10:06:05.122+0800][45.914s][info][gc,metaspace   ] GC(1795) Metaspace: 117K(320K)->117K(320K) NonClass: 110K(192K)->110K(192K) Class: 7K(128K)->7K(128K)
[2026-06-17T10:06:05.122+0800][45.915s][info][gc             ] GC(1795) Pause Full (Allocation Failure) 48M->32M(57M) 15.109ms
[2026-06-17T10:06:05.122+0800][45.915s][info][gc,cpu         ] GC(1795) User=0.01s Sys=0.00s Real=0.01s
[2026-06-17T10:06:05.133+0800][45.926s][info][gc,start       ] GC(1796) Pause Young (Allocation Failure)
[2026-06-17T10:06:05.135+0800][45.927s][info][gc,heap        ] GC(1796) PSYoungGen: 7052K(14336K)->3367K(14336K) Eden: 7052K(7168K)->0K(7168K) From: 0K(7168K)->3367K(7168K)
[2026-06-17T10:06:05.135+0800][45.928s][info][gc,heap        ] GC(1796) ParOldGen: 33524K(44032K)->33524K(44032K)
[2026-06-17T10:06:05.135+0800][45.928s][info][gc,metaspace   ] GC(1796) Metaspace: 117K(320K)->117K(320K) NonClass: 110K(192K)->110K(192K) Class: 7K(128K)->7K(128K)
[2026-06-17T10:06:05.136+0800][45.929s][info][gc             ] GC(1796) Pause Young (Allocation Failure) 39M->36M(57M) 2.315ms
[2026-06-17T10:06:05.136+0800][45.929s][info][gc,cpu         ] GC(1796) User=0.00s Sys=0.00s Real=0.00s
[2026-06-17T10:06:05.158+0800][45.950s][info][gc,start       ] GC(1797) Pause Young (Allocation Failure)
[2026-06-17T10:06:05.165+0800][45.958s][info][gc,heap        ] GC(1797) PSYoungGen: 10501K(14336K)->3749K(14336K) Eden: 7133K(7168K)->0K(7168K) From: 3367K(7168K)->3749K(7168K)
[2026-06-17T10:06:05.169+0800][45.962s][info][gc,heap        ] GC(1797) ParOldGen: 33524K(44032K)->36872K(44032K)
[2026-06-17T10:06:05.175+0800][45.968s][info][gc,metaspace   ] GC(1797) Metaspace: 117K(320K)->117K(320K) NonClass: 110K(192K)->110K(192K) Class: 7K(128K)->7K(128K)
[2026-06-17T10:06:05.176+0800][45.969s][info][gc             ] GC(1797) Pause Young (Allocation Failure) 42M->39M(57M) 18.141ms
[2026-06-17T10:06:05.177+0800][45.970s][info][gc,cpu         ] GC(1797) User=0.00s Sys=0.00s Real=0.02s
[2026-06-17T10:06:05.198+0800][45.991s][info][gc,start       ] GC(1798) Pause Young (Allocation Failure)
[2026-06-17T10:06:05.200+0800][45.992s][info][gc,heap        ] GC(1798) PSYoungGen: 10889K(14336K)->4063K(14336K) Eden: 7140K(7168K)->0K(7168K) From: 3749K(7168K)->4063K(7168K)
[2026-06-17T10:06:05.200+0800][45.993s][info][gc,heap        ] GC(1798) ParOldGen: 36872K(44032K)->36872K(44032K)
[2026-06-17T10:06:05.200+0800][45.993s][info][gc,metaspace   ] GC(1798) Metaspace: 117K(320K)->117K(320K) NonClass: 110K(192K)->110K(192K) Class: 7K(128K)->7K(128K)
[2026-06-17T10:06:05.200+0800][45.993s][info][gc             ] GC(1798) Pause Young (Allocation Failure) 46M->39M(57M) 2.005ms
[2026-06-17T10:06:05.201+0800][45.994s][info][gc,cpu         ] GC(1798) User=0.01s Sys=0.00s Real=0.00s
[2026-06-17T10:06:05.222+0800][46.015s][info][gc,start       ] GC(1799) Pause Young (Allocation Failure)
[2026-06-17T10:06:05.224+0800][46.017s][info][gc,heap        ] GC(1799) PSYoungGen: 11201K(14336K)->4257K(14336K) Eden: 7137K(7168K)->0K(7168K) From: 4063K(7168K)->4257K(7168K)
[2026-06-17T10:06:05.224+0800][46.017s][info][gc,heap        ] GC(1799) ParOldGen: 36872K(44032K)->36872K(44032K)
[2026-06-17T10:06:05.225+0800][46.017s][info][gc,metaspace   ] GC(1799) Metaspace: 117K(320K)->117K(320K) NonClass: 110K(192K)->110K(192K) Class: 7K(128K)->7K(128K)
[2026-06-17T10:06:05.225+0800][46.018s][info][gc             ] GC(1799) Pause Young (Allocation Failure) 46M->40M(57M) 2.935ms
[2026-06-17T10:06:05.225+0800][46.018s][info][gc,cpu         ] GC(1799) User=0.00s Sys=0.00s Real=0.01s
[2026-06-17T10:06:05.247+0800][46.040s][info][gc,start       ] GC(1800) Pause Young (Allocation Failure)
[2026-06-17T10:06:05.249+0800][46.042s][info][gc,heap        ] GC(1800) PSYoungGen: 11381K(14336K)->5015K(14336K) Eden: 7123K(7168K)->0K(7168K) From: 4257K(7168K)->5015K(7168K)
[2026-06-17T10:06:05.250+0800][46.043s][info][gc,heap        ] GC(1800) ParOldGen: 36872K(44032K)->36872K(44032K)
[2026-06-17T10:06:05.250+0800][46.043s][info][gc,metaspace   ] GC(1800) Metaspace: 117K(320K)->117K(320K) NonClass: 110K(192K)->110K(192K) Class: 7K(128K)->7K(128K)
[2026-06-17T10:06:05.251+0800][46.044s][info][gc             ] GC(1800) Pause Young (Allocation Failure) 47M->40M(57M) 3.652ms
[2026-06-17T10:06:05.252+0800][46.045s][info][gc,cpu         ] GC(1800) User=0.00s Sys=0.00s Real=0.01s
[2026-06-17T10:06:05.268+0800][46.061s][info][gc,start       ] GC(1801) Pause Young (Allocation Failure)
[2026-06-17T10:06:05.271+0800][46.064s][info][gc,heap        ] GC(1801) PSYoungGen: 12127K(14336K)->4698K(14336K) Eden: 7111K(7168K)->0K(7168K) From: 5015K(7168K)->4698K(7168K)
[2026-06-17T10:06:05.273+0800][46.066s][info][gc,heap        ] GC(1801) ParOldGen: 36872K(44032K)->36872K(44032K)
[2026-06-17T10:06:05.274+0800][46.066s][info][gc,metaspace   ] GC(1801) Metaspace: 117K(320K)->117K(320K) NonClass: 110K(192K)->110K(192K) Class: 7K(128K)->7K(128K)
[2026-06-17T10:06:05.274+0800][46.067s][info][gc             ] GC(1801) Pause Young (Allocation Failure) 47M->40M(57M) 5.965ms
[2026-06-17T10:06:05.275+0800][46.067s][info][gc,cpu         ] GC(1801) User=0.00s Sys=0.00s Real=0.01s
[2026-06-17T10:06:05.298+0800][46.090s][info][gc,start       ] GC(1802) Pause Young (Allocation Failure)
[2026-06-17T10:06:05.302+0800][46.095s][info][gc,heap        ] GC(1802) PSYoungGen: 11866K(14336K)->7069K(14336K) Eden: 7168K(7168K)->0K(7168K) From: 4698K(7168K)->7069K(7168K)
[2026-06-17T10:06:05.303+0800][46.095s][info][gc,heap        ] GC(1802) ParOldGen: 36872K(44032K)->38079K(44032K)
[2026-06-17T10:06:05.304+0800][46.097s][info][gc,metaspace   ] GC(1802) Metaspace: 117K(320K)->117K(320K) NonClass: 110K(192K)->110K(192K) Class: 7K(128K)->7K(128K)
[2026-06-17T10:06:05.304+0800][46.097s][info][gc             ] GC(1802) Pause Young (Allocation Failure) 47M->44M(57M) 6.907ms
[2026-06-17T10:06:05.305+0800][46.098s][info][gc,cpu         ] GC(1802) User=0.00s Sys=0.00s Real=0.01s
[2026-06-17T10:06:05.316+0800][46.109s][info][gc,start       ] GC(1803) Pause Young (Allocation Failure)
[2026-06-17T10:06:05.317+0800][46.110s][info][gc,heap        ] GC(1803) PSYoungGen: 14136K(14336K)->5670K(14336K) Eden: 7066K(7168K)->0K(7168K) From: 7069K(7168K)->5670K(7168K)
[2026-06-17T10:06:05.318+0800][46.111s][info][gc,heap        ] GC(1803) ParOldGen: 38079K(44032K)->39403K(44032K)
[2026-06-17T10:06:05.318+0800][46.111s][info][gc,metaspace   ] GC(1803) Metaspace: 117K(320K)->117K(320K) NonClass: 110K(192K)->110K(192K) Class: 7K(128K)->7K(128K)
[2026-06-17T10:06:05.318+0800][46.111s][info][gc             ] GC(1803) Pause Young (Allocation Failure) 50M->44M(57M) 1.965ms
[2026-06-17T10:06:05.319+0800][46.112s][info][gc,cpu         ] GC(1803) User=0.00s Sys=0.00s Real=0.00s
[2026-06-17T10:06:05.340+0800][46.133s][info][gc,start       ] GC(1804) Pause Young (Allocation Failure)
[2026-06-17T10:06:05.341+0800][46.134s][info][gc,heap        ] GC(1804) PSYoungGen: 12798K(14336K)->7000K(14336K) Eden: 7128K(7168K)->0K(7168K) From: 5670K(7168K)->7000K(7168K)
[2026-06-17T10:06:05.342+0800][46.134s][info][gc,heap        ] GC(1804) ParOldGen: 39403K(44032K)->41716K(44032K)
[2026-06-17T10:06:05.342+0800][46.135s][info][gc,metaspace   ] GC(1804) Metaspace: 117K(320K)->117K(320K) NonClass: 110K(192K)->110K(192K) Class: 7K(128K)->7K(128K)
[2026-06-17T10:06:05.342+0800][46.135s][info][gc             ] GC(1804) Pause Young (Allocation Failure) 50M->47M(57M) 2.089ms
[2026-06-17T10:06:05.342+0800][46.135s][info][gc,cpu         ] GC(1804) User=0.00s Sys=0.00s Real=0.00s
[2026-06-17T10:06:05.363+0800][46.156s][info][gc,start       ] GC(1805) Pause Full (Allocation Failure)
[2026-06-17T10:06:05.365+0800][46.158s][info][gc,phases,start] GC(1805) Marking Phase
[2026-06-17T10:06:05.370+0800][46.163s][info][gc,phases      ] GC(1805) Marking Phase 5.443ms
[2026-06-17T10:06:05.371+0800][46.164s][info][gc,phases,start] GC(1805) Summary Phase
[2026-06-17T10:06:05.372+0800][46.165s][info][gc,phases      ] GC(1805) Summary Phase 1.520ms
[2026-06-17T10:06:05.374+0800][46.167s][info][gc,phases,start] GC(1805) Forward
[2026-06-17T10:06:05.375+0800][46.168s][info][gc,phases      ] GC(1805) Forward 0.824ms
[2026-06-17T10:06:05.376+0800][46.169s][info][gc,phases,start] GC(1805) Adjust Pointers
[2026-06-17T10:06:05.378+0800][46.170s][info][gc,phases      ] GC(1805) Adjust Pointers 1.467ms
[2026-06-17T10:06:05.378+0800][46.171s][info][gc,phases,start] GC(1805) Compaction Phase
[2026-06-17T10:06:05.381+0800][46.174s][info][gc,phases      ] GC(1805) Compaction Phase 2.592ms
[2026-06-17T10:06:05.383+0800][46.176s][info][gc,phases,start] GC(1805) Post Compact
[2026-06-17T10:06:05.387+0800][46.180s][info][gc,phases      ] GC(1805) Post Compact 4.264ms
[2026-06-17T10:06:05.389+0800][46.182s][info][gc,heap        ] GC(1805) PSYoungGen: 14151K(14336K)->0K(14336K) Eden: 7151K(7168K)->0K(7168K) From: 7000K(7168K)->0K(7168K)
[2026-06-17T10:06:05.391+0800][46.183s][info][gc,heap        ] GC(1805) ParOldGen: 41716K(44032K)->35557K(44032K)
[2026-06-17T10:06:05.392+0800][46.184s][info][gc,metaspace   ] GC(1805) Metaspace: 117K(320K)->117K(320K) NonClass: 110K(192K)->110K(192K) Class: 7K(128K)->7K(128K)
[2026-06-17T10:06:05.393+0800][46.186s][info][gc             ] GC(1805) Pause Full (Allocation Failure) 54M->34M(57M) 29.795ms
[2026-06-17T10:06:05.395+0800][46.188s][info][gc,cpu         ] GC(1805) User=0.01s Sys=0.00s Real=0.03s
[2026-06-17T10:06:05.417+0800][46.210s][info][gc,start       ] GC(1806) Pause Young (Allocation Failure)
[2026-06-17T10:06:05.420+0800][46.212s][info][gc,heap        ] GC(1806) PSYoungGen: 7146K(14336K)->3771K(14336K) Eden: 7146K(7168K)->0K(7168K) From: 0K(7168K)->3771K(7168K)
[2026-06-17T10:06:05.420+0800][46.213s][info][gc,heap        ] GC(1806) ParOldGen: 35557K(44032K)->35557K(44032K)
[2026-06-17T10:06:05.421+0800][46.214s][info][gc,metaspace   ] GC(1806) Metaspace: 117K(320K)->117K(320K) NonClass: 110K(192K)->110K(192K) Class: 7K(128K)->7K(128K)
[2026-06-17T10:06:05.423+0800][46.215s][info][gc             ] GC(1806) Pause Young (Allocation Failure) 41M->38M(57M) 5.172ms
[2026-06-17T10:06:05.423+0800][46.216s][info][gc,cpu         ] GC(1806) User=0.01s Sys=0.00s Real=0.01s
[2026-06-17T10:06:05.436+0800][46.228s][info][gc,start       ] GC(1807) Pause Young (Allocation Failure)
[2026-06-17T10:06:05.438+0800][46.231s][info][gc,heap        ] GC(1807) PSYoungGen: 10921K(14336K)->4413K(14336K) Eden: 7149K(7168K)->0K(7168K) From: 3771K(7168K)->4413K(7168K)
[2026-06-17T10:06:05.439+0800][46.232s][info][gc,heap        ] GC(1807) ParOldGen: 35557K(44032K)->38497K(44032K)
[2026-06-17T10:06:05.439+0800][46.232s][info][gc,metaspace   ] GC(1807) Metaspace: 117K(320K)->117K(320K) NonClass: 110K(192K)->110K(192K) Class: 7K(128K)->7K(128K)
[2026-06-17T10:06:05.440+0800][46.233s][info][gc             ] GC(1807) Pause Young (Allocation Failure) 45M->41M(57M) 4.449ms
[2026-06-17T10:06:05.440+0800][46.233s][info][gc,cpu         ] GC(1807) User=0.00s Sys=0.00s Real=0.00s
[2026-06-17T10:06:05.462+0800][46.255s][info][gc,start       ] GC(1808) Pause Young (Allocation Failure)
[2026-06-17T10:06:05.464+0800][46.257s][info][gc,heap        ] GC(1808) PSYoungGen: 11559K(14336K)->4681K(14336K) Eden: 7146K(7168K)->0K(7168K) From: 4413K(7168K)->4681K(7168K)
[2026-06-17T10:06:05.465+0800][46.258s][info][gc,heap        ] GC(1808) ParOldGen: 38497K(44032K)->38497K(44032K)
[2026-06-17T10:06:05.466+0800][46.258s][info][gc,metaspace   ] GC(1808) Metaspace: 117K(320K)->117K(320K) NonClass: 110K(192K)->110K(192K) Class: 7K(128K)->7K(128K)
[2026-06-17T10:06:05.466+0800][46.259s][info][gc             ] GC(1808) Pause Young (Allocation Failure) 48M->42M(57M) 3.713ms
[2026-06-17T10:06:05.467+0800][46.260s][info][gc,cpu         ] GC(1808) User=0.00s Sys=0.00s Real=0.00s
[2026-06-17T10:06:05.489+0800][46.282s][info][gc,start       ] GC(1809) Pause Young (Allocation Failure)
[2026-06-17T10:06:05.492+0800][46.285s][info][gc,heap        ] GC(1809) PSYoungGen: 11834K(14336K)->3208K(14336K) Eden: 7153K(7168K)->0K(7168K) From: 4681K(7168K)->3208K(7168K)
[2026-06-17T10:06:05.493+0800][46.285s][info][gc,heap        ] GC(1809) ParOldGen: 38497K(44032K)->40423K(44032K)
[2026-06-17T10:06:05.493+0800][46.286s][info][gc,metaspace   ] GC(1809) Metaspace: 117K(320K)->117K(320K) NonClass: 110K(192K)->110K(192K) Class: 7K(128K)->7K(128K)
[2026-06-17T10:06:05.494+0800][46.286s][info][gc             ] GC(1809) Pause Young (Allocation Failure) 49M->42M(57M) 4.364ms
[2026-06-17T10:06:05.494+0800][46.287s][info][gc,cpu         ] GC(1809) User=0.00s Sys=0.00s Real=0.01s
[2026-06-17T10:06:05.506+0800][46.299s][info][gc,start       ] GC(1810) Pause Full (Allocation Failure)
[2026-06-17T10:06:05.507+0800][46.299s][info][gc,phases,start] GC(1810) Marking Phase
[2026-06-17T10:06:05.509+0800][46.302s][info][gc,phases      ] GC(1810) Marking Phase 2.470ms
[2026-06-17T10:06:05.510+0800][46.303s][info][gc,phases,start] GC(1810) Summary Phase
[2026-06-17T10:06:05.510+0800][46.303s][info][gc,phases      ] GC(1810) Summary Phase 0.629ms
[2026-06-17T10:06:05.511+0800][46.304s][info][gc,phases,start] GC(1810) Forward
[2026-06-17T10:06:05.512+0800][46.305s][info][gc,phases      ] GC(1810) Forward 0.728ms
[2026-06-17T10:06:05.512+0800][46.305s][info][gc,phases,start] GC(1810) Adjust Pointers
[2026-06-17T10:06:05.513+0800][46.306s][info][gc,phases      ] GC(1810) Adjust Pointers 0.984ms
[2026-06-17T10:06:05.514+0800][46.307s][info][gc,phases,start] GC(1810) Compaction Phase
[2026-06-17T10:06:05.516+0800][46.308s][info][gc,phases      ] GC(1810) Compaction Phase 1.962ms
[2026-06-17T10:06:05.516+0800][46.309s][info][gc,phases,start] GC(1810) Post Compact
[2026-06-17T10:06:05.517+0800][46.309s][info][gc,phases      ] GC(1810) Post Compact 0.346ms
[2026-06-17T10:06:05.517+0800][46.310s][info][gc,heap        ] GC(1810) PSYoungGen: 10131K(14336K)->0K(14336K) Eden: 6923K(7168K)->0K(7168K) From: 3208K(7168K)->0K(7168K)
[2026-06-17T10:06:05.517+0800][46.310s][info][gc,heap        ] GC(1810) ParOldGen: 40423K(44032K)->29712K(44032K)
[2026-06-17T10:06:05.517+0800][46.310s][info][gc,metaspace   ] GC(1810) Metaspace: 117K(320K)->117K(320K) NonClass: 110K(192K)->110K(192K) Class: 7K(128K)->7K(128K)
[2026-06-17T10:06:05.517+0800][46.310s][info][gc             ] GC(1810) Pause Full (Allocation Failure) 49M->29M(57M) 11.606ms
[2026-06-17T10:06:05.518+0800][46.310s][info][gc,cpu         ] GC(1810) User=0.01s Sys=0.00s Real=0.01s
[2026-06-17T10:06:05.539+0800][46.332s][info][gc,start       ] GC(1811) Pause Young (Allocation Failure)
[2026-06-17T10:06:05.540+0800][46.333s][info][gc,heap        ] GC(1811) PSYoungGen: 7129K(14336K)->3721K(14336K) Eden: 7129K(7168K)->0K(7168K) From: 0K(7168K)->3721K(7168K)
[2026-06-17T10:06:05.541+0800][46.333s][info][gc,heap        ] GC(1811) ParOldGen: 29712K(44032K)->29712K(44032K)
[2026-06-17T10:06:05.541+0800][46.334s][info][gc,metaspace   ] GC(1811) Metaspace: 117K(320K)->117K(320K) NonClass: 110K(192K)->110K(192K) Class: 7K(128K)->7K(128K)
[2026-06-17T10:06:05.541+0800][46.334s][info][gc             ] GC(1811) Pause Young (Allocation Failure) 35M->32M(57M) 2.157ms
[2026-06-17T10:06:05.541+0800][46.334s][info][gc,cpu         ] GC(1811) User=0.00s Sys=0.00s Real=0.00s
[2026-06-17T10:06:05.565+0800][46.357s][info][gc,start       ] GC(1812) Pause Young (Allocation Failure)
[2026-06-17T10:06:05.570+0800][46.363s][info][gc,heap        ] GC(1812) PSYoungGen: 10888K(14336K)->3592K(14336K) Eden: 7167K(7168K)->0K(7168K) From: 3721K(7168K)->3592K(7168K)
[2026-06-17T10:06:05.570+0800][46.363s][info][gc,heap        ] GC(1812) ParOldGen: 29712K(44032K)->29712K(44032K)
[2026-06-17T10:06:05.570+0800][46.363s][info][gc,metaspace   ] GC(1812) Metaspace: 117K(320K)->117K(320K) NonClass: 110K(192K)->110K(192K) Class: 7K(128K)->7K(128K)
[2026-06-17T10:06:05.571+0800][46.363s][info][gc             ] GC(1812) Pause Young (Allocation Failure) 39M->32M(57M) 5.951ms
[2026-06-17T10:06:05.571+0800][46.364s][info][gc,cpu         ] GC(1812) User=0.00s Sys=0.00s Real=0.01s
[2026-06-17T10:06:05.582+0800][46.375s][info][gc,start       ] GC(1813) Pause Young (Allocation Failure)
[2026-06-17T10:06:05.583+0800][46.376s][info][gc,heap        ] GC(1813) PSYoungGen: 10736K(14336K)->4482K(14336K) Eden: 7144K(7168K)->0K(7168K) From: 3592K(7168K)->4482K(7168K)
[2026-06-17T10:06:05.584+0800][46.377s][info][gc,heap        ] GC(1813) ParOldGen: 29712K(44032K)->32464K(44032K)
[2026-06-17T10:06:05.584+0800][46.377s][info][gc,metaspace   ] GC(1813) Metaspace: 117K(320K)->117K(320K) NonClass: 110K(192K)->110K(192K) Class: 7K(128K)->7K(128K)
[2026-06-17T10:06:05.585+0800][46.377s][info][gc             ] GC(1813) Pause Young (Allocation Failure) 39M->36M(57M) 2.772ms
[2026-06-17T10:06:05.585+0800][46.378s][info][gc,cpu         ] GC(1813) User=0.00s Sys=0.00s Real=0.01s
[2026-06-17T10:06:05.607+0800][46.400s][info][gc,start       ] GC(1814) Pause Young (Allocation Failure)
[2026-06-17T10:06:05.609+0800][46.401s][info][gc,heap        ] GC(1814) PSYoungGen: 11629K(14336K)->4668K(14336K) Eden: 7147K(7168K)->0K(7168K) From: 4482K(7168K)->4668K(7168K)
[2026-06-17T10:06:05.609+0800][46.402s][info][gc,heap        ] GC(1814) ParOldGen: 32464K(44032K)->32464K(44032K)
[2026-06-17T10:06:05.610+0800][46.403s][info][gc,metaspace   ] GC(1814) Metaspace: 117K(320K)->117K(320K) NonClass: 110K(192K)->110K(192K) Class: 7K(128K)->7K(128K)
[2026-06-17T10:06:05.610+0800][46.403s][info][gc             ] GC(1814) Pause Young (Allocation Failure) 43M->36M(57M) 3.237ms
[2026-06-17T10:06:05.611+0800][46.403s][info][gc,cpu         ] GC(1814) User=0.00s Sys=0.00s Real=0.01s
[2026-06-17T10:06:05.633+0800][46.426s][info][gc,start       ] GC(1815) Pause Young (Allocation Failure)
[2026-06-17T10:06:05.635+0800][46.428s][info][gc,heap        ] GC(1815) PSYoungGen: 11820K(14336K)->5356K(14336K) Eden: 7152K(7168K)->0K(7168K) From: 4668K(7168K)->5356K(7168K)
[2026-06-17T10:06:05.636+0800][46.429s][info][gc,heap        ] GC(1815) ParOldGen: 32464K(44032K)->32464K(44032K)
[2026-06-17T10:06:05.636+0800][46.429s][info][gc,metaspace   ] GC(1815) Metaspace: 117K(320K)->117K(320K) NonClass: 110K(192K)->110K(192K) Class: 7K(128K)->7K(128K)
[2026-06-17T10:06:05.637+0800][46.430s][info][gc             ] GC(1815) Pause Young (Allocation Failure) 43M->36M(57M) 4.281ms
[2026-06-17T10:06:05.638+0800][46.431s][info][gc,cpu         ] GC(1815) User=0.00s Sys=0.00s Real=0.00s
[2026-06-17T10:06:05.660+0800][46.453s][info][gc,start       ] GC(1816) Pause Young (Allocation Failure)
[2026-06-17T10:06:05.663+0800][46.455s][info][gc,heap        ] GC(1816) PSYoungGen: 12493K(14336K)->5556K(14336K) Eden: 7137K(7168K)->0K(7168K) From: 5356K(7168K)->5556K(7168K)
[2026-06-17T10:06:05.663+0800][46.456s][info][gc,heap        ] GC(1816) ParOldGen: 32464K(44032K)->32464K(44032K)
[2026-06-17T10:06:05.664+0800][46.457s][info][gc,metaspace   ] GC(1816) Metaspace: 117K(320K)->117K(320K) NonClass: 110K(192K)->110K(192K) Class: 7K(128K)->7K(128K)
[2026-06-17T10:06:05.665+0800][46.457s][info][gc             ] GC(1816) Pause Young (Allocation Failure) 43M->37M(57M) 4.448ms
[2026-06-17T10:06:05.665+0800][46.458s][info][gc,cpu         ] GC(1816) User=0.00s Sys=0.00s Real=0.01s
[2026-06-17T10:06:05.677+0800][46.470s][info][gc,start       ] GC(1817) Pause Young (Allocation Failure)
[2026-06-17T10:06:05.679+0800][46.471s][info][gc,heap        ] GC(1817) PSYoungGen: 12568K(14336K)->5542K(14336K) Eden: 7012K(7168K)->0K(7168K) From: 5556K(7168K)->5542K(7168K)
[2026-06-17T10:06:05.679+0800][46.472s][info][gc,heap        ] GC(1817) ParOldGen: 32464K(44032K)->32464K(44032K)
[2026-06-17T10:06:05.680+0800][46.473s][info][gc,metaspace   ] GC(1817) Metaspace: 117K(320K)->117K(320K) NonClass: 110K(192K)->110K(192K) Class: 7K(128K)->7K(128K)
[2026-06-17T10:06:05.680+0800][46.473s][info][gc             ] GC(1817) Pause Young (Allocation Failure) 43M->37M(57M) 3.423ms
[2026-06-17T10:06:05.681+0800][46.474s][info][gc,cpu         ] GC(1817) User=0.00s Sys=0.01s Real=0.00s
[2026-06-17T10:06:05.703+0800][46.496s][info][gc,start       ] GC(1818) Pause Young (Allocation Failure)
[2026-06-17T10:06:05.705+0800][46.498s][info][gc,heap        ] GC(1818) PSYoungGen: 12704K(14336K)->5747K(14336K) Eden: 7161K(7168K)->0K(7168K) From: 5542K(7168K)->5747K(7168K)
[2026-06-17T10:06:05.706+0800][46.499s][info][gc,heap        ] GC(1818) ParOldGen: 32464K(44032K)->35897K(44032K)
[2026-06-17T10:06:05.707+0800][46.499s][info][gc,metaspace   ] GC(1818) Metaspace: 117K(320K)->117K(320K) NonClass: 110K(192K)->110K(192K) Class: 7K(128K)->7K(128K)
[2026-06-17T10:06:05.707+0800][46.500s][info][gc             ] GC(1818) Pause Young (Allocation Failure) 44M->40M(57M) 4.402ms
[2026-06-17T10:06:05.708+0800][46.501s][info][gc,cpu         ] GC(1818) User=0.00s Sys=0.00s Real=0.00s
[2026-06-17T10:06:05.730+0800][46.523s][info][gc,start       ] GC(1819) Pause Young (Allocation Failure)
[2026-06-17T10:06:05.732+0800][46.525s][info][gc,heap        ] GC(1819) PSYoungGen: 12861K(14336K)->4509K(14336K) Eden: 7113K(7168K)->0K(7168K) From: 5747K(7168K)->4509K(7168K)
[2026-06-17T10:06:05.733+0800][46.526s][info][gc,heap        ] GC(1819) ParOldGen: 35897K(44032K)->37386K(44032K)
[2026-06-17T10:06:05.734+0800][46.526s][info][gc,metaspace   ] GC(1819) Metaspace: 117K(320K)->117K(320K) NonClass: 110K(192K)->110K(192K) Class: 7K(128K)->7K(128K)
[2026-06-17T10:06:05.734+0800][46.527s][info][gc             ] GC(1819) Pause Young (Allocation Failure) 47M->40M(57M) 4.257ms
[2026-06-17T10:06:05.735+0800][46.527s][info][gc,cpu         ] GC(1819) User=0.01s Sys=0.00s Real=0.01s
[2026-06-17T10:06:05.757+0800][46.549s][info][gc,start       ] GC(1820) Pause Young (Allocation Failure)
[2026-06-17T10:06:05.758+0800][46.551s][info][gc,heap        ] GC(1820) PSYoungGen: 11665K(14336K)->2653K(14336K) Eden: 7155K(7168K)->0K(7168K) From: 4509K(7168K)->2653K(7168K)
[2026-06-17T10:06:05.759+0800][46.551s][info][gc,heap        ] GC(1820) ParOldGen: 37386K(44032K)->39518K(44032K)
[2026-06-17T10:06:05.759+0800][46.552s][info][gc,metaspace   ] GC(1820) Metaspace: 117K(320K)->117K(320K) NonClass: 110K(192K)->110K(192K) Class: 7K(128K)->7K(128K)
[2026-06-17T10:06:05.759+0800][46.552s][info][gc             ] GC(1820) Pause Young (Allocation Failure) 47M->41M(57M) 2.870ms
[2026-06-17T10:06:05.760+0800][46.553s][info][gc,cpu         ] GC(1820) User=0.00s Sys=0.00s Real=0.00s
[2026-06-17T10:06:05.771+0800][46.564s][info][gc,start       ] GC(1821) Pause Full (Allocation Failure)
[2026-06-17T10:06:05.772+0800][46.564s][info][gc,phases,start] GC(1821) Marking Phase
[2026-06-17T10:06:05.773+0800][46.566s][info][gc,phases      ] GC(1821) Marking Phase 1.870ms
[2026-06-17T10:06:05.774+0800][46.567s][info][gc,phases,start] GC(1821) Summary Phase
[2026-06-17T10:06:05.774+0800][46.567s][info][gc,phases      ] GC(1821) Summary Phase 0.357ms
[2026-06-17T10:06:05.775+0800][46.567s][info][gc,phases,start] GC(1821) Forward
[2026-06-17T10:06:05.775+0800][46.568s][info][gc,phases      ] GC(1821) Forward 0.507ms
[2026-06-17T10:06:05.776+0800][46.568s][info][gc,phases,start] GC(1821) Adjust Pointers
[2026-06-17T10:06:05.777+0800][46.570s][info][gc,phases      ] GC(1821) Adjust Pointers 1.631ms
[2026-06-17T10:06:05.778+0800][46.570s][info][gc,phases,start] GC(1821) Compaction Phase
[2026-06-17T10:06:05.780+0800][46.573s][info][gc,phases      ] GC(1821) Compaction Phase 2.666ms
[2026-06-17T10:06:05.781+0800][46.574s][info][gc,phases,start] GC(1821) Post Compact
[2026-06-17T10:06:05.781+0800][46.574s][info][gc,phases      ] GC(1821) Post Compact 0.302ms
[2026-06-17T10:06:05.781+0800][46.574s][info][gc,heap        ] GC(1821) PSYoungGen: 9793K(14336K)->0K(14336K) Eden: 7140K(7168K)->0K(7168K) From: 2653K(7168K)->0K(7168K)
[2026-06-17T10:06:05.782+0800][46.574s][info][gc,heap        ] GC(1821) ParOldGen: 39518K(44032K)->30713K(44032K)
[2026-06-17T10:06:05.782+0800][46.575s][info][gc,metaspace   ] GC(1821) Metaspace: 117K(320K)->117K(320K) NonClass: 110K(192K)->110K(192K) Class: 7K(128K)->7K(128K)
[2026-06-17T10:06:05.782+0800][46.575s][info][gc             ] GC(1821) Pause Full (Allocation Failure) 48M->29M(57M) 10.914ms
[2026-06-17T10:06:05.782+0800][46.575s][info][gc,cpu         ] GC(1821) User=0.01s Sys=0.00s Real=0.00s
[2026-06-17T10:06:05.804+0800][46.597s][info][gc,start       ] GC(1822) Pause Young (Allocation Failure)
[2026-06-17T10:06:05.806+0800][46.598s][info][gc,heap        ] GC(1822) PSYoungGen: 7135K(14336K)->3637K(14336K) Eden: 7135K(7168K)->0K(7168K) From: 0K(7168K)->3637K(7168K)
[2026-06-17T10:06:05.807+0800][46.599s][info][gc,heap        ] GC(1822) ParOldGen: 30713K(44032K)->30713K(44032K)
[2026-06-17T10:06:05.807+0800][46.600s][info][gc,metaspace   ] GC(1822) Metaspace: 117K(320K)->117K(320K) NonClass: 110K(192K)->110K(192K) Class: 7K(128K)->7K(128K)
[2026-06-17T10:06:05.808+0800][46.600s][info][gc             ] GC(1822) Pause Young (Allocation Failure) 36M->33M(57M) 3.585ms
[2026-06-17T10:06:05.808+0800][46.601s][info][gc,cpu         ] GC(1822) User=0.00s Sys=0.00s Real=0.00s
[2026-06-17T10:06:05.829+0800][46.622s][info][gc,start       ] GC(1823) Pause Young (Allocation Failure)
[2026-06-17T10:06:05.831+0800][46.624s][info][gc,heap        ] GC(1823) PSYoungGen: 10769K(14336K)->3672K(14336K) Eden: 7132K(7168K)->0K(7168K) From: 3637K(7168K)->3672K(7168K)
[2026-06-17T10:06:05.832+0800][46.625s][info][gc,heap        ] GC(1823) ParOldGen: 30713K(44032K)->30713K(44032K)
[2026-06-17T10:06:05.832+0800][46.625s][info][gc,metaspace   ] GC(1823) Metaspace: 117K(320K)->117K(320K) NonClass: 110K(192K)->110K(192K) Class: 7K(128K)->7K(128K)
[2026-06-17T10:06:05.833+0800][46.625s][info][gc             ] GC(1823) Pause Young (Allocation Failure) 40M->33M(57M) 3.156ms
[2026-06-17T10:06:05.833+0800][46.626s][info][gc,cpu         ] GC(1823) User=0.00s Sys=0.00s Real=0.01s
[2026-06-17T10:06:05.844+0800][46.637s][info][gc,start       ] GC(1824) Pause Young (Allocation Failure)
[2026-06-17T10:06:05.846+0800][46.638s][info][gc,heap        ] GC(1824) PSYoungGen: 10790K(14336K)->4184K(14336K) Eden: 7118K(7168K)->0K(7168K) From: 3672K(7168K)->4184K(7168K)
[2026-06-17T10:06:05.846+0800][46.639s][info][gc,heap        ] GC(1824) ParOldGen: 30713K(44032K)->30713K(44032K)
[2026-06-17T10:06:05.847+0800][46.639s][info][gc,metaspace   ] GC(1824) Metaspace: 117K(320K)->117K(320K) NonClass: 110K(192K)->110K(192K) Class: 7K(128K)->7K(128K)
[2026-06-17T10:06:05.847+0800][46.640s][info][gc             ] GC(1824) Pause Young (Allocation Failure) 40M->34M(57M) 3.161ms
[2026-06-17T10:06:05.848+0800][46.641s][info][gc,cpu         ] GC(1824) User=0.01s Sys=0.00s Real=0.00s
[2026-06-17T10:06:05.870+0800][46.663s][info][gc,start       ] GC(1825) Pause Young (Allocation Failure)
[2026-06-17T10:06:05.872+0800][46.665s][info][gc,heap        ] GC(1825) PSYoungGen: 11352K(14336K)->7126K(14336K) Eden: 7168K(7168K)->0K(7168K) From: 4184K(7168K)->7126K(7168K)
[2026-06-17T10:06:05.873+0800][46.666s][info][gc,heap        ] GC(1825) ParOldGen: 30713K(44032K)->31660K(44032K)
[2026-06-17T10:06:05.874+0800][46.666s][info][gc,metaspace   ] GC(1825) Metaspace: 117K(320K)->117K(320K) NonClass: 110K(192K)->110K(192K) Class: 7K(128K)->7K(128K)
[2026-06-17T10:06:05.874+0800][46.667s][info][gc             ] GC(1825) Pause Young (Allocation Failure) 41M->37M(57M) 4.197ms
[2026-06-17T10:06:05.875+0800][46.667s][info][gc,cpu         ] GC(1825) User=0.00s Sys=0.00s Real=0.01s
[2026-06-17T10:06:05.897+0800][46.690s][info][gc,start       ] GC(1826) Pause Young (Allocation Failure)
[2026-06-17T10:06:05.900+0800][46.692s][info][gc,heap        ] GC(1826) PSYoungGen: 14293K(14336K)->4595K(14336K) Eden: 7166K(7168K)->0K(7168K) From: 7126K(7168K)->4595K(7168K)
[2026-06-17T10:06:05.901+0800][46.694s][info][gc,heap        ] GC(1826) ParOldGen: 31660K(44032K)->34337K(44032K)
[2026-06-17T10:06:05.903+0800][46.695s][info][gc,metaspace   ] GC(1826) Metaspace: 117K(320K)->117K(320K) NonClass: 110K(192K)->110K(192K) Class: 7K(128K)->7K(128K)
[2026-06-17T10:06:05.903+0800][46.696s][info][gc             ] GC(1826) Pause Young (Allocation Failure) 44M->38M(57M) 6.312ms
[2026-06-17T10:06:05.904+0800][46.697s][info][gc,cpu         ] GC(1826) User=0.00s Sys=0.00s Real=0.01s
[2026-06-17T10:06:05.926+0800][46.719s][info][gc,start       ] GC(1827) Pause Young (Allocation Failure)
[2026-06-17T10:06:05.928+0800][46.721s][info][gc,heap        ] GC(1827) PSYoungGen: 11740K(14336K)->2941K(14336K) Eden: 7144K(7168K)->0K(7168K) From: 4595K(7168K)->2941K(7168K)
[2026-06-17T10:06:05.929+0800][46.721s][info][gc,heap        ] GC(1827) ParOldGen: 34337K(44032K)->36156K(44032K)
[2026-06-17T10:06:05.929+0800][46.722s][info][gc,metaspace   ] GC(1827) Metaspace: 117K(320K)->117K(320K) NonClass: 110K(192K)->110K(192K) Class: 7K(128K)->7K(128K)
[2026-06-17T10:06:05.930+0800][46.722s][info][gc             ] GC(1827) Pause Young (Allocation Failure) 44M->38M(57M) 3.797ms
[2026-06-17T10:06:05.930+0800][46.723s][info][gc,cpu         ] GC(1827) User=0.00s Sys=0.00s Real=0.00s
[2026-06-17T10:06:05.942+0800][46.735s][info][gc,start       ] GC(1828) Pause Young (Allocation Failure)
[2026-06-17T10:06:05.944+0800][46.736s][info][gc,heap        ] GC(1828) PSYoungGen: 10099K(14336K)->4545K(14336K) Eden: 7158K(7168K)->0K(7168K) From: 2941K(7168K)->4545K(7168K)
[2026-06-17T10:06:05.944+0800][46.737s][info][gc,heap        ] GC(1828) ParOldGen: 36156K(44032K)->38229K(44032K)
[2026-06-17T10:06:05.944+0800][46.737s][info][gc,metaspace   ] GC(1828) Metaspace: 117K(320K)->117K(320K) NonClass: 110K(192K)->110K(192K) Class: 7K(128K)->7K(128K)
[2026-06-17T10:06:05.945+0800][46.738s][info][gc             ] GC(1828) Pause Young (Allocation Failure) 45M->41M(57M) 2.966ms
[2026-06-17T10:06:05.946+0800][46.738s][info][gc,cpu         ] GC(1828) User=0.00s Sys=0.00s Real=0.01s
[2026-06-17T10:06:05.968+0800][46.761s][info][gc,start       ] GC(1829) Pause Young (Allocation Failure)
[2026-06-17T10:06:05.969+0800][46.762s][info][gc,heap        ] GC(1829) PSYoungGen: 11668K(14336K)->3060K(14336K) Eden: 7122K(7168K)->0K(7168K) From: 4545K(7168K)->3060K(7168K)
[2026-06-17T10:06:05.970+0800][46.763s][info][gc,heap        ] GC(1829) ParOldGen: 38229K(44032K)->39949K(44032K)
[2026-06-17T10:06:05.971+0800][46.763s][info][gc,metaspace   ] GC(1829) Metaspace: 117K(320K)->117K(320K) NonClass: 110K(192K)->110K(192K) Class: 7K(128K)->7K(128K)
[2026-06-17T10:06:05.971+0800][46.764s][info][gc             ] GC(1829) Pause Young (Allocation Failure) 48M->42M(57M) 3.036ms
[2026-06-17T10:06:05.971+0800][46.764s][info][gc,cpu         ] GC(1829) User=0.00s Sys=0.00s Real=0.01s
[2026-06-17T10:06:05.993+0800][46.786s][info][gc,start       ] GC(1830) Pause Full (Allocation Failure)
[2026-06-17T10:06:05.994+0800][46.787s][info][gc,phases,start] GC(1830) Marking Phase
[2026-06-17T10:06:05.996+0800][46.789s][info][gc,phases      ] GC(1830) Marking Phase 2.711ms
[2026-06-17T10:06:05.997+0800][46.790s][info][gc,phases,start] GC(1830) Summary Phase
[2026-06-17T10:06:05.997+0800][46.790s][info][gc,phases      ] GC(1830) Summary Phase 0.388ms
[2026-06-17T10:06:05.998+0800][46.791s][info][gc,phases,start] GC(1830) Forward
[2026-06-17T10:06:05.998+0800][46.791s][info][gc,phases      ] GC(1830) Forward 0.495ms
[2026-06-17T10:06:05.999+0800][46.791s][info][gc,phases,start] GC(1830) Adjust Pointers
[2026-06-17T10:06:05.999+0800][46.792s][info][gc,phases      ] GC(1830) Adjust Pointers 0.929ms
[2026-06-17T10:06:06.000+0800][46.792s][info][gc,phases,start] GC(1830) Compaction Phase
[2026-06-17T10:06:06.002+0800][46.794s][info][gc,phases      ] GC(1830) Compaction Phase 1.995ms
[2026-06-17T10:06:06.002+0800][46.795s][info][gc,phases,start] GC(1830) Post Compact
[2026-06-17T10:06:06.003+0800][46.795s][info][gc,phases      ] GC(1830) Post Compact 0.351ms
[2026-06-17T10:06:06.003+0800][46.796s][info][gc,heap        ] GC(1830) PSYoungGen: 10196K(14336K)->0K(14336K) Eden: 7136K(7168K)->0K(7168K) From: 3060K(7168K)->0K(7168K)
[2026-06-17T10:06:06.003+0800][46.796s][info][gc,heap        ] GC(1830) ParOldGen: 39949K(44032K)->29999K(44032K)
[2026-06-17T10:06:06.003+0800][46.796s][info][gc,metaspace   ] GC(1830) Metaspace: 117K(320K)->117K(320K) NonClass: 110K(192K)->110K(192K) Class: 7K(128K)->7K(128K)
[2026-06-17T10:06:06.003+0800][46.796s][info][gc             ] GC(1830) Pause Full (Allocation Failure) 48M->29M(57M) 10.252ms
[2026-06-17T10:06:06.004+0800][46.796s][info][gc,cpu         ] GC(1830) User=0.01s Sys=0.00s Real=0.01s
[2026-06-17T10:06:06.015+0800][46.808s][info][gc,start       ] GC(1831) Pause Young (Allocation Failure)
[2026-06-17T10:06:06.016+0800][46.809s][info][gc,heap        ] GC(1831) PSYoungGen: 7109K(14336K)->3559K(14336K) Eden: 7109K(7168K)->0K(7168K) From: 0K(7168K)->3559K(7168K)
[2026-06-17T10:06:06.016+0800][46.809s][info][gc,heap        ] GC(1831) ParOldGen: 29999K(44032K)->29999K(44032K)
[2026-06-17T10:06:06.017+0800][46.809s][info][gc,metaspace   ] GC(1831) Metaspace: 117K(320K)->117K(320K) NonClass: 110K(192K)->110K(192K) Class: 7K(128K)->7K(128K)
[2026-06-17T10:06:06.017+0800][46.810s][info][gc             ] GC(1831) Pause Young (Allocation Failure) 36M->32M(57M) 2.124ms
[2026-06-17T10:06:06.017+0800][46.810s][info][gc,cpu         ] GC(1831) User=0.00s Sys=0.00s Real=0.00s
[2026-06-17T10:06:06.039+0800][46.832s][info][gc,start       ] GC(1832) Pause Young (Allocation Failure)
[2026-06-17T10:06:06.044+0800][46.837s][info][gc,heap        ] GC(1832) PSYoungGen: 10727K(14336K)->6979K(14336K) Eden: 7168K(7168K)->0K(7168K) From: 3559K(7168K)->6979K(7168K)
[2026-06-17T10:06:06.046+0800][46.839s][info][gc,heap        ] GC(1832) ParOldGen: 29999K(44032K)->29999K(44032K)
[2026-06-17T10:06:06.048+0800][46.841s][info][gc,metaspace   ] GC(1832) Metaspace: 117K(320K)->117K(320K) NonClass: 110K(192K)->110K(192K) Class: 7K(128K)->7K(128K)
[2026-06-17T10:06:06.050+0800][46.843s][info][gc             ] GC(1832) Pause Young (Allocation Failure) 39M->36M(57M) 11.185ms
[2026-06-17T10:06:06.054+0800][46.847s][info][gc,cpu         ] GC(1832) User=0.00s Sys=0.00s Real=0.02s
[2026-06-17T10:06:06.067+0800][46.860s][info][gc,start       ] GC(1833) Pause Young (Allocation Failure)
[2026-06-17T10:06:06.121+0800][46.914s][info][gc,heap        ] GC(1833) PSYoungGen: 14005K(14336K)->2943K(14336K) Eden: 7025K(7168K)->0K(7168K) From: 6979K(7168K)->2943K(7168K)
[2026-06-17T10:06:06.122+0800][46.915s][info][gc,heap        ] GC(1833) ParOldGen: 29999K(44032K)->33535K(44032K)
[2026-06-17T10:06:06.122+0800][46.915s][info][gc,metaspace   ] GC(1833) Metaspace: 117K(320K)->117K(320K) NonClass: 110K(192K)->110K(192K) Class: 7K(128K)->7K(128K)
[2026-06-17T10:06:06.122+0800][46.915s][info][gc             ] GC(1833) Pause Young (Allocation Failure) 42M->35M(57M) 55.517ms
[2026-06-17T10:06:06.123+0800][46.915s][info][gc,cpu         ] GC(1833) User=0.00s Sys=0.00s Real=0.06s
[2026-06-17T10:06:06.144+0800][46.937s][info][gc,start       ] GC(1834) Pause Young (Allocation Failure)
[2026-06-17T10:06:06.149+0800][46.942s][info][gc,heap        ] GC(1834) PSYoungGen: 10094K(14336K)->3564K(14336K) Eden: 7151K(7168K)->0K(7168K) From: 2943K(7168K)->3564K(7168K)
[2026-06-17T10:06:06.150+0800][46.943s][info][gc,heap        ] GC(1834) ParOldGen: 33535K(44032K)->36454K(44032K)
[2026-06-17T10:06:06.153+0800][46.946s][info][gc,metaspace   ] GC(1834) Metaspace: 117K(320K)->117K(320K) NonClass: 110K(192K)->110K(192K) Class: 7K(128K)->7K(128K)
[2026-06-17T10:06:06.155+0800][46.948s][info][gc             ] GC(1834) Pause Young (Allocation Failure) 42M->39M(57M) 10.949ms
[2026-06-17T10:06:06.156+0800][46.949s][info][gc,cpu         ] GC(1834) User=0.00s Sys=0.00s Real=0.01s
[2026-06-17T10:06:06.179+0800][46.972s][info][gc,start       ] GC(1835) Pause Young (Allocation Failure)
[2026-06-17T10:06:06.181+0800][46.974s][info][gc,heap        ] GC(1835) PSYoungGen: 10732K(14336K)->4118K(14336K) Eden: 7168K(7168K)->0K(7168K) From: 3564K(7168K)->4118K(7168K)
[2026-06-17T10:06:06.181+0800][46.974s][info][gc,heap        ] GC(1835) ParOldGen: 36454K(44032K)->36454K(44032K)
[2026-06-17T10:06:06.184+0800][46.976s][info][gc,metaspace   ] GC(1835) Metaspace: 117K(320K)->117K(320K) NonClass: 110K(192K)->110K(192K) Class: 7K(128K)->7K(128K)
[2026-06-17T10:06:06.187+0800][46.980s][info][gc             ] GC(1835) Pause Young (Allocation Failure) 46M->39M(57M) 7.887ms
[2026-06-17T10:06:06.191+0800][46.984s][info][gc,cpu         ] GC(1835) User=0.00s Sys=0.00s Real=0.02s
[2026-06-17T10:06:06.213+0800][47.006s][info][gc,start       ] GC(1836) Pause Young (Allocation Failure)
[2026-06-17T10:06:06.216+0800][47.009s][info][gc,heap        ] GC(1836) PSYoungGen: 11286K(14336K)->4128K(14336K) Eden: 7168K(7168K)->0K(7168K) From: 4118K(7168K)->4128K(7168K)
[2026-06-17T10:06:06.226+0800][47.019s][info][gc,heap        ] GC(1836) ParOldGen: 36454K(44032K)->36454K(44032K)
[2026-06-17T10:06:06.227+0800][47.019s][info][gc,metaspace   ] GC(1836) Metaspace: 117K(320K)->117K(320K) NonClass: 110K(192K)->110K(192K) Class: 7K(128K)->7K(128K)
[2026-06-17T10:06:06.228+0800][47.020s][info][gc             ] GC(1836) Pause Young (Allocation Failure) 46M->39M(57M) 14.531ms
[2026-06-17T10:06:06.228+0800][47.021s][info][gc,cpu         ] GC(1836) User=0.01s Sys=0.00s Real=0.01s
[2026-06-17T10:06:06.240+0800][47.032s][info][gc,start       ] GC(1837) Pause Young (Allocation Failure)
[2026-06-17T10:06:06.245+0800][47.038s][info][gc,heap        ] GC(1837) PSYoungGen: 11262K(14336K)->7053K(14336K) Eden: 7133K(7168K)->0K(7168K) From: 4128K(7168K)->7053K(7168K)
[2026-06-17T10:06:06.250+0800][47.042s][info][gc,heap        ] GC(1837) ParOldGen: 36454K(44032K)->37354K(44032K)
[2026-06-17T10:06:06.250+0800][47.043s][info][gc,metaspace   ] GC(1837) Metaspace: 117K(320K)->117K(320K) NonClass: 110K(192K)->110K(192K) Class: 7K(128K)->7K(128K)
[2026-06-17T10:06:06.250+0800][47.043s][info][gc             ] GC(1837) Pause Young (Allocation Failure) 46M->43M(57M) 10.692ms
[2026-06-17T10:06:06.251+0800][47.043s][info][gc,cpu         ] GC(1837) User=0.00s Sys=0.00s Real=0.02s
[2026-06-17T10:06:06.272+0800][47.064s][info][gc,start       ] GC(1838) Pause Young (Allocation Failure)
[2026-06-17T10:06:06.274+0800][47.067s][info][gc,heap        ] GC(1838) PSYoungGen: 14211K(14336K)->5566K(14336K) Eden: 7158K(7168K)->0K(7168K) From: 7053K(7168K)->5566K(7168K)
[2026-06-17T10:06:06.275+0800][47.067s][info][gc,heap        ] GC(1838) ParOldGen: 37354K(44032K)->39413K(44032K)
[2026-06-17T10:06:06.275+0800][47.068s][info][gc,metaspace   ] GC(1838) Metaspace: 117K(320K)->117K(320K) NonClass: 110K(192K)->110K(192K) Class: 7K(128K)->7K(128K)
[2026-06-17T10:06:06.275+0800][47.068s][info][gc             ] GC(1838) Pause Young (Allocation Failure) 50M->43M(57M) 3.755ms
[2026-06-17T10:06:06.276+0800][47.069s][info][gc,cpu         ] GC(1838) User=0.00s Sys=0.00s Real=0.00s
[2026-06-17T10:06:06.297+0800][47.090s][info][gc,start       ] GC(1839) Pause Young (Allocation Failure)
[2026-06-17T10:06:06.300+0800][47.092s][info][gc,heap        ] GC(1839) PSYoungGen: 12718K(14336K)->3372K(14336K) Eden: 7152K(7168K)->0K(7168K) From: 5566K(7168K)->3372K(7168K)
[2026-06-17T10:06:06.302+0800][47.095s][info][gc,heap        ] GC(1839) ParOldGen: 39413K(44032K)->41643K(44032K)
[2026-06-17T10:06:06.304+0800][47.097s][info][gc,metaspace   ] GC(1839) Metaspace: 117K(320K)->117K(320K) NonClass: 110K(192K)->110K(192K) Class: 7K(128K)->7K(128K)
[2026-06-17T10:06:06.305+0800][47.097s][info][gc             ] GC(1839) Pause Young (Allocation Failure) 50M->43M(57M) 7.385ms
[2026-06-17T10:06:06.307+0800][47.099s][info][gc,cpu         ] GC(1839) User=0.00s Sys=0.00s Real=0.01s
[2026-06-17T10:06:06.320+0800][47.113s][info][gc,start       ] GC(1840) Pause Full (Allocation Failure)
[2026-06-17T10:06:06.322+0800][47.114s][info][gc,phases,start] GC(1840) Marking Phase
[2026-06-17T10:06:06.323+0800][47.116s][info][gc,phases      ] GC(1840) Marking Phase 1.623ms
[2026-06-17T10:06:06.324+0800][47.117s][info][gc,phases,start] GC(1840) Summary Phase
[2026-06-17T10:06:06.325+0800][47.118s][info][gc,phases      ] GC(1840) Summary Phase 0.974ms
[2026-06-17T10:06:06.326+0800][47.119s][info][gc,phases,start] GC(1840) Forward
[2026-06-17T10:06:06.328+0800][47.121s][info][gc,phases      ] GC(1840) Forward 2.238ms
[2026-06-17T10:06:06.329+0800][47.122s][info][gc,phases,start] GC(1840) Adjust Pointers
[2026-06-17T10:06:06.333+0800][47.125s][info][gc,phases      ] GC(1840) Adjust Pointers 3.587ms
[2026-06-17T10:06:06.334+0800][47.127s][info][gc,phases,start] GC(1840) Compaction Phase
[2026-06-17T10:06:06.340+0800][47.133s][info][gc,phases      ] GC(1840) Compaction Phase 5.795ms
[2026-06-17T10:06:06.340+0800][47.133s][info][gc,phases,start] GC(1840) Post Compact
[2026-06-17T10:06:06.341+0800][47.134s][info][gc,phases      ] GC(1840) Post Compact 0.380ms
[2026-06-17T10:06:06.341+0800][47.134s][info][gc,heap        ] GC(1840) PSYoungGen: 10310K(14336K)->0K(14336K) Eden: 6938K(7168K)->0K(7168K) From: 3372K(7168K)->0K(7168K)
[2026-06-17T10:06:06.342+0800][47.134s][info][gc,heap        ] GC(1840) ParOldGen: 41643K(44032K)->30168K(44032K)
[2026-06-17T10:06:06.342+0800][47.135s][info][gc,metaspace   ] GC(1840) Metaspace: 117K(320K)->117K(320K) NonClass: 110K(192K)->110K(192K) Class: 7K(128K)->7K(128K)
[2026-06-17T10:06:06.342+0800][47.135s][info][gc             ] GC(1840) Pause Full (Allocation Failure) 50M->29M(57M) 22.363ms
[2026-06-17T10:06:06.343+0800][47.135s][info][gc,cpu         ] GC(1840) User=0.01s Sys=0.00s Real=0.03s
[2026-06-17T10:06:06.365+0800][47.158s][info][gc,start       ] GC(1841) Pause Young (Allocation Failure)
[2026-06-17T10:06:06.367+0800][47.160s][info][gc,heap        ] GC(1841) PSYoungGen: 7147K(14336K)->3425K(14336K) Eden: 7147K(7168K)->0K(7168K) From: 0K(7168K)->3425K(7168K)
[2026-06-17T10:06:06.368+0800][47.161s][info][gc,heap        ] GC(1841) ParOldGen: 30168K(44032K)->30168K(44032K)
[2026-06-17T10:06:06.369+0800][47.162s][info][gc,metaspace   ] GC(1841) Metaspace: 117K(320K)->117K(320K) NonClass: 110K(192K)->110K(192K) Class: 7K(128K)->7K(128K)
[2026-06-17T10:06:06.370+0800][47.163s][info][gc             ] GC(1841) Pause Young (Allocation Failure) 36M->32M(57M) 5.372ms
[2026-06-17T10:06:06.371+0800][47.164s][info][gc,cpu         ] GC(1841) User=0.01s Sys=0.00s Real=0.01s
[2026-06-17T10:06:06.393+0800][47.186s][info][gc,start       ] GC(1842) Pause Young (Allocation Failure)
[2026-06-17T10:06:06.395+0800][47.188s][info][gc,heap        ] GC(1842) PSYoungGen: 10593K(14336K)->3236K(14336K) Eden: 7168K(7168K)->0K(7168K) From: 3425K(7168K)->3236K(7168K)
[2026-06-17T10:06:06.396+0800][47.189s][info][gc,heap        ] GC(1842) ParOldGen: 30168K(44032K)->30168K(44032K)
[2026-06-17T10:06:06.397+0800][47.189s][info][gc,metaspace   ] GC(1842) Metaspace: 117K(320K)->117K(320K) NonClass: 110K(192K)->110K(192K) Class: 7K(128K)->7K(128K)
[2026-06-17T10:06:06.397+0800][47.190s][info][gc             ] GC(1842) Pause Young (Allocation Failure) 39M->32M(57M) 3.738ms
[2026-06-17T10:06:06.398+0800][47.191s][info][gc,cpu         ] GC(1842) User=0.00s Sys=0.00s Real=0.00s
[2026-06-17T10:06:06.410+0800][47.203s][info][gc,start       ] GC(1843) Pause Young (Allocation Failure)
[2026-06-17T10:06:06.413+0800][47.206s][info][gc,heap        ] GC(1843) PSYoungGen: 10352K(14336K)->3954K(14336K) Eden: 7116K(7168K)->0K(7168K) From: 3236K(7168K)->3954K(7168K)
[2026-06-17T10:06:06.413+0800][47.206s][info][gc,heap        ] GC(1843) ParOldGen: 30168K(44032K)->33278K(44032K)
[2026-06-17T10:06:06.414+0800][47.207s][info][gc,metaspace   ] GC(1843) Metaspace: 117K(320K)->117K(320K) NonClass: 110K(192K)->110K(192K) Class: 7K(128K)->7K(128K)
[2026-06-17T10:06:06.415+0800][47.208s][info][gc             ] GC(1843) Pause Young (Allocation Failure) 39M->36M(57M) 5.009ms
[2026-06-17T10:06:06.416+0800][47.209s][info][gc,cpu         ] GC(1843) User=0.00s Sys=0.00s Real=0.01s
[2026-06-17T10:06:06.438+0800][47.231s][info][gc,start       ] GC(1844) Pause Young (Allocation Failure)
[2026-06-17T10:06:06.440+0800][47.233s][info][gc,heap        ] GC(1844) PSYoungGen: 11089K(14336K)->4078K(14336K) Eden: 7134K(7168K)->0K(7168K) From: 3954K(7168K)->4078K(7168K)
[2026-06-17T10:06:06.441+0800][47.234s][info][gc,heap        ] GC(1844) ParOldGen: 33278K(44032K)->33278K(44032K)
[2026-06-17T10:06:06.442+0800][47.234s][info][gc,metaspace   ] GC(1844) Metaspace: 117K(320K)->117K(320K) NonClass: 110K(192K)->110K(192K) Class: 7K(128K)->7K(128K)
[2026-06-17T10:06:06.442+0800][47.235s][info][gc             ] GC(1844) Pause Young (Allocation Failure) 43M->36M(57M) 4.028ms
[2026-06-17T10:06:06.443+0800][47.236s][info][gc,cpu         ] GC(1844) User=0.00s Sys=0.00s Real=0.01s
[2026-06-17T10:06:06.465+0800][47.258s][info][gc,start       ] GC(1845) Pause Young (Allocation Failure)
[2026-06-17T10:06:06.468+0800][47.260s][info][gc,heap        ] GC(1845) PSYoungGen: 11205K(14336K)->4331K(14848K) Eden: 7127K(7168K)->0K(7680K) From: 4078K(7168K)->4331K(7168K)
[2026-06-17T10:06:06.468+0800][47.261s][info][gc,heap        ] GC(1845) ParOldGen: 33278K(44032K)->33278K(44032K)
[2026-06-17T10:06:06.469+0800][47.262s][info][gc,metaspace   ] GC(1845) Metaspace: 117K(320K)->117K(320K) NonClass: 110K(192K)->110K(192K) Class: 7K(128K)->7K(128K)
[2026-06-17T10:06:06.470+0800][47.262s][info][gc             ] GC(1845) Pause Young (Allocation Failure) 43M->36M(57M) 4.460ms
[2026-06-17T10:06:06.470+0800][47.263s][info][gc,cpu         ] GC(1845) User=0.00s Sys=0.00s Real=0.00s
[2026-06-17T10:06:06.483+0800][47.275s][info][gc,start       ] GC(1846) Pause Young (Allocation Failure)
[2026-06-17T10:06:06.486+0800][47.278s][info][gc,heap        ] GC(1846) PSYoungGen: 11968K(14848K)->6464K(14336K) Eden: 7637K(7680K)->0K(7680K) From: 4331K(7168K)->6464K(6656K)
[2026-06-17T10:06:06.486+0800][47.279s][info][gc,heap        ] GC(1846) ParOldGen: 33278K(44032K)->35468K(44032K)
[2026-06-17T10:06:06.487+0800][47.280s][info][gc,metaspace   ] GC(1846) Metaspace: 117K(320K)->117K(320K) NonClass: 110K(192K)->110K(192K) Class: 7K(128K)->7K(128K)
[2026-06-17T10:06:06.487+0800][47.280s][info][gc             ] GC(1846) Pause Young (Allocation Failure) 44M->40M(57M) 5.015ms
[2026-06-17T10:06:06.488+0800][47.281s][info][gc,cpu         ] GC(1846) User=0.01s Sys=0.00s Real=0.01s
[2026-06-17T10:06:06.510+0800][47.303s][info][gc,start       ] GC(1847) Pause Young (Allocation Failure)
[2026-06-17T10:06:06.512+0800][47.304s][info][gc,heap        ] GC(1847) PSYoungGen: 14122K(14336K)->5343K(14336K) Eden: 7658K(7680K)->0K(7168K) From: 6464K(6656K)->5343K(7168K)
[2026-06-17T10:06:06.512+0800][47.305s][info][gc,heap        ] GC(1847) ParOldGen: 35468K(44032K)->37140K(44032K)
[2026-06-17T10:06:06.512+0800][47.305s][info][gc,metaspace   ] GC(1847) Metaspace: 117K(320K)->117K(320K) NonClass: 110K(192K)->110K(192K) Class: 7K(128K)->7K(128K)
[2026-06-17T10:06:06.513+0800][47.306s][info][gc             ] GC(1847) Pause Young (Allocation Failure) 48M->41M(57M) 2.520ms
[2026-06-17T10:06:06.513+0800][47.306s][info][gc,cpu         ] GC(1847) User=0.00s Sys=0.00s Real=0.01s
[2026-06-17T10:06:06.534+0800][47.327s][info][gc,start       ] GC(1848) Pause Young (Allocation Failure)
[2026-06-17T10:06:06.536+0800][47.329s][info][gc,heap        ] GC(1848) PSYoungGen: 12504K(14336K)->3446K(14336K) Eden: 7161K(7168K)->0K(7168K) From: 5343K(7168K)->3446K(7168K)
[2026-06-17T10:06:06.537+0800][47.330s][info][gc,heap        ] GC(1848) ParOldGen: 37140K(44032K)->38913K(44032K)
[2026-06-17T10:06:06.538+0800][47.330s][info][gc,metaspace   ] GC(1848) Metaspace: 117K(320K)->117K(320K) NonClass: 110K(192K)->110K(192K) Class: 7K(128K)->7K(128K)
[2026-06-17T10:06:06.538+0800][47.331s][info][gc             ] GC(1848) Pause Young (Allocation Failure) 48M->41M(57M) 3.952ms
[2026-06-17T10:06:06.539+0800][47.332s][info][gc,cpu         ] GC(1848) User=0.00s Sys=0.00s Real=0.00s
[2026-06-17T10:06:06.552+0800][47.344s][info][gc,start       ] GC(1849) Pause Young (Allocation Failure)
[2026-06-17T10:06:06.553+0800][47.346s][info][gc,heap        ] GC(1849) PSYoungGen: 10606K(14336K)->1651K(14336K) Eden: 7160K(7168K)->0K(7168K) From: 3446K(7168K)->1651K(7168K)
[2026-06-17T10:06:06.554+0800][47.347s][info][gc,heap        ] GC(1849) ParOldGen: 38913K(44032K)->41345K(44032K)
[2026-06-17T10:06:06.555+0800][47.348s][info][gc,metaspace   ] GC(1849) Metaspace: 117K(320K)->117K(320K) NonClass: 110K(192K)->110K(192K) Class: 7K(128K)->7K(128K)
[2026-06-17T10:06:06.556+0800][47.348s][info][gc             ] GC(1849) Pause Young (Allocation Failure) 48M->41M(57M) 4.173ms
[2026-06-17T10:06:06.559+0800][47.351s][info][gc,cpu         ] GC(1849) User=0.01s Sys=0.00s Real=0.00s
[2026-06-17T10:06:06.582+0800][47.375s][info][gc,start       ] GC(1850) Pause Full (Allocation Failure)
[2026-06-17T10:06:06.583+0800][47.376s][info][gc,phases,start] GC(1850) Marking Phase
[2026-06-17T10:06:06.586+0800][47.379s][info][gc,phases      ] GC(1850) Marking Phase 2.374ms
[2026-06-17T10:06:06.587+0800][47.379s][info][gc,phases,start] GC(1850) Summary Phase
[2026-06-17T10:06:06.587+0800][47.380s][info][gc,phases      ] GC(1850) Summary Phase 0.574ms
[2026-06-17T10:06:06.588+0800][47.381s][info][gc,phases,start] GC(1850) Forward
[2026-06-17T10:06:06.589+0800][47.381s][info][gc,phases      ] GC(1850) Forward 1.065ms
[2026-06-17T10:06:06.589+0800][47.382s][info][gc,phases,start] GC(1850) Adjust Pointers
[2026-06-17T10:06:06.590+0800][47.383s][info][gc,phases      ] GC(1850) Adjust Pointers 1.141ms
[2026-06-17T10:06:06.591+0800][47.383s][info][gc,phases,start] GC(1850) Compaction Phase
[2026-06-17T10:06:06.593+0800][47.386s][info][gc,phases      ] GC(1850) Compaction Phase 2.219ms
[2026-06-17T10:06:06.593+0800][47.386s][info][gc,phases,start] GC(1850) Post Compact
[2026-06-17T10:06:06.594+0800][47.387s][info][gc,phases      ] GC(1850) Post Compact 0.575ms
[2026-06-17T10:06:06.594+0800][47.387s][info][gc,heap        ] GC(1850) PSYoungGen: 8795K(14336K)->0K(14336K) Eden: 7144K(7168K)->0K(7168K) From: 1651K(7168K)->0K(7168K)
[2026-06-17T10:06:06.595+0800][47.387s][info][gc,heap        ] GC(1850) ParOldGen: 41345K(44032K)->38791K(44032K)
[2026-06-17T10:06:06.595+0800][47.388s][info][gc,metaspace   ] GC(1850) Metaspace: 117K(320K)->117K(320K) NonClass: 110K(192K)->110K(192K) Class: 7K(128K)->7K(128K)
[2026-06-17T10:06:06.595+0800][47.388s][info][gc             ] GC(1850) Pause Full (Allocation Failure) 48M->37M(57M) 13.047ms
[2026-06-17T10:06:06.595+0800][47.388s][info][gc,cpu         ] GC(1850) User=0.00s Sys=0.01s Real=0.02s
[2026-06-17T10:06:06.617+0800][47.410s][info][gc,start       ] GC(1851) Pause Young (Allocation Failure)
[2026-06-17T10:06:06.620+0800][47.412s][info][gc,heap        ] GC(1851) PSYoungGen: 7151K(14336K)->4001K(14336K) Eden: 7151K(7168K)->0K(7168K) From: 0K(7168K)->4001K(7168K)
[2026-06-17T10:06:06.620+0800][47.413s][info][gc,heap        ] GC(1851) ParOldGen: 38791K(44032K)->38791K(44032K)
[2026-06-17T10:06:06.621+0800][47.413s][info][gc,metaspace   ] GC(1851) Metaspace: 117K(320K)->117K(320K) NonClass: 110K(192K)->110K(192K) Class: 7K(128K)->7K(128K)
[2026-06-17T10:06:06.621+0800][47.414s][info][gc             ] GC(1851) Pause Young (Allocation Failure) 44M->41M(57M) 4.296ms
[2026-06-17T10:06:06.622+0800][47.414s][info][gc,cpu         ] GC(1851) User=0.00s Sys=0.00s Real=0.00s
[2026-06-17T10:06:06.644+0800][47.437s][info][gc,start       ] GC(1852) Pause Young (Allocation Failure)
[2026-06-17T10:06:06.646+0800][47.439s][info][gc,heap        ] GC(1852) PSYoungGen: 11129K(14336K)->1765K(14336K) Eden: 7127K(7168K)->0K(7168K) From: 4001K(7168K)->1765K(7168K)
[2026-06-17T10:06:06.647+0800][47.440s][info][gc,heap        ] GC(1852) ParOldGen: 38791K(44032K)->41106K(44032K)
[2026-06-17T10:06:06.648+0800][47.440s][info][gc,metaspace   ] GC(1852) Metaspace: 117K(320K)->117K(320K) NonClass: 110K(192K)->110K(192K) Class: 7K(128K)->7K(128K)
[2026-06-17T10:06:06.648+0800][47.441s][info][gc             ] GC(1852) Pause Young (Allocation Failure) 48M->41M(57M) 4.018ms
[2026-06-17T10:06:06.649+0800][47.442s][info][gc,cpu         ] GC(1852) User=0.00s Sys=0.00s Real=0.00s
[2026-06-17T10:06:06.661+0800][47.454s][info][gc,start       ] GC(1853) Pause Full (Allocation Failure)
[2026-06-17T10:06:06.662+0800][47.454s][info][gc,phases,start] GC(1853) Marking Phase
[2026-06-17T10:06:06.664+0800][47.457s][info][gc,phases      ] GC(1853) Marking Phase 2.646ms
[2026-06-17T10:06:06.665+0800][47.458s][info][gc,phases,start] GC(1853) Summary Phase
[2026-06-17T10:06:06.665+0800][47.458s][info][gc,phases      ] GC(1853) Summary Phase 0.489ms
[2026-06-17T10:06:06.666+0800][47.459s][info][gc,phases,start] GC(1853) Forward
[2026-06-17T10:06:06.666+0800][47.459s][info][gc,phases      ] GC(1853) Forward 0.565ms
[2026-06-17T10:06:06.667+0800][47.460s][info][gc,phases,start] GC(1853) Adjust Pointers
[2026-06-17T10:06:06.668+0800][47.461s][info][gc,phases      ] GC(1853) Adjust Pointers 1.338ms
[2026-06-17T10:06:06.669+0800][47.461s][info][gc,phases,start] GC(1853) Compaction Phase
[2026-06-17T10:06:06.671+0800][47.464s][info][gc,phases      ] GC(1853) Compaction Phase 2.276ms
[2026-06-17T10:06:06.671+0800][47.464s][info][gc,phases,start] GC(1853) Post Compact
[2026-06-17T10:06:06.672+0800][47.464s][info][gc,phases      ] GC(1853) Post Compact 0.312ms
[2026-06-17T10:06:06.672+0800][47.465s][info][gc,heap        ] GC(1853) PSYoungGen: 8920K(14336K)->0K(14336K) Eden: 7154K(7168K)->0K(7168K) From: 1765K(7168K)->0K(7168K)
[2026-06-17T10:06:06.672+0800][47.465s][info][gc,heap        ] GC(1853) ParOldGen: 41106K(44032K)->33876K(44032K)
[2026-06-17T10:06:06.672+0800][47.465s][info][gc,metaspace   ] GC(1853) Metaspace: 117K(320K)->117K(320K) NonClass: 110K(192K)->110K(192K) Class: 7K(128K)->7K(128K)
[2026-06-17T10:06:06.673+0800][47.466s][info][gc             ] GC(1853) Pause Full (Allocation Failure) 48M->33M(57M) 11.963ms
[2026-06-17T10:06:06.673+0800][47.466s][info][gc,cpu         ] GC(1853) User=0.01s Sys=0.00s Real=0.02s
[2026-06-17T10:06:06.695+0800][47.488s][info][gc,start       ] GC(1854) Pause Young (Allocation Failure)
[2026-06-17T10:06:06.698+0800][47.490s][info][gc,heap        ] GC(1854) PSYoungGen: 7133K(14336K)->3591K(14336K) Eden: 7133K(7168K)->0K(7168K) From: 0K(7168K)->3591K(7168K)
[2026-06-17T10:06:06.698+0800][47.491s][info][gc,heap        ] GC(1854) ParOldGen: 33876K(44032K)->33876K(44032K)
[2026-06-17T10:06:06.699+0800][47.491s][info][gc,metaspace   ] GC(1854) Metaspace: 117K(320K)->117K(320K) NonClass: 110K(192K)->110K(192K) Class: 7K(128K)->7K(128K)
[2026-06-17T10:06:06.699+0800][47.492s][info][gc             ] GC(1854) Pause Young (Allocation Failure) 40M->36M(57M) 4.012ms
[2026-06-17T10:06:06.699+0800][47.492s][info][gc,cpu         ] GC(1854) User=0.01s Sys=0.00s Real=0.00s
[2026-06-17T10:06:06.722+0800][47.515s][info][gc,start       ] GC(1855) Pause Young (Allocation Failure)
[2026-06-17T10:06:06.724+0800][47.517s][info][gc,heap        ] GC(1855) PSYoungGen: 10746K(14336K)->4034K(14336K) Eden: 7155K(7168K)->0K(7168K) From: 3591K(7168K)->4034K(7168K)
[2026-06-17T10:06:06.724+0800][47.517s][info][gc,heap        ] GC(1855) ParOldGen: 33876K(44032K)->33876K(44032K)
[2026-06-17T10:06:06.725+0800][47.518s][info][gc,metaspace   ] GC(1855) Metaspace: 117K(320K)->117K(320K) NonClass: 110K(192K)->110K(192K) Class: 7K(128K)->7K(128K)
[2026-06-17T10:06:06.725+0800][47.518s][info][gc             ] GC(1855) Pause Young (Allocation Failure) 43M->37M(57M) 3.688ms
[2026-06-17T10:06:06.726+0800][47.519s][info][gc,cpu         ] GC(1855) User=0.00s Sys=0.00s Real=0.01s
[2026-06-17T10:06:06.738+0800][47.531s][info][gc,start       ] GC(1856) Pause Young (Allocation Failure)
[2026-06-17T10:06:06.740+0800][47.533s][info][gc,heap        ] GC(1856) PSYoungGen: 11113K(14336K)->4403K(14336K) Eden: 7078K(7168K)->0K(7168K) From: 4034K(7168K)->4403K(7168K)
[2026-06-17T10:06:06.741+0800][47.534s][info][gc,heap        ] GC(1856) ParOldGen: 33876K(44032K)->33876K(44032K)
[2026-06-17T10:06:06.742+0800][47.535s][info][gc,metaspace   ] GC(1856) Metaspace: 117K(320K)->117K(320K) NonClass: 110K(192K)->110K(192K) Class: 7K(128K)->7K(128K)
[2026-06-17T10:06:06.743+0800][47.536s][info][gc             ] GC(1856) Pause Young (Allocation Failure) 43M->37M(57M) 4.750ms
[2026-06-17T10:06:06.744+0800][47.537s][info][gc,cpu         ] GC(1856) User=0.00s Sys=0.00s Real=0.01s
[2026-06-17T10:06:06.767+0800][47.560s][info][gc,start       ] GC(1857) Pause Young (Allocation Failure)
[2026-06-17T10:06:06.769+0800][47.562s][info][gc,heap        ] GC(1857) PSYoungGen: 11548K(14336K)->6566K(13824K) Eden: 7144K(7168K)->0K(7168K) From: 4403K(7168K)->6566K(6656K)
[2026-06-17T10:06:06.770+0800][47.563s][info][gc,heap        ] GC(1857) ParOldGen: 33876K(44032K)->35169K(44032K)
[2026-06-17T10:06:06.771+0800][47.563s][info][gc,metaspace   ] GC(1857) Metaspace: 117K(320K)->117K(320K) NonClass: 110K(192K)->110K(192K) Class: 7K(128K)->7K(128K)
[2026-06-17T10:06:06.771+0800][47.564s][info][gc             ] GC(1857) Pause Young (Allocation Failure) 44M->40M(56M) 4.366ms
[2026-06-17T10:06:06.772+0800][47.565s][info][gc,cpu         ] GC(1857) User=0.00s Sys=0.00s Real=0.01s
[2026-06-17T10:06:06.794+0800][47.587s][info][gc,start       ] GC(1858) Pause Young (Allocation Failure)
[2026-06-17T10:06:06.797+0800][47.590s][info][gc,heap        ] GC(1858) PSYoungGen: 13734K(13824K)->4848K(14336K) Eden: 7168K(7168K)->0K(7168K) From: 6566K(6656K)->4848K(7168K)
[2026-06-17T10:06:06.799+0800][47.592s][info][gc,heap        ] GC(1858) ParOldGen: 35169K(44032K)->36802K(44032K)
[2026-06-17T10:06:06.803+0800][47.595s][info][gc,metaspace   ] GC(1858) Metaspace: 117K(320K)->117K(320K) NonClass: 110K(192K)->110K(192K) Class: 7K(128K)->7K(128K)
[2026-06-17T10:06:06.803+0800][47.596s][info][gc             ] GC(1858) Pause Young (Allocation Failure) 47M->40M(57M) 9.001ms
[2026-06-17T10:06:06.804+0800][47.597s][info][gc,cpu         ] GC(1858) User=0.00s Sys=0.00s Real=0.01s
[2026-06-17T10:06:06.827+0800][47.620s][info][gc,start       ] GC(1859) Pause Young (Allocation Failure)
[2026-06-17T10:06:06.829+0800][47.622s][info][gc,heap        ] GC(1859) PSYoungGen: 11997K(14336K)->3494K(14336K) Eden: 7149K(7168K)->0K(7168K) From: 4848K(7168K)->3494K(7168K)
[2026-06-17T10:06:06.829+0800][47.622s][info][gc,heap        ] GC(1859) ParOldGen: 36802K(44032K)->38615K(44032K)
[2026-06-17T10:06:06.830+0800][47.623s][info][gc,metaspace   ] GC(1859) Metaspace: 117K(320K)->117K(320K) NonClass: 110K(192K)->110K(192K) Class: 7K(128K)->7K(128K)
[2026-06-17T10:06:06.831+0800][47.623s][info][gc             ] GC(1859) Pause Young (Allocation Failure) 47M->41M(57M) 3.884ms
[2026-06-17T10:06:06.831+0800][47.624s][info][gc,cpu         ] GC(1859) User=0.00s Sys=0.00s Real=0.01s
[2026-06-17T10:06:06.853+0800][47.646s][info][gc,start       ] GC(1860) Pause Young (Allocation Failure)
[2026-06-17T10:06:06.855+0800][47.648s][info][gc,heap        ] GC(1860) PSYoungGen: 10625K(14336K)->3837K(14336K) Eden: 7131K(7168K)->0K(7168K) From: 3494K(7168K)->3837K(7168K)
[2026-06-17T10:06:06.855+0800][47.648s][info][gc,heap        ] GC(1860) ParOldGen: 38615K(44032K)->38615K(44032K)
[2026-06-17T10:06:06.856+0800][47.649s][info][gc,metaspace   ] GC(1860) Metaspace: 117K(320K)->117K(320K) NonClass: 110K(192K)->110K(192K) Class: 7K(128K)->7K(128K)
[2026-06-17T10:06:06.857+0800][47.650s][info][gc             ] GC(1860) Pause Young (Allocation Failure) 48M->41M(57M) 3.608ms
[2026-06-17T10:06:06.857+0800][47.650s][info][gc,cpu         ] GC(1860) User=0.00s Sys=0.00s Real=0.00s
[2026-06-17T10:06:06.869+0800][47.662s][info][gc,start       ] GC(1861) Pause Young (Allocation Failure)
[2026-06-17T10:06:06.871+0800][47.663s][info][gc,heap        ] GC(1861) PSYoungGen: 10914K(14336K)->4315K(14848K) Eden: 7076K(7168K)->0K(7680K) From: 3837K(7168K)->4315K(7168K)
[2026-06-17T10:06:06.871+0800][47.664s][info][gc,heap        ] GC(1861) ParOldGen: 38615K(44032K)->38615K(44032K)
[2026-06-17T10:06:06.871+0800][47.664s][info][gc,metaspace   ] GC(1861) Metaspace: 117K(320K)->117K(320K) NonClass: 110K(192K)->110K(192K) Class: 7K(128K)->7K(128K)
[2026-06-17T10:06:06.872+0800][47.664s][info][gc             ] GC(1861) Pause Young (Allocation Failure) 48M->41M(57M) 2.398ms
[2026-06-17T10:06:06.872+0800][47.665s][info][gc,cpu         ] GC(1861) User=0.00s Sys=0.00s Real=0.01s
[2026-06-17T10:06:06.893+0800][47.686s][info][gc,start       ] GC(1862) Pause Young (Allocation Failure)
[2026-06-17T10:06:06.895+0800][47.688s][info][gc,heap        ] GC(1862) PSYoungGen: 11995K(14848K)->6544K(14336K) Eden: 7680K(7680K)->0K(7680K) From: 4315K(7168K)->6544K(6656K)
[2026-06-17T10:06:06.896+0800][47.689s][info][gc,heap        ] GC(1862) ParOldGen: 38615K(44032K)->40675K(44032K)
[2026-06-17T10:06:06.896+0800][47.689s][info][gc,metaspace   ] GC(1862) Metaspace: 117K(320K)->117K(320K) NonClass: 110K(192K)->110K(192K) Class: 7K(128K)->7K(128K)
[2026-06-17T10:06:06.896+0800][47.689s][info][gc             ] GC(1862) Pause Young (Allocation Failure) 49M->46M(57M) 3.214ms
[2026-06-17T10:06:06.897+0800][47.690s][info][gc,cpu         ] GC(1862) User=0.00s Sys=0.00s Real=0.00s
[2026-06-17T10:06:06.919+0800][47.712s][info][gc,start       ] GC(1863) Pause Full (Allocation Failure)
[2026-06-17T10:06:06.919+0800][47.712s][info][gc,phases,start] GC(1863) Marking Phase
[2026-06-17T10:06:06.921+0800][47.713s][info][gc,phases      ] GC(1863) Marking Phase 1.528ms
[2026-06-17T10:06:06.921+0800][47.714s][info][gc,phases,start] GC(1863) Summary Phase
[2026-06-17T10:06:06.922+0800][47.714s][info][gc,phases      ] GC(1863) Summary Phase 0.468ms
[2026-06-17T10:06:06.922+0800][47.715s][info][gc,phases,start] GC(1863) Forward
[2026-06-17T10:06:06.922+0800][47.715s][info][gc,phases      ] GC(1863) Forward 0.266ms
[2026-06-17T10:06:06.922+0800][47.715s][info][gc,phases,start] GC(1863) Adjust Pointers
[2026-06-17T10:06:06.923+0800][47.716s][info][gc,phases      ] GC(1863) Adjust Pointers 0.601ms
[2026-06-17T10:06:06.923+0800][47.716s][info][gc,phases,start] GC(1863) Compaction Phase
[2026-06-17T10:06:06.925+0800][47.718s][info][gc,phases      ] GC(1863) Compaction Phase 1.726ms
[2026-06-17T10:06:06.925+0800][47.718s][info][gc,phases,start] GC(1863) Post Compact
[2026-06-17T10:06:06.925+0800][47.718s][info][gc,phases      ] GC(1863) Post Compact 0.229ms
[2026-06-17T10:06:06.926+0800][47.718s][info][gc,heap        ] GC(1863) PSYoungGen: 14216K(14336K)->0K(14336K) Eden: 7671K(7680K)->0K(7168K) From: 6544K(6656K)->0K(7168K)
[2026-06-17T10:06:06.926+0800][47.719s][info][gc,heap        ] GC(1863) ParOldGen: 40675K(44032K)->26985K(44032K)
[2026-06-17T10:06:06.926+0800][47.719s][info][gc,metaspace   ] GC(1863) Metaspace: 117K(320K)->117K(320K) NonClass: 110K(192K)->110K(192K) Class: 7K(128K)->7K(128K)
[2026-06-17T10:06:06.926+0800][47.719s][info][gc             ] GC(1863) Pause Full (Allocation Failure) 53M->26M(57M) 7.222ms
[2026-06-17T10:06:06.926+0800][47.719s][info][gc,cpu         ] GC(1863) User=0.01s Sys=0.00s Real=0.01s
[2026-06-17T10:06:06.947+0800][47.740s][info][gc,start       ] GC(1864) Pause Young (Allocation Failure)
[2026-06-17T10:06:06.948+0800][47.741s][info][gc,heap        ] GC(1864) PSYoungGen: 7142K(14336K)->3627K(14336K) Eden: 7142K(7168K)->0K(7168K) From: 0K(7168K)->3627K(7168K)
[2026-06-17T10:06:06.949+0800][47.741s][info][gc,heap        ] GC(1864) ParOldGen: 26985K(44032K)->26985K(44032K)
[2026-06-17T10:06:06.949+0800][47.742s][info][gc,metaspace   ] GC(1864) Metaspace: 117K(320K)->117K(320K) NonClass: 110K(192K)->110K(192K) Class: 7K(128K)->7K(128K)
[2026-06-17T10:06:06.949+0800][47.742s][info][gc             ] GC(1864) Pause Young (Allocation Failure) 33M->29M(57M) 1.997ms
[2026-06-17T10:06:06.949+0800][47.742s][info][gc,cpu         ] GC(1864) User=0.00s Sys=0.00s Real=0.00s
[2026-06-17T10:06:06.960+0800][47.753s][info][gc,start       ] GC(1865) Pause Young (Allocation Failure)
[2026-06-17T10:06:06.962+0800][47.755s][info][gc,heap        ] GC(1865) PSYoungGen: 10734K(14336K)->7063K(14336K) Eden: 7107K(7168K)->0K(7168K) From: 3627K(7168K)->7063K(7168K)
[2026-06-17T10:06:06.963+0800][47.756s][info][gc,heap        ] GC(1865) ParOldGen: 26985K(44032K)->27336K(44032K)
[2026-06-17T10:06:06.964+0800][47.756s][info][gc,metaspace   ] GC(1865) Metaspace: 117K(320K)->117K(320K) NonClass: 110K(192K)->110K(192K) Class: 7K(128K)->7K(128K)
[2026-06-17T10:06:06.964+0800][47.757s][info][gc             ] GC(1865) Pause Young (Allocation Failure) 36M->33M(57M) 3.509ms
[2026-06-17T10:06:06.965+0800][47.757s][info][gc,cpu         ] GC(1865) User=0.00s Sys=0.00s Real=0.01s
[2026-06-17T10:06:06.987+0800][47.780s][info][gc,start       ] GC(1866) Pause Young (Allocation Failure)
[2026-06-17T10:06:06.990+0800][47.782s][info][gc,heap        ] GC(1866) PSYoungGen: 14200K(14336K)->7108K(14336K) Eden: 7137K(7168K)->0K(7168K) From: 7063K(7168K)->7108K(7168K)
[2026-06-17T10:06:06.990+0800][47.783s][info][gc,heap        ] GC(1866) ParOldGen: 27336K(44032K)->27461K(44032K)
[2026-06-17T10:06:06.991+0800][47.783s][info][gc,metaspace   ] GC(1866) Metaspace: 117K(320K)->117K(320K) NonClass: 110K(192K)->110K(192K) Class: 7K(128K)->7K(128K)
[2026-06-17T10:06:06.991+0800][47.784s][info][gc             ] GC(1866) Pause Young (Allocation Failure) 40M->33M(57M) 3.563ms
[2026-06-17T10:06:06.991+0800][47.784s][info][gc,cpu         ] GC(1866) User=0.01s Sys=0.00s Real=0.01s
[2026-06-17T10:06:07.013+0800][47.806s][info][gc,start       ] GC(1867) Pause Young (Allocation Failure)
[2026-06-17T10:06:07.015+0800][47.808s][info][gc,heap        ] GC(1867) PSYoungGen: 14274K(14336K)->3928K(14336K) Eden: 7166K(7168K)->0K(7168K) From: 7108K(7168K)->3928K(7168K)
[2026-06-17T10:06:07.015+0800][47.808s][info][gc,heap        ] GC(1867) ParOldGen: 27461K(44032K)->30409K(44032K)
[2026-06-17T10:06:07.016+0800][47.808s][info][gc,metaspace   ] GC(1867) Metaspace: 117K(320K)->117K(320K) NonClass: 110K(192K)->110K(192K) Class: 7K(128K)->7K(128K)
[2026-06-17T10:06:07.016+0800][47.809s][info][gc             ] GC(1867) Pause Young (Allocation Failure) 40M->33M(57M) 2.878ms
[2026-06-17T10:06:07.016+0800][47.809s][info][gc,cpu         ] GC(1867) User=0.00s Sys=0.00s Real=0.00s
[2026-06-17T10:06:07.028+0800][47.820s][info][gc,start       ] GC(1868) Pause Young (Allocation Failure)
[2026-06-17T10:06:07.029+0800][47.822s][info][gc,heap        ] GC(1868) PSYoungGen: 11031K(14336K)->3034K(14336K) Eden: 7102K(7168K)->0K(7168K) From: 3928K(7168K)->3034K(7168K)
[2026-06-17T10:06:07.029+0800][47.822s][info][gc,heap        ] GC(1868) ParOldGen: 30409K(44032K)->31802K(44032K)
[2026-06-17T10:06:07.029+0800][47.822s][info][gc,metaspace   ] GC(1868) Metaspace: 117K(320K)->117K(320K) NonClass: 110K(192K)->110K(192K) Class: 7K(128K)->7K(128K)
[2026-06-17T10:06:07.030+0800][47.822s][info][gc             ] GC(1868) Pause Young (Allocation Failure) 40M->34M(57M) 1.993ms
[2026-06-17T10:06:07.030+0800][47.823s][info][gc,cpu         ] GC(1868) User=0.00s Sys=0.00s Real=0.00s
[2026-06-17T10:06:07.051+0800][47.844s][info][gc,start       ] GC(1869) Pause Young (Allocation Failure)
[2026-06-17T10:06:07.054+0800][47.846s][info][gc,heap        ] GC(1869) PSYoungGen: 10175K(14336K)->3537K(14336K) Eden: 7141K(7168K)->0K(7168K) From: 3034K(7168K)->3537K(7168K)
[2026-06-17T10:06:07.054+0800][47.847s][info][gc,heap        ] GC(1869) ParOldGen: 31802K(44032K)->34780K(44032K)
[2026-06-17T10:06:07.056+0800][47.849s][info][gc,metaspace   ] GC(1869) Metaspace: 117K(320K)->117K(320K) NonClass: 110K(192K)->110K(192K) Class: 7K(128K)->7K(128K)
[2026-06-17T10:06:07.057+0800][47.850s][info][gc             ] GC(1869) Pause Young (Allocation Failure) 40M->37M(57M) 5.561ms
[2026-06-17T10:06:07.057+0800][47.850s][info][gc,cpu         ] GC(1869) User=0.01s Sys=0.00s Real=0.00s
[2026-06-17T10:06:07.079+0800][47.872s][info][gc,start       ] GC(1870) Pause Young (Allocation Failure)
[2026-06-17T10:06:07.081+0800][47.873s][info][gc,heap        ] GC(1870) PSYoungGen: 10693K(14336K)->3737K(14336K) Eden: 7156K(7168K)->0K(7168K) From: 3537K(7168K)->3737K(7168K)
[2026-06-17T10:06:07.081+0800][47.874s][info][gc,heap        ] GC(1870) ParOldGen: 34780K(44032K)->34780K(44032K)
[2026-06-17T10:06:07.081+0800][47.874s][info][gc,metaspace   ] GC(1870) Metaspace: 117K(320K)->117K(320K) NonClass: 110K(192K)->110K(192K) Class: 7K(128K)->7K(128K)
[2026-06-17T10:06:07.082+0800][47.874s][info][gc             ] GC(1870) Pause Young (Allocation Failure) 44M->37M(57M) 2.578ms
[2026-06-17T10:06:07.082+0800][47.875s][info][gc,cpu         ] GC(1870) User=0.00s Sys=0.00s Real=0.00s
[2026-06-17T10:06:07.103+0800][47.896s][info][gc,start       ] GC(1871) Pause Young (Allocation Failure)
[2026-06-17T10:06:07.104+0800][47.897s][info][gc,heap        ] GC(1871) PSYoungGen: 10847K(14336K)->1068K(14336K) Eden: 7109K(7168K)->0K(7168K) From: 3737K(7168K)->1068K(7168K)
[2026-06-17T10:06:07.105+0800][47.898s][info][gc,heap        ] GC(1871) ParOldGen: 34780K(44032K)->37221K(44032K)
[2026-06-17T10:06:07.105+0800][47.898s][info][gc,metaspace   ] GC(1871) Metaspace: 117K(320K)->117K(320K) NonClass: 110K(192K)->110K(192K) Class: 7K(128K)->7K(128K)
[2026-06-17T10:06:07.105+0800][47.898s][info][gc             ] GC(1871) Pause Young (Allocation Failure) 44M->37M(57M) 1.950ms
[2026-06-17T10:06:07.105+0800][47.898s][info][gc,cpu         ] GC(1871) User=0.00s Sys=0.00s Real=0.00s
[2026-06-17T10:06:07.117+0800][47.909s][info][gc,start       ] GC(1872) Pause Young (Allocation Failure)
[2026-06-17T10:06:07.120+0800][47.912s][info][gc,heap        ] GC(1872) PSYoungGen: 8221K(14336K)->4475K(14336K) Eden: 7153K(7168K)->0K(7168K) From: 1068K(7168K)->4475K(7168K)
[2026-06-17T10:06:07.120+0800][47.913s][info][gc,heap        ] GC(1872) ParOldGen: 37221K(44032K)->37221K(44032K)
[2026-06-17T10:06:07.121+0800][47.913s][info][gc,metaspace   ] GC(1872) Metaspace: 117K(320K)->117K(320K) NonClass: 110K(192K)->110K(192K) Class: 7K(128K)->7K(128K)
[2026-06-17T10:06:07.121+0800][47.914s][info][gc             ] GC(1872) Pause Young (Allocation Failure) 44M->40M(57M) 4.335ms
[2026-06-17T10:06:07.121+0800][47.914s][info][gc,cpu         ] GC(1872) User=0.00s Sys=0.00s Real=0.00s
[2026-06-17T10:06:07.143+0800][47.936s][info][gc,start       ] GC(1873) Pause Young (Allocation Failure)
[2026-06-17T10:06:07.145+0800][47.938s][info][gc,heap        ] GC(1873) PSYoungGen: 11609K(14336K)->2482K(14336K) Eden: 7133K(7168K)->0K(7168K) From: 4475K(7168K)->2482K(7168K)
[2026-06-17T10:06:07.146+0800][47.939s][info][gc,heap        ] GC(1873) ParOldGen: 37221K(44032K)->39209K(44032K)
[2026-06-17T10:06:07.147+0800][47.939s][info][gc,metaspace   ] GC(1873) Metaspace: 117K(320K)->117K(320K) NonClass: 110K(192K)->110K(192K) Class: 7K(128K)->7K(128K)
[2026-06-17T10:06:07.147+0800][47.940s][info][gc             ] GC(1873) Pause Young (Allocation Failure) 47M->40M(57M) 4.258ms
[2026-06-17T10:06:07.148+0800][47.941s][info][gc,cpu         ] GC(1873) User=0.01s Sys=0.00s Real=0.00s
[2026-06-17T10:06:07.160+0800][47.953s][info][gc,start       ] GC(1874) Pause Young (Allocation Failure)
[2026-06-17T10:06:07.162+0800][47.955s][info][gc,heap        ] GC(1874) PSYoungGen: 9635K(14336K)->6273K(14336K) Eden: 7152K(7168K)->0K(7168K) From: 2482K(7168K)->6273K(7168K)
[2026-06-17T10:06:07.162+0800][47.955s][info][gc,heap        ] GC(1874) ParOldGen: 39209K(44032K)->39209K(44032K)
[2026-06-17T10:06:07.163+0800][47.955s][info][gc,metaspace   ] GC(1874) Metaspace: 117K(320K)->117K(320K) NonClass: 110K(192K)->110K(192K) Class: 7K(128K)->7K(128K)
[2026-06-17T10:06:07.163+0800][47.956s][info][gc             ] GC(1874) Pause Young (Allocation Failure) 47M->44M(57M) 2.743ms
[2026-06-17T10:06:07.163+0800][47.956s][info][gc,cpu         ] GC(1874) User=0.00s Sys=0.00s Real=0.01s
[2026-06-17T10:06:07.185+0800][47.978s][info][gc,start       ] GC(1875) Pause Young (Allocation Failure)
[2026-06-17T10:06:07.188+0800][47.981s][info][gc,heap        ] GC(1875) PSYoungGen: 13430K(14336K)->3552K(14336K) Eden: 7157K(7168K)->0K(7168K) From: 6273K(7168K)->3552K(7168K)
[2026-06-17T10:06:07.188+0800][47.981s][info][gc,heap        ] GC(1875) ParOldGen: 39209K(44032K)->42302K(44032K)
[2026-06-17T10:06:07.189+0800][47.982s][info][gc,metaspace   ] GC(1875) Metaspace: 117K(320K)->117K(320K) NonClass: 110K(192K)->110K(192K) Class: 7K(128K)->7K(128K)
[2026-06-17T10:06:07.189+0800][47.982s][info][gc             ] GC(1875) Pause Young (Allocation Failure) 51M->44M(57M) 3.981ms
[2026-06-17T10:06:07.190+0800][47.983s][info][gc,cpu         ] GC(1875) User=0.00s Sys=0.00s Real=0.00s
[2026-06-17T10:06:07.212+0800][48.005s][info][gc,start       ] GC(1876) Pause Full (Allocation Failure)
[2026-06-17T10:06:07.213+0800][48.006s][info][gc,phases,start] GC(1876) Marking Phase
[2026-06-17T10:06:07.216+0800][48.008s][info][gc,phases      ] GC(1876) Marking Phase 2.478ms
[2026-06-17T10:06:07.216+0800][48.009s][info][gc,phases,start] GC(1876) Summary Phase
[2026-06-17T10:06:07.217+0800][48.009s][info][gc,phases      ] GC(1876) Summary Phase 0.445ms
[2026-06-17T10:06:07.217+0800][48.010s][info][gc,phases,start] GC(1876) Forward
[2026-06-17T10:06:07.217+0800][48.010s][info][gc,phases      ] GC(1876) Forward 0.503ms
[2026-06-17T10:06:07.218+0800][48.011s][info][gc,phases,start] GC(1876) Adjust Pointers
[2026-06-17T10:06:07.219+0800][48.012s][info][gc,phases      ] GC(1876) Adjust Pointers 1.689ms
[2026-06-17T10:06:07.220+0800][48.013s][info][gc,phases,start] GC(1876) Compaction Phase
[2026-06-17T10:06:07.222+0800][48.015s][info][gc,phases      ] GC(1876) Compaction Phase 2.309ms
[2026-06-17T10:06:07.223+0800][48.015s][info][gc,phases,start] GC(1876) Post Compact
[2026-06-17T10:06:07.223+0800][48.016s][info][gc,phases      ] GC(1876) Post Compact 0.340ms
[2026-06-17T10:06:07.223+0800][48.016s][info][gc,heap        ] GC(1876) PSYoungGen: 10709K(14336K)->0K(14336K) Eden: 7157K(7168K)->0K(7168K) From: 3552K(7168K)->0K(7168K)
[2026-06-17T10:06:07.223+0800][48.016s][info][gc,heap        ] GC(1876) ParOldGen: 42302K(44032K)->32260K(44032K)
[2026-06-17T10:06:07.224+0800][48.016s][info][gc,metaspace   ] GC(1876) Metaspace: 117K(320K)->117K(320K) NonClass: 110K(192K)->110K(192K) Class: 7K(128K)->7K(128K)
[2026-06-17T10:06:07.224+0800][48.016s][info][gc             ] GC(1876) Pause Full (Allocation Failure) 51M->31M(57M) 11.949ms
[2026-06-17T10:06:07.224+0800][48.017s][info][gc,cpu         ] GC(1876) User=0.01s Sys=0.00s Real=0.01s
[2026-06-17T10:06:07.235+0800][48.028s][info][gc,start       ] GC(1877) Pause Young (Allocation Failure)
[2026-06-17T10:06:07.236+0800][48.029s][info][gc,heap        ] GC(1877) PSYoungGen: 7067K(14336K)->3534K(14336K) Eden: 7067K(7168K)->0K(7168K) From: 0K(7168K)->3534K(7168K)
[2026-06-17T10:06:07.236+0800][48.029s][info][gc,heap        ] GC(1877) ParOldGen: 32260K(44032K)->32260K(44032K)
[2026-06-17T10:06:07.237+0800][48.030s][info][gc,metaspace   ] GC(1877) Metaspace: 117K(320K)->117K(320K) NonClass: 110K(192K)->110K(192K) Class: 7K(128K)->7K(128K)
[2026-06-17T10:06:07.237+0800][48.030s][info][gc             ] GC(1877) Pause Young (Allocation Failure) 38M->34M(57M) 2.151ms
[2026-06-17T10:06:07.238+0800][48.030s][info][gc,cpu         ] GC(1877) User=0.00s Sys=0.00s Real=0.00s
[2026-06-17T10:06:07.260+0800][48.052s][info][gc,start       ] GC(1878) Pause Young (Allocation Failure)
[2026-06-17T10:06:07.262+0800][48.055s][info][gc,heap        ] GC(1878) PSYoungGen: 10702K(14336K)->6943K(14336K) Eden: 7168K(7168K)->0K(7168K) From: 3534K(7168K)->6943K(7168K)
[2026-06-17T10:06:07.263+0800][48.055s][info][gc,heap        ] GC(1878) ParOldGen: 32260K(44032K)->32575K(44032K)
[2026-06-17T10:06:07.263+0800][48.056s][info][gc,metaspace   ] GC(1878) Metaspace: 117K(320K)->117K(320K) NonClass: 110K(192K)->110K(192K) Class: 7K(128K)->7K(128K)
[2026-06-17T10:06:07.264+0800][48.056s][info][gc             ] GC(1878) Pause Young (Allocation Failure) 41M->38M(57M) 3.870ms
[2026-06-17T10:06:07.264+0800][48.057s][info][gc,cpu         ] GC(1878) User=0.00s Sys=0.00s Real=0.01s
[2026-06-17T10:06:07.286+0800][48.078s][info][gc,start       ] GC(1879) Pause Young (Allocation Failure)
[2026-06-17T10:06:07.288+0800][48.080s][info][gc,heap        ] GC(1879) PSYoungGen: 14093K(14336K)->3523K(14336K) Eden: 7150K(7168K)->0K(7168K) From: 6943K(7168K)->3523K(7168K)
[2026-06-17T10:06:07.289+0800][48.082s][info][gc,heap        ] GC(1879) ParOldGen: 32575K(44032K)->36137K(44032K)
[2026-06-17T10:06:07.289+0800][48.082s][info][gc,metaspace   ] GC(1879) Metaspace: 117K(320K)->117K(320K) NonClass: 110K(192K)->110K(192K) Class: 7K(128K)->7K(128K)
[2026-06-17T10:06:07.290+0800][48.083s][info][gc             ] GC(1879) Pause Young (Allocation Failure) 45M->38M(57M) 4.444ms
[2026-06-17T10:06:07.290+0800][48.083s][info][gc,cpu         ] GC(1879) User=0.00s Sys=0.01s Real=0.01s
[2026-06-17T10:06:07.312+0800][48.105s][info][gc,start       ] GC(1880) Pause Young (Allocation Failure)
[2026-06-17T10:06:07.314+0800][48.106s][info][gc,heap        ] GC(1880) PSYoungGen: 10671K(14336K)->3875K(14336K) Eden: 7147K(7168K)->0K(7168K) From: 3523K(7168K)->3875K(7168K)
[2026-06-17T10:06:07.315+0800][48.108s][info][gc,heap        ] GC(1880) ParOldGen: 36137K(44032K)->36137K(44032K)
[2026-06-17T10:06:07.315+0800][48.108s][info][gc,metaspace   ] GC(1880) Metaspace: 117K(320K)->117K(320K) NonClass: 110K(192K)->110K(192K) Class: 7K(128K)->7K(128K)
[2026-06-17T10:06:07.316+0800][48.109s][info][gc             ] GC(1880) Pause Young (Allocation Failure) 45M->39M(57M) 3.835ms
[2026-06-17T10:06:07.317+0800][48.110s][info][gc,cpu         ] GC(1880) User=0.00s Sys=0.00s Real=0.00s
[2026-06-17T10:06:07.339+0800][48.132s][info][gc,start       ] GC(1881) Pause Young (Allocation Failure)
[2026-06-17T10:06:07.340+0800][48.133s][info][gc,heap        ] GC(1881) PSYoungGen: 11002K(14336K)->2567K(14336K) Eden: 7127K(7168K)->0K(7168K) From: 3875K(7168K)->2567K(7168K)
[2026-06-17T10:06:07.341+0800][48.134s][info][gc,heap        ] GC(1881) ParOldGen: 36137K(44032K)->37904K(44032K)
[2026-06-17T10:06:07.341+0800][48.134s][info][gc,metaspace   ] GC(1881) Metaspace: 117K(320K)->117K(320K) NonClass: 110K(192K)->110K(192K) Class: 7K(128K)->7K(128K)
[2026-06-17T10:06:07.341+0800][48.134s][info][gc             ] GC(1881) Pause Young (Allocation Failure) 46M->39M(57M) 2.144ms
[2026-06-17T10:06:07.342+0800][48.134s][info][gc,cpu         ] GC(1881) User=0.00s Sys=0.00s Real=0.00s
[2026-06-17T10:06:07.353+0800][48.145s][info][gc,start       ] GC(1882) Pause Young (Allocation Failure)
[2026-06-17T10:06:07.354+0800][48.147s][info][gc,heap        ] GC(1882) PSYoungGen: 9517K(14336K)->2308K(14336K) Eden: 6950K(7168K)->0K(7168K) From: 2567K(7168K)->2308K(7168K)
[2026-06-17T10:06:07.354+0800][48.147s][info][gc,heap        ] GC(1882) ParOldGen: 37904K(44032K)->37904K(44032K)
[2026-06-17T10:06:07.355+0800][48.147s][info][gc,metaspace   ] GC(1882) Metaspace: 117K(320K)->117K(320K) NonClass: 110K(192K)->110K(192K) Class: 7K(128K)->7K(128K)
[2026-06-17T10:06:07.355+0800][48.148s][info][gc             ] GC(1882) Pause Young (Allocation Failure) 46M->39M(57M) 2.182ms
[2026-06-17T10:06:07.355+0800][48.148s][info][gc,cpu         ] GC(1882) User=0.01s Sys=0.00s Real=0.00s
[2026-06-17T10:06:07.377+0800][48.169s][info][gc,start       ] GC(1883) Pause Young (Allocation Failure)
[2026-06-17T10:06:07.378+0800][48.171s][info][gc,heap        ] GC(1883) PSYoungGen: 9463K(14336K)->3693K(14336K) Eden: 7155K(7168K)->0K(7168K) From: 2308K(7168K)->3693K(7168K)
[2026-06-17T10:06:07.378+0800][48.171s][info][gc,heap        ] GC(1883) ParOldGen: 37904K(44032K)->40164K(44032K)
[2026-06-17T10:06:07.379+0800][48.171s][info][gc,metaspace   ] GC(1883) Metaspace: 117K(320K)->117K(320K) NonClass: 110K(192K)->110K(192K) Class: 7K(128K)->7K(128K)
[2026-06-17T10:06:07.379+0800][48.172s][info][gc             ] GC(1883) Pause Young (Allocation Failure) 46M->42M(57M) 2.165ms
[2026-06-17T10:06:07.379+0800][48.172s][info][gc,cpu         ] GC(1883) User=0.00s Sys=0.00s Real=0.00s
[2026-06-17T10:06:07.390+0800][48.183s][info][gc,start       ] GC(1884) Pause Full (Allocation Failure)
[2026-06-17T10:06:07.390+0800][48.183s][info][gc,phases,start] GC(1884) Marking Phase
[2026-06-17T10:06:07.392+0800][48.184s][info][gc,phases      ] GC(1884) Marking Phase 1.242ms
[2026-06-17T10:06:07.392+0800][48.185s][info][gc,phases,start] GC(1884) Summary Phase
[2026-06-17T10:06:07.392+0800][48.185s][info][gc,phases      ] GC(1884) Summary Phase 0.150ms
[2026-06-17T10:06:07.392+0800][48.185s][info][gc,phases,start] GC(1884) Forward
[2026-06-17T10:06:07.392+0800][48.185s][info][gc,phases      ] GC(1884) Forward 0.228ms
[2026-06-17T10:06:07.393+0800][48.185s][info][gc,phases,start] GC(1884) Adjust Pointers
[2026-06-17T10:06:07.393+0800][48.186s][info][gc,phases      ] GC(1884) Adjust Pointers 0.633ms
[2026-06-17T10:06:07.393+0800][48.186s][info][gc,phases,start] GC(1884) Compaction Phase
[2026-06-17T10:06:07.395+0800][48.188s][info][gc,phases      ] GC(1884) Compaction Phase 1.601ms
[2026-06-17T10:06:07.395+0800][48.188s][info][gc,phases,start] GC(1884) Post Compact
[2026-06-17T10:06:07.395+0800][48.188s][info][gc,phases      ] GC(1884) Post Compact 0.203ms
[2026-06-17T10:06:07.396+0800][48.188s][info][gc,heap        ] GC(1884) PSYoungGen: 10632K(14336K)->0K(14336K) Eden: 6939K(7168K)->0K(7168K) From: 3693K(7168K)->0K(7168K)
[2026-06-17T10:06:07.396+0800][48.189s][info][gc,heap        ] GC(1884) ParOldGen: 40164K(44032K)->30552K(44032K)
[2026-06-17T10:06:07.396+0800][48.189s][info][gc,metaspace   ] GC(1884) Metaspace: 117K(320K)->117K(320K) NonClass: 110K(192K)->110K(192K) Class: 7K(128K)->7K(128K)
[2026-06-17T10:06:07.396+0800][48.189s][info][gc             ] GC(1884) Pause Full (Allocation Failure) 49M->29M(57M) 6.074ms
[2026-06-17T10:06:07.397+0800][48.190s][info][gc,cpu         ] GC(1884) User=0.00s Sys=0.00s Real=0.01s
[2026-06-17T10:06:07.418+0800][48.211s][info][gc,start       ] GC(1885) Pause Young (Allocation Failure)
[2026-06-17T10:06:07.419+0800][48.212s][info][gc,heap        ] GC(1885) PSYoungGen: 7120K(14336K)->3843K(14336K) Eden: 7120K(7168K)->0K(7168K) From: 0K(7168K)->3843K(7168K)
[2026-06-17T10:06:07.419+0800][48.212s][info][gc,heap        ] GC(1885) ParOldGen: 30552K(44032K)->30552K(44032K)
[2026-06-17T10:06:07.419+0800][48.212s][info][gc,metaspace   ] GC(1885) Metaspace: 117K(320K)->117K(320K) NonClass: 110K(192K)->110K(192K) Class: 7K(128K)->7K(128K)
[2026-06-17T10:06:07.419+0800][48.212s][info][gc             ] GC(1885) Pause Young (Allocation Failure) 36M->33M(57M) 1.042ms
[2026-06-17T10:06:07.419+0800][48.212s][info][gc,cpu         ] GC(1885) User=0.00s Sys=0.00s Real=0.00s
[2026-06-17T10:06:07.440+0800][48.233s][info][gc,start       ] GC(1886) Pause Young (Allocation Failure)
[2026-06-17T10:06:07.442+0800][48.234s][info][gc,heap        ] GC(1886) PSYoungGen: 11011K(14336K)->4072K(14336K) Eden: 7168K(7168K)->0K(7168K) From: 3843K(7168K)->4072K(7168K)
[2026-06-17T10:06:07.442+0800][48.235s][info][gc,heap        ] GC(1886) ParOldGen: 30552K(44032K)->30552K(44032K)
[2026-06-17T10:06:07.442+0800][48.235s][info][gc,metaspace   ] GC(1886) Metaspace: 117K(320K)->117K(320K) NonClass: 110K(192K)->110K(192K) Class: 7K(128K)->7K(128K)
[2026-06-17T10:06:07.442+0800][48.235s][info][gc             ] GC(1886) Pause Young (Allocation Failure) 40M->33M(57M) 1.710ms
[2026-06-17T10:06:07.442+0800][48.235s][info][gc,cpu         ] GC(1886) User=0.00s Sys=0.00s Real=0.00s
[2026-06-17T10:06:07.464+0800][48.256s][info][gc,start       ] GC(1887) Pause Young (Allocation Failure)
[2026-06-17T10:06:07.466+0800][48.259s][info][gc,heap        ] GC(1887) PSYoungGen: 11233K(14336K)->4386K(14848K) Eden: 7160K(7168K)->0K(7680K) From: 4072K(7168K)->4386K(7168K)
[2026-06-17T10:06:07.467+0800][48.259s][info][gc,heap        ] GC(1887) ParOldGen: 30552K(44032K)->30552K(44032K)
[2026-06-17T10:06:07.467+0800][48.260s][info][gc,metaspace   ] GC(1887) Metaspace: 117K(320K)->117K(320K) NonClass: 110K(192K)->110K(192K) Class: 7K(128K)->7K(128K)
[2026-06-17T10:06:07.468+0800][48.261s][info][gc             ] GC(1887) Pause Young (Allocation Failure) 40M->34M(57M) 4.260ms
[2026-06-17T10:06:07.468+0800][48.261s][info][gc,cpu         ] GC(1887) User=0.01s Sys=0.00s Real=0.00s
[2026-06-17T10:06:07.491+0800][48.284s][info][gc,start       ] GC(1888) Pause Young (Allocation Failure)
[2026-06-17T10:06:07.493+0800][48.286s][info][gc,heap        ] GC(1888) PSYoungGen: 12044K(14848K)->5241K(14336K) Eden: 7658K(7680K)->0K(7680K) From: 4386K(7168K)->5241K(6656K)
[2026-06-17T10:06:07.494+0800][48.287s][info][gc,heap        ] GC(1888) ParOldGen: 30552K(44032K)->30552K(44032K)
[2026-06-17T10:06:07.494+0800][48.287s][info][gc,metaspace   ] GC(1888) Metaspace: 117K(320K)->117K(320K) NonClass: 110K(192K)->110K(192K) Class: 7K(128K)->7K(128K)
[2026-06-17T10:06:07.495+0800][48.288s][info][gc             ] GC(1888) Pause Young (Allocation Failure) 41M->34M(57M) 3.954ms
[2026-06-17T10:06:07.495+0800][48.288s][info][gc,cpu         ] GC(1888) User=0.00s Sys=0.00s Real=0.00s
[2026-06-17T10:06:07.507+0800][48.300s][info][gc,start       ] GC(1889) Pause Young (Allocation Failure)
[2026-06-17T10:06:07.508+0800][48.301s][info][gc,heap        ] GC(1889) PSYoungGen: 12794K(14336K)->6143K(14336K) Eden: 7552K(7680K)->0K(7168K) From: 5241K(6656K)->6143K(7168K)
[2026-06-17T10:06:07.509+0800][48.302s][info][gc,heap        ] GC(1889) ParOldGen: 30552K(44032K)->30552K(44032K)
[2026-06-17T10:06:07.509+0800][48.302s][info][gc,metaspace   ] GC(1889) Metaspace: 117K(320K)->117K(320K) NonClass: 110K(192K)->110K(192K) Class: 7K(128K)->7K(128K)
[2026-06-17T10:06:07.510+0800][48.302s][info][gc             ] GC(1889) Pause Young (Allocation Failure) 42M->35M(57M) 2.639ms
[2026-06-17T10:06:07.510+0800][48.303s][info][gc,cpu         ] GC(1889) User=0.00s Sys=0.00s Real=0.00s
[2026-06-17T10:06:07.532+0800][48.325s][info][gc,start       ] GC(1890) Pause Young (Allocation Failure)
[2026-06-17T10:06:07.534+0800][48.327s][info][gc,heap        ] GC(1890) PSYoungGen: 13302K(14336K)->7150K(14336K) Eden: 7158K(7168K)->0K(7168K) From: 6143K(7168K)->7150K(7168K)
[2026-06-17T10:06:07.535+0800][48.327s][info][gc,heap        ] GC(1890) ParOldGen: 30552K(44032K)->33475K(44032K)
[2026-06-17T10:06:07.535+0800][48.328s][info][gc,metaspace   ] GC(1890) Metaspace: 117K(320K)->117K(320K) NonClass: 110K(192K)->110K(192K) Class: 7K(128K)->7K(128K)
[2026-06-17T10:06:07.535+0800][48.328s][info][gc             ] GC(1890) Pause Young (Allocation Failure) 42M->39M(57M) 3.404ms
[2026-06-17T10:06:07.536+0800][48.329s][info][gc,cpu         ] GC(1890) User=0.01s Sys=0.00s Real=0.00s
[2026-06-17T10:06:07.558+0800][48.350s][info][gc,start       ] GC(1891) Pause Young (Allocation Failure)
[2026-06-17T10:06:07.560+0800][48.352s][info][gc,heap        ] GC(1891) PSYoungGen: 14287K(14336K)->5715K(14336K) Eden: 7137K(7168K)->0K(7168K) From: 7150K(7168K)->5715K(7168K)
[2026-06-17T10:06:07.560+0800][48.353s][info][gc,heap        ] GC(1891) ParOldGen: 33475K(44032K)->35371K(44032K)
[2026-06-17T10:06:07.561+0800][48.353s][info][gc,metaspace   ] GC(1891) Metaspace: 117K(320K)->117K(320K) NonClass: 110K(192K)->110K(192K) Class: 7K(128K)->7K(128K)
[2026-06-17T10:06:07.561+0800][48.354s][info][gc             ] GC(1891) Pause Young (Allocation Failure) 46M->40M(57M) 3.451ms
[2026-06-17T10:06:07.561+0800][48.354s][info][gc,cpu         ] GC(1891) User=0.00s Sys=0.00s Real=0.00s
[2026-06-17T10:06:07.583+0800][48.376s][info][gc,start       ] GC(1892) Pause Young (Allocation Failure)
[2026-06-17T10:06:07.586+0800][48.378s][info][gc,heap        ] GC(1892) PSYoungGen: 12855K(14336K)->4431K(14336K) Eden: 7139K(7168K)->0K(7168K) From: 5715K(7168K)->4431K(7168K)
[2026-06-17T10:06:07.586+0800][48.379s][info][gc,heap        ] GC(1892) ParOldGen: 35371K(44032K)->36648K(44032K)
[2026-06-17T10:06:07.587+0800][48.379s][info][gc,metaspace   ] GC(1892) Metaspace: 117K(320K)->117K(320K) NonClass: 110K(192K)->110K(192K) Class: 7K(128K)->7K(128K)
[2026-06-17T10:06:07.587+0800][48.380s][info][gc             ] GC(1892) Pause Young (Allocation Failure) 47M->40M(57M) 3.799ms
[2026-06-17T10:06:07.587+0800][48.380s][info][gc,cpu         ] GC(1892) User=0.00s Sys=0.00s Real=0.00s
[2026-06-17T10:06:07.599+0800][48.392s][info][gc,start       ] GC(1893) Pause Young (Allocation Failure)
[2026-06-17T10:06:07.601+0800][48.393s][info][gc,heap        ] GC(1893) PSYoungGen: 11581K(14336K)->5319K(14336K) Eden: 7150K(7168K)->0K(7168K) From: 4431K(7168K)->5319K(7168K)
[2026-06-17T10:06:07.601+0800][48.394s][info][gc,heap        ] GC(1893) ParOldGen: 36648K(44032K)->39385K(44032K)
[2026-06-17T10:06:07.602+0800][48.394s][info][gc,metaspace   ] GC(1893) Metaspace: 117K(320K)->117K(320K) NonClass: 110K(192K)->110K(192K) Class: 7K(128K)->7K(128K)
[2026-06-17T10:06:07.602+0800][48.395s][info][gc             ] GC(1893) Pause Young (Allocation Failure) 47M->43M(57M) 3.113ms
[2026-06-17T10:06:07.602+0800][48.395s][info][gc,cpu         ] GC(1893) User=0.01s Sys=0.00s Real=0.00s
[2026-06-17T10:06:07.624+0800][48.417s][info][gc,start       ] GC(1894) Pause Young (Allocation Failure)
[2026-06-17T10:06:07.626+0800][48.419s][info][gc,heap        ] GC(1894) PSYoungGen: 12477K(14336K)->2631K(14336K) Eden: 7157K(7168K)->0K(7168K) From: 5319K(7168K)->2631K(7168K)
[2026-06-17T10:06:07.627+0800][48.419s][info][gc,heap        ] GC(1894) ParOldGen: 39385K(44032K)->42249K(44032K)
[2026-06-17T10:06:07.627+0800][48.420s][info][gc,metaspace   ] GC(1894) Metaspace: 117K(320K)->117K(320K) NonClass: 110K(192K)->110K(192K) Class: 7K(128K)->7K(128K)
[2026-06-17T10:06:07.628+0800][48.421s][info][gc             ] GC(1894) Pause Young (Allocation Failure) 50M->43M(57M) 3.793ms
[2026-06-17T10:06:07.628+0800][48.421s][info][gc,cpu         ] GC(1894) User=0.00s Sys=0.00s Real=0.00s
[2026-06-17T10:06:07.650+0800][48.443s][info][gc,start       ] GC(1895) Pause Full (Allocation Failure)
[2026-06-17T10:06:07.653+0800][48.446s][info][gc,phases,start] GC(1895) Marking Phase
[2026-06-17T10:06:07.657+0800][48.450s][info][gc,phases      ] GC(1895) Marking Phase 3.769ms
[2026-06-17T10:06:07.660+0800][48.453s][info][gc,phases,start] GC(1895) Summary Phase
[2026-06-17T10:06:07.664+0800][48.456s][info][gc,phases      ] GC(1895) Summary Phase 3.109ms
[2026-06-17T10:06:07.668+0800][48.461s][info][gc,phases,start] GC(1895) Forward
[2026-06-17T10:06:07.671+0800][48.464s][info][gc,phases      ] GC(1895) Forward 3.201ms
[2026-06-17T10:06:07.673+0800][48.466s][info][gc,phases,start] GC(1895) Adjust Pointers
[2026-06-17T10:06:07.674+0800][48.467s][info][gc,phases      ] GC(1895) Adjust Pointers 1.108ms
[2026-06-17T10:06:07.675+0800][48.468s][info][gc,phases,start] GC(1895) Compaction Phase
[2026-06-17T10:06:07.677+0800][48.469s][info][gc,phases      ] GC(1895) Compaction Phase 1.802ms
[2026-06-17T10:06:07.682+0800][48.475s][info][gc,phases,start] GC(1895) Post Compact
[2026-06-17T10:06:07.690+0800][48.483s][info][gc,phases      ] GC(1895) Post Compact 8.367ms
[2026-06-17T10:06:07.691+0800][48.484s][info][gc,heap        ] GC(1895) PSYoungGen: 9799K(14336K)->0K(14336K) Eden: 7168K(7168K)->0K(7168K) From: 2631K(7168K)->0K(7168K)
[2026-06-17T10:06:07.694+0800][48.486s][info][gc,heap        ] GC(1895) ParOldGen: 42249K(44032K)->27255K(44032K)
[2026-06-17T10:06:07.696+0800][48.489s][info][gc,metaspace   ] GC(1895) Metaspace: 117K(320K)->117K(320K) NonClass: 110K(192K)->110K(192K) Class: 7K(128K)->7K(128K)
[2026-06-17T10:06:07.697+0800][48.489s][info][gc             ] GC(1895) Pause Full (Allocation Failure) 50M->26M(57M) 46.494ms
[2026-06-17T10:06:07.697+0800][48.490s][info][gc,cpu         ] GC(1895) User=0.01s Sys=0.01s Real=0.05s
[2026-06-17T10:06:07.709+0800][48.501s][info][gc,start       ] GC(1896) Pause Young (Allocation Failure)
[2026-06-17T10:06:07.713+0800][48.505s][info][gc,heap        ] GC(1896) PSYoungGen: 7003K(14336K)->3470K(14336K) Eden: 7003K(7168K)->0K(7168K) From: 0K(7168K)->3470K(7168K)
[2026-06-17T10:06:07.714+0800][48.507s][info][gc,heap        ] GC(1896) ParOldGen: 27255K(44032K)->27255K(44032K)
[2026-06-17T10:06:07.715+0800][48.508s][info][gc,metaspace   ] GC(1896) Metaspace: 117K(320K)->117K(320K) NonClass: 110K(192K)->110K(192K) Class: 7K(128K)->7K(128K)
[2026-06-17T10:06:07.715+0800][48.508s][info][gc             ] GC(1896) Pause Young (Allocation Failure) 33M->30M(57M) 6.606ms
[2026-06-17T10:06:07.716+0800][48.509s][info][gc,cpu         ] GC(1896) User=0.00s Sys=0.00s Real=0.01s
[2026-06-17T10:06:07.737+0800][48.530s][info][gc,start       ] GC(1897) Pause Young (Allocation Failure)
[2026-06-17T10:06:07.739+0800][48.532s][info][gc,heap        ] GC(1897) PSYoungGen: 10628K(14336K)->7115K(14336K) Eden: 7158K(7168K)->0K(7168K) From: 3470K(7168K)->7115K(7168K)
[2026-06-17T10:06:07.740+0800][48.532s][info][gc,heap        ] GC(1897) ParOldGen: 27255K(44032K)->27511K(44032K)
[2026-06-17T10:06:07.740+0800][48.533s][info][gc,metaspace   ] GC(1897) Metaspace: 117K(320K)->117K(320K) NonClass: 110K(192K)->110K(192K) Class: 7K(128K)->7K(128K)
[2026-06-17T10:06:07.740+0800][48.533s][info][gc             ] GC(1897) Pause Young (Allocation Failure) 36M->33M(57M) 2.973ms
[2026-06-17T10:06:07.741+0800][48.533s][info][gc,cpu         ] GC(1897) User=0.00s Sys=0.00s Real=0.00s
[2026-06-17T10:06:07.762+0800][48.555s][info][gc,start       ] GC(1898) Pause Young (Allocation Failure)
[2026-06-17T10:06:07.764+0800][48.556s][info][gc,heap        ] GC(1898) PSYoungGen: 14263K(14336K)->3669K(14336K) Eden: 7148K(7168K)->0K(7168K) From: 7115K(7168K)->3669K(7168K)
[2026-06-17T10:06:07.767+0800][48.559s][info][gc,heap        ] GC(1898) ParOldGen: 27511K(44032K)->31530K(44032K)
[2026-06-17T10:06:07.767+0800][48.560s][info][gc,metaspace   ] GC(1898) Metaspace: 117K(320K)->117K(320K) NonClass: 110K(192K)->110K(192K) Class: 7K(128K)->7K(128K)
[2026-06-17T10:06:07.767+0800][48.560s][info][gc             ] GC(1898) Pause Young (Allocation Failure) 40M->34M(57M) 5.050ms
[2026-06-17T10:06:07.768+0800][48.560s][info][gc,cpu         ] GC(1898) User=0.00s Sys=0.00s Real=0.01s
[2026-06-17T10:06:07.789+0800][48.581s][info][gc,start       ] GC(1899) Pause Young (Allocation Failure)
[2026-06-17T10:06:07.790+0800][48.582s][info][gc,heap        ] GC(1899) PSYoungGen: 10837K(14336K)->3838K(14336K) Eden: 7167K(7168K)->0K(7168K) From: 3669K(7168K)->3838K(7168K)
[2026-06-17T10:06:07.790+0800][48.583s][info][gc,heap        ] GC(1899) ParOldGen: 31530K(44032K)->31530K(44032K)
[2026-06-17T10:06:07.791+0800][48.583s][info][gc,metaspace   ] GC(1899) Metaspace: 117K(320K)->117K(320K) NonClass: 110K(192K)->110K(192K) Class: 7K(128K)->7K(128K)
[2026-06-17T10:06:07.791+0800][48.584s][info][gc             ] GC(1899) Pause Young (Allocation Failure) 41M->34M(57M) 2.707ms
[2026-06-17T10:06:07.792+0800][48.585s][info][gc,cpu         ] GC(1899) User=0.00s Sys=0.00s Real=0.01s
[2026-06-17T10:06:07.813+0800][48.606s][info][gc,start       ] GC(1900) Pause Young (Allocation Failure)
[2026-06-17T10:06:07.814+0800][48.607s][info][gc,heap        ] GC(1900) PSYoungGen: 11000K(14336K)->2214K(14336K) Eden: 7161K(7168K)->0K(7168K) From: 3838K(7168K)->2214K(7168K)
[2026-06-17T10:06:07.815+0800][48.607s][info][gc,heap        ] GC(1900) ParOldGen: 31530K(44032K)->33278K(44032K)
[2026-06-17T10:06:07.815+0800][48.608s][info][gc,metaspace   ] GC(1900) Metaspace: 117K(320K)->117K(320K) NonClass: 110K(192K)->110K(192K) Class: 7K(128K)->7K(128K)
[2026-06-17T10:06:07.816+0800][48.608s][info][gc             ] GC(1900) Pause Young (Allocation Failure) 41M->34M(57M) 2.614ms
[2026-06-17T10:06:07.816+0800][48.609s][info][gc,cpu         ] GC(1900) User=0.00s Sys=0.00s Real=0.00s
[2026-06-17T10:06:07.827+0800][48.620s][info][gc,start       ] GC(1901) Pause Young (Allocation Failure)
[2026-06-17T10:06:07.828+0800][48.621s][info][gc,heap        ] GC(1901) PSYoungGen: 9318K(14336K)->2606K(14336K) Eden: 7104K(7168K)->0K(7168K) From: 2214K(7168K)->2606K(7168K)
[2026-06-17T10:06:07.829+0800][48.622s][info][gc,heap        ] GC(1901) ParOldGen: 33278K(44032K)->33278K(44032K)
[2026-06-17T10:06:07.829+0800][48.622s][info][gc,metaspace   ] GC(1901) Metaspace: 117K(320K)->117K(320K) NonClass: 110K(192K)->110K(192K) Class: 7K(128K)->7K(128K)
[2026-06-17T10:06:07.830+0800][48.623s][info][gc             ] GC(1901) Pause Young (Allocation Failure) 41M->35M(57M) 2.467ms
[2026-06-17T10:06:07.830+0800][48.623s][info][gc,cpu         ] GC(1901) User=0.01s Sys=0.00s Real=0.00s
[2026-06-17T10:06:07.852+0800][48.644s][info][gc,start       ] GC(1902) Pause Young (Allocation Failure)
[2026-06-17T10:06:07.853+0800][48.645s][info][gc,heap        ] GC(1902) PSYoungGen: 9728K(14336K)->3507K(14336K) Eden: 7122K(7168K)->0K(7168K) From: 2606K(7168K)->3507K(7168K)
[2026-06-17T10:06:07.853+0800][48.646s][info][gc,heap        ] GC(1902) ParOldGen: 33278K(44032K)->35828K(44032K)
[2026-06-17T10:06:07.853+0800][48.646s][info][gc,metaspace   ] GC(1902) Metaspace: 117K(320K)->117K(320K) NonClass: 110K(192K)->110K(192K) Class: 7K(128K)->7K(128K)
[2026-06-17T10:06:07.853+0800][48.646s][info][gc             ] GC(1902) Pause Young (Allocation Failure) 41M->38M(57M) 1.593ms
[2026-06-17T10:06:07.853+0800][48.646s][info][gc,cpu         ] GC(1902) User=0.00s Sys=0.00s Real=0.00s
[2026-06-17T10:06:07.864+0800][48.657s][info][gc,start       ] GC(1903) Pause Young (Allocation Failure)
[2026-06-17T10:06:07.865+0800][48.658s][info][gc,heap        ] GC(1903) PSYoungGen: 10545K(14336K)->3456K(14336K) Eden: 7037K(7168K)->0K(7168K) From: 3507K(7168K)->3456K(7168K)
[2026-06-17T10:06:07.865+0800][48.658s][info][gc,heap        ] GC(1903) ParOldGen: 35828K(44032K)->35828K(44032K)
[2026-06-17T10:06:07.866+0800][48.658s][info][gc,metaspace   ] GC(1903) Metaspace: 117K(320K)->117K(320K) NonClass: 110K(192K)->110K(192K) Class: 7K(128K)->7K(128K)
[2026-06-17T10:06:07.866+0800][48.658s][info][gc             ] GC(1903) Pause Young (Allocation Failure) 45M->38M(57M) 1.507ms
[2026-06-17T10:06:07.866+0800][48.659s][info][gc,cpu         ] GC(1903) User=0.00s Sys=0.00s Real=0.00s
[2026-06-17T10:06:07.887+0800][48.680s][info][gc,start       ] GC(1904) Pause Young (Allocation Failure)
[2026-06-17T10:06:07.888+0800][48.681s][info][gc,heap        ] GC(1904) PSYoungGen: 10624K(14336K)->3402K(14336K) Eden: 7168K(7168K)->0K(7168K) From: 3456K(7168K)->3402K(7168K)
[2026-06-17T10:06:07.889+0800][48.681s][info][gc,heap        ] GC(1904) ParOldGen: 35828K(44032K)->39260K(44032K)
[2026-06-17T10:06:07.889+0800][48.681s][info][gc,metaspace   ] GC(1904) Metaspace: 121K(320K)->121K(320K) NonClass: 114K(192K)->114K(192K) Class: 7K(128K)->7K(128K)
[2026-06-17T10:06:07.889+0800][48.682s][info][gc             ] GC(1904) Pause Young (Allocation Failure) 45M->41M(57M) 1.909ms
[2026-06-17T10:06:07.889+0800][48.682s][info][gc,cpu         ] GC(1904) User=0.00s Sys=0.00s Real=0.00s
[2026-06-17T10:06:07.910+0800][48.703s][info][gc,start       ] GC(1905) Pause Full (Allocation Failure)
[2026-06-17T10:06:07.911+0800][48.703s][info][gc,phases,start] GC(1905) Marking Phase
[2026-06-17T10:06:07.912+0800][48.705s][info][gc,phases      ] GC(1905) Marking Phase 1.254ms
[2026-06-17T10:06:07.916+0800][48.708s][info][gc,phases,start] GC(1905) Summary Phase
[2026-06-17T10:06:07.918+0800][48.711s][info][gc,phases      ] GC(1905) Summary Phase 2.634ms
[2026-06-17T10:06:07.919+0800][48.712s][info][gc,phases,start] GC(1905) Forward
[2026-06-17T10:06:07.920+0800][48.713s][info][gc,phases      ] GC(1905) Forward 0.508ms
[2026-06-17T10:06:07.921+0800][48.713s][info][gc,phases,start] GC(1905) Adjust Pointers
[2026-06-17T10:06:07.921+0800][48.714s][info][gc,phases      ] GC(1905) Adjust Pointers 0.942ms
[2026-06-17T10:06:07.923+0800][48.715s][info][gc,phases,start] GC(1905) Compaction Phase
[2026-06-17T10:06:07.927+0800][48.720s][info][gc,phases      ] GC(1905) Compaction Phase 4.304ms
[2026-06-17T10:06:07.928+0800][48.721s][info][gc,phases,start] GC(1905) Post Compact
[2026-06-17T10:06:07.934+0800][48.727s][info][gc,phases      ] GC(1905) Post Compact 6.242ms
[2026-06-17T10:06:07.940+0800][48.733s][info][gc,heap        ] GC(1905) PSYoungGen: 10521K(14336K)->0K(14336K) Eden: 7119K(7168K)->0K(7168K) From: 3402K(7168K)->0K(7168K)
[2026-06-17T10:06:07.941+0800][48.734s][info][gc,heap        ] GC(1905) ParOldGen: 39260K(44032K)->29805K(44032K)
[2026-06-17T10:06:07.941+0800][48.734s][info][gc,metaspace   ] GC(1905) Metaspace: 121K(320K)->121K(320K) NonClass: 114K(192K)->114K(192K) Class: 7K(128K)->7K(128K)
[2026-06-17T10:06:07.941+0800][48.734s][info][gc             ] GC(1905) Pause Full (Allocation Failure) 48M->29M(57M) 31.005ms
[2026-06-17T10:06:07.942+0800][48.734s][info][gc,cpu         ] GC(1905) User=0.01s Sys=0.00s Real=0.03s
[2026-06-17T10:06:07.965+0800][48.758s][info][gc,start       ] GC(1906) Pause Young (Allocation Failure)
[2026-06-17T10:06:07.966+0800][48.758s][info][gc,heap        ] GC(1906) PSYoungGen: 7164K(14336K)->3754K(14336K) Eden: 7164K(7168K)->0K(7168K) From: 0K(7168K)->3754K(7168K)
[2026-06-17T10:06:07.966+0800][48.759s][info][gc,heap        ] GC(1906) ParOldGen: 29805K(44032K)->29805K(44032K)
[2026-06-17T10:06:07.966+0800][48.759s][info][gc,metaspace   ] GC(1906) Metaspace: 121K(320K)->121K(320K) NonClass: 114K(192K)->114K(192K) Class: 7K(128K)->7K(128K)
[2026-06-17T10:06:07.966+0800][48.759s][info][gc             ] GC(1906) Pause Young (Allocation Failure) 36M->32M(57M) 1.208ms
[2026-06-17T10:06:07.966+0800][48.759s][info][gc,cpu         ] GC(1906) User=0.00s Sys=0.00s Real=0.00s
[2026-06-17T10:06:07.987+0800][48.780s][info][gc,start       ] GC(1907) Pause Young (Allocation Failure)
[2026-06-17T10:06:07.990+0800][48.783s][info][gc,heap        ] GC(1907) PSYoungGen: 10889K(14336K)->4436K(14336K) Eden: 7135K(7168K)->0K(7168K) From: 3754K(7168K)->4436K(7168K)
[2026-06-17T10:06:07.990+0800][48.783s][info][gc,heap        ] GC(1907) ParOldGen: 29805K(44032K)->29805K(44032K)
[2026-06-17T10:06:07.991+0800][48.783s][info][gc,metaspace   ] GC(1907) Metaspace: 121K(320K)->121K(320K) NonClass: 114K(192K)->114K(192K) Class: 7K(128K)->7K(128K)
[2026-06-17T10:06:07.992+0800][48.784s][info][gc             ] GC(1907) Pause Young (Allocation Failure) 39M->33M(57M) 4.316ms
[2026-06-17T10:06:07.993+0800][48.785s][info][gc,cpu         ] GC(1907) User=0.00s Sys=0.00s Real=0.01s
[2026-06-17T10:06:08.009+0800][48.802s][info][gc,start       ] GC(1908) Pause Young (Allocation Failure)
[2026-06-17T10:06:08.010+0800][48.803s][info][gc,heap        ] GC(1908) PSYoungGen: 11549K(14336K)->4729K(14336K) Eden: 7113K(7168K)->0K(7168K) From: 4436K(7168K)->4729K(7168K)
[2026-06-17T10:06:08.010+0800][48.803s][info][gc,heap        ] GC(1908) ParOldGen: 29805K(44032K)->29805K(44032K)
[2026-06-17T10:06:08.010+0800][48.803s][info][gc,metaspace   ] GC(1908) Metaspace: 121K(320K)->121K(320K) NonClass: 114K(192K)->114K(192K) Class: 7K(128K)->7K(128K)
[2026-06-17T10:06:08.010+0800][48.803s][info][gc             ] GC(1908) Pause Young (Allocation Failure) 40M->33M(57M) 1.064ms
[2026-06-17T10:06:08.010+0800][48.803s][info][gc,cpu         ] GC(1908) User=0.00s Sys=0.00s Real=0.00s
[2026-06-17T10:06:08.031+0800][48.824s][info][gc,start       ] GC(1909) Pause Young (Allocation Failure)
[2026-06-17T10:06:08.033+0800][48.826s][info][gc,heap        ] GC(1909) PSYoungGen: 11864K(14336K)->7109K(14336K) Eden: 7134K(7168K)->0K(7168K) From: 4729K(7168K)->7109K(7168K)
[2026-06-17T10:06:08.033+0800][48.826s][info][gc,heap        ] GC(1909) ParOldGen: 29805K(44032K)->31104K(44032K)
[2026-06-17T10:06:08.034+0800][48.826s][info][gc,metaspace   ] GC(1909) Metaspace: 121K(320K)->121K(320K) NonClass: 114K(192K)->114K(192K) Class: 7K(128K)->7K(128K)
[2026-06-17T10:06:08.034+0800][48.827s][info][gc             ] GC(1909) Pause Young (Allocation Failure) 40M->37M(57M) 2.555ms
[2026-06-17T10:06:08.034+0800][48.827s][info][gc,cpu         ] GC(1909) User=0.00s Sys=0.00s Real=0.00s
[2026-06-17T10:06:08.055+0800][48.848s][info][gc,start       ] GC(1910) Pause Young (Allocation Failure)
[2026-06-17T10:06:08.056+0800][48.849s][info][gc,heap        ] GC(1910) PSYoungGen: 14275K(14336K)->4599K(14336K) Eden: 7165K(7168K)->0K(7168K) From: 7109K(7168K)->4599K(7168K)
[2026-06-17T10:06:08.056+0800][48.849s][info][gc,heap        ] GC(1910) ParOldGen: 31104K(44032K)->33574K(44032K)
[2026-06-17T10:06:08.057+0800][48.850s][info][gc,metaspace   ] GC(1910) Metaspace: 121K(320K)->121K(320K) NonClass: 114K(192K)->114K(192K) Class: 7K(128K)->7K(128K)
[2026-06-17T10:06:08.057+0800][48.850s][info][gc             ] GC(1910) Pause Young (Allocation Failure) 44M->37M(57M) 2.257ms
[2026-06-17T10:06:08.058+0800][48.850s][info][gc,cpu         ] GC(1910) User=0.00s Sys=0.00s Real=0.00s
[2026-06-17T10:06:08.079+0800][48.872s][info][gc,start       ] GC(1911) Pause Young (Allocation Failure)
[2026-06-17T10:06:08.080+0800][48.873s][info][gc,heap        ] GC(1911) PSYoungGen: 11741K(14336K)->3496K(14336K) Eden: 7142K(7168K)->0K(7168K) From: 4599K(7168K)->3496K(7168K)
[2026-06-17T10:06:08.081+0800][48.873s][info][gc,heap        ] GC(1911) ParOldGen: 33574K(44032K)->34939K(44032K)
[2026-06-17T10:06:08.081+0800][48.874s][info][gc,metaspace   ] GC(1911) Metaspace: 121K(320K)->121K(320K) NonClass: 114K(192K)->114K(192K) Class: 7K(128K)->7K(128K)
[2026-06-17T10:06:08.081+0800][48.874s][info][gc             ] GC(1911) Pause Young (Allocation Failure) 44M->37M(57M) 2.151ms
[2026-06-17T10:06:08.081+0800][48.874s][info][gc,cpu         ] GC(1911) User=0.00s Sys=0.00s Real=0.00s
[2026-06-17T10:06:08.092+0800][48.885s][info][gc,start       ] GC(1912) Pause Young (Allocation Failure)
[2026-06-17T10:06:08.093+0800][48.886s][info][gc,heap        ] GC(1912) PSYoungGen: 10645K(14336K)->4513K(14336K) Eden: 7148K(7168K)->0K(7168K) From: 3496K(7168K)->4513K(7168K)
[2026-06-17T10:06:08.093+0800][48.886s][info][gc,heap        ] GC(1912) ParOldGen: 34939K(44032K)->37361K(44032K)
[2026-06-17T10:06:08.093+0800][48.886s][info][gc,metaspace   ] GC(1912) Metaspace: 121K(320K)->121K(320K) NonClass: 114K(192K)->114K(192K) Class: 7K(128K)->7K(128K)
[2026-06-17T10:06:08.094+0800][48.886s][info][gc             ] GC(1912) Pause Young (Allocation Failure) 44M->40M(57M) 1.513ms
[2026-06-17T10:06:08.094+0800][48.887s][info][gc,cpu         ] GC(1912) User=0.00s Sys=0.00s Real=0.00s
[2026-06-17T10:06:08.115+0800][48.908s][info][gc,start       ] GC(1913) Pause Young (Allocation Failure)
[2026-06-17T10:06:08.116+0800][48.909s][info][gc,heap        ] GC(1913) PSYoungGen: 11665K(14336K)->4407K(14336K) Eden: 7152K(7168K)->0K(7168K) From: 4513K(7168K)->4407K(7168K)
[2026-06-17T10:06:08.117+0800][48.910s][info][gc,heap        ] GC(1913) ParOldGen: 37361K(44032K)->37361K(44032K)
[2026-06-17T10:06:08.117+0800][48.910s][info][gc,metaspace   ] GC(1913) Metaspace: 121K(320K)->121K(320K) NonClass: 114K(192K)->114K(192K) Class: 7K(128K)->7K(128K)
[2026-06-17T10:06:08.117+0800][48.910s][info][gc             ] GC(1913) Pause Young (Allocation Failure) 47M->40M(57M) 2.338ms
[2026-06-17T10:06:08.117+0800][48.910s][info][gc,cpu         ] GC(1913) User=0.00s Sys=0.00s Real=0.00s
[2026-06-17T10:06:08.128+0800][48.921s][info][gc,start       ] GC(1914) Pause Young (Allocation Failure)
[2026-06-17T10:06:08.129+0800][48.922s][info][gc,heap        ] GC(1914) PSYoungGen: 11563K(14336K)->7153K(14336K) Eden: 7155K(7168K)->0K(7168K) From: 4407K(7168K)->7153K(7168K)
[2026-06-17T10:06:08.129+0800][48.922s][info][gc,heap        ] GC(1914) ParOldGen: 37361K(44032K)->38265K(44032K)
[2026-06-17T10:06:08.129+0800][48.922s][info][gc,metaspace   ] GC(1914) Metaspace: 121K(320K)->121K(320K) NonClass: 114K(192K)->114K(192K) Class: 7K(128K)->7K(128K)
[2026-06-17T10:06:08.130+0800][48.922s][info][gc             ] GC(1914) Pause Young (Allocation Failure) 47M->44M(57M) 1.551ms
[2026-06-17T10:06:08.130+0800][48.923s][info][gc,cpu         ] GC(1914) User=0.00s Sys=0.00s Real=0.00s
[2026-06-17T10:06:08.151+0800][48.944s][info][gc,start       ] GC(1915) Pause Young (Allocation Failure)
[2026-06-17T10:06:08.152+0800][48.945s][info][gc,heap        ] GC(1915) PSYoungGen: 14293K(14336K)->4264K(14336K) Eden: 7140K(7168K)->0K(7168K) From: 7153K(7168K)->4264K(7168K)
[2026-06-17T10:06:08.152+0800][48.945s][info][gc,heap        ] GC(1915) ParOldGen: 38265K(44032K)->41559K(44032K)
[2026-06-17T10:06:08.153+0800][48.945s][info][gc,metaspace   ] GC(1915) Metaspace: 121K(320K)->121K(320K) NonClass: 114K(192K)->114K(192K) Class: 7K(128K)->7K(128K)
[2026-06-17T10:06:08.153+0800][48.946s][info][gc             ] GC(1915) Pause Young (Allocation Failure) 51M->44M(57M) 2.036ms
[2026-06-17T10:06:08.153+0800][48.946s][info][gc,cpu         ] GC(1915) User=0.00s Sys=0.00s Real=0.00s
[2026-06-17T10:06:08.175+0800][48.967s][info][gc,start       ] GC(1916) Pause Full (Allocation Failure)
[2026-06-17T10:06:08.177+0800][48.970s][info][gc,phases,start] GC(1916) Marking Phase
[2026-06-17T10:06:08.180+0800][48.973s][info][gc,phases      ] GC(1916) Marking Phase 2.737ms
[2026-06-17T10:06:08.181+0800][48.973s][info][gc,phases,start] GC(1916) Summary Phase
[2026-06-17T10:06:08.181+0800][48.974s][info][gc,phases      ] GC(1916) Summary Phase 0.423ms
[2026-06-17T10:06:08.182+0800][48.974s][info][gc,phases,start] GC(1916) Forward
[2026-06-17T10:06:08.182+0800][48.975s][info][gc,phases      ] GC(1916) Forward 0.741ms
[2026-06-17T10:06:08.183+0800][48.975s][info][gc,phases,start] GC(1916) Adjust Pointers
[2026-06-17T10:06:08.184+0800][48.977s][info][gc,phases      ] GC(1916) Adjust Pointers 1.190ms
[2026-06-17T10:06:08.184+0800][48.977s][info][gc,phases,start] GC(1916) Compaction Phase
[2026-06-17T10:06:08.187+0800][48.979s][info][gc,phases      ] GC(1916) Compaction Phase 2.452ms
[2026-06-17T10:06:08.187+0800][48.980s][info][gc,phases,start] GC(1916) Post Compact
[2026-06-17T10:06:08.187+0800][48.980s][info][gc,phases      ] GC(1916) Post Compact 0.308ms
[2026-06-17T10:06:08.188+0800][48.980s][info][gc,heap        ] GC(1916) PSYoungGen: 11432K(14336K)->0K(14336K) Eden: 7168K(7168K)->0K(7168K) From: 4264K(7168K)->0K(7168K)
[2026-06-17T10:06:08.188+0800][48.981s][info][gc,heap        ] GC(1916) ParOldGen: 41559K(44032K)->26568K(44032K)
[2026-06-17T10:06:08.188+0800][48.981s][info][gc,metaspace   ] GC(1916) Metaspace: 121K(320K)->121K(320K) NonClass: 114K(192K)->114K(192K) Class: 7K(128K)->7K(128K)
[2026-06-17T10:06:08.188+0800][48.981s][info][gc             ] GC(1916) Pause Full (Allocation Failure) 51M->25M(57M) 13.901ms
[2026-06-17T10:06:08.189+0800][48.981s][info][gc,cpu         ] GC(1916) User=0.01s Sys=0.00s Real=0.01s
[2026-06-17T10:06:08.201+0800][48.994s][info][gc,start       ] GC(1917) Pause Young (Allocation Failure)
[2026-06-17T10:06:08.207+0800][49.000s][info][gc,heap        ] GC(1917) PSYoungGen: 6833K(14336K)->3313K(14336K) Eden: 6833K(7168K)->0K(7168K) From: 0K(7168K)->3313K(7168K)
[2026-06-17T10:06:08.208+0800][49.001s][info][gc,heap        ] GC(1917) ParOldGen: 26568K(44032K)->26568K(44032K)
[2026-06-17T10:06:08.209+0800][49.002s][info][gc,metaspace   ] GC(1917) Metaspace: 121K(320K)->121K(320K) NonClass: 114K(192K)->114K(192K) Class: 7K(128K)->7K(128K)
[2026-06-17T10:06:08.209+0800][49.002s][info][gc             ] GC(1917) Pause Young (Allocation Failure) 32M->29M(57M) 8.317ms
[2026-06-17T10:06:08.210+0800][49.002s][info][gc,cpu         ] GC(1917) User=0.00s Sys=0.00s Real=0.01s
[2026-06-17T10:06:08.232+0800][49.025s][info][gc,start       ] GC(1918) Pause Young (Allocation Failure)
[2026-06-17T10:06:08.235+0800][49.028s][info][gc,heap        ] GC(1918) PSYoungGen: 10452K(14336K)->3963K(14336K) Eden: 7138K(7168K)->0K(7168K) From: 3313K(7168K)->3963K(7168K)
[2026-06-17T10:06:08.236+0800][49.029s][info][gc,heap        ] GC(1918) ParOldGen: 26568K(44032K)->29834K(44032K)
[2026-06-17T10:06:08.237+0800][49.029s][info][gc,metaspace   ] GC(1918) Metaspace: 121K(320K)->121K(320K) NonClass: 114K(192K)->114K(192K) Class: 7K(128K)->7K(128K)
[2026-06-17T10:06:08.237+0800][49.030s][info][gc             ] GC(1918) Pause Young (Allocation Failure) 36M->33M(57M) 5.193ms
[2026-06-17T10:06:08.238+0800][49.031s][info][gc,cpu         ] GC(1918) User=0.01s Sys=0.00s Real=0.00s
[2026-06-17T10:06:08.260+0800][49.053s][info][gc,start       ] GC(1919) Pause Young (Allocation Failure)
[2026-06-17T10:06:08.262+0800][49.054s][info][gc,heap        ] GC(1919) PSYoungGen: 11114K(14336K)->4202K(14336K) Eden: 7151K(7168K)->0K(7168K) From: 3963K(7168K)->4202K(7168K)
[2026-06-17T10:06:08.262+0800][49.055s][info][gc,heap        ] GC(1919) ParOldGen: 29834K(44032K)->29834K(44032K)
[2026-06-17T10:06:08.263+0800][49.055s][info][gc,metaspace   ] GC(1919) Metaspace: 121K(320K)->121K(320K) NonClass: 114K(192K)->114K(192K) Class: 7K(128K)->7K(128K)
[2026-06-17T10:06:08.263+0800][49.056s][info][gc             ] GC(1919) Pause Young (Allocation Failure) 39M->33M(57M) 2.835ms
[2026-06-17T10:06:08.263+0800][49.056s][info][gc,cpu         ] GC(1919) User=0.00s Sys=0.00s Real=0.01s
[2026-06-17T10:06:08.286+0800][49.078s][info][gc,start       ] GC(1920) Pause Young (Allocation Failure)
[2026-06-17T10:06:08.287+0800][49.080s][info][gc,heap        ] GC(1920) PSYoungGen: 11354K(14336K)->4834K(14336K) Eden: 7152K(7168K)->0K(7168K) From: 4202K(7168K)->4834K(7168K)
[2026-06-17T10:06:08.288+0800][49.081s][info][gc,heap        ] GC(1920) ParOldGen: 29834K(44032K)->29834K(44032K)
[2026-06-17T10:06:08.289+0800][49.081s][info][gc,metaspace   ] GC(1920) Metaspace: 121K(320K)->121K(320K) NonClass: 114K(192K)->114K(192K) Class: 7K(128K)->7K(128K)
[2026-06-17T10:06:08.289+0800][49.082s][info][gc             ] GC(1920) Pause Young (Allocation Failure) 40M->33M(57M) 3.576ms
[2026-06-17T10:06:08.290+0800][49.082s][info][gc,cpu         ] GC(1920) User=0.00s Sys=0.01s Real=0.00s
[2026-06-17T10:06:08.301+0800][49.094s][info][gc,start       ] GC(1921) Pause Young (Allocation Failure)
[2026-06-17T10:06:08.303+0800][49.096s][info][gc,heap        ] GC(1921) PSYoungGen: 11978K(14336K)->7089K(14336K) Eden: 7143K(7168K)->0K(7168K) From: 4834K(7168K)->7089K(7168K)
[2026-06-17T10:06:08.304+0800][49.096s][info][gc,heap        ] GC(1921) ParOldGen: 29834K(44032K)->31413K(44032K)
[2026-06-17T10:06:08.304+0800][49.097s][info][gc,metaspace   ] GC(1921) Metaspace: 121K(320K)->121K(320K) NonClass: 114K(192K)->114K(192K) Class: 7K(128K)->7K(128K)
[2026-06-17T10:06:08.304+0800][49.097s][info][gc             ] GC(1921) Pause Young (Allocation Failure) 40M->37M(57M) 3.137ms
[2026-06-17T10:06:08.305+0800][49.097s][info][gc,cpu         ] GC(1921) User=0.00s Sys=0.00s Real=0.01s
[2026-06-17T10:06:08.326+0800][49.119s][info][gc,start       ] GC(1922) Pause Young (Allocation Failure)
[2026-06-17T10:06:08.327+0800][49.120s][info][gc,heap        ] GC(1922) PSYoungGen: 14240K(14336K)->3498K(14336K) Eden: 7151K(7168K)->0K(7168K) From: 7089K(7168K)->3498K(7168K)
[2026-06-17T10:06:08.328+0800][49.121s][info][gc,heap        ] GC(1922) ParOldGen: 31413K(44032K)->34872K(44032K)
[2026-06-17T10:06:08.328+0800][49.121s][info][gc,metaspace   ] GC(1922) Metaspace: 121K(320K)->121K(320K) NonClass: 114K(192K)->114K(192K) Class: 7K(128K)->7K(128K)
[2026-06-17T10:06:08.328+0800][49.121s][info][gc             ] GC(1922) Pause Young (Allocation Failure) 44M->37M(57M) 2.169ms
[2026-06-17T10:06:08.329+0800][49.121s][info][gc,cpu         ] GC(1922) User=0.01s Sys=0.00s Real=0.00s
[2026-06-17T10:06:08.351+0800][49.143s][info][gc,start       ] GC(1923) Pause Young (Allocation Failure)
[2026-06-17T10:06:08.353+0800][49.146s][info][gc,heap        ] GC(1923) PSYoungGen: 10620K(14336K)->3705K(14336K) Eden: 7121K(7168K)->0K(7168K) From: 3498K(7168K)->3705K(7168K)
[2026-06-17T10:06:08.355+0800][49.147s][info][gc,heap        ] GC(1923) ParOldGen: 34872K(44032K)->35019K(44032K)
[2026-06-17T10:06:08.358+0800][49.151s][info][gc,metaspace   ] GC(1923) Metaspace: 121K(320K)->121K(320K) NonClass: 114K(192K)->114K(192K) Class: 7K(128K)->7K(128K)
[2026-06-17T10:06:08.360+0800][49.152s][info][gc             ] GC(1923) Pause Young (Allocation Failure) 44M->37M(57M) 8.933ms
[2026-06-17T10:06:08.361+0800][49.154s][info][gc,cpu         ] GC(1923) User=0.00s Sys=0.00s Real=0.00s
[2026-06-17T10:06:08.375+0800][49.168s][info][gc,start       ] GC(1924) Pause Young (Allocation Failure)
[2026-06-17T10:06:08.408+0800][49.200s][info][gc,heap        ] GC(1924) PSYoungGen: 10633K(14336K)->511K(14336K) Eden: 6928K(7168K)->0K(7168K) From: 3705K(7168K)->511K(7168K)
[2026-06-17T10:06:08.409+0800][49.201s][info][gc,heap        ] GC(1924) ParOldGen: 35019K(44032K)->38455K(44032K)
[2026-06-17T10:06:08.410+0800][49.203s][info][gc,metaspace   ] GC(1924) Metaspace: 121K(320K)->121K(320K) NonClass: 114K(192K)->114K(192K) Class: 7K(128K)->7K(128K)
[2026-06-17T10:06:08.422+0800][49.215s][info][gc             ] GC(1924) Pause Young (Allocation Failure) 44M->38M(57M) 47.038ms
[2026-06-17T10:06:08.429+0800][49.222s][info][gc,cpu         ] GC(1924) User=0.00s Sys=0.00s Real=0.05s
[2026-06-17T10:06:08.454+0800][49.247s][info][gc,start       ] GC(1925) Pause Young (Allocation Failure)
[2026-06-17T10:06:08.458+0800][49.250s][info][gc,heap        ] GC(1925) PSYoungGen: 7626K(14336K)->4069K(14336K) Eden: 7115K(7168K)->0K(7168K) From: 511K(7168K)->4069K(7168K)
[2026-06-17T10:06:08.459+0800][49.252s][info][gc,heap        ] GC(1925) ParOldGen: 38455K(44032K)->38455K(44032K)
[2026-06-17T10:06:08.461+0800][49.254s][info][gc,metaspace   ] GC(1925) Metaspace: 121K(320K)->121K(320K) NonClass: 114K(192K)->114K(192K) Class: 7K(128K)->7K(128K)
[2026-06-17T10:06:08.462+0800][49.255s][info][gc             ] GC(1925) Pause Young (Allocation Failure) 45M->41M(57M) 8.421ms
[2026-06-17T10:06:08.464+0800][49.257s][info][gc,cpu         ] GC(1925) User=0.00s Sys=0.00s Real=0.01s
[2026-06-17T10:06:08.478+0800][49.271s][info][gc,start       ] GC(1926) Pause Young (Allocation Failure)
[2026-06-17T10:06:08.493+0800][49.286s][info][gc,heap        ] GC(1926) PSYoungGen: 11101K(14336K)->1810K(14336K) Eden: 7031K(7168K)->0K(7168K) From: 4069K(7168K)->1810K(7168K)
[2026-06-17T10:06:08.499+0800][49.292s][info][gc,heap        ] GC(1926) ParOldGen: 38455K(44032K)->40525K(44032K)
[2026-06-17T10:06:08.500+0800][49.293s][info][gc,metaspace   ] GC(1926) Metaspace: 121K(320K)->121K(320K) NonClass: 114K(192K)->114K(192K) Class: 7K(128K)->7K(128K)
[2026-06-17T10:06:08.504+0800][49.297s][info][gc             ] GC(1926) Pause Young (Allocation Failure) 48M->41M(57M) 26.014ms
[2026-06-17T10:06:08.509+0800][49.302s][info][gc,cpu         ] GC(1926) User=0.00s Sys=0.00s Real=0.03s
[2026-06-17T10:06:08.532+0800][49.325s][info][gc,start       ] GC(1927) Pause Full (Allocation Failure)
[2026-06-17T10:06:08.534+0800][49.327s][info][gc,phases,start] GC(1927) Marking Phase
[2026-06-17T10:06:08.536+0800][49.329s][info][gc,phases      ] GC(1927) Marking Phase 2.382ms
[2026-06-17T10:06:08.538+0800][49.331s][info][gc,phases,start] GC(1927) Summary Phase
[2026-06-17T10:06:08.539+0800][49.332s][info][gc,phases      ] GC(1927) Summary Phase 0.601ms
[2026-06-17T10:06:08.541+0800][49.334s][info][gc,phases,start] GC(1927) Forward
[2026-06-17T10:06:08.543+0800][49.336s][info][gc,phases      ] GC(1927) Forward 1.676ms
[2026-06-17T10:06:08.544+0800][49.337s][info][gc,phases,start] GC(1927) Adjust Pointers
[2026-06-17T10:06:08.547+0800][49.340s][info][gc,phases      ] GC(1927) Adjust Pointers 3.119ms
[2026-06-17T10:06:08.550+0800][49.342s][info][gc,phases,start] GC(1927) Compaction Phase
[2026-06-17T10:06:08.552+0800][49.345s][info][gc,phases      ] GC(1927) Compaction Phase 2.111ms
[2026-06-17T10:06:08.557+0800][49.349s][info][gc,phases,start] GC(1927) Post Compact
[2026-06-17T10:06:08.561+0800][49.354s][info][gc,phases      ] GC(1927) Post Compact 4.040ms
[2026-06-17T10:06:08.561+0800][49.354s][info][gc,heap        ] GC(1927) PSYoungGen: 8936K(14336K)->0K(14336K) Eden: 7126K(7168K)->0K(7168K) From: 1810K(7168K)->0K(7168K)
[2026-06-17T10:06:08.563+0800][49.356s][info][gc,heap        ] GC(1927) ParOldGen: 40525K(44032K)->33662K(44032K)
[2026-06-17T10:06:08.565+0800][49.358s][info][gc,metaspace   ] GC(1927) Metaspace: 121K(320K)->121K(320K) NonClass: 114K(192K)->114K(192K) Class: 7K(128K)->7K(128K)
[2026-06-17T10:06:08.568+0800][49.360s][info][gc             ] GC(1927) Pause Full (Allocation Failure) 48M->32M(57M) 35.458ms
[2026-06-17T10:06:08.569+0800][49.362s][info][gc,cpu         ] GC(1927) User=0.00s Sys=0.00s Real=0.03s
[2026-06-17T10:06:08.592+0800][49.385s][info][gc,start       ] GC(1928) Pause Young (Allocation Failure)
[2026-06-17T10:06:08.594+0800][49.386s][info][gc,heap        ] GC(1928) PSYoungGen: 7167K(14336K)->3530K(14336K) Eden: 7167K(7168K)->0K(7168K) From: 0K(7168K)->3530K(7168K)
[2026-06-17T10:06:08.594+0800][49.387s][info][gc,heap        ] GC(1928) ParOldGen: 33662K(44032K)->33662K(44032K)
[2026-06-17T10:06:08.595+0800][49.387s][info][gc,metaspace   ] GC(1928) Metaspace: 121K(320K)->121K(320K) NonClass: 114K(192K)->114K(192K) Class: 7K(128K)->7K(128K)
[2026-06-17T10:06:08.595+0800][49.388s][info][gc             ] GC(1928) Pause Young (Allocation Failure) 39M->36M(57M) 2.882ms
[2026-06-17T10:06:08.596+0800][49.389s][info][gc,cpu         ] GC(1928) User=0.00s Sys=0.00s Real=0.00s
[2026-06-17T10:06:08.618+0800][49.410s][info][gc,start       ] GC(1929) Pause Young (Allocation Failure)
[2026-06-17T10:06:08.619+0800][49.412s][info][gc,heap        ] GC(1929) PSYoungGen: 10689K(14336K)->3504K(14336K) Eden: 7159K(7168K)->0K(7168K) From: 3530K(7168K)->3504K(7168K)
[2026-06-17T10:06:08.620+0800][49.412s][info][gc,heap        ] GC(1929) ParOldGen: 33662K(44032K)->33662K(44032K)
[2026-06-17T10:06:08.620+0800][49.413s][info][gc,metaspace   ] GC(1929) Metaspace: 121K(320K)->121K(320K) NonClass: 114K(192K)->114K(192K) Class: 7K(128K)->7K(128K)
[2026-06-17T10:06:08.621+0800][49.413s][info][gc             ] GC(1929) Pause Young (Allocation Failure) 43M->36M(57M) 2.879ms
[2026-06-17T10:06:08.621+0800][49.414s][info][gc,cpu         ] GC(1929) User=0.00s Sys=0.00s Real=0.00s
[2026-06-17T10:06:08.633+0800][49.426s][info][gc,start       ] GC(1930) Pause Young (Allocation Failure)
[2026-06-17T10:06:08.635+0800][49.428s][info][gc,heap        ] GC(1930) PSYoungGen: 10659K(14336K)->7047K(14336K) Eden: 7155K(7168K)->0K(7168K) From: 3504K(7168K)->7047K(7168K)
[2026-06-17T10:06:08.635+0800][49.428s][info][gc,heap        ] GC(1930) ParOldGen: 33662K(44032K)->33662K(44032K)
[2026-06-17T10:06:08.636+0800][49.429s][info][gc,metaspace   ] GC(1930) Metaspace: 121K(320K)->121K(320K) NonClass: 114K(192K)->114K(192K) Class: 7K(128K)->7K(128K)
[2026-06-17T10:06:08.637+0800][49.429s][info][gc             ] GC(1930) Pause Young (Allocation Failure) 43M->39M(57M) 3.674ms
[2026-06-17T10:06:08.637+0800][49.430s][info][gc,cpu         ] GC(1930) User=0.00s Sys=0.00s Real=0.00s
[2026-06-17T10:06:08.659+0800][49.452s][info][gc,start       ] GC(1931) Pause Young (Allocation Failure)
[2026-06-17T10:06:08.662+0800][49.454s][info][gc,heap        ] GC(1931) PSYoungGen: 14198K(14336K)->4882K(14336K) Eden: 7150K(7168K)->0K(7168K) From: 7047K(7168K)->4882K(7168K)
[2026-06-17T10:06:08.662+0800][49.455s][info][gc,heap        ] GC(1931) ParOldGen: 33662K(44032K)->35629K(44032K)
[2026-06-17T10:06:08.663+0800][49.456s][info][gc,metaspace   ] GC(1931) Metaspace: 121K(320K)->121K(320K) NonClass: 114K(192K)->114K(192K) Class: 7K(128K)->7K(128K)
[2026-06-17T10:06:08.663+0800][49.456s][info][gc             ] GC(1931) Pause Young (Allocation Failure) 46M->39M(57M) 4.147ms
[2026-06-17T10:06:08.664+0800][49.457s][info][gc,cpu         ] GC(1931) User=0.01s Sys=0.00s Real=0.01s
[2026-06-17T10:06:08.686+0800][49.479s][info][gc,start       ] GC(1932) Pause Young (Allocation Failure)
[2026-06-17T10:06:08.688+0800][49.480s][info][gc,heap        ] GC(1932) PSYoungGen: 12004K(14336K)->2959K(14336K) Eden: 7121K(7168K)->0K(7168K) From: 4882K(7168K)->2959K(7168K)
[2026-06-17T10:06:08.688+0800][49.481s][info][gc,heap        ] GC(1932) ParOldGen: 35629K(44032K)->37987K(44032K)
[2026-06-17T10:06:08.689+0800][49.481s][info][gc,metaspace   ] GC(1932) Metaspace: 121K(320K)->121K(320K) NonClass: 114K(192K)->114K(192K) Class: 7K(128K)->7K(128K)
[2026-06-17T10:06:08.689+0800][49.482s][info][gc             ] GC(1932) Pause Young (Allocation Failure) 46M->39M(57M) 3.315ms
[2026-06-17T10:06:08.690+0800][49.483s][info][gc,cpu         ] GC(1932) User=0.00s Sys=0.00s Real=0.00s
[2026-06-17T10:06:08.702+0800][49.494s][info][gc,start       ] GC(1933) Pause Young (Allocation Failure)
[2026-06-17T10:06:08.703+0800][49.496s][info][gc,heap        ] GC(1933) PSYoungGen: 9961K(14336K)->679K(14336K) Eden: 7001K(7168K)->0K(7168K) From: 2959K(7168K)->679K(7168K)
[2026-06-17T10:06:08.705+0800][49.498s][info][gc,heap        ] GC(1933) ParOldGen: 37987K(44032K)->40295K(44032K)
[2026-06-17T10:06:08.705+0800][49.498s][info][gc,metaspace   ] GC(1933) Metaspace: 121K(320K)->121K(320K) NonClass: 114K(192K)->114K(192K) Class: 7K(128K)->7K(128K)
[2026-06-17T10:06:08.706+0800][49.499s][info][gc             ] GC(1933) Pause Young (Allocation Failure) 46M->40M(57M) 4.376ms
[2026-06-17T10:06:08.706+0800][49.499s][info][gc,cpu         ] GC(1933) User=0.00s Sys=0.00s Real=0.01s
[2026-06-17T10:06:08.728+0800][49.521s][info][gc,start       ] GC(1934) Pause Full (Allocation Failure)
[2026-06-17T10:06:08.729+0800][49.522s][info][gc,phases,start] GC(1934) Marking Phase
[2026-06-17T10:06:08.731+0800][49.524s][info][gc,phases      ] GC(1934) Marking Phase 2.399ms
[2026-06-17T10:06:08.732+0800][49.525s][info][gc,phases,start] GC(1934) Summary Phase
[2026-06-17T10:06:08.732+0800][49.525s][info][gc,phases      ] GC(1934) Summary Phase 0.478ms
[2026-06-17T10:06:08.733+0800][49.525s][info][gc,phases,start] GC(1934) Forward
[2026-06-17T10:06:08.734+0800][49.526s][info][gc,phases      ] GC(1934) Forward 0.958ms
[2026-06-17T10:06:08.734+0800][49.527s][info][gc,phases,start] GC(1934) Adjust Pointers
[2026-06-17T10:06:08.736+0800][49.528s][info][gc,phases      ] GC(1934) Adjust Pointers 1.621ms
[2026-06-17T10:06:08.736+0800][49.529s][info][gc,phases,start] GC(1934) Compaction Phase
[2026-06-17T10:06:08.739+0800][49.531s][info][gc,phases      ] GC(1934) Compaction Phase 2.430ms
[2026-06-17T10:06:08.740+0800][49.533s][info][gc,phases,start] GC(1934) Post Compact
[2026-06-17T10:06:08.742+0800][49.535s][info][gc,phases      ] GC(1934) Post Compact 1.915ms
[2026-06-17T10:06:08.745+0800][49.537s][info][gc,heap        ] GC(1934) PSYoungGen: 7822K(14336K)->0K(14336K) Eden: 7143K(7168K)->0K(7168K) From: 679K(7168K)->0K(7168K)
[2026-06-17T10:06:08.745+0800][49.538s][info][gc,heap        ] GC(1934) ParOldGen: 40295K(44032K)->30692K(44032K)
[2026-06-17T10:06:08.746+0800][49.539s][info][gc,metaspace   ] GC(1934) Metaspace: 121K(320K)->121K(320K) NonClass: 114K(192K)->114K(192K) Class: 7K(128K)->7K(128K)
[2026-06-17T10:06:08.746+0800][49.539s][info][gc             ] GC(1934) Pause Full (Allocation Failure) 46M->29M(57M) 18.177ms
[2026-06-17T10:06:08.747+0800][49.539s][info][gc,cpu         ] GC(1934) User=0.01s Sys=0.00s Real=0.02s
[2026-06-17T10:06:08.768+0800][49.561s][info][gc,start       ] GC(1935) Pause Young (Allocation Failure)
[2026-06-17T10:06:08.769+0800][49.562s][info][gc,heap        ] GC(1935) PSYoungGen: 7141K(14336K)->3692K(14336K) Eden: 7141K(7168K)->0K(7168K) From: 0K(7168K)->3692K(7168K)
[2026-06-17T10:06:08.770+0800][49.562s][info][gc,heap        ] GC(1935) ParOldGen: 30692K(44032K)->30692K(44032K)
[2026-06-17T10:06:08.770+0800][49.563s][info][gc,metaspace   ] GC(1935) Metaspace: 121K(320K)->121K(320K) NonClass: 114K(192K)->114K(192K) Class: 7K(128K)->7K(128K)
[2026-06-17T10:06:08.770+0800][49.563s][info][gc             ] GC(1935) Pause Young (Allocation Failure) 36M->33M(57M) 2.173ms
[2026-06-17T10:06:08.770+0800][49.563s][info][gc,cpu         ] GC(1935) User=0.00s Sys=0.00s Real=0.00s
[2026-06-17T10:06:08.792+0800][49.585s][info][gc,start       ] GC(1936) Pause Young (Allocation Failure)
[2026-06-17T10:06:08.793+0800][49.586s][info][gc,heap        ] GC(1936) PSYoungGen: 10854K(14336K)->918K(14336K) Eden: 7161K(7168K)->0K(7168K) From: 3692K(7168K)->918K(7168K)
[2026-06-17T10:06:08.794+0800][49.586s][info][gc,heap        ] GC(1936) ParOldGen: 30692K(44032K)->33400K(44032K)
[2026-06-17T10:06:08.794+0800][49.587s][info][gc,metaspace   ] GC(1936) Metaspace: 121K(320K)->121K(320K) NonClass: 114K(192K)->114K(192K) Class: 7K(128K)->7K(128K)
[2026-06-17T10:06:08.795+0800][49.587s][info][gc             ] GC(1936) Pause Young (Allocation Failure) 40M->33M(57M) 2.861ms
[2026-06-17T10:06:08.795+0800][49.588s][info][gc,cpu         ] GC(1936) User=0.01s Sys=0.00s Real=0.00s
[2026-06-17T10:06:08.806+0800][49.599s][info][gc,start       ] GC(1937) Pause Young (Allocation Failure)
[2026-06-17T10:06:08.808+0800][49.600s][info][gc,heap        ] GC(1937) PSYoungGen: 8074K(14336K)->4533K(14336K) Eden: 7156K(7168K)->0K(7168K) From: 918K(7168K)->4533K(7168K)
[2026-06-17T10:06:08.808+0800][49.601s][info][gc,heap        ] GC(1937) ParOldGen: 33400K(44032K)->33400K(44032K)
[2026-06-17T10:06:08.809+0800][49.601s][info][gc,metaspace   ] GC(1937) Metaspace: 121K(320K)->121K(320K) NonClass: 114K(192K)->114K(192K) Class: 7K(128K)->7K(128K)
[2026-06-17T10:06:08.809+0800][49.602s][info][gc             ] GC(1937) Pause Young (Allocation Failure) 40M->37M(57M) 3.109ms
[2026-06-17T10:06:08.810+0800][49.602s][info][gc,cpu         ] GC(1937) User=0.00s Sys=0.00s Real=0.00s
[2026-06-17T10:06:08.831+0800][49.624s][info][gc,start       ] GC(1938) Pause Young (Allocation Failure)
[2026-06-17T10:06:08.833+0800][49.626s][info][gc,heap        ] GC(1938) PSYoungGen: 11673K(14336K)->2926K(14336K) Eden: 7139K(7168K)->0K(7168K) From: 4533K(7168K)->2926K(7168K)
[2026-06-17T10:06:08.834+0800][49.626s][info][gc,heap        ] GC(1938) ParOldGen: 33400K(44032K)->34843K(44032K)
[2026-06-17T10:06:08.834+0800][49.627s][info][gc,metaspace   ] GC(1938) Metaspace: 121K(320K)->121K(320K) NonClass: 114K(192K)->114K(192K) Class: 7K(128K)->7K(128K)
[2026-06-17T10:06:08.835+0800][49.627s][info][gc             ] GC(1938) Pause Young (Allocation Failure) 44M->36M(57M) 3.270ms
[2026-06-17T10:06:08.835+0800][49.628s][info][gc,cpu         ] GC(1938) User=0.00s Sys=0.00s Real=0.00s
[2026-06-17T10:06:08.857+0800][49.650s][info][gc,start       ] GC(1939) Pause Young (Allocation Failure)
[2026-06-17T10:06:08.859+0800][49.652s][info][gc,heap        ] GC(1939) PSYoungGen: 10046K(14336K)->2512K(14336K) Eden: 7120K(7168K)->0K(7168K) From: 2926K(7168K)->2512K(7168K)
[2026-06-17T10:06:08.860+0800][49.652s][info][gc,heap        ] GC(1939) ParOldGen: 34843K(44032K)->34843K(44032K)
[2026-06-17T10:06:08.860+0800][49.653s][info][gc,metaspace   ] GC(1939) Metaspace: 121K(320K)->121K(320K) NonClass: 114K(192K)->114K(192K) Class: 7K(128K)->7K(128K)
[2026-06-17T10:06:08.861+0800][49.653s][info][gc             ] GC(1939) Pause Young (Allocation Failure) 43M->36M(57M) 3.707ms
[2026-06-17T10:06:08.861+0800][49.654s][info][gc,cpu         ] GC(1939) User=0.00s Sys=0.00s Real=0.00s
[2026-06-17T10:06:08.873+0800][49.666s][info][gc,start       ] GC(1940) Pause Young (Allocation Failure)
[2026-06-17T10:06:08.875+0800][49.668s][info][gc,heap        ] GC(1940) PSYoungGen: 9470K(14336K)->2573K(14336K) Eden: 6958K(7168K)->0K(7168K) From: 2512K(7168K)->2573K(7168K)
[2026-06-17T10:06:08.875+0800][49.668s][info][gc,heap        ] GC(1940) ParOldGen: 34843K(44032K)->34843K(44032K)
[2026-06-17T10:06:08.876+0800][49.669s][info][gc,metaspace   ] GC(1940) Metaspace: 121K(320K)->121K(320K) NonClass: 114K(192K)->114K(192K) Class: 7K(128K)->7K(128K)
[2026-06-17T10:06:08.876+0800][49.669s][info][gc             ] GC(1940) Pause Young (Allocation Failure) 43M->36M(57M) 3.373ms
[2026-06-17T10:06:08.877+0800][49.669s][info][gc,cpu         ] GC(1940) User=0.01s Sys=0.00s Real=0.00s
[2026-06-17T10:06:08.899+0800][49.691s][info][gc,start       ] GC(1941) Pause Young (Allocation Failure)
[2026-06-17T10:06:08.901+0800][49.694s][info][gc,heap        ] GC(1941) PSYoungGen: 9736K(14336K)->6237K(14336K) Eden: 7163K(7168K)->0K(7168K) From: 2573K(7168K)->6237K(7168K)
[2026-06-17T10:06:08.902+0800][49.694s][info][gc,heap        ] GC(1941) ParOldGen: 34843K(44032K)->34843K(44032K)
[2026-06-17T10:06:08.902+0800][49.695s][info][gc,metaspace   ] GC(1941) Metaspace: 121K(320K)->121K(320K) NonClass: 114K(192K)->114K(192K) Class: 7K(128K)->7K(128K)
[2026-06-17T10:06:08.903+0800][49.696s][info][gc             ] GC(1941) Pause Young (Allocation Failure) 43M->40M(57M) 4.226ms
[2026-06-17T10:06:08.903+0800][49.696s][info][gc,cpu         ] GC(1941) User=0.00s Sys=0.00s Real=0.01s
[2026-06-17T10:06:08.915+0800][49.708s][info][gc,start       ] GC(1942) Pause Young (Allocation Failure)
[2026-06-17T10:06:08.917+0800][49.710s][info][gc,heap        ] GC(1942) PSYoungGen: 13335K(14336K)->4101K(14336K) Eden: 7097K(7168K)->0K(7168K) From: 6237K(7168K)->4101K(7168K)
[2026-06-17T10:06:08.918+0800][49.710s][info][gc,heap        ] GC(1942) ParOldGen: 34843K(44032K)->37037K(44032K)
[2026-06-17T10:06:08.918+0800][49.711s][info][gc,metaspace   ] GC(1942) Metaspace: 121K(320K)->121K(320K) NonClass: 114K(192K)->114K(192K) Class: 7K(128K)->7K(128K)
[2026-06-17T10:06:08.919+0800][49.711s][info][gc             ] GC(1942) Pause Young (Allocation Failure) 47M->40M(57M) 3.245ms
[2026-06-17T10:06:08.919+0800][49.712s][info][gc,cpu         ] GC(1942) User=0.00s Sys=0.00s Real=0.00s
[2026-06-17T10:06:08.941+0800][49.734s][info][gc,start       ] GC(1943) Pause Young (Allocation Failure)
[2026-06-17T10:06:08.943+0800][49.736s][info][gc,heap        ] GC(1943) PSYoungGen: 11267K(14336K)->6121K(14336K) Eden: 7166K(7168K)->0K(7168K) From: 4101K(7168K)->6121K(7168K)
[2026-06-17T10:06:08.944+0800][49.737s][info][gc,heap        ] GC(1943) ParOldGen: 37037K(44032K)->39019K(44032K)
[2026-06-17T10:06:08.945+0800][49.737s][info][gc,metaspace   ] GC(1943) Metaspace: 121K(320K)->121K(320K) NonClass: 114K(192K)->114K(192K) Class: 7K(128K)->7K(128K)
[2026-06-17T10:06:08.945+0800][49.738s][info][gc             ] GC(1943) Pause Young (Allocation Failure) 47M->44M(57M) 4.067ms
[2026-06-17T10:06:08.946+0800][49.738s][info][gc,cpu         ] GC(1943) User=0.01s Sys=0.00s Real=0.01s
[2026-06-17T10:06:08.968+0800][49.761s][info][gc,start       ] GC(1944) Pause Young (Allocation Failure)
[2026-06-17T10:06:08.970+0800][49.763s][info][gc,heap        ] GC(1944) PSYoungGen: 13282K(14336K)->2577K(14336K) Eden: 7160K(7168K)->0K(7168K) From: 6121K(7168K)->2577K(7168K)
[2026-06-17T10:06:08.971+0800][49.763s][info][gc,heap        ] GC(1944) ParOldGen: 39019K(44032K)->42507K(44032K)
[2026-06-17T10:06:08.971+0800][49.764s][info][gc,metaspace   ] GC(1944) Metaspace: 121K(320K)->121K(320K) NonClass: 114K(192K)->114K(192K) Class: 7K(128K)->7K(128K)
[2026-06-17T10:06:08.972+0800][49.764s][info][gc             ] GC(1944) Pause Young (Allocation Failure) 51M->44M(57M) 3.715ms
[2026-06-17T10:06:08.972+0800][49.765s][info][gc,cpu         ] GC(1944) User=0.00s Sys=0.00s Real=0.01s
[2026-06-17T10:06:08.994+0800][49.787s][info][gc,start       ] GC(1945) Pause Full (Allocation Failure)
[2026-06-17T10:06:08.995+0800][49.788s][info][gc,phases,start] GC(1945) Marking Phase
[2026-06-17T10:06:08.997+0800][49.790s][info][gc,phases      ] GC(1945) Marking Phase 2.201ms
[2026-06-17T10:06:08.998+0800][49.790s][info][gc,phases,start] GC(1945) Summary Phase
[2026-06-17T10:06:08.998+0800][49.791s][info][gc,phases      ] GC(1945) Summary Phase 0.593ms
[2026-06-17T10:06:08.999+0800][49.792s][info][gc,phases,start] GC(1945) Forward
[2026-06-17T10:06:08.999+0800][49.792s][info][gc,phases      ] GC(1945) Forward 0.729ms
[2026-06-17T10:06:09.000+0800][49.793s][info][gc,phases,start] GC(1945) Adjust Pointers
[2026-06-17T10:06:09.001+0800][49.794s][info][gc,phases      ] GC(1945) Adjust Pointers 1.515ms
[2026-06-17T10:06:09.002+0800][49.794s][info][gc,phases,start] GC(1945) Compaction Phase
[2026-06-17T10:06:09.004+0800][49.797s][info][gc,phases      ] GC(1945) Compaction Phase 2.416ms
[2026-06-17T10:06:09.005+0800][49.797s][info][gc,phases,start] GC(1945) Post Compact
[2026-06-17T10:06:09.005+0800][49.798s][info][gc,phases      ] GC(1945) Post Compact 0.339ms
[2026-06-17T10:06:09.005+0800][49.798s][info][gc,heap        ] GC(1945) PSYoungGen: 9684K(14336K)->0K(14336K) Eden: 7107K(7168K)->0K(7168K) From: 2577K(7168K)->0K(7168K)
[2026-06-17T10:06:09.005+0800][49.798s][info][gc,heap        ] GC(1945) ParOldGen: 42507K(44032K)->32047K(44032K)
[2026-06-17T10:06:09.006+0800][49.798s][info][gc,metaspace   ] GC(1945) Metaspace: 121K(320K)->121K(320K) NonClass: 114K(192K)->114K(192K) Class: 7K(128K)->7K(128K)
[2026-06-17T10:06:09.006+0800][49.799s][info][gc             ] GC(1945) Pause Full (Allocation Failure) 50M->31M(57M) 11.555ms
[2026-06-17T10:06:09.006+0800][49.799s][info][gc,cpu         ] GC(1945) User=0.01s Sys=0.00s Real=0.01s
[2026-06-17T10:06:09.018+0800][49.810s][info][gc,start       ] GC(1946) Pause Young (Allocation Failure)
[2026-06-17T10:06:09.020+0800][49.813s][info][gc,heap        ] GC(1946) PSYoungGen: 7147K(14336K)->6930K(14336K) Eden: 7147K(7168K)->0K(7168K) From: 0K(7168K)->6930K(7168K)
[2026-06-17T10:06:09.020+0800][49.813s][info][gc,heap        ] GC(1946) ParOldGen: 32047K(44032K)->32360K(44032K)
[2026-06-17T10:06:09.021+0800][49.814s][info][gc,metaspace   ] GC(1946) Metaspace: 121K(320K)->121K(320K) NonClass: 114K(192K)->114K(192K) Class: 7K(128K)->7K(128K)
[2026-06-17T10:06:09.022+0800][49.814s][info][gc             ] GC(1946) Pause Young (Allocation Failure) 38M->38M(57M) 3.972ms
[2026-06-17T10:06:09.022+0800][49.815s][info][gc,cpu         ] GC(1946) User=0.00s Sys=0.00s Real=0.00s
[2026-06-17T10:06:09.044+0800][49.837s][info][gc,start       ] GC(1947) Pause Young (Allocation Failure)
[2026-06-17T10:06:09.047+0800][49.840s][info][gc,heap        ] GC(1947) PSYoungGen: 14061K(14336K)->1717K(14336K) Eden: 7130K(7168K)->0K(7168K) From: 6930K(7168K)->1717K(7168K)
[2026-06-17T10:06:09.048+0800][49.841s][info][gc,heap        ] GC(1947) ParOldGen: 32360K(44032K)->37543K(44032K)
[2026-06-17T10:06:09.049+0800][49.842s][info][gc,metaspace   ] GC(1947) Metaspace: 121K(320K)->121K(320K) NonClass: 114K(192K)->114K(192K) Class: 7K(128K)->7K(128K)
[2026-06-17T10:06:09.050+0800][49.842s][info][gc             ] GC(1947) Pause Young (Allocation Failure) 45M->38M(57M) 5.476ms
[2026-06-17T10:06:09.050+0800][49.843s][info][gc,cpu         ] GC(1947) User=0.01s Sys=0.00s Real=0.00s
[2026-06-17T10:06:09.062+0800][49.855s][info][gc,start       ] GC(1948) Pause Young (Allocation Failure)
[2026-06-17T10:06:09.064+0800][49.857s][info][gc,heap        ] GC(1948) PSYoungGen: 8868K(14336K)->5567K(14336K) Eden: 7151K(7168K)->0K(7168K) From: 1717K(7168K)->5567K(7168K)
[2026-06-17T10:06:09.065+0800][49.858s][info][gc,heap        ] GC(1948) ParOldGen: 37543K(44032K)->37543K(44032K)
[2026-06-17T10:06:09.065+0800][49.858s][info][gc,metaspace   ] GC(1948) Metaspace: 121K(320K)->121K(320K) NonClass: 114K(192K)->114K(192K) Class: 7K(128K)->7K(128K)
[2026-06-17T10:06:09.066+0800][49.859s][info][gc             ] GC(1948) Pause Young (Allocation Failure) 45M->42M(57M) 3.719ms
[2026-06-17T10:06:09.067+0800][49.860s][info][gc,cpu         ] GC(1948) User=0.00s Sys=0.00s Real=0.01s
[2026-06-17T10:06:09.089+0800][49.882s][info][gc,start       ] GC(1949) Pause Young (Allocation Failure)
[2026-06-17T10:06:09.091+0800][49.884s][info][gc,heap        ] GC(1949) PSYoungGen: 12734K(14336K)->3457K(14336K) Eden: 7166K(7168K)->0K(7168K) From: 5567K(7168K)->3457K(7168K)
[2026-06-17T10:06:09.092+0800][49.885s][info][gc,heap        ] GC(1949) ParOldGen: 37543K(44032K)->39752K(44032K)
[2026-06-17T10:06:09.093+0800][49.886s][info][gc,metaspace   ] GC(1949) Metaspace: 121K(320K)->121K(320K) NonClass: 114K(192K)->114K(192K) Class: 7K(128K)->7K(128K)
[2026-06-17T10:06:09.094+0800][49.886s][info][gc             ] GC(1949) Pause Young (Allocation Failure) 49M->42M(57M) 4.608ms
[2026-06-17T10:06:09.094+0800][49.887s][info][gc,cpu         ] GC(1949) User=0.00s Sys=0.00s Real=0.01s
[2026-06-17T10:06:09.116+0800][49.909s][info][gc,start       ] GC(1950) Pause Full (Allocation Failure)
[2026-06-17T10:06:09.117+0800][49.910s][info][gc,phases,start] GC(1950) Marking Phase
[2026-06-17T10:06:09.120+0800][49.913s][info][gc,phases      ] GC(1950) Marking Phase 3.057ms
[2026-06-17T10:06:09.121+0800][49.914s][info][gc,phases,start] GC(1950) Summary Phase
[2026-06-17T10:06:09.121+0800][49.914s][info][gc,phases      ] GC(1950) Summary Phase 0.490ms
[2026-06-17T10:06:09.122+0800][49.915s][info][gc,phases,start] GC(1950) Forward
[2026-06-17T10:06:09.123+0800][49.916s][info][gc,phases      ] GC(1950) Forward 0.675ms
[2026-06-17T10:06:09.124+0800][49.916s][info][gc,phases,start] GC(1950) Adjust Pointers
[2026-06-17T10:06:09.125+0800][49.918s][info][gc,phases      ] GC(1950) Adjust Pointers 1.728ms
[2026-06-17T10:06:09.127+0800][49.920s][info][gc,phases,start] GC(1950) Compaction Phase
[2026-06-17T10:06:09.130+0800][49.923s][info][gc,phases      ] GC(1950) Compaction Phase 3.415ms
[2026-06-17T10:06:09.133+0800][49.926s][info][gc,phases,start] GC(1950) Post Compact
[2026-06-17T10:06:09.135+0800][49.927s][info][gc,phases      ] GC(1950) Post Compact 1.469ms
[2026-06-17T10:06:09.136+0800][49.929s][info][gc,heap        ] GC(1950) PSYoungGen: 10596K(14336K)->0K(14336K) Eden: 7139K(7168K)->0K(7168K) From: 3457K(7168K)->0K(7168K)
[2026-06-17T10:06:09.139+0800][49.932s][info][gc,heap        ] GC(1950) ParOldGen: 39752K(44032K)->30353K(44032K)
[2026-06-17T10:06:09.140+0800][49.933s][info][gc,metaspace   ] GC(1950) Metaspace: 121K(320K)->121K(320K) NonClass: 114K(192K)->114K(192K) Class: 7K(128K)->7K(128K)
[2026-06-17T10:06:09.140+0800][49.933s][info][gc             ] GC(1950) Pause Full (Allocation Failure) 49M->29M(57M) 24.188ms
[2026-06-17T10:06:09.142+0800][49.934s][info][gc,cpu         ] GC(1950) User=0.01s Sys=0.01s Real=0.02s
[2026-06-17T10:06:09.155+0800][49.948s][info][gc,start       ] GC(1951) Pause Young (Allocation Failure)
[2026-06-17T10:06:09.158+0800][49.950s][info][gc,heap        ] GC(1951) PSYoungGen: 6949K(14336K)->3565K(14336K) Eden: 6949K(7168K)->0K(7168K) From: 0K(7168K)->3565K(7168K)
[2026-06-17T10:06:09.159+0800][49.952s][info][gc,heap        ] GC(1951) ParOldGen: 30353K(44032K)->30353K(44032K)
[2026-06-17T10:06:09.159+0800][49.952s][info][gc,metaspace   ] GC(1951) Metaspace: 121K(320K)->121K(320K) NonClass: 114K(192K)->114K(192K) Class: 7K(128K)->7K(128K)
[2026-06-17T10:06:09.160+0800][49.953s][info][gc             ] GC(1951) Pause Young (Allocation Failure) 36M->33M(57M) 4.744ms
[2026-06-17T10:06:09.161+0800][49.953s][info][gc,cpu         ] GC(1951) User=0.00s Sys=0.00s Real=0.00s
[2026-06-17T10:06:09.183+0800][49.976s][info][gc,start       ] GC(1952) Pause Young (Allocation Failure)
[2026-06-17T10:06:09.186+0800][49.979s][info][gc,heap        ] GC(1952) PSYoungGen: 10733K(14336K)->3799K(14336K) Eden: 7168K(7168K)->0K(7168K) From: 3565K(7168K)->3799K(7168K)
[2026-06-17T10:06:09.187+0800][49.980s][info][gc,heap        ] GC(1952) ParOldGen: 30353K(44032K)->33888K(44032K)
[2026-06-17T10:06:09.188+0800][49.980s][info][gc,metaspace   ] GC(1952) Metaspace: 121K(320K)->121K(320K) NonClass: 114K(192K)->114K(192K) Class: 7K(128K)->7K(128K)
[2026-06-17T10:06:09.188+0800][49.981s][info][gc             ] GC(1952) Pause Young (Allocation Failure) 40M->36M(57M) 4.954ms
[2026-06-17T10:06:09.189+0800][49.982s][info][gc,cpu         ] GC(1952) User=0.00s Sys=0.00s Real=0.00s
[2026-06-17T10:06:09.211+0800][50.003s][info][gc,start       ] GC(1953) Pause Young (Allocation Failure)
[2026-06-17T10:06:09.211+0800][50.004s][info][gc,heap        ] GC(1953) PSYoungGen: 10912K(14336K)->3910K(14336K) Eden: 7113K(7168K)->0K(7168K) From: 3799K(7168K)->3910K(7168K)
[2026-06-17T10:06:09.212+0800][50.005s][info][gc,heap        ] GC(1953) ParOldGen: 33888K(44032K)->33888K(44032K)
[2026-06-17T10:06:09.212+0800][50.005s][info][gc,metaspace   ] GC(1953) Metaspace: 121K(320K)->121K(320K) NonClass: 114K(192K)->114K(192K) Class: 7K(128K)->7K(128K)
[2026-06-17T10:06:09.213+0800][50.005s][info][gc             ] GC(1953) Pause Young (Allocation Failure) 43M->36M(57M) 2.051ms
[2026-06-17T10:06:09.213+0800][50.006s][info][gc,cpu         ] GC(1953) User=0.00s Sys=0.00s Real=0.00s
[2026-06-17T10:06:09.234+0800][50.027s][info][gc,start       ] GC(1954) Pause Young (Allocation Failure)
[2026-06-17T10:06:09.236+0800][50.029s][info][gc,heap        ] GC(1954) PSYoungGen: 11067K(14336K)->4119K(14336K) Eden: 7157K(7168K)->0K(7168K) From: 3910K(7168K)->4119K(7168K)
[2026-06-17T10:06:09.237+0800][50.030s][info][gc,heap        ] GC(1954) ParOldGen: 33888K(44032K)->33888K(44032K)
[2026-06-17T10:06:09.237+0800][50.030s][info][gc,metaspace   ] GC(1954) Metaspace: 121K(320K)->121K(320K) NonClass: 114K(192K)->114K(192K) Class: 7K(128K)->7K(128K)
[2026-06-17T10:06:09.238+0800][50.030s][info][gc             ] GC(1954) Pause Young (Allocation Failure) 43M->37M(57M) 3.262ms
[2026-06-17T10:06:09.238+0800][50.031s][info][gc,cpu         ] GC(1954) User=0.00s Sys=0.00s Real=0.00s
[2026-06-17T10:06:09.250+0800][50.042s][info][gc,start       ] GC(1955) Pause Young (Allocation Failure)
[2026-06-17T10:06:09.251+0800][50.044s][info][gc,heap        ] GC(1955) PSYoungGen: 11287K(14336K)->6965K(14336K) Eden: 7167K(7168K)->0K(7168K) From: 4119K(7168K)->6965K(7168K)
[2026-06-17T10:06:09.252+0800][50.045s][info][gc,heap        ] GC(1955) ParOldGen: 33888K(44032K)->34873K(44032K)
[2026-06-17T10:06:09.253+0800][50.045s][info][gc,metaspace   ] GC(1955) Metaspace: 121K(320K)->121K(320K) NonClass: 114K(192K)->114K(192K) Class: 7K(128K)->7K(128K)
[2026-06-17T10:06:09.253+0800][50.046s][info][gc             ] GC(1955) Pause Young (Allocation Failure) 44M->40M(57M) 3.684ms
[2026-06-17T10:06:09.254+0800][50.047s][info][gc,cpu         ] GC(1955) User=0.01s Sys=0.00s Real=0.01s
[2026-06-17T10:06:09.276+0800][50.069s][info][gc,start       ] GC(1956) Pause Young (Allocation Failure)
[2026-06-17T10:06:09.279+0800][50.071s][info][gc,heap        ] GC(1956) PSYoungGen: 14076K(14336K)->3939K(14336K) Eden: 7110K(7168K)->0K(7168K) From: 6965K(7168K)->3939K(7168K)
[2026-06-17T10:06:09.280+0800][50.073s][info][gc,heap        ] GC(1956) ParOldGen: 34873K(44032K)->37774K(44032K)
[2026-06-17T10:06:09.281+0800][50.074s][info][gc,metaspace   ] GC(1956) Metaspace: 121K(320K)->121K(320K) NonClass: 114K(192K)->114K(192K) Class: 7K(128K)->7K(128K)
[2026-06-17T10:06:09.282+0800][50.074s][info][gc             ] GC(1956) Pause Young (Allocation Failure) 47M->40M(57M) 5.408ms
[2026-06-17T10:06:09.282+0800][50.075s][info][gc,cpu         ] GC(1956) User=0.00s Sys=0.00s Real=0.00s
[2026-06-17T10:06:09.294+0800][50.087s][info][gc,start       ] GC(1957) Pause Young (Allocation Failure)
[2026-06-17T10:06:09.296+0800][50.089s][info][gc,heap        ] GC(1957) PSYoungGen: 11052K(14336K)->5603K(14336K) Eden: 7112K(7168K)->0K(7168K) From: 3939K(7168K)->5603K(7168K)
[2026-06-17T10:06:09.298+0800][50.091s][info][gc,heap        ] GC(1957) ParOldGen: 37774K(44032K)->39642K(44032K)
[2026-06-17T10:06:09.298+0800][50.091s][info][gc,metaspace   ] GC(1957) Metaspace: 121K(320K)->121K(320K) NonClass: 114K(192K)->114K(192K) Class: 7K(128K)->7K(128K)
[2026-06-17T10:06:09.299+0800][50.092s][info][gc             ] GC(1957) Pause Young (Allocation Failure) 47M->44M(57M) 5.006ms
[2026-06-17T10:06:09.300+0800][50.092s][info][gc,cpu         ] GC(1957) User=0.00s Sys=0.00s Real=0.00s
[2026-06-17T10:06:09.322+0800][50.114s][info][gc,start       ] GC(1958) Pause Full (Allocation Failure)
[2026-06-17T10:06:09.322+0800][50.115s][info][gc,phases,start] GC(1958) Marking Phase
[2026-06-17T10:06:09.324+0800][50.117s][info][gc,phases      ] GC(1958) Marking Phase 1.919ms
[2026-06-17T10:06:09.325+0800][50.117s][info][gc,phases,start] GC(1958) Summary Phase
[2026-06-17T10:06:09.325+0800][50.118s][info][gc,phases      ] GC(1958) Summary Phase 0.301ms
[2026-06-17T10:06:09.325+0800][50.118s][info][gc,phases,start] GC(1958) Forward
[2026-06-17T10:06:09.326+0800][50.118s][info][gc,phases      ] GC(1958) Forward 0.476ms
[2026-06-17T10:06:09.326+0800][50.119s][info][gc,phases,start] GC(1958) Adjust Pointers
[2026-06-17T10:06:09.327+0800][50.120s][info][gc,phases      ] GC(1958) Adjust Pointers 0.839ms
[2026-06-17T10:06:09.328+0800][50.120s][info][gc,phases,start] GC(1958) Compaction Phase
[2026-06-17T10:06:09.329+0800][50.122s][info][gc,phases      ] GC(1958) Compaction Phase 1.447ms
[2026-06-17T10:06:09.329+0800][50.122s][info][gc,phases,start] GC(1958) Post Compact
[2026-06-17T10:06:09.330+0800][50.122s][info][gc,phases      ] GC(1958) Post Compact 0.201ms
[2026-06-17T10:06:09.330+0800][50.123s][info][gc,heap        ] GC(1958) PSYoungGen: 12771K(14336K)->0K(14336K) Eden: 7168K(7168K)->0K(7168K) From: 5603K(7168K)->0K(7168K)
[2026-06-17T10:06:09.330+0800][50.123s][info][gc,heap        ] GC(1958) ParOldGen: 39642K(44032K)->30945K(44032K)
[2026-06-17T10:06:09.330+0800][50.123s][info][gc,metaspace   ] GC(1958) Metaspace: 121K(320K)->121K(320K) NonClass: 114K(192K)->114K(192K) Class: 7K(128K)->7K(128K)
[2026-06-17T10:06:09.330+0800][50.123s][info][gc             ] GC(1958) Pause Full (Allocation Failure) 51M->30M(57M) 8.600ms
[2026-06-17T10:06:09.330+0800][50.123s][info][gc,cpu         ] GC(1958) User=0.00s Sys=0.00s Real=0.01s
[2026-06-17T10:06:09.352+0800][50.145s][info][gc,start       ] GC(1959) Pause Young (Allocation Failure)
[2026-06-17T10:06:09.354+0800][50.146s][info][gc,heap        ] GC(1959) PSYoungGen: 7168K(14336K)->3806K(14336K) Eden: 7168K(7168K)->0K(7168K) From: 0K(7168K)->3806K(7168K)
[2026-06-17T10:06:09.354+0800][50.147s][info][gc,heap        ] GC(1959) ParOldGen: 30945K(44032K)->30945K(44032K)
[2026-06-17T10:06:09.354+0800][50.147s][info][gc,metaspace   ] GC(1959) Metaspace: 121K(320K)->121K(320K) NonClass: 114K(192K)->114K(192K) Class: 7K(128K)->7K(128K)
[2026-06-17T10:06:09.355+0800][50.147s][info][gc             ] GC(1959) Pause Young (Allocation Failure) 37M->33M(57M) 2.414ms
[2026-06-17T10:06:09.355+0800][50.148s][info][gc,cpu         ] GC(1959) User=0.01s Sys=0.00s Real=0.00s
[2026-06-17T10:06:09.367+0800][50.159s][info][gc,start       ] GC(1960) Pause Young (Allocation Failure)
[2026-06-17T10:06:09.369+0800][50.162s][info][gc,heap        ] GC(1960) PSYoungGen: 10877K(14336K)->3906K(14336K) Eden: 7070K(7168K)->0K(7168K) From: 3806K(7168K)->3906K(7168K)
[2026-06-17T10:06:09.371+0800][50.163s][info][gc,heap        ] GC(1960) ParOldGen: 30945K(44032K)->30945K(44032K)
[2026-06-17T10:06:09.374+0800][50.167s][info][gc,metaspace   ] GC(1960) Metaspace: 121K(320K)->121K(320K) NonClass: 114K(192K)->114K(192K) Class: 7K(128K)->7K(128K)
[2026-06-17T10:06:09.377+0800][50.169s][info][gc             ] GC(1960) Pause Young (Allocation Failure) 40M->34M(57M) 10.079ms
[2026-06-17T10:06:09.377+0800][50.170s][info][gc,cpu         ] GC(1960) User=0.00s Sys=0.00s Real=0.01s
[2026-06-17T10:06:09.410+0800][50.203s][info][gc,start       ] GC(1961) Pause Young (Allocation Failure)
[2026-06-17T10:06:09.412+0800][50.205s][info][gc,heap        ] GC(1961) PSYoungGen: 11072K(14336K)->4289K(14336K) Eden: 7166K(7168K)->0K(7168K) From: 3906K(7168K)->4289K(7168K)
[2026-06-17T10:06:09.413+0800][50.205s][info][gc,heap        ] GC(1961) ParOldGen: 30945K(44032K)->30945K(44032K)
[2026-06-17T10:06:09.413+0800][50.206s][info][gc,metaspace   ] GC(1961) Metaspace: 121K(320K)->121K(320K) NonClass: 114K(192K)->114K(192K) Class: 7K(128K)->7K(128K)
[2026-06-17T10:06:09.414+0800][50.207s][info][gc             ] GC(1961) Pause Young (Allocation Failure) 41M->34M(57M) 4.053ms
[2026-06-17T10:06:09.414+0800][50.207s][info][gc,cpu         ] GC(1961) User=0.00s Sys=0.00s Real=0.01s
[2026-06-17T10:06:09.426+0800][50.219s][info][gc,start       ] GC(1962) Pause Young (Allocation Failure)
[2026-06-17T10:06:09.428+0800][50.221s][info][gc,heap        ] GC(1962) PSYoungGen: 11440K(14336K)->7051K(14336K) Eden: 7151K(7168K)->0K(7168K) From: 4289K(7168K)->7051K(7168K)
[2026-06-17T10:06:09.428+0800][50.221s][info][gc,heap        ] GC(1962) ParOldGen: 30945K(44032K)->31712K(44032K)
[2026-06-17T10:06:09.429+0800][50.222s][info][gc,metaspace   ] GC(1962) Metaspace: 121K(320K)->121K(320K) NonClass: 114K(192K)->114K(192K) Class: 7K(128K)->7K(128K)
[2026-06-17T10:06:09.430+0800][50.222s][info][gc             ] GC(1962) Pause Young (Allocation Failure) 41M->37M(57M) 3.346ms
[2026-06-17T10:06:09.430+0800][50.223s][info][gc,cpu         ] GC(1962) User=0.00s Sys=0.00s Real=0.00s
[2026-06-17T10:06:09.452+0800][50.245s][info][gc,start       ] GC(1963) Pause Young (Allocation Failure)
[2026-06-17T10:06:09.455+0800][50.248s][info][gc,heap        ] GC(1963) PSYoungGen: 14219K(14336K)->3834K(14336K) Eden: 7168K(7168K)->0K(7168K) From: 7051K(7168K)->3834K(7168K)
[2026-06-17T10:06:09.456+0800][50.248s][info][gc,heap        ] GC(1963) ParOldGen: 31712K(44032K)->34825K(44032K)
[2026-06-17T10:06:09.456+0800][50.249s][info][gc,metaspace   ] GC(1963) Metaspace: 121K(320K)->121K(320K) NonClass: 114K(192K)->114K(192K) Class: 7K(128K)->7K(128K)
[2026-06-17T10:06:09.457+0800][50.249s][info][gc             ] GC(1963) Pause Young (Allocation Failure) 44M->37M(57M) 4.159ms
[2026-06-17T10:06:09.457+0800][50.250s][info][gc,cpu         ] GC(1963) User=0.00s Sys=0.00s Real=0.00s
[2026-06-17T10:06:09.469+0800][50.262s][info][gc,start       ] GC(1964) Pause Young (Allocation Failure)
[2026-06-17T10:06:09.471+0800][50.264s][info][gc,heap        ] GC(1964) PSYoungGen: 10988K(14336K)->5805K(14336K) Eden: 7154K(7168K)->0K(7168K) From: 3834K(7168K)->5805K(7168K)
[2026-06-17T10:06:09.472+0800][50.265s][info][gc,heap        ] GC(1964) ParOldGen: 34825K(44032K)->36687K(44032K)
[2026-06-17T10:06:09.473+0800][50.265s][info][gc,metaspace   ] GC(1964) Metaspace: 121K(320K)->121K(320K) NonClass: 114K(192K)->114K(192K) Class: 7K(128K)->7K(128K)
[2026-06-17T10:06:09.473+0800][50.266s][info][gc             ] GC(1964) Pause Young (Allocation Failure) 44M->41M(57M) 4.406ms
[2026-06-17T10:06:09.474+0800][50.267s][info][gc,cpu         ] GC(1964) User=0.00s Sys=0.00s Real=0.01s
[2026-06-17T10:06:09.496+0800][50.289s][info][gc,start       ] GC(1965) Pause Young (Allocation Failure)
[2026-06-17T10:06:09.498+0800][50.291s][info][gc,heap        ] GC(1965) PSYoungGen: 12951K(14336K)->3225K(14336K) Eden: 7146K(7168K)->0K(7168K) From: 5805K(7168K)->3225K(7168K)
[2026-06-17T10:06:09.499+0800][50.292s][info][gc,heap        ] GC(1965) ParOldGen: 36687K(44032K)->39749K(44032K)
[2026-06-17T10:06:09.500+0800][50.293s][info][gc,metaspace   ] GC(1965) Metaspace: 121K(320K)->121K(320K) NonClass: 114K(192K)->114K(192K) Class: 7K(128K)->7K(128K)
[2026-06-17T10:06:09.500+0800][50.293s][info][gc             ] GC(1965) Pause Young (Allocation Failure) 48M->41M(57M) 4.290ms
[2026-06-17T10:06:09.501+0800][50.294s][info][gc,cpu         ] GC(1965) User=0.00s Sys=0.00s Real=0.00s
[2026-06-17T10:06:09.523+0800][50.316s][info][gc,start       ] GC(1966) Pause Full (Allocation Failure)
[2026-06-17T10:06:09.524+0800][50.316s][info][gc,phases,start] GC(1966) Marking Phase
[2026-06-17T10:06:09.526+0800][50.319s][info][gc,phases      ] GC(1966) Marking Phase 2.681ms
[2026-06-17T10:06:09.527+0800][50.320s][info][gc,phases,start] GC(1966) Summary Phase
[2026-06-17T10:06:09.528+0800][50.321s][info][gc,phases      ] GC(1966) Summary Phase 0.583ms
[2026-06-17T10:06:09.529+0800][50.321s][info][gc,phases,start] GC(1966) Forward
[2026-06-17T10:06:09.529+0800][50.322s][info][gc,phases      ] GC(1966) Forward 0.714ms
[2026-06-17T10:06:09.530+0800][50.323s][info][gc,phases,start] GC(1966) Adjust Pointers
[2026-06-17T10:06:09.531+0800][50.324s][info][gc,phases      ] GC(1966) Adjust Pointers 1.602ms
[2026-06-17T10:06:09.532+0800][50.325s][info][gc,phases,start] GC(1966) Compaction Phase
[2026-06-17T10:06:09.534+0800][50.327s][info][gc,phases      ] GC(1966) Compaction Phase 2.517ms
[2026-06-17T10:06:09.535+0800][50.328s][info][gc,phases,start] GC(1966) Post Compact
[2026-06-17T10:06:09.535+0800][50.328s][info][gc,phases      ] GC(1966) Post Compact 0.426ms
[2026-06-17T10:06:09.536+0800][50.328s][info][gc,heap        ] GC(1966) PSYoungGen: 10389K(14336K)->0K(14336K) Eden: 7164K(7168K)->0K(7168K) From: 3225K(7168K)->0K(7168K)
[2026-06-17T10:06:09.536+0800][50.329s][info][gc,heap        ] GC(1966) ParOldGen: 39749K(44032K)->23989K(44032K)
[2026-06-17T10:06:09.536+0800][50.329s][info][gc,metaspace   ] GC(1966) Metaspace: 121K(320K)->121K(320K) NonClass: 114K(192K)->114K(192K) Class: 7K(128K)->7K(128K)
[2026-06-17T10:06:09.536+0800][50.329s][info][gc             ] GC(1966) Pause Full (Allocation Failure) 48M->23M(57M) 13.469ms
[2026-06-17T10:06:09.537+0800][50.330s][info][gc,cpu         ] GC(1966) User=0.01s Sys=0.00s Real=0.01s
[2026-06-17T10:06:09.559+0800][50.351s][info][gc,start       ] GC(1967) Pause Young (Allocation Failure)
[2026-06-17T10:06:09.561+0800][50.354s][info][gc,heap        ] GC(1967) PSYoungGen: 7119K(14336K)->3817K(14336K) Eden: 7119K(7168K)->0K(7168K) From: 0K(7168K)->3817K(7168K)
[2026-06-17T10:06:09.562+0800][50.355s][info][gc,heap        ] GC(1967) ParOldGen: 23989K(44032K)->23989K(44032K)
[2026-06-17T10:06:09.562+0800][50.355s][info][gc,metaspace   ] GC(1967) Metaspace: 121K(320K)->121K(320K) NonClass: 114K(192K)->114K(192K) Class: 7K(128K)->7K(128K)
[2026-06-17T10:06:09.563+0800][50.356s][info][gc             ] GC(1967) Pause Young (Allocation Failure) 30M->27M(57M) 4.616ms
[2026-06-17T10:06:09.564+0800][50.357s][info][gc,cpu         ] GC(1967) User=0.00s Sys=0.00s Real=0.01s
[2026-06-17T10:06:09.586+0800][50.379s][info][gc,start       ] GC(1968) Pause Young (Allocation Failure)
[2026-06-17T10:06:09.588+0800][50.381s][info][gc,heap        ] GC(1968) PSYoungGen: 10935K(14336K)->519K(14336K) Eden: 7117K(7168K)->0K(7168K) From: 3817K(7168K)->519K(7168K)
[2026-06-17T10:06:09.589+0800][50.382s][info][gc,heap        ] GC(1968) ParOldGen: 23989K(44032K)->27626K(44032K)
[2026-06-17T10:06:09.590+0800][50.383s][info][gc,metaspace   ] GC(1968) Metaspace: 121K(320K)->121K(320K) NonClass: 114K(192K)->114K(192K) Class: 7K(128K)->7K(128K)
[2026-06-17T10:06:09.590+0800][50.383s][info][gc             ] GC(1968) Pause Young (Allocation Failure) 34M->27M(57M) 4.294ms
[2026-06-17T10:06:09.591+0800][50.384s][info][gc,cpu         ] GC(1968) User=0.00s Sys=0.00s Real=0.01s
[2026-06-17T10:06:09.603+0800][50.396s][info][gc,start       ] GC(1969) Pause Young (Allocation Failure)
[2026-06-17T10:06:09.605+0800][50.398s][info][gc,heap        ] GC(1969) PSYoungGen: 7687K(14336K)->4609K(14336K) Eden: 7168K(7168K)->0K(7168K) From: 519K(7168K)->4609K(7168K)
[2026-06-17T10:06:09.606+0800][50.399s][info][gc,heap        ] GC(1969) ParOldGen: 27626K(44032K)->27626K(44032K)
[2026-06-17T10:06:09.606+0800][50.399s][info][gc,metaspace   ] GC(1969) Metaspace: 121K(320K)->121K(320K) NonClass: 114K(192K)->114K(192K) Class: 7K(128K)->7K(128K)
[2026-06-17T10:06:09.607+0800][50.399s][info][gc             ] GC(1969) Pause Young (Allocation Failure) 34M->31M(57M) 3.581ms
[2026-06-17T10:06:09.607+0800][50.400s][info][gc,cpu         ] GC(1969) User=0.00s Sys=0.00s Real=0.00s
[2026-06-17T10:06:09.629+0800][50.422s][info][gc,start       ] GC(1970) Pause Young (Allocation Failure)
[2026-06-17T10:06:09.632+0800][50.424s][info][gc,heap        ] GC(1970) PSYoungGen: 11744K(14336K)->2665K(14336K) Eden: 7134K(7168K)->0K(7168K) From: 4609K(7168K)->2665K(7168K)
[2026-06-17T10:06:09.632+0800][50.425s][info][gc,heap        ] GC(1970) ParOldGen: 27626K(44032K)->29868K(44032K)
[2026-06-17T10:06:09.633+0800][50.426s][info][gc,metaspace   ] GC(1970) Metaspace: 121K(320K)->121K(320K) NonClass: 114K(192K)->114K(192K) Class: 7K(128K)->7K(128K)
[2026-06-17T10:06:09.633+0800][50.426s][info][gc             ] GC(1970) Pause Young (Allocation Failure) 38M->31M(57M) 4.159ms
[2026-06-17T10:06:09.634+0800][50.427s][info][gc,cpu         ] GC(1970) User=0.01s Sys=0.00s Real=0.01s
[2026-06-17T10:06:09.656+0800][50.448s][info][gc,start       ] GC(1971) Pause Young (Allocation Failure)
[2026-06-17T10:06:09.657+0800][50.450s][info][gc,heap        ] GC(1971) PSYoungGen: 9796K(14336K)->3133K(14336K) Eden: 7130K(7168K)->0K(7168K) From: 2665K(7168K)->3133K(7168K)
[2026-06-17T10:06:09.657+0800][50.450s][info][gc,heap        ] GC(1971) ParOldGen: 29868K(44032K)->29868K(44032K)
[2026-06-17T10:06:09.658+0800][50.450s][info][gc,metaspace   ] GC(1971) Metaspace: 121K(320K)->121K(320K) NonClass: 114K(192K)->114K(192K) Class: 7K(128K)->7K(128K)
[2026-06-17T10:06:09.658+0800][50.451s][info][gc             ] GC(1971) Pause Young (Allocation Failure) 38M->32M(57M) 2.500ms
[2026-06-17T10:06:09.658+0800][50.451s][info][gc,cpu         ] GC(1971) User=0.00s Sys=0.00s Real=0.00s
[2026-06-17T10:06:09.670+0800][50.463s][info][gc,start       ] GC(1972) Pause Young (Allocation Failure)
[2026-06-17T10:06:09.671+0800][50.464s][info][gc,heap        ] GC(1972) PSYoungGen: 9982K(14336K)->919K(14336K) Eden: 6849K(7168K)->0K(7168K) From: 3133K(7168K)->919K(7168K)
[2026-06-17T10:06:09.672+0800][50.465s][info][gc,heap        ] GC(1972) ParOldGen: 29868K(44032K)->31705K(44032K)
[2026-06-17T10:06:09.672+0800][50.465s][info][gc,metaspace   ] GC(1972) Metaspace: 121K(320K)->121K(320K) NonClass: 114K(192K)->114K(192K) Class: 7K(128K)->7K(128K)
[2026-06-17T10:06:09.673+0800][50.465s][info][gc             ] GC(1972) Pause Young (Allocation Failure) 38M->31M(57M) 2.839ms
[2026-06-17T10:06:09.673+0800][50.466s][info][gc,cpu         ] GC(1972) User=0.00s Sys=0.01s Real=0.01s
[2026-06-17T10:06:09.695+0800][50.488s][info][gc,start       ] GC(1973) Pause Young (Allocation Failure)
[2026-06-17T10:06:09.697+0800][50.489s][info][gc,heap        ] GC(1973) PSYoungGen: 8079K(14336K)->4680K(14336K) Eden: 7160K(7168K)->0K(7168K) From: 919K(7168K)->4680K(7168K)
[2026-06-17T10:06:09.697+0800][50.490s][info][gc,heap        ] GC(1973) ParOldGen: 31705K(44032K)->31705K(44032K)
[2026-06-17T10:06:09.698+0800][50.491s][info][gc,metaspace   ] GC(1973) Metaspace: 121K(320K)->121K(320K) NonClass: 114K(192K)->114K(192K) Class: 7K(128K)->7K(128K)
[2026-06-17T10:06:09.699+0800][50.491s][info][gc             ] GC(1973) Pause Young (Allocation Failure) 38M->35M(57M) 3.637ms
[2026-06-17T10:06:09.699+0800][50.492s][info][gc,cpu         ] GC(1973) User=0.00s Sys=0.00s Real=0.00s
[2026-06-17T10:06:09.721+0800][50.514s][info][gc,start       ] GC(1974) Pause Young (Allocation Failure)
[2026-06-17T10:06:09.723+0800][50.516s][info][gc,heap        ] GC(1974) PSYoungGen: 11840K(14336K)->2130K(14336K) Eden: 7159K(7168K)->0K(7168K) From: 4680K(7168K)->2130K(7168K)
[2026-06-17T10:06:09.724+0800][50.517s][info][gc,heap        ] GC(1974) ParOldGen: 31705K(44032K)->34648K(44032K)
[2026-06-17T10:06:09.725+0800][50.517s][info][gc,metaspace   ] GC(1974) Metaspace: 121K(320K)->121K(320K) NonClass: 114K(192K)->114K(192K) Class: 7K(128K)->7K(128K)
[2026-06-17T10:06:09.725+0800][50.518s][info][gc             ] GC(1974) Pause Young (Allocation Failure) 42M->35M(57M) 3.547ms
[2026-06-17T10:06:09.725+0800][50.518s][info][gc,cpu         ] GC(1974) User=0.00s Sys=0.00s Real=0.01s
[2026-06-17T10:06:09.747+0800][50.540s][info][gc,start       ] GC(1975) Pause Young (Allocation Failure)
[2026-06-17T10:06:09.749+0800][50.542s][info][gc,heap        ] GC(1975) PSYoungGen: 9270K(14336K)->2583K(14336K) Eden: 7140K(7168K)->0K(7168K) From: 2130K(7168K)->2583K(7168K)
[2026-06-17T10:06:09.749+0800][50.542s][info][gc,heap        ] GC(1975) ParOldGen: 34648K(44032K)->34648K(44032K)
[2026-06-17T10:06:09.750+0800][50.543s][info][gc,metaspace   ] GC(1975) Metaspace: 121K(320K)->121K(320K) NonClass: 114K(192K)->114K(192K) Class: 7K(128K)->7K(128K)
[2026-06-17T10:06:09.750+0800][50.543s][info][gc             ] GC(1975) Pause Young (Allocation Failure) 42M->36M(57M) 2.795ms
[2026-06-17T10:06:09.751+0800][50.543s][info][gc,cpu         ] GC(1975) User=0.00s Sys=0.00s Real=0.01s
[2026-06-17T10:06:09.763+0800][50.555s][info][gc,start       ] GC(1976) Pause Young (Allocation Failure)
[2026-06-17T10:06:09.765+0800][50.557s][info][gc,heap        ] GC(1976) PSYoungGen: 9733K(14336K)->6256K(14336K) Eden: 7149K(7168K)->0K(7168K) From: 2583K(7168K)->6256K(7168K)
[2026-06-17T10:06:09.765+0800][50.558s][info][gc,heap        ] GC(1976) ParOldGen: 34648K(44032K)->34648K(44032K)
[2026-06-17T10:06:09.766+0800][50.558s][info][gc,metaspace   ] GC(1976) Metaspace: 121K(320K)->121K(320K) NonClass: 114K(192K)->114K(192K) Class: 7K(128K)->7K(128K)
[2026-06-17T10:06:09.766+0800][50.559s][info][gc             ] GC(1976) Pause Young (Allocation Failure) 43M->39M(57M) 3.437ms
[2026-06-17T10:06:09.766+0800][50.559s][info][gc,cpu         ] GC(1976) User=0.00s Sys=0.00s Real=0.00s
[2026-06-17T10:06:09.788+0800][50.581s][info][gc,start       ] GC(1977) Pause Young (Allocation Failure)
[2026-06-17T10:06:09.790+0800][50.583s][info][gc,heap        ] GC(1977) PSYoungGen: 13400K(14336K)->4777K(14336K) Eden: 7143K(7168K)->0K(7168K) From: 6256K(7168K)->4777K(7168K)
[2026-06-17T10:06:09.791+0800][50.584s][info][gc,heap        ] GC(1977) ParOldGen: 34648K(44032K)->36624K(44032K)
[2026-06-17T10:06:09.792+0800][50.585s][info][gc,metaspace   ] GC(1977) Metaspace: 121K(320K)->121K(320K) NonClass: 114K(192K)->114K(192K) Class: 7K(128K)->7K(128K)
[2026-06-17T10:06:09.793+0800][50.585s][info][gc             ] GC(1977) Pause Young (Allocation Failure) 46M->40M(57M) 4.797ms
[2026-06-17T10:06:09.793+0800][50.586s][info][gc,cpu         ] GC(1977) User=0.00s Sys=0.00s Real=0.01s
[2026-06-17T10:06:09.816+0800][50.609s][info][gc,start       ] GC(1978) Pause Young (Allocation Failure)
[2026-06-17T10:06:09.819+0800][50.612s][info][gc,heap        ] GC(1978) PSYoungGen: 11920K(14336K)->3049K(14336K) Eden: 7143K(7168K)->0K(7168K) From: 4777K(7168K)->3049K(7168K)
[2026-06-17T10:06:09.819+0800][50.612s][info][gc,heap        ] GC(1978) ParOldGen: 36624K(44032K)->38690K(44032K)
[2026-06-17T10:06:09.820+0800][50.613s][info][gc,metaspace   ] GC(1978) Metaspace: 121K(320K)->121K(320K) NonClass: 114K(192K)->114K(192K) Class: 7K(128K)->7K(128K)
[2026-06-17T10:06:09.820+0800][50.613s][info][gc             ] GC(1978) Pause Young (Allocation Failure) 47M->40M(57M) 4.131ms
[2026-06-17T10:06:09.821+0800][50.614s][info][gc,cpu         ] GC(1978) User=0.00s Sys=0.00s Real=0.00s
[2026-06-17T10:06:09.832+0800][50.625s][info][gc,start       ] GC(1979) Pause Young (Allocation Failure)
[2026-06-17T10:06:09.833+0800][50.626s][info][gc,heap        ] GC(1979) PSYoungGen: 10105K(14336K)->2977K(14336K) Eden: 7055K(7168K)->0K(7168K) From: 3049K(7168K)->2977K(7168K)
[2026-06-17T10:06:09.833+0800][50.626s][info][gc,heap        ] GC(1979) ParOldGen: 38690K(44032K)->38690K(44032K)
[2026-06-17T10:06:09.834+0800][50.626s][info][gc,metaspace   ] GC(1979) Metaspace: 121K(320K)->121K(320K) NonClass: 114K(192K)->114K(192K) Class: 7K(128K)->7K(128K)
[2026-06-17T10:06:09.834+0800][50.627s][info][gc             ] GC(1979) Pause Young (Allocation Failure) 47M->40M(57M) 1.804ms
[2026-06-17T10:06:09.834+0800][50.627s][info][gc,cpu         ] GC(1979) User=0.00s Sys=0.00s Real=0.00s
[2026-06-17T10:06:09.855+0800][50.648s][info][gc,start       ] GC(1980) Pause Young (Allocation Failure)
[2026-06-17T10:06:09.857+0800][50.650s][info][gc,heap        ] GC(1980) PSYoungGen: 10116K(14336K)->3676K(14336K) Eden: 7139K(7168K)->0K(7168K) From: 2977K(7168K)->3676K(7168K)
[2026-06-17T10:06:09.857+0800][50.650s][info][gc,heap        ] GC(1980) ParOldGen: 38690K(44032K)->41612K(44032K)
[2026-06-17T10:06:09.858+0800][50.651s][info][gc,metaspace   ] GC(1980) Metaspace: 121K(320K)->121K(320K) NonClass: 114K(192K)->114K(192K) Class: 7K(128K)->7K(128K)
[2026-06-17T10:06:09.858+0800][50.651s][info][gc             ] GC(1980) Pause Young (Allocation Failure) 47M->44M(57M) 2.823ms
[2026-06-17T10:06:09.859+0800][50.651s][info][gc,cpu         ] GC(1980) User=0.00s Sys=0.00s Real=0.00s
[2026-06-17T10:06:09.880+0800][50.673s][info][gc,start       ] GC(1981) Pause Full (Allocation Failure)
[2026-06-17T10:06:09.881+0800][50.674s][info][gc,phases,start] GC(1981) Marking Phase
[2026-06-17T10:06:09.883+0800][50.676s][info][gc,phases      ] GC(1981) Marking Phase 2.488ms
[2026-06-17T10:06:09.884+0800][50.677s][info][gc,phases,start] GC(1981) Summary Phase
[2026-06-17T10:06:09.884+0800][50.677s][info][gc,phases      ] GC(1981) Summary Phase 0.406ms
[2026-06-17T10:06:09.885+0800][50.677s][info][gc,phases,start] GC(1981) Forward
[2026-06-17T10:06:09.885+0800][50.678s][info][gc,phases      ] GC(1981) Forward 0.776ms
[2026-06-17T10:06:09.886+0800][50.679s][info][gc,phases,start] GC(1981) Adjust Pointers
[2026-06-17T10:06:09.887+0800][50.680s][info][gc,phases      ] GC(1981) Adjust Pointers 1.121ms
[2026-06-17T10:06:09.887+0800][50.680s][info][gc,phases,start] GC(1981) Compaction Phase
[2026-06-17T10:06:09.890+0800][50.682s][info][gc,phases      ] GC(1981) Compaction Phase 2.078ms
[2026-06-17T10:06:09.890+0800][50.683s][info][gc,phases,start] GC(1981) Post Compact
[2026-06-17T10:06:09.890+0800][50.683s][info][gc,phases      ] GC(1981) Post Compact 0.229ms
[2026-06-17T10:06:09.890+0800][50.683s][info][gc,heap        ] GC(1981) PSYoungGen: 10835K(14336K)->0K(14336K) Eden: 7159K(7168K)->0K(7168K) From: 3676K(7168K)->0K(7168K)
[2026-06-17T10:06:09.891+0800][50.683s][info][gc,heap        ] GC(1981) ParOldGen: 41612K(44032K)->32915K(44032K)
[2026-06-17T10:06:09.891+0800][50.684s][info][gc,metaspace   ] GC(1981) Metaspace: 121K(320K)->121K(320K) NonClass: 114K(192K)->114K(192K) Class: 7K(128K)->7K(128K)
[2026-06-17T10:06:09.891+0800][50.684s][info][gc             ] GC(1981) Pause Full (Allocation Failure) 51M->32M(57M) 10.961ms
[2026-06-17T10:06:09.892+0800][50.684s][info][gc,cpu         ] GC(1981) User=0.01s Sys=0.00s Real=0.02s
[2026-06-17T10:06:09.913+0800][50.706s][info][gc,start       ] GC(1982) Pause Young (Allocation Failure)
[2026-06-17T10:06:09.915+0800][50.708s][info][gc,heap        ] GC(1982) PSYoungGen: 7152K(14336K)->3667K(14336K) Eden: 7152K(7168K)->0K(7168K) From: 0K(7168K)->3667K(7168K)
[2026-06-17T10:06:09.916+0800][50.709s][info][gc,heap        ] GC(1982) ParOldGen: 32915K(44032K)->32915K(44032K)
[2026-06-17T10:06:09.917+0800][50.710s][info][gc,metaspace   ] GC(1982) Metaspace: 121K(320K)->121K(320K) NonClass: 114K(192K)->114K(192K) Class: 7K(128K)->7K(128K)
[2026-06-17T10:06:09.918+0800][50.710s][info][gc             ] GC(1982) Pause Young (Allocation Failure) 39M->35M(57M) 4.131ms
[2026-06-17T10:06:09.918+0800][50.711s][info][gc,cpu         ] GC(1982) User=0.01s Sys=0.00s Real=0.00s
[2026-06-17T10:06:09.929+0800][50.722s][info][gc,start       ] GC(1983) Pause Young (Allocation Failure)
[2026-06-17T10:06:09.931+0800][50.724s][info][gc,heap        ] GC(1983) PSYoungGen: 10801K(14336K)->6518K(13824K) Eden: 7133K(7168K)->0K(7168K) From: 3667K(7168K)->6518K(6656K)
[2026-06-17T10:06:09.932+0800][50.725s][info][gc,heap        ] GC(1983) ParOldGen: 32915K(44032K)->34178K(44032K)
[2026-06-17T10:06:09.935+0800][50.727s][info][gc,metaspace   ] GC(1983) Metaspace: 121K(320K)->121K(320K) NonClass: 114K(192K)->114K(192K) Class: 7K(128K)->7K(128K)
[2026-06-17T10:06:09.935+0800][50.728s][info][gc             ] GC(1983) Pause Young (Allocation Failure) 42M->39M(56M) 5.643ms
[2026-06-17T10:06:09.936+0800][50.728s][info][gc,cpu         ] GC(1983) User=0.00s Sys=0.00s Real=0.01s
[2026-06-17T10:06:09.958+0800][50.751s][info][gc,start       ] GC(1984) Pause Young (Allocation Failure)
[2026-06-17T10:06:09.960+0800][50.753s][info][gc,heap        ] GC(1984) PSYoungGen: 13678K(13824K)->3944K(14336K) Eden: 7159K(7168K)->0K(7168K) From: 6518K(6656K)->3944K(7168K)
[2026-06-17T10:06:09.961+0800][50.753s][info][gc,heap        ] GC(1984) ParOldGen: 34178K(44032K)->37217K(44032K)
[2026-06-17T10:06:09.961+0800][50.754s][info][gc,metaspace   ] GC(1984) Metaspace: 121K(320K)->121K(320K) NonClass: 114K(192K)->114K(192K) Class: 7K(128K)->7K(128K)
[2026-06-17T10:06:09.962+0800][50.754s][info][gc             ] GC(1984) Pause Young (Allocation Failure) 46M->40M(57M) 3.773ms
[2026-06-17T10:06:09.962+0800][50.755s][info][gc,cpu         ] GC(1984) User=0.00s Sys=0.00s Real=0.00s
[2026-06-17T10:06:09.984+0800][50.777s][info][gc,start       ] GC(1985) Pause Young (Allocation Failure)
[2026-06-17T10:06:09.985+0800][50.778s][info][gc,heap        ] GC(1985) PSYoungGen: 11104K(14336K)->4066K(14336K) Eden: 7160K(7168K)->0K(7168K) From: 3944K(7168K)->4066K(7168K)
[2026-06-17T10:06:09.986+0800][50.779s][info][gc,heap        ] GC(1985) ParOldGen: 37217K(44032K)->37217K(44032K)
[2026-06-17T10:06:09.986+0800][50.779s][info][gc,metaspace   ] GC(1985) Metaspace: 121K(320K)->121K(320K) NonClass: 114K(192K)->114K(192K) Class: 7K(128K)->7K(128K)
[2026-06-17T10:06:09.987+0800][50.779s][info][gc             ] GC(1985) Pause Young (Allocation Failure) 47M->40M(57M) 2.636ms
[2026-06-17T10:06:09.987+0800][50.780s][info][gc,cpu         ] GC(1985) User=0.00s Sys=0.00s Real=0.00s
[2026-06-17T10:06:10.008+0800][50.801s][info][gc,start       ] GC(1986) Pause Young (Allocation Failure)
[2026-06-17T10:06:10.009+0800][50.802s][info][gc,heap        ] GC(1986) PSYoungGen: 11209K(14336K)->4016K(14336K) Eden: 7142K(7168K)->0K(7168K) From: 4066K(7168K)->4016K(7168K)
[2026-06-17T10:06:10.010+0800][50.803s][info][gc,heap        ] GC(1986) ParOldGen: 37217K(44032K)->37217K(44032K)
[2026-06-17T10:06:10.010+0800][50.803s][info][gc,metaspace   ] GC(1986) Metaspace: 121K(320K)->121K(320K) NonClass: 114K(192K)->114K(192K) Class: 7K(128K)->7K(128K)
[2026-06-17T10:06:10.010+0800][50.803s][info][gc             ] GC(1986) Pause Young (Allocation Failure) 47M->40M(57M) 1.666ms
[2026-06-17T10:06:10.010+0800][50.803s][info][gc,cpu         ] GC(1986) User=0.00s Sys=0.00s Real=0.00s
[2026-06-17T10:06:10.032+0800][50.824s][info][gc,start       ] GC(1987) Pause Young (Allocation Failure)
[2026-06-17T10:06:10.033+0800][50.826s][info][gc,heap        ] GC(1987) PSYoungGen: 11136K(14336K)->4346K(14848K) Eden: 7120K(7168K)->0K(8192K) From: 4016K(7168K)->4346K(6656K)
[2026-06-17T10:06:10.034+0800][50.827s][info][gc,heap        ] GC(1987) ParOldGen: 37217K(44032K)->37217K(44032K)
[2026-06-17T10:06:10.034+0800][50.827s][info][gc,metaspace   ] GC(1987) Metaspace: 121K(320K)->121K(320K) NonClass: 114K(192K)->114K(192K) Class: 7K(128K)->7K(128K)
[2026-06-17T10:06:10.035+0800][50.828s][info][gc             ] GC(1987) Pause Young (Allocation Failure) 47M->40M(57M) 3.435ms
[2026-06-17T10:06:10.036+0800][50.828s][info][gc,cpu         ] GC(1987) User=0.00s Sys=0.00s Real=0.00s
[2026-06-17T10:06:10.047+0800][50.840s][info][gc,start       ] GC(1988) Pause Young (Allocation Failure)
[2026-06-17T10:06:10.050+0800][50.843s][info][gc,heap        ] GC(1988) PSYoungGen: 12509K(14848K)->6635K(14848K) Eden: 8163K(8192K)->0K(8192K) From: 4346K(6656K)->6635K(6656K)
[2026-06-17T10:06:10.050+0800][50.843s][info][gc,heap        ] GC(1988) ParOldGen: 37217K(44032K)->39637K(44032K)
[2026-06-17T10:06:10.051+0800][50.844s][info][gc,metaspace   ] GC(1988) Metaspace: 121K(320K)->121K(320K) NonClass: 114K(192K)->114K(192K) Class: 7K(128K)->7K(128K)
[2026-06-17T10:06:10.051+0800][50.844s][info][gc             ] GC(1988) Pause Young (Allocation Failure) 48M->45M(57M) 4.069ms
[2026-06-17T10:06:10.052+0800][50.845s][info][gc,cpu         ] GC(1988) User=0.00s Sys=0.00s Real=0.01s
[2026-06-17T10:06:10.074+0800][50.867s][info][gc,start       ] GC(1989) Pause Full (Allocation Failure)
[2026-06-17T10:06:10.075+0800][50.868s][info][gc,phases,start] GC(1989) Marking Phase
[2026-06-17T10:06:10.078+0800][50.871s][info][gc,phases      ] GC(1989) Marking Phase 2.876ms
[2026-06-17T10:06:10.079+0800][50.871s][info][gc,phases,start] GC(1989) Summary Phase
[2026-06-17T10:06:10.079+0800][50.872s][info][gc,phases      ] GC(1989) Summary Phase 0.724ms
[2026-06-17T10:06:10.080+0800][50.873s][info][gc,phases,start] GC(1989) Forward
[2026-06-17T10:06:10.081+0800][50.874s][info][gc,phases      ] GC(1989) Forward 0.881ms
[2026-06-17T10:06:10.081+0800][50.874s][info][gc,phases,start] GC(1989) Adjust Pointers
[2026-06-17T10:06:10.083+0800][50.876s][info][gc,phases      ] GC(1989) Adjust Pointers 1.699ms
[2026-06-17T10:06:10.084+0800][50.876s][info][gc,phases,start] GC(1989) Compaction Phase
[2026-06-17T10:06:10.086+0800][50.879s][info][gc,phases      ] GC(1989) Compaction Phase 2.602ms
[2026-06-17T10:06:10.087+0800][50.880s][info][gc,phases,start] GC(1989) Post Compact
[2026-06-17T10:06:10.087+0800][50.880s][info][gc,phases      ] GC(1989) Post Compact 0.516ms
[2026-06-17T10:06:10.088+0800][50.881s][info][gc,heap        ] GC(1989) PSYoungGen: 14812K(14848K)->0K(13824K) Eden: 8177K(8192K)->0K(7168K) From: 6635K(6656K)->0K(6656K)
[2026-06-17T10:06:10.088+0800][50.881s][info][gc,heap        ] GC(1989) ParOldGen: 39637K(44032K)->31134K(44032K)
[2026-06-17T10:06:10.089+0800][50.882s][info][gc,metaspace   ] GC(1989) Metaspace: 121K(320K)->121K(320K) NonClass: 114K(192K)->114K(192K) Class: 7K(128K)->7K(128K)
[2026-06-17T10:06:10.089+0800][50.882s][info][gc             ] GC(1989) Pause Full (Allocation Failure) 53M->30M(56M) 14.932ms
[2026-06-17T10:06:10.090+0800][50.882s][info][gc,cpu         ] GC(1989) User=0.01s Sys=0.00s Real=0.01s
[2026-06-17T10:06:10.112+0800][50.904s][info][gc,start       ] GC(1990) Pause Young (Allocation Failure)
[2026-06-17T10:06:10.114+0800][50.906s][info][gc,heap        ] GC(1990) PSYoungGen: 7162K(13824K)->3625K(14336K) Eden: 7162K(7168K)->0K(7168K) From: 0K(6656K)->3625K(7168K)
[2026-06-17T10:06:10.115+0800][50.908s][info][gc,heap        ] GC(1990) ParOldGen: 31134K(44032K)->31134K(44032K)
[2026-06-17T10:06:10.115+0800][50.908s][info][gc,metaspace   ] GC(1990) Metaspace: 121K(320K)->121K(320K) NonClass: 114K(192K)->114K(192K) Class: 7K(128K)->7K(128K)
[2026-06-17T10:06:10.116+0800][50.909s][info][gc             ] GC(1990) Pause Young (Allocation Failure) 37M->33M(57M) 4.695ms
[2026-06-17T10:06:10.117+0800][50.910s][info][gc,cpu         ] GC(1990) User=0.00s Sys=0.00s Real=0.00s
[2026-06-17T10:06:10.140+0800][50.933s][info][gc,start       ] GC(1991) Pause Young (Allocation Failure)
[2026-06-17T10:06:10.143+0800][50.935s][info][gc,heap        ] GC(1991) PSYoungGen: 10771K(14336K)->3537K(14336K) Eden: 7145K(7168K)->0K(7168K) From: 3625K(7168K)->3537K(7168K)
[2026-06-17T10:06:10.143+0800][50.936s][info][gc,heap        ] GC(1991) ParOldGen: 31134K(44032K)->31134K(44032K)
[2026-06-17T10:06:10.144+0800][50.937s][info][gc,metaspace   ] GC(1991) Metaspace: 121K(320K)->121K(320K) NonClass: 114K(192K)->114K(192K) Class: 7K(128K)->7K(128K)
[2026-06-17T10:06:10.145+0800][50.938s][info][gc             ] GC(1991) Pause Young (Allocation Failure) 40M->33M(57M) 4.786ms
[2026-06-17T10:06:10.146+0800][50.938s][info][gc,cpu         ] GC(1991) User=0.00s Sys=0.00s Real=0.01s
[2026-06-17T10:06:10.158+0800][50.951s][info][gc,start       ] GC(1992) Pause Young (Allocation Failure)
[2026-06-17T10:06:10.160+0800][50.953s][info][gc,heap        ] GC(1992) PSYoungGen: 10652K(14336K)->6901K(14336K) Eden: 7115K(7168K)->0K(7168K) From: 3537K(7168K)->6901K(7168K)
[2026-06-17T10:06:10.163+0800][50.955s][info][gc,heap        ] GC(1992) ParOldGen: 31134K(44032K)->31433K(44032K)
[2026-06-17T10:06:10.165+0800][50.958s][info][gc,metaspace   ] GC(1992) Metaspace: 121K(320K)->121K(320K) NonClass: 114K(192K)->114K(192K) Class: 7K(128K)->7K(128K)
[2026-06-17T10:06:10.168+0800][50.961s][info][gc             ] GC(1992) Pause Young (Allocation Failure) 40M->37M(57M) 10.342ms
[2026-06-17T10:06:10.169+0800][50.962s][info][gc,cpu         ] GC(1992) User=0.01s Sys=0.00s Real=0.01s
[2026-06-17T10:06:10.192+0800][50.985s][info][gc,start       ] GC(1993) Pause Young (Allocation Failure)
[2026-06-17T10:06:10.195+0800][50.988s][info][gc,heap        ] GC(1993) PSYoungGen: 14009K(14336K)->7052K(14336K) Eden: 7108K(7168K)->0K(7168K) From: 6901K(7168K)->7052K(7168K)
[2026-06-17T10:06:10.196+0800][50.988s][info][gc,heap        ] GC(1993) ParOldGen: 31433K(44032K)->31694K(44032K)
[2026-06-17T10:06:10.196+0800][50.989s][info][gc,metaspace   ] GC(1993) Metaspace: 121K(320K)->121K(320K) NonClass: 114K(192K)->114K(192K) Class: 7K(128K)->7K(128K)
[2026-06-17T10:06:10.197+0800][50.990s][info][gc             ] GC(1993) Pause Young (Allocation Failure) 44M->37M(57M) 4.792ms
[2026-06-17T10:06:10.197+0800][50.990s][info][gc,cpu         ] GC(1993) User=0.00s Sys=0.00s Real=0.00s
[2026-06-17T10:06:10.220+0800][51.013s][info][gc,start       ] GC(1994) Pause Young (Allocation Failure)
[2026-06-17T10:06:10.221+0800][51.014s][info][gc,heap        ] GC(1994) PSYoungGen: 14186K(14336K)->7144K(14336K) Eden: 7134K(7168K)->0K(7168K) From: 7052K(7168K)->7144K(7168K)
[2026-06-17T10:06:10.221+0800][51.014s][info][gc,heap        ] GC(1994) ParOldGen: 31694K(44032K)->31834K(44032K)
[2026-06-17T10:06:10.222+0800][51.014s][info][gc,metaspace   ] GC(1994) Metaspace: 121K(320K)->121K(320K) NonClass: 114K(192K)->114K(192K) Class: 7K(128K)->7K(128K)
[2026-06-17T10:06:10.222+0800][51.015s][info][gc             ] GC(1994) Pause Young (Allocation Failure) 44M->38M(57M) 1.781ms
[2026-06-17T10:06:10.222+0800][51.015s][info][gc,cpu         ] GC(1994) User=0.00s Sys=0.00s Real=0.00s
[2026-06-17T10:06:10.233+0800][51.026s][info][gc,start       ] GC(1995) Pause Young (Allocation Failure)
[2026-06-17T10:06:10.234+0800][51.027s][info][gc,heap        ] GC(1995) PSYoungGen: 14291K(14336K)->7155K(14336K) Eden: 7146K(7168K)->0K(7168K) From: 7144K(7168K)->7155K(7168K)
[2026-06-17T10:06:10.235+0800][51.028s][info][gc,heap        ] GC(1995) ParOldGen: 31834K(44032K)->35303K(44032K)
[2026-06-17T10:06:10.235+0800][51.028s][info][gc,metaspace   ] GC(1995) Metaspace: 121K(320K)->121K(320K) NonClass: 114K(192K)->114K(192K) Class: 7K(128K)->7K(128K)
[2026-06-17T10:06:10.235+0800][51.028s][info][gc             ] GC(1995) Pause Young (Allocation Failure) 45M->41M(57M) 2.358ms
[2026-06-17T10:06:10.235+0800][51.028s][info][gc,cpu         ] GC(1995) User=0.01s Sys=0.00s Real=0.00s
[2026-06-17T10:06:10.257+0800][51.050s][info][gc,start       ] GC(1996) Pause Young (Allocation Failure)
[2026-06-17T10:06:10.259+0800][51.052s][info][gc,heap        ] GC(1996) PSYoungGen: 14286K(14336K)->5051K(14336K) Eden: 7131K(7168K)->0K(7168K) From: 7155K(7168K)->5051K(7168K)
[2026-06-17T10:06:10.260+0800][51.053s][info][gc,heap        ] GC(1996) ParOldGen: 35303K(44032K)->37539K(44032K)
[2026-06-17T10:06:10.260+0800][51.053s][info][gc,metaspace   ] GC(1996) Metaspace: 121K(320K)->121K(320K) NonClass: 114K(192K)->114K(192K) Class: 7K(128K)->7K(128K)
[2026-06-17T10:06:10.261+0800][51.054s][info][gc             ] GC(1996) Pause Young (Allocation Failure) 48M->41M(57M) 3.709ms
[2026-06-17T10:06:10.261+0800][51.054s][info][gc,cpu         ] GC(1996) User=0.00s Sys=0.00s Real=0.00s
[2026-06-17T10:06:10.284+0800][51.076s][info][gc,start       ] GC(1997) Pause Young (Allocation Failure)
[2026-06-17T10:06:10.286+0800][51.079s][info][gc,heap        ] GC(1997) PSYoungGen: 12212K(14336K)->5175K(14336K) Eden: 7161K(7168K)->0K(7168K) From: 5051K(7168K)->5175K(7168K)
[2026-06-17T10:06:10.287+0800][51.079s][info][gc,heap        ] GC(1997) ParOldGen: 37539K(44032K)->37547K(44032K)
[2026-06-17T10:06:10.287+0800][51.080s][info][gc,metaspace   ] GC(1997) Metaspace: 121K(320K)->121K(320K) NonClass: 114K(192K)->114K(192K) Class: 7K(128K)->7K(128K)
[2026-06-17T10:06:10.288+0800][51.081s][info][gc             ] GC(1997) Pause Young (Allocation Failure) 48M->41M(57M) 4.361ms
[2026-06-17T10:06:10.289+0800][51.081s][info][gc,cpu         ] GC(1997) User=0.00s Sys=0.00s Real=0.00s
[2026-06-17T10:06:10.300+0800][51.093s][info][gc,start       ] GC(1998) Pause Young (Allocation Failure)
[2026-06-17T10:06:10.303+0800][51.095s][info][gc,heap        ] GC(1998) PSYoungGen: 12186K(14336K)->3814K(14336K) Eden: 7010K(7168K)->0K(7168K) From: 5175K(7168K)->3814K(7168K)
[2026-06-17T10:06:10.303+0800][51.096s][info][gc,heap        ] GC(1998) ParOldGen: 37547K(44032K)->39093K(44032K)
[2026-06-17T10:06:10.304+0800][51.097s][info][gc,metaspace   ] GC(1998) Metaspace: 121K(320K)->121K(320K) NonClass: 114K(192K)->114K(192K) Class: 7K(128K)->7K(128K)
[2026-06-17T10:06:10.305+0800][51.097s][info][gc             ] GC(1998) Pause Young (Allocation Failure) 48M->41M(57M) 4.091ms
[2026-06-17T10:06:10.305+0800][51.098s][info][gc,cpu         ] GC(1998) User=0.00s Sys=0.00s Real=0.01s
[2026-06-17T10:06:10.337+0800][51.130s][info][gc,start       ] GC(1999) Pause Young (Allocation Failure)
[2026-06-17T10:06:10.339+0800][51.132s][info][gc,heap        ] GC(1999) PSYoungGen: 10956K(14336K)->734K(14336K) Eden: 7142K(7168K)->0K(7168K) From: 3814K(7168K)->734K(7168K)
[2026-06-17T10:06:10.340+0800][51.132s][info][gc,heap        ] GC(1999) ParOldGen: 39093K(44032K)->42891K(44032K)
[2026-06-17T10:06:10.340+0800][51.133s][info][gc,metaspace   ] GC(1999) Metaspace: 121K(320K)->121K(320K) NonClass: 114K(192K)->114K(192K) Class: 7K(128K)->7K(128K)
[2026-06-17T10:06:10.341+0800][51.134s][info][gc             ] GC(1999) Pause Young (Allocation Failure) 48M->42M(57M) 3.420ms
[2026-06-17T10:06:10.341+0800][51.134s][info][gc,cpu         ] GC(1999) User=0.00s Sys=0.00s Real=0.00s
[2026-06-17T10:06:10.353+0800][51.146s][info][gc,start       ] GC(2000) Pause Full (Allocation Failure)
[2026-06-17T10:06:10.354+0800][51.146s][info][gc,phases,start] GC(2000) Marking Phase
[2026-06-17T10:06:10.356+0800][51.149s][info][gc,phases      ] GC(2000) Marking Phase 2.516ms
[2026-06-17T10:06:10.357+0800][51.149s][info][gc,phases,start] GC(2000) Summary Phase
[2026-06-17T10:06:10.357+0800][51.150s][info][gc,phases      ] GC(2000) Summary Phase 0.481ms
[2026-06-17T10:06:10.358+0800][51.150s][info][gc,phases,start] GC(2000) Forward
[2026-06-17T10:06:10.358+0800][51.151s][info][gc,phases      ] GC(2000) Forward 0.661ms
[2026-06-17T10:06:10.359+0800][51.152s][info][gc,phases,start] GC(2000) Adjust Pointers
[2026-06-17T10:06:10.360+0800][51.153s][info][gc,phases      ] GC(2000) Adjust Pointers 1.223ms
[2026-06-17T10:06:10.361+0800][51.153s][info][gc,phases,start] GC(2000) Compaction Phase
[2026-06-17T10:06:10.362+0800][51.155s][info][gc,phases      ] GC(2000) Compaction Phase 1.750ms
[2026-06-17T10:06:10.363+0800][51.155s][info][gc,phases,start] GC(2000) Post Compact
[2026-06-17T10:06:10.363+0800][51.156s][info][gc,phases      ] GC(2000) Post Compact 0.340ms
[2026-06-17T10:06:10.363+0800][51.156s][info][gc,heap        ] GC(2000) PSYoungGen: 7875K(14336K)->0K(14336K) Eden: 7141K(7168K)->0K(7168K) From: 734K(7168K)->0K(7168K)
[2026-06-17T10:06:10.364+0800][51.156s][info][gc,heap        ] GC(2000) ParOldGen: 42891K(44032K)->28393K(44032K)
[2026-06-17T10:06:10.364+0800][51.157s][info][gc,metaspace   ] GC(2000) Metaspace: 121K(320K)->121K(320K) NonClass: 114K(192K)->114K(192K) Class: 7K(128K)->7K(128K)
[2026-06-17T10:06:10.364+0800][51.157s][info][gc             ] GC(2000) Pause Full (Allocation Failure) 49M->27M(57M) 11.415ms
[2026-06-17T10:06:10.364+0800][51.157s][info][gc,cpu         ] GC(2000) User=0.01s Sys=0.00s Real=0.01s
[2026-06-17T10:06:10.386+0800][51.179s][info][gc,start       ] GC(2001) Pause Young (Allocation Failure)
[2026-06-17T10:06:10.388+0800][51.181s][info][gc,heap        ] GC(2001) PSYoungGen: 7161K(14336K)->3864K(14336K) Eden: 7161K(7168K)->0K(7168K) From: 0K(7168K)->3864K(7168K)
[2026-06-17T10:06:10.388+0800][51.181s][info][gc,heap        ] GC(2001) ParOldGen: 28393K(44032K)->28393K(44032K)
[2026-06-17T10:06:10.389+0800][51.181s][info][gc,metaspace   ] GC(2001) Metaspace: 121K(320K)->121K(320K) NonClass: 114K(192K)->114K(192K) Class: 7K(128K)->7K(128K)
[2026-06-17T10:06:10.389+0800][51.182s][info][gc             ] GC(2001) Pause Young (Allocation Failure) 34M->31M(57M) 3.231ms
[2026-06-17T10:06:10.389+0800][51.182s][info][gc,cpu         ] GC(2001) User=0.00s Sys=0.00s Real=0.00s
[2026-06-17T10:06:10.401+0800][51.193s][info][gc,start       ] GC(2002) Pause Young (Allocation Failure)
[2026-06-17T10:06:10.403+0800][51.195s][info][gc,heap        ] GC(2002) PSYoungGen: 11001K(14336K)->5669K(14336K) Eden: 7137K(7168K)->0K(7168K) From: 3864K(7168K)->5669K(7168K)
[2026-06-17T10:06:10.403+0800][51.196s][info][gc,heap        ] GC(2002) ParOldGen: 28393K(44032K)->30022K(44032K)
[2026-06-17T10:06:10.403+0800][51.196s][info][gc,metaspace   ] GC(2002) Metaspace: 121K(320K)->121K(320K) NonClass: 114K(192K)->114K(192K) Class: 7K(128K)->7K(128K)
[2026-06-17T10:06:10.404+0800][51.197s][info][gc             ] GC(2002) Pause Young (Allocation Failure) 38M->34M(57M) 3.083ms
[2026-06-17T10:06:10.404+0800][51.197s][info][gc,cpu         ] GC(2002) User=0.00s Sys=0.00s Real=0.01s
[2026-06-17T10:06:10.425+0800][51.218s][info][gc,start       ] GC(2003) Pause Young (Allocation Failure)
[2026-06-17T10:06:10.427+0800][51.220s][info][gc,heap        ] GC(2003) PSYoungGen: 12796K(14336K)->2229K(14336K) Eden: 7127K(7168K)->0K(7168K) From: 5669K(7168K)->2229K(7168K)
[2026-06-17T10:06:10.427+0800][51.220s][info][gc,heap        ] GC(2003) ParOldGen: 30022K(44032K)->33504K(44032K)
[2026-06-17T10:06:10.428+0800][51.221s][info][gc,metaspace   ] GC(2003) Metaspace: 121K(320K)->121K(320K) NonClass: 114K(192K)->114K(192K) Class: 7K(128K)->7K(128K)
[2026-06-17T10:06:10.428+0800][51.221s][info][gc             ] GC(2003) Pause Young (Allocation Failure) 41M->34M(57M) 2.813ms
[2026-06-17T10:06:10.429+0800][51.221s][info][gc,cpu         ] GC(2003) User=0.00s Sys=0.00s Real=0.00s
[2026-06-17T10:06:10.450+0800][51.243s][info][gc,start       ] GC(2004) Pause Young (Allocation Failure)
[2026-06-17T10:06:10.452+0800][51.245s][info][gc,heap        ] GC(2004) PSYoungGen: 9363K(14336K)->2281K(14336K) Eden: 7133K(7168K)->0K(7168K) From: 2229K(7168K)->2281K(7168K)
[2026-06-17T10:06:10.453+0800][51.246s][info][gc,heap        ] GC(2004) ParOldGen: 33504K(44032K)->33504K(44032K)
[2026-06-17T10:06:10.453+0800][51.246s][info][gc,metaspace   ] GC(2004) Metaspace: 121K(320K)->121K(320K) NonClass: 114K(192K)->114K(192K) Class: 7K(128K)->7K(128K)
[2026-06-17T10:06:10.454+0800][51.247s][info][gc             ] GC(2004) Pause Young (Allocation Failure) 41M->34M(57M) 3.457ms
[2026-06-17T10:06:10.454+0800][51.247s][info][gc,cpu         ] GC(2004) User=0.01s Sys=0.00s Real=0.01s
[2026-06-17T10:06:10.466+0800][51.259s][info][gc,start       ] GC(2005) Pause Young (Allocation Failure)
[2026-06-17T10:06:10.468+0800][51.260s][info][gc,heap        ] GC(2005) PSYoungGen: 9204K(14336K)->32K(14336K) Eden: 6923K(7168K)->0K(7168K) From: 2281K(7168K)->32K(7168K)
[2026-06-17T10:06:10.468+0800][51.261s][info][gc,heap        ] GC(2005) ParOldGen: 33504K(44032K)->35398K(44032K)
[2026-06-17T10:06:10.468+0800][51.261s][info][gc,metaspace   ] GC(2005) Metaspace: 121K(320K)->121K(320K) NonClass: 114K(192K)->114K(192K) Class: 7K(128K)->7K(128K)
[2026-06-17T10:06:10.469+0800][51.262s][info][gc             ] GC(2005) Pause Young (Allocation Failure) 41M->34M(57M) 2.800ms
[2026-06-17T10:06:10.469+0800][51.262s][info][gc,cpu         ] GC(2005) User=0.00s Sys=0.00s Real=0.00s
[2026-06-17T10:06:10.491+0800][51.284s][info][gc,start       ] GC(2006) Pause Young (Allocation Failure)
[2026-06-17T10:06:10.493+0800][51.286s][info][gc,heap        ] GC(2006) PSYoungGen: 7185K(14336K)->3644K(14336K) Eden: 7153K(7168K)->0K(7168K) From: 32K(7168K)->3644K(7168K)
[2026-06-17T10:06:10.493+0800][51.286s][info][gc,heap        ] GC(2006) ParOldGen: 35398K(44032K)->35398K(44032K)
[2026-06-17T10:06:10.494+0800][51.287s][info][gc,metaspace   ] GC(2006) Metaspace: 121K(320K)->121K(320K) NonClass: 114K(192K)->114K(192K) Class: 7K(128K)->7K(128K)
[2026-06-17T10:06:10.494+0800][51.287s][info][gc             ] GC(2006) Pause Young (Allocation Failure) 41M->38M(57M) 3.430ms
[2026-06-17T10:06:10.495+0800][51.288s][info][gc,cpu         ] GC(2006) User=0.00s Sys=0.00s Real=0.00s
[2026-06-17T10:06:10.507+0800][51.299s][info][gc,start       ] GC(2007) Pause Young (Allocation Failure)
[2026-06-17T10:06:10.509+0800][51.302s][info][gc,heap        ] GC(2007) PSYoungGen: 10446K(14336K)->1325K(14336K) Eden: 6802K(7168K)->0K(7168K) From: 3644K(7168K)->1325K(7168K)
[2026-06-17T10:06:10.510+0800][51.303s][info][gc,heap        ] GC(2007) ParOldGen: 35398K(44032K)->37566K(44032K)
[2026-06-17T10:06:10.510+0800][51.303s][info][gc,metaspace   ] GC(2007) Metaspace: 121K(320K)->121K(320K) NonClass: 114K(192K)->114K(192K) Class: 7K(128K)->7K(128K)
[2026-06-17T10:06:10.511+0800][51.303s][info][gc             ] GC(2007) Pause Young (Allocation Failure) 44M->37M(57M) 4.001ms
[2026-06-17T10:06:10.511+0800][51.304s][info][gc,cpu         ] GC(2007) User=0.00s Sys=0.00s Real=0.01s
[2026-06-17T10:06:10.533+0800][51.326s][info][gc,start       ] GC(2008) Pause Young (Allocation Failure)
[2026-06-17T10:06:10.535+0800][51.328s][info][gc,heap        ] GC(2008) PSYoungGen: 8481K(14336K)->3815K(14336K) Eden: 7156K(7168K)->0K(7168K) From: 1325K(7168K)->3815K(7168K)
[2026-06-17T10:06:10.536+0800][51.328s][info][gc,heap        ] GC(2008) ParOldGen: 37566K(44032K)->38867K(44032K)
[2026-06-17T10:06:10.536+0800][51.329s][info][gc,metaspace   ] GC(2008) Metaspace: 121K(320K)->121K(320K) NonClass: 114K(192K)->114K(192K) Class: 7K(128K)->7K(128K)
[2026-06-17T10:06:10.537+0800][51.329s][info][gc             ] GC(2008) Pause Young (Allocation Failure) 44M->41M(57M) 3.219ms
[2026-06-17T10:06:10.537+0800][51.330s][info][gc,cpu         ] GC(2008) User=0.00s Sys=0.00s Real=0.00s
[2026-06-17T10:06:10.559+0800][51.352s][info][gc,start       ] GC(2009) Pause Young (Allocation Failure)
[2026-06-17T10:06:10.560+0800][51.353s][info][gc,heap        ] GC(2009) PSYoungGen: 10979K(14336K)->3468K(14336K) Eden: 7164K(7168K)->0K(7168K) From: 3815K(7168K)->3468K(7168K)
[2026-06-17T10:06:10.561+0800][51.354s][info][gc,heap        ] GC(2009) ParOldGen: 38867K(44032K)->39447K(44032K)
[2026-06-17T10:06:10.561+0800][51.354s][info][gc,metaspace   ] GC(2009) Metaspace: 121K(320K)->121K(320K) NonClass: 114K(192K)->114K(192K) Class: 7K(128K)->7K(128K)
[2026-06-17T10:06:10.562+0800][51.354s][info][gc             ] GC(2009) Pause Young (Allocation Failure) 48M->41M(57M) 2.768ms
[2026-06-17T10:06:10.562+0800][51.355s][info][gc,cpu         ] GC(2009) User=0.00s Sys=0.00s Real=0.00s
[2026-06-17T10:06:10.584+0800][51.377s][info][gc,start       ] GC(2010) Pause Young (Allocation Failure)
[2026-06-17T10:06:10.585+0800][51.378s][info][gc,heap        ] GC(2010) PSYoungGen: 10636K(14336K)->1760K(14336K) Eden: 7168K(7168K)->0K(7168K) From: 3468K(7168K)->1760K(7168K)
[2026-06-17T10:06:10.586+0800][51.379s][info][gc,heap        ] GC(2010) ParOldGen: 39447K(44032K)->41197K(44032K)
[2026-06-17T10:06:10.586+0800][51.379s][info][gc,metaspace   ] GC(2010) Metaspace: 121K(320K)->121K(320K) NonClass: 114K(192K)->114K(192K) Class: 7K(128K)->7K(128K)
[2026-06-17T10:06:10.587+0800][51.379s][info][gc             ] GC(2010) Pause Young (Allocation Failure) 48M->41M(57M) 2.856ms
[2026-06-17T10:06:10.587+0800][51.380s][info][gc,cpu         ] GC(2010) User=0.00s Sys=0.00s Real=0.00s
[2026-06-17T10:06:10.609+0800][51.402s][info][gc,start       ] GC(2011) Pause Full (Allocation Failure)
[2026-06-17T10:06:10.610+0800][51.402s][info][gc,phases,start] GC(2011) Marking Phase
[2026-06-17T10:06:10.613+0800][51.405s][info][gc,phases      ] GC(2011) Marking Phase 3.005ms
[2026-06-17T10:06:10.614+0800][51.406s][info][gc,phases,start] GC(2011) Summary Phase
[2026-06-17T10:06:10.614+0800][51.407s][info][gc,phases      ] GC(2011) Summary Phase 0.450ms
[2026-06-17T10:06:10.614+0800][51.407s][info][gc,phases,start] GC(2011) Forward
[2026-06-17T10:06:10.615+0800][51.408s][info][gc,phases      ] GC(2011) Forward 0.648ms
[2026-06-17T10:06:10.615+0800][51.408s][info][gc,phases,start] GC(2011) Adjust Pointers
[2026-06-17T10:06:10.617+0800][51.409s][info][gc,phases      ] GC(2011) Adjust Pointers 1.177ms
[2026-06-17T10:06:10.617+0800][51.410s][info][gc,phases,start] GC(2011) Compaction Phase
[2026-06-17T10:06:10.619+0800][51.412s][info][gc,phases      ] GC(2011) Compaction Phase 1.931ms
[2026-06-17T10:06:10.619+0800][51.412s][info][gc,phases,start] GC(2011) Post Compact
[2026-06-17T10:06:10.620+0800][51.413s][info][gc,phases      ] GC(2011) Post Compact 0.662ms
[2026-06-17T10:06:10.620+0800][51.413s][info][gc,heap        ] GC(2011) PSYoungGen: 8890K(14336K)->0K(14336K) Eden: 7130K(7168K)->0K(7168K) From: 1760K(7168K)->0K(7168K)
[2026-06-17T10:06:10.621+0800][51.414s][info][gc,heap        ] GC(2011) ParOldGen: 41197K(44032K)->30119K(44032K)
[2026-06-17T10:06:10.621+0800][51.414s][info][gc,metaspace   ] GC(2011) Metaspace: 121K(320K)->121K(320K) NonClass: 114K(192K)->114K(192K) Class: 7K(128K)->7K(128K)
[2026-06-17T10:06:10.621+0800][51.414s][info][gc             ] GC(2011) Pause Full (Allocation Failure) 48M->29M(57M) 12.453ms
[2026-06-17T10:06:10.622+0800][51.415s][info][gc,cpu         ] GC(2011) User=0.01s Sys=0.00s Real=0.01s
[2026-06-17T10:06:10.633+0800][51.426s][info][gc,start       ] GC(2012) Pause Young (Allocation Failure)
[2026-06-17T10:06:10.634+0800][51.427s][info][gc,heap        ] GC(2012) PSYoungGen: 7162K(14336K)->7110K(14336K) Eden: 7162K(7168K)->0K(7168K) From: 0K(7168K)->7110K(7168K)
[2026-06-17T10:06:10.635+0800][51.428s][info][gc,heap        ] GC(2012) ParOldGen: 30119K(44032K)->30237K(44032K)
[2026-06-17T10:06:10.637+0800][51.430s][info][gc,metaspace   ] GC(2012) Metaspace: 121K(320K)->121K(320K) NonClass: 114K(192K)->114K(192K) Class: 7K(128K)->7K(128K)
[2026-06-17T10:06:10.652+0800][51.444s][info][gc             ] GC(2012) Pause Young (Allocation Failure) 36M->36M(57M) 18.509ms
[2026-06-17T10:06:10.652+0800][51.445s][info][gc,cpu         ] GC(2012) User=0.00s Sys=0.00s Real=0.02s
[2026-06-17T10:06:10.688+0800][51.481s][info][gc,start       ] GC(2013) Pause Young (Allocation Failure)
[2026-06-17T10:06:10.701+0800][51.493s][info][gc,heap        ] GC(2013) PSYoungGen: 14271K(14336K)->7166K(14336K) Eden: 7160K(7168K)->0K(7168K) From: 7110K(7168K)->7166K(7168K)
[2026-06-17T10:06:10.714+0800][51.507s][info][gc,heap        ] GC(2013) ParOldGen: 30237K(44032K)->30769K(44032K)
[2026-06-17T10:06:10.715+0800][51.508s][info][gc,metaspace   ] GC(2013) Metaspace: 121K(320K)->121K(320K) NonClass: 114K(192K)->114K(192K) Class: 7K(128K)->7K(128K)
[2026-06-17T10:06:10.762+0800][51.555s][info][gc             ] GC(2013) Pause Young (Allocation Failure) 43M->37M(57M) 73.685ms
[2026-06-17T10:06:10.763+0800][51.555s][info][gc,cpu         ] GC(2013) User=0.00s Sys=0.00s Real=0.08s
[2026-06-17T10:06:10.774+0800][51.567s][info][gc,start       ] GC(2014) Pause Young (Allocation Failure)
[2026-06-17T10:06:10.776+0800][51.569s][info][gc,heap        ] GC(2014) PSYoungGen: 14327K(14336K)->1337K(14336K) Eden: 7161K(7168K)->0K(7168K) From: 7166K(7168K)->1337K(7168K)
[2026-06-17T10:06:10.777+0800][51.570s][info][gc,heap        ] GC(2014) ParOldGen: 30769K(44032K)->36806K(44032K)
[2026-06-17T10:06:10.778+0800][51.570s][info][gc,metaspace   ] GC(2014) Metaspace: 121K(320K)->121K(320K) NonClass: 114K(192K)->114K(192K) Class: 7K(128K)->7K(128K)
[2026-06-17T10:06:10.778+0800][51.571s][info][gc             ] GC(2014) Pause Young (Allocation Failure) 44M->37M(57M) 3.816ms
[2026-06-17T10:06:10.779+0800][51.572s][info][gc,cpu         ] GC(2014) User=0.00s Sys=0.00s Real=0.00s
[2026-06-17T10:06:10.804+0800][51.596s][info][gc,start       ] GC(2015) Pause Young (Allocation Failure)
[2026-06-17T10:06:10.808+0800][51.601s][info][gc,heap        ] GC(2015) PSYoungGen: 8501K(14336K)->4821K(14336K) Eden: 7164K(7168K)->0K(7168K) From: 1337K(7168K)->4821K(7168K)
[2026-06-17T10:06:10.811+0800][51.604s][info][gc,heap        ] GC(2015) ParOldGen: 36806K(44032K)->36806K(44032K)
[2026-06-17T10:06:10.811+0800][51.604s][info][gc,metaspace   ] GC(2015) Metaspace: 121K(320K)->121K(320K) NonClass: 114K(192K)->114K(192K) Class: 7K(128K)->7K(128K)
[2026-06-17T10:06:10.812+0800][51.605s][info][gc             ] GC(2015) Pause Young (Allocation Failure) 44M->40M(57M) 8.239ms
[2026-06-17T10:06:10.822+0800][51.615s][info][gc,cpu         ] GC(2015) User=0.00s Sys=0.00s Real=0.01s
[2026-06-17T10:06:10.844+0800][51.637s][info][gc,start       ] GC(2016) Pause Young (Allocation Failure)
[2026-06-17T10:06:10.847+0800][51.640s][info][gc,heap        ] GC(2016) PSYoungGen: 11960K(14336K)->3094K(14336K) Eden: 7139K(7168K)->0K(7168K) From: 4821K(7168K)->3094K(7168K)
[2026-06-17T10:06:10.854+0800][51.647s][info][gc,heap        ] GC(2016) ParOldGen: 36806K(44032K)->38778K(44032K)
[2026-06-17T10:06:10.854+0800][51.647s][info][gc,metaspace   ] GC(2016) Metaspace: 121K(320K)->121K(320K) NonClass: 114K(192K)->114K(192K) Class: 7K(128K)->7K(128K)
[2026-06-17T10:06:10.855+0800][51.648s][info][gc             ] GC(2016) Pause Young (Allocation Failure) 47M->40M(57M) 10.683ms
[2026-06-17T10:06:10.856+0800][51.648s][info][gc,cpu         ] GC(2016) User=0.00s Sys=0.00s Real=0.01s
[2026-06-17T10:06:10.879+0800][51.672s][info][gc,start       ] GC(2017) Pause Young (Allocation Failure)
[2026-06-17T10:06:10.881+0800][51.673s][info][gc,heap        ] GC(2017) PSYoungGen: 10224K(14336K)->3113K(14336K) Eden: 7130K(7168K)->0K(7168K) From: 3094K(7168K)->3113K(7168K)
[2026-06-17T10:06:10.881+0800][51.674s][info][gc,heap        ] GC(2017) ParOldGen: 38778K(44032K)->38778K(44032K)
[2026-06-17T10:06:10.882+0800][51.675s][info][gc,metaspace   ] GC(2017) Metaspace: 121K(320K)->121K(320K) NonClass: 114K(192K)->114K(192K) Class: 7K(128K)->7K(128K)
[2026-06-17T10:06:10.886+0800][51.679s][info][gc             ] GC(2017) Pause Young (Allocation Failure) 47M->40M(57M) 7.542ms
[2026-06-17T10:06:10.892+0800][51.685s][info][gc,cpu         ] GC(2017) User=0.00s Sys=0.00s Real=0.02s
[2026-06-17T10:06:10.904+0800][51.697s][info][gc,start       ] GC(2018) Pause Young (Allocation Failure)
[2026-06-17T10:06:10.906+0800][51.699s][info][gc,heap        ] GC(2018) PSYoungGen: 10270K(14336K)->4192K(14336K) Eden: 7156K(7168K)->0K(7168K) From: 3113K(7168K)->4192K(7168K)
[2026-06-17T10:06:10.908+0800][51.701s][info][gc,heap        ] GC(2018) ParOldGen: 38778K(44032K)->41200K(44032K)
[2026-06-17T10:06:10.909+0800][51.702s][info][gc,metaspace   ] GC(2018) Metaspace: 121K(320K)->121K(320K) NonClass: 114K(192K)->114K(192K) Class: 7K(128K)->7K(128K)
[2026-06-17T10:06:10.910+0800][51.702s][info][gc             ] GC(2018) Pause Young (Allocation Failure) 47M->44M(57M) 5.365ms
[2026-06-17T10:06:10.910+0800][51.703s][info][gc,cpu         ] GC(2018) User=0.00s Sys=0.00s Real=0.00s
[2026-06-17T10:06:10.932+0800][51.725s][info][gc,start       ] GC(2019) Pause Full (Allocation Failure)
[2026-06-17T10:06:10.933+0800][51.726s][info][gc,phases,start] GC(2019) Marking Phase
[2026-06-17T10:06:10.936+0800][51.729s][info][gc,phases      ] GC(2019) Marking Phase 3.494ms
[2026-06-17T10:06:10.937+0800][51.730s][info][gc,phases,start] GC(2019) Summary Phase
[2026-06-17T10:06:10.938+0800][51.731s][info][gc,phases      ] GC(2019) Summary Phase 1.074ms
[2026-06-17T10:06:10.940+0800][51.733s][info][gc,phases,start] GC(2019) Forward
[2026-06-17T10:06:10.941+0800][51.734s][info][gc,phases      ] GC(2019) Forward 1.152ms
[2026-06-17T10:06:10.944+0800][51.737s][info][gc,phases,start] GC(2019) Adjust Pointers
[2026-06-17T10:06:10.946+0800][51.739s][info][gc,phases      ] GC(2019) Adjust Pointers 2.000ms
[2026-06-17T10:06:10.948+0800][51.741s][info][gc,phases,start] GC(2019) Compaction Phase
[2026-06-17T10:06:10.952+0800][51.745s][info][gc,phases      ] GC(2019) Compaction Phase 4.289ms
[2026-06-17T10:06:10.954+0800][51.747s][info][gc,phases,start] GC(2019) Post Compact
[2026-06-17T10:06:10.957+0800][51.750s][info][gc,phases      ] GC(2019) Post Compact 2.820ms
[2026-06-17T10:06:10.959+0800][51.751s][info][gc,heap        ] GC(2019) PSYoungGen: 11358K(14336K)->0K(14336K) Eden: 7165K(7168K)->0K(7168K) From: 4192K(7168K)->0K(7168K)
[2026-06-17T10:06:10.960+0800][51.753s][info][gc,heap        ] GC(2019) ParOldGen: 41200K(44032K)->25334K(44032K)
[2026-06-17T10:06:10.961+0800][51.753s][info][gc,metaspace   ] GC(2019) Metaspace: 121K(320K)->121K(320K) NonClass: 114K(192K)->114K(192K) Class: 7K(128K)->7K(128K)
[2026-06-17T10:06:10.962+0800][51.755s][info][gc             ] GC(2019) Pause Full (Allocation Failure) 51M->24M(57M) 30.445ms
[2026-06-17T10:06:10.965+0800][51.757s][info][gc,cpu         ] GC(2019) User=0.01s Sys=0.00s Real=0.03s
[2026-06-17T10:06:10.987+0800][51.780s][info][gc,start       ] GC(2020) Pause Young (Allocation Failure)
[2026-06-17T10:06:10.989+0800][51.782s][info][gc,heap        ] GC(2020) PSYoungGen: 7136K(14336K)->3700K(14336K) Eden: 7136K(7168K)->0K(7168K) From: 0K(7168K)->3700K(7168K)
[2026-06-17T10:06:10.990+0800][51.782s][info][gc,heap        ] GC(2020) ParOldGen: 25334K(44032K)->25334K(44032K)
[2026-06-17T10:06:10.990+0800][51.783s][info][gc,metaspace   ] GC(2020) Metaspace: 121K(320K)->121K(320K) NonClass: 114K(192K)->114K(192K) Class: 7K(128K)->7K(128K)
[2026-06-17T10:06:10.991+0800][51.783s][info][gc             ] GC(2020) Pause Young (Allocation Failure) 31M->28M(57M) 3.434ms
[2026-06-17T10:06:10.991+0800][51.784s][info][gc,cpu         ] GC(2020) User=0.01s Sys=0.00s Real=0.01s
[2026-06-17T10:06:11.003+0800][51.796s][info][gc,start       ] GC(2021) Pause Young (Allocation Failure)
[2026-06-17T10:06:11.004+0800][51.797s][info][gc,heap        ] GC(2021) PSYoungGen: 10605K(14336K)->345K(14336K) Eden: 6904K(7168K)->0K(7168K) From: 3700K(7168K)->345K(7168K)
[2026-06-17T10:06:11.005+0800][51.798s][info][gc,heap        ] GC(2021) ParOldGen: 25334K(44032K)->28316K(44032K)
[2026-06-17T10:06:11.006+0800][51.798s][info][gc,metaspace   ] GC(2021) Metaspace: 121K(320K)->121K(320K) NonClass: 114K(192K)->114K(192K) Class: 7K(128K)->7K(128K)
[2026-06-17T10:06:11.006+0800][51.799s][info][gc             ] GC(2021) Pause Young (Allocation Failure) 35M->27M(57M) 3.076ms
[2026-06-17T10:06:11.007+0800][51.799s][info][gc,cpu         ] GC(2021) User=0.00s Sys=0.00s Real=0.00s
[2026-06-17T10:06:11.028+0800][51.821s][info][gc,start       ] GC(2022) Pause Young (Allocation Failure)
[2026-06-17T10:06:11.029+0800][51.822s][info][gc,heap        ] GC(2022) PSYoungGen: 7498K(14336K)->4415K(14336K) Eden: 7153K(7168K)->0K(7168K) From: 345K(7168K)->4415K(7168K)
[2026-06-17T10:06:11.029+0800][51.822s][info][gc,heap        ] GC(2022) ParOldGen: 28316K(44032K)->28316K(44032K)
[2026-06-17T10:06:11.029+0800][51.822s][info][gc,metaspace   ] GC(2022) Metaspace: 121K(320K)->121K(320K) NonClass: 114K(192K)->114K(192K) Class: 7K(128K)->7K(128K)
[2026-06-17T10:06:11.030+0800][51.822s][info][gc             ] GC(2022) Pause Young (Allocation Failure) 34M->31M(57M) 1.447ms
[2026-06-17T10:06:11.030+0800][51.823s][info][gc,cpu         ] GC(2022) User=0.00s Sys=0.00s Real=0.00s
[2026-06-17T10:06:11.041+0800][51.833s][info][gc,start       ] GC(2023) Pause Young (Allocation Failure)
[2026-06-17T10:06:11.041+0800][51.834s][info][gc,heap        ] GC(2023) PSYoungGen: 11372K(14336K)->1149K(14336K) Eden: 6957K(7168K)->0K(7168K) From: 4415K(7168K)->1149K(7168K)
[2026-06-17T10:06:11.041+0800][51.834s][info][gc,heap        ] GC(2023) ParOldGen: 28316K(44032K)->31704K(44032K)
[2026-06-17T10:06:11.042+0800][51.834s][info][gc,metaspace   ] GC(2023) Metaspace: 121K(320K)->121K(320K) NonClass: 114K(192K)->114K(192K) Class: 7K(128K)->7K(128K)
[2026-06-17T10:06:11.042+0800][51.835s][info][gc             ] GC(2023) Pause Young (Allocation Failure) 38M->32M(57M) 1.293ms
[2026-06-17T10:06:11.042+0800][51.835s][info][gc,cpu         ] GC(2023) User=0.00s Sys=0.00s Real=0.00s
[2026-06-17T10:06:11.063+0800][51.856s][info][gc,start       ] GC(2024) Pause Young (Allocation Failure)
[2026-06-17T10:06:11.064+0800][51.856s][info][gc,heap        ] GC(2024) PSYoungGen: 8317K(14336K)->4640K(14336K) Eden: 7168K(7168K)->0K(7168K) From: 1149K(7168K)->4640K(7168K)
[2026-06-17T10:06:11.064+0800][51.857s][info][gc,heap        ] GC(2024) ParOldGen: 31704K(44032K)->31704K(44032K)
[2026-06-17T10:06:11.064+0800][51.857s][info][gc,metaspace   ] GC(2024) Metaspace: 121K(320K)->121K(320K) NonClass: 114K(192K)->114K(192K) Class: 7K(128K)->7K(128K)
[2026-06-17T10:06:11.064+0800][51.857s][info][gc             ] GC(2024) Pause Young (Allocation Failure) 39M->35M(57M) 1.201ms
[2026-06-17T10:06:11.064+0800][51.857s][info][gc,cpu         ] GC(2024) User=0.00s Sys=0.00s Real=0.00s
[2026-06-17T10:06:11.085+0800][51.878s][info][gc,start       ] GC(2025) Pause Young (Allocation Failure)
[2026-06-17T10:06:11.087+0800][51.879s][info][gc,heap        ] GC(2025) PSYoungGen: 11763K(14336K)->3309K(14336K) Eden: 7123K(7168K)->0K(7168K) From: 4640K(7168K)->3309K(7168K)
[2026-06-17T10:06:11.087+0800][51.880s][info][gc,heap        ] GC(2025) ParOldGen: 31704K(44032K)->33402K(44032K)
[2026-06-17T10:06:11.087+0800][51.880s][info][gc,metaspace   ] GC(2025) Metaspace: 121K(320K)->121K(320K) NonClass: 114K(192K)->114K(192K) Class: 7K(128K)->7K(128K)
[2026-06-17T10:06:11.088+0800][51.880s][info][gc             ] GC(2025) Pause Young (Allocation Failure) 42M->35M(57M) 2.482ms
[2026-06-17T10:06:11.088+0800][51.881s][info][gc,cpu         ] GC(2025) User=0.00s Sys=0.00s Real=0.00s
[2026-06-17T10:06:11.109+0800][51.902s][info][gc,start       ] GC(2026) Pause Young (Allocation Failure)
[2026-06-17T10:06:11.111+0800][51.904s][info][gc,heap        ] GC(2026) PSYoungGen: 10453K(14336K)->3576K(14336K) Eden: 7144K(7168K)->0K(7168K) From: 3309K(7168K)->3576K(7168K)
[2026-06-17T10:06:11.111+0800][51.904s][info][gc,heap        ] GC(2026) ParOldGen: 33402K(44032K)->33402K(44032K)
[2026-06-17T10:06:11.112+0800][51.904s][info][gc,metaspace   ] GC(2026) Metaspace: 121K(320K)->121K(320K) NonClass: 114K(192K)->114K(192K) Class: 7K(128K)->7K(128K)
[2026-06-17T10:06:11.112+0800][51.905s][info][gc             ] GC(2026) Pause Young (Allocation Failure) 42M->36M(57M) 2.517ms
[2026-06-17T10:06:11.112+0800][51.905s][info][gc,cpu         ] GC(2026) User=0.00s Sys=0.00s Real=0.01s
[2026-06-17T10:06:11.124+0800][51.916s][info][gc,start       ] GC(2027) Pause Young (Allocation Failure)
[2026-06-17T10:06:11.125+0800][51.918s][info][gc,heap        ] GC(2027) PSYoungGen: 10710K(14336K)->7162K(14336K) Eden: 7134K(7168K)->0K(7168K) From: 3576K(7168K)->7162K(7168K)
[2026-06-17T10:06:11.126+0800][51.919s][info][gc,heap        ] GC(2027) ParOldGen: 33402K(44032K)->33640K(44032K)
[2026-06-17T10:06:11.126+0800][51.919s][info][gc,metaspace   ] GC(2027) Metaspace: 121K(320K)->121K(320K) NonClass: 114K(192K)->114K(192K) Class: 7K(128K)->7K(128K)
[2026-06-17T10:06:11.127+0800][51.920s][info][gc             ] GC(2027) Pause Young (Allocation Failure) 43M->39M(57M) 3.112ms
[2026-06-17T10:06:11.127+0800][51.920s][info][gc,cpu         ] GC(2027) User=0.01s Sys=0.00s Real=0.00s
[2026-06-17T10:06:11.149+0800][51.942s][info][gc,start       ] GC(2028) Pause Young (Allocation Failure)
[2026-06-17T10:06:11.151+0800][51.944s][info][gc,heap        ] GC(2028) PSYoungGen: 14330K(14336K)->1585K(14336K) Eden: 7168K(7168K)->0K(7168K) From: 7162K(7168K)->1585K(7168K)
[2026-06-17T10:06:11.152+0800][51.944s][info][gc,heap        ] GC(2028) ParOldGen: 33640K(44032K)->35977K(44032K)
[2026-06-17T10:06:11.152+0800][51.945s][info][gc,metaspace   ] GC(2028) Metaspace: 121K(320K)->121K(320K) NonClass: 114K(192K)->114K(192K) Class: 7K(128K)->7K(128K)
[2026-06-17T10:06:11.153+0800][51.945s][info][gc             ] GC(2028) Pause Young (Allocation Failure) 46M->36M(57M) 3.371ms
[2026-06-17T10:06:11.153+0800][51.946s][info][gc,cpu         ] GC(2028) User=0.00s Sys=0.00s Real=0.01s
[2026-06-17T10:06:11.175+0800][51.968s][info][gc,start       ] GC(2029) Pause Young (Allocation Failure)
[2026-06-17T10:06:11.177+0800][51.969s][info][gc,heap        ] GC(2029) PSYoungGen: 8725K(14336K)->3784K(14336K) Eden: 7140K(7168K)->0K(7168K) From: 1585K(7168K)->3784K(7168K)
[2026-06-17T10:06:11.177+0800][51.970s][info][gc,heap        ] GC(2029) ParOldGen: 35977K(44032K)->37538K(44032K)
[2026-06-17T10:06:11.178+0800][51.970s][info][gc,metaspace   ] GC(2029) Metaspace: 121K(320K)->121K(320K) NonClass: 114K(192K)->114K(192K) Class: 7K(128K)->7K(128K)
[2026-06-17T10:06:11.178+0800][51.971s][info][gc             ] GC(2029) Pause Young (Allocation Failure) 43M->40M(57M) 2.943ms
[2026-06-17T10:06:11.178+0800][51.971s][info][gc,cpu         ] GC(2029) User=0.00s Sys=0.00s Real=0.00s
[2026-06-17T10:06:11.199+0800][51.992s][info][gc,start       ] GC(2030) Pause Young (Allocation Failure)
[2026-06-17T10:06:11.202+0800][51.995s][info][gc,heap        ] GC(2030) PSYoungGen: 10949K(14336K)->3840K(14336K) Eden: 7164K(7168K)->0K(7168K) From: 3784K(7168K)->3840K(7168K)
[2026-06-17T10:06:11.204+0800][51.997s][info][gc,heap        ] GC(2030) ParOldGen: 37538K(44032K)->37538K(44032K)
[2026-06-17T10:06:11.207+0800][52.000s][info][gc,metaspace   ] GC(2030) Metaspace: 121K(320K)->121K(320K) NonClass: 114K(192K)->114K(192K) Class: 7K(128K)->7K(128K)
[2026-06-17T10:06:11.209+0800][52.002s][info][gc             ] GC(2030) Pause Young (Allocation Failure) 47M->40M(57M) 9.473ms
[2026-06-17T10:06:11.211+0800][52.003s][info][gc,cpu         ] GC(2030) User=0.01s Sys=0.00s Real=0.02s
[2026-06-17T10:06:11.233+0800][52.026s][info][gc,start       ] GC(2031) Pause Young (Allocation Failure)
[2026-06-17T10:06:11.235+0800][52.027s][info][gc,heap        ] GC(2031) PSYoungGen: 11006K(14336K)->252K(14336K) Eden: 7166K(7168K)->0K(7168K) From: 3840K(7168K)->252K(7168K)
[2026-06-17T10:06:11.239+0800][52.031s][info][gc,heap        ] GC(2031) ParOldGen: 37538K(44032K)->40922K(44032K)
[2026-06-17T10:06:11.239+0800][52.032s][info][gc,metaspace   ] GC(2031) Metaspace: 121K(320K)->121K(320K) NonClass: 114K(192K)->114K(192K) Class: 7K(128K)->7K(128K)
[2026-06-17T10:06:11.240+0800][52.032s][info][gc             ] GC(2031) Pause Young (Allocation Failure) 47M->40M(57M) 6.919ms
[2026-06-17T10:06:11.240+0800][52.033s][info][gc,cpu         ] GC(2031) User=0.00s Sys=0.01s Real=0.00s
[2026-06-17T10:06:11.252+0800][52.045s][info][gc,start       ] GC(2032) Pause Full (Allocation Failure)
[2026-06-17T10:06:11.253+0800][52.045s][info][gc,phases,start] GC(2032) Marking Phase
[2026-06-17T10:06:11.255+0800][52.048s][info][gc,phases      ] GC(2032) Marking Phase 2.499ms
[2026-06-17T10:06:11.256+0800][52.048s][info][gc,phases,start] GC(2032) Summary Phase
[2026-06-17T10:06:11.256+0800][52.049s][info][gc,phases      ] GC(2032) Summary Phase 0.611ms
[2026-06-17T10:06:11.257+0800][52.050s][info][gc,phases,start] GC(2032) Forward
[2026-06-17T10:06:11.257+0800][52.050s][info][gc,phases      ] GC(2032) Forward 0.717ms
[2026-06-17T10:06:11.258+0800][52.051s][info][gc,phases,start] GC(2032) Adjust Pointers
[2026-06-17T10:06:11.259+0800][52.052s][info][gc,phases      ] GC(2032) Adjust Pointers 1.304ms
[2026-06-17T10:06:11.260+0800][52.052s][info][gc,phases,start] GC(2032) Compaction Phase
[2026-06-17T10:06:11.262+0800][52.055s][info][gc,phases      ] GC(2032) Compaction Phase 2.092ms
[2026-06-17T10:06:11.262+0800][52.055s][info][gc,phases,start] GC(2032) Post Compact
[2026-06-17T10:06:11.263+0800][52.056s][info][gc,phases      ] GC(2032) Post Compact 0.464ms
[2026-06-17T10:06:11.263+0800][52.056s][info][gc,heap        ] GC(2032) PSYoungGen: 7380K(14336K)->0K(14336K) Eden: 7128K(7168K)->0K(7168K) From: 252K(7168K)->0K(7168K)
[2026-06-17T10:06:11.263+0800][52.056s][info][gc,heap        ] GC(2032) ParOldGen: 40922K(44032K)->31327K(44032K)
[2026-06-17T10:06:11.264+0800][52.056s][info][gc,metaspace   ] GC(2032) Metaspace: 121K(320K)->121K(320K) NonClass: 114K(192K)->114K(192K) Class: 7K(128K)->7K(128K)
[2026-06-17T10:06:11.264+0800][52.057s][info][gc             ] GC(2032) Pause Full (Allocation Failure) 47M->30M(57M) 12.021ms
[2026-06-17T10:06:11.264+0800][52.057s][info][gc,cpu         ] GC(2032) User=0.00s Sys=0.00s Real=0.01s
[2026-06-17T10:06:11.286+0800][52.078s][info][gc,start       ] GC(2033) Pause Young (Allocation Failure)
[2026-06-17T10:06:11.287+0800][52.080s][info][gc,heap        ] GC(2033) PSYoungGen: 7154K(14336K)->3913K(14336K) Eden: 7154K(7168K)->0K(7168K) From: 0K(7168K)->3913K(7168K)
[2026-06-17T10:06:11.288+0800][52.081s][info][gc,heap        ] GC(2033) ParOldGen: 31327K(44032K)->31327K(44032K)
[2026-06-17T10:06:11.289+0800][52.081s][info][gc,metaspace   ] GC(2033) Metaspace: 121K(320K)->121K(320K) NonClass: 114K(192K)->114K(192K) Class: 7K(128K)->7K(128K)
[2026-06-17T10:06:11.289+0800][52.082s][info][gc             ] GC(2033) Pause Young (Allocation Failure) 37M->34M(57M) 3.705ms
[2026-06-17T10:06:11.290+0800][52.083s][info][gc,cpu         ] GC(2033) User=0.00s Sys=0.01s Real=0.00s
[2026-06-17T10:06:11.302+0800][52.094s][info][gc,start       ] GC(2034) Pause Young (Allocation Failure)
[2026-06-17T10:06:11.304+0800][52.097s][info][gc,heap        ] GC(2034) PSYoungGen: 11065K(14336K)->5184K(14336K) Eden: 7152K(7168K)->0K(7168K) From: 3913K(7168K)->5184K(7168K)
[2026-06-17T10:06:11.305+0800][52.098s][info][gc,heap        ] GC(2034) ParOldGen: 31327K(44032K)->33882K(44032K)
[2026-06-17T10:06:11.305+0800][52.098s][info][gc,metaspace   ] GC(2034) Metaspace: 121K(320K)->121K(320K) NonClass: 114K(192K)->114K(192K) Class: 7K(128K)->7K(128K)
[2026-06-17T10:06:11.306+0800][52.099s][info][gc             ] GC(2034) Pause Young (Allocation Failure) 41M->38M(57M) 4.434ms
[2026-06-17T10:06:11.307+0800][52.099s][info][gc,cpu         ] GC(2034) User=0.00s Sys=0.00s Real=0.01s
[2026-06-17T10:06:11.328+0800][52.121s][info][gc,start       ] GC(2035) Pause Young (Allocation Failure)
[2026-06-17T10:06:11.329+0800][52.122s][info][gc,heap        ] GC(2035) PSYoungGen: 12227K(14336K)->32K(14336K) Eden: 7042K(7168K)->0K(7168K) From: 5184K(7168K)->32K(7168K)
[2026-06-17T10:06:11.329+0800][52.122s][info][gc,heap        ] GC(2035) ParOldGen: 33882K(44032K)->35755K(44032K)
[2026-06-17T10:06:11.330+0800][52.122s][info][gc,metaspace   ] GC(2035) Metaspace: 121K(320K)->121K(320K) NonClass: 114K(192K)->114K(192K) Class: 7K(128K)->7K(128K)
[2026-06-17T10:06:11.330+0800][52.123s][info][gc             ] GC(2035) Pause Young (Allocation Failure) 45M->34M(57M) 1.617ms
[2026-06-17T10:06:11.330+0800][52.123s][info][gc,cpu         ] GC(2035) User=0.00s Sys=0.00s Real=0.00s
[2026-06-17T10:06:11.351+0800][52.144s][info][gc,start       ] GC(2036) Pause Young (Allocation Failure)
[2026-06-17T10:06:11.353+0800][52.146s][info][gc,heap        ] GC(2036) PSYoungGen: 7152K(14336K)->3681K(14336K) Eden: 7120K(7168K)->0K(7168K) From: 32K(7168K)->3681K(7168K)
[2026-06-17T10:06:11.354+0800][52.147s][info][gc,heap        ] GC(2036) ParOldGen: 35755K(44032K)->35755K(44032K)
[2026-06-17T10:06:11.354+0800][52.147s][info][gc,metaspace   ] GC(2036) Metaspace: 121K(320K)->121K(320K) NonClass: 114K(192K)->114K(192K) Class: 7K(128K)->7K(128K)
[2026-06-17T10:06:11.355+0800][52.147s][info][gc             ] GC(2036) Pause Young (Allocation Failure) 41M->38M(57M) 3.139ms
[2026-06-17T10:06:11.355+0800][52.148s][info][gc,cpu         ] GC(2036) User=0.00s Sys=0.00s Real=0.00s
[2026-06-17T10:06:11.377+0800][52.170s][info][gc,start       ] GC(2037) Pause Young (Allocation Failure)
[2026-06-17T10:06:11.379+0800][52.172s][info][gc,heap        ] GC(2037) PSYoungGen: 10827K(14336K)->2072K(14336K) Eden: 7145K(7168K)->0K(7168K) From: 3681K(7168K)->2072K(7168K)
[2026-06-17T10:06:11.379+0800][52.172s][info][gc,heap        ] GC(2037) ParOldGen: 35755K(44032K)->37933K(44032K)
[2026-06-17T10:06:11.380+0800][52.173s][info][gc,metaspace   ] GC(2037) Metaspace: 121K(320K)->121K(320K) NonClass: 114K(192K)->114K(192K) Class: 7K(128K)->7K(128K)
[2026-06-17T10:06:11.381+0800][52.174s][info][gc             ] GC(2037) Pause Young (Allocation Failure) 45M->39M(57M) 3.935ms
[2026-06-17T10:06:11.382+0800][52.174s][info][gc,cpu         ] GC(2037) User=0.00s Sys=0.00s Real=0.00s
[2026-06-17T10:06:11.404+0800][52.197s][info][gc,start       ] GC(2038) Pause Young (Allocation Failure)
[2026-06-17T10:06:11.406+0800][52.199s][info][gc,heap        ] GC(2038) PSYoungGen: 9204K(14336K)->2472K(14336K) Eden: 7132K(7168K)->0K(7168K) From: 2072K(7168K)->2472K(7168K)
[2026-06-17T10:06:11.407+0800][52.200s][info][gc,heap        ] GC(2038) ParOldGen: 37933K(44032K)->37933K(44032K)
[2026-06-17T10:06:11.410+0800][52.203s][info][gc,metaspace   ] GC(2038) Metaspace: 121K(320K)->121K(320K) NonClass: 114K(192K)->114K(192K) Class: 7K(128K)->7K(128K)
[2026-06-17T10:06:11.412+0800][52.205s][info][gc             ] GC(2038) Pause Young (Allocation Failure) 46M->39M(57M) 8.215ms
[2026-06-17T10:06:11.413+0800][52.206s][info][gc,cpu         ] GC(2038) User=0.00s Sys=0.00s Real=0.01s
[2026-06-17T10:06:11.426+0800][52.219s][info][gc,start       ] GC(2039) Pause Young (Allocation Failure)
[2026-06-17T10:06:11.428+0800][52.221s][info][gc,heap        ] GC(2039) PSYoungGen: 9631K(14336K)->5925K(14336K) Eden: 7159K(7168K)->0K(7168K) From: 2472K(7168K)->5925K(7168K)
[2026-06-17T10:06:11.429+0800][52.221s][info][gc,heap        ] GC(2039) ParOldGen: 37933K(44032K)->37933K(44032K)
[2026-06-17T10:06:11.429+0800][52.222s][info][gc,metaspace   ] GC(2039) Metaspace: 121K(320K)->121K(320K) NonClass: 114K(192K)->114K(192K) Class: 7K(128K)->7K(128K)
[2026-06-17T10:06:11.430+0800][52.223s][info][gc             ] GC(2039) Pause Young (Allocation Failure) 46M->42M(57M) 3.709ms
[2026-06-17T10:06:11.430+0800][52.223s][info][gc,cpu         ] GC(2039) User=0.00s Sys=0.00s Real=0.00s
[2026-06-17T10:06:11.452+0800][52.245s][info][gc,start       ] GC(2040) Pause Young (Allocation Failure)
[2026-06-17T10:06:11.454+0800][52.247s][info][gc,heap        ] GC(2040) PSYoungGen: 13038K(14336K)->4239K(14336K) Eden: 7113K(7168K)->0K(7168K) From: 5925K(7168K)->4239K(7168K)
[2026-06-17T10:06:11.455+0800][52.248s][info][gc,heap        ] GC(2040) ParOldGen: 37933K(44032K)->39428K(44032K)
[2026-06-17T10:06:11.456+0800][52.248s][info][gc,metaspace   ] GC(2040) Metaspace: 121K(320K)->121K(320K) NonClass: 114K(192K)->114K(192K) Class: 7K(128K)->7K(128K)
[2026-06-17T10:06:11.456+0800][52.249s][info][gc             ] GC(2040) Pause Young (Allocation Failure) 49M->42M(57M) 3.712ms
[2026-06-17T10:06:11.456+0800][52.249s][info][gc,cpu         ] GC(2040) User=0.00s Sys=0.00s Real=0.00s
[2026-06-17T10:06:11.478+0800][52.270s][info][gc,start       ] GC(2041) Pause Young (Allocation Failure)
[2026-06-17T10:06:11.480+0800][52.273s][info][gc,heap        ] GC(2041) PSYoungGen: 11381K(14336K)->2698K(14336K) Eden: 7141K(7168K)->0K(7168K) From: 4239K(7168K)->2698K(7168K)
[2026-06-17T10:06:11.480+0800][52.273s][info][gc,heap        ] GC(2041) ParOldGen: 39428K(44032K)->41047K(44032K)
[2026-06-17T10:06:11.481+0800][52.274s][info][gc,metaspace   ] GC(2041) Metaspace: 121K(320K)->121K(320K) NonClass: 114K(192K)->114K(192K) Class: 7K(128K)->7K(128K)
[2026-06-17T10:06:11.481+0800][52.274s][info][gc             ] GC(2041) Pause Young (Allocation Failure) 49M->42M(57M) 3.615ms
[2026-06-17T10:06:11.482+0800][52.275s][info][gc,cpu         ] GC(2041) User=0.00s Sys=0.01s Real=0.00s
[2026-06-17T10:06:11.493+0800][52.286s][info][gc,start       ] GC(2042) Pause Full (Allocation Failure)
[2026-06-17T10:06:11.494+0800][52.287s][info][gc,phases,start] GC(2042) Marking Phase
[2026-06-17T10:06:11.496+0800][52.289s][info][gc,phases      ] GC(2042) Marking Phase 2.306ms
[2026-06-17T10:06:11.496+0800][52.289s][info][gc,phases,start] GC(2042) Summary Phase
[2026-06-17T10:06:11.498+0800][52.290s][info][gc,phases      ] GC(2042) Summary Phase 1.251ms
[2026-06-17T10:06:11.498+0800][52.291s][info][gc,phases,start] GC(2042) Forward
[2026-06-17T10:06:11.499+0800][52.292s][info][gc,phases      ] GC(2042) Forward 0.813ms
[2026-06-17T10:06:11.499+0800][52.292s][info][gc,phases,start] GC(2042) Adjust Pointers
[2026-06-17T10:06:11.501+0800][52.293s][info][gc,phases      ] GC(2042) Adjust Pointers 1.152ms
[2026-06-17T10:06:11.501+0800][52.294s][info][gc,phases,start] GC(2042) Compaction Phase
[2026-06-17T10:06:11.506+0800][52.299s][info][gc,phases      ] GC(2042) Compaction Phase 4.896ms
[2026-06-17T10:06:11.507+0800][52.299s][info][gc,phases,start] GC(2042) Post Compact
[2026-06-17T10:06:11.507+0800][52.300s][info][gc,phases      ] GC(2042) Post Compact 0.238ms
[2026-06-17T10:06:11.507+0800][52.300s][info][gc,heap        ] GC(2042) PSYoungGen: 9865K(14336K)->0K(14336K) Eden: 7167K(7168K)->0K(7168K) From: 2698K(7168K)->0K(7168K)
[2026-06-17T10:06:11.507+0800][52.300s][info][gc,heap        ] GC(2042) ParOldGen: 41047K(44032K)->32704K(44032K)
[2026-06-17T10:06:11.507+0800][52.300s][info][gc,metaspace   ] GC(2042) Metaspace: 121K(320K)->121K(320K) NonClass: 114K(192K)->114K(192K) Class: 7K(128K)->7K(128K)
[2026-06-17T10:06:11.507+0800][52.300s][info][gc             ] GC(2042) Pause Full (Allocation Failure) 49M->31M(57M) 14.237ms
[2026-06-17T10:06:11.508+0800][52.301s][info][gc,cpu         ] GC(2042) User=0.02s Sys=0.00s Real=0.01s
[2026-06-17T10:06:11.529+0800][52.322s][info][gc,start       ] GC(2043) Pause Young (Allocation Failure)
[2026-06-17T10:06:11.532+0800][52.325s][info][gc,heap        ] GC(2043) PSYoungGen: 7125K(14336K)->3609K(14336K) Eden: 7125K(7168K)->0K(7168K) From: 0K(7168K)->3609K(7168K)
[2026-06-17T10:06:11.533+0800][52.326s][info][gc,heap        ] GC(2043) ParOldGen: 32704K(44032K)->32704K(44032K)
[2026-06-17T10:06:11.534+0800][52.326s][info][gc,metaspace   ] GC(2043) Metaspace: 121K(320K)->121K(320K) NonClass: 114K(192K)->114K(192K) Class: 7K(128K)->7K(128K)
[2026-06-17T10:06:11.534+0800][52.327s][info][gc             ] GC(2043) Pause Young (Allocation Failure) 38M->35M(57M) 4.969ms
[2026-06-17T10:06:11.534+0800][52.327s][info][gc,cpu         ] GC(2043) User=0.00s Sys=0.00s Real=0.01s
[2026-06-17T10:06:11.556+0800][52.349s][info][gc,start       ] GC(2044) Pause Young (Allocation Failure)
[2026-06-17T10:06:11.558+0800][52.351s][info][gc,heap        ] GC(2044) PSYoungGen: 10777K(14336K)->3999K(14336K) Eden: 7168K(7168K)->0K(7168K) From: 3609K(7168K)->3999K(7168K)
[2026-06-17T10:06:11.559+0800][52.352s][info][gc,heap        ] GC(2044) ParOldGen: 32704K(44032K)->32704K(44032K)
[2026-06-17T10:06:11.559+0800][52.352s][info][gc,metaspace   ] GC(2044) Metaspace: 121K(320K)->121K(320K) NonClass: 114K(192K)->114K(192K) Class: 7K(128K)->7K(128K)
[2026-06-17T10:06:11.560+0800][52.353s][info][gc             ] GC(2044) Pause Young (Allocation Failure) 42M->35M(57M) 3.792ms
[2026-06-17T10:06:11.560+0800][52.353s][info][gc,cpu         ] GC(2044) User=0.00s Sys=0.00s Real=0.00s
[2026-06-17T10:06:11.582+0800][52.375s][info][gc,start       ] GC(2045) Pause Young (Allocation Failure)
[2026-06-17T10:06:11.584+0800][52.377s][info][gc,heap        ] GC(2045) PSYoungGen: 11148K(14336K)->4177K(14336K) Eden: 7149K(7168K)->0K(7168K) From: 3999K(7168K)->4177K(7168K)
[2026-06-17T10:06:11.584+0800][52.377s][info][gc,heap        ] GC(2045) ParOldGen: 32704K(44032K)->32704K(44032K)
[2026-06-17T10:06:11.585+0800][52.378s][info][gc,metaspace   ] GC(2045) Metaspace: 121K(320K)->121K(320K) NonClass: 114K(192K)->114K(192K) Class: 7K(128K)->7K(128K)
[2026-06-17T10:06:11.585+0800][52.378s][info][gc             ] GC(2045) Pause Young (Allocation Failure) 42M->36M(57M) 3.066ms
[2026-06-17T10:06:11.585+0800][52.378s][info][gc,cpu         ] GC(2045) User=0.00s Sys=0.00s Real=0.01s
[2026-06-17T10:06:11.597+0800][52.390s][info][gc,start       ] GC(2046) Pause Young (Allocation Failure)
[2026-06-17T10:06:11.599+0800][52.392s][info][gc,heap        ] GC(2046) PSYoungGen: 11322K(14336K)->7125K(14336K) Eden: 7144K(7168K)->0K(7168K) From: 4177K(7168K)->7125K(7168K)
[2026-06-17T10:06:11.599+0800][52.392s][info][gc,heap        ] GC(2046) ParOldGen: 32704K(44032K)->33536K(44032K)
[2026-06-17T10:06:11.600+0800][52.393s][info][gc,metaspace   ] GC(2046) Metaspace: 121K(320K)->121K(320K) NonClass: 114K(192K)->114K(192K) Class: 7K(128K)->7K(128K)
[2026-06-17T10:06:11.600+0800][52.393s][info][gc             ] GC(2046) Pause Young (Allocation Failure) 42M->39M(57M) 3.399ms
[2026-06-17T10:06:11.601+0800][52.394s][info][gc,cpu         ] GC(2046) User=0.00s Sys=0.00s Real=0.00s
[2026-06-17T10:06:11.623+0800][52.416s][info][gc,start       ] GC(2047) Pause Young (Allocation Failure)
[2026-06-17T10:06:11.625+0800][52.418s][info][gc,heap        ] GC(2047) PSYoungGen: 14258K(14336K)->5025K(14336K) Eden: 7132K(7168K)->0K(7168K) From: 7125K(7168K)->5025K(7168K)
[2026-06-17T10:06:11.626+0800][52.419s][info][gc,heap        ] GC(2047) ParOldGen: 33536K(44032K)->35987K(44032K)
[2026-06-17T10:06:11.626+0800][52.419s][info][gc,metaspace   ] GC(2047) Metaspace: 121K(320K)->121K(320K) NonClass: 114K(192K)->114K(192K) Class: 7K(128K)->7K(128K)
[2026-06-17T10:06:11.627+0800][52.420s][info][gc             ] GC(2047) Pause Young (Allocation Failure) 46M->40M(57M) 3.962ms
[2026-06-17T10:06:11.627+0800][52.420s][info][gc,cpu         ] GC(2047) User=0.01s Sys=0.00s Real=0.00s
[2026-06-17T10:06:11.649+0800][52.442s][info][gc,start       ] GC(2048) Pause Young (Allocation Failure)
[2026-06-17T10:06:11.652+0800][52.445s][info][gc,heap        ] GC(2048) PSYoungGen: 12157K(14336K)->4059K(14336K) Eden: 7132K(7168K)->0K(7168K) From: 5025K(7168K)->4059K(7168K)
[2026-06-17T10:06:11.652+0800][52.445s][info][gc,heap        ] GC(2048) ParOldGen: 35987K(44032K)->37043K(44032K)
[2026-06-17T10:06:11.653+0800][52.446s][info][gc,metaspace   ] GC(2048) Metaspace: 121K(320K)->121K(320K) NonClass: 114K(192K)->114K(192K) Class: 7K(128K)->7K(128K)
[2026-06-17T10:06:11.653+0800][52.446s][info][gc             ] GC(2048) Pause Young (Allocation Failure) 47M->40M(57M) 3.969ms
[2026-06-17T10:06:11.654+0800][52.446s][info][gc,cpu         ] GC(2048) User=0.00s Sys=0.00s Real=0.01s
[2026-06-17T10:06:11.665+0800][52.458s][info][gc,start       ] GC(2049) Pause Young (Allocation Failure)
[2026-06-17T10:06:11.667+0800][52.460s][info][gc,heap        ] GC(2049) PSYoungGen: 11092K(14336K)->3377K(14336K) Eden: 7032K(7168K)->0K(7168K) From: 4059K(7168K)->3377K(7168K)
[2026-06-17T10:06:11.668+0800][52.461s][info][gc,heap        ] GC(2049) ParOldGen: 37043K(44032K)->37881K(44032K)
[2026-06-17T10:06:11.668+0800][52.461s][info][gc,metaspace   ] GC(2049) Metaspace: 121K(320K)->121K(320K) NonClass: 114K(192K)->114K(192K) Class: 7K(128K)->7K(128K)
[2026-06-17T10:06:11.669+0800][52.461s][info][gc             ] GC(2049) Pause Young (Allocation Failure) 47M->40M(57M) 3.287ms
[2026-06-17T10:06:11.669+0800][52.462s][info][gc,cpu         ] GC(2049) User=0.00s Sys=0.00s Real=0.00s
[2026-06-17T10:06:11.691+0800][52.484s][info][gc,start       ] GC(2050) Pause Young (Allocation Failure)
[2026-06-17T10:06:11.693+0800][52.486s][info][gc,heap        ] GC(2050) PSYoungGen: 10541K(14336K)->3553K(14336K) Eden: 7164K(7168K)->0K(7168K) From: 3377K(7168K)->3553K(7168K)
[2026-06-17T10:06:11.694+0800][52.486s][info][gc,heap        ] GC(2050) ParOldGen: 37881K(44032K)->41235K(44032K)
[2026-06-17T10:06:11.694+0800][52.487s][info][gc,metaspace   ] GC(2050) Metaspace: 121K(320K)->121K(320K) NonClass: 114K(192K)->114K(192K) Class: 7K(128K)->7K(128K)
[2026-06-17T10:06:11.694+0800][52.487s][info][gc             ] GC(2050) Pause Young (Allocation Failure) 47M->43M(57M) 3.361ms
[2026-06-17T10:06:11.694+0800][52.487s][info][gc,cpu         ] GC(2050) User=0.00s Sys=0.00s Real=0.00s
[2026-06-17T10:06:11.716+0800][52.509s][info][gc,start       ] GC(2051) Pause Full (Allocation Failure)
[2026-06-17T10:06:11.717+0800][52.509s][info][gc,phases,start] GC(2051) Marking Phase
[2026-06-17T10:06:11.720+0800][52.512s][info][gc,phases      ] GC(2051) Marking Phase 2.912ms
[2026-06-17T10:06:11.720+0800][52.513s][info][gc,phases,start] GC(2051) Summary Phase
[2026-06-17T10:06:11.721+0800][52.513s][info][gc,phases      ] GC(2051) Summary Phase 0.446ms
[2026-06-17T10:06:11.721+0800][52.514s][info][gc,phases,start] GC(2051) Forward
[2026-06-17T10:06:11.722+0800][52.514s][info][gc,phases      ] GC(2051) Forward 0.726ms
[2026-06-17T10:06:11.722+0800][52.515s][info][gc,phases,start] GC(2051) Adjust Pointers
[2026-06-17T10:06:11.723+0800][52.516s][info][gc,phases      ] GC(2051) Adjust Pointers 1.195ms
[2026-06-17T10:06:11.724+0800][52.517s][info][gc,phases,start] GC(2051) Compaction Phase
[2026-06-17T10:06:11.726+0800][52.519s][info][gc,phases      ] GC(2051) Compaction Phase 1.961ms
[2026-06-17T10:06:11.726+0800][52.519s][info][gc,phases,start] GC(2051) Post Compact
[2026-06-17T10:06:11.727+0800][52.519s][info][gc,phases      ] GC(2051) Post Compact 0.322ms
[2026-06-17T10:06:11.727+0800][52.520s][info][gc,heap        ] GC(2051) PSYoungGen: 10688K(14336K)->0K(14336K) Eden: 7135K(7168K)->0K(7168K) From: 3553K(7168K)->0K(7168K)
[2026-06-17T10:06:11.727+0800][52.520s][info][gc,heap        ] GC(2051) ParOldGen: 41235K(44032K)->34583K(44032K)
[2026-06-17T10:06:11.727+0800][52.520s][info][gc,metaspace   ] GC(2051) Metaspace: 121K(320K)->121K(320K) NonClass: 114K(192K)->114K(192K) Class: 7K(128K)->7K(128K)
[2026-06-17T10:06:11.728+0800][52.520s][info][gc             ] GC(2051) Pause Full (Allocation Failure) 50M->33M(57M) 11.533ms
[2026-06-17T10:06:11.728+0800][52.520s][info][gc,cpu         ] GC(2051) User=0.01s Sys=0.00s Real=0.01s
[2026-06-17T10:06:11.749+0800][52.542s][info][gc,start       ] GC(2052) Pause Young (Allocation Failure)
[2026-06-17T10:06:11.751+0800][52.544s][info][gc,heap        ] GC(2052) PSYoungGen: 7127K(14336K)->3773K(14336K) Eden: 7127K(7168K)->0K(7168K) From: 0K(7168K)->3773K(7168K)
[2026-06-17T10:06:11.752+0800][52.545s][info][gc,heap        ] GC(2052) ParOldGen: 34583K(44032K)->34583K(44032K)
[2026-06-17T10:06:11.753+0800][52.545s][info][gc,metaspace   ] GC(2052) Metaspace: 121K(320K)->121K(320K) NonClass: 114K(192K)->114K(192K) Class: 7K(128K)->7K(128K)
[2026-06-17T10:06:11.753+0800][52.546s][info][gc             ] GC(2052) Pause Young (Allocation Failure) 40M->37M(57M) 3.857ms
[2026-06-17T10:06:11.753+0800][52.546s][info][gc,cpu         ] GC(2052) User=0.01s Sys=0.00s Real=0.01s
[2026-06-17T10:06:11.765+0800][52.558s][info][gc,start       ] GC(2053) Pause Young (Allocation Failure)
[2026-06-17T10:06:11.767+0800][52.560s][info][gc,heap        ] GC(2053) PSYoungGen: 10941K(14336K)->4364K(14848K) Eden: 7168K(7168K)->0K(7680K) From: 3773K(7168K)->4364K(7168K)
[2026-06-17T10:06:11.768+0800][52.561s][info][gc,heap        ] GC(2053) ParOldGen: 34583K(44032K)->37581K(44032K)
[2026-06-17T10:06:11.768+0800][52.561s][info][gc,metaspace   ] GC(2053) Metaspace: 121K(320K)->121K(320K) NonClass: 114K(192K)->114K(192K) Class: 7K(128K)->7K(128K)
[2026-06-17T10:06:11.769+0800][52.562s][info][gc             ] GC(2053) Pause Young (Allocation Failure) 44M->40M(57M) 3.822ms
[2026-06-17T10:06:11.770+0800][52.562s][info][gc,cpu         ] GC(2053) User=0.00s Sys=0.00s Real=0.00s
[2026-06-17T10:06:11.792+0800][52.585s][info][gc,start       ] GC(2054) Pause Young (Allocation Failure)
[2026-06-17T10:06:11.794+0800][52.587s][info][gc,heap        ] GC(2054) PSYoungGen: 12024K(14848K)->3245K(14336K) Eden: 7660K(7680K)->0K(7680K) From: 4364K(7168K)->3245K(6656K)
[2026-06-17T10:06:11.795+0800][52.587s][info][gc,heap        ] GC(2054) ParOldGen: 37581K(44032K)->39312K(44032K)
[2026-06-17T10:06:11.795+0800][52.588s][info][gc,metaspace   ] GC(2054) Metaspace: 121K(320K)->121K(320K) NonClass: 114K(192K)->114K(192K) Class: 7K(128K)->7K(128K)
[2026-06-17T10:06:11.796+0800][52.589s][info][gc             ] GC(2054) Pause Young (Allocation Failure) 48M->41M(57M) 3.929ms
[2026-06-17T10:06:11.797+0800][52.589s][info][gc,cpu         ] GC(2054) User=0.00s Sys=0.00s Real=0.00s
[2026-06-17T10:06:11.819+0800][52.612s][info][gc,start       ] GC(2055) Pause Young (Allocation Failure)
[2026-06-17T10:06:11.821+0800][52.613s][info][gc,heap        ] GC(2055) PSYoungGen: 10895K(14336K)->3911K(14848K) Eden: 7650K(7680K)->0K(8192K) From: 3245K(6656K)->3911K(6656K)
[2026-06-17T10:06:11.821+0800][52.614s][info][gc,heap        ] GC(2055) ParOldGen: 39312K(44032K)->39312K(44032K)
[2026-06-17T10:06:11.822+0800][52.614s][info][gc,metaspace   ] GC(2055) Metaspace: 121K(320K)->121K(320K) NonClass: 114K(192K)->114K(192K) Class: 7K(128K)->7K(128K)
[2026-06-17T10:06:11.822+0800][52.615s][info][gc             ] GC(2055) Pause Young (Allocation Failure) 49M->42M(57M) 3.280ms
[2026-06-17T10:06:11.823+0800][52.615s][info][gc,cpu         ] GC(2055) User=0.00s Sys=0.00s Real=0.01s
[2026-06-17T10:06:11.845+0800][52.637s][info][gc,start       ] GC(2056) Pause Young (Allocation Failure)
[2026-06-17T10:06:11.847+0800][52.639s][info][gc,heap        ] GC(2056) PSYoungGen: 12061K(14848K)->3438K(14848K) Eden: 8150K(8192K)->0K(8192K) From: 3911K(6656K)->3438K(6656K)
[2026-06-17T10:06:11.847+0800][52.640s][info][gc,heap        ] GC(2056) ParOldGen: 39312K(44032K)->41193K(44032K)
[2026-06-17T10:06:11.848+0800][52.641s][info][gc,metaspace   ] GC(2056) Metaspace: 121K(320K)->121K(320K) NonClass: 114K(192K)->114K(192K) Class: 7K(128K)->7K(128K)
[2026-06-17T10:06:11.849+0800][52.641s][info][gc             ] GC(2056) Pause Young (Allocation Failure) 50M->43M(57M) 4.092ms
[2026-06-17T10:06:11.849+0800][52.642s][info][gc,cpu         ] GC(2056) User=0.00s Sys=0.00s Real=0.00s
[2026-06-17T10:06:11.871+0800][52.664s][info][gc,start       ] GC(2057) Pause Full (Allocation Failure)
[2026-06-17T10:06:11.872+0800][52.665s][info][gc,phases,start] GC(2057) Marking Phase
[2026-06-17T10:06:11.875+0800][52.668s][info][gc,phases      ] GC(2057) Marking Phase 2.664ms
[2026-06-17T10:06:11.875+0800][52.668s][info][gc,phases,start] GC(2057) Summary Phase
[2026-06-17T10:06:11.876+0800][52.669s][info][gc,phases      ] GC(2057) Summary Phase 0.535ms
[2026-06-17T10:06:11.877+0800][52.669s][info][gc,phases,start] GC(2057) Forward
[2026-06-17T10:06:11.877+0800][52.670s][info][gc,phases      ] GC(2057) Forward 0.700ms
[2026-06-17T10:06:11.878+0800][52.671s][info][gc,phases,start] GC(2057) Adjust Pointers
[2026-06-17T10:06:11.879+0800][52.672s][info][gc,phases      ] GC(2057) Adjust Pointers 1.492ms
[2026-06-17T10:06:11.880+0800][52.673s][info][gc,phases,start] GC(2057) Compaction Phase
[2026-06-17T10:06:11.882+0800][52.675s][info][gc,phases      ] GC(2057) Compaction Phase 2.406ms
[2026-06-17T10:06:11.883+0800][52.675s][info][gc,phases,start] GC(2057) Post Compact
[2026-06-17T10:06:11.883+0800][52.676s][info][gc,phases      ] GC(2057) Post Compact 0.438ms
[2026-06-17T10:06:11.884+0800][52.676s][info][gc,heap        ] GC(2057) PSYoungGen: 11612K(14848K)->0K(15360K) Eden: 8174K(8192K)->0K(9216K) From: 3438K(6656K)->0K(6144K)
[2026-06-17T10:06:11.884+0800][52.677s][info][gc,heap        ] GC(2057) ParOldGen: 41193K(44032K)->33003K(44032K)
[2026-06-17T10:06:11.884+0800][52.677s][info][gc,metaspace   ] GC(2057) Metaspace: 121K(320K)->121K(320K) NonClass: 114K(192K)->114K(192K) Class: 7K(128K)->7K(128K)
[2026-06-17T10:06:11.884+0800][52.677s][info][gc             ] GC(2057) Pause Full (Allocation Failure) 51M->32M(58M) 13.050ms
[2026-06-17T10:06:11.885+0800][52.678s][info][gc,cpu         ] GC(2057) User=0.01s Sys=0.00s Real=0.01s
[2026-06-17T10:06:11.918+0800][52.710s][info][gc,start       ] GC(2058) Pause Young (Allocation Failure)
[2026-06-17T10:06:11.920+0800][52.713s][info][gc,heap        ] GC(2058) PSYoungGen: 9216K(15360K)->2685K(15360K) Eden: 9216K(9216K)->0K(9216K) From: 0K(6144K)->2685K(6144K)
[2026-06-17T10:06:11.921+0800][52.714s][info][gc,heap        ] GC(2058) ParOldGen: 33003K(44032K)->33003K(44032K)
[2026-06-17T10:06:11.922+0800][52.715s][info][gc,metaspace   ] GC(2058) Metaspace: 121K(320K)->121K(320K) NonClass: 114K(192K)->114K(192K) Class: 7K(128K)->7K(128K)
[2026-06-17T10:06:11.923+0800][52.715s][info][gc             ] GC(2058) Pause Young (Allocation Failure) 41M->34M(58M) 4.814ms
[2026-06-17T10:06:11.923+0800][52.716s][info][gc,cpu         ] GC(2058) User=0.01s Sys=0.00s Real=0.01s
[2026-06-17T10:06:11.946+0800][52.738s][info][gc,start       ] GC(2059) Pause Young (Allocation Failure)
[2026-06-17T10:06:11.948+0800][52.741s][info][gc,heap        ] GC(2059) PSYoungGen: 11873K(15360K)->5016K(14336K) Eden: 9187K(9216K)->0K(8192K) From: 2685K(6144K)->5016K(6144K)
[2026-06-17T10:06:11.949+0800][52.741s][info][gc,heap        ] GC(2059) ParOldGen: 33003K(44032K)->33003K(44032K)
[2026-06-17T10:06:11.949+0800][52.742s][info][gc,metaspace   ] GC(2059) Metaspace: 121K(320K)->121K(320K) NonClass: 114K(192K)->114K(192K) Class: 7K(128K)->7K(128K)
[2026-06-17T10:06:11.950+0800][52.743s][info][gc             ] GC(2059) Pause Young (Allocation Failure) 43M->37M(57M) 4.290ms
[2026-06-17T10:06:11.951+0800][52.743s][info][gc,cpu         ] GC(2059) User=0.00s Sys=0.00s Real=0.00s
[2026-06-17T10:06:11.963+0800][52.756s][info][gc,start       ] GC(2060) Pause Young (Allocation Failure)
[2026-06-17T10:06:11.965+0800][52.758s][info][gc,heap        ] GC(2060) PSYoungGen: 12920K(14336K)->6004K(14336K) Eden: 7903K(8192K)->0K(8192K) From: 5016K(6144K)->6004K(6144K)
[2026-06-17T10:06:11.966+0800][52.758s][info][gc,heap        ] GC(2060) ParOldGen: 33003K(44032K)->33003K(44032K)
[2026-06-17T10:06:11.966+0800][52.759s][info][gc,metaspace   ] GC(2060) Metaspace: 121K(320K)->121K(320K) NonClass: 114K(192K)->114K(192K) Class: 7K(128K)->7K(128K)
[2026-06-17T10:06:11.966+0800][52.759s][info][gc             ] GC(2060) Pause Young (Allocation Failure) 44M->38M(57M) 3.268ms
[2026-06-17T10:06:11.967+0800][52.759s][info][gc,cpu         ] GC(2060) User=0.00s Sys=0.00s Real=0.00s
[2026-06-17T10:06:11.989+0800][52.782s][info][gc,start       ] GC(2061) Pause Young (Allocation Failure)
[2026-06-17T10:06:11.992+0800][52.784s][info][gc,heap        ] GC(2061) PSYoungGen: 14177K(14336K)->7163K(14336K) Eden: 8173K(8192K)->0K(7168K) From: 6004K(6144K)->7163K(7168K)
[2026-06-17T10:06:11.993+0800][52.785s][info][gc,heap        ] GC(2061) ParOldGen: 33003K(44032K)->36639K(44032K)
[2026-06-17T10:06:11.993+0800][52.786s][info][gc,metaspace   ] GC(2061) Metaspace: 121K(320K)->121K(320K) NonClass: 114K(192K)->114K(192K) Class: 7K(128K)->7K(128K)
[2026-06-17T10:06:11.995+0800][52.787s][info][gc             ] GC(2061) Pause Young (Allocation Failure) 46M->42M(57M) 5.059ms
[2026-06-17T10:06:11.995+0800][52.788s][info][gc,cpu         ] GC(2061) User=0.00s Sys=0.00s Real=0.01s
[2026-06-17T10:06:12.018+0800][52.811s][info][gc,start       ] GC(2062) Pause Young (Allocation Failure)
[2026-06-17T10:06:12.020+0800][52.813s][info][gc,heap        ] GC(2062) PSYoungGen: 14309K(14336K)->5707K(14336K) Eden: 7146K(7168K)->0K(7168K) From: 7163K(7168K)->5707K(7168K)
[2026-06-17T10:06:12.021+0800][52.814s][info][gc,heap        ] GC(2062) ParOldGen: 36639K(44032K)->38291K(44032K)
[2026-06-17T10:06:12.022+0800][52.815s][info][gc,metaspace   ] GC(2062) Metaspace: 121K(320K)->121K(320K) NonClass: 114K(192K)->114K(192K) Class: 7K(128K)->7K(128K)
[2026-06-17T10:06:12.023+0800][52.816s][info][gc             ] GC(2062) Pause Young (Allocation Failure) 49M->42M(57M) 5.061ms
[2026-06-17T10:06:12.024+0800][52.816s][info][gc,cpu         ] GC(2062) User=0.00s Sys=0.00s Real=0.01s
[2026-06-17T10:06:12.046+0800][52.839s][info][gc,start       ] GC(2063) Pause Young (Allocation Failure)
[2026-06-17T10:06:12.048+0800][52.840s][info][gc,heap        ] GC(2063) PSYoungGen: 12829K(14336K)->3365K(14336K) Eden: 7122K(7168K)->0K(7168K) From: 5707K(7168K)->3365K(7168K)
[2026-06-17T10:06:12.048+0800][52.841s][info][gc,heap        ] GC(2063) ParOldGen: 38291K(44032K)->40918K(44032K)
[2026-06-17T10:06:12.049+0800][52.842s][info][gc,metaspace   ] GC(2063) Metaspace: 121K(320K)->121K(320K) NonClass: 114K(192K)->114K(192K) Class: 7K(128K)->7K(128K)
[2026-06-17T10:06:12.049+0800][52.842s][info][gc             ] GC(2063) Pause Young (Allocation Failure) 49M->43M(57M) 3.450ms
[2026-06-17T10:06:12.050+0800][52.843s][info][gc,cpu         ] GC(2063) User=0.00s Sys=0.00s Real=0.00s
[2026-06-17T10:06:12.072+0800][52.864s][info][gc,start       ] GC(2064) Pause Full (Allocation Failure)
[2026-06-17T10:06:12.072+0800][52.865s][info][gc,phases,start] GC(2064) Marking Phase
[2026-06-17T10:06:12.074+0800][52.867s][info][gc,phases      ] GC(2064) Marking Phase 1.406ms
[2026-06-17T10:06:12.075+0800][52.867s][info][gc,phases,start] GC(2064) Summary Phase
[2026-06-17T10:06:12.075+0800][52.868s][info][gc,phases      ] GC(2064) Summary Phase 0.702ms
[2026-06-17T10:06:12.076+0800][52.869s][info][gc,phases,start] GC(2064) Forward
[2026-06-17T10:06:12.077+0800][52.869s][info][gc,phases      ] GC(2064) Forward 0.841ms
[2026-06-17T10:06:12.078+0800][52.871s][info][gc,phases,start] GC(2064) Adjust Pointers
[2026-06-17T10:06:12.079+0800][52.872s][info][gc,phases      ] GC(2064) Adjust Pointers 1.129ms
[2026-06-17T10:06:12.080+0800][52.873s][info][gc,phases,start] GC(2064) Compaction Phase
[2026-06-17T10:06:12.082+0800][52.874s][info][gc,phases      ] GC(2064) Compaction Phase 1.826ms
[2026-06-17T10:06:12.082+0800][52.875s][info][gc,phases,start] GC(2064) Post Compact
[2026-06-17T10:06:12.083+0800][52.876s][info][gc,phases      ] GC(2064) Post Compact 0.624ms
[2026-06-17T10:06:12.084+0800][52.876s][info][gc,heap        ] GC(2064) PSYoungGen: 10514K(14336K)->0K(14336K) Eden: 7148K(7168K)->0K(7168K) From: 3365K(7168K)->0K(7168K)
[2026-06-17T10:06:12.084+0800][52.877s][info][gc,heap        ] GC(2064) ParOldGen: 40918K(44032K)->26245K(44032K)
[2026-06-17T10:06:12.085+0800][52.878s][info][gc,metaspace   ] GC(2064) Metaspace: 121K(320K)->121K(320K) NonClass: 114K(192K)->114K(192K) Class: 7K(128K)->7K(128K)
[2026-06-17T10:06:12.086+0800][52.878s][info][gc             ] GC(2064) Pause Full (Allocation Failure) 50M->25M(57M) 13.862ms
[2026-06-17T10:06:12.086+0800][52.879s][info][gc,cpu         ] GC(2064) User=0.01s Sys=0.01s Real=0.01s
[2026-06-17T10:06:12.097+0800][52.890s][info][gc,start       ] GC(2065) Pause Young (Allocation Failure)
[2026-06-17T10:06:12.099+0800][52.891s][info][gc,heap        ] GC(2065) PSYoungGen: 7022K(14336K)->3495K(14336K) Eden: 7022K(7168K)->0K(7168K) From: 0K(7168K)->3495K(7168K)
[2026-06-17T10:06:12.099+0800][52.892s][info][gc,heap        ] GC(2065) ParOldGen: 26245K(44032K)->26245K(44032K)
[2026-06-17T10:06:12.100+0800][52.892s][info][gc,metaspace   ] GC(2065) Metaspace: 121K(320K)->121K(320K) NonClass: 114K(192K)->114K(192K) Class: 7K(128K)->7K(128K)
[2026-06-17T10:06:12.100+0800][52.893s][info][gc             ] GC(2065) Pause Young (Allocation Failure) 32M->29M(57M) 2.647ms
[2026-06-17T10:06:12.100+0800][52.893s][info][gc,cpu         ] GC(2065) User=0.00s Sys=0.00s Real=0.00s
[2026-06-17T10:06:12.122+0800][52.915s][info][gc,start       ] GC(2066) Pause Young (Allocation Failure)
[2026-06-17T10:06:12.123+0800][52.916s][info][gc,heap        ] GC(2066) PSYoungGen: 10638K(14336K)->7019K(14336K) Eden: 7143K(7168K)->0K(7168K) From: 3495K(7168K)->7019K(7168K)
[2026-06-17T10:06:12.124+0800][52.917s][info][gc,heap        ] GC(2066) ParOldGen: 26245K(44032K)->26433K(44032K)
[2026-06-17T10:06:12.125+0800][52.917s][info][gc,metaspace   ] GC(2066) Metaspace: 121K(320K)->121K(320K) NonClass: 114K(192K)->114K(192K) Class: 7K(128K)->7K(128K)
[2026-06-17T10:06:12.125+0800][52.918s][info][gc             ] GC(2066) Pause Young (Allocation Failure) 36M->32M(57M) 3.560ms
[2026-06-17T10:06:12.126+0800][52.919s][info][gc,cpu         ] GC(2066) User=0.00s Sys=0.00s Real=0.01s
[2026-06-17T10:06:12.148+0800][52.940s][info][gc,start       ] GC(2067) Pause Young (Allocation Failure)
[2026-06-17T10:06:12.150+0800][52.943s][info][gc,heap        ] GC(2067) PSYoungGen: 14178K(14336K)->2103K(14336K) Eden: 7159K(7168K)->0K(7168K) From: 7019K(7168K)->2103K(7168K)
[2026-06-17T10:06:12.152+0800][52.945s][info][gc,heap        ] GC(2067) ParOldGen: 26433K(44032K)->31107K(44032K)
[2026-06-17T10:06:12.152+0800][52.945s][info][gc,metaspace   ] GC(2067) Metaspace: 121K(320K)->121K(320K) NonClass: 114K(192K)->114K(192K) Class: 7K(128K)->7K(128K)
[2026-06-17T10:06:12.153+0800][52.946s][info][gc             ] GC(2067) Pause Young (Allocation Failure) 39M->32M(57M) 5.461ms
[2026-06-17T10:06:12.153+0800][52.946s][info][gc,cpu         ] GC(2067) User=0.00s Sys=0.00s Real=0.01s
[2026-06-17T10:06:12.175+0800][52.968s][info][gc,start       ] GC(2068) Pause Young (Allocation Failure)
[2026-06-17T10:06:12.176+0800][52.969s][info][gc,heap        ] GC(2068) PSYoungGen: 9252K(14336K)->2303K(14336K) Eden: 7149K(7168K)->0K(7168K) From: 2103K(7168K)->2303K(7168K)
[2026-06-17T10:06:12.176+0800][52.969s][info][gc,heap        ] GC(2068) ParOldGen: 31107K(44032K)->31107K(44032K)
[2026-06-17T10:06:12.177+0800][52.969s][info][gc,metaspace   ] GC(2068) Metaspace: 121K(320K)->121K(320K) NonClass: 114K(192K)->114K(192K) Class: 7K(128K)->7K(128K)
[2026-06-17T10:06:12.177+0800][52.970s][info][gc             ] GC(2068) Pause Young (Allocation Failure) 39M->32M(57M) 2.197ms
[2026-06-17T10:06:12.177+0800][52.970s][info][gc,cpu         ] GC(2068) User=0.00s Sys=0.00s Real=0.00s
[2026-06-17T10:06:12.189+0800][52.981s][info][gc,start       ] GC(2069) Pause Young (Allocation Failure)
[2026-06-17T10:06:12.190+0800][52.983s][info][gc,heap        ] GC(2069) PSYoungGen: 9434K(14336K)->3836K(14336K) Eden: 7131K(7168K)->0K(7168K) From: 2303K(7168K)->3836K(7168K)
[2026-06-17T10:06:12.190+0800][52.983s][info][gc,heap        ] GC(2069) ParOldGen: 31107K(44032K)->33145K(44032K)
[2026-06-17T10:06:12.191+0800][52.984s][info][gc,metaspace   ] GC(2069) Metaspace: 121K(320K)->121K(320K) NonClass: 114K(192K)->114K(192K) Class: 7K(128K)->7K(128K)
[2026-06-17T10:06:12.191+0800][52.984s][info][gc             ] GC(2069) Pause Young (Allocation Failure) 39M->36M(57M) 2.379ms
[2026-06-17T10:06:12.191+0800][52.984s][info][gc,cpu         ] GC(2069) User=0.01s Sys=0.00s Real=0.01s
[2026-06-17T10:06:12.213+0800][53.005s][info][gc,start       ] GC(2070) Pause Young (Allocation Failure)
[2026-06-17T10:06:12.214+0800][53.007s][info][gc,heap        ] GC(2070) PSYoungGen: 11004K(14336K)->3995K(14336K) Eden: 7167K(7168K)->0K(7168K) From: 3836K(7168K)->3995K(7168K)
[2026-06-17T10:06:12.214+0800][53.007s][info][gc,heap        ] GC(2070) ParOldGen: 33145K(44032K)->33145K(44032K)
[2026-06-17T10:06:12.215+0800][53.008s][info][gc,metaspace   ] GC(2070) Metaspace: 121K(320K)->121K(320K) NonClass: 114K(192K)->114K(192K) Class: 7K(128K)->7K(128K)
[2026-06-17T10:06:12.216+0800][53.009s][info][gc             ] GC(2070) Pause Young (Allocation Failure) 43M->36M(57M) 3.361ms
[2026-06-17T10:06:12.218+0800][53.011s][info][gc,cpu         ] GC(2070) User=0.00s Sys=0.00s Real=0.00s
[2026-06-17T10:06:12.231+0800][53.024s][info][gc,start       ] GC(2071) Pause Young (Allocation Failure)
[2026-06-17T10:06:12.233+0800][53.026s][info][gc,heap        ] GC(2071) PSYoungGen: 11143K(14336K)->4516K(14336K) Eden: 7148K(7168K)->0K(7168K) From: 3995K(7168K)->4516K(7168K)
[2026-06-17T10:06:12.234+0800][53.027s][info][gc,heap        ] GC(2071) ParOldGen: 33145K(44032K)->36462K(44032K)
[2026-06-17T10:06:12.235+0800][53.028s][info][gc,metaspace   ] GC(2071) Metaspace: 121K(320K)->121K(320K) NonClass: 114K(192K)->114K(192K) Class: 7K(128K)->7K(128K)
[2026-06-17T10:06:12.237+0800][53.030s][info][gc             ] GC(2071) Pause Young (Allocation Failure) 43M->40M(57M) 6.296ms
[2026-06-17T10:06:12.238+0800][53.031s][info][gc,cpu         ] GC(2071) User=0.00s Sys=0.00s Real=0.00s
[2026-06-17T10:06:12.261+0800][53.053s][info][gc,start       ] GC(2072) Pause Young (Allocation Failure)
[2026-06-17T10:06:12.263+0800][53.056s][info][gc,heap        ] GC(2072) PSYoungGen: 11675K(14336K)->4766K(14336K) Eden: 7158K(7168K)->0K(7168K) From: 4516K(7168K)->4766K(7168K)
[2026-06-17T10:06:12.264+0800][53.056s][info][gc,heap        ] GC(2072) ParOldGen: 36462K(44032K)->36462K(44032K)
[2026-06-17T10:06:12.264+0800][53.057s][info][gc,metaspace   ] GC(2072) Metaspace: 121K(320K)->121K(320K) NonClass: 114K(192K)->114K(192K) Class: 7K(128K)->7K(128K)
[2026-06-17T10:06:12.265+0800][53.057s][info][gc             ] GC(2072) Pause Young (Allocation Failure) 47M->40M(57M) 4.125ms
[2026-06-17T10:06:12.265+0800][53.058s][info][gc,cpu         ] GC(2072) User=0.00s Sys=0.00s Real=0.01s
[2026-06-17T10:06:12.288+0800][53.080s][info][gc,start       ] GC(2073) Pause Young (Allocation Failure)
[2026-06-17T10:06:12.289+0800][53.082s][info][gc,heap        ] GC(2073) PSYoungGen: 11917K(14336K)->2814K(14336K) Eden: 7151K(7168K)->0K(7168K) From: 4766K(7168K)->2814K(7168K)
[2026-06-17T10:06:12.290+0800][53.083s][info][gc,heap        ] GC(2073) ParOldGen: 36462K(44032K)->38771K(44032K)
[2026-06-17T10:06:12.291+0800][53.083s][info][gc,metaspace   ] GC(2073) Metaspace: 121K(320K)->121K(320K) NonClass: 114K(192K)->114K(192K) Class: 7K(128K)->7K(128K)
[2026-06-17T10:06:12.291+0800][53.084s][info][gc             ] GC(2073) Pause Young (Allocation Failure) 47M->40M(57M) 3.558ms
[2026-06-17T10:06:12.292+0800][53.085s][info][gc,cpu         ] GC(2073) User=0.00s Sys=0.00s Real=0.01s
[2026-06-17T10:06:12.304+0800][53.096s][info][gc,start       ] GC(2074) Pause Young (Allocation Failure)
[2026-06-17T10:06:12.305+0800][53.098s][info][gc,heap        ] GC(2074) PSYoungGen: 9855K(14336K)->3101K(14336K) Eden: 7041K(7168K)->0K(7168K) From: 2814K(7168K)->3101K(7168K)
[2026-06-17T10:06:12.306+0800][53.099s][info][gc,heap        ] GC(2074) ParOldGen: 38771K(44032K)->38771K(44032K)
[2026-06-17T10:06:12.307+0800][53.099s][info][gc,metaspace   ] GC(2074) Metaspace: 121K(320K)->121K(320K) NonClass: 114K(192K)->114K(192K) Class: 7K(128K)->7K(128K)
[2026-06-17T10:06:12.307+0800][53.100s][info][gc             ] GC(2074) Pause Young (Allocation Failure) 47M->40M(57M) 3.613ms
[2026-06-17T10:06:12.308+0800][53.101s][info][gc,cpu         ] GC(2074) User=0.00s Sys=0.00s Real=0.00s
[2026-06-17T10:06:12.330+0800][53.122s][info][gc,start       ] GC(2075) Pause Young (Allocation Failure)
[2026-06-17T10:06:12.331+0800][53.124s][info][gc,heap        ] GC(2075) PSYoungGen: 10218K(14336K)->6503K(14336K) Eden: 7117K(7168K)->0K(7168K) From: 3101K(7168K)->6503K(7168K)
[2026-06-17T10:06:12.331+0800][53.124s][info][gc,heap        ] GC(2075) ParOldGen: 38771K(44032K)->38771K(44032K)
[2026-06-17T10:06:12.332+0800][53.125s][info][gc,metaspace   ] GC(2075) Metaspace: 121K(320K)->121K(320K) NonClass: 114K(192K)->114K(192K) Class: 7K(128K)->7K(128K)
[2026-06-17T10:06:12.332+0800][53.125s][info][gc             ] GC(2075) Pause Young (Allocation Failure) 47M->44M(57M) 2.504ms
[2026-06-17T10:06:12.332+0800][53.125s][info][gc,cpu         ] GC(2075) User=0.00s Sys=0.00s Real=0.01s
[2026-06-17T10:06:12.354+0800][53.146s][info][gc,start       ] GC(2076) Pause Young (Allocation Failure)
[2026-06-17T10:06:12.355+0800][53.148s][info][gc,heap        ] GC(2076) PSYoungGen: 13655K(14336K)->3796K(14336K) Eden: 7152K(7168K)->0K(7168K) From: 6503K(7168K)->3796K(7168K)
[2026-06-17T10:06:12.356+0800][53.148s][info][gc,heap        ] GC(2076) ParOldGen: 38771K(44032K)->41824K(44032K)
[2026-06-17T10:06:12.356+0800][53.149s][info][gc,metaspace   ] GC(2076) Metaspace: 121K(320K)->121K(320K) NonClass: 114K(192K)->114K(192K) Class: 7K(128K)->7K(128K)
[2026-06-17T10:06:12.358+0800][53.150s][info][gc             ] GC(2076) Pause Young (Allocation Failure) 51M->44M(57M) 4.098ms
[2026-06-17T10:06:12.358+0800][53.151s][info][gc,cpu         ] GC(2076) User=0.01s Sys=0.00s Real=0.00s
[2026-06-17T10:06:12.380+0800][53.173s][info][gc,start       ] GC(2077) Pause Full (Allocation Failure)
[2026-06-17T10:06:12.380+0800][53.173s][info][gc,phases,start] GC(2077) Marking Phase
[2026-06-17T10:06:12.383+0800][53.176s][info][gc,phases      ] GC(2077) Marking Phase 2.841ms
[2026-06-17T10:06:12.384+0800][53.177s][info][gc,phases,start] GC(2077) Summary Phase
[2026-06-17T10:06:12.384+0800][53.177s][info][gc,phases      ] GC(2077) Summary Phase 0.403ms
[2026-06-17T10:06:12.385+0800][53.177s][info][gc,phases,start] GC(2077) Forward
[2026-06-17T10:06:12.385+0800][53.178s][info][gc,phases      ] GC(2077) Forward 0.535ms
[2026-06-17T10:06:12.386+0800][53.178s][info][gc,phases,start] GC(2077) Adjust Pointers
[2026-06-17T10:06:12.387+0800][53.180s][info][gc,phases      ] GC(2077) Adjust Pointers 1.352ms
[2026-06-17T10:06:12.388+0800][53.181s][info][gc,phases,start] GC(2077) Compaction Phase
[2026-06-17T10:06:12.390+0800][53.183s][info][gc,phases      ] GC(2077) Compaction Phase 2.465ms
[2026-06-17T10:06:12.391+0800][53.184s][info][gc,phases,start] GC(2077) Post Compact
[2026-06-17T10:06:12.391+0800][53.184s][info][gc,phases      ] GC(2077) Post Compact 0.335ms
[2026-06-17T10:06:12.391+0800][53.184s][info][gc,heap        ] GC(2077) PSYoungGen: 10943K(14336K)->0K(14336K) Eden: 7146K(7168K)->0K(7168K) From: 3796K(7168K)->0K(7168K)
[2026-06-17T10:06:12.392+0800][53.184s][info][gc,heap        ] GC(2077) ParOldGen: 41824K(44032K)->32795K(44032K)
[2026-06-17T10:06:12.392+0800][53.185s][info][gc,metaspace   ] GC(2077) Metaspace: 121K(320K)->121K(320K) NonClass: 114K(192K)->114K(192K) Class: 7K(128K)->7K(128K)
[2026-06-17T10:06:12.392+0800][53.185s][info][gc             ] GC(2077) Pause Full (Allocation Failure) 51M->32M(57M) 12.267ms
[2026-06-17T10:06:12.392+0800][53.185s][info][gc,cpu         ] GC(2077) User=0.01s Sys=0.00s Real=0.02s
[2026-06-17T10:06:12.404+0800][53.196s][info][gc,start       ] GC(2078) Pause Young (Allocation Failure)
[2026-06-17T10:06:12.405+0800][53.198s][info][gc,heap        ] GC(2078) PSYoungGen: 7145K(14336K)->6855K(14336K) Eden: 7145K(7168K)->0K(7168K) From: 0K(7168K)->6855K(7168K)
[2026-06-17T10:06:12.406+0800][53.199s][info][gc,heap        ] GC(2078) ParOldGen: 32795K(44032K)->33160K(44032K)
[2026-06-17T10:06:12.406+0800][53.199s][info][gc,metaspace   ] GC(2078) Metaspace: 121K(320K)->121K(320K) NonClass: 114K(192K)->114K(192K) Class: 7K(128K)->7K(128K)
[2026-06-17T10:06:12.407+0800][53.199s][info][gc             ] GC(2078) Pause Young (Allocation Failure) 39M->39M(57M) 3.063ms
[2026-06-17T10:06:12.407+0800][53.200s][info][gc,cpu         ] GC(2078) User=0.00s Sys=0.00s Real=0.00s
[2026-06-17T10:06:12.429+0800][53.222s][info][gc,start       ] GC(2079) Pause Young (Allocation Failure)
[2026-06-17T10:06:12.432+0800][53.225s][info][gc,heap        ] GC(2079) PSYoungGen: 14005K(14336K)->7165K(14336K) Eden: 7149K(7168K)->0K(7168K) From: 6855K(7168K)->7165K(7168K)
[2026-06-17T10:06:12.434+0800][53.227s][info][gc,heap        ] GC(2079) ParOldGen: 33160K(44032K)->33312K(44032K)
[2026-06-17T10:06:12.436+0800][53.229s][info][gc,metaspace   ] GC(2079) Metaspace: 121K(320K)->121K(320K) NonClass: 114K(192K)->114K(192K) Class: 7K(128K)->7K(128K)
[2026-06-17T10:06:12.439+0800][53.231s][info][gc             ] GC(2079) Pause Young (Allocation Failure) 46M->39M(57M) 9.659ms
[2026-06-17T10:06:12.440+0800][53.233s][info][gc,cpu         ] GC(2079) User=0.00s Sys=0.00s Real=0.01s
[2026-06-17T10:06:12.452+0800][53.245s][info][gc,start       ] GC(2080) Pause Young (Allocation Failure)
[2026-06-17T10:06:12.454+0800][53.247s][info][gc,heap        ] GC(2080) PSYoungGen: 12930K(14336K)->1730K(14336K) Eden: 5764K(7168K)->0K(7168K) From: 7165K(7168K)->1730K(7168K)
[2026-06-17T10:06:12.455+0800][53.247s][info][gc,heap        ] GC(2080) ParOldGen: 33312K(44032K)->37371K(44032K)
[2026-06-17T10:06:12.455+0800][53.248s][info][gc,metaspace   ] GC(2080) Metaspace: 121K(320K)->121K(320K) NonClass: 114K(192K)->114K(192K) Class: 7K(128K)->7K(128K)
[2026-06-17T10:06:12.456+0800][53.248s][info][gc             ] GC(2080) Pause Young (Allocation Failure) 45M->38M(57M) 3.833ms
[2026-06-17T10:06:12.456+0800][53.249s][info][gc,cpu         ] GC(2080) User=0.00s Sys=0.00s Real=0.00s
[2026-06-17T10:06:12.478+0800][53.271s][info][gc,start       ] GC(2081) Pause Young (Allocation Failure)
[2026-06-17T10:06:12.480+0800][53.273s][info][gc,heap        ] GC(2081) PSYoungGen: 8872K(14336K)->5143K(14336K) Eden: 7142K(7168K)->0K(7168K) From: 1730K(7168K)->5143K(7168K)
[2026-06-17T10:06:12.483+0800][53.276s][info][gc,heap        ] GC(2081) ParOldGen: 37371K(44032K)->37371K(44032K)
[2026-06-17T10:06:12.487+0800][53.280s][info][gc,metaspace   ] GC(2081) Metaspace: 121K(320K)->121K(320K) NonClass: 114K(192K)->114K(192K) Class: 7K(128K)->7K(128K)
[2026-06-17T10:06:12.489+0800][53.281s][info][gc             ] GC(2081) Pause Young (Allocation Failure) 45M->41M(57M) 10.342ms
[2026-06-17T10:06:12.490+0800][53.283s][info][gc,cpu         ] GC(2081) User=0.00s Sys=0.00s Real=0.01s
[2026-06-17T10:06:12.512+0800][53.305s][info][gc,start       ] GC(2082) Pause Young (Allocation Failure)
[2026-06-17T10:06:12.514+0800][53.307s][info][gc,heap        ] GC(2082) PSYoungGen: 12301K(14336K)->2413K(14336K) Eden: 7158K(7168K)->0K(7168K) From: 5143K(7168K)->2413K(7168K)
[2026-06-17T10:06:12.514+0800][53.307s][info][gc,heap        ] GC(2082) ParOldGen: 37371K(44032K)->40508K(44032K)
[2026-06-17T10:06:12.515+0800][53.307s][info][gc,metaspace   ] GC(2082) Metaspace: 121K(320K)->121K(320K) NonClass: 114K(192K)->114K(192K) Class: 7K(128K)->7K(128K)
[2026-06-17T10:06:12.515+0800][53.308s][info][gc             ] GC(2082) Pause Young (Allocation Failure) 48M->41M(57M) 3.040ms
[2026-06-17T10:06:12.516+0800][53.308s][info][gc,cpu         ] GC(2082) User=0.00s Sys=0.00s Real=0.00s
[2026-06-17T10:06:12.527+0800][53.320s][info][gc,start       ] GC(2083) Pause Full (Allocation Failure)
[2026-06-17T10:06:12.528+0800][53.321s][info][gc,phases,start] GC(2083) Marking Phase
[2026-06-17T10:06:12.531+0800][53.324s][info][gc,phases      ] GC(2083) Marking Phase 2.804ms
[2026-06-17T10:06:12.531+0800][53.324s][info][gc,phases,start] GC(2083) Summary Phase
[2026-06-17T10:06:12.532+0800][53.325s][info][gc,phases      ] GC(2083) Summary Phase 0.373ms
[2026-06-17T10:06:12.532+0800][53.325s][info][gc,phases,start] GC(2083) Forward
[2026-06-17T10:06:12.533+0800][53.325s][info][gc,phases      ] GC(2083) Forward 0.543ms
[2026-06-17T10:06:12.533+0800][53.326s][info][gc,phases,start] GC(2083) Adjust Pointers
[2026-06-17T10:06:12.535+0800][53.327s][info][gc,phases      ] GC(2083) Adjust Pointers 1.404ms
[2026-06-17T10:06:12.535+0800][53.328s][info][gc,phases,start] GC(2083) Compaction Phase
[2026-06-17T10:06:12.537+0800][53.330s][info][gc,phases      ] GC(2083) Compaction Phase 2.349ms
[2026-06-17T10:06:12.538+0800][53.331s][info][gc,phases,start] GC(2083) Post Compact
[2026-06-17T10:06:12.538+0800][53.331s][info][gc,phases      ] GC(2083) Post Compact 0.402ms
[2026-06-17T10:06:12.539+0800][53.331s][info][gc,heap        ] GC(2083) PSYoungGen: 9470K(14336K)->0K(14336K) Eden: 7056K(7168K)->0K(7168K) From: 2413K(7168K)->0K(7168K)
[2026-06-17T10:06:12.539+0800][53.332s][info][gc,heap        ] GC(2083) ParOldGen: 40508K(44032K)->30271K(44032K)
[2026-06-17T10:06:12.540+0800][53.333s][info][gc,metaspace   ] GC(2083) Metaspace: 121K(320K)->121K(320K) NonClass: 114K(192K)->114K(192K) Class: 7K(128K)->7K(128K)
[2026-06-17T10:06:12.540+0800][53.333s][info][gc             ] GC(2083) Pause Full (Allocation Failure) 48M->29M(57M) 13.206ms
[2026-06-17T10:06:12.541+0800][53.333s][info][gc,cpu         ] GC(2083) User=0.01s Sys=0.00s Real=0.01s
[2026-06-17T10:06:12.562+0800][53.355s][info][gc,start       ] GC(2084) Pause Young (Allocation Failure)
[2026-06-17T10:06:12.564+0800][53.357s][info][gc,heap        ] GC(2084) PSYoungGen: 7162K(14336K)->3797K(14336K) Eden: 7162K(7168K)->0K(7168K) From: 0K(7168K)->3797K(7168K)
[2026-06-17T10:06:12.564+0800][53.357s][info][gc,heap        ] GC(2084) ParOldGen: 30271K(44032K)->30271K(44032K)
[2026-06-17T10:06:12.565+0800][53.358s][info][gc,metaspace   ] GC(2084) Metaspace: 121K(320K)->121K(320K) NonClass: 114K(192K)->114K(192K) Class: 7K(128K)->7K(128K)
[2026-06-17T10:06:12.565+0800][53.358s][info][gc             ] GC(2084) Pause Young (Allocation Failure) 36M->33M(57M) 2.867ms
[2026-06-17T10:06:12.566+0800][53.358s][info][gc,cpu         ] GC(2084) User=0.00s Sys=0.00s Real=0.01s
[2026-06-17T10:06:12.587+0800][53.380s][info][gc,start       ] GC(2085) Pause Young (Allocation Failure)
[2026-06-17T10:06:12.589+0800][53.382s][info][gc,heap        ] GC(2085) PSYoungGen: 10965K(14336K)->2381K(14336K) Eden: 7167K(7168K)->0K(7168K) From: 3797K(7168K)->2381K(7168K)
[2026-06-17T10:06:12.590+0800][53.383s][info][gc,heap        ] GC(2085) ParOldGen: 30271K(44032K)->32118K(44032K)
[2026-06-17T10:06:12.591+0800][53.384s][info][gc,metaspace   ] GC(2085) Metaspace: 121K(320K)->121K(320K) NonClass: 114K(192K)->114K(192K) Class: 7K(128K)->7K(128K)
[2026-06-17T10:06:12.592+0800][53.385s][info][gc             ] GC(2085) Pause Young (Allocation Failure) 40M->33M(57M) 4.748ms
[2026-06-17T10:06:12.593+0800][53.385s][info][gc,cpu         ] GC(2085) User=0.00s Sys=0.00s Real=0.01s
[2026-06-17T10:06:12.615+0800][53.408s][info][gc,start       ] GC(2086) Pause Young (Allocation Failure)
[2026-06-17T10:06:12.616+0800][53.409s][info][gc,heap        ] GC(2086) PSYoungGen: 9508K(14336K)->2327K(14336K) Eden: 7127K(7168K)->0K(7168K) From: 2381K(7168K)->2327K(7168K)
[2026-06-17T10:06:12.617+0800][53.410s][info][gc,heap        ] GC(2086) ParOldGen: 32118K(44032K)->32118K(44032K)
[2026-06-17T10:06:12.618+0800][53.410s][info][gc,metaspace   ] GC(2086) Metaspace: 121K(320K)->121K(320K) NonClass: 114K(192K)->114K(192K) Class: 7K(128K)->7K(128K)
[2026-06-17T10:06:12.618+0800][53.411s][info][gc             ] GC(2086) Pause Young (Allocation Failure) 40M->33M(57M) 3.168ms
[2026-06-17T10:06:12.618+0800][53.411s][info][gc,cpu         ] GC(2086) User=0.00s Sys=0.00s Real=0.00s
[2026-06-17T10:06:12.630+0800][53.423s][info][gc,start       ] GC(2087) Pause Young (Allocation Failure)
[2026-06-17T10:06:12.633+0800][53.425s][info][gc,heap        ] GC(2087) PSYoungGen: 9476K(14336K)->3847K(14336K) Eden: 7149K(7168K)->0K(7168K) From: 2327K(7168K)->3847K(7168K)
[2026-06-17T10:06:12.633+0800][53.426s][info][gc,heap        ] GC(2087) ParOldGen: 32118K(44032K)->34309K(44032K)
[2026-06-17T10:06:12.634+0800][53.426s][info][gc,metaspace   ] GC(2087) Metaspace: 121K(320K)->121K(320K) NonClass: 114K(192K)->114K(192K) Class: 7K(128K)->7K(128K)
[2026-06-17T10:06:12.634+0800][53.427s][info][gc             ] GC(2087) Pause Young (Allocation Failure) 40M->37M(57M) 3.767ms
[2026-06-17T10:06:12.635+0800][53.427s][info][gc,cpu         ] GC(2087) User=0.01s Sys=0.00s Real=0.01s
[2026-06-17T10:06:12.656+0800][53.449s][info][gc,start       ] GC(2088) Pause Young (Allocation Failure)
[2026-06-17T10:06:12.657+0800][53.450s][info][gc,heap        ] GC(2088) PSYoungGen: 11001K(14336K)->1761K(14336K) Eden: 7154K(7168K)->0K(7168K) From: 3847K(7168K)->1761K(7168K)
[2026-06-17T10:06:12.658+0800][53.451s][info][gc,heap        ] GC(2088) ParOldGen: 34309K(44032K)->36444K(44032K)
[2026-06-17T10:06:12.658+0800][53.451s][info][gc,metaspace   ] GC(2088) Metaspace: 121K(320K)->121K(320K) NonClass: 114K(192K)->114K(192K) Class: 7K(128K)->7K(128K)
[2026-06-17T10:06:12.658+0800][53.451s][info][gc             ] GC(2088) Pause Young (Allocation Failure) 44M->37M(57M) 2.116ms
[2026-06-17T10:06:12.659+0800][53.452s][info][gc,cpu         ] GC(2088) User=0.00s Sys=0.00s Real=0.00s
[2026-06-17T10:06:12.680+0800][53.473s][info][gc,start       ] GC(2089) Pause Young (Allocation Failure)
[2026-06-17T10:06:12.681+0800][53.474s][info][gc,heap        ] GC(2089) PSYoungGen: 8882K(14336K)->2107K(14336K) Eden: 7121K(7168K)->0K(7168K) From: 1761K(7168K)->2107K(7168K)
[2026-06-17T10:06:12.682+0800][53.474s][info][gc,heap        ] GC(2089) ParOldGen: 36444K(44032K)->36444K(44032K)
[2026-06-17T10:06:12.682+0800][53.475s][info][gc,metaspace   ] GC(2089) Metaspace: 121K(320K)->121K(320K) NonClass: 114K(192K)->114K(192K) Class: 7K(128K)->7K(128K)
[2026-06-17T10:06:12.682+0800][53.475s][info][gc             ] GC(2089) Pause Young (Allocation Failure) 44M->37M(57M) 2.176ms
[2026-06-17T10:06:12.683+0800][53.475s][info][gc,cpu         ] GC(2089) User=0.00s Sys=0.00s Real=0.01s
[2026-06-17T10:06:12.694+0800][53.486s][info][gc,start       ] GC(2090) Pause Young (Allocation Failure)
[2026-06-17T10:06:12.695+0800][53.487s][info][gc,heap        ] GC(2090) PSYoungGen: 9203K(14336K)->256K(14336K) Eden: 7096K(7168K)->0K(7168K) From: 2107K(7168K)->256K(7168K)
[2026-06-17T10:06:12.695+0800][53.488s][info][gc,heap        ] GC(2090) ParOldGen: 36444K(44032K)->38336K(44032K)
[2026-06-17T10:06:12.695+0800][53.488s][info][gc,metaspace   ] GC(2090) Metaspace: 121K(320K)->121K(320K) NonClass: 114K(192K)->114K(192K) Class: 7K(128K)->7K(128K)
[2026-06-17T10:06:12.695+0800][53.488s][info][gc             ] GC(2090) Pause Young (Allocation Failure) 44M->37M(57M) 1.764ms
[2026-06-17T10:06:12.696+0800][53.489s][info][gc,cpu         ] GC(2090) User=0.00s Sys=0.00s Real=0.00s
[2026-06-17T10:06:12.717+0800][53.510s][info][gc,start       ] GC(2091) Pause Young (Allocation Failure)
[2026-06-17T10:06:12.718+0800][53.511s][info][gc,heap        ] GC(2091) PSYoungGen: 7424K(14336K)->3721K(14336K) Eden: 7168K(7168K)->0K(7168K) From: 256K(7168K)->3721K(7168K)
[2026-06-17T10:06:12.719+0800][53.511s][info][gc,heap        ] GC(2091) ParOldGen: 38336K(44032K)->38336K(44032K)
[2026-06-17T10:06:12.719+0800][53.512s][info][gc,metaspace   ] GC(2091) Metaspace: 121K(320K)->121K(320K) NonClass: 114K(192K)->114K(192K) Class: 7K(128K)->7K(128K)
[2026-06-17T10:06:12.719+0800][53.512s][info][gc             ] GC(2091) Pause Young (Allocation Failure) 44M->41M(57M) 2.064ms
[2026-06-17T10:06:12.719+0800][53.512s][info][gc,cpu         ] GC(2091) User=0.00s Sys=0.00s Real=0.00s
[2026-06-17T10:06:12.731+0800][53.523s][info][gc,start       ] GC(2092) Pause Young (Allocation Failure)
[2026-06-17T10:06:12.734+0800][53.526s][info][gc,heap        ] GC(2092) PSYoungGen: 10838K(14336K)->756K(14336K) Eden: 7116K(7168K)->0K(7168K) From: 3721K(7168K)->756K(7168K)
[2026-06-17T10:06:12.734+0800][53.527s][info][gc,heap        ] GC(2092) ParOldGen: 38336K(44032K)->41971K(44032K)
[2026-06-17T10:06:12.735+0800][53.527s][info][gc,metaspace   ] GC(2092) Metaspace: 121K(320K)->121K(320K) NonClass: 114K(192K)->114K(192K) Class: 7K(128K)->7K(128K)
[2026-06-17T10:06:12.735+0800][53.528s][info][gc             ] GC(2092) Pause Young (Allocation Failure) 48M->41M(57M) 4.390ms
[2026-06-17T10:06:12.735+0800][53.528s][info][gc,cpu         ] GC(2092) User=0.00s Sys=0.00s Real=0.00s
[2026-06-17T10:06:12.757+0800][53.550s][info][gc,start       ] GC(2093) Pause Full (Allocation Failure)
[2026-06-17T10:06:12.758+0800][53.551s][info][gc,phases,start] GC(2093) Marking Phase
[2026-06-17T10:06:12.761+0800][53.553s][info][gc,phases      ] GC(2093) Marking Phase 2.208ms
[2026-06-17T10:06:12.761+0800][53.554s][info][gc,phases,start] GC(2093) Summary Phase
[2026-06-17T10:06:12.761+0800][53.554s][info][gc,phases      ] GC(2093) Summary Phase 0.366ms
[2026-06-17T10:06:12.762+0800][53.554s][info][gc,phases,start] GC(2093) Forward
[2026-06-17T10:06:12.762+0800][53.555s][info][gc,phases      ] GC(2093) Forward 0.465ms
[2026-06-17T10:06:12.762+0800][53.555s][info][gc,phases,start] GC(2093) Adjust Pointers
[2026-06-17T10:06:12.763+0800][53.556s][info][gc,phases      ] GC(2093) Adjust Pointers 0.888ms
[2026-06-17T10:06:12.764+0800][53.556s][info][gc,phases,start] GC(2093) Compaction Phase
[2026-06-17T10:06:12.765+0800][53.558s][info][gc,phases      ] GC(2093) Compaction Phase 1.801ms
[2026-06-17T10:06:12.766+0800][53.559s][info][gc,phases,start] GC(2093) Post Compact
[2026-06-17T10:06:12.766+0800][53.559s][info][gc,phases      ] GC(2093) Post Compact 0.292ms
[2026-06-17T10:06:12.766+0800][53.559s][info][gc,heap        ] GC(2093) PSYoungGen: 7878K(14336K)->0K(14336K) Eden: 7122K(7168K)->0K(7168K) From: 756K(7168K)->0K(7168K)
[2026-06-17T10:06:12.767+0800][53.559s][info][gc,heap        ] GC(2093) ParOldGen: 41971K(44032K)->35942K(44032K)
[2026-06-17T10:06:12.767+0800][53.560s][info][gc,metaspace   ] GC(2093) Metaspace: 121K(320K)->121K(320K) NonClass: 114K(192K)->114K(192K) Class: 7K(128K)->7K(128K)
[2026-06-17T10:06:12.767+0800][53.560s][info][gc             ] GC(2093) Pause Full (Allocation Failure) 48M->35M(57M) 9.645ms
[2026-06-17T10:06:12.767+0800][53.560s][info][gc,cpu         ] GC(2093) User=0.01s Sys=0.00s Real=0.01s
[2026-06-17T10:06:12.788+0800][53.581s][info][gc,start       ] GC(2094) Pause Young (Allocation Failure)
[2026-06-17T10:06:12.789+0800][53.582s][info][gc,heap        ] GC(2094) PSYoungGen: 7161K(14336K)->3599K(14336K) Eden: 7161K(7168K)->0K(7168K) From: 0K(7168K)->3599K(7168K)
[2026-06-17T10:06:12.790+0800][53.583s][info][gc,heap        ] GC(2094) ParOldGen: 35942K(44032K)->35942K(44032K)
[2026-06-17T10:06:12.790+0800][53.583s][info][gc,metaspace   ] GC(2094) Metaspace: 121K(320K)->121K(320K) NonClass: 114K(192K)->114K(192K) Class: 7K(128K)->7K(128K)
[2026-06-17T10:06:12.790+0800][53.583s][info][gc             ] GC(2094) Pause Young (Allocation Failure) 42M->38M(57M) 2.123ms
[2026-06-17T10:06:12.791+0800][53.583s][info][gc,cpu         ] GC(2094) User=0.00s Sys=0.00s Real=0.01s
[2026-06-17T10:06:12.812+0800][53.605s][info][gc,start       ] GC(2095) Pause Young (Allocation Failure)
[2026-06-17T10:06:12.813+0800][53.606s][info][gc,heap        ] GC(2095) PSYoungGen: 10753K(14336K)->779K(14336K) Eden: 7153K(7168K)->0K(7168K) From: 3599K(7168K)->779K(7168K)
[2026-06-17T10:06:12.814+0800][53.607s][info][gc,heap        ] GC(2095) ParOldGen: 35942K(44032K)->38905K(44032K)
[2026-06-17T10:06:12.814+0800][53.607s][info][gc,metaspace   ] GC(2095) Metaspace: 121K(320K)->121K(320K) NonClass: 114K(192K)->114K(192K) Class: 7K(128K)->7K(128K)
[2026-06-17T10:06:12.815+0800][53.607s][info][gc             ] GC(2095) Pause Young (Allocation Failure) 45M->38M(57M) 2.500ms
[2026-06-17T10:06:12.815+0800][53.608s][info][gc,cpu         ] GC(2095) User=0.00s Sys=0.00s Real=0.00s
[2026-06-17T10:06:12.826+0800][53.619s][info][gc,start       ] GC(2096) Pause Full (Allocation Failure)
[2026-06-17T10:06:12.827+0800][53.620s][info][gc,phases,start] GC(2096) Marking Phase
[2026-06-17T10:06:12.829+0800][53.622s][info][gc,phases      ] GC(2096) Marking Phase 2.032ms
[2026-06-17T10:06:12.829+0800][53.622s][info][gc,phases,start] GC(2096) Summary Phase
[2026-06-17T10:06:12.829+0800][53.622s][info][gc,phases      ] GC(2096) Summary Phase 0.283ms
[2026-06-17T10:06:12.830+0800][53.623s][info][gc,phases,start] GC(2096) Forward
[2026-06-17T10:06:12.831+0800][53.623s][info][gc,phases      ] GC(2096) Forward 0.873ms
[2026-06-17T10:06:12.831+0800][53.624s][info][gc,phases,start] GC(2096) Adjust Pointers
[2026-06-17T10:06:12.832+0800][53.625s][info][gc,phases      ] GC(2096) Adjust Pointers 0.918ms
[2026-06-17T10:06:12.832+0800][53.625s][info][gc,phases,start] GC(2096) Compaction Phase
[2026-06-17T10:06:12.834+0800][53.627s][info][gc,phases      ] GC(2096) Compaction Phase 1.410ms
[2026-06-17T10:06:12.834+0800][53.627s][info][gc,phases,start] GC(2096) Post Compact
[2026-06-17T10:06:12.835+0800][53.627s][info][gc,phases      ] GC(2096) Post Compact 0.290ms
[2026-06-17T10:06:12.835+0800][53.628s][info][gc,heap        ] GC(2096) PSYoungGen: 7901K(14336K)->0K(14336K) Eden: 7122K(7168K)->0K(7168K) From: 779K(7168K)->0K(7168K)
[2026-06-17T10:06:12.835+0800][53.628s][info][gc,heap        ] GC(2096) ParOldGen: 38905K(44032K)->29319K(44032K)
[2026-06-17T10:06:12.835+0800][53.628s][info][gc,metaspace   ] GC(2096) Metaspace: 121K(320K)->121K(320K) NonClass: 114K(192K)->114K(192K) Class: 7K(128K)->7K(128K)
[2026-06-17T10:06:12.835+0800][53.628s][info][gc             ] GC(2096) Pause Full (Allocation Failure) 45M->28M(57M) 9.107ms
[2026-06-17T10:06:12.836+0800][53.628s][info][gc,cpu         ] GC(2096) User=0.01s Sys=0.00s Real=0.01s
[2026-06-17T10:06:12.857+0800][53.650s][info][gc,start       ] GC(2097) Pause Young (Allocation Failure)
[2026-06-17T10:06:12.859+0800][53.651s][info][gc,heap        ] GC(2097) PSYoungGen: 7140K(14336K)->3750K(14336K) Eden: 7140K(7168K)->0K(7168K) From: 0K(7168K)->3750K(7168K)
[2026-06-17T10:06:12.859+0800][53.652s][info][gc,heap        ] GC(2097) ParOldGen: 29319K(44032K)->29319K(44032K)
[2026-06-17T10:06:12.859+0800][53.652s][info][gc,metaspace   ] GC(2097) Metaspace: 121K(320K)->121K(320K) NonClass: 114K(192K)->114K(192K) Class: 7K(128K)->7K(128K)
[2026-06-17T10:06:12.860+0800][53.653s][info][gc             ] GC(2097) Pause Young (Allocation Failure) 35M->32M(57M) 3.005ms
[2026-06-17T10:06:12.861+0800][53.653s][info][gc,cpu         ] GC(2097) User=0.00s Sys=0.01s Real=0.00s
[2026-06-17T10:06:12.882+0800][53.675s][info][gc,start       ] GC(2098) Pause Young (Allocation Failure)
[2026-06-17T10:06:12.884+0800][53.676s][info][gc,heap        ] GC(2098) PSYoungGen: 10904K(14336K)->4055K(14336K) Eden: 7154K(7168K)->0K(7168K) From: 3750K(7168K)->4055K(7168K)
[2026-06-17T10:06:12.884+0800][53.677s][info][gc,heap        ] GC(2098) ParOldGen: 29319K(44032K)->29319K(44032K)
[2026-06-17T10:06:12.884+0800][53.677s][info][gc,metaspace   ] GC(2098) Metaspace: 121K(320K)->121K(320K) NonClass: 114K(192K)->114K(192K) Class: 7K(128K)->7K(128K)
[2026-06-17T10:06:12.885+0800][53.678s][info][gc             ] GC(2098) Pause Young (Allocation Failure) 39M->32M(57M) 2.582ms
[2026-06-17T10:06:12.885+0800][53.678s][info][gc,cpu         ] GC(2098) User=0.00s Sys=0.00s Real=0.01s
[2026-06-17T10:06:12.897+0800][53.690s][info][gc,start       ] GC(2099) Pause Young (Allocation Failure)
[2026-06-17T10:06:12.898+0800][53.691s][info][gc,heap        ] GC(2099) PSYoungGen: 11073K(14336K)->4178K(14336K) Eden: 7017K(7168K)->0K(7168K) From: 4055K(7168K)->4178K(7168K)
[2026-06-17T10:06:12.899+0800][53.691s][info][gc,heap        ] GC(2099) ParOldGen: 29319K(44032K)->29319K(44032K)
[2026-06-17T10:06:12.899+0800][53.692s][info][gc,metaspace   ] GC(2099) Metaspace: 121K(320K)->121K(320K) NonClass: 114K(192K)->114K(192K) Class: 7K(128K)->7K(128K)
[2026-06-17T10:06:12.900+0800][53.693s][info][gc             ] GC(2099) Pause Young (Allocation Failure) 39M->32M(57M) 2.963ms
[2026-06-17T10:06:12.900+0800][53.693s][info][gc,cpu         ] GC(2099) User=0.00s Sys=0.00s Real=0.00s
[2026-06-17T10:06:12.922+0800][53.715s][info][gc,start       ] GC(2100) Pause Young (Allocation Failure)
[2026-06-17T10:06:12.924+0800][53.717s][info][gc,heap        ] GC(2100) PSYoungGen: 11317K(14336K)->7094K(14336K) Eden: 7139K(7168K)->0K(7168K) From: 4178K(7168K)->7094K(7168K)
[2026-06-17T10:06:12.924+0800][53.717s][info][gc,heap        ] GC(2100) ParOldGen: 29319K(44032K)->30290K(44032K)
[2026-06-17T10:06:12.925+0800][53.718s][info][gc,metaspace   ] GC(2100) Metaspace: 121K(320K)->121K(320K) NonClass: 114K(192K)->114K(192K) Class: 7K(128K)->7K(128K)
[2026-06-17T10:06:12.925+0800][53.718s][info][gc             ] GC(2100) Pause Young (Allocation Failure) 39M->36M(57M) 3.418ms
[2026-06-17T10:06:12.926+0800][53.718s][info][gc,cpu         ] GC(2100) User=0.01s Sys=0.00s Real=0.01s
[2026-06-17T10:06:12.937+0800][53.730s][info][gc,start       ] GC(2101) Pause Young (Allocation Failure)
[2026-06-17T10:06:12.938+0800][53.731s][info][gc,heap        ] GC(2101) PSYoungGen: 14157K(14336K)->5604K(14336K) Eden: 7062K(7168K)->0K(7168K) From: 7094K(7168K)->5604K(7168K)
[2026-06-17T10:06:12.939+0800][53.731s][info][gc,heap        ] GC(2101) ParOldGen: 30290K(44032K)->31509K(44032K)
[2026-06-17T10:06:12.939+0800][53.732s][info][gc,metaspace   ] GC(2101) Metaspace: 121K(320K)->121K(320K) NonClass: 114K(192K)->114K(192K) Class: 7K(128K)->7K(128K)
[2026-06-17T10:06:12.939+0800][53.732s][info][gc             ] GC(2101) Pause Young (Allocation Failure) 43M->36M(57M) 2.447ms
[2026-06-17T10:06:12.940+0800][53.732s][info][gc,cpu         ] GC(2101) User=0.00s Sys=0.00s Real=0.00s
[2026-06-17T10:06:12.961+0800][53.754s][info][gc,start       ] GC(2102) Pause Young (Allocation Failure)
[2026-06-17T10:06:12.964+0800][53.757s][info][gc,heap        ] GC(2102) PSYoungGen: 12756K(14336K)->7057K(14336K) Eden: 7152K(7168K)->0K(7168K) From: 5604K(7168K)->7057K(7168K)
[2026-06-17T10:06:12.965+0800][53.758s][info][gc,heap        ] GC(2102) ParOldGen: 31509K(44032K)->33721K(44032K)
[2026-06-17T10:06:12.965+0800][53.758s][info][gc,metaspace   ] GC(2102) Metaspace: 121K(320K)->121K(320K) NonClass: 114K(192K)->114K(192K) Class: 7K(128K)->7K(128K)
[2026-06-17T10:06:12.966+0800][53.759s][info][gc             ] GC(2102) Pause Young (Allocation Failure) 43M->39M(57M) 4.520ms
[2026-06-17T10:06:12.966+0800][53.759s][info][gc,cpu         ] GC(2102) User=0.00s Sys=0.00s Real=0.01s
[2026-06-17T10:06:12.988+0800][53.781s][info][gc,start       ] GC(2103) Pause Young (Allocation Failure)
[2026-06-17T10:06:12.990+0800][53.783s][info][gc,heap        ] GC(2103) PSYoungGen: 14208K(14336K)->3616K(14336K) Eden: 7151K(7168K)->0K(7168K) From: 7057K(7168K)->3616K(7168K)
[2026-06-17T10:06:12.990+0800][53.783s][info][gc,heap        ] GC(2103) ParOldGen: 33721K(44032K)->37065K(44032K)
[2026-06-17T10:06:12.990+0800][53.783s][info][gc,metaspace   ] GC(2103) Metaspace: 121K(320K)->121K(320K) NonClass: 114K(192K)->114K(192K) Class: 7K(128K)->7K(128K)
[2026-06-17T10:06:12.991+0800][53.784s][info][gc             ] GC(2103) Pause Young (Allocation Failure) 46M->39M(57M) 2.760ms
[2026-06-17T10:06:12.995+0800][53.787s][info][gc,cpu         ] GC(2103) User=0.01s Sys=0.00s Real=0.01s
[2026-06-17T10:06:13.017+0800][53.810s][info][gc,start       ] GC(2104) Pause Young (Allocation Failure)
[2026-06-17T10:06:13.020+0800][53.812s][info][gc,heap        ] GC(2104) PSYoungGen: 10784K(14336K)->1285K(14336K) Eden: 7168K(7168K)->0K(7168K) From: 3616K(7168K)->1285K(7168K)
[2026-06-17T10:06:13.021+0800][53.814s][info][gc,heap        ] GC(2104) ParOldGen: 37065K(44032K)->39232K(44032K)
[2026-06-17T10:06:13.023+0800][53.815s][info][gc,metaspace   ] GC(2104) Metaspace: 121K(320K)->121K(320K) NonClass: 114K(192K)->114K(192K) Class: 7K(128K)->7K(128K)
[2026-06-17T10:06:13.026+0800][53.818s][info][gc             ] GC(2104) Pause Young (Allocation Failure) 46M->39M(57M) 8.275ms
[2026-06-17T10:06:13.027+0800][53.820s][info][gc,cpu         ] GC(2104) User=0.00s Sys=0.00s Real=0.01s
[2026-06-17T10:06:13.050+0800][53.843s][info][gc,start       ] GC(2105) Pause Young (Allocation Failure)
[2026-06-17T10:06:13.052+0800][53.845s][info][gc,heap        ] GC(2105) PSYoungGen: 8438K(14336K)->1699K(14336K) Eden: 7152K(7168K)->0K(7168K) From: 1285K(7168K)->1699K(7168K)
[2026-06-17T10:06:13.056+0800][53.849s][info][gc,heap        ] GC(2105) ParOldGen: 39232K(44032K)->39232K(44032K)
[2026-06-17T10:06:13.056+0800][53.849s][info][gc,metaspace   ] GC(2105) Metaspace: 121K(320K)->121K(320K) NonClass: 114K(192K)->114K(192K) Class: 7K(128K)->7K(128K)
[2026-06-17T10:06:13.057+0800][53.850s][info][gc             ] GC(2105) Pause Young (Allocation Failure) 46M->39M(57M) 6.933ms
[2026-06-17T10:06:13.075+0800][53.867s][info][gc,cpu         ] GC(2105) User=0.00s Sys=0.00s Real=0.03s
[2026-06-17T10:06:13.086+0800][53.879s][info][gc,start       ] GC(2106) Pause Young (Allocation Failure)
[2026-06-17T10:06:13.107+0800][53.900s][info][gc,heap        ] GC(2106) PSYoungGen: 8840K(14336K)->3452K(14336K) Eden: 7141K(7168K)->0K(7168K) From: 1699K(7168K)->3452K(7168K)
[2026-06-17T10:06:13.110+0800][53.903s][info][gc,heap        ] GC(2106) ParOldGen: 39232K(44032K)->40875K(44032K)
[2026-06-17T10:06:13.121+0800][53.914s][info][gc,metaspace   ] GC(2106) Metaspace: 121K(320K)->121K(320K) NonClass: 114K(192K)->114K(192K) Class: 7K(128K)->7K(128K)
[2026-06-17T10:06:13.121+0800][53.914s][info][gc             ] GC(2106) Pause Young (Allocation Failure) 46M->43M(57M) 35.083ms
[2026-06-17T10:06:13.122+0800][53.915s][info][gc,cpu         ] GC(2106) User=0.00s Sys=0.00s Real=0.03s
[2026-06-17T10:06:13.149+0800][53.942s][info][gc,start       ] GC(2107) Pause Full (Allocation Failure)
[2026-06-17T10:06:13.152+0800][53.945s][info][gc,phases,start] GC(2107) Marking Phase
[2026-06-17T10:06:13.156+0800][53.949s][info][gc,phases      ] GC(2107) Marking Phase 3.912ms
[2026-06-17T10:06:13.158+0800][53.951s][info][gc,phases,start] GC(2107) Summary Phase
[2026-06-17T10:06:13.166+0800][53.959s][info][gc,phases      ] GC(2107) Summary Phase 7.993ms
[2026-06-17T10:06:13.169+0800][53.961s][info][gc,phases,start] GC(2107) Forward
[2026-06-17T10:06:13.178+0800][53.971s][info][gc,phases      ] GC(2107) Forward 9.526ms
[2026-06-17T10:06:13.180+0800][53.973s][info][gc,phases,start] GC(2107) Adjust Pointers
[2026-06-17T10:06:13.183+0800][53.975s][info][gc,phases      ] GC(2107) Adjust Pointers 2.459ms
[2026-06-17T10:06:13.185+0800][53.978s][info][gc,phases,start] GC(2107) Compaction Phase
[2026-06-17T10:06:13.188+0800][53.981s][info][gc,phases      ] GC(2107) Compaction Phase 2.707ms
[2026-06-17T10:06:13.190+0800][53.983s][info][gc,phases,start] GC(2107) Post Compact
[2026-06-17T10:06:13.191+0800][53.984s][info][gc,phases      ] GC(2107) Post Compact 0.876ms
[2026-06-17T10:06:13.199+0800][53.992s][info][gc,heap        ] GC(2107) PSYoungGen: 10606K(14336K)->0K(14336K) Eden: 7153K(7168K)->0K(7168K) From: 3452K(7168K)->0K(7168K)
[2026-06-17T10:06:13.200+0800][53.992s][info][gc,heap        ] GC(2107) ParOldGen: 40875K(44032K)->31188K(44032K)
[2026-06-17T10:06:13.200+0800][53.993s][info][gc,metaspace   ] GC(2107) Metaspace: 121K(320K)->121K(320K) NonClass: 114K(192K)->114K(192K) Class: 7K(128K)->7K(128K)
[2026-06-17T10:06:13.201+0800][53.994s][info][gc             ] GC(2107) Pause Full (Allocation Failure) 50M->30M(57M) 51.464ms
[2026-06-17T10:06:13.201+0800][53.994s][info][gc,cpu         ] GC(2107) User=0.01s Sys=0.00s Real=0.05s
[2026-06-17T10:06:13.213+0800][54.006s][info][gc,start       ] GC(2108) Pause Young (Allocation Failure)
[2026-06-17T10:06:13.217+0800][54.010s][info][gc,heap        ] GC(2108) PSYoungGen: 7129K(14336K)->3913K(14336K) Eden: 7129K(7168K)->0K(7168K) From: 0K(7168K)->3913K(7168K)
[2026-06-17T10:06:13.220+0800][54.013s][info][gc,heap        ] GC(2108) ParOldGen: 31188K(44032K)->31188K(44032K)
[2026-06-17T10:06:13.223+0800][54.016s][info][gc,metaspace   ] GC(2108) Metaspace: 121K(320K)->121K(320K) NonClass: 114K(192K)->114K(192K) Class: 7K(128K)->7K(128K)
[2026-06-17T10:06:13.226+0800][54.019s][info][gc             ] GC(2108) Pause Young (Allocation Failure) 37M->34M(57M) 12.684ms
[2026-06-17T10:06:13.227+0800][54.020s][info][gc,cpu         ] GC(2108) User=0.01s Sys=0.00s Real=0.01s
[2026-06-17T10:06:13.250+0800][54.043s][info][gc,start       ] GC(2109) Pause Young (Allocation Failure)
[2026-06-17T10:06:13.252+0800][54.044s][info][gc,heap        ] GC(2109) PSYoungGen: 11081K(14336K)->3433K(14336K) Eden: 7168K(7168K)->0K(7168K) From: 3913K(7168K)->3433K(7168K)
[2026-06-17T10:06:13.253+0800][54.045s][info][gc,heap        ] GC(2109) ParOldGen: 31188K(44032K)->35062K(44032K)
[2026-06-17T10:06:13.255+0800][54.047s][info][gc,metaspace   ] GC(2109) Metaspace: 121K(320K)->121K(320K) NonClass: 114K(192K)->114K(192K) Class: 7K(128K)->7K(128K)
[2026-06-17T10:06:13.255+0800][54.048s][info][gc             ] GC(2109) Pause Young (Allocation Failure) 41M->37M(57M) 5.598ms
[2026-06-17T10:06:13.256+0800][54.049s][info][gc,cpu         ] GC(2109) User=0.00s Sys=0.00s Real=0.01s
[2026-06-17T10:06:13.280+0800][54.072s][info][gc,start       ] GC(2110) Pause Young (Allocation Failure)
[2026-06-17T10:06:13.284+0800][54.076s][info][gc,heap        ] GC(2110) PSYoungGen: 10591K(14336K)->3759K(14336K) Eden: 7158K(7168K)->0K(7168K) From: 3433K(7168K)->3759K(7168K)
[2026-06-17T10:06:13.285+0800][54.078s][info][gc,heap        ] GC(2110) ParOldGen: 35062K(44032K)->35062K(44032K)
[2026-06-17T10:06:13.286+0800][54.079s][info][gc,metaspace   ] GC(2110) Metaspace: 121K(320K)->121K(320K) NonClass: 114K(192K)->114K(192K) Class: 7K(128K)->7K(128K)
[2026-06-17T10:06:13.287+0800][54.080s][info][gc             ] GC(2110) Pause Young (Allocation Failure) 44M->37M(57M) 7.622ms
[2026-06-17T10:06:13.288+0800][54.081s][info][gc,cpu         ] GC(2110) User=0.00s Sys=0.00s Real=0.01s
[2026-06-17T10:06:13.309+0800][54.102s][info][gc,start       ] GC(2111) Pause Young (Allocation Failure)
[2026-06-17T10:06:13.310+0800][54.102s][info][gc,heap        ] GC(2111) PSYoungGen: 10892K(14336K)->4335K(14336K) Eden: 7132K(7168K)->0K(7168K) From: 3759K(7168K)->4335K(7168K)
[2026-06-17T10:06:13.310+0800][54.103s][info][gc,heap        ] GC(2111) ParOldGen: 35062K(44032K)->35062K(44032K)
[2026-06-17T10:06:13.310+0800][54.103s][info][gc,metaspace   ] GC(2111) Metaspace: 121K(320K)->121K(320K) NonClass: 114K(192K)->114K(192K) Class: 7K(128K)->7K(128K)
[2026-06-17T10:06:13.311+0800][54.103s][info][gc             ] GC(2111) Pause Young (Allocation Failure) 44M->38M(57M) 1.608ms
[2026-06-17T10:06:13.311+0800][54.104s][info][gc,cpu         ] GC(2111) User=0.00s Sys=0.00s Real=0.01s
[2026-06-17T10:06:13.322+0800][54.114s][info][gc,start       ] GC(2112) Pause Young (Allocation Failure)
[2026-06-17T10:06:13.323+0800][54.115s][info][gc,heap        ] GC(2112) PSYoungGen: 11476K(14336K)->7093K(14336K) Eden: 7141K(7168K)->0K(7168K) From: 4335K(7168K)->7093K(7168K)
[2026-06-17T10:06:13.323+0800][54.116s][info][gc,heap        ] GC(2112) ParOldGen: 35062K(44032K)->35983K(44032K)
[2026-06-17T10:06:13.323+0800][54.116s][info][gc,metaspace   ] GC(2112) Metaspace: 121K(320K)->121K(320K) NonClass: 114K(192K)->114K(192K) Class: 7K(128K)->7K(128K)
[2026-06-17T10:06:13.323+0800][54.116s][info][gc             ] GC(2112) Pause Young (Allocation Failure) 45M->42M(57M) 1.745ms
[2026-06-17T10:06:13.323+0800][54.116s][info][gc,cpu         ] GC(2112) User=0.00s Sys=0.00s Real=0.01s
[2026-06-17T10:06:13.345+0800][54.137s][info][gc,start       ] GC(2113) Pause Young (Allocation Failure)
[2026-06-17T10:06:13.346+0800][54.139s][info][gc,heap        ] GC(2113) PSYoungGen: 14243K(14336K)->4798K(14336K) Eden: 7150K(7168K)->0K(7168K) From: 7093K(7168K)->4798K(7168K)
[2026-06-17T10:06:13.347+0800][54.139s][info][gc,heap        ] GC(2113) ParOldGen: 35983K(44032K)->38293K(44032K)
[2026-06-17T10:06:13.347+0800][54.140s][info][gc,metaspace   ] GC(2113) Metaspace: 121K(320K)->121K(320K) NonClass: 114K(192K)->114K(192K) Class: 7K(128K)->7K(128K)
[2026-06-17T10:06:13.348+0800][54.140s][info][gc             ] GC(2113) Pause Young (Allocation Failure) 49M->42M(57M) 2.992ms
[2026-06-17T10:06:13.348+0800][54.141s][info][gc,cpu         ] GC(2113) User=0.01s Sys=0.00s Real=0.00s
[2026-06-17T10:06:13.370+0800][54.163s][info][gc,start       ] GC(2114) Pause Young (Allocation Failure)
[2026-06-17T10:06:13.372+0800][54.165s][info][gc,heap        ] GC(2114) PSYoungGen: 11964K(14336K)->2737K(14336K) Eden: 7166K(7168K)->0K(7168K) From: 4798K(7168K)->2737K(7168K)
[2026-06-17T10:06:13.373+0800][54.165s][info][gc,heap        ] GC(2114) ParOldGen: 38293K(44032K)->40336K(44032K)
[2026-06-17T10:06:13.373+0800][54.166s][info][gc,metaspace   ] GC(2114) Metaspace: 121K(320K)->121K(320K) NonClass: 114K(192K)->114K(192K) Class: 7K(128K)->7K(128K)
[2026-06-17T10:06:13.374+0800][54.166s][info][gc             ] GC(2114) Pause Young (Allocation Failure) 49M->42M(57M) 3.645ms
[2026-06-17T10:06:13.374+0800][54.167s][info][gc,cpu         ] GC(2114) User=0.00s Sys=0.00s Real=0.01s
[2026-06-17T10:06:13.386+0800][54.179s][info][gc,start       ] GC(2115) Pause Full (Allocation Failure)
[2026-06-17T10:06:13.387+0800][54.179s][info][gc,phases,start] GC(2115) Marking Phase
[2026-06-17T10:06:13.389+0800][54.182s][info][gc,phases      ] GC(2115) Marking Phase 2.802ms
[2026-06-17T10:06:13.390+0800][54.183s][info][gc,phases,start] GC(2115) Summary Phase
[2026-06-17T10:06:13.390+0800][54.183s][info][gc,phases      ] GC(2115) Summary Phase 0.470ms
[2026-06-17T10:06:13.391+0800][54.184s][info][gc,phases,start] GC(2115) Forward
[2026-06-17T10:06:13.391+0800][54.184s][info][gc,phases      ] GC(2115) Forward 0.509ms
[2026-06-17T10:06:13.392+0800][54.184s][info][gc,phases,start] GC(2115) Adjust Pointers
[2026-06-17T10:06:13.393+0800][54.186s][info][gc,phases      ] GC(2115) Adjust Pointers 1.374ms
[2026-06-17T10:06:13.394+0800][54.186s][info][gc,phases,start] GC(2115) Compaction Phase
[2026-06-17T10:06:13.396+0800][54.189s][info][gc,phases      ] GC(2115) Compaction Phase 2.540ms
[2026-06-17T10:06:13.397+0800][54.190s][info][gc,phases,start] GC(2115) Post Compact
[2026-06-17T10:06:13.397+0800][54.190s][info][gc,phases      ] GC(2115) Post Compact 0.397ms
[2026-06-17T10:06:13.398+0800][54.191s][info][gc,heap        ] GC(2115) PSYoungGen: 9654K(14336K)->0K(14336K) Eden: 6916K(7168K)->0K(7168K) From: 2737K(7168K)->0K(7168K)
[2026-06-17T10:06:13.398+0800][54.191s][info][gc,heap        ] GC(2115) ParOldGen: 40336K(44032K)->23251K(44032K)
[2026-06-17T10:06:13.398+0800][54.191s][info][gc,metaspace   ] GC(2115) Metaspace: 121K(320K)->121K(320K) NonClass: 114K(192K)->114K(192K) Class: 7K(128K)->7K(128K)
[2026-06-17T10:06:13.399+0800][54.192s][info][gc             ] GC(2115) Pause Full (Allocation Failure) 48M->22M(57M) 12.973ms
[2026-06-17T10:06:13.399+0800][54.192s][info][gc,cpu         ] GC(2115) User=0.00s Sys=0.01s Real=0.01s
[2026-06-17T10:06:13.421+0800][54.214s][info][gc,start       ] GC(2116) Pause Young (Allocation Failure)
[2026-06-17T10:06:13.423+0800][54.216s][info][gc,heap        ] GC(2116) PSYoungGen: 7168K(14336K)->3727K(14336K) Eden: 7168K(7168K)->0K(7168K) From: 0K(7168K)->3727K(7168K)
[2026-06-17T10:06:13.424+0800][54.217s][info][gc,heap        ] GC(2116) ParOldGen: 23251K(44032K)->23251K(44032K)
[2026-06-17T10:06:13.425+0800][54.218s][info][gc,metaspace   ] GC(2116) Metaspace: 121K(320K)->121K(320K) NonClass: 114K(192K)->114K(192K) Class: 7K(128K)->7K(128K)
[2026-06-17T10:06:13.425+0800][54.218s][info][gc             ] GC(2116) Pause Young (Allocation Failure) 29M->26M(57M) 4.353ms
[2026-06-17T10:06:13.426+0800][54.219s][info][gc,cpu         ] GC(2116) User=0.00s Sys=0.00s Real=0.01s
[2026-06-17T10:06:13.448+0800][54.241s][info][gc,start       ] GC(2117) Pause Young (Allocation Failure)
[2026-06-17T10:06:13.451+0800][54.243s][info][gc,heap        ] GC(2117) PSYoungGen: 10892K(14336K)->3899K(14336K) Eden: 7164K(7168K)->0K(7168K) From: 3727K(7168K)->3899K(7168K)
[2026-06-17T10:06:13.453+0800][54.246s][info][gc,heap        ] GC(2117) ParOldGen: 23251K(44032K)->23251K(44032K)
[2026-06-17T10:06:13.456+0800][54.248s][info][gc,metaspace   ] GC(2117) Metaspace: 121K(320K)->121K(320K) NonClass: 114K(192K)->114K(192K) Class: 7K(128K)->7K(128K)
[2026-06-17T10:06:13.458+0800][54.251s][info][gc             ] GC(2117) Pause Young (Allocation Failure) 33M->26M(57M) 9.967ms
[2026-06-17T10:06:13.461+0800][54.254s][info][gc,cpu         ] GC(2117) User=0.00s Sys=0.00s Real=0.01s
[2026-06-17T10:06:13.485+0800][54.278s][info][gc,start       ] GC(2118) Pause Young (Allocation Failure)
[2026-06-17T10:06:13.488+0800][54.281s][info][gc,heap        ] GC(2118) PSYoungGen: 11036K(14336K)->4181K(14336K) Eden: 7136K(7168K)->0K(7168K) From: 3899K(7168K)->4181K(7168K)
[2026-06-17T10:06:13.489+0800][54.281s][info][gc,heap        ] GC(2118) ParOldGen: 23251K(44032K)->23251K(44032K)
[2026-06-17T10:06:13.489+0800][54.282s][info][gc,metaspace   ] GC(2118) Metaspace: 121K(320K)->121K(320K) NonClass: 114K(192K)->114K(192K) Class: 7K(128K)->7K(128K)
[2026-06-17T10:06:13.490+0800][54.283s][info][gc             ] GC(2118) Pause Young (Allocation Failure) 33M->26M(57M) 4.680ms
[2026-06-17T10:06:13.491+0800][54.284s][info][gc,cpu         ] GC(2118) User=0.00s Sys=0.00s Real=0.01s
[2026-06-17T10:06:13.504+0800][54.296s][info][gc,start       ] GC(2119) Pause Young (Allocation Failure)
[2026-06-17T10:06:13.507+0800][54.300s][info][gc,heap        ] GC(2119) PSYoungGen: 11307K(14336K)->7118K(14336K) Eden: 7126K(7168K)->0K(7168K) From: 4181K(7168K)->7118K(7168K)
[2026-06-17T10:06:13.508+0800][54.301s][info][gc,heap        ] GC(2119) ParOldGen: 23251K(44032K)->24117K(44032K)
[2026-06-17T10:06:13.508+0800][54.301s][info][gc,metaspace   ] GC(2119) Metaspace: 121K(320K)->121K(320K) NonClass: 114K(192K)->114K(192K) Class: 7K(128K)->7K(128K)
[2026-06-17T10:06:13.510+0800][54.303s][info][gc             ] GC(2119) Pause Young (Allocation Failure) 33M->30M(57M) 6.303ms
[2026-06-17T10:06:13.510+0800][54.303s][info][gc,cpu         ] GC(2119) User=0.01s Sys=0.00s Real=0.01s
[2026-06-17T10:06:13.532+0800][54.325s][info][gc,start       ] GC(2120) Pause Young (Allocation Failure)
[2026-06-17T10:06:13.534+0800][54.327s][info][gc,heap        ] GC(2120) PSYoungGen: 14247K(14336K)->3860K(14336K) Eden: 7128K(7168K)->0K(7168K) From: 7118K(7168K)->3860K(7168K)
[2026-06-17T10:06:13.535+0800][54.328s][info][gc,heap        ] GC(2120) ParOldGen: 24117K(44032K)->27180K(44032K)
[2026-06-17T10:06:13.536+0800][54.329s][info][gc,metaspace   ] GC(2120) Metaspace: 121K(320K)->121K(320K) NonClass: 114K(192K)->114K(192K) Class: 7K(128K)->7K(128K)
[2026-06-17T10:06:13.537+0800][54.330s][info][gc             ] GC(2120) Pause Young (Allocation Failure) 37M->30M(57M) 4.596ms
[2026-06-17T10:06:13.538+0800][54.330s][info][gc,cpu         ] GC(2120) User=0.00s Sys=0.00s Real=0.00s
[2026-06-17T10:06:13.550+0800][54.342s][info][gc,start       ] GC(2121) Pause Young (Allocation Failure)
[2026-06-17T10:06:13.552+0800][54.345s][info][gc,heap        ] GC(2121) PSYoungGen: 10991K(14336K)->6493K(14336K) Eden: 7131K(7168K)->0K(7168K) From: 3860K(7168K)->6493K(7168K)
[2026-06-17T10:06:13.555+0800][54.348s][info][gc,heap        ] GC(2121) ParOldGen: 27180K(44032K)->28273K(44032K)
[2026-06-17T10:06:13.555+0800][54.348s][info][gc,metaspace   ] GC(2121) Metaspace: 121K(320K)->121K(320K) NonClass: 114K(192K)->114K(192K) Class: 7K(128K)->7K(128K)
[2026-06-17T10:06:13.556+0800][54.349s][info][gc             ] GC(2121) Pause Young (Allocation Failure) 37M->33M(57M) 6.396ms
[2026-06-17T10:06:13.557+0800][54.349s][info][gc,cpu         ] GC(2121) User=0.00s Sys=0.00s Real=0.01s
[2026-06-17T10:06:13.579+0800][54.372s][info][gc,start       ] GC(2122) Pause Young (Allocation Failure)
[2026-06-17T10:06:13.581+0800][54.374s][info][gc,heap        ] GC(2122) PSYoungGen: 13405K(14336K)->32K(14336K) Eden: 6912K(7168K)->0K(7168K) From: 6493K(7168K)->32K(7168K)
[2026-06-17T10:06:13.582+0800][54.375s][info][gc,heap        ] GC(2122) ParOldGen: 28273K(44032K)->31191K(44032K)
[2026-06-17T10:06:13.583+0800][54.376s][info][gc,metaspace   ] GC(2122) Metaspace: 121K(320K)->121K(320K) NonClass: 114K(192K)->114K(192K) Class: 7K(128K)->7K(128K)
[2026-06-17T10:06:13.584+0800][54.377s][info][gc             ] GC(2122) Pause Young (Allocation Failure) 40M->30M(57M) 4.489ms
[2026-06-17T10:06:13.584+0800][54.377s][info][gc,cpu         ] GC(2122) User=0.00s Sys=0.00s Real=0.01s
[2026-06-17T10:06:13.607+0800][54.400s][info][gc,start       ] GC(2123) Pause Young (Allocation Failure)
[2026-06-17T10:06:13.609+0800][54.402s][info][gc,heap        ] GC(2123) PSYoungGen: 7197K(14336K)->3789K(14336K) Eden: 7165K(7168K)->0K(7168K) From: 32K(7168K)->3789K(7168K)
[2026-06-17T10:06:13.610+0800][54.402s][info][gc,heap        ] GC(2123) ParOldGen: 31191K(44032K)->31191K(44032K)
[2026-06-17T10:06:13.610+0800][54.403s][info][gc,metaspace   ] GC(2123) Metaspace: 121K(320K)->121K(320K) NonClass: 114K(192K)->114K(192K) Class: 7K(128K)->7K(128K)
[2026-06-17T10:06:13.611+0800][54.403s][info][gc             ] GC(2123) Pause Young (Allocation Failure) 37M->34M(57M) 3.472ms
[2026-06-17T10:06:13.611+0800][54.404s][info][gc,cpu         ] GC(2123) User=0.00s Sys=0.01s Real=0.01s
[2026-06-17T10:06:13.623+0800][54.415s][info][gc,start       ] GC(2124) Pause Young (Allocation Failure)
[2026-06-17T10:06:13.625+0800][54.418s][info][gc,heap        ] GC(2124) PSYoungGen: 10699K(14336K)->1567K(14336K) Eden: 6910K(7168K)->0K(7168K) From: 3789K(7168K)->1567K(7168K)
[2026-06-17T10:06:13.626+0800][54.418s][info][gc,heap        ] GC(2124) ParOldGen: 31191K(44032K)->33327K(44032K)
[2026-06-17T10:06:13.626+0800][54.419s][info][gc,metaspace   ] GC(2124) Metaspace: 121K(320K)->121K(320K) NonClass: 114K(192K)->114K(192K) Class: 7K(128K)->7K(128K)
[2026-06-17T10:06:13.627+0800][54.420s][info][gc             ] GC(2124) Pause Young (Allocation Failure) 40M->34M(57M) 4.246ms
[2026-06-17T10:06:13.627+0800][54.420s][info][gc,cpu         ] GC(2124) User=0.00s Sys=0.00s Real=0.00s
[2026-06-17T10:06:13.660+0800][54.453s][info][gc,start       ] GC(2125) Pause Young (Allocation Failure)
[2026-06-17T10:06:13.665+0800][54.458s][info][gc,heap        ] GC(2125) PSYoungGen: 8719K(14336K)->1986K(14336K) Eden: 7152K(7168K)->0K(7168K) From: 1567K(7168K)->1986K(7168K)
[2026-06-17T10:06:13.665+0800][54.458s][info][gc,heap        ] GC(2125) ParOldGen: 33327K(44032K)->33327K(44032K)
[2026-06-17T10:06:13.666+0800][54.459s][info][gc,metaspace   ] GC(2125) Metaspace: 121K(320K)->121K(320K) NonClass: 114K(192K)->114K(192K) Class: 7K(128K)->7K(128K)
[2026-06-17T10:06:13.667+0800][54.460s][info][gc             ] GC(2125) Pause Young (Allocation Failure) 41M->34M(57M) 7.120ms
[2026-06-17T10:06:13.668+0800][54.461s][info][gc,cpu         ] GC(2125) User=0.00s Sys=0.00s Real=0.01s
[2026-06-17T10:06:13.679+0800][54.472s][info][gc,start       ] GC(2126) Pause Young (Allocation Failure)
[2026-06-17T10:06:13.681+0800][54.474s][info][gc,heap        ] GC(2126) PSYoungGen: 9117K(14336K)->3752K(14336K) Eden: 7131K(7168K)->0K(7168K) From: 1986K(7168K)->3752K(7168K)
[2026-06-17T10:06:13.682+0800][54.474s][info][gc,heap        ] GC(2126) ParOldGen: 33327K(44032K)->35204K(44032K)
[2026-06-17T10:06:13.682+0800][54.475s][info][gc,metaspace   ] GC(2126) Metaspace: 121K(320K)->121K(320K) NonClass: 114K(192K)->114K(192K) Class: 7K(128K)->7K(128K)
[2026-06-17T10:06:13.682+0800][54.475s][info][gc             ] GC(2126) Pause Young (Allocation Failure) 41M->38M(57M) 2.825ms
[2026-06-17T10:06:13.683+0800][54.475s][info][gc,cpu         ] GC(2126) User=0.00s Sys=0.00s Real=0.01s
[2026-06-17T10:06:13.704+0800][54.497s][info][gc,start       ] GC(2127) Pause Young (Allocation Failure)
[2026-06-17T10:06:13.706+0800][54.499s][info][gc,heap        ] GC(2127) PSYoungGen: 10906K(14336K)->3991K(14336K) Eden: 7154K(7168K)->0K(7168K) From: 3752K(7168K)->3991K(7168K)
[2026-06-17T10:06:13.707+0800][54.500s][info][gc,heap        ] GC(2127) ParOldGen: 35204K(44032K)->35204K(44032K)
[2026-06-17T10:06:13.708+0800][54.500s][info][gc,metaspace   ] GC(2127) Metaspace: 121K(320K)->121K(320K) NonClass: 114K(192K)->114K(192K) Class: 7K(128K)->7K(128K)
[2026-06-17T10:06:13.709+0800][54.501s][info][gc             ] GC(2127) Pause Young (Allocation Failure) 45M->38M(57M) 4.410ms
[2026-06-17T10:06:13.710+0800][54.503s][info][gc,cpu         ] GC(2127) User=0.01s Sys=0.00s Real=0.00s
[2026-06-17T10:06:13.732+0800][54.525s][info][gc,start       ] GC(2128) Pause Young (Allocation Failure)
[2026-06-17T10:06:13.733+0800][54.526s][info][gc,heap        ] GC(2128) PSYoungGen: 11156K(14336K)->1864K(14336K) Eden: 7165K(7168K)->0K(7168K) From: 3991K(7168K)->1864K(7168K)
[2026-06-17T10:06:13.734+0800][54.527s][info][gc,heap        ] GC(2128) ParOldGen: 35204K(44032K)->37505K(44032K)
[2026-06-17T10:06:13.734+0800][54.527s][info][gc,metaspace   ] GC(2128) Metaspace: 121K(320K)->121K(320K) NonClass: 114K(192K)->114K(192K) Class: 7K(128K)->7K(128K)
[2026-06-17T10:06:13.735+0800][54.527s][info][gc             ] GC(2128) Pause Young (Allocation Failure) 45M->38M(57M) 2.519ms
[2026-06-17T10:06:13.735+0800][54.528s][info][gc,cpu         ] GC(2128) User=0.00s Sys=0.00s Real=0.00s
[2026-06-17T10:06:13.746+0800][54.539s][info][gc,start       ] GC(2129) Pause Young (Allocation Failure)
[2026-06-17T10:06:13.747+0800][54.540s][info][gc,heap        ] GC(2129) PSYoungGen: 8933K(14336K)->2036K(14336K) Eden: 7069K(7168K)->0K(7168K) From: 1864K(7168K)->2036K(7168K)
[2026-06-17T10:06:13.747+0800][54.540s][info][gc,heap        ] GC(2129) ParOldGen: 37505K(44032K)->37505K(44032K)
[2026-06-17T10:06:13.748+0800][54.540s][info][gc,metaspace   ] GC(2129) Metaspace: 121K(320K)->121K(320K) NonClass: 114K(192K)->114K(192K) Class: 7K(128K)->7K(128K)
[2026-06-17T10:06:13.748+0800][54.541s][info][gc             ] GC(2129) Pause Young (Allocation Failure) 45M->38M(57M) 1.695ms
[2026-06-17T10:06:13.748+0800][54.541s][info][gc,cpu         ] GC(2129) User=0.00s Sys=0.00s Real=0.00s
[2026-06-17T10:06:13.770+0800][54.563s][info][gc,start       ] GC(2130) Pause Young (Allocation Failure)
[2026-06-17T10:06:13.772+0800][54.565s][info][gc,heap        ] GC(2130) PSYoungGen: 9177K(14336K)->5882K(14336K) Eden: 7141K(7168K)->0K(7168K) From: 2036K(7168K)->5882K(7168K)
[2026-06-17T10:06:13.772+0800][54.565s][info][gc,heap        ] GC(2130) ParOldGen: 37505K(44032K)->37505K(44032K)
[2026-06-17T10:06:13.773+0800][54.566s][info][gc,metaspace   ] GC(2130) Metaspace: 121K(320K)->121K(320K) NonClass: 114K(192K)->114K(192K) Class: 7K(128K)->7K(128K)
[2026-06-17T10:06:13.774+0800][54.566s][info][gc             ] GC(2130) Pause Young (Allocation Failure) 45M->42M(57M) 3.873ms
[2026-06-17T10:06:13.774+0800][54.567s][info][gc,cpu         ] GC(2130) User=0.00s Sys=0.00s Real=0.01s
[2026-06-17T10:06:13.786+0800][54.579s][info][gc,start       ] GC(2131) Pause Young (Allocation Failure)
[2026-06-17T10:06:13.788+0800][54.581s][info][gc,heap        ] GC(2131) PSYoungGen: 12790K(14336K)->3957K(14336K) Eden: 6907K(7168K)->0K(7168K) From: 5882K(7168K)->3957K(7168K)
[2026-06-17T10:06:13.788+0800][54.581s][info][gc,heap        ] GC(2131) ParOldGen: 37505K(44032K)->39493K(44032K)
[2026-06-17T10:06:13.789+0800][54.582s][info][gc,metaspace   ] GC(2131) Metaspace: 121K(320K)->121K(320K) NonClass: 114K(192K)->114K(192K) Class: 7K(128K)->7K(128K)
[2026-06-17T10:06:13.789+0800][54.582s][info][gc             ] GC(2131) Pause Young (Allocation Failure) 49M->42M(57M) 3.396ms
[2026-06-17T10:06:13.790+0800][54.582s][info][gc,cpu         ] GC(2131) User=0.00s Sys=0.00s Real=0.00s
[2026-06-17T10:06:13.812+0800][54.605s][info][gc,start       ] GC(2132) Pause Young (Allocation Failure)
[2026-06-17T10:06:13.814+0800][54.607s][info][gc,heap        ] GC(2132) PSYoungGen: 11090K(14336K)->3583K(14336K) Eden: 7133K(7168K)->0K(7168K) From: 3957K(7168K)->3583K(7168K)
[2026-06-17T10:06:13.815+0800][54.607s][info][gc,heap        ] GC(2132) ParOldGen: 39493K(44032K)->43426K(44032K)
[2026-06-17T10:06:13.815+0800][54.608s][info][gc,metaspace   ] GC(2132) Metaspace: 121K(320K)->121K(320K) NonClass: 114K(192K)->114K(192K) Class: 7K(128K)->7K(128K)
[2026-06-17T10:06:13.816+0800][54.609s][info][gc             ] GC(2132) Pause Young (Allocation Failure) 49M->45M(57M) 4.110ms
[2026-06-17T10:06:13.817+0800][54.610s][info][gc,cpu         ] GC(2132) User=0.00s Sys=0.00s Real=0.00s
[2026-06-17T10:06:13.839+0800][54.632s][info][gc,start       ] GC(2133) Pause Full (Allocation Failure)
[2026-06-17T10:06:13.840+0800][54.633s][info][gc,phases,start] GC(2133) Marking Phase
[2026-06-17T10:06:13.843+0800][54.636s][info][gc,phases      ] GC(2133) Marking Phase 3.274ms
[2026-06-17T10:06:13.844+0800][54.637s][info][gc,phases,start] GC(2133) Summary Phase
[2026-06-17T10:06:13.844+0800][54.637s][info][gc,phases      ] GC(2133) Summary Phase 0.439ms
[2026-06-17T10:06:13.845+0800][54.637s][info][gc,phases,start] GC(2133) Forward
[2026-06-17T10:06:13.845+0800][54.638s][info][gc,phases      ] GC(2133) Forward 0.569ms
[2026-06-17T10:06:13.846+0800][54.639s][info][gc,phases,start] GC(2133) Adjust Pointers
[2026-06-17T10:06:13.847+0800][54.640s][info][gc,phases      ] GC(2133) Adjust Pointers 1.686ms
[2026-06-17T10:06:13.849+0800][54.642s][info][gc,phases,start] GC(2133) Compaction Phase
[2026-06-17T10:06:13.851+0800][54.644s][info][gc,phases      ] GC(2133) Compaction Phase 2.278ms
[2026-06-17T10:06:13.852+0800][54.644s][info][gc,phases,start] GC(2133) Post Compact
[2026-06-17T10:06:13.852+0800][54.645s][info][gc,phases      ] GC(2133) Post Compact 0.337ms
[2026-06-17T10:06:13.852+0800][54.645s][info][gc,heap        ] GC(2133) PSYoungGen: 10735K(14336K)->0K(14336K) Eden: 7151K(7168K)->0K(7168K) From: 3583K(7168K)->0K(7168K)
[2026-06-17T10:06:13.853+0800][54.645s][info][gc,heap        ] GC(2133) ParOldGen: 43426K(44032K)->27833K(44032K)
[2026-06-17T10:06:13.853+0800][54.645s][info][gc,metaspace   ] GC(2133) Metaspace: 121K(320K)->121K(320K) NonClass: 114K(192K)->114K(192K) Class: 7K(128K)->7K(128K)
[2026-06-17T10:06:13.853+0800][54.646s][info][gc             ] GC(2133) Pause Full (Allocation Failure) 52M->27M(57M) 13.896ms
[2026-06-17T10:06:13.853+0800][54.646s][info][gc,cpu         ] GC(2133) User=0.01s Sys=0.00s Real=0.02s
[2026-06-17T10:06:13.875+0800][54.668s][info][gc,start       ] GC(2134) Pause Young (Allocation Failure)
[2026-06-17T10:06:13.877+0800][54.670s][info][gc,heap        ] GC(2134) PSYoungGen: 7135K(14336K)->3773K(14336K) Eden: 7135K(7168K)->0K(7168K) From: 0K(7168K)->3773K(7168K)
[2026-06-17T10:06:13.878+0800][54.671s][info][gc,heap        ] GC(2134) ParOldGen: 27833K(44032K)->27833K(44032K)
[2026-06-17T10:06:13.880+0800][54.673s][info][gc,metaspace   ] GC(2134) Metaspace: 121K(320K)->121K(320K) NonClass: 114K(192K)->114K(192K) Class: 7K(128K)->7K(128K)
[2026-06-17T10:06:13.881+0800][54.673s][info][gc             ] GC(2134) Pause Young (Allocation Failure) 34M->30M(57M) 5.716ms
[2026-06-17T10:06:13.881+0800][54.674s][info][gc,cpu         ] GC(2134) User=0.00s Sys=0.00s Real=0.00s
[2026-06-17T10:06:13.893+0800][54.686s][info][gc,start       ] GC(2135) Pause Young (Allocation Failure)
[2026-06-17T10:06:13.896+0800][54.688s][info][gc,heap        ] GC(2135) PSYoungGen: 10941K(14336K)->6863K(14336K) Eden: 7168K(7168K)->0K(7168K) From: 3773K(7168K)->6863K(7168K)
[2026-06-17T10:06:13.896+0800][54.689s][info][gc,heap        ] GC(2135) ParOldGen: 27833K(44032K)->28210K(44032K)
[2026-06-17T10:06:13.897+0800][54.690s][info][gc,metaspace   ] GC(2135) Metaspace: 121K(320K)->121K(320K) NonClass: 114K(192K)->114K(192K) Class: 7K(128K)->7K(128K)
[2026-06-17T10:06:13.897+0800][54.690s][info][gc             ] GC(2135) Pause Young (Allocation Failure) 37M->34M(57M) 4.041ms
[2026-06-17T10:06:13.898+0800][54.691s][info][gc,cpu         ] GC(2135) User=0.00s Sys=0.00s Real=0.00s
[2026-06-17T10:06:13.921+0800][54.714s][info][gc,start       ] GC(2136) Pause Young (Allocation Failure)
[2026-06-17T10:06:13.924+0800][54.717s][info][gc,heap        ] GC(2136) PSYoungGen: 14031K(14336K)->3972K(14336K) Eden: 7168K(7168K)->0K(7168K) From: 6863K(7168K)->3972K(7168K)
[2026-06-17T10:06:13.925+0800][54.717s][info][gc,heap        ] GC(2136) ParOldGen: 28210K(44032K)->31174K(44032K)
[2026-06-17T10:06:13.925+0800][54.718s][info][gc,metaspace   ] GC(2136) Metaspace: 121K(320K)->121K(320K) NonClass: 114K(192K)->114K(192K) Class: 7K(128K)->7K(128K)
[2026-06-17T10:06:13.927+0800][54.720s][info][gc             ] GC(2136) Pause Young (Allocation Failure) 41M->34M(57M) 6.064ms
[2026-06-17T10:06:13.928+0800][54.720s][info][gc,cpu         ] GC(2136) User=0.01s Sys=0.00s Real=0.01s
[2026-06-17T10:06:13.940+0800][54.733s][info][gc,start       ] GC(2137) Pause Young (Allocation Failure)
[2026-06-17T10:06:13.942+0800][54.735s][info][gc,heap        ] GC(2137) PSYoungGen: 11102K(14336K)->5775K(14336K) Eden: 7129K(7168K)->0K(7168K) From: 3972K(7168K)->5775K(7168K)
[2026-06-17T10:06:13.943+0800][54.735s][info][gc,heap        ] GC(2137) ParOldGen: 31174K(44032K)->33225K(44032K)
[2026-06-17T10:06:13.943+0800][54.736s][info][gc,metaspace   ] GC(2137) Metaspace: 121K(320K)->121K(320K) NonClass: 114K(192K)->114K(192K) Class: 7K(128K)->7K(128K)
[2026-06-17T10:06:13.944+0800][54.737s][info][gc             ] GC(2137) Pause Young (Allocation Failure) 41M->38M(57M) 3.992ms
[2026-06-17T10:06:13.944+0800][54.737s][info][gc,cpu         ] GC(2137) User=0.00s Sys=0.00s Real=0.01s
[2026-06-17T10:06:13.968+0800][54.761s][info][gc,start       ] GC(2138) Pause Young (Allocation Failure)
[2026-06-17T10:06:13.970+0800][54.763s][info][gc,heap        ] GC(2138) PSYoungGen: 12900K(14336K)->334K(14336K) Eden: 7125K(7168K)->0K(7168K) From: 5775K(7168K)->334K(7168K)
[2026-06-17T10:06:13.971+0800][54.763s][info][gc,heap        ] GC(2138) ParOldGen: 33225K(44032K)->35451K(44032K)
[2026-06-17T10:06:13.971+0800][54.764s][info][gc,metaspace   ] GC(2138) Metaspace: 121K(320K)->121K(320K) NonClass: 114K(192K)->114K(192K) Class: 7K(128K)->7K(128K)
[2026-06-17T10:06:13.972+0800][54.765s][info][gc             ] GC(2138) Pause Young (Allocation Failure) 45M->34M(57M) 3.788ms
[2026-06-17T10:06:13.972+0800][54.765s][info][gc,cpu         ] GC(2138) User=0.00s Sys=0.00s Real=0.01s
[2026-06-17T10:06:13.995+0800][54.788s][info][gc,start       ] GC(2139) Pause Young (Allocation Failure)
[2026-06-17T10:06:13.996+0800][54.789s][info][gc,heap        ] GC(2139) PSYoungGen: 7482K(14336K)->4229K(14336K) Eden: 7148K(7168K)->0K(7168K) From: 334K(7168K)->4229K(7168K)
[2026-06-17T10:06:13.997+0800][54.790s][info][gc,heap        ] GC(2139) ParOldGen: 35451K(44032K)->35451K(44032K)
[2026-06-17T10:06:13.997+0800][54.790s][info][gc,metaspace   ] GC(2139) Metaspace: 121K(320K)->121K(320K) NonClass: 114K(192K)->114K(192K) Class: 7K(128K)->7K(128K)
[2026-06-17T10:06:13.998+0800][54.790s][info][gc             ] GC(2139) Pause Young (Allocation Failure) 41M->38M(57M) 2.269ms
[2026-06-17T10:06:13.998+0800][54.791s][info][gc,cpu         ] GC(2139) User=0.01s Sys=0.00s Real=0.00s
[2026-06-17T10:06:14.019+0800][54.812s][info][gc,start       ] GC(2140) Pause Young (Allocation Failure)
[2026-06-17T10:06:14.020+0800][54.813s][info][gc,heap        ] GC(2140) PSYoungGen: 11393K(14336K)->2759K(14336K) Eden: 7163K(7168K)->0K(7168K) From: 4229K(7168K)->2759K(7168K)
[2026-06-17T10:06:14.020+0800][54.813s][info][gc,heap        ] GC(2140) ParOldGen: 35451K(44032K)->37456K(44032K)
[2026-06-17T10:06:14.020+0800][54.813s][info][gc,metaspace   ] GC(2140) Metaspace: 121K(320K)->121K(320K) NonClass: 114K(192K)->114K(192K) Class: 7K(128K)->7K(128K)
[2026-06-17T10:06:14.021+0800][54.813s][info][gc             ] GC(2140) Pause Young (Allocation Failure) 45M->39M(57M) 1.577ms
[2026-06-17T10:06:14.021+0800][54.814s][info][gc,cpu         ] GC(2140) User=0.00s Sys=0.00s Real=0.00s
[2026-06-17T10:06:14.032+0800][54.824s][info][gc,start       ] GC(2141) Pause Young (Allocation Failure)
[2026-06-17T10:06:14.033+0800][54.825s][info][gc,heap        ] GC(2141) PSYoungGen: 9909K(14336K)->6234K(14336K) Eden: 7150K(7168K)->0K(7168K) From: 2759K(7168K)->6234K(7168K)
[2026-06-17T10:06:14.033+0800][54.826s][info][gc,heap        ] GC(2141) ParOldGen: 37456K(44032K)->37456K(44032K)
[2026-06-17T10:06:14.033+0800][54.826s][info][gc,metaspace   ] GC(2141) Metaspace: 121K(320K)->121K(320K) NonClass: 114K(192K)->114K(192K) Class: 7K(128K)->7K(128K)
[2026-06-17T10:06:14.034+0800][54.826s][info][gc             ] GC(2141) Pause Young (Allocation Failure) 46M->42M(57M) 1.976ms
[2026-06-17T10:06:14.034+0800][54.827s][info][gc,cpu         ] GC(2141) User=0.00s Sys=0.00s Real=0.00s
[2026-06-17T10:06:14.055+0800][54.847s][info][gc,start       ] GC(2142) Pause Young (Allocation Failure)
[2026-06-17T10:06:14.056+0800][54.849s][info][gc,heap        ] GC(2142) PSYoungGen: 13399K(14336K)->3547K(14336K) Eden: 7165K(7168K)->0K(7168K) From: 6234K(7168K)->3547K(7168K)
[2026-06-17T10:06:14.057+0800][54.849s][info][gc,heap        ] GC(2142) ParOldGen: 37456K(44032K)->40345K(44032K)
[2026-06-17T10:06:14.057+0800][54.850s][info][gc,metaspace   ] GC(2142) Metaspace: 121K(320K)->121K(320K) NonClass: 114K(192K)->114K(192K) Class: 7K(128K)->7K(128K)
[2026-06-17T10:06:14.058+0800][54.850s][info][gc             ] GC(2142) Pause Young (Allocation Failure) 49M->42M(57M) 2.903ms
[2026-06-17T10:06:14.058+0800][54.851s][info][gc,cpu         ] GC(2142) User=0.00s Sys=0.00s Real=0.00s
[2026-06-17T10:06:14.080+0800][54.872s][info][gc,start       ] GC(2143) Pause Full (Allocation Failure)
[2026-06-17T10:06:14.080+0800][54.873s][info][gc,phases,start] GC(2143) Marking Phase
[2026-06-17T10:06:14.082+0800][54.875s][info][gc,phases      ] GC(2143) Marking Phase 1.611ms
[2026-06-17T10:06:14.083+0800][54.875s][info][gc,phases,start] GC(2143) Summary Phase
[2026-06-17T10:06:14.083+0800][54.876s][info][gc,phases      ] GC(2143) Summary Phase 0.358ms
[2026-06-17T10:06:14.083+0800][54.876s][info][gc,phases,start] GC(2143) Forward
[2026-06-17T10:06:14.084+0800][54.877s][info][gc,phases      ] GC(2143) Forward 0.663ms
[2026-06-17T10:06:14.085+0800][54.877s][info][gc,phases,start] GC(2143) Adjust Pointers
[2026-06-17T10:06:14.086+0800][54.878s][info][gc,phases      ] GC(2143) Adjust Pointers 1.113ms
[2026-06-17T10:06:14.086+0800][54.879s][info][gc,phases,start] GC(2143) Compaction Phase
[2026-06-17T10:06:14.088+0800][54.881s][info][gc,phases      ] GC(2143) Compaction Phase 2.013ms
[2026-06-17T10:06:14.089+0800][54.882s][info][gc,phases,start] GC(2143) Post Compact
[2026-06-17T10:06:14.089+0800][54.882s][info][gc,phases      ] GC(2143) Post Compact 0.499ms
[2026-06-17T10:06:14.090+0800][54.883s][info][gc,heap        ] GC(2143) PSYoungGen: 10681K(14336K)->0K(14336K) Eden: 7133K(7168K)->0K(7168K) From: 3547K(7168K)->0K(7168K)
[2026-06-17T10:06:14.090+0800][54.883s][info][gc,heap        ] GC(2143) ParOldGen: 40345K(44032K)->30745K(44032K)
[2026-06-17T10:06:14.091+0800][54.883s][info][gc,metaspace   ] GC(2143) Metaspace: 121K(320K)->121K(320K) NonClass: 114K(192K)->114K(192K) Class: 7K(128K)->7K(128K)
[2026-06-17T10:06:14.091+0800][54.884s][info][gc             ] GC(2143) Pause Full (Allocation Failure) 49M->30M(57M) 11.524ms
[2026-06-17T10:06:14.092+0800][54.884s][info][gc,cpu         ] GC(2143) User=0.01s Sys=0.01s Real=0.02s
[2026-06-17T10:06:14.113+0800][54.906s][info][gc,start       ] GC(2144) Pause Young (Allocation Failure)
[2026-06-17T10:06:14.116+0800][54.908s][info][gc,heap        ] GC(2144) PSYoungGen: 7164K(14336K)->3407K(14336K) Eden: 7164K(7168K)->0K(7168K) From: 0K(7168K)->3407K(7168K)
[2026-06-17T10:06:14.117+0800][54.909s][info][gc,heap        ] GC(2144) ParOldGen: 30745K(44032K)->30745K(44032K)
[2026-06-17T10:06:14.118+0800][54.910s][info][gc,metaspace   ] GC(2144) Metaspace: 121K(320K)->121K(320K) NonClass: 114K(192K)->114K(192K) Class: 7K(128K)->7K(128K)
[2026-06-17T10:06:14.118+0800][54.911s][info][gc             ] GC(2144) Pause Young (Allocation Failure) 37M->33M(57M) 4.757ms
[2026-06-17T10:06:14.119+0800][54.912s][info][gc,cpu         ] GC(2144) User=0.00s Sys=0.00s Real=0.00s
[2026-06-17T10:06:14.131+0800][54.924s][info][gc,start       ] GC(2145) Pause Young (Allocation Failure)
[2026-06-17T10:06:14.133+0800][54.925s][info][gc,heap        ] GC(2145) PSYoungGen: 10483K(14336K)->379K(14336K) Eden: 7076K(7168K)->0K(7168K) From: 3407K(7168K)->379K(7168K)
[2026-06-17T10:06:14.133+0800][54.926s][info][gc,heap        ] GC(2145) ParOldGen: 30745K(44032K)->33883K(44032K)
[2026-06-17T10:06:14.134+0800][54.927s][info][gc,metaspace   ] GC(2145) Metaspace: 121K(320K)->121K(320K) NonClass: 114K(192K)->114K(192K) Class: 7K(128K)->7K(128K)
[2026-06-17T10:06:14.135+0800][54.928s][info][gc             ] GC(2145) Pause Young (Allocation Failure) 40M->33M(57M) 3.846ms
[2026-06-17T10:06:14.136+0800][54.928s][info][gc,cpu         ] GC(2145) User=0.00s Sys=0.00s Real=0.00s
[2026-06-17T10:06:14.158+0800][54.951s][info][gc,start       ] GC(2146) Pause Young (Allocation Failure)
[2026-06-17T10:06:14.160+0800][54.953s][info][gc,heap        ] GC(2146) PSYoungGen: 7547K(14336K)->4023K(14336K) Eden: 7168K(7168K)->0K(7168K) From: 379K(7168K)->4023K(7168K)
[2026-06-17T10:06:14.161+0800][54.954s][info][gc,heap        ] GC(2146) ParOldGen: 33883K(44032K)->33883K(44032K)
[2026-06-17T10:06:14.162+0800][54.955s][info][gc,metaspace   ] GC(2146) Metaspace: 121K(320K)->121K(320K) NonClass: 114K(192K)->114K(192K) Class: 7K(128K)->7K(128K)
[2026-06-17T10:06:14.163+0800][54.955s][info][gc             ] GC(2146) Pause Young (Allocation Failure) 40M->37M(57M) 4.505ms
[2026-06-17T10:06:14.163+0800][54.956s][info][gc,cpu         ] GC(2146) User=0.00s Sys=0.00s Real=0.01s
[2026-06-17T10:06:14.175+0800][54.968s][info][gc,start       ] GC(2147) Pause Young (Allocation Failure)
[2026-06-17T10:06:14.177+0800][54.970s][info][gc,heap        ] GC(2147) PSYoungGen: 11107K(14336K)->1897K(14336K) Eden: 7083K(7168K)->0K(7168K) From: 4023K(7168K)->1897K(7168K)
[2026-06-17T10:06:14.178+0800][54.971s][info][gc,heap        ] GC(2147) ParOldGen: 33883K(44032K)->36093K(44032K)
[2026-06-17T10:06:14.179+0800][54.972s][info][gc,metaspace   ] GC(2147) Metaspace: 121K(320K)->121K(320K) NonClass: 114K(192K)->114K(192K) Class: 7K(128K)->7K(128K)
[2026-06-17T10:06:14.180+0800][54.972s][info][gc             ] GC(2147) Pause Young (Allocation Failure) 43M->37M(57M) 4.379ms
[2026-06-17T10:06:14.180+0800][54.973s][info][gc,cpu         ] GC(2147) User=0.01s Sys=0.00s Real=0.00s
[2026-06-17T10:06:14.203+0800][54.995s][info][gc,start       ] GC(2148) Pause Young (Allocation Failure)
[2026-06-17T10:06:14.204+0800][54.997s][info][gc,heap        ] GC(2148) PSYoungGen: 9032K(14336K)->5584K(14336K) Eden: 7135K(7168K)->0K(7168K) From: 1897K(7168K)->5584K(7168K)
[2026-06-17T10:06:14.205+0800][54.998s][info][gc,heap        ] GC(2148) ParOldGen: 36093K(44032K)->36093K(44032K)
[2026-06-17T10:06:14.206+0800][54.999s][info][gc,metaspace   ] GC(2148) Metaspace: 121K(320K)->121K(320K) NonClass: 114K(192K)->114K(192K) Class: 7K(128K)->7K(128K)
[2026-06-17T10:06:14.206+0800][54.999s][info][gc             ] GC(2148) Pause Young (Allocation Failure) 44M->40M(57M) 3.718ms
[2026-06-17T10:06:14.207+0800][54.999s][info][gc,cpu         ] GC(2148) User=0.00s Sys=0.00s Real=0.00s
[2026-06-17T10:06:14.229+0800][55.021s][info][gc,start       ] GC(2149) Pause Young (Allocation Failure)
[2026-06-17T10:06:14.230+0800][55.023s][info][gc,heap        ] GC(2149) PSYoungGen: 12700K(14336K)->3034K(14336K) Eden: 7116K(7168K)->0K(7168K) From: 5584K(7168K)->3034K(7168K)
[2026-06-17T10:06:14.233+0800][55.026s][info][gc,heap        ] GC(2149) ParOldGen: 36093K(44032K)->38404K(44032K)
[2026-06-17T10:06:14.233+0800][55.026s][info][gc,metaspace   ] GC(2149) Metaspace: 121K(320K)->121K(320K) NonClass: 114K(192K)->114K(192K) Class: 7K(128K)->7K(128K)
[2026-06-17T10:06:14.234+0800][55.027s][info][gc             ] GC(2149) Pause Young (Allocation Failure) 47M->40M(57M) 5.188ms
[2026-06-17T10:06:14.234+0800][55.027s][info][gc,cpu         ] GC(2149) User=0.00s Sys=0.00s Real=0.01s
[2026-06-17T10:06:14.256+0800][55.049s][info][gc,start       ] GC(2150) Pause Young (Allocation Failure)
[2026-06-17T10:06:14.259+0800][55.052s][info][gc,heap        ] GC(2150) PSYoungGen: 10174K(14336K)->3466K(14336K) Eden: 7140K(7168K)->0K(7168K) From: 3034K(7168K)->3466K(7168K)
[2026-06-17T10:06:14.263+0800][55.056s][info][gc,heap        ] GC(2150) ParOldGen: 38404K(44032K)->38404K(44032K)
[2026-06-17T10:06:14.263+0800][55.056s][info][gc,metaspace   ] GC(2150) Metaspace: 121K(320K)->121K(320K) NonClass: 114K(192K)->114K(192K) Class: 7K(128K)->7K(128K)
[2026-06-17T10:06:14.267+0800][55.060s][info][gc             ] GC(2150) Pause Young (Allocation Failure) 47M->40M(57M) 10.986ms
[2026-06-17T10:06:14.267+0800][55.060s][info][gc,cpu         ] GC(2150) User=0.00s Sys=0.01s Real=0.01s
[2026-06-17T10:06:14.279+0800][55.071s][info][gc,start       ] GC(2151) Pause Young (Allocation Failure)
[2026-06-17T10:06:14.280+0800][55.073s][info][gc,heap        ] GC(2151) PSYoungGen: 10596K(14336K)->6920K(14336K) Eden: 7129K(7168K)->0K(7168K) From: 3466K(7168K)->6920K(7168K)
[2026-06-17T10:06:14.283+0800][55.075s][info][gc,heap        ] GC(2151) ParOldGen: 38404K(44032K)->38668K(44032K)
[2026-06-17T10:06:14.283+0800][55.076s][info][gc,metaspace   ] GC(2151) Metaspace: 121K(320K)->121K(320K) NonClass: 114K(192K)->114K(192K) Class: 7K(128K)->7K(128K)
[2026-06-17T10:06:14.283+0800][55.076s][info][gc             ] GC(2151) Pause Young (Allocation Failure) 47M->44M(57M) 4.721ms
[2026-06-17T10:06:14.284+0800][55.076s][info][gc,cpu         ] GC(2151) User=0.00s Sys=0.00s Real=0.01s
[2026-06-17T10:06:14.305+0800][55.098s][info][gc,start       ] GC(2152) Pause Young (Allocation Failure)
[2026-06-17T10:06:14.306+0800][55.099s][info][gc,heap        ] GC(2152) PSYoungGen: 14077K(14336K)->5367K(14336K) Eden: 7156K(7168K)->0K(7168K) From: 6920K(7168K)->5367K(7168K)
[2026-06-17T10:06:14.306+0800][55.099s][info][gc,heap        ] GC(2152) ParOldGen: 38668K(44032K)->40519K(44032K)
[2026-06-17T10:06:14.307+0800][55.099s][info][gc,metaspace   ] GC(2152) Metaspace: 121K(320K)->121K(320K) NonClass: 114K(192K)->114K(192K) Class: 7K(128K)->7K(128K)
[2026-06-17T10:06:14.307+0800][55.100s][info][gc             ] GC(2152) Pause Young (Allocation Failure) 51M->44M(57M) 1.812ms
[2026-06-17T10:06:14.307+0800][55.100s][info][gc,cpu         ] GC(2152) User=0.00s Sys=0.00s Real=0.00s
[2026-06-17T10:06:14.318+0800][55.111s][info][gc,start       ] GC(2153) Pause Full (Allocation Failure)
[2026-06-17T10:06:14.319+0800][55.112s][info][gc,phases,start] GC(2153) Marking Phase
[2026-06-17T10:06:14.320+0800][55.113s][info][gc,phases      ] GC(2153) Marking Phase 1.024ms
[2026-06-17T10:06:14.320+0800][55.113s][info][gc,phases,start] GC(2153) Summary Phase
[2026-06-17T10:06:14.320+0800][55.113s][info][gc,phases      ] GC(2153) Summary Phase 0.240ms
[2026-06-17T10:06:14.321+0800][55.113s][info][gc,phases,start] GC(2153) Forward
[2026-06-17T10:06:14.321+0800][55.114s][info][gc,phases      ] GC(2153) Forward 0.382ms
[2026-06-17T10:06:14.321+0800][55.114s][info][gc,phases,start] GC(2153) Adjust Pointers
[2026-06-17T10:06:14.322+0800][55.115s][info][gc,phases      ] GC(2153) Adjust Pointers 0.603ms
[2026-06-17T10:06:14.322+0800][55.115s][info][gc,phases,start] GC(2153) Compaction Phase
[2026-06-17T10:06:14.324+0800][55.117s][info][gc,phases      ] GC(2153) Compaction Phase 1.789ms
[2026-06-17T10:06:14.324+0800][55.117s][info][gc,phases,start] GC(2153) Post Compact
[2026-06-17T10:06:14.324+0800][55.117s][info][gc,phases      ] GC(2153) Post Compact 0.204ms
[2026-06-17T10:06:14.324+0800][55.117s][info][gc,heap        ] GC(2153) PSYoungGen: 12526K(14336K)->0K(14336K) Eden: 7159K(7168K)->0K(7168K) From: 5367K(7168K)->0K(7168K)
[2026-06-17T10:06:14.325+0800][55.117s][info][gc,heap        ] GC(2153) ParOldGen: 40519K(44032K)->35470K(44032K)
[2026-06-17T10:06:14.325+0800][55.118s][info][gc,metaspace   ] GC(2153) Metaspace: 121K(320K)->121K(320K) NonClass: 114K(192K)->114K(192K) Class: 7K(128K)->7K(128K)
[2026-06-17T10:06:14.325+0800][55.118s][info][gc             ] GC(2153) Pause Full (Allocation Failure) 51M->34M(57M) 6.900ms
[2026-06-17T10:06:14.325+0800][55.118s][info][gc,cpu         ] GC(2153) User=0.01s Sys=0.00s Real=0.01s
[2026-06-17T10:06:14.347+0800][55.139s][info][gc,start       ] GC(2154) Pause Young (Allocation Failure)
[2026-06-17T10:06:14.347+0800][55.140s][info][gc,heap        ] GC(2154) PSYoungGen: 7128K(14336K)->3628K(14336K) Eden: 7128K(7168K)->0K(7168K) From: 0K(7168K)->3628K(7168K)
[2026-06-17T10:06:14.347+0800][55.140s][info][gc,heap        ] GC(2154) ParOldGen: 35470K(44032K)->35470K(44032K)
[2026-06-17T10:06:14.348+0800][55.141s][info][gc,metaspace   ] GC(2154) Metaspace: 121K(320K)->121K(320K) NonClass: 114K(192K)->114K(192K) Class: 7K(128K)->7K(128K)
[2026-06-17T10:06:14.348+0800][55.141s][info][gc             ] GC(2154) Pause Young (Allocation Failure) 41M->38M(57M) 1.332ms
[2026-06-17T10:06:14.348+0800][55.141s][info][gc,cpu         ] GC(2154) User=0.00s Sys=0.00s Real=0.00s
[2026-06-17T10:06:14.370+0800][55.162s][info][gc,start       ] GC(2155) Pause Young (Allocation Failure)
[2026-06-17T10:06:14.371+0800][55.163s][info][gc,heap        ] GC(2155) PSYoungGen: 10769K(14336K)->3555K(14336K) Eden: 7141K(7168K)->0K(7168K) From: 3628K(7168K)->3555K(7168K)
[2026-06-17T10:06:14.371+0800][55.164s][info][gc,heap        ] GC(2155) ParOldGen: 35470K(44032K)->35470K(44032K)
[2026-06-17T10:06:14.371+0800][55.164s][info][gc,metaspace   ] GC(2155) Metaspace: 121K(320K)->121K(320K) NonClass: 114K(192K)->114K(192K) Class: 7K(128K)->7K(128K)
[2026-06-17T10:06:14.372+0800][55.164s][info][gc             ] GC(2155) Pause Young (Allocation Failure) 45M->38M(57M) 2.093ms
[2026-06-17T10:06:14.372+0800][55.165s][info][gc,cpu         ] GC(2155) User=0.00s Sys=0.00s Real=0.01s
[2026-06-17T10:06:14.383+0800][55.176s][info][gc,start       ] GC(2156) Pause Young (Allocation Failure)
[2026-06-17T10:06:14.384+0800][55.177s][info][gc,heap        ] GC(2156) PSYoungGen: 10590K(14336K)->1646K(14336K) Eden: 7035K(7168K)->0K(7168K) From: 3555K(7168K)->1646K(7168K)
[2026-06-17T10:06:14.384+0800][55.177s][info][gc,heap        ] GC(2156) ParOldGen: 35470K(44032K)->37460K(44032K)
[2026-06-17T10:06:14.385+0800][55.178s][info][gc,metaspace   ] GC(2156) Metaspace: 121K(320K)->121K(320K) NonClass: 114K(192K)->114K(192K) Class: 7K(128K)->7K(128K)
[2026-06-17T10:06:14.385+0800][55.178s][info][gc             ] GC(2156) Pause Young (Allocation Failure) 44M->38M(57M) 2.220ms
[2026-06-17T10:06:14.386+0800][55.178s][info][gc,cpu         ] GC(2156) User=0.01s Sys=0.00s Real=0.00s
[2026-06-17T10:06:14.407+0800][55.200s][info][gc,start       ] GC(2157) Pause Young (Allocation Failure)
[2026-06-17T10:06:14.408+0800][55.201s][info][gc,heap        ] GC(2157) PSYoungGen: 8758K(14336K)->5135K(14336K) Eden: 7112K(7168K)->0K(7168K) From: 1646K(7168K)->5135K(7168K)
[2026-06-17T10:06:14.408+0800][55.201s][info][gc,heap        ] GC(2157) ParOldGen: 37460K(44032K)->37460K(44032K)
[2026-06-17T10:06:14.408+0800][55.201s][info][gc,metaspace   ] GC(2157) Metaspace: 121K(320K)->121K(320K) NonClass: 114K(192K)->114K(192K) Class: 7K(128K)->7K(128K)
[2026-06-17T10:06:14.409+0800][55.201s][info][gc             ] GC(2157) Pause Young (Allocation Failure) 45M->41M(57M) 1.686ms
[2026-06-17T10:06:14.409+0800][55.202s][info][gc,cpu         ] GC(2157) User=0.00s Sys=0.00s Real=0.00s
[2026-06-17T10:06:14.430+0800][55.223s][info][gc,start       ] GC(2158) Pause Young (Allocation Failure)
[2026-06-17T10:06:14.431+0800][55.224s][info][gc,heap        ] GC(2158) PSYoungGen: 12303K(14336K)->3677K(14336K) Eden: 7168K(7168K)->0K(7168K) From: 5135K(7168K)->3677K(7168K)
[2026-06-17T10:06:14.432+0800][55.224s][info][gc,heap        ] GC(2158) ParOldGen: 37460K(44032K)->39538K(44032K)
[2026-06-17T10:06:14.432+0800][55.225s][info][gc,metaspace   ] GC(2158) Metaspace: 121K(320K)->121K(320K) NonClass: 114K(192K)->114K(192K) Class: 7K(128K)->7K(128K)
[2026-06-17T10:06:14.432+0800][55.225s][info][gc             ] GC(2158) Pause Young (Allocation Failure) 48M->42M(57M) 2.042ms
[2026-06-17T10:06:14.433+0800][55.225s][info][gc,cpu         ] GC(2158) User=0.00s Sys=0.00s Real=0.01s
[2026-06-17T10:06:14.454+0800][55.247s][info][gc,start       ] GC(2159) Pause Young (Allocation Failure)
[2026-06-17T10:06:14.455+0800][55.248s][info][gc,heap        ] GC(2159) PSYoungGen: 10811K(14336K)->3462K(14336K) Eden: 7134K(7168K)->0K(7168K) From: 3677K(7168K)->3462K(7168K)
[2026-06-17T10:06:14.455+0800][55.248s][info][gc,heap        ] GC(2159) ParOldGen: 39538K(44032K)->39538K(44032K)
[2026-06-17T10:06:14.456+0800][55.248s][info][gc,metaspace   ] GC(2159) Metaspace: 121K(320K)->121K(320K) NonClass: 114K(192K)->114K(192K) Class: 7K(128K)->7K(128K)
[2026-06-17T10:06:14.456+0800][55.249s][info][gc             ] GC(2159) Pause Young (Allocation Failure) 49M->41M(57M) 1.980ms
[2026-06-17T10:06:14.456+0800][55.249s][info][gc,cpu         ] GC(2159) User=0.00s Sys=0.00s Real=0.00s
[2026-06-17T10:06:14.477+0800][55.270s][info][gc,start       ] GC(2160) Pause Young (Allocation Failure)
[2026-06-17T10:06:14.479+0800][55.271s][info][gc,heap        ] GC(2160) PSYoungGen: 10605K(14336K)->4158K(14336K) Eden: 7143K(7168K)->0K(7168K) From: 3462K(7168K)->4158K(7168K)
[2026-06-17T10:06:14.479+0800][55.272s][info][gc,heap        ] GC(2160) ParOldGen: 39538K(44032K)->39538K(44032K)
[2026-06-17T10:06:14.480+0800][55.272s][info][gc,metaspace   ] GC(2160) Metaspace: 121K(320K)->121K(320K) NonClass: 114K(192K)->114K(192K) Class: 7K(128K)->7K(128K)
[2026-06-17T10:06:14.480+0800][55.273s][info][gc             ] GC(2160) Pause Young (Allocation Failure) 48M->42M(57M) 2.815ms
[2026-06-17T10:06:14.481+0800][55.273s][info][gc,cpu         ] GC(2160) User=0.00s Sys=0.00s Real=0.00s
[2026-06-17T10:06:14.492+0800][55.284s][info][gc,start       ] GC(2161) Pause Young (Allocation Failure)
[2026-06-17T10:06:14.493+0800][55.286s][info][gc,heap        ] GC(2161) PSYoungGen: 11290K(14336K)->7144K(14336K) Eden: 7132K(7168K)->0K(7168K) From: 4158K(7168K)->7144K(7168K)
[2026-06-17T10:06:14.493+0800][55.286s][info][gc,heap        ] GC(2161) ParOldGen: 39538K(44032K)->40233K(44032K)
[2026-06-17T10:06:14.493+0800][55.286s][info][gc,metaspace   ] GC(2161) Metaspace: 121K(320K)->121K(320K) NonClass: 114K(192K)->114K(192K) Class: 7K(128K)->7K(128K)
[2026-06-17T10:06:14.494+0800][55.286s][info][gc             ] GC(2161) Pause Young (Allocation Failure) 49M->46M(57M) 2.014ms
[2026-06-17T10:06:14.494+0800][55.287s][info][gc,cpu         ] GC(2161) User=0.00s Sys=0.00s Real=0.00s
[2026-06-17T10:06:14.515+0800][55.308s][info][gc,start       ] GC(2162) Pause Young (Allocation Failure)
[2026-06-17T10:06:14.516+0800][55.309s][info][gc,heap        ] GC(2162) PSYoungGen: 14280K(14336K)->5992K(14336K) Eden: 7136K(7168K)->0K(7168K) From: 7144K(7168K)->5992K(7168K)
[2026-06-17T10:06:14.517+0800][55.310s][info][gc,heap        ] GC(2162) ParOldGen: 40233K(44032K)->41689K(44032K)
[2026-06-17T10:06:14.517+0800][55.310s][info][gc,metaspace   ] GC(2162) Metaspace: 121K(320K)->121K(320K) NonClass: 114K(192K)->114K(192K) Class: 7K(128K)->7K(128K)
[2026-06-17T10:06:14.518+0800][55.310s][info][gc             ] GC(2162) Pause Young (Allocation Failure) 53M->46M(57M) 2.705ms
[2026-06-17T10:06:14.518+0800][55.311s][info][gc,cpu         ] GC(2162) User=0.00s Sys=0.00s Real=0.00s
[2026-06-17T10:06:14.529+0800][55.322s][info][gc,start       ] GC(2163) Pause Full (Allocation Failure)
[2026-06-17T10:06:14.529+0800][55.322s][info][gc,phases,start] GC(2163) Marking Phase
[2026-06-17T10:06:14.530+0800][55.323s][info][gc,phases      ] GC(2163) Marking Phase 1.024ms
[2026-06-17T10:06:14.531+0800][55.323s][info][gc,phases,start] GC(2163) Summary Phase
[2026-06-17T10:06:14.531+0800][55.324s][info][gc,phases      ] GC(2163) Summary Phase 0.277ms
[2026-06-17T10:06:14.531+0800][55.324s][info][gc,phases,start] GC(2163) Forward
[2026-06-17T10:06:14.531+0800][55.324s][info][gc,phases      ] GC(2163) Forward 0.288ms
[2026-06-17T10:06:14.532+0800][55.324s][info][gc,phases,start] GC(2163) Adjust Pointers
[2026-06-17T10:06:14.532+0800][55.325s][info][gc,phases      ] GC(2163) Adjust Pointers 0.578ms
[2026-06-17T10:06:14.532+0800][55.325s][info][gc,phases,start] GC(2163) Compaction Phase
[2026-06-17T10:06:14.534+0800][55.327s][info][gc,phases      ] GC(2163) Compaction Phase 1.685ms
[2026-06-17T10:06:14.535+0800][55.327s][info][gc,phases,start] GC(2163) Post Compact
[2026-06-17T10:06:14.535+0800][55.328s][info][gc,phases      ] GC(2163) Post Compact 0.309ms
[2026-06-17T10:06:14.535+0800][55.328s][info][gc,heap        ] GC(2163) PSYoungGen: 13136K(14336K)->0K(14336K) Eden: 7143K(7168K)->0K(7168K) From: 5992K(7168K)->0K(7168K)
[2026-06-17T10:06:14.536+0800][55.328s][info][gc,heap        ] GC(2163) ParOldGen: 41689K(44032K)->27022K(44032K)
[2026-06-17T10:06:14.536+0800][55.329s][info][gc,metaspace   ] GC(2163) Metaspace: 121K(320K)->121K(320K) NonClass: 114K(192K)->114K(192K) Class: 7K(128K)->7K(128K)
[2026-06-17T10:06:14.536+0800][55.329s][info][gc             ] GC(2163) Pause Full (Allocation Failure) 53M->26M(57M) 7.410ms
[2026-06-17T10:06:14.537+0800][55.330s][info][gc,cpu         ] GC(2163) User=0.00s Sys=0.00s Real=0.01s
[2026-06-17T10:06:14.558+0800][55.351s][info][gc,start       ] GC(2164) Pause Young (Allocation Failure)
[2026-06-17T10:06:14.559+0800][55.352s][info][gc,heap        ] GC(2164) PSYoungGen: 7129K(14336K)->3772K(14336K) Eden: 7129K(7168K)->0K(7168K) From: 0K(7168K)->3772K(7168K)
[2026-06-17T10:06:14.559+0800][55.352s][info][gc,heap        ] GC(2164) ParOldGen: 27022K(44032K)->27022K(44032K)
[2026-06-17T10:06:14.559+0800][55.352s][info][gc,metaspace   ] GC(2164) Metaspace: 121K(320K)->121K(320K) NonClass: 114K(192K)->114K(192K) Class: 7K(128K)->7K(128K)
[2026-06-17T10:06:14.559+0800][55.352s][info][gc             ] GC(2164) Pause Young (Allocation Failure) 33M->30M(57M) 1.219ms
[2026-06-17T10:06:14.560+0800][55.352s][info][gc,cpu         ] GC(2164) User=0.00s Sys=0.00s Real=0.00s
[2026-06-17T10:06:14.581+0800][55.373s][info][gc,start       ] GC(2165) Pause Young (Allocation Failure)
[2026-06-17T10:06:14.583+0800][55.376s][info][gc,heap        ] GC(2165) PSYoungGen: 10928K(14336K)->3615K(14336K) Eden: 7155K(7168K)->0K(7168K) From: 3772K(7168K)->3615K(7168K)
[2026-06-17T10:06:14.588+0800][55.381s][info][gc,heap        ] GC(2165) ParOldGen: 27022K(44032K)->27337K(44032K)
[2026-06-17T10:06:14.593+0800][55.385s][info][gc,metaspace   ] GC(2165) Metaspace: 121K(320K)->121K(320K) NonClass: 114K(192K)->114K(192K) Class: 7K(128K)->7K(128K)
[2026-06-17T10:06:14.595+0800][55.388s][info][gc             ] GC(2165) Pause Young (Allocation Failure) 37M->30M(57M) 14.649ms
[2026-06-17T10:06:14.600+0800][55.392s][info][gc,cpu         ] GC(2165) User=0.01s Sys=0.00s Real=0.02s
[2026-06-17T10:06:14.626+0800][55.418s][info][gc,start       ] GC(2166) Pause Young (Allocation Failure)
[2026-06-17T10:06:14.627+0800][55.419s][info][gc,heap        ] GC(2166) PSYoungGen: 10752K(14336K)->3524K(14336K) Eden: 7137K(7168K)->0K(7168K) From: 3615K(7168K)->3524K(7168K)
[2026-06-17T10:06:14.631+0800][55.424s][info][gc,heap        ] GC(2166) ParOldGen: 27337K(44032K)->27337K(44032K)
[2026-06-17T10:06:14.631+0800][55.424s][info][gc,metaspace   ] GC(2166) Metaspace: 121K(320K)->121K(320K) NonClass: 114K(192K)->114K(192K) Class: 7K(128K)->7K(128K)
[2026-06-17T10:06:14.636+0800][55.428s][info][gc             ] GC(2166) Pause Young (Allocation Failure) 37M->30M(57M) 10.080ms
[2026-06-17T10:06:14.641+0800][55.433s][info][gc,cpu         ] GC(2166) User=0.00s Sys=0.00s Real=0.01s
[2026-06-17T10:06:14.654+0800][55.447s][info][gc,start       ] GC(2167) Pause Young (Allocation Failure)
[2026-06-17T10:06:14.659+0800][55.452s][info][gc,heap        ] GC(2167) PSYoungGen: 10692K(14336K)->5202K(14336K) Eden: 7167K(7168K)->0K(7168K) From: 3524K(7168K)->5202K(7168K)
[2026-06-17T10:06:14.659+0800][55.452s][info][gc,heap        ] GC(2167) ParOldGen: 27337K(44032K)->29302K(44032K)
[2026-06-17T10:06:14.659+0800][55.452s][info][gc,metaspace   ] GC(2167) Metaspace: 121K(320K)->121K(320K) NonClass: 114K(192K)->114K(192K) Class: 7K(128K)->7K(128K)
[2026-06-17T10:06:14.660+0800][55.452s][info][gc             ] GC(2167) Pause Young (Allocation Failure) 37M->33M(57M) 5.858ms
[2026-06-17T10:06:14.660+0800][55.453s][info][gc,cpu         ] GC(2167) User=0.00s Sys=0.00s Real=0.00s
[2026-06-17T10:06:14.681+0800][55.474s][info][gc,start       ] GC(2168) Pause Young (Allocation Failure)
[2026-06-17T10:06:14.685+0800][55.477s][info][gc,heap        ] GC(2168) PSYoungGen: 12279K(14336K)->1939K(14336K) Eden: 7077K(7168K)->0K(7168K) From: 5202K(7168K)->1939K(7168K)
[2026-06-17T10:06:14.686+0800][55.479s][info][gc,heap        ] GC(2168) ParOldGen: 29302K(44032K)->29302K(44032K)
[2026-06-17T10:06:14.688+0800][55.481s][info][gc,metaspace   ] GC(2168) Metaspace: 121K(320K)->121K(320K) NonClass: 114K(192K)->114K(192K) Class: 7K(128K)->7K(128K)
[2026-06-17T10:06:14.691+0800][55.483s][info][gc             ] GC(2168) Pause Young (Allocation Failure) 40M->30M(57M) 9.383ms
[2026-06-17T10:06:14.691+0800][55.484s][info][gc,cpu         ] GC(2168) User=0.00s Sys=0.00s Real=0.02s
[2026-06-17T10:06:14.712+0800][55.505s][info][gc,start       ] GC(2169) Pause Young (Allocation Failure)
[2026-06-17T10:06:14.717+0800][55.510s][info][gc,heap        ] GC(2169) PSYoungGen: 9075K(14336K)->3380K(14336K) Eden: 7136K(7168K)->0K(7168K) From: 1939K(7168K)->3380K(7168K)
[2026-06-17T10:06:14.722+0800][55.515s][info][gc,heap        ] GC(2169) ParOldGen: 29302K(44032K)->31218K(44032K)
[2026-06-17T10:06:14.731+0800][55.523s][info][gc,metaspace   ] GC(2169) Metaspace: 121K(320K)->121K(320K) NonClass: 114K(192K)->114K(192K) Class: 7K(128K)->7K(128K)
[2026-06-17T10:06:14.733+0800][55.526s][info][gc             ] GC(2169) Pause Young (Allocation Failure) 37M->33M(57M) 20.657ms
[2026-06-17T10:06:14.735+0800][55.528s][info][gc,cpu         ] GC(2169) User=0.00s Sys=0.00s Real=0.02s
[2026-06-17T10:06:14.750+0800][55.542s][info][gc,start       ] GC(2170) Pause Young (Allocation Failure)
[2026-06-17T10:06:14.752+0800][55.545s][info][gc,heap        ] GC(2170) PSYoungGen: 10448K(14336K)->3440K(14336K) Eden: 7067K(7168K)->0K(7168K) From: 3380K(7168K)->3440K(7168K)
[2026-06-17T10:06:14.755+0800][55.548s][info][gc,heap        ] GC(2170) ParOldGen: 31218K(44032K)->31218K(44032K)
[2026-06-17T10:06:14.757+0800][55.550s][info][gc,metaspace   ] GC(2170) Metaspace: 121K(320K)->121K(320K) NonClass: 114K(192K)->114K(192K) Class: 7K(128K)->7K(128K)
[2026-06-17T10:06:14.760+0800][55.553s][info][gc             ] GC(2170) Pause Young (Allocation Failure) 40M->33M(57M) 10.416ms
[2026-06-17T10:06:14.763+0800][55.555s][info][gc,cpu         ] GC(2170) User=0.00s Sys=0.00s Real=0.02s
[2026-06-17T10:06:14.787+0800][55.580s][info][gc,start       ] GC(2171) Pause Young (Allocation Failure)
[2026-06-17T10:06:14.791+0800][55.584s][info][gc,heap        ] GC(2171) PSYoungGen: 10589K(14336K)->7105K(14336K) Eden: 7149K(7168K)->0K(7168K) From: 3440K(7168K)->7105K(7168K)
[2026-06-17T10:06:14.793+0800][55.585s][info][gc,heap        ] GC(2171) ParOldGen: 31218K(44032K)->31218K(44032K)
[2026-06-17T10:06:14.796+0800][55.589s][info][gc,metaspace   ] GC(2171) Metaspace: 121K(320K)->121K(320K) NonClass: 114K(192K)->114K(192K) Class: 7K(128K)->7K(128K)
[2026-06-17T10:06:14.798+0800][55.591s][info][gc             ] GC(2171) Pause Young (Allocation Failure) 40M->37M(57M) 10.505ms
[2026-06-17T10:06:14.799+0800][55.592s][info][gc,cpu         ] GC(2171) User=0.00s Sys=0.00s Real=0.01s
[2026-06-17T10:06:14.812+0800][55.604s][info][gc,start       ] GC(2172) Pause Young (Allocation Failure)
[2026-06-17T10:06:14.817+0800][55.610s][info][gc,heap        ] GC(2172) PSYoungGen: 14107K(14336K)->3340K(14336K) Eden: 7002K(7168K)->0K(7168K) From: 7105K(7168K)->3340K(7168K)
[2026-06-17T10:06:14.818+0800][55.611s][info][gc,heap        ] GC(2172) ParOldGen: 31218K(44032K)->34634K(44032K)
[2026-06-17T10:06:14.818+0800][55.611s][info][gc,metaspace   ] GC(2172) Metaspace: 121K(320K)->121K(320K) NonClass: 114K(192K)->114K(192K) Class: 7K(128K)->7K(128K)
[2026-06-17T10:06:14.820+0800][55.613s][info][gc             ] GC(2172) Pause Young (Allocation Failure) 44M->37M(57M) 8.902ms
[2026-06-17T10:06:14.823+0800][55.616s][info][gc,cpu         ] GC(2172) User=0.00s Sys=0.00s Real=0.01s
[2026-06-17T10:06:14.846+0800][55.639s][info][gc,start       ] GC(2173) Pause Young (Allocation Failure)
[2026-06-17T10:06:14.849+0800][55.642s][info][gc,heap        ] GC(2173) PSYoungGen: 10498K(14336K)->3669K(14336K) Eden: 7157K(7168K)->0K(7168K) From: 3340K(7168K)->3669K(7168K)
[2026-06-17T10:06:14.852+0800][55.645s][info][gc,heap        ] GC(2173) ParOldGen: 34634K(44032K)->37950K(44032K)
[2026-06-17T10:06:14.855+0800][55.648s][info][gc,metaspace   ] GC(2173) Metaspace: 121K(320K)->121K(320K) NonClass: 114K(192K)->114K(192K) Class: 7K(128K)->7K(128K)
[2026-06-17T10:06:14.860+0800][55.652s][info][gc             ] GC(2173) Pause Young (Allocation Failure) 44M->40M(57M) 13.654ms
[2026-06-17T10:06:14.860+0800][55.653s][info][gc,cpu         ] GC(2173) User=0.00s Sys=0.00s Real=0.01s
[2026-06-17T10:06:14.881+0800][55.674s][info][gc,start       ] GC(2174) Pause Young (Allocation Failure)
[2026-06-17T10:06:14.891+0800][55.684s][info][gc,heap        ] GC(2174) PSYoungGen: 10831K(14336K)->3467K(14336K) Eden: 7162K(7168K)->0K(7168K) From: 3669K(7168K)->3467K(7168K)
[2026-06-17T10:06:14.893+0800][55.685s][info][gc,heap        ] GC(2174) ParOldGen: 37950K(44032K)->37950K(44032K)
[2026-06-17T10:06:14.893+0800][55.686s][info][gc,metaspace   ] GC(2174) Metaspace: 121K(320K)->121K(320K) NonClass: 114K(192K)->114K(192K) Class: 7K(128K)->7K(128K)
[2026-06-17T10:06:14.893+0800][55.686s][info][gc             ] GC(2174) Pause Young (Allocation Failure) 47M->40M(57M) 12.358ms
[2026-06-17T10:06:14.894+0800][55.686s][info][gc,cpu         ] GC(2174) User=0.00s Sys=0.00s Real=0.02s
[2026-06-17T10:06:14.915+0800][55.707s][info][gc,start       ] GC(2175) Pause Young (Allocation Failure)
[2026-06-17T10:06:14.922+0800][55.715s][info][gc,heap        ] GC(2175) PSYoungGen: 10617K(14336K)->1188K(14336K) Eden: 7149K(7168K)->0K(7168K) From: 3467K(7168K)->1188K(7168K)
[2026-06-17T10:06:14.925+0800][55.718s][info][gc,heap        ] GC(2175) ParOldGen: 37950K(44032K)->40288K(44032K)
[2026-06-17T10:06:14.927+0800][55.720s][info][gc,metaspace   ] GC(2175) Metaspace: 121K(320K)->121K(320K) NonClass: 114K(192K)->114K(192K) Class: 7K(128K)->7K(128K)
[2026-06-17T10:06:14.927+0800][55.720s][info][gc             ] GC(2175) Pause Young (Allocation Failure) 47M->40M(57M) 12.795ms
[2026-06-17T10:06:14.928+0800][55.721s][info][gc,cpu         ] GC(2175) User=0.00s Sys=0.00s Real=0.01s
[2026-06-17T10:06:14.939+0800][55.731s][info][gc,start       ] GC(2176) Pause Full (Allocation Failure)
[2026-06-17T10:06:14.945+0800][55.737s][info][gc,phases,start] GC(2176) Marking Phase
[2026-06-17T10:06:14.946+0800][55.739s][info][gc,phases      ] GC(2176) Marking Phase 1.729ms
[2026-06-17T10:06:14.949+0800][55.742s][info][gc,phases,start] GC(2176) Summary Phase
[2026-06-17T10:06:14.955+0800][55.748s][info][gc,phases      ] GC(2176) Summary Phase 6.152ms
[2026-06-17T10:06:14.958+0800][55.750s][info][gc,phases,start] GC(2176) Forward
[2026-06-17T10:06:14.961+0800][55.754s][info][gc,phases      ] GC(2176) Forward 3.171ms
[2026-06-17T10:06:14.966+0800][55.759s][info][gc,phases,start] GC(2176) Adjust Pointers
[2026-06-17T10:06:14.973+0800][55.766s][info][gc,phases      ] GC(2176) Adjust Pointers 7.233ms
[2026-06-17T10:06:14.976+0800][55.769s][info][gc,phases,start] GC(2176) Compaction Phase
[2026-06-17T10:06:14.978+0800][55.771s][info][gc,phases      ] GC(2176) Compaction Phase 1.935ms
[2026-06-17T10:06:14.981+0800][55.774s][info][gc,phases,start] GC(2176) Post Compact
[2026-06-17T10:06:14.985+0800][55.778s][info][gc,phases      ] GC(2176) Post Compact 3.456ms
[2026-06-17T10:06:14.988+0800][55.781s][info][gc,heap        ] GC(2176) PSYoungGen: 8356K(14336K)->0K(14336K) Eden: 7168K(7168K)->0K(7168K) From: 1188K(7168K)->0K(7168K)
[2026-06-17T10:06:14.991+0800][55.784s][info][gc,heap        ] GC(2176) ParOldGen: 40288K(44032K)->26521K(44032K)
[2026-06-17T10:06:14.997+0800][55.789s][info][gc,metaspace   ] GC(2176) Metaspace: 121K(320K)->121K(320K) NonClass: 114K(192K)->114K(192K) Class: 7K(128K)->7K(128K)
[2026-06-17T10:06:15.001+0800][55.794s][info][gc             ] GC(2176) Pause Full (Allocation Failure) 47M->25M(57M) 62.140ms
[2026-06-17T10:06:15.003+0800][55.796s][info][gc,cpu         ] GC(2176) User=0.01s Sys=0.00s Real=0.07s
[2026-06-17T10:06:15.027+0800][55.820s][info][gc,start       ] GC(2177) Pause Young (Allocation Failure)
[2026-06-17T10:06:15.031+0800][55.824s][info][gc,heap        ] GC(2177) PSYoungGen: 7167K(14336K)->3608K(14336K) Eden: 7167K(7168K)->0K(7168K) From: 0K(7168K)->3608K(7168K)
[2026-06-17T10:06:15.034+0800][55.827s][info][gc,heap        ] GC(2177) ParOldGen: 26521K(44032K)->26521K(44032K)
[2026-06-17T10:06:15.037+0800][55.830s][info][gc,metaspace   ] GC(2177) Metaspace: 121K(320K)->121K(320K) NonClass: 114K(192K)->114K(192K) Class: 7K(128K)->7K(128K)
[2026-06-17T10:06:15.040+0800][55.833s][info][gc             ] GC(2177) Pause Young (Allocation Failure) 32M->29M(57M) 12.739ms
[2026-06-17T10:06:15.046+0800][55.838s][info][gc,cpu         ] GC(2177) User=0.00s Sys=0.00s Real=0.02s
[2026-06-17T10:06:15.068+0800][55.861s][info][gc,start       ] GC(2178) Pause Young (Allocation Failure)
[2026-06-17T10:06:15.073+0800][55.866s][info][gc,heap        ] GC(2178) PSYoungGen: 10754K(14336K)->3861K(14336K) Eden: 7146K(7168K)->0K(7168K) From: 3608K(7168K)->3861K(7168K)
[2026-06-17T10:06:15.077+0800][55.870s][info][gc,heap        ] GC(2178) ParOldGen: 26521K(44032K)->26521K(44032K)
[2026-06-17T10:06:15.082+0800][55.875s][info][gc,metaspace   ] GC(2178) Metaspace: 121K(320K)->121K(320K) NonClass: 114K(192K)->114K(192K) Class: 7K(128K)->7K(128K)
[2026-06-17T10:06:15.083+0800][55.875s][info][gc             ] GC(2178) Pause Young (Allocation Failure) 36M->29M(57M) 14.389ms
[2026-06-17T10:06:15.083+0800][55.876s][info][gc,cpu         ] GC(2178) User=0.00s Sys=0.00s Real=0.02s
[2026-06-17T10:06:15.095+0800][55.887s][info][gc,start       ] GC(2179) Pause Young (Allocation Failure)
[2026-06-17T10:06:15.098+0800][55.890s][info][gc,heap        ] GC(2179) PSYoungGen: 10988K(14336K)->3897K(14848K) Eden: 7126K(7168K)->0K(7680K) From: 3861K(7168K)->3897K(7168K)
[2026-06-17T10:06:15.101+0800][55.893s][info][gc,heap        ] GC(2179) ParOldGen: 26521K(44032K)->26521K(44032K)
[2026-06-17T10:06:15.105+0800][55.898s][info][gc,metaspace   ] GC(2179) Metaspace: 121K(320K)->121K(320K) NonClass: 114K(192K)->114K(192K) Class: 7K(128K)->7K(128K)
[2026-06-17T10:06:15.113+0800][55.906s][info][gc             ] GC(2179) Pause Young (Allocation Failure) 36M->29M(57M) 18.042ms
[2026-06-17T10:06:15.118+0800][55.910s][info][gc,cpu         ] GC(2179) User=0.00s Sys=0.00s Real=0.02s
[2026-06-17T10:06:15.155+0800][55.948s][info][gc,start       ] GC(2180) Pause Young (Allocation Failure)
[2026-06-17T10:06:15.161+0800][55.954s][info][gc,heap        ] GC(2180) PSYoungGen: 11546K(14848K)->4727K(14336K) Eden: 7649K(7680K)->0K(7680K) From: 3897K(7168K)->4727K(6656K)
[2026-06-17T10:06:15.166+0800][55.959s][info][gc,heap        ] GC(2180) ParOldGen: 26521K(44032K)->26521K(44032K)
[2026-06-17T10:06:15.171+0800][55.963s][info][gc,metaspace   ] GC(2180) Metaspace: 121K(320K)->121K(320K) NonClass: 114K(192K)->114K(192K) Class: 7K(128K)->7K(128K)
[2026-06-17T10:06:15.175+0800][55.968s][info][gc             ] GC(2180) Pause Young (Allocation Failure) 37M->30M(57M) 19.672ms
[2026-06-17T10:06:15.182+0800][55.975s][info][gc,cpu         ] GC(2180) User=0.00s Sys=0.00s Real=0.02s
[2026-06-17T10:06:15.198+0800][55.991s][info][gc,start       ] GC(2181) Pause Young (Allocation Failure)
[2026-06-17T10:06:15.204+0800][55.997s][info][gc,heap        ] GC(2181) PSYoungGen: 12375K(14336K)->6635K(13824K) Eden: 7647K(7680K)->0K(7168K) From: 4727K(6656K)->6635K(6656K)
[2026-06-17T10:06:15.208+0800][56.001s][info][gc,heap        ] GC(2181) ParOldGen: 26521K(44032K)->29200K(44032K)
[2026-06-17T10:06:15.210+0800][56.003s][info][gc,metaspace   ] GC(2181) Metaspace: 121K(320K)->121K(320K) NonClass: 114K(192K)->114K(192K) Class: 7K(128K)->7K(128K)
[2026-06-17T10:06:15.210+0800][56.003s][info][gc             ] GC(2181) Pause Young (Allocation Failure) 37M->34M(56M) 12.273ms
[2026-06-17T10:06:15.211+0800][56.004s][info][gc,cpu         ] GC(2181) User=0.00s Sys=0.00s Real=0.02s
[2026-06-17T10:06:15.236+0800][56.029s][info][gc,start       ] GC(2182) Pause Young (Allocation Failure)
[2026-06-17T10:06:15.241+0800][56.034s][info][gc,heap        ] GC(2182) PSYoungGen: 13794K(13824K)->6326K(14336K) Eden: 7158K(7168K)->0K(7168K) From: 6635K(6656K)->6326K(7168K)
[2026-06-17T10:06:15.245+0800][56.037s][info][gc,heap        ] GC(2182) ParOldGen: 29200K(44032K)->29771K(44032K)
[2026-06-17T10:06:15.245+0800][56.038s][info][gc,metaspace   ] GC(2182) Metaspace: 121K(320K)->121K(320K) NonClass: 114K(192K)->114K(192K) Class: 7K(128K)->7K(128K)
[2026-06-17T10:06:15.251+0800][56.044s][info][gc             ] GC(2182) Pause Young (Allocation Failure) 41M->35M(57M) 15.496ms
[2026-06-17T10:06:15.256+0800][56.049s][info][gc,cpu         ] GC(2182) User=0.00s Sys=0.00s Real=0.02s
[2026-06-17T10:06:15.280+0800][56.073s][info][gc,start       ] GC(2183) Pause Young (Allocation Failure)
[2026-06-17T10:06:15.283+0800][56.076s][info][gc,heap        ] GC(2183) PSYoungGen: 13460K(14336K)->4134K(14336K) Eden: 7134K(7168K)->0K(7168K) From: 6326K(7168K)->4134K(7168K)
[2026-06-17T10:06:15.284+0800][56.077s][info][gc,heap        ] GC(2183) ParOldGen: 29771K(44032K)->32097K(44032K)
[2026-06-17T10:06:15.285+0800][56.078s][info][gc,metaspace   ] GC(2183) Metaspace: 121K(320K)->121K(320K) NonClass: 114K(192K)->114K(192K) Class: 7K(128K)->7K(128K)
[2026-06-17T10:06:15.286+0800][56.079s][info][gc             ] GC(2183) Pause Young (Allocation Failure) 42M->35M(57M) 5.943ms
[2026-06-17T10:06:15.288+0800][56.081s][info][gc,cpu         ] GC(2183) User=0.00s Sys=0.00s Real=0.01s
[2026-06-17T10:06:15.300+0800][56.093s][info][gc,start       ] GC(2184) Pause Young (Allocation Failure)
[2026-06-17T10:06:15.304+0800][56.096s][info][gc,heap        ] GC(2184) PSYoungGen: 11197K(14336K)->2583K(14336K) Eden: 7062K(7168K)->0K(7168K) From: 4134K(7168K)->2583K(7168K)
[2026-06-17T10:06:15.305+0800][56.098s][info][gc,heap        ] GC(2184) ParOldGen: 32097K(44032K)->33507K(44032K)
[2026-06-17T10:06:15.306+0800][56.099s][info][gc,metaspace   ] GC(2184) Metaspace: 121K(320K)->121K(320K) NonClass: 114K(192K)->114K(192K) Class: 7K(128K)->7K(128K)
[2026-06-17T10:06:15.307+0800][56.099s][info][gc             ] GC(2184) Pause Young (Allocation Failure) 42M->35M(57M) 6.896ms
[2026-06-17T10:06:15.309+0800][56.101s][info][gc,cpu         ] GC(2184) User=0.01s Sys=0.00s Real=0.01s
[2026-06-17T10:06:15.331+0800][56.124s][info][gc,start       ] GC(2185) Pause Young (Allocation Failure)
[2026-06-17T10:06:15.332+0800][56.125s][info][gc,heap        ] GC(2185) PSYoungGen: 9702K(14336K)->3665K(14336K) Eden: 7119K(7168K)->0K(7168K) From: 2583K(7168K)->3665K(7168K)
[2026-06-17T10:06:15.333+0800][56.126s][info][gc,heap        ] GC(2185) ParOldGen: 33507K(44032K)->35762K(44032K)
[2026-06-17T10:06:15.333+0800][56.126s][info][gc,metaspace   ] GC(2185) Metaspace: 121K(320K)->121K(320K) NonClass: 114K(192K)->114K(192K) Class: 7K(128K)->7K(128K)
[2026-06-17T10:06:15.334+0800][56.127s][info][gc             ] GC(2185) Pause Young (Allocation Failure) 42M->38M(57M) 2.806ms
[2026-06-17T10:06:15.335+0800][56.127s][info][gc,cpu         ] GC(2185) User=0.00s Sys=0.00s Real=0.00s
[2026-06-17T10:06:15.356+0800][56.149s][info][gc,start       ] GC(2186) Pause Young (Allocation Failure)
[2026-06-17T10:06:15.358+0800][56.150s][info][gc,heap        ] GC(2186) PSYoungGen: 10829K(14336K)->2346K(14336K) Eden: 7163K(7168K)->0K(7168K) From: 3665K(7168K)->2346K(7168K)
[2026-06-17T10:06:15.358+0800][56.151s][info][gc,heap        ] GC(2186) ParOldGen: 35762K(44032K)->37580K(44032K)
[2026-06-17T10:06:15.359+0800][56.151s][info][gc,metaspace   ] GC(2186) Metaspace: 121K(320K)->121K(320K) NonClass: 114K(192K)->114K(192K) Class: 7K(128K)->7K(128K)
[2026-06-17T10:06:15.359+0800][56.152s][info][gc             ] GC(2186) Pause Young (Allocation Failure) 45M->38M(57M) 2.562ms
[2026-06-17T10:06:15.359+0800][56.152s][info][gc,cpu         ] GC(2186) User=0.00s Sys=0.00s Real=0.00s
[2026-06-17T10:06:15.381+0800][56.174s][info][gc,start       ] GC(2187) Pause Young (Allocation Failure)
[2026-06-17T10:06:15.383+0800][56.175s][info][gc,heap        ] GC(2187) PSYoungGen: 9514K(14336K)->2333K(14336K) Eden: 7168K(7168K)->0K(7168K) From: 2346K(7168K)->2333K(7168K)
[2026-06-17T10:06:15.383+0800][56.176s][info][gc,heap        ] GC(2187) ParOldGen: 37580K(44032K)->37580K(44032K)
[2026-06-17T10:06:15.384+0800][56.177s][info][gc,metaspace   ] GC(2187) Metaspace: 121K(320K)->121K(320K) NonClass: 114K(192K)->114K(192K) Class: 7K(128K)->7K(128K)
[2026-06-17T10:06:15.384+0800][56.177s][info][gc             ] GC(2187) Pause Young (Allocation Failure) 45M->38M(57M) 3.102ms
[2026-06-17T10:06:15.385+0800][56.177s][info][gc,cpu         ] GC(2187) User=0.00s Sys=0.00s Real=0.01s
[2026-06-17T10:06:15.396+0800][56.189s][info][gc,start       ] GC(2188) Pause Young (Allocation Failure)
[2026-06-17T10:06:15.398+0800][56.190s][info][gc,heap        ] GC(2188) PSYoungGen: 9499K(14336K)->4075K(14336K) Eden: 7166K(7168K)->0K(7168K) From: 2333K(7168K)->4075K(7168K)
[2026-06-17T10:06:15.398+0800][56.191s][info][gc,heap        ] GC(2188) ParOldGen: 37580K(44032K)->39586K(44032K)
[2026-06-17T10:06:15.399+0800][56.191s][info][gc,metaspace   ] GC(2188) Metaspace: 121K(320K)->121K(320K) NonClass: 114K(192K)->114K(192K) Class: 7K(128K)->7K(128K)
[2026-06-17T10:06:15.399+0800][56.192s][info][gc             ] GC(2188) Pause Young (Allocation Failure) 45M->42M(57M) 2.998ms
[2026-06-17T10:06:15.399+0800][56.192s][info][gc,cpu         ] GC(2188) User=0.01s Sys=0.00s Real=0.00s
[2026-06-17T10:06:15.420+0800][56.213s][info][gc,start       ] GC(2189) Pause Young (Allocation Failure)
[2026-06-17T10:06:15.421+0800][56.214s][info][gc,heap        ] GC(2189) PSYoungGen: 11236K(14336K)->4904K(14336K) Eden: 7161K(7168K)->0K(7168K) From: 4075K(7168K)->4904K(7168K)
[2026-06-17T10:06:15.422+0800][56.215s][info][gc,heap        ] GC(2189) ParOldGen: 39586K(44032K)->39586K(44032K)
[2026-06-17T10:06:15.422+0800][56.215s][info][gc,metaspace   ] GC(2189) Metaspace: 121K(320K)->121K(320K) NonClass: 114K(192K)->114K(192K) Class: 7K(128K)->7K(128K)
[2026-06-17T10:06:15.422+0800][56.215s][info][gc             ] GC(2189) Pause Young (Allocation Failure) 49M->43M(57M) 1.928ms
[2026-06-17T10:06:15.423+0800][56.215s][info][gc,cpu         ] GC(2189) User=0.00s Sys=0.00s Real=0.01s
[2026-06-17T10:06:15.444+0800][56.237s][info][gc,start       ] GC(2190) Pause Young (Allocation Failure)
[2026-06-17T10:06:15.445+0800][56.238s][info][gc,heap        ] GC(2190) PSYoungGen: 12050K(14336K)->4749K(14336K) Eden: 7145K(7168K)->0K(7168K) From: 4904K(7168K)->4749K(7168K)
[2026-06-17T10:06:15.445+0800][56.238s][info][gc,heap        ] GC(2190) ParOldGen: 39586K(44032K)->39586K(44032K)
[2026-06-17T10:06:15.446+0800][56.239s][info][gc,metaspace   ] GC(2190) Metaspace: 121K(320K)->121K(320K) NonClass: 114K(192K)->114K(192K) Class: 7K(128K)->7K(128K)
[2026-06-17T10:06:15.446+0800][56.239s][info][gc             ] GC(2190) Pause Young (Allocation Failure) 50M->43M(57M) 2.161ms
[2026-06-17T10:06:15.446+0800][56.239s][info][gc,cpu         ] GC(2190) User=0.00s Sys=0.00s Real=0.00s
[2026-06-17T10:06:15.457+0800][56.250s][info][gc,start       ] GC(2191) Pause Young (Allocation Failure)
[2026-06-17T10:06:15.458+0800][56.251s][info][gc,heap        ] GC(2191) PSYoungGen: 11798K(14336K)->5027K(14336K) Eden: 7049K(7168K)->0K(7168K) From: 4749K(7168K)->5027K(7168K)
[2026-06-17T10:06:15.459+0800][56.252s][info][gc,heap        ] GC(2191) ParOldGen: 39586K(44032K)->39586K(44032K)
[2026-06-17T10:06:15.460+0800][56.252s][info][gc,metaspace   ] GC(2191) Metaspace: 121K(320K)->121K(320K) NonClass: 114K(192K)->114K(192K) Class: 7K(128K)->7K(128K)
[2026-06-17T10:06:15.460+0800][56.253s][info][gc             ] GC(2191) Pause Young (Allocation Failure) 50M->43M(57M) 2.725ms
[2026-06-17T10:06:15.460+0800][56.253s][info][gc,cpu         ] GC(2191) User=0.00s Sys=0.00s Real=0.00s
[2026-06-17T10:06:15.482+0800][56.274s][info][gc,start       ] GC(2192) Pause Young (Allocation Failure)
[2026-06-17T10:06:15.483+0800][56.276s][info][gc,heap        ] GC(2192) PSYoungGen: 12195K(14336K)->7167K(14336K) Eden: 7168K(7168K)->0K(7168K) From: 5027K(7168K)->7167K(7168K)
[2026-06-17T10:06:15.483+0800][56.276s][info][gc,heap        ] GC(2192) ParOldGen: 39586K(44032K)->41116K(44032K)
[2026-06-17T10:06:15.483+0800][56.276s][info][gc,metaspace   ] GC(2192) Metaspace: 121K(320K)->121K(320K) NonClass: 114K(192K)->114K(192K) Class: 7K(128K)->7K(128K)
[2026-06-17T10:06:15.484+0800][56.276s][info][gc             ] GC(2192) Pause Young (Allocation Failure) 50M->47M(57M) 2.035ms
[2026-06-17T10:06:15.484+0800][56.277s][info][gc,cpu         ] GC(2192) User=0.00s Sys=0.00s Real=0.01s
[2026-06-17T10:06:15.505+0800][56.298s][info][gc,start       ] GC(2193) Pause Full (Allocation Failure)
[2026-06-17T10:06:15.506+0800][56.298s][info][gc,phases,start] GC(2193) Marking Phase
[2026-06-17T10:06:15.507+0800][56.300s][info][gc,phases      ] GC(2193) Marking Phase 1.335ms
[2026-06-17T10:06:15.507+0800][56.300s][info][gc,phases,start] GC(2193) Summary Phase
[2026-06-17T10:06:15.507+0800][56.300s][info][gc,phases      ] GC(2193) Summary Phase 0.229ms
[2026-06-17T10:06:15.508+0800][56.301s][info][gc,phases,start] GC(2193) Forward
[2026-06-17T10:06:15.508+0800][56.301s][info][gc,phases      ] GC(2193) Forward 0.283ms
[2026-06-17T10:06:15.508+0800][56.301s][info][gc,phases,start] GC(2193) Adjust Pointers
[2026-06-17T10:06:15.509+0800][56.302s][info][gc,phases      ] GC(2193) Adjust Pointers 0.563ms
[2026-06-17T10:06:15.509+0800][56.302s][info][gc,phases,start] GC(2193) Compaction Phase
[2026-06-17T10:06:15.510+0800][56.303s][info][gc,phases      ] GC(2193) Compaction Phase 1.268ms
[2026-06-17T10:06:15.511+0800][56.303s][info][gc,phases,start] GC(2193) Post Compact
[2026-06-17T10:06:15.511+0800][56.304s][info][gc,phases      ] GC(2193) Post Compact 0.296ms
[2026-06-17T10:06:15.511+0800][56.304s][info][gc,heap        ] GC(2193) PSYoungGen: 14311K(14336K)->0K(14336K) Eden: 7144K(7168K)->0K(7168K) From: 7167K(7168K)->0K(7168K)
[2026-06-17T10:06:15.511+0800][56.304s][info][gc,heap        ] GC(2193) ParOldGen: 41116K(44032K)->25588K(44032K)
[2026-06-17T10:06:15.512+0800][56.304s][info][gc,metaspace   ] GC(2193) Metaspace: 121K(320K)->121K(320K) NonClass: 114K(192K)->114K(192K) Class: 7K(128K)->7K(128K)
[2026-06-17T10:06:15.512+0800][56.305s][info][gc             ] GC(2193) Pause Full (Allocation Failure) 54M->24M(57M) 6.813ms
[2026-06-17T10:06:15.512+0800][56.305s][info][gc,cpu         ] GC(2193) User=0.01s Sys=0.00s Real=0.01s
[2026-06-17T10:06:15.533+0800][56.326s][info][gc,start       ] GC(2194) Pause Young (Allocation Failure)
[2026-06-17T10:06:15.534+0800][56.327s][info][gc,heap        ] GC(2194) PSYoungGen: 7153K(14336K)->3592K(14336K) Eden: 7153K(7168K)->0K(7168K) From: 0K(7168K)->3592K(7168K)
[2026-06-17T10:06:15.535+0800][56.327s][info][gc,heap        ] GC(2194) ParOldGen: 25588K(44032K)->25588K(44032K)
[2026-06-17T10:06:15.535+0800][56.328s][info][gc,metaspace   ] GC(2194) Metaspace: 121K(320K)->121K(320K) NonClass: 114K(192K)->114K(192K) Class: 7K(128K)->7K(128K)
[2026-06-17T10:06:15.535+0800][56.328s][info][gc             ] GC(2194) Pause Young (Allocation Failure) 31M->28M(57M) 1.949ms
[2026-06-17T10:06:15.535+0800][56.328s][info][gc,cpu         ] GC(2194) User=0.00s Sys=0.00s Real=0.00s
[2026-06-17T10:06:15.546+0800][56.339s][info][gc,start       ] GC(2195) Pause Young (Allocation Failure)
[2026-06-17T10:06:15.547+0800][56.340s][info][gc,heap        ] GC(2195) PSYoungGen: 10719K(14336K)->7146K(14336K) Eden: 7127K(7168K)->0K(7168K) From: 3592K(7168K)->7146K(7168K)
[2026-06-17T10:06:15.548+0800][56.341s][info][gc,heap        ] GC(2195) ParOldGen: 25588K(44032K)->25588K(44032K)
[2026-06-17T10:06:15.548+0800][56.341s][info][gc,metaspace   ] GC(2195) Metaspace: 121K(320K)->121K(320K) NonClass: 114K(192K)->114K(192K) Class: 7K(128K)->7K(128K)
[2026-06-17T10:06:15.548+0800][56.341s][info][gc             ] GC(2195) Pause Young (Allocation Failure) 35M->31M(57M) 2.158ms
[2026-06-17T10:06:15.549+0800][56.342s][info][gc,cpu         ] GC(2195) User=0.00s Sys=0.00s Real=0.00s
[2026-06-17T10:06:15.570+0800][56.363s][info][gc,start       ] GC(2196) Pause Young (Allocation Failure)
[2026-06-17T10:06:15.571+0800][56.364s][info][gc,heap        ] GC(2196) PSYoungGen: 14305K(14336K)->4955K(14336K) Eden: 7159K(7168K)->0K(7168K) From: 7146K(7168K)->4955K(7168K)
[2026-06-17T10:06:15.572+0800][56.365s][info][gc,heap        ] GC(2196) ParOldGen: 25588K(44032K)->28031K(44032K)
[2026-06-17T10:06:15.572+0800][56.365s][info][gc,metaspace   ] GC(2196) Metaspace: 121K(320K)->121K(320K) NonClass: 114K(192K)->114K(192K) Class: 7K(128K)->7K(128K)
[2026-06-17T10:06:15.574+0800][56.366s][info][gc             ] GC(2196) Pause Young (Allocation Failure) 38M->32M(57M) 3.631ms
[2026-06-17T10:06:15.574+0800][56.367s][info][gc,cpu         ] GC(2196) User=0.00s Sys=0.00s Real=0.01s
[2026-06-17T10:06:15.597+0800][56.390s][info][gc,start       ] GC(2197) Pause Young (Allocation Failure)
[2026-06-17T10:06:15.599+0800][56.392s][info][gc,heap        ] GC(2197) PSYoungGen: 12103K(14336K)->3504K(14336K) Eden: 7147K(7168K)->0K(7168K) From: 4955K(7168K)->3504K(7168K)
[2026-06-17T10:06:15.601+0800][56.393s][info][gc,heap        ] GC(2197) ParOldGen: 28031K(44032K)->29848K(44032K)
[2026-06-17T10:06:15.603+0800][56.395s][info][gc,metaspace   ] GC(2197) Metaspace: 121K(320K)->121K(320K) NonClass: 114K(192K)->114K(192K) Class: 7K(128K)->7K(128K)
[2026-06-17T10:06:15.604+0800][56.397s][info][gc             ] GC(2197) Pause Young (Allocation Failure) 39M->32M(57M) 6.842ms
[2026-06-17T10:06:15.605+0800][56.397s][info][gc,cpu         ] GC(2197) User=0.01s Sys=0.00s Real=0.01s
[2026-06-17T10:06:15.616+0800][56.408s][info][gc,start       ] GC(2198) Pause Young (Allocation Failure)
[2026-06-17T10:06:15.616+0800][56.409s][info][gc,heap        ] GC(2198) PSYoungGen: 10647K(14336K)->3471K(14336K) Eden: 7142K(7168K)->0K(7168K) From: 3504K(7168K)->3471K(7168K)
[2026-06-17T10:06:15.617+0800][56.410s][info][gc,heap        ] GC(2198) ParOldGen: 29848K(44032K)->29848K(44032K)
[2026-06-17T10:06:15.617+0800][56.410s][info][gc,metaspace   ] GC(2198) Metaspace: 121K(320K)->121K(320K) NonClass: 114K(192K)->114K(192K) Class: 7K(128K)->7K(128K)
[2026-06-17T10:06:15.617+0800][56.410s][info][gc             ] GC(2198) Pause Young (Allocation Failure) 39M->32M(57M) 1.661ms
[2026-06-17T10:06:15.617+0800][56.410s][info][gc,cpu         ] GC(2198) User=0.00s Sys=0.00s Real=0.00s
[2026-06-17T10:06:15.639+0800][56.432s][info][gc,start       ] GC(2199) Pause Young (Allocation Failure)
[2026-06-17T10:06:15.640+0800][56.433s][info][gc,heap        ] GC(2199) PSYoungGen: 10605K(14336K)->3732K(14336K) Eden: 7134K(7168K)->0K(7168K) From: 3471K(7168K)->3732K(7168K)
[2026-06-17T10:06:15.640+0800][56.433s][info][gc,heap        ] GC(2199) ParOldGen: 29848K(44032K)->33263K(44032K)
[2026-06-17T10:06:15.640+0800][56.433s][info][gc,metaspace   ] GC(2199) Metaspace: 121K(320K)->121K(320K) NonClass: 114K(192K)->114K(192K) Class: 7K(128K)->7K(128K)
[2026-06-17T10:06:15.641+0800][56.433s][info][gc             ] GC(2199) Pause Young (Allocation Failure) 39M->36M(57M) 1.779ms
[2026-06-17T10:06:15.642+0800][56.435s][info][gc,cpu         ] GC(2199) User=0.00s Sys=0.00s Real=0.00s
[2026-06-17T10:06:15.664+0800][56.456s][info][gc,start       ] GC(2200) Pause Young (Allocation Failure)
[2026-06-17T10:06:15.665+0800][56.457s][info][gc,heap        ] GC(2200) PSYoungGen: 10893K(14336K)->3776K(14336K) Eden: 7161K(7168K)->0K(7168K) From: 3732K(7168K)->3776K(7168K)
[2026-06-17T10:06:15.665+0800][56.458s][info][gc,heap        ] GC(2200) ParOldGen: 33263K(44032K)->33263K(44032K)
[2026-06-17T10:06:15.666+0800][56.459s][info][gc,metaspace   ] GC(2200) Metaspace: 121K(320K)->121K(320K) NonClass: 114K(192K)->114K(192K) Class: 7K(128K)->7K(128K)
[2026-06-17T10:06:15.666+0800][56.459s][info][gc             ] GC(2200) Pause Young (Allocation Failure) 43M->36M(57M) 2.942ms
[2026-06-17T10:06:15.667+0800][56.460s][info][gc,cpu         ] GC(2200) User=0.00s Sys=0.00s Real=0.00s
[2026-06-17T10:06:15.688+0800][56.481s][info][gc,start       ] GC(2201) Pause Young (Allocation Failure)
[2026-06-17T10:06:15.689+0800][56.482s][info][gc,heap        ] GC(2201) PSYoungGen: 10938K(14336K)->1485K(14336K) Eden: 7161K(7168K)->0K(7168K) From: 3776K(7168K)->1485K(7168K)
[2026-06-17T10:06:15.690+0800][56.483s][info][gc,heap        ] GC(2201) ParOldGen: 33263K(44032K)->35753K(44032K)
[2026-06-17T10:06:15.691+0800][56.484s][info][gc,metaspace   ] GC(2201) Metaspace: 121K(320K)->121K(320K) NonClass: 114K(192K)->114K(192K) Class: 7K(128K)->7K(128K)
[2026-06-17T10:06:15.691+0800][56.484s][info][gc             ] GC(2201) Pause Young (Allocation Failure) 43M->36M(57M) 3.210ms
[2026-06-17T10:06:15.692+0800][56.485s][info][gc,cpu         ] GC(2201) User=0.00s Sys=0.00s Real=0.01s
[2026-06-17T10:06:15.703+0800][56.496s][info][gc,start       ] GC(2202) Pause Young (Allocation Failure)
[2026-06-17T10:06:15.704+0800][56.497s][info][gc,heap        ] GC(2202) PSYoungGen: 8630K(14336K)->5235K(14336K) Eden: 7144K(7168K)->0K(7168K) From: 1485K(7168K)->5235K(7168K)
[2026-06-17T10:06:15.705+0800][56.498s][info][gc,heap        ] GC(2202) ParOldGen: 35753K(44032K)->35753K(44032K)
[2026-06-17T10:06:15.705+0800][56.498s][info][gc,metaspace   ] GC(2202) Metaspace: 121K(320K)->121K(320K) NonClass: 114K(192K)->114K(192K) Class: 7K(128K)->7K(128K)
[2026-06-17T10:06:15.706+0800][56.499s][info][gc             ] GC(2202) Pause Young (Allocation Failure) 43M->40M(57M) 2.829ms
[2026-06-17T10:06:15.706+0800][56.499s][info][gc,cpu         ] GC(2202) User=0.00s Sys=0.00s Real=0.00s
[2026-06-17T10:06:15.728+0800][56.520s][info][gc,start       ] GC(2203) Pause Young (Allocation Failure)
[2026-06-17T10:06:15.729+0800][56.522s][info][gc,heap        ] GC(2203) PSYoungGen: 12378K(14336K)->2375K(14336K) Eden: 7142K(7168K)->0K(7168K) From: 5235K(7168K)->2375K(7168K)
[2026-06-17T10:06:15.730+0800][56.522s][info][gc,heap        ] GC(2203) ParOldGen: 35753K(44032K)->38680K(44032K)
[2026-06-17T10:06:15.730+0800][56.523s][info][gc,metaspace   ] GC(2203) Metaspace: 121K(320K)->121K(320K) NonClass: 114K(192K)->114K(192K) Class: 7K(128K)->7K(128K)
[2026-06-17T10:06:15.731+0800][56.524s][info][gc             ] GC(2203) Pause Young (Allocation Failure) 47M->40M(57M) 3.106ms
[2026-06-17T10:06:15.731+0800][56.524s][info][gc,cpu         ] GC(2203) User=0.01s Sys=0.00s Real=0.01s
[2026-06-17T10:06:15.752+0800][56.545s][info][gc,start       ] GC(2204) Pause Young (Allocation Failure)
[2026-06-17T10:06:15.753+0800][56.546s][info][gc,heap        ] GC(2204) PSYoungGen: 9541K(14336K)->2892K(14336K) Eden: 7166K(7168K)->0K(7168K) From: 2375K(7168K)->2892K(7168K)
[2026-06-17T10:06:15.753+0800][56.546s][info][gc,heap        ] GC(2204) ParOldGen: 38680K(44032K)->38680K(44032K)
[2026-06-17T10:06:15.754+0800][56.546s][info][gc,metaspace   ] GC(2204) Metaspace: 121K(320K)->121K(320K) NonClass: 114K(192K)->114K(192K) Class: 7K(128K)->7K(128K)
[2026-06-17T10:06:15.754+0800][56.546s][info][gc             ] GC(2204) Pause Young (Allocation Failure) 47M->40M(57M) 1.249ms
[2026-06-17T10:06:15.754+0800][56.547s][info][gc,cpu         ] GC(2204) User=0.00s Sys=0.00s Real=0.00s
[2026-06-17T10:06:15.765+0800][56.557s][info][gc,start       ] GC(2205) Pause Young (Allocation Failure)
[2026-06-17T10:06:15.765+0800][56.558s][info][gc,heap        ] GC(2205) PSYoungGen: 10036K(14336K)->1335K(14336K) Eden: 7144K(7168K)->0K(7168K) From: 2892K(7168K)->1335K(7168K)
[2026-06-17T10:06:15.766+0800][56.558s][info][gc,heap        ] GC(2205) ParOldGen: 38680K(44032K)->40543K(44032K)
[2026-06-17T10:06:15.766+0800][56.559s][info][gc,metaspace   ] GC(2205) Metaspace: 121K(320K)->121K(320K) NonClass: 114K(192K)->114K(192K) Class: 7K(128K)->7K(128K)
[2026-06-17T10:06:15.766+0800][56.559s][info][gc             ] GC(2205) Pause Young (Allocation Failure) 47M->40M(57M) 1.794ms
[2026-06-17T10:06:15.767+0800][56.560s][info][gc,cpu         ] GC(2205) User=0.00s Sys=0.00s Real=0.00s
[2026-06-17T10:06:15.788+0800][56.581s][info][gc,start       ] GC(2206) Pause Full (Allocation Failure)
[2026-06-17T10:06:15.788+0800][56.581s][info][gc,phases,start] GC(2206) Marking Phase
[2026-06-17T10:06:15.789+0800][56.582s][info][gc,phases      ] GC(2206) Marking Phase 0.916ms
[2026-06-17T10:06:15.789+0800][56.582s][info][gc,phases,start] GC(2206) Summary Phase
[2026-06-17T10:06:15.790+0800][56.582s][info][gc,phases      ] GC(2206) Summary Phase 0.137ms
[2026-06-17T10:06:15.790+0800][56.582s][info][gc,phases,start] GC(2206) Forward
[2026-06-17T10:06:15.790+0800][56.583s][info][gc,phases      ] GC(2206) Forward 0.211ms
[2026-06-17T10:06:15.790+0800][56.583s][info][gc,phases,start] GC(2206) Adjust Pointers
[2026-06-17T10:06:15.791+0800][56.583s][info][gc,phases      ] GC(2206) Adjust Pointers 0.517ms
[2026-06-17T10:06:15.791+0800][56.584s][info][gc,phases,start] GC(2206) Compaction Phase
[2026-06-17T10:06:15.792+0800][56.585s][info][gc,phases      ] GC(2206) Compaction Phase 1.397ms
[2026-06-17T10:06:15.793+0800][56.585s][info][gc,phases,start] GC(2206) Post Compact
[2026-06-17T10:06:15.793+0800][56.585s][info][gc,phases      ] GC(2206) Post Compact 0.178ms
[2026-06-17T10:06:15.793+0800][56.586s][info][gc,heap        ] GC(2206) PSYoungGen: 8489K(14336K)->0K(14336K) Eden: 7154K(7168K)->0K(7168K) From: 1335K(7168K)->0K(7168K)
[2026-06-17T10:06:15.793+0800][56.586s][info][gc,heap        ] GC(2206) ParOldGen: 40543K(44032K)->32884K(44032K)
[2026-06-17T10:06:15.793+0800][56.586s][info][gc,metaspace   ] GC(2206) Metaspace: 121K(320K)->121K(320K) NonClass: 114K(192K)->114K(192K) Class: 7K(128K)->7K(128K)
[2026-06-17T10:06:15.793+0800][56.586s][info][gc             ] GC(2206) Pause Full (Allocation Failure) 47M->32M(57M) 5.321ms
[2026-06-17T10:06:15.793+0800][56.586s][info][gc,cpu         ] GC(2206) User=0.00s Sys=0.00s Real=0.01s
[2026-06-17T10:06:15.815+0800][56.607s][info][gc,start       ] GC(2207) Pause Young (Allocation Failure)
[2026-06-17T10:06:15.815+0800][56.608s][info][gc,heap        ] GC(2207) PSYoungGen: 7126K(14336K)->3734K(14336K) Eden: 7126K(7168K)->0K(7168K) From: 0K(7168K)->3734K(7168K)
[2026-06-17T10:06:15.816+0800][56.608s][info][gc,heap        ] GC(2207) ParOldGen: 32884K(44032K)->32884K(44032K)
[2026-06-17T10:06:15.816+0800][56.609s][info][gc,metaspace   ] GC(2207) Metaspace: 121K(320K)->121K(320K) NonClass: 114K(192K)->114K(192K) Class: 7K(128K)->7K(128K)
[2026-06-17T10:06:15.816+0800][56.609s][info][gc             ] GC(2207) Pause Young (Allocation Failure) 39M->35M(57M) 1.480ms
[2026-06-17T10:06:15.816+0800][56.609s][info][gc,cpu         ] GC(2207) User=0.01s Sys=0.00s Real=0.00s
[2026-06-17T10:06:15.837+0800][56.630s][info][gc,start       ] GC(2208) Pause Young (Allocation Failure)
[2026-06-17T10:06:15.838+0800][56.631s][info][gc,heap        ] GC(2208) PSYoungGen: 10880K(14336K)->3584K(14336K) Eden: 7145K(7168K)->0K(7168K) From: 3734K(7168K)->3584K(7168K)
[2026-06-17T10:06:15.838+0800][56.631s][info][gc,heap        ] GC(2208) ParOldGen: 32884K(44032K)->32884K(44032K)
[2026-06-17T10:06:15.838+0800][56.631s][info][gc,metaspace   ] GC(2208) Metaspace: 121K(320K)->121K(320K) NonClass: 114K(192K)->114K(192K) Class: 7K(128K)->7K(128K)
[2026-06-17T10:06:15.839+0800][56.631s][info][gc             ] GC(2208) Pause Young (Allocation Failure) 42M->35M(57M) 1.368ms
[2026-06-17T10:06:15.839+0800][56.631s][info][gc,cpu         ] GC(2208) User=0.00s Sys=0.00s Real=0.00s
[2026-06-17T10:06:15.850+0800][56.642s][info][gc,start       ] GC(2209) Pause Young (Allocation Failure)
[2026-06-17T10:06:15.851+0800][56.643s][info][gc,heap        ] GC(2209) PSYoungGen: 10707K(14336K)->7084K(14336K) Eden: 7123K(7168K)->0K(7168K) From: 3584K(7168K)->7084K(7168K)
[2026-06-17T10:06:15.851+0800][56.644s][info][gc,heap        ] GC(2209) ParOldGen: 32884K(44032K)->32884K(44032K)
[2026-06-17T10:06:15.851+0800][56.644s][info][gc,metaspace   ] GC(2209) Metaspace: 121K(320K)->121K(320K) NonClass: 114K(192K)->114K(192K) Class: 7K(128K)->7K(128K)
[2026-06-17T10:06:15.851+0800][56.644s][info][gc             ] GC(2209) Pause Young (Allocation Failure) 42M->39M(57M) 1.871ms
[2026-06-17T10:06:15.852+0800][56.644s][info][gc,cpu         ] GC(2209) User=0.00s Sys=0.00s Real=0.01s
[2026-06-17T10:06:15.873+0800][56.665s][info][gc,start       ] GC(2210) Pause Young (Allocation Failure)
[2026-06-17T10:06:15.874+0800][56.666s][info][gc,heap        ] GC(2210) PSYoungGen: 14234K(14336K)->4475K(14336K) Eden: 7149K(7168K)->0K(7168K) From: 7084K(7168K)->4475K(7168K)
[2026-06-17T10:06:15.874+0800][56.667s][info][gc,heap        ] GC(2210) ParOldGen: 32884K(44032K)->35664K(44032K)
[2026-06-17T10:06:15.874+0800][56.667s][info][gc,metaspace   ] GC(2210) Metaspace: 121K(320K)->121K(320K) NonClass: 114K(192K)->114K(192K) Class: 7K(128K)->7K(128K)
[2026-06-17T10:06:15.874+0800][56.667s][info][gc             ] GC(2210) Pause Young (Allocation Failure) 46M->39M(57M) 1.670ms
[2026-06-17T10:06:15.875+0800][56.667s][info][gc,cpu         ] GC(2210) User=0.00s Sys=0.00s Real=0.00s
[2026-06-17T10:06:15.885+0800][56.678s][info][gc,start       ] GC(2211) Pause Young (Allocation Failure)
[2026-06-17T10:06:15.887+0800][56.679s][info][gc,heap        ] GC(2211) PSYoungGen: 11643K(14336K)->5968K(14336K) Eden: 7168K(7168K)->0K(7168K) From: 4475K(7168K)->5968K(7168K)
[2026-06-17T10:06:15.887+0800][56.680s][info][gc,heap        ] GC(2211) ParOldGen: 35664K(44032K)->37637K(44032K)
[2026-06-17T10:06:15.887+0800][56.680s][info][gc,metaspace   ] GC(2211) Metaspace: 121K(320K)->121K(320K) NonClass: 114K(192K)->114K(192K) Class: 7K(128K)->7K(128K)
[2026-06-17T10:06:15.888+0800][56.680s][info][gc             ] GC(2211) Pause Young (Allocation Failure) 46M->42M(57M) 2.276ms
[2026-06-17T10:06:15.888+0800][56.681s][info][gc,cpu         ] GC(2211) User=0.00s Sys=0.00s Real=0.00s
[2026-06-17T10:06:15.909+0800][56.702s][info][gc,start       ] GC(2212) Pause Young (Allocation Failure)
[2026-06-17T10:06:15.911+0800][56.704s][info][gc,heap        ] GC(2212) PSYoungGen: 13136K(14336K)->2530K(14336K) Eden: 7168K(7168K)->0K(7168K) From: 5968K(7168K)->2530K(7168K)
[2026-06-17T10:06:15.911+0800][56.704s][info][gc,heap        ] GC(2212) ParOldGen: 37637K(44032K)->40904K(44032K)
[2026-06-17T10:06:15.912+0800][56.705s][info][gc,metaspace   ] GC(2212) Metaspace: 121K(320K)->121K(320K) NonClass: 114K(192K)->114K(192K) Class: 7K(128K)->7K(128K)
[2026-06-17T10:06:15.913+0800][56.706s][info][gc             ] GC(2212) Pause Young (Allocation Failure) 49M->42M(57M) 3.763ms
[2026-06-17T10:06:15.913+0800][56.706s][info][gc,cpu         ] GC(2212) User=0.00s Sys=0.00s Real=0.01s
[2026-06-17T10:06:15.934+0800][56.727s][info][gc,start       ] GC(2213) Pause Full (Allocation Failure)
[2026-06-17T10:06:15.935+0800][56.728s][info][gc,phases,start] GC(2213) Marking Phase
[2026-06-17T10:06:15.936+0800][56.729s][info][gc,phases      ] GC(2213) Marking Phase 1.640ms
[2026-06-17T10:06:15.937+0800][56.730s][info][gc,phases,start] GC(2213) Summary Phase
[2026-06-17T10:06:15.937+0800][56.730s][info][gc,phases      ] GC(2213) Summary Phase 0.249ms
[2026-06-17T10:06:15.937+0800][56.730s][info][gc,phases,start] GC(2213) Forward
[2026-06-17T10:06:15.937+0800][56.730s][info][gc,phases      ] GC(2213) Forward 0.279ms
[2026-06-17T10:06:15.938+0800][56.730s][info][gc,phases,start] GC(2213) Adjust Pointers
[2026-06-17T10:06:15.938+0800][56.731s][info][gc,phases      ] GC(2213) Adjust Pointers 0.758ms
[2026-06-17T10:06:15.940+0800][56.733s][info][gc,phases,start] GC(2213) Compaction Phase
[2026-06-17T10:06:15.942+0800][56.735s][info][gc,phases      ] GC(2213) Compaction Phase 1.975ms
[2026-06-17T10:06:15.943+0800][56.736s][info][gc,phases,start] GC(2213) Post Compact
[2026-06-17T10:06:15.943+0800][56.736s][info][gc,phases      ] GC(2213) Post Compact 0.315ms
[2026-06-17T10:06:15.943+0800][56.736s][info][gc,heap        ] GC(2213) PSYoungGen: 9698K(14336K)->0K(14336K) Eden: 7168K(7168K)->0K(7168K) From: 2530K(7168K)->0K(7168K)
[2026-06-17T10:06:15.943+0800][56.736s][info][gc,heap        ] GC(2213) ParOldGen: 40904K(44032K)->24371K(44032K)
[2026-06-17T10:06:15.944+0800][56.736s][info][gc,metaspace   ] GC(2213) Metaspace: 121K(320K)->121K(320K) NonClass: 114K(192K)->114K(192K) Class: 7K(128K)->7K(128K)
[2026-06-17T10:06:15.944+0800][56.737s][info][gc             ] GC(2213) Pause Full (Allocation Failure) 49M->23M(57M) 9.466ms
[2026-06-17T10:06:15.944+0800][56.737s][info][gc,cpu         ] GC(2213) User=0.01s Sys=0.00s Real=0.01s
[2026-06-17T10:06:15.955+0800][56.748s][info][gc,start       ] GC(2214) Pause Young (Allocation Failure)
[2026-06-17T10:06:15.956+0800][56.748s][info][gc,heap        ] GC(2214) PSYoungGen: 6969K(14336K)->3483K(14336K) Eden: 6969K(7168K)->0K(7168K) From: 0K(7168K)->3483K(7168K)
[2026-06-17T10:06:15.956+0800][56.749s][info][gc,heap        ] GC(2214) ParOldGen: 24371K(44032K)->24371K(44032K)
[2026-06-17T10:06:15.956+0800][56.749s][info][gc,metaspace   ] GC(2214) Metaspace: 121K(320K)->121K(320K) NonClass: 114K(192K)->114K(192K) Class: 7K(128K)->7K(128K)
[2026-06-17T10:06:15.957+0800][56.749s][info][gc             ] GC(2214) Pause Young (Allocation Failure) 30M->27M(57M) 1.885ms
[2026-06-17T10:06:15.957+0800][56.750s][info][gc,cpu         ] GC(2214) User=0.00s Sys=0.01s Real=0.00s
[2026-06-17T10:06:15.978+0800][56.771s][info][gc,start       ] GC(2215) Pause Young (Allocation Failure)
[2026-06-17T10:06:15.979+0800][56.772s][info][gc,heap        ] GC(2215) PSYoungGen: 10626K(14336K)->7081K(14336K) Eden: 7143K(7168K)->0K(7168K) From: 3483K(7168K)->7081K(7168K)
[2026-06-17T10:06:15.980+0800][56.772s][info][gc,heap        ] GC(2215) ParOldGen: 24371K(44032K)->24371K(44032K)
[2026-06-17T10:06:15.980+0800][56.773s][info][gc,metaspace   ] GC(2215) Metaspace: 121K(320K)->121K(320K) NonClass: 114K(192K)->114K(192K) Class: 7K(128K)->7K(128K)
[2026-06-17T10:06:15.980+0800][56.773s][info][gc             ] GC(2215) Pause Young (Allocation Failure) 34M->30M(57M) 1.799ms
[2026-06-17T10:06:15.980+0800][56.773s][info][gc,cpu         ] GC(2215) User=0.00s Sys=0.00s Real=0.00s
[2026-06-17T10:06:16.001+0800][56.794s][info][gc,start       ] GC(2216) Pause Young (Allocation Failure)
[2026-06-17T10:06:16.002+0800][56.795s][info][gc,heap        ] GC(2216) PSYoungGen: 14209K(14336K)->2888K(14336K) Eden: 7128K(7168K)->0K(7168K) From: 7081K(7168K)->2888K(7168K)
[2026-06-17T10:06:16.003+0800][56.796s][info][gc,heap        ] GC(2216) ParOldGen: 24371K(44032K)->28704K(44032K)
[2026-06-17T10:06:16.003+0800][56.796s][info][gc,metaspace   ] GC(2216) Metaspace: 121K(320K)->121K(320K) NonClass: 114K(192K)->114K(192K) Class: 7K(128K)->7K(128K)
[2026-06-17T10:06:16.003+0800][56.796s][info][gc             ] GC(2216) Pause Young (Allocation Failure) 37M->30M(57M) 2.049ms
[2026-06-17T10:06:16.004+0800][56.797s][info][gc,cpu         ] GC(2216) User=0.00s Sys=0.00s Real=0.01s
[2026-06-17T10:06:16.025+0800][56.818s][info][gc,start       ] GC(2217) Pause Young (Allocation Failure)
[2026-06-17T10:06:16.026+0800][56.819s][info][gc,heap        ] GC(2217) PSYoungGen: 10037K(14336K)->2862K(14336K) Eden: 7149K(7168K)->0K(7168K) From: 2888K(7168K)->2862K(7168K)
[2026-06-17T10:06:16.026+0800][56.819s][info][gc,heap        ] GC(2217) ParOldGen: 28704K(44032K)->28704K(44032K)
[2026-06-17T10:06:16.026+0800][56.819s][info][gc,metaspace   ] GC(2217) Metaspace: 121K(320K)->121K(320K) NonClass: 114K(192K)->114K(192K) Class: 7K(128K)->7K(128K)
[2026-06-17T10:06:16.027+0800][56.819s][info][gc             ] GC(2217) Pause Young (Allocation Failure) 37M->30M(57M) 1.726ms
[2026-06-17T10:06:16.027+0800][56.820s][info][gc,cpu         ] GC(2217) User=0.00s Sys=0.00s Real=0.00s
[2026-06-17T10:06:16.038+0800][56.831s][info][gc,start       ] GC(2218) Pause Young (Allocation Failure)
[2026-06-17T10:06:16.039+0800][56.832s][info][gc,heap        ] GC(2218) PSYoungGen: 10030K(14336K)->4683K(14336K) Eden: 7167K(7168K)->0K(7168K) From: 2862K(7168K)->4683K(7168K)
[2026-06-17T10:06:16.040+0800][56.832s][info][gc,heap        ] GC(2218) ParOldGen: 28704K(44032K)->30666K(44032K)
[2026-06-17T10:06:16.040+0800][56.833s][info][gc,metaspace   ] GC(2218) Metaspace: 121K(320K)->121K(320K) NonClass: 114K(192K)->114K(192K) Class: 7K(128K)->7K(128K)
[2026-06-17T10:06:16.040+0800][56.833s][info][gc             ] GC(2218) Pause Young (Allocation Failure) 37M->34M(57M) 2.042ms
[2026-06-17T10:06:16.040+0800][56.833s][info][gc,cpu         ] GC(2218) User=0.00s Sys=0.00s Real=0.00s
[2026-06-17T10:06:16.061+0800][56.854s][info][gc,start       ] GC(2219) Pause Young (Allocation Failure)
[2026-06-17T10:06:16.062+0800][56.855s][info][gc,heap        ] GC(2219) PSYoungGen: 11810K(14336K)->4805K(14336K) Eden: 7126K(7168K)->0K(7168K) From: 4683K(7168K)->4805K(7168K)
[2026-06-17T10:06:16.063+0800][56.856s][info][gc,heap        ] GC(2219) ParOldGen: 30666K(44032K)->30666K(44032K)
[2026-06-17T10:06:16.063+0800][56.856s][info][gc,metaspace   ] GC(2219) Metaspace: 121K(320K)->121K(320K) NonClass: 114K(192K)->114K(192K) Class: 7K(128K)->7K(128K)
[2026-06-17T10:06:16.063+0800][56.856s][info][gc             ] GC(2219) Pause Young (Allocation Failure) 41M->34M(57M) 1.881ms
[2026-06-17T10:06:16.064+0800][56.856s][info][gc,cpu         ] GC(2219) User=0.00s Sys=0.00s Real=0.01s
[2026-06-17T10:06:16.085+0800][56.877s][info][gc,start       ] GC(2220) Pause Young (Allocation Failure)
[2026-06-17T10:06:16.086+0800][56.879s][info][gc,heap        ] GC(2220) PSYoungGen: 11970K(14336K)->3213K(14336K) Eden: 7165K(7168K)->0K(7168K) From: 4805K(7168K)->3213K(7168K)
[2026-06-17T10:06:16.087+0800][56.879s][info][gc,heap        ] GC(2220) ParOldGen: 30666K(44032K)->32799K(44032K)
[2026-06-17T10:06:16.087+0800][56.880s][info][gc,metaspace   ] GC(2220) Metaspace: 121K(320K)->121K(320K) NonClass: 114K(192K)->114K(192K) Class: 7K(128K)->7K(128K)
[2026-06-17T10:06:16.088+0800][56.881s][info][gc             ] GC(2220) Pause Young (Allocation Failure) 41M->35M(57M) 3.456ms
[2026-06-17T10:06:16.089+0800][56.882s][info][gc,cpu         ] GC(2220) User=0.00s Sys=0.00s Real=0.00s
[2026-06-17T10:06:16.101+0800][56.894s][info][gc,start       ] GC(2221) Pause Young (Allocation Failure)
[2026-06-17T10:06:16.103+0800][56.896s][info][gc,heap        ] GC(2221) PSYoungGen: 10252K(14336K)->3238K(14336K) Eden: 7038K(7168K)->0K(7168K) From: 3213K(7168K)->3238K(7168K)
[2026-06-17T10:06:16.107+0800][56.900s][info][gc,heap        ] GC(2221) ParOldGen: 32799K(44032K)->32799K(44032K)
[2026-06-17T10:06:16.109+0800][56.901s][info][gc,metaspace   ] GC(2221) Metaspace: 121K(320K)->121K(320K) NonClass: 114K(192K)->114K(192K) Class: 7K(128K)->7K(128K)
[2026-06-17T10:06:16.111+0800][56.904s][info][gc             ] GC(2221) Pause Young (Allocation Failure) 42M->35M(57M) 10.165ms
[2026-06-17T10:06:16.113+0800][56.905s][info][gc,cpu         ] GC(2221) User=0.00s Sys=0.00s Real=0.02s
[2026-06-17T10:06:16.136+0800][56.929s][info][gc,start       ] GC(2222) Pause Young (Allocation Failure)
[2026-06-17T10:06:16.138+0800][56.931s][info][gc,heap        ] GC(2222) PSYoungGen: 10376K(14336K)->3552K(14336K) Eden: 7138K(7168K)->0K(7168K) From: 3238K(7168K)->3552K(7168K)
[2026-06-17T10:06:16.139+0800][56.932s][info][gc,heap        ] GC(2222) ParOldGen: 32799K(44032K)->36021K(44032K)
[2026-06-17T10:06:16.140+0800][56.932s][info][gc,metaspace   ] GC(2222) Metaspace: 121K(320K)->121K(320K) NonClass: 114K(192K)->114K(192K) Class: 7K(128K)->7K(128K)
[2026-06-17T10:06:16.140+0800][56.933s][info][gc             ] GC(2222) Pause Young (Allocation Failure) 42M->38M(57M) 4.243ms
[2026-06-17T10:06:16.141+0800][56.934s][info][gc,cpu         ] GC(2222) User=0.00s Sys=0.00s Real=0.00s
[2026-06-17T10:06:16.153+0800][56.946s][info][gc,start       ] GC(2223) Pause Young (Allocation Failure)
[2026-06-17T10:06:16.154+0800][56.947s][info][gc,heap        ] GC(2223) PSYoungGen: 10640K(14336K)->3833K(14336K) Eden: 7087K(7168K)->0K(7168K) From: 3552K(7168K)->3833K(7168K)
[2026-06-17T10:06:16.155+0800][56.948s][info][gc,heap        ] GC(2223) ParOldGen: 36021K(44032K)->36021K(44032K)
[2026-06-17T10:06:16.155+0800][56.948s][info][gc,metaspace   ] GC(2223) Metaspace: 121K(320K)->121K(320K) NonClass: 114K(192K)->114K(192K) Class: 7K(128K)->7K(128K)
[2026-06-17T10:06:16.156+0800][56.949s][info][gc             ] GC(2223) Pause Young (Allocation Failure) 45M->38M(57M) 2.866ms
[2026-06-17T10:06:16.156+0800][56.949s][info][gc,cpu         ] GC(2223) User=0.00s Sys=0.00s Real=0.00s
[2026-06-17T10:06:16.178+0800][56.971s][info][gc,start       ] GC(2224) Pause Young (Allocation Failure)
[2026-06-17T10:06:16.179+0800][56.972s][info][gc,heap        ] GC(2224) PSYoungGen: 11001K(14336K)->6801K(14336K) Eden: 7167K(7168K)->0K(7168K) From: 3833K(7168K)->6801K(7168K)
[2026-06-17T10:06:16.180+0800][56.973s][info][gc,heap        ] GC(2224) ParOldGen: 36021K(44032K)->36770K(44032K)
[2026-06-17T10:06:16.180+0800][56.973s][info][gc,metaspace   ] GC(2224) Metaspace: 121K(320K)->121K(320K) NonClass: 114K(192K)->114K(192K) Class: 7K(128K)->7K(128K)
[2026-06-17T10:06:16.181+0800][56.973s][info][gc             ] GC(2224) Pause Young (Allocation Failure) 45M->42M(57M) 2.751ms
[2026-06-17T10:06:16.181+0800][56.974s][info][gc,cpu         ] GC(2224) User=0.01s Sys=0.00s Real=0.00s
[2026-06-17T10:06:16.202+0800][56.995s][info][gc,start       ] GC(2225) Pause Young (Allocation Failure)
[2026-06-17T10:06:16.204+0800][56.996s][info][gc,heap        ] GC(2225) PSYoungGen: 13962K(14336K)->4141K(14336K) Eden: 7161K(7168K)->0K(7168K) From: 6801K(7168K)->4141K(7168K)
[2026-06-17T10:06:16.204+0800][56.997s][info][gc,heap        ] GC(2225) ParOldGen: 36770K(44032K)->39831K(44032K)
[2026-06-17T10:06:16.204+0800][56.997s][info][gc,metaspace   ] GC(2225) Metaspace: 121K(320K)->121K(320K) NonClass: 114K(192K)->114K(192K) Class: 7K(128K)->7K(128K)
[2026-06-17T10:06:16.204+0800][56.997s][info][gc             ] GC(2225) Pause Young (Allocation Failure) 49M->42M(57M) 1.975ms
[2026-06-17T10:06:16.204+0800][56.997s][info][gc,cpu         ] GC(2225) User=0.00s Sys=0.00s Real=0.01s
[2026-06-17T10:06:16.225+0800][57.018s][info][gc,start       ] GC(2226) Pause Full (Allocation Failure)
[2026-06-17T10:06:16.227+0800][57.019s][info][gc,phases,start] GC(2226) Marking Phase
[2026-06-17T10:06:16.228+0800][57.021s][info][gc,phases      ] GC(2226) Marking Phase 1.327ms
[2026-06-17T10:06:16.228+0800][57.021s][info][gc,phases,start] GC(2226) Summary Phase
[2026-06-17T10:06:16.228+0800][57.021s][info][gc,phases      ] GC(2226) Summary Phase 0.292ms
[2026-06-17T10:06:16.229+0800][57.021s][info][gc,phases,start] GC(2226) Forward
[2026-06-17T10:06:16.229+0800][57.022s][info][gc,phases      ] GC(2226) Forward 0.425ms
[2026-06-17T10:06:16.229+0800][57.022s][info][gc,phases,start] GC(2226) Adjust Pointers
[2026-06-17T10:06:16.231+0800][57.023s][info][gc,phases      ] GC(2226) Adjust Pointers 1.149ms
[2026-06-17T10:06:16.231+0800][57.024s][info][gc,phases,start] GC(2226) Compaction Phase
[2026-06-17T10:06:16.233+0800][57.026s][info][gc,phases      ] GC(2226) Compaction Phase 1.785ms
[2026-06-17T10:06:16.233+0800][57.026s][info][gc,phases,start] GC(2226) Post Compact
[2026-06-17T10:06:16.233+0800][57.026s][info][gc,phases      ] GC(2226) Post Compact 0.209ms
[2026-06-17T10:06:16.233+0800][57.026s][info][gc,heap        ] GC(2226) PSYoungGen: 11299K(14336K)->0K(14336K) Eden: 7158K(7168K)->0K(7168K) From: 4141K(7168K)->0K(7168K)
[2026-06-17T10:06:16.234+0800][57.026s][info][gc,heap        ] GC(2226) ParOldGen: 39831K(44032K)->31241K(44032K)
[2026-06-17T10:06:16.234+0800][57.026s][info][gc,metaspace   ] GC(2226) Metaspace: 121K(320K)->121K(320K) NonClass: 114K(192K)->114K(192K) Class: 7K(128K)->7K(128K)
[2026-06-17T10:06:16.234+0800][57.027s][info][gc             ] GC(2226) Pause Full (Allocation Failure) 49M->30M(57M) 8.390ms
[2026-06-17T10:06:16.234+0800][57.027s][info][gc,cpu         ] GC(2226) User=0.00s Sys=0.00s Real=0.01s
[2026-06-17T10:06:16.255+0800][57.048s][info][gc,start       ] GC(2227) Pause Young (Allocation Failure)
[2026-06-17T10:06:16.256+0800][57.049s][info][gc,heap        ] GC(2227) PSYoungGen: 7165K(14336K)->3657K(14336K) Eden: 7165K(7168K)->0K(7168K) From: 0K(7168K)->3657K(7168K)
[2026-06-17T10:06:16.256+0800][57.049s][info][gc,heap        ] GC(2227) ParOldGen: 31241K(44032K)->31241K(44032K)
[2026-06-17T10:06:16.257+0800][57.049s][info][gc,metaspace   ] GC(2227) Metaspace: 121K(320K)->121K(320K) NonClass: 114K(192K)->114K(192K) Class: 7K(128K)->7K(128K)
[2026-06-17T10:06:16.257+0800][57.050s][info][gc             ] GC(2227) Pause Young (Allocation Failure) 37M->34M(57M) 1.746ms
[2026-06-17T10:06:16.257+0800][57.050s][info][gc,cpu         ] GC(2227) User=0.00s Sys=0.00s Real=0.00s
[2026-06-17T10:06:16.268+0800][57.061s][info][gc,start       ] GC(2228) Pause Young (Allocation Failure)
[2026-06-17T10:06:16.270+0800][57.062s][info][gc,heap        ] GC(2228) PSYoungGen: 10780K(14336K)->3847K(14336K) Eden: 7123K(7168K)->0K(7168K) From: 3657K(7168K)->3847K(7168K)
[2026-06-17T10:06:16.270+0800][57.063s][info][gc,heap        ] GC(2228) ParOldGen: 31241K(44032K)->31241K(44032K)
[2026-06-17T10:06:16.271+0800][57.064s][info][gc,metaspace   ] GC(2228) Metaspace: 121K(320K)->121K(320K) NonClass: 114K(192K)->114K(192K) Class: 7K(128K)->7K(128K)
[2026-06-17T10:06:16.275+0800][57.068s][info][gc             ] GC(2228) Pause Young (Allocation Failure) 41M->34M(57M) 6.907ms
[2026-06-17T10:06:16.275+0800][57.068s][info][gc,cpu         ] GC(2228) User=0.00s Sys=0.00s Real=0.01s
[2026-06-17T10:06:16.297+0800][57.089s][info][gc,start       ] GC(2229) Pause Young (Allocation Failure)
[2026-06-17T10:06:16.299+0800][57.092s][info][gc,heap        ] GC(2229) PSYoungGen: 10981K(14336K)->4888K(14336K) Eden: 7133K(7168K)->0K(7168K) From: 3847K(7168K)->4888K(7168K)
[2026-06-17T10:06:16.300+0800][57.092s][info][gc,heap        ] GC(2229) ParOldGen: 31241K(44032K)->34136K(44032K)
[2026-06-17T10:06:16.300+0800][57.093s][info][gc,metaspace   ] GC(2229) Metaspace: 121K(320K)->121K(320K) NonClass: 114K(192K)->114K(192K) Class: 7K(128K)->7K(128K)
[2026-06-17T10:06:16.301+0800][57.094s][info][gc             ] GC(2229) Pause Young (Allocation Failure) 41M->38M(57M) 4.379ms
[2026-06-17T10:06:16.304+0800][57.097s][info][gc,cpu         ] GC(2229) User=0.00s Sys=0.00s Real=0.01s
[2026-06-17T10:06:16.326+0800][57.119s][info][gc,start       ] GC(2230) Pause Young (Allocation Failure)
[2026-06-17T10:06:16.327+0800][57.119s][info][gc,heap        ] GC(2230) PSYoungGen: 12042K(14336K)->4103K(14336K) Eden: 7153K(7168K)->0K(7168K) From: 4888K(7168K)->4103K(7168K)
[2026-06-17T10:06:16.327+0800][57.120s][info][gc,heap        ] GC(2230) ParOldGen: 34136K(44032K)->35064K(44032K)
[2026-06-17T10:06:16.328+0800][57.121s][info][gc,metaspace   ] GC(2230) Metaspace: 121K(320K)->121K(320K) NonClass: 114K(192K)->114K(192K) Class: 7K(128K)->7K(128K)
[2026-06-17T10:06:16.328+0800][57.121s][info][gc             ] GC(2230) Pause Young (Allocation Failure) 45M->38M(57M) 2.400ms
