OpenJDK 64-Bit Server VM (25.492-b09) for linux-amd64 JRE (1.8.0_492-b09), built on Apr 26 2026 11:46:09 by "jenkins" with gcc 7.5.0
Memory: 4k page, physical 16236576k(13251860k free), swap 4194304k(4194304k free)
CommandLine flags: -XX:InitialHeapSize=67108864 -XX:MaxHeapSize=67108864 -XX:+PrintGC -XX:+PrintGCDateStamps -XX:+PrintGCDetails -XX:+PrintGCTimeStamps -XX:+UseCompressedClassPointers -XX:+UseCompressedOops -XX:+UseParallelGC 
2026-06-17T09:47:36.577+0800: 0.077: [GC (Allocation Failure) [PSYoungGen: 16384K->2552K(18944K)] 16384K->5992K(62976K), 0.0490867 secs] [Times: user=0.50 sys=0.06, real=0.05 secs] 
2026-06-17T09:47:36.671+0800: 0.171: [GC (Allocation Failure) [PSYoungGen: 18884K->2542K(18944K)] 22324K->9940K(62976K), 0.0130381 secs] [Times: user=0.12 sys=0.00, real=0.03 secs] 
2026-06-17T09:47:36.751+0800: 0.251: [GC (Allocation Failure) [PSYoungGen: 18926K->2556K(18944K)] 26324K->11988K(62976K), 0.0158826 secs] [Times: user=0.19 sys=0.00, real=0.01 secs] 
2026-06-17T09:47:36.811+0800: 0.311: [GC (Allocation Failure) [PSYoungGen: 18905K->2546K(18944K)] 28338K->14936K(62976K), 0.0108761 secs] [Times: user=0.12 sys=0.00, real=0.01 secs] 
2026-06-17T09:47:36.856+0800: 0.356: [GC (Allocation Failure) [PSYoungGen: 18660K->2528K(18944K)] 31050K->18425K(62976K), 0.0110579 secs] [Times: user=0.09 sys=0.01, real=0.01 secs] 
2026-06-17T09:47:36.912+0800: 0.412: [GC (Allocation Failure) [PSYoungGen: 18885K->2553K(9728K)] 34783K->24231K(53760K), 0.0052684 secs] [Times: user=0.05 sys=0.00, real=0.00 secs] 
2026-06-17T09:47:36.940+0800: 0.440: [GC (Allocation Failure) [PSYoungGen: 9692K->4149K(14336K)] 31370K->26063K(58368K), 0.0041874 secs] [Times: user=0.03 sys=0.00, real=0.01 secs] 
2026-06-17T09:47:36.966+0800: 0.466: [GC (Allocation Failure) [PSYoungGen: 11303K->4352K(14336K)] 33217K->26274K(58368K), 0.0035770 secs] [Times: user=0.02 sys=0.00, real=0.00 secs] 
2026-06-17T09:47:36.982+0800: 0.482: [GC (Allocation Failure) [PSYoungGen: 11432K->2773K(14336K)] 33354K->26378K(58368K), 0.0026510 secs] [Times: user=0.00 sys=0.02, real=0.01 secs] 
2026-06-17T09:47:37.006+0800: 0.506: [GC (Allocation Failure) [PSYoungGen: 9930K->4618K(14336K)] 33535K->30054K(58368K), 0.0040736 secs] [Times: user=0.03 sys=0.00, real=0.01 secs] 
2026-06-17T09:47:37.032+0800: 0.532: [GC (Allocation Failure) [PSYoungGen: 11770K->3238K(14336K)] 37206K->30169K(58368K), 0.0109245 secs] [Times: user=0.12 sys=0.01, real=0.01 secs] 
2026-06-17T09:47:37.065+0800: 0.565: [GC (Allocation Failure) [PSYoungGen: 10394K->1412K(14336K)] 37326K->30336K(58368K), 0.0099828 secs] [Times: user=0.11 sys=0.00, real=0.01 secs] 
2026-06-17T09:47:37.087+0800: 0.587: [GC (Allocation Failure) [PSYoungGen: 8558K->5344K(14336K)] 37483K->34268K(58368K), 0.0061734 secs] [Times: user=0.07 sys=0.00, real=0.01 secs] 
2026-06-17T09:47:37.115+0800: 0.615: [GC (Allocation Failure) [PSYoungGen: 12455K->3353K(14336K)] 41379K->34592K(58368K), 0.0034967 secs] [Times: user=0.02 sys=0.00, real=0.00 secs] 
2026-06-17T09:47:37.140+0800: 0.641: [GC (Allocation Failure) [PSYoungGen: 10521K->1981K(14336K)] 41760K->34686K(58368K), 0.0083987 secs] [Times: user=0.10 sys=0.00, real=0.01 secs] 
2026-06-17T09:47:37.160+0800: 0.661: [GC (Allocation Failure) [PSYoungGen: 9120K->651K(14336K)] 41825K->35175K(58368K), 0.0072274 secs] [Times: user=0.10 sys=0.00, real=0.01 secs] 
2026-06-17T09:47:37.189+0800: 0.689: [GC (Allocation Failure) [PSYoungGen: 7809K->3838K(14336K)] 42334K->38989K(58368K), 0.0037702 secs] [Times: user=0.02 sys=0.00, real=0.01 secs] 
2026-06-17T09:47:37.215+0800: 0.715: [GC (Allocation Failure) [PSYoungGen: 10999K->2716K(14336K)] 46151K->38908K(58368K), 0.0085525 secs] [Times: user=0.09 sys=0.00, real=0.01 secs] 
2026-06-17T09:47:37.246+0800: 0.746: [GC (Allocation Failure) [PSYoungGen: 9864K->634K(14336K)] 46056K->39060K(58368K), 0.0083294 secs] [Times: user=0.08 sys=0.00, real=0.01 secs] 
2026-06-17T09:47:37.266+0800: 0.766: [GC (Allocation Failure) [PSYoungGen: 7783K->4285K(14336K)] 46209K->42711K(58368K), 0.0078201 secs] [Times: user=0.08 sys=0.00, real=0.01 secs] 
2026-06-17T09:47:37.296+0800: 0.796: [GC (Allocation Failure) [PSYoungGen: 11435K->2595K(14336K)] 49861K->42986K(58368K), 0.0031714 secs] [Times: user=0.02 sys=0.00, real=0.00 secs] 
2026-06-17T09:47:37.300+0800: 0.800: [Full GC (Ergonomics) [PSYoungGen: 2595K->0K(14336K)] [ParOldGen: 40390K->18800K(44032K)] 42986K->18800K(58368K), [Metaspace: 2702K->2702K(1056768K)], 0.0112109 secs] [Times: user=0.12 sys=0.00, real=0.02 secs] 
2026-06-17T09:47:37.333+0800: 0.833: [GC (Allocation Failure) [PSYoungGen: 7128K->3773K(14336K)] 25928K->22573K(58368K), 0.0075744 secs] [Times: user=0.10 sys=0.00, real=0.00 secs] 
2026-06-17T09:47:37.353+0800: 0.853: [GC (Allocation Failure) [PSYoungGen: 10931K->1162K(14336K)] 29731K->22503K(58368K), 0.0048314 secs] [Times: user=0.05 sys=0.00, real=0.00 secs] 
2026-06-17T09:47:37.379+0800: 0.880: [GC (Allocation Failure) [PSYoungGen: 8308K->3782K(14336K)] 29649K->26262K(58368K), 0.0054097 secs] [Times: user=0.04 sys=0.00, real=0.01 secs] 
2026-06-17T09:47:37.396+0800: 0.897: [GC (Allocation Failure) [PSYoungGen: 10760K->1912K(14336K)] 33239K->26300K(58368K), 0.0039923 secs] [Times: user=0.03 sys=0.00, real=0.00 secs] 
2026-06-17T09:47:37.422+0800: 0.922: [GC (Allocation Failure) [PSYoungGen: 9072K->3548K(14848K)] 33460K->29792K(58880K), 0.0037891 secs] [Times: user=0.02 sys=0.01, real=0.01 secs] 
2026-06-17T09:47:37.449+0800: 0.949: [GC (Allocation Failure) [PSYoungGen: 11678K->4175K(14848K)] 37922K->30934K(58880K), 0.0148899 secs] [Times: user=0.15 sys=0.01, real=0.02 secs] 
2026-06-17T09:47:37.487+0800: 0.987: [GC (Allocation Failure) [PSYoungGen: 12329K->3037K(14848K)] 39088K->31712K(58880K), 0.0122037 secs] [Times: user=0.09 sys=0.00, real=0.01 secs] 
2026-06-17T09:47:37.522+0800: 1.022: [GC (Allocation Failure) [PSYoungGen: 11227K->4419K(14848K)] 39903K->33094K(58880K), 0.0109693 secs] [Times: user=0.10 sys=0.00, real=0.02 secs] 
2026-06-17T09:47:37.557+0800: 1.057: [GC (Allocation Failure) [PSYoungGen: 12600K->4139K(14848K)] 41276K->34600K(58880K), 0.0105928 secs] [Times: user=0.11 sys=0.00, real=0.01 secs] 
2026-06-17T09:47:37.591+0800: 1.091: [GC (Allocation Failure) [PSYoungGen: 12327K->3151K(14848K)] 42788K->35635K(58880K), 0.0106917 secs] [Times: user=0.11 sys=0.00, real=0.00 secs] 
2026-06-17T09:47:37.625+0800: 1.125: [GC (Allocation Failure) [PSYoungGen: 11332K->4205K(14336K)] 43816K->36689K(58368K), 0.0096534 secs] [Times: user=0.07 sys=0.02, real=0.01 secs] 
2026-06-17T09:47:37.658+0800: 1.158: [GC (Allocation Failure) [PSYoungGen: 12343K->3275K(14848K)] 44827K->37834K(58880K), 0.0085109 secs] [Times: user=0.06 sys=0.00, real=0.01 secs] 
2026-06-17T09:47:37.691+0800: 1.191: [GC (Allocation Failure) [PSYoungGen: 11450K->1298K(15360K)] 46009K->38909K(59392K), 0.0103944 secs] [Times: user=0.08 sys=0.00, real=0.00 secs] 
2026-06-17T09:47:37.725+0800: 1.225: [GC (Allocation Failure) [PSYoungGen: 10510K->3766K(15360K)] 48121K->41378K(59392K), 0.0093255 secs] [Times: user=0.08 sys=0.01, real=0.01 secs] 
2026-06-17T09:47:37.758+0800: 1.259: [GC (Allocation Failure) [PSYoungGen: 12982K->4186K(15360K)] 50594K->43862K(59392K), 0.0112085 secs] [Times: user=0.09 sys=0.00, real=0.01 secs] 
2026-06-17T09:47:37.794+0800: 1.294: [GC (Allocation Failure) [PSYoungGen: 13124K->444K(9728K)] 52799K->42135K(53760K), 0.0095497 secs] [Times: user=0.08 sys=0.01, real=0.01 secs] 
2026-06-17T09:47:37.805+0800: 1.305: [Full GC (Ergonomics) [PSYoungGen: 444K->0K(9728K)] [ParOldGen: 41691K->18684K(44032K)] 42135K->18684K(53760K), [Metaspace: 2702K->2702K(1056768K)], 0.0108524 secs] [Times: user=0.06 sys=0.00, real=0.01 secs] 
2026-06-17T09:47:37.848+0800: 1.349: [GC (Allocation Failure) [PSYoungGen: 9216K->2238K(15360K)] 27900K->20922K(59392K), 0.0154071 secs] [Times: user=0.13 sys=0.01, real=0.02 secs] 
2026-06-17T09:47:37.877+0800: 1.377: [GC (Allocation Failure) [PSYoungGen: 10918K->5687K(14848K)] 29602K->26021K(58880K), 0.0092085 secs] [Times: user=0.08 sys=0.01, real=0.01 secs] 
2026-06-17T09:47:37.919+0800: 1.419: [GC (Allocation Failure) [PSYoungGen: 14385K->1877K(14848K)] 34720K->24561K(58880K), 0.0108623 secs] [Times: user=0.09 sys=0.00, real=0.02 secs] 
2026-06-17T09:47:37.954+0800: 1.454: [GC (Allocation Failure) [PSYoungGen: 10021K->1309K(14848K)] 32706K->25775K(58880K), 0.0096012 secs] [Times: user=0.07 sys=0.00, real=0.01 secs] 
2026-06-17T09:47:37.976+0800: 1.477: [GC (Allocation Failure) [PSYoungGen: 9501K->5231K(13824K)] 33967K->30591K(57856K), 0.0091287 secs] [Times: user=0.08 sys=0.01, real=0.01 secs] 
2026-06-17T09:47:38.009+0800: 1.509: [GC (Allocation Failure) [PSYoungGen: 12383K->3400K(14336K)] 37744K->30850K(58368K), 0.0093685 secs] [Times: user=0.08 sys=0.01, real=0.01 secs] 
2026-06-17T09:47:38.042+0800: 1.542: [GC (Allocation Failure) [PSYoungGen: 10568K->3537K(14848K)] 38018K->30988K(58880K), 0.0098621 secs] [Times: user=0.07 sys=0.00, real=0.02 secs] 
2026-06-17T09:47:38.065+0800: 1.566: [GC (Allocation Failure) [PSYoungGen: 11017K->1816K(14336K)] 38467K->31405K(58368K), 0.0110999 secs] [Times: user=0.11 sys=0.00, real=0.01 secs] 
2026-06-17T09:47:38.111+0800: 1.611: [GC (Allocation Failure) [PSYoungGen: 9471K->913K(14848K)] 39061K->32295K(58880K), 0.0159822 secs] [Times: user=0.10 sys=0.00, real=0.01 secs] 
2026-06-17T09:47:38.139+0800: 1.639: [GC (Allocation Failure) [PSYoungGen: 9073K->5050K(13312K)] 40455K->36768K(57344K), 0.0092493 secs] [Times: user=0.08 sys=0.00, real=0.01 secs] 
2026-06-17T09:47:38.171+0800: 1.671: [GC (Allocation Failure) [PSYoungGen: 13071K->1170K(14336K)] 44789K->34842K(58368K), 0.0114627 secs] [Times: user=0.13 sys=0.00, real=0.01 secs] 
2026-06-17T09:47:38.206+0800: 1.706: [GC (Allocation Failure) [PSYoungGen: 8338K->3769K(14336K)] 42010K->38587K(58368K), 0.0063123 secs] [Times: user=0.03 sys=0.01, real=0.01 secs] 
2026-06-17T09:47:38.237+0800: 1.737: [GC (Allocation Failure) [PSYoungGen: 10921K->3356K(14848K)] 45739K->39048K(58880K), 0.0108086 secs] [Times: user=0.08 sys=0.00, real=0.01 secs] 
2026-06-17T09:47:38.270+0800: 1.770: [GC (Allocation Failure) [PSYoungGen: 11005K->1462K(14336K)] 46697K->39752K(58368K), 0.0075635 secs] [Times: user=0.05 sys=0.00, real=0.01 secs] 
2026-06-17T09:47:38.301+0800: 1.801: [GC (Allocation Failure) [PSYoungGen: 9131K->2433K(14848K)] 47421K->40723K(58880K), 0.0135231 secs] [Times: user=0.13 sys=0.00, real=0.02 secs] 
2026-06-17T09:47:38.327+0800: 1.828: [GC (Allocation Failure) [PSYoungGen: 10474K->1948K(14848K)] 48765K->42080K(58880K), 0.0082576 secs] [Times: user=0.06 sys=0.01, real=0.01 secs] 
2026-06-17T09:47:38.369+0800: 1.869: [GC (Allocation Failure) [PSYoungGen: 10137K->1279K(15360K)] 50269K->43335K(59392K), 0.0105391 secs] [Times: user=0.12 sys=0.00, real=0.01 secs] 
2026-06-17T09:47:38.381+0800: 1.881: [Full GC (Ergonomics) [PSYoungGen: 1279K->0K(15360K)] [ParOldGen: 42056K->23029K(44032K)] 43335K->23029K(59392K), [Metaspace: 2705K->2705K(1056768K)], 0.0074215 secs] [Times: user=0.04 sys=0.00, real=0.01 secs] 
2026-06-17T09:47:38.410+0800: 1.910: [GC (Allocation Failure) [PSYoungGen: 9216K->5669K(15360K)] 32245K->28698K(59392K), 0.0441312 secs] [Times: user=0.38 sys=0.01, real=0.05 secs] 
2026-06-17T09:47:38.483+0800: 1.983: [GC (Allocation Failure) [PSYoungGen: 14885K->3439K(14336K)] 37914K->30833K(58368K), 0.0128549 secs] [Times: user=0.10 sys=0.00, real=0.01 secs] 
2026-06-17T09:47:38.518+0800: 2.018: [GC (Allocation Failure) [PSYoungGen: 11622K->2351K(14848K)] 39016K->31968K(58880K), 0.0106587 secs] [Times: user=0.09 sys=0.01, real=0.01 secs] 
2026-06-17T09:47:38.551+0800: 2.052: [GC (Allocation Failure) [PSYoungGen: 10531K->3830K(14848K)] 40147K->33447K(58880K), 0.0115777 secs] [Times: user=0.10 sys=0.01, real=0.01 secs] 
2026-06-17T09:47:38.586+0800: 2.087: [GC (Allocation Failure) [PSYoungGen: 12013K->3527K(14848K)] 41629K->34665K(58880K), 0.0104396 secs] [Times: user=0.10 sys=0.00, real=0.01 secs] 
2026-06-17T09:47:38.621+0800: 2.121: [GC (Allocation Failure) [PSYoungGen: 11708K->1448K(15360K)] 42847K->36026K(59392K), 0.0092350 secs] [Times: user=0.08 sys=0.01, real=0.02 secs] 
2026-06-17T09:47:38.654+0800: 2.154: [GC (Allocation Failure) [PSYoungGen: 10132K->2687K(14848K)] 44710K->37264K(58880K), 0.0103361 secs] [Times: user=0.08 sys=0.00, real=0.01 secs] 
2026-06-17T09:47:38.687+0800: 2.188: [GC (Allocation Failure) [PSYoungGen: 11391K->2406K(15872K)] 45968K->39316K(59904K), 0.0137169 secs] [Times: user=0.13 sys=0.00, real=0.01 secs] 
2026-06-17T09:47:38.725+0800: 2.226: [GC (Allocation Failure) [PSYoungGen: 12068K->32K(15360K)] 48978K->38759K(59392K), 0.0078011 secs] [Times: user=0.03 sys=0.00, real=0.01 secs] 
2026-06-17T09:47:38.768+0800: 2.268: [GC (Allocation Failure) [PSYoungGen: 9723K->2619K(15872K)] 48451K->41355K(59904K), 0.0084766 secs] [Times: user=0.06 sys=0.01, real=0.01 secs] 
2026-06-17T09:47:38.801+0800: 2.301: [GC (Allocation Failure) [PSYoungGen: 12344K->2790K(15360K)] 51080K->43846K(59392K), 0.0105354 secs] [Times: user=0.09 sys=0.00, real=0.02 secs] 
2026-06-17T09:47:38.812+0800: 2.312: [Full GC (Ergonomics) [PSYoungGen: 2790K->0K(15360K)] [ParOldGen: 41056K->30236K(44032K)] 43846K->30236K(59392K), [Metaspace: 2705K->2705K(1056768K)], 0.0145211 secs] [Times: user=0.13 sys=0.01, real=0.01 secs] 
2026-06-17T09:47:38.850+0800: 2.350: [GC (Allocation Failure) [PSYoungGen: 9707K->5628K(13824K)] 39944K->36511K(57856K), 0.0081210 secs] [Times: user=0.07 sys=0.00, real=0.01 secs] 
2026-06-17T09:47:38.881+0800: 2.381: [GC (Allocation Failure) [PSYoungGen: 13775K->2895K(14848K)] 44658K->37955K(58880K), 0.0062070 secs] [Times: user=0.04 sys=0.00, real=0.01 secs] 
2026-06-17T09:47:38.911+0800: 2.411: [GC (Allocation Failure) [PSYoungGen: 11087K->2825K(15360K)] 46147K->39201K(59392K), 0.0109649 secs] [Times: user=0.09 sys=0.00, real=0.01 secs] 
2026-06-17T09:47:38.946+0800: 2.446: [GC (Allocation Failure) [PSYoungGen: 12038K->3438K(15360K)] 48414K->41650K(59392K), 0.0108496 secs] [Times: user=0.10 sys=0.00, real=0.01 secs] 
2026-06-17T09:47:38.981+0800: 2.481: [GC (Allocation Failure) [PSYoungGen: 12409K->224K(15360K)] 50622K->40345K(59392K), 0.0123402 secs] [Times: user=0.11 sys=0.00, real=0.02 secs] 
2026-06-17T09:47:38.995+0800: 2.495: [Full GC (Ergonomics) [PSYoungGen: 224K->0K(15360K)] [ParOldGen: 40121K->27311K(44032K)] 40345K->27311K(59392K), [Metaspace: 2705K->2705K(1056768K)], 0.0104311 secs] [Times: user=0.07 sys=0.00, real=0.01 secs] 
2026-06-17T09:47:39.039+0800: 2.539: [GC (Allocation Failure) [PSYoungGen: 9212K->2570K(15360K)] 36524K->29882K(59392K), 0.0069055 secs] [Times: user=0.03 sys=0.01, real=0.01 secs] 
2026-06-17T09:47:39.070+0800: 2.570: [GC (Allocation Failure) [PSYoungGen: 11766K->3263K(15872K)] 39078K->32149K(59904K), 0.0079506 secs] [Times: user=0.08 sys=0.00, real=0.01 secs] 
2026-06-17T09:47:39.101+0800: 2.601: [GC (Allocation Failure) [PSYoungGen: 13488K->4960K(15360K)] 42373K->35381K(59392K), 0.0073057 secs] [Times: user=0.06 sys=0.01, real=0.01 secs] 
2026-06-17T09:47:39.143+0800: 2.643: [GC (Allocation Failure) [PSYoungGen: 15190K->3115K(15360K)] 45611K->35109K(59392K), 0.0055664 secs] [Times: user=0.03 sys=0.01, real=0.00 secs] 
2026-06-17T09:47:39.171+0800: 2.671: [GC (Allocation Failure) [PSYoungGen: 12284K->1781K(15360K)] 44278K->36797K(59392K), 0.0099789 secs] [Times: user=0.09 sys=0.00, real=0.00 secs] 
2026-06-17T09:47:39.204+0800: 2.705: [GC (Allocation Failure) [PSYoungGen: 10973K->3873K(15360K)] 45989K->38889K(59392K), 0.0104121 secs] [Times: user=0.10 sys=0.00, real=0.01 secs] 
2026-06-17T09:47:39.238+0800: 2.738: [GC (Allocation Failure) [PSYoungGen: 13089K->3989K(15360K)] 48105K->41234K(59392K), 0.0114169 secs] [Times: user=0.11 sys=0.00, real=0.01 secs] 
2026-06-17T09:47:39.272+0800: 2.772: [GC (Allocation Failure) [PSYoungGen: 13181K->1014K(15360K)] 50427K->40474K(59392K), 0.0062821 secs] [Times: user=0.03 sys=0.01, real=0.00 secs] 
2026-06-17T09:47:39.312+0800: 2.812: [GC (Allocation Failure) [PSYoungGen: 10187K->1727K(15360K)] 49647K->42177K(59392K), 0.0103813 secs] [Times: user=0.12 sys=0.00, real=0.01 secs] 
2026-06-17T09:47:39.346+0800: 2.846: [GC (Allocation Failure) [PSYoungGen: 10921K->3073K(15360K)] 51371K->44390K(59392K), 0.0160021 secs] [Times: user=0.16 sys=0.00, real=0.02 secs] 
2026-06-17T09:47:39.363+0800: 2.863: [Full GC (Ergonomics) [PSYoungGen: 3073K->0K(15360K)] [ParOldGen: 41317K->24400K(44032K)] 44390K->24400K(59392K), [Metaspace: 2705K->2705K(1056768K)], 0.0146867 secs] [Times: user=0.13 sys=0.00, real=0.01 secs] 
2026-06-17T09:47:39.401+0800: 2.901: [GC (Allocation Failure) [PSYoungGen: 9174K->5875K(15360K)] 33574K->30275K(59392K), 0.0132433 secs] [Times: user=0.11 sys=0.01, real=0.02 secs] 
2026-06-17T09:47:39.438+0800: 2.938: [GC (Allocation Failure) [PSYoungGen: 15091K->4249K(14336K)] 39491K->32512K(58368K), 0.0124672 secs] [Times: user=0.10 sys=0.00, real=0.02 secs] 
2026-06-17T09:47:39.474+0800: 2.974: [GC (Allocation Failure) [PSYoungGen: 12415K->4283K(12800K)] 40679K->33512K(56832K), 0.0097492 secs] [Times: user=0.08 sys=0.01, real=0.01 secs] 
2026-06-17T09:47:39.507+0800: 3.007: [GC (Allocation Failure) [PSYoungGen: 12475K->3535K(14848K)] 41704K->34691K(58880K), 0.0074697 secs] [Times: user=0.07 sys=0.00, real=0.01 secs] 
2026-06-17T09:47:39.537+0800: 3.038: [GC (Allocation Failure) [PSYoungGen: 11211K->2044K(14336K)] 42368K->35232K(58368K), 0.0096152 secs] [Times: user=0.10 sys=0.00, real=0.01 secs] 
2026-06-17T09:47:39.570+0800: 3.070: [GC (Allocation Failure) [PSYoungGen: 9708K->2862K(15360K)] 42896K->36049K(59392K), 0.0079050 secs] [Times: user=0.05 sys=0.00, real=0.01 secs] 
2026-06-17T09:47:39.602+0800: 3.102: [GC (Allocation Failure) [PSYoungGen: 11566K->3038K(14848K)] 44753K->37962K(58880K), 0.0117196 secs] [Times: user=0.10 sys=0.00, real=0.02 secs] 
2026-06-17T09:47:39.639+0800: 3.139: [GC (Allocation Failure) [PSYoungGen: 11730K->2531K(15360K)] 46654K->39640K(59392K), 0.0127913 secs] [Times: user=0.14 sys=0.00, real=0.02 secs] 
2026-06-17T09:47:39.675+0800: 3.175: [GC (Allocation Failure) [PSYoungGen: 11734K->4563K(15360K)] 48843K->41671K(59392K), 0.0114925 secs] [Times: user=0.11 sys=0.00, real=0.01 secs] 
2026-06-17T09:47:39.711+0800: 3.211: [GC (Allocation Failure) [PSYoungGen: 13779K->4820K(14336K)] 50887K->44005K(58368K), 0.0071561 secs] [Times: user=0.05 sys=0.00, real=0.00 secs] 
2026-06-17T09:47:39.742+0800: 3.242: [GC (Allocation Failure) [PSYoungGen: 12944K->817K(14848K)] 52129K->41682K(58880K), 0.0073716 secs] [Times: user=0.03 sys=0.01, real=0.02 secs] 
2026-06-17T09:47:39.751+0800: 3.251: [Full GC (Ergonomics) [PSYoungGen: 817K->0K(14848K)] [ParOldGen: 40865K->22642K(44032K)] 41682K->22642K(58880K), [Metaspace: 2706K->2706K(1056768K)], 0.0113012 secs] [Times: user=0.07 sys=0.00, real=0.01 secs] 
2026-06-17T09:47:39.786+0800: 3.286: [GC (Allocation Failure) [PSYoungGen: 8192K->4906K(13824K)] 30834K->27548K(57856K), 0.0111571 secs] [Times: user=0.13 sys=0.00, real=0.01 secs] 
2026-06-17T09:47:39.820+0800: 3.321: [GC (Allocation Failure) [PSYoungGen: 12045K->3166K(14336K)] 34688K->27908K(58368K), 0.0058455 secs] [Times: user=0.03 sys=0.00, real=0.01 secs] 
2026-06-17T09:47:39.849+0800: 3.349: [GC (Allocation Failure) [PSYoungGen: 10278K->1557K(14848K)] 35020K->28372K(58880K), 0.0223786 secs] [Times: user=0.19 sys=0.01, real=0.03 secs] 
2026-06-17T09:47:39.894+0800: 3.394: [GC (Allocation Failure) [PSYoungGen: 9710K->2568K(14848K)] 36525K->29383K(58880K), 0.0122098 secs] [Times: user=0.10 sys=0.00, real=0.01 secs] 
2026-06-17T09:47:39.919+0800: 3.419: [GC (Allocation Failure) [PSYoungGen: 10610K->1943K(15360K)] 37425K->30494K(59392K), 0.0094969 secs] [Times: user=0.10 sys=0.01, real=0.01 secs] 
2026-06-17T09:47:39.963+0800: 3.463: [GC (Allocation Failure) [PSYoungGen: 10625K->1932K(14848K)] 39176K->32402K(58880K), 0.0106977 secs] [Times: user=0.10 sys=0.00, real=0.01 secs] 
2026-06-17T09:47:39.997+0800: 3.498: [GC (Allocation Failure) [PSYoungGen: 10610K->3371K(15360K)] 41080K->34117K(59392K), 0.0078977 secs] [Times: user=0.05 sys=0.00, real=0.01 secs] 
2026-06-17T09:47:40.029+0800: 3.529: [GC (Allocation Failure) [PSYoungGen: 12553K->3818K(15360K)] 43299K->36157K(59392K), 0.0102919 secs] [Times: user=0.10 sys=0.00, real=0.01 secs] 
2026-06-17T09:47:40.063+0800: 3.563: [GC (Allocation Failure) [PSYoungGen: 13027K->3294K(15360K)] 45366K->38504K(59392K), 0.0109089 secs] [Times: user=0.10 sys=0.01, real=0.01 secs] 
2026-06-17T09:47:40.097+0800: 3.597: [GC (Allocation Failure) [PSYoungGen: 12497K->5345K(14848K)] 47707K->40555K(58880K), 0.0098562 secs] [Times: user=0.08 sys=0.01, real=0.01 secs] 
2026-06-17T09:47:40.131+0800: 3.631: [GC (Allocation Failure) [PSYoungGen: 14548K->5297K(13824K)] 49758K->42735K(57856K), 0.0103621 secs] [Times: user=0.08 sys=0.00, real=0.00 secs] 
2026-06-17T09:47:40.165+0800: 3.665: [GC (Allocation Failure) [PSYoungGen: 12320K->167K(14336K)] 49758K->39517K(58368K), 0.0111492 secs] [Times: user=0.10 sys=0.01, real=0.01 secs] 
2026-06-17T09:47:40.199+0800: 3.699: [GC (Allocation Failure) [PSYoungGen: 7332K->3512K(14336K)] 46682K->43006K(58368K), 0.0063557 secs] [Times: user=0.04 sys=0.00, real=0.01 secs] 
2026-06-17T09:47:40.218+0800: 3.718: [GC (Allocation Failure) [PSYoungGen: 10400K->1501K(14336K)] 49894K->42825K(58368K), 0.0101809 secs] [Times: user=0.10 sys=0.00, real=0.01 secs] 
2026-06-17T09:47:40.230+0800: 3.730: [Full GC (Ergonomics) [PSYoungGen: 1501K->0K(14336K)] [ParOldGen: 41324K->23432K(44032K)] 42825K->23432K(58368K), [Metaspace: 2706K->2706K(1056768K)], 0.0133504 secs] [Times: user=0.13 sys=0.01, real=0.02 secs] 
2026-06-17T09:47:40.267+0800: 3.767: [GC (Allocation Failure) [PSYoungGen: 7167K->3901K(14848K)] 30600K->27333K(58880K), 0.0102819 secs] [Times: user=0.09 sys=0.00, real=0.01 secs] 
2026-06-17T09:47:40.301+0800: 3.801: [GC (Allocation Failure) [PSYoungGen: 12093K->4431K(12800K)] 35525K->28239K(56832K), 0.0098914 secs] [Times: user=0.08 sys=0.01, real=0.02 secs] 
2026-06-17T09:47:40.335+0800: 3.835: [GC (Allocation Failure) [PSYoungGen: 12610K->3525K(14848K)] 36417K->29534K(58880K), 0.0116120 secs] [Times: user=0.09 sys=0.00, real=0.01 secs] 
2026-06-17T09:47:40.370+0800: 3.870: [GC (Allocation Failure) [PSYoungGen: 11205K->2998K(14336K)] 37214K->30442K(58368K), 0.0106504 secs] [Times: user=0.09 sys=0.02, real=0.01 secs] 
2026-06-17T09:47:40.403+0800: 3.903: [GC (Allocation Failure) [PSYoungGen: 10674K->1983K(15360K)] 38117K->31151K(59392K), 0.0114458 secs] [Times: user=0.10 sys=0.00, real=0.01 secs] 
2026-06-17T09:47:40.439+0800: 3.939: [GC (Allocation Failure) [PSYoungGen: 10650K->1929K(14848K)] 39819K->32869K(58880K), 0.0074185 secs] [Times: user=0.04 sys=0.00, real=0.01 secs] 
2026-06-17T09:47:40.470+0800: 3.970: [GC (Allocation Failure) [PSYoungGen: 10581K->3662K(15360K)] 41521K->34602K(59392K), 0.0116980 secs] [Times: user=0.09 sys=0.00, real=0.01 secs] 
2026-06-17T09:47:40.505+0800: 4.005: [GC (Allocation Failure) [PSYoungGen: 12830K->3492K(15360K)] 43770K->36556K(59392K), 0.0130433 secs] [Times: user=0.13 sys=0.00, real=0.01 secs] 
2026-06-17T09:47:40.541+0800: 4.041: [GC (Allocation Failure) [PSYoungGen: 12659K->220K(15360K)] 45723K->34879K(59392K), 0.0088288 secs] [Times: user=0.08 sys=0.00, real=0.01 secs] 
2026-06-17T09:47:40.583+0800: 4.083: [GC (Allocation Failure) [PSYoungGen: 9380K->2821K(15360K)] 44039K->37676K(59392K), 0.0114346 secs] [Times: user=0.10 sys=0.01, real=0.01 secs] 
2026-06-17T09:47:40.618+0800: 4.118: [GC (Allocation Failure) [PSYoungGen: 12034K->3676K(15360K)] 46889K->40205K(59392K), 0.0115556 secs] [Times: user=0.11 sys=0.00, real=0.01 secs] 
2026-06-17T09:47:40.653+0800: 4.153: [GC (Allocation Failure) [PSYoungGen: 12892K->2563K(15360K)] 49421K->42096K(59392K), 0.0117347 secs] [Times: user=0.12 sys=0.00, real=0.01 secs] 
2026-06-17T09:47:40.688+0800: 4.188: [GC (Allocation Failure) [PSYoungGen: 11779K->2819K(15872K)] 51312K->44387K(59904K), 0.0088693 secs] [Times: user=0.07 sys=0.00, real=0.01 secs] 
2026-06-17T09:47:40.699+0800: 4.199: [Full GC (Ergonomics) [PSYoungGen: 2819K->0K(15872K)] [ParOldGen: 41567K->25036K(44032K)] 44387K->25036K(59904K), [Metaspace: 2706K->2706K(1056768K)], 0.0113178 secs] [Times: user=0.08 sys=0.00, real=0.01 secs] 
2026-06-17T09:47:40.744+0800: 4.244: [GC (Allocation Failure) [PSYoungGen: 10218K->3236K(15872K)] 35255K->28273K(59904K), 0.0094560 secs] [Times: user=0.09 sys=0.01, real=0.01 secs] 
2026-06-17T09:47:40.778+0800: 4.278: [GC (Allocation Failure) [PSYoungGen: 13476K->3909K(15872K)] 38513K->31436K(59904K), 0.0102579 secs] [Times: user=0.10 sys=0.00, real=0.01 secs] 
2026-06-17T09:47:40.813+0800: 4.313: [GC (Allocation Failure) [PSYoungGen: 14142K->5622K(15872K)] 41668K->34833K(59904K), 0.0090016 secs] [Times: user=0.06 sys=0.00, real=0.00 secs] 
2026-06-17T09:47:40.856+0800: 4.356: [GC (Allocation Failure) [PSYoungGen: 15830K->3156K(14848K)] 45041K->34605K(58880K), 0.0105256 secs] [Times: user=0.09 sys=0.00, real=0.01 secs] 
2026-06-17T09:47:40.891+0800: 4.391: [GC (Allocation Failure) [PSYoungGen: 12364K->3108K(15360K)] 43813K->36621K(59392K), 0.0109825 secs] [Times: user=0.10 sys=0.00, real=0.01 secs] 
2026-06-17T09:47:40.928+0800: 4.428: [GC (Allocation Failure) [PSYoungGen: 12310K->5494K(13824K)] 45824K->39007K(57856K), 0.0080643 secs] [Times: user=0.06 sys=0.01, real=0.01 secs] 
2026-06-17T09:47:40.960+0800: 4.460: [GC (Allocation Failure) [PSYoungGen: 13643K->3937K(14848K)] 47157K->40386K(58880K), 0.0067500 secs] [Times: user=0.03 sys=0.00, real=0.01 secs] 
2026-06-17T09:47:40.991+0800: 4.491: [GC (Allocation Failure) [PSYoungGen: 12099K->3349K(15360K)] 48548K->41404K(59392K), 0.0134129 secs] [Times: user=0.13 sys=0.01, real=0.01 secs] 
2026-06-17T09:47:41.039+0800: 4.539: [GC (Allocation Failure) [PSYoungGen: 12547K->2191K(15360K)] 50603K->40246K(59392K), 0.0113810 secs] [Times: user=0.10 sys=0.00, real=0.02 secs] 
2026-06-17T09:47:41.075+0800: 4.575: [GC (Allocation Failure) [PSYoungGen: 11399K->2691K(15360K)] 49455K->42841K(59392K), 0.0107675 secs] [Times: user=0.09 sys=0.01, real=0.01 secs] 
2026-06-17T09:47:41.109+0800: 4.610: [GC (Allocation Failure) [PSYoungGen: 11903K->3110K(15360K)] 52052K->44996K(59392K), 0.0111177 secs] [Times: user=0.09 sys=0.00, real=0.01 secs] 
2026-06-17T09:47:41.122+0800: 4.622: [Full GC (Ergonomics) [PSYoungGen: 3110K->0K(15360K)] [ParOldGen: 41886K->26300K(44032K)] 44996K->26300K(59392K), [Metaspace: 2706K->2706K(1056768K)], 0.0104498 secs] [Times: user=0.07 sys=0.00, real=0.02 secs] 
2026-06-17T09:47:41.156+0800: 4.656: [GC (Allocation Failure) [PSYoungGen: 9216K->5626K(14848K)] 35516K->32004K(58880K), 0.0112551 secs] [Times: user=0.12 sys=0.01, real=0.01 secs] 
2026-06-17T09:47:41.190+0800: 4.690: [GC (Allocation Failure) [PSYoungGen: 14820K->5358K(14848K)] 41199K->34424K(58880K), 0.0100849 secs] [Times: user=0.13 sys=0.00, real=0.01 secs] 
2026-06-17T09:47:41.223+0800: 4.723: [GC (Allocation Failure) [PSYoungGen: 14521K->5355K(13824K)] 43587K->36299K(57856K), 0.0058547 secs] [Times: user=0.04 sys=0.00, real=0.00 secs] 
2026-06-17T09:47:41.252+0800: 4.752: [GC (Allocation Failure) [PSYoungGen: 12522K->3204K(14336K)] 43466K->36647K(58368K), 0.0059035 secs] [Times: user=0.03 sys=0.00, real=0.00 secs] 
2026-06-17T09:47:41.281+0800: 4.781: [GC (Allocation Failure) [PSYoungGen: 10343K->3529K(14848K)] 43786K->36972K(58880K), 0.0070989 secs] [Times: user=0.03 sys=0.00, real=0.01 secs] 
2026-06-17T09:47:41.312+0800: 4.812: [GC (Allocation Failure) [PSYoungGen: 11202K->2069K(14336K)] 44645K->37785K(58368K), 0.0124170 secs] [Times: user=0.13 sys=0.00, real=0.01 secs] 
2026-06-17T09:47:41.347+0800: 4.847: [GC (Allocation Failure) [PSYoungGen: 9749K->619K(13824K)] 45465K->38245K(57856K), 0.0112651 secs] [Times: user=0.11 sys=0.01, real=0.01 secs] 
2026-06-17T09:47:41.371+0800: 4.871: [GC (Allocation Failure) [PSYoungGen: 7742K->4280K(14336K)] 45368K->41907K(58368K), 0.0094171 secs] [Times: user=0.08 sys=0.00, real=0.00 secs] 
2026-06-17T09:47:41.403+0800: 4.903: [GC (Allocation Failure) [PSYoungGen: 11448K->2437K(14848K)] 49075K->42002K(58880K), 0.0107221 secs] [Times: user=0.11 sys=0.00, real=0.01 secs] 
2026-06-17T09:47:41.437+0800: 4.937: [GC (Allocation Failure) [PSYoungGen: 10117K->3219K(14336K)] 49682K->42783K(58368K), 0.0093078 secs] [Times: user=0.06 sys=0.01, real=0.01 secs] 
2026-06-17T09:47:41.470+0800: 4.970: [GC (Allocation Failure) [PSYoungGen: 10899K->1836K(14848K)] 50463K->43510K(58880K), 0.0091634 secs] [Times: user=0.08 sys=0.00, real=0.01 secs] 
2026-06-17T09:47:41.480+0800: 4.980: [Full GC (Ergonomics) [PSYoungGen: 1836K->0K(14848K)] [ParOldGen: 41674K->21061K(44032K)] 43510K->21061K(58880K), [Metaspace: 2706K->2706K(1056768K)], 0.0129340 secs] [Times: user=0.12 sys=0.01, real=0.02 secs] 
2026-06-17T09:47:41.515+0800: 5.015: [GC (Allocation Failure) [PSYoungGen: 8154K->4810K(14848K)] 29216K->25872K(58880K), 0.0130300 secs] [Times: user=0.14 sys=0.01, real=0.01 secs] 
2026-06-17T09:47:41.540+0800: 5.040: [GC (Allocation Failure) [PSYoungGen: 12981K->5158K(13824K)] 34043K->30610K(57856K), 0.0059411 secs] [Times: user=0.03 sys=0.01, real=0.01 secs] 
2026-06-17T09:47:41.569+0800: 5.069: [GC (Allocation Failure) [PSYoungGen: 12279K->32K(14336K)] 37731K->27488K(58368K), 0.0099510 secs] [Times: user=0.10 sys=0.00, real=0.01 secs] 
2026-06-17T09:47:41.602+0800: 5.102: [GC (Allocation Failure) [PSYoungGen: 7186K->3817K(14336K)] 34642K->31282K(58368K), 0.0081468 secs] [Times: user=0.06 sys=0.00, real=0.01 secs] 
2026-06-17T09:47:41.622+0800: 5.122: [GC (Allocation Failure) [PSYoungGen: 10672K->1534K(14336K)] 38136K->30781K(58368K), 0.0095707 secs] [Times: user=0.08 sys=0.01, real=0.02 secs] 
2026-06-17T09:47:41.665+0800: 5.165: [GC (Allocation Failure) [PSYoungGen: 8675K->508K(14336K)] 37923K->31265K(58368K), 0.0062582 secs] [Times: user=0.03 sys=0.01, real=0.01 secs] 
2026-06-17T09:47:41.683+0800: 5.184: [GC (Allocation Failure) [PSYoungGen: 7634K->3577K(14336K)] 38391K->34718K(58368K), 0.0098725 secs] [Times: user=0.11 sys=0.00, real=0.01 secs] 
2026-06-17T09:47:41.716+0800: 5.216: [GC (Allocation Failure) [PSYoungGen: 10739K->2485K(14848K)] 41880K->35569K(58880K), 0.0067410 secs] [Times: user=0.03 sys=0.00, real=0.01 secs] 
2026-06-17T09:47:41.746+0800: 5.246: [GC (Allocation Failure) [PSYoungGen: 10137K->2996K(14336K)] 43220K->36080K(58368K), 0.0144179 secs] [Times: user=0.11 sys=0.00, real=0.01 secs] 
2026-06-17T09:47:41.774+0800: 5.274: [GC (Allocation Failure) [PSYoungGen: 10637K->1757K(15360K)] 43720K->36736K(59392K), 0.0130532 secs] [Times: user=0.12 sys=0.00, real=0.01 secs] 
2026-06-17T09:47:41.821+0800: 5.321: [GC (Allocation Failure) [PSYoungGen: 10461K->1600K(14848K)] 45440K->38313K(58880K), 0.0111697 secs] [Times: user=0.10 sys=0.01, real=0.02 secs] 
2026-06-17T09:47:41.855+0800: 5.356: [GC (Allocation Failure) [PSYoungGen: 10304K->1873K(15360K)] 47017K->40023K(59392K), 0.0106945 secs] [Times: user=0.09 sys=0.00, real=0.01 secs] 
2026-06-17T09:47:41.890+0800: 5.390: [GC (Allocation Failure) [PSYoungGen: 11072K->2406K(15360K)] 49221K->42373K(59392K), 0.0108246 secs] [Times: user=0.11 sys=0.01, real=0.01 secs] 
2026-06-17T09:47:41.925+0800: 5.425: [GC (Allocation Failure) [PSYoungGen: 11608K->2695K(15872K)] 51575K->44699K(59904K), 0.0093041 secs] [Times: user=0.09 sys=0.00, real=0.01 secs] 
2026-06-17T09:47:41.937+0800: 5.438: [Full GC (Ergonomics) [PSYoungGen: 2695K->0K(15872K)] [ParOldGen: 42003K->31800K(44032K)] 44699K->31800K(59904K), [Metaspace: 2707K->2707K(1056768K)], 0.0154079 secs] [Times: user=0.10 sys=0.00, real=0.02 secs] 
2026-06-17T09:47:41.987+0800: 5.487: [GC (Allocation Failure) [PSYoungGen: 10240K->3158K(15872K)] 42040K->34958K(59904K), 0.0053461 secs] [Times: user=0.03 sys=0.00, real=0.01 secs] 
2026-06-17T09:47:42.016+0800: 5.516: [GC (Allocation Failure) [PSYoungGen: 13386K->3603K(15872K)] 45186K->38271K(59904K), 0.0076177 secs] [Times: user=0.02 sys=0.01, real=0.01 secs] 
2026-06-17T09:47:42.048+0800: 5.548: [GC (Allocation Failure) [PSYoungGen: 13837K->5295K(15872K)] 48504K->41852K(59904K), 0.0125402 secs] [Times: user=0.12 sys=0.00, real=0.01 secs] 
2026-06-17T09:47:42.084+0800: 5.584: [GC (Allocation Failure) [PSYoungGen: 15263K->2774K(14848K)] 51821K->41546K(58880K), 0.0106681 secs] [Times: user=0.08 sys=0.01, real=0.01 secs] 
2026-06-17T09:47:42.128+0800: 5.628: [GC (Allocation Failure) [PSYoungGen: 11989K->2593K(15360K)] 50762K->44116K(59392K), 0.0111434 secs] [Times: user=0.11 sys=0.00, real=0.01 secs] 
2026-06-17T09:47:42.141+0800: 5.641: [Full GC (Ergonomics) [PSYoungGen: 2593K->0K(15360K)] [ParOldGen: 41522K->31226K(44032K)] 44116K->31226K(59392K), [Metaspace: 2707K->2707K(1056768K)], 0.0155921 secs] [Times: user=0.17 sys=0.00, real=0.02 secs] 
2026-06-17T09:47:42.179+0800: 5.679: [GC (Allocation Failure) [PSYoungGen: 9204K->5630K(13824K)] 40430K->37067K(57856K), 0.0096893 secs] [Times: user=0.09 sys=0.01, real=0.01 secs] 
2026-06-17T09:47:42.212+0800: 5.712: [GC (Allocation Failure) [PSYoungGen: 13785K->3565K(14848K)] 45222K->38357K(58880K), 0.0095426 secs] [Times: user=0.09 sys=0.00, real=0.00 secs] 
2026-06-17T09:47:42.246+0800: 5.746: [GC (Allocation Failure) [PSYoungGen: 11729K->2964K(15360K)] 46521K->39283K(59392K), 0.0105186 secs] [Times: user=0.08 sys=0.00, real=0.01 secs] 
2026-06-17T09:47:42.291+0800: 5.791: [GC (Allocation Failure) [PSYoungGen: 12170K->2206K(15360K)] 48489K->38525K(59392K), 0.0123310 secs] [Times: user=0.12 sys=0.01, real=0.01 secs] 
2026-06-17T09:47:42.326+0800: 5.826: [GC (Allocation Failure) [PSYoungGen: 11422K->3194K(15872K)] 47741K->41422K(59904K), 0.0061856 secs] [Times: user=0.03 sys=0.00, real=0.01 secs] 
2026-06-17T09:47:42.355+0800: 5.855: [GC (Allocation Failure) [PSYoungGen: 12876K->4675K(15360K)] 51104K->44465K(59392K), 0.0144414 secs] [Times: user=0.14 sys=0.00, real=0.01 secs] 
2026-06-17T09:47:42.393+0800: 5.893: [GC (Allocation Failure) [PSYoungGen: 14292K->1371K(15360K)] 54083K->43171K(59392K), 0.0105784 secs] [Times: user=0.09 sys=0.01, real=0.01 secs] 
2026-06-17T09:47:42.404+0800: 5.905: [Full GC (Ergonomics) [PSYoungGen: 1371K->0K(15360K)] [ParOldGen: 41799K->24728K(44032K)] 43171K->24728K(59392K), [Metaspace: 2707K->2707K(1056768K)], 0.0105392 secs] [Times: user=0.06 sys=0.00, real=0.01 secs] 
2026-06-17T09:47:42.449+0800: 5.949: [GC (Allocation Failure) [PSYoungGen: 9152K->2022K(15360K)] 33880K->26750K(59392K), 0.0109561 secs] [Times: user=0.09 sys=0.01, real=0.01 secs] 
2026-06-17T09:47:42.483+0800: 5.984: [GC (Allocation Failure) [PSYoungGen: 11217K->3175K(15872K)] 35946K->28840K(59904K), 0.0101527 secs] [Times: user=0.09 sys=0.00, real=0.01 secs] 
2026-06-17T09:47:42.516+0800: 6.016: [GC (Allocation Failure) [PSYoungGen: 12894K->4374K(15360K)] 38558K->31853K(59392K), 0.0109690 secs] [Times: user=0.12 sys=0.00, real=0.01 secs] 
2026-06-17T09:47:42.550+0800: 6.050: [GC (Allocation Failure) [PSYoungGen: 13964K->1632K(15360K)] 41444K->30780K(59392K), 0.0077638 secs] [Times: user=0.06 sys=0.00, real=0.01 secs] 
2026-06-17T09:47:42.591+0800: 6.092: [GC (Allocation Failure) [PSYoungGen: 10848K->2206K(15360K)] 39996K->32963K(59392K), 0.0087278 secs] [Times: user=0.07 sys=0.01, real=0.00 secs] 
2026-06-17T09:47:42.624+0800: 6.124: [GC (Allocation Failure) [PSYoungGen: 11422K->4263K(15360K)] 42179K->35388K(59392K), 0.0054050 secs] [Times: user=0.03 sys=0.00, real=0.00 secs] 
2026-06-17T09:47:42.654+0800: 6.154: [GC (Allocation Failure) [PSYoungGen: 13479K->4845K(14336K)] 44604K->37621K(58368K), 0.0067831 secs] [Times: user=0.03 sys=0.00, real=0.00 secs] 
2026-06-17T09:47:42.685+0800: 6.185: [GC (Allocation Failure) [PSYoungGen: 13835K->563K(14848K)] 46611K->36285K(58880K), 0.0054782 secs] [Times: user=0.02 sys=0.01, real=0.01 secs] 
2026-06-17T09:47:42.714+0800: 6.214: [GC (Allocation Failure) [PSYoungGen: 8719K->4738K(13312K)] 44441K->40999K(57344K), 0.0134555 secs] [Times: user=0.12 sys=0.01, real=0.01 secs] 
2026-06-17T09:47:42.751+0800: 6.251: [GC (Allocation Failure) [PSYoungGen: 12879K->4600K(14336K)] 49140K->42450K(58368K), 0.0114500 secs] [Times: user=0.11 sys=0.01, real=0.01 secs] 
2026-06-17T09:47:42.786+0800: 6.286: [GC (Allocation Failure) [PSYoungGen: 11743K->2600K(14336K)] 49592K->42524K(58368K), 0.0098411 secs] [Times: user=0.08 sys=0.01, real=0.01 secs] 
2026-06-17T09:47:42.820+0800: 6.320: [GC (Allocation Failure) [PSYoungGen: 9741K->2916K(14848K)] 49664K->42839K(58880K), 0.0101775 secs] [Times: user=0.08 sys=0.00, real=0.02 secs] 
2026-06-17T09:47:42.843+0800: 6.343: [GC (Allocation Failure) [PSYoungGen: 10416K->1228K(14336K)] 50339K->43151K(58368K), 0.0098203 secs] [Times: user=0.07 sys=0.00, real=0.01 secs] 
2026-06-17T09:47:42.854+0800: 6.355: [Full GC (Ergonomics) [PSYoungGen: 1228K->0K(14336K)] [ParOldGen: 41923K->24789K(44032K)] 43151K->24789K(58368K), [Metaspace: 2707K->2707K(1056768K)], 0.0102419 secs] [Times: user=0.07 sys=0.01, real=0.01 secs] 
2026-06-17T09:47:42.898+0800: 6.398: [GC (Allocation Failure) [PSYoungGen: 7649K->1046K(14848K)] 32438K->25835K(58880K), 0.0077784 secs] [Times: user=0.06 sys=0.00, real=0.01 secs] 
2026-06-17T09:47:42.929+0800: 6.429: [GC (Allocation Failure) [PSYoungGen: 9219K->1976K(14848K)] 34009K->27139K(58880K), 0.0093153 secs] [Times: user=0.08 sys=0.01, real=0.01 secs] 
2026-06-17T09:47:42.951+0800: 6.451: [GC (Allocation Failure) [PSYoungGen: 9951K->1132K(15360K)] 35114K->28049K(59392K), 0.0071889 secs] [Times: user=0.05 sys=0.01, real=0.00 secs] 
2026-06-17T09:47:42.982+0800: 6.482: [GC (Allocation Failure) [PSYoungGen: 9781K->4885K(14848K)] 36699K->32910K(58880K), 0.0097407 secs] [Times: user=0.09 sys=0.00, real=0.02 secs] 
2026-06-17T09:47:43.016+0800: 6.516: [GC (Allocation Failure) [PSYoungGen: 13542K->4935K(13824K)] 41567K->34488K(57856K), 0.0091409 secs] [Times: user=0.08 sys=0.00, real=0.01 secs] 
2026-06-17T09:47:43.048+0800: 6.549: [GC (Allocation Failure) [PSYoungGen: 12037K->32K(14336K)] 41590K->31645K(58368K), 0.0088052 secs] [Times: user=0.07 sys=0.00, real=0.01 secs] 
2026-06-17T09:47:43.081+0800: 6.581: [GC (Allocation Failure) [PSYoungGen: 7170K->3754K(14336K)] 38783K->35376K(58368K), 0.0103692 secs] [Times: user=0.09 sys=0.00, real=0.02 secs] 
2026-06-17T09:47:43.115+0800: 6.615: [GC (Allocation Failure) [PSYoungGen: 10904K->2340K(14336K)] 42525K->35795K(58368K), 0.0103479 secs] [Times: user=0.10 sys=0.00, real=0.01 secs] 
2026-06-17T09:47:43.149+0800: 6.649: [GC (Allocation Failure) [PSYoungGen: 9464K->236K(14336K)] 42919K->35969K(58368K), 0.0099108 secs] [Times: user=0.09 sys=0.01, real=0.01 secs] 
2026-06-17T09:47:43.171+0800: 6.671: [GC (Allocation Failure) [PSYoungGen: 7362K->3901K(14336K)] 43095K->39634K(58368K), 0.0067179 secs] [Times: user=0.06 sys=0.00, real=0.00 secs] 
2026-06-17T09:47:43.200+0800: 6.700: [GC (Allocation Failure) [PSYoungGen: 11049K->1972K(14848K)] 46782K->39785K(58880K), 0.0085469 secs] [Times: user=0.07 sys=0.00, real=0.01 secs] 
2026-06-17T09:47:43.221+0800: 6.721: [GC (Allocation Failure) [PSYoungGen: 8713K->1770K(14336K)] 46526K->39583K(58368K), 0.0089046 secs] [Times: user=0.09 sys=0.00, real=0.01 secs] 
2026-06-17T09:47:43.252+0800: 6.753: [GC (Allocation Failure) [PSYoungGen: 9442K->4289K(14848K)] 47255K->43848K(58880K), 0.0059154 secs] [Times: user=0.04 sys=0.00, real=0.00 secs] 
2026-06-17T09:47:43.281+0800: 6.781: [GC (Allocation Failure) [PSYoungGen: 12478K->4549K(12800K)] 52038K->45249K(56832K), 0.0125908 secs] [Times: user=0.11 sys=0.01, real=0.02 secs] 
2026-06-17T09:47:43.317+0800: 6.817: [GC (Allocation Failure) [PSYoungGen: 12682K->3364K(14848K)] 53381K->46396K(58880K), 0.0094801 secs] [Times: user=0.08 sys=0.00, real=0.01 secs] 
2026-06-17T09:47:43.328+0800: 6.828: [Full GC (Ergonomics) [PSYoungGen: 3364K->0K(14848K)] [ParOldGen: 43032K->27712K(44032K)] 46396K->27712K(58880K), [Metaspace: 2707K->2707K(1056768K)], 0.0130997 secs] [Times: user=0.11 sys=0.00, real=0.01 secs] 
2026-06-17T09:47:43.363+0800: 6.863: [GC (Allocation Failure) [PSYoungGen: 7680K->4240K(14336K)] 35392K->31952K(58368K), 0.0105128 secs] [Times: user=0.11 sys=0.00, real=0.01 secs] 
2026-06-17T09:47:43.396+0800: 6.896: [GC (Allocation Failure) [PSYoungGen: 11890K->2591K(14848K)] 39602K->32646K(58880K), 0.0078236 secs] [Times: user=0.05 sys=0.01, real=0.01 secs] 
2026-06-17T09:47:43.417+0800: 6.918: [GC (Allocation Failure) [PSYoungGen: 10232K->902K(14336K)] 40287K->33239K(58368K), 0.0119665 secs] [Times: user=0.11 sys=0.00, real=0.01 secs] 
2026-06-17T09:47:43.453+0800: 6.953: [GC (Allocation Failure) [PSYoungGen: 8581K->4051K(14848K)] 40918K->37267K(58880K), 0.0066356 secs] [Times: user=0.04 sys=0.00, real=0.00 secs] 
2026-06-17T09:47:43.483+0800: 6.983: [GC (Allocation Failure) [PSYoungGen: 12240K->3643K(14848K)] 45455K->38248K(58880K), 0.0141261 secs] [Times: user=0.12 sys=0.00, real=0.01 secs] 
2026-06-17T09:47:43.520+0800: 7.021: [GC (Allocation Failure) [PSYoungGen: 11810K->3457K(14848K)] 46414K->39743K(58880K), 0.0112754 secs] [Times: user=0.12 sys=0.00, real=0.02 secs] 
2026-06-17T09:47:43.555+0800: 7.055: [GC (Allocation Failure) [PSYoungGen: 11649K->5008K(13312K)] 47935K->41295K(57344K), 0.0093199 secs] [Times: user=0.07 sys=0.00, real=0.01 secs] 
2026-06-17T09:47:43.587+0800: 7.087: [GC (Allocation Failure) [PSYoungGen: 13170K->3059K(14848K)] 49457K->42471K(58880K), 0.0114031 secs] [Times: user=0.12 sys=0.01, real=0.01 secs] 
2026-06-17T09:47:43.620+0800: 7.121: [GC (Allocation Failure) [PSYoungGen: 10736K->2045K(14336K)] 50147K->43344K(58368K), 0.0107722 secs] [Times: user=0.11 sys=0.00, real=0.02 secs] 
2026-06-17T09:47:43.633+0800: 7.133: [Full GC (Ergonomics) [PSYoungGen: 2045K->0K(14336K)] [ParOldGen: 41298K->29889K(44032K)] 43344K->29889K(58368K), [Metaspace: 2707K->2707K(1056768K)], 0.0091804 secs] [Times: user=0.06 sys=0.00, real=0.00 secs] 
2026-06-17T09:47:43.664+0800: 7.165: [GC (Allocation Failure) [PSYoungGen: 7669K->4377K(14848K)] 37558K->34266K(58880K), 0.0228192 secs] [Times: user=0.24 sys=0.00, real=0.02 secs] 
2026-06-17T09:47:43.700+0800: 7.200: [GC (Allocation Failure) [PSYoungGen: 12490K->1843K(14848K)] 42380K->35221K(58880K), 0.0123868 secs] [Times: user=0.12 sys=0.01, real=0.02 secs] 
2026-06-17T09:47:43.746+0800: 7.246: [GC (Allocation Failure) [PSYoungGen: 10035K->1523K(14848K)] 43413K->36720K(58880K), 0.0105322 secs] [Times: user=0.11 sys=0.00, real=0.01 secs] 
2026-06-17T09:47:43.779+0800: 7.279: [GC (Allocation Failure) [PSYoungGen: 9684K->1816K(14848K)] 44881K->37345K(58880K), 0.0095392 secs] [Times: user=0.08 sys=0.00, real=0.01 secs] 
2026-06-17T09:47:43.802+0800: 7.302: [GC (Allocation Failure) [PSYoungGen: 9947K->1515K(15360K)] 45477K->38680K(59392K), 0.0105280 secs] [Times: user=0.10 sys=0.00, real=0.02 secs] 
2026-06-17T09:47:43.846+0800: 7.346: [GC (Allocation Failure) [PSYoungGen: 10731K->2121K(15360K)] 47896K->40745K(59392K), 0.0155708 secs] [Times: user=0.09 sys=0.01, real=0.01 secs] 
2026-06-17T09:47:43.885+0800: 7.385: [GC (Allocation Failure) [PSYoungGen: 11337K->2820K(15872K)] 49961K->43308K(59904K), 0.0115451 secs] [Times: user=0.10 sys=0.01, real=0.01 secs] 
2026-06-17T09:47:43.920+0800: 7.420: [GC (Allocation Failure) [PSYoungGen: 12539K->4041K(15360K)] 53027K->46291K(59392K), 0.0071349 secs] [Times: user=0.04 sys=0.00, real=0.01 secs] 
2026-06-17T09:47:43.928+0800: 7.428: [Full GC (Ergonomics) [PSYoungGen: 4041K->0K(15360K)] [ParOldGen: 42250K->25635K(44032K)] 46291K->25635K(59392K), [Metaspace: 2707K->2707K(1056768K)], 0.0150178 secs] [Times: user=0.10 sys=0.01, real=0.02 secs] 
2026-06-17T09:47:43.966+0800: 7.466: [GC (Allocation Failure) [PSYoungGen: 9496K->2588K(15872K)] 35131K->28224K(59904K), 0.0075639 secs] [Times: user=0.07 sys=0.00, real=0.01 secs] 
2026-06-17T09:47:44.007+0800: 7.507: [GC (Allocation Failure) [PSYoungGen: 12316K->2438K(15360K)] 37952K->30630K(59392K), 0.0061002 secs] [Times: user=0.03 sys=0.00, real=0.01 secs] 
2026-06-17T09:47:44.036+0800: 7.536: [GC (Allocation Failure) [PSYoungGen: 12115K->4654K(14848K)] 40308K->33408K(58880K), 0.0112052 secs] [Times: user=0.11 sys=0.01, real=0.01 secs] 
2026-06-17T09:47:44.071+0800: 7.571: [GC (Allocation Failure) [PSYoungGen: 13870K->4752K(15360K)] 42624K->35409K(59392K), 0.0134296 secs] [Times: user=0.12 sys=0.00, real=0.01 secs] 
2026-06-17T09:47:44.109+0800: 7.609: [GC (Allocation Failure) [PSYoungGen: 13717K->1661K(15360K)] 44375K->34098K(59392K), 0.0119209 secs] [Times: user=0.11 sys=0.01, real=0.01 secs] 
2026-06-17T09:47:44.155+0800: 7.655: [GC (Allocation Failure) [PSYoungGen: 10862K->1936K(15360K)] 43300K->35978K(59392K), 0.0103634 secs] [Times: user=0.09 sys=0.00, real=0.01 secs] 
2026-06-17T09:47:44.189+0800: 7.689: [GC (Allocation Failure) [PSYoungGen: 11098K->2971K(15360K)] 45141K->38361K(59392K), 0.0116809 secs] [Times: user=0.12 sys=0.00, real=0.01 secs] 
2026-06-17T09:47:44.224+0800: 7.724: [GC (Allocation Failure) [PSYoungGen: 12168K->3446K(15360K)] 47558K->40950K(59392K), 0.0084387 secs] [Times: user=0.06 sys=0.00, real=0.01 secs] 
2026-06-17T09:47:44.257+0800: 7.757: [GC (Allocation Failure) [PSYoungGen: 12662K->32K(14848K)] 50166K->39403K(58880K), 0.0089564 secs] [Times: user=0.07 sys=0.00, real=0.01 secs] 
2026-06-17T09:47:44.300+0800: 7.800: [GC (Allocation Failure) [PSYoungGen: 9248K->2362K(15360K)] 48619K->41742K(59392K), 0.0149632 secs] [Times: user=0.11 sys=0.00, real=0.02 secs] 
2026-06-17T09:47:44.337+0800: 7.838: [GC (Allocation Failure) [PSYoungGen: 11549K->2686K(15872K)] 50929K->43974K(59904K), 0.0144430 secs] [Times: user=0.14 sys=0.00, real=0.02 secs] 
2026-06-17T09:47:44.353+0800: 7.853: [Full GC (Ergonomics) [PSYoungGen: 2686K->0K(15872K)] [ParOldGen: 41288K->22198K(44032K)] 43974K->22198K(59904K), [Metaspace: 2707K->2707K(1056768K)], 0.0116467 secs] [Times: user=0.09 sys=0.01, real=0.01 secs] 
2026-06-17T09:47:44.387+0800: 7.887: [GC (Allocation Failure) [PSYoungGen: 10196K->5614K(15872K)] 32394K->28934K(59904K), 0.0114722 secs] [Times: user=0.12 sys=0.00, real=0.01 secs] 
2026-06-17T09:47:44.423+0800: 7.923: [GC (Allocation Failure) [PSYoungGen: 15576K->1899K(13824K)] 38896K->28631K(57856K), 0.0076236 secs] [Times: user=0.05 sys=0.01, real=0.01 secs] 
2026-06-17T09:47:44.464+0800: 7.964: [GC (Allocation Failure) [PSYoungGen: 10091K->1684K(14848K)] 36823K->30291K(58880K), 0.0086452 secs] [Times: user=0.05 sys=0.00, real=0.01 secs] 
2026-06-17T09:47:44.486+0800: 7.986: [GC (Allocation Failure) [PSYoungGen: 9876K->5066K(13824K)] 38483K->34990K(57856K), 0.0110944 secs] [Times: user=0.11 sys=0.00, real=0.01 secs] 
2026-06-17T09:47:44.520+0800: 8.020: [GC (Allocation Failure) [PSYoungGen: 12157K->32K(14336K)] 42081K->31668K(58368K), 0.0079261 secs] [Times: user=0.04 sys=0.00, real=0.01 secs] 
2026-06-17T09:47:44.551+0800: 8.051: [GC (Allocation Failure) [PSYoungGen: 7172K->3784K(14336K)] 38808K->35429K(58368K), 0.0121259 secs] [Times: user=0.13 sys=0.01, real=0.01 secs] 
2026-06-17T09:47:44.577+0800: 8.077: [GC (Allocation Failure) [PSYoungGen: 10868K->1647K(14336K)] 42513K->35478K(58368K), 0.0121533 secs] [Times: user=0.10 sys=0.00, real=0.01 secs] 
2026-06-17T09:47:44.613+0800: 8.113: [GC (Allocation Failure) [PSYoungGen: 8766K->3897K(14336K)] 42598K->39351K(58368K), 0.0112715 secs] [Times: user=0.10 sys=0.00, real=0.01 secs] 
2026-06-17T09:47:44.648+0800: 8.148: [GC (Allocation Failure) [PSYoungGen: 11065K->3308K(14336K)] 46519K->39203K(58368K), 0.0054197 secs] [Times: user=0.04 sys=0.00, real=0.01 secs] 
2026-06-17T09:47:44.677+0800: 8.177: [GC (Allocation Failure) [PSYoungGen: 10438K->1541K(14848K)] 46333K->39309K(58880K), 0.0126215 secs] [Times: user=0.12 sys=0.01, real=0.01 secs] 
2026-06-17T09:47:44.713+0800: 8.213: [GC (Allocation Failure) [PSYoungGen: 9733K->2716K(14848K)] 47501K->40483K(58880K), 0.0125728 secs] [Times: user=0.12 sys=0.00, real=0.01 secs] 
2026-06-17T09:47:44.739+0800: 8.239: [GC (Allocation Failure) [PSYoungGen: 10848K->2033K(15360K)] 48616K->41813K(59392K), 0.0085282 secs] [Times: user=0.06 sys=0.01, real=0.01 secs] 
2026-06-17T09:47:44.782+0800: 8.282: [GC (Allocation Failure) [PSYoungGen: 11233K->2086K(15360K)] 51014K->43876K(59392K), 0.0086108 secs] [Times: user=0.06 sys=0.00, real=0.02 secs] 
2026-06-17T09:47:44.792+0800: 8.293: [Full GC (Ergonomics) [PSYoungGen: 2086K->0K(15360K)] [ParOldGen: 41789K->30493K(44032K)] 43876K->30493K(59392K), [Metaspace: 2707K->2707K(1056768K)], 0.0136492 secs] [Times: user=0.09 sys=0.01, real=0.01 secs] 
2026-06-17T09:47:44.829+0800: 8.329: [GC (Allocation Failure) [PSYoungGen: 9210K->5616K(13824K)] 39703K->36258K(57856K), 0.0117948 secs] [Times: user=0.12 sys=0.01, real=0.01 secs] 
2026-06-17T09:47:44.865+0800: 8.365: [GC (Allocation Failure) [PSYoungGen: 13787K->2304K(14848K)] 44430K->37364K(58880K), 0.0079971 secs] [Times: user=0.05 sys=0.00, real=0.01 secs] 
2026-06-17T09:47:44.896+0800: 8.396: [GC (Allocation Failure) [PSYoungGen: 10496K->1777K(15360K)] 45556K->38266K(59392K), 0.0110237 secs] [Times: user=0.11 sys=0.01, real=0.01 secs] 
2026-06-17T09:47:44.931+0800: 8.431: [GC (Allocation Failure) [PSYoungGen: 10481K->3557K(14848K)] 46970K->40046K(58880K), 0.0111574 secs] [Times: user=0.10 sys=0.00, real=0.00 secs] 
2026-06-17T09:47:44.966+0800: 8.466: [GC (Allocation Failure) [PSYoungGen: 12232K->3084K(15360K)] 48721K->41647K(59392K), 0.0106773 secs] [Times: user=0.08 sys=0.01, real=0.01 secs] 
2026-06-17T09:47:45.000+0800: 8.500: [GC (Allocation Failure) [PSYoungGen: 12286K->3071K(15360K)] 50849K->43910K(59392K), 0.0096751 secs] [Times: user=0.06 sys=0.00, real=0.02 secs] 
2026-06-17T09:47:45.011+0800: 8.511: [Full GC (Ergonomics) [PSYoungGen: 3071K->0K(15360K)] [ParOldGen: 40838K->31365K(44032K)] 43910K->31365K(59392K), [Metaspace: 2707K->2707K(1056768K)], 0.0104698 secs] [Times: user=0.06 sys=0.01, real=0.00 secs] 
2026-06-17T09:47:45.045+0800: 8.545: [GC (Allocation Failure) [PSYoungGen: 9186K->5594K(13824K)] 40551K->36959K(57856K), 0.0116830 secs] [Times: user=0.11 sys=0.00, real=0.01 secs] 
2026-06-17T09:47:45.080+0800: 8.580: [GC (Allocation Failure) [PSYoungGen: 13786K->3246K(14848K)] 45151K->38237K(58880K), 0.0133961 secs] [Times: user=0.12 sys=0.00, real=0.02 secs] 
2026-06-17T09:47:45.118+0800: 8.618: [GC (Allocation Failure) [PSYoungGen: 11426K->2983K(15360K)] 46416K->39506K(59392K), 0.0098051 secs] [Times: user=0.08 sys=0.00, real=0.01 secs] 
2026-06-17T09:47:45.152+0800: 8.652: [GC (Allocation Failure) [PSYoungGen: 12166K->5253K(14848K)] 48690K->41776K(58880K), 0.0093650 secs] [Times: user=0.08 sys=0.00, real=0.00 secs] 
2026-06-17T09:47:45.195+0800: 8.696: [GC (Allocation Failure) [PSYoungGen: 14448K->1924K(14848K)] 50971K->40499K(58880K), 0.0112831 secs] [Times: user=0.09 sys=0.01, real=0.01 secs] 
2026-06-17T09:47:45.219+0800: 8.720: [GC (Allocation Failure) [PSYoungGen: 10059K->1010K(14848K)] 48635K->41453K(58880K), 0.0067440 secs] [Times: user=0.04 sys=0.00, real=0.01 secs] 
2026-06-17T09:47:45.228+0800: 8.728: [Full GC (Ergonomics) [PSYoungGen: 1010K->0K(14848K)] [ParOldGen: 40443K->28027K(44032K)] 41453K->28027K(58880K), [Metaspace: 2707K->2707K(1056768K)], 0.0081899 secs] [Times: user=0.05 sys=0.01, real=0.01 secs] 
2026-06-17T09:47:45.269+0800: 8.769: [GC (Allocation Failure) [PSYoungGen: 8182K->1679K(14848K)] 36210K->29706K(58880K), 0.0065216 secs] [Times: user=0.02 sys=0.01, real=0.01 secs] 
2026-06-17T09:47:45.289+0800: 8.789: [GC (Allocation Failure) [PSYoungGen: 9818K->5493K(13824K)] 37846K->34621K(57856K), 0.0063892 secs] [Times: user=0.04 sys=0.00, real=0.01 secs] 
2026-06-17T09:47:45.318+0800: 8.818: [GC (Allocation Failure) [PSYoungGen: 13542K->961K(14336K)] 42671K->32155K(58368K), 0.0109532 secs] [Times: user=0.12 sys=0.00, real=0.01 secs] 
2026-06-17T09:47:45.352+0800: 8.852: [GC (Allocation Failure) [PSYoungGen: 8127K->4001K(14336K)] 39322K->36133K(58368K), 0.0093298 secs] [Times: user=0.10 sys=0.00, real=0.00 secs] 
2026-06-17T09:47:45.384+0800: 8.884: [GC (Allocation Failure) [PSYoungGen: 11126K->2244K(14848K)] 43257K->36631K(58880K), 0.0086419 secs] [Times: user=0.07 sys=0.01, real=0.01 secs] 
2026-06-17T09:47:45.416+0800: 8.916: [GC (Allocation Failure) [PSYoungGen: 9907K->1010K(14336K)] 44294K->37396K(58368K), 0.0080515 secs] [Times: user=0.07 sys=0.00, real=0.01 secs] 
2026-06-17T09:47:45.437+0800: 8.937: [GC (Allocation Failure) [PSYoungGen: 8681K->5187K(13824K)] 45067K->41572K(57856K), 0.0103642 secs] [Times: user=0.10 sys=0.00, real=0.01 secs] 
2026-06-17T09:47:45.471+0800: 8.971: [GC (Allocation Failure) [PSYoungGen: 12353K->3557K(14336K)] 48738K->41977K(58368K), 0.0090970 secs] [Times: user=0.08 sys=0.01, real=0.00 secs] 
2026-06-17T09:47:45.503+0800: 9.003: [GC (Allocation Failure) [PSYoungGen: 10720K->3665K(14336K)] 49139K->42085K(58368K), 0.0096274 secs] [Times: user=0.07 sys=0.01, real=0.01 secs] 
2026-06-17T09:47:45.525+0800: 9.026: [GC (Allocation Failure) [PSYoungGen: 10684K->1335K(14336K)] 49104K->41941K(58368K), 0.0091438 secs] [Times: user=0.09 sys=0.00, real=0.01 secs] 
2026-06-17T09:47:45.567+0800: 9.068: [GC (Allocation Failure) [PSYoungGen: 8490K->760K(14336K)] 49096K->42677K(58368K), 0.0089781 secs] [Times: user=0.06 sys=0.01, real=0.01 secs] 
2026-06-17T09:47:45.578+0800: 9.078: [Full GC (Ergonomics) [PSYoungGen: 760K->0K(14336K)] [ParOldGen: 41917K->27613K(44032K)] 42677K->27613K(58368K), [Metaspace: 2707K->2707K(1056768K)], 0.0092686 secs] [Times: user=0.04 sys=0.01, real=0.01 secs] 
2026-06-17T09:47:45.599+0800: 9.100: [GC (Allocation Failure) [PSYoungGen: 7154K->7130K(14336K)] 34768K->34794K(58368K), 0.0108603 secs] [Times: user=0.12 sys=0.00, real=0.02 secs] 
2026-06-17T09:47:45.633+0800: 9.133: [GC (Allocation Failure) [PSYoungGen: 14298K->1811K(14336K)] 41962K->34853K(58368K), 0.0084792 secs] [Times: user=0.08 sys=0.01, real=0.00 secs] 
2026-06-17T09:47:45.654+0800: 9.154: [GC (Allocation Failure) [PSYoungGen: 8974K->4453K(14336K)] 42017K->38310K(58368K), 0.0091272 secs] [Times: user=0.09 sys=0.00, real=0.01 secs] 
2026-06-17T09:47:45.686+0800: 9.186: [GC (Allocation Failure) [PSYoungGen: 11609K->2451K(14336K)] 45466K->38313K(58368K), 0.0076194 secs] [Times: user=0.06 sys=0.00, real=0.01 secs] 
2026-06-17T09:47:45.718+0800: 9.218: [GC (Allocation Failure) [PSYoungGen: 9600K->2841K(14336K)] 45461K->38703K(58368K), 0.0082660 secs] [Times: user=0.05 sys=0.01, real=0.01 secs] 
2026-06-17T09:47:45.739+0800: 9.239: [GC (Allocation Failure) [PSYoungGen: 9869K->957K(14336K)] 45731K->38687K(58368K), 0.0099086 secs] [Times: user=0.11 sys=0.00, real=0.01 secs] 
2026-06-17T09:47:45.772+0800: 9.272: [GC (Allocation Failure) [PSYoungGen: 8089K->3739K(14336K)] 45819K->42370K(58368K), 0.0094621 secs] [Times: user=0.09 sys=0.00, real=0.00 secs] 
2026-06-17T09:47:45.805+0800: 9.305: [GC (Allocation Failure) [PSYoungGen: 10859K->2841K(14848K)] 49491K->42663K(58880K), 0.0070053 secs] [Times: user=0.02 sys=0.01, real=0.01 secs] 
2026-06-17T09:47:45.836+0800: 9.336: [GC (Allocation Failure) [PSYoungGen: 10521K->2048K(14336K)] 50343K->43514K(58368K), 0.0071179 secs] [Times: user=0.03 sys=0.00, real=0.01 secs] 
2026-06-17T09:47:45.844+0800: 9.345: [Full GC (Ergonomics) [PSYoungGen: 2048K->0K(14336K)] [ParOldGen: 41466K->30422K(44032K)] 43514K->30422K(58368K), [Metaspace: 2707K->2707K(1056768K)], 0.0070400 secs] [Times: user=0.05 sys=0.00, real=0.01 secs] 
2026-06-17T09:47:45.874+0800: 9.375: [GC (Allocation Failure) [PSYoungGen: 7680K->4415K(14848K)] 38102K->34838K(58880K), 0.0078176 secs] [Times: user=0.04 sys=0.01, real=0.01 secs] 
2026-06-17T09:47:45.905+0800: 9.406: [GC (Allocation Failure) [PSYoungGen: 12576K->1717K(14848K)] 42998K->35976K(58880K), 0.0127679 secs] [Times: user=0.14 sys=0.00, real=0.01 secs] 
2026-06-17T09:47:45.931+0800: 9.432: [GC (Allocation Failure) [PSYoungGen: 9859K->4687K(13824K)] 44118K->40538K(57856K), 0.0109324 secs] [Times: user=0.08 sys=0.00, real=0.01 secs] 
2026-06-17T09:47:45.966+0800: 9.466: [GC (Allocation Failure) [PSYoungGen: 11855K->3529K(14336K)] 47706K->40635K(58368K), 0.0097504 secs] [Times: user=0.10 sys=0.00, real=0.01 secs] 
2026-06-17T09:47:45.999+0800: 9.499: [GC (Allocation Failure) [PSYoungGen: 10671K->1716K(14848K)] 47777K->40739K(58880K), 0.0096657 secs] [Times: user=0.07 sys=0.01, real=0.01 secs] 
2026-06-17T09:47:46.032+0800: 9.532: [GC (Allocation Failure) [PSYoungGen: 9898K->3027K(14848K)] 48922K->42050K(58880K), 0.0141794 secs] [Times: user=0.14 sys=0.00, real=0.01 secs] 
2026-06-17T09:47:46.070+0800: 9.570: [GC (Allocation Failure) [PSYoungGen: 11219K->2201K(15360K)] 50242K->43187K(59392K), 0.0088257 secs] [Times: user=0.07 sys=0.00, real=0.01 secs] 
2026-06-17T09:47:46.080+0800: 9.580: [Full GC (Ergonomics) [PSYoungGen: 2201K->0K(15360K)] [ParOldGen: 40986K->29719K(44032K)] 43187K->29719K(59392K), [Metaspace: 2707K->2707K(1056768K)], 0.0129374 secs] [Times: user=0.09 sys=0.01, real=0.02 secs] 
2026-06-17T09:47:46.116+0800: 9.616: [GC (Allocation Failure) [PSYoungGen: 9191K->5358K(14848K)] 38910K->35078K(58880K), 0.0122140 secs] [Times: user=0.12 sys=0.00, real=0.01 secs] 
2026-06-17T09:47:46.162+0800: 9.662: [GC (Allocation Failure) [PSYoungGen: 14567K->1835K(14848K)] 44287K->34333K(58880K), 0.0073008 secs] [Times: user=0.06 sys=0.00, real=0.01 secs] 
2026-06-17T09:47:46.181+0800: 9.681: [GC (Allocation Failure) [PSYoungGen: 10010K->4663K(13312K)] 42509K->38878K(57344K), 0.0083643 secs] [Times: user=0.08 sys=0.00, real=0.01 secs] 
2026-06-17T09:47:46.213+0800: 9.713: [GC (Allocation Failure) [PSYoungGen: 12815K->3384K(14848K)] 47030K->39839K(58880K), 0.0072953 secs] [Times: user=0.04 sys=0.00, real=0.00 secs] 
2026-06-17T09:47:46.243+0800: 9.743: [GC (Allocation Failure) [PSYoungGen: 11041K->3924K(14336K)] 47496K->40380K(58368K), 0.0145686 secs] [Times: user=0.11 sys=0.01, real=0.02 secs] 
2026-06-17T09:47:46.290+0800: 9.790: [GC (Allocation Failure) [PSYoungGen: 11604K->1627K(14848K)] 48060K->40987K(58880K), 0.0111655 secs] [Times: user=0.11 sys=0.00, real=0.01 secs] 
2026-06-17T09:47:46.323+0800: 9.824: [GC (Allocation Failure) [PSYoungGen: 9776K->1459K(14848K)] 49136K->42331K(58880K), 0.0090786 secs] [Times: user=0.07 sys=0.00, real=0.01 secs] 
2026-06-17T09:47:46.334+0800: 9.834: [Full GC (Ergonomics) [PSYoungGen: 1459K->0K(14848K)] [ParOldGen: 40872K->29220K(44032K)] 42331K->29220K(58880K), [Metaspace: 2707K->2707K(1056768K)], 0.0116033 secs] [Times: user=0.07 sys=0.01, real=0.01 secs] 
2026-06-17T09:47:46.368+0800: 9.868: [GC (Allocation Failure) [PSYoungGen: 8179K->4902K(13824K)] 37399K->34122K(57856K), 0.0096610 secs] [Times: user=0.10 sys=0.00, real=0.01 secs] 
2026-06-17T09:47:46.390+0800: 9.890: [GC (Allocation Failure) [PSYoungGen: 11741K->985K(14336K)] 40961K->34032K(58368K), 0.0108371 secs] [Times: user=0.13 sys=0.00, real=0.01 secs] 
2026-06-17T09:47:46.423+0800: 9.924: [GC (Allocation Failure) [PSYoungGen: 8152K->3749K(14848K)] 41200K->37757K(58880K), 0.0084098 secs] [Times: user=0.08 sys=0.00, real=0.01 secs] 
2026-06-17T09:47:46.456+0800: 9.956: [GC (Allocation Failure) [PSYoungGen: 11402K->3153K(14336K)] 45411K->38104K(58368K), 0.0119825 secs] [Times: user=0.11 sys=0.00, real=0.01 secs] 
2026-06-17T09:47:46.492+0800: 9.992: [GC (Allocation Failure) [PSYoungGen: 10833K->2049K(14848K)] 45784K->39027K(58880K), 0.0083612 secs] [Times: user=0.04 sys=0.01, real=0.00 secs] 
2026-06-17T09:47:46.524+0800: 10.024: [GC (Allocation Failure) [PSYoungGen: 10192K->3176K(14848K)] 47170K->40154K(58880K), 0.0094988 secs] [Times: user=0.08 sys=0.00, real=0.01 secs] 
2026-06-17T09:47:46.546+0800: 10.046: [GC (Allocation Failure) [PSYoungGen: 11267K->1677K(15360K)] 48245K->40923K(59392K), 0.0108235 secs] [Times: user=0.11 sys=0.00, real=0.01 secs] 
2026-06-17T09:47:46.592+0800: 10.092: [GC (Allocation Failure) [PSYoungGen: 10857K->1705K(15360K)] 50104K->42605K(59392K), 0.0101995 secs] [Times: user=0.10 sys=0.00, real=0.01 secs] 
2026-06-17T09:47:46.603+0800: 10.103: [Full GC (Ergonomics) [PSYoungGen: 1705K->0K(15360K)] [ParOldGen: 40899K->29812K(44032K)] 42605K->29812K(59392K), [Metaspace: 2707K->2707K(1056768K)], 0.0089218 secs] [Times: user=0.04 sys=0.01, real=0.01 secs] 
2026-06-17T09:47:46.625+0800: 10.125: [GC (Allocation Failure) [PSYoungGen: 9169K->6138K(13312K)] 38982K->39010K(57344K), 0.0092060 secs] [Times: user=0.10 sys=0.01, real=0.01 secs] 
2026-06-17T09:47:46.657+0800: 10.157: [GC (Allocation Failure) [PSYoungGen: 13289K->3158K(14336K)] 46161K->40486K(58368K), 0.0100555 secs] [Times: user=0.09 sys=0.00, real=0.01 secs] 
2026-06-17T09:47:46.690+0800: 10.190: [GC (Allocation Failure) [PSYoungGen: 10294K->3180K(14336K)] 47622K->40508K(58368K), 0.0099662 secs] [Times: user=0.09 sys=0.01, real=0.01 secs] 
2026-06-17T09:47:46.713+0800: 10.213: [GC (Allocation Failure) [PSYoungGen: 10199K->1375K(14336K)] 47527K->40259K(58368K), 0.0122949 secs] [Times: user=0.12 sys=0.00, real=0.01 secs] 
2026-06-17T09:47:46.749+0800: 10.249: [GC (Allocation Failure) [PSYoungGen: 8539K->3889K(14336K)] 47423K->44124K(58368K), 0.0082877 secs] [Times: user=0.05 sys=0.00, real=0.01 secs] 
2026-06-17T09:47:46.759+0800: 10.259: [Full GC (Ergonomics) [PSYoungGen: 3889K->0K(14336K)] [ParOldGen: 40235K->29227K(44032K)] 44124K->29227K(58368K), [Metaspace: 2707K->2707K(1056768K)], 0.0115625 secs] [Times: user=0.08 sys=0.01, real=0.02 secs] 
2026-06-17T09:47:46.794+0800: 10.294: [GC (Allocation Failure) [PSYoungGen: 7146K->3761K(14336K)] 36373K->32989K(58368K), 0.0120226 secs] [Times: user=0.12 sys=0.00, real=0.01 secs] 
2026-06-17T09:47:46.829+0800: 10.329: [GC (Allocation Failure) [PSYoungGen: 10929K->1933K(14848K)] 40157K->33332K(58880K), 0.0075852 secs] [Times: user=0.04 sys=0.02, real=0.01 secs] 
2026-06-17T09:47:46.850+0800: 10.350: [GC (Allocation Failure) [PSYoungGen: 9064K->2275K(14336K)] 40464K->33674K(58368K), 0.0117509 secs] [Times: user=0.12 sys=0.00, real=0.01 secs] 
2026-06-17T09:47:46.884+0800: 10.384: [GC (Allocation Failure) [PSYoungGen: 9948K->4123K(14848K)] 41347K->37773K(58880K), 0.0070718 secs] [Times: user=0.05 sys=0.00, real=0.01 secs] 
2026-06-17T09:47:46.914+0800: 10.414: [GC (Allocation Failure) [PSYoungGen: 12308K->4178K(14848K)] 45958K->38842K(58880K), 0.0027544 secs] [Times: user=0.02 sys=0.00, real=0.00 secs] 
2026-06-17T09:47:46.939+0800: 10.439: [GC (Allocation Failure) [PSYoungGen: 12365K->3908K(14848K)] 47028K->40392K(58880K), 0.0082673 secs] [Times: user=0.10 sys=0.00, real=0.01 secs] 
2026-06-17T09:47:46.969+0800: 10.469: [GC (Allocation Failure) [PSYoungGen: 12074K->2940K(14848K)] 48558K->41688K(58880K), 0.0042813 secs] [Times: user=0.03 sys=0.00, real=0.01 secs] 
2026-06-17T09:47:46.995+0800: 10.495: [GC (Allocation Failure) [PSYoungGen: 11086K->4035K(14848K)] 49834K->42783K(58880K), 0.0055013 secs] [Times: user=0.06 sys=0.00, real=0.00 secs] 
2026-06-17T09:47:47.022+0800: 10.523: [GC (Allocation Failure) [PSYoungGen: 12224K->3730K(14848K)] 50972K->44176K(58880K), 0.0065230 secs] [Times: user=0.08 sys=0.00, real=0.01 secs] 
2026-06-17T09:47:47.051+0800: 10.551: [GC (Allocation Failure) [PSYoungGen: 11885K->2966K(15360K)] 52331K->45494K(59392K), 0.0034255 secs] [Times: user=0.01 sys=0.01, real=0.00 secs] 
2026-06-17T09:47:47.056+0800: 10.556: [Full GC (Ergonomics) [PSYoungGen: 2966K->0K(15360K)] [ParOldGen: 42528K->25405K(44032K)] 45494K->25405K(59392K), [Metaspace: 2707K->2707K(1056768K)], 0.0080011 secs] [Times: user=0.08 sys=0.00, real=0.01 secs] 
2026-06-17T09:47:47.086+0800: 10.586: [GC (Allocation Failure) [PSYoungGen: 9167K->5759K(15360K)] 34572K->31164K(59392K), 0.0031927 secs] [Times: user=0.02 sys=0.00, real=0.00 secs] 
2026-06-17T09:47:47.111+0800: 10.611: [GC (Allocation Failure) [PSYoungGen: 14975K->5268K(13312K)] 40380K->33237K(57344K), 0.0031680 secs] [Times: user=0.01 sys=0.00, real=0.00 secs] 
2026-06-17T09:47:47.136+0800: 10.637: [GC (Allocation Failure) [PSYoungGen: 12396K->2660K(14336K)] 40365K->33390K(58368K), 0.0108204 secs] [Times: user=0.12 sys=0.00, real=0.01 secs] 
2026-06-17T09:47:47.169+0800: 10.669: [GC (Allocation Failure) [PSYoungGen: 9811K->3360K(14848K)] 40541K->34090K(58880K), 0.0065007 secs] [Times: user=0.06 sys=0.00, real=0.01 secs] 
2026-06-17T09:47:47.187+0800: 10.687: [GC (Allocation Failure) [PSYoungGen: 10787K->1420K(14336K)] 41516K->34396K(58368K), 0.0086797 secs] [Times: user=0.10 sys=0.00, real=0.01 secs] 
2026-06-17T09:47:47.217+0800: 10.718: [GC (Allocation Failure) [PSYoungGen: 9089K->4386K(14848K)] 42065K->38758K(58880K), 0.0056121 secs] [Times: user=0.04 sys=0.01, real=0.01 secs] 
2026-06-17T09:47:47.245+0800: 10.745: [GC (Allocation Failure) [PSYoungGen: 12570K->4602K(12800K)] 46942K->39685K(56832K), 0.0046096 secs] [Times: user=0.03 sys=0.00, real=0.01 secs] 
2026-06-17T09:47:47.272+0800: 10.772: [GC (Allocation Failure) [PSYoungGen: 12728K->554K(14336K)] 47811K->37247K(58368K), 0.0111479 secs] [Times: user=0.11 sys=0.01, real=0.01 secs] 
2026-06-17T09:47:47.306+0800: 10.806: [GC (Allocation Failure) [PSYoungGen: 7682K->3939K(14336K)] 44376K->41162K(58368K), 0.0055842 secs] [Times: user=0.03 sys=0.01, real=0.01 secs] 
2026-06-17T09:47:47.334+0800: 10.834: [GC (Allocation Failure) [PSYoungGen: 11097K->2362K(14848K)] 48321K->40982K(58880K), 0.0113834 secs] [Times: user=0.13 sys=0.00, real=0.01 secs] 
2026-06-17T09:47:47.358+0800: 10.858: [GC (Allocation Failure) [PSYoungGen: 8654K->0K(14336K)] 47274K->40409K(58368K), 0.0075810 secs] [Times: user=0.09 sys=0.00, real=0.01 secs] 
2026-06-17T09:47:47.387+0800: 10.888: [GC (Allocation Failure) [PSYoungGen: 7646K->4347K(14336K)] 48055K->44757K(58368K), 0.0069964 secs] [Times: user=0.08 sys=0.00, real=0.01 secs] 
2026-06-17T09:47:47.417+0800: 10.917: [GC (Allocation Failure) [PSYoungGen: 11463K->1326K(14336K)] 51872K->44915K(58368K), 0.0034050 secs] [Times: user=0.02 sys=0.00, real=0.00 secs] 
2026-06-17T09:47:47.421+0800: 10.921: [Full GC (Ergonomics) [PSYoungGen: 1326K->0K(14336K)] [ParOldGen: 43588K->22473K(44032K)] 44915K->22473K(58368K), [Metaspace: 2707K->2707K(1056768K)], 0.0048567 secs] [Times: user=0.03 sys=0.01, real=0.01 secs] 
2026-06-17T09:47:47.438+0800: 10.938: [GC (Allocation Failure) [PSYoungGen: 7165K->7148K(14336K)] 29638K->29719K(58368K), 0.0043150 secs] [Times: user=0.02 sys=0.00, real=0.01 secs] 
2026-06-17T09:47:47.464+0800: 10.964: [GC (Allocation Failure) [PSYoungGen: 14316K->3476K(14336K)] 36887K->30299K(58368K), 0.0059967 secs] [Times: user=0.03 sys=0.00, real=0.01 secs] 
2026-06-17T09:47:47.493+0800: 10.993: [GC (Allocation Failure) [PSYoungGen: 10598K->3675K(14336K)] 37421K->30499K(58368K), 0.0117555 secs] [Times: user=0.10 sys=0.01, real=0.01 secs] 
2026-06-17T09:47:47.527+0800: 11.027: [GC (Allocation Failure) [PSYoungGen: 10835K->2170K(14336K)] 37659K->30660K(58368K), 0.0107434 secs] [Times: user=0.10 sys=0.00, real=0.01 secs] 
2026-06-17T09:47:47.561+0800: 11.061: [GC (Allocation Failure) [PSYoungGen: 9323K->232K(14336K)] 37813K->30720K(58368K), 0.0122102 secs] [Times: user=0.13 sys=0.00, real=0.02 secs] 
2026-06-17T09:47:47.586+0800: 11.086: [GC (Allocation Failure) [PSYoungGen: 7400K->3898K(14336K)] 37888K->34387K(58368K), 0.0109870 secs] [Times: user=0.10 sys=0.01, real=0.01 secs] 
2026-06-17T09:47:47.620+0800: 11.120: [GC (Allocation Failure) [PSYoungGen: 11065K->2279K(14336K)] 41553K->34624K(58368K), 0.0108350 secs] [Times: user=0.09 sys=0.01, real=0.02 secs] 
2026-06-17T09:47:47.643+0800: 11.143: [GC (Allocation Failure) [PSYoungGen: 8609K->1900K(14336K)] 40954K->34244K(58368K), 0.0109383 secs] [Times: user=0.10 sys=0.00, real=0.01 secs] 
2026-06-17T09:47:47.678+0800: 11.178: [GC (Allocation Failure) [PSYoungGen: 9033K->3439K(14848K)] 41377K->37660K(58880K), 0.0112155 secs] [Times: user=0.10 sys=0.00, real=0.01 secs] 
2026-06-17T09:47:47.712+0800: 11.212: [GC (Allocation Failure) [PSYoungGen: 11113K->2915K(14336K)] 45334K->38613K(58368K), 0.0097787 secs] [Times: user=0.07 sys=0.01, real=0.01 secs] 
2026-06-17T09:47:47.735+0800: 11.235: [GC (Allocation Failure) [PSYoungGen: 10401K->1860K(15360K)] 46099K->39280K(59392K), 0.0087153 secs] [Times: user=0.06 sys=0.00, real=0.01 secs] 
2026-06-17T09:47:47.777+0800: 11.277: [GC (Allocation Failure) [PSYoungGen: 10540K->2157K(14848K)] 47960K->41381K(58880K), 0.0187425 secs] [Times: user=0.14 sys=0.00, real=0.02 secs] 
2026-06-17T09:47:47.818+0800: 11.318: [GC (Allocation Failure) [PSYoungGen: 10857K->3719K(15360K)] 50081K->43291K(59392K), 0.0126280 secs] [Times: user=0.11 sys=0.00, real=0.02 secs] 
2026-06-17T09:47:47.854+0800: 11.354: [GC (Allocation Failure) [PSYoungGen: 12932K->4100K(15360K)] 52504K->45545K(59392K), 0.0102355 secs] [Times: user=0.10 sys=0.00, real=0.01 secs] 
2026-06-17T09:47:47.866+0800: 11.366: [Full GC (Ergonomics) [PSYoungGen: 4100K->0K(15360K)] [ParOldGen: 41445K->32309K(44032K)] 45545K->32309K(59392K), [Metaspace: 2707K->2707K(1056768K)], 0.0135228 secs] [Times: user=0.12 sys=0.01, real=0.01 secs] 
2026-06-17T09:47:47.902+0800: 11.402: [GC (Allocation Failure) [PSYoungGen: 9114K->2431K(15360K)] 41424K->34740K(59392K), 0.0069045 secs] [Times: user=0.04 sys=0.00, real=0.01 secs] 
2026-06-17T09:47:47.943+0800: 11.443: [GC (Allocation Failure) [PSYoungGen: 11623K->2269K(15360K)] 43933K->36948K(59392K), 0.0107123 secs] [Times: user=0.09 sys=0.01, real=0.01 secs] 
2026-06-17T09:47:47.977+0800: 11.477: [GC (Allocation Failure) [PSYoungGen: 11471K->3919K(15360K)] 46150K->38965K(59392K), 0.0063660 secs] [Times: user=0.05 sys=0.00, real=0.01 secs] 
2026-06-17T09:47:48.007+0800: 11.507: [GC (Allocation Failure) [PSYoungGen: 13097K->3597K(15360K)] 48143K->41419K(59392K), 0.0136137 secs] [Times: user=0.12 sys=0.01, real=0.01 secs] 
2026-06-17T09:47:48.044+0800: 11.544: [GC (Allocation Failure) [PSYoungGen: 12666K->345K(15360K)] 50489K->40171K(59392K), 0.0064541 secs] [Times: user=0.03 sys=0.01, real=0.01 secs] 
2026-06-17T09:47:48.085+0800: 11.585: [GC (Allocation Failure) [PSYoungGen: 9539K->2433K(15360K)] 49365K->42580K(59392K), 0.0091607 secs] [Times: user=0.06 sys=0.00, real=0.01 secs] 
2026-06-17T09:47:48.118+0800: 11.618: [GC (Allocation Failure) [PSYoungGen: 11638K->2626K(15872K)] 51785K->44589K(59904K), 0.0062200 secs] [Times: user=0.04 sys=0.00, real=0.01 secs] 
2026-06-17T09:47:48.125+0800: 11.626: [Full GC (Ergonomics) [PSYoungGen: 2626K->0K(15872K)] [ParOldGen: 41963K->31968K(44032K)] 44589K->31968K(59904K), [Metaspace: 2707K->2707K(1056768K)], 0.0100481 secs] [Times: user=0.06 sys=0.01, real=0.01 secs] 
2026-06-17T09:47:48.159+0800: 11.659: [GC (Allocation Failure) [PSYoungGen: 9697K->5619K(15360K)] 41666K->38572K(59392K), 0.0129992 secs] [Times: user=0.09 sys=0.00, real=0.02 secs] 
2026-06-17T09:47:48.195+0800: 11.695: [GC (Allocation Failure) [PSYoungGen: 15285K->884K(14336K)] 48238K->38056K(58368K), 0.0134560 secs] [Times: user=0.14 sys=0.01, real=0.01 secs] 
2026-06-17T09:47:48.232+0800: 11.732: [GC (Allocation Failure) [PSYoungGen: 8072K->764K(14848K)] 45244K->38796K(58880K), 0.0076568 secs] [Times: user=0.05 sys=0.00, real=0.00 secs] 
2026-06-17T09:47:48.263+0800: 11.763: [GC (Allocation Failure) [PSYoungGen: 8911K->4599K(14848K)] 46943K->43395K(58880K), 0.0102686 secs] [Times: user=0.10 sys=0.00, real=0.01 secs] 
2026-06-17T09:47:48.297+0800: 11.797: [GC (Allocation Failure) [PSYoungGen: 12760K->2219K(14848K)] 51556K->44347K(58880K), 0.0122867 secs] [Times: user=0.12 sys=0.01, real=0.01 secs] 
2026-06-17T09:47:48.311+0800: 11.811: [Full GC (Ergonomics) [PSYoungGen: 2219K->0K(14848K)] [ParOldGen: 42127K->25733K(44032K)] 44347K->25733K(58880K), [Metaspace: 2707K->2707K(1056768K)], 0.0141726 secs] [Times: user=0.08 sys=0.02, real=0.01 secs] 
2026-06-17T09:47:48.348+0800: 11.848: [GC (Allocation Failure) [PSYoungGen: 8178K->4681K(13824K)] 33911K->30414K(57856K), 0.0111680 secs] [Times: user=0.12 sys=0.00, real=0.01 secs] 
2026-06-17T09:47:48.371+0800: 11.871: [GC (Allocation Failure) [PSYoungGen: 11685K->1941K(14336K)] 37418K->30626K(58368K), 0.0068087 secs] [Times: user=0.07 sys=0.00, real=0.00 secs] 
2026-06-17T09:47:48.401+0800: 11.901: [GC (Allocation Failure) [PSYoungGen: 9079K->3851K(14848K)] 37765K->34453K(58880K), 0.0075766 secs] [Times: user=0.03 sys=0.01, real=0.01 secs] 
2026-06-17T09:47:48.432+0800: 11.932: [GC (Allocation Failure) [PSYoungGen: 12007K->4318K(14848K)] 42610K->35669K(58880K), 0.0060670 secs] [Times: user=0.03 sys=0.01, real=0.00 secs] 
2026-06-17T09:47:48.461+0800: 11.961: [GC (Allocation Failure) [PSYoungGen: 12209K->32K(13824K)] 43561K->33038K(57856K), 0.0115467 secs] [Times: user=0.13 sys=0.00, real=0.02 secs] 
2026-06-17T09:47:48.496+0800: 11.996: [GC (Allocation Failure) [PSYoungGen: 7193K->3807K(14336K)] 40200K->36822K(58368K), 0.0067903 secs] [Times: user=0.04 sys=0.01, real=0.01 secs] 
2026-06-17T09:47:48.516+0800: 12.016: [GC (Allocation Failure) [PSYoungGen: 10873K->1455K(14848K)] 43888K->36930K(58880K), 0.0060479 secs] [Times: user=0.03 sys=0.00, real=0.00 secs] 
2026-06-17T09:47:48.544+0800: 12.044: [GC (Allocation Failure) [PSYoungGen: 9081K->4034K(14336K)] 44556K->40940K(58368K), 0.0081346 secs] [Times: user=0.09 sys=0.00, real=0.01 secs] 
2026-06-17T09:47:48.575+0800: 12.075: [GC (Allocation Failure) [PSYoungGen: 11697K->3534K(14848K)] 48603K->41641K(58880K), 0.0126139 secs] [Times: user=0.12 sys=0.02, real=0.01 secs] 
2026-06-17T09:47:48.610+0800: 12.111: [GC (Allocation Failure) [PSYoungGen: 11178K->1741K(14336K)] 49285K->42030K(58368K), 0.0148545 secs] [Times: user=0.14 sys=0.00, real=0.02 secs] 
2026-06-17T09:47:48.627+0800: 12.127: [Full GC (Ergonomics) [PSYoungGen: 1741K->0K(14336K)] [ParOldGen: 40289K->28556K(44032K)] 42030K->28556K(58368K), [Metaspace: 2707K->2707K(1056768K)], 0.0109134 secs] [Times: user=0.07 sys=0.01, real=0.01 secs] 
2026-06-17T09:47:48.660+0800: 12.160: [GC (Allocation Failure) [PSYoungGen: 7646K->4211K(14848K)] 36202K->32767K(58880K), 0.0104787 secs] [Times: user=0.10 sys=0.00, real=0.02 secs] 
2026-06-17T09:47:48.694+0800: 12.194: [GC (Allocation Failure) [PSYoungGen: 12387K->2571K(14848K)] 40943K->34250K(58880K), 0.0081440 secs] [Times: user=0.05 sys=0.00, real=0.01 secs] 
2026-06-17T09:47:48.725+0800: 12.225: [GC (Allocation Failure) [PSYoungGen: 10731K->1946K(15360K)] 42410K->35407K(59392K), 0.0062620 secs] [Times: user=0.02 sys=0.01, real=0.01 secs] 
2026-06-17T09:47:48.755+0800: 12.255: [GC (Allocation Failure) [PSYoungGen: 10626K->3685K(14848K)] 44087K->37146K(58880K), 0.0151688 secs] [Times: user=0.12 sys=0.00, real=0.02 secs] 
2026-06-17T09:47:48.794+0800: 12.294: [GC (Allocation Failure) [PSYoungGen: 12357K->3318K(15360K)] 45818K->38887K(59392K), 0.0104406 secs] [Times: user=0.11 sys=0.00, real=0.01 secs] 
2026-06-17T09:47:48.828+0800: 12.328: [GC (Allocation Failure) [PSYoungGen: 12384K->32K(15360K)] 47953K->37463K(59392K), 0.0084363 secs] [Times: user=0.05 sys=0.01, real=0.01 secs] 
2026-06-17T09:47:48.860+0800: 12.360: [GC (Allocation Failure) [PSYoungGen: 9227K->5703K(13312K)] 46659K->43143K(57344K), 0.0110044 secs] [Times: user=0.11 sys=0.01, real=0.02 secs] 
2026-06-17T09:47:48.894+0800: 12.394: [GC (Allocation Failure) [PSYoungGen: 12871K->2338K(14336K)] 50310K->43136K(58368K), 0.0081085 secs] [Times: user=0.05 sys=0.00, real=0.01 secs] 
2026-06-17T09:47:48.904+0800: 12.404: [Full GC (Ergonomics) [PSYoungGen: 2338K->0K(14336K)] [ParOldGen: 40798K->29550K(44032K)] 43136K->29550K(58368K), [Metaspace: 2707K->2707K(1056768K)], 0.0113727 secs] [Times: user=0.07 sys=0.00, real=0.01 secs] 
2026-06-17T09:47:48.938+0800: 12.438: [GC (Allocation Failure) [PSYoungGen: 7166K->3966K(14848K)] 36717K->33517K(58880K), 0.0076867 secs] [Times: user=0.04 sys=0.01, real=0.01 secs] 
2026-06-17T09:47:48.970+0800: 12.470: [GC (Allocation Failure) [PSYoungGen: 12148K->2120K(14848K)] 41699K->34600K(58880K), 0.0125187 secs] [Times: user=0.11 sys=0.00, real=0.02 secs] 
2026-06-17T09:47:48.995+0800: 12.495: [GC (Allocation Failure) [PSYoungGen: 10241K->1634K(14848K)] 42721K->35938K(58880K), 0.0070218 secs] [Times: user=0.04 sys=0.00, real=0.01 secs] 
2026-06-17T09:47:49.037+0800: 12.537: [GC (Allocation Failure) [PSYoungGen: 9826K->1795K(14848K)] 44130K->37709K(58880K), 0.0174257 secs] [Times: user=0.13 sys=0.00, real=0.02 secs] 
2026-06-17T09:47:49.076+0800: 12.576: [GC (Allocation Failure) [PSYoungGen: 9950K->2890K(15360K)] 45864K->39375K(59392K), 0.0107254 secs] [Times: user=0.10 sys=0.00, real=0.01 secs] 
2026-06-17T09:47:49.110+0800: 12.610: [GC (Allocation Failure) [PSYoungGen: 12102K->2983K(15360K)] 48587K->41515K(59392K), 0.0119924 secs] [Times: user=0.12 sys=0.00, real=0.01 secs] 
2026-06-17T09:47:49.145+0800: 12.645: [GC (Allocation Failure) [PSYoungGen: 12194K->3024K(15872K)] 50727K->43654K(59904K), 0.0111941 secs] [Times: user=0.10 sys=0.00, real=0.01 secs] 
2026-06-17T09:47:49.157+0800: 12.657: [Full GC (Ergonomics) [PSYoungGen: 3024K->0K(15872K)] [ParOldGen: 40629K->30573K(44032K)] 43654K->30573K(59904K), [Metaspace: 2707K->2707K(1056768K)], 0.0107226 secs] [Times: user=0.06 sys=0.01, real=0.01 secs] 
2026-06-17T09:47:49.191+0800: 12.691: [GC (Allocation Failure) [PSYoungGen: 9724K->5615K(15360K)] 40297K->36985K(59392K), 0.0073680 secs] [Times: user=0.04 sys=0.00, real=0.00 secs] 
2026-06-17T09:47:49.232+0800: 12.732: [GC (Allocation Failure) [PSYoungGen: 15296K->2489K(14336K)] 46666K->37135K(58368K), 0.0047638 secs] [Times: user=0.03 sys=0.00, real=0.00 secs] 
2026-06-17T09:47:49.250+0800: 12.750: [GC (Allocation Failure) [PSYoungGen: 10598K->1633K(14848K)] 45244K->37973K(58880K), 0.0060689 secs] [Times: user=0.03 sys=0.00, real=0.01 secs] 
2026-06-17T09:47:49.290+0800: 12.790: [GC (Allocation Failure) [PSYoungGen: 9792K->1878K(15360K)] 46133K->39828K(59392K), 0.0155403 secs] [Times: user=0.15 sys=0.00, real=0.02 secs] 
2026-06-17T09:47:49.328+0800: 12.828: [GC (Allocation Failure) [PSYoungGen: 10560K->3131K(14848K)] 48510K->41448K(58880K), 0.0146842 secs] [Times: user=0.14 sys=0.01, real=0.02 secs] 
2026-06-17T09:47:49.365+0800: 12.866: [GC (Allocation Failure) [PSYoungGen: 11825K->3346K(15360K)] 50141K->43476K(59392K), 0.0088468 secs] [Times: user=0.08 sys=0.00, real=0.01 secs] 
2026-06-17T09:47:49.398+0800: 12.898: [GC (Allocation Failure) [PSYoungGen: 12541K->3231K(15360K)] 52670K->45407K(59392K), 0.0129359 secs] [Times: user=0.13 sys=0.01, real=0.02 secs] 
2026-06-17T09:47:49.412+0800: 12.912: [Full GC (Ergonomics) [PSYoungGen: 3231K->0K(15360K)] [ParOldGen: 42176K->31395K(44032K)] 45407K->31395K(59392K), [Metaspace: 2707K->2707K(1056768K)], 0.0124827 secs] [Times: user=0.08 sys=0.00, real=0.01 secs] 
2026-06-17T09:47:49.447+0800: 12.948: [GC (Allocation Failure) [PSYoungGen: 9199K->5613K(13824K)] 40595K->37168K(57856K), 0.0132502 secs] [Times: user=0.13 sys=0.01, real=0.01 secs] 
2026-06-17T09:47:49.484+0800: 12.984: [GC (Allocation Failure) [PSYoungGen: 13791K->3382K(14848K)] 45346K->38631K(58880K), 0.0108785 secs] [Times: user=0.08 sys=0.00, real=0.01 secs] 
2026-06-17T09:47:49.519+0800: 13.019: [GC (Allocation Failure) [PSYoungGen: 11548K->2521K(15360K)] 46797K->39753K(59392K), 0.0095620 secs] [Times: user=0.06 sys=0.01, real=0.01 secs] 
2026-06-17T09:47:49.552+0800: 13.052: [GC (Allocation Failure) [PSYoungGen: 11729K->4661K(14336K)] 48961K->41893K(58368K), 0.0092497 secs] [Times: user=0.08 sys=0.00, real=0.00 secs] 
2026-06-17T09:47:49.585+0800: 13.085: [GC (Allocation Failure) [PSYoungGen: 13876K->4585K(14848K)] 51108K->43816K(58880K), 0.0099567 secs] [Times: user=0.08 sys=0.01, real=0.01 secs] 
2026-06-17T09:47:49.618+0800: 13.118: [GC (Allocation Failure) [PSYoungGen: 12594K->604K(14848K)] 51825K->41655K(58880K), 0.0061412 secs] [Times: user=0.03 sys=0.01, real=0.01 secs] 
2026-06-17T09:47:49.626+0800: 13.126: [Full GC (Ergonomics) [PSYoungGen: 604K->0K(14848K)] [ParOldGen: 41051K->27902K(44032K)] 41655K->27902K(58880K), [Metaspace: 2707K->2707K(1056768K)], 0.0096845 secs] [Times: user=0.06 sys=0.01, real=0.01 secs] 
2026-06-17T09:47:49.659+0800: 13.159: [GC (Allocation Failure) [PSYoungGen: 8163K->4811K(13824K)] 36065K->32713K(57856K), 0.0111050 secs] [Times: user=0.10 sys=0.00, real=0.02 secs] 
2026-06-17T09:47:49.693+0800: 13.193: [GC (Allocation Failure) [PSYoungGen: 11950K->3474K(14336K)] 39853K->32930K(58368K), 0.0090512 secs] [Times: user=0.08 sys=0.00, real=0.01 secs] 
2026-06-17T09:47:49.726+0800: 13.226: [GC (Allocation Failure) [PSYoungGen: 10622K->1870K(14848K)] 40078K->33022K(58880K), 0.0065451 secs] [Times: user=0.04 sys=0.00, real=0.01 secs] 
2026-06-17T09:47:49.757+0800: 13.257: [GC (Allocation Failure) [PSYoungGen: 10056K->3036K(14848K)] 41208K->34188K(58880K), 0.0125111 secs] [Times: user=0.13 sys=0.00, real=0.01 secs] 
2026-06-17T09:47:49.781+0800: 13.282: [GC (Allocation Failure) [PSYoungGen: 11206K->1096K(14848K)] 42358K->35260K(58880K), 0.0096525 secs] [Times: user=0.07 sys=0.01, real=0.02 secs] 
2026-06-17T09:47:49.825+0800: 13.325: [GC (Allocation Failure) [PSYoungGen: 9243K->1307K(14848K)] 43407K->36543K(58880K), 0.0107105 secs] [Times: user=0.07 sys=0.00, real=0.01 secs] 
2026-06-17T09:47:49.860+0800: 13.360: [GC (Allocation Failure) [PSYoungGen: 9489K->1868K(15360K)] 44725K->37658K(59392K), 0.0136019 secs] [Times: user=0.13 sys=0.01, real=0.02 secs] 
2026-06-17T09:47:49.887+0800: 13.387: [GC (Allocation Failure) [PSYoungGen: 10457K->1687K(14848K)] 46247K->39244K(58880K), 0.0109685 secs] [Times: user=0.10 sys=0.01, real=0.01 secs] 
2026-06-17T09:47:49.933+0800: 13.433: [GC (Allocation Failure) [PSYoungGen: 10365K->1962K(15360K)] 47922K->41182K(59392K), 0.0118519 secs] [Times: user=0.12 sys=0.00, real=0.01 secs] 
2026-06-17T09:47:49.968+0800: 13.468: [GC (Allocation Failure) [PSYoungGen: 11137K->3943K(15360K)] 50358K->43483K(59392K), 0.0110970 secs] [Times: user=0.09 sys=0.01, real=0.01 secs] 
2026-06-17T09:47:50.003+0800: 13.503: [GC (Allocation Failure) [PSYoungGen: 13151K->4011K(15360K)] 52690K->45604K(59392K), 0.0102396 secs] [Times: user=0.09 sys=0.00, real=0.01 secs] 
2026-06-17T09:47:50.015+0800: 13.515: [Full GC (Ergonomics) [PSYoungGen: 4011K->0K(15360K)] [ParOldGen: 41592K->20234K(44032K)] 45604K->20234K(59392K), [Metaspace: 2708K->2708K(1056768K)], 0.0110563 secs] [Times: user=0.06 sys=0.00, real=0.01 secs] 
2026-06-17T09:47:50.049+0800: 13.549: [GC (Allocation Failure) [PSYoungGen: 9181K->5906K(15360K)] 29416K->26140K(59392K), 0.0078931 secs] [Times: user=0.07 sys=0.00, real=0.01 secs] 
2026-06-17T09:47:50.080+0800: 13.581: [GC (Allocation Failure) [PSYoungGen: 15122K->5124K(13312K)] 35356K->28430K(57344K), 0.0102110 secs] [Times: user=0.08 sys=0.00, real=0.02 secs] 
2026-06-17T09:47:50.114+0800: 13.614: [GC (Allocation Failure) [PSYoungGen: 12273K->3383K(14336K)] 35579K->28368K(58368K), 0.0077701 secs] [Times: user=0.05 sys=0.00, real=0.01 secs] 
2026-06-17T09:47:50.146+0800: 13.646: [GC (Allocation Failure) [PSYoungGen: 10538K->2050K(14336K)] 35522K->28748K(58368K), 0.0118595 secs] [Times: user=0.11 sys=0.00, real=0.01 secs] 
2026-06-17T09:47:50.180+0800: 13.681: [GC (Allocation Failure) [PSYoungGen: 9190K->2358K(14336K)] 35888K->29055K(58368K), 0.0073336 secs] [Times: user=0.05 sys=0.01, real=0.01 secs] 
2026-06-17T09:47:50.201+0800: 13.701: [GC (Allocation Failure) [PSYoungGen: 9440K->1439K(14848K)] 36137K->29762K(58880K), 0.0106137 secs] [Times: user=0.09 sys=0.00, real=0.02 secs] 
2026-06-17T09:47:50.245+0800: 13.745: [GC (Allocation Failure) [PSYoungGen: 9573K->1271K(14848K)] 37896K->31010K(58880K), 0.0071991 secs] [Times: user=0.04 sys=0.01, real=0.01 secs] 
2026-06-17T09:47:50.276+0800: 13.776: [GC (Allocation Failure) [PSYoungGen: 9445K->2397K(15360K)] 39184K->32397K(59392K), 0.0103343 secs] [Times: user=0.08 sys=0.01, real=0.01 secs] 
2026-06-17T09:47:50.300+0800: 13.800: [GC (Allocation Failure) [PSYoungGen: 11049K->2082K(14848K)] 41050K->33988K(58880K), 0.0128771 secs] [Times: user=0.13 sys=0.00, real=0.02 secs] 
2026-06-17T09:47:50.347+0800: 13.847: [GC (Allocation Failure) [PSYoungGen: 10779K->1958K(15360K)] 42686K->35891K(59392K), 0.0098980 secs] [Times: user=0.08 sys=0.00, real=0.01 secs] 
2026-06-17T09:47:50.380+0800: 13.880: [GC (Allocation Failure) [PSYoungGen: 11123K->2818K(15360K)] 45056K->37817K(59392K), 0.0098592 secs] [Times: user=0.09 sys=0.00, real=0.01 secs] 
2026-06-17T09:47:50.413+0800: 13.913: [GC (Allocation Failure) [PSYoungGen: 12022K->3263K(15872K)] 47021K->40379K(59904K), 0.0116781 secs] [Times: user=0.10 sys=0.01, real=0.01 secs] 
2026-06-17T09:47:50.448+0800: 13.948: [GC (Allocation Failure) [PSYoungGen: 13422K->969K(15872K)] 50539K->39971K(59904K), 0.0097146 secs] [Times: user=0.09 sys=0.00, real=0.01 secs] 
2026-06-17T09:47:50.492+0800: 13.993: [GC (Allocation Failure) [PSYoungGen: 11189K->3288K(15872K)] 50191K->43236K(59904K), 0.0083930 secs] [Times: user=0.05 sys=0.01, real=0.00 secs] 
2026-06-17T09:47:50.526+0800: 14.026: [GC (Allocation Failure) [PSYoungGen: 13517K->5418K(15872K)] 53464K->46637K(59904K), 0.0115269 secs] [Times: user=0.09 sys=0.00, real=0.01 secs] 
2026-06-17T09:47:50.539+0800: 14.039: [Full GC (Ergonomics) [PSYoungGen: 5418K->0K(15872K)] [ParOldGen: 41219K->24849K(44032K)] 46637K->24849K(59904K), [Metaspace: 2709K->2709K(1056768K)], 0.0104274 secs] [Times: user=0.06 sys=0.00, real=0.01 secs] 
2026-06-17T09:47:50.582+0800: 14.082: [GC (Allocation Failure) [PSYoungGen: 10238K->3537K(14848K)] 35087K->28386K(58880K), 0.0070725 secs] [Times: user=0.04 sys=0.00, real=0.01 secs] 
2026-06-17T09:47:50.614+0800: 14.114: [GC (Allocation Failure) [PSYoungGen: 12722K->3980K(13312K)] 37571K->30777K(57344K), 0.0069932 secs] [Times: user=0.03 sys=0.01, real=0.00 secs] 
2026-06-17T09:47:50.644+0800: 14.144: [GC (Allocation Failure) [PSYoungGen: 13181K->183K(14848K)] 39978K->30353K(58880K), 0.0097185 secs] [Times: user=0.08 sys=0.00, real=0.01 secs] 
2026-06-17T09:47:50.677+0800: 14.177: [GC (Allocation Failure) [PSYoungGen: 8356K->4869K(13312K)] 38526K->35198K(57344K), 0.0124323 secs] [Times: user=0.10 sys=0.00, real=0.01 secs] 
2026-06-17T09:47:50.713+0800: 14.213: [GC (Allocation Failure) [PSYoungGen: 13058K->4684K(14336K)] 43388K->36807K(58368K), 0.0105009 secs] [Times: user=0.09 sys=0.01, real=0.01 secs] 
2026-06-17T09:47:50.747+0800: 14.247: [GC (Allocation Failure) [PSYoungGen: 11852K->3022K(14336K)] 43975K->37113K(58368K), 0.0096556 secs] [Times: user=0.11 sys=0.00, real=0.01 secs] 
2026-06-17T09:47:50.780+0800: 14.280: [GC (Allocation Failure) [PSYoungGen: 10190K->3240K(14848K)] 44281K->37332K(58880K), 0.0102472 secs] [Times: user=0.09 sys=0.00, real=0.02 secs] 
2026-06-17T09:47:50.814+0800: 14.314: [GC (Allocation Failure) [PSYoungGen: 11398K->2470K(14848K)] 45490K->38444K(58880K), 0.0129750 secs] [Times: user=0.11 sys=0.00, real=0.01 secs] 
2026-06-17T09:47:50.850+0800: 14.351: [GC (Allocation Failure) [PSYoungGen: 10660K->1790K(15360K)] 46633K->39838K(59392K), 0.0060488 secs] [Times: user=0.02 sys=0.01, real=0.01 secs] 
2026-06-17T09:47:50.880+0800: 14.380: [GC (Allocation Failure) [PSYoungGen: 10957K->4080K(13312K)] 49005K->42128K(57344K), 0.0052855 secs] [Times: user=0.03 sys=0.00, real=0.01 secs] 
2026-06-17T09:47:50.908+0800: 14.408: [GC (Allocation Failure) [PSYoungGen: 13296K->4435K(14848K)] 51344K->44285K(58880K), 0.0053012 secs] [Times: user=0.03 sys=0.00, real=0.01 secs] 
2026-06-17T09:47:50.936+0800: 14.436: [GC (Allocation Failure) [PSYoungGen: 12619K->3012K(14848K)] 52469K->45624K(58880K), 0.0117125 secs] [Times: user=0.14 sys=0.00, real=0.01 secs] 
2026-06-17T09:47:50.949+0800: 14.449: [Full GC (Ergonomics) [PSYoungGen: 3012K->0K(14848K)] [ParOldGen: 42612K->31588K(44032K)] 45624K->31588K(58880K), [Metaspace: 2709K->2709K(1056768K)], 0.0141183 secs] [Times: user=0.14 sys=0.01, real=0.02 secs] 
2026-06-17T09:47:50.985+0800: 14.486: [GC (Allocation Failure) [PSYoungGen: 8184K->4589K(14336K)] 39773K->36177K(58368K), 0.0088376 secs] [Times: user=0.08 sys=0.00, real=0.01 secs] 
2026-06-17T09:47:51.017+0800: 14.518: [GC (Allocation Failure) [PSYoungGen: 12775K->3284K(14848K)] 44363K->37516K(58880K), 0.0060225 secs] [Times: user=0.03 sys=0.01, real=0.01 secs] 
2026-06-17T09:47:51.046+0800: 14.546: [GC (Allocation Failure) [PSYoungGen: 11439K->2839K(15360K)] 45671K->39030K(59392K), 0.0110094 secs] [Times: user=0.11 sys=0.00, real=0.01 secs] 
2026-06-17T09:47:51.081+0800: 14.581: [GC (Allocation Failure) [PSYoungGen: 12050K->4651K(15360K)] 48241K->40843K(59392K), 0.0063082 secs] [Times: user=0.04 sys=0.00, real=0.01 secs] 
2026-06-17T09:47:51.111+0800: 14.611: [GC (Allocation Failure) [PSYoungGen: 13865K->4421K(14336K)] 50056K->42774K(58368K), 0.0129263 secs] [Times: user=0.10 sys=0.01, real=0.01 secs] 
2026-06-17T09:47:51.148+0800: 14.648: [GC (Allocation Failure) [PSYoungGen: 12312K->304K(14848K)] 50665K->40393K(58880K), 0.0129673 secs] [Times: user=0.11 sys=0.00, real=0.01 secs] 
2026-06-17T09:47:51.184+0800: 14.684: [GC (Allocation Failure) [PSYoungGen: 8446K->5236K(13824K)] 48536K->45605K(57856K), 0.0110172 secs] [Times: user=0.10 sys=0.00, real=0.01 secs] 
2026-06-17T09:47:51.218+0800: 14.718: [GC (Allocation Failure) [PSYoungGen: 12359K->2787K(14336K)] 52728K->45778K(58368K), 0.0100101 secs] [Times: user=0.11 sys=0.01, real=0.01 secs] 
2026-06-17T09:47:51.229+0800: 14.729: [Full GC (Ergonomics) [PSYoungGen: 2787K->0K(14336K)] [ParOldGen: 42991K->26580K(44032K)] 45778K->26580K(58368K), [Metaspace: 2709K->2709K(1056768K)], 0.0107094 secs] [Times: user=0.09 sys=0.00, real=0.01 secs] 
2026-06-17T09:47:51.262+0800: 14.762: [GC (Allocation Failure) [PSYoungGen: 7168K->3916K(14848K)] 33748K->30497K(58880K), 0.0077820 secs] [Times: user=0.05 sys=0.00, real=0.02 secs] 
2026-06-17T09:47:51.293+0800: 14.793: [GC (Allocation Failure) [PSYoungGen: 12089K->2053K(14848K)] 38670K->31413K(58880K), 0.0130616 secs] [Times: user=0.13 sys=0.00, real=0.01 secs] 
2026-06-17T09:47:51.319+0800: 14.820: [GC (Allocation Failure) [PSYoungGen: 10235K->1722K(14848K)] 39595K->32868K(58880K), 0.0069957 secs] [Times: user=0.04 sys=0.01, real=0.01 secs] 
2026-06-17T09:47:51.360+0800: 14.860: [GC (Allocation Failure) [PSYoungGen: 9914K->906K(14848K)] 41060K->33750K(58880K), 0.0108304 secs] [Times: user=0.12 sys=0.00, real=0.02 secs] 
2026-06-17T09:47:51.383+0800: 14.883: [GC (Allocation Failure) [PSYoungGen: 9072K->5302K(13824K)] 41916K->38734K(57856K), 0.0099631 secs] [Times: user=0.10 sys=0.00, real=0.01 secs] 
2026-06-17T09:47:51.416+0800: 14.916: [GC (Allocation Failure) [PSYoungGen: 12439K->3319K(14336K)] 45871K->38871K(58368K), 0.0126554 secs] [Times: user=0.13 sys=0.00, real=0.01 secs] 
2026-06-17T09:47:51.452+0800: 14.952: [GC (Allocation Failure) [PSYoungGen: 10469K->3971K(14848K)] 46021K->39524K(58880K), 0.0084037 secs] [Times: user=0.05 sys=0.01, real=0.00 secs] 
2026-06-17T09:47:51.474+0800: 14.974: [GC (Allocation Failure) [PSYoungGen: 10645K->1716K(14336K)] 46197K->38954K(58368K), 0.0116044 secs] [Times: user=0.11 sys=0.00, real=0.01 secs] 
2026-06-17T09:47:51.509+0800: 15.009: [GC (Allocation Failure) [PSYoungGen: 9386K->4294K(14848K)] 46624K->43224K(58880K), 0.0095949 secs] [Times: user=0.08 sys=0.00, real=0.01 secs] 
2026-06-17T09:47:51.542+0800: 15.042: [GC (Allocation Failure) [PSYoungGen: 12472K->4547K(12800K)] 51402K->44668K(56832K), 0.0067349 secs] [Times: user=0.03 sys=0.00, real=0.01 secs] 
2026-06-17T09:47:51.575+0800: 15.075: [GC (Allocation Failure) [PSYoungGen: 12723K->3209K(14848K)] 52843K->45223K(58880K), 0.0128180 secs] [Times: user=0.11 sys=0.01, real=0.01 secs] 
2026-06-17T09:47:51.589+0800: 15.089: [Full GC (Ergonomics) [PSYoungGen: 3209K->0K(14848K)] [ParOldGen: 42014K->22206K(44032K)] 45223K->22206K(58880K), [Metaspace: 2709K->2709K(1056768K)], 0.0166994 secs] [Times: user=0.16 sys=0.00, real=0.02 secs] 
2026-06-17T09:47:51.629+0800: 15.129: [GC (Allocation Failure) [PSYoungGen: 7667K->4608K(14336K)] 29874K->26814K(58368K), 0.0101214 secs] [Times: user=0.09 sys=0.01, real=0.01 secs] 
2026-06-17T09:47:51.662+0800: 15.162: [GC (Allocation Failure) [PSYoungGen: 12265K->3222K(14848K)] 34471K->27447K(58880K), 0.0100366 secs] [Times: user=0.09 sys=0.00, real=0.02 secs] 
2026-06-17T09:47:51.696+0800: 15.196: [GC (Allocation Failure) [PSYoungGen: 11359K->2572K(14848K)] 35584K->28868K(58880K), 0.0078964 secs] [Times: user=0.06 sys=0.00, real=0.01 secs] 
2026-06-17T09:47:51.727+0800: 15.228: [GC (Allocation Failure) [PSYoungGen: 10707K->3709K(15360K)] 37002K->30005K(59392K), 0.0088253 secs] [Times: user=0.09 sys=0.00, real=0.01 secs] 
2026-06-17T09:47:51.760+0800: 15.260: [GC (Allocation Failure) [PSYoungGen: 12378K->3434K(14848K)] 38673K->31730K(58880K), 0.0112348 secs] [Times: user=0.10 sys=0.00, real=0.02 secs] 
2026-06-17T09:47:51.794+0800: 15.295: [GC (Allocation Failure) [PSYoungGen: 12125K->2770K(15360K)] 40421K->33268K(59392K), 0.0129569 secs] [Times: user=0.13 sys=0.00, real=0.01 secs] 
2026-06-17T09:47:51.831+0800: 15.331: [GC (Allocation Failure) [PSYoungGen: 11977K->3893K(15360K)] 42475K->35584K(59392K), 0.0099118 secs] [Times: user=0.10 sys=0.00, real=0.00 secs] 
2026-06-17T09:47:51.865+0800: 15.365: [GC (Allocation Failure) [PSYoungGen: 13065K->3725K(15872K)] 44756K->37372K(59904K), 0.0069821 secs] [Times: user=0.04 sys=0.00, real=0.01 secs] 
2026-06-17T09:47:51.896+0800: 15.396: [GC (Allocation Failure) [PSYoungGen: 13340K->1083K(15360K)] 46986K->36679K(59392K), 0.0118473 secs] [Times: user=0.13 sys=0.01, real=0.01 secs] 
2026-06-17T09:47:51.942+0800: 15.442: [GC (Allocation Failure) [PSYoungGen: 10779K->2902K(15872K)] 46375K->39557K(59904K), 0.0089812 secs] [Times: user=0.06 sys=0.00, real=0.02 secs] 
2026-06-17T09:47:51.975+0800: 15.475: [GC (Allocation Failure) [PSYoungGen: 12604K->4728K(15360K)] 49259K->42545K(59392K), 0.0090559 secs] [Times: user=0.07 sys=0.01, real=0.01 secs] 
2026-06-17T09:47:52.019+0800: 15.519: [GC (Allocation Failure) [PSYoungGen: 14412K->2469K(15360K)] 52229K->41925K(59392K), 0.0098108 secs] [Times: user=0.08 sys=0.00, real=0.01 secs] 
2026-06-17T09:47:52.053+0800: 15.553: [GC (Allocation Failure) [PSYoungGen: 11680K->3209K(15360K)] 51136K->44434K(59392K), 0.0076776 secs] [Times: user=0.03 sys=0.01, real=0.00 secs] 
2026-06-17T09:47:52.063+0800: 15.563: [Full GC (Ergonomics) [PSYoungGen: 3209K->0K(15360K)] [ParOldGen: 41225K->21517K(44032K)] 44434K->21517K(59392K), [Metaspace: 2709K->2709K(1056768K)], 0.0154285 secs] [Times: user=0.13 sys=0.00, real=0.01 secs] 
2026-06-17T09:47:52.101+0800: 15.602: [GC (Allocation Failure) [PSYoungGen: 9201K->5598K(13824K)] 30718K->27334K(57856K), 0.0107640 secs] [Times: user=0.11 sys=0.00, real=0.02 secs] 
2026-06-17T09:47:52.135+0800: 15.635: [GC (Allocation Failure) [PSYoungGen: 13749K->3774K(14848K)] 35484K->28727K(58880K), 0.0119161 secs] [Times: user=0.10 sys=0.01, real=0.01 secs] 
2026-06-17T09:47:52.170+0800: 15.670: [GC (Allocation Failure) [PSYoungGen: 11962K->2912K(15360K)] 36914K->29854K(59392K), 0.0062902 secs] [Times: user=0.02 sys=0.00, real=0.01 secs] 
2026-06-17T09:47:52.200+0800: 15.700: [GC (Allocation Failure) [PSYoungGen: 12097K->2899K(15360K)] 39039K->31965K(59392K), 0.0081547 secs] [Times: user=0.08 sys=0.00, real=0.01 secs] 
2026-06-17T09:47:52.232+0800: 15.732: [GC (Allocation Failure) [PSYoungGen: 12106K->5076K(15360K)] 41173K->34142K(59392K), 0.0092851 secs] [Times: user=0.07 sys=0.00, real=0.00 secs] 
2026-06-17T09:47:52.275+0800: 15.775: [GC (Allocation Failure) [PSYoungGen: 14260K->1852K(15360K)] 43327K->32792K(59392K), 0.0216464 secs] [Times: user=0.15 sys=0.00, real=0.02 secs] 
2026-06-17T09:47:52.320+0800: 15.820: [GC (Allocation Failure) [PSYoungGen: 11065K->2368K(15360K)] 42006K->34995K(59392K), 0.0098517 secs] [Times: user=0.08 sys=0.00, real=0.02 secs] 
2026-06-17T09:47:52.353+0800: 15.853: [GC (Allocation Failure) [PSYoungGen: 11584K->2654K(15360K)] 44211K->37220K(59392K), 0.0086683 secs] [Times: user=0.09 sys=0.01, real=0.00 secs] 
2026-06-17T09:47:52.384+0800: 15.884: [GC (Allocation Failure) [PSYoungGen: 11863K->4799K(14336K)] 46429K->39365K(58368K), 0.0127780 secs] [Times: user=0.12 sys=0.00, real=0.01 secs] 
2026-06-17T09:47:52.421+0800: 15.921: [GC (Allocation Failure) [PSYoungGen: 12982K->3448K(14848K)] 47548K->40759K(58880K), 0.0095275 secs] [Times: user=0.07 sys=0.01, real=0.02 secs] 
2026-06-17T09:47:52.454+0800: 15.954: [GC (Allocation Failure) [PSYoungGen: 11630K->2007K(15360K)] 48941K->41538K(59392K), 0.0116474 secs] [Times: user=0.10 sys=0.01, real=0.01 secs] 
2026-06-17T09:47:52.489+0800: 15.989: [GC (Allocation Failure) [PSYoungGen: 11192K->4397K(15360K)] 50723K->43928K(59392K), 0.0098854 secs] [Times: user=0.08 sys=0.00, real=0.01 secs] 
2026-06-17T09:47:52.523+0800: 16.023: [GC (Allocation Failure) [PSYoungGen: 13595K->4982K(14336K)] 53127K->46311K(58368K), 0.0066234 secs] [Times: user=0.02 sys=0.00, real=0.01 secs] 
2026-06-17T09:47:52.531+0800: 16.031: [Full GC (Ergonomics) [PSYoungGen: 4982K->0K(14336K)] [ParOldGen: 41329K->32849K(44032K)] 46311K->32849K(58368K), [Metaspace: 2709K->2709K(1056768K)], 0.0116080 secs] [Times: user=0.07 sys=0.01, real=0.01 secs] 
2026-06-17T09:47:52.566+0800: 16.066: [GC (Allocation Failure) [PSYoungGen: 8116K->753K(14848K)] 40966K->33602K(58880K), 0.0069853 secs] [Times: user=0.03 sys=0.00, real=0.01 secs] 
2026-06-17T09:47:52.597+0800: 16.097: [GC (Allocation Failure) [PSYoungGen: 8920K->4576K(13824K)] 41770K->38159K(57856K), 0.0059621 secs] [Times: user=0.02 sys=0.00, real=0.01 secs] 
2026-06-17T09:47:52.627+0800: 16.127: [GC (Allocation Failure) [PSYoungGen: 11736K->2390K(14336K)] 45319K->37950K(58368K), 0.0118971 secs] [Times: user=0.11 sys=0.00, real=0.01 secs] 
2026-06-17T09:47:52.651+0800: 16.151: [GC (Allocation Failure) [PSYoungGen: 8641K->0K(13824K)] 44201K->37435K(57856K), 0.0113461 secs] [Times: user=0.08 sys=0.01, real=0.01 secs] 
2026-06-17T09:47:52.686+0800: 16.186: [GC (Allocation Failure) [PSYoungGen: 7162K->3546K(14336K)] 44598K->40981K(58368K), 0.0124452 secs] [Times: user=0.14 sys=0.01, real=0.01 secs] 
2026-06-17T09:47:52.722+0800: 16.222: [GC (Allocation Failure) [PSYoungGen: 10704K->705K(13824K)] 48140K->41133K(57856K), 0.0131775 secs] [Times: user=0.13 sys=0.00, real=0.02 secs] 
2026-06-17T09:47:52.748+0800: 16.248: [GC (Allocation Failure) [PSYoungGen: 7855K->4558K(14336K)] 48283K->44986K(58368K), 0.0099238 secs] [Times: user=0.09 sys=0.00, real=0.01 secs] 
2026-06-17T09:47:52.781+0800: 16.281: [GC (Allocation Failure) [PSYoungGen: 11673K->2652K(14848K)] 52101K->45214K(58880K), 0.0085807 secs] [Times: user=0.05 sys=0.00, real=0.01 secs] 
2026-06-17T09:47:52.791+0800: 16.291: [Full GC (Ergonomics) [PSYoungGen: 2652K->0K(14848K)] [ParOldGen: 42561K->27124K(44032K)] 45214K->27124K(58880K), [Metaspace: 2709K->2709K(1056768K)], 0.0109954 secs] [Times: user=0.07 sys=0.00, real=0.01 secs] 
2026-06-17T09:47:52.825+0800: 16.325: [GC (Allocation Failure) [PSYoungGen: 7675K->4291K(14336K)] 34800K->31416K(58368K), 0.0110868 secs] [Times: user=0.09 sys=0.01, real=0.01 secs] 
2026-06-17T09:47:52.860+0800: 16.360: [GC (Allocation Failure) [PSYoungGen: 11934K->2343K(14848K)] 39059K->32167K(58880K), 0.0126342 secs] [Times: user=0.11 sys=0.00, real=0.02 secs] 
2026-06-17T09:47:52.896+0800: 16.396: [GC (Allocation Failure) [PSYoungGen: 10023K->959K(14336K)] 39847K->32712K(58368K), 0.0111827 secs] [Times: user=0.13 sys=0.01, real=0.01 secs] 
2026-06-17T09:47:52.920+0800: 16.420: [GC (Allocation Failure) [PSYoungGen: 8625K->5063K(13824K)] 40378K->36816K(57856K), 0.0074153 secs] [Times: user=0.04 sys=0.00, real=0.01 secs] 
2026-06-17T09:47:52.951+0800: 16.451: [GC (Allocation Failure) [PSYoungGen: 12057K->222K(14336K)] 43810K->33534K(58368K), 0.0105983 secs] [Times: user=0.11 sys=0.00, real=0.00 secs] 
2026-06-17T09:47:52.985+0800: 16.485: [GC (Allocation Failure) [PSYoungGen: 7386K->3549K(14336K)] 40698K->37059K(58368K), 0.0091626 secs] [Times: user=0.06 sys=0.01, real=0.01 secs] 
2026-06-17T09:47:53.007+0800: 16.508: [GC (Allocation Failure) [PSYoungGen: 10684K->580K(14336K)] 44194K->37482K(58368K), 0.0100500 secs] [Times: user=0.09 sys=0.00, real=0.01 secs] 
2026-06-17T09:47:53.041+0800: 16.541: [GC (Allocation Failure) [PSYoungGen: 7744K->3868K(14336K)] 44646K->41327K(58368K), 0.0083271 secs] [Times: user=0.05 sys=0.00, real=0.01 secs] 
2026-06-17T09:47:53.073+0800: 16.573: [GC (Allocation Failure) [PSYoungGen: 11033K->2768K(14336K)] 48492K->41713K(58368K), 0.0104368 secs] [Times: user=0.09 sys=0.01, real=0.01 secs] 
2026-06-17T09:47:53.107+0800: 16.607: [GC (Allocation Failure) [PSYoungGen: 9927K->1271K(14848K)] 48872K->42353K(58880K), 0.0064644 secs] [Times: user=0.04 sys=0.00, real=0.01 secs] 
2026-06-17T09:47:53.114+0800: 16.614: [Full GC (Ergonomics) [PSYoungGen: 1271K->0K(14848K)] [ParOldGen: 41081K->28923K(44032K)] 42353K->28923K(58880K), [Metaspace: 2709K->2709K(1056768K)], 0.0177091 secs] [Times: user=0.15 sys=0.01, real=0.02 secs] 
2026-06-17T09:47:53.155+0800: 16.655: [GC (Allocation Failure) [PSYoungGen: 8178K->5068K(13312K)] 37101K->33991K(57344K), 0.0110526 secs] [Times: user=0.10 sys=0.00, real=0.01 secs] 
2026-06-17T09:47:53.189+0800: 16.689: [GC (Allocation Failure) [PSYoungGen: 13249K->1660K(14336K)] 42172K->35022K(58368K), 0.0153070 secs] [Times: user=0.14 sys=0.02, real=0.02 secs] 
2026-06-17T09:47:53.227+0800: 16.727: [GC (Allocation Failure) [PSYoungGen: 8814K->747K(14336K)] 42176K->35555K(58368K), 0.0096125 secs] [Times: user=0.09 sys=0.00, real=0.01 secs] 
2026-06-17T09:47:53.248+0800: 16.748: [GC (Allocation Failure) [PSYoungGen: 7906K->4664K(13824K)] 42714K->39472K(57856K), 0.0066190 secs] [Times: user=0.04 sys=0.00, real=0.01 secs] 
2026-06-17T09:47:53.278+0800: 16.778: [GC (Allocation Failure) [PSYoungGen: 11816K->3172K(14336K)] 46624K->39890K(58368K), 0.0100785 secs] [Times: user=0.09 sys=0.01, real=0.01 secs] 
2026-06-17T09:47:53.311+0800: 16.811: [GC (Allocation Failure) [PSYoungGen: 10295K->3578K(14336K)] 47013K->40296K(58368K), 0.0052477 secs] [Times: user=0.02 sys=0.00, real=0.00 secs] 
2026-06-17T09:47:53.328+0800: 16.828: [GC (Allocation Failure) [PSYoungGen: 10620K->1446K(14336K)] 47338K->40983K(58368K), 0.0039579 secs] [Times: user=0.03 sys=0.00, real=0.01 secs] 
2026-06-17T09:47:53.355+0800: 16.855: [GC (Allocation Failure) [PSYoungGen: 8609K->3609K(14848K)] 48147K->44568K(58880K), 0.0039249 secs] [Times: user=0.02 sys=0.00, real=0.00 secs] 
2026-06-17T09:47:53.360+0800: 16.860: [Full GC (Ergonomics) [PSYoungGen: 3609K->0K(14848K)] [ParOldGen: 40959K->31150K(44032K)] 44568K->31150K(58880K), [Metaspace: 2709K->2709K(1056768K)], 0.0061682 secs] [Times: user=0.02 sys=0.01, real=0.01 secs] 
2026-06-17T09:47:53.389+0800: 16.889: [GC (Allocation Failure) [PSYoungGen: 8150K->4619K(13312K)] 39301K->35770K(57344K), 0.0087800 secs] [Times: user=0.08 sys=0.00, real=0.01 secs] 
2026-06-17T09:47:53.421+0800: 16.921: [GC (Allocation Failure) [PSYoungGen: 12792K->2969K(14848K)] 43943K->36538K(58880K), 0.0111476 secs] [Times: user=0.10 sys=0.01, real=0.02 secs] 
2026-06-17T09:47:53.456+0800: 16.956: [GC (Allocation Failure) [PSYoungGen: 10605K->3700K(14336K)] 44174K->37269K(58368K), 0.0106247 secs] [Times: user=0.09 sys=0.00, real=0.01 secs] 
2026-06-17T09:47:53.490+0800: 16.990: [GC (Allocation Failure) [PSYoungGen: 11319K->2630K(15360K)] 44888K->37976K(59392K), 0.0109725 secs] [Times: user=0.08 sys=0.01, real=0.01 secs] 
2026-06-17T09:47:53.525+0800: 17.025: [GC (Allocation Failure) [PSYoungGen: 11329K->2939K(14848K)] 46675K->40156K(58880K), 0.0062261 secs] [Times: user=0.03 sys=0.01, real=0.01 secs] 
2026-06-17T09:47:53.554+0800: 17.054: [GC (Allocation Failure) [PSYoungGen: 11609K->4500K(15360K)] 48827K->41717K(59392K), 0.0071433 secs] [Times: user=0.04 sys=0.00, real=0.00 secs] 
2026-06-17T09:47:53.585+0800: 17.085: [GC (Allocation Failure) [PSYoungGen: 13679K->4907K(14336K)] 50896K->43788K(58368K), 0.0055696 secs] [Times: user=0.02 sys=0.02, real=0.01 secs] 
2026-06-17T09:47:53.615+0800: 17.115: [GC (Allocation Failure) [PSYoungGen: 14100K->1000K(14848K)] 52981K->42756K(58880K), 0.0100493 secs] [Times: user=0.08 sys=0.00, real=0.01 secs] 
2026-06-17T09:47:53.627+0800: 17.127: [Full GC (Ergonomics) [PSYoungGen: 1000K->0K(14848K)] [ParOldGen: 41756K->29592K(44032K)] 42756K->29592K(58880K), [Metaspace: 2709K->2709K(1056768K)], 0.0163442 secs] [Times: user=0.15 sys=0.01, real=0.02 secs] 
2026-06-17T09:47:53.677+0800: 17.177: [GC (Allocation Failure) [PSYoungGen: 8175K->1244K(14848K)] 37768K->30836K(58880K), 0.0122743 secs] [Times: user=0.13 sys=0.00, real=0.01 secs] 
2026-06-17T09:47:53.701+0800: 17.201: [GC (Allocation Failure) [PSYoungGen: 9431K->5213K(13824K)] 39023K->35647K(57856K), 0.0106186 secs] [Times: user=0.12 sys=0.00, real=0.02 secs] 
2026-06-17T09:47:53.735+0800: 17.235: [GC (Allocation Failure) [PSYoungGen: 12342K->32K(14336K)] 42776K->32697K(58368K), 0.0071593 secs] [Times: user=0.05 sys=0.00, real=0.00 secs] 
2026-06-17T09:47:53.765+0800: 17.265: [GC (Allocation Failure) [PSYoungGen: 7180K->3758K(14336K)] 39846K->36432K(58368K), 0.0082482 secs] [Times: user=0.07 sys=0.01, real=0.01 secs] 
2026-06-17T09:47:53.797+0800: 17.297: [GC (Allocation Failure) [PSYoungGen: 10904K->2544K(14336K)] 43578K->36767K(58368K), 0.0108140 secs] [Times: user=0.09 sys=0.01, real=0.01 secs] 
2026-06-17T09:47:53.832+0800: 17.332: [GC (Allocation Failure) [PSYoungGen: 9690K->781K(14336K)] 43913K->36779K(58368K), 0.0094281 secs] [Times: user=0.08 sys=0.00, real=0.00 secs] 
2026-06-17T09:47:53.854+0800: 17.354: [GC (Allocation Failure) [PSYoungGen: 7928K->4700K(14336K)] 43927K->40698K(58368K), 0.0103755 secs] [Times: user=0.09 sys=0.00, real=0.01 secs] 
2026-06-17T09:47:53.888+0800: 17.388: [GC (Allocation Failure) [PSYoungGen: 11816K->2890K(14848K)] 47815K->40927K(58880K), 0.0114952 secs] [Times: user=0.09 sys=0.01, real=0.01 secs] 
2026-06-17T09:47:53.923+0800: 17.423: [GC (Allocation Failure) [PSYoungGen: 10546K->2507K(14336K)] 48583K->41728K(58368K), 0.0099558 secs] [Times: user=0.09 sys=0.01, real=0.01 secs] 
2026-06-17T09:47:53.945+0800: 17.446: [GC (Allocation Failure) [PSYoungGen: 10065K->1469K(14848K)] 49285K->42547K(58880K), 0.0104359 secs] [Times: user=0.09 sys=0.00, real=0.01 secs] 
2026-06-17T09:47:53.957+0800: 17.458: [Full GC (Ergonomics) [PSYoungGen: 1469K->0K(14848K)] [ParOldGen: 41077K->24112K(44032K)] 42547K->24112K(58880K), [Metaspace: 2709K->2709K(1056768K)], 0.0103831 secs] [Times: user=0.07 sys=0.01, real=0.01 secs] 
2026-06-17T09:47:54.001+0800: 17.501: [GC (Allocation Failure) [PSYoungGen: 8170K->1279K(14848K)] 32283K->25391K(58880K), 0.0063153 secs] [Times: user=0.03 sys=0.00, real=0.01 secs] 
2026-06-17T09:47:54.032+0800: 17.532: [GC (Allocation Failure) [PSYoungGen: 9428K->2003K(15360K)] 33541K->26533K(59392K), 0.0092192 secs] [Times: user=0.10 sys=0.00, real=0.00 secs] 
2026-06-17T09:47:54.065+0800: 17.565: [GC (Allocation Failure) [PSYoungGen: 11189K->2461K(15360K)] 35720K->28849K(59392K), 0.0076402 secs] [Times: user=0.03 sys=0.01, real=0.01 secs] 
2026-06-17T09:47:54.096+0800: 17.596: [GC (Allocation Failure) [PSYoungGen: 11663K->2542K(15872K)] 38052K->30958K(59904K), 0.0149262 secs] [Times: user=0.13 sys=0.00, real=0.02 secs] 
2026-06-17T09:47:54.145+0800: 17.645: [GC (Allocation Failure) [PSYoungGen: 12772K->2408K(15872K)] 41188K->30824K(59904K), 0.0141925 secs] [Times: user=0.12 sys=0.01, real=0.01 secs] 
2026-06-17T09:47:54.183+0800: 17.683: [GC (Allocation Failure) [PSYoungGen: 12648K->4272K(15360K)] 41064K->34237K(59392K), 0.0112249 secs] [Times: user=0.09 sys=0.00, real=0.01 secs] 
2026-06-17T09:47:54.217+0800: 17.718: [GC (Allocation Failure) [PSYoungGen: 14501K->4335K(14848K)] 44466K->37848K(58880K), 0.0079823 secs] [Times: user=0.04 sys=0.00, real=0.01 secs] 
2026-06-17T09:47:54.250+0800: 17.750: [GC (Allocation Failure) [PSYoungGen: 14486K->1400K(15360K)] 47999K->37001K(59392K), 0.0078635 secs] [Times: user=0.04 sys=0.00, real=0.01 secs] 
2026-06-17T09:47:54.292+0800: 17.792: [GC (Allocation Failure) [PSYoungGen: 10600K->2246K(15360K)] 46201K->39223K(59392K), 0.0075377 secs] [Times: user=0.07 sys=0.00, real=0.00 secs] 
2026-06-17T09:47:54.323+0800: 17.823: [GC (Allocation Failure) [PSYoungGen: 11453K->4071K(14848K)] 48431K->41562K(58880K), 0.0111079 secs] [Times: user=0.11 sys=0.00, real=0.01 secs] 
2026-06-17T09:47:54.357+0800: 17.857: [GC (Allocation Failure) [PSYoungGen: 13253K->4909K(14336K)] 50744K->43982K(58368K), 0.0078638 secs] [Times: user=0.09 sys=0.00, real=0.01 secs] 
2026-06-17T09:47:54.398+0800: 17.898: [GC (Allocation Failure) [PSYoungGen: 14122K->2333K(15360K)] 53195K->43044K(59392K), 0.0116158 secs] [Times: user=0.11 sys=0.01, real=0.02 secs] 
2026-06-17T09:47:54.433+0800: 17.934: [GC (Allocation Failure) [PSYoungGen: 11006K->2070K(14848K)] 51718K->44632K(58880K), 0.0093103 secs] [Times: user=0.05 sys=0.01, real=0.01 secs] 
2026-06-17T09:47:54.444+0800: 17.944: [Full GC (Ergonomics) [PSYoungGen: 2070K->0K(14848K)] [ParOldGen: 42562K->20731K(44032K)] 44632K->20731K(58880K), [Metaspace: 2709K->2709K(1056768K)], 0.0150228 secs] [Times: user=0.13 sys=0.00, real=0.01 secs] 
2026-06-17T09:47:54.482+0800: 17.982: [GC (Allocation Failure) [PSYoungGen: 8664K->5263K(14336K)] 29395K->25994K(58368K), 0.0074812 secs] [Times: user=0.04 sys=0.00, real=0.02 secs] 
2026-06-17T09:47:54.513+0800: 18.013: [GC (Allocation Failure) [PSYoungGen: 13437K->2196K(14848K)] 34168K->27137K(58880K), 0.0062657 secs] [Times: user=0.04 sys=0.00, real=0.00 secs] 
2026-06-17T09:47:54.543+0800: 18.043: [GC (Allocation Failure) [PSYoungGen: 10368K->1213K(14848K)] 35310K->27942K(58880K), 0.0067280 secs] [Times: user=0.03 sys=0.00, real=0.01 secs] 
2026-06-17T09:47:54.573+0800: 18.074: [GC (Allocation Failure) [PSYoungGen: 9399K->2590K(14848K)] 36128K->29319K(58880K), 0.0117808 secs] [Times: user=0.11 sys=0.00, real=0.01 secs] 
2026-06-17T09:47:54.609+0800: 18.109: [GC (Allocation Failure) [PSYoungGen: 10777K->2220K(15360K)] 37507K->30576K(59392K), 0.0105170 secs] [Times: user=0.11 sys=0.00, real=0.01 secs] 
2026-06-17T09:47:54.643+0800: 18.143: [GC (Allocation Failure) [PSYoungGen: 11391K->2725K(15360K)] 39747K->32869K(59392K), 0.0117426 secs] [Times: user=0.10 sys=0.01, real=0.01 secs] 
2026-06-17T09:47:54.678+0800: 18.178: [GC (Allocation Failure) [PSYoungGen: 11906K->5080K(14848K)] 42051K->35224K(58880K), 0.0071382 secs] [Times: user=0.03 sys=0.01, real=0.01 secs] 
2026-06-17T09:47:54.709+0800: 18.209: [GC (Allocation Failure) [PSYoungGen: 14292K->4783K(14336K)] 44437K->37084K(58368K), 0.0123153 secs] [Times: user=0.13 sys=0.00, real=0.01 secs] 
2026-06-17T09:47:54.745+0800: 18.246: [GC (Allocation Failure) [PSYoungGen: 13956K->4708K(14848K)] 46258K->39044K(58880K), 0.0062716 secs] [Times: user=0.03 sys=0.01, real=0.01 secs] 
2026-06-17T09:47:54.775+0800: 18.275: [GC (Allocation Failure) [PSYoungGen: 12900K->4713K(13312K)] 47236K->40188K(57344K), 0.0060731 secs] [Times: user=0.03 sys=0.00, real=0.00 secs] 
2026-06-17T09:47:54.805+0800: 18.305: [GC (Allocation Failure) [PSYoungGen: 12866K->4310K(14336K)] 48341K->41657K(58368K), 0.0072188 secs] [Times: user=0.04 sys=0.00, real=0.01 secs] 
2026-06-17T09:47:54.835+0800: 18.335: [GC (Allocation Failure) [PSYoungGen: 11445K->2254K(14336K)] 48792K->41649K(58368K), 0.0130403 secs] [Times: user=0.11 sys=0.00, real=0.01 secs] 
2026-06-17T09:47:54.871+0800: 18.371: [GC (Allocation Failure) [PSYoungGen: 9393K->2117K(14848K)] 48787K->41511K(58880K), 0.0162050 secs] [Times: user=0.13 sys=0.00, real=0.01 secs] 
2026-06-17T09:47:54.900+0800: 18.400: [GC (Allocation Failure) [PSYoungGen: 9697K->1007K(14336K)] 49091K->42328K(58368K), 0.0102558 secs] [Times: user=0.10 sys=0.01, real=0.02 secs] 
2026-06-17T09:47:54.911+0800: 18.412: [Full GC (Ergonomics) [PSYoungGen: 1007K->0K(14336K)] [ParOldGen: 41321K->29361K(44032K)] 42328K->29361K(58368K), [Metaspace: 2709K->2709K(1056768K)], 0.0102407 secs] [Times: user=0.08 sys=0.00, real=0.00 secs] 
2026-06-17T09:47:54.955+0800: 18.455: [GC (Allocation Failure) [PSYoungGen: 7680K->933K(14848K)] 37041K->30294K(58880K), 0.0118478 secs] [Times: user=0.11 sys=0.01, real=0.01 secs] 
2026-06-17T09:47:54.979+0800: 18.480: [GC (Allocation Failure) [PSYoungGen: 9081K->4941K(13312K)] 38442K->35164K(57344K), 0.0109617 secs] [Times: user=0.10 sys=0.01, real=0.02 secs] 
2026-06-17T09:47:55.014+0800: 18.515: [GC (Allocation Failure) [PSYoungGen: 12875K->462K(14336K)] 43099K->32620K(58368K), 0.0080130 secs] [Times: user=0.04 sys=0.00, real=0.01 secs] 
2026-06-17T09:47:55.046+0800: 18.546: [GC (Allocation Failure) [PSYoungGen: 7630K->3870K(14336K)] 39788K->36467K(58368K), 0.0071894 secs] [Times: user=0.05 sys=0.01, real=0.01 secs] 
2026-06-17T09:47:55.077+0800: 18.577: [GC (Allocation Failure) [PSYoungGen: 11038K->2286K(14336K)] 43634K->36694K(58368K), 0.0090746 secs] [Times: user=0.05 sys=0.01, real=0.01 secs] 
2026-06-17T09:47:55.109+0800: 18.610: [GC (Allocation Failure) [PSYoungGen: 9407K->572K(14336K)] 43815K->36773K(58368K), 0.0102646 secs] [Times: user=0.11 sys=0.00, real=0.01 secs] 
2026-06-17T09:47:55.132+0800: 18.632: [GC (Allocation Failure) [PSYoungGen: 7740K->4469K(14336K)] 43941K->40670K(58368K), 0.0135394 secs] [Times: user=0.14 sys=0.00, real=0.01 secs] 
2026-06-17T09:47:55.168+0800: 18.669: [GC (Allocation Failure) [PSYoungGen: 11613K->2696K(14336K)] 47814K->40617K(58368K), 0.0074001 secs] [Times: user=0.05 sys=0.00, real=0.01 secs] 
2026-06-17T09:47:55.199+0800: 18.699: [GC (Allocation Failure) [PSYoungGen: 9828K->3034K(14848K)] 47749K->40955K(58880K), 0.0069393 secs] [Times: user=0.04 sys=0.00, real=0.01 secs] 
2026-06-17T09:47:55.229+0800: 18.729: [GC (Allocation Failure) [PSYoungGen: 11190K->2377K(14848K)] 49111K->42561K(58880K), 0.0063889 secs] [Times: user=0.05 sys=0.01, real=0.01 secs] 
2026-06-17T09:47:55.258+0800: 18.758: [GC (Allocation Failure) [PSYoungGen: 10568K->1619K(15360K)] 50752K->44005K(59392K), 0.0112553 secs] [Times: user=0.11 sys=0.00, real=0.01 secs] 
2026-06-17T09:47:55.271+0800: 18.771: [Full GC (Ergonomics) [PSYoungGen: 1619K->0K(15360K)] [ParOldGen: 42386K->25286K(44032K)] 44005K->25286K(59392K), [Metaspace: 2709K->2709K(1056768K)], 0.0106777 secs] [Times: user=0.07 sys=0.00, real=0.00 secs] 
2026-06-17T09:47:55.304+0800: 18.804: [GC (Allocation Failure) [PSYoungGen: 9158K->5842K(15360K)] 34445K->31129K(59392K), 0.0072123 secs] [Times: user=0.04 sys=0.00, real=0.01 secs] 
2026-06-17T09:47:55.334+0800: 18.835: [GC (Allocation Failure) [PSYoungGen: 15038K->4851K(13312K)] 40325K->33459K(57344K), 0.0121767 secs] [Times: user=0.10 sys=0.01, real=0.01 secs] 
2026-06-17T09:47:55.369+0800: 18.870: [GC (Allocation Failure) [PSYoungGen: 11985K->1872K(14336K)] 40593K->33740K(58368K), 0.0038886 secs] [Times: user=0.02 sys=0.00, real=0.01 secs] 
2026-06-17T09:47:55.396+0800: 18.896: [GC (Allocation Failure) [PSYoungGen: 9030K->2577K(14848K)] 40898K->34444K(58880K), 0.0128341 secs] [Times: user=0.13 sys=0.00, real=0.01 secs] 
2026-06-17T09:47:55.422+0800: 18.922: [GC (Allocation Failure) [PSYoungGen: 10113K->1126K(14336K)] 41980K->35127K(58368K), 0.0102173 secs] [Times: user=0.08 sys=0.00, real=0.02 secs] 
2026-06-17T09:47:55.456+0800: 18.956: [GC (Allocation Failure) [PSYoungGen: 8804K->4042K(14848K)] 42806K->39146K(58880K), 0.0089355 secs] [Times: user=0.09 sys=0.00, real=0.01 secs] 
2026-06-17T09:47:55.487+0800: 18.988: [GC (Allocation Failure) [PSYoungGen: 12221K->4127K(12800K)] 47325K->40320K(56832K), 0.0083692 secs] [Times: user=0.05 sys=0.00, real=0.01 secs] 
2026-06-17T09:47:55.519+0800: 19.019: [GC (Allocation Failure) [PSYoungGen: 12291K->2931K(14848K)] 48484K->41415K(58880K), 0.0105958 secs] [Times: user=0.11 sys=0.00, real=0.01 secs] 
2026-06-17T09:47:55.552+0800: 19.053: [GC (Allocation Failure) [PSYoungGen: 10611K->3560K(14336K)] 49095K->42044K(58368K), 0.0102274 secs] [Times: user=0.09 sys=0.01, real=0.01 secs] 
2026-06-17T09:47:55.585+0800: 19.085: [GC (Allocation Failure) [PSYoungGen: 11206K->2435K(15360K)] 49691K->43005K(59392K), 0.0083491 secs] [Times: user=0.07 sys=0.00, real=0.01 secs] 
2026-06-17T09:47:55.594+0800: 19.094: [Full GC (Ergonomics) [PSYoungGen: 2435K->0K(15360K)] [ParOldGen: 40570K->31122K(44032K)] 43005K->31122K(59392K), [Metaspace: 2709K->2709K(1056768K)], 0.0111532 secs] [Times: user=0.07 sys=0.00, real=0.01 secs] 
2026-06-17T09:47:55.628+0800: 19.128: [GC (Allocation Failure) [PSYoungGen: 8689K->5122K(14848K)] 39811K->36244K(58880K), 0.0051295 secs] [Times: user=0.03 sys=0.00, real=0.01 secs] 
2026-06-17T09:47:55.655+0800: 19.155: [GC (Allocation Failure) [PSYoungGen: 13821K->1874K(14848K)] 44943K->37587K(58880K), 0.0087471 secs] [Times: user=0.07 sys=0.00, real=0.01 secs] 
2026-06-17T09:47:55.677+0800: 19.177: [GC (Allocation Failure) [PSYoungGen: 9894K->1130K(14848K)] 45608K->38694K(58880K), 0.0049388 secs] [Times: user=0.03 sys=0.00, real=0.00 secs] 
2026-06-17T09:47:55.715+0800: 19.215: [GC (Allocation Failure) [PSYoungGen: 9322K->800K(14848K)] 46886K->39470K(58880K), 0.0124019 secs] [Times: user=0.11 sys=0.00, real=0.01 secs] 
2026-06-17T09:47:55.740+0800: 19.240: [GC (Allocation Failure) [PSYoungGen: 8950K->5090K(13312K)] 47620K->44387K(57344K), 0.0116117 secs] [Times: user=0.09 sys=0.00, real=0.02 secs] 
2026-06-17T09:47:55.775+0800: 19.275: [GC (Allocation Failure) [PSYoungGen: 13251K->1773K(14336K)] 52548K->43074K(58368K), 0.0110901 secs] [Times: user=0.11 sys=0.01, real=0.01 secs] 
2026-06-17T09:47:55.787+0800: 19.287: [Full GC (Ergonomics) [PSYoungGen: 1773K->0K(14336K)] [ParOldGen: 41301K->23409K(44032K)] 43074K->23409K(58368K), [Metaspace: 2709K->2709K(1056768K)], 0.0135210 secs] [Times: user=0.10 sys=0.00, real=0.01 secs] 
2026-06-17T09:47:55.823+0800: 19.323: [GC (Allocation Failure) [PSYoungGen: 7139K->3631K(14336K)] 30548K->27040K(58368K), 0.0078823 secs] [Times: user=0.04 sys=0.01, real=0.01 secs] 
2026-06-17T09:47:55.854+0800: 19.354: [GC (Allocation Failure) [PSYoungGen: 10798K->3382K(14848K)] 34208K->27012K(58880K), 0.0117053 secs] [Times: user=0.12 sys=0.00, real=0.01 secs] 
2026-06-17T09:47:55.889+0800: 19.390: [GC (Allocation Failure) [PSYoungGen: 11568K->2835K(14848K)] 35198K->28698K(58880K), 0.0079678 secs] [Times: user=0.06 sys=0.00, real=0.01 secs] 
2026-06-17T09:47:55.920+0800: 19.420: [GC (Allocation Failure) [PSYoungGen: 10980K->4318K(14336K)] 36844K->30182K(58368K), 0.0103849 secs] [Times: user=0.08 sys=0.00, real=0.02 secs] 
2026-06-17T09:47:55.955+0800: 19.455: [GC (Allocation Failure) [PSYoungGen: 12473K->2782K(14848K)] 38337K->31626K(58880K), 0.0097013 secs] [Times: user=0.09 sys=0.00, real=0.01 secs] 
2026-06-17T09:47:55.988+0800: 19.489: [GC (Allocation Failure) [PSYoungGen: 10945K->1604K(15360K)] 39789K->32767K(59392K), 0.0114156 secs] [Times: user=0.12 sys=0.01, real=0.01 secs] 
2026-06-17T09:47:56.023+0800: 19.524: [GC (Allocation Failure) [PSYoungGen: 10785K->3500K(15360K)] 41948K->34663K(59392K), 0.0093204 secs] [Times: user=0.07 sys=0.00, real=0.01 secs] 
2026-06-17T09:47:56.056+0800: 19.556: [GC (Allocation Failure) [PSYoungGen: 12710K->3689K(15360K)] 43873K->37016K(59392K), 0.0084463 secs] [Times: user=0.06 sys=0.01, real=0.01 secs] 
2026-06-17T09:47:56.088+0800: 19.588: [GC (Allocation Failure) [PSYoungGen: 12714K->32K(15360K)] 46041K->35342K(59392K), 0.0084709 secs] [Times: user=0.07 sys=0.00, real=0.01 secs] 
2026-06-17T09:47:56.131+0800: 19.631: [GC (Allocation Failure) [PSYoungGen: 9221K->2213K(15360K)] 44531K->37531K(59392K), 0.0101770 secs] [Times: user=0.10 sys=0.01, real=0.00 secs] 
2026-06-17T09:47:56.165+0800: 19.665: [GC (Allocation Failure) [PSYoungGen: 11424K->2786K(15360K)] 46742K->39799K(59392K), 0.0062120 secs] [Times: user=0.04 sys=0.01, real=0.01 secs] 
2026-06-17T09:47:56.195+0800: 19.695: [GC (Allocation Failure) [PSYoungGen: 12001K->3360K(15872K)] 49015K->42168K(59904K), 0.0132503 secs] [Times: user=0.12 sys=0.00, real=0.01 secs] 
2026-06-17T09:47:56.231+0800: 19.732: [GC (Allocation Failure) [PSYoungGen: 13355K->138K(10752K)] 52164K->41996K(54784K), 0.0095994 secs] [Times: user=0.09 sys=0.01, real=0.00 secs] 
2026-06-17T09:47:56.242+0800: 19.742: [Full GC (Ergonomics) [PSYoungGen: 138K->0K(10752K)] [ParOldGen: 41858K->21734K(44032K)] 41996K->21734K(54784K), [Metaspace: 2709K->2709K(1056768K)], 0.0125184 secs] [Times: user=0.09 sys=0.00, real=0.02 secs] 
2026-06-17T09:47:56.288+0800: 19.788: [GC (Allocation Failure) [PSYoungGen: 10230K->3040K(15872K)] 31965K->24774K(59904K), 0.0098524 secs] [Times: user=0.08 sys=0.00, real=0.01 secs] 
2026-06-17T09:47:56.322+0800: 19.822: [GC (Allocation Failure) [PSYoungGen: 12734K->3925K(15360K)] 34468K->27690K(59392K), 0.0106102 secs] [Times: user=0.09 sys=0.01, real=0.02 secs] 
2026-06-17T09:47:56.366+0800: 19.866: [GC (Allocation Failure) [PSYoungGen: 13624K->1898K(15872K)] 37388K->27547K(59904K), 0.0108383 secs] [Times: user=0.11 sys=0.01, real=0.01 secs] 
2026-06-17T09:47:56.400+0800: 19.900: [GC (Allocation Failure) [PSYoungGen: 11581K->3146K(15360K)] 37230K->30466K(59392K), 0.0066341 secs] [Times: user=0.03 sys=0.01, real=0.01 secs] 
2026-06-17T09:47:56.430+0800: 19.930: [GC (Allocation Failure) [PSYoungGen: 12617K->32K(14848K)] 39936K->29195K(58880K), 0.0071973 secs] [Times: user=0.05 sys=0.00, real=0.01 secs] 
2026-06-17T09:47:56.461+0800: 19.961: [GC (Allocation Failure) [PSYoungGen: 9224K->5600K(14848K)] 38387K->34771K(58880K), 0.0065512 secs] [Times: user=0.03 sys=0.00, real=0.01 secs] 
2026-06-17T09:47:56.490+0800: 19.990: [GC (Allocation Failure) [PSYoungGen: 14801K->4700K(13824K)] 43973K->37063K(57856K), 0.0104691 secs] [Times: user=0.09 sys=0.00, real=0.01 secs] 
2026-06-17T09:47:56.524+0800: 20.024: [GC (Allocation Failure) [PSYoungGen: 11844K->2470K(14336K)] 44208K->36963K(58368K), 0.0100257 secs] [Times: user=0.07 sys=0.00, real=0.01 secs] 
2026-06-17T09:47:56.557+0800: 20.057: [GC (Allocation Failure) [PSYoungGen: 9585K->2445K(14848K)] 44078K->36938K(58880K), 0.0131145 secs] [Times: user=0.14 sys=0.00, real=0.02 secs] 
2026-06-17T09:47:56.585+0800: 20.085: [GC (Allocation Failure) [PSYoungGen: 10498K->1856K(14848K)] 44991K->38217K(58880K), 0.0103976 secs] [Times: user=0.10 sys=0.00, real=0.01 secs] 
2026-06-17T09:47:56.629+0800: 20.129: [GC (Allocation Failure) [PSYoungGen: 10042K->1393K(15360K)] 46403K->39586K(59392K), 0.0066636 secs] [Times: user=0.04 sys=0.00, real=0.01 secs] 
2026-06-17T09:47:56.659+0800: 20.159: [GC (Allocation Failure) [PSYoungGen: 10604K->3760K(15360K)] 48797K->42176K(59392K), 0.0067949 secs] [Times: user=0.04 sys=0.01, real=0.01 secs] 
2026-06-17T09:47:56.689+0800: 20.190: [GC (Allocation Failure) [PSYoungGen: 12950K->4212K(14336K)] 51365K->44098K(58368K), 0.0096475 secs] [Times: user=0.10 sys=0.00, real=0.01 secs] 
2026-06-17T09:47:56.722+0800: 20.222: [GC (Allocation Failure) [PSYoungGen: 12337K->167K(14848K)] 52224K->41715K(58880K), 0.0104453 secs] [Times: user=0.10 sys=0.00, real=0.02 secs] 
2026-06-17T09:47:56.737+0800: 20.237: [Full GC (Ergonomics) [PSYoungGen: 167K->0K(14848K)] [ParOldGen: 41548K->22232K(44032K)] 41715K->22232K(58880K), [Metaspace: 2709K->2709K(1056768K)], 0.0121149 secs] [Times: user=0.11 sys=0.00, real=0.01 secs] 
2026-06-17T09:47:56.771+0800: 20.272: [GC (Allocation Failure) [PSYoungGen: 8180K->4605K(13824K)] 30413K->26838K(57856K), 0.0135452 secs] [Times: user=0.14 sys=0.00, real=0.01 secs] 
2026-06-17T09:47:56.808+0800: 20.308: [GC (Allocation Failure) [PSYoungGen: 11773K->1898K(14336K)] 34006K->27083K(58368K), 0.0108191 secs] [Times: user=0.10 sys=0.01, real=0.01 secs] 
2026-06-17T09:47:56.842+0800: 20.343: [GC (Allocation Failure) [PSYoungGen: 9057K->75K(14848K)] 34243K->27020K(58880K), 0.0060837 secs] [Times: user=0.03 sys=0.00, real=0.01 secs] 
2026-06-17T09:47:56.861+0800: 20.361: [GC (Allocation Failure) [PSYoungGen: 8266K->4958K(13312K)] 35212K->31903K(57344K), 0.0072250 secs] [Times: user=0.05 sys=0.00, real=0.01 secs] 
2026-06-17T09:47:56.891+0800: 20.391: [GC (Allocation Failure) [PSYoungGen: 12835K->325K(14336K)] 39780K->29187K(58368K), 0.0046693 secs] [Times: user=0.04 sys=0.00, real=0.00 secs] 
2026-06-17T09:47:56.918+0800: 20.418: [GC (Allocation Failure) [PSYoungGen: 7476K->3563K(14336K)] 36339K->32695K(58368K), 0.0050194 secs] [Times: user=0.04 sys=0.00, real=0.01 secs] 
2026-06-17T09:47:56.935+0800: 20.435: [GC (Allocation Failure) [PSYoungGen: 10695K->1425K(14336K)] 39827K->32518K(58368K), 0.0094628 secs] [Times: user=0.12 sys=0.00, real=0.01 secs] 
2026-06-17T09:47:56.966+0800: 20.466: [GC (Allocation Failure) [PSYoungGen: 8585K->3780K(14336K)] 39679K->36274K(58368K), 0.0043517 secs] [Times: user=0.03 sys=0.01, real=0.01 secs] 
2026-06-17T09:47:56.993+0800: 20.493: [GC (Allocation Failure) [PSYoungGen: 10940K->3040K(14848K)] 43434K->36311K(58880K), 0.0056034 secs] [Times: user=0.05 sys=0.00, real=0.00 secs] 
2026-06-17T09:47:57.020+0800: 20.520: [GC (Allocation Failure) [PSYoungGen: 10691K->2519K(14336K)] 43961K->37150K(58368K), 0.0028124 secs] [Times: user=0.02 sys=0.00, real=0.01 secs] 
2026-06-17T09:47:57.034+0800: 20.534: [GC (Allocation Failure) [PSYoungGen: 10192K->5602K(13824K)] 44823K->41523K(57856K), 0.0073616 secs] [Times: user=0.08 sys=0.01, real=0.00 secs] 
2026-06-17T09:47:57.064+0800: 20.564: [GC (Allocation Failure) [PSYoungGen: 12648K->385K(14336K)] 48569K->38586K(58368K), 0.0071872 secs] [Times: user=0.08 sys=0.00, real=0.01 secs] 
2026-06-17T09:47:57.093+0800: 20.593: [GC (Allocation Failure) [PSYoungGen: 7553K->3540K(14336K)] 45754K->42102K(58368K), 0.0083852 secs] [Times: user=0.11 sys=0.00, real=0.00 secs] 
2026-06-17T09:47:57.123+0800: 20.623: [GC (Allocation Failure) [PSYoungGen: 10680K->2744K(14336K)] 49242K->42764K(58368K), 0.0029432 secs] [Times: user=0.01 sys=0.00, real=0.00 secs] 
2026-06-17T09:47:57.148+0800: 20.648: [GC (Allocation Failure) [PSYoungGen: 9912K->1205K(14848K)] 49932K->43047K(58880K), 0.0120913 secs] [Times: user=0.12 sys=0.00, real=0.01 secs] 
2026-06-17T09:47:57.161+0800: 20.661: [Full GC (Ergonomics) [PSYoungGen: 1205K->0K(14848K)] [ParOldGen: 41842K->27574K(44032K)] 43047K->27574K(58880K), [Metaspace: 2709K->2709K(1056768K)], 0.0078379 secs] [Times: user=0.06 sys=0.00, real=0.01 secs] 
2026-06-17T09:47:57.191+0800: 20.691: [GC (Allocation Failure) [PSYoungGen: 8161K->4913K(13312K)] 35735K->32487K(57344K), 0.0093785 secs] [Times: user=0.10 sys=0.00, real=0.00 secs] 
2026-06-17T09:47:57.223+0800: 20.723: [GC (Allocation Failure) [PSYoungGen: 13105K->2549K(14848K)] 40679K->33710K(58880K), 0.0092587 secs] [Times: user=0.11 sys=0.00, real=0.01 secs] 
2026-06-17T09:47:57.254+0800: 20.754: [GC (Allocation Failure) [PSYoungGen: 10198K->1511K(14336K)] 41359K->34631K(58368K), 0.0070901 secs] [Times: user=0.08 sys=0.00, real=0.00 secs] 
2026-06-17T09:47:57.273+0800: 20.773: [GC (Allocation Failure) [PSYoungGen: 8587K->1614K(15360K)] 41707K->34734K(59392K), 0.0089940 secs] [Times: user=0.09 sys=0.00, real=0.00 secs] 
2026-06-17T09:47:57.304+0800: 20.804: [GC (Allocation Failure) [PSYoungGen: 10305K->2021K(14848K)] 43425K->36731K(58880K), 0.0069067 secs] [Times: user=0.09 sys=0.00, real=0.01 secs] 
2026-06-17T09:47:57.343+0800: 20.843: [GC (Allocation Failure) [PSYoungGen: 10724K->1600K(15360K)] 45434K->38275K(59392K), 0.0086498 secs] [Times: user=0.10 sys=0.00, real=0.01 secs] 
2026-06-17T09:47:57.374+0800: 20.874: [GC (Allocation Failure) [PSYoungGen: 10783K->3050K(15360K)] 47459K->40492K(59392K), 0.0094546 secs] [Times: user=0.11 sys=0.00, real=0.01 secs] 
2026-06-17T09:47:57.405+0800: 20.905: [GC (Allocation Failure) [PSYoungGen: 12266K->3632K(14848K)] 49707K->42910K(58880K), 0.0082188 secs] [Times: user=0.08 sys=0.01, real=0.01 secs] 
2026-06-17T09:47:57.436+0800: 20.936: [GC (Allocation Failure) [PSYoungGen: 12839K->3491K(15360K)] 52117K->44912K(59392K), 0.0108289 secs] [Times: user=0.13 sys=0.00, real=0.01 secs] 
2026-06-17T09:47:57.448+0800: 20.948: [Full GC (Ergonomics) [PSYoungGen: 3491K->0K(15360K)] [ParOldGen: 41421K->22417K(44032K)] 44912K->22417K(59392K), [Metaspace: 2709K->2709K(1056768K)], 0.0102421 secs] [Times: user=0.08 sys=0.00, real=0.01 secs] 
2026-06-17T09:47:57.481+0800: 20.981: [GC (Allocation Failure) [PSYoungGen: 9211K->5567K(14336K)] 31628K->27984K(58368K), 0.0114767 secs] [Times: user=0.11 sys=0.01, real=0.02 secs] 
2026-06-17T09:47:57.515+0800: 21.016: [GC (Allocation Failure) [PSYoungGen: 13759K->4293K(14848K)] 36176K->29213K(58880K), 0.0105224 secs] [Times: user=0.11 sys=0.00, real=0.01 secs] 
2026-06-17T09:47:57.549+0800: 21.049: [GC (Allocation Failure) [PSYoungGen: 12314K->177K(13824K)] 37235K->26719K(57856K), 0.0072739 secs] [Times: user=0.05 sys=0.00, real=0.01 secs] 
2026-06-17T09:47:57.579+0800: 21.080: [GC (Allocation Failure) [PSYoungGen: 7320K->3819K(14336K)] 33863K->30514K(58368K), 0.0107938 secs] [Times: user=0.09 sys=0.00, real=0.02 secs] 
2026-06-17T09:47:57.603+0800: 21.103: [GC (Allocation Failure) [PSYoungGen: 10895K->1399K(14848K)] 37591K->30977K(58880K), 0.0103899 secs] [Times: user=0.09 sys=0.00, real=0.01 secs] 
2026-06-17T09:47:57.647+0800: 21.147: [GC (Allocation Failure) [PSYoungGen: 9064K->746K(14336K)] 38642K->31699K(58368K), 0.0074849 secs] [Times: user=0.04 sys=0.01, real=0.01 secs] 
2026-06-17T09:47:57.667+0800: 21.168: [GC (Allocation Failure) [PSYoungGen: 8424K->4337K(13824K)] 39378K->35937K(57856K), 0.0057373 secs] [Times: user=0.03 sys=0.00, real=0.01 secs] 
2026-06-17T09:47:57.696+0800: 21.196: [GC (Allocation Failure) [PSYoungGen: 11501K->2209K(14336K)] 43101K->36031K(58368K), 0.0056247 secs] [Times: user=0.04 sys=0.00, real=0.00 secs] 
2026-06-17T09:47:57.725+0800: 21.225: [GC (Allocation Failure) [PSYoungGen: 9375K->2336K(14848K)] 43197K->36158K(58880K), 0.0124566 secs] [Times: user=0.11 sys=0.00, real=0.01 secs] 
2026-06-17T09:47:57.750+0800: 21.250: [GC (Allocation Failure) [PSYoungGen: 10496K->1630K(14848K)] 44318K->37553K(58880K), 0.0121413 secs] [Times: user=0.11 sys=0.00, real=0.02 secs] 
2026-06-17T09:47:57.796+0800: 21.296: [GC (Allocation Failure) [PSYoungGen: 9822K->1184K(15360K)] 45745K->38713K(59392K), 0.0073954 secs] [Times: user=0.08 sys=0.00, real=0.01 secs] 
2026-06-17T09:47:57.827+0800: 21.327: [GC (Allocation Failure) [PSYoungGen: 10375K->3625K(15360K)] 47904K->41323K(59392K), 0.0086460 secs] [Times: user=0.07 sys=0.01, real=0.01 secs] 
2026-06-17T09:47:57.859+0800: 21.359: [GC (Allocation Failure) [PSYoungGen: 12810K->3848K(15360K)] 50508K->43437K(59392K), 0.0107052 secs] [Times: user=0.10 sys=0.00, real=0.02 secs] 
2026-06-17T09:47:57.893+0800: 21.393: [GC (Allocation Failure) [PSYoungGen: 13032K->3187K(15360K)] 52622K->45763K(59392K), 0.0060540 secs] [Times: user=0.03 sys=0.01, real=0.00 secs] 
2026-06-17T09:47:57.900+0800: 21.401: [Full GC (Ergonomics) [PSYoungGen: 3187K->0K(15360K)] [ParOldGen: 42576K->33423K(44032K)] 45763K->33423K(59392K), [Metaspace: 2709K->2709K(1056768K)], 0.0151237 secs] [Times: user=0.13 sys=0.00, real=0.02 secs] 
2026-06-17T09:47:57.939+0800: 21.439: [GC (Allocation Failure) [PSYoungGen: 9200K->5961K(13312K)] 42623K->39385K(57344K), 0.0102549 secs] [Times: user=0.11 sys=0.00, real=0.01 secs] 
2026-06-17T09:47:57.972+0800: 21.472: [GC (Allocation Failure) [PSYoungGen: 13114K->3476K(14336K)] 46538K->39435K(58368K), 0.0078992 secs] [Times: user=0.05 sys=0.00, real=0.00 secs] 
2026-06-17T09:47:58.003+0800: 21.503: [GC (Allocation Failure) [PSYoungGen: 10624K->1930K(14848K)] 46583K->39712K(58880K), 0.0123488 secs] [Times: user=0.13 sys=0.00, real=0.01 secs] 
2026-06-17T09:47:58.039+0800: 21.539: [GC (Allocation Failure) [PSYoungGen: 10073K->3448K(14848K)] 47855K->41230K(58880K), 0.0059037 secs] [Times: user=0.03 sys=0.00, real=0.01 secs] 
2026-06-17T09:47:58.067+0800: 21.567: [GC (Allocation Failure) [PSYoungGen: 11640K->2439K(15360K)] 49422K->42321K(59392K), 0.0044706 secs] [Times: user=0.02 sys=0.01, real=0.01 secs] 
2026-06-17T09:47:58.095+0800: 21.595: [GC (Allocation Failure) [PSYoungGen: 11109K->2249K(14848K)] 50991K->43955K(58880K), 0.0065552 secs] [Times: user=0.03 sys=0.00, real=0.01 secs] 
2026-06-17T09:47:58.105+0800: 21.605: [Full GC (Ergonomics) [PSYoungGen: 2249K->0K(14848K)] [ParOldGen: 41705K->30558K(44032K)] 43955K->30558K(58880K), [Metaspace: 2709K->2709K(1056768K)], 0.0098538 secs] [Times: user=0.06 sys=0.00, real=0.01 secs] 
2026-06-17T09:47:58.138+0800: 21.638: [GC (Allocation Failure) [PSYoungGen: 8689K->5321K(14336K)] 39247K->35880K(58368K), 0.0135578 secs] [Times: user=0.15 sys=0.00, real=0.02 secs] 
2026-06-17T09:47:58.175+0800: 21.675: [GC (Allocation Failure) [PSYoungGen: 13496K->2026K(14848K)] 44054K->37337K(58880K), 0.0080222 secs] [Times: user=0.04 sys=0.01, real=0.01 secs] 
2026-06-17T09:47:58.206+0800: 21.706: [GC (Allocation Failure) [PSYoungGen: 10215K->1662K(14848K)] 45526K->38910K(58880K), 0.0066644 secs] [Times: user=0.04 sys=0.00, real=0.01 secs] 
2026-06-17T09:47:58.236+0800: 21.736: [GC (Allocation Failure) [PSYoungGen: 9842K->2903K(14848K)] 47090K->40151K(58880K), 0.0073637 secs] [Times: user=0.03 sys=0.00, real=0.01 secs] 
2026-06-17T09:47:58.267+0800: 21.767: [GC (Allocation Failure) [PSYoungGen: 11091K->1816K(15360K)] 48339K->41474K(59392K), 0.0070138 secs] [Times: user=0.03 sys=0.00, real=0.01 secs] 
2026-06-17T09:47:58.298+0800: 21.798: [GC (Allocation Failure) [PSYoungGen: 10996K->3043K(15360K)] 50654K->44416K(59392K), 0.0098338 secs] [Times: user=0.08 sys=0.00, real=0.01 secs] 
2026-06-17T09:47:58.309+0800: 21.809: [Full GC (Ergonomics) [PSYoungGen: 3043K->0K(15360K)] [ParOldGen: 41373K->31323K(44032K)] 44416K->31323K(59392K), [Metaspace: 2709K->2709K(1056768K)], 0.0182498 secs] [Times: user=0.17 sys=0.01, real=0.02 secs] 
2026-06-17T09:47:58.350+0800: 21.850: [GC (Allocation Failure) [PSYoungGen: 9206K->5626K(13824K)] 40530K->37044K(57856K), 0.0092903 secs] [Times: user=0.11 sys=0.00, real=0.01 secs] 
2026-06-17T09:47:58.382+0800: 21.882: [GC (Allocation Failure) [PSYoungGen: 13766K->3969K(14848K)] 45185K->38278K(58880K), 0.0103087 secs] [Times: user=0.09 sys=0.01, real=0.02 secs] 
2026-06-17T09:47:58.415+0800: 21.916: [GC (Allocation Failure) [PSYoungGen: 12136K->3203K(15360K)] 46445K->39537K(59392K), 0.0082168 secs] [Times: user=0.05 sys=0.00, real=0.01 secs] 
2026-06-17T09:47:58.447+0800: 21.947: [GC (Allocation Failure) [PSYoungGen: 11866K->5284K(14848K)] 48201K->41619K(58880K), 0.0116158 secs] [Times: user=0.12 sys=0.01, real=0.01 secs] 
2026-06-17T09:47:58.482+0800: 21.983: [GC (Allocation Failure) [PSYoungGen: 13979K->4085K(14848K)] 50314K->43385K(58880K), 0.0125295 secs] [Times: user=0.12 sys=0.01, real=0.02 secs] 
2026-06-17T09:47:58.518+0800: 22.018: [GC (Allocation Failure) [PSYoungGen: 12239K->3336K(14848K)] 51539K->44648K(58880K), 0.0113900 secs] [Times: user=0.09 sys=0.00, real=0.02 secs] 
2026-06-17T09:47:58.531+0800: 22.031: [Full GC (Ergonomics) [PSYoungGen: 3336K->0K(14848K)] [ParOldGen: 41312K->25055K(44032K)] 44648K->25055K(58880K), [Metaspace: 2709K->2709K(1056768K)], 0.0127546 secs] [Times: user=0.11 sys=0.01, real=0.01 secs] 
2026-06-17T09:47:58.567+0800: 22.067: [GC (Allocation Failure) [PSYoungGen: 8164K->4527K(14848K)] 33219K->29583K(58880K), 0.0104510 secs] [Times: user=0.10 sys=0.00, real=0.01 secs] 
2026-06-17T09:47:58.601+0800: 22.101: [GC (Allocation Failure) [PSYoungGen: 12670K->3401K(14848K)] 37725K->30795K(58880K), 0.0071062 secs] [Times: user=0.04 sys=0.00, real=0.01 secs] 
2026-06-17T09:47:58.631+0800: 22.131: [GC (Allocation Failure) [PSYoungGen: 11545K->2746K(15360K)] 38938K->32223K(59392K), 0.0062721 secs] [Times: user=0.03 sys=0.00, real=0.00 secs] 
2026-06-17T09:47:58.672+0800: 22.172: [GC (Allocation Failure) [PSYoungGen: 11957K->1832K(15360K)] 41434K->31308K(59392K), 0.0110011 secs] [Times: user=0.10 sys=0.00, real=0.01 secs] 
2026-06-17T09:47:58.706+0800: 22.206: [GC (Allocation Failure) [PSYoungGen: 11029K->2311K(15360K)] 40506K->33521K(59392K), 0.0118697 secs] [Times: user=0.11 sys=0.01, real=0.01 secs] 
2026-06-17T09:47:58.730+0800: 22.230: [GC (Allocation Failure) [PSYoungGen: 11249K->3063K(15360K)] 42459K->35997K(59392K), 0.0114057 secs] [Times: user=0.11 sys=0.00, real=0.01 secs] 
2026-06-17T09:47:58.775+0800: 22.275: [GC (Allocation Failure) [PSYoungGen: 12256K->1961K(15872K)] 45190K->37934K(59904K), 0.0092179 secs] [Times: user=0.08 sys=0.01, real=0.01 secs] 
2026-06-17T09:47:58.808+0800: 22.308: [GC (Allocation Failure) [PSYoungGen: 11655K->5009K(15360K)] 47628K->41340K(59392K), 0.0067194 secs] [Times: user=0.03 sys=0.00, real=0.01 secs] 
2026-06-17T09:47:58.850+0800: 22.350: [GC (Allocation Failure) [PSYoungGen: 14715K->2977K(15360K)] 51046K->41009K(59392K), 0.0077873 secs] [Times: user=0.03 sys=0.00, real=0.01 secs] 
2026-06-17T09:47:58.882+0800: 22.382: [GC (Allocation Failure) [PSYoungGen: 12186K->3882K(15360K)] 50218K->43646K(59392K), 0.0134914 secs] [Times: user=0.11 sys=0.00, real=0.02 secs] 
2026-06-17T09:47:58.918+0800: 22.418: [GC (Allocation Failure) [PSYoungGen: 13034K->323K(15360K)] 52797K->42153K(59392K), 0.0110461 secs] [Times: user=0.10 sys=0.00, real=0.01 secs] 
2026-06-17T09:47:58.930+0800: 22.431: [Full GC (Ergonomics) [PSYoungGen: 323K->0K(15360K)] [ParOldGen: 41830K->28096K(44032K)] 42153K->28096K(59392K), [Metaspace: 2709K->2709K(1056768K)], 0.0122960 secs] [Times: user=0.08 sys=0.01, real=0.02 secs] 
2026-06-17T09:47:58.976+0800: 22.476: [GC (Allocation Failure) [PSYoungGen: 9184K->2008K(15360K)] 37280K->30104K(59392K), 0.0143743 secs] [Times: user=0.13 sys=0.01, real=0.02 secs] 
2026-06-17T09:47:59.003+0800: 22.503: [GC (Allocation Failure) [PSYoungGen: 10522K->1873K(15360K)] 38618K->31638K(59392K), 0.0106606 secs] [Times: user=0.09 sys=0.01, real=0.01 secs] 
2026-06-17T09:47:59.037+0800: 22.538: [GC (Allocation Failure) [PSYoungGen: 10999K->2237K(15360K)] 40764K->33851K(59392K), 0.0109362 secs] [Times: user=0.09 sys=0.00, real=0.01 secs] 
2026-06-17T09:47:59.082+0800: 22.582: [GC (Allocation Failure) [PSYoungGen: 11442K->2198K(15872K)] 43056K->35994K(59904K), 0.0096010 secs] [Times: user=0.07 sys=0.01, real=0.02 secs] 
2026-06-17T09:47:59.115+0800: 22.616: [GC (Allocation Failure) [PSYoungGen: 12431K->5263K(15872K)] 46226K->39673K(59904K), 0.0061598 secs] [Times: user=0.04 sys=0.00, real=0.00 secs] 
2026-06-17T09:47:59.155+0800: 22.656: [GC (Allocation Failure) [PSYoungGen: 15456K->3358K(14848K)] 49867K->39717K(58880K), 0.0103105 secs] [Times: user=0.09 sys=0.01, real=0.01 secs] 
2026-06-17T09:47:59.189+0800: 22.689: [GC (Allocation Failure) [PSYoungGen: 12573K->4146K(15360K)] 48932K->41956K(59392K), 0.0129655 secs] [Times: user=0.12 sys=0.01, real=0.02 secs] 
2026-06-17T09:47:59.225+0800: 22.725: [GC (Allocation Failure) [PSYoungGen: 13166K->675K(14336K)] 50976K->40717K(58368K), 0.0091534 secs] [Times: user=0.08 sys=0.00, real=0.01 secs] 
2026-06-17T09:47:59.258+0800: 22.758: [GC (Allocation Failure) [PSYoungGen: 8864K->4440K(14848K)] 48907K->45134K(58880K), 0.0059181 secs] [Times: user=0.04 sys=0.01, real=0.01 secs] 
2026-06-17T09:47:59.288+0800: 22.788: [GC (Allocation Failure) [PSYoungGen: 12590K->4636K(13824K)] 53284K->46382K(57856K), 0.0076772 secs] [Times: user=0.04 sys=0.00, real=0.01 secs] 
2026-06-17T09:47:59.297+0800: 22.797: [Full GC (Ergonomics) [PSYoungGen: 4636K->0K(13824K)] [ParOldGen: 41746K->26967K(44032K)] 46382K->26967K(57856K), [Metaspace: 2709K->2709K(1056768K)], 0.0103541 secs] [Times: user=0.05 sys=0.01, real=0.01 secs] 
2026-06-17T09:47:59.330+0800: 22.830: [GC (Allocation Failure) [PSYoungGen: 7159K->3748K(14336K)] 34126K->30716K(58368K), 0.0118625 secs] [Times: user=0.13 sys=0.00, real=0.02 secs] 
2026-06-17T09:47:59.364+0800: 22.865: [GC (Allocation Failure) [PSYoungGen: 10905K->1947K(14848K)] 37873K->30904K(58880K), 0.0103705 secs] [Times: user=0.11 sys=0.01, real=0.01 secs] 
2026-06-17T09:47:59.387+0800: 22.887: [GC (Allocation Failure) [PSYoungGen: 9986K->1422K(14848K)] 38944K->32034K(58880K), 0.0108545 secs] [Times: user=0.10 sys=0.00, real=0.01 secs] 
2026-06-17T09:47:59.432+0800: 22.932: [GC (Allocation Failure) [PSYoungGen: 9562K->1209K(14848K)] 40175K->33220K(58880K), 0.0109037 secs] [Times: user=0.09 sys=0.00, real=0.01 secs] 
2026-06-17T09:47:59.466+0800: 22.966: [GC (Allocation Failure) [PSYoungGen: 9394K->1957K(14848K)] 41405K->34605K(58880K), 0.0088229 secs] [Times: user=0.07 sys=0.01, real=0.01 secs] 
2026-06-17T09:47:59.488+0800: 22.989: [GC (Allocation Failure) [PSYoungGen: 10113K->1514K(15360K)] 42760K->35856K(59392K), 0.0090706 secs] [Times: user=0.07 sys=0.00, real=0.01 secs] 
2026-06-17T09:47:59.532+0800: 23.032: [GC (Allocation Failure) [PSYoungGen: 10694K->1976K(15360K)] 45036K->37808K(59392K), 0.0135737 secs] [Times: user=0.10 sys=0.01, real=0.01 secs] 
2026-06-17T09:47:59.569+0800: 23.069: [GC (Allocation Failure) [PSYoungGen: 11177K->3671K(15360K)] 47009K->39835K(59392K), 0.0130118 secs] [Times: user=0.11 sys=0.01, real=0.01 secs] 
2026-06-17T09:47:59.605+0800: 23.105: [GC (Allocation Failure) [PSYoungGen: 12863K->4471K(13824K)] 49027K->42401K(57856K), 0.0138684 secs] [Times: user=0.12 sys=0.00, real=0.01 secs] 
2026-06-17T09:47:59.642+0800: 23.142: [GC (Allocation Failure) [PSYoungGen: 13593K->32K(14848K)] 51524K->41167K(58880K), 0.0096531 secs] [Times: user=0.09 sys=0.01, real=0.02 secs] 
2026-06-17T09:47:59.653+0800: 23.154: [Full GC (Ergonomics) [PSYoungGen: 32K->0K(14848K)] [ParOldGen: 41135K->28930K(44032K)] 41167K->28930K(58880K), [Metaspace: 2709K->2709K(1056768K)], 0.0097517 secs] [Times: user=0.06 sys=0.00, real=0.01 secs] 
2026-06-17T09:47:59.686+0800: 23.186: [GC (Allocation Failure) [PSYoungGen: 8192K->4986K(13312K)] 37122K->33916K(57344K), 0.0114855 secs] [Times: user=0.12 sys=0.00, real=0.01 secs] 
2026-06-17T09:47:59.721+0800: 23.221: [GC (Allocation Failure) [PSYoungGen: 13141K->4184K(14336K)] 42071K->34919K(58368K), 0.0122784 secs] [Times: user=0.12 sys=0.00, real=0.02 secs] 
2026-06-17T09:47:59.757+0800: 23.257: [GC (Allocation Failure) [PSYoungGen: 11352K->1865K(14336K)] 42087K->35013K(58368K), 0.0069959 secs] [Times: user=0.05 sys=0.00, real=0.01 secs] 
2026-06-17T09:47:59.777+0800: 23.278: [GC (Allocation Failure) [PSYoungGen: 9029K->5638K(14336K)] 42178K->38786K(58368K), 0.0082160 secs] [Times: user=0.04 sys=0.00, real=0.01 secs] 
2026-06-17T09:47:59.810+0800: 23.310: [GC (Allocation Failure) [PSYoungGen: 12775K->176K(14336K)] 45923K->35665K(58368K), 0.0109888 secs] [Times: user=0.10 sys=0.00, real=0.01 secs] 
2026-06-17T09:47:59.845+0800: 23.345: [GC (Allocation Failure) [PSYoungGen: 7320K->3713K(14336K)] 42810K->39355K(58368K), 0.0108482 secs] [Times: user=0.07 sys=0.00, real=0.01 secs] 
2026-06-17T09:47:59.869+0800: 23.369: [GC (Allocation Failure) [PSYoungGen: 10827K->1939K(14336K)] 46468K->39589K(58368K), 0.0095241 secs] [Times: user=0.08 sys=0.00, real=0.01 secs] 
2026-06-17T09:47:59.902+0800: 23.402: [GC (Allocation Failure) [PSYoungGen: 9070K->3577K(14336K)] 46721K->43143K(58368K), 0.0101774 secs] [Times: user=0.07 sys=0.00, real=0.02 secs] 
2026-06-17T09:47:59.925+0800: 23.425: [GC (Allocation Failure) [PSYoungGen: 10637K->1525K(14336K)] 50203K->42851K(58368K), 0.0108595 secs] [Times: user=0.11 sys=0.00, real=0.01 secs] 
2026-06-17T09:47:59.937+0800: 23.437: [Full GC (Ergonomics) [PSYoungGen: 1525K->0K(14336K)] [ParOldGen: 41326K->27035K(44032K)] 42851K->27035K(58368K), [Metaspace: 2709K->2709K(1056768K)], 0.0097059 secs] [Times: user=0.05 sys=0.01, real=0.01 secs] 
2026-06-17T09:47:59.980+0800: 23.480: [GC (Allocation Failure) [PSYoungGen: 7156K->256K(14336K)] 34191K->27291K(58368K), 0.0161122 secs] [Times: user=0.14 sys=0.00, real=0.02 secs] 
2026-06-17T09:48:00.009+0800: 23.509: [GC (Allocation Failure) [PSYoungGen: 7392K->4018K(14336K)] 34427K->31198K(58368K), 0.0133083 secs] [Times: user=0.09 sys=0.01, real=0.02 secs] 
2026-06-17T09:48:00.045+0800: 23.545: [GC (Allocation Failure) [PSYoungGen: 11171K->2028K(14848K)] 38351K->30952K(58880K), 0.0083250 secs] [Times: user=0.06 sys=0.00, real=0.01 secs] 
2026-06-17T09:48:00.077+0800: 23.577: [GC (Allocation Failure) [PSYoungGen: 9680K->3062K(14336K)] 38604K->31986K(58368K), 0.0100822 secs] [Times: user=0.06 sys=0.01, real=0.01 secs] 
2026-06-17T09:48:00.111+0800: 23.611: [GC (Allocation Failure) [PSYoungGen: 10742K->1838K(15360K)] 39666K->32637K(59392K), 0.0064755 secs] [Times: user=0.03 sys=0.00, real=0.00 secs] 
2026-06-17T09:48:00.141+0800: 23.641: [GC (Allocation Failure) [PSYoungGen: 10531K->1869K(14848K)] 41330K->34434K(58880K), 0.0089101 secs] [Times: user=0.08 sys=0.01, real=0.01 secs] 
2026-06-17T09:48:00.173+0800: 23.673: [GC (Allocation Failure) [PSYoungGen: 10531K->3373K(15360K)] 43096K->35938K(59392K), 0.0061661 secs] [Times: user=0.02 sys=0.00, real=0.00 secs] 
2026-06-17T09:48:00.202+0800: 23.702: [GC (Allocation Failure) [PSYoungGen: 12538K->3579K(15360K)] 45102K->38318K(59392K), 0.0131491 secs] [Times: user=0.11 sys=0.00, real=0.02 secs] 
2026-06-17T09:48:00.238+0800: 23.738: [GC (Allocation Failure) [PSYoungGen: 12749K->32K(15360K)] 47489K->37408K(59392K), 0.0103132 secs] [Times: user=0.10 sys=0.00, real=0.01 secs] 
2026-06-17T09:48:00.282+0800: 23.782: [GC (Allocation Failure) [PSYoungGen: 9226K->2201K(15360K)] 46602K->39585K(59392K), 0.0099656 secs] [Times: user=0.11 sys=0.00, real=0.02 secs] 
2026-06-17T09:48:00.315+0800: 23.815: [GC (Allocation Failure) [PSYoungGen: 11417K->2499K(15872K)] 48801K->41913K(59904K), 0.0057983 secs] [Times: user=0.03 sys=0.01, real=0.00 secs] 
2026-06-17T09:48:00.344+0800: 23.844: [GC (Allocation Failure) [PSYoungGen: 12184K->3076K(15360K)] 51598K->44776K(59392K), 0.0100059 secs] [Times: user=0.07 sys=0.01, real=0.01 secs] 
2026-06-17T09:48:00.355+0800: 23.855: [Full GC (Ergonomics) [PSYoungGen: 3076K->0K(15360K)] [ParOldGen: 41699K->24953K(44032K)] 44776K->24953K(59392K), [Metaspace: 2709K->2709K(1056768K)], 0.0108709 secs] [Times: user=0.08 sys=0.00, real=0.01 secs] 
2026-06-17T09:48:00.389+0800: 23.889: [GC (Allocation Failure) [PSYoungGen: 9517K->2765K(15872K)] 34471K->27719K(59904K), 0.0077248 secs] [Times: user=0.07 sys=0.00, real=0.01 secs] 
2026-06-17T09:48:00.430+0800: 23.930: [GC (Allocation Failure) [PSYoungGen: 12985K->3411K(15872K)] 37938K->31064K(59904K), 0.0140914 secs] [Times: user=0.13 sys=0.00, real=0.02 secs] 
2026-06-17T09:48:00.467+0800: 23.967: [GC (Allocation Failure) [PSYoungGen: 13638K->4447K(14848K)] 41290K->34005K(58880K), 0.0106494 secs] [Times: user=0.08 sys=0.01, real=0.01 secs] 
2026-06-17T09:48:00.501+0800: 24.001: [GC (Allocation Failure) [PSYoungGen: 13662K->4578K(15360K)] 43220K->36238K(59392K), 0.0089674 secs] [Times: user=0.07 sys=0.00, real=0.02 secs] 
2026-06-17T09:48:00.534+0800: 24.034: [GC (Allocation Failure) [PSYoungGen: 13625K->518K(14336K)] 45285K->35352K(58368K), 0.0099481 secs] [Times: user=0.11 sys=0.00, real=0.01 secs] 
2026-06-17T09:48:00.568+0800: 24.068: [GC (Allocation Failure) [PSYoungGen: 8710K->4794K(14848K)] 43544K->40122K(58880K), 0.0086444 secs] [Times: user=0.07 sys=0.00, real=0.01 secs] 
2026-06-17T09:48:00.599+0800: 24.099: [GC (Allocation Failure) [PSYoungGen: 12986K->4432K(13824K)] 48314K->41049K(57856K), 0.0069435 secs] [Times: user=0.04 sys=0.01, real=0.01 secs] 
2026-06-17T09:48:00.629+0800: 24.129: [GC (Allocation Failure) [PSYoungGen: 11578K->2238K(14336K)] 48194K->40720K(58368K), 0.0058422 secs] [Times: user=0.03 sys=0.00, real=0.01 secs] 
2026-06-17T09:48:00.658+0800: 24.158: [GC (Allocation Failure) [PSYoungGen: 9405K->2774K(14848K)] 47886K->41255K(58880K), 0.0152958 secs] [Times: user=0.14 sys=0.00, real=0.02 secs] 
2026-06-17T09:48:00.686+0800: 24.186: [GC (Allocation Failure) [PSYoungGen: 10690K->1708K(14848K)] 49171K->42255K(58880K), 0.0108590 secs] [Times: user=0.11 sys=0.01, real=0.01 secs] 
2026-06-17T09:48:00.698+0800: 24.198: [Full GC (Ergonomics) [PSYoungGen: 1708K->0K(14848K)] [ParOldGen: 40547K->29304K(44032K)] 42255K->29304K(58880K), [Metaspace: 2709K->2709K(1056768K)], 0.0099336 secs] [Times: user=0.07 sys=0.00, real=0.01 secs] 
2026-06-17T09:48:00.741+0800: 24.242: [GC (Allocation Failure) [PSYoungGen: 8169K->1763K(15360K)] 37473K->31067K(59392K), 0.0119710 secs] [Times: user=0.13 sys=0.00, real=0.02 secs] 
2026-06-17T09:48:00.776+0800: 24.277: [GC (Allocation Failure) [PSYoungGen: 10967K->3426K(15360K)] 40271K->33400K(59392K), 0.0067381 secs] [Times: user=0.04 sys=0.01, real=0.01 secs] 
2026-06-17T09:48:00.807+0800: 24.307: [GC (Allocation Failure) [PSYoungGen: 12615K->2555K(15360K)] 42589K->35366K(59392K), 0.0069360 secs] [Times: user=0.04 sys=0.01, real=0.01 secs] 
2026-06-17T09:48:00.838+0800: 24.338: [GC (Allocation Failure) [PSYoungGen: 11746K->3432K(15360K)] 44557K->37750K(59392K), 0.0105745 secs] [Times: user=0.07 sys=0.00, real=0.01 secs] 
2026-06-17T09:48:00.872+0800: 24.372: [GC (Allocation Failure) [PSYoungGen: 12643K->5590K(13824K)] 46962K->39908K(57856K), 0.0100653 secs] [Times: user=0.09 sys=0.00, real=0.01 secs] 
2026-06-17T09:48:00.905+0800: 24.405: [GC (Allocation Failure) [PSYoungGen: 13741K->4407K(14848K)] 48060K->40934K(58880K), 0.0120320 secs] [Times: user=0.12 sys=0.00, real=0.01 secs] 
2026-06-17T09:48:00.940+0800: 24.440: [GC (Allocation Failure) [PSYoungGen: 12498K->32K(13824K)] 49024K->38719K(57856K), 0.0078368 secs] [Times: user=0.08 sys=0.01, real=0.01 secs] 
2026-06-17T09:48:00.971+0800: 24.471: [GC (Allocation Failure) [PSYoungGen: 7184K->3977K(14336K)] 45872K->42672K(58368K), 0.0054169 secs] [Times: user=0.03 sys=0.00, real=0.00 secs] 
2026-06-17T09:48:00.999+0800: 24.499: [GC (Allocation Failure) [PSYoungGen: 11129K->2457K(14848K)] 49825K->42568K(58880K), 0.0082555 secs] [Times: user=0.06 sys=0.00, real=0.01 secs] 
2026-06-17T09:48:01.030+0800: 24.530: [GC (Allocation Failure) [PSYoungGen: 10110K->1446K(14336K)] 50221K->43358K(58368K), 0.0137023 secs] [Times: user=0.11 sys=0.00, real=0.02 secs] 
2026-06-17T09:48:01.045+0800: 24.545: [Full GC (Ergonomics) [PSYoungGen: 1446K->0K(14336K)] [ParOldGen: 41911K->22647K(44032K)] 43358K->22647K(58368K), [Metaspace: 2709K->2709K(1056768K)], 0.0129755 secs] [Times: user=0.12 sys=0.00, real=0.01 secs] 
2026-06-17T09:48:01.070+0800: 24.571: [GC (Allocation Failure) [PSYoungGen: 7651K->6633K(13824K)] 30298K->30358K(57856K), 0.0117268 secs] [Times: user=0.11 sys=0.00, real=0.02 secs] 
2026-06-17T09:48:01.105+0800: 24.605: [GC (Allocation Failure) [PSYoungGen: 13771K->2913K(14336K)] 37496K->31019K(58368K), 0.0101074 secs] [Times: user=0.08 sys=0.00, real=0.01 secs] 
2026-06-17T09:48:01.139+0800: 24.639: [GC (Allocation Failure) [PSYoungGen: 10077K->3628K(14336K)] 38184K->31734K(58368K), 0.0101947 secs] [Times: user=0.09 sys=0.01, real=0.01 secs] 
2026-06-17T09:48:01.162+0800: 24.662: [GC (Allocation Failure) [PSYoungGen: 10758K->1587K(14336K)] 38864K->32043K(58368K), 0.0120715 secs] [Times: user=0.12 sys=0.01, real=0.02 secs] 
2026-06-17T09:48:01.197+0800: 24.697: [GC (Allocation Failure) [PSYoungGen: 8754K->3876K(14336K)] 39211K->35895K(58368K), 0.0092458 secs] [Times: user=0.06 sys=0.01, real=0.01 secs] 
2026-06-17T09:48:01.229+0800: 24.729: [GC (Allocation Failure) [PSYoungGen: 11043K->3791K(14336K)] 43063K->36332K(58368K), 0.0058247 secs] [Times: user=0.04 sys=0.00, real=0.01 secs] 
2026-06-17T09:48:01.258+0800: 24.758: [GC (Allocation Failure) [PSYoungGen: 10959K->2688K(14848K)] 43500K->36783K(58880K), 0.0057030 secs] [Times: user=0.03 sys=0.00, real=0.01 secs] 
2026-06-17T09:48:01.286+0800: 24.786: [GC (Allocation Failure) [PSYoungGen: 10844K->3970K(14848K)] 44939K->38065K(58880K), 0.0063247 secs] [Times: user=0.03 sys=0.00, real=0.01 secs] 
2026-06-17T09:48:01.316+0800: 24.816: [GC (Allocation Failure) [PSYoungGen: 12105K->2933K(15360K)] 46200K->39300K(59392K), 0.0123991 secs] [Times: user=0.12 sys=0.00, real=0.01 secs] 
2026-06-17T09:48:01.352+0800: 24.852: [GC (Allocation Failure) [PSYoungGen: 11598K->3049K(14848K)] 47965K->41160K(58880K), 0.0127770 secs] [Times: user=0.14 sys=0.00, real=0.01 secs] 
2026-06-17T09:48:01.387+0800: 24.888: [GC (Allocation Failure) [PSYoungGen: 11701K->3021K(15872K)] 49812K->42574K(59904K), 0.0101688 secs] [Times: user=0.10 sys=0.00, real=0.01 secs] 
2026-06-17T09:48:01.421+0800: 24.921: [GC (Allocation Failure) [PSYoungGen: 12729K->3760K(15360K)] 52282K->45550K(59392K), 0.0130960 secs] [Times: user=0.12 sys=0.01, real=0.02 secs] 
2026-06-17T09:48:01.436+0800: 24.936: [Full GC (Ergonomics) [PSYoungGen: 3760K->0K(15360K)] [ParOldGen: 41790K->27074K(44032K)] 45550K->27074K(59392K), [Metaspace: 2709K->2709K(1056768K)], 0.0180678 secs] [Times: user=0.17 sys=0.00, real=0.02 secs] 
2026-06-17T09:48:01.477+0800: 24.977: [GC (Allocation Failure) [PSYoungGen: 9393K->2587K(15872K)] 36468K->29661K(59904K), 0.0087858 secs] [Times: user=0.07 sys=0.00, real=0.01 secs] 
2026-06-17T09:48:01.520+0800: 25.020: [GC (Allocation Failure) [PSYoungGen: 12786K->3574K(15872K)] 39860K->33174K(59904K), 0.0090471 secs] [Times: user=0.08 sys=0.01, real=0.01 secs] 
2026-06-17T09:48:01.563+0800: 25.063: [GC (Allocation Failure) [PSYoungGen: 13808K->2168K(15872K)] 43408K->33202K(59904K), 0.0125987 secs] [Times: user=0.12 sys=0.00, real=0.01 secs] 
2026-06-17T09:48:01.603+0800: 25.103: [GC (Allocation Failure) [PSYoungGen: 12391K->3350K(15872K)] 43424K->36496K(59904K), 0.0115135 secs] [Times: user=0.11 sys=0.01, real=0.01 secs] 
2026-06-17T09:48:01.639+0800: 25.139: [GC (Allocation Failure) [PSYoungGen: 13581K->4917K(14848K)] 46727K->40091K(58880K), 0.0104535 secs] [Times: user=0.08 sys=0.00, real=0.01 secs] 
2026-06-17T09:48:01.673+0800: 25.173: [GC (Allocation Failure) [PSYoungGen: 13853K->1414K(15360K)] 49027K->38581K(59392K), 0.0107055 secs] [Times: user=0.09 sys=0.00, real=0.01 secs] 
2026-06-17T09:48:01.718+0800: 25.218: [GC (Allocation Failure) [PSYoungGen: 10630K->2358K(15872K)] 47797K->40915K(59904K), 0.0129649 secs] [Times: user=0.12 sys=0.01, real=0.02 secs] 
2026-06-17T09:48:01.755+0800: 25.255: [GC (Allocation Failure) [PSYoungGen: 12082K->3666K(15360K)] 50639K->44068K(59392K), 0.0102533 secs] [Times: user=0.08 sys=0.00, real=0.01 secs] 
2026-06-17T09:48:01.789+0800: 25.289: [GC (Allocation Failure) [PSYoungGen: 13350K->4672K(14848K)] 53752K->47043K(58880K), 0.0105947 secs] [Times: user=0.09 sys=0.00, real=0.01 secs] 
2026-06-17T09:48:01.801+0800: 25.301: [Full GC (Ergonomics) [PSYoungGen: 4672K->0K(14848K)] [ParOldGen: 42370K->23296K(44032K)] 47043K->23296K(58880K), [Metaspace: 2709K->2709K(1056768K)], 0.0105486 secs] [Times: user=0.08 sys=0.01, real=0.02 secs] 
2026-06-17T09:48:01.835+0800: 25.335: [GC (Allocation Failure) [PSYoungGen: 9196K->2344K(15360K)] 32492K->25641K(59392K), 0.0077577 secs] [Times: user=0.06 sys=0.00, real=0.01 secs] 
2026-06-17T09:48:01.877+0800: 25.378: [GC (Allocation Failure) [PSYoungGen: 11545K->2166K(15360K)] 34841K->27770K(59392K), 0.0178946 secs] [Times: user=0.12 sys=0.01, real=0.02 secs] 
2026-06-17T09:48:01.918+0800: 25.418: [GC (Allocation Failure) [PSYoungGen: 11362K->3730K(15360K)] 36966K->30048K(59392K), 0.0138699 secs] [Times: user=0.13 sys=0.00, real=0.02 secs] 
2026-06-17T09:48:01.955+0800: 25.455: [GC (Allocation Failure) [PSYoungGen: 12940K->3934K(15360K)] 39258K->32431K(59392K), 0.0101756 secs] [Times: user=0.09 sys=0.00, real=0.01 secs] 
2026-06-17T09:48:01.988+0800: 25.489: [GC (Allocation Failure) [PSYoungGen: 13140K->3122K(15360K)] 41638K->34657K(59392K), 0.0123052 secs] [Times: user=0.12 sys=0.00, real=0.01 secs] 
2026-06-17T09:48:02.035+0800: 25.535: [GC (Allocation Failure) [PSYoungGen: 12334K->2264K(15872K)] 43869K->33799K(59904K), 0.0147796 secs] [Times: user=0.14 sys=0.00, real=0.01 secs] 
2026-06-17T09:48:02.073+0800: 25.573: [GC (Allocation Failure) [PSYoungGen: 12463K->3736K(15872K)] 43999K->37184K(59904K), 0.0121149 secs] [Times: user=0.12 sys=0.00, real=0.01 secs] 
2026-06-17T09:48:02.109+0800: 25.609: [GC (Allocation Failure) [PSYoungGen: 13964K->4891K(14848K)] 47412K->40190K(58880K), 0.0085181 secs] [Times: user=0.05 sys=0.00, real=0.01 secs] 
2026-06-17T09:48:02.152+0800: 25.652: [GC (Allocation Failure) [PSYoungGen: 14107K->1872K(15360K)] 49406K->39200K(59392K), 0.0103648 secs] [Times: user=0.08 sys=0.01, real=0.01 secs] 
2026-06-17T09:48:02.186+0800: 25.686: [GC (Allocation Failure) [PSYoungGen: 11075K->2508K(15360K)] 48403K->41581K(59392K), 0.0084110 secs] [Times: user=0.03 sys=0.01, real=0.01 secs] 
2026-06-17T09:48:02.219+0800: 25.719: [GC (Allocation Failure) [PSYoungGen: 11715K->4748K(15360K)] 50788K->43821K(59392K), 0.0064539 secs] [Times: user=0.03 sys=0.00, real=0.01 secs] 
2026-06-17T09:48:02.249+0800: 25.749: [GC (Allocation Failure) [PSYoungGen: 13922K->4799K(14336K)] 52995K->46023K(58368K), 0.0091516 secs] [Times: user=0.08 sys=0.01, real=0.01 secs] 
2026-06-17T09:48:02.260+0800: 25.760: [Full GC (Ergonomics) [PSYoungGen: 4799K->0K(14336K)] [ParOldGen: 41224K->32151K(44032K)] 46023K->32151K(58368K), [Metaspace: 2709K->2709K(1056768K)], 0.0123933 secs] [Times: user=0.09 sys=0.01, real=0.02 secs] 
2026-06-17T09:48:02.295+0800: 25.795: [GC (Allocation Failure) [PSYoungGen: 8172K->4757K(14848K)] 40324K->36909K(58880K), 0.0080516 secs] [Times: user=0.06 sys=0.00, real=0.01 secs] 
2026-06-17T09:48:02.326+0800: 25.826: [GC (Allocation Failure) [PSYoungGen: 12946K->3622K(14848K)] 45098K->38282K(58880K), 0.0058757 secs] [Times: user=0.03 sys=0.00, real=0.01 secs] 
2026-06-17T09:48:02.355+0800: 25.855: [GC (Allocation Failure) [PSYoungGen: 11785K->3358K(14848K)] 46445K->39584K(58880K), 0.0145409 secs] [Times: user=0.15 sys=0.01, real=0.01 secs] 
2026-06-17T09:48:02.392+0800: 25.892: [GC (Allocation Failure) [PSYoungGen: 11535K->2467K(15360K)] 47761K->41109K(59392K), 0.0128645 secs] [Times: user=0.13 sys=0.00, real=0.01 secs] 
2026-06-17T09:48:02.428+0800: 25.928: [GC (Allocation Failure) [PSYoungGen: 11642K->4555K(15360K)] 50284K->43197K(59392K), 0.0129535 secs] [Times: user=0.09 sys=0.00, real=0.01 secs] 
2026-06-17T09:48:02.464+0800: 25.964: [GC (Allocation Failure) [PSYoungGen: 13761K->5276K(14336K)] 52403K->45692K(58368K), 0.0117610 secs] [Times: user=0.12 sys=0.00, real=0.01 secs] 
2026-06-17T09:48:02.500+0800: 26.000: [GC (Allocation Failure) [PSYoungGen: 13333K->955K(9216K)] 53749K->43460K(53248K), 0.0074151 secs] [Times: user=0.06 sys=0.00, real=0.01 secs] 
2026-06-17T09:48:02.508+0800: 26.008: [Full GC (Ergonomics) [PSYoungGen: 955K->0K(9216K)] [ParOldGen: 42505K->29926K(44032K)] 43460K->29926K(53248K), [Metaspace: 2709K->2709K(1056768K)], 0.0124548 secs] [Times: user=0.09 sys=0.01, real=0.01 secs] 
2026-06-17T09:48:02.544+0800: 26.044: [GC (Allocation Failure) [PSYoungGen: 8185K->4797K(14336K)] 38112K->34724K(58368K), 0.0119701 secs] [Times: user=0.09 sys=0.00, real=0.01 secs] 
2026-06-17T09:48:02.579+0800: 26.079: [GC (Allocation Failure) [PSYoungGen: 11943K->2483K(14336K)] 41870K->34927K(58368K), 0.0097623 secs] [Times: user=0.08 sys=0.01, real=0.01 secs] 
2026-06-17T09:48:02.610+0800: 26.111: [GC (Allocation Failure) [PSYoungGen: 9613K->792K(14336K)] 42057K->35155K(58368K), 0.0066357 secs] [Times: user=0.04 sys=0.00, real=0.01 secs] 
2026-06-17T09:48:02.629+0800: 26.129: [GC (Allocation Failure) [PSYoungGen: 7950K->4540K(14336K)] 42313K->38904K(58368K), 0.0117412 secs] [Times: user=0.11 sys=0.01, real=0.01 secs] 
2026-06-17T09:48:02.663+0800: 26.163: [GC (Allocation Failure) [PSYoungGen: 11680K->2138K(14336K)] 46043K->38875K(58368K), 0.0093252 secs] [Times: user=0.08 sys=0.00, real=0.01 secs] 
2026-06-17T09:48:02.694+0800: 26.194: [GC (Allocation Failure) [PSYoungGen: 9275K->2392K(14336K)] 46011K->39128K(58368K), 0.0053626 secs] [Times: user=0.03 sys=0.01, real=0.00 secs] 
2026-06-17T09:48:02.711+0800: 26.212: [GC (Allocation Failure) [PSYoungGen: 9382K->255K(13824K)] 46118K->39239K(57856K), 0.0046111 secs] [Times: user=0.03 sys=0.00, real=0.00 secs] 
2026-06-17T09:48:02.739+0800: 26.239: [GC (Allocation Failure) [PSYoungGen: 7421K->3865K(14336K)] 46405K->43081K(58368K), 0.0069083 secs] [Times: user=0.04 sys=0.00, real=0.01 secs] 
2026-06-17T09:48:02.769+0800: 26.269: [GC (Allocation Failure) [PSYoungGen: 11032K->2732K(14848K)] 50247K->43434K(58880K), 0.0065905 secs] [Times: user=0.03 sys=0.01, real=0.01 secs] 
2026-06-17T09:48:02.799+0800: 26.299: [GC (Allocation Failure) [PSYoungGen: 10382K->1644K(14336K)] 51083K->43999K(58368K), 0.0116480 secs] [Times: user=0.12 sys=0.00, real=0.02 secs] 
2026-06-17T09:48:02.812+0800: 26.312: [Full GC (Ergonomics) [PSYoungGen: 1644K->0K(14336K)] [ParOldGen: 42354K->33786K(44032K)] 43999K->33786K(58368K), [Metaspace: 2709K->2709K(1056768K)], 0.0121788 secs] [Times: user=0.10 sys=0.01, real=0.01 secs] 
2026-06-17T09:48:02.836+0800: 26.336: [GC (Allocation Failure) [PSYoungGen: 7661K->6649K(13824K)] 41447K->41476K(57856K), 0.0096867 secs] [Times: user=0.11 sys=0.01, real=0.01 secs] 
2026-06-17T09:48:02.869+0800: 26.369: [GC (Allocation Failure) [PSYoungGen: 13797K->2937K(14336K)] 48625K->42435K(58368K), 0.0077792 secs] [Times: user=0.05 sys=0.00, real=0.01 secs] 
2026-06-17T09:48:02.901+0800: 26.401: [GC (Allocation Failure) [PSYoungGen: 10066K->3494K(14336K)] 49564K->42993K(58368K), 0.0073453 secs] [Times: user=0.05 sys=0.00, real=0.01 secs] 
2026-06-17T09:48:02.921+0800: 26.421: [GC (Allocation Failure) [PSYoungGen: 10399K->1564K(14336K)] 49897K->42940K(58368K), 0.0101391 secs] [Times: user=0.08 sys=0.00, real=0.02 secs] 
2026-06-17T09:48:02.933+0800: 26.433: [Full GC (Ergonomics) [PSYoungGen: 1564K->0K(14336K)] [ParOldGen: 41376K->23339K(44032K)] 42940K->23339K(58368K), [Metaspace: 2709K->2709K(1056768K)], 0.0100457 secs] [Times: user=0.05 sys=0.00, real=0.01 secs] 
2026-06-17T09:48:02.966+0800: 26.466: [GC (Allocation Failure) [PSYoungGen: 7161K->3612K(14336K)] 30501K->26951K(58368K), 0.0128185 secs] [Times: user=0.15 sys=0.00, real=0.01 secs] 
2026-06-17T09:48:03.002+0800: 26.503: [GC (Allocation Failure) [PSYoungGen: 10757K->2965K(14336K)] 34097K->27196K(58368K), 0.0125508 secs] [Times: user=0.11 sys=0.01, real=0.02 secs] 
2026-06-17T09:48:03.038+0800: 26.538: [GC (Allocation Failure) [PSYoungGen: 10097K->1587K(14848K)] 34328K->27536K(58880K), 0.0066048 secs] [Times: user=0.03 sys=0.01, real=0.01 secs] 
2026-06-17T09:48:03.069+0800: 26.569: [GC (Allocation Failure) [PSYoungGen: 9751K->3063K(14848K)] 35699K->29012K(58880K), 0.0068582 secs] [Times: user=0.03 sys=0.00, real=0.01 secs] 
2026-06-17T09:48:03.099+0800: 26.599: [GC (Allocation Failure) [PSYoungGen: 11207K->2518K(15360K)] 37156K->30353K(59392K), 0.0070119 secs] [Times: user=0.02 sys=0.01, real=0.01 secs] 
2026-06-17T09:48:03.130+0800: 26.630: [GC (Allocation Failure) [PSYoungGen: 11717K->2922K(15360K)] 39552K->32668K(59392K), 0.0100532 secs] [Times: user=0.08 sys=0.00, real=0.01 secs] 
2026-06-17T09:48:03.163+0800: 26.663: [GC (Allocation Failure) [PSYoungGen: 12128K->3659K(15872K)] 41874K->34867K(59904K), 0.0076796 secs] [Times: user=0.05 sys=0.00, real=0.01 secs] 
2026-06-17T09:48:03.194+0800: 26.694: [GC (Allocation Failure) [PSYoungGen: 13881K->5059K(15360K)] 45090K->38069K(59392K), 0.0120233 secs] [Times: user=0.13 sys=0.01, real=0.01 secs] 
2026-06-17T09:48:03.240+0800: 26.740: [GC (Allocation Failure) [PSYoungGen: 15263K->2747K(15360K)] 48273K->37899K(59392K), 0.0088459 secs] [Times: user=0.08 sys=0.00, real=0.01 secs] 
2026-06-17T09:48:03.272+0800: 26.772: [GC (Allocation Failure) [PSYoungGen: 11924K->3183K(15360K)] 47076K->39939K(59392K), 0.0102958 secs] [Times: user=0.09 sys=0.00, real=0.01 secs] 
2026-06-17T09:48:03.316+0800: 26.816: [GC (Allocation Failure) [PSYoungGen: 12374K->2232K(15872K)] 49130K->38988K(59904K), 0.0070231 secs] [Times: user=0.03 sys=0.00, real=0.01 secs] 
2026-06-17T09:48:03.347+0800: 26.847: [GC (Allocation Failure) [PSYoungGen: 12454K->4106K(14848K)] 49210K->42588K(58880K), 0.0102319 secs] [Times: user=0.10 sys=0.00, real=0.01 secs] 
2026-06-17T09:48:03.380+0800: 26.880: [GC (Allocation Failure) [PSYoungGen: 14341K->5171K(15360K)] 52823K->45675K(59392K), 0.0077298 secs] [Times: user=0.07 sys=0.00, real=0.01 secs] 
2026-06-17T09:48:03.411+0800: 26.911: [GC (Allocation Failure) [PSYoungGen: 14286K->1936K(15360K)] 54790K->44437K(59392K), 0.0125341 secs] [Times: user=0.12 sys=0.00, real=0.01 secs] 
2026-06-17T09:48:03.425+0800: 26.925: [Full GC (Ergonomics) [PSYoungGen: 1936K->0K(15360K)] [ParOldGen: 42501K->24775K(44032K)] 44437K->24775K(59392K), [Metaspace: 2709K->2709K(1056768K)], 0.0093162 secs] [Times: user=0.07 sys=0.00, real=0.01 secs] 
2026-06-17T09:48:03.468+0800: 26.969: [GC (Allocation Failure) [PSYoungGen: 9196K->2010K(15360K)] 33971K->26785K(59392K), 0.0112663 secs] [Times: user=0.09 sys=0.01, real=0.01 secs] 
2026-06-17T09:48:03.504+0800: 27.004: [GC (Allocation Failure) [PSYoungGen: 11179K->2840K(15360K)] 35955K->28974K(59392K), 0.0116163 secs] [Times: user=0.09 sys=0.00, real=0.01 secs] 
2026-06-17T09:48:03.539+0800: 27.039: [GC (Allocation Failure) [PSYoungGen: 12056K->2592K(15872K)] 38190K->31299K(59904K), 0.0078106 secs] [Times: user=0.06 sys=0.01, real=0.01 secs] 
2026-06-17T09:48:03.570+0800: 27.070: [GC (Allocation Failure) [PSYoungGen: 12270K->3362K(15360K)] 40977K->33848K(59392K), 0.0102253 secs] [Times: user=0.09 sys=0.00, real=0.01 secs] 
2026-06-17T09:48:03.615+0800: 27.115: [GC (Allocation Failure) [PSYoungGen: 13069K->2552K(15872K)] 43555K->33038K(59904K), 0.0083527 secs] [Times: user=0.04 sys=0.00, real=0.01 secs] 
2026-06-17T09:48:03.647+0800: 27.147: [GC (Allocation Failure) [PSYoungGen: 12787K->3930K(15872K)] 43273K->36300K(59904K), 0.0056980 secs] [Times: user=0.04 sys=0.00, real=0.01 secs] 
2026-06-17T09:48:03.677+0800: 27.177: [GC (Allocation Failure) [PSYoungGen: 14158K->4857K(14848K)] 46528K->39308K(58880K), 0.0116188 secs] [Times: user=0.10 sys=0.01, real=0.01 secs] 
2026-06-17T09:48:03.712+0800: 27.212: [GC (Allocation Failure) [PSYoungGen: 13852K->272K(15360K)] 48303K->37916K(59392K), 0.0117124 secs] [Times: user=0.09 sys=0.00, real=0.01 secs] 
2026-06-17T09:48:03.758+0800: 27.258: [GC (Allocation Failure) [PSYoungGen: 9453K->2345K(15360K)] 47097K->40237K(59392K), 0.0119207 secs] [Times: user=0.12 sys=0.00, real=0.02 secs] 
2026-06-17T09:48:03.794+0800: 27.294: [GC (Allocation Failure) [PSYoungGen: 11561K->2572K(15360K)] 49453K->42216K(59392K), 0.0114981 secs] [Times: user=0.11 sys=0.00, real=0.01 secs] 
2026-06-17T09:48:03.829+0800: 27.329: [GC (Allocation Failure) [PSYoungGen: 11772K->2144K(15872K)] 51416K->44304K(59904K), 0.0118072 secs] [Times: user=0.09 sys=0.00, real=0.01 secs] 
2026-06-17T09:48:03.842+0800: 27.342: [Full GC (Ergonomics) [PSYoungGen: 2144K->0K(15872K)] [ParOldGen: 42160K->24689K(44032K)] 44304K->24689K(59904K), [Metaspace: 2709K->2709K(1056768K)], 0.0097786 secs] [Times: user=0.06 sys=0.01, real=0.02 secs] 
2026-06-17T09:48:03.875+0800: 27.375: [GC (Allocation Failure) [PSYoungGen: 9675K->5618K(15360K)] 34364K->30988K(59392K), 0.0086786 secs] [Times: user=0.05 sys=0.01, real=0.01 secs] 
2026-06-17T09:48:03.918+0800: 27.418: [GC (Allocation Failure) [PSYoungGen: 15333K->2633K(14336K)] 40703K->31048K(58368K), 0.0072362 secs] [Times: user=0.06 sys=0.00, real=0.01 secs] 
2026-06-17T09:48:03.938+0800: 27.438: [GC (Allocation Failure) [PSYoungGen: 10795K->5110K(13312K)] 39211K->35575K(57344K), 0.0103555 secs] [Times: user=0.09 sys=0.01, real=0.01 secs] 
2026-06-17T09:48:03.972+0800: 27.472: [GC (Allocation Failure) [PSYoungGen: 13299K->4613K(14336K)] 43764K->36959K(58368K), 0.0102814 secs] [Times: user=0.09 sys=0.00, real=0.01 secs] 
2026-06-17T09:48:04.006+0800: 27.506: [GC (Allocation Failure) [PSYoungGen: 11748K->3678K(14336K)] 44095K->37121K(58368K), 0.0107490 secs] [Times: user=0.10 sys=0.00, real=0.01 secs] 
2026-06-17T09:48:04.040+0800: 27.540: [GC (Allocation Failure) [PSYoungGen: 10835K->1972K(14848K)] 44278K->37512K(58880K), 0.0110028 secs] [Times: user=0.10 sys=0.00, real=0.02 secs] 
2026-06-17T09:48:04.075+0800: 27.575: [GC (Allocation Failure) [PSYoungGen: 10151K->1419K(14848K)] 45692K->38876K(58880K), 0.0065933 secs] [Times: user=0.03 sys=0.01, real=0.00 secs] 
2026-06-17T09:48:04.105+0800: 27.605: [GC (Allocation Failure) [PSYoungGen: 9594K->2918K(14848K)] 47051K->40375K(58880K), 0.0070423 secs] [Times: user=0.03 sys=0.00, real=0.01 secs] 
2026-06-17T09:48:04.125+0800: 27.625: [GC (Allocation Failure) [PSYoungGen: 10968K->1526K(14848K)] 48425K->41051K(58880K), 0.0098514 secs] [Times: user=0.09 sys=0.00, real=0.01 secs] 
2026-06-17T09:48:04.168+0800: 27.669: [GC (Allocation Failure) [PSYoungGen: 9713K->1505K(15360K)] 49238K->42532K(59392K), 0.0071008 secs] [Times: user=0.03 sys=0.01, real=0.01 secs] 
2026-06-17T09:48:04.177+0800: 27.677: [Full GC (Ergonomics) [PSYoungGen: 1505K->0K(15360K)] [ParOldGen: 41027K->28379K(44032K)] 42532K->28379K(59392K), [Metaspace: 2709K->2709K(1056768K)], 0.0084687 secs] [Times: user=0.06 sys=0.01, real=0.01 secs] 
2026-06-17T09:48:04.208+0800: 27.709: [GC (Allocation Failure) [PSYoungGen: 8675K->5208K(14336K)] 37054K->33587K(58368K), 0.0051200 secs] [Times: user=0.02 sys=0.00, real=0.01 secs] 
2026-06-17T09:48:04.237+0800: 27.737: [GC (Allocation Failure) [PSYoungGen: 13865K->3179K(14848K)] 42244K->35430K(58880K), 0.0062170 secs] [Times: user=0.03 sys=0.01, real=0.01 secs] 
2026-06-17T09:48:04.267+0800: 27.767: [GC (Allocation Failure) [PSYoungGen: 10851K->2262K(14336K)] 43101K->36487K(58368K), 0.0126906 secs] [Times: user=0.11 sys=0.01, real=0.01 secs] 
2026-06-17T09:48:04.303+0800: 27.803: [GC (Allocation Failure) [PSYoungGen: 9905K->1672K(15360K)] 44130K->37096K(59392K), 0.0114027 secs] [Times: user=0.11 sys=0.00, real=0.01 secs] 
2026-06-17T09:48:04.338+0800: 27.838: [GC (Allocation Failure) [PSYoungGen: 10338K->2086K(14848K)] 45763K->39067K(58880K), 0.0116535 secs] [Times: user=0.11 sys=0.00, real=0.01 secs] 
2026-06-17T09:48:04.372+0800: 27.872: [GC (Allocation Failure) [PSYoungGen: 10758K->2054K(15360K)] 47740K->41066K(59392K), 0.0067942 secs] [Times: user=0.05 sys=0.01, real=0.00 secs] 
2026-06-17T09:48:04.403+0800: 27.903: [GC (Allocation Failure) [PSYoungGen: 11208K->4381K(15360K)] 50220K->43393K(59392K), 0.0062317 secs] [Times: user=0.03 sys=0.00, real=0.00 secs] 
2026-06-17T09:48:04.433+0800: 27.933: [GC (Allocation Failure) [PSYoungGen: 13554K->4711K(14336K)] 52566K->45793K(58368K), 0.0054218 secs] [Times: user=0.03 sys=0.01, real=0.00 secs] 
2026-06-17T09:48:04.440+0800: 27.940: [Full GC (Ergonomics) [PSYoungGen: 4711K->0K(14336K)] [ParOldGen: 41081K->25716K(44032K)] 45793K->25716K(58368K), [Metaspace: 2709K->2709K(1056768K)], 0.0117676 secs] [Times: user=0.08 sys=0.01, real=0.02 secs] 
2026-06-17T09:48:04.474+0800: 27.974: [GC (Allocation Failure) [PSYoungGen: 7955K->1237K(14848K)] 33671K->26953K(58880K), 0.0061169 secs] [Times: user=0.04 sys=0.00, real=0.00 secs] 
2026-06-17T09:48:04.504+0800: 28.004: [GC (Allocation Failure) [PSYoungGen: 9421K->4944K(13824K)] 35137K->31874K(57856K), 0.0117746 secs] [Times: user=0.11 sys=0.00, real=0.01 secs] 
2026-06-17T09:48:04.528+0800: 28.028: [GC (Allocation Failure) [PSYoungGen: 10995K->2145K(14336K)] 37926K->30827K(58368K), 0.0114073 secs] [Times: user=0.10 sys=0.00, real=0.01 secs] 
2026-06-17T09:48:04.563+0800: 28.063: [GC (Allocation Failure) [PSYoungGen: 9305K->3890K(14848K)] 37988K->34693K(58880K), 0.0069752 secs] [Times: user=0.04 sys=0.00, real=0.00 secs] 
2026-06-17T09:48:04.593+0800: 28.093: [GC (Allocation Failure) [PSYoungGen: 12045K->4202K(14848K)] 42849K->36187K(58880K), 0.0103486 secs] [Times: user=0.10 sys=0.00, real=0.01 secs] 
2026-06-17T09:48:04.626+0800: 28.127: [GC (Allocation Failure) [PSYoungGen: 12394K->3067K(14848K)] 44379K->37425K(58880K), 0.0108789 secs] [Times: user=0.08 sys=0.01, real=0.01 secs] 
2026-06-17T09:48:04.661+0800: 28.161: [GC (Allocation Failure) [PSYoungGen: 11242K->4280K(14848K)] 45600K->38638K(58880K), 0.0100337 secs] [Times: user=0.07 sys=0.02, real=0.02 secs] 
2026-06-17T09:48:04.695+0800: 28.195: [GC (Allocation Failure) [PSYoungGen: 12419K->3739K(14848K)] 46777K->40127K(58880K), 0.0125052 secs] [Times: user=0.11 sys=0.01, real=0.01 secs] 
2026-06-17T09:48:04.731+0800: 28.231: [GC (Allocation Failure) [PSYoungGen: 11906K->405K(14848K)] 48293K->38270K(58880K), 0.0117310 secs] [Times: user=0.11 sys=0.00, real=0.01 secs] 
2026-06-17T09:48:04.766+0800: 28.267: [GC (Allocation Failure) [PSYoungGen: 8561K->4392K(14848K)] 46426K->42606K(58880K), 0.0067142 secs] [Times: user=0.04 sys=0.00, real=0.01 secs] 
2026-06-17T09:48:04.796+0800: 28.297: [GC (Allocation Failure) [PSYoungGen: 12568K->3821K(14848K)] 50782K->43892K(58880K), 0.0085505 secs] [Times: user=0.08 sys=0.01, real=0.01 secs] 
2026-06-17T09:48:04.828+0800: 28.329: [GC (Allocation Failure) [PSYoungGen: 12007K->3290K(14848K)] 52078K->45522K(58880K), 0.0065293 secs] [Times: user=0.05 sys=0.00, real=0.01 secs] 
2026-06-17T09:48:04.837+0800: 28.337: [Full GC (Ergonomics) [PSYoungGen: 3290K->0K(14848K)] [ParOldGen: 42231K->33261K(44032K)] 45522K->33261K(58880K), [Metaspace: 2709K->2709K(1056768K)], 0.0123059 secs] [Times: user=0.08 sys=0.00, real=0.01 secs] 
2026-06-17T09:48:04.872+0800: 28.372: [GC (Allocation Failure) [PSYoungGen: 8192K->4844K(14848K)] 41453K->38105K(58880K), 0.0070327 secs] [Times: user=0.04 sys=0.01, real=0.00 secs] 
2026-06-17T09:48:04.902+0800: 28.402: [GC (Allocation Failure) [PSYoungGen: 12993K->2114K(14848K)] 46254K->39146K(58880K), 0.0223554 secs] [Times: user=0.19 sys=0.00, real=0.03 secs] 
2026-06-17T09:48:04.946+0800: 28.446: [GC (Allocation Failure) [PSYoungGen: 10273K->1572K(14848K)] 47305K->40433K(58880K), 0.0099855 secs] [Times: user=0.09 sys=0.00, real=0.01 secs] 
2026-06-17T09:48:04.978+0800: 28.478: [GC (Allocation Failure) [PSYoungGen: 9714K->2490K(14848K)] 48576K->41351K(58880K), 0.0111310 secs] [Times: user=0.09 sys=0.01, real=0.01 secs] 
2026-06-17T09:48:05.001+0800: 28.502: [GC (Allocation Failure) [PSYoungGen: 10485K->1340K(14848K)] 49347K->42230K(58880K), 0.0101773 secs] [Times: user=0.08 sys=0.00, real=0.02 secs] 
2026-06-17T09:48:05.013+0800: 28.513: [Full GC (Ergonomics) [PSYoungGen: 1340K->0K(14848K)] [ParOldGen: 40890K->28292K(44032K)] 42230K->28292K(58880K), [Metaspace: 2709K->2709K(1056768K)], 0.0182779 secs] [Times: user=0.12 sys=0.01, real=0.02 secs] 
2026-06-17T09:48:05.064+0800: 28.564: [GC (Allocation Failure) [PSYoungGen: 8174K->1353K(15360K)] 36467K->29646K(59392K), 0.0038871 secs] [Times: user=0.03 sys=0.00, real=0.00 secs] 
2026-06-17T09:48:05.090+0800: 28.590: [GC (Allocation Failure) [PSYoungGen: 10548K->3398K(15360K)] 38840K->32089K(59392K), 0.0059209 secs] [Times: user=0.02 sys=0.00, real=0.01 secs] 
2026-06-17T09:48:05.119+0800: 28.619: [GC (Allocation Failure) [PSYoungGen: 12597K->3708K(15360K)] 41288K->34272K(59392K), 0.0136164 secs] [Times: user=0.13 sys=0.00, real=0.02 secs] 
2026-06-17T09:48:05.156+0800: 28.656: [GC (Allocation Failure) [PSYoungGen: 12923K->4221K(13824K)] 43487K->36512K(57856K), 0.0108736 secs] [Times: user=0.09 sys=0.01, real=0.01 secs] 
2026-06-17T09:48:05.190+0800: 28.690: [GC (Allocation Failure) [PSYoungGen: 13419K->5634K(13824K)] 45710K->38837K(57856K), 0.0107773 secs] [Times: user=0.12 sys=0.00, real=0.01 secs] 
2026-06-17T09:48:05.223+0800: 28.723: [GC (Allocation Failure) [PSYoungGen: 12794K->3736K(14336K)] 45997K->39135K(58368K), 0.0065912 secs] [Times: user=0.05 sys=0.00, real=0.00 secs] 
2026-06-17T09:48:05.252+0800: 28.752: [GC (Allocation Failure) [PSYoungGen: 10890K->1860K(14848K)] 46289K->39158K(58880K), 0.0089346 secs] [Times: user=0.08 sys=0.00, real=0.00 secs] 
2026-06-17T09:48:05.285+0800: 28.785: [GC (Allocation Failure) [PSYoungGen: 10026K->3629K(14848K)] 47324K->40927K(58880K), 0.0065853 secs] [Times: user=0.03 sys=0.01, real=0.01 secs] 
2026-06-17T09:48:05.314+0800: 28.815: [GC (Allocation Failure) [PSYoungGen: 11796K->2791K(14848K)] 49094K->42122K(58880K), 0.0124490 secs] [Times: user=0.13 sys=0.00, real=0.01 secs] 
2026-06-17T09:48:05.350+0800: 28.850: [GC (Allocation Failure) [PSYoungGen: 10976K->1863K(14848K)] 50307K->43134K(58880K), 0.0068140 secs] [Times: user=0.04 sys=0.00, real=0.01 secs] 
2026-06-17T09:48:05.359+0800: 28.859: [Full GC (Ergonomics) [PSYoungGen: 1863K->0K(14848K)] [ParOldGen: 41270K->32840K(44032K)] 43134K->32840K(58880K), [Metaspace: 2709K->2709K(1056768K)], 0.0126847 secs] [Times: user=0.09 sys=0.00, real=0.02 secs] 
2026-06-17T09:48:05.394+0800: 28.894: [GC (Allocation Failure) [PSYoungGen: 8163K->4798K(14336K)] 41003K->37638K(58368K), 0.0087341 secs] [Times: user=0.07 sys=0.01, real=0.01 secs] 
2026-06-17T09:48:05.415+0800: 28.915: [GC (Allocation Failure) [PSYoungGen: 11841K->1512K(14848K)] 44681K->37851K(58880K), 0.0104868 secs] [Times: user=0.12 sys=0.00, real=0.01 secs] 
2026-06-17T09:48:05.449+0800: 28.949: [GC (Allocation Failure) [PSYoungGen: 9698K->4768K(13824K)] 46037K->42595K(57856K), 0.0115358 secs] [Times: user=0.09 sys=0.00, real=0.01 secs] 
2026-06-17T09:48:05.484+0800: 28.984: [GC (Allocation Failure) [PSYoungGen: 11936K->3387K(14336K)] 49763K->42711K(58368K), 0.0079081 secs] [Times: user=0.04 sys=0.01, real=0.01 secs] 
2026-06-17T09:48:05.516+0800: 29.016: [GC (Allocation Failure) [PSYoungGen: 10551K->1992K(14848K)] 49874K->42752K(58880K), 0.0112835 secs] [Times: user=0.10 sys=0.00, real=0.01 secs] 
2026-06-17T09:48:05.550+0800: 29.050: [GC (Allocation Failure) [PSYoungGen: 10181K->3300K(14848K)] 50941K->44060K(58880K), 0.0105127 secs] [Times: user=0.10 sys=0.00, real=0.01 secs] 
2026-06-17T09:48:05.584+0800: 29.084: [GC (Allocation Failure) [PSYoungGen: 11489K->2763K(15360K)] 52249K->45280K(59392K), 0.0116982 secs] [Times: user=0.13 sys=0.00, real=0.01 secs] 
2026-06-17T09:48:05.597+0800: 29.097: [Full GC (Ergonomics) [PSYoungGen: 2763K->0K(15360K)] [ParOldGen: 42517K->32306K(44032K)] 45280K->32306K(59392K), [Metaspace: 2709K->2709K(1056768K)], 0.0107404 secs] [Times: user=0.06 sys=0.01, real=0.01 secs] 
2026-06-17T09:48:05.630+0800: 29.130: [GC (Allocation Failure) [PSYoungGen: 9215K->5622K(14848K)] 41521K->37929K(58880K), 0.0117108 secs] [Times: user=0.13 sys=0.00, real=0.02 secs] 
2026-06-17T09:48:05.665+0800: 29.166: [GC (Allocation Failure) [PSYoungGen: 14819K->5174K(13824K)] 47126K->40305K(57856K), 0.0076746 secs] [Times: user=0.05 sys=0.00, real=0.01 secs] 
2026-06-17T09:48:05.698+0800: 29.198: [GC (Allocation Failure) [PSYoungGen: 12320K->2885K(14336K)] 47450K->40191K(58368K), 0.0115642 secs] [Times: user=0.12 sys=0.00, real=0.01 secs] 
2026-06-17T09:48:05.733+0800: 29.234: [GC (Allocation Failure) [PSYoungGen: 10025K->1304K(13824K)] 47331K->40588K(57856K), 0.0072615 secs] [Times: user=0.03 sys=0.00, real=0.00 secs] 
2026-06-17T09:48:05.754+0800: 29.254: [GC (Allocation Failure) [PSYoungGen: 8458K->3849K(14336K)] 47742K->44095K(58368K), 0.0113474 secs] [Times: user=0.11 sys=0.00, real=0.01 secs] 
2026-06-17T09:48:05.789+0800: 29.289: [GC (Allocation Failure) [PSYoungGen: 11013K->2435K(14848K)] 51258K->44444K(58880K), 0.0101700 secs] [Times: user=0.09 sys=0.01, real=0.01 secs] 
2026-06-17T09:48:05.800+0800: 29.301: [Full GC (Ergonomics) [PSYoungGen: 2435K->0K(14848K)] [ParOldGen: 42008K->24299K(44032K)] 44444K->24299K(58880K), [Metaspace: 2709K->2709K(1056768K)], 0.0097456 secs] [Times: user=0.06 sys=0.00, real=0.02 secs] 
2026-06-17T09:48:05.833+0800: 29.333: [GC (Allocation Failure) [PSYoungGen: 8174K->4716K(14848K)] 32474K->29015K(58880K), 0.0098699 secs] [Times: user=0.08 sys=0.01, real=0.01 secs] 
2026-06-17T09:48:05.867+0800: 29.367: [GC (Allocation Failure) [PSYoungGen: 12877K->2692K(14848K)] 37176K->29519K(58880K), 0.0122185 secs] [Times: user=0.12 sys=0.00, real=0.01 secs] 
2026-06-17T09:48:05.903+0800: 29.403: [GC (Allocation Failure) [PSYoungGen: 10842K->1529K(14848K)] 37669K->30294K(58880K), 0.0063777 secs] [Times: user=0.03 sys=0.00, real=0.00 secs] 
2026-06-17T09:48:05.933+0800: 29.433: [GC (Allocation Failure) [PSYoungGen: 9691K->2620K(14848K)] 38456K->31385K(58880K), 0.0058787 secs] [Times: user=0.03 sys=0.01, real=0.00 secs] 
2026-06-17T09:48:05.952+0800: 29.452: [GC (Allocation Failure) [PSYoungGen: 10601K->959K(14848K)] 39366K->32125K(58880K), 0.0097396 secs] [Times: user=0.08 sys=0.00, real=0.00 secs] 
2026-06-17T09:48:05.985+0800: 29.485: [GC (Allocation Failure) [PSYoungGen: 9134K->4813K(14848K)] 40300K->36914K(58880K), 0.0146290 secs] [Times: user=0.15 sys=0.00, real=0.01 secs] 
2026-06-17T09:48:06.023+0800: 29.524: [GC (Allocation Failure) [PSYoungGen: 12973K->4639K(13312K)] 45074K->37829K(57344K), 0.0057059 secs] [Times: user=0.04 sys=0.00, real=0.00 secs] 
2026-06-17T09:48:06.053+0800: 29.553: [GC (Allocation Failure) [PSYoungGen: 12813K->3259K(14848K)] 46002K->38867K(58880K), 0.0129403 secs] [Times: user=0.12 sys=0.00, real=0.01 secs] 
2026-06-17T09:48:06.089+0800: 29.589: [GC (Allocation Failure) [PSYoungGen: 10931K->2836K(14336K)] 46538K->39298K(58368K), 0.0119915 secs] [Times: user=0.10 sys=0.01, real=0.01 secs] 
2026-06-17T09:48:06.114+0800: 29.614: [GC (Allocation Failure) [PSYoungGen: 10329K->1385K(14848K)] 46792K->39766K(58880K), 0.0104019 secs] [Times: user=0.09 sys=0.01, real=0.01 secs] 
2026-06-17T09:48:06.158+0800: 29.658: [GC (Allocation Failure) [PSYoungGen: 9539K->1441K(14848K)] 47920K->41183K(58880K), 0.0079429 secs] [Times: user=0.05 sys=0.00, real=0.01 secs] 
2026-06-17T09:48:06.190+0800: 29.690: [GC (Allocation Failure) [PSYoungGen: 9629K->2329K(15360K)] 49372K->42384K(59392K), 0.0073578 secs] [Times: user=0.04 sys=0.00, real=0.01 secs] 
2026-06-17T09:48:06.221+0800: 29.721: [GC (Allocation Failure) [PSYoungGen: 11021K->2640K(14848K)] 51076K->44475K(58880K), 0.0063303 secs] [Times: user=0.03 sys=0.00, real=0.01 secs] 
2026-06-17T09:48:06.229+0800: 29.729: [Full GC (Ergonomics) [PSYoungGen: 2640K->0K(14848K)] [ParOldGen: 41835K->22962K(44032K)] 44475K->22962K(58880K), [Metaspace: 2709K->2709K(1056768K)], 0.0221979 secs] [Times: user=0.20 sys=0.02, real=0.03 secs] 
2026-06-17T09:48:06.273+0800: 29.774: [GC (Allocation Failure) [PSYoungGen: 8704K->5371K(14336K)] 31666K->28334K(58368K), 0.0095248 secs] [Times: user=0.09 sys=0.00, real=0.01 secs] 
2026-06-17T09:48:06.306+0800: 29.806: [GC (Allocation Failure) [PSYoungGen: 13535K->3726K(14848K)] 36497K->29390K(58880K), 0.0096128 secs] [Times: user=0.07 sys=0.00, real=0.01 secs] 
2026-06-17T09:48:06.329+0800: 29.829: [GC (Allocation Failure) [PSYoungGen: 10823K->2230K(15360K)] 36486K->29677K(59392K), 0.0120437 secs] [Times: user=0.13 sys=0.01, real=0.01 secs] 
2026-06-17T09:48:06.374+0800: 29.874: [GC (Allocation Failure) [PSYoungGen: 10893K->1767K(14848K)] 38340K->31420K(58880K), 0.0219134 secs] [Times: user=0.15 sys=0.00, real=0.02 secs] 
2026-06-17T09:48:06.418+0800: 29.918: [GC (Allocation Failure) [PSYoungGen: 10443K->1785K(15360K)] 40096K->32928K(59392K), 0.0105443 secs] [Times: user=0.09 sys=0.00, real=0.01 secs] 
2026-06-17T09:48:06.452+0800: 29.952: [GC (Allocation Failure) [PSYoungGen: 10957K->2631K(15360K)] 42100K->35391K(59392K), 0.0100708 secs] [Times: user=0.10 sys=0.00, real=0.00 secs] 
2026-06-17T09:48:06.485+0800: 29.986: [GC (Allocation Failure) [PSYoungGen: 11838K->3317K(15872K)] 44598K->38086K(59904K), 0.0095796 secs] [Times: user=0.07 sys=0.00, real=0.01 secs] 
2026-06-17T09:48:06.529+0800: 30.030: [GC (Allocation Failure) [PSYoungGen: 13507K->2875K(15872K)] 48276K->37644K(59904K), 0.0092726 secs] [Times: user=0.07 sys=0.00, real=0.01 secs] 
2026-06-17T09:48:06.563+0800: 30.063: [GC (Allocation Failure) [PSYoungGen: 13087K->4066K(15872K)] 47855K->40949K(59904K), 0.0078066 secs] [Times: user=0.06 sys=0.01, real=0.01 secs] 
2026-06-17T09:48:06.596+0800: 30.097: [GC (Allocation Failure) [PSYoungGen: 14298K->5203K(15872K)] 51181K->44144K(59904K), 0.0074468 secs] [Times: user=0.03 sys=0.00, real=0.01 secs] 
2026-06-17T09:48:06.628+0800: 30.128: [GC (Allocation Failure) [PSYoungGen: 15367K->3376K(14848K)] 54308K->44400K(58880K), 0.0061361 secs] [Times: user=0.03 sys=0.00, real=0.01 secs] 
2026-06-17T09:48:06.636+0800: 30.136: [Full GC (Ergonomics) [PSYoungGen: 3376K->0K(14848K)] [ParOldGen: 41024K->30542K(44032K)] 44400K->30542K(58880K), [Metaspace: 2709K->2709K(1056768K)], 0.0105721 secs] [Times: user=0.07 sys=0.00, real=0.01 secs] 
2026-06-17T09:48:06.680+0800: 30.180: [GC (Allocation Failure) [PSYoungGen: 9212K->1950K(15360K)] 39754K->32492K(59392K), 0.0114973 secs] [Times: user=0.09 sys=0.01, real=0.02 secs] 
2026-06-17T09:48:06.716+0800: 30.216: [GC (Allocation Failure) [PSYoungGen: 11156K->4282K(15360K)] 41698K->34993K(59392K), 0.0102207 secs] [Times: user=0.09 sys=0.00, real=0.01 secs] 
2026-06-17T09:48:06.750+0800: 30.250: [GC (Allocation Failure) [PSYoungGen: 13483K->4541K(13824K)] 44194K->36972K(57856K), 0.0138784 secs] [Times: user=0.15 sys=0.00, real=0.02 secs] 
2026-06-17T09:48:06.787+0800: 30.287: [GC (Allocation Failure) [PSYoungGen: 13546K->1152K(14848K)] 45978K->35298K(58880K), 0.0099644 secs] [Times: user=0.09 sys=0.00, real=0.01 secs] 
2026-06-17T09:48:06.831+0800: 30.332: [GC (Allocation Failure) [PSYoungGen: 9340K->1468K(14848K)] 43487K->36742K(58880K), 0.0122034 secs] [Times: user=0.09 sys=0.00, real=0.01 secs] 
2026-06-17T09:48:06.867+0800: 30.367: [GC (Allocation Failure) [PSYoungGen: 9647K->2277K(15360K)] 44921K->38146K(59392K), 0.0101885 secs] [Times: user=0.08 sys=0.00, real=0.01 secs] 
2026-06-17T09:48:06.890+0800: 30.390: [GC (Allocation Failure) [PSYoungGen: 10798K->1525K(14848K)] 46667K->39336K(58880K), 0.0105427 secs] [Times: user=0.09 sys=0.00, real=0.01 secs] 
2026-06-17T09:48:06.923+0800: 30.423: [GC (Allocation Failure) [PSYoungGen: 10215K->5313K(14336K)] 48027K->44625K(58368K), 0.0038797 secs] [Times: user=0.03 sys=0.01, real=0.00 secs] 
2026-06-17T09:48:06.949+0800: 30.449: [GC (Allocation Failure) [PSYoungGen: 13505K->4467K(12800K)] 52817K->45759K(56832K), 0.0030965 secs] [Times: user=0.02 sys=0.00, real=0.01 secs] 
2026-06-17T09:48:06.952+0800: 30.452: [Full GC (Ergonomics) [PSYoungGen: 4467K->0K(12800K)] [ParOldGen: 41291K->26121K(44032K)] 45759K->26121K(56832K), [Metaspace: 2709K->2709K(1056768K)], 0.0100044 secs] [Times: user=0.11 sys=0.00, real=0.01 secs] 
2026-06-17T09:48:06.984+0800: 30.484: [GC (Allocation Failure) [PSYoungGen: 8098K->1151K(14336K)] 34220K->27273K(58368K), 0.0047609 secs] [Times: user=0.05 sys=0.00, real=0.00 secs] 
2026-06-17T09:48:07.011+0800: 30.511: [GC (Allocation Failure) [PSYoungGen: 8260K->3638K(14336K)] 34382K->30888K(58368K), 0.0031474 secs] [Times: user=0.01 sys=0.00, real=0.00 secs] 
2026-06-17T09:48:07.036+0800: 30.536: [GC (Allocation Failure) [PSYoungGen: 10785K->2086K(14848K)] 38034K->30956K(58880K), 0.0051489 secs] [Times: user=0.05 sys=0.01, real=0.00 secs] 
2026-06-17T09:48:07.063+0800: 30.563: [GC (Allocation Failure) [PSYoungGen: 10278K->1631K(14848K)] 39148K->32365K(58880K), 0.0035678 secs] [Times: user=0.02 sys=0.00, real=0.00 secs] 
2026-06-17T09:48:07.089+0800: 30.589: [GC (Allocation Failure) [PSYoungGen: 9800K->2785K(15360K)] 40534K->33518K(59392K), 0.0076359 secs] [Times: user=0.10 sys=0.00, real=0.01 secs] 
2026-06-17T09:48:07.119+0800: 30.619: [GC (Allocation Failure) [PSYoungGen: 11449K->3001K(14848K)] 42183K->35591K(58880K), 0.0036292 secs] [Times: user=0.02 sys=0.00, real=0.01 secs] 
2026-06-17T09:48:07.145+0800: 30.645: [GC (Allocation Failure) [PSYoungGen: 11698K->3272K(15872K)] 44287K->37741K(59904K), 0.0049873 secs] [Times: user=0.05 sys=0.00, real=0.00 secs] 
2026-06-17T09:48:07.172+0800: 30.672: [GC (Allocation Failure) [PSYoungGen: 12999K->5626K(15360K)] 47468K->40504K(59392K), 0.0057185 secs] [Times: user=0.03 sys=0.01, real=0.00 secs] 
2026-06-17T09:48:07.210+0800: 30.710: [GC (Allocation Failure) [PSYoungGen: 15338K->2162K(14336K)] 50216K->40314K(58368K), 0.0026697 secs] [Times: user=0.01 sys=0.00, real=0.01 secs] 
2026-06-17T09:48:07.225+0800: 30.725: [GC (Allocation Failure) [PSYoungGen: 10321K->1493K(14848K)] 48473K->41664K(58880K), 0.0033412 secs] [Times: user=0.02 sys=0.00, real=0.00 secs] 
2026-06-17T09:48:07.260+0800: 30.760: [GC (Allocation Failure) [PSYoungGen: 9651K->1253K(14848K)] 49823K->42893K(58880K), 0.0113567 secs] [Times: user=0.10 sys=0.00, real=0.02 secs] 
2026-06-17T09:48:07.273+0800: 30.773: [Full GC (Ergonomics) [PSYoungGen: 1253K->0K(14848K)] [ParOldGen: 41640K->23279K(44032K)] 42893K->23279K(58880K), [Metaspace: 2709K->2709K(1056768K)], 0.0099569 secs] [Times: user=0.07 sys=0.00, real=0.01 secs] 
2026-06-17T09:48:07.305+0800: 30.805: [GC (Allocation Failure) [PSYoungGen: 8161K->4739K(14848K)] 31440K->28018K(58880K), 0.0039890 secs] [Times: user=0.03 sys=0.00, real=0.00 secs] 
2026-06-17T09:48:07.321+0800: 30.821: [GC (Allocation Failure) [PSYoungGen: 12786K->1248K(14848K)] 36065K->28810K(58880K), 0.0029312 secs] [Times: user=0.01 sys=0.00, real=0.01 secs] 
2026-06-17T09:48:07.357+0800: 30.857: [GC (Allocation Failure) [PSYoungGen: 9428K->1222K(14848K)] 36991K->29976K(58880K), 0.0097511 secs] [Times: user=0.11 sys=0.01, real=0.01 secs] 
2026-06-17T09:48:07.378+0800: 30.878: [GC (Allocation Failure) [PSYoungGen: 9389K->5143K(13824K)] 38144K->34615K(57856K), 0.0024539 secs] [Times: user=0.02 sys=0.00, real=0.00 secs] 
2026-06-17T09:48:07.402+0800: 30.902: [GC (Allocation Failure) [PSYoungGen: 12304K->3388K(14336K)] 41775K->35056K(58368K), 0.0111077 secs] [Times: user=0.13 sys=0.00, real=0.02 secs] 
2026-06-17T09:48:07.435+0800: 30.936: [GC (Allocation Failure) [PSYoungGen: 10506K->2752K(14848K)] 42173K->35332K(58880K), 0.0145779 secs] [Times: user=0.16 sys=0.00, real=0.02 secs] 
2026-06-17T09:48:07.463+0800: 30.963: [GC (Allocation Failure) [PSYoungGen: 10124K->1310K(14336K)] 42704K->35762K(58368K), 0.0075447 secs] [Times: user=0.05 sys=0.00, real=0.01 secs] 
2026-06-17T09:48:07.504+0800: 31.004: [GC (Allocation Failure) [PSYoungGen: 8944K->809K(14848K)] 43396K->36547K(58880K), 0.0108576 secs] [Times: user=0.11 sys=0.00, real=0.01 secs] 
2026-06-17T09:48:07.528+0800: 31.029: [GC (Allocation Failure) [PSYoungGen: 8991K->4959K(13312K)] 44730K->41293K(57344K), 0.0136026 secs] [Times: user=0.12 sys=0.00, real=0.02 secs] 
2026-06-17T09:48:07.565+0800: 31.066: [GC (Allocation Failure) [PSYoungGen: 13150K->568K(14336K)] 49484K->38384K(58368K), 0.0111686 secs] [Times: user=0.12 sys=0.00, real=0.01 secs] 
2026-06-17T09:48:07.600+0800: 31.100: [GC (Allocation Failure) [PSYoungGen: 7697K->3595K(14336K)] 45513K->41955K(58368K), 0.0128466 secs] [Times: user=0.13 sys=0.00, real=0.02 secs] 
2026-06-17T09:48:07.636+0800: 31.136: [GC (Allocation Failure) [PSYoungGen: 10742K->2782K(14848K)] 49102K->42226K(58880K), 0.0091666 secs] [Times: user=0.08 sys=0.00, real=0.01 secs] 
2026-06-17T09:48:07.668+0800: 31.168: [GC (Allocation Failure) [PSYoungGen: 10460K->1299K(14336K)] 49904K->42874K(58368K), 0.0072710 secs] [Times: user=0.05 sys=0.01, real=0.01 secs] 
2026-06-17T09:48:07.676+0800: 31.177: [Full GC (Ergonomics) [PSYoungGen: 1299K->0K(14336K)] [ParOldGen: 41574K->21011K(44032K)] 42874K->21011K(58368K), [Metaspace: 2709K->2709K(1056768K)], 0.0108727 secs] [Times: user=0.06 sys=0.00, real=0.01 secs] 
2026-06-17T09:48:07.700+0800: 31.200: [GC (Allocation Failure) [PSYoungGen: 7479K->4059K(14848K)] 28490K->25071K(58880K), 0.0061596 secs] [Times: user=0.04 sys=0.01, real=0.01 secs] 
2026-06-17T09:48:07.729+0800: 31.229: [GC (Allocation Failure) [PSYoungGen: 11951K->1127K(14848K)] 32963K->26141K(58880K), 0.0066467 secs] [Times: user=0.02 sys=0.01, real=0.01 secs] 
2026-06-17T09:48:07.769+0800: 31.270: [GC (Allocation Failure) [PSYoungGen: 9311K->1747K(15360K)] 34325K->27864K(59392K), 0.0135696 secs] [Times: user=0.12 sys=0.00, real=0.02 secs] 
2026-06-17T09:48:07.795+0800: 31.295: [GC (Allocation Failure) [PSYoungGen: 10404K->5682K(14848K)] 36521K->33409K(58880K), 0.0126766 secs] [Times: user=0.11 sys=0.00, real=0.01 secs] 
2026-06-17T09:48:07.831+0800: 31.331: [GC (Allocation Failure) [PSYoungGen: 14318K->1332K(13824K)] 42046K->31317K(57856K), 0.0118650 secs] [Times: user=0.13 sys=0.00, real=0.01 secs] 
2026-06-17T09:48:07.866+0800: 31.366: [GC (Allocation Failure) [PSYoungGen: 8461K->3693K(14336K)] 38446K->34954K(58368K), 0.0148085 secs] [Times: user=0.13 sys=0.01, real=0.01 secs] 
2026-06-17T09:48:07.905+0800: 31.405: [GC (Allocation Failure) [PSYoungGen: 10843K->3438K(14848K)] 42105K->35215K(58880K), 0.0097742 secs] [Times: user=0.09 sys=0.00, real=0.01 secs] 
2026-06-17T09:48:07.938+0800: 31.438: [GC (Allocation Failure) [PSYoungGen: 11109K->2413K(14336K)] 42886K->36038K(58368K), 0.0137535 secs] [Times: user=0.13 sys=0.00, real=0.02 secs] 
2026-06-17T09:48:07.975+0800: 31.475: [GC (Allocation Failure) [PSYoungGen: 10064K->2870K(15360K)] 43689K->36495K(59392K), 0.0124074 secs] [Times: user=0.12 sys=0.01, real=0.01 secs] 
2026-06-17T09:48:08.000+0800: 31.500: [GC (Allocation Failure) [PSYoungGen: 10794K->1885K(14848K)] 44419K->37257K(58880K), 0.0111967 secs] [Times: user=0.10 sys=0.01, real=0.02 secs] 
2026-06-17T09:48:08.045+0800: 31.545: [GC (Allocation Failure) [PSYoungGen: 10584K->2008K(15872K)] 45956K->39241K(59904K), 0.0103823 secs] [Times: user=0.08 sys=0.01, real=0.01 secs] 
2026-06-17T09:48:08.080+0800: 31.580: [GC (Allocation Failure) [PSYoungGen: 11707K->3978K(15360K)] 48940K->42180K(59392K), 0.0089625 secs] [Times: user=0.03 sys=0.00, real=0.01 secs] 
2026-06-17T09:48:08.113+0800: 31.613: [GC (Allocation Failure) [PSYoungGen: 13702K->4615K(14336K)] 51904K->44787K(58368K), 0.0079025 secs] [Times: user=0.05 sys=0.01, real=0.00 secs] 
2026-06-17T09:48:08.144+0800: 31.644: [GC (Allocation Failure) [PSYoungGen: 12489K->478K(14848K)] 52662K->42137K(58880K), 0.0101790 secs] [Times: user=0.08 sys=0.01, real=0.01 secs] 
2026-06-17T09:48:08.156+0800: 31.656: [Full GC (Ergonomics) [PSYoungGen: 478K->0K(14848K)] [ParOldGen: 41659K->29553K(44032K)] 42137K->29553K(58880K), [Metaspace: 2709K->2709K(1056768K)], 0.0099449 secs] [Times: user=0.08 sys=0.00, real=0.01 secs] 
2026-06-17T09:48:08.189+0800: 31.689: [GC (Allocation Failure) [PSYoungGen: 8155K->4554K(14848K)] 37708K->34107K(58880K), 0.0103619 secs] [Times: user=0.10 sys=0.01, real=0.01 secs] 
2026-06-17T09:48:08.222+0800: 31.722: [GC (Allocation Failure) [PSYoungGen: 12713K->3960K(14848K)] 42266K->34939K(58880K), 0.0083888 secs] [Times: user=0.06 sys=0.00, real=0.02 secs] 
2026-06-17T09:48:08.254+0800: 31.754: [GC (Allocation Failure) [PSYoungGen: 12130K->2845K(14848K)] 43109K->36208K(58880K), 0.0101699 secs] [Times: user=0.09 sys=0.01, real=0.01 secs] 
2026-06-17T09:48:08.288+0800: 31.788: [GC (Allocation Failure) [PSYoungGen: 11017K->4442K(14848K)] 44380K->37804K(58880K), 0.0072935 secs] [Times: user=0.04 sys=0.00, real=0.01 secs] 
2026-06-17T09:48:08.319+0800: 31.819: [GC (Allocation Failure) [PSYoungGen: 12612K->4336K(14848K)] 45974K->39176K(58880K), 0.0106628 secs] [Times: user=0.09 sys=0.00, real=0.01 secs] 
2026-06-17T09:48:08.352+0800: 31.852: [GC (Allocation Failure) [PSYoungGen: 12516K->2630K(14848K)] 47355K->40686K(58880K), 0.0120188 secs] [Times: user=0.15 sys=0.00, real=0.01 secs] 
2026-06-17T09:48:08.386+0800: 31.887: [GC (Allocation Failure) [PSYoungGen: 10798K->3455K(14848K)] 48854K->41511K(58880K), 0.0082592 secs] [Times: user=0.08 sys=0.01, real=0.01 secs] 
2026-06-17T09:48:08.418+0800: 31.918: [GC (Allocation Failure) [PSYoungGen: 11647K->2874K(14848K)] 49703K->42461K(58880K), 0.0115658 secs] [Times: user=0.13 sys=0.00, real=0.01 secs] 
2026-06-17T09:48:08.453+0800: 31.953: [GC (Allocation Failure) [PSYoungGen: 11066K->2318K(15360K)] 50652K->44059K(59392K), 0.0126855 secs] [Times: user=0.11 sys=0.00, real=0.01 secs] 
2026-06-17T09:48:08.467+0800: 31.967: [Full GC (Ergonomics) [PSYoungGen: 2318K->0K(15360K)] [ParOldGen: 41740K->25290K(44032K)] 44059K->25290K(59392K), [Metaspace: 2709K->2709K(1056768K)], 0.0175106 secs] [Times: user=0.15 sys=0.01, real=0.02 secs] 
2026-06-17T09:48:08.508+0800: 32.008: [GC (Allocation Failure) [PSYoungGen: 9188K->5705K(15360K)] 34479K->30996K(59392K), 0.0110924 secs] [Times: user=0.09 sys=0.00, real=0.01 secs] 
2026-06-17T09:48:08.542+0800: 32.042: [GC (Allocation Failure) [PSYoungGen: 14897K->4618K(14336K)] 40187K->33061K(58368K), 0.0069169 secs] [Times: user=0.04 sys=0.00, real=0.01 secs] 
2026-06-17T09:48:08.572+0800: 32.072: [GC (Allocation Failure) [PSYoungGen: 12674K->814K(9216K)] 41117K->31131K(53248K), 0.0134170 secs] [Times: user=0.11 sys=0.00, real=0.01 secs] 
2026-06-17T09:48:08.610+0800: 32.110: [GC (Allocation Failure) [PSYoungGen: 9004K->5087K(14336K)] 39322K->36195K(58368K), 0.0120912 secs] [Times: user=0.11 sys=0.00, real=0.02 secs] 
2026-06-17T09:48:08.646+0800: 32.146: [GC (Allocation Failure) [PSYoungGen: 12221K->2481K(14336K)] 43328K->36246K(58368K), 0.0103985 secs] [Times: user=0.09 sys=0.00, real=0.01 secs] 
2026-06-17T09:48:08.680+0800: 32.180: [GC (Allocation Failure) [PSYoungGen: 9631K->1171K(14336K)] 43397K->37037K(58368K), 0.0103102 secs] [Times: user=0.09 sys=0.00, real=0.02 secs] 
2026-06-17T09:48:08.703+0800: 32.203: [GC (Allocation Failure) [PSYoungGen: 8304K->4845K(14336K)] 44170K->40710K(58368K), 0.0067225 secs] [Times: user=0.04 sys=0.00, real=0.00 secs] 
2026-06-17T09:48:08.733+0800: 32.233: [GC (Allocation Failure) [PSYoungGen: 11998K->3317K(14336K)] 47864K->41315K(58368K), 0.0099085 secs] [Times: user=0.10 sys=0.00, real=0.01 secs] 
2026-06-17T09:48:08.766+0800: 32.266: [GC (Allocation Failure) [PSYoungGen: 10483K->2974K(14336K)] 48480K->40972K(58368K), 0.0132520 secs] [Times: user=0.12 sys=0.01, real=0.01 secs] 
2026-06-17T09:48:08.793+0800: 32.293: [GC (Allocation Failure) [PSYoungGen: 10047K->912K(14848K)] 48045K->40971K(58880K), 0.0117704 secs] [Times: user=0.11 sys=0.00, real=0.01 secs] 
2026-06-17T09:48:08.839+0800: 32.339: [GC (Allocation Failure) [PSYoungGen: 9076K->1396K(14848K)] 49135K->42344K(58880K), 0.0158422 secs] [Times: user=0.10 sys=0.01, real=0.02 secs] 
2026-06-17T09:48:08.855+0800: 32.355: [Full GC (Ergonomics) [PSYoungGen: 1396K->0K(14848K)] [ParOldGen: 40947K->23554K(44032K)] 42344K->23554K(58880K), [Metaspace: 2709K->2709K(1056768K)], 0.0198693 secs] [Times: user=0.18 sys=0.00, real=0.02 secs] 
2026-06-17T09:48:08.887+0800: 32.387: [GC (Allocation Failure) [PSYoungGen: 8141K->6644K(13824K)] 31696K->31756K(57856K), 0.0111848 secs] [Times: user=0.12 sys=0.00, real=0.01 secs] 
2026-06-17T09:48:08.920+0800: 32.420: [GC (Allocation Failure) [PSYoungGen: 13750K->3421K(14336K)] 38862K->32858K(58368K), 0.0118841 secs] [Times: user=0.12 sys=0.01, real=0.02 secs] 
2026-06-17T09:48:08.955+0800: 32.455: [GC (Allocation Failure) [PSYoungGen: 10589K->3427K(14336K)] 40026K->32864K(58368K), 0.0122349 secs] [Times: user=0.10 sys=0.01, real=0.01 secs] 
2026-06-17T09:48:08.980+0800: 32.480: [GC (Allocation Failure) [PSYoungGen: 10322K->178K(14336K)] 39759K->32903K(58368K), 0.0124278 secs] [Times: user=0.10 sys=0.00, real=0.02 secs] 
2026-06-17T09:48:09.015+0800: 32.515: [GC (Allocation Failure) [PSYoungGen: 7341K->3728K(14336K)] 40066K->36608K(58368K), 0.0095359 secs] [Times: user=0.08 sys=0.00, real=0.01 secs] 
2026-06-17T09:48:09.037+0800: 32.538: [GC (Allocation Failure) [PSYoungGen: 10678K->1529K(14336K)] 43557K->36249K(58368K), 0.0120780 secs] [Times: user=0.12 sys=0.00, real=0.01 secs] 
2026-06-17T09:48:09.083+0800: 32.583: [GC (Allocation Failure) [PSYoungGen: 8667K->403K(14336K)] 43387K->36628K(58368K), 0.0076976 secs] [Times: user=0.04 sys=0.01, real=0.01 secs] 
2026-06-17T09:48:09.104+0800: 32.604: [GC (Allocation Failure) [PSYoungGen: 7569K->3578K(14336K)] 43795K->40143K(58368K), 0.0109778 secs] [Times: user=0.11 sys=0.01, real=0.01 secs] 
2026-06-17T09:48:09.138+0800: 32.638: [GC (Allocation Failure) [PSYoungGen: 10723K->1650K(14336K)] 47288K->40360K(58368K), 0.0094106 secs] [Times: user=0.08 sys=0.01, real=0.01 secs] 
2026-06-17T09:48:09.161+0800: 32.661: [GC (Allocation Failure) [PSYoungGen: 8767K->5186K(14336K)] 47476K->43895K(58368K), 0.0087652 secs] [Times: user=0.08 sys=0.00, real=0.01 secs] 
2026-06-17T09:48:09.193+0800: 32.693: [GC (Allocation Failure) [PSYoungGen: 12306K->2905K(14336K)] 51016K->43934K(58368K), 0.0111667 secs] [Times: user=0.09 sys=0.01, real=0.01 secs] 
2026-06-17T09:48:09.206+0800: 32.706: [Full GC (Ergonomics) [PSYoungGen: 2905K->0K(14336K)] [ParOldGen: 41029K->29403K(44032K)] 43934K->29403K(58368K), [Metaspace: 2709K->2709K(1056768K)], 0.0135824 secs] [Times: user=0.08 sys=0.01, real=0.01 secs] 
2026-06-17T09:48:09.242+0800: 32.742: [GC (Allocation Failure) [PSYoungGen: 7134K->3730K(14336K)] 36538K->33134K(58368K), 0.0068777 secs] [Times: user=0.03 sys=0.01, real=0.01 secs] 
2026-06-17T09:48:09.262+0800: 32.762: [GC (Allocation Failure) [PSYoungGen: 10898K->1339K(14336K)] 40302K->33261K(58368K), 0.0058449 secs] [Times: user=0.03 sys=0.00, real=0.01 secs] 
2026-06-17T09:48:09.291+0800: 32.791: [GC (Allocation Failure) [PSYoungGen: 8505K->3586K(14336K)] 40428K->36824K(58368K), 0.0059966 secs] [Times: user=0.03 sys=0.00, real=0.00 secs] 
2026-06-17T09:48:09.310+0800: 32.810: [GC (Allocation Failure) [PSYoungGen: 10751K->1806K(14848K)] 43989K->36940K(58880K), 0.0052414 secs] [Times: user=0.03 sys=0.00, real=0.01 secs] 
2026-06-17T09:48:09.349+0800: 32.849: [GC (Allocation Failure) [PSYoungGen: 9958K->730K(14848K)] 45092K->37646K(58880K), 0.0105890 secs] [Times: user=0.12 sys=0.00, real=0.01 secs] 
2026-06-17T09:48:09.381+0800: 32.882: [GC (Allocation Failure) [PSYoungGen: 8918K->1735K(14848K)] 45834K->38969K(58880K), 0.0069535 secs] [Times: user=0.04 sys=0.00, real=0.01 secs] 
2026-06-17T09:48:09.402+0800: 32.902: [GC (Allocation Failure) [PSYoungGen: 9862K->1312K(14848K)] 47096K->40200K(58880K), 0.0096199 secs] [Times: user=0.08 sys=0.00, real=0.02 secs] 
2026-06-17T09:48:09.445+0800: 32.945: [GC (Allocation Failure) [PSYoungGen: 9499K->942K(15360K)] 48387K->41118K(59392K), 0.0082465 secs] [Times: user=0.08 sys=0.00, real=0.01 secs] 
2026-06-17T09:48:09.477+0800: 32.977: [GC (Allocation Failure) [PSYoungGen: 10140K->2685K(15360K)] 50317K->43431K(59392K), 0.0101509 secs] [Times: user=0.08 sys=0.00, real=0.01 secs] 
2026-06-17T09:48:09.511+0800: 33.011: [GC (Allocation Failure) [PSYoungGen: 11867K->3543K(15360K)] 52613K->45957K(59392K), 0.0056214 secs] [Times: user=0.03 sys=0.01, real=0.00 secs] 
2026-06-17T09:48:09.518+0800: 33.018: [Full GC (Ergonomics) [PSYoungGen: 3543K->0K(15360K)] [ParOldGen: 42413K->22314K(44032K)] 45957K->22314K(59392K), [Metaspace: 2709K->2709K(1056768K)], 0.0100718 secs] [Times: user=0.09 sys=0.00, real=0.01 secs] 
2026-06-17T09:48:09.551+0800: 33.051: [GC (Allocation Failure) [PSYoungGen: 9216K->2524K(15360K)] 31530K->24839K(59392K), 0.0061264 secs] [Times: user=0.03 sys=0.00, real=0.00 secs] 
2026-06-17T09:48:09.589+0800: 33.090: [GC (Allocation Failure) [PSYoungGen: 11716K->1986K(15872K)] 34030K->26762K(59904K), 0.0120909 secs] [Times: user=0.14 sys=0.01, real=0.01 secs] 
2026-06-17T09:48:09.624+0800: 33.125: [GC (Allocation Failure) [PSYoungGen: 12206K->3441K(15872K)] 36983K->29901K(59904K), 0.0117433 secs] [Times: user=0.11 sys=0.00, real=0.01 secs] 
2026-06-17T09:48:09.659+0800: 33.159: [GC (Allocation Failure) [PSYoungGen: 13660K->4773K(14848K)] 40120K->33338K(58880K), 0.0106898 secs] [Times: user=0.10 sys=0.00, real=0.01 secs] 
2026-06-17T09:48:09.693+0800: 33.193: [GC (Allocation Failure) [PSYoungGen: 13858K->1368K(15360K)] 42423K->31894K(59392K), 0.0051691 secs] [Times: user=0.03 sys=0.01, real=0.00 secs] 
2026-06-17T09:48:09.731+0800: 33.232: [GC (Allocation Failure) [PSYoungGen: 10571K->1867K(15360K)] 41097K->33738K(59392K), 0.0095826 secs] [Times: user=0.10 sys=0.00, real=0.00 secs] 
2026-06-17T09:48:09.764+0800: 33.265: [GC (Allocation Failure) [PSYoungGen: 11063K->3654K(15360K)] 42933K->35981K(59392K), 0.0104956 secs] [Times: user=0.08 sys=0.00, real=0.01 secs] 
2026-06-17T09:48:09.799+0800: 33.299: [GC (Allocation Failure) [PSYoungGen: 12843K->4262K(15360K)] 45170K->38187K(59392K), 0.0106111 secs] [Times: user=0.08 sys=0.00, real=0.01 secs] 
2026-06-17T09:48:09.834+0800: 33.334: [GC (Allocation Failure) [PSYoungGen: 13177K->32K(9728K)] 47102K->36631K(53760K), 0.0134036 secs] [Times: user=0.12 sys=0.00, real=0.01 secs] 
2026-06-17T09:48:09.881+0800: 33.382: [GC (Allocation Failure) [PSYoungGen: 9220K->2078K(15360K)] 45819K->38685K(59392K), 0.0138496 secs] [Times: user=0.13 sys=0.01, real=0.02 secs] 
2026-06-17T09:48:09.919+0800: 33.419: [GC (Allocation Failure) [PSYoungGen: 10782K->1892K(14848K)] 47389K->40528K(58880K), 0.0104334 secs] [Times: user=0.07 sys=0.01, real=0.01 secs] 
2026-06-17T09:48:09.943+0800: 33.443: [GC (Allocation Failure) [PSYoungGen: 10295K->1623K(15872K)] 48931K->41829K(59904K), 0.0091802 secs] [Times: user=0.07 sys=0.01, real=0.01 secs] 
2026-06-17T09:48:09.986+0800: 33.486: [GC (Allocation Failure) [PSYoungGen: 11311K->2753K(15360K)] 51517K->44559K(59392K), 0.0059755 secs] [Times: user=0.03 sys=0.00, real=0.01 secs] 
2026-06-17T09:48:09.994+0800: 33.494: [Full GC (Ergonomics) [PSYoungGen: 2753K->0K(15360K)] [ParOldGen: 41805K->31799K(44032K)] 44559K->31799K(59392K), [Metaspace: 2709K->2709K(1056768K)], 0.0140122 secs] [Times: user=0.10 sys=0.01, real=0.01 secs] 
2026-06-17T09:48:10.031+0800: 33.531: [GC (Allocation Failure) [PSYoungGen: 9696K->5627K(13824K)] 41495K->38089K(57856K), 0.0121623 secs] [Times: user=0.11 sys=0.00, real=0.01 secs] 
2026-06-17T09:48:10.066+0800: 33.567: [GC (Allocation Failure) [PSYoungGen: 13816K->4696K(13312K)] 46278K->40411K(57344K), 0.0110251 secs] [Times: user=0.11 sys=0.00, real=0.01 secs] 
2026-06-17T09:48:10.101+0800: 33.601: [GC (Allocation Failure) [PSYoungGen: 12888K->4194K(14336K)] 48603K->41722K(58368K), 0.0113265 secs] [Times: user=0.09 sys=0.00, real=0.02 secs] 
2026-06-17T09:48:10.136+0800: 33.636: [GC (Allocation Failure) [PSYoungGen: 11331K->2569K(14336K)] 48858K->41522K(58368K), 0.0118553 secs] [Times: user=0.11 sys=0.00, real=0.01 secs] 
2026-06-17T09:48:10.161+0800: 33.661: [GC (Allocation Failure) [PSYoungGen: 9466K->660K(14848K)] 48420K->41517K(58880K), 0.0088752 secs] [Times: user=0.07 sys=0.00, real=0.01 secs] 
2026-06-17T09:48:10.171+0800: 33.671: [Full GC (Ergonomics) [PSYoungGen: 660K->0K(14848K)] [ParOldGen: 40857K->23003K(44032K)] 41517K->23003K(58880K), [Metaspace: 2709K->2709K(1056768K)], 0.0092078 secs] [Times: user=0.05 sys=0.01, real=0.00 secs] 
2026-06-17T09:48:10.204+0800: 33.704: [GC (Allocation Failure) [PSYoungGen: 8161K->4651K(13312K)] 31165K->27654K(57344K), 0.0069139 secs] [Times: user=0.05 sys=0.01, real=0.01 secs] 
2026-06-17T09:48:10.234+0800: 33.734: [GC (Allocation Failure) [PSYoungGen: 12836K->4115K(14336K)] 35840K->28749K(58368K), 0.0109613 secs] [Times: user=0.09 sys=0.00, real=0.01 secs] 
2026-06-17T09:48:10.268+0800: 33.769: [GC (Allocation Failure) [PSYoungGen: 11246K->2335K(14336K)] 35880K->29351K(58368K), 0.0099032 secs] [Times: user=0.07 sys=0.01, real=0.01 secs] 
2026-06-17T09:48:10.301+0800: 33.802: [GC (Allocation Failure) [PSYoungGen: 9490K->2660K(14848K)] 36506K->29676K(58880K), 0.0148450 secs] [Times: user=0.13 sys=0.01, real=0.02 secs] 
2026-06-17T09:48:10.329+0800: 33.829: [GC (Allocation Failure) [PSYoungGen: 10176K->1059K(14336K)] 37191K->30128K(58368K), 0.0105125 secs] [Times: user=0.12 sys=0.00, real=0.01 secs] 
2026-06-17T09:48:10.362+0800: 33.862: [GC (Allocation Failure) [PSYoungGen: 8724K->4503K(14848K)] 37794K->34608K(58880K), 0.0076061 secs] [Times: user=0.02 sys=0.01, real=0.01 secs] 
2026-06-17T09:48:10.392+0800: 33.892: [GC (Allocation Failure) [PSYoungGen: 12657K->4564K(12800K)] 42762K->35330K(56832K), 0.0082518 secs] [Times: user=0.08 sys=0.00, real=0.00 secs] 
2026-06-17T09:48:10.423+0800: 33.923: [GC (Allocation Failure) [PSYoungGen: 12733K->3784K(14336K)] 43499K->36539K(58368K), 0.0090715 secs] [Times: user=0.08 sys=0.00, real=0.01 secs] 
2026-06-17T09:48:10.456+0800: 33.956: [GC (Allocation Failure) [PSYoungGen: 10944K->3005K(14336K)] 43699K->36744K(58368K), 0.0101496 secs] [Times: user=0.08 sys=0.00, real=0.01 secs] 
2026-06-17T09:48:10.479+0800: 33.979: [GC (Allocation Failure) [PSYoungGen: 9898K->1117K(14848K)] 43638K->36893K(58880K), 0.0102565 secs] [Times: user=0.10 sys=0.00, real=0.01 secs] 
2026-06-17T09:48:10.523+0800: 34.023: [GC (Allocation Failure) [PSYoungGen: 9269K->1097K(14848K)] 45046K->37966K(58880K), 0.0126071 secs] [Times: user=0.12 sys=0.01, real=0.01 secs] 
2026-06-17T09:48:10.548+0800: 34.048: [GC (Allocation Failure) [PSYoungGen: 9279K->4679K(13824K)] 46148K->42517K(57856K), 0.0045645 secs] [Times: user=0.03 sys=0.00, real=0.01 secs] 
2026-06-17T09:48:10.576+0800: 34.077: [GC (Allocation Failure) [PSYoungGen: 11847K->2811K(14336K)] 49685K->42689K(58368K), 0.0066451 secs] [Times: user=0.02 sys=0.00, real=0.01 secs] 
2026-06-17T09:48:10.607+0800: 34.107: [GC (Allocation Failure) [PSYoungGen: 9945K->3328K(14848K)] 49823K->43205K(58880K), 0.0067750 secs] [Times: user=0.04 sys=0.00, real=0.01 secs] 
2026-06-17T09:48:10.627+0800: 34.127: [GC (Allocation Failure) [PSYoungGen: 11315K->1805K(14848K)] 51192K->43935K(58880K), 0.0048564 secs] [Times: user=0.02 sys=0.01, real=0.01 secs] 
2026-06-17T09:48:10.633+0800: 34.133: [Full GC (Ergonomics) [PSYoungGen: 1805K->0K(14848K)] [ParOldGen: 42130K->24389K(44032K)] 43935K->24389K(58880K), [Metaspace: 2709K->2709K(1056768K)], 0.0141379 secs] [Times: user=0.14 sys=0.00, real=0.01 secs] 
2026-06-17T09:48:10.680+0800: 34.181: [GC (Allocation Failure) [PSYoungGen: 8175K->1383K(15360K)] 32564K->25772K(59392K), 0.0106396 secs] [Times: user=0.11 sys=0.01, real=0.02 secs] 
2026-06-17T09:48:10.704+0800: 34.204: [GC (Allocation Failure) [PSYoungGen: 10564K->6141K(15360K)] 34954K->31172K(59392K), 0.0071911 secs] [Times: user=0.04 sys=0.00, real=0.01 secs] 
2026-06-17T09:48:10.745+0800: 34.246: [GC (Allocation Failure) [PSYoungGen: 15357K->2390K(13312K)] 40388K->30854K(57344K), 0.0093463 secs] [Times: user=0.11 sys=0.00, real=0.01 secs] 
2026-06-17T09:48:10.778+0800: 34.278: [GC (Allocation Failure) [PSYoungGen: 9542K->261K(14336K)] 38007K->30920K(58368K), 0.0128907 secs] [Times: user=0.12 sys=0.00, real=0.02 secs] 
2026-06-17T09:48:10.804+0800: 34.304: [GC (Allocation Failure) [PSYoungGen: 7420K->4307K(14336K)] 38080K->34967K(58368K), 0.0088648 secs] [Times: user=0.07 sys=0.00, real=0.01 secs] 
2026-06-17T09:48:10.835+0800: 34.336: [GC (Allocation Failure) [PSYoungGen: 11426K->2344K(14336K)] 42086K->35086K(58368K), 0.0075006 secs] [Times: user=0.04 sys=0.01, real=0.01 secs] 
2026-06-17T09:48:10.866+0800: 34.366: [GC (Allocation Failure) [PSYoungGen: 9501K->2351K(14848K)] 42243K->35093K(58880K), 0.0078109 secs] [Times: user=0.07 sys=0.00, real=0.01 secs] 
2026-06-17T09:48:10.887+0800: 34.387: [GC (Allocation Failure) [PSYoungGen: 9964K->1589K(14336K)] 42706K->35903K(58368K), 0.0115339 secs] [Times: user=0.10 sys=0.01, real=0.01 secs] 
2026-06-17T09:48:10.923+0800: 34.423: [GC (Allocation Failure) [PSYoungGen: 9264K->4066K(14848K)] 43578K->39945K(58880K), 0.0102508 secs] [Times: user=0.07 sys=0.00, real=0.01 secs] 
2026-06-17T09:48:10.956+0800: 34.457: [GC (Allocation Failure) [PSYoungGen: 12243K->4757K(13312K)] 48123K->41561K(57344K), 0.0109614 secs] [Times: user=0.10 sys=0.02, real=0.01 secs] 
2026-06-17T09:48:10.991+0800: 34.491: [GC (Allocation Failure) [PSYoungGen: 12890K->4254K(14336K)] 49694K->42828K(58368K), 0.0142993 secs] [Times: user=0.16 sys=0.00, real=0.01 secs] 
2026-06-17T09:48:11.028+0800: 34.529: [GC (Allocation Failure) [PSYoungGen: 11378K->3083K(14336K)] 49952K->42890K(58368K), 0.0104706 secs] [Times: user=0.09 sys=0.00, real=0.01 secs] 
2026-06-17T09:48:11.052+0800: 34.552: [GC (Allocation Failure) [PSYoungGen: 10248K->1735K(14848K)] 50055K->43548K(58880K), 0.0079099 secs] [Times: user=0.06 sys=0.01, real=0.00 secs] 
2026-06-17T09:48:11.061+0800: 34.562: [Full GC (Ergonomics) [PSYoungGen: 1735K->0K(14848K)] [ParOldGen: 41813K->33315K(44032K)] 43548K->33315K(58880K), [Metaspace: 2709K->2709K(1056768K)], 0.0109021 secs] [Times: user=0.07 sys=0.01, real=0.02 secs] 
2026-06-17T09:48:11.106+0800: 34.606: [GC (Allocation Failure) [PSYoungGen: 8176K->1265K(14848K)] 41491K->34580K(58880K), 0.0107574 secs] [Times: user=0.09 sys=0.00, real=0.01 secs] 
2026-06-17T09:48:11.130+0800: 34.630: [GC (Allocation Failure) [PSYoungGen: 9428K->5505K(13824K)] 42743K->39058K(57856K), 0.0109808 secs] [Times: user=0.10 sys=0.00, real=0.01 secs] 
2026-06-17T09:48:11.164+0800: 34.664: [GC (Allocation Failure) [PSYoungGen: 12510K->32K(14336K)] 46063K->35697K(58368K), 0.0045257 secs] [Times: user=0.03 sys=0.00, real=0.00 secs] 
2026-06-17T09:48:11.190+0800: 34.691: [GC (Allocation Failure) [PSYoungGen: 7157K->3420K(14336K)] 42822K->39093K(58368K), 0.0053716 secs] [Times: user=0.03 sys=0.01, real=0.01 secs] 
2026-06-17T09:48:11.219+0800: 34.719: [GC (Allocation Failure) [PSYoungGen: 10574K->1793K(14336K)] 46248K->39511K(58368K), 0.0072116 secs] [Times: user=0.02 sys=0.00, real=0.01 secs] 
2026-06-17T09:48:11.249+0800: 34.750: [GC (Allocation Failure) [PSYoungGen: 8930K->648K(14336K)] 46648K->39955K(58368K), 0.0026425 secs] [Times: user=0.01 sys=0.01, real=0.01 secs] 
2026-06-17T09:48:11.264+0800: 34.764: [GC (Allocation Failure) [PSYoungGen: 7784K->4379K(14336K)] 47092K->43687K(58368K), 0.0051111 secs] [Times: user=0.03 sys=0.00, real=0.00 secs] 
2026-06-17T09:48:11.291+0800: 34.791: [GC (Allocation Failure) [PSYoungGen: 11541K->2508K(14848K)] 50849K->43727K(58880K), 0.0051291 secs] [Times: user=0.03 sys=0.00, real=0.00 secs] 
2026-06-17T09:48:11.297+0800: 34.798: [Full GC (Ergonomics) [PSYoungGen: 2508K->0K(14848K)] [ParOldGen: 41218K->33232K(44032K)] 43727K->33232K(58880K), [Metaspace: 2709K->2709K(1056768K)], 0.0084811 secs] [Times: user=0.05 sys=0.00, real=0.01 secs] 
2026-06-17T09:48:11.329+0800: 34.829: [GC (Allocation Failure) [PSYoungGen: 7678K->4206K(14336K)] 40911K->37439K(58368K), 0.0124694 secs] [Times: user=0.13 sys=0.00, real=0.01 secs] 
2026-06-17T09:48:11.353+0800: 34.853: [GC (Allocation Failure) [PSYoungGen: 11859K->783K(14336K)] 45092K->38072K(58368K), 0.0086061 secs] [Times: user=0.10 sys=0.00, real=0.00 secs] 
2026-06-17T09:48:11.384+0800: 34.884: [GC (Allocation Failure) [PSYoungGen: 7951K->3837K(14336K)] 45240K->41886K(58368K), 0.0104591 secs] [Times: user=0.09 sys=0.01, real=0.01 secs] 
2026-06-17T09:48:11.418+0800: 34.918: [GC (Allocation Failure) [PSYoungGen: 11004K->2657K(14848K)] 49053K->41765K(58880K), 0.0072091 secs] [Times: user=0.06 sys=0.00, real=0.01 secs] 
2026-06-17T09:48:11.448+0800: 34.948: [GC (Allocation Failure) [PSYoungGen: 10323K->1158K(14336K)] 49431K->42044K(58368K), 0.0114062 secs] [Times: user=0.10 sys=0.00, real=0.01 secs] 
2026-06-17T09:48:11.461+0800: 34.961: [Full GC (Ergonomics) [PSYoungGen: 1158K->0K(14336K)] [ParOldGen: 40886K->28649K(44032K)] 42044K->28649K(58368K), [Metaspace: 2709K->2709K(1056768K)], 0.0110428 secs] [Times: user=0.06 sys=0.01, real=0.02 secs] 
2026-06-17T09:48:11.484+0800: 34.985: [GC (Allocation Failure) [PSYoungGen: 7663K->6654K(13824K)] 36312K->36387K(57856K), 0.0081874 secs] [Times: user=0.05 sys=0.00, real=0.01 secs] 
2026-06-17T09:48:11.516+0800: 35.016: [GC (Allocation Failure) [PSYoungGen: 13721K->32K(14336K)] 43454K->33765K(58368K), 0.0102053 secs] [Times: user=0.08 sys=0.01, real=0.01 secs] 
2026-06-17T09:48:11.549+0800: 35.049: [GC (Allocation Failure) [PSYoungGen: 7184K->3805K(14336K)] 40918K->37547K(58368K), 0.0062936 secs] [Times: user=0.03 sys=0.01, real=0.01 secs] 
2026-06-17T09:48:11.568+0800: 35.068: [GC (Allocation Failure) [PSYoungGen: 10837K->1789K(14336K)] 44579K->37296K(58368K), 0.0128574 secs] [Times: user=0.11 sys=0.00, real=0.01 secs] 
2026-06-17T09:48:11.607+0800: 35.107: [GC (Allocation Failure) [PSYoungGen: 8957K->3629K(14336K)] 44464K->40901K(58368K), 0.0140134 secs] [Times: user=0.11 sys=0.01, real=0.01 secs] 
2026-06-17T09:48:11.644+0800: 35.145: [GC (Allocation Failure) [PSYoungGen: 10784K->2551K(14336K)] 48056K->41211K(58368K), 0.0119737 secs] [Times: user=0.10 sys=0.00, real=0.01 secs] 
2026-06-17T09:48:11.680+0800: 35.180: [GC (Allocation Failure) [PSYoungGen: 9672K->1161K(14336K)] 48332K->41579K(58368K), 0.0129970 secs] [Times: user=0.11 sys=0.00, real=0.02 secs] 
2026-06-17T09:48:11.707+0800: 35.207: [GC (Allocation Failure) [PSYoungGen: 8292K->4641K(14336K)] 48710K->45059K(58368K), 0.0101766 secs] [Times: user=0.08 sys=0.01, real=0.01 secs] 
2026-06-17T09:48:11.740+0800: 35.240: [GC (Allocation Failure) [PSYoungGen: 11809K->3249K(14336K)] 52227K->45536K(58368K), 0.0106085 secs] [Times: user=0.09 sys=0.00, real=0.02 secs] 
2026-06-17T09:48:11.753+0800: 35.253: [Full GC (Ergonomics) [PSYoungGen: 3249K->0K(14336K)] [ParOldGen: 42287K->25836K(44032K)] 45536K->25836K(58368K), [Metaspace: 2709K->2709K(1056768K)], 0.0187699 secs] [Times: user=0.16 sys=0.01, real=0.02 secs] 
2026-06-17T09:48:11.794+0800: 35.294: [GC (Allocation Failure) [PSYoungGen: 7132K->3645K(14336K)] 32968K->29482K(58368K), 0.0090198 secs] [Times: user=0.08 sys=0.00, real=0.01 secs] 
2026-06-17T09:48:11.826+0800: 35.326: [GC (Allocation Failure) [PSYoungGen: 10797K->2516K(14848K)] 36633K->30234K(58880K), 0.0094633 secs] [Times: user=0.08 sys=0.01, real=0.01 secs] 
2026-06-17T09:48:11.859+0800: 35.359: [GC (Allocation Failure) [PSYoungGen: 10158K->1523K(14336K)] 37877K->31050K(58368K), 0.0095621 secs] [Times: user=0.07 sys=0.01, real=0.01 secs] 
2026-06-17T09:48:11.891+0800: 35.391: [GC (Allocation Failure) [PSYoungGen: 9203K->2503K(15360K)] 38730K->32029K(59392K), 0.0105804 secs] [Times: user=0.10 sys=0.01, real=0.01 secs] 
2026-06-17T09:48:11.915+0800: 35.415: [GC (Allocation Failure) [PSYoungGen: 11076K->1895K(14848K)] 40602K->33633K(58880K), 0.0086022 secs] [Times: user=0.08 sys=0.00, real=0.01 secs] 
2026-06-17T09:48:11.956+0800: 35.456: [GC (Allocation Failure) [PSYoungGen: 10599K->1953K(15872K)] 42337K->35563K(59904K), 0.0186774 secs] [Times: user=0.13 sys=0.00, real=0.02 secs] 
2026-06-17T09:48:11.997+0800: 35.497: [GC (Allocation Failure) [PSYoungGen: 11676K->3445K(15360K)] 45286K->38101K(59392K), 0.0092454 secs] [Times: user=0.09 sys=0.01, real=0.01 secs] 
2026-06-17T09:48:12.029+0800: 35.530: [GC (Allocation Failure) [PSYoungGen: 13164K->4476K(15360K)] 47819K->40896K(59392K), 0.0144510 secs] [Times: user=0.15 sys=0.00, real=0.02 secs] 
2026-06-17T09:48:12.067+0800: 35.567: [GC (Allocation Failure) [PSYoungGen: 13520K->1086K(15360K)] 49940K->39140K(59392K), 0.0099880 secs] [Times: user=0.09 sys=0.00, real=0.01 secs] 
2026-06-17T09:48:12.111+0800: 35.611: [GC (Allocation Failure) [PSYoungGen: 10277K->2224K(15360K)] 48332K->41340K(59392K), 0.0102214 secs] [Times: user=0.09 sys=0.00, real=0.00 secs] 
2026-06-17T09:48:12.145+0800: 35.645: [GC (Allocation Failure) [PSYoungGen: 11411K->3193K(15360K)] 50528K->43793K(59392K), 0.0123599 secs] [Times: user=0.10 sys=0.01, real=0.01 secs] 
2026-06-17T09:48:12.181+0800: 35.681: [GC (Allocation Failure) [PSYoungGen: 12355K->3427K(15872K)] 52955K->46322K(59904K), 0.0089104 secs] [Times: user=0.07 sys=0.00, real=0.01 secs] 
2026-06-17T09:48:12.191+0800: 35.691: [Full GC (Ergonomics) [PSYoungGen: 3427K->0K(15872K)] [ParOldGen: 42895K->24504K(44032K)] 46322K->24504K(59904K), [Metaspace: 2709K->2709K(1056768K)], 0.0095010 secs] [Times: user=0.07 sys=0.01, real=0.00 secs] 
2026-06-17T09:48:12.224+0800: 35.724: [GC (Allocation Failure) [PSYoungGen: 9714K->5609K(15360K)] 34219K->30920K(59392K), 0.0109837 secs] [Times: user=0.11 sys=0.00, real=0.01 secs] 
2026-06-17T09:48:12.258+0800: 35.758: [GC (Allocation Failure) [PSYoungGen: 15301K->5426K(13312K)] 40613K->34247K(57344K), 0.0071338 secs] [Times: user=0.05 sys=0.01, real=0.01 secs] 
2026-06-17T09:48:12.289+0800: 35.789: [GC (Allocation Failure) [PSYoungGen: 12589K->3577K(14336K)] 41411K->34336K(58368K), 0.0088438 secs] [Times: user=0.09 sys=0.00, real=0.01 secs] 
2026-06-17T09:48:12.321+0800: 35.821: [GC (Allocation Failure) [PSYoungGen: 10740K->2195K(14336K)] 41499K->34723K(58368K), 0.0130377 secs] [Times: user=0.13 sys=0.01, real=0.02 secs] 
2026-06-17T09:48:12.356+0800: 35.857: [GC (Allocation Failure) [PSYoungGen: 9341K->2174K(14336K)] 41869K->34701K(58368K), 0.0079391 secs] [Times: user=0.08 sys=0.00, real=0.01 secs] 
2026-06-17T09:48:12.376+0800: 35.876: [GC (Allocation Failure) [PSYoungGen: 9164K->210K(13824K)] 41692K->34765K(57856K), 0.0093459 secs] [Times: user=0.08 sys=0.00, real=0.01 secs] 
2026-06-17T09:48:12.408+0800: 35.908: [GC (Allocation Failure) [PSYoungGen: 7327K->3568K(14336K)] 41883K->38310K(58368K), 0.0074443 secs] [Times: user=0.05 sys=0.00, real=0.01 secs] 
2026-06-17T09:48:12.439+0800: 35.939: [GC (Allocation Failure) [PSYoungGen: 10690K->1716K(14848K)] 45431K->38280K(58880K), 0.0071439 secs] [Times: user=0.02 sys=0.01, real=0.01 secs] 
2026-06-17T09:48:12.470+0800: 35.970: [GC (Allocation Failure) [PSYoungGen: 9879K->1400K(14848K)] 46443K->39544K(58880K), 0.0131825 secs] [Times: user=0.13 sys=0.00, real=0.02 secs] 
2026-06-17T09:48:12.506+0800: 36.007: [GC (Allocation Failure) [PSYoungGen: 9580K->3053K(15360K)] 47724K->41197K(59392K), 0.0128945 secs] [Times: user=0.11 sys=0.01, real=0.01 secs] 
2026-06-17T09:48:12.532+0800: 36.032: [GC (Allocation Failure) [PSYoungGen: 11637K->1713K(14848K)] 49781K->42779K(58880K), 0.0119606 secs] [Times: user=0.12 sys=0.00, real=0.01 secs] 
2026-06-17T09:48:12.545+0800: 36.046: [Full GC (Ergonomics) [PSYoungGen: 1713K->0K(14848K)] [ParOldGen: 41066K->29176K(44032K)] 42779K->29176K(58880K), [Metaspace: 2709K->2709K(1056768K)], 0.0106567 secs] [Times: user=0.09 sys=0.00, real=0.01 secs] 
2026-06-17T09:48:12.589+0800: 36.089: [GC (Allocation Failure) [PSYoungGen: 8693K->1663K(15360K)] 37869K->30840K(59392K), 0.0108360 secs] [Times: user=0.12 sys=0.00, real=0.01 secs] 
2026-06-17T09:48:12.623+0800: 36.123: [GC (Allocation Failure) [PSYoungGen: 10879K->3880K(15360K)] 40056K->33348K(59392K), 0.0081302 secs] [Times: user=0.05 sys=0.01, real=0.01 secs] 
2026-06-17T09:48:12.655+0800: 36.155: [GC (Allocation Failure) [PSYoungGen: 13056K->4326K(14336K)] 42524K->35658K(58368K), 0.0067902 secs] [Times: user=0.02 sys=0.00, real=0.01 secs] 
2026-06-17T09:48:12.686+0800: 36.186: [GC (Allocation Failure) [PSYoungGen: 12304K->32K(14848K)] 43637K->33226K(58880K), 0.0080040 secs] [Times: user=0.04 sys=0.00, real=0.01 secs] 
2026-06-17T09:48:12.718+0800: 36.218: [GC (Allocation Failure) [PSYoungGen: 8222K->4685K(13824K)] 41416K->37887K(57856K), 0.0068906 secs] [Times: user=0.04 sys=0.00, real=0.01 secs] 
2026-06-17T09:48:12.748+0800: 36.248: [GC (Allocation Failure) [PSYoungGen: 11829K->3469K(14336K)] 45031K->38423K(58368K), 0.0140952 secs] [Times: user=0.13 sys=0.00, real=0.02 secs] 
2026-06-17T09:48:12.775+0800: 36.275: [GC (Allocation Failure) [PSYoungGen: 9542K->0K(13824K)] 44496K->36972K(57856K), 0.0136224 secs] [Times: user=0.15 sys=0.00, real=0.01 secs] 
2026-06-17T09:48:12.811+0800: 36.312: [GC (Allocation Failure) [PSYoungGen: 7149K->3534K(14336K)] 44121K->40506K(58368K), 0.0096564 secs] [Times: user=0.07 sys=0.00, real=0.00 secs] 
2026-06-17T09:48:12.845+0800: 36.345: [GC (Allocation Failure) [PSYoungGen: 10695K->570K(14848K)] 47668K->41020K(58880K), 0.0073014 secs] [Times: user=0.03 sys=0.01, real=0.01 secs] 
2026-06-17T09:48:12.854+0800: 36.354: [Full GC (Ergonomics) [PSYoungGen: 570K->0K(14848K)] [ParOldGen: 40450K->30446K(44032K)] 41020K->30446K(58880K), [Metaspace: 2709K->2709K(1056768K)], 0.0107237 secs] [Times: user=0.06 sys=0.01, real=0.01 secs] 
2026-06-17T09:48:12.877+0800: 36.377: [GC (Allocation Failure) [PSYoungGen: 7678K->6652K(14336K)] 38125K->38198K(58368K), 0.0059593 secs] [Times: user=0.03 sys=0.00, real=0.01 secs] 
2026-06-17T09:48:12.906+0800: 36.406: [GC (Allocation Failure) [PSYoungGen: 14310K->3609K(14336K)] 45857K->39322K(58368K), 0.0096771 secs] [Times: user=0.09 sys=0.01, real=0.01 secs] 
2026-06-17T09:48:12.939+0800: 36.439: [GC (Allocation Failure) [PSYoungGen: 10739K->3583K(14336K)] 46452K->39296K(58368K), 0.0060928 secs] [Times: user=0.04 sys=0.00, real=0.01 secs] 
2026-06-17T09:48:12.958+0800: 36.458: [GC (Allocation Failure) [PSYoungGen: 10726K->1637K(14336K)] 46439K->39679K(58368K), 0.0053042 secs] [Times: user=0.02 sys=0.00, real=0.01 secs] 
2026-06-17T09:48:12.986+0800: 36.486: [GC (Allocation Failure) [PSYoungGen: 8803K->3526K(14336K)] 46845K->43181K(58368K), 0.0061398 secs] [Times: user=0.03 sys=0.01, real=0.01 secs] 
2026-06-17T09:48:13.016+0800: 36.516: [GC (Allocation Failure) [PSYoungGen: 10678K->3944K(14336K)] 50334K->43739K(58368K), 0.0118212 secs] [Times: user=0.13 sys=0.00, real=0.01 secs] 
2026-06-17T09:48:13.050+0800: 36.550: [GC (Allocation Failure) [PSYoungGen: 11082K->1620K(14336K)] 50876K->43468K(58368K), 0.0126483 secs] [Times: user=0.14 sys=0.00, real=0.02 secs] 
2026-06-17T09:48:13.064+0800: 36.564: [Full GC (Ergonomics) [PSYoungGen: 1620K->0K(14336K)] [ParOldGen: 41847K->30109K(44032K)] 43468K->30109K(58368K), [Metaspace: 2709K->2709K(1056768K)], 0.0120694 secs] [Times: user=0.08 sys=0.02, real=0.01 secs] 
2026-06-17T09:48:13.088+0800: 36.589: [GC (Allocation Failure) [PSYoungGen: 7144K->3609K(14336K)] 37253K->33719K(58368K), 0.0109979 secs] [Times: user=0.09 sys=0.00, real=0.01 secs] 
2026-06-17T09:48:13.123+0800: 36.623: [GC (Allocation Failure) [PSYoungGen: 10772K->3685K(14336K)] 40881K->37362K(58368K), 0.0126130 secs] [Times: user=0.14 sys=0.00, real=0.01 secs] 
2026-06-17T09:48:13.159+0800: 36.659: [GC (Allocation Failure) [PSYoungGen: 10817K->2410K(14848K)] 44494K->37470K(58880K), 0.0069672 secs] [Times: user=0.03 sys=0.00, real=0.01 secs] 
2026-06-17T09:48:13.179+0800: 36.679: [GC (Allocation Failure) [PSYoungGen: 9993K->1218K(14336K)] 45054K->38414K(58368K), 0.0081968 secs] [Times: user=0.05 sys=0.01, real=0.01 secs] 
2026-06-17T09:48:13.209+0800: 36.709: [GC (Allocation Failure) [PSYoungGen: 8885K->4003K(14848K)] 46082K->42394K(58880K), 0.0082656 secs] [Times: user=0.09 sys=0.00, real=0.01 secs] 
2026-06-17T09:48:13.240+0800: 36.740: [GC (Allocation Failure) [PSYoungGen: 12194K->4294K(14848K)] 50585K->43545K(58880K), 0.0059405 secs] [Times: user=0.03 sys=0.00, real=0.01 secs] 
2026-06-17T09:48:13.269+0800: 36.769: [GC (Allocation Failure) [PSYoungGen: 12454K->3380K(14848K)] 51705K->44475K(58880K), 0.0069066 secs] [Times: user=0.03 sys=0.01, real=0.01 secs] 
2026-06-17T09:48:13.277+0800: 36.778: [Full GC (Ergonomics) [PSYoungGen: 3380K->0K(14848K)] [ParOldGen: 41095K->24729K(44032K)] 44475K->24729K(58880K), [Metaspace: 2709K->2709K(1056768K)], 0.0111055 secs] [Times: user=0.06 sys=0.01, real=0.01 secs] 
2026-06-17T09:48:13.311+0800: 36.811: [GC (Allocation Failure) [PSYoungGen: 8190K->4707K(14848K)] 32919K->29436K(58880K), 0.0105651 secs] [Times: user=0.12 sys=0.00, real=0.01 secs] 
2026-06-17T09:48:13.345+0800: 36.845: [GC (Allocation Failure) [PSYoungGen: 12896K->3855K(14848K)] 37625K->30525K(58880K), 0.0055371 secs] [Times: user=0.02 sys=0.00, real=0.01 secs] 
2026-06-17T09:48:13.373+0800: 36.873: [GC (Allocation Failure) [PSYoungGen: 12043K->2960K(14848K)] 38712K->31505K(58880K), 0.0127519 secs] [Times: user=0.13 sys=0.01, real=0.01 secs] 
2026-06-17T09:48:13.409+0800: 36.909: [GC (Allocation Failure) [PSYoungGen: 11112K->4113K(14848K)] 39657K->32658K(58880K), 0.0107069 secs] [Times: user=0.09 sys=0.01, real=0.01 secs] 
2026-06-17T09:48:13.443+0800: 36.944: [GC (Allocation Failure) [PSYoungGen: 12292K->1949K(14848K)] 40837K->33825K(58880K), 0.0133560 secs] [Times: user=0.13 sys=0.00, real=0.01 secs] 
2026-06-17T09:48:13.480+0800: 36.980: [GC (Allocation Failure) [PSYoungGen: 10089K->1282K(14848K)] 41966K->34995K(58880K), 0.0109976 secs] [Times: user=0.09 sys=0.01, real=0.02 secs] 
2026-06-17T09:48:13.515+0800: 37.015: [GC (Allocation Failure) [PSYoungGen: 9474K->2527K(14848K)] 43187K->36240K(58880K), 0.0060730 secs] [Times: user=0.04 sys=0.00, real=0.00 secs] 
2026-06-17T09:48:13.534+0800: 37.034: [GC (Allocation Failure) [PSYoungGen: 10663K->1764K(15360K)] 44376K->37364K(59392K), 0.0055209 secs] [Times: user=0.03 sys=0.00, real=0.00 secs] 
2026-06-17T09:48:13.574+0800: 37.074: [GC (Allocation Failure) [PSYoungGen: 10939K->2091K(15360K)] 46540K->39432K(59392K), 0.0080706 secs] [Times: user=0.07 sys=0.00, real=0.01 secs] 
2026-06-17T09:48:13.606+0800: 37.106: [GC (Allocation Failure) [PSYoungGen: 11272K->4566K(15360K)] 48613K->42068K(59392K), 0.0136959 secs] [Times: user=0.13 sys=0.01, real=0.01 secs] 
2026-06-17T09:48:13.643+0800: 37.144: [GC (Allocation Failure) [PSYoungGen: 13782K->5014K(14336K)] 51284K->44300K(58368K), 0.0110712 secs] [Times: user=0.08 sys=0.01, real=0.01 secs] 
2026-06-17T09:48:13.679+0800: 37.179: [GC (Allocation Failure) [PSYoungGen: 14151K->1768K(14848K)] 53437K->42897K(58880K), 0.0102115 secs] [Times: user=0.10 sys=0.01, real=0.01 secs] 
2026-06-17T09:48:13.691+0800: 37.191: [Full GC (Ergonomics) [PSYoungGen: 1768K->0K(14848K)] [ParOldGen: 41129K->29332K(44032K)] 42897K->29332K(58880K), [Metaspace: 2709K->2709K(1056768K)], 0.0106060 secs] [Times: user=0.06 sys=0.00, real=0.00 secs] 
2026-06-17T09:48:13.724+0800: 37.225: [GC (Allocation Failure) [PSYoungGen: 8152K->4654K(13312K)] 37485K->33987K(57344K), 0.0120740 secs] [Times: user=0.10 sys=0.00, real=0.01 secs] 
2026-06-17T09:48:13.760+0800: 37.260: [GC (Allocation Failure) [PSYoungGen: 12807K->4398K(14336K)] 42140K->34850K(58368K), 0.0147673 secs] [Times: user=0.14 sys=0.00, real=0.02 secs] 
2026-06-17T09:48:13.798+0800: 37.298: [GC (Allocation Failure) [PSYoungGen: 11555K->3067K(14336K)] 42007K->35390K(58368K), 0.0076092 secs] [Times: user=0.04 sys=0.00, real=0.01 secs] 
2026-06-17T09:48:13.829+0800: 37.329: [GC (Allocation Failure) [PSYoungGen: 10190K->2917K(14848K)] 42513K->35240K(58880K), 0.0101795 secs] [Times: user=0.09 sys=0.01, real=0.01 secs] 
2026-06-17T09:48:13.862+0800: 37.362: [GC (Allocation Failure) [PSYoungGen: 11069K->2427K(14848K)] 43393K->36433K(58880K), 0.0111134 secs] [Times: user=0.10 sys=0.00, real=0.02 secs] 
2026-06-17T09:48:13.896+0800: 37.397: [GC (Allocation Failure) [PSYoungGen: 10604K->1256K(15360K)] 44610K->37514K(59392K), 0.0127507 secs] [Times: user=0.12 sys=0.00, real=0.01 secs] 
2026-06-17T09:48:13.932+0800: 37.433: [GC (Allocation Failure) [PSYoungGen: 10427K->3917K(13312K)] 46685K->40176K(57344K), 0.0073153 secs] [Times: user=0.03 sys=0.00, real=0.00 secs] 
2026-06-17T09:48:13.964+0800: 37.464: [GC (Allocation Failure) [PSYoungGen: 13091K->4513K(14848K)] 49350K->42662K(58880K), 0.0096021 secs] [Times: user=0.09 sys=0.01, real=0.01 secs] 
2026-06-17T09:48:13.996+0800: 37.496: [GC (Allocation Failure) [PSYoungGen: 12675K->3737K(14848K)] 50824K->44011K(58880K), 0.0103531 secs] [Times: user=0.09 sys=0.01, real=0.01 secs] 
2026-06-17T09:48:14.030+0800: 37.530: [GC (Allocation Failure) [PSYoungGen: 11902K->4326K(14848K)] 52177K->45377K(58880K), 0.0104270 secs] [Times: user=0.09 sys=0.00, real=0.01 secs] 
2026-06-17T09:48:14.042+0800: 37.542: [Full GC (Ergonomics) [PSYoungGen: 4326K->0K(14848K)] [ParOldGen: 41051K->26549K(44032K)] 45377K->26549K(58880K), [Metaspace: 2709K->2709K(1056768K)], 0.0093686 secs] [Times: user=0.04 sys=0.01, real=0.02 secs] 
2026-06-17T09:48:14.074+0800: 37.574: [GC (Allocation Failure) [PSYoungGen: 8148K->4385K(14848K)] 34698K->30935K(58880K), 0.0107201 secs] [Times: user=0.12 sys=0.00, real=0.01 secs] 
2026-06-17T09:48:14.108+0800: 37.608: [GC (Allocation Failure) [PSYoungGen: 12520K->2144K(14848K)] 39069K->32074K(58880K), 0.0077644 secs] [Times: user=0.05 sys=0.01, real=0.01 secs] 
2026-06-17T09:48:14.139+0800: 37.639: [GC (Allocation Failure) [PSYoungGen: 10329K->3443K(14848K)] 40258K->33372K(58880K), 0.0113340 secs] [Times: user=0.12 sys=0.00, real=0.02 secs] 
2026-06-17T09:48:14.174+0800: 37.674: [GC (Allocation Failure) [PSYoungGen: 11631K->2798K(15360K)] 41560K->34857K(59392K), 0.0088596 secs] [Times: user=0.07 sys=0.01, real=0.01 secs] 
2026-06-17T09:48:14.206+0800: 37.706: [GC (Allocation Failure) [PSYoungGen: 11993K->3007K(15360K)] 44053K->36987K(59392K), 0.0094269 secs] [Times: user=0.09 sys=0.00, real=0.01 secs] 
2026-06-17T09:48:14.249+0800: 37.749: [GC (Allocation Failure) [PSYoungGen: 12195K->1944K(15360K)] 46175K->35924K(59392K), 0.0065650 secs] [Times: user=0.02 sys=0.01, real=0.01 secs] 
2026-06-17T09:48:14.268+0800: 37.768: [GC (Allocation Failure) [PSYoungGen: 11153K->6127K(15360K)] 45133K->41963K(59392K), 0.0117851 secs] [Times: user=0.10 sys=0.01, real=0.01 secs] 
2026-06-17T09:48:14.303+0800: 37.803: [GC (Allocation Failure) [PSYoungGen: 15299K->1610K(14336K)] 51136K->40309K(58368K), 0.0132994 secs] [Times: user=0.13 sys=0.00, real=0.01 secs] 
2026-06-17T09:48:14.350+0800: 37.850: [GC (Allocation Failure) [PSYoungGen: 9802K->1368K(14848K)] 48501K->41622K(58880K), 0.0105222 secs] [Times: user=0.10 sys=0.01, real=0.01 secs] 
2026-06-17T09:48:14.372+0800: 37.873: [GC (Allocation Failure) [PSYoungGen: 9560K->5372K(13824K)] 49814K->46092K(57856K), 0.0078731 secs] [Times: user=0.08 sys=0.00, real=0.00 secs] 
2026-06-17T09:48:14.381+0800: 37.881: [Full GC (Ergonomics) [PSYoungGen: 5372K->0K(13824K)] [ParOldGen: 40719K->32816K(44032K)] 46092K->32816K(57856K), [Metaspace: 2709K->2709K(1056768K)], 0.0091497 secs] [Times: user=0.07 sys=0.00, real=0.02 secs] 
2026-06-17T09:48:14.413+0800: 37.913: [GC (Allocation Failure) [PSYoungGen: 7139K->3557K(14336K)] 39955K->36373K(58368K), 0.0095534 secs] [Times: user=0.09 sys=0.01, real=0.01 secs] 
2026-06-17T09:48:14.445+0800: 37.945: [GC (Allocation Failure) [PSYoungGen: 10686K->3326K(14848K)] 43503K->36403K(58880K), 0.0106671 secs] [Times: user=0.10 sys=0.01, real=0.01 secs] 
2026-06-17T09:48:14.469+0800: 37.969: [GC (Allocation Failure) [PSYoungGen: 10912K->1467K(14336K)] 43988K->36761K(58368K), 0.0086212 secs] [Times: user=0.07 sys=0.00, real=0.01 secs] 
2026-06-17T09:48:14.511+0800: 38.011: [GC (Allocation Failure) [PSYoungGen: 9145K->973K(14848K)] 44439K->37710K(58880K), 0.0159313 secs] [Times: user=0.12 sys=0.01, real=0.01 secs] 
2026-06-17T09:48:14.545+0800: 38.045: [GC (Allocation Failure) [PSYoungGen: 9158K->5081K(13312K)] 45896K->42470K(57344K), 0.0123142 secs] [Times: user=0.13 sys=0.00, real=0.01 secs] 
2026-06-17T09:48:14.581+0800: 38.081: [GC (Allocation Failure) [PSYoungGen: 13158K->905K(14336K)] 50548K->40360K(58368K), 0.0097438 secs] [Times: user=0.07 sys=0.00, real=0.02 secs] 
2026-06-17T09:48:14.614+0800: 38.114: [GC (Allocation Failure) [PSYoungGen: 8067K->3745K(14336K)] 47522K->44081K(58368K), 0.0115895 secs] [Times: user=0.10 sys=0.01, real=0.01 secs] 
2026-06-17T09:48:14.638+0800: 38.138: [GC (Allocation Failure) [PSYoungGen: 10693K->1049K(14336K)] 51029K->43672K(58368K), 0.0068925 secs] [Times: user=0.07 sys=0.00, real=0.01 secs] 
2026-06-17T09:48:14.646+0800: 38.146: [Full GC (Ergonomics) [PSYoungGen: 1049K->0K(14336K)] [ParOldGen: 42623K->23905K(44032K)] 43672K->23905K(58368K), [Metaspace: 2709K->2709K(1056768K)], 0.0091751 secs] [Times: user=0.05 sys=0.01, real=0.01 secs] 
2026-06-17T09:48:14.678+0800: 38.178: [GC (Allocation Failure) [PSYoungGen: 7150K->3783K(14336K)] 31055K->27688K(58368K), 0.0097969 secs] [Times: user=0.10 sys=0.00, real=0.01 secs] 
2026-06-17T09:48:14.711+0800: 38.211: [GC (Allocation Failure) [PSYoungGen: 10936K->3277K(14848K)] 34842K->28167K(58880K), 0.0074530 secs] [Times: user=0.04 sys=0.01, real=0.00 secs] 
2026-06-17T09:48:14.742+0800: 38.242: [GC (Allocation Failure) [PSYoungGen: 10925K->2004K(14336K)] 35814K->29004K(58368K), 0.0152204 secs] [Times: user=0.13 sys=0.00, real=0.02 secs] 
2026-06-17T09:48:14.780+0800: 38.280: [GC (Allocation Failure) [PSYoungGen: 9653K->3012K(15360K)] 36652K->30012K(59392K), 0.0109984 secs] [Times: user=0.10 sys=0.01, real=0.02 secs] 
2026-06-17T09:48:14.814+0800: 38.314: [GC (Allocation Failure) [PSYoungGen: 11712K->2381K(14848K)] 38712K->31570K(58880K), 0.0094995 secs] [Times: user=0.09 sys=0.00, real=0.01 secs] 
2026-06-17T09:48:14.847+0800: 38.347: [GC (Allocation Failure) [PSYoungGen: 11073K->2708K(15872K)] 40262K->33645K(59904K), 0.0142224 secs] [Times: user=0.14 sys=0.00, real=0.01 secs] 
2026-06-17T09:48:14.885+0800: 38.385: [GC (Allocation Failure) [PSYoungGen: 12425K->5577K(15360K)] 43362K->36574K(59392K), 0.0111361 secs] [Times: user=0.12 sys=0.01, real=0.01 secs] 
2026-06-17T09:48:14.930+0800: 38.430: [GC (Allocation Failure) [PSYoungGen: 15296K->1902K(15360K)] 46293K->35982K(59392K), 0.0095897 secs] [Times: user=0.07 sys=0.00, real=0.01 secs] 
2026-06-17T09:48:14.964+0800: 38.464: [GC (Allocation Failure) [PSYoungGen: 11092K->2686K(15360K)] 45172K->38289K(59392K), 0.0128962 secs] [Times: user=0.13 sys=0.01, real=0.01 secs] 
2026-06-17T09:48:15.001+0800: 38.501: [GC (Allocation Failure) [PSYoungGen: 11759K->32K(15360K)] 47363K->37571K(59392K), 0.0098655 secs] [Times: user=0.07 sys=0.00, real=0.02 secs] 
2026-06-17T09:48:15.044+0800: 38.545: [GC (Allocation Failure) [PSYoungGen: 9245K->2078K(15360K)] 46785K->39625K(59392K), 0.0076421 secs] [Times: user=0.06 sys=0.01, real=0.01 secs] 
2026-06-17T09:48:15.075+0800: 38.576: [GC (Allocation Failure) [PSYoungGen: 11283K->3106K(15360K)] 48830K->42262K(59392K), 0.0113845 secs] [Times: user=0.12 sys=0.00, real=0.01 secs] 
2026-06-17T09:48:15.111+0800: 38.611: [GC (Allocation Failure) [PSYoungGen: 12318K->3474K(15360K)] 51473K->44679K(59392K), 0.0102248 secs] [Times: user=0.08 sys=0.00, real=0.00 secs] 
2026-06-17T09:48:15.123+0800: 38.623: [Full GC (Ergonomics) [PSYoungGen: 3474K->0K(15360K)] [ParOldGen: 41204K->24103K(44032K)] 44679K->24103K(59392K), [Metaspace: 2709K->2709K(1056768K)], 0.0096295 secs] [Times: user=0.06 sys=0.00, real=0.01 secs] 
2026-06-17T09:48:15.155+0800: 38.655: [GC (Allocation Failure) [PSYoungGen: 9140K->2066K(15872K)] 33244K->26170K(59904K), 0.0101393 secs] [Times: user=0.09 sys=0.00, real=0.01 secs] 
2026-06-17T09:48:15.189+0800: 38.689: [GC (Allocation Failure) [PSYoungGen: 11775K->5622K(15360K)] 35878K->32326K(59392K), 0.0058598 secs] [Times: user=0.03 sys=0.00, real=0.01 secs] 
2026-06-17T09:48:15.228+0800: 38.729: [GC (Allocation Failure) [PSYoungGen: 15335K->2905K(13312K)] 42039K->32035K(57344K), 0.0053570 secs] [Times: user=0.03 sys=0.01, real=0.01 secs] 
2026-06-17T09:48:15.246+0800: 38.746: [GC (Allocation Failure) [PSYoungGen: 9877K->706K(14336K)] 39007K->31689K(58368K), 0.0068403 secs] [Times: user=0.04 sys=0.00, real=0.01 secs] 
2026-06-17T09:48:15.275+0800: 38.776: [GC (Allocation Failure) [PSYoungGen: 7870K->3465K(14336K)] 38854K->35131K(58368K), 0.0130203 secs] [Times: user=0.15 sys=0.00, real=0.01 secs] 
2026-06-17T09:48:15.301+0800: 38.801: [GC (Allocation Failure) [PSYoungGen: 10342K->2020K(14336K)] 42008K->34936K(58368K), 0.0117343 secs] [Times: user=0.13 sys=0.00, real=0.02 secs] 
2026-06-17T09:48:15.336+0800: 38.836: [GC (Allocation Failure) [PSYoungGen: 9160K->3583K(14848K)] 42076K->38495K(58880K), 0.0093788 secs] [Times: user=0.08 sys=0.00, real=0.01 secs] 
2026-06-17T09:48:15.368+0800: 38.868: [GC (Allocation Failure) [PSYoungGen: 11765K->4509K(12800K)] 46677K->39797K(56832K), 0.0086462 secs] [Times: user=0.08 sys=0.00, real=0.01 secs] 
2026-06-17T09:48:15.400+0800: 38.900: [GC (Allocation Failure) [PSYoungGen: 12682K->3607K(14848K)] 47970K->40764K(58880K), 0.0063913 secs] [Times: user=0.04 sys=0.01, real=0.01 secs] 
2026-06-17T09:48:15.430+0800: 38.930: [GC (Allocation Failure) [PSYoungGen: 11278K->4154K(14336K)] 48436K->41312K(58368K), 0.0130259 secs] [Times: user=0.09 sys=0.00, real=0.02 secs] 
2026-06-17T09:48:15.456+0800: 38.956: [GC (Allocation Failure) [PSYoungGen: 11644K->2622K(14848K)] 48801K->41574K(58880K), 0.0118731 secs] [Times: user=0.10 sys=0.01, real=0.01 secs] 
2026-06-17T09:48:15.502+0800: 39.002: [GC (Allocation Failure) [PSYoungGen: 10786K->1288K(14848K)] 49739K->42838K(58880K), 0.0106760 secs] [Times: user=0.11 sys=0.00, real=0.02 secs] 
2026-06-17T09:48:15.514+0800: 39.014: [Full GC (Ergonomics) [PSYoungGen: 1288K->0K(14848K)] [ParOldGen: 41550K->29295K(44032K)] 42838K->29295K(58880K), [Metaspace: 2709K->2709K(1056768K)], 0.0122833 secs] [Times: user=0.09 sys=0.00, real=0.01 secs] 
2026-06-17T09:48:15.538+0800: 39.039: [GC (Allocation Failure) [PSYoungGen: 8139K->6649K(13824K)] 37435K->37487K(57856K), 0.0101743 secs] [Times: user=0.13 sys=0.00, real=0.01 secs] 
2026-06-17T09:48:15.571+0800: 39.071: [GC (Allocation Failure) [PSYoungGen: 13765K->32K(14336K)] 44603K->35424K(58368K), 0.0096213 secs] [Times: user=0.08 sys=0.01, real=0.00 secs] 
2026-06-17T09:48:15.603+0800: 39.103: [GC (Allocation Failure) [PSYoungGen: 7190K->3948K(14336K)] 42582K->39349K(58368K), 0.0112739 secs] [Times: user=0.11 sys=0.00, real=0.01 secs] 
2026-06-17T09:48:15.638+0800: 39.138: [GC (Allocation Failure) [PSYoungGen: 11078K->2101K(14336K)] 46479K->39424K(58368K), 0.0112825 secs] [Times: user=0.10 sys=0.01, real=0.01 secs] 
2026-06-17T09:48:15.672+0800: 39.172: [GC (Allocation Failure) [PSYoungGen: 9268K->606K(14336K)] 46592K->39638K(58368K), 0.0085806 secs] [Times: user=0.07 sys=0.00, real=0.00 secs] 
2026-06-17T09:48:15.692+0800: 39.193: [GC (Allocation Failure) [PSYoungGen: 7756K->4300K(14336K)] 46788K->43333K(58368K), 0.0107965 secs] [Times: user=0.11 sys=0.01, real=0.01 secs] 
2026-06-17T09:48:15.727+0800: 39.227: [GC (Allocation Failure) [PSYoungGen: 11468K->2616K(14336K)] 50501K->43586K(58368K), 0.0109251 secs] [Times: user=0.10 sys=0.00, real=0.01 secs] 
2026-06-17T09:48:15.739+0800: 39.239: [Full GC (Ergonomics) [PSYoungGen: 2616K->0K(14336K)] [ParOldGen: 40969K->29888K(44032K)] 43586K->29888K(58368K), [Metaspace: 2709K->2709K(1056768K)], 0.0090790 secs] [Times: user=0.06 sys=0.00, real=0.01 secs] 
2026-06-17T09:48:15.760+0800: 39.260: [GC (Allocation Failure) [PSYoungGen: 6718K->3267K(14336K)] 36606K->33155K(58368K), 0.0085675 secs] [Times: user=0.07 sys=0.00, real=0.01 secs] 
2026-06-17T09:48:15.792+0800: 39.292: [GC (Allocation Failure) [PSYoungGen: 10429K->3713K(14336K)] 40317K->36842K(58368K), 0.0075815 secs] [Times: user=0.04 sys=0.00, real=0.00 secs] 
2026-06-17T09:48:15.823+0800: 39.324: [GC (Allocation Failure) [PSYoungGen: 10853K->2934K(14336K)] 43982K->36896K(58368K), 0.0069940 secs] [Times: user=0.03 sys=0.01, real=0.01 secs] 
2026-06-17T09:48:15.843+0800: 39.344: [GC (Allocation Failure) [PSYoungGen: 10032K->1187K(14848K)] 43994K->36802K(58880K), 0.0065671 secs] [Times: user=0.04 sys=0.00, real=0.01 secs] 
2026-06-17T09:48:15.884+0800: 39.384: [GC (Allocation Failure) [PSYoungGen: 9338K->1274K(14848K)] 44954K->38053K(58880K), 0.0116419 secs] [Times: user=0.10 sys=0.00, real=0.01 secs] 
2026-06-17T09:48:15.909+0800: 39.409: [GC (Allocation Failure) [PSYoungGen: 9452K->5527K(13824K)] 46230K->43009K(57856K), 0.0120889 secs] [Times: user=0.12 sys=0.00, real=0.01 secs] 
2026-06-17T09:48:15.944+0800: 39.444: [GC (Allocation Failure) [PSYoungGen: 12666K->3462K(14336K)] 50148K->43465K(58368K), 0.0110927 secs] [Times: user=0.10 sys=0.01, real=0.01 secs] 
2026-06-17T09:48:15.979+0800: 39.479: [GC (Allocation Failure) [PSYoungGen: 10624K->3645K(14848K)] 50627K->43648K(58880K), 0.0095546 secs] [Times: user=0.08 sys=0.00, real=0.01 secs] 
2026-06-17T09:48:16.012+0800: 39.512: [GC (Allocation Failure) [PSYoungGen: 11309K->2750K(14336K)] 51312K->44760K(58368K), 0.0124209 secs] [Times: user=0.13 sys=0.00, real=0.01 secs] 
2026-06-17T09:48:16.027+0800: 39.527: [Full GC (Ergonomics) [PSYoungGen: 2750K->0K(14336K)] [ParOldGen: 42010K->30842K(44032K)] 44760K->30842K(58368K), [Metaspace: 2709K->2709K(1056768K)], 0.0113239 secs] [Times: user=0.07 sys=0.01, real=0.01 secs] 
2026-06-17T09:48:16.062+0800: 39.562: [GC (Allocation Failure) [PSYoungGen: 7647K->4330K(14848K)] 38490K->35173K(58880K), 0.0121418 secs] [Times: user=0.11 sys=0.00, real=0.02 secs] 
2026-06-17T09:48:16.087+0800: 39.587: [GC (Allocation Failure) [PSYoungGen: 12520K->6526K(14848K)] 43363K->40050K(58880K), 0.0118557 secs] [Times: user=0.09 sys=0.00, real=0.01 secs] 
2026-06-17T09:48:16.122+0800: 39.622: [GC (Allocation Failure) [PSYoungGen: 14650K->423K(13824K)] 48175K->37643K(57856K), 0.0121352 secs] [Times: user=0.12 sys=0.00, real=0.02 secs] 
2026-06-17T09:48:16.158+0800: 39.658: [GC (Allocation Failure) [PSYoungGen: 7582K->3774K(14336K)] 44802K->41362K(58368K), 0.0124685 secs] [Times: user=0.12 sys=0.01, real=0.02 secs] 
2026-06-17T09:48:16.183+0800: 39.683: [GC (Allocation Failure) [PSYoungGen: 10867K->1968K(14336K)] 48455K->41172K(58368K), 0.0111915 secs] [Times: user=0.11 sys=0.00, real=0.01 secs] 
2026-06-17T09:48:16.218+0800: 39.718: [GC (Allocation Failure) [PSYoungGen: 9101K->3824K(14336K)] 48305K->44972K(58368K), 0.0103867 secs] [Times: user=0.10 sys=0.00, real=0.01 secs] 
2026-06-17T09:48:16.230+0800: 39.730: [Full GC (Ergonomics) [PSYoungGen: 3824K->0K(14336K)] [ParOldGen: 41148K->26586K(44032K)] 44972K->26586K(58368K), [Metaspace: 2709K->2709K(1056768K)], 0.0117792 secs] [Times: user=0.08 sys=0.01, real=0.01 secs] 
2026-06-17T09:48:16.264+0800: 39.764: [GC (Allocation Failure) [PSYoungGen: 7126K->3678K(14336K)] 33713K->30264K(58368K), 0.0111419 secs] [Times: user=0.10 sys=0.00, real=0.01 secs] 
2026-06-17T09:48:16.299+0800: 39.799: [GC (Allocation Failure) [PSYoungGen: 10846K->1506K(14336K)] 37432K->30647K(58368K), 0.0133423 secs] [Times: user=0.12 sys=0.01, real=0.02 secs] 
2026-06-17T09:48:16.325+0800: 39.825: [GC (Allocation Failure) [PSYoungGen: 8660K->5178K(14336K)] 37802K->34319K(58368K), 0.0132052 secs] [Times: user=0.11 sys=0.00, real=0.01 secs] 
2026-06-17T09:48:16.361+0800: 39.861: [GC (Allocation Failure) [PSYoungGen: 12168K->32K(14336K)] 41309K->31088K(58368K), 0.0083014 secs] [Times: user=0.08 sys=0.00, real=0.01 secs] 
2026-06-17T09:48:16.392+0800: 39.892: [GC (Allocation Failure) [PSYoungGen: 7140K->3822K(14336K)] 38196K->34887K(58368K), 0.0068116 secs] [Times: user=0.03 sys=0.02, real=0.00 secs] 
2026-06-17T09:48:16.411+0800: 39.911: [GC (Allocation Failure) [PSYoungGen: 10746K->2183K(14336K)] 41811K->35117K(58368K), 0.0116954 secs] [Times: user=0.12 sys=0.00, real=0.01 secs] 
2026-06-17T09:48:16.446+0800: 39.946: [GC (Allocation Failure) [PSYoungGen: 9330K->3840K(14336K)] 42265K->38934K(58368K), 0.0119820 secs] [Times: user=0.09 sys=0.01, real=0.01 secs] 
2026-06-17T09:48:16.482+0800: 39.982: [GC (Allocation Failure) [PSYoungGen: 10997K->2794K(14336K)] 46091K->38929K(58368K), 0.0092249 secs] [Times: user=0.08 sys=0.00, real=0.02 secs] 
2026-06-17T09:48:16.514+0800: 40.014: [GC (Allocation Failure) [PSYoungGen: 9960K->1018K(14848K)] 46094K->39149K(58880K), 0.0083516 secs] [Times: user=0.06 sys=0.00, real=0.01 secs] 
2026-06-17T09:48:16.536+0800: 40.036: [GC (Allocation Failure) [PSYoungGen: 9180K->5629K(13824K)] 47311K->43760K(57856K), 0.0095069 secs] [Times: user=0.11 sys=0.00, real=0.01 secs] 
2026-06-17T09:48:16.568+0800: 40.069: [GC (Allocation Failure) [PSYoungGen: 13639K->667K(14336K)] 51770K->40866K(58368K), 0.0072621 secs] [Times: user=0.05 sys=0.00, real=0.01 secs] 
2026-06-17T09:48:16.599+0800: 40.099: [GC (Allocation Failure) [PSYoungGen: 7831K->3659K(14336K)] 48030K->44502K(58368K), 0.0123129 secs] [Times: user=0.13 sys=0.00, real=0.02 secs] 
2026-06-17T09:48:16.613+0800: 40.113: [Full GC (Ergonomics) [PSYoungGen: 3659K->0K(14336K)] [ParOldGen: 40842K->30847K(44032K)] 44502K->30847K(58368K), [Metaspace: 2709K->2709K(1056768K)], 0.0107730 secs] [Times: user=0.06 sys=0.01, real=0.01 secs] 
2026-06-17T09:48:16.649+0800: 40.149: [GC (Allocation Failure) [PSYoungGen: 7139K->3885K(14336K)] 37986K->34733K(58368K), 0.0047149 secs] [Times: user=0.04 sys=0.00, real=0.01 secs] 
2026-06-17T09:48:16.676+0800: 40.176: [GC (Allocation Failure) [PSYoungGen: 11051K->959K(14336K)] 41898K->34725K(58368K), 0.0040853 secs] [Times: user=0.02 sys=0.01, real=0.00 secs] 
2026-06-17T09:48:16.692+0800: 40.192: [GC (Allocation Failure) [PSYoungGen: 8098K->4632K(14336K)] 41864K->38397K(58368K), 0.0092903 secs] [Times: user=0.10 sys=0.00, real=0.00 secs] 
2026-06-17T09:48:16.724+0800: 40.224: [GC (Allocation Failure) [PSYoungGen: 11800K->2823K(14336K)] 45565K->38585K(58368K), 0.0056023 secs] [Times: user=0.03 sys=0.00, real=0.00 secs] 
2026-06-17T09:48:16.742+0800: 40.242: [GC (Allocation Failure) [PSYoungGen: 9975K->5529K(14336K)] 45737K->42245K(58368K), 0.0068699 secs] [Times: user=0.06 sys=0.00, real=0.01 secs] 
2026-06-17T09:48:16.772+0800: 40.272: [GC (Allocation Failure) [PSYoungGen: 12681K->3151K(14336K)] 49397K->42452K(58368K), 0.0055373 secs] [Times: user=0.03 sys=0.00, real=0.00 secs] 
2026-06-17T09:48:16.800+0800: 40.300: [GC (Allocation Failure) [PSYoungGen: 10319K->3725K(14336K)] 49620K->43026K(58368K), 0.0108185 secs] [Times: user=0.10 sys=0.00, real=0.02 secs] 
2026-06-17T09:48:16.834+0800: 40.334: [GC (Allocation Failure) [PSYoungGen: 10893K->2207K(14336K)] 50194K->43229K(58368K), 0.0134926 secs] [Times: user=0.14 sys=0.00, real=0.01 secs] 
2026-06-17T09:48:16.849+0800: 40.350: [Full GC (Ergonomics) [PSYoungGen: 2207K->0K(14336K)] [ParOldGen: 41022K->29202K(44032K)] 43229K->29202K(58368K), [Metaspace: 2709K->2709K(1056768K)], 0.0156517 secs] [Times: user=0.15 sys=0.00, real=0.02 secs] 
2026-06-17T09:48:16.888+0800: 40.388: [GC (Allocation Failure) [PSYoungGen: 7156K->3631K(14848K)] 36358K->32833K(58880K), 0.0110619 secs] [Times: user=0.12 sys=0.00, real=0.01 secs] 
2026-06-17T09:48:16.921+0800: 40.421: [GC (Allocation Failure) [PSYoungGen: 11802K->2114K(14848K)] 41004K->34015K(58880K), 0.0045859 secs] [Times: user=0.04 sys=0.00, real=0.01 secs] 
2026-06-17T09:48:16.938+0800: 40.438: [GC (Allocation Failure) [PSYoungGen: 10294K->1682K(14848K)] 42195K->35139K(58880K), 0.0033996 secs] [Times: user=0.02 sys=0.00, real=0.00 secs] 
2026-06-17T09:48:16.973+0800: 40.473: [GC (Allocation Failure) [PSYoungGen: 9845K->969K(14848K)] 43302K->36084K(58880K), 0.0031389 secs] [Times: user=0.02 sys=0.00, real=0.00 secs] 
2026-06-17T09:48:16.988+0800: 40.488: [GC (Allocation Failure) [PSYoungGen: 9146K->4895K(13824K)] 44261K->40670K(57856K), 0.0026866 secs] [Times: user=0.02 sys=0.00, real=0.01 secs] 
2026-06-17T09:48:17.013+0800: 40.513: [GC (Allocation Failure) [PSYoungGen: 12057K->2129K(14336K)] 47832K->41202K(58368K), 0.0104957 secs] [Times: user=0.11 sys=0.00, real=0.01 secs] 
2026-06-17T09:48:17.045+0800: 40.545: [GC (Allocation Failure) [PSYoungGen: 9249K->2185K(14848K)] 48322K->41258K(58880K), 0.0106483 secs] [Times: user=0.11 sys=0.00, real=0.01 secs] 
2026-06-17T09:48:17.067+0800: 40.568: [GC (Allocation Failure) [PSYoungGen: 10149K->1215K(14848K)] 49222K->42287K(58880K), 0.0075696 secs] [Times: user=0.10 sys=0.00, real=0.01 secs] 
2026-06-17T09:48:17.076+0800: 40.576: [Full GC (Ergonomics) [PSYoungGen: 1215K->0K(14848K)] [ParOldGen: 41072K->29182K(44032K)] 42287K->29182K(58880K), [Metaspace: 2709K->2709K(1056768K)], 0.0104069 secs] [Times: user=0.10 sys=0.00, real=0.01 secs] 
2026-06-17T09:48:17.118+0800: 40.619: [GC (Allocation Failure) [PSYoungGen: 8146K->1552K(15360K)] 37329K->30735K(59392K), 0.0094024 secs] [Times: user=0.12 sys=0.00, real=0.01 secs] 
2026-06-17T09:48:17.150+0800: 40.650: [GC (Allocation Failure) [PSYoungGen: 10256K->2462K(14848K)] 39439K->32546K(58880K), 0.0040208 secs] [Times: user=0.03 sys=0.00, real=0.01 secs] 
2026-06-17T09:48:17.176+0800: 40.676: [GC (Allocation Failure) [PSYoungGen: 11161K->2590K(15872K)] 41245K->34509K(59904K), 0.0098160 secs] [Times: user=0.09 sys=0.00, real=0.01 secs] 
2026-06-17T09:48:17.208+0800: 40.708: [GC (Allocation Failure) [PSYoungGen: 12159K->32K(15360K)] 44078K->33623K(59392K), 0.0084996 secs] [Times: user=0.10 sys=0.01, real=0.01 secs] 
2026-06-17T09:48:17.239+0800: 40.739: [GC (Allocation Failure) [PSYoungGen: 8697K->1544K(15872K)] 42288K->35143K(59904K), 0.0070868 secs] [Times: user=0.08 sys=0.00, real=0.01 secs] 
2026-06-17T09:48:17.278+0800: 40.778: [GC (Allocation Failure) [PSYoungGen: 11731K->3505K(15872K)] 45331K->38648K(59904K), 0.0091121 secs] [Times: user=0.10 sys=0.01, real=0.01 secs] 
2026-06-17T09:48:17.310+0800: 40.810: [GC (Allocation Failure) [PSYoungGen: 13707K->3406K(15872K)] 48850K->41800K(59904K), 0.0034738 secs] [Times: user=0.02 sys=0.00, real=0.01 secs] 
2026-06-17T09:48:17.335+0800: 40.835: [GC (Allocation Failure) [PSYoungGen: 13481K->560K(15872K)] 51874K->41363K(59904K), 0.0121649 secs] [Times: user=0.13 sys=0.00, real=0.02 secs] 
2026-06-17T09:48:17.351+0800: 40.852: [Full GC (Ergonomics) [PSYoungGen: 560K->0K(15872K)] [ParOldGen: 40803K->31083K(44032K)] 41363K->31083K(59904K), [Metaspace: 2709K->2709K(1056768K)], 0.0074328 secs] [Times: user=0.07 sys=0.00, real=0.00 secs] 
2026-06-17T09:48:17.392+0800: 40.892: [GC (Allocation Failure) [PSYoungGen: 10226K->3095K(15872K)] 41309K->34178K(59904K), 0.0090542 secs] [Times: user=0.10 sys=0.00, real=0.00 secs] 
2026-06-17T09:48:17.422+0800: 40.923: [GC (Allocation Failure) [PSYoungGen: 13297K->4965K(15360K)] 44381K->37382K(59392K), 0.0088639 secs] [Times: user=0.10 sys=0.00, real=0.02 secs] 
2026-06-17T09:48:17.464+0800: 40.964: [GC (Allocation Failure) [PSYoungGen: 15178K->3078K(15360K)] 47595K->37236K(59392K), 0.0091728 secs] [Times: user=0.11 sys=0.00, real=0.01 secs] 
2026-06-17T09:48:17.495+0800: 40.995: [GC (Allocation Failure) [PSYoungGen: 12285K->3902K(15360K)] 46442K->39585K(59392K), 0.0087147 secs] [Times: user=0.10 sys=0.00, real=0.01 secs] 
2026-06-17T09:48:17.526+0800: 41.026: [GC (Allocation Failure) [PSYoungGen: 13111K->4349K(14336K)] 48794K->41932K(58368K), 0.0070665 secs] [Times: user=0.09 sys=0.00, real=0.01 secs] 
2026-06-17T09:48:17.555+0800: 41.055: [GC (Allocation Failure) [PSYoungGen: 12536K->4498K(14848K)] 50120K->43416K(58880K), 0.0080293 secs] [Times: user=0.09 sys=0.00, real=0.01 secs] 
2026-06-17T09:48:17.585+0800: 41.085: [GC (Allocation Failure) [PSYoungGen: 12678K->3845K(14848K)] 51596K->44668K(58880K), 0.0063348 secs] [Times: user=0.06 sys=0.00, real=0.01 secs] 
2026-06-17T09:48:17.614+0800: 41.114: [GC (Allocation Failure) [PSYoungGen: 11923K->32K(8704K)] 52745K->42468K(52736K), 0.0074927 secs] [Times: user=0.10 sys=0.00, real=0.00 secs] 
2026-06-17T09:48:17.622+0800: 41.122: [Full GC (Ergonomics) [PSYoungGen: 32K->0K(8704K)] [ParOldGen: 42436K->18254K(44032K)] 42468K->18254K(52736K), [Metaspace: 2709K->2709K(1056768K)], 0.0060335 secs] [Times: user=0.02 sys=0.00, real=0.01 secs] 
2026-06-17T09:48:17.650+0800: 41.150: [GC (Allocation Failure) [PSYoungGen: 8162K->4538K(14336K)] 26416K->22792K(58368K), 0.0077853 secs] [Times: user=0.10 sys=0.00, real=0.01 secs] 
2026-06-17T09:48:17.680+0800: 41.180: [GC (Allocation Failure) [PSYoungGen: 11703K->3297K(14336K)] 29958K->23325K(58368K), 0.0098075 secs] [Times: user=0.09 sys=0.00, real=0.02 secs] 
2026-06-17T09:48:17.712+0800: 41.212: [GC (Allocation Failure) [PSYoungGen: 10447K->1156K(14848K)] 30475K->23498K(58880K), 0.0076737 secs] [Times: user=0.08 sys=0.00, real=0.00 secs] 
2026-06-17T09:48:17.732+0800: 41.232: [GC (Allocation Failure) [PSYoungGen: 8799K->5318K(14336K)] 31142K->27660K(58368K), 0.0093428 secs] [Times: user=0.09 sys=0.00, real=0.00 secs] 
2026-06-17T09:48:17.763+0800: 41.263: [GC (Allocation Failure) [PSYoungGen: 12853K->32K(14336K)] 35196K->24410K(58368K), 0.0084699 secs] [Times: user=0.10 sys=0.00, real=0.01 secs] 
2026-06-17T09:48:17.793+0800: 41.293: [GC (Allocation Failure) [PSYoungGen: 7183K->3743K(14336K)] 31561K->28129K(58368K), 0.0036910 secs] [Times: user=0.02 sys=0.00, real=0.00 secs] 
2026-06-17T09:48:17.809+0800: 41.309: [GC (Allocation Failure) [PSYoungGen: 10802K->194K(14336K)] 35189K->28009K(58368K), 0.0098408 secs] [Times: user=0.12 sys=0.00, real=0.01 secs] 
2026-06-17T09:48:17.841+0800: 41.341: [GC (Allocation Failure) [PSYoungGen: 7348K->4115K(14336K)] 35164K->32100K(58368K), 0.0032453 secs] [Times: user=0.02 sys=0.00, real=0.01 secs] 
2026-06-17T09:48:17.866+0800: 41.366: [GC (Allocation Failure) [PSYoungGen: 11251K->3380K(14336K)] 39236K->32819K(58368K), 0.0113792 secs] [Times: user=0.15 sys=0.00, real=0.01 secs] 
2026-06-17T09:48:17.899+0800: 41.400: [GC (Allocation Failure) [PSYoungGen: 10525K->1050K(14336K)] 39964K->32331K(58368K), 0.0150600 secs] [Times: user=0.16 sys=0.01, real=0.02 secs] 
2026-06-17T09:48:17.926+0800: 41.427: [GC (Allocation Failure) [PSYoungGen: 8169K->4943K(14336K)] 39450K->36224K(58368K), 0.0083622 secs] [Times: user=0.10 sys=0.00, real=0.01 secs] 
2026-06-17T09:48:17.957+0800: 41.457: [GC (Allocation Failure) [PSYoungGen: 12106K->2942K(14336K)] 43387K->36281K(58368K), 0.0085816 secs] [Times: user=0.09 sys=0.00, real=0.01 secs] 
2026-06-17T09:48:17.987+0800: 41.487: [GC (Allocation Failure) [PSYoungGen: 10075K->3198K(14848K)] 43414K->36537K(58880K), 0.0038032 secs] [Times: user=0.03 sys=0.00, real=0.01 secs] 
2026-06-17T09:48:18.013+0800: 41.513: [GC (Allocation Failure) [PSYoungGen: 10838K->2073K(14336K)] 44177K->37165K(58368K), 0.0070639 secs] [Times: user=0.09 sys=0.00, real=0.00 secs] 
2026-06-17T09:48:18.032+0800: 41.532: [GC (Allocation Failure) [PSYoungGen: 8629K->0K(14848K)] 43722K->36612K(58880K), 0.0081121 secs] [Times: user=0.10 sys=0.00, real=0.00 secs] 
2026-06-17T09:48:18.062+0800: 41.562: [GC (Allocation Failure) [PSYoungGen: 8153K->4931K(13312K)] 44765K->41543K(57344K), 0.0074184 secs] [Times: user=0.09 sys=0.00, real=0.01 secs] 
2026-06-17T09:48:18.091+0800: 41.592: [GC (Allocation Failure) [PSYoungGen: 13084K->2758K(14848K)] 49696K->42575K(58880K), 0.0039719 secs] [Times: user=0.03 sys=0.00, real=0.00 secs] 
2026-06-17T09:48:18.117+0800: 41.618: [GC (Allocation Failure) [PSYoungGen: 10380K->3840K(14336K)] 50198K->43658K(58368K), 0.0108519 secs] [Times: user=0.09 sys=0.00, real=0.01 secs] 
2026-06-17T09:48:18.140+0800: 41.640: [GC (Allocation Failure) [PSYoungGen: 11424K->1850K(14848K)] 51241K->43797K(58880K), 0.0125773 secs] [Times: user=0.12 sys=0.00, real=0.02 secs] 
2026-06-17T09:48:18.154+0800: 41.654: [Full GC (Ergonomics) [PSYoungGen: 1850K->0K(14848K)] [ParOldGen: 41947K->25168K(44032K)] 43797K->25168K(58880K), [Metaspace: 2709K->2709K(1056768K)], 0.0122421 secs] [Times: user=0.15 sys=0.00, real=0.01 secs] 
2026-06-17T09:48:18.198+0800: 41.699: [GC (Allocation Failure) [PSYoungGen: 8142K->1212K(14848K)] 33311K->26380K(58880K), 0.0076140 secs] [Times: user=0.08 sys=0.00, real=0.01 secs] 
2026-06-17T09:48:18.228+0800: 41.728: [GC (Allocation Failure) [PSYoungGen: 9385K->2178K(15360K)] 34554K->27552K(59392K), 0.0074886 secs] [Times: user=0.09 sys=0.00, real=0.01 secs] 
2026-06-17T09:48:18.247+0800: 41.747: [GC (Allocation Failure) [PSYoungGen: 10533K->1449K(14848K)] 35907K->28852K(58880K), 0.0089572 secs] [Times: user=0.10 sys=0.00, real=0.01 secs] 
2026-06-17T09:48:18.288+0800: 41.788: [GC (Allocation Failure) [PSYoungGen: 10111K->1878K(15360K)] 37514K->30707K(59392K), 0.0076604 secs] [Times: user=0.08 sys=0.00, real=0.01 secs] 
2026-06-17T09:48:18.318+0800: 41.818: [GC (Allocation Failure) [PSYoungGen: 11094K->3561K(15360K)] 39923K->32885K(59392K), 0.0084369 secs] [Times: user=0.10 sys=0.01, real=0.01 secs] 
2026-06-17T09:48:18.349+0800: 41.849: [GC (Allocation Failure) [PSYoungGen: 12770K->3203K(15360K)] 42094K->35621K(59392K), 0.0063450 secs] [Times: user=0.07 sys=0.00, real=0.01 secs] 
2026-06-17T09:48:18.377+0800: 41.878: [GC (Allocation Failure) [PSYoungGen: 12410K->3154K(15360K)] 44828K->37740K(59392K), 0.0033055 secs] [Times: user=0.02 sys=0.00, real=0.00 secs] 
2026-06-17T09:48:18.413+0800: 41.913: [GC (Allocation Failure) [PSYoungGen: 12333K->2020K(15872K)] 46919K->36606K(59904K), 0.0065418 secs] [Times: user=0.07 sys=0.00, real=0.00 secs] 
2026-06-17T09:48:18.442+0800: 41.942: [GC (Allocation Failure) [PSYoungGen: 12241K->3614K(15872K)] 46827K->39659K(59904K), 0.0054458 secs] [Times: user=0.05 sys=0.00, real=0.01 secs] 
2026-06-17T09:48:18.469+0800: 41.970: [GC (Allocation Failure) [PSYoungGen: 13846K->4678K(14848K)] 49891K->42493K(58880K), 0.0055156 secs] [Times: user=0.06 sys=0.00, real=0.01 secs] 
2026-06-17T09:48:18.497+0800: 41.997: [GC (Allocation Failure) [PSYoungGen: 13663K->1305K(15360K)] 51477K->41167K(59392K), 0.0027968 secs] [Times: user=0.02 sys=0.00, real=0.00 secs] 
2026-06-17T09:48:18.532+0800: 42.032: [GC (Allocation Failure) [PSYoungGen: 10513K->2482K(15872K)] 50376K->43626K(59904K), 0.0131486 secs] [Times: user=0.11 sys=0.00, real=0.01 secs] 
2026-06-17T09:48:18.546+0800: 42.046: [Full GC (Ergonomics) [PSYoungGen: 2482K->0K(15872K)] [ParOldGen: 41143K->24758K(44032K)] 43626K->24758K(59904K), [Metaspace: 2709K->2709K(1056768K)], 0.0140879 secs] [Times: user=0.15 sys=0.00, real=0.01 secs] 
2026-06-17T09:48:18.582+0800: 42.082: [GC (Allocation Failure) [PSYoungGen: 9680K->5625K(15360K)] 34438K->31062K(59392K), 0.0088373 secs] [Times: user=0.11 sys=0.00, real=0.02 secs] 
2026-06-17T09:48:18.613+0800: 42.113: [GC (Allocation Failure) [PSYoungGen: 15321K->3820K(14336K)] 40759K->33578K(58368K), 0.0070842 secs] [Times: user=0.08 sys=0.00, real=0.00 secs] 
2026-06-17T09:48:18.643+0800: 42.143: [GC (Allocation Failure) [PSYoungGen: 12005K->3377K(14848K)] 41763K->34991K(58880K), 0.0053258 secs] [Times: user=0.04 sys=0.00, real=0.00 secs] 
2026-06-17T09:48:18.670+0800: 42.171: [GC (Allocation Failure) [PSYoungGen: 11568K->4476K(14848K)] 43182K->36090K(58880K), 0.0036744 secs] [Times: user=0.02 sys=0.01, real=0.01 secs] 
2026-06-17T09:48:18.696+0800: 42.196: [GC (Allocation Failure) [PSYoungGen: 12634K->4194K(14848K)] 44248K->37407K(58880K), 0.0069056 secs] [Times: user=0.08 sys=0.00, real=0.01 secs] 
2026-06-17T09:48:18.725+0800: 42.225: [GC (Allocation Failure) [PSYoungGen: 12274K->32K(13824K)] 45487K->35344K(57856K), 0.0084841 secs] [Times: user=0.10 sys=0.00, real=0.01 secs] 
2026-06-17T09:48:18.756+0800: 42.256: [GC (Allocation Failure) [PSYoungGen: 7144K->4087K(14336K)] 42457K->39408K(58368K), 0.0032422 secs] [Times: user=0.01 sys=0.00, real=0.00 secs] 
2026-06-17T09:48:18.781+0800: 42.281: [GC (Allocation Failure) [PSYoungGen: 11247K->2539K(14848K)] 46567K->39857K(58880K), 0.0095703 secs] [Times: user=0.09 sys=0.01, real=0.02 secs] 
2026-06-17T09:48:18.821+0800: 42.321: [GC (Allocation Failure) [PSYoungGen: 10164K->1371K(14336K)] 47482K->40543K(58368K), 0.0031127 secs] [Times: user=0.02 sys=0.00, real=0.01 secs] 
2026-06-17T09:48:18.836+0800: 42.336: [GC (Allocation Failure) [PSYoungGen: 9030K->4518K(13824K)] 48203K->44877K(57856K), 0.0069126 secs] [Times: user=0.07 sys=0.01, real=0.01 secs] 
2026-06-17T09:48:18.865+0800: 42.365: [GC (Allocation Failure) [PSYoungGen: 11664K->2452K(14336K)] 52022K->44768K(58368K), 0.0090374 secs] [Times: user=0.10 sys=0.00, real=0.01 secs] 
2026-06-17T09:48:18.875+0800: 42.376: [Full GC (Ergonomics) [PSYoungGen: 2452K->0K(14336K)] [ParOldGen: 42315K->25436K(44032K)] 44768K->25436K(58368K), [Metaspace: 2709K->2709K(1056768K)], 0.0068895 secs] [Times: user=0.05 sys=0.00, real=0.01 secs] 
2026-06-17T09:48:18.904+0800: 42.405: [GC (Allocation Failure) [PSYoungGen: 7136K->3859K(14848K)] 32573K->29296K(58880K), 0.0069309 secs] [Times: user=0.08 sys=0.00, real=0.01 secs] 
2026-06-17T09:48:18.923+0800: 42.423: [GC (Allocation Failure) [PSYoungGen: 11906K->1652K(14848K)] 37343K->30172K(58880K), 0.0023754 secs] [Times: user=0.02 sys=0.00, real=0.00 secs] 
2026-06-17T09:48:18.957+0800: 42.457: [GC (Allocation Failure) [PSYoungGen: 9841K->1270K(14848K)] 38361K->31418K(58880K), 0.0085886 secs] [Times: user=0.08 sys=0.01, real=0.01 secs] 
2026-06-17T09:48:18.978+0800: 42.478: [GC (Allocation Failure) [PSYoungGen: 9439K->5343K(13824K)] 39587K->35966K(57856K), 0.0091220 secs] [Times: user=0.10 sys=0.00, real=0.01 secs] 
2026-06-17T09:48:19.009+0800: 42.509: [GC (Allocation Failure) [PSYoungGen: 13207K->669K(14336K)] 43831K->33274K(58368K), 0.0032892 secs] [Times: user=0.02 sys=0.00, real=0.01 secs] 
2026-06-17T09:48:19.042+0800: 42.542: [GC (Allocation Failure) [PSYoungGen: 7811K->3559K(14336K)] 40417K->36810K(58368K), 0.0044800 secs] [Times: user=0.03 sys=0.00, real=0.01 secs] 
2026-06-17T09:48:19.069+0800: 42.569: [GC (Allocation Failure) [PSYoungGen: 10697K->2424K(14848K)] 43947K->36954K(58880K), 0.0038057 secs] [Times: user=0.03 sys=0.00, real=0.01 secs] 
2026-06-17T09:48:19.083+0800: 42.584: [GC (Allocation Failure) [PSYoungGen: 10093K->4925K(14336K)] 44622K->41166K(58368K), 0.0047281 secs] [Times: user=0.02 sys=0.00, real=0.00 secs] 
2026-06-17T09:48:19.111+0800: 42.611: [GC (Allocation Failure) [PSYoungGen: 12583K->3940K(14336K)] 48824K->41712K(58368K), 0.0038048 secs] [Times: user=0.02 sys=0.00, real=0.00 secs] 
2026-06-17T09:48:19.136+0800: 42.636: [GC (Allocation Failure) [PSYoungGen: 11068K->2135K(14336K)] 48840K->42067K(58368K), 0.0065417 secs] [Times: user=0.03 sys=0.00, real=0.01 secs] 
2026-06-17T09:48:19.164+0800: 42.664: [GC (Allocation Failure) [PSYoungGen: 9270K->2053K(14848K)] 49202K->41985K(58880K), 0.0035748 secs] [Times: user=0.02 sys=0.00, real=0.00 secs] 
2026-06-17T09:48:19.180+0800: 42.680: [GC (Allocation Failure) [PSYoungGen: 10131K->1683K(14848K)] 50063K->43243K(58880K), 0.0040545 secs] [Times: user=0.02 sys=0.00, real=0.01 secs] 
2026-06-17T09:48:19.185+0800: 42.685: [Full GC (Ergonomics) [PSYoungGen: 1683K->0K(14848K)] [ParOldGen: 41560K->29854K(44032K)] 43243K->29854K(58880K), [Metaspace: 2709K->2709K(1056768K)], 0.0145253 secs] [Times: user=0.13 sys=0.00, real=0.01 secs] 
2026-06-17T09:48:19.232+0800: 42.732: [GC (Allocation Failure) [PSYoungGen: 8155K->1419K(14848K)] 38009K->31273K(58880K), 0.0082686 secs] [Times: user=0.10 sys=0.00, real=0.00 secs] 
2026-06-17T09:48:19.262+0800: 42.762: [GC (Allocation Failure) [PSYoungGen: 9585K->2223K(14848K)] 39439K->32445K(58880K), 0.0033644 secs] [Times: user=0.02 sys=0.00, real=0.01 secs] 
2026-06-17T09:48:19.277+0800: 42.778: [GC (Allocation Failure) [PSYoungGen: 10408K->1313K(15360K)] 40630K->33378K(59392K), 0.0080080 secs] [Times: user=0.09 sys=0.00, real=0.01 secs] 
2026-06-17T09:48:19.317+0800: 42.817: [GC (Allocation Failure) [PSYoungGen: 10510K->2450K(15360K)] 42575K->35804K(59392K), 0.0046305 secs] [Times: user=0.05 sys=0.00, real=0.01 secs] 
2026-06-17T09:48:19.344+0800: 42.844: [GC (Allocation Failure) [PSYoungGen: 11620K->4198K(14848K)] 44975K->38359K(58880K), 0.0047805 secs] [Times: user=0.05 sys=0.00, real=0.00 secs] 
2026-06-17T09:48:19.371+0800: 42.871: [GC (Allocation Failure) [PSYoungGen: 13413K->3573K(15360K)] 47574K->40984K(59392K), 0.0076346 secs] [Times: user=0.09 sys=0.00, real=0.00 secs] 
2026-06-17T09:48:19.400+0800: 42.901: [GC (Allocation Failure) [PSYoungGen: 12707K->559K(15360K)] 50117K->39922K(59392K), 0.0029910 secs] [Times: user=0.01 sys=0.00, real=0.01 secs] 
2026-06-17T09:48:19.435+0800: 42.936: [GC (Allocation Failure) [PSYoungGen: 9770K->2235K(15360K)] 49133K->42133K(59392K), 0.0032374 secs] [Times: user=0.03 sys=0.00, real=0.00 secs] 
2026-06-17T09:48:19.461+0800: 42.961: [GC (Allocation Failure) [PSYoungGen: 11451K->3096K(15872K)] 51349K->44433K(59904K), 0.0035363 secs] [Times: user=0.01 sys=0.00, real=0.01 secs] 
2026-06-17T09:48:19.465+0800: 42.966: [Full GC (Ergonomics) [PSYoungGen: 3096K->0K(15872K)] [ParOldGen: 41336K->25227K(44032K)] 44433K->25227K(59904K), [Metaspace: 2709K->2709K(1056768K)], 0.0060279 secs] [Times: user=0.03 sys=0.01, real=0.01 secs] 
2026-06-17T09:48:19.493+0800: 42.993: [GC (Allocation Failure) [PSYoungGen: 10216K->5627K(15872K)] 35443K->32236K(59904K), 0.0097339 secs] [Times: user=0.12 sys=0.00, real=0.01 secs] 
2026-06-17T09:48:19.536+0800: 43.036: [GC (Allocation Failure) [PSYoungGen: 15834K->2523K(13824K)] 42442K->32712K(57856K), 0.0093574 secs] [Times: user=0.10 sys=0.00, real=0.01 secs] 
2026-06-17T09:48:19.567+0800: 43.067: [GC (Allocation Failure) [PSYoungGen: 10700K->1945K(14848K)] 40890K->34396K(58880K), 0.0076565 secs] [Times: user=0.09 sys=0.00, real=0.01 secs] 
2026-06-17T09:48:19.597+0800: 43.097: [GC (Allocation Failure) [PSYoungGen: 10136K->2170K(15360K)] 42587K->35718K(59392K), 0.0084934 secs] [Times: user=0.10 sys=0.00, real=0.01 secs] 
2026-06-17T09:48:19.628+0800: 43.128: [GC (Allocation Failure) [PSYoungGen: 10874K->2128K(14848K)] 44422K->37489K(58880K), 0.0072220 secs] [Times: user=0.07 sys=0.00, real=0.01 secs] 
2026-06-17T09:48:19.657+0800: 43.157: [GC (Allocation Failure) [PSYoungGen: 10817K->2071K(15360K)] 46177K->39231K(59392K), 0.0029864 secs] [Times: user=0.02 sys=0.00, real=0.00 secs] 
2026-06-17T09:48:19.682+0800: 43.182: [GC (Allocation Failure) [PSYoungGen: 11272K->4362K(15360K)] 48432K->41522K(59392K), 0.0289529 secs] [Times: user=0.28 sys=0.00, real=0.04 secs] 
2026-06-17T09:48:19.734+0800: 43.234: [GC (Allocation Failure) [PSYoungGen: 13539K->4734K(14336K)] 50699K->43828K(58368K), 0.0077212 secs] [Times: user=0.07 sys=0.00, real=0.00 secs] 
2026-06-17T09:48:19.764+0800: 43.264: [GC (Allocation Failure) [PSYoungGen: 12873K->32K(14848K)] 51966K->41283K(58880K), 0.0089078 secs] [Times: user=0.10 sys=0.00, real=0.01 secs] 
2026-06-17T09:48:19.774+0800: 43.274: [Full GC (Ergonomics) [PSYoungGen: 32K->0K(14848K)] [ParOldGen: 41251K->27573K(44032K)] 41283K->27573K(58880K), [Metaspace: 2709K->2709K(1056768K)], 0.0084373 secs] [Times: user=0.07 sys=0.01, real=0.01 secs] 
2026-06-17T09:48:19.805+0800: 43.305: [GC (Allocation Failure) [PSYoungGen: 8155K->4472K(13824K)] 35728K->32045K(57856K), 0.0092022 secs] [Times: user=0.12 sys=0.01, real=0.01 secs] 
2026-06-17T09:48:19.836+0800: 43.336: [GC (Allocation Failure) [PSYoungGen: 11597K->2985K(14336K)] 39170K->32494K(58368K), 0.0057002 secs] [Times: user=0.05 sys=0.00, real=0.00 secs] 
2026-06-17T09:48:19.854+0800: 43.354: [GC (Allocation Failure) [PSYoungGen: 10133K->4506K(13824K)] 39642K->36057K(57856K), 0.0085705 secs] [Times: user=0.10 sys=0.00, real=0.01 secs] 
2026-06-17T09:48:19.884+0800: 43.384: [GC (Allocation Failure) [PSYoungGen: 11673K->3533K(14336K)] 43224K->35993K(58368K), 0.0083129 secs] [Times: user=0.09 sys=0.00, real=0.01 secs] 
2026-06-17T09:48:19.915+0800: 43.415: [GC (Allocation Failure) [PSYoungGen: 10670K->1724K(14848K)] 43129K->36326K(58880K), 0.0121778 secs] [Times: user=0.05 sys=0.00, real=0.01 secs] 
2026-06-17T09:48:19.949+0800: 43.449: [GC (Allocation Failure) [PSYoungGen: 9916K->2854K(14848K)] 44518K->37456K(58880K), 0.0062490 secs] [Times: user=0.01 sys=0.00, real=0.01 secs] 
2026-06-17T09:48:19.977+0800: 43.477: [GC (Allocation Failure) [PSYoungGen: 11046K->2013K(15360K)] 45648K->38911K(59392K), 0.0073925 secs] [Times: user=0.03 sys=0.00, real=0.01 secs] 
2026-06-17T09:48:20.005+0800: 43.506: [GC (Allocation Failure) [PSYoungGen: 11218K->2418K(15360K)] 48116K->41080K(59392K), 0.0066559 secs] [Times: user=0.04 sys=0.00, real=0.01 secs] 
2026-06-17T09:48:20.033+0800: 43.533: [GC (Allocation Failure) [PSYoungGen: 11620K->4184K(15360K)] 50281K->42846K(59392K), 0.0041054 secs] [Times: user=0.02 sys=0.00, real=0.00 secs] 
2026-06-17T09:48:20.059+0800: 43.559: [GC (Allocation Failure) [PSYoungGen: 13378K->4349K(13824K)] 52039K->44830K(57856K), 0.0051596 secs] [Times: user=0.02 sys=0.00, real=0.01 secs] 
2026-06-17T09:48:20.086+0800: 43.586: [GC (Allocation Failure) [PSYoungGen: 13374K->1036K(14848K)] 53855K->43161K(58880K), 0.0034692 secs] [Times: user=0.01 sys=0.00, real=0.00 secs] 
2026-06-17T09:48:20.090+0800: 43.591: [Full GC (Ergonomics) [PSYoungGen: 1036K->0K(14848K)] [ParOldGen: 42125K->33010K(44032K)] 43161K->33010K(58880K), [Metaspace: 2709K->2709K(1056768K)], 0.0052626 secs] [Times: user=0.02 sys=0.00, real=0.01 secs] 
2026-06-17T09:48:20.117+0800: 43.618: [GC (Allocation Failure) [PSYoungGen: 8192K->4796K(14848K)] 41202K->37806K(58880K), 0.0096618 secs] [Times: user=0.11 sys=0.00, real=0.01 secs] 
2026-06-17T09:48:20.149+0800: 43.650: [GC (Allocation Failure) [PSYoungGen: 12971K->3548K(14848K)] 45981K->38781K(58880K), 0.0071256 secs] [Times: user=0.08 sys=0.00, real=0.01 secs] 
2026-06-17T09:48:20.179+0800: 43.679: [GC (Allocation Failure) [PSYoungGen: 11726K->2529K(14848K)] 46960K->39782K(58880K), 0.0046317 secs] [Times: user=0.04 sys=0.00, real=0.01 secs] 
2026-06-17T09:48:20.205+0800: 43.705: [GC (Allocation Failure) [PSYoungGen: 10702K->3698K(15360K)] 47954K->40951K(59392K), 0.0064946 secs] [Times: user=0.07 sys=0.00, real=0.01 secs] 
2026-06-17T09:48:20.234+0800: 43.734: [GC (Allocation Failure) [PSYoungGen: 12390K->3119K(14848K)] 49642K->42239K(58880K), 0.0060371 secs] [Times: user=0.06 sys=0.00, real=0.00 secs] 
2026-06-17T09:48:20.262+0800: 43.762: [GC (Allocation Failure) [PSYoungGen: 11799K->2873K(15872K)] 50919K->44166K(59904K), 0.0039468 secs] [Times: user=0.03 sys=0.00, real=0.01 secs] 
2026-06-17T09:48:20.267+0800: 43.767: [Full GC (Ergonomics) [PSYoungGen: 2873K->0K(15872K)] [ParOldGen: 41293K->28155K(44032K)] 44166K->28155K(59904K), [Metaspace: 2709K->2709K(1056768K)], 0.0086273 secs] [Times: user=0.07 sys=0.01, real=0.01 secs] 
2026-06-17T09:48:20.308+0800: 43.809: [GC (Allocation Failure) [PSYoungGen: 9707K->2848K(15360K)] 37863K->31003K(59392K), 0.0056033 secs] [Times: user=0.07 sys=0.00, real=0.01 secs] 
2026-06-17T09:48:20.337+0800: 43.837: [GC (Allocation Failure) [PSYoungGen: 12532K->2715K(15872K)] 40687K->33538K(59904K), 0.0064335 secs] [Times: user=0.07 sys=0.00, real=0.01 secs] 
2026-06-17T09:48:20.365+0800: 43.865: [GC (Allocation Failure) [PSYoungGen: 12894K->3840K(15872K)] 43717K->36471K(59904K), 0.0054611 secs] [Times: user=0.06 sys=0.00, real=0.01 secs] 
2026-06-17T09:48:20.393+0800: 43.893: [GC (Allocation Failure) [PSYoungGen: 14042K->505K(15872K)] 46673K->36306K(59904K), 0.0068301 secs] [Times: user=0.07 sys=0.00, real=0.00 secs] 
2026-06-17T09:48:20.432+0800: 43.932: [GC (Allocation Failure) [PSYoungGen: 10718K->3200K(15872K)] 46520K->39483K(59904K), 0.0074680 secs] [Times: user=0.10 sys=0.00, real=0.00 secs] 
2026-06-17T09:48:20.462+0800: 43.962: [GC (Allocation Failure) [PSYoungGen: 13420K->5538K(14848K)] 49703K->43030K(58880K), 0.0037686 secs] [Times: user=0.02 sys=0.00, real=0.01 secs] 
2026-06-17T09:48:20.488+0800: 43.988: [GC (Allocation Failure) [PSYoungGen: 14752K->5613K(14848K)] 52244K->44983K(58880K), 0.0134259 secs] [Times: user=0.11 sys=0.00, real=0.01 secs] 
2026-06-17T09:48:20.534+0800: 44.034: [GC (Allocation Failure) [PSYoungGen: 14812K->2079K(14848K)] 54182K->43709K(58880K), 0.0105499 secs] [Times: user=0.09 sys=0.00, real=0.01 secs] 
2026-06-17T09:48:20.546+0800: 44.046: [Full GC (Ergonomics) [PSYoungGen: 2079K->0K(14848K)] [ParOldGen: 41630K->20047K(44032K)] 43709K->20047K(58880K), [Metaspace: 2709K->2709K(1056768K)], 0.0115124 secs] [Times: user=0.11 sys=0.00, real=0.01 secs] 
2026-06-17T09:48:20.580+0800: 44.080: [GC (Allocation Failure) [PSYoungGen: 8179K->4878K(13312K)] 28227K->24926K(57344K), 0.0051806 secs] [Times: user=0.05 sys=0.00, real=0.01 secs] 
2026-06-17T09:48:20.607+0800: 44.107: [GC (Allocation Failure) [PSYoungGen: 13057K->3552K(14848K)] 33105K->26279K(58880K), 0.0041291 secs] [Times: user=0.04 sys=0.00, real=0.01 secs] 
2026-06-17T09:48:20.623+0800: 44.123: [GC (Allocation Failure) [PSYoungGen: 10927K->678K(14336K)] 33654K->26528K(58368K), 0.0040717 secs] [Times: user=0.03 sys=0.00, real=0.00 secs] 
2026-06-17T09:48:20.649+0800: 44.149: [GC (Allocation Failure) [PSYoungGen: 8325K->4318K(14336K)] 34175K->30822K(58368K), 0.0100179 secs] [Times: user=0.13 sys=0.00, real=0.01 secs] 
2026-06-17T09:48:20.681+0800: 44.182: [GC (Allocation Failure) [PSYoungGen: 11478K->3181K(14336K)] 37982K->31000K(58368K), 0.0056422 secs] [Times: user=0.06 sys=0.00, real=0.01 secs] 
2026-06-17T09:48:20.709+0800: 44.209: [GC (Allocation Failure) [PSYoungGen: 10312K->1864K(14848K)] 38130K->31024K(58880K), 0.0032316 secs] [Times: user=0.01 sys=0.00, real=0.01 secs] 
2026-06-17T09:48:20.734+0800: 44.234: [GC (Allocation Failure) [PSYoungGen: 10022K->2923K(14848K)] 39182K->32083K(58880K), 0.0116805 secs] [Times: user=0.14 sys=0.01, real=0.01 secs] 
2026-06-17T09:48:20.758+0800: 44.258: [GC (Allocation Failure) [PSYoungGen: 10765K->1854K(15360K)] 39926K->33147K(59392K), 0.0082492 secs] [Times: user=0.09 sys=0.00, real=0.01 secs] 
2026-06-17T09:48:20.799+0800: 44.299: [GC (Allocation Failure) [PSYoungGen: 11067K->2563K(15360K)] 42361K->35687K(59392K), 0.0099104 secs] [Times: user=0.12 sys=0.00, real=0.01 secs] 
2026-06-17T09:48:20.831+0800: 44.331: [GC (Allocation Failure) [PSYoungGen: 11754K->4539K(15360K)] 44878K->38015K(59392K), 0.0072445 secs] [Times: user=0.08 sys=0.00, real=0.00 secs] 
2026-06-17T09:48:20.860+0800: 44.360: [GC (Allocation Failure) [PSYoungGen: 13733K->4361K(13824K)] 47208K->39924K(57856K), 0.0064258 secs] [Times: user=0.07 sys=0.00, real=0.01 secs] 
2026-06-17T09:48:20.888+0800: 44.389: [GC (Allocation Failure) [PSYoungGen: 13569K->32K(14848K)] 49132K->38581K(58880K), 0.0085935 secs] [Times: user=0.10 sys=0.01, real=0.01 secs] 
2026-06-17T09:48:20.919+0800: 44.419: [GC (Allocation Failure) [PSYoungGen: 8202K->4979K(13312K)] 46751K->43537K(57344K), 0.0087818 secs] [Times: user=0.11 sys=0.00, real=0.01 secs] 
2026-06-17T09:48:20.950+0800: 44.450: [GC (Allocation Failure) [PSYoungGen: 13164K->4187K(14336K)] 51722K->44773K(58368K), 0.0051102 secs] [Times: user=0.04 sys=0.00, real=0.01 secs] 
2026-06-17T09:48:20.956+0800: 44.457: [Full GC (Ergonomics) [PSYoungGen: 4187K->0K(14336K)] [ParOldGen: 40586K->32040K(44032K)] 44773K->32040K(58368K), [Metaspace: 2709K->2709K(1056768K)], 0.0079045 secs] [Times: user=0.08 sys=0.00, real=0.01 secs] 
2026-06-17T09:48:20.986+0800: 44.486: [GC (Allocation Failure) [PSYoungGen: 7138K->3848K(14336K)] 39178K->35888K(58368K), 0.0045847 secs] [Times: user=0.05 sys=0.00, real=0.01 secs] 
2026-06-17T09:48:21.013+0800: 44.513: [GC (Allocation Failure) [PSYoungGen: 11014K->2579K(14848K)] 43054K->36116K(58880K), 0.0097849 secs] [Times: user=0.11 sys=0.01, real=0.01 secs] 
2026-06-17T09:48:21.034+0800: 44.534: [GC (Allocation Failure) [PSYoungGen: 10131K->912K(14336K)] 43668K->36624K(58368K), 0.0046962 secs] [Times: user=0.04 sys=0.00, real=0.00 secs] 
2026-06-17T09:48:21.061+0800: 44.561: [GC (Allocation Failure) [PSYoungGen: 8590K->4186K(13824K)] 44303K->40787K(57856K), 0.0064626 secs] [Times: user=0.07 sys=0.00, real=0.01 secs] 
2026-06-17T09:48:21.089+0800: 44.590: [GC (Allocation Failure) [PSYoungGen: 11310K->2869K(14336K)] 47911K->41098K(58368K), 0.0088533 secs] [Times: user=0.11 sys=0.00, real=0.01 secs] 
2026-06-17T09:48:21.110+0800: 44.610: [GC (Allocation Failure) [PSYoungGen: 9288K->0K(14848K)] 47517K->40073K(58880K), 0.0064722 secs] [Times: user=0.07 sys=0.00, real=0.01 secs] 
2026-06-17T09:48:21.139+0800: 44.639: [GC (Allocation Failure) [PSYoungGen: 8171K->4520K(12800K)] 48244K->44593K(56832K), 0.0029911 secs] [Times: user=0.01 sys=0.00, real=0.01 secs] 
2026-06-17T09:48:21.164+0800: 44.664: [GC (Allocation Failure) [PSYoungGen: 12690K->2887K(14848K)] 52763K->45672K(58880K), 0.0114797 secs] [Times: user=0.11 sys=0.00, real=0.01 secs] 
2026-06-17T09:48:21.177+0800: 44.677: [Full GC (Ergonomics) [PSYoungGen: 2887K->0K(14848K)] [ParOldGen: 42785K->33224K(44032K)] 45672K->33224K(58880K), [Metaspace: 2709K->2709K(1056768K)], 0.0153479 secs] [Times: user=0.14 sys=0.00, real=0.02 secs] 
2026-06-17T09:48:21.214+0800: 44.714: [GC (Allocation Failure) [PSYoungGen: 7645K->4180K(14336K)] 40869K->37405K(58368K), 0.0089509 secs] [Times: user=0.11 sys=0.01, real=0.01 secs] 
2026-06-17T09:48:21.245+0800: 44.745: [GC (Allocation Failure) [PSYoungGen: 11825K->2214K(14848K)] 45050K->38126K(58880K), 0.0040565 secs] [Times: user=0.03 sys=0.00, real=0.00 secs] 
2026-06-17T09:48:21.271+0800: 44.771: [GC (Allocation Failure) [PSYoungGen: 10402K->1355K(14848K)] 46315K->39333K(58880K), 0.0106055 secs] [Times: user=0.13 sys=0.00, real=0.00 secs] 
2026-06-17T09:48:21.304+0800: 44.804: [GC (Allocation Failure) [PSYoungGen: 9524K->2592K(15360K)] 47502K->40570K(59392K), 0.0035540 secs] [Times: user=0.02 sys=0.00, real=0.00 secs] 
2026-06-17T09:48:21.330+0800: 44.830: [GC (Allocation Failure) [PSYoungGen: 11245K->2000K(14848K)] 49223K->42230K(58880K), 0.0076986 secs] [Times: user=0.09 sys=0.00, real=0.01 secs] 
2026-06-17T09:48:21.359+0800: 44.859: [GC (Allocation Failure) [PSYoungGen: 10704K->2072K(15872K)] 50934K->44075K(59904K), 0.0034834 secs] [Times: user=0.03 sys=0.00, real=0.01 secs] 
2026-06-17T09:48:21.364+0800: 44.864: [Full GC (Ergonomics) [PSYoungGen: 2072K->0K(15872K)] [ParOldGen: 42003K->30144K(44032K)] 44075K->30144K(59904K), [Metaspace: 2709K->2709K(1056768K)], 0.0058943 secs] [Times: user=0.04 sys=0.00, real=0.00 secs] 
2026-06-17T09:48:21.392+0800: 44.892: [GC (Allocation Failure) [PSYoungGen: 9717K->5630K(15360K)] 39862K->36675K(59392K), 0.0065906 secs] [Times: user=0.08 sys=0.00, real=0.00 secs] 
2026-06-17T09:48:21.421+0800: 44.921: [GC (Allocation Failure) [PSYoungGen: 15327K->5032K(13312K)] 46372K->40247K(57344K), 0.0088969 secs] [Times: user=0.11 sys=0.00, real=0.01 secs] 
2026-06-17T09:48:21.452+0800: 44.952: [GC (Allocation Failure) [PSYoungGen: 12170K->205K(14336K)] 47385K->37290K(58368K), 0.0059198 secs] [Times: user=0.06 sys=0.00, real=0.00 secs] 
2026-06-17T09:48:21.480+0800: 44.980: [GC (Allocation Failure) [PSYoungGen: 7373K->3862K(14336K)] 44458K->41128K(58368K), 0.0035361 secs] [Times: user=0.02 sys=0.00, real=0.01 secs] 
2026-06-17T09:48:21.505+0800: 45.005: [GC (Allocation Failure) [PSYoungGen: 10989K->2343K(14336K)] 48255K->41515K(58368K), 0.0105520 secs] [Times: user=0.08 sys=0.00, real=0.01 secs] 
2026-06-17T09:48:21.537+0800: 45.038: [GC (Allocation Failure) [PSYoungGen: 9469K->514K(14336K)] 48642K->41798K(58368K), 0.0126732 secs] [Times: user=0.16 sys=0.00, real=0.02 secs] 
2026-06-17T09:48:21.551+0800: 45.051: [Full GC (Ergonomics) [PSYoungGen: 514K->0K(14336K)] [ParOldGen: 41284K->21004K(44032K)] 41798K->21004K(58368K), [Metaspace: 2710K->2710K(1056768K)], 0.0102326 secs] [Times: user=0.09 sys=0.00, real=0.00 secs] 
2026-06-17T09:48:21.574+0800: 45.074: [GC (Allocation Failure) [PSYoungGen: 7131K->7153K(14336K)] 28136K->28221K(58368K), 0.0041482 secs] [Times: user=0.02 sys=0.00, real=0.00 secs] 
2026-06-17T09:48:21.600+0800: 45.100: [GC (Allocation Failure) [PSYoungGen: 14313K->1817K(14336K)] 35381K->28078K(58368K), 0.0088414 secs] [Times: user=0.11 sys=0.00, real=0.01 secs] 
2026-06-17T09:48:21.631+0800: 45.131: [GC (Allocation Failure) [PSYoungGen: 8985K->2098K(14336K)] 35246K->28359K(58368K), 0.0080470 secs] [Times: user=0.10 sys=0.00, real=0.00 secs] 
2026-06-17T09:48:21.653+0800: 45.153: [GC (Allocation Failure) [PSYoungGen: 9246K->147K(14336K)] 35507K->28418K(58368K), 0.0074816 secs] [Times: user=0.08 sys=0.00, real=0.00 secs] 
2026-06-17T09:48:21.682+0800: 45.182: [GC (Allocation Failure) [PSYoungGen: 7310K->3828K(14336K)] 35581K->32222K(58368K), 0.0031153 secs] [Times: user=0.02 sys=0.00, real=0.01 secs] 
2026-06-17T09:48:21.697+0800: 45.197: [GC (Allocation Failure) [PSYoungGen: 10946K->1017K(14336K)] 39341K->32402K(58368K), 0.0028619 secs] [Times: user=0.01 sys=0.00, real=0.00 secs] 
2026-06-17T09:48:21.722+0800: 45.222: [GC (Allocation Failure) [PSYoungGen: 8128K->3717K(14336K)] 39513K->36095K(58368K), 0.0144310 secs] [Times: user=0.13 sys=0.00, real=0.02 secs] 
2026-06-17T09:48:21.759+0800: 45.259: [GC (Allocation Failure) [PSYoungGen: 10878K->2963K(14336K)] 43257K->36342K(58368K), 0.0110523 secs] [Times: user=0.11 sys=0.00, real=0.01 secs] 
2026-06-17T09:48:21.792+0800: 45.292: [GC (Allocation Failure) [PSYoungGen: 10130K->1525K(14336K)] 43509K->36629K(58368K), 0.0086517 secs] [Times: user=0.10 sys=0.00, real=0.00 secs] 
2026-06-17T09:48:21.823+0800: 45.323: [GC (Allocation Failure) [PSYoungGen: 8661K->2154K(14848K)] 43765K->37258K(58880K), 0.0076507 secs] [Times: user=0.09 sys=0.00, real=0.01 secs] 
2026-06-17T09:48:21.842+0800: 45.342: [GC (Allocation Failure) [PSYoungGen: 9708K->1429K(14336K)] 44812K->38122K(58368K), 0.0082630 secs] [Times: user=0.09 sys=0.01, real=0.02 secs] 
2026-06-17T09:48:21.883+0800: 45.383: [GC (Allocation Failure) [PSYoungGen: 9104K->753K(15360K)] 45797K->38851K(59392K), 0.0100599 secs] [Times: user=0.12 sys=0.00, real=0.01 secs] 
2026-06-17T09:48:21.915+0800: 45.415: [GC (Allocation Failure) [PSYoungGen: 9457K->2414K(14848K)] 47555K->40972K(58880K), 0.0030841 secs] [Times: user=0.01 sys=0.00, real=0.00 secs] 
2026-06-17T09:48:21.930+0800: 45.431: [GC (Allocation Failure) [PSYoungGen: 11017K->1819K(15872K)] 49575K->42572K(59904K), 0.0080094 secs] [Times: user=0.09 sys=0.00, real=0.01 secs] 
2026-06-17T09:48:21.939+0800: 45.440: [Full GC (Ergonomics) [PSYoungGen: 1819K->0K(15872K)] [ParOldGen: 40753K->29403K(44032K)] 42572K->29403K(59904K), [Metaspace: 2710K->2710K(1056768K)], 0.0070130 secs] [Times: user=0.06 sys=0.01, real=0.01 secs] 
2026-06-17T09:48:21.979+0800: 45.479: [GC (Allocation Failure) [PSYoungGen: 9715K->2800K(15360K)] 39119K->32204K(59392K), 0.0030319 secs] [Times: user=0.01 sys=0.00, real=0.00 secs] 
2026-06-17T09:48:22.004+0800: 45.504: [GC (Allocation Failure) [PSYoungGen: 12518K->4217K(14848K)] 41921K->35203K(58880K), 0.0062048 secs] [Times: user=0.07 sys=0.00, real=0.01 secs] 
2026-06-17T09:48:22.033+0800: 45.533: [GC (Allocation Failure) [PSYoungGen: 13433K->4216K(15360K)] 44419K->37350K(59392K), 0.0082995 secs] [Times: user=0.09 sys=0.00, real=0.00 secs] 
2026-06-17T09:48:22.063+0800: 45.563: [GC (Allocation Failure) [PSYoungGen: 13293K->1093K(15360K)] 46426K->36039K(59392K), 0.0033264 secs] [Times: user=0.02 sys=0.00, real=0.00 secs] 
2026-06-17T09:48:22.098+0800: 45.598: [GC (Allocation Failure) [PSYoungGen: 10298K->2343K(15360K)] 45245K->38359K(59392K), 0.0117667 secs] [Times: user=0.09 sys=0.01, real=0.02 secs] 
2026-06-17T09:48:22.135+0800: 45.635: [GC (Allocation Failure) [PSYoungGen: 11558K->4246K(15360K)] 47573K->40826K(59392K), 0.0107190 secs] [Times: user=0.10 sys=0.00, real=0.01 secs] 
2026-06-17T09:48:22.168+0800: 45.668: [GC (Allocation Failure) [PSYoungGen: 13430K->5289K(14848K)] 50011K->43558K(58880K), 0.0090288 secs] [Times: user=0.09 sys=0.00, real=0.01 secs] 
2026-06-17T09:48:22.199+0800: 45.699: [GC (Allocation Failure) [PSYoungGen: 14477K->1706K(14848K)] 52747K->41939K(58880K), 0.0089185 secs] [Times: user=0.08 sys=0.00, real=0.01 secs] 
2026-06-17T09:48:22.229+0800: 45.730: [GC (Allocation Failure) [PSYoungGen: 9898K->4536K(12800K)] 50131K->46451K(56832K), 0.0066026 secs] [Times: user=0.07 sys=0.00, real=0.01 secs] 
2026-06-17T09:48:22.237+0800: 45.737: [Full GC (Ergonomics) [PSYoungGen: 4536K->0K(12800K)] [ParOldGen: 41915K->26583K(44032K)] 46451K->26583K(56832K), [Metaspace: 2710K->2710K(1056768K)], 0.0144400 secs] [Times: user=0.15 sys=0.00, real=0.02 secs] 
2026-06-17T09:48:22.274+0800: 45.774: [GC (Allocation Failure) [PSYoungGen: 8138K->4511K(14336K)] 34721K->31094K(58368K), 0.0099753 secs] [Times: user=0.12 sys=0.00, real=0.01 secs] 
2026-06-17T09:48:22.306+0800: 45.806: [GC (Allocation Failure) [PSYoungGen: 11652K->2744K(14336K)] 38235K->31322K(58368K), 0.0077963 secs] [Times: user=0.10 sys=0.00, real=0.01 secs] 
2026-06-17T09:48:22.336+0800: 45.836: [GC (Allocation Failure) [PSYoungGen: 9894K->2950K(14848K)] 38472K->31529K(58880K), 0.0056778 secs] [Times: user=0.07 sys=0.00, real=0.00 secs] 
2026-06-17T09:48:22.363+0800: 45.863: [GC (Allocation Failure) [PSYoungGen: 11097K->2578K(14848K)] 39675K->32875K(58880K), 0.0070187 secs] [Times: user=0.09 sys=0.00, real=0.01 secs] 
2026-06-17T09:48:22.392+0800: 45.892: [GC (Allocation Failure) [PSYoungGen: 10737K->1937K(15360K)] 41035K->34064K(59392K), 0.0071676 secs] [Times: user=0.06 sys=0.00, real=0.00 secs] 
2026-06-17T09:48:22.422+0800: 45.922: [GC (Allocation Failure) [PSYoungGen: 11129K->4313K(13824K)] 43256K->36439K(57856K), 0.0091014 secs] [Times: user=0.11 sys=0.01, real=0.02 secs] 
2026-06-17T09:48:22.453+0800: 45.953: [GC (Allocation Failure) [PSYoungGen: 13525K->4569K(14848K)] 45652K->38433K(58880K), 0.0029388 secs] [Times: user=0.02 sys=0.00, real=0.00 secs] 
2026-06-17T09:48:22.478+0800: 45.978: [GC (Allocation Failure) [PSYoungGen: 12749K->3252K(14848K)] 46613K->39779K(58880K), 0.0099250 secs] [Times: user=0.13 sys=0.00, real=0.01 secs] 
2026-06-17T09:48:22.510+0800: 46.010: [GC (Allocation Failure) [PSYoungGen: 11433K->4141K(14336K)] 47960K->40668K(58368K), 0.0043124 secs] [Times: user=0.03 sys=0.01, real=0.01 secs] 
2026-06-17T09:48:22.536+0800: 46.036: [GC (Allocation Failure) [PSYoungGen: 12297K->3111K(14848K)] 48824K->41963K(58880K), 0.0038894 secs] [Times: user=0.03 sys=0.00, real=0.00 secs] 
2026-06-17T09:48:22.562+0800: 46.063: [GC (Allocation Failure) [PSYoungGen: 11303K->2767K(15360K)] 50155K->43365K(59392K), 0.0117573 secs] [Times: user=0.11 sys=0.00, real=0.01 secs] 
2026-06-17T09:48:22.597+0800: 46.097: [GC (Allocation Failure) [PSYoungGen: 11953K->4603K(15360K)] 52550K->45200K(59392K), 0.0107031 secs] [Times: user=0.12 sys=0.00, real=0.01 secs] 
2026-06-17T09:48:22.629+0800: 46.130: [GC (Allocation Failure) [PSYoungGen: 13795K->4733K(14336K)] 54392K->47421K(58368K), 0.0081414 secs] [Times: user=0.07 sys=0.00, real=0.01 secs] 
2026-06-17T09:48:22.639+0800: 46.139: [Full GC (Ergonomics) [PSYoungGen: 4733K->0K(14336K)] [ParOldGen: 42688K->25315K(44032K)] 47421K->25315K(58368K), [Metaspace: 2710K->2710K(1056768K)], 0.0080095 secs] [Times: user=0.07 sys=0.00, real=0.01 secs] 
2026-06-17T09:48:22.669+0800: 46.169: [GC (Allocation Failure) [PSYoungGen: 8187K->1606K(14848K)] 33503K->26922K(58880K), 0.0095833 secs] [Times: user=0.12 sys=0.00, real=0.01 secs] 
2026-06-17T09:48:22.701+0800: 46.201: [GC (Allocation Failure) [PSYoungGen: 9787K->4683K(14848K)] 35102K->31548K(58880K), 0.0037356 secs] [Times: user=0.02 sys=0.00, real=0.01 secs] 
2026-06-17T09:48:22.726+0800: 46.226: [GC (Allocation Failure) [PSYoungGen: 12860K->4345K(14848K)] 39725K->32562K(58880K), 0.0031721 secs] [Times: user=0.02 sys=0.00, real=0.00 secs] 
2026-06-17T09:48:22.752+0800: 46.252: [GC (Allocation Failure) [PSYoungGen: 12525K->2579K(14848K)] 40743K->33611K(58880K), 0.0075854 secs] [Times: user=0.09 sys=0.00, real=0.00 secs] 
2026-06-17T09:48:22.782+0800: 46.282: [GC (Allocation Failure) [PSYoungGen: 10721K->3988K(14848K)] 41752K->35020K(58880K), 0.0090918 secs] [Times: user=0.12 sys=0.00, real=0.02 secs] 
2026-06-17T09:48:22.813+0800: 46.313: [GC (Allocation Failure) [PSYoungGen: 12160K->2824K(15360K)] 43191K->36304K(59392K), 0.0043111 secs] [Times: user=0.03 sys=0.00, real=0.00 secs] 
2026-06-17T09:48:22.840+0800: 46.340: [GC (Allocation Failure) [PSYoungGen: 11484K->2496K(14848K)] 44964K->37875K(58880K), 0.0075164 secs] [Times: user=0.09 sys=0.00, real=0.01 secs] 
2026-06-17T09:48:22.869+0800: 46.369: [GC (Allocation Failure) [PSYoungGen: 11182K->4913K(14336K)] 46560K->40291K(58368K), 0.0057158 secs] [Times: user=0.06 sys=0.01, real=0.01 secs] 
2026-06-17T09:48:22.897+0800: 46.397: [GC (Allocation Failure) [PSYoungGen: 13105K->4845K(14848K)] 48483K->41925K(58880K), 0.0060971 secs] [Times: user=0.06 sys=0.00, real=0.01 secs] 
2026-06-17T09:48:22.925+0800: 46.425: [GC (Allocation Failure) [PSYoungGen: 12734K->323K(13824K)] 49814K->39560K(57856K), 0.0087110 secs] [Times: user=0.11 sys=0.00, real=0.01 secs] 
2026-06-17T09:48:22.956+0800: 46.456: [GC (Allocation Failure) [PSYoungGen: 7478K->3754K(14336K)] 46716K->43259K(58368K), 0.0058365 secs] [Times: user=0.06 sys=0.00, real=0.00 secs] 
2026-06-17T09:48:22.973+0800: 46.473: [GC (Allocation Failure) [PSYoungGen: 10788K->429K(13824K)] 50293K->43593K(57856K), 0.0036246 secs] [Times: user=0.02 sys=0.00, real=0.00 secs] 
2026-06-17T09:48:22.978+0800: 46.478: [Full GC (Ergonomics) [PSYoungGen: 429K->0K(13824K)] [ParOldGen: 43164K->25122K(44032K)] 43593K->25122K(57856K), [Metaspace: 2710K->2710K(1056768K)], 0.0053133 secs] [Times: user=0.03 sys=0.01, real=0.01 secs] 
2026-06-17T09:48:23.005+0800: 46.505: [GC (Allocation Failure) [PSYoungGen: 7120K->3812K(14336K)] 32242K->28935K(58368K), 0.0098918 secs] [Times: user=0.12 sys=0.00, real=0.01 secs] 
2026-06-17T09:48:23.037+0800: 46.537: [GC (Allocation Failure) [PSYoungGen: 10956K->2200K(14848K)] 36079K->28877K(58880K), 0.0081430 secs] [Times: user=0.09 sys=0.00, real=0.01 secs] 
2026-06-17T09:48:23.068+0800: 46.568: [GC (Allocation Failure) [PSYoungGen: 9839K->551K(14336K)] 36517K->29253K(58368K), 0.0075026 secs] [Times: user=0.08 sys=0.00, real=0.01 secs] 
2026-06-17T09:48:23.087+0800: 46.587: [GC (Allocation Failure) [PSYoungGen: 8231K->4881K(13824K)] 36933K->33584K(57856K), 0.0065756 secs] [Times: user=0.07 sys=0.00, real=0.01 secs] 
2026-06-17T09:48:23.115+0800: 46.615: [GC (Allocation Failure) [PSYoungGen: 12035K->2567K(14336K)] 40738K->33599K(58368K), 0.0056101 secs] [Times: user=0.06 sys=0.01, real=0.00 secs] 
2026-06-17T09:48:23.143+0800: 46.643: [GC (Allocation Failure) [PSYoungGen: 9735K->2886K(14848K)] 40767K->33918K(58880K), 0.0030807 secs] [Times: user=0.01 sys=0.00, real=0.00 secs] 
2026-06-17T09:48:23.158+0800: 46.658: [GC (Allocation Failure) [PSYoungGen: 11045K->2156K(14848K)] 42077K->34980K(58880K), 0.0044106 secs] [Times: user=0.04 sys=0.01, real=0.01 secs] 
2026-06-17T09:48:23.194+0800: 46.694: [GC (Allocation Failure) [PSYoungGen: 10327K->1053K(15360K)] 43151K->36009K(59392K), 0.0031303 secs] [Times: user=0.01 sys=0.00, real=0.00 secs] 
2026-06-17T09:48:23.220+0800: 46.720: [GC (Allocation Failure) [PSYoungGen: 10263K->3203K(15360K)] 45219K->38526K(59392K), 0.0035785 secs] [Times: user=0.01 sys=0.00, real=0.01 secs] 
2026-06-17T09:48:23.246+0800: 46.746: [GC (Allocation Failure) [PSYoungGen: 12400K->2065K(15360K)] 47723K->40355K(59392K), 0.0033606 secs] [Times: user=0.02 sys=0.00, real=0.00 secs] 
2026-06-17T09:48:23.271+0800: 46.772: [GC (Allocation Failure) [PSYoungGen: 11270K->2705K(15360K)] 49561K->42841K(59392K), 0.0145316 secs] [Times: user=0.15 sys=0.00, real=0.01 secs] 
2026-06-17T09:48:23.309+0800: 46.809: [GC (Allocation Failure) [PSYoungGen: 11895K->4660K(14848K)] 52030K->44795K(58880K), 0.0129076 secs] [Times: user=0.13 sys=0.00, real=0.02 secs] 
2026-06-17T09:48:23.345+0800: 46.845: [GC (Allocation Failure) [PSYoungGen: 13874K->5246K(14848K)] 54010K->47096K(58880K), 0.0114387 secs] [Times: user=0.14 sys=0.00, real=0.01 secs] 
2026-06-17T09:48:23.357+0800: 46.857: [Full GC (Ergonomics) [PSYoungGen: 5246K->0K(14848K)] [ParOldGen: 41850K->26372K(44032K)] 47096K->26372K(58880K), [Metaspace: 2710K->2710K(1056768K)], 0.0062906 secs] [Times: user=0.05 sys=0.00, real=0.01 secs] 
2026-06-17T09:48:23.385+0800: 46.886: [GC (Allocation Failure) [PSYoungGen: 9015K->1545K(14848K)] 35388K->27918K(58880K), 0.0079978 secs] [Times: user=0.10 sys=0.00, real=0.01 secs] 
2026-06-17T09:48:23.426+0800: 46.926: [GC (Allocation Failure) [PSYoungGen: 9737K->1372K(14848K)] 36110K->29269K(58880K), 0.0035183 secs] [Times: user=0.02 sys=0.00, real=0.00 secs] 
2026-06-17T09:48:23.441+0800: 46.942: [GC (Allocation Failure) [PSYoungGen: 9556K->4912K(13824K)] 37454K->33910K(57856K), 0.0035364 secs] [Times: user=0.02 sys=0.01, real=0.01 secs] 
2026-06-17T09:48:23.467+0800: 46.967: [GC (Allocation Failure) [PSYoungGen: 12062K->3575K(14336K)] 41060K->34191K(58368K), 0.0083077 secs] [Times: user=0.11 sys=0.00, real=0.01 secs] 
2026-06-17T09:48:23.497+0800: 46.997: [GC (Allocation Failure) [PSYoungGen: 10733K->2772K(14848K)] 41348K->34824K(58880K), 0.0056008 secs] [Times: user=0.06 sys=0.00, real=0.01 secs] 
2026-06-17T09:48:23.524+0800: 47.024: [GC (Allocation Failure) [PSYoungGen: 10956K->2749K(14848K)] 43007K->36133K(58880K), 0.0027359 secs] [Times: user=0.01 sys=0.00, real=0.00 secs] 
2026-06-17T09:48:23.549+0800: 47.049: [GC (Allocation Failure) [PSYoungGen: 10941K->2571K(15360K)] 44324K->37546K(59392K), 0.0178743 secs] [Times: user=0.14 sys=0.00, real=0.02 secs] 
2026-06-17T09:48:23.589+0800: 47.089: [GC (Allocation Failure) [PSYoungGen: 11781K->4665K(15360K)] 46756K->39640K(59392K), 0.0138103 secs] [Times: user=0.14 sys=0.00, real=0.02 secs] 
2026-06-17T09:48:23.625+0800: 47.125: [GC (Allocation Failure) [PSYoungGen: 13873K->4958K(14336K)] 48848K->42122K(58368K), 0.0078254 secs] [Times: user=0.09 sys=0.00, real=0.01 secs] 
2026-06-17T09:48:23.654+0800: 47.155: [GC (Allocation Failure) [PSYoungGen: 12994K->891K(14848K)] 50157K->40224K(58880K), 0.0069596 secs] [Times: user=0.09 sys=0.00, real=0.00 secs] 
2026-06-17T09:48:23.693+0800: 47.193: [GC (Allocation Failure) [PSYoungGen: 9072K->1129K(14848K)] 48405K->41329K(58880K), 0.0082931 secs] [Times: user=0.08 sys=0.01, real=0.00 secs] 
2026-06-17T09:48:23.713+0800: 47.214: [GC (Allocation Failure) [PSYoungGen: 9306K->5213K(13824K)] 49506K->46291K(57856K), 0.0034923 secs] [Times: user=0.02 sys=0.00, real=0.00 secs] 
2026-06-17T09:48:23.739+0800: 47.239: [GC (Allocation Failure) [PSYoungGen: 13392K->4043K(14336K)] 54470K->47351K(58368K), 0.0098085 secs] [Times: user=0.12 sys=0.00, real=0.01 secs] 
2026-06-17T09:48:23.751+0800: 47.251: [Full GC (Ergonomics) [PSYoungGen: 4043K->0K(14336K)] [ParOldGen: 43307K->33724K(44032K)] 47351K->33724K(58368K), [Metaspace: 2710K->2710K(1056768K)], 0.0060434 secs] [Times: user=0.03 sys=0.00, real=0.00 secs] 
2026-06-17T09:48:23.779+0800: 47.279: [GC (Allocation Failure) [PSYoungGen: 7167K->3564K(14336K)] 40891K->37288K(58368K), 0.0061962 secs] [Times: user=0.07 sys=0.00, real=0.01 secs] 
2026-06-17T09:48:23.797+0800: 47.297: [GC (Allocation Failure) [PSYoungGen: 10675K->32K(14336K)] 44399K->37195K(58368K), 0.0071675 secs] [Times: user=0.09 sys=0.01, real=0.01 secs] 
2026-06-17T09:48:23.826+0800: 47.326: [GC (Allocation Failure) [PSYoungGen: 7179K->3857K(14336K)] 44343K->41029K(58368K), 0.0065884 secs] [Times: user=0.08 sys=0.00, real=0.01 secs] 
2026-06-17T09:48:23.854+0800: 47.354: [GC (Allocation Failure) [PSYoungGen: 11009K->1809K(14336K)] 48180K->40934K(58368K), 0.0037151 secs] [Times: user=0.02 sys=0.00, real=0.00 secs] 
2026-06-17T09:48:23.880+0800: 47.380: [GC (Allocation Failure) [PSYoungGen: 8956K->446K(14336K)] 48081K->41183K(58368K), 0.0122868 secs] [Times: user=0.11 sys=0.00, real=0.02 secs] 
2026-06-17T09:48:23.894+0800: 47.394: [Full GC (Ergonomics) [PSYoungGen: 446K->0K(14336K)] [ParOldGen: 40737K->28673K(44032K)] 41183K->28673K(58368K), [Metaspace: 2710K->2710K(1056768K)], 0.0142272 secs] [Times: user=0.16 sys=0.00, real=0.01 secs] 
2026-06-17T09:48:23.920+0800: 47.420: [GC (Allocation Failure) [PSYoungGen: 7155K->7125K(14336K)] 35828K->35892K(58368K), 0.0113998 secs] [Times: user=0.11 sys=0.00, real=0.02 secs] 
2026-06-17T09:48:23.953+0800: 47.453: [GC (Allocation Failure) [PSYoungGen: 14284K->2978K(14336K)] 43051K->36277K(58368K), 0.0087986 secs] [Times: user=0.08 sys=0.00, real=0.01 secs] 
2026-06-17T09:48:23.984+0800: 47.484: [GC (Allocation Failure) [PSYoungGen: 10123K->3377K(14336K)] 43423K->36677K(58368K), 0.0086456 secs] [Times: user=0.10 sys=0.00, real=0.01 secs] 
2026-06-17T09:48:24.005+0800: 47.505: [GC (Allocation Failure) [PSYoungGen: 10232K->1068K(14336K)] 43532K->36219K(58368K), 0.0039988 secs] [Times: user=0.03 sys=0.00, real=0.00 secs] 
2026-06-17T09:48:24.031+0800: 47.531: [GC (Allocation Failure) [PSYoungGen: 8219K->3823K(14336K)] 43371K->40019K(58368K), 0.0073373 secs] [Times: user=0.07 sys=0.00, real=0.00 secs] 
2026-06-17T09:48:24.061+0800: 47.561: [GC (Allocation Failure) [PSYoungGen: 10988K->2072K(14336K)] 47183K->40243K(58368K), 0.0026464 secs] [Times: user=0.01 sys=0.00, real=0.01 secs] 
2026-06-17T09:48:24.085+0800: 47.586: [GC (Allocation Failure) [PSYoungGen: 9226K->721K(14336K)] 47397K->40433K(58368K), 0.0073576 secs] [Times: user=0.10 sys=0.00, real=0.01 secs] 
2026-06-17T09:48:24.104+0800: 47.605: [GC (Allocation Failure) [PSYoungGen: 7874K->4347K(14336K)] 47586K->44059K(58368K), 0.0076121 secs] [Times: user=0.09 sys=0.01, real=0.01 secs] 
2026-06-17T09:48:24.134+0800: 47.634: [GC (Allocation Failure) [PSYoungGen: 11506K->2115K(14336K)] 51218K->43974K(58368K), 0.0093636 secs] [Times: user=0.11 sys=0.00, real=0.01 secs] 
2026-06-17T09:48:24.145+0800: 47.645: [Full GC (Ergonomics) [PSYoungGen: 2115K->0K(14336K)] [ParOldGen: 41859K->25216K(44032K)] 43974K->25216K(58368K), [Metaspace: 2710K->2710K(1056768K)], 0.0061827 secs] [Times: user=0.03 sys=0.00, real=0.01 secs] 
2026-06-17T09:48:24.173+0800: 47.673: [GC (Allocation Failure) [PSYoungGen: 7136K->3808K(14336K)] 32352K->29025K(58368K), 0.0070458 secs] [Times: user=0.09 sys=0.00, real=0.00 secs] 
2026-06-17T09:48:24.192+0800: 47.692: [GC (Allocation Failure) [PSYoungGen: 10908K->929K(14848K)] 36125K->29260K(58880K), 0.0063541 secs] [Times: user=0.07 sys=0.00, real=0.00 secs] 
2026-06-17T09:48:24.231+0800: 47.731: [GC (Allocation Failure) [PSYoungGen: 8598K->859K(14336K)] 36930K->30095K(58368K), 0.0024392 secs] [Times: user=0.02 sys=0.00, real=0.00 secs] 
2026-06-17T09:48:24.246+0800: 47.746: [GC (Allocation Failure) [PSYoungGen: 8539K->4608K(13824K)] 37775K->34319K(57856K), 0.0072681 secs] [Times: user=0.08 sys=0.00, real=0.01 secs] 
2026-06-17T09:48:24.275+0800: 47.775: [GC (Allocation Failure) [PSYoungGen: 11719K->2786K(14336K)] 41431K->34347K(58368K), 0.0060123 secs] [Times: user=0.06 sys=0.00, real=0.00 secs] 
2026-06-17T09:48:24.292+0800: 47.793: [GC (Allocation Failure) [PSYoungGen: 9906K->4895K(13824K)] 41466K->37834K(57856K), 0.0095112 secs] [Times: user=0.12 sys=0.01, real=0.01 secs] 
2026-06-17T09:48:24.324+0800: 47.824: [GC (Allocation Failure) [PSYoungGen: 12014K->3059K(14336K)] 44954K->37981K(58368K), 0.0068495 secs] [Times: user=0.08 sys=0.00, real=0.01 secs] 
2026-06-17T09:48:24.353+0800: 47.853: [GC (Allocation Failure) [PSYoungGen: 10209K->3157K(14848K)] 45132K->38080K(58880K), 0.0075045 secs] [Times: user=0.08 sys=0.00, real=0.00 secs] 
2026-06-17T09:48:24.382+0800: 47.882: [GC (Allocation Failure) [PSYoungGen: 11316K->2724K(14848K)] 46239K->39175K(58880K), 0.0085440 secs] [Times: user=0.10 sys=0.01, real=0.02 secs] 
2026-06-17T09:48:24.413+0800: 47.913: [GC (Allocation Failure) [PSYoungGen: 10882K->2268K(15360K)] 47333K->40585K(59392K), 0.0053334 secs] [Times: user=0.05 sys=0.00, real=0.00 secs] 
2026-06-17T09:48:24.441+0800: 47.941: [GC (Allocation Failure) [PSYoungGen: 11441K->4835K(14336K)] 49758K->43152K(58368K), 0.0108235 secs] [Times: user=0.13 sys=0.01, real=0.02 secs] 
2026-06-17T09:48:24.474+0800: 47.974: [GC (Allocation Failure) [PSYoungGen: 14013K->5218K(13824K)] 52330K->45472K(57856K), 0.0035901 secs] [Times: user=0.02 sys=0.00, real=0.00 secs] 
2026-06-17T09:48:24.499+0800: 47.999: [GC (Allocation Failure) [PSYoungGen: 12379K->32K(14336K)] 52633K->42190K(58368K), 0.0116943 secs] [Times: user=0.08 sys=0.00, real=0.02 secs] 
2026-06-17T09:48:24.511+0800: 48.011: [Full GC (Ergonomics) [PSYoungGen: 32K->0K(14336K)] [ParOldGen: 42158K->20483K(44032K)] 42190K->20483K(58368K), [Metaspace: 2710K->2710K(1056768K)], 0.0135627 secs] [Times: user=0.14 sys=0.01, real=0.01 secs] 
2026-06-17T09:48:24.547+0800: 48.047: [GC (Allocation Failure) [PSYoungGen: 7165K->3624K(14336K)] 27649K->24107K(58368K), 0.0067914 secs] [Times: user=0.08 sys=0.00, real=0.01 secs] 
2026-06-17T09:48:24.565+0800: 48.066: [GC (Allocation Failure) [PSYoungGen: 10709K->962K(14336K)] 31192K->24536K(58368K), 0.0087019 secs] [Times: user=0.10 sys=0.00, real=0.01 secs] 
2026-06-17T09:48:24.596+0800: 48.096: [GC (Allocation Failure) [PSYoungGen: 8117K->3348K(14848K)] 31692K->27860K(58880K), 0.0030968 secs] [Times: user=0.02 sys=0.01, real=0.00 secs] 
2026-06-17T09:48:24.621+0800: 48.122: [GC (Allocation Failure) [PSYoungGen: 11018K->3571K(14336K)] 35530K->28723K(58368K), 0.0071595 secs] [Times: user=0.08 sys=0.00, real=0.01 secs] 
2026-06-17T09:48:24.650+0800: 48.151: [GC (Allocation Failure) [PSYoungGen: 11234K->2572K(14848K)] 36386K->29419K(58880K), 0.0044788 secs] [Times: user=0.03 sys=0.00, real=0.00 secs] 
2026-06-17T09:48:24.677+0800: 48.177: [GC (Allocation Failure) [PSYoungGen: 10744K->3518K(14848K)] 37591K->30365K(58880K), 0.0120422 secs] [Times: user=0.13 sys=0.00, real=0.01 secs] 
2026-06-17T09:48:24.711+0800: 48.211: [GC (Allocation Failure) [PSYoungGen: 11679K->3386K(15360K)] 38525K->31737K(59392K), 0.0093725 secs] [Times: user=0.11 sys=0.00, real=0.00 secs] 
2026-06-17T09:48:24.743+0800: 48.243: [GC (Allocation Failure) [PSYoungGen: 12501K->267K(15360K)] 40852K->30434K(59392K), 0.0086395 secs] [Times: user=0.11 sys=0.00, real=0.01 secs] 
2026-06-17T09:48:24.783+0800: 48.284: [GC (Allocation Failure) [PSYoungGen: 9470K->2729K(15360K)] 39638K->33140K(59392K), 0.0077849 secs] [Times: user=0.08 sys=0.00, real=0.01 secs] 
2026-06-17T09:48:24.814+0800: 48.314: [GC (Allocation Failure) [PSYoungGen: 11943K->3248K(15360K)] 42354K->35243K(59392K), 0.0081374 secs] [Times: user=0.09 sys=0.00, real=0.00 secs] 
2026-06-17T09:48:24.844+0800: 48.344: [GC (Allocation Failure) [PSYoungGen: 12462K->2234K(15872K)] 44457K->37369K(59904K), 0.0090455 secs] [Times: user=0.12 sys=0.01, real=0.01 secs] 
2026-06-17T09:48:24.875+0800: 48.375: [GC (Allocation Failure) [PSYoungGen: 11952K->3468K(15360K)] 47087K->40234K(59392K), 0.0086371 secs] [Times: user=0.10 sys=0.00, real=0.01 secs] 
2026-06-17T09:48:24.917+0800: 48.417: [GC (Allocation Failure) [PSYoungGen: 13185K->2558K(15872K)] 49951K->39324K(59904K), 0.0062155 secs] [Times: user=0.07 sys=0.00, real=0.01 secs] 
2026-06-17T09:48:24.946+0800: 48.446: [GC (Allocation Failure) [PSYoungGen: 12776K->4031K(15872K)] 49542K->42753K(59904K), 0.0075653 secs] [Times: user=0.09 sys=0.00, real=0.01 secs] 
2026-06-17T09:48:24.975+0800: 48.475: [GC (Allocation Failure) [PSYoungGen: 14255K->5196K(14848K)] 52977K->45939K(58880K), 0.0041448 secs] [Times: user=0.03 sys=0.00, real=0.00 secs] 
2026-06-17T09:48:24.981+0800: 48.481: [Full GC (Ergonomics) [PSYoungGen: 5196K->0K(14848K)] [ParOldGen: 40743K->27972K(44032K)] 45939K->27972K(58880K), [Metaspace: 2710K->2710K(1056768K)], 0.0075075 secs] [Times: user=0.05 sys=0.01, real=0.01 secs] 
2026-06-17T09:48:25.010+0800: 48.511: [GC (Allocation Failure) [PSYoungGen: 8998K->1906K(15360K)] 36971K->29879K(59392K), 0.0070989 secs] [Times: user=0.08 sys=0.00, real=0.01 secs] 
2026-06-17T09:48:25.039+0800: 48.540: [GC (Allocation Failure) [PSYoungGen: 10106K->1214K(15360K)] 38079K->31058K(59392K), 0.0028145 secs] [Times: user=0.01 sys=0.00, real=0.01 secs] 
2026-06-17T09:48:25.064+0800: 48.564: [GC (Allocation Failure) [PSYoungGen: 10417K->5790K(15360K)] 40261K->36848K(59392K), 0.0103357 secs] [Times: user=0.08 sys=0.00, real=0.01 secs] 
2026-06-17T09:48:25.097+0800: 48.597: [GC (Allocation Failure) [PSYoungGen: 14756K->988K(13312K)] 45814K->35289K(57344K), 0.0120299 secs] [Times: user=0.12 sys=0.00, real=0.01 secs] 
2026-06-17T09:48:25.131+0800: 48.631: [GC (Allocation Failure) [PSYoungGen: 8156K->3738K(14336K)] 42457K->39003K(58368K), 0.0070584 secs] [Times: user=0.08 sys=0.00, real=0.00 secs] 
2026-06-17T09:48:25.160+0800: 48.660: [GC (Allocation Failure) [PSYoungGen: 10891K->3474K(14848K)] 46156K->39559K(58880K), 0.0079402 secs] [Times: user=0.09 sys=0.00, real=0.01 secs] 
2026-06-17T09:48:25.190+0800: 48.690: [GC (Allocation Failure) [PSYoungGen: 11126K->2336K(14336K)] 47211K->40356K(58368K), 0.0085907 secs] [Times: user=0.10 sys=0.00, real=0.01 secs] 
2026-06-17T09:48:25.220+0800: 48.721: [GC (Allocation Failure) [PSYoungGen: 10014K->3282K(15360K)] 48034K->41302K(59392K), 0.0085395 secs] [Times: user=0.10 sys=0.00, real=0.01 secs] 
2026-06-17T09:48:25.251+0800: 48.751: [GC (Allocation Failure) [PSYoungGen: 11975K->2726K(14848K)] 49995K->42893K(58880K), 0.0048440 secs] [Times: user=0.05 sys=0.00, real=0.00 secs] 
2026-06-17T09:48:25.278+0800: 48.778: [GC (Allocation Failure) [PSYoungGen: 11427K->2396K(15872K)] 51594K->44544K(59904K), 0.0045178 secs] [Times: user=0.04 sys=0.00, real=0.01 secs] 
2026-06-17T09:48:25.284+0800: 48.784: [Full GC (Ergonomics) [PSYoungGen: 2396K->0K(15872K)] [ParOldGen: 42147K->31211K(44032K)] 44544K->31211K(59904K), [Metaspace: 2710K->2710K(1056768K)], 0.0068494 secs] [Times: user=0.06 sys=0.00, real=0.01 secs] 
2026-06-17T09:48:25.312+0800: 48.812: [GC (Allocation Failure) [PSYoungGen: 9676K->5501K(15360K)] 40888K->37497K(59392K), 0.0097836 secs] [Times: user=0.12 sys=0.01, real=0.01 secs] 
2026-06-17T09:48:25.344+0800: 48.844: [GC (Allocation Failure) [PSYoungGen: 15222K->4724K(14336K)] 47218K->40488K(58368K), 0.0037186 secs] [Times: user=0.01 sys=0.00, real=0.00 secs] 
2026-06-17T09:48:25.370+0800: 48.870: [GC (Allocation Failure) [PSYoungGen: 12828K->32K(8704K)] 48592K->37989K(52736K), 0.0220187 secs] [Times: user=0.18 sys=0.01, real=0.03 secs] 
2026-06-17T09:48:25.415+0800: 48.915: [GC (Allocation Failure) [PSYoungGen: 8178K->4627K(14336K)] 46136K->42593K(58368K), 0.0123015 secs] [Times: user=0.10 sys=0.00, real=0.01 secs] 
2026-06-17T09:48:25.449+0800: 48.949: [GC (Allocation Failure) [PSYoungGen: 11756K->2615K(14336K)] 49722K->42980K(58368K), 0.0102898 secs] [Times: user=0.10 sys=0.00, real=0.01 secs] 
2026-06-17T09:48:25.460+0800: 48.961: [Full GC (Ergonomics) [PSYoungGen: 2615K->0K(14336K)] [ParOldGen: 40364K->22674K(44032K)] 42980K->22674K(58368K), [Metaspace: 2710K->2710K(1056768K)], 0.0097240 secs] [Times: user=0.08 sys=0.01, real=0.02 secs] 
2026-06-17T09:48:25.492+0800: 48.992: [GC (Allocation Failure) [PSYoungGen: 7117K->3896K(14848K)] 29792K->26571K(58880K), 0.0089999 secs] [Times: user=0.11 sys=0.00, real=0.00 secs] 
2026-06-17T09:48:25.512+0800: 49.013: [GC (Allocation Failure) [PSYoungGen: 11567K->5332K(14336K)] 34242K->30549K(58368K), 0.0096295 secs] [Times: user=0.11 sys=0.00, real=0.01 secs] 
2026-06-17T09:48:25.544+0800: 49.044: [GC (Allocation Failure) [PSYoungGen: 12885K->700K(14336K)] 38102K->27945K(58368K), 0.0077605 secs] [Times: user=0.09 sys=0.00, real=0.01 secs] 
2026-06-17T09:48:25.574+0800: 49.074: [GC (Allocation Failure) [PSYoungGen: 7867K->3701K(14336K)] 35112K->31622K(58368K), 0.0075090 secs] [Times: user=0.09 sys=0.00, real=0.00 secs] 
2026-06-17T09:48:25.593+0800: 49.093: [GC (Allocation Failure) [PSYoungGen: 10230K->2126K(14336K)] 38151K->31097K(58368K), 0.0070913 secs] [Times: user=0.07 sys=0.00, real=0.00 secs] 
2026-06-17T09:48:25.623+0800: 49.123: [GC (Allocation Failure) [PSYoungGen: 9254K->3569K(14336K)] 38226K->34643K(58368K), 0.0070636 secs] [Times: user=0.08 sys=0.00, real=0.00 secs] 
2026-06-17T09:48:25.652+0800: 49.152: [GC (Allocation Failure) [PSYoungGen: 10737K->2512K(14848K)] 41811K->34896K(58880K), 0.0071635 secs] [Times: user=0.08 sys=0.00, real=0.00 secs] 
2026-06-17T09:48:25.681+0800: 49.181: [GC (Allocation Failure) [PSYoungGen: 10682K->1553K(14848K)] 43067K->35903K(58880K), 0.0049067 secs] [Times: user=0.04 sys=0.00, real=0.01 secs] 
2026-06-17T09:48:25.708+0800: 49.208: [GC (Allocation Failure) [PSYoungGen: 9738K->2977K(15360K)] 44088K->37327K(59392K), 0.0075182 secs] [Times: user=0.09 sys=0.01, real=0.01 secs] 
2026-06-17T09:48:25.738+0800: 49.238: [GC (Allocation Failure) [PSYoungGen: 11663K->3095K(14848K)] 46013K->39117K(58880K), 0.0053812 secs] [Times: user=0.06 sys=0.00, real=0.01 secs] 
2026-06-17T09:48:25.765+0800: 49.265: [GC (Allocation Failure) [PSYoungGen: 11778K->2813K(15872K)] 47799K->40700K(59904K), 0.0028125 secs] [Times: user=0.01 sys=0.00, real=0.00 secs] 
2026-06-17T09:48:25.790+0800: 49.290: [GC (Allocation Failure) [PSYoungGen: 12540K->5454K(15360K)] 50427K->43341K(59392K), 0.0128770 secs] [Times: user=0.11 sys=0.00, real=0.02 secs] 
2026-06-17T09:48:25.835+0800: 49.336: [GC (Allocation Failure) [PSYoungGen: 15161K->2701K(15360K)] 53048K->42752K(59392K), 0.0079267 secs] [Times: user=0.09 sys=0.00, real=0.01 secs] 
2026-06-17T09:48:25.855+0800: 49.355: [GC (Allocation Failure) [PSYoungGen: 11779K->2463K(15360K)] 51830K->44857K(59392K), 0.0074989 secs] [Times: user=0.07 sys=0.00, real=0.01 secs] 
2026-06-17T09:48:25.864+0800: 49.364: [Full GC (Ergonomics) [PSYoungGen: 2463K->0K(15360K)] [ParOldGen: 42394K->31323K(44032K)] 44857K->31323K(59392K), [Metaspace: 2710K->2710K(1056768K)], 0.0054078 secs] [Times: user=0.04 sys=0.00, real=0.00 secs] 
2026-06-17T09:48:25.902+0800: 49.402: [GC (Allocation Failure) [PSYoungGen: 9216K->2022K(15360K)] 40539K->33345K(59392K), 0.0085388 secs] [Times: user=0.09 sys=0.01, real=0.02 secs] 
2026-06-17T09:48:25.933+0800: 49.433: [GC (Allocation Failure) [PSYoungGen: 11200K->3565K(15360K)] 42523K->35441K(59392K), 0.0056492 secs] [Times: user=0.05 sys=0.00, real=0.00 secs] 
2026-06-17T09:48:25.961+0800: 49.461: [GC (Allocation Failure) [PSYoungGen: 12751K->3366K(15872K)] 44627K->37511K(59904K), 0.0072649 secs] [Times: user=0.08 sys=0.00, real=0.01 secs] 
2026-06-17T09:48:25.990+0800: 49.490: [GC (Allocation Failure) [PSYoungGen: 13578K->572K(11264K)] 47723K->36802K(55296K), 0.0038065 secs] [Times: user=0.03 sys=0.00, real=0.01 secs] 
2026-06-17T09:48:26.026+0800: 49.526: [GC (Allocation Failure) [PSYoungGen: 10807K->3426K(15872K)] 47038K->40205K(59904K), 0.0093196 secs] [Times: user=0.06 sys=0.00, real=0.01 secs] 
2026-06-17T09:48:26.060+0800: 49.560: [GC (Allocation Failure) [PSYoungGen: 13143K->4914K(15360K)] 49922K->43222K(59392K), 0.0107524 secs] [Times: user=0.11 sys=0.00, real=0.02 secs] 
2026-06-17T09:48:26.093+0800: 49.593: [GC (Allocation Failure) [PSYoungGen: 14641K->5673K(13312K)] 52950K->45844K(57344K), 0.0080041 secs] [Times: user=0.09 sys=0.01, real=0.00 secs] 
2026-06-17T09:48:26.123+0800: 49.623: [GC (Allocation Failure) [PSYoungGen: 12823K->3328K(14336K)] 52994K->45701K(58368K), 0.0059017 secs] [Times: user=0.06 sys=0.00, real=0.00 secs] 
2026-06-17T09:48:26.130+0800: 49.630: [Full GC (Ergonomics) [PSYoungGen: 3328K->0K(14336K)] [ParOldGen: 42372K->25520K(44032K)] 45701K->25520K(58368K), [Metaspace: 2710K->2710K(1056768K)], 0.0057453 secs] [Times: user=0.03 sys=0.00, real=0.01 secs] 
2026-06-17T09:48:26.157+0800: 49.658: [GC (Allocation Failure) [PSYoungGen: 7164K->3953K(14848K)] 32685K->29474K(58880K), 0.0057268 secs] [Times: user=0.06 sys=0.00, real=0.01 secs] 
2026-06-17T09:48:26.185+0800: 49.685: [GC (Allocation Failure) [PSYoungGen: 12122K->2300K(14848K)] 37643K->31094K(58880K), 0.0088640 secs] [Times: user=0.11 sys=0.01, real=0.01 secs] 
2026-06-17T09:48:26.216+0800: 49.716: [GC (Allocation Failure) [PSYoungGen: 10480K->1765K(14848K)] 39274K->32225K(58880K), 0.0031871 secs] [Times: user=0.02 sys=0.00, real=0.00 secs] 
2026-06-17T09:48:26.241+0800: 49.741: [GC (Allocation Failure) [PSYoungGen: 9919K->3024K(14848K)] 40379K->33483K(58880K), 0.0121138 secs] [Times: user=0.12 sys=0.00, real=0.02 secs] 
2026-06-17T09:48:26.275+0800: 49.775: [GC (Allocation Failure) [PSYoungGen: 11196K->2624K(15360K)] 41656K->34791K(59392K), 0.0083139 secs] [Times: user=0.08 sys=0.00, real=0.01 secs] 
2026-06-17T09:48:26.305+0800: 49.805: [GC (Allocation Failure) [PSYoungGen: 11803K->2648K(15360K)] 43970K->37037K(59392K), 0.0059053 secs] [Times: user=0.05 sys=0.00, real=0.01 secs] 
2026-06-17T09:48:26.344+0800: 49.844: [GC (Allocation Failure) [PSYoungGen: 11859K->2111K(15872K)] 46247K->36499K(59904K), 0.0096463 secs] [Times: user=0.12 sys=0.01, real=0.01 secs] 
2026-06-17T09:48:26.376+0800: 49.876: [GC (Allocation Failure) [PSYoungGen: 12322K->3218K(15872K)] 46710K->39355K(59904K), 0.0077779 secs] [Times: user=0.09 sys=0.00, real=0.01 secs] 
2026-06-17T09:48:26.406+0800: 49.906: [GC (Allocation Failure) [PSYoungGen: 13447K->3870K(15872K)] 49584K->43034K(59904K), 0.0074249 secs] [Times: user=0.09 sys=0.00, real=0.01 secs] 
2026-06-17T09:48:26.446+0800: 49.946: [GC (Allocation Failure) [PSYoungGen: 14085K->1667K(15872K)] 53249K->42896K(59904K), 0.0040426 secs] [Times: user=0.02 sys=0.00, real=0.00 secs] 
2026-06-17T09:48:26.451+0800: 49.951: [Full GC (Ergonomics) [PSYoungGen: 1667K->0K(15872K)] [ParOldGen: 41229K->28844K(44032K)] 42896K->28844K(59904K), [Metaspace: 2710K->2710K(1056768K)], 0.0095341 secs] [Times: user=0.09 sys=0.00, real=0.00 secs] 
2026-06-17T09:48:26.483+0800: 49.983: [GC (Allocation Failure) [PSYoungGen: 10210K->3541K(15872K)] 39054K->32385K(59904K), 0.0043046 secs] [Times: user=0.02 sys=0.01, real=0.00 secs] 
2026-06-17T09:48:26.519+0800: 50.020: [GC (Allocation Failure) [PSYoungGen: 13781K->3640K(15872K)] 42625K->35969K(59904K), 0.0125081 secs] [Times: user=0.14 sys=0.00, real=0.02 secs] 
2026-06-17T09:48:26.554+0800: 50.054: [GC (Allocation Failure) [PSYoungGen: 13871K->4294K(15872K)] 46200K->39137K(59904K), 0.0110618 secs] [Times: user=0.12 sys=0.00, real=0.01 secs] 
2026-06-17T09:48:26.598+0800: 50.098: [GC (Allocation Failure) [PSYoungGen: 14527K->2095K(15872K)] 49370K->39431K(59904K), 0.0074608 secs] [Times: user=0.08 sys=0.00, real=0.01 secs] 
2026-06-17T09:48:26.628+0800: 50.128: [GC (Allocation Failure) [PSYoungGen: 12315K->3763K(15872K)] 49651K->42996K(59904K), 0.0071948 secs] [Times: user=0.08 sys=0.00, real=0.01 secs] 
2026-06-17T09:48:26.659+0800: 50.159: [GC (Allocation Failure) [PSYoungGen: 13979K->189K(10752K)] 53213K->42948K(54784K), 0.0046888 secs] [Times: user=0.04 sys=0.00, real=0.01 secs] 
2026-06-17T09:48:26.665+0800: 50.165: [Full GC (Ergonomics) [PSYoungGen: 189K->0K(10752K)] [ParOldGen: 42759K->23736K(44032K)] 42948K->23736K(54784K), [Metaspace: 2710K->2710K(1056768K)], 0.0099242 secs] [Times: user=0.10 sys=0.00, real=0.01 secs] 
2026-06-17T09:48:26.707+0800: 50.207: [GC (Allocation Failure) [PSYoungGen: 10237K->3357K(15360K)] 33974K->27094K(59392K), 0.0053363 secs] [Times: user=0.06 sys=0.00, real=0.01 secs] 
2026-06-17T09:48:26.735+0800: 50.235: [GC (Allocation Failure) [PSYoungGen: 12540K->3998K(15360K)] 36277K->29384K(59392K), 0.0034219 secs] [Times: user=0.01 sys=0.00, real=0.00 secs] 
2026-06-17T09:48:26.760+0800: 50.261: [GC (Allocation Failure) [PSYoungGen: 13205K->4056K(15360K)] 38591K->31790K(59392K), 0.0076160 secs] [Times: user=0.10 sys=0.00, real=0.01 secs] 
2026-06-17T09:48:26.790+0800: 50.291: [GC (Allocation Failure) [PSYoungGen: 13236K->822K(15360K)] 40970K->30425K(59392K), 0.0031720 secs] [Times: user=0.02 sys=0.00, real=0.01 secs] 
2026-06-17T09:48:26.826+0800: 50.326: [GC (Allocation Failure) [PSYoungGen: 10038K->2195K(15360K)] 39641K->32597K(59392K), 0.0181629 secs] [Times: user=0.15 sys=0.01, real=0.02 secs] 
2026-06-17T09:48:26.866+0800: 50.366: [GC (Allocation Failure) [PSYoungGen: 11408K->2853K(15360K)] 41810K->34633K(59392K), 0.0098139 secs] [Times: user=0.09 sys=0.00, real=0.01 secs] 
2026-06-17T09:48:26.898+0800: 50.398: [GC (Allocation Failure) [PSYoungGen: 12049K->2936K(15872K)] 43829K->37134K(59904K), 0.0101905 secs] [Times: user=0.10 sys=0.00, real=0.01 secs] 
2026-06-17T09:48:26.930+0800: 50.430: [GC (Allocation Failure) [PSYoungGen: 13169K->1124K(15872K)] 47367K->37057K(59904K), 0.0028463 secs] [Times: user=0.02 sys=0.00, real=0.01 secs] 
2026-06-17T09:48:26.965+0800: 50.465: [GC (Allocation Failure) [PSYoungGen: 11358K->3236K(15872K)] 47291K->40270K(59904K), 0.0087568 secs] [Times: user=0.08 sys=0.00, real=0.01 secs] 
2026-06-17T09:48:26.996+0800: 50.496: [GC (Allocation Failure) [PSYoungGen: 13435K->5125K(15872K)] 50468K->43479K(59904K), 0.0043032 secs] [Times: user=0.03 sys=0.00, real=0.00 secs] 
2026-06-17T09:48:27.033+0800: 50.533: [GC (Allocation Failure) [PSYoungGen: 15338K->2684K(14848K)] 53693K->43315K(58880K), 0.0100419 secs] [Times: user=0.11 sys=0.01, real=0.01 secs] 
2026-06-17T09:48:27.065+0800: 50.566: [GC (Allocation Failure) [PSYoungGen: 11892K->3093K(15360K)] 52524K->45418K(59392K), 0.0075375 secs] [Times: user=0.09 sys=0.00, real=0.01 secs] 
2026-06-17T09:48:27.074+0800: 50.574: [Full GC (Ergonomics) [PSYoungGen: 3093K->0K(15360K)] [ParOldGen: 42324K->25350K(44032K)] 45418K->25350K(59392K), [Metaspace: 2710K->2710K(1056768K)], 0.0048152 secs] [Times: user=0.02 sys=0.00, real=0.00 secs] 
2026-06-17T09:48:27.101+0800: 50.601: [GC (Allocation Failure) [PSYoungGen: 9203K->5549K(13824K)] 34554K->30900K(57856K), 0.0104005 secs] [Times: user=0.12 sys=0.01, real=0.02 secs] 
2026-06-17T09:48:27.134+0800: 50.634: [GC (Allocation Failure) [PSYoungGen: 13722K->3783K(14848K)] 39073K->32032K(58880K), 0.0027511 secs] [Times: user=0.01 sys=0.00, real=0.00 secs] 
2026-06-17T09:48:27.159+0800: 50.659: [GC (Allocation Failure) [PSYoungGen: 11968K->2255K(15360K)] 40218K->33517K(59392K), 0.0055591 secs] [Times: user=0.06 sys=0.00, real=0.01 secs] 
2026-06-17T09:48:27.186+0800: 50.686: [GC (Allocation Failure) [PSYoungGen: 11451K->2561K(15360K)] 42714K->35918K(59392K), 0.0035483 secs] [Times: user=0.02 sys=0.00, real=0.00 secs] 
2026-06-17T09:48:27.212+0800: 50.712: [GC (Allocation Failure) [PSYoungGen: 11776K->4834K(14336K)] 45133K->38190K(58368K), 0.0027694 secs] [Times: user=0.02 sys=0.00, real=0.00 secs] 
2026-06-17T09:48:27.236+0800: 50.737: [GC (Allocation Failure) [PSYoungGen: 13022K->3902K(14848K)] 46379K->39355K(58880K), 0.0022586 secs] [Times: user=0.01 sys=0.00, real=0.00 secs] 
2026-06-17T09:48:27.260+0800: 50.761: [GC (Allocation Failure) [PSYoungGen: 12086K->3119K(15360K)] 47539K->40583K(59392K), 0.0032292 secs] [Times: user=0.02 sys=0.01, real=0.01 secs] 
2026-06-17T09:48:27.296+0800: 50.796: [GC (Allocation Failure) [PSYoungGen: 12329K->1974K(15360K)] 49794K->39439K(59392K), 0.0155841 secs] [Times: user=0.16 sys=0.00, real=0.02 secs] 
2026-06-17T09:48:27.334+0800: 50.834: [GC (Allocation Failure) [PSYoungGen: 11186K->2925K(15872K)] 48651K->42148K(59904K), 0.0050627 secs] [Times: user=0.05 sys=0.00, real=0.00 secs] 
2026-06-17T09:48:27.361+0800: 50.861: [GC (Allocation Failure) [PSYoungGen: 12607K->4206K(15360K)] 51830K->45163K(59392K), 0.0034684 secs] [Times: user=0.03 sys=0.00, real=0.01 secs] 
2026-06-17T09:48:27.387+0800: 50.887: [GC (Allocation Failure) --[PSYoungGen: 13832K->13832K(15360K)] 54789K->57743K(59392K), 0.0042030 secs] [Times: user=0.04 sys=0.00, real=0.01 secs] 
2026-06-17T09:48:27.392+0800: 50.892: [Full GC (Ergonomics) [PSYoungGen: 13832K->0K(15360K)] [ParOldGen: 43911K->30731K(44032K)] 57743K->30731K(59392K), [Metaspace: 2710K->2710K(1056768K)], 0.0094439 secs] [Times: user=0.11 sys=0.00, real=0.00 secs] 
2026-06-17T09:48:27.434+0800: 50.934: [GC (Allocation Failure) [PSYoungGen: 9728K->3097K(15872K)] 40459K->33829K(59904K), 0.0132741 secs] [Times: user=0.14 sys=0.00, real=0.01 secs] 
2026-06-17T09:48:27.469+0800: 50.969: [GC (Allocation Failure) [PSYoungGen: 12825K->4157K(15360K)] 43557K->36582K(59392K), 0.0088010 secs] [Times: user=0.09 sys=0.00, real=0.01 secs] 
2026-06-17T09:48:27.510+0800: 51.010: [GC (Allocation Failure) [PSYoungGen: 13882K->2265K(15872K)] 46307K->36399K(59904K), 0.0085168 secs] [Times: user=0.09 sys=0.00, real=0.01 secs] 
2026-06-17T09:48:27.541+0800: 51.041: [GC (Allocation Failure) [PSYoungGen: 11969K->3281K(15360K)] 46103K->39403K(59392K), 0.0036855 secs] [Times: user=0.03 sys=0.00, real=0.01 secs] 
2026-06-17T09:48:27.566+0800: 51.066: [GC (Allocation Failure) [PSYoungGen: 12988K->298K(14848K)] 49110K->38536K(58880K), 0.0089533 secs] [Times: user=0.10 sys=0.00, real=0.01 secs] 
2026-06-17T09:48:27.608+0800: 51.108: [GC (Allocation Failure) [PSYoungGen: 9489K->2129K(15360K)] 47728K->40641K(59392K), 0.0090939 secs] [Times: user=0.12 sys=0.00, real=0.01 secs] 
2026-06-17T09:48:27.639+0800: 51.139: [GC (Allocation Failure) [PSYoungGen: 11334K->2076K(15872K)] 49847K->42685K(59904K), 0.0064718 secs] [Times: user=0.07 sys=0.00, real=0.01 secs] 
2026-06-17T09:48:27.668+0800: 51.168: [GC (Allocation Failure) [PSYoungGen: 12299K->3590K(15872K)] 52909K->45968K(59904K), 0.0066157 secs] [Times: user=0.06 sys=0.00, real=0.01 secs] 
2026-06-17T09:48:27.676+0800: 51.176: [Full GC (Ergonomics) [PSYoungGen: 3590K->0K(15872K)] [ParOldGen: 42377K->26256K(44032K)] 45968K->26256K(59904K), [Metaspace: 2710K->2710K(1056768K)], 0.0073546 secs] [Times: user=0.04 sys=0.01, real=0.01 secs] 
2026-06-17T09:48:27.706+0800: 51.206: [GC (Allocation Failure) [PSYoungGen: 10189K->3396K(15872K)] 36446K->29653K(59904K), 0.0034700 secs] [Times: user=0.02 sys=0.00, real=0.00 secs] 
2026-06-17T09:48:27.742+0800: 51.242: [GC (Allocation Failure) [PSYoungGen: 13622K->2889K(15872K)] 39878K->32491K(59904K), 0.0107585 secs] [Times: user=0.12 sys=0.01, real=0.02 secs] 
2026-06-17T09:48:27.785+0800: 51.285: [GC (Allocation Failure) [PSYoungGen: 13123K->2779K(16384K)] 42725K->32547K(60416K), 0.0084753 secs] [Times: user=0.09 sys=0.00, real=0.01 secs] 
2026-06-17T09:48:27.815+0800: 51.316: [GC (Allocation Failure) [PSYoungGen: 13516K->4957K(15872K)] 43285K->36408K(59904K), 0.0088420 secs] [Times: user=0.12 sys=0.00, real=0.01 secs] 
2026-06-17T09:48:27.857+0800: 51.357: [GC (Allocation Failure) [PSYoungGen: 15703K->3499K(15872K)] 47154K->36848K(59904K), 0.0050332 secs] [Times: user=0.04 sys=0.00, real=0.01 secs] 
2026-06-17T09:48:27.884+0800: 51.384: [GC (Allocation Failure) [PSYoungGen: 13699K->3609K(15872K)] 47048K->39584K(59904K), 0.0082816 secs] [Times: user=0.10 sys=0.00, real=0.01 secs] 
2026-06-17T09:48:27.914+0800: 51.414: [GC (Allocation Failure) [PSYoungGen: 13656K->921K(15872K)] 49631K->38740K(59904K), 0.0039528 secs] [Times: user=0.02 sys=0.00, real=0.00 secs] 
2026-06-17T09:48:27.951+0800: 51.451: [GC (Allocation Failure) [PSYoungGen: 11142K->3590K(15872K)] 48962K->42307K(59904K), 0.0050080 secs] [Times: user=0.04 sys=0.00, real=0.00 secs] 
2026-06-17T09:48:27.988+0800: 51.488: [GC (Allocation Failure) [PSYoungGen: 13788K->2845K(15872K)] 52505K->42674K(59904K), 0.0067646 secs] [Times: user=0.08 sys=0.00, real=0.01 secs] 
2026-06-17T09:48:28.016+0800: 51.516: [GC (Allocation Failure) [PSYoungGen: 13044K->3923K(15872K)] 52873K->45831K(59904K), 0.0057396 secs] [Times: user=0.06 sys=0.00, real=0.00 secs] 
2026-06-17T09:48:28.023+0800: 51.523: [Full GC (Ergonomics) [PSYoungGen: 3923K->0K(15872K)] [ParOldGen: 41908K->27273K(44032K)] 45831K->27273K(59904K), [Metaspace: 2710K->2710K(1056768K)], 0.0070921 secs] [Times: user=0.06 sys=0.01, real=0.00 secs] 
2026-06-17T09:48:28.062+0800: 51.562: [GC (Allocation Failure) [PSYoungGen: 10216K->3379K(15872K)] 37489K->30652K(59904K), 0.0148668 secs] [Times: user=0.14 sys=0.00, real=0.02 secs] 
2026-06-17T09:48:28.091+0800: 51.591: [GC (Allocation Failure) [PSYoungGen: 13612K->2850K(15872K)] 40885K->33433K(59904K), 0.0114377 secs] [Times: user=0.12 sys=0.00, real=0.01 secs] 
2026-06-17T09:48:28.135+0800: 51.635: [GC (Allocation Failure) [PSYoungGen: 13040K->2947K(16384K)] 43624K->36357K(60416K), 0.0082553 secs] [Times: user=0.09 sys=0.00, real=0.01 secs] 
2026-06-17T09:48:28.175+0800: 51.676: [GC (Allocation Failure) [PSYoungGen: 14200K->3282K(16384K)] 47610K->37031K(60416K), 0.0078325 secs] [Times: user=0.10 sys=0.00, real=0.01 secs] 
2026-06-17T09:48:28.216+0800: 51.716: [GC (Allocation Failure) [PSYoungGen: 14546K->2645K(16384K)] 48295K->38093K(60416K), 0.0075793 secs] [Times: user=0.09 sys=0.00, real=0.01 secs] 
2026-06-17T09:48:28.256+0800: 51.756: [GC (Allocation Failure) [PSYoungGen: 13889K->2140K(16384K)] 49338K->39450K(60416K), 0.0034742 secs] [Times: user=0.02 sys=0.00, real=0.00 secs] 
2026-06-17T09:48:28.282+0800: 51.782: [GC (Allocation Failure) [PSYoungGen: 13375K->4530K(16384K)] 50685K->43572K(60416K), 0.0033833 secs] [Times: user=0.02 sys=0.00, real=0.01 secs] 
2026-06-17T09:48:28.317+0800: 51.818: [GC (Allocation Failure) [PSYoungGen: 15764K->3689K(15360K)] 54806K->44328K(59392K), 0.0031101 secs] [Times: user=0.01 sys=0.00, real=0.00 secs] 
2026-06-17T09:48:28.343+0800: 51.843: [GC (Allocation Failure) [PSYoungGen: 14953K->4653K(15872K)] 55592K->48485K(59904K), 0.0111512 secs] [Times: user=0.10 sys=0.00, real=0.01 secs] 
2026-06-17T09:48:28.355+0800: 51.856: [Full GC (Ergonomics) [PSYoungGen: 4653K->0K(15872K)] [ParOldGen: 43832K->26716K(44032K)] 48485K->26716K(59904K), [Metaspace: 2710K->2710K(1056768K)], 0.0139003 secs] [Times: user=0.15 sys=0.01, real=0.01 secs] 
2026-06-17T09:48:28.402+0800: 51.902: [GC (Allocation Failure) [PSYoungGen: 10207K->3060K(15872K)] 36923K->29776K(59904K), 0.0053009 secs] [Times: user=0.04 sys=0.01, real=0.01 secs] 
2026-06-17T09:48:28.429+0800: 51.930: [GC (Allocation Failure) [PSYoungGen: 13300K->3396K(15872K)] 40016K->32845K(59904K), 0.0037739 secs] [Times: user=0.02 sys=0.00, real=0.01 secs] 
2026-06-17T09:48:28.465+0800: 51.966: [GC (Allocation Failure) [PSYoungGen: 13607K->2444K(15872K)] 43056K->31893K(59904K), 0.0093264 secs] [Times: user=0.08 sys=0.00, real=0.01 secs] 
2026-06-17T09:48:28.497+0800: 51.997: [GC (Allocation Failure) [PSYoungGen: 12659K->3601K(16384K)] 42108K->35261K(60416K), 0.0116223 secs] [Times: user=0.13 sys=0.00, real=0.01 secs] 
2026-06-17T09:48:28.531+0800: 52.031: [GC (Allocation Failure) [PSYoungGen: 14823K->5117K(16384K)] 46482K->39309K(60416K), 0.0046275 secs] [Times: user=0.04 sys=0.01, real=0.00 secs] 
2026-06-17T09:48:28.568+0800: 52.068: [GC (Allocation Failure) [PSYoungGen: 16351K->4230K(14336K)] 50543K->40587K(58368K), 0.0075125 secs] [Times: user=0.07 sys=0.00, real=0.01 secs] 
2026-06-17T09:48:28.597+0800: 52.097: [GC (Allocation Failure) [PSYoungGen: 13421K->3307K(15360K)] 49778K->42815K(59392K), 0.0076939 secs] [Times: user=0.10 sys=0.00, real=0.01 secs] 
2026-06-17T09:48:28.627+0800: 52.127: [GC (Allocation Failure) [PSYoungGen: 12477K->5274K(14848K)] 51985K->44782K(58880K), 0.0082694 secs] [Times: user=0.10 sys=0.00, real=0.01 secs] 
2026-06-17T09:48:28.658+0800: 52.158: [GC (Allocation Failure) [PSYoungGen: 14489K->5320K(14848K)] 53997K->46842K(58880K), 0.0032861 secs] [Times: user=0.01 sys=0.00, real=0.00 secs] 
2026-06-17T09:48:28.662+0800: 52.163: [Full GC (Ergonomics) [PSYoungGen: 5320K->0K(14848K)] [ParOldGen: 41522K->34217K(44032K)] 46842K->34217K(58880K), [Metaspace: 2710K->2710K(1056768K)], 0.0109454 secs] [Times: user=0.13 sys=0.00, real=0.02 secs] 
2026-06-17T09:48:28.706+0800: 52.206: [GC (Allocation Failure) [PSYoungGen: 9196K->2422K(14848K)] 43414K->36640K(58880K), 0.0041607 secs] [Times: user=0.03 sys=0.00, real=0.01 secs] 
2026-06-17T09:48:28.732+0800: 52.232: [GC (Allocation Failure) [PSYoungGen: 10598K->1929K(14848K)] 44815K->37909K(58880K), 0.0095885 secs] [Times: user=0.09 sys=0.00, real=0.00 secs] 
2026-06-17T09:48:28.764+0800: 52.264: [GC (Allocation Failure) [PSYoungGen: 10107K->3712K(15360K)] 46087K->39692K(59392K), 0.0098154 secs] [Times: user=0.10 sys=0.00, real=0.01 secs] 
2026-06-17T09:48:28.796+0800: 52.296: [GC (Allocation Failure) [PSYoungGen: 12400K->3103K(14848K)] 48380K->40950K(58880K), 0.0088283 secs] [Times: user=0.09 sys=0.01, real=0.01 secs] 
2026-06-17T09:48:28.827+0800: 52.327: [GC (Allocation Failure) [PSYoungGen: 11786K->2991K(15360K)] 49633K->42600K(59392K), 0.0040542 secs] [Times: user=0.04 sys=0.00, real=0.01 secs] 
2026-06-17T09:48:28.854+0800: 52.354: [GC (Allocation Failure) [PSYoungGen: 12188K->3556K(15360K)] 51797K->44639K(59392K), 0.0085262 secs] [Times: user=0.10 sys=0.01, real=0.01 secs] 
2026-06-17T09:48:28.863+0800: 52.363: [Full GC (Ergonomics) [PSYoungGen: 3556K->0K(15360K)] [ParOldGen: 41083K->31660K(44032K)] 44639K->31660K(59392K), [Metaspace: 2710K->2710K(1056768K)], 0.0057555 secs] [Times: user=0.03 sys=0.00, real=0.00 secs] 
2026-06-17T09:48:28.891+0800: 52.392: [GC (Allocation Failure) [PSYoungGen: 9191K->5611K(13824K)] 40851K->37433K(57856K), 0.0035942 secs] [Times: user=0.02 sys=0.00, real=0.00 secs] 
2026-06-17T09:48:28.917+0800: 52.417: [GC (Allocation Failure) [PSYoungGen: 13771K->2795K(14848K)] 45593K->38684K(58880K), 0.0042092 secs] [Times: user=0.03 sys=0.00, real=0.00 secs] 
2026-06-17T09:48:28.944+0800: 52.444: [GC (Allocation Failure) [PSYoungGen: 10987K->4014K(15360K)] 46876K->39903K(59392K), 0.0033430 secs] [Times: user=0.03 sys=0.00, real=0.00 secs] 
2026-06-17T09:48:28.969+0800: 52.469: [GC (Allocation Failure) [PSYoungGen: 13184K->4382K(15360K)] 49073K->42196K(59392K), 0.0131493 secs] [Times: user=0.14 sys=0.00, real=0.02 secs] 
2026-06-17T09:48:29.005+0800: 52.505: [GC (Allocation Failure) [PSYoungGen: 13442K->1132K(14336K)] 51257K->40956K(58368K), 0.0102585 secs] [Times: user=0.11 sys=0.00, real=0.01 secs] 
2026-06-17T09:48:29.047+0800: 52.547: [GC (Allocation Failure) [PSYoungGen: 9313K->1076K(14848K)] 49137K->42008K(58880K), 0.0089414 secs] [Times: user=0.11 sys=0.00, real=0.01 secs] 
2026-06-17T09:48:29.057+0800: 52.557: [Full GC (Ergonomics) [PSYoungGen: 1076K->0K(14848K)] [ParOldGen: 40932K->27884K(44032K)] 42008K->27884K(58880K), [Metaspace: 2710K->2710K(1056768K)], 0.0061548 secs] [Times: user=0.03 sys=0.01, real=0.01 secs] 
2026-06-17T09:48:29.075+0800: 52.575: [GC (Allocation Failure) [PSYoungGen: 8152K->6647K(13824K)] 36037K->36081K(57856K), 0.0067644 secs] [Times: user=0.08 sys=0.00, real=0.00 secs] 
2026-06-17T09:48:29.104+0800: 52.604: [GC (Allocation Failure) [PSYoungGen: 13796K->3010K(14336K)] 43230K->37028K(58368K), 0.0056959 secs] [Times: user=0.05 sys=0.00, real=0.00 secs] 
2026-06-17T09:48:29.132+0800: 52.632: [GC (Allocation Failure) [PSYoungGen: 10176K->2181K(14336K)] 44194K->37539K(58368K), 0.0081748 secs] [Times: user=0.10 sys=0.00, real=0.00 secs] 
2026-06-17T09:48:29.151+0800: 52.652: [GC (Allocation Failure) [PSYoungGen: 9128K->518K(14336K)] 44486K->37969K(58368K), 0.0036061 secs] [Times: user=0.02 sys=0.00, real=0.00 secs] 
2026-06-17T09:48:29.177+0800: 52.677: [GC (Allocation Failure) [PSYoungGen: 7651K->3543K(14336K)] 45102K->41489K(58368K), 0.0110567 secs] [Times: user=0.08 sys=0.00, real=0.01 secs] 
2026-06-17T09:48:29.210+0800: 52.711: [GC (Allocation Failure) [PSYoungGen: 10676K->2632K(14336K)] 48621K->41572K(58368K), 0.0051067 secs] [Times: user=0.04 sys=0.01, real=0.00 secs] 
2026-06-17T09:48:29.237+0800: 52.737: [GC (Allocation Failure) [PSYoungGen: 9763K->647K(14336K)] 48703K->41718K(58368K), 0.0036411 secs] [Times: user=0.03 sys=0.00, real=0.00 secs] 
2026-06-17T09:48:29.242+0800: 52.742: [Full GC (Ergonomics) [PSYoungGen: 647K->0K(14336K)] [ParOldGen: 41071K->22198K(44032K)] 41718K->22198K(58368K), [Metaspace: 2710K->2710K(1056768K)], 0.0116326 secs] [Times: user=0.12 sys=0.00, real=0.02 secs] 
2026-06-17T09:48:29.266+0800: 52.766: [GC (Allocation Failure) [PSYoungGen: 7131K->7147K(14336K)] 29330K->29421K(58368K), 0.0104798 secs] [Times: user=0.12 sys=0.00, real=0.01 secs] 
2026-06-17T09:48:29.298+0800: 52.798: [GC (Allocation Failure) [PSYoungGen: 14307K->2926K(14336K)] 36581K->29648K(58368K), 0.0033117 secs] [Times: user=0.01 sys=0.00, real=0.00 secs] 
2026-06-17T09:48:29.324+0800: 52.824: [GC (Allocation Failure) [PSYoungGen: 10072K->3470K(14336K)] 36794K->30192K(58368K), 0.0040709 secs] [Times: user=0.03 sys=0.00, real=0.00 secs] 
2026-06-17T09:48:29.339+0800: 52.840: [GC (Allocation Failure) [PSYoungGen: 10519K->1512K(14336K)] 37241K->30093K(58368K), 0.0024596 secs] [Times: user=0.01 sys=0.00, real=0.01 secs] 
2026-06-17T09:48:29.364+0800: 52.864: [GC (Allocation Failure) [PSYoungGen: 8650K->3700K(14336K)] 37232K->33770K(58368K), 0.0139782 secs] [Times: user=0.12 sys=0.00, real=0.01 secs] 
2026-06-17T09:48:29.400+0800: 52.900: [GC (Allocation Failure) [PSYoungGen: 10843K->2508K(14336K)] 40913K->34296K(58368K), 0.0118693 secs] [Times: user=0.11 sys=0.00, real=0.02 secs] 
2026-06-17T09:48:29.434+0800: 52.934: [GC (Allocation Failure) [PSYoungGen: 9673K->1131K(14336K)] 41462K->34738K(58368K), 0.0071611 secs] [Times: user=0.08 sys=0.00, real=0.00 secs] 
2026-06-17T09:48:29.453+0800: 52.953: [GC (Allocation Failure) [PSYoungGen: 8297K->4777K(14336K)] 41903K->38383K(58368K), 0.0095027 secs] [Times: user=0.10 sys=0.01, real=0.01 secs] 
2026-06-17T09:48:29.484+0800: 52.984: [GC (Allocation Failure) [PSYoungGen: 11945K->2858K(14336K)] 45551K->38538K(58368K), 0.0028401 secs] [Times: user=0.02 sys=0.00, real=0.00 secs] 
2026-06-17T09:48:29.508+0800: 53.008: [GC (Allocation Failure) [PSYoungGen: 10013K->3000K(14848K)] 45693K->38680K(58880K), 0.0033774 secs] [Times: user=0.01 sys=0.00, real=0.01 secs] 
2026-06-17T09:48:29.533+0800: 53.033: [GC (Allocation Failure) [PSYoungGen: 10636K->1852K(14336K)] 46316K->39252K(58368K), 0.0158023 secs] [Times: user=0.15 sys=0.00, real=0.01 secs] 
2026-06-17T09:48:29.571+0800: 53.071: [GC (Allocation Failure) [PSYoungGen: 9525K->501K(14848K)] 46925K->39729K(58880K), 0.0111754 secs] [Times: user=0.11 sys=0.00, real=0.00 secs] 
2026-06-17T09:48:29.593+0800: 53.094: [GC (Allocation Failure) [PSYoungGen: 8683K->5126K(13824K)] 47911K->44354K(57856K), 0.0093924 secs] [Times: user=0.12 sys=0.00, real=0.01 secs] 
2026-06-17T09:48:29.625+0800: 53.125: [GC (Allocation Failure) [PSYoungGen: 13318K->3628K(14336K)] 52546K->44975K(58368K), 0.0033811 secs] [Times: user=0.02 sys=0.00, real=0.00 secs] 
2026-06-17T09:48:29.629+0800: 53.129: [Full GC (Ergonomics) [PSYoungGen: 3628K->0K(14336K)] [ParOldGen: 41346K->31595K(44032K)] 44975K->31595K(58368K), [Metaspace: 2710K->2710K(1056768K)], 0.0049574 secs] [Times: user=0.02 sys=0.00, real=0.01 secs] 
2026-06-17T09:48:29.656+0800: 53.156: [GC (Allocation Failure) [PSYoungGen: 7154K->3553K(14336K)] 38749K->35148K(58368K), 0.0090959 secs] [Times: user=0.12 sys=0.00, real=0.01 secs] 
2026-06-17T09:48:29.677+0800: 53.177: [GC (Allocation Failure) [PSYoungGen: 10548K->752K(14848K)] 42143K->35516K(58880K), 0.0062928 secs] [Times: user=0.07 sys=0.00, real=0.01 secs] 
2026-06-17T09:48:29.716+0800: 53.216: [GC (Allocation Failure) [PSYoungGen: 8926K->1047K(14848K)] 43691K->36540K(58880K), 0.0164379 secs] [Times: user=0.12 sys=0.00, real=0.02 secs] 
2026-06-17T09:48:29.744+0800: 53.245: [GC (Allocation Failure) [PSYoungGen: 9211K->4971K(13824K)] 44703K->41479K(57856K), 0.0090273 secs] [Times: user=0.08 sys=0.00, real=0.01 secs] 
2026-06-17T09:48:29.775+0800: 53.275: [GC (Allocation Failure) [PSYoungGen: 12120K->3274K(14336K)] 48628K->42012K(58368K), 0.0086161 secs] [Times: user=0.10 sys=0.00, real=0.01 secs] 
2026-06-17T09:48:29.806+0800: 53.306: [GC (Allocation Failure) [PSYoungGen: 10413K->3347K(14848K)] 49152K->42085K(58880K), 0.0058135 secs] [Times: user=0.05 sys=0.00, real=0.01 secs] 
2026-06-17T09:48:29.823+0800: 53.323: [GC (Allocation Failure) [PSYoungGen: 10950K->1915K(14336K)] 49688K->42698K(58368K), 0.0076754 secs] [Times: user=0.08 sys=0.01, real=0.01 secs] 
2026-06-17T09:48:29.831+0800: 53.331: [Full GC (Ergonomics) [PSYoungGen: 1915K->0K(14336K)] [ParOldGen: 40783K->29993K(44032K)] 42698K->29993K(58368K), [Metaspace: 2710K->2710K(1056768K)], 0.0067496 secs] [Times: user=0.05 sys=0.00, real=0.00 secs] 
2026-06-17T09:48:29.870+0800: 53.371: [GC (Allocation Failure) [PSYoungGen: 7626K->543K(14848K)] 37620K->30536K(58880K), 0.0108459 secs] [Times: user=0.13 sys=0.00, real=0.00 secs] 
2026-06-17T09:48:29.893+0800: 53.393: [GC (Allocation Failure) [PSYoungGen: 8732K->4709K(13312K)] 38726K->34813K(57344K), 0.0031117 secs] [Times: user=0.03 sys=0.00, real=0.00 secs] 
2026-06-17T09:48:29.920+0800: 53.420: [GC (Allocation Failure) [PSYoungGen: 12889K->3945K(14336K)] 42993K->36310K(58368K), 0.0050808 secs] [Times: user=0.05 sys=0.00, real=0.01 secs] 
2026-06-17T09:48:29.947+0800: 53.447: [GC (Allocation Failure) [PSYoungGen: 11080K->2485K(14336K)] 43445K->36350K(58368K), 0.0032435 secs] [Times: user=0.02 sys=0.00, real=0.00 secs] 
2026-06-17T09:48:29.962+0800: 53.462: [GC (Allocation Failure) [PSYoungGen: 9643K->537K(14848K)] 43508K->36763K(58880K), 0.0054444 secs] [Times: user=0.06 sys=0.00, real=0.01 secs] 
2026-06-17T09:48:29.989+0800: 53.489: [GC (Allocation Failure) [PSYoungGen: 8724K->4616K(13312K)] 44950K->41355K(57344K), 0.0019390 secs] [Times: user=0.01 sys=0.00, real=0.01 secs] 
2026-06-17T09:48:30.013+0800: 53.513: [GC (Allocation Failure) [PSYoungGen: 12788K->4252K(14336K)] 49527K->42252K(58368K), 0.0205488 secs] [Times: user=0.09 sys=0.00, real=0.02 secs] 
2026-06-17T09:48:30.064+0800: 53.565: [GC (Allocation Failure) [PSYoungGen: 11416K->2337K(14336K)] 49415K->42769K(58368K), 0.0087340 secs] [Times: user=0.10 sys=0.00, real=0.01 secs] 
2026-06-17T09:48:30.095+0800: 53.595: [GC (Allocation Failure) [PSYoungGen: 9504K->2575K(14848K)] 49935K->43006K(58880K), 0.0062313 secs] [Times: user=0.07 sys=0.00, real=0.00 secs] 
2026-06-17T09:48:30.113+0800: 53.613: [GC (Allocation Failure) [PSYoungGen: 9941K->1384K(14336K)] 50373K->43729K(58368K), 0.0028093 secs] [Times: user=0.02 sys=0.00, real=0.00 secs] 
2026-06-17T09:48:30.117+0800: 53.617: [Full GC (Ergonomics) [PSYoungGen: 1384K->0K(14336K)] [ParOldGen: 42345K->34140K(44032K)] 43729K->34140K(58368K), [Metaspace: 2710K->2710K(1056768K)], 0.0087846 secs] [Times: user=0.09 sys=0.00, real=0.01 secs] 
2026-06-17T09:48:30.148+0800: 53.648: [GC (Allocation Failure) [PSYoungGen: 7673K->4145K(14848K)] 41813K->38285K(58880K), 0.0033918 secs] [Times: user=0.03 sys=0.00, real=0.01 secs] 
2026-06-17T09:48:30.173+0800: 53.673: [GC (Allocation Failure) [PSYoungGen: 12328K->4876K(13312K)] 46468K->39806K(57344K), 0.0093460 secs] [Times: user=0.12 sys=0.00, real=0.01 secs] 
2026-06-17T09:48:30.205+0800: 53.705: [GC (Allocation Failure) [PSYoungGen: 13029K->3149K(14848K)] 47959K->41091K(58880K), 0.0031035 secs] [Times: user=0.01 sys=0.00, real=0.00 secs] 
2026-06-17T09:48:30.230+0800: 53.730: [GC (Allocation Failure) [PSYoungGen: 10821K->4176K(14336K)] 48764K->42118K(58368K), 0.0131116 secs] [Times: user=0.14 sys=0.01, real=0.02 secs] 
2026-06-17T09:48:30.265+0800: 53.765: [GC (Allocation Failure) [PSYoungGen: 11833K->2722K(14848K)] 49775K->43018K(58880K), 0.0098980 secs] [Times: user=0.09 sys=0.00, real=0.01 secs] 
2026-06-17T09:48:30.297+0800: 53.797: [GC (Allocation Failure) [PSYoungGen: 10893K->1704K(14848K)] 51190K->43814K(58880K), 0.0067490 secs] [Times: user=0.08 sys=0.00, real=0.01 secs] 
2026-06-17T09:48:30.304+0800: 53.805: [Full GC (Ergonomics) [PSYoungGen: 1704K->0K(14848K)] [ParOldGen: 42109K->33980K(44032K)] 43814K->33980K(58880K), [Metaspace: 2710K->2710K(1056768K)], 0.0074608 secs] [Times: user=0.07 sys=0.00, real=0.01 secs] 
2026-06-17T09:48:30.334+0800: 53.834: [GC (Allocation Failure) [PSYoungGen: 8166K->4825K(14848K)] 42146K->38805K(58880K), 0.0086276 secs] [Times: user=0.11 sys=0.00, real=0.01 secs] 
2026-06-17T09:48:30.365+0800: 53.865: [GC (Allocation Failure) [PSYoungGen: 13005K->2579K(14848K)] 46985K->40280K(58880K), 0.0030714 secs] [Times: user=0.01 sys=0.00, real=0.00 secs] 
2026-06-17T09:48:30.390+0800: 53.890: [GC (Allocation Failure) [PSYoungGen: 10754K->2289K(14848K)] 48455K->41928K(58880K), 0.0098614 secs] [Times: user=0.10 sys=0.01, real=0.01 secs] 
2026-06-17T09:48:30.422+0800: 53.923: [GC (Allocation Failure) [PSYoungGen: 10447K->3675K(14848K)] 50086K->43314K(58880K), 0.0051597 secs] [Times: user=0.03 sys=0.00, real=0.01 secs] 
2026-06-17T09:48:30.441+0800: 53.941: [GC (Allocation Failure) [PSYoungGen: 11621K->2342K(15360K)] 51260K->44177K(59392K), 0.0128589 secs] [Times: user=0.11 sys=0.01, real=0.02 secs] 
2026-06-17T09:48:30.455+0800: 53.955: [Full GC (Ergonomics) [PSYoungGen: 2342K->0K(15360K)] [ParOldGen: 41834K->23251K(44032K)] 44177K->23251K(59392K), [Metaspace: 2710K->2710K(1056768K)], 0.0103471 secs] [Times: user=0.07 sys=0.00, real=0.01 secs] 
2026-06-17T09:48:30.499+0800: 53.999: [GC (Allocation Failure) [PSYoungGen: 9215K->2317K(15360K)] 32466K->25569K(59392K), 0.0117158 secs] [Times: user=0.11 sys=0.00, real=0.02 secs] 
2026-06-17T09:48:30.534+0800: 54.034: [GC (Allocation Failure) [PSYoungGen: 11521K->4358K(15360K)] 34772K->28107K(59392K), 0.0091805 secs] [Times: user=0.08 sys=0.01, real=0.01 secs] 
2026-06-17T09:48:30.567+0800: 54.067: [GC (Allocation Failure) [PSYoungGen: 13558K->4422K(13824K)] 37306K->30039K(57856K), 0.0074328 secs] [Times: user=0.03 sys=0.00, real=0.01 secs] 
2026-06-17T09:48:30.598+0800: 54.098: [GC (Allocation Failure) [PSYoungGen: 13615K->1375K(14848K)] 39232K->28858K(58880K), 0.0056912 secs] [Times: user=0.03 sys=0.00, real=0.01 secs] 
2026-06-17T09:48:30.637+0800: 54.137: [GC (Allocation Failure) [PSYoungGen: 9535K->968K(14848K)] 37019K->29803K(58880K), 0.0067684 secs] [Times: user=0.04 sys=0.01, real=0.01 secs] 
2026-06-17T09:48:30.657+0800: 54.157: [GC (Allocation Failure) [PSYoungGen: 9137K->5503K(13824K)] 37972K->34592K(57856K), 0.0105369 secs] [Times: user=0.07 sys=0.01, real=0.01 secs] 
2026-06-17T09:48:30.691+0800: 54.191: [GC (Allocation Failure) [PSYoungGen: 12633K->3361K(14336K)] 41722K->34405K(58368K), 0.0112444 secs] [Times: user=0.10 sys=0.00, real=0.01 secs] 
2026-06-17T09:48:30.715+0800: 54.215: [GC (Allocation Failure) [PSYoungGen: 9455K->2012K(14848K)] 40499K->33056K(58880K), 0.0105497 secs] [Times: user=0.12 sys=0.00, real=0.01 secs] 
2026-06-17T09:48:30.748+0800: 54.248: [GC (Allocation Failure) [PSYoungGen: 10194K->4782K(13312K)] 41238K->37814K(57344K), 0.0063839 secs] [Times: user=0.04 sys=0.01, real=0.01 secs] 
2026-06-17T09:48:30.778+0800: 54.278: [GC (Allocation Failure) [PSYoungGen: 12937K->4624K(14336K)] 45969K->39167K(58368K), 0.0061581 secs] [Times: user=0.04 sys=0.00, real=0.01 secs] 
2026-06-17T09:48:30.808+0800: 54.308: [GC (Allocation Failure) [PSYoungGen: 11790K->3224K(14336K)] 46333K->39349K(58368K), 0.0140645 secs] [Times: user=0.11 sys=0.00, real=0.02 secs] 
2026-06-17T09:48:30.845+0800: 54.345: [GC (Allocation Failure) [PSYoungGen: 10387K->1378K(14848K)] 46512K->39488K(58880K), 0.0108619 secs] [Times: user=0.08 sys=0.01, real=0.01 secs] 
2026-06-17T09:48:30.880+0800: 54.380: [GC (Allocation Failure) [PSYoungGen: 9569K->2489K(14848K)] 47679K->40599K(58880K), 0.0115087 secs] [Times: user=0.08 sys=0.01, real=0.02 secs] 
2026-06-17T09:48:30.915+0800: 54.415: [GC (Allocation Failure) [PSYoungGen: 10653K->1823K(14848K)] 48763K->41823K(58880K), 0.0119811 secs] [Times: user=0.13 sys=0.01, real=0.01 secs] 
2026-06-17T09:48:30.950+0800: 54.450: [GC (Allocation Failure) [PSYoungGen: 9990K->1419K(14848K)] 49990K->43187K(58880K), 0.0077219 secs] [Times: user=0.07 sys=0.00, real=0.01 secs] 
2026-06-17T09:48:30.959+0800: 54.459: [Full GC (Ergonomics) [PSYoungGen: 1419K->0K(14848K)] [ParOldGen: 41767K->23215K(44032K)] 43187K->23215K(58880K), [Metaspace: 2710K->2710K(1056768K)], 0.0094223 secs] [Times: user=0.07 sys=0.00, real=0.01 secs] 
2026-06-17T09:48:30.991+0800: 54.492: [GC (Allocation Failure) [PSYoungGen: 8189K->4847K(14848K)] 31404K->28062K(58880K), 0.0094719 secs] [Times: user=0.06 sys=0.00, real=0.00 secs] 
2026-06-17T09:48:31.014+0800: 54.514: [GC (Allocation Failure) [PSYoungGen: 12684K->1857K(14848K)] 35899K->28632K(58880K), 0.0115589 secs] [Times: user=0.11 sys=0.00, real=0.01 secs] 
2026-06-17T09:48:31.049+0800: 54.549: [GC (Allocation Failure) [PSYoungGen: 10042K->4763K(13824K)] 36818K->33371K(57856K), 0.0086679 secs] [Times: user=0.10 sys=0.00, real=0.01 secs] 
2026-06-17T09:48:31.080+0800: 54.580: [GC (Allocation Failure) [PSYoungGen: 11925K->3410K(14336K)] 40534K->33379K(58368K), 0.0056967 secs] [Times: user=0.04 sys=0.01, real=0.01 secs] 
2026-06-17T09:48:31.109+0800: 54.609: [GC (Allocation Failure) [PSYoungGen: 10577K->1824K(14848K)] 40546K->33741K(58880K), 0.0106260 secs] [Times: user=0.09 sys=0.00, real=0.01 secs] 
2026-06-17T09:48:31.143+0800: 54.643: [GC (Allocation Failure) [PSYoungGen: 10012K->3134K(14848K)] 41929K->35051K(58880K), 0.0115769 secs] [Times: user=0.11 sys=0.01, real=0.01 secs] 
2026-06-17T09:48:31.177+0800: 54.677: [GC (Allocation Failure) [PSYoungGen: 11312K->2536K(15360K)] 43229K->36349K(59392K), 0.0099765 secs] [Times: user=0.09 sys=0.00, real=0.01 secs] 
2026-06-17T09:48:31.210+0800: 54.710: [GC (Allocation Failure) [PSYoungGen: 11742K->3305K(15360K)] 45555K->38814K(59392K), 0.0080382 secs] [Times: user=0.07 sys=0.00, real=0.01 secs] 
2026-06-17T09:48:31.251+0800: 54.751: [GC (Allocation Failure) [PSYoungGen: 12489K->2425K(15872K)] 47998K->37934K(59904K), 0.0088936 secs] [Times: user=0.08 sys=0.00, real=0.00 secs] 
2026-06-17T09:48:31.284+0800: 54.784: [GC (Allocation Failure) [PSYoungGen: 12151K->3411K(15360K)] 47659K->40983K(59392K), 0.0074248 secs] [Times: user=0.03 sys=0.01, real=0.01 secs] 
2026-06-17T09:48:31.315+0800: 54.815: [GC (Allocation Failure) [PSYoungGen: 13126K->3937K(15872K)] 50698K->43512K(59904K), 0.0117077 secs] [Times: user=0.11 sys=0.01, real=0.01 secs] 
2026-06-17T09:48:31.351+0800: 54.851: [GC (Allocation Failure) [PSYoungGen: 14037K->1152K(11776K)] 53612K->43591K(55808K), 0.0085982 secs] [Times: user=0.07 sys=0.01, real=0.00 secs] 
2026-06-17T09:48:31.361+0800: 54.861: [Full GC (Ergonomics) [PSYoungGen: 1152K->0K(11776K)] [ParOldGen: 42439K->31198K(44032K)] 43591K->31198K(55808K), [Metaspace: 2710K->2710K(1056768K)], 0.0096839 secs] [Times: user=0.05 sys=0.01, real=0.02 secs] 
2026-06-17T09:48:31.404+0800: 54.904: [GC (Allocation Failure) [PSYoungGen: 10236K->3502K(15872K)] 41434K->34700K(59904K), 0.0054829 secs] [Times: user=0.03 sys=0.00, real=0.00 secs] 
2026-06-17T09:48:31.433+0800: 54.933: [GC (Allocation Failure) [PSYoungGen: 13197K->5233K(15360K)] 44395K->37574K(59392K), 0.0059299 secs] [Times: user=0.03 sys=0.01, real=0.00 secs] 
2026-06-17T09:48:31.472+0800: 54.973: [GC (Allocation Failure) [PSYoungGen: 14929K->2850K(15360K)] 47270K->37091K(59392K), 0.0127416 secs] [Times: user=0.12 sys=0.00, real=0.01 secs] 
2026-06-17T09:48:31.508+0800: 55.008: [GC (Allocation Failure) [PSYoungGen: 12016K->3487K(15360K)] 46257K->39477K(59392K), 0.0125783 secs] [Times: user=0.13 sys=0.00, real=0.01 secs] 
2026-06-17T09:48:31.543+0800: 55.044: [GC (Allocation Failure) [PSYoungGen: 12596K->710K(15360K)] 48585K->38205K(59392K), 0.0085115 secs] [Times: user=0.09 sys=0.00, real=0.01 secs] 
2026-06-17T09:48:31.586+0800: 55.086: [GC (Allocation Failure) [PSYoungGen: 9920K->2168K(15360K)] 47416K->40349K(59392K), 0.0111227 secs] [Times: user=0.11 sys=0.00, real=0.01 secs] 
2026-06-17T09:48:31.609+0800: 55.110: [GC (Allocation Failure) [PSYoungGen: 11344K->5595K(14336K)] 49525K->45912K(58368K), 0.0061456 secs] [Times: user=0.03 sys=0.01, real=0.01 secs] 
2026-06-17T09:48:31.639+0800: 55.139: [GC (Allocation Failure) [PSYoungGen: 13609K->706K(14848K)] 53927K->42963K(58880K), 0.0072350 secs] [Times: user=0.02 sys=0.00, real=0.01 secs] 
2026-06-17T09:48:31.648+0800: 55.148: [Full GC (Ergonomics) [PSYoungGen: 706K->0K(14848K)] [ParOldGen: 42257K->24308K(44032K)] 42963K->24308K(58880K), [Metaspace: 2713K->2713K(1056768K)], 0.0101691 secs] [Times: user=0.06 sys=0.01, real=0.01 secs] 
2026-06-17T09:48:31.683+0800: 55.183: [GC (Allocation Failure) [PSYoungGen: 8163K->4584K(13824K)] 32471K->28892K(57856K), 0.0064946 secs] [Times: user=0.03 sys=0.00, real=0.01 secs] 
2026-06-17T09:48:31.713+0800: 55.213: [GC (Allocation Failure) [PSYoungGen: 11746K->3592K(14336K)] 36054K->29204K(58368K), 0.0153851 secs] [Times: user=0.14 sys=0.00, real=0.01 secs] 
2026-06-17T09:48:31.752+0800: 55.252: [GC (Allocation Failure) [PSYoungGen: 10741K->2477K(14848K)] 36352K->29752K(58880K), 0.0109082 secs] [Times: user=0.10 sys=0.01, real=0.01 secs] 
2026-06-17T09:48:31.787+0800: 55.287: [GC (Allocation Failure) [PSYoungGen: 10666K->3950K(14848K)] 37941K->31225K(58880K), 0.0103302 secs] [Times: user=0.08 sys=0.00, real=0.01 secs] 
2026-06-17T09:48:31.820+0800: 55.321: [GC (Allocation Failure) [PSYoungGen: 12122K->2982K(15360K)] 39396K->32212K(59392K), 0.0069169 secs] [Times: user=0.04 sys=0.00, real=0.01 secs] 
2026-06-17T09:48:31.851+0800: 55.351: [GC (Allocation Failure) [PSYoungGen: 11680K->3339K(14848K)] 40909K->34044K(58880K), 0.0094347 secs] [Times: user=0.10 sys=0.01, real=0.00 secs] 
2026-06-17T09:48:31.884+0800: 55.385: [GC (Allocation Failure) [PSYoungGen: 12007K->4655K(14336K)] 42713K->35361K(58368K), 0.0086269 secs] [Times: user=0.05 sys=0.00, real=0.01 secs] 
2026-06-17T09:48:31.906+0800: 55.406: [GC (Allocation Failure) [PSYoungGen: 12601K->2189K(14848K)] 43307K->36188K(58880K), 0.0118458 secs] [Times: user=0.11 sys=0.01, real=0.01 secs] 
2026-06-17T09:48:31.952+0800: 55.452: [GC (Allocation Failure) [PSYoungGen: 10361K->1417K(15360K)] 44361K->37582K(59392K), 0.0110650 secs] [Times: user=0.09 sys=0.00, real=0.01 secs] 
2026-06-17T09:48:31.987+0800: 55.487: [GC (Allocation Failure) [PSYoungGen: 10619K->3455K(15360K)] 46784K->39995K(59392K), 0.0054869 secs] [Times: user=0.03 sys=0.00, real=0.01 secs] 
2026-06-17T09:48:32.015+0800: 55.516: [GC (Allocation Failure) [PSYoungGen: 12670K->3715K(15360K)] 49210K->42195K(59392K), 0.0113522 secs] [Times: user=0.11 sys=0.01, real=0.01 secs] 
2026-06-17T09:48:32.050+0800: 55.550: [GC (Allocation Failure) [PSYoungGen: 12610K->64K(15360K)] 51090K->40988K(59392K), 0.0097588 secs] [Times: user=0.07 sys=0.00, real=0.01 secs] 
2026-06-17T09:48:32.062+0800: 55.562: [Full GC (Ergonomics) [PSYoungGen: 64K->0K(15360K)] [ParOldGen: 40924K->25191K(44032K)] 40988K->25191K(59392K), [Metaspace: 2713K->2713K(1056768K)], 0.0105774 secs] [Times: user=0.06 sys=0.01, real=0.02 secs] 
2026-06-17T09:48:32.106+0800: 55.606: [GC (Allocation Failure) [PSYoungGen: 9207K->2742K(15360K)] 34398K->27934K(59392K), 0.0112742 secs] [Times: user=0.12 sys=0.01, real=0.01 secs] 
2026-06-17T09:48:32.141+0800: 55.641: [GC (Allocation Failure) [PSYoungGen: 11919K->3124K(15360K)] 37111K->30137K(59392K), 0.0086778 secs] [Times: user=0.07 sys=0.00, real=0.01 secs] 
2026-06-17T09:48:32.163+0800: 55.663: [GC (Allocation Failure) [PSYoungGen: 12138K->3234K(15872K)] 39151K->31973K(59904K), 0.0113628 secs] [Times: user=0.10 sys=0.01, real=0.01 secs] 
2026-06-17T09:48:32.208+0800: 55.708: [GC (Allocation Failure) [PSYoungGen: 12908K->2857K(15360K)] 41647K->34807K(59392K), 0.0173429 secs] [Times: user=0.10 sys=0.00, real=0.02 secs] 
2026-06-17T09:48:32.247+0800: 55.747: [GC (Allocation Failure) [PSYoungGen: 12583K->5606K(14848K)] 44532K->37780K(58880K), 0.0119285 secs] [Times: user=0.10 sys=0.00, real=0.01 secs] 
2026-06-17T09:48:32.282+0800: 55.782: [GC (Allocation Failure) [PSYoungGen: 14767K->5448K(14848K)] 46941K->39692K(58880K), 0.0127080 secs] [Times: user=0.11 sys=0.00, real=0.02 secs] 
2026-06-17T09:48:32.328+0800: 55.828: [GC (Allocation Failure) [PSYoungGen: 14613K->1734K(14848K)] 48857K->38207K(58880K), 0.0111108 secs] [Times: user=0.10 sys=0.01, real=0.01 secs] 
2026-06-17T09:48:32.362+0800: 55.862: [GC (Allocation Failure) [PSYoungGen: 9904K->1055K(14848K)] 46378K->39197K(58880K), 0.0104910 secs] [Times: user=0.11 sys=0.00, real=0.02 secs] 
2026-06-17T09:48:32.385+0800: 55.885: [GC (Allocation Failure) [PSYoungGen: 9246K->5639K(13824K)] 47389K->43781K(57856K), 0.0083114 secs] [Times: user=0.07 sys=0.01, real=0.01 secs] 
2026-06-17T09:48:32.416+0800: 55.917: [GC (Allocation Failure) [PSYoungGen: 12786K->3031K(14336K)] 50928K->43531K(58368K), 0.0092200 secs] [Times: user=0.10 sys=0.00, real=0.01 secs] 
2026-06-17T09:48:32.427+0800: 55.927: [Full GC (Ergonomics) [PSYoungGen: 3031K->0K(14336K)] [ParOldGen: 40500K->23907K(44032K)] 43531K->23907K(58368K), [Metaspace: 2713K->2713K(1056768K)], 0.0105401 secs] [Times: user=0.06 sys=0.00, real=0.01 secs] 
2026-06-17T09:48:32.461+0800: 55.961: [GC (Allocation Failure) [PSYoungGen: 7157K->4067K(14336K)] 31064K->27975K(58368K), 0.0096368 secs] [Times: user=0.11 sys=0.00, real=0.02 secs] 
2026-06-17T09:48:32.483+0800: 55.983: [GC (Allocation Failure) [PSYoungGen: 11092K->1294K(14336K)] 35000K->28040K(58368K), 0.0088734 secs] [Times: user=0.08 sys=0.01, real=0.01 secs] 
2026-06-17T09:48:32.515+0800: 56.015: [GC (Allocation Failure) [PSYoungGen: 8450K->3800K(14336K)] 35197K->31816K(58368K), 0.0082962 secs] [Times: user=0.07 sys=0.01, real=0.01 secs] 
2026-06-17T09:48:32.546+0800: 56.046: [GC (Allocation Failure) [PSYoungGen: 10919K->3230K(14336K)] 38935K->32343K(58368K), 0.0112336 secs] [Times: user=0.12 sys=0.00, real=0.01 secs] 
2026-06-17T09:48:32.580+0800: 56.080: [GC (Allocation Failure) [PSYoungGen: 10390K->1556K(14848K)] 39503K->32323K(58880K), 0.0072180 secs] [Times: user=0.05 sys=0.00, real=0.01 secs] 
2026-06-17T09:48:32.610+0800: 56.110: [GC (Allocation Failure) [PSYoungGen: 9721K->2376K(14848K)] 40489K->33143K(58880K), 0.0064657 secs] [Times: user=0.03 sys=0.00, real=0.01 secs] 
2026-06-17T09:48:32.629+0800: 56.130: [GC (Allocation Failure) [PSYoungGen: 10400K->1514K(15360K)] 41167K->33724K(59392K), 0.0059025 secs] [Times: user=0.03 sys=0.00, real=0.01 secs] 
2026-06-17T09:48:32.669+0800: 56.169: [GC (Allocation Failure) [PSYoungGen: 10720K->2218K(15360K)] 42931K->35919K(59392K), 0.0094304 secs] [Times: user=0.10 sys=0.00, real=0.01 secs] 
2026-06-17T09:48:32.702+0800: 56.202: [GC (Allocation Failure) [PSYoungGen: 11386K->3648K(15360K)] 45087K->38053K(59392K), 0.0101396 secs] [Times: user=0.10 sys=0.01, real=0.02 secs] 
2026-06-17T09:48:32.735+0800: 56.235: [GC (Allocation Failure) [PSYoungGen: 12864K->3813K(15360K)] 47269K->40199K(59392K), 0.0059334 secs] [Times: user=0.03 sys=0.00, real=0.00 secs] 
2026-06-17T09:48:32.765+0800: 56.265: [GC (Allocation Failure) [PSYoungGen: 12992K->2832K(15872K)] 49378K->42706K(59904K), 0.0151422 secs] [Times: user=0.13 sys=0.00, real=0.01 secs] 
2026-06-17T09:48:32.803+0800: 56.304: [GC (Allocation Failure) [PSYoungGen: 12560K->5102K(14848K)] 52434K->44976K(58880K), 0.0117874 secs] [Times: user=0.09 sys=0.01, real=0.01 secs] 
2026-06-17T09:48:32.839+0800: 56.339: [GC (Allocation Failure) [PSYoungGen: 14821K->5791K(13824K)] 54695K->47647K(57856K), 0.0095393 secs] [Times: user=0.09 sys=0.01, real=0.01 secs] 
2026-06-17T09:48:32.850+0800: 56.350: [Full GC (Ergonomics) [PSYoungGen: 5791K->0K(13824K)] [ParOldGen: 41856K->34130K(44032K)] 47647K->34130K(57856K), [Metaspace: 2713K->2713K(1056768K)], 0.0103168 secs] [Times: user=0.07 sys=0.00, real=0.01 secs] 
2026-06-17T09:48:32.883+0800: 56.383: [GC (Allocation Failure) [PSYoungGen: 7146K->310K(14336K)] 41277K->34440K(58368K), 0.0120525 secs] [Times: user=0.11 sys=0.00, real=0.01 secs] 
2026-06-17T09:48:32.918+0800: 56.418: [GC (Allocation Failure) [PSYoungGen: 7464K->3561K(14336K)] 41594K->37999K(58368K), 0.0126481 secs] [Times: user=0.13 sys=0.01, real=0.02 secs] 
2026-06-17T09:48:32.944+0800: 56.444: [GC (Allocation Failure) [PSYoungGen: 10590K->1394K(14336K)] 45028K->37890K(58368K), 0.0091684 secs] [Times: user=0.09 sys=0.00, real=0.01 secs] 
2026-06-17T09:48:32.976+0800: 56.476: [GC (Allocation Failure) [PSYoungGen: 8507K->3660K(14848K)] 45003K->41494K(58880K), 0.0098451 secs] [Times: user=0.08 sys=0.00, real=0.01 secs] 
2026-06-17T09:48:33.009+0800: 56.510: [GC (Allocation Failure) [PSYoungGen: 11283K->3960K(14336K)] 49117K->42483K(58368K), 0.0065248 secs] [Times: user=0.03 sys=0.00, real=0.01 secs] 
2026-06-17T09:48:33.040+0800: 56.540: [GC (Allocation Failure) [PSYoungGen: 11621K->2605K(14848K)] 50144K->43212K(58880K), 0.0074406 secs] [Times: user=0.04 sys=0.00, real=0.01 secs] 
2026-06-17T09:48:33.071+0800: 56.571: [GC (Allocation Failure) [PSYoungGen: 10790K->2483K(14848K)] 51397K->44563K(58880K), 0.0091315 secs] [Times: user=0.09 sys=0.01, real=0.00 secs] 
2026-06-17T09:48:33.081+0800: 56.581: [Full GC (Ergonomics) [PSYoungGen: 2483K->0K(14848K)] [ParOldGen: 42080K->31897K(44032K)] 44563K->31897K(58880K), [Metaspace: 2713K->2713K(1056768K)], 0.0120015 secs] [Times: user=0.10 sys=0.00, real=0.02 secs] 
2026-06-17T09:48:33.105+0800: 56.605: [GC (Allocation Failure) [PSYoungGen: 8043K->4718K(14336K)] 39940K->36615K(58368K), 0.0127487 secs] [Times: user=0.15 sys=0.00, real=0.01 secs] 
2026-06-17T09:48:33.151+0800: 56.651: [GC (Allocation Failure) [PSYoungGen: 12868K->931K(14848K)] 44766K->37483K(58880K), 0.0098259 secs] [Times: user=0.08 sys=0.01, real=0.00 secs] 
2026-06-17T09:48:33.174+0800: 56.674: [GC (Allocation Failure) [PSYoungGen: 9067K->5326K(13824K)] 45618K->42041K(57856K), 0.0103286 secs] [Times: user=0.08 sys=0.00, real=0.01 secs] 
2026-06-17T09:48:33.207+0800: 56.707: [GC (Allocation Failure) [PSYoungGen: 12471K->2783K(14336K)] 49186K->41998K(58368K), 0.0097295 secs] [Times: user=0.09 sys=0.00, real=0.01 secs] 
2026-06-17T09:48:33.240+0800: 56.740: [GC (Allocation Failure) [PSYoungGen: 9913K->3257K(14848K)] 49128K->42472K(58880K), 0.0065905 secs] [Times: user=0.03 sys=0.00, real=0.01 secs] 
2026-06-17T09:48:33.270+0800: 56.771: [GC (Allocation Failure) [PSYoungGen: 10902K->1828K(14336K)] 50117K->43116K(58368K), 0.0068480 secs] [Times: user=0.04 sys=0.01, real=0.01 secs] 
2026-06-17T09:48:33.279+0800: 56.779: [Full GC (Ergonomics) [PSYoungGen: 1828K->0K(14336K)] [ParOldGen: 41287K->28763K(44032K)] 43116K->28763K(58368K), [Metaspace: 2713K->2713K(1056768K)], 0.0094244 secs] [Times: user=0.06 sys=0.00, real=0.01 secs] 
2026-06-17T09:48:33.311+0800: 56.811: [GC (Allocation Failure) [PSYoungGen: 7643K->4272K(14848K)] 36407K->33036K(58880K), 0.0097584 secs] [Times: user=0.11 sys=0.00, real=0.00 secs] 
2026-06-17T09:48:33.333+0800: 56.834: [GC (Allocation Failure) [PSYoungGen: 12464K->1637K(14848K)] 41228K->33702K(58880K), 0.0094171 secs] [Times: user=0.08 sys=0.00, real=0.01 secs] 
2026-06-17T09:48:33.365+0800: 56.865: [GC (Allocation Failure) [PSYoungGen: 9825K->4835K(13824K)] 41891K->38513K(57856K), 0.0097976 secs] [Times: user=0.09 sys=0.00, real=0.01 secs] 
2026-06-17T09:48:33.398+0800: 56.898: [GC (Allocation Failure) [PSYoungGen: 11990K->4008K(14336K)] 45669K->39188K(58368K), 0.0108407 secs] [Times: user=0.10 sys=0.00, real=0.01 secs] 
2026-06-17T09:48:33.432+0800: 56.932: [GC (Allocation Failure) [PSYoungGen: 11164K->2847K(14848K)] 46344K->39588K(58880K), 0.0084678 secs] [Times: user=0.05 sys=0.01, real=0.00 secs] 
2026-06-17T09:48:33.464+0800: 56.964: [GC (Allocation Failure) [PSYoungGen: 11007K->2047K(14848K)] 47748K->40492K(58880K), 0.0092366 secs] [Times: user=0.08 sys=0.00, real=0.01 secs] 
2026-06-17T09:48:33.497+0800: 56.997: [GC (Allocation Failure) [PSYoungGen: 10220K->3577K(15360K)] 48665K->42022K(59392K), 0.0079517 secs] [Times: user=0.04 sys=0.00, real=0.01 secs] 
2026-06-17T09:48:33.529+0800: 57.029: [GC (Allocation Failure) [PSYoungGen: 12232K->3933K(14848K)] 50677K->44168K(58880K), 0.0142270 secs] [Times: user=0.13 sys=0.00, real=0.02 secs] 
2026-06-17T09:48:33.567+0800: 57.067: [GC (Allocation Failure) [PSYoungGen: 12513K->64K(14336K)] 52748K->42541K(58368K), 0.0099426 secs] [Times: user=0.07 sys=0.01, real=0.01 secs] 
2026-06-17T09:48:33.578+0800: 57.078: [Full GC (Ergonomics) [PSYoungGen: 64K->0K(14336K)] [ParOldGen: 42477K->23318K(44032K)] 42541K->23318K(58368K), [Metaspace: 2713K->2713K(1056768K)], 0.0096350 secs] [Times: user=0.04 sys=0.01, real=0.01 secs] 
2026-06-17T09:48:33.610+0800: 57.110: [GC (Allocation Failure) [PSYoungGen: 8164K->4859K(13312K)] 31483K->28177K(57344K), 0.0096858 secs] [Times: user=0.10 sys=0.00, real=0.01 secs] 
2026-06-17T09:48:33.643+0800: 57.143: [GC (Allocation Failure) [PSYoungGen: 13051K->4000K(14336K)] 36369K->29148K(58368K), 0.0074645 secs] [Times: user=0.04 sys=0.01, real=0.01 secs] 
2026-06-17T09:48:33.674+0800: 57.174: [GC (Allocation Failure) [PSYoungGen: 11123K->1428K(14336K)] 36270K->29519K(58368K), 0.0089700 secs] [Times: user=0.07 sys=0.00, real=0.01 secs] 
2026-06-17T09:48:33.695+0800: 57.196: [GC (Allocation Failure) [PSYoungGen: 8565K->5116K(14336K)] 36656K->33207K(58368K), 0.0104242 secs] [Times: user=0.10 sys=0.00, real=0.01 secs] 
2026-06-17T09:48:33.730+0800: 57.230: [GC (Allocation Failure) [PSYoungGen: 12173K->32K(14336K)] 40264K->30098K(58368K), 0.0065221 secs] [Times: user=0.04 sys=0.01, real=0.01 secs] 
2026-06-17T09:48:33.760+0800: 57.260: [GC (Allocation Failure) [PSYoungGen: 7163K->3662K(14336K)] 37230K->33737K(58368K), 0.0067427 secs] [Times: user=0.04 sys=0.00, real=0.01 secs] 
2026-06-17T09:48:33.790+0800: 57.291: [GC (Allocation Failure) [PSYoungGen: 10823K->2338K(14336K)] 40897K->34471K(58368K), 0.0064993 secs] [Times: user=0.04 sys=0.00, real=0.01 secs] 
2026-06-17T09:48:33.821+0800: 57.321: [GC (Allocation Failure) [PSYoungGen: 9477K->651K(14336K)] 41610K->34424K(58368K), 0.0120476 secs] [Times: user=0.11 sys=0.01, real=0.02 secs] 
2026-06-17T09:48:33.845+0800: 57.345: [GC (Allocation Failure) [PSYoungGen: 7786K->4375K(14336K)] 41559K->38149K(58368K), 0.0116795 secs] [Times: user=0.10 sys=0.01, real=0.01 secs] 
2026-06-17T09:48:33.880+0800: 57.380: [GC (Allocation Failure) [PSYoungGen: 11538K->3001K(14848K)] 45311K->38510K(58880K), 0.0147706 secs] [Times: user=0.13 sys=0.00, real=0.02 secs] 
2026-06-17T09:48:33.918+0800: 57.418: [GC (Allocation Failure) [PSYoungGen: 10678K->3937K(14336K)] 46188K->39446K(58368K), 0.0102839 secs] [Times: user=0.10 sys=0.00, real=0.01 secs] 
2026-06-17T09:48:33.941+0800: 57.441: [GC (Allocation Failure) [PSYoungGen: 11428K->2368K(14848K)] 46938K->40187K(58880K), 0.0135821 secs] [Times: user=0.14 sys=0.01, real=0.02 secs] 
2026-06-17T09:48:33.989+0800: 57.489: [GC (Allocation Failure) [PSYoungGen: 10556K->1521K(14848K)] 48376K->41684K(58880K), 0.0111148 secs] [Times: user=0.09 sys=0.00, real=0.01 secs] 
2026-06-17T09:48:34.023+0800: 57.523: [GC (Allocation Failure) [PSYoungGen: 9713K->1959K(15360K)] 49876K->42882K(59392K), 0.0099595 secs] [Times: user=0.08 sys=0.00, real=0.01 secs] 
2026-06-17T09:48:34.035+0800: 57.535: [Full GC (Ergonomics) [PSYoungGen: 1959K->0K(15360K)] [ParOldGen: 40923K->24208K(44032K)] 42882K->24208K(59392K), [Metaspace: 2713K->2713K(1056768K)], 0.0108037 secs] [Times: user=0.06 sys=0.01, real=0.01 secs] 
2026-06-17T09:48:34.068+0800: 57.569: [GC (Allocation Failure) [PSYoungGen: 8702K->5378K(14336K)] 32910K->29586K(58368K), 0.0106934 secs] [Times: user=0.10 sys=0.00, real=0.01 secs] 
2026-06-17T09:48:34.102+0800: 57.602: [GC (Allocation Failure) [PSYoungGen: 14076K->2273K(14848K)] 38284K->31523K(58880K), 0.0069079 secs] [Times: user=0.04 sys=0.00, real=0.01 secs] 
2026-06-17T09:48:34.132+0800: 57.632: [GC (Allocation Failure) [PSYoungGen: 9948K->3056K(14336K)] 39198K->32305K(58368K), 0.0079081 secs] [Times: user=0.08 sys=0.00, real=0.00 secs] 
2026-06-17T09:48:34.152+0800: 57.652: [GC (Allocation Failure) [PSYoungGen: 10508K->1365K(15360K)] 39758K->32563K(59392K), 0.0100693 secs] [Times: user=0.10 sys=0.00, real=0.01 secs] 
2026-06-17T09:48:34.195+0800: 57.695: [GC (Allocation Failure) [PSYoungGen: 10066K->1559K(14848K)] 41265K->34099K(58880K), 0.0109323 secs] [Times: user=0.11 sys=0.01, real=0.01 secs] 
2026-06-17T09:48:34.219+0800: 57.719: [GC (Allocation Failure) [PSYoungGen: 9590K->1824K(15360K)] 42130K->35049K(59392K), 0.0103749 secs] [Times: user=0.10 sys=0.00, real=0.01 secs] 
2026-06-17T09:48:34.253+0800: 57.753: [GC (Allocation Failure) [PSYoungGen: 10857K->2389K(15360K)] 44082K->37414K(59392K), 0.0082275 secs] [Times: user=0.08 sys=0.00, real=0.00 secs] 
2026-06-17T09:48:34.294+0800: 57.794: [GC (Allocation Failure) [PSYoungGen: 11597K->2311K(15872K)] 46622K->39702K(59904K), 0.0055980 secs] [Times: user=0.03 sys=0.00, real=0.00 secs] 
2026-06-17T09:48:34.323+0800: 57.823: [GC (Allocation Failure) [PSYoungGen: 12547K->4440K(14848K)] 49937K->42786K(58880K), 0.0088074 secs] [Times: user=0.08 sys=0.00, real=0.01 secs] 
2026-06-17T09:48:34.365+0800: 57.865: [GC (Allocation Failure) [PSYoungGen: 14674K->2625K(15872K)] 53020K->42517K(59904K), 0.0182042 secs] [Times: user=0.15 sys=0.01, real=0.02 secs] 
2026-06-17T09:48:34.405+0800: 57.905: [GC (Allocation Failure) [PSYoungGen: 12326K->3426K(15360K)] 52218K->45532K(59392K), 0.0133882 secs] [Times: user=0.11 sys=0.00, real=0.01 secs] 
2026-06-17T09:48:34.420+0800: 57.920: [Full GC (Ergonomics) [PSYoungGen: 3426K->0K(15360K)] [ParOldGen: 42106K->31903K(44032K)] 45532K->31903K(59392K), [Metaspace: 2713K->2713K(1056768K)], 0.0133989 secs] [Times: user=0.12 sys=0.00, real=0.02 secs] 
2026-06-17T09:48:34.455+0800: 57.956: [GC (Allocation Failure) [PSYoungGen: 9527K->3085K(15872K)] 41430K->34989K(59904K), 0.0090321 secs] [Times: user=0.11 sys=0.00, real=0.01 secs] 
2026-06-17T09:48:34.497+0800: 57.997: [GC (Allocation Failure) [PSYoungGen: 13297K->3478K(15872K)] 45201K->38436K(59904K), 0.0068563 secs] [Times: user=0.06 sys=0.00, real=0.01 secs] 
2026-06-17T09:48:34.526+0800: 58.026: [GC (Allocation Failure) [PSYoungGen: 13716K->5403K(14848K)] 48674K->41478K(58880K), 0.0029192 secs] [Times: user=0.02 sys=0.00, real=0.00 secs] 
2026-06-17T09:48:34.551+0800: 58.051: [GC (Allocation Failure) [PSYoungGen: 14608K->4008K(15360K)] 50683K->43565K(59392K), 0.0110991 secs] [Times: user=0.10 sys=0.00, real=0.01 secs] 
2026-06-17T09:48:34.584+0800: 58.084: [GC (Allocation Failure) [PSYoungGen: 12909K->32K(14336K)] 52466K->41483K(58368K), 0.0087015 secs] [Times: user=0.08 sys=0.00, real=0.01 secs] 
2026-06-17T09:48:34.594+0800: 58.094: [Full GC (Ergonomics) [PSYoungGen: 32K->0K(14336K)] [ParOldGen: 41451K->28906K(44032K)] 41483K->28906K(58368K), [Metaspace: 2713K->2713K(1056768K)], 0.0091448 secs] [Times: user=0.08 sys=0.01, real=0.01 secs] 
2026-06-17T09:48:34.625+0800: 58.125: [GC (Allocation Failure) [PSYoungGen: 8173K->4656K(14848K)] 37080K->33563K(58880K), 0.0073478 secs] [Times: user=0.09 sys=0.01, real=0.01 secs] 
2026-06-17T09:48:34.654+0800: 58.154: [GC (Allocation Failure) [PSYoungGen: 12839K->3758K(14848K)] 41745K->34825K(58880K), 0.0059168 secs] [Times: user=0.06 sys=0.00, real=0.00 secs] 
2026-06-17T09:48:34.682+0800: 58.182: [GC (Allocation Failure) [PSYoungGen: 11929K->3264K(14848K)] 42996K->36212K(58880K), 0.0043983 secs] [Times: user=0.03 sys=0.00, real=0.01 secs] 
2026-06-17T09:48:34.709+0800: 58.209: [GC (Allocation Failure) [PSYoungGen: 11413K->4244K(14848K)] 44361K->37192K(58880K), 0.0097283 secs] [Times: user=0.11 sys=0.01, real=0.01 secs] 
2026-06-17T09:48:34.741+0800: 58.241: [GC (Allocation Failure) [PSYoungGen: 12427K->3869K(14848K)] 45375K->38567K(58880K), 0.0050756 secs] [Times: user=0.04 sys=0.00, real=0.01 secs] 
2026-06-17T09:48:34.769+0800: 58.269: [GC (Allocation Failure) [PSYoungGen: 12036K->3165K(15360K)] 46734K->39705K(59392K), 0.0093468 secs] [Times: user=0.10 sys=0.01, real=0.01 secs] 
2026-06-17T09:48:34.800+0800: 58.301: [GC (Allocation Failure) [PSYoungGen: 11869K->3917K(14848K)] 48409K->41873K(58880K), 0.0096640 secs] [Times: user=0.12 sys=0.00, real=0.02 secs] 
2026-06-17T09:48:34.832+0800: 58.332: [GC (Allocation Failure) [PSYoungGen: 12621K->3788K(15360K)] 50577K->43658K(59392K), 0.0043123 secs] [Times: user=0.03 sys=0.00, real=0.00 secs] 
2026-06-17T09:48:34.858+0800: 58.359: [GC (Allocation Failure) [PSYoungGen: 12915K->297K(15360K)] 52784K->42138K(59392K), 0.0031996 secs] [Times: user=0.03 sys=0.00, real=0.00 secs] 
2026-06-17T09:48:34.862+0800: 58.363: [Full GC (Ergonomics) [PSYoungGen: 297K->0K(15360K)] [ParOldGen: 41841K->25908K(44032K)] 42138K->25908K(59392K), [Metaspace: 2713K->2713K(1056768K)], 0.0079205 secs] [Times: user=0.06 sys=0.01, real=0.02 secs] 
2026-06-17T09:48:34.892+0800: 58.392: [GC (Allocation Failure) [PSYoungGen: 9201K->5573K(13312K)] 35110K->31482K(57344K), 0.0074363 secs] [Times: user=0.09 sys=0.00, real=0.00 secs] 
2026-06-17T09:48:34.924+0800: 58.424: [GC (Allocation Failure) [PSYoungGen: 12740K->3481K(14336K)] 38649K->31539K(58368K), 0.0080748 secs] [Times: user=0.10 sys=0.00, real=0.01 secs] 
2026-06-17T09:48:34.953+0800: 58.454: [GC (Allocation Failure) [PSYoungGen: 10627K->1818K(14848K)] 38685K->31663K(58880K), 0.0069388 secs] [Times: user=0.08 sys=0.00, real=0.00 secs] 
2026-06-17T09:48:34.982+0800: 58.483: [GC (Allocation Failure) [PSYoungGen: 9952K->2853K(14848K)] 39797K->32698K(58880K), 0.0030424 secs] [Times: user=0.01 sys=0.00, real=0.00 secs] 
2026-06-17T09:48:35.007+0800: 58.508: [GC (Allocation Failure) [PSYoungGen: 11042K->1933K(15360K)] 40887K->33618K(59392K), 0.0115680 secs] [Times: user=0.10 sys=0.00, real=0.01 secs] 
2026-06-17T09:48:35.041+0800: 58.541: [GC (Allocation Failure) [PSYoungGen: 11105K->2664K(15360K)] 42790K->36226K(59392K), 0.0082373 secs] [Times: user=0.08 sys=0.01, real=0.01 secs] 
2026-06-17T09:48:35.072+0800: 58.572: [GC (Allocation Failure) [PSYoungGen: 11862K->3359K(15360K)] 45425K->38432K(59392K), 0.0102511 secs] [Times: user=0.12 sys=0.00, real=0.01 secs] 
2026-06-17T09:48:35.104+0800: 58.604: [GC (Allocation Failure) [PSYoungGen: 12540K->4091K(15360K)] 47613K->40863K(59392K), 0.0064362 secs] [Times: user=0.06 sys=0.00, real=0.01 secs] 
2026-06-17T09:48:35.132+0800: 58.633: [GC (Allocation Failure) [PSYoungGen: 13156K->573K(15360K)] 49928K->39681K(59392K), 0.0070155 secs] [Times: user=0.08 sys=0.01, real=0.00 secs] 
2026-06-17T09:48:35.172+0800: 58.672: [GC (Allocation Failure) [PSYoungGen: 9788K->2349K(15360K)] 48897K->42007K(59392K), 0.0086120 secs] [Times: user=0.11 sys=0.00, real=0.00 secs] 
2026-06-17T09:48:35.203+0800: 58.703: [GC (Allocation Failure) [PSYoungGen: 11565K->3738K(15360K)] 51223K->44508K(59392K), 0.0036822 secs] [Times: user=0.02 sys=0.00, real=0.00 secs] 
2026-06-17T09:48:35.229+0800: 58.729: [GC (Allocation Failure) [PSYoungGen: 12951K->3907K(15360K)] 53721K->46630K(59392K), 0.0032828 secs] [Times: user=0.01 sys=0.00, real=0.01 secs] 
2026-06-17T09:48:35.233+0800: 58.733: [Full GC (Ergonomics) [PSYoungGen: 3907K->0K(15360K)] [ParOldGen: 42722K->26838K(44032K)] 46630K->26838K(59392K), [Metaspace: 2713K->2713K(1056768K)], 0.0053796 secs] [Times: user=0.03 sys=0.00, real=0.00 secs] 
2026-06-17T09:48:35.261+0800: 58.761: [GC (Allocation Failure) [PSYoungGen: 8932K->1738K(15360K)] 35771K->28577K(59392K), 0.0034269 secs] [Times: user=0.01 sys=0.01, real=0.01 secs] 
2026-06-17T09:48:35.287+0800: 58.787: [GC (Allocation Failure) [PSYoungGen: 10954K->5794K(15360K)] 37793K->34345K(59392K), 0.0094392 secs] [Times: user=0.12 sys=0.00, real=0.01 secs] 
2026-06-17T09:48:35.328+0800: 58.828: [GC (Allocation Failure) [PSYoungGen: 15010K->2159K(14336K)] 43561K->33341K(58368K), 0.0047759 secs] [Times: user=0.04 sys=0.00, real=0.01 secs] 
2026-06-17T09:48:35.345+0800: 58.845: [GC (Allocation Failure) [PSYoungGen: 10059K->1457K(14848K)] 41241K->34512K(58880K), 0.0043641 secs] [Times: user=0.03 sys=0.00, real=0.00 secs] 
2026-06-17T09:48:35.382+0800: 58.882: [GC (Allocation Failure) [PSYoungGen: 9626K->1369K(14848K)] 42681K->35858K(58880K), 0.0141878 secs] [Times: user=0.15 sys=0.00, real=0.02 secs] 
2026-06-17T09:48:35.418+0800: 58.918: [GC (Allocation Failure) [PSYoungGen: 9536K->2216K(14848K)] 44024K->37449K(58880K), 0.0044247 secs] [Times: user=0.04 sys=0.00, real=0.01 secs] 
2026-06-17T09:48:35.445+0800: 58.945: [GC (Allocation Failure) [PSYoungGen: 10408K->1755K(15360K)] 45641K->38483K(59392K), 0.0092957 secs] [Times: user=0.10 sys=0.01, real=0.01 secs] 
2026-06-17T09:48:35.477+0800: 58.977: [GC (Allocation Failure) [PSYoungGen: 10934K->2052K(15360K)] 47662K->40399K(59392K), 0.0062441 secs] [Times: user=0.06 sys=0.00, real=0.01 secs] 
2026-06-17T09:48:35.505+0800: 59.005: [GC (Allocation Failure) [PSYoungGen: 11268K->4192K(14848K)] 49615K->42539K(58880K), 0.0072066 secs] [Times: user=0.08 sys=0.00, real=0.01 secs] 
2026-06-17T09:48:35.534+0800: 59.034: [GC (Allocation Failure) [PSYoungGen: 13378K->4110K(15360K)] 51725K->44864K(59392K), 0.0090075 secs] [Times: user=0.10 sys=0.00, real=0.01 secs] 
2026-06-17T09:48:35.566+0800: 59.066: [GC (Allocation Failure) [PSYoungGen: 13319K->3526K(15360K)] 54073K->47329K(59392K), 0.0103532 secs] [Times: user=0.11 sys=0.00, real=0.01 secs] 
2026-06-17T09:48:35.577+0800: 59.077: [Full GC (Ergonomics) [PSYoungGen: 3526K->0K(15360K)] [ParOldGen: 43803K->34170K(44032K)] 47329K->34170K(59392K), [Metaspace: 2713K->2713K(1056768K)], 0.0069102 secs] [Times: user=0.04 sys=0.00, real=0.01 secs] 
2026-06-17T09:48:35.616+0800: 59.116: [GC (Allocation Failure) [PSYoungGen: 9198K->2269K(15360K)] 43369K->36440K(59392K), 0.0088155 secs] [Times: user=0.11 sys=0.00, real=0.01 secs] 
2026-06-17T09:48:35.647+0800: 59.147: [GC (Allocation Failure) [PSYoungGen: 11480K->3181K(15360K)] 45651K->38855K(59392K), 0.0036567 secs] [Times: user=0.02 sys=0.01, real=0.01 secs] 
2026-06-17T09:48:35.673+0800: 59.173: [GC (Allocation Failure) [PSYoungGen: 12388K->4444K(15360K)] 48062K->41404K(59392K), 0.0054642 secs] [Times: user=0.06 sys=0.00, real=0.00 secs] 
2026-06-17T09:48:35.701+0800: 59.201: [GC (Allocation Failure) [PSYoungGen: 13344K->714K(15360K)] 50304K->39678K(59392K), 0.0060538 secs] [Times: user=0.07 sys=0.00, real=0.01 secs] 
2026-06-17T09:48:35.740+0800: 59.240: [GC (Allocation Failure) [PSYoungGen: 9891K->2095K(15360K)] 48855K->41749K(59392K), 0.0106921 secs] [Times: user=0.12 sys=0.00, real=0.02 secs] 
2026-06-17T09:48:35.772+0800: 59.272: [GC (Allocation Failure) [PSYoungGen: 11289K->3122K(15360K)] 50943K->44065K(59392K), 0.0118263 secs] [Times: user=0.13 sys=0.00, real=0.01 secs] 
2026-06-17T09:48:35.806+0800: 59.306: [GC (Allocation Failure) [PSYoungGen: 12338K->2737K(15360K)] 53281K->46384K(59392K), 0.0090572 secs] [Times: user=0.10 sys=0.00, real=0.01 secs] 
2026-06-17T09:48:35.816+0800: 59.316: [Full GC (Ergonomics) [PSYoungGen: 2737K->0K(15360K)] [ParOldGen: 43647K->24523K(44032K)] 46384K->24523K(59392K), [Metaspace: 2713K->2713K(1056768K)], 0.0143300 secs] [Times: user=0.17 sys=0.01, real=0.02 secs] 
2026-06-17T09:48:35.853+0800: 59.353: [GC (Allocation Failure) [PSYoungGen: 9200K->5521K(13824K)] 33724K->30044K(57856K), 0.0054070 secs] [Times: user=0.05 sys=0.01, real=0.00 secs] 
2026-06-17T09:48:35.880+0800: 59.380: [GC (Allocation Failure) [PSYoungGen: 13662K->4331K(14848K)] 38185K->31174K(58880K), 0.0074103 secs] [Times: user=0.09 sys=0.00, real=0.01 secs] 
2026-06-17T09:48:35.909+0800: 59.409: [GC (Allocation Failure) [PSYoungGen: 12472K->3850K(14848K)] 39315K->32574K(58880K), 0.0053569 secs] [Times: user=0.04 sys=0.00, real=0.01 secs] 
2026-06-17T09:48:35.937+0800: 59.437: [GC (Allocation Failure) [PSYoungGen: 12042K->2859K(14848K)] 40766K->33861K(58880K), 0.0033497 secs] [Times: user=0.01 sys=0.00, real=0.00 secs] 
2026-06-17T09:48:35.962+0800: 59.462: [GC (Allocation Failure) [PSYoungGen: 11048K->4678K(14336K)] 42050K->35679K(58368K), 0.0263349 secs] [Times: user=0.27 sys=0.00, real=0.03 secs] 
2026-06-17T09:48:36.010+0800: 59.511: [GC (Allocation Failure) [PSYoungGen: 12847K->4345K(14848K)] 43848K->36913K(58880K), 0.0081708 secs] [Times: user=0.06 sys=0.01, real=0.00 secs] 
2026-06-17T09:48:36.041+0800: 59.541: [GC (Allocation Failure) [PSYoungGen: 12528K->3559K(15360K)] 45096K->38246K(59392K), 0.0107492 secs] [Times: user=0.12 sys=0.00, real=0.02 secs] 
2026-06-17T09:48:36.074+0800: 59.574: [GC (Allocation Failure) [PSYoungGen: 12239K->5338K(14848K)] 46927K->40026K(58880K), 0.0070258 secs] [Times: user=0.07 sys=0.00, real=0.00 secs] 
2026-06-17T09:48:36.103+0800: 59.603: [GC (Allocation Failure) [PSYoungGen: 14031K->3748K(14848K)] 48718K->41704K(58880K), 0.0085150 secs] [Times: user=0.10 sys=0.00, real=0.01 secs] 
2026-06-17T09:48:36.134+0800: 59.634: [GC (Allocation Failure) [PSYoungGen: 11940K->3210K(14848K)] 49896K->43059K(58880K), 0.0071692 secs] [Times: user=0.08 sys=0.00, real=0.00 secs] 
2026-06-17T09:48:36.163+0800: 59.663: [GC (Allocation Failure) [PSYoungGen: 11359K->4607K(14336K)] 51209K->44456K(58368K), 0.0045173 secs] [Times: user=0.03 sys=0.00, real=0.00 secs] 
2026-06-17T09:48:36.190+0800: 59.690: [GC (Allocation Failure) [PSYoungGen: 12777K->4004K(14848K)] 52626K->45702K(58880K), 0.0031629 secs] [Times: user=0.02 sys=0.00, real=0.01 secs] 
2026-06-17T09:48:36.194+0800: 59.694: [Full GC (Ergonomics) [PSYoungGen: 4004K->0K(14848K)] [ParOldGen: 41697K->27389K(44032K)] 45702K->27389K(58880K), [Metaspace: 2713K->2713K(1056768K)], 0.0087333 secs] [Times: user=0.07 sys=0.01, real=0.01 secs] 
2026-06-17T09:48:36.225+0800: 59.725: [GC (Allocation Failure) [PSYoungGen: 8186K->4630K(14336K)] 35575K->32019K(58368K), 0.0070010 secs] [Times: user=0.08 sys=0.00, real=0.01 secs] 
2026-06-17T09:48:36.254+0800: 59.754: [GC (Allocation Failure) [PSYoungGen: 12798K->4656K(14848K)] 40188K->33039K(58880K), 0.0036277 secs] [Times: user=0.02 sys=0.00, real=0.00 secs] 
2026-06-17T09:48:36.280+0800: 59.780: [GC (Allocation Failure) [PSYoungGen: 12814K->3724K(15360K)] 41198K->34146K(59392K), 0.0117703 secs] [Times: user=0.11 sys=0.00, real=0.02 secs] 
2026-06-17T09:48:36.313+0800: 59.813: [GC (Allocation Failure) [PSYoungGen: 12427K->3039K(14848K)] 42849K->35800K(58880K), 0.0083423 secs] [Times: user=0.03 sys=0.00, real=0.00 secs] 
2026-06-17T09:48:36.345+0800: 59.845: [GC (Allocation Failure) [PSYoungGen: 11709K->3961K(15360K)] 44470K->37700K(59392K), 0.0088360 secs] [Times: user=0.03 sys=0.00, real=0.01 secs] 
2026-06-17T09:48:36.376+0800: 59.876: [GC (Allocation Failure) [PSYoungGen: 13142K->3850K(15360K)] 46881K->39897K(59392K), 0.0048657 secs] [Times: user=0.03 sys=0.00, real=0.00 secs] 
2026-06-17T09:48:36.402+0800: 59.903: [GC (Allocation Failure) [PSYoungGen: 13028K->1138K(14848K)] 49075K->38995K(58880K), 0.0048904 secs] [Times: user=0.03 sys=0.01, real=0.01 secs] 
2026-06-17T09:48:36.439+0800: 59.940: [GC (Allocation Failure) [PSYoungGen: 10354K->2080K(15360K)] 48211K->41051K(59392K), 0.0033510 secs] [Times: user=0.01 sys=0.00, real=0.01 secs] 
2026-06-17T09:48:36.465+0800: 59.965: [GC (Allocation Failure) [PSYoungGen: 11296K->3984K(15360K)] 50267K->43505K(59392K), 0.0029134 secs] [Times: user=0.02 sys=0.01, real=0.00 secs] 
2026-06-17T09:48:36.490+0800: 59.990: [GC (Allocation Failure) [PSYoungGen: 13200K->4099K(15360K)] 52721K->45815K(59392K), 0.0037071 secs] [Times: user=0.02 sys=0.00, real=0.01 secs] 
2026-06-17T09:48:36.495+0800: 59.995: [Full GC (Ergonomics) [PSYoungGen: 4099K->0K(15360K)] [ParOldGen: 41716K->23710K(44032K)] 45815K->23710K(59392K), [Metaspace: 2713K->2713K(1056768K)], 0.0056146 secs] [Times: user=0.02 sys=0.00, real=0.00 secs] 
2026-06-17T09:48:36.522+0800: 60.022: [GC (Allocation Failure) [PSYoungGen: 9183K->2359K(15360K)] 32893K->26069K(59392K), 0.0033013 secs] [Times: user=0.02 sys=0.00, real=0.01 secs] 
Heap
 PSYoungGen      total 15360K, used 3908K [0x00000000feb00000, 0x0000000100000000, 0x0000000100000000)
  eden space 9216K, 16% used [0x00000000feb00000,0x00000000fec83258,0x00000000ff400000)
  from space 6144K, 38% used [0x00000000ffa00000,0x00000000ffc4dea0,0x0000000100000000)
  to   space 6144K, 0% used [0x00000000ff400000,0x00000000ff400000,0x00000000ffa00000)
 ParOldGen       total 44032K, used 23710K [0x00000000fc000000, 0x00000000feb00000, 0x00000000feb00000)
  object space 44032K, 53% used [0x00000000fc000000,0x00000000fd7278b0,0x00000000feb00000)
 Metaspace       used 2721K, capacity 4494K, committed 4864K, reserved 1056768K
  class space    used 282K, capacity 386K, committed 512K, reserved 1048576K
