OpenJDK 64-Bit Server VM (25.492-b09) for linux-amd64 JRE (1.8.0_492-b09), built on Apr 26 2026 11:46:09 by "jenkins" with gcc 7.5.0
Memory: 4k page, physical 16236576k(13944364k free), swap 4194304k(4194304k free)
CommandLine flags: -XX:InitialHeapSize=67108864 -XX:MaxHeapSize=67108864 -XX:+PrintGC -XX:+PrintGCDateStamps -XX:+PrintGCDetails -XX:+PrintGCTimeStamps -XX:+UseCompressedClassPointers -XX:+UseCompressedOops -XX:+UseG1GC 
2026-06-17T09:48:37.904+0800: 0.105: [GC pause (G1 Evacuation Pause) (young), 0.0274956 secs]
   [Parallel Time: 17.9 ms, GC Workers: 18]
      [GC Worker Start (ms): Min: 105.1, Avg: 106.5, Max: 108.3, Diff: 3.3]
      [Ext Root Scanning (ms): Min: 0.0, Avg: 0.0, Max: 0.3, Diff: 0.3, Sum: 0.7]
      [Update RS (ms): Min: 0.0, Avg: 0.0, Max: 0.0, Diff: 0.0, Sum: 0.0]
         [Processed Buffers: Min: 0, Avg: 0.0, Max: 0, Diff: 0, Sum: 0]
      [Scan RS (ms): Min: 0.0, Avg: 0.0, Max: 0.0, Diff: 0.0, Sum: 0.0]
      [Code Root Scanning (ms): Min: 0.0, Avg: 0.0, Max: 0.0, Diff: 0.0, Sum: 0.0]
      [Object Copy (ms): Min: 0.0, Avg: 5.7, Max: 16.9, Diff: 16.9, Sum: 103.2]
      [Termination (ms): Min: 0.0, Avg: 10.0, Max: 15.7, Diff: 15.7, Sum: 180.6]
         [Termination Attempts: Min: 1, Avg: 1.8, Max: 7, Diff: 6, Sum: 32]
      [GC Worker Other (ms): Min: 0.0, Avg: 0.0, Max: 0.0, Diff: 0.0, Sum: 0.2]
      [GC Worker Total (ms): Min: 14.0, Avg: 15.8, Max: 17.4, Diff: 3.4, Sum: 284.7]
      [GC Worker End (ms): Min: 122.3, Avg: 122.3, Max: 122.4, Diff: 0.2]
   [Code Root Fixup: 0.0 ms]
   [Code Root Purge: 0.0 ms]
   [Clear CT: 0.6 ms]
   [Other: 9.0 ms]
      [Choose CSet: 0.0 ms]
      [Ref Proc: 8.3 ms]
      [Ref Enq: 0.0 ms]
      [Redirty Cards: 0.6 ms]
      [Humongous Register: 0.0 ms]
      [Humongous Reclaim: 0.0 ms]
      [Free CSet: 0.0 ms]
   [Eden: 24576.0K(24576.0K)->0.0B(33792.0K) Survivors: 0.0B->3072.0K Heap: 26014.0K(65536.0K)->8396.5K(65536.0K)]
 [Times: user=0.27 sys=0.08, real=0.03 secs] 
2026-06-17T09:48:38.017+0800: 0.219: [GC pause (G1 Evacuation Pause) (young), 0.0134039 secs]
   [Parallel Time: 9.7 ms, GC Workers: 18]
      [GC Worker Start (ms): Min: 218.8, Avg: 221.0, Max: 227.6, Diff: 8.8]
      [Ext Root Scanning (ms): Min: 0.0, Avg: 0.0, Max: 0.2, Diff: 0.2, Sum: 0.5]
      [Update RS (ms): Min: 0.0, Avg: 0.0, Max: 0.0, Diff: 0.0, Sum: 0.0]
         [Processed Buffers: Min: 0, Avg: 0.0, Max: 0, Diff: 0, Sum: 0]
      [Scan RS (ms): Min: 0.0, Avg: 0.0, Max: 0.0, Diff: 0.0, Sum: 0.0]
      [Code Root Scanning (ms): Min: 0.0, Avg: 0.0, Max: 0.0, Diff: 0.0, Sum: 0.0]
      [Object Copy (ms): Min: 0.0, Avg: 0.3, Max: 0.9, Diff: 0.9, Sum: 5.0]
      [Termination (ms): Min: 0.0, Avg: 6.4, Max: 8.0, Diff: 8.0, Sum: 114.6]
         [Termination Attempts: Min: 1, Avg: 2.2, Max: 8, Diff: 7, Sum: 39]
      [GC Worker Other (ms): Min: 0.0, Avg: 0.0, Max: 0.0, Diff: 0.0, Sum: 0.2]
      [GC Worker Total (ms): Min: 0.0, Avg: 6.7, Max: 8.9, Diff: 8.9, Sum: 120.4]
      [GC Worker End (ms): Min: 227.6, Avg: 227.7, Max: 227.8, Diff: 0.2]
   [Code Root Fixup: 0.0 ms]
   [Code Root Purge: 0.0 ms]
   [Clear CT: 1.0 ms]
   [Other: 2.7 ms]
      [Choose CSet: 0.0 ms]
      [Ref Proc: 1.9 ms]
      [Ref Enq: 0.0 ms]
      [Redirty Cards: 0.7 ms]
      [Humongous Register: 0.0 ms]
      [Humongous Reclaim: 0.0 ms]
      [Free CSet: 0.0 ms]
   [Eden: 33792.0K(33792.0K)->0.0B(30720.0K) Survivors: 3072.0K->5120.0K Heap: 42188.5K(65536.0K)->15202.5K(65536.0K)]
 [Times: user=0.11 sys=0.04, real=0.02 secs] 
2026-06-17T09:48:38.105+0800: 0.307: [GC pause (G1 Evacuation Pause) (young), 0.0378987 secs]
   [Parallel Time: 30.6 ms, GC Workers: 18]
      [GC Worker Start (ms): Min: 306.7, Avg: 325.2, Max: 336.9, Diff: 30.2]
      [Ext Root Scanning (ms): Min: 0.0, Avg: 0.0, Max: 0.2, Diff: 0.2, Sum: 0.4]
      [Update RS (ms): Min: 0.0, Avg: 0.0, Max: 0.1, Diff: 0.1, Sum: 0.1]
         [Processed Buffers: Min: 0, Avg: 0.4, Max: 5, Diff: 5, Sum: 7]
      [Scan RS (ms): Min: 0.0, Avg: 0.0, Max: 0.0, Diff: 0.0, Sum: 0.0]
      [Code Root Scanning (ms): Min: 0.0, Avg: 0.0, Max: 0.0, Diff: 0.0, Sum: 0.0]
      [Object Copy (ms): Min: 0.0, Avg: 0.1, Max: 1.2, Diff: 1.2, Sum: 2.3]
      [Termination (ms): Min: 0.0, Avg: 11.6, Max: 29.0, Diff: 29.0, Sum: 209.3]
         [Termination Attempts: Min: 1, Avg: 1.0, Max: 1, Diff: 0, Sum: 18]
      [GC Worker Other (ms): Min: 0.0, Avg: 0.0, Max: 0.0, Diff: 0.0, Sum: 0.1]
      [GC Worker Total (ms): Min: 0.0, Avg: 11.8, Max: 30.4, Diff: 30.3, Sum: 212.1]
      [GC Worker End (ms): Min: 336.9, Avg: 337.0, Max: 337.2, Diff: 0.2]
   [Code Root Fixup: 0.0 ms]
   [Code Root Purge: 0.0 ms]
   [Clear CT: 0.8 ms]
   [Other: 6.5 ms]
      [Choose CSet: 0.0 ms]
      [Ref Proc: 5.6 ms]
      [Ref Enq: 0.0 ms]
      [Redirty Cards: 0.9 ms]
      [Humongous Register: 0.0 ms]
      [Humongous Reclaim: 0.0 ms]
      [Free CSet: 0.0 ms]
   [Eden: 30720.0K(30720.0K)->0.0B(25600.0K) Survivors: 5120.0K->5120.0K Heap: 47080.5K(65536.0K)->21625.5K(65536.0K)]
 [Times: user=0.25 sys=0.00, real=0.04 secs] 
2026-06-17T09:48:38.207+0800: 0.408: [GC pause (G1 Evacuation Pause) (young), 0.0182255 secs]
   [Parallel Time: 9.6 ms, GC Workers: 18]
      [GC Worker Start (ms): Min: 408.5, Avg: 410.4, Max: 417.0, Diff: 8.5]
      [Ext Root Scanning (ms): Min: 0.0, Avg: 0.0, Max: 0.3, Diff: 0.3, Sum: 0.5]
      [Update RS (ms): Min: 0.0, Avg: 0.0, Max: 0.0, Diff: 0.0, Sum: 0.0]
         [Processed Buffers: Min: 0, Avg: 0.2, Max: 1, Diff: 1, Sum: 4]
      [Scan RS (ms): Min: 0.0, Avg: 0.0, Max: 0.0, Diff: 0.0, Sum: 0.1]
      [Code Root Scanning (ms): Min: 0.0, Avg: 0.0, Max: 0.0, Diff: 0.0, Sum: 0.0]
      [Object Copy (ms): Min: 0.0, Avg: 0.2, Max: 0.5, Diff: 0.5, Sum: 2.7]
      [Termination (ms): Min: 0.0, Avg: 6.5, Max: 7.9, Diff: 7.9, Sum: 116.9]
         [Termination Attempts: Min: 1, Avg: 1.0, Max: 1, Diff: 0, Sum: 18]
      [GC Worker Other (ms): Min: 0.0, Avg: 0.0, Max: 0.0, Diff: 0.0, Sum: 0.1]
      [GC Worker Total (ms): Min: 0.0, Avg: 6.7, Max: 8.5, Diff: 8.5, Sum: 120.4]
      [GC Worker End (ms): Min: 417.0, Avg: 417.1, Max: 417.1, Diff: 0.1]
   [Code Root Fixup: 0.0 ms]
   [Code Root Purge: 0.0 ms]
   [Clear CT: 1.5 ms]
   [Other: 7.1 ms]
      [Choose CSet: 0.0 ms]
      [Ref Proc: 6.1 ms]
      [Ref Enq: 0.0 ms]
      [Redirty Cards: 1.0 ms]
      [Humongous Register: 0.0 ms]
      [Humongous Reclaim: 0.0 ms]
      [Free CSet: 0.0 ms]
   [Eden: 25600.0K(25600.0K)->0.0B(22528.0K) Survivors: 5120.0K->4096.0K Heap: 47225.5K(65536.0K)->26725.5K(65536.0K)]
 [Times: user=0.19 sys=0.00, real=0.02 secs] 
2026-06-17T09:48:38.279+0800: 0.480: [GC pause (G1 Evacuation Pause) (young), 0.0102116 secs]
   [Parallel Time: 7.2 ms, GC Workers: 18]
      [GC Worker Start (ms): Min: 480.4, Avg: 482.0, Max: 487.0, Diff: 6.6]
      [Ext Root Scanning (ms): Min: 0.0, Avg: 0.0, Max: 0.2, Diff: 0.2, Sum: 0.6]
      [Update RS (ms): Min: 0.0, Avg: 0.0, Max: 0.0, Diff: 0.0, Sum: 0.0]
         [Processed Buffers: Min: 0, Avg: 0.3, Max: 2, Diff: 2, Sum: 6]
      [Scan RS (ms): Min: 0.0, Avg: 0.0, Max: 0.0, Diff: 0.0, Sum: 0.0]
      [Code Root Scanning (ms): Min: 0.0, Avg: 0.0, Max: 0.0, Diff: 0.0, Sum: 0.0]
      [Object Copy (ms): Min: 0.0, Avg: 0.1, Max: 0.5, Diff: 0.5, Sum: 1.9]
      [Termination (ms): Min: 0.0, Avg: 4.9, Max: 6.2, Diff: 6.2, Sum: 87.5]
         [Termination Attempts: Min: 1, Avg: 1.0, Max: 1, Diff: 0, Sum: 18]
      [GC Worker Other (ms): Min: 0.0, Avg: 0.0, Max: 0.0, Diff: 0.0, Sum: 0.1]
      [GC Worker Total (ms): Min: 0.0, Avg: 5.0, Max: 6.7, Diff: 6.6, Sum: 90.2]
      [GC Worker End (ms): Min: 487.0, Avg: 487.0, Max: 487.2, Diff: 0.2]
   [Code Root Fixup: 0.0 ms]
   [Code Root Purge: 0.0 ms]
   [Clear CT: 0.5 ms]
   [Other: 2.5 ms]
      [Choose CSet: 0.0 ms]
      [Ref Proc: 1.9 ms]
      [Ref Enq: 0.0 ms]
      [Redirty Cards: 0.5 ms]
      [Humongous Register: 0.0 ms]
      [Humongous Reclaim: 0.0 ms]
      [Free CSet: 0.0 ms]
   [Eden: 22528.0K(22528.0K)->0.0B(17408.0K) Survivors: 4096.0K->4096.0K Heap: 49253.5K(65536.0K)->31506.5K(65536.0K)]
 [Times: user=0.10 sys=0.00, real=0.01 secs] 
2026-06-17T09:48:38.322+0800: 0.523: [GC pause (G1 Humongous Allocation) (young) (initial-mark), 0.0443143 secs]
   [Parallel Time: 40.6 ms, GC Workers: 18]
      [GC Worker Start (ms): Min: 523.1, Avg: 523.5, Max: 523.9, Diff: 0.8]
      [Ext Root Scanning (ms): Min: 0.0, Avg: 23.0, Max: 38.5, Diff: 38.5, Sum: 414.7]
      [Update RS (ms): Min: 0.0, Avg: 0.0, Max: 0.0, Diff: 0.0, Sum: 0.0]
         [Processed Buffers: Min: 0, Avg: 0.3, Max: 5, Diff: 5, Sum: 5]
      [Scan RS (ms): Min: 0.0, Avg: 0.0, Max: 0.0, Diff: 0.0, Sum: 0.0]
      [Code Root Scanning (ms): Min: 0.0, Avg: 0.0, Max: 0.0, Diff: 0.0, Sum: 0.0]
      [Object Copy (ms): Min: 0.0, Avg: 0.0, Max: 0.3, Diff: 0.3, Sum: 0.6]
      [Termination (ms): Min: 0.0, Avg: 15.9, Max: 38.5, Diff: 38.5, Sum: 285.8]
         [Termination Attempts: Min: 1, Avg: 1.0, Max: 1, Diff: 0, Sum: 18]
      [GC Worker Other (ms): Min: 0.0, Avg: 0.0, Max: 0.0, Diff: 0.0, Sum: 0.1]
      [GC Worker Total (ms): Min: 38.5, Avg: 39.0, Max: 39.4, Diff: 0.9, Sum: 701.2]
      [GC Worker End (ms): Min: 562.3, Avg: 562.5, Max: 562.8, Diff: 0.5]
   [Code Root Fixup: 0.0 ms]
   [Code Root Purge: 0.0 ms]
   [Clear CT: 0.7 ms]
   [Other: 3.0 ms]
      [Choose CSet: 0.0 ms]
      [Ref Proc: 2.4 ms]
      [Ref Enq: 0.0 ms]
      [Redirty Cards: 0.6 ms]
      [Humongous Register: 0.0 ms]
      [Humongous Reclaim: 0.0 ms]
      [Free CSet: 0.0 ms]
   [Eden: 14336.0K(17408.0K)->0.0B(16384.0K) Survivors: 4096.0K->3072.0K Heap: 45002.6K(65536.0K)->32943.6K(65536.0K)]
 [Times: user=0.30 sys=0.00, real=0.05 secs] 
2026-06-17T09:48:38.367+0800: 0.568: [GC concurrent-root-region-scan-start]
2026-06-17T09:48:38.367+0800: 0.568: [GC concurrent-root-region-scan-end, 0.0002559 secs]
2026-06-17T09:48:38.367+0800: 0.568: [GC concurrent-mark-start]
2026-06-17T09:48:38.368+0800: 0.569: [GC concurrent-mark-end, 0.0006145 secs]
2026-06-17T09:48:38.368+0800: 0.569: [GC remark 2026-06-17T09:48:38.368+0800: 0.569: [Finalize Marking, 0.0131867 secs] 2026-06-17T09:48:38.382+0800: 0.583: [GC ref-proc, 0.0003681 secs] 2026-06-17T09:48:38.382+0800: 0.583: [Unloading, 0.0022147 secs], 0.0177109 secs]
 [Times: user=0.14 sys=0.01, real=0.02 secs] 
2026-06-17T09:48:38.387+0800: 0.588: [GC cleanup 35407K->26191K(65536K), 0.0030390 secs]
 [Times: user=0.00 sys=0.00, real=0.00 secs] 
2026-06-17T09:48:38.391+0800: 0.592: [GC concurrent-cleanup-start]
2026-06-17T09:48:38.391+0800: 0.592: [GC concurrent-cleanup-end, 0.0000117 secs]
2026-06-17T09:48:38.432+0800: 0.633: [GC pause (G1 Evacuation Pause) (young), 0.0175727 secs]
   [Parallel Time: 10.1 ms, GC Workers: 18]
      [GC Worker Start (ms): Min: 633.6, Avg: 637.0, Max: 643.2, Diff: 9.6]
      [Ext Root Scanning (ms): Min: 0.0, Avg: 0.0, Max: 0.2, Diff: 0.2, Sum: 0.3]
      [Update RS (ms): Min: 0.0, Avg: 0.0, Max: 0.0, Diff: 0.0, Sum: 0.0]
         [Processed Buffers: Min: 0, Avg: 0.2, Max: 2, Diff: 2, Sum: 4]
      [Scan RS (ms): Min: 0.0, Avg: 0.0, Max: 0.0, Diff: 0.0, Sum: 0.0]
      [Code Root Scanning (ms): Min: 0.0, Avg: 0.0, Max: 0.0, Diff: 0.0, Sum: 0.0]
      [Object Copy (ms): Min: 0.0, Avg: 0.0, Max: 0.2, Diff: 0.2, Sum: 0.6]
      [Termination (ms): Min: 0.0, Avg: 6.3, Max: 9.4, Diff: 9.4, Sum: 112.6]
         [Termination Attempts: Min: 1, Avg: 1.0, Max: 1, Diff: 0, Sum: 18]
      [GC Worker Other (ms): Min: 0.0, Avg: 0.0, Max: 0.0, Diff: 0.0, Sum: 0.1]
      [GC Worker Total (ms): Min: 0.0, Avg: 6.3, Max: 9.8, Diff: 9.8, Sum: 113.7]
      [GC Worker End (ms): Min: 643.2, Avg: 643.3, Max: 643.4, Diff: 0.2]
   [Code Root Fixup: 0.0 ms]
   [Code Root Purge: 0.0 ms]
   [Clear CT: 1.2 ms]
   [Other: 6.3 ms]
      [Choose CSet: 0.0 ms]
      [Ref Proc: 5.4 ms]
      [Ref Enq: 0.0 ms]
      [Redirty Cards: 0.8 ms]
      [Humongous Register: 0.0 ms]
      [Humongous Reclaim: 0.0 ms]
      [Free CSet: 0.0 ms]
   [Eden: 16384.0K(16384.0K)->0.0B(1024.0K) Survivors: 3072.0K->2048.0K Heap: 41578.6K(65536.0K)->27486.6K(65536.0K)]
 [Times: user=0.19 sys=0.00, real=0.01 secs] 
2026-06-17T09:48:38.451+0800: 0.652: [GC pause (G1 Evacuation Pause) (mixed), 0.0114464 secs]
   [Parallel Time: 6.9 ms, GC Workers: 18]
      [GC Worker Start (ms): Min: 652.3, Avg: 653.7, Max: 658.6, Diff: 6.3]
      [Ext Root Scanning (ms): Min: 0.0, Avg: 0.0, Max: 0.2, Diff: 0.2, Sum: 0.4]
      [Update RS (ms): Min: 0.0, Avg: 0.0, Max: 0.0, Diff: 0.0, Sum: 0.0]
         [Processed Buffers: Min: 0, Avg: 0.2, Max: 3, Diff: 3, Sum: 4]
      [Scan RS (ms): Min: 0.0, Avg: 0.0, Max: 0.0, Diff: 0.0, Sum: 0.0]
      [Code Root Scanning (ms): Min: 0.0, Avg: 0.0, Max: 0.0, Diff: 0.0, Sum: 0.0]
      [Object Copy (ms): Min: 0.0, Avg: 0.1, Max: 0.2, Diff: 0.2, Sum: 1.1]
      [Termination (ms): Min: 0.0, Avg: 4.8, Max: 6.1, Diff: 6.1, Sum: 87.0]
         [Termination Attempts: Min: 1, Avg: 2.0, Max: 6, Diff: 5, Sum: 36]
      [GC Worker Other (ms): Min: 0.0, Avg: 0.0, Max: 0.0, Diff: 0.0, Sum: 0.1]
      [GC Worker Total (ms): Min: 0.0, Avg: 4.9, Max: 6.5, Diff: 6.5, Sum: 88.6]
      [GC Worker End (ms): Min: 658.6, Avg: 658.6, Max: 658.8, Diff: 0.2]
   [Code Root Fixup: 0.0 ms]
   [Code Root Purge: 0.0 ms]
   [Clear CT: 1.2 ms]
   [Other: 3.4 ms]
      [Choose CSet: 0.0 ms]
      [Ref Proc: 2.5 ms]
      [Ref Enq: 0.0 ms]
      [Redirty Cards: 0.8 ms]
      [Humongous Register: 0.0 ms]
      [Humongous Reclaim: 0.0 ms]
      [Free CSet: 0.0 ms]
   [Eden: 1024.0K(1024.0K)->0.0B(23552.0K) Survivors: 2048.0K->1024.0K Heap: 28510.6K(65536.0K)->25188.0K(65536.0K)]
 [Times: user=0.12 sys=0.00, real=0.01 secs] 
2026-06-17T09:48:38.516+0800: 0.717: [GC pause (G1 Evacuation Pause) (young), 0.0121791 secs]
   [Parallel Time: 7.0 ms, GC Workers: 18]
      [GC Worker Start (ms): Min: 717.2, Avg: 718.4, Max: 723.2, Diff: 6.0]
      [Ext Root Scanning (ms): Min: 0.0, Avg: 0.0, Max: 0.2, Diff: 0.2, Sum: 0.3]
      [Update RS (ms): Min: 0.0, Avg: 0.0, Max: 0.5, Diff: 0.5, Sum: 0.7]
         [Processed Buffers: Min: 0, Avg: 0.4, Max: 4, Diff: 4, Sum: 8]
      [Scan RS (ms): Min: 0.0, Avg: 0.0, Max: 0.0, Diff: 0.0, Sum: 0.0]
      [Code Root Scanning (ms): Min: 0.0, Avg: 0.0, Max: 0.0, Diff: 0.0, Sum: 0.0]
      [Object Copy (ms): Min: 0.0, Avg: 0.1, Max: 0.5, Diff: 0.5, Sum: 1.8]
      [Termination (ms): Min: 0.0, Avg: 4.6, Max: 5.4, Diff: 5.4, Sum: 83.6]
         [Termination Attempts: Min: 1, Avg: 1.0, Max: 1, Diff: 0, Sum: 18]
      [GC Worker Other (ms): Min: 0.0, Avg: 0.0, Max: 0.0, Diff: 0.0, Sum: 0.1]
      [GC Worker Total (ms): Min: 0.0, Avg: 4.8, Max: 6.0, Diff: 6.0, Sum: 86.6]
      [GC Worker End (ms): Min: 723.2, Avg: 723.2, Max: 723.3, Diff: 0.2]
   [Code Root Fixup: 0.0 ms]
   [Code Root Purge: 0.0 ms]
   [Clear CT: 1.7 ms]
   [Other: 3.5 ms]
      [Choose CSet: 0.0 ms]
      [Ref Proc: 2.3 ms]
      [Ref Enq: 0.0 ms]
      [Redirty Cards: 1.2 ms]
      [Humongous Register: 0.0 ms]
      [Humongous Reclaim: 0.0 ms]
      [Free CSet: 0.0 ms]
   [Eden: 23552.0K(23552.0K)->0.0B(14336.0K) Survivors: 1024.0K->3072.0K Heap: 48740.0K(65536.0K)->35092.5K(65536.0K)]
 [Times: user=0.09 sys=0.01, real=0.01 secs] 
2026-06-17T09:48:38.571+0800: 0.772: [GC pause (G1 Evacuation Pause) (young) (initial-mark), 0.0557651 secs]
   [Parallel Time: 51.2 ms, GC Workers: 18]
      [GC Worker Start (ms): Min: 772.4, Avg: 773.1, Max: 773.6, Diff: 1.1]
      [Ext Root Scanning (ms): Min: 0.0, Avg: 21.8, Max: 48.4, Diff: 48.4, Sum: 392.6]
      [Update RS (ms): Min: 0.0, Avg: 0.0, Max: 0.0, Diff: 0.0, Sum: 0.0]
         [Processed Buffers: Min: 0, Avg: 0.3, Max: 5, Diff: 5, Sum: 5]
      [Scan RS (ms): Min: 0.0, Avg: 0.0, Max: 0.0, Diff: 0.0, Sum: 0.0]
      [Code Root Scanning (ms): Min: 0.0, Avg: 0.0, Max: 0.0, Diff: 0.0, Sum: 0.0]
      [Object Copy (ms): Min: 0.0, Avg: 0.1, Max: 0.4, Diff: 0.4, Sum: 0.9]
      [Termination (ms): Min: 0.0, Avg: 27.1, Max: 48.5, Diff: 48.5, Sum: 488.6]
         [Termination Attempts: Min: 1, Avg: 1.0, Max: 1, Diff: 0, Sum: 18]
      [GC Worker Other (ms): Min: 0.0, Avg: 0.0, Max: 0.0, Diff: 0.0, Sum: 0.1]
      [GC Worker Total (ms): Min: 48.4, Avg: 49.0, Max: 49.8, Diff: 1.4, Sum: 882.4]
      [GC Worker End (ms): Min: 821.9, Avg: 822.1, Max: 822.4, Diff: 0.5]
   [Code Root Fixup: 0.0 ms]
   [Code Root Purge: 0.0 ms]
   [Clear CT: 0.8 ms]
   [Other: 3.8 ms]
      [Choose CSet: 0.0 ms]
      [Ref Proc: 3.1 ms]
      [Ref Enq: 0.0 ms]
      [Redirty Cards: 0.7 ms]
      [Humongous Register: 0.0 ms]
      [Humongous Reclaim: 0.0 ms]
      [Free CSet: 0.0 ms]
   [Eden: 14336.0K(14336.0K)->0.0B(11264.0K) Survivors: 3072.0K->3072.0K Heap: 49428.5K(65536.0K)->39241.5K(65536.0K)]
 [Times: user=0.51 sys=0.00, real=0.05 secs] 
2026-06-17T09:48:38.628+0800: 0.829: [GC concurrent-root-region-scan-start]
2026-06-17T09:48:38.628+0800: 0.829: [GC concurrent-root-region-scan-end, 0.0003474 secs]
2026-06-17T09:48:38.628+0800: 0.829: [GC concurrent-mark-start]
2026-06-17T09:48:38.628+0800: 0.830: [GC concurrent-mark-end, 0.0005610 secs]
2026-06-17T09:48:38.629+0800: 0.830: [GC remark 2026-06-17T09:48:38.629+0800: 0.830: [Finalize Marking, 0.0175357 secs] 2026-06-17T09:48:38.647+0800: 0.848: [GC ref-proc, 0.0003907 secs] 2026-06-17T09:48:38.647+0800: 0.848: [Unloading, 0.0020269 secs], 0.0214994 secs]
 [Times: user=0.20 sys=0.01, real=0.02 secs] 
2026-06-17T09:48:38.651+0800: 0.852: [GC cleanup 44933K->30597K(65536K), 0.0033041 secs]
 [Times: user=0.00 sys=0.00, real=0.00 secs] 
2026-06-17T09:48:38.655+0800: 0.856: [GC concurrent-cleanup-start]
2026-06-17T09:48:38.655+0800: 0.856: [GC concurrent-cleanup-end, 0.0000128 secs]
2026-06-17T09:48:38.666+0800: 0.867: [GC pause (G1 Evacuation Pause) (young), 0.0190678 secs]
   [Parallel Time: 13.3 ms, GC Workers: 18]
      [GC Worker Start (ms): Min: 867.2, Avg: 870.9, Max: 879.9, Diff: 12.7]
      [Ext Root Scanning (ms): Min: 0.0, Avg: 0.0, Max: 0.2, Diff: 0.2, Sum: 0.3]
      [Update RS (ms): Min: 0.0, Avg: 0.0, Max: 0.0, Diff: 0.0, Sum: 0.0]
         [Processed Buffers: Min: 0, Avg: 0.3, Max: 2, Diff: 2, Sum: 5]
      [Scan RS (ms): Min: 0.0, Avg: 0.0, Max: 0.0, Diff: 0.0, Sum: 0.0]
      [Code Root Scanning (ms): Min: 0.0, Avg: 0.0, Max: 0.0, Diff: 0.0, Sum: 0.0]
      [Object Copy (ms): Min: 0.0, Avg: 0.1, Max: 0.3, Diff: 0.2, Sum: 1.1]
      [Termination (ms): Min: 0.0, Avg: 9.1, Max: 12.6, Diff: 12.6, Sum: 163.4]
         [Termination Attempts: Min: 1, Avg: 1.0, Max: 1, Diff: 0, Sum: 18]
      [GC Worker Other (ms): Min: 0.0, Avg: 0.0, Max: 0.0, Diff: 0.0, Sum: 0.1]
      [GC Worker Total (ms): Min: 0.0, Avg: 9.2, Max: 13.0, Diff: 13.0, Sum: 164.9]
      [GC Worker End (ms): Min: 879.9, Avg: 880.1, Max: 880.2, Diff: 0.3]
   [Code Root Fixup: 0.0 ms]
   [Code Root Purge: 0.0 ms]
   [Clear CT: 0.8 ms]
   [Other: 5.0 ms]
      [Choose CSet: 0.0 ms]
      [Ref Proc: 4.4 ms]
      [Ref Enq: 0.0 ms]
      [Redirty Cards: 0.6 ms]
      [Humongous Register: 0.0 ms]
      [Humongous Reclaim: 0.0 ms]
      [Free CSet: 0.0 ms]
   [Eden: 11264.0K(11264.0K)->0.0B(1024.0K) Survivors: 3072.0K->2048.0K Heap: 36169.5K(65536.0K)->28185.5K(65536.0K)]
 [Times: user=0.21 sys=0.00, real=0.02 secs] 
2026-06-17T09:48:38.696+0800: 0.898: [GC pause (G1 Evacuation Pause) (mixed), 0.0161418 secs]
   [Parallel Time: 9.6 ms, GC Workers: 18]
      [GC Worker Start (ms): Min: 897.6, Avg: 900.8, Max: 906.1, Diff: 8.6]
      [Ext Root Scanning (ms): Min: 0.0, Avg: 0.0, Max: 0.2, Diff: 0.2, Sum: 0.2]
      [Update RS (ms): Min: 0.0, Avg: 0.0, Max: 0.0, Diff: 0.0, Sum: 0.0]
         [Processed Buffers: Min: 0, Avg: 0.2, Max: 3, Diff: 3, Sum: 4]
      [Scan RS (ms): Min: 0.0, Avg: 0.0, Max: 0.0, Diff: 0.0, Sum: 0.0]
      [Code Root Scanning (ms): Min: 0.0, Avg: 0.0, Max: 0.0, Diff: 0.0, Sum: 0.0]
      [Object Copy (ms): Min: 0.0, Avg: 0.0, Max: 0.2, Diff: 0.2, Sum: 0.4]
      [Termination (ms): Min: 0.0, Avg: 5.4, Max: 8.5, Diff: 8.5, Sum: 97.6]
         [Termination Attempts: Min: 1, Avg: 1.0, Max: 1, Diff: 0, Sum: 18]
      [GC Worker Other (ms): Min: 0.0, Avg: 0.0, Max: 0.0, Diff: 0.0, Sum: 0.1]
      [GC Worker Total (ms): Min: 0.0, Avg: 5.5, Max: 8.7, Diff: 8.7, Sum: 98.3]
      [GC Worker End (ms): Min: 906.2, Avg: 906.2, Max: 906.4, Diff: 0.3]
   [Code Root Fixup: 0.0 ms]
   [Code Root Purge: 0.0 ms]
   [Clear CT: 1.5 ms]
   [Other: 5.0 ms]
      [Choose CSet: 0.0 ms]
      [Ref Proc: 4.1 ms]
      [Ref Enq: 0.0 ms]
      [Redirty Cards: 0.8 ms]
      [Humongous Register: 0.0 ms]
      [Humongous Reclaim: 0.0 ms]
      [Free CSet: 0.0 ms]
   [Eden: 1024.0K(1024.0K)->0.0B(22528.0K) Survivors: 2048.0K->1024.0K Heap: 29209.5K(65536.0K)->23819.8K(65536.0K)]
 [Times: user=0.14 sys=0.00, real=0.02 secs] 
2026-06-17T09:48:38.756+0800: 0.957: [GC pause (G1 Evacuation Pause) (young), 0.0165997 secs]
   [Parallel Time: 9.0 ms, GC Workers: 18]
      [GC Worker Start (ms): Min: 957.2, Avg: 960.3, Max: 965.4, Diff: 8.2]
      [Ext Root Scanning (ms): Min: 0.0, Avg: 0.0, Max: 0.2, Diff: 0.2, Sum: 0.4]
      [Update RS (ms): Min: 0.0, Avg: 0.0, Max: 0.0, Diff: 0.0, Sum: 0.0]
         [Processed Buffers: Min: 0, Avg: 0.3, Max: 2, Diff: 2, Sum: 5]
      [Scan RS (ms): Min: 0.0, Avg: 0.0, Max: 0.0, Diff: 0.0, Sum: 0.0]
      [Code Root Scanning (ms): Min: 0.0, Avg: 0.0, Max: 0.0, Diff: 0.0, Sum: 0.0]
      [Object Copy (ms): Min: 0.0, Avg: 0.1, Max: 0.3, Diff: 0.3, Sum: 1.4]
      [Termination (ms): Min: 0.0, Avg: 5.1, Max: 7.9, Diff: 7.9, Sum: 91.8]
         [Termination Attempts: Min: 1, Avg: 1.0, Max: 1, Diff: 0, Sum: 18]
      [GC Worker Other (ms): Min: 0.0, Avg: 0.0, Max: 0.0, Diff: 0.0, Sum: 0.1]
      [GC Worker Total (ms): Min: 0.0, Avg: 5.2, Max: 8.4, Diff: 8.4, Sum: 93.7]
      [GC Worker End (ms): Min: 965.4, Avg: 965.5, Max: 965.6, Diff: 0.2]
   [Code Root Fixup: 0.0 ms]
   [Code Root Purge: 0.0 ms]
   [Clear CT: 0.9 ms]
   [Other: 6.7 ms]
      [Choose CSet: 0.0 ms]
      [Ref Proc: 5.9 ms]
      [Ref Enq: 0.0 ms]
      [Redirty Cards: 0.8 ms]
      [Humongous Register: 0.0 ms]
      [Humongous Reclaim: 0.0 ms]
      [Free CSet: 0.0 ms]
   [Eden: 22528.0K(22528.0K)->0.0B(16384.0K) Survivors: 1024.0K->3072.0K Heap: 47353.8K(65536.0K)->32521.6K(65536.0K)]
 [Times: user=0.17 sys=0.01, real=0.02 secs] 
2026-06-17T09:48:38.815+0800: 1.016: [GC pause (G1 Evacuation Pause) (young) (initial-mark), 0.0178019 secs]
   [Parallel Time: 12.6 ms, GC Workers: 18]
      [GC Worker Start (ms): Min: 1016.4, Avg: 1016.8, Max: 1017.0, Diff: 0.7]
      [Ext Root Scanning (ms): Min: 0.0, Avg: 2.6, Max: 11.4, Diff: 11.4, Sum: 46.2]
      [Update RS (ms): Min: 0.0, Avg: 0.0, Max: 0.0, Diff: 0.0, Sum: 0.0]
         [Processed Buffers: Min: 0, Avg: 0.2, Max: 3, Diff: 3, Sum: 3]
      [Scan RS (ms): Min: 0.0, Avg: 0.0, Max: 0.0, Diff: 0.0, Sum: 0.0]
      [Code Root Scanning (ms): Min: 0.0, Avg: 0.0, Max: 0.0, Diff: 0.0, Sum: 0.0]
      [Object Copy (ms): Min: 0.0, Avg: 0.1, Max: 0.4, Diff: 0.4, Sum: 1.0]
      [Termination (ms): Min: 0.0, Avg: 9.1, Max: 11.1, Diff: 11.1, Sum: 163.4]
         [Termination Attempts: Min: 1, Avg: 1.0, Max: 1, Diff: 0, Sum: 18]
      [GC Worker Other (ms): Min: 0.0, Avg: 0.0, Max: 0.0, Diff: 0.0, Sum: 0.1]
      [GC Worker Total (ms): Min: 11.4, Avg: 11.7, Max: 12.1, Diff: 0.7, Sum: 210.8]
      [GC Worker End (ms): Min: 1028.4, Avg: 1028.5, Max: 1028.6, Diff: 0.2]
   [Code Root Fixup: 0.0 ms]
   [Code Root Purge: 0.0 ms]
   [Clear CT: 1.9 ms]
   [Other: 3.3 ms]
      [Choose CSet: 0.0 ms]
      [Ref Proc: 1.9 ms]
      [Ref Enq: 0.0 ms]
      [Redirty Cards: 1.3 ms]
      [Humongous Register: 0.0 ms]
      [Humongous Reclaim: 0.0 ms]
      [Free CSet: 0.0 ms]
   [Eden: 16384.0K(16384.0K)->0.0B(12288.0K) Survivors: 3072.0K->3072.0K Heap: 48905.6K(65536.0K)->37560.6K(65536.0K)]
 [Times: user=0.18 sys=0.00, real=0.02 secs] 
2026-06-17T09:48:38.834+0800: 1.035: [GC concurrent-root-region-scan-start]
2026-06-17T09:48:38.834+0800: 1.036: [GC concurrent-root-region-scan-end, 0.0002506 secs]
2026-06-17T09:48:38.834+0800: 1.036: [GC concurrent-mark-start]
2026-06-17T09:48:38.835+0800: 1.036: [GC concurrent-mark-end, 0.0004393 secs]
2026-06-17T09:48:38.835+0800: 1.036: [GC remark 2026-06-17T09:48:38.836+0800: 1.037: [Finalize Marking, 0.0086996 secs] 2026-06-17T09:48:38.845+0800: 1.046: [GC ref-proc, 0.0006897 secs] 2026-06-17T09:48:38.846+0800: 1.047: [Unloading, 0.0022975 secs], 0.0147779 secs]
 [Times: user=0.12 sys=0.00, real=0.01 secs] 
2026-06-17T09:48:38.851+0800: 1.052: [GC cleanup 38513K->37489K(65536K), 0.0035623 secs]
 [Times: user=0.00 sys=0.00, real=0.00 secs] 
2026-06-17T09:48:38.856+0800: 1.057: [GC concurrent-cleanup-start]
2026-06-17T09:48:38.856+0800: 1.057: [GC concurrent-cleanup-end, 0.0000080 secs]
2026-06-17T09:48:38.877+0800: 1.078: [GC pause (G1 Evacuation Pause) (young), 0.0150464 secs]
   [Parallel Time: 10.0 ms, GC Workers: 18]
      [GC Worker Start (ms): Min: 1078.1, Avg: 1080.0, Max: 1087.1, Diff: 9.1]
      [Ext Root Scanning (ms): Min: 0.0, Avg: 0.0, Max: 0.2, Diff: 0.2, Sum: 0.5]
      [Update RS (ms): Min: 0.0, Avg: 0.0, Max: 0.0, Diff: 0.0, Sum: 0.1]
         [Processed Buffers: Min: 0, Avg: 0.2, Max: 1, Diff: 1, Sum: 4]
      [Scan RS (ms): Min: 0.0, Avg: 0.0, Max: 0.0, Diff: 0.0, Sum: 0.0]
      [Code Root Scanning (ms): Min: 0.0, Avg: 0.0, Max: 0.0, Diff: 0.0, Sum: 0.0]
      [Object Copy (ms): Min: 0.0, Avg: 0.1, Max: 0.2, Diff: 0.2, Sum: 1.1]
      [Termination (ms): Min: 0.0, Avg: 7.1, Max: 8.7, Diff: 8.7, Sum: 128.4]
         [Termination Attempts: Min: 1, Avg: 1.0, Max: 1, Diff: 0, Sum: 18]
      [GC Worker Other (ms): Min: 0.0, Avg: 0.0, Max: 0.0, Diff: 0.0, Sum: 0.1]
      [GC Worker Total (ms): Min: 0.0, Avg: 7.2, Max: 9.1, Diff: 9.1, Sum: 130.2]
      [GC Worker End (ms): Min: 1087.2, Avg: 1087.2, Max: 1087.3, Diff: 0.1]
   [Code Root Fixup: 0.0 ms]
   [Code Root Purge: 0.0 ms]
   [Clear CT: 1.0 ms]
   [Other: 4.1 ms]
      [Choose CSet: 0.0 ms]
      [Ref Proc: 3.1 ms]
      [Ref Enq: 0.0 ms]
      [Redirty Cards: 0.9 ms]
      [Humongous Register: 0.0 ms]
      [Humongous Reclaim: 0.0 ms]
      [Free CSet: 0.0 ms]
   [Eden: 12288.0K(12288.0K)->0.0B(1024.0K) Survivors: 3072.0K->2048.0K Heap: 48824.6K(65536.0K)->40211.6K(65536.0K)]
 [Times: user=0.16 sys=0.01, real=0.02 secs] 
2026-06-17T09:48:38.903+0800: 1.105: [GC pause (G1 Evacuation Pause) (mixed), 0.0103683 secs]
   [Parallel Time: 7.0 ms, GC Workers: 18]
      [GC Worker Start (ms): Min: 1104.7, Avg: 1106.4, Max: 1111.1, Diff: 6.4]
      [Ext Root Scanning (ms): Min: 0.0, Avg: 0.0, Max: 0.2, Diff: 0.2, Sum: 0.6]
      [Update RS (ms): Min: 0.0, Avg: 0.0, Max: 0.0, Diff: 0.0, Sum: 0.0]
         [Processed Buffers: Min: 0, Avg: 0.2, Max: 1, Diff: 1, Sum: 4]
      [Scan RS (ms): Min: 0.0, Avg: 0.0, Max: 0.0, Diff: 0.0, Sum: 0.0]
      [Code Root Scanning (ms): Min: 0.0, Avg: 0.0, Max: 0.0, Diff: 0.0, Sum: 0.0]
      [Object Copy (ms): Min: 0.0, Avg: 0.0, Max: 0.1, Diff: 0.1, Sum: 0.6]
      [Termination (ms): Min: 0.0, Avg: 4.7, Max: 6.2, Diff: 6.2, Sum: 83.8]
         [Termination Attempts: Min: 1, Avg: 1.1, Max: 2, Diff: 1, Sum: 19]
      [GC Worker Other (ms): Min: 0.0, Avg: 0.0, Max: 0.0, Diff: 0.0, Sum: 0.1]
      [GC Worker Total (ms): Min: 0.0, Avg: 4.7, Max: 6.6, Diff: 6.5, Sum: 85.2]
      [GC Worker End (ms): Min: 1111.1, Avg: 1111.2, Max: 1111.2, Diff: 0.1]
   [Code Root Fixup: 0.0 ms]
   [Code Root Purge: 0.0 ms]
   [Clear CT: 0.8 ms]
   [Other: 2.5 ms]
      [Choose CSet: 0.0 ms]
      [Ref Proc: 1.7 ms]
      [Ref Enq: 0.0 ms]
      [Redirty Cards: 0.7 ms]
      [Humongous Register: 0.0 ms]
      [Humongous Reclaim: 0.0 ms]
      [Free CSet: 0.0 ms]
   [Eden: 1024.0K(1024.0K)->0.0B(13312.0K) Survivors: 2048.0K->1024.0K Heap: 41235.6K(65536.0K)->35112.0K(65536.0K)]
 [Times: user=0.09 sys=0.00, real=0.01 secs] 
2026-06-17T09:48:38.946+0800: 1.147: [GC pause (G1 Evacuation Pause) (young), 0.0116069 secs]
   [Parallel Time: 8.4 ms, GC Workers: 18]
      [GC Worker Start (ms): Min: 1147.5, Avg: 1149.5, Max: 1155.0, Diff: 7.5]
      [Ext Root Scanning (ms): Min: 0.0, Avg: 0.0, Max: 0.2, Diff: 0.2, Sum: 0.3]
      [Update RS (ms): Min: 0.0, Avg: 0.0, Max: 0.1, Diff: 0.1, Sum: 0.1]
         [Processed Buffers: Min: 0, Avg: 0.5, Max: 4, Diff: 4, Sum: 9]
      [Scan RS (ms): Min: 0.0, Avg: 0.0, Max: 0.0, Diff: 0.0, Sum: 0.0]
      [Code Root Scanning (ms): Min: 0.0, Avg: 0.0, Max: 0.0, Diff: 0.0, Sum: 0.0]
      [Object Copy (ms): Min: 0.0, Avg: 0.0, Max: 0.1, Diff: 0.1, Sum: 0.4]
      [Termination (ms): Min: 0.0, Avg: 5.5, Max: 7.3, Diff: 7.3, Sum: 99.6]
         [Termination Attempts: Min: 1, Avg: 1.0, Max: 1, Diff: 0, Sum: 18]
      [GC Worker Other (ms): Min: 0.0, Avg: 0.0, Max: 0.0, Diff: 0.0, Sum: 0.1]
      [GC Worker Total (ms): Min: 0.0, Avg: 5.6, Max: 7.7, Diff: 7.7, Sum: 100.5]
      [GC Worker End (ms): Min: 1155.0, Avg: 1155.1, Max: 1155.3, Diff: 0.3]
   [Code Root Fixup: 0.0 ms]
   [Code Root Purge: 0.0 ms]
   [Clear CT: 0.6 ms]
   [Other: 2.6 ms]
      [Choose CSet: 0.0 ms]
      [Ref Proc: 1.9 ms]
      [Ref Enq: 0.0 ms]
      [Redirty Cards: 0.6 ms]
      [Humongous Register: 0.0 ms]
      [Humongous Reclaim: 0.0 ms]
      [Free CSet: 0.0 ms]
   [Eden: 13312.0K(13312.0K)->0.0B(11264.0K) Survivors: 1024.0K->2048.0K Heap: 48424.0K(65536.0K)->38043.6K(65536.0K)]
 [Times: user=0.11 sys=0.01, real=0.01 secs] 
2026-06-17T09:48:38.980+0800: 1.181: [GC pause (G1 Evacuation Pause) (young) (initial-mark), 0.0136950 secs]
   [Parallel Time: 8.7 ms, GC Workers: 18]
      [GC Worker Start (ms): Min: 1181.3, Avg: 1181.7, Max: 1181.9, Diff: 0.6]
      [Ext Root Scanning (ms): Min: 0.0, Avg: 2.4, Max: 7.4, Diff: 7.4, Sum: 43.5]
      [Update RS (ms): Min: 0.0, Avg: 0.0, Max: 0.0, Diff: 0.0, Sum: 0.0]
         [Processed Buffers: Min: 0, Avg: 0.2, Max: 4, Diff: 4, Sum: 4]
      [Scan RS (ms): Min: 0.0, Avg: 0.0, Max: 0.0, Diff: 0.0, Sum: 0.0]
      [Code Root Scanning (ms): Min: 0.0, Avg: 0.0, Max: 0.0, Diff: 0.0, Sum: 0.0]
      [Object Copy (ms): Min: 0.0, Avg: 0.0, Max: 0.3, Diff: 0.3, Sum: 0.8]
      [Termination (ms): Min: 0.0, Avg: 5.2, Max: 7.2, Diff: 7.2, Sum: 93.0]
         [Termination Attempts: Min: 1, Avg: 1.0, Max: 1, Diff: 0, Sum: 18]
      [GC Worker Other (ms): Min: 0.0, Avg: 0.0, Max: 0.0, Diff: 0.0, Sum: 0.1]
      [GC Worker Total (ms): Min: 7.4, Avg: 7.6, Max: 8.1, Diff: 0.7, Sum: 137.4]
      [GC Worker End (ms): Min: 1189.2, Avg: 1189.3, Max: 1189.4, Diff: 0.2]
   [Code Root Fixup: 0.0 ms]
   [Code Root Purge: 0.0 ms]
   [Clear CT: 1.1 ms]
   [Other: 4.0 ms]
      [Choose CSet: 0.0 ms]
      [Ref Proc: 3.1 ms]
      [Ref Enq: 0.0 ms]
      [Redirty Cards: 0.8 ms]
      [Humongous Register: 0.0 ms]
      [Humongous Reclaim: 0.0 ms]
      [Free CSet: 0.0 ms]
   [Eden: 11264.0K(11264.0K)->0.0B(8192.0K) Survivors: 2048.0K->2048.0K Heap: 49307.6K(65536.0K)->42579.6K(65536.0K)]
 [Times: user=0.14 sys=0.00, real=0.02 secs] 
2026-06-17T09:48:38.996+0800: 1.197: [GC concurrent-root-region-scan-start]
2026-06-17T09:48:38.996+0800: 1.197: [GC concurrent-root-region-scan-end, 0.0002956 secs]
2026-06-17T09:48:38.996+0800: 1.197: [GC concurrent-mark-start]
2026-06-17T09:48:38.996+0800: 1.198: [GC concurrent-mark-end, 0.0003047 secs]
2026-06-17T09:48:38.996+0800: 1.198: [GC remark 2026-06-17T09:48:38.997+0800: 1.198: [Finalize Marking, 0.0052803 secs] 2026-06-17T09:48:39.003+0800: 1.204: [GC ref-proc, 0.0006624 secs] 2026-06-17T09:48:39.004+0800: 1.205: [Unloading, 0.0018035 secs], 0.0105944 secs]
 [Times: user=0.05 sys=0.00, real=0.01 secs] 
2026-06-17T09:48:39.008+0800: 1.209: [GC cleanup 45142K->37974K(65536K), 0.0033467 secs]
 [Times: user=0.00 sys=0.00, real=0.01 secs] 
2026-06-17T09:48:39.013+0800: 1.214: [GC concurrent-cleanup-start]
2026-06-17T09:48:39.013+0800: 1.214: [GC concurrent-cleanup-end, 0.0000106 secs]
2026-06-17T09:48:39.023+0800: 1.225: [GC pause (G1 Evacuation Pause) (young), 0.0087717 secs]
   [Parallel Time: 5.2 ms, GC Workers: 18]
      [GC Worker Start (ms): Min: 1224.7, Avg: 1225.9, Max: 1229.3, Diff: 4.6]
      [Ext Root Scanning (ms): Min: 0.0, Avg: 0.0, Max: 0.1, Diff: 0.1, Sum: 0.2]
      [Update RS (ms): Min: 0.0, Avg: 0.0, Max: 0.0, Diff: 0.0, Sum: 0.0]
         [Processed Buffers: Min: 0, Avg: 0.2, Max: 2, Diff: 2, Sum: 4]
      [Scan RS (ms): Min: 0.0, Avg: 0.0, Max: 0.0, Diff: 0.0, Sum: 0.0]
      [Code Root Scanning (ms): Min: 0.0, Avg: 0.0, Max: 0.0, Diff: 0.0, Sum: 0.0]
      [Object Copy (ms): Min: 0.0, Avg: 0.0, Max: 0.2, Diff: 0.2, Sum: 0.5]
      [Termination (ms): Min: 0.0, Avg: 3.4, Max: 4.3, Diff: 4.3, Sum: 60.5]
         [Termination Attempts: Min: 1, Avg: 1.0, Max: 1, Diff: 0, Sum: 18]
      [GC Worker Other (ms): Min: 0.0, Avg: 0.0, Max: 0.0, Diff: 0.0, Sum: 0.1]
      [GC Worker Total (ms): Min: 0.0, Avg: 3.4, Max: 4.6, Diff: 4.6, Sum: 61.4]
      [GC Worker End (ms): Min: 1229.3, Avg: 1229.4, Max: 1229.4, Diff: 0.1]
   [Code Root Fixup: 0.0 ms]
   [Code Root Purge: 0.0 ms]
   [Clear CT: 1.2 ms]
   [Other: 2.4 ms]
      [Choose CSet: 0.0 ms]
      [Ref Proc: 1.6 ms]
      [Ref Enq: 0.0 ms]
      [Redirty Cards: 0.8 ms]
      [Humongous Register: 0.0 ms]
      [Humongous Reclaim: 0.0 ms]
      [Free CSet: 0.0 ms]
   [Eden: 8192.0K(8192.0K)->0.0B(1024.0K) Survivors: 2048.0K->2048.0K Heap: 44574.6K(65536.0K)->38774.6K(65536.0K)]
 [Times: user=0.07 sys=0.01, real=0.01 secs] 
2026-06-17T09:48:39.034+0800: 1.235: [GC pause (G1 Evacuation Pause) (mixed), 0.0075553 secs]
   [Parallel Time: 2.2 ms, GC Workers: 18]
      [GC Worker Start (ms): Min: 1235.0, Avg: 1235.8, Max: 1236.6, Diff: 1.6]
      [Ext Root Scanning (ms): Min: 0.0, Avg: 0.0, Max: 0.2, Diff: 0.2, Sum: 0.4]
      [Update RS (ms): Min: 0.0, Avg: 0.0, Max: 0.0, Diff: 0.0, Sum: 0.0]
         [Processed Buffers: Min: 0, Avg: 0.2, Max: 2, Diff: 2, Sum: 4]
      [Scan RS (ms): Min: 0.0, Avg: 0.0, Max: 0.0, Diff: 0.0, Sum: 0.1]
      [Code Root Scanning (ms): Min: 0.0, Avg: 0.0, Max: 0.0, Diff: 0.0, Sum: 0.0]
      [Object Copy (ms): Min: 0.0, Avg: 0.0, Max: 0.2, Diff: 0.2, Sum: 0.8]
      [Termination (ms): Min: 0.0, Avg: 0.8, Max: 1.3, Diff: 1.3, Sum: 13.5]
         [Termination Attempts: Min: 1, Avg: 1.0, Max: 1, Diff: 0, Sum: 18]
      [GC Worker Other (ms): Min: 0.0, Avg: 0.0, Max: 0.0, Diff: 0.0, Sum: 0.1]
      [GC Worker Total (ms): Min: 0.0, Avg: 0.8, Max: 1.6, Diff: 1.6, Sum: 14.8]
      [GC Worker End (ms): Min: 1236.6, Avg: 1236.6, Max: 1236.8, Diff: 0.2]
   [Code Root Fixup: 0.0 ms]
   [Code Root Purge: 0.0 ms]
   [Clear CT: 0.8 ms]
   [Other: 4.5 ms]
      [Choose CSet: 0.0 ms]
      [Ref Proc: 3.6 ms]
      [Ref Enq: 0.0 ms]
      [Redirty Cards: 0.8 ms]
      [Humongous Register: 0.0 ms]
      [Humongous Reclaim: 0.0 ms]
      [Free CSet: 0.0 ms]
   [Eden: 1024.0K(1024.0K)->0.0B(2048.0K) Survivors: 2048.0K->1024.0K Heap: 39798.6K(65536.0K)->34637.0K(65536.0K)]
 [Times: user=0.06 sys=0.00, real=0.00 secs] 
2026-06-17T09:48:39.052+0800: 1.254: [GC pause (G1 Evacuation Pause) (mixed), 0.0100075 secs]
   [Parallel Time: 6.2 ms, GC Workers: 18]
      [GC Worker Start (ms): Min: 1253.8, Avg: 1255.3, Max: 1259.3, Diff: 5.5]
      [Ext Root Scanning (ms): Min: 0.0, Avg: 0.0, Max: 0.2, Diff: 0.2, Sum: 0.4]
      [Update RS (ms): Min: 0.0, Avg: 0.0, Max: 0.1, Diff: 0.1, Sum: 0.2]
         [Processed Buffers: Min: 0, Avg: 0.2, Max: 2, Diff: 2, Sum: 4]
      [Scan RS (ms): Min: 0.0, Avg: 0.0, Max: 0.0, Diff: 0.0, Sum: 0.1]
      [Code Root Scanning (ms): Min: 0.0, Avg: 0.0, Max: 0.0, Diff: 0.0, Sum: 0.0]
      [Object Copy (ms): Min: 0.0, Avg: 0.1, Max: 0.3, Diff: 0.3, Sum: 1.1]
      [Termination (ms): Min: 0.0, Avg: 3.9, Max: 5.0, Diff: 5.0, Sum: 70.0]
         [Termination Attempts: Min: 1, Avg: 1.6, Max: 4, Diff: 3, Sum: 28]
      [GC Worker Other (ms): Min: 0.0, Avg: 0.0, Max: 0.0, Diff: 0.0, Sum: 0.1]
      [GC Worker Total (ms): Min: 0.0, Avg: 4.0, Max: 5.6, Diff: 5.6, Sum: 71.9]
      [GC Worker End (ms): Min: 1259.3, Avg: 1259.3, Max: 1259.4, Diff: 0.2]
   [Code Root Fixup: 0.0 ms]
   [Code Root Purge: 0.0 ms]
   [Clear CT: 0.6 ms]
   [Other: 3.2 ms]
      [Choose CSet: 0.0 ms]
      [Ref Proc: 2.6 ms]
      [Ref Enq: 0.0 ms]
      [Redirty Cards: 0.6 ms]
      [Humongous Register: 0.0 ms]
      [Humongous Reclaim: 0.0 ms]
      [Free CSet: 0.0 ms]
   [Eden: 2048.0K(2048.0K)->0.0B(15360.0K) Survivors: 1024.0K->1024.0K Heap: 36685.0K(65536.0K)->33933.6K(65536.0K)]
 [Times: user=0.09 sys=0.01, real=0.01 secs] 
2026-06-17T09:48:39.095+0800: 1.296: [GC pause (G1 Evacuation Pause) (young), 0.0102632 secs]
   [Parallel Time: 6.4 ms, GC Workers: 18]
      [GC Worker Start (ms): Min: 1296.5, Avg: 1298.1, Max: 1302.3, Diff: 5.8]
      [Ext Root Scanning (ms): Min: 0.0, Avg: 0.0, Max: 0.2, Diff: 0.2, Sum: 0.3]
      [Update RS (ms): Min: 0.0, Avg: 0.0, Max: 0.2, Diff: 0.2, Sum: 0.3]
         [Processed Buffers: Min: 0, Avg: 0.3, Max: 3, Diff: 3, Sum: 6]
      [Scan RS (ms): Min: 0.0, Avg: 0.0, Max: 0.0, Diff: 0.0, Sum: 0.0]
      [Code Root Scanning (ms): Min: 0.0, Avg: 0.0, Max: 0.0, Diff: 0.0, Sum: 0.0]
      [Object Copy (ms): Min: 0.0, Avg: 0.0, Max: 0.3, Diff: 0.3, Sum: 0.9]
      [Termination (ms): Min: 0.0, Avg: 4.2, Max: 5.4, Diff: 5.4, Sum: 75.3]
         [Termination Attempts: Min: 1, Avg: 1.0, Max: 1, Diff: 0, Sum: 18]
      [GC Worker Other (ms): Min: 0.0, Avg: 0.0, Max: 0.0, Diff: 0.0, Sum: 0.1]
      [GC Worker Total (ms): Min: 0.0, Avg: 4.3, Max: 5.9, Diff: 5.9, Sum: 76.8]
      [GC Worker End (ms): Min: 1302.3, Avg: 1302.3, Max: 1302.4, Diff: 0.1]
   [Code Root Fixup: 0.0 ms]
   [Code Root Purge: 0.0 ms]
   [Clear CT: 0.9 ms]
   [Other: 3.0 ms]
      [Choose CSet: 0.0 ms]
      [Ref Proc: 2.0 ms]
      [Ref Enq: 0.0 ms]
      [Redirty Cards: 0.9 ms]
      [Humongous Register: 0.0 ms]
      [Humongous Reclaim: 0.0 ms]
      [Free CSet: 0.0 ms]
   [Eden: 15360.0K(15360.0K)->0.0B(11264.0K) Survivors: 1024.0K->2048.0K Heap: 49293.6K(65536.0K)->38620.6K(65536.0K)]
 [Times: user=0.09 sys=0.00, real=0.01 secs] 
2026-06-17T09:48:39.138+0800: 1.339: [GC pause (G1 Evacuation Pause) (young) (initial-mark), 0.0539647 secs]
   [Parallel Time: 45.9 ms, GC Workers: 18]
      [GC Worker Start (ms): Min: 1339.1, Avg: 1339.5, Max: 1339.8, Diff: 0.7]
      [Ext Root Scanning (ms): Min: 0.0, Avg: 21.1, Max: 44.1, Diff: 44.1, Sum: 379.0]
      [Update RS (ms): Min: 0.0, Avg: 0.0, Max: 0.0, Diff: 0.0, Sum: 0.0]
         [Processed Buffers: Min: 0, Avg: 0.2, Max: 4, Diff: 4, Sum: 4]
      [Scan RS (ms): Min: 0.0, Avg: 0.0, Max: 0.0, Diff: 0.0, Sum: 0.0]
      [Code Root Scanning (ms): Min: 0.0, Avg: 0.0, Max: 0.0, Diff: 0.0, Sum: 0.0]
      [Object Copy (ms): Min: 0.0, Avg: 0.0, Max: 0.2, Diff: 0.2, Sum: 0.7]
      [Termination (ms): Min: 0.0, Avg: 23.5, Max: 44.2, Diff: 44.2, Sum: 423.2]
         [Termination Attempts: Min: 1, Avg: 1.0, Max: 1, Diff: 0, Sum: 18]
      [GC Worker Other (ms): Min: 0.0, Avg: 0.0, Max: 0.0, Diff: 0.0, Sum: 0.1]
      [GC Worker Total (ms): Min: 44.2, Avg: 44.6, Max: 45.0, Diff: 0.8, Sum: 803.0]
      [GC Worker End (ms): Min: 1383.9, Avg: 1384.1, Max: 1384.4, Diff: 0.5]
   [Code Root Fixup: 0.0 ms]
   [Code Root Purge: 0.0 ms]
   [Clear CT: 0.9 ms]
   [Other: 7.2 ms]
      [Choose CSet: 0.0 ms]
      [Ref Proc: 6.4 ms]
      [Ref Enq: 0.0 ms]
      [Redirty Cards: 0.7 ms]
      [Humongous Register: 0.0 ms]
      [Humongous Reclaim: 0.0 ms]
      [Free CSet: 0.0 ms]
   [Eden: 11264.0K(11264.0K)->0.0B(8192.0K) Survivors: 2048.0K->2048.0K Heap: 49884.6K(65536.0K)->42176.6K(65536.0K)]
 [Times: user=0.48 sys=0.01, real=0.06 secs] 
2026-06-17T09:48:39.193+0800: 1.394: [GC concurrent-root-region-scan-start]
2026-06-17T09:48:39.193+0800: 1.394: [GC concurrent-root-region-scan-end, 0.0003036 secs]
2026-06-17T09:48:39.193+0800: 1.394: [GC concurrent-mark-start]
2026-06-17T09:48:39.194+0800: 1.395: [GC concurrent-mark-end, 0.0006001 secs]
2026-06-17T09:48:39.194+0800: 1.395: [GC remark 2026-06-17T09:48:39.194+0800: 1.395: [Finalize Marking, 0.0034119 secs] 2026-06-17T09:48:39.198+0800: 1.399: [GC ref-proc, 0.0006036 secs] 2026-06-17T09:48:39.199+0800: 1.400: [Unloading, 0.0022088 secs], 0.0090899 secs]
 [Times: user=0.03 sys=0.01, real=0.01 secs] 
2026-06-17T09:48:39.204+0800: 1.405: [GC cleanup 45097K->34857K(65536K), 0.0032978 secs]
 [Times: user=0.00 sys=0.00, real=0.00 secs] 
2026-06-17T09:48:39.208+0800: 1.410: [GC concurrent-cleanup-start]
2026-06-17T09:48:39.208+0800: 1.410: [GC concurrent-cleanup-end, 0.0000114 secs]
2026-06-17T09:48:39.209+0800: 1.410: [GC pause (G1 Evacuation Pause) (young), 0.0113918 secs]
   [Parallel Time: 7.6 ms, GC Workers: 18]
      [GC Worker Start (ms): Min: 1410.0, Avg: 1411.3, Max: 1417.0, Diff: 7.0]
      [Ext Root Scanning (ms): Min: 0.0, Avg: 0.0, Max: 0.2, Diff: 0.2, Sum: 0.7]
      [Update RS (ms): Min: 0.0, Avg: 0.0, Max: 0.0, Diff: 0.0, Sum: 0.0]
         [Processed Buffers: Min: 0, Avg: 0.2, Max: 1, Diff: 1, Sum: 4]
      [Scan RS (ms): Min: 0.0, Avg: 0.0, Max: 0.0, Diff: 0.0, Sum: 0.0]
      [Code Root Scanning (ms): Min: 0.0, Avg: 0.0, Max: 0.0, Diff: 0.0, Sum: 0.0]
      [Object Copy (ms): Min: 0.0, Avg: 0.0, Max: 0.1, Diff: 0.1, Sum: 0.4]
      [Termination (ms): Min: 0.0, Avg: 5.7, Max: 6.8, Diff: 6.8, Sum: 102.1]
         [Termination Attempts: Min: 1, Avg: 1.1, Max: 2, Diff: 1, Sum: 20]
      [GC Worker Other (ms): Min: 0.0, Avg: 0.0, Max: 0.0, Diff: 0.0, Sum: 0.1]
      [GC Worker Total (ms): Min: 0.0, Avg: 5.7, Max: 7.1, Diff: 7.1, Sum: 103.3]
      [GC Worker End (ms): Min: 1417.0, Avg: 1417.1, Max: 1417.2, Diff: 0.2]
   [Code Root Fixup: 0.0 ms]
   [Code Root Purge: 0.0 ms]
   [Clear CT: 0.9 ms]
   [Other: 2.9 ms]
      [Choose CSet: 0.0 ms]
      [Ref Proc: 2.0 ms]
      [Ref Enq: 0.0 ms]
      [Redirty Cards: 0.8 ms]
      [Humongous Register: 0.0 ms]
      [Humongous Reclaim: 0.0 ms]
      [Free CSet: 0.0 ms]
   [Eden: 8192.0K(8192.0K)->0.0B(1024.0K) Survivors: 2048.0K->2048.0K Heap: 40128.6K(65536.0K)->32955.6K(65536.0K)]
 [Times: user=0.12 sys=0.00, real=0.01 secs] 
2026-06-17T09:48:39.232+0800: 1.433: [GC pause (G1 Evacuation Pause) (mixed), 0.0110464 secs]
   [Parallel Time: 8.0 ms, GC Workers: 18]
      [GC Worker Start (ms): Min: 1433.2, Avg: 1434.8, Max: 1440.6, Diff: 7.5]
      [Ext Root Scanning (ms): Min: 0.0, Avg: 0.0, Max: 0.2, Diff: 0.2, Sum: 0.3]
      [Update RS (ms): Min: 0.0, Avg: 0.0, Max: 0.0, Diff: 0.0, Sum: 0.0]
         [Processed Buffers: Min: 0, Avg: 0.2, Max: 2, Diff: 2, Sum: 3]
      [Scan RS (ms): Min: 0.0, Avg: 0.0, Max: 0.0, Diff: 0.0, Sum: 0.1]
      [Code Root Scanning (ms): Min: 0.0, Avg: 0.0, Max: 0.0, Diff: 0.0, Sum: 0.0]
      [Object Copy (ms): Min: 0.0, Avg: 0.0, Max: 0.3, Diff: 0.3, Sum: 0.8]
      [Termination (ms): Min: 0.0, Avg: 5.8, Max: 7.2, Diff: 7.2, Sum: 104.8]
         [Termination Attempts: Min: 1, Avg: 1.0, Max: 1, Diff: 0, Sum: 18]
      [GC Worker Other (ms): Min: 0.0, Avg: 0.0, Max: 0.0, Diff: 0.0, Sum: 0.1]
      [GC Worker Total (ms): Min: 0.0, Avg: 5.9, Max: 7.6, Diff: 7.6, Sum: 106.0]
      [GC Worker End (ms): Min: 1440.7, Avg: 1440.7, Max: 1440.8, Diff: 0.2]
   [Code Root Fixup: 0.0 ms]
   [Code Root Purge: 0.0 ms]
   [Clear CT: 0.8 ms]
   [Other: 2.2 ms]
      [Choose CSet: 0.0 ms]
      [Ref Proc: 1.3 ms]
      [Ref Enq: 0.0 ms]
      [Redirty Cards: 0.9 ms]
      [Humongous Register: 0.0 ms]
      [Humongous Reclaim: 0.0 ms]
      [Free CSet: 0.0 ms]
   [Eden: 1024.0K(1024.0K)->0.0B(2048.0K) Survivors: 2048.0K->1024.0K Heap: 33979.6K(65536.0K)->29879.3K(65536.0K)]
 [Times: user=0.11 sys=0.00, real=0.01 secs] 
2026-06-17T09:48:39.244+0800: 1.445: [GC pause (G1 Evacuation Pause) (mixed), 0.0088740 secs]
   [Parallel Time: 2.0 ms, GC Workers: 18]
      [GC Worker Start (ms): Min: 1445.5, Avg: 1446.2, Max: 1446.9, Diff: 1.4]
      [Ext Root Scanning (ms): Min: 0.0, Avg: 0.0, Max: 0.2, Diff: 0.2, Sum: 0.4]
      [Update RS (ms): Min: 0.0, Avg: 0.0, Max: 0.0, Diff: 0.0, Sum: 0.1]
         [Processed Buffers: Min: 0, Avg: 0.3, Max: 3, Diff: 3, Sum: 5]
      [Scan RS (ms): Min: 0.0, Avg: 0.0, Max: 0.0, Diff: 0.0, Sum: 0.0]
      [Code Root Scanning (ms): Min: 0.0, Avg: 0.0, Max: 0.0, Diff: 0.0, Sum: 0.0]
      [Object Copy (ms): Min: 0.0, Avg: 0.1, Max: 0.4, Diff: 0.4, Sum: 1.4]
      [Termination (ms): Min: 0.0, Avg: 0.7, Max: 1.1, Diff: 1.1, Sum: 12.1]
         [Termination Attempts: Min: 1, Avg: 1.0, Max: 1, Diff: 0, Sum: 18]
      [GC Worker Other (ms): Min: 0.0, Avg: 0.0, Max: 0.0, Diff: 0.0, Sum: 0.1]
      [GC Worker Total (ms): Min: 0.0, Avg: 0.8, Max: 1.6, Diff: 1.6, Sum: 14.1]
      [GC Worker End (ms): Min: 1446.9, Avg: 1447.0, Max: 1447.1, Diff: 0.1]
   [Code Root Fixup: 0.0 ms]
   [Code Root Purge: 0.0 ms]
   [Clear CT: 0.6 ms]
   [Other: 6.3 ms]
      [Choose CSet: 0.0 ms]
      [Ref Proc: 5.6 ms]
      [Ref Enq: 0.0 ms]
      [Redirty Cards: 0.6 ms]
      [Humongous Register: 0.0 ms]
      [Humongous Reclaim: 0.0 ms]
      [Free CSet: 0.0 ms]
   [Eden: 2048.0K(2048.0K)->0.0B(2048.0K) Survivors: 1024.0K->1024.0K Heap: 31927.3K(65536.0K)->29292.6K(65536.0K)]
 [Times: user=0.09 sys=0.00, real=0.01 secs] 
2026-06-17T09:48:39.264+0800: 1.466: [GC pause (G1 Evacuation Pause) (mixed), 0.0121668 secs]
   [Parallel Time: 9.1 ms, GC Workers: 18]
      [GC Worker Start (ms): Min: 1465.8, Avg: 1467.5, Max: 1474.1, Diff: 8.3]
      [Ext Root Scanning (ms): Min: 0.0, Avg: 0.0, Max: 0.1, Diff: 0.1, Sum: 0.2]
      [Update RS (ms): Min: 0.0, Avg: 0.0, Max: 0.1, Diff: 0.1, Sum: 0.1]
         [Processed Buffers: Min: 0, Avg: 0.3, Max: 4, Diff: 4, Sum: 5]
      [Scan RS (ms): Min: 0.0, Avg: 0.0, Max: 0.1, Diff: 0.1, Sum: 0.1]
      [Code Root Scanning (ms): Min: 0.0, Avg: 0.0, Max: 0.0, Diff: 0.0, Sum: 0.0]
      [Object Copy (ms): Min: 0.0, Avg: 0.0, Max: 0.3, Diff: 0.3, Sum: 0.8]
      [Termination (ms): Min: 0.0, Avg: 6.6, Max: 8.0, Diff: 8.0, Sum: 119.2]
         [Termination Attempts: Min: 1, Avg: 1.0, Max: 1, Diff: 0, Sum: 18]
      [GC Worker Other (ms): Min: 0.0, Avg: 0.0, Max: 0.0, Diff: 0.0, Sum: 0.1]
      [GC Worker Total (ms): Min: 0.0, Avg: 6.7, Max: 8.5, Diff: 8.5, Sum: 120.5]
      [GC Worker End (ms): Min: 1474.1, Avg: 1474.2, Max: 1474.3, Diff: 0.2]
   [Code Root Fixup: 0.0 ms]
   [Code Root Purge: 0.0 ms]
   [Clear CT: 0.6 ms]
   [Other: 2.5 ms]
      [Choose CSet: 0.0 ms]
      [Ref Proc: 1.9 ms]
      [Ref Enq: 0.0 ms]
      [Redirty Cards: 0.6 ms]
      [Humongous Register: 0.0 ms]
      [Humongous Reclaim: 0.0 ms]
      [Free CSet: 0.0 ms]
   [Eden: 2048.0K(2048.0K)->0.0B(20480.0K) Survivors: 1024.0K->1024.0K Heap: 31340.6K(65536.0K)->30271.6K(65536.0K)]
 [Times: user=0.14 sys=0.00, real=0.01 secs] 
2026-06-17T09:48:39.320+0800: 1.521: [GC pause (G1 Evacuation Pause) (young), 0.0100222 secs]
   [Parallel Time: 6.9 ms, GC Workers: 18]
      [GC Worker Start (ms): Min: 1521.0, Avg: 1522.6, Max: 1527.5, Diff: 6.5]
      [Ext Root Scanning (ms): Min: 0.0, Avg: 0.0, Max: 0.2, Diff: 0.2, Sum: 0.3]
      [Update RS (ms): Min: 0.0, Avg: 0.0, Max: 0.1, Diff: 0.1, Sum: 0.1]
         [Processed Buffers: Min: 0, Avg: 0.3, Max: 2, Diff: 2, Sum: 5]
      [Scan RS (ms): Min: 0.0, Avg: 0.0, Max: 0.0, Diff: 0.0, Sum: 0.0]
      [Code Root Scanning (ms): Min: 0.0, Avg: 0.0, Max: 0.0, Diff: 0.0, Sum: 0.0]
      [Object Copy (ms): Min: 0.0, Avg: 0.0, Max: 0.2, Diff: 0.2, Sum: 0.4]
      [Termination (ms): Min: 0.0, Avg: 4.9, Max: 6.3, Diff: 6.3, Sum: 88.4]
         [Termination Attempts: Min: 1, Avg: 1.0, Max: 1, Diff: 0, Sum: 18]
      [GC Worker Other (ms): Min: 0.0, Avg: 0.0, Max: 0.0, Diff: 0.0, Sum: 0.1]
      [GC Worker Total (ms): Min: 0.0, Avg: 5.0, Max: 6.6, Diff: 6.6, Sum: 89.4]
      [GC Worker End (ms): Min: 1527.5, Avg: 1527.6, Max: 1527.7, Diff: 0.2]
   [Code Root Fixup: 0.0 ms]
   [Code Root Purge: 0.0 ms]
   [Clear CT: 0.6 ms]
   [Other: 2.5 ms]
      [Choose CSet: 0.0 ms]
      [Ref Proc: 1.9 ms]
      [Ref Enq: 0.0 ms]
      [Redirty Cards: 0.6 ms]
      [Humongous Register: 0.0 ms]
      [Humongous Reclaim: 0.0 ms]
      [Free CSet: 0.0 ms]
   [Eden: 20480.0K(20480.0K)->0.0B(17408.0K) Survivors: 1024.0K->3072.0K Heap: 50751.6K(65536.0K)->33360.6K(65536.0K)]
 [Times: user=0.11 sys=0.00, real=0.01 secs] 
2026-06-17T09:48:39.341+0800: 1.543: [GC pause (G1 Humongous Allocation) (young) (initial-mark), 0.0123153 secs]
   [Parallel Time: 8.3 ms, GC Workers: 18]
      [GC Worker Start (ms): Min: 1542.7, Avg: 1543.1, Max: 1543.3, Diff: 0.7]
      [Ext Root Scanning (ms): Min: 0.0, Avg: 1.7, Max: 7.0, Diff: 7.0, Sum: 31.5]
      [Update RS (ms): Min: 0.0, Avg: 0.0, Max: 0.0, Diff: 0.0, Sum: 0.0]
         [Processed Buffers: Min: 0, Avg: 0.1, Max: 2, Diff: 2, Sum: 2]
      [Scan RS (ms): Min: 0.0, Avg: 0.0, Max: 0.0, Diff: 0.0, Sum: 0.0]
      [Code Root Scanning (ms): Min: 0.0, Avg: 0.0, Max: 0.0, Diff: 0.0, Sum: 0.0]
      [Object Copy (ms): Min: 0.0, Avg: 0.0, Max: 0.2, Diff: 0.2, Sum: 0.4]
      [Termination (ms): Min: 0.0, Avg: 5.5, Max: 6.9, Diff: 6.9, Sum: 99.5]
         [Termination Attempts: Min: 1, Avg: 1.0, Max: 1, Diff: 0, Sum: 18]
      [GC Worker Other (ms): Min: 0.0, Avg: 0.0, Max: 0.0, Diff: 0.0, Sum: 0.1]
      [GC Worker Total (ms): Min: 7.0, Avg: 7.3, Max: 7.7, Diff: 0.7, Sum: 131.5]
      [GC Worker End (ms): Min: 1550.3, Avg: 1550.4, Max: 1550.5, Diff: 0.1]
   [Code Root Fixup: 0.0 ms]
   [Code Root Purge: 0.0 ms]
   [Clear CT: 0.9 ms]
   [Other: 3.1 ms]
      [Choose CSet: 0.0 ms]
      [Ref Proc: 2.2 ms]
      [Ref Enq: 0.0 ms]
      [Redirty Cards: 0.8 ms]
      [Humongous Register: 0.0 ms]
      [Humongous Reclaim: 0.0 ms]
      [Free CSet: 0.0 ms]
   [Eden: 5120.0K(17408.0K)->0.0B(14336.0K) Survivors: 3072.0K->1024.0K Heap: 37840.7K(65536.0K)->33953.6K(65536.0K)]
 [Times: user=0.11 sys=0.00, real=0.02 secs] 
2026-06-17T09:48:39.355+0800: 1.556: [GC concurrent-root-region-scan-start]
2026-06-17T09:48:39.355+0800: 1.556: [GC concurrent-root-region-scan-end, 0.0002430 secs]
2026-06-17T09:48:39.355+0800: 1.556: [GC concurrent-mark-start]
2026-06-17T09:48:39.355+0800: 1.556: [GC concurrent-mark-end, 0.0002969 secs]
2026-06-17T09:48:39.355+0800: 1.556: [GC remark 2026-06-17T09:48:39.356+0800: 1.557: [Finalize Marking, 0.0043594 secs] 2026-06-17T09:48:39.361+0800: 1.562: [GC ref-proc, 0.0005725 secs] 2026-06-17T09:48:39.361+0800: 1.563: [Unloading, 0.0017812 secs], 0.0093716 secs]
 [Times: user=0.04 sys=0.00, real=0.01 secs] 
2026-06-17T09:48:39.366+0800: 1.567: [GC cleanup 35491K->34467K(65536K), 0.0029341 secs]
 [Times: user=0.01 sys=0.00, real=0.00 secs] 
2026-06-17T09:48:39.370+0800: 1.571: [GC concurrent-cleanup-start]
2026-06-17T09:48:39.370+0800: 1.571: [GC concurrent-cleanup-end, 0.0000072 secs]
2026-06-17T09:48:39.401+0800: 1.602: [GC pause (G1 Evacuation Pause) (young), 0.0121705 secs]
   [Parallel Time: 8.2 ms, GC Workers: 18]
      [GC Worker Start (ms): Min: 1602.5, Avg: 1603.9, Max: 1610.5, Diff: 8.0]
      [Ext Root Scanning (ms): Min: 0.0, Avg: 0.0, Max: 0.1, Diff: 0.1, Sum: 0.2]
      [Update RS (ms): Min: 0.0, Avg: 0.0, Max: 0.0, Diff: 0.0, Sum: 0.0]
         [Processed Buffers: Min: 0, Avg: 0.2, Max: 2, Diff: 2, Sum: 3]
      [Scan RS (ms): Min: 0.0, Avg: 0.0, Max: 0.0, Diff: 0.0, Sum: 0.0]
      [Code Root Scanning (ms): Min: 0.0, Avg: 0.0, Max: 0.0, Diff: 0.0, Sum: 0.0]
      [Object Copy (ms): Min: 0.0, Avg: 0.0, Max: 0.2, Diff: 0.2, Sum: 0.6]
      [Termination (ms): Min: 0.0, Avg: 6.6, Max: 7.7, Diff: 7.7, Sum: 118.3]
         [Termination Attempts: Min: 1, Avg: 1.0, Max: 1, Diff: 0, Sum: 18]
      [GC Worker Other (ms): Min: 0.0, Avg: 0.0, Max: 0.0, Diff: 0.0, Sum: 0.1]
      [GC Worker Total (ms): Min: 0.0, Avg: 6.6, Max: 8.1, Diff: 8.1, Sum: 119.3]
      [GC Worker End (ms): Min: 1610.5, Avg: 1610.5, Max: 1610.6, Diff: 0.1]
   [Code Root Fixup: 0.0 ms]
   [Code Root Purge: 0.0 ms]
   [Clear CT: 1.0 ms]
   [Other: 3.0 ms]
      [Choose CSet: 0.0 ms]
      [Ref Proc: 2.1 ms]
      [Ref Enq: 0.0 ms]
      [Redirty Cards: 0.8 ms]
      [Humongous Register: 0.0 ms]
      [Humongous Reclaim: 0.0 ms]
      [Free CSet: 0.0 ms]
   [Eden: 14336.0K(14336.0K)->0.0B(1024.0K) Survivors: 1024.0K->2048.0K Heap: 48159.6K(65536.0K)->38150.6K(65536.0K)]
 [Times: user=0.12 sys=0.01, real=0.02 secs] 
2026-06-17T09:48:39.415+0800: 1.616: [GC pause (G1 Evacuation Pause) (mixed), 0.0138142 secs]
   [Parallel Time: 10.1 ms, GC Workers: 18]
      [GC Worker Start (ms): Min: 1615.9, Avg: 1617.5, Max: 1625.1, Diff: 9.2]
      [Ext Root Scanning (ms): Min: 0.0, Avg: 0.0, Max: 0.1, Diff: 0.1, Sum: 0.3]
      [Update RS (ms): Min: 0.0, Avg: 0.0, Max: 0.0, Diff: 0.0, Sum: 0.0]
         [Processed Buffers: Min: 0, Avg: 0.2, Max: 1, Diff: 1, Sum: 3]
      [Scan RS (ms): Min: 0.0, Avg: 0.0, Max: 0.0, Diff: 0.0, Sum: 0.0]
      [Code Root Scanning (ms): Min: 0.0, Avg: 0.0, Max: 0.0, Diff: 0.0, Sum: 0.0]
      [Object Copy (ms): Min: 0.0, Avg: 0.1, Max: 0.3, Diff: 0.3, Sum: 1.0]
      [Termination (ms): Min: 0.0, Avg: 7.6, Max: 8.9, Diff: 8.9, Sum: 137.5]
         [Termination Attempts: Min: 1, Avg: 1.0, Max: 1, Diff: 0, Sum: 18]
      [GC Worker Other (ms): Min: 0.0, Avg: 0.0, Max: 0.0, Diff: 0.0, Sum: 0.1]
      [GC Worker Total (ms): Min: 0.0, Avg: 7.7, Max: 9.3, Diff: 9.3, Sum: 138.9]
      [GC Worker End (ms): Min: 1625.1, Avg: 1625.2, Max: 1625.3, Diff: 0.1]
   [Code Root Fixup: 0.0 ms]
   [Code Root Purge: 0.0 ms]
   [Clear CT: 1.0 ms]
   [Other: 2.7 ms]
      [Choose CSet: 0.0 ms]
      [Ref Proc: 1.7 ms]
      [Ref Enq: 0.0 ms]
      [Redirty Cards: 0.9 ms]
      [Humongous Register: 0.0 ms]
      [Humongous Reclaim: 0.0 ms]
      [Free CSet: 0.0 ms]
   [Eden: 1024.0K(1024.0K)->0.0B(2048.0K) Survivors: 2048.0K->1024.0K Heap: 39174.6K(65536.0K)->36694.0K(65536.0K)]
 [Times: user=0.15 sys=0.01, real=0.01 secs] 
2026-06-17T09:48:39.440+0800: 1.641: [GC pause (G1 Evacuation Pause) (mixed), 0.0099213 secs]
   [Parallel Time: 2.3 ms, GC Workers: 18]
      [GC Worker Start (ms): Min: 1641.2, Avg: 1642.3, Max: 1643.0, Diff: 1.8]
      [Ext Root Scanning (ms): Min: 0.0, Avg: 0.0, Max: 0.2, Diff: 0.2, Sum: 0.4]
      [Update RS (ms): Min: 0.0, Avg: 0.0, Max: 0.0, Diff: 0.0, Sum: 0.0]
         [Processed Buffers: Min: 0, Avg: 0.3, Max: 2, Diff: 2, Sum: 5]
      [Scan RS (ms): Min: 0.0, Avg: 0.0, Max: 0.1, Diff: 0.1, Sum: 0.1]
      [Code Root Scanning (ms): Min: 0.0, Avg: 0.0, Max: 0.0, Diff: 0.0, Sum: 0.0]
      [Object Copy (ms): Min: 0.0, Avg: 0.0, Max: 0.2, Diff: 0.2, Sum: 0.9]
      [Termination (ms): Min: 0.0, Avg: 0.8, Max: 1.4, Diff: 1.4, Sum: 13.6]
         [Termination Attempts: Min: 1, Avg: 1.0, Max: 1, Diff: 0, Sum: 18]
      [GC Worker Other (ms): Min: 0.0, Avg: 0.0, Max: 0.0, Diff: 0.0, Sum: 0.1]
      [GC Worker Total (ms): Min: 0.0, Avg: 0.8, Max: 1.9, Diff: 1.9, Sum: 15.1]
      [GC Worker End (ms): Min: 1643.1, Avg: 1643.1, Max: 1643.2, Diff: 0.1]
   [Code Root Fixup: 0.0 ms]
   [Code Root Purge: 0.0 ms]
   [Clear CT: 1.4 ms]
   [Other: 6.2 ms]
      [Choose CSet: 0.0 ms]
      [Ref Proc: 5.0 ms]
      [Ref Enq: 0.0 ms]
      [Redirty Cards: 1.2 ms]
      [Humongous Register: 0.0 ms]
      [Humongous Reclaim: 0.0 ms]
      [Free CSet: 0.0 ms]
   [Eden: 2048.0K(2048.0K)->0.0B(12288.0K) Survivors: 1024.0K->1024.0K Heap: 38742.0K(65536.0K)->37213.6K(65536.0K)]
 [Times: user=0.08 sys=0.01, real=0.01 secs] 
2026-06-17T09:48:39.482+0800: 1.683: [GC pause (G1 Evacuation Pause) (young), 0.0108607 secs]
   [Parallel Time: 6.2 ms, GC Workers: 18]
      [GC Worker Start (ms): Min: 1683.6, Avg: 1684.7, Max: 1688.8, Diff: 5.2]
      [Ext Root Scanning (ms): Min: 0.0, Avg: 0.0, Max: 0.2, Diff: 0.2, Sum: 0.3]
      [Update RS (ms): Min: 0.0, Avg: 0.0, Max: 0.1, Diff: 0.1, Sum: 0.2]
         [Processed Buffers: Min: 0, Avg: 0.3, Max: 3, Diff: 3, Sum: 6]
      [Scan RS (ms): Min: 0.0, Avg: 0.0, Max: 0.0, Diff: 0.0, Sum: 0.0]
      [Code Root Scanning (ms): Min: 0.0, Avg: 0.0, Max: 0.0, Diff: 0.0, Sum: 0.0]
      [Object Copy (ms): Min: 0.0, Avg: 0.0, Max: 0.1, Diff: 0.1, Sum: 0.4]
      [Termination (ms): Min: 0.0, Avg: 4.1, Max: 5.0, Diff: 5.0, Sum: 74.3]
         [Termination Attempts: Min: 1, Avg: 1.0, Max: 1, Diff: 0, Sum: 18]
      [GC Worker Other (ms): Min: 0.0, Avg: 0.0, Max: 0.0, Diff: 0.0, Sum: 0.1]
      [GC Worker Total (ms): Min: 0.0, Avg: 4.2, Max: 5.4, Diff: 5.4, Sum: 75.3]
      [GC Worker End (ms): Min: 1688.8, Avg: 1688.8, Max: 1689.0, Diff: 0.2]
   [Code Root Fixup: 0.0 ms]
   [Code Root Purge: 0.0 ms]
   [Clear CT: 1.3 ms]
   [Other: 3.3 ms]
      [Choose CSet: 0.0 ms]
      [Ref Proc: 2.2 ms]
      [Ref Enq: 0.0 ms]
      [Redirty Cards: 1.0 ms]
      [Humongous Register: 0.0 ms]
      [Humongous Reclaim: 0.0 ms]
      [Free CSet: 0.0 ms]
   [Eden: 12288.0K(12288.0K)->0.0B(11264.0K) Survivors: 1024.0K->2048.0K Heap: 49501.6K(65536.0K)->39604.6K(65536.0K)]
 [Times: user=0.09 sys=0.00, real=0.02 secs] 
2026-06-17T09:48:39.515+0800: 1.717: [GC pause (G1 Evacuation Pause) (young) (initial-mark), 0.0124180 secs]
   [Parallel Time: 3.5 ms, GC Workers: 18]
      [GC Worker Start (ms): Min: 1716.7, Avg: 1717.1, Max: 1717.4, Diff: 0.7]
      [Ext Root Scanning (ms): Min: 0.0, Avg: 1.2, Max: 1.7, Diff: 1.7, Sum: 21.8]
      [Update RS (ms): Min: 0.0, Avg: 0.0, Max: 0.0, Diff: 0.0, Sum: 0.0]
         [Processed Buffers: Min: 0, Avg: 0.2, Max: 3, Diff: 3, Sum: 3]
      [Scan RS (ms): Min: 0.0, Avg: 0.0, Max: 0.0, Diff: 0.0, Sum: 0.0]
      [Code Root Scanning (ms): Min: 0.0, Avg: 0.0, Max: 0.0, Diff: 0.0, Sum: 0.0]
      [Object Copy (ms): Min: 0.0, Avg: 0.0, Max: 0.3, Diff: 0.3, Sum: 0.9]
      [Termination (ms): Min: 0.0, Avg: 0.8, Max: 1.6, Diff: 1.6, Sum: 14.1]
         [Termination Attempts: Min: 1, Avg: 1.2, Max: 2, Diff: 1, Sum: 22]
      [GC Worker Other (ms): Min: 0.0, Avg: 0.0, Max: 0.0, Diff: 0.0, Sum: 0.1]
      [GC Worker Total (ms): Min: 1.7, Avg: 2.1, Max: 2.5, Diff: 0.8, Sum: 36.9]
      [GC Worker End (ms): Min: 1719.1, Avg: 1719.2, Max: 1719.3, Diff: 0.2]
   [Code Root Fixup: 0.0 ms]
   [Code Root Purge: 0.0 ms]
   [Clear CT: 1.3 ms]
   [Other: 7.6 ms]
      [Choose CSet: 0.0 ms]
      [Ref Proc: 6.0 ms]
      [Ref Enq: 0.0 ms]
      [Redirty Cards: 1.5 ms]
      [Humongous Register: 0.0 ms]
      [Humongous Reclaim: 0.0 ms]
      [Free CSet: 0.0 ms]
   [Eden: 11264.0K(11264.0K)->0.0B(8192.0K) Survivors: 2048.0K->2048.0K Heap: 50868.6K(65536.0K)->43322.6K(65536.0K)]
 [Times: user=0.09 sys=0.01, real=0.01 secs] 
2026-06-17T09:48:39.529+0800: 1.730: [GC concurrent-root-region-scan-start]
2026-06-17T09:48:39.529+0800: 1.730: [GC concurrent-root-region-scan-end, 0.0002537 secs]
2026-06-17T09:48:39.529+0800: 1.730: [GC concurrent-mark-start]
2026-06-17T09:48:39.529+0800: 1.731: [GC concurrent-mark-end, 0.0003188 secs]
2026-06-17T09:48:39.529+0800: 1.731: [GC remark 2026-06-17T09:48:39.530+0800: 1.731: [Finalize Marking, 0.0030748 secs] 2026-06-17T09:48:39.533+0800: 1.735: [GC ref-proc, 0.0003937 secs] 2026-06-17T09:48:39.534+0800: 1.735: [Unloading, 0.0017411 secs], 0.0075658 secs]
 [Times: user=0.03 sys=0.01, real=0.01 secs] 
2026-06-17T09:48:39.538+0800: 1.739: [GC cleanup 44782K->41710K(65536K), 0.0032156 secs]
 [Times: user=0.00 sys=0.00, real=0.00 secs] 
2026-06-17T09:48:39.542+0800: 1.743: [GC concurrent-cleanup-start]
2026-06-17T09:48:39.542+0800: 1.743: [GC concurrent-cleanup-end, 0.0000080 secs]
2026-06-17T09:48:39.553+0800: 1.754: [GC pause (G1 Evacuation Pause) (young), 0.0160621 secs]
   [Parallel Time: 10.0 ms, GC Workers: 18]
      [GC Worker Start (ms): Min: 1754.2, Avg: 1755.7, Max: 1763.3, Diff: 9.1]
      [Ext Root Scanning (ms): Min: 0.0, Avg: 0.0, Max: 0.2, Diff: 0.2, Sum: 0.2]
      [Update RS (ms): Min: 0.0, Avg: 0.0, Max: 0.0, Diff: 0.0, Sum: 0.0]
         [Processed Buffers: Min: 0, Avg: 0.2, Max: 2, Diff: 2, Sum: 4]
      [Scan RS (ms): Min: 0.0, Avg: 0.0, Max: 0.0, Diff: 0.0, Sum: 0.0]
      [Code Root Scanning (ms): Min: 0.0, Avg: 0.0, Max: 0.0, Diff: 0.0, Sum: 0.0]
      [Object Copy (ms): Min: 0.0, Avg: 0.0, Max: 0.3, Diff: 0.3, Sum: 0.9]
      [Termination (ms): Min: 0.0, Avg: 7.6, Max: 8.7, Diff: 8.7, Sum: 136.4]
         [Termination Attempts: Min: 1, Avg: 1.0, Max: 1, Diff: 0, Sum: 18]
      [GC Worker Other (ms): Min: 0.0, Avg: 0.0, Max: 0.0, Diff: 0.0, Sum: 0.1]
      [GC Worker Total (ms): Min: 0.0, Avg: 7.6, Max: 9.1, Diff: 9.1, Sum: 137.7]
      [GC Worker End (ms): Min: 1763.3, Avg: 1763.3, Max: 1763.4, Diff: 0.1]
   [Code Root Fixup: 0.0 ms]
   [Code Root Purge: 0.0 ms]
   [Clear CT: 1.6 ms]
   [Other: 4.4 ms]
      [Choose CSet: 0.0 ms]
      [Ref Proc: 3.0 ms]
      [Ref Enq: 0.0 ms]
      [Redirty Cards: 1.3 ms]
      [Humongous Register: 0.0 ms]
      [Humongous Reclaim: 0.0 ms]
      [Free CSet: 0.0 ms]
   [Eden: 8192.0K(8192.0K)->0.0B(1024.0K) Survivors: 2048.0K->2048.0K Heap: 48442.6K(65536.0K)->45060.6K(65536.0K)]
 [Times: user=0.16 sys=0.00, real=0.01 secs] 
2026-06-17T09:48:39.570+0800: 1.772: [GC pause (G1 Evacuation Pause) (mixed), 0.0062711 secs]
   [Parallel Time: 2.2 ms, GC Workers: 18]
      [GC Worker Start (ms): Min: 1771.6, Avg: 1772.5, Max: 1773.2, Diff: 1.5]
      [Ext Root Scanning (ms): Min: 0.0, Avg: 0.0, Max: 0.2, Diff: 0.2, Sum: 0.3]
      [Update RS (ms): Min: 0.0, Avg: 0.0, Max: 0.0, Diff: 0.0, Sum: 0.0]
         [Processed Buffers: Min: 0, Avg: 0.2, Max: 2, Diff: 2, Sum: 4]
      [Scan RS (ms): Min: 0.0, Avg: 0.0, Max: 0.0, Diff: 0.0, Sum: 0.0]
      [Code Root Scanning (ms): Min: 0.0, Avg: 0.0, Max: 0.0, Diff: 0.0, Sum: 0.0]
      [Object Copy (ms): Min: 0.0, Avg: 0.0, Max: 0.2, Diff: 0.2, Sum: 0.7]
      [Termination (ms): Min: 0.0, Avg: 0.6, Max: 1.1, Diff: 1.1, Sum: 11.3]
         [Termination Attempts: Min: 1, Avg: 1.0, Max: 1, Diff: 0, Sum: 18]
      [GC Worker Other (ms): Min: 0.0, Avg: 0.0, Max: 0.0, Diff: 0.0, Sum: 0.1]
      [GC Worker Total (ms): Min: 0.0, Avg: 0.7, Max: 1.6, Diff: 1.6, Sum: 12.4]
      [GC Worker End (ms): Min: 1773.2, Avg: 1773.2, Max: 1773.3, Diff: 0.1]
   [Code Root Fixup: 0.0 ms]
   [Code Root Purge: 0.0 ms]
   [Clear CT: 0.9 ms]
   [Other: 3.2 ms]
      [Choose CSet: 0.0 ms]
      [Ref Proc: 2.3 ms]
      [Ref Enq: 0.0 ms]
      [Redirty Cards: 0.9 ms]
      [Humongous Register: 0.0 ms]
      [Humongous Reclaim: 0.0 ms]
      [Free CSet: 0.0 ms]
   [Eden: 1024.0K(1024.0K)->0.0B(2048.0K) Survivors: 2048.0K->1024.0K Heap: 46084.6K(65536.0K)->40971.1K(65536.0K)]
 [Times: user=0.03 sys=0.00, real=0.01 secs] 
2026-06-17T09:48:39.588+0800: 1.790: [GC pause (G1 Evacuation Pause) (mixed), 0.0125541 secs]
   [Parallel Time: 7.2 ms, GC Workers: 18]
      [GC Worker Start (ms): Min: 1789.7, Avg: 1791.0, Max: 1795.8, Diff: 6.1]
      [Ext Root Scanning (ms): Min: 0.0, Avg: 0.0, Max: 0.2, Diff: 0.2, Sum: 0.4]
      [Update RS (ms): Min: 0.0, Avg: 0.0, Max: 0.0, Diff: 0.0, Sum: 0.1]
         [Processed Buffers: Min: 0, Avg: 0.3, Max: 3, Diff: 3, Sum: 5]
      [Scan RS (ms): Min: 0.0, Avg: 0.0, Max: 0.0, Diff: 0.0, Sum: 0.0]
      [Code Root Scanning (ms): Min: 0.0, Avg: 0.0, Max: 0.0, Diff: 0.0, Sum: 0.0]
      [Object Copy (ms): Min: 0.0, Avg: 0.1, Max: 0.4, Diff: 0.4, Sum: 1.5]
      [Termination (ms): Min: 0.0, Avg: 4.8, Max: 5.6, Diff: 5.6, Sum: 85.8]
         [Termination Attempts: Min: 1, Avg: 1.0, Max: 1, Diff: 0, Sum: 18]
      [GC Worker Other (ms): Min: 0.0, Avg: 0.0, Max: 0.0, Diff: 0.0, Sum: 0.1]
      [GC Worker Total (ms): Min: 0.0, Avg: 4.9, Max: 6.2, Diff: 6.2, Sum: 87.9]
      [GC Worker End (ms): Min: 1795.8, Avg: 1795.8, Max: 1795.9, Diff: 0.1]
   [Code Root Fixup: 0.0 ms]
   [Code Root Purge: 0.0 ms]
   [Clear CT: 1.3 ms]
   [Other: 4.1 ms]
      [Choose CSet: 0.0 ms]
      [Ref Proc: 2.9 ms]
      [Ref Enq: 0.0 ms]
      [Redirty Cards: 1.1 ms]
      [Humongous Register: 0.0 ms]
      [Humongous Reclaim: 0.0 ms]
      [Free CSet: 0.0 ms]
   [Eden: 2048.0K(2048.0K)->0.0B(2048.0K) Survivors: 1024.0K->1024.0K Heap: 43019.1K(65536.0K)->40498.6K(65536.0K)]
 [Times: user=0.10 sys=0.00, real=0.01 secs] 
2026-06-17T09:48:39.602+0800: 1.804: [GC pause (G1 Evacuation Pause) (mixed), 0.0070157 secs]
   [Parallel Time: 2.4 ms, GC Workers: 18]
      [GC Worker Start (ms): Min: 1803.8, Avg: 1804.7, Max: 1805.6, Diff: 1.9]
      [Ext Root Scanning (ms): Min: 0.0, Avg: 0.0, Max: 0.2, Diff: 0.2, Sum: 0.5]
      [Update RS (ms): Min: 0.0, Avg: 0.0, Max: 0.0, Diff: 0.0, Sum: 0.0]
         [Processed Buffers: Min: 0, Avg: 0.2, Max: 1, Diff: 1, Sum: 4]
      [Scan RS (ms): Min: 0.0, Avg: 0.0, Max: 0.0, Diff: 0.0, Sum: 0.1]
      [Code Root Scanning (ms): Min: 0.0, Avg: 0.0, Max: 0.0, Diff: 0.0, Sum: 0.0]
      [Object Copy (ms): Min: 0.0, Avg: 0.1, Max: 0.2, Diff: 0.2, Sum: 1.0]
      [Termination (ms): Min: 0.0, Avg: 0.9, Max: 1.6, Diff: 1.6, Sum: 15.8]
         [Termination Attempts: Min: 1, Avg: 1.0, Max: 1, Diff: 0, Sum: 18]
      [GC Worker Other (ms): Min: 0.0, Avg: 0.0, Max: 0.0, Diff: 0.0, Sum: 0.1]
      [GC Worker Total (ms): Min: 0.0, Avg: 1.0, Max: 2.0, Diff: 2.0, Sum: 17.5]
      [GC Worker End (ms): Min: 1805.6, Avg: 1805.7, Max: 1805.8, Diff: 0.2]
   [Code Root Fixup: 0.0 ms]
   [Code Root Purge: 0.0 ms]
   [Clear CT: 1.6 ms]
   [Other: 3.0 ms]
      [Choose CSet: 0.0 ms]
      [Ref Proc: 2.1 ms]
      [Ref Enq: 0.0 ms]
      [Redirty Cards: 0.8 ms]
      [Humongous Register: 0.0 ms]
      [Humongous Reclaim: 0.0 ms]
      [Free CSet: 0.0 ms]
   [Eden: 2048.0K(2048.0K)->0.0B(2048.0K) Survivors: 1024.0K->1024.0K Heap: 42546.6K(65536.0K)->38820.6K(65536.0K)]
 [Times: user=0.03 sys=0.00, real=0.01 secs] 
2026-06-17T09:48:39.621+0800: 1.822: [GC pause (G1 Evacuation Pause) (mixed), 0.0109207 secs]
   [Parallel Time: 5.2 ms, GC Workers: 18]
      [GC Worker Start (ms): Min: 1822.3, Avg: 1823.5, Max: 1826.6, Diff: 4.2]
      [Ext Root Scanning (ms): Min: 0.0, Avg: 0.0, Max: 0.2, Diff: 0.2, Sum: 0.5]
      [Update RS (ms): Min: 0.0, Avg: 0.0, Max: 0.1, Diff: 0.1, Sum: 0.3]
         [Processed Buffers: Min: 0, Avg: 0.4, Max: 3, Diff: 3, Sum: 7]
      [Scan RS (ms): Min: 0.0, Avg: 0.0, Max: 0.0, Diff: 0.0, Sum: 0.1]
      [Code Root Scanning (ms): Min: 0.0, Avg: 0.0, Max: 0.0, Diff: 0.0, Sum: 0.0]
      [Object Copy (ms): Min: 0.0, Avg: 0.1, Max: 0.4, Diff: 0.4, Sum: 1.0]
      [Termination (ms): Min: 0.0, Avg: 3.0, Max: 3.8, Diff: 3.8, Sum: 54.3]
         [Termination Attempts: Min: 1, Avg: 1.0, Max: 1, Diff: 0, Sum: 18]
      [GC Worker Other (ms): Min: 0.0, Avg: 0.0, Max: 0.0, Diff: 0.0, Sum: 0.1]
      [GC Worker Total (ms): Min: 0.0, Avg: 3.1, Max: 4.3, Diff: 4.3, Sum: 56.3]
      [GC Worker End (ms): Min: 1826.6, Avg: 1826.6, Max: 1826.8, Diff: 0.2]
   [Code Root Fixup: 0.0 ms]
   [Code Root Purge: 0.0 ms]
   [Clear CT: 1.5 ms]
   [Other: 4.2 ms]
      [Choose CSet: 0.0 ms]
      [Ref Proc: 3.0 ms]
      [Ref Enq: 0.0 ms]
      [Redirty Cards: 1.2 ms]
      [Humongous Register: 0.0 ms]
      [Humongous Reclaim: 0.0 ms]
      [Free CSet: 0.0 ms]
   [Eden: 2048.0K(2048.0K)->0.0B(9216.0K) Survivors: 1024.0K->1024.0K Heap: 40868.6K(65536.0K)->39899.6K(65536.0K)]
 [Times: user=0.09 sys=0.01, real=0.02 secs] 
2026-06-17T09:48:39.654+0800: 1.855: [GC pause (G1 Evacuation Pause) (young), 0.0129122 secs]
   [Parallel Time: 6.9 ms, GC Workers: 18]
      [GC Worker Start (ms): Min: 1855.5, Avg: 1856.6, Max: 1861.8, Diff: 6.2]
      [Ext Root Scanning (ms): Min: 0.0, Avg: 0.0, Max: 0.2, Diff: 0.2, Sum: 0.2]
      [Update RS (ms): Min: 0.0, Avg: 0.0, Max: 0.1, Diff: 0.1, Sum: 0.2]
         [Processed Buffers: Min: 0, Avg: 0.3, Max: 2, Diff: 2, Sum: 6]
      [Scan RS (ms): Min: 0.0, Avg: 0.0, Max: 0.0, Diff: 0.0, Sum: 0.0]
      [Code Root Scanning (ms): Min: 0.0, Avg: 0.0, Max: 0.0, Diff: 0.0, Sum: 0.0]
      [Object Copy (ms): Min: 0.0, Avg: 0.0, Max: 0.2, Diff: 0.2, Sum: 0.6]
      [Termination (ms): Min: 0.0, Avg: 5.1, Max: 6.0, Diff: 6.0, Sum: 92.1]
         [Termination Attempts: Min: 1, Avg: 1.0, Max: 1, Diff: 0, Sum: 18]
      [GC Worker Other (ms): Min: 0.0, Avg: 0.0, Max: 0.0, Diff: 0.0, Sum: 0.1]
      [GC Worker Total (ms): Min: 0.0, Avg: 5.2, Max: 6.2, Diff: 6.2, Sum: 93.2]
      [GC Worker End (ms): Min: 1861.8, Avg: 1861.8, Max: 1862.1, Diff: 0.3]
   [Code Root Fixup: 0.0 ms]
   [Code Root Purge: 0.0 ms]
   [Clear CT: 1.6 ms]
   [Other: 4.4 ms]
      [Choose CSet: 0.0 ms]
      [Ref Proc: 2.9 ms]
      [Ref Enq: 0.0 ms]
      [Redirty Cards: 1.3 ms]
      [Humongous Register: 0.0 ms]
      [Humongous Reclaim: 0.0 ms]
      [Free CSet: 0.0 ms]
   [Eden: 9216.0K(9216.0K)->0.0B(7168.0K) Survivors: 1024.0K->2048.0K Heap: 49115.6K(65536.0K)->43132.6K(65536.0K)]
 [Times: user=0.12 sys=0.00, real=0.01 secs] 
2026-06-17T09:48:39.679+0800: 1.880: [GC pause (G1 Evacuation Pause) (young) (initial-mark), 0.0130662 secs]
   [Parallel Time: 9.1 ms, GC Workers: 18]
      [GC Worker Start (ms): Min: 1880.3, Avg: 1880.9, Max: 1881.4, Diff: 1.0]
      [Ext Root Scanning (ms): Min: 0.0, Avg: 1.7, Max: 7.1, Diff: 7.1, Sum: 30.5]
      [Update RS (ms): Min: 0.0, Avg: 0.0, Max: 0.0, Diff: 0.0, Sum: 0.0]
         [Processed Buffers: Min: 0, Avg: 0.2, Max: 3, Diff: 3, Sum: 3]
      [Scan RS (ms): Min: 0.0, Avg: 0.0, Max: 0.0, Diff: 0.0, Sum: 0.0]
      [Code Root Scanning (ms): Min: 0.0, Avg: 0.0, Max: 0.0, Diff: 0.0, Sum: 0.0]
      [Object Copy (ms): Min: 0.0, Avg: 0.0, Max: 0.2, Diff: 0.2, Sum: 0.4]
      [Termination (ms): Min: 0.0, Avg: 5.9, Max: 7.0, Diff: 7.0, Sum: 105.6]
         [Termination Attempts: Min: 1, Avg: 1.2, Max: 2, Diff: 1, Sum: 21]
      [GC Worker Other (ms): Min: 0.0, Avg: 0.0, Max: 0.0, Diff: 0.0, Sum: 0.1]
      [GC Worker Total (ms): Min: 7.1, Avg: 7.6, Max: 8.1, Diff: 1.0, Sum: 136.5]
      [GC Worker End (ms): Min: 1888.5, Avg: 1888.5, Max: 1888.6, Diff: 0.1]
   [Code Root Fixup: 0.0 ms]
   [Code Root Purge: 0.0 ms]
   [Clear CT: 1.1 ms]
   [Other: 2.9 ms]
      [Choose CSet: 0.0 ms]
      [Ref Proc: 2.0 ms]
      [Ref Enq: 0.0 ms]
      [Redirty Cards: 0.8 ms]
      [Humongous Register: 0.0 ms]
      [Humongous Reclaim: 0.0 ms]
      [Free CSet: 0.0 ms]
   [Eden: 7168.0K(7168.0K)->0.0B(6144.0K) Survivors: 2048.0K->2048.0K Heap: 50300.6K(65536.0K)->44584.6K(65536.0K)]
 [Times: user=0.12 sys=0.00, real=0.02 secs] 
2026-06-17T09:48:39.693+0800: 1.895: [GC concurrent-root-region-scan-start]
2026-06-17T09:48:39.694+0800: 1.895: [GC concurrent-root-region-scan-end, 0.0003303 secs]
2026-06-17T09:48:39.694+0800: 1.895: [GC concurrent-mark-start]
2026-06-17T09:48:39.694+0800: 1.895: [GC concurrent-mark-end, 0.0004486 secs]
2026-06-17T09:48:39.694+0800: 1.895: [GC remark 2026-06-17T09:48:39.695+0800: 1.896: [Finalize Marking, 0.0027792 secs] 2026-06-17T09:48:39.698+0800: 1.899: [GC ref-proc, 0.0006207 secs] 2026-06-17T09:48:39.699+0800: 1.901: [Unloading, 0.0017765 secs], 0.0083763 secs]
 [Times: user=0.02 sys=0.01, real=0.01 secs] 
2026-06-17T09:48:39.704+0800: 1.905: [GC cleanup 47198K->44078K(65536K), 0.0031051 secs]
 [Times: user=0.00 sys=0.00, real=0.00 secs] 
2026-06-17T09:48:39.708+0800: 1.909: [GC concurrent-cleanup-start]
2026-06-17T09:48:39.708+0800: 1.909: [GC concurrent-cleanup-end, 0.0000077 secs]
2026-06-17T09:48:39.718+0800: 1.919: [GC pause (G1 Evacuation Pause) (young), 0.0120379 secs]
   [Parallel Time: 8.2 ms, GC Workers: 18]
      [GC Worker Start (ms): Min: 1919.6, Avg: 1920.7, Max: 1927.0, Diff: 7.5]
      [Ext Root Scanning (ms): Min: 0.0, Avg: 0.0, Max: 0.2, Diff: 0.2, Sum: 0.5]
      [Update RS (ms): Min: 0.0, Avg: 0.0, Max: 0.0, Diff: 0.0, Sum: 0.0]
         [Processed Buffers: Min: 0, Avg: 0.2, Max: 1, Diff: 1, Sum: 3]
      [Scan RS (ms): Min: 0.0, Avg: 0.0, Max: 0.0, Diff: 0.0, Sum: 0.0]
      [Code Root Scanning (ms): Min: 0.0, Avg: 0.0, Max: 0.0, Diff: 0.0, Sum: 0.0]
      [Object Copy (ms): Min: 0.0, Avg: 0.0, Max: 0.1, Diff: 0.1, Sum: 0.5]
      [Termination (ms): Min: 0.0, Avg: 6.3, Max: 7.4, Diff: 7.4, Sum: 113.8]
         [Termination Attempts: Min: 1, Avg: 1.1, Max: 2, Diff: 1, Sum: 20]
      [GC Worker Other (ms): Min: 0.0, Avg: 0.0, Max: 0.0, Diff: 0.0, Sum: 0.1]
      [GC Worker Total (ms): Min: 0.0, Avg: 6.4, Max: 7.6, Diff: 7.6, Sum: 114.9]
      [GC Worker End (ms): Min: 1927.1, Avg: 1927.1, Max: 1927.3, Diff: 0.2]
   [Code Root Fixup: 0.0 ms]
   [Code Root Purge: 0.0 ms]
   [Clear CT: 1.0 ms]
   [Other: 2.9 ms]
      [Choose CSet: 0.0 ms]
      [Ref Proc: 1.9 ms]
      [Ref Enq: 0.0 ms]
      [Redirty Cards: 0.9 ms]
      [Humongous Register: 0.0 ms]
      [Humongous Reclaim: 0.0 ms]
      [Free CSet: 0.0 ms]
   [Eden: 6144.0K(6144.0K)->0.0B(2048.0K) Survivors: 2048.0K->1024.0K Heap: 48440.2K(65536.0K)->44505.6K(65536.0K)]
 [Times: user=0.13 sys=0.01, real=0.02 secs] 
2026-06-17T09:48:39.742+0800: 1.943: [GC pause (G1 Evacuation Pause) (mixed), 0.0135075 secs]
   [Parallel Time: 8.5 ms, GC Workers: 18]
      [GC Worker Start (ms): Min: 1943.1, Avg: 1944.4, Max: 1950.7, Diff: 7.6]
      [Ext Root Scanning (ms): Min: 0.0, Avg: 0.0, Max: 0.2, Diff: 0.2, Sum: 0.2]
      [Update RS (ms): Min: 0.0, Avg: 0.0, Max: 0.0, Diff: 0.0, Sum: 0.0]
         [Processed Buffers: Min: 0, Avg: 0.1, Max: 1, Diff: 1, Sum: 2]
      [Scan RS (ms): Min: 0.0, Avg: 0.0, Max: 0.0, Diff: 0.0, Sum: 0.0]
      [Code Root Scanning (ms): Min: 0.0, Avg: 0.0, Max: 0.0, Diff: 0.0, Sum: 0.0]
      [Object Copy (ms): Min: 0.0, Avg: 0.0, Max: 0.2, Diff: 0.2, Sum: 0.6]
      [Termination (ms): Min: 0.0, Avg: 6.3, Max: 7.3, Diff: 7.3, Sum: 112.7]
         [Termination Attempts: Min: 1, Avg: 1.0, Max: 1, Diff: 0, Sum: 18]
      [GC Worker Other (ms): Min: 0.0, Avg: 0.0, Max: 0.0, Diff: 0.0, Sum: 0.1]
      [GC Worker Total (ms): Min: 0.0, Avg: 6.3, Max: 7.6, Diff: 7.6, Sum: 113.8]
      [GC Worker End (ms): Min: 1950.7, Avg: 1950.7, Max: 1950.8, Diff: 0.2]
   [Code Root Fixup: 0.0 ms]
   [Code Root Purge: 0.0 ms]
   [Clear CT: 1.7 ms]
   [Other: 3.3 ms]
      [Choose CSet: 0.0 ms]
      [Ref Proc: 2.2 ms]
      [Ref Enq: 0.0 ms]
      [Redirty Cards: 1.0 ms]
      [Humongous Register: 0.0 ms]
      [Humongous Reclaim: 0.0 ms]
      [Free CSet: 0.0 ms]
   [Eden: 2048.0K(2048.0K)->0.0B(2048.0K) Survivors: 1024.0K->1024.0K Heap: 46553.6K(65536.0K)->41511.3K(65536.0K)]
 [Times: user=0.12 sys=0.01, real=0.02 secs] 
2026-06-17T09:48:39.757+0800: 1.958: [GC pause (G1 Evacuation Pause) (mixed), 0.0060483 secs]
   [Parallel Time: 2.1 ms, GC Workers: 18]
      [GC Worker Start (ms): Min: 1958.1, Avg: 1958.8, Max: 1959.5, Diff: 1.4]
      [Ext Root Scanning (ms): Min: 0.0, Avg: 0.0, Max: 0.2, Diff: 0.2, Sum: 0.4]
      [Update RS (ms): Min: 0.0, Avg: 0.0, Max: 0.0, Diff: 0.0, Sum: 0.0]
         [Processed Buffers: Min: 0, Avg: 0.2, Max: 1, Diff: 1, Sum: 4]
      [Scan RS (ms): Min: 0.0, Avg: 0.0, Max: 0.0, Diff: 0.0, Sum: 0.0]
      [Code Root Scanning (ms): Min: 0.0, Avg: 0.0, Max: 0.0, Diff: 0.0, Sum: 0.0]
      [Object Copy (ms): Min: 0.0, Avg: 0.1, Max: 0.4, Diff: 0.4, Sum: 1.3]
      [Termination (ms): Min: 0.0, Avg: 0.7, Max: 1.1, Diff: 1.1, Sum: 12.2]
         [Termination Attempts: Min: 1, Avg: 1.1, Max: 2, Diff: 1, Sum: 19]
      [GC Worker Other (ms): Min: 0.0, Avg: 0.0, Max: 0.0, Diff: 0.0, Sum: 0.1]
      [GC Worker Total (ms): Min: 0.0, Avg: 0.8, Max: 1.6, Diff: 1.5, Sum: 14.1]
      [GC Worker End (ms): Min: 1959.5, Avg: 1959.6, Max: 1959.7, Diff: 0.2]
   [Code Root Fixup: 0.0 ms]
   [Code Root Purge: 0.0 ms]
   [Clear CT: 0.8 ms]
   [Other: 3.1 ms]
      [Choose CSet: 0.0 ms]
      [Ref Proc: 2.2 ms]
      [Ref Enq: 0.0 ms]
      [Redirty Cards: 0.8 ms]
      [Humongous Register: 0.0 ms]
      [Humongous Reclaim: 0.0 ms]
      [Free CSet: 0.0 ms]
   [Eden: 2048.0K(2048.0K)->0.0B(2048.0K) Survivors: 1024.0K->1024.0K Heap: 43559.3K(65536.0K)->40608.6K(65536.0K)]
 [Times: user=0.02 sys=0.01, real=0.01 secs] 
2026-06-17T09:48:39.764+0800: 1.965: [GC pause (G1 Evacuation Pause) (mixed), 0.0050857 secs]
   [Parallel Time: 1.5 ms, GC Workers: 18]
      [GC Worker Start (ms): Min: 1965.5, Avg: 1966.0, Max: 1966.5, Diff: 1.0]
      [Ext Root Scanning (ms): Min: 0.0, Avg: 0.0, Max: 0.2, Diff: 0.2, Sum: 0.7]
      [Update RS (ms): Min: 0.0, Avg: 0.0, Max: 0.0, Diff: 0.0, Sum: 0.1]
         [Processed Buffers: Min: 0, Avg: 0.3, Max: 1, Diff: 1, Sum: 5]
      [Scan RS (ms): Min: 0.0, Avg: 0.0, Max: 0.0, Diff: 0.0, Sum: 0.1]
      [Code Root Scanning (ms): Min: 0.0, Avg: 0.0, Max: 0.0, Diff: 0.0, Sum: 0.0]
      [Object Copy (ms): Min: 0.0, Avg: 0.1, Max: 0.2, Diff: 0.2, Sum: 1.4]
      [Termination (ms): Min: 0.0, Avg: 0.4, Max: 0.6, Diff: 0.6, Sum: 7.9]
         [Termination Attempts: Min: 1, Avg: 1.0, Max: 1, Diff: 0, Sum: 18]
      [GC Worker Other (ms): Min: 0.0, Avg: 0.0, Max: 0.0, Diff: 0.0, Sum: 0.1]
      [GC Worker Total (ms): Min: 0.0, Avg: 0.6, Max: 1.0, Diff: 1.0, Sum: 10.3]
      [GC Worker End (ms): Min: 1966.5, Avg: 1966.6, Max: 1966.6, Diff: 0.1]
   [Code Root Fixup: 0.0 ms]
   [Code Root Purge: 0.0 ms]
   [Clear CT: 0.6 ms]
   [Other: 2.9 ms]
      [Choose CSet: 0.0 ms]
      [Ref Proc: 2.3 ms]
      [Ref Enq: 0.0 ms]
      [Redirty Cards: 0.5 ms]
      [Humongous Register: 0.0 ms]
      [Humongous Reclaim: 0.0 ms]
      [Free CSet: 0.0 ms]
   [Eden: 2048.0K(2048.0K)->0.0B(11264.0K) Survivors: 1024.0K->1024.0K Heap: 42656.6K(65536.0K)->39386.6K(65536.0K)]
 [Times: user=0.03 sys=0.00, real=0.00 secs] 
2026-06-17T09:48:39.802+0800: 2.003: [GC pause (G1 Evacuation Pause) (young), 0.0203823 secs]
   [Parallel Time: 13.3 ms, GC Workers: 18]
      [GC Worker Start (ms): Min: 2003.1, Avg: 2006.8, Max: 2015.3, Diff: 12.3]
      [Ext Root Scanning (ms): Min: 0.0, Avg: 0.0, Max: 0.2, Diff: 0.2, Sum: 0.3]
      [Update RS (ms): Min: 0.0, Avg: 0.0, Max: 0.1, Diff: 0.1, Sum: 0.2]
         [Processed Buffers: Min: 0, Avg: 0.6, Max: 7, Diff: 7, Sum: 10]
      [Scan RS (ms): Min: 0.0, Avg: 0.0, Max: 0.0, Diff: 0.0, Sum: 0.0]
      [Code Root Scanning (ms): Min: 0.0, Avg: 0.0, Max: 0.0, Diff: 0.0, Sum: 0.0]
      [Object Copy (ms): Min: 0.0, Avg: 0.0, Max: 0.1, Diff: 0.1, Sum: 0.2]
      [Termination (ms): Min: 0.0, Avg: 8.5, Max: 12.1, Diff: 12.1, Sum: 153.6]
         [Termination Attempts: Min: 1, Avg: 1.0, Max: 1, Diff: 0, Sum: 18]
      [GC Worker Other (ms): Min: 0.0, Avg: 0.0, Max: 0.0, Diff: 0.0, Sum: 0.1]
      [GC Worker Total (ms): Min: 0.0, Avg: 8.6, Max: 12.4, Diff: 12.4, Sum: 154.4]
      [GC Worker End (ms): Min: 2015.3, Avg: 2015.4, Max: 2015.6, Diff: 0.2]
   [Code Root Fixup: 0.0 ms]
   [Code Root Purge: 0.0 ms]
   [Clear CT: 1.0 ms]
   [Other: 6.1 ms]
      [Choose CSet: 0.0 ms]
      [Ref Proc: 5.2 ms]
      [Ref Enq: 0.0 ms]
      [Redirty Cards: 0.8 ms]
      [Humongous Register: 0.0 ms]
      [Humongous Reclaim: 0.0 ms]
      [Free CSet: 0.0 ms]
   [Eden: 11264.0K(11264.0K)->0.0B(10240.0K) Survivors: 1024.0K->2048.0K Heap: 50650.6K(65536.0K)->40788.6K(65536.0K)]
 [Times: user=0.19 sys=0.01, real=0.03 secs] 
2026-06-17T09:48:39.854+0800: 2.056: [GC pause (G1 Evacuation Pause) (young) (initial-mark), 0.0151477 secs]
   [Parallel Time: 10.6 ms, GC Workers: 18]
      [GC Worker Start (ms): Min: 2055.9, Avg: 2056.3, Max: 2056.7, Diff: 0.8]
      [Ext Root Scanning (ms): Min: 0.0, Avg: 3.1, Max: 9.1, Diff: 9.0, Sum: 55.5]
      [Update RS (ms): Min: 0.0, Avg: 0.0, Max: 0.0, Diff: 0.0, Sum: 0.0]
         [Processed Buffers: Min: 0, Avg: 0.2, Max: 3, Diff: 3, Sum: 3]
      [Scan RS (ms): Min: 0.0, Avg: 0.0, Max: 0.0, Diff: 0.0, Sum: 0.0]
      [Code Root Scanning (ms): Min: 0.0, Avg: 0.0, Max: 0.0, Diff: 0.0, Sum: 0.0]
      [Object Copy (ms): Min: 0.0, Avg: 0.0, Max: 0.3, Diff: 0.3, Sum: 0.6]
      [Termination (ms): Min: 0.0, Avg: 6.3, Max: 8.8, Diff: 8.8, Sum: 113.2]
         [Termination Attempts: Min: 1, Avg: 1.0, Max: 1, Diff: 0, Sum: 18]
      [GC Worker Other (ms): Min: 0.0, Avg: 0.0, Max: 0.0, Diff: 0.0, Sum: 0.1]
      [GC Worker Total (ms): Min: 9.0, Avg: 9.4, Max: 9.8, Diff: 0.8, Sum: 169.5]
      [GC Worker End (ms): Min: 2065.7, Avg: 2065.7, Max: 2065.9, Diff: 0.2]
   [Code Root Fixup: 0.0 ms]
   [Code Root Purge: 0.0 ms]
   [Clear CT: 1.2 ms]
   [Other: 3.4 ms]
      [Choose CSet: 0.0 ms]
      [Ref Proc: 2.7 ms]
      [Ref Enq: 0.0 ms]
      [Redirty Cards: 0.6 ms]
      [Humongous Register: 0.0 ms]
      [Humongous Reclaim: 0.0 ms]
      [Free CSet: 0.0 ms]
   [Eden: 10240.0K(10240.0K)->0.0B(8192.0K) Survivors: 2048.0K->2048.0K Heap: 51028.6K(65536.0K)->44068.6K(65536.0K)]
 [Times: user=0.13 sys=0.00, real=0.01 secs] 
2026-06-17T09:48:39.871+0800: 2.072: [GC concurrent-root-region-scan-start]
2026-06-17T09:48:39.871+0800: 2.072: [GC concurrent-root-region-scan-end, 0.0003394 secs]
2026-06-17T09:48:39.871+0800: 2.072: [GC concurrent-mark-start]
2026-06-17T09:48:39.871+0800: 2.073: [GC concurrent-mark-end, 0.0003716 secs]
2026-06-17T09:48:39.872+0800: 2.073: [GC remark 2026-06-17T09:48:39.872+0800: 2.073: [Finalize Marking, 0.0103771 secs] 2026-06-17T09:48:39.883+0800: 2.084: [GC ref-proc, 0.0007988 secs] 2026-06-17T09:48:39.884+0800: 2.086: [Unloading, 0.0024086 secs], 0.0167646 secs]
 [Times: user=0.12 sys=0.01, real=0.01 secs] 
2026-06-17T09:48:39.890+0800: 2.091: [GC cleanup 50205K->44061K(65536K), 0.0037091 secs]
 [Times: user=0.01 sys=0.00, real=0.01 secs] 
2026-06-17T09:48:39.895+0800: 2.096: [GC concurrent-cleanup-start]
2026-06-17T09:48:39.895+0800: 2.096: [GC concurrent-cleanup-end, 0.0000107 secs]
2026-06-17T09:48:39.895+0800: 2.096: [GC pause (G1 Evacuation Pause) (young), 0.0107819 secs]
   [Parallel Time: 6.8 ms, GC Workers: 18]
      [GC Worker Start (ms): Min: 2096.1, Avg: 2098.3, Max: 2102.5, Diff: 6.4]
      [Ext Root Scanning (ms): Min: 0.0, Avg: 0.0, Max: 0.2, Diff: 0.2, Sum: 0.2]
      [Update RS (ms): Min: 0.0, Avg: 0.0, Max: 0.0, Diff: 0.0, Sum: 0.0]
         [Processed Buffers: Min: 0, Avg: 0.2, Max: 2, Diff: 2, Sum: 4]
      [Scan RS (ms): Min: 0.0, Avg: 0.0, Max: 0.0, Diff: 0.0, Sum: 0.0]
      [Code Root Scanning (ms): Min: 0.0, Avg: 0.0, Max: 0.0, Diff: 0.0, Sum: 0.0]
      [Object Copy (ms): Min: 0.0, Avg: 0.1, Max: 0.3, Diff: 0.3, Sum: 1.4]
      [Termination (ms): Min: 0.0, Avg: 4.2, Max: 6.0, Diff: 6.0, Sum: 76.1]
         [Termination Attempts: Min: 1, Avg: 1.0, Max: 1, Diff: 0, Sum: 18]
      [GC Worker Other (ms): Min: 0.0, Avg: 0.0, Max: 0.0, Diff: 0.0, Sum: 0.1]
      [GC Worker Total (ms): Min: 0.0, Avg: 4.3, Max: 6.5, Diff: 6.5, Sum: 77.9]
      [GC Worker End (ms): Min: 2102.5, Avg: 2102.6, Max: 2102.7, Diff: 0.2]
   [Code Root Fixup: 0.0 ms]
   [Code Root Purge: 0.0 ms]
   [Clear CT: 0.9 ms]
   [Other: 3.1 ms]
      [Choose CSet: 0.0 ms]
      [Ref Proc: 2.2 ms]
      [Ref Enq: 0.0 ms]
      [Redirty Cards: 0.9 ms]
      [Humongous Register: 0.0 ms]
      [Humongous Reclaim: 0.0 ms]
      [Free CSet: 0.0 ms]
   [Eden: 8192.0K(8192.0K)->0.0B(2048.0K) Survivors: 2048.0K->2048.0K Heap: 46116.6K(65536.0K)->46001.6K(65536.0K)]
 [Times: user=0.09 sys=0.00, real=0.01 secs] 
2026-06-17T09:48:39.917+0800: 2.118: [GC pause (G1 Evacuation Pause) (mixed), 0.0162203 secs]
   [Parallel Time: 9.5 ms, GC Workers: 18]
      [GC Worker Start (ms): Min: 2118.4, Avg: 2120.7, Max: 2127.0, Diff: 8.6]
      [Ext Root Scanning (ms): Min: 0.0, Avg: 0.0, Max: 0.2, Diff: 0.2, Sum: 0.3]
      [Update RS (ms): Min: 0.0, Avg: 0.0, Max: 0.0, Diff: 0.0, Sum: 0.0]
         [Processed Buffers: Min: 0, Avg: 0.3, Max: 3, Diff: 3, Sum: 5]
      [Scan RS (ms): Min: 0.0, Avg: 0.0, Max: 0.0, Diff: 0.0, Sum: 0.0]
      [Code Root Scanning (ms): Min: 0.0, Avg: 0.0, Max: 0.0, Diff: 0.0, Sum: 0.0]
      [Object Copy (ms): Min: 0.0, Avg: 0.1, Max: 0.3, Diff: 0.3, Sum: 0.9]
      [Termination (ms): Min: 0.0, Avg: 6.3, Max: 8.3, Diff: 8.3, Sum: 113.1]
         [Termination Attempts: Min: 1, Avg: 1.0, Max: 1, Diff: 0, Sum: 18]
      [GC Worker Other (ms): Min: 0.0, Avg: 0.0, Max: 0.0, Diff: 0.0, Sum: 0.1]
      [GC Worker Total (ms): Min: 0.0, Avg: 6.4, Max: 8.8, Diff: 8.7, Sum: 114.4]
      [GC Worker End (ms): Min: 2127.0, Avg: 2127.1, Max: 2127.2, Diff: 0.2]
   [Code Root Fixup: 0.0 ms]
   [Code Root Purge: 0.0 ms]
   [Clear CT: 1.6 ms]
   [Other: 5.1 ms]
      [Choose CSet: 0.0 ms]
      [Ref Proc: 3.7 ms]
      [Ref Enq: 0.0 ms]
      [Redirty Cards: 1.3 ms]
      [Humongous Register: 0.0 ms]
      [Humongous Reclaim: 0.0 ms]
      [Free CSet: 0.0 ms]
   [Eden: 2048.0K(2048.0K)->0.0B(2048.0K) Survivors: 2048.0K->1024.0K Heap: 48049.6K(65536.0K)->43375.6K(65536.0K)]
 [Times: user=0.15 sys=0.00, real=0.02 secs] 
2026-06-17T09:48:39.947+0800: 2.148: [GC pause (G1 Evacuation Pause) (mixed), 0.0110964 secs]
   [Parallel Time: 8.0 ms, GC Workers: 18]
      [GC Worker Start (ms): Min: 2148.4, Avg: 2150.3, Max: 2155.9, Diff: 7.5]
      [Ext Root Scanning (ms): Min: 0.0, Avg: 0.0, Max: 0.2, Diff: 0.2, Sum: 0.3]
      [Update RS (ms): Min: 0.0, Avg: 0.0, Max: 0.0, Diff: 0.0, Sum: 0.0]
         [Processed Buffers: Min: 0, Avg: 0.3, Max: 3, Diff: 3, Sum: 5]
      [Scan RS (ms): Min: 0.0, Avg: 0.0, Max: 0.0, Diff: 0.0, Sum: 0.1]
      [Code Root Scanning (ms): Min: 0.0, Avg: 0.0, Max: 0.0, Diff: 0.0, Sum: 0.0]
      [Object Copy (ms): Min: 0.0, Avg: 0.0, Max: 0.2, Diff: 0.2, Sum: 0.6]
      [Termination (ms): Min: 0.0, Avg: 5.6, Max: 7.3, Diff: 7.3, Sum: 101.3]
         [Termination Attempts: Min: 1, Avg: 1.1, Max: 2, Diff: 1, Sum: 19]
      [GC Worker Other (ms): Min: 0.0, Avg: 0.0, Max: 0.0, Diff: 0.0, Sum: 0.1]
      [GC Worker Total (ms): Min: 0.0, Avg: 5.7, Max: 7.6, Diff: 7.6, Sum: 102.4]
      [GC Worker End (ms): Min: 2155.9, Avg: 2156.0, Max: 2156.2, Diff: 0.2]
   [Code Root Fixup: 0.0 ms]
   [Code Root Purge: 0.0 ms]
   [Clear CT: 0.5 ms]
   [Other: 2.5 ms]
      [Choose CSet: 0.0 ms]
      [Ref Proc: 1.8 ms]
      [Ref Enq: 0.0 ms]
      [Redirty Cards: 0.6 ms]
      [Humongous Register: 0.0 ms]
      [Humongous Reclaim: 0.0 ms]
      [Free CSet: 0.0 ms]
   [Eden: 2048.0K(2048.0K)->0.0B(2048.0K) Survivors: 1024.0K->1024.0K Heap: 45423.6K(65536.0K)->39544.0K(65536.0K)]
 [Times: user=0.12 sys=0.00, real=0.01 secs] 
2026-06-17T09:48:39.960+0800: 2.161: [GC pause (G1 Evacuation Pause) (mixed), 0.0144159 secs]
   [Parallel Time: 6.8 ms, GC Workers: 18]
      [GC Worker Start (ms): Min: 2160.9, Avg: 2162.5, Max: 2167.1, Diff: 6.1]
      [Ext Root Scanning (ms): Min: 0.0, Avg: 0.0, Max: 0.2, Diff: 0.2, Sum: 0.4]
      [Update RS (ms): Min: 0.0, Avg: 0.0, Max: 0.0, Diff: 0.0, Sum: 0.1]
         [Processed Buffers: Min: 0, Avg: 0.2, Max: 1, Diff: 1, Sum: 4]
      [Scan RS (ms): Min: 0.0, Avg: 0.0, Max: 0.0, Diff: 0.0, Sum: 0.1]
      [Code Root Scanning (ms): Min: 0.0, Avg: 0.0, Max: 0.0, Diff: 0.0, Sum: 0.0]
      [Object Copy (ms): Min: 0.0, Avg: 0.0, Max: 0.1, Diff: 0.1, Sum: 0.5]
      [Termination (ms): Min: 0.0, Avg: 4.6, Max: 5.9, Diff: 5.9, Sum: 82.8]
         [Termination Attempts: Min: 1, Avg: 1.0, Max: 1, Diff: 0, Sum: 18]
      [GC Worker Other (ms): Min: 0.0, Avg: 0.0, Max: 0.0, Diff: 0.0, Sum: 0.1]
      [GC Worker Total (ms): Min: 0.0, Avg: 4.7, Max: 6.3, Diff: 6.3, Sum: 84.0]
      [GC Worker End (ms): Min: 2167.1, Avg: 2167.1, Max: 2167.2, Diff: 0.2]
   [Code Root Fixup: 0.0 ms]
   [Code Root Purge: 0.0 ms]
   [Clear CT: 0.8 ms]
   [Other: 6.8 ms]
      [Choose CSet: 0.0 ms]
      [Ref Proc: 6.2 ms]
      [Ref Enq: 0.0 ms]
      [Redirty Cards: 0.5 ms]
      [Humongous Register: 0.0 ms]
      [Humongous Reclaim: 0.0 ms]
      [Free CSet: 0.0 ms]
   [Eden: 2048.0K(2048.0K)->0.0B(9216.0K) Survivors: 1024.0K->1024.0K Heap: 41592.0K(65536.0K)->38866.6K(65536.0K)]
 [Times: user=0.17 sys=0.01, real=0.02 secs] 
2026-06-17T09:48:39.996+0800: 2.197: [GC pause (G1 Evacuation Pause) (young), 0.0081858 secs]
   [Parallel Time: 4.6 ms, GC Workers: 18]
      [GC Worker Start (ms): Min: 2197.3, Avg: 2198.6, Max: 2201.3, Diff: 3.9]
      [Ext Root Scanning (ms): Min: 0.0, Avg: 0.0, Max: 0.2, Diff: 0.2, Sum: 0.3]
      [Update RS (ms): Min: 0.0, Avg: 0.0, Max: 0.1, Diff: 0.1, Sum: 0.2]
         [Processed Buffers: Min: 0, Avg: 0.3, Max: 2, Diff: 2, Sum: 5]
      [Scan RS (ms): Min: 0.0, Avg: 0.0, Max: 0.0, Diff: 0.0, Sum: 0.0]
      [Code Root Scanning (ms): Min: 0.0, Avg: 0.0, Max: 0.0, Diff: 0.0, Sum: 0.0]
      [Object Copy (ms): Min: 0.0, Avg: 0.0, Max: 0.1, Diff: 0.1, Sum: 0.4]
      [Termination (ms): Min: 0.0, Avg: 2.7, Max: 3.7, Diff: 3.7, Sum: 48.0]
         [Termination Attempts: Min: 1, Avg: 1.0, Max: 1, Diff: 0, Sum: 18]
      [GC Worker Other (ms): Min: 0.0, Avg: 0.0, Max: 0.0, Diff: 0.0, Sum: 0.1]
      [GC Worker Total (ms): Min: 0.0, Avg: 2.7, Max: 4.1, Diff: 4.1, Sum: 49.0]
      [GC Worker End (ms): Min: 2201.3, Avg: 2201.3, Max: 2201.4, Diff: 0.1]
   [Code Root Fixup: 0.0 ms]
   [Code Root Purge: 0.0 ms]
   [Clear CT: 0.6 ms]
   [Other: 2.9 ms]
      [Choose CSet: 0.0 ms]
      [Ref Proc: 2.3 ms]
      [Ref Enq: 0.0 ms]
      [Redirty Cards: 0.5 ms]
      [Humongous Register: 0.0 ms]
      [Humongous Reclaim: 0.0 ms]
      [Free CSet: 0.0 ms]
   [Eden: 9216.0K(9216.0K)->0.0B(8192.0K) Survivors: 1024.0K->2048.0K Heap: 48082.6K(65536.0K)->41638.6K(65536.0K)]
 [Times: user=0.07 sys=0.00, real=0.01 secs] 
2026-06-17T09:48:40.026+0800: 2.227: [GC pause (G1 Evacuation Pause) (young) (initial-mark), 0.0145130 secs]
   [Parallel Time: 9.0 ms, GC Workers: 18]
      [GC Worker Start (ms): Min: 2227.4, Avg: 2227.9, Max: 2228.3, Diff: 0.9]
      [Ext Root Scanning (ms): Min: 0.0, Avg: 1.6, Max: 7.2, Diff: 7.2, Sum: 29.1]
      [Update RS (ms): Min: 0.0, Avg: 0.0, Max: 0.0, Diff: 0.0, Sum: 0.0]
         [Processed Buffers: Min: 0, Avg: 0.1, Max: 2, Diff: 2, Sum: 2]
      [Scan RS (ms): Min: 0.0, Avg: 0.0, Max: 0.0, Diff: 0.0, Sum: 0.0]
      [Code Root Scanning (ms): Min: 0.0, Avg: 0.0, Max: 0.0, Diff: 0.0, Sum: 0.0]
      [Object Copy (ms): Min: 0.0, Avg: 0.0, Max: 0.2, Diff: 0.2, Sum: 0.4]
      [Termination (ms): Min: 0.0, Avg: 5.9, Max: 7.1, Diff: 7.1, Sum: 105.7]
         [Termination Attempts: Min: 1, Avg: 1.0, Max: 1, Diff: 0, Sum: 18]
      [GC Worker Other (ms): Min: 0.0, Avg: 0.0, Max: 0.0, Diff: 0.0, Sum: 0.1]
      [GC Worker Total (ms): Min: 7.2, Avg: 7.5, Max: 8.2, Diff: 1.0, Sum: 135.3]
      [GC Worker End (ms): Min: 2235.4, Avg: 2235.5, Max: 2235.6, Diff: 0.2]
   [Code Root Fixup: 0.0 ms]
   [Code Root Purge: 0.0 ms]
   [Clear CT: 2.0 ms]
   [Other: 3.5 ms]
      [Choose CSet: 0.0 ms]
      [Ref Proc: 1.9 ms]
      [Ref Enq: 0.0 ms]
      [Redirty Cards: 1.6 ms]
      [Humongous Register: 0.0 ms]
      [Humongous Reclaim: 0.0 ms]
      [Free CSet: 0.0 ms]
   [Eden: 8192.0K(8192.0K)->0.0B(7168.0K) Survivors: 2048.0K->2048.0K Heap: 49830.6K(65536.0K)->43096.6K(65536.0K)]
 [Times: user=0.11 sys=0.01, real=0.01 secs] 
2026-06-17T09:48:40.042+0800: 2.243: [GC concurrent-root-region-scan-start]
2026-06-17T09:48:40.042+0800: 2.243: [GC concurrent-root-region-scan-end, 0.0004035 secs]
2026-06-17T09:48:40.042+0800: 2.243: [GC concurrent-mark-start]
2026-06-17T09:48:40.043+0800: 2.244: [GC concurrent-mark-end, 0.0003419 secs]
2026-06-17T09:48:40.043+0800: 2.244: [GC remark 2026-06-17T09:48:40.043+0800: 2.244: [Finalize Marking, 0.0021516 secs] 2026-06-17T09:48:40.046+0800: 2.247: [GC ref-proc, 0.0005716 secs] 2026-06-17T09:48:40.047+0800: 2.248: [Unloading, 0.0017382 secs], 0.0069506 secs]
 [Times: user=0.02 sys=0.00, real=0.00 secs] 
2026-06-17T09:48:40.051+0800: 2.252: [GC cleanup 45884K->42812K(65536K), 0.0031678 secs]
 [Times: user=0.00 sys=0.00, real=0.00 secs] 
2026-06-17T09:48:40.055+0800: 2.256: [GC concurrent-cleanup-start]
2026-06-17T09:48:40.055+0800: 2.256: [GC concurrent-cleanup-end, 0.0000085 secs]
2026-06-17T09:48:40.066+0800: 2.267: [GC pause (G1 Evacuation Pause) (young), 0.0105427 secs]
   [Parallel Time: 6.8 ms, GC Workers: 18]
      [GC Worker Start (ms): Min: 2267.1, Avg: 2268.4, Max: 2273.2, Diff: 6.1]
      [Ext Root Scanning (ms): Min: 0.0, Avg: 0.0, Max: 0.2, Diff: 0.2, Sum: 0.3]
      [Update RS (ms): Min: 0.0, Avg: 0.0, Max: 0.0, Diff: 0.0, Sum: 0.0]
         [Processed Buffers: Min: 0, Avg: 0.2, Max: 2, Diff: 2, Sum: 3]
      [Scan RS (ms): Min: 0.0, Avg: 0.0, Max: 0.0, Diff: 0.0, Sum: 0.0]
      [Code Root Scanning (ms): Min: 0.0, Avg: 0.0, Max: 0.0, Diff: 0.0, Sum: 0.0]
      [Object Copy (ms): Min: 0.0, Avg: 0.0, Max: 0.1, Diff: 0.1, Sum: 0.4]
      [Termination (ms): Min: 0.0, Avg: 4.9, Max: 5.9, Diff: 5.9, Sum: 87.6]
         [Termination Attempts: Min: 1, Avg: 1.0, Max: 1, Diff: 0, Sum: 18]
      [GC Worker Other (ms): Min: 0.0, Avg: 0.0, Max: 0.2, Diff: 0.2, Sum: 0.3]
      [GC Worker Total (ms): Min: 0.0, Avg: 4.9, Max: 6.2, Diff: 6.2, Sum: 88.6]
      [GC Worker End (ms): Min: 2273.2, Avg: 2273.3, Max: 2273.4, Diff: 0.2]
   [Code Root Fixup: 0.0 ms]
   [Code Root Purge: 0.0 ms]
   [Clear CT: 0.9 ms]
   [Other: 2.8 ms]
      [Choose CSet: 0.0 ms]
      [Ref Proc: 1.9 ms]
      [Ref Enq: 0.0 ms]
      [Redirty Cards: 0.8 ms]
      [Humongous Register: 0.0 ms]
      [Humongous Reclaim: 0.0 ms]
      [Free CSet: 0.0 ms]
   [Eden: 7168.0K(7168.0K)->0.0B(1024.0K) Survivors: 2048.0K->2048.0K Heap: 48396.6K(65536.0K)->41997.7K(65536.0K)]
 [Times: user=0.11 sys=0.00, real=0.01 secs] 
2026-06-17T09:48:40.078+0800: 2.279: [GC pause (G1 Evacuation Pause) (mixed), 0.0050462 secs]
   [Parallel Time: 2.2 ms, GC Workers: 18]
      [GC Worker Start (ms): Min: 2278.9, Avg: 2279.8, Max: 2280.7, Diff: 1.8]
      [Ext Root Scanning (ms): Min: 0.0, Avg: 0.0, Max: 0.2, Diff: 0.2, Sum: 0.2]
      [Update RS (ms): Min: 0.0, Avg: 0.0, Max: 0.0, Diff: 0.0, Sum: 0.0]
         [Processed Buffers: Min: 0, Avg: 0.2, Max: 2, Diff: 2, Sum: 3]
      [Scan RS (ms): Min: 0.0, Avg: 0.0, Max: 0.0, Diff: 0.0, Sum: 0.0]
      [Code Root Scanning (ms): Min: 0.0, Avg: 0.0, Max: 0.0, Diff: 0.0, Sum: 0.0]
      [Object Copy (ms): Min: 0.0, Avg: 0.0, Max: 0.2, Diff: 0.2, Sum: 0.6]
      [Termination (ms): Min: 0.0, Avg: 0.9, Max: 1.7, Diff: 1.7, Sum: 16.1]
         [Termination Attempts: Min: 1, Avg: 1.0, Max: 1, Diff: 0, Sum: 18]
      [GC Worker Other (ms): Min: 0.0, Avg: 0.0, Max: 0.0, Diff: 0.0, Sum: 0.1]
      [GC Worker Total (ms): Min: 0.0, Avg: 0.9, Max: 2.0, Diff: 2.0, Sum: 17.0]
      [GC Worker End (ms): Min: 2280.7, Avg: 2280.7, Max: 2280.9, Diff: 0.2]
   [Code Root Fixup: 0.0 ms]
   [Code Root Purge: 0.0 ms]
   [Clear CT: 0.5 ms]
   [Other: 2.3 ms]
      [Choose CSet: 0.0 ms]
      [Ref Proc: 1.7 ms]
      [Ref Enq: 0.0 ms]
      [Redirty Cards: 0.6 ms]
      [Humongous Register: 0.0 ms]
      [Humongous Reclaim: 0.0 ms]
      [Free CSet: 0.0 ms]
   [Eden: 1024.0K(1024.0K)->0.0B(2048.0K) Survivors: 2048.0K->1024.0K Heap: 43021.7K(65536.0K)->38765.0K(65536.0K)]
 [Times: user=0.02 sys=0.01, real=0.01 secs] 
2026-06-17T09:48:40.084+0800: 2.285: [GC pause (G1 Evacuation Pause) (mixed), 0.0069292 secs]
   [Parallel Time: 2.3 ms, GC Workers: 18]
      [GC Worker Start (ms): Min: 2285.3, Avg: 2286.3, Max: 2287.0, Diff: 1.7]
      [Ext Root Scanning (ms): Min: 0.0, Avg: 0.0, Max: 0.1, Diff: 0.1, Sum: 0.2]
      [Update RS (ms): Min: 0.0, Avg: 0.0, Max: 0.0, Diff: 0.0, Sum: 0.0]
         [Processed Buffers: Min: 0, Avg: 0.3, Max: 4, Diff: 4, Sum: 5]
      [Scan RS (ms): Min: 0.0, Avg: 0.0, Max: 0.0, Diff: 0.0, Sum: 0.0]
      [Code Root Scanning (ms): Min: 0.0, Avg: 0.0, Max: 0.0, Diff: 0.0, Sum: 0.0]
      [Object Copy (ms): Min: 0.0, Avg: 0.1, Max: 0.3, Diff: 0.3, Sum: 1.0]
      [Termination (ms): Min: 0.0, Avg: 0.7, Max: 1.4, Diff: 1.4, Sum: 12.2]
         [Termination Attempts: Min: 1, Avg: 1.0, Max: 1, Diff: 0, Sum: 18]
      [GC Worker Other (ms): Min: 0.0, Avg: 0.0, Max: 0.0, Diff: 0.0, Sum: 0.1]
      [GC Worker Total (ms): Min: 0.0, Avg: 0.7, Max: 1.9, Diff: 1.9, Sum: 13.5]
      [GC Worker End (ms): Min: 2287.0, Avg: 2287.0, Max: 2287.1, Diff: 0.2]
   [Code Root Fixup: 0.0 ms]
   [Code Root Purge: 0.0 ms]
   [Clear CT: 0.8 ms]
   [Other: 3.9 ms]
      [Choose CSet: 0.0 ms]
      [Ref Proc: 3.1 ms]
      [Ref Enq: 0.0 ms]
      [Redirty Cards: 0.7 ms]
      [Humongous Register: 0.0 ms]
      [Humongous Reclaim: 0.0 ms]
      [Free CSet: 0.0 ms]
   [Eden: 2048.0K(2048.0K)->0.0B(11264.0K) Survivors: 1024.0K->1024.0K Heap: 40813.0K(65536.0K)->38512.6K(65536.0K)]
 [Times: user=0.05 sys=0.00, real=0.01 secs] 
2026-06-17T09:48:40.124+0800: 2.325: [GC pause (G1 Evacuation Pause) (young), 0.0715483 secs]
   [Parallel Time: 68.2 ms, GC Workers: 18]
      [GC Worker Start (ms): Min: 2325.0, Avg: 2360.9, Max: 2392.6, Diff: 67.6]
      [Ext Root Scanning (ms): Min: 0.0, Avg: 0.6, Max: 10.4, Diff: 10.4, Sum: 10.8]
      [Update RS (ms): Min: 0.0, Avg: 0.0, Max: 0.1, Diff: 0.1, Sum: 0.1]
         [Processed Buffers: Min: 0, Avg: 0.2, Max: 2, Diff: 2, Sum: 4]
      [Scan RS (ms): Min: 0.0, Avg: 0.0, Max: 0.0, Diff: 0.0, Sum: 0.0]
      [Code Root Scanning (ms): Min: 0.0, Avg: 0.0, Max: 0.0, Diff: 0.0, Sum: 0.0]
      [Object Copy (ms): Min: 0.0, Avg: 0.0, Max: 0.3, Diff: 0.3, Sum: 0.6]
      [Termination (ms): Min: 0.0, Avg: 31.2, Max: 67.3, Diff: 67.3, Sum: 561.9]
         [Termination Attempts: Min: 1, Avg: 1.0, Max: 1, Diff: 0, Sum: 18]
      [GC Worker Other (ms): Min: 0.0, Avg: 0.0, Max: 0.0, Diff: 0.0, Sum: 0.1]
      [GC Worker Total (ms): Min: 0.0, Avg: 31.9, Max: 67.9, Diff: 67.9, Sum: 573.6]
      [GC Worker End (ms): Min: 2392.6, Avg: 2392.8, Max: 2392.9, Diff: 0.3]
   [Code Root Fixup: 0.0 ms]
   [Code Root Purge: 0.0 ms]
   [Clear CT: 0.7 ms]
   [Other: 2.6 ms]
      [Choose CSet: 0.0 ms]
      [Ref Proc: 1.8 ms]
      [Ref Enq: 0.0 ms]
      [Redirty Cards: 0.8 ms]
      [Humongous Register: 0.0 ms]
      [Humongous Reclaim: 0.0 ms]
      [Free CSet: 0.0 ms]
   [Eden: 11264.0K(11264.0K)->0.0B(7168.0K) Survivors: 1024.0K->2048.0K Heap: 49776.6K(65536.0K)->42796.6K(65536.0K)]
 [Times: user=0.58 sys=0.02, real=0.07 secs] 
2026-06-17T09:48:40.206+0800: 2.408: [GC pause (G1 Evacuation Pause) (young) (initial-mark), 0.0225658 secs]
   [Parallel Time: 13.5 ms, GC Workers: 18]
      [GC Worker Start (ms): Min: 2407.8, Avg: 2408.2, Max: 2408.5, Diff: 0.7]
      [Ext Root Scanning (ms): Min: 0.0, Avg: 7.0, Max: 12.2, Diff: 12.1, Sum: 126.8]
      [Update RS (ms): Min: 0.0, Avg: 0.0, Max: 0.0, Diff: 0.0, Sum: 0.0]
         [Processed Buffers: Min: 0, Avg: 0.2, Max: 2, Diff: 2, Sum: 3]
      [Scan RS (ms): Min: 0.0, Avg: 0.0, Max: 0.0, Diff: 0.0, Sum: 0.0]
      [Code Root Scanning (ms): Min: 0.0, Avg: 0.0, Max: 0.0, Diff: 0.0, Sum: 0.0]
      [Object Copy (ms): Min: 0.0, Avg: 0.1, Max: 0.3, Diff: 0.3, Sum: 1.4]
      [Termination (ms): Min: 0.0, Avg: 5.3, Max: 11.9, Diff: 11.9, Sum: 95.5]
         [Termination Attempts: Min: 1, Avg: 1.0, Max: 1, Diff: 0, Sum: 18]
      [GC Worker Other (ms): Min: 0.0, Avg: 0.0, Max: 0.0, Diff: 0.0, Sum: 0.1]
      [GC Worker Total (ms): Min: 12.1, Avg: 12.4, Max: 12.9, Diff: 0.8, Sum: 224.0]
      [GC Worker End (ms): Min: 2420.6, Avg: 2420.7, Max: 2420.8, Diff: 0.2]
   [Code Root Fixup: 0.0 ms]
   [Code Root Purge: 0.0 ms]
   [Clear CT: 1.7 ms]
   [Other: 7.4 ms]
      [Choose CSet: 0.0 ms]
      [Ref Proc: 6.6 ms]
      [Ref Enq: 0.0 ms]
      [Redirty Cards: 0.8 ms]
      [Humongous Register: 0.0 ms]
      [Humongous Reclaim: 0.0 ms]
      [Free CSet: 0.0 ms]
   [Eden: 7168.0K(7168.0K)->0.0B(2048.0K) Survivors: 2048.0K->2048.0K Heap: 49964.6K(65536.0K)->49833.6K(65536.0K)]
 [Times: user=0.16 sys=0.00, real=0.02 secs] 
2026-06-17T09:48:40.230+0800: 2.431: [GC concurrent-root-region-scan-start]
2026-06-17T09:48:40.230+0800: 2.431: [GC concurrent-root-region-scan-end, 0.0002503 secs]
2026-06-17T09:48:40.230+0800: 2.431: [GC concurrent-mark-start]
2026-06-17T09:48:40.231+0800: 2.432: [GC concurrent-mark-end, 0.0004740 secs]
2026-06-17T09:48:40.231+0800: 2.432: [GC remark 2026-06-17T09:48:40.231+0800: 2.432: [Finalize Marking, 0.0172613 secs] 2026-06-17T09:48:40.249+0800: 2.450: [GC ref-proc, 0.0004651 secs] 2026-06-17T09:48:40.250+0800: 2.451: [Unloading, 0.0021288 secs], 0.0225731 secs]
 [Times: user=0.23 sys=0.01, real=0.02 secs] 
2026-06-17T09:48:40.255+0800: 2.456: [GC pause (G1 Evacuation Pause) (young), 0.0092901 secs]
   [Parallel Time: 5.0 ms, GC Workers: 18]
      [GC Worker Start (ms): Min: 2455.8, Avg: 2456.7, Max: 2460.1, Diff: 4.3]
      [Ext Root Scanning (ms): Min: 0.0, Avg: 0.0, Max: 0.2, Diff: 0.2, Sum: 0.4]
      [Update RS (ms): Min: 0.0, Avg: 0.0, Max: 0.0, Diff: 0.0, Sum: 0.1]
         [Processed Buffers: Min: 0, Avg: 0.2, Max: 1, Diff: 1, Sum: 3]
      [Scan RS (ms): Min: 0.0, Avg: 0.0, Max: 0.0, Diff: 0.0, Sum: 0.0]
      [Code Root Scanning (ms): Min: 0.0, Avg: 0.0, Max: 0.0, Diff: 0.0, Sum: 0.0]
      [Object Copy (ms): Min: 0.0, Avg: 0.0, Max: 0.1, Diff: 0.1, Sum: 0.3]
      [Termination (ms): Min: 0.0, Avg: 3.4, Max: 4.1, Diff: 4.1, Sum: 61.7]
         [Termination Attempts: Min: 1, Avg: 1.0, Max: 1, Diff: 0, Sum: 18]
      [GC Worker Other (ms): Min: 0.0, Avg: 0.0, Max: 0.0, Diff: 0.0, Sum: 0.1]
      [GC Worker Total (ms): Min: 0.0, Avg: 3.5, Max: 4.4, Diff: 4.4, Sum: 62.5]
      [GC Worker End (ms): Min: 2460.1, Avg: 2460.2, Max: 2460.2, Diff: 0.1]
   [Code Root Fixup: 0.0 ms]
   [Code Root Purge: 0.0 ms]
   [Clear CT: 0.6 ms]
   [Other: 3.7 ms]
      [Choose CSet: 0.0 ms]
      [Ref Proc: 3.1 ms]
      [Ref Enq: 0.0 ms]
      [Redirty Cards: 0.6 ms]
      [Humongous Register: 0.0 ms]
      [Humongous Reclaim: 0.0 ms]
      [Free CSet: 0.0 ms]
   [Eden: 2048.0K(2048.0K)->0.0B(2048.0K) Survivors: 2048.0K->1024.0K Heap: 51881.6K(65536.0K)->49551.0K(65536.0K)]
 [Times: user=0.09 sys=0.00, real=0.01 secs] 
2026-06-17T09:48:40.265+0800: 2.466: [GC cleanup 50049K->42881K(65536K), 0.0029290 secs]
 [Times: user=0.00 sys=0.00, real=0.00 secs] 
2026-06-17T09:48:40.269+0800: 2.471: [GC concurrent-cleanup-start]
2026-06-17T09:48:40.269+0800: 2.471: [GC concurrent-cleanup-end, 0.0000129 secs]
2026-06-17T09:48:40.269+0800: 2.471: [GC pause (G1 Evacuation Pause) (young), 0.0122426 secs]
   [Parallel Time: 3.6 ms, GC Workers: 18]
      [GC Worker Start (ms): Min: 2470.7, Avg: 2471.7, Max: 2473.6, Diff: 2.9]
      [Ext Root Scanning (ms): Min: 0.0, Avg: 0.0, Max: 0.2, Diff: 0.2, Sum: 0.3]
      [Update RS (ms): Min: 0.0, Avg: 0.0, Max: 0.0, Diff: 0.0, Sum: 0.0]
         [Processed Buffers: Min: 0, Avg: 0.2, Max: 1, Diff: 1, Sum: 3]
      [Scan RS (ms): Min: 0.0, Avg: 0.0, Max: 0.0, Diff: 0.0, Sum: 0.0]
      [Code Root Scanning (ms): Min: 0.0, Avg: 0.0, Max: 0.0, Diff: 0.0, Sum: 0.0]
      [Object Copy (ms): Min: 0.0, Avg: 0.0, Max: 0.2, Diff: 0.2, Sum: 0.6]
      [Termination (ms): Min: 0.0, Avg: 1.9, Max: 2.6, Diff: 2.6, Sum: 33.5]
         [Termination Attempts: Min: 1, Avg: 1.1, Max: 2, Diff: 1, Sum: 19]
      [GC Worker Other (ms): Min: 0.0, Avg: 0.0, Max: 0.0, Diff: 0.0, Sum: 0.1]
      [GC Worker Total (ms): Min: 0.0, Avg: 1.9, Max: 2.9, Diff: 2.9, Sum: 34.5]
      [GC Worker End (ms): Min: 2473.6, Avg: 2473.6, Max: 2473.7, Diff: 0.1]
   [Code Root Fixup: 0.0 ms]
   [Code Root Purge: 0.0 ms]
   [Clear CT: 1.1 ms]
   [Other: 7.5 ms]
      [Choose CSet: 0.0 ms]
      [Ref Proc: 6.6 ms]
      [Ref Enq: 0.0 ms]
      [Redirty Cards: 0.8 ms]
      [Humongous Register: 0.0 ms]
      [Humongous Reclaim: 0.0 ms]
      [Free CSet: 0.0 ms]
   [Eden: 2048.0K(2048.0K)->0.0B(2048.0K) Survivors: 1024.0K->1024.0K Heap: 44431.0K(65536.0K)->44425.6K(65536.0K)]
 [Times: user=0.11 sys=0.00, real=0.01 secs] 
2026-06-17T09:48:40.293+0800: 2.494: [GC pause (G1 Evacuation Pause) (mixed), 0.0117155 secs]
   [Parallel Time: 8.2 ms, GC Workers: 18]
      [GC Worker Start (ms): Min: 2494.4, Avg: 2496.2, Max: 2502.0, Diff: 7.6]
      [Ext Root Scanning (ms): Min: 0.0, Avg: 0.0, Max: 0.2, Diff: 0.2, Sum: 0.5]
      [Update RS (ms): Min: 0.0, Avg: 0.0, Max: 0.0, Diff: 0.0, Sum: 0.0]
         [Processed Buffers: Min: 0, Avg: 0.2, Max: 1, Diff: 1, Sum: 3]
      [Scan RS (ms): Min: 0.0, Avg: 0.0, Max: 0.0, Diff: 0.0, Sum: 0.0]
      [Code Root Scanning (ms): Min: 0.0, Avg: 0.0, Max: 0.0, Diff: 0.0, Sum: 0.0]
      [Object Copy (ms): Min: 0.0, Avg: 0.1, Max: 0.2, Diff: 0.2, Sum: 1.0]
      [Termination (ms): Min: 0.0, Avg: 5.8, Max: 7.4, Diff: 7.4, Sum: 105.1]
         [Termination Attempts: Min: 1, Avg: 1.0, Max: 1, Diff: 0, Sum: 18]
      [GC Worker Other (ms): Min: 0.0, Avg: 0.0, Max: 0.0, Diff: 0.0, Sum: 0.1]
      [GC Worker Total (ms): Min: 0.0, Avg: 5.9, Max: 7.7, Diff: 7.7, Sum: 106.8]
      [GC Worker End (ms): Min: 2502.1, Avg: 2502.1, Max: 2502.3, Diff: 0.2]
   [Code Root Fixup: 0.0 ms]
   [Code Root Purge: 0.0 ms]
   [Clear CT: 0.5 ms]
   [Other: 3.0 ms]
      [Choose CSet: 0.0 ms]
      [Ref Proc: 2.4 ms]
      [Ref Enq: 0.0 ms]
      [Redirty Cards: 0.5 ms]
      [Humongous Register: 0.0 ms]
      [Humongous Reclaim: 0.0 ms]
      [Free CSet: 0.0 ms]
   [Eden: 2048.0K(2048.0K)->0.0B(2048.0K) Survivors: 1024.0K->1024.0K Heap: 46473.6K(65536.0K)->41988.6K(65536.0K)]
 [Times: user=0.13 sys=0.01, real=0.01 secs] 
2026-06-17T09:48:40.306+0800: 2.508: [GC pause (G1 Evacuation Pause) (mixed), 0.0054517 secs]
   [Parallel Time: 1.8 ms, GC Workers: 18]
      [GC Worker Start (ms): Min: 2507.5, Avg: 2508.3, Max: 2509.0, Diff: 1.5]
      [Ext Root Scanning (ms): Min: 0.0, Avg: 0.0, Max: 0.2, Diff: 0.2, Sum: 0.4]
      [Update RS (ms): Min: 0.0, Avg: 0.0, Max: 0.0, Diff: 0.0, Sum: 0.0]
         [Processed Buffers: Min: 0, Avg: 0.3, Max: 4, Diff: 4, Sum: 6]
      [Scan RS (ms): Min: 0.0, Avg: 0.0, Max: 0.0, Diff: 0.0, Sum: 0.0]
      [Code Root Scanning (ms): Min: 0.0, Avg: 0.0, Max: 0.0, Diff: 0.0, Sum: 0.0]
      [Object Copy (ms): Min: 0.0, Avg: 0.0, Max: 0.1, Diff: 0.1, Sum: 0.4]
      [Termination (ms): Min: 0.0, Avg: 0.6, Max: 1.2, Diff: 1.2, Sum: 11.7]
         [Termination Attempts: Min: 1, Avg: 1.0, Max: 1, Diff: 0, Sum: 18]
      [GC Worker Other (ms): Min: 0.0, Avg: 0.0, Max: 0.0, Diff: 0.0, Sum: 0.1]
      [GC Worker Total (ms): Min: 0.0, Avg: 0.7, Max: 1.5, Diff: 1.5, Sum: 12.6]
      [GC Worker End (ms): Min: 2509.0, Avg: 2509.0, Max: 2509.1, Diff: 0.1]
   [Code Root Fixup: 0.0 ms]
   [Code Root Purge: 0.0 ms]
   [Clear CT: 0.8 ms]
   [Other: 2.8 ms]
      [Choose CSet: 0.0 ms]
      [Ref Proc: 2.2 ms]
      [Ref Enq: 0.0 ms]
      [Redirty Cards: 0.6 ms]
      [Humongous Register: 0.0 ms]
      [Humongous Reclaim: 0.0 ms]
      [Free CSet: 0.0 ms]
   [Eden: 2048.0K(2048.0K)->0.0B(2048.0K) Survivors: 1024.0K->1024.0K Heap: 44036.6K(65536.0K)->36854.7K(65536.0K)]
 [Times: user=0.02 sys=0.00, real=0.01 secs] 
2026-06-17T09:48:40.323+0800: 2.524: [GC pause (G1 Evacuation Pause) (mixed), 0.0132637 secs]
   [Parallel Time: 9.5 ms, GC Workers: 18]
      [GC Worker Start (ms): Min: 2524.5, Avg: 2526.3, Max: 2532.9, Diff: 8.4]
      [Ext Root Scanning (ms): Min: 0.0, Avg: 0.0, Max: 0.1, Diff: 0.1, Sum: 0.2]
      [Update RS (ms): Min: 0.0, Avg: 0.0, Max: 0.0, Diff: 0.0, Sum: 0.0]
         [Processed Buffers: Min: 0, Avg: 0.2, Max: 2, Diff: 2, Sum: 4]
      [Scan RS (ms): Min: 0.0, Avg: 0.0, Max: 0.0, Diff: 0.0, Sum: 0.0]
      [Code Root Scanning (ms): Min: 0.0, Avg: 0.0, Max: 0.0, Diff: 0.0, Sum: 0.0]
      [Object Copy (ms): Min: 0.0, Avg: 0.0, Max: 0.3, Diff: 0.3, Sum: 0.9]
      [Termination (ms): Min: 0.0, Avg: 6.6, Max: 8.2, Diff: 8.2, Sum: 118.7]
         [Termination Attempts: Min: 1, Avg: 1.0, Max: 1, Diff: 0, Sum: 18]
      [GC Worker Other (ms): Min: 0.0, Avg: 0.0, Max: 0.0, Diff: 0.0, Sum: 0.1]
      [GC Worker Total (ms): Min: 0.0, Avg: 6.7, Max: 8.5, Diff: 8.5, Sum: 119.9]
      [GC Worker End (ms): Min: 2532.9, Avg: 2533.0, Max: 2533.1, Diff: 0.2]
   [Code Root Fixup: 0.0 ms]
   [Code Root Purge: 0.0 ms]
   [Clear CT: 0.5 ms]
   [Other: 3.3 ms]
      [Choose CSet: 0.0 ms]
      [Ref Proc: 2.7 ms]
      [Ref Enq: 0.0 ms]
      [Redirty Cards: 0.5 ms]
      [Humongous Register: 0.0 ms]
      [Humongous Reclaim: 0.0 ms]
      [Free CSet: 0.0 ms]
   [Eden: 2048.0K(2048.0K)->0.0B(2048.0K) Survivors: 1024.0K->1024.0K Heap: 38902.7K(65536.0K)->37435.6K(65536.0K)]
 [Times: user=0.15 sys=0.00, real=0.01 secs] 
2026-06-17T09:48:40.338+0800: 2.539: [GC pause (G1 Evacuation Pause) (mixed), 0.0057049 secs]
   [Parallel Time: 2.0 ms, GC Workers: 18]
      [GC Worker Start (ms): Min: 2539.1, Avg: 2539.9, Max: 2540.6, Diff: 1.4]
      [Ext Root Scanning (ms): Min: 0.0, Avg: 0.0, Max: 0.2, Diff: 0.2, Sum: 0.4]
      [Update RS (ms): Min: 0.0, Avg: 0.0, Max: 0.0, Diff: 0.0, Sum: 0.0]
         [Processed Buffers: Min: 0, Avg: 0.2, Max: 2, Diff: 2, Sum: 4]
      [Scan RS (ms): Min: 0.0, Avg: 0.0, Max: 0.0, Diff: 0.0, Sum: 0.1]
      [Code Root Scanning (ms): Min: 0.0, Avg: 0.0, Max: 0.0, Diff: 0.0, Sum: 0.0]
      [Object Copy (ms): Min: 0.0, Avg: 0.1, Max: 0.3, Diff: 0.3, Sum: 0.9]
      [Termination (ms): Min: 0.0, Avg: 0.6, Max: 1.1, Diff: 1.1, Sum: 11.2]
         [Termination Attempts: Min: 1, Avg: 1.1, Max: 3, Diff: 2, Sum: 20]
      [GC Worker Other (ms): Min: 0.0, Avg: 0.0, Max: 0.0, Diff: 0.0, Sum: 0.1]
      [GC Worker Total (ms): Min: 0.0, Avg: 0.7, Max: 1.5, Diff: 1.5, Sum: 12.6]
      [GC Worker End (ms): Min: 2540.6, Avg: 2540.6, Max: 2540.7, Diff: 0.2]
   [Code Root Fixup: 0.0 ms]
   [Code Root Purge: 0.0 ms]
   [Clear CT: 0.7 ms]
   [Other: 3.0 ms]
      [Choose CSet: 0.0 ms]
      [Ref Proc: 2.4 ms]
      [Ref Enq: 0.0 ms]
      [Redirty Cards: 0.6 ms]
      [Humongous Register: 0.0 ms]
      [Humongous Reclaim: 0.0 ms]
      [Free CSet: 0.0 ms]
   [Eden: 2048.0K(2048.0K)->0.0B(9216.0K) Survivors: 1024.0K->1024.0K Heap: 39483.6K(65536.0K)->36744.6K(65536.0K)]
 [Times: user=0.03 sys=0.00, real=0.01 secs] 
2026-06-17T09:48:40.365+0800: 2.567: [GC pause (G1 Evacuation Pause) (young), 0.0115366 secs]
   [Parallel Time: 7.8 ms, GC Workers: 18]
      [GC Worker Start (ms): Min: 2566.7, Avg: 2568.9, Max: 2573.9, Diff: 7.2]
      [Ext Root Scanning (ms): Min: 0.0, Avg: 0.0, Max: 0.2, Diff: 0.2, Sum: 0.4]
      [Update RS (ms): Min: 0.0, Avg: 0.0, Max: 0.1, Diff: 0.1, Sum: 0.2]
         [Processed Buffers: Min: 0, Avg: 0.3, Max: 3, Diff: 3, Sum: 6]
      [Scan RS (ms): Min: 0.0, Avg: 0.0, Max: 0.0, Diff: 0.0, Sum: 0.0]
      [Code Root Scanning (ms): Min: 0.0, Avg: 0.0, Max: 0.0, Diff: 0.0, Sum: 0.0]
      [Object Copy (ms): Min: 0.0, Avg: 0.0, Max: 0.1, Diff: 0.1, Sum: 0.4]
      [Termination (ms): Min: 0.0, Avg: 5.0, Max: 7.0, Diff: 7.0, Sum: 90.4]
         [Termination Attempts: Min: 1, Avg: 1.0, Max: 1, Diff: 0, Sum: 18]
      [GC Worker Other (ms): Min: 0.0, Avg: 0.0, Max: 0.0, Diff: 0.0, Sum: 0.1]
      [GC Worker Total (ms): Min: 0.0, Avg: 5.1, Max: 7.4, Diff: 7.4, Sum: 91.5]
      [GC Worker End (ms): Min: 2573.9, Avg: 2574.0, Max: 2574.1, Diff: 0.2]
   [Code Root Fixup: 0.0 ms]
   [Code Root Purge: 0.0 ms]
   [Clear CT: 1.0 ms]
   [Other: 2.8 ms]
      [Choose CSet: 0.0 ms]
      [Ref Proc: 2.0 ms]
      [Ref Enq: 0.0 ms]
      [Redirty Cards: 0.8 ms]
      [Humongous Register: 0.0 ms]
      [Humongous Reclaim: 0.0 ms]
      [Free CSet: 0.0 ms]
   [Eden: 9216.0K(9216.0K)->0.0B(8192.0K) Survivors: 1024.0K->2048.0K Heap: 45960.6K(65536.0K)->38762.6K(65536.0K)]
 [Times: user=0.11 sys=0.00, real=0.01 secs] 
2026-06-17T09:48:40.399+0800: 2.600: [GC pause (G1 Evacuation Pause) (young) (initial-mark), 0.0131503 secs]
   [Parallel Time: 7.4 ms, GC Workers: 18]
      [GC Worker Start (ms): Min: 2600.3, Avg: 2600.7, Max: 2600.9, Diff: 0.7]
      [Ext Root Scanning (ms): Min: 0.0, Avg: 2.1, Max: 5.9, Diff: 5.9, Sum: 38.1]
      [Update RS (ms): Min: 0.0, Avg: 0.0, Max: 0.0, Diff: 0.0, Sum: 0.0]
         [Processed Buffers: Min: 0, Avg: 0.2, Max: 3, Diff: 3, Sum: 3]
      [Scan RS (ms): Min: 0.0, Avg: 0.0, Max: 0.0, Diff: 0.0, Sum: 0.0]
      [Code Root Scanning (ms): Min: 0.0, Avg: 0.0, Max: 0.0, Diff: 0.0, Sum: 0.0]
      [Object Copy (ms): Min: 0.0, Avg: 0.1, Max: 0.3, Diff: 0.3, Sum: 1.0]
      [Termination (ms): Min: 0.0, Avg: 4.0, Max: 5.7, Diff: 5.7, Sum: 72.8]
         [Termination Attempts: Min: 1, Avg: 1.0, Max: 1, Diff: 0, Sum: 18]
      [GC Worker Other (ms): Min: 0.0, Avg: 0.0, Max: 0.0, Diff: 0.0, Sum: 0.1]
      [GC Worker Total (ms): Min: 5.9, Avg: 6.2, Max: 6.6, Diff: 0.7, Sum: 112.0]
      [GC Worker End (ms): Min: 2606.8, Avg: 2606.9, Max: 2607.0, Diff: 0.2]
   [Code Root Fixup: 0.0 ms]
   [Code Root Purge: 0.0 ms]
   [Clear CT: 1.1 ms]
   [Other: 4.6 ms]
      [Choose CSet: 0.0 ms]
      [Ref Proc: 3.8 ms]
      [Ref Enq: 0.0 ms]
      [Redirty Cards: 0.8 ms]
      [Humongous Register: 0.0 ms]
      [Humongous Reclaim: 0.0 ms]
      [Free CSet: 0.0 ms]
   [Eden: 8192.0K(8192.0K)->0.0B(6144.0K) Survivors: 2048.0K->2048.0K Heap: 46954.6K(65536.0K)->43554.6K(65536.0K)]
 [Times: user=0.11 sys=0.00, real=0.02 secs] 
2026-06-17T09:48:40.413+0800: 2.615: [GC concurrent-root-region-scan-start]
2026-06-17T09:48:40.414+0800: 2.615: [GC concurrent-root-region-scan-end, 0.0002616 secs]
2026-06-17T09:48:40.414+0800: 2.615: [GC concurrent-mark-start]
2026-06-17T09:48:40.414+0800: 2.615: [GC concurrent-mark-end, 0.0004399 secs]
2026-06-17T09:48:40.414+0800: 2.615: [GC remark 2026-06-17T09:48:40.415+0800: 2.616: [Finalize Marking, 0.0069264 secs] 2026-06-17T09:48:40.422+0800: 2.623: [GC ref-proc, 0.0007229 secs] 2026-06-17T09:48:40.423+0800: 2.625: [Unloading, 0.0023145 secs], 0.0128240 secs]
 [Times: user=0.09 sys=0.00, real=0.01 secs] 
2026-06-17T09:48:40.428+0800: 2.630: [GC cleanup 45574K->41478K(65536K), 0.0033700 secs]
 [Times: user=0.00 sys=0.01, real=0.01 secs] 
2026-06-17T09:48:40.433+0800: 2.634: [GC concurrent-cleanup-start]
2026-06-17T09:48:40.433+0800: 2.634: [GC concurrent-cleanup-end, 0.0000113 secs]
2026-06-17T09:48:40.433+0800: 2.634: [GC pause (G1 Evacuation Pause) (young), 0.0124502 secs]
   [Parallel Time: 7.6 ms, GC Workers: 18]
      [GC Worker Start (ms): Min: 2634.4, Avg: 2636.0, Max: 2641.5, Diff: 7.0]
      [Ext Root Scanning (ms): Min: 0.0, Avg: 0.0, Max: 0.2, Diff: 0.2, Sum: 0.5]
      [Update RS (ms): Min: 0.0, Avg: 0.0, Max: 0.0, Diff: 0.0, Sum: 0.0]
         [Processed Buffers: Min: 0, Avg: 0.2, Max: 1, Diff: 1, Sum: 3]
      [Scan RS (ms): Min: 0.0, Avg: 0.0, Max: 0.0, Diff: 0.0, Sum: 0.0]
      [Code Root Scanning (ms): Min: 0.0, Avg: 0.0, Max: 0.0, Diff: 0.0, Sum: 0.0]
      [Object Copy (ms): Min: 0.0, Avg: 0.0, Max: 0.1, Diff: 0.1, Sum: 0.3]
      [Termination (ms): Min: 0.0, Avg: 5.5, Max: 7.1, Diff: 7.1, Sum: 99.1]
         [Termination Attempts: Min: 1, Avg: 1.2, Max: 2, Diff: 1, Sum: 21]
      [GC Worker Other (ms): Min: 0.0, Avg: 0.0, Max: 0.0, Diff: 0.0, Sum: 0.1]
      [GC Worker Total (ms): Min: 0.0, Avg: 5.6, Max: 7.3, Diff: 7.3, Sum: 100.0]
      [GC Worker End (ms): Min: 2641.5, Avg: 2641.5, Max: 2641.7, Diff: 0.3]
   [Code Root Fixup: 0.0 ms]
   [Code Root Purge: 0.0 ms]
   [Clear CT: 1.3 ms]
   [Other: 3.6 ms]
      [Choose CSet: 0.0 ms]
      [Ref Proc: 2.8 ms]
      [Ref Enq: 0.0 ms]
      [Redirty Cards: 0.8 ms]
      [Humongous Register: 0.0 ms]
      [Humongous Reclaim: 0.0 ms]
      [Free CSet: 0.0 ms]
   [Eden: 6144.0K(6144.0K)->0.0B(2048.0K) Survivors: 2048.0K->1024.0K Heap: 45602.6K(65536.0K)->40024.6K(65536.0K)]
 [Times: user=0.13 sys=0.00, real=0.01 secs] 
2026-06-17T09:48:40.457+0800: 2.658: [GC pause (G1 Evacuation Pause) (mixed), 0.0116613 secs]
   [Parallel Time: 7.2 ms, GC Workers: 18]
      [GC Worker Start (ms): Min: 2658.3, Avg: 2660.0, Max: 2664.7, Diff: 6.4]
      [Ext Root Scanning (ms): Min: 0.0, Avg: 0.0, Max: 0.2, Diff: 0.2, Sum: 0.3]
      [Update RS (ms): Min: 0.0, Avg: 0.0, Max: 0.0, Diff: 0.0, Sum: 0.0]
         [Processed Buffers: Min: 0, Avg: 0.1, Max: 1, Diff: 1, Sum: 2]
      [Scan RS (ms): Min: 0.0, Avg: 0.0, Max: 0.0, Diff: 0.0, Sum: 0.0]
      [Code Root Scanning (ms): Min: 0.0, Avg: 0.0, Max: 0.0, Diff: 0.0, Sum: 0.0]
      [Object Copy (ms): Min: 0.0, Avg: 0.0, Max: 0.2, Diff: 0.2, Sum: 0.7]
      [Termination (ms): Min: 0.0, Avg: 4.7, Max: 6.2, Diff: 6.2, Sum: 84.5]
         [Termination Attempts: Min: 1, Avg: 1.0, Max: 1, Diff: 0, Sum: 18]
      [GC Worker Other (ms): Min: 0.0, Avg: 0.0, Max: 0.1, Diff: 0.1, Sum: 0.1]
      [GC Worker Total (ms): Min: 0.0, Avg: 4.8, Max: 6.5, Diff: 6.5, Sum: 85.8]
      [GC Worker End (ms): Min: 2664.7, Avg: 2664.8, Max: 2664.9, Diff: 0.2]
   [Code Root Fixup: 0.0 ms]
   [Code Root Purge: 0.0 ms]
   [Clear CT: 0.9 ms]
   [Other: 3.6 ms]
      [Choose CSet: 0.0 ms]
      [Ref Proc: 2.7 ms]
      [Ref Enq: 0.0 ms]
      [Redirty Cards: 0.9 ms]
      [Humongous Register: 0.0 ms]
      [Humongous Reclaim: 0.0 ms]
      [Free CSet: 0.0 ms]
   [Eden: 2048.0K(2048.0K)->0.0B(2048.0K) Survivors: 1024.0K->1024.0K Heap: 42072.6K(65536.0K)->37477.6K(65536.0K)]
 [Times: user=0.10 sys=0.00, real=0.01 secs] 
2026-06-17T09:48:40.470+0800: 2.671: [GC pause (G1 Evacuation Pause) (mixed), 0.0064680 secs]
   [Parallel Time: 3.2 ms, GC Workers: 18]
      [GC Worker Start (ms): Min: 2671.2, Avg: 2672.1, Max: 2673.8, Diff: 2.6]
      [Ext Root Scanning (ms): Min: 0.0, Avg: 0.0, Max: 0.1, Diff: 0.1, Sum: 0.2]
      [Update RS (ms): Min: 0.0, Avg: 0.0, Max: 0.0, Diff: 0.0, Sum: 0.0]
         [Processed Buffers: Min: 0, Avg: 0.2, Max: 3, Diff: 3, Sum: 4]
      [Scan RS (ms): Min: 0.0, Avg: 0.0, Max: 0.0, Diff: 0.0, Sum: 0.0]
      [Code Root Scanning (ms): Min: 0.0, Avg: 0.0, Max: 0.0, Diff: 0.0, Sum: 0.0]
      [Object Copy (ms): Min: 0.0, Avg: 0.1, Max: 0.3, Diff: 0.3, Sum: 1.0]
      [Termination (ms): Min: 0.0, Avg: 1.7, Max: 2.3, Diff: 2.3, Sum: 29.9]
         [Termination Attempts: Min: 1, Avg: 1.0, Max: 1, Diff: 0, Sum: 18]
      [GC Worker Other (ms): Min: 0.0, Avg: 0.0, Max: 0.0, Diff: 0.0, Sum: 0.1]
      [GC Worker Total (ms): Min: 0.0, Avg: 1.7, Max: 2.7, Diff: 2.7, Sum: 31.3]
      [GC Worker End (ms): Min: 2673.8, Avg: 2673.9, Max: 2674.0, Diff: 0.2]
   [Code Root Fixup: 0.0 ms]
   [Code Root Purge: 0.0 ms]
   [Clear CT: 0.6 ms]
   [Other: 2.7 ms]
      [Choose CSet: 0.0 ms]
      [Ref Proc: 2.1 ms]
      [Ref Enq: 0.0 ms]
      [Redirty Cards: 0.6 ms]
      [Humongous Register: 0.0 ms]
      [Humongous Reclaim: 0.0 ms]
      [Free CSet: 0.0 ms]
   [Eden: 2048.0K(2048.0K)->0.0B(9216.0K) Survivors: 1024.0K->1024.0K Heap: 39525.6K(65536.0K)->39372.6K(65536.0K)]
 [Times: user=0.05 sys=0.00, real=0.01 secs] 
2026-06-17T09:48:40.498+0800: 2.700: [GC pause (G1 Evacuation Pause) (young), 0.0128078 secs]
   [Parallel Time: 8.2 ms, GC Workers: 18]
      [GC Worker Start (ms): Min: 2699.9, Avg: 2701.5, Max: 2707.6, Diff: 7.7]
      [Ext Root Scanning (ms): Min: 0.0, Avg: 0.0, Max: 0.2, Diff: 0.2, Sum: 0.3]
      [Update RS (ms): Min: 0.0, Avg: 0.0, Max: 0.0, Diff: 0.0, Sum: 0.1]
         [Processed Buffers: Min: 0, Avg: 0.2, Max: 2, Diff: 2, Sum: 4]
      [Scan RS (ms): Min: 0.0, Avg: 0.0, Max: 0.0, Diff: 0.0, Sum: 0.0]
      [Code Root Scanning (ms): Min: 0.0, Avg: 0.0, Max: 0.0, Diff: 0.0, Sum: 0.0]
      [Object Copy (ms): Min: 0.0, Avg: 0.0, Max: 0.1, Diff: 0.1, Sum: 0.4]
      [Termination (ms): Min: 0.0, Avg: 6.1, Max: 7.5, Diff: 7.5, Sum: 109.9]
         [Termination Attempts: Min: 1, Avg: 1.0, Max: 1, Diff: 0, Sum: 18]
      [GC Worker Other (ms): Min: 0.0, Avg: 0.0, Max: 0.0, Diff: 0.0, Sum: 0.1]
      [GC Worker Total (ms): Min: 0.0, Avg: 6.2, Max: 7.8, Diff: 7.8, Sum: 110.8]
      [GC Worker End (ms): Min: 2707.6, Avg: 2707.6, Max: 2707.7, Diff: 0.2]
   [Code Root Fixup: 0.0 ms]
   [Code Root Purge: 0.0 ms]
   [Clear CT: 1.0 ms]
   [Other: 3.5 ms]
      [Choose CSet: 0.0 ms]
      [Ref Proc: 2.5 ms]
      [Ref Enq: 0.0 ms]
      [Redirty Cards: 1.0 ms]
      [Humongous Register: 0.0 ms]
      [Humongous Reclaim: 0.0 ms]
      [Free CSet: 0.0 ms]
   [Eden: 9216.0K(9216.0K)->0.0B(8192.0K) Survivors: 1024.0K->2048.0K Heap: 48588.6K(65536.0K)->41314.6K(65536.0K)]
 [Times: user=0.12 sys=0.01, real=0.02 secs] 
2026-06-17T09:48:40.523+0800: 2.724: [GC pause (G1 Humongous Allocation) (young) (initial-mark), 0.0148576 secs]
   [Parallel Time: 11.2 ms, GC Workers: 18]
      [GC Worker Start (ms): Min: 2724.2, Avg: 2724.6, Max: 2724.9, Diff: 0.6]
      [Ext Root Scanning (ms): Min: 0.0, Avg: 2.1, Max: 9.8, Diff: 9.8, Sum: 37.8]
      [Update RS (ms): Min: 0.0, Avg: 0.0, Max: 0.0, Diff: 0.0, Sum: 0.0]
         [Processed Buffers: Min: 0, Avg: 0.2, Max: 3, Diff: 3, Sum: 3]
      [Scan RS (ms): Min: 0.0, Avg: 0.0, Max: 0.0, Diff: 0.0, Sum: 0.0]
      [Code Root Scanning (ms): Min: 0.0, Avg: 0.0, Max: 0.0, Diff: 0.0, Sum: 0.0]
      [Object Copy (ms): Min: 0.0, Avg: 0.0, Max: 0.2, Diff: 0.2, Sum: 0.3]
      [Termination (ms): Min: 0.0, Avg: 7.9, Max: 9.6, Diff: 9.6, Sum: 142.6]
         [Termination Attempts: Min: 1, Avg: 1.0, Max: 1, Diff: 0, Sum: 18]
      [GC Worker Other (ms): Min: 0.0, Avg: 0.0, Max: 0.0, Diff: 0.0, Sum: 0.1]
      [GC Worker Total (ms): Min: 9.8, Avg: 10.0, Max: 10.4, Diff: 0.6, Sum: 180.8]
      [GC Worker End (ms): Min: 2734.6, Avg: 2734.7, Max: 2734.8, Diff: 0.2]
   [Code Root Fixup: 0.0 ms]
   [Code Root Purge: 0.0 ms]
   [Clear CT: 1.2 ms]
   [Other: 2.5 ms]
      [Choose CSet: 0.0 ms]
      [Ref Proc: 1.6 ms]
      [Ref Enq: 0.0 ms]
      [Redirty Cards: 0.8 ms]
      [Humongous Register: 0.0 ms]
      [Humongous Reclaim: 0.0 ms]
      [Free CSet: 0.0 ms]
   [Eden: 4096.0K(8192.0K)->0.0B(7168.0K) Survivors: 2048.0K->1024.0K Heap: 45235.5K(65536.0K)->42381.7K(65536.0K)]
 [Times: user=0.16 sys=0.00, real=0.01 secs] 
2026-06-17T09:48:40.539+0800: 2.740: [GC concurrent-root-region-scan-start]
2026-06-17T09:48:40.539+0800: 2.740: [GC concurrent-root-region-scan-end, 0.0002637 secs]
2026-06-17T09:48:40.539+0800: 2.740: [GC concurrent-mark-start]
2026-06-17T09:48:40.540+0800: 2.741: [GC concurrent-mark-end, 0.0005224 secs]
2026-06-17T09:48:40.540+0800: 2.741: [GC remark 2026-06-17T09:48:40.540+0800: 2.742: [Finalize Marking, 0.0027803 secs] 2026-06-17T09:48:40.544+0800: 2.745: [GC ref-proc, 0.0006576 secs] 2026-06-17T09:48:40.545+0800: 2.746: [Unloading, 0.0018354 secs], 0.0080274 secs]
 [Times: user=0.02 sys=0.00, real=0.01 secs] 
2026-06-17T09:48:40.549+0800: 2.750: [GC cleanup 43697K->40625K(65536K), 0.0033422 secs]
 [Times: user=0.00 sys=0.00, real=0.01 secs] 
2026-06-17T09:48:40.553+0800: 2.755: [GC concurrent-cleanup-start]
2026-06-17T09:48:40.553+0800: 2.755: [GC concurrent-cleanup-end, 0.0000189 secs]
2026-06-17T09:48:40.564+0800: 2.765: [GC pause (G1 Evacuation Pause) (young), 0.0113244 secs]
   [Parallel Time: 7.7 ms, GC Workers: 18]
      [GC Worker Start (ms): Min: 2765.6, Avg: 2767.1, Max: 2772.6, Diff: 7.1]
      [Ext Root Scanning (ms): Min: 0.0, Avg: 0.0, Max: 0.2, Diff: 0.2, Sum: 0.3]
      [Update RS (ms): Min: 0.0, Avg: 0.0, Max: 0.0, Diff: 0.0, Sum: 0.0]
         [Processed Buffers: Min: 0, Avg: 0.2, Max: 2, Diff: 2, Sum: 3]
      [Scan RS (ms): Min: 0.0, Avg: 0.0, Max: 0.0, Diff: 0.0, Sum: 0.0]
      [Code Root Scanning (ms): Min: 0.0, Avg: 0.0, Max: 0.0, Diff: 0.0, Sum: 0.0]
      [Object Copy (ms): Min: 0.0, Avg: 0.0, Max: 0.0, Diff: 0.0, Sum: 0.1]
      [Termination (ms): Min: 0.0, Avg: 5.5, Max: 7.0, Diff: 7.0, Sum: 99.8]
         [Termination Attempts: Min: 1, Avg: 1.0, Max: 1, Diff: 0, Sum: 18]
      [GC Worker Other (ms): Min: 0.0, Avg: 0.0, Max: 0.0, Diff: 0.0, Sum: 0.1]
      [GC Worker Total (ms): Min: 0.0, Avg: 5.6, Max: 7.2, Diff: 7.2, Sum: 100.4]
      [GC Worker End (ms): Min: 2772.7, Avg: 2772.7, Max: 2772.8, Diff: 0.2]
   [Code Root Fixup: 0.0 ms]
   [Code Root Purge: 0.0 ms]
   [Clear CT: 0.9 ms]
   [Other: 2.7 ms]
      [Choose CSet: 0.0 ms]
      [Ref Proc: 1.8 ms]
      [Ref Enq: 0.0 ms]
      [Redirty Cards: 0.8 ms]
      [Humongous Register: 0.0 ms]
      [Humongous Reclaim: 0.0 ms]
      [Free CSet: 0.0 ms]
   [Eden: 7168.0K(7168.0K)->0.0B(2048.0K) Survivors: 1024.0K->1024.0K Heap: 47793.7K(65536.0K)->40718.7K(65536.0K)]
 [Times: user=0.11 sys=0.00, real=0.01 secs] 
2026-06-17T09:48:40.587+0800: 2.788: [GC pause (G1 Evacuation Pause) (mixed), 0.0120647 secs]
   [Parallel Time: 7.7 ms, GC Workers: 18]
      [GC Worker Start (ms): Min: 2788.4, Avg: 2790.0, Max: 2795.5, Diff: 7.1]
      [Ext Root Scanning (ms): Min: 0.0, Avg: 0.0, Max: 0.1, Diff: 0.1, Sum: 0.2]
      [Update RS (ms): Min: 0.0, Avg: 0.0, Max: 0.0, Diff: 0.0, Sum: 0.0]
         [Processed Buffers: Min: 0, Avg: 0.2, Max: 2, Diff: 2, Sum: 3]
      [Scan RS (ms): Min: 0.0, Avg: 0.0, Max: 0.0, Diff: 0.0, Sum: 0.0]
      [Code Root Scanning (ms): Min: 0.0, Avg: 0.0, Max: 0.0, Diff: 0.0, Sum: 0.0]
      [Object Copy (ms): Min: 0.0, Avg: 0.0, Max: 0.3, Diff: 0.3, Sum: 0.6]
      [Termination (ms): Min: 0.0, Avg: 5.5, Max: 6.8, Diff: 6.8, Sum: 99.5]
         [Termination Attempts: Min: 1, Avg: 1.0, Max: 1, Diff: 0, Sum: 18]
      [GC Worker Other (ms): Min: 0.0, Avg: 0.0, Max: 0.0, Diff: 0.0, Sum: 0.1]
      [GC Worker Total (ms): Min: 0.0, Avg: 5.6, Max: 7.1, Diff: 7.1, Sum: 100.4]
      [GC Worker End (ms): Min: 2795.5, Avg: 2795.5, Max: 2795.7, Diff: 0.2]
   [Code Root Fixup: 0.0 ms]
   [Code Root Purge: 0.0 ms]
   [Clear CT: 0.8 ms]
   [Other: 3.6 ms]
      [Choose CSet: 0.0 ms]
      [Ref Proc: 2.6 ms]
      [Ref Enq: 0.0 ms]
      [Redirty Cards: 0.9 ms]
      [Humongous Register: 0.0 ms]
      [Humongous Reclaim: 0.0 ms]
      [Free CSet: 0.0 ms]
   [Eden: 2048.0K(2048.0K)->0.0B(2048.0K) Survivors: 1024.0K->1024.0K Heap: 42766.7K(65536.0K)->38830.6K(65536.0K)]
 [Times: user=0.13 sys=0.01, real=0.01 secs] 
2026-06-17T09:48:40.601+0800: 2.802: [GC pause (G1 Evacuation Pause) (mixed), 0.0098693 secs]
   [Parallel Time: 2.7 ms, GC Workers: 18]
      [GC Worker Start (ms): Min: 2801.9, Avg: 2803.0, Max: 2803.8, Diff: 1.9]
      [Ext Root Scanning (ms): Min: 0.0, Avg: 0.0, Max: 0.2, Diff: 0.2, Sum: 0.3]
      [Update RS (ms): Min: 0.0, Avg: 0.0, Max: 0.0, Diff: 0.0, Sum: 0.0]
         [Processed Buffers: Min: 0, Avg: 0.3, Max: 3, Diff: 3, Sum: 5]
      [Scan RS (ms): Min: 0.0, Avg: 0.0, Max: 0.0, Diff: 0.0, Sum: 0.0]
      [Code Root Scanning (ms): Min: 0.0, Avg: 0.0, Max: 0.0, Diff: 0.0, Sum: 0.0]
      [Object Copy (ms): Min: 0.0, Avg: 0.1, Max: 0.3, Diff: 0.3, Sum: 1.0]
      [Termination (ms): Min: 0.0, Avg: 0.8, Max: 1.5, Diff: 1.5, Sum: 14.3]
         [Termination Attempts: Min: 1, Avg: 1.0, Max: 1, Diff: 0, Sum: 18]
      [GC Worker Other (ms): Min: 0.0, Avg: 0.0, Max: 0.0, Diff: 0.0, Sum: 0.1]
      [GC Worker Total (ms): Min: 0.0, Avg: 0.9, Max: 2.0, Diff: 1.9, Sum: 15.8]
      [GC Worker End (ms): Min: 2803.8, Avg: 2803.8, Max: 2803.9, Diff: 0.2]
   [Code Root Fixup: 0.0 ms]
   [Code Root Purge: 0.0 ms]
   [Clear CT: 1.5 ms]
   [Other: 5.7 ms]
      [Choose CSet: 0.0 ms]
      [Ref Proc: 4.2 ms]
      [Ref Enq: 0.0 ms]
      [Redirty Cards: 1.3 ms]
      [Humongous Register: 0.0 ms]
      [Humongous Reclaim: 0.0 ms]
      [Free CSet: 0.0 ms]
   [Eden: 2048.0K(2048.0K)->0.0B(2048.0K) Survivors: 1024.0K->1024.0K Heap: 40878.6K(65536.0K)->37363.6K(65536.0K)]
 [Times: user=0.06 sys=0.00, real=0.02 secs] 
2026-06-17T09:48:40.622+0800: 2.823: [GC pause (G1 Evacuation Pause) (mixed), 0.0128941 secs]
   [Parallel Time: 8.4 ms, GC Workers: 18]
      [GC Worker Start (ms): Min: 2823.6, Avg: 2825.0, Max: 2831.1, Diff: 7.5]
      [Ext Root Scanning (ms): Min: 0.0, Avg: 0.0, Max: 0.2, Diff: 0.2, Sum: 0.5]
      [Update RS (ms): Min: 0.0, Avg: 0.0, Max: 0.0, Diff: 0.0, Sum: 0.1]
         [Processed Buffers: Min: 0, Avg: 0.3, Max: 2, Diff: 2, Sum: 5]
      [Scan RS (ms): Min: 0.0, Avg: 0.0, Max: 0.0, Diff: 0.0, Sum: 0.1]
      [Code Root Scanning (ms): Min: 0.0, Avg: 0.0, Max: 0.0, Diff: 0.0, Sum: 0.0]
      [Object Copy (ms): Min: 0.0, Avg: 0.1, Max: 0.2, Diff: 0.2, Sum: 1.3]
      [Termination (ms): Min: 0.0, Avg: 6.0, Max: 7.2, Diff: 7.2, Sum: 108.4]
         [Termination Attempts: Min: 1, Avg: 1.0, Max: 1, Diff: 0, Sum: 18]
      [GC Worker Other (ms): Min: 0.0, Avg: 0.0, Max: 0.0, Diff: 0.0, Sum: 0.1]
      [GC Worker Total (ms): Min: 0.0, Avg: 6.1, Max: 7.6, Diff: 7.6, Sum: 110.4]
      [GC Worker End (ms): Min: 2831.1, Avg: 2831.1, Max: 2831.2, Diff: 0.2]
   [Code Root Fixup: 0.0 ms]
   [Code Root Purge: 0.0 ms]
   [Clear CT: 0.9 ms]
   [Other: 3.7 ms]
      [Choose CSet: 0.0 ms]
      [Ref Proc: 2.7 ms]
      [Ref Enq: 0.0 ms]
      [Redirty Cards: 0.9 ms]
      [Humongous Register: 0.0 ms]
      [Humongous Reclaim: 0.0 ms]
      [Free CSet: 0.0 ms]
   [Eden: 2048.0K(2048.0K)->0.0B(2048.0K) Survivors: 1024.0K->1024.0K Heap: 39411.6K(65536.0K)->36551.6K(65536.0K)]
 [Times: user=0.13 sys=0.00, real=0.02 secs] 
2026-06-17T09:48:40.636+0800: 2.838: [GC pause (G1 Evacuation Pause) (mixed), 0.0058037 secs]
   [Parallel Time: 1.8 ms, GC Workers: 18]
      [GC Worker Start (ms): Min: 2837.8, Avg: 2838.5, Max: 2839.4, Diff: 1.6]
      [Ext Root Scanning (ms): Min: 0.0, Avg: 0.0, Max: 0.2, Diff: 0.2, Sum: 0.6]
      [Update RS (ms): Min: 0.0, Avg: 0.0, Max: 0.0, Diff: 0.0, Sum: 0.1]
         [Processed Buffers: Min: 0, Avg: 0.3, Max: 2, Diff: 2, Sum: 6]
      [Scan RS (ms): Min: 0.0, Avg: 0.0, Max: 0.1, Diff: 0.1, Sum: 0.1]
      [Code Root Scanning (ms): Min: 0.0, Avg: 0.0, Max: 0.0, Diff: 0.0, Sum: 0.0]
      [Object Copy (ms): Min: 0.0, Avg: 0.0, Max: 0.1, Diff: 0.1, Sum: 0.7]
      [Termination (ms): Min: 0.0, Avg: 0.8, Max: 1.3, Diff: 1.3, Sum: 14.8]
         [Termination Attempts: Min: 1, Avg: 1.0, Max: 1, Diff: 0, Sum: 18]
      [GC Worker Other (ms): Min: 0.0, Avg: 0.0, Max: 0.0, Diff: 0.0, Sum: 0.1]
      [GC Worker Total (ms): Min: 0.0, Avg: 0.9, Max: 1.6, Diff: 1.6, Sum: 16.3]
      [GC Worker End (ms): Min: 2839.4, Avg: 2839.4, Max: 2839.5, Diff: 0.1]
   [Code Root Fixup: 0.0 ms]
   [Code Root Purge: 0.0 ms]
   [Clear CT: 0.7 ms]
   [Other: 3.3 ms]
      [Choose CSet: 0.0 ms]
      [Ref Proc: 2.7 ms]
      [Ref Enq: 0.0 ms]
      [Redirty Cards: 0.6 ms]
      [Humongous Register: 0.0 ms]
      [Humongous Reclaim: 0.0 ms]
      [Free CSet: 0.0 ms]
   [Eden: 2048.0K(2048.0K)->0.0B(11264.0K) Survivors: 1024.0K->1024.0K Heap: 38599.6K(65536.0K)->36561.6K(65536.0K)]
 [Times: user=0.04 sys=0.01, real=0.01 secs] 
2026-06-17T09:48:40.675+0800: 2.876: [GC pause (G1 Evacuation Pause) (young), 0.0145358 secs]
   [Parallel Time: 9.6 ms, GC Workers: 18]
      [GC Worker Start (ms): Min: 2875.9, Avg: 2878.4, Max: 2885.0, Diff: 9.0]
      [Ext Root Scanning (ms): Min: 0.0, Avg: 0.0, Max: 0.2, Diff: 0.2, Sum: 0.4]
      [Update RS (ms): Min: 0.0, Avg: 0.0, Max: 0.1, Diff: 0.1, Sum: 0.2]
         [Processed Buffers: Min: 0, Avg: 0.4, Max: 4, Diff: 4, Sum: 8]
      [Scan RS (ms): Min: 0.0, Avg: 0.0, Max: 0.0, Diff: 0.0, Sum: 0.0]
      [Code Root Scanning (ms): Min: 0.0, Avg: 0.0, Max: 0.0, Diff: 0.0, Sum: 0.0]
      [Object Copy (ms): Min: 0.0, Avg: 0.0, Max: 0.2, Diff: 0.2, Sum: 0.7]
      [Termination (ms): Min: 0.0, Avg: 6.6, Max: 8.7, Diff: 8.7, Sum: 117.9]
         [Termination Attempts: Min: 1, Avg: 1.0, Max: 1, Diff: 0, Sum: 18]
      [GC Worker Other (ms): Min: 0.0, Avg: 0.0, Max: 0.0, Diff: 0.0, Sum: 0.1]
      [GC Worker Total (ms): Min: 0.0, Avg: 6.6, Max: 9.1, Diff: 9.1, Sum: 119.4]
      [GC Worker End (ms): Min: 2885.0, Avg: 2885.0, Max: 2885.1, Diff: 0.2]
   [Code Root Fixup: 0.0 ms]
   [Code Root Purge: 0.0 ms]
   [Clear CT: 1.3 ms]
   [Other: 3.7 ms]
      [Choose CSet: 0.0 ms]
      [Ref Proc: 2.3 ms]
      [Ref Enq: 0.0 ms]
      [Redirty Cards: 1.3 ms]
      [Humongous Register: 0.0 ms]
      [Humongous Reclaim: 0.0 ms]
      [Free CSet: 0.0 ms]
   [Eden: 11264.0K(11264.0K)->0.0B(7168.0K) Survivors: 1024.0K->2048.0K Heap: 47825.6K(65536.0K)->41668.6K(65536.0K)]
 [Times: user=0.14 sys=0.00, real=0.01 secs] 
2026-06-17T09:48:40.701+0800: 2.902: [GC pause (G1 Evacuation Pause) (young) (initial-mark), 0.0138998 secs]
   [Parallel Time: 10.1 ms, GC Workers: 18]
      [GC Worker Start (ms): Min: 2902.5, Avg: 2903.0, Max: 2903.4, Diff: 0.9]
      [Ext Root Scanning (ms): Min: 0.0, Avg: 2.9, Max: 8.5, Diff: 8.5, Sum: 52.3]
      [Update RS (ms): Min: 0.0, Avg: 0.0, Max: 0.0, Diff: 0.0, Sum: 0.0]
         [Processed Buffers: Min: 0, Avg: 0.2, Max: 3, Diff: 3, Sum: 3]
      [Scan RS (ms): Min: 0.0, Avg: 0.0, Max: 0.0, Diff: 0.0, Sum: 0.0]
      [Code Root Scanning (ms): Min: 0.0, Avg: 0.0, Max: 0.0, Diff: 0.0, Sum: 0.0]
      [Object Copy (ms): Min: 0.0, Avg: 0.0, Max: 0.2, Diff: 0.2, Sum: 0.5]
      [Termination (ms): Min: 0.0, Avg: 5.9, Max: 8.2, Diff: 8.2, Sum: 106.2]
         [Termination Attempts: Min: 1, Avg: 1.2, Max: 2, Diff: 1, Sum: 21]
      [GC Worker Other (ms): Min: 0.0, Avg: 0.0, Max: 0.0, Diff: 0.0, Sum: 0.1]
      [GC Worker Total (ms): Min: 8.4, Avg: 8.8, Max: 9.4, Diff: 1.0, Sum: 159.1]
      [GC Worker End (ms): Min: 2911.7, Avg: 2911.8, Max: 2911.9, Diff: 0.2]
   [Code Root Fixup: 0.0 ms]
   [Code Root Purge: 0.0 ms]
   [Clear CT: 1.0 ms]
   [Other: 2.8 ms]
      [Choose CSet: 0.0 ms]
      [Ref Proc: 1.9 ms]
      [Ref Enq: 0.0 ms]
      [Redirty Cards: 0.8 ms]
      [Humongous Register: 0.0 ms]
      [Humongous Reclaim: 0.0 ms]
      [Free CSet: 0.0 ms]
   [Eden: 7168.0K(7168.0K)->0.0B(6144.0K) Survivors: 2048.0K->2048.0K Heap: 48836.6K(65536.0K)->42541.7K(65536.0K)]
 [Times: user=0.12 sys=0.00, real=0.02 secs] 
2026-06-17T09:48:40.716+0800: 2.918: [GC concurrent-root-region-scan-start]
2026-06-17T09:48:40.717+0800: 2.918: [GC concurrent-root-region-scan-end, 0.0002726 secs]
2026-06-17T09:48:40.717+0800: 2.918: [GC concurrent-mark-start]
2026-06-17T09:48:40.717+0800: 2.919: [GC concurrent-mark-end, 0.0006821 secs]
2026-06-17T09:48:40.717+0800: 2.919: [GC remark 2026-06-17T09:48:40.718+0800: 2.919: [Finalize Marking, 0.0046575 secs] 2026-06-17T09:48:40.723+0800: 2.924: [GC ref-proc, 0.0006331 secs] 2026-06-17T09:48:40.724+0800: 2.926: [Unloading, 0.0019373 secs], 0.0103686 secs]
 [Times: user=0.05 sys=0.00, real=0.01 secs] 
2026-06-17T09:48:40.729+0800: 2.930: [GC cleanup 43562K->40490K(65536K), 0.0037104 secs]
 [Times: user=0.00 sys=0.00, real=0.01 secs] 
2026-06-17T09:48:40.734+0800: 2.935: [GC concurrent-cleanup-start]
2026-06-17T09:48:40.734+0800: 2.935: [GC concurrent-cleanup-end, 0.0000092 secs]
2026-06-17T09:48:40.745+0800: 2.946: [GC pause (G1 Evacuation Pause) (young), 0.0104350 secs]
   [Parallel Time: 6.2 ms, GC Workers: 18]
      [GC Worker Start (ms): Min: 2946.0, Avg: 2947.3, Max: 2951.2, Diff: 5.3]
      [Ext Root Scanning (ms): Min: 0.0, Avg: 0.0, Max: 0.2, Diff: 0.2, Sum: 0.5]
      [Update RS (ms): Min: 0.0, Avg: 0.0, Max: 0.0, Diff: 0.0, Sum: 0.0]
         [Processed Buffers: Min: 0, Avg: 0.2, Max: 1, Diff: 1, Sum: 3]
      [Scan RS (ms): Min: 0.0, Avg: 0.0, Max: 0.0, Diff: 0.0, Sum: 0.0]
      [Code Root Scanning (ms): Min: 0.0, Avg: 0.0, Max: 0.0, Diff: 0.0, Sum: 0.0]
      [Object Copy (ms): Min: 0.0, Avg: 0.0, Max: 0.1, Diff: 0.1, Sum: 0.5]
      [Termination (ms): Min: 0.0, Avg: 3.9, Max: 5.0, Diff: 5.0, Sum: 70.1]
         [Termination Attempts: Min: 1, Avg: 1.0, Max: 1, Diff: 0, Sum: 18]
      [GC Worker Other (ms): Min: 0.0, Avg: 0.0, Max: 0.0, Diff: 0.0, Sum: 0.1]
      [GC Worker Total (ms): Min: 0.0, Avg: 4.0, Max: 5.3, Diff: 5.3, Sum: 71.3]
      [GC Worker End (ms): Min: 2951.3, Avg: 2951.3, Max: 2951.4, Diff: 0.1]
   [Code Root Fixup: 0.0 ms]
   [Code Root Purge: 0.0 ms]
   [Clear CT: 0.7 ms]
   [Other: 3.5 ms]
      [Choose CSet: 0.0 ms]
      [Ref Proc: 2.9 ms]
      [Ref Enq: 0.0 ms]
      [Redirty Cards: 0.5 ms]
      [Humongous Register: 0.0 ms]
      [Humongous Reclaim: 0.0 ms]
      [Free CSet: 0.0 ms]
   [Eden: 6144.0K(6144.0K)->0.0B(2048.0K) Survivors: 2048.0K->1024.0K Heap: 45613.7K(65536.0K)->42522.6K(65536.0K)]
 [Times: user=0.10 sys=0.00, real=0.01 secs] 
2026-06-17T09:48:40.767+0800: 2.968: [GC pause (G1 Evacuation Pause) (mixed), 0.0119157 secs]
   [Parallel Time: 8.0 ms, GC Workers: 18]
      [GC Worker Start (ms): Min: 2968.0, Avg: 2969.7, Max: 2975.7, Diff: 7.7]
      [Ext Root Scanning (ms): Min: 0.0, Avg: 0.0, Max: 0.1, Diff: 0.1, Sum: 0.2]
      [Update RS (ms): Min: 0.0, Avg: 0.0, Max: 0.0, Diff: 0.0, Sum: 0.0]
         [Processed Buffers: Min: 0, Avg: 0.1, Max: 1, Diff: 1, Sum: 2]
      [Scan RS (ms): Min: 0.0, Avg: 0.0, Max: 0.0, Diff: 0.0, Sum: 0.0]
      [Code Root Scanning (ms): Min: 0.0, Avg: 0.0, Max: 0.0, Diff: 0.0, Sum: 0.0]
      [Object Copy (ms): Min: 0.0, Avg: 0.0, Max: 0.2, Diff: 0.2, Sum: 0.7]
      [Termination (ms): Min: 0.0, Avg: 6.0, Max: 7.5, Diff: 7.5, Sum: 108.7]
         [Termination Attempts: Min: 1, Avg: 1.0, Max: 1, Diff: 0, Sum: 18]
      [GC Worker Other (ms): Min: 0.0, Avg: 0.0, Max: 0.0, Diff: 0.0, Sum: 0.1]
      [GC Worker Total (ms): Min: 0.0, Avg: 6.1, Max: 7.8, Diff: 7.8, Sum: 109.7]
      [GC Worker End (ms): Min: 2975.7, Avg: 2975.7, Max: 2975.8, Diff: 0.2]
   [Code Root Fixup: 0.0 ms]
   [Code Root Purge: 0.0 ms]
   [Clear CT: 0.9 ms]
   [Other: 3.1 ms]
      [Choose CSet: 0.0 ms]
      [Ref Proc: 2.2 ms]
      [Ref Enq: 0.0 ms]
      [Redirty Cards: 0.8 ms]
      [Humongous Register: 0.0 ms]
      [Humongous Reclaim: 0.0 ms]
      [Free CSet: 0.0 ms]
   [Eden: 2048.0K(2048.0K)->0.0B(2048.0K) Survivors: 1024.0K->1024.0K Heap: 44570.6K(65536.0K)->39432.4K(65536.0K)]
 [Times: user=0.12 sys=0.01, real=0.01 secs] 
2026-06-17T09:48:40.780+0800: 2.981: [GC pause (G1 Evacuation Pause) (mixed), 0.0066147 secs]
   [Parallel Time: 2.9 ms, GC Workers: 18]
      [GC Worker Start (ms): Min: 2981.2, Avg: 2982.2, Max: 2983.3, Diff: 2.2]
      [Ext Root Scanning (ms): Min: 0.0, Avg: 0.0, Max: 0.1, Diff: 0.1, Sum: 0.2]
      [Update RS (ms): Min: 0.0, Avg: 0.0, Max: 0.0, Diff: 0.0, Sum: 0.0]
         [Processed Buffers: Min: 0, Avg: 0.3, Max: 3, Diff: 3, Sum: 5]
      [Scan RS (ms): Min: 0.0, Avg: 0.0, Max: 0.0, Diff: 0.0, Sum: 0.0]
      [Code Root Scanning (ms): Min: 0.0, Avg: 0.0, Max: 0.0, Diff: 0.0, Sum: 0.0]
      [Object Copy (ms): Min: 0.0, Avg: 0.1, Max: 0.4, Diff: 0.4, Sum: 1.3]
      [Termination (ms): Min: 0.0, Avg: 1.2, Max: 1.9, Diff: 1.9, Sum: 20.8]
         [Termination Attempts: Min: 1, Avg: 1.0, Max: 1, Diff: 0, Sum: 18]
      [GC Worker Other (ms): Min: 0.0, Avg: 0.0, Max: 0.0, Diff: 0.0, Sum: 0.1]
      [GC Worker Total (ms): Min: 0.0, Avg: 1.2, Max: 2.4, Diff: 2.4, Sum: 22.3]
      [GC Worker End (ms): Min: 2983.3, Avg: 2983.4, Max: 2983.6, Diff: 0.2]
   [Code Root Fixup: 0.0 ms]
   [Code Root Purge: 0.0 ms]
   [Clear CT: 1.1 ms]
   [Other: 2.6 ms]
      [Choose CSet: 0.0 ms]
      [Ref Proc: 1.8 ms]
      [Ref Enq: 0.0 ms]
      [Redirty Cards: 0.8 ms]
      [Humongous Register: 0.0 ms]
      [Humongous Reclaim: 0.0 ms]
      [Free CSet: 0.0 ms]
   [Eden: 2048.0K(2048.0K)->0.0B(2048.0K) Survivors: 1024.0K->1024.0K Heap: 41480.4K(65536.0K)->40921.6K(65536.0K)]
 [Times: user=0.04 sys=0.00, real=0.01 secs] 
2026-06-17T09:48:40.788+0800: 2.989: [GC pause (G1 Evacuation Pause) (mixed), 0.0100704 secs]
   [Parallel Time: 4.9 ms, GC Workers: 18]
      [GC Worker Start (ms): Min: 2989.0, Avg: 2990.0, Max: 2993.3, Diff: 4.3]
      [Ext Root Scanning (ms): Min: 0.0, Avg: 0.0, Max: 0.2, Diff: 0.2, Sum: 0.3]
      [Update RS (ms): Min: 0.0, Avg: 0.0, Max: 0.0, Diff: 0.0, Sum: 0.0]
         [Processed Buffers: Min: 0, Avg: 0.3, Max: 2, Diff: 2, Sum: 5]
      [Scan RS (ms): Min: 0.0, Avg: 0.0, Max: 0.0, Diff: 0.0, Sum: 0.1]
      [Code Root Scanning (ms): Min: 0.0, Avg: 0.0, Max: 0.0, Diff: 0.0, Sum: 0.0]
      [Object Copy (ms): Min: 0.0, Avg: 0.0, Max: 0.2, Diff: 0.2, Sum: 0.6]
      [Termination (ms): Min: 0.0, Avg: 3.4, Max: 4.1, Diff: 4.1, Sum: 60.8]
         [Termination Attempts: Min: 1, Avg: 1.0, Max: 1, Diff: 0, Sum: 18]
      [GC Worker Other (ms): Min: 0.0, Avg: 0.0, Max: 0.0, Diff: 0.0, Sum: 0.1]
      [GC Worker Total (ms): Min: 0.0, Avg: 3.4, Max: 4.4, Diff: 4.4, Sum: 62.0]
      [GC Worker End (ms): Min: 2993.3, Avg: 2993.4, Max: 2993.5, Diff: 0.2]
   [Code Root Fixup: 0.0 ms]
   [Code Root Purge: 0.0 ms]
   [Clear CT: 2.0 ms]
   [Other: 3.2 ms]
      [Choose CSet: 0.0 ms]
      [Ref Proc: 2.3 ms]
      [Ref Enq: 0.0 ms]
      [Redirty Cards: 0.8 ms]
      [Humongous Register: 0.0 ms]
      [Humongous Reclaim: 0.0 ms]
      [Free CSet: 0.0 ms]
   [Eden: 2048.0K(2048.0K)->0.0B(8192.0K) Survivors: 1024.0K->1024.0K Heap: 42969.6K(65536.0K)->40636.6K(65536.0K)]
 [Times: user=0.08 sys=0.00, real=0.01 secs] 
2026-06-17T09:48:40.830+0800: 3.031: [GC pause (G1 Evacuation Pause) (young), 0.0105093 secs]
   [Parallel Time: 5.9 ms, GC Workers: 18]
      [GC Worker Start (ms): Min: 3031.4, Avg: 3032.5, Max: 3037.0, Diff: 5.6]
      [Ext Root Scanning (ms): Min: 0.0, Avg: 0.0, Max: 0.2, Diff: 0.2, Sum: 0.4]
      [Update RS (ms): Min: 0.0, Avg: 0.0, Max: 0.2, Diff: 0.2, Sum: 0.4]
         [Processed Buffers: Min: 0, Avg: 0.3, Max: 2, Diff: 2, Sum: 5]
      [Scan RS (ms): Min: 0.0, Avg: 0.0, Max: 0.0, Diff: 0.0, Sum: 0.0]
      [Code Root Scanning (ms): Min: 0.0, Avg: 0.0, Max: 0.0, Diff: 0.0, Sum: 0.0]
      [Object Copy (ms): Min: 0.0, Avg: 0.0, Max: 0.1, Diff: 0.1, Sum: 0.4]
      [Termination (ms): Min: 0.0, Avg: 4.5, Max: 5.4, Diff: 5.4, Sum: 81.2]
         [Termination Attempts: Min: 1, Avg: 1.0, Max: 1, Diff: 0, Sum: 18]
      [GC Worker Other (ms): Min: 0.0, Avg: 0.0, Max: 0.0, Diff: 0.0, Sum: 0.1]
      [GC Worker Total (ms): Min: 0.0, Avg: 4.6, Max: 5.8, Diff: 5.8, Sum: 82.4]
      [GC Worker End (ms): Min: 3037.0, Avg: 3037.1, Max: 3037.2, Diff: 0.2]
   [Code Root Fixup: 0.0 ms]
   [Code Root Purge: 0.0 ms]
   [Clear CT: 1.5 ms]
   [Other: 3.1 ms]
      [Choose CSet: 0.0 ms]
      [Ref Proc: 1.9 ms]
      [Ref Enq: 0.0 ms]
      [Redirty Cards: 1.1 ms]
      [Humongous Register: 0.0 ms]
      [Humongous Reclaim: 0.0 ms]
      [Free CSet: 0.0 ms]
   [Eden: 8192.0K(8192.0K)->0.0B(8192.0K) Survivors: 1024.0K->2048.0K Heap: 48828.6K(65536.0K)->41988.1K(65536.0K)]
 [Times: user=0.10 sys=0.00, real=0.01 secs] 
2026-06-17T09:48:40.863+0800: 3.064: [GC pause (G1 Evacuation Pause) (young) (initial-mark), 0.0076795 secs]
   [Parallel Time: 3.6 ms, GC Workers: 18]
      [GC Worker Start (ms): Min: 3063.9, Avg: 3064.5, Max: 3064.9, Diff: 1.0]
      [Ext Root Scanning (ms): Min: 0.0, Avg: 1.4, Max: 1.9, Diff: 1.9, Sum: 25.6]
      [Update RS (ms): Min: 0.0, Avg: 0.0, Max: 0.0, Diff: 0.0, Sum: 0.0]
         [Processed Buffers: Min: 0, Avg: 0.2, Max: 4, Diff: 4, Sum: 4]
      [Scan RS (ms): Min: 0.0, Avg: 0.0, Max: 0.0, Diff: 0.0, Sum: 0.0]
      [Code Root Scanning (ms): Min: 0.0, Avg: 0.0, Max: 0.0, Diff: 0.0, Sum: 0.0]
      [Object Copy (ms): Min: 0.0, Avg: 0.0, Max: 0.2, Diff: 0.2, Sum: 0.4]
      [Termination (ms): Min: 0.0, Avg: 0.8, Max: 1.6, Diff: 1.6, Sum: 15.0]
         [Termination Attempts: Min: 1, Avg: 1.0, Max: 1, Diff: 0, Sum: 18]
      [GC Worker Other (ms): Min: 0.0, Avg: 0.0, Max: 0.0, Diff: 0.0, Sum: 0.1]
      [GC Worker Total (ms): Min: 1.8, Avg: 2.3, Max: 2.8, Diff: 1.0, Sum: 41.1]
      [GC Worker End (ms): Min: 3066.7, Avg: 3066.8, Max: 3066.9, Diff: 0.2]
   [Code Root Fixup: 0.0 ms]
   [Code Root Purge: 0.0 ms]
   [Clear CT: 1.0 ms]
   [Other: 3.1 ms]
      [Choose CSet: 0.0 ms]
      [Ref Proc: 2.1 ms]
      [Ref Enq: 0.0 ms]
      [Redirty Cards: 0.9 ms]
      [Humongous Register: 0.0 ms]
      [Humongous Reclaim: 0.0 ms]
      [Free CSet: 0.0 ms]
   [Eden: 8192.0K(8192.0K)->0.0B(7168.0K) Survivors: 2048.0K->2048.0K Heap: 50180.1K(65536.0K)->42827.8K(65536.0K)]
 [Times: user=0.03 sys=0.00, real=0.01 secs] 
2026-06-17T09:48:40.871+0800: 3.073: [GC concurrent-root-region-scan-start]
2026-06-17T09:48:40.872+0800: 3.073: [GC concurrent-root-region-scan-end, 0.0004323 secs]
2026-06-17T09:48:40.872+0800: 3.073: [GC concurrent-mark-start]
2026-06-17T09:48:40.872+0800: 3.074: [GC concurrent-mark-end, 0.0006305 secs]
2026-06-17T09:48:40.873+0800: 3.074: [GC remark 2026-06-17T09:48:40.873+0800: 3.074: [Finalize Marking, 0.0069259 secs] 2026-06-17T09:48:40.881+0800: 3.082: [GC ref-proc, 0.0006958 secs] 2026-06-17T09:48:40.882+0800: 3.083: [Unloading, 0.0018782 secs], 0.0125641 secs]
 [Times: user=0.08 sys=0.00, real=0.01 secs] 
2026-06-17T09:48:40.886+0800: 3.088: [GC cleanup 48955K->42811K(65536K), 0.0033249 secs]
 [Times: user=0.00 sys=0.01, real=0.00 secs] 
2026-06-17T09:48:40.891+0800: 3.092: [GC concurrent-cleanup-start]
2026-06-17T09:48:40.891+0800: 3.092: [GC concurrent-cleanup-end, 0.0000110 secs]
2026-06-17T09:48:40.891+0800: 3.092: [GC pause (G1 Evacuation Pause) (young), 0.0105941 secs]
   [Parallel Time: 6.8 ms, GC Workers: 18]
      [GC Worker Start (ms): Min: 3092.3, Avg: 3093.2, Max: 3098.5, Diff: 6.2]
      [Ext Root Scanning (ms): Min: 0.0, Avg: 0.0, Max: 0.2, Diff: 0.2, Sum: 0.5]
      [Update RS (ms): Min: 0.0, Avg: 0.0, Max: 0.0, Diff: 0.0, Sum: 0.0]
         [Processed Buffers: Min: 0, Avg: 0.2, Max: 2, Diff: 2, Sum: 4]
      [Scan RS (ms): Min: 0.0, Avg: 0.0, Max: 0.0, Diff: 0.0, Sum: 0.0]
      [Code Root Scanning (ms): Min: 0.0, Avg: 0.0, Max: 0.0, Diff: 0.0, Sum: 0.0]
      [Object Copy (ms): Min: 0.0, Avg: 0.0, Max: 0.1, Diff: 0.1, Sum: 0.2]
      [Termination (ms): Min: 0.0, Avg: 5.3, Max: 6.1, Diff: 6.1, Sum: 96.1]
         [Termination Attempts: Min: 1, Avg: 1.1, Max: 2, Diff: 1, Sum: 19]
      [GC Worker Other (ms): Min: 0.0, Avg: 0.0, Max: 0.0, Diff: 0.0, Sum: 0.1]
      [GC Worker Total (ms): Min: 0.0, Avg: 5.4, Max: 6.3, Diff: 6.3, Sum: 96.9]
      [GC Worker End (ms): Min: 3098.5, Avg: 3098.5, Max: 3098.7, Diff: 0.2]
   [Code Root Fixup: 0.0 ms]
   [Code Root Purge: 0.0 ms]
   [Clear CT: 0.8 ms]
   [Other: 2.9 ms]
      [Choose CSet: 0.0 ms]
      [Ref Proc: 2.1 ms]
      [Ref Enq: 0.0 ms]
      [Redirty Cards: 0.8 ms]
      [Humongous Register: 0.0 ms]
      [Humongous Reclaim: 0.0 ms]
      [Free CSet: 0.0 ms]
   [Eden: 7168.0K(7168.0K)->0.0B(2048.0K) Survivors: 2048.0K->1024.0K Heap: 43851.8K(65536.0K)->36646.7K(65536.0K)]
 [Times: user=0.11 sys=0.00, real=0.00 secs] 
2026-06-17T09:48:40.913+0800: 3.114: [GC pause (G1 Evacuation Pause) (mixed), 0.0122072 secs]
   [Parallel Time: 7.5 ms, GC Workers: 18]
      [GC Worker Start (ms): Min: 3114.4, Avg: 3115.7, Max: 3120.9, Diff: 6.6]
      [Ext Root Scanning (ms): Min: 0.0, Avg: 0.0, Max: 0.1, Diff: 0.1, Sum: 0.2]
      [Update RS (ms): Min: 0.0, Avg: 0.0, Max: 0.0, Diff: 0.0, Sum: 0.0]
         [Processed Buffers: Min: 0, Avg: 0.2, Max: 3, Diff: 3, Sum: 4]
      [Scan RS (ms): Min: 0.0, Avg: 0.0, Max: 0.0, Diff: 0.0, Sum: 0.0]
      [Code Root Scanning (ms): Min: 0.0, Avg: 0.0, Max: 0.0, Diff: 0.0, Sum: 0.0]
      [Object Copy (ms): Min: 0.0, Avg: 0.0, Max: 0.2, Diff: 0.2, Sum: 0.6]
      [Termination (ms): Min: 0.0, Avg: 5.2, Max: 6.4, Diff: 6.4, Sum: 93.8]
         [Termination Attempts: Min: 1, Avg: 1.0, Max: 1, Diff: 0, Sum: 18]
      [GC Worker Other (ms): Min: 0.0, Avg: 0.0, Max: 0.0, Diff: 0.0, Sum: 0.1]
      [GC Worker Total (ms): Min: 0.0, Avg: 5.3, Max: 6.6, Diff: 6.6, Sum: 94.7]
      [GC Worker End (ms): Min: 3120.9, Avg: 3121.0, Max: 3121.1, Diff: 0.2]
   [Code Root Fixup: 0.0 ms]
   [Code Root Purge: 0.0 ms]
   [Clear CT: 1.3 ms]
   [Other: 3.4 ms]
      [Choose CSet: 0.0 ms]
      [Ref Proc: 2.4 ms]
      [Ref Enq: 0.0 ms]
      [Redirty Cards: 1.0 ms]
      [Humongous Register: 0.0 ms]
      [Humongous Reclaim: 0.0 ms]
      [Free CSet: 0.0 ms]
   [Eden: 2048.0K(2048.0K)->0.0B(2048.0K) Survivors: 1024.0K->1024.0K Heap: 39948.7K(65536.0K)->35085.7K(65536.0K)]
 [Times: user=0.11 sys=0.00, real=0.01 secs] 
2026-06-17T09:48:40.927+0800: 3.128: [GC pause (G1 Evacuation Pause) (mixed), 0.0064004 secs]
   [Parallel Time: 2.0 ms, GC Workers: 18]
      [GC Worker Start (ms): Min: 3128.1, Avg: 3128.8, Max: 3129.4, Diff: 1.3]
      [Ext Root Scanning (ms): Min: 0.0, Avg: 0.0, Max: 0.2, Diff: 0.2, Sum: 0.3]
      [Update RS (ms): Min: 0.0, Avg: 0.0, Max: 0.0, Diff: 0.0, Sum: 0.0]
         [Processed Buffers: Min: 0, Avg: 0.3, Max: 4, Diff: 4, Sum: 5]
      [Scan RS (ms): Min: 0.0, Avg: 0.0, Max: 0.0, Diff: 0.0, Sum: 0.0]
      [Code Root Scanning (ms): Min: 0.0, Avg: 0.0, Max: 0.0, Diff: 0.0, Sum: 0.0]
      [Object Copy (ms): Min: 0.0, Avg: 0.1, Max: 0.3, Diff: 0.3, Sum: 1.2]
      [Termination (ms): Min: 0.0, Avg: 0.6, Max: 0.9, Diff: 0.9, Sum: 10.4]
         [Termination Attempts: Min: 1, Avg: 1.0, Max: 1, Diff: 0, Sum: 18]
      [GC Worker Other (ms): Min: 0.0, Avg: 0.0, Max: 0.0, Diff: 0.0, Sum: 0.1]
      [GC Worker Total (ms): Min: 0.0, Avg: 0.7, Max: 1.4, Diff: 1.4, Sum: 12.1]
      [GC Worker End (ms): Min: 3129.4, Avg: 3129.5, Max: 3129.6, Diff: 0.2]
   [Code Root Fixup: 0.0 ms]
   [Code Root Purge: 0.0 ms]
   [Clear CT: 1.6 ms]
   [Other: 2.8 ms]
      [Choose CSet: 0.0 ms]
      [Ref Proc: 1.6 ms]
      [Ref Enq: 0.0 ms]
      [Redirty Cards: 1.2 ms]
      [Humongous Register: 0.0 ms]
      [Humongous Reclaim: 0.0 ms]
      [Free CSet: 0.0 ms]
   [Eden: 2048.0K(2048.0K)->0.0B(2048.0K) Survivors: 1024.0K->1024.0K Heap: 37133.7K(65536.0K)->34863.7K(65536.0K)]
 [Times: user=0.02 sys=0.01, real=0.01 secs] 
2026-06-17T09:48:40.945+0800: 3.146: [GC pause (G1 Evacuation Pause) (mixed), 0.0131970 secs]
   [Parallel Time: 8.1 ms, GC Workers: 18]
      [GC Worker Start (ms): Min: 3146.1, Avg: 3147.5, Max: 3153.1, Diff: 7.0]
      [Ext Root Scanning (ms): Min: 0.0, Avg: 0.0, Max: 0.2, Diff: 0.2, Sum: 0.5]
      [Update RS (ms): Min: 0.0, Avg: 0.0, Max: 0.0, Diff: 0.0, Sum: 0.0]
         [Processed Buffers: Min: 0, Avg: 0.3, Max: 3, Diff: 3, Sum: 5]
      [Scan RS (ms): Min: 0.0, Avg: 0.0, Max: 0.0, Diff: 0.0, Sum: 0.1]
      [Code Root Scanning (ms): Min: 0.0, Avg: 0.0, Max: 0.0, Diff: 0.0, Sum: 0.0]
      [Object Copy (ms): Min: 0.0, Avg: 0.0, Max: 0.2, Diff: 0.2, Sum: 0.7]
      [Termination (ms): Min: 0.0, Avg: 5.7, Max: 6.8, Diff: 6.8, Sum: 101.7]
         [Termination Attempts: Min: 1, Avg: 1.0, Max: 1, Diff: 0, Sum: 18]
      [GC Worker Other (ms): Min: 0.0, Avg: 0.0, Max: 0.0, Diff: 0.0, Sum: 0.1]
      [GC Worker Total (ms): Min: 0.0, Avg: 5.7, Max: 7.1, Diff: 7.1, Sum: 103.2]
      [GC Worker End (ms): Min: 3153.1, Avg: 3153.2, Max: 3153.4, Diff: 0.2]
   [Code Root Fixup: 0.0 ms]
   [Code Root Purge: 0.0 ms]
   [Clear CT: 1.4 ms]
   [Other: 3.7 ms]
      [Choose CSet: 0.0 ms]
      [Ref Proc: 2.5 ms]
      [Ref Enq: 0.0 ms]
      [Redirty Cards: 1.2 ms]
      [Humongous Register: 0.0 ms]
      [Humongous Reclaim: 0.0 ms]
      [Free CSet: 0.0 ms]
   [Eden: 2048.0K(2048.0K)->0.0B(14336.0K) Survivors: 1024.0K->1024.0K Heap: 36911.7K(65536.0K)->32931.7K(65536.0K)]
 [Times: user=0.12 sys=0.00, real=0.01 secs] 
2026-06-17T09:48:40.991+0800: 3.192: [GC pause (G1 Evacuation Pause) (young), 0.0729384 secs]
   [Parallel Time: 67.2 ms, GC Workers: 18]
      [GC Worker Start (ms): Min: 3192.1, Avg: 3215.5, Max: 3257.8, Diff: 65.7]
      [Ext Root Scanning (ms): Min: 0.0, Avg: 0.0, Max: 0.2, Diff: 0.2, Sum: 0.2]
      [Update RS (ms): Min: 0.0, Avg: 0.0, Max: 0.1, Diff: 0.1, Sum: 0.2]
         [Processed Buffers: Min: 0, Avg: 0.3, Max: 3, Diff: 3, Sum: 5]
      [Scan RS (ms): Min: 0.0, Avg: 0.0, Max: 0.0, Diff: 0.0, Sum: 0.0]
      [Code Root Scanning (ms): Min: 0.0, Avg: 0.0, Max: 0.0, Diff: 0.0, Sum: 0.0]
      [Object Copy (ms): Min: 0.0, Avg: 0.0, Max: 0.2, Diff: 0.2, Sum: 0.5]
      [Termination (ms): Min: 0.0, Avg: 42.4, Max: 65.7, Diff: 65.7, Sum: 762.6]
         [Termination Attempts: Min: 1, Avg: 1.0, Max: 1, Diff: 0, Sum: 18]
      [GC Worker Other (ms): Min: 0.0, Avg: 0.0, Max: 0.0, Diff: 0.0, Sum: 0.1]
      [GC Worker Total (ms): Min: 0.0, Avg: 42.4, Max: 66.1, Diff: 66.1, Sum: 763.6]
      [GC Worker End (ms): Min: 3257.8, Avg: 3257.9, Max: 3258.2, Diff: 0.4]
   [Code Root Fixup: 0.0 ms]
   [Code Root Purge: 0.0 ms]
   [Clear CT: 1.5 ms]
   [Other: 4.2 ms]
      [Choose CSet: 0.0 ms]
      [Ref Proc: 3.2 ms]
      [Ref Enq: 0.0 ms]
      [Redirty Cards: 0.9 ms]
      [Humongous Register: 0.0 ms]
      [Humongous Reclaim: 0.0 ms]
      [Free CSet: 0.0 ms]
   [Eden: 14336.0K(14336.0K)->0.0B(12288.0K) Survivors: 1024.0K->2048.0K Heap: 47267.7K(65536.0K)->35883.7K(65536.0K)]
 [Times: user=0.79 sys=0.01, real=0.07 secs] 
2026-06-17T09:48:41.096+0800: 3.297: [GC pause (G1 Evacuation Pause) (young) (initial-mark), 0.0271263 secs]
   [Parallel Time: 18.7 ms, GC Workers: 18]
      [GC Worker Start (ms): Min: 3296.9, Avg: 3297.4, Max: 3297.9, Diff: 1.0]
      [Ext Root Scanning (ms): Min: 0.0, Avg: 8.3, Max: 17.3, Diff: 17.3, Sum: 149.1]
      [Update RS (ms): Min: 0.0, Avg: 0.0, Max: 0.0, Diff: 0.0, Sum: 0.0]
         [Processed Buffers: Min: 0, Avg: 0.2, Max: 3, Diff: 3, Sum: 3]
      [Scan RS (ms): Min: 0.0, Avg: 0.0, Max: 0.0, Diff: 0.0, Sum: 0.0]
      [Code Root Scanning (ms): Min: 0.0, Avg: 0.0, Max: 0.0, Diff: 0.0, Sum: 0.0]
      [Object Copy (ms): Min: 0.0, Avg: 0.0, Max: 0.3, Diff: 0.3, Sum: 0.6]
      [Termination (ms): Min: 0.0, Avg: 9.4, Max: 17.1, Diff: 17.1, Sum: 169.0]
         [Termination Attempts: Min: 1, Avg: 1.1, Max: 2, Diff: 1, Sum: 19]
      [GC Worker Other (ms): Min: 0.0, Avg: 0.0, Max: 0.0, Diff: 0.0, Sum: 0.1]
      [GC Worker Total (ms): Min: 17.2, Avg: 17.7, Max: 18.3, Diff: 1.1, Sum: 318.8]
      [GC Worker End (ms): Min: 3315.0, Avg: 3315.1, Max: 3315.3, Diff: 0.3]
   [Code Root Fixup: 0.0 ms]
   [Code Root Purge: 0.0 ms]
   [Clear CT: 1.5 ms]
   [Other: 6.9 ms]
      [Choose CSet: 0.0 ms]
      [Ref Proc: 5.9 ms]
      [Ref Enq: 0.0 ms]
      [Redirty Cards: 1.0 ms]
      [Humongous Register: 0.0 ms]
      [Humongous Reclaim: 0.0 ms]
      [Free CSet: 0.0 ms]
   [Eden: 12288.0K(12288.0K)->0.0B(10240.0K) Survivors: 2048.0K->2048.0K Heap: 48171.7K(65536.0K)->38608.7K(65536.0K)]
 [Times: user=0.23 sys=0.01, real=0.03 secs] 
2026-06-17T09:48:41.124+0800: 3.325: [GC concurrent-root-region-scan-start]
2026-06-17T09:48:41.124+0800: 3.325: [GC concurrent-root-region-scan-end, 0.0003013 secs]
2026-06-17T09:48:41.124+0800: 3.325: [GC concurrent-mark-start]
2026-06-17T09:48:41.125+0800: 3.326: [GC concurrent-mark-end, 0.0004138 secs]
2026-06-17T09:48:41.125+0800: 3.326: [GC remark 2026-06-17T09:48:41.125+0800: 3.326: [Finalize Marking, 0.0151062 secs] 2026-06-17T09:48:41.141+0800: 3.342: [GC ref-proc, 0.0007700 secs] 2026-06-17T09:48:41.142+0800: 3.344: [Unloading, 0.0022020 secs], 0.0212203 secs]
 [Times: user=0.15 sys=0.00, real=0.02 secs] 
2026-06-17T09:48:41.147+0800: 3.348: [GC cleanup 41573K->39525K(65536K), 0.0033727 secs]
 [Times: user=0.01 sys=0.00, real=0.01 secs] 
2026-06-17T09:48:41.152+0800: 3.353: [GC concurrent-cleanup-start]
2026-06-17T09:48:41.152+0800: 3.353: [GC concurrent-cleanup-end, 0.0000081 secs]
2026-06-17T09:48:41.162+0800: 3.364: [GC pause (G1 Evacuation Pause) (young), 0.0143979 secs]
   [Parallel Time: 10.5 ms, GC Workers: 18]
      [GC Worker Start (ms): Min: 3363.7, Avg: 3366.1, Max: 3373.6, Diff: 9.9]
      [Ext Root Scanning (ms): Min: 0.0, Avg: 0.0, Max: 0.2, Diff: 0.2, Sum: 0.2]
      [Update RS (ms): Min: 0.0, Avg: 0.0, Max: 0.0, Diff: 0.0, Sum: 0.0]
         [Processed Buffers: Min: 0, Avg: 0.2, Max: 2, Diff: 2, Sum: 4]
      [Scan RS (ms): Min: 0.0, Avg: 0.0, Max: 0.0, Diff: 0.0, Sum: 0.0]
      [Code Root Scanning (ms): Min: 0.0, Avg: 0.0, Max: 0.0, Diff: 0.0, Sum: 0.0]
      [Object Copy (ms): Min: 0.0, Avg: 0.1, Max: 0.3, Diff: 0.3, Sum: 1.3]
      [Termination (ms): Min: 0.0, Avg: 7.5, Max: 9.6, Diff: 9.6, Sum: 135.4]
         [Termination Attempts: Min: 1, Avg: 1.0, Max: 1, Diff: 0, Sum: 18]
      [GC Worker Other (ms): Min: 0.0, Avg: 0.0, Max: 0.0, Diff: 0.0, Sum: 0.1]
      [GC Worker Total (ms): Min: 0.0, Avg: 7.6, Max: 10.1, Diff: 10.1, Sum: 137.1]
      [GC Worker End (ms): Min: 3373.6, Avg: 3373.7, Max: 3373.9, Diff: 0.3]
   [Code Root Fixup: 0.0 ms]
   [Code Root Purge: 0.0 ms]
   [Clear CT: 1.1 ms]
   [Other: 2.8 ms]
      [Choose CSet: 0.0 ms]
      [Ref Proc: 2.0 ms]
      [Ref Enq: 0.0 ms]
      [Redirty Cards: 0.8 ms]
      [Humongous Register: 0.0 ms]
      [Humongous Reclaim: 0.0 ms]
      [Free CSet: 0.0 ms]
   [Eden: 10240.0K(10240.0K)->0.0B(1024.0K) Survivors: 2048.0K->2048.0K Heap: 46800.7K(65536.0K)->43136.7K(65536.0K)]
 [Times: user=0.15 sys=0.00, real=0.02 secs] 
2026-06-17T09:48:41.178+0800: 3.379: [GC pause (G1 Evacuation Pause) (mixed), 0.0082992 secs]
   [Parallel Time: 4.8 ms, GC Workers: 18]
      [GC Worker Start (ms): Min: 3379.4, Avg: 3380.8, Max: 3383.7, Diff: 4.3]
      [Ext Root Scanning (ms): Min: 0.0, Avg: 0.0, Max: 0.1, Diff: 0.1, Sum: 0.2]
      [Update RS (ms): Min: 0.0, Avg: 0.0, Max: 0.0, Diff: 0.0, Sum: 0.0]
         [Processed Buffers: Min: 0, Avg: 0.3, Max: 3, Diff: 3, Sum: 5]
      [Scan RS (ms): Min: 0.0, Avg: 0.0, Max: 0.0, Diff: 0.0, Sum: 0.0]
      [Code Root Scanning (ms): Min: 0.0, Avg: 0.0, Max: 0.0, Diff: 0.0, Sum: 0.0]
      [Object Copy (ms): Min: 0.0, Avg: 0.1, Max: 0.4, Diff: 0.4, Sum: 1.0]
      [Termination (ms): Min: 0.0, Avg: 2.9, Max: 4.0, Diff: 4.0, Sum: 51.7]
         [Termination Attempts: Min: 1, Avg: 1.0, Max: 1, Diff: 0, Sum: 18]
      [GC Worker Other (ms): Min: 0.0, Avg: 0.0, Max: 0.0, Diff: 0.0, Sum: 0.1]
      [GC Worker Total (ms): Min: 0.0, Avg: 2.9, Max: 4.3, Diff: 4.3, Sum: 53.0]
      [GC Worker End (ms): Min: 3383.7, Avg: 3383.8, Max: 3383.9, Diff: 0.2]
   [Code Root Fixup: 0.0 ms]
   [Code Root Purge: 0.0 ms]
   [Clear CT: 0.5 ms]
   [Other: 3.0 ms]
      [Choose CSet: 0.0 ms]
      [Ref Proc: 2.3 ms]
      [Ref Enq: 0.0 ms]
      [Redirty Cards: 0.6 ms]
      [Humongous Register: 0.0 ms]
      [Humongous Reclaim: 0.0 ms]
      [Free CSet: 0.0 ms]
   [Eden: 1024.0K(1024.0K)->0.0B(2048.0K) Survivors: 2048.0K->1024.0K Heap: 44160.7K(65536.0K)->41709.1K(65536.0K)]
 [Times: user=0.07 sys=0.01, real=0.01 secs] 
2026-06-17T09:48:41.198+0800: 3.399: [GC pause (G1 Evacuation Pause) (mixed), 0.0111220 secs]
   [Parallel Time: 7.7 ms, GC Workers: 18]
      [GC Worker Start (ms): Min: 3399.4, Avg: 3400.8, Max: 3406.8, Diff: 7.5]
      [Ext Root Scanning (ms): Min: 0.0, Avg: 0.0, Max: 0.2, Diff: 0.2, Sum: 0.4]
      [Update RS (ms): Min: 0.0, Avg: 0.0, Max: 0.0, Diff: 0.0, Sum: 0.1]
         [Processed Buffers: Min: 0, Avg: 0.2, Max: 2, Diff: 2, Sum: 4]
      [Scan RS (ms): Min: 0.0, Avg: 0.0, Max: 0.0, Diff: 0.0, Sum: 0.1]
      [Code Root Scanning (ms): Min: 0.0, Avg: 0.0, Max: 0.0, Diff: 0.0, Sum: 0.0]
      [Object Copy (ms): Min: 0.0, Avg: 0.1, Max: 0.5, Diff: 0.5, Sum: 1.8]
      [Termination (ms): Min: 0.0, Avg: 5.9, Max: 7.1, Diff: 7.1, Sum: 107.0]
         [Termination Attempts: Min: 1, Avg: 1.0, Max: 1, Diff: 0, Sum: 18]
      [GC Worker Other (ms): Min: 0.0, Avg: 0.0, Max: 0.0, Diff: 0.0, Sum: 0.1]
      [GC Worker Total (ms): Min: 0.0, Avg: 6.1, Max: 7.6, Diff: 7.6, Sum: 109.5]
      [GC Worker End (ms): Min: 3406.8, Avg: 3406.9, Max: 3407.0, Diff: 0.1]
   [Code Root Fixup: 0.0 ms]
   [Code Root Purge: 0.0 ms]
   [Clear CT: 0.9 ms]
   [Other: 2.5 ms]
      [Choose CSet: 0.0 ms]
      [Ref Proc: 1.9 ms]
      [Ref Enq: 0.0 ms]
      [Redirty Cards: 0.5 ms]
      [Humongous Register: 0.0 ms]
      [Humongous Reclaim: 0.0 ms]
      [Free CSet: 0.0 ms]
   [Eden: 2048.0K(2048.0K)->0.0B(6144.0K) Survivors: 1024.0K->1024.0K Heap: 43757.1K(65536.0K)->42658.7K(65536.0K)]
 [Times: user=0.12 sys=0.00, real=0.01 secs] 
2026-06-17T09:48:41.221+0800: 3.422: [GC pause (G1 Evacuation Pause) (young), 0.0091588 secs]
   [Parallel Time: 2.2 ms, GC Workers: 18]
      [GC Worker Start (ms): Min: 3422.3, Avg: 3423.1, Max: 3423.9, Diff: 1.6]
      [Ext Root Scanning (ms): Min: 0.0, Avg: 0.0, Max: 0.2, Diff: 0.2, Sum: 0.3]
      [Update RS (ms): Min: 0.0, Avg: 0.0, Max: 0.1, Diff: 0.1, Sum: 0.2]
         [Processed Buffers: Min: 0, Avg: 0.3, Max: 3, Diff: 3, Sum: 6]
      [Scan RS (ms): Min: 0.0, Avg: 0.0, Max: 0.0, Diff: 0.0, Sum: 0.0]
      [Code Root Scanning (ms): Min: 0.0, Avg: 0.0, Max: 0.0, Diff: 0.0, Sum: 0.0]
      [Object Copy (ms): Min: 0.0, Avg: 0.1, Max: 0.4, Diff: 0.4, Sum: 1.3]
      [Termination (ms): Min: 0.0, Avg: 0.7, Max: 1.3, Diff: 1.3, Sum: 12.7]
         [Termination Attempts: Min: 1, Avg: 1.0, Max: 1, Diff: 0, Sum: 18]
      [GC Worker Other (ms): Min: 0.0, Avg: 0.0, Max: 0.0, Diff: 0.0, Sum: 0.1]
      [GC Worker Total (ms): Min: 0.0, Avg: 0.8, Max: 1.6, Diff: 1.6, Sum: 14.5]
      [GC Worker End (ms): Min: 3423.9, Avg: 3423.9, Max: 3424.0, Diff: 0.1]
   [Code Root Fixup: 0.0 ms]
   [Code Root Purge: 0.0 ms]
   [Clear CT: 1.0 ms]
   [Other: 6.0 ms]
      [Choose CSet: 0.0 ms]
      [Ref Proc: 5.1 ms]
      [Ref Enq: 0.0 ms]
      [Redirty Cards: 0.8 ms]
      [Humongous Register: 0.0 ms]
      [Humongous Reclaim: 0.0 ms]
      [Free CSet: 0.0 ms]
   [Eden: 6144.0K(6144.0K)->0.0B(4096.0K) Survivors: 1024.0K->1024.0K Heap: 48802.7K(65536.0K)->45393.7K(65536.0K)]
 [Times: user=0.08 sys=0.00, real=0.02 secs] 
2026-06-17T09:48:41.242+0800: 3.443: [GC pause (G1 Evacuation Pause) (young) (initial-mark), 0.0123722 secs]
   [Parallel Time: 7.5 ms, GC Workers: 18]
      [GC Worker Start (ms): Min: 3443.2, Avg: 3443.6, Max: 3443.9, Diff: 0.7]
      [Ext Root Scanning (ms): Min: 0.0, Avg: 1.8, Max: 6.2, Diff: 6.2, Sum: 33.2]
      [Update RS (ms): Min: 0.0, Avg: 0.0, Max: 0.0, Diff: 0.0, Sum: 0.0]
         [Processed Buffers: Min: 0, Avg: 0.2, Max: 3, Diff: 3, Sum: 3]
      [Scan RS (ms): Min: 0.0, Avg: 0.0, Max: 0.0, Diff: 0.0, Sum: 0.0]
      [Code Root Scanning (ms): Min: 0.0, Avg: 0.0, Max: 0.0, Diff: 0.0, Sum: 0.0]
      [Object Copy (ms): Min: 0.0, Avg: 0.0, Max: 0.2, Diff: 0.2, Sum: 0.5]
      [Termination (ms): Min: 0.0, Avg: 4.6, Max: 5.9, Diff: 5.9, Sum: 82.6]
         [Termination Attempts: Min: 1, Avg: 1.0, Max: 1, Diff: 0, Sum: 18]
      [GC Worker Other (ms): Min: 0.0, Avg: 0.0, Max: 0.0, Diff: 0.0, Sum: 0.1]
      [GC Worker Total (ms): Min: 6.1, Avg: 6.5, Max: 6.9, Diff: 0.8, Sum: 116.4]
      [GC Worker End (ms): Min: 3450.0, Avg: 3450.1, Max: 3450.2, Diff: 0.2]
   [Code Root Fixup: 0.0 ms]
   [Code Root Purge: 0.0 ms]
   [Clear CT: 1.1 ms]
   [Other: 3.8 ms]
      [Choose CSet: 0.0 ms]
      [Ref Proc: 2.9 ms]
      [Ref Enq: 0.0 ms]
      [Redirty Cards: 0.9 ms]
      [Humongous Register: 0.0 ms]
      [Humongous Reclaim: 0.0 ms]
      [Free CSet: 0.0 ms]
   [Eden: 4096.0K(4096.0K)->0.0B(2048.0K) Survivors: 1024.0K->1024.0K Heap: 49489.7K(65536.0K)->48300.7K(65536.0K)]
 [Times: user=0.11 sys=0.01, real=0.02 secs] 
2026-06-17T09:48:41.256+0800: 3.457: [GC concurrent-root-region-scan-start]
2026-06-17T09:48:41.256+0800: 3.457: [GC concurrent-root-region-scan-end, 0.0002703 secs]
2026-06-17T09:48:41.256+0800: 3.457: [GC concurrent-mark-start]
2026-06-17T09:48:41.256+0800: 3.457: [GC concurrent-mark-end, 0.0003394 secs]
2026-06-17T09:48:41.256+0800: 3.458: [GC remark 2026-06-17T09:48:41.257+0800: 3.458: [Finalize Marking, 0.0036950 secs] 2026-06-17T09:48:41.261+0800: 3.462: [GC ref-proc, 0.0004935 secs] 2026-06-17T09:48:41.262+0800: 3.463: [Unloading, 0.0020145 secs], 0.0093781 secs]
 [Times: user=0.03 sys=0.00, real=0.01 secs] 
2026-06-17T09:48:41.267+0800: 3.468: [GC pause (G1 Evacuation Pause) (young), 0.0093785 secs]
   [Parallel Time: 3.8 ms, GC Workers: 18]
      [GC Worker Start (ms): Min: 3468.3, Avg: 3469.1, Max: 3471.5, Diff: 3.2]
      [Ext Root Scanning (ms): Min: 0.0, Avg: 0.0, Max: 0.2, Diff: 0.2, Sum: 0.4]
      [Update RS (ms): Min: 0.0, Avg: 0.0, Max: 0.0, Diff: 0.0, Sum: 0.0]
         [Processed Buffers: Min: 0, Avg: 0.2, Max: 1, Diff: 1, Sum: 3]
      [Scan RS (ms): Min: 0.0, Avg: 0.0, Max: 0.0, Diff: 0.0, Sum: 0.0]
      [Code Root Scanning (ms): Min: 0.0, Avg: 0.0, Max: 0.0, Diff: 0.0, Sum: 0.0]
      [Object Copy (ms): Min: 0.0, Avg: 0.0, Max: 0.1, Diff: 0.1, Sum: 0.5]
      [Termination (ms): Min: 0.0, Avg: 2.4, Max: 3.0, Diff: 3.0, Sum: 43.2]
         [Termination Attempts: Min: 1, Avg: 1.0, Max: 1, Diff: 0, Sum: 18]
      [GC Worker Other (ms): Min: 0.0, Avg: 0.0, Max: 0.0, Diff: 0.0, Sum: 0.1]
      [GC Worker Total (ms): Min: 0.0, Avg: 2.5, Max: 3.3, Diff: 3.3, Sum: 44.3]
      [GC Worker End (ms): Min: 3471.5, Avg: 3471.6, Max: 3471.7, Diff: 0.2]
   [Code Root Fixup: 0.0 ms]
   [Code Root Purge: 0.0 ms]
   [Clear CT: 0.8 ms]
   [Other: 4.7 ms]
      [Choose CSet: 0.0 ms]
      [Ref Proc: 3.8 ms]
      [Ref Enq: 0.0 ms]
      [Redirty Cards: 0.9 ms]
      [Humongous Register: 0.0 ms]
      [Humongous Reclaim: 0.0 ms]
      [Free CSet: 0.0 ms]
   [Eden: 2048.0K(2048.0K)->0.0B(2048.0K) Survivors: 1024.0K->1024.0K Heap: 50348.7K(65536.0K)->50324.7K(65536.0K)]
 [Times: user=0.08 sys=0.01, real=0.01 secs] 
2026-06-17T09:48:41.278+0800: 3.479: [GC cleanup 52277K->45109K(65536K), 0.0037964 secs]
 [Times: user=0.00 sys=0.00, real=0.00 secs] 
2026-06-17T09:48:41.283+0800: 3.484: [GC concurrent-cleanup-start]
2026-06-17T09:48:41.283+0800: 3.484: [GC concurrent-cleanup-end, 0.0000084 secs]
2026-06-17T09:48:41.283+0800: 3.484: [GC pause (G1 Evacuation Pause) (young), 0.0085431 secs]
   [Parallel Time: 5.0 ms, GC Workers: 18]
      [GC Worker Start (ms): Min: 3484.2, Avg: 3485.2, Max: 3488.6, Diff: 4.4]
      [Ext Root Scanning (ms): Min: 0.0, Avg: 0.0, Max: 0.2, Diff: 0.2, Sum: 0.5]
      [Update RS (ms): Min: 0.0, Avg: 0.0, Max: 0.0, Diff: 0.0, Sum: 0.0]
         [Processed Buffers: Min: 0, Avg: 0.2, Max: 1, Diff: 1, Sum: 3]
      [Scan RS (ms): Min: 0.0, Avg: 0.0, Max: 0.0, Diff: 0.0, Sum: 0.0]
      [Code Root Scanning (ms): Min: 0.0, Avg: 0.0, Max: 0.0, Diff: 0.0, Sum: 0.0]
      [Object Copy (ms): Min: 0.0, Avg: 0.0, Max: 0.1, Diff: 0.1, Sum: 0.4]
      [Termination (ms): Min: 0.0, Avg: 3.4, Max: 4.3, Diff: 4.3, Sum: 61.3]
         [Termination Attempts: Min: 1, Avg: 1.0, Max: 1, Diff: 0, Sum: 18]
      [GC Worker Other (ms): Min: 0.0, Avg: 0.0, Max: 0.0, Diff: 0.0, Sum: 0.1]
      [GC Worker Total (ms): Min: 0.0, Avg: 3.5, Max: 4.5, Diff: 4.5, Sum: 62.3]
      [GC Worker End (ms): Min: 3488.6, Avg: 3488.6, Max: 3488.7, Diff: 0.2]
   [Code Root Fixup: 0.0 ms]
   [Code Root Purge: 0.0 ms]
   [Clear CT: 0.9 ms]
   [Other: 2.7 ms]
      [Choose CSet: 0.0 ms]
      [Ref Proc: 1.9 ms]
      [Ref Enq: 0.0 ms]
      [Redirty Cards: 0.8 ms]
      [Humongous Register: 0.0 ms]
      [Humongous Reclaim: 0.0 ms]
      [Free CSet: 0.0 ms]
   [Eden: 2048.0K(2048.0K)->0.0B(2048.0K) Survivors: 1024.0K->1024.0K Heap: 45204.7K(65536.0K)->45195.7K(65536.0K)]
 [Times: user=0.08 sys=0.00, real=0.01 secs] 
2026-06-17T09:48:41.303+0800: 3.504: [GC pause (G1 Evacuation Pause) (mixed), 0.0112717 secs]
   [Parallel Time: 7.1 ms, GC Workers: 18]
      [GC Worker Start (ms): Min: 3504.6, Avg: 3506.2, Max: 3510.9, Diff: 6.4]
      [Ext Root Scanning (ms): Min: 0.0, Avg: 0.0, Max: 0.2, Diff: 0.2, Sum: 0.5]
      [Update RS (ms): Min: 0.0, Avg: 0.0, Max: 0.0, Diff: 0.0, Sum: 0.0]
         [Processed Buffers: Min: 0, Avg: 0.2, Max: 1, Diff: 1, Sum: 4]
      [Scan RS (ms): Min: 0.0, Avg: 0.0, Max: 0.0, Diff: 0.0, Sum: 0.0]
      [Code Root Scanning (ms): Min: 0.0, Avg: 0.0, Max: 0.0, Diff: 0.0, Sum: 0.0]
      [Object Copy (ms): Min: 0.0, Avg: 0.0, Max: 0.2, Diff: 0.2, Sum: 0.8]
      [Termination (ms): Min: 0.0, Avg: 4.7, Max: 6.1, Diff: 6.1, Sum: 84.5]
         [Termination Attempts: Min: 1, Avg: 1.0, Max: 1, Diff: 0, Sum: 18]
      [GC Worker Other (ms): Min: 0.0, Avg: 0.0, Max: 0.0, Diff: 0.0, Sum: 0.1]
      [GC Worker Total (ms): Min: 0.0, Avg: 4.8, Max: 6.4, Diff: 6.4, Sum: 85.9]
      [GC Worker End (ms): Min: 3510.9, Avg: 3511.0, Max: 3511.1, Diff: 0.2]
   [Code Root Fixup: 0.0 ms]
   [Code Root Purge: 0.0 ms]
   [Clear CT: 1.4 ms]
   [Other: 2.8 ms]
      [Choose CSet: 0.0 ms]
      [Ref Proc: 1.7 ms]
      [Ref Enq: 0.0 ms]
      [Redirty Cards: 1.0 ms]
      [Humongous Register: 0.0 ms]
      [Humongous Reclaim: 0.0 ms]
      [Free CSet: 0.0 ms]
   [Eden: 2048.0K(2048.0K)->0.0B(2048.0K) Survivors: 1024.0K->1024.0K Heap: 47243.7K(65536.0K)->42552.7K(65536.0K)]
 [Times: user=0.09 sys=0.01, real=0.01 secs] 
2026-06-17T09:48:41.316+0800: 3.517: [GC pause (G1 Evacuation Pause) (mixed), 0.0076058 secs]
   [Parallel Time: 3.7 ms, GC Workers: 18]
      [GC Worker Start (ms): Min: 3517.0, Avg: 3518.0, Max: 3520.1, Diff: 3.1]
      [Ext Root Scanning (ms): Min: 0.0, Avg: 0.0, Max: 0.2, Diff: 0.2, Sum: 0.2]
      [Update RS (ms): Min: 0.0, Avg: 0.0, Max: 0.0, Diff: 0.0, Sum: 0.0]
         [Processed Buffers: Min: 0, Avg: 0.3, Max: 3, Diff: 3, Sum: 5]
      [Scan RS (ms): Min: 0.0, Avg: 0.0, Max: 0.0, Diff: 0.0, Sum: 0.0]
      [Code Root Scanning (ms): Min: 0.0, Avg: 0.0, Max: 0.0, Diff: 0.0, Sum: 0.0]
      [Object Copy (ms): Min: 0.0, Avg: 0.0, Max: 0.3, Diff: 0.3, Sum: 0.7]
      [Termination (ms): Min: 0.0, Avg: 2.1, Max: 2.8, Diff: 2.8, Sum: 38.1]
         [Termination Attempts: Min: 1, Avg: 1.0, Max: 1, Diff: 0, Sum: 18]
      [GC Worker Other (ms): Min: 0.0, Avg: 0.0, Max: 0.0, Diff: 0.0, Sum: 0.1]
      [GC Worker Total (ms): Min: 0.0, Avg: 2.2, Max: 3.2, Diff: 3.2, Sum: 39.2]
      [GC Worker End (ms): Min: 3520.1, Avg: 3520.2, Max: 3520.3, Diff: 0.2]
   [Code Root Fixup: 0.0 ms]
   [Code Root Purge: 0.0 ms]
   [Clear CT: 1.1 ms]
   [Other: 2.7 ms]
      [Choose CSet: 0.0 ms]
      [Ref Proc: 1.9 ms]
      [Ref Enq: 0.0 ms]
      [Redirty Cards: 0.7 ms]
      [Humongous Register: 0.0 ms]
      [Humongous Reclaim: 0.0 ms]
      [Free CSet: 0.0 ms]
   [Eden: 2048.0K(2048.0K)->0.0B(2048.0K) Survivors: 1024.0K->1024.0K Heap: 44600.7K(65536.0K)->40112.7K(65536.0K)]
 [Times: user=0.05 sys=0.00, real=0.01 secs] 
2026-06-17T09:48:41.325+0800: 3.526: [GC pause (G1 Evacuation Pause) (mixed), 0.0107241 secs]
   [Parallel Time: 6.4 ms, GC Workers: 18]
      [GC Worker Start (ms): Min: 3525.9, Avg: 3526.9, Max: 3532.0, Diff: 6.1]
      [Ext Root Scanning (ms): Min: 0.0, Avg: 0.0, Max: 0.2, Diff: 0.2, Sum: 0.4]
      [Update RS (ms): Min: 0.0, Avg: 0.0, Max: 0.0, Diff: 0.0, Sum: 0.0]
         [Processed Buffers: Min: 0, Avg: 0.2, Max: 1, Diff: 1, Sum: 3]
      [Scan RS (ms): Min: 0.0, Avg: 0.0, Max: 0.0, Diff: 0.0, Sum: 0.1]
      [Code Root Scanning (ms): Min: 0.0, Avg: 0.0, Max: 0.0, Diff: 0.0, Sum: 0.0]
      [Object Copy (ms): Min: 0.0, Avg: 0.1, Max: 0.2, Diff: 0.2, Sum: 1.1]
      [Termination (ms): Min: 0.0, Avg: 5.0, Max: 5.8, Diff: 5.8, Sum: 90.2]
         [Termination Attempts: Min: 1, Avg: 1.0, Max: 1, Diff: 0, Sum: 18]
      [GC Worker Other (ms): Min: 0.0, Avg: 0.0, Max: 0.0, Diff: 0.0, Sum: 0.1]
      [GC Worker Total (ms): Min: 0.0, Avg: 5.1, Max: 6.1, Diff: 6.1, Sum: 91.8]
      [GC Worker End (ms): Min: 3532.0, Avg: 3532.0, Max: 3532.2, Diff: 0.2]
   [Code Root Fixup: 0.0 ms]
   [Code Root Purge: 0.0 ms]
   [Clear CT: 1.2 ms]
   [Other: 3.2 ms]
      [Choose CSet: 0.0 ms]
      [Ref Proc: 2.2 ms]
      [Ref Enq: 0.0 ms]
      [Redirty Cards: 0.9 ms]
      [Humongous Register: 0.0 ms]
      [Humongous Reclaim: 0.0 ms]
      [Free CSet: 0.0 ms]
   [Eden: 2048.0K(2048.0K)->0.0B(7168.0K) Survivors: 1024.0K->1024.0K Heap: 42160.7K(65536.0K)->39115.7K(65536.0K)]
 [Times: user=0.10 sys=0.00, real=0.01 secs] 
2026-06-17T09:48:41.358+0800: 3.559: [GC pause (G1 Evacuation Pause) (young), 0.0126975 secs]
   [Parallel Time: 7.1 ms, GC Workers: 18]
      [GC Worker Start (ms): Min: 3559.2, Avg: 3560.3, Max: 3566.0, Diff: 6.8]
      [Ext Root Scanning (ms): Min: 0.0, Avg: 0.0, Max: 0.2, Diff: 0.2, Sum: 0.5]
      [Update RS (ms): Min: 0.0, Avg: 0.0, Max: 0.1, Diff: 0.1, Sum: 0.3]
         [Processed Buffers: Min: 0, Avg: 0.3, Max: 2, Diff: 2, Sum: 6]
      [Scan RS (ms): Min: 0.0, Avg: 0.0, Max: 0.0, Diff: 0.0, Sum: 0.0]
      [Code Root Scanning (ms): Min: 0.0, Avg: 0.0, Max: 0.0, Diff: 0.0, Sum: 0.0]
      [Object Copy (ms): Min: 0.0, Avg: 0.0, Max: 0.2, Diff: 0.2, Sum: 0.8]
      [Termination (ms): Min: 0.0, Avg: 5.7, Max: 6.5, Diff: 6.5, Sum: 102.9]
         [Termination Attempts: Min: 1, Avg: 1.0, Max: 1, Diff: 0, Sum: 18]
      [GC Worker Other (ms): Min: 0.0, Avg: 0.0, Max: 0.0, Diff: 0.0, Sum: 0.1]
      [GC Worker Total (ms): Min: 0.0, Avg: 5.8, Max: 6.8, Diff: 6.8, Sum: 104.5]
      [GC Worker End (ms): Min: 3566.0, Avg: 3566.1, Max: 3566.2, Diff: 0.2]
   [Code Root Fixup: 0.0 ms]
   [Code Root Purge: 0.0 ms]
   [Clear CT: 1.1 ms]
   [Other: 4.5 ms]
      [Choose CSet: 0.0 ms]
      [Ref Proc: 3.6 ms]
      [Ref Enq: 0.0 ms]
      [Redirty Cards: 0.8 ms]
      [Humongous Register: 0.0 ms]
      [Humongous Reclaim: 0.0 ms]
      [Free CSet: 0.0 ms]
   [Eden: 7168.0K(7168.0K)->0.0B(5120.0K) Survivors: 1024.0K->1024.0K Heap: 46283.7K(65536.0K)->42765.7K(65536.0K)]
 [Times: user=0.14 sys=0.01, real=0.02 secs] 
2026-06-17T09:48:41.372+0800: 3.573: [GC pause (G1 Humongous Allocation) (young) (initial-mark), 0.0078387 secs]
   [Parallel Time: 3.0 ms, GC Workers: 18]
      [GC Worker Start (ms): Min: 3573.3, Avg: 3573.7, Max: 3573.9, Diff: 0.6]
      [Ext Root Scanning (ms): Min: 0.0, Avg: 1.1, Max: 1.9, Diff: 1.9, Sum: 19.6]
      [Update RS (ms): Min: 0.0, Avg: 0.0, Max: 0.0, Diff: 0.0, Sum: 0.0]
         [Processed Buffers: Min: 0, Avg: 0.2, Max: 2, Diff: 2, Sum: 3]
      [Scan RS (ms): Min: 0.0, Avg: 0.0, Max: 0.0, Diff: 0.0, Sum: 0.0]
      [Code Root Scanning (ms): Min: 0.0, Avg: 0.0, Max: 0.0, Diff: 0.0, Sum: 0.0]
      [Object Copy (ms): Min: 0.0, Avg: 0.0, Max: 0.0, Diff: 0.0, Sum: 0.1]
      [Termination (ms): Min: 0.0, Avg: 1.0, Max: 1.9, Diff: 1.9, Sum: 18.8]
         [Termination Attempts: Min: 1, Avg: 1.0, Max: 1, Diff: 0, Sum: 18]
      [GC Worker Other (ms): Min: 0.0, Avg: 0.0, Max: 0.0, Diff: 0.0, Sum: 0.1]
      [GC Worker Total (ms): Min: 1.8, Avg: 2.1, Max: 2.5, Diff: 0.7, Sum: 38.5]
      [GC Worker End (ms): Min: 3575.8, Avg: 3575.8, Max: 3575.9, Diff: 0.2]
   [Code Root Fixup: 0.0 ms]
   [Code Root Purge: 0.0 ms]
   [Clear CT: 0.7 ms]
   [Other: 4.1 ms]
      [Choose CSet: 0.0 ms]
      [Ref Proc: 3.3 ms]
      [Ref Enq: 0.0 ms]
      [Redirty Cards: 0.7 ms]
      [Humongous Register: 0.0 ms]
      [Humongous Reclaim: 0.0 ms]
      [Free CSet: 0.0 ms]
   [Eden: 1024.0K(5120.0K)->0.0B(6144.0K) Survivors: 1024.0K->0.0B Heap: 43104.3K(65536.0K)->41983.2K(65536.0K)]
 [Times: user=0.05 sys=0.00, real=0.00 secs] 
2026-06-17T09:48:41.381+0800: 3.582: [GC concurrent-root-region-scan-start]
2026-06-17T09:48:41.381+0800: 3.582: [GC concurrent-root-region-scan-end, 0.0000077 secs]
2026-06-17T09:48:41.381+0800: 3.582: [GC concurrent-mark-start]
2026-06-17T09:48:41.381+0800: 3.583: [GC concurrent-mark-end, 0.0003139 secs]
2026-06-17T09:48:41.381+0800: 3.583: [GC remark 2026-06-17T09:48:41.382+0800: 3.583: [Finalize Marking, 0.0022795 secs] 2026-06-17T09:48:41.384+0800: 3.586: [GC ref-proc, 0.0005183 secs] 2026-06-17T09:48:41.386+0800: 3.587: [Unloading, 0.0021721 secs], 0.0078913 secs]
 [Times: user=0.02 sys=0.00, real=0.01 secs] 
2026-06-17T09:48:41.391+0800: 3.592: [GC cleanup 43056K->38960K(65536K), 0.0031108 secs]
 [Times: user=0.00 sys=0.00, real=0.00 secs] 
2026-06-17T09:48:41.395+0800: 3.596: [GC concurrent-cleanup-start]
2026-06-17T09:48:41.395+0800: 3.596: [GC concurrent-cleanup-end, 0.0000093 secs]
2026-06-17T09:48:41.405+0800: 3.607: [GC pause (G1 Evacuation Pause) (young), 0.0111445 secs]
   [Parallel Time: 4.6 ms, GC Workers: 18]
      [GC Worker Start (ms): Min: 3606.7, Avg: 3607.8, Max: 3610.4, Diff: 3.7]
      [Ext Root Scanning (ms): Min: 0.0, Avg: 0.0, Max: 0.2, Diff: 0.2, Sum: 0.3]
      [Update RS (ms): Min: 0.0, Avg: 0.0, Max: 0.0, Diff: 0.0, Sum: 0.0]
         [Processed Buffers: Min: 0, Avg: 0.2, Max: 2, Diff: 2, Sum: 3]
      [Scan RS (ms): Min: 0.0, Avg: 0.0, Max: 0.0, Diff: 0.0, Sum: 0.0]
      [Code Root Scanning (ms): Min: 0.0, Avg: 0.0, Max: 0.0, Diff: 0.0, Sum: 0.0]
      [Object Copy (ms): Min: 0.0, Avg: 0.0, Max: 0.1, Diff: 0.1, Sum: 0.3]
      [Termination (ms): Min: 0.0, Avg: 2.6, Max: 3.5, Diff: 3.5, Sum: 46.8]
         [Termination Attempts: Min: 1, Avg: 1.0, Max: 1, Diff: 0, Sum: 18]
      [GC Worker Other (ms): Min: 0.0, Avg: 0.0, Max: 0.0, Diff: 0.0, Sum: 0.1]
      [GC Worker Total (ms): Min: 0.0, Avg: 2.6, Max: 3.8, Diff: 3.8, Sum: 47.5]
      [GC Worker End (ms): Min: 3610.4, Avg: 3610.4, Max: 3610.5, Diff: 0.1]
   [Code Root Fixup: 0.0 ms]
   [Code Root Purge: 0.0 ms]
   [Clear CT: 0.8 ms]
   [Other: 5.7 ms]
      [Choose CSet: 0.0 ms]
      [Ref Proc: 5.1 ms]
      [Ref Enq: 0.0 ms]
      [Redirty Cards: 0.5 ms]
      [Humongous Register: 0.0 ms]
      [Humongous Reclaim: 0.0 ms]
      [Free CSet: 0.0 ms]
   [Eden: 6144.0K(6144.0K)->0.0B(2048.0K) Survivors: 0.0B->1024.0K Heap: 44988.2K(65536.0K)->41643.7K(65536.0K)]
 [Times: user=0.11 sys=0.00, real=0.01 secs] 
2026-06-17T09:48:41.418+0800: 3.619: [GC pause (G1 Evacuation Pause) (mixed), 0.0051735 secs]
   [Parallel Time: 1.6 ms, GC Workers: 18]
      [GC Worker Start (ms): Min: 3619.2, Avg: 3620.0, Max: 3620.6, Diff: 1.3]
      [Ext Root Scanning (ms): Min: 0.0, Avg: 0.0, Max: 0.2, Diff: 0.1, Sum: 0.2]
      [Update RS (ms): Min: 0.0, Avg: 0.0, Max: 0.0, Diff: 0.0, Sum: 0.0]
         [Processed Buffers: Min: 0, Avg: 0.1, Max: 1, Diff: 1, Sum: 2]
      [Scan RS (ms): Min: 0.0, Avg: 0.0, Max: 0.0, Diff: 0.0, Sum: 0.0]
      [Code Root Scanning (ms): Min: 0.0, Avg: 0.0, Max: 0.0, Diff: 0.0, Sum: 0.0]
      [Object Copy (ms): Min: 0.0, Avg: 0.0, Max: 0.2, Diff: 0.2, Sum: 0.5]
      [Termination (ms): Min: 0.0, Avg: 0.6, Max: 1.1, Diff: 1.1, Sum: 10.6]
         [Termination Attempts: Min: 1, Avg: 1.0, Max: 1, Diff: 0, Sum: 18]
      [GC Worker Other (ms): Min: 0.0, Avg: 0.0, Max: 0.0, Diff: 0.0, Sum: 0.1]
      [GC Worker Total (ms): Min: 0.0, Avg: 0.6, Max: 1.4, Diff: 1.4, Sum: 11.5]
      [GC Worker End (ms): Min: 3620.6, Avg: 3620.6, Max: 3620.7, Diff: 0.1]
   [Code Root Fixup: 0.0 ms]
   [Code Root Purge: 0.0 ms]
   [Clear CT: 0.9 ms]
   [Other: 2.6 ms]
      [Choose CSet: 0.0 ms]
      [Ref Proc: 1.9 ms]
      [Ref Enq: 0.0 ms]
      [Redirty Cards: 0.7 ms]
      [Humongous Register: 0.0 ms]
      [Humongous Reclaim: 0.0 ms]
      [Free CSet: 0.0 ms]
   [Eden: 2048.0K(2048.0K)->0.0B(2048.0K) Survivors: 1024.0K->1024.0K Heap: 43691.7K(65536.0K)->37529.7K(65536.0K)]
 [Times: user=0.03 sys=0.01, real=0.01 secs] 
2026-06-17T09:48:41.435+0800: 3.636: [GC pause (G1 Evacuation Pause) (mixed), 0.0066877 secs]
   [Parallel Time: 2.6 ms, GC Workers: 18]
      [GC Worker Start (ms): Min: 3636.2, Avg: 3637.0, Max: 3638.0, Diff: 1.7]
      [Ext Root Scanning (ms): Min: 0.0, Avg: 0.0, Max: 0.2, Diff: 0.2, Sum: 0.6]
      [Update RS (ms): Min: 0.0, Avg: 0.0, Max: 0.0, Diff: 0.0, Sum: 0.1]
         [Processed Buffers: Min: 0, Avg: 0.3, Max: 1, Diff: 1, Sum: 5]
      [Scan RS (ms): Min: 0.0, Avg: 0.0, Max: 0.0, Diff: 0.0, Sum: 0.0]
      [Code Root Scanning (ms): Min: 0.0, Avg: 0.0, Max: 0.0, Diff: 0.0, Sum: 0.0]
      [Object Copy (ms): Min: 0.0, Avg: 0.1, Max: 0.2, Diff: 0.2, Sum: 1.3]
      [Termination (ms): Min: 0.0, Avg: 0.9, Max: 1.4, Diff: 1.4, Sum: 16.0]
         [Termination Attempts: Min: 1, Avg: 1.0, Max: 1, Diff: 0, Sum: 18]
      [GC Worker Other (ms): Min: 0.0, Avg: 0.0, Max: 0.0, Diff: 0.0, Sum: 0.1]
      [GC Worker Total (ms): Min: 0.0, Avg: 1.0, Max: 1.9, Diff: 1.8, Sum: 18.1]
      [GC Worker End (ms): Min: 3638.0, Avg: 3638.0, Max: 3638.1, Diff: 0.1]
   [Code Root Fixup: 0.0 ms]
   [Code Root Purge: 0.0 ms]
   [Clear CT: 1.0 ms]
   [Other: 3.1 ms]
      [Choose CSet: 0.0 ms]
      [Ref Proc: 2.2 ms]
      [Ref Enq: 0.0 ms]
      [Redirty Cards: 0.9 ms]
      [Humongous Register: 0.0 ms]
      [Humongous Reclaim: 0.0 ms]
      [Free CSet: 0.0 ms]
   [Eden: 2048.0K(2048.0K)->0.0B(2048.0K) Survivors: 1024.0K->1024.0K Heap: 39577.7K(65536.0K)->37769.7K(65536.0K)]
 [Times: user=0.03 sys=0.00, real=0.00 secs] 
2026-06-17T09:48:41.442+0800: 3.644: [GC pause (G1 Evacuation Pause) (mixed), 0.0094541 secs]
   [Parallel Time: 2.2 ms, GC Workers: 18]
      [GC Worker Start (ms): Min: 3643.7, Avg: 3644.2, Max: 3644.9, Diff: 1.2]
      [Ext Root Scanning (ms): Min: 0.0, Avg: 0.0, Max: 0.2, Diff: 0.2, Sum: 0.5]
      [Update RS (ms): Min: 0.0, Avg: 0.0, Max: 0.0, Diff: 0.0, Sum: 0.0]
         [Processed Buffers: Min: 0, Avg: 0.3, Max: 2, Diff: 2, Sum: 6]
      [Scan RS (ms): Min: 0.0, Avg: 0.0, Max: 0.0, Diff: 0.0, Sum: 0.0]
      [Code Root Scanning (ms): Min: 0.0, Avg: 0.0, Max: 0.0, Diff: 0.0, Sum: 0.0]
      [Object Copy (ms): Min: 0.0, Avg: 0.0, Max: 0.1, Diff: 0.1, Sum: 0.4]
      [Termination (ms): Min: 0.0, Avg: 0.6, Max: 1.1, Diff: 1.1, Sum: 11.7]
         [Termination Attempts: Min: 1, Avg: 1.0, Max: 1, Diff: 0, Sum: 18]
      [GC Worker Other (ms): Min: 0.0, Avg: 0.0, Max: 0.0, Diff: 0.0, Sum: 0.1]
      [GC Worker Total (ms): Min: 0.0, Avg: 0.7, Max: 1.4, Diff: 1.4, Sum: 12.8]
      [GC Worker End (ms): Min: 3644.9, Avg: 3644.9, Max: 3645.0, Diff: 0.2]
   [Code Root Fixup: 0.0 ms]
   [Code Root Purge: 0.0 ms]
   [Clear CT: 1.4 ms]
   [Other: 5.8 ms]
      [Choose CSet: 0.0 ms]
      [Ref Proc: 4.5 ms]
      [Ref Enq: 0.0 ms]
      [Redirty Cards: 1.3 ms]
      [Humongous Register: 0.0 ms]
      [Humongous Reclaim: 0.0 ms]
      [Free CSet: 0.0 ms]
   [Eden: 2048.0K(2048.0K)->0.0B(8192.0K) Survivors: 1024.0K->1024.0K Heap: 39817.7K(65536.0K)->39405.7K(65536.0K)]
 [Times: user=0.06 sys=0.00, real=0.02 secs] 
2026-06-17T09:48:41.474+0800: 3.675: [GC pause (G1 Evacuation Pause) (young), 0.0094865 secs]
   [Parallel Time: 6.0 ms, GC Workers: 18]
      [GC Worker Start (ms): Min: 3675.6, Avg: 3676.7, Max: 3681.1, Diff: 5.5]
      [Ext Root Scanning (ms): Min: 0.0, Avg: 0.0, Max: 0.3, Diff: 0.3, Sum: 0.6]
      [Update RS (ms): Min: 0.0, Avg: 0.0, Max: 0.0, Diff: 0.0, Sum: 0.1]
         [Processed Buffers: Min: 0, Avg: 0.4, Max: 3, Diff: 3, Sum: 7]
      [Scan RS (ms): Min: 0.0, Avg: 0.0, Max: 0.0, Diff: 0.0, Sum: 0.0]
      [Code Root Scanning (ms): Min: 0.0, Avg: 0.0, Max: 0.0, Diff: 0.0, Sum: 0.0]
      [Object Copy (ms): Min: 0.0, Avg: 0.0, Max: 0.2, Diff: 0.2, Sum: 0.8]
      [Termination (ms): Min: 0.0, Avg: 4.4, Max: 5.2, Diff: 5.2, Sum: 78.7]
         [Termination Attempts: Min: 1, Avg: 1.0, Max: 1, Diff: 0, Sum: 18]
      [GC Worker Other (ms): Min: 0.0, Avg: 0.0, Max: 0.0, Diff: 0.0, Sum: 0.1]
      [GC Worker Total (ms): Min: 0.0, Avg: 4.5, Max: 5.5, Diff: 5.5, Sum: 80.2]
      [GC Worker End (ms): Min: 3681.1, Avg: 3681.1, Max: 3681.2, Diff: 0.1]
   [Code Root Fixup: 0.0 ms]
   [Code Root Purge: 0.0 ms]
   [Clear CT: 0.8 ms]
   [Other: 2.7 ms]
      [Choose CSet: 0.0 ms]
      [Ref Proc: 1.9 ms]
      [Ref Enq: 0.0 ms]
      [Redirty Cards: 0.7 ms]
      [Humongous Register: 0.0 ms]
      [Humongous Reclaim: 0.0 ms]
      [Free CSet: 0.0 ms]
   [Eden: 8192.0K(8192.0K)->0.0B(5120.0K) Survivors: 1024.0K->2048.0K Heap: 47597.7K(65536.0K)->44085.7K(65536.0K)]
 [Times: user=0.10 sys=0.00, real=0.01 secs] 
2026-06-17T09:48:41.495+0800: 3.697: [GC pause (G1 Evacuation Pause) (young) (initial-mark), 0.0133235 secs]
   [Parallel Time: 7.7 ms, GC Workers: 18]
      [GC Worker Start (ms): Min: 3696.7, Avg: 3697.1, Max: 3697.4, Diff: 0.7]
      [Ext Root Scanning (ms): Min: 0.0, Avg: 1.7, Max: 6.4, Diff: 6.3, Sum: 30.3]
      [Update RS (ms): Min: 0.0, Avg: 0.0, Max: 0.0, Diff: 0.0, Sum: 0.0]
         [Processed Buffers: Min: 0, Avg: 0.2, Max: 4, Diff: 4, Sum: 4]
      [Scan RS (ms): Min: 0.0, Avg: 0.0, Max: 0.0, Diff: 0.0, Sum: 0.0]
      [Code Root Scanning (ms): Min: 0.0, Avg: 0.0, Max: 0.0, Diff: 0.0, Sum: 0.0]
      [Object Copy (ms): Min: 0.0, Avg: 0.0, Max: 0.2, Diff: 0.2, Sum: 0.6]
      [Termination (ms): Min: 0.0, Avg: 4.9, Max: 6.2, Diff: 6.2, Sum: 88.6]
         [Termination Attempts: Min: 1, Avg: 1.0, Max: 1, Diff: 0, Sum: 18]
      [GC Worker Other (ms): Min: 0.0, Avg: 0.0, Max: 0.0, Diff: 0.0, Sum: 0.1]
      [GC Worker Total (ms): Min: 6.4, Avg: 6.6, Max: 7.2, Diff: 0.8, Sum: 119.7]
      [GC Worker End (ms): Min: 3703.7, Avg: 3703.7, Max: 3703.8, Diff: 0.2]
   [Code Root Fixup: 0.0 ms]
   [Code Root Purge: 0.0 ms]
   [Clear CT: 1.3 ms]
   [Other: 4.3 ms]
      [Choose CSet: 0.0 ms]
      [Ref Proc: 2.7 ms]
      [Ref Enq: 0.0 ms]
      [Redirty Cards: 1.5 ms]
      [Humongous Register: 0.0 ms]
      [Humongous Reclaim: 0.0 ms]
      [Free CSet: 0.0 ms]
   [Eden: 5120.0K(5120.0K)->0.0B(3072.0K) Survivors: 2048.0K->1024.0K Heap: 49205.7K(65536.0K)->46582.7K(65536.0K)]
 [Times: user=0.11 sys=0.00, real=0.01 secs] 
2026-06-17T09:48:41.510+0800: 3.711: [GC concurrent-root-region-scan-start]
2026-06-17T09:48:41.510+0800: 3.711: [GC concurrent-root-region-scan-end, 0.0002613 secs]
2026-06-17T09:48:41.510+0800: 3.711: [GC concurrent-mark-start]
2026-06-17T09:48:41.510+0800: 3.712: [GC concurrent-mark-end, 0.0002778 secs]
2026-06-17T09:48:41.510+0800: 3.712: [GC remark 2026-06-17T09:48:41.511+0800: 3.712: [Finalize Marking, 0.0051124 secs] 2026-06-17T09:48:41.517+0800: 3.718: [GC ref-proc, 0.0006503 secs] 2026-06-17T09:48:41.518+0800: 3.719: [Unloading, 0.0017334 secs], 0.0103015 secs]
 [Times: user=0.05 sys=0.01, real=0.00 secs] 
2026-06-17T09:48:41.522+0800: 3.723: [GC cleanup 48600K->40512K(65536K), 0.0034053 secs]
 [Times: user=0.00 sys=0.00, real=0.01 secs] 
2026-06-17T09:48:41.526+0800: 3.727: [GC concurrent-cleanup-start]
2026-06-17T09:48:41.526+0800: 3.727: [GC concurrent-cleanup-end, 0.0000235 secs]
2026-06-17T09:48:41.526+0800: 3.728: [GC pause (G1 Evacuation Pause) (young), 0.0081815 secs]
   [Parallel Time: 4.8 ms, GC Workers: 18]
      [GC Worker Start (ms): Min: 3727.8, Avg: 3728.9, Max: 3732.0, Diff: 4.2]
      [Ext Root Scanning (ms): Min: 0.0, Avg: 0.0, Max: 0.2, Diff: 0.2, Sum: 0.6]
      [Update RS (ms): Min: 0.0, Avg: 0.0, Max: 0.0, Diff: 0.0, Sum: 0.0]
         [Processed Buffers: Min: 0, Avg: 0.2, Max: 1, Diff: 1, Sum: 4]
      [Scan RS (ms): Min: 0.0, Avg: 0.0, Max: 0.0, Diff: 0.0, Sum: 0.0]
      [Code Root Scanning (ms): Min: 0.0, Avg: 0.0, Max: 0.0, Diff: 0.0, Sum: 0.0]
      [Object Copy (ms): Min: 0.0, Avg: 0.0, Max: 0.1, Diff: 0.1, Sum: 0.3]
      [Termination (ms): Min: 0.0, Avg: 3.2, Max: 4.2, Diff: 4.2, Sum: 56.8]
         [Termination Attempts: Min: 1, Avg: 1.1, Max: 2, Diff: 1, Sum: 19]
      [GC Worker Other (ms): Min: 0.0, Avg: 0.0, Max: 0.0, Diff: 0.0, Sum: 0.1]
      [GC Worker Total (ms): Min: 0.0, Avg: 3.2, Max: 4.3, Diff: 4.3, Sum: 57.9]
      [GC Worker End (ms): Min: 3732.0, Avg: 3732.1, Max: 3732.2, Diff: 0.2]
   [Code Root Fixup: 0.0 ms]
   [Code Root Purge: 0.0 ms]
   [Clear CT: 1.4 ms]
   [Other: 2.0 ms]
      [Choose CSet: 0.0 ms]
      [Ref Proc: 1.2 ms]
      [Ref Enq: 0.0 ms]
      [Redirty Cards: 0.8 ms]
      [Humongous Register: 0.0 ms]
      [Humongous Reclaim: 0.0 ms]
      [Free CSet: 0.0 ms]
   [Eden: 3072.0K(3072.0K)->0.0B(2048.0K) Survivors: 1024.0K->1024.0K Heap: 41566.6K(65536.0K)->39828.6K(65536.0K)]
 [Times: user=0.07 sys=0.01, real=0.01 secs] 
2026-06-17T09:48:41.536+0800: 3.737: [GC pause (G1 Evacuation Pause) (mixed), 0.0044967 secs]
   [Parallel Time: 1.6 ms, GC Workers: 18]
      [GC Worker Start (ms): Min: 3737.1, Avg: 3737.6, Max: 3738.1, Diff: 1.1]
      [Ext Root Scanning (ms): Min: 0.0, Avg: 0.0, Max: 0.2, Diff: 0.2, Sum: 0.4]
      [Update RS (ms): Min: 0.0, Avg: 0.0, Max: 0.0, Diff: 0.0, Sum: 0.0]
         [Processed Buffers: Min: 0, Avg: 0.1, Max: 1, Diff: 1, Sum: 2]
      [Scan RS (ms): Min: 0.0, Avg: 0.0, Max: 0.0, Diff: 0.0, Sum: 0.0]
      [Code Root Scanning (ms): Min: 0.0, Avg: 0.0, Max: 0.0, Diff: 0.0, Sum: 0.0]
      [Object Copy (ms): Min: 0.0, Avg: 0.0, Max: 0.1, Diff: 0.1, Sum: 0.6]
      [Termination (ms): Min: 0.0, Avg: 0.5, Max: 0.9, Diff: 0.9, Sum: 9.3]
         [Termination Attempts: Min: 1, Avg: 1.0, Max: 1, Diff: 0, Sum: 18]
      [GC Worker Other (ms): Min: 0.0, Avg: 0.0, Max: 0.0, Diff: 0.0, Sum: 0.1]
      [GC Worker Total (ms): Min: 0.0, Avg: 0.6, Max: 1.2, Diff: 1.2, Sum: 10.4]
      [GC Worker End (ms): Min: 3738.2, Avg: 3738.2, Max: 3738.3, Diff: 0.1]
   [Code Root Fixup: 0.0 ms]
   [Code Root Purge: 0.0 ms]
   [Clear CT: 0.7 ms]
   [Other: 2.3 ms]
      [Choose CSet: 0.0 ms]
      [Ref Proc: 1.5 ms]
      [Ref Enq: 0.0 ms]
      [Redirty Cards: 0.7 ms]
      [Humongous Register: 0.0 ms]
      [Humongous Reclaim: 0.0 ms]
      [Free CSet: 0.0 ms]
   [Eden: 2048.0K(2048.0K)->0.0B(2048.0K) Survivors: 1024.0K->1024.0K Heap: 41876.6K(65536.0K)->34916.7K(65536.0K)]
 [Times: user=0.02 sys=0.00, real=0.00 secs] 
2026-06-17T09:48:41.552+0800: 3.753: [GC pause (G1 Evacuation Pause) (mixed), 0.0105252 secs]
   [Parallel Time: 2.2 ms, GC Workers: 18]
      [GC Worker Start (ms): Min: 3753.0, Avg: 3753.8, Max: 3754.7, Diff: 1.7]
      [Ext Root Scanning (ms): Min: 0.0, Avg: 0.0, Max: 0.2, Diff: 0.2, Sum: 0.5]
      [Update RS (ms): Min: 0.0, Avg: 0.0, Max: 0.0, Diff: 0.0, Sum: 0.0]
         [Processed Buffers: Min: 0, Avg: 0.3, Max: 2, Diff: 2, Sum: 5]
      [Scan RS (ms): Min: 0.0, Avg: 0.0, Max: 0.0, Diff: 0.0, Sum: 0.0]
      [Code Root Scanning (ms): Min: 0.0, Avg: 0.0, Max: 0.0, Diff: 0.0, Sum: 0.0]
      [Object Copy (ms): Min: 0.0, Avg: 0.1, Max: 0.3, Diff: 0.3, Sum: 1.3]
      [Termination (ms): Min: 0.0, Avg: 0.8, Max: 1.4, Diff: 1.4, Sum: 13.9]
         [Termination Attempts: Min: 1, Avg: 1.0, Max: 1, Diff: 0, Sum: 18]
      [GC Worker Other (ms): Min: 0.0, Avg: 0.0, Max: 0.0, Diff: 0.0, Sum: 0.1]
      [GC Worker Total (ms): Min: 0.0, Avg: 0.9, Max: 1.8, Diff: 1.8, Sum: 15.9]
      [GC Worker End (ms): Min: 3754.7, Avg: 3754.7, Max: 3754.8, Diff: 0.2]
   [Code Root Fixup: 0.0 ms]
   [Code Root Purge: 0.0 ms]
   [Clear CT: 1.3 ms]
   [Other: 7.1 ms]
      [Choose CSet: 0.0 ms]
      [Ref Proc: 6.5 ms]
      [Ref Enq: 0.0 ms]
      [Redirty Cards: 0.6 ms]
      [Humongous Register: 0.0 ms]
      [Humongous Reclaim: 0.0 ms]
      [Free CSet: 0.0 ms]
   [Eden: 2048.0K(2048.0K)->0.0B(2048.0K) Survivors: 1024.0K->1024.0K Heap: 36964.7K(65536.0K)->34372.6K(65536.0K)]
 [Times: user=0.11 sys=0.00, real=0.01 secs] 
2026-06-17T09:48:41.563+0800: 3.764: [GC pause (G1 Evacuation Pause) (mixed), 0.0068507 secs]
   [Parallel Time: 2.0 ms, GC Workers: 18]
      [GC Worker Start (ms): Min: 3764.4, Avg: 3765.2, Max: 3765.9, Diff: 1.5]
      [Ext Root Scanning (ms): Min: 0.0, Avg: 0.0, Max: 0.2, Diff: 0.2, Sum: 0.3]
      [Update RS (ms): Min: 0.0, Avg: 0.0, Max: 0.0, Diff: 0.0, Sum: 0.0]
         [Processed Buffers: Min: 0, Avg: 0.3, Max: 2, Diff: 2, Sum: 5]
      [Scan RS (ms): Min: 0.0, Avg: 0.0, Max: 0.0, Diff: 0.0, Sum: 0.0]
      [Code Root Scanning (ms): Min: 0.0, Avg: 0.0, Max: 0.0, Diff: 0.0, Sum: 0.0]
      [Object Copy (ms): Min: 0.0, Avg: 0.0, Max: 0.1, Diff: 0.1, Sum: 0.5]
      [Termination (ms): Min: 0.0, Avg: 0.7, Max: 1.3, Diff: 1.3, Sum: 13.0]
         [Termination Attempts: Min: 1, Avg: 1.0, Max: 1, Diff: 0, Sum: 18]
      [GC Worker Other (ms): Min: 0.0, Avg: 0.0, Max: 0.0, Diff: 0.0, Sum: 0.1]
      [GC Worker Total (ms): Min: 0.0, Avg: 0.8, Max: 1.6, Diff: 1.6, Sum: 14.0]
      [GC Worker End (ms): Min: 3765.9, Avg: 3766.0, Max: 3766.1, Diff: 0.2]
   [Code Root Fixup: 0.0 ms]
   [Code Root Purge: 0.0 ms]
   [Clear CT: 0.6 ms]
   [Other: 4.3 ms]
      [Choose CSet: 0.0 ms]
      [Ref Proc: 3.6 ms]
      [Ref Enq: 0.0 ms]
      [Redirty Cards: 0.7 ms]
      [Humongous Register: 0.0 ms]
      [Humongous Reclaim: 0.0 ms]
      [Free CSet: 0.0 ms]
   [Eden: 2048.0K(2048.0K)->0.0B(12288.0K) Survivors: 1024.0K->1024.0K Heap: 36420.6K(65536.0K)->36096.6K(65536.0K)]
 [Times: user=0.05 sys=0.01, real=0.01 secs] 
2026-06-17T09:48:41.602+0800: 3.804: [GC pause (G1 Evacuation Pause) (young), 0.0054565 secs]
   [Parallel Time: 2.1 ms, GC Workers: 18]
      [GC Worker Start (ms): Min: 3803.7, Avg: 3804.6, Max: 3805.3, Diff: 1.6]
      [Ext Root Scanning (ms): Min: 0.0, Avg: 0.0, Max: 0.2, Diff: 0.2, Sum: 0.5]
      [Update RS (ms): Min: 0.0, Avg: 0.0, Max: 0.0, Diff: 0.0, Sum: 0.0]
         [Processed Buffers: Min: 0, Avg: 0.3, Max: 2, Diff: 2, Sum: 5]
      [Scan RS (ms): Min: 0.0, Avg: 0.0, Max: 0.0, Diff: 0.0, Sum: 0.0]
      [Code Root Scanning (ms): Min: 0.0, Avg: 0.0, Max: 0.0, Diff: 0.0, Sum: 0.0]
      [Object Copy (ms): Min: 0.0, Avg: 0.0, Max: 0.2, Diff: 0.2, Sum: 0.9]
      [Termination (ms): Min: 0.0, Avg: 0.7, Max: 1.2, Diff: 1.2, Sum: 13.0]
         [Termination Attempts: Min: 1, Avg: 1.0, Max: 1, Diff: 0, Sum: 18]
      [GC Worker Other (ms): Min: 0.0, Avg: 0.0, Max: 0.0, Diff: 0.0, Sum: 0.1]
      [GC Worker Total (ms): Min: 0.0, Avg: 0.8, Max: 1.6, Diff: 1.6, Sum: 14.5]
      [GC Worker End (ms): Min: 3805.3, Avg: 3805.4, Max: 3805.4, Diff: 0.1]
   [Code Root Fixup: 0.0 ms]
   [Code Root Purge: 0.0 ms]
   [Clear CT: 0.6 ms]
   [Other: 2.8 ms]
      [Choose CSet: 0.0 ms]
      [Ref Proc: 2.2 ms]
      [Ref Enq: 0.0 ms]
      [Redirty Cards: 0.6 ms]
      [Humongous Register: 0.0 ms]
      [Humongous Reclaim: 0.0 ms]
      [Free CSet: 0.0 ms]
   [Eden: 12288.0K(12288.0K)->0.0B(8192.0K) Survivors: 1024.0K->2048.0K Heap: 48384.6K(65536.0K)->41677.6K(65536.0K)]
 [Times: user=0.03 sys=0.01, real=0.01 secs] 
2026-06-17T09:48:41.630+0800: 3.831: [GC pause (G1 Evacuation Pause) (young) (initial-mark), 0.0147274 secs]
   [Parallel Time: 10.2 ms, GC Workers: 18]
      [GC Worker Start (ms): Min: 3831.3, Avg: 3831.8, Max: 3832.1, Diff: 0.8]
      [Ext Root Scanning (ms): Min: 0.0, Avg: 3.8, Max: 8.7, Diff: 8.7, Sum: 68.3]
      [Update RS (ms): Min: 0.0, Avg: 0.0, Max: 0.0, Diff: 0.0, Sum: 0.0]
         [Processed Buffers: Min: 0, Avg: 0.2, Max: 4, Diff: 4, Sum: 4]
      [Scan RS (ms): Min: 0.0, Avg: 0.0, Max: 0.0, Diff: 0.0, Sum: 0.0]
      [Code Root Scanning (ms): Min: 0.0, Avg: 0.0, Max: 0.0, Diff: 0.0, Sum: 0.0]
      [Object Copy (ms): Min: 0.0, Avg: 0.0, Max: 0.1, Diff: 0.1, Sum: 0.2]
      [Termination (ms): Min: 0.0, Avg: 5.3, Max: 8.8, Diff: 8.8, Sum: 95.1]
         [Termination Attempts: Min: 1, Avg: 1.0, Max: 1, Diff: 0, Sum: 18]
      [GC Worker Other (ms): Min: 0.0, Avg: 0.0, Max: 0.0, Diff: 0.0, Sum: 0.1]
      [GC Worker Total (ms): Min: 8.7, Avg: 9.1, Max: 9.7, Diff: 1.0, Sum: 163.8]
      [GC Worker End (ms): Min: 3840.8, Avg: 3840.9, Max: 3841.1, Diff: 0.3]
   [Code Root Fixup: 0.0 ms]
   [Code Root Purge: 0.0 ms]
   [Clear CT: 0.8 ms]
   [Other: 3.7 ms]
      [Choose CSet: 0.0 ms]
      [Ref Proc: 3.1 ms]
      [Ref Enq: 0.0 ms]
      [Redirty Cards: 0.5 ms]
      [Humongous Register: 0.0 ms]
      [Humongous Reclaim: 0.0 ms]
      [Free CSet: 0.0 ms]
   [Eden: 8192.0K(8192.0K)->0.0B(8192.0K) Survivors: 2048.0K->1024.0K Heap: 49869.6K(65536.0K)->41123.6K(65536.0K)]
 [Times: user=0.12 sys=0.00, real=0.02 secs] 
2026-06-17T09:48:41.646+0800: 3.847: [GC concurrent-root-region-scan-start]
2026-06-17T09:48:41.646+0800: 3.847: [GC concurrent-root-region-scan-end, 0.0002737 secs]
2026-06-17T09:48:41.646+0800: 3.847: [GC concurrent-mark-start]
2026-06-17T09:48:41.647+0800: 3.848: [GC concurrent-mark-end, 0.0004913 secs]
2026-06-17T09:48:41.647+0800: 3.848: [GC remark 2026-06-17T09:48:41.647+0800: 3.848: [Finalize Marking, 0.0051901 secs] 2026-06-17T09:48:41.653+0800: 3.854: [GC ref-proc, 0.0005313 secs] 2026-06-17T09:48:41.654+0800: 3.855: [Unloading, 0.0017405 secs], 0.0100253 secs]
 [Times: user=0.06 sys=0.00, real=0.01 secs] 
2026-06-17T09:48:41.658+0800: 3.859: [GC cleanup 43747K->35555K(65536K), 0.0031557 secs]
 [Times: user=0.00 sys=0.00, real=0.00 secs] 
2026-06-17T09:48:41.662+0800: 3.863: [GC concurrent-cleanup-start]
2026-06-17T09:48:41.662+0800: 3.863: [GC concurrent-cleanup-end, 0.0000116 secs]
2026-06-17T09:48:41.673+0800: 3.874: [GC pause (G1 Evacuation Pause) (young), 0.0118542 secs]
   [Parallel Time: 7.8 ms, GC Workers: 18]
      [GC Worker Start (ms): Min: 3873.9, Avg: 3875.9, Max: 3881.2, Diff: 7.3]
      [Ext Root Scanning (ms): Min: 0.0, Avg: 0.0, Max: 0.2, Diff: 0.2, Sum: 0.4]
      [Update RS (ms): Min: 0.0, Avg: 0.0, Max: 0.0, Diff: 0.0, Sum: 0.0]
         [Processed Buffers: Min: 0, Avg: 0.2, Max: 2, Diff: 2, Sum: 4]
      [Scan RS (ms): Min: 0.0, Avg: 0.0, Max: 0.0, Diff: 0.0, Sum: 0.0]
      [Code Root Scanning (ms): Min: 0.0, Avg: 0.0, Max: 0.0, Diff: 0.0, Sum: 0.0]
      [Object Copy (ms): Min: 0.0, Avg: 0.0, Max: 0.1, Diff: 0.1, Sum: 0.6]
      [Termination (ms): Min: 0.0, Avg: 5.3, Max: 7.1, Diff: 7.1, Sum: 95.8]
         [Termination Attempts: Min: 1, Avg: 1.0, Max: 1, Diff: 0, Sum: 18]
      [GC Worker Other (ms): Min: 0.0, Avg: 0.0, Max: 0.0, Diff: 0.0, Sum: 0.1]
      [GC Worker Total (ms): Min: 0.0, Avg: 5.4, Max: 7.4, Diff: 7.4, Sum: 96.9]
      [GC Worker End (ms): Min: 3881.2, Avg: 3881.3, Max: 3881.4, Diff: 0.2]
   [Code Root Fixup: 0.0 ms]
   [Code Root Purge: 0.0 ms]
   [Clear CT: 0.9 ms]
   [Other: 3.1 ms]
      [Choose CSet: 0.0 ms]
      [Ref Proc: 2.5 ms]
      [Ref Enq: 0.0 ms]
      [Redirty Cards: 0.5 ms]
      [Humongous Register: 0.0 ms]
      [Humongous Reclaim: 0.0 ms]
      [Free CSet: 0.0 ms]
   [Eden: 8192.0K(8192.0K)->0.0B(1024.0K) Survivors: 1024.0K->2048.0K Heap: 41123.6K(65536.0K)->37697.6K(65536.0K)]
 [Times: user=0.13 sys=0.00, real=0.01 secs] 
2026-06-17T09:48:41.686+0800: 3.887: [GC pause (G1 Evacuation Pause) (mixed), 0.0089931 secs]
   [Parallel Time: 5.9 ms, GC Workers: 18]
      [GC Worker Start (ms): Min: 3887.0, Avg: 3888.1, Max: 3892.3, Diff: 5.4]
      [Ext Root Scanning (ms): Min: 0.0, Avg: 0.0, Max: 0.2, Diff: 0.2, Sum: 0.4]
      [Update RS (ms): Min: 0.0, Avg: 0.0, Max: 0.0, Diff: 0.0, Sum: 0.0]
         [Processed Buffers: Min: 0, Avg: 0.2, Max: 1, Diff: 1, Sum: 3]
      [Scan RS (ms): Min: 0.0, Avg: 0.0, Max: 0.0, Diff: 0.0, Sum: 0.0]
      [Code Root Scanning (ms): Min: 0.0, Avg: 0.0, Max: 0.0, Diff: 0.0, Sum: 0.0]
      [Object Copy (ms): Min: 0.0, Avg: 0.0, Max: 0.2, Diff: 0.2, Sum: 0.6]
      [Termination (ms): Min: 0.0, Avg: 4.2, Max: 5.2, Diff: 5.2, Sum: 75.7]
         [Termination Attempts: Min: 1, Avg: 1.0, Max: 1, Diff: 0, Sum: 18]
      [GC Worker Other (ms): Min: 0.0, Avg: 0.0, Max: 0.0, Diff: 0.0, Sum: 0.1]
      [GC Worker Total (ms): Min: 0.0, Avg: 4.3, Max: 5.5, Diff: 5.5, Sum: 76.8]
      [GC Worker End (ms): Min: 3892.3, Avg: 3892.4, Max: 3892.5, Diff: 0.2]
   [Code Root Fixup: 0.0 ms]
   [Code Root Purge: 0.0 ms]
   [Clear CT: 0.5 ms]
   [Other: 2.6 ms]
      [Choose CSet: 0.0 ms]
      [Ref Proc: 2.0 ms]
      [Ref Enq: 0.0 ms]
      [Redirty Cards: 0.6 ms]
      [Humongous Register: 0.0 ms]
      [Humongous Reclaim: 0.0 ms]
      [Free CSet: 0.0 ms]
   [Eden: 1024.0K(1024.0K)->0.0B(2048.0K) Survivors: 2048.0K->1024.0K Heap: 38721.6K(65536.0K)->34061.0K(65536.0K)]
 [Times: user=0.09 sys=0.00, real=0.01 secs] 
2026-06-17T09:48:41.706+0800: 3.907: [GC pause (G1 Evacuation Pause) (mixed), 0.0139612 secs]
   [Parallel Time: 8.9 ms, GC Workers: 18]
      [GC Worker Start (ms): Min: 3907.3, Avg: 3909.3, Max: 3915.5, Diff: 8.2]
      [Ext Root Scanning (ms): Min: 0.0, Avg: 0.0, Max: 0.1, Diff: 0.1, Sum: 0.2]
      [Update RS (ms): Min: 0.0, Avg: 0.0, Max: 0.0, Diff: 0.0, Sum: 0.0]
         [Processed Buffers: Min: 0, Avg: 0.3, Max: 3, Diff: 3, Sum: 5]
      [Scan RS (ms): Min: 0.0, Avg: 0.0, Max: 0.0, Diff: 0.0, Sum: 0.0]
      [Code Root Scanning (ms): Min: 0.0, Avg: 0.0, Max: 0.0, Diff: 0.0, Sum: 0.0]
      [Object Copy (ms): Min: 0.0, Avg: 0.0, Max: 0.3, Diff: 0.3, Sum: 0.9]
      [Termination (ms): Min: 0.0, Avg: 6.2, Max: 7.9, Diff: 7.9, Sum: 112.0]
         [Termination Attempts: Min: 1, Avg: 1.0, Max: 1, Diff: 0, Sum: 18]
      [GC Worker Other (ms): Min: 0.0, Avg: 0.0, Max: 0.0, Diff: 0.0, Sum: 0.1]
      [GC Worker Total (ms): Min: 0.0, Avg: 6.3, Max: 8.2, Diff: 8.2, Sum: 113.2]
      [GC Worker End (ms): Min: 3915.5, Avg: 3915.6, Max: 3915.7, Diff: 0.2]
   [Code Root Fixup: 0.0 ms]
   [Code Root Purge: 0.0 ms]
   [Clear CT: 1.5 ms]
   [Other: 3.6 ms]
      [Choose CSet: 0.0 ms]
      [Ref Proc: 2.3 ms]
      [Ref Enq: 0.0 ms]
      [Redirty Cards: 1.2 ms]
      [Humongous Register: 0.0 ms]
      [Humongous Reclaim: 0.0 ms]
      [Free CSet: 0.0 ms]
   [Eden: 2048.0K(2048.0K)->0.0B(2048.0K) Survivors: 1024.0K->1024.0K Heap: 36109.0K(65536.0K)->32302.6K(65536.0K)]
 [Times: user=0.12 sys=0.01, real=0.02 secs] 
2026-06-17T09:48:41.724+0800: 3.925: [GC pause (G1 Evacuation Pause) (mixed), 0.0116580 secs]
   [Parallel Time: 3.2 ms, GC Workers: 18]
      [GC Worker Start (ms): Min: 3925.1, Avg: 3926.1, Max: 3927.6, Diff: 2.5]
      [Ext Root Scanning (ms): Min: 0.0, Avg: 0.0, Max: 0.2, Diff: 0.2, Sum: 0.4]
      [Update RS (ms): Min: 0.0, Avg: 0.0, Max: 0.0, Diff: 0.0, Sum: 0.0]
         [Processed Buffers: Min: 0, Avg: 0.3, Max: 2, Diff: 2, Sum: 5]
      [Scan RS (ms): Min: 0.0, Avg: 0.0, Max: 0.1, Diff: 0.1, Sum: 0.1]
      [Code Root Scanning (ms): Min: 0.0, Avg: 0.0, Max: 0.0, Diff: 0.0, Sum: 0.0]
      [Object Copy (ms): Min: 0.0, Avg: 0.0, Max: 0.1, Diff: 0.1, Sum: 0.5]
      [Termination (ms): Min: 0.0, Avg: 1.5, Max: 2.3, Diff: 2.3, Sum: 27.8]
         [Termination Attempts: Min: 1, Avg: 1.0, Max: 1, Diff: 0, Sum: 18]
      [GC Worker Other (ms): Min: 0.0, Avg: 0.0, Max: 0.0, Diff: 0.0, Sum: 0.1]
      [GC Worker Total (ms): Min: 0.0, Avg: 1.6, Max: 2.6, Diff: 2.6, Sum: 29.0]
      [GC Worker End (ms): Min: 3927.7, Avg: 3927.7, Max: 3927.8, Diff: 0.2]
   [Code Root Fixup: 0.0 ms]
   [Code Root Purge: 0.0 ms]
   [Clear CT: 1.0 ms]
   [Other: 7.5 ms]
      [Choose CSet: 0.0 ms]
      [Ref Proc: 6.6 ms]
      [Ref Enq: 0.0 ms]
      [Redirty Cards: 0.8 ms]
      [Humongous Register: 0.0 ms]
      [Humongous Reclaim: 0.0 ms]
      [Free CSet: 0.0 ms]
   [Eden: 2048.0K(2048.0K)->0.0B(15360.0K) Survivors: 1024.0K->1024.0K Heap: 34350.6K(65536.0K)->30637.6K(65536.0K)]
 [Times: user=0.12 sys=0.00, real=0.01 secs] 
2026-06-17T09:48:41.747+0800: 3.948: [GC pause (G1 Humongous Allocation) (young) (initial-mark), 0.0111098 secs]
   [Parallel Time: 7.4 ms, GC Workers: 18]
      [GC Worker Start (ms): Min: 3948.6, Avg: 3948.9, Max: 3949.2, Diff: 0.6]
      [Ext Root Scanning (ms): Min: 0.0, Avg: 1.5, Max: 6.0, Diff: 6.0, Sum: 27.0]
      [Update RS (ms): Min: 0.0, Avg: 0.0, Max: 0.1, Diff: 0.1, Sum: 0.2]
         [Processed Buffers: Min: 0, Avg: 0.4, Max: 4, Diff: 4, Sum: 7]
      [Scan RS (ms): Min: 0.0, Avg: 0.0, Max: 0.0, Diff: 0.0, Sum: 0.0]
      [Code Root Scanning (ms): Min: 0.0, Avg: 0.0, Max: 0.0, Diff: 0.0, Sum: 0.0]
      [Object Copy (ms): Min: 0.0, Avg: 0.0, Max: 0.1, Diff: 0.1, Sum: 0.3]
      [Termination (ms): Min: 0.0, Avg: 4.8, Max: 5.9, Diff: 5.9, Sum: 85.6]
         [Termination Attempts: Min: 1, Avg: 1.1, Max: 2, Diff: 1, Sum: 19]
      [GC Worker Other (ms): Min: 0.0, Avg: 0.0, Max: 0.0, Diff: 0.0, Sum: 0.1]
      [GC Worker Total (ms): Min: 6.0, Avg: 6.3, Max: 6.6, Diff: 0.6, Sum: 113.1]
      [GC Worker End (ms): Min: 3955.2, Avg: 3955.2, Max: 3955.3, Diff: 0.1]
   [Code Root Fixup: 0.0 ms]
   [Code Root Purge: 0.0 ms]
   [Clear CT: 0.9 ms]
   [Other: 2.9 ms]
      [Choose CSet: 0.0 ms]
      [Ref Proc: 2.0 ms]
      [Ref Enq: 0.0 ms]
      [Redirty Cards: 0.8 ms]
      [Humongous Register: 0.0 ms]
      [Humongous Reclaim: 0.0 ms]
      [Free CSet: 0.0 ms]
   [Eden: 6144.0K(15360.0K)->0.0B(13312.0K) Survivors: 1024.0K->2048.0K Heap: 35879.7K(65536.0K)->32481.7K(65536.0K)]
 [Times: user=0.10 sys=0.00, real=0.01 secs] 
2026-06-17T09:48:41.760+0800: 3.961: [GC concurrent-root-region-scan-start]
2026-06-17T09:48:41.760+0800: 3.961: [GC concurrent-root-region-scan-end, 0.0002210 secs]
2026-06-17T09:48:41.760+0800: 3.961: [GC concurrent-mark-start]
2026-06-17T09:48:41.760+0800: 3.961: [GC concurrent-mark-end, 0.0004199 secs]
2026-06-17T09:48:41.760+0800: 3.962: [GC remark 2026-06-17T09:48:41.761+0800: 3.962: [Finalize Marking, 0.0031838 secs] 2026-06-17T09:48:41.764+0800: 3.966: [GC ref-proc, 0.0006083 secs] 2026-06-17T09:48:41.766+0800: 3.967: [Unloading, 0.0014710 secs], 0.0078985 secs]
 [Times: user=0.02 sys=0.01, real=0.01 secs] 
2026-06-17T09:48:41.769+0800: 3.970: [GC cleanup 33266K->33266K(65536K), 0.0033259 secs]
 [Times: user=0.00 sys=0.00, real=0.01 secs] 
2026-06-17T09:48:41.805+0800: 4.006: [GC pause (G1 Evacuation Pause) (young), 0.0121220 secs]
   [Parallel Time: 3.0 ms, GC Workers: 18]
      [GC Worker Start (ms): Min: 4006.0, Avg: 4007.0, Max: 4007.9, Diff: 1.9]
      [Ext Root Scanning (ms): Min: 0.0, Avg: 0.0, Max: 0.2, Diff: 0.2, Sum: 0.3]
      [Update RS (ms): Min: 0.0, Avg: 0.0, Max: 0.0, Diff: 0.0, Sum: 0.0]
         [Processed Buffers: Min: 0, Avg: 0.2, Max: 2, Diff: 2, Sum: 3]
      [Scan RS (ms): Min: 0.0, Avg: 0.0, Max: 0.0, Diff: 0.0, Sum: 0.0]
      [Code Root Scanning (ms): Min: 0.0, Avg: 0.0, Max: 0.0, Diff: 0.0, Sum: 0.0]
      [Object Copy (ms): Min: 0.0, Avg: 0.0, Max: 0.2, Diff: 0.2, Sum: 0.6]
      [Termination (ms): Min: 0.0, Avg: 0.8, Max: 1.6, Diff: 1.6, Sum: 14.9]
         [Termination Attempts: Min: 1, Avg: 1.0, Max: 1, Diff: 0, Sum: 18]
      [GC Worker Other (ms): Min: 0.0, Avg: 0.0, Max: 0.0, Diff: 0.0, Sum: 0.1]
      [GC Worker Total (ms): Min: 0.0, Avg: 0.9, Max: 2.0, Diff: 2.0, Sum: 16.0]
      [GC Worker End (ms): Min: 4007.9, Avg: 4007.9, Max: 4008.0, Diff: 0.2]
   [Code Root Fixup: 0.0 ms]
   [Code Root Purge: 0.0 ms]
   [Clear CT: 1.4 ms]
   [Other: 7.7 ms]
      [Choose CSet: 0.0 ms]
      [Ref Proc: 6.4 ms]
      [Ref Enq: 0.0 ms]
      [Redirty Cards: 1.2 ms]
      [Humongous Register: 0.0 ms]
      [Humongous Reclaim: 0.0 ms]
      [Free CSet: 0.0 ms]
   [Eden: 13312.0K(13312.0K)->0.0B(1024.0K) Survivors: 2048.0K->2048.0K Heap: 46578.7K(65536.0K)->35906.6K(65536.0K)]
 [Times: user=0.10 sys=0.01, real=0.01 secs] 
2026-06-17T09:48:41.818+0800: 4.019: [GC pause (G1 Evacuation Pause) (mixed), 0.0071779 secs]
   [Parallel Time: 2.6 ms, GC Workers: 18]
      [GC Worker Start (ms): Min: 4019.6, Avg: 4020.2, Max: 4021.6, Diff: 2.0]
      [Ext Root Scanning (ms): Min: 0.0, Avg: 0.0, Max: 0.2, Diff: 0.2, Sum: 0.5]
      [Update RS (ms): Min: 0.0, Avg: 0.0, Max: 0.0, Diff: 0.0, Sum: 0.0]
         [Processed Buffers: Min: 0, Avg: 0.2, Max: 1, Diff: 1, Sum: 4]
      [Scan RS (ms): Min: 0.0, Avg: 0.0, Max: 0.0, Diff: 0.0, Sum: 0.0]
      [Code Root Scanning (ms): Min: 0.0, Avg: 0.0, Max: 0.0, Diff: 0.0, Sum: 0.0]
      [Object Copy (ms): Min: 0.0, Avg: 0.1, Max: 0.2, Diff: 0.2, Sum: 1.0]
      [Termination (ms): Min: 0.0, Avg: 1.3, Max: 1.8, Diff: 1.8, Sum: 23.3]
         [Termination Attempts: Min: 1, Avg: 1.0, Max: 1, Diff: 0, Sum: 18]
      [GC Worker Other (ms): Min: 0.0, Avg: 0.0, Max: 0.0, Diff: 0.0, Sum: 0.1]
      [GC Worker Total (ms): Min: 0.0, Avg: 1.4, Max: 2.1, Diff: 2.1, Sum: 24.9]
      [GC Worker End (ms): Min: 4021.6, Avg: 4021.6, Max: 4021.7, Diff: 0.2]
   [Code Root Fixup: 0.0 ms]
   [Code Root Purge: 0.0 ms]
   [Clear CT: 1.5 ms]
   [Other: 3.1 ms]
      [Choose CSet: 0.0 ms]
      [Ref Proc: 2.0 ms]
      [Ref Enq: 0.0 ms]
      [Redirty Cards: 1.1 ms]
      [Humongous Register: 0.0 ms]
      [Humongous Reclaim: 0.0 ms]
      [Free CSet: 0.0 ms]
   [Eden: 1024.0K(1024.0K)->0.0B(2048.0K) Survivors: 2048.0K->1024.0K Heap: 36930.6K(65536.0K)->33390.1K(65536.0K)]
 [Times: user=0.04 sys=0.00, real=0.01 secs] 
2026-06-17T09:48:41.837+0800: 4.038: [GC pause (G1 Evacuation Pause) (mixed), 0.0126577 secs]
   [Parallel Time: 8.0 ms, GC Workers: 18]
      [GC Worker Start (ms): Min: 4038.3, Avg: 4039.6, Max: 4045.6, Diff: 7.3]
      [Ext Root Scanning (ms): Min: 0.0, Avg: 0.0, Max: 0.2, Diff: 0.2, Sum: 0.4]
      [Update RS (ms): Min: 0.0, Avg: 0.0, Max: 0.0, Diff: 0.0, Sum: 0.0]
         [Processed Buffers: Min: 0, Avg: 0.3, Max: 2, Diff: 2, Sum: 6]
      [Scan RS (ms): Min: 0.0, Avg: 0.0, Max: 0.0, Diff: 0.0, Sum: 0.1]
      [Code Root Scanning (ms): Min: 0.0, Avg: 0.0, Max: 0.0, Diff: 0.0, Sum: 0.0]
      [Object Copy (ms): Min: 0.0, Avg: 0.1, Max: 0.3, Diff: 0.3, Sum: 1.2]
      [Termination (ms): Min: 0.0, Avg: 5.9, Max: 6.9, Diff: 6.9, Sum: 107.0]
         [Termination Attempts: Min: 1, Avg: 1.0, Max: 1, Diff: 0, Sum: 18]
      [GC Worker Other (ms): Min: 0.0, Avg: 0.0, Max: 0.0, Diff: 0.0, Sum: 0.1]
      [GC Worker Total (ms): Min: 0.0, Avg: 6.0, Max: 7.3, Diff: 7.3, Sum: 108.8]
      [GC Worker End (ms): Min: 4045.6, Avg: 4045.6, Max: 4045.7, Diff: 0.1]
   [Code Root Fixup: 0.0 ms]
   [Code Root Purge: 0.0 ms]
   [Clear CT: 1.4 ms]
   [Other: 3.3 ms]
      [Choose CSet: 0.0 ms]
      [Ref Proc: 2.3 ms]
      [Ref Enq: 0.0 ms]
      [Redirty Cards: 1.0 ms]
      [Humongous Register: 0.0 ms]
      [Humongous Reclaim: 0.0 ms]
      [Free CSet: 0.0 ms]
   [Eden: 2048.0K(2048.0K)->0.0B(12288.0K) Survivors: 1024.0K->1024.0K Heap: 35438.1K(65536.0K)->34448.6K(65536.0K)]
 [Times: user=0.12 sys=0.01, real=0.01 secs] 
2026-06-17T09:48:41.872+0800: 4.073: [GC pause (G1 Evacuation Pause) (young), 0.0122846 secs]
   [Parallel Time: 8.8 ms, GC Workers: 18]
      [GC Worker Start (ms): Min: 4073.4, Avg: 4074.7, Max: 4081.5, Diff: 8.1]
      [Ext Root Scanning (ms): Min: 0.0, Avg: 0.0, Max: 0.2, Diff: 0.2, Sum: 0.3]
      [Update RS (ms): Min: 0.0, Avg: 0.0, Max: 0.1, Diff: 0.1, Sum: 0.1]
         [Processed Buffers: Min: 0, Avg: 0.3, Max: 3, Diff: 3, Sum: 5]
      [Scan RS (ms): Min: 0.0, Avg: 0.0, Max: 0.0, Diff: 0.0, Sum: 0.0]
      [Code Root Scanning (ms): Min: 0.0, Avg: 0.0, Max: 0.0, Diff: 0.0, Sum: 0.0]
      [Object Copy (ms): Min: 0.0, Avg: 0.1, Max: 0.3, Diff: 0.3, Sum: 1.0]
      [Termination (ms): Min: 0.0, Avg: 6.8, Max: 7.8, Diff: 7.8, Sum: 122.8]
         [Termination Attempts: Min: 1, Avg: 1.0, Max: 1, Diff: 0, Sum: 18]
      [GC Worker Other (ms): Min: 0.0, Avg: 0.0, Max: 0.0, Diff: 0.0, Sum: 0.1]
      [GC Worker Total (ms): Min: 0.0, Avg: 6.9, Max: 8.2, Diff: 8.2, Sum: 124.2]
      [GC Worker End (ms): Min: 4081.5, Avg: 4081.6, Max: 4081.7, Diff: 0.2]
   [Code Root Fixup: 0.0 ms]
   [Code Root Purge: 0.0 ms]
   [Clear CT: 0.9 ms]
   [Other: 2.6 ms]
      [Choose CSet: 0.0 ms]
      [Ref Proc: 2.0 ms]
      [Ref Enq: 0.0 ms]
      [Redirty Cards: 0.6 ms]
      [Humongous Register: 0.0 ms]
      [Humongous Reclaim: 0.0 ms]
      [Free CSet: 0.0 ms]
   [Eden: 12288.0K(12288.0K)->0.0B(9216.0K) Survivors: 1024.0K->2048.0K Heap: 46736.6K(65536.0K)->39565.6K(65536.0K)]
 [Times: user=0.14 sys=0.00, real=0.01 secs] 
2026-06-17T09:48:41.906+0800: 4.108: [GC pause (G1 Evacuation Pause) (young) (initial-mark), 0.0130250 secs]
   [Parallel Time: 7.7 ms, GC Workers: 18]
      [GC Worker Start (ms): Min: 4107.8, Avg: 4108.3, Max: 4108.8, Diff: 1.0]
      [Ext Root Scanning (ms): Min: 0.0, Avg: 1.7, Max: 5.7, Diff: 5.7, Sum: 30.1]
      [Update RS (ms): Min: 0.0, Avg: 0.0, Max: 0.0, Diff: 0.0, Sum: 0.0]
         [Processed Buffers: Min: 0, Avg: 0.2, Max: 4, Diff: 4, Sum: 4]
      [Scan RS (ms): Min: 0.0, Avg: 0.0, Max: 0.0, Diff: 0.0, Sum: 0.0]
      [Code Root Scanning (ms): Min: 0.0, Avg: 0.0, Max: 0.0, Diff: 0.0, Sum: 0.0]
      [Object Copy (ms): Min: 0.0, Avg: 0.1, Max: 0.3, Diff: 0.3, Sum: 0.9]
      [Termination (ms): Min: 0.0, Avg: 4.5, Max: 5.4, Diff: 5.4, Sum: 80.7]
         [Termination Attempts: Min: 1, Avg: 1.1, Max: 2, Diff: 1, Sum: 19]
      [GC Worker Other (ms): Min: 0.0, Avg: 0.0, Max: 0.0, Diff: 0.0, Sum: 0.1]
      [GC Worker Total (ms): Min: 5.7, Avg: 6.2, Max: 6.7, Diff: 1.0, Sum: 111.8]
      [GC Worker End (ms): Min: 4114.4, Avg: 4114.5, Max: 4114.6, Diff: 0.2]
   [Code Root Fixup: 0.0 ms]
   [Code Root Purge: 0.0 ms]
   [Clear CT: 1.3 ms]
   [Other: 4.0 ms]
      [Choose CSet: 0.0 ms]
      [Ref Proc: 2.8 ms]
      [Ref Enq: 0.0 ms]
      [Redirty Cards: 1.1 ms]
      [Humongous Register: 0.0 ms]
      [Humongous Reclaim: 0.0 ms]
      [Free CSet: 0.0 ms]
   [Eden: 9216.0K(9216.0K)->0.0B(5120.0K) Survivors: 2048.0K->2048.0K Heap: 48781.6K(65536.0K)->44165.6K(65536.0K)]
 [Times: user=0.10 sys=0.00, real=0.01 secs] 
2026-06-17T09:48:41.921+0800: 4.122: [GC concurrent-root-region-scan-start]
2026-06-17T09:48:41.921+0800: 4.123: [GC concurrent-root-region-scan-end, 0.0002995 secs]
2026-06-17T09:48:41.921+0800: 4.123: [GC concurrent-mark-start]
2026-06-17T09:48:41.922+0800: 4.123: [GC concurrent-mark-end, 0.0002540 secs]
2026-06-17T09:48:41.922+0800: 4.123: [GC remark 2026-06-17T09:48:41.922+0800: 4.124: [Finalize Marking, 0.0029621 secs] 2026-06-17T09:48:41.926+0800: 4.127: [GC ref-proc, 0.0006871 secs] 2026-06-17T09:48:41.927+0800: 4.128: [Unloading, 0.0017347 secs], 0.0084711 secs]
 [Times: user=0.02 sys=0.00, real=0.02 secs] 
2026-06-17T09:48:41.931+0800: 4.133: [GC cleanup 45189K->38021K(65536K), 0.0036292 secs]
 [Times: user=0.00 sys=0.00, real=0.00 secs] 
2026-06-17T09:48:41.936+0800: 4.137: [GC concurrent-cleanup-start]
2026-06-17T09:48:41.936+0800: 4.137: [GC concurrent-cleanup-end, 0.0000123 secs]
2026-06-17T09:48:41.947+0800: 4.148: [GC pause (G1 Evacuation Pause) (young), 0.0138792 secs]
   [Parallel Time: 8.8 ms, GC Workers: 18]
      [GC Worker Start (ms): Min: 4148.0, Avg: 4149.3, Max: 4155.8, Diff: 7.9]
      [Ext Root Scanning (ms): Min: 0.0, Avg: 0.0, Max: 0.2, Diff: 0.2, Sum: 0.4]
      [Update RS (ms): Min: 0.0, Avg: 0.0, Max: 0.0, Diff: 0.0, Sum: 0.0]
         [Processed Buffers: Min: 0, Avg: 0.2, Max: 2, Diff: 2, Sum: 4]
      [Scan RS (ms): Min: 0.0, Avg: 0.0, Max: 0.0, Diff: 0.0, Sum: 0.0]
      [Code Root Scanning (ms): Min: 0.0, Avg: 0.0, Max: 0.0, Diff: 0.0, Sum: 0.0]
      [Object Copy (ms): Min: 0.0, Avg: 0.0, Max: 0.1, Diff: 0.1, Sum: 0.5]
      [Termination (ms): Min: 0.0, Avg: 6.5, Max: 7.7, Diff: 7.7, Sum: 117.6]
         [Termination Attempts: Min: 1, Avg: 1.0, Max: 1, Diff: 0, Sum: 18]
      [GC Worker Other (ms): Min: 0.0, Avg: 0.0, Max: 0.0, Diff: 0.0, Sum: 0.1]
      [GC Worker Total (ms): Min: 0.0, Avg: 6.6, Max: 8.0, Diff: 8.0, Sum: 118.5]
      [GC Worker End (ms): Min: 4155.8, Avg: 4155.9, Max: 4156.0, Diff: 0.1]
   [Code Root Fixup: 0.0 ms]
   [Code Root Purge: 0.0 ms]
   [Clear CT: 1.7 ms]
   [Other: 3.4 ms]
      [Choose CSet: 0.0 ms]
      [Ref Proc: 2.3 ms]
      [Ref Enq: 0.0 ms]
      [Redirty Cards: 1.0 ms]
      [Humongous Register: 0.0 ms]
      [Humongous Reclaim: 0.0 ms]
      [Free CSet: 0.0 ms]
   [Eden: 5120.0K(5120.0K)->0.0B(2048.0K) Survivors: 2048.0K->1024.0K Heap: 42117.6K(65536.0K)->38080.6K(65536.0K)]
 [Times: user=0.13 sys=0.00, real=0.01 secs] 
2026-06-17T09:48:41.962+0800: 4.163: [GC pause (G1 Evacuation Pause) (mixed), 0.0053529 secs]
   [Parallel Time: 1.8 ms, GC Workers: 18]
      [GC Worker Start (ms): Min: 4163.1, Avg: 4163.8, Max: 4164.4, Diff: 1.3]
      [Ext Root Scanning (ms): Min: 0.0, Avg: 0.0, Max: 0.2, Diff: 0.2, Sum: 0.4]
      [Update RS (ms): Min: 0.0, Avg: 0.0, Max: 0.0, Diff: 0.0, Sum: 0.0]
         [Processed Buffers: Min: 0, Avg: 0.2, Max: 1, Diff: 1, Sum: 3]
      [Scan RS (ms): Min: 0.0, Avg: 0.0, Max: 0.0, Diff: 0.0, Sum: 0.0]
      [Code Root Scanning (ms): Min: 0.0, Avg: 0.0, Max: 0.0, Diff: 0.0, Sum: 0.0]
      [Object Copy (ms): Min: 0.0, Avg: 0.0, Max: 0.1, Diff: 0.1, Sum: 0.4]
      [Termination (ms): Min: 0.0, Avg: 0.6, Max: 1.1, Diff: 1.1, Sum: 10.7]
         [Termination Attempts: Min: 1, Avg: 1.0, Max: 1, Diff: 0, Sum: 18]
      [GC Worker Other (ms): Min: 0.0, Avg: 0.0, Max: 0.0, Diff: 0.0, Sum: 0.1]
      [GC Worker Total (ms): Min: 0.0, Avg: 0.6, Max: 1.4, Diff: 1.4, Sum: 11.6]
      [GC Worker End (ms): Min: 4164.4, Avg: 4164.5, Max: 4164.6, Diff: 0.1]
   [Code Root Fixup: 0.0 ms]
   [Code Root Purge: 0.0 ms]
   [Clear CT: 0.7 ms]
   [Other: 2.8 ms]
      [Choose CSet: 0.0 ms]
      [Ref Proc: 1.9 ms]
      [Ref Enq: 0.0 ms]
      [Redirty Cards: 0.8 ms]
      [Humongous Register: 0.0 ms]
      [Humongous Reclaim: 0.0 ms]
      [Free CSet: 0.0 ms]
   [Eden: 2048.0K(2048.0K)->0.0B(2048.0K) Survivors: 1024.0K->1024.0K Heap: 40128.6K(65536.0K)->32813.6K(65536.0K)]
 [Times: user=0.03 sys=0.00, real=0.01 secs] 
2026-06-17T09:48:41.969+0800: 4.170: [GC pause (G1 Evacuation Pause) (mixed), 0.0087335 secs]
   [Parallel Time: 5.8 ms, GC Workers: 18]
      [GC Worker Start (ms): Min: 4170.0, Avg: 4172.0, Max: 4175.4, Diff: 5.4]
      [Ext Root Scanning (ms): Min: 0.0, Avg: 0.0, Max: 0.2, Diff: 0.2, Sum: 0.5]
      [Update RS (ms): Min: 0.0, Avg: 0.0, Max: 0.0, Diff: 0.0, Sum: 0.0]
         [Processed Buffers: Min: 0, Avg: 0.3, Max: 2, Diff: 2, Sum: 6]
      [Scan RS (ms): Min: 0.0, Avg: 0.0, Max: 0.0, Diff: 0.0, Sum: 0.0]
      [Code Root Scanning (ms): Min: 0.0, Avg: 0.0, Max: 0.0, Diff: 0.0, Sum: 0.0]
      [Object Copy (ms): Min: 0.0, Avg: 0.0, Max: 0.1, Diff: 0.1, Sum: 0.7]
      [Termination (ms): Min: 0.0, Avg: 3.3, Max: 5.2, Diff: 5.2, Sum: 59.5]
         [Termination Attempts: Min: 1, Avg: 1.0, Max: 1, Diff: 0, Sum: 18]
      [GC Worker Other (ms): Min: 0.0, Avg: 0.0, Max: 0.0, Diff: 0.0, Sum: 0.1]
      [GC Worker Total (ms): Min: 0.0, Avg: 3.4, Max: 5.5, Diff: 5.4, Sum: 60.8]
      [GC Worker End (ms): Min: 4175.4, Avg: 4175.4, Max: 4175.5, Diff: 0.2]
   [Code Root Fixup: 0.0 ms]
   [Code Root Purge: 0.0 ms]
   [Clear CT: 0.8 ms]
   [Other: 2.1 ms]
      [Choose CSet: 0.0 ms]
      [Ref Proc: 1.6 ms]
      [Ref Enq: 0.0 ms]
      [Redirty Cards: 0.5 ms]
      [Humongous Register: 0.0 ms]
      [Humongous Reclaim: 0.0 ms]
      [Free CSet: 0.0 ms]
   [Eden: 2048.0K(2048.0K)->0.0B(2048.0K) Survivors: 1024.0K->1024.0K Heap: 34861.6K(65536.0K)->30566.6K(65536.0K)]
 [Times: user=0.07 sys=0.00, real=0.01 secs] 
2026-06-17T09:48:41.989+0800: 4.190: [GC pause (G1 Evacuation Pause) (mixed), 0.0098201 secs]
   [Parallel Time: 6.1 ms, GC Workers: 18]
      [GC Worker Start (ms): Min: 4190.3, Avg: 4191.5, Max: 4195.6, Diff: 5.4]
      [Ext Root Scanning (ms): Min: 0.0, Avg: 0.0, Max: 0.2, Diff: 0.2, Sum: 0.5]
      [Update RS (ms): Min: 0.0, Avg: 0.0, Max: 0.2, Diff: 0.2, Sum: 0.2]
         [Processed Buffers: Min: 0, Avg: 0.3, Max: 2, Diff: 2, Sum: 5]
      [Scan RS (ms): Min: 0.0, Avg: 0.0, Max: 0.1, Diff: 0.1, Sum: 0.1]
      [Code Root Scanning (ms): Min: 0.0, Avg: 0.0, Max: 0.0, Diff: 0.0, Sum: 0.0]
      [Object Copy (ms): Min: 0.0, Avg: 0.0, Max: 0.2, Diff: 0.2, Sum: 0.7]
      [Termination (ms): Min: 0.0, Avg: 4.1, Max: 5.1, Diff: 5.1, Sum: 74.1]
         [Termination Attempts: Min: 1, Avg: 1.1, Max: 2, Diff: 1, Sum: 19]
      [GC Worker Other (ms): Min: 0.0, Avg: 0.0, Max: 0.0, Diff: 0.0, Sum: 0.1]
      [GC Worker Total (ms): Min: 0.0, Avg: 4.2, Max: 5.5, Diff: 5.5, Sum: 75.8]
      [GC Worker End (ms): Min: 4195.7, Avg: 4195.7, Max: 4195.9, Diff: 0.2]
   [Code Root Fixup: 0.0 ms]
   [Code Root Purge: 0.0 ms]
   [Clear CT: 0.8 ms]
   [Other: 3.0 ms]
      [Choose CSet: 0.0 ms]
      [Ref Proc: 2.0 ms]
      [Ref Enq: 0.0 ms]
      [Redirty Cards: 0.9 ms]
      [Humongous Register: 0.0 ms]
      [Humongous Reclaim: 0.0 ms]
      [Free CSet: 0.0 ms]
   [Eden: 2048.0K(2048.0K)->0.0B(16384.0K) Survivors: 1024.0K->1024.0K Heap: 32614.6K(65536.0K)->31391.6K(65536.0K)]
 [Times: user=0.09 sys=0.00, real=0.01 secs] 
2026-06-17T09:48:42.042+0800: 4.243: [GC pause (G1 Evacuation Pause) (young), 0.0216188 secs]
   [Parallel Time: 2.7 ms, GC Workers: 18]
      [GC Worker Start (ms): Min: 4242.9, Avg: 4243.9, Max: 4244.8, Diff: 2.0]
      [Ext Root Scanning (ms): Min: 0.0, Avg: 0.0, Max: 0.2, Diff: 0.2, Sum: 0.3]
      [Update RS (ms): Min: 0.0, Avg: 0.0, Max: 0.1, Diff: 0.1, Sum: 0.2]
         [Processed Buffers: Min: 0, Avg: 0.3, Max: 3, Diff: 3, Sum: 6]
      [Scan RS (ms): Min: 0.0, Avg: 0.0, Max: 0.0, Diff: 0.0, Sum: 0.0]
      [Code Root Scanning (ms): Min: 0.0, Avg: 0.0, Max: 0.0, Diff: 0.0, Sum: 0.0]
      [Object Copy (ms): Min: 0.0, Avg: 0.0, Max: 0.2, Diff: 0.2, Sum: 0.5]
      [Termination (ms): Min: 0.0, Avg: 1.0, Max: 1.8, Diff: 1.8, Sum: 18.5]
         [Termination Attempts: Min: 1, Avg: 1.0, Max: 1, Diff: 0, Sum: 18]
      [GC Worker Other (ms): Min: 0.0, Avg: 0.0, Max: 0.0, Diff: 0.0, Sum: 0.1]
      [GC Worker Total (ms): Min: 0.0, Avg: 1.1, Max: 2.2, Diff: 2.2, Sum: 19.7]
      [GC Worker End (ms): Min: 4244.8, Avg: 4245.0, Max: 4245.1, Diff: 0.3]
   [Code Root Fixup: 0.0 ms]
   [Code Root Purge: 0.0 ms]
   [Clear CT: 1.9 ms]
   [Other: 17.0 ms]
      [Choose CSet: 0.0 ms]
      [Ref Proc: 15.4 ms]
      [Ref Enq: 0.0 ms]
      [Redirty Cards: 1.5 ms]
      [Humongous Register: 0.0 ms]
      [Humongous Reclaim: 0.0 ms]
      [Free CSet: 0.0 ms]
   [Eden: 16384.0K(16384.0K)->0.0B(14336.0K) Survivors: 1024.0K->3072.0K Heap: 47775.6K(65536.0K)->34538.6K(65536.0K)]
 [Times: user=0.18 sys=0.01, real=0.03 secs] 
2026-06-17T09:48:42.074+0800: 4.276: [GC pause (G1 Humongous Allocation) (young) (initial-mark), 0.0234219 secs]
   [Parallel Time: 16.6 ms, GC Workers: 18]
      [GC Worker Start (ms): Min: 4275.8, Avg: 4276.2, Max: 4276.5, Diff: 0.6]
      [Ext Root Scanning (ms): Min: 0.0, Avg: 5.5, Max: 14.8, Diff: 14.8, Sum: 98.8]
      [Update RS (ms): Min: 0.0, Avg: 0.0, Max: 0.0, Diff: 0.0, Sum: 0.0]
         [Processed Buffers: Min: 0, Avg: 0.2, Max: 4, Diff: 4, Sum: 4]
      [Scan RS (ms): Min: 0.0, Avg: 0.0, Max: 0.0, Diff: 0.0, Sum: 0.0]
      [Code Root Scanning (ms): Min: 0.0, Avg: 0.0, Max: 0.0, Diff: 0.0, Sum: 0.0]
      [Object Copy (ms): Min: 0.0, Avg: 0.0, Max: 0.2, Diff: 0.2, Sum: 0.5]
      [Termination (ms): Min: 0.0, Avg: 9.6, Max: 14.7, Diff: 14.7, Sum: 173.4]
         [Termination Attempts: Min: 1, Avg: 1.0, Max: 1, Diff: 0, Sum: 18]
      [GC Worker Other (ms): Min: 0.0, Avg: 0.0, Max: 0.0, Diff: 0.0, Sum: 0.1]
      [GC Worker Total (ms): Min: 14.8, Avg: 15.2, Max: 15.5, Diff: 0.7, Sum: 272.9]
      [GC Worker End (ms): Min: 4291.2, Avg: 4291.3, Max: 4291.5, Diff: 0.3]
   [Code Root Fixup: 0.0 ms]
   [Code Root Purge: 0.0 ms]
   [Clear CT: 0.9 ms]
   [Other: 6.0 ms]
      [Choose CSet: 0.0 ms]
      [Ref Proc: 5.1 ms]
      [Ref Enq: 0.0 ms]
      [Redirty Cards: 0.8 ms]
      [Humongous Register: 0.0 ms]
      [Humongous Reclaim: 0.0 ms]
      [Free CSet: 0.0 ms]
   [Eden: 7168.0K(14336.0K)->0.0B(14336.0K) Survivors: 3072.0K->2048.0K Heap: 41644.7K(65536.0K)->35162.7K(65536.0K)]
 [Times: user=0.24 sys=0.00, real=0.02 secs] 
2026-06-17T09:48:42.099+0800: 4.300: [GC concurrent-root-region-scan-start]
2026-06-17T09:48:42.099+0800: 4.300: [GC concurrent-root-region-scan-end, 0.0002515 secs]
2026-06-17T09:48:42.099+0800: 4.301: [GC concurrent-mark-start]
2026-06-17T09:48:42.100+0800: 4.301: [GC concurrent-mark-end, 0.0003215 secs]
2026-06-17T09:48:42.100+0800: 4.301: [GC remark 2026-06-17T09:48:42.100+0800: 4.301: [Finalize Marking, 0.0071132 secs] 2026-06-17T09:48:42.108+0800: 4.309: [GC ref-proc, 0.0006321 secs] 2026-06-17T09:48:42.109+0800: 4.310: [Unloading, 0.0024791 secs], 0.0130080 secs]
 [Times: user=0.08 sys=0.00, real=0.02 secs] 
2026-06-17T09:48:42.114+0800: 4.315: [GC cleanup 37649K->34577K(65536K), 0.0032927 secs]
 [Times: user=0.00 sys=0.00, real=0.00 secs] 
2026-06-17T09:48:42.119+0800: 4.320: [GC concurrent-cleanup-start]
2026-06-17T09:48:42.119+0800: 4.320: [GC concurrent-cleanup-end, 0.0000082 secs]
2026-06-17T09:48:42.150+0800: 4.351: [GC pause (G1 Evacuation Pause) (young), 0.0132227 secs]
   [Parallel Time: 8.8 ms, GC Workers: 18]
      [GC Worker Start (ms): Min: 4351.2, Avg: 4353.8, Max: 4359.7, Diff: 8.5]
      [Ext Root Scanning (ms): Min: 0.0, Avg: 0.0, Max: 0.2, Diff: 0.2, Sum: 0.4]
      [Update RS (ms): Min: 0.0, Avg: 0.0, Max: 0.0, Diff: 0.0, Sum: 0.0]
         [Processed Buffers: Min: 0, Avg: 0.2, Max: 2, Diff: 2, Sum: 4]
      [Scan RS (ms): Min: 0.0, Avg: 0.0, Max: 0.0, Diff: 0.0, Sum: 0.0]
      [Code Root Scanning (ms): Min: 0.0, Avg: 0.0, Max: 0.0, Diff: 0.0, Sum: 0.0]
      [Object Copy (ms): Min: 0.0, Avg: 0.0, Max: 0.2, Diff: 0.2, Sum: 0.8]
      [Termination (ms): Min: 0.0, Avg: 5.9, Max: 8.2, Diff: 8.2, Sum: 105.9]
         [Termination Attempts: Min: 1, Avg: 1.0, Max: 1, Diff: 0, Sum: 18]
      [GC Worker Other (ms): Min: 0.0, Avg: 0.0, Max: 0.0, Diff: 0.0, Sum: 0.1]
      [GC Worker Total (ms): Min: 0.0, Avg: 6.0, Max: 8.7, Diff: 8.7, Sum: 107.2]
      [GC Worker End (ms): Min: 4359.7, Avg: 4359.8, Max: 4359.9, Diff: 0.2]
   [Code Root Fixup: 0.0 ms]
   [Code Root Purge: 0.0 ms]
   [Clear CT: 1.1 ms]
   [Other: 3.3 ms]
      [Choose CSet: 0.0 ms]
      [Ref Proc: 2.4 ms]
      [Ref Enq: 0.0 ms]
      [Redirty Cards: 0.8 ms]
      [Humongous Register: 0.0 ms]
      [Humongous Reclaim: 0.0 ms]
      [Free CSet: 0.0 ms]
   [Eden: 14336.0K(14336.0K)->0.0B(1024.0K) Survivors: 2048.0K->2048.0K Heap: 47399.7K(65536.0K)->36749.6K(65536.0K)]
 [Times: user=0.13 sys=0.00, real=0.02 secs] 
2026-06-17T09:48:42.165+0800: 4.366: [GC pause (G1 Evacuation Pause) (mixed), 0.0079220 secs]
   [Parallel Time: 2.9 ms, GC Workers: 18]
      [GC Worker Start (ms): Min: 4365.8, Avg: 4366.9, Max: 4368.1, Diff: 2.3]
      [Ext Root Scanning (ms): Min: 0.0, Avg: 0.0, Max: 0.2, Diff: 0.2, Sum: 0.3]
      [Update RS (ms): Min: 0.0, Avg: 0.0, Max: 0.0, Diff: 0.0, Sum: 0.0]
         [Processed Buffers: Min: 0, Avg: 0.2, Max: 2, Diff: 2, Sum: 4]
      [Scan RS (ms): Min: 0.0, Avg: 0.0, Max: 0.0, Diff: 0.0, Sum: 0.1]
      [Code Root Scanning (ms): Min: 0.0, Avg: 0.0, Max: 0.0, Diff: 0.0, Sum: 0.0]
      [Object Copy (ms): Min: 0.0, Avg: 0.1, Max: 0.3, Diff: 0.3, Sum: 1.2]
      [Termination (ms): Min: 0.0, Avg: 1.1, Max: 1.9, Diff: 1.9, Sum: 20.5]
         [Termination Attempts: Min: 1, Avg: 1.0, Max: 1, Diff: 0, Sum: 18]
      [GC Worker Other (ms): Min: 0.0, Avg: 0.0, Max: 0.0, Diff: 0.0, Sum: 0.1]
      [GC Worker Total (ms): Min: 0.0, Avg: 1.2, Max: 2.3, Diff: 2.3, Sum: 22.2]
      [GC Worker End (ms): Min: 4368.1, Avg: 4368.2, Max: 4368.3, Diff: 0.2]
   [Code Root Fixup: 0.0 ms]
   [Code Root Purge: 0.0 ms]
   [Clear CT: 0.6 ms]
   [Other: 4.5 ms]
      [Choose CSet: 0.0 ms]
      [Ref Proc: 3.9 ms]
      [Ref Enq: 0.0 ms]
      [Redirty Cards: 0.5 ms]
      [Humongous Register: 0.0 ms]
      [Humongous Reclaim: 0.0 ms]
      [Free CSet: 0.0 ms]
   [Eden: 1024.0K(1024.0K)->0.0B(15360.0K) Survivors: 2048.0K->1024.0K Heap: 37773.6K(65536.0K)->34364.1K(65536.0K)]
 [Times: user=0.07 sys=0.00, real=0.01 secs] 
2026-06-17T09:48:42.215+0800: 4.417: [GC pause (G1 Evacuation Pause) (young), 0.0159755 secs]
   [Parallel Time: 10.2 ms, GC Workers: 18]
      [GC Worker Start (ms): Min: 4416.7, Avg: 4418.9, Max: 4426.4, Diff: 9.7]
      [Ext Root Scanning (ms): Min: 0.0, Avg: 0.0, Max: 0.2, Diff: 0.2, Sum: 0.3]
      [Update RS (ms): Min: 0.0, Avg: 0.0, Max: 0.1, Diff: 0.1, Sum: 0.2]
         [Processed Buffers: Min: 0, Avg: 0.4, Max: 5, Diff: 5, Sum: 7]
      [Scan RS (ms): Min: 0.0, Avg: 0.0, Max: 0.0, Diff: 0.0, Sum: 0.0]
      [Code Root Scanning (ms): Min: 0.0, Avg: 0.0, Max: 0.0, Diff: 0.0, Sum: 0.0]
      [Object Copy (ms): Min: 0.0, Avg: 0.0, Max: 0.2, Diff: 0.2, Sum: 0.8]
      [Termination (ms): Min: 0.0, Avg: 7.4, Max: 9.4, Diff: 9.4, Sum: 134.1]
         [Termination Attempts: Min: 1, Avg: 1.0, Max: 1, Diff: 0, Sum: 18]
      [GC Worker Other (ms): Min: 0.0, Avg: 0.0, Max: 0.0, Diff: 0.0, Sum: 0.1]
      [GC Worker Total (ms): Min: 0.0, Avg: 7.5, Max: 9.8, Diff: 9.8, Sum: 135.5]
      [GC Worker End (ms): Min: 4426.4, Avg: 4426.4, Max: 4426.5, Diff: 0.2]
   [Code Root Fixup: 0.0 ms]
   [Code Root Purge: 0.0 ms]
   [Clear CT: 1.9 ms]
   [Other: 3.9 ms]
      [Choose CSet: 0.0 ms]
      [Ref Proc: 2.7 ms]
      [Ref Enq: 0.0 ms]
      [Redirty Cards: 1.1 ms]
      [Humongous Register: 0.0 ms]
      [Humongous Reclaim: 0.0 ms]
      [Free CSet: 0.0 ms]
   [Eden: 15360.0K(15360.0K)->0.0B(10240.0K) Survivors: 1024.0K->2048.0K Heap: 49724.1K(65536.0K)->39187.6K(65536.0K)]
 [Times: user=0.16 sys=0.00, real=0.02 secs] 
2026-06-17T09:48:42.254+0800: 4.455: [GC pause (G1 Evacuation Pause) (young) (initial-mark), 0.0133994 secs]
   [Parallel Time: 8.2 ms, GC Workers: 18]
      [GC Worker Start (ms): Min: 4455.0, Avg: 4455.5, Max: 4455.9, Diff: 1.0]
      [Ext Root Scanning (ms): Min: 0.0, Avg: 1.9, Max: 6.8, Diff: 6.8, Sum: 34.8]
      [Update RS (ms): Min: 0.0, Avg: 0.0, Max: 0.0, Diff: 0.0, Sum: 0.0]
         [Processed Buffers: Min: 0, Avg: 0.2, Max: 4, Diff: 4, Sum: 4]
      [Scan RS (ms): Min: 0.0, Avg: 0.0, Max: 0.0, Diff: 0.0, Sum: 0.0]
      [Code Root Scanning (ms): Min: 0.0, Avg: 0.0, Max: 0.0, Diff: 0.0, Sum: 0.0]
      [Object Copy (ms): Min: 0.0, Avg: 0.0, Max: 0.2, Diff: 0.2, Sum: 0.8]
      [Termination (ms): Min: 0.0, Avg: 5.3, Max: 6.6, Diff: 6.6, Sum: 95.9]
         [Termination Attempts: Min: 1, Avg: 1.0, Max: 1, Diff: 0, Sum: 18]
      [GC Worker Other (ms): Min: 0.0, Avg: 0.0, Max: 0.0, Diff: 0.0, Sum: 0.1]
      [GC Worker Total (ms): Min: 6.8, Avg: 7.3, Max: 7.9, Diff: 1.0, Sum: 131.6]
      [GC Worker End (ms): Min: 4462.7, Avg: 4462.8, Max: 4462.9, Diff: 0.2]
   [Code Root Fixup: 0.0 ms]
   [Code Root Purge: 0.0 ms]
   [Clear CT: 1.8 ms]
   [Other: 3.4 ms]
      [Choose CSet: 0.0 ms]
      [Ref Proc: 2.1 ms]
      [Ref Enq: 0.0 ms]
      [Redirty Cards: 1.2 ms]
      [Humongous Register: 0.0 ms]
      [Humongous Reclaim: 0.0 ms]
      [Free CSet: 0.0 ms]
   [Eden: 10240.0K(10240.0K)->0.0B(6144.0K) Survivors: 2048.0K->2048.0K Heap: 49427.6K(65536.0K)->43458.6K(65536.0K)]
 [Times: user=0.10 sys=0.01, real=0.01 secs] 
2026-06-17T09:48:42.268+0800: 4.470: [GC concurrent-root-region-scan-start]
2026-06-17T09:48:42.269+0800: 4.470: [GC concurrent-root-region-scan-end, 0.0003149 secs]
2026-06-17T09:48:42.269+0800: 4.470: [GC concurrent-mark-start]
2026-06-17T09:48:42.269+0800: 4.470: [GC concurrent-mark-end, 0.0005900 secs]
2026-06-17T09:48:42.269+0800: 4.471: [GC remark 2026-06-17T09:48:42.270+0800: 4.471: [Finalize Marking, 0.0038844 secs] 2026-06-17T09:48:42.274+0800: 4.475: [GC ref-proc, 0.0006286 secs] 2026-06-17T09:48:42.275+0800: 4.477: [Unloading, 0.0019772 secs], 0.0091999 secs]
 [Times: user=0.04 sys=0.01, real=0.01 secs] 
2026-06-17T09:48:42.280+0800: 4.481: [GC cleanup 45970K->39826K(65536K), 0.0033062 secs]
 [Times: user=0.00 sys=0.00, real=0.01 secs] 
2026-06-17T09:48:42.284+0800: 4.486: [GC concurrent-cleanup-start]
2026-06-17T09:48:42.284+0800: 4.486: [GC concurrent-cleanup-end, 0.0000088 secs]
2026-06-17T09:48:42.295+0800: 4.496: [GC pause (G1 Evacuation Pause) (young), 0.0124581 secs]
   [Parallel Time: 7.6 ms, GC Workers: 18]
      [GC Worker Start (ms): Min: 4496.1, Avg: 4497.6, Max: 4503.1, Diff: 6.9]
      [Ext Root Scanning (ms): Min: 0.0, Avg: 0.0, Max: 0.2, Diff: 0.2, Sum: 0.3]
      [Update RS (ms): Min: 0.0, Avg: 0.0, Max: 0.0, Diff: 0.0, Sum: 0.0]
         [Processed Buffers: Min: 0, Avg: 0.3, Max: 3, Diff: 3, Sum: 5]
      [Scan RS (ms): Min: 0.0, Avg: 0.0, Max: 0.0, Diff: 0.0, Sum: 0.0]
      [Code Root Scanning (ms): Min: 0.0, Avg: 0.0, Max: 0.0, Diff: 0.0, Sum: 0.0]
      [Object Copy (ms): Min: 0.0, Avg: 0.0, Max: 0.1, Diff: 0.1, Sum: 0.3]
      [Termination (ms): Min: 0.0, Avg: 5.5, Max: 6.7, Diff: 6.7, Sum: 98.9]
         [Termination Attempts: Min: 1, Avg: 1.0, Max: 1, Diff: 0, Sum: 18]
      [GC Worker Other (ms): Min: 0.0, Avg: 0.0, Max: 0.0, Diff: 0.0, Sum: 0.1]
      [GC Worker Total (ms): Min: 0.0, Avg: 5.5, Max: 7.0, Diff: 6.9, Sum: 99.7]
      [GC Worker End (ms): Min: 4503.1, Avg: 4503.1, Max: 4503.2, Diff: 0.2]
   [Code Root Fixup: 0.0 ms]
   [Code Root Purge: 0.0 ms]
   [Clear CT: 1.3 ms]
   [Other: 3.6 ms]
      [Choose CSet: 0.0 ms]
      [Ref Proc: 2.3 ms]
      [Ref Enq: 0.0 ms]
      [Redirty Cards: 1.2 ms]
      [Humongous Register: 0.0 ms]
      [Humongous Reclaim: 0.0 ms]
      [Free CSet: 0.0 ms]
   [Eden: 6144.0K(6144.0K)->0.0B(2048.0K) Survivors: 2048.0K->1024.0K Heap: 43458.6K(65536.0K)->37562.6K(65536.0K)]
 [Times: user=0.11 sys=0.01, real=0.01 secs] 
2026-06-17T09:48:42.308+0800: 4.510: [GC pause (G1 Evacuation Pause) (mixed), 0.0063566 secs]
   [Parallel Time: 2.0 ms, GC Workers: 18]
      [GC Worker Start (ms): Min: 4509.7, Avg: 4510.5, Max: 4511.1, Diff: 1.4]
      [Ext Root Scanning (ms): Min: 0.0, Avg: 0.0, Max: 0.2, Diff: 0.2, Sum: 0.4]
      [Update RS (ms): Min: 0.0, Avg: 0.0, Max: 0.0, Diff: 0.0, Sum: 0.0]
         [Processed Buffers: Min: 0, Avg: 0.2, Max: 1, Diff: 1, Sum: 3]
      [Scan RS (ms): Min: 0.0, Avg: 0.0, Max: 0.0, Diff: 0.0, Sum: 0.0]
      [Code Root Scanning (ms): Min: 0.0, Avg: 0.0, Max: 0.0, Diff: 0.0, Sum: 0.0]
      [Object Copy (ms): Min: 0.0, Avg: 0.1, Max: 0.4, Diff: 0.4, Sum: 1.3]
      [Termination (ms): Min: 0.0, Avg: 0.6, Max: 1.1, Diff: 1.1, Sum: 10.4]
         [Termination Attempts: Min: 1, Avg: 1.0, Max: 1, Diff: 0, Sum: 18]
      [GC Worker Other (ms): Min: 0.0, Avg: 0.0, Max: 0.0, Diff: 0.0, Sum: 0.1]
      [GC Worker Total (ms): Min: 0.0, Avg: 0.7, Max: 1.5, Diff: 1.5, Sum: 12.1]
      [GC Worker End (ms): Min: 4511.1, Avg: 4511.2, Max: 4511.2, Diff: 0.1]
   [Code Root Fixup: 0.0 ms]
   [Code Root Purge: 0.0 ms]
   [Clear CT: 0.8 ms]
   [Other: 3.6 ms]
      [Choose CSet: 0.0 ms]
      [Ref Proc: 2.8 ms]
      [Ref Enq: 0.0 ms]
      [Redirty Cards: 0.8 ms]
      [Humongous Register: 0.0 ms]
      [Humongous Reclaim: 0.0 ms]
      [Free CSet: 0.0 ms]
   [Eden: 2048.0K(2048.0K)->0.0B(2048.0K) Survivors: 1024.0K->1024.0K Heap: 39610.6K(65536.0K)->35136.6K(65536.0K)]
 [Times: user=0.03 sys=0.00, real=0.01 secs] 
2026-06-17T09:48:42.316+0800: 4.517: [GC pause (G1 Evacuation Pause) (mixed), 0.0131763 secs]
   [Parallel Time: 8.9 ms, GC Workers: 18]
      [GC Worker Start (ms): Min: 4517.3, Avg: 4518.5, Max: 4525.2, Diff: 7.9]
      [Ext Root Scanning (ms): Min: 0.0, Avg: 0.0, Max: 0.1, Diff: 0.1, Sum: 0.2]
      [Update RS (ms): Min: 0.0, Avg: 0.0, Max: 0.0, Diff: 0.0, Sum: 0.0]
         [Processed Buffers: Min: 0, Avg: 0.3, Max: 3, Diff: 3, Sum: 5]
      [Scan RS (ms): Min: 0.0, Avg: 0.0, Max: 0.0, Diff: 0.0, Sum: 0.0]
      [Code Root Scanning (ms): Min: 0.0, Avg: 0.0, Max: 0.0, Diff: 0.0, Sum: 0.0]
      [Object Copy (ms): Min: 0.0, Avg: 0.0, Max: 0.2, Diff: 0.2, Sum: 0.7]
      [Termination (ms): Min: 0.0, Avg: 6.7, Max: 7.6, Diff: 7.6, Sum: 120.6]
         [Termination Attempts: Min: 1, Avg: 1.0, Max: 1, Diff: 0, Sum: 18]
      [GC Worker Other (ms): Min: 0.0, Avg: 0.0, Max: 0.0, Diff: 0.0, Sum: 0.1]
      [GC Worker Total (ms): Min: 0.0, Avg: 6.8, Max: 8.0, Diff: 7.9, Sum: 121.7]
      [GC Worker End (ms): Min: 4525.2, Avg: 4525.2, Max: 4525.4, Diff: 0.2]
   [Code Root Fixup: 0.0 ms]
   [Code Root Purge: 0.0 ms]
   [Clear CT: 1.0 ms]
   [Other: 3.4 ms]
      [Choose CSet: 0.0 ms]
      [Ref Proc: 2.6 ms]
      [Ref Enq: 0.0 ms]
      [Redirty Cards: 0.7 ms]
      [Humongous Register: 0.0 ms]
      [Humongous Reclaim: 0.0 ms]
      [Free CSet: 0.0 ms]
   [Eden: 2048.0K(2048.0K)->0.0B(2048.0K) Survivors: 1024.0K->1024.0K Heap: 37184.6K(65536.0K)->32482.6K(65536.0K)]
 [Times: user=0.13 sys=0.01, real=0.01 secs] 
2026-06-17T09:48:42.341+0800: 4.542: [GC pause (G1 Evacuation Pause) (mixed), 0.0101395 secs]
   [Parallel Time: 5.0 ms, GC Workers: 18]
      [GC Worker Start (ms): Min: 4542.2, Avg: 4543.4, Max: 4546.4, Diff: 4.2]
      [Ext Root Scanning (ms): Min: 0.0, Avg: 0.0, Max: 0.2, Diff: 0.2, Sum: 0.3]
      [Update RS (ms): Min: 0.0, Avg: 0.0, Max: 0.1, Diff: 0.1, Sum: 0.1]
         [Processed Buffers: Min: 0, Avg: 0.2, Max: 3, Diff: 3, Sum: 4]
      [Scan RS (ms): Min: 0.0, Avg: 0.0, Max: 0.0, Diff: 0.0, Sum: 0.0]
      [Code Root Scanning (ms): Min: 0.0, Avg: 0.0, Max: 0.0, Diff: 0.0, Sum: 0.0]
      [Object Copy (ms): Min: 0.0, Avg: 0.0, Max: 0.2, Diff: 0.2, Sum: 0.5]
      [Termination (ms): Min: 0.0, Avg: 3.0, Max: 4.1, Diff: 4.1, Sum: 53.8]
         [Termination Attempts: Min: 1, Avg: 1.0, Max: 1, Diff: 0, Sum: 18]
      [GC Worker Other (ms): Min: 0.0, Avg: 0.0, Max: 0.0, Diff: 0.0, Sum: 0.1]
      [GC Worker Total (ms): Min: 0.0, Avg: 3.0, Max: 4.3, Diff: 4.3, Sum: 54.7]
      [GC Worker End (ms): Min: 4546.4, Avg: 4546.5, Max: 4546.6, Diff: 0.2]
   [Code Root Fixup: 0.0 ms]
   [Code Root Purge: 0.0 ms]
   [Clear CT: 1.3 ms]
   [Other: 3.8 ms]
      [Choose CSet: 0.0 ms]
      [Ref Proc: 2.5 ms]
      [Ref Enq: 0.0 ms]
      [Redirty Cards: 1.2 ms]
      [Humongous Register: 0.0 ms]
      [Humongous Reclaim: 0.0 ms]
      [Free CSet: 0.0 ms]
   [Eden: 2048.0K(2048.0K)->0.0B(16384.0K) Survivors: 1024.0K->1024.0K Heap: 34530.6K(65536.0K)->33464.6K(65536.0K)]
 [Times: user=0.08 sys=0.00, real=0.02 secs] 
2026-06-17T09:48:42.394+0800: 4.596: [GC pause (G1 Evacuation Pause) (young), 0.0123348 secs]
   [Parallel Time: 7.8 ms, GC Workers: 18]
      [GC Worker Start (ms): Min: 4595.7, Avg: 4597.0, Max: 4602.6, Diff: 6.9]
      [Ext Root Scanning (ms): Min: 0.0, Avg: 0.0, Max: 0.2, Diff: 0.2, Sum: 0.6]
      [Update RS (ms): Min: 0.0, Avg: 0.0, Max: 0.0, Diff: 0.0, Sum: 0.1]
         [Processed Buffers: Min: 0, Avg: 0.3, Max: 2, Diff: 2, Sum: 5]
      [Scan RS (ms): Min: 0.0, Avg: 0.0, Max: 0.0, Diff: 0.0, Sum: 0.0]
      [Code Root Scanning (ms): Min: 0.0, Avg: 0.0, Max: 0.0, Diff: 0.0, Sum: 0.0]
      [Object Copy (ms): Min: 0.0, Avg: 0.0, Max: 0.1, Diff: 0.1, Sum: 0.6]
      [Termination (ms): Min: 0.0, Avg: 5.6, Max: 6.7, Diff: 6.7, Sum: 101.3]
         [Termination Attempts: Min: 1, Avg: 1.0, Max: 1, Diff: 0, Sum: 18]
      [GC Worker Other (ms): Min: 0.0, Avg: 0.0, Max: 0.0, Diff: 0.0, Sum: 0.1]
      [GC Worker Total (ms): Min: 0.0, Avg: 5.7, Max: 7.1, Diff: 7.1, Sum: 102.7]
      [GC Worker End (ms): Min: 4602.7, Avg: 4602.7, Max: 4602.8, Diff: 0.2]
   [Code Root Fixup: 0.0 ms]
   [Code Root Purge: 0.0 ms]
   [Clear CT: 1.1 ms]
   [Other: 3.5 ms]
      [Choose CSet: 0.0 ms]
      [Ref Proc: 2.3 ms]
      [Ref Enq: 0.0 ms]
      [Redirty Cards: 1.1 ms]
      [Humongous Register: 0.0 ms]
      [Humongous Reclaim: 0.0 ms]
      [Free CSet: 0.0 ms]
   [Eden: 16384.0K(16384.0K)->0.0B(13312.0K) Survivors: 1024.0K->3072.0K Heap: 49848.6K(65536.0K)->36739.6K(65536.0K)]
 [Times: user=0.12 sys=0.00, real=0.01 secs] 
2026-06-17T09:48:42.408+0800: 4.609: [GC pause (G1 Humongous Allocation) (young) (initial-mark), 0.0065536 secs]
   [Parallel Time: 2.8 ms, GC Workers: 18]
      [GC Worker Start (ms): Min: 4609.4, Avg: 4609.8, Max: 4610.1, Diff: 0.7]
      [Ext Root Scanning (ms): Min: 0.0, Avg: 1.2, Max: 1.6, Diff: 1.6, Sum: 21.0]
      [Update RS (ms): Min: 0.0, Avg: 0.0, Max: 0.0, Diff: 0.0, Sum: 0.0]
         [Processed Buffers: Min: 0, Avg: 0.2, Max: 3, Diff: 3, Sum: 4]
      [Scan RS (ms): Min: 0.0, Avg: 0.0, Max: 0.0, Diff: 0.0, Sum: 0.0]
      [Code Root Scanning (ms): Min: 0.0, Avg: 0.0, Max: 0.0, Diff: 0.0, Sum: 0.0]
      [Object Copy (ms): Min: 0.0, Avg: 0.0, Max: 0.1, Diff: 0.1, Sum: 0.2]
      [Termination (ms): Min: 0.0, Avg: 0.7, Max: 1.6, Diff: 1.6, Sum: 13.2]
         [Termination Attempts: Min: 1, Avg: 1.0, Max: 1, Diff: 0, Sum: 18]
      [GC Worker Other (ms): Min: 0.0, Avg: 0.0, Max: 0.0, Diff: 0.0, Sum: 0.1]
      [GC Worker Total (ms): Min: 1.6, Avg: 1.9, Max: 2.4, Diff: 0.7, Sum: 34.6]
      [GC Worker End (ms): Min: 4611.7, Avg: 4611.8, Max: 4611.8, Diff: 0.1]
   [Code Root Fixup: 0.0 ms]
   [Code Root Purge: 0.0 ms]
   [Clear CT: 0.9 ms]
   [Other: 2.9 ms]
      [Choose CSet: 0.0 ms]
      [Ref Proc: 2.0 ms]
      [Ref Enq: 0.0 ms]
      [Redirty Cards: 0.8 ms]
      [Humongous Register: 0.0 ms]
      [Humongous Reclaim: 0.0 ms]
      [Free CSet: 0.0 ms]
   [Eden: 3072.0K(13312.0K)->0.0B(15360.0K) Survivors: 3072.0K->0.0B Heap: 39191.8K(65536.0K)->35448.6K(65536.0K)]
 [Times: user=0.03 sys=0.01, real=0.01 secs] 
2026-06-17T09:48:42.416+0800: 4.617: [GC concurrent-root-region-scan-start]
2026-06-17T09:48:42.416+0800: 4.617: [GC concurrent-root-region-scan-end, 0.0000087 secs]
2026-06-17T09:48:42.416+0800: 4.617: [GC concurrent-mark-start]
2026-06-17T09:48:42.417+0800: 4.618: [GC concurrent-mark-end, 0.0006105 secs]
2026-06-17T09:48:42.417+0800: 4.618: [GC remark 2026-06-17T09:48:42.417+0800: 4.619: [Finalize Marking, 0.0079293 secs] 2026-06-17T09:48:42.426+0800: 4.627: [GC ref-proc, 0.0008373 secs] 2026-06-17T09:48:42.427+0800: 4.629: [Unloading, 0.0023396 secs], 0.0144863 secs]
 [Times: user=0.11 sys=0.00, real=0.02 secs] 
2026-06-17T09:48:42.433+0800: 4.634: [GC cleanup 37867K->36843K(65536K), 0.0037211 secs]
 [Times: user=0.00 sys=0.00, real=0.00 secs] 
2026-06-17T09:48:42.438+0800: 4.639: [GC concurrent-cleanup-start]
2026-06-17T09:48:42.438+0800: 4.639: [GC concurrent-cleanup-end, 0.0000081 secs]
2026-06-17T09:48:42.469+0800: 4.670: [GC pause (G1 Evacuation Pause) (young), 0.0614585 secs]
   [Parallel Time: 48.7 ms, GC Workers: 18]
      [GC Worker Start (ms): Min: 4670.4, Avg: 4695.9, Max: 4718.1, Diff: 47.7]
      [Ext Root Scanning (ms): Min: 0.0, Avg: 0.0, Max: 0.2, Diff: 0.2, Sum: 0.3]
      [Update RS (ms): Min: 0.0, Avg: 0.0, Max: 0.0, Diff: 0.0, Sum: 0.0]
         [Processed Buffers: Min: 0, Avg: 0.2, Max: 2, Diff: 2, Sum: 4]
      [Scan RS (ms): Min: 0.0, Avg: 0.0, Max: 0.0, Diff: 0.0, Sum: 0.0]
      [Code Root Scanning (ms): Min: 0.0, Avg: 0.0, Max: 0.0, Diff: 0.0, Sum: 0.0]
      [Object Copy (ms): Min: 0.0, Avg: 0.0, Max: 0.1, Diff: 0.1, Sum: 0.6]
      [Termination (ms): Min: 0.0, Avg: 22.2, Max: 47.6, Diff: 47.6, Sum: 400.0]
         [Termination Attempts: Min: 1, Avg: 1.0, Max: 1, Diff: 0, Sum: 18]
      [GC Worker Other (ms): Min: 0.0, Avg: 0.0, Max: 0.0, Diff: 0.0, Sum: 0.1]
      [GC Worker Total (ms): Min: 0.0, Avg: 22.3, Max: 47.7, Diff: 47.7, Sum: 401.0]
      [GC Worker End (ms): Min: 4718.1, Avg: 4718.2, Max: 4718.4, Diff: 0.4]
   [Code Root Fixup: 0.0 ms]
   [Code Root Purge: 0.0 ms]
   [Clear CT: 1.1 ms]
   [Other: 11.6 ms]
      [Choose CSet: 0.0 ms]
      [Ref Proc: 10.5 ms]
      [Ref Enq: 0.0 ms]
      [Redirty Cards: 1.0 ms]
      [Humongous Register: 0.0 ms]
      [Humongous Reclaim: 0.0 ms]
      [Free CSet: 0.0 ms]
   [Eden: 15360.0K(15360.0K)->0.0B(2048.0K) Survivors: 0.0B->2048.0K Heap: 51219.6K(65536.0K)->40908.6K(65536.0K)]
 [Times: user=0.49 sys=0.00, real=0.07 secs] 
2026-06-17T09:48:42.532+0800: 4.733: [GC pause (G1 Evacuation Pause) (mixed), 0.0156849 secs]
   [Parallel Time: 7.8 ms, GC Workers: 18]
      [GC Worker Start (ms): Min: 4733.2, Avg: 4735.4, Max: 4740.1, Diff: 7.0]
      [Ext Root Scanning (ms): Min: 0.0, Avg: 0.0, Max: 0.2, Diff: 0.2, Sum: 0.2]
      [Update RS (ms): Min: 0.0, Avg: 0.0, Max: 0.0, Diff: 0.0, Sum: 0.0]
         [Processed Buffers: Min: 0, Avg: 0.2, Max: 2, Diff: 2, Sum: 3]
      [Scan RS (ms): Min: 0.0, Avg: 0.0, Max: 0.0, Diff: 0.0, Sum: 0.0]
      [Code Root Scanning (ms): Min: 0.0, Avg: 0.0, Max: 0.0, Diff: 0.0, Sum: 0.0]
      [Object Copy (ms): Min: 0.0, Avg: 0.0, Max: 0.3, Diff: 0.3, Sum: 0.9]
      [Termination (ms): Min: 0.0, Avg: 4.7, Max: 6.6, Diff: 6.6, Sum: 85.4]
         [Termination Attempts: Min: 1, Avg: 1.0, Max: 1, Diff: 0, Sum: 18]
      [GC Worker Other (ms): Min: 0.0, Avg: 0.0, Max: 0.0, Diff: 0.0, Sum: 0.1]
      [GC Worker Total (ms): Min: 0.0, Avg: 4.8, Max: 7.0, Diff: 7.0, Sum: 86.6]
      [GC Worker End (ms): Min: 4740.1, Avg: 4740.2, Max: 4740.3, Diff: 0.2]
   [Code Root Fixup: 0.0 ms]
   [Code Root Purge: 0.0 ms]
   [Clear CT: 2.2 ms]
   [Other: 5.7 ms]
      [Choose CSet: 0.0 ms]
      [Ref Proc: 4.7 ms]
      [Ref Enq: 0.0 ms]
      [Redirty Cards: 0.9 ms]
      [Humongous Register: 0.0 ms]
      [Humongous Reclaim: 0.0 ms]
      [Free CSet: 0.0 ms]
   [Eden: 2048.0K(2048.0K)->0.0B(2048.0K) Survivors: 2048.0K->1024.0K Heap: 42956.6K(65536.0K)->39151.6K(65536.0K)]
 [Times: user=0.13 sys=0.01, real=0.01 secs] 
2026-06-17T09:48:42.559+0800: 4.760: [GC pause (G1 Evacuation Pause) (mixed), 0.0126477 secs]
   [Parallel Time: 6.5 ms, GC Workers: 18]
      [GC Worker Start (ms): Min: 4760.5, Avg: 4762.1, Max: 4766.5, Diff: 6.0]
      [Ext Root Scanning (ms): Min: 0.0, Avg: 0.0, Max: 0.2, Diff: 0.2, Sum: 0.3]
      [Update RS (ms): Min: 0.0, Avg: 0.0, Max: 0.0, Diff: 0.0, Sum: 0.0]
         [Processed Buffers: Min: 0, Avg: 0.3, Max: 3, Diff: 3, Sum: 6]
      [Scan RS (ms): Min: 0.0, Avg: 0.0, Max: 0.0, Diff: 0.0, Sum: 0.0]
      [Code Root Scanning (ms): Min: 0.0, Avg: 0.0, Max: 0.0, Diff: 0.0, Sum: 0.0]
      [Object Copy (ms): Min: 0.0, Avg: 0.0, Max: 0.2, Diff: 0.2, Sum: 0.7]
      [Termination (ms): Min: 0.0, Avg: 4.4, Max: 5.7, Diff: 5.7, Sum: 79.1]
         [Termination Attempts: Min: 1, Avg: 1.0, Max: 1, Diff: 0, Sum: 18]
      [GC Worker Other (ms): Min: 0.0, Avg: 0.0, Max: 0.0, Diff: 0.0, Sum: 0.1]
      [GC Worker Total (ms): Min: 0.0, Avg: 4.5, Max: 6.1, Diff: 6.0, Sum: 80.3]
      [GC Worker End (ms): Min: 4766.5, Avg: 4766.6, Max: 4766.7, Diff: 0.2]
   [Code Root Fixup: 0.0 ms]
   [Code Root Purge: 0.0 ms]
   [Clear CT: 1.1 ms]
   [Other: 5.0 ms]
      [Choose CSet: 0.0 ms]
      [Ref Proc: 4.2 ms]
      [Ref Enq: 0.0 ms]
      [Redirty Cards: 0.8 ms]
      [Humongous Register: 0.0 ms]
      [Humongous Reclaim: 0.0 ms]
      [Free CSet: 0.0 ms]
   [Eden: 2048.0K(2048.0K)->0.0B(9216.0K) Survivors: 1024.0K->1024.0K Heap: 41199.6K(65536.0K)->40389.6K(65536.0K)]
 [Times: user=0.12 sys=0.00, real=0.02 secs] 
2026-06-17T09:48:42.594+0800: 4.795: [GC pause (G1 Evacuation Pause) (young), 0.0116300 secs]
   [Parallel Time: 7.8 ms, GC Workers: 18]
      [GC Worker Start (ms): Min: 4795.4, Avg: 4796.6, Max: 4802.6, Diff: 7.2]
      [Ext Root Scanning (ms): Min: 0.0, Avg: 0.0, Max: 0.2, Diff: 0.2, Sum: 0.3]
      [Update RS (ms): Min: 0.0, Avg: 0.0, Max: 0.0, Diff: 0.0, Sum: 0.1]
         [Processed Buffers: Min: 0, Avg: 0.3, Max: 3, Diff: 3, Sum: 6]
      [Scan RS (ms): Min: 0.0, Avg: 0.0, Max: 0.0, Diff: 0.0, Sum: 0.0]
      [Code Root Scanning (ms): Min: 0.0, Avg: 0.0, Max: 0.0, Diff: 0.0, Sum: 0.0]
      [Object Copy (ms): Min: 0.0, Avg: 0.0, Max: 0.1, Diff: 0.1, Sum: 0.1]
      [Termination (ms): Min: 0.0, Avg: 6.1, Max: 7.1, Diff: 7.1, Sum: 110.2]
         [Termination Attempts: Min: 1, Avg: 1.0, Max: 1, Diff: 0, Sum: 18]
      [GC Worker Other (ms): Min: 0.0, Avg: 0.0, Max: 0.0, Diff: 0.0, Sum: 0.1]
      [GC Worker Total (ms): Min: 0.0, Avg: 6.2, Max: 7.3, Diff: 7.3, Sum: 110.7]
      [GC Worker End (ms): Min: 4802.6, Avg: 4802.7, Max: 4802.9, Diff: 0.2]
   [Code Root Fixup: 0.0 ms]
   [Code Root Purge: 0.0 ms]
   [Clear CT: 0.6 ms]
   [Other: 3.3 ms]
      [Choose CSet: 0.0 ms]
      [Ref Proc: 2.7 ms]
      [Ref Enq: 0.0 ms]
      [Redirty Cards: 0.6 ms]
      [Humongous Register: 0.0 ms]
      [Humongous Reclaim: 0.0 ms]
      [Free CSet: 0.0 ms]
   [Eden: 9216.0K(9216.0K)->0.0B(10240.0K) Survivors: 1024.0K->1024.0K Heap: 49605.6K(65536.0K)->40085.7K(65536.0K)]
 [Times: user=0.14 sys=0.00, real=0.01 secs] 
2026-06-17T09:48:42.638+0800: 4.839: [GC pause (G1 Evacuation Pause) (young) (initial-mark), 0.0134136 secs]
   [Parallel Time: 7.7 ms, GC Workers: 18]
      [GC Worker Start (ms): Min: 4839.5, Avg: 4840.0, Max: 4840.3, Diff: 0.9]
      [Ext Root Scanning (ms): Min: 0.0, Avg: 1.7, Max: 6.1, Diff: 6.1, Sum: 30.3]
      [Update RS (ms): Min: 0.0, Avg: 0.0, Max: 0.0, Diff: 0.0, Sum: 0.0]
         [Processed Buffers: Min: 0, Avg: 0.2, Max: 4, Diff: 4, Sum: 4]
      [Scan RS (ms): Min: 0.0, Avg: 0.0, Max: 0.0, Diff: 0.0, Sum: 0.0]
      [Code Root Scanning (ms): Min: 0.0, Avg: 0.0, Max: 0.0, Diff: 0.0, Sum: 0.0]
      [Object Copy (ms): Min: 0.0, Avg: 0.0, Max: 0.2, Diff: 0.2, Sum: 0.5]
      [Termination (ms): Min: 0.0, Avg: 4.8, Max: 6.0, Diff: 6.0, Sum: 86.8]
         [Termination Attempts: Min: 1, Avg: 1.0, Max: 1, Diff: 0, Sum: 18]
      [GC Worker Other (ms): Min: 0.0, Avg: 0.0, Max: 0.0, Diff: 0.0, Sum: 0.1]
      [GC Worker Total (ms): Min: 6.2, Avg: 6.5, Max: 7.0, Diff: 0.9, Sum: 117.8]
      [GC Worker End (ms): Min: 4846.5, Avg: 4846.5, Max: 4846.6, Diff: 0.2]
   [Code Root Fixup: 0.0 ms]
   [Code Root Purge: 0.0 ms]
   [Clear CT: 1.5 ms]
   [Other: 4.2 ms]
      [Choose CSet: 0.0 ms]
      [Ref Proc: 3.3 ms]
      [Ref Enq: 0.0 ms]
      [Redirty Cards: 0.8 ms]
      [Humongous Register: 0.0 ms]
      [Humongous Reclaim: 0.0 ms]
      [Free CSet: 0.0 ms]
   [Eden: 10240.0K(10240.0K)->0.0B(8192.0K) Survivors: 1024.0K->2048.0K Heap: 50325.7K(65536.0K)->42726.6K(65536.0K)]
 [Times: user=0.11 sys=0.01, real=0.02 secs] 
2026-06-17T09:48:42.653+0800: 4.854: [GC concurrent-root-region-scan-start]
2026-06-17T09:48:42.653+0800: 4.855: [GC concurrent-root-region-scan-end, 0.0003944 secs]
2026-06-17T09:48:42.653+0800: 4.855: [GC concurrent-mark-start]
2026-06-17T09:48:42.654+0800: 4.855: [GC concurrent-mark-end, 0.0003314 secs]
2026-06-17T09:48:42.654+0800: 4.855: [GC remark 2026-06-17T09:48:42.654+0800: 4.856: [Finalize Marking, 0.0036969 secs] 2026-06-17T09:48:42.659+0800: 4.860: [GC ref-proc, 0.0006670 secs] 2026-06-17T09:48:42.660+0800: 4.861: [Unloading, 0.0019255 secs], 0.0093904 secs]
 [Times: user=0.02 sys=0.00, real=0.01 secs] 
2026-06-17T09:48:42.664+0800: 4.866: [GC cleanup 47830K->42710K(65536K), 0.0037099 secs]
 [Times: user=0.00 sys=0.00, real=0.00 secs] 
2026-06-17T09:48:42.669+0800: 4.871: [GC concurrent-cleanup-start]
2026-06-17T09:48:42.669+0800: 4.871: [GC concurrent-cleanup-end, 0.0000099 secs]
2026-06-17T09:48:42.680+0800: 4.881: [GC pause (G1 Evacuation Pause) (young), 0.0117318 secs]
   [Parallel Time: 8.3 ms, GC Workers: 18]
      [GC Worker Start (ms): Min: 4881.1, Avg: 4882.6, Max: 4888.7, Diff: 7.5]
      [Ext Root Scanning (ms): Min: 0.0, Avg: 0.0, Max: 0.2, Diff: 0.2, Sum: 0.4]
      [Update RS (ms): Min: 0.0, Avg: 0.0, Max: 0.0, Diff: 0.0, Sum: 0.0]
         [Processed Buffers: Min: 0, Avg: 0.2, Max: 2, Diff: 2, Sum: 4]
      [Scan RS (ms): Min: 0.0, Avg: 0.0, Max: 0.0, Diff: 0.0, Sum: 0.0]
      [Code Root Scanning (ms): Min: 0.0, Avg: 0.0, Max: 0.0, Diff: 0.0, Sum: 0.0]
      [Object Copy (ms): Min: 0.0, Avg: 0.0, Max: 0.1, Diff: 0.1, Sum: 0.5]
      [Termination (ms): Min: 0.0, Avg: 6.1, Max: 7.4, Diff: 7.4, Sum: 110.1]
         [Termination Attempts: Min: 1, Avg: 1.0, Max: 1, Diff: 0, Sum: 18]
      [GC Worker Other (ms): Min: 0.0, Avg: 0.0, Max: 0.0, Diff: 0.0, Sum: 0.1]
      [GC Worker Total (ms): Min: 0.0, Avg: 6.2, Max: 7.6, Diff: 7.6, Sum: 111.2]
      [GC Worker End (ms): Min: 4888.7, Avg: 4888.8, Max: 4888.9, Diff: 0.2]
   [Code Root Fixup: 0.0 ms]
   [Code Root Purge: 0.0 ms]
   [Clear CT: 0.8 ms]
   [Other: 2.7 ms]
      [Choose CSet: 0.0 ms]
      [Ref Proc: 1.8 ms]
      [Ref Enq: 0.0 ms]
      [Redirty Cards: 0.8 ms]
      [Humongous Register: 0.0 ms]
      [Humongous Reclaim: 0.0 ms]
      [Free CSet: 0.0 ms]
   [Eden: 8192.0K(8192.0K)->0.0B(1024.0K) Survivors: 2048.0K->2048.0K Heap: 45798.6K(65536.0K)->39507.7K(65536.0K)]
 [Times: user=0.13 sys=0.01, real=0.02 secs] 
2026-06-17T09:48:42.693+0800: 4.894: [GC pause (G1 Evacuation Pause) (mixed), 0.0063776 secs]
   [Parallel Time: 2.5 ms, GC Workers: 18]
      [GC Worker Start (ms): Min: 4894.2, Avg: 4895.0, Max: 4895.8, Diff: 1.6]
      [Ext Root Scanning (ms): Min: 0.0, Avg: 0.0, Max: 0.2, Diff: 0.2, Sum: 0.3]
      [Update RS (ms): Min: 0.0, Avg: 0.0, Max: 0.0, Diff: 0.0, Sum: 0.0]
         [Processed Buffers: Min: 0, Avg: 0.3, Max: 2, Diff: 2, Sum: 5]
      [Scan RS (ms): Min: 0.0, Avg: 0.0, Max: 0.0, Diff: 0.0, Sum: 0.0]
      [Code Root Scanning (ms): Min: 0.0, Avg: 0.0, Max: 0.0, Diff: 0.0, Sum: 0.0]
      [Object Copy (ms): Min: 0.0, Avg: 0.0, Max: 0.2, Diff: 0.2, Sum: 0.7]
      [Termination (ms): Min: 0.0, Avg: 0.7, Max: 1.4, Diff: 1.4, Sum: 13.3]
         [Termination Attempts: Min: 1, Avg: 1.0, Max: 1, Diff: 0, Sum: 18]
      [GC Worker Other (ms): Min: 0.0, Avg: 0.0, Max: 0.0, Diff: 0.0, Sum: 0.1]
      [GC Worker Total (ms): Min: 0.0, Avg: 0.8, Max: 1.7, Diff: 1.7, Sum: 14.5]
      [GC Worker End (ms): Min: 4895.8, Avg: 4895.8, Max: 4896.0, Diff: 0.2]
   [Code Root Fixup: 0.0 ms]
   [Code Root Purge: 0.0 ms]
   [Clear CT: 0.8 ms]
   [Other: 3.1 ms]
      [Choose CSet: 0.0 ms]
      [Ref Proc: 2.4 ms]
      [Ref Enq: 0.0 ms]
      [Redirty Cards: 0.6 ms]
      [Humongous Register: 0.0 ms]
      [Humongous Reclaim: 0.0 ms]
      [Free CSet: 0.0 ms]
   [Eden: 1024.0K(1024.0K)->0.0B(2048.0K) Survivors: 2048.0K->1024.0K Heap: 40531.7K(65536.0K)->36572.1K(65536.0K)]
 [Times: user=0.03 sys=0.00, real=0.00 secs] 
2026-06-17T09:48:42.701+0800: 4.902: [GC pause (G1 Evacuation Pause) (mixed), 0.0100687 secs]
   [Parallel Time: 2.3 ms, GC Workers: 18]
      [GC Worker Start (ms): Min: 4901.9, Avg: 4902.6, Max: 4903.9, Diff: 2.0]
      [Ext Root Scanning (ms): Min: 0.0, Avg: 0.0, Max: 0.2, Diff: 0.2, Sum: 0.5]
      [Update RS (ms): Min: 0.0, Avg: 0.0, Max: 0.0, Diff: 0.0, Sum: 0.0]
         [Processed Buffers: Min: 0, Avg: 0.3, Max: 3, Diff: 3, Sum: 6]
      [Scan RS (ms): Min: 0.0, Avg: 0.0, Max: 0.0, Diff: 0.0, Sum: 0.1]
      [Code Root Scanning (ms): Min: 0.0, Avg: 0.0, Max: 0.0, Diff: 0.0, Sum: 0.0]
      [Object Copy (ms): Min: 0.0, Avg: 0.1, Max: 0.2, Diff: 0.2, Sum: 1.3]
      [Termination (ms): Min: 0.0, Avg: 1.2, Max: 1.6, Diff: 1.6, Sum: 21.9]
         [Termination Attempts: Min: 1, Avg: 1.0, Max: 1, Diff: 0, Sum: 18]
      [GC Worker Other (ms): Min: 0.0, Avg: 0.0, Max: 0.0, Diff: 0.0, Sum: 0.1]
      [GC Worker Total (ms): Min: 0.0, Avg: 1.3, Max: 2.0, Diff: 2.0, Sum: 23.9]
      [GC Worker End (ms): Min: 4903.9, Avg: 4903.9, Max: 4904.0, Diff: 0.1]
   [Code Root Fixup: 0.0 ms]
   [Code Root Purge: 0.0 ms]
   [Clear CT: 0.9 ms]
   [Other: 6.8 ms]
      [Choose CSet: 0.0 ms]
      [Ref Proc: 6.0 ms]
      [Ref Enq: 0.0 ms]
      [Redirty Cards: 0.7 ms]
      [Humongous Register: 0.0 ms]
      [Humongous Reclaim: 0.0 ms]
      [Free CSet: 0.0 ms]
   [Eden: 2048.0K(2048.0K)->0.0B(2048.0K) Survivors: 1024.0K->1024.0K Heap: 38620.1K(65536.0K)->35392.6K(65536.0K)]
 [Times: user=0.11 sys=0.00, real=0.02 secs] 
2026-06-17T09:48:42.722+0800: 4.923: [GC pause (G1 Evacuation Pause) (mixed), 0.0111069 secs]
   [Parallel Time: 7.4 ms, GC Workers: 18]
      [GC Worker Start (ms): Min: 4923.3, Avg: 4924.7, Max: 4930.1, Diff: 6.8]
      [Ext Root Scanning (ms): Min: 0.0, Avg: 0.0, Max: 0.2, Diff: 0.2, Sum: 0.6]
      [Update RS (ms): Min: 0.0, Avg: 0.0, Max: 0.1, Diff: 0.1, Sum: 0.2]
         [Processed Buffers: Min: 0, Avg: 0.3, Max: 3, Diff: 3, Sum: 6]
      [Scan RS (ms): Min: 0.0, Avg: 0.0, Max: 0.0, Diff: 0.0, Sum: 0.1]
      [Code Root Scanning (ms): Min: 0.0, Avg: 0.0, Max: 0.0, Diff: 0.0, Sum: 0.0]
      [Object Copy (ms): Min: 0.0, Avg: 0.0, Max: 0.2, Diff: 0.2, Sum: 0.8]
      [Termination (ms): Min: 0.0, Avg: 5.4, Max: 6.5, Diff: 6.5, Sum: 97.2]
         [Termination Attempts: Min: 1, Avg: 1.0, Max: 1, Diff: 0, Sum: 18]
      [GC Worker Other (ms): Min: 0.0, Avg: 0.0, Max: 0.0, Diff: 0.0, Sum: 0.1]
      [GC Worker Total (ms): Min: 0.0, Avg: 5.5, Max: 6.8, Diff: 6.8, Sum: 99.0]
      [GC Worker End (ms): Min: 4930.1, Avg: 4930.2, Max: 4930.2, Diff: 0.1]
   [Code Root Fixup: 0.0 ms]
   [Code Root Purge: 0.0 ms]
   [Clear CT: 1.0 ms]
   [Other: 2.8 ms]
      [Choose CSet: 0.0 ms]
      [Ref Proc: 1.8 ms]
      [Ref Enq: 0.0 ms]
      [Redirty Cards: 0.9 ms]
      [Humongous Register: 0.0 ms]
      [Humongous Reclaim: 0.0 ms]
      [Free CSet: 0.0 ms]
   [Eden: 2048.0K(2048.0K)->0.0B(13312.0K) Survivors: 1024.0K->1024.0K Heap: 37440.6K(65536.0K)->35550.6K(65536.0K)]
 [Times: user=0.11 sys=0.00, real=0.02 secs] 
2026-06-17T09:48:42.766+0800: 4.967: [GC pause (G1 Evacuation Pause) (young), 0.0119043 secs]
   [Parallel Time: 8.0 ms, GC Workers: 18]
      [GC Worker Start (ms): Min: 4967.0, Avg: 4968.3, Max: 4974.4, Diff: 7.5]
      [Ext Root Scanning (ms): Min: 0.0, Avg: 0.0, Max: 0.2, Diff: 0.2, Sum: 0.3]
      [Update RS (ms): Min: 0.0, Avg: 0.0, Max: 0.1, Diff: 0.1, Sum: 0.2]
         [Processed Buffers: Min: 0, Avg: 0.4, Max: 3, Diff: 3, Sum: 7]
      [Scan RS (ms): Min: 0.0, Avg: 0.0, Max: 0.0, Diff: 0.0, Sum: 0.0]
      [Code Root Scanning (ms): Min: 0.0, Avg: 0.0, Max: 0.0, Diff: 0.0, Sum: 0.0]
      [Object Copy (ms): Min: 0.0, Avg: 0.0, Max: 0.2, Diff: 0.2, Sum: 0.6]
      [Termination (ms): Min: 0.0, Avg: 6.1, Max: 7.2, Diff: 7.2, Sum: 109.9]
         [Termination Attempts: Min: 1, Avg: 1.0, Max: 1, Diff: 0, Sum: 18]
      [GC Worker Other (ms): Min: 0.0, Avg: 0.0, Max: 0.0, Diff: 0.0, Sum: 0.1]
      [GC Worker Total (ms): Min: 0.0, Avg: 6.2, Max: 7.6, Diff: 7.5, Sum: 111.1]
      [GC Worker End (ms): Min: 4974.4, Avg: 4974.5, Max: 4974.7, Diff: 0.2]
   [Code Root Fixup: 0.0 ms]
   [Code Root Purge: 0.0 ms]
   [Clear CT: 1.0 ms]
   [Other: 2.9 ms]
      [Choose CSet: 0.0 ms]
      [Ref Proc: 1.9 ms]
      [Ref Enq: 0.0 ms]
      [Redirty Cards: 0.9 ms]
      [Humongous Register: 0.0 ms]
      [Humongous Reclaim: 0.0 ms]
      [Free CSet: 0.0 ms]
   [Eden: 13312.0K(13312.0K)->0.0B(10240.0K) Survivors: 1024.0K->2048.0K Heap: 48862.6K(65536.0K)->39286.6K(65536.0K)]
 [Times: user=0.13 sys=0.00, real=0.01 secs] 
2026-06-17T09:48:42.789+0800: 4.990: [GC pause (G1 Humongous Allocation) (young) (initial-mark), 0.0109726 secs]
   [Parallel Time: 8.0 ms, GC Workers: 18]
      [GC Worker Start (ms): Min: 4990.6, Avg: 4991.0, Max: 4991.2, Diff: 0.6]
      [Ext Root Scanning (ms): Min: 0.0, Avg: 1.5, Max: 6.6, Diff: 6.6, Sum: 26.5]
      [Update RS (ms): Min: 0.0, Avg: 0.0, Max: 0.0, Diff: 0.0, Sum: 0.0]
         [Processed Buffers: Min: 0, Avg: 0.2, Max: 4, Diff: 4, Sum: 4]
      [Scan RS (ms): Min: 0.0, Avg: 0.0, Max: 0.0, Diff: 0.0, Sum: 0.0]
      [Code Root Scanning (ms): Min: 0.0, Avg: 0.0, Max: 0.0, Diff: 0.0, Sum: 0.0]
      [Object Copy (ms): Min: 0.0, Avg: 0.0, Max: 0.2, Diff: 0.2, Sum: 0.5]
      [Termination (ms): Min: 0.0, Avg: 5.4, Max: 6.4, Diff: 6.4, Sum: 97.3]
         [Termination Attempts: Min: 1, Avg: 1.0, Max: 1, Diff: 0, Sum: 18]
      [GC Worker Other (ms): Min: 0.0, Avg: 0.0, Max: 0.0, Diff: 0.0, Sum: 0.1]
      [GC Worker Total (ms): Min: 6.6, Avg: 6.9, Max: 7.3, Diff: 0.6, Sum: 124.5]
      [GC Worker End (ms): Min: 4997.8, Avg: 4997.9, Max: 4998.0, Diff: 0.2]
   [Code Root Fixup: 0.0 ms]
   [Code Root Purge: 0.0 ms]
   [Clear CT: 0.7 ms]
   [Other: 2.3 ms]
      [Choose CSet: 0.0 ms]
      [Ref Proc: 1.5 ms]
      [Ref Enq: 0.0 ms]
      [Redirty Cards: 0.8 ms]
      [Humongous Register: 0.0 ms]
      [Humongous Reclaim: 0.0 ms]
      [Free CSet: 0.0 ms]
   [Eden: 7168.0K(10240.0K)->0.0B(9216.0K) Survivors: 2048.0K->2048.0K Heap: 45990.9K(65536.0K)->41163.6K(65536.0K)]
 [Times: user=0.12 sys=0.00, real=0.01 secs] 
2026-06-17T09:48:42.801+0800: 5.003: [GC concurrent-root-region-scan-start]
2026-06-17T09:48:42.802+0800: 5.003: [GC concurrent-root-region-scan-end, 0.0002688 secs]
2026-06-17T09:48:42.802+0800: 5.003: [GC concurrent-mark-start]
2026-06-17T09:48:42.802+0800: 5.004: [GC concurrent-mark-end, 0.0006255 secs]
2026-06-17T09:48:42.803+0800: 5.004: [GC remark 2026-06-17T09:48:42.803+0800: 5.004: [Finalize Marking, 0.0030132 secs] 2026-06-17T09:48:42.806+0800: 5.008: [GC ref-proc, 0.0006443 secs] 2026-06-17T09:48:42.807+0800: 5.009: [Unloading, 0.0020486 secs], 0.0082917 secs]
 [Times: user=0.02 sys=0.00, real=0.01 secs] 
2026-06-17T09:48:42.812+0800: 5.014: [GC cleanup 42899K->40851K(65536K), 0.0031814 secs]
 [Times: user=0.00 sys=0.01, real=0.00 secs] 
2026-06-17T09:48:42.817+0800: 5.018: [GC concurrent-cleanup-start]
2026-06-17T09:48:42.817+0800: 5.018: [GC concurrent-cleanup-end, 0.0000078 secs]
2026-06-17T09:48:42.827+0800: 5.029: [GC pause (G1 Evacuation Pause) (young), 0.0096318 secs]
   [Parallel Time: 6.1 ms, GC Workers: 18]
      [GC Worker Start (ms): Min: 5028.7, Avg: 5029.8, Max: 5034.2, Diff: 5.5]
      [Ext Root Scanning (ms): Min: 0.0, Avg: 0.0, Max: 0.2, Diff: 0.2, Sum: 0.4]
      [Update RS (ms): Min: 0.0, Avg: 0.0, Max: 0.0, Diff: 0.0, Sum: 0.1]
         [Processed Buffers: Min: 0, Avg: 0.3, Max: 2, Diff: 2, Sum: 5]
      [Scan RS (ms): Min: 0.0, Avg: 0.0, Max: 0.0, Diff: 0.0, Sum: 0.0]
      [Code Root Scanning (ms): Min: 0.0, Avg: 0.0, Max: 0.0, Diff: 0.0, Sum: 0.0]
      [Object Copy (ms): Min: 0.0, Avg: 0.0, Max: 0.1, Diff: 0.1, Sum: 0.5]
      [Termination (ms): Min: 0.0, Avg: 4.4, Max: 5.3, Diff: 5.3, Sum: 78.8]
         [Termination Attempts: Min: 1, Avg: 1.0, Max: 1, Diff: 0, Sum: 18]
      [GC Worker Other (ms): Min: 0.0, Avg: 0.0, Max: 0.0, Diff: 0.0, Sum: 0.1]
      [GC Worker Total (ms): Min: 0.0, Avg: 4.4, Max: 5.6, Diff: 5.6, Sum: 79.8]
      [GC Worker End (ms): Min: 5034.2, Avg: 5034.2, Max: 5034.4, Diff: 0.2]
   [Code Root Fixup: 0.0 ms]
   [Code Root Purge: 0.0 ms]
   [Clear CT: 0.9 ms]
   [Other: 2.6 ms]
      [Choose CSet: 0.0 ms]
      [Ref Proc: 1.6 ms]
      [Ref Enq: 0.0 ms]
      [Redirty Cards: 0.9 ms]
      [Humongous Register: 0.0 ms]
      [Humongous Reclaim: 0.0 ms]
      [Free CSet: 0.0 ms]
   [Eden: 9216.0K(9216.0K)->0.0B(1024.0K) Survivors: 2048.0K->2048.0K Heap: 49315.7K(65536.0K)->41160.7K(65536.0K)]
 [Times: user=0.08 sys=0.01, real=0.01 secs] 
2026-06-17T09:48:42.848+0800: 5.050: [GC pause (G1 Evacuation Pause) (mixed), 0.0108709 secs]
   [Parallel Time: 6.2 ms, GC Workers: 18]
      [GC Worker Start (ms): Min: 5049.7, Avg: 5050.8, Max: 5055.1, Diff: 5.3]
      [Ext Root Scanning (ms): Min: 0.0, Avg: 0.0, Max: 0.2, Diff: 0.2, Sum: 0.4]
      [Update RS (ms): Min: 0.0, Avg: 0.0, Max: 0.0, Diff: 0.0, Sum: 0.0]
         [Processed Buffers: Min: 0, Avg: 0.3, Max: 2, Diff: 2, Sum: 5]
      [Scan RS (ms): Min: 0.0, Avg: 0.0, Max: 0.0, Diff: 0.0, Sum: 0.0]
      [Code Root Scanning (ms): Min: 0.0, Avg: 0.0, Max: 0.0, Diff: 0.0, Sum: 0.0]
      [Object Copy (ms): Min: 0.0, Avg: 0.0, Max: 0.2, Diff: 0.2, Sum: 0.7]
      [Termination (ms): Min: 0.0, Avg: 4.2, Max: 5.1, Diff: 5.1, Sum: 75.9]
         [Termination Attempts: Min: 1, Avg: 1.0, Max: 1, Diff: 0, Sum: 18]
      [GC Worker Other (ms): Min: 0.0, Avg: 0.0, Max: 0.0, Diff: 0.0, Sum: 0.1]
      [GC Worker Total (ms): Min: 0.0, Avg: 4.3, Max: 5.5, Diff: 5.5, Sum: 77.2]
      [GC Worker End (ms): Min: 5055.1, Avg: 5055.1, Max: 5055.2, Diff: 0.2]
   [Code Root Fixup: 0.0 ms]
   [Code Root Purge: 0.0 ms]
   [Clear CT: 1.6 ms]
   [Other: 3.1 ms]
      [Choose CSet: 0.0 ms]
      [Ref Proc: 2.0 ms]
      [Ref Enq: 0.0 ms]
      [Redirty Cards: 1.0 ms]
      [Humongous Register: 0.0 ms]
      [Humongous Reclaim: 0.0 ms]
      [Free CSet: 0.0 ms]
   [Eden: 1024.0K(1024.0K)->0.0B(2048.0K) Survivors: 2048.0K->1024.0K Heap: 42184.7K(65536.0K)->38588.8K(65536.0K)]
 [Times: user=0.09 sys=0.00, real=0.01 secs] 
2026-06-17T09:48:42.861+0800: 5.062: [GC pause (G1 Evacuation Pause) (mixed), 0.0055099 secs]
   [Parallel Time: 1.3 ms, GC Workers: 18]
      [GC Worker Start (ms): Min: 5062.0, Avg: 5062.6, Max: 5063.1, Diff: 1.1]
      [Ext Root Scanning (ms): Min: 0.0, Avg: 0.0, Max: 0.2, Diff: 0.2, Sum: 0.5]
      [Update RS (ms): Min: 0.0, Avg: 0.0, Max: 0.0, Diff: 0.0, Sum: 0.1]
         [Processed Buffers: Min: 0, Avg: 0.3, Max: 3, Diff: 3, Sum: 6]
      [Scan RS (ms): Min: 0.0, Avg: 0.0, Max: 0.0, Diff: 0.0, Sum: 0.0]
      [Code Root Scanning (ms): Min: 0.0, Avg: 0.0, Max: 0.0, Diff: 0.0, Sum: 0.0]
      [Object Copy (ms): Min: 0.0, Avg: 0.1, Max: 0.2, Diff: 0.2, Sum: 1.1]
      [Termination (ms): Min: 0.0, Avg: 0.5, Max: 0.7, Diff: 0.7, Sum: 8.2]
         [Termination Attempts: Min: 1, Avg: 1.0, Max: 1, Diff: 0, Sum: 18]
      [GC Worker Other (ms): Min: 0.0, Avg: 0.0, Max: 0.0, Diff: 0.0, Sum: 0.1]
      [GC Worker Total (ms): Min: 0.0, Avg: 0.5, Max: 1.1, Diff: 1.1, Sum: 9.9]
      [GC Worker End (ms): Min: 5063.1, Avg: 5063.1, Max: 5063.2, Diff: 0.1]
   [Code Root Fixup: 0.0 ms]
   [Code Root Purge: 0.0 ms]
   [Clear CT: 0.9 ms]
   [Other: 3.3 ms]
      [Choose CSet: 0.0 ms]
      [Ref Proc: 2.6 ms]
      [Ref Enq: 0.0 ms]
      [Redirty Cards: 0.7 ms]
      [Humongous Register: 0.0 ms]
      [Humongous Reclaim: 0.0 ms]
      [Free CSet: 0.0 ms]
   [Eden: 2048.0K(2048.0K)->0.0B(10240.0K) Survivors: 1024.0K->1024.0K Heap: 40636.8K(65536.0K)->39669.7K(65536.0K)]
 [Times: user=0.04 sys=0.00, real=0.01 secs] 
2026-06-17T09:48:42.890+0800: 5.091: [GC pause (G1 Evacuation Pause) (young), 0.0125836 secs]
   [Parallel Time: 8.1 ms, GC Workers: 18]
      [GC Worker Start (ms): Min: 5091.1, Avg: 5092.5, Max: 5098.3, Diff: 7.2]
      [Ext Root Scanning (ms): Min: 0.0, Avg: 0.0, Max: 0.2, Diff: 0.2, Sum: 0.3]
      [Update RS (ms): Min: 0.0, Avg: 0.0, Max: 0.1, Diff: 0.1, Sum: 0.1]
         [Processed Buffers: Min: 0, Avg: 0.4, Max: 3, Diff: 3, Sum: 7]
      [Scan RS (ms): Min: 0.0, Avg: 0.0, Max: 0.0, Diff: 0.0, Sum: 0.0]
      [Code Root Scanning (ms): Min: 0.0, Avg: 0.0, Max: 0.0, Diff: 0.0, Sum: 0.0]
      [Object Copy (ms): Min: 0.0, Avg: 0.0, Max: 0.2, Diff: 0.2, Sum: 0.5]
      [Termination (ms): Min: 0.0, Avg: 5.9, Max: 6.9, Diff: 6.9, Sum: 105.7]
         [Termination Attempts: Min: 1, Avg: 1.0, Max: 1, Diff: 0, Sum: 18]
      [GC Worker Other (ms): Min: 0.0, Avg: 0.0, Max: 0.0, Diff: 0.0, Sum: 0.1]
      [GC Worker Total (ms): Min: 0.0, Avg: 5.9, Max: 7.3, Diff: 7.3, Sum: 106.7]
      [GC Worker End (ms): Min: 5098.3, Avg: 5098.4, Max: 5098.5, Diff: 0.2]
   [Code Root Fixup: 0.0 ms]
   [Code Root Purge: 0.0 ms]
   [Clear CT: 1.4 ms]
   [Other: 3.1 ms]
      [Choose CSet: 0.0 ms]
      [Ref Proc: 2.3 ms]
      [Ref Enq: 0.0 ms]
      [Redirty Cards: 0.7 ms]
      [Humongous Register: 0.0 ms]
      [Humongous Reclaim: 0.0 ms]
      [Free CSet: 0.0 ms]
   [Eden: 10240.0K(10240.0K)->0.0B(8192.0K) Survivors: 1024.0K->2048.0K Heap: 49909.7K(65536.0K)->42301.7K(65536.0K)]
 [Times: user=0.12 sys=0.00, real=0.02 secs] 
2026-06-17T09:48:42.935+0800: 5.136: [GC pause (G1 Evacuation Pause) (young) (initial-mark), 0.0129252 secs]
   [Parallel Time: 8.3 ms, GC Workers: 18]
      [GC Worker Start (ms): Min: 5136.0, Avg: 5136.6, Max: 5137.0, Diff: 1.1]
      [Ext Root Scanning (ms): Min: 0.0, Avg: 1.5, Max: 6.4, Diff: 6.4, Sum: 26.6]
      [Update RS (ms): Min: 0.0, Avg: 0.0, Max: 0.0, Diff: 0.0, Sum: 0.0]
         [Processed Buffers: Min: 0, Avg: 0.2, Max: 4, Diff: 4, Sum: 4]
      [Scan RS (ms): Min: 0.0, Avg: 0.0, Max: 0.0, Diff: 0.0, Sum: 0.0]
      [Code Root Scanning (ms): Min: 0.0, Avg: 0.0, Max: 0.0, Diff: 0.0, Sum: 0.0]
      [Object Copy (ms): Min: 0.0, Avg: 0.0, Max: 0.2, Diff: 0.2, Sum: 0.4]
      [Termination (ms): Min: 0.0, Avg: 5.4, Max: 6.2, Diff: 6.2, Sum: 97.0]
         [Termination Attempts: Min: 1, Avg: 1.0, Max: 1, Diff: 0, Sum: 18]
      [GC Worker Other (ms): Min: 0.0, Avg: 0.0, Max: 0.0, Diff: 0.0, Sum: 0.1]
      [GC Worker Total (ms): Min: 6.4, Avg: 6.9, Max: 7.4, Diff: 1.1, Sum: 124.2]
      [GC Worker End (ms): Min: 5143.4, Avg: 5143.5, Max: 5143.6, Diff: 0.2]
   [Code Root Fixup: 0.0 ms]
   [Code Root Purge: 0.0 ms]
   [Clear CT: 1.9 ms]
   [Other: 2.7 ms]
      [Choose CSet: 0.0 ms]
      [Ref Proc: 1.7 ms]
      [Ref Enq: 0.0 ms]
      [Redirty Cards: 0.9 ms]
      [Humongous Register: 0.0 ms]
      [Humongous Reclaim: 0.0 ms]
      [Free CSet: 0.0 ms]
   [Eden: 8192.0K(8192.0K)->0.0B(8192.0K) Survivors: 2048.0K->1024.0K Heap: 50493.7K(65536.0K)->43273.3K(65536.0K)]
 [Times: user=0.11 sys=0.01, real=0.01 secs] 
2026-06-17T09:48:42.949+0800: 5.150: [GC concurrent-root-region-scan-start]
2026-06-17T09:48:42.949+0800: 5.150: [GC concurrent-root-region-scan-end, 0.0003492 secs]
2026-06-17T09:48:42.949+0800: 5.150: [GC concurrent-mark-start]
2026-06-17T09:48:42.949+0800: 5.151: [GC concurrent-mark-end, 0.0002287 secs]
2026-06-17T09:48:42.950+0800: 5.151: [GC remark 2026-06-17T09:48:42.950+0800: 5.151: [Finalize Marking, 0.0027095 secs] 2026-06-17T09:48:42.953+0800: 5.154: [GC ref-proc, 0.0005107 secs] 2026-06-17T09:48:42.954+0800: 5.155: [Unloading, 0.0017262 secs], 0.0077557 secs]
 [Times: user=0.02 sys=0.00, real=0.01 secs] 
2026-06-17T09:48:42.958+0800: 5.160: [GC cleanup 48027K->42907K(65536K), 0.0032536 secs]
 [Times: user=0.00 sys=0.00, real=0.00 secs] 
2026-06-17T09:48:42.963+0800: 5.164: [GC concurrent-cleanup-start]
2026-06-17T09:48:42.963+0800: 5.164: [GC concurrent-cleanup-end, 0.0000106 secs]
2026-06-17T09:48:42.963+0800: 5.164: [GC pause (G1 Evacuation Pause) (young), 0.0104996 secs]
   [Parallel Time: 7.0 ms, GC Workers: 18]
      [GC Worker Start (ms): Min: 5164.4, Avg: 5165.3, Max: 5170.7, Diff: 6.3]
      [Ext Root Scanning (ms): Min: 0.0, Avg: 0.0, Max: 0.3, Diff: 0.3, Sum: 0.5]
      [Update RS (ms): Min: 0.0, Avg: 0.0, Max: 0.0, Diff: 0.0, Sum: 0.0]
         [Processed Buffers: Min: 0, Avg: 0.2, Max: 2, Diff: 2, Sum: 3]
      [Scan RS (ms): Min: 0.0, Avg: 0.0, Max: 0.0, Diff: 0.0, Sum: 0.0]
      [Code Root Scanning (ms): Min: 0.0, Avg: 0.0, Max: 0.0, Diff: 0.0, Sum: 0.0]
      [Object Copy (ms): Min: 0.0, Avg: 0.0, Max: 0.2, Diff: 0.2, Sum: 0.7]
      [Termination (ms): Min: 0.0, Avg: 5.3, Max: 6.1, Diff: 6.1, Sum: 95.6]
         [Termination Attempts: Min: 1, Avg: 1.3, Max: 3, Diff: 2, Sum: 23]
      [GC Worker Other (ms): Min: 0.0, Avg: 0.0, Max: 0.0, Diff: 0.0, Sum: 0.1]
      [GC Worker Total (ms): Min: 0.0, Avg: 5.4, Max: 6.5, Diff: 6.5, Sum: 96.9]
      [GC Worker End (ms): Min: 5170.7, Avg: 5170.7, Max: 5170.9, Diff: 0.2]
   [Code Root Fixup: 0.0 ms]
   [Code Root Purge: 0.0 ms]
   [Clear CT: 0.8 ms]
   [Other: 2.7 ms]
      [Choose CSet: 0.0 ms]
      [Ref Proc: 1.9 ms]
      [Ref Enq: 0.0 ms]
      [Redirty Cards: 0.7 ms]
      [Humongous Register: 0.0 ms]
      [Humongous Reclaim: 0.0 ms]
      [Free CSet: 0.0 ms]
   [Eden: 8192.0K(8192.0K)->0.0B(2048.0K) Survivors: 1024.0K->2048.0K Heap: 46345.3K(65536.0K)->42598.7K(65536.0K)]
 [Times: user=0.11 sys=0.00, real=0.01 secs] 
2026-06-17T09:48:42.985+0800: 5.186: [GC pause (G1 Evacuation Pause) (mixed), 0.0127298 secs]
   [Parallel Time: 7.7 ms, GC Workers: 18]
      [GC Worker Start (ms): Min: 5186.2, Avg: 5187.5, Max: 5193.3, Diff: 7.1]
      [Ext Root Scanning (ms): Min: 0.0, Avg: 0.0, Max: 0.2, Diff: 0.2, Sum: 0.5]
      [Update RS (ms): Min: 0.0, Avg: 0.0, Max: 0.0, Diff: 0.0, Sum: 0.0]
         [Processed Buffers: Min: 0, Avg: 0.2, Max: 2, Diff: 2, Sum: 4]
      [Scan RS (ms): Min: 0.0, Avg: 0.0, Max: 0.0, Diff: 0.0, Sum: 0.0]
      [Code Root Scanning (ms): Min: 0.0, Avg: 0.0, Max: 0.0, Diff: 0.0, Sum: 0.0]
      [Object Copy (ms): Min: 0.0, Avg: 0.0, Max: 0.2, Diff: 0.2, Sum: 0.9]
      [Termination (ms): Min: 0.0, Avg: 5.8, Max: 6.9, Diff: 6.9, Sum: 104.2]
         [Termination Attempts: Min: 1, Avg: 1.0, Max: 1, Diff: 0, Sum: 18]
      [GC Worker Other (ms): Min: 0.0, Avg: 0.0, Max: 0.0, Diff: 0.0, Sum: 0.1]
      [GC Worker Total (ms): Min: 0.0, Avg: 5.9, Max: 7.2, Diff: 7.2, Sum: 105.6]
      [GC Worker End (ms): Min: 5193.3, Avg: 5193.4, Max: 5193.5, Diff: 0.2]
   [Code Root Fixup: 0.0 ms]
   [Code Root Purge: 0.0 ms]
   [Clear CT: 1.3 ms]
   [Other: 3.7 ms]
      [Choose CSet: 0.0 ms]
      [Ref Proc: 2.3 ms]
      [Ref Enq: 0.0 ms]
      [Redirty Cards: 1.3 ms]
      [Humongous Register: 0.0 ms]
      [Humongous Reclaim: 0.0 ms]
      [Free CSet: 0.0 ms]
   [Eden: 2048.0K(2048.0K)->0.0B(2048.0K) Survivors: 2048.0K->1024.0K Heap: 44646.7K(65536.0K)->39474.7K(65536.0K)]
 [Times: user=0.12 sys=0.01, real=0.01 secs] 
2026-06-17T09:48:43.009+0800: 5.210: [GC pause (G1 Evacuation Pause) (mixed), 0.0091578 secs]
   [Parallel Time: 4.2 ms, GC Workers: 18]
      [GC Worker Start (ms): Min: 5210.3, Avg: 5211.3, Max: 5213.6, Diff: 3.3]
      [Ext Root Scanning (ms): Min: 0.0, Avg: 0.0, Max: 0.2, Diff: 0.2, Sum: 0.5]
      [Update RS (ms): Min: 0.0, Avg: 0.0, Max: 0.0, Diff: 0.0, Sum: 0.1]
         [Processed Buffers: Min: 0, Avg: 0.2, Max: 1, Diff: 1, Sum: 4]
      [Scan RS (ms): Min: 0.0, Avg: 0.0, Max: 0.0, Diff: 0.0, Sum: 0.0]
      [Code Root Scanning (ms): Min: 0.0, Avg: 0.0, Max: 0.0, Diff: 0.0, Sum: 0.0]
      [Object Copy (ms): Min: 0.0, Avg: 0.0, Max: 0.2, Diff: 0.2, Sum: 0.7]
      [Termination (ms): Min: 0.0, Avg: 2.3, Max: 3.1, Diff: 3.1, Sum: 41.0]
         [Termination Attempts: Min: 1, Avg: 1.0, Max: 1, Diff: 0, Sum: 18]
      [GC Worker Other (ms): Min: 0.0, Avg: 0.0, Max: 0.0, Diff: 0.0, Sum: 0.1]
      [GC Worker Total (ms): Min: 0.0, Avg: 2.4, Max: 3.4, Diff: 3.4, Sum: 42.4]
      [GC Worker End (ms): Min: 5213.6, Avg: 5213.7, Max: 5213.8, Diff: 0.2]
   [Code Root Fixup: 0.0 ms]
   [Code Root Purge: 0.0 ms]
   [Clear CT: 1.4 ms]
   [Other: 3.6 ms]
      [Choose CSet: 0.0 ms]
      [Ref Proc: 2.4 ms]
      [Ref Enq: 0.0 ms]
      [Redirty Cards: 1.2 ms]
      [Humongous Register: 0.0 ms]
      [Humongous Reclaim: 0.0 ms]
      [Free CSet: 0.0 ms]
   [Eden: 2048.0K(2048.0K)->0.0B(2048.0K) Survivors: 1024.0K->1024.0K Heap: 41522.7K(65536.0K)->37258.2K(65536.0K)]
 [Times: user=0.05 sys=0.01, real=0.01 secs] 
2026-06-17T09:48:43.019+0800: 5.221: [GC pause (G1 Evacuation Pause) (mixed), 0.0063467 secs]
   [Parallel Time: 3.0 ms, GC Workers: 18]
      [GC Worker Start (ms): Min: 5220.7, Avg: 5221.6, Max: 5223.2, Diff: 2.5]
      [Ext Root Scanning (ms): Min: 0.0, Avg: 0.0, Max: 0.2, Diff: 0.2, Sum: 0.4]
      [Update RS (ms): Min: 0.0, Avg: 0.0, Max: 0.0, Diff: 0.0, Sum: 0.0]
         [Processed Buffers: Min: 0, Avg: 0.4, Max: 3, Diff: 3, Sum: 7]
      [Scan RS (ms): Min: 0.0, Avg: 0.0, Max: 0.0, Diff: 0.0, Sum: 0.1]
      [Code Root Scanning (ms): Min: 0.0, Avg: 0.0, Max: 0.0, Diff: 0.0, Sum: 0.0]
      [Object Copy (ms): Min: 0.0, Avg: 0.0, Max: 0.1, Diff: 0.1, Sum: 0.5]
      [Termination (ms): Min: 0.0, Avg: 1.6, Max: 2.3, Diff: 2.3, Sum: 29.0]
         [Termination Attempts: Min: 1, Avg: 1.0, Max: 1, Diff: 0, Sum: 18]
      [GC Worker Other (ms): Min: 0.0, Avg: 0.0, Max: 0.0, Diff: 0.0, Sum: 0.1]
      [GC Worker Total (ms): Min: 0.0, Avg: 1.7, Max: 2.6, Diff: 2.6, Sum: 30.1]
      [GC Worker End (ms): Min: 5223.2, Avg: 5223.2, Max: 5223.3, Diff: 0.1]
   [Code Root Fixup: 0.0 ms]
   [Code Root Purge: 0.0 ms]
   [Clear CT: 0.8 ms]
   [Other: 2.5 ms]
      [Choose CSet: 0.0 ms]
      [Ref Proc: 1.8 ms]
      [Ref Enq: 0.0 ms]
      [Redirty Cards: 0.6 ms]
      [Humongous Register: 0.0 ms]
      [Humongous Reclaim: 0.0 ms]
      [Free CSet: 0.0 ms]
   [Eden: 2048.0K(2048.0K)->0.0B(11264.0K) Survivors: 1024.0K->1024.0K Heap: 39306.2K(65536.0K)->38032.7K(65536.0K)]
 [Times: user=0.04 sys=0.00, real=0.01 secs] 
2026-06-17T09:48:43.058+0800: 5.259: [GC pause (G1 Evacuation Pause) (young), 0.0105686 secs]
   [Parallel Time: 2.3 ms, GC Workers: 18]
      [GC Worker Start (ms): Min: 5259.3, Avg: 5260.2, Max: 5261.0, Diff: 1.6]
      [Ext Root Scanning (ms): Min: 0.0, Avg: 0.0, Max: 0.2, Diff: 0.2, Sum: 0.5]
      [Update RS (ms): Min: 0.0, Avg: 0.0, Max: 0.1, Diff: 0.1, Sum: 0.2]
         [Processed Buffers: Min: 0, Avg: 0.3, Max: 3, Diff: 3, Sum: 6]
      [Scan RS (ms): Min: 0.0, Avg: 0.0, Max: 0.0, Diff: 0.0, Sum: 0.0]
      [Code Root Scanning (ms): Min: 0.0, Avg: 0.0, Max: 0.0, Diff: 0.0, Sum: 0.0]
      [Object Copy (ms): Min: 0.0, Avg: 0.0, Max: 0.1, Diff: 0.1, Sum: 0.5]
      [Termination (ms): Min: 0.0, Avg: 0.8, Max: 1.4, Diff: 1.4, Sum: 14.2]
         [Termination Attempts: Min: 1, Avg: 1.2, Max: 2, Diff: 1, Sum: 22]
      [GC Worker Other (ms): Min: 0.0, Avg: 0.0, Max: 0.0, Diff: 0.0, Sum: 0.1]
      [GC Worker Total (ms): Min: 0.0, Avg: 0.9, Max: 1.7, Diff: 1.7, Sum: 15.7]
      [GC Worker End (ms): Min: 5261.0, Avg: 5261.0, Max: 5261.1, Diff: 0.2]
   [Code Root Fixup: 0.0 ms]
   [Code Root Purge: 0.0 ms]
   [Clear CT: 1.2 ms]
   [Other: 7.1 ms]
      [Choose CSet: 0.0 ms]
      [Ref Proc: 5.7 ms]
      [Ref Enq: 0.0 ms]
      [Redirty Cards: 1.3 ms]
      [Humongous Register: 0.0 ms]
      [Humongous Reclaim: 0.0 ms]
      [Free CSet: 0.0 ms]
   [Eden: 11264.0K(11264.0K)->0.0B(9216.0K) Survivors: 1024.0K->2048.0K Heap: 49296.7K(65536.0K)->40690.7K(65536.0K)]
 [Times: user=0.08 sys=0.01, real=0.01 secs] 
2026-06-17T09:48:43.091+0800: 5.292: [GC pause (G1 Evacuation Pause) (young) (initial-mark), 0.0157253 secs]
   [Parallel Time: 11.0 ms, GC Workers: 18]
      [GC Worker Start (ms): Min: 5292.3, Avg: 5292.8, Max: 5293.1, Diff: 0.8]
      [Ext Root Scanning (ms): Min: 0.0, Avg: 2.9, Max: 9.1, Diff: 9.1, Sum: 51.7]
      [Update RS (ms): Min: 0.0, Avg: 0.0, Max: 0.0, Diff: 0.0, Sum: 0.0]
         [Processed Buffers: Min: 0, Avg: 0.2, Max: 3, Diff: 3, Sum: 3]
      [Scan RS (ms): Min: 0.0, Avg: 0.0, Max: 0.0, Diff: 0.0, Sum: 0.0]
      [Code Root Scanning (ms): Min: 0.0, Avg: 0.0, Max: 0.0, Diff: 0.0, Sum: 0.0]
      [Object Copy (ms): Min: 0.0, Avg: 0.0, Max: 0.2, Diff: 0.2, Sum: 0.5]
      [Termination (ms): Min: 0.0, Avg: 6.5, Max: 8.9, Diff: 8.9, Sum: 116.9]
         [Termination Attempts: Min: 1, Avg: 1.0, Max: 1, Diff: 0, Sum: 18]
      [GC Worker Other (ms): Min: 0.0, Avg: 0.0, Max: 0.0, Diff: 0.0, Sum: 0.1]
      [GC Worker Total (ms): Min: 9.1, Avg: 9.4, Max: 9.8, Diff: 0.8, Sum: 169.3]
      [GC Worker End (ms): Min: 5302.1, Avg: 5302.2, Max: 5302.3, Diff: 0.2]
   [Code Root Fixup: 0.0 ms]
   [Code Root Purge: 0.0 ms]
   [Clear CT: 1.6 ms]
   [Other: 3.1 ms]
      [Choose CSet: 0.0 ms]
      [Ref Proc: 1.8 ms]
      [Ref Enq: 0.0 ms]
      [Redirty Cards: 1.3 ms]
      [Humongous Register: 0.0 ms]
      [Humongous Reclaim: 0.0 ms]
      [Free CSet: 0.0 ms]
   [Eden: 9216.0K(9216.0K)->0.0B(7168.0K) Survivors: 2048.0K->2048.0K Heap: 49906.7K(65536.0K)->42737.7K(65536.0K)]
 [Times: user=0.12 sys=0.01, real=0.01 secs] 
2026-06-17T09:48:43.108+0800: 5.309: [GC concurrent-root-region-scan-start]
2026-06-17T09:48:43.108+0800: 5.310: [GC concurrent-root-region-scan-end, 0.0003214 secs]
2026-06-17T09:48:43.108+0800: 5.310: [GC concurrent-mark-start]
2026-06-17T09:48:43.109+0800: 5.311: [GC concurrent-mark-end, 0.0007825 secs]
2026-06-17T09:48:43.109+0800: 5.311: [GC remark 2026-06-17T09:48:43.110+0800: 5.311: [Finalize Marking, 0.0102563 secs] 2026-06-17T09:48:43.121+0800: 5.322: [GC ref-proc, 0.0007464 secs] 2026-06-17T09:48:43.122+0800: 5.323: [Unloading, 0.0026933 secs], 0.0168100 secs]
 [Times: user=0.14 sys=0.00, real=0.02 secs] 
2026-06-17T09:48:43.128+0800: 5.329: [GC cleanup 46788K->42692K(65536K), 0.0031836 secs]
 [Times: user=0.00 sys=0.00, real=0.01 secs] 
2026-06-17T09:48:43.132+0800: 5.333: [GC concurrent-cleanup-start]
2026-06-17T09:48:43.132+0800: 5.333: [GC concurrent-cleanup-end, 0.0000084 secs]
2026-06-17T09:48:43.132+0800: 5.333: [GC pause (G1 Evacuation Pause) (young), 0.0145811 secs]
   [Parallel Time: 10.1 ms, GC Workers: 18]
      [GC Worker Start (ms): Min: 5333.3, Avg: 5335.8, Max: 5342.5, Diff: 9.1]
      [Ext Root Scanning (ms): Min: 0.0, Avg: 0.0, Max: 0.2, Diff: 0.2, Sum: 0.6]
      [Update RS (ms): Min: 0.0, Avg: 0.0, Max: 0.0, Diff: 0.0, Sum: 0.0]
         [Processed Buffers: Min: 0, Avg: 0.3, Max: 1, Diff: 1, Sum: 5]
      [Scan RS (ms): Min: 0.0, Avg: 0.0, Max: 0.0, Diff: 0.0, Sum: 0.0]
      [Code Root Scanning (ms): Min: 0.0, Avg: 0.0, Max: 0.0, Diff: 0.0, Sum: 0.0]
      [Object Copy (ms): Min: 0.0, Avg: 0.1, Max: 0.5, Diff: 0.5, Sum: 2.3]
      [Termination (ms): Min: 0.0, Avg: 6.6, Max: 8.9, Diff: 8.9, Sum: 118.5]
         [Termination Attempts: Min: 1, Avg: 1.0, Max: 1, Diff: 0, Sum: 18]
      [GC Worker Other (ms): Min: 0.0, Avg: 0.0, Max: 0.0, Diff: 0.0, Sum: 0.1]
      [GC Worker Total (ms): Min: 0.0, Avg: 6.8, Max: 9.2, Diff: 9.2, Sum: 121.6]
      [GC Worker End (ms): Min: 5342.5, Avg: 5342.6, Max: 5342.7, Diff: 0.2]
   [Code Root Fixup: 0.0 ms]
   [Code Root Purge: 0.0 ms]
   [Clear CT: 1.0 ms]
   [Other: 3.5 ms]
      [Choose CSet: 0.0 ms]
      [Ref Proc: 2.7 ms]
      [Ref Enq: 0.0 ms]
      [Redirty Cards: 0.8 ms]
      [Humongous Register: 0.0 ms]
      [Humongous Reclaim: 0.0 ms]
      [Free CSet: 0.0 ms]
   [Eden: 7168.0K(7168.0K)->0.0B(1024.0K) Survivors: 2048.0K->2048.0K Heap: 45809.7K(65536.0K)->45507.7K(65536.0K)]
 [Times: user=0.15 sys=0.00, real=0.01 secs] 
2026-06-17T09:48:43.148+0800: 5.349: [GC pause (G1 Evacuation Pause) (mixed), 0.0151893 secs]
   [Parallel Time: 9.0 ms, GC Workers: 18]
      [GC Worker Start (ms): Min: 5349.0, Avg: 5350.9, Max: 5357.1, Diff: 8.1]
      [Ext Root Scanning (ms): Min: 0.0, Avg: 0.0, Max: 0.2, Diff: 0.2, Sum: 0.4]
      [Update RS (ms): Min: 0.0, Avg: 0.0, Max: 0.0, Diff: 0.0, Sum: 0.0]
         [Processed Buffers: Min: 0, Avg: 0.3, Max: 2, Diff: 2, Sum: 5]
      [Scan RS (ms): Min: 0.0, Avg: 0.0, Max: 0.0, Diff: 0.0, Sum: 0.0]
      [Code Root Scanning (ms): Min: 0.0, Avg: 0.0, Max: 0.0, Diff: 0.0, Sum: 0.0]
      [Object Copy (ms): Min: 0.0, Avg: 0.1, Max: 0.2, Diff: 0.2, Sum: 1.0]
      [Termination (ms): Min: 0.0, Avg: 6.2, Max: 7.8, Diff: 7.8, Sum: 111.4]
         [Termination Attempts: Min: 1, Avg: 1.0, Max: 1, Diff: 0, Sum: 18]
      [GC Worker Other (ms): Min: 0.0, Avg: 0.0, Max: 0.0, Diff: 0.0, Sum: 0.1]
      [GC Worker Total (ms): Min: 0.0, Avg: 6.3, Max: 8.1, Diff: 8.1, Sum: 112.9]
      [GC Worker End (ms): Min: 5357.1, Avg: 5357.2, Max: 5357.4, Diff: 0.2]
   [Code Root Fixup: 0.0 ms]
   [Code Root Purge: 0.0 ms]
   [Clear CT: 1.4 ms]
   [Other: 4.8 ms]
      [Choose CSet: 0.0 ms]
      [Ref Proc: 3.6 ms]
      [Ref Enq: 0.0 ms]
      [Redirty Cards: 1.2 ms]
      [Humongous Register: 0.0 ms]
      [Humongous Reclaim: 0.0 ms]
      [Free CSet: 0.0 ms]
   [Eden: 1024.0K(1024.0K)->0.0B(2048.0K) Survivors: 2048.0K->1024.0K Heap: 46531.7K(65536.0K)->42845.8K(65536.0K)]
 [Times: user=0.14 sys=0.00, real=0.02 secs] 
2026-06-17T09:48:43.176+0800: 5.377: [GC pause (G1 Evacuation Pause) (mixed), 0.0126044 secs]
   [Parallel Time: 8.0 ms, GC Workers: 18]
      [GC Worker Start (ms): Min: 5377.2, Avg: 5379.6, Max: 5384.5, Diff: 7.3]
      [Ext Root Scanning (ms): Min: 0.0, Avg: 0.0, Max: 0.2, Diff: 0.2, Sum: 0.6]
      [Update RS (ms): Min: 0.0, Avg: 0.0, Max: 0.0, Diff: 0.0, Sum: 0.0]
         [Processed Buffers: Min: 0, Avg: 0.3, Max: 2, Diff: 2, Sum: 6]
      [Scan RS (ms): Min: 0.0, Avg: 0.0, Max: 0.0, Diff: 0.0, Sum: 0.1]
      [Code Root Scanning (ms): Min: 0.0, Avg: 0.0, Max: 0.0, Diff: 0.0, Sum: 0.0]
      [Object Copy (ms): Min: 0.0, Avg: 0.1, Max: 0.3, Diff: 0.3, Sum: 1.3]
      [Termination (ms): Min: 0.0, Avg: 4.9, Max: 7.0, Diff: 7.0, Sum: 87.7]
         [Termination Attempts: Min: 1, Avg: 1.0, Max: 1, Diff: 0, Sum: 18]
      [GC Worker Other (ms): Min: 0.0, Avg: 0.0, Max: 0.1, Diff: 0.1, Sum: 0.5]
      [GC Worker Total (ms): Min: 0.0, Avg: 5.0, Max: 7.4, Diff: 7.3, Sum: 90.2]
      [GC Worker End (ms): Min: 5384.5, Avg: 5384.6, Max: 5384.7, Diff: 0.1]
   [Code Root Fixup: 0.0 ms]
   [Code Root Purge: 0.0 ms]
   [Clear CT: 1.5 ms]
   [Other: 3.0 ms]
      [Choose CSet: 0.0 ms]
      [Ref Proc: 2.0 ms]
      [Ref Enq: 0.0 ms]
      [Redirty Cards: 0.9 ms]
      [Humongous Register: 0.0 ms]
      [Humongous Reclaim: 0.0 ms]
      [Free CSet: 0.0 ms]
   [Eden: 2048.0K(2048.0K)->0.0B(10240.0K) Survivors: 1024.0K->1024.0K Heap: 46225.8K(65536.0K)->38344.6K(65536.0K)]
 [Times: user=0.10 sys=0.01, real=0.01 secs] 
2026-06-17T09:48:43.211+0800: 5.412: [GC pause (G1 Evacuation Pause) (young), 0.0133510 secs]
   [Parallel Time: 7.4 ms, GC Workers: 18]
      [GC Worker Start (ms): Min: 5412.2, Avg: 5413.7, Max: 5418.7, Diff: 6.6]
      [Ext Root Scanning (ms): Min: 0.0, Avg: 0.0, Max: 0.2, Diff: 0.2, Sum: 0.5]
      [Update RS (ms): Min: 0.0, Avg: 0.0, Max: 0.1, Diff: 0.1, Sum: 0.2]
         [Processed Buffers: Min: 0, Avg: 0.4, Max: 3, Diff: 3, Sum: 8]
      [Scan RS (ms): Min: 0.0, Avg: 0.0, Max: 0.0, Diff: 0.0, Sum: 0.0]
      [Code Root Scanning (ms): Min: 0.0, Avg: 0.0, Max: 0.0, Diff: 0.0, Sum: 0.0]
      [Object Copy (ms): Min: 0.0, Avg: 0.0, Max: 0.0, Diff: 0.0, Sum: 0.1]
      [Termination (ms): Min: 0.0, Avg: 5.0, Max: 6.3, Diff: 6.3, Sum: 89.5]
         [Termination Attempts: Min: 1, Avg: 1.0, Max: 1, Diff: 0, Sum: 18]
      [GC Worker Other (ms): Min: 0.0, Avg: 0.0, Max: 0.0, Diff: 0.0, Sum: 0.1]
      [GC Worker Total (ms): Min: 0.0, Avg: 5.0, Max: 6.6, Diff: 6.6, Sum: 90.5]
      [GC Worker End (ms): Min: 5418.7, Avg: 5418.7, Max: 5418.8, Diff: 0.1]
   [Code Root Fixup: 0.0 ms]
   [Code Root Purge: 0.0 ms]
   [Clear CT: 1.1 ms]
   [Other: 4.9 ms]
      [Choose CSet: 0.0 ms]
      [Ref Proc: 3.5 ms]
      [Ref Enq: 0.0 ms]
      [Redirty Cards: 1.3 ms]
      [Humongous Register: 0.0 ms]
      [Humongous Reclaim: 0.0 ms]
      [Free CSet: 0.0 ms]
   [Eden: 10240.0K(10240.0K)->0.0B(11264.0K) Survivors: 1024.0K->1024.0K Heap: 48584.6K(65536.0K)->38180.7K(65536.0K)]
 [Times: user=0.12 sys=0.00, real=0.01 secs] 
2026-06-17T09:48:43.257+0800: 5.458: [GC pause (G1 Evacuation Pause) (young) (initial-mark), 0.0144208 secs]
   [Parallel Time: 9.5 ms, GC Workers: 18]
      [GC Worker Start (ms): Min: 5458.0, Avg: 5458.4, Max: 5458.7, Diff: 0.7]
      [Ext Root Scanning (ms): Min: 0.0, Avg: 2.2, Max: 8.1, Diff: 8.1, Sum: 40.4]
      [Update RS (ms): Min: 0.0, Avg: 0.0, Max: 0.0, Diff: 0.0, Sum: 0.0]
         [Processed Buffers: Min: 0, Avg: 0.2, Max: 4, Diff: 4, Sum: 4]
      [Scan RS (ms): Min: 0.0, Avg: 0.0, Max: 0.0, Diff: 0.0, Sum: 0.0]
      [Code Root Scanning (ms): Min: 0.0, Avg: 0.0, Max: 0.0, Diff: 0.0, Sum: 0.0]
      [Object Copy (ms): Min: 0.0, Avg: 0.0, Max: 0.2, Diff: 0.2, Sum: 0.7]
      [Termination (ms): Min: 0.0, Avg: 6.1, Max: 7.8, Diff: 7.8, Sum: 109.8]
         [Termination Attempts: Min: 1, Avg: 1.2, Max: 2, Diff: 1, Sum: 22]
      [GC Worker Other (ms): Min: 0.0, Avg: 0.0, Max: 0.0, Diff: 0.0, Sum: 0.1]
      [GC Worker Total (ms): Min: 8.1, Avg: 8.4, Max: 8.8, Diff: 0.7, Sum: 151.0]
      [GC Worker End (ms): Min: 5466.7, Avg: 5466.8, Max: 5466.9, Diff: 0.2]
   [Code Root Fixup: 0.0 ms]
   [Code Root Purge: 0.0 ms]
   [Clear CT: 1.5 ms]
   [Other: 3.4 ms]
      [Choose CSet: 0.0 ms]
      [Ref Proc: 2.1 ms]
      [Ref Enq: 0.0 ms]
      [Redirty Cards: 1.3 ms]
      [Humongous Register: 0.0 ms]
      [Humongous Reclaim: 0.0 ms]
      [Free CSet: 0.0 ms]
   [Eden: 11264.0K(11264.0K)->0.0B(8192.0K) Survivors: 1024.0K->2048.0K Heap: 49444.7K(65536.0K)->42416.6K(65536.0K)]
 [Times: user=0.12 sys=0.01, real=0.02 secs] 
2026-06-17T09:48:43.272+0800: 5.474: [GC concurrent-root-region-scan-start]
2026-06-17T09:48:43.273+0800: 5.474: [GC concurrent-root-region-scan-end, 0.0003400 secs]
2026-06-17T09:48:43.273+0800: 5.474: [GC concurrent-mark-start]
2026-06-17T09:48:43.273+0800: 5.474: [GC concurrent-mark-end, 0.0002860 secs]
2026-06-17T09:48:43.273+0800: 5.474: [GC remark 2026-06-17T09:48:43.274+0800: 5.475: [Finalize Marking, 0.0022836 secs] 2026-06-17T09:48:43.276+0800: 5.478: [GC ref-proc, 0.0006474 secs] 2026-06-17T09:48:43.278+0800: 5.479: [Unloading, 0.0016921 secs], 0.0071720 secs]
 [Times: user=0.01 sys=0.00, real=0.00 secs] 
2026-06-17T09:48:43.282+0800: 5.483: [GC cleanup 45150K->39006K(65536K), 0.0029702 secs]
 [Times: user=0.00 sys=0.00, real=0.01 secs] 
2026-06-17T09:48:43.285+0800: 5.486: [GC concurrent-cleanup-start]
2026-06-17T09:48:43.285+0800: 5.486: [GC concurrent-cleanup-end, 0.0000123 secs]
2026-06-17T09:48:43.296+0800: 5.497: [GC pause (G1 Evacuation Pause) (young), 0.0118090 secs]
   [Parallel Time: 8.0 ms, GC Workers: 18]
      [GC Worker Start (ms): Min: 5496.9, Avg: 5498.6, Max: 5504.2, Diff: 7.4]
      [Ext Root Scanning (ms): Min: 0.0, Avg: 0.0, Max: 0.2, Diff: 0.2, Sum: 0.3]
      [Update RS (ms): Min: 0.0, Avg: 0.0, Max: 0.0, Diff: 0.0, Sum: 0.0]
         [Processed Buffers: Min: 0, Avg: 0.2, Max: 2, Diff: 2, Sum: 4]
      [Scan RS (ms): Min: 0.0, Avg: 0.0, Max: 0.0, Diff: 0.0, Sum: 0.0]
      [Code Root Scanning (ms): Min: 0.0, Avg: 0.0, Max: 0.0, Diff: 0.0, Sum: 0.0]
      [Object Copy (ms): Min: 0.0, Avg: 0.0, Max: 0.2, Diff: 0.2, Sum: 0.8]
      [Termination (ms): Min: 0.0, Avg: 5.6, Max: 7.1, Diff: 7.1, Sum: 101.6]
         [Termination Attempts: Min: 1, Avg: 1.0, Max: 1, Diff: 0, Sum: 18]
      [GC Worker Other (ms): Min: 0.0, Avg: 0.0, Max: 0.0, Diff: 0.0, Sum: 0.1]
      [GC Worker Total (ms): Min: 0.0, Avg: 5.7, Max: 7.5, Diff: 7.5, Sum: 102.8]
      [GC Worker End (ms): Min: 5504.3, Avg: 5504.3, Max: 5504.4, Diff: 0.2]
   [Code Root Fixup: 0.0 ms]
   [Code Root Purge: 0.0 ms]
   [Clear CT: 0.9 ms]
   [Other: 2.9 ms]
      [Choose CSet: 0.0 ms]
      [Ref Proc: 2.1 ms]
      [Ref Enq: 0.0 ms]
      [Redirty Cards: 0.8 ms]
      [Humongous Register: 0.0 ms]
      [Humongous Reclaim: 0.0 ms]
      [Free CSet: 0.0 ms]
   [Eden: 8192.0K(8192.0K)->0.0B(1024.0K) Survivors: 2048.0K->2048.0K Heap: 44464.6K(65536.0K)->40009.6K(65536.0K)]
 [Times: user=0.11 sys=0.01, real=0.01 secs] 
2026-06-17T09:48:43.309+0800: 5.510: [GC pause (G1 Evacuation Pause) (mixed), 0.0054790 secs]
   [Parallel Time: 2.3 ms, GC Workers: 18]
      [GC Worker Start (ms): Min: 5510.2, Avg: 5511.1, Max: 5512.1, Diff: 1.9]
      [Ext Root Scanning (ms): Min: 0.0, Avg: 0.0, Max: 0.2, Diff: 0.2, Sum: 0.3]
      [Update RS (ms): Min: 0.0, Avg: 0.0, Max: 0.0, Diff: 0.0, Sum: 0.0]
         [Processed Buffers: Min: 0, Avg: 0.3, Max: 2, Diff: 2, Sum: 5]
      [Scan RS (ms): Min: 0.0, Avg: 0.0, Max: 0.0, Diff: 0.0, Sum: 0.0]
      [Code Root Scanning (ms): Min: 0.0, Avg: 0.0, Max: 0.0, Diff: 0.0, Sum: 0.0]
      [Object Copy (ms): Min: 0.0, Avg: 0.0, Max: 0.2, Diff: 0.2, Sum: 0.7]
      [Termination (ms): Min: 0.0, Avg: 1.0, Max: 1.7, Diff: 1.7, Sum: 18.5]
         [Termination Attempts: Min: 1, Avg: 1.0, Max: 1, Diff: 0, Sum: 18]
      [GC Worker Other (ms): Min: 0.0, Avg: 0.0, Max: 0.0, Diff: 0.0, Sum: 0.1]
      [GC Worker Total (ms): Min: 0.0, Avg: 1.1, Max: 2.0, Diff: 1.9, Sum: 19.7]
      [GC Worker End (ms): Min: 5512.1, Avg: 5512.2, Max: 5512.3, Diff: 0.2]
   [Code Root Fixup: 0.0 ms]
   [Code Root Purge: 0.0 ms]
   [Clear CT: 0.7 ms]
   [Other: 2.4 ms]
      [Choose CSet: 0.0 ms]
      [Ref Proc: 1.6 ms]
      [Ref Enq: 0.0 ms]
      [Redirty Cards: 0.7 ms]
      [Humongous Register: 0.0 ms]
      [Humongous Reclaim: 0.0 ms]
      [Free CSet: 0.0 ms]
   [Eden: 1024.0K(1024.0K)->0.0B(2048.0K) Survivors: 2048.0K->1024.0K Heap: 41033.6K(65536.0K)->35912.0K(65536.0K)]
 [Times: user=0.04 sys=0.00, real=0.01 secs] 
2026-06-17T09:48:43.326+0800: 5.527: [GC pause (G1 Evacuation Pause) (mixed), 0.0108330 secs]
   [Parallel Time: 7.6 ms, GC Workers: 18]
      [GC Worker Start (ms): Min: 5526.9, Avg: 5528.6, Max: 5534.0, Diff: 7.1]
      [Ext Root Scanning (ms): Min: 0.0, Avg: 0.0, Max: 0.1, Diff: 0.1, Sum: 0.2]
      [Update RS (ms): Min: 0.0, Avg: 0.0, Max: 0.0, Diff: 0.0, Sum: 0.1]
         [Processed Buffers: Min: 0, Avg: 0.3, Max: 3, Diff: 3, Sum: 6]
      [Scan RS (ms): Min: 0.0, Avg: 0.0, Max: 0.0, Diff: 0.0, Sum: 0.0]
      [Code Root Scanning (ms): Min: 0.0, Avg: 0.0, Max: 0.0, Diff: 0.0, Sum: 0.0]
      [Object Copy (ms): Min: 0.0, Avg: 0.1, Max: 0.5, Diff: 0.5, Sum: 1.3]
      [Termination (ms): Min: 0.0, Avg: 5.4, Max: 6.7, Diff: 6.7, Sum: 96.9]
         [Termination Attempts: Min: 1, Avg: 1.0, Max: 1, Diff: 0, Sum: 18]
      [GC Worker Other (ms): Min: 0.0, Avg: 0.0, Max: 0.0, Diff: 0.0, Sum: 0.1]
      [GC Worker Total (ms): Min: 0.0, Avg: 5.5, Max: 7.2, Diff: 7.2, Sum: 98.5]
      [GC Worker End (ms): Min: 5534.0, Avg: 5534.0, Max: 5534.2, Diff: 0.2]
   [Code Root Fixup: 0.0 ms]
   [Code Root Purge: 0.0 ms]
   [Clear CT: 0.9 ms]
   [Other: 2.4 ms]
      [Choose CSet: 0.0 ms]
      [Ref Proc: 1.5 ms]
      [Ref Enq: 0.0 ms]
      [Redirty Cards: 0.8 ms]
      [Humongous Register: 0.0 ms]
      [Humongous Reclaim: 0.0 ms]
      [Free CSet: 0.0 ms]
   [Eden: 2048.0K(2048.0K)->0.0B(2048.0K) Survivors: 1024.0K->1024.0K Heap: 37960.0K(65536.0K)->35569.6K(65536.0K)]
 [Times: user=0.11 sys=0.00, real=0.01 secs] 
2026-06-17T09:48:43.338+0800: 5.539: [GC pause (G1 Evacuation Pause) (mixed), 0.0065521 secs]
   [Parallel Time: 3.2 ms, GC Workers: 18]
      [GC Worker Start (ms): Min: 5539.1, Avg: 5540.1, Max: 5541.7, Diff: 2.6]
      [Ext Root Scanning (ms): Min: 0.0, Avg: 0.0, Max: 0.2, Diff: 0.2, Sum: 0.4]
      [Update RS (ms): Min: 0.0, Avg: 0.0, Max: 0.0, Diff: 0.0, Sum: 0.0]
         [Processed Buffers: Min: 0, Avg: 0.3, Max: 2, Diff: 2, Sum: 5]
      [Scan RS (ms): Min: 0.0, Avg: 0.0, Max: 0.0, Diff: 0.0, Sum: 0.1]
      [Code Root Scanning (ms): Min: 0.0, Avg: 0.0, Max: 0.0, Diff: 0.0, Sum: 0.0]
      [Object Copy (ms): Min: 0.0, Avg: 0.0, Max: 0.2, Diff: 0.2, Sum: 0.6]
      [Termination (ms): Min: 0.0, Avg: 1.6, Max: 2.4, Diff: 2.4, Sum: 29.4]
         [Termination Attempts: Min: 1, Avg: 1.0, Max: 1, Diff: 0, Sum: 18]
      [GC Worker Other (ms): Min: 0.0, Avg: 0.0, Max: 0.0, Diff: 0.0, Sum: 0.1]
      [GC Worker Total (ms): Min: 0.0, Avg: 1.7, Max: 2.7, Diff: 2.7, Sum: 30.6]
      [GC Worker End (ms): Min: 5541.7, Avg: 5541.8, Max: 5541.9, Diff: 0.2]
   [Code Root Fixup: 0.0 ms]
   [Code Root Purge: 0.0 ms]
   [Clear CT: 0.8 ms]
   [Other: 2.6 ms]
      [Choose CSet: 0.0 ms]
      [Ref Proc: 1.9 ms]
      [Ref Enq: 0.0 ms]
      [Redirty Cards: 0.7 ms]
      [Humongous Register: 0.0 ms]
      [Humongous Reclaim: 0.0 ms]
      [Free CSet: 0.0 ms]
   [Eden: 2048.0K(2048.0K)->0.0B(14336.0K) Survivors: 1024.0K->1024.0K Heap: 37617.6K(65536.0K)->32847.6K(65536.0K)]
 [Times: user=0.04 sys=0.00, real=0.01 secs] 
2026-06-17T09:48:43.377+0800: 5.578: [GC pause (G1 Evacuation Pause) (young), 0.0109899 secs]
   [Parallel Time: 2.9 ms, GC Workers: 18]
      [GC Worker Start (ms): Min: 5578.3, Avg: 5579.5, Max: 5580.4, Diff: 2.1]
      [Ext Root Scanning (ms): Min: 0.0, Avg: 0.0, Max: 0.2, Diff: 0.2, Sum: 0.3]
      [Update RS (ms): Min: 0.0, Avg: 0.0, Max: 0.1, Diff: 0.1, Sum: 0.2]
         [Processed Buffers: Min: 0, Avg: 0.2, Max: 2, Diff: 2, Sum: 4]
      [Scan RS (ms): Min: 0.0, Avg: 0.0, Max: 0.0, Diff: 0.0, Sum: 0.0]
      [Code Root Scanning (ms): Min: 0.0, Avg: 0.0, Max: 0.0, Diff: 0.0, Sum: 0.0]
      [Object Copy (ms): Min: 0.0, Avg: 0.0, Max: 0.1, Diff: 0.1, Sum: 0.4]
      [Termination (ms): Min: 0.0, Avg: 0.9, Max: 1.8, Diff: 1.8, Sum: 16.6]
         [Termination Attempts: Min: 1, Avg: 1.0, Max: 1, Diff: 0, Sum: 18]
      [GC Worker Other (ms): Min: 0.0, Avg: 0.0, Max: 0.0, Diff: 0.0, Sum: 0.1]
      [GC Worker Total (ms): Min: 0.0, Avg: 1.0, Max: 2.2, Diff: 2.2, Sum: 17.6]
      [GC Worker End (ms): Min: 5580.4, Avg: 5580.5, Max: 5580.6, Diff: 0.1]
   [Code Root Fixup: 0.0 ms]
   [Code Root Purge: 0.0 ms]
   [Clear CT: 1.6 ms]
   [Other: 6.5 ms]
      [Choose CSet: 0.0 ms]
      [Ref Proc: 5.3 ms]
      [Ref Enq: 0.0 ms]
      [Redirty Cards: 1.1 ms]
      [Humongous Register: 0.0 ms]
      [Humongous Reclaim: 0.0 ms]
      [Free CSet: 0.0 ms]
   [Eden: 14336.0K(14336.0K)->0.0B(12288.0K) Survivors: 1024.0K->2048.0K Heap: 47183.6K(65536.0K)->37112.6K(65536.0K)]
 [Times: user=0.09 sys=0.00, real=0.01 secs] 
2026-06-17T09:48:43.421+0800: 5.622: [GC pause (G1 Evacuation Pause) (young) (initial-mark), 0.0147332 secs]
   [Parallel Time: 9.6 ms, GC Workers: 18]
      [GC Worker Start (ms): Min: 5622.1, Avg: 5622.6, Max: 5623.0, Diff: 0.9]
      [Ext Root Scanning (ms): Min: 0.0, Avg: 1.5, Max: 7.8, Diff: 7.8, Sum: 26.3]
      [Update RS (ms): Min: 0.0, Avg: 0.0, Max: 0.0, Diff: 0.0, Sum: 0.1]
         [Processed Buffers: Min: 0, Avg: 0.2, Max: 3, Diff: 3, Sum: 3]
      [Scan RS (ms): Min: 0.0, Avg: 0.0, Max: 0.0, Diff: 0.0, Sum: 0.0]
      [Code Root Scanning (ms): Min: 0.0, Avg: 0.0, Max: 0.0, Diff: 0.0, Sum: 0.0]
      [Object Copy (ms): Min: 0.0, Avg: 0.0, Max: 0.2, Diff: 0.2, Sum: 0.5]
      [Termination (ms): Min: 0.0, Avg: 6.7, Max: 7.6, Diff: 7.6, Sum: 121.3]
         [Termination Attempts: Min: 1, Avg: 1.1, Max: 2, Diff: 1, Sum: 19]
      [GC Worker Other (ms): Min: 0.0, Avg: 0.0, Max: 0.0, Diff: 0.0, Sum: 0.1]
      [GC Worker Total (ms): Min: 7.8, Avg: 8.2, Max: 8.7, Diff: 0.9, Sum: 148.2]
      [GC Worker End (ms): Min: 5630.8, Avg: 5630.8, Max: 5630.9, Diff: 0.2]
   [Code Root Fixup: 0.0 ms]
   [Code Root Purge: 0.0 ms]
   [Clear CT: 1.5 ms]
   [Other: 3.7 ms]
      [Choose CSet: 0.0 ms]
      [Ref Proc: 2.3 ms]
      [Ref Enq: 0.0 ms]
      [Redirty Cards: 1.4 ms]
      [Humongous Register: 0.0 ms]
      [Humongous Reclaim: 0.0 ms]
      [Free CSet: 0.0 ms]
   [Eden: 12288.0K(12288.0K)->0.0B(12288.0K) Survivors: 2048.0K->2048.0K Heap: 49400.6K(65536.0K)->38148.6K(65536.0K)]
 [Times: user=0.13 sys=0.01, real=0.02 secs] 
2026-06-17T09:48:43.437+0800: 5.638: [GC concurrent-root-region-scan-start]
2026-06-17T09:48:43.437+0800: 5.638: [GC concurrent-root-region-scan-end, 0.0002955 secs]
2026-06-17T09:48:43.437+0800: 5.638: [GC concurrent-mark-start]
2026-06-17T09:48:43.437+0800: 5.639: [GC concurrent-mark-end, 0.0003122 secs]
2026-06-17T09:48:43.438+0800: 5.639: [GC remark 2026-06-17T09:48:43.438+0800: 5.639: [Finalize Marking, 0.0028929 secs] 2026-06-17T09:48:43.442+0800: 5.643: [GC ref-proc, 0.0006396 secs] 2026-06-17T09:48:43.443+0800: 5.644: [Unloading, 0.0018113 secs], 0.0083229 secs]
 [Times: user=0.02 sys=0.00, real=0.01 secs] 
2026-06-17T09:48:43.447+0800: 5.648: [GC cleanup 39741K->36669K(65536K), 0.0033422 secs]
 [Times: user=0.01 sys=0.00, real=0.01 secs] 
2026-06-17T09:48:43.451+0800: 5.653: [GC concurrent-cleanup-start]
2026-06-17T09:48:43.451+0800: 5.653: [GC concurrent-cleanup-end, 0.0000094 secs]
2026-06-17T09:48:43.472+0800: 5.674: [GC pause (G1 Evacuation Pause) (young), 0.0078828 secs]
   [Parallel Time: 2.8 ms, GC Workers: 18]
      [GC Worker Start (ms): Min: 5673.7, Avg: 5674.7, Max: 5675.5, Diff: 1.8]
      [Ext Root Scanning (ms): Min: 0.0, Avg: 0.0, Max: 0.2, Diff: 0.2, Sum: 0.5]
      [Update RS (ms): Min: 0.0, Avg: 0.0, Max: 0.0, Diff: 0.0, Sum: 0.0]
         [Processed Buffers: Min: 0, Avg: 0.2, Max: 1, Diff: 1, Sum: 4]
      [Scan RS (ms): Min: 0.0, Avg: 0.0, Max: 0.0, Diff: 0.0, Sum: 0.0]
      [Code Root Scanning (ms): Min: 0.0, Avg: 0.0, Max: 0.0, Diff: 0.0, Sum: 0.0]
      [Object Copy (ms): Min: 0.0, Avg: 0.1, Max: 0.2, Diff: 0.2, Sum: 1.0]
      [Termination (ms): Min: 0.0, Avg: 0.8, Max: 1.4, Diff: 1.4, Sum: 14.6]
         [Termination Attempts: Min: 1, Avg: 1.0, Max: 1, Diff: 0, Sum: 18]
      [GC Worker Other (ms): Min: 0.0, Avg: 0.0, Max: 0.0, Diff: 0.0, Sum: 0.1]
      [GC Worker Total (ms): Min: 0.0, Avg: 0.9, Max: 1.9, Diff: 1.9, Sum: 16.2]
      [GC Worker End (ms): Min: 5675.5, Avg: 5675.6, Max: 5675.7, Diff: 0.2]
   [Code Root Fixup: 0.0 ms]
   [Code Root Purge: 0.0 ms]
   [Clear CT: 1.5 ms]
   [Other: 3.6 ms]
      [Choose CSet: 0.0 ms]
      [Ref Proc: 2.2 ms]
      [Ref Enq: 0.0 ms]
      [Redirty Cards: 1.3 ms]
      [Humongous Register: 0.0 ms]
      [Humongous Reclaim: 0.0 ms]
      [Free CSet: 0.0 ms]
   [Eden: 12288.0K(12288.0K)->0.0B(1024.0K) Survivors: 2048.0K->2048.0K Heap: 48329.6K(65536.0K)->40780.6K(65536.0K)]
 [Times: user=0.03 sys=0.01, real=0.00 secs] 
2026-06-17T09:48:43.482+0800: 5.683: [GC pause (G1 Evacuation Pause) (mixed), 0.0130419 secs]
   [Parallel Time: 6.5 ms, GC Workers: 18]
      [GC Worker Start (ms): Min: 5683.2, Avg: 5684.3, Max: 5688.6, Diff: 5.4]
      [Ext Root Scanning (ms): Min: 0.0, Avg: 0.0, Max: 0.2, Diff: 0.2, Sum: 0.3]
      [Update RS (ms): Min: 0.0, Avg: 0.0, Max: 0.0, Diff: 0.0, Sum: 0.1]
         [Processed Buffers: Min: 0, Avg: 0.2, Max: 2, Diff: 2, Sum: 4]
      [Scan RS (ms): Min: 0.0, Avg: 0.0, Max: 0.0, Diff: 0.0, Sum: 0.0]
      [Code Root Scanning (ms): Min: 0.0, Avg: 0.0, Max: 0.0, Diff: 0.0, Sum: 0.0]
      [Object Copy (ms): Min: 0.0, Avg: 0.0, Max: 0.2, Diff: 0.2, Sum: 0.7]
      [Termination (ms): Min: 0.0, Avg: 4.3, Max: 5.2, Diff: 5.2, Sum: 77.7]
         [Termination Attempts: Min: 1, Avg: 1.0, Max: 1, Diff: 0, Sum: 18]
      [GC Worker Other (ms): Min: 0.0, Avg: 0.0, Max: 0.0, Diff: 0.0, Sum: 0.1]
      [GC Worker Total (ms): Min: 0.0, Avg: 4.4, Max: 5.6, Diff: 5.6, Sum: 78.9]
      [GC Worker End (ms): Min: 5688.6, Avg: 5688.7, Max: 5688.8, Diff: 0.2]
   [Code Root Fixup: 0.0 ms]
   [Code Root Purge: 0.0 ms]
   [Clear CT: 1.7 ms]
   [Other: 4.9 ms]
      [Choose CSet: 0.0 ms]
      [Ref Proc: 3.6 ms]
      [Ref Enq: 0.0 ms]
      [Redirty Cards: 1.3 ms]
      [Humongous Register: 0.0 ms]
      [Humongous Reclaim: 0.0 ms]
      [Free CSet: 0.0 ms]
   [Eden: 1024.0K(1024.0K)->0.0B(2048.0K) Survivors: 2048.0K->1024.0K Heap: 41804.6K(65536.0K)->37451.7K(65536.0K)]
 [Times: user=0.10 sys=0.01, real=0.02 secs] 
2026-06-17T09:48:43.507+0800: 5.708: [GC pause (G1 Evacuation Pause) (mixed), 0.0155986 secs]
   [Parallel Time: 10.2 ms, GC Workers: 18]
      [GC Worker Start (ms): Min: 5707.9, Avg: 5710.6, Max: 5717.2, Diff: 9.4]
      [Ext Root Scanning (ms): Min: 0.0, Avg: 0.0, Max: 0.2, Diff: 0.2, Sum: 0.4]
      [Update RS (ms): Min: 0.0, Avg: 0.0, Max: 0.0, Diff: 0.0, Sum: 0.1]
         [Processed Buffers: Min: 0, Avg: 0.3, Max: 3, Diff: 3, Sum: 6]
      [Scan RS (ms): Min: 0.0, Avg: 0.0, Max: 0.0, Diff: 0.0, Sum: 0.1]
      [Code Root Scanning (ms): Min: 0.0, Avg: 0.0, Max: 0.0, Diff: 0.0, Sum: 0.0]
      [Object Copy (ms): Min: 0.0, Avg: 0.0, Max: 0.2, Diff: 0.2, Sum: 0.7]
      [Termination (ms): Min: 0.0, Avg: 6.6, Max: 9.2, Diff: 9.2, Sum: 119.2]
         [Termination Attempts: Min: 1, Avg: 1.3, Max: 4, Diff: 3, Sum: 23]
      [GC Worker Other (ms): Min: 0.0, Avg: 0.0, Max: 0.0, Diff: 0.0, Sum: 0.1]
      [GC Worker Total (ms): Min: 0.0, Avg: 6.7, Max: 9.5, Diff: 9.5, Sum: 120.6]
      [GC Worker End (ms): Min: 5717.3, Avg: 5717.3, Max: 5717.4, Diff: 0.2]
   [Code Root Fixup: 0.0 ms]
   [Code Root Purge: 0.0 ms]
   [Clear CT: 1.3 ms]
   [Other: 4.1 ms]
      [Choose CSet: 0.0 ms]
      [Ref Proc: 2.5 ms]
      [Ref Enq: 0.0 ms]
      [Redirty Cards: 1.6 ms]
      [Humongous Register: 0.0 ms]
      [Humongous Reclaim: 0.0 ms]
      [Free CSet: 0.0 ms]
   [Eden: 2048.0K(2048.0K)->0.0B(11264.0K) Survivors: 1024.0K->1024.0K Heap: 39499.7K(65536.0K)->38465.6K(65536.0K)]
 [Times: user=0.15 sys=0.00, real=0.02 secs] 
2026-06-17T09:48:43.545+0800: 5.746: [GC pause (G1 Evacuation Pause) (young), 0.0140110 secs]
   [Parallel Time: 7.1 ms, GC Workers: 18]
      [GC Worker Start (ms): Min: 5746.0, Avg: 5747.9, Max: 5752.4, Diff: 6.4]
      [Ext Root Scanning (ms): Min: 0.0, Avg: 0.0, Max: 0.4, Diff: 0.4, Sum: 0.8]
      [Update RS (ms): Min: 0.0, Avg: 0.0, Max: 0.1, Diff: 0.1, Sum: 0.2]
         [Processed Buffers: Min: 0, Avg: 0.4, Max: 3, Diff: 3, Sum: 7]
      [Scan RS (ms): Min: 0.0, Avg: 0.0, Max: 0.0, Diff: 0.0, Sum: 0.0]
      [Code Root Scanning (ms): Min: 0.0, Avg: 0.0, Max: 0.0, Diff: 0.0, Sum: 0.0]
      [Object Copy (ms): Min: 0.0, Avg: 0.0, Max: 0.1, Diff: 0.1, Sum: 0.2]
      [Termination (ms): Min: 0.0, Avg: 4.5, Max: 6.1, Diff: 6.1, Sum: 80.3]
         [Termination Attempts: Min: 1, Avg: 1.0, Max: 1, Diff: 0, Sum: 18]
      [GC Worker Other (ms): Min: 0.0, Avg: 0.0, Max: 0.0, Diff: 0.0, Sum: 0.1]
      [GC Worker Total (ms): Min: 0.0, Avg: 4.5, Max: 6.4, Diff: 6.4, Sum: 81.6]
      [GC Worker End (ms): Min: 5752.4, Avg: 5752.4, Max: 5752.6, Diff: 0.2]
   [Code Root Fixup: 0.0 ms]
   [Code Root Purge: 0.0 ms]
   [Clear CT: 1.5 ms]
   [Other: 5.4 ms]
      [Choose CSet: 0.0 ms]
      [Ref Proc: 3.9 ms]
      [Ref Enq: 0.0 ms]
      [Redirty Cards: 1.4 ms]
      [Humongous Register: 0.0 ms]
      [Humongous Reclaim: 0.0 ms]
      [Free CSet: 0.0 ms]
   [Eden: 11264.0K(11264.0K)->0.0B(11264.0K) Survivors: 1024.0K->2048.0K Heap: 49729.6K(65536.0K)->39300.7K(65536.0K)]
 [Times: user=0.13 sys=0.00, real=0.01 secs] 
2026-06-17T09:48:43.591+0800: 5.792: [GC pause (G1 Evacuation Pause) (young) (initial-mark), 0.0152244 secs]
   [Parallel Time: 8.1 ms, GC Workers: 18]
      [GC Worker Start (ms): Min: 5792.4, Avg: 5793.0, Max: 5793.4, Diff: 1.0]
      [Ext Root Scanning (ms): Min: 0.0, Avg: 1.9, Max: 6.3, Diff: 6.3, Sum: 33.5]
      [Update RS (ms): Min: 0.0, Avg: 0.0, Max: 0.0, Diff: 0.0, Sum: 0.0]
         [Processed Buffers: Min: 0, Avg: 0.1, Max: 2, Diff: 2, Sum: 2]
      [Scan RS (ms): Min: 0.0, Avg: 0.0, Max: 0.0, Diff: 0.0, Sum: 0.0]
      [Code Root Scanning (ms): Min: 0.0, Avg: 0.0, Max: 0.0, Diff: 0.0, Sum: 0.0]
      [Object Copy (ms): Min: 0.0, Avg: 0.0, Max: 0.3, Diff: 0.3, Sum: 0.8]
      [Termination (ms): Min: 0.0, Avg: 4.8, Max: 6.0, Diff: 6.0, Sum: 86.5]
         [Termination Attempts: Min: 1, Avg: 1.0, Max: 1, Diff: 0, Sum: 18]
      [GC Worker Other (ms): Min: 0.0, Avg: 0.0, Max: 0.0, Diff: 0.0, Sum: 0.1]
      [GC Worker Total (ms): Min: 6.3, Avg: 6.7, Max: 7.3, Diff: 1.0, Sum: 120.9]
      [GC Worker End (ms): Min: 5799.7, Avg: 5799.7, Max: 5799.8, Diff: 0.2]
   [Code Root Fixup: 0.0 ms]
   [Code Root Purge: 0.0 ms]
   [Clear CT: 2.1 ms]
   [Other: 5.0 ms]
      [Choose CSet: 0.0 ms]
      [Ref Proc: 3.7 ms]
      [Ref Enq: 0.0 ms]
      [Redirty Cards: 1.2 ms]
      [Humongous Register: 0.0 ms]
      [Humongous Reclaim: 0.0 ms]
      [Free CSet: 0.0 ms]
   [Eden: 11264.0K(11264.0K)->0.0B(8192.0K) Survivors: 2048.0K->2048.0K Heap: 50564.7K(65536.0K)->43539.6K(65536.0K)]
 [Times: user=0.14 sys=0.00, real=0.01 secs] 
2026-06-17T09:48:43.608+0800: 5.809: [GC concurrent-root-region-scan-start]
2026-06-17T09:48:43.608+0800: 5.809: [GC concurrent-root-region-scan-end, 0.0003482 secs]
2026-06-17T09:48:43.608+0800: 5.809: [GC concurrent-mark-start]
2026-06-17T09:48:43.609+0800: 5.810: [GC concurrent-mark-end, 0.0005332 secs]
2026-06-17T09:48:43.609+0800: 5.810: [GC remark 2026-06-17T09:48:43.609+0800: 5.810: [Finalize Marking, 0.0097429 secs] 2026-06-17T09:48:43.620+0800: 5.821: [GC ref-proc, 0.0007898 secs] 2026-06-17T09:48:43.621+0800: 5.822: [Unloading, 0.0025836 secs], 0.0166852 secs]
 [Times: user=0.14 sys=0.00, real=0.02 secs] 
2026-06-17T09:48:43.627+0800: 5.828: [GC cleanup 46941K->42845K(65536K), 0.0037873 secs]
 [Times: user=0.00 sys=0.00, real=0.01 secs] 
2026-06-17T09:48:43.632+0800: 5.833: [GC concurrent-cleanup-start]
2026-06-17T09:48:43.632+0800: 5.833: [GC concurrent-cleanup-end, 0.0000118 secs]
2026-06-17T09:48:43.643+0800: 5.844: [GC pause (G1 Evacuation Pause) (young), 0.0129209 secs]
   [Parallel Time: 8.7 ms, GC Workers: 18]
      [GC Worker Start (ms): Min: 5844.0, Avg: 5845.6, Max: 5851.9, Diff: 7.9]
      [Ext Root Scanning (ms): Min: 0.0, Avg: 0.0, Max: 0.2, Diff: 0.2, Sum: 0.5]
      [Update RS (ms): Min: 0.0, Avg: 0.0, Max: 0.0, Diff: 0.0, Sum: 0.0]
         [Processed Buffers: Min: 0, Avg: 0.1, Max: 1, Diff: 1, Sum: 2]
      [Scan RS (ms): Min: 0.0, Avg: 0.0, Max: 0.0, Diff: 0.0, Sum: 0.0]
      [Code Root Scanning (ms): Min: 0.0, Avg: 0.0, Max: 0.0, Diff: 0.0, Sum: 0.0]
      [Object Copy (ms): Min: 0.0, Avg: 0.0, Max: 0.2, Diff: 0.2, Sum: 0.7]
      [Termination (ms): Min: 0.0, Avg: 6.2, Max: 7.6, Diff: 7.6, Sum: 111.8]
         [Termination Attempts: Min: 1, Avg: 1.0, Max: 1, Diff: 0, Sum: 18]
      [GC Worker Other (ms): Min: 0.0, Avg: 0.0, Max: 0.0, Diff: 0.0, Sum: 0.1]
      [GC Worker Total (ms): Min: 0.0, Avg: 6.3, Max: 8.0, Diff: 8.0, Sum: 113.1]
      [GC Worker End (ms): Min: 5851.9, Avg: 5851.9, Max: 5852.0, Diff: 0.2]
   [Code Root Fixup: 0.0 ms]
   [Code Root Purge: 0.0 ms]
   [Clear CT: 1.1 ms]
   [Other: 3.0 ms]
      [Choose CSet: 0.0 ms]
      [Ref Proc: 2.1 ms]
      [Ref Enq: 0.0 ms]
      [Redirty Cards: 0.9 ms]
      [Humongous Register: 0.0 ms]
      [Humongous Reclaim: 0.0 ms]
      [Free CSet: 0.0 ms]
   [Eden: 8192.0K(8192.0K)->0.0B(1024.0K) Survivors: 2048.0K->2048.0K Heap: 47635.6K(65536.0K)->42465.6K(65536.0K)]
 [Times: user=0.13 sys=0.00, real=0.01 secs] 
2026-06-17T09:48:43.657+0800: 5.858: [GC pause (G1 Evacuation Pause) (mixed), 0.0070785 secs]
   [Parallel Time: 2.3 ms, GC Workers: 18]
      [GC Worker Start (ms): Min: 5858.2, Avg: 5859.0, Max: 5860.2, Diff: 2.0]
      [Ext Root Scanning (ms): Min: 0.0, Avg: 0.0, Max: 0.2, Diff: 0.2, Sum: 0.5]
      [Update RS (ms): Min: 0.0, Avg: 0.0, Max: 0.0, Diff: 0.0, Sum: 0.0]
         [Processed Buffers: Min: 0, Avg: 0.2, Max: 1, Diff: 1, Sum: 3]
      [Scan RS (ms): Min: 0.0, Avg: 0.0, Max: 0.0, Diff: 0.0, Sum: 0.0]
      [Code Root Scanning (ms): Min: 0.0, Avg: 0.0, Max: 0.0, Diff: 0.0, Sum: 0.0]
      [Object Copy (ms): Min: 0.0, Avg: 0.0, Max: 0.2, Diff: 0.2, Sum: 0.8]
      [Termination (ms): Min: 0.0, Avg: 1.1, Max: 1.7, Diff: 1.7, Sum: 20.4]
         [Termination Attempts: Min: 1, Avg: 1.0, Max: 1, Diff: 0, Sum: 18]
      [GC Worker Other (ms): Min: 0.0, Avg: 0.0, Max: 0.0, Diff: 0.0, Sum: 0.1]
      [GC Worker Total (ms): Min: 0.0, Avg: 1.2, Max: 2.0, Diff: 2.0, Sum: 21.9]
      [GC Worker End (ms): Min: 5860.2, Avg: 5860.2, Max: 5860.3, Diff: 0.2]
   [Code Root Fixup: 0.0 ms]
   [Code Root Purge: 0.0 ms]
   [Clear CT: 0.8 ms]
   [Other: 4.0 ms]
      [Choose CSet: 0.0 ms]
      [Ref Proc: 3.2 ms]
      [Ref Enq: 0.0 ms]
      [Redirty Cards: 0.7 ms]
      [Humongous Register: 0.0 ms]
      [Humongous Reclaim: 0.0 ms]
      [Free CSet: 0.0 ms]
   [Eden: 1024.0K(1024.0K)->0.0B(2048.0K) Survivors: 2048.0K->1024.0K Heap: 43489.6K(65536.0K)->39282.0K(65536.0K)]
 [Times: user=0.05 sys=0.00, real=0.01 secs] 
2026-06-17T09:48:43.675+0800: 5.877: [GC pause (G1 Evacuation Pause) (mixed), 0.0133589 secs]
   [Parallel Time: 5.9 ms, GC Workers: 18]
      [GC Worker Start (ms): Min: 5876.7, Avg: 5878.2, Max: 5881.7, Diff: 4.9]
      [Ext Root Scanning (ms): Min: 0.0, Avg: 0.0, Max: 0.2, Diff: 0.2, Sum: 0.4]
      [Update RS (ms): Min: 0.0, Avg: 0.0, Max: 0.0, Diff: 0.0, Sum: 0.1]
         [Processed Buffers: Min: 0, Avg: 0.3, Max: 3, Diff: 3, Sum: 6]
      [Scan RS (ms): Min: 0.0, Avg: 0.0, Max: 0.0, Diff: 0.0, Sum: 0.0]
      [Code Root Scanning (ms): Min: 0.0, Avg: 0.0, Max: 0.0, Diff: 0.0, Sum: 0.0]
      [Object Copy (ms): Min: 0.0, Avg: 0.1, Max: 0.3, Diff: 0.3, Sum: 1.1]
      [Termination (ms): Min: 0.0, Avg: 3.5, Max: 4.6, Diff: 4.6, Sum: 62.3]
         [Termination Attempts: Min: 1, Avg: 1.0, Max: 1, Diff: 0, Sum: 18]
      [GC Worker Other (ms): Min: 0.0, Avg: 0.0, Max: 0.0, Diff: 0.0, Sum: 0.1]
      [GC Worker Total (ms): Min: 0.0, Avg: 3.6, Max: 5.1, Diff: 5.1, Sum: 64.0]
      [GC Worker End (ms): Min: 5881.7, Avg: 5881.7, Max: 5881.9, Diff: 0.2]
   [Code Root Fixup: 0.0 ms]
   [Code Root Purge: 0.0 ms]
   [Clear CT: 1.6 ms]
   [Other: 5.8 ms]
      [Choose CSet: 0.0 ms]
      [Ref Proc: 4.5 ms]
      [Ref Enq: 0.0 ms]
      [Redirty Cards: 1.3 ms]
      [Humongous Register: 0.0 ms]
      [Humongous Reclaim: 0.0 ms]
      [Free CSet: 0.0 ms]
   [Eden: 2048.0K(2048.0K)->0.0B(2048.0K) Survivors: 1024.0K->1024.0K Heap: 41330.0K(65536.0K)->38978.6K(65536.0K)]
 [Times: user=0.11 sys=0.01, real=0.01 secs] 
2026-06-17T09:48:43.690+0800: 5.892: [GC pause (G1 Evacuation Pause) (mixed), 0.0075966 secs]
   [Parallel Time: 3.3 ms, GC Workers: 18]
      [GC Worker Start (ms): Min: 5891.6, Avg: 5892.6, Max: 5894.0, Diff: 2.4]
      [Ext Root Scanning (ms): Min: 0.0, Avg: 0.0, Max: 0.2, Diff: 0.2, Sum: 0.3]
      [Update RS (ms): Min: 0.0, Avg: 0.0, Max: 0.0, Diff: 0.0, Sum: 0.0]
         [Processed Buffers: Min: 0, Avg: 0.2, Max: 3, Diff: 3, Sum: 4]
      [Scan RS (ms): Min: 0.0, Avg: 0.0, Max: 0.0, Diff: 0.0, Sum: 0.1]
      [Code Root Scanning (ms): Min: 0.0, Avg: 0.0, Max: 0.0, Diff: 0.0, Sum: 0.0]
      [Object Copy (ms): Min: 0.0, Avg: 0.0, Max: 0.1, Diff: 0.1, Sum: 0.4]
      [Termination (ms): Min: 0.0, Avg: 1.4, Max: 2.2, Diff: 2.2, Sum: 25.7]
         [Termination Attempts: Min: 1, Avg: 1.1, Max: 2, Diff: 1, Sum: 19]
      [GC Worker Other (ms): Min: 0.0, Avg: 0.0, Max: 0.0, Diff: 0.0, Sum: 0.1]
      [GC Worker Total (ms): Min: 0.0, Avg: 1.5, Max: 2.5, Diff: 2.5, Sum: 26.7]
      [GC Worker End (ms): Min: 5894.0, Avg: 5894.1, Max: 5894.2, Diff: 0.2]
   [Code Root Fixup: 0.0 ms]
   [Code Root Purge: 0.0 ms]
   [Clear CT: 1.3 ms]
   [Other: 3.0 ms]
      [Choose CSet: 0.0 ms]
      [Ref Proc: 2.3 ms]
      [Ref Enq: 0.0 ms]
      [Redirty Cards: 0.7 ms]
      [Humongous Register: 0.0 ms]
      [Humongous Reclaim: 0.0 ms]
      [Free CSet: 0.0 ms]
   [Eden: 2048.0K(2048.0K)->0.0B(12288.0K) Survivors: 1024.0K->1024.0K Heap: 41026.6K(65536.0K)->35627.7K(65536.0K)]
 [Times: user=0.05 sys=0.00, real=0.01 secs] 
2026-06-17T09:48:43.730+0800: 5.931: [GC pause (G1 Evacuation Pause) (young), 0.0105947 secs]
   [Parallel Time: 6.3 ms, GC Workers: 18]
      [GC Worker Start (ms): Min: 5931.5, Avg: 5933.0, Max: 5937.1, Diff: 5.6]
      [Ext Root Scanning (ms): Min: 0.0, Avg: 0.0, Max: 0.2, Diff: 0.2, Sum: 0.4]
      [Update RS (ms): Min: 0.0, Avg: 0.0, Max: 0.1, Diff: 0.1, Sum: 0.2]
         [Processed Buffers: Min: 0, Avg: 0.3, Max: 3, Diff: 3, Sum: 6]
      [Scan RS (ms): Min: 0.0, Avg: 0.0, Max: 0.0, Diff: 0.0, Sum: 0.0]
      [Code Root Scanning (ms): Min: 0.0, Avg: 0.0, Max: 0.0, Diff: 0.0, Sum: 0.0]
      [Object Copy (ms): Min: 0.0, Avg: 0.1, Max: 0.4, Diff: 0.4, Sum: 1.0]
      [Termination (ms): Min: 0.0, Avg: 4.1, Max: 5.3, Diff: 5.3, Sum: 73.4]
         [Termination Attempts: Min: 1, Avg: 1.0, Max: 1, Diff: 0, Sum: 18]
      [GC Worker Other (ms): Min: 0.0, Avg: 0.0, Max: 0.0, Diff: 0.0, Sum: 0.1]
      [GC Worker Total (ms): Min: 0.0, Avg: 4.2, Max: 5.6, Diff: 5.6, Sum: 75.1]
      [GC Worker End (ms): Min: 5937.1, Avg: 5937.2, Max: 5937.3, Diff: 0.1]
   [Code Root Fixup: 0.0 ms]
   [Code Root Purge: 0.0 ms]
   [Clear CT: 0.9 ms]
   [Other: 3.4 ms]
      [Choose CSet: 0.0 ms]
      [Ref Proc: 2.5 ms]
      [Ref Enq: 0.0 ms]
      [Redirty Cards: 0.8 ms]
      [Humongous Register: 0.0 ms]
      [Humongous Reclaim: 0.0 ms]
      [Free CSet: 0.0 ms]
   [Eden: 12288.0K(12288.0K)->0.0B(10240.0K) Survivors: 1024.0K->2048.0K Heap: 47915.7K(65536.0K)->40387.6K(65536.0K)]
 [Times: user=0.10 sys=0.00, real=0.01 secs] 
2026-06-17T09:48:43.773+0800: 5.974: [GC pause (G1 Evacuation Pause) (young) (initial-mark), 0.0141092 secs]
   [Parallel Time: 8.7 ms, GC Workers: 18]
      [GC Worker Start (ms): Min: 5974.5, Avg: 5975.0, Max: 5975.5, Diff: 1.0]
      [Ext Root Scanning (ms): Min: 0.0, Avg: 1.7, Max: 6.7, Diff: 6.7, Sum: 31.0]
      [Update RS (ms): Min: 0.0, Avg: 0.0, Max: 0.0, Diff: 0.0, Sum: 0.0]
         [Processed Buffers: Min: 0, Avg: 0.1, Max: 2, Diff: 2, Sum: 2]
      [Scan RS (ms): Min: 0.0, Avg: 0.0, Max: 0.0, Diff: 0.0, Sum: 0.0]
      [Code Root Scanning (ms): Min: 0.0, Avg: 0.0, Max: 0.0, Diff: 0.0, Sum: 0.0]
      [Object Copy (ms): Min: 0.0, Avg: 0.0, Max: 0.2, Diff: 0.2, Sum: 0.5]
      [Termination (ms): Min: 0.0, Avg: 5.5, Max: 6.5, Diff: 6.5, Sum: 98.3]
         [Termination Attempts: Min: 1, Avg: 1.0, Max: 1, Diff: 0, Sum: 18]
      [GC Worker Other (ms): Min: 0.0, Avg: 0.0, Max: 0.0, Diff: 0.0, Sum: 0.1]
      [GC Worker Total (ms): Min: 6.7, Avg: 7.2, Max: 7.7, Diff: 1.0, Sum: 130.0]
      [GC Worker End (ms): Min: 5982.2, Avg: 5982.2, Max: 5982.3, Diff: 0.1]
   [Code Root Fixup: 0.0 ms]
   [Code Root Purge: 0.0 ms]
   [Clear CT: 1.5 ms]
   [Other: 3.9 ms]
      [Choose CSet: 0.0 ms]
      [Ref Proc: 3.3 ms]
      [Ref Enq: 0.0 ms]
      [Redirty Cards: 0.6 ms]
      [Humongous Register: 0.0 ms]
      [Humongous Reclaim: 0.0 ms]
      [Free CSet: 0.0 ms]
   [Eden: 10240.0K(10240.0K)->0.0B(9216.0K) Survivors: 2048.0K->2048.0K Heap: 50627.6K(65536.0K)->42136.6K(65536.0K)]
 [Times: user=0.13 sys=0.00, real=0.01 secs] 
2026-06-17T09:48:43.788+0800: 5.989: [GC concurrent-root-region-scan-start]
2026-06-17T09:48:43.789+0800: 5.990: [GC concurrent-root-region-scan-end, 0.0003244 secs]
2026-06-17T09:48:43.789+0800: 5.990: [GC concurrent-mark-start]
2026-06-17T09:48:43.789+0800: 5.990: [GC concurrent-mark-end, 0.0002983 secs]
2026-06-17T09:48:43.789+0800: 5.990: [GC remark 2026-06-17T09:48:43.789+0800: 5.991: [Finalize Marking, 0.0026174 secs] 2026-06-17T09:48:43.792+0800: 5.994: [GC ref-proc, 0.0006241 secs] 2026-06-17T09:48:43.794+0800: 5.995: [Unloading, 0.0023425 secs], 0.0084597 secs]
 [Times: user=0.02 sys=0.00, real=0.01 secs] 
2026-06-17T09:48:43.798+0800: 5.999: [GC cleanup 46928K->39760K(65536K), 0.0032376 secs]
 [Times: user=0.00 sys=0.00, real=0.00 secs] 
2026-06-17T09:48:43.802+0800: 6.003: [GC concurrent-cleanup-start]
2026-06-17T09:48:43.802+0800: 6.003: [GC concurrent-cleanup-end, 0.0000155 secs]
2026-06-17T09:48:43.813+0800: 6.014: [GC pause (G1 Evacuation Pause) (young), 0.0173287 secs]
   [Parallel Time: 9.8 ms, GC Workers: 18]
      [GC Worker Start (ms): Min: 6014.2, Avg: 6018.0, Max: 6023.3, Diff: 9.2]
      [Ext Root Scanning (ms): Min: 0.0, Avg: 0.0, Max: 0.2, Diff: 0.2, Sum: 0.3]
      [Update RS (ms): Min: 0.0, Avg: 0.0, Max: 0.0, Diff: 0.0, Sum: 0.0]
         [Processed Buffers: Min: 0, Avg: 0.2, Max: 1, Diff: 1, Sum: 3]
      [Scan RS (ms): Min: 0.0, Avg: 0.0, Max: 0.0, Diff: 0.0, Sum: 0.0]
      [Code Root Scanning (ms): Min: 0.0, Avg: 0.0, Max: 0.0, Diff: 0.0, Sum: 0.0]
      [Object Copy (ms): Min: 0.0, Avg: 0.0, Max: 0.1, Diff: 0.1, Sum: 0.5]
      [Termination (ms): Min: 0.0, Avg: 5.3, Max: 9.1, Diff: 9.1, Sum: 96.2]
         [Termination Attempts: Min: 1, Avg: 1.0, Max: 1, Diff: 0, Sum: 18]
      [GC Worker Other (ms): Min: 0.0, Avg: 0.0, Max: 0.0, Diff: 0.0, Sum: 0.1]
      [GC Worker Total (ms): Min: 0.0, Avg: 5.4, Max: 9.4, Diff: 9.4, Sum: 97.2]
      [GC Worker End (ms): Min: 6023.4, Avg: 6023.4, Max: 6023.7, Diff: 0.3]
   [Code Root Fixup: 0.0 ms]
   [Code Root Purge: 0.0 ms]
   [Clear CT: 1.6 ms]
   [Other: 5.9 ms]
      [Choose CSet: 0.0 ms]
      [Ref Proc: 4.7 ms]
      [Ref Enq: 0.0 ms]
      [Redirty Cards: 1.2 ms]
      [Humongous Register: 0.0 ms]
      [Humongous Reclaim: 0.0 ms]
      [Free CSet: 0.0 ms]
   [Eden: 9216.0K(9216.0K)->0.0B(1024.0K) Survivors: 2048.0K->2048.0K Heap: 45650.6K(65536.0K)->39120.6K(65536.0K)]
 [Times: user=0.15 sys=0.00, real=0.02 secs] 
2026-06-17T09:48:43.831+0800: 6.033: [GC pause (G1 Evacuation Pause) (mixed), 0.0138151 secs]
   [Parallel Time: 9.2 ms, GC Workers: 18]
      [GC Worker Start (ms): Min: 6032.7, Avg: 6035.2, Max: 6040.7, Diff: 8.0]
      [Ext Root Scanning (ms): Min: 0.0, Avg: 0.0, Max: 0.2, Diff: 0.2, Sum: 0.4]
      [Update RS (ms): Min: 0.0, Avg: 0.0, Max: 0.0, Diff: 0.0, Sum: 0.0]
         [Processed Buffers: Min: 0, Avg: 0.2, Max: 1, Diff: 1, Sum: 3]
      [Scan RS (ms): Min: 0.0, Avg: 0.0, Max: 0.0, Diff: 0.0, Sum: 0.0]
      [Code Root Scanning (ms): Min: 0.0, Avg: 0.0, Max: 0.0, Diff: 0.0, Sum: 0.0]
      [Object Copy (ms): Min: 0.0, Avg: 0.0, Max: 0.2, Diff: 0.2, Sum: 0.8]
      [Termination (ms): Min: 0.0, Avg: 5.6, Max: 7.8, Diff: 7.8, Sum: 100.1]
         [Termination Attempts: Min: 1, Avg: 1.0, Max: 1, Diff: 0, Sum: 18]
      [GC Worker Other (ms): Min: 0.0, Avg: 0.0, Max: 0.0, Diff: 0.0, Sum: 0.1]
      [GC Worker Total (ms): Min: 0.0, Avg: 5.6, Max: 8.1, Diff: 8.1, Sum: 101.4]
      [GC Worker End (ms): Min: 6040.7, Avg: 6040.8, Max: 6040.9, Diff: 0.1]
   [Code Root Fixup: 0.0 ms]
   [Code Root Purge: 0.0 ms]
   [Clear CT: 0.7 ms]
   [Other: 3.9 ms]
      [Choose CSet: 0.0 ms]
      [Ref Proc: 3.3 ms]
      [Ref Enq: 0.0 ms]
      [Redirty Cards: 0.6 ms]
      [Humongous Register: 0.0 ms]
      [Humongous Reclaim: 0.0 ms]
      [Free CSet: 0.0 ms]
   [Eden: 1024.0K(1024.0K)->0.0B(2048.0K) Survivors: 2048.0K->1024.0K Heap: 40144.6K(65536.0K)->35877.2K(65536.0K)]
 [Times: user=0.12 sys=0.00, real=0.01 secs] 
2026-06-17T09:48:43.857+0800: 6.058: [GC pause (G1 Evacuation Pause) (mixed), 0.0143607 secs]
   [Parallel Time: 11.1 ms, GC Workers: 18]
      [GC Worker Start (ms): Min: 6057.9, Avg: 6060.5, Max: 6066.9, Diff: 9.0]
      [Ext Root Scanning (ms): Min: 0.0, Avg: 0.0, Max: 0.2, Diff: 0.2, Sum: 0.4]
      [Update RS (ms): Min: 0.0, Avg: 0.0, Max: 0.0, Diff: 0.0, Sum: 0.0]
         [Processed Buffers: Min: 0, Avg: 0.3, Max: 3, Diff: 3, Sum: 5]
      [Scan RS (ms): Min: 0.0, Avg: 0.0, Max: 0.0, Diff: 0.0, Sum: 0.0]
      [Code Root Scanning (ms): Min: 0.0, Avg: 0.0, Max: 0.0, Diff: 0.0, Sum: 0.0]
      [Object Copy (ms): Min: 0.0, Avg: 0.0, Max: 0.3, Diff: 0.2, Sum: 0.8]
      [Termination (ms): Min: 0.0, Avg: 6.3, Max: 8.7, Diff: 8.7, Sum: 114.2]
         [Termination Attempts: Min: 1, Avg: 1.0, Max: 1, Diff: 0, Sum: 18]
      [GC Worker Other (ms): Min: 0.0, Avg: 0.0, Max: 0.0, Diff: 0.0, Sum: 0.1]
      [GC Worker Total (ms): Min: 0.0, Avg: 6.4, Max: 9.0, Diff: 9.0, Sum: 115.5]
      [GC Worker End (ms): Min: 6066.9, Avg: 6066.9, Max: 6067.1, Diff: 0.2]
   [Code Root Fixup: 0.0 ms]
   [Code Root Purge: 0.0 ms]
   [Clear CT: 0.8 ms]
   [Other: 2.5 ms]
      [Choose CSet: 0.0 ms]
      [Ref Proc: 1.7 ms]
      [Ref Enq: 0.0 ms]
      [Redirty Cards: 0.8 ms]
      [Humongous Register: 0.0 ms]
      [Humongous Reclaim: 0.0 ms]
      [Free CSet: 0.0 ms]
   [Eden: 2048.0K(2048.0K)->0.0B(2048.0K) Survivors: 1024.0K->1024.0K Heap: 37925.2K(65536.0K)->34456.6K(65536.0K)]
 [Times: user=0.13 sys=0.00, real=0.02 secs] 
2026-06-17T09:48:43.872+0800: 6.073: [GC pause (G1 Evacuation Pause) (mixed), 0.0120904 secs]
   [Parallel Time: 6.5 ms, GC Workers: 18]
      [GC Worker Start (ms): Min: 6073.5, Avg: 6074.9, Max: 6079.4, Diff: 5.9]
      [Ext Root Scanning (ms): Min: 0.0, Avg: 0.0, Max: 0.2, Diff: 0.2, Sum: 0.4]
      [Update RS (ms): Min: 0.0, Avg: 0.0, Max: 0.0, Diff: 0.0, Sum: 0.0]
         [Processed Buffers: Min: 0, Avg: 0.2, Max: 2, Diff: 2, Sum: 4]
      [Scan RS (ms): Min: 0.0, Avg: 0.0, Max: 0.0, Diff: 0.0, Sum: 0.1]
      [Code Root Scanning (ms): Min: 0.0, Avg: 0.0, Max: 0.0, Diff: 0.0, Sum: 0.0]
      [Object Copy (ms): Min: 0.0, Avg: 0.0, Max: 0.2, Diff: 0.2, Sum: 0.9]
      [Termination (ms): Min: 0.0, Avg: 4.5, Max: 5.8, Diff: 5.8, Sum: 81.3]
         [Termination Attempts: Min: 1, Avg: 1.1, Max: 2, Diff: 1, Sum: 20]
      [GC Worker Other (ms): Min: 0.0, Avg: 0.0, Max: 0.0, Diff: 0.0, Sum: 0.1]
      [GC Worker Total (ms): Min: 0.0, Avg: 4.6, Max: 6.0, Diff: 6.0, Sum: 82.8]
      [GC Worker End (ms): Min: 6079.5, Avg: 6079.5, Max: 6079.8, Diff: 0.4]
   [Code Root Fixup: 0.0 ms]
   [Code Root Purge: 0.0 ms]
   [Clear CT: 2.0 ms]
   [Other: 3.7 ms]
      [Choose CSet: 0.0 ms]
      [Ref Proc: 2.7 ms]
      [Ref Enq: 0.0 ms]
      [Redirty Cards: 0.9 ms]
      [Humongous Register: 0.0 ms]
      [Humongous Reclaim: 0.0 ms]
      [Free CSet: 0.0 ms]
   [Eden: 2048.0K(2048.0K)->0.0B(15360.0K) Survivors: 1024.0K->1024.0K Heap: 36504.6K(65536.0K)->33273.6K(65536.0K)]
 [Times: user=0.10 sys=0.00, real=0.01 secs] 
2026-06-17T09:48:43.927+0800: 6.128: [GC pause (G1 Evacuation Pause) (young), 0.0087490 secs]
   [Parallel Time: 5.0 ms, GC Workers: 18]
      [GC Worker Start (ms): Min: 6128.4, Avg: 6129.5, Max: 6132.7, Diff: 4.3]
      [Ext Root Scanning (ms): Min: 0.0, Avg: 0.0, Max: 0.2, Diff: 0.2, Sum: 0.3]
      [Update RS (ms): Min: 0.0, Avg: 0.0, Max: 0.1, Diff: 0.1, Sum: 0.3]
         [Processed Buffers: Min: 0, Avg: 0.3, Max: 2, Diff: 2, Sum: 5]
      [Scan RS (ms): Min: 0.0, Avg: 0.0, Max: 0.0, Diff: 0.0, Sum: 0.0]
      [Code Root Scanning (ms): Min: 0.0, Avg: 0.0, Max: 0.0, Diff: 0.0, Sum: 0.0]
      [Object Copy (ms): Min: 0.0, Avg: 0.1, Max: 0.2, Diff: 0.2, Sum: 0.9]
      [Termination (ms): Min: 0.0, Avg: 3.2, Max: 4.0, Diff: 4.0, Sum: 57.8]
         [Termination Attempts: Min: 1, Avg: 1.0, Max: 1, Diff: 0, Sum: 18]
      [GC Worker Other (ms): Min: 0.0, Avg: 0.0, Max: 0.0, Diff: 0.0, Sum: 0.1]
      [GC Worker Total (ms): Min: 0.0, Avg: 3.3, Max: 4.5, Diff: 4.5, Sum: 59.4]
      [GC Worker End (ms): Min: 6132.7, Avg: 6132.8, Max: 6132.9, Diff: 0.2]
   [Code Root Fixup: 0.0 ms]
   [Code Root Purge: 0.0 ms]
   [Clear CT: 0.8 ms]
   [Other: 2.9 ms]
      [Choose CSet: 0.0 ms]
      [Ref Proc: 2.1 ms]
      [Ref Enq: 0.0 ms]
      [Redirty Cards: 0.8 ms]
      [Humongous Register: 0.0 ms]
      [Humongous Reclaim: 0.0 ms]
      [Free CSet: 0.0 ms]
   [Eden: 15360.0K(15360.0K)->0.0B(12288.0K) Survivors: 1024.0K->2048.0K Heap: 48633.6K(65536.0K)->38531.6K(65536.0K)]
 [Times: user=0.08 sys=0.00, real=0.01 secs] 
2026-06-17T09:48:43.958+0800: 6.159: [GC pause (G1 Evacuation Pause) (young) (initial-mark), 0.0082518 secs]
   [Parallel Time: 3.4 ms, GC Workers: 18]
      [GC Worker Start (ms): Min: 6159.4, Avg: 6159.9, Max: 6160.3, Diff: 0.9]
      [Ext Root Scanning (ms): Min: 0.0, Avg: 1.3, Max: 1.7, Diff: 1.7, Sum: 23.6]
      [Update RS (ms): Min: 0.0, Avg: 0.0, Max: 0.0, Diff: 0.0, Sum: 0.0]
         [Processed Buffers: Min: 0, Avg: 0.2, Max: 3, Diff: 3, Sum: 3]
      [Scan RS (ms): Min: 0.0, Avg: 0.0, Max: 0.0, Diff: 0.0, Sum: 0.0]
      [Code Root Scanning (ms): Min: 0.0, Avg: 0.0, Max: 0.0, Diff: 0.0, Sum: 0.0]
      [Object Copy (ms): Min: 0.0, Avg: 0.0, Max: 0.2, Diff: 0.2, Sum: 0.4]
      [Termination (ms): Min: 0.0, Avg: 0.7, Max: 1.5, Diff: 1.5, Sum: 13.1]
         [Termination Attempts: Min: 1, Avg: 1.2, Max: 2, Diff: 1, Sum: 21]
      [GC Worker Other (ms): Min: 0.0, Avg: 0.0, Max: 0.0, Diff: 0.0, Sum: 0.1]
      [GC Worker Total (ms): Min: 1.7, Avg: 2.1, Max: 2.6, Diff: 0.9, Sum: 37.2]
      [GC Worker End (ms): Min: 6161.9, Avg: 6162.0, Max: 6162.0, Diff: 0.1]
   [Code Root Fixup: 0.0 ms]
   [Code Root Purge: 0.0 ms]
   [Clear CT: 1.3 ms]
   [Other: 3.6 ms]
      [Choose CSet: 0.0 ms]
      [Ref Proc: 2.3 ms]
      [Ref Enq: 0.0 ms]
      [Redirty Cards: 1.2 ms]
      [Humongous Register: 0.0 ms]
      [Humongous Reclaim: 0.0 ms]
      [Free CSet: 0.0 ms]
   [Eden: 12288.0K(12288.0K)->0.0B(11264.0K) Survivors: 2048.0K->2048.0K Heap: 50819.6K(65536.0K)->39708.7K(65536.0K)]
 [Times: user=0.03 sys=0.01, real=0.01 secs] 
2026-06-17T09:48:43.968+0800: 6.169: [GC concurrent-root-region-scan-start]
2026-06-17T09:48:43.968+0800: 6.169: [GC concurrent-root-region-scan-end, 0.0003186 secs]
2026-06-17T09:48:43.968+0800: 6.169: [GC concurrent-mark-start]
2026-06-17T09:48:43.969+0800: 6.170: [GC concurrent-mark-end, 0.0006224 secs]
2026-06-17T09:48:43.969+0800: 6.170: [GC remark 2026-06-17T09:48:43.969+0800: 6.170: [Finalize Marking, 0.0063403 secs] 2026-06-17T09:48:43.976+0800: 6.177: [GC ref-proc, 0.0007802 secs] 2026-06-17T09:48:43.978+0800: 6.179: [Unloading, 0.0020859 secs], 0.0121805 secs]
 [Times: user=0.07 sys=0.00, real=0.01 secs] 
2026-06-17T09:48:43.982+0800: 6.183: [GC cleanup 41511K->40487K(65536K), 0.0031971 secs]
 [Times: user=0.00 sys=0.00, real=0.01 secs] 
2026-06-17T09:48:43.986+0800: 6.187: [GC concurrent-cleanup-start]
2026-06-17T09:48:43.986+0800: 6.187: [GC concurrent-cleanup-end, 0.0000084 secs]
2026-06-17T09:48:44.007+0800: 6.208: [GC pause (G1 Evacuation Pause) (young), 0.0107896 secs]
   [Parallel Time: 4.0 ms, GC Workers: 18]
      [GC Worker Start (ms): Min: 6208.4, Avg: 6209.4, Max: 6211.3, Diff: 2.9]
      [Ext Root Scanning (ms): Min: 0.0, Avg: 0.0, Max: 0.2, Diff: 0.2, Sum: 0.4]
      [Update RS (ms): Min: 0.0, Avg: 0.0, Max: 0.0, Diff: 0.0, Sum: 0.0]
         [Processed Buffers: Min: 0, Avg: 0.2, Max: 1, Diff: 1, Sum: 3]
      [Scan RS (ms): Min: 0.0, Avg: 0.0, Max: 0.0, Diff: 0.0, Sum: 0.0]
      [Code Root Scanning (ms): Min: 0.0, Avg: 0.0, Max: 0.0, Diff: 0.0, Sum: 0.0]
      [Object Copy (ms): Min: 0.0, Avg: 0.0, Max: 0.1, Diff: 0.1, Sum: 0.3]
      [Termination (ms): Min: 0.0, Avg: 1.9, Max: 2.7, Diff: 2.7, Sum: 34.3]
         [Termination Attempts: Min: 1, Avg: 1.3, Max: 4, Diff: 3, Sum: 24]
      [GC Worker Other (ms): Min: 0.0, Avg: 0.0, Max: 0.0, Diff: 0.0, Sum: 0.1]
      [GC Worker Total (ms): Min: 0.0, Avg: 1.9, Max: 3.0, Diff: 3.0, Sum: 35.1]
      [GC Worker End (ms): Min: 6211.3, Avg: 6211.4, Max: 6211.5, Diff: 0.2]
   [Code Root Fixup: 0.0 ms]
   [Code Root Purge: 0.0 ms]
   [Clear CT: 1.4 ms]
   [Other: 5.4 ms]
      [Choose CSet: 0.0 ms]
      [Ref Proc: 4.3 ms]
      [Ref Enq: 0.0 ms]
      [Redirty Cards: 1.1 ms]
      [Humongous Register: 0.0 ms]
      [Humongous Reclaim: 0.0 ms]
      [Free CSet: 0.0 ms]
   [Eden: 11264.0K(11264.0K)->0.0B(2048.0K) Survivors: 2048.0K->1024.0K Heap: 49948.7K(65536.0K)->39343.7K(65536.0K)]
 [Times: user=0.08 sys=0.00, real=0.01 secs] 
2026-06-17T09:48:44.019+0800: 6.220: [GC pause (G1 Evacuation Pause) (mixed), 0.0061645 secs]
   [Parallel Time: 1.9 ms, GC Workers: 18]
      [GC Worker Start (ms): Min: 6220.5, Avg: 6221.2, Max: 6221.9, Diff: 1.3]
      [Ext Root Scanning (ms): Min: 0.0, Avg: 0.0, Max: 0.2, Diff: 0.1, Sum: 0.2]
      [Update RS (ms): Min: 0.0, Avg: 0.0, Max: 0.0, Diff: 0.0, Sum: 0.0]
         [Processed Buffers: Min: 0, Avg: 0.2, Max: 1, Diff: 1, Sum: 3]
      [Scan RS (ms): Min: 0.0, Avg: 0.0, Max: 0.0, Diff: 0.0, Sum: 0.0]
      [Code Root Scanning (ms): Min: 0.0, Avg: 0.0, Max: 0.0, Diff: 0.0, Sum: 0.0]
      [Object Copy (ms): Min: 0.0, Avg: 0.0, Max: 0.2, Diff: 0.2, Sum: 0.7]
      [Termination (ms): Min: 0.0, Avg: 0.6, Max: 1.1, Diff: 1.1, Sum: 10.9]
         [Termination Attempts: Min: 1, Avg: 1.0, Max: 1, Diff: 0, Sum: 18]
      [GC Worker Other (ms): Min: 0.0, Avg: 0.0, Max: 0.0, Diff: 0.0, Sum: 0.1]
      [GC Worker Total (ms): Min: 0.0, Avg: 0.7, Max: 1.4, Diff: 1.4, Sum: 12.0]
      [GC Worker End (ms): Min: 6221.9, Avg: 6221.9, Max: 6222.0, Diff: 0.1]
   [Code Root Fixup: 0.0 ms]
   [Code Root Purge: 0.0 ms]
   [Clear CT: 1.0 ms]
   [Other: 3.3 ms]
      [Choose CSet: 0.0 ms]
      [Ref Proc: 2.4 ms]
      [Ref Enq: 0.0 ms]
      [Redirty Cards: 0.8 ms]
      [Humongous Register: 0.0 ms]
      [Humongous Reclaim: 0.0 ms]
      [Free CSet: 0.0 ms]
   [Eden: 2048.0K(2048.0K)->0.0B(2048.0K) Survivors: 1024.0K->1024.0K Heap: 41391.7K(65536.0K)->37519.6K(65536.0K)]
 [Times: user=0.03 sys=0.01, real=0.01 secs] 
2026-06-17T09:48:44.037+0800: 6.238: [GC pause (G1 Evacuation Pause) (mixed), 0.0122340 secs]
   [Parallel Time: 2.9 ms, GC Workers: 18]
      [GC Worker Start (ms): Min: 6238.3, Avg: 6239.4, Max: 6240.2, Diff: 1.9]
      [Ext Root Scanning (ms): Min: 0.0, Avg: 0.0, Max: 0.2, Diff: 0.2, Sum: 0.3]
      [Update RS (ms): Min: 0.0, Avg: 0.0, Max: 0.0, Diff: 0.0, Sum: 0.0]
         [Processed Buffers: Min: 0, Avg: 0.3, Max: 3, Diff: 3, Sum: 5]
      [Scan RS (ms): Min: 0.0, Avg: 0.0, Max: 0.0, Diff: 0.0, Sum: 0.0]
      [Code Root Scanning (ms): Min: 0.0, Avg: 0.0, Max: 0.0, Diff: 0.0, Sum: 0.0]
      [Object Copy (ms): Min: 0.0, Avg: 0.0, Max: 0.2, Diff: 0.2, Sum: 0.8]
      [Termination (ms): Min: 0.0, Avg: 0.8, Max: 1.6, Diff: 1.6, Sum: 14.7]
         [Termination Attempts: Min: 1, Avg: 1.0, Max: 1, Diff: 0, Sum: 18]
      [GC Worker Other (ms): Min: 0.0, Avg: 0.0, Max: 0.0, Diff: 0.0, Sum: 0.1]
      [GC Worker Total (ms): Min: 0.0, Avg: 0.9, Max: 2.0, Diff: 2.0, Sum: 15.9]
      [GC Worker End (ms): Min: 6240.2, Avg: 6240.3, Max: 6240.4, Diff: 0.2]
   [Code Root Fixup: 0.0 ms]
   [Code Root Purge: 0.0 ms]
   [Clear CT: 1.5 ms]
   [Other: 7.8 ms]
      [Choose CSet: 0.0 ms]
      [Ref Proc: 6.5 ms]
      [Ref Enq: 0.0 ms]
      [Redirty Cards: 1.3 ms]
      [Humongous Register: 0.0 ms]
      [Humongous Reclaim: 0.0 ms]
      [Free CSet: 0.0 ms]
   [Eden: 2048.0K(2048.0K)->0.0B(2048.0K) Survivors: 1024.0K->1024.0K Heap: 39567.6K(65536.0K)->35927.6K(65536.0K)]
 [Times: user=0.10 sys=0.00, real=0.01 secs] 
2026-06-17T09:48:44.061+0800: 6.262: [GC pause (G1 Evacuation Pause) (mixed), 0.0131587 secs]
   [Parallel Time: 5.6 ms, GC Workers: 18]
      [GC Worker Start (ms): Min: 6262.3, Avg: 6263.3, Max: 6266.8, Diff: 4.5]
      [Ext Root Scanning (ms): Min: 0.0, Avg: 0.0, Max: 0.2, Diff: 0.2, Sum: 0.4]
      [Update RS (ms): Min: 0.0, Avg: 0.0, Max: 0.0, Diff: 0.0, Sum: 0.0]
         [Processed Buffers: Min: 0, Avg: 0.2, Max: 2, Diff: 2, Sum: 4]
      [Scan RS (ms): Min: 0.0, Avg: 0.0, Max: 0.0, Diff: 0.0, Sum: 0.1]
      [Code Root Scanning (ms): Min: 0.0, Avg: 0.0, Max: 0.0, Diff: 0.0, Sum: 0.0]
      [Object Copy (ms): Min: 0.0, Avg: 0.0, Max: 0.1, Diff: 0.1, Sum: 0.1]
      [Termination (ms): Min: 0.0, Avg: 3.6, Max: 4.3, Diff: 4.3, Sum: 64.1]
         [Termination Attempts: Min: 1, Avg: 1.0, Max: 1, Diff: 0, Sum: 18]
      [GC Worker Other (ms): Min: 0.0, Avg: 0.0, Max: 0.0, Diff: 0.0, Sum: 0.1]
      [GC Worker Total (ms): Min: 0.0, Avg: 3.6, Max: 4.6, Diff: 4.6, Sum: 64.8]
      [GC Worker End (ms): Min: 6266.8, Avg: 6266.9, Max: 6267.0, Diff: 0.2]
   [Code Root Fixup: 0.0 ms]
   [Code Root Purge: 0.0 ms]
   [Clear CT: 1.5 ms]
   [Other: 6.1 ms]
      [Choose CSet: 0.0 ms]
      [Ref Proc: 4.6 ms]
      [Ref Enq: 0.0 ms]
      [Redirty Cards: 1.4 ms]
      [Humongous Register: 0.0 ms]
      [Humongous Reclaim: 0.0 ms]
      [Free CSet: 0.0 ms]
   [Eden: 2048.0K(2048.0K)->0.0B(15360.0K) Survivors: 1024.0K->1024.0K Heap: 37975.6K(65536.0K)->33853.5K(65536.0K)]
 [Times: user=0.13 sys=0.00, real=0.02 secs] 
2026-06-17T09:48:44.107+0800: 6.308: [GC pause (G1 Evacuation Pause) (young), 0.0135349 secs]
   [Parallel Time: 8.3 ms, GC Workers: 18]
      [GC Worker Start (ms): Min: 6307.9, Avg: 6309.1, Max: 6315.4, Diff: 7.5]
      [Ext Root Scanning (ms): Min: 0.0, Avg: 0.0, Max: 0.2, Diff: 0.2, Sum: 0.5]
      [Update RS (ms): Min: 0.0, Avg: 0.0, Max: 0.1, Diff: 0.1, Sum: 0.2]
         [Processed Buffers: Min: 0, Avg: 0.3, Max: 2, Diff: 2, Sum: 5]
      [Scan RS (ms): Min: 0.0, Avg: 0.0, Max: 0.0, Diff: 0.0, Sum: 0.0]
      [Code Root Scanning (ms): Min: 0.0, Avg: 0.0, Max: 0.0, Diff: 0.0, Sum: 0.0]
      [Object Copy (ms): Min: 0.0, Avg: 0.0, Max: 0.2, Diff: 0.2, Sum: 0.9]
      [Termination (ms): Min: 0.0, Avg: 6.3, Max: 7.2, Diff: 7.2, Sum: 113.2]
         [Termination Attempts: Min: 1, Avg: 1.0, Max: 1, Diff: 0, Sum: 18]
      [GC Worker Other (ms): Min: 0.0, Avg: 0.0, Max: 0.0, Diff: 0.0, Sum: 0.1]
      [GC Worker Total (ms): Min: 0.0, Avg: 6.4, Max: 7.6, Diff: 7.6, Sum: 114.9]
      [GC Worker End (ms): Min: 6315.4, Avg: 6315.4, Max: 6315.5, Diff: 0.1]
   [Code Root Fixup: 0.0 ms]
   [Code Root Purge: 0.0 ms]
   [Clear CT: 1.2 ms]
   [Other: 4.0 ms]
      [Choose CSet: 0.0 ms]
      [Ref Proc: 2.4 ms]
      [Ref Enq: 0.0 ms]
      [Redirty Cards: 1.6 ms]
      [Humongous Register: 0.0 ms]
      [Humongous Reclaim: 0.0 ms]
      [Free CSet: 0.0 ms]
   [Eden: 15360.0K(15360.0K)->0.0B(11264.0K) Survivors: 1024.0K->2048.0K Heap: 49213.5K(65536.0K)->38654.6K(65536.0K)]
 [Times: user=0.13 sys=0.01, real=0.01 secs] 
2026-06-17T09:48:44.132+0800: 6.333: [GC pause (G1 Humongous Allocation) (young) (initial-mark), 0.0125067 secs]
   [Parallel Time: 7.5 ms, GC Workers: 18]
      [GC Worker Start (ms): Min: 6333.5, Avg: 6334.0, Max: 6334.4, Diff: 0.8]
      [Ext Root Scanning (ms): Min: 0.0, Avg: 1.5, Max: 5.9, Diff: 5.9, Sum: 27.1]
      [Update RS (ms): Min: 0.0, Avg: 0.0, Max: 0.0, Diff: 0.0, Sum: 0.0]
         [Processed Buffers: Min: 0, Avg: 0.1, Max: 2, Diff: 2, Sum: 2]
      [Scan RS (ms): Min: 0.0, Avg: 0.0, Max: 0.0, Diff: 0.0, Sum: 0.0]
      [Code Root Scanning (ms): Min: 0.0, Avg: 0.0, Max: 0.0, Diff: 0.0, Sum: 0.0]
      [Object Copy (ms): Min: 0.0, Avg: 0.0, Max: 0.2, Diff: 0.2, Sum: 0.4]
      [Termination (ms): Min: 0.0, Avg: 4.8, Max: 5.8, Diff: 5.8, Sum: 86.3]
         [Termination Attempts: Min: 1, Avg: 1.0, Max: 1, Diff: 0, Sum: 18]
      [GC Worker Other (ms): Min: 0.0, Avg: 0.0, Max: 0.0, Diff: 0.0, Sum: 0.1]
      [GC Worker Total (ms): Min: 5.9, Avg: 6.3, Max: 6.8, Diff: 0.9, Sum: 113.9]
      [GC Worker End (ms): Min: 6340.3, Avg: 6340.3, Max: 6340.5, Diff: 0.2]
   [Code Root Fixup: 0.0 ms]
   [Code Root Purge: 0.0 ms]
   [Clear CT: 1.3 ms]
   [Other: 3.8 ms]
      [Choose CSet: 0.0 ms]
      [Ref Proc: 2.4 ms]
      [Ref Enq: 0.0 ms]
      [Redirty Cards: 1.3 ms]
      [Humongous Register: 0.0 ms]
      [Humongous Reclaim: 0.0 ms]
      [Free CSet: 0.0 ms]
   [Eden: 6144.0K(11264.0K)->0.0B(11264.0K) Survivors: 2048.0K->2048.0K Heap: 44505.7K(65536.0K)->39837.7K(65536.0K)]
 [Times: user=0.10 sys=0.00, real=0.01 secs] 
2026-06-17T09:48:44.146+0800: 6.347: [GC concurrent-root-region-scan-start]
2026-06-17T09:48:44.146+0800: 6.348: [GC concurrent-root-region-scan-end, 0.0003312 secs]
2026-06-17T09:48:44.147+0800: 6.348: [GC concurrent-mark-start]
2026-06-17T09:48:44.147+0800: 6.348: [GC concurrent-mark-end, 0.0002519 secs]
2026-06-17T09:48:44.147+0800: 6.348: [GC remark 2026-06-17T09:48:44.147+0800: 6.349: [Finalize Marking, 0.0027783 secs] 2026-06-17T09:48:44.151+0800: 6.352: [GC ref-proc, 0.0006436 secs] 2026-06-17T09:48:44.152+0800: 6.353: [Unloading, 0.0020499 secs], 0.0083572 secs]
 [Times: user=0.01 sys=0.00, real=0.01 secs] 
2026-06-17T09:48:44.156+0800: 6.358: [GC cleanup 41102K->37006K(65536K), 0.0033428 secs]
 [Times: user=0.00 sys=0.01, real=0.00 secs] 
2026-06-17T09:48:44.161+0800: 6.362: [GC concurrent-cleanup-start]
2026-06-17T09:48:44.161+0800: 6.362: [GC concurrent-cleanup-end, 0.0000086 secs]
2026-06-17T09:48:44.182+0800: 6.383: [GC pause (G1 Evacuation Pause) (young), 0.0338843 secs]
   [Parallel Time: 27.3 ms, GC Workers: 18]
      [GC Worker Start (ms): Min: 6383.5, Avg: 6393.0, Max: 6409.3, Diff: 25.8]
      [Ext Root Scanning (ms): Min: 0.0, Avg: 0.0, Max: 0.2, Diff: 0.2, Sum: 0.3]
      [Update RS (ms): Min: 0.0, Avg: 0.0, Max: 0.0, Diff: 0.0, Sum: 0.0]
         [Processed Buffers: Min: 0, Avg: 0.2, Max: 2, Diff: 2, Sum: 3]
      [Scan RS (ms): Min: 0.0, Avg: 0.0, Max: 0.0, Diff: 0.0, Sum: 0.0]
      [Code Root Scanning (ms): Min: 0.0, Avg: 0.0, Max: 0.0, Diff: 0.0, Sum: 0.0]
      [Object Copy (ms): Min: 0.0, Avg: 0.0, Max: 0.1, Diff: 0.1, Sum: 0.3]
      [Termination (ms): Min: 0.0, Avg: 16.5, Max: 25.8, Diff: 25.8, Sum: 296.5]
         [Termination Attempts: Min: 1, Avg: 1.1, Max: 2, Diff: 1, Sum: 19]
      [GC Worker Other (ms): Min: 0.0, Avg: 0.0, Max: 0.0, Diff: 0.0, Sum: 0.1]
      [GC Worker Total (ms): Min: 0.0, Avg: 16.5, Max: 25.9, Diff: 25.9, Sum: 297.2]
      [GC Worker End (ms): Min: 6409.3, Avg: 6409.5, Max: 6409.7, Diff: 0.5]
   [Code Root Fixup: 0.0 ms]
   [Code Root Purge: 0.0 ms]
   [Clear CT: 1.5 ms]
   [Other: 5.1 ms]
      [Choose CSet: 0.0 ms]
      [Ref Proc: 3.7 ms]
      [Ref Enq: 0.0 ms]
      [Redirty Cards: 1.3 ms]
      [Humongous Register: 0.0 ms]
      [Humongous Reclaim: 0.0 ms]
      [Free CSet: 0.0 ms]
   [Eden: 11264.0K(11264.0K)->0.0B(2048.0K) Survivors: 2048.0K->1024.0K Heap: 48270.7K(65536.0K)->37721.7K(65536.0K)]
 [Times: user=0.33 sys=0.00, real=0.04 secs] 
2026-06-17T09:48:44.227+0800: 6.428: [GC pause (G1 Evacuation Pause) (mixed), 0.0394533 secs]
   [Parallel Time: 30.1 ms, GC Workers: 18]
      [GC Worker Start (ms): Min: 6428.4, Avg: 6437.6, Max: 6456.6, Diff: 28.3]
      [Ext Root Scanning (ms): Min: 0.0, Avg: 0.0, Max: 0.2, Diff: 0.2, Sum: 0.4]
      [Update RS (ms): Min: 0.0, Avg: 0.0, Max: 0.0, Diff: 0.0, Sum: 0.0]
         [Processed Buffers: Min: 0, Avg: 0.2, Max: 1, Diff: 1, Sum: 3]
      [Scan RS (ms): Min: 0.0, Avg: 0.0, Max: 0.0, Diff: 0.0, Sum: 0.0]
      [Code Root Scanning (ms): Min: 0.0, Avg: 0.0, Max: 0.0, Diff: 0.0, Sum: 0.0]
      [Object Copy (ms): Min: 0.0, Avg: 0.0, Max: 0.2, Diff: 0.2, Sum: 0.8]
      [Termination (ms): Min: 0.0, Avg: 19.1, Max: 28.2, Diff: 28.2, Sum: 343.5]
         [Termination Attempts: Min: 1, Avg: 1.0, Max: 1, Diff: 0, Sum: 18]
      [GC Worker Other (ms): Min: 0.0, Avg: 0.0, Max: 0.0, Diff: 0.0, Sum: 0.1]
      [GC Worker Total (ms): Min: 0.0, Avg: 19.2, Max: 28.6, Diff: 28.6, Sum: 344.8]
      [GC Worker End (ms): Min: 6456.7, Avg: 6456.8, Max: 6457.0, Diff: 0.4]
   [Code Root Fixup: 0.0 ms]
   [Code Root Purge: 0.0 ms]
   [Clear CT: 2.3 ms]
   [Other: 7.0 ms]
      [Choose CSet: 0.0 ms]
      [Ref Proc: 6.0 ms]
      [Ref Enq: 0.0 ms]
      [Redirty Cards: 0.9 ms]
      [Humongous Register: 0.0 ms]
      [Humongous Reclaim: 0.0 ms]
      [Free CSet: 0.0 ms]
   [Eden: 2048.0K(2048.0K)->0.0B(2048.0K) Survivors: 1024.0K->1024.0K Heap: 39769.7K(65536.0K)->36745.6K(65536.0K)]
 [Times: user=0.38 sys=0.01, real=0.04 secs] 
2026-06-17T09:48:44.268+0800: 6.469: [GC pause (G1 Evacuation Pause) (mixed), 0.0260002 secs]
   [Parallel Time: 21.2 ms, GC Workers: 18]
      [GC Worker Start (ms): Min: 6469.1, Avg: 6473.7, Max: 6488.0, Diff: 18.9]
      [Ext Root Scanning (ms): Min: 0.0, Avg: 0.0, Max: 0.2, Diff: 0.2, Sum: 0.5]
      [Update RS (ms): Min: 0.0, Avg: 0.0, Max: 0.0, Diff: 0.0, Sum: 0.0]
         [Processed Buffers: Min: 0, Avg: 0.2, Max: 2, Diff: 2, Sum: 4]
      [Scan RS (ms): Min: 0.0, Avg: 0.0, Max: 0.0, Diff: 0.0, Sum: 0.0]
      [Code Root Scanning (ms): Min: 0.0, Avg: 0.0, Max: 0.0, Diff: 0.0, Sum: 0.0]
      [Object Copy (ms): Min: 0.0, Avg: 0.1, Max: 0.3, Diff: 0.3, Sum: 1.2]
      [Termination (ms): Min: 0.0, Avg: 14.3, Max: 18.5, Diff: 18.5, Sum: 257.2]
         [Termination Attempts: Min: 1, Avg: 1.0, Max: 1, Diff: 0, Sum: 18]
      [GC Worker Other (ms): Min: 0.0, Avg: 0.0, Max: 0.0, Diff: 0.0, Sum: 0.1]
      [GC Worker Total (ms): Min: 0.0, Avg: 14.4, Max: 18.9, Diff: 18.9, Sum: 259.0]
      [GC Worker End (ms): Min: 6488.0, Avg: 6488.1, Max: 6488.2, Diff: 0.2]
   [Code Root Fixup: 0.0 ms]
   [Code Root Purge: 0.0 ms]
   [Clear CT: 0.7 ms]
   [Other: 4.1 ms]
      [Choose CSet: 0.0 ms]
      [Ref Proc: 3.5 ms]
      [Ref Enq: 0.0 ms]
      [Redirty Cards: 0.6 ms]
      [Humongous Register: 0.0 ms]
      [Humongous Reclaim: 0.0 ms]
      [Free CSet: 0.0 ms]
   [Eden: 2048.0K(2048.0K)->0.0B(2048.0K) Survivors: 1024.0K->1024.0K Heap: 38793.6K(65536.0K)->37983.6K(65536.0K)]
 [Times: user=0.29 sys=0.00, real=0.03 secs] 
2026-06-17T09:48:44.305+0800: 6.507: [GC pause (G1 Evacuation Pause) (mixed), 0.0142999 secs]
   [Parallel Time: 8.5 ms, GC Workers: 18]
      [GC Worker Start (ms): Min: 6506.8, Avg: 6509.7, Max: 6514.6, Diff: 7.9]
      [Ext Root Scanning (ms): Min: 0.0, Avg: 0.0, Max: 0.2, Diff: 0.2, Sum: 0.3]
      [Update RS (ms): Min: 0.0, Avg: 0.0, Max: 0.0, Diff: 0.0, Sum: 0.0]
         [Processed Buffers: Min: 0, Avg: 0.3, Max: 3, Diff: 3, Sum: 5]
      [Scan RS (ms): Min: 0.0, Avg: 0.0, Max: 0.0, Diff: 0.0, Sum: 0.1]
      [Code Root Scanning (ms): Min: 0.0, Avg: 0.0, Max: 0.0, Diff: 0.0, Sum: 0.0]
      [Object Copy (ms): Min: 0.0, Avg: 0.0, Max: 0.2, Diff: 0.2, Sum: 0.5]
      [Termination (ms): Min: 0.0, Avg: 4.9, Max: 7.6, Diff: 7.6, Sum: 88.4]
         [Termination Attempts: Min: 1, Avg: 1.0, Max: 1, Diff: 0, Sum: 18]
      [GC Worker Other (ms): Min: 0.0, Avg: 0.0, Max: 0.0, Diff: 0.0, Sum: 0.1]
      [GC Worker Total (ms): Min: 0.0, Avg: 5.0, Max: 7.9, Diff: 7.9, Sum: 89.5]
      [GC Worker End (ms): Min: 6514.6, Avg: 6514.7, Max: 6514.8, Diff: 0.2]
   [Code Root Fixup: 0.0 ms]
   [Code Root Purge: 0.0 ms]
   [Clear CT: 1.1 ms]
   [Other: 4.7 ms]
      [Choose CSet: 0.0 ms]
      [Ref Proc: 3.7 ms]
      [Ref Enq: 0.0 ms]
      [Redirty Cards: 0.9 ms]
      [Humongous Register: 0.0 ms]
      [Humongous Reclaim: 0.0 ms]
      [Free CSet: 0.0 ms]
   [Eden: 2048.0K(2048.0K)->0.0B(13312.0K) Survivors: 1024.0K->1024.0K Heap: 40031.6K(65536.0K)->37042.6K(65536.0K)]
 [Times: user=0.13 sys=0.01, real=0.01 secs] 
2026-06-17T09:48:44.352+0800: 6.553: [GC pause (G1 Evacuation Pause) (young), 0.0129173 secs]
   [Parallel Time: 9.3 ms, GC Workers: 18]
      [GC Worker Start (ms): Min: 6553.6, Avg: 6555.7, Max: 6562.3, Diff: 8.8]
      [Ext Root Scanning (ms): Min: 0.0, Avg: 0.0, Max: 0.2, Diff: 0.2, Sum: 0.3]
      [Update RS (ms): Min: 0.0, Avg: 0.0, Max: 0.1, Diff: 0.1, Sum: 0.2]
         [Processed Buffers: Min: 0, Avg: 0.2, Max: 2, Diff: 2, Sum: 4]
      [Scan RS (ms): Min: 0.0, Avg: 0.0, Max: 0.0, Diff: 0.0, Sum: 0.0]
      [Code Root Scanning (ms): Min: 0.0, Avg: 0.0, Max: 0.0, Diff: 0.0, Sum: 0.0]
      [Object Copy (ms): Min: 0.0, Avg: 0.0, Max: 0.2, Diff: 0.2, Sum: 0.6]
      [Termination (ms): Min: 0.0, Avg: 6.6, Max: 8.4, Diff: 8.4, Sum: 119.2]
         [Termination Attempts: Min: 1, Avg: 1.0, Max: 1, Diff: 0, Sum: 18]
      [GC Worker Other (ms): Min: 0.0, Avg: 0.0, Max: 0.0, Diff: 0.0, Sum: 0.1]
      [GC Worker Total (ms): Min: 0.0, Avg: 6.7, Max: 8.8, Diff: 8.8, Sum: 120.4]
      [GC Worker End (ms): Min: 6562.3, Avg: 6562.4, Max: 6562.4, Diff: 0.1]
   [Code Root Fixup: 0.0 ms]
   [Code Root Purge: 0.0 ms]
   [Clear CT: 0.6 ms]
   [Other: 3.0 ms]
      [Choose CSet: 0.0 ms]
      [Ref Proc: 2.4 ms]
      [Ref Enq: 0.0 ms]
      [Redirty Cards: 0.5 ms]
      [Humongous Register: 0.0 ms]
      [Humongous Reclaim: 0.0 ms]
      [Free CSet: 0.0 ms]
   [Eden: 13312.0K(13312.0K)->0.0B(10240.0K) Survivors: 1024.0K->2048.0K Heap: 50354.6K(65536.0K)->40237.6K(65536.0K)]
 [Times: user=0.15 sys=0.00, real=0.01 secs] 
2026-06-17T09:48:44.387+0800: 6.588: [GC pause (G1 Evacuation Pause) (young) (initial-mark), 0.0115076 secs]
   [Parallel Time: 7.2 ms, GC Workers: 18]
      [GC Worker Start (ms): Min: 6588.5, Avg: 6589.0, Max: 6589.3, Diff: 0.8]
      [Ext Root Scanning (ms): Min: 0.0, Avg: 1.8, Max: 5.9, Diff: 5.9, Sum: 32.9]
      [Update RS (ms): Min: 0.0, Avg: 0.0, Max: 0.0, Diff: 0.0, Sum: 0.0]
         [Processed Buffers: Min: 0, Avg: 0.2, Max: 3, Diff: 3, Sum: 3]
      [Scan RS (ms): Min: 0.0, Avg: 0.0, Max: 0.0, Diff: 0.0, Sum: 0.0]
      [Code Root Scanning (ms): Min: 0.0, Avg: 0.0, Max: 0.0, Diff: 0.0, Sum: 0.0]
      [Object Copy (ms): Min: 0.0, Avg: 0.0, Max: 0.2, Diff: 0.2, Sum: 0.8]
      [Termination (ms): Min: 0.0, Avg: 4.4, Max: 5.8, Diff: 5.8, Sum: 78.4]
         [Termination Attempts: Min: 1, Avg: 1.0, Max: 1, Diff: 0, Sum: 18]
      [GC Worker Other (ms): Min: 0.0, Avg: 0.0, Max: 0.0, Diff: 0.0, Sum: 0.1]
      [GC Worker Total (ms): Min: 5.9, Avg: 6.2, Max: 6.7, Diff: 0.8, Sum: 112.2]
      [GC Worker End (ms): Min: 6595.2, Avg: 6595.2, Max: 6595.4, Diff: 0.2]
   [Code Root Fixup: 0.0 ms]
   [Code Root Purge: 0.0 ms]
   [Clear CT: 1.2 ms]
   [Other: 3.1 ms]
      [Choose CSet: 0.0 ms]
      [Ref Proc: 2.1 ms]
      [Ref Enq: 0.0 ms]
      [Redirty Cards: 0.9 ms]
      [Humongous Register: 0.0 ms]
      [Humongous Reclaim: 0.0 ms]
      [Free CSet: 0.0 ms]
   [Eden: 10240.0K(10240.0K)->0.0B(6144.0K) Survivors: 2048.0K->2048.0K Heap: 50477.6K(65536.0K)->44307.6K(65536.0K)]
 [Times: user=0.10 sys=0.00, real=0.01 secs] 
2026-06-17T09:48:44.400+0800: 6.601: [GC concurrent-root-region-scan-start]
2026-06-17T09:48:44.400+0800: 6.601: [GC concurrent-root-region-scan-end, 0.0003502 secs]
2026-06-17T09:48:44.400+0800: 6.601: [GC concurrent-mark-start]
2026-06-17T09:48:44.401+0800: 6.602: [GC concurrent-mark-end, 0.0006709 secs]
2026-06-17T09:48:44.401+0800: 6.602: [GC remark 2026-06-17T09:48:44.401+0800: 6.603: [Finalize Marking, 0.0030546 secs] 2026-06-17T09:48:44.405+0800: 6.606: [GC ref-proc, 0.0007580 secs] 2026-06-17T09:48:44.406+0800: 6.607: [Unloading, 0.0020917 secs], 0.0086600 secs]
 [Times: user=0.02 sys=0.00, real=0.01 secs] 
2026-06-17T09:48:44.411+0800: 6.612: [GC cleanup 46984K->39816K(65536K), 0.0035396 secs]
 [Times: user=0.00 sys=0.00, real=0.00 secs] 
2026-06-17T09:48:44.415+0800: 6.617: [GC concurrent-cleanup-start]
2026-06-17T09:48:44.415+0800: 6.617: [GC concurrent-cleanup-end, 0.0000143 secs]
2026-06-17T09:48:44.426+0800: 6.627: [GC pause (G1 Evacuation Pause) (young), 0.0127805 secs]
   [Parallel Time: 8.8 ms, GC Workers: 18]
      [GC Worker Start (ms): Min: 6627.2, Avg: 6629.2, Max: 6635.4, Diff: 8.2]
      [Ext Root Scanning (ms): Min: 0.0, Avg: 0.0, Max: 0.2, Diff: 0.1, Sum: 0.2]
      [Update RS (ms): Min: 0.0, Avg: 0.0, Max: 0.0, Diff: 0.0, Sum: 0.0]
         [Processed Buffers: Min: 0, Avg: 0.2, Max: 2, Diff: 2, Sum: 4]
      [Scan RS (ms): Min: 0.0, Avg: 0.0, Max: 0.0, Diff: 0.0, Sum: 0.0]
      [Code Root Scanning (ms): Min: 0.0, Avg: 0.0, Max: 0.0, Diff: 0.0, Sum: 0.0]
      [Object Copy (ms): Min: 0.0, Avg: 0.0, Max: 0.1, Diff: 0.1, Sum: 0.4]
      [Termination (ms): Min: 0.0, Avg: 6.3, Max: 8.0, Diff: 8.0, Sum: 112.9]
         [Termination Attempts: Min: 1, Avg: 1.0, Max: 1, Diff: 0, Sum: 18]
      [GC Worker Other (ms): Min: 0.0, Avg: 0.0, Max: 0.0, Diff: 0.0, Sum: 0.1]
      [GC Worker Total (ms): Min: 0.0, Avg: 6.3, Max: 8.3, Diff: 8.3, Sum: 113.7]
      [GC Worker End (ms): Min: 6635.4, Avg: 6635.5, Max: 6635.5, Diff: 0.1]
   [Code Root Fixup: 0.0 ms]
   [Code Root Purge: 0.0 ms]
   [Clear CT: 1.1 ms]
   [Other: 2.8 ms]
      [Choose CSet: 0.0 ms]
      [Ref Proc: 1.9 ms]
      [Ref Enq: 0.0 ms]
      [Redirty Cards: 0.9 ms]
      [Humongous Register: 0.0 ms]
      [Humongous Reclaim: 0.0 ms]
      [Free CSet: 0.0 ms]
   [Eden: 6144.0K(6144.0K)->0.0B(2048.0K) Survivors: 2048.0K->1024.0K Heap: 43283.6K(65536.0K)->38166.6K(65536.0K)]
 [Times: user=0.13 sys=0.00, real=0.01 secs] 
2026-06-17T09:48:44.440+0800: 6.641: [GC pause (G1 Evacuation Pause) (mixed), 0.0073401 secs]
   [Parallel Time: 2.6 ms, GC Workers: 18]
      [GC Worker Start (ms): Min: 6641.4, Avg: 6642.2, Max: 6643.3, Diff: 1.8]
      [Ext Root Scanning (ms): Min: 0.0, Avg: 0.0, Max: 0.2, Diff: 0.2, Sum: 0.5]
      [Update RS (ms): Min: 0.0, Avg: 0.0, Max: 0.0, Diff: 0.0, Sum: 0.0]
         [Processed Buffers: Min: 0, Avg: 0.1, Max: 1, Diff: 1, Sum: 2]
      [Scan RS (ms): Min: 0.0, Avg: 0.0, Max: 0.0, Diff: 0.0, Sum: 0.0]
      [Code Root Scanning (ms): Min: 0.0, Avg: 0.0, Max: 0.0, Diff: 0.0, Sum: 0.0]
      [Object Copy (ms): Min: 0.0, Avg: 0.0, Max: 0.2, Diff: 0.2, Sum: 0.8]
      [Termination (ms): Min: 0.0, Avg: 1.0, Max: 1.6, Diff: 1.6, Sum: 18.6]
         [Termination Attempts: Min: 1, Avg: 1.0, Max: 1, Diff: 0, Sum: 18]
      [GC Worker Other (ms): Min: 0.0, Avg: 0.0, Max: 0.0, Diff: 0.0, Sum: 0.1]
      [GC Worker Total (ms): Min: 0.0, Avg: 1.1, Max: 1.9, Diff: 1.9, Sum: 20.0]
      [GC Worker End (ms): Min: 6643.3, Avg: 6643.3, Max: 6643.5, Diff: 0.2]
   [Code Root Fixup: 0.0 ms]
   [Code Root Purge: 0.0 ms]
   [Clear CT: 0.8 ms]
   [Other: 3.9 ms]
      [Choose CSet: 0.0 ms]
      [Ref Proc: 3.2 ms]
      [Ref Enq: 0.0 ms]
      [Redirty Cards: 0.7 ms]
      [Humongous Register: 0.0 ms]
      [Humongous Reclaim: 0.0 ms]
      [Free CSet: 0.0 ms]
   [Eden: 2048.0K(2048.0K)->0.0B(2048.0K) Survivors: 1024.0K->1024.0K Heap: 40214.6K(65536.0K)->35189.6K(65536.0K)]
 [Times: user=0.05 sys=0.01, real=0.01 secs] 
2026-06-17T09:48:44.449+0800: 6.650: [GC pause (G1 Evacuation Pause) (mixed), 0.0099830 secs]
   [Parallel Time: 5.3 ms, GC Workers: 18]
      [GC Worker Start (ms): Min: 6650.0, Avg: 6651.2, Max: 6654.8, Diff: 4.8]
      [Ext Root Scanning (ms): Min: 0.0, Avg: 0.0, Max: 0.1, Diff: 0.1, Sum: 0.2]
      [Update RS (ms): Min: 0.0, Avg: 0.0, Max: 0.0, Diff: 0.0, Sum: 0.0]
         [Processed Buffers: Min: 0, Avg: 0.2, Max: 2, Diff: 2, Sum: 4]
      [Scan RS (ms): Min: 0.0, Avg: 0.0, Max: 0.0, Diff: 0.0, Sum: 0.0]
      [Code Root Scanning (ms): Min: 0.0, Avg: 0.0, Max: 0.0, Diff: 0.0, Sum: 0.0]
      [Object Copy (ms): Min: 0.0, Avg: 0.1, Max: 0.3, Diff: 0.3, Sum: 1.0]
      [Termination (ms): Min: 0.0, Avg: 3.6, Max: 4.5, Diff: 4.5, Sum: 64.8]
         [Termination Attempts: Min: 1, Avg: 1.0, Max: 1, Diff: 0, Sum: 18]
      [GC Worker Other (ms): Min: 0.0, Avg: 0.0, Max: 0.0, Diff: 0.0, Sum: 0.1]
      [GC Worker Total (ms): Min: 0.0, Avg: 3.7, Max: 4.9, Diff: 4.9, Sum: 66.1]
      [GC Worker End (ms): Min: 6654.8, Avg: 6654.9, Max: 6655.0, Diff: 0.2]
   [Code Root Fixup: 0.0 ms]
   [Code Root Purge: 0.0 ms]
   [Clear CT: 0.9 ms]
   [Other: 3.8 ms]
      [Choose CSet: 0.0 ms]
      [Ref Proc: 3.0 ms]
      [Ref Enq: 0.0 ms]
      [Redirty Cards: 0.8 ms]
      [Humongous Register: 0.0 ms]
      [Humongous Reclaim: 0.0 ms]
      [Free CSet: 0.0 ms]
   [Eden: 2048.0K(2048.0K)->0.0B(2048.0K) Survivors: 1024.0K->1024.0K Heap: 37237.6K(65536.0K)->34386.6K(65536.0K)]
 [Times: user=0.08 sys=0.01, real=0.01 secs] 
2026-06-17T09:48:44.470+0800: 6.671: [GC pause (G1 Evacuation Pause) (mixed), 0.0099326 secs]
   [Parallel Time: 6.8 ms, GC Workers: 18]
      [GC Worker Start (ms): Min: 6671.4, Avg: 6673.2, Max: 6677.8, Diff: 6.4]
      [Ext Root Scanning (ms): Min: 0.0, Avg: 0.0, Max: 0.2, Diff: 0.2, Sum: 0.3]
      [Update RS (ms): Min: 0.0, Avg: 0.0, Max: 0.0, Diff: 0.0, Sum: 0.0]
         [Processed Buffers: Min: 0, Avg: 0.2, Max: 3, Diff: 3, Sum: 4]
      [Scan RS (ms): Min: 0.0, Avg: 0.0, Max: 0.0, Diff: 0.0, Sum: 0.1]
      [Code Root Scanning (ms): Min: 0.0, Avg: 0.0, Max: 0.0, Diff: 0.0, Sum: 0.0]
      [Object Copy (ms): Min: 0.0, Avg: 0.1, Max: 0.3, Diff: 0.3, Sum: 1.1]
      [Termination (ms): Min: 0.0, Avg: 4.6, Max: 6.1, Diff: 6.1, Sum: 83.4]
         [Termination Attempts: Min: 1, Avg: 1.1, Max: 2, Diff: 1, Sum: 19]
      [GC Worker Other (ms): Min: 0.0, Avg: 0.0, Max: 0.0, Diff: 0.0, Sum: 0.1]
      [GC Worker Total (ms): Min: 0.0, Avg: 4.7, Max: 6.6, Diff: 6.6, Sum: 85.0]
      [GC Worker End (ms): Min: 6677.8, Avg: 6677.9, Max: 6678.1, Diff: 0.2]
   [Code Root Fixup: 0.0 ms]
   [Code Root Purge: 0.0 ms]
   [Clear CT: 0.6 ms]
   [Other: 2.5 ms]
      [Choose CSet: 0.0 ms]
      [Ref Proc: 1.9 ms]
      [Ref Enq: 0.0 ms]
      [Redirty Cards: 0.5 ms]
      [Humongous Register: 0.0 ms]
      [Humongous Reclaim: 0.0 ms]
      [Free CSet: 0.0 ms]
   [Eden: 2048.0K(2048.0K)->0.0B(15360.0K) Survivors: 1024.0K->1024.0K Heap: 36434.6K(65536.0K)->34642.6K(65536.0K)]
 [Times: user=0.10 sys=0.00, real=0.01 secs] 
2026-06-17T09:48:44.523+0800: 6.724: [GC pause (G1 Evacuation Pause) (young), 0.0132584 secs]
   [Parallel Time: 9.3 ms, GC Workers: 18]
      [GC Worker Start (ms): Min: 6724.1, Avg: 6726.2, Max: 6732.8, Diff: 8.7]
      [Ext Root Scanning (ms): Min: 0.0, Avg: 0.0, Max: 0.1, Diff: 0.1, Sum: 0.2]
      [Update RS (ms): Min: 0.0, Avg: 0.0, Max: 0.1, Diff: 0.1, Sum: 0.2]
         [Processed Buffers: Min: 0, Avg: 0.4, Max: 4, Diff: 4, Sum: 7]
      [Scan RS (ms): Min: 0.0, Avg: 0.0, Max: 0.0, Diff: 0.0, Sum: 0.0]
      [Code Root Scanning (ms): Min: 0.0, Avg: 0.0, Max: 0.0, Diff: 0.0, Sum: 0.0]
      [Object Copy (ms): Min: 0.0, Avg: 0.0, Max: 0.2, Diff: 0.2, Sum: 0.5]
      [Termination (ms): Min: 0.0, Avg: 6.7, Max: 8.5, Diff: 8.5, Sum: 120.8]
         [Termination Attempts: Min: 1, Avg: 1.0, Max: 1, Diff: 0, Sum: 18]
      [GC Worker Other (ms): Min: 0.0, Avg: 0.0, Max: 0.0, Diff: 0.0, Sum: 0.1]
      [GC Worker Total (ms): Min: 0.0, Avg: 6.8, Max: 8.8, Diff: 8.8, Sum: 121.8]
      [GC Worker End (ms): Min: 6732.9, Avg: 6732.9, Max: 6733.1, Diff: 0.3]
   [Code Root Fixup: 0.0 ms]
   [Code Root Purge: 0.0 ms]
   [Clear CT: 0.6 ms]
   [Other: 3.3 ms]
      [Choose CSet: 0.0 ms]
      [Ref Proc: 2.7 ms]
      [Ref Enq: 0.0 ms]
      [Redirty Cards: 0.6 ms]
      [Humongous Register: 0.0 ms]
      [Humongous Reclaim: 0.0 ms]
      [Free CSet: 0.0 ms]
   [Eden: 15360.0K(15360.0K)->0.0B(12288.0K) Survivors: 1024.0K->2048.0K Heap: 50002.6K(65536.0K)->37368.6K(65536.0K)]
 [Times: user=0.14 sys=0.01, real=0.01 secs] 
2026-06-17T09:48:44.537+0800: 6.739: [GC pause (G1 Humongous Allocation) (young) (initial-mark), 0.0086841 secs]
   [Parallel Time: 3.6 ms, GC Workers: 18]
      [GC Worker Start (ms): Min: 6738.8, Avg: 6739.1, Max: 6739.3, Diff: 0.5]
      [Ext Root Scanning (ms): Min: 0.0, Avg: 1.0, Max: 2.5, Diff: 2.5, Sum: 17.1]
      [Update RS (ms): Min: 0.0, Avg: 0.0, Max: 0.0, Diff: 0.0, Sum: 0.0]
         [Processed Buffers: Min: 0, Avg: 0.1, Max: 2, Diff: 2, Sum: 2]
      [Scan RS (ms): Min: 0.0, Avg: 0.0, Max: 0.0, Diff: 0.0, Sum: 0.0]
      [Code Root Scanning (ms): Min: 0.0, Avg: 0.0, Max: 0.0, Diff: 0.0, Sum: 0.0]
      [Object Copy (ms): Min: 0.0, Avg: 0.0, Max: 0.1, Diff: 0.1, Sum: 0.2]
      [Termination (ms): Min: 0.0, Avg: 1.8, Max: 2.4, Diff: 2.4, Sum: 32.1]
         [Termination Attempts: Min: 1, Avg: 1.0, Max: 1, Diff: 0, Sum: 18]
      [GC Worker Other (ms): Min: 0.0, Avg: 0.0, Max: 0.0, Diff: 0.0, Sum: 0.1]
      [GC Worker Total (ms): Min: 2.5, Avg: 2.7, Max: 3.0, Diff: 0.5, Sum: 49.5]
      [GC Worker End (ms): Min: 6741.8, Avg: 6741.8, Max: 6741.9, Diff: 0.2]
   [Code Root Fixup: 0.0 ms]
   [Code Root Purge: 0.0 ms]
   [Clear CT: 1.2 ms]
   [Other: 3.9 ms]
      [Choose CSet: 0.0 ms]
      [Ref Proc: 3.0 ms]
      [Ref Enq: 0.0 ms]
      [Redirty Cards: 0.9 ms]
      [Humongous Register: 0.0 ms]
      [Humongous Reclaim: 0.0 ms]
      [Free CSet: 0.0 ms]
   [Eden: 3072.0K(12288.0K)->0.0B(14336.0K) Survivors: 2048.0K->0.0B Heap: 39926.8K(65536.0K)->36645.6K(65536.0K)]
 [Times: user=0.07 sys=0.00, real=0.01 secs] 
2026-06-17T09:48:44.547+0800: 6.749: [GC concurrent-root-region-scan-start]
2026-06-17T09:48:44.547+0800: 6.749: [GC concurrent-root-region-scan-end, 0.0000093 secs]
2026-06-17T09:48:44.547+0800: 6.749: [GC concurrent-mark-start]
2026-06-17T09:48:44.548+0800: 6.749: [GC concurrent-mark-end, 0.0004875 secs]
2026-06-17T09:48:44.548+0800: 6.749: [GC remark 2026-06-17T09:48:44.548+0800: 6.750: [Finalize Marking, 0.0076987 secs] 2026-06-17T09:48:44.556+0800: 6.758: [GC ref-proc, 0.0006020 secs] 2026-06-17T09:48:44.558+0800: 6.759: [Unloading, 0.0018949 secs], 0.0128232 secs]
 [Times: user=0.09 sys=0.00, real=0.01 secs] 
2026-06-17T09:48:44.562+0800: 6.763: [GC cleanup 38631K->36583K(65536K), 0.0034747 secs]
 [Times: user=0.00 sys=0.01, real=0.01 secs] 
2026-06-17T09:48:44.566+0800: 6.767: [GC concurrent-cleanup-start]
2026-06-17T09:48:44.566+0800: 6.767: [GC concurrent-cleanup-end, 0.0000115 secs]
2026-06-17T09:48:44.597+0800: 6.799: [GC pause (G1 Evacuation Pause) (young), 0.0113364 secs]
   [Parallel Time: 8.6 ms, GC Workers: 18]
      [GC Worker Start (ms): Min: 6798.7, Avg: 6800.4, Max: 6806.7, Diff: 7.9]
      [Ext Root Scanning (ms): Min: 0.0, Avg: 0.0, Max: 0.2, Diff: 0.2, Sum: 0.3]
      [Update RS (ms): Min: 0.0, Avg: 0.0, Max: 0.0, Diff: 0.0, Sum: 0.0]
         [Processed Buffers: Min: 0, Avg: 0.1, Max: 1, Diff: 1, Sum: 2]
      [Scan RS (ms): Min: 0.0, Avg: 0.0, Max: 0.0, Diff: 0.0, Sum: 0.0]
      [Code Root Scanning (ms): Min: 0.0, Avg: 0.0, Max: 0.0, Diff: 0.0, Sum: 0.0]
      [Object Copy (ms): Min: 0.0, Avg: 0.0, Max: 0.2, Diff: 0.2, Sum: 0.5]
      [Termination (ms): Min: 0.0, Avg: 6.3, Max: 7.6, Diff: 7.6, Sum: 113.2]
         [Termination Attempts: Min: 1, Avg: 1.0, Max: 1, Diff: 0, Sum: 18]
      [GC Worker Other (ms): Min: 0.0, Avg: 0.0, Max: 0.0, Diff: 0.0, Sum: 0.1]
      [GC Worker Total (ms): Min: 0.0, Avg: 6.3, Max: 8.0, Diff: 8.0, Sum: 114.1]
      [GC Worker End (ms): Min: 6806.7, Avg: 6806.7, Max: 6806.8, Diff: 0.1]
   [Code Root Fixup: 0.0 ms]
   [Code Root Purge: 0.0 ms]
   [Clear CT: 0.8 ms]
   [Other: 1.9 ms]
      [Choose CSet: 0.0 ms]
      [Ref Proc: 1.3 ms]
      [Ref Enq: 0.0 ms]
      [Redirty Cards: 0.6 ms]
      [Humongous Register: 0.0 ms]
      [Humongous Reclaim: 0.0 ms]
      [Free CSet: 0.0 ms]
   [Eden: 14336.0K(14336.0K)->0.0B(2048.0K) Survivors: 0.0B->2048.0K Heap: 50164.7K(65536.0K)->39637.7K(65536.0K)]
 [Times: user=0.12 sys=0.00, real=0.01 secs] 
2026-06-17T09:48:44.610+0800: 6.811: [GC pause (G1 Evacuation Pause) (mixed), 0.0065937 secs]
   [Parallel Time: 2.3 ms, GC Workers: 18]
      [GC Worker Start (ms): Min: 6811.2, Avg: 6812.2, Max: 6813.2, Diff: 1.9]
      [Ext Root Scanning (ms): Min: 0.0, Avg: 0.0, Max: 0.1, Diff: 0.1, Sum: 0.3]
      [Update RS (ms): Min: 0.0, Avg: 0.0, Max: 0.0, Diff: 0.0, Sum: 0.1]
         [Processed Buffers: Min: 0, Avg: 0.1, Max: 1, Diff: 1, Sum: 2]
      [Scan RS (ms): Min: 0.0, Avg: 0.0, Max: 0.0, Diff: 0.0, Sum: 0.0]
      [Code Root Scanning (ms): Min: 0.0, Avg: 0.0, Max: 0.0, Diff: 0.0, Sum: 0.0]
      [Object Copy (ms): Min: 0.0, Avg: 0.0, Max: 0.2, Diff: 0.2, Sum: 0.7]
      [Termination (ms): Min: 0.0, Avg: 1.0, Max: 1.7, Diff: 1.7, Sum: 17.4]
         [Termination Attempts: Min: 1, Avg: 1.0, Max: 1, Diff: 0, Sum: 18]
      [GC Worker Other (ms): Min: 0.0, Avg: 0.0, Max: 0.0, Diff: 0.0, Sum: 0.1]
      [GC Worker Total (ms): Min: 0.0, Avg: 1.0, Max: 2.0, Diff: 2.0, Sum: 18.6]
      [GC Worker End (ms): Min: 6813.2, Avg: 6813.2, Max: 6813.3, Diff: 0.2]
   [Code Root Fixup: 0.0 ms]
   [Code Root Purge: 0.0 ms]
   [Clear CT: 0.6 ms]
   [Other: 3.7 ms]
      [Choose CSet: 0.0 ms]
      [Ref Proc: 3.1 ms]
      [Ref Enq: 0.0 ms]
      [Redirty Cards: 0.5 ms]
      [Humongous Register: 0.0 ms]
      [Humongous Reclaim: 0.0 ms]
      [Free CSet: 0.0 ms]
   [Eden: 2048.0K(2048.0K)->0.0B(2048.0K) Survivors: 2048.0K->1024.0K Heap: 41685.7K(65536.0K)->36286.7K(65536.0K)]
 [Times: user=0.05 sys=0.00, real=0.01 secs] 
2026-06-17T09:48:44.628+0800: 6.829: [GC pause (G1 Evacuation Pause) (mixed), 0.0127365 secs]
   [Parallel Time: 8.7 ms, GC Workers: 18]
      [GC Worker Start (ms): Min: 6829.3, Avg: 6830.7, Max: 6837.4, Diff: 8.1]
      [Ext Root Scanning (ms): Min: 0.0, Avg: 0.0, Max: 0.2, Diff: 0.2, Sum: 0.3]
      [Update RS (ms): Min: 0.0, Avg: 0.0, Max: 0.0, Diff: 0.0, Sum: 0.0]
         [Processed Buffers: Min: 0, Avg: 0.2, Max: 2, Diff: 2, Sum: 4]
      [Scan RS (ms): Min: 0.0, Avg: 0.0, Max: 0.0, Diff: 0.0, Sum: 0.1]
      [Code Root Scanning (ms): Min: 0.0, Avg: 0.0, Max: 0.0, Diff: 0.0, Sum: 0.0]
      [Object Copy (ms): Min: 0.0, Avg: 0.1, Max: 0.3, Diff: 0.3, Sum: 1.1]
      [Termination (ms): Min: 0.0, Avg: 6.7, Max: 7.8, Diff: 7.8, Sum: 120.0]
         [Termination Attempts: Min: 1, Avg: 1.0, Max: 1, Diff: 0, Sum: 18]
      [GC Worker Other (ms): Min: 0.0, Avg: 0.0, Max: 0.0, Diff: 0.0, Sum: 0.1]
      [GC Worker Total (ms): Min: 0.0, Avg: 6.8, Max: 8.2, Diff: 8.2, Sum: 121.6]
      [GC Worker End (ms): Min: 6837.4, Avg: 6837.5, Max: 6837.6, Diff: 0.2]
   [Code Root Fixup: 0.0 ms]
   [Code Root Purge: 0.0 ms]
   [Clear CT: 1.2 ms]
   [Other: 2.9 ms]
      [Choose CSet: 0.0 ms]
      [Ref Proc: 2.0 ms]
      [Ref Enq: 0.0 ms]
      [Redirty Cards: 0.8 ms]
      [Humongous Register: 0.0 ms]
      [Humongous Reclaim: 0.0 ms]
      [Free CSet: 0.0 ms]
   [Eden: 2048.0K(2048.0K)->0.0B(13312.0K) Survivors: 1024.0K->1024.0K Heap: 38334.7K(65536.0K)->36719.7K(65536.0K)]
 [Times: user=0.14 sys=0.01, real=0.01 secs] 
2026-06-17T09:48:44.673+0800: 6.874: [GC pause (G1 Evacuation Pause) (young), 0.0124900 secs]
   [Parallel Time: 8.6 ms, GC Workers: 18]
      [GC Worker Start (ms): Min: 6874.4, Avg: 6876.0, Max: 6882.4, Diff: 7.9]
      [Ext Root Scanning (ms): Min: 0.0, Avg: 0.0, Max: 0.2, Diff: 0.2, Sum: 0.3]
      [Update RS (ms): Min: 0.0, Avg: 0.0, Max: 0.0, Diff: 0.0, Sum: 0.0]
         [Processed Buffers: Min: 0, Avg: 0.2, Max: 2, Diff: 2, Sum: 4]
      [Scan RS (ms): Min: 0.0, Avg: 0.0, Max: 0.0, Diff: 0.0, Sum: 0.0]
      [Code Root Scanning (ms): Min: 0.0, Avg: 0.0, Max: 0.0, Diff: 0.0, Sum: 0.0]
      [Object Copy (ms): Min: 0.0, Avg: 0.0, Max: 0.2, Diff: 0.2, Sum: 0.5]
      [Termination (ms): Min: 0.0, Avg: 6.4, Max: 7.7, Diff: 7.7, Sum: 115.8]
         [Termination Attempts: Min: 1, Avg: 1.0, Max: 1, Diff: 0, Sum: 18]
      [GC Worker Other (ms): Min: 0.0, Avg: 0.0, Max: 0.0, Diff: 0.0, Sum: 0.1]
      [GC Worker Total (ms): Min: 0.0, Avg: 6.5, Max: 8.1, Diff: 8.1, Sum: 116.7]
      [GC Worker End (ms): Min: 6882.4, Avg: 6882.4, Max: 6882.5, Diff: 0.1]
   [Code Root Fixup: 0.0 ms]
   [Code Root Purge: 0.0 ms]
   [Clear CT: 0.9 ms]
   [Other: 3.0 ms]
      [Choose CSet: 0.0 ms]
      [Ref Proc: 1.9 ms]
      [Ref Enq: 0.0 ms]
      [Redirty Cards: 1.0 ms]
      [Humongous Register: 0.0 ms]
      [Humongous Reclaim: 0.0 ms]
      [Free CSet: 0.0 ms]
   [Eden: 13312.0K(13312.0K)->0.0B(10240.0K) Survivors: 1024.0K->2048.0K Heap: 50031.7K(65536.0K)->39417.7K(65536.0K)]
 [Times: user=0.13 sys=0.00, real=0.01 secs] 
2026-06-17T09:48:44.708+0800: 6.909: [GC pause (G1 Evacuation Pause) (young) (initial-mark), 0.0143600 secs]
   [Parallel Time: 7.3 ms, GC Workers: 18]
      [GC Worker Start (ms): Min: 6909.0, Avg: 6909.4, Max: 6909.8, Diff: 0.8]
      [Ext Root Scanning (ms): Min: 0.0, Avg: 1.5, Max: 5.4, Diff: 5.4, Sum: 26.6]
      [Update RS (ms): Min: 0.0, Avg: 0.0, Max: 0.0, Diff: 0.0, Sum: 0.0]
         [Processed Buffers: Min: 0, Avg: 0.1, Max: 2, Diff: 2, Sum: 2]
      [Scan RS (ms): Min: 0.0, Avg: 0.0, Max: 0.0, Diff: 0.0, Sum: 0.0]
      [Code Root Scanning (ms): Min: 0.0, Avg: 0.0, Max: 0.0, Diff: 0.0, Sum: 0.0]
      [Object Copy (ms): Min: 0.0, Avg: 0.0, Max: 0.1, Diff: 0.1, Sum: 0.3]
      [Termination (ms): Min: 0.0, Avg: 4.3, Max: 5.3, Diff: 5.3, Sum: 76.6]
         [Termination Attempts: Min: 1, Avg: 1.0, Max: 1, Diff: 0, Sum: 18]
      [GC Worker Other (ms): Min: 0.0, Avg: 0.0, Max: 0.0, Diff: 0.0, Sum: 0.1]
      [GC Worker Total (ms): Min: 5.4, Avg: 5.8, Max: 6.2, Diff: 0.8, Sum: 103.6]
      [GC Worker End (ms): Min: 6915.1, Avg: 6915.2, Max: 6915.3, Diff: 0.2]
   [Code Root Fixup: 0.0 ms]
   [Code Root Purge: 0.0 ms]
   [Clear CT: 2.0 ms]
   [Other: 5.1 ms]
      [Choose CSet: 0.0 ms]
      [Ref Proc: 3.5 ms]
      [Ref Enq: 0.0 ms]
      [Redirty Cards: 1.5 ms]
      [Humongous Register: 0.0 ms]
      [Humongous Reclaim: 0.0 ms]
      [Free CSet: 0.0 ms]
   [Eden: 10240.0K(10240.0K)->0.0B(10240.0K) Survivors: 2048.0K->1024.0K Heap: 49657.7K(65536.0K)->38931.7K(65536.0K)]
 [Times: user=0.12 sys=0.00, real=0.02 secs] 
2026-06-17T09:48:44.724+0800: 6.925: [GC concurrent-root-region-scan-start]
2026-06-17T09:48:44.724+0800: 6.925: [GC concurrent-root-region-scan-end, 0.0003600 secs]
2026-06-17T09:48:44.724+0800: 6.925: [GC concurrent-mark-start]
2026-06-17T09:48:44.724+0800: 6.926: [GC concurrent-mark-end, 0.0003049 secs]
2026-06-17T09:48:44.724+0800: 6.926: [GC remark 2026-06-17T09:48:44.725+0800: 6.926: [Finalize Marking, 0.0031458 secs] 2026-06-17T09:48:44.729+0800: 6.930: [GC ref-proc, 0.0006544 secs] 2026-06-17T09:48:44.730+0800: 6.931: [Unloading, 0.0018310 secs], 0.0086391 secs]
 [Times: user=0.01 sys=0.01, real=0.01 secs] 
2026-06-17T09:48:44.734+0800: 6.935: [GC cleanup 40845K->37773K(65536K), 0.0033083 secs]
 [Times: user=0.00 sys=0.00, real=0.00 secs] 
2026-06-17T09:48:44.738+0800: 6.940: [GC concurrent-cleanup-start]
2026-06-17T09:48:44.738+0800: 6.940: [GC concurrent-cleanup-end, 0.0000123 secs]
2026-06-17T09:48:44.759+0800: 6.960: [GC pause (G1 Evacuation Pause) (young), 0.0110003 secs]
   [Parallel Time: 7.5 ms, GC Workers: 18]
      [GC Worker Start (ms): Min: 6960.6, Avg: 6961.9, Max: 6967.0, Diff: 6.4]
      [Ext Root Scanning (ms): Min: 0.0, Avg: 0.0, Max: 0.2, Diff: 0.2, Sum: 0.4]
      [Update RS (ms): Min: 0.0, Avg: 0.0, Max: 0.0, Diff: 0.0, Sum: 0.0]
         [Processed Buffers: Min: 0, Avg: 0.2, Max: 2, Diff: 2, Sum: 3]
      [Scan RS (ms): Min: 0.0, Avg: 0.0, Max: 0.0, Diff: 0.0, Sum: 0.0]
      [Code Root Scanning (ms): Min: 0.0, Avg: 0.0, Max: 0.0, Diff: 0.0, Sum: 0.0]
      [Object Copy (ms): Min: 0.0, Avg: 0.0, Max: 0.2, Diff: 0.2, Sum: 0.6]
      [Termination (ms): Min: 0.0, Avg: 5.0, Max: 6.2, Diff: 6.2, Sum: 90.5]
         [Termination Attempts: Min: 1, Avg: 1.0, Max: 1, Diff: 0, Sum: 18]
      [GC Worker Other (ms): Min: 0.0, Avg: 0.0, Max: 0.0, Diff: 0.0, Sum: 0.1]
      [GC Worker Total (ms): Min: 0.0, Avg: 5.1, Max: 6.5, Diff: 6.5, Sum: 91.6]
      [GC Worker End (ms): Min: 6967.0, Avg: 6967.0, Max: 6967.1, Diff: 0.2]
   [Code Root Fixup: 0.0 ms]
   [Code Root Purge: 0.0 ms]
   [Clear CT: 0.9 ms]
   [Other: 2.6 ms]
      [Choose CSet: 0.0 ms]
      [Ref Proc: 2.0 ms]
      [Ref Enq: 0.0 ms]
      [Redirty Cards: 0.5 ms]
      [Humongous Register: 0.0 ms]
      [Humongous Reclaim: 0.0 ms]
      [Free CSet: 0.0 ms]
   [Eden: 10240.0K(10240.0K)->0.0B(1024.0K) Survivors: 1024.0K->2048.0K Heap: 46099.7K(65536.0K)->39468.7K(65536.0K)]
 [Times: user=0.10 sys=0.00, real=0.02 secs] 
2026-06-17T09:48:44.771+0800: 6.973: [GC pause (G1 Evacuation Pause) (mixed), 0.0066224 secs]
   [Parallel Time: 2.5 ms, GC Workers: 18]
      [GC Worker Start (ms): Min: 6972.7, Avg: 6973.7, Max: 6974.9, Diff: 2.2]
      [Ext Root Scanning (ms): Min: 0.0, Avg: 0.0, Max: 0.2, Diff: 0.2, Sum: 0.3]
      [Update RS (ms): Min: 0.0, Avg: 0.0, Max: 0.0, Diff: 0.0, Sum: 0.0]
         [Processed Buffers: Min: 0, Avg: 0.1, Max: 1, Diff: 1, Sum: 2]
      [Scan RS (ms): Min: 0.0, Avg: 0.0, Max: 0.0, Diff: 0.0, Sum: 0.0]
      [Code Root Scanning (ms): Min: 0.0, Avg: 0.0, Max: 0.0, Diff: 0.0, Sum: 0.0]
      [Object Copy (ms): Min: 0.0, Avg: 0.0, Max: 0.2, Diff: 0.2, Sum: 0.8]
      [Termination (ms): Min: 0.0, Avg: 1.2, Max: 1.9, Diff: 1.9, Sum: 21.7]
         [Termination Attempts: Min: 1, Avg: 1.0, Max: 1, Diff: 0, Sum: 18]
      [GC Worker Other (ms): Min: 0.0, Avg: 0.0, Max: 0.0, Diff: 0.0, Sum: 0.1]
      [GC Worker Total (ms): Min: 0.0, Avg: 1.3, Max: 2.4, Diff: 2.3, Sum: 23.0]
      [GC Worker End (ms): Min: 6974.9, Avg: 6974.9, Max: 6975.0, Diff: 0.2]
   [Code Root Fixup: 0.0 ms]
   [Code Root Purge: 0.0 ms]
   [Clear CT: 1.1 ms]
   [Other: 3.1 ms]
      [Choose CSet: 0.0 ms]
      [Ref Proc: 2.2 ms]
      [Ref Enq: 0.0 ms]
      [Redirty Cards: 0.8 ms]
      [Humongous Register: 0.0 ms]
      [Humongous Reclaim: 0.0 ms]
      [Free CSet: 0.0 ms]
   [Eden: 1024.0K(1024.0K)->0.0B(2048.0K) Survivors: 2048.0K->1024.0K Heap: 40492.7K(65536.0K)->36597.1K(65536.0K)]
 [Times: user=0.05 sys=0.00, real=0.00 secs] 
2026-06-17T09:48:44.779+0800: 6.981: [GC pause (G1 Evacuation Pause) (mixed), 0.0130148 secs]
   [Parallel Time: 8.0 ms, GC Workers: 18]
      [GC Worker Start (ms): Min: 6980.7, Avg: 6981.9, Max: 6988.0, Diff: 7.3]
      [Ext Root Scanning (ms): Min: 0.0, Avg: 0.0, Max: 0.1, Diff: 0.1, Sum: 0.2]
      [Update RS (ms): Min: 0.0, Avg: 0.0, Max: 0.0, Diff: 0.0, Sum: 0.0]
         [Processed Buffers: Min: 0, Avg: 0.3, Max: 4, Diff: 4, Sum: 5]
      [Scan RS (ms): Min: 0.0, Avg: 0.0, Max: 0.0, Diff: 0.0, Sum: 0.0]
      [Code Root Scanning (ms): Min: 0.0, Avg: 0.0, Max: 0.0, Diff: 0.0, Sum: 0.0]
      [Object Copy (ms): Min: 0.0, Avg: 0.0, Max: 0.3, Diff: 0.3, Sum: 0.9]
      [Termination (ms): Min: 0.0, Avg: 6.1, Max: 7.0, Diff: 7.0, Sum: 110.5]
         [Termination Attempts: Min: 1, Avg: 1.0, Max: 1, Diff: 0, Sum: 18]
      [GC Worker Other (ms): Min: 0.0, Avg: 0.0, Max: 0.0, Diff: 0.0, Sum: 0.1]
      [GC Worker Total (ms): Min: 0.0, Avg: 6.2, Max: 7.4, Diff: 7.4, Sum: 111.6]
      [GC Worker End (ms): Min: 6988.0, Avg: 6988.1, Max: 6988.2, Diff: 0.2]
   [Code Root Fixup: 0.0 ms]
   [Code Root Purge: 0.0 ms]
   [Clear CT: 1.4 ms]
   [Other: 3.6 ms]
      [Choose CSet: 0.0 ms]
      [Ref Proc: 2.2 ms]
      [Ref Enq: 0.0 ms]
      [Redirty Cards: 1.4 ms]
      [Humongous Register: 0.0 ms]
      [Humongous Reclaim: 0.0 ms]
      [Free CSet: 0.0 ms]
   [Eden: 2048.0K(2048.0K)->0.0B(2048.0K) Survivors: 1024.0K->1024.0K Heap: 38645.1K(65536.0K)->35696.7K(65536.0K)]
 [Times: user=0.12 sys=0.00, real=0.02 secs] 
2026-06-17T09:48:44.804+0800: 7.005: [GC pause (G1 Evacuation Pause) (mixed), 0.0111137 secs]
   [Parallel Time: 6.1 ms, GC Workers: 18]
      [GC Worker Start (ms): Min: 7005.3, Avg: 7006.5, Max: 7010.4, Diff: 5.1]
      [Ext Root Scanning (ms): Min: 0.0, Avg: 0.0, Max: 0.2, Diff: 0.2, Sum: 0.5]
      [Update RS (ms): Min: 0.0, Avg: 0.0, Max: 0.0, Diff: 0.0, Sum: 0.1]
         [Processed Buffers: Min: 0, Avg: 0.3, Max: 2, Diff: 2, Sum: 5]
      [Scan RS (ms): Min: 0.0, Avg: 0.0, Max: 0.0, Diff: 0.0, Sum: 0.1]
      [Code Root Scanning (ms): Min: 0.0, Avg: 0.0, Max: 0.0, Diff: 0.0, Sum: 0.0]
      [Object Copy (ms): Min: 0.0, Avg: 0.0, Max: 0.1, Diff: 0.1, Sum: 0.5]
      [Termination (ms): Min: 0.0, Avg: 3.9, Max: 4.9, Diff: 4.9, Sum: 70.0]
         [Termination Attempts: Min: 1, Avg: 1.0, Max: 1, Diff: 0, Sum: 18]
      [GC Worker Other (ms): Min: 0.0, Avg: 0.0, Max: 0.0, Diff: 0.0, Sum: 0.1]
      [GC Worker Total (ms): Min: 0.0, Avg: 4.0, Max: 5.2, Diff: 5.2, Sum: 71.1]
      [GC Worker End (ms): Min: 7010.4, Avg: 7010.5, Max: 7010.5, Diff: 0.1]
   [Code Root Fixup: 0.0 ms]
   [Code Root Purge: 0.0 ms]
   [Clear CT: 1.7 ms]
   [Other: 3.3 ms]
      [Choose CSet: 0.0 ms]
      [Ref Proc: 1.9 ms]
      [Ref Enq: 0.0 ms]
      [Redirty Cards: 1.4 ms]
      [Humongous Register: 0.0 ms]
      [Humongous Reclaim: 0.0 ms]
      [Free CSet: 0.0 ms]
   [Eden: 2048.0K(2048.0K)->0.0B(12288.0K) Survivors: 1024.0K->1024.0K Heap: 37744.7K(65536.0K)->36804.7K(65536.0K)]
 [Times: user=0.09 sys=0.00, real=0.01 secs] 
2026-06-17T09:48:44.848+0800: 7.049: [GC pause (G1 Evacuation Pause) (young), 0.0118137 secs]
   [Parallel Time: 2.3 ms, GC Workers: 18]
      [GC Worker Start (ms): Min: 7049.1, Avg: 7050.0, Max: 7050.7, Diff: 1.5]
      [Ext Root Scanning (ms): Min: 0.0, Avg: 0.0, Max: 0.2, Diff: 0.2, Sum: 0.3]
      [Update RS (ms): Min: 0.0, Avg: 0.0, Max: 0.1, Diff: 0.1, Sum: 0.2]
         [Processed Buffers: Min: 0, Avg: 0.3, Max: 3, Diff: 3, Sum: 5]
      [Scan RS (ms): Min: 0.0, Avg: 0.0, Max: 0.0, Diff: 0.0, Sum: 0.0]
      [Code Root Scanning (ms): Min: 0.0, Avg: 0.0, Max: 0.0, Diff: 0.0, Sum: 0.0]
      [Object Copy (ms): Min: 0.0, Avg: 0.0, Max: 0.2, Diff: 0.2, Sum: 0.5]
      [Termination (ms): Min: 0.0, Avg: 0.6, Max: 1.1, Diff: 1.1, Sum: 11.5]
         [Termination Attempts: Min: 1, Avg: 1.0, Max: 1, Diff: 0, Sum: 18]
      [GC Worker Other (ms): Min: 0.0, Avg: 0.0, Max: 0.0, Diff: 0.0, Sum: 0.1]
      [GC Worker Total (ms): Min: 0.0, Avg: 0.7, Max: 1.5, Diff: 1.5, Sum: 12.7]
      [GC Worker End (ms): Min: 7050.7, Avg: 7050.7, Max: 7050.7, Diff: 0.1]
   [Code Root Fixup: 0.0 ms]
   [Code Root Purge: 0.0 ms]
   [Clear CT: 1.6 ms]
   [Other: 7.9 ms]
      [Choose CSet: 0.0 ms]
      [Ref Proc: 6.2 ms]
      [Ref Enq: 0.0 ms]
      [Redirty Cards: 1.6 ms]
      [Humongous Register: 0.0 ms]
      [Humongous Reclaim: 0.0 ms]
      [Free CSet: 0.0 ms]
   [Eden: 12288.0K(12288.0K)->0.0B(10240.0K) Survivors: 1024.0K->2048.0K Heap: 49092.7K(65536.0K)->40048.7K(65536.0K)]
 [Times: user=0.09 sys=0.01, real=0.01 secs] 
2026-06-17T09:48:44.861+0800: 7.062: [GC pause (G1 Humongous Allocation) (young) (initial-mark), 0.0087986 secs]
   [Parallel Time: 4.0 ms, GC Workers: 18]
      [GC Worker Start (ms): Min: 7062.4, Avg: 7062.7, Max: 7063.0, Diff: 0.6]
      [Ext Root Scanning (ms): Min: 0.0, Avg: 1.1, Max: 2.6, Diff: 2.6, Sum: 19.4]
      [Update RS (ms): Min: 0.0, Avg: 0.0, Max: 0.0, Diff: 0.0, Sum: 0.0]
         [Processed Buffers: Min: 0, Avg: 0.2, Max: 3, Diff: 3, Sum: 3]
      [Scan RS (ms): Min: 0.0, Avg: 0.0, Max: 0.0, Diff: 0.0, Sum: 0.0]
      [Code Root Scanning (ms): Min: 0.0, Avg: 0.0, Max: 0.0, Diff: 0.0, Sum: 0.0]
      [Object Copy (ms): Min: 0.0, Avg: 0.0, Max: 0.1, Diff: 0.1, Sum: 0.1]
      [Termination (ms): Min: 0.0, Avg: 1.8, Max: 2.6, Diff: 2.6, Sum: 32.7]
         [Termination Attempts: Min: 1, Avg: 1.0, Max: 1, Diff: 0, Sum: 18]
      [GC Worker Other (ms): Min: 0.0, Avg: 0.0, Max: 0.0, Diff: 0.0, Sum: 0.1]
      [GC Worker Total (ms): Min: 2.6, Avg: 2.9, Max: 3.2, Diff: 0.6, Sum: 52.3]
      [GC Worker End (ms): Min: 7065.6, Avg: 7065.6, Max: 7065.7, Diff: 0.1]
   [Code Root Fixup: 0.0 ms]
   [Code Root Purge: 0.0 ms]
   [Clear CT: 2.0 ms]
   [Other: 2.8 ms]
      [Choose CSet: 0.0 ms]
      [Ref Proc: 1.9 ms]
      [Ref Enq: 0.0 ms]
      [Redirty Cards: 0.9 ms]
      [Humongous Register: 0.0 ms]
      [Humongous Reclaim: 0.0 ms]
      [Free CSet: 0.0 ms]
   [Eden: 2048.0K(10240.0K)->0.0B(11264.0K) Survivors: 2048.0K->0.0B Heap: 41966.0K(65536.0K)->38915.7K(65536.0K)]
 [Times: user=0.05 sys=0.00, real=0.01 secs] 
2026-06-17T09:48:44.871+0800: 7.072: [GC concurrent-root-region-scan-start]
2026-06-17T09:48:44.871+0800: 7.072: [GC concurrent-root-region-scan-end, 0.0000089 secs]
2026-06-17T09:48:44.871+0800: 7.072: [GC concurrent-mark-start]
2026-06-17T09:48:44.871+0800: 7.073: [GC concurrent-mark-end, 0.0004910 secs]
2026-06-17T09:48:44.872+0800: 7.073: [GC remark 2026-06-17T09:48:44.872+0800: 7.073: [Finalize Marking, 0.0077010 secs] 2026-06-17T09:48:44.881+0800: 7.082: [GC ref-proc, 0.0008044 secs] 2026-06-17T09:48:44.882+0800: 7.083: [Unloading, 0.0023271 secs], 0.0142366 secs]
 [Times: user=0.10 sys=0.00, real=0.01 secs] 
2026-06-17T09:48:44.887+0800: 7.088: [GC cleanup 39999K->38975K(65536K), 0.0038595 secs]
 [Times: user=0.00 sys=0.00, real=0.01 secs] 
2026-06-17T09:48:44.892+0800: 7.093: [GC concurrent-cleanup-start]
2026-06-17T09:48:44.892+0800: 7.093: [GC concurrent-cleanup-end, 0.0000071 secs]
2026-06-17T09:48:44.913+0800: 7.114: [GC pause (G1 Evacuation Pause) (young), 0.0124287 secs]
   [Parallel Time: 7.0 ms, GC Workers: 18]
      [GC Worker Start (ms): Min: 7114.6, Avg: 7116.0, Max: 7121.1, Diff: 6.6]
      [Ext Root Scanning (ms): Min: 0.0, Avg: 0.0, Max: 0.2, Diff: 0.2, Sum: 0.3]
      [Update RS (ms): Min: 0.0, Avg: 0.0, Max: 0.0, Diff: 0.0, Sum: 0.0]
         [Processed Buffers: Min: 0, Avg: 0.2, Max: 2, Diff: 2, Sum: 3]
      [Scan RS (ms): Min: 0.0, Avg: 0.0, Max: 0.0, Diff: 0.0, Sum: 0.0]
      [Code Root Scanning (ms): Min: 0.0, Avg: 0.0, Max: 0.0, Diff: 0.0, Sum: 0.0]
      [Object Copy (ms): Min: 0.0, Avg: 0.0, Max: 0.2, Diff: 0.2, Sum: 0.4]
      [Termination (ms): Min: 0.0, Avg: 5.1, Max: 6.3, Diff: 6.3, Sum: 92.2]
         [Termination Attempts: Min: 1, Avg: 1.0, Max: 1, Diff: 0, Sum: 18]
      [GC Worker Other (ms): Min: 0.0, Avg: 0.0, Max: 0.0, Diff: 0.0, Sum: 0.1]
      [GC Worker Total (ms): Min: 0.0, Avg: 5.2, Max: 6.6, Diff: 6.6, Sum: 93.1]
      [GC Worker End (ms): Min: 7121.1, Avg: 7121.2, Max: 7121.3, Diff: 0.1]
   [Code Root Fixup: 0.0 ms]
   [Code Root Purge: 0.0 ms]
   [Clear CT: 1.4 ms]
   [Other: 4.0 ms]
      [Choose CSet: 0.0 ms]
      [Ref Proc: 2.7 ms]
      [Ref Enq: 0.0 ms]
      [Redirty Cards: 1.3 ms]
      [Humongous Register: 0.0 ms]
      [Humongous Reclaim: 0.0 ms]
      [Free CSet: 0.0 ms]
   [Eden: 11264.0K(11264.0K)->0.0B(1024.0K) Survivors: 0.0B->2048.0K Heap: 50026.7K(65536.0K)->37240.6K(65536.0K)]
 [Times: user=0.12 sys=0.00, real=0.01 secs] 
2026-06-17T09:48:44.927+0800: 7.128: [GC pause (G1 Evacuation Pause) (mixed), 0.0053723 secs]
   [Parallel Time: 1.8 ms, GC Workers: 18]
      [GC Worker Start (ms): Min: 7128.4, Avg: 7129.1, Max: 7129.8, Diff: 1.4]
      [Ext Root Scanning (ms): Min: 0.0, Avg: 0.0, Max: 0.2, Diff: 0.2, Sum: 0.4]
      [Update RS (ms): Min: 0.0, Avg: 0.0, Max: 0.0, Diff: 0.0, Sum: 0.0]
         [Processed Buffers: Min: 0, Avg: 0.2, Max: 1, Diff: 1, Sum: 3]
      [Scan RS (ms): Min: 0.0, Avg: 0.0, Max: 0.0, Diff: 0.0, Sum: 0.0]
      [Code Root Scanning (ms): Min: 0.0, Avg: 0.0, Max: 0.0, Diff: 0.0, Sum: 0.0]
      [Object Copy (ms): Min: 0.0, Avg: 0.1, Max: 0.2, Diff: 0.2, Sum: 1.2]
      [Termination (ms): Min: 0.0, Avg: 0.6, Max: 1.1, Diff: 1.1, Sum: 11.7]
         [Termination Attempts: Min: 1, Avg: 1.0, Max: 1, Diff: 0, Sum: 18]
      [GC Worker Other (ms): Min: 0.0, Avg: 0.0, Max: 0.0, Diff: 0.0, Sum: 0.1]
      [GC Worker Total (ms): Min: 0.0, Avg: 0.7, Max: 1.5, Diff: 1.5, Sum: 13.4]
      [GC Worker End (ms): Min: 7129.8, Avg: 7129.9, Max: 7129.9, Diff: 0.1]
   [Code Root Fixup: 0.0 ms]
   [Code Root Purge: 0.0 ms]
   [Clear CT: 0.7 ms]
   [Other: 2.8 ms]
      [Choose CSet: 0.0 ms]
      [Ref Proc: 2.0 ms]
      [Ref Enq: 0.0 ms]
      [Redirty Cards: 0.8 ms]
      [Humongous Register: 0.0 ms]
      [Humongous Reclaim: 0.0 ms]
      [Free CSet: 0.0 ms]
   [Eden: 1024.0K(1024.0K)->0.0B(2048.0K) Survivors: 2048.0K->1024.0K Heap: 38264.6K(65536.0K)->35850.0K(65536.0K)]
 [Times: user=0.03 sys=0.00, real=0.01 secs] 
2026-06-17T09:48:44.944+0800: 7.145: [GC pause (G1 Evacuation Pause) (mixed), 0.0081654 secs]
   [Parallel Time: 2.9 ms, GC Workers: 18]
      [GC Worker Start (ms): Min: 7145.3, Avg: 7146.3, Max: 7147.1, Diff: 1.7]
      [Ext Root Scanning (ms): Min: 0.0, Avg: 0.0, Max: 0.2, Diff: 0.2, Sum: 0.4]
      [Update RS (ms): Min: 0.0, Avg: 0.0, Max: 0.0, Diff: 0.0, Sum: 0.1]
         [Processed Buffers: Min: 0, Avg: 0.4, Max: 4, Diff: 4, Sum: 7]
      [Scan RS (ms): Min: 0.0, Avg: 0.0, Max: 0.0, Diff: 0.0, Sum: 0.1]
      [Code Root Scanning (ms): Min: 0.0, Avg: 0.0, Max: 0.0, Diff: 0.0, Sum: 0.0]
      [Object Copy (ms): Min: 0.0, Avg: 0.1, Max: 0.3, Diff: 0.3, Sum: 1.3]
      [Termination (ms): Min: 0.0, Avg: 0.8, Max: 1.4, Diff: 1.4, Sum: 13.9]
         [Termination Attempts: Min: 1, Avg: 1.0, Max: 1, Diff: 0, Sum: 18]
      [GC Worker Other (ms): Min: 0.0, Avg: 0.0, Max: 0.0, Diff: 0.0, Sum: 0.1]
      [GC Worker Total (ms): Min: 0.0, Avg: 0.9, Max: 1.8, Diff: 1.8, Sum: 15.8]
      [GC Worker End (ms): Min: 7147.1, Avg: 7147.1, Max: 7147.3, Diff: 0.2]
   [Code Root Fixup: 0.0 ms]
   [Code Root Purge: 0.0 ms]
   [Clear CT: 1.5 ms]
   [Other: 3.8 ms]
      [Choose CSet: 0.0 ms]
      [Ref Proc: 2.6 ms]
      [Ref Enq: 0.0 ms]
      [Redirty Cards: 1.1 ms]
      [Humongous Register: 0.0 ms]
      [Humongous Reclaim: 0.0 ms]
      [Free CSet: 0.0 ms]
   [Eden: 2048.0K(2048.0K)->0.0B(13312.0K) Survivors: 1024.0K->1024.0K Heap: 37898.0K(65536.0K)->36668.6K(65536.0K)]
 [Times: user=0.02 sys=0.01, real=0.01 secs] 
2026-06-17T09:48:44.985+0800: 7.186: [GC pause (G1 Evacuation Pause) (young), 0.0174844 secs]
   [Parallel Time: 10.6 ms, GC Workers: 18]
      [GC Worker Start (ms): Min: 7186.1, Avg: 7188.7, Max: 7195.2, Diff: 9.1]
      [Ext Root Scanning (ms): Min: 0.0, Avg: 0.0, Max: 0.2, Diff: 0.2, Sum: 0.3]
      [Update RS (ms): Min: 0.0, Avg: 0.0, Max: 0.1, Diff: 0.1, Sum: 0.1]
         [Processed Buffers: Min: 0, Avg: 0.3, Max: 3, Diff: 3, Sum: 6]
      [Scan RS (ms): Min: 0.0, Avg: 0.0, Max: 0.0, Diff: 0.0, Sum: 0.0]
      [Code Root Scanning (ms): Min: 0.0, Avg: 0.0, Max: 0.0, Diff: 0.0, Sum: 0.0]
      [Object Copy (ms): Min: 0.0, Avg: 0.0, Max: 0.2, Diff: 0.2, Sum: 0.5]
      [Termination (ms): Min: 0.0, Avg: 6.5, Max: 8.8, Diff: 8.8, Sum: 117.3]
         [Termination Attempts: Min: 1, Avg: 1.0, Max: 1, Diff: 0, Sum: 18]
      [GC Worker Other (ms): Min: 0.0, Avg: 0.0, Max: 0.0, Diff: 0.0, Sum: 0.1]
      [GC Worker Total (ms): Min: 0.0, Avg: 6.6, Max: 9.2, Diff: 9.2, Sum: 118.4]
      [GC Worker End (ms): Min: 7195.2, Avg: 7195.3, Max: 7195.4, Diff: 0.2]
   [Code Root Fixup: 0.0 ms]
   [Code Root Purge: 0.0 ms]
   [Clear CT: 1.6 ms]
   [Other: 5.2 ms]
      [Choose CSet: 0.0 ms]
      [Ref Proc: 4.0 ms]
      [Ref Enq: 0.0 ms]
      [Redirty Cards: 1.1 ms]
      [Humongous Register: 0.0 ms]
      [Humongous Reclaim: 0.0 ms]
      [Free CSet: 0.0 ms]
   [Eden: 13312.0K(13312.0K)->0.0B(10240.0K) Survivors: 1024.0K->2048.0K Heap: 49980.6K(65536.0K)->39779.6K(65536.0K)]
 [Times: user=0.16 sys=0.00, real=0.02 secs] 
2026-06-17T09:48:45.024+0800: 7.226: [GC pause (G1 Evacuation Pause) (young) (initial-mark), 0.0152538 secs]
   [Parallel Time: 8.8 ms, GC Workers: 18]
      [GC Worker Start (ms): Min: 7225.8, Avg: 7226.3, Max: 7226.7, Diff: 0.9]
      [Ext Root Scanning (ms): Min: 0.0, Avg: 2.1, Max: 7.0, Diff: 6.9, Sum: 38.2]
      [Update RS (ms): Min: 0.0, Avg: 0.0, Max: 0.0, Diff: 0.0, Sum: 0.0]
         [Processed Buffers: Min: 0, Avg: 0.2, Max: 4, Diff: 4, Sum: 4]
      [Scan RS (ms): Min: 0.0, Avg: 0.0, Max: 0.0, Diff: 0.0, Sum: 0.0]
      [Code Root Scanning (ms): Min: 0.0, Avg: 0.0, Max: 0.0, Diff: 0.0, Sum: 0.0]
      [Object Copy (ms): Min: 0.0, Avg: 0.0, Max: 0.3, Diff: 0.3, Sum: 0.8]
      [Termination (ms): Min: 0.0, Avg: 5.2, Max: 6.8, Diff: 6.8, Sum: 94.1]
         [Termination Attempts: Min: 1, Avg: 1.0, Max: 1, Diff: 0, Sum: 18]
      [GC Worker Other (ms): Min: 0.0, Avg: 0.0, Max: 0.0, Diff: 0.0, Sum: 0.1]
      [GC Worker Total (ms): Min: 7.0, Avg: 7.4, Max: 7.9, Diff: 0.9, Sum: 133.3]
      [GC Worker End (ms): Min: 7233.7, Avg: 7233.7, Max: 7233.8, Diff: 0.2]
   [Code Root Fixup: 0.0 ms]
   [Code Root Purge: 0.0 ms]
   [Clear CT: 1.3 ms]
   [Other: 5.1 ms]
      [Choose CSet: 0.0 ms]
      [Ref Proc: 4.6 ms]
      [Ref Enq: 0.0 ms]
      [Redirty Cards: 0.5 ms]
      [Humongous Register: 0.0 ms]
      [Humongous Reclaim: 0.0 ms]
      [Free CSet: 0.0 ms]
   [Eden: 10240.0K(10240.0K)->0.0B(6144.0K) Survivors: 2048.0K->2048.0K Heap: 50019.6K(65536.0K)->44210.6K(65536.0K)]
 [Times: user=0.15 sys=0.00, real=0.01 secs] 
2026-06-17T09:48:45.041+0800: 7.242: [GC concurrent-root-region-scan-start]
2026-06-17T09:48:45.041+0800: 7.242: [GC concurrent-root-region-scan-end, 0.0002303 secs]
2026-06-17T09:48:45.041+0800: 7.242: [GC concurrent-mark-start]
2026-06-17T09:48:45.041+0800: 7.243: [GC concurrent-mark-end, 0.0004123 secs]
2026-06-17T09:48:45.042+0800: 7.243: [GC remark 2026-06-17T09:48:45.042+0800: 7.243: [Finalize Marking, 0.0082388 secs] 2026-06-17T09:48:45.051+0800: 7.252: [GC ref-proc, 0.0008194 secs] 2026-06-17T09:48:45.053+0800: 7.254: [Unloading, 0.0022183 secs], 0.0147116 secs]
 [Times: user=0.10 sys=0.00, real=0.02 secs] 
2026-06-17T09:48:45.058+0800: 7.259: [GC cleanup 46250K->39082K(65536K), 0.0034747 secs]
 [Times: user=0.00 sys=0.00, real=0.00 secs] 
2026-06-17T09:48:45.062+0800: 7.263: [GC concurrent-cleanup-start]
2026-06-17T09:48:45.062+0800: 7.263: [GC concurrent-cleanup-end, 0.0000094 secs]
2026-06-17T09:48:45.073+0800: 7.274: [GC pause (G1 Evacuation Pause) (young), 0.0116787 secs]
   [Parallel Time: 7.4 ms, GC Workers: 18]
      [GC Worker Start (ms): Min: 7274.0, Avg: 7275.6, Max: 7280.1, Diff: 6.1]
      [Ext Root Scanning (ms): Min: 0.0, Avg: 0.0, Max: 0.2, Diff: 0.2, Sum: 0.3]
      [Update RS (ms): Min: 0.0, Avg: 0.0, Max: 0.0, Diff: 0.0, Sum: 0.0]
         [Processed Buffers: Min: 0, Avg: 0.2, Max: 2, Diff: 2, Sum: 4]
      [Scan RS (ms): Min: 0.0, Avg: 0.0, Max: 0.0, Diff: 0.0, Sum: 0.0]
      [Code Root Scanning (ms): Min: 0.0, Avg: 0.0, Max: 0.0, Diff: 0.0, Sum: 0.0]
      [Object Copy (ms): Min: 0.0, Avg: 0.0, Max: 0.2, Diff: 0.1, Sum: 0.4]
      [Termination (ms): Min: 0.0, Avg: 4.5, Max: 5.8, Diff: 5.8, Sum: 81.5]
         [Termination Attempts: Min: 1, Avg: 1.0, Max: 1, Diff: 0, Sum: 18]
      [GC Worker Other (ms): Min: 0.0, Avg: 0.0, Max: 0.0, Diff: 0.0, Sum: 0.1]
      [GC Worker Total (ms): Min: 0.0, Avg: 4.6, Max: 6.1, Diff: 6.1, Sum: 82.4]
      [GC Worker End (ms): Min: 7280.1, Avg: 7280.2, Max: 7280.3, Diff: 0.2]
   [Code Root Fixup: 0.0 ms]
   [Code Root Purge: 0.0 ms]
   [Clear CT: 1.2 ms]
   [Other: 3.2 ms]
      [Choose CSet: 0.0 ms]
      [Ref Proc: 2.6 ms]
      [Ref Enq: 0.0 ms]
      [Redirty Cards: 0.5 ms]
      [Humongous Register: 0.0 ms]
      [Humongous Reclaim: 0.0 ms]
      [Free CSet: 0.0 ms]
   [Eden: 6144.0K(6144.0K)->0.0B(2048.0K) Survivors: 2048.0K->1024.0K Heap: 43186.6K(65536.0K)->38221.6K(65536.0K)]
 [Times: user=0.10 sys=0.00, real=0.01 secs] 
2026-06-17T09:48:45.086+0800: 7.287: [GC pause (G1 Evacuation Pause) (mixed), 0.0129458 secs]
   [Parallel Time: 5.3 ms, GC Workers: 18]
      [GC Worker Start (ms): Min: 7287.1, Avg: 7288.6, Max: 7292.2, Diff: 5.1]
      [Ext Root Scanning (ms): Min: 0.0, Avg: 0.0, Max: 0.2, Diff: 0.2, Sum: 0.3]
      [Update RS (ms): Min: 0.0, Avg: 0.0, Max: 0.0, Diff: 0.0, Sum: 0.0]
         [Processed Buffers: Min: 0, Avg: 0.2, Max: 1, Diff: 1, Sum: 3]
      [Scan RS (ms): Min: 0.0, Avg: 0.0, Max: 0.0, Diff: 0.0, Sum: 0.0]
      [Code Root Scanning (ms): Min: 0.0, Avg: 0.0, Max: 0.0, Diff: 0.0, Sum: 0.0]
      [Object Copy (ms): Min: 0.0, Avg: 0.0, Max: 0.1, Diff: 0.1, Sum: 0.4]
      [Termination (ms): Min: 0.0, Avg: 3.6, Max: 4.9, Diff: 4.9, Sum: 65.2]
         [Termination Attempts: Min: 1, Avg: 1.0, Max: 1, Diff: 0, Sum: 18]
      [GC Worker Other (ms): Min: 0.0, Avg: 0.0, Max: 0.0, Diff: 0.0, Sum: 0.1]
      [GC Worker Total (ms): Min: 0.0, Avg: 3.7, Max: 5.2, Diff: 5.2, Sum: 66.1]
      [GC Worker End (ms): Min: 7292.2, Avg: 7292.2, Max: 7292.3, Diff: 0.1]
   [Code Root Fixup: 0.0 ms]
   [Code Root Purge: 0.0 ms]
   [Clear CT: 1.6 ms]
   [Other: 6.1 ms]
      [Choose CSet: 0.0 ms]
      [Ref Proc: 4.9 ms]
      [Ref Enq: 0.0 ms]
      [Redirty Cards: 1.2 ms]
      [Humongous Register: 0.0 ms]
      [Humongous Reclaim: 0.0 ms]
      [Free CSet: 0.0 ms]
   [Eden: 2048.0K(2048.0K)->0.0B(2048.0K) Survivors: 1024.0K->1024.0K Heap: 40269.6K(65536.0K)->33346.6K(65536.0K)]
 [Times: user=0.12 sys=0.01, real=0.01 secs] 
2026-06-17T09:48:45.110+0800: 7.312: [GC pause (G1 Evacuation Pause) (mixed), 0.0126924 secs]
   [Parallel Time: 7.8 ms, GC Workers: 18]
      [GC Worker Start (ms): Min: 7311.6, Avg: 7313.2, Max: 7318.4, Diff: 6.8]
      [Ext Root Scanning (ms): Min: 0.0, Avg: 0.0, Max: 0.2, Diff: 0.2, Sum: 0.4]
      [Update RS (ms): Min: 0.0, Avg: 0.0, Max: 0.0, Diff: 0.0, Sum: 0.0]
         [Processed Buffers: Min: 0, Avg: 0.3, Max: 3, Diff: 3, Sum: 5]
      [Scan RS (ms): Min: 0.0, Avg: 0.0, Max: 0.0, Diff: 0.0, Sum: 0.0]
      [Code Root Scanning (ms): Min: 0.0, Avg: 0.0, Max: 0.0, Diff: 0.0, Sum: 0.0]
      [Object Copy (ms): Min: 0.0, Avg: 0.0, Max: 0.2, Diff: 0.2, Sum: 0.8]
      [Termination (ms): Min: 0.0, Avg: 5.2, Max: 6.5, Diff: 6.5, Sum: 93.5]
         [Termination Attempts: Min: 1, Avg: 1.0, Max: 1, Diff: 0, Sum: 18]
      [GC Worker Other (ms): Min: 0.0, Avg: 0.0, Max: 0.0, Diff: 0.0, Sum: 0.1]
      [GC Worker Total (ms): Min: 0.0, Avg: 5.3, Max: 6.9, Diff: 6.9, Sum: 94.8]
      [GC Worker End (ms): Min: 7318.4, Avg: 7318.5, Max: 7318.6, Diff: 0.2]
   [Code Root Fixup: 0.0 ms]
   [Code Root Purge: 0.0 ms]
   [Clear CT: 1.3 ms]
   [Other: 3.6 ms]
      [Choose CSet: 0.0 ms]
      [Ref Proc: 2.2 ms]
      [Ref Enq: 0.0 ms]
      [Redirty Cards: 1.3 ms]
      [Humongous Register: 0.0 ms]
      [Humongous Reclaim: 0.0 ms]
      [Free CSet: 0.0 ms]
   [Eden: 2048.0K(2048.0K)->0.0B(2048.0K) Survivors: 1024.0K->1024.0K Heap: 35394.6K(65536.0K)->30533.6K(65536.0K)]
 [Times: user=0.10 sys=0.01, real=0.02 secs] 
2026-06-17T09:48:45.124+0800: 7.326: [GC pause (G1 Evacuation Pause) (mixed), 0.0056048 secs]
   [Parallel Time: 2.4 ms, GC Workers: 18]
      [GC Worker Start (ms): Min: 7325.7, Avg: 7326.8, Max: 7327.6, Diff: 2.0]
      [Ext Root Scanning (ms): Min: 0.0, Avg: 0.0, Max: 0.2, Diff: 0.2, Sum: 0.5]
      [Update RS (ms): Min: 0.0, Avg: 0.0, Max: 0.0, Diff: 0.0, Sum: 0.1]
         [Processed Buffers: Min: 0, Avg: 0.2, Max: 2, Diff: 2, Sum: 4]
      [Scan RS (ms): Min: 0.0, Avg: 0.0, Max: 0.0, Diff: 0.0, Sum: 0.1]
      [Code Root Scanning (ms): Min: 0.0, Avg: 0.0, Max: 0.0, Diff: 0.0, Sum: 0.0]
      [Object Copy (ms): Min: 0.0, Avg: 0.1, Max: 0.2, Diff: 0.2, Sum: 1.0]
      [Termination (ms): Min: 0.0, Avg: 0.9, Max: 1.7, Diff: 1.7, Sum: 15.4]
         [Termination Attempts: Min: 1, Avg: 1.0, Max: 1, Diff: 0, Sum: 18]
      [GC Worker Other (ms): Min: 0.0, Avg: 0.0, Max: 0.0, Diff: 0.0, Sum: 0.1]
      [GC Worker Total (ms): Min: 0.0, Avg: 1.0, Max: 2.1, Diff: 2.1, Sum: 17.2]
      [GC Worker End (ms): Min: 7327.7, Avg: 7327.7, Max: 7327.8, Diff: 0.2]
   [Code Root Fixup: 0.0 ms]
   [Code Root Purge: 0.0 ms]
   [Clear CT: 0.9 ms]
   [Other: 2.4 ms]
      [Choose CSet: 0.0 ms]
      [Ref Proc: 1.5 ms]
      [Ref Enq: 0.0 ms]
      [Redirty Cards: 0.8 ms]
      [Humongous Register: 0.0 ms]
      [Humongous Reclaim: 0.0 ms]
      [Free CSet: 0.0 ms]
   [Eden: 2048.0K(2048.0K)->0.0B(20480.0K) Survivors: 1024.0K->1024.0K Heap: 32581.6K(65536.0K)->29328.6K(65536.0K)]
 [Times: user=0.03 sys=0.00, real=0.01 secs] 
2026-06-17T09:48:45.183+0800: 7.384: [GC pause (G1 Evacuation Pause) (young), 0.0124849 secs]
   [Parallel Time: 8.4 ms, GC Workers: 18]
      [GC Worker Start (ms): Min: 7384.3, Avg: 7385.9, Max: 7392.2, Diff: 8.0]
      [Ext Root Scanning (ms): Min: 0.0, Avg: 0.0, Max: 0.2, Diff: 0.2, Sum: 0.2]
      [Update RS (ms): Min: 0.0, Avg: 0.0, Max: 0.1, Diff: 0.1, Sum: 0.1]
         [Processed Buffers: Min: 0, Avg: 0.3, Max: 4, Diff: 4, Sum: 6]
      [Scan RS (ms): Min: 0.0, Avg: 0.0, Max: 0.0, Diff: 0.0, Sum: 0.0]
      [Code Root Scanning (ms): Min: 0.0, Avg: 0.0, Max: 0.0, Diff: 0.0, Sum: 0.0]
      [Object Copy (ms): Min: 0.0, Avg: 0.1, Max: 0.3, Diff: 0.3, Sum: 1.1]
      [Termination (ms): Min: 0.0, Avg: 6.3, Max: 7.6, Diff: 7.6, Sum: 114.1]
         [Termination Attempts: Min: 1, Avg: 1.0, Max: 1, Diff: 0, Sum: 18]
      [GC Worker Other (ms): Min: 0.0, Avg: 0.0, Max: 0.0, Diff: 0.0, Sum: 0.1]
      [GC Worker Total (ms): Min: 0.0, Avg: 6.4, Max: 8.1, Diff: 8.1, Sum: 115.8]
      [GC Worker End (ms): Min: 7392.2, Avg: 7392.3, Max: 7392.4, Diff: 0.2]
   [Code Root Fixup: 0.0 ms]
   [Code Root Purge: 0.0 ms]
   [Clear CT: 1.3 ms]
   [Other: 2.8 ms]
      [Choose CSet: 0.0 ms]
      [Ref Proc: 1.8 ms]
      [Ref Enq: 0.0 ms]
      [Redirty Cards: 0.9 ms]
      [Humongous Register: 0.0 ms]
      [Humongous Reclaim: 0.0 ms]
      [Free CSet: 0.0 ms]
   [Eden: 20480.0K(20480.0K)->0.0B(14336.0K) Survivors: 1024.0K->3072.0K Heap: 49808.6K(65536.0K)->35621.6K(65536.0K)]
 [Times: user=0.13 sys=0.00, real=0.01 secs] 
2026-06-17T09:48:45.197+0800: 7.398: [GC pause (G1 Humongous Allocation) (young) (initial-mark), 0.0070124 secs]
   [Parallel Time: 3.2 ms, GC Workers: 18]
      [GC Worker Start (ms): Min: 7398.1, Avg: 7398.5, Max: 7398.7, Diff: 0.6]
      [Ext Root Scanning (ms): Min: 0.0, Avg: 1.0, Max: 1.9, Diff: 1.9, Sum: 17.3]
      [Update RS (ms): Min: 0.0, Avg: 0.0, Max: 0.0, Diff: 0.0, Sum: 0.0]
         [Processed Buffers: Min: 0, Avg: 0.2, Max: 4, Diff: 4, Sum: 4]
      [Scan RS (ms): Min: 0.0, Avg: 0.0, Max: 0.0, Diff: 0.0, Sum: 0.0]
      [Code Root Scanning (ms): Min: 0.0, Avg: 0.0, Max: 0.0, Diff: 0.0, Sum: 0.0]
      [Object Copy (ms): Min: 0.0, Avg: 0.0, Max: 0.1, Diff: 0.1, Sum: 0.5]
      [Termination (ms): Min: 0.0, Avg: 1.3, Max: 2.0, Diff: 2.0, Sum: 22.7]
         [Termination Attempts: Min: 1, Avg: 1.0, Max: 1, Diff: 0, Sum: 18]
      [GC Worker Other (ms): Min: 0.0, Avg: 0.0, Max: 0.0, Diff: 0.0, Sum: 0.1]
      [GC Worker Total (ms): Min: 1.9, Avg: 2.3, Max: 2.8, Diff: 0.9, Sum: 40.6]
      [GC Worker End (ms): Min: 7400.7, Avg: 7400.7, Max: 7400.9, Diff: 0.2]
   [Code Root Fixup: 0.0 ms]
   [Code Root Purge: 0.0 ms]
   [Clear CT: 0.7 ms]
   [Other: 3.1 ms]
      [Choose CSet: 0.0 ms]
      [Ref Proc: 2.4 ms]
      [Ref Enq: 0.0 ms]
      [Redirty Cards: 0.6 ms]
      [Humongous Register: 0.0 ms]
      [Humongous Reclaim: 0.0 ms]
      [Free CSet: 0.0 ms]
   [Eden: 3072.0K(14336.0K)->0.0B(11264.0K) Survivors: 3072.0K->3072.0K Heap: 38478.6K(65536.0K)->36566.6K(65536.0K)]
 [Times: user=0.05 sys=0.01, real=0.01 secs] 
2026-06-17T09:48:45.205+0800: 7.406: [GC concurrent-root-region-scan-start]
2026-06-17T09:48:45.205+0800: 7.407: [GC concurrent-root-region-scan-end, 0.0003053 secs]
2026-06-17T09:48:45.205+0800: 7.407: [GC concurrent-mark-start]
2026-06-17T09:48:45.206+0800: 7.407: [GC concurrent-mark-end, 0.0003720 secs]
2026-06-17T09:48:45.206+0800: 7.407: [GC remark 2026-06-17T09:48:45.206+0800: 7.408: [Finalize Marking, 0.0065269 secs] 2026-06-17T09:48:45.213+0800: 7.414: [GC ref-proc, 0.0004837 secs] 2026-06-17T09:48:45.214+0800: 7.415: [Unloading, 0.0018243 secs], 0.0116178 secs]
 [Times: user=0.08 sys=0.00, real=0.01 secs] 
2026-06-17T09:48:45.219+0800: 7.420: [GC cleanup 37474K->36450K(65536K), 0.0035677 secs]
 [Times: user=0.01 sys=0.00, real=0.01 secs] 
2026-06-17T09:48:45.223+0800: 7.424: [GC concurrent-cleanup-start]
2026-06-17T09:48:45.223+0800: 7.424: [GC concurrent-cleanup-end, 0.0000084 secs]
2026-06-17T09:48:45.245+0800: 7.446: [GC pause (G1 Evacuation Pause) (young), 0.0074983 secs]
   [Parallel Time: 2.6 ms, GC Workers: 18]
      [GC Worker Start (ms): Min: 7445.9, Avg: 7446.8, Max: 7447.6, Diff: 1.7]
      [Ext Root Scanning (ms): Min: 0.0, Avg: 0.0, Max: 0.2, Diff: 0.2, Sum: 0.5]
      [Update RS (ms): Min: 0.0, Avg: 0.0, Max: 0.0, Diff: 0.0, Sum: 0.0]
         [Processed Buffers: Min: 0, Avg: 0.2, Max: 1, Diff: 1, Sum: 3]
      [Scan RS (ms): Min: 0.0, Avg: 0.0, Max: 0.0, Diff: 0.0, Sum: 0.0]
      [Code Root Scanning (ms): Min: 0.0, Avg: 0.0, Max: 0.0, Diff: 0.0, Sum: 0.0]
      [Object Copy (ms): Min: 0.0, Avg: 0.0, Max: 0.1, Diff: 0.1, Sum: 0.5]
      [Termination (ms): Min: 0.0, Avg: 0.8, Max: 1.4, Diff: 1.4, Sum: 14.1]
         [Termination Attempts: Min: 1, Avg: 1.1, Max: 2, Diff: 1, Sum: 19]
      [GC Worker Other (ms): Min: 0.0, Avg: 0.0, Max: 0.0, Diff: 0.0, Sum: 0.1]
      [GC Worker Total (ms): Min: 0.0, Avg: 0.8, Max: 1.8, Diff: 1.8, Sum: 15.3]
      [GC Worker End (ms): Min: 7447.6, Avg: 7447.6, Max: 7447.8, Diff: 0.2]
   [Code Root Fixup: 0.0 ms]
   [Code Root Purge: 0.0 ms]
   [Clear CT: 1.2 ms]
   [Other: 3.6 ms]
      [Choose CSet: 0.0 ms]
      [Ref Proc: 2.2 ms]
      [Ref Enq: 0.0 ms]
      [Redirty Cards: 1.3 ms]
      [Humongous Register: 0.0 ms]
      [Humongous Reclaim: 0.0 ms]
      [Free CSet: 0.0 ms]
   [Eden: 11264.0K(11264.0K)->0.0B(2048.0K) Survivors: 3072.0K->1024.0K Heap: 47714.6K(65536.0K)->36947.7K(65536.0K)]
 [Times: user=0.02 sys=0.01, real=0.01 secs] 
2026-06-17T09:48:45.264+0800: 7.465: [GC pause (G1 Evacuation Pause) (mixed), 0.0134506 secs]
   [Parallel Time: 3.0 ms, GC Workers: 18]
      [GC Worker Start (ms): Min: 7465.3, Avg: 7466.4, Max: 7467.3, Diff: 2.1]
      [Ext Root Scanning (ms): Min: 0.0, Avg: 0.0, Max: 0.2, Diff: 0.2, Sum: 0.3]
      [Update RS (ms): Min: 0.0, Avg: 0.0, Max: 0.0, Diff: 0.0, Sum: 0.0]
         [Processed Buffers: Min: 0, Avg: 0.2, Max: 2, Diff: 2, Sum: 3]
      [Scan RS (ms): Min: 0.0, Avg: 0.0, Max: 0.0, Diff: 0.0, Sum: 0.0]
      [Code Root Scanning (ms): Min: 0.0, Avg: 0.0, Max: 0.0, Diff: 0.0, Sum: 0.0]
      [Object Copy (ms): Min: 0.0, Avg: 0.0, Max: 0.3, Diff: 0.3, Sum: 0.7]
      [Termination (ms): Min: 0.0, Avg: 0.9, Max: 1.9, Diff: 1.9, Sum: 16.3]
         [Termination Attempts: Min: 1, Avg: 1.0, Max: 1, Diff: 0, Sum: 18]
      [GC Worker Other (ms): Min: 0.0, Avg: 0.0, Max: 0.0, Diff: 0.0, Sum: 0.1]
      [GC Worker Total (ms): Min: 0.0, Avg: 1.0, Max: 2.1, Diff: 2.1, Sum: 17.4]
      [GC Worker End (ms): Min: 7467.3, Avg: 7467.4, Max: 7467.6, Diff: 0.2]
   [Code Root Fixup: 0.0 ms]
   [Code Root Purge: 0.0 ms]
   [Clear CT: 1.3 ms]
   [Other: 9.1 ms]
      [Choose CSet: 0.0 ms]
      [Ref Proc: 7.9 ms]
      [Ref Enq: 0.0 ms]
      [Redirty Cards: 1.1 ms]
      [Humongous Register: 0.0 ms]
      [Humongous Reclaim: 0.0 ms]
      [Free CSet: 0.0 ms]
   [Eden: 2048.0K(2048.0K)->0.0B(2048.0K) Survivors: 1024.0K->1024.0K Heap: 38995.7K(65536.0K)->35040.6K(65536.0K)]
 [Times: user=0.12 sys=0.00, real=0.01 secs] 
2026-06-17T09:48:45.279+0800: 7.480: [GC pause (G1 Evacuation Pause) (mixed), 0.0084035 secs]
   [Parallel Time: 3.2 ms, GC Workers: 18]
      [GC Worker Start (ms): Min: 7480.5, Avg: 7481.6, Max: 7482.9, Diff: 2.4]
      [Ext Root Scanning (ms): Min: 0.0, Avg: 0.0, Max: 0.2, Diff: 0.2, Sum: 0.5]
      [Update RS (ms): Min: 0.0, Avg: 0.0, Max: 0.0, Diff: 0.0, Sum: 0.0]
         [Processed Buffers: Min: 0, Avg: 0.2, Max: 2, Diff: 2, Sum: 4]
      [Scan RS (ms): Min: 0.0, Avg: 0.0, Max: 0.1, Diff: 0.1, Sum: 0.1]
      [Code Root Scanning (ms): Min: 0.0, Avg: 0.0, Max: 0.0, Diff: 0.0, Sum: 0.0]
      [Object Copy (ms): Min: 0.0, Avg: 0.1, Max: 0.2, Diff: 0.2, Sum: 1.0]
      [Termination (ms): Min: 0.0, Avg: 1.2, Max: 2.1, Diff: 2.1, Sum: 22.4]
         [Termination Attempts: Min: 1, Avg: 1.0, Max: 1, Diff: 0, Sum: 18]
      [GC Worker Other (ms): Min: 0.0, Avg: 0.0, Max: 0.0, Diff: 0.0, Sum: 0.1]
      [GC Worker Total (ms): Min: 0.0, Avg: 1.3, Max: 2.4, Diff: 2.4, Sum: 24.2]
      [GC Worker End (ms): Min: 7482.9, Avg: 7483.0, Max: 7483.1, Diff: 0.2]
   [Code Root Fixup: 0.0 ms]
   [Code Root Purge: 0.0 ms]
   [Clear CT: 1.8 ms]
   [Other: 3.4 ms]
      [Choose CSet: 0.0 ms]
      [Ref Proc: 2.5 ms]
      [Ref Enq: 0.0 ms]
      [Redirty Cards: 0.8 ms]
      [Humongous Register: 0.0 ms]
      [Humongous Reclaim: 0.0 ms]
      [Free CSet: 0.0 ms]
   [Eden: 2048.0K(2048.0K)->0.0B(14336.0K) Survivors: 1024.0K->1024.0K Heap: 37088.6K(65536.0K)->34593.6K(65536.0K)]
 [Times: user=0.04 sys=0.00, real=0.01 secs] 
2026-06-17T09:48:45.331+0800: 7.532: [GC pause (G1 Evacuation Pause) (young), 0.0185546 secs]
   [Parallel Time: 12.6 ms, GC Workers: 18]
      [GC Worker Start (ms): Min: 7532.1, Avg: 7537.7, Max: 7543.4, Diff: 11.3]
      [Ext Root Scanning (ms): Min: 0.0, Avg: 0.0, Max: 0.2, Diff: 0.2, Sum: 0.3]
      [Update RS (ms): Min: 0.0, Avg: 0.0, Max: 0.1, Diff: 0.1, Sum: 0.2]
         [Processed Buffers: Min: 0, Avg: 0.3, Max: 2, Diff: 2, Sum: 5]
      [Scan RS (ms): Min: 0.0, Avg: 0.0, Max: 0.0, Diff: 0.0, Sum: 0.0]
      [Code Root Scanning (ms): Min: 0.0, Avg: 0.0, Max: 0.0, Diff: 0.0, Sum: 0.0]
      [Object Copy (ms): Min: 0.0, Avg: 0.0, Max: 0.2, Diff: 0.2, Sum: 0.7]
      [Termination (ms): Min: 0.0, Avg: 5.8, Max: 11.0, Diff: 11.0, Sum: 103.8]
         [Termination Attempts: Min: 1, Avg: 1.0, Max: 1, Diff: 0, Sum: 18]
      [GC Worker Other (ms): Min: 0.0, Avg: 0.0, Max: 0.0, Diff: 0.0, Sum: 0.1]
      [GC Worker Total (ms): Min: 0.0, Avg: 5.8, Max: 11.4, Diff: 11.4, Sum: 105.1]
      [GC Worker End (ms): Min: 7543.4, Avg: 7543.5, Max: 7543.6, Diff: 0.2]
   [Code Root Fixup: 0.0 ms]
   [Code Root Purge: 0.0 ms]
   [Clear CT: 1.5 ms]
   [Other: 4.5 ms]
      [Choose CSet: 0.0 ms]
      [Ref Proc: 3.1 ms]
      [Ref Enq: 0.0 ms]
      [Redirty Cards: 1.3 ms]
      [Humongous Register: 0.0 ms]
      [Humongous Reclaim: 0.0 ms]
      [Free CSet: 0.0 ms]
   [Eden: 14336.0K(14336.0K)->0.0B(11264.0K) Survivors: 1024.0K->2048.0K Heap: 48929.6K(65536.0K)->38513.6K(65536.0K)]
 [Times: user=0.13 sys=0.01, real=0.01 secs] 
2026-06-17T09:48:45.372+0800: 7.573: [GC pause (G1 Evacuation Pause) (young) (initial-mark), 0.0141653 secs]
   [Parallel Time: 10.3 ms, GC Workers: 18]
      [GC Worker Start (ms): Min: 7573.3, Avg: 7573.6, Max: 7573.9, Diff: 0.7]
      [Ext Root Scanning (ms): Min: 0.0, Avg: 2.8, Max: 8.7, Diff: 8.7, Sum: 50.4]
      [Update RS (ms): Min: 0.0, Avg: 0.0, Max: 0.0, Diff: 0.0, Sum: 0.0]
         [Processed Buffers: Min: 0, Avg: 0.2, Max: 3, Diff: 3, Sum: 3]
      [Scan RS (ms): Min: 0.0, Avg: 0.0, Max: 0.0, Diff: 0.0, Sum: 0.0]
      [Code Root Scanning (ms): Min: 0.0, Avg: 0.0, Max: 0.0, Diff: 0.0, Sum: 0.0]
      [Object Copy (ms): Min: 0.0, Avg: 0.0, Max: 0.3, Diff: 0.3, Sum: 0.9]
      [Termination (ms): Min: 0.0, Avg: 6.2, Max: 8.5, Diff: 8.5, Sum: 111.3]
         [Termination Attempts: Min: 1, Avg: 1.0, Max: 1, Diff: 0, Sum: 18]
      [GC Worker Other (ms): Min: 0.0, Avg: 0.0, Max: 0.0, Diff: 0.0, Sum: 0.1]
      [GC Worker Total (ms): Min: 8.7, Avg: 9.0, Max: 9.4, Diff: 0.7, Sum: 162.7]
      [GC Worker End (ms): Min: 7582.6, Avg: 7582.7, Max: 7582.8, Diff: 0.2]
   [Code Root Fixup: 0.0 ms]
   [Code Root Purge: 0.0 ms]
   [Clear CT: 1.2 ms]
   [Other: 2.7 ms]
      [Choose CSet: 0.0 ms]
      [Ref Proc: 1.9 ms]
      [Ref Enq: 0.0 ms]
      [Redirty Cards: 0.8 ms]
      [Humongous Register: 0.0 ms]
      [Humongous Reclaim: 0.0 ms]
      [Free CSet: 0.0 ms]
   [Eden: 11264.0K(11264.0K)->0.0B(7168.0K) Survivors: 2048.0K->2048.0K Heap: 49777.6K(65536.0K)->42687.6K(65536.0K)]
 [Times: user=0.13 sys=0.00, real=0.01 secs] 
2026-06-17T09:48:45.387+0800: 7.588: [GC concurrent-root-region-scan-start]
2026-06-17T09:48:45.387+0800: 7.589: [GC concurrent-root-region-scan-end, 0.0002540 secs]
2026-06-17T09:48:45.387+0800: 7.589: [GC concurrent-mark-start]
2026-06-17T09:48:45.388+0800: 7.589: [GC concurrent-mark-end, 0.0005085 secs]
2026-06-17T09:48:45.388+0800: 7.589: [GC remark 2026-06-17T09:48:45.388+0800: 7.590: [Finalize Marking, 0.0134602 secs] 2026-06-17T09:48:45.403+0800: 7.604: [GC ref-proc, 0.0007770 secs] 2026-06-17T09:48:45.404+0800: 7.605: [Unloading, 0.0024725 secs], 0.0195710 secs]
 [Times: user=0.16 sys=0.00, real=0.02 secs] 
2026-06-17T09:48:45.409+0800: 7.610: [GC cleanup 46754K->43682K(65536K), 0.0033054 secs]
 [Times: user=0.00 sys=0.00, real=0.01 secs] 
2026-06-17T09:48:45.414+0800: 7.615: [GC concurrent-cleanup-start]
2026-06-17T09:48:45.414+0800: 7.615: [GC concurrent-cleanup-end, 0.0000081 secs]
2026-06-17T09:48:45.424+0800: 7.625: [GC pause (G1 Evacuation Pause) (young), 0.0127835 secs]
   [Parallel Time: 7.8 ms, GC Workers: 18]
      [GC Worker Start (ms): Min: 7625.3, Avg: 7627.3, Max: 7632.3, Diff: 6.9]
      [Ext Root Scanning (ms): Min: 0.0, Avg: 0.0, Max: 0.2, Diff: 0.2, Sum: 0.4]
      [Update RS (ms): Min: 0.0, Avg: 0.0, Max: 0.0, Diff: 0.0, Sum: 0.0]
         [Processed Buffers: Min: 0, Avg: 0.2, Max: 2, Diff: 2, Sum: 4]
      [Scan RS (ms): Min: 0.0, Avg: 0.0, Max: 0.0, Diff: 0.0, Sum: 0.0]
      [Code Root Scanning (ms): Min: 0.0, Avg: 0.0, Max: 0.0, Diff: 0.0, Sum: 0.0]
      [Object Copy (ms): Min: 0.0, Avg: 0.0, Max: 0.2, Diff: 0.2, Sum: 0.6]
      [Termination (ms): Min: 0.0, Avg: 5.0, Max: 6.7, Diff: 6.7, Sum: 89.9]
         [Termination Attempts: Min: 1, Avg: 1.0, Max: 1, Diff: 0, Sum: 18]
      [GC Worker Other (ms): Min: 0.0, Avg: 0.0, Max: 0.0, Diff: 0.0, Sum: 0.1]
      [GC Worker Total (ms): Min: 0.0, Avg: 5.1, Max: 7.1, Diff: 7.0, Sum: 91.0]
      [GC Worker End (ms): Min: 7632.3, Avg: 7632.3, Max: 7632.4, Diff: 0.2]
   [Code Root Fixup: 0.0 ms]
   [Code Root Purge: 0.0 ms]
   [Clear CT: 0.9 ms]
   [Other: 4.0 ms]
      [Choose CSet: 0.0 ms]
      [Ref Proc: 3.1 ms]
      [Ref Enq: 0.0 ms]
      [Redirty Cards: 0.8 ms]
      [Humongous Register: 0.0 ms]
      [Humongous Reclaim: 0.0 ms]
      [Free CSet: 0.0 ms]
   [Eden: 7168.0K(7168.0K)->0.0B(1024.0K) Survivors: 2048.0K->2048.0K Heap: 46783.6K(65536.0K)->41700.6K(65536.0K)]
 [Times: user=0.12 sys=0.00, real=0.01 secs] 
2026-06-17T09:48:45.438+0800: 7.639: [GC pause (G1 Evacuation Pause) (mixed), 0.0058521 secs]
   [Parallel Time: 2.3 ms, GC Workers: 18]
      [GC Worker Start (ms): Min: 7639.4, Avg: 7640.4, Max: 7641.2, Diff: 1.7]
      [Ext Root Scanning (ms): Min: 0.0, Avg: 0.0, Max: 0.1, Diff: 0.1, Sum: 0.2]
      [Update RS (ms): Min: 0.0, Avg: 0.0, Max: 0.0, Diff: 0.0, Sum: 0.0]
         [Processed Buffers: Min: 0, Avg: 0.1, Max: 1, Diff: 1, Sum: 2]
      [Scan RS (ms): Min: 0.0, Avg: 0.0, Max: 0.0, Diff: 0.0, Sum: 0.0]
      [Code Root Scanning (ms): Min: 0.0, Avg: 0.0, Max: 0.0, Diff: 0.0, Sum: 0.0]
      [Object Copy (ms): Min: 0.0, Avg: 0.1, Max: 0.3, Diff: 0.3, Sum: 0.9]
      [Termination (ms): Min: 0.0, Avg: 0.8, Max: 1.5, Diff: 1.5, Sum: 13.6]
         [Termination Attempts: Min: 1, Avg: 1.0, Max: 1, Diff: 0, Sum: 18]
      [GC Worker Other (ms): Min: 0.0, Avg: 0.0, Max: 0.0, Diff: 0.0, Sum: 0.1]
      [GC Worker Total (ms): Min: 0.0, Avg: 0.8, Max: 1.9, Diff: 1.8, Sum: 14.8]
      [GC Worker End (ms): Min: 7641.2, Avg: 7641.2, Max: 7641.4, Diff: 0.2]
   [Code Root Fixup: 0.0 ms]
   [Code Root Purge: 0.0 ms]
   [Clear CT: 0.8 ms]
   [Other: 2.8 ms]
      [Choose CSet: 0.0 ms]
      [Ref Proc: 2.0 ms]
      [Ref Enq: 0.0 ms]
      [Redirty Cards: 0.7 ms]
      [Humongous Register: 0.0 ms]
      [Humongous Reclaim: 0.0 ms]
      [Free CSet: 0.0 ms]
   [Eden: 1024.0K(1024.0K)->0.0B(2048.0K) Survivors: 2048.0K->1024.0K Heap: 42724.6K(65536.0K)->38211.0K(65536.0K)]
 [Times: user=0.03 sys=0.01, real=0.01 secs] 
2026-06-17T09:48:45.456+0800: 7.657: [GC pause (G1 Evacuation Pause) (mixed), 0.0064471 secs]
   [Parallel Time: 2.8 ms, GC Workers: 18]
      [GC Worker Start (ms): Min: 7656.9, Avg: 7658.0, Max: 7658.8, Diff: 1.9]
      [Ext Root Scanning (ms): Min: 0.0, Avg: 0.0, Max: 0.2, Diff: 0.2, Sum: 0.3]
      [Update RS (ms): Min: 0.0, Avg: 0.0, Max: 0.0, Diff: 0.0, Sum: 0.1]
         [Processed Buffers: Min: 0, Avg: 0.3, Max: 3, Diff: 3, Sum: 5]
      [Scan RS (ms): Min: 0.0, Avg: 0.0, Max: 0.0, Diff: 0.0, Sum: 0.0]
      [Code Root Scanning (ms): Min: 0.0, Avg: 0.0, Max: 0.0, Diff: 0.0, Sum: 0.0]
      [Object Copy (ms): Min: 0.0, Avg: 0.1, Max: 0.3, Diff: 0.3, Sum: 1.1]
      [Termination (ms): Min: 0.0, Avg: 0.8, Max: 1.6, Diff: 1.6, Sum: 14.7]
         [Termination Attempts: Min: 1, Avg: 1.0, Max: 1, Diff: 0, Sum: 18]
      [GC Worker Other (ms): Min: 0.0, Avg: 0.0, Max: 0.0, Diff: 0.0, Sum: 0.1]
      [GC Worker Total (ms): Min: 0.0, Avg: 0.9, Max: 2.1, Diff: 2.1, Sum: 16.2]
      [GC Worker End (ms): Min: 7658.8, Avg: 7658.9, Max: 7659.0, Diff: 0.2]
   [Code Root Fixup: 0.0 ms]
   [Code Root Purge: 0.0 ms]
   [Clear CT: 0.8 ms]
   [Other: 2.8 ms]
      [Choose CSet: 0.0 ms]
      [Ref Proc: 1.9 ms]
      [Ref Enq: 0.0 ms]
      [Redirty Cards: 0.8 ms]
      [Humongous Register: 0.0 ms]
      [Humongous Reclaim: 0.0 ms]
      [Free CSet: 0.0 ms]
   [Eden: 2048.0K(2048.0K)->0.0B(2048.0K) Survivors: 1024.0K->1024.0K Heap: 40259.0K(65536.0K)->38681.6K(65536.0K)]
 [Times: user=0.03 sys=0.00, real=0.01 secs] 
2026-06-17T09:48:45.463+0800: 7.665: [GC pause (G1 Evacuation Pause) (mixed), 0.0116199 secs]
   [Parallel Time: 6.9 ms, GC Workers: 18]
      [GC Worker Start (ms): Min: 7664.7, Avg: 7666.4, Max: 7670.8, Diff: 6.1]
      [Ext Root Scanning (ms): Min: 0.0, Avg: 0.0, Max: 0.2, Diff: 0.2, Sum: 0.4]
      [Update RS (ms): Min: 0.0, Avg: 0.0, Max: 0.0, Diff: 0.0, Sum: 0.0]
         [Processed Buffers: Min: 0, Avg: 0.3, Max: 3, Diff: 3, Sum: 5]
      [Scan RS (ms): Min: 0.0, Avg: 0.0, Max: 0.0, Diff: 0.0, Sum: 0.1]
      [Code Root Scanning (ms): Min: 0.0, Avg: 0.0, Max: 0.0, Diff: 0.0, Sum: 0.0]
      [Object Copy (ms): Min: 0.0, Avg: 0.1, Max: 0.3, Diff: 0.3, Sum: 0.9]
      [Termination (ms): Min: 0.0, Avg: 4.4, Max: 5.8, Diff: 5.8, Sum: 78.4]
         [Termination Attempts: Min: 1, Avg: 1.0, Max: 1, Diff: 0, Sum: 18]
      [GC Worker Other (ms): Min: 0.0, Avg: 0.0, Max: 0.0, Diff: 0.0, Sum: 0.1]
      [GC Worker Total (ms): Min: 0.0, Avg: 4.4, Max: 6.2, Diff: 6.2, Sum: 79.8]
      [GC Worker End (ms): Min: 7670.8, Avg: 7670.9, Max: 7670.9, Diff: 0.1]
   [Code Root Fixup: 0.0 ms]
   [Code Root Purge: 0.0 ms]
   [Clear CT: 0.9 ms]
   [Other: 3.9 ms]
      [Choose CSet: 0.0 ms]
      [Ref Proc: 3.1 ms]
      [Ref Enq: 0.0 ms]
      [Redirty Cards: 0.8 ms]
      [Humongous Register: 0.0 ms]
      [Humongous Reclaim: 0.0 ms]
      [Free CSet: 0.0 ms]
   [Eden: 2048.0K(2048.0K)->0.0B(11264.0K) Survivors: 1024.0K->1024.0K Heap: 40729.6K(65536.0K)->38126.6K(65536.0K)]
 [Times: user=0.10 sys=0.00, real=0.01 secs] 
2026-06-17T09:48:45.508+0800: 7.709: [GC pause (G1 Evacuation Pause) (young), 0.0129550 secs]
   [Parallel Time: 8.1 ms, GC Workers: 18]
      [GC Worker Start (ms): Min: 7709.0, Avg: 7710.8, Max: 7716.3, Diff: 7.3]
      [Ext Root Scanning (ms): Min: 0.0, Avg: 0.0, Max: 0.2, Diff: 0.2, Sum: 0.4]
      [Update RS (ms): Min: 0.0, Avg: 0.0, Max: 0.1, Diff: 0.1, Sum: 0.2]
         [Processed Buffers: Min: 0, Avg: 0.3, Max: 2, Diff: 2, Sum: 5]
      [Scan RS (ms): Min: 0.0, Avg: 0.0, Max: 0.0, Diff: 0.0, Sum: 0.0]
      [Code Root Scanning (ms): Min: 0.0, Avg: 0.0, Max: 0.0, Diff: 0.0, Sum: 0.0]
      [Object Copy (ms): Min: 0.0, Avg: 0.0, Max: 0.2, Diff: 0.2, Sum: 0.7]
      [Termination (ms): Min: 0.0, Avg: 5.5, Max: 7.1, Diff: 7.1, Sum: 99.7]
         [Termination Attempts: Min: 1, Avg: 1.0, Max: 1, Diff: 0, Sum: 18]
      [GC Worker Other (ms): Min: 0.0, Avg: 0.0, Max: 0.0, Diff: 0.0, Sum: 0.1]
      [GC Worker Total (ms): Min: 0.0, Avg: 5.6, Max: 7.3, Diff: 7.3, Sum: 101.1]
      [GC Worker End (ms): Min: 7716.3, Avg: 7716.4, Max: 7716.6, Diff: 0.2]
   [Code Root Fixup: 0.0 ms]
   [Code Root Purge: 0.0 ms]
   [Clear CT: 1.4 ms]
   [Other: 3.5 ms]
      [Choose CSet: 0.0 ms]
      [Ref Proc: 2.4 ms]
      [Ref Enq: 0.0 ms]
      [Redirty Cards: 1.0 ms]
      [Humongous Register: 0.0 ms]
      [Humongous Reclaim: 0.0 ms]
      [Free CSet: 0.0 ms]
   [Eden: 11264.0K(11264.0K)->0.0B(8192.0K) Survivors: 1024.0K->2048.0K Heap: 49390.6K(65536.0K)->42794.6K(65536.0K)]
 [Times: user=0.11 sys=0.02, real=0.01 secs] 
2026-06-17T09:48:45.532+0800: 7.734: [GC pause (G1 Humongous Allocation) (young) (initial-mark), 0.0141617 secs]
   [Parallel Time: 8.9 ms, GC Workers: 18]
      [GC Worker Start (ms): Min: 7733.8, Avg: 7734.2, Max: 7734.6, Diff: 0.8]
      [Ext Root Scanning (ms): Min: 0.0, Avg: 1.7, Max: 7.4, Diff: 7.3, Sum: 29.8]
      [Update RS (ms): Min: 0.0, Avg: 0.0, Max: 0.0, Diff: 0.0, Sum: 0.1]
         [Processed Buffers: Min: 0, Avg: 0.2, Max: 4, Diff: 4, Sum: 4]
      [Scan RS (ms): Min: 0.0, Avg: 0.0, Max: 0.0, Diff: 0.0, Sum: 0.0]
      [Code Root Scanning (ms): Min: 0.0, Avg: 0.0, Max: 0.0, Diff: 0.0, Sum: 0.0]
      [Object Copy (ms): Min: 0.0, Avg: 0.0, Max: 0.1, Diff: 0.1, Sum: 0.2]
      [Termination (ms): Min: 0.0, Avg: 6.0, Max: 7.3, Diff: 7.3, Sum: 108.6]
         [Termination Attempts: Min: 1, Avg: 1.0, Max: 1, Diff: 0, Sum: 18]
      [GC Worker Other (ms): Min: 0.0, Avg: 0.0, Max: 0.0, Diff: 0.0, Sum: 0.1]
      [GC Worker Total (ms): Min: 7.4, Avg: 7.7, Max: 8.1, Diff: 0.7, Sum: 138.8]
      [GC Worker End (ms): Min: 7741.9, Avg: 7741.9, Max: 7742.0, Diff: 0.2]
   [Code Root Fixup: 0.0 ms]
   [Code Root Purge: 0.0 ms]
   [Clear CT: 1.3 ms]
   [Other: 3.9 ms]
      [Choose CSet: 0.0 ms]
      [Ref Proc: 2.5 ms]
      [Ref Enq: 0.0 ms]
      [Redirty Cards: 1.4 ms]
      [Humongous Register: 0.0 ms]
      [Humongous Reclaim: 0.0 ms]
      [Free CSet: 0.0 ms]
   [Eden: 6144.0K(8192.0K)->0.0B(8192.0K) Survivors: 2048.0K->0.0B Heap: 48481.8K(65536.0K)->41973.6K(65536.0K)]
 [Times: user=0.12 sys=0.01, real=0.01 secs] 
2026-06-17T09:48:45.548+0800: 7.749: [GC concurrent-root-region-scan-start]
2026-06-17T09:48:45.548+0800: 7.749: [GC concurrent-root-region-scan-end, 0.0000096 secs]
2026-06-17T09:48:45.548+0800: 7.749: [GC concurrent-mark-start]
2026-06-17T09:48:45.548+0800: 7.750: [GC concurrent-mark-end, 0.0005593 secs]
2026-06-17T09:48:45.549+0800: 7.750: [GC remark 2026-06-17T09:48:45.549+0800: 7.750: [Finalize Marking, 0.0031334 secs] 2026-06-17T09:48:45.553+0800: 7.754: [GC ref-proc, 0.0006148 secs] 2026-06-17T09:48:45.554+0800: 7.755: [Unloading, 0.0021110 secs], 0.0086186 secs]
 [Times: user=0.02 sys=0.01, real=0.01 secs] 
2026-06-17T09:48:45.558+0800: 7.759: [GC cleanup 44094K->42926K(65536K), 0.0032228 secs]
 [Times: user=0.00 sys=0.00, real=0.00 secs] 
2026-06-17T09:48:45.563+0800: 7.764: [GC concurrent-cleanup-start]
2026-06-17T09:48:45.563+0800: 7.764: [GC concurrent-cleanup-end, 0.0000129 secs]
2026-06-17T09:48:45.573+0800: 7.775: [GC pause (G1 Evacuation Pause) (young), 0.0104859 secs]
   [Parallel Time: 6.7 ms, GC Workers: 18]
      [GC Worker Start (ms): Min: 7774.7, Avg: 7776.0, Max: 7780.6, Diff: 5.9]
      [Ext Root Scanning (ms): Min: 0.0, Avg: 0.0, Max: 0.2, Diff: 0.2, Sum: 0.2]
      [Update RS (ms): Min: 0.0, Avg: 0.0, Max: 0.0, Diff: 0.0, Sum: 0.0]
         [Processed Buffers: Min: 0, Avg: 0.2, Max: 2, Diff: 2, Sum: 3]
      [Scan RS (ms): Min: 0.0, Avg: 0.0, Max: 0.0, Diff: 0.0, Sum: 0.0]
      [Code Root Scanning (ms): Min: 0.0, Avg: 0.0, Max: 0.0, Diff: 0.0, Sum: 0.0]
      [Object Copy (ms): Min: 0.0, Avg: 0.0, Max: 0.2, Diff: 0.2, Sum: 0.6]
      [Termination (ms): Min: 0.0, Avg: 4.6, Max: 5.7, Diff: 5.7, Sum: 83.0]
         [Termination Attempts: Min: 1, Avg: 1.0, Max: 1, Diff: 0, Sum: 18]
      [GC Worker Other (ms): Min: 0.0, Avg: 0.0, Max: 0.0, Diff: 0.0, Sum: 0.1]
      [GC Worker Total (ms): Min: 0.0, Avg: 4.7, Max: 5.9, Diff: 5.9, Sum: 84.0]
      [GC Worker End (ms): Min: 7780.6, Avg: 7780.7, Max: 7780.8, Diff: 0.2]
   [Code Root Fixup: 0.0 ms]
   [Code Root Purge: 0.0 ms]
   [Clear CT: 0.9 ms]
   [Other: 2.8 ms]
      [Choose CSet: 0.0 ms]
      [Ref Proc: 2.0 ms]
      [Ref Enq: 0.0 ms]
      [Redirty Cards: 0.8 ms]
      [Humongous Register: 0.0 ms]
      [Humongous Reclaim: 0.0 ms]
      [Free CSet: 0.0 ms]
   [Eden: 8192.0K(8192.0K)->0.0B(2048.0K) Survivors: 0.0B->1024.0K Heap: 50098.1K(65536.0K)->46483.6K(65536.0K)]
 [Times: user=0.10 sys=0.00, real=0.01 secs] 
2026-06-17T09:48:45.595+0800: 7.797: [GC pause (G1 Evacuation Pause) (mixed), 0.0097162 secs]
   [Parallel Time: 2.6 ms, GC Workers: 18]
      [GC Worker Start (ms): Min: 7796.7, Avg: 7797.8, Max: 7798.7, Diff: 2.0]
      [Ext Root Scanning (ms): Min: 0.0, Avg: 0.0, Max: 0.2, Diff: 0.2, Sum: 0.3]
      [Update RS (ms): Min: 0.0, Avg: 0.0, Max: 0.0, Diff: 0.0, Sum: 0.0]
         [Processed Buffers: Min: 0, Avg: 0.1, Max: 1, Diff: 1, Sum: 2]
      [Scan RS (ms): Min: 0.0, Avg: 0.0, Max: 0.0, Diff: 0.0, Sum: 0.0]
      [Code Root Scanning (ms): Min: 0.0, Avg: 0.0, Max: 0.0, Diff: 0.0, Sum: 0.0]
      [Object Copy (ms): Min: 0.0, Avg: 0.0, Max: 0.2, Diff: 0.2, Sum: 0.4]
      [Termination (ms): Min: 0.0, Avg: 0.9, Max: 1.6, Diff: 1.6, Sum: 16.0]
         [Termination Attempts: Min: 1, Avg: 1.0, Max: 1, Diff: 0, Sum: 18]
      [GC Worker Other (ms): Min: 0.0, Avg: 0.0, Max: 0.0, Diff: 0.0, Sum: 0.1]
      [GC Worker Total (ms): Min: 0.0, Avg: 0.9, Max: 2.0, Diff: 2.0, Sum: 16.9]
      [GC Worker End (ms): Min: 7798.7, Avg: 7798.7, Max: 7798.9, Diff: 0.2]
   [Code Root Fixup: 0.0 ms]
   [Code Root Purge: 0.0 ms]
   [Clear CT: 0.6 ms]
   [Other: 6.6 ms]
      [Choose CSet: 0.0 ms]
      [Ref Proc: 6.0 ms]
      [Ref Enq: 0.0 ms]
      [Redirty Cards: 0.5 ms]
      [Humongous Register: 0.0 ms]
      [Humongous Reclaim: 0.0 ms]
      [Free CSet: 0.0 ms]
   [Eden: 2048.0K(2048.0K)->0.0B(2048.0K) Survivors: 1024.0K->1024.0K Heap: 48531.6K(65536.0K)->41832.4K(65536.0K)]
 [Times: user=0.10 sys=0.00, real=0.01 secs] 
2026-06-17T09:48:45.606+0800: 7.808: [GC pause (G1 Evacuation Pause) (mixed), 0.0077014 secs]
   [Parallel Time: 3.5 ms, GC Workers: 18]
      [GC Worker Start (ms): Min: 7807.8, Avg: 7808.7, Max: 7811.0, Diff: 3.2]
      [Ext Root Scanning (ms): Min: 0.0, Avg: 0.0, Max: 0.2, Diff: 0.2, Sum: 0.4]
      [Update RS (ms): Min: 0.0, Avg: 0.0, Max: 0.0, Diff: 0.0, Sum: 0.0]
         [Processed Buffers: Min: 0, Avg: 0.2, Max: 1, Diff: 1, Sum: 3]
      [Scan RS (ms): Min: 0.0, Avg: 0.0, Max: 0.0, Diff: 0.0, Sum: 0.0]
      [Code Root Scanning (ms): Min: 0.0, Avg: 0.0, Max: 0.0, Diff: 0.0, Sum: 0.0]
      [Object Copy (ms): Min: 0.0, Avg: 0.0, Max: 0.2, Diff: 0.2, Sum: 0.7]
      [Termination (ms): Min: 0.0, Avg: 2.3, Max: 2.9, Diff: 2.9, Sum: 41.2]
         [Termination Attempts: Min: 1, Avg: 1.0, Max: 1, Diff: 0, Sum: 18]
      [GC Worker Other (ms): Min: 0.0, Avg: 0.0, Max: 0.0, Diff: 0.0, Sum: 0.1]
      [GC Worker Total (ms): Min: 0.0, Avg: 2.4, Max: 3.3, Diff: 3.3, Sum: 42.5]
      [GC Worker End (ms): Min: 7811.0, Avg: 7811.0, Max: 7811.1, Diff: 0.2]
   [Code Root Fixup: 0.0 ms]
   [Code Root Purge: 0.0 ms]
   [Clear CT: 1.1 ms]
   [Other: 3.1 ms]
      [Choose CSet: 0.0 ms]
      [Ref Proc: 2.2 ms]
      [Ref Enq: 0.0 ms]
      [Redirty Cards: 0.8 ms]
      [Humongous Register: 0.0 ms]
      [Humongous Reclaim: 0.0 ms]
      [Free CSet: 0.0 ms]
   [Eden: 2048.0K(2048.0K)->0.0B(2048.0K) Survivors: 1024.0K->1024.0K Heap: 43880.4K(65536.0K)->39332.6K(65536.0K)]
 [Times: user=0.06 sys=0.00, real=0.01 secs] 
2026-06-17T09:48:45.625+0800: 7.827: [GC pause (G1 Evacuation Pause) (mixed), 0.0097747 secs]
   [Parallel Time: 6.1 ms, GC Workers: 18]
      [GC Worker Start (ms): Min: 7826.8, Avg: 7828.0, Max: 7832.3, Diff: 5.5]
      [Ext Root Scanning (ms): Min: 0.0, Avg: 0.0, Max: 0.2, Diff: 0.2, Sum: 0.4]
      [Update RS (ms): Min: 0.0, Avg: 0.0, Max: 0.0, Diff: 0.0, Sum: 0.0]
         [Processed Buffers: Min: 0, Avg: 0.3, Max: 2, Diff: 2, Sum: 6]
      [Scan RS (ms): Min: 0.0, Avg: 0.0, Max: 0.0, Diff: 0.0, Sum: 0.0]
      [Code Root Scanning (ms): Min: 0.0, Avg: 0.0, Max: 0.0, Diff: 0.0, Sum: 0.0]
      [Object Copy (ms): Min: 0.0, Avg: 0.0, Max: 0.2, Diff: 0.2, Sum: 0.9]
      [Termination (ms): Min: 0.0, Avg: 4.3, Max: 5.2, Diff: 5.2, Sum: 76.5]
         [Termination Attempts: Min: 1, Avg: 1.0, Max: 1, Diff: 0, Sum: 18]
      [GC Worker Other (ms): Min: 0.0, Avg: 0.0, Max: 0.0, Diff: 0.0, Sum: 0.1]
      [GC Worker Total (ms): Min: 0.0, Avg: 4.3, Max: 5.5, Diff: 5.5, Sum: 77.9]
      [GC Worker End (ms): Min: 7832.3, Avg: 7832.3, Max: 7832.4, Diff: 0.2]
   [Code Root Fixup: 0.0 ms]
   [Code Root Purge: 0.0 ms]
   [Clear CT: 0.9 ms]
   [Other: 2.7 ms]
      [Choose CSet: 0.0 ms]
      [Ref Proc: 1.9 ms]
      [Ref Enq: 0.0 ms]
      [Redirty Cards: 0.8 ms]
      [Humongous Register: 0.0 ms]
      [Humongous Reclaim: 0.0 ms]
      [Free CSet: 0.0 ms]
   [Eden: 2048.0K(2048.0K)->0.0B(10240.0K) Survivors: 1024.0K->1024.0K Heap: 41380.6K(65536.0K)->38704.6K(65536.0K)]
 [Times: user=0.10 sys=0.00, real=0.01 secs] 
2026-06-17T09:48:45.657+0800: 7.859: [GC pause (G1 Evacuation Pause) (young), 0.0133159 secs]
   [Parallel Time: 8.3 ms, GC Workers: 18]
      [GC Worker Start (ms): Min: 7858.6, Avg: 7860.0, Max: 7866.1, Diff: 7.5]
      [Ext Root Scanning (ms): Min: 0.0, Avg: 0.0, Max: 0.2, Diff: 0.2, Sum: 0.3]
      [Update RS (ms): Min: 0.0, Avg: 0.0, Max: 0.0, Diff: 0.0, Sum: 0.0]
         [Processed Buffers: Min: 0, Avg: 0.2, Max: 3, Diff: 3, Sum: 4]
      [Scan RS (ms): Min: 0.0, Avg: 0.0, Max: 0.0, Diff: 0.0, Sum: 0.0]
      [Code Root Scanning (ms): Min: 0.0, Avg: 0.0, Max: 0.0, Diff: 0.0, Sum: 0.0]
      [Object Copy (ms): Min: 0.0, Avg: 0.0, Max: 0.2, Diff: 0.2, Sum: 0.6]
      [Termination (ms): Min: 0.0, Avg: 6.1, Max: 7.3, Diff: 7.3, Sum: 110.2]
         [Termination Attempts: Min: 1, Avg: 1.0, Max: 1, Diff: 0, Sum: 18]
      [GC Worker Other (ms): Min: 0.0, Avg: 0.0, Max: 0.0, Diff: 0.0, Sum: 0.1]
      [GC Worker Total (ms): Min: 0.0, Avg: 6.2, Max: 7.6, Diff: 7.6, Sum: 111.2]
      [GC Worker End (ms): Min: 7866.1, Avg: 7866.2, Max: 7866.3, Diff: 0.2]
   [Code Root Fixup: 0.0 ms]
   [Code Root Purge: 0.0 ms]
   [Clear CT: 1.3 ms]
   [Other: 3.6 ms]
      [Choose CSet: 0.0 ms]
      [Ref Proc: 2.2 ms]
      [Ref Enq: 0.0 ms]
      [Redirty Cards: 1.4 ms]
      [Humongous Register: 0.0 ms]
      [Humongous Reclaim: 0.0 ms]
      [Free CSet: 0.0 ms]
   [Eden: 10240.0K(10240.0K)->0.0B(7168.0K) Survivors: 1024.0K->2048.0K Heap: 48944.6K(65536.0K)->42320.6K(65536.0K)]
 [Times: user=0.13 sys=0.00, real=0.02 secs] 
2026-06-17T09:48:45.693+0800: 7.894: [GC pause (G1 Evacuation Pause) (young) (initial-mark), 0.0100035 secs]
   [Parallel Time: 5.1 ms, GC Workers: 18]
      [GC Worker Start (ms): Min: 7894.5, Avg: 7895.0, Max: 7895.4, Diff: 0.9]
      [Ext Root Scanning (ms): Min: 0.0, Avg: 1.2, Max: 3.4, Diff: 3.3, Sum: 22.5]
      [Update RS (ms): Min: 0.0, Avg: 0.0, Max: 0.0, Diff: 0.0, Sum: 0.0]
         [Processed Buffers: Min: 0, Avg: 0.2, Max: 3, Diff: 3, Sum: 3]
      [Scan RS (ms): Min: 0.0, Avg: 0.0, Max: 0.0, Diff: 0.0, Sum: 0.0]
      [Code Root Scanning (ms): Min: 0.0, Avg: 0.0, Max: 0.0, Diff: 0.0, Sum: 0.0]
      [Object Copy (ms): Min: 0.0, Avg: 0.0, Max: 0.2, Diff: 0.2, Sum: 0.5]
      [Termination (ms): Min: 0.0, Avg: 2.5, Max: 3.2, Diff: 3.2, Sum: 45.4]
         [Termination Attempts: Min: 1, Avg: 1.0, Max: 1, Diff: 0, Sum: 18]
      [GC Worker Other (ms): Min: 0.0, Avg: 0.0, Max: 0.0, Diff: 0.0, Sum: 0.1]
      [GC Worker Total (ms): Min: 3.4, Avg: 3.8, Max: 4.3, Diff: 1.0, Sum: 68.4]
      [GC Worker End (ms): Min: 7898.7, Avg: 7898.8, Max: 7898.9, Diff: 0.1]
   [Code Root Fixup: 0.0 ms]
   [Code Root Purge: 0.0 ms]
   [Clear CT: 1.8 ms]
   [Other: 3.2 ms]
      [Choose CSet: 0.0 ms]
      [Ref Proc: 1.7 ms]
      [Ref Enq: 0.0 ms]
      [Redirty Cards: 1.4 ms]
      [Humongous Register: 0.0 ms]
      [Humongous Reclaim: 0.0 ms]
      [Free CSet: 0.0 ms]
   [Eden: 7168.0K(7168.0K)->0.0B(6144.0K) Survivors: 2048.0K->2048.0K Heap: 49488.6K(65536.0K)->43676.6K(65536.0K)]
 [Times: user=0.05 sys=0.01, real=0.01 secs] 
2026-06-17T09:48:45.704+0800: 7.906: [GC concurrent-root-region-scan-start]
2026-06-17T09:48:45.705+0800: 7.906: [GC concurrent-root-region-scan-end, 0.0003287 secs]
2026-06-17T09:48:45.705+0800: 7.906: [GC concurrent-mark-start]
2026-06-17T09:48:45.705+0800: 7.906: [GC concurrent-mark-end, 0.0004010 secs]
2026-06-17T09:48:45.705+0800: 7.906: [GC remark 2026-06-17T09:48:45.706+0800: 7.907: [Finalize Marking, 0.0026368 secs] 2026-06-17T09:48:45.709+0800: 7.910: [GC ref-proc, 0.0006680 secs] 2026-06-17T09:48:45.710+0800: 7.911: [Unloading, 0.0018409 secs], 0.0078614 secs]
 [Times: user=0.01 sys=0.01, real=0.01 secs] 
2026-06-17T09:48:45.714+0800: 7.915: [GC cleanup 46820K->40676K(65536K), 0.0036340 secs]
 [Times: user=0.00 sys=0.00, real=0.00 secs] 
2026-06-17T09:48:45.719+0800: 7.920: [GC concurrent-cleanup-start]
2026-06-17T09:48:45.719+0800: 7.920: [GC concurrent-cleanup-end, 0.0000086 secs]
2026-06-17T09:48:45.719+0800: 7.920: [GC pause (G1 Evacuation Pause) (young), 0.0103360 secs]
   [Parallel Time: 6.5 ms, GC Workers: 18]
      [GC Worker Start (ms): Min: 7920.3, Avg: 7921.4, Max: 7926.3, Diff: 5.9]
      [Ext Root Scanning (ms): Min: 0.0, Avg: 0.0, Max: 0.2, Diff: 0.2, Sum: 0.5]
      [Update RS (ms): Min: 0.0, Avg: 0.0, Max: 0.0, Diff: 0.0, Sum: 0.0]
         [Processed Buffers: Min: 0, Avg: 0.2, Max: 1, Diff: 1, Sum: 3]
      [Scan RS (ms): Min: 0.0, Avg: 0.0, Max: 0.0, Diff: 0.0, Sum: 0.0]
      [Code Root Scanning (ms): Min: 0.0, Avg: 0.0, Max: 0.0, Diff: 0.0, Sum: 0.0]
      [Object Copy (ms): Min: 0.0, Avg: 0.0, Max: 0.1, Diff: 0.1, Sum: 0.6]
      [Termination (ms): Min: 0.0, Avg: 4.9, Max: 5.8, Diff: 5.8, Sum: 88.1]
         [Termination Attempts: Min: 1, Avg: 1.0, Max: 1, Diff: 0, Sum: 18]
      [GC Worker Other (ms): Min: 0.0, Avg: 0.0, Max: 0.0, Diff: 0.0, Sum: 0.1]
      [GC Worker Total (ms): Min: 0.0, Avg: 5.0, Max: 6.0, Diff: 6.0, Sum: 89.3]
      [GC Worker End (ms): Min: 7926.3, Avg: 7926.3, Max: 7926.5, Diff: 0.2]
   [Code Root Fixup: 0.0 ms]
   [Code Root Purge: 0.0 ms]
   [Clear CT: 0.9 ms]
   [Other: 3.0 ms]
      [Choose CSet: 0.0 ms]
      [Ref Proc: 2.1 ms]
      [Ref Enq: 0.0 ms]
      [Redirty Cards: 0.8 ms]
      [Humongous Register: 0.0 ms]
      [Humongous Reclaim: 0.0 ms]
      [Free CSet: 0.0 ms]
   [Eden: 6144.0K(6144.0K)->0.0B(2048.0K) Survivors: 2048.0K->1024.0K Heap: 43676.6K(65536.0K)->40320.6K(65536.0K)]
 [Times: user=0.11 sys=0.00, real=0.01 secs] 
2026-06-17T09:48:45.741+0800: 7.942: [GC pause (G1 Evacuation Pause) (mixed), 0.0105397 secs]
   [Parallel Time: 2.9 ms, GC Workers: 18]
      [GC Worker Start (ms): Min: 7942.1, Avg: 7943.3, Max: 7944.3, Diff: 2.1]
      [Ext Root Scanning (ms): Min: 0.0, Avg: 0.0, Max: 0.2, Diff: 0.2, Sum: 0.3]
      [Update RS (ms): Min: 0.0, Avg: 0.0, Max: 0.0, Diff: 0.0, Sum: 0.0]
         [Processed Buffers: Min: 0, Avg: 0.2, Max: 2, Diff: 2, Sum: 3]
      [Scan RS (ms): Min: 0.0, Avg: 0.0, Max: 0.0, Diff: 0.0, Sum: 0.0]
      [Code Root Scanning (ms): Min: 0.0, Avg: 0.0, Max: 0.0, Diff: 0.0, Sum: 0.0]
      [Object Copy (ms): Min: 0.0, Avg: 0.0, Max: 0.2, Diff: 0.2, Sum: 0.7]
      [Termination (ms): Min: 0.0, Avg: 0.9, Max: 1.8, Diff: 1.8, Sum: 16.8]
         [Termination Attempts: Min: 1, Avg: 1.0, Max: 1, Diff: 0, Sum: 18]
      [GC Worker Other (ms): Min: 0.0, Avg: 0.0, Max: 0.0, Diff: 0.0, Sum: 0.1]
      [GC Worker Total (ms): Min: 0.0, Avg: 1.0, Max: 2.2, Diff: 2.2, Sum: 18.0]
      [GC Worker End (ms): Min: 7944.3, Avg: 7944.3, Max: 7944.4, Diff: 0.1]
   [Code Root Fixup: 0.0 ms]
   [Code Root Purge: 0.0 ms]
   [Clear CT: 2.0 ms]
   [Other: 5.6 ms]
      [Choose CSet: 0.0 ms]
      [Ref Proc: 4.1 ms]
      [Ref Enq: 0.0 ms]
      [Redirty Cards: 1.5 ms]
      [Humongous Register: 0.0 ms]
      [Humongous Reclaim: 0.0 ms]
      [Free CSet: 0.0 ms]
   [Eden: 2048.0K(2048.0K)->0.0B(2048.0K) Survivors: 1024.0K->1024.0K Heap: 42368.6K(65536.0K)->38145.6K(65536.0K)]
 [Times: user=0.08 sys=0.00, real=0.02 secs] 
2026-06-17T09:48:45.753+0800: 7.954: [GC pause (G1 Evacuation Pause) (mixed), 0.0080038 secs]
   [Parallel Time: 4.1 ms, GC Workers: 18]
      [GC Worker Start (ms): Min: 7954.0, Avg: 7954.9, Max: 7957.6, Diff: 3.6]
      [Ext Root Scanning (ms): Min: 0.0, Avg: 0.0, Max: 0.2, Diff: 0.2, Sum: 0.4]
      [Update RS (ms): Min: 0.0, Avg: 0.0, Max: 0.0, Diff: 0.0, Sum: 0.0]
         [Processed Buffers: Min: 0, Avg: 0.2, Max: 2, Diff: 2, Sum: 4]
      [Scan RS (ms): Min: 0.0, Avg: 0.0, Max: 0.0, Diff: 0.0, Sum: 0.0]
      [Code Root Scanning (ms): Min: 0.0, Avg: 0.0, Max: 0.0, Diff: 0.0, Sum: 0.0]
      [Object Copy (ms): Min: 0.0, Avg: 0.0, Max: 0.2, Diff: 0.2, Sum: 0.7]
      [Termination (ms): Min: 0.0, Avg: 2.6, Max: 3.3, Diff: 3.3, Sum: 46.3]
         [Termination Attempts: Min: 1, Avg: 1.0, Max: 1, Diff: 0, Sum: 18]
      [GC Worker Other (ms): Min: 0.0, Avg: 0.0, Max: 0.0, Diff: 0.0, Sum: 0.1]
      [GC Worker Total (ms): Min: 0.0, Avg: 2.6, Max: 3.6, Diff: 3.6, Sum: 47.6]
      [GC Worker End (ms): Min: 7957.6, Avg: 7957.6, Max: 7957.7, Diff: 0.1]
   [Code Root Fixup: 0.0 ms]
   [Code Root Purge: 0.0 ms]
   [Clear CT: 1.2 ms]
   [Other: 2.7 ms]
      [Choose CSet: 0.0 ms]
      [Ref Proc: 1.8 ms]
      [Ref Enq: 0.0 ms]
      [Redirty Cards: 0.8 ms]
      [Humongous Register: 0.0 ms]
      [Humongous Reclaim: 0.0 ms]
      [Free CSet: 0.0 ms]
   [Eden: 2048.0K(2048.0K)->0.0B(2048.0K) Survivors: 1024.0K->1024.0K Heap: 40193.6K(65536.0K)->34757.7K(65536.0K)]
 [Times: user=0.06 sys=0.00, real=0.00 secs] 
2026-06-17T09:48:45.762+0800: 7.963: [GC pause (G1 Evacuation Pause) (mixed), 0.0058869 secs]
   [Parallel Time: 2.4 ms, GC Workers: 18]
      [GC Worker Start (ms): Min: 7963.2, Avg: 7964.1, Max: 7965.0, Diff: 1.8]
      [Ext Root Scanning (ms): Min: 0.0, Avg: 0.0, Max: 0.2, Diff: 0.2, Sum: 0.5]
      [Update RS (ms): Min: 0.0, Avg: 0.0, Max: 0.0, Diff: 0.0, Sum: 0.1]
         [Processed Buffers: Min: 0, Avg: 0.3, Max: 2, Diff: 2, Sum: 5]
      [Scan RS (ms): Min: 0.0, Avg: 0.0, Max: 0.0, Diff: 0.0, Sum: 0.1]
      [Code Root Scanning (ms): Min: 0.0, Avg: 0.0, Max: 0.0, Diff: 0.0, Sum: 0.0]
      [Object Copy (ms): Min: 0.0, Avg: 0.0, Max: 0.1, Diff: 0.1, Sum: 0.3]
      [Termination (ms): Min: 0.0, Avg: 0.9, Max: 1.6, Diff: 1.6, Sum: 16.6]
         [Termination Attempts: Min: 1, Avg: 1.0, Max: 1, Diff: 0, Sum: 18]
      [GC Worker Other (ms): Min: 0.0, Avg: 0.0, Max: 0.0, Diff: 0.0, Sum: 0.1]
      [GC Worker Total (ms): Min: 0.0, Avg: 1.0, Max: 1.8, Diff: 1.8, Sum: 17.7]
      [GC Worker End (ms): Min: 7965.0, Avg: 7965.0, Max: 7965.2, Diff: 0.2]
   [Code Root Fixup: 0.0 ms]
   [Code Root Purge: 0.0 ms]
   [Clear CT: 0.8 ms]
   [Other: 2.8 ms]
      [Choose CSet: 0.0 ms]
      [Ref Proc: 2.0 ms]
      [Ref Enq: 0.0 ms]
      [Redirty Cards: 0.7 ms]
      [Humongous Register: 0.0 ms]
      [Humongous Reclaim: 0.0 ms]
      [Free CSet: 0.0 ms]
   [Eden: 2048.0K(2048.0K)->0.0B(14336.0K) Survivors: 1024.0K->1024.0K Heap: 36805.7K(65536.0K)->33964.6K(65536.0K)]
 [Times: user=0.03 sys=0.00, real=0.01 secs] 
2026-06-17T09:48:45.810+0800: 8.012: [GC pause (G1 Evacuation Pause) (young), 0.0167233 secs]
   [Parallel Time: 11.4 ms, GC Workers: 18]
      [GC Worker Start (ms): Min: 8011.8, Avg: 8016.0, Max: 8022.8, Diff: 11.0]
      [Ext Root Scanning (ms): Min: 0.0, Avg: 0.0, Max: 0.2, Diff: 0.2, Sum: 0.4]
      [Update RS (ms): Min: 0.0, Avg: 0.0, Max: 0.1, Diff: 0.1, Sum: 0.2]
         [Processed Buffers: Min: 0, Avg: 0.3, Max: 2, Diff: 2, Sum: 5]
      [Scan RS (ms): Min: 0.0, Avg: 0.0, Max: 0.0, Diff: 0.0, Sum: 0.0]
      [Code Root Scanning (ms): Min: 0.0, Avg: 0.0, Max: 0.0, Diff: 0.0, Sum: 0.0]
      [Object Copy (ms): Min: 0.0, Avg: 0.0, Max: 0.2, Diff: 0.2, Sum: 0.6]
      [Termination (ms): Min: 0.0, Avg: 6.8, Max: 10.9, Diff: 10.9, Sum: 123.1]
         [Termination Attempts: Min: 1, Avg: 1.0, Max: 1, Diff: 0, Sum: 18]
      [GC Worker Other (ms): Min: 0.0, Avg: 0.0, Max: 0.0, Diff: 0.0, Sum: 0.1]
      [GC Worker Total (ms): Min: 0.0, Avg: 6.9, Max: 11.3, Diff: 11.3, Sum: 124.4]
      [GC Worker End (ms): Min: 8022.8, Avg: 8022.9, Max: 8023.1, Diff: 0.3]
   [Code Root Fixup: 0.0 ms]
   [Code Root Purge: 0.0 ms]
   [Clear CT: 1.0 ms]
   [Other: 4.3 ms]
      [Choose CSet: 0.0 ms]
      [Ref Proc: 3.2 ms]
      [Ref Enq: 0.0 ms]
      [Redirty Cards: 1.0 ms]
      [Humongous Register: 0.0 ms]
      [Humongous Reclaim: 0.0 ms]
      [Free CSet: 0.0 ms]
   [Eden: 14336.0K(14336.0K)->0.0B(12288.0K) Survivors: 1024.0K->2048.0K Heap: 48300.6K(65536.0K)->37441.6K(65536.0K)]
 [Times: user=0.14 sys=0.01, real=0.01 secs] 
2026-06-17T09:48:45.859+0800: 8.061: [GC pause (G1 Evacuation Pause) (young) (initial-mark), 0.0210347 secs]
   [Parallel Time: 16.9 ms, GC Workers: 18]
      [GC Worker Start (ms): Min: 8060.6, Avg: 8061.1, Max: 8061.5, Diff: 0.9]
      [Ext Root Scanning (ms): Min: 0.0, Avg: 5.1, Max: 15.6, Diff: 15.6, Sum: 92.0]
      [Update RS (ms): Min: 0.0, Avg: 0.0, Max: 0.0, Diff: 0.0, Sum: 0.0]
         [Processed Buffers: Min: 0, Avg: 0.1, Max: 2, Diff: 2, Sum: 2]
      [Scan RS (ms): Min: 0.0, Avg: 0.0, Max: 0.0, Diff: 0.0, Sum: 0.0]
      [Code Root Scanning (ms): Min: 0.0, Avg: 0.0, Max: 0.0, Diff: 0.0, Sum: 0.0]
      [Object Copy (ms): Min: 0.0, Avg: 0.0, Max: 0.3, Diff: 0.3, Sum: 0.6]
      [Termination (ms): Min: 0.0, Avg: 10.9, Max: 15.4, Diff: 15.4, Sum: 196.4]
         [Termination Attempts: Min: 1, Avg: 1.0, Max: 1, Diff: 0, Sum: 18]
      [GC Worker Other (ms): Min: 0.0, Avg: 0.0, Max: 0.0, Diff: 0.0, Sum: 0.1]
      [GC Worker Total (ms): Min: 15.6, Avg: 16.1, Max: 16.5, Diff: 0.9, Sum: 289.1]
      [GC Worker End (ms): Min: 8077.1, Avg: 8077.2, Max: 8077.3, Diff: 0.2]
   [Code Root Fixup: 0.0 ms]
   [Code Root Purge: 0.0 ms]
   [Clear CT: 0.6 ms]
   [Other: 3.4 ms]
      [Choose CSet: 0.0 ms]
      [Ref Proc: 2.9 ms]
      [Ref Enq: 0.0 ms]
      [Redirty Cards: 0.5 ms]
      [Humongous Register: 0.0 ms]
      [Humongous Reclaim: 0.0 ms]
      [Free CSet: 0.0 ms]
   [Eden: 12288.0K(12288.0K)->0.0B(10240.0K) Survivors: 2048.0K->2048.0K Heap: 49729.6K(65536.0K)->39623.6K(65536.0K)]
 [Times: user=0.23 sys=0.00, real=0.02 secs] 
2026-06-17T09:48:45.881+0800: 8.083: [GC concurrent-root-region-scan-start]
2026-06-17T09:48:45.882+0800: 8.083: [GC concurrent-root-region-scan-end, 0.0003036 secs]
2026-06-17T09:48:45.882+0800: 8.083: [GC concurrent-mark-start]
2026-06-17T09:48:45.882+0800: 8.083: [GC concurrent-mark-end, 0.0004337 secs]
2026-06-17T09:48:45.882+0800: 8.083: [GC remark 2026-06-17T09:48:45.883+0800: 8.084: [Finalize Marking, 0.0097529 secs] 2026-06-17T09:48:45.893+0800: 8.094: [GC ref-proc, 0.0006704 secs] 2026-06-17T09:48:45.894+0800: 8.095: [Unloading, 0.0016958 secs], 0.0151154 secs]
 [Times: user=0.13 sys=0.00, real=0.02 secs] 
2026-06-17T09:48:45.898+0800: 8.100: [GC cleanup 44475K->40379K(65536K), 0.0031428 secs]
 [Times: user=0.00 sys=0.00, real=0.00 secs] 
2026-06-17T09:48:45.902+0800: 8.103: [GC concurrent-cleanup-start]
2026-06-17T09:48:45.902+0800: 8.103: [GC concurrent-cleanup-end, 0.0000076 secs]
2026-06-17T09:48:45.913+0800: 8.114: [GC pause (G1 Evacuation Pause) (young), 0.0162254 secs]
   [Parallel Time: 9.2 ms, GC Workers: 18]
      [GC Worker Start (ms): Min: 8114.0, Avg: 8116.8, Max: 8122.9, Diff: 8.9]
      [Ext Root Scanning (ms): Min: 0.0, Avg: 0.0, Max: 0.2, Diff: 0.2, Sum: 0.4]
      [Update RS (ms): Min: 0.0, Avg: 0.0, Max: 0.0, Diff: 0.0, Sum: 0.0]
         [Processed Buffers: Min: 0, Avg: 0.2, Max: 1, Diff: 1, Sum: 3]
      [Scan RS (ms): Min: 0.0, Avg: 0.0, Max: 0.0, Diff: 0.0, Sum: 0.0]
      [Code Root Scanning (ms): Min: 0.0, Avg: 0.0, Max: 0.0, Diff: 0.0, Sum: 0.0]
      [Object Copy (ms): Min: 0.0, Avg: 0.0, Max: 0.1, Diff: 0.1, Sum: 0.4]
      [Termination (ms): Min: 0.0, Avg: 6.2, Max: 8.8, Diff: 8.8, Sum: 111.6]
         [Termination Attempts: Min: 1, Avg: 1.1, Max: 2, Diff: 1, Sum: 19]
      [GC Worker Other (ms): Min: 0.0, Avg: 0.0, Max: 0.0, Diff: 0.0, Sum: 0.1]
      [GC Worker Total (ms): Min: 0.0, Avg: 6.2, Max: 9.1, Diff: 9.1, Sum: 112.5]
      [GC Worker End (ms): Min: 8122.9, Avg: 8123.0, Max: 8123.1, Diff: 0.2]
   [Code Root Fixup: 0.0 ms]
   [Code Root Purge: 0.0 ms]
   [Clear CT: 0.8 ms]
   [Other: 6.2 ms]
      [Choose CSet: 0.0 ms]
      [Ref Proc: 5.4 ms]
      [Ref Enq: 0.0 ms]
      [Redirty Cards: 0.8 ms]
      [Humongous Register: 0.0 ms]
      [Humongous Reclaim: 0.0 ms]
      [Free CSet: 0.0 ms]
   [Eden: 10240.0K(10240.0K)->0.0B(2048.0K) Survivors: 2048.0K->1024.0K Heap: 46907.6K(65536.0K)->37156.7K(65536.0K)]
 [Times: user=0.18 sys=0.00, real=0.01 secs] 
2026-06-17T09:48:45.940+0800: 8.142: [GC pause (G1 Evacuation Pause) (mixed), 0.0103780 secs]
   [Parallel Time: 6.8 ms, GC Workers: 18]
      [GC Worker Start (ms): Min: 8141.6, Avg: 8143.9, Max: 8147.7, Diff: 6.2]
      [Ext Root Scanning (ms): Min: 0.0, Avg: 0.0, Max: 0.2, Diff: 0.2, Sum: 0.3]
      [Update RS (ms): Min: 0.0, Avg: 0.0, Max: 0.0, Diff: 0.0, Sum: 0.0]
         [Processed Buffers: Min: 0, Avg: 0.2, Max: 1, Diff: 1, Sum: 3]
      [Scan RS (ms): Min: 0.0, Avg: 0.0, Max: 0.0, Diff: 0.0, Sum: 0.0]
      [Code Root Scanning (ms): Min: 0.0, Avg: 0.0, Max: 0.0, Diff: 0.0, Sum: 0.0]
      [Object Copy (ms): Min: 0.0, Avg: 0.0, Max: 0.2, Diff: 0.2, Sum: 0.6]
      [Termination (ms): Min: 0.0, Avg: 3.9, Max: 5.9, Diff: 5.9, Sum: 69.9]
         [Termination Attempts: Min: 1, Avg: 1.0, Max: 1, Diff: 0, Sum: 18]
      [GC Worker Other (ms): Min: 0.0, Avg: 0.0, Max: 0.0, Diff: 0.0, Sum: 0.1]
      [GC Worker Total (ms): Min: 0.0, Avg: 3.9, Max: 6.2, Diff: 6.2, Sum: 71.0]
      [GC Worker End (ms): Min: 8147.8, Avg: 8147.8, Max: 8148.0, Diff: 0.2]
   [Code Root Fixup: 0.0 ms]
   [Code Root Purge: 0.0 ms]
   [Clear CT: 0.8 ms]
   [Other: 2.7 ms]
      [Choose CSet: 0.0 ms]
      [Ref Proc: 1.9 ms]
      [Ref Enq: 0.0 ms]
      [Redirty Cards: 0.8 ms]
      [Humongous Register: 0.0 ms]
      [Humongous Reclaim: 0.0 ms]
      [Free CSet: 0.0 ms]
   [Eden: 2048.0K(2048.0K)->0.0B(2048.0K) Survivors: 1024.0K->1024.0K Heap: 39204.7K(65536.0K)->35344.6K(65536.0K)]
 [Times: user=0.08 sys=0.00, real=0.02 secs] 
2026-06-17T09:48:45.952+0800: 8.153: [GC pause (G1 Evacuation Pause) (mixed), 0.0070060 secs]
   [Parallel Time: 2.1 ms, GC Workers: 18]
      [GC Worker Start (ms): Min: 8153.2, Avg: 8154.1, Max: 8154.9, Diff: 1.7]
      [Ext Root Scanning (ms): Min: 0.0, Avg: 0.0, Max: 0.1, Diff: 0.1, Sum: 0.2]
      [Update RS (ms): Min: 0.0, Avg: 0.0, Max: 0.0, Diff: 0.0, Sum: 0.0]
         [Processed Buffers: Min: 0, Avg: 0.2, Max: 3, Diff: 3, Sum: 4]
      [Scan RS (ms): Min: 0.0, Avg: 0.0, Max: 0.1, Diff: 0.1, Sum: 0.1]
      [Code Root Scanning (ms): Min: 0.0, Avg: 0.0, Max: 0.0, Diff: 0.0, Sum: 0.0]
      [Object Copy (ms): Min: 0.0, Avg: 0.0, Max: 0.2, Diff: 0.2, Sum: 0.7]
      [Termination (ms): Min: 0.0, Avg: 0.7, Max: 1.5, Diff: 1.5, Sum: 13.4]
         [Termination Attempts: Min: 1, Avg: 1.0, Max: 1, Diff: 0, Sum: 18]
      [GC Worker Other (ms): Min: 0.0, Avg: 0.0, Max: 0.0, Diff: 0.0, Sum: 0.1]
      [GC Worker Total (ms): Min: 0.0, Avg: 0.8, Max: 1.8, Diff: 1.7, Sum: 14.4]
      [GC Worker End (ms): Min: 8154.9, Avg: 8154.9, Max: 8155.0, Diff: 0.2]
   [Code Root Fixup: 0.0 ms]
   [Code Root Purge: 0.0 ms]
   [Clear CT: 0.9 ms]
   [Other: 4.0 ms]
      [Choose CSet: 0.0 ms]
      [Ref Proc: 3.3 ms]
      [Ref Enq: 0.0 ms]
      [Redirty Cards: 0.7 ms]
      [Humongous Register: 0.0 ms]
      [Humongous Reclaim: 0.0 ms]
      [Free CSet: 0.0 ms]
   [Eden: 2048.0K(2048.0K)->0.0B(16384.0K) Survivors: 1024.0K->1024.0K Heap: 37392.6K(65536.0K)->32020.6K(65536.0K)]
 [Times: user=0.05 sys=0.01, real=0.00 secs] 
2026-06-17T09:48:46.002+0800: 8.203: [GC pause (G1 Evacuation Pause) (young), 0.0129612 secs]
   [Parallel Time: 9.5 ms, GC Workers: 18]
      [GC Worker Start (ms): Min: 8203.1, Avg: 8205.0, Max: 8211.8, Diff: 8.7]
      [Ext Root Scanning (ms): Min: 0.0, Avg: 0.0, Max: 0.2, Diff: 0.2, Sum: 0.5]
      [Update RS (ms): Min: 0.0, Avg: 0.0, Max: 0.1, Diff: 0.1, Sum: 0.2]
         [Processed Buffers: Min: 0, Avg: 0.3, Max: 3, Diff: 3, Sum: 5]
      [Scan RS (ms): Min: 0.0, Avg: 0.0, Max: 0.0, Diff: 0.0, Sum: 0.0]
      [Code Root Scanning (ms): Min: 0.0, Avg: 0.0, Max: 0.0, Diff: 0.0, Sum: 0.0]
      [Object Copy (ms): Min: 0.0, Avg: 0.1, Max: 0.2, Diff: 0.2, Sum: 0.9]
      [Termination (ms): Min: 0.0, Avg: 6.9, Max: 8.4, Diff: 8.4, Sum: 123.4]
         [Termination Attempts: Min: 1, Avg: 1.0, Max: 1, Diff: 0, Sum: 18]
      [GC Worker Other (ms): Min: 0.0, Avg: 0.0, Max: 0.0, Diff: 0.0, Sum: 0.1]
      [GC Worker Total (ms): Min: 0.0, Avg: 6.9, Max: 8.9, Diff: 8.9, Sum: 125.1]
      [GC Worker End (ms): Min: 8211.9, Avg: 8211.9, Max: 8212.0, Diff: 0.2]
   [Code Root Fixup: 0.0 ms]
   [Code Root Purge: 0.0 ms]
   [Clear CT: 1.1 ms]
   [Other: 2.3 ms]
      [Choose CSet: 0.0 ms]
      [Ref Proc: 1.5 ms]
      [Ref Enq: 0.0 ms]
      [Redirty Cards: 0.8 ms]
      [Humongous Register: 0.0 ms]
      [Humongous Reclaim: 0.0 ms]
      [Free CSet: 0.0 ms]
   [Eden: 16384.0K(16384.0K)->0.0B(11264.0K) Survivors: 1024.0K->3072.0K Heap: 48404.6K(65536.0K)->37274.6K(65536.0K)]
 [Times: user=0.13 sys=0.00, real=0.02 secs] 
2026-06-17T09:48:46.037+0800: 8.238: [GC pause (G1 Evacuation Pause) (young) (initial-mark), 0.0143463 secs]
   [Parallel Time: 9.4 ms, GC Workers: 18]
      [GC Worker Start (ms): Min: 8238.4, Avg: 8238.8, Max: 8239.2, Diff: 0.9]
      [Ext Root Scanning (ms): Min: 0.0, Avg: 2.0, Max: 7.8, Diff: 7.8, Sum: 35.4]
      [Update RS (ms): Min: 0.0, Avg: 0.0, Max: 0.0, Diff: 0.0, Sum: 0.0]
         [Processed Buffers: Min: 0, Avg: 0.2, Max: 4, Diff: 4, Sum: 4]
      [Scan RS (ms): Min: 0.0, Avg: 0.0, Max: 0.0, Diff: 0.0, Sum: 0.0]
      [Code Root Scanning (ms): Min: 0.0, Avg: 0.0, Max: 0.0, Diff: 0.0, Sum: 0.0]
      [Object Copy (ms): Min: 0.0, Avg: 0.1, Max: 0.3, Diff: 0.3, Sum: 1.0]
      [Termination (ms): Min: 0.0, Avg: 6.2, Max: 7.6, Diff: 7.6, Sum: 111.6]
         [Termination Attempts: Min: 1, Avg: 1.0, Max: 1, Diff: 0, Sum: 18]
      [GC Worker Other (ms): Min: 0.0, Avg: 0.0, Max: 0.0, Diff: 0.0, Sum: 0.1]
      [GC Worker Total (ms): Min: 7.8, Avg: 8.2, Max: 8.8, Diff: 1.0, Sum: 148.1]
      [GC Worker End (ms): Min: 8247.0, Avg: 8247.1, Max: 8247.2, Diff: 0.2]
   [Code Root Fixup: 0.0 ms]
   [Code Root Purge: 0.0 ms]
   [Clear CT: 1.2 ms]
   [Other: 3.7 ms]
      [Choose CSet: 0.0 ms]
      [Ref Proc: 2.7 ms]
      [Ref Enq: 0.0 ms]
      [Redirty Cards: 1.0 ms]
      [Humongous Register: 0.0 ms]
      [Humongous Reclaim: 0.0 ms]
      [Free CSet: 0.0 ms]
   [Eden: 11264.0K(11264.0K)->0.0B(6144.0K) Survivors: 3072.0K->2048.0K Heap: 48538.6K(65536.0K)->41770.6K(65536.0K)]
 [Times: user=0.12 sys=0.01, real=0.02 secs] 
2026-06-17T09:48:46.053+0800: 8.254: [GC concurrent-root-region-scan-start]
2026-06-17T09:48:46.053+0800: 8.254: [GC concurrent-root-region-scan-end, 0.0002162 secs]
2026-06-17T09:48:46.053+0800: 8.254: [GC concurrent-mark-start]
2026-06-17T09:48:46.053+0800: 8.255: [GC concurrent-mark-end, 0.0005149 secs]
2026-06-17T09:48:46.053+0800: 8.255: [GC remark 2026-06-17T09:48:46.054+0800: 8.255: [Finalize Marking, 0.0065505 secs] 2026-06-17T09:48:46.061+0800: 8.262: [GC ref-proc, 0.0006089 secs] 2026-06-17T09:48:46.062+0800: 8.263: [Unloading, 0.0017629 secs], 0.0115524 secs]
 [Times: user=0.07 sys=0.01, real=0.01 secs] 
2026-06-17T09:48:46.066+0800: 8.267: [GC cleanup 43371K->42347K(65536K), 0.0031540 secs]
 [Times: user=0.00 sys=0.00, real=0.00 secs] 
2026-06-17T09:48:46.070+0800: 8.272: [GC concurrent-cleanup-start]
2026-06-17T09:48:46.070+0800: 8.272: [GC concurrent-cleanup-end, 0.0000093 secs]
2026-06-17T09:48:46.081+0800: 8.282: [GC pause (G1 Evacuation Pause) (young), 0.0120454 secs]
   [Parallel Time: 6.4 ms, GC Workers: 18]
      [GC Worker Start (ms): Min: 8282.2, Avg: 8284.0, Max: 8288.0, Diff: 5.8]
      [Ext Root Scanning (ms): Min: 0.0, Avg: 0.0, Max: 0.2, Diff: 0.2, Sum: 0.4]
      [Update RS (ms): Min: 0.0, Avg: 0.0, Max: 0.0, Diff: 0.0, Sum: 0.0]
         [Processed Buffers: Min: 0, Avg: 0.2, Max: 2, Diff: 2, Sum: 4]
      [Scan RS (ms): Min: 0.0, Avg: 0.0, Max: 0.0, Diff: 0.0, Sum: 0.0]
      [Code Root Scanning (ms): Min: 0.0, Avg: 0.0, Max: 0.0, Diff: 0.0, Sum: 0.0]
      [Object Copy (ms): Min: 0.0, Avg: 0.0, Max: 0.1, Diff: 0.1, Sum: 0.4]
      [Termination (ms): Min: 0.0, Avg: 4.0, Max: 5.6, Diff: 5.6, Sum: 72.2]
         [Termination Attempts: Min: 1, Avg: 1.0, Max: 1, Diff: 0, Sum: 18]
      [GC Worker Other (ms): Min: 0.0, Avg: 0.0, Max: 0.0, Diff: 0.0, Sum: 0.1]
      [GC Worker Total (ms): Min: 0.0, Avg: 4.1, Max: 5.9, Diff: 5.9, Sum: 73.2]
      [GC Worker End (ms): Min: 8288.0, Avg: 8288.1, Max: 8288.2, Diff: 0.2]
   [Code Root Fixup: 0.0 ms]
   [Code Root Purge: 0.0 ms]
   [Clear CT: 0.8 ms]
   [Other: 4.9 ms]
      [Choose CSet: 0.0 ms]
      [Ref Proc: 4.1 ms]
      [Ref Enq: 0.0 ms]
      [Redirty Cards: 0.7 ms]
      [Humongous Register: 0.0 ms]
      [Humongous Reclaim: 0.0 ms]
      [Free CSet: 0.0 ms]
   [Eden: 6144.0K(6144.0K)->0.0B(2048.0K) Survivors: 2048.0K->1024.0K Heap: 46890.6K(65536.0K)->42411.6K(65536.0K)]
 [Times: user=0.12 sys=0.00, real=0.02 secs] 
2026-06-17T09:48:46.094+0800: 8.296: [GC pause (G1 Evacuation Pause) (mixed), 0.0068522 secs]
   [Parallel Time: 3.0 ms, GC Workers: 18]
      [GC Worker Start (ms): Min: 8295.6, Avg: 8296.5, Max: 8297.8, Diff: 2.3]
      [Ext Root Scanning (ms): Min: 0.0, Avg: 0.0, Max: 0.2, Diff: 0.2, Sum: 0.4]
      [Update RS (ms): Min: 0.0, Avg: 0.0, Max: 0.0, Diff: 0.0, Sum: 0.0]
         [Processed Buffers: Min: 0, Avg: 0.2, Max: 1, Diff: 1, Sum: 3]
      [Scan RS (ms): Min: 0.0, Avg: 0.0, Max: 0.0, Diff: 0.0, Sum: 0.0]
      [Code Root Scanning (ms): Min: 0.0, Avg: 0.0, Max: 0.0, Diff: 0.0, Sum: 0.0]
      [Object Copy (ms): Min: 0.0, Avg: 0.0, Max: 0.1, Diff: 0.1, Sum: 0.5]
      [Termination (ms): Min: 0.0, Avg: 1.4, Max: 2.1, Diff: 2.1, Sum: 24.9]
         [Termination Attempts: Min: 1, Avg: 1.0, Max: 1, Diff: 0, Sum: 18]
      [GC Worker Other (ms): Min: 0.0, Avg: 0.0, Max: 0.0, Diff: 0.0, Sum: 0.1]
      [GC Worker Total (ms): Min: 0.0, Avg: 1.4, Max: 2.4, Diff: 2.4, Sum: 26.0]
      [GC Worker End (ms): Min: 8297.8, Avg: 8297.9, Max: 8298.0, Diff: 0.2]
   [Code Root Fixup: 0.0 ms]
   [Code Root Purge: 0.0 ms]
   [Clear CT: 1.0 ms]
   [Other: 2.9 ms]
      [Choose CSet: 0.0 ms]
      [Ref Proc: 2.2 ms]
      [Ref Enq: 0.0 ms]
      [Redirty Cards: 0.6 ms]
      [Humongous Register: 0.0 ms]
      [Humongous Reclaim: 0.0 ms]
      [Free CSet: 0.0 ms]
   [Eden: 2048.0K(2048.0K)->0.0B(2048.0K) Survivors: 1024.0K->1024.0K Heap: 44459.6K(65536.0K)->38072.7K(65536.0K)]
 [Times: user=0.05 sys=0.00, real=0.00 secs] 
2026-06-17T09:48:46.102+0800: 8.304: [GC pause (G1 Evacuation Pause) (mixed), 0.0078582 secs]
   [Parallel Time: 2.4 ms, GC Workers: 18]
      [GC Worker Start (ms): Min: 8303.6, Avg: 8304.2, Max: 8305.4, Diff: 1.8]
      [Ext Root Scanning (ms): Min: 0.0, Avg: 0.0, Max: 0.2, Diff: 0.2, Sum: 0.3]
      [Update RS (ms): Min: 0.0, Avg: 0.0, Max: 0.0, Diff: 0.0, Sum: 0.0]
         [Processed Buffers: Min: 0, Avg: 0.3, Max: 3, Diff: 3, Sum: 6]
      [Scan RS (ms): Min: 0.0, Avg: 0.0, Max: 0.0, Diff: 0.0, Sum: 0.0]
      [Code Root Scanning (ms): Min: 0.0, Avg: 0.0, Max: 0.0, Diff: 0.0, Sum: 0.0]
      [Object Copy (ms): Min: 0.0, Avg: 0.0, Max: 0.2, Diff: 0.2, Sum: 0.7]
      [Termination (ms): Min: 0.0, Avg: 1.2, Max: 1.7, Diff: 1.7, Sum: 21.6]
         [Termination Attempts: Min: 1, Avg: 1.0, Max: 1, Diff: 0, Sum: 18]
      [GC Worker Other (ms): Min: 0.0, Avg: 0.0, Max: 0.0, Diff: 0.0, Sum: 0.1]
      [GC Worker Total (ms): Min: 0.0, Avg: 1.3, Max: 2.0, Diff: 2.0, Sum: 22.7]
      [GC Worker End (ms): Min: 8305.4, Avg: 8305.5, Max: 8305.6, Diff: 0.2]
   [Code Root Fixup: 0.0 ms]
   [Code Root Purge: 0.0 ms]
   [Clear CT: 0.8 ms]
   [Other: 4.7 ms]
      [Choose CSet: 0.0 ms]
      [Ref Proc: 4.1 ms]
      [Ref Enq: 0.0 ms]
      [Redirty Cards: 0.6 ms]
      [Humongous Register: 0.0 ms]
      [Humongous Reclaim: 0.0 ms]
      [Free CSet: 0.0 ms]
   [Eden: 2048.0K(2048.0K)->0.0B(9216.0K) Survivors: 1024.0K->1024.0K Heap: 40120.7K(65536.0K)->39226.6K(65536.0K)]
 [Times: user=0.07 sys=0.00, real=0.02 secs] 
2026-06-17T09:48:46.142+0800: 8.343: [GC pause (G1 Evacuation Pause) (young), 0.0108421 secs]
   [Parallel Time: 5.3 ms, GC Workers: 18]
      [GC Worker Start (ms): Min: 8343.4, Avg: 8344.4, Max: 8347.7, Diff: 4.4]
      [Ext Root Scanning (ms): Min: 0.0, Avg: 0.0, Max: 0.2, Diff: 0.2, Sum: 0.3]
      [Update RS (ms): Min: 0.0, Avg: 0.0, Max: 0.0, Diff: 0.0, Sum: 0.1]
         [Processed Buffers: Min: 0, Avg: 0.3, Max: 4, Diff: 4, Sum: 6]
      [Scan RS (ms): Min: 0.0, Avg: 0.0, Max: 0.0, Diff: 0.0, Sum: 0.0]
      [Code Root Scanning (ms): Min: 0.0, Avg: 0.0, Max: 0.0, Diff: 0.0, Sum: 0.0]
      [Object Copy (ms): Min: 0.0, Avg: 0.0, Max: 0.1, Diff: 0.1, Sum: 0.4]
      [Termination (ms): Min: 0.0, Avg: 3.3, Max: 4.2, Diff: 4.2, Sum: 59.9]
         [Termination Attempts: Min: 1, Avg: 1.0, Max: 1, Diff: 0, Sum: 18]
      [GC Worker Other (ms): Min: 0.0, Avg: 0.0, Max: 0.0, Diff: 0.0, Sum: 0.1]
      [GC Worker Total (ms): Min: 0.0, Avg: 3.4, Max: 4.6, Diff: 4.5, Sum: 60.7]
      [GC Worker End (ms): Min: 8347.7, Avg: 8347.8, Max: 8347.9, Diff: 0.2]
   [Code Root Fixup: 0.0 ms]
   [Code Root Purge: 0.0 ms]
   [Clear CT: 1.3 ms]
   [Other: 4.3 ms]
      [Choose CSet: 0.0 ms]
      [Ref Proc: 3.6 ms]
      [Ref Enq: 0.0 ms]
      [Redirty Cards: 0.6 ms]
      [Humongous Register: 0.0 ms]
      [Humongous Reclaim: 0.0 ms]
      [Free CSet: 0.0 ms]
   [Eden: 9216.0K(9216.0K)->0.0B(8192.0K) Survivors: 1024.0K->2048.0K Heap: 48442.6K(65536.0K)->40990.1K(65536.0K)]
 [Times: user=0.10 sys=0.00, real=0.02 secs] 
2026-06-17T09:48:46.175+0800: 8.376: [GC pause (G1 Evacuation Pause) (young) (initial-mark), 0.0123610 secs]
   [Parallel Time: 8.4 ms, GC Workers: 18]
      [GC Worker Start (ms): Min: 8376.1, Avg: 8376.5, Max: 8376.9, Diff: 0.8]
      [Ext Root Scanning (ms): Min: 0.0, Avg: 1.6, Max: 6.7, Diff: 6.7, Sum: 28.9]
      [Update RS (ms): Min: 0.0, Avg: 0.0, Max: 0.0, Diff: 0.0, Sum: 0.0]
         [Processed Buffers: Min: 0, Avg: 0.2, Max: 3, Diff: 3, Sum: 3]
      [Scan RS (ms): Min: 0.0, Avg: 0.0, Max: 0.0, Diff: 0.0, Sum: 0.0]
      [Code Root Scanning (ms): Min: 0.0, Avg: 0.0, Max: 0.0, Diff: 0.0, Sum: 0.0]
      [Object Copy (ms): Min: 0.0, Avg: 0.0, Max: 0.2, Diff: 0.2, Sum: 0.4]
      [Termination (ms): Min: 0.0, Avg: 5.5, Max: 6.6, Diff: 6.6, Sum: 98.8]
         [Termination Attempts: Min: 1, Avg: 1.0, Max: 1, Diff: 0, Sum: 18]
      [GC Worker Other (ms): Min: 0.0, Avg: 0.0, Max: 0.0, Diff: 0.0, Sum: 0.1]
      [GC Worker Total (ms): Min: 6.7, Avg: 7.1, Max: 7.5, Diff: 0.8, Sum: 128.2]
      [GC Worker End (ms): Min: 8383.6, Avg: 8383.7, Max: 8383.8, Diff: 0.2]
   [Code Root Fixup: 0.0 ms]
   [Code Root Purge: 0.0 ms]
   [Clear CT: 0.9 ms]
   [Other: 3.0 ms]
      [Choose CSet: 0.0 ms]
      [Ref Proc: 2.3 ms]
      [Ref Enq: 0.0 ms]
      [Redirty Cards: 0.7 ms]
      [Humongous Register: 0.0 ms]
      [Humongous Reclaim: 0.0 ms]
      [Free CSet: 0.0 ms]
   [Eden: 8192.0K(8192.0K)->0.0B(6144.0K) Survivors: 2048.0K->2048.0K Heap: 49182.1K(65536.0K)->42451.6K(65536.0K)]
 [Times: user=0.11 sys=0.01, real=0.01 secs] 
2026-06-17T09:48:46.188+0800: 8.390: [GC concurrent-root-region-scan-start]
2026-06-17T09:48:46.189+0800: 8.390: [GC concurrent-root-region-scan-end, 0.0002644 secs]
2026-06-17T09:48:46.189+0800: 8.390: [GC concurrent-mark-start]
2026-06-17T09:48:46.189+0800: 8.390: [GC concurrent-mark-end, 0.0004510 secs]
2026-06-17T09:48:46.189+0800: 8.390: [GC remark 2026-06-17T09:48:46.190+0800: 8.391: [Finalize Marking, 0.0039362 secs] 2026-06-17T09:48:46.194+0800: 8.395: [GC ref-proc, 0.0007540 secs] 2026-06-17T09:48:46.195+0800: 8.397: [Unloading, 0.0019596 secs], 0.0095552 secs]
 [Times: user=0.04 sys=0.01, real=0.01 secs] 
2026-06-17T09:48:46.200+0800: 8.401: [GC cleanup 46334K->39166K(65536K), 0.0030859 secs]
 [Times: user=0.00 sys=0.00, real=0.01 secs] 
2026-06-17T09:48:46.204+0800: 8.405: [GC concurrent-cleanup-start]
2026-06-17T09:48:46.204+0800: 8.405: [GC concurrent-cleanup-end, 0.0000110 secs]
2026-06-17T09:48:46.204+0800: 8.405: [GC pause (G1 Evacuation Pause) (young), 0.0069431 secs]
   [Parallel Time: 3.0 ms, GC Workers: 18]
      [GC Worker Start (ms): Min: 8405.4, Avg: 8406.3, Max: 8407.9, Diff: 2.5]
      [Ext Root Scanning (ms): Min: 0.0, Avg: 0.0, Max: 0.2, Diff: 0.2, Sum: 0.4]
      [Update RS (ms): Min: 0.0, Avg: 0.0, Max: 0.0, Diff: 0.0, Sum: 0.0]
         [Processed Buffers: Min: 0, Avg: 0.2, Max: 1, Diff: 1, Sum: 4]
      [Scan RS (ms): Min: 0.0, Avg: 0.0, Max: 0.0, Diff: 0.0, Sum: 0.0]
      [Code Root Scanning (ms): Min: 0.0, Avg: 0.0, Max: 0.0, Diff: 0.0, Sum: 0.0]
      [Object Copy (ms): Min: 0.0, Avg: 0.0, Max: 0.1, Diff: 0.1, Sum: 0.2]
      [Termination (ms): Min: 0.0, Avg: 1.6, Max: 2.3, Diff: 2.3, Sum: 28.0]
         [Termination Attempts: Min: 1, Avg: 1.1, Max: 2, Diff: 1, Sum: 19]
      [GC Worker Other (ms): Min: 0.0, Avg: 0.0, Max: 0.0, Diff: 0.0, Sum: 0.1]
      [GC Worker Total (ms): Min: 0.0, Avg: 1.6, Max: 2.5, Diff: 2.5, Sum: 28.9]
      [GC Worker End (ms): Min: 8407.9, Avg: 8407.9, Max: 8408.0, Diff: 0.1]
   [Code Root Fixup: 0.0 ms]
   [Code Root Purge: 0.0 ms]
   [Clear CT: 0.7 ms]
   [Other: 3.3 ms]
      [Choose CSet: 0.0 ms]
      [Ref Proc: 2.7 ms]
      [Ref Enq: 0.0 ms]
      [Redirty Cards: 0.6 ms]
      [Humongous Register: 0.0 ms]
      [Humongous Reclaim: 0.0 ms]
      [Free CSet: 0.0 ms]
   [Eden: 6144.0K(6144.0K)->0.0B(2048.0K) Survivors: 2048.0K->1024.0K Heap: 41427.6K(65536.0K)->34907.7K(65536.0K)]
 [Times: user=0.06 sys=0.00, real=0.01 secs] 
2026-06-17T09:48:46.223+0800: 8.424: [GC pause (G1 Evacuation Pause) (mixed), 0.0091313 secs]
   [Parallel Time: 4.4 ms, GC Workers: 18]
      [GC Worker Start (ms): Min: 8424.0, Avg: 8425.1, Max: 8427.8, Diff: 3.8]
      [Ext Root Scanning (ms): Min: 0.0, Avg: 0.0, Max: 0.2, Diff: 0.2, Sum: 0.3]
      [Update RS (ms): Min: 0.0, Avg: 0.0, Max: 0.0, Diff: 0.0, Sum: 0.0]
         [Processed Buffers: Min: 0, Avg: 0.2, Max: 2, Diff: 2, Sum: 3]
      [Scan RS (ms): Min: 0.0, Avg: 0.0, Max: 0.0, Diff: 0.0, Sum: 0.0]
      [Code Root Scanning (ms): Min: 0.0, Avg: 0.0, Max: 0.0, Diff: 0.0, Sum: 0.0]
      [Object Copy (ms): Min: 0.0, Avg: 0.0, Max: 0.2, Diff: 0.2, Sum: 0.6]
      [Termination (ms): Min: 0.0, Avg: 2.6, Max: 3.4, Diff: 3.4, Sum: 47.2]
         [Termination Attempts: Min: 1, Avg: 1.0, Max: 1, Diff: 0, Sum: 18]
      [GC Worker Other (ms): Min: 0.0, Avg: 0.0, Max: 0.0, Diff: 0.0, Sum: 0.1]
      [GC Worker Total (ms): Min: 0.0, Avg: 2.7, Max: 3.8, Diff: 3.8, Sum: 48.2]
      [GC Worker End (ms): Min: 8427.8, Avg: 8427.8, Max: 8427.9, Diff: 0.1]
   [Code Root Fixup: 0.0 ms]
   [Code Root Purge: 0.0 ms]
   [Clear CT: 0.8 ms]
   [Other: 4.0 ms]
      [Choose CSet: 0.0 ms]
      [Ref Proc: 3.2 ms]
      [Ref Enq: 0.0 ms]
      [Redirty Cards: 0.8 ms]
      [Humongous Register: 0.0 ms]
      [Humongous Reclaim: 0.0 ms]
      [Free CSet: 0.0 ms]
   [Eden: 2048.0K(2048.0K)->0.0B(2048.0K) Survivors: 1024.0K->1024.0K Heap: 38400.7K(65536.0K)->33564.7K(65536.0K)]
 [Times: user=0.08 sys=0.00, real=0.01 secs] 
2026-06-17T09:48:46.233+0800: 8.434: [GC pause (G1 Evacuation Pause) (mixed), 0.0076176 secs]
   [Parallel Time: 3.5 ms, GC Workers: 18]
      [GC Worker Start (ms): Min: 8434.3, Avg: 8435.3, Max: 8436.9, Diff: 2.6]
      [Ext Root Scanning (ms): Min: 0.0, Avg: 0.0, Max: 0.2, Diff: 0.2, Sum: 0.3]
      [Update RS (ms): Min: 0.0, Avg: 0.0, Max: 0.0, Diff: 0.0, Sum: 0.0]
         [Processed Buffers: Min: 0, Avg: 0.3, Max: 3, Diff: 3, Sum: 5]
      [Scan RS (ms): Min: 0.0, Avg: 0.0, Max: 0.0, Diff: 0.0, Sum: 0.1]
      [Code Root Scanning (ms): Min: 0.0, Avg: 0.0, Max: 0.0, Diff: 0.0, Sum: 0.0]
      [Object Copy (ms): Min: 0.0, Avg: 0.0, Max: 0.3, Diff: 0.3, Sum: 0.9]
      [Termination (ms): Min: 0.0, Avg: 1.6, Max: 2.3, Diff: 2.3, Sum: 28.6]
         [Termination Attempts: Min: 1, Avg: 1.0, Max: 1, Diff: 0, Sum: 18]
      [GC Worker Other (ms): Min: 0.0, Avg: 0.0, Max: 0.0, Diff: 0.0, Sum: 0.1]
      [GC Worker Total (ms): Min: 0.0, Avg: 1.7, Max: 2.6, Diff: 2.6, Sum: 30.0]
      [GC Worker End (ms): Min: 8436.9, Avg: 8437.0, Max: 8437.2, Diff: 0.3]
   [Code Root Fixup: 0.0 ms]
   [Code Root Purge: 0.0 ms]
   [Clear CT: 0.8 ms]
   [Other: 3.4 ms]
      [Choose CSet: 0.0 ms]
      [Ref Proc: 2.6 ms]
      [Ref Enq: 0.0 ms]
      [Redirty Cards: 0.7 ms]
      [Humongous Register: 0.0 ms]
      [Humongous Reclaim: 0.0 ms]
      [Free CSet: 0.0 ms]
   [Eden: 2048.0K(2048.0K)->0.0B(15360.0K) Survivors: 1024.0K->1024.0K Heap: 35612.7K(65536.0K)->32867.7K(65536.0K)]
 [Times: user=0.05 sys=0.00, real=0.00 secs] 
2026-06-17T09:48:46.284+0800: 8.485: [GC pause (G1 Evacuation Pause) (young), 0.0467636 secs]
   [Parallel Time: 39.5 ms, GC Workers: 18]
      [GC Worker Start (ms): Min: 8485.1, Avg: 8508.3, Max: 8523.5, Diff: 38.4]
      [Ext Root Scanning (ms): Min: 0.0, Avg: 0.0, Max: 0.2, Diff: 0.2, Sum: 0.4]
      [Update RS (ms): Min: 0.0, Avg: 0.0, Max: 0.1, Diff: 0.1, Sum: 0.1]
         [Processed Buffers: Min: 0, Avg: 0.3, Max: 3, Diff: 3, Sum: 5]
      [Scan RS (ms): Min: 0.0, Avg: 0.0, Max: 0.0, Diff: 0.0, Sum: 0.0]
      [Code Root Scanning (ms): Min: 0.0, Avg: 0.0, Max: 0.0, Diff: 0.0, Sum: 0.0]
      [Object Copy (ms): Min: 0.0, Avg: 0.0, Max: 0.3, Diff: 0.3, Sum: 0.8]
      [Termination (ms): Min: 0.0, Avg: 15.2, Max: 38.0, Diff: 38.0, Sum: 273.7]
         [Termination Attempts: Min: 1, Avg: 1.0, Max: 1, Diff: 0, Sum: 18]
      [GC Worker Other (ms): Min: 0.0, Avg: 0.0, Max: 0.0, Diff: 0.0, Sum: 0.1]
      [GC Worker Total (ms): Min: 0.0, Avg: 15.3, Max: 38.5, Diff: 38.5, Sum: 275.2]
      [GC Worker End (ms): Min: 8523.5, Avg: 8523.6, Max: 8523.9, Diff: 0.4]
   [Code Root Fixup: 0.0 ms]
   [Code Root Purge: 0.0 ms]
   [Clear CT: 1.2 ms]
   [Other: 6.1 ms]
      [Choose CSet: 0.0 ms]
      [Ref Proc: 5.2 ms]
      [Ref Enq: 0.0 ms]
      [Redirty Cards: 0.8 ms]
      [Humongous Register: 0.0 ms]
      [Humongous Reclaim: 0.0 ms]
      [Free CSet: 0.0 ms]
   [Eden: 15360.0K(15360.0K)->0.0B(10240.0K) Survivors: 1024.0K->2048.0K Heap: 48227.7K(65536.0K)->37673.7K(65536.0K)]
 [Times: user=0.33 sys=0.01, real=0.05 secs] 
2026-06-17T09:48:46.352+0800: 8.553: [GC pause (G1 Evacuation Pause) (young) (initial-mark), 0.0121798 secs]
   [Parallel Time: 8.3 ms, GC Workers: 18]
      [GC Worker Start (ms): Min: 8553.5, Avg: 8553.9, Max: 8554.3, Diff: 0.9]
      [Ext Root Scanning (ms): Min: 0.0, Avg: 1.6, Max: 6.4, Diff: 6.4, Sum: 28.0]
      [Update RS (ms): Min: 0.0, Avg: 0.0, Max: 0.0, Diff: 0.0, Sum: 0.0]
         [Processed Buffers: Min: 0, Avg: 0.2, Max: 3, Diff: 3, Sum: 3]
      [Scan RS (ms): Min: 0.0, Avg: 0.0, Max: 0.0, Diff: 0.0, Sum: 0.0]
      [Code Root Scanning (ms): Min: 0.0, Avg: 0.0, Max: 0.0, Diff: 0.0, Sum: 0.0]
      [Object Copy (ms): Min: 0.0, Avg: 0.0, Max: 0.3, Diff: 0.3, Sum: 0.9]
      [Termination (ms): Min: 0.0, Avg: 5.2, Max: 6.2, Diff: 6.2, Sum: 93.1]
         [Termination Attempts: Min: 1, Avg: 1.3, Max: 3, Diff: 2, Sum: 23]
      [GC Worker Other (ms): Min: 0.0, Avg: 0.0, Max: 0.0, Diff: 0.0, Sum: 0.1]
      [GC Worker Total (ms): Min: 6.4, Avg: 6.8, Max: 7.4, Diff: 1.0, Sum: 122.1]
      [GC Worker End (ms): Min: 8560.7, Avg: 8560.7, Max: 8560.9, Diff: 0.2]
   [Code Root Fixup: 0.0 ms]
   [Code Root Purge: 0.0 ms]
   [Clear CT: 0.9 ms]
   [Other: 3.0 ms]
      [Choose CSet: 0.0 ms]
      [Ref Proc: 2.3 ms]
      [Ref Enq: 0.0 ms]
      [Redirty Cards: 0.6 ms]
      [Humongous Register: 0.0 ms]
      [Humongous Reclaim: 0.0 ms]
      [Free CSet: 0.0 ms]
   [Eden: 10240.0K(10240.0K)->0.0B(6144.0K) Survivors: 2048.0K->2048.0K Heap: 47913.7K(65536.0K)->41893.7K(65536.0K)]
 [Times: user=0.11 sys=0.00, real=0.01 secs] 
2026-06-17T09:48:46.365+0800: 8.567: [GC concurrent-root-region-scan-start]
2026-06-17T09:48:46.366+0800: 8.567: [GC concurrent-root-region-scan-end, 0.0002974 secs]
2026-06-17T09:48:46.366+0800: 8.567: [GC concurrent-mark-start]
2026-06-17T09:48:46.366+0800: 8.567: [GC concurrent-mark-end, 0.0003081 secs]
2026-06-17T09:48:46.366+0800: 8.567: [GC remark 2026-06-17T09:48:46.367+0800: 8.568: [Finalize Marking, 0.0024811 secs] 2026-06-17T09:48:46.370+0800: 8.571: [GC ref-proc, 0.0004903 secs] 2026-06-17T09:48:46.371+0800: 8.572: [Unloading, 0.0016287 secs], 0.0073035 secs]
 [Times: user=0.02 sys=0.00, real=0.01 secs] 
2026-06-17T09:48:46.375+0800: 8.576: [GC cleanup 42619K->41595K(65536K), 0.0035000 secs]
 [Times: user=0.00 sys=0.00, real=0.00 secs] 
2026-06-17T09:48:46.379+0800: 8.580: [GC concurrent-cleanup-start]
2026-06-17T09:48:46.379+0800: 8.580: [GC concurrent-cleanup-end, 0.0000081 secs]
2026-06-17T09:48:46.389+0800: 8.590: [GC pause (G1 Evacuation Pause) (young), 0.0132621 secs]
   [Parallel Time: 8.4 ms, GC Workers: 18]
      [GC Worker Start (ms): Min: 8590.5, Avg: 8592.0, Max: 8598.0, Diff: 7.5]
      [Ext Root Scanning (ms): Min: 0.0, Avg: 0.0, Max: 0.2, Diff: 0.2, Sum: 0.3]
      [Update RS (ms): Min: 0.0, Avg: 0.0, Max: 0.0, Diff: 0.0, Sum: 0.0]
         [Processed Buffers: Min: 0, Avg: 0.2, Max: 1, Diff: 1, Sum: 3]
      [Scan RS (ms): Min: 0.0, Avg: 0.0, Max: 0.0, Diff: 0.0, Sum: 0.0]
      [Code Root Scanning (ms): Min: 0.0, Avg: 0.0, Max: 0.0, Diff: 0.0, Sum: 0.0]
      [Object Copy (ms): Min: 0.0, Avg: 0.0, Max: 0.2, Diff: 0.2, Sum: 0.5]
      [Termination (ms): Min: 0.0, Avg: 6.0, Max: 7.2, Diff: 7.2, Sum: 107.2]
         [Termination Attempts: Min: 1, Avg: 1.0, Max: 1, Diff: 0, Sum: 18]
      [GC Worker Other (ms): Min: 0.0, Avg: 0.0, Max: 0.0, Diff: 0.0, Sum: 0.1]
      [GC Worker Total (ms): Min: 0.0, Avg: 6.0, Max: 7.5, Diff: 7.5, Sum: 108.2]
      [GC Worker End (ms): Min: 8598.0, Avg: 8598.0, Max: 8598.1, Diff: 0.1]
   [Code Root Fixup: 0.0 ms]
   [Code Root Purge: 0.0 ms]
   [Clear CT: 1.3 ms]
   [Other: 3.6 ms]
      [Choose CSet: 0.0 ms]
      [Ref Proc: 2.5 ms]
      [Ref Enq: 0.0 ms]
      [Redirty Cards: 1.1 ms]
      [Humongous Register: 0.0 ms]
      [Humongous Reclaim: 0.0 ms]
      [Free CSet: 0.0 ms]
   [Eden: 6144.0K(6144.0K)->0.0B(2048.0K) Survivors: 2048.0K->1024.0K Heap: 47013.7K(65536.0K)->42597.7K(65536.0K)]
 [Times: user=0.13 sys=0.00, real=0.02 secs] 
2026-06-17T09:48:46.404+0800: 8.605: [GC pause (G1 Evacuation Pause) (mixed), 0.0051667 secs]
   [Parallel Time: 1.9 ms, GC Workers: 18]
      [GC Worker Start (ms): Min: 8604.8, Avg: 8605.6, Max: 8606.3, Diff: 1.5]
      [Ext Root Scanning (ms): Min: 0.0, Avg: 0.0, Max: 0.2, Diff: 0.2, Sum: 0.3]
      [Update RS (ms): Min: 0.0, Avg: 0.0, Max: 0.0, Diff: 0.0, Sum: 0.0]
         [Processed Buffers: Min: 0, Avg: 0.2, Max: 2, Diff: 2, Sum: 3]
      [Scan RS (ms): Min: 0.0, Avg: 0.0, Max: 0.0, Diff: 0.0, Sum: 0.0]
      [Code Root Scanning (ms): Min: 0.0, Avg: 0.0, Max: 0.0, Diff: 0.0, Sum: 0.0]
      [Object Copy (ms): Min: 0.0, Avg: 0.0, Max: 0.1, Diff: 0.1, Sum: 0.3]
      [Termination (ms): Min: 0.0, Avg: 0.6, Max: 1.2, Diff: 1.2, Sum: 11.5]
         [Termination Attempts: Min: 1, Avg: 1.0, Max: 1, Diff: 0, Sum: 18]
      [GC Worker Other (ms): Min: 0.0, Avg: 0.0, Max: 0.0, Diff: 0.0, Sum: 0.1]
      [GC Worker Total (ms): Min: 0.0, Avg: 0.7, Max: 1.5, Diff: 1.5, Sum: 12.2]
      [GC Worker End (ms): Min: 8606.3, Avg: 8606.3, Max: 8606.4, Diff: 0.1]
   [Code Root Fixup: 0.0 ms]
   [Code Root Purge: 0.0 ms]
   [Clear CT: 0.8 ms]
   [Other: 2.4 ms]
      [Choose CSet: 0.0 ms]
      [Ref Proc: 1.6 ms]
      [Ref Enq: 0.0 ms]
      [Redirty Cards: 0.7 ms]
      [Humongous Register: 0.0 ms]
      [Humongous Reclaim: 0.0 ms]
      [Free CSet: 0.0 ms]
   [Eden: 2048.0K(2048.0K)->0.0B(9216.0K) Survivors: 1024.0K->1024.0K Heap: 44645.7K(65536.0K)->38230.7K(65536.0K)]
 [Times: user=0.02 sys=0.00, real=0.00 secs] 
2026-06-17T09:48:46.441+0800: 8.642: [GC pause (G1 Evacuation Pause) (young), 0.0118794 secs]
   [Parallel Time: 7.9 ms, GC Workers: 18]
      [GC Worker Start (ms): Min: 8642.2, Avg: 8643.5, Max: 8649.4, Diff: 7.2]
      [Ext Root Scanning (ms): Min: 0.0, Avg: 0.0, Max: 0.2, Diff: 0.2, Sum: 0.4]
      [Update RS (ms): Min: 0.0, Avg: 0.0, Max: 0.0, Diff: 0.0, Sum: 0.1]
         [Processed Buffers: Min: 0, Avg: 0.2, Max: 2, Diff: 2, Sum: 4]
      [Scan RS (ms): Min: 0.0, Avg: 0.0, Max: 0.0, Diff: 0.0, Sum: 0.0]
      [Code Root Scanning (ms): Min: 0.0, Avg: 0.0, Max: 0.0, Diff: 0.0, Sum: 0.0]
      [Object Copy (ms): Min: 0.0, Avg: 0.0, Max: 0.1, Diff: 0.1, Sum: 0.3]
      [Termination (ms): Min: 0.0, Avg: 5.9, Max: 6.9, Diff: 6.9, Sum: 105.6]
         [Termination Attempts: Min: 1, Avg: 1.0, Max: 1, Diff: 0, Sum: 18]
      [GC Worker Other (ms): Min: 0.0, Avg: 0.0, Max: 0.0, Diff: 0.0, Sum: 0.1]
      [GC Worker Total (ms): Min: 0.0, Avg: 5.9, Max: 7.3, Diff: 7.3, Sum: 106.4]
      [GC Worker End (ms): Min: 8649.4, Avg: 8649.4, Max: 8649.6, Diff: 0.2]
   [Code Root Fixup: 0.0 ms]
   [Code Root Purge: 0.0 ms]
   [Clear CT: 0.9 ms]
   [Other: 3.1 ms]
      [Choose CSet: 0.0 ms]
      [Ref Proc: 2.1 ms]
      [Ref Enq: 0.0 ms]
      [Redirty Cards: 0.9 ms]
      [Humongous Register: 0.0 ms]
      [Humongous Reclaim: 0.0 ms]
      [Free CSet: 0.0 ms]
   [Eden: 9216.0K(9216.0K)->0.0B(7168.0K) Survivors: 1024.0K->2048.0K Heap: 47446.7K(65536.0K)->41183.7K(65536.0K)]
 [Times: user=0.12 sys=0.01, real=0.02 secs] 
2026-06-17T09:48:46.464+0800: 8.665: [GC pause (G1 Evacuation Pause) (young) (initial-mark), 0.0102512 secs]
   [Parallel Time: 3.1 ms, GC Workers: 18]
      [GC Worker Start (ms): Min: 8665.4, Avg: 8665.8, Max: 8666.1, Diff: 0.7]
      [Ext Root Scanning (ms): Min: 0.0, Avg: 1.0, Max: 1.8, Diff: 1.8, Sum: 17.5]
      [Update RS (ms): Min: 0.0, Avg: 0.0, Max: 0.0, Diff: 0.0, Sum: 0.0]
         [Processed Buffers: Min: 0, Avg: 0.1, Max: 2, Diff: 2, Sum: 2]
      [Scan RS (ms): Min: 0.0, Avg: 0.0, Max: 0.0, Diff: 0.0, Sum: 0.0]
      [Code Root Scanning (ms): Min: 0.0, Avg: 0.0, Max: 0.0, Diff: 0.0, Sum: 0.0]
      [Object Copy (ms): Min: 0.0, Avg: 0.0, Max: 0.2, Diff: 0.2, Sum: 0.6]
      [Termination (ms): Min: 0.0, Avg: 1.1, Max: 1.6, Diff: 1.6, Sum: 19.9]
         [Termination Attempts: Min: 1, Avg: 1.0, Max: 1, Diff: 0, Sum: 18]
      [GC Worker Other (ms): Min: 0.0, Avg: 0.0, Max: 0.0, Diff: 0.0, Sum: 0.1]
      [GC Worker Total (ms): Min: 1.8, Avg: 2.1, Max: 2.6, Diff: 0.8, Sum: 38.1]
      [GC Worker End (ms): Min: 8667.8, Avg: 8667.9, Max: 8668.0, Diff: 0.2]
   [Code Root Fixup: 0.0 ms]
   [Code Root Purge: 0.0 ms]
   [Clear CT: 1.0 ms]
   [Other: 6.2 ms]
      [Choose CSet: 0.0 ms]
      [Ref Proc: 5.3 ms]
      [Ref Enq: 0.0 ms]
      [Redirty Cards: 0.9 ms]
      [Humongous Register: 0.0 ms]
      [Humongous Reclaim: 0.0 ms]
      [Free CSet: 0.0 ms]
   [Eden: 7168.0K(7168.0K)->0.0B(5120.0K) Survivors: 2048.0K->2048.0K Heap: 48351.7K(65536.0K)->44396.7K(65536.0K)]
 [Times: user=0.09 sys=0.00, real=0.01 secs] 
2026-06-17T09:48:46.475+0800: 8.677: [GC concurrent-root-region-scan-start]
2026-06-17T09:48:46.476+0800: 8.677: [GC concurrent-root-region-scan-end, 0.0002693 secs]
2026-06-17T09:48:46.476+0800: 8.677: [GC concurrent-mark-start]
2026-06-17T09:48:46.476+0800: 8.677: [GC concurrent-mark-end, 0.0005078 secs]
2026-06-17T09:48:46.476+0800: 8.678: [GC remark 2026-06-17T09:48:46.477+0800: 8.678: [Finalize Marking, 0.0030649 secs] 2026-06-17T09:48:46.481+0800: 8.682: [GC ref-proc, 0.0006800 secs] 2026-06-17T09:48:46.482+0800: 8.683: [Unloading, 0.0018800 secs], 0.0088457 secs]
 [Times: user=0.02 sys=0.00, real=0.01 secs] 
2026-06-17T09:48:46.486+0800: 8.688: [GC cleanup 48265K->40073K(65536K), 0.0032458 secs]
 [Times: user=0.00 sys=0.00, real=0.00 secs] 
2026-06-17T09:48:46.491+0800: 8.692: [GC concurrent-cleanup-start]
2026-06-17T09:48:46.491+0800: 8.692: [GC concurrent-cleanup-end, 0.0000163 secs]
2026-06-17T09:48:46.491+0800: 8.692: [GC pause (G1 Evacuation Pause) (young), 0.0137502 secs]
   [Parallel Time: 8.4 ms, GC Workers: 18]
      [GC Worker Start (ms): Min: 8692.3, Avg: 8693.4, Max: 8699.7, Diff: 7.4]
      [Ext Root Scanning (ms): Min: 0.0, Avg: 0.0, Max: 0.2, Diff: 0.2, Sum: 0.5]
      [Update RS (ms): Min: 0.0, Avg: 0.0, Max: 0.0, Diff: 0.0, Sum: 0.0]
         [Processed Buffers: Min: 0, Avg: 0.2, Max: 1, Diff: 1, Sum: 3]
      [Scan RS (ms): Min: 0.0, Avg: 0.0, Max: 0.0, Diff: 0.0, Sum: 0.0]
      [Code Root Scanning (ms): Min: 0.0, Avg: 0.0, Max: 0.0, Diff: 0.0, Sum: 0.0]
      [Object Copy (ms): Min: 0.0, Avg: 0.0, Max: 0.1, Diff: 0.1, Sum: 0.6]
      [Termination (ms): Min: 0.0, Avg: 6.3, Max: 7.2, Diff: 7.2, Sum: 113.7]
         [Termination Attempts: Min: 1, Avg: 1.1, Max: 2, Diff: 1, Sum: 19]
      [GC Worker Other (ms): Min: 0.0, Avg: 0.0, Max: 0.0, Diff: 0.0, Sum: 0.1]
      [GC Worker Total (ms): Min: 0.0, Avg: 6.4, Max: 7.5, Diff: 7.5, Sum: 115.0]
      [GC Worker End (ms): Min: 8699.8, Avg: 8699.8, Max: 8699.9, Diff: 0.2]
   [Code Root Fixup: 0.0 ms]
   [Code Root Purge: 0.0 ms]
   [Clear CT: 1.8 ms]
   [Other: 3.6 ms]
      [Choose CSet: 0.0 ms]
      [Ref Proc: 2.2 ms]
      [Ref Enq: 0.0 ms]
      [Redirty Cards: 1.3 ms]
      [Humongous Register: 0.0 ms]
      [Humongous Reclaim: 0.0 ms]
      [Free CSet: 0.0 ms]
   [Eden: 5120.0K(5120.0K)->0.0B(2048.0K) Survivors: 2048.0K->1024.0K Heap: 41324.7K(65536.0K)->39058.7K(65536.0K)]
 [Times: user=0.13 sys=0.01, real=0.01 secs] 
2026-06-17T09:48:46.516+0800: 8.718: [GC pause (G1 Evacuation Pause) (mixed), 0.0072467 secs]
   [Parallel Time: 3.1 ms, GC Workers: 18]
      [GC Worker Start (ms): Min: 8717.8, Avg: 8718.8, Max: 8719.8, Diff: 2.0]
      [Ext Root Scanning (ms): Min: 0.0, Avg: 0.0, Max: 0.2, Diff: 0.2, Sum: 0.4]
      [Update RS (ms): Min: 0.0, Avg: 0.0, Max: 0.0, Diff: 0.0, Sum: 0.0]
         [Processed Buffers: Min: 0, Avg: 0.1, Max: 1, Diff: 1, Sum: 2]
      [Scan RS (ms): Min: 0.0, Avg: 0.0, Max: 0.0, Diff: 0.0, Sum: 0.0]
      [Code Root Scanning (ms): Min: 0.0, Avg: 0.0, Max: 0.0, Diff: 0.0, Sum: 0.0]
      [Object Copy (ms): Min: 0.0, Avg: 0.0, Max: 0.2, Diff: 0.2, Sum: 0.8]
      [Termination (ms): Min: 0.0, Avg: 0.9, Max: 1.7, Diff: 1.7, Sum: 17.0]
         [Termination Attempts: Min: 1, Avg: 1.0, Max: 1, Diff: 0, Sum: 18]
      [GC Worker Other (ms): Min: 0.0, Avg: 0.0, Max: 0.0, Diff: 0.0, Sum: 0.1]
      [GC Worker Total (ms): Min: 0.0, Avg: 1.0, Max: 2.1, Diff: 2.1, Sum: 18.3]
      [GC Worker End (ms): Min: 8719.8, Avg: 8719.8, Max: 8719.9, Diff: 0.2]
   [Code Root Fixup: 0.0 ms]
   [Code Root Purge: 0.0 ms]
   [Clear CT: 1.0 ms]
   [Other: 3.1 ms]
      [Choose CSet: 0.0 ms]
      [Ref Proc: 2.3 ms]
      [Ref Enq: 0.0 ms]
      [Redirty Cards: 0.8 ms]
      [Humongous Register: 0.0 ms]
      [Humongous Reclaim: 0.0 ms]
      [Free CSet: 0.0 ms]
   [Eden: 2048.0K(2048.0K)->0.0B(2048.0K) Survivors: 1024.0K->1024.0K Heap: 41106.7K(65536.0K)->36667.7K(65536.0K)]
 [Times: user=0.03 sys=0.00, real=0.01 secs] 
2026-06-17T09:48:46.525+0800: 8.726: [GC pause (G1 Evacuation Pause) (mixed), 0.0078036 secs]
   [Parallel Time: 3.9 ms, GC Workers: 18]
      [GC Worker Start (ms): Min: 8726.2, Avg: 8727.2, Max: 8729.3, Diff: 3.1]
      [Ext Root Scanning (ms): Min: 0.0, Avg: 0.0, Max: 0.1, Diff: 0.1, Sum: 0.3]
      [Update RS (ms): Min: 0.0, Avg: 0.0, Max: 0.0, Diff: 0.0, Sum: 0.0]
         [Processed Buffers: Min: 0, Avg: 0.2, Max: 2, Diff: 2, Sum: 4]
      [Scan RS (ms): Min: 0.0, Avg: 0.0, Max: 0.0, Diff: 0.0, Sum: 0.1]
      [Code Root Scanning (ms): Min: 0.0, Avg: 0.0, Max: 0.0, Diff: 0.0, Sum: 0.0]
      [Object Copy (ms): Min: 0.0, Avg: 0.0, Max: 0.2, Diff: 0.2, Sum: 0.5]
      [Termination (ms): Min: 0.0, Avg: 2.1, Max: 2.9, Diff: 2.9, Sum: 38.0]
         [Termination Attempts: Min: 1, Avg: 1.0, Max: 1, Diff: 0, Sum: 18]
      [GC Worker Other (ms): Min: 0.0, Avg: 0.0, Max: 0.0, Diff: 0.0, Sum: 0.1]
      [GC Worker Total (ms): Min: 0.0, Avg: 2.2, Max: 3.2, Diff: 3.2, Sum: 39.0]
      [GC Worker End (ms): Min: 8729.3, Avg: 8729.4, Max: 8729.5, Diff: 0.2]
   [Code Root Fixup: 0.0 ms]
   [Code Root Purge: 0.0 ms]
   [Clear CT: 1.1 ms]
   [Other: 2.8 ms]
      [Choose CSet: 0.0 ms]
      [Ref Proc: 1.9 ms]
      [Ref Enq: 0.0 ms]
      [Redirty Cards: 0.8 ms]
      [Humongous Register: 0.0 ms]
      [Humongous Reclaim: 0.0 ms]
      [Free CSet: 0.0 ms]
   [Eden: 2048.0K(2048.0K)->0.0B(14336.0K) Survivors: 1024.0K->1024.0K Heap: 38715.7K(65536.0K)->31681.7K(65536.0K)]
 [Times: user=0.05 sys=0.01, real=0.01 secs] 
2026-06-17T09:48:46.555+0800: 8.756: [GC pause (G1 Humongous Allocation) (young) (initial-mark), 0.0083178 secs]
   [Parallel Time: 3.7 ms, GC Workers: 18]
      [GC Worker Start (ms): Min: 8756.3, Avg: 8756.9, Max: 8757.3, Diff: 1.0]
      [Ext Root Scanning (ms): Min: 0.0, Avg: 1.3, Max: 1.7, Diff: 1.7, Sum: 24.2]
      [Update RS (ms): Min: 0.0, Avg: 0.0, Max: 0.1, Diff: 0.1, Sum: 0.2]
         [Processed Buffers: Min: 0, Avg: 0.3, Max: 3, Diff: 3, Sum: 5]
      [Scan RS (ms): Min: 0.0, Avg: 0.0, Max: 0.0, Diff: 0.0, Sum: 0.0]
      [Code Root Scanning (ms): Min: 0.0, Avg: 0.0, Max: 0.0, Diff: 0.0, Sum: 0.0]
      [Object Copy (ms): Min: 0.0, Avg: 0.0, Max: 0.1, Diff: 0.1, Sum: 0.3]
      [Termination (ms): Min: 0.0, Avg: 0.7, Max: 1.6, Diff: 1.6, Sum: 13.0]
         [Termination Attempts: Min: 1, Avg: 1.0, Max: 1, Diff: 0, Sum: 18]
      [GC Worker Other (ms): Min: 0.0, Avg: 0.0, Max: 0.0, Diff: 0.0, Sum: 0.1]
      [GC Worker Total (ms): Min: 1.7, Avg: 2.1, Max: 2.7, Diff: 1.1, Sum: 37.7]
      [GC Worker End (ms): Min: 8758.9, Avg: 8759.0, Max: 8759.1, Diff: 0.2]
   [Code Root Fixup: 0.0 ms]
   [Code Root Purge: 0.0 ms]
   [Clear CT: 1.3 ms]
   [Other: 3.4 ms]
      [Choose CSet: 0.0 ms]
      [Ref Proc: 2.1 ms]
      [Ref Enq: 0.0 ms]
      [Redirty Cards: 1.2 ms]
      [Humongous Register: 0.0 ms]
      [Humongous Reclaim: 0.0 ms]
      [Free CSet: 0.0 ms]
   [Eden: 9216.0K(14336.0K)->0.0B(12288.0K) Survivors: 1024.0K->2048.0K Heap: 40654.8K(65536.0K)->33833.2K(65536.0K)]
 [Times: user=0.03 sys=0.00, real=0.01 secs] 
2026-06-17T09:48:46.565+0800: 8.766: [GC concurrent-root-region-scan-start]
2026-06-17T09:48:46.565+0800: 8.766: [GC concurrent-root-region-scan-end, 0.0003030 secs]
2026-06-17T09:48:46.565+0800: 8.766: [GC concurrent-mark-start]
2026-06-17T09:48:46.565+0800: 8.767: [GC concurrent-mark-end, 0.0004673 secs]
2026-06-17T09:48:46.565+0800: 8.767: [GC remark 2026-06-17T09:48:46.566+0800: 8.767: [Finalize Marking, 0.0062185 secs] 2026-06-17T09:48:46.573+0800: 8.774: [GC ref-proc, 0.0006500 secs] 2026-06-17T09:48:46.574+0800: 8.775: [Unloading, 0.0026508 secs], 0.0130949 secs]
 [Times: user=0.09 sys=0.00, real=0.01 secs] 
2026-06-17T09:48:46.580+0800: 8.781: [GC cleanup 36519K->34471K(65536K), 0.0033880 secs]
 [Times: user=0.00 sys=0.00, real=0.01 secs] 
2026-06-17T09:48:46.584+0800: 8.785: [GC concurrent-cleanup-start]
2026-06-17T09:48:46.584+0800: 8.785: [GC concurrent-cleanup-end, 0.0000078 secs]
2026-06-17T09:48:46.616+0800: 8.817: [GC pause (G1 Evacuation Pause) (young), 0.0279616 secs]
   [Parallel Time: 16.9 ms, GC Workers: 18]
      [GC Worker Start (ms): Min: 8817.1, Avg: 8825.4, Max: 8833.0, Diff: 15.9]
      [Ext Root Scanning (ms): Min: 0.0, Avg: 0.0, Max: 0.2, Diff: 0.2, Sum: 0.4]
      [Update RS (ms): Min: 0.0, Avg: 0.0, Max: 0.0, Diff: 0.0, Sum: 0.0]
         [Processed Buffers: Min: 0, Avg: 0.1, Max: 1, Diff: 1, Sum: 2]
      [Scan RS (ms): Min: 0.0, Avg: 0.0, Max: 0.0, Diff: 0.0, Sum: 0.0]
      [Code Root Scanning (ms): Min: 0.0, Avg: 0.0, Max: 0.0, Diff: 0.0, Sum: 0.0]
      [Object Copy (ms): Min: 0.0, Avg: 0.0, Max: 0.2, Diff: 0.2, Sum: 0.5]
      [Termination (ms): Min: 0.0, Avg: 7.6, Max: 15.8, Diff: 15.8, Sum: 137.3]
         [Termination Attempts: Min: 1, Avg: 1.0, Max: 1, Diff: 0, Sum: 18]
      [GC Worker Other (ms): Min: 0.0, Avg: 0.0, Max: 0.0, Diff: 0.0, Sum: 0.1]
      [GC Worker Total (ms): Min: 0.0, Avg: 7.7, Max: 16.1, Diff: 16.1, Sum: 138.3]
      [GC Worker End (ms): Min: 8833.0, Avg: 8833.1, Max: 8833.2, Diff: 0.3]
   [Code Root Fixup: 0.0 ms]
   [Code Root Purge: 0.0 ms]
   [Clear CT: 1.6 ms]
   [Other: 9.5 ms]
      [Choose CSet: 0.0 ms]
      [Ref Proc: 8.0 ms]
      [Ref Enq: 0.0 ms]
      [Redirty Cards: 1.4 ms]
      [Humongous Register: 0.0 ms]
      [Humongous Reclaim: 0.0 ms]
      [Free CSet: 0.0 ms]
   [Eden: 12288.0K(12288.0K)->0.0B(1024.0K) Survivors: 2048.0K->2048.0K Heap: 45401.2K(65536.0K)->28997.6K(65536.0K)]
 [Times: user=0.22 sys=0.00, real=0.03 secs] 
2026-06-17T09:48:46.645+0800: 8.846: [GC pause (G1 Evacuation Pause) (mixed), 0.0181192 secs]
   [Parallel Time: 6.9 ms, GC Workers: 18]
      [GC Worker Start (ms): Min: 8846.4, Avg: 8848.3, Max: 8852.4, Diff: 6.0]
      [Ext Root Scanning (ms): Min: 0.0, Avg: 0.0, Max: 0.2, Diff: 0.2, Sum: 0.5]
      [Update RS (ms): Min: 0.0, Avg: 0.0, Max: 0.0, Diff: 0.0, Sum: 0.0]
         [Processed Buffers: Min: 0, Avg: 0.1, Max: 1, Diff: 1, Sum: 2]
      [Scan RS (ms): Min: 0.0, Avg: 0.0, Max: 0.0, Diff: 0.0, Sum: 0.0]
      [Code Root Scanning (ms): Min: 0.0, Avg: 0.0, Max: 0.0, Diff: 0.0, Sum: 0.0]
      [Object Copy (ms): Min: 0.0, Avg: 0.1, Max: 0.2, Diff: 0.2, Sum: 1.1]
      [Termination (ms): Min: 0.0, Avg: 4.1, Max: 5.7, Diff: 5.7, Sum: 73.0]
         [Termination Attempts: Min: 1, Avg: 1.0, Max: 1, Diff: 0, Sum: 18]
      [GC Worker Other (ms): Min: 0.0, Avg: 0.0, Max: 0.0, Diff: 0.0, Sum: 0.1]
      [GC Worker Total (ms): Min: 0.0, Avg: 4.2, Max: 6.2, Diff: 6.2, Sum: 74.7]
      [GC Worker End (ms): Min: 8852.4, Avg: 8852.5, Max: 8852.6, Diff: 0.2]
   [Code Root Fixup: 0.0 ms]
   [Code Root Purge: 0.0 ms]
   [Clear CT: 0.9 ms]
   [Other: 10.2 ms]
      [Choose CSet: 0.0 ms]
      [Ref Proc: 9.2 ms]
      [Ref Enq: 0.0 ms]
      [Redirty Cards: 0.9 ms]
      [Humongous Register: 0.0 ms]
      [Humongous Reclaim: 0.0 ms]
      [Free CSet: 0.0 ms]
   [Eden: 1024.0K(1024.0K)->0.0B(18432.0K) Survivors: 2048.0K->1024.0K Heap: 30021.6K(65536.0K)->27752.0K(65536.0K)]
 [Times: user=0.19 sys=0.00, real=0.02 secs] 
2026-06-17T09:48:46.706+0800: 8.908: [GC pause (G1 Evacuation Pause) (young), 0.0127191 secs]
   [Parallel Time: 8.2 ms, GC Workers: 18]
      [GC Worker Start (ms): Min: 8907.8, Avg: 8909.4, Max: 8915.2, Diff: 7.3]
      [Ext Root Scanning (ms): Min: 0.0, Avg: 0.0, Max: 0.2, Diff: 0.2, Sum: 0.3]
      [Update RS (ms): Min: 0.0, Avg: 0.0, Max: 0.0, Diff: 0.0, Sum: 0.0]
         [Processed Buffers: Min: 0, Avg: 0.3, Max: 3, Diff: 3, Sum: 5]
      [Scan RS (ms): Min: 0.0, Avg: 0.0, Max: 0.0, Diff: 0.0, Sum: 0.1]
      [Code Root Scanning (ms): Min: 0.0, Avg: 0.0, Max: 0.0, Diff: 0.0, Sum: 0.0]
      [Object Copy (ms): Min: 0.0, Avg: 0.1, Max: 0.3, Diff: 0.3, Sum: 1.4]
      [Termination (ms): Min: 0.0, Avg: 5.7, Max: 6.9, Diff: 6.9, Sum: 102.8]
         [Termination Attempts: Min: 1, Avg: 1.0, Max: 1, Diff: 0, Sum: 18]
      [GC Worker Other (ms): Min: 0.0, Avg: 0.0, Max: 0.0, Diff: 0.0, Sum: 0.1]
      [GC Worker Total (ms): Min: 0.0, Avg: 5.8, Max: 7.4, Diff: 7.4, Sum: 104.7]
      [GC Worker End (ms): Min: 8915.2, Avg: 8915.2, Max: 8915.4, Diff: 0.3]
   [Code Root Fixup: 0.0 ms]
   [Code Root Purge: 0.0 ms]
   [Clear CT: 1.4 ms]
   [Other: 3.1 ms]
      [Choose CSet: 0.0 ms]
      [Ref Proc: 2.1 ms]
      [Ref Enq: 0.0 ms]
      [Redirty Cards: 1.0 ms]
      [Humongous Register: 0.0 ms]
      [Humongous Reclaim: 0.0 ms]
      [Free CSet: 0.0 ms]
   [Eden: 18432.0K(18432.0K)->0.0B(12288.0K) Survivors: 1024.0K->3072.0K Heap: 46184.0K(65536.0K)->35800.6K(65536.0K)]
 [Times: user=0.11 sys=0.00, real=0.01 secs] 
2026-06-17T09:48:46.752+0800: 8.953: [GC pause (G1 Evacuation Pause) (young) (initial-mark), 0.0129019 secs]
   [Parallel Time: 3.9 ms, GC Workers: 18]
      [GC Worker Start (ms): Min: 8953.0, Avg: 8953.5, Max: 8953.9, Diff: 0.9]
      [Ext Root Scanning (ms): Min: 0.0, Avg: 1.4, Max: 2.2, Diff: 2.2, Sum: 25.4]
      [Update RS (ms): Min: 0.0, Avg: 0.0, Max: 0.0, Diff: 0.0, Sum: 0.0]
         [Processed Buffers: Min: 0, Avg: 0.2, Max: 3, Diff: 3, Sum: 3]
      [Scan RS (ms): Min: 0.0, Avg: 0.0, Max: 0.0, Diff: 0.0, Sum: 0.0]
      [Code Root Scanning (ms): Min: 0.0, Avg: 0.0, Max: 0.0, Diff: 0.0, Sum: 0.0]
      [Object Copy (ms): Min: 0.0, Avg: 0.0, Max: 0.2, Diff: 0.2, Sum: 0.7]
      [Termination (ms): Min: 0.0, Avg: 1.1, Max: 2.0, Diff: 2.0, Sum: 20.7]
         [Termination Attempts: Min: 1, Avg: 1.0, Max: 1, Diff: 0, Sum: 18]
      [GC Worker Other (ms): Min: 0.0, Avg: 0.0, Max: 0.0, Diff: 0.0, Sum: 0.1]
      [GC Worker Total (ms): Min: 2.2, Avg: 2.6, Max: 3.1, Diff: 0.9, Sum: 46.9]
      [GC Worker End (ms): Min: 8956.1, Avg: 8956.1, Max: 8956.2, Diff: 0.1]
   [Code Root Fixup: 0.0 ms]
   [Code Root Purge: 0.0 ms]
   [Clear CT: 1.5 ms]
   [Other: 7.5 ms]
      [Choose CSet: 0.0 ms]
      [Ref Proc: 6.4 ms]
      [Ref Enq: 0.0 ms]
      [Redirty Cards: 1.0 ms]
      [Humongous Register: 0.0 ms]
      [Humongous Reclaim: 0.0 ms]
      [Free CSet: 0.0 ms]
   [Eden: 12288.0K(12288.0K)->0.0B(11264.0K) Survivors: 3072.0K->2048.0K Heap: 48088.6K(65536.0K)->37579.6K(65536.0K)]
 [Times: user=0.11 sys=0.00, real=0.01 secs] 
2026-06-17T09:48:46.766+0800: 8.967: [GC concurrent-root-region-scan-start]
2026-06-17T09:48:46.766+0800: 8.967: [GC concurrent-root-region-scan-end, 0.0002739 secs]
2026-06-17T09:48:46.766+0800: 8.967: [GC concurrent-mark-start]
2026-06-17T09:48:46.767+0800: 8.968: [GC concurrent-mark-end, 0.0004900 secs]
2026-06-17T09:48:46.767+0800: 8.968: [GC remark 2026-06-17T09:48:46.767+0800: 8.969: [Finalize Marking, 0.0032785 secs] 2026-06-17T09:48:46.771+0800: 8.972: [GC ref-proc, 0.0007647 secs] 2026-06-17T09:48:46.773+0800: 8.974: [Unloading, 0.0022881 secs], 0.0094652 secs]
 [Times: user=0.01 sys=0.01, real=0.01 secs] 
2026-06-17T09:48:46.778+0800: 8.979: [GC cleanup 41674K->36554K(65536K), 0.0034807 secs]
 [Times: user=0.00 sys=0.00, real=0.00 secs] 
2026-06-17T09:48:46.782+0800: 8.983: [GC concurrent-cleanup-start]
2026-06-17T09:48:46.782+0800: 8.983: [GC concurrent-cleanup-end, 0.0000111 secs]
2026-06-17T09:48:46.793+0800: 8.994: [GC pause (G1 Evacuation Pause) (young), 0.0137505 secs]
   [Parallel Time: 8.7 ms, GC Workers: 18]
      [GC Worker Start (ms): Min: 8994.2, Avg: 8995.8, Max: 9002.7, Diff: 8.5]
      [Ext Root Scanning (ms): Min: 0.0, Avg: 0.0, Max: 0.2, Diff: 0.2, Sum: 0.4]
      [Update RS (ms): Min: 0.0, Avg: 0.0, Max: 0.0, Diff: 0.0, Sum: 0.0]
         [Processed Buffers: Min: 0, Avg: 0.2, Max: 1, Diff: 1, Sum: 3]
      [Scan RS (ms): Min: 0.0, Avg: 0.0, Max: 0.0, Diff: 0.0, Sum: 0.0]
      [Code Root Scanning (ms): Min: 0.0, Avg: 0.0, Max: 0.0, Diff: 0.0, Sum: 0.0]
      [Object Copy (ms): Min: 0.0, Avg: 0.0, Max: 0.1, Diff: 0.1, Sum: 0.4]
      [Termination (ms): Min: 0.0, Avg: 6.9, Max: 8.3, Diff: 8.3, Sum: 123.5]
         [Termination Attempts: Min: 1, Avg: 1.1, Max: 2, Diff: 1, Sum: 20]
      [GC Worker Other (ms): Min: 0.0, Avg: 0.0, Max: 0.0, Diff: 0.0, Sum: 0.1]
      [GC Worker Total (ms): Min: 0.0, Avg: 6.9, Max: 8.6, Diff: 8.6, Sum: 124.5]
      [GC Worker End (ms): Min: 9002.7, Avg: 9002.8, Max: 9002.8, Diff: 0.2]
   [Code Root Fixup: 0.0 ms]
   [Code Root Purge: 0.0 ms]
   [Clear CT: 1.4 ms]
   [Other: 3.6 ms]
      [Choose CSet: 0.0 ms]
      [Ref Proc: 2.6 ms]
      [Ref Enq: 0.0 ms]
      [Redirty Cards: 1.0 ms]
      [Humongous Register: 0.0 ms]
      [Humongous Reclaim: 0.0 ms]
      [Free CSet: 0.0 ms]
   [Eden: 11264.0K(11264.0K)->0.0B(1024.0K) Survivors: 2048.0K->2048.0K Heap: 43723.6K(65536.0K)->34001.6K(65536.0K)]
 [Times: user=0.14 sys=0.01, real=0.01 secs] 
2026-06-17T09:48:46.818+0800: 9.020: [GC pause (G1 Evacuation Pause) (mixed), 0.0117492 secs]
   [Parallel Time: 6.4 ms, GC Workers: 18]
      [GC Worker Start (ms): Min: 9019.6, Avg: 9021.0, Max: 9025.4, Diff: 5.8]
      [Ext Root Scanning (ms): Min: 0.0, Avg: 0.0, Max: 0.2, Diff: 0.2, Sum: 0.6]
      [Update RS (ms): Min: 0.0, Avg: 0.0, Max: 0.0, Diff: 0.0, Sum: 0.0]
         [Processed Buffers: Min: 0, Avg: 0.1, Max: 1, Diff: 1, Sum: 2]
      [Scan RS (ms): Min: 0.0, Avg: 0.0, Max: 0.0, Diff: 0.0, Sum: 0.0]
      [Code Root Scanning (ms): Min: 0.0, Avg: 0.0, Max: 0.0, Diff: 0.0, Sum: 0.0]
      [Object Copy (ms): Min: 0.0, Avg: 0.0, Max: 0.2, Diff: 0.2, Sum: 0.8]
      [Termination (ms): Min: 0.0, Avg: 4.3, Max: 5.5, Diff: 5.5, Sum: 77.9]
         [Termination Attempts: Min: 1, Avg: 1.0, Max: 1, Diff: 0, Sum: 18]
      [GC Worker Other (ms): Min: 0.0, Avg: 0.0, Max: 0.0, Diff: 0.0, Sum: 0.1]
      [GC Worker Total (ms): Min: 0.0, Avg: 4.4, Max: 5.9, Diff: 5.8, Sum: 79.4]
      [GC Worker End (ms): Min: 9025.4, Avg: 9025.4, Max: 9025.6, Diff: 0.2]
   [Code Root Fixup: 0.0 ms]
   [Code Root Purge: 0.0 ms]
   [Clear CT: 2.1 ms]
   [Other: 3.3 ms]
      [Choose CSet: 0.0 ms]
      [Ref Proc: 1.9 ms]
      [Ref Enq: 0.0 ms]
      [Redirty Cards: 1.3 ms]
      [Humongous Register: 0.0 ms]
      [Humongous Reclaim: 0.0 ms]
      [Free CSet: 0.0 ms]
   [Eden: 1024.0K(1024.0K)->0.0B(2048.0K) Survivors: 2048.0K->1024.0K Heap: 35025.6K(65536.0K)->31891.9K(65536.0K)]
 [Times: user=0.09 sys=0.00, real=0.02 secs] 
2026-06-17T09:48:46.831+0800: 9.033: [GC pause (G1 Evacuation Pause) (mixed), 0.0073042 secs]
   [Parallel Time: 3.5 ms, GC Workers: 18]
      [GC Worker Start (ms): Min: 9032.7, Avg: 9033.7, Max: 9035.8, Diff: 3.1]
      [Ext Root Scanning (ms): Min: 0.0, Avg: 0.0, Max: 0.2, Diff: 0.1, Sum: 0.4]
      [Update RS (ms): Min: 0.0, Avg: 0.0, Max: 0.0, Diff: 0.0, Sum: 0.0]
         [Processed Buffers: Min: 0, Avg: 0.3, Max: 2, Diff: 2, Sum: 5]
      [Scan RS (ms): Min: 0.0, Avg: 0.0, Max: 0.0, Diff: 0.0, Sum: 0.0]
      [Code Root Scanning (ms): Min: 0.0, Avg: 0.0, Max: 0.0, Diff: 0.0, Sum: 0.0]
      [Object Copy (ms): Min: 0.0, Avg: 0.1, Max: 0.3, Diff: 0.3, Sum: 1.1]
      [Termination (ms): Min: 0.0, Avg: 2.1, Max: 2.7, Diff: 2.7, Sum: 37.2]
         [Termination Attempts: Min: 1, Avg: 1.0, Max: 1, Diff: 0, Sum: 18]
      [GC Worker Other (ms): Min: 0.0, Avg: 0.0, Max: 0.0, Diff: 0.0, Sum: 0.1]
      [GC Worker Total (ms): Min: 0.0, Avg: 2.2, Max: 3.1, Diff: 3.1, Sum: 38.8]
      [GC Worker End (ms): Min: 9035.8, Avg: 9035.8, Max: 9035.9, Diff: 0.1]
   [Code Root Fixup: 0.0 ms]
   [Code Root Purge: 0.0 ms]
   [Clear CT: 0.8 ms]
   [Other: 3.0 ms]
      [Choose CSet: 0.0 ms]
      [Ref Proc: 2.1 ms]
      [Ref Enq: 0.0 ms]
      [Redirty Cards: 0.8 ms]
      [Humongous Register: 0.0 ms]
      [Humongous Reclaim: 0.0 ms]
      [Free CSet: 0.0 ms]
   [Eden: 2048.0K(2048.0K)->0.0B(2048.0K) Survivors: 1024.0K->1024.0K Heap: 33939.9K(65536.0K)->32166.6K(65536.0K)]
 [Times: user=0.06 sys=0.00, real=0.00 secs] 
2026-06-17T09:48:46.850+0800: 9.051: [GC pause (G1 Evacuation Pause) (mixed), 0.0124633 secs]
   [Parallel Time: 7.8 ms, GC Workers: 18]
      [GC Worker Start (ms): Min: 9051.5, Avg: 9053.0, Max: 9058.6, Diff: 7.1]
      [Ext Root Scanning (ms): Min: 0.0, Avg: 0.0, Max: 0.2, Diff: 0.2, Sum: 0.5]
      [Update RS (ms): Min: 0.0, Avg: 0.0, Max: 0.0, Diff: 0.0, Sum: 0.0]
         [Processed Buffers: Min: 0, Avg: 0.3, Max: 2, Diff: 2, Sum: 5]
      [Scan RS (ms): Min: 0.0, Avg: 0.0, Max: 0.0, Diff: 0.0, Sum: 0.1]
      [Code Root Scanning (ms): Min: 0.0, Avg: 0.0, Max: 0.0, Diff: 0.0, Sum: 0.0]
      [Object Copy (ms): Min: 0.0, Avg: 0.0, Max: 0.2, Diff: 0.2, Sum: 0.7]
      [Termination (ms): Min: 0.0, Avg: 5.6, Max: 6.9, Diff: 6.9, Sum: 100.2]
         [Termination Attempts: Min: 1, Avg: 1.1, Max: 2, Diff: 1, Sum: 19]
      [GC Worker Other (ms): Min: 0.0, Avg: 0.0, Max: 0.0, Diff: 0.0, Sum: 0.1]
      [GC Worker Total (ms): Min: 0.0, Avg: 5.6, Max: 7.2, Diff: 7.2, Sum: 101.6]
      [GC Worker End (ms): Min: 9058.6, Avg: 9058.7, Max: 9058.8, Diff: 0.2]
   [Code Root Fixup: 0.0 ms]
   [Code Root Purge: 0.0 ms]
   [Clear CT: 1.6 ms]
   [Other: 3.0 ms]
      [Choose CSet: 0.0 ms]
      [Ref Proc: 2.1 ms]
      [Ref Enq: 0.0 ms]
      [Redirty Cards: 0.8 ms]
      [Humongous Register: 0.0 ms]
      [Humongous Reclaim: 0.0 ms]
      [Free CSet: 0.0 ms]
   [Eden: 2048.0K(2048.0K)->0.0B(17408.0K) Survivors: 1024.0K->1024.0K Heap: 34214.6K(65536.0K)->30706.6K(65536.0K)]
 [Times: user=0.11 sys=0.01, real=0.02 secs] 
2026-06-17T09:48:46.885+0800: 9.086: [GC pause (G1 Humongous Allocation) (young) (initial-mark), 0.0114370 secs]
   [Parallel Time: 7.7 ms, GC Workers: 18]
      [GC Worker Start (ms): Min: 9086.0, Avg: 9086.3, Max: 9086.6, Diff: 0.6]
      [Ext Root Scanning (ms): Min: 0.0, Avg: 1.7, Max: 6.5, Diff: 6.5, Sum: 31.1]
      [Update RS (ms): Min: 0.0, Avg: 0.0, Max: 0.1, Diff: 0.1, Sum: 0.2]
         [Processed Buffers: Min: 0, Avg: 0.3, Max: 3, Diff: 3, Sum: 6]
      [Scan RS (ms): Min: 0.0, Avg: 0.0, Max: 0.0, Diff: 0.0, Sum: 0.0]
      [Code Root Scanning (ms): Min: 0.0, Avg: 0.0, Max: 0.0, Diff: 0.0, Sum: 0.0]
      [Object Copy (ms): Min: 0.0, Avg: 0.0, Max: 0.1, Diff: 0.1, Sum: 0.3]
      [Termination (ms): Min: 0.0, Avg: 5.0, Max: 6.4, Diff: 6.4, Sum: 90.0]
         [Termination Attempts: Min: 1, Avg: 1.0, Max: 1, Diff: 0, Sum: 18]
      [GC Worker Other (ms): Min: 0.0, Avg: 0.0, Max: 0.0, Diff: 0.0, Sum: 0.1]
      [GC Worker Total (ms): Min: 6.5, Avg: 6.8, Max: 7.1, Diff: 0.6, Sum: 121.8]
      [GC Worker End (ms): Min: 9093.0, Avg: 9093.1, Max: 9093.2, Diff: 0.2]
   [Code Root Fixup: 0.0 ms]
   [Code Root Purge: 0.0 ms]
   [Clear CT: 1.0 ms]
   [Other: 2.8 ms]
      [Choose CSet: 0.0 ms]
      [Ref Proc: 2.0 ms]
      [Ref Enq: 0.0 ms]
      [Redirty Cards: 0.7 ms]
      [Humongous Register: 0.0 ms]
      [Humongous Reclaim: 0.0 ms]
      [Free CSet: 0.0 ms]
   [Eden: 12288.0K(17408.0K)->0.0B(16384.0K) Survivors: 1024.0K->3072.0K Heap: 42197.7K(65536.0K)->32458.7K(65536.0K)]
 [Times: user=0.11 sys=0.00, real=0.01 secs] 
2026-06-17T09:48:46.897+0800: 9.099: [GC concurrent-root-region-scan-start]
2026-06-17T09:48:46.898+0800: 9.099: [GC concurrent-root-region-scan-end, 0.0002557 secs]
2026-06-17T09:48:46.898+0800: 9.099: [GC concurrent-mark-start]
2026-06-17T09:48:46.898+0800: 9.099: [GC concurrent-mark-end, 0.0004626 secs]
2026-06-17T09:48:46.898+0800: 9.100: [GC remark 2026-06-17T09:48:46.899+0800: 9.100: [Finalize Marking, 0.0024282 secs] 2026-06-17T09:48:46.902+0800: 9.103: [GC ref-proc, 0.0005912 secs] 2026-06-17T09:48:46.903+0800: 9.104: [Unloading, 0.0017063 secs], 0.0074949 secs]
 [Times: user=0.02 sys=0.00, real=0.01 secs] 
2026-06-17T09:48:46.907+0800: 9.108: [GC cleanup 33487K->33487K(65536K), 0.0033112 secs]
 [Times: user=0.00 sys=0.00, real=0.01 secs] 
2026-06-17T09:48:46.943+0800: 9.144: [GC pause (G1 Evacuation Pause) (young), 0.0148638 secs]
   [Parallel Time: 11.1 ms, GC Workers: 18]
      [GC Worker Start (ms): Min: 9144.1, Avg: 9148.3, Max: 9154.6, Diff: 10.5]
      [Ext Root Scanning (ms): Min: 0.0, Avg: 0.0, Max: 0.2, Diff: 0.2, Sum: 0.4]
      [Update RS (ms): Min: 0.0, Avg: 0.0, Max: 0.0, Diff: 0.0, Sum: 0.0]
         [Processed Buffers: Min: 0, Avg: 0.2, Max: 1, Diff: 1, Sum: 4]
      [Scan RS (ms): Min: 0.0, Avg: 0.0, Max: 0.0, Diff: 0.0, Sum: 0.0]
      [Code Root Scanning (ms): Min: 0.0, Avg: 0.0, Max: 0.0, Diff: 0.0, Sum: 0.0]
      [Object Copy (ms): Min: 0.0, Avg: 0.2, Max: 2.1, Diff: 2.1, Sum: 3.1]
      [Termination (ms): Min: 0.0, Avg: 6.2, Max: 10.4, Diff: 10.4, Sum: 111.0]
         [Termination Attempts: Min: 1, Avg: 1.0, Max: 1, Diff: 0, Sum: 18]
      [GC Worker Other (ms): Min: 0.0, Avg: 0.0, Max: 0.0, Diff: 0.0, Sum: 0.1]
      [GC Worker Total (ms): Min: 0.0, Avg: 6.4, Max: 10.7, Diff: 10.7, Sum: 114.7]
      [GC Worker End (ms): Min: 9154.6, Avg: 9154.7, Max: 9155.0, Diff: 0.3]
   [Code Root Fixup: 0.0 ms]
   [Code Root Purge: 0.0 ms]
   [Clear CT: 1.1 ms]
   [Other: 2.7 ms]
      [Choose CSet: 0.0 ms]
      [Ref Proc: 1.6 ms]
      [Ref Enq: 0.0 ms]
      [Redirty Cards: 1.0 ms]
      [Humongous Register: 0.0 ms]
      [Humongous Reclaim: 0.0 ms]
      [Free CSet: 0.0 ms]
   [Eden: 16384.0K(16384.0K)->0.0B(1024.0K) Survivors: 3072.0K->3072.0K Heap: 49871.7K(65536.0K)->37950.6K(65536.0K)]
 [Times: user=0.13 sys=0.00, real=0.01 secs] 
2026-06-17T09:48:46.969+0800: 9.171: [GC pause (G1 Evacuation Pause) (mixed), 0.0110920 secs]
   [Parallel Time: 6.3 ms, GC Workers: 18]
      [GC Worker Start (ms): Min: 9170.8, Avg: 9172.1, Max: 9176.6, Diff: 5.8]
      [Ext Root Scanning (ms): Min: 0.0, Avg: 0.0, Max: 0.2, Diff: 0.2, Sum: 0.6]
      [Update RS (ms): Min: 0.0, Avg: 0.0, Max: 0.0, Diff: 0.0, Sum: 0.0]
         [Processed Buffers: Min: 0, Avg: 0.2, Max: 1, Diff: 1, Sum: 4]
      [Scan RS (ms): Min: 0.0, Avg: 0.0, Max: 0.0, Diff: 0.0, Sum: 0.0]
      [Code Root Scanning (ms): Min: 0.0, Avg: 0.0, Max: 0.0, Diff: 0.0, Sum: 0.0]
      [Object Copy (ms): Min: 0.0, Avg: 0.1, Max: 0.2, Diff: 0.2, Sum: 0.9]
      [Termination (ms): Min: 0.0, Avg: 4.4, Max: 5.4, Diff: 5.4, Sum: 79.8]
         [Termination Attempts: Min: 1, Avg: 1.0, Max: 1, Diff: 0, Sum: 18]
      [GC Worker Other (ms): Min: 0.0, Avg: 0.0, Max: 0.0, Diff: 0.0, Sum: 0.1]
      [GC Worker Total (ms): Min: 0.0, Avg: 4.5, Max: 5.8, Diff: 5.8, Sum: 81.5]
      [GC Worker End (ms): Min: 9176.6, Avg: 9176.6, Max: 9176.7, Diff: 0.1]
   [Code Root Fixup: 0.0 ms]
   [Code Root Purge: 0.0 ms]
   [Clear CT: 0.6 ms]
   [Other: 4.2 ms]
      [Choose CSet: 0.0 ms]
      [Ref Proc: 3.6 ms]
      [Ref Enq: 0.0 ms]
      [Redirty Cards: 0.5 ms]
      [Humongous Register: 0.0 ms]
      [Humongous Reclaim: 0.0 ms]
      [Free CSet: 0.0 ms]
   [Eden: 1024.0K(1024.0K)->0.0B(2048.0K) Survivors: 3072.0K->1024.0K Heap: 38974.6K(65536.0K)->34363.4K(65536.0K)]
 [Times: user=0.12 sys=0.00, real=0.01 secs] 
2026-06-17T09:48:46.982+0800: 9.183: [GC pause (G1 Evacuation Pause) (mixed), 0.0105155 secs]
   [Parallel Time: 6.0 ms, GC Workers: 18]
      [GC Worker Start (ms): Min: 9183.1, Avg: 9184.8, Max: 9188.5, Diff: 5.3]
      [Ext Root Scanning (ms): Min: 0.0, Avg: 0.0, Max: 0.2, Diff: 0.2, Sum: 0.4]
      [Update RS (ms): Min: 0.0, Avg: 0.0, Max: 0.0, Diff: 0.0, Sum: 0.0]
         [Processed Buffers: Min: 0, Avg: 0.4, Max: 4, Diff: 4, Sum: 7]
      [Scan RS (ms): Min: 0.0, Avg: 0.0, Max: 0.0, Diff: 0.0, Sum: 0.1]
      [Code Root Scanning (ms): Min: 0.0, Avg: 0.0, Max: 0.0, Diff: 0.0, Sum: 0.0]
      [Object Copy (ms): Min: 0.0, Avg: 0.1, Max: 0.3, Diff: 0.3, Sum: 1.0]
      [Termination (ms): Min: 0.0, Avg: 3.7, Max: 5.1, Diff: 5.1, Sum: 66.7]
         [Termination Attempts: Min: 1, Avg: 1.0, Max: 1, Diff: 0, Sum: 18]
      [GC Worker Other (ms): Min: 0.0, Avg: 0.0, Max: 0.0, Diff: 0.0, Sum: 0.1]
      [GC Worker Total (ms): Min: 0.0, Avg: 3.8, Max: 5.5, Diff: 5.5, Sum: 68.2]
      [GC Worker End (ms): Min: 9188.5, Avg: 9188.6, Max: 9188.8, Diff: 0.4]
   [Code Root Fixup: 0.0 ms]
   [Code Root Purge: 0.0 ms]
   [Clear CT: 0.8 ms]
   [Other: 3.8 ms]
      [Choose CSet: 0.0 ms]
      [Ref Proc: 2.9 ms]
      [Ref Enq: 0.0 ms]
      [Redirty Cards: 0.8 ms]
      [Humongous Register: 0.0 ms]
      [Humongous Reclaim: 0.0 ms]
      [Free CSet: 0.0 ms]
   [Eden: 2048.0K(2048.0K)->0.0B(2048.0K) Survivors: 1024.0K->1024.0K Heap: 36411.4K(65536.0K)->34841.6K(65536.0K)]
 [Times: user=0.10 sys=0.01, real=0.02 secs] 
2026-06-17T09:48:46.994+0800: 9.195: [GC pause (G1 Evacuation Pause) (mixed), 0.0081381 secs]
   [Parallel Time: 5.0 ms, GC Workers: 18]
      [GC Worker Start (ms): Min: 9194.9, Avg: 9196.1, Max: 9199.2, Diff: 4.3]
      [Ext Root Scanning (ms): Min: 0.0, Avg: 0.0, Max: 0.2, Diff: 0.2, Sum: 0.6]
      [Update RS (ms): Min: 0.0, Avg: 0.0, Max: 0.1, Diff: 0.1, Sum: 0.1]
         [Processed Buffers: Min: 0, Avg: 0.3, Max: 1, Diff: 1, Sum: 5]
      [Scan RS (ms): Min: 0.0, Avg: 0.0, Max: 0.0, Diff: 0.0, Sum: 0.1]
      [Code Root Scanning (ms): Min: 0.0, Avg: 0.0, Max: 0.0, Diff: 0.0, Sum: 0.0]
      [Object Copy (ms): Min: 0.0, Avg: 0.0, Max: 0.1, Diff: 0.1, Sum: 0.5]
      [Termination (ms): Min: 0.0, Avg: 3.2, Max: 4.1, Diff: 4.1, Sum: 56.9]
         [Termination Attempts: Min: 1, Avg: 1.0, Max: 1, Diff: 0, Sum: 18]
      [GC Worker Other (ms): Min: 0.0, Avg: 0.0, Max: 0.0, Diff: 0.0, Sum: 0.1]
      [GC Worker Total (ms): Min: 0.0, Avg: 3.2, Max: 4.4, Diff: 4.4, Sum: 58.3]
      [GC Worker End (ms): Min: 9199.2, Avg: 9199.3, Max: 9199.4, Diff: 0.2]
   [Code Root Fixup: 0.0 ms]
   [Code Root Purge: 0.0 ms]
   [Clear CT: 0.7 ms]
   [Other: 2.4 ms]
      [Choose CSet: 0.0 ms]
      [Ref Proc: 1.7 ms]
      [Ref Enq: 0.0 ms]
      [Redirty Cards: 0.6 ms]
      [Humongous Register: 0.0 ms]
      [Humongous Reclaim: 0.0 ms]
      [Free CSet: 0.0 ms]
   [Eden: 2048.0K(2048.0K)->0.0B(12288.0K) Survivors: 1024.0K->1024.0K Heap: 36889.6K(65536.0K)->35694.6K(65536.0K)]
 [Times: user=0.07 sys=0.00, real=0.00 secs] 
2026-06-17T09:48:47.034+0800: 9.236: [GC pause (G1 Evacuation Pause) (young), 0.0101049 secs]
   [Parallel Time: 7.3 ms, GC Workers: 18]
      [GC Worker Start (ms): Min: 9235.7, Avg: 9237.1, Max: 9242.4, Diff: 6.7]
      [Ext Root Scanning (ms): Min: 0.0, Avg: 0.0, Max: 0.2, Diff: 0.2, Sum: 0.3]
      [Update RS (ms): Min: 0.0, Avg: 0.0, Max: 0.1, Diff: 0.1, Sum: 0.2]
         [Processed Buffers: Min: 0, Avg: 0.4, Max: 4, Diff: 4, Sum: 8]
      [Scan RS (ms): Min: 0.0, Avg: 0.0, Max: 0.0, Diff: 0.0, Sum: 0.0]
      [Code Root Scanning (ms): Min: 0.0, Avg: 0.0, Max: 0.0, Diff: 0.0, Sum: 0.0]
      [Object Copy (ms): Min: 0.0, Avg: 0.0, Max: 0.1, Diff: 0.1, Sum: 0.3]
      [Termination (ms): Min: 0.0, Avg: 5.4, Max: 6.6, Diff: 6.6, Sum: 96.8]
         [Termination Attempts: Min: 1, Avg: 1.0, Max: 1, Diff: 0, Sum: 18]
      [GC Worker Other (ms): Min: 0.0, Avg: 0.0, Max: 0.0, Diff: 0.0, Sum: 0.1]
      [GC Worker Total (ms): Min: 0.0, Avg: 5.4, Max: 6.8, Diff: 6.8, Sum: 97.6]
      [GC Worker End (ms): Min: 9242.4, Avg: 9242.5, Max: 9242.6, Diff: 0.2]
   [Code Root Fixup: 0.0 ms]
   [Code Root Purge: 0.0 ms]
   [Clear CT: 0.7 ms]
   [Other: 2.1 ms]
      [Choose CSet: 0.0 ms]
      [Ref Proc: 1.3 ms]
      [Ref Enq: 0.0 ms]
      [Redirty Cards: 0.7 ms]
      [Humongous Register: 0.0 ms]
      [Humongous Reclaim: 0.0 ms]
      [Free CSet: 0.0 ms]
   [Eden: 12288.0K(12288.0K)->0.0B(11264.0K) Survivors: 1024.0K->2048.0K Heap: 47982.6K(65536.0K)->36644.7K(65536.0K)]
 [Times: user=0.11 sys=0.00, real=0.01 secs] 
2026-06-17T09:48:47.077+0800: 9.278: [GC pause (G1 Evacuation Pause) (young) (initial-mark), 0.0127638 secs]
   [Parallel Time: 7.4 ms, GC Workers: 18]
      [GC Worker Start (ms): Min: 9278.5, Avg: 9279.0, Max: 9279.4, Diff: 0.9]
      [Ext Root Scanning (ms): Min: 0.0, Avg: 1.6, Max: 5.8, Diff: 5.8, Sum: 28.3]
      [Update RS (ms): Min: 0.0, Avg: 0.0, Max: 0.0, Diff: 0.0, Sum: 0.0]
         [Processed Buffers: Min: 0, Avg: 0.2, Max: 4, Diff: 4, Sum: 4]
      [Scan RS (ms): Min: 0.0, Avg: 0.0, Max: 0.0, Diff: 0.0, Sum: 0.0]
      [Code Root Scanning (ms): Min: 0.0, Avg: 0.0, Max: 0.0, Diff: 0.0, Sum: 0.0]
      [Object Copy (ms): Min: 0.0, Avg: 0.1, Max: 0.4, Diff: 0.4, Sum: 1.0]
      [Termination (ms): Min: 0.0, Avg: 4.6, Max: 5.5, Diff: 5.5, Sum: 82.7]
         [Termination Attempts: Min: 1, Avg: 1.0, Max: 1, Diff: 0, Sum: 18]
      [GC Worker Other (ms): Min: 0.0, Avg: 0.0, Max: 0.0, Diff: 0.0, Sum: 0.1]
      [GC Worker Total (ms): Min: 5.8, Avg: 6.2, Max: 6.7, Diff: 0.9, Sum: 112.3]
      [GC Worker End (ms): Min: 9285.2, Avg: 9285.2, Max: 9285.4, Diff: 0.2]
   [Code Root Fixup: 0.0 ms]
   [Code Root Purge: 0.0 ms]
   [Clear CT: 1.1 ms]
   [Other: 4.2 ms]
      [Choose CSet: 0.0 ms]
      [Ref Proc: 3.1 ms]
      [Ref Enq: 0.0 ms]
      [Redirty Cards: 1.0 ms]
      [Humongous Register: 0.0 ms]
      [Humongous Reclaim: 0.0 ms]
      [Free CSet: 0.0 ms]
   [Eden: 11264.0K(11264.0K)->0.0B(8192.0K) Survivors: 2048.0K->2048.0K Heap: 47908.7K(65536.0K)->41035.6K(65536.0K)]
 [Times: user=0.12 sys=0.00, real=0.02 secs] 
2026-06-17T09:48:47.091+0800: 9.293: [GC concurrent-root-region-scan-start]
2026-06-17T09:48:47.092+0800: 9.293: [GC concurrent-root-region-scan-end, 0.0004643 secs]
2026-06-17T09:48:47.092+0800: 9.293: [GC concurrent-mark-start]
2026-06-17T09:48:47.092+0800: 9.293: [GC concurrent-mark-end, 0.0004165 secs]
2026-06-17T09:48:47.092+0800: 9.294: [GC remark 2026-06-17T09:48:47.093+0800: 9.294: [Finalize Marking, 0.0039806 secs] 2026-06-17T09:48:47.097+0800: 9.299: [GC ref-proc, 0.0004283 secs] 2026-06-17T09:48:47.098+0800: 9.300: [Unloading, 0.0020473 secs], 0.0093719 secs]
 [Times: user=0.04 sys=0.00, real=0.00 secs] 
2026-06-17T09:48:47.103+0800: 9.304: [GC cleanup 45081K->39961K(65536K), 0.0036026 secs]
 [Times: user=0.00 sys=0.00, real=0.00 secs] 
2026-06-17T09:48:47.108+0800: 9.309: [GC concurrent-cleanup-start]
2026-06-17T09:48:47.108+0800: 9.309: [GC concurrent-cleanup-end, 0.0000111 secs]
2026-06-17T09:48:47.118+0800: 9.320: [GC pause (G1 Evacuation Pause) (young), 0.0098924 secs]
   [Parallel Time: 6.8 ms, GC Workers: 18]
      [GC Worker Start (ms): Min: 9319.7, Avg: 9320.8, Max: 9326.0, Diff: 6.3]
      [Ext Root Scanning (ms): Min: 0.0, Avg: 0.0, Max: 0.2, Diff: 0.2, Sum: 0.5]
      [Update RS (ms): Min: 0.0, Avg: 0.0, Max: 0.0, Diff: 0.0, Sum: 0.0]
         [Processed Buffers: Min: 0, Avg: 0.2, Max: 2, Diff: 2, Sum: 4]
      [Scan RS (ms): Min: 0.0, Avg: 0.0, Max: 0.0, Diff: 0.0, Sum: 0.0]
      [Code Root Scanning (ms): Min: 0.0, Avg: 0.0, Max: 0.0, Diff: 0.0, Sum: 0.0]
      [Object Copy (ms): Min: 0.0, Avg: 0.0, Max: 0.2, Diff: 0.2, Sum: 0.7]
      [Termination (ms): Min: 0.0, Avg: 5.2, Max: 6.1, Diff: 6.1, Sum: 93.4]
         [Termination Attempts: Min: 1, Avg: 1.0, Max: 1, Diff: 0, Sum: 18]
      [GC Worker Other (ms): Min: 0.0, Avg: 0.0, Max: 0.0, Diff: 0.0, Sum: 0.1]
      [GC Worker Total (ms): Min: 0.0, Avg: 5.3, Max: 6.5, Diff: 6.4, Sum: 94.8]
      [GC Worker End (ms): Min: 9326.0, Avg: 9326.1, Max: 9326.2, Diff: 0.1]
   [Code Root Fixup: 0.0 ms]
   [Code Root Purge: 0.0 ms]
   [Clear CT: 0.9 ms]
   [Other: 2.2 ms]
      [Choose CSet: 0.0 ms]
      [Ref Proc: 1.4 ms]
      [Ref Enq: 0.0 ms]
      [Redirty Cards: 0.7 ms]
      [Humongous Register: 0.0 ms]
      [Humongous Reclaim: 0.0 ms]
      [Free CSet: 0.0 ms]
   [Eden: 8192.0K(8192.0K)->0.0B(1024.0K) Survivors: 2048.0K->2048.0K Heap: 44107.6K(65536.0K)->39513.6K(65536.0K)]
 [Times: user=0.10 sys=0.01, real=0.01 secs] 
2026-06-17T09:48:47.130+0800: 9.331: [GC pause (G1 Evacuation Pause) (mixed), 0.0060816 secs]
   [Parallel Time: 2.5 ms, GC Workers: 18]
      [GC Worker Start (ms): Min: 9331.0, Avg: 9331.9, Max: 9333.1, Diff: 2.0]
      [Ext Root Scanning (ms): Min: 0.0, Avg: 0.0, Max: 0.2, Diff: 0.2, Sum: 0.4]
      [Update RS (ms): Min: 0.0, Avg: 0.0, Max: 0.0, Diff: 0.0, Sum: 0.0]
         [Processed Buffers: Min: 0, Avg: 0.3, Max: 3, Diff: 3, Sum: 5]
      [Scan RS (ms): Min: 0.0, Avg: 0.0, Max: 0.0, Diff: 0.0, Sum: 0.0]
      [Code Root Scanning (ms): Min: 0.0, Avg: 0.0, Max: 0.0, Diff: 0.0, Sum: 0.0]
      [Object Copy (ms): Min: 0.0, Avg: 0.0, Max: 0.2, Diff: 0.2, Sum: 0.6]
      [Termination (ms): Min: 0.0, Avg: 1.2, Max: 1.8, Diff: 1.8, Sum: 21.1]
         [Termination Attempts: Min: 1, Avg: 1.0, Max: 1, Diff: 0, Sum: 18]
      [GC Worker Other (ms): Min: 0.0, Avg: 0.0, Max: 0.0, Diff: 0.0, Sum: 0.1]
      [GC Worker Total (ms): Min: 0.0, Avg: 1.2, Max: 2.1, Diff: 2.1, Sum: 22.2]
      [GC Worker End (ms): Min: 9333.1, Avg: 9333.1, Max: 9333.2, Diff: 0.2]
   [Code Root Fixup: 0.0 ms]
   [Code Root Purge: 0.0 ms]
   [Clear CT: 0.8 ms]
   [Other: 2.8 ms]
      [Choose CSet: 0.0 ms]
      [Ref Proc: 1.8 ms]
      [Ref Enq: 0.0 ms]
      [Redirty Cards: 0.9 ms]
      [Humongous Register: 0.0 ms]
      [Humongous Reclaim: 0.0 ms]
      [Free CSet: 0.0 ms]
   [Eden: 1024.0K(1024.0K)->0.0B(2048.0K) Survivors: 2048.0K->1024.0K Heap: 40537.6K(65536.0K)->35261.0K(65536.0K)]
 [Times: user=0.04 sys=0.00, real=0.01 secs] 
2026-06-17T09:48:47.148+0800: 9.349: [GC pause (G1 Evacuation Pause) (mixed), 0.0094518 secs]
   [Parallel Time: 2.5 ms, GC Workers: 18]
      [GC Worker Start (ms): Min: 9349.0, Avg: 9350.0, Max: 9350.8, Diff: 1.8]
      [Ext Root Scanning (ms): Min: 0.0, Avg: 0.0, Max: 0.2, Diff: 0.2, Sum: 0.3]
      [Update RS (ms): Min: 0.0, Avg: 0.0, Max: 0.0, Diff: 0.0, Sum: 0.1]
         [Processed Buffers: Min: 0, Avg: 0.3, Max: 3, Diff: 3, Sum: 6]
      [Scan RS (ms): Min: 0.0, Avg: 0.0, Max: 0.0, Diff: 0.0, Sum: 0.0]
      [Code Root Scanning (ms): Min: 0.0, Avg: 0.0, Max: 0.0, Diff: 0.0, Sum: 0.0]
      [Object Copy (ms): Min: 0.0, Avg: 0.1, Max: 0.3, Diff: 0.3, Sum: 1.2]
      [Termination (ms): Min: 0.0, Avg: 0.7, Max: 1.4, Diff: 1.4, Sum: 13.3]
         [Termination Attempts: Min: 1, Avg: 1.0, Max: 1, Diff: 0, Sum: 18]
      [GC Worker Other (ms): Min: 0.0, Avg: 0.0, Max: 0.0, Diff: 0.0, Sum: 0.1]
      [GC Worker Total (ms): Min: 0.0, Avg: 0.8, Max: 1.9, Diff: 1.9, Sum: 15.0]
      [GC Worker End (ms): Min: 9350.8, Avg: 9350.8, Max: 9350.9, Diff: 0.2]
   [Code Root Fixup: 0.0 ms]
   [Code Root Purge: 0.0 ms]
   [Clear CT: 1.0 ms]
   [Other: 6.0 ms]
      [Choose CSet: 0.0 ms]
      [Ref Proc: 5.0 ms]
      [Ref Enq: 0.0 ms]
      [Redirty Cards: 0.9 ms]
      [Humongous Register: 0.0 ms]
      [Humongous Reclaim: 0.0 ms]
      [Free CSet: 0.0 ms]
   [Eden: 2048.0K(2048.0K)->0.0B(2048.0K) Survivors: 1024.0K->1024.0K Heap: 37309.0K(65536.0K)->35142.6K(65536.0K)]
 [Times: user=0.08 sys=0.00, real=0.01 secs] 
2026-06-17T09:48:47.158+0800: 9.360: [GC pause (G1 Evacuation Pause) (mixed), 0.0059360 secs]
   [Parallel Time: 2.0 ms, GC Workers: 18]
      [GC Worker Start (ms): Min: 9359.8, Avg: 9360.5, Max: 9361.1, Diff: 1.3]
      [Ext Root Scanning (ms): Min: 0.0, Avg: 0.0, Max: 0.2, Diff: 0.2, Sum: 0.5]
      [Update RS (ms): Min: 0.0, Avg: 0.0, Max: 0.0, Diff: 0.0, Sum: 0.0]
         [Processed Buffers: Min: 0, Avg: 0.3, Max: 2, Diff: 2, Sum: 5]
      [Scan RS (ms): Min: 0.0, Avg: 0.0, Max: 0.0, Diff: 0.0, Sum: 0.1]
      [Code Root Scanning (ms): Min: 0.0, Avg: 0.0, Max: 0.0, Diff: 0.0, Sum: 0.0]
      [Object Copy (ms): Min: 0.0, Avg: 0.0, Max: 0.2, Diff: 0.2, Sum: 0.8]
      [Termination (ms): Min: 0.0, Avg: 0.6, Max: 1.1, Diff: 1.1, Sum: 10.6]
         [Termination Attempts: Min: 1, Avg: 1.0, Max: 1, Diff: 0, Sum: 18]
      [GC Worker Other (ms): Min: 0.0, Avg: 0.0, Max: 0.0, Diff: 0.0, Sum: 0.1]
      [GC Worker Total (ms): Min: 0.0, Avg: 0.7, Max: 1.4, Diff: 1.4, Sum: 12.0]
      [GC Worker End (ms): Min: 9361.1, Avg: 9361.2, Max: 9361.3, Diff: 0.2]
   [Code Root Fixup: 0.0 ms]
   [Code Root Purge: 0.0 ms]
   [Clear CT: 0.9 ms]
   [Other: 3.0 ms]
      [Choose CSet: 0.0 ms]
      [Ref Proc: 2.3 ms]
      [Ref Enq: 0.0 ms]
      [Redirty Cards: 0.6 ms]
      [Humongous Register: 0.0 ms]
      [Humongous Reclaim: 0.0 ms]
      [Free CSet: 0.0 ms]
   [Eden: 2048.0K(2048.0K)->0.0B(12288.0K) Survivors: 1024.0K->1024.0K Heap: 37190.6K(65536.0K)->35323.6K(65536.0K)]
 [Times: user=0.03 sys=0.00, real=0.01 secs] 
2026-06-17T09:48:47.197+0800: 9.398: [GC pause (G1 Evacuation Pause) (young), 0.0078130 secs]
   [Parallel Time: 2.8 ms, GC Workers: 18]
      [GC Worker Start (ms): Min: 9398.6, Avg: 9399.6, Max: 9400.5, Diff: 1.9]
      [Ext Root Scanning (ms): Min: 0.0, Avg: 0.0, Max: 0.2, Diff: 0.2, Sum: 0.4]
      [Update RS (ms): Min: 0.0, Avg: 0.0, Max: 0.1, Diff: 0.1, Sum: 0.2]
         [Processed Buffers: Min: 0, Avg: 0.3, Max: 2, Diff: 2, Sum: 6]
      [Scan RS (ms): Min: 0.0, Avg: 0.0, Max: 0.0, Diff: 0.0, Sum: 0.0]
      [Code Root Scanning (ms): Min: 0.0, Avg: 0.0, Max: 0.0, Diff: 0.0, Sum: 0.0]
      [Object Copy (ms): Min: 0.0, Avg: 0.0, Max: 0.2, Diff: 0.2, Sum: 0.9]
      [Termination (ms): Min: 0.0, Avg: 0.9, Max: 1.8, Diff: 1.8, Sum: 15.5]
         [Termination Attempts: Min: 1, Avg: 1.0, Max: 1, Diff: 0, Sum: 18]
      [GC Worker Other (ms): Min: 0.0, Avg: 0.0, Max: 0.0, Diff: 0.0, Sum: 0.1]
      [GC Worker Total (ms): Min: 0.0, Avg: 0.9, Max: 2.2, Diff: 2.2, Sum: 17.0]
      [GC Worker End (ms): Min: 9400.5, Avg: 9400.6, Max: 9400.8, Diff: 0.3]
   [Code Root Fixup: 0.0 ms]
   [Code Root Purge: 0.0 ms]
   [Clear CT: 1.4 ms]
   [Other: 3.6 ms]
      [Choose CSet: 0.0 ms]
      [Ref Proc: 2.7 ms]
      [Ref Enq: 0.0 ms]
      [Redirty Cards: 0.9 ms]
      [Humongous Register: 0.0 ms]
      [Humongous Reclaim: 0.0 ms]
      [Free CSet: 0.0 ms]
   [Eden: 12288.0K(12288.0K)->0.0B(9216.0K) Survivors: 1024.0K->2048.0K Heap: 47611.6K(65536.0K)->40574.6K(65536.0K)]
 [Times: user=0.05 sys=0.00, real=0.01 secs] 
2026-06-17T09:48:47.207+0800: 9.408: [GC pause (G1 Humongous Allocation) (young) (initial-mark), 0.0077766 secs]
   [Parallel Time: 3.8 ms, GC Workers: 18]
      [GC Worker Start (ms): Min: 9407.9, Avg: 9408.3, Max: 9408.5, Diff: 0.5]
      [Ext Root Scanning (ms): Min: 0.0, Avg: 1.0, Max: 2.5, Diff: 2.5, Sum: 18.0]
      [Update RS (ms): Min: 0.0, Avg: 0.0, Max: 0.0, Diff: 0.0, Sum: 0.0]
         [Processed Buffers: Min: 0, Avg: 0.2, Max: 3, Diff: 3, Sum: 3]
      [Scan RS (ms): Min: 0.0, Avg: 0.0, Max: 0.0, Diff: 0.0, Sum: 0.0]
      [Code Root Scanning (ms): Min: 0.0, Avg: 0.0, Max: 0.0, Diff: 0.0, Sum: 0.0]
      [Object Copy (ms): Min: 0.0, Avg: 0.0, Max: 0.2, Diff: 0.2, Sum: 0.5]
      [Termination (ms): Min: 0.0, Avg: 1.7, Max: 2.4, Diff: 2.4, Sum: 31.5]
         [Termination Attempts: Min: 1, Avg: 1.0, Max: 1, Diff: 0, Sum: 18]
      [GC Worker Other (ms): Min: 0.0, Avg: 0.0, Max: 0.0, Diff: 0.0, Sum: 0.1]
      [GC Worker Total (ms): Min: 2.5, Avg: 2.8, Max: 3.2, Diff: 0.7, Sum: 50.1]
      [GC Worker End (ms): Min: 9411.0, Avg: 9411.0, Max: 9411.2, Diff: 0.2]
   [Code Root Fixup: 0.0 ms]
   [Code Root Purge: 0.0 ms]
   [Clear CT: 0.9 ms]
   [Other: 3.1 ms]
      [Choose CSet: 0.0 ms]
      [Ref Proc: 2.2 ms]
      [Ref Enq: 0.0 ms]
      [Redirty Cards: 0.8 ms]
      [Humongous Register: 0.0 ms]
      [Humongous Reclaim: 0.0 ms]
      [Free CSet: 0.0 ms]
   [Eden: 3072.0K(9216.0K)->0.0B(7168.0K) Survivors: 2048.0K->2048.0K Heap: 43436.7K(65536.0K)->41629.7K(65536.0K)]
 [Times: user=0.05 sys=0.01, real=0.01 secs] 
2026-06-17T09:48:47.215+0800: 9.417: [GC concurrent-root-region-scan-start]
2026-06-17T09:48:47.216+0800: 9.417: [GC concurrent-root-region-scan-end, 0.0002472 secs]
2026-06-17T09:48:47.216+0800: 9.417: [GC concurrent-mark-start]
2026-06-17T09:48:47.216+0800: 9.417: [GC concurrent-mark-end, 0.0002791 secs]
2026-06-17T09:48:47.216+0800: 9.417: [GC remark 2026-06-17T09:48:47.216+0800: 9.418: [Finalize Marking, 0.0026124 secs] 2026-06-17T09:48:47.219+0800: 9.421: [GC ref-proc, 0.0004243 secs] 2026-06-17T09:48:47.220+0800: 9.421: [Unloading, 0.0017132 secs], 0.0070707 secs]
 [Times: user=0.03 sys=0.00, real=0.01 secs] 
2026-06-17T09:48:47.224+0800: 9.425: [GC cleanup 42946K->36802K(65536K), 0.0035458 secs]
 [Times: user=0.00 sys=0.00, real=0.00 secs] 
2026-06-17T09:48:47.229+0800: 9.430: [GC concurrent-cleanup-start]
2026-06-17T09:48:47.229+0800: 9.430: [GC concurrent-cleanup-end, 0.0000115 secs]
2026-06-17T09:48:47.250+0800: 9.451: [GC pause (G1 Evacuation Pause) (young), 0.0106021 secs]
   [Parallel Time: 4.1 ms, GC Workers: 18]
      [GC Worker Start (ms): Min: 9450.9, Avg: 9452.0, Max: 9454.3, Diff: 3.4]
      [Ext Root Scanning (ms): Min: 0.0, Avg: 0.0, Max: 0.2, Diff: 0.2, Sum: 0.4]
      [Update RS (ms): Min: 0.0, Avg: 0.0, Max: 0.0, Diff: 0.0, Sum: 0.0]
         [Processed Buffers: Min: 0, Avg: 0.2, Max: 1, Diff: 1, Sum: 3]
      [Scan RS (ms): Min: 0.0, Avg: 0.0, Max: 0.0, Diff: 0.0, Sum: 0.0]
      [Code Root Scanning (ms): Min: 0.0, Avg: 0.0, Max: 0.0, Diff: 0.0, Sum: 0.0]
      [Object Copy (ms): Min: 0.0, Avg: 0.0, Max: 0.1, Diff: 0.1, Sum: 0.3]
      [Termination (ms): Min: 0.0, Avg: 2.3, Max: 3.3, Diff: 3.3, Sum: 41.4]
         [Termination Attempts: Min: 1, Avg: 1.1, Max: 2, Diff: 1, Sum: 19]
      [GC Worker Other (ms): Min: 0.0, Avg: 0.0, Max: 0.0, Diff: 0.0, Sum: 0.1]
      [GC Worker Total (ms): Min: 0.0, Avg: 2.3, Max: 3.4, Diff: 3.4, Sum: 42.3]
      [GC Worker End (ms): Min: 9454.3, Avg: 9454.4, Max: 9454.5, Diff: 0.2]
   [Code Root Fixup: 0.0 ms]
   [Code Root Purge: 0.0 ms]
   [Clear CT: 1.1 ms]
   [Other: 5.4 ms]
      [Choose CSet: 0.0 ms]
      [Ref Proc: 4.3 ms]
      [Ref Enq: 0.0 ms]
      [Redirty Cards: 1.0 ms]
      [Humongous Register: 0.0 ms]
      [Humongous Reclaim: 0.0 ms]
      [Free CSet: 0.0 ms]
   [Eden: 7168.0K(7168.0K)->0.0B(2048.0K) Survivors: 2048.0K->1024.0K Heap: 43970.7K(65536.0K)->37548.9K(65536.0K)]
 [Times: user=0.09 sys=0.00, real=0.01 secs] 
2026-06-17T09:48:47.262+0800: 9.463: [GC pause (G1 Evacuation Pause) (mixed), 0.0075750 secs]
   [Parallel Time: 2.6 ms, GC Workers: 18]
      [GC Worker Start (ms): Min: 9462.9, Avg: 9464.0, Max: 9464.8, Diff: 1.9]
      [Ext Root Scanning (ms): Min: 0.0, Avg: 0.0, Max: 0.2, Diff: 0.2, Sum: 0.5]
      [Update RS (ms): Min: 0.0, Avg: 0.0, Max: 0.0, Diff: 0.0, Sum: 0.0]
         [Processed Buffers: Min: 0, Avg: 0.2, Max: 1, Diff: 1, Sum: 3]
      [Scan RS (ms): Min: 0.0, Avg: 0.0, Max: 0.0, Diff: 0.0, Sum: 0.0]
      [Code Root Scanning (ms): Min: 0.0, Avg: 0.0, Max: 0.0, Diff: 0.0, Sum: 0.0]
      [Object Copy (ms): Min: 0.0, Avg: 0.0, Max: 0.2, Diff: 0.2, Sum: 0.8]
      [Termination (ms): Min: 0.0, Avg: 0.8, Max: 1.6, Diff: 1.6, Sum: 14.2]
         [Termination Attempts: Min: 1, Avg: 1.0, Max: 1, Diff: 0, Sum: 18]
      [GC Worker Other (ms): Min: 0.0, Avg: 0.0, Max: 0.0, Diff: 0.0, Sum: 0.1]
      [GC Worker Total (ms): Min: 0.0, Avg: 0.9, Max: 2.0, Diff: 2.0, Sum: 15.6]
      [GC Worker End (ms): Min: 9464.9, Avg: 9464.9, Max: 9465.0, Diff: 0.2]
   [Code Root Fixup: 0.0 ms]
   [Code Root Purge: 0.0 ms]
   [Clear CT: 1.5 ms]
   [Other: 3.4 ms]
      [Choose CSet: 0.0 ms]
      [Ref Proc: 2.5 ms]
      [Ref Enq: 0.0 ms]
      [Redirty Cards: 0.9 ms]
      [Humongous Register: 0.0 ms]
      [Humongous Reclaim: 0.0 ms]
      [Free CSet: 0.0 ms]
   [Eden: 2048.0K(2048.0K)->0.0B(2048.0K) Survivors: 1024.0K->1024.0K Heap: 39596.9K(65536.0K)->36023.6K(65536.0K)]
 [Times: user=0.02 sys=0.01, real=0.01 secs] 
2026-06-17T09:48:47.271+0800: 9.472: [GC pause (G1 Evacuation Pause) (mixed), 0.0086631 secs]
   [Parallel Time: 4.4 ms, GC Workers: 18]
      [GC Worker Start (ms): Min: 9472.0, Avg: 9473.0, Max: 9476.0, Diff: 3.9]
      [Ext Root Scanning (ms): Min: 0.0, Avg: 0.0, Max: 0.2, Diff: 0.2, Sum: 0.4]
      [Update RS (ms): Min: 0.0, Avg: 0.0, Max: 0.0, Diff: 0.0, Sum: 0.0]
         [Processed Buffers: Min: 0, Avg: 0.3, Max: 2, Diff: 2, Sum: 6]
      [Scan RS (ms): Min: 0.0, Avg: 0.0, Max: 0.0, Diff: 0.0, Sum: 0.0]
      [Code Root Scanning (ms): Min: 0.0, Avg: 0.0, Max: 0.0, Diff: 0.0, Sum: 0.0]
      [Object Copy (ms): Min: 0.0, Avg: 0.1, Max: 0.3, Diff: 0.3, Sum: 1.3]
      [Termination (ms): Min: 0.0, Avg: 3.0, Max: 3.6, Diff: 3.6, Sum: 53.1]
         [Termination Attempts: Min: 1, Avg: 1.0, Max: 1, Diff: 0, Sum: 18]
      [GC Worker Other (ms): Min: 0.0, Avg: 0.0, Max: 0.0, Diff: 0.0, Sum: 0.1]
      [GC Worker Total (ms): Min: 0.0, Avg: 3.1, Max: 4.1, Diff: 4.1, Sum: 55.0]
      [GC Worker End (ms): Min: 9476.0, Avg: 9476.0, Max: 9476.1, Diff: 0.1]
   [Code Root Fixup: 0.0 ms]
   [Code Root Purge: 0.0 ms]
   [Clear CT: 1.2 ms]
   [Other: 3.1 ms]
      [Choose CSet: 0.0 ms]
      [Ref Proc: 2.1 ms]
      [Ref Enq: 0.0 ms]
      [Redirty Cards: 0.8 ms]
      [Humongous Register: 0.0 ms]
      [Humongous Reclaim: 0.0 ms]
      [Free CSet: 0.0 ms]
   [Eden: 2048.0K(2048.0K)->0.0B(2048.0K) Survivors: 1024.0K->1024.0K Heap: 38071.6K(65536.0K)->36537.6K(65536.0K)]
 [Times: user=0.08 sys=0.00, real=0.00 secs] 
2026-06-17T09:48:47.291+0800: 9.492: [GC pause (G1 Evacuation Pause) (mixed), 0.0076485 secs]
   [Parallel Time: 2.7 ms, GC Workers: 18]
      [GC Worker Start (ms): Min: 9492.4, Avg: 9493.5, Max: 9494.3, Diff: 1.9]
      [Ext Root Scanning (ms): Min: 0.0, Avg: 0.0, Max: 0.2, Diff: 0.2, Sum: 0.5]
      [Update RS (ms): Min: 0.0, Avg: 0.0, Max: 0.0, Diff: 0.0, Sum: 0.1]
         [Processed Buffers: Min: 0, Avg: 0.3, Max: 2, Diff: 2, Sum: 6]
      [Scan RS (ms): Min: 0.0, Avg: 0.0, Max: 0.1, Diff: 0.1, Sum: 0.1]
      [Code Root Scanning (ms): Min: 0.0, Avg: 0.0, Max: 0.0, Diff: 0.0, Sum: 0.0]
      [Object Copy (ms): Min: 0.0, Avg: 0.0, Max: 0.2, Diff: 0.2, Sum: 0.5]
      [Termination (ms): Min: 0.0, Avg: 0.8, Max: 1.7, Diff: 1.7, Sum: 14.8]
         [Termination Attempts: Min: 1, Avg: 1.0, Max: 1, Diff: 0, Sum: 18]
      [GC Worker Other (ms): Min: 0.0, Avg: 0.0, Max: 0.0, Diff: 0.0, Sum: 0.1]
      [GC Worker Total (ms): Min: 0.0, Avg: 0.9, Max: 2.0, Diff: 2.0, Sum: 16.1]
      [GC Worker End (ms): Min: 9494.3, Avg: 9494.3, Max: 9494.5, Diff: 0.2]
   [Code Root Fixup: 0.0 ms]
   [Code Root Purge: 0.0 ms]
   [Clear CT: 0.7 ms]
   [Other: 4.2 ms]
      [Choose CSet: 0.0 ms]
      [Ref Proc: 3.5 ms]
      [Ref Enq: 0.0 ms]
      [Redirty Cards: 0.6 ms]
      [Humongous Register: 0.0 ms]
      [Humongous Reclaim: 0.0 ms]
      [Free CSet: 0.0 ms]
   [Eden: 2048.0K(2048.0K)->0.0B(11264.0K) Survivors: 1024.0K->1024.0K Heap: 38585.6K(65536.0K)->37509.6K(65536.0K)]
 [Times: user=0.05 sys=0.01, real=0.00 secs] 
2026-06-17T09:48:47.321+0800: 9.522: [GC pause (G1 Evacuation Pause) (young), 0.0062922 secs]
   [Parallel Time: 2.6 ms, GC Workers: 18]
      [GC Worker Start (ms): Min: 9522.1, Avg: 9523.1, Max: 9523.9, Diff: 1.7]
      [Ext Root Scanning (ms): Min: 0.0, Avg: 0.0, Max: 0.2, Diff: 0.2, Sum: 0.4]
      [Update RS (ms): Min: 0.0, Avg: 0.0, Max: 0.1, Diff: 0.1, Sum: 0.2]
         [Processed Buffers: Min: 0, Avg: 0.3, Max: 2, Diff: 2, Sum: 5]
      [Scan RS (ms): Min: 0.0, Avg: 0.0, Max: 0.0, Diff: 0.0, Sum: 0.0]
      [Code Root Scanning (ms): Min: 0.0, Avg: 0.0, Max: 0.0, Diff: 0.0, Sum: 0.0]
      [Object Copy (ms): Min: 0.0, Avg: 0.0, Max: 0.1, Diff: 0.1, Sum: 0.2]
      [Termination (ms): Min: 0.0, Avg: 0.8, Max: 1.6, Diff: 1.6, Sum: 14.1]
         [Termination Attempts: Min: 1, Avg: 1.0, Max: 1, Diff: 0, Sum: 18]
      [GC Worker Other (ms): Min: 0.0, Avg: 0.0, Max: 0.0, Diff: 0.0, Sum: 0.1]
      [GC Worker Total (ms): Min: 0.0, Avg: 0.8, Max: 1.9, Diff: 1.9, Sum: 15.0]
      [GC Worker End (ms): Min: 9523.9, Avg: 9523.9, Max: 9524.1, Diff: 0.2]
   [Code Root Fixup: 0.0 ms]
   [Code Root Purge: 0.0 ms]
   [Clear CT: 0.9 ms]
   [Other: 2.8 ms]
      [Choose CSet: 0.0 ms]
      [Ref Proc: 1.8 ms]
      [Ref Enq: 0.0 ms]
      [Redirty Cards: 0.9 ms]
      [Humongous Register: 0.0 ms]
      [Humongous Reclaim: 0.0 ms]
      [Free CSet: 0.0 ms]
   [Eden: 11264.0K(11264.0K)->0.0B(10240.0K) Survivors: 1024.0K->2048.0K Heap: 48773.6K(65536.0K)->39200.6K(65536.0K)]
 [Times: user=0.03 sys=0.00, real=0.01 secs] 
2026-06-17T09:48:47.360+0800: 9.561: [GC pause (G1 Evacuation Pause) (young) (initial-mark), 0.0139643 secs]
   [Parallel Time: 9.0 ms, GC Workers: 18]
      [GC Worker Start (ms): Min: 9561.0, Avg: 9561.4, Max: 9561.6, Diff: 0.7]
      [Ext Root Scanning (ms): Min: 0.0, Avg: 1.5, Max: 7.4, Diff: 7.4, Sum: 26.6]
      [Update RS (ms): Min: 0.0, Avg: 0.0, Max: 0.0, Diff: 0.0, Sum: 0.0]
         [Processed Buffers: Min: 0, Avg: 0.2, Max: 3, Diff: 3, Sum: 3]
      [Scan RS (ms): Min: 0.0, Avg: 0.0, Max: 0.0, Diff: 0.0, Sum: 0.0]
      [Code Root Scanning (ms): Min: 0.0, Avg: 0.0, Max: 0.0, Diff: 0.0, Sum: 0.0]
      [Object Copy (ms): Min: 0.0, Avg: 0.0, Max: 0.2, Diff: 0.2, Sum: 0.7]
      [Termination (ms): Min: 0.0, Avg: 6.2, Max: 7.3, Diff: 7.3, Sum: 111.5]
         [Termination Attempts: Min: 1, Avg: 1.0, Max: 1, Diff: 0, Sum: 18]
      [GC Worker Other (ms): Min: 0.0, Avg: 0.0, Max: 0.0, Diff: 0.0, Sum: 0.1]
      [GC Worker Total (ms): Min: 7.4, Avg: 7.7, Max: 8.2, Diff: 0.8, Sum: 138.9]
      [GC Worker End (ms): Min: 9569.0, Avg: 9569.1, Max: 9569.2, Diff: 0.2]
   [Code Root Fixup: 0.0 ms]
   [Code Root Purge: 0.0 ms]
   [Clear CT: 1.9 ms]
   [Other: 3.1 ms]
      [Choose CSet: 0.0 ms]
      [Ref Proc: 2.1 ms]
      [Ref Enq: 0.0 ms]
      [Redirty Cards: 0.9 ms]
      [Humongous Register: 0.0 ms]
      [Humongous Reclaim: 0.0 ms]
      [Free CSet: 0.0 ms]
   [Eden: 10240.0K(10240.0K)->0.0B(7168.0K) Survivors: 2048.0K->2048.0K Heap: 49440.6K(65536.0K)->42137.6K(65536.0K)]
 [Times: user=0.13 sys=0.00, real=0.02 secs] 
2026-06-17T09:48:47.375+0800: 9.576: [GC concurrent-root-region-scan-start]
2026-06-17T09:48:47.375+0800: 9.577: [GC concurrent-root-region-scan-end, 0.0004129 secs]
2026-06-17T09:48:47.375+0800: 9.577: [GC concurrent-mark-start]
2026-06-17T09:48:47.376+0800: 9.577: [GC concurrent-mark-end, 0.0003052 secs]
2026-06-17T09:48:47.376+0800: 9.577: [GC remark 2026-06-17T09:48:47.376+0800: 9.577: [Finalize Marking, 0.0072573 secs] 2026-06-17T09:48:47.384+0800: 9.585: [GC ref-proc, 0.0007069 secs] 2026-06-17T09:48:47.385+0800: 9.587: [Unloading, 0.0018097 secs], 0.0121467 secs]
 [Times: user=0.06 sys=0.00, real=0.01 secs] 
2026-06-17T09:48:47.389+0800: 9.590: [GC cleanup 47010K->40866K(65536K), 0.0031113 secs]
 [Times: user=0.00 sys=0.01, real=0.01 secs] 
2026-06-17T09:48:47.393+0800: 9.594: [GC concurrent-cleanup-start]
2026-06-17T09:48:47.393+0800: 9.594: [GC concurrent-cleanup-end, 0.0000119 secs]
2026-06-17T09:48:47.403+0800: 9.605: [GC pause (G1 Evacuation Pause) (young), 0.0115173 secs]
   [Parallel Time: 2.6 ms, GC Workers: 18]
      [GC Worker Start (ms): Min: 9604.8, Avg: 9605.8, Max: 9606.8, Diff: 1.9]
      [Ext Root Scanning (ms): Min: 0.0, Avg: 0.0, Max: 0.2, Diff: 0.2, Sum: 0.4]
      [Update RS (ms): Min: 0.0, Avg: 0.0, Max: 0.0, Diff: 0.0, Sum: 0.0]
         [Processed Buffers: Min: 0, Avg: 0.2, Max: 1, Diff: 1, Sum: 3]
      [Scan RS (ms): Min: 0.0, Avg: 0.0, Max: 0.0, Diff: 0.0, Sum: 0.0]
      [Code Root Scanning (ms): Min: 0.0, Avg: 0.0, Max: 0.0, Diff: 0.0, Sum: 0.0]
      [Object Copy (ms): Min: 0.0, Avg: 0.0, Max: 0.1, Diff: 0.1, Sum: 0.5]
      [Termination (ms): Min: 0.0, Avg: 1.0, Max: 1.7, Diff: 1.7, Sum: 17.9]
         [Termination Attempts: Min: 1, Avg: 1.0, Max: 1, Diff: 0, Sum: 18]
      [GC Worker Other (ms): Min: 0.0, Avg: 0.0, Max: 0.0, Diff: 0.0, Sum: 0.1]
      [GC Worker Total (ms): Min: 0.0, Avg: 1.0, Max: 2.0, Diff: 2.0, Sum: 18.9]
      [GC Worker End (ms): Min: 9606.8, Avg: 9606.8, Max: 9606.9, Diff: 0.1]
   [Code Root Fixup: 0.0 ms]
   [Code Root Purge: 0.0 ms]
   [Clear CT: 1.2 ms]
   [Other: 7.7 ms]
      [Choose CSet: 0.0 ms]
      [Ref Proc: 6.3 ms]
      [Ref Enq: 0.0 ms]
      [Redirty Cards: 1.3 ms]
      [Humongous Register: 0.0 ms]
      [Humongous Reclaim: 0.0 ms]
      [Free CSet: 0.0 ms]
   [Eden: 7168.0K(7168.0K)->0.0B(1024.0K) Survivors: 2048.0K->2048.0K Heap: 43161.6K(65536.0K)->38295.6K(65536.0K)]
 [Times: user=0.10 sys=0.00, real=0.01 secs] 
2026-06-17T09:48:47.416+0800: 9.618: [GC pause (G1 Evacuation Pause) (mixed), 0.0060168 secs]
   [Parallel Time: 2.4 ms, GC Workers: 18]
      [GC Worker Start (ms): Min: 9617.8, Avg: 9618.7, Max: 9619.5, Diff: 1.7]
      [Ext Root Scanning (ms): Min: 0.0, Avg: 0.0, Max: 0.2, Diff: 0.2, Sum: 0.4]
      [Update RS (ms): Min: 0.0, Avg: 0.0, Max: 0.0, Diff: 0.0, Sum: 0.0]
         [Processed Buffers: Min: 0, Avg: 0.2, Max: 1, Diff: 1, Sum: 3]
      [Scan RS (ms): Min: 0.0, Avg: 0.0, Max: 0.0, Diff: 0.0, Sum: 0.0]
      [Code Root Scanning (ms): Min: 0.0, Avg: 0.0, Max: 0.0, Diff: 0.0, Sum: 0.0]
      [Object Copy (ms): Min: 0.0, Avg: 0.0, Max: 0.2, Diff: 0.2, Sum: 0.9]
      [Termination (ms): Min: 0.0, Avg: 0.8, Max: 1.4, Diff: 1.4, Sum: 15.1]
         [Termination Attempts: Min: 1, Avg: 1.0, Max: 1, Diff: 0, Sum: 18]
      [GC Worker Other (ms): Min: 0.0, Avg: 0.0, Max: 0.0, Diff: 0.0, Sum: 0.1]
      [GC Worker Total (ms): Min: 0.0, Avg: 0.9, Max: 1.8, Diff: 1.8, Sum: 16.5]
      [GC Worker End (ms): Min: 9619.5, Avg: 9619.6, Max: 9619.7, Diff: 0.2]
   [Code Root Fixup: 0.0 ms]
   [Code Root Purge: 0.0 ms]
   [Clear CT: 1.1 ms]
   [Other: 2.5 ms]
      [Choose CSet: 0.0 ms]
      [Ref Proc: 1.7 ms]
      [Ref Enq: 0.0 ms]
      [Redirty Cards: 0.8 ms]
      [Humongous Register: 0.0 ms]
      [Humongous Reclaim: 0.0 ms]
      [Free CSet: 0.0 ms]
   [Eden: 1024.0K(1024.0K)->0.0B(2048.0K) Survivors: 2048.0K->1024.0K Heap: 39319.6K(65536.0K)->35317.0K(65536.0K)]
 [Times: user=0.03 sys=0.01, real=0.01 secs] 
2026-06-17T09:48:47.424+0800: 9.625: [GC pause (G1 Evacuation Pause) (mixed), 0.0047901 secs]
   [Parallel Time: 1.6 ms, GC Workers: 18]
      [GC Worker Start (ms): Min: 9625.0, Avg: 9625.6, Max: 9626.2, Diff: 1.2]
      [Ext Root Scanning (ms): Min: 0.0, Avg: 0.0, Max: 0.2, Diff: 0.2, Sum: 0.5]
      [Update RS (ms): Min: 0.0, Avg: 0.0, Max: 0.0, Diff: 0.0, Sum: 0.1]
         [Processed Buffers: Min: 0, Avg: 0.3, Max: 2, Diff: 2, Sum: 5]
      [Scan RS (ms): Min: 0.0, Avg: 0.0, Max: 0.0, Diff: 0.0, Sum: 0.0]
      [Code Root Scanning (ms): Min: 0.0, Avg: 0.0, Max: 0.0, Diff: 0.0, Sum: 0.0]
      [Object Copy (ms): Min: 0.0, Avg: 0.1, Max: 0.4, Diff: 0.4, Sum: 1.5]
      [Termination (ms): Min: 0.0, Avg: 0.5, Max: 0.9, Diff: 0.9, Sum: 8.2]
         [Termination Attempts: Min: 1, Avg: 1.0, Max: 1, Diff: 0, Sum: 18]
      [GC Worker Other (ms): Min: 0.0, Avg: 0.0, Max: 0.0, Diff: 0.0, Sum: 0.1]
      [GC Worker Total (ms): Min: 0.0, Avg: 0.6, Max: 1.2, Diff: 1.2, Sum: 10.4]
      [GC Worker End (ms): Min: 9626.2, Avg: 9626.2, Max: 9626.3, Diff: 0.2]
   [Code Root Fixup: 0.0 ms]
   [Code Root Purge: 0.0 ms]
   [Clear CT: 0.7 ms]
   [Other: 2.5 ms]
      [Choose CSet: 0.0 ms]
      [Ref Proc: 1.8 ms]
      [Ref Enq: 0.0 ms]
      [Redirty Cards: 0.7 ms]
      [Humongous Register: 0.0 ms]
      [Humongous Reclaim: 0.0 ms]
      [Free CSet: 0.0 ms]
   [Eden: 2048.0K(2048.0K)->0.0B(2048.0K) Survivors: 1024.0K->1024.0K Heap: 37365.0K(65536.0K)->34019.6K(65536.0K)]
 [Times: user=0.03 sys=0.00, real=0.00 secs] 
2026-06-17T09:48:47.440+0800: 9.641: [GC pause (G1 Evacuation Pause) (mixed), 0.0079674 secs]
   [Parallel Time: 2.9 ms, GC Workers: 18]
      [GC Worker Start (ms): Min: 9641.3, Avg: 9642.4, Max: 9643.2, Diff: 1.9]
      [Ext Root Scanning (ms): Min: 0.0, Avg: 0.0, Max: 0.2, Diff: 0.2, Sum: 0.3]
      [Update RS (ms): Min: 0.0, Avg: 0.0, Max: 0.0, Diff: 0.0, Sum: 0.1]
         [Processed Buffers: Min: 0, Avg: 0.3, Max: 2, Diff: 2, Sum: 5]
      [Scan RS (ms): Min: 0.0, Avg: 0.0, Max: 0.0, Diff: 0.0, Sum: 0.1]
      [Code Root Scanning (ms): Min: 0.0, Avg: 0.0, Max: 0.0, Diff: 0.0, Sum: 0.0]
      [Object Copy (ms): Min: 0.0, Avg: 0.0, Max: 0.2, Diff: 0.2, Sum: 0.8]
      [Termination (ms): Min: 0.0, Avg: 0.8, Max: 1.7, Diff: 1.7, Sum: 14.9]
         [Termination Attempts: Min: 1, Avg: 1.0, Max: 1, Diff: 0, Sum: 18]
      [GC Worker Other (ms): Min: 0.0, Avg: 0.0, Max: 0.0, Diff: 0.0, Sum: 0.1]
      [GC Worker Total (ms): Min: 0.0, Avg: 0.9, Max: 2.1, Diff: 2.1, Sum: 16.2]
      [GC Worker End (ms): Min: 9643.2, Avg: 9643.3, Max: 9643.4, Diff: 0.2]
   [Code Root Fixup: 0.0 ms]
   [Code Root Purge: 0.0 ms]
   [Clear CT: 1.4 ms]
   [Other: 3.7 ms]
      [Choose CSet: 0.0 ms]
      [Ref Proc: 2.1 ms]
      [Ref Enq: 0.0 ms]
      [Redirty Cards: 1.5 ms]
      [Humongous Register: 0.0 ms]
      [Humongous Reclaim: 0.0 ms]
      [Free CSet: 0.0 ms]
   [Eden: 2048.0K(2048.0K)->0.0B(12288.0K) Survivors: 1024.0K->1024.0K Heap: 36067.6K(65536.0K)->33866.6K(65536.0K)]
 [Times: user=0.02 sys=0.01, real=0.01 secs] 
2026-06-17T09:48:47.480+0800: 9.682: [GC pause (G1 Evacuation Pause) (young), 0.0065554 secs]
   [Parallel Time: 2.7 ms, GC Workers: 18]
      [GC Worker Start (ms): Min: 9681.7, Avg: 9682.8, Max: 9683.8, Diff: 2.1]
      [Ext Root Scanning (ms): Min: 0.0, Avg: 0.0, Max: 0.2, Diff: 0.2, Sum: 0.3]
      [Update RS (ms): Min: 0.0, Avg: 0.0, Max: 0.1, Diff: 0.1, Sum: 0.2]
         [Processed Buffers: Min: 0, Avg: 0.3, Max: 3, Diff: 3, Sum: 5]
      [Scan RS (ms): Min: 0.0, Avg: 0.0, Max: 0.0, Diff: 0.0, Sum: 0.0]
      [Code Root Scanning (ms): Min: 0.0, Avg: 0.0, Max: 0.0, Diff: 0.0, Sum: 0.0]
      [Object Copy (ms): Min: 0.0, Avg: 0.0, Max: 0.2, Diff: 0.1, Sum: 0.4]
      [Termination (ms): Min: 0.0, Avg: 0.9, Max: 1.8, Diff: 1.8, Sum: 16.5]
         [Termination Attempts: Min: 1, Avg: 1.0, Max: 1, Diff: 0, Sum: 18]
      [GC Worker Other (ms): Min: 0.0, Avg: 0.0, Max: 0.0, Diff: 0.0, Sum: 0.1]
      [GC Worker Total (ms): Min: 0.0, Avg: 1.0, Max: 2.1, Diff: 2.1, Sum: 17.5]
      [GC Worker End (ms): Min: 9683.8, Avg: 9683.8, Max: 9683.9, Diff: 0.1]
   [Code Root Fixup: 0.0 ms]
   [Code Root Purge: 0.0 ms]
   [Clear CT: 0.9 ms]
   [Other: 3.0 ms]
      [Choose CSet: 0.0 ms]
      [Ref Proc: 2.0 ms]
      [Ref Enq: 0.0 ms]
      [Redirty Cards: 0.9 ms]
      [Humongous Register: 0.0 ms]
      [Humongous Reclaim: 0.0 ms]
      [Free CSet: 0.0 ms]
   [Eden: 12288.0K(12288.0K)->0.0B(11264.0K) Survivors: 1024.0K->2048.0K Heap: 46154.6K(65536.0K)->36301.6K(65536.0K)]
 [Times: user=0.03 sys=0.00, real=0.01 secs] 
2026-06-17T09:48:47.509+0800: 9.710: [GC pause (G1 Evacuation Pause) (young) (initial-mark), 0.0190817 secs]
   [Parallel Time: 10.7 ms, GC Workers: 18]
      [GC Worker Start (ms): Min: 9710.5, Avg: 9711.0, Max: 9711.3, Diff: 0.7]
      [Ext Root Scanning (ms): Min: 0.0, Avg: 2.9, Max: 9.0, Diff: 9.0, Sum: 51.9]
      [Update RS (ms): Min: 0.0, Avg: 0.0, Max: 0.0, Diff: 0.0, Sum: 0.0]
         [Processed Buffers: Min: 0, Avg: 0.2, Max: 3, Diff: 3, Sum: 3]
      [Scan RS (ms): Min: 0.0, Avg: 0.0, Max: 0.0, Diff: 0.0, Sum: 0.0]
      [Code Root Scanning (ms): Min: 0.0, Avg: 0.0, Max: 0.0, Diff: 0.0, Sum: 0.0]
      [Object Copy (ms): Min: 0.0, Avg: 0.0, Max: 0.3, Diff: 0.3, Sum: 0.9]
      [Termination (ms): Min: 0.0, Avg: 6.4, Max: 8.8, Diff: 8.8, Sum: 115.3]
         [Termination Attempts: Min: 1, Avg: 1.1, Max: 2, Diff: 1, Sum: 19]
      [GC Worker Other (ms): Min: 0.0, Avg: 0.0, Max: 0.0, Diff: 0.0, Sum: 0.1]
      [GC Worker Total (ms): Min: 9.0, Avg: 9.3, Max: 9.8, Diff: 0.9, Sum: 168.3]
      [GC Worker End (ms): Min: 9720.2, Avg: 9720.3, Max: 9720.4, Diff: 0.2]
   [Code Root Fixup: 0.0 ms]
   [Code Root Purge: 0.0 ms]
   [Clear CT: 1.4 ms]
   [Other: 6.9 ms]
      [Choose CSet: 0.0 ms]
      [Ref Proc: 5.6 ms]
      [Ref Enq: 0.0 ms]
      [Redirty Cards: 1.3 ms]
      [Humongous Register: 0.0 ms]
      [Humongous Reclaim: 0.0 ms]
      [Free CSet: 0.0 ms]
   [Eden: 11264.0K(11264.0K)->0.0B(8192.0K) Survivors: 2048.0K->2048.0K Heap: 47565.6K(65536.0K)->40530.6K(65536.0K)]
 [Times: user=0.17 sys=0.00, real=0.02 secs] 
2026-06-17T09:48:47.530+0800: 9.731: [GC concurrent-root-region-scan-start]
2026-06-17T09:48:47.530+0800: 9.731: [GC concurrent-root-region-scan-end, 0.0003223 secs]
2026-06-17T09:48:47.530+0800: 9.731: [GC concurrent-mark-start]
2026-06-17T09:48:47.530+0800: 9.731: [GC concurrent-mark-end, 0.0002813 secs]
2026-06-17T09:48:47.530+0800: 9.732: [GC remark 2026-06-17T09:48:47.531+0800: 9.732: [Finalize Marking, 0.0077035 secs] 2026-06-17T09:48:47.539+0800: 9.741: [GC ref-proc, 0.0007521 secs] 2026-06-17T09:48:47.541+0800: 9.742: [Unloading, 0.0022484 secs], 0.0147921 secs]
 [Times: user=0.08 sys=0.01, real=0.02 secs] 
2026-06-17T09:48:47.547+0800: 9.748: [GC cleanup 43968K->41920K(65536K), 0.0034624 secs]
 [Times: user=0.00 sys=0.00, real=0.01 secs] 
2026-06-17T09:48:47.551+0800: 9.752: [GC concurrent-cleanup-start]
2026-06-17T09:48:47.551+0800: 9.752: [GC concurrent-cleanup-end, 0.0000066 secs]
2026-06-17T09:48:47.562+0800: 9.763: [GC pause (G1 Evacuation Pause) (young), 0.0152731 secs]
   [Parallel Time: 10.3 ms, GC Workers: 18]
      [GC Worker Start (ms): Min: 9763.1, Avg: 9765.9, Max: 9772.6, Diff: 9.6]
      [Ext Root Scanning (ms): Min: 0.0, Avg: 0.0, Max: 0.2, Diff: 0.2, Sum: 0.3]
      [Update RS (ms): Min: 0.0, Avg: 0.0, Max: 0.0, Diff: 0.0, Sum: 0.0]
         [Processed Buffers: Min: 0, Avg: 0.2, Max: 2, Diff: 2, Sum: 3]
      [Scan RS (ms): Min: 0.0, Avg: 0.0, Max: 0.0, Diff: 0.0, Sum: 0.0]
      [Code Root Scanning (ms): Min: 0.0, Avg: 0.0, Max: 0.0, Diff: 0.0, Sum: 0.0]
      [Object Copy (ms): Min: 0.0, Avg: 0.0, Max: 0.2, Diff: 0.2, Sum: 0.6]
      [Termination (ms): Min: 0.0, Avg: 6.7, Max: 9.3, Diff: 9.3, Sum: 121.2]
         [Termination Attempts: Min: 1, Avg: 1.0, Max: 1, Diff: 0, Sum: 18]
      [GC Worker Other (ms): Min: 0.0, Avg: 0.0, Max: 0.0, Diff: 0.0, Sum: 0.1]
      [GC Worker Total (ms): Min: 0.0, Avg: 6.8, Max: 9.6, Diff: 9.6, Sum: 122.2]
      [GC Worker End (ms): Min: 9772.7, Avg: 9772.7, Max: 9772.8, Diff: 0.1]
   [Code Root Fixup: 0.0 ms]
   [Code Root Purge: 0.0 ms]
   [Clear CT: 1.0 ms]
   [Other: 4.0 ms]
      [Choose CSet: 0.0 ms]
      [Ref Proc: 3.1 ms]
      [Ref Enq: 0.0 ms]
      [Redirty Cards: 0.8 ms]
      [Humongous Register: 0.0 ms]
      [Humongous Reclaim: 0.0 ms]
      [Free CSet: 0.0 ms]
   [Eden: 8192.0K(8192.0K)->0.0B(1024.0K) Survivors: 2048.0K->2048.0K Heap: 48064.6K(65536.0K)->42844.6K(65536.0K)]
 [Times: user=0.15 sys=0.00, real=0.02 secs] 
2026-06-17T09:48:47.578+0800: 9.780: [GC pause (G1 Evacuation Pause) (mixed), 0.0101674 secs]
   [Parallel Time: 4.2 ms, GC Workers: 18]
      [GC Worker Start (ms): Min: 9779.8, Avg: 9780.8, Max: 9783.1, Diff: 3.3]
      [Ext Root Scanning (ms): Min: 0.0, Avg: 0.0, Max: 0.2, Diff: 0.2, Sum: 0.5]
      [Update RS (ms): Min: 0.0, Avg: 0.0, Max: 0.0, Diff: 0.0, Sum: 0.0]
         [Processed Buffers: Min: 0, Avg: 0.2, Max: 1, Diff: 1, Sum: 3]
      [Scan RS (ms): Min: 0.0, Avg: 0.0, Max: 0.0, Diff: 0.0, Sum: 0.0]
      [Code Root Scanning (ms): Min: 0.0, Avg: 0.0, Max: 0.0, Diff: 0.0, Sum: 0.0]
      [Object Copy (ms): Min: 0.0, Avg: 0.1, Max: 0.2, Diff: 0.2, Sum: 1.2]
      [Termination (ms): Min: 0.0, Avg: 2.3, Max: 3.1, Diff: 3.1, Sum: 40.8]
         [Termination Attempts: Min: 1, Avg: 1.0, Max: 1, Diff: 0, Sum: 18]
      [GC Worker Other (ms): Min: 0.0, Avg: 0.0, Max: 0.0, Diff: 0.0, Sum: 0.1]
      [GC Worker Total (ms): Min: 0.0, Avg: 2.4, Max: 3.5, Diff: 3.5, Sum: 42.5]
      [GC Worker End (ms): Min: 9783.1, Avg: 9783.2, Max: 9783.3, Diff: 0.1]
   [Code Root Fixup: 0.0 ms]
   [Code Root Purge: 0.0 ms]
   [Clear CT: 1.0 ms]
   [Other: 5.0 ms]
      [Choose CSet: 0.0 ms]
      [Ref Proc: 4.0 ms]
      [Ref Enq: 0.0 ms]
      [Redirty Cards: 0.9 ms]
      [Humongous Register: 0.0 ms]
      [Humongous Reclaim: 0.0 ms]
      [Free CSet: 0.0 ms]
   [Eden: 1024.0K(1024.0K)->0.0B(2048.0K) Survivors: 2048.0K->1024.0K Heap: 43868.6K(65536.0K)->41316.0K(65536.0K)]
 [Times: user=0.09 sys=0.01, real=0.01 secs] 
2026-06-17T09:48:47.600+0800: 9.801: [GC pause (G1 Evacuation Pause) (mixed), 0.0125790 secs]
   [Parallel Time: 7.1 ms, GC Workers: 18]
      [GC Worker Start (ms): Min: 9801.3, Avg: 9803.0, Max: 9807.7, Diff: 6.4]
      [Ext Root Scanning (ms): Min: 0.0, Avg: 0.0, Max: 0.2, Diff: 0.2, Sum: 0.3]
      [Update RS (ms): Min: 0.0, Avg: 0.0, Max: 0.0, Diff: 0.0, Sum: 0.0]
         [Processed Buffers: Min: 0, Avg: 0.3, Max: 4, Diff: 4, Sum: 6]
      [Scan RS (ms): Min: 0.0, Avg: 0.0, Max: 0.0, Diff: 0.0, Sum: 0.1]
      [Code Root Scanning (ms): Min: 0.0, Avg: 0.0, Max: 0.0, Diff: 0.0, Sum: 0.0]
      [Object Copy (ms): Min: 0.0, Avg: 0.1, Max: 0.3, Diff: 0.3, Sum: 1.0]
      [Termination (ms): Min: 0.0, Avg: 4.7, Max: 5.9, Diff: 5.9, Sum: 84.2]
         [Termination Attempts: Min: 1, Avg: 1.0, Max: 1, Diff: 0, Sum: 18]
      [GC Worker Other (ms): Min: 0.0, Avg: 0.0, Max: 0.0, Diff: 0.0, Sum: 0.1]
      [GC Worker Total (ms): Min: 0.0, Avg: 4.8, Max: 6.5, Diff: 6.5, Sum: 85.7]
      [GC Worker End (ms): Min: 9807.7, Avg: 9807.8, Max: 9807.9, Diff: 0.2]
   [Code Root Fixup: 0.0 ms]
   [Code Root Purge: 0.0 ms]
   [Clear CT: 0.8 ms]
   [Other: 4.7 ms]
      [Choose CSet: 0.0 ms]
      [Ref Proc: 3.9 ms]
      [Ref Enq: 0.0 ms]
      [Redirty Cards: 0.7 ms]
      [Humongous Register: 0.0 ms]
      [Humongous Reclaim: 0.0 ms]
      [Free CSet: 0.0 ms]
   [Eden: 2048.0K(2048.0K)->0.0B(7168.0K) Survivors: 1024.0K->1024.0K Heap: 43364.0K(65536.0K)->40643.6K(65536.0K)]
 [Times: user=0.14 sys=0.00, real=0.02 secs] 
2026-06-17T09:48:47.624+0800: 9.825: [GC pause (G1 Evacuation Pause) (young), 0.0078841 secs]
   [Parallel Time: 4.6 ms, GC Workers: 18]
      [GC Worker Start (ms): Min: 9825.6, Avg: 9826.8, Max: 9829.5, Diff: 3.9]
      [Ext Root Scanning (ms): Min: 0.0, Avg: 0.0, Max: 0.2, Diff: 0.2, Sum: 0.6]
      [Update RS (ms): Min: 0.0, Avg: 0.0, Max: 0.1, Diff: 0.1, Sum: 0.1]
         [Processed Buffers: Min: 0, Avg: 0.2, Max: 1, Diff: 1, Sum: 4]
      [Scan RS (ms): Min: 0.0, Avg: 0.0, Max: 0.0, Diff: 0.0, Sum: 0.0]
      [Code Root Scanning (ms): Min: 0.0, Avg: 0.0, Max: 0.0, Diff: 0.0, Sum: 0.0]
      [Object Copy (ms): Min: 0.0, Avg: 0.0, Max: 0.0, Diff: 0.0, Sum: 0.1]
      [Termination (ms): Min: 0.0, Avg: 2.7, Max: 3.8, Diff: 3.8, Sum: 49.4]
         [Termination Attempts: Min: 1, Avg: 1.0, Max: 1, Diff: 0, Sum: 18]
      [GC Worker Other (ms): Min: 0.0, Avg: 0.0, Max: 0.0, Diff: 0.0, Sum: 0.1]
      [GC Worker Total (ms): Min: 0.0, Avg: 2.8, Max: 4.0, Diff: 4.0, Sum: 50.3]
      [GC Worker End (ms): Min: 9829.5, Avg: 9829.6, Max: 9829.7, Diff: 0.2]
   [Code Root Fixup: 0.0 ms]
   [Code Root Purge: 0.0 ms]
   [Clear CT: 0.6 ms]
   [Other: 2.7 ms]
      [Choose CSet: 0.0 ms]
      [Ref Proc: 2.1 ms]
      [Ref Enq: 0.0 ms]
      [Redirty Cards: 0.6 ms]
      [Humongous Register: 0.0 ms]
      [Humongous Reclaim: 0.0 ms]
      [Free CSet: 0.0 ms]
   [Eden: 7168.0K(7168.0K)->0.0B(7168.0K) Survivors: 1024.0K->1024.0K Heap: 47811.6K(65536.0K)->40523.7K(65536.0K)]
 [Times: user=0.07 sys=0.00, real=0.01 secs] 
2026-06-17T09:48:47.654+0800: 9.855: [GC pause (G1 Evacuation Pause) (young) (initial-mark), 0.0119354 secs]
   [Parallel Time: 6.3 ms, GC Workers: 18]
      [GC Worker Start (ms): Min: 9855.4, Avg: 9855.8, Max: 9856.1, Diff: 0.7]
      [Ext Root Scanning (ms): Min: 0.0, Avg: 1.5, Max: 4.9, Diff: 4.9, Sum: 27.8]
      [Update RS (ms): Min: 0.0, Avg: 0.0, Max: 0.0, Diff: 0.0, Sum: 0.0]
         [Processed Buffers: Min: 0, Avg: 0.1, Max: 2, Diff: 2, Sum: 2]
      [Scan RS (ms): Min: 0.0, Avg: 0.0, Max: 0.0, Diff: 0.0, Sum: 0.0]
      [Code Root Scanning (ms): Min: 0.0, Avg: 0.0, Max: 0.0, Diff: 0.0, Sum: 0.0]
      [Object Copy (ms): Min: 0.0, Avg: 0.0, Max: 0.2, Diff: 0.2, Sum: 0.5]
      [Termination (ms): Min: 0.0, Avg: 3.6, Max: 4.7, Diff: 4.7, Sum: 64.8]
         [Termination Attempts: Min: 1, Avg: 1.1, Max: 2, Diff: 1, Sum: 19]
      [GC Worker Other (ms): Min: 0.0, Avg: 0.0, Max: 0.0, Diff: 0.0, Sum: 0.1]
      [GC Worker Total (ms): Min: 4.9, Avg: 5.2, Max: 5.6, Diff: 0.7, Sum: 93.3]
      [GC Worker End (ms): Min: 9861.0, Avg: 9861.0, Max: 9861.1, Diff: 0.2]
   [Code Root Fixup: 0.0 ms]
   [Code Root Purge: 0.0 ms]
   [Clear CT: 0.9 ms]
   [Other: 4.8 ms]
      [Choose CSet: 0.0 ms]
      [Ref Proc: 3.9 ms]
      [Ref Enq: 0.0 ms]
      [Redirty Cards: 0.8 ms]
      [Humongous Register: 0.0 ms]
      [Humongous Reclaim: 0.0 ms]
      [Free CSet: 0.0 ms]
   [Eden: 7168.0K(7168.0K)->0.0B(5120.0K) Survivors: 1024.0K->1024.0K Heap: 47691.7K(65536.0K)->44266.6K(65536.0K)]
 [Times: user=0.11 sys=0.00, real=0.01 secs] 
2026-06-17T09:48:47.667+0800: 9.868: [GC concurrent-root-region-scan-start]
2026-06-17T09:48:47.667+0800: 9.869: [GC concurrent-root-region-scan-end, 0.0002483 secs]
2026-06-17T09:48:47.667+0800: 9.869: [GC concurrent-mark-start]
2026-06-17T09:48:47.668+0800: 9.869: [GC concurrent-mark-end, 0.0005068 secs]
2026-06-17T09:48:47.668+0800: 9.869: [GC remark 2026-06-17T09:48:47.668+0800: 9.869: [Finalize Marking, 0.0038334 secs] 2026-06-17T09:48:47.672+0800: 9.874: [GC ref-proc, 0.0005728 secs] 2026-06-17T09:48:47.673+0800: 9.875: [Unloading, 0.0020566 secs], 0.0089576 secs]
 [Times: user=0.03 sys=0.00, real=0.01 secs] 
2026-06-17T09:48:47.678+0800: 9.879: [GC cleanup 46294K->43222K(65536K), 0.0034563 secs]
 [Times: user=0.00 sys=0.00, real=0.00 secs] 
2026-06-17T09:48:47.683+0800: 9.884: [GC concurrent-cleanup-start]
2026-06-17T09:48:47.683+0800: 9.884: [GC concurrent-cleanup-end, 0.0000082 secs]
2026-06-17T09:48:47.683+0800: 9.884: [GC pause (G1 Evacuation Pause) (young), 0.0099871 secs]
   [Parallel Time: 5.5 ms, GC Workers: 18]
      [GC Worker Start (ms): Min: 9884.1, Avg: 9885.2, Max: 9889.0, Diff: 4.9]
      [Ext Root Scanning (ms): Min: 0.0, Avg: 0.0, Max: 0.2, Diff: 0.2, Sum: 0.5]
      [Update RS (ms): Min: 0.0, Avg: 0.0, Max: 0.0, Diff: 0.0, Sum: 0.0]
         [Processed Buffers: Min: 0, Avg: 0.2, Max: 1, Diff: 1, Sum: 3]
      [Scan RS (ms): Min: 0.0, Avg: 0.0, Max: 0.0, Diff: 0.0, Sum: 0.0]
      [Code Root Scanning (ms): Min: 0.0, Avg: 0.0, Max: 0.0, Diff: 0.0, Sum: 0.0]
      [Object Copy (ms): Min: 0.0, Avg: 0.0, Max: 0.1, Diff: 0.1, Sum: 0.4]
      [Termination (ms): Min: 0.0, Avg: 3.8, Max: 4.8, Diff: 4.8, Sum: 68.8]
         [Termination Attempts: Min: 1, Avg: 1.0, Max: 1, Diff: 0, Sum: 18]
      [GC Worker Other (ms): Min: 0.0, Avg: 0.0, Max: 0.0, Diff: 0.0, Sum: 0.1]
      [GC Worker Total (ms): Min: 0.0, Avg: 3.9, Max: 5.0, Diff: 5.0, Sum: 69.8]
      [GC Worker End (ms): Min: 9889.1, Avg: 9889.1, Max: 9889.3, Diff: 0.2]
   [Code Root Fixup: 0.0 ms]
   [Code Root Purge: 0.0 ms]
   [Clear CT: 0.9 ms]
   [Other: 3.6 ms]
      [Choose CSet: 0.0 ms]
      [Ref Proc: 2.8 ms]
      [Ref Enq: 0.0 ms]
      [Redirty Cards: 0.7 ms]
      [Humongous Register: 0.0 ms]
      [Humongous Reclaim: 0.0 ms]
      [Free CSet: 0.0 ms]
   [Eden: 5120.0K(5120.0K)->0.0B(2048.0K) Survivors: 1024.0K->1024.0K Heap: 46314.6K(65536.0K)->42636.6K(65536.0K)]
 [Times: user=0.10 sys=0.00, real=0.01 secs] 
2026-06-17T09:48:47.704+0800: 9.905: [GC pause (G1 Evacuation Pause) (mixed), 0.0103050 secs]
   [Parallel Time: 6.0 ms, GC Workers: 18]
      [GC Worker Start (ms): Min: 9905.4, Avg: 9906.6, Max: 9910.7, Diff: 5.3]
      [Ext Root Scanning (ms): Min: 0.0, Avg: 0.0, Max: 0.1, Diff: 0.1, Sum: 0.2]
      [Update RS (ms): Min: 0.0, Avg: 0.0, Max: 0.0, Diff: 0.0, Sum: 0.0]
         [Processed Buffers: Min: 0, Avg: 0.2, Max: 2, Diff: 2, Sum: 4]
      [Scan RS (ms): Min: 0.0, Avg: 0.0, Max: 0.0, Diff: 0.0, Sum: 0.0]
      [Code Root Scanning (ms): Min: 0.0, Avg: 0.0, Max: 0.0, Diff: 0.0, Sum: 0.0]
      [Object Copy (ms): Min: 0.0, Avg: 0.0, Max: 0.2, Diff: 0.2, Sum: 0.7]
      [Termination (ms): Min: 0.0, Avg: 4.1, Max: 5.1, Diff: 5.1, Sum: 74.6]
         [Termination Attempts: Min: 1, Avg: 1.0, Max: 1, Diff: 0, Sum: 18]
      [GC Worker Other (ms): Min: 0.0, Avg: 0.0, Max: 0.0, Diff: 0.0, Sum: 0.1]
      [GC Worker Total (ms): Min: 0.0, Avg: 4.2, Max: 5.3, Diff: 5.3, Sum: 75.6]
      [GC Worker End (ms): Min: 9910.7, Avg: 9910.8, Max: 9910.9, Diff: 0.2]
   [Code Root Fixup: 0.0 ms]
   [Code Root Purge: 0.0 ms]
   [Clear CT: 0.8 ms]
   [Other: 3.5 ms]
      [Choose CSet: 0.0 ms]
      [Ref Proc: 2.7 ms]
      [Ref Enq: 0.0 ms]
      [Redirty Cards: 0.8 ms]
      [Humongous Register: 0.0 ms]
      [Humongous Reclaim: 0.0 ms]
      [Free CSet: 0.0 ms]
   [Eden: 2048.0K(2048.0K)->0.0B(2048.0K) Survivors: 1024.0K->1024.0K Heap: 44684.6K(65536.0K)->40042.6K(65536.0K)]
 [Times: user=0.09 sys=0.01, real=0.01 secs] 
2026-06-17T09:48:47.716+0800: 9.917: [GC pause (G1 Evacuation Pause) (mixed), 0.0067908 secs]
   [Parallel Time: 2.2 ms, GC Workers: 18]
      [GC Worker Start (ms): Min: 9917.0, Avg: 9917.8, Max: 9918.6, Diff: 1.6]
      [Ext Root Scanning (ms): Min: 0.0, Avg: 0.0, Max: 0.2, Diff: 0.2, Sum: 0.4]
      [Update RS (ms): Min: 0.0, Avg: 0.0, Max: 0.0, Diff: 0.0, Sum: 0.0]
         [Processed Buffers: Min: 0, Avg: 0.2, Max: 2, Diff: 2, Sum: 4]
      [Scan RS (ms): Min: 0.0, Avg: 0.0, Max: 0.0, Diff: 0.0, Sum: 0.0]
      [Code Root Scanning (ms): Min: 0.0, Avg: 0.0, Max: 0.0, Diff: 0.0, Sum: 0.0]
      [Object Copy (ms): Min: 0.0, Avg: 0.0, Max: 0.2, Diff: 0.2, Sum: 0.8]
      [Termination (ms): Min: 0.0, Avg: 0.7, Max: 1.2, Diff: 1.2, Sum: 12.3]
         [Termination Attempts: Min: 1, Avg: 1.0, Max: 1, Diff: 0, Sum: 18]
      [GC Worker Other (ms): Min: 0.0, Avg: 0.0, Max: 0.0, Diff: 0.0, Sum: 0.1]
      [GC Worker Total (ms): Min: 0.0, Avg: 0.8, Max: 1.7, Diff: 1.6, Sum: 13.7]
      [GC Worker End (ms): Min: 9918.6, Avg: 9918.6, Max: 9918.7, Diff: 0.2]
   [Code Root Fixup: 0.0 ms]
   [Code Root Purge: 0.0 ms]
   [Clear CT: 1.0 ms]
   [Other: 3.5 ms]
      [Choose CSet: 0.0 ms]
      [Ref Proc: 2.6 ms]
      [Ref Enq: 0.0 ms]
      [Redirty Cards: 0.9 ms]
      [Humongous Register: 0.0 ms]
      [Humongous Reclaim: 0.0 ms]
      [Free CSet: 0.0 ms]
   [Eden: 2048.0K(2048.0K)->0.0B(2048.0K) Survivors: 1024.0K->1024.0K Heap: 42090.6K(65536.0K)->38531.6K(65536.0K)]
 [Times: user=0.04 sys=0.00, real=0.01 secs] 
2026-06-17T09:48:47.734+0800: 9.935: [GC pause (G1 Evacuation Pause) (mixed), 0.0109333 secs]
   [Parallel Time: 7.3 ms, GC Workers: 18]
      [GC Worker Start (ms): Min: 9935.1, Avg: 9936.5, Max: 9941.7, Diff: 6.6]
      [Ext Root Scanning (ms): Min: 0.0, Avg: 0.0, Max: 0.2, Diff: 0.2, Sum: 0.3]
      [Update RS (ms): Min: 0.0, Avg: 0.0, Max: 0.0, Diff: 0.0, Sum: 0.0]
         [Processed Buffers: Min: 0, Avg: 0.3, Max: 3, Diff: 3, Sum: 5]
      [Scan RS (ms): Min: 0.0, Avg: 0.0, Max: 0.0, Diff: 0.0, Sum: 0.1]
      [Code Root Scanning (ms): Min: 0.0, Avg: 0.0, Max: 0.0, Diff: 0.0, Sum: 0.0]
      [Object Copy (ms): Min: 0.0, Avg: 0.1, Max: 0.3, Diff: 0.3, Sum: 0.9]
      [Termination (ms): Min: 0.0, Avg: 5.3, Max: 6.3, Diff: 6.3, Sum: 94.5]
         [Termination Attempts: Min: 1, Avg: 1.0, Max: 1, Diff: 0, Sum: 18]
      [GC Worker Other (ms): Min: 0.0, Avg: 0.0, Max: 0.0, Diff: 0.0, Sum: 0.1]
      [GC Worker Total (ms): Min: 0.0, Avg: 5.3, Max: 6.7, Diff: 6.7, Sum: 95.9]
      [GC Worker End (ms): Min: 9941.7, Avg: 9941.8, Max: 9941.9, Diff: 0.2]
   [Code Root Fixup: 0.0 ms]
   [Code Root Purge: 0.0 ms]
   [Clear CT: 0.8 ms]
   [Other: 2.8 ms]
      [Choose CSet: 0.0 ms]
      [Ref Proc: 2.0 ms]
      [Ref Enq: 0.0 ms]
      [Redirty Cards: 0.7 ms]
      [Humongous Register: 0.0 ms]
      [Humongous Reclaim: 0.0 ms]
      [Free CSet: 0.0 ms]
   [Eden: 2048.0K(2048.0K)->0.0B(8192.0K) Survivors: 1024.0K->1024.0K Heap: 40579.6K(65536.0K)->37460.6K(65536.0K)]
 [Times: user=0.12 sys=0.00, real=0.01 secs] 
2026-06-17T09:48:47.757+0800: 9.958: [GC pause (G1 Evacuation Pause) (young), 0.0113815 secs]
   [Parallel Time: 7.3 ms, GC Workers: 18]
      [GC Worker Start (ms): Min: 9957.9, Avg: 9959.4, Max: 9964.9, Diff: 6.9]
      [Ext Root Scanning (ms): Min: 0.0, Avg: 0.0, Max: 0.1, Diff: 0.1, Sum: 0.2]
      [Update RS (ms): Min: 0.0, Avg: 0.0, Max: 0.1, Diff: 0.1, Sum: 0.2]
         [Processed Buffers: Min: 0, Avg: 0.2, Max: 2, Diff: 2, Sum: 4]
      [Scan RS (ms): Min: 0.0, Avg: 0.0, Max: 0.0, Diff: 0.0, Sum: 0.0]
      [Code Root Scanning (ms): Min: 0.0, Avg: 0.0, Max: 0.0, Diff: 0.0, Sum: 0.0]
      [Object Copy (ms): Min: 0.0, Avg: 0.0, Max: 0.1, Diff: 0.1, Sum: 0.2]
      [Termination (ms): Min: 0.0, Avg: 5.4, Max: 6.8, Diff: 6.8, Sum: 98.0]
         [Termination Attempts: Min: 1, Avg: 1.0, Max: 1, Diff: 0, Sum: 18]
      [GC Worker Other (ms): Min: 0.0, Avg: 0.0, Max: 0.0, Diff: 0.0, Sum: 0.1]
      [GC Worker Total (ms): Min: 0.0, Avg: 5.5, Max: 7.0, Diff: 7.0, Sum: 98.7]
      [GC Worker End (ms): Min: 9964.9, Avg: 9964.9, Max: 9965.0, Diff: 0.1]
   [Code Root Fixup: 0.0 ms]
   [Code Root Purge: 0.0 ms]
   [Clear CT: 1.2 ms]
   [Other: 2.8 ms]
      [Choose CSet: 0.0 ms]
      [Ref Proc: 1.9 ms]
      [Ref Enq: 0.0 ms]
      [Redirty Cards: 0.9 ms]
      [Humongous Register: 0.0 ms]
      [Humongous Reclaim: 0.0 ms]
      [Free CSet: 0.0 ms]
   [Eden: 8192.0K(8192.0K)->0.0B(8192.0K) Survivors: 1024.0K->2048.0K Heap: 45652.6K(65536.0K)->38352.7K(65536.0K)]
 [Times: user=0.11 sys=0.00, real=0.01 secs] 
2026-06-17T09:48:47.800+0800: 10.002: [GC pause (G1 Evacuation Pause) (young) (initial-mark), 0.0162677 secs]
   [Parallel Time: 9.8 ms, GC Workers: 18]
      [GC Worker Start (ms): Min: 10001.7, Avg: 10002.2, Max: 10002.6, Diff: 1.0]
      [Ext Root Scanning (ms): Min: 0.0, Avg: 1.6, Max: 7.9, Diff: 7.9, Sum: 29.5]
      [Update RS (ms): Min: 0.0, Avg: 0.0, Max: 0.0, Diff: 0.0, Sum: 0.0]
         [Processed Buffers: Min: 0, Avg: 0.1, Max: 2, Diff: 2, Sum: 2]
      [Scan RS (ms): Min: 0.0, Avg: 0.0, Max: 0.0, Diff: 0.0, Sum: 0.0]
      [Code Root Scanning (ms): Min: 0.0, Avg: 0.0, Max: 0.0, Diff: 0.0, Sum: 0.0]
      [Object Copy (ms): Min: 0.0, Avg: 0.0, Max: 0.2, Diff: 0.2, Sum: 0.4]
      [Termination (ms): Min: 0.0, Avg: 6.7, Max: 7.8, Diff: 7.8, Sum: 121.0]
         [Termination Attempts: Min: 1, Avg: 1.2, Max: 2, Diff: 1, Sum: 21]
      [GC Worker Other (ms): Min: 0.0, Avg: 0.0, Max: 0.0, Diff: 0.0, Sum: 0.1]
      [GC Worker Total (ms): Min: 7.9, Avg: 8.4, Max: 9.0, Diff: 1.0, Sum: 151.0]
      [GC Worker End (ms): Min: 10010.5, Avg: 10010.6, Max: 10010.8, Diff: 0.3]
   [Code Root Fixup: 0.0 ms]
   [Code Root Purge: 0.0 ms]
   [Clear CT: 1.6 ms]
   [Other: 4.9 ms]
      [Choose CSet: 0.0 ms]
      [Ref Proc: 3.8 ms]
      [Ref Enq: 0.0 ms]
      [Redirty Cards: 1.0 ms]
      [Humongous Register: 0.0 ms]
      [Humongous Reclaim: 0.0 ms]
      [Free CSet: 0.0 ms]
   [Eden: 8192.0K(8192.0K)->0.0B(8192.0K) Survivors: 2048.0K->1024.0K Heap: 46544.7K(65536.0K)->39458.0K(65536.0K)]
 [Times: user=0.16 sys=0.01, real=0.02 secs] 
2026-06-17T09:48:47.818+0800: 10.019: [GC concurrent-root-region-scan-start]
2026-06-17T09:48:47.818+0800: 10.019: [GC concurrent-root-region-scan-end, 0.0003827 secs]
2026-06-17T09:48:47.818+0800: 10.019: [GC concurrent-mark-start]
2026-06-17T09:48:47.818+0800: 10.020: [GC concurrent-mark-end, 0.0003064 secs]
2026-06-17T09:48:47.819+0800: 10.020: [GC remark 2026-06-17T09:48:47.819+0800: 10.020: [Finalize Marking, 0.0092384 secs] 2026-06-17T09:48:47.829+0800: 10.030: [GC ref-proc, 0.0007118 secs] 2026-06-17T09:48:47.830+0800: 10.032: [Unloading, 0.0020923 secs], 0.0152994 secs]
 [Times: user=0.11 sys=0.00, real=0.02 secs] 
2026-06-17T09:48:47.835+0800: 10.036: [GC cleanup 47605K->45557K(65536K), 0.0036888 secs]
 [Times: user=0.00 sys=0.00, real=0.00 secs] 
2026-06-17T09:48:47.840+0800: 10.041: [GC concurrent-cleanup-start]
2026-06-17T09:48:47.840+0800: 10.041: [GC concurrent-cleanup-end, 0.0000126 secs]
2026-06-17T09:48:47.840+0800: 10.041: [GC pause (G1 Evacuation Pause) (young), 0.0108660 secs]
   [Parallel Time: 7.3 ms, GC Workers: 18]
      [GC Worker Start (ms): Min: 10041.1, Avg: 10042.7, Max: 10048.1, Diff: 7.0]
      [Ext Root Scanning (ms): Min: 0.0, Avg: 0.0, Max: 0.2, Diff: 0.2, Sum: 0.5]
      [Update RS (ms): Min: 0.0, Avg: 0.0, Max: 0.0, Diff: 0.0, Sum: 0.0]
         [Processed Buffers: Min: 0, Avg: 0.1, Max: 1, Diff: 1, Sum: 2]
      [Scan RS (ms): Min: 0.0, Avg: 0.0, Max: 0.0, Diff: 0.0, Sum: 0.0]
      [Code Root Scanning (ms): Min: 0.0, Avg: 0.0, Max: 0.0, Diff: 0.0, Sum: 0.0]
      [Object Copy (ms): Min: 0.0, Avg: 0.1, Max: 0.2, Diff: 0.2, Sum: 1.0]
      [Termination (ms): Min: 0.0, Avg: 5.4, Max: 6.8, Diff: 6.8, Sum: 97.0]
         [Termination Attempts: Min: 1, Avg: 1.0, Max: 1, Diff: 0, Sum: 18]
      [GC Worker Other (ms): Min: 0.0, Avg: 0.0, Max: 0.0, Diff: 0.0, Sum: 0.1]
      [GC Worker Total (ms): Min: 0.0, Avg: 5.5, Max: 7.1, Diff: 7.1, Sum: 98.6]
      [GC Worker End (ms): Min: 10048.1, Avg: 10048.2, Max: 10048.2, Diff: 0.1]
   [Code Root Fixup: 0.0 ms]
   [Code Root Purge: 0.0 ms]
   [Clear CT: 1.0 ms]
   [Other: 2.6 ms]
      [Choose CSet: 0.0 ms]
      [Ref Proc: 1.7 ms]
      [Ref Enq: 0.0 ms]
      [Redirty Cards: 0.8 ms]
      [Humongous Register: 0.0 ms]
      [Humongous Reclaim: 0.0 ms]
      [Free CSet: 0.0 ms]
   [Eden: 8192.0K(8192.0K)->0.0B(2048.0K) Survivors: 1024.0K->2048.0K Heap: 45602.0K(65536.0K)->42329.6K(65536.0K)]
 [Times: user=0.11 sys=0.01, real=0.02 secs] 
2026-06-17T09:48:47.862+0800: 10.064: [GC pause (G1 Evacuation Pause) (mixed), 0.0108604 secs]
   [Parallel Time: 7.2 ms, GC Workers: 18]
      [GC Worker Start (ms): Min: 10063.6, Avg: 10065.2, Max: 10070.2, Diff: 6.6]
      [Ext Root Scanning (ms): Min: 0.0, Avg: 0.0, Max: 0.2, Diff: 0.2, Sum: 0.4]
      [Update RS (ms): Min: 0.0, Avg: 0.0, Max: 0.0, Diff: 0.0, Sum: 0.0]
         [Processed Buffers: Min: 0, Avg: 0.2, Max: 2, Diff: 2, Sum: 3]
      [Scan RS (ms): Min: 0.0, Avg: 0.0, Max: 0.0, Diff: 0.0, Sum: 0.0]
      [Code Root Scanning (ms): Min: 0.0, Avg: 0.0, Max: 0.0, Diff: 0.0, Sum: 0.0]
      [Object Copy (ms): Min: 0.0, Avg: 0.0, Max: 0.2, Diff: 0.2, Sum: 0.7]
      [Termination (ms): Min: 0.0, Avg: 5.0, Max: 6.3, Diff: 6.3, Sum: 90.8]
         [Termination Attempts: Min: 1, Avg: 1.0, Max: 1, Diff: 0, Sum: 18]
      [GC Worker Other (ms): Min: 0.0, Avg: 0.0, Max: 0.0, Diff: 0.0, Sum: 0.1]
      [GC Worker Total (ms): Min: 0.0, Avg: 5.1, Max: 6.6, Diff: 6.6, Sum: 92.0]
      [GC Worker End (ms): Min: 10070.2, Avg: 10070.3, Max: 10070.4, Diff: 0.1]
   [Code Root Fixup: 0.0 ms]
   [Code Root Purge: 0.0 ms]
   [Clear CT: 0.9 ms]
   [Other: 2.7 ms]
      [Choose CSet: 0.0 ms]
      [Ref Proc: 1.7 ms]
      [Ref Enq: 0.0 ms]
      [Redirty Cards: 0.9 ms]
      [Humongous Register: 0.0 ms]
      [Humongous Reclaim: 0.0 ms]
      [Free CSet: 0.0 ms]
   [Eden: 2048.0K(2048.0K)->0.0B(2048.0K) Survivors: 2048.0K->1024.0K Heap: 44377.6K(65536.0K)->37652.6K(65536.0K)]
 [Times: user=0.11 sys=0.00, real=0.02 secs] 
2026-06-17T09:48:47.874+0800: 10.076: [GC pause (G1 Evacuation Pause) (mixed), 0.0089816 secs]
   [Parallel Time: 2.2 ms, GC Workers: 18]
      [GC Worker Start (ms): Min: 10075.7, Avg: 10076.6, Max: 10077.3, Diff: 1.6]
      [Ext Root Scanning (ms): Min: 0.0, Avg: 0.0, Max: 0.3, Diff: 0.3, Sum: 0.5]
      [Update RS (ms): Min: 0.0, Avg: 0.0, Max: 0.0, Diff: 0.0, Sum: 0.1]
         [Processed Buffers: Min: 0, Avg: 0.3, Max: 2, Diff: 2, Sum: 5]
      [Scan RS (ms): Min: 0.0, Avg: 0.0, Max: 0.1, Diff: 0.1, Sum: 0.1]
      [Code Root Scanning (ms): Min: 0.0, Avg: 0.0, Max: 0.0, Diff: 0.0, Sum: 0.0]
      [Object Copy (ms): Min: 0.0, Avg: 0.1, Max: 0.2, Diff: 0.2, Sum: 0.9]
      [Termination (ms): Min: 0.0, Avg: 0.7, Max: 1.2, Diff: 1.2, Sum: 11.7]
         [Termination Attempts: Min: 1, Avg: 1.1, Max: 2, Diff: 1, Sum: 19]
      [GC Worker Other (ms): Min: 0.0, Avg: 0.0, Max: 0.0, Diff: 0.0, Sum: 0.1]
      [GC Worker Total (ms): Min: 0.0, Avg: 0.7, Max: 1.6, Diff: 1.6, Sum: 13.4]
      [GC Worker End (ms): Min: 10077.3, Avg: 10077.3, Max: 10077.5, Diff: 0.2]
   [Code Root Fixup: 0.0 ms]
   [Code Root Purge: 0.0 ms]
   [Clear CT: 1.3 ms]
   [Other: 5.5 ms]
      [Choose CSet: 0.0 ms]
      [Ref Proc: 4.1 ms]
      [Ref Enq: 0.0 ms]
      [Redirty Cards: 1.4 ms]
      [Humongous Register: 0.0 ms]
      [Humongous Reclaim: 0.0 ms]
      [Free CSet: 0.0 ms]
   [Eden: 2048.0K(2048.0K)->0.0B(9216.0K) Survivors: 1024.0K->1024.0K Heap: 39700.6K(65536.0K)->37430.6K(65536.0K)]
 [Times: user=0.05 sys=0.00, real=0.01 secs] 
2026-06-17T09:48:47.907+0800: 10.108: [GC pause (G1 Evacuation Pause) (young), 0.0124601 secs]
   [Parallel Time: 7.9 ms, GC Workers: 18]
      [GC Worker Start (ms): Min: 10108.5, Avg: 10110.0, Max: 10115.5, Diff: 7.1]
      [Ext Root Scanning (ms): Min: 0.0, Avg: 0.0, Max: 0.2, Diff: 0.2, Sum: 0.4]
      [Update RS (ms): Min: 0.0, Avg: 0.0, Max: 0.1, Diff: 0.1, Sum: 0.2]
         [Processed Buffers: Min: 0, Avg: 0.3, Max: 3, Diff: 3, Sum: 5]
      [Scan RS (ms): Min: 0.0, Avg: 0.0, Max: 0.0, Diff: 0.0, Sum: 0.0]
      [Code Root Scanning (ms): Min: 0.0, Avg: 0.0, Max: 0.0, Diff: 0.0, Sum: 0.0]
      [Object Copy (ms): Min: 0.0, Avg: 0.0, Max: 0.2, Diff: 0.2, Sum: 0.8]
      [Termination (ms): Min: 0.0, Avg: 5.5, Max: 6.7, Diff: 6.7, Sum: 99.5]
         [Termination Attempts: Min: 1, Avg: 1.0, Max: 1, Diff: 0, Sum: 18]
      [GC Worker Other (ms): Min: 0.0, Avg: 0.0, Max: 0.0, Diff: 0.0, Sum: 0.1]
      [GC Worker Total (ms): Min: 0.0, Avg: 5.6, Max: 7.2, Diff: 7.2, Sum: 101.0]
      [GC Worker End (ms): Min: 10115.5, Avg: 10115.6, Max: 10115.7, Diff: 0.2]
   [Code Root Fixup: 0.0 ms]
   [Code Root Purge: 0.0 ms]
   [Clear CT: 1.4 ms]
   [Other: 3.1 ms]
      [Choose CSet: 0.0 ms]
      [Ref Proc: 2.0 ms]
      [Ref Enq: 0.0 ms]
      [Redirty Cards: 1.1 ms]
      [Humongous Register: 0.0 ms]
      [Humongous Reclaim: 0.0 ms]
      [Free CSet: 0.0 ms]
   [Eden: 9216.0K(9216.0K)->0.0B(5120.0K) Survivors: 1024.0K->2048.0K Heap: 46646.6K(65536.0K)->43031.6K(65536.0K)]
 [Times: user=0.11 sys=0.00, real=0.01 secs] 
2026-06-17T09:48:47.921+0800: 10.122: [GC pause (G1 Humongous Allocation) (young) (initial-mark), 0.0080572 secs]
   [Parallel Time: 2.6 ms, GC Workers: 18]
      [GC Worker Start (ms): Min: 10122.3, Avg: 10122.6, Max: 10122.9, Diff: 0.5]
      [Ext Root Scanning (ms): Min: 0.0, Avg: 1.0, Max: 1.5, Diff: 1.4, Sum: 18.3]
      [Update RS (ms): Min: 0.0, Avg: 0.0, Max: 0.0, Diff: 0.0, Sum: 0.0]
         [Processed Buffers: Min: 0, Avg: 0.2, Max: 4, Diff: 4, Sum: 4]
      [Scan RS (ms): Min: 0.0, Avg: 0.0, Max: 0.0, Diff: 0.0, Sum: 0.0]
      [Code Root Scanning (ms): Min: 0.0, Avg: 0.0, Max: 0.0, Diff: 0.0, Sum: 0.0]
      [Object Copy (ms): Min: 0.0, Avg: 0.0, Max: 0.1, Diff: 0.1, Sum: 0.1]
      [Termination (ms): Min: 0.0, Avg: 0.7, Max: 1.4, Diff: 1.4, Sum: 11.9]
         [Termination Attempts: Min: 1, Avg: 1.0, Max: 1, Diff: 0, Sum: 18]
      [GC Worker Other (ms): Min: 0.0, Avg: 0.0, Max: 0.0, Diff: 0.0, Sum: 0.1]
      [GC Worker Total (ms): Min: 1.4, Avg: 1.7, Max: 2.0, Diff: 0.6, Sum: 30.5]
      [GC Worker End (ms): Min: 10124.3, Avg: 10124.3, Max: 10124.5, Diff: 0.2]
   [Code Root Fixup: 0.0 ms]
   [Code Root Purge: 0.0 ms]
   [Clear CT: 0.9 ms]
   [Other: 4.6 ms]
      [Choose CSet: 0.0 ms]
      [Ref Proc: 3.8 ms]
      [Ref Enq: 0.0 ms]
      [Redirty Cards: 0.7 ms]
      [Humongous Register: 0.0 ms]
      [Humongous Reclaim: 0.0 ms]
      [Free CSet: 0.0 ms]
   [Eden: 1024.0K(5120.0K)->0.0B(6144.0K) Survivors: 2048.0K->0.0B Heap: 43804.2K(65536.0K)->41934.6K(65536.0K)]
 [Times: user=0.05 sys=0.01, real=0.01 secs] 
2026-06-17T09:48:47.930+0800: 10.131: [GC concurrent-root-region-scan-start]
2026-06-17T09:48:47.930+0800: 10.131: [GC concurrent-root-region-scan-end, 0.0000125 secs]
2026-06-17T09:48:47.930+0800: 10.131: [GC concurrent-mark-start]
2026-06-17T09:48:47.931+0800: 10.132: [GC concurrent-mark-end, 0.0005586 secs]
2026-06-17T09:48:47.931+0800: 10.132: [GC remark 2026-06-17T09:48:47.931+0800: 10.133: [Finalize Marking, 0.0067704 secs] 2026-06-17T09:48:47.939+0800: 10.140: [GC ref-proc, 0.0006730 secs] 2026-06-17T09:48:47.940+0800: 10.141: [Unloading, 0.0022931 secs], 0.0122839 secs]
 [Times: user=0.08 sys=0.00, real=0.01 secs] 
2026-06-17T09:48:47.944+0800: 10.146: [GC cleanup 44236K->42188K(65536K), 0.0033111 secs]
 [Times: user=0.00 sys=0.00, real=0.00 secs] 
2026-06-17T09:48:47.949+0800: 10.150: [GC concurrent-cleanup-start]
2026-06-17T09:48:47.949+0800: 10.150: [GC concurrent-cleanup-end, 0.0000091 secs]
2026-06-17T09:48:47.959+0800: 10.161: [GC pause (G1 Evacuation Pause) (young), 0.0123802 secs]
   [Parallel Time: 6.3 ms, GC Workers: 18]
      [GC Worker Start (ms): Min: 10160.6, Avg: 10162.2, Max: 10166.3, Diff: 5.7]
      [Ext Root Scanning (ms): Min: 0.0, Avg: 0.0, Max: 0.1, Diff: 0.1, Sum: 0.2]
      [Update RS (ms): Min: 0.0, Avg: 0.0, Max: 0.0, Diff: 0.0, Sum: 0.0]
         [Processed Buffers: Min: 0, Avg: 0.2, Max: 2, Diff: 2, Sum: 3]
      [Scan RS (ms): Min: 0.0, Avg: 0.0, Max: 0.0, Diff: 0.0, Sum: 0.0]
      [Code Root Scanning (ms): Min: 0.0, Avg: 0.0, Max: 0.0, Diff: 0.0, Sum: 0.0]
      [Object Copy (ms): Min: 0.0, Avg: 0.0, Max: 0.1, Diff: 0.1, Sum: 0.3]
      [Termination (ms): Min: 0.0, Avg: 4.1, Max: 5.5, Diff: 5.5, Sum: 74.1]
         [Termination Attempts: Min: 1, Avg: 1.1, Max: 3, Diff: 2, Sum: 20]
      [GC Worker Other (ms): Min: 0.0, Avg: 0.0, Max: 0.0, Diff: 0.0, Sum: 0.1]
      [GC Worker Total (ms): Min: 0.0, Avg: 4.1, Max: 5.8, Diff: 5.7, Sum: 74.7]
      [GC Worker End (ms): Min: 10166.4, Avg: 10166.4, Max: 10166.5, Diff: 0.2]
   [Code Root Fixup: 0.0 ms]
   [Code Root Purge: 0.0 ms]
   [Clear CT: 0.9 ms]
   [Other: 5.2 ms]
      [Choose CSet: 0.0 ms]
      [Ref Proc: 4.6 ms]
      [Ref Enq: 0.0 ms]
      [Redirty Cards: 0.5 ms]
      [Humongous Register: 0.0 ms]
      [Humongous Reclaim: 0.0 ms]
      [Free CSet: 0.0 ms]
   [Eden: 6144.0K(6144.0K)->0.0B(2048.0K) Survivors: 0.0B->1024.0K Heap: 47309.7K(65536.0K)->43505.7K(65536.0K)]
 [Times: user=0.13 sys=0.01, real=0.02 secs] 
2026-06-17T09:48:47.973+0800: 10.174: [GC pause (G1 Evacuation Pause) (mixed), 0.0070777 secs]
   [Parallel Time: 2.2 ms, GC Workers: 18]
      [GC Worker Start (ms): Min: 10174.4, Avg: 10175.3, Max: 10176.2, Diff: 1.8]
      [Ext Root Scanning (ms): Min: 0.0, Avg: 0.0, Max: 0.2, Diff: 0.2, Sum: 0.4]
      [Update RS (ms): Min: 0.0, Avg: 0.0, Max: 0.0, Diff: 0.0, Sum: 0.0]
         [Processed Buffers: Min: 0, Avg: 0.1, Max: 1, Diff: 1, Sum: 2]
      [Scan RS (ms): Min: 0.0, Avg: 0.0, Max: 0.0, Diff: 0.0, Sum: 0.0]
      [Code Root Scanning (ms): Min: 0.0, Avg: 0.0, Max: 0.0, Diff: 0.0, Sum: 0.0]
      [Object Copy (ms): Min: 0.0, Avg: 0.0, Max: 0.1, Diff: 0.1, Sum: 0.4]
      [Termination (ms): Min: 0.0, Avg: 1.0, Max: 1.6, Diff: 1.6, Sum: 17.3]
         [Termination Attempts: Min: 1, Avg: 1.0, Max: 1, Diff: 0, Sum: 18]
      [GC Worker Other (ms): Min: 0.0, Avg: 0.0, Max: 0.0, Diff: 0.0, Sum: 0.1]
      [GC Worker Total (ms): Min: 0.0, Avg: 1.0, Max: 1.9, Diff: 1.9, Sum: 18.3]
      [GC Worker End (ms): Min: 10176.2, Avg: 10176.3, Max: 10176.4, Diff: 0.2]
   [Code Root Fixup: 0.0 ms]
   [Code Root Purge: 0.0 ms]
   [Clear CT: 0.7 ms]
   [Other: 4.2 ms]
      [Choose CSet: 0.0 ms]
      [Ref Proc: 3.6 ms]
      [Ref Enq: 0.0 ms]
      [Redirty Cards: 0.6 ms]
      [Humongous Register: 0.0 ms]
      [Humongous Reclaim: 0.0 ms]
      [Free CSet: 0.0 ms]
   [Eden: 2048.0K(2048.0K)->0.0B(2048.0K) Survivors: 1024.0K->1024.0K Heap: 45553.7K(65536.0K)->39192.8K(65536.0K)]
 [Times: user=0.06 sys=0.00, real=0.00 secs] 
2026-06-17T09:48:47.992+0800: 10.193: [GC pause (G1 Evacuation Pause) (mixed), 0.0116207 secs]
   [Parallel Time: 7.1 ms, GC Workers: 18]
      [GC Worker Start (ms): Min: 10193.1, Avg: 10194.6, Max: 10199.3, Diff: 6.2]
      [Ext Root Scanning (ms): Min: 0.0, Avg: 0.0, Max: 0.2, Diff: 0.2, Sum: 0.3]
      [Update RS (ms): Min: 0.0, Avg: 0.0, Max: 0.0, Diff: 0.0, Sum: 0.0]
         [Processed Buffers: Min: 0, Avg: 0.2, Max: 2, Diff: 2, Sum: 4]
      [Scan RS (ms): Min: 0.0, Avg: 0.0, Max: 0.0, Diff: 0.0, Sum: 0.0]
      [Code Root Scanning (ms): Min: 0.0, Avg: 0.0, Max: 0.0, Diff: 0.0, Sum: 0.0]
      [Object Copy (ms): Min: 0.0, Avg: 0.0, Max: 0.2, Diff: 0.2, Sum: 0.4]
      [Termination (ms): Min: 0.0, Avg: 4.7, Max: 6.1, Diff: 6.1, Sum: 84.4]
         [Termination Attempts: Min: 1, Avg: 1.0, Max: 1, Diff: 0, Sum: 18]
      [GC Worker Other (ms): Min: 0.0, Avg: 0.0, Max: 0.0, Diff: 0.0, Sum: 0.1]
      [GC Worker Total (ms): Min: 0.0, Avg: 4.7, Max: 6.3, Diff: 6.3, Sum: 85.2]
      [GC Worker End (ms): Min: 10199.3, Avg: 10199.4, Max: 10199.5, Diff: 0.2]
   [Code Root Fixup: 0.0 ms]
   [Code Root Purge: 0.0 ms]
   [Clear CT: 1.4 ms]
   [Other: 3.0 ms]
      [Choose CSet: 0.0 ms]
      [Ref Proc: 2.2 ms]
      [Ref Enq: 0.0 ms]
      [Redirty Cards: 0.8 ms]
      [Humongous Register: 0.0 ms]
      [Humongous Reclaim: 0.0 ms]
      [Free CSet: 0.0 ms]
   [Eden: 2048.0K(2048.0K)->0.0B(6144.0K) Survivors: 1024.0K->1024.0K Heap: 41240.8K(65536.0K)->41052.7K(65536.0K)]
 [Times: user=0.09 sys=0.00, real=0.01 secs] 
2026-06-17T09:48:48.025+0800: 10.226: [GC pause (G1 Evacuation Pause) (young), 0.0121822 secs]
   [Parallel Time: 6.8 ms, GC Workers: 18]
      [GC Worker Start (ms): Min: 10226.4, Avg: 10227.7, Max: 10232.3, Diff: 6.0]
      [Ext Root Scanning (ms): Min: 0.0, Avg: 0.0, Max: 0.2, Diff: 0.2, Sum: 0.4]
      [Update RS (ms): Min: 0.0, Avg: 0.0, Max: 0.0, Diff: 0.0, Sum: 0.0]
         [Processed Buffers: Min: 0, Avg: 0.2, Max: 2, Diff: 2, Sum: 3]
      [Scan RS (ms): Min: 0.0, Avg: 0.0, Max: 0.0, Diff: 0.0, Sum: 0.0]
      [Code Root Scanning (ms): Min: 0.0, Avg: 0.0, Max: 0.0, Diff: 0.0, Sum: 0.0]
      [Object Copy (ms): Min: 0.0, Avg: 0.0, Max: 0.1, Diff: 0.1, Sum: 0.2]
      [Termination (ms): Min: 0.0, Avg: 4.7, Max: 5.9, Diff: 5.9, Sum: 84.6]
         [Termination Attempts: Min: 1, Avg: 1.0, Max: 1, Diff: 0, Sum: 18]
      [GC Worker Other (ms): Min: 0.0, Avg: 0.0, Max: 0.0, Diff: 0.0, Sum: 0.1]
      [GC Worker Total (ms): Min: 0.0, Avg: 4.7, Max: 6.1, Diff: 6.1, Sum: 85.2]
      [GC Worker End (ms): Min: 10232.3, Avg: 10232.4, Max: 10232.5, Diff: 0.2]
   [Code Root Fixup: 0.0 ms]
   [Code Root Purge: 0.0 ms]
   [Clear CT: 1.6 ms]
   [Other: 3.8 ms]
      [Choose CSet: 0.0 ms]
      [Ref Proc: 2.5 ms]
      [Ref Enq: 0.0 ms]
      [Redirty Cards: 1.2 ms]
      [Humongous Register: 0.0 ms]
      [Humongous Reclaim: 0.0 ms]
      [Free CSet: 0.0 ms]
   [Eden: 6144.0K(6144.0K)->0.0B(6144.0K) Survivors: 1024.0K->1024.0K Heap: 47196.7K(65536.0K)->41239.3K(65536.0K)]
 [Times: user=0.09 sys=0.01, real=0.01 secs] 
2026-06-17T09:48:48.049+0800: 10.250: [GC pause (G1 Evacuation Pause) (young) (initial-mark), 0.0144705 secs]
   [Parallel Time: 9.4 ms, GC Workers: 18]
      [GC Worker Start (ms): Min: 10250.3, Avg: 10250.8, Max: 10251.3, Diff: 1.0]
      [Ext Root Scanning (ms): Min: 0.0, Avg: 2.1, Max: 7.7, Diff: 7.7, Sum: 37.9]
      [Update RS (ms): Min: 0.0, Avg: 0.0, Max: 0.0, Diff: 0.0, Sum: 0.0]
         [Processed Buffers: Min: 0, Avg: 0.2, Max: 3, Diff: 3, Sum: 3]
      [Scan RS (ms): Min: 0.0, Avg: 0.0, Max: 0.0, Diff: 0.0, Sum: 0.0]
      [Code Root Scanning (ms): Min: 0.0, Avg: 0.0, Max: 0.0, Diff: 0.0, Sum: 0.0]
      [Object Copy (ms): Min: 0.0, Avg: 0.0, Max: 0.2, Diff: 0.2, Sum: 0.4]
      [Termination (ms): Min: 0.0, Avg: 6.0, Max: 7.4, Diff: 7.4, Sum: 107.5]
         [Termination Attempts: Min: 1, Avg: 1.1, Max: 2, Diff: 1, Sum: 20]
      [GC Worker Other (ms): Min: 0.0, Avg: 0.0, Max: 0.0, Diff: 0.0, Sum: 0.1]
      [GC Worker Total (ms): Min: 7.6, Avg: 8.1, Max: 8.6, Diff: 1.0, Sum: 146.0]
      [GC Worker End (ms): Min: 10258.9, Avg: 10258.9, Max: 10259.0, Diff: 0.1]
   [Code Root Fixup: 0.0 ms]
   [Code Root Purge: 0.0 ms]
   [Clear CT: 1.7 ms]
   [Other: 3.4 ms]
      [Choose CSet: 0.0 ms]
      [Ref Proc: 2.4 ms]
      [Ref Enq: 0.0 ms]
      [Redirty Cards: 0.9 ms]
      [Humongous Register: 0.0 ms]
      [Humongous Reclaim: 0.0 ms]
      [Free CSet: 0.0 ms]
   [Eden: 6144.0K(6144.0K)->0.0B(4096.0K) Survivors: 1024.0K->1024.0K Heap: 47383.3K(65536.0K)->43767.7K(65536.0K)]
 [Times: user=0.12 sys=0.00, real=0.02 secs] 
2026-06-17T09:48:48.065+0800: 10.266: [GC concurrent-root-region-scan-start]
2026-06-17T09:48:48.065+0800: 10.266: [GC concurrent-root-region-scan-end, 0.0003525 secs]
2026-06-17T09:48:48.065+0800: 10.266: [GC concurrent-mark-start]
2026-06-17T09:48:48.066+0800: 10.267: [GC concurrent-mark-end, 0.0004386 secs]
2026-06-17T09:48:48.066+0800: 10.267: [GC remark 2026-06-17T09:48:48.066+0800: 10.267: [Finalize Marking, 0.0026075 secs] 2026-06-17T09:48:48.069+0800: 10.270: [GC ref-proc, 0.0006341 secs] 2026-06-17T09:48:48.070+0800: 10.272: [Unloading, 0.0019420 secs], 0.0079625 secs]
 [Times: user=0.01 sys=0.00, real=0.01 secs] 
2026-06-17T09:48:48.075+0800: 10.276: [GC cleanup 46742K->40598K(65536K), 0.0031271 secs]
 [Times: user=0.01 sys=0.00, real=0.00 secs] 
2026-06-17T09:48:48.079+0800: 10.280: [GC concurrent-cleanup-start]
2026-06-17T09:48:48.079+0800: 10.280: [GC concurrent-cleanup-end, 0.0000160 secs]
2026-06-17T09:48:48.079+0800: 10.280: [GC pause (G1 Evacuation Pause) (young), 0.0103469 secs]
   [Parallel Time: 6.7 ms, GC Workers: 18]
      [GC Worker Start (ms): Min: 10280.4, Avg: 10281.2, Max: 10286.5, Diff: 6.1]
      [Ext Root Scanning (ms): Min: 0.0, Avg: 0.0, Max: 0.2, Diff: 0.2, Sum: 0.4]
      [Update RS (ms): Min: 0.0, Avg: 0.0, Max: 0.0, Diff: 0.0, Sum: 0.0]
         [Processed Buffers: Min: 0, Avg: 0.2, Max: 1, Diff: 1, Sum: 3]
      [Scan RS (ms): Min: 0.0, Avg: 0.0, Max: 0.0, Diff: 0.0, Sum: 0.0]
      [Code Root Scanning (ms): Min: 0.0, Avg: 0.0, Max: 0.0, Diff: 0.0, Sum: 0.0]
      [Object Copy (ms): Min: 0.0, Avg: 0.1, Max: 0.2, Diff: 0.2, Sum: 1.0]
      [Termination (ms): Min: 0.0, Avg: 5.3, Max: 6.0, Diff: 6.0, Sum: 95.3]
         [Termination Attempts: Min: 1, Avg: 1.0, Max: 1, Diff: 0, Sum: 18]
      [GC Worker Other (ms): Min: 0.0, Avg: 0.0, Max: 0.0, Diff: 0.0, Sum: 0.1]
      [GC Worker Total (ms): Min: 0.0, Avg: 5.4, Max: 6.3, Diff: 6.3, Sum: 96.8]
      [GC Worker End (ms): Min: 10286.5, Avg: 10286.6, Max: 10286.7, Diff: 0.2]
   [Code Root Fixup: 0.0 ms]
   [Code Root Purge: 0.0 ms]
   [Clear CT: 0.9 ms]
   [Other: 2.8 ms]
      [Choose CSet: 0.0 ms]
      [Ref Proc: 2.0 ms]
      [Ref Enq: 0.0 ms]
      [Redirty Cards: 0.7 ms]
      [Humongous Register: 0.0 ms]
      [Humongous Reclaim: 0.0 ms]
      [Free CSet: 0.0 ms]
   [Eden: 4096.0K(4096.0K)->0.0B(2048.0K) Survivors: 1024.0K->1024.0K Heap: 41719.7K(65536.0K)->41749.7K(65536.0K)]
 [Times: user=0.11 sys=0.01, real=0.01 secs] 
2026-06-17T09:48:48.091+0800: 10.292: [GC pause (G1 Evacuation Pause) (mixed), 0.0047810 secs]
   [Parallel Time: 1.8 ms, GC Workers: 18]
      [GC Worker Start (ms): Min: 10292.4, Avg: 10293.0, Max: 10293.7, Diff: 1.3]
      [Ext Root Scanning (ms): Min: 0.0, Avg: 0.0, Max: 0.2, Diff: 0.2, Sum: 0.4]
      [Update RS (ms): Min: 0.0, Avg: 0.0, Max: 0.0, Diff: 0.0, Sum: 0.0]
         [Processed Buffers: Min: 0, Avg: 0.2, Max: 1, Diff: 1, Sum: 3]
      [Scan RS (ms): Min: 0.0, Avg: 0.0, Max: 0.0, Diff: 0.0, Sum: 0.0]
      [Code Root Scanning (ms): Min: 0.0, Avg: 0.0, Max: 0.0, Diff: 0.0, Sum: 0.0]
      [Object Copy (ms): Min: 0.0, Avg: 0.1, Max: 0.2, Diff: 0.2, Sum: 1.0]
      [Termination (ms): Min: 0.0, Avg: 0.7, Max: 1.1, Diff: 1.1, Sum: 11.7]
         [Termination Attempts: Min: 1, Avg: 1.0, Max: 1, Diff: 0, Sum: 18]
      [GC Worker Other (ms): Min: 0.0, Avg: 0.0, Max: 0.0, Diff: 0.0, Sum: 0.1]
      [GC Worker Total (ms): Min: 0.0, Avg: 0.7, Max: 1.5, Diff: 1.4, Sum: 13.3]
      [GC Worker End (ms): Min: 10293.7, Avg: 10293.8, Max: 10293.9, Diff: 0.2]
   [Code Root Fixup: 0.0 ms]
   [Code Root Purge: 0.0 ms]
   [Clear CT: 0.7 ms]
   [Other: 2.4 ms]
      [Choose CSet: 0.0 ms]
      [Ref Proc: 1.6 ms]
      [Ref Enq: 0.0 ms]
      [Redirty Cards: 0.7 ms]
      [Humongous Register: 0.0 ms]
      [Humongous Reclaim: 0.0 ms]
      [Free CSet: 0.0 ms]
   [Eden: 2048.0K(2048.0K)->0.0B(2048.0K) Survivors: 1024.0K->1024.0K Heap: 43797.7K(65536.0K)->40566.7K(65536.0K)]
 [Times: user=0.02 sys=0.00, real=0.00 secs] 
2026-06-17T09:48:48.107+0800: 10.308: [GC pause (G1 Evacuation Pause) (mixed), 0.0136400 secs]
   [Parallel Time: 8.4 ms, GC Workers: 18]
      [GC Worker Start (ms): Min: 10308.4, Avg: 10309.8, Max: 10315.7, Diff: 7.3]
      [Ext Root Scanning (ms): Min: 0.0, Avg: 0.0, Max: 0.2, Diff: 0.2, Sum: 0.3]
      [Update RS (ms): Min: 0.0, Avg: 0.0, Max: 0.0, Diff: 0.0, Sum: 0.0]
         [Processed Buffers: Min: 0, Avg: 0.3, Max: 3, Diff: 3, Sum: 5]
      [Scan RS (ms): Min: 0.0, Avg: 0.0, Max: 0.0, Diff: 0.0, Sum: 0.0]
      [Code Root Scanning (ms): Min: 0.0, Avg: 0.0, Max: 0.0, Diff: 0.0, Sum: 0.0]
      [Object Copy (ms): Min: 0.0, Avg: 0.1, Max: 0.3, Diff: 0.3, Sum: 1.2]
      [Termination (ms): Min: 0.0, Avg: 5.9, Max: 7.0, Diff: 7.0, Sum: 105.4]
         [Termination Attempts: Min: 1, Avg: 1.0, Max: 1, Diff: 0, Sum: 18]
      [GC Worker Other (ms): Min: 0.0, Avg: 0.0, Max: 0.0, Diff: 0.0, Sum: 0.1]
      [GC Worker Total (ms): Min: 0.0, Avg: 5.9, Max: 7.4, Diff: 7.4, Sum: 107.0]
      [GC Worker End (ms): Min: 10315.7, Avg: 10315.8, Max: 10315.9, Diff: 0.2]
   [Code Root Fixup: 0.0 ms]
   [Code Root Purge: 0.0 ms]
   [Clear CT: 1.4 ms]
   [Other: 3.8 ms]
      [Choose CSet: 0.0 ms]
      [Ref Proc: 2.4 ms]
      [Ref Enq: 0.0 ms]
      [Redirty Cards: 1.3 ms]
      [Humongous Register: 0.0 ms]
      [Humongous Reclaim: 0.0 ms]
      [Free CSet: 0.0 ms]
   [Eden: 2048.0K(2048.0K)->0.0B(2048.0K) Survivors: 1024.0K->1024.0K Heap: 42614.7K(65536.0K)->40744.7K(65536.0K)]
 [Times: user=0.12 sys=0.01, real=0.01 secs] 
2026-06-17T09:48:48.122+0800: 10.323: [GC pause (G1 Evacuation Pause) (mixed), 0.0058195 secs]
   [Parallel Time: 2.2 ms, GC Workers: 18]
      [GC Worker Start (ms): Min: 10323.3, Avg: 10324.1, Max: 10324.7, Diff: 1.4]
      [Ext Root Scanning (ms): Min: 0.0, Avg: 0.0, Max: 0.1, Diff: 0.1, Sum: 0.2]
      [Update RS (ms): Min: 0.0, Avg: 0.0, Max: 0.0, Diff: 0.0, Sum: 0.0]
         [Processed Buffers: Min: 0, Avg: 0.3, Max: 3, Diff: 3, Sum: 5]
      [Scan RS (ms): Min: 0.0, Avg: 0.0, Max: 0.0, Diff: 0.0, Sum: 0.1]
      [Code Root Scanning (ms): Min: 0.0, Avg: 0.0, Max: 0.0, Diff: 0.0, Sum: 0.0]
      [Object Copy (ms): Min: 0.0, Avg: 0.0, Max: 0.1, Diff: 0.1, Sum: 0.2]
      [Termination (ms): Min: 0.0, Avg: 0.6, Max: 1.2, Diff: 1.2, Sum: 11.1]
         [Termination Attempts: Min: 1, Avg: 1.0, Max: 1, Diff: 0, Sum: 18]
      [GC Worker Other (ms): Min: 0.0, Avg: 0.0, Max: 0.0, Diff: 0.0, Sum: 0.1]
      [GC Worker Total (ms): Min: 0.0, Avg: 0.7, Max: 1.5, Diff: 1.5, Sum: 11.7]
      [GC Worker End (ms): Min: 10324.7, Avg: 10324.7, Max: 10324.9, Diff: 0.2]
   [Code Root Fixup: 0.0 ms]
   [Code Root Purge: 0.0 ms]
   [Clear CT: 0.9 ms]
   [Other: 2.8 ms]
      [Choose CSet: 0.0 ms]
      [Ref Proc: 2.0 ms]
      [Ref Enq: 0.0 ms]
      [Redirty Cards: 0.7 ms]
      [Humongous Register: 0.0 ms]
      [Humongous Reclaim: 0.0 ms]
      [Free CSet: 0.0 ms]
   [Eden: 2048.0K(2048.0K)->0.0B(7168.0K) Survivors: 1024.0K->1024.0K Heap: 42792.7K(65536.0K)->37467.7K(65536.0K)]
 [Times: user=0.03 sys=0.00, real=0.01 secs] 
2026-06-17T09:48:48.150+0800: 10.351: [GC pause (G1 Evacuation Pause) (young), 0.0114706 secs]
   [Parallel Time: 2.7 ms, GC Workers: 18]
      [GC Worker Start (ms): Min: 10351.1, Avg: 10352.2, Max: 10353.0, Diff: 1.9]
      [Ext Root Scanning (ms): Min: 0.0, Avg: 0.0, Max: 0.2, Diff: 0.2, Sum: 0.3]
      [Update RS (ms): Min: 0.0, Avg: 0.0, Max: 0.1, Diff: 0.1, Sum: 0.2]
         [Processed Buffers: Min: 0, Avg: 0.2, Max: 3, Diff: 3, Sum: 4]
      [Scan RS (ms): Min: 0.0, Avg: 0.0, Max: 0.0, Diff: 0.0, Sum: 0.0]
      [Code Root Scanning (ms): Min: 0.0, Avg: 0.0, Max: 0.0, Diff: 0.0, Sum: 0.0]
      [Object Copy (ms): Min: 0.0, Avg: 0.0, Max: 0.2, Diff: 0.2, Sum: 0.5]
      [Termination (ms): Min: 0.0, Avg: 0.8, Max: 1.7, Diff: 1.7, Sum: 14.4]
         [Termination Attempts: Min: 1, Avg: 1.1, Max: 2, Diff: 1, Sum: 19]
      [GC Worker Other (ms): Min: 0.0, Avg: 0.0, Max: 0.0, Diff: 0.0, Sum: 0.1]
      [GC Worker Total (ms): Min: 0.0, Avg: 0.9, Max: 2.0, Diff: 2.0, Sum: 15.4]
      [GC Worker End (ms): Min: 10353.0, Avg: 10353.1, Max: 10353.2, Diff: 0.2]
   [Code Root Fixup: 0.0 ms]
   [Code Root Purge: 0.0 ms]
   [Clear CT: 1.9 ms]
   [Other: 6.9 ms]
      [Choose CSet: 0.0 ms]
      [Ref Proc: 5.6 ms]
      [Ref Enq: 0.0 ms]
      [Redirty Cards: 1.3 ms]
      [Humongous Register: 0.0 ms]
      [Humongous Reclaim: 0.0 ms]
      [Free CSet: 0.0 ms]
   [Eden: 7168.0K(7168.0K)->0.0B(6144.0K) Survivors: 1024.0K->1024.0K Heap: 44635.7K(65536.0K)->41273.7K(65536.0K)]
 [Times: user=0.09 sys=0.00, real=0.01 secs] 
2026-06-17T09:48:48.173+0800: 10.374: [GC pause (G1 Evacuation Pause) (young) (initial-mark), 0.0091411 secs]
   [Parallel Time: 3.5 ms, GC Workers: 18]
      [GC Worker Start (ms): Min: 10374.4, Avg: 10374.9, Max: 10375.4, Diff: 1.1]
      [Ext Root Scanning (ms): Min: 0.0, Avg: 1.5, Max: 2.0, Diff: 1.9, Sum: 26.3]
      [Update RS (ms): Min: 0.0, Avg: 0.0, Max: 0.0, Diff: 0.0, Sum: 0.0]
         [Processed Buffers: Min: 0, Avg: 0.1, Max: 2, Diff: 2, Sum: 2]
      [Scan RS (ms): Min: 0.0, Avg: 0.0, Max: 0.0, Diff: 0.0, Sum: 0.0]
      [Code Root Scanning (ms): Min: 0.0, Avg: 0.0, Max: 0.0, Diff: 0.0, Sum: 0.0]
      [Object Copy (ms): Min: 0.0, Avg: 0.0, Max: 0.1, Diff: 0.1, Sum: 0.1]
      [Termination (ms): Min: 0.0, Avg: 0.9, Max: 1.7, Diff: 1.7, Sum: 16.1]
         [Termination Attempts: Min: 1, Avg: 1.1, Max: 2, Diff: 1, Sum: 19]
      [GC Worker Other (ms): Min: 0.0, Avg: 0.0, Max: 0.0, Diff: 0.0, Sum: 0.1]
      [GC Worker Total (ms): Min: 1.8, Avg: 2.4, Max: 2.9, Diff: 1.1, Sum: 42.7]
      [GC Worker End (ms): Min: 10377.2, Avg: 10377.3, Max: 10377.4, Diff: 0.2]
   [Code Root Fixup: 0.0 ms]
   [Code Root Purge: 0.0 ms]
   [Clear CT: 0.9 ms]
   [Other: 4.7 ms]
      [Choose CSet: 0.0 ms]
      [Ref Proc: 3.5 ms]
      [Ref Enq: 0.0 ms]
      [Redirty Cards: 1.1 ms]
      [Humongous Register: 0.0 ms]
      [Humongous Reclaim: 0.0 ms]
      [Free CSet: 0.0 ms]
   [Eden: 6144.0K(6144.0K)->0.0B(5120.0K) Survivors: 1024.0K->1024.0K Heap: 47417.7K(65536.0K)->41347.7K(65536.0K)]
 [Times: user=0.06 sys=0.00, real=0.01 secs] 
2026-06-17T09:48:48.183+0800: 10.385: [GC concurrent-root-region-scan-start]
2026-06-17T09:48:48.184+0800: 10.385: [GC concurrent-root-region-scan-end, 0.0002602 secs]
2026-06-17T09:48:48.184+0800: 10.385: [GC concurrent-mark-start]
2026-06-17T09:48:48.184+0800: 10.385: [GC concurrent-mark-end, 0.0003268 secs]
2026-06-17T09:48:48.184+0800: 10.385: [GC remark 2026-06-17T09:48:48.185+0800: 10.386: [Finalize Marking, 0.0025064 secs] 2026-06-17T09:48:48.188+0800: 10.389: [GC ref-proc, 0.0004906 secs] 2026-06-17T09:48:48.188+0800: 10.390: [Unloading, 0.0018076 secs], 0.0075536 secs]
 [Times: user=0.02 sys=0.00, real=0.01 secs] 
2026-06-17T09:48:48.193+0800: 10.394: [GC cleanup 43743K->40671K(65536K), 0.0031973 secs]
 [Times: user=0.00 sys=0.00, real=0.00 secs] 
2026-06-17T09:48:48.197+0800: 10.398: [GC concurrent-cleanup-start]
2026-06-17T09:48:48.197+0800: 10.398: [GC concurrent-cleanup-end, 0.0000100 secs]
2026-06-17T09:48:48.197+0800: 10.398: [GC pause (G1 Evacuation Pause) (young), 0.0093209 secs]
   [Parallel Time: 5.8 ms, GC Workers: 18]
      [GC Worker Start (ms): Min: 10398.2, Avg: 10399.1, Max: 10403.4, Diff: 5.2]
      [Ext Root Scanning (ms): Min: 0.0, Avg: 0.0, Max: 0.2, Diff: 0.2, Sum: 0.4]
      [Update RS (ms): Min: 0.0, Avg: 0.0, Max: 0.0, Diff: 0.0, Sum: 0.0]
         [Processed Buffers: Min: 0, Avg: 0.1, Max: 1, Diff: 1, Sum: 2]
      [Scan RS (ms): Min: 0.0, Avg: 0.0, Max: 0.0, Diff: 0.0, Sum: 0.0]
      [Code Root Scanning (ms): Min: 0.0, Avg: 0.0, Max: 0.0, Diff: 0.0, Sum: 0.0]
      [Object Copy (ms): Min: 0.0, Avg: 0.0, Max: 0.2, Diff: 0.2, Sum: 0.8]
      [Termination (ms): Min: 0.0, Avg: 4.3, Max: 5.1, Diff: 5.1, Sum: 77.3]
         [Termination Attempts: Min: 1, Avg: 1.1, Max: 2, Diff: 1, Sum: 20]
      [GC Worker Other (ms): Min: 0.0, Avg: 0.0, Max: 0.0, Diff: 0.0, Sum: 0.1]
      [GC Worker Total (ms): Min: 0.0, Avg: 4.4, Max: 5.4, Diff: 5.4, Sum: 78.6]
      [GC Worker End (ms): Min: 10403.4, Avg: 10403.5, Max: 10403.6, Diff: 0.2]
   [Code Root Fixup: 0.0 ms]
   [Code Root Purge: 0.0 ms]
   [Clear CT: 0.8 ms]
   [Other: 2.7 ms]
      [Choose CSet: 0.0 ms]
      [Ref Proc: 1.8 ms]
      [Ref Enq: 0.0 ms]
      [Redirty Cards: 0.8 ms]
      [Humongous Register: 0.0 ms]
      [Humongous Reclaim: 0.0 ms]
      [Free CSet: 0.0 ms]
   [Eden: 5120.0K(5120.0K)->0.0B(2048.0K) Survivors: 1024.0K->1024.0K Heap: 43395.7K(65536.0K)->43258.7K(65536.0K)]
 [Times: user=0.09 sys=0.00, real=0.01 secs] 
2026-06-17T09:48:48.217+0800: 10.419: [GC pause (G1 Evacuation Pause) (mixed), 0.0134105 secs]
   [Parallel Time: 8.9 ms, GC Workers: 18]
      [GC Worker Start (ms): Min: 10418.7, Avg: 10420.1, Max: 10426.4, Diff: 7.7]
      [Ext Root Scanning (ms): Min: 0.0, Avg: 0.0, Max: 0.2, Diff: 0.2, Sum: 0.4]
      [Update RS (ms): Min: 0.0, Avg: 0.0, Max: 0.0, Diff: 0.0, Sum: 0.0]
         [Processed Buffers: Min: 0, Avg: 0.1, Max: 1, Diff: 1, Sum: 2]
      [Scan RS (ms): Min: 0.0, Avg: 0.0, Max: 0.0, Diff: 0.0, Sum: 0.0]
      [Code Root Scanning (ms): Min: 0.0, Avg: 0.0, Max: 0.0, Diff: 0.0, Sum: 0.0]
      [Object Copy (ms): Min: 0.0, Avg: 0.0, Max: 0.2, Diff: 0.2, Sum: 0.8]
      [Termination (ms): Min: 0.0, Avg: 6.4, Max: 7.4, Diff: 7.4, Sum: 114.5]
         [Termination Attempts: Min: 1, Avg: 1.0, Max: 1, Diff: 0, Sum: 18]
      [GC Worker Other (ms): Min: 0.0, Avg: 0.0, Max: 0.0, Diff: 0.0, Sum: 0.1]
      [GC Worker Total (ms): Min: 0.0, Avg: 6.4, Max: 7.8, Diff: 7.8, Sum: 115.8]
      [GC Worker End (ms): Min: 10426.4, Avg: 10426.5, Max: 10426.6, Diff: 0.2]
   [Code Root Fixup: 0.0 ms]
   [Code Root Purge: 0.0 ms]
   [Clear CT: 1.1 ms]
   [Other: 3.4 ms]
      [Choose CSet: 0.0 ms]
      [Ref Proc: 2.4 ms]
      [Ref Enq: 0.0 ms]
      [Redirty Cards: 0.9 ms]
      [Humongous Register: 0.0 ms]
      [Humongous Reclaim: 0.0 ms]
      [Free CSet: 0.0 ms]
   [Eden: 2048.0K(2048.0K)->0.0B(2048.0K) Survivors: 1024.0K->1024.0K Heap: 45306.7K(65536.0K)->40264.7K(65536.0K)]
 [Times: user=0.11 sys=0.02, real=0.02 secs] 
2026-06-17T09:48:48.242+0800: 10.444: [GC pause (G1 Evacuation Pause) (mixed), 0.0123718 secs]
   [Parallel Time: 2.8 ms, GC Workers: 18]
      [GC Worker Start (ms): Min: 10443.6, Avg: 10444.7, Max: 10445.6, Diff: 2.0]
      [Ext Root Scanning (ms): Min: 0.0, Avg: 0.0, Max: 0.2, Diff: 0.2, Sum: 0.4]
      [Update RS (ms): Min: 0.0, Avg: 0.0, Max: 0.0, Diff: 0.0, Sum: 0.0]
         [Processed Buffers: Min: 0, Avg: 0.2, Max: 2, Diff: 2, Sum: 4]
      [Scan RS (ms): Min: 0.0, Avg: 0.0, Max: 0.0, Diff: 0.0, Sum: 0.0]
      [Code Root Scanning (ms): Min: 0.0, Avg: 0.0, Max: 0.0, Diff: 0.0, Sum: 0.0]
      [Object Copy (ms): Min: 0.0, Avg: 0.0, Max: 0.2, Diff: 0.2, Sum: 0.7]
      [Termination (ms): Min: 0.0, Avg: 0.8, Max: 1.6, Diff: 1.6, Sum: 15.3]
         [Termination Attempts: Min: 1, Avg: 1.0, Max: 1, Diff: 0, Sum: 18]
      [GC Worker Other (ms): Min: 0.0, Avg: 0.0, Max: 0.0, Diff: 0.0, Sum: 0.1]
      [GC Worker Total (ms): Min: 0.0, Avg: 0.9, Max: 2.0, Diff: 2.0, Sum: 16.5]
      [GC Worker End (ms): Min: 10445.6, Avg: 10445.6, Max: 10445.7, Diff: 0.1]
   [Code Root Fixup: 0.0 ms]
   [Code Root Purge: 0.0 ms]
   [Clear CT: 1.1 ms]
   [Other: 8.4 ms]
      [Choose CSet: 0.0 ms]
      [Ref Proc: 7.3 ms]
      [Ref Enq: 0.0 ms]
      [Redirty Cards: 1.1 ms]
      [Humongous Register: 0.0 ms]
      [Humongous Reclaim: 0.0 ms]
      [Free CSet: 0.0 ms]
   [Eden: 2048.0K(2048.0K)->0.0B(2048.0K) Survivors: 1024.0K->1024.0K Heap: 42312.7K(65536.0K)->37487.1K(65536.0K)]
 [Times: user=0.11 sys=0.00, real=0.02 secs] 
2026-06-17T09:48:48.256+0800: 10.457: [GC pause (G1 Evacuation Pause) (mixed), 0.0064775 secs]
   [Parallel Time: 2.1 ms, GC Workers: 18]
      [GC Worker Start (ms): Min: 10457.4, Avg: 10458.4, Max: 10459.3, Diff: 1.9]
      [Ext Root Scanning (ms): Min: 0.0, Avg: 0.0, Max: 0.1, Diff: 0.1, Sum: 0.2]
      [Update RS (ms): Min: 0.0, Avg: 0.0, Max: 0.0, Diff: 0.0, Sum: 0.0]
         [Processed Buffers: Min: 0, Avg: 0.2, Max: 3, Diff: 3, Sum: 4]
      [Scan RS (ms): Min: 0.0, Avg: 0.0, Max: 0.0, Diff: 0.0, Sum: 0.0]
      [Code Root Scanning (ms): Min: 0.0, Avg: 0.0, Max: 0.0, Diff: 0.0, Sum: 0.0]
      [Object Copy (ms): Min: 0.0, Avg: 0.0, Max: 0.2, Diff: 0.2, Sum: 0.6]
      [Termination (ms): Min: 0.0, Avg: 0.9, Max: 1.7, Diff: 1.7, Sum: 15.9]
         [Termination Attempts: Min: 1, Avg: 1.0, Max: 1, Diff: 0, Sum: 18]
      [GC Worker Other (ms): Min: 0.0, Avg: 0.0, Max: 0.0, Diff: 0.0, Sum: 0.1]
      [GC Worker Total (ms): Min: 0.0, Avg: 0.9, Max: 2.0, Diff: 1.9, Sum: 16.8]
      [GC Worker End (ms): Min: 10459.3, Avg: 10459.3, Max: 10459.4, Diff: 0.1]
   [Code Root Fixup: 0.0 ms]
   [Code Root Purge: 0.0 ms]
   [Clear CT: 1.1 ms]
   [Other: 3.3 ms]
      [Choose CSet: 0.0 ms]
      [Ref Proc: 2.5 ms]
      [Ref Enq: 0.0 ms]
      [Redirty Cards: 0.8 ms]
      [Humongous Register: 0.0 ms]
      [Humongous Reclaim: 0.0 ms]
      [Free CSet: 0.0 ms]
   [Eden: 2048.0K(2048.0K)->0.0B(6144.0K) Survivors: 1024.0K->1024.0K Heap: 39535.1K(65536.0K)->39500.7K(65536.0K)]
 [Times: user=0.04 sys=0.01, real=0.01 secs] 
2026-06-17T09:48:48.274+0800: 10.476: [GC pause (G1 Evacuation Pause) (young), 0.0121254 secs]
   [Parallel Time: 7.7 ms, GC Workers: 18]
      [GC Worker Start (ms): Min: 10475.7, Avg: 10477.2, Max: 10482.4, Diff: 6.8]
      [Ext Root Scanning (ms): Min: 0.0, Avg: 0.0, Max: 0.2, Diff: 0.2, Sum: 0.3]
      [Update RS (ms): Min: 0.0, Avg: 0.0, Max: 0.0, Diff: 0.0, Sum: 0.1]
         [Processed Buffers: Min: 0, Avg: 0.2, Max: 2, Diff: 2, Sum: 4]
      [Scan RS (ms): Min: 0.0, Avg: 0.0, Max: 0.0, Diff: 0.0, Sum: 0.0]
      [Code Root Scanning (ms): Min: 0.0, Avg: 0.0, Max: 0.0, Diff: 0.0, Sum: 0.0]
      [Object Copy (ms): Min: 0.0, Avg: 0.0, Max: 0.2, Diff: 0.2, Sum: 0.6]
      [Termination (ms): Min: 0.0, Avg: 5.3, Max: 6.5, Diff: 6.5, Sum: 94.6]
         [Termination Attempts: Min: 1, Avg: 1.0, Max: 1, Diff: 0, Sum: 18]
      [GC Worker Other (ms): Min: 0.0, Avg: 0.0, Max: 0.0, Diff: 0.0, Sum: 0.1]
      [GC Worker Total (ms): Min: 0.0, Avg: 5.3, Max: 6.9, Diff: 6.9, Sum: 95.7]
      [GC Worker End (ms): Min: 10482.5, Avg: 10482.5, Max: 10482.5, Diff: 0.1]
   [Code Root Fixup: 0.0 ms]
   [Code Root Purge: 0.0 ms]
   [Clear CT: 1.1 ms]
   [Other: 3.3 ms]
      [Choose CSet: 0.0 ms]
      [Ref Proc: 1.9 ms]
      [Ref Enq: 0.0 ms]
      [Redirty Cards: 1.3 ms]
      [Humongous Register: 0.0 ms]
      [Humongous Reclaim: 0.0 ms]
      [Free CSet: 0.0 ms]
   [Eden: 6144.0K(6144.0K)->0.0B(3072.0K) Survivors: 1024.0K->1024.0K Heap: 45644.7K(65536.0K)->43696.7K(65536.0K)]
 [Times: user=0.11 sys=0.00, real=0.01 secs] 
2026-06-17T09:48:48.298+0800: 10.499: [GC pause (G1 Evacuation Pause) (young) (initial-mark), 0.0089848 secs]
   [Parallel Time: 5.3 ms, GC Workers: 18]
      [GC Worker Start (ms): Min: 10499.4, Avg: 10499.8, Max: 10500.1, Diff: 0.7]
      [Ext Root Scanning (ms): Min: 0.0, Avg: 1.3, Max: 3.8, Diff: 3.7, Sum: 23.7]
      [Update RS (ms): Min: 0.0, Avg: 0.0, Max: 0.0, Diff: 0.0, Sum: 0.0]
         [Processed Buffers: Min: 0, Avg: 0.1, Max: 2, Diff: 2, Sum: 2]
      [Scan RS (ms): Min: 0.0, Avg: 0.0, Max: 0.0, Diff: 0.0, Sum: 0.0]
      [Code Root Scanning (ms): Min: 0.0, Avg: 0.0, Max: 0.0, Diff: 0.0, Sum: 0.0]
      [Object Copy (ms): Min: 0.0, Avg: 0.0, Max: 0.1, Diff: 0.1, Sum: 0.3]
      [Termination (ms): Min: 0.0, Avg: 2.7, Max: 3.8, Diff: 3.8, Sum: 49.2]
         [Termination Attempts: Min: 1, Avg: 1.1, Max: 2, Diff: 1, Sum: 20]
      [GC Worker Other (ms): Min: 0.0, Avg: 0.0, Max: 0.0, Diff: 0.0, Sum: 0.1]
      [GC Worker Total (ms): Min: 3.8, Avg: 4.1, Max: 4.4, Diff: 0.7, Sum: 73.3]
      [GC Worker End (ms): Min: 10503.8, Avg: 10503.8, Max: 10504.0, Diff: 0.2]
   [Code Root Fixup: 0.0 ms]
   [Code Root Purge: 0.0 ms]
   [Clear CT: 0.8 ms]
   [Other: 2.9 ms]
      [Choose CSet: 0.0 ms]
      [Ref Proc: 1.9 ms]
      [Ref Enq: 0.0 ms]
      [Redirty Cards: 0.9 ms]
      [Humongous Register: 0.0 ms]
      [Humongous Reclaim: 0.0 ms]
      [Free CSet: 0.0 ms]
   [Eden: 3072.0K(3072.0K)->0.0B(3072.0K) Survivors: 1024.0K->1024.0K Heap: 46768.7K(65536.0K)->45190.7K(65536.0K)]
 [Times: user=0.06 sys=0.01, real=0.01 secs] 
2026-06-17T09:48:48.308+0800: 10.510: [GC concurrent-root-region-scan-start]
2026-06-17T09:48:48.309+0800: 10.510: [GC concurrent-root-region-scan-end, 0.0002278 secs]
2026-06-17T09:48:48.309+0800: 10.510: [GC concurrent-mark-start]
2026-06-17T09:48:48.309+0800: 10.510: [GC concurrent-mark-end, 0.0003371 secs]
2026-06-17T09:48:48.309+0800: 10.510: [GC remark 2026-06-17T09:48:48.309+0800: 10.511: [Finalize Marking, 0.0040380 secs] 2026-06-17T09:48:48.314+0800: 10.515: [GC ref-proc, 0.0006196 secs] 2026-06-17T09:48:48.315+0800: 10.516: [Unloading, 0.0019010 secs], 0.0092194 secs]
 [Times: user=0.05 sys=0.00, real=0.01 secs] 
2026-06-17T09:48:48.319+0800: 10.521: [GC cleanup 47233K->47233K(65536K), 0.0034754 secs]
 [Times: user=0.00 sys=0.00, real=0.01 secs] 
2026-06-17T09:48:48.324+0800: 10.525: [GC pause (G1 Evacuation Pause) (young), 0.0114801 secs]
   [Parallel Time: 6.9 ms, GC Workers: 18]
      [GC Worker Start (ms): Min: 10525.3, Avg: 10526.5, Max: 10531.5, Diff: 6.2]
      [Ext Root Scanning (ms): Min: 0.0, Avg: 0.0, Max: 0.2, Diff: 0.2, Sum: 0.6]
      [Update RS (ms): Min: 0.0, Avg: 0.0, Max: 0.0, Diff: 0.0, Sum: 0.0]
         [Processed Buffers: Min: 0, Avg: 0.1, Max: 1, Diff: 1, Sum: 2]
      [Scan RS (ms): Min: 0.0, Avg: 0.0, Max: 0.0, Diff: 0.0, Sum: 0.0]
      [Code Root Scanning (ms): Min: 0.0, Avg: 0.0, Max: 0.0, Diff: 0.0, Sum: 0.0]
      [Object Copy (ms): Min: 0.0, Avg: 0.0, Max: 0.1, Diff: 0.1, Sum: 0.3]
      [Termination (ms): Min: 0.0, Avg: 5.0, Max: 6.2, Diff: 6.2, Sum: 90.8]
         [Termination Attempts: Min: 1, Avg: 1.1, Max: 2, Diff: 1, Sum: 20]
      [GC Worker Other (ms): Min: 0.0, Avg: 0.0, Max: 0.0, Diff: 0.0, Sum: 0.1]
      [GC Worker Total (ms): Min: 0.0, Avg: 5.1, Max: 6.4, Diff: 6.4, Sum: 91.8]
      [GC Worker End (ms): Min: 10531.5, Avg: 10531.6, Max: 10531.7, Diff: 0.2]
   [Code Root Fixup: 0.0 ms]
   [Code Root Purge: 0.0 ms]
   [Clear CT: 1.4 ms]
   [Other: 3.2 ms]
      [Choose CSet: 0.0 ms]
      [Ref Proc: 2.2 ms]
      [Ref Enq: 0.0 ms]
      [Redirty Cards: 0.9 ms]
      [Humongous Register: 0.0 ms]
      [Humongous Reclaim: 0.0 ms]
      [Free CSet: 0.0 ms]
   [Eden: 3072.0K(3072.0K)->0.0B(2048.0K) Survivors: 1024.0K->1024.0K Heap: 48262.7K(65536.0K)->46223.7K(65536.0K)]
 [Times: user=0.10 sys=0.00, real=0.01 secs] 
2026-06-17T09:48:48.337+0800: 10.538: [GC pause (G1 Evacuation Pause) (mixed), 0.0067729 secs]
   [Parallel Time: 2.6 ms, GC Workers: 18]
      [GC Worker Start (ms): Min: 10538.1, Avg: 10539.0, Max: 10539.9, Diff: 1.9]
      [Ext Root Scanning (ms): Min: 0.0, Avg: 0.0, Max: 0.1, Diff: 0.1, Sum: 0.2]
      [Update RS (ms): Min: 0.0, Avg: 0.0, Max: 0.0, Diff: 0.0, Sum: 0.0]
         [Processed Buffers: Min: 0, Avg: 0.1, Max: 1, Diff: 1, Sum: 2]
      [Scan RS (ms): Min: 0.0, Avg: 0.0, Max: 0.0, Diff: 0.0, Sum: 0.0]
      [Code Root Scanning (ms): Min: 0.0, Avg: 0.0, Max: 0.0, Diff: 0.0, Sum: 0.0]
      [Object Copy (ms): Min: 0.0, Avg: 0.0, Max: 0.2, Diff: 0.2, Sum: 0.4]
      [Termination (ms): Min: 0.0, Avg: 1.0, Max: 1.8, Diff: 1.8, Sum: 17.8]
         [Termination Attempts: Min: 1, Avg: 1.0, Max: 1, Diff: 0, Sum: 18]
      [GC Worker Other (ms): Min: 0.0, Avg: 0.0, Max: 0.0, Diff: 0.0, Sum: 0.1]
      [GC Worker Total (ms): Min: 0.0, Avg: 1.0, Max: 2.0, Diff: 1.9, Sum: 18.5]
      [GC Worker End (ms): Min: 10539.9, Avg: 10540.0, Max: 10540.1, Diff: 0.2]
   [Code Root Fixup: 0.0 ms]
   [Code Root Purge: 0.0 ms]
   [Clear CT: 0.7 ms]
   [Other: 3.4 ms]
      [Choose CSet: 0.0 ms]
      [Ref Proc: 2.6 ms]
      [Ref Enq: 0.0 ms]
      [Redirty Cards: 0.8 ms]
      [Humongous Register: 0.0 ms]
      [Humongous Reclaim: 0.0 ms]
      [Free CSet: 0.0 ms]
   [Eden: 2048.0K(2048.0K)->0.0B(2048.0K) Survivors: 1024.0K->1024.0K Heap: 48271.7K(65536.0K)->41554.7K(65536.0K)]
 [Times: user=0.04 sys=0.01, real=0.01 secs] 
2026-06-17T09:48:48.355+0800: 10.556: [GC pause (G1 Evacuation Pause) (mixed), 0.0144743 secs]
   [Parallel Time: 8.3 ms, GC Workers: 18]
      [GC Worker Start (ms): Min: 10556.5, Avg: 10557.6, Max: 10563.6, Diff: 7.1]
      [Ext Root Scanning (ms): Min: 0.0, Avg: 0.0, Max: 0.2, Diff: 0.2, Sum: 0.2]
      [Update RS (ms): Min: 0.0, Avg: 0.0, Max: 0.0, Diff: 0.0, Sum: 0.0]
         [Processed Buffers: Min: 0, Avg: 0.2, Max: 2, Diff: 2, Sum: 3]
      [Scan RS (ms): Min: 0.0, Avg: 0.0, Max: 0.0, Diff: 0.0, Sum: 0.0]
      [Code Root Scanning (ms): Min: 0.0, Avg: 0.0, Max: 0.0, Diff: 0.0, Sum: 0.0]
      [Object Copy (ms): Min: 0.0, Avg: 0.0, Max: 0.2, Diff: 0.2, Sum: 0.8]
      [Termination (ms): Min: 0.0, Avg: 6.0, Max: 7.0, Diff: 7.0, Sum: 108.4]
         [Termination Attempts: Min: 1, Avg: 1.0, Max: 1, Diff: 0, Sum: 18]
      [GC Worker Other (ms): Min: 0.0, Avg: 0.0, Max: 0.0, Diff: 0.0, Sum: 0.1]
      [GC Worker Total (ms): Min: 0.0, Avg: 6.1, Max: 7.3, Diff: 7.3, Sum: 109.6]
      [GC Worker End (ms): Min: 10563.6, Avg: 10563.7, Max: 10563.9, Diff: 0.2]
   [Code Root Fixup: 0.0 ms]
   [Code Root Purge: 0.0 ms]
   [Clear CT: 1.7 ms]
   [Other: 4.5 ms]
      [Choose CSet: 0.0 ms]
      [Ref Proc: 3.2 ms]
      [Ref Enq: 0.0 ms]
      [Redirty Cards: 1.2 ms]
      [Humongous Register: 0.0 ms]
      [Humongous Reclaim: 0.0 ms]
      [Free CSet: 0.0 ms]
   [Eden: 2048.0K(2048.0K)->0.0B(2048.0K) Survivors: 1024.0K->1024.0K Heap: 45029.7K(65536.0K)->35930.6K(65536.0K)]
 [Times: user=0.14 sys=0.01, real=0.01 secs] 
2026-06-17T09:48:48.371+0800: 10.572: [GC pause (G1 Evacuation Pause) (mixed), 0.0055823 secs]
   [Parallel Time: 1.9 ms, GC Workers: 18]
      [GC Worker Start (ms): Min: 10572.2, Avg: 10573.1, Max: 10573.8, Diff: 1.6]
      [Ext Root Scanning (ms): Min: 0.0, Avg: 0.0, Max: 0.2, Diff: 0.2, Sum: 0.3]
      [Update RS (ms): Min: 0.0, Avg: 0.0, Max: 0.0, Diff: 0.0, Sum: 0.0]
         [Processed Buffers: Min: 0, Avg: 0.3, Max: 4, Diff: 4, Sum: 5]
      [Scan RS (ms): Min: 0.0, Avg: 0.0, Max: 0.0, Diff: 0.0, Sum: 0.0]
      [Code Root Scanning (ms): Min: 0.0, Avg: 0.0, Max: 0.0, Diff: 0.0, Sum: 0.0]
      [Object Copy (ms): Min: 0.0, Avg: 0.0, Max: 0.2, Diff: 0.2, Sum: 0.6]
      [Termination (ms): Min: 0.0, Avg: 0.7, Max: 1.3, Diff: 1.3, Sum: 12.4]
         [Termination Attempts: Min: 1, Avg: 1.0, Max: 1, Diff: 0, Sum: 18]
      [GC Worker Other (ms): Min: 0.0, Avg: 0.0, Max: 0.0, Diff: 0.0, Sum: 0.1]
      [GC Worker Total (ms): Min: 0.0, Avg: 0.7, Max: 1.7, Diff: 1.7, Sum: 13.4]
      [GC Worker End (ms): Min: 10573.8, Avg: 10573.8, Max: 10573.9, Diff: 0.1]
   [Code Root Fixup: 0.0 ms]
   [Code Root Purge: 0.0 ms]
   [Clear CT: 1.0 ms]
   [Other: 2.7 ms]
      [Choose CSet: 0.0 ms]
      [Ref Proc: 1.9 ms]
      [Ref Enq: 0.0 ms]
      [Redirty Cards: 0.7 ms]
      [Humongous Register: 0.0 ms]
      [Humongous Reclaim: 0.0 ms]
      [Free CSet: 0.0 ms]
   [Eden: 2048.0K(2048.0K)->0.0B(10240.0K) Survivors: 1024.0K->1024.0K Heap: 37978.6K(65536.0K)->37158.6K(65536.0K)]
 [Times: user=0.02 sys=0.00, real=0.00 secs] 
2026-06-17T09:48:48.409+0800: 10.610: [GC pause (G1 Evacuation Pause) (young), 0.0175434 secs]
   [Parallel Time: 9.3 ms, GC Workers: 18]
      [GC Worker Start (ms): Min: 10610.0, Avg: 10613.5, Max: 10618.2, Diff: 8.2]
      [Ext Root Scanning (ms): Min: 0.0, Avg: 0.0, Max: 0.2, Diff: 0.2, Sum: 0.3]
      [Update RS (ms): Min: 0.0, Avg: 0.0, Max: 0.0, Diff: 0.0, Sum: 0.0]
         [Processed Buffers: Min: 0, Avg: 0.2, Max: 3, Diff: 3, Sum: 4]
      [Scan RS (ms): Min: 0.0, Avg: 0.0, Max: 0.0, Diff: 0.0, Sum: 0.0]
      [Code Root Scanning (ms): Min: 0.0, Avg: 0.0, Max: 0.0, Diff: 0.0, Sum: 0.0]
      [Object Copy (ms): Min: 0.0, Avg: 0.0, Max: 0.3, Diff: 0.3, Sum: 0.7]
      [Termination (ms): Min: 0.0, Avg: 4.7, Max: 8.0, Diff: 8.0, Sum: 84.9]
         [Termination Attempts: Min: 1, Avg: 1.0, Max: 1, Diff: 0, Sum: 18]
      [GC Worker Other (ms): Min: 0.0, Avg: 0.0, Max: 0.1, Diff: 0.1, Sum: 0.1]
      [GC Worker Total (ms): Min: 0.0, Avg: 4.8, Max: 8.3, Diff: 8.3, Sum: 86.1]
      [GC Worker End (ms): Min: 10618.2, Avg: 10618.3, Max: 10618.4, Diff: 0.2]
   [Code Root Fixup: 0.0 ms]
   [Code Root Purge: 0.0 ms]
   [Clear CT: 2.1 ms]
   [Other: 6.1 ms]
      [Choose CSet: 0.0 ms]
      [Ref Proc: 4.8 ms]
      [Ref Enq: 0.0 ms]
      [Redirty Cards: 1.3 ms]
      [Humongous Register: 0.0 ms]
      [Humongous Reclaim: 0.0 ms]
      [Free CSet: 0.0 ms]
   [Eden: 10240.0K(10240.0K)->0.0B(7168.0K) Survivors: 1024.0K->2048.0K Heap: 47398.6K(65536.0K)->40720.6K(65536.0K)]
 [Times: user=0.14 sys=0.00, real=0.02 secs] 
2026-06-17T09:48:48.448+0800: 10.649: [GC pause (G1 Evacuation Pause) (young) (initial-mark), 0.0124172 secs]
   [Parallel Time: 8.7 ms, GC Workers: 18]
      [GC Worker Start (ms): Min: 10649.4, Avg: 10649.8, Max: 10650.0, Diff: 0.6]
      [Ext Root Scanning (ms): Min: 0.0, Avg: 2.6, Max: 7.5, Diff: 7.5, Sum: 46.4]
      [Update RS (ms): Min: 0.0, Avg: 0.0, Max: 0.0, Diff: 0.0, Sum: 0.0]
         [Processed Buffers: Min: 0, Avg: 0.2, Max: 3, Diff: 3, Sum: 3]
      [Scan RS (ms): Min: 0.0, Avg: 0.0, Max: 0.0, Diff: 0.0, Sum: 0.0]
      [Code Root Scanning (ms): Min: 0.0, Avg: 0.0, Max: 0.0, Diff: 0.0, Sum: 0.0]
      [Object Copy (ms): Min: 0.0, Avg: 0.0, Max: 0.2, Diff: 0.2, Sum: 0.3]
      [Termination (ms): Min: 0.0, Avg: 5.2, Max: 7.5, Diff: 7.5, Sum: 94.3]
         [Termination Attempts: Min: 1, Avg: 1.1, Max: 3, Diff: 2, Sum: 20]
      [GC Worker Other (ms): Min: 0.0, Avg: 0.0, Max: 0.0, Diff: 0.0, Sum: 0.1]
      [GC Worker Total (ms): Min: 7.5, Avg: 7.8, Max: 8.3, Diff: 0.7, Sum: 141.2]
      [GC Worker End (ms): Min: 10657.6, Avg: 10657.6, Max: 10657.7, Diff: 0.2]
   [Code Root Fixup: 0.0 ms]
   [Code Root Purge: 0.0 ms]
   [Clear CT: 0.7 ms]
   [Other: 3.0 ms]
      [Choose CSet: 0.0 ms]
      [Ref Proc: 2.0 ms]
      [Ref Enq: 0.0 ms]
      [Redirty Cards: 1.0 ms]
      [Humongous Register: 0.0 ms]
      [Humongous Reclaim: 0.0 ms]
      [Free CSet: 0.0 ms]
   [Eden: 7168.0K(7168.0K)->0.0B(7168.0K) Survivors: 2048.0K->1024.0K Heap: 47888.6K(65536.0K)->41744.0K(65536.0K)]
 [Times: user=0.11 sys=0.01, real=0.01 secs] 
2026-06-17T09:48:48.462+0800: 10.663: [GC concurrent-root-region-scan-start]
2026-06-17T09:48:48.462+0800: 10.663: [GC concurrent-root-region-scan-end, 0.0003275 secs]
2026-06-17T09:48:48.462+0800: 10.663: [GC concurrent-mark-start]
2026-06-17T09:48:48.462+0800: 10.664: [GC concurrent-mark-end, 0.0004059 secs]
2026-06-17T09:48:48.462+0800: 10.664: [GC remark 2026-06-17T09:48:48.463+0800: 10.664: [Finalize Marking, 0.0035762 secs] 2026-06-17T09:48:48.467+0800: 10.668: [GC ref-proc, 0.0004056 secs] 2026-06-17T09:48:48.467+0800: 10.669: [Unloading, 0.0014768 secs], 0.0075764 secs]
 [Times: user=0.03 sys=0.01, real=0.01 secs] 
2026-06-17T09:48:48.471+0800: 10.672: [GC cleanup 47046K->41926K(65536K), 0.0033989 secs]
 [Times: user=0.00 sys=0.00, real=0.00 secs] 
2026-06-17T09:48:48.475+0800: 10.676: [GC concurrent-cleanup-start]
2026-06-17T09:48:48.475+0800: 10.676: [GC concurrent-cleanup-end, 0.0000094 secs]
2026-06-17T09:48:48.475+0800: 10.676: [GC pause (G1 Evacuation Pause) (young), 0.0114151 secs]
   [Parallel Time: 5.8 ms, GC Workers: 18]
      [GC Worker Start (ms): Min: 10676.5, Avg: 10677.7, Max: 10681.8, Diff: 5.3]
      [Ext Root Scanning (ms): Min: 0.0, Avg: 0.0, Max: 0.1, Diff: 0.1, Sum: 0.3]
      [Update RS (ms): Min: 0.0, Avg: 0.0, Max: 0.0, Diff: 0.0, Sum: 0.0]
         [Processed Buffers: Min: 0, Avg: 0.2, Max: 2, Diff: 2, Sum: 3]
      [Scan RS (ms): Min: 0.0, Avg: 0.0, Max: 0.0, Diff: 0.0, Sum: 0.0]
      [Code Root Scanning (ms): Min: 0.0, Avg: 0.0, Max: 0.0, Diff: 0.0, Sum: 0.0]
      [Object Copy (ms): Min: 0.0, Avg: 0.0, Max: 0.1, Diff: 0.1, Sum: 0.5]
      [Termination (ms): Min: 0.0, Avg: 4.1, Max: 5.0, Diff: 5.0, Sum: 74.3]
         [Termination Attempts: Min: 1, Avg: 1.0, Max: 1, Diff: 0, Sum: 18]
      [GC Worker Other (ms): Min: 0.0, Avg: 0.0, Max: 0.0, Diff: 0.0, Sum: 0.1]
      [GC Worker Total (ms): Min: 0.0, Avg: 4.2, Max: 5.3, Diff: 5.3, Sum: 75.2]
      [GC Worker End (ms): Min: 10681.8, Avg: 10681.9, Max: 10682.0, Diff: 0.2]
   [Code Root Fixup: 0.0 ms]
   [Code Root Purge: 0.0 ms]
   [Clear CT: 0.9 ms]
   [Other: 4.7 ms]
      [Choose CSet: 0.0 ms]
      [Ref Proc: 3.8 ms]
      [Ref Enq: 0.0 ms]
      [Redirty Cards: 0.8 ms]
      [Humongous Register: 0.0 ms]
      [Humongous Reclaim: 0.0 ms]
      [Free CSet: 0.0 ms]
   [Eden: 7168.0K(7168.0K)->0.0B(2048.0K) Survivors: 1024.0K->1024.0K Heap: 43792.0K(65536.0K)->39845.6K(65536.0K)]
 [Times: user=0.12 sys=0.00, real=0.01 secs] 
2026-06-17T09:48:48.498+0800: 10.699: [GC pause (G1 Evacuation Pause) (mixed), 0.0098543 secs]
   [Parallel Time: 5.3 ms, GC Workers: 18]
      [GC Worker Start (ms): Min: 10699.3, Avg: 10700.3, Max: 10703.9, Diff: 4.7]
      [Ext Root Scanning (ms): Min: 0.0, Avg: 0.0, Max: 0.2, Diff: 0.2, Sum: 0.3]
      [Update RS (ms): Min: 0.0, Avg: 0.0, Max: 0.0, Diff: 0.0, Sum: 0.0]
         [Processed Buffers: Min: 0, Avg: 0.1, Max: 1, Diff: 1, Sum: 2]
      [Scan RS (ms): Min: 0.0, Avg: 0.0, Max: 0.0, Diff: 0.0, Sum: 0.0]
      [Code Root Scanning (ms): Min: 0.0, Avg: 0.0, Max: 0.0, Diff: 0.0, Sum: 0.0]
      [Object Copy (ms): Min: 0.0, Avg: 0.0, Max: 0.1, Diff: 0.1, Sum: 0.3]
      [Termination (ms): Min: 0.0, Avg: 3.6, Max: 4.6, Diff: 4.6, Sum: 65.4]
         [Termination Attempts: Min: 1, Avg: 1.0, Max: 1, Diff: 0, Sum: 18]
      [GC Worker Other (ms): Min: 0.0, Avg: 0.0, Max: 0.0, Diff: 0.0, Sum: 0.1]
      [GC Worker Total (ms): Min: 0.0, Avg: 3.7, Max: 4.8, Diff: 4.8, Sum: 66.1]
      [GC Worker End (ms): Min: 10704.0, Avg: 10704.0, Max: 10704.1, Diff: 0.2]
   [Code Root Fixup: 0.0 ms]
   [Code Root Purge: 0.0 ms]
   [Clear CT: 0.9 ms]
   [Other: 3.6 ms]
      [Choose CSet: 0.0 ms]
      [Ref Proc: 2.8 ms]
      [Ref Enq: 0.0 ms]
      [Redirty Cards: 0.8 ms]
      [Humongous Register: 0.0 ms]
      [Humongous Reclaim: 0.0 ms]
      [Free CSet: 0.0 ms]
   [Eden: 2048.0K(2048.0K)->0.0B(2048.0K) Survivors: 1024.0K->1024.0K Heap: 41893.6K(65536.0K)->34453.1K(65536.0K)]
 [Times: user=0.09 sys=0.00, real=0.01 secs] 
2026-06-17T09:48:48.509+0800: 10.710: [GC pause (G1 Evacuation Pause) (mixed), 0.0055492 secs]
   [Parallel Time: 2.0 ms, GC Workers: 18]
      [GC Worker Start (ms): Min: 10710.4, Avg: 10711.2, Max: 10711.8, Diff: 1.5]
      [Ext Root Scanning (ms): Min: 0.0, Avg: 0.0, Max: 0.2, Diff: 0.2, Sum: 0.3]
      [Update RS (ms): Min: 0.0, Avg: 0.0, Max: 0.0, Diff: 0.0, Sum: 0.0]
         [Processed Buffers: Min: 0, Avg: 0.2, Max: 2, Diff: 2, Sum: 4]
      [Scan RS (ms): Min: 0.0, Avg: 0.0, Max: 0.0, Diff: 0.0, Sum: 0.0]
      [Code Root Scanning (ms): Min: 0.0, Avg: 0.0, Max: 0.0, Diff: 0.0, Sum: 0.0]
      [Object Copy (ms): Min: 0.0, Avg: 0.0, Max: 0.2, Diff: 0.2, Sum: 0.8]
      [Termination (ms): Min: 0.0, Avg: 0.6, Max: 1.1, Diff: 1.1, Sum: 10.9]
         [Termination Attempts: Min: 1, Avg: 1.0, Max: 1, Diff: 0, Sum: 18]
      [GC Worker Other (ms): Min: 0.0, Avg: 0.0, Max: 0.0, Diff: 0.0, Sum: 0.1]
      [GC Worker Total (ms): Min: 0.0, Avg: 0.7, Max: 1.5, Diff: 1.5, Sum: 12.1]
      [GC Worker End (ms): Min: 10711.8, Avg: 10711.9, Max: 10712.0, Diff: 0.2]
   [Code Root Fixup: 0.0 ms]
   [Code Root Purge: 0.0 ms]
   [Clear CT: 1.1 ms]
   [Other: 2.5 ms]
      [Choose CSet: 0.0 ms]
      [Ref Proc: 1.7 ms]
      [Ref Enq: 0.0 ms]
      [Redirty Cards: 0.8 ms]
      [Humongous Register: 0.0 ms]
      [Humongous Reclaim: 0.0 ms]
      [Free CSet: 0.0 ms]
   [Eden: 2048.0K(2048.0K)->0.0B(2048.0K) Survivors: 1024.0K->1024.0K Heap: 36501.1K(65536.0K)->33224.6K(65536.0K)]
 [Times: user=0.02 sys=0.01, real=0.01 secs] 
2026-06-17T09:48:48.526+0800: 10.727: [GC pause (G1 Evacuation Pause) (mixed), 0.0087486 secs]
   [Parallel Time: 2.4 ms, GC Workers: 18]
      [GC Worker Start (ms): Min: 10727.0, Avg: 10728.1, Max: 10728.9, Diff: 1.9]
      [Ext Root Scanning (ms): Min: 0.0, Avg: 0.0, Max: 0.2, Diff: 0.2, Sum: 0.3]
      [Update RS (ms): Min: 0.0, Avg: 0.0, Max: 0.0, Diff: 0.0, Sum: 0.0]
         [Processed Buffers: Min: 0, Avg: 0.3, Max: 3, Diff: 3, Sum: 6]
      [Scan RS (ms): Min: 0.0, Avg: 0.0, Max: 0.0, Diff: 0.0, Sum: 0.1]
      [Code Root Scanning (ms): Min: 0.0, Avg: 0.0, Max: 0.0, Diff: 0.0, Sum: 0.0]
      [Object Copy (ms): Min: 0.0, Avg: 0.0, Max: 0.2, Diff: 0.2, Sum: 0.5]
      [Termination (ms): Min: 0.0, Avg: 0.8, Max: 1.6, Diff: 1.6, Sum: 14.7]
         [Termination Attempts: Min: 1, Avg: 1.0, Max: 1, Diff: 0, Sum: 18]
      [GC Worker Other (ms): Min: 0.0, Avg: 0.0, Max: 0.0, Diff: 0.0, Sum: 0.1]
      [GC Worker Total (ms): Min: 0.0, Avg: 0.9, Max: 2.0, Diff: 2.0, Sum: 15.7]
      [GC Worker End (ms): Min: 10728.9, Avg: 10729.0, Max: 10729.1, Diff: 0.2]
   [Code Root Fixup: 0.0 ms]
   [Code Root Purge: 0.0 ms]
   [Clear CT: 0.8 ms]
   [Other: 5.5 ms]
      [Choose CSet: 0.0 ms]
      [Ref Proc: 4.6 ms]
      [Ref Enq: 0.0 ms]
      [Redirty Cards: 0.8 ms]
      [Humongous Register: 0.0 ms]
      [Humongous Reclaim: 0.0 ms]
      [Free CSet: 0.0 ms]
   [Eden: 2048.0K(2048.0K)->0.0B(15360.0K) Survivors: 1024.0K->1024.0K Heap: 35272.6K(65536.0K)->31725.6K(65536.0K)]
 [Times: user=0.07 sys=0.00, real=0.01 secs] 
2026-06-17T09:48:48.567+0800: 10.768: [GC pause (G1 Evacuation Pause) (young), 0.0114298 secs]
   [Parallel Time: 6.9 ms, GC Workers: 18]
      [GC Worker Start (ms): Min: 10768.6, Avg: 10770.2, Max: 10774.5, Diff: 5.9]
      [Ext Root Scanning (ms): Min: 0.0, Avg: 0.0, Max: 0.2, Diff: 0.2, Sum: 0.3]
      [Update RS (ms): Min: 0.0, Avg: 0.0, Max: 0.1, Diff: 0.1, Sum: 0.2]
         [Processed Buffers: Min: 0, Avg: 0.3, Max: 3, Diff: 3, Sum: 5]
      [Scan RS (ms): Min: 0.0, Avg: 0.0, Max: 0.0, Diff: 0.0, Sum: 0.0]
      [Code Root Scanning (ms): Min: 0.0, Avg: 0.0, Max: 0.0, Diff: 0.0, Sum: 0.0]
      [Object Copy (ms): Min: 0.0, Avg: 0.0, Max: 0.2, Diff: 0.2, Sum: 0.7]
      [Termination (ms): Min: 0.0, Avg: 4.2, Max: 5.6, Diff: 5.6, Sum: 76.5]
         [Termination Attempts: Min: 1, Avg: 1.0, Max: 1, Diff: 0, Sum: 18]
      [GC Worker Other (ms): Min: 0.0, Avg: 0.0, Max: 0.0, Diff: 0.0, Sum: 0.1]
      [GC Worker Total (ms): Min: 0.0, Avg: 4.3, Max: 5.9, Diff: 5.9, Sum: 77.7]
      [GC Worker End (ms): Min: 10774.5, Avg: 10774.5, Max: 10774.6, Diff: 0.2]
   [Code Root Fixup: 0.0 ms]
   [Code Root Purge: 0.0 ms]
   [Clear CT: 1.2 ms]
   [Other: 3.3 ms]
      [Choose CSet: 0.0 ms]
      [Ref Proc: 2.1 ms]
      [Ref Enq: 0.0 ms]
      [Redirty Cards: 1.1 ms]
      [Humongous Register: 0.0 ms]
      [Humongous Reclaim: 0.0 ms]
      [Free CSet: 0.0 ms]
   [Eden: 15360.0K(15360.0K)->0.0B(11264.0K) Survivors: 1024.0K->2048.0K Heap: 47085.6K(65536.0K)->35922.6K(65536.0K)]
 [Times: user=0.09 sys=0.00, real=0.01 secs] 
2026-06-17T09:48:48.611+0800: 10.812: [GC pause (G1 Evacuation Pause) (young) (initial-mark), 0.0455536 secs]
   [Parallel Time: 37.7 ms, GC Workers: 18]
      [GC Worker Start (ms): Min: 10812.1, Avg: 10812.5, Max: 10812.9, Diff: 0.9]
      [Ext Root Scanning (ms): Min: 0.0, Avg: 11.8, Max: 35.5, Diff: 35.4, Sum: 212.8]
      [Update RS (ms): Min: 0.0, Avg: 0.0, Max: 0.0, Diff: 0.0, Sum: 0.0]
         [Processed Buffers: Min: 0, Avg: 0.1, Max: 2, Diff: 2, Sum: 2]
      [Scan RS (ms): Min: 0.0, Avg: 0.0, Max: 0.0, Diff: 0.0, Sum: 0.0]
      [Code Root Scanning (ms): Min: 0.0, Avg: 0.0, Max: 0.0, Diff: 0.0, Sum: 0.0]
      [Object Copy (ms): Min: 0.0, Avg: 0.0, Max: 0.3, Diff: 0.3, Sum: 0.8]
      [Termination (ms): Min: 0.0, Avg: 24.1, Max: 35.3, Diff: 35.3, Sum: 433.9]
         [Termination Attempts: Min: 1, Avg: 1.0, Max: 1, Diff: 0, Sum: 18]
      [GC Worker Other (ms): Min: 0.0, Avg: 0.0, Max: 0.0, Diff: 0.0, Sum: 0.1]
      [GC Worker Total (ms): Min: 35.5, Avg: 36.0, Max: 36.5, Diff: 1.0, Sum: 647.6]
      [GC Worker End (ms): Min: 10848.4, Avg: 10848.5, Max: 10848.7, Diff: 0.3]
   [Code Root Fixup: 0.0 ms]
   [Code Root Purge: 0.0 ms]
   [Clear CT: 0.8 ms]
   [Other: 7.0 ms]
      [Choose CSet: 0.0 ms]
      [Ref Proc: 6.4 ms]
      [Ref Enq: 0.0 ms]
      [Redirty Cards: 0.5 ms]
      [Humongous Register: 0.0 ms]
      [Humongous Reclaim: 0.0 ms]
      [Free CSet: 0.0 ms]
   [Eden: 11264.0K(11264.0K)->0.0B(9216.0K) Survivors: 2048.0K->2048.0K Heap: 47186.6K(65536.0K)->39422.6K(65536.0K)]
 [Times: user=0.48 sys=0.01, real=0.04 secs] 
2026-06-17T09:48:48.660+0800: 10.861: [GC concurrent-root-region-scan-start]
2026-06-17T09:48:48.660+0800: 10.861: [GC concurrent-root-region-scan-end, 0.0006233 secs]
2026-06-17T09:48:48.660+0800: 10.861: [GC concurrent-mark-start]
2026-06-17T09:48:48.661+0800: 10.862: [GC concurrent-mark-end, 0.0003058 secs]
2026-06-17T09:48:48.661+0800: 10.862: [GC remark 2026-06-17T09:48:48.661+0800: 10.862: [Finalize Marking, 0.0121744 secs] 2026-06-17T09:48:48.674+0800: 10.875: [GC ref-proc, 0.0006411 secs] 2026-06-17T09:48:48.675+0800: 10.876: [Unloading, 0.0033042 secs], 0.0190548 secs]
 [Times: user=0.10 sys=0.00, real=0.02 secs] 
2026-06-17T09:48:48.681+0800: 10.882: [GC cleanup 44502K->43478K(65536K), 0.0042171 secs]
 [Times: user=0.00 sys=0.00, real=0.01 secs] 
2026-06-17T09:48:48.686+0800: 10.888: [GC concurrent-cleanup-start]
2026-06-17T09:48:48.686+0800: 10.888: [GC concurrent-cleanup-end, 0.0000077 secs]
2026-06-17T09:48:48.697+0800: 10.898: [GC pause (G1 Evacuation Pause) (young), 0.0152861 secs]
   [Parallel Time: 10.8 ms, GC Workers: 18]
      [GC Worker Start (ms): Min: 10898.2, Avg: 10901.3, Max: 10907.9, Diff: 9.7]
      [Ext Root Scanning (ms): Min: 0.0, Avg: 0.0, Max: 0.2, Diff: 0.2, Sum: 0.4]
      [Update RS (ms): Min: 0.0, Avg: 0.0, Max: 0.0, Diff: 0.0, Sum: 0.0]
         [Processed Buffers: Min: 0, Avg: 0.2, Max: 1, Diff: 1, Sum: 3]
      [Scan RS (ms): Min: 0.0, Avg: 0.0, Max: 0.0, Diff: 0.0, Sum: 0.0]
      [Code Root Scanning (ms): Min: 0.0, Avg: 0.0, Max: 0.0, Diff: 0.0, Sum: 0.0]
      [Object Copy (ms): Min: 0.0, Avg: 0.0, Max: 0.2, Diff: 0.2, Sum: 0.7]
      [Termination (ms): Min: 0.0, Avg: 6.7, Max: 9.5, Diff: 9.5, Sum: 120.0]
         [Termination Attempts: Min: 1, Avg: 1.0, Max: 1, Diff: 0, Sum: 18]
      [GC Worker Other (ms): Min: 0.0, Avg: 0.0, Max: 0.0, Diff: 0.0, Sum: 0.1]
      [GC Worker Total (ms): Min: 0.0, Avg: 6.7, Max: 9.9, Diff: 9.9, Sum: 121.2]
      [GC Worker End (ms): Min: 10907.9, Avg: 10908.0, Max: 10908.1, Diff: 0.2]
   [Code Root Fixup: 0.0 ms]
   [Code Root Purge: 0.0 ms]
   [Clear CT: 1.0 ms]
   [Other: 3.5 ms]
      [Choose CSet: 0.0 ms]
      [Ref Proc: 2.6 ms]
      [Ref Enq: 0.0 ms]
      [Redirty Cards: 0.8 ms]
      [Humongous Register: 0.0 ms]
      [Humongous Reclaim: 0.0 ms]
      [Free CSet: 0.0 ms]
   [Eden: 9216.0K(9216.0K)->0.0B(1024.0K) Survivors: 2048.0K->2048.0K Heap: 47614.6K(65536.0K)->42519.6K(65536.0K)]
 [Times: user=0.14 sys=0.01, real=0.02 secs] 
2026-06-17T09:48:48.713+0800: 10.915: [GC pause (G1 Evacuation Pause) (mixed), 0.0106689 secs]
   [Parallel Time: 6.8 ms, GC Workers: 18]
      [GC Worker Start (ms): Min: 10914.8, Avg: 10916.1, Max: 10921.0, Diff: 6.3]
      [Ext Root Scanning (ms): Min: 0.0, Avg: 0.0, Max: 0.1, Diff: 0.1, Sum: 0.2]
      [Update RS (ms): Min: 0.0, Avg: 0.0, Max: 0.0, Diff: 0.0, Sum: 0.0]
         [Processed Buffers: Min: 0, Avg: 0.2, Max: 3, Diff: 3, Sum: 3]
      [Scan RS (ms): Min: 0.0, Avg: 0.0, Max: 0.0, Diff: 0.0, Sum: 0.0]
      [Code Root Scanning (ms): Min: 0.0, Avg: 0.0, Max: 0.0, Diff: 0.0, Sum: 0.0]
      [Object Copy (ms): Min: 0.0, Avg: 0.0, Max: 0.3, Diff: 0.3, Sum: 0.9]
      [Termination (ms): Min: 0.0, Avg: 5.0, Max: 6.0, Diff: 6.0, Sum: 89.6]
         [Termination Attempts: Min: 1, Avg: 1.0, Max: 1, Diff: 0, Sum: 18]
      [GC Worker Other (ms): Min: 0.0, Avg: 0.0, Max: 0.0, Diff: 0.0, Sum: 0.1]
      [GC Worker Total (ms): Min: 0.0, Avg: 5.0, Max: 6.3, Diff: 6.3, Sum: 90.7]
      [GC Worker End (ms): Min: 10921.0, Avg: 10921.1, Max: 10921.2, Diff: 0.2]
   [Code Root Fixup: 0.0 ms]
   [Code Root Purge: 0.0 ms]
   [Clear CT: 0.6 ms]
   [Other: 3.3 ms]
      [Choose CSet: 0.0 ms]
      [Ref Proc: 2.7 ms]
      [Ref Enq: 0.0 ms]
      [Redirty Cards: 0.5 ms]
      [Humongous Register: 0.0 ms]
      [Humongous Reclaim: 0.0 ms]
      [Free CSet: 0.0 ms]
   [Eden: 1024.0K(1024.0K)->0.0B(2048.0K) Survivors: 2048.0K->1024.0K Heap: 43543.6K(65536.0K)->40139.0K(65536.0K)]
 [Times: user=0.12 sys=0.00, real=0.01 secs] 
2026-06-17T09:48:48.736+0800: 10.937: [GC pause (G1 Evacuation Pause) (mixed), 0.0149876 secs]
   [Parallel Time: 10.7 ms, GC Workers: 18]
      [GC Worker Start (ms): Min: 10937.0, Avg: 10939.9, Max: 10947.1, Diff: 10.1]
      [Ext Root Scanning (ms): Min: 0.0, Avg: 0.0, Max: 0.2, Diff: 0.2, Sum: 0.6]
      [Update RS (ms): Min: 0.0, Avg: 0.0, Max: 0.0, Diff: 0.0, Sum: 0.0]
         [Processed Buffers: Min: 0, Avg: 0.2, Max: 1, Diff: 1, Sum: 4]
      [Scan RS (ms): Min: 0.0, Avg: 0.0, Max: 0.0, Diff: 0.0, Sum: 0.1]
      [Code Root Scanning (ms): Min: 0.0, Avg: 0.0, Max: 0.0, Diff: 0.0, Sum: 0.0]
      [Object Copy (ms): Min: 0.0, Avg: 0.0, Max: 0.1, Diff: 0.1, Sum: 0.4]
      [Termination (ms): Min: 0.0, Avg: 7.3, Max: 10.0, Diff: 10.0, Sum: 130.5]
         [Termination Attempts: Min: 1, Avg: 1.0, Max: 1, Diff: 0, Sum: 18]
      [GC Worker Other (ms): Min: 0.0, Avg: 0.0, Max: 0.0, Diff: 0.0, Sum: 0.1]
      [GC Worker Total (ms): Min: 0.0, Avg: 7.3, Max: 10.3, Diff: 10.3, Sum: 131.7]
      [GC Worker End (ms): Min: 10947.1, Avg: 10947.2, Max: 10947.4, Diff: 0.3]
   [Code Root Fixup: 0.0 ms]
   [Code Root Purge: 0.0 ms]
   [Clear CT: 0.5 ms]
   [Other: 3.8 ms]
      [Choose CSet: 0.0 ms]
      [Ref Proc: 3.2 ms]
      [Ref Enq: 0.0 ms]
      [Redirty Cards: 0.6 ms]
      [Humongous Register: 0.0 ms]
      [Humongous Reclaim: 0.0 ms]
      [Free CSet: 0.0 ms]
   [Eden: 2048.0K(2048.0K)->0.0B(7168.0K) Survivors: 1024.0K->1024.0K Heap: 43001.0K(65536.0K)->42035.6K(65536.0K)]
 [Times: user=0.16 sys=0.01, real=0.02 secs] 
2026-06-17T09:48:48.762+0800: 10.964: [GC pause (G1 Evacuation Pause) (young), 0.0192681 secs]
   [Parallel Time: 12.8 ms, GC Workers: 18]
      [GC Worker Start (ms): Min: 10963.8, Avg: 10966.6, Max: 10975.7, Diff: 11.9]
      [Ext Root Scanning (ms): Min: 0.0, Avg: 0.0, Max: 0.2, Diff: 0.2, Sum: 0.4]
      [Update RS (ms): Min: 0.0, Avg: 0.0, Max: 0.1, Diff: 0.1, Sum: 0.2]
         [Processed Buffers: Min: 0, Avg: 0.3, Max: 2, Diff: 2, Sum: 5]
      [Scan RS (ms): Min: 0.0, Avg: 0.0, Max: 0.0, Diff: 0.0, Sum: 0.0]
      [Code Root Scanning (ms): Min: 0.0, Avg: 0.0, Max: 0.0, Diff: 0.0, Sum: 0.0]
      [Object Copy (ms): Min: 0.0, Avg: 0.1, Max: 0.4, Diff: 0.4, Sum: 0.9]
      [Termination (ms): Min: 0.0, Avg: 9.1, Max: 11.8, Diff: 11.8, Sum: 163.7]
         [Termination Attempts: Min: 1, Avg: 1.0, Max: 1, Diff: 0, Sum: 18]
      [GC Worker Other (ms): Min: 0.0, Avg: 0.0, Max: 0.0, Diff: 0.0, Sum: 0.1]
      [GC Worker Total (ms): Min: 0.0, Avg: 9.2, Max: 12.0, Diff: 12.0, Sum: 165.3]
      [GC Worker End (ms): Min: 10975.7, Avg: 10975.8, Max: 10976.0, Diff: 0.3]
   [Code Root Fixup: 0.0 ms]
   [Code Root Purge: 0.0 ms]
   [Clear CT: 1.4 ms]
   [Other: 5.1 ms]
      [Choose CSet: 0.0 ms]
      [Ref Proc: 4.1 ms]
      [Ref Enq: 0.0 ms]
      [Redirty Cards: 0.9 ms]
      [Humongous Register: 0.0 ms]
      [Humongous Reclaim: 0.0 ms]
      [Free CSet: 0.0 ms]
   [Eden: 7168.0K(7168.0K)->0.0B(3072.0K) Survivors: 1024.0K->1024.0K Heap: 49203.6K(65536.0K)->45933.6K(65536.0K)]
 [Times: user=0.21 sys=0.00, real=0.02 secs] 
2026-06-17T09:48:48.793+0800: 10.994: [GC pause (G1 Evacuation Pause) (young) (initial-mark), 0.0151596 secs]
   [Parallel Time: 10.0 ms, GC Workers: 18]
      [GC Worker Start (ms): Min: 10994.2, Avg: 10994.5, Max: 10994.7, Diff: 0.5]
      [Ext Root Scanning (ms): Min: 0.0, Avg: 2.9, Max: 8.9, Diff: 8.9, Sum: 51.9]
      [Update RS (ms): Min: 0.0, Avg: 0.0, Max: 0.0, Diff: 0.0, Sum: 0.0]
         [Processed Buffers: Min: 0, Avg: 0.2, Max: 3, Diff: 3, Sum: 3]
      [Scan RS (ms): Min: 0.0, Avg: 0.0, Max: 0.0, Diff: 0.0, Sum: 0.0]
      [Code Root Scanning (ms): Min: 0.0, Avg: 0.0, Max: 0.0, Diff: 0.0, Sum: 0.0]
      [Object Copy (ms): Min: 0.0, Avg: 0.0, Max: 0.1, Diff: 0.1, Sum: 0.2]
      [Termination (ms): Min: 0.0, Avg: 6.3, Max: 8.9, Diff: 8.9, Sum: 112.8]
         [Termination Attempts: Min: 1, Avg: 1.1, Max: 2, Diff: 1, Sum: 19]
      [GC Worker Other (ms): Min: 0.0, Avg: 0.0, Max: 0.0, Diff: 0.0, Sum: 0.1]
      [GC Worker Total (ms): Min: 8.9, Avg: 9.2, Max: 9.5, Diff: 0.6, Sum: 165.0]
      [GC Worker End (ms): Min: 11003.6, Avg: 11003.7, Max: 11003.8, Diff: 0.2]
   [Code Root Fixup: 0.0 ms]
   [Code Root Purge: 0.0 ms]
   [Clear CT: 0.6 ms]
   [Other: 4.6 ms]
      [Choose CSet: 0.0 ms]
      [Ref Proc: 4.0 ms]
      [Ref Enq: 0.0 ms]
      [Redirty Cards: 0.6 ms]
      [Humongous Register: 0.0 ms]
      [Humongous Reclaim: 0.0 ms]
      [Free CSet: 0.0 ms]
   [Eden: 3072.0K(3072.0K)->0.0B(3072.0K) Survivors: 1024.0K->1024.0K Heap: 49005.6K(65536.0K)->46830.6K(65536.0K)]
 [Times: user=0.15 sys=0.00, real=0.01 secs] 
2026-06-17T09:48:48.809+0800: 11.010: [GC concurrent-root-region-scan-start]
2026-06-17T09:48:48.809+0800: 11.011: [GC concurrent-root-region-scan-end, 0.0002350 secs]
2026-06-17T09:48:48.809+0800: 11.011: [GC concurrent-mark-start]
2026-06-17T09:48:48.810+0800: 11.011: [GC concurrent-mark-end, 0.0002708 secs]
2026-06-17T09:48:48.810+0800: 11.011: [GC remark 2026-06-17T09:48:48.810+0800: 11.012: [Finalize Marking, 0.0076837 secs] 2026-06-17T09:48:48.819+0800: 11.020: [GC ref-proc, 0.0006325 secs] 2026-06-17T09:48:48.820+0800: 11.021: [Unloading, 0.0023748 secs], 0.0135140 secs]
 [Times: user=0.09 sys=0.00, real=0.02 secs] 
2026-06-17T09:48:48.825+0800: 11.026: [GC cleanup 49554K->42386K(65536K), 0.0037128 secs]
 [Times: user=0.01 sys=0.00, real=0.00 secs] 
2026-06-17T09:48:48.830+0800: 11.031: [GC concurrent-cleanup-start]
2026-06-17T09:48:48.830+0800: 11.031: [GC concurrent-cleanup-end, 0.0000085 secs]
2026-06-17T09:48:48.830+0800: 11.031: [GC pause (G1 Evacuation Pause) (young), 0.0118247 secs]
   [Parallel Time: 7.6 ms, GC Workers: 18]
      [GC Worker Start (ms): Min: 11031.1, Avg: 11032.9, Max: 11038.1, Diff: 7.0]
      [Ext Root Scanning (ms): Min: 0.0, Avg: 0.0, Max: 0.2, Diff: 0.2, Sum: 0.5]
      [Update RS (ms): Min: 0.0, Avg: 0.0, Max: 0.0, Diff: 0.0, Sum: 0.0]
         [Processed Buffers: Min: 0, Avg: 0.1, Max: 1, Diff: 1, Sum: 2]
      [Scan RS (ms): Min: 0.0, Avg: 0.0, Max: 0.0, Diff: 0.0, Sum: 0.0]
      [Code Root Scanning (ms): Min: 0.0, Avg: 0.0, Max: 0.0, Diff: 0.0, Sum: 0.0]
      [Object Copy (ms): Min: 0.0, Avg: 0.0, Max: 0.0, Diff: 0.0, Sum: 0.2]
      [Termination (ms): Min: 0.0, Avg: 5.3, Max: 7.1, Diff: 7.1, Sum: 95.1]
         [Termination Attempts: Min: 1, Avg: 1.1, Max: 2, Diff: 1, Sum: 20]
      [GC Worker Other (ms): Min: 0.0, Avg: 0.0, Max: 0.0, Diff: 0.0, Sum: 0.1]
      [GC Worker Total (ms): Min: 0.0, Avg: 5.3, Max: 7.3, Diff: 7.2, Sum: 95.9]
      [GC Worker End (ms): Min: 11038.1, Avg: 11038.2, Max: 11038.4, Diff: 0.3]
   [Code Root Fixup: 0.0 ms]
   [Code Root Purge: 0.0 ms]
   [Clear CT: 1.5 ms]
   [Other: 2.8 ms]
      [Choose CSet: 0.0 ms]
      [Ref Proc: 1.9 ms]
      [Ref Enq: 0.0 ms]
      [Redirty Cards: 0.8 ms]
      [Humongous Register: 0.0 ms]
      [Humongous Reclaim: 0.0 ms]
      [Free CSet: 0.0 ms]
   [Eden: 3072.0K(3072.0K)->0.0B(2048.0K) Survivors: 1024.0K->1024.0K Heap: 42734.6K(65536.0K)->39796.1K(65536.0K)]
 [Times: user=0.10 sys=0.00, real=0.01 secs] 
2026-06-17T09:48:48.843+0800: 11.044: [GC pause (G1 Evacuation Pause) (mixed), 0.0057061 secs]
   [Parallel Time: 2.5 ms, GC Workers: 18]
      [GC Worker Start (ms): Min: 11044.1, Avg: 11045.0, Max: 11046.2, Diff: 2.1]
      [Ext Root Scanning (ms): Min: 0.0, Avg: 0.0, Max: 0.1, Diff: 0.1, Sum: 0.3]
      [Update RS (ms): Min: 0.0, Avg: 0.0, Max: 0.0, Diff: 0.0, Sum: 0.0]
         [Processed Buffers: Min: 0, Avg: 0.1, Max: 1, Diff: 1, Sum: 2]
      [Scan RS (ms): Min: 0.0, Avg: 0.0, Max: 0.0, Diff: 0.0, Sum: 0.1]
      [Code Root Scanning (ms): Min: 0.0, Avg: 0.0, Max: 0.0, Diff: 0.0, Sum: 0.0]
      [Object Copy (ms): Min: 0.0, Avg: 0.1, Max: 0.2, Diff: 0.2, Sum: 1.0]
      [Termination (ms): Min: 0.0, Avg: 1.2, Max: 1.9, Diff: 1.9, Sum: 21.8]
         [Termination Attempts: Min: 1, Avg: 1.0, Max: 1, Diff: 0, Sum: 18]
      [GC Worker Other (ms): Min: 0.0, Avg: 0.0, Max: 0.0, Diff: 0.0, Sum: 0.1]
      [GC Worker Total (ms): Min: 0.0, Avg: 1.3, Max: 2.3, Diff: 2.3, Sum: 23.2]
      [GC Worker End (ms): Min: 11046.3, Avg: 11046.3, Max: 11046.4, Diff: 0.2]
   [Code Root Fixup: 0.0 ms]
   [Code Root Purge: 0.0 ms]
   [Clear CT: 0.6 ms]
   [Other: 2.6 ms]
      [Choose CSet: 0.0 ms]
      [Ref Proc: 1.8 ms]
      [Ref Enq: 0.0 ms]
      [Redirty Cards: 0.7 ms]
      [Humongous Register: 0.0 ms]
      [Humongous Reclaim: 0.0 ms]
      [Free CSet: 0.0 ms]
   [Eden: 2048.0K(2048.0K)->0.0B(2048.0K) Survivors: 1024.0K->1024.0K Heap: 41844.1K(65536.0K)->37558.6K(65536.0K)]
 [Times: user=0.04 sys=0.00, real=0.00 secs] 
2026-06-17T09:48:48.850+0800: 11.051: [GC pause (G1 Evacuation Pause) (mixed), 0.0113709 secs]
   [Parallel Time: 7.3 ms, GC Workers: 18]
      [GC Worker Start (ms): Min: 11051.2, Avg: 11052.9, Max: 11057.9, Diff: 6.7]
      [Ext Root Scanning (ms): Min: 0.0, Avg: 0.0, Max: 0.1, Diff: 0.1, Sum: 0.3]
      [Update RS (ms): Min: 0.0, Avg: 0.0, Max: 0.0, Diff: 0.0, Sum: 0.0]
         [Processed Buffers: Min: 0, Avg: 0.2, Max: 2, Diff: 2, Sum: 4]
      [Scan RS (ms): Min: 0.0, Avg: 0.0, Max: 0.0, Diff: 0.0, Sum: 0.0]
      [Code Root Scanning (ms): Min: 0.0, Avg: 0.0, Max: 0.0, Diff: 0.0, Sum: 0.0]
      [Object Copy (ms): Min: 0.0, Avg: 0.0, Max: 0.2, Diff: 0.2, Sum: 0.8]
      [Termination (ms): Min: 0.0, Avg: 5.0, Max: 6.5, Diff: 6.5, Sum: 89.4]
         [Termination Attempts: Min: 1, Avg: 1.0, Max: 1, Diff: 0, Sum: 18]
      [GC Worker Other (ms): Min: 0.0, Avg: 0.0, Max: 0.0, Diff: 0.0, Sum: 0.1]
      [GC Worker Total (ms): Min: 0.0, Avg: 5.0, Max: 6.8, Diff: 6.8, Sum: 90.5]
      [GC Worker End (ms): Min: 11057.9, Avg: 11057.9, Max: 11058.0, Diff: 0.2]
   [Code Root Fixup: 0.0 ms]
   [Code Root Purge: 0.0 ms]
   [Clear CT: 0.8 ms]
   [Other: 3.3 ms]
      [Choose CSet: 0.0 ms]
      [Ref Proc: 2.7 ms]
      [Ref Enq: 0.0 ms]
      [Redirty Cards: 0.5 ms]
      [Humongous Register: 0.0 ms]
      [Humongous Reclaim: 0.0 ms]
      [Free CSet: 0.0 ms]
   [Eden: 2048.0K(2048.0K)->0.0B(2048.0K) Survivors: 1024.0K->1024.0K Heap: 39606.6K(65536.0K)->35610.6K(65536.0K)]
 [Times: user=0.12 sys=0.00, real=0.01 secs] 
2026-06-17T09:48:48.873+0800: 11.074: [GC pause (G1 Evacuation Pause) (mixed), 0.0107038 secs]
   [Parallel Time: 6.8 ms, GC Workers: 18]
      [GC Worker Start (ms): Min: 11074.1, Avg: 11075.9, Max: 11080.5, Diff: 6.3]
      [Ext Root Scanning (ms): Min: 0.0, Avg: 0.0, Max: 0.2, Diff: 0.2, Sum: 0.5]
      [Update RS (ms): Min: 0.0, Avg: 0.0, Max: 0.0, Diff: 0.0, Sum: 0.1]
         [Processed Buffers: Min: 0, Avg: 0.3, Max: 2, Diff: 2, Sum: 5]
      [Scan RS (ms): Min: 0.0, Avg: 0.0, Max: 0.1, Diff: 0.1, Sum: 0.1]
      [Code Root Scanning (ms): Min: 0.0, Avg: 0.0, Max: 0.0, Diff: 0.0, Sum: 0.0]
      [Object Copy (ms): Min: 0.0, Avg: 0.1, Max: 0.3, Diff: 0.3, Sum: 1.5]
      [Termination (ms): Min: 0.0, Avg: 4.6, Max: 6.1, Diff: 6.1, Sum: 82.0]
         [Termination Attempts: Min: 1, Avg: 1.0, Max: 1, Diff: 0, Sum: 18]
      [GC Worker Other (ms): Min: 0.0, Avg: 0.0, Max: 0.0, Diff: 0.0, Sum: 0.1]
      [GC Worker Total (ms): Min: 0.0, Avg: 4.7, Max: 6.4, Diff: 6.4, Sum: 84.3]
      [GC Worker End (ms): Min: 11080.5, Avg: 11080.5, Max: 11080.6, Diff: 0.2]
   [Code Root Fixup: 0.0 ms]
   [Code Root Purge: 0.0 ms]
   [Clear CT: 1.0 ms]
   [Other: 2.9 ms]
      [Choose CSet: 0.0 ms]
      [Ref Proc: 2.0 ms]
      [Ref Enq: 0.0 ms]
      [Redirty Cards: 0.9 ms]
      [Humongous Register: 0.0 ms]
      [Humongous Reclaim: 0.0 ms]
      [Free CSet: 0.0 ms]
   [Eden: 2048.0K(2048.0K)->0.0B(2048.0K) Survivors: 1024.0K->1024.0K Heap: 37658.6K(65536.0K)->36287.6K(65536.0K)]
 [Times: user=0.10 sys=0.00, real=0.01 secs] 
2026-06-17T09:48:48.895+0800: 11.096: [GC pause (G1 Evacuation Pause) (mixed), 0.0136259 secs]
   [Parallel Time: 7.5 ms, GC Workers: 18]
      [GC Worker Start (ms): Min: 11096.4, Avg: 11098.5, Max: 11103.1, Diff: 6.7]
      [Ext Root Scanning (ms): Min: 0.0, Avg: 0.0, Max: 0.2, Diff: 0.2, Sum: 0.3]
      [Update RS (ms): Min: 0.0, Avg: 0.0, Max: 0.0, Diff: 0.0, Sum: 0.1]
         [Processed Buffers: Min: 0, Avg: 0.3, Max: 2, Diff: 2, Sum: 6]
      [Scan RS (ms): Min: 0.0, Avg: 0.0, Max: 0.0, Diff: 0.0, Sum: 0.1]
      [Code Root Scanning (ms): Min: 0.0, Avg: 0.0, Max: 0.0, Diff: 0.0, Sum: 0.0]
      [Object Copy (ms): Min: 0.0, Avg: 0.0, Max: 0.1, Diff: 0.1, Sum: 0.2]
      [Termination (ms): Min: 0.0, Avg: 4.7, Max: 6.6, Diff: 6.6, Sum: 84.6]
         [Termination Attempts: Min: 1, Avg: 1.0, Max: 1, Diff: 0, Sum: 18]
      [GC Worker Other (ms): Min: 0.0, Avg: 0.0, Max: 0.0, Diff: 0.0, Sum: 0.1]
      [GC Worker Total (ms): Min: 0.0, Avg: 4.7, Max: 6.8, Diff: 6.8, Sum: 85.2]
      [GC Worker End (ms): Min: 11103.2, Avg: 11103.2, Max: 11103.3, Diff: 0.1]
   [Code Root Fixup: 0.0 ms]
   [Code Root Purge: 0.0 ms]
   [Clear CT: 1.1 ms]
   [Other: 5.0 ms]
      [Choose CSet: 0.0 ms]
      [Ref Proc: 4.1 ms]
      [Ref Enq: 0.0 ms]
      [Redirty Cards: 0.9 ms]
      [Humongous Register: 0.0 ms]
      [Humongous Reclaim: 0.0 ms]
      [Free CSet: 0.0 ms]
   [Eden: 2048.0K(2048.0K)->0.0B(13312.0K) Survivors: 1024.0K->1024.0K Heap: 38335.6K(65536.0K)->35291.7K(65536.0K)]
 [Times: user=0.12 sys=0.01, real=0.01 secs] 
2026-06-17T09:48:48.941+0800: 11.142: [GC pause (G1 Evacuation Pause) (young), 0.0113071 secs]
   [Parallel Time: 7.5 ms, GC Workers: 18]
      [GC Worker Start (ms): Min: 11142.4, Avg: 11143.8, Max: 11149.2, Diff: 6.8]
      [Ext Root Scanning (ms): Min: 0.0, Avg: 0.0, Max: 0.2, Diff: 0.2, Sum: 0.3]
      [Update RS (ms): Min: 0.0, Avg: 0.0, Max: 0.1, Diff: 0.1, Sum: 0.2]
         [Processed Buffers: Min: 0, Avg: 0.3, Max: 3, Diff: 3, Sum: 5]
      [Scan RS (ms): Min: 0.0, Avg: 0.0, Max: 0.0, Diff: 0.0, Sum: 0.0]
      [Code Root Scanning (ms): Min: 0.0, Avg: 0.0, Max: 0.0, Diff: 0.0, Sum: 0.0]
      [Object Copy (ms): Min: 0.0, Avg: 0.0, Max: 0.1, Diff: 0.1, Sum: 0.3]
      [Termination (ms): Min: 0.0, Avg: 5.4, Max: 6.6, Diff: 6.6, Sum: 96.3]
         [Termination Attempts: Min: 1, Avg: 1.0, Max: 1, Diff: 0, Sum: 18]
      [GC Worker Other (ms): Min: 0.0, Avg: 0.0, Max: 0.0, Diff: 0.0, Sum: 0.1]
      [GC Worker Total (ms): Min: 0.0, Avg: 5.4, Max: 6.9, Diff: 6.8, Sum: 97.2]
      [GC Worker End (ms): Min: 11149.2, Avg: 11149.2, Max: 11149.3, Diff: 0.1]
   [Code Root Fixup: 0.0 ms]
   [Code Root Purge: 0.0 ms]
   [Clear CT: 1.0 ms]
   [Other: 2.9 ms]
      [Choose CSet: 0.0 ms]
      [Ref Proc: 2.0 ms]
      [Ref Enq: 0.0 ms]
      [Redirty Cards: 0.8 ms]
      [Humongous Register: 0.0 ms]
      [Humongous Reclaim: 0.0 ms]
      [Free CSet: 0.0 ms]
   [Eden: 13312.0K(13312.0K)->0.0B(11264.0K) Survivors: 1024.0K->2048.0K Heap: 48603.7K(65536.0K)->38097.6K(65536.0K)]
 [Times: user=0.10 sys=0.01, real=0.02 secs] 
2026-06-17T09:48:48.985+0800: 11.186: [GC pause (G1 Evacuation Pause) (young) (initial-mark), 0.0148025 secs]
   [Parallel Time: 9.2 ms, GC Workers: 18]
      [GC Worker Start (ms): Min: 11186.1, Avg: 11186.7, Max: 11187.1, Diff: 0.9]
      [Ext Root Scanning (ms): Min: 0.0, Avg: 1.8, Max: 7.2, Diff: 7.2, Sum: 33.0]
      [Update RS (ms): Min: 0.0, Avg: 0.0, Max: 0.0, Diff: 0.0, Sum: 0.0]
         [Processed Buffers: Min: 0, Avg: 0.2, Max: 3, Diff: 3, Sum: 3]
      [Scan RS (ms): Min: 0.0, Avg: 0.0, Max: 0.0, Diff: 0.0, Sum: 0.0]
      [Code Root Scanning (ms): Min: 0.0, Avg: 0.0, Max: 0.0, Diff: 0.0, Sum: 0.0]
      [Object Copy (ms): Min: 0.0, Avg: 0.0, Max: 0.1, Diff: 0.1, Sum: 0.3]
      [Termination (ms): Min: 0.0, Avg: 5.7, Max: 7.1, Diff: 7.1, Sum: 102.6]
         [Termination Attempts: Min: 1, Avg: 1.0, Max: 1, Diff: 0, Sum: 18]
      [GC Worker Other (ms): Min: 0.0, Avg: 0.0, Max: 0.0, Diff: 0.0, Sum: 0.1]
      [GC Worker Total (ms): Min: 7.2, Avg: 7.6, Max: 8.1, Diff: 0.9, Sum: 136.0]
      [GC Worker End (ms): Min: 11194.2, Avg: 11194.3, Max: 11194.3, Diff: 0.1]
   [Code Root Fixup: 0.0 ms]
   [Code Root Purge: 0.0 ms]
   [Clear CT: 1.3 ms]
   [Other: 4.3 ms]
      [Choose CSet: 0.0 ms]
      [Ref Proc: 2.6 ms]
      [Ref Enq: 0.0 ms]
      [Redirty Cards: 1.6 ms]
      [Humongous Register: 0.0 ms]
      [Humongous Reclaim: 0.0 ms]
      [Free CSet: 0.0 ms]
   [Eden: 11264.0K(11264.0K)->0.0B(10240.0K) Survivors: 2048.0K->2048.0K Heap: 49361.6K(65536.0K)->38805.7K(65536.0K)]
 [Times: user=0.12 sys=0.00, real=0.01 secs] 
2026-06-17T09:48:49.001+0800: 11.202: [GC concurrent-root-region-scan-start]
2026-06-17T09:48:49.001+0800: 11.203: [GC concurrent-root-region-scan-end, 0.0003227 secs]
2026-06-17T09:48:49.001+0800: 11.203: [GC concurrent-mark-start]
2026-06-17T09:48:49.002+0800: 11.203: [GC concurrent-mark-end, 0.0005789 secs]
2026-06-17T09:48:49.002+0800: 11.203: [GC remark 2026-06-17T09:48:49.002+0800: 11.204: [Finalize Marking, 0.0029613 secs] 2026-06-17T09:48:49.006+0800: 11.207: [GC ref-proc, 0.0005669 secs] 2026-06-17T09:48:49.007+0800: 11.208: [Unloading, 0.0019089 secs], 0.0076834 secs]
 [Times: user=0.02 sys=0.00, real=0.01 secs] 
2026-06-17T09:48:49.011+0800: 11.212: [GC cleanup 42435K->41411K(65536K), 0.0035287 secs]
 [Times: user=0.00 sys=0.00, real=0.00 secs] 
2026-06-17T09:48:49.015+0800: 11.216: [GC concurrent-cleanup-start]
2026-06-17T09:48:49.015+0800: 11.216: [GC concurrent-cleanup-end, 0.0000075 secs]
2026-06-17T09:48:49.026+0800: 11.227: [GC pause (G1 Evacuation Pause) (young), 0.0139700 secs]
   [Parallel Time: 9.1 ms, GC Workers: 18]
      [GC Worker Start (ms): Min: 11227.1, Avg: 11228.8, Max: 11235.2, Diff: 8.1]
      [Ext Root Scanning (ms): Min: 0.0, Avg: 0.0, Max: 0.1, Diff: 0.1, Sum: 0.3]
      [Update RS (ms): Min: 0.0, Avg: 0.0, Max: 0.0, Diff: 0.0, Sum: 0.0]
         [Processed Buffers: Min: 0, Avg: 0.2, Max: 1, Diff: 1, Sum: 3]
      [Scan RS (ms): Min: 0.0, Avg: 0.0, Max: 0.0, Diff: 0.0, Sum: 0.0]
      [Code Root Scanning (ms): Min: 0.0, Avg: 0.0, Max: 0.0, Diff: 0.0, Sum: 0.0]
      [Object Copy (ms): Min: 0.0, Avg: 0.0, Max: 0.2, Diff: 0.2, Sum: 0.5]
      [Termination (ms): Min: 0.0, Avg: 6.5, Max: 8.0, Diff: 8.0, Sum: 116.4]
         [Termination Attempts: Min: 1, Avg: 1.0, Max: 1, Diff: 0, Sum: 18]
      [GC Worker Other (ms): Min: 0.0, Avg: 0.0, Max: 0.0, Diff: 0.0, Sum: 0.1]
      [GC Worker Total (ms): Min: 0.0, Avg: 6.5, Max: 8.2, Diff: 8.2, Sum: 117.4]
      [GC Worker End (ms): Min: 11235.2, Avg: 11235.3, Max: 11235.4, Diff: 0.2]
   [Code Root Fixup: 0.0 ms]
   [Code Root Purge: 0.0 ms]
   [Clear CT: 1.5 ms]
   [Other: 3.3 ms]
      [Choose CSet: 0.0 ms]
      [Ref Proc: 2.2 ms]
      [Ref Enq: 0.0 ms]
      [Redirty Cards: 1.1 ms]
      [Humongous Register: 0.0 ms]
      [Humongous Reclaim: 0.0 ms]
      [Free CSet: 0.0 ms]
   [Eden: 10240.0K(10240.0K)->0.0B(1024.0K) Survivors: 2048.0K->2048.0K Heap: 48021.7K(65536.0K)->40846.6K(65536.0K)]
 [Times: user=0.13 sys=0.00, real=0.01 secs] 
2026-06-17T09:48:49.041+0800: 11.242: [GC pause (G1 Evacuation Pause) (mixed), 0.0069241 secs]
   [Parallel Time: 2.2 ms, GC Workers: 18]
      [GC Worker Start (ms): Min: 11242.3, Avg: 11243.1, Max: 11244.1, Diff: 1.9]
      [Ext Root Scanning (ms): Min: 0.0, Avg: 0.0, Max: 0.2, Diff: 0.2, Sum: 0.4]
      [Update RS (ms): Min: 0.0, Avg: 0.0, Max: 0.0, Diff: 0.0, Sum: 0.0]
         [Processed Buffers: Min: 0, Avg: 0.1, Max: 1, Diff: 1, Sum: 2]
      [Scan RS (ms): Min: 0.0, Avg: 0.0, Max: 0.0, Diff: 0.0, Sum: 0.0]
      [Code Root Scanning (ms): Min: 0.0, Avg: 0.0, Max: 0.0, Diff: 0.0, Sum: 0.0]
      [Object Copy (ms): Min: 0.0, Avg: 0.1, Max: 0.2, Diff: 0.2, Sum: 1.0]
      [Termination (ms): Min: 0.0, Avg: 1.0, Max: 1.6, Diff: 1.6, Sum: 18.1]
         [Termination Attempts: Min: 1, Avg: 1.0, Max: 1, Diff: 0, Sum: 18]
      [GC Worker Other (ms): Min: 0.0, Avg: 0.0, Max: 0.0, Diff: 0.0, Sum: 0.1]
      [GC Worker Total (ms): Min: 0.0, Avg: 1.1, Max: 2.0, Diff: 2.0, Sum: 19.6]
      [GC Worker End (ms): Min: 11244.1, Avg: 11244.2, Max: 11244.3, Diff: 0.2]
   [Code Root Fixup: 0.0 ms]
   [Code Root Purge: 0.0 ms]
   [Clear CT: 1.1 ms]
   [Other: 3.6 ms]
      [Choose CSet: 0.0 ms]
      [Ref Proc: 2.6 ms]
      [Ref Enq: 0.0 ms]
      [Redirty Cards: 0.9 ms]
      [Humongous Register: 0.0 ms]
      [Humongous Reclaim: 0.0 ms]
      [Free CSet: 0.0 ms]
   [Eden: 1024.0K(1024.0K)->0.0B(2048.0K) Survivors: 2048.0K->1024.0K Heap: 41870.6K(65536.0K)->39457.1K(65536.0K)]
 [Times: user=0.04 sys=0.01, real=0.01 secs] 
2026-06-17T09:48:49.059+0800: 11.261: [GC pause (G1 Evacuation Pause) (mixed), 0.0154163 secs]
   [Parallel Time: 8.1 ms, GC Workers: 18]
      [GC Worker Start (ms): Min: 11260.7, Avg: 11262.2, Max: 11267.9, Diff: 7.2]
      [Ext Root Scanning (ms): Min: 0.0, Avg: 0.0, Max: 0.2, Diff: 0.2, Sum: 0.3]
      [Update RS (ms): Min: 0.0, Avg: 0.0, Max: 0.0, Diff: 0.0, Sum: 0.0]
         [Processed Buffers: Min: 0, Avg: 0.3, Max: 2, Diff: 2, Sum: 5]
      [Scan RS (ms): Min: 0.0, Avg: 0.0, Max: 0.0, Diff: 0.0, Sum: 0.0]
      [Code Root Scanning (ms): Min: 0.0, Avg: 0.0, Max: 0.0, Diff: 0.0, Sum: 0.0]
      [Object Copy (ms): Min: 0.0, Avg: 0.0, Max: 0.2, Diff: 0.2, Sum: 0.7]
      [Termination (ms): Min: 0.0, Avg: 5.6, Max: 7.1, Diff: 7.1, Sum: 101.7]
         [Termination Attempts: Min: 1, Avg: 1.0, Max: 1, Diff: 0, Sum: 18]
      [GC Worker Other (ms): Min: 0.0, Avg: 0.0, Max: 0.0, Diff: 0.0, Sum: 0.1]
      [GC Worker Total (ms): Min: 0.0, Avg: 5.7, Max: 7.3, Diff: 7.3, Sum: 102.8]
      [GC Worker End (ms): Min: 11267.9, Avg: 11267.9, Max: 11268.1, Diff: 0.2]
   [Code Root Fixup: 0.0 ms]
   [Code Root Purge: 0.0 ms]
   [Clear CT: 1.6 ms]
   [Other: 5.7 ms]
      [Choose CSet: 0.0 ms]
      [Ref Proc: 4.6 ms]
      [Ref Enq: 0.0 ms]
      [Redirty Cards: 1.0 ms]
      [Humongous Register: 0.0 ms]
      [Humongous Reclaim: 0.0 ms]
      [Free CSet: 0.0 ms]
   [Eden: 2048.0K(2048.0K)->0.0B(11264.0K) Survivors: 1024.0K->1024.0K Heap: 41505.1K(65536.0K)->37484.6K(65536.0K)]
 [Times: user=0.16 sys=0.00, real=0.02 secs] 
2026-06-17T09:48:49.097+0800: 11.298: [GC pause (G1 Evacuation Pause) (young), 0.0109941 secs]
   [Parallel Time: 5.9 ms, GC Workers: 18]
      [GC Worker Start (ms): Min: 11298.4, Avg: 11299.8, Max: 11303.4, Diff: 5.0]
      [Ext Root Scanning (ms): Min: 0.0, Avg: 0.0, Max: 0.2, Diff: 0.2, Sum: 0.5]
      [Update RS (ms): Min: 0.0, Avg: 0.0, Max: 0.0, Diff: 0.0, Sum: 0.1]
         [Processed Buffers: Min: 0, Avg: 0.3, Max: 3, Diff: 3, Sum: 5]
      [Scan RS (ms): Min: 0.0, Avg: 0.0, Max: 0.0, Diff: 0.0, Sum: 0.0]
      [Code Root Scanning (ms): Min: 0.0, Avg: 0.0, Max: 0.0, Diff: 0.0, Sum: 0.0]
      [Object Copy (ms): Min: 0.0, Avg: 0.0, Max: 0.2, Diff: 0.2, Sum: 0.7]
      [Termination (ms): Min: 0.0, Avg: 3.6, Max: 4.9, Diff: 4.9, Sum: 65.6]
         [Termination Attempts: Min: 1, Avg: 1.0, Max: 1, Diff: 0, Sum: 18]
      [GC Worker Other (ms): Min: 0.0, Avg: 0.0, Max: 0.0, Diff: 0.0, Sum: 0.1]
      [GC Worker Total (ms): Min: 0.0, Avg: 3.7, Max: 5.2, Diff: 5.2, Sum: 67.0]
      [GC Worker End (ms): Min: 11303.4, Avg: 11303.5, Max: 11303.7, Diff: 0.3]
   [Code Root Fixup: 0.0 ms]
   [Code Root Purge: 0.0 ms]
   [Clear CT: 2.0 ms]
   [Other: 3.1 ms]
      [Choose CSet: 0.0 ms]
      [Ref Proc: 2.1 ms]
      [Ref Enq: 0.0 ms]
      [Redirty Cards: 0.9 ms]
      [Humongous Register: 0.0 ms]
      [Humongous Reclaim: 0.0 ms]
      [Free CSet: 0.0 ms]
   [Eden: 11264.0K(11264.0K)->0.0B(7168.0K) Survivors: 1024.0K->2048.0K Heap: 48748.6K(65536.0K)->41479.6K(65536.0K)]
 [Times: user=0.08 sys=0.00, real=0.01 secs] 
2026-06-17T09:48:49.109+0800: 11.311: [GC pause (G1 Humongous Allocation) (young) (initial-mark), 0.0075490 secs]
   [Parallel Time: 3.9 ms, GC Workers: 18]
      [GC Worker Start (ms): Min: 11310.7, Avg: 11311.2, Max: 11311.4, Diff: 0.6]
      [Ext Root Scanning (ms): Min: 0.0, Avg: 1.0, Max: 2.8, Diff: 2.8, Sum: 18.8]
      [Update RS (ms): Min: 0.0, Avg: 0.0, Max: 0.0, Diff: 0.0, Sum: 0.0]
         [Processed Buffers: Min: 0, Avg: 0.2, Max: 3, Diff: 3, Sum: 3]
      [Scan RS (ms): Min: 0.0, Avg: 0.0, Max: 0.0, Diff: 0.0, Sum: 0.0]
      [Code Root Scanning (ms): Min: 0.0, Avg: 0.0, Max: 0.0, Diff: 0.0, Sum: 0.0]
      [Object Copy (ms): Min: 0.0, Avg: 0.0, Max: 0.1, Diff: 0.1, Sum: 0.1]
      [Termination (ms): Min: 0.0, Avg: 2.0, Max: 2.7, Diff: 2.7, Sum: 36.3]
         [Termination Attempts: Min: 1, Avg: 1.0, Max: 1, Diff: 0, Sum: 18]
      [GC Worker Other (ms): Min: 0.0, Avg: 0.0, Max: 0.0, Diff: 0.0, Sum: 0.1]
      [GC Worker Total (ms): Min: 2.8, Avg: 3.1, Max: 3.4, Diff: 0.6, Sum: 55.3]
      [GC Worker End (ms): Min: 11314.2, Avg: 11314.2, Max: 11314.4, Diff: 0.2]
   [Code Root Fixup: 0.0 ms]
   [Code Root Purge: 0.0 ms]
   [Clear CT: 0.7 ms]
   [Other: 2.9 ms]
      [Choose CSet: 0.0 ms]
      [Ref Proc: 2.2 ms]
      [Ref Enq: 0.0 ms]
      [Redirty Cards: 0.7 ms]
      [Humongous Register: 0.0 ms]
      [Humongous Reclaim: 0.0 ms]
      [Free CSet: 0.0 ms]
   [Eden: 2048.0K(7168.0K)->0.0B(8192.0K) Survivors: 2048.0K->0.0B Heap: 42730.7K(65536.0K)->40847.6K(65536.0K)]
 [Times: user=0.06 sys=0.00, real=0.01 secs] 
2026-06-17T09:48:49.118+0800: 11.319: [GC concurrent-root-region-scan-start]
2026-06-17T09:48:49.118+0800: 11.319: [GC concurrent-root-region-scan-end, 0.0000070 secs]
2026-06-17T09:48:49.118+0800: 11.319: [GC concurrent-mark-start]
2026-06-17T09:48:49.119+0800: 11.320: [GC concurrent-mark-end, 0.0005712 secs]
2026-06-17T09:48:49.119+0800: 11.320: [GC remark 2026-06-17T09:48:49.119+0800: 11.321: [Finalize Marking, 0.0069759 secs] 2026-06-17T09:48:49.127+0800: 11.328: [GC ref-proc, 0.0005564 secs] 2026-06-17T09:48:49.128+0800: 11.329: [Unloading, 0.0019004 secs], 0.0124338 secs]
 [Times: user=0.09 sys=0.00, real=0.02 secs] 
2026-06-17T09:48:49.133+0800: 11.334: [GC cleanup 43098K->36954K(65536K), 0.0034738 secs]
 [Times: user=0.00 sys=0.00, real=0.00 secs] 
2026-06-17T09:48:49.137+0800: 11.338: [GC concurrent-cleanup-start]
2026-06-17T09:48:49.137+0800: 11.338: [GC concurrent-cleanup-end, 0.0000097 secs]
2026-06-17T09:48:49.148+0800: 11.349: [GC pause (G1 Evacuation Pause) (young), 0.0114594 secs]
   [Parallel Time: 6.3 ms, GC Workers: 18]
      [GC Worker Start (ms): Min: 11349.0, Avg: 11350.6, Max: 11354.3, Diff: 5.4]
      [Ext Root Scanning (ms): Min: 0.0, Avg: 0.0, Max: 0.1, Diff: 0.1, Sum: 0.2]
      [Update RS (ms): Min: 0.0, Avg: 0.0, Max: 0.0, Diff: 0.0, Sum: 0.0]
         [Processed Buffers: Min: 0, Avg: 0.1, Max: 1, Diff: 1, Sum: 2]
      [Scan RS (ms): Min: 0.0, Avg: 0.0, Max: 0.0, Diff: 0.0, Sum: 0.0]
      [Code Root Scanning (ms): Min: 0.0, Avg: 0.0, Max: 0.0, Diff: 0.0, Sum: 0.0]
      [Object Copy (ms): Min: 0.0, Avg: 0.0, Max: 0.1, Diff: 0.1, Sum: 0.1]
      [Termination (ms): Min: 0.0, Avg: 3.8, Max: 5.4, Diff: 5.4, Sum: 68.6]
         [Termination Attempts: Min: 1, Avg: 1.0, Max: 1, Diff: 0, Sum: 18]
      [GC Worker Other (ms): Min: 0.0, Avg: 0.0, Max: 0.0, Diff: 0.0, Sum: 0.1]
      [GC Worker Total (ms): Min: 0.0, Avg: 3.8, Max: 5.6, Diff: 5.6, Sum: 69.0]
      [GC Worker End (ms): Min: 11354.3, Avg: 11354.4, Max: 11354.5, Diff: 0.2]
   [Code Root Fixup: 0.0 ms]
   [Code Root Purge: 0.0 ms]
   [Clear CT: 0.9 ms]
   [Other: 4.3 ms]
      [Choose CSet: 0.0 ms]
      [Ref Proc: 3.3 ms]
      [Ref Enq: 0.0 ms]
      [Redirty Cards: 0.9 ms]
      [Humongous Register: 0.0 ms]
      [Humongous Reclaim: 0.0 ms]
      [Free CSet: 0.0 ms]
   [Eden: 8192.0K(8192.0K)->0.0B(2048.0K) Survivors: 0.0B->1024.0K Heap: 44150.6K(65536.0K)->36884.7K(65536.0K)]
 [Times: user=0.10 sys=0.01, real=0.01 secs] 
2026-06-17T09:48:49.171+0800: 11.372: [GC pause (G1 Evacuation Pause) (mixed), 0.0112144 secs]
   [Parallel Time: 6.0 ms, GC Workers: 18]
      [GC Worker Start (ms): Min: 11372.0, Avg: 11373.2, Max: 11377.1, Diff: 5.1]
      [Ext Root Scanning (ms): Min: 0.0, Avg: 0.0, Max: 0.1, Diff: 0.1, Sum: 0.2]
      [Update RS (ms): Min: 0.0, Avg: 0.0, Max: 0.0, Diff: 0.0, Sum: 0.0]
         [Processed Buffers: Min: 0, Avg: 0.1, Max: 1, Diff: 1, Sum: 2]
      [Scan RS (ms): Min: 0.0, Avg: 0.0, Max: 0.0, Diff: 0.0, Sum: 0.0]
      [Code Root Scanning (ms): Min: 0.0, Avg: 0.0, Max: 0.0, Diff: 0.0, Sum: 0.0]
      [Object Copy (ms): Min: 0.0, Avg: 0.0, Max: 0.3, Diff: 0.3, Sum: 0.8]
      [Termination (ms): Min: 0.0, Avg: 3.9, Max: 4.8, Diff: 4.8, Sum: 70.7]
         [Termination Attempts: Min: 1, Avg: 1.0, Max: 1, Diff: 0, Sum: 18]
      [GC Worker Other (ms): Min: 0.0, Avg: 0.0, Max: 0.0, Diff: 0.0, Sum: 0.1]
      [GC Worker Total (ms): Min: 0.0, Avg: 4.0, Max: 5.1, Diff: 5.1, Sum: 71.8]
      [GC Worker End (ms): Min: 11377.1, Avg: 11377.2, Max: 11377.3, Diff: 0.2]
   [Code Root Fixup: 0.0 ms]
   [Code Root Purge: 0.0 ms]
   [Clear CT: 1.5 ms]
   [Other: 3.8 ms]
      [Choose CSet: 0.0 ms]
      [Ref Proc: 2.3 ms]
      [Ref Enq: 0.0 ms]
      [Redirty Cards: 1.4 ms]
      [Humongous Register: 0.0 ms]
      [Humongous Reclaim: 0.0 ms]
      [Free CSet: 0.0 ms]
   [Eden: 2048.0K(2048.0K)->0.0B(2048.0K) Survivors: 1024.0K->1024.0K Heap: 38932.7K(65536.0K)->34670.6K(65536.0K)]
 [Times: user=0.09 sys=0.00, real=0.00 secs] 
2026-06-17T09:48:49.183+0800: 11.384: [GC pause (G1 Evacuation Pause) (mixed), 0.0067283 secs]
   [Parallel Time: 2.5 ms, GC Workers: 18]
      [GC Worker Start (ms): Min: 11384.3, Avg: 11385.3, Max: 11386.0, Diff: 1.7]
      [Ext Root Scanning (ms): Min: 0.0, Avg: 0.0, Max: 0.1, Diff: 0.1, Sum: 0.2]
      [Update RS (ms): Min: 0.0, Avg: 0.0, Max: 0.0, Diff: 0.0, Sum: 0.0]
         [Processed Buffers: Min: 0, Avg: 0.2, Max: 2, Diff: 2, Sum: 4]
      [Scan RS (ms): Min: 0.0, Avg: 0.0, Max: 0.0, Diff: 0.0, Sum: 0.1]
      [Code Root Scanning (ms): Min: 0.0, Avg: 0.0, Max: 0.0, Diff: 0.0, Sum: 0.0]
      [Object Copy (ms): Min: 0.0, Avg: 0.0, Max: 0.3, Diff: 0.3, Sum: 0.8]
      [Termination (ms): Min: 0.0, Avg: 0.7, Max: 1.4, Diff: 1.4, Sum: 13.0]
         [Termination Attempts: Min: 1, Avg: 1.0, Max: 1, Diff: 0, Sum: 18]
      [GC Worker Other (ms): Min: 0.0, Avg: 0.0, Max: 0.0, Diff: 0.0, Sum: 0.1]
      [GC Worker Total (ms): Min: 0.0, Avg: 0.8, Max: 1.7, Diff: 1.7, Sum: 14.2]
      [GC Worker End (ms): Min: 11386.0, Avg: 11386.0, Max: 11386.2, Diff: 0.2]
   [Code Root Fixup: 0.0 ms]
   [Code Root Purge: 0.0 ms]
   [Clear CT: 1.1 ms]
   [Other: 3.1 ms]
      [Choose CSet: 0.0 ms]
      [Ref Proc: 2.3 ms]
      [Ref Enq: 0.0 ms]
      [Redirty Cards: 0.8 ms]
      [Humongous Register: 0.0 ms]
      [Humongous Reclaim: 0.0 ms]
      [Free CSet: 0.0 ms]
   [Eden: 2048.0K(2048.0K)->0.0B(2048.0K) Survivors: 1024.0K->1024.0K Heap: 36718.6K(65536.0K)->32930.6K(65536.0K)]
 [Times: user=0.03 sys=0.00, real=0.00 secs] 
2026-06-17T09:48:49.201+0800: 11.403: [GC pause (G1 Evacuation Pause) (mixed), 0.0091970 secs]
   [Parallel Time: 5.5 ms, GC Workers: 18]
      [GC Worker Start (ms): Min: 11402.6, Avg: 11403.9, Max: 11407.1, Diff: 4.5]
      [Ext Root Scanning (ms): Min: 0.0, Avg: 0.0, Max: 0.2, Diff: 0.2, Sum: 0.4]
      [Update RS (ms): Min: 0.0, Avg: 0.0, Max: 0.0, Diff: 0.0, Sum: 0.1]
         [Processed Buffers: Min: 0, Avg: 0.3, Max: 3, Diff: 3, Sum: 5]
      [Scan RS (ms): Min: 0.0, Avg: 0.0, Max: 0.1, Diff: 0.1, Sum: 0.1]
      [Code Root Scanning (ms): Min: 0.0, Avg: 0.0, Max: 0.0, Diff: 0.0, Sum: 0.0]
      [Object Copy (ms): Min: 0.0, Avg: 0.0, Max: 0.2, Diff: 0.2, Sum: 0.6]
      [Termination (ms): Min: 0.0, Avg: 3.2, Max: 4.2, Diff: 4.2, Sum: 57.4]
         [Termination Attempts: Min: 1, Avg: 1.0, Max: 1, Diff: 0, Sum: 18]
      [GC Worker Other (ms): Min: 0.0, Avg: 0.0, Max: 0.0, Diff: 0.0, Sum: 0.1]
      [GC Worker Total (ms): Min: 0.0, Avg: 3.3, Max: 4.6, Diff: 4.6, Sum: 58.6]
      [GC Worker End (ms): Min: 11407.1, Avg: 11407.2, Max: 11407.3, Diff: 0.2]
   [Code Root Fixup: 0.0 ms]
   [Code Root Purge: 0.0 ms]
   [Clear CT: 0.6 ms]
   [Other: 3.1 ms]
      [Choose CSet: 0.0 ms]
      [Ref Proc: 2.0 ms]
      [Ref Enq: 0.0 ms]
      [Redirty Cards: 1.1 ms]
      [Humongous Register: 0.0 ms]
      [Humongous Reclaim: 0.0 ms]
      [Free CSet: 0.0 ms]
   [Eden: 2048.0K(2048.0K)->0.0B(13312.0K) Survivors: 1024.0K->1024.0K Heap: 34978.6K(65536.0K)->34763.6K(65536.0K)]
 [Times: user=0.07 sys=0.00, real=0.02 secs] 
2026-06-17T09:48:49.243+0800: 11.444: [GC pause (G1 Evacuation Pause) (young), 0.0102538 secs]
   [Parallel Time: 4.5 ms, GC Workers: 18]
      [GC Worker Start (ms): Min: 11444.6, Avg: 11445.7, Max: 11448.4, Diff: 3.8]
      [Ext Root Scanning (ms): Min: 0.0, Avg: 0.0, Max: 0.2, Diff: 0.2, Sum: 0.3]
      [Update RS (ms): Min: 0.0, Avg: 0.0, Max: 0.1, Diff: 0.1, Sum: 0.2]
         [Processed Buffers: Min: 0, Avg: 0.3, Max: 2, Diff: 2, Sum: 5]
      [Scan RS (ms): Min: 0.0, Avg: 0.0, Max: 0.0, Diff: 0.0, Sum: 0.0]
      [Code Root Scanning (ms): Min: 0.0, Avg: 0.0, Max: 0.0, Diff: 0.0, Sum: 0.0]
      [Object Copy (ms): Min: 0.0, Avg: 0.0, Max: 0.2, Diff: 0.2, Sum: 0.5]
      [Termination (ms): Min: 0.0, Avg: 2.7, Max: 3.5, Diff: 3.5, Sum: 48.1]
         [Termination Attempts: Min: 1, Avg: 1.0, Max: 1, Diff: 0, Sum: 18]
      [GC Worker Other (ms): Min: 0.0, Avg: 0.0, Max: 0.0, Diff: 0.0, Sum: 0.1]
      [GC Worker Total (ms): Min: 0.0, Avg: 2.7, Max: 3.9, Diff: 3.9, Sum: 49.2]
      [GC Worker End (ms): Min: 11448.4, Avg: 11448.5, Max: 11448.6, Diff: 0.2]
   [Code Root Fixup: 0.0 ms]
   [Code Root Purge: 0.0 ms]
   [Clear CT: 0.6 ms]
   [Other: 5.2 ms]
      [Choose CSet: 0.0 ms]
      [Ref Proc: 4.4 ms]
      [Ref Enq: 0.0 ms]
      [Redirty Cards: 0.7 ms]
      [Humongous Register: 0.0 ms]
      [Humongous Reclaim: 0.0 ms]
      [Free CSet: 0.0 ms]
   [Eden: 13312.0K(13312.0K)->0.0B(10240.0K) Survivors: 1024.0K->2048.0K Heap: 48075.6K(65536.0K)->37865.6K(65536.0K)]
 [Times: user=0.11 sys=0.00, real=0.01 secs] 
2026-06-17T09:48:49.276+0800: 11.477: [GC pause (G1 Evacuation Pause) (young) (initial-mark), 0.0135981 secs]
   [Parallel Time: 8.5 ms, GC Workers: 18]
      [GC Worker Start (ms): Min: 11476.9, Avg: 11477.4, Max: 11477.8, Diff: 0.9]
      [Ext Root Scanning (ms): Min: 0.0, Avg: 1.7, Max: 6.8, Diff: 6.8, Sum: 30.1]
      [Update RS (ms): Min: 0.0, Avg: 0.0, Max: 0.0, Diff: 0.0, Sum: 0.0]
         [Processed Buffers: Min: 0, Avg: 0.2, Max: 3, Diff: 3, Sum: 3]
      [Scan RS (ms): Min: 0.0, Avg: 0.0, Max: 0.0, Diff: 0.0, Sum: 0.0]
      [Code Root Scanning (ms): Min: 0.0, Avg: 0.0, Max: 0.0, Diff: 0.0, Sum: 0.0]
      [Object Copy (ms): Min: 0.0, Avg: 0.0, Max: 0.3, Diff: 0.3, Sum: 0.8]
      [Termination (ms): Min: 0.0, Avg: 5.5, Max: 6.6, Diff: 6.6, Sum: 98.2]
         [Termination Attempts: Min: 1, Avg: 1.0, Max: 1, Diff: 0, Sum: 18]
      [GC Worker Other (ms): Min: 0.0, Avg: 0.0, Max: 0.0, Diff: 0.0, Sum: 0.1]
      [GC Worker Total (ms): Min: 6.8, Avg: 7.2, Max: 7.7, Diff: 0.9, Sum: 129.2]
      [GC Worker End (ms): Min: 11484.5, Avg: 11484.6, Max: 11484.7, Diff: 0.1]
   [Code Root Fixup: 0.0 ms]
   [Code Root Purge: 0.0 ms]
   [Clear CT: 1.5 ms]
   [Other: 3.6 ms]
      [Choose CSet: 0.0 ms]
      [Ref Proc: 2.4 ms]
      [Ref Enq: 0.0 ms]
      [Redirty Cards: 1.1 ms]
      [Humongous Register: 0.0 ms]
      [Humongous Reclaim: 0.0 ms]
      [Free CSet: 0.0 ms]
   [Eden: 10240.0K(10240.0K)->0.0B(6144.0K) Survivors: 2048.0K->2048.0K Heap: 48105.6K(65536.0K)->41575.6K(65536.0K)]
 [Times: user=0.12 sys=0.00, real=0.01 secs] 
2026-06-17T09:48:49.290+0800: 11.492: [GC concurrent-root-region-scan-start]
2026-06-17T09:48:49.291+0800: 11.492: [GC concurrent-root-region-scan-end, 0.0003072 secs]
2026-06-17T09:48:49.291+0800: 11.492: [GC concurrent-mark-start]
2026-06-17T09:48:49.291+0800: 11.492: [GC concurrent-mark-end, 0.0004475 secs]
2026-06-17T09:48:49.291+0800: 11.493: [GC remark 2026-06-17T09:48:49.292+0800: 11.493: [Finalize Marking, 0.0028597 secs] 2026-06-17T09:48:49.295+0800: 11.496: [GC ref-proc, 0.0005833 secs] 2026-06-17T09:48:49.296+0800: 11.497: [Unloading, 0.0022483 secs], 0.0082743 secs]
 [Times: user=0.02 sys=0.01, real=0.00 secs] 
2026-06-17T09:48:49.301+0800: 11.502: [GC cleanup 43216K->42192K(65536K), 0.0033313 secs]
 [Times: user=0.00 sys=0.00, real=0.01 secs] 
2026-06-17T09:48:49.305+0800: 11.507: [GC concurrent-cleanup-start]
2026-06-17T09:48:49.305+0800: 11.507: [GC concurrent-cleanup-end, 0.0000067 secs]
2026-06-17T09:48:49.316+0800: 11.517: [GC pause (G1 Evacuation Pause) (young), 0.0117259 secs]
   [Parallel Time: 2.5 ms, GC Workers: 18]
      [GC Worker Start (ms): Min: 11517.0, Avg: 11518.1, Max: 11518.9, Diff: 1.9]
      [Ext Root Scanning (ms): Min: 0.0, Avg: 0.0, Max: 0.1, Diff: 0.1, Sum: 0.2]
      [Update RS (ms): Min: 0.0, Avg: 0.0, Max: 0.0, Diff: 0.0, Sum: 0.0]
         [Processed Buffers: Min: 0, Avg: 0.2, Max: 2, Diff: 2, Sum: 3]
      [Scan RS (ms): Min: 0.0, Avg: 0.0, Max: 0.0, Diff: 0.0, Sum: 0.0]
      [Code Root Scanning (ms): Min: 0.0, Avg: 0.0, Max: 0.0, Diff: 0.0, Sum: 0.0]
      [Object Copy (ms): Min: 0.0, Avg: 0.0, Max: 0.2, Diff: 0.2, Sum: 0.4]
      [Termination (ms): Min: 0.0, Avg: 0.8, Max: 1.6, Diff: 1.6, Sum: 14.5]
         [Termination Attempts: Min: 1, Avg: 1.0, Max: 1, Diff: 0, Sum: 18]
      [GC Worker Other (ms): Min: 0.0, Avg: 0.0, Max: 0.0, Diff: 0.0, Sum: 0.1]
      [GC Worker Total (ms): Min: 0.0, Avg: 0.8, Max: 1.9, Diff: 1.9, Sum: 15.2]
      [GC Worker End (ms): Min: 11518.9, Avg: 11519.0, Max: 11519.1, Diff: 0.1]
   [Code Root Fixup: 0.0 ms]
   [Code Root Purge: 0.0 ms]
   [Clear CT: 1.5 ms]
   [Other: 7.7 ms]
      [Choose CSet: 0.0 ms]
      [Ref Proc: 6.6 ms]
      [Ref Enq: 0.0 ms]
      [Redirty Cards: 1.0 ms]
      [Humongous Register: 0.0 ms]
      [Humongous Reclaim: 0.0 ms]
      [Free CSet: 0.0 ms]
   [Eden: 6144.0K(6144.0K)->0.0B(2048.0K) Survivors: 2048.0K->1024.0K Heap: 46695.6K(65536.0K)->41505.6K(65536.0K)]
 [Times: user=0.10 sys=0.00, real=0.01 secs] 
2026-06-17T09:48:49.329+0800: 11.530: [GC pause (G1 Evacuation Pause) (mixed), 0.0062813 secs]
   [Parallel Time: 2.4 ms, GC Workers: 18]
      [GC Worker Start (ms): Min: 11530.2, Avg: 11531.1, Max: 11532.1, Diff: 1.9]
      [Ext Root Scanning (ms): Min: 0.0, Avg: 0.0, Max: 0.2, Diff: 0.2, Sum: 0.4]
      [Update RS (ms): Min: 0.0, Avg: 0.0, Max: 0.0, Diff: 0.0, Sum: 0.0]
         [Processed Buffers: Min: 0, Avg: 0.1, Max: 1, Diff: 1, Sum: 2]
      [Scan RS (ms): Min: 0.0, Avg: 0.0, Max: 0.0, Diff: 0.0, Sum: 0.0]
      [Code Root Scanning (ms): Min: 0.0, Avg: 0.0, Max: 0.0, Diff: 0.0, Sum: 0.0]
      [Object Copy (ms): Min: 0.0, Avg: 0.0, Max: 0.1, Diff: 0.1, Sum: 0.5]
      [Termination (ms): Min: 0.0, Avg: 1.0, Max: 1.6, Diff: 1.6, Sum: 18.0]
         [Termination Attempts: Min: 1, Avg: 1.0, Max: 1, Diff: 0, Sum: 18]
      [GC Worker Other (ms): Min: 0.0, Avg: 0.0, Max: 0.0, Diff: 0.0, Sum: 0.1]
      [GC Worker Total (ms): Min: 0.0, Avg: 1.1, Max: 2.0, Diff: 1.9, Sum: 19.1]
      [GC Worker End (ms): Min: 11532.1, Avg: 11532.1, Max: 11532.2, Diff: 0.1]
   [Code Root Fixup: 0.0 ms]
   [Code Root Purge: 0.0 ms]
   [Clear CT: 1.0 ms]
   [Other: 2.9 ms]
      [Choose CSet: 0.0 ms]
      [Ref Proc: 1.9 ms]
      [Ref Enq: 0.0 ms]
      [Redirty Cards: 0.9 ms]
      [Humongous Register: 0.0 ms]
      [Humongous Reclaim: 0.0 ms]
      [Free CSet: 0.0 ms]
   [Eden: 2048.0K(2048.0K)->0.0B(2048.0K) Survivors: 1024.0K->1024.0K Heap: 43553.6K(65536.0K)->36981.6K(65536.0K)]
 [Times: user=0.04 sys=0.00, real=0.01 secs] 
2026-06-17T09:48:49.347+0800: 11.548: [GC pause (G1 Evacuation Pause) (mixed), 0.0069278 secs]
   [Parallel Time: 3.5 ms, GC Workers: 18]
      [GC Worker Start (ms): Min: 11548.2, Avg: 11549.3, Max: 11550.9, Diff: 2.7]
      [Ext Root Scanning (ms): Min: 0.0, Avg: 0.0, Max: 0.3, Diff: 0.3, Sum: 0.5]
      [Update RS (ms): Min: 0.0, Avg: 0.0, Max: 0.0, Diff: 0.0, Sum: 0.1]
         [Processed Buffers: Min: 0, Avg: 0.3, Max: 2, Diff: 2, Sum: 5]
      [Scan RS (ms): Min: 0.0, Avg: 0.0, Max: 0.0, Diff: 0.0, Sum: 0.1]
      [Code Root Scanning (ms): Min: 0.0, Avg: 0.0, Max: 0.0, Diff: 0.0, Sum: 0.0]
      [Object Copy (ms): Min: 0.0, Avg: 0.0, Max: 0.2, Diff: 0.2, Sum: 0.7]
      [Termination (ms): Min: 0.0, Avg: 1.6, Max: 2.5, Diff: 2.5, Sum: 28.8]
         [Termination Attempts: Min: 1, Avg: 1.0, Max: 1, Diff: 0, Sum: 18]
      [GC Worker Other (ms): Min: 0.0, Avg: 0.0, Max: 0.0, Diff: 0.0, Sum: 0.1]
      [GC Worker Total (ms): Min: 0.0, Avg: 1.7, Max: 2.8, Diff: 2.8, Sum: 30.3]
      [GC Worker End (ms): Min: 11550.9, Avg: 11551.0, Max: 11551.1, Diff: 0.2]
   [Code Root Fixup: 0.0 ms]
   [Code Root Purge: 0.0 ms]
   [Clear CT: 0.8 ms]
   [Other: 2.7 ms]
      [Choose CSet: 0.0 ms]
      [Ref Proc: 1.8 ms]
      [Ref Enq: 0.0 ms]
      [Redirty Cards: 0.8 ms]
      [Humongous Register: 0.0 ms]
      [Humongous Reclaim: 0.0 ms]
      [Free CSet: 0.0 ms]
   [Eden: 2048.0K(2048.0K)->0.0B(10240.0K) Survivors: 1024.0K->1024.0K Heap: 39029.6K(65536.0K)->38137.6K(65536.0K)]
 [Times: user=0.04 sys=0.01, real=0.01 secs] 
2026-06-17T09:48:49.376+0800: 11.577: [GC pause (G1 Evacuation Pause) (young), 0.0066157 secs]
   [Parallel Time: 2.7 ms, GC Workers: 18]
      [GC Worker Start (ms): Min: 11577.3, Avg: 11578.5, Max: 11579.4, Diff: 2.1]
      [Ext Root Scanning (ms): Min: 0.0, Avg: 0.0, Max: 0.2, Diff: 0.2, Sum: 0.3]
      [Update RS (ms): Min: 0.0, Avg: 0.0, Max: 0.0, Diff: 0.0, Sum: 0.1]
         [Processed Buffers: Min: 0, Avg: 0.3, Max: 3, Diff: 3, Sum: 5]
      [Scan RS (ms): Min: 0.0, Avg: 0.0, Max: 0.0, Diff: 0.0, Sum: 0.0]
      [Code Root Scanning (ms): Min: 0.0, Avg: 0.0, Max: 0.0, Diff: 0.0, Sum: 0.0]
      [Object Copy (ms): Min: 0.0, Avg: 0.0, Max: 0.0, Diff: 0.0, Sum: 0.1]
      [Termination (ms): Min: 0.0, Avg: 0.9, Max: 2.0, Diff: 2.0, Sum: 16.6]
         [Termination Attempts: Min: 1, Avg: 1.0, Max: 1, Diff: 0, Sum: 18]
      [GC Worker Other (ms): Min: 0.0, Avg: 0.0, Max: 0.0, Diff: 0.0, Sum: 0.1]
      [GC Worker Total (ms): Min: 0.0, Avg: 1.0, Max: 2.2, Diff: 2.2, Sum: 17.2]
      [GC Worker End (ms): Min: 11579.4, Avg: 11579.5, Max: 11579.6, Diff: 0.2]
   [Code Root Fixup: 0.0 ms]
   [Code Root Purge: 0.0 ms]
   [Clear CT: 1.1 ms]
   [Other: 2.9 ms]
      [Choose CSet: 0.0 ms]
      [Ref Proc: 1.9 ms]
      [Ref Enq: 0.0 ms]
      [Redirty Cards: 0.9 ms]
      [Humongous Register: 0.0 ms]
      [Humongous Reclaim: 0.0 ms]
      [Free CSet: 0.0 ms]
   [Eden: 10240.0K(10240.0K)->0.0B(11264.0K) Survivors: 1024.0K->1024.0K Heap: 48377.6K(65536.0K)->37841.7K(65536.0K)]
 [Times: user=0.02 sys=0.01, real=0.01 secs] 
2026-06-17T09:48:49.415+0800: 11.616: [GC pause (G1 Evacuation Pause) (young) (initial-mark), 0.0241161 secs]
   [Parallel Time: 15.8 ms, GC Workers: 18]
      [GC Worker Start (ms): Min: 11616.3, Avg: 11616.9, Max: 11617.3, Diff: 0.9]
      [Ext Root Scanning (ms): Min: 0.0, Avg: 4.3, Max: 13.7, Diff: 13.6, Sum: 76.7]
      [Update RS (ms): Min: 0.0, Avg: 0.0, Max: 0.0, Diff: 0.0, Sum: 0.0]
         [Processed Buffers: Min: 0, Avg: 0.1, Max: 2, Diff: 2, Sum: 2]
      [Scan RS (ms): Min: 0.0, Avg: 0.0, Max: 0.0, Diff: 0.0, Sum: 0.0]
      [Code Root Scanning (ms): Min: 0.0, Avg: 0.0, Max: 0.0, Diff: 0.0, Sum: 0.0]
      [Object Copy (ms): Min: 0.0, Avg: 0.0, Max: 0.2, Diff: 0.2, Sum: 0.6]
      [Termination (ms): Min: 0.0, Avg: 9.8, Max: 13.5, Diff: 13.5, Sum: 176.1]
         [Termination Attempts: Min: 1, Avg: 1.0, Max: 1, Diff: 0, Sum: 18]
      [GC Worker Other (ms): Min: 0.0, Avg: 0.0, Max: 0.0, Diff: 0.0, Sum: 0.1]
      [GC Worker Total (ms): Min: 13.6, Avg: 14.1, Max: 14.6, Diff: 1.0, Sum: 253.5]
      [GC Worker End (ms): Min: 11630.8, Avg: 11630.9, Max: 11631.1, Diff: 0.3]
   [Code Root Fixup: 0.0 ms]
   [Code Root Purge: 0.0 ms]
   [Clear CT: 1.4 ms]
   [Other: 6.9 ms]
      [Choose CSet: 0.0 ms]
      [Ref Proc: 5.4 ms]
      [Ref Enq: 0.0 ms]
      [Redirty Cards: 1.4 ms]
      [Humongous Register: 0.0 ms]
      [Humongous Reclaim: 0.0 ms]
      [Free CSet: 0.0 ms]
   [Eden: 11264.0K(11264.0K)->0.0B(7168.0K) Survivors: 1024.0K->2048.0K Heap: 49105.7K(65536.0K)->41740.6K(65536.0K)]
 [Times: user=0.23 sys=0.00, real=0.02 secs] 
2026-06-17T09:48:49.440+0800: 11.642: [GC concurrent-root-region-scan-start]
2026-06-17T09:48:49.441+0800: 11.642: [GC concurrent-root-region-scan-end, 0.0003647 secs]
2026-06-17T09:48:49.441+0800: 11.642: [GC concurrent-mark-start]
2026-06-17T09:48:49.441+0800: 11.643: [GC concurrent-mark-end, 0.0006171 secs]
2026-06-17T09:48:49.442+0800: 11.643: [GC remark 2026-06-17T09:48:49.442+0800: 11.643: [Finalize Marking, 0.0063832 secs] 2026-06-17T09:48:49.449+0800: 11.650: [GC ref-proc, 0.0006436 secs] 2026-06-17T09:48:49.450+0800: 11.651: [Unloading, 0.0021855 secs], 0.0122454 secs]
 [Times: user=0.06 sys=0.00, real=0.02 secs] 
2026-06-17T09:48:49.455+0800: 11.656: [GC cleanup 48729K->44633K(65536K), 0.0031395 secs]
 [Times: user=0.00 sys=0.00, real=0.00 secs] 
2026-06-17T09:48:49.459+0800: 11.660: [GC concurrent-cleanup-start]
2026-06-17T09:48:49.459+0800: 11.660: [GC concurrent-cleanup-end, 0.0000099 secs]
2026-06-17T09:48:49.459+0800: 11.660: [GC pause (G1 Evacuation Pause) (young), 0.0134454 secs]
   [Parallel Time: 9.8 ms, GC Workers: 18]
      [GC Worker Start (ms): Min: 11660.4, Avg: 11662.7, Max: 11669.4, Diff: 9.0]
      [Ext Root Scanning (ms): Min: 0.0, Avg: 0.0, Max: 0.2, Diff: 0.2, Sum: 0.5]
      [Update RS (ms): Min: 0.0, Avg: 0.0, Max: 0.0, Diff: 0.0, Sum: 0.0]
         [Processed Buffers: Min: 0, Avg: 0.1, Max: 1, Diff: 1, Sum: 2]
      [Scan RS (ms): Min: 0.0, Avg: 0.0, Max: 0.0, Diff: 0.0, Sum: 0.0]
      [Code Root Scanning (ms): Min: 0.0, Avg: 0.0, Max: 0.0, Diff: 0.0, Sum: 0.0]
      [Object Copy (ms): Min: 0.0, Avg: 0.1, Max: 0.2, Diff: 0.2, Sum: 1.2]
      [Termination (ms): Min: 0.0, Avg: 6.7, Max: 8.8, Diff: 8.8, Sum: 120.9]
         [Termination Attempts: Min: 1, Avg: 1.2, Max: 2, Diff: 1, Sum: 21]
      [GC Worker Other (ms): Min: 0.0, Avg: 0.0, Max: 0.0, Diff: 0.0, Sum: 0.1]
      [GC Worker Total (ms): Min: 0.0, Avg: 6.8, Max: 9.1, Diff: 9.1, Sum: 122.7]
      [GC Worker End (ms): Min: 11669.5, Avg: 11669.5, Max: 11669.7, Diff: 0.2]
   [Code Root Fixup: 0.0 ms]
   [Code Root Purge: 0.0 ms]
   [Clear CT: 0.8 ms]
   [Other: 2.8 ms]
      [Choose CSet: 0.0 ms]
      [Ref Proc: 2.1 ms]
      [Ref Enq: 0.0 ms]
      [Redirty Cards: 0.7 ms]
      [Humongous Register: 0.0 ms]
      [Humongous Reclaim: 0.0 ms]
      [Free CSet: 0.0 ms]
   [Eden: 7168.0K(7168.0K)->0.0B(1024.0K) Survivors: 2048.0K->2048.0K Heap: 45714.6K(65536.0K)->43038.6K(65536.0K)]
 [Times: user=0.14 sys=0.00, real=0.02 secs] 
2026-06-17T09:48:49.474+0800: 11.675: [GC pause (G1 Evacuation Pause) (mixed), 0.0128836 secs]
   [Parallel Time: 3.8 ms, GC Workers: 18]
      [GC Worker Start (ms): Min: 11675.2, Avg: 11676.6, Max: 11678.5, Diff: 3.3]
      [Ext Root Scanning (ms): Min: 0.0, Avg: 0.0, Max: 0.2, Diff: 0.2, Sum: 0.2]
      [Update RS (ms): Min: 0.0, Avg: 0.0, Max: 0.0, Diff: 0.0, Sum: 0.0]
         [Processed Buffers: Min: 0, Avg: 0.2, Max: 2, Diff: 2, Sum: 4]
      [Scan RS (ms): Min: 0.0, Avg: 0.0, Max: 0.0, Diff: 0.0, Sum: 0.0]
      [Code Root Scanning (ms): Min: 0.0, Avg: 0.0, Max: 0.0, Diff: 0.0, Sum: 0.0]
      [Object Copy (ms): Min: 0.0, Avg: 0.0, Max: 0.2, Diff: 0.2, Sum: 0.7]
      [Termination (ms): Min: 0.0, Avg: 1.9, Max: 3.2, Diff: 3.2, Sum: 34.5]
         [Termination Attempts: Min: 1, Avg: 1.0, Max: 1, Diff: 0, Sum: 18]
      [GC Worker Other (ms): Min: 0.0, Avg: 0.0, Max: 0.0, Diff: 0.0, Sum: 0.1]
      [GC Worker Total (ms): Min: 0.0, Avg: 2.0, Max: 3.5, Diff: 3.5, Sum: 35.6]
      [GC Worker End (ms): Min: 11678.5, Avg: 11678.6, Max: 11678.8, Diff: 0.2]
   [Code Root Fixup: 0.0 ms]
   [Code Root Purge: 0.0 ms]
   [Clear CT: 1.1 ms]
   [Other: 8.0 ms]
      [Choose CSet: 0.0 ms]
      [Ref Proc: 7.0 ms]
      [Ref Enq: 0.0 ms]
      [Redirty Cards: 0.9 ms]
      [Humongous Register: 0.0 ms]
      [Humongous Reclaim: 0.0 ms]
      [Free CSet: 0.0 ms]
   [Eden: 1024.0K(1024.0K)->0.0B(2048.0K) Survivors: 2048.0K->1024.0K Heap: 44062.6K(65536.0K)->39332.1K(65536.0K)]
 [Times: user=0.13 sys=0.00, real=0.01 secs] 
2026-06-17T09:48:49.498+0800: 11.700: [GC pause (G1 Evacuation Pause) (mixed), 0.0128929 secs]
   [Parallel Time: 8.4 ms, GC Workers: 18]
      [GC Worker Start (ms): Min: 11699.8, Avg: 11701.4, Max: 11707.7, Diff: 7.9]
      [Ext Root Scanning (ms): Min: 0.0, Avg: 0.0, Max: 0.2, Diff: 0.2, Sum: 0.3]
      [Update RS (ms): Min: 0.0, Avg: 0.0, Max: 0.0, Diff: 0.0, Sum: 0.0]
         [Processed Buffers: Min: 0, Avg: 0.2, Max: 2, Diff: 2, Sum: 4]
      [Scan RS (ms): Min: 0.0, Avg: 0.0, Max: 0.0, Diff: 0.0, Sum: 0.0]
      [Code Root Scanning (ms): Min: 0.0, Avg: 0.0, Max: 0.0, Diff: 0.0, Sum: 0.0]
      [Object Copy (ms): Min: 0.0, Avg: 0.1, Max: 0.3, Diff: 0.3, Sum: 1.2]
      [Termination (ms): Min: 0.0, Avg: 6.3, Max: 7.5, Diff: 7.5, Sum: 112.6]
         [Termination Attempts: Min: 1, Avg: 1.0, Max: 1, Diff: 0, Sum: 18]
      [GC Worker Other (ms): Min: 0.0, Avg: 0.0, Max: 0.0, Diff: 0.0, Sum: 0.1]
      [GC Worker Total (ms): Min: 0.0, Avg: 6.3, Max: 7.9, Diff: 7.9, Sum: 114.3]
      [GC Worker End (ms): Min: 11707.7, Avg: 11707.8, Max: 11707.9, Diff: 0.2]
   [Code Root Fixup: 0.0 ms]
   [Code Root Purge: 0.0 ms]
   [Clear CT: 1.2 ms]
   [Other: 3.3 ms]
      [Choose CSet: 0.0 ms]
      [Ref Proc: 2.3 ms]
      [Ref Enq: 0.0 ms]
      [Redirty Cards: 0.9 ms]
      [Humongous Register: 0.0 ms]
      [Humongous Reclaim: 0.0 ms]
      [Free CSet: 0.0 ms]
   [Eden: 2048.0K(2048.0K)->0.0B(2048.0K) Survivors: 1024.0K->1024.0K Heap: 41380.1K(65536.0K)->38835.6K(65536.0K)]
 [Times: user=0.12 sys=0.01, real=0.02 secs] 
2026-06-17T09:48:49.523+0800: 11.724: [GC pause (G1 Evacuation Pause) (mixed), 0.0103148 secs]
   [Parallel Time: 7.3 ms, GC Workers: 18]
      [GC Worker Start (ms): Min: 11724.4, Avg: 11726.0, Max: 11731.0, Diff: 6.6]
      [Ext Root Scanning (ms): Min: 0.0, Avg: 0.0, Max: 0.2, Diff: 0.2, Sum: 0.3]
      [Update RS (ms): Min: 0.0, Avg: 0.0, Max: 0.0, Diff: 0.0, Sum: 0.1]
         [Processed Buffers: Min: 0, Avg: 0.3, Max: 3, Diff: 3, Sum: 5]
      [Scan RS (ms): Min: 0.0, Avg: 0.0, Max: 0.1, Diff: 0.1, Sum: 0.1]
      [Code Root Scanning (ms): Min: 0.0, Avg: 0.0, Max: 0.0, Diff: 0.0, Sum: 0.0]
      [Object Copy (ms): Min: 0.0, Avg: 0.0, Max: 0.1, Diff: 0.1, Sum: 0.2]
      [Termination (ms): Min: 0.0, Avg: 4.9, Max: 6.4, Diff: 6.4, Sum: 88.7]
         [Termination Attempts: Min: 1, Avg: 1.0, Max: 1, Diff: 0, Sum: 18]
      [GC Worker Other (ms): Min: 0.0, Avg: 0.0, Max: 0.0, Diff: 0.0, Sum: 0.1]
      [GC Worker Total (ms): Min: 0.0, Avg: 5.0, Max: 6.7, Diff: 6.7, Sum: 89.5]
      [GC Worker End (ms): Min: 11731.0, Avg: 11731.0, Max: 11731.1, Diff: 0.1]
   [Code Root Fixup: 0.0 ms]
   [Code Root Purge: 0.0 ms]
   [Clear CT: 0.6 ms]
   [Other: 2.4 ms]
      [Choose CSet: 0.0 ms]
      [Ref Proc: 1.6 ms]
      [Ref Enq: 0.0 ms]
      [Redirty Cards: 0.7 ms]
      [Humongous Register: 0.0 ms]
      [Humongous Reclaim: 0.0 ms]
      [Free CSet: 0.0 ms]
   [Eden: 2048.0K(2048.0K)->0.0B(10240.0K) Survivors: 1024.0K->1024.0K Heap: 40883.6K(65536.0K)->36843.3K(65536.0K)]
 [Times: user=0.10 sys=0.00, real=0.01 secs] 
2026-06-17T09:48:49.556+0800: 11.757: [GC pause (G1 Evacuation Pause) (young), 0.0117163 secs]
   [Parallel Time: 7.3 ms, GC Workers: 18]
      [GC Worker Start (ms): Min: 11757.0, Avg: 11758.2, Max: 11763.5, Diff: 6.5]
      [Ext Root Scanning (ms): Min: 0.0, Avg: 0.0, Max: 0.2, Diff: 0.2, Sum: 0.6]
      [Update RS (ms): Min: 0.0, Avg: 0.0, Max: 0.1, Diff: 0.1, Sum: 0.2]
         [Processed Buffers: Min: 0, Avg: 0.3, Max: 2, Diff: 2, Sum: 5]
      [Scan RS (ms): Min: 0.0, Avg: 0.0, Max: 0.0, Diff: 0.0, Sum: 0.0]
      [Code Root Scanning (ms): Min: 0.0, Avg: 0.0, Max: 0.0, Diff: 0.0, Sum: 0.0]
      [Object Copy (ms): Min: 0.0, Avg: 0.0, Max: 0.1, Diff: 0.1, Sum: 0.5]
      [Termination (ms): Min: 0.0, Avg: 5.4, Max: 6.3, Diff: 6.3, Sum: 96.4]
         [Termination Attempts: Min: 1, Avg: 1.0, Max: 1, Diff: 0, Sum: 18]
      [GC Worker Other (ms): Min: 0.0, Avg: 0.0, Max: 0.0, Diff: 0.0, Sum: 0.1]
      [GC Worker Total (ms): Min: 0.0, Avg: 5.4, Max: 6.6, Diff: 6.6, Sum: 97.7]
      [GC Worker End (ms): Min: 11763.6, Avg: 11763.6, Max: 11763.7, Diff: 0.2]
   [Code Root Fixup: 0.0 ms]
   [Code Root Purge: 0.0 ms]
   [Clear CT: 1.2 ms]
   [Other: 3.2 ms]
      [Choose CSet: 0.0 ms]
      [Ref Proc: 2.3 ms]
      [Ref Enq: 0.0 ms]
      [Redirty Cards: 0.8 ms]
      [Humongous Register: 0.0 ms]
      [Humongous Reclaim: 0.0 ms]
      [Free CSet: 0.0 ms]
   [Eden: 10240.0K(10240.0K)->0.0B(8192.0K) Survivors: 1024.0K->2048.0K Heap: 47083.3K(65536.0K)->40206.6K(65536.0K)]
 [Times: user=0.12 sys=0.01, real=0.01 secs] 
2026-06-17T09:48:49.590+0800: 11.791: [GC pause (G1 Evacuation Pause) (young) (initial-mark), 0.0115808 secs]
   [Parallel Time: 6.8 ms, GC Workers: 18]
      [GC Worker Start (ms): Min: 11790.9, Avg: 11791.3, Max: 11791.7, Diff: 0.7]
      [Ext Root Scanning (ms): Min: 0.0, Avg: 1.5, Max: 5.5, Diff: 5.4, Sum: 27.5]
      [Update RS (ms): Min: 0.0, Avg: 0.0, Max: 0.0, Diff: 0.0, Sum: 0.0]
         [Processed Buffers: Min: 0, Avg: 0.1, Max: 1, Diff: 1, Sum: 2]
      [Scan RS (ms): Min: 0.0, Avg: 0.0, Max: 0.0, Diff: 0.0, Sum: 0.0]
      [Code Root Scanning (ms): Min: 0.0, Avg: 0.0, Max: 0.0, Diff: 0.0, Sum: 0.0]
      [Object Copy (ms): Min: 0.0, Avg: 0.0, Max: 0.2, Diff: 0.2, Sum: 0.6]
      [Termination (ms): Min: 0.0, Avg: 4.2, Max: 5.2, Diff: 5.2, Sum: 75.4]
         [Termination Attempts: Min: 1, Avg: 1.1, Max: 2, Diff: 1, Sum: 19]
      [GC Worker Other (ms): Min: 0.0, Avg: 0.0, Max: 0.0, Diff: 0.0, Sum: 0.1]
      [GC Worker Total (ms): Min: 5.5, Avg: 5.8, Max: 6.1, Diff: 0.7, Sum: 103.7]
      [GC Worker End (ms): Min: 11797.0, Avg: 11797.1, Max: 11797.2, Diff: 0.2]
   [Code Root Fixup: 0.0 ms]
   [Code Root Purge: 0.0 ms]
   [Clear CT: 0.8 ms]
   [Other: 4.0 ms]
      [Choose CSet: 0.0 ms]
      [Ref Proc: 3.1 ms]
      [Ref Enq: 0.0 ms]
      [Redirty Cards: 0.9 ms]
      [Humongous Register: 0.0 ms]
      [Humongous Reclaim: 0.0 ms]
      [Free CSet: 0.0 ms]
   [Eden: 8192.0K(8192.0K)->0.0B(5120.0K) Survivors: 2048.0K->2048.0K Heap: 48398.6K(65536.0K)->43168.6K(65536.0K)]
 [Times: user=0.12 sys=0.00, real=0.01 secs] 
2026-06-17T09:48:49.602+0800: 11.804: [GC concurrent-root-region-scan-start]
2026-06-17T09:48:49.603+0800: 11.804: [GC concurrent-root-region-scan-end, 0.0003277 secs]
2026-06-17T09:48:49.603+0800: 11.804: [GC concurrent-mark-start]
2026-06-17T09:48:49.603+0800: 11.805: [GC concurrent-mark-end, 0.0006526 secs]
2026-06-17T09:48:49.603+0800: 11.805: [GC remark 2026-06-17T09:48:49.604+0800: 11.805: [Finalize Marking, 0.0029041 secs] 2026-06-17T09:48:49.607+0800: 11.809: [GC ref-proc, 0.0005965 secs] 2026-06-17T09:48:49.608+0800: 11.810: [Unloading, 0.0019022 secs], 0.0083479 secs]
 [Times: user=0.02 sys=0.00, real=0.01 secs] 
2026-06-17T09:48:49.613+0800: 11.814: [GC cleanup 46235K->46235K(65536K), 0.0033453 secs]
 [Times: user=0.00 sys=0.00, real=0.00 secs] 
2026-06-17T09:48:49.617+0800: 11.819: [GC pause (G1 Evacuation Pause) (young), 0.0090369 secs]
   [Parallel Time: 5.4 ms, GC Workers: 18]
      [GC Worker Start (ms): Min: 11818.8, Avg: 11819.9, Max: 11823.6, Diff: 4.8]
      [Ext Root Scanning (ms): Min: 0.0, Avg: 0.0, Max: 0.1, Diff: 0.1, Sum: 0.2]
      [Update RS (ms): Min: 0.0, Avg: 0.0, Max: 0.0, Diff: 0.0, Sum: 0.0]
         [Processed Buffers: Min: 0, Avg: 0.1, Max: 2, Diff: 2, Sum: 2]
      [Scan RS (ms): Min: 0.0, Avg: 0.0, Max: 0.0, Diff: 0.0, Sum: 0.0]
      [Code Root Scanning (ms): Min: 0.0, Avg: 0.0, Max: 0.0, Diff: 0.0, Sum: 0.0]
      [Object Copy (ms): Min: 0.0, Avg: 0.0, Max: 0.2, Diff: 0.2, Sum: 0.6]
      [Termination (ms): Min: 0.0, Avg: 3.7, Max: 4.7, Diff: 4.7, Sum: 67.0]
         [Termination Attempts: Min: 1, Avg: 1.0, Max: 1, Diff: 0, Sum: 18]
      [GC Worker Other (ms): Min: 0.0, Avg: 0.0, Max: 0.0, Diff: 0.0, Sum: 0.1]
      [GC Worker Total (ms): Min: 0.0, Avg: 3.8, Max: 4.8, Diff: 4.8, Sum: 67.9]
      [GC Worker End (ms): Min: 11823.6, Avg: 11823.7, Max: 11823.8, Diff: 0.2]
   [Code Root Fixup: 0.0 ms]
   [Code Root Purge: 0.0 ms]
   [Clear CT: 1.0 ms]
   [Other: 2.6 ms]
      [Choose CSet: 0.0 ms]
      [Ref Proc: 1.8 ms]
      [Ref Enq: 0.0 ms]
      [Redirty Cards: 0.7 ms]
      [Humongous Register: 0.0 ms]
      [Humongous Reclaim: 0.0 ms]
      [Free CSet: 0.0 ms]
   [Eden: 5120.0K(5120.0K)->0.0B(2048.0K) Survivors: 2048.0K->1024.0K Heap: 48288.6K(65536.0K)->45652.6K(65536.0K)]
 [Times: user=0.07 sys=0.01, real=0.01 secs] 
2026-06-17T09:48:49.638+0800: 11.839: [GC pause (G1 Evacuation Pause) (mixed), 0.0100517 secs]
   [Parallel Time: 6.0 ms, GC Workers: 18]
      [GC Worker Start (ms): Min: 11839.3, Avg: 11840.3, Max: 11844.7, Diff: 5.4]
      [Ext Root Scanning (ms): Min: 0.0, Avg: 0.0, Max: 0.2, Diff: 0.2, Sum: 0.4]
      [Update RS (ms): Min: 0.0, Avg: 0.0, Max: 0.0, Diff: 0.0, Sum: 0.0]
         [Processed Buffers: Min: 0, Avg: 0.1, Max: 1, Diff: 1, Sum: 2]
      [Scan RS (ms): Min: 0.0, Avg: 0.0, Max: 0.0, Diff: 0.0, Sum: 0.0]
      [Code Root Scanning (ms): Min: 0.0, Avg: 0.0, Max: 0.0, Diff: 0.0, Sum: 0.0]
      [Object Copy (ms): Min: 0.0, Avg: 0.0, Max: 0.2, Diff: 0.2, Sum: 0.6]
      [Termination (ms): Min: 0.0, Avg: 4.4, Max: 5.2, Diff: 5.2, Sum: 79.3]
         [Termination Attempts: Min: 1, Avg: 1.0, Max: 1, Diff: 0, Sum: 18]
      [GC Worker Other (ms): Min: 0.0, Avg: 0.0, Max: 0.0, Diff: 0.0, Sum: 0.1]
      [GC Worker Total (ms): Min: 0.0, Avg: 4.5, Max: 5.5, Diff: 5.5, Sum: 80.3]
      [GC Worker End (ms): Min: 11844.7, Avg: 11844.8, Max: 11844.9, Diff: 0.2]
   [Code Root Fixup: 0.0 ms]
   [Code Root Purge: 0.0 ms]
   [Clear CT: 0.9 ms]
   [Other: 3.1 ms]
      [Choose CSet: 0.0 ms]
      [Ref Proc: 2.0 ms]
      [Ref Enq: 0.0 ms]
      [Redirty Cards: 1.1 ms]
      [Humongous Register: 0.0 ms]
      [Humongous Reclaim: 0.0 ms]
      [Free CSet: 0.0 ms]
   [Eden: 2048.0K(2048.0K)->0.0B(2048.0K) Survivors: 1024.0K->1024.0K Heap: 47700.6K(65536.0K)->41339.6K(65536.0K)]
 [Times: user=0.10 sys=0.01, real=0.01 secs] 
2026-06-17T09:48:49.649+0800: 11.851: [GC pause (G1 Evacuation Pause) (mixed), 0.0060027 secs]
   [Parallel Time: 2.0 ms, GC Workers: 18]
      [GC Worker Start (ms): Min: 11850.6, Avg: 11851.4, Max: 11852.0, Diff: 1.4]
      [Ext Root Scanning (ms): Min: 0.0, Avg: 0.0, Max: 0.2, Diff: 0.2, Sum: 0.4]
      [Update RS (ms): Min: 0.0, Avg: 0.0, Max: 0.0, Diff: 0.0, Sum: 0.0]
         [Processed Buffers: Min: 0, Avg: 0.2, Max: 1, Diff: 1, Sum: 3]
      [Scan RS (ms): Min: 0.0, Avg: 0.0, Max: 0.0, Diff: 0.0, Sum: 0.0]
      [Code Root Scanning (ms): Min: 0.0, Avg: 0.0, Max: 0.0, Diff: 0.0, Sum: 0.0]
      [Object Copy (ms): Min: 0.0, Avg: 0.0, Max: 0.2, Diff: 0.2, Sum: 0.7]
      [Termination (ms): Min: 0.0, Avg: 0.6, Max: 1.1, Diff: 1.1, Sum: 11.6]
         [Termination Attempts: Min: 1, Avg: 1.0, Max: 1, Diff: 0, Sum: 18]
      [GC Worker Other (ms): Min: 0.0, Avg: 0.0, Max: 0.0, Diff: 0.0, Sum: 0.1]
      [GC Worker Total (ms): Min: 0.0, Avg: 0.7, Max: 1.5, Diff: 1.5, Sum: 12.9]
      [GC Worker End (ms): Min: 11852.0, Avg: 11852.1, Max: 11852.2, Diff: 0.2]
   [Code Root Fixup: 0.0 ms]
   [Code Root Purge: 0.0 ms]
   [Clear CT: 1.3 ms]
   [Other: 2.7 ms]
      [Choose CSet: 0.0 ms]
      [Ref Proc: 1.8 ms]
      [Ref Enq: 0.0 ms]
      [Redirty Cards: 0.8 ms]
      [Humongous Register: 0.0 ms]
      [Humongous Reclaim: 0.0 ms]
      [Free CSet: 0.0 ms]
   [Eden: 2048.0K(2048.0K)->0.0B(2048.0K) Survivors: 1024.0K->1024.0K Heap: 43387.6K(65536.0K)->38032.7K(65536.0K)]
 [Times: user=0.02 sys=0.00, real=0.01 secs] 
2026-06-17T09:48:49.667+0800: 11.868: [GC pause (G1 Evacuation Pause) (mixed), 0.0085746 secs]
   [Parallel Time: 2.7 ms, GC Workers: 18]
      [GC Worker Start (ms): Min: 11868.1, Avg: 11869.2, Max: 11870.3, Diff: 2.2]
      [Ext Root Scanning (ms): Min: 0.0, Avg: 0.0, Max: 0.2, Diff: 0.1, Sum: 0.2]
      [Update RS (ms): Min: 0.0, Avg: 0.0, Max: 0.0, Diff: 0.0, Sum: 0.0]
         [Processed Buffers: Min: 0, Avg: 0.3, Max: 3, Diff: 3, Sum: 6]
      [Scan RS (ms): Min: 0.0, Avg: 0.0, Max: 0.0, Diff: 0.0, Sum: 0.1]
      [Code Root Scanning (ms): Min: 0.0, Avg: 0.0, Max: 0.0, Diff: 0.0, Sum: 0.0]
      [Object Copy (ms): Min: 0.0, Avg: 0.0, Max: 0.2, Diff: 0.2, Sum: 0.5]
      [Termination (ms): Min: 0.0, Avg: 1.1, Max: 2.0, Diff: 2.0, Sum: 20.0]
         [Termination Attempts: Min: 1, Avg: 1.0, Max: 1, Diff: 0, Sum: 18]
      [GC Worker Other (ms): Min: 0.0, Avg: 0.0, Max: 0.0, Diff: 0.0, Sum: 0.1]
      [GC Worker Total (ms): Min: 0.0, Avg: 1.2, Max: 2.4, Diff: 2.4, Sum: 20.9]
      [GC Worker End (ms): Min: 11870.3, Avg: 11870.3, Max: 11870.5, Diff: 0.2]
   [Code Root Fixup: 0.0 ms]
   [Code Root Purge: 0.0 ms]
   [Clear CT: 0.7 ms]
   [Other: 5.1 ms]
      [Choose CSet: 0.0 ms]
      [Ref Proc: 4.4 ms]
      [Ref Enq: 0.0 ms]
      [Redirty Cards: 0.6 ms]
      [Humongous Register: 0.0 ms]
      [Humongous Reclaim: 0.0 ms]
      [Free CSet: 0.0 ms]
   [Eden: 2048.0K(2048.0K)->0.0B(10240.0K) Survivors: 1024.0K->1024.0K Heap: 40080.7K(65536.0K)->38044.6K(65536.0K)]
 [Times: user=0.07 sys=0.01, real=0.01 secs] 
2026-06-17T09:48:49.697+0800: 11.898: [GC pause (G1 Evacuation Pause) (young), 0.0121323 secs]
   [Parallel Time: 7.6 ms, GC Workers: 18]
      [GC Worker Start (ms): Min: 11898.4, Avg: 11899.8, Max: 11905.4, Diff: 7.1]
      [Ext Root Scanning (ms): Min: 0.0, Avg: 0.0, Max: 0.2, Diff: 0.2, Sum: 0.3]
      [Update RS (ms): Min: 0.0, Avg: 0.0, Max: 0.1, Diff: 0.1, Sum: 0.2]
         [Processed Buffers: Min: 0, Avg: 0.2, Max: 2, Diff: 2, Sum: 4]
      [Scan RS (ms): Min: 0.0, Avg: 0.0, Max: 0.0, Diff: 0.0, Sum: 0.0]
      [Code Root Scanning (ms): Min: 0.0, Avg: 0.0, Max: 0.0, Diff: 0.0, Sum: 0.0]
      [Object Copy (ms): Min: 0.0, Avg: 0.0, Max: 0.2, Diff: 0.2, Sum: 0.5]
      [Termination (ms): Min: 0.0, Avg: 5.6, Max: 6.9, Diff: 6.9, Sum: 101.6]
         [Termination Attempts: Min: 1, Avg: 1.0, Max: 1, Diff: 0, Sum: 18]
      [GC Worker Other (ms): Min: 0.0, Avg: 0.0, Max: 0.0, Diff: 0.0, Sum: 0.1]
      [GC Worker Total (ms): Min: 0.0, Avg: 5.7, Max: 7.2, Diff: 7.2, Sum: 102.6]
      [GC Worker End (ms): Min: 11905.4, Avg: 11905.5, Max: 11905.7, Diff: 0.2]
   [Code Root Fixup: 0.0 ms]
   [Code Root Purge: 0.0 ms]
   [Clear CT: 0.9 ms]
   [Other: 3.6 ms]
      [Choose CSet: 0.0 ms]
      [Ref Proc: 2.7 ms]
      [Ref Enq: 0.0 ms]
      [Redirty Cards: 0.9 ms]
      [Humongous Register: 0.0 ms]
      [Humongous Reclaim: 0.0 ms]
      [Free CSet: 0.0 ms]
   [Eden: 10240.0K(10240.0K)->0.0B(7168.0K) Survivors: 1024.0K->2048.0K Heap: 48284.6K(65536.0K)->41058.6K(65536.0K)]
 [Times: user=0.13 sys=0.00, real=0.01 secs] 
2026-06-17T09:48:49.731+0800: 11.933: [GC pause (G1 Evacuation Pause) (young) (initial-mark), 0.0123157 secs]
   [Parallel Time: 8.5 ms, GC Workers: 18]
      [GC Worker Start (ms): Min: 11932.7, Avg: 11933.1, Max: 11933.4, Diff: 0.7]
      [Ext Root Scanning (ms): Min: 0.0, Avg: 1.5, Max: 7.1, Diff: 7.1, Sum: 26.8]
      [Update RS (ms): Min: 0.0, Avg: 0.0, Max: 0.0, Diff: 0.0, Sum: 0.0]
         [Processed Buffers: Min: 0, Avg: 0.1, Max: 2, Diff: 2, Sum: 2]
      [Scan RS (ms): Min: 0.0, Avg: 0.0, Max: 0.0, Diff: 0.0, Sum: 0.0]
      [Code Root Scanning (ms): Min: 0.0, Avg: 0.0, Max: 0.0, Diff: 0.0, Sum: 0.0]
      [Object Copy (ms): Min: 0.0, Avg: 0.0, Max: 0.2, Diff: 0.2, Sum: 0.5]
      [Termination (ms): Min: 0.0, Avg: 5.9, Max: 6.9, Diff: 6.9, Sum: 105.6]
         [Termination Attempts: Min: 1, Avg: 1.0, Max: 1, Diff: 0, Sum: 18]
      [GC Worker Other (ms): Min: 0.0, Avg: 0.0, Max: 0.0, Diff: 0.0, Sum: 0.1]
      [GC Worker Total (ms): Min: 7.1, Avg: 7.4, Max: 7.8, Diff: 0.7, Sum: 133.0]
      [GC Worker End (ms): Min: 11940.5, Avg: 11940.5, Max: 11940.7, Diff: 0.2]
   [Code Root Fixup: 0.0 ms]
   [Code Root Purge: 0.0 ms]
   [Clear CT: 1.3 ms]
   [Other: 2.5 ms]
      [Choose CSet: 0.0 ms]
      [Ref Proc: 1.7 ms]
      [Ref Enq: 0.0 ms]
      [Redirty Cards: 0.8 ms]
      [Humongous Register: 0.0 ms]
      [Humongous Reclaim: 0.0 ms]
      [Free CSet: 0.0 ms]
   [Eden: 7168.0K(7168.0K)->0.0B(5120.0K) Survivors: 2048.0K->2048.0K Heap: 48226.6K(65536.0K)->43228.6K(65536.0K)]
 [Times: user=0.12 sys=0.00, real=0.01 secs] 
2026-06-17T09:48:49.745+0800: 11.946: [GC concurrent-root-region-scan-start]
2026-06-17T09:48:49.745+0800: 11.946: [GC concurrent-root-region-scan-end, 0.0003501 secs]
2026-06-17T09:48:49.745+0800: 11.946: [GC concurrent-mark-start]
2026-06-17T09:48:49.746+0800: 11.947: [GC concurrent-mark-end, 0.0004483 secs]
2026-06-17T09:48:49.746+0800: 11.947: [GC remark 2026-06-17T09:48:49.746+0800: 11.948: [Finalize Marking, 0.0023187 secs] 2026-06-17T09:48:49.749+0800: 11.950: [GC ref-proc, 0.0005208 secs] 2026-06-17T09:48:49.750+0800: 11.951: [Unloading, 0.0018462 secs], 0.0078283 secs]
 [Times: user=0.01 sys=0.00, real=0.01 secs] 
2026-06-17T09:48:49.755+0800: 11.956: [GC cleanup 45925K->41829K(65536K), 0.0032788 secs]
 [Times: user=0.00 sys=0.00, real=0.00 secs] 
2026-06-17T09:48:49.759+0800: 11.960: [GC concurrent-cleanup-start]
2026-06-17T09:48:49.759+0800: 11.960: [GC concurrent-cleanup-end, 0.0000084 secs]
2026-06-17T09:48:49.759+0800: 11.960: [GC pause (G1 Evacuation Pause) (young), 0.0080677 secs]
   [Parallel Time: 2.0 ms, GC Workers: 18]
      [GC Worker Start (ms): Min: 11960.5, Avg: 11961.2, Max: 11962.1, Diff: 1.6]
      [Ext Root Scanning (ms): Min: 0.0, Avg: 0.0, Max: 0.1, Diff: 0.1, Sum: 0.4]
      [Update RS (ms): Min: 0.0, Avg: 0.0, Max: 0.0, Diff: 0.0, Sum: 0.0]
         [Processed Buffers: Min: 0, Avg: 0.2, Max: 1, Diff: 1, Sum: 3]
      [Scan RS (ms): Min: 0.0, Avg: 0.0, Max: 0.0, Diff: 0.0, Sum: 0.0]
      [Code Root Scanning (ms): Min: 0.0, Avg: 0.0, Max: 0.0, Diff: 0.0, Sum: 0.0]
      [Object Copy (ms): Min: 0.0, Avg: 0.0, Max: 0.2, Diff: 0.2, Sum: 0.8]
      [Termination (ms): Min: 0.0, Avg: 0.9, Max: 1.4, Diff: 1.4, Sum: 16.3]
         [Termination Attempts: Min: 1, Avg: 1.0, Max: 1, Diff: 0, Sum: 18]
      [GC Worker Other (ms): Min: 0.0, Avg: 0.0, Max: 0.0, Diff: 0.0, Sum: 0.1]
      [GC Worker Total (ms): Min: 0.0, Avg: 1.0, Max: 1.7, Diff: 1.7, Sum: 17.6]
      [GC Worker End (ms): Min: 11962.1, Avg: 11962.2, Max: 11962.2, Diff: 0.1]
   [Code Root Fixup: 0.0 ms]
   [Code Root Purge: 0.0 ms]
   [Clear CT: 0.6 ms]
   [Other: 5.4 ms]
      [Choose CSet: 0.0 ms]
      [Ref Proc: 4.8 ms]
      [Ref Enq: 0.0 ms]
      [Redirty Cards: 0.6 ms]
      [Humongous Register: 0.0 ms]
      [Humongous Reclaim: 0.0 ms]
      [Free CSet: 0.0 ms]
   [Eden: 5120.0K(5120.0K)->0.0B(2048.0K) Survivors: 2048.0K->1024.0K Heap: 44252.6K(65536.0K)->41027.6K(65536.0K)]
 [Times: user=0.08 sys=0.01, real=0.01 secs] 
2026-06-17T09:48:49.769+0800: 11.970: [GC pause (G1 Evacuation Pause) (mixed), 0.0057919 secs]
   [Parallel Time: 2.3 ms, GC Workers: 18]
      [GC Worker Start (ms): Min: 11970.0, Avg: 11970.8, Max: 11971.4, Diff: 1.4]
      [Ext Root Scanning (ms): Min: 0.0, Avg: 0.0, Max: 0.1, Diff: 0.1, Sum: 0.2]
      [Update RS (ms): Min: 0.0, Avg: 0.0, Max: 0.2, Diff: 0.2, Sum: 0.2]
         [Processed Buffers: Min: 0, Avg: 0.2, Max: 2, Diff: 2, Sum: 3]
      [Scan RS (ms): Min: 0.0, Avg: 0.0, Max: 0.0, Diff: 0.0, Sum: 0.0]
      [Code Root Scanning (ms): Min: 0.0, Avg: 0.0, Max: 0.0, Diff: 0.0, Sum: 0.0]
      [Object Copy (ms): Min: 0.0, Avg: 0.0, Max: 0.2, Diff: 0.2, Sum: 0.5]
      [Termination (ms): Min: 0.0, Avg: 0.6, Max: 1.1, Diff: 1.1, Sum: 11.7]
         [Termination Attempts: Min: 1, Avg: 1.0, Max: 1, Diff: 0, Sum: 18]
      [GC Worker Other (ms): Min: 0.0, Avg: 0.0, Max: 0.0, Diff: 0.0, Sum: 0.1]
      [GC Worker Total (ms): Min: 0.0, Avg: 0.7, Max: 1.4, Diff: 1.4, Sum: 12.7]
      [GC Worker End (ms): Min: 11971.4, Avg: 11971.5, Max: 11971.6, Diff: 0.2]
   [Code Root Fixup: 0.0 ms]
   [Code Root Purge: 0.0 ms]
   [Clear CT: 0.8 ms]
   [Other: 2.7 ms]
      [Choose CSet: 0.0 ms]
      [Ref Proc: 1.8 ms]
      [Ref Enq: 0.0 ms]
      [Redirty Cards: 0.9 ms]
      [Humongous Register: 0.0 ms]
      [Humongous Reclaim: 0.0 ms]
      [Free CSet: 0.0 ms]
   [Eden: 2048.0K(2048.0K)->0.0B(2048.0K) Survivors: 1024.0K->1024.0K Heap: 43075.6K(65536.0K)->36527.7K(65536.0K)]
 [Times: user=0.03 sys=0.00, real=0.01 secs] 
2026-06-17T09:48:49.786+0800: 11.987: [GC pause (G1 Evacuation Pause) (mixed), 0.0076454 secs]
   [Parallel Time: 2.4 ms, GC Workers: 18]
      [GC Worker Start (ms): Min: 11987.3, Avg: 11988.0, Max: 11988.8, Diff: 1.5]
      [Ext Root Scanning (ms): Min: 0.0, Avg: 0.0, Max: 0.2, Diff: 0.2, Sum: 0.4]
      [Update RS (ms): Min: 0.0, Avg: 0.0, Max: 0.0, Diff: 0.0, Sum: 0.0]
         [Processed Buffers: Min: 0, Avg: 0.2, Max: 1, Diff: 1, Sum: 4]
      [Scan RS (ms): Min: 0.0, Avg: 0.0, Max: 0.0, Diff: 0.0, Sum: 0.0]
      [Code Root Scanning (ms): Min: 0.0, Avg: 0.0, Max: 0.0, Diff: 0.0, Sum: 0.0]
      [Object Copy (ms): Min: 0.0, Avg: 0.0, Max: 0.2, Diff: 0.2, Sum: 0.8]
      [Termination (ms): Min: 0.0, Avg: 0.8, Max: 1.3, Diff: 1.3, Sum: 13.9]
         [Termination Attempts: Min: 1, Avg: 1.0, Max: 1, Diff: 0, Sum: 18]
      [GC Worker Other (ms): Min: 0.0, Avg: 0.0, Max: 0.0, Diff: 0.0, Sum: 0.1]
      [GC Worker Total (ms): Min: 0.0, Avg: 0.8, Max: 1.6, Diff: 1.6, Sum: 15.3]
      [GC Worker End (ms): Min: 11988.8, Avg: 11988.9, Max: 11989.0, Diff: 0.2]
   [Code Root Fixup: 0.0 ms]
   [Code Root Purge: 0.0 ms]
   [Clear CT: 1.3 ms]
   [Other: 3.9 ms]
      [Choose CSet: 0.0 ms]
      [Ref Proc: 2.7 ms]
      [Ref Enq: 0.0 ms]
      [Redirty Cards: 1.1 ms]
      [Humongous Register: 0.0 ms]
      [Humongous Reclaim: 0.0 ms]
      [Free CSet: 0.0 ms]
   [Eden: 2048.0K(2048.0K)->0.0B(2048.0K) Survivors: 1024.0K->1024.0K Heap: 38575.7K(65536.0K)->34906.6K(65536.0K)]
 [Times: user=0.03 sys=0.00, real=0.01 secs] 
2026-06-17T09:48:49.794+0800: 11.996: [GC pause (G1 Evacuation Pause) (mixed), 0.0090813 secs]
   [Parallel Time: 5.2 ms, GC Workers: 18]
      [GC Worker Start (ms): Min: 11995.8, Avg: 11996.7, Max: 12000.0, Diff: 4.3]
      [Ext Root Scanning (ms): Min: 0.0, Avg: 0.0, Max: 0.2, Diff: 0.2, Sum: 0.5]
      [Update RS (ms): Min: 0.0, Avg: 0.0, Max: 0.0, Diff: 0.0, Sum: 0.0]
         [Processed Buffers: Min: 0, Avg: 0.3, Max: 2, Diff: 2, Sum: 5]
      [Scan RS (ms): Min: 0.0, Avg: 0.0, Max: 0.0, Diff: 0.0, Sum: 0.1]
      [Code Root Scanning (ms): Min: 0.0, Avg: 0.0, Max: 0.0, Diff: 0.0, Sum: 0.0]
      [Object Copy (ms): Min: 0.0, Avg: 0.1, Max: 0.2, Diff: 0.2, Sum: 1.0]
      [Termination (ms): Min: 0.0, Avg: 3.3, Max: 4.0, Diff: 4.0, Sum: 59.6]
         [Termination Attempts: Min: 1, Avg: 1.0, Max: 1, Diff: 0, Sum: 18]
      [GC Worker Other (ms): Min: 0.0, Avg: 0.0, Max: 0.0, Diff: 0.0, Sum: 0.1]
      [GC Worker Total (ms): Min: 0.0, Avg: 3.4, Max: 4.4, Diff: 4.4, Sum: 61.4]
      [GC Worker End (ms): Min: 12000.1, Avg: 12000.1, Max: 12000.2, Diff: 0.2]
   [Code Root Fixup: 0.0 ms]
   [Code Root Purge: 0.0 ms]
   [Clear CT: 1.1 ms]
   [Other: 2.8 ms]
      [Choose CSet: 0.0 ms]
      [Ref Proc: 1.9 ms]
      [Ref Enq: 0.0 ms]
      [Redirty Cards: 0.8 ms]
      [Humongous Register: 0.0 ms]
      [Humongous Reclaim: 0.0 ms]
      [Free CSet: 0.0 ms]
   [Eden: 2048.0K(2048.0K)->0.0B(12288.0K) Survivors: 1024.0K->1024.0K Heap: 36954.6K(65536.0K)->35091.6K(65536.0K)]
 [Times: user=0.07 sys=0.01, real=0.01 secs] 
2026-06-17T09:48:49.815+0800: 12.016: [GC pause (G1 Humongous Allocation) (young) (initial-mark), 0.0113439 secs]
   [Parallel Time: 3.7 ms, GC Workers: 18]
      [GC Worker Start (ms): Min: 12016.3, Avg: 12016.7, Max: 12017.0, Diff: 0.7]
      [Ext Root Scanning (ms): Min: 0.0, Avg: 1.2, Max: 2.2, Diff: 2.2, Sum: 22.3]
      [Update RS (ms): Min: 0.0, Avg: 0.0, Max: 0.1, Diff: 0.1, Sum: 0.2]
         [Processed Buffers: Min: 0, Avg: 0.3, Max: 2, Diff: 2, Sum: 5]
      [Scan RS (ms): Min: 0.0, Avg: 0.0, Max: 0.0, Diff: 0.0, Sum: 0.0]
      [Code Root Scanning (ms): Min: 0.0, Avg: 0.0, Max: 0.0, Diff: 0.0, Sum: 0.0]
      [Object Copy (ms): Min: 0.0, Avg: 0.0, Max: 0.1, Diff: 0.1, Sum: 0.3]
      [Termination (ms): Min: 0.0, Avg: 1.3, Max: 2.2, Diff: 2.2, Sum: 22.9]
         [Termination Attempts: Min: 1, Avg: 1.0, Max: 1, Diff: 0, Sum: 18]
      [GC Worker Other (ms): Min: 0.0, Avg: 0.0, Max: 0.0, Diff: 0.0, Sum: 0.1]
      [GC Worker Total (ms): Min: 2.2, Avg: 2.5, Max: 3.0, Diff: 0.8, Sum: 45.8]
      [GC Worker End (ms): Min: 12019.2, Avg: 12019.3, Max: 12019.4, Diff: 0.2]
   [Code Root Fixup: 0.0 ms]
   [Code Root Purge: 0.0 ms]
   [Clear CT: 1.6 ms]
   [Other: 6.0 ms]
      [Choose CSet: 0.0 ms]
      [Ref Proc: 5.1 ms]
      [Ref Enq: 0.0 ms]
      [Redirty Cards: 0.9 ms]
      [Humongous Register: 0.0 ms]
      [Humongous Reclaim: 0.0 ms]
      [Free CSet: 0.0 ms]
   [Eden: 5120.0K(12288.0K)->0.0B(10240.0K) Survivors: 1024.0K->2048.0K Heap: 39883.9K(65536.0K)->36195.1K(65536.0K)]
 [Times: user=0.09 sys=0.00, real=0.01 secs] 
2026-06-17T09:48:49.828+0800: 12.029: [GC concurrent-root-region-scan-start]
2026-06-17T09:48:49.828+0800: 12.029: [GC concurrent-root-region-scan-end, 0.0002191 secs]
2026-06-17T09:48:49.828+0800: 12.029: [GC concurrent-mark-start]
2026-06-17T09:48:49.829+0800: 12.030: [GC concurrent-mark-end, 0.0006719 secs]
2026-06-17T09:48:49.829+0800: 12.030: [GC remark 2026-06-17T09:48:49.829+0800: 12.030: [Finalize Marking, 0.0022842 secs] 2026-06-17T09:48:49.832+0800: 12.033: [GC ref-proc, 0.0006560 secs] 2026-06-17T09:48:49.833+0800: 12.034: [Unloading, 0.0021676 secs], 0.0080049 secs]
 [Times: user=0.01 sys=0.01, real=0.01 secs] 
2026-06-17T09:48:49.838+0800: 12.039: [GC cleanup 38628K->37604K(65536K), 0.0032383 secs]
 [Times: user=0.00 sys=0.00, real=0.00 secs] 
2026-06-17T09:48:49.842+0800: 12.044: [GC concurrent-cleanup-start]
2026-06-17T09:48:49.842+0800: 12.044: [GC concurrent-cleanup-end, 0.0000083 secs]
2026-06-17T09:48:49.863+0800: 12.065: [GC pause (G1 Evacuation Pause) (young), 0.0143557 secs]
   [Parallel Time: 9.5 ms, GC Workers: 18]
      [GC Worker Start (ms): Min: 12064.7, Avg: 12066.2, Max: 12073.3, Diff: 8.7]
      [Ext Root Scanning (ms): Min: 0.0, Avg: 0.0, Max: 0.1, Diff: 0.1, Sum: 0.2]
      [Update RS (ms): Min: 0.0, Avg: 0.0, Max: 0.0, Diff: 0.0, Sum: 0.0]
         [Processed Buffers: Min: 0, Avg: 0.2, Max: 2, Diff: 2, Sum: 3]
      [Scan RS (ms): Min: 0.0, Avg: 0.0, Max: 0.0, Diff: 0.0, Sum: 0.0]
      [Code Root Scanning (ms): Min: 0.0, Avg: 0.0, Max: 0.0, Diff: 0.0, Sum: 0.0]
      [Object Copy (ms): Min: 0.0, Avg: 0.0, Max: 0.1, Diff: 0.1, Sum: 0.3]
      [Termination (ms): Min: 0.0, Avg: 7.2, Max: 8.5, Diff: 8.5, Sum: 129.8]
         [Termination Attempts: Min: 1, Avg: 1.0, Max: 1, Diff: 0, Sum: 18]
      [GC Worker Other (ms): Min: 0.0, Avg: 0.0, Max: 0.0, Diff: 0.0, Sum: 0.1]
      [GC Worker Total (ms): Min: 0.0, Avg: 7.2, Max: 8.8, Diff: 8.7, Sum: 130.4]
      [GC Worker End (ms): Min: 12073.4, Avg: 12073.4, Max: 12073.5, Diff: 0.2]
   [Code Root Fixup: 0.0 ms]
   [Code Root Purge: 0.0 ms]
   [Clear CT: 1.7 ms]
   [Other: 3.2 ms]
      [Choose CSet: 0.0 ms]
      [Ref Proc: 2.0 ms]
      [Ref Enq: 0.0 ms]
      [Redirty Cards: 1.1 ms]
      [Humongous Register: 0.0 ms]
      [Humongous Reclaim: 0.0 ms]
      [Free CSet: 0.0 ms]
   [Eden: 10240.0K(10240.0K)->0.0B(2048.0K) Survivors: 2048.0K->2048.0K Heap: 46834.2K(65536.0K)->37561.7K(65536.0K)]
 [Times: user=0.14 sys=0.00, real=0.01 secs] 
2026-06-17T09:48:49.879+0800: 12.080: [GC pause (G1 Evacuation Pause) (mixed), 0.0064964 secs]
   [Parallel Time: 2.2 ms, GC Workers: 18]
      [GC Worker Start (ms): Min: 12080.4, Avg: 12081.3, Max: 12082.1, Diff: 1.7]
      [Ext Root Scanning (ms): Min: 0.0, Avg: 0.0, Max: 0.2, Diff: 0.2, Sum: 0.4]
      [Update RS (ms): Min: 0.0, Avg: 0.0, Max: 0.0, Diff: 0.0, Sum: 0.0]
         [Processed Buffers: Min: 0, Avg: 0.1, Max: 1, Diff: 1, Sum: 2]
      [Scan RS (ms): Min: 0.0, Avg: 0.0, Max: 0.0, Diff: 0.0, Sum: 0.0]
      [Code Root Scanning (ms): Min: 0.0, Avg: 0.0, Max: 0.0, Diff: 0.0, Sum: 0.0]
      [Object Copy (ms): Min: 0.0, Avg: 0.1, Max: 0.3, Diff: 0.3, Sum: 1.4]
      [Termination (ms): Min: 0.0, Avg: 0.7, Max: 1.2, Diff: 1.2, Sum: 13.4]
         [Termination Attempts: Min: 1, Avg: 1.0, Max: 1, Diff: 0, Sum: 18]
      [GC Worker Other (ms): Min: 0.0, Avg: 0.0, Max: 0.0, Diff: 0.0, Sum: 0.1]
      [GC Worker Total (ms): Min: 0.0, Avg: 0.8, Max: 1.7, Diff: 1.7, Sum: 15.3]
      [GC Worker End (ms): Min: 12082.1, Avg: 12082.1, Max: 12082.2, Diff: 0.1]
   [Code Root Fixup: 0.0 ms]
   [Code Root Purge: 0.0 ms]
   [Clear CT: 0.8 ms]
   [Other: 3.5 ms]
      [Choose CSet: 0.0 ms]
      [Ref Proc: 2.6 ms]
      [Ref Enq: 0.0 ms]
      [Redirty Cards: 0.8 ms]
      [Humongous Register: 0.0 ms]
      [Humongous Reclaim: 0.0 ms]
      [Free CSet: 0.0 ms]
   [Eden: 2048.0K(2048.0K)->0.0B(8192.0K) Survivors: 2048.0K->1024.0K Heap: 39609.7K(65536.0K)->38392.7K(65536.0K)]
 [Times: user=0.04 sys=0.00, real=0.01 secs] 
2026-06-17T09:48:49.908+0800: 12.109: [GC pause (G1 Evacuation Pause) (young), 0.0146890 secs]
   [Parallel Time: 8.9 ms, GC Workers: 18]
      [GC Worker Start (ms): Min: 12109.0, Avg: 12110.6, Max: 12116.7, Diff: 7.7]
      [Ext Root Scanning (ms): Min: 0.0, Avg: 0.0, Max: 0.2, Diff: 0.2, Sum: 0.5]
      [Update RS (ms): Min: 0.0, Avg: 0.0, Max: 0.0, Diff: 0.0, Sum: 0.1]
         [Processed Buffers: Min: 0, Avg: 0.3, Max: 2, Diff: 2, Sum: 5]
      [Scan RS (ms): Min: 0.0, Avg: 0.0, Max: 0.0, Diff: 0.0, Sum: 0.0]
      [Code Root Scanning (ms): Min: 0.0, Avg: 0.0, Max: 0.0, Diff: 0.0, Sum: 0.0]
      [Object Copy (ms): Min: 0.0, Avg: 0.0, Max: 0.2, Diff: 0.2, Sum: 0.7]
      [Termination (ms): Min: 0.0, Avg: 6.1, Max: 7.4, Diff: 7.4, Sum: 109.1]
         [Termination Attempts: Min: 1, Avg: 1.0, Max: 1, Diff: 0, Sum: 18]
      [GC Worker Other (ms): Min: 0.0, Avg: 0.0, Max: 0.0, Diff: 0.0, Sum: 0.1]
      [GC Worker Total (ms): Min: 0.0, Avg: 6.1, Max: 7.8, Diff: 7.8, Sum: 110.3]
      [GC Worker End (ms): Min: 12116.7, Avg: 12116.7, Max: 12116.9, Diff: 0.2]
   [Code Root Fixup: 0.0 ms]
   [Code Root Purge: 0.0 ms]
   [Clear CT: 1.4 ms]
   [Other: 4.5 ms]
      [Choose CSet: 0.0 ms]
      [Ref Proc: 3.9 ms]
      [Ref Enq: 0.0 ms]
      [Redirty Cards: 0.5 ms]
      [Humongous Register: 0.0 ms]
      [Humongous Reclaim: 0.0 ms]
      [Free CSet: 0.0 ms]
   [Eden: 8192.0K(8192.0K)->0.0B(5120.0K) Survivors: 1024.0K->2048.0K Heap: 46584.7K(65536.0K)->42599.7K(65536.0K)]
 [Times: user=0.15 sys=0.00, real=0.02 secs] 
2026-06-17T09:48:49.934+0800: 12.135: [GC pause (G1 Evacuation Pause) (young) (initial-mark), 0.0145899 secs]
   [Parallel Time: 9.3 ms, GC Workers: 18]
      [GC Worker Start (ms): Min: 12135.3, Avg: 12135.7, Max: 12136.0, Diff: 0.8]
      [Ext Root Scanning (ms): Min: 0.0, Avg: 1.8, Max: 7.5, Diff: 7.5, Sum: 32.5]
      [Update RS (ms): Min: 0.0, Avg: 0.0, Max: 0.0, Diff: 0.0, Sum: 0.0]
         [Processed Buffers: Min: 0, Avg: 0.2, Max: 3, Diff: 3, Sum: 3]
      [Scan RS (ms): Min: 0.0, Avg: 0.0, Max: 0.0, Diff: 0.0, Sum: 0.0]
      [Code Root Scanning (ms): Min: 0.0, Avg: 0.0, Max: 0.0, Diff: 0.0, Sum: 0.0]
      [Object Copy (ms): Min: 0.0, Avg: 0.0, Max: 0.2, Diff: 0.2, Sum: 0.5]
      [Termination (ms): Min: 0.0, Avg: 6.0, Max: 7.4, Diff: 7.4, Sum: 108.0]
         [Termination Attempts: Min: 1, Avg: 1.1, Max: 2, Diff: 1, Sum: 19]
      [GC Worker Other (ms): Min: 0.0, Avg: 0.0, Max: 0.0, Diff: 0.0, Sum: 0.1]
      [GC Worker Total (ms): Min: 7.5, Avg: 7.8, Max: 8.4, Diff: 0.8, Sum: 141.1]
      [GC Worker End (ms): Min: 12143.5, Avg: 12143.6, Max: 12143.7, Diff: 0.2]
   [Code Root Fixup: 0.0 ms]
   [Code Root Purge: 0.0 ms]
   [Clear CT: 1.7 ms]
   [Other: 3.6 ms]
      [Choose CSet: 0.0 ms]
      [Ref Proc: 2.2 ms]
      [Ref Enq: 0.0 ms]
      [Redirty Cards: 1.3 ms]
      [Humongous Register: 0.0 ms]
      [Humongous Reclaim: 0.0 ms]
      [Free CSet: 0.0 ms]
   [Eden: 5120.0K(5120.0K)->0.0B(4096.0K) Survivors: 2048.0K->1024.0K Heap: 47719.7K(65536.0K)->44009.7K(65536.0K)]
 [Times: user=0.13 sys=0.01, real=0.01 secs] 
2026-06-17T09:48:49.950+0800: 12.151: [GC concurrent-root-region-scan-start]
2026-06-17T09:48:49.950+0800: 12.151: [GC concurrent-root-region-scan-end, 0.0002676 secs]
2026-06-17T09:48:49.950+0800: 12.151: [GC concurrent-mark-start]
2026-06-17T09:48:49.951+0800: 12.152: [GC concurrent-mark-end, 0.0004710 secs]
2026-06-17T09:48:49.951+0800: 12.152: [GC remark 2026-06-17T09:48:49.951+0800: 12.152: [Finalize Marking, 0.0033915 secs] 2026-06-17T09:48:49.955+0800: 12.156: [GC ref-proc, 0.0007814 secs] 2026-06-17T09:48:49.956+0800: 12.158: [Unloading, 0.0019838 secs], 0.0091068 secs]
 [Times: user=0.02 sys=0.00, real=0.00 secs] 
2026-06-17T09:48:49.961+0800: 12.162: [GC cleanup 46742K->44694K(65536K), 0.0034828 secs]
 [Times: user=0.00 sys=0.00, real=0.01 secs] 
2026-06-17T09:48:49.966+0800: 12.167: [GC concurrent-cleanup-start]
2026-06-17T09:48:49.966+0800: 12.167: [GC concurrent-cleanup-end, 0.0000079 secs]
2026-06-17T09:48:49.966+0800: 12.167: [GC pause (G1 Evacuation Pause) (young), 0.0100369 secs]
   [Parallel Time: 6.4 ms, GC Workers: 18]
      [GC Worker Start (ms): Min: 12167.3, Avg: 12168.6, Max: 12173.3, Diff: 6.0]
      [Ext Root Scanning (ms): Min: 0.0, Avg: 0.0, Max: 0.1, Diff: 0.1, Sum: 0.2]
      [Update RS (ms): Min: 0.0, Avg: 0.0, Max: 0.0, Diff: 0.0, Sum: 0.0]
         [Processed Buffers: Min: 0, Avg: 0.2, Max: 2, Diff: 2, Sum: 3]
      [Scan RS (ms): Min: 0.0, Avg: 0.0, Max: 0.0, Diff: 0.0, Sum: 0.0]
      [Code Root Scanning (ms): Min: 0.0, Avg: 0.0, Max: 0.0, Diff: 0.0, Sum: 0.0]
      [Object Copy (ms): Min: 0.0, Avg: 0.0, Max: 0.1, Diff: 0.1, Sum: 0.2]
      [Termination (ms): Min: 0.0, Avg: 4.7, Max: 5.9, Diff: 5.9, Sum: 85.0]
         [Termination Attempts: Min: 1, Avg: 1.0, Max: 1, Diff: 0, Sum: 18]
      [GC Worker Other (ms): Min: 0.0, Avg: 0.0, Max: 0.0, Diff: 0.0, Sum: 0.1]
      [GC Worker Total (ms): Min: 0.0, Avg: 4.8, Max: 6.0, Diff: 6.0, Sum: 85.6]
      [GC Worker End (ms): Min: 12173.3, Avg: 12173.3, Max: 12173.4, Diff: 0.1]
   [Code Root Fixup: 0.0 ms]
   [Code Root Purge: 0.0 ms]
   [Clear CT: 0.9 ms]
   [Other: 2.7 ms]
      [Choose CSet: 0.0 ms]
      [Ref Proc: 1.9 ms]
      [Ref Enq: 0.0 ms]
      [Redirty Cards: 0.8 ms]
      [Humongous Register: 0.0 ms]
      [Humongous Reclaim: 0.0 ms]
      [Free CSet: 0.0 ms]
   [Eden: 4096.0K(4096.0K)->0.0B(2048.0K) Survivors: 1024.0K->1024.0K Heap: 46057.7K(65536.0K)->43037.7K(65536.0K)]
 [Times: user=0.10 sys=0.00, real=0.01 secs] 
2026-06-17T09:48:49.977+0800: 12.178: [GC pause (G1 Evacuation Pause) (mixed), 0.0064591 secs]
   [Parallel Time: 2.8 ms, GC Workers: 18]
      [GC Worker Start (ms): Min: 12178.5, Avg: 12179.4, Max: 12180.7, Diff: 2.2]
      [Ext Root Scanning (ms): Min: 0.0, Avg: 0.0, Max: 0.1, Diff: 0.1, Sum: 0.2]
      [Update RS (ms): Min: 0.0, Avg: 0.0, Max: 0.0, Diff: 0.0, Sum: 0.0]
         [Processed Buffers: Min: 0, Avg: 0.1, Max: 1, Diff: 1, Sum: 2]
      [Scan RS (ms): Min: 0.0, Avg: 0.0, Max: 0.0, Diff: 0.0, Sum: 0.0]
      [Code Root Scanning (ms): Min: 0.0, Avg: 0.0, Max: 0.0, Diff: 0.0, Sum: 0.0]
      [Object Copy (ms): Min: 0.0, Avg: 0.0, Max: 0.2, Diff: 0.2, Sum: 0.6]
      [Termination (ms): Min: 0.0, Avg: 1.3, Max: 2.0, Diff: 2.0, Sum: 23.5]
         [Termination Attempts: Min: 1, Avg: 1.0, Max: 1, Diff: 0, Sum: 18]
      [GC Worker Other (ms): Min: 0.0, Avg: 0.0, Max: 0.0, Diff: 0.0, Sum: 0.1]
      [GC Worker Total (ms): Min: 0.0, Avg: 1.4, Max: 2.3, Diff: 2.3, Sum: 24.4]
      [GC Worker End (ms): Min: 12180.7, Avg: 12180.7, Max: 12180.9, Diff: 0.2]
   [Code Root Fixup: 0.0 ms]
   [Code Root Purge: 0.0 ms]
   [Clear CT: 0.8 ms]
   [Other: 2.8 ms]
      [Choose CSet: 0.0 ms]
      [Ref Proc: 2.0 ms]
      [Ref Enq: 0.0 ms]
      [Redirty Cards: 0.8 ms]
      [Humongous Register: 0.0 ms]
      [Humongous Reclaim: 0.0 ms]
      [Free CSet: 0.0 ms]
   [Eden: 2048.0K(2048.0K)->0.0B(2048.0K) Survivors: 1024.0K->1024.0K Heap: 45085.7K(65536.0K)->39318.7K(65536.0K)]
 [Times: user=0.03 sys=0.01, real=0.01 secs] 
2026-06-17T09:48:49.995+0800: 12.196: [GC pause (G1 Evacuation Pause) (mixed), 0.0123214 secs]
   [Parallel Time: 8.9 ms, GC Workers: 18]
      [GC Worker Start (ms): Min: 12196.4, Avg: 12198.3, Max: 12204.7, Diff: 8.3]
      [Ext Root Scanning (ms): Min: 0.0, Avg: 0.0, Max: 0.1, Diff: 0.1, Sum: 0.2]
      [Update RS (ms): Min: 0.0, Avg: 0.0, Max: 0.0, Diff: 0.0, Sum: 0.0]
         [Processed Buffers: Min: 0, Avg: 0.2, Max: 3, Diff: 3, Sum: 4]
      [Scan RS (ms): Min: 0.0, Avg: 0.0, Max: 0.0, Diff: 0.0, Sum: 0.0]
      [Code Root Scanning (ms): Min: 0.0, Avg: 0.0, Max: 0.0, Diff: 0.0, Sum: 0.0]
      [Object Copy (ms): Min: 0.0, Avg: 0.0, Max: 0.2, Diff: 0.2, Sum: 0.5]
      [Termination (ms): Min: 0.0, Avg: 6.4, Max: 8.1, Diff: 8.1, Sum: 115.6]
         [Termination Attempts: Min: 1, Avg: 1.0, Max: 1, Diff: 0, Sum: 18]
      [GC Worker Other (ms): Min: 0.0, Avg: 0.0, Max: 0.0, Diff: 0.0, Sum: 0.1]
      [GC Worker Total (ms): Min: 0.0, Avg: 6.5, Max: 8.4, Diff: 8.4, Sum: 116.4]
      [GC Worker End (ms): Min: 12204.7, Avg: 12204.8, Max: 12204.9, Diff: 0.1]
   [Code Root Fixup: 0.0 ms]
   [Code Root Purge: 0.0 ms]
   [Clear CT: 0.7 ms]
   [Other: 2.7 ms]
      [Choose CSet: 0.0 ms]
      [Ref Proc: 2.1 ms]
      [Ref Enq: 0.0 ms]
      [Redirty Cards: 0.6 ms]
      [Humongous Register: 0.0 ms]
      [Humongous Reclaim: 0.0 ms]
      [Free CSet: 0.0 ms]
   [Eden: 2048.0K(2048.0K)->0.0B(7168.0K) Survivors: 1024.0K->1024.0K Heap: 41366.7K(65536.0K)->40703.7K(65536.0K)]
 [Times: user=0.12 sys=0.01, real=0.01 secs] 
2026-06-17T09:48:50.029+0800: 12.231: [GC pause (G1 Evacuation Pause) (young), 0.0124364 secs]
   [Parallel Time: 7.1 ms, GC Workers: 18]
      [GC Worker Start (ms): Min: 12230.8, Avg: 12232.3, Max: 12237.0, Diff: 6.2]
      [Ext Root Scanning (ms): Min: 0.0, Avg: 0.0, Max: 0.2, Diff: 0.2, Sum: 0.3]
      [Update RS (ms): Min: 0.0, Avg: 0.0, Max: 0.0, Diff: 0.0, Sum: 0.0]
         [Processed Buffers: Min: 0, Avg: 0.2, Max: 3, Diff: 3, Sum: 4]
      [Scan RS (ms): Min: 0.0, Avg: 0.0, Max: 0.0, Diff: 0.0, Sum: 0.0]
      [Code Root Scanning (ms): Min: 0.0, Avg: 0.0, Max: 0.0, Diff: 0.0, Sum: 0.0]
      [Object Copy (ms): Min: 0.0, Avg: 0.0, Max: 0.1, Diff: 0.1, Sum: 0.2]
      [Termination (ms): Min: 0.0, Avg: 4.8, Max: 6.0, Diff: 6.0, Sum: 86.6]
         [Termination Attempts: Min: 1, Avg: 1.0, Max: 1, Diff: 0, Sum: 18]
      [GC Worker Other (ms): Min: 0.0, Avg: 0.0, Max: 0.0, Diff: 0.0, Sum: 0.1]
      [GC Worker Total (ms): Min: 0.0, Avg: 4.8, Max: 6.2, Diff: 6.2, Sum: 87.3]
      [GC Worker End (ms): Min: 12237.0, Avg: 12237.1, Max: 12237.2, Diff: 0.2]
   [Code Root Fixup: 0.0 ms]
   [Code Root Purge: 0.0 ms]
   [Clear CT: 1.2 ms]
   [Other: 4.2 ms]
      [Choose CSet: 0.0 ms]
      [Ref Proc: 2.5 ms]
      [Ref Enq: 0.0 ms]
      [Redirty Cards: 1.6 ms]
      [Humongous Register: 0.0 ms]
      [Humongous Reclaim: 0.0 ms]
      [Free CSet: 0.0 ms]
   [Eden: 7168.0K(7168.0K)->0.0B(7168.0K) Survivors: 1024.0K->1024.0K Heap: 47871.7K(65536.0K)->41133.2K(65536.0K)]
 [Times: user=0.10 sys=0.00, real=0.02 secs] 
2026-06-17T09:48:50.054+0800: 12.255: [GC pause (G1 Evacuation Pause) (young) (initial-mark), 0.0116945 secs]
   [Parallel Time: 7.4 ms, GC Workers: 18]
      [GC Worker Start (ms): Min: 12255.2, Avg: 12255.7, Max: 12256.1, Diff: 1.0]
      [Ext Root Scanning (ms): Min: 0.0, Avg: 1.7, Max: 5.7, Diff: 5.7, Sum: 29.9]
      [Update RS (ms): Min: 0.0, Avg: 0.0, Max: 0.0, Diff: 0.0, Sum: 0.0]
         [Processed Buffers: Min: 0, Avg: 0.1, Max: 2, Diff: 2, Sum: 2]
      [Scan RS (ms): Min: 0.0, Avg: 0.0, Max: 0.0, Diff: 0.0, Sum: 0.0]
      [Code Root Scanning (ms): Min: 0.0, Avg: 0.0, Max: 0.0, Diff: 0.0, Sum: 0.0]
      [Object Copy (ms): Min: 0.0, Avg: 0.0, Max: 0.2, Diff: 0.2, Sum: 0.5]
      [Termination (ms): Min: 0.0, Avg: 4.5, Max: 5.6, Diff: 5.6, Sum: 81.2]
         [Termination Attempts: Min: 1, Avg: 1.0, Max: 1, Diff: 0, Sum: 18]
      [GC Worker Other (ms): Min: 0.0, Avg: 0.0, Max: 0.0, Diff: 0.0, Sum: 0.1]
      [GC Worker Total (ms): Min: 5.8, Avg: 6.2, Max: 6.8, Diff: 1.0, Sum: 111.6]
      [GC Worker End (ms): Min: 12261.9, Avg: 12261.9, Max: 12262.0, Diff: 0.2]
   [Code Root Fixup: 0.0 ms]
   [Code Root Purge: 0.0 ms]
   [Clear CT: 1.6 ms]
   [Other: 2.7 ms]
      [Choose CSet: 0.0 ms]
      [Ref Proc: 1.7 ms]
      [Ref Enq: 0.0 ms]
      [Redirty Cards: 0.9 ms]
      [Humongous Register: 0.0 ms]
      [Humongous Reclaim: 0.0 ms]
      [Free CSet: 0.0 ms]
   [Eden: 7168.0K(7168.0K)->0.0B(3072.0K) Survivors: 1024.0K->1024.0K Heap: 48301.2K(65536.0K)->44968.7K(65536.0K)]
 [Times: user=0.09 sys=0.00, real=0.01 secs] 
2026-06-17T09:48:50.067+0800: 12.268: [GC concurrent-root-region-scan-start]
2026-06-17T09:48:50.067+0800: 12.268: [GC concurrent-root-region-scan-end, 0.0002860 secs]
2026-06-17T09:48:50.067+0800: 12.268: [GC concurrent-mark-start]
2026-06-17T09:48:50.068+0800: 12.269: [GC concurrent-mark-end, 0.0006713 secs]
2026-06-17T09:48:50.068+0800: 12.269: [GC remark 2026-06-17T09:48:50.068+0800: 12.270: [Finalize Marking, 0.0025027 secs] 2026-06-17T09:48:50.071+0800: 12.273: [GC ref-proc, 0.0006800 secs] 2026-06-17T09:48:50.073+0800: 12.274: [Unloading, 0.0020033 secs], 0.0081813 secs]
 [Times: user=0.02 sys=0.00, real=0.01 secs] 
2026-06-17T09:48:50.077+0800: 12.278: [GC cleanup 47581K->42461K(65536K), 0.0033956 secs]
 [Times: user=0.01 sys=0.00, real=0.00 secs] 
2026-06-17T09:48:50.081+0800: 12.283: [GC concurrent-cleanup-start]
2026-06-17T09:48:50.081+0800: 12.283: [GC concurrent-cleanup-end, 0.0000170 secs]
2026-06-17T09:48:50.082+0800: 12.283: [GC pause (G1 Evacuation Pause) (young), 0.0121043 secs]
   [Parallel Time: 7.7 ms, GC Workers: 18]
      [GC Worker Start (ms): Min: 12282.9, Avg: 12284.1, Max: 12290.0, Diff: 7.2]
      [Ext Root Scanning (ms): Min: 0.0, Avg: 0.0, Max: 0.1, Diff: 0.1, Sum: 0.4]
      [Update RS (ms): Min: 0.0, Avg: 0.0, Max: 0.0, Diff: 0.0, Sum: 0.0]
         [Processed Buffers: Min: 0, Avg: 0.2, Max: 1, Diff: 1, Sum: 3]
      [Scan RS (ms): Min: 0.0, Avg: 0.0, Max: 0.0, Diff: 0.0, Sum: 0.0]
      [Code Root Scanning (ms): Min: 0.0, Avg: 0.0, Max: 0.0, Diff: 0.0, Sum: 0.0]
      [Object Copy (ms): Min: 0.0, Avg: 0.0, Max: 0.1, Diff: 0.1, Sum: 0.5]
      [Termination (ms): Min: 0.0, Avg: 5.9, Max: 6.9, Diff: 6.9, Sum: 106.1]
         [Termination Attempts: Min: 1, Avg: 1.0, Max: 1, Diff: 0, Sum: 18]
      [GC Worker Other (ms): Min: 0.0, Avg: 0.0, Max: 0.0, Diff: 0.0, Sum: 0.1]
      [GC Worker Total (ms): Min: 0.0, Avg: 5.9, Max: 7.2, Diff: 7.2, Sum: 107.0]
      [GC Worker End (ms): Min: 12290.0, Avg: 12290.1, Max: 12290.1, Diff: 0.1]
   [Code Root Fixup: 0.0 ms]
   [Code Root Purge: 0.0 ms]
   [Clear CT: 0.9 ms]
   [Other: 3.5 ms]
      [Choose CSet: 0.0 ms]
      [Ref Proc: 2.6 ms]
      [Ref Enq: 0.0 ms]
      [Redirty Cards: 0.9 ms]
      [Humongous Register: 0.0 ms]
      [Humongous Reclaim: 0.0 ms]
      [Free CSet: 0.0 ms]
   [Eden: 3072.0K(3072.0K)->0.0B(2048.0K) Survivors: 1024.0K->1024.0K Heap: 42920.7K(65536.0K)->42679.7K(65536.0K)]
 [Times: user=0.13 sys=0.00, real=0.02 secs] 
2026-06-17T09:48:50.105+0800: 12.306: [GC pause (G1 Evacuation Pause) (mixed), 0.0110445 secs]
   [Parallel Time: 7.5 ms, GC Workers: 18]
      [GC Worker Start (ms): Min: 12306.5, Avg: 12308.0, Max: 12313.1, Diff: 6.6]
      [Ext Root Scanning (ms): Min: 0.0, Avg: 0.0, Max: 0.2, Diff: 0.2, Sum: 0.4]
      [Update RS (ms): Min: 0.0, Avg: 0.0, Max: 0.0, Diff: 0.0, Sum: 0.0]
         [Processed Buffers: Min: 0, Avg: 0.2, Max: 1, Diff: 1, Sum: 3]
      [Scan RS (ms): Min: 0.0, Avg: 0.0, Max: 0.0, Diff: 0.0, Sum: 0.0]
      [Code Root Scanning (ms): Min: 0.0, Avg: 0.0, Max: 0.0, Diff: 0.0, Sum: 0.0]
      [Object Copy (ms): Min: 0.0, Avg: 0.0, Max: 0.2, Diff: 0.2, Sum: 0.6]
      [Termination (ms): Min: 0.0, Avg: 5.1, Max: 6.4, Diff: 6.4, Sum: 91.3]
         [Termination Attempts: Min: 1, Avg: 1.0, Max: 1, Diff: 0, Sum: 18]
      [GC Worker Other (ms): Min: 0.0, Avg: 0.0, Max: 0.0, Diff: 0.0, Sum: 0.1]
      [GC Worker Total (ms): Min: 0.0, Avg: 5.1, Max: 6.7, Diff: 6.7, Sum: 92.4]
      [GC Worker End (ms): Min: 12313.1, Avg: 12313.2, Max: 12313.3, Diff: 0.2]
   [Code Root Fixup: 0.0 ms]
   [Code Root Purge: 0.0 ms]
   [Clear CT: 0.9 ms]
   [Other: 2.7 ms]
      [Choose CSet: 0.0 ms]
      [Ref Proc: 2.0 ms]
      [Ref Enq: 0.0 ms]
      [Redirty Cards: 0.6 ms]
      [Humongous Register: 0.0 ms]
      [Humongous Reclaim: 0.0 ms]
      [Free CSet: 0.0 ms]
   [Eden: 2048.0K(2048.0K)->0.0B(2048.0K) Survivors: 1024.0K->1024.0K Heap: 44727.7K(65536.0K)->38566.1K(65536.0K)]
 [Times: user=0.11 sys=0.00, real=0.01 secs] 
2026-06-17T09:48:50.117+0800: 12.319: [GC pause (G1 Evacuation Pause) (mixed), 0.0068867 secs]
   [Parallel Time: 3.7 ms, GC Workers: 18]
      [GC Worker Start (ms): Min: 12318.9, Avg: 12319.7, Max: 12321.6, Diff: 2.8]
      [Ext Root Scanning (ms): Min: 0.0, Avg: 0.0, Max: 0.2, Diff: 0.2, Sum: 0.4]
      [Update RS (ms): Min: 0.0, Avg: 0.0, Max: 0.0, Diff: 0.0, Sum: 0.0]
         [Processed Buffers: Min: 0, Avg: 0.2, Max: 1, Diff: 1, Sum: 4]
      [Scan RS (ms): Min: 0.0, Avg: 0.0, Max: 0.0, Diff: 0.0, Sum: 0.1]
      [Code Root Scanning (ms): Min: 0.0, Avg: 0.0, Max: 0.0, Diff: 0.0, Sum: 0.0]
      [Object Copy (ms): Min: 0.0, Avg: 0.0, Max: 0.2, Diff: 0.2, Sum: 0.8]
      [Termination (ms): Min: 0.0, Avg: 1.9, Max: 2.6, Diff: 2.6, Sum: 34.7]
         [Termination Attempts: Min: 1, Avg: 1.0, Max: 1, Diff: 0, Sum: 18]
      [GC Worker Other (ms): Min: 0.0, Avg: 0.0, Max: 0.0, Diff: 0.0, Sum: 0.1]
      [GC Worker Total (ms): Min: 0.0, Avg: 2.0, Max: 2.9, Diff: 2.9, Sum: 36.0]
      [GC Worker End (ms): Min: 12321.6, Avg: 12321.7, Max: 12322.0, Diff: 0.4]
   [Code Root Fixup: 0.0 ms]
   [Code Root Purge: 0.0 ms]
   [Clear CT: 0.8 ms]
   [Other: 2.4 ms]
      [Choose CSet: 0.0 ms]
      [Ref Proc: 1.6 ms]
      [Ref Enq: 0.0 ms]
      [Redirty Cards: 0.7 ms]
      [Humongous Register: 0.0 ms]
      [Humongous Reclaim: 0.0 ms]
      [Free CSet: 0.0 ms]
   [Eden: 2048.0K(2048.0K)->0.0B(8192.0K) Survivors: 1024.0K->1024.0K Heap: 40614.1K(65536.0K)->37152.7K(65536.0K)]
 [Times: user=0.04 sys=0.01, real=0.01 secs] 
2026-06-17T09:48:50.146+0800: 12.347: [GC pause (G1 Evacuation Pause) (young), 0.0101885 secs]
   [Parallel Time: 5.2 ms, GC Workers: 18]
      [GC Worker Start (ms): Min: 12347.5, Avg: 12348.7, Max: 12352.0, Diff: 4.5]
      [Ext Root Scanning (ms): Min: 0.0, Avg: 0.0, Max: 0.2, Diff: 0.2, Sum: 0.4]
      [Update RS (ms): Min: 0.0, Avg: 0.0, Max: 0.1, Diff: 0.1, Sum: 0.1]
         [Processed Buffers: Min: 0, Avg: 0.3, Max: 3, Diff: 3, Sum: 5]
      [Scan RS (ms): Min: 0.0, Avg: 0.0, Max: 0.0, Diff: 0.0, Sum: 0.0]
      [Code Root Scanning (ms): Min: 0.0, Avg: 0.0, Max: 0.0, Diff: 0.0, Sum: 0.0]
      [Object Copy (ms): Min: 0.0, Avg: 0.0, Max: 0.1, Diff: 0.1, Sum: 0.4]
      [Termination (ms): Min: 0.0, Avg: 3.4, Max: 4.4, Diff: 4.4, Sum: 60.3]
         [Termination Attempts: Min: 1, Avg: 1.0, Max: 1, Diff: 0, Sum: 18]
      [GC Worker Other (ms): Min: 0.0, Avg: 0.0, Max: 0.0, Diff: 0.0, Sum: 0.1]
      [GC Worker Total (ms): Min: 0.0, Avg: 3.4, Max: 4.6, Diff: 4.6, Sum: 61.4]
      [GC Worker End (ms): Min: 12352.0, Avg: 12352.1, Max: 12352.2, Diff: 0.2]
   [Code Root Fixup: 0.0 ms]
   [Code Root Purge: 0.0 ms]
   [Clear CT: 0.8 ms]
   [Other: 4.2 ms]
      [Choose CSet: 0.0 ms]
      [Ref Proc: 3.5 ms]
      [Ref Enq: 0.0 ms]
      [Redirty Cards: 0.6 ms]
      [Humongous Register: 0.0 ms]
      [Humongous Reclaim: 0.0 ms]
      [Free CSet: 0.0 ms]
   [Eden: 8192.0K(8192.0K)->0.0B(7168.0K) Survivors: 1024.0K->2048.0K Heap: 45344.7K(65536.0K)->39614.7K(65536.0K)]
 [Times: user=0.11 sys=0.00, real=0.01 secs] 
2026-06-17T09:48:50.168+0800: 12.369: [GC pause (G1 Evacuation Pause) (young) (initial-mark), 0.0140665 secs]
   [Parallel Time: 9.2 ms, GC Workers: 18]
      [GC Worker Start (ms): Min: 12369.1, Avg: 12369.5, Max: 12369.9, Diff: 0.8]
      [Ext Root Scanning (ms): Min: 0.0, Avg: 1.5, Max: 7.4, Diff: 7.4, Sum: 26.4]
      [Update RS (ms): Min: 0.0, Avg: 0.0, Max: 0.0, Diff: 0.0, Sum: 0.0]
         [Processed Buffers: Min: 0, Avg: 0.1, Max: 2, Diff: 2, Sum: 2]
      [Scan RS (ms): Min: 0.0, Avg: 0.0, Max: 0.0, Diff: 0.0, Sum: 0.0]
      [Code Root Scanning (ms): Min: 0.0, Avg: 0.0, Max: 0.0, Diff: 0.0, Sum: 0.0]
      [Object Copy (ms): Min: 0.0, Avg: 0.0, Max: 0.1, Diff: 0.1, Sum: 0.2]
      [Termination (ms): Min: 0.0, Avg: 6.4, Max: 7.5, Diff: 7.5, Sum: 114.5]
         [Termination Attempts: Min: 1, Avg: 1.1, Max: 2, Diff: 1, Sum: 19]
      [GC Worker Other (ms): Min: 0.0, Avg: 0.0, Max: 0.0, Diff: 0.0, Sum: 0.1]
      [GC Worker Total (ms): Min: 7.4, Avg: 7.8, Max: 8.3, Diff: 0.9, Sum: 141.3]
      [GC Worker End (ms): Min: 12377.3, Avg: 12377.3, Max: 12377.5, Diff: 0.2]
   [Code Root Fixup: 0.0 ms]
   [Code Root Purge: 0.0 ms]
   [Clear CT: 1.7 ms]
   [Other: 3.2 ms]
      [Choose CSet: 0.0 ms]
      [Ref Proc: 2.1 ms]
      [Ref Enq: 0.0 ms]
      [Redirty Cards: 1.0 ms]
      [Humongous Register: 0.0 ms]
      [Humongous Reclaim: 0.0 ms]
      [Free CSet: 0.0 ms]
   [Eden: 7168.0K(7168.0K)->0.0B(7168.0K) Survivors: 2048.0K->1024.0K Heap: 46782.7K(65536.0K)->39757.7K(65536.0K)]
 [Times: user=0.13 sys=0.00, real=0.01 secs] 
2026-06-17T09:48:50.183+0800: 12.384: [GC concurrent-root-region-scan-start]
2026-06-17T09:48:50.183+0800: 12.384: [GC concurrent-root-region-scan-end, 0.0002637 secs]
2026-06-17T09:48:50.183+0800: 12.384: [GC concurrent-mark-start]
2026-06-17T09:48:50.183+0800: 12.384: [GC concurrent-mark-end, 0.0003070 secs]
2026-06-17T09:48:50.183+0800: 12.384: [GC remark 2026-06-17T09:48:50.184+0800: 12.385: [Finalize Marking, 0.0024195 secs] 2026-06-17T09:48:50.186+0800: 12.388: [GC ref-proc, 0.0006229 secs] 2026-06-17T09:48:50.187+0800: 12.389: [Unloading, 0.0015951 secs], 0.0068960 secs]
 [Times: user=0.02 sys=0.00, real=0.01 secs] 
2026-06-17T09:48:50.191+0800: 12.392: [GC cleanup 41249K->40225K(65536K), 0.0031369 secs]
 [Times: user=0.00 sys=0.00, real=0.00 secs] 
2026-06-17T09:48:50.195+0800: 12.396: [GC concurrent-cleanup-start]
2026-06-17T09:48:50.195+0800: 12.396: [GC concurrent-cleanup-end, 0.0000094 secs]
2026-06-17T09:48:50.205+0800: 12.406: [GC pause (G1 Evacuation Pause) (young), 0.0121438 secs]
   [Parallel Time: 7.2 ms, GC Workers: 18]
      [GC Worker Start (ms): Min: 12406.5, Avg: 12408.0, Max: 12412.8, Diff: 6.3]
      [Ext Root Scanning (ms): Min: 0.0, Avg: 0.0, Max: 0.2, Diff: 0.2, Sum: 0.3]
      [Update RS (ms): Min: 0.0, Avg: 0.0, Max: 0.0, Diff: 0.0, Sum: 0.0]
         [Processed Buffers: Min: 0, Avg: 0.1, Max: 1, Diff: 1, Sum: 2]
      [Scan RS (ms): Min: 0.0, Avg: 0.0, Max: 0.1, Diff: 0.1, Sum: 0.1]
      [Code Root Scanning (ms): Min: 0.0, Avg: 0.0, Max: 0.0, Diff: 0.0, Sum: 0.0]
      [Object Copy (ms): Min: 0.0, Avg: 0.0, Max: 0.2, Diff: 0.2, Sum: 0.6]
      [Termination (ms): Min: 0.0, Avg: 4.8, Max: 6.2, Diff: 6.2, Sum: 86.9]
         [Termination Attempts: Min: 1, Avg: 1.0, Max: 1, Diff: 0, Sum: 18]
      [GC Worker Other (ms): Min: 0.0, Avg: 0.0, Max: 0.0, Diff: 0.0, Sum: 0.1]
      [GC Worker Total (ms): Min: 0.0, Avg: 4.9, Max: 6.5, Diff: 6.5, Sum: 88.0]
      [GC Worker End (ms): Min: 12412.8, Avg: 12412.9, Max: 12413.0, Diff: 0.2]
   [Code Root Fixup: 0.0 ms]
   [Code Root Purge: 0.0 ms]
   [Clear CT: 1.3 ms]
   [Other: 3.6 ms]
      [Choose CSet: 0.0 ms]
      [Ref Proc: 2.3 ms]
      [Ref Enq: 0.0 ms]
      [Redirty Cards: 1.2 ms]
      [Humongous Register: 0.0 ms]
      [Humongous Reclaim: 0.0 ms]
      [Free CSet: 0.0 ms]
   [Eden: 7168.0K(7168.0K)->0.0B(2048.0K) Survivors: 1024.0K->1024.0K Heap: 46914.7K(65536.0K)->37544.6K(65536.0K)]
 [Times: user=0.10 sys=0.00, real=0.01 secs] 
2026-06-17T09:48:50.229+0800: 12.430: [GC pause (G1 Evacuation Pause) (mixed), 0.0118210 secs]
   [Parallel Time: 6.7 ms, GC Workers: 18]
      [GC Worker Start (ms): Min: 12430.0, Avg: 12431.4, Max: 12435.8, Diff: 5.8]
      [Ext Root Scanning (ms): Min: 0.0, Avg: 0.0, Max: 0.2, Diff: 0.2, Sum: 0.3]
      [Update RS (ms): Min: 0.0, Avg: 0.0, Max: 0.0, Diff: 0.0, Sum: 0.0]
         [Processed Buffers: Min: 0, Avg: 0.1, Max: 1, Diff: 1, Sum: 2]
      [Scan RS (ms): Min: 0.0, Avg: 0.0, Max: 0.0, Diff: 0.0, Sum: 0.0]
      [Code Root Scanning (ms): Min: 0.0, Avg: 0.0, Max: 0.0, Diff: 0.0, Sum: 0.0]
      [Object Copy (ms): Min: 0.0, Avg: 0.0, Max: 0.2, Diff: 0.2, Sum: 0.5]
      [Termination (ms): Min: 0.0, Avg: 4.4, Max: 5.6, Diff: 5.6, Sum: 80.1]
         [Termination Attempts: Min: 1, Avg: 1.0, Max: 1, Diff: 0, Sum: 18]
      [GC Worker Other (ms): Min: 0.0, Avg: 0.0, Max: 0.0, Diff: 0.0, Sum: 0.1]
      [GC Worker Total (ms): Min: 0.0, Avg: 4.5, Max: 5.8, Diff: 5.8, Sum: 81.1]
      [GC Worker End (ms): Min: 12435.8, Avg: 12435.9, Max: 12436.0, Diff: 0.1]
   [Code Root Fixup: 0.0 ms]
   [Code Root Purge: 0.0 ms]
   [Clear CT: 1.3 ms]
   [Other: 3.8 ms]
      [Choose CSet: 0.0 ms]
      [Ref Proc: 2.9 ms]
      [Ref Enq: 0.0 ms]
      [Redirty Cards: 0.9 ms]
      [Humongous Register: 0.0 ms]
      [Humongous Reclaim: 0.0 ms]
      [Free CSet: 0.0 ms]
   [Eden: 2048.0K(2048.0K)->0.0B(2048.0K) Survivors: 1024.0K->1024.0K Heap: 39592.6K(65536.0K)->33440.3K(65536.0K)]
 [Times: user=0.11 sys=0.00, real=0.01 secs] 
2026-06-17T09:48:50.242+0800: 12.443: [GC pause (G1 Evacuation Pause) (mixed), 0.0090453 secs]
   [Parallel Time: 3.5 ms, GC Workers: 18]
      [GC Worker Start (ms): Min: 12443.0, Avg: 12443.8, Max: 12445.9, Diff: 3.0]
      [Ext Root Scanning (ms): Min: 0.0, Avg: 0.0, Max: 0.2, Diff: 0.2, Sum: 0.3]
      [Update RS (ms): Min: 0.0, Avg: 0.0, Max: 0.0, Diff: 0.0, Sum: 0.0]
         [Processed Buffers: Min: 0, Avg: 0.3, Max: 3, Diff: 3, Sum: 5]
      [Scan RS (ms): Min: 0.0, Avg: 0.0, Max: 0.0, Diff: 0.0, Sum: 0.0]
      [Code Root Scanning (ms): Min: 0.0, Avg: 0.0, Max: 0.0, Diff: 0.0, Sum: 0.0]
      [Object Copy (ms): Min: 0.0, Avg: 0.1, Max: 0.3, Diff: 0.3, Sum: 1.3]
      [Termination (ms): Min: 0.0, Avg: 2.1, Max: 2.7, Diff: 2.7, Sum: 38.0]
         [Termination Attempts: Min: 1, Avg: 1.0, Max: 1, Diff: 0, Sum: 18]
      [GC Worker Other (ms): Min: 0.0, Avg: 0.0, Max: 0.0, Diff: 0.0, Sum: 0.1]
      [GC Worker Total (ms): Min: 0.0, Avg: 2.2, Max: 3.1, Diff: 3.1, Sum: 39.8]
      [GC Worker End (ms): Min: 12446.0, Avg: 12446.0, Max: 12446.1, Diff: 0.2]
   [Code Root Fixup: 0.0 ms]
   [Code Root Purge: 0.0 ms]
   [Clear CT: 1.0 ms]
   [Other: 4.5 ms]
      [Choose CSet: 0.0 ms]
      [Ref Proc: 3.8 ms]
      [Ref Enq: 0.0 ms]
      [Redirty Cards: 0.7 ms]
      [Humongous Register: 0.0 ms]
      [Humongous Reclaim: 0.0 ms]
      [Free CSet: 0.0 ms]
   [Eden: 2048.0K(2048.0K)->0.0B(12288.0K) Survivors: 1024.0K->1024.0K Heap: 35488.3K(65536.0K)->34700.6K(65536.0K)]
 [Times: user=0.08 sys=0.01, real=0.02 secs] 
2026-06-17T09:48:50.283+0800: 12.484: [GC pause (G1 Evacuation Pause) (young), 0.0139391 secs]
   [Parallel Time: 8.5 ms, GC Workers: 18]
      [GC Worker Start (ms): Min: 12484.4, Avg: 12485.7, Max: 12491.9, Diff: 7.5]
      [Ext Root Scanning (ms): Min: 0.0, Avg: 0.0, Max: 0.2, Diff: 0.2, Sum: 0.5]
      [Update RS (ms): Min: 0.0, Avg: 0.0, Max: 0.1, Diff: 0.1, Sum: 0.1]
         [Processed Buffers: Min: 0, Avg: 0.3, Max: 2, Diff: 2, Sum: 6]
      [Scan RS (ms): Min: 0.0, Avg: 0.0, Max: 0.0, Diff: 0.0, Sum: 0.0]
      [Code Root Scanning (ms): Min: 0.0, Avg: 0.0, Max: 0.0, Diff: 0.0, Sum: 0.0]
      [Object Copy (ms): Min: 0.0, Avg: 0.0, Max: 0.2, Diff: 0.2, Sum: 0.8]
      [Termination (ms): Min: 0.0, Avg: 6.3, Max: 7.3, Diff: 7.3, Sum: 112.6]
         [Termination Attempts: Min: 1, Avg: 1.0, Max: 1, Diff: 0, Sum: 18]
      [GC Worker Other (ms): Min: 0.0, Avg: 0.0, Max: 0.0, Diff: 0.0, Sum: 0.1]
      [GC Worker Total (ms): Min: 0.0, Avg: 6.3, Max: 7.7, Diff: 7.7, Sum: 114.1]
      [GC Worker End (ms): Min: 12491.9, Avg: 12492.0, Max: 12492.1, Diff: 0.2]
   [Code Root Fixup: 0.0 ms]
   [Code Root Purge: 0.0 ms]
   [Clear CT: 1.4 ms]
   [Other: 4.1 ms]
      [Choose CSet: 0.0 ms]
      [Ref Proc: 2.7 ms]
      [Ref Enq: 0.0 ms]
      [Redirty Cards: 1.4 ms]
      [Humongous Register: 0.0 ms]
      [Humongous Reclaim: 0.0 ms]
      [Free CSet: 0.0 ms]
   [Eden: 12288.0K(12288.0K)->0.0B(9216.0K) Survivors: 1024.0K->2048.0K Heap: 46988.6K(65536.0K)->39720.6K(65536.0K)]
 [Times: user=0.14 sys=0.00, real=0.01 secs] 
2026-06-17T09:48:50.319+0800: 12.521: [GC pause (G1 Evacuation Pause) (young) (initial-mark), 0.0138686 secs]
   [Parallel Time: 9.0 ms, GC Workers: 18]
      [GC Worker Start (ms): Min: 12520.6, Avg: 12521.1, Max: 12521.5, Diff: 0.9]
      [Ext Root Scanning (ms): Min: 0.0, Avg: 1.6, Max: 7.4, Diff: 7.4, Sum: 28.1]
      [Update RS (ms): Min: 0.0, Avg: 0.0, Max: 0.0, Diff: 0.0, Sum: 0.0]
         [Processed Buffers: Min: 0, Avg: 0.2, Max: 3, Diff: 3, Sum: 3]
      [Scan RS (ms): Min: 0.0, Avg: 0.0, Max: 0.0, Diff: 0.0, Sum: 0.0]
      [Code Root Scanning (ms): Min: 0.0, Avg: 0.0, Max: 0.0, Diff: 0.0, Sum: 0.0]
      [Object Copy (ms): Min: 0.0, Avg: 0.0, Max: 0.2, Diff: 0.2, Sum: 0.8]
      [Termination (ms): Min: 0.0, Avg: 6.3, Max: 7.4, Diff: 7.4, Sum: 112.9]
         [Termination Attempts: Min: 1, Avg: 1.0, Max: 1, Diff: 0, Sum: 18]
      [GC Worker Other (ms): Min: 0.0, Avg: 0.0, Max: 0.0, Diff: 0.0, Sum: 0.1]
      [GC Worker Total (ms): Min: 7.4, Avg: 7.9, Max: 8.5, Diff: 1.0, Sum: 141.9]
      [GC Worker End (ms): Min: 12529.0, Avg: 12529.0, Max: 12529.2, Diff: 0.2]
   [Code Root Fixup: 0.0 ms]
   [Code Root Purge: 0.0 ms]
   [Clear CT: 0.7 ms]
   [Other: 4.2 ms]
      [Choose CSet: 0.0 ms]
      [Ref Proc: 3.5 ms]
      [Ref Enq: 0.0 ms]
      [Redirty Cards: 0.7 ms]
      [Humongous Register: 0.0 ms]
      [Humongous Reclaim: 0.0 ms]
      [Free CSet: 0.0 ms]
   [Eden: 9216.0K(9216.0K)->0.0B(7168.0K) Survivors: 2048.0K->2048.0K Heap: 48936.6K(65536.0K)->43581.6K(65536.0K)]
 [Times: user=0.15 sys=0.00, real=0.02 secs] 
2026-06-17T09:48:50.334+0800: 12.535: [GC concurrent-root-region-scan-start]
2026-06-17T09:48:50.335+0800: 12.536: [GC concurrent-root-region-scan-end, 0.0003315 secs]
2026-06-17T09:48:50.335+0800: 12.536: [GC concurrent-mark-start]
2026-06-17T09:48:50.335+0800: 12.536: [GC concurrent-mark-end, 0.0006049 secs]
2026-06-17T09:48:50.335+0800: 12.537: [GC remark 2026-06-17T09:48:50.336+0800: 12.537: [Finalize Marking, 0.0028137 secs] 2026-06-17T09:48:50.339+0800: 12.540: [GC ref-proc, 0.0005077 secs] 2026-06-17T09:48:50.340+0800: 12.541: [Unloading, 0.0017163 secs], 0.0079739 secs]
 [Times: user=0.01 sys=0.00, real=0.01 secs] 
2026-06-17T09:48:50.344+0800: 12.546: [GC cleanup 45058K->38914K(65536K), 0.0033763 secs]
 [Times: user=0.00 sys=0.00, real=0.00 secs] 
2026-06-17T09:48:50.349+0800: 12.550: [GC concurrent-cleanup-start]
2026-06-17T09:48:50.349+0800: 12.550: [GC concurrent-cleanup-end, 0.0000145 secs]
2026-06-17T09:48:50.359+0800: 12.561: [GC pause (G1 Evacuation Pause) (young), 0.0104293 secs]
   [Parallel Time: 7.3 ms, GC Workers: 18]
      [GC Worker Start (ms): Min: 12560.7, Avg: 12562.0, Max: 12567.5, Diff: 6.8]
      [Ext Root Scanning (ms): Min: 0.0, Avg: 0.0, Max: 0.2, Diff: 0.2, Sum: 0.3]
      [Update RS (ms): Min: 0.0, Avg: 0.0, Max: 0.0, Diff: 0.0, Sum: 0.0]
         [Processed Buffers: Min: 0, Avg: 0.2, Max: 2, Diff: 2, Sum: 3]
      [Scan RS (ms): Min: 0.0, Avg: 0.0, Max: 0.0, Diff: 0.0, Sum: 0.0]
      [Code Root Scanning (ms): Min: 0.0, Avg: 0.0, Max: 0.0, Diff: 0.0, Sum: 0.0]
      [Object Copy (ms): Min: 0.0, Avg: 0.0, Max: 0.1, Diff: 0.1, Sum: 0.4]
      [Termination (ms): Min: 0.0, Avg: 5.6, Max: 6.7, Diff: 6.7, Sum: 100.0]
         [Termination Attempts: Min: 1, Avg: 1.1, Max: 2, Diff: 1, Sum: 19]
      [GC Worker Other (ms): Min: 0.0, Avg: 0.0, Max: 0.0, Diff: 0.0, Sum: 0.1]
      [GC Worker Total (ms): Min: 0.0, Avg: 5.6, Max: 6.9, Diff: 6.9, Sum: 100.9]
      [GC Worker End (ms): Min: 12567.5, Avg: 12567.6, Max: 12567.7, Diff: 0.2]
   [Code Root Fixup: 0.0 ms]
   [Code Root Purge: 0.0 ms]
   [Clear CT: 0.7 ms]
   [Other: 2.4 ms]
      [Choose CSet: 0.0 ms]
      [Ref Proc: 1.8 ms]
      [Ref Enq: 0.0 ms]
      [Redirty Cards: 0.5 ms]
      [Humongous Register: 0.0 ms]
      [Humongous Reclaim: 0.0 ms]
      [Free CSet: 0.0 ms]
   [Eden: 7168.0K(7168.0K)->0.0B(1024.0K) Survivors: 2048.0K->2048.0K Heap: 44605.6K(65536.0K)->39037.7K(65536.0K)]
 [Times: user=0.12 sys=0.01, real=0.01 secs] 
2026-06-17T09:48:50.371+0800: 12.572: [GC pause (G1 Evacuation Pause) (mixed), 0.0064844 secs]
   [Parallel Time: 2.0 ms, GC Workers: 18]
      [GC Worker Start (ms): Min: 12572.0, Avg: 12572.9, Max: 12573.5, Diff: 1.5]
      [Ext Root Scanning (ms): Min: 0.0, Avg: 0.0, Max: 0.1, Diff: 0.1, Sum: 0.3]
      [Update RS (ms): Min: 0.0, Avg: 0.0, Max: 0.0, Diff: 0.0, Sum: 0.0]
         [Processed Buffers: Min: 0, Avg: 0.2, Max: 2, Diff: 2, Sum: 3]
      [Scan RS (ms): Min: 0.0, Avg: 0.0, Max: 0.0, Diff: 0.0, Sum: 0.0]
      [Code Root Scanning (ms): Min: 0.0, Avg: 0.0, Max: 0.0, Diff: 0.0, Sum: 0.0]
      [Object Copy (ms): Min: 0.0, Avg: 0.0, Max: 0.2, Diff: 0.2, Sum: 0.6]
      [Termination (ms): Min: 0.0, Avg: 0.7, Max: 1.4, Diff: 1.4, Sum: 12.0]
         [Termination Attempts: Min: 1, Avg: 1.0, Max: 1, Diff: 0, Sum: 18]
      [GC Worker Other (ms): Min: 0.0, Avg: 0.0, Max: 0.0, Diff: 0.0, Sum: 0.1]
      [GC Worker Total (ms): Min: 0.0, Avg: 0.7, Max: 1.7, Diff: 1.7, Sum: 13.0]
      [GC Worker End (ms): Min: 12573.5, Avg: 12573.6, Max: 12573.7, Diff: 0.2]
   [Code Root Fixup: 0.0 ms]
   [Code Root Purge: 0.0 ms]
   [Clear CT: 0.6 ms]
   [Other: 3.9 ms]
      [Choose CSet: 0.0 ms]
      [Ref Proc: 3.3 ms]
      [Ref Enq: 0.0 ms]
      [Redirty Cards: 0.6 ms]
      [Humongous Register: 0.0 ms]
      [Humongous Reclaim: 0.0 ms]
      [Free CSet: 0.0 ms]
   [Eden: 1024.0K(1024.0K)->0.0B(2048.0K) Survivors: 2048.0K->1024.0K Heap: 40061.7K(65536.0K)->35772.0K(65536.0K)]
 [Times: user=0.05 sys=0.00, real=0.00 secs] 
2026-06-17T09:48:50.378+0800: 12.580: [GC pause (G1 Evacuation Pause) (mixed), 0.0063832 secs]
   [Parallel Time: 2.0 ms, GC Workers: 18]
      [GC Worker Start (ms): Min: 12579.7, Avg: 12580.5, Max: 12581.2, Diff: 1.4]
      [Ext Root Scanning (ms): Min: 0.0, Avg: 0.0, Max: 0.1, Diff: 0.1, Sum: 0.3]
      [Update RS (ms): Min: 0.0, Avg: 0.0, Max: 0.0, Diff: 0.0, Sum: 0.0]
         [Processed Buffers: Min: 0, Avg: 0.2, Max: 2, Diff: 2, Sum: 4]
      [Scan RS (ms): Min: 0.0, Avg: 0.0, Max: 0.0, Diff: 0.0, Sum: 0.0]
      [Code Root Scanning (ms): Min: 0.0, Avg: 0.0, Max: 0.0, Diff: 0.0, Sum: 0.0]
      [Object Copy (ms): Min: 0.0, Avg: 0.0, Max: 0.2, Diff: 0.2, Sum: 0.8]
      [Termination (ms): Min: 0.0, Avg: 0.6, Max: 1.1, Diff: 1.1, Sum: 10.8]
         [Termination Attempts: Min: 1, Avg: 1.0, Max: 1, Diff: 0, Sum: 18]
      [GC Worker Other (ms): Min: 0.0, Avg: 0.0, Max: 0.0, Diff: 0.0, Sum: 0.1]
      [GC Worker Total (ms): Min: 0.0, Avg: 0.7, Max: 1.4, Diff: 1.4, Sum: 12.0]
      [GC Worker End (ms): Min: 12581.2, Avg: 12581.2, Max: 12581.3, Diff: 0.2]
   [Code Root Fixup: 0.0 ms]
   [Code Root Purge: 0.0 ms]
   [Clear CT: 0.8 ms]
   [Other: 3.5 ms]
      [Choose CSet: 0.0 ms]
      [Ref Proc: 2.6 ms]
      [Ref Enq: 0.0 ms]
      [Redirty Cards: 0.8 ms]
      [Humongous Register: 0.0 ms]
      [Humongous Reclaim: 0.0 ms]
      [Free CSet: 0.0 ms]
   [Eden: 2048.0K(2048.0K)->0.0B(2048.0K) Survivors: 1024.0K->1024.0K Heap: 37820.0K(65536.0K)->34059.6K(65536.0K)]
 [Times: user=0.04 sys=0.00, real=0.01 secs] 
2026-06-17T09:48:50.396+0800: 12.597: [GC pause (G1 Evacuation Pause) (mixed), 0.0145357 secs]
   [Parallel Time: 9.9 ms, GC Workers: 18]
      [GC Worker Start (ms): Min: 12597.5, Avg: 12599.0, Max: 12606.4, Diff: 8.9]
      [Ext Root Scanning (ms): Min: 0.0, Avg: 0.0, Max: 0.2, Diff: 0.2, Sum: 0.3]
      [Update RS (ms): Min: 0.0, Avg: 0.0, Max: 0.0, Diff: 0.0, Sum: 0.0]
         [Processed Buffers: Min: 0, Avg: 0.3, Max: 3, Diff: 3, Sum: 5]
      [Scan RS (ms): Min: 0.0, Avg: 0.0, Max: 0.1, Diff: 0.1, Sum: 0.1]
      [Code Root Scanning (ms): Min: 0.0, Avg: 0.0, Max: 0.0, Diff: 0.0, Sum: 0.0]
      [Object Copy (ms): Min: 0.0, Avg: 0.0, Max: 0.2, Diff: 0.2, Sum: 0.6]
      [Termination (ms): Min: 0.0, Avg: 7.4, Max: 8.7, Diff: 8.7, Sum: 134.0]
         [Termination Attempts: Min: 1, Avg: 1.0, Max: 1, Diff: 0, Sum: 18]
      [GC Worker Other (ms): Min: 0.0, Avg: 0.0, Max: 0.0, Diff: 0.0, Sum: 0.1]
      [GC Worker Total (ms): Min: 0.0, Avg: 7.5, Max: 9.1, Diff: 9.1, Sum: 135.2]
      [GC Worker End (ms): Min: 12606.5, Avg: 12606.5, Max: 12606.6, Diff: 0.2]
   [Code Root Fixup: 0.0 ms]
   [Code Root Purge: 0.0 ms]
   [Clear CT: 0.8 ms]
   [Other: 3.8 ms]
      [Choose CSet: 0.0 ms]
      [Ref Proc: 2.9 ms]
      [Ref Enq: 0.0 ms]
      [Redirty Cards: 0.8 ms]
      [Humongous Register: 0.0 ms]
      [Humongous Reclaim: 0.0 ms]
      [Free CSet: 0.0 ms]
   [Eden: 2048.0K(2048.0K)->0.0B(16384.0K) Survivors: 1024.0K->1024.0K Heap: 36107.6K(65536.0K)->32125.6K(65536.0K)]
 [Times: user=0.16 sys=0.00, real=0.02 secs] 
2026-06-17T09:48:50.453+0800: 12.655: [GC pause (G1 Evacuation Pause) (young), 0.0341247 secs]
   [Parallel Time: 28.0 ms, GC Workers: 18]
      [GC Worker Start (ms): Min: 12654.7, Avg: 12667.9, Max: 12681.5, Diff: 26.8]
      [Ext Root Scanning (ms): Min: 0.0, Avg: 0.0, Max: 0.2, Diff: 0.2, Sum: 0.4]
      [Update RS (ms): Min: 0.0, Avg: 0.0, Max: 0.1, Diff: 0.1, Sum: 0.2]
         [Processed Buffers: Min: 0, Avg: 0.2, Max: 2, Diff: 2, Sum: 4]
      [Scan RS (ms): Min: 0.0, Avg: 0.0, Max: 0.0, Diff: 0.0, Sum: 0.0]
      [Code Root Scanning (ms): Min: 0.0, Avg: 0.0, Max: 0.0, Diff: 0.0, Sum: 0.0]
      [Object Copy (ms): Min: 0.0, Avg: 0.0, Max: 0.3, Diff: 0.3, Sum: 0.8]
      [Termination (ms): Min: 0.0, Avg: 13.6, Max: 26.5, Diff: 26.5, Sum: 245.4]
         [Termination Attempts: Min: 1, Avg: 1.0, Max: 1, Diff: 0, Sum: 18]
      [GC Worker Other (ms): Min: 0.0, Avg: 0.0, Max: 0.0, Diff: 0.0, Sum: 0.1]
      [GC Worker Total (ms): Min: 0.0, Avg: 13.7, Max: 27.0, Diff: 27.0, Sum: 246.9]
      [GC Worker End (ms): Min: 12681.5, Avg: 12681.6, Max: 12681.8, Diff: 0.3]
   [Code Root Fixup: 0.0 ms]
   [Code Root Purge: 0.0 ms]
   [Clear CT: 0.9 ms]
   [Other: 5.3 ms]
      [Choose CSet: 0.0 ms]
      [Ref Proc: 4.5 ms]
      [Ref Enq: 0.0 ms]
      [Redirty Cards: 0.7 ms]
      [Humongous Register: 0.0 ms]
      [Humongous Reclaim: 0.0 ms]
      [Free CSet: 0.0 ms]
   [Eden: 16384.0K(16384.0K)->0.0B(13312.0K) Survivors: 1024.0K->3072.0K Heap: 48509.6K(65536.0K)->35570.6K(65536.0K)]
 [Times: user=0.28 sys=0.00, real=0.03 secs] 
2026-06-17T09:48:50.519+0800: 12.721: [GC pause (G1 Evacuation Pause) (young) (initial-mark), 0.0198591 secs]
   [Parallel Time: 14.1 ms, GC Workers: 18]
      [GC Worker Start (ms): Min: 12720.8, Avg: 12721.2, Max: 12721.5, Diff: 0.7]
      [Ext Root Scanning (ms): Min: 0.0, Avg: 5.3, Max: 12.9, Diff: 12.9, Sum: 95.1]
      [Update RS (ms): Min: 0.0, Avg: 0.0, Max: 0.0, Diff: 0.0, Sum: 0.0]
         [Processed Buffers: Min: 0, Avg: 0.2, Max: 3, Diff: 3, Sum: 3]
      [Scan RS (ms): Min: 0.0, Avg: 0.0, Max: 0.0, Diff: 0.0, Sum: 0.0]
      [Code Root Scanning (ms): Min: 0.0, Avg: 0.0, Max: 0.0, Diff: 0.0, Sum: 0.0]
      [Object Copy (ms): Min: 0.0, Avg: 0.1, Max: 0.4, Diff: 0.4, Sum: 1.2]
      [Termination (ms): Min: 0.0, Avg: 8.0, Max: 12.8, Diff: 12.8, Sum: 143.5]
         [Termination Attempts: Min: 1, Avg: 1.0, Max: 1, Diff: 0, Sum: 18]
      [GC Worker Other (ms): Min: 0.0, Avg: 0.0, Max: 0.0, Diff: 0.0, Sum: 0.1]
      [GC Worker Total (ms): Min: 12.9, Avg: 13.3, Max: 13.8, Diff: 0.9, Sum: 240.0]
      [GC Worker End (ms): Min: 12734.4, Avg: 12734.5, Max: 12734.7, Diff: 0.3]
   [Code Root Fixup: 0.0 ms]
   [Code Root Purge: 0.0 ms]
   [Clear CT: 0.7 ms]
   [Other: 5.1 ms]
      [Choose CSet: 0.0 ms]
      [Ref Proc: 4.0 ms]
      [Ref Enq: 0.0 ms]
      [Redirty Cards: 1.0 ms]
      [Humongous Register: 0.0 ms]
      [Humongous Reclaim: 0.0 ms]
      [Free CSet: 0.0 ms]
   [Eden: 13312.0K(13312.0K)->0.0B(11264.0K) Survivors: 3072.0K->2048.0K Heap: 48882.6K(65536.0K)->39543.6K(65536.0K)]
 [Times: user=0.19 sys=0.00, real=0.02 secs] 
2026-06-17T09:48:50.541+0800: 12.742: [GC concurrent-root-region-scan-start]
2026-06-17T09:48:50.541+0800: 12.742: [GC concurrent-root-region-scan-end, 0.0003366 secs]
2026-06-17T09:48:50.541+0800: 12.742: [GC concurrent-mark-start]
2026-06-17T09:48:50.541+0800: 12.742: [GC concurrent-mark-end, 0.0002411 secs]
2026-06-17T09:48:50.541+0800: 12.743: [GC remark 2026-06-17T09:48:50.542+0800: 12.743: [Finalize Marking, 0.0095754 secs] 2026-06-17T09:48:50.552+0800: 12.753: [GC ref-proc, 0.0004944 secs] 2026-06-17T09:48:50.552+0800: 12.754: [Unloading, 0.0019366 secs], 0.0143561 secs]
 [Times: user=0.11 sys=0.00, real=0.02 secs] 
2026-06-17T09:48:50.557+0800: 12.758: [GC cleanup 44276K->41204K(65536K), 0.0035477 secs]
 [Times: user=0.00 sys=0.00, real=0.00 secs] 
2026-06-17T09:48:50.561+0800: 12.763: [GC concurrent-cleanup-start]
2026-06-17T09:48:50.561+0800: 12.763: [GC concurrent-cleanup-end, 0.0000112 secs]
2026-06-17T09:48:50.582+0800: 12.784: [GC pause (G1 Evacuation Pause) (young), 0.0114925 secs]
   [Parallel Time: 6.3 ms, GC Workers: 18]
      [GC Worker Start (ms): Min: 12783.6, Avg: 12785.4, Max: 12789.3, Diff: 5.7]
      [Ext Root Scanning (ms): Min: 0.0, Avg: 0.0, Max: 0.2, Diff: 0.2, Sum: 0.4]
      [Update RS (ms): Min: 0.0, Avg: 0.0, Max: 0.0, Diff: 0.0, Sum: 0.0]
         [Processed Buffers: Min: 0, Avg: 0.2, Max: 2, Diff: 2, Sum: 3]
      [Scan RS (ms): Min: 0.0, Avg: 0.0, Max: 0.0, Diff: 0.0, Sum: 0.0]
      [Code Root Scanning (ms): Min: 0.0, Avg: 0.0, Max: 0.0, Diff: 0.0, Sum: 0.0]
      [Object Copy (ms): Min: 0.0, Avg: 0.0, Max: 0.2, Diff: 0.2, Sum: 0.7]
      [Termination (ms): Min: 0.0, Avg: 3.9, Max: 5.4, Diff: 5.4, Sum: 70.2]
         [Termination Attempts: Min: 1, Avg: 1.0, Max: 1, Diff: 0, Sum: 18]
      [GC Worker Other (ms): Min: 0.0, Avg: 0.0, Max: 0.0, Diff: 0.0, Sum: 0.1]
      [GC Worker Total (ms): Min: 0.0, Avg: 4.0, Max: 5.8, Diff: 5.8, Sum: 71.4]
      [GC Worker End (ms): Min: 12789.3, Avg: 12789.3, Max: 12789.4, Diff: 0.1]
   [Code Root Fixup: 0.0 ms]
   [Code Root Purge: 0.0 ms]
   [Clear CT: 0.7 ms]
   [Other: 4.5 ms]
      [Choose CSet: 0.0 ms]
      [Ref Proc: 3.3 ms]
      [Ref Enq: 0.0 ms]
      [Redirty Cards: 1.1 ms]
      [Humongous Register: 0.0 ms]
      [Humongous Reclaim: 0.0 ms]
      [Free CSet: 0.0 ms]
   [Eden: 11264.0K(11264.0K)->0.0B(1024.0K) Survivors: 2048.0K->2048.0K Heap: 48941.6K(65536.0K)->40499.6K(65536.0K)]
 [Times: user=0.11 sys=0.00, real=0.02 secs] 
2026-06-17T09:48:50.595+0800: 12.796: [GC pause (G1 Evacuation Pause) (mixed), 0.0072580 secs]
   [Parallel Time: 3.6 ms, GC Workers: 18]
      [GC Worker Start (ms): Min: 12796.4, Avg: 12797.2, Max: 12799.5, Diff: 3.1]
      [Ext Root Scanning (ms): Min: 0.0, Avg: 0.0, Max: 0.2, Diff: 0.2, Sum: 0.4]
      [Update RS (ms): Min: 0.0, Avg: 0.0, Max: 0.0, Diff: 0.0, Sum: 0.0]
         [Processed Buffers: Min: 0, Avg: 0.2, Max: 2, Diff: 2, Sum: 3]
      [Scan RS (ms): Min: 0.0, Avg: 0.0, Max: 0.0, Diff: 0.0, Sum: 0.0]
      [Code Root Scanning (ms): Min: 0.0, Avg: 0.0, Max: 0.0, Diff: 0.0, Sum: 0.0]
      [Object Copy (ms): Min: 0.0, Avg: 0.1, Max: 0.2, Diff: 0.2, Sum: 1.0]
      [Termination (ms): Min: 0.0, Avg: 2.2, Max: 2.8, Diff: 2.8, Sum: 40.4]
         [Termination Attempts: Min: 1, Avg: 1.0, Max: 1, Diff: 0, Sum: 18]
      [GC Worker Other (ms): Min: 0.0, Avg: 0.0, Max: 0.0, Diff: 0.0, Sum: 0.1]
      [GC Worker Total (ms): Min: 0.0, Avg: 2.3, Max: 3.2, Diff: 3.2, Sum: 41.8]
      [GC Worker End (ms): Min: 12799.5, Avg: 12799.6, Max: 12799.7, Diff: 0.2]
   [Code Root Fixup: 0.0 ms]
   [Code Root Purge: 0.0 ms]
   [Clear CT: 0.7 ms]
   [Other: 2.9 ms]
      [Choose CSet: 0.0 ms]
      [Ref Proc: 2.2 ms]
      [Ref Enq: 0.0 ms]
      [Redirty Cards: 0.7 ms]
      [Humongous Register: 0.0 ms]
      [Humongous Reclaim: 0.0 ms]
      [Free CSet: 0.0 ms]
   [Eden: 1024.0K(1024.0K)->0.0B(2048.0K) Survivors: 2048.0K->1024.0K Heap: 41523.6K(65536.0K)->38606.1K(65536.0K)]
 [Times: user=0.06 sys=0.00, real=0.01 secs] 
2026-06-17T09:48:50.603+0800: 12.805: [GC pause (G1 Evacuation Pause) (mixed), 0.0089852 secs]
   [Parallel Time: 5.1 ms, GC Workers: 18]
      [GC Worker Start (ms): Min: 12804.6, Avg: 12805.5, Max: 12809.0, Diff: 4.3]
      [Ext Root Scanning (ms): Min: 0.0, Avg: 0.0, Max: 0.2, Diff: 0.2, Sum: 0.5]
      [Update RS (ms): Min: 0.0, Avg: 0.0, Max: 0.0, Diff: 0.0, Sum: 0.0]
         [Processed Buffers: Min: 0, Avg: 0.3, Max: 2, Diff: 2, Sum: 5]
      [Scan RS (ms): Min: 0.0, Avg: 0.0, Max: 0.0, Diff: 0.0, Sum: 0.1]
      [Code Root Scanning (ms): Min: 0.0, Avg: 0.0, Max: 0.0, Diff: 0.0, Sum: 0.0]
      [Object Copy (ms): Min: 0.0, Avg: 0.1, Max: 0.2, Diff: 0.2, Sum: 1.0]
      [Termination (ms): Min: 0.0, Avg: 3.4, Max: 4.1, Diff: 4.1, Sum: 61.1]
         [Termination Attempts: Min: 1, Avg: 1.0, Max: 1, Diff: 0, Sum: 18]
      [GC Worker Other (ms): Min: 0.0, Avg: 0.0, Max: 0.0, Diff: 0.0, Sum: 0.1]
      [GC Worker Total (ms): Min: 0.0, Avg: 3.5, Max: 4.5, Diff: 4.5, Sum: 62.8]
      [GC Worker End (ms): Min: 12809.0, Avg: 12809.0, Max: 12809.1, Diff: 0.1]
   [Code Root Fixup: 0.0 ms]
   [Code Root Purge: 0.0 ms]
   [Clear CT: 0.7 ms]
   [Other: 3.2 ms]
      [Choose CSet: 0.0 ms]
      [Ref Proc: 2.4 ms]
      [Ref Enq: 0.0 ms]
      [Redirty Cards: 0.8 ms]
      [Humongous Register: 0.0 ms]
      [Humongous Reclaim: 0.0 ms]
      [Free CSet: 0.0 ms]
   [Eden: 2048.0K(2048.0K)->0.0B(10240.0K) Survivors: 1024.0K->1024.0K Heap: 40654.1K(65536.0K)->39348.6K(65536.0K)]
 [Times: user=0.09 sys=0.00, real=0.01 secs] 
2026-06-17T09:48:50.645+0800: 12.846: [GC pause (G1 Evacuation Pause) (young), 0.0137791 secs]
   [Parallel Time: 8.0 ms, GC Workers: 18]
      [GC Worker Start (ms): Min: 12846.2, Avg: 12847.6, Max: 12853.2, Diff: 7.0]
      [Ext Root Scanning (ms): Min: 0.0, Avg: 0.0, Max: 0.2, Diff: 0.2, Sum: 0.3]
      [Update RS (ms): Min: 0.0, Avg: 0.0, Max: 0.1, Diff: 0.1, Sum: 0.2]
         [Processed Buffers: Min: 0, Avg: 0.3, Max: 3, Diff: 3, Sum: 6]
      [Scan RS (ms): Min: 0.0, Avg: 0.0, Max: 0.0, Diff: 0.0, Sum: 0.0]
      [Code Root Scanning (ms): Min: 0.0, Avg: 0.0, Max: 0.0, Diff: 0.0, Sum: 0.0]
      [Object Copy (ms): Min: 0.0, Avg: 0.0, Max: 0.2, Diff: 0.2, Sum: 0.5]
      [Termination (ms): Min: 0.0, Avg: 5.6, Max: 6.7, Diff: 6.7, Sum: 100.0]
         [Termination Attempts: Min: 1, Avg: 1.0, Max: 1, Diff: 0, Sum: 18]
      [GC Worker Other (ms): Min: 0.0, Avg: 0.0, Max: 0.0, Diff: 0.0, Sum: 0.1]
      [GC Worker Total (ms): Min: 0.0, Avg: 5.6, Max: 7.1, Diff: 7.0, Sum: 101.1]
      [GC Worker End (ms): Min: 12853.2, Avg: 12853.2, Max: 12853.3, Diff: 0.2]
   [Code Root Fixup: 0.0 ms]
   [Code Root Purge: 0.0 ms]
   [Clear CT: 1.2 ms]
   [Other: 4.6 ms]
      [Choose CSet: 0.0 ms]
      [Ref Proc: 3.4 ms]
      [Ref Enq: 0.0 ms]
      [Redirty Cards: 1.2 ms]
      [Humongous Register: 0.0 ms]
      [Humongous Reclaim: 0.0 ms]
      [Free CSet: 0.0 ms]
   [Eden: 10240.0K(10240.0K)->0.0B(8192.0K) Survivors: 1024.0K->2048.0K Heap: 49588.6K(65536.0K)->42586.6K(65536.0K)]
 [Times: user=0.12 sys=0.02, real=0.01 secs] 
2026-06-17T09:48:50.681+0800: 12.882: [GC pause (G1 Evacuation Pause) (young) (initial-mark), 0.0108678 secs]
   [Parallel Time: 5.6 ms, GC Workers: 18]
      [GC Worker Start (ms): Min: 12882.0, Avg: 12882.5, Max: 12882.9, Diff: 0.9]
      [Ext Root Scanning (ms): Min: 0.0, Avg: 1.7, Max: 3.8, Diff: 3.7, Sum: 30.6]
      [Update RS (ms): Min: 0.0, Avg: 0.0, Max: 0.0, Diff: 0.0, Sum: 0.0]
         [Processed Buffers: Min: 0, Avg: 0.2, Max: 3, Diff: 3, Sum: 3]
      [Scan RS (ms): Min: 0.0, Avg: 0.0, Max: 0.0, Diff: 0.0, Sum: 0.0]
      [Code Root Scanning (ms): Min: 0.0, Avg: 0.0, Max: 0.0, Diff: 0.0, Sum: 0.0]
      [Object Copy (ms): Min: 0.0, Avg: 0.0, Max: 0.2, Diff: 0.2, Sum: 0.4]
      [Termination (ms): Min: 0.0, Avg: 2.4, Max: 3.6, Diff: 3.6, Sum: 43.0]
         [Termination Attempts: Min: 1, Avg: 1.0, Max: 1, Diff: 0, Sum: 18]
      [GC Worker Other (ms): Min: 0.0, Avg: 0.0, Max: 0.0, Diff: 0.0, Sum: 0.1]
      [GC Worker Total (ms): Min: 3.7, Avg: 4.1, Max: 4.7, Diff: 1.0, Sum: 74.2]
      [GC Worker End (ms): Min: 12886.5, Avg: 12886.6, Max: 12886.7, Diff: 0.2]
   [Code Root Fixup: 0.0 ms]
   [Code Root Purge: 0.0 ms]
   [Clear CT: 0.8 ms]
   [Other: 4.5 ms]
      [Choose CSet: 0.0 ms]
      [Ref Proc: 3.8 ms]
      [Ref Enq: 0.0 ms]
      [Redirty Cards: 0.6 ms]
      [Humongous Register: 0.0 ms]
      [Humongous Reclaim: 0.0 ms]
      [Free CSet: 0.0 ms]
   [Eden: 8192.0K(8192.0K)->0.0B(7168.0K) Survivors: 2048.0K->2048.0K Heap: 50778.6K(65536.0K)->44238.6K(65536.0K)]
 [Times: user=0.07 sys=0.01, real=0.02 secs] 
2026-06-17T09:48:50.693+0800: 12.894: [GC concurrent-root-region-scan-start]
2026-06-17T09:48:50.693+0800: 12.894: [GC concurrent-root-region-scan-end, 0.0002987 secs]
2026-06-17T09:48:50.693+0800: 12.894: [GC concurrent-mark-start]
2026-06-17T09:48:50.693+0800: 12.895: [GC concurrent-mark-end, 0.0004214 secs]
2026-06-17T09:48:50.693+0800: 12.895: [GC remark 2026-06-17T09:48:50.694+0800: 12.895: [Finalize Marking, 0.0049387 secs] 2026-06-17T09:48:50.699+0800: 12.901: [GC ref-proc, 0.0006166 secs] 2026-06-17T09:48:50.700+0800: 12.902: [Unloading, 0.0017431 secs], 0.0099825 secs]
 [Times: user=0.05 sys=0.00, real=0.01 secs] 
2026-06-17T09:48:50.704+0800: 12.906: [GC cleanup 48325K->41157K(65536K), 0.0029572 secs]
 [Times: user=0.00 sys=0.01, real=0.00 secs] 
2026-06-17T09:48:50.709+0800: 12.910: [GC concurrent-cleanup-start]
2026-06-17T09:48:50.709+0800: 12.910: [GC concurrent-cleanup-end, 0.0000114 secs]
2026-06-17T09:48:50.709+0800: 12.910: [GC pause (G1 Evacuation Pause) (young), 0.0101943 secs]
   [Parallel Time: 7.1 ms, GC Workers: 18]
      [GC Worker Start (ms): Min: 12910.2, Avg: 12911.2, Max: 12916.6, Diff: 6.4]
      [Ext Root Scanning (ms): Min: 0.0, Avg: 0.0, Max: 0.2, Diff: 0.2, Sum: 0.4]
      [Update RS (ms): Min: 0.0, Avg: 0.0, Max: 0.0, Diff: 0.0, Sum: 0.0]
         [Processed Buffers: Min: 0, Avg: 0.2, Max: 1, Diff: 1, Sum: 3]
      [Scan RS (ms): Min: 0.0, Avg: 0.0, Max: 0.0, Diff: 0.0, Sum: 0.0]
      [Code Root Scanning (ms): Min: 0.0, Avg: 0.0, Max: 0.0, Diff: 0.0, Sum: 0.0]
      [Object Copy (ms): Min: 0.0, Avg: 0.0, Max: 0.1, Diff: 0.1, Sum: 0.2]
      [Termination (ms): Min: 0.0, Avg: 5.4, Max: 6.3, Diff: 6.3, Sum: 96.6]
         [Termination Attempts: Min: 1, Avg: 1.1, Max: 2, Diff: 1, Sum: 20]
      [GC Worker Other (ms): Min: 0.0, Avg: 0.0, Max: 0.0, Diff: 0.0, Sum: 0.1]
      [GC Worker Total (ms): Min: 0.0, Avg: 5.4, Max: 6.5, Diff: 6.5, Sum: 97.4]
      [GC Worker End (ms): Min: 12916.6, Avg: 12916.6, Max: 12916.8, Diff: 0.2]
   [Code Root Fixup: 0.0 ms]
   [Code Root Purge: 0.0 ms]
   [Clear CT: 0.7 ms]
   [Other: 2.4 ms]
      [Choose CSet: 0.0 ms]
      [Ref Proc: 1.7 ms]
      [Ref Enq: 0.0 ms]
      [Redirty Cards: 0.7 ms]
      [Humongous Register: 0.0 ms]
      [Humongous Reclaim: 0.0 ms]
      [Free CSet: 0.0 ms]
   [Eden: 7168.0K(7168.0K)->0.0B(2048.0K) Survivors: 2048.0K->1024.0K Heap: 44238.6K(65536.0K)->36738.6K(65536.0K)]
 [Times: user=0.11 sys=0.00, real=0.01 secs] 
2026-06-17T09:48:50.730+0800: 12.932: [GC pause (G1 Evacuation Pause) (mixed), 0.0101328 secs]
   [Parallel Time: 3.9 ms, GC Workers: 18]
      [GC Worker Start (ms): Min: 12931.8, Avg: 12933.0, Max: 12935.1, Diff: 3.2]
      [Ext Root Scanning (ms): Min: 0.0, Avg: 0.0, Max: 0.2, Diff: 0.2, Sum: 0.4]
      [Update RS (ms): Min: 0.0, Avg: 0.0, Max: 0.0, Diff: 0.0, Sum: 0.0]
         [Processed Buffers: Min: 0, Avg: 0.1, Max: 1, Diff: 1, Sum: 2]
      [Scan RS (ms): Min: 0.0, Avg: 0.0, Max: 0.0, Diff: 0.0, Sum: 0.0]
      [Code Root Scanning (ms): Min: 0.0, Avg: 0.0, Max: 0.0, Diff: 0.0, Sum: 0.0]
      [Object Copy (ms): Min: 0.0, Avg: 0.0, Max: 0.2, Diff: 0.2, Sum: 0.7]
      [Termination (ms): Min: 0.0, Avg: 2.0, Max: 2.9, Diff: 2.9, Sum: 36.3]
         [Termination Attempts: Min: 1, Avg: 1.0, Max: 1, Diff: 0, Sum: 18]
      [GC Worker Other (ms): Min: 0.0, Avg: 0.0, Max: 0.0, Diff: 0.0, Sum: 0.1]
      [GC Worker Total (ms): Min: 0.0, Avg: 2.1, Max: 3.3, Diff: 3.3, Sum: 37.6]
      [GC Worker End (ms): Min: 12935.1, Avg: 12935.1, Max: 12935.3, Diff: 0.2]
   [Code Root Fixup: 0.0 ms]
   [Code Root Purge: 0.0 ms]
   [Clear CT: 1.0 ms]
   [Other: 5.2 ms]
      [Choose CSet: 0.0 ms]
      [Ref Proc: 4.3 ms]
      [Ref Enq: 0.0 ms]
      [Redirty Cards: 0.9 ms]
      [Humongous Register: 0.0 ms]
      [Humongous Reclaim: 0.0 ms]
      [Free CSet: 0.0 ms]
   [Eden: 2048.0K(2048.0K)->0.0B(2048.0K) Survivors: 1024.0K->1024.0K Heap: 38786.6K(65536.0K)->34906.6K(65536.0K)]
 [Times: user=0.09 sys=0.01, real=0.00 secs] 
2026-06-17T09:48:50.742+0800: 12.943: [GC pause (G1 Evacuation Pause) (mixed), 0.0063866 secs]
   [Parallel Time: 2.1 ms, GC Workers: 18]
      [GC Worker Start (ms): Min: 12943.3, Avg: 12944.3, Max: 12945.1, Diff: 1.8]
      [Ext Root Scanning (ms): Min: 0.0, Avg: 0.0, Max: 0.2, Diff: 0.2, Sum: 0.3]
      [Update RS (ms): Min: 0.0, Avg: 0.0, Max: 0.0, Diff: 0.0, Sum: 0.1]
         [Processed Buffers: Min: 0, Avg: 0.3, Max: 2, Diff: 2, Sum: 5]
      [Scan RS (ms): Min: 0.0, Avg: 0.0, Max: 0.0, Diff: 0.0, Sum: 0.1]
      [Code Root Scanning (ms): Min: 0.0, Avg: 0.0, Max: 0.0, Diff: 0.0, Sum: 0.0]
      [Object Copy (ms): Min: 0.0, Avg: 0.1, Max: 0.3, Diff: 0.3, Sum: 0.9]
      [Termination (ms): Min: 0.0, Avg: 0.8, Max: 1.4, Diff: 1.4, Sum: 13.6]
         [Termination Attempts: Min: 1, Avg: 1.0, Max: 1, Diff: 0, Sum: 18]
      [GC Worker Other (ms): Min: 0.0, Avg: 0.0, Max: 0.0, Diff: 0.0, Sum: 0.1]
      [GC Worker Total (ms): Min: 0.0, Avg: 0.8, Max: 1.9, Diff: 1.9, Sum: 15.1]
      [GC Worker End (ms): Min: 12945.1, Avg: 12945.2, Max: 12945.3, Diff: 0.1]
   [Code Root Fixup: 0.0 ms]
   [Code Root Purge: 0.0 ms]
   [Clear CT: 0.9 ms]
   [Other: 3.4 ms]
      [Choose CSet: 0.0 ms]
      [Ref Proc: 2.5 ms]
      [Ref Enq: 0.0 ms]
      [Redirty Cards: 0.8 ms]
      [Humongous Register: 0.0 ms]
      [Humongous Reclaim: 0.0 ms]
      [Free CSet: 0.0 ms]
   [Eden: 2048.0K(2048.0K)->0.0B(2048.0K) Survivors: 1024.0K->1024.0K Heap: 36954.6K(65536.0K)->33438.6K(65536.0K)]
 [Times: user=0.04 sys=0.00, real=0.01 secs] 
2026-06-17T09:48:50.760+0800: 12.961: [GC pause (G1 Evacuation Pause) (mixed), 0.0118472 secs]
   [Parallel Time: 8.4 ms, GC Workers: 18]
      [GC Worker Start (ms): Min: 12961.1, Avg: 12962.5, Max: 12968.8, Diff: 7.7]
      [Ext Root Scanning (ms): Min: 0.0, Avg: 0.0, Max: 0.2, Diff: 0.2, Sum: 0.5]
      [Update RS (ms): Min: 0.0, Avg: 0.0, Max: 0.0, Diff: 0.0, Sum: 0.0]
         [Processed Buffers: Min: 0, Avg: 0.3, Max: 2, Diff: 2, Sum: 5]
      [Scan RS (ms): Min: 0.0, Avg: 0.0, Max: 0.0, Diff: 0.0, Sum: 0.1]
      [Code Root Scanning (ms): Min: 0.0, Avg: 0.0, Max: 0.0, Diff: 0.0, Sum: 0.0]
      [Object Copy (ms): Min: 0.0, Avg: 0.0, Max: 0.2, Diff: 0.2, Sum: 0.8]
      [Termination (ms): Min: 0.0, Avg: 6.3, Max: 7.4, Diff: 7.4, Sum: 113.3]
         [Termination Attempts: Min: 1, Avg: 1.0, Max: 1, Diff: 0, Sum: 18]
      [GC Worker Other (ms): Min: 0.0, Avg: 0.0, Max: 0.0, Diff: 0.0, Sum: 0.1]
      [GC Worker Total (ms): Min: 0.0, Avg: 6.4, Max: 7.8, Diff: 7.8, Sum: 114.8]
      [GC Worker End (ms): Min: 12968.8, Avg: 12968.9, Max: 12969.0, Diff: 0.2]
   [Code Root Fixup: 0.0 ms]
   [Code Root Purge: 0.0 ms]
   [Clear CT: 1.2 ms]
   [Other: 2.2 ms]
      [Choose CSet: 0.0 ms]
      [Ref Proc: 1.3 ms]
      [Ref Enq: 0.0 ms]
      [Redirty Cards: 0.8 ms]
      [Humongous Register: 0.0 ms]
      [Humongous Reclaim: 0.0 ms]
      [Free CSet: 0.0 ms]
   [Eden: 2048.0K(2048.0K)->0.0B(15360.0K) Survivors: 1024.0K->1024.0K Heap: 35486.6K(65536.0K)->33276.6K(65536.0K)]
 [Times: user=0.13 sys=0.00, real=0.02 secs] 
2026-06-17T09:48:50.815+0800: 13.016: [GC pause (G1 Evacuation Pause) (young), 0.0489236 secs]
   [Parallel Time: 40.5 ms, GC Workers: 18]
      [GC Worker Start (ms): Min: 13016.0, Avg: 13030.6, Max: 13055.3, Diff: 39.3]
      [Ext Root Scanning (ms): Min: 0.0, Avg: 0.0, Max: 0.2, Diff: 0.2, Sum: 0.5]
      [Update RS (ms): Min: 0.0, Avg: 0.0, Max: 0.1, Diff: 0.1, Sum: 0.2]
         [Processed Buffers: Min: 0, Avg: 0.3, Max: 2, Diff: 2, Sum: 5]
      [Scan RS (ms): Min: 0.0, Avg: 0.0, Max: 0.0, Diff: 0.0, Sum: 0.0]
      [Code Root Scanning (ms): Min: 0.0, Avg: 0.0, Max: 0.0, Diff: 0.0, Sum: 0.0]
      [Object Copy (ms): Min: 0.0, Avg: 0.0, Max: 0.1, Diff: 0.1, Sum: 0.3]
      [Termination (ms): Min: 0.0, Avg: 24.8, Max: 39.2, Diff: 39.2, Sum: 446.3]
         [Termination Attempts: Min: 1, Avg: 1.0, Max: 1, Diff: 0, Sum: 18]
      [GC Worker Other (ms): Min: 0.0, Avg: 0.0, Max: 0.0, Diff: 0.0, Sum: 0.1]
      [GC Worker Total (ms): Min: 0.0, Avg: 24.9, Max: 39.4, Diff: 39.4, Sum: 447.4]
      [GC Worker End (ms): Min: 13055.3, Avg: 13055.5, Max: 13055.8, Diff: 0.5]
   [Code Root Fixup: 0.0 ms]
   [Code Root Purge: 0.0 ms]
   [Clear CT: 0.7 ms]
   [Other: 7.8 ms]
      [Choose CSet: 0.0 ms]
      [Ref Proc: 7.0 ms]
      [Ref Enq: 0.0 ms]
      [Redirty Cards: 0.7 ms]
      [Humongous Register: 0.0 ms]
      [Humongous Reclaim: 0.0 ms]
      [Free CSet: 0.0 ms]
   [Eden: 15360.0K(15360.0K)->0.0B(14336.0K) Survivors: 1024.0K->2048.0K Heap: 48636.6K(65536.0K)->35453.6K(65536.0K)]
 [Times: user=0.50 sys=0.02, real=0.05 secs] 
2026-06-17T09:48:50.886+0800: 13.087: [GC pause (G1 Humongous Allocation) (young) (initial-mark), 0.0190476 secs]
   [Parallel Time: 11.3 ms, GC Workers: 18]
      [GC Worker Start (ms): Min: 13087.2, Avg: 13087.6, Max: 13087.9, Diff: 0.7]
      [Ext Root Scanning (ms): Min: 0.0, Avg: 2.8, Max: 9.7, Diff: 9.6, Sum: 49.6]
      [Update RS (ms): Min: 0.0, Avg: 0.0, Max: 0.0, Diff: 0.0, Sum: 0.0]
         [Processed Buffers: Min: 0, Avg: 0.2, Max: 3, Diff: 3, Sum: 3]
      [Scan RS (ms): Min: 0.0, Avg: 0.0, Max: 0.0, Diff: 0.0, Sum: 0.0]
      [Code Root Scanning (ms): Min: 0.0, Avg: 0.0, Max: 0.0, Diff: 0.0, Sum: 0.0]
      [Object Copy (ms): Min: 0.0, Avg: 0.0, Max: 0.2, Diff: 0.2, Sum: 0.5]
      [Termination (ms): Min: 0.0, Avg: 7.2, Max: 9.6, Diff: 9.6, Sum: 129.8]
         [Termination Attempts: Min: 1, Avg: 1.0, Max: 1, Diff: 0, Sum: 18]
      [GC Worker Other (ms): Min: 0.0, Avg: 0.0, Max: 0.0, Diff: 0.0, Sum: 0.1]
      [GC Worker Total (ms): Min: 9.7, Avg: 10.0, Max: 10.4, Diff: 0.7, Sum: 180.0]
      [GC Worker End (ms): Min: 13097.5, Avg: 13097.6, Max: 13097.7, Diff: 0.2]
   [Code Root Fixup: 0.0 ms]
   [Code Root Purge: 0.0 ms]
   [Clear CT: 1.1 ms]
   [Other: 6.6 ms]
      [Choose CSet: 0.0 ms]
      [Ref Proc: 5.7 ms]
      [Ref Enq: 0.0 ms]
      [Redirty Cards: 0.9 ms]
      [Humongous Register: 0.0 ms]
      [Humongous Reclaim: 0.0 ms]
      [Free CSet: 0.0 ms]
   [Eden: 13312.0K(14336.0K)->0.0B(12288.0K) Survivors: 2048.0K->2048.0K Heap: 47922.7K(65536.0K)->36725.7K(65536.0K)]
 [Times: user=0.19 sys=0.00, real=0.02 secs] 
2026-06-17T09:48:50.906+0800: 13.107: [GC concurrent-root-region-scan-start]
2026-06-17T09:48:50.906+0800: 13.108: [GC concurrent-root-region-scan-end, 0.0003241 secs]
2026-06-17T09:48:50.906+0800: 13.108: [GC concurrent-mark-start]
2026-06-17T09:48:50.907+0800: 13.108: [GC concurrent-mark-end, 0.0004887 secs]
2026-06-17T09:48:50.907+0800: 13.108: [GC remark 2026-06-17T09:48:50.907+0800: 13.109: [Finalize Marking, 0.0066516 secs] 2026-06-17T09:48:50.914+0800: 13.116: [GC ref-proc, 0.0006197 secs] 2026-06-17T09:48:50.916+0800: 13.117: [Unloading, 0.0019019 secs], 0.0120459 secs]
 [Times: user=0.08 sys=0.01, real=0.01 secs] 
2026-06-17T09:48:50.921+0800: 13.122: [GC cleanup 38980K->37956K(65536K), 0.0037433 secs]
 [Times: user=0.00 sys=0.00, real=0.01 secs] 
2026-06-17T09:48:50.926+0800: 13.127: [GC concurrent-cleanup-start]
2026-06-17T09:48:50.926+0800: 13.127: [GC concurrent-cleanup-end, 0.0000081 secs]
2026-06-17T09:48:50.947+0800: 13.148: [GC pause (G1 Evacuation Pause) (young), 0.0124394 secs]
   [Parallel Time: 8.2 ms, GC Workers: 18]
      [GC Worker Start (ms): Min: 13148.4, Avg: 13150.5, Max: 13155.8, Diff: 7.5]
      [Ext Root Scanning (ms): Min: 0.0, Avg: 0.0, Max: 0.2, Diff: 0.2, Sum: 0.4]
      [Update RS (ms): Min: 0.0, Avg: 0.0, Max: 0.0, Diff: 0.0, Sum: 0.0]
         [Processed Buffers: Min: 0, Avg: 0.2, Max: 2, Diff: 2, Sum: 3]
      [Scan RS (ms): Min: 0.0, Avg: 0.0, Max: 0.0, Diff: 0.0, Sum: 0.0]
      [Code Root Scanning (ms): Min: 0.0, Avg: 0.0, Max: 0.0, Diff: 0.0, Sum: 0.0]
      [Object Copy (ms): Min: 0.0, Avg: 0.1, Max: 0.3, Diff: 0.3, Sum: 1.0]
      [Termination (ms): Min: 0.0, Avg: 5.3, Max: 7.1, Diff: 7.1, Sum: 96.2]
         [Termination Attempts: Min: 1, Avg: 1.0, Max: 1, Diff: 0, Sum: 18]
      [GC Worker Other (ms): Min: 0.0, Avg: 0.0, Max: 0.0, Diff: 0.0, Sum: 0.1]
      [GC Worker Total (ms): Min: 0.0, Avg: 5.4, Max: 7.5, Diff: 7.5, Sum: 97.7]
      [GC Worker End (ms): Min: 13155.8, Avg: 13155.9, Max: 13156.0, Diff: 0.2]
   [Code Root Fixup: 0.0 ms]
   [Code Root Purge: 0.0 ms]
   [Clear CT: 1.1 ms]
   [Other: 3.2 ms]
      [Choose CSet: 0.0 ms]
      [Ref Proc: 2.3 ms]
      [Ref Enq: 0.0 ms]
      [Redirty Cards: 0.8 ms]
      [Humongous Register: 0.0 ms]
      [Humongous Reclaim: 0.0 ms]
      [Free CSet: 0.0 ms]
   [Eden: 12288.0K(12288.0K)->0.0B(1024.0K) Survivors: 2048.0K->2048.0K Heap: 49446.7K(65536.0K)->42805.6K(65536.0K)]
 [Times: user=0.11 sys=0.00, real=0.01 secs] 
2026-06-17T09:48:50.971+0800: 13.172: [GC pause (G1 Evacuation Pause) (mixed), 0.0123211 secs]
   [Parallel Time: 8.6 ms, GC Workers: 18]
      [GC Worker Start (ms): Min: 13172.4, Avg: 13174.8, Max: 13180.5, Diff: 8.1]
      [Ext Root Scanning (ms): Min: 0.0, Avg: 0.0, Max: 0.1, Diff: 0.1, Sum: 0.2]
      [Update RS (ms): Min: 0.0, Avg: 0.0, Max: 0.0, Diff: 0.0, Sum: 0.0]
         [Processed Buffers: Min: 0, Avg: 0.1, Max: 1, Diff: 1, Sum: 2]
      [Scan RS (ms): Min: 0.0, Avg: 0.0, Max: 0.0, Diff: 0.0, Sum: 0.0]
      [Code Root Scanning (ms): Min: 0.0, Avg: 0.0, Max: 0.0, Diff: 0.0, Sum: 0.0]
      [Object Copy (ms): Min: 0.0, Avg: 0.0, Max: 0.3, Diff: 0.3, Sum: 0.8]
      [Termination (ms): Min: 0.0, Avg: 5.7, Max: 7.8, Diff: 7.8, Sum: 102.5]
         [Termination Attempts: Min: 1, Avg: 1.0, Max: 1, Diff: 0, Sum: 18]
      [GC Worker Other (ms): Min: 0.0, Avg: 0.0, Max: 0.0, Diff: 0.0, Sum: 0.1]
      [GC Worker Total (ms): Min: 0.0, Avg: 5.8, Max: 8.1, Diff: 8.1, Sum: 103.6]
      [GC Worker End (ms): Min: 13180.5, Avg: 13180.6, Max: 13180.7, Diff: 0.2]
   [Code Root Fixup: 0.0 ms]
   [Code Root Purge: 0.0 ms]
   [Clear CT: 1.0 ms]
   [Other: 2.7 ms]
      [Choose CSet: 0.0 ms]
      [Ref Proc: 1.8 ms]
      [Ref Enq: 0.0 ms]
      [Redirty Cards: 0.8 ms]
      [Humongous Register: 0.0 ms]
      [Humongous Reclaim: 0.0 ms]
      [Free CSet: 0.0 ms]
   [Eden: 1024.0K(1024.0K)->0.0B(2048.0K) Survivors: 2048.0K->1024.0K Heap: 43829.6K(65536.0K)->39391.4K(65536.0K)]
 [Times: user=0.11 sys=0.01, real=0.01 secs] 
2026-06-17T09:48:50.985+0800: 13.186: [GC pause (G1 Evacuation Pause) (mixed), 0.0099435 secs]
   [Parallel Time: 5.2 ms, GC Workers: 18]
      [GC Worker Start (ms): Min: 13186.1, Avg: 13187.6, Max: 13190.9, Diff: 4.8]
      [Ext Root Scanning (ms): Min: 0.0, Avg: 0.0, Max: 0.2, Diff: 0.2, Sum: 0.3]
      [Update RS (ms): Min: 0.0, Avg: 0.0, Max: 0.0, Diff: 0.0, Sum: 0.0]
         [Processed Buffers: Min: 0, Avg: 0.2, Max: 3, Diff: 3, Sum: 4]
      [Scan RS (ms): Min: 0.0, Avg: 0.0, Max: 0.1, Diff: 0.1, Sum: 0.1]
      [Code Root Scanning (ms): Min: 0.0, Avg: 0.0, Max: 0.0, Diff: 0.0, Sum: 0.0]
      [Object Copy (ms): Min: 0.0, Avg: 0.0, Max: 0.2, Diff: 0.2, Sum: 0.6]
      [Termination (ms): Min: 0.0, Avg: 3.3, Max: 4.5, Diff: 4.5, Sum: 58.7]
         [Termination Attempts: Min: 1, Avg: 1.0, Max: 1, Diff: 0, Sum: 18]
      [GC Worker Other (ms): Min: 0.0, Avg: 0.0, Max: 0.0, Diff: 0.0, Sum: 0.1]
      [GC Worker Total (ms): Min: 0.0, Avg: 3.3, Max: 4.9, Diff: 4.9, Sum: 59.9]
      [GC Worker End (ms): Min: 13190.9, Avg: 13191.0, Max: 13191.0, Diff: 0.1]
   [Code Root Fixup: 0.0 ms]
   [Code Root Purge: 0.0 ms]
   [Clear CT: 1.2 ms]
   [Other: 3.6 ms]
      [Choose CSet: 0.0 ms]
      [Ref Proc: 2.7 ms]
      [Ref Enq: 0.0 ms]
      [Redirty Cards: 0.8 ms]
      [Humongous Register: 0.0 ms]
      [Humongous Reclaim: 0.0 ms]
      [Free CSet: 0.0 ms]
   [Eden: 2048.0K(2048.0K)->0.0B(11264.0K) Survivors: 1024.0K->1024.0K Heap: 41439.4K(65536.0K)->37404.6K(65536.0K)]
 [Times: user=0.08 sys=0.00, real=0.01 secs] 
2026-06-17T09:48:51.027+0800: 13.228: [GC pause (G1 Evacuation Pause) (young), 0.0108654 secs]
   [Parallel Time: 7.9 ms, GC Workers: 18]
      [GC Worker Start (ms): Min: 13228.0, Avg: 13229.9, Max: 13235.4, Diff: 7.4]
      [Ext Root Scanning (ms): Min: 0.0, Avg: 0.0, Max: 0.2, Diff: 0.2, Sum: 0.3]
      [Update RS (ms): Min: 0.0, Avg: 0.0, Max: 0.1, Diff: 0.1, Sum: 0.2]
         [Processed Buffers: Min: 0, Avg: 0.2, Max: 3, Diff: 3, Sum: 4]
      [Scan RS (ms): Min: 0.0, Avg: 0.0, Max: 0.0, Diff: 0.0, Sum: 0.0]
      [Code Root Scanning (ms): Min: 0.0, Avg: 0.0, Max: 0.0, Diff: 0.0, Sum: 0.0]
      [Object Copy (ms): Min: 0.0, Avg: 0.0, Max: 0.2, Diff: 0.2, Sum: 0.7]
      [Termination (ms): Min: 0.0, Avg: 5.5, Max: 7.2, Diff: 7.2, Sum: 99.8]
         [Termination Attempts: Min: 1, Avg: 1.0, Max: 1, Diff: 0, Sum: 18]
      [GC Worker Other (ms): Min: 0.0, Avg: 0.0, Max: 0.0, Diff: 0.0, Sum: 0.1]
      [GC Worker Total (ms): Min: 0.0, Avg: 5.6, Max: 7.5, Diff: 7.5, Sum: 101.1]
      [GC Worker End (ms): Min: 13235.4, Avg: 13235.5, Max: 13235.6, Diff: 0.2]
   [Code Root Fixup: 0.0 ms]
   [Code Root Purge: 0.0 ms]
   [Clear CT: 0.5 ms]
   [Other: 2.4 ms]
      [Choose CSet: 0.0 ms]
      [Ref Proc: 1.8 ms]
      [Ref Enq: 0.0 ms]
      [Redirty Cards: 0.5 ms]
      [Humongous Register: 0.0 ms]
      [Humongous Reclaim: 0.0 ms]
      [Free CSet: 0.0 ms]
   [Eden: 11264.0K(11264.0K)->0.0B(8192.0K) Survivors: 1024.0K->2048.0K Heap: 48668.6K(65536.0K)->41775.6K(65536.0K)]
 [Times: user=0.12 sys=0.00, real=0.01 secs] 
2026-06-17T09:48:51.060+0800: 13.261: [GC pause (G1 Evacuation Pause) (young) (initial-mark), 0.0146959 secs]
   [Parallel Time: 10.0 ms, GC Workers: 18]
      [GC Worker Start (ms): Min: 13260.9, Avg: 13261.3, Max: 13261.7, Diff: 0.8]
      [Ext Root Scanning (ms): Min: 0.0, Avg: 2.5, Max: 8.7, Diff: 8.6, Sum: 44.9]
      [Update RS (ms): Min: 0.0, Avg: 0.0, Max: 0.0, Diff: 0.0, Sum: 0.0]
         [Processed Buffers: Min: 0, Avg: 0.2, Max: 3, Diff: 3, Sum: 3]
      [Scan RS (ms): Min: 0.0, Avg: 0.0, Max: 0.0, Diff: 0.0, Sum: 0.0]
      [Code Root Scanning (ms): Min: 0.0, Avg: 0.0, Max: 0.0, Diff: 0.0, Sum: 0.0]
      [Object Copy (ms): Min: 0.0, Avg: 0.0, Max: 0.2, Diff: 0.2, Sum: 0.5]
      [Termination (ms): Min: 0.0, Avg: 6.5, Max: 8.5, Diff: 8.5, Sum: 116.5]
         [Termination Attempts: Min: 1, Avg: 1.0, Max: 1, Diff: 0, Sum: 18]
      [GC Worker Other (ms): Min: 0.0, Avg: 0.0, Max: 0.0, Diff: 0.0, Sum: 0.1]
      [GC Worker Total (ms): Min: 8.6, Avg: 9.0, Max: 9.4, Diff: 0.8, Sum: 162.1]
      [GC Worker End (ms): Min: 13270.3, Avg: 13270.3, Max: 13270.4, Diff: 0.1]
   [Code Root Fixup: 0.0 ms]
   [Code Root Purge: 0.0 ms]
   [Clear CT: 0.7 ms]
   [Other: 3.9 ms]
      [Choose CSet: 0.0 ms]
      [Ref Proc: 3.2 ms]
      [Ref Enq: 0.0 ms]
      [Redirty Cards: 0.7 ms]
      [Humongous Register: 0.0 ms]
      [Humongous Reclaim: 0.0 ms]
      [Free CSet: 0.0 ms]
   [Eden: 8192.0K(8192.0K)->0.0B(7168.0K) Survivors: 2048.0K->2048.0K Heap: 49967.6K(65536.0K)->43811.6K(65536.0K)]
 [Times: user=0.15 sys=0.01, real=0.02 secs] 
2026-06-17T09:48:51.076+0800: 13.277: [GC concurrent-root-region-scan-start]
2026-06-17T09:48:51.076+0800: 13.277: [GC concurrent-root-region-scan-end, 0.0003094 secs]
2026-06-17T09:48:51.076+0800: 13.277: [GC concurrent-mark-start]
2026-06-17T09:48:51.076+0800: 13.278: [GC concurrent-mark-end, 0.0004946 secs]
2026-06-17T09:48:51.076+0800: 13.278: [GC remark 2026-06-17T09:48:51.077+0800: 13.278: [Finalize Marking, 0.0049669 secs] 2026-06-17T09:48:51.082+0800: 13.283: [GC ref-proc, 0.0004988 secs] 2026-06-17T09:48:51.083+0800: 13.284: [Unloading, 0.0021761 secs], 0.0103239 secs]
 [Times: user=0.06 sys=0.00, real=0.01 secs] 
2026-06-17T09:48:51.088+0800: 13.289: [GC cleanup 46790K->40646K(65536K), 0.0036320 secs]
 [Times: user=0.00 sys=0.00, real=0.01 secs] 
2026-06-17T09:48:51.093+0800: 13.294: [GC concurrent-cleanup-start]
2026-06-17T09:48:51.093+0800: 13.294: [GC concurrent-cleanup-end, 0.0000098 secs]
2026-06-17T09:48:51.093+0800: 13.294: [GC pause (G1 Evacuation Pause) (young), 0.0155651 secs]
   [Parallel Time: 8.5 ms, GC Workers: 18]
      [GC Worker Start (ms): Min: 13294.3, Avg: 13296.2, Max: 13302.2, Diff: 7.9]
      [Ext Root Scanning (ms): Min: 0.0, Avg: 0.0, Max: 0.2, Diff: 0.2, Sum: 0.6]
      [Update RS (ms): Min: 0.0, Avg: 0.0, Max: 0.0, Diff: 0.0, Sum: 0.0]
         [Processed Buffers: Min: 0, Avg: 0.2, Max: 1, Diff: 1, Sum: 3]
      [Scan RS (ms): Min: 0.0, Avg: 0.0, Max: 0.0, Diff: 0.0, Sum: 0.0]
      [Code Root Scanning (ms): Min: 0.0, Avg: 0.0, Max: 0.0, Diff: 0.0, Sum: 0.0]
      [Object Copy (ms): Min: 0.0, Avg: 0.0, Max: 0.1, Diff: 0.1, Sum: 0.3]
      [Termination (ms): Min: 0.0, Avg: 6.0, Max: 7.8, Diff: 7.8, Sum: 108.3]
         [Termination Attempts: Min: 1, Avg: 1.1, Max: 2, Diff: 1, Sum: 19]
      [GC Worker Other (ms): Min: 0.0, Avg: 0.0, Max: 0.0, Diff: 0.0, Sum: 0.1]
      [GC Worker Total (ms): Min: 0.0, Avg: 6.1, Max: 8.0, Diff: 8.0, Sum: 109.2]
      [GC Worker End (ms): Min: 13302.2, Avg: 13302.3, Max: 13302.4, Diff: 0.1]
   [Code Root Fixup: 0.0 ms]
   [Code Root Purge: 0.0 ms]
   [Clear CT: 0.8 ms]
   [Other: 6.3 ms]
      [Choose CSet: 0.0 ms]
      [Ref Proc: 5.4 ms]
      [Ref Enq: 0.0 ms]
      [Redirty Cards: 0.8 ms]
      [Humongous Register: 0.0 ms]
      [Humongous Reclaim: 0.0 ms]
      [Free CSet: 0.0 ms]
   [Eden: 7168.0K(7168.0K)->0.0B(2048.0K) Survivors: 2048.0K->1024.0K Heap: 44835.6K(65536.0K)->37765.7K(65536.0K)]
 [Times: user=0.17 sys=0.01, real=0.01 secs] 
2026-06-17T09:48:51.120+0800: 13.321: [GC pause (G1 Evacuation Pause) (mixed), 0.0117553 secs]
   [Parallel Time: 8.6 ms, GC Workers: 18]
      [GC Worker Start (ms): Min: 13321.4, Avg: 13323.6, Max: 13329.6, Diff: 8.1]
      [Ext Root Scanning (ms): Min: 0.0, Avg: 0.0, Max: 0.2, Diff: 0.2, Sum: 0.4]
      [Update RS (ms): Min: 0.0, Avg: 0.0, Max: 0.0, Diff: 0.0, Sum: 0.0]
         [Processed Buffers: Min: 0, Avg: 0.1, Max: 2, Diff: 2, Sum: 2]
      [Scan RS (ms): Min: 0.0, Avg: 0.0, Max: 0.0, Diff: 0.0, Sum: 0.0]
      [Code Root Scanning (ms): Min: 0.0, Avg: 0.0, Max: 0.0, Diff: 0.0, Sum: 0.0]
      [Object Copy (ms): Min: 0.0, Avg: 0.0, Max: 0.3, Diff: 0.3, Sum: 0.8]
      [Termination (ms): Min: 0.0, Avg: 6.0, Max: 7.9, Diff: 7.9, Sum: 108.5]
         [Termination Attempts: Min: 1, Avg: 1.0, Max: 1, Diff: 0, Sum: 18]
      [GC Worker Other (ms): Min: 0.0, Avg: 0.0, Max: 0.0, Diff: 0.0, Sum: 0.1]
      [GC Worker Total (ms): Min: 0.0, Avg: 6.1, Max: 8.2, Diff: 8.2, Sum: 109.9]
      [GC Worker End (ms): Min: 13329.6, Avg: 13329.7, Max: 13329.8, Diff: 0.2]
   [Code Root Fixup: 0.0 ms]
   [Code Root Purge: 0.0 ms]
   [Clear CT: 0.7 ms]
   [Other: 2.5 ms]
      [Choose CSet: 0.0 ms]
      [Ref Proc: 1.8 ms]
      [Ref Enq: 0.0 ms]
      [Redirty Cards: 0.6 ms]
      [Humongous Register: 0.0 ms]
      [Humongous Reclaim: 0.0 ms]
      [Free CSet: 0.0 ms]
   [Eden: 2048.0K(2048.0K)->0.0B(2048.0K) Survivors: 1024.0K->1024.0K Heap: 39813.7K(65536.0K)->35634.6K(65536.0K)]
 [Times: user=0.13 sys=0.00, real=0.02 secs] 
2026-06-17T09:48:51.133+0800: 13.335: [GC pause (G1 Evacuation Pause) (mixed), 0.0075423 secs]
   [Parallel Time: 3.4 ms, GC Workers: 18]
      [GC Worker Start (ms): Min: 13334.6, Avg: 13335.5, Max: 13337.6, Diff: 3.0]
      [Ext Root Scanning (ms): Min: 0.0, Avg: 0.0, Max: 0.2, Diff: 0.2, Sum: 0.4]
      [Update RS (ms): Min: 0.0, Avg: 0.0, Max: 0.0, Diff: 0.0, Sum: 0.0]
         [Processed Buffers: Min: 0, Avg: 0.2, Max: 1, Diff: 1, Sum: 4]
      [Scan RS (ms): Min: 0.0, Avg: 0.0, Max: 0.0, Diff: 0.0, Sum: 0.0]
      [Code Root Scanning (ms): Min: 0.0, Avg: 0.0, Max: 0.0, Diff: 0.0, Sum: 0.0]
      [Object Copy (ms): Min: 0.0, Avg: 0.1, Max: 0.3, Diff: 0.3, Sum: 1.4]
      [Termination (ms): Min: 0.0, Avg: 2.1, Max: 2.7, Diff: 2.7, Sum: 38.2]
         [Termination Attempts: Min: 1, Avg: 1.0, Max: 1, Diff: 0, Sum: 18]
      [GC Worker Other (ms): Min: 0.0, Avg: 0.0, Max: 0.0, Diff: 0.0, Sum: 0.1]
      [GC Worker Total (ms): Min: 0.0, Avg: 2.2, Max: 3.1, Diff: 3.1, Sum: 40.2]
      [GC Worker End (ms): Min: 13337.6, Avg: 13337.7, Max: 13337.8, Diff: 0.1]
   [Code Root Fixup: 0.0 ms]
   [Code Root Purge: 0.0 ms]
   [Clear CT: 0.7 ms]
   [Other: 3.5 ms]
      [Choose CSet: 0.0 ms]
      [Ref Proc: 2.9 ms]
      [Ref Enq: 0.0 ms]
      [Redirty Cards: 0.6 ms]
      [Humongous Register: 0.0 ms]
      [Humongous Reclaim: 0.0 ms]
      [Free CSet: 0.0 ms]
   [Eden: 2048.0K(2048.0K)->0.0B(2048.0K) Survivors: 1024.0K->1024.0K Heap: 37682.6K(65536.0K)->35876.6K(65536.0K)]
 [Times: user=0.07 sys=0.00, real=0.00 secs] 
2026-06-17T09:48:51.152+0800: 13.354: [GC pause (G1 Evacuation Pause) (mixed), 0.0105661 secs]
   [Parallel Time: 7.3 ms, GC Workers: 18]
      [GC Worker Start (ms): Min: 13353.8, Avg: 13355.3, Max: 13360.5, Diff: 6.7]
      [Ext Root Scanning (ms): Min: 0.0, Avg: 0.0, Max: 0.2, Diff: 0.2, Sum: 0.4]
      [Update RS (ms): Min: 0.0, Avg: 0.0, Max: 0.0, Diff: 0.0, Sum: 0.1]
         [Processed Buffers: Min: 0, Avg: 0.3, Max: 2, Diff: 2, Sum: 6]
      [Scan RS (ms): Min: 0.0, Avg: 0.0, Max: 0.0, Diff: 0.0, Sum: 0.0]
      [Code Root Scanning (ms): Min: 0.0, Avg: 0.0, Max: 0.0, Diff: 0.0, Sum: 0.0]
      [Object Copy (ms): Min: 0.0, Avg: 0.0, Max: 0.2, Diff: 0.2, Sum: 0.7]
      [Termination (ms): Min: 0.0, Avg: 5.2, Max: 6.5, Diff: 6.5, Sum: 94.1]
         [Termination Attempts: Min: 1, Avg: 1.0, Max: 1, Diff: 0, Sum: 18]
      [GC Worker Other (ms): Min: 0.0, Avg: 0.0, Max: 0.0, Diff: 0.0, Sum: 0.1]
      [GC Worker Total (ms): Min: 0.0, Avg: 5.3, Max: 6.9, Diff: 6.9, Sum: 95.3]
      [GC Worker End (ms): Min: 13360.6, Avg: 13360.6, Max: 13360.7, Diff: 0.2]
   [Code Root Fixup: 0.0 ms]
   [Code Root Purge: 0.0 ms]
   [Clear CT: 0.8 ms]
   [Other: 2.5 ms]
      [Choose CSet: 0.0 ms]
      [Ref Proc: 1.7 ms]
      [Ref Enq: 0.0 ms]
      [Redirty Cards: 0.8 ms]
      [Humongous Register: 0.0 ms]
      [Humongous Reclaim: 0.0 ms]
      [Free CSet: 0.0 ms]
   [Eden: 2048.0K(2048.0K)->0.0B(12288.0K) Survivors: 1024.0K->1024.0K Heap: 37924.6K(65536.0K)->36967.6K(65536.0K)]
 [Times: user=0.10 sys=0.00, real=0.01 secs] 
2026-06-17T09:48:51.195+0800: 13.397: [GC pause (G1 Evacuation Pause) (young), 0.0112317 secs]
   [Parallel Time: 6.6 ms, GC Workers: 18]
      [GC Worker Start (ms): Min: 13396.6, Avg: 13397.9, Max: 13402.4, Diff: 5.8]
      [Ext Root Scanning (ms): Min: 0.0, Avg: 0.0, Max: 0.2, Diff: 0.2, Sum: 0.3]
      [Update RS (ms): Min: 0.0, Avg: 0.0, Max: 0.0, Diff: 0.0, Sum: 0.1]
         [Processed Buffers: Min: 0, Avg: 0.3, Max: 3, Diff: 3, Sum: 5]
      [Scan RS (ms): Min: 0.0, Avg: 0.0, Max: 0.0, Diff: 0.0, Sum: 0.0]
      [Code Root Scanning (ms): Min: 0.0, Avg: 0.0, Max: 0.0, Diff: 0.0, Sum: 0.0]
      [Object Copy (ms): Min: 0.0, Avg: 0.0, Max: 0.1, Diff: 0.1, Sum: 0.3]
      [Termination (ms): Min: 0.0, Avg: 4.6, Max: 5.7, Diff: 5.7, Sum: 82.7]
         [Termination Attempts: Min: 1, Avg: 1.0, Max: 1, Diff: 0, Sum: 18]
      [GC Worker Other (ms): Min: 0.0, Avg: 0.0, Max: 0.0, Diff: 0.0, Sum: 0.1]
      [GC Worker Total (ms): Min: 0.0, Avg: 4.6, Max: 5.8, Diff: 5.8, Sum: 83.6]
      [GC Worker End (ms): Min: 13402.4, Avg: 13402.5, Max: 13402.6, Diff: 0.2]
   [Code Root Fixup: 0.0 ms]
   [Code Root Purge: 0.0 ms]
   [Clear CT: 1.1 ms]
   [Other: 3.5 ms]
      [Choose CSet: 0.0 ms]
      [Ref Proc: 2.1 ms]
      [Ref Enq: 0.0 ms]
      [Redirty Cards: 1.3 ms]
      [Humongous Register: 0.0 ms]
      [Humongous Reclaim: 0.0 ms]
      [Free CSet: 0.0 ms]
   [Eden: 12288.0K(12288.0K)->0.0B(10240.0K) Survivors: 1024.0K->2048.0K Heap: 49255.6K(65536.0K)->38750.6K(65536.0K)]
 [Times: user=0.10 sys=0.01, real=0.01 secs] 
2026-06-17T09:48:51.229+0800: 13.430: [GC pause (G1 Evacuation Pause) (young) (initial-mark), 0.0145232 secs]
   [Parallel Time: 10.1 ms, GC Workers: 18]
      [GC Worker Start (ms): Min: 13430.1, Avg: 13430.6, Max: 13431.0, Diff: 0.8]
      [Ext Root Scanning (ms): Min: 0.0, Avg: 1.8, Max: 8.3, Diff: 8.3, Sum: 32.0]
      [Update RS (ms): Min: 0.0, Avg: 0.0, Max: 0.0, Diff: 0.0, Sum: 0.0]
         [Processed Buffers: Min: 0, Avg: 0.2, Max: 3, Diff: 3, Sum: 3]
      [Scan RS (ms): Min: 0.0, Avg: 0.0, Max: 0.0, Diff: 0.0, Sum: 0.0]
      [Code Root Scanning (ms): Min: 0.0, Avg: 0.0, Max: 0.0, Diff: 0.0, Sum: 0.0]
      [Object Copy (ms): Min: 0.0, Avg: 0.1, Max: 0.3, Diff: 0.3, Sum: 0.9]
      [Termination (ms): Min: 0.0, Avg: 6.8, Max: 7.9, Diff: 7.9, Sum: 122.8]
         [Termination Attempts: Min: 1, Avg: 1.0, Max: 1, Diff: 0, Sum: 18]
      [GC Worker Other (ms): Min: 0.0, Avg: 0.0, Max: 0.0, Diff: 0.0, Sum: 0.1]
      [GC Worker Total (ms): Min: 8.3, Avg: 8.7, Max: 9.1, Diff: 0.8, Sum: 155.8]
      [GC Worker End (ms): Min: 13439.2, Avg: 13439.2, Max: 13439.3, Diff: 0.1]
   [Code Root Fixup: 0.0 ms]
   [Code Root Purge: 0.0 ms]
   [Clear CT: 1.3 ms]
   [Other: 3.1 ms]
      [Choose CSet: 0.0 ms]
      [Ref Proc: 2.2 ms]
      [Ref Enq: 0.0 ms]
      [Redirty Cards: 0.9 ms]
      [Humongous Register: 0.0 ms]
      [Humongous Reclaim: 0.0 ms]
      [Free CSet: 0.0 ms]
   [Eden: 10240.0K(10240.0K)->0.0B(8192.0K) Survivors: 2048.0K->2048.0K Heap: 48990.6K(65536.0K)->42225.6K(65536.0K)]
 [Times: user=0.13 sys=0.00, real=0.02 secs] 
2026-06-17T09:48:51.245+0800: 13.446: [GC concurrent-root-region-scan-start]
2026-06-17T09:48:51.245+0800: 13.446: [GC concurrent-root-region-scan-end, 0.0003189 secs]
2026-06-17T09:48:51.245+0800: 13.446: [GC concurrent-mark-start]
2026-06-17T09:48:51.246+0800: 13.447: [GC concurrent-mark-end, 0.0006176 secs]
2026-06-17T09:48:51.246+0800: 13.447: [GC remark 2026-06-17T09:48:51.246+0800: 13.447: [Finalize Marking, 0.0020316 secs] 2026-06-17T09:48:51.249+0800: 13.450: [GC ref-proc, 0.0006600 secs] 2026-06-17T09:48:51.250+0800: 13.451: [Unloading, 0.0018028 secs], 0.0074369 secs]
 [Times: user=0.01 sys=0.00, real=0.01 secs] 
2026-06-17T09:48:51.254+0800: 13.456: [GC cleanup 45278K->38110K(65536K), 0.0033940 secs]
 [Times: user=0.00 sys=0.00, real=0.00 secs] 
2026-06-17T09:48:51.259+0800: 13.460: [GC concurrent-cleanup-start]
2026-06-17T09:48:51.259+0800: 13.460: [GC concurrent-cleanup-end, 0.0000085 secs]
2026-06-17T09:48:51.269+0800: 13.470: [GC pause (G1 Evacuation Pause) (young), 0.0134009 secs]
   [Parallel Time: 8.6 ms, GC Workers: 18]
      [GC Worker Start (ms): Min: 13470.4, Avg: 13471.9, Max: 13478.2, Diff: 7.7]
      [Ext Root Scanning (ms): Min: 0.0, Avg: 0.0, Max: 0.1, Diff: 0.1, Sum: 0.2]
      [Update RS (ms): Min: 0.0, Avg: 0.0, Max: 0.0, Diff: 0.0, Sum: 0.0]
         [Processed Buffers: Min: 0, Avg: 0.2, Max: 2, Diff: 2, Sum: 3]
      [Scan RS (ms): Min: 0.0, Avg: 0.0, Max: 0.0, Diff: 0.0, Sum: 0.0]
      [Code Root Scanning (ms): Min: 0.0, Avg: 0.0, Max: 0.0, Diff: 0.0, Sum: 0.0]
      [Object Copy (ms): Min: 0.0, Avg: 0.0, Max: 0.2, Diff: 0.2, Sum: 0.5]
      [Termination (ms): Min: 0.0, Avg: 6.3, Max: 7.5, Diff: 7.5, Sum: 113.6]
         [Termination Attempts: Min: 1, Avg: 1.0, Max: 1, Diff: 0, Sum: 18]
      [GC Worker Other (ms): Min: 0.0, Avg: 0.0, Max: 0.0, Diff: 0.0, Sum: 0.1]
      [GC Worker Total (ms): Min: 0.0, Avg: 6.4, Max: 7.8, Diff: 7.8, Sum: 114.4]
      [GC Worker End (ms): Min: 13478.2, Avg: 13478.2, Max: 13478.3, Diff: 0.2]
   [Code Root Fixup: 0.0 ms]
   [Code Root Purge: 0.0 ms]
   [Clear CT: 1.5 ms]
   [Other: 3.4 ms]
      [Choose CSet: 0.0 ms]
      [Ref Proc: 2.1 ms]
      [Ref Enq: 0.0 ms]
      [Redirty Cards: 1.2 ms]
      [Humongous Register: 0.0 ms]
      [Humongous Reclaim: 0.0 ms]
      [Free CSet: 0.0 ms]
   [Eden: 8192.0K(8192.0K)->0.0B(1024.0K) Survivors: 2048.0K->2048.0K Heap: 44726.6K(65536.0K)->38685.6K(65536.0K)]
 [Times: user=0.12 sys=0.01, real=0.02 secs] 
2026-06-17T09:48:51.284+0800: 13.485: [GC pause (G1 Evacuation Pause) (mixed), 0.0054073 secs]
   [Parallel Time: 1.8 ms, GC Workers: 18]
      [GC Worker Start (ms): Min: 13485.2, Avg: 13485.9, Max: 13486.5, Diff: 1.2]
      [Ext Root Scanning (ms): Min: 0.0, Avg: 0.0, Max: 0.2, Diff: 0.2, Sum: 0.4]
      [Update RS (ms): Min: 0.0, Avg: 0.0, Max: 0.0, Diff: 0.0, Sum: 0.0]
         [Processed Buffers: Min: 0, Avg: 0.1, Max: 1, Diff: 1, Sum: 2]
      [Scan RS (ms): Min: 0.0, Avg: 0.0, Max: 0.0, Diff: 0.0, Sum: 0.0]
      [Code Root Scanning (ms): Min: 0.0, Avg: 0.0, Max: 0.0, Diff: 0.0, Sum: 0.0]
      [Object Copy (ms): Min: 0.0, Avg: 0.0, Max: 0.1, Diff: 0.1, Sum: 0.5]
      [Termination (ms): Min: 0.0, Avg: 0.6, Max: 1.1, Diff: 1.1, Sum: 10.4]
         [Termination Attempts: Min: 1, Avg: 1.0, Max: 1, Diff: 0, Sum: 18]
      [GC Worker Other (ms): Min: 0.0, Avg: 0.0, Max: 0.0, Diff: 0.0, Sum: 0.1]
      [GC Worker Total (ms): Min: 0.0, Avg: 0.6, Max: 1.4, Diff: 1.4, Sum: 11.3]
      [GC Worker End (ms): Min: 13486.5, Avg: 13486.6, Max: 13486.7, Diff: 0.2]
   [Code Root Fixup: 0.0 ms]
   [Code Root Purge: 0.0 ms]
   [Clear CT: 0.8 ms]
   [Other: 2.9 ms]
      [Choose CSet: 0.0 ms]
      [Ref Proc: 2.0 ms]
      [Ref Enq: 0.0 ms]
      [Redirty Cards: 0.8 ms]
      [Humongous Register: 0.0 ms]
      [Humongous Reclaim: 0.0 ms]
      [Free CSet: 0.0 ms]
   [Eden: 1024.0K(1024.0K)->0.0B(2048.0K) Survivors: 2048.0K->1024.0K Heap: 39709.6K(65536.0K)->32210.7K(65536.0K)]
 [Times: user=0.03 sys=0.01, real=0.00 secs] 
2026-06-17T09:48:51.301+0800: 13.502: [GC pause (G1 Evacuation Pause) (mixed), 0.0122559 secs]
   [Parallel Time: 7.2 ms, GC Workers: 18]
      [GC Worker Start (ms): Min: 13502.0, Avg: 13503.1, Max: 13508.3, Diff: 6.3]
      [Ext Root Scanning (ms): Min: 0.0, Avg: 0.0, Max: 0.2, Diff: 0.2, Sum: 0.5]
      [Update RS (ms): Min: 0.0, Avg: 0.0, Max: 0.0, Diff: 0.0, Sum: 0.0]
         [Processed Buffers: Min: 0, Avg: 0.2, Max: 2, Diff: 2, Sum: 4]
      [Scan RS (ms): Min: 0.0, Avg: 0.0, Max: 0.0, Diff: 0.0, Sum: 0.0]
      [Code Root Scanning (ms): Min: 0.0, Avg: 0.0, Max: 0.0, Diff: 0.0, Sum: 0.0]
      [Object Copy (ms): Min: 0.0, Avg: 0.0, Max: 0.2, Diff: 0.2, Sum: 0.7]
      [Termination (ms): Min: 0.0, Avg: 5.2, Max: 6.0, Diff: 6.0, Sum: 92.9]
         [Termination Attempts: Min: 1, Avg: 1.0, Max: 1, Diff: 0, Sum: 18]
      [GC Worker Other (ms): Min: 0.0, Avg: 0.0, Max: 0.0, Diff: 0.0, Sum: 0.1]
      [GC Worker Total (ms): Min: 0.0, Avg: 5.2, Max: 6.4, Diff: 6.4, Sum: 94.2]
      [GC Worker End (ms): Min: 13508.3, Avg: 13508.3, Max: 13508.4, Diff: 0.1]
   [Code Root Fixup: 0.0 ms]
   [Code Root Purge: 0.0 ms]
   [Clear CT: 1.6 ms]
   [Other: 3.4 ms]
      [Choose CSet: 0.0 ms]
      [Ref Proc: 2.5 ms]
      [Ref Enq: 0.0 ms]
      [Redirty Cards: 0.9 ms]
      [Humongous Register: 0.0 ms]
      [Humongous Reclaim: 0.0 ms]
      [Free CSet: 0.0 ms]
   [Eden: 2048.0K(2048.0K)->0.0B(2048.0K) Survivors: 1024.0K->1024.0K Heap: 34258.7K(65536.0K)->30792.6K(65536.0K)]
 [Times: user=0.10 sys=0.00, real=0.02 secs] 
2026-06-17T09:48:51.314+0800: 13.515: [GC pause (G1 Evacuation Pause) (mixed), 0.0053483 secs]
   [Parallel Time: 1.9 ms, GC Workers: 18]
      [GC Worker Start (ms): Min: 13515.5, Avg: 13516.2, Max: 13516.9, Diff: 1.4]
      [Ext Root Scanning (ms): Min: 0.0, Avg: 0.0, Max: 0.2, Diff: 0.2, Sum: 0.3]
      [Update RS (ms): Min: 0.0, Avg: 0.0, Max: 0.0, Diff: 0.0, Sum: 0.0]
         [Processed Buffers: Min: 0, Avg: 0.3, Max: 2, Diff: 2, Sum: 5]
      [Scan RS (ms): Min: 0.0, Avg: 0.0, Max: 0.1, Diff: 0.1, Sum: 0.1]
      [Code Root Scanning (ms): Min: 0.0, Avg: 0.0, Max: 0.0, Diff: 0.0, Sum: 0.0]
      [Object Copy (ms): Min: 0.0, Avg: 0.0, Max: 0.1, Diff: 0.1, Sum: 0.4]
      [Termination (ms): Min: 0.0, Avg: 0.7, Max: 1.1, Diff: 1.1, Sum: 11.7]
         [Termination Attempts: Min: 1, Avg: 1.0, Max: 1, Diff: 0, Sum: 18]
      [GC Worker Other (ms): Min: 0.0, Avg: 0.0, Max: 0.0, Diff: 0.0, Sum: 0.1]
      [GC Worker Total (ms): Min: 0.0, Avg: 0.7, Max: 1.4, Diff: 1.4, Sum: 12.6]
      [GC Worker End (ms): Min: 13516.9, Avg: 13516.9, Max: 13517.0, Diff: 0.1]
   [Code Root Fixup: 0.0 ms]
   [Code Root Purge: 0.0 ms]
   [Clear CT: 0.7 ms]
   [Other: 2.7 ms]
      [Choose CSet: 0.0 ms]
      [Ref Proc: 2.0 ms]
      [Ref Enq: 0.0 ms]
      [Redirty Cards: 0.7 ms]
      [Humongous Register: 0.0 ms]
      [Humongous Reclaim: 0.0 ms]
      [Free CSet: 0.0 ms]
   [Eden: 2048.0K(2048.0K)->0.0B(16384.0K) Survivors: 1024.0K->1024.0K Heap: 32840.6K(65536.0K)->32033.6K(65536.0K)]
 [Times: user=0.03 sys=0.00, real=0.00 secs] 
2026-06-17T09:48:51.363+0800: 13.564: [GC pause (G1 Evacuation Pause) (young), 0.0151403 secs]
   [Parallel Time: 11.0 ms, GC Workers: 18]
      [GC Worker Start (ms): Min: 13564.0, Avg: 13567.9, Max: 13574.1, Diff: 10.1]
      [Ext Root Scanning (ms): Min: 0.0, Avg: 0.0, Max: 0.2, Diff: 0.2, Sum: 0.4]
      [Update RS (ms): Min: 0.0, Avg: 0.0, Max: 0.1, Diff: 0.1, Sum: 0.2]
         [Processed Buffers: Min: 0, Avg: 0.3, Max: 2, Diff: 2, Sum: 6]
      [Scan RS (ms): Min: 0.0, Avg: 0.0, Max: 0.0, Diff: 0.0, Sum: 0.0]
      [Code Root Scanning (ms): Min: 0.0, Avg: 0.0, Max: 0.0, Diff: 0.0, Sum: 0.0]
      [Object Copy (ms): Min: 0.0, Avg: 0.1, Max: 0.2, Diff: 0.2, Sum: 1.1]
      [Termination (ms): Min: 0.0, Avg: 6.2, Max: 9.8, Diff: 9.8, Sum: 110.8]
         [Termination Attempts: Min: 1, Avg: 1.0, Max: 1, Diff: 0, Sum: 18]
      [GC Worker Other (ms): Min: 0.0, Avg: 0.0, Max: 0.0, Diff: 0.0, Sum: 0.1]
      [GC Worker Total (ms): Min: 0.0, Avg: 6.2, Max: 10.3, Diff: 10.3, Sum: 112.5]
      [GC Worker End (ms): Min: 13574.1, Avg: 13574.2, Max: 13574.4, Diff: 0.3]
   [Code Root Fixup: 0.0 ms]
   [Code Root Purge: 0.0 ms]
   [Clear CT: 0.9 ms]
   [Other: 3.2 ms]
      [Choose CSet: 0.0 ms]
      [Ref Proc: 2.4 ms]
      [Ref Enq: 0.0 ms]
      [Redirty Cards: 0.8 ms]
      [Humongous Register: 0.0 ms]
      [Humongous Reclaim: 0.0 ms]
      [Free CSet: 0.0 ms]
   [Eden: 16384.0K(16384.0K)->0.0B(10240.0K) Survivors: 1024.0K->3072.0K Heap: 48417.6K(65536.0K)->38011.6K(65536.0K)]
 [Times: user=0.14 sys=0.00, real=0.01 secs] 
2026-06-17T09:48:51.410+0800: 13.611: [GC pause (G1 Evacuation Pause) (young) (initial-mark), 0.0213167 secs]
   [Parallel Time: 17.2 ms, GC Workers: 18]
      [GC Worker Start (ms): Min: 13611.4, Avg: 13611.7, Max: 13612.0, Diff: 0.6]
      [Ext Root Scanning (ms): Min: 0.0, Avg: 4.3, Max: 16.1, Diff: 16.1, Sum: 77.9]
      [Update RS (ms): Min: 0.0, Avg: 0.0, Max: 0.0, Diff: 0.0, Sum: 0.0]
         [Processed Buffers: Min: 0, Avg: 0.2, Max: 4, Diff: 4, Sum: 4]
      [Scan RS (ms): Min: 0.0, Avg: 0.0, Max: 0.0, Diff: 0.0, Sum: 0.0]
      [Code Root Scanning (ms): Min: 0.0, Avg: 0.0, Max: 0.0, Diff: 0.0, Sum: 0.0]
      [Object Copy (ms): Min: 0.0, Avg: 0.0, Max: 0.2, Diff: 0.2, Sum: 0.6]
      [Termination (ms): Min: 0.0, Avg: 12.1, Max: 16.1, Diff: 16.1, Sum: 218.0]
         [Termination Attempts: Min: 1, Avg: 1.0, Max: 1, Diff: 0, Sum: 18]
      [GC Worker Other (ms): Min: 0.0, Avg: 0.0, Max: 0.1, Diff: 0.1, Sum: 0.1]
      [GC Worker Total (ms): Min: 16.1, Avg: 16.5, Max: 16.9, Diff: 0.8, Sum: 296.6]
      [GC Worker End (ms): Min: 13628.1, Avg: 13628.2, Max: 13628.4, Diff: 0.3]
   [Code Root Fixup: 0.0 ms]
   [Code Root Purge: 0.0 ms]
   [Clear CT: 0.8 ms]
   [Other: 3.4 ms]
      [Choose CSet: 0.0 ms]
      [Ref Proc: 2.8 ms]
      [Ref Enq: 0.0 ms]
      [Redirty Cards: 0.5 ms]
      [Humongous Register: 0.0 ms]
      [Humongous Reclaim: 0.0 ms]
      [Free CSet: 0.0 ms]
   [Eden: 10240.0K(10240.0K)->0.0B(8192.0K) Survivors: 3072.0K->2048.0K Heap: 48251.6K(65536.0K)->40112.6K(65536.0K)]
 [Times: user=0.24 sys=0.00, real=0.03 secs] 
2026-06-17T09:48:51.432+0800: 13.634: [GC concurrent-root-region-scan-start]
2026-06-17T09:48:51.433+0800: 13.634: [GC concurrent-root-region-scan-end, 0.0003201 secs]
2026-06-17T09:48:51.433+0800: 13.634: [GC concurrent-mark-start]
2026-06-17T09:48:51.433+0800: 13.634: [GC concurrent-mark-end, 0.0004490 secs]
2026-06-17T09:48:51.433+0800: 13.635: [GC remark 2026-06-17T09:48:51.434+0800: 13.635: [Finalize Marking, 0.0130247 secs] 2026-06-17T09:48:51.447+0800: 13.649: [GC ref-proc, 0.0006511 secs] 2026-06-17T09:48:51.449+0800: 13.650: [Unloading, 0.0022525 secs], 0.0190643 secs]
 [Times: user=0.16 sys=0.00, real=0.02 secs] 
2026-06-17T09:48:51.454+0800: 13.655: [GC cleanup 44167K->43143K(65536K), 0.0033385 secs]
 [Times: user=0.00 sys=0.00, real=0.00 secs] 
2026-06-17T09:48:51.458+0800: 13.659: [GC concurrent-cleanup-start]
2026-06-17T09:48:51.458+0800: 13.659: [GC concurrent-cleanup-end, 0.0000072 secs]
2026-06-17T09:48:51.468+0800: 13.670: [GC pause (G1 Evacuation Pause) (young), 0.0156712 secs]
   [Parallel Time: 10.4 ms, GC Workers: 18]
      [GC Worker Start (ms): Min: 13669.6, Avg: 13672.6, Max: 13679.0, Diff: 9.5]
      [Ext Root Scanning (ms): Min: 0.0, Avg: 0.0, Max: 0.1, Diff: 0.1, Sum: 0.2]
      [Update RS (ms): Min: 0.0, Avg: 0.0, Max: 0.0, Diff: 0.0, Sum: 0.0]
         [Processed Buffers: Min: 0, Avg: 0.2, Max: 2, Diff: 2, Sum: 3]
      [Scan RS (ms): Min: 0.0, Avg: 0.0, Max: 0.0, Diff: 0.0, Sum: 0.0]
      [Code Root Scanning (ms): Min: 0.0, Avg: 0.0, Max: 0.0, Diff: 0.0, Sum: 0.0]
      [Object Copy (ms): Min: 0.0, Avg: 0.0, Max: 0.2, Diff: 0.2, Sum: 0.4]
      [Termination (ms): Min: 0.0, Avg: 6.5, Max: 9.3, Diff: 9.3, Sum: 117.3]
         [Termination Attempts: Min: 1, Avg: 1.0, Max: 1, Diff: 0, Sum: 18]
      [GC Worker Other (ms): Min: 0.0, Avg: 0.0, Max: 0.0, Diff: 0.0, Sum: 0.1]
      [GC Worker Total (ms): Min: 0.0, Avg: 6.6, Max: 9.6, Diff: 9.6, Sum: 118.0]
      [GC Worker End (ms): Min: 13679.0, Avg: 13679.1, Max: 13679.3, Diff: 0.3]
   [Code Root Fixup: 0.0 ms]
   [Code Root Purge: 0.0 ms]
   [Clear CT: 0.9 ms]
   [Other: 4.4 ms]
      [Choose CSet: 0.0 ms]
      [Ref Proc: 3.5 ms]
      [Ref Enq: 0.0 ms]
      [Redirty Cards: 0.8 ms]
      [Humongous Register: 0.0 ms]
      [Humongous Reclaim: 0.0 ms]
      [Free CSet: 0.0 ms]
   [Eden: 8192.0K(8192.0K)->0.0B(1024.0K) Survivors: 2048.0K->2048.0K Heap: 47280.6K(65536.0K)->40908.6K(65536.0K)]
 [Times: user=0.15 sys=0.01, real=0.02 secs] 
2026-06-17T09:48:51.485+0800: 13.686: [GC pause (G1 Evacuation Pause) (mixed), 0.0133808 secs]
   [Parallel Time: 9.1 ms, GC Workers: 18]
      [GC Worker Start (ms): Min: 13686.5, Avg: 13688.2, Max: 13695.1, Diff: 8.6]
      [Ext Root Scanning (ms): Min: 0.0, Avg: 0.0, Max: 0.2, Diff: 0.1, Sum: 0.3]
      [Update RS (ms): Min: 0.0, Avg: 0.0, Max: 0.0, Diff: 0.0, Sum: 0.0]
         [Processed Buffers: Min: 0, Avg: 0.2, Max: 1, Diff: 1, Sum: 3]
      [Scan RS (ms): Min: 0.0, Avg: 0.0, Max: 0.0, Diff: 0.0, Sum: 0.1]
      [Code Root Scanning (ms): Min: 0.0, Avg: 0.0, Max: 0.0, Diff: 0.0, Sum: 0.0]
      [Object Copy (ms): Min: 0.0, Avg: 0.0, Max: 0.2, Diff: 0.2, Sum: 0.7]
      [Termination (ms): Min: 0.0, Avg: 6.8, Max: 8.4, Diff: 8.4, Sum: 122.7]
         [Termination Attempts: Min: 1, Avg: 1.0, Max: 1, Diff: 0, Sum: 18]
      [GC Worker Other (ms): Min: 0.0, Avg: 0.0, Max: 0.0, Diff: 0.0, Sum: 0.1]
      [GC Worker Total (ms): Min: 0.0, Avg: 6.9, Max: 8.7, Diff: 8.7, Sum: 123.9]
      [GC Worker End (ms): Min: 13695.1, Avg: 13695.1, Max: 13695.2, Diff: 0.2]
   [Code Root Fixup: 0.0 ms]
   [Code Root Purge: 0.0 ms]
   [Clear CT: 1.1 ms]
   [Other: 3.2 ms]
      [Choose CSet: 0.0 ms]
      [Ref Proc: 2.3 ms]
      [Ref Enq: 0.0 ms]
      [Redirty Cards: 0.8 ms]
      [Humongous Register: 0.0 ms]
      [Humongous Reclaim: 0.0 ms]
      [Free CSet: 0.0 ms]
   [Eden: 1024.0K(1024.0K)->0.0B(2048.0K) Survivors: 2048.0K->1024.0K Heap: 41932.6K(65536.0K)->38059.2K(65536.0K)]
 [Times: user=0.13 sys=0.01, real=0.01 secs] 
2026-06-17T09:48:51.500+0800: 13.701: [GC pause (G1 Evacuation Pause) (mixed), 0.0061044 secs]
   [Parallel Time: 2.8 ms, GC Workers: 18]
      [GC Worker Start (ms): Min: 13701.2, Avg: 13702.1, Max: 13703.4, Diff: 2.2]
      [Ext Root Scanning (ms): Min: 0.0, Avg: 0.0, Max: 0.2, Diff: 0.2, Sum: 0.5]
      [Update RS (ms): Min: 0.0, Avg: 0.0, Max: 0.0, Diff: 0.0, Sum: 0.0]
         [Processed Buffers: Min: 0, Avg: 0.3, Max: 2, Diff: 2, Sum: 5]
      [Scan RS (ms): Min: 0.0, Avg: 0.0, Max: 0.0, Diff: 0.0, Sum: 0.1]
      [Code Root Scanning (ms): Min: 0.0, Avg: 0.0, Max: 0.0, Diff: 0.0, Sum: 0.0]
      [Object Copy (ms): Min: 0.0, Avg: 0.1, Max: 0.2, Diff: 0.2, Sum: 1.0]
      [Termination (ms): Min: 0.0, Avg: 1.3, Max: 1.9, Diff: 1.9, Sum: 22.8]
         [Termination Attempts: Min: 1, Avg: 1.0, Max: 1, Diff: 0, Sum: 18]
      [GC Worker Other (ms): Min: 0.0, Avg: 0.0, Max: 0.0, Diff: 0.0, Sum: 0.1]
      [GC Worker Total (ms): Min: 0.0, Avg: 1.4, Max: 2.3, Diff: 2.3, Sum: 24.5]
      [GC Worker End (ms): Min: 13703.4, Avg: 13703.5, Max: 13703.5, Diff: 0.1]
   [Code Root Fixup: 0.0 ms]
   [Code Root Purge: 0.0 ms]
   [Clear CT: 0.7 ms]
   [Other: 2.6 ms]
      [Choose CSet: 0.0 ms]
      [Ref Proc: 2.0 ms]
      [Ref Enq: 0.0 ms]
      [Redirty Cards: 0.5 ms]
      [Humongous Register: 0.0 ms]
      [Humongous Reclaim: 0.0 ms]
      [Free CSet: 0.0 ms]
   [Eden: 2048.0K(2048.0K)->0.0B(9216.0K) Survivors: 1024.0K->1024.0K Heap: 40107.2K(65536.0K)->39306.6K(65536.0K)]
 [Times: user=0.05 sys=0.00, real=0.01 secs] 
2026-06-17T09:48:51.538+0800: 13.739: [GC pause (G1 Evacuation Pause) (young), 0.0127196 secs]
   [Parallel Time: 8.5 ms, GC Workers: 18]
      [GC Worker Start (ms): Min: 13739.5, Avg: 13741.5, Max: 13747.4, Diff: 7.9]
      [Ext Root Scanning (ms): Min: 0.0, Avg: 0.0, Max: 0.2, Diff: 0.2, Sum: 0.4]
      [Update RS (ms): Min: 0.0, Avg: 0.0, Max: 0.1, Diff: 0.1, Sum: 0.1]
         [Processed Buffers: Min: 0, Avg: 0.3, Max: 2, Diff: 2, Sum: 6]
      [Scan RS (ms): Min: 0.0, Avg: 0.0, Max: 0.0, Diff: 0.0, Sum: 0.0]
      [Code Root Scanning (ms): Min: 0.0, Avg: 0.0, Max: 0.0, Diff: 0.0, Sum: 0.0]
      [Object Copy (ms): Min: 0.0, Avg: 0.0, Max: 0.1, Diff: 0.1, Sum: 0.4]
      [Termination (ms): Min: 0.0, Avg: 5.9, Max: 7.6, Diff: 7.6, Sum: 106.1]
         [Termination Attempts: Min: 1, Avg: 1.0, Max: 1, Diff: 0, Sum: 18]
      [GC Worker Other (ms): Min: 0.0, Avg: 0.0, Max: 0.0, Diff: 0.0, Sum: 0.1]
      [GC Worker Total (ms): Min: 0.0, Avg: 6.0, Max: 7.9, Diff: 7.9, Sum: 107.1]
      [GC Worker End (ms): Min: 13747.4, Avg: 13747.4, Max: 13747.6, Diff: 0.2]
   [Code Root Fixup: 0.0 ms]
   [Code Root Purge: 0.0 ms]
   [Clear CT: 1.0 ms]
   [Other: 3.3 ms]
      [Choose CSet: 0.0 ms]
      [Ref Proc: 2.2 ms]
      [Ref Enq: 0.0 ms]
      [Redirty Cards: 1.0 ms]
      [Humongous Register: 0.0 ms]
      [Humongous Reclaim: 0.0 ms]
      [Free CSet: 0.0 ms]
   [Eden: 9216.0K(9216.0K)->0.0B(7168.0K) Survivors: 1024.0K->2048.0K Heap: 48522.6K(65536.0K)->41710.6K(65536.0K)]
 [Times: user=0.12 sys=0.00, real=0.02 secs] 
2026-06-17T09:48:51.573+0800: 13.774: [GC pause (G1 Evacuation Pause) (young) (initial-mark), 0.0131880 secs]
   [Parallel Time: 9.4 ms, GC Workers: 18]
      [GC Worker Start (ms): Min: 13774.0, Avg: 13774.4, Max: 13774.6, Diff: 0.6]
      [Ext Root Scanning (ms): Min: 0.0, Avg: 1.8, Max: 8.0, Diff: 8.0, Sum: 31.7]
      [Update RS (ms): Min: 0.0, Avg: 0.0, Max: 0.0, Diff: 0.0, Sum: 0.0]
         [Processed Buffers: Min: 0, Avg: 0.2, Max: 3, Diff: 3, Sum: 3]
      [Scan RS (ms): Min: 0.0, Avg: 0.0, Max: 0.0, Diff: 0.0, Sum: 0.0]
      [Code Root Scanning (ms): Min: 0.0, Avg: 0.0, Max: 0.0, Diff: 0.0, Sum: 0.0]
      [Object Copy (ms): Min: 0.0, Avg: 0.0, Max: 0.1, Diff: 0.1, Sum: 0.3]
      [Termination (ms): Min: 0.0, Avg: 6.5, Max: 8.0, Diff: 8.0, Sum: 116.3]
         [Termination Attempts: Min: 1, Avg: 1.0, Max: 1, Diff: 0, Sum: 18]
      [GC Worker Other (ms): Min: 0.0, Avg: 0.0, Max: 0.0, Diff: 0.0, Sum: 0.1]
      [GC Worker Total (ms): Min: 8.0, Avg: 8.2, Max: 8.6, Diff: 0.6, Sum: 148.4]
      [GC Worker End (ms): Min: 13782.5, Avg: 13782.6, Max: 13782.7, Diff: 0.1]
   [Code Root Fixup: 0.0 ms]
   [Code Root Purge: 0.0 ms]
   [Clear CT: 0.7 ms]
   [Other: 3.1 ms]
      [Choose CSet: 0.0 ms]
      [Ref Proc: 2.2 ms]
      [Ref Enq: 0.0 ms]
      [Redirty Cards: 0.9 ms]
      [Humongous Register: 0.0 ms]
      [Humongous Reclaim: 0.0 ms]
      [Free CSet: 0.0 ms]
   [Eden: 7168.0K(7168.0K)->0.0B(8192.0K) Survivors: 2048.0K->1024.0K Heap: 48878.6K(65536.0K)->41771.8K(65536.0K)]
 [Times: user=0.13 sys=0.01, real=0.01 secs] 
2026-06-17T09:48:51.587+0800: 13.788: [GC concurrent-root-region-scan-start]
2026-06-17T09:48:51.587+0800: 13.789: [GC concurrent-root-region-scan-end, 0.0003901 secs]
2026-06-17T09:48:51.587+0800: 13.789: [GC concurrent-mark-start]
2026-06-17T09:48:51.588+0800: 13.789: [GC concurrent-mark-end, 0.0005628 secs]
2026-06-17T09:48:51.588+0800: 13.789: [GC remark 2026-06-17T09:48:51.589+0800: 13.790: [Finalize Marking, 0.0034938 secs] 2026-06-17T09:48:51.593+0800: 13.794: [GC ref-proc, 0.0004765 secs] 2026-06-17T09:48:51.594+0800: 13.795: [Unloading, 0.0017966 secs], 0.0082251 secs]
 [Times: user=0.03 sys=0.00, real=0.01 secs] 
2026-06-17T09:48:51.597+0800: 13.799: [GC cleanup 48250K->41082K(65536K), 0.0033421 secs]
 [Times: user=0.00 sys=0.00, real=0.00 secs] 
2026-06-17T09:48:51.602+0800: 13.803: [GC concurrent-cleanup-start]
2026-06-17T09:48:51.602+0800: 13.803: [GC concurrent-cleanup-end, 0.0000109 secs]
2026-06-17T09:48:51.602+0800: 13.803: [GC pause (G1 Evacuation Pause) (young), 0.0070340 secs]
   [Parallel Time: 4.3 ms, GC Workers: 18]
      [GC Worker Start (ms): Min: 13803.0, Avg: 13803.9, Max: 13806.7, Diff: 3.7]
      [Ext Root Scanning (ms): Min: 0.0, Avg: 0.0, Max: 0.2, Diff: 0.2, Sum: 0.5]
      [Update RS (ms): Min: 0.0, Avg: 0.0, Max: 0.0, Diff: 0.0, Sum: 0.0]
         [Processed Buffers: Min: 0, Avg: 0.2, Max: 1, Diff: 1, Sum: 3]
      [Scan RS (ms): Min: 0.0, Avg: 0.0, Max: 0.0, Diff: 0.0, Sum: 0.0]
      [Code Root Scanning (ms): Min: 0.0, Avg: 0.0, Max: 0.0, Diff: 0.0, Sum: 0.0]
      [Object Copy (ms): Min: 0.0, Avg: 0.0, Max: 0.1, Diff: 0.1, Sum: 0.6]
      [Termination (ms): Min: 0.0, Avg: 2.8, Max: 3.5, Diff: 3.5, Sum: 50.1]
         [Termination Attempts: Min: 1, Avg: 1.0, Max: 1, Diff: 0, Sum: 18]
      [GC Worker Other (ms): Min: 0.0, Avg: 0.0, Max: 0.0, Diff: 0.0, Sum: 0.1]
      [GC Worker Total (ms): Min: 0.0, Avg: 2.9, Max: 3.7, Diff: 3.7, Sum: 51.3]
      [GC Worker End (ms): Min: 13806.7, Avg: 13806.8, Max: 13806.9, Diff: 0.1]
   [Code Root Fixup: 0.0 ms]
   [Code Root Purge: 0.0 ms]
   [Clear CT: 0.7 ms]
   [Other: 2.0 ms]
      [Choose CSet: 0.0 ms]
      [Ref Proc: 1.3 ms]
      [Ref Enq: 0.0 ms]
      [Redirty Cards: 0.7 ms]
      [Humongous Register: 0.0 ms]
      [Humongous Reclaim: 0.0 ms]
      [Free CSet: 0.0 ms]
   [Eden: 8192.0K(8192.0K)->0.0B(2048.0K) Survivors: 1024.0K->2048.0K Heap: 43653.8K(65536.0K)->40212.7K(65536.0K)]
 [Times: user=0.06 sys=0.01, real=0.01 secs] 
2026-06-17T09:48:51.620+0800: 13.821: [GC pause (G1 Evacuation Pause) (mixed), 0.0114601 secs]
   [Parallel Time: 7.7 ms, GC Workers: 18]
      [GC Worker Start (ms): Min: 13821.3, Avg: 13822.7, Max: 13828.3, Diff: 7.0]
      [Ext Root Scanning (ms): Min: 0.0, Avg: 0.0, Max: 0.2, Diff: 0.2, Sum: 0.4]
      [Update RS (ms): Min: 0.0, Avg: 0.0, Max: 0.0, Diff: 0.0, Sum: 0.0]
         [Processed Buffers: Min: 0, Avg: 0.1, Max: 1, Diff: 1, Sum: 2]
      [Scan RS (ms): Min: 0.0, Avg: 0.0, Max: 0.0, Diff: 0.0, Sum: 0.0]
      [Code Root Scanning (ms): Min: 0.0, Avg: 0.0, Max: 0.0, Diff: 0.0, Sum: 0.0]
      [Object Copy (ms): Min: 0.0, Avg: 0.0, Max: 0.2, Diff: 0.2, Sum: 0.7]
      [Termination (ms): Min: 0.0, Avg: 5.6, Max: 6.9, Diff: 6.9, Sum: 100.6]
         [Termination Attempts: Min: 1, Avg: 1.0, Max: 1, Diff: 0, Sum: 18]
      [GC Worker Other (ms): Min: 0.0, Avg: 0.0, Max: 0.0, Diff: 0.0, Sum: 0.1]
      [GC Worker Total (ms): Min: 0.0, Avg: 5.7, Max: 7.2, Diff: 7.2, Sum: 101.8]
      [GC Worker End (ms): Min: 13828.3, Avg: 13828.4, Max: 13828.5, Diff: 0.2]
   [Code Root Fixup: 0.0 ms]
   [Code Root Purge: 0.0 ms]
   [Clear CT: 1.0 ms]
   [Other: 2.8 ms]
      [Choose CSet: 0.0 ms]
      [Ref Proc: 2.0 ms]
      [Ref Enq: 0.0 ms]
      [Redirty Cards: 0.7 ms]
      [Humongous Register: 0.0 ms]
      [Humongous Reclaim: 0.0 ms]
      [Free CSet: 0.0 ms]
   [Eden: 2048.0K(2048.0K)->0.0B(2048.0K) Survivors: 2048.0K->1024.0K Heap: 42260.7K(65536.0K)->36608.5K(65536.0K)]
 [Times: user=0.11 sys=0.00, real=0.02 secs] 
2026-06-17T09:48:51.633+0800: 13.834: [GC pause (G1 Evacuation Pause) (mixed), 0.0070013 secs]
   [Parallel Time: 3.7 ms, GC Workers: 18]
      [GC Worker Start (ms): Min: 13834.0, Avg: 13835.0, Max: 13837.2, Diff: 3.1]
      [Ext Root Scanning (ms): Min: 0.0, Avg: 0.0, Max: 0.2, Diff: 0.2, Sum: 0.3]
      [Update RS (ms): Min: 0.0, Avg: 0.0, Max: 0.0, Diff: 0.0, Sum: 0.0]
         [Processed Buffers: Min: 0, Avg: 0.3, Max: 4, Diff: 4, Sum: 6]
      [Scan RS (ms): Min: 0.0, Avg: 0.0, Max: 0.0, Diff: 0.0, Sum: 0.1]
      [Code Root Scanning (ms): Min: 0.0, Avg: 0.0, Max: 0.0, Diff: 0.0, Sum: 0.0]
      [Object Copy (ms): Min: 0.0, Avg: 0.1, Max: 0.3, Diff: 0.3, Sum: 1.1]
      [Termination (ms): Min: 0.0, Avg: 2.1, Max: 2.7, Diff: 2.7, Sum: 37.9]
         [Termination Attempts: Min: 1, Avg: 1.0, Max: 1, Diff: 0, Sum: 18]
      [GC Worker Other (ms): Min: 0.0, Avg: 0.0, Max: 0.0, Diff: 0.0, Sum: 0.1]
      [GC Worker Total (ms): Min: 0.0, Avg: 2.2, Max: 3.1, Diff: 3.1, Sum: 39.5]
      [GC Worker End (ms): Min: 13837.2, Avg: 13837.2, Max: 13837.4, Diff: 0.2]
   [Code Root Fixup: 0.0 ms]
   [Code Root Purge: 0.0 ms]
   [Clear CT: 0.9 ms]
   [Other: 2.4 ms]
      [Choose CSet: 0.0 ms]
      [Ref Proc: 1.5 ms]
      [Ref Enq: 0.0 ms]
      [Redirty Cards: 0.8 ms]
      [Humongous Register: 0.0 ms]
      [Humongous Reclaim: 0.0 ms]
      [Free CSet: 0.0 ms]
   [Eden: 2048.0K(2048.0K)->0.0B(2048.0K) Survivors: 1024.0K->1024.0K Heap: 38656.5K(65536.0K)->36377.7K(65536.0K)]
 [Times: user=0.06 sys=0.00, real=0.00 secs] 
2026-06-17T09:48:51.651+0800: 13.852: [GC pause (G1 Evacuation Pause) (mixed), 0.0119759 secs]
   [Parallel Time: 7.0 ms, GC Workers: 18]
      [GC Worker Start (ms): Min: 13852.5, Avg: 13853.5, Max: 13858.9, Diff: 6.4]
      [Ext Root Scanning (ms): Min: 0.0, Avg: 0.0, Max: 0.2, Diff: 0.2, Sum: 0.4]
      [Update RS (ms): Min: 0.0, Avg: 0.0, Max: 0.0, Diff: 0.0, Sum: 0.1]
         [Processed Buffers: Min: 0, Avg: 0.3, Max: 3, Diff: 3, Sum: 5]
      [Scan RS (ms): Min: 0.0, Avg: 0.0, Max: 0.1, Diff: 0.1, Sum: 0.1]
      [Code Root Scanning (ms): Min: 0.0, Avg: 0.0, Max: 0.0, Diff: 0.0, Sum: 0.0]
      [Object Copy (ms): Min: 0.0, Avg: 0.0, Max: 0.1, Diff: 0.1, Sum: 0.4]
      [Termination (ms): Min: 0.0, Avg: 5.4, Max: 6.2, Diff: 6.2, Sum: 97.0]
         [Termination Attempts: Min: 1, Avg: 1.0, Max: 1, Diff: 0, Sum: 18]
      [GC Worker Other (ms): Min: 0.0, Avg: 0.0, Max: 0.0, Diff: 0.0, Sum: 0.1]
      [GC Worker Total (ms): Min: 0.0, Avg: 5.4, Max: 6.5, Diff: 6.5, Sum: 98.0]
      [GC Worker End (ms): Min: 13858.9, Avg: 13858.9, Max: 13859.1, Diff: 0.2]
   [Code Root Fixup: 0.0 ms]
   [Code Root Purge: 0.0 ms]
   [Clear CT: 1.6 ms]
   [Other: 3.3 ms]
      [Choose CSet: 0.0 ms]
      [Ref Proc: 2.1 ms]
      [Ref Enq: 0.0 ms]
      [Redirty Cards: 1.1 ms]
      [Humongous Register: 0.0 ms]
      [Humongous Reclaim: 0.0 ms]
      [Free CSet: 0.0 ms]
   [Eden: 2048.0K(2048.0K)->0.0B(11264.0K) Survivors: 1024.0K->1024.0K Heap: 38425.7K(65536.0K)->37777.7K(65536.0K)]
 [Times: user=0.11 sys=0.01, real=0.01 secs] 
2026-06-17T09:48:51.696+0800: 13.897: [GC pause (G1 Evacuation Pause) (young), 0.0106162 secs]
   [Parallel Time: 3.4 ms, GC Workers: 18]
      [GC Worker Start (ms): Min: 13897.0, Avg: 13897.9, Max: 13899.8, Diff: 2.8]
      [Ext Root Scanning (ms): Min: 0.0, Avg: 0.0, Max: 0.3, Diff: 0.3, Sum: 0.8]
      [Update RS (ms): Min: 0.0, Avg: 0.0, Max: 0.1, Diff: 0.1, Sum: 0.2]
         [Processed Buffers: Min: 0, Avg: 0.2, Max: 1, Diff: 1, Sum: 4]
      [Scan RS (ms): Min: 0.0, Avg: 0.0, Max: 0.0, Diff: 0.0, Sum: 0.0]
      [Code Root Scanning (ms): Min: 0.0, Avg: 0.0, Max: 0.0, Diff: 0.0, Sum: 0.0]
      [Object Copy (ms): Min: 0.0, Avg: 0.0, Max: 0.2, Diff: 0.2, Sum: 0.6]
      [Termination (ms): Min: 0.0, Avg: 1.8, Max: 2.5, Diff: 2.5, Sum: 32.2]
         [Termination Attempts: Min: 1, Avg: 1.2, Max: 2, Diff: 1, Sum: 21]
      [GC Worker Other (ms): Min: 0.0, Avg: 0.0, Max: 0.0, Diff: 0.0, Sum: 0.1]
      [GC Worker Total (ms): Min: 0.0, Avg: 1.9, Max: 2.8, Diff: 2.8, Sum: 33.9]
      [GC Worker End (ms): Min: 13899.8, Avg: 13899.8, Max: 13900.2, Diff: 0.4]
   [Code Root Fixup: 0.0 ms]
   [Code Root Purge: 0.0 ms]
   [Clear CT: 1.2 ms]
   [Other: 6.0 ms]
      [Choose CSet: 0.0 ms]
      [Ref Proc: 4.5 ms]
      [Ref Enq: 0.0 ms]
      [Redirty Cards: 1.4 ms]
      [Humongous Register: 0.0 ms]
      [Humongous Reclaim: 0.0 ms]
      [Free CSet: 0.0 ms]
   [Eden: 11264.0K(11264.0K)->0.0B(9216.0K) Survivors: 1024.0K->2048.0K Heap: 49041.7K(65536.0K)->39964.7K(65536.0K)]
 [Times: user=0.07 sys=0.00, real=0.01 secs] 
2026-06-17T09:48:51.728+0800: 13.930: [GC pause (G1 Evacuation Pause) (young) (initial-mark), 0.0123405 secs]
   [Parallel Time: 5.6 ms, GC Workers: 18]
      [GC Worker Start (ms): Min: 13929.8, Avg: 13930.4, Max: 13931.0, Diff: 1.2]
      [Ext Root Scanning (ms): Min: 0.0, Avg: 2.1, Max: 3.9, Diff: 3.9, Sum: 38.4]
      [Update RS (ms): Min: 0.0, Avg: 0.0, Max: 0.0, Diff: 0.0, Sum: 0.0]
         [Processed Buffers: Min: 0, Avg: 0.2, Max: 3, Diff: 3, Sum: 3]
      [Scan RS (ms): Min: 0.0, Avg: 0.0, Max: 0.0, Diff: 0.0, Sum: 0.0]
      [Code Root Scanning (ms): Min: 0.0, Avg: 0.0, Max: 0.0, Diff: 0.0, Sum: 0.0]
      [Object Copy (ms): Min: 0.0, Avg: 0.0, Max: 0.2, Diff: 0.2, Sum: 0.6]
      [Termination (ms): Min: 0.0, Avg: 2.4, Max: 3.7, Diff: 3.7, Sum: 42.6]
         [Termination Attempts: Min: 1, Avg: 1.0, Max: 1, Diff: 0, Sum: 18]
      [GC Worker Other (ms): Min: 0.0, Avg: 0.0, Max: 0.0, Diff: 0.0, Sum: 0.1]
      [GC Worker Total (ms): Min: 3.9, Avg: 4.5, Max: 5.2, Diff: 1.3, Sum: 81.7]
      [GC Worker End (ms): Min: 13934.9, Avg: 13935.0, Max: 13935.1, Diff: 0.2]
   [Code Root Fixup: 0.0 ms]
   [Code Root Purge: 0.0 ms]
   [Clear CT: 1.2 ms]
   [Other: 5.6 ms]
      [Choose CSet: 0.0 ms]
      [Ref Proc: 4.2 ms]
      [Ref Enq: 0.0 ms]
      [Redirty Cards: 1.3 ms]
      [Humongous Register: 0.0 ms]
      [Humongous Reclaim: 0.0 ms]
      [Free CSet: 0.0 ms]
   [Eden: 9216.0K(9216.0K)->0.0B(6144.0K) Survivors: 2048.0K->2048.0K Heap: 49180.7K(65536.0K)->42608.7K(65536.0K)]
 [Times: user=0.07 sys=0.00, real=0.01 secs] 
2026-06-17T09:48:51.742+0800: 13.943: [GC concurrent-root-region-scan-start]
2026-06-17T09:48:51.742+0800: 13.944: [GC concurrent-root-region-scan-end, 0.0006136 secs]
2026-06-17T09:48:51.742+0800: 13.944: [GC concurrent-mark-start]
2026-06-17T09:48:51.743+0800: 13.944: [GC concurrent-mark-end, 0.0004606 secs]
2026-06-17T09:48:51.743+0800: 13.944: [GC remark 2026-06-17T09:48:51.744+0800: 13.945: [Finalize Marking, 0.0042495 secs] 2026-06-17T09:48:51.748+0800: 13.949: [GC ref-proc, 0.0002514 secs] 2026-06-17T09:48:51.748+0800: 13.950: [Unloading, 0.0019354 secs], 0.0093117 secs]
 [Times: user=0.04 sys=0.00, real=0.01 secs] 
2026-06-17T09:48:51.753+0800: 13.954: [GC cleanup 47726K->47726K(65536K), 0.0069966 secs]
 [Times: user=0.00 sys=0.00, real=0.00 secs] 
2026-06-17T09:48:51.761+0800: 13.962: [GC pause (G1 Evacuation Pause) (young), 0.0047448 secs]
   [Parallel Time: 2.0 ms, GC Workers: 18]
      [GC Worker Start (ms): Min: 13962.5, Avg: 13963.0, Max: 13963.8, Diff: 1.3]
      [Ext Root Scanning (ms): Min: 0.0, Avg: 0.0, Max: 0.2, Diff: 0.2, Sum: 0.4]
      [Update RS (ms): Min: 0.0, Avg: 0.0, Max: 0.0, Diff: 0.0, Sum: 0.0]
         [Processed Buffers: Min: 0, Avg: 0.2, Max: 2, Diff: 2, Sum: 4]
      [Scan RS (ms): Min: 0.0, Avg: 0.0, Max: 0.0, Diff: 0.0, Sum: 0.0]
      [Code Root Scanning (ms): Min: 0.0, Avg: 0.0, Max: 0.0, Diff: 0.0, Sum: 0.0]
      [Object Copy (ms): Min: 0.0, Avg: 0.1, Max: 0.3, Diff: 0.3, Sum: 1.9]
      [Termination (ms): Min: 0.0, Avg: 0.7, Max: 0.9, Diff: 0.9, Sum: 12.4]
         [Termination Attempts: Min: 1, Avg: 1.0, Max: 1, Diff: 0, Sum: 18]
      [GC Worker Other (ms): Min: 0.0, Avg: 0.0, Max: 0.0, Diff: 0.0, Sum: 0.1]
      [GC Worker Total (ms): Min: 0.0, Avg: 0.8, Max: 1.3, Diff: 1.3, Sum: 14.9]
      [GC Worker End (ms): Min: 13963.8, Avg: 13963.8, Max: 13964.0, Diff: 0.2]
   [Code Root Fixup: 0.0 ms]
   [Code Root Purge: 0.0 ms]
   [Clear CT: 0.6 ms]
   [Other: 2.1 ms]
      [Choose CSet: 0.0 ms]
      [Ref Proc: 1.4 ms]
      [Ref Enq: 0.0 ms]
      [Redirty Cards: 0.6 ms]
      [Humongous Register: 0.0 ms]
      [Humongous Reclaim: 0.0 ms]
      [Free CSet: 0.0 ms]
   [Eden: 6144.0K(6144.0K)->0.0B(2048.0K) Survivors: 2048.0K->1024.0K Heap: 48752.7K(65536.0K)->48623.7K(65536.0K)]
 [Times: user=0.02 sys=0.00, real=0.01 secs] 
2026-06-17T09:48:51.767+0800: 13.968: [GC pause (G1 Evacuation Pause) (mixed), 0.0040018 secs]
   [Parallel Time: 1.3 ms, GC Workers: 18]
      [GC Worker Start (ms): Min: 13968.0, Avg: 13968.5, Max: 13968.8, Diff: 0.8]
      [Ext Root Scanning (ms): Min: 0.0, Avg: 0.0, Max: 0.1, Diff: 0.1, Sum: 0.4]
      [Update RS (ms): Min: 0.0, Avg: 0.0, Max: 0.0, Diff: 0.0, Sum: 0.0]
         [Processed Buffers: Min: 0, Avg: 0.2, Max: 1, Diff: 1, Sum: 3]
      [Scan RS (ms): Min: 0.0, Avg: 0.0, Max: 0.0, Diff: 0.0, Sum: 0.0]
      [Code Root Scanning (ms): Min: 0.0, Avg: 0.0, Max: 0.0, Diff: 0.0, Sum: 0.0]
      [Object Copy (ms): Min: 0.0, Avg: 0.0, Max: 0.1, Diff: 0.1, Sum: 0.6]
      [Termination (ms): Min: 0.0, Avg: 0.3, Max: 0.5, Diff: 0.5, Sum: 5.7]
         [Termination Attempts: Min: 1, Avg: 1.0, Max: 1, Diff: 0, Sum: 18]
      [GC Worker Other (ms): Min: 0.0, Avg: 0.0, Max: 0.0, Diff: 0.0, Sum: 0.1]
      [GC Worker Total (ms): Min: 0.0, Avg: 0.4, Max: 0.8, Diff: 0.8, Sum: 6.7]
      [GC Worker End (ms): Min: 13968.8, Avg: 13968.9, Max: 13968.9, Diff: 0.1]
   [Code Root Fixup: 0.0 ms]
   [Code Root Purge: 0.0 ms]
   [Clear CT: 0.8 ms]
   [Other: 2.0 ms]
      [Choose CSet: 0.0 ms]
      [Ref Proc: 1.3 ms]
      [Ref Enq: 0.0 ms]
      [Redirty Cards: 0.6 ms]
      [Humongous Register: 0.0 ms]
      [Humongous Reclaim: 0.0 ms]
      [Free CSet: 0.0 ms]
   [Eden: 2048.0K(2048.0K)->0.0B(2048.0K) Survivors: 1024.0K->1024.0K Heap: 50671.7K(65536.0K)->44760.7K(65536.0K)]
 [Times: user=0.02 sys=0.01, real=0.01 secs] 
2026-06-17T09:48:51.782+0800: 13.983: [GC pause (G1 Evacuation Pause) (mixed), 0.0057325 secs]
   [Parallel Time: 2.2 ms, GC Workers: 18]
      [GC Worker Start (ms): Min: 13983.1, Avg: 13983.9, Max: 13984.7, Diff: 1.6]
      [Ext Root Scanning (ms): Min: 0.0, Avg: 0.0, Max: 0.2, Diff: 0.2, Sum: 0.6]
      [Update RS (ms): Min: 0.0, Avg: 0.0, Max: 0.0, Diff: 0.0, Sum: 0.0]
         [Processed Buffers: Min: 0, Avg: 0.3, Max: 1, Diff: 1, Sum: 5]
      [Scan RS (ms): Min: 0.0, Avg: 0.0, Max: 0.0, Diff: 0.0, Sum: 0.0]
      [Code Root Scanning (ms): Min: 0.0, Avg: 0.0, Max: 0.0, Diff: 0.0, Sum: 0.0]
      [Object Copy (ms): Min: 0.0, Avg: 0.1, Max: 0.2, Diff: 0.2, Sum: 1.3]
      [Termination (ms): Min: 0.0, Avg: 0.7, Max: 1.2, Diff: 1.2, Sum: 12.5]
         [Termination Attempts: Min: 1, Avg: 1.0, Max: 1, Diff: 0, Sum: 18]
      [GC Worker Other (ms): Min: 0.0, Avg: 0.0, Max: 0.0, Diff: 0.0, Sum: 0.1]
      [GC Worker Total (ms): Min: 0.0, Avg: 0.8, Max: 1.6, Diff: 1.6, Sum: 14.6]
      [GC Worker End (ms): Min: 13984.7, Avg: 13984.7, Max: 13984.8, Diff: 0.1]
   [Code Root Fixup: 0.0 ms]
   [Code Root Purge: 0.0 ms]
   [Clear CT: 1.0 ms]
   [Other: 2.5 ms]
      [Choose CSet: 0.0 ms]
      [Ref Proc: 1.7 ms]
      [Ref Enq: 0.0 ms]
      [Redirty Cards: 0.8 ms]
      [Humongous Register: 0.0 ms]
      [Humongous Reclaim: 0.0 ms]
      [Free CSet: 0.0 ms]
   [Eden: 2048.0K(2048.0K)->0.0B(2048.0K) Survivors: 1024.0K->1024.0K Heap: 46808.7K(65536.0K)->44429.7K(65536.0K)]
 [Times: user=0.02 sys=0.00, real=0.01 secs] 
2026-06-17T09:48:51.789+0800: 13.990: [GC pause (G1 Evacuation Pause) (mixed), 0.0053019 secs]
   [Parallel Time: 2.0 ms, GC Workers: 18]
      [GC Worker Start (ms): Min: 13990.2, Avg: 13990.9, Max: 13991.5, Diff: 1.4]
      [Ext Root Scanning (ms): Min: 0.0, Avg: 0.0, Max: 0.2, Diff: 0.2, Sum: 0.4]
      [Update RS (ms): Min: 0.0, Avg: 0.0, Max: 0.0, Diff: 0.0, Sum: 0.0]
         [Processed Buffers: Min: 0, Avg: 0.3, Max: 4, Diff: 4, Sum: 6]
      [Scan RS (ms): Min: 0.0, Avg: 0.0, Max: 0.0, Diff: 0.0, Sum: 0.1]
      [Code Root Scanning (ms): Min: 0.0, Avg: 0.0, Max: 0.0, Diff: 0.0, Sum: 0.0]
      [Object Copy (ms): Min: 0.0, Avg: 0.0, Max: 0.1, Diff: 0.1, Sum: 0.7]
      [Termination (ms): Min: 0.0, Avg: 0.6, Max: 1.1, Diff: 1.1, Sum: 11.1]
         [Termination Attempts: Min: 1, Avg: 1.0, Max: 1, Diff: 0, Sum: 18]
      [GC Worker Other (ms): Min: 0.0, Avg: 0.0, Max: 0.0, Diff: 0.0, Sum: 0.1]
      [GC Worker Total (ms): Min: 0.0, Avg: 0.7, Max: 1.4, Diff: 1.4, Sum: 12.4]
      [GC Worker End (ms): Min: 13991.5, Avg: 13991.6, Max: 13991.6, Diff: 0.1]
   [Code Root Fixup: 0.0 ms]
   [Code Root Purge: 0.0 ms]
   [Clear CT: 0.9 ms]
   [Other: 2.4 ms]
      [Choose CSet: 0.0 ms]
      [Ref Proc: 1.6 ms]
      [Ref Enq: 0.0 ms]
      [Redirty Cards: 0.7 ms]
      [Humongous Register: 0.0 ms]
      [Humongous Reclaim: 0.0 ms]
      [Free CSet: 0.0 ms]
   [Eden: 2048.0K(2048.0K)->0.0B(4096.0K) Survivors: 1024.0K->1024.0K Heap: 46477.7K(65536.0K)->44842.7K(65536.0K)]
 [Times: user=0.02 sys=0.01, real=0.01 secs] 
2026-06-17T09:48:51.806+0800: 14.007: [GC pause (G1 Evacuation Pause) (young), 0.0063192 secs]
   [Parallel Time: 2.7 ms, GC Workers: 18]
      [GC Worker Start (ms): Min: 14006.9, Avg: 14007.8, Max: 14008.8, Diff: 1.9]
      [Ext Root Scanning (ms): Min: 0.0, Avg: 0.0, Max: 0.2, Diff: 0.1, Sum: 0.5]
      [Update RS (ms): Min: 0.0, Avg: 0.0, Max: 0.1, Diff: 0.1, Sum: 0.2]
         [Processed Buffers: Min: 0, Avg: 0.3, Max: 3, Diff: 3, Sum: 6]
      [Scan RS (ms): Min: 0.0, Avg: 0.0, Max: 0.0, Diff: 0.0, Sum: 0.0]
      [Code Root Scanning (ms): Min: 0.0, Avg: 0.0, Max: 0.0, Diff: 0.0, Sum: 0.0]
      [Object Copy (ms): Min: 0.0, Avg: 0.0, Max: 0.2, Diff: 0.2, Sum: 0.6]
      [Termination (ms): Min: 0.0, Avg: 1.0, Max: 1.8, Diff: 1.8, Sum: 18.8]
         [Termination Attempts: Min: 1, Avg: 1.0, Max: 1, Diff: 0, Sum: 18]
      [GC Worker Other (ms): Min: 0.0, Avg: 0.0, Max: 0.0, Diff: 0.0, Sum: 0.1]
      [GC Worker Total (ms): Min: 0.0, Avg: 1.1, Max: 2.2, Diff: 2.1, Sum: 20.1]
      [GC Worker End (ms): Min: 14008.8, Avg: 14008.9, Max: 14009.1, Diff: 0.3]
   [Code Root Fixup: 0.0 ms]
   [Code Root Purge: 0.0 ms]
   [Clear CT: 1.0 ms]
   [Other: 2.6 ms]
      [Choose CSet: 0.0 ms]
      [Ref Proc: 1.8 ms]
      [Ref Enq: 0.0 ms]
      [Redirty Cards: 0.8 ms]
      [Humongous Register: 0.0 ms]
      [Humongous Reclaim: 0.0 ms]
      [Free CSet: 0.0 ms]
   [Eden: 4096.0K(4096.0K)->0.0B(2048.0K) Survivors: 1024.0K->1024.0K Heap: 48938.7K(65536.0K)->49019.7K(65536.0K)]
 [Times: user=0.03 sys=0.01, real=0.01 secs] 
2026-06-17T09:48:51.823+0800: 14.025: [GC pause (G1 Evacuation Pause) (young) (initial-mark), 0.0096526 secs]
   [Parallel Time: 4.9 ms, GC Workers: 18]
      [GC Worker Start (ms): Min: 14024.7, Avg: 14024.9, Max: 14025.1, Diff: 0.5]
      [Ext Root Scanning (ms): Min: 0.0, Avg: 1.3, Max: 2.6, Diff: 2.6, Sum: 24.2]
      [Update RS (ms): Min: 0.0, Avg: 0.0, Max: 0.0, Diff: 0.0, Sum: 0.0]
         [Processed Buffers: Min: 0, Avg: 0.2, Max: 4, Diff: 4, Sum: 4]
      [Scan RS (ms): Min: 0.0, Avg: 0.0, Max: 0.0, Diff: 0.0, Sum: 0.0]
      [Code Root Scanning (ms): Min: 0.0, Avg: 0.0, Max: 0.0, Diff: 0.0, Sum: 0.0]
      [Object Copy (ms): Min: 0.0, Avg: 0.0, Max: 0.1, Diff: 0.1, Sum: 0.2]
      [Termination (ms): Min: 0.0, Avg: 1.6, Max: 3.1, Diff: 3.1, Sum: 29.1]
         [Termination Attempts: Min: 1, Avg: 1.2, Max: 2, Diff: 1, Sum: 21]
      [GC Worker Other (ms): Min: 0.0, Avg: 0.0, Max: 0.0, Diff: 0.0, Sum: 0.1]
      [GC Worker Total (ms): Min: 2.6, Avg: 3.0, Max: 3.5, Diff: 0.9, Sum: 53.7]
      [GC Worker End (ms): Min: 14027.7, Avg: 14027.9, Max: 14028.4, Diff: 0.7]
   [Code Root Fixup: 0.0 ms]
   [Code Root Purge: 0.0 ms]
   [Clear CT: 0.9 ms]
   [Other: 3.9 ms]
      [Choose CSet: 0.0 ms]
      [Ref Proc: 3.3 ms]
      [Ref Enq: 0.0 ms]
      [Redirty Cards: 0.6 ms]
      [Humongous Register: 0.0 ms]
      [Humongous Reclaim: 0.0 ms]
      [Free CSet: 0.0 ms]
   [Eden: 2048.0K(2048.0K)->0.0B(2048.0K) Survivors: 1024.0K->1024.0K Heap: 51067.7K(65536.0K)->49513.2K(65536.0K)]
 [Times: user=0.05 sys=0.00, real=0.01 secs] 
2026-06-17T09:48:51.834+0800: 14.035: [GC concurrent-root-region-scan-start]
2026-06-17T09:48:51.834+0800: 14.035: [GC pause (G1 Evacuation Pause) (young)2026-06-17T09:48:51.834+0800: 14.036: [GC concurrent-root-region-scan-end, 0.0002844 secs]
2026-06-17T09:48:51.834+0800: 14.036: [GC concurrent-mark-start]
, 0.0071929 secs]
   [Root Region Scan Waiting: 0.2 ms]
   [Parallel Time: 2.2 ms, GC Workers: 18]
      [GC Worker Start (ms): Min: 14035.6, Avg: 14036.3, Max: 14036.9, Diff: 1.3]
      [Ext Root Scanning (ms): Min: 0.0, Avg: 0.0, Max: 0.2, Diff: 0.2, Sum: 0.5]
      [Update RS (ms): Min: 0.0, Avg: 0.0, Max: 0.0, Diff: 0.0, Sum: 0.0]
         [Processed Buffers: Min: 0, Avg: 0.1, Max: 1, Diff: 1, Sum: 2]
      [Scan RS (ms): Min: 0.0, Avg: 0.0, Max: 0.0, Diff: 0.0, Sum: 0.0]
      [Code Root Scanning (ms): Min: 0.0, Avg: 0.0, Max: 0.0, Diff: 0.0, Sum: 0.0]
      [Object Copy (ms): Min: 0.0, Avg: 0.0, Max: 0.0, Diff: 0.0, Sum: 0.0]
      [Termination (ms): Min: 0.0, Avg: 0.7, Max: 1.4, Diff: 1.4, Sum: 12.9]
         [Termination Attempts: Min: 1, Avg: 1.0, Max: 1, Diff: 0, Sum: 18]
      [GC Worker Other (ms): Min: 0.0, Avg: 0.0, Max: 0.0, Diff: 0.0, Sum: 0.1]
      [GC Worker Total (ms): Min: 0.0, Avg: 0.8, Max: 1.4, Diff: 1.3, Sum: 13.6]
      [GC Worker End (ms): Min: 14037.0, Avg: 14037.0, Max: 14037.3, Diff: 0.3]
   [Code Root Fixup: 0.0 ms]
   [Code Root Purge: 0.0 ms]
   [Clear CT: 1.2 ms]
   [Other: 3.6 ms]
      [Choose CSet: 0.0 ms]
      [Ref Proc: 3.1 ms]
      [Ref Enq: 0.0 ms]
      [Redirty Cards: 0.5 ms]
      [Humongous Register: 0.0 ms]
      [Humongous Reclaim: 0.0 ms]
      [Free CSet: 0.0 ms]
   [Eden: 2048.0K(2048.0K)->0.0B(2048.0K) Survivors: 1024.0K->1024.0K Heap: 51561.2K(65536.0K)->48493.2K(65536.0K)]
 [Times: user=0.03 sys=0.00, real=0.00 secs] 
2026-06-17T09:48:51.843+0800: 14.044: [GC pause (G1 Evacuation Pause) (young), 0.0063699 secs]
   [Parallel Time: 2.5 ms, GC Workers: 18]
      [GC Worker Start (ms): Min: 14044.0, Avg: 14045.0, Max: 14046.1, Diff: 2.1]
      [Ext Root Scanning (ms): Min: 0.0, Avg: 0.0, Max: 0.1, Diff: 0.1, Sum: 0.3]
      [Update RS (ms): Min: 0.0, Avg: 0.0, Max: 0.0, Diff: 0.0, Sum: 0.0]
         [Processed Buffers: Min: 0, Avg: 0.1, Max: 1, Diff: 1, Sum: 2]
      [Scan RS (ms): Min: 0.0, Avg: 0.0, Max: 0.0, Diff: 0.0, Sum: 0.0]
      [Code Root Scanning (ms): Min: 0.0, Avg: 0.0, Max: 0.0, Diff: 0.0, Sum: 0.0]
      [Object Copy (ms): Min: 0.0, Avg: 0.0, Max: 0.0, Diff: 0.0, Sum: 0.1]
      [Termination (ms): Min: 0.0, Avg: 1.1, Max: 2.3, Diff: 2.3, Sum: 20.1]
         [Termination Attempts: Min: 1, Avg: 1.0, Max: 1, Diff: 0, Sum: 18]
      [GC Worker Other (ms): Min: 0.0, Avg: 0.0, Max: 0.0, Diff: 0.0, Sum: 0.1]
      [GC Worker Total (ms): Min: 0.0, Avg: 1.1, Max: 2.4, Diff: 2.4, Sum: 20.6]
      [GC Worker End (ms): Min: 14046.1, Avg: 14046.2, Max: 14046.4, Diff: 0.3]
   [Code Root Fixup: 0.0 ms]
   [Code Root Purge: 0.0 ms]
   [Clear CT: 1.1 ms]
   [Other: 2.8 ms]
      [Choose CSet: 0.0 ms]
      [Ref Proc: 2.2 ms]
      [Ref Enq: 0.0 ms]
      [Redirty Cards: 0.5 ms]
      [Humongous Register: 0.0 ms]
      [Humongous Reclaim: 0.0 ms]
      [Free CSet: 0.0 ms]
   [Eden: 2048.0K(2048.0K)->0.0B(2048.0K) Survivors: 1024.0K->1024.0K Heap: 50541.2K(65536.0K)->50232.7K(65536.0K)]
 [Times: user=0.04 sys=0.00, real=0.00 secs] 
2026-06-17T09:48:51.851+0800: 14.052: [GC concurrent-mark-end, 0.0162643 secs]
2026-06-17T09:48:51.851+0800: 14.052: [GC remark 2026-06-17T09:48:51.851+0800: 14.053: [Finalize Marking, 0.0109151 secs] 2026-06-17T09:48:51.863+0800: 14.064: [GC ref-proc, 0.0004271 secs] 2026-06-17T09:48:51.864+0800: 14.065: [Unloading, 0.0016499 secs], 0.0155511 secs]
 [Times: user=0.15 sys=0.01, real=0.01 secs] 
2026-06-17T09:48:51.867+0800: 14.069: [GC cleanup 52247K->45079K(65536K), 0.0025972 secs]
 [Times: user=0.00 sys=0.00, real=0.01 secs] 
2026-06-17T09:48:51.871+0800: 14.073: [GC concurrent-cleanup-start]
2026-06-17T09:48:51.871+0800: 14.073: [GC concurrent-cleanup-end, 0.0000078 secs]
2026-06-17T09:48:51.871+0800: 14.073: [GC pause (G1 Evacuation Pause) (young), 0.0117910 secs]
   [Parallel Time: 8.0 ms, GC Workers: 18]
      [GC Worker Start (ms): Min: 14072.6, Avg: 14073.9, Max: 14079.9, Diff: 7.3]
      [Ext Root Scanning (ms): Min: 0.0, Avg: 0.0, Max: 0.1, Diff: 0.1, Sum: 0.3]
      [Update RS (ms): Min: 0.0, Avg: 0.0, Max: 0.0, Diff: 0.0, Sum: 0.0]
         [Processed Buffers: Min: 0, Avg: 0.1, Max: 1, Diff: 1, Sum: 2]
      [Scan RS (ms): Min: 0.0, Avg: 0.0, Max: 0.0, Diff: 0.0, Sum: 0.0]
      [Code Root Scanning (ms): Min: 0.0, Avg: 0.0, Max: 0.0, Diff: 0.0, Sum: 0.0]
      [Object Copy (ms): Min: 0.0, Avg: 0.0, Max: 0.1, Diff: 0.1, Sum: 0.3]
      [Termination (ms): Min: 0.0, Avg: 6.1, Max: 7.3, Diff: 7.3, Sum: 109.2]
         [Termination Attempts: Min: 1, Avg: 1.0, Max: 1, Diff: 0, Sum: 18]
      [GC Worker Other (ms): Min: 0.0, Avg: 0.0, Max: 0.0, Diff: 0.0, Sum: 0.1]
      [GC Worker Total (ms): Min: 0.0, Avg: 6.1, Max: 7.4, Diff: 7.4, Sum: 109.9]
      [GC Worker End (ms): Min: 14079.9, Avg: 14080.0, Max: 14080.1, Diff: 0.2]
   [Code Root Fixup: 0.0 ms]
   [Code Root Purge: 0.0 ms]
   [Clear CT: 0.9 ms]
   [Other: 2.9 ms]
      [Choose CSet: 0.0 ms]
      [Ref Proc: 2.2 ms]
      [Ref Enq: 0.0 ms]
      [Redirty Cards: 0.6 ms]
      [Humongous Register: 0.0 ms]
      [Humongous Reclaim: 0.0 ms]
      [Free CSet: 0.0 ms]
   [Eden: 2048.0K(2048.0K)->0.0B(2048.0K) Survivors: 1024.0K->1024.0K Heap: 45112.7K(65536.0K)->45019.7K(65536.0K)]
 [Times: user=0.12 sys=0.00, real=0.01 secs] 
2026-06-17T09:48:51.895+0800: 14.096: [GC pause (G1 Evacuation Pause) (mixed), 0.0104280 secs]
   [Parallel Time: 5.8 ms, GC Workers: 18]
      [GC Worker Start (ms): Min: 14095.9, Avg: 14097.2, Max: 14100.4, Diff: 4.5]
      [Ext Root Scanning (ms): Min: 0.0, Avg: 0.0, Max: 0.1, Diff: 0.1, Sum: 0.3]
      [Update RS (ms): Min: 0.0, Avg: 0.0, Max: 0.0, Diff: 0.0, Sum: 0.0]
         [Processed Buffers: Min: 0, Avg: 0.1, Max: 1, Diff: 1, Sum: 2]
      [Scan RS (ms): Min: 0.0, Avg: 0.0, Max: 0.0, Diff: 0.0, Sum: 0.0]
      [Code Root Scanning (ms): Min: 0.0, Avg: 0.0, Max: 0.0, Diff: 0.0, Sum: 0.0]
      [Object Copy (ms): Min: 0.0, Avg: 0.0, Max: 0.1, Diff: 0.1, Sum: 0.5]
      [Termination (ms): Min: 0.0, Avg: 3.3, Max: 4.8, Diff: 4.8, Sum: 59.8]
         [Termination Attempts: Min: 1, Avg: 1.0, Max: 1, Diff: 0, Sum: 18]
      [GC Worker Other (ms): Min: 0.0, Avg: 0.0, Max: 0.0, Diff: 0.0, Sum: 0.2]
      [GC Worker Total (ms): Min: 0.0, Avg: 3.4, Max: 5.0, Diff: 5.0, Sum: 60.8]
      [GC Worker End (ms): Min: 14100.5, Avg: 14100.6, Max: 14101.0, Diff: 0.6]
   [Code Root Fixup: 0.0 ms]
   [Code Root Purge: 0.0 ms]
   [Clear CT: 0.8 ms]
   [Other: 3.8 ms]
      [Choose CSet: 0.0 ms]
      [Ref Proc: 3.2 ms]
      [Ref Enq: 0.0 ms]
      [Redirty Cards: 0.5 ms]
      [Humongous Register: 0.0 ms]
      [Humongous Reclaim: 0.0 ms]
      [Free CSet: 0.0 ms]
   [Eden: 2048.0K(2048.0K)->0.0B(2048.0K) Survivors: 1024.0K->1024.0K Heap: 47067.7K(65536.0K)->40968.7K(65536.0K)]
 [Times: user=0.08 sys=0.01, real=0.01 secs] 
2026-06-17T09:48:51.906+0800: 14.107: [GC pause (G1 Evacuation Pause) (mixed), 0.0092728 secs]
   [Parallel Time: 5.1 ms, GC Workers: 18]
      [GC Worker Start (ms): Min: 14107.4, Avg: 14108.5, Max: 14111.5, Diff: 4.1]
      [Ext Root Scanning (ms): Min: 0.0, Avg: 0.0, Max: 0.1, Diff: 0.1, Sum: 0.3]
      [Update RS (ms): Min: 0.0, Avg: 0.0, Max: 0.0, Diff: 0.0, Sum: 0.0]
         [Processed Buffers: Min: 0, Avg: 0.2, Max: 2, Diff: 2, Sum: 4]
      [Scan RS (ms): Min: 0.0, Avg: 0.0, Max: 0.0, Diff: 0.0, Sum: 0.0]
      [Code Root Scanning (ms): Min: 0.0, Avg: 0.0, Max: 0.0, Diff: 0.0, Sum: 0.0]
      [Object Copy (ms): Min: 0.0, Avg: 0.0, Max: 0.2, Diff: 0.2, Sum: 0.8]
      [Termination (ms): Min: 0.0, Avg: 3.1, Max: 3.9, Diff: 3.9, Sum: 56.1]
         [Termination Attempts: Min: 1, Avg: 1.0, Max: 1, Diff: 0, Sum: 18]
      [GC Worker Other (ms): Min: 0.0, Avg: 0.0, Max: 0.0, Diff: 0.0, Sum: 0.1]
      [GC Worker Total (ms): Min: 0.0, Avg: 3.2, Max: 4.2, Diff: 4.2, Sum: 57.3]
      [GC Worker End (ms): Min: 14111.6, Avg: 14111.7, Max: 14111.9, Diff: 0.4]
   [Code Root Fixup: 0.0 ms]
   [Code Root Purge: 0.0 ms]
   [Clear CT: 1.0 ms]
   [Other: 3.2 ms]
      [Choose CSet: 0.0 ms]
      [Ref Proc: 2.6 ms]
      [Ref Enq: 0.0 ms]
      [Redirty Cards: 0.6 ms]
      [Humongous Register: 0.0 ms]
      [Humongous Reclaim: 0.0 ms]
      [Free CSet: 0.0 ms]
   [Eden: 2048.0K(2048.0K)->0.0B(5120.0K) Survivors: 1024.0K->1024.0K Heap: 43016.7K(65536.0K)->42093.7K(65536.0K)]
 [Times: user=0.07 sys=0.00, real=0.01 secs] 
2026-06-17T09:48:51.927+0800: 14.128: [GC pause (G1 Evacuation Pause) (young), 0.0130004 secs]
   [Parallel Time: 8.2 ms, GC Workers: 18]
      [GC Worker Start (ms): Min: 14128.5, Avg: 14130.0, Max: 14134.7, Diff: 6.1]
      [Ext Root Scanning (ms): Min: 0.0, Avg: 0.0, Max: 0.1, Diff: 0.1, Sum: 0.2]
      [Update RS (ms): Min: 0.0, Avg: 0.0, Max: 0.0, Diff: 0.0, Sum: 0.0]
         [Processed Buffers: Min: 0, Avg: 0.3, Max: 3, Diff: 3, Sum: 5]
      [Scan RS (ms): Min: 0.0, Avg: 0.0, Max: 0.0, Diff: 0.0, Sum: 0.0]
      [Code Root Scanning (ms): Min: 0.0, Avg: 0.0, Max: 0.0, Diff: 0.0, Sum: 0.0]
      [Object Copy (ms): Min: 0.0, Avg: 0.0, Max: 0.0, Diff: 0.0, Sum: 0.1]
      [Termination (ms): Min: 0.0, Avg: 4.8, Max: 6.6, Diff: 6.6, Sum: 86.7]
         [Termination Attempts: Min: 1, Avg: 1.0, Max: 1, Diff: 0, Sum: 18]
      [GC Worker Other (ms): Min: 0.0, Avg: 0.0, Max: 0.0, Diff: 0.0, Sum: 0.2]
      [GC Worker Total (ms): Min: 0.0, Avg: 4.8, Max: 6.6, Diff: 6.6, Sum: 87.3]
      [GC Worker End (ms): Min: 14134.7, Avg: 14134.9, Max: 14135.3, Diff: 0.6]
   [Code Root Fixup: 0.0 ms]
   [Code Root Purge: 0.0 ms]
   [Clear CT: 0.9 ms]
   [Other: 3.9 ms]
      [Choose CSet: 0.0 ms]
      [Ref Proc: 3.4 ms]
      [Ref Enq: 0.0 ms]
      [Redirty Cards: 0.5 ms]
      [Humongous Register: 0.0 ms]
      [Humongous Reclaim: 0.0 ms]
      [Free CSet: 0.0 ms]
   [Eden: 5120.0K(5120.0K)->0.0B(6144.0K) Survivors: 1024.0K->1024.0K Heap: 47213.7K(65536.0K)->41071.7K(65536.0K)]
 [Times: user=0.12 sys=0.00, real=0.01 secs] 
2026-06-17T09:48:51.962+0800: 14.163: [GC pause (G1 Evacuation Pause) (young) (initial-mark), 0.0145311 secs]
   [Parallel Time: 7.4 ms, GC Workers: 18]
      [GC Worker Start (ms): Min: 14163.5, Avg: 14164.5, Max: 14165.1, Diff: 1.6]
      [Ext Root Scanning (ms): Min: 0.0, Avg: 2.1, Max: 4.0, Diff: 4.0, Sum: 38.0]
      [Update RS (ms): Min: 0.0, Avg: 0.0, Max: 0.0, Diff: 0.0, Sum: 0.1]
         [Processed Buffers: Min: 0, Avg: 0.1, Max: 2, Diff: 2, Sum: 2]
      [Scan RS (ms): Min: 0.0, Avg: 0.0, Max: 0.0, Diff: 0.0, Sum: 0.0]
      [Code Root Scanning (ms): Min: 0.0, Avg: 0.0, Max: 0.0, Diff: 0.0, Sum: 0.0]
      [Object Copy (ms): Min: 0.0, Avg: 0.0, Max: 0.2, Diff: 0.2, Sum: 0.6]
      [Termination (ms): Min: 0.0, Avg: 2.6, Max: 4.2, Diff: 4.2, Sum: 47.6]
         [Termination Attempts: Min: 1, Avg: 1.1, Max: 2, Diff: 1, Sum: 19]
      [GC Worker Other (ms): Min: 0.0, Avg: 0.0, Max: 0.0, Diff: 0.0, Sum: 0.2]
      [GC Worker Total (ms): Min: 4.0, Avg: 4.8, Max: 6.0, Diff: 2.0, Sum: 86.5]
      [GC Worker End (ms): Min: 14169.1, Avg: 14169.3, Max: 14169.5, Diff: 0.4]
   [Code Root Fixup: 0.0 ms]
   [Code Root Purge: 0.0 ms]
   [Clear CT: 1.3 ms]
   [Other: 5.8 ms]
      [Choose CSet: 0.0 ms]
      [Ref Proc: 4.7 ms]
      [Ref Enq: 0.0 ms]
      [Redirty Cards: 1.0 ms]
      [Humongous Register: 0.0 ms]
      [Humongous Reclaim: 0.0 ms]
      [Free CSet: 0.0 ms]
   [Eden: 6144.0K(6144.0K)->0.0B(5120.0K) Survivors: 1024.0K->1024.0K Heap: 47215.7K(65536.0K)->43993.7K(65536.0K)]
 [Times: user=0.09 sys=0.01, real=0.02 secs] 
2026-06-17T09:48:51.978+0800: 14.179: [GC concurrent-root-region-scan-start]
2026-06-17T09:48:51.978+0800: 14.180: [GC concurrent-root-region-scan-end, 0.0004335 secs]
2026-06-17T09:48:51.978+0800: 14.180: [GC concurrent-mark-start]
2026-06-17T09:48:51.979+0800: 14.180: [GC concurrent-mark-end, 0.0004959 secs]
2026-06-17T09:48:51.979+0800: 14.180: [GC remark 2026-06-17T09:48:51.979+0800: 14.181: [Finalize Marking, 0.0050222 secs] 2026-06-17T09:48:51.985+0800: 14.186: [GC ref-proc, 0.0007289 secs] 2026-06-17T09:48:51.986+0800: 14.188: [Unloading, 0.0021191 secs], 0.0109201 secs]
 [Times: user=0.03 sys=0.01, real=0.01 secs] 
2026-06-17T09:48:51.991+0800: 14.192: [GC cleanup 49127K->45031K(65536K), 0.0030524 secs]
 [Times: user=0.01 sys=0.00, real=0.00 secs] 
2026-06-17T09:48:51.995+0800: 14.196: [GC concurrent-cleanup-start]
2026-06-17T09:48:51.995+0800: 14.196: [GC concurrent-cleanup-end, 0.0000068 secs]
2026-06-17T09:48:51.995+0800: 14.196: [GC pause (G1 Evacuation Pause) (young), 0.0107942 secs]
   [Parallel Time: 5.7 ms, GC Workers: 18]
      [GC Worker Start (ms): Min: 14196.0, Avg: 14197.3, Max: 14199.9, Diff: 4.0]
      [Ext Root Scanning (ms): Min: 0.0, Avg: 0.0, Max: 0.1, Diff: 0.1, Sum: 0.3]
      [Update RS (ms): Min: 0.0, Avg: 0.0, Max: 0.0, Diff: 0.0, Sum: 0.0]
         [Processed Buffers: Min: 0, Avg: 0.2, Max: 2, Diff: 2, Sum: 4]
      [Scan RS (ms): Min: 0.0, Avg: 0.0, Max: 0.0, Diff: 0.0, Sum: 0.0]
      [Code Root Scanning (ms): Min: 0.0, Avg: 0.0, Max: 0.0, Diff: 0.0, Sum: 0.0]
      [Object Copy (ms): Min: 0.0, Avg: 0.0, Max: 0.2, Diff: 0.2, Sum: 0.8]
      [Termination (ms): Min: 0.0, Avg: 2.8, Max: 4.3, Diff: 4.3, Sum: 50.2]
         [Termination Attempts: Min: 1, Avg: 1.0, Max: 1, Diff: 0, Sum: 18]
      [GC Worker Other (ms): Min: 0.0, Avg: 0.0, Max: 0.1, Diff: 0.1, Sum: 0.2]
      [GC Worker Total (ms): Min: 0.0, Avg: 2.9, Max: 4.5, Diff: 4.5, Sum: 51.5]
      [GC Worker End (ms): Min: 14200.0, Avg: 14200.1, Max: 14200.6, Diff: 0.7]
   [Code Root Fixup: 0.0 ms]
   [Code Root Purge: 0.0 ms]
   [Clear CT: 1.0 ms]
   [Other: 4.1 ms]
      [Choose CSet: 0.0 ms]
      [Ref Proc: 3.4 ms]
      [Ref Enq: 0.0 ms]
      [Redirty Cards: 0.7 ms]
      [Humongous Register: 0.0 ms]
      [Humongous Reclaim: 0.0 ms]
      [Free CSet: 0.0 ms]
   [Eden: 5120.0K(5120.0K)->0.0B(2048.0K) Survivors: 1024.0K->1024.0K Heap: 46411.7K(65536.0K)->40490.6K(65536.0K)]
 [Times: user=0.08 sys=0.00, real=0.01 secs] 
2026-06-17T09:48:52.007+0800: 14.208: [GC pause (G1 Evacuation Pause) (mixed), 0.0071655 secs]
   [Parallel Time: 3.1 ms, GC Workers: 18]
      [GC Worker Start (ms): Min: 14208.1, Avg: 14209.2, Max: 14210.4, Diff: 2.3]
      [Ext Root Scanning (ms): Min: 0.0, Avg: 0.0, Max: 0.1, Diff: 0.1, Sum: 0.3]
      [Update RS (ms): Min: 0.0, Avg: 0.0, Max: 0.0, Diff: 0.0, Sum: 0.0]
         [Processed Buffers: Min: 0, Avg: 0.2, Max: 1, Diff: 1, Sum: 3]
      [Scan RS (ms): Min: 0.0, Avg: 0.0, Max: 0.0, Diff: 0.0, Sum: 0.1]
      [Code Root Scanning (ms): Min: 0.0, Avg: 0.0, Max: 0.0, Diff: 0.0, Sum: 0.0]
      [Object Copy (ms): Min: 0.0, Avg: 0.0, Max: 0.1, Diff: 0.1, Sum: 0.5]
      [Termination (ms): Min: 0.0, Avg: 1.2, Max: 2.2, Diff: 2.2, Sum: 22.2]
         [Termination Attempts: Min: 1, Avg: 1.0, Max: 1, Diff: 0, Sum: 18]
      [GC Worker Other (ms): Min: 0.0, Avg: 0.0, Max: 0.0, Diff: 0.0, Sum: 0.1]
      [GC Worker Total (ms): Min: 0.0, Avg: 1.3, Max: 2.4, Diff: 2.4, Sum: 23.2]
      [GC Worker End (ms): Min: 14210.4, Avg: 14210.5, Max: 14210.7, Diff: 0.2]
   [Code Root Fixup: 0.0 ms]
   [Code Root Purge: 0.0 ms]
   [Clear CT: 1.2 ms]
   [Other: 2.9 ms]
      [Choose CSet: 0.0 ms]
      [Ref Proc: 2.3 ms]
      [Ref Enq: 0.0 ms]
      [Redirty Cards: 0.5 ms]
      [Humongous Register: 0.0 ms]
      [Humongous Reclaim: 0.0 ms]
      [Free CSet: 0.0 ms]
   [Eden: 2048.0K(2048.0K)->0.0B(2048.0K) Survivors: 1024.0K->1024.0K Heap: 42538.6K(65536.0K)->36204.6K(65536.0K)]
 [Times: user=0.04 sys=0.00, real=0.01 secs] 
2026-06-17T09:48:52.025+0800: 14.226: [GC pause (G1 Evacuation Pause) (mixed), 0.0155552 secs]
   [Parallel Time: 10.9 ms, GC Workers: 18]
      [GC Worker Start (ms): Min: 14226.5, Avg: 14228.2, Max: 14235.4, Diff: 8.9]
      [Ext Root Scanning (ms): Min: 0.0, Avg: 0.0, Max: 0.2, Diff: 0.2, Sum: 0.4]
      [Update RS (ms): Min: 0.0, Avg: 0.0, Max: 0.0, Diff: 0.0, Sum: 0.1]
         [Processed Buffers: Min: 0, Avg: 0.2, Max: 2, Diff: 2, Sum: 4]
      [Scan RS (ms): Min: 0.0, Avg: 0.0, Max: 0.0, Diff: 0.0, Sum: 0.1]
      [Code Root Scanning (ms): Min: 0.0, Avg: 0.0, Max: 0.0, Diff: 0.0, Sum: 0.0]
      [Object Copy (ms): Min: 0.0, Avg: 0.1, Max: 0.3, Diff: 0.3, Sum: 1.0]
      [Termination (ms): Min: 0.0, Avg: 7.3, Max: 8.9, Diff: 8.9, Sum: 130.7]
         [Termination Attempts: Min: 1, Avg: 1.1, Max: 2, Diff: 1, Sum: 20]
      [GC Worker Other (ms): Min: 0.0, Avg: 0.0, Max: 0.1, Diff: 0.1, Sum: 0.3]
      [GC Worker Total (ms): Min: 0.0, Avg: 7.4, Max: 9.3, Diff: 9.3, Sum: 132.6]
      [GC Worker End (ms): Min: 14235.4, Avg: 14235.6, Max: 14235.9, Diff: 0.5]
   [Code Root Fixup: 0.0 ms]
   [Code Root Purge: 0.0 ms]
   [Clear CT: 0.8 ms]
   [Other: 3.9 ms]
      [Choose CSet: 0.0 ms]
      [Ref Proc: 3.4 ms]
      [Ref Enq: 0.0 ms]
      [Redirty Cards: 0.5 ms]
      [Humongous Register: 0.0 ms]
      [Humongous Reclaim: 0.0 ms]
      [Free CSet: 0.0 ms]
   [Eden: 2048.0K(2048.0K)->0.0B(10240.0K) Survivors: 1024.0K->1024.0K Heap: 38252.6K(65536.0K)->34928.6K(65536.0K)]
 [Times: user=0.16 sys=0.00, real=0.01 secs] 
2026-06-17T09:48:52.063+0800: 14.264: [GC pause (G1 Evacuation Pause) (young), 0.0198880 secs]
   [Parallel Time: 12.4 ms, GC Workers: 18]
      [GC Worker Start (ms): Min: 14264.4, Avg: 14267.4, Max: 14275.1, Diff: 10.7]
      [Ext Root Scanning (ms): Min: 0.0, Avg: 0.0, Max: 0.4, Diff: 0.4, Sum: 0.9]
      [Update RS (ms): Min: 0.0, Avg: 0.0, Max: 0.2, Diff: 0.2, Sum: 0.4]
         [Processed Buffers: Min: 0, Avg: 0.3, Max: 2, Diff: 2, Sum: 5]
      [Scan RS (ms): Min: 0.0, Avg: 0.0, Max: 0.1, Diff: 0.1, Sum: 0.2]
      [Code Root Scanning (ms): Min: 0.0, Avg: 0.0, Max: 0.0, Diff: 0.0, Sum: 0.0]
      [Object Copy (ms): Min: 0.0, Avg: 0.0, Max: 0.1, Diff: 0.1, Sum: 0.2]
      [Termination (ms): Min: 0.0, Avg: 7.8, Max: 10.9, Diff: 10.9, Sum: 141.0]
         [Termination Attempts: Min: 1, Avg: 1.0, Max: 1, Diff: 0, Sum: 18]
      [GC Worker Other (ms): Min: 0.0, Avg: 0.0, Max: 0.1, Diff: 0.1, Sum: 0.3]
      [GC Worker Total (ms): Min: 0.0, Avg: 7.9, Max: 11.3, Diff: 11.2, Sum: 143.0]
      [GC Worker End (ms): Min: 14275.1, Avg: 14275.4, Max: 14275.9, Diff: 0.8]
   [Code Root Fixup: 0.0 ms]
   [Code Root Purge: 0.0 ms]
   [Clear CT: 1.4 ms]
   [Other: 6.0 ms]
      [Choose CSet: 0.0 ms]
      [Ref Proc: 5.2 ms]
      [Ref Enq: 0.0 ms]
      [Redirty Cards: 0.8 ms]
      [Humongous Register: 0.0 ms]
      [Humongous Reclaim: 0.0 ms]
      [Free CSet: 0.0 ms]
   [Eden: 10240.0K(10240.0K)->0.0B(12288.0K) Survivors: 1024.0K->1024.0K Heap: 45168.6K(65536.0K)->34862.7K(65536.0K)]
 [Times: user=0.19 sys=0.01, real=0.02 secs] 
2026-06-17T09:48:52.117+0800: 14.318: [GC pause (G1 Evacuation Pause) (young) (initial-mark), 0.0187737 secs]
   [Parallel Time: 11.9 ms, GC Workers: 18]
      [GC Worker Start (ms): Min: 14318.1, Avg: 14319.2, Max: 14320.0, Diff: 1.9]
      [Ext Root Scanning (ms): Min: 0.0, Avg: 3.1, Max: 9.1, Diff: 9.1, Sum: 55.4]
      [Update RS (ms): Min: 0.0, Avg: 0.0, Max: 0.0, Diff: 0.0, Sum: 0.1]
         [Processed Buffers: Min: 0, Avg: 0.2, Max: 3, Diff: 3, Sum: 3]
      [Scan RS (ms): Min: 0.0, Avg: 0.0, Max: 0.0, Diff: 0.0, Sum: 0.0]
      [Code Root Scanning (ms): Min: 0.0, Avg: 0.0, Max: 0.0, Diff: 0.0, Sum: 0.0]
      [Object Copy (ms): Min: 0.0, Avg: 0.0, Max: 0.3, Diff: 0.3, Sum: 0.6]
      [Termination (ms): Min: 0.0, Avg: 6.7, Max: 8.7, Diff: 8.7, Sum: 121.1]
         [Termination Attempts: Min: 1, Avg: 1.1, Max: 2, Diff: 1, Sum: 19]
      [GC Worker Other (ms): Min: 0.0, Avg: 0.0, Max: 0.0, Diff: 0.0, Sum: 0.1]
      [GC Worker Total (ms): Min: 9.0, Avg: 9.9, Max: 11.0, Diff: 2.0, Sum: 177.4]
      [GC Worker End (ms): Min: 14329.0, Avg: 14329.1, Max: 14329.3, Diff: 0.2]
   [Code Root Fixup: 0.0 ms]
   [Code Root Purge: 0.0 ms]
   [Clear CT: 1.7 ms]
   [Other: 5.1 ms]
      [Choose CSet: 0.0 ms]
      [Ref Proc: 4.0 ms]
      [Ref Enq: 0.0 ms]
      [Redirty Cards: 1.0 ms]
      [Humongous Register: 0.0 ms]
      [Humongous Reclaim: 0.0 ms]
      [Free CSet: 0.0 ms]
   [Eden: 12288.0K(12288.0K)->0.0B(11264.0K) Survivors: 1024.0K->2048.0K Heap: 47150.7K(65536.0K)->36701.6K(65536.0K)]
 [Times: user=0.15 sys=0.00, real=0.02 secs] 
2026-06-17T09:48:52.136+0800: 14.338: [GC concurrent-root-region-scan-start]
2026-06-17T09:48:52.137+0800: 14.338: [GC concurrent-root-region-scan-end, 0.0003418 secs]
2026-06-17T09:48:52.137+0800: 14.338: [GC concurrent-mark-start]
2026-06-17T09:48:52.137+0800: 14.339: [GC concurrent-mark-end, 0.0006150 secs]
2026-06-17T09:48:52.138+0800: 14.339: [GC remark 2026-06-17T09:48:52.138+0800: 14.339: [Finalize Marking, 0.0082911 secs] 2026-06-17T09:48:52.147+0800: 14.348: [GC ref-proc, 0.0004201 secs] 2026-06-17T09:48:52.147+0800: 14.349: [Unloading, 0.0015539 secs], 0.0122793 secs]
 [Times: user=0.09 sys=0.00, real=0.01 secs] 
2026-06-17T09:48:52.151+0800: 14.352: [GC cleanup 40764K->37692K(65536K), 0.0025093 secs]
 [Times: user=0.00 sys=0.00, real=0.00 secs] 
2026-06-17T09:48:52.154+0800: 14.355: [GC concurrent-cleanup-start]
2026-06-17T09:48:52.154+0800: 14.355: [GC concurrent-cleanup-end, 0.0000075 secs]
2026-06-17T09:48:52.175+0800: 14.376: [GC pause (G1 Evacuation Pause) (young), 0.0159064 secs]
   [Parallel Time: 10.2 ms, GC Workers: 18]
      [GC Worker Start (ms): Min: 14376.4, Avg: 14378.2, Max: 14384.2, Diff: 7.8]
      [Ext Root Scanning (ms): Min: 0.0, Avg: 0.0, Max: 0.3, Diff: 0.3, Sum: 0.7]
      [Update RS (ms): Min: 0.0, Avg: 0.0, Max: 0.0, Diff: 0.0, Sum: 0.0]
         [Processed Buffers: Min: 0, Avg: 0.2, Max: 2, Diff: 2, Sum: 4]
      [Scan RS (ms): Min: 0.0, Avg: 0.0, Max: 0.0, Diff: 0.0, Sum: 0.0]
      [Code Root Scanning (ms): Min: 0.0, Avg: 0.0, Max: 0.0, Diff: 0.0, Sum: 0.0]
      [Object Copy (ms): Min: 0.0, Avg: 0.1, Max: 0.2, Diff: 0.2, Sum: 1.0]
      [Termination (ms): Min: 0.0, Avg: 6.2, Max: 8.1, Diff: 8.1, Sum: 111.5]
         [Termination Attempts: Min: 1, Avg: 1.0, Max: 1, Diff: 0, Sum: 18]
      [GC Worker Other (ms): Min: 0.0, Avg: 0.0, Max: 0.0, Diff: 0.0, Sum: 0.2]
      [GC Worker Total (ms): Min: 0.0, Avg: 6.3, Max: 8.4, Diff: 8.4, Sum: 113.5]
      [GC Worker End (ms): Min: 14384.3, Avg: 14384.5, Max: 14385.3, Diff: 1.0]
   [Code Root Fixup: 0.0 ms]
   [Code Root Purge: 0.0 ms]
   [Clear CT: 0.8 ms]
   [Other: 4.9 ms]
      [Choose CSet: 0.0 ms]
      [Ref Proc: 4.2 ms]
      [Ref Enq: 0.0 ms]
      [Redirty Cards: 0.6 ms]
      [Humongous Register: 0.0 ms]
      [Humongous Reclaim: 0.0 ms]
      [Free CSet: 0.0 ms]
   [Eden: 11264.0K(11264.0K)->0.0B(1024.0K) Survivors: 2048.0K->2048.0K Heap: 44893.6K(65536.0K)->37941.6K(65536.0K)]
 [Times: user=0.14 sys=0.01, real=0.02 secs] 
2026-06-17T09:48:52.192+0800: 14.394: [GC pause (G1 Evacuation Pause) (mixed), 0.0134317 secs]
   [Parallel Time: 4.1 ms, GC Workers: 18]
      [GC Worker Start (ms): Min: 14393.8, Avg: 14395.0, Max: 14396.3, Diff: 2.5]
      [Ext Root Scanning (ms): Min: 0.0, Avg: 0.0, Max: 0.2, Diff: 0.2, Sum: 0.4]
      [Update RS (ms): Min: 0.0, Avg: 0.0, Max: 0.0, Diff: 0.0, Sum: 0.0]
         [Processed Buffers: Min: 0, Avg: 0.2, Max: 2, Diff: 2, Sum: 4]
      [Scan RS (ms): Min: 0.0, Avg: 0.0, Max: 0.1, Diff: 0.1, Sum: 0.1]
      [Code Root Scanning (ms): Min: 0.0, Avg: 0.0, Max: 0.0, Diff: 0.0, Sum: 0.0]
      [Object Copy (ms): Min: 0.0, Avg: 0.1, Max: 0.3, Diff: 0.3, Sum: 1.0]
      [Termination (ms): Min: 0.0, Avg: 1.4, Max: 2.4, Diff: 2.4, Sum: 25.6]
         [Termination Attempts: Min: 1, Avg: 1.0, Max: 1, Diff: 0, Sum: 18]
      [GC Worker Other (ms): Min: 0.0, Avg: 0.1, Max: 0.4, Diff: 0.4, Sum: 1.0]
      [GC Worker Total (ms): Min: 0.0, Avg: 1.6, Max: 2.7, Diff: 2.7, Sum: 28.2]
      [GC Worker End (ms): Min: 14396.3, Avg: 14396.5, Max: 14396.9, Diff: 0.6]
   [Code Root Fixup: 0.0 ms]
   [Code Root Purge: 0.0 ms]
   [Clear CT: 0.8 ms]
   [Other: 8.5 ms]
      [Choose CSet: 0.0 ms]
      [Ref Proc: 7.9 ms]
      [Ref Enq: 0.0 ms]
      [Redirty Cards: 0.6 ms]
      [Humongous Register: 0.0 ms]
      [Humongous Reclaim: 0.0 ms]
      [Free CSet: 0.0 ms]
   [Eden: 1024.0K(1024.0K)->0.0B(2048.0K) Survivors: 2048.0K->1024.0K Heap: 38965.6K(65536.0K)->36402.0K(65536.0K)]
 [Times: user=0.13 sys=0.00, real=0.01 secs] 
2026-06-17T09:48:52.207+0800: 14.409: [GC pause (G1 Evacuation Pause) (mixed), 0.0060889 secs]
   [Parallel Time: 2.6 ms, GC Workers: 18]
      [GC Worker Start (ms): Min: 14408.6, Avg: 14409.7, Max: 14410.7, Diff: 2.1]
      [Ext Root Scanning (ms): Min: 0.0, Avg: 0.0, Max: 0.2, Diff: 0.2, Sum: 0.4]
      [Update RS (ms): Min: 0.0, Avg: 0.0, Max: 0.0, Diff: 0.0, Sum: 0.1]
         [Processed Buffers: Min: 0, Avg: 0.3, Max: 4, Diff: 4, Sum: 6]
      [Scan RS (ms): Min: 0.0, Avg: 0.0, Max: 0.0, Diff: 0.0, Sum: 0.0]
      [Code Root Scanning (ms): Min: 0.0, Avg: 0.0, Max: 0.0, Diff: 0.0, Sum: 0.0]
      [Object Copy (ms): Min: 0.0, Avg: 0.0, Max: 0.2, Diff: 0.2, Sum: 0.5]
      [Termination (ms): Min: 0.0, Avg: 1.1, Max: 2.0, Diff: 2.0, Sum: 19.4]
         [Termination Attempts: Min: 1, Avg: 1.0, Max: 1, Diff: 0, Sum: 18]
      [GC Worker Other (ms): Min: 0.0, Avg: 0.0, Max: 0.0, Diff: 0.0, Sum: 0.1]
      [GC Worker Total (ms): Min: 0.0, Avg: 1.1, Max: 2.3, Diff: 2.3, Sum: 20.5]
      [GC Worker End (ms): Min: 14410.7, Avg: 14410.8, Max: 14411.0, Diff: 0.3]
   [Code Root Fixup: 0.0 ms]
   [Code Root Purge: 0.0 ms]
   [Clear CT: 0.9 ms]
   [Other: 2.6 ms]
      [Choose CSet: 0.0 ms]
      [Ref Proc: 1.9 ms]
      [Ref Enq: 0.0 ms]
      [Redirty Cards: 0.6 ms]
      [Humongous Register: 0.0 ms]
      [Humongous Reclaim: 0.0 ms]
      [Free CSet: 0.0 ms]
   [Eden: 2048.0K(2048.0K)->0.0B(11264.0K) Survivors: 1024.0K->1024.0K Heap: 38450.0K(65536.0K)->37679.6K(65536.0K)]
 [Times: user=0.03 sys=0.00, real=0.01 secs] 
2026-06-17T09:48:52.247+0800: 14.448: [GC pause (G1 Evacuation Pause) (young), 0.0183670 secs]
   [Parallel Time: 11.1 ms, GC Workers: 18]
      [GC Worker Start (ms): Min: 14448.1, Avg: 14450.2, Max: 14456.7, Diff: 8.7]
      [Ext Root Scanning (ms): Min: 0.0, Avg: 0.1, Max: 0.6, Diff: 0.5, Sum: 1.2]
      [Update RS (ms): Min: 0.0, Avg: 0.0, Max: 0.1, Diff: 0.1, Sum: 0.2]
         [Processed Buffers: Min: 0, Avg: 0.3, Max: 2, Diff: 2, Sum: 5]
      [Scan RS (ms): Min: 0.0, Avg: 0.0, Max: 0.0, Diff: 0.0, Sum: 0.0]
      [Code Root Scanning (ms): Min: 0.0, Avg: 0.0, Max: 0.0, Diff: 0.0, Sum: 0.0]
      [Object Copy (ms): Min: 0.0, Avg: 0.1, Max: 0.4, Diff: 0.4, Sum: 1.4]
      [Termination (ms): Min: 0.0, Avg: 6.6, Max: 8.4, Diff: 8.4, Sum: 119.7]
         [Termination Attempts: Min: 1, Avg: 1.0, Max: 1, Diff: 0, Sum: 18]
      [GC Worker Other (ms): Min: 0.0, Avg: 0.0, Max: 0.0, Diff: 0.0, Sum: 0.2]
      [GC Worker Total (ms): Min: 0.0, Avg: 6.8, Max: 9.1, Diff: 9.1, Sum: 122.9]
      [GC Worker End (ms): Min: 14456.8, Avg: 14457.0, Max: 14457.5, Diff: 0.7]
   [Code Root Fixup: 0.0 ms]
   [Code Root Purge: 0.0 ms]
   [Clear CT: 1.5 ms]
   [Other: 5.7 ms]
      [Choose CSet: 0.0 ms]
      [Ref Proc: 4.6 ms]
      [Ref Enq: 0.0 ms]
      [Redirty Cards: 1.0 ms]
      [Humongous Register: 0.0 ms]
      [Humongous Reclaim: 0.0 ms]
      [Free CSet: 0.0 ms]
   [Eden: 11264.0K(11264.0K)->0.0B(7168.0K) Survivors: 1024.0K->2048.0K Heap: 48943.6K(65536.0K)->42592.6K(65536.0K)]
 [Times: user=0.17 sys=0.01, real=0.02 secs] 
2026-06-17T09:48:52.288+0800: 14.489: [GC pause (G1 Evacuation Pause) (young) (initial-mark), 0.0173507 secs]
   [Parallel Time: 9.4 ms, GC Workers: 18]
      [GC Worker Start (ms): Min: 14489.2, Avg: 14490.3, Max: 14491.1, Diff: 1.9]
      [Ext Root Scanning (ms): Min: 0.0, Avg: 2.5, Max: 6.3, Diff: 6.3, Sum: 45.6]
      [Update RS (ms): Min: 0.0, Avg: 0.0, Max: 0.0, Diff: 0.0, Sum: 0.1]
         [Processed Buffers: Min: 0, Avg: 0.2, Max: 3, Diff: 3, Sum: 3]
      [Scan RS (ms): Min: 0.0, Avg: 0.0, Max: 0.0, Diff: 0.0, Sum: 0.0]
      [Code Root Scanning (ms): Min: 0.0, Avg: 0.0, Max: 0.0, Diff: 0.0, Sum: 0.0]
      [Object Copy (ms): Min: 0.0, Avg: 0.1, Max: 0.4, Diff: 0.4, Sum: 1.0]
      [Termination (ms): Min: 0.0, Avg: 4.7, Max: 6.6, Diff: 6.6, Sum: 85.0]
         [Termination Attempts: Min: 1, Avg: 1.0, Max: 1, Diff: 0, Sum: 18]
      [GC Worker Other (ms): Min: 0.0, Avg: 0.0, Max: 0.0, Diff: 0.0, Sum: 0.2]
      [GC Worker Total (ms): Min: 6.3, Avg: 7.3, Max: 8.7, Diff: 2.4, Sum: 132.0]
      [GC Worker End (ms): Min: 14497.4, Avg: 14497.7, Max: 14498.2, Diff: 0.8]
   [Code Root Fixup: 0.0 ms]
   [Code Root Purge: 0.0 ms]
   [Clear CT: 1.7 ms]
   [Other: 6.3 ms]
      [Choose CSet: 0.0 ms]
      [Ref Proc: 5.2 ms]
      [Ref Enq: 0.0 ms]
      [Redirty Cards: 1.0 ms]
      [Humongous Register: 0.0 ms]
      [Humongous Reclaim: 0.0 ms]
      [Free CSet: 0.0 ms]
   [Eden: 7168.0K(7168.0K)->0.0B(6144.0K) Survivors: 2048.0K->2048.0K Heap: 49760.6K(65536.0K)->45266.6K(65536.0K)]
 [Times: user=0.12 sys=0.00, real=0.02 secs] 
2026-06-17T09:48:52.306+0800: 14.507: [GC concurrent-root-region-scan-start]
2026-06-17T09:48:52.306+0800: 14.508: [GC concurrent-root-region-scan-end, 0.0003648 secs]
2026-06-17T09:48:52.306+0800: 14.508: [GC concurrent-mark-start]
2026-06-17T09:48:52.307+0800: 14.508: [GC concurrent-mark-end, 0.0003709 secs]
2026-06-17T09:48:52.307+0800: 14.508: [GC remark 2026-06-17T09:48:52.307+0800: 14.509: [Finalize Marking, 0.0023726 secs] 2026-06-17T09:48:52.311+0800: 14.512: [GC ref-proc, 0.0009107 secs] 2026-06-17T09:48:52.312+0800: 14.513: [Unloading, 0.0021571 secs], 0.0087592 secs]
 [Times: user=0.01 sys=0.00, real=0.01 secs] 
2026-06-17T09:48:52.317+0800: 14.518: [GC cleanup 49308K->40092K(65536K), 0.0034791 secs]
 [Times: user=0.00 sys=0.00, real=0.00 secs] 
2026-06-17T09:48:52.322+0800: 14.523: [GC concurrent-cleanup-start]
2026-06-17T09:48:52.322+0800: 14.523: [GC concurrent-cleanup-end, 0.0000095 secs]
2026-06-17T09:48:52.322+0800: 14.523: [GC pause (G1 Evacuation Pause) (young), 0.0114381 secs]
   [Parallel Time: 7.2 ms, GC Workers: 18]
      [GC Worker Start (ms): Min: 14523.1, Avg: 14524.4, Max: 14528.9, Diff: 5.8]
      [Ext Root Scanning (ms): Min: 0.0, Avg: 0.0, Max: 0.1, Diff: 0.1, Sum: 0.3]
      [Update RS (ms): Min: 0.0, Avg: 0.0, Max: 0.0, Diff: 0.0, Sum: 0.0]
         [Processed Buffers: Min: 0, Avg: 0.2, Max: 2, Diff: 2, Sum: 4]
      [Scan RS (ms): Min: 0.0, Avg: 0.0, Max: 0.0, Diff: 0.0, Sum: 0.0]
      [Code Root Scanning (ms): Min: 0.0, Avg: 0.0, Max: 0.0, Diff: 0.0, Sum: 0.0]
      [Object Copy (ms): Min: 0.0, Avg: 0.0, Max: 0.2, Diff: 0.2, Sum: 0.7]
      [Termination (ms): Min: 0.0, Avg: 4.7, Max: 5.9, Diff: 5.9, Sum: 84.2]
         [Termination Attempts: Min: 1, Avg: 1.0, Max: 1, Diff: 0, Sum: 18]
      [GC Worker Other (ms): Min: 0.0, Avg: 0.0, Max: 0.0, Diff: 0.0, Sum: 0.1]
      [GC Worker Total (ms): Min: 0.0, Avg: 4.7, Max: 6.1, Diff: 6.1, Sum: 85.3]
      [GC Worker End (ms): Min: 14528.9, Avg: 14529.1, Max: 14529.4, Diff: 0.5]
   [Code Root Fixup: 0.0 ms]
   [Code Root Purge: 0.0 ms]
   [Clear CT: 0.6 ms]
   [Other: 3.7 ms]
      [Choose CSet: 0.0 ms]
      [Ref Proc: 3.0 ms]
      [Ref Enq: 0.0 ms]
      [Redirty Cards: 0.7 ms]
      [Humongous Register: 0.0 ms]
      [Humongous Reclaim: 0.0 ms]
      [Free CSet: 0.0 ms]
   [Eden: 6144.0K(6144.0K)->0.0B(2048.0K) Survivors: 2048.0K->1024.0K Heap: 42194.6K(65536.0K)->39274.6K(65536.0K)]
 [Times: user=0.11 sys=0.00, real=0.02 secs] 
2026-06-17T09:48:52.345+0800: 14.546: [GC pause (G1 Evacuation Pause) (mixed), 0.0171414 secs]
   [Parallel Time: 11.6 ms, GC Workers: 18]
      [GC Worker Start (ms): Min: 14545.8, Avg: 14548.2, Max: 14555.4, Diff: 9.5]
      [Ext Root Scanning (ms): Min: 0.0, Avg: 0.0, Max: 0.2, Diff: 0.2, Sum: 0.6]
      [Update RS (ms): Min: 0.0, Avg: 0.0, Max: 0.0, Diff: 0.0, Sum: 0.0]
         [Processed Buffers: Min: 0, Avg: 0.2, Max: 1, Diff: 1, Sum: 3]
      [Scan RS (ms): Min: 0.0, Avg: 0.0, Max: 0.1, Diff: 0.1, Sum: 0.1]
      [Code Root Scanning (ms): Min: 0.0, Avg: 0.0, Max: 0.0, Diff: 0.0, Sum: 0.0]
      [Object Copy (ms): Min: 0.0, Avg: 0.0, Max: 0.2, Diff: 0.2, Sum: 0.6]
      [Termination (ms): Min: 0.0, Avg: 7.5, Max: 10.0, Diff: 10.0, Sum: 135.2]
         [Termination Attempts: Min: 1, Avg: 1.0, Max: 1, Diff: 0, Sum: 18]
      [GC Worker Other (ms): Min: 0.0, Avg: 0.0, Max: 0.0, Diff: 0.0, Sum: 0.2]
      [GC Worker Total (ms): Min: 0.0, Avg: 7.6, Max: 10.1, Diff: 10.0, Sum: 136.8]
      [GC Worker End (ms): Min: 14555.4, Avg: 14555.8, Max: 14556.3, Diff: 0.9]
   [Code Root Fixup: 0.0 ms]
   [Code Root Purge: 0.0 ms]
   [Clear CT: 0.7 ms]
   [Other: 4.8 ms]
      [Choose CSet: 0.0 ms]
      [Ref Proc: 3.9 ms]
      [Ref Enq: 0.0 ms]
      [Redirty Cards: 0.8 ms]
      [Humongous Register: 0.0 ms]
      [Humongous Reclaim: 0.0 ms]
      [Free CSet: 0.0 ms]
   [Eden: 2048.0K(2048.0K)->0.0B(2048.0K) Survivors: 1024.0K->1024.0K Heap: 41322.6K(65536.0K)->35689.6K(65536.0K)]
 [Times: user=0.17 sys=0.01, real=0.01 secs] 
2026-06-17T09:48:52.363+0800: 14.564: [GC pause (G1 Evacuation Pause) (mixed), 0.0070753 secs]
   [Parallel Time: 2.3 ms, GC Workers: 18]
      [GC Worker Start (ms): Min: 14564.3, Avg: 14564.9, Max: 14565.7, Diff: 1.4]
      [Ext Root Scanning (ms): Min: 0.0, Avg: 0.0, Max: 0.2, Diff: 0.2, Sum: 0.6]
      [Update RS (ms): Min: 0.0, Avg: 0.0, Max: 0.0, Diff: 0.0, Sum: 0.0]
         [Processed Buffers: Min: 0, Avg: 0.2, Max: 1, Diff: 1, Sum: 4]
      [Scan RS (ms): Min: 0.0, Avg: 0.0, Max: 0.0, Diff: 0.0, Sum: 0.0]
      [Code Root Scanning (ms): Min: 0.0, Avg: 0.0, Max: 0.0, Diff: 0.0, Sum: 0.0]
      [Object Copy (ms): Min: 0.0, Avg: 0.1, Max: 0.2, Diff: 0.2, Sum: 1.3]
      [Termination (ms): Min: 0.0, Avg: 0.8, Max: 1.4, Diff: 1.4, Sum: 15.2]
         [Termination Attempts: Min: 1, Avg: 1.0, Max: 1, Diff: 0, Sum: 18]
      [GC Worker Other (ms): Min: 0.0, Avg: 0.0, Max: 0.0, Diff: 0.0, Sum: 0.1]
      [GC Worker Total (ms): Min: 0.0, Avg: 1.0, Max: 1.8, Diff: 1.8, Sum: 17.3]
      [GC Worker End (ms): Min: 14565.7, Avg: 14565.8, Max: 14566.1, Diff: 0.4]
   [Code Root Fixup: 0.0 ms]
   [Code Root Purge: 0.0 ms]
   [Clear CT: 1.0 ms]
   [Other: 3.8 ms]
      [Choose CSet: 0.0 ms]
      [Ref Proc: 3.1 ms]
      [Ref Enq: 0.0 ms]
      [Redirty Cards: 0.6 ms]
      [Humongous Register: 0.0 ms]
      [Humongous Reclaim: 0.0 ms]
      [Free CSet: 0.0 ms]
   [Eden: 2048.0K(2048.0K)->0.0B(2048.0K) Survivors: 1024.0K->1024.0K Heap: 37737.6K(65536.0K)->36278.6K(65536.0K)]
 [Times: user=0.03 sys=0.00, real=0.01 secs] 
2026-06-17T09:48:52.381+0800: 14.583: [GC pause (G1 Evacuation Pause) (mixed), 0.0120619 secs]
   [Parallel Time: 6.7 ms, GC Workers: 18]
      [GC Worker Start (ms): Min: 14582.8, Avg: 14584.2, Max: 14587.3, Diff: 4.5]
      [Ext Root Scanning (ms): Min: 0.0, Avg: 0.0, Max: 0.2, Diff: 0.2, Sum: 0.6]
      [Update RS (ms): Min: 0.0, Avg: 0.0, Max: 0.0, Diff: 0.0, Sum: 0.1]
         [Processed Buffers: Min: 0, Avg: 0.4, Max: 3, Diff: 3, Sum: 7]
      [Scan RS (ms): Min: 0.0, Avg: 0.0, Max: 0.0, Diff: 0.0, Sum: 0.1]
      [Code Root Scanning (ms): Min: 0.0, Avg: 0.0, Max: 0.0, Diff: 0.0, Sum: 0.0]
      [Object Copy (ms): Min: 0.0, Avg: 0.1, Max: 0.2, Diff: 0.2, Sum: 0.9]
      [Termination (ms): Min: 0.0, Avg: 3.3, Max: 4.8, Diff: 4.8, Sum: 60.0]
         [Termination Attempts: Min: 1, Avg: 1.0, Max: 1, Diff: 0, Sum: 18]
      [GC Worker Other (ms): Min: 0.0, Avg: 0.0, Max: 0.0, Diff: 0.0, Sum: 0.2]
      [GC Worker Total (ms): Min: 0.0, Avg: 3.4, Max: 5.3, Diff: 5.3, Sum: 61.9]
      [GC Worker End (ms): Min: 14587.3, Avg: 14587.6, Max: 14588.1, Diff: 0.8]
   [Code Root Fixup: 0.0 ms]
   [Code Root Purge: 0.0 ms]
   [Clear CT: 0.7 ms]
   [Other: 4.7 ms]
      [Choose CSet: 0.0 ms]
      [Ref Proc: 3.9 ms]
      [Ref Enq: 0.0 ms]
      [Redirty Cards: 0.7 ms]
      [Humongous Register: 0.0 ms]
      [Humongous Reclaim: 0.0 ms]
      [Free CSet: 0.0 ms]
   [Eden: 2048.0K(2048.0K)->0.0B(11264.0K) Survivors: 1024.0K->1024.0K Heap: 39153.6K(65536.0K)->36628.6K(65536.0K)]
 [Times: user=0.09 sys=0.02, real=0.02 secs] 
2026-06-17T09:48:52.416+0800: 14.617: [GC pause (G1 Evacuation Pause) (young), 0.0157378 secs]
   [Parallel Time: 8.6 ms, GC Workers: 18]
      [GC Worker Start (ms): Min: 14617.4, Avg: 14619.2, Max: 14623.5, Diff: 6.1]
      [Ext Root Scanning (ms): Min: 0.0, Avg: 0.1, Max: 0.5, Diff: 0.5, Sum: 1.1]
      [Update RS (ms): Min: 0.0, Avg: 0.0, Max: 0.2, Diff: 0.2, Sum: 0.4]
         [Processed Buffers: Min: 0, Avg: 0.4, Max: 3, Diff: 3, Sum: 7]
      [Scan RS (ms): Min: 0.0, Avg: 0.0, Max: 0.0, Diff: 0.0, Sum: 0.0]
      [Code Root Scanning (ms): Min: 0.0, Avg: 0.0, Max: 0.0, Diff: 0.0, Sum: 0.0]
      [Object Copy (ms): Min: 0.0, Avg: 0.1, Max: 0.3, Diff: 0.3, Sum: 1.0]
      [Termination (ms): Min: 0.0, Avg: 4.4, Max: 6.0, Diff: 6.0, Sum: 78.9]
         [Termination Attempts: Min: 1, Avg: 1.0, Max: 1, Diff: 0, Sum: 18]
      [GC Worker Other (ms): Min: 0.0, Avg: 0.0, Max: 0.0, Diff: 0.0, Sum: 0.2]
      [GC Worker Total (ms): Min: 0.0, Avg: 4.5, Max: 6.6, Diff: 6.6, Sum: 81.7]
      [GC Worker End (ms): Min: 14623.5, Avg: 14623.8, Max: 14624.2, Diff: 0.7]
   [Code Root Fixup: 0.0 ms]
   [Code Root Purge: 0.0 ms]
   [Clear CT: 1.4 ms]
   [Other: 5.8 ms]
      [Choose CSet: 0.0 ms]
      [Ref Proc: 4.8 ms]
      [Ref Enq: 0.0 ms]
      [Redirty Cards: 0.9 ms]
      [Humongous Register: 0.0 ms]
      [Humongous Reclaim: 0.0 ms]
      [Free CSet: 0.0 ms]
   [Eden: 11264.0K(11264.0K)->0.0B(9216.0K) Survivors: 1024.0K->2048.0K Heap: 47892.6K(65536.0K)->40508.6K(65536.0K)]
 [Times: user=0.12 sys=0.00, real=0.02 secs] 
2026-06-17T09:48:52.455+0800: 14.656: [GC pause (G1 Evacuation Pause) (young) (initial-mark), 0.0192789 secs]
   [Parallel Time: 13.0 ms, GC Workers: 18]
      [GC Worker Start (ms): Min: 14656.4, Avg: 14657.5, Max: 14658.3, Diff: 1.9]
      [Ext Root Scanning (ms): Min: 0.0, Avg: 3.7, Max: 8.9, Diff: 8.9, Sum: 66.9]
      [Update RS (ms): Min: 0.0, Avg: 0.0, Max: 0.0, Diff: 0.0, Sum: 0.1]
         [Processed Buffers: Min: 0, Avg: 0.2, Max: 4, Diff: 4, Sum: 4]
      [Scan RS (ms): Min: 0.0, Avg: 0.0, Max: 0.0, Diff: 0.0, Sum: 0.0]
      [Code Root Scanning (ms): Min: 0.0, Avg: 0.0, Max: 0.0, Diff: 0.0, Sum: 0.0]
      [Object Copy (ms): Min: 0.0, Avg: 0.0, Max: 0.2, Diff: 0.2, Sum: 0.4]
      [Termination (ms): Min: 0.0, Avg: 6.2, Max: 9.7, Diff: 9.7, Sum: 112.2]
         [Termination Attempts: Min: 1, Avg: 1.0, Max: 1, Diff: 0, Sum: 18]
      [GC Worker Other (ms): Min: 0.0, Avg: 0.0, Max: 0.0, Diff: 0.0, Sum: 0.2]
      [GC Worker Total (ms): Min: 8.9, Avg: 10.0, Max: 11.6, Diff: 2.7, Sum: 179.9]
      [GC Worker End (ms): Min: 14667.1, Avg: 14667.5, Max: 14668.4, Diff: 1.2]
   [Code Root Fixup: 0.0 ms]
   [Code Root Purge: 0.0 ms]
   [Clear CT: 1.2 ms]
   [Other: 5.1 ms]
      [Choose CSet: 0.0 ms]
      [Ref Proc: 4.2 ms]
      [Ref Enq: 0.0 ms]
      [Redirty Cards: 0.8 ms]
      [Humongous Register: 0.0 ms]
      [Humongous Reclaim: 0.0 ms]
      [Free CSet: 0.0 ms]
   [Eden: 9216.0K(9216.0K)->0.0B(9216.0K) Survivors: 2048.0K->1024.0K Heap: 49724.6K(65536.0K)->40040.6K(65536.0K)]
 [Times: user=0.14 sys=0.01, real=0.02 secs] 
2026-06-17T09:48:52.475+0800: 14.677: [GC concurrent-root-region-scan-start]
2026-06-17T09:48:52.476+0800: 14.677: [GC concurrent-root-region-scan-end, 0.0002742 secs]
2026-06-17T09:48:52.476+0800: 14.677: [GC concurrent-mark-start]
2026-06-17T09:48:52.476+0800: 14.677: [GC concurrent-mark-end, 0.0005318 secs]
2026-06-17T09:48:52.476+0800: 14.678: [GC remark 2026-06-17T09:48:52.477+0800: 14.678: [Finalize Marking, 0.0082604 secs] 2026-06-17T09:48:52.486+0800: 14.687: [GC ref-proc, 0.0006674 secs] 2026-06-17T09:48:52.487+0800: 14.688: [Unloading, 0.0019313 secs], 0.0134482 secs]
 [Times: user=0.08 sys=0.00, real=0.01 secs] 
2026-06-17T09:48:52.491+0800: 14.692: [GC cleanup 42940K->40892K(65536K), 0.0028889 secs]
 [Times: user=0.01 sys=0.00, real=0.00 secs] 
2026-06-17T09:48:52.495+0800: 14.696: [GC concurrent-cleanup-start]
2026-06-17T09:48:52.495+0800: 14.696: [GC concurrent-cleanup-end, 0.0000051 secs]
2026-06-17T09:48:52.516+0800: 14.717: [GC pause (G1 Evacuation Pause) (young), 0.0195054 secs]
   [Parallel Time: 10.4 ms, GC Workers: 18]
      [GC Worker Start (ms): Min: 14717.2, Avg: 14719.8, Max: 14725.7, Diff: 8.5]
      [Ext Root Scanning (ms): Min: 0.0, Avg: 0.0, Max: 0.3, Diff: 0.3, Sum: 0.9]
      [Update RS (ms): Min: 0.0, Avg: 0.0, Max: 0.0, Diff: 0.0, Sum: 0.1]
         [Processed Buffers: Min: 0, Avg: 0.2, Max: 2, Diff: 2, Sum: 4]
      [Scan RS (ms): Min: 0.0, Avg: 0.0, Max: 0.0, Diff: 0.0, Sum: 0.0]
      [Code Root Scanning (ms): Min: 0.0, Avg: 0.0, Max: 0.0, Diff: 0.0, Sum: 0.0]
      [Object Copy (ms): Min: 0.0, Avg: 0.0, Max: 0.1, Diff: 0.1, Sum: 0.5]
      [Termination (ms): Min: 0.0, Avg: 6.1, Max: 8.4, Diff: 8.4, Sum: 110.1]
         [Termination Attempts: Min: 1, Avg: 1.0, Max: 1, Diff: 0, Sum: 18]
      [GC Worker Other (ms): Min: 0.0, Avg: 0.0, Max: 0.0, Diff: 0.0, Sum: 0.2]
      [GC Worker Total (ms): Min: 0.0, Avg: 6.2, Max: 8.9, Diff: 8.8, Sum: 111.8]
      [GC Worker End (ms): Min: 14725.8, Avg: 14726.0, Max: 14726.3, Diff: 0.6]
   [Code Root Fixup: 0.0 ms]
   [Code Root Purge: 0.0 ms]
   [Clear CT: 1.2 ms]
   [Other: 7.9 ms]
      [Choose CSet: 0.0 ms]
      [Ref Proc: 7.1 ms]
      [Ref Enq: 0.0 ms]
      [Redirty Cards: 0.8 ms]
      [Humongous Register: 0.0 ms]
      [Humongous Reclaim: 0.0 ms]
      [Free CSet: 0.0 ms]
   [Eden: 9216.0K(9216.0K)->0.0B(1024.0K) Survivors: 1024.0K->2048.0K Heap: 47208.6K(65536.0K)->40437.6K(65536.0K)]
 [Times: user=0.17 sys=0.00, real=0.02 secs] 
2026-06-17T09:48:52.537+0800: 14.738: [GC pause (G1 Evacuation Pause) (mixed), 0.0121531 secs]
   [Parallel Time: 7.2 ms, GC Workers: 18]
      [GC Worker Start (ms): Min: 14738.1, Avg: 14739.9, Max: 14743.6, Diff: 5.5]
      [Ext Root Scanning (ms): Min: 0.0, Avg: 0.0, Max: 0.2, Diff: 0.2, Sum: 0.5]
      [Update RS (ms): Min: 0.0, Avg: 0.0, Max: 0.0, Diff: 0.0, Sum: 0.0]
         [Processed Buffers: Min: 0, Avg: 0.2, Max: 1, Diff: 1, Sum: 3]
      [Scan RS (ms): Min: 0.0, Avg: 0.0, Max: 0.0, Diff: 0.0, Sum: 0.1]
      [Code Root Scanning (ms): Min: 0.0, Avg: 0.0, Max: 0.0, Diff: 0.0, Sum: 0.0]
      [Object Copy (ms): Min: 0.0, Avg: 0.0, Max: 0.2, Diff: 0.2, Sum: 0.9]
      [Termination (ms): Min: 0.0, Avg: 4.0, Max: 5.6, Diff: 5.6, Sum: 71.7]
         [Termination Attempts: Min: 1, Avg: 1.0, Max: 1, Diff: 0, Sum: 18]
      [GC Worker Other (ms): Min: 0.0, Avg: 0.0, Max: 0.1, Diff: 0.1, Sum: 0.4]
      [GC Worker Total (ms): Min: 0.0, Avg: 4.1, Max: 6.0, Diff: 6.0, Sum: 73.5]
      [GC Worker End (ms): Min: 14743.6, Avg: 14743.9, Max: 14744.3, Diff: 0.7]
   [Code Root Fixup: 0.0 ms]
   [Code Root Purge: 0.0 ms]
   [Clear CT: 1.5 ms]
   [Other: 3.4 ms]
      [Choose CSet: 0.0 ms]
      [Ref Proc: 2.8 ms]
      [Ref Enq: 0.0 ms]
      [Redirty Cards: 0.5 ms]
      [Humongous Register: 0.0 ms]
      [Humongous Reclaim: 0.0 ms]
      [Free CSet: 0.0 ms]
   [Eden: 1024.0K(1024.0K)->0.0B(2048.0K) Survivors: 2048.0K->1024.0K Heap: 41461.6K(65536.0K)->37934.1K(65536.0K)]
 [Times: user=0.09 sys=0.01, real=0.01 secs] 
2026-06-17T09:48:52.550+0800: 14.751: [GC pause (G1 Evacuation Pause) (mixed), 0.0076145 secs]
   [Parallel Time: 3.4 ms, GC Workers: 18]
      [GC Worker Start (ms): Min: 14751.5, Avg: 14752.6, Max: 14753.8, Diff: 2.3]
      [Ext Root Scanning (ms): Min: 0.0, Avg: 0.0, Max: 0.1, Diff: 0.1, Sum: 0.3]
      [Update RS (ms): Min: 0.0, Avg: 0.0, Max: 0.2, Diff: 0.2, Sum: 0.2]
         [Processed Buffers: Min: 0, Avg: 0.3, Max: 3, Diff: 3, Sum: 6]
      [Scan RS (ms): Min: 0.0, Avg: 0.0, Max: 0.0, Diff: 0.0, Sum: 0.0]
      [Code Root Scanning (ms): Min: 0.0, Avg: 0.0, Max: 0.0, Diff: 0.0, Sum: 0.0]
      [Object Copy (ms): Min: 0.0, Avg: 0.1, Max: 0.3, Diff: 0.3, Sum: 1.3]
      [Termination (ms): Min: 0.0, Avg: 1.3, Max: 2.2, Diff: 2.2, Sum: 23.5]
         [Termination Attempts: Min: 1, Avg: 1.0, Max: 1, Diff: 0, Sum: 18]
      [GC Worker Other (ms): Min: 0.0, Avg: 0.0, Max: 0.0, Diff: 0.0, Sum: 0.1]
      [GC Worker Total (ms): Min: 0.0, Avg: 1.4, Max: 2.7, Diff: 2.7, Sum: 25.6]
      [GC Worker End (ms): Min: 14753.8, Avg: 14754.0, Max: 14754.2, Diff: 0.4]
   [Code Root Fixup: 0.0 ms]
   [Code Root Purge: 0.0 ms]
   [Clear CT: 0.8 ms]
   [Other: 3.4 ms]
      [Choose CSet: 0.0 ms]
      [Ref Proc: 2.8 ms]
      [Ref Enq: 0.0 ms]
      [Redirty Cards: 0.6 ms]
      [Humongous Register: 0.0 ms]
      [Humongous Reclaim: 0.0 ms]
      [Free CSet: 0.0 ms]
   [Eden: 2048.0K(2048.0K)->0.0B(2048.0K) Survivors: 1024.0K->1024.0K Heap: 39982.1K(65536.0K)->38472.6K(65536.0K)]
 [Times: user=0.05 sys=0.00, real=0.01 secs] 
2026-06-17T09:48:52.569+0800: 14.770: [GC pause (G1 Evacuation Pause) (mixed), 0.0115361 secs]
   [Parallel Time: 5.7 ms, GC Workers: 18]
      [GC Worker Start (ms): Min: 14770.6, Avg: 14772.1, Max: 14775.2, Diff: 4.6]
      [Ext Root Scanning (ms): Min: 0.0, Avg: 0.0, Max: 0.2, Diff: 0.2, Sum: 0.5]
      [Update RS (ms): Min: 0.0, Avg: 0.0, Max: 0.0, Diff: 0.0, Sum: 0.1]
         [Processed Buffers: Min: 0, Avg: 0.4, Max: 3, Diff: 3, Sum: 7]
      [Scan RS (ms): Min: 0.0, Avg: 0.0, Max: 0.0, Diff: 0.0, Sum: 0.0]
      [Code Root Scanning (ms): Min: 0.0, Avg: 0.0, Max: 0.0, Diff: 0.0, Sum: 0.0]
      [Object Copy (ms): Min: 0.0, Avg: 0.0, Max: 0.2, Diff: 0.2, Sum: 0.6]
      [Termination (ms): Min: 0.0, Avg: 3.3, Max: 4.9, Diff: 4.9, Sum: 60.0]
         [Termination Attempts: Min: 1, Avg: 1.0, Max: 1, Diff: 0, Sum: 18]
      [GC Worker Other (ms): Min: 0.0, Avg: 0.0, Max: 0.0, Diff: 0.0, Sum: 0.2]
      [GC Worker Total (ms): Min: 0.0, Avg: 3.4, Max: 5.3, Diff: 5.3, Sum: 61.5]
      [GC Worker End (ms): Min: 14775.2, Avg: 14775.5, Max: 14775.9, Diff: 0.6]
   [Code Root Fixup: 0.0 ms]
   [Code Root Purge: 0.0 ms]
   [Clear CT: 1.0 ms]
   [Other: 4.8 ms]
      [Choose CSet: 0.0 ms]
      [Ref Proc: 4.2 ms]
      [Ref Enq: 0.0 ms]
      [Redirty Cards: 0.6 ms]
      [Humongous Register: 0.0 ms]
      [Humongous Reclaim: 0.0 ms]
      [Free CSet: 0.0 ms]
   [Eden: 2048.0K(2048.0K)->0.0B(9216.0K) Survivors: 1024.0K->1024.0K Heap: 40520.6K(65536.0K)->40528.6K(65536.0K)]
 [Times: user=0.09 sys=0.00, real=0.01 secs] 
2026-06-17T09:48:52.603+0800: 14.804: [GC pause (G1 Evacuation Pause) (young), 0.0157093 secs]
   [Parallel Time: 9.1 ms, GC Workers: 18]
      [GC Worker Start (ms): Min: 14804.2, Avg: 14805.8, Max: 14810.6, Diff: 6.4]
      [Ext Root Scanning (ms): Min: 0.0, Avg: 0.0, Max: 0.3, Diff: 0.3, Sum: 0.7]
      [Update RS (ms): Min: 0.0, Avg: 0.0, Max: 0.0, Diff: 0.0, Sum: 0.1]
         [Processed Buffers: Min: 0, Avg: 0.3, Max: 2, Diff: 2, Sum: 5]
      [Scan RS (ms): Min: 0.0, Avg: 0.0, Max: 0.0, Diff: 0.0, Sum: 0.0]
      [Code Root Scanning (ms): Min: 0.0, Avg: 0.0, Max: 0.0, Diff: 0.0, Sum: 0.0]
      [Object Copy (ms): Min: 0.0, Avg: 0.0, Max: 0.2, Diff: 0.2, Sum: 0.6]
      [Termination (ms): Min: 0.0, Avg: 4.9, Max: 6.7, Diff: 6.7, Sum: 87.8]
         [Termination Attempts: Min: 1, Avg: 1.0, Max: 1, Diff: 0, Sum: 18]
      [GC Worker Other (ms): Min: 0.0, Avg: 0.0, Max: 0.0, Diff: 0.0, Sum: 0.2]
      [GC Worker Total (ms): Min: 0.0, Avg: 5.0, Max: 7.2, Diff: 7.2, Sum: 89.5]
      [GC Worker End (ms): Min: 14810.6, Avg: 14810.8, Max: 14811.4, Diff: 0.8]
   [Code Root Fixup: 0.0 ms]
   [Code Root Purge: 0.0 ms]
   [Clear CT: 1.0 ms]
   [Other: 5.6 ms]
      [Choose CSet: 0.0 ms]
      [Ref Proc: 4.9 ms]
      [Ref Enq: 0.0 ms]
      [Redirty Cards: 0.7 ms]
      [Humongous Register: 0.0 ms]
      [Humongous Reclaim: 0.0 ms]
      [Free CSet: 0.0 ms]
   [Eden: 9216.0K(9216.0K)->0.0B(8192.0K) Survivors: 1024.0K->2048.0K Heap: 49744.6K(65536.0K)->42816.6K(65536.0K)]
 [Times: user=0.13 sys=0.01, real=0.01 secs] 
2026-06-17T09:48:52.641+0800: 14.842: [GC pause (G1 Evacuation Pause) (young) (initial-mark), 0.0140048 secs]
   [Parallel Time: 6.9 ms, GC Workers: 18]
      [GC Worker Start (ms): Min: 14842.6, Avg: 14843.7, Max: 14844.6, Diff: 2.0]
      [Ext Root Scanning (ms): Min: 0.0, Avg: 2.4, Max: 3.1, Diff: 3.0, Sum: 42.7]
      [Update RS (ms): Min: 0.0, Avg: 0.0, Max: 0.0, Diff: 0.0, Sum: 0.1]
         [Processed Buffers: Min: 0, Avg: 0.2, Max: 4, Diff: 4, Sum: 4]
      [Scan RS (ms): Min: 0.0, Avg: 0.0, Max: 0.0, Diff: 0.0, Sum: 0.0]
      [Code Root Scanning (ms): Min: 0.0, Avg: 0.0, Max: 0.0, Diff: 0.0, Sum: 0.0]
      [Object Copy (ms): Min: 0.0, Avg: 0.1, Max: 0.4, Diff: 0.4, Sum: 1.0]
      [Termination (ms): Min: 0.0, Avg: 1.5, Max: 3.0, Diff: 3.0, Sum: 27.7]
         [Termination Attempts: Min: 1, Avg: 1.0, Max: 1, Diff: 0, Sum: 18]
      [GC Worker Other (ms): Min: 0.0, Avg: 0.0, Max: 0.0, Diff: 0.0, Sum: 0.2]
      [GC Worker Total (ms): Min: 3.0, Avg: 4.0, Max: 5.4, Diff: 2.4, Sum: 71.7]
      [GC Worker End (ms): Min: 14847.5, Avg: 14847.7, Max: 14848.1, Diff: 0.6]
   [Code Root Fixup: 0.0 ms]
   [Code Root Purge: 0.0 ms]
   [Clear CT: 1.6 ms]
   [Other: 5.5 ms]
      [Choose CSet: 0.0 ms]
      [Ref Proc: 4.3 ms]
      [Ref Enq: 0.0 ms]
      [Redirty Cards: 1.1 ms]
      [Humongous Register: 0.0 ms]
      [Humongous Reclaim: 0.0 ms]
      [Free CSet: 0.0 ms]
   [Eden: 8192.0K(8192.0K)->0.0B(5120.0K) Survivors: 2048.0K->2048.0K Heap: 51008.6K(65536.0K)->45600.6K(65536.0K)]
 [Times: user=0.05 sys=0.01, real=0.02 secs] 
2026-06-17T09:48:52.657+0800: 14.858: [GC concurrent-root-region-scan-start]
2026-06-17T09:48:52.657+0800: 14.858: [GC concurrent-root-region-scan-end, 0.0003650 secs]
2026-06-17T09:48:52.657+0800: 14.858: [GC concurrent-mark-start]
2026-06-17T09:48:52.658+0800: 14.859: [GC concurrent-mark-end, 0.0006504 secs]
2026-06-17T09:48:52.658+0800: 14.859: [GC remark 2026-06-17T09:48:52.658+0800: 14.859: [Finalize Marking, 0.0030328 secs] 2026-06-17T09:48:52.662+0800: 14.863: [GC ref-proc, 0.0007363 secs] 2026-06-17T09:48:52.663+0800: 14.865: [Unloading, 0.0018316 secs], 0.0087979 secs]
 [Times: user=0.02 sys=0.00, real=0.01 secs] 
2026-06-17T09:48:52.667+0800: 14.869: [GC cleanup 49111K->43991K(65536K), 0.0025813 secs]
 [Times: user=0.00 sys=0.00, real=0.01 secs] 
2026-06-17T09:48:52.671+0800: 14.872: [GC concurrent-cleanup-start]
2026-06-17T09:48:52.671+0800: 14.872: [GC concurrent-cleanup-end, 0.0000087 secs]
2026-06-17T09:48:52.671+0800: 14.872: [GC pause (G1 Evacuation Pause) (young), 0.0066340 secs]
   [Parallel Time: 2.2 ms, GC Workers: 18]
      [GC Worker Start (ms): Min: 14872.4, Avg: 14873.2, Max: 14874.0, Diff: 1.5]
      [Ext Root Scanning (ms): Min: 0.0, Avg: 0.0, Max: 0.1, Diff: 0.1, Sum: 0.4]
      [Update RS (ms): Min: 0.0, Avg: 0.0, Max: 0.0, Diff: 0.0, Sum: 0.0]
         [Processed Buffers: Min: 0, Avg: 0.2, Max: 2, Diff: 2, Sum: 4]
      [Scan RS (ms): Min: 0.0, Avg: 0.0, Max: 0.0, Diff: 0.0, Sum: 0.0]
      [Code Root Scanning (ms): Min: 0.0, Avg: 0.0, Max: 0.0, Diff: 0.0, Sum: 0.0]
      [Object Copy (ms): Min: 0.0, Avg: 0.0, Max: 0.2, Diff: 0.2, Sum: 0.9]
      [Termination (ms): Min: 0.0, Avg: 0.8, Max: 1.3, Diff: 1.3, Sum: 13.9]
         [Termination Attempts: Min: 1, Avg: 1.0, Max: 1, Diff: 0, Sum: 18]
      [GC Worker Other (ms): Min: 0.0, Avg: 0.0, Max: 0.0, Diff: 0.0, Sum: 0.1]
      [GC Worker Total (ms): Min: 0.0, Avg: 0.8, Max: 1.7, Diff: 1.7, Sum: 15.3]
      [GC Worker End (ms): Min: 14874.0, Avg: 14874.1, Max: 14874.1, Diff: 0.1]
   [Code Root Fixup: 0.0 ms]
   [Code Root Purge: 0.0 ms]
   [Clear CT: 1.2 ms]
   [Other: 3.2 ms]
      [Choose CSet: 0.0 ms]
      [Ref Proc: 2.6 ms]
      [Ref Enq: 0.0 ms]
      [Redirty Cards: 0.6 ms]
      [Humongous Register: 0.0 ms]
      [Humongous Reclaim: 0.0 ms]
      [Free CSet: 0.0 ms]
   [Eden: 5120.0K(5120.0K)->0.0B(2048.0K) Survivors: 2048.0K->1024.0K Heap: 45600.6K(65536.0K)->45117.6K(65536.0K)]
 [Times: user=0.04 sys=0.00, real=0.00 secs] 
2026-06-17T09:48:52.679+0800: 14.880: [GC pause (G1 Evacuation Pause) (mixed), 0.0066361 secs]
   [Parallel Time: 2.3 ms, GC Workers: 18]
      [GC Worker Start (ms): Min: 14880.2, Avg: 14881.1, Max: 14882.0, Diff: 1.8]
      [Ext Root Scanning (ms): Min: 0.0, Avg: 0.0, Max: 0.1, Diff: 0.1, Sum: 0.3]
      [Update RS (ms): Min: 0.0, Avg: 0.0, Max: 0.0, Diff: 0.0, Sum: 0.0]
         [Processed Buffers: Min: 0, Avg: 0.2, Max: 2, Diff: 2, Sum: 4]
      [Scan RS (ms): Min: 0.0, Avg: 0.0, Max: 0.0, Diff: 0.0, Sum: 0.0]
      [Code Root Scanning (ms): Min: 0.0, Avg: 0.0, Max: 0.0, Diff: 0.0, Sum: 0.0]
      [Object Copy (ms): Min: 0.0, Avg: 0.0, Max: 0.1, Diff: 0.1, Sum: 0.4]
      [Termination (ms): Min: 0.0, Avg: 0.9, Max: 1.8, Diff: 1.8, Sum: 16.1]
         [Termination Attempts: Min: 1, Avg: 1.0, Max: 1, Diff: 0, Sum: 18]
      [GC Worker Other (ms): Min: 0.0, Avg: 0.0, Max: 0.0, Diff: 0.0, Sum: 0.1]
      [GC Worker Total (ms): Min: 0.0, Avg: 0.9, Max: 1.8, Diff: 1.8, Sum: 16.9]
      [GC Worker End (ms): Min: 14882.0, Avg: 14882.0, Max: 14882.2, Diff: 0.3]
   [Code Root Fixup: 0.0 ms]
   [Code Root Purge: 0.0 ms]
   [Clear CT: 1.2 ms]
   [Other: 3.2 ms]
      [Choose CSet: 0.0 ms]
      [Ref Proc: 2.6 ms]
      [Ref Enq: 0.0 ms]
      [Redirty Cards: 0.5 ms]
      [Humongous Register: 0.0 ms]
      [Humongous Reclaim: 0.0 ms]
      [Free CSet: 0.0 ms]
   [Eden: 2048.0K(2048.0K)->0.0B(2048.0K) Survivors: 1024.0K->1024.0K Heap: 47165.6K(65536.0K)->40225.7K(65536.0K)]
 [Times: user=0.04 sys=0.00, real=0.01 secs] 
2026-06-17T09:48:52.697+0800: 14.898: [GC pause (G1 Evacuation Pause) (mixed), 0.0109591 secs]
   [Parallel Time: 3.8 ms, GC Workers: 18]
      [GC Worker Start (ms): Min: 14898.3, Avg: 14899.4, Max: 14900.8, Diff: 2.5]
      [Ext Root Scanning (ms): Min: 0.0, Avg: 0.0, Max: 0.1, Diff: 0.1, Sum: 0.4]
      [Update RS (ms): Min: 0.0, Avg: 0.0, Max: 0.0, Diff: 0.0, Sum: 0.0]
         [Processed Buffers: Min: 0, Avg: 0.3, Max: 2, Diff: 2, Sum: 5]
      [Scan RS (ms): Min: 0.0, Avg: 0.0, Max: 0.0, Diff: 0.0, Sum: 0.1]
      [Code Root Scanning (ms): Min: 0.0, Avg: 0.0, Max: 0.0, Diff: 0.0, Sum: 0.0]
      [Object Copy (ms): Min: 0.0, Avg: 0.0, Max: 0.2, Diff: 0.2, Sum: 0.8]
      [Termination (ms): Min: 0.0, Avg: 1.6, Max: 2.7, Diff: 2.7, Sum: 29.3]
         [Termination Attempts: Min: 1, Avg: 1.0, Max: 1, Diff: 0, Sum: 18]
      [GC Worker Other (ms): Min: 0.0, Avg: 0.0, Max: 0.0, Diff: 0.0, Sum: 0.2]
      [GC Worker Total (ms): Min: 0.0, Avg: 1.7, Max: 3.1, Diff: 3.0, Sum: 30.8]
      [GC Worker End (ms): Min: 14900.8, Avg: 14901.1, Max: 14901.4, Diff: 0.6]
   [Code Root Fixup: 0.0 ms]
   [Code Root Purge: 0.0 ms]
   [Clear CT: 1.1 ms]
   [Other: 6.1 ms]
      [Choose CSet: 0.0 ms]
      [Ref Proc: 5.5 ms]
      [Ref Enq: 0.0 ms]
      [Redirty Cards: 0.6 ms]
      [Humongous Register: 0.0 ms]
      [Humongous Reclaim: 0.0 ms]
      [Free CSet: 0.0 ms]
   [Eden: 2048.0K(2048.0K)->0.0B(2048.0K) Survivors: 1024.0K->1024.0K Heap: 42273.7K(65536.0K)->38486.6K(65536.0K)]
 [Times: user=0.08 sys=0.01, real=0.01 secs] 
2026-06-17T09:48:52.709+0800: 14.910: [GC pause (G1 Evacuation Pause) (mixed), 0.0078694 secs]
   [Parallel Time: 3.1 ms, GC Workers: 18]
      [GC Worker Start (ms): Min: 14910.4, Avg: 14911.4, Max: 14912.5, Diff: 2.1]
      [Ext Root Scanning (ms): Min: 0.0, Avg: 0.0, Max: 0.2, Diff: 0.2, Sum: 0.4]
      [Update RS (ms): Min: 0.0, Avg: 0.0, Max: 0.0, Diff: 0.0, Sum: 0.0]
         [Processed Buffers: Min: 0, Avg: 0.3, Max: 2, Diff: 2, Sum: 6]
      [Scan RS (ms): Min: 0.0, Avg: 0.0, Max: 0.0, Diff: 0.0, Sum: 0.0]
      [Code Root Scanning (ms): Min: 0.0, Avg: 0.0, Max: 0.0, Diff: 0.0, Sum: 0.0]
      [Object Copy (ms): Min: 0.0, Avg: 0.1, Max: 0.3, Diff: 0.3, Sum: 1.0]
      [Termination (ms): Min: 0.0, Avg: 1.1, Max: 1.8, Diff: 1.8, Sum: 19.8]
         [Termination Attempts: Min: 1, Avg: 1.0, Max: 1, Diff: 0, Sum: 18]
      [GC Worker Other (ms): Min: 0.0, Avg: 0.0, Max: 0.0, Diff: 0.0, Sum: 0.1]
      [GC Worker Total (ms): Min: 0.0, Avg: 1.2, Max: 2.2, Diff: 2.2, Sum: 21.3]
      [GC Worker End (ms): Min: 14912.5, Avg: 14912.6, Max: 14912.8, Diff: 0.3]
   [Code Root Fixup: 0.0 ms]
   [Code Root Purge: 0.0 ms]
   [Clear CT: 1.4 ms]
   [Other: 3.3 ms]
      [Choose CSet: 0.0 ms]
      [Ref Proc: 2.6 ms]
      [Ref Enq: 0.0 ms]
      [Redirty Cards: 0.6 ms]
      [Humongous Register: 0.0 ms]
      [Humongous Reclaim: 0.0 ms]
      [Free CSet: 0.0 ms]
   [Eden: 2048.0K(2048.0K)->0.0B(2048.0K) Survivors: 1024.0K->1024.0K Heap: 40534.6K(65536.0K)->38310.6K(65536.0K)]
 [Times: user=0.04 sys=0.00, real=0.01 secs] 
2026-06-17T09:48:52.729+0800: 14.930: [GC pause (G1 Evacuation Pause) (mixed), 0.0103612 secs]
   [Parallel Time: 3.9 ms, GC Workers: 18]
      [GC Worker Start (ms): Min: 14930.0, Avg: 14931.0, Max: 14932.5, Diff: 2.5]
      [Ext Root Scanning (ms): Min: 0.0, Avg: 0.0, Max: 0.2, Diff: 0.2, Sum: 0.5]
      [Update RS (ms): Min: 0.0, Avg: 0.0, Max: 0.0, Diff: 0.0, Sum: 0.1]
         [Processed Buffers: Min: 0, Avg: 0.3, Max: 3, Diff: 3, Sum: 6]
      [Scan RS (ms): Min: 0.0, Avg: 0.0, Max: 0.1, Diff: 0.1, Sum: 0.1]
      [Code Root Scanning (ms): Min: 0.0, Avg: 0.0, Max: 0.0, Diff: 0.0, Sum: 0.0]
      [Object Copy (ms): Min: 0.0, Avg: 0.0, Max: 0.2, Diff: 0.1, Sum: 0.5]
      [Termination (ms): Min: 0.0, Avg: 1.8, Max: 2.9, Diff: 2.9, Sum: 32.5]
         [Termination Attempts: Min: 1, Avg: 1.0, Max: 1, Diff: 0, Sum: 18]
      [GC Worker Other (ms): Min: 0.0, Avg: 0.0, Max: 0.1, Diff: 0.1, Sum: 0.2]
      [GC Worker Total (ms): Min: 0.0, Avg: 1.9, Max: 3.2, Diff: 3.2, Sum: 33.9]
      [GC Worker End (ms): Min: 14932.5, Avg: 14932.8, Max: 14933.3, Diff: 0.8]
   [Code Root Fixup: 0.0 ms]
   [Code Root Purge: 0.0 ms]
   [Clear CT: 1.0 ms]
   [Other: 5.4 ms]
      [Choose CSet: 0.0 ms]
      [Ref Proc: 4.5 ms]
      [Ref Enq: 0.0 ms]
      [Redirty Cards: 0.8 ms]
      [Humongous Register: 0.0 ms]
      [Humongous Reclaim: 0.0 ms]
      [Free CSet: 0.0 ms]
   [Eden: 2048.0K(2048.0K)->0.0B(8192.0K) Survivors: 1024.0K->1024.0K Heap: 40358.6K(65536.0K)->39417.6K(65536.0K)]
 [Times: user=0.07 sys=0.00, real=0.01 secs] 
2026-06-17T09:48:52.751+0800: 14.953: [GC pause (G1 Humongous Allocation) (young) (initial-mark), 0.0128464 secs]
   [Parallel Time: 6.1 ms, GC Workers: 18]
      [GC Worker Start (ms): Min: 14952.9, Avg: 14953.7, Max: 14954.3, Diff: 1.3]
      [Ext Root Scanning (ms): Min: 0.0, Avg: 1.8, Max: 2.6, Diff: 2.6, Sum: 32.1]
      [Update RS (ms): Min: 0.0, Avg: 0.0, Max: 0.1, Diff: 0.1, Sum: 0.2]
         [Processed Buffers: Min: 0, Avg: 0.3, Max: 4, Diff: 4, Sum: 5]
      [Scan RS (ms): Min: 0.0, Avg: 0.0, Max: 0.0, Diff: 0.0, Sum: 0.0]
      [Code Root Scanning (ms): Min: 0.0, Avg: 0.0, Max: 0.0, Diff: 0.0, Sum: 0.0]
      [Object Copy (ms): Min: 0.0, Avg: 0.0, Max: 0.2, Diff: 0.2, Sum: 0.4]
      [Termination (ms): Min: 0.0, Avg: 1.5, Max: 2.6, Diff: 2.6, Sum: 26.6]
         [Termination Attempts: Min: 1, Avg: 1.0, Max: 1, Diff: 0, Sum: 18]
      [GC Worker Other (ms): Min: 0.0, Avg: 0.0, Max: 0.0, Diff: 0.0, Sum: 0.2]
      [GC Worker Total (ms): Min: 2.6, Avg: 3.3, Max: 4.5, Diff: 1.9, Sum: 59.5]
      [GC Worker End (ms): Min: 14956.8, Avg: 14957.0, Max: 14957.4, Diff: 0.6]
   [Code Root Fixup: 0.0 ms]
   [Code Root Purge: 0.0 ms]
   [Clear CT: 1.4 ms]
   [Other: 5.3 ms]
      [Choose CSet: 0.0 ms]
      [Ref Proc: 4.5 ms]
      [Ref Enq: 0.0 ms]
      [Redirty Cards: 0.8 ms]
      [Humongous Register: 0.0 ms]
      [Humongous Reclaim: 0.0 ms]
      [Free CSet: 0.0 ms]
   [Eden: 8192.0K(8192.0K)->0.0B(8192.0K) Survivors: 1024.0K->2048.0K Heap: 47197.6K(65536.0K)->40811.1K(65536.0K)]
 [Times: user=0.06 sys=0.01, real=0.01 secs] 
2026-06-17T09:48:52.766+0800: 14.967: [GC concurrent-root-region-scan-start]
2026-06-17T09:48:52.766+0800: 14.967: [GC concurrent-root-region-scan-end, 0.0003014 secs]
2026-06-17T09:48:52.766+0800: 14.967: [GC concurrent-mark-start]
2026-06-17T09:48:52.767+0800: 14.968: [GC concurrent-mark-end, 0.0007452 secs]
2026-06-17T09:48:52.767+0800: 14.968: [GC remark 2026-06-17T09:48:52.767+0800: 14.969: [Finalize Marking, 0.0047103 secs] 2026-06-17T09:48:52.772+0800: 14.974: [GC ref-proc, 0.0006097 secs] 2026-06-17T09:48:52.774+0800: 14.975: [Unloading, 0.0018458 secs], 0.0097572 secs]
 [Times: user=0.03 sys=0.00, real=0.01 secs] 
2026-06-17T09:48:52.778+0800: 14.979: [GC cleanup 42908K->38812K(65536K), 0.0029323 secs]
 [Times: user=0.00 sys=0.00, real=0.00 secs] 
2026-06-17T09:48:52.782+0800: 14.983: [GC concurrent-cleanup-start]
2026-06-17T09:48:52.782+0800: 14.983: [GC concurrent-cleanup-end, 0.0000120 secs]
2026-06-17T09:48:52.803+0800: 15.004: [GC pause (G1 Evacuation Pause) (young), 0.0123767 secs]
   [Parallel Time: 5.7 ms, GC Workers: 18]
      [GC Worker Start (ms): Min: 15004.3, Avg: 15005.6, Max: 15008.2, Diff: 3.9]
      [Ext Root Scanning (ms): Min: 0.0, Avg: 0.0, Max: 0.4, Diff: 0.4, Sum: 0.8]
      [Update RS (ms): Min: 0.0, Avg: 0.0, Max: 0.0, Diff: 0.0, Sum: 0.1]
         [Processed Buffers: Min: 0, Avg: 0.2, Max: 1, Diff: 1, Sum: 3]
      [Scan RS (ms): Min: 0.0, Avg: 0.0, Max: 0.0, Diff: 0.0, Sum: 0.0]
      [Code Root Scanning (ms): Min: 0.0, Avg: 0.0, Max: 0.0, Diff: 0.0, Sum: 0.0]
      [Object Copy (ms): Min: 0.0, Avg: 0.0, Max: 0.2, Diff: 0.1, Sum: 0.5]
      [Termination (ms): Min: 0.0, Avg: 2.7, Max: 3.9, Diff: 3.9, Sum: 49.4]
         [Termination Attempts: Min: 1, Avg: 1.0, Max: 1, Diff: 0, Sum: 18]
      [GC Worker Other (ms): Min: 0.0, Avg: 0.0, Max: 0.0, Diff: 0.0, Sum: 0.2]
      [GC Worker Total (ms): Min: 0.0, Avg: 2.8, Max: 4.2, Diff: 4.1, Sum: 51.0]
      [GC Worker End (ms): Min: 15008.2, Avg: 15008.4, Max: 15008.9, Diff: 0.7]
   [Code Root Fixup: 0.0 ms]
   [Code Root Purge: 0.0 ms]
   [Clear CT: 1.5 ms]
   [Other: 5.2 ms]
      [Choose CSet: 0.0 ms]
      [Ref Proc: 4.3 ms]
      [Ref Enq: 0.0 ms]
      [Redirty Cards: 0.7 ms]
      [Humongous Register: 0.0 ms]
      [Humongous Reclaim: 0.0 ms]
      [Free CSet: 0.0 ms]
   [Eden: 8192.0K(8192.0K)->0.0B(2048.0K) Survivors: 2048.0K->1024.0K Heap: 46037.1K(65536.0K)->38837.0K(65536.0K)]
 [Times: user=0.08 sys=0.01, real=0.01 secs] 
2026-06-17T09:48:52.817+0800: 15.018: [GC pause (G1 Evacuation Pause) (mixed), 0.0072740 secs]
   [Parallel Time: 3.7 ms, GC Workers: 18]
      [GC Worker Start (ms): Min: 15018.0, Avg: 15018.9, Max: 15020.1, Diff: 2.1]
      [Ext Root Scanning (ms): Min: 0.0, Avg: 0.0, Max: 0.2, Diff: 0.2, Sum: 0.4]
      [Update RS (ms): Min: 0.0, Avg: 0.0, Max: 0.0, Diff: 0.0, Sum: 0.0]
         [Processed Buffers: Min: 0, Avg: 0.2, Max: 1, Diff: 1, Sum: 3]
      [Scan RS (ms): Min: 0.0, Avg: 0.0, Max: 0.0, Diff: 0.0, Sum: 0.0]
      [Code Root Scanning (ms): Min: 0.0, Avg: 0.0, Max: 0.0, Diff: 0.0, Sum: 0.0]
      [Object Copy (ms): Min: 0.0, Avg: 0.0, Max: 0.2, Diff: 0.2, Sum: 0.8]
      [Termination (ms): Min: 0.0, Avg: 1.1, Max: 1.7, Diff: 1.7, Sum: 20.7]
         [Termination Attempts: Min: 1, Avg: 1.0, Max: 1, Diff: 0, Sum: 18]
      [GC Worker Other (ms): Min: 0.0, Avg: 0.0, Max: 0.0, Diff: 0.0, Sum: 0.2]
      [GC Worker Total (ms): Min: 0.0, Avg: 1.2, Max: 2.2, Diff: 2.1, Sum: 22.2]
      [GC Worker End (ms): Min: 15020.1, Avg: 15020.2, Max: 15020.5, Diff: 0.4]
   [Code Root Fixup: 0.0 ms]
   [Code Root Purge: 0.0 ms]
   [Clear CT: 0.5 ms]
   [Other: 3.0 ms]
      [Choose CSet: 0.0 ms]
      [Ref Proc: 2.3 ms]
      [Ref Enq: 0.0 ms]
      [Redirty Cards: 0.7 ms]
      [Humongous Register: 0.0 ms]
      [Humongous Reclaim: 0.0 ms]
      [Free CSet: 0.0 ms]
   [Eden: 2048.0K(2048.0K)->0.0B(2048.0K) Survivors: 1024.0K->1024.0K Heap: 40885.0K(65536.0K)->37265.6K(65536.0K)]
 [Times: user=0.03 sys=0.00, real=0.01 secs] 
2026-06-17T09:48:52.825+0800: 15.026: [GC pause (G1 Evacuation Pause) (mixed), 0.0075842 secs]
   [Parallel Time: 3.5 ms, GC Workers: 18]
      [GC Worker Start (ms): Min: 15026.4, Avg: 15027.4, Max: 15028.5, Diff: 2.1]
      [Ext Root Scanning (ms): Min: 0.0, Avg: 0.0, Max: 0.1, Diff: 0.1, Sum: 0.4]
      [Update RS (ms): Min: 0.0, Avg: 0.0, Max: 0.0, Diff: 0.0, Sum: 0.0]
         [Processed Buffers: Min: 0, Avg: 0.3, Max: 3, Diff: 3, Sum: 6]
      [Scan RS (ms): Min: 0.0, Avg: 0.0, Max: 0.0, Diff: 0.0, Sum: 0.1]
      [Code Root Scanning (ms): Min: 0.0, Avg: 0.0, Max: 0.0, Diff: 0.0, Sum: 0.0]
      [Object Copy (ms): Min: 0.0, Avg: 0.1, Max: 0.3, Diff: 0.3, Sum: 1.2]
      [Termination (ms): Min: 0.0, Avg: 1.3, Max: 2.1, Diff: 2.1, Sum: 22.7]
         [Termination Attempts: Min: 1, Avg: 1.0, Max: 1, Diff: 0, Sum: 18]
      [GC Worker Other (ms): Min: 0.0, Avg: 0.0, Max: 0.0, Diff: 0.0, Sum: 0.1]
      [GC Worker Total (ms): Min: 0.0, Avg: 1.4, Max: 2.6, Diff: 2.6, Sum: 24.5]
      [GC Worker End (ms): Min: 15028.5, Avg: 15028.7, Max: 15029.0, Diff: 0.5]
   [Code Root Fixup: 0.0 ms]
   [Code Root Purge: 0.0 ms]
   [Clear CT: 0.6 ms]
   [Other: 3.5 ms]
      [Choose CSet: 0.0 ms]
      [Ref Proc: 2.8 ms]
      [Ref Enq: 0.0 ms]
      [Redirty Cards: 0.6 ms]
      [Humongous Register: 0.0 ms]
      [Humongous Reclaim: 0.0 ms]
      [Free CSet: 0.0 ms]
   [Eden: 2048.0K(2048.0K)->0.0B(10240.0K) Survivors: 1024.0K->1024.0K Heap: 39313.6K(65536.0K)->37807.6K(65536.0K)]
 [Times: user=0.05 sys=0.00, real=0.01 secs] 
2026-06-17T09:48:52.866+0800: 15.067: [GC pause (G1 Evacuation Pause) (young), 0.0146036 secs]
   [Parallel Time: 8.5 ms, GC Workers: 18]
      [GC Worker Start (ms): Min: 15067.2, Avg: 15068.8, Max: 15074.2, Diff: 6.9]
      [Ext Root Scanning (ms): Min: 0.0, Avg: 0.0, Max: 0.4, Diff: 0.4, Sum: 0.8]
      [Update RS (ms): Min: 0.0, Avg: 0.0, Max: 0.2, Diff: 0.2, Sum: 0.5]
         [Processed Buffers: Min: 0, Avg: 0.4, Max: 4, Diff: 4, Sum: 7]
      [Scan RS (ms): Min: 0.0, Avg: 0.0, Max: 0.0, Diff: 0.0, Sum: 0.0]
      [Code Root Scanning (ms): Min: 0.0, Avg: 0.0, Max: 0.0, Diff: 0.0, Sum: 0.0]
      [Object Copy (ms): Min: 0.0, Avg: 0.1, Max: 0.3, Diff: 0.3, Sum: 1.0]
      [Termination (ms): Min: 0.0, Avg: 5.3, Max: 6.5, Diff: 6.5, Sum: 96.3]
         [Termination Attempts: Min: 1, Avg: 1.0, Max: 1, Diff: 0, Sum: 18]
      [GC Worker Other (ms): Min: 0.0, Avg: 0.0, Max: 0.0, Diff: 0.0, Sum: 0.2]
      [GC Worker Total (ms): Min: 0.0, Avg: 5.5, Max: 7.3, Diff: 7.2, Sum: 98.8]
      [GC Worker End (ms): Min: 15074.2, Avg: 15074.3, Max: 15074.5, Diff: 0.3]
   [Code Root Fixup: 0.0 ms]
   [Code Root Purge: 0.0 ms]
   [Clear CT: 1.1 ms]
   [Other: 5.0 ms]
      [Choose CSet: 0.0 ms]
      [Ref Proc: 4.2 ms]
      [Ref Enq: 0.0 ms]
      [Redirty Cards: 0.7 ms]
      [Humongous Register: 0.0 ms]
      [Humongous Reclaim: 0.0 ms]
      [Free CSet: 0.0 ms]
   [Eden: 10240.0K(10240.0K)->0.0B(8192.0K) Survivors: 1024.0K->2048.0K Heap: 48047.6K(65536.0K)->40969.6K(65536.0K)]
 [Times: user=0.14 sys=0.01, real=0.01 secs] 
2026-06-17T09:48:52.904+0800: 15.105: [GC pause (G1 Evacuation Pause) (young) (initial-mark), 0.0161177 secs]
   [Parallel Time: 8.5 ms, GC Workers: 18]
      [GC Worker Start (ms): Min: 15105.2, Avg: 15106.1, Max: 15106.6, Diff: 1.4]
      [Ext Root Scanning (ms): Min: 0.0, Avg: 2.1, Max: 5.2, Diff: 5.2, Sum: 37.9]
      [Update RS (ms): Min: 0.0, Avg: 0.0, Max: 0.0, Diff: 0.0, Sum: 0.1]
         [Processed Buffers: Min: 0, Avg: 0.2, Max: 4, Diff: 4, Sum: 4]
      [Scan RS (ms): Min: 0.0, Avg: 0.0, Max: 0.0, Diff: 0.0, Sum: 0.0]
      [Code Root Scanning (ms): Min: 0.0, Avg: 0.0, Max: 0.0, Diff: 0.0, Sum: 0.0]
      [Object Copy (ms): Min: 0.0, Avg: 0.0, Max: 0.3, Diff: 0.3, Sum: 0.8]
      [Termination (ms): Min: 0.0, Avg: 3.8, Max: 5.3, Diff: 5.3, Sum: 68.3]
         [Termination Attempts: Min: 1, Avg: 1.1, Max: 2, Diff: 1, Sum: 20]
      [GC Worker Other (ms): Min: 0.0, Avg: 0.0, Max: 0.0, Diff: 0.0, Sum: 0.2]
      [GC Worker Total (ms): Min: 5.2, Avg: 6.0, Max: 6.7, Diff: 1.5, Sum: 107.2]
      [GC Worker End (ms): Min: 15111.7, Avg: 15112.0, Max: 15112.4, Diff: 0.6]
   [Code Root Fixup: 0.0 ms]
   [Code Root Purge: 0.0 ms]
   [Clear CT: 1.5 ms]
   [Other: 6.1 ms]
      [Choose CSet: 0.0 ms]
      [Ref Proc: 5.2 ms]
      [Ref Enq: 0.0 ms]
      [Redirty Cards: 0.8 ms]
      [Humongous Register: 0.0 ms]
      [Humongous Reclaim: 0.0 ms]
      [Free CSet: 0.0 ms]
   [Eden: 8192.0K(8192.0K)->0.0B(6144.0K) Survivors: 2048.0K->2048.0K Heap: 49161.6K(65536.0K)->43642.6K(65536.0K)]
 [Times: user=0.11 sys=0.00, real=0.01 secs] 
2026-06-17T09:48:52.921+0800: 15.122: [GC concurrent-root-region-scan-start]
2026-06-17T09:48:52.922+0800: 15.123: [GC concurrent-root-region-scan-end, 0.0003041 secs]
2026-06-17T09:48:52.922+0800: 15.123: [GC concurrent-mark-start]
2026-06-17T09:48:52.922+0800: 15.123: [GC concurrent-mark-end, 0.0005674 secs]
2026-06-17T09:48:52.922+0800: 15.123: [GC remark 2026-06-17T09:48:52.923+0800: 15.124: [Finalize Marking, 0.0061707 secs] 2026-06-17T09:48:52.929+0800: 15.131: [GC ref-proc, 0.0005153 secs] 2026-06-17T09:48:52.930+0800: 15.132: [Unloading, 0.0015962 secs], 0.0108245 secs]
 [Times: user=0.05 sys=0.00, real=0.02 secs] 
2026-06-17T09:48:52.934+0800: 15.136: [GC cleanup 47107K->38915K(65536K), 0.0028561 secs]
 [Times: user=0.00 sys=0.00, real=0.00 secs] 
2026-06-17T09:48:52.938+0800: 15.140: [GC concurrent-cleanup-start]
2026-06-17T09:48:52.938+0800: 15.140: [GC concurrent-cleanup-end, 0.0000094 secs]
2026-06-17T09:48:52.939+0800: 15.140: [GC pause (G1 Evacuation Pause) (young), 0.0115197 secs]
   [Parallel Time: 7.0 ms, GC Workers: 18]
      [GC Worker Start (ms): Min: 15139.8, Avg: 15140.8, Max: 15145.8, Diff: 6.0]
      [Ext Root Scanning (ms): Min: 0.0, Avg: 0.0, Max: 0.1, Diff: 0.1, Sum: 0.4]
      [Update RS (ms): Min: 0.0, Avg: 0.0, Max: 0.0, Diff: 0.0, Sum: 0.0]
         [Processed Buffers: Min: 0, Avg: 0.2, Max: 1, Diff: 1, Sum: 4]
      [Scan RS (ms): Min: 0.0, Avg: 0.0, Max: 0.0, Diff: 0.0, Sum: 0.0]
      [Code Root Scanning (ms): Min: 0.0, Avg: 0.0, Max: 0.0, Diff: 0.0, Sum: 0.0]
      [Object Copy (ms): Min: 0.0, Avg: 0.0, Max: 0.1, Diff: 0.1, Sum: 0.3]
      [Termination (ms): Min: 0.0, Avg: 5.2, Max: 6.2, Diff: 6.2, Sum: 93.2]
         [Termination Attempts: Min: 1, Avg: 1.1, Max: 2, Diff: 1, Sum: 20]
      [GC Worker Other (ms): Min: 0.0, Avg: 0.0, Max: 0.0, Diff: 0.0, Sum: 0.1]
      [GC Worker Total (ms): Min: 0.0, Avg: 5.2, Max: 6.4, Diff: 6.4, Sum: 94.0]
      [GC Worker End (ms): Min: 15145.8, Avg: 15146.0, Max: 15146.3, Diff: 0.4]
   [Code Root Fixup: 0.0 ms]
   [Code Root Purge: 0.0 ms]
   [Clear CT: 0.9 ms]
   [Other: 3.6 ms]
      [Choose CSet: 0.0 ms]
      [Ref Proc: 3.0 ms]
      [Ref Enq: 0.0 ms]
      [Redirty Cards: 0.5 ms]
      [Humongous Register: 0.0 ms]
      [Humongous Reclaim: 0.0 ms]
      [Free CSet: 0.0 ms]
   [Eden: 6144.0K(6144.0K)->0.0B(2048.0K) Survivors: 2048.0K->1024.0K Heap: 41594.6K(65536.0K)->35660.7K(65536.0K)]
 [Times: user=0.12 sys=0.00, real=0.02 secs] 
2026-06-17T09:48:52.961+0800: 15.163: [GC pause (G1 Evacuation Pause) (mixed), 0.0109131 secs]
   [Parallel Time: 5.8 ms, GC Workers: 18]
      [GC Worker Start (ms): Min: 15162.7, Avg: 15163.9, Max: 15166.3, Diff: 3.6]
      [Ext Root Scanning (ms): Min: 0.0, Avg: 0.0, Max: 0.2, Diff: 0.2, Sum: 0.5]
      [Update RS (ms): Min: 0.0, Avg: 0.0, Max: 0.0, Diff: 0.0, Sum: 0.0]
         [Processed Buffers: Min: 0, Avg: 0.2, Max: 1, Diff: 1, Sum: 4]
      [Scan RS (ms): Min: 0.0, Avg: 0.0, Max: 0.0, Diff: 0.0, Sum: 0.0]
      [Code Root Scanning (ms): Min: 0.0, Avg: 0.0, Max: 0.0, Diff: 0.0, Sum: 0.0]
      [Object Copy (ms): Min: 0.0, Avg: 0.0, Max: 0.1, Diff: 0.1, Sum: 0.6]
      [Termination (ms): Min: 0.0, Avg: 2.7, Max: 4.0, Diff: 4.0, Sum: 48.4]
         [Termination Attempts: Min: 1, Avg: 1.0, Max: 1, Diff: 0, Sum: 18]
      [GC Worker Other (ms): Min: 0.0, Avg: 0.0, Max: 0.0, Diff: 0.0, Sum: 0.2]
      [GC Worker Total (ms): Min: 0.0, Avg: 2.8, Max: 4.2, Diff: 4.1, Sum: 49.7]
      [GC Worker End (ms): Min: 15166.4, Avg: 15166.6, Max: 15167.2, Diff: 0.8]
   [Code Root Fixup: 0.0 ms]
   [Code Root Purge: 0.0 ms]
   [Clear CT: 0.7 ms]
   [Other: 4.4 ms]
      [Choose CSet: 0.0 ms]
      [Ref Proc: 3.8 ms]
      [Ref Enq: 0.0 ms]
      [Redirty Cards: 0.6 ms]
      [Humongous Register: 0.0 ms]
      [Humongous Reclaim: 0.0 ms]
      [Free CSet: 0.0 ms]
   [Eden: 2048.0K(2048.0K)->0.0B(2048.0K) Survivors: 1024.0K->1024.0K Heap: 37708.7K(65536.0K)->32799.6K(65536.0K)]
 [Times: user=0.07 sys=0.01, real=0.02 secs] 
2026-06-17T09:48:52.974+0800: 15.175: [GC pause (G1 Evacuation Pause) (mixed), 0.0072773 secs]
   [Parallel Time: 2.2 ms, GC Workers: 18]
      [GC Worker Start (ms): Min: 15175.1, Avg: 15176.0, Max: 15176.6, Diff: 1.5]
      [Ext Root Scanning (ms): Min: 0.0, Avg: 0.0, Max: 0.1, Diff: 0.1, Sum: 0.3]
      [Update RS (ms): Min: 0.0, Avg: 0.0, Max: 0.0, Diff: 0.0, Sum: 0.0]
         [Processed Buffers: Min: 0, Avg: 0.3, Max: 2, Diff: 2, Sum: 6]
      [Scan RS (ms): Min: 0.0, Avg: 0.0, Max: 0.0, Diff: 0.0, Sum: 0.0]
      [Code Root Scanning (ms): Min: 0.0, Avg: 0.0, Max: 0.0, Diff: 0.0, Sum: 0.0]
      [Object Copy (ms): Min: 0.0, Avg: 0.0, Max: 0.3, Diff: 0.3, Sum: 0.9]
      [Termination (ms): Min: 0.0, Avg: 0.7, Max: 1.2, Diff: 1.2, Sum: 12.2]
         [Termination Attempts: Min: 1, Avg: 1.0, Max: 1, Diff: 0, Sum: 18]
      [GC Worker Other (ms): Min: 0.0, Avg: 0.0, Max: 0.0, Diff: 0.0, Sum: 0.1]
      [GC Worker Total (ms): Min: 0.0, Avg: 0.7, Max: 1.6, Diff: 1.6, Sum: 13.4]
      [GC Worker End (ms): Min: 15176.6, Avg: 15176.7, Max: 15176.8, Diff: 0.2]
   [Code Root Fixup: 0.0 ms]
   [Code Root Purge: 0.0 ms]
   [Clear CT: 1.3 ms]
   [Other: 3.8 ms]
      [Choose CSet: 0.0 ms]
      [Ref Proc: 3.1 ms]
      [Ref Enq: 0.0 ms]
      [Redirty Cards: 0.6 ms]
      [Humongous Register: 0.0 ms]
      [Humongous Reclaim: 0.0 ms]
      [Free CSet: 0.0 ms]
   [Eden: 2048.0K(2048.0K)->0.0B(2048.0K) Survivors: 1024.0K->1024.0K Heap: 34847.6K(65536.0K)->32238.6K(65536.0K)]
 [Times: user=0.05 sys=0.00, real=0.00 secs] 
2026-06-17T09:48:52.993+0800: 15.194: [GC pause (G1 Evacuation Pause) (mixed), 0.0143889 secs]
   [Parallel Time: 4.4 ms, GC Workers: 18]
      [GC Worker Start (ms): Min: 15193.8, Avg: 15195.0, Max: 15196.7, Diff: 2.9]
      [Ext Root Scanning (ms): Min: 0.0, Avg: 0.0, Max: 0.2, Diff: 0.2, Sum: 0.5]
      [Update RS (ms): Min: 0.0, Avg: 0.0, Max: 0.0, Diff: 0.0, Sum: 0.1]
         [Processed Buffers: Min: 0, Avg: 0.3, Max: 3, Diff: 3, Sum: 6]
      [Scan RS (ms): Min: 0.0, Avg: 0.0, Max: 0.0, Diff: 0.0, Sum: 0.0]
      [Code Root Scanning (ms): Min: 0.0, Avg: 0.0, Max: 0.0, Diff: 0.0, Sum: 0.0]
      [Object Copy (ms): Min: 0.0, Avg: 0.0, Max: 0.1, Diff: 0.1, Sum: 0.5]
      [Termination (ms): Min: 0.0, Avg: 1.9, Max: 2.8, Diff: 2.8, Sum: 33.9]
         [Termination Attempts: Min: 1, Avg: 1.0, Max: 1, Diff: 0, Sum: 18]
      [GC Worker Other (ms): Min: 0.0, Avg: 0.0, Max: 0.0, Diff: 0.0, Sum: 0.2]
      [GC Worker Total (ms): Min: 0.0, Avg: 1.9, Max: 3.0, Diff: 2.9, Sum: 35.1]
      [GC Worker End (ms): Min: 15196.7, Avg: 15196.9, Max: 15197.4, Diff: 0.7]
   [Code Root Fixup: 0.0 ms]
   [Code Root Purge: 0.0 ms]
   [Clear CT: 1.2 ms]
   [Other: 8.9 ms]
      [Choose CSet: 0.0 ms]
      [Ref Proc: 7.8 ms]
      [Ref Enq: 0.0 ms]
      [Redirty Cards: 1.0 ms]
      [Humongous Register: 0.0 ms]
      [Humongous Reclaim: 0.0 ms]
      [Free CSet: 0.0 ms]
   [Eden: 2048.0K(2048.0K)->0.0B(14336.0K) Survivors: 1024.0K->1024.0K Heap: 34286.6K(65536.0K)->33689.6K(65536.0K)]
 [Times: user=0.10 sys=0.01, real=0.01 secs] 
2026-06-17T09:48:53.040+0800: 15.242: [GC pause (G1 Evacuation Pause) (young), 0.0135668 secs]
   [Parallel Time: 5.3 ms, GC Workers: 18]
      [GC Worker Start (ms): Min: 15241.8, Avg: 15243.4, Max: 15244.9, Diff: 3.1]
      [Ext Root Scanning (ms): Min: 0.0, Avg: 0.1, Max: 0.4, Diff: 0.4, Sum: 1.2]
      [Update RS (ms): Min: 0.0, Avg: 0.0, Max: 0.1, Diff: 0.1, Sum: 0.1]
         [Processed Buffers: Min: 0, Avg: 0.2, Max: 1, Diff: 1, Sum: 4]
      [Scan RS (ms): Min: 0.0, Avg: 0.0, Max: 0.0, Diff: 0.0, Sum: 0.0]
      [Code Root Scanning (ms): Min: 0.0, Avg: 0.0, Max: 0.0, Diff: 0.0, Sum: 0.0]
      [Object Copy (ms): Min: 0.0, Avg: 0.1, Max: 0.3, Diff: 0.3, Sum: 1.6]
      [Termination (ms): Min: 0.0, Avg: 1.6, Max: 2.8, Diff: 2.8, Sum: 27.9]
         [Termination Attempts: Min: 1, Avg: 1.0, Max: 1, Diff: 0, Sum: 18]
      [GC Worker Other (ms): Min: 0.0, Avg: 0.0, Max: 0.0, Diff: 0.0, Sum: 0.2]
      [GC Worker Total (ms): Min: 0.0, Avg: 1.7, Max: 3.5, Diff: 3.5, Sum: 31.0]
      [GC Worker End (ms): Min: 15244.9, Avg: 15245.1, Max: 15245.5, Diff: 0.6]
   [Code Root Fixup: 0.0 ms]
   [Code Root Purge: 0.0 ms]
   [Clear CT: 2.5 ms]
   [Other: 5.8 ms]
      [Choose CSet: 0.0 ms]
      [Ref Proc: 4.5 ms]
      [Ref Enq: 0.0 ms]
      [Redirty Cards: 1.2 ms]
      [Humongous Register: 0.0 ms]
      [Humongous Reclaim: 0.0 ms]
      [Free CSet: 0.0 ms]
   [Eden: 14336.0K(14336.0K)->0.0B(10240.0K) Survivors: 1024.0K->2048.0K Heap: 48025.6K(65536.0K)->38818.6K(65536.0K)]
 [Times: user=0.07 sys=0.00, real=0.02 secs] 
2026-06-17T09:48:53.088+0800: 15.289: [GC pause (G1 Evacuation Pause) (young) (initial-mark), 0.0195844 secs]
   [Parallel Time: 11.3 ms, GC Workers: 18]
      [GC Worker Start (ms): Min: 15289.1, Avg: 15290.5, Max: 15291.6, Diff: 2.6]
      [Ext Root Scanning (ms): Min: 0.1, Avg: 3.5, Max: 7.9, Diff: 7.8, Sum: 62.2]
      [Update RS (ms): Min: 0.0, Avg: 0.0, Max: 0.0, Diff: 0.0, Sum: 0.1]
         [Processed Buffers: Min: 0, Avg: 0.2, Max: 3, Diff: 3, Sum: 3]
      [Scan RS (ms): Min: 0.0, Avg: 0.0, Max: 0.0, Diff: 0.0, Sum: 0.0]
      [Code Root Scanning (ms): Min: 0.0, Avg: 0.0, Max: 0.0, Diff: 0.0, Sum: 0.0]
      [Object Copy (ms): Min: 0.0, Avg: 0.0, Max: 0.3, Diff: 0.3, Sum: 0.8]
      [Termination (ms): Min: 0.0, Avg: 5.6, Max: 7.5, Diff: 7.5, Sum: 100.8]
         [Termination Attempts: Min: 1, Avg: 1.0, Max: 1, Diff: 0, Sum: 18]
      [GC Worker Other (ms): Min: 0.0, Avg: 0.0, Max: 0.0, Diff: 0.0, Sum: 0.2]
      [GC Worker Total (ms): Min: 7.9, Avg: 9.1, Max: 10.5, Diff: 2.5, Sum: 164.0]
      [GC Worker End (ms): Min: 15299.5, Avg: 15299.6, Max: 15299.7, Diff: 0.2]
   [Code Root Fixup: 0.0 ms]
   [Code Root Purge: 0.0 ms]
   [Clear CT: 1.9 ms]
   [Other: 6.3 ms]
      [Choose CSet: 0.0 ms]
      [Ref Proc: 5.4 ms]
      [Ref Enq: 0.0 ms]
      [Redirty Cards: 0.8 ms]
      [Humongous Register: 0.0 ms]
      [Humongous Reclaim: 0.0 ms]
      [Free CSet: 0.0 ms]
   [Eden: 10240.0K(10240.0K)->0.0B(8192.0K) Survivors: 2048.0K->2048.0K Heap: 49058.6K(65536.0K)->40582.6K(65536.0K)]
 [Times: user=0.15 sys=0.01, real=0.02 secs] 
2026-06-17T09:48:53.108+0800: 15.310: [GC concurrent-root-region-scan-start]
2026-06-17T09:48:53.109+0800: 15.310: [GC concurrent-root-region-scan-end, 0.0003782 secs]
2026-06-17T09:48:53.109+0800: 15.310: [GC concurrent-mark-start]
2026-06-17T09:48:53.109+0800: 15.310: [GC concurrent-mark-end, 0.0003381 secs]
2026-06-17T09:48:53.109+0800: 15.311: [GC remark 2026-06-17T09:48:53.110+0800: 15.311: [Finalize Marking, 0.0096217 secs] 2026-06-17T09:48:53.120+0800: 15.321: [GC ref-proc, 0.0005649 secs] 2026-06-17T09:48:53.121+0800: 15.322: [Unloading, 0.0016326 secs], 0.0148159 secs]
 [Times: user=0.10 sys=0.01, real=0.02 secs] 
2026-06-17T09:48:53.126+0800: 15.327: [GC cleanup 46380K->42284K(65536K), 0.0030593 secs]
 [Times: user=0.00 sys=0.00, real=0.00 secs] 
2026-06-17T09:48:53.130+0800: 15.331: [GC concurrent-cleanup-start]
2026-06-17T09:48:53.130+0800: 15.331: [GC concurrent-cleanup-end, 0.0000068 secs]
2026-06-17T09:48:53.130+0800: 15.332: [GC pause (G1 Evacuation Pause) (young), 0.0120782 secs]
   [Parallel Time: 7.9 ms, GC Workers: 18]
      [GC Worker Start (ms): Min: 15331.6, Avg: 15333.0, Max: 15338.4, Diff: 6.8]
      [Ext Root Scanning (ms): Min: 0.0, Avg: 0.0, Max: 0.1, Diff: 0.1, Sum: 0.4]
      [Update RS (ms): Min: 0.0, Avg: 0.0, Max: 0.0, Diff: 0.0, Sum: 0.0]
         [Processed Buffers: Min: 0, Avg: 0.2, Max: 2, Diff: 2, Sum: 4]
      [Scan RS (ms): Min: 0.0, Avg: 0.0, Max: 0.0, Diff: 0.0, Sum: 0.0]
      [Code Root Scanning (ms): Min: 0.0, Avg: 0.0, Max: 0.0, Diff: 0.0, Sum: 0.0]
      [Object Copy (ms): Min: 0.0, Avg: 0.0, Max: 0.1, Diff: 0.1, Sum: 0.4]
      [Termination (ms): Min: 0.0, Avg: 5.4, Max: 6.8, Diff: 6.8, Sum: 97.8]
         [Termination Attempts: Min: 1, Avg: 1.0, Max: 1, Diff: 0, Sum: 18]
      [GC Worker Other (ms): Min: 0.0, Avg: 0.0, Max: 0.0, Diff: 0.0, Sum: 0.1]
      [GC Worker Total (ms): Min: 0.0, Avg: 5.5, Max: 7.0, Diff: 7.0, Sum: 98.7]
      [GC Worker End (ms): Min: 15338.4, Avg: 15338.5, Max: 15338.7, Diff: 0.2]
   [Code Root Fixup: 0.0 ms]
   [Code Root Purge: 0.0 ms]
   [Clear CT: 0.8 ms]
   [Other: 3.4 ms]
      [Choose CSet: 0.0 ms]
      [Ref Proc: 2.9 ms]
      [Ref Enq: 0.0 ms]
      [Redirty Cards: 0.5 ms]
      [Humongous Register: 0.0 ms]
      [Humongous Reclaim: 0.0 ms]
      [Free CSet: 0.0 ms]
   [Eden: 8192.0K(8192.0K)->0.0B(1024.0K) Survivors: 2048.0K->2048.0K Heap: 45687.6K(65536.0K)->38606.7K(65536.0K)]
 [Times: user=0.12 sys=0.00, real=0.02 secs] 
2026-06-17T09:48:53.154+0800: 15.355: [GC pause (G1 Evacuation Pause) (mixed), 0.0137760 secs]
   [Parallel Time: 8.6 ms, GC Workers: 18]
      [GC Worker Start (ms): Min: 15355.1, Avg: 15356.6, Max: 15362.2, Diff: 7.1]
      [Ext Root Scanning (ms): Min: 0.0, Avg: 0.0, Max: 0.2, Diff: 0.2, Sum: 0.4]
      [Update RS (ms): Min: 0.0, Avg: 0.0, Max: 0.0, Diff: 0.0, Sum: 0.0]
         [Processed Buffers: Min: 0, Avg: 0.2, Max: 2, Diff: 2, Sum: 4]
      [Scan RS (ms): Min: 0.0, Avg: 0.0, Max: 0.0, Diff: 0.0, Sum: 0.0]
      [Code Root Scanning (ms): Min: 0.0, Avg: 0.0, Max: 0.0, Diff: 0.0, Sum: 0.0]
      [Object Copy (ms): Min: 0.0, Avg: 0.1, Max: 0.2, Diff: 0.2, Sum: 1.0]
      [Termination (ms): Min: 0.0, Avg: 5.6, Max: 6.9, Diff: 6.9, Sum: 100.2]
         [Termination Attempts: Min: 1, Avg: 1.0, Max: 1, Diff: 0, Sum: 18]
      [GC Worker Other (ms): Min: 0.0, Avg: 0.0, Max: 0.0, Diff: 0.0, Sum: 0.1]
      [GC Worker Total (ms): Min: 0.0, Avg: 5.7, Max: 7.2, Diff: 7.1, Sum: 101.8]
      [GC Worker End (ms): Min: 15362.2, Avg: 15362.3, Max: 15362.5, Diff: 0.4]
   [Code Root Fixup: 0.0 ms]
   [Code Root Purge: 0.0 ms]
   [Clear CT: 1.6 ms]
   [Other: 3.6 ms]
      [Choose CSet: 0.0 ms]
      [Ref Proc: 2.4 ms]
      [Ref Enq: 0.0 ms]
      [Redirty Cards: 1.2 ms]
      [Humongous Register: 0.0 ms]
      [Humongous Reclaim: 0.0 ms]
      [Free CSet: 0.0 ms]
   [Eden: 1024.0K(1024.0K)->0.0B(2048.0K) Survivors: 2048.0K->1024.0K Heap: 39630.7K(65536.0K)->36764.2K(65536.0K)]
 [Times: user=0.12 sys=0.00, real=0.01 secs] 
2026-06-17T09:48:53.169+0800: 15.370: [GC pause (G1 Evacuation Pause) (mixed), 0.0115608 secs]
   [Parallel Time: 3.4 ms, GC Workers: 18]
      [GC Worker Start (ms): Min: 15370.4, Avg: 15371.4, Max: 15372.6, Diff: 2.2]
      [Ext Root Scanning (ms): Min: 0.0, Avg: 0.0, Max: 0.1, Diff: 0.1, Sum: 0.3]
      [Update RS (ms): Min: 0.0, Avg: 0.0, Max: 0.0, Diff: 0.0, Sum: 0.0]
         [Processed Buffers: Min: 0, Avg: 0.3, Max: 4, Diff: 4, Sum: 6]
      [Scan RS (ms): Min: 0.0, Avg: 0.0, Max: 0.0, Diff: 0.0, Sum: 0.1]
      [Code Root Scanning (ms): Min: 0.0, Avg: 0.0, Max: 0.0, Diff: 0.0, Sum: 0.0]
      [Object Copy (ms): Min: 0.0, Avg: 0.1, Max: 0.3, Diff: 0.3, Sum: 1.1]
      [Termination (ms): Min: 0.0, Avg: 1.2, Max: 2.0, Diff: 2.0, Sum: 21.0]
         [Termination Attempts: Min: 1, Avg: 1.0, Max: 1, Diff: 0, Sum: 18]
      [GC Worker Other (ms): Min: 0.0, Avg: 0.0, Max: 0.0, Diff: 0.0, Sum: 0.1]
      [GC Worker Total (ms): Min: 0.0, Avg: 1.3, Max: 2.5, Diff: 2.5, Sum: 22.6]
      [GC Worker End (ms): Min: 15372.6, Avg: 15372.7, Max: 15372.9, Diff: 0.3]
   [Code Root Fixup: 0.0 ms]
   [Code Root Purge: 0.0 ms]
   [Clear CT: 1.0 ms]
   [Other: 7.2 ms]
      [Choose CSet: 0.0 ms]
      [Ref Proc: 6.6 ms]
      [Ref Enq: 0.0 ms]
      [Redirty Cards: 0.6 ms]
      [Humongous Register: 0.0 ms]
      [Humongous Reclaim: 0.0 ms]
      [Free CSet: 0.0 ms]
   [Eden: 2048.0K(2048.0K)->0.0B(11264.0K) Survivors: 1024.0K->1024.0K Heap: 38812.2K(65536.0K)->37667.6K(65536.0K)]
 [Times: user=0.10 sys=0.00, real=0.01 secs] 
2026-06-17T09:48:53.213+0800: 15.414: [GC pause (G1 Evacuation Pause) (young), 0.0125790 secs]
   [Parallel Time: 7.6 ms, GC Workers: 18]
      [GC Worker Start (ms): Min: 15414.3, Avg: 15415.8, Max: 15420.0, Diff: 5.7]
      [Ext Root Scanning (ms): Min: 0.0, Avg: 0.0, Max: 0.2, Diff: 0.2, Sum: 0.5]
      [Update RS (ms): Min: 0.0, Avg: 0.0, Max: 0.1, Diff: 0.1, Sum: 0.2]
         [Processed Buffers: Min: 0, Avg: 0.3, Max: 3, Diff: 3, Sum: 5]
      [Scan RS (ms): Min: 0.0, Avg: 0.0, Max: 0.0, Diff: 0.0, Sum: 0.0]
      [Code Root Scanning (ms): Min: 0.0, Avg: 0.0, Max: 0.0, Diff: 0.0, Sum: 0.0]
      [Object Copy (ms): Min: 0.0, Avg: 0.0, Max: 0.2, Diff: 0.2, Sum: 0.8]
      [Termination (ms): Min: 0.0, Avg: 4.3, Max: 5.9, Diff: 5.9, Sum: 77.3]
         [Termination Attempts: Min: 1, Avg: 1.0, Max: 1, Diff: 0, Sum: 18]
      [GC Worker Other (ms): Min: 0.0, Avg: 0.0, Max: 0.0, Diff: 0.0, Sum: 0.2]
      [GC Worker Total (ms): Min: 0.0, Avg: 4.4, Max: 6.1, Diff: 6.1, Sum: 79.0]
      [GC Worker End (ms): Min: 15420.0, Avg: 15420.2, Max: 15420.7, Diff: 0.7]
   [Code Root Fixup: 0.0 ms]
   [Code Root Purge: 0.0 ms]
   [Clear CT: 0.8 ms]
   [Other: 4.1 ms]
      [Choose CSet: 0.0 ms]
      [Ref Proc: 3.5 ms]
      [Ref Enq: 0.0 ms]
      [Redirty Cards: 0.5 ms]
      [Humongous Register: 0.0 ms]
      [Humongous Reclaim: 0.0 ms]
      [Free CSet: 0.0 ms]
   [Eden: 11264.0K(11264.0K)->0.0B(8192.0K) Survivors: 1024.0K->2048.0K Heap: 48931.6K(65536.0K)->42078.6K(65536.0K)]
 [Times: user=0.10 sys=0.00, real=0.01 secs] 
2026-06-17T09:48:53.248+0800: 15.449: [GC pause (G1 Evacuation Pause) (young) (initial-mark), 0.0187540 secs]
   [Parallel Time: 11.4 ms, GC Workers: 18]
      [GC Worker Start (ms): Min: 15449.5, Avg: 15450.4, Max: 15451.2, Diff: 1.7]
      [Ext Root Scanning (ms): Min: 0.0, Avg: 2.5, Max: 7.0, Diff: 7.0, Sum: 45.4]
      [Update RS (ms): Min: 0.0, Avg: 0.0, Max: 0.0, Diff: 0.0, Sum: 0.1]
         [Processed Buffers: Min: 0, Avg: 0.2, Max: 3, Diff: 3, Sum: 3]
      [Scan RS (ms): Min: 0.0, Avg: 0.0, Max: 0.0, Diff: 0.0, Sum: 0.0]
      [Code Root Scanning (ms): Min: 0.0, Avg: 0.0, Max: 0.0, Diff: 0.0, Sum: 0.0]
      [Object Copy (ms): Min: 0.0, Avg: 0.0, Max: 0.4, Diff: 0.4, Sum: 0.8]
      [Termination (ms): Min: 0.0, Avg: 5.4, Max: 7.1, Diff: 7.1, Sum: 97.8]
         [Termination Attempts: Min: 1, Avg: 1.2, Max: 3, Diff: 2, Sum: 21]
      [GC Worker Other (ms): Min: 0.0, Avg: 0.0, Max: 0.0, Diff: 0.0, Sum: 0.2]
      [GC Worker Total (ms): Min: 7.1, Avg: 8.0, Max: 9.2, Diff: 2.2, Sum: 144.3]
      [GC Worker End (ms): Min: 15458.2, Avg: 15458.4, Max: 15459.1, Diff: 0.9]
   [Code Root Fixup: 0.0 ms]
   [Code Root Purge: 0.0 ms]
   [Clear CT: 1.8 ms]
   [Other: 5.5 ms]
      [Choose CSet: 0.0 ms]
      [Ref Proc: 4.6 ms]
      [Ref Enq: 0.0 ms]
      [Redirty Cards: 0.8 ms]
      [Humongous Register: 0.0 ms]
      [Humongous Reclaim: 0.0 ms]
      [Free CSet: 0.0 ms]
   [Eden: 8192.0K(8192.0K)->0.0B(6144.0K) Survivors: 2048.0K->2048.0K Heap: 50270.6K(65536.0K)->43934.1K(65536.0K)]
 [Times: user=0.13 sys=0.01, real=0.02 secs] 
2026-06-17T09:48:53.268+0800: 15.469: [GC concurrent-root-region-scan-start]
2026-06-17T09:48:53.268+0800: 15.469: [GC concurrent-root-region-scan-end, 0.0002782 secs]
2026-06-17T09:48:53.268+0800: 15.469: [GC concurrent-mark-start]
2026-06-17T09:48:53.268+0800: 15.470: [GC concurrent-mark-end, 0.0004445 secs]
2026-06-17T09:48:53.268+0800: 15.470: [GC remark 2026-06-17T09:48:53.269+0800: 15.470: [Finalize Marking, 0.0033099 secs] 2026-06-17T09:48:53.273+0800: 15.474: [GC ref-proc, 0.0006157 secs] 2026-06-17T09:48:53.274+0800: 15.475: [Unloading, 0.0018624 secs], 0.0080521 secs]
 [Times: user=0.02 sys=0.00, real=0.01 secs] 
2026-06-17T09:48:53.278+0800: 15.479: [GC cleanup 47670K->41643K(65536K), 0.0027230 secs]
 [Times: user=0.00 sys=0.00, real=0.00 secs] 
2026-06-17T09:48:53.282+0800: 15.483: [GC concurrent-cleanup-start]
2026-06-17T09:48:53.282+0800: 15.483: [GC concurrent-cleanup-end, 0.0000077 secs]
2026-06-17T09:48:53.282+0800: 15.483: [GC pause (G1 Evacuation Pause) (young), 0.0107149 secs]
   [Parallel Time: 6.7 ms, GC Workers: 18]
      [GC Worker Start (ms): Min: 15483.0, Avg: 15484.1, Max: 15488.8, Diff: 5.7]
      [Ext Root Scanning (ms): Min: 0.0, Avg: 0.0, Max: 0.1, Diff: 0.1, Sum: 0.3]
      [Update RS (ms): Min: 0.0, Avg: 0.0, Max: 0.0, Diff: 0.0, Sum: 0.0]
         [Processed Buffers: Min: 0, Avg: 0.1, Max: 1, Diff: 1, Sum: 2]
      [Scan RS (ms): Min: 0.0, Avg: 0.0, Max: 0.0, Diff: 0.0, Sum: 0.0]
      [Code Root Scanning (ms): Min: 0.0, Avg: 0.0, Max: 0.0, Diff: 0.0, Sum: 0.0]
      [Object Copy (ms): Min: 0.0, Avg: 0.0, Max: 0.1, Diff: 0.1, Sum: 0.5]
      [Termination (ms): Min: 0.0, Avg: 4.7, Max: 5.8, Diff: 5.8, Sum: 85.1]
         [Termination Attempts: Min: 1, Avg: 1.0, Max: 1, Diff: 0, Sum: 18]
      [GC Worker Other (ms): Min: 0.0, Avg: 0.0, Max: 0.0, Diff: 0.0, Sum: 0.1]
      [GC Worker Total (ms): Min: 0.0, Avg: 4.8, Max: 6.0, Diff: 6.0, Sum: 86.1]
      [GC Worker End (ms): Min: 15488.8, Avg: 15488.9, Max: 15489.1, Diff: 0.3]
   [Code Root Fixup: 0.0 ms]
   [Code Root Purge: 0.0 ms]
   [Clear CT: 0.8 ms]
   [Other: 3.3 ms]
      [Choose CSet: 0.0 ms]
      [Ref Proc: 2.6 ms]
      [Ref Enq: 0.0 ms]
      [Redirty Cards: 0.6 ms]
      [Humongous Register: 0.0 ms]
      [Humongous Reclaim: 0.0 ms]
      [Free CSet: 0.0 ms]
   [Eden: 6144.0K(6144.0K)->0.0B(2048.0K) Survivors: 2048.0K->1024.0K Heap: 44051.6K(65536.0K)->40315.6K(65536.0K)]
 [Times: user=0.10 sys=0.01, real=0.02 secs] 
2026-06-17T09:48:53.304+0800: 15.505: [GC pause (G1 Evacuation Pause) (mixed), 0.0121014 secs]
   [Parallel Time: 7.5 ms, GC Workers: 18]
      [GC Worker Start (ms): Min: 15505.2, Avg: 15506.5, Max: 15511.0, Diff: 5.8]
      [Ext Root Scanning (ms): Min: 0.0, Avg: 0.0, Max: 0.2, Diff: 0.2, Sum: 0.5]
      [Update RS (ms): Min: 0.0, Avg: 0.0, Max: 0.0, Diff: 0.0, Sum: 0.0]
         [Processed Buffers: Min: 0, Avg: 0.1, Max: 1, Diff: 1, Sum: 2]
      [Scan RS (ms): Min: 0.0, Avg: 0.0, Max: 0.0, Diff: 0.0, Sum: 0.0]
      [Code Root Scanning (ms): Min: 0.0, Avg: 0.0, Max: 0.0, Diff: 0.0, Sum: 0.0]
      [Object Copy (ms): Min: 0.0, Avg: 0.0, Max: 0.2, Diff: 0.2, Sum: 0.6]
      [Termination (ms): Min: 0.0, Avg: 4.7, Max: 6.0, Diff: 6.0, Sum: 84.6]
         [Termination Attempts: Min: 1, Avg: 1.0, Max: 1, Diff: 0, Sum: 18]
      [GC Worker Other (ms): Min: 0.0, Avg: 0.0, Max: 0.0, Diff: 0.0, Sum: 0.2]
      [GC Worker Total (ms): Min: 0.1, Avg: 4.8, Max: 6.2, Diff: 6.2, Sum: 86.0]
      [GC Worker End (ms): Min: 15511.1, Avg: 15511.3, Max: 15511.8, Diff: 0.7]
   [Code Root Fixup: 0.0 ms]
   [Code Root Purge: 0.0 ms]
   [Clear CT: 0.9 ms]
   [Other: 3.7 ms]
      [Choose CSet: 0.0 ms]
      [Ref Proc: 3.1 ms]
      [Ref Enq: 0.0 ms]
      [Redirty Cards: 0.5 ms]
      [Humongous Register: 0.0 ms]
      [Humongous Reclaim: 0.0 ms]
      [Free CSet: 0.0 ms]
   [Eden: 2048.0K(2048.0K)->0.0B(2048.0K) Survivors: 1024.0K->1024.0K Heap: 42363.6K(65536.0K)->36656.6K(65536.0K)]
 [Times: user=0.11 sys=0.00, real=0.01 secs] 
2026-06-17T09:48:53.317+0800: 15.519: [GC pause (G1 Evacuation Pause) (mixed), 0.0072166 secs]
   [Parallel Time: 2.8 ms, GC Workers: 18]
      [GC Worker Start (ms): Min: 15518.5, Avg: 15519.3, Max: 15520.1, Diff: 1.6]
      [Ext Root Scanning (ms): Min: 0.0, Avg: 0.0, Max: 0.1, Diff: 0.1, Sum: 0.3]
      [Update RS (ms): Min: 0.0, Avg: 0.0, Max: 0.0, Diff: 0.0, Sum: 0.0]
         [Processed Buffers: Min: 0, Avg: 0.2, Max: 2, Diff: 2, Sum: 4]
      [Scan RS (ms): Min: 0.0, Avg: 0.0, Max: 0.0, Diff: 0.0, Sum: 0.0]
      [Code Root Scanning (ms): Min: 0.0, Avg: 0.0, Max: 0.0, Diff: 0.0, Sum: 0.0]
      [Object Copy (ms): Min: 0.0, Avg: 0.1, Max: 0.2, Diff: 0.2, Sum: 1.0]
      [Termination (ms): Min: 0.0, Avg: 0.9, Max: 1.5, Diff: 1.5, Sum: 15.4]
         [Termination Attempts: Min: 1, Avg: 1.0, Max: 1, Diff: 0, Sum: 18]
      [GC Worker Other (ms): Min: 0.0, Avg: 0.0, Max: 0.0, Diff: 0.0, Sum: 0.1]
      [GC Worker Total (ms): Min: 0.0, Avg: 0.9, Max: 1.8, Diff: 1.7, Sum: 16.9]
      [GC Worker End (ms): Min: 15520.1, Avg: 15520.3, Max: 15520.7, Diff: 0.5]
   [Code Root Fixup: 0.0 ms]
   [Code Root Purge: 0.0 ms]
   [Clear CT: 0.7 ms]
   [Other: 3.7 ms]
      [Choose CSet: 0.0 ms]
      [Ref Proc: 3.2 ms]
      [Ref Enq: 0.0 ms]
      [Redirty Cards: 0.5 ms]
      [Humongous Register: 0.0 ms]
      [Humongous Reclaim: 0.0 ms]
      [Free CSet: 0.0 ms]
   [Eden: 2048.0K(2048.0K)->0.0B(2048.0K) Survivors: 1024.0K->1024.0K Heap: 38704.6K(65536.0K)->34682.6K(65536.0K)]
 [Times: user=0.03 sys=0.02, real=0.01 secs] 
2026-06-17T09:48:53.336+0800: 15.537: [GC pause (G1 Evacuation Pause) (mixed), 0.0123585 secs]
   [Parallel Time: 6.2 ms, GC Workers: 18]
      [GC Worker Start (ms): Min: 15537.1, Avg: 15538.6, Max: 15541.5, Diff: 4.4]
      [Ext Root Scanning (ms): Min: 0.0, Avg: 0.0, Max: 0.2, Diff: 0.2, Sum: 0.5]
      [Update RS (ms): Min: 0.0, Avg: 0.0, Max: 0.0, Diff: 0.0, Sum: 0.1]
         [Processed Buffers: Min: 0, Avg: 0.3, Max: 3, Diff: 3, Sum: 5]
      [Scan RS (ms): Min: 0.0, Avg: 0.0, Max: 0.0, Diff: 0.0, Sum: 0.1]
      [Code Root Scanning (ms): Min: 0.0, Avg: 0.0, Max: 0.0, Diff: 0.0, Sum: 0.0]
      [Object Copy (ms): Min: 0.0, Avg: 0.0, Max: 0.1, Diff: 0.1, Sum: 0.5]
      [Termination (ms): Min: 0.0, Avg: 3.1, Max: 4.6, Diff: 4.6, Sum: 55.2]
         [Termination Attempts: Min: 1, Avg: 1.0, Max: 1, Diff: 0, Sum: 18]
      [GC Worker Other (ms): Min: 0.0, Avg: 0.0, Max: 0.0, Diff: 0.0, Sum: 0.2]
      [GC Worker Total (ms): Min: 0.0, Avg: 3.1, Max: 4.7, Diff: 4.7, Sum: 56.5]
      [GC Worker End (ms): Min: 15541.5, Avg: 15541.7, Max: 15542.2, Diff: 0.7]
   [Code Root Fixup: 0.0 ms]
   [Code Root Purge: 0.0 ms]
   [Clear CT: 1.5 ms]
   [Other: 4.7 ms]
      [Choose CSet: 0.0 ms]
      [Ref Proc: 3.7 ms]
      [Ref Enq: 0.0 ms]
      [Redirty Cards: 0.9 ms]
      [Humongous Register: 0.0 ms]
      [Humongous Reclaim: 0.0 ms]
      [Free CSet: 0.0 ms]
   [Eden: 2048.0K(2048.0K)->0.0B(13312.0K) Survivors: 1024.0K->1024.0K Heap: 36730.6K(65536.0K)->35956.1K(65536.0K)]
 [Times: user=0.08 sys=0.00, real=0.01 secs] 
2026-06-17T09:48:53.381+0800: 15.582: [GC pause (G1 Evacuation Pause) (young), 0.0342647 secs]
   [Parallel Time: 26.7 ms, GC Workers: 18]
      [GC Worker Start (ms): Min: 15582.8, Avg: 15593.5, Max: 15608.3, Diff: 25.5]
      [Ext Root Scanning (ms): Min: 0.0, Avg: 0.1, Max: 0.6, Diff: 0.6, Sum: 1.2]
      [Update RS (ms): Min: 0.0, Avg: 0.0, Max: 0.3, Diff: 0.3, Sum: 0.4]
         [Processed Buffers: Min: 0, Avg: 0.2, Max: 2, Diff: 2, Sum: 4]
      [Scan RS (ms): Min: 0.0, Avg: 0.0, Max: 0.0, Diff: 0.0, Sum: 0.0]
      [Code Root Scanning (ms): Min: 0.0, Avg: 0.0, Max: 0.0, Diff: 0.0, Sum: 0.0]
      [Object Copy (ms): Min: 0.0, Avg: 0.1, Max: 0.5, Diff: 0.5, Sum: 1.8]
      [Termination (ms): Min: 0.0, Avg: 14.7, Max: 24.6, Diff: 24.6, Sum: 263.9]
         [Termination Attempts: Min: 1, Avg: 1.0, Max: 1, Diff: 0, Sum: 18]
      [GC Worker Other (ms): Min: 0.0, Avg: 0.0, Max: 0.0, Diff: 0.0, Sum: 0.1]
      [GC Worker Total (ms): Min: 0.0, Avg: 14.9, Max: 25.6, Diff: 25.6, Sum: 267.5]
      [GC Worker End (ms): Min: 15608.3, Avg: 15608.4, Max: 15608.6, Diff: 0.3]
   [Code Root Fixup: 0.0 ms]
   [Code Root Purge: 0.0 ms]
   [Clear CT: 0.7 ms]
   [Other: 6.8 ms]
      [Choose CSet: 0.0 ms]
      [Ref Proc: 6.2 ms]
      [Ref Enq: 0.0 ms]
      [Redirty Cards: 0.5 ms]
      [Humongous Register: 0.0 ms]
      [Humongous Reclaim: 0.0 ms]
      [Free CSet: 0.0 ms]
   [Eden: 13312.0K(13312.0K)->0.0B(9216.0K) Survivors: 1024.0K->2048.0K Heap: 49268.1K(65536.0K)->39828.6K(65536.0K)]
 [Times: user=0.34 sys=0.00, real=0.04 secs] 
2026-06-17T09:48:53.437+0800: 15.639: [GC pause (G1 Evacuation Pause) (young) (initial-mark), 0.0168120 secs]
   [Parallel Time: 11.7 ms, GC Workers: 18]
      [GC Worker Start (ms): Min: 15638.9, Avg: 15639.4, Max: 15639.7, Diff: 0.9]
      [Ext Root Scanning (ms): Min: 0.0, Avg: 2.8, Max: 8.5, Diff: 8.5, Sum: 51.3]
      [Update RS (ms): Min: 0.0, Avg: 0.0, Max: 0.0, Diff: 0.0, Sum: 0.0]
         [Processed Buffers: Min: 0, Avg: 0.1, Max: 2, Diff: 2, Sum: 2]
      [Scan RS (ms): Min: 0.0, Avg: 0.0, Max: 0.0, Diff: 0.0, Sum: 0.0]
      [Code Root Scanning (ms): Min: 0.0, Avg: 0.0, Max: 0.0, Diff: 0.0, Sum: 0.0]
      [Object Copy (ms): Min: 0.0, Avg: 0.0, Max: 0.3, Diff: 0.3, Sum: 0.8]
      [Termination (ms): Min: 0.0, Avg: 6.2, Max: 8.6, Diff: 8.6, Sum: 112.4]
         [Termination Attempts: Min: 1, Avg: 1.2, Max: 2, Diff: 1, Sum: 21]
      [GC Worker Other (ms): Min: 0.0, Avg: 0.0, Max: 0.0, Diff: 0.0, Sum: 0.2]
      [GC Worker Total (ms): Min: 8.5, Avg: 9.2, Max: 9.7, Diff: 1.2, Sum: 164.7]
      [GC Worker End (ms): Min: 15648.3, Avg: 15648.5, Max: 15649.3, Diff: 1.0]
   [Code Root Fixup: 0.0 ms]
   [Code Root Purge: 0.0 ms]
   [Clear CT: 0.7 ms]
   [Other: 4.4 ms]
      [Choose CSet: 0.0 ms]
      [Ref Proc: 3.6 ms]
      [Ref Enq: 0.0 ms]
      [Redirty Cards: 0.7 ms]
      [Humongous Register: 0.0 ms]
      [Humongous Reclaim: 0.0 ms]
      [Free CSet: 0.0 ms]
   [Eden: 9216.0K(9216.0K)->0.0B(6144.0K) Survivors: 2048.0K->2048.0K Heap: 49044.6K(65536.0K)->43319.6K(65536.0K)]
 [Times: user=0.13 sys=0.01, real=0.02 secs] 
2026-06-17T09:48:53.456+0800: 15.657: [GC concurrent-root-region-scan-start]
2026-06-17T09:48:53.456+0800: 15.657: [GC concurrent-root-region-scan-end, 0.0002536 secs]
2026-06-17T09:48:53.456+0800: 15.657: [GC concurrent-mark-start]
2026-06-17T09:48:53.456+0800: 15.658: [GC concurrent-mark-end, 0.0005730 secs]
2026-06-17T09:48:53.457+0800: 15.658: [GC remark 2026-06-17T09:48:53.457+0800: 15.658: [Finalize Marking, 0.0120021 secs] 2026-06-17T09:48:53.470+0800: 15.671: [GC ref-proc, 0.0007543 secs] 2026-06-17T09:48:53.472+0800: 15.673: [Unloading, 0.0016565 secs], 0.0180588 secs]
 [Times: user=0.15 sys=0.01, real=0.02 secs] 
2026-06-17T09:48:53.476+0800: 15.677: [GC cleanup 46213K->44165K(65536K), 0.0028218 secs]
 [Times: user=0.00 sys=0.00, real=0.00 secs] 
2026-06-17T09:48:53.480+0800: 15.681: [GC concurrent-cleanup-start]
2026-06-17T09:48:53.480+0800: 15.681: [GC concurrent-cleanup-end, 0.0000064 secs]
2026-06-17T09:48:53.480+0800: 15.681: [GC pause (G1 Evacuation Pause) (young), 0.0130214 secs]
   [Parallel Time: 9.1 ms, GC Workers: 18]
      [GC Worker Start (ms): Min: 15681.4, Avg: 15683.6, Max: 15689.4, Diff: 8.1]
      [Ext Root Scanning (ms): Min: 0.0, Avg: 0.0, Max: 0.1, Diff: 0.1, Sum: 0.3]
      [Update RS (ms): Min: 0.0, Avg: 0.0, Max: 0.0, Diff: 0.0, Sum: 0.0]
         [Processed Buffers: Min: 0, Avg: 0.2, Max: 2, Diff: 2, Sum: 3]
      [Scan RS (ms): Min: 0.0, Avg: 0.0, Max: 0.0, Diff: 0.0, Sum: 0.0]
      [Code Root Scanning (ms): Min: 0.0, Avg: 0.0, Max: 0.0, Diff: 0.0, Sum: 0.0]
      [Object Copy (ms): Min: 0.0, Avg: 0.0, Max: 0.2, Diff: 0.2, Sum: 0.6]
      [Termination (ms): Min: 0.0, Avg: 6.0, Max: 8.0, Diff: 8.0, Sum: 107.6]
         [Termination Attempts: Min: 1, Avg: 1.0, Max: 1, Diff: 0, Sum: 18]
      [GC Worker Other (ms): Min: 0.0, Avg: 0.0, Max: 0.0, Diff: 0.0, Sum: 0.1]
      [GC Worker Total (ms): Min: 0.0, Avg: 6.0, Max: 8.2, Diff: 8.2, Sum: 108.7]
      [GC Worker End (ms): Min: 15689.5, Avg: 15689.6, Max: 15689.8, Diff: 0.4]
   [Code Root Fixup: 0.0 ms]
   [Code Root Purge: 0.0 ms]
   [Clear CT: 1.0 ms]
   [Other: 2.9 ms]
      [Choose CSet: 0.0 ms]
      [Ref Proc: 2.1 ms]
      [Ref Enq: 0.0 ms]
      [Redirty Cards: 0.8 ms]
      [Humongous Register: 0.0 ms]
      [Humongous Reclaim: 0.0 ms]
      [Free CSet: 0.0 ms]
   [Eden: 6144.0K(6144.0K)->0.0B(2048.0K) Survivors: 2048.0K->1024.0K Heap: 47415.6K(65536.0K)->43899.6K(65536.0K)]
 [Times: user=0.12 sys=0.00, real=0.02 secs] 
2026-06-17T09:48:53.504+0800: 15.706: [GC pause (G1 Evacuation Pause) (mixed), 0.0130741 secs]
   [Parallel Time: 8.7 ms, GC Workers: 18]
      [GC Worker Start (ms): Min: 15705.7, Avg: 15708.1, Max: 15713.2, Diff: 7.5]
      [Ext Root Scanning (ms): Min: 0.0, Avg: 0.0, Max: 0.2, Diff: 0.2, Sum: 0.4]
      [Update RS (ms): Min: 0.0, Avg: 0.0, Max: 0.0, Diff: 0.0, Sum: 0.0]
         [Processed Buffers: Min: 0, Avg: 0.2, Max: 2, Diff: 2, Sum: 3]
      [Scan RS (ms): Min: 0.0, Avg: 0.0, Max: 0.0, Diff: 0.0, Sum: 0.0]
      [Code Root Scanning (ms): Min: 0.0, Avg: 0.0, Max: 0.0, Diff: 0.0, Sum: 0.0]
      [Object Copy (ms): Min: 0.0, Avg: 0.0, Max: 0.2, Diff: 0.2, Sum: 0.8]
      [Termination (ms): Min: 0.0, Avg: 5.3, Max: 7.8, Diff: 7.8, Sum: 95.0]
         [Termination Attempts: Min: 1, Avg: 1.0, Max: 1, Diff: 0, Sum: 18]
      [GC Worker Other (ms): Min: 0.0, Avg: 0.0, Max: 0.0, Diff: 0.0, Sum: 0.2]
      [GC Worker Total (ms): Min: 0.0, Avg: 5.4, Max: 8.0, Diff: 7.9, Sum: 96.5]
      [GC Worker End (ms): Min: 15713.2, Avg: 15713.4, Max: 15713.9, Diff: 0.7]
   [Code Root Fixup: 0.0 ms]
   [Code Root Purge: 0.0 ms]
   [Clear CT: 1.1 ms]
   [Other: 3.3 ms]
      [Choose CSet: 0.0 ms]
      [Ref Proc: 2.8 ms]
      [Ref Enq: 0.0 ms]
      [Redirty Cards: 0.5 ms]
      [Humongous Register: 0.0 ms]
      [Humongous Reclaim: 0.0 ms]
      [Free CSet: 0.0 ms]
   [Eden: 2048.0K(2048.0K)->0.0B(2048.0K) Survivors: 1024.0K->1024.0K Heap: 45947.6K(65536.0K)->42092.6K(65536.0K)]
 [Times: user=0.12 sys=0.00, real=0.01 secs] 
2026-06-17T09:48:53.519+0800: 15.720: [GC pause (G1 Evacuation Pause) (mixed), 0.0132446 secs]
   [Parallel Time: 5.8 ms, GC Workers: 18]
      [GC Worker Start (ms): Min: 15719.9, Avg: 15721.1, Max: 15724.6, Diff: 4.7]
      [Ext Root Scanning (ms): Min: 0.0, Avg: 0.0, Max: 0.1, Diff: 0.1, Sum: 0.3]
      [Update RS (ms): Min: 0.0, Avg: 0.0, Max: 0.0, Diff: 0.0, Sum: 0.0]
         [Processed Buffers: Min: 0, Avg: 0.3, Max: 2, Diff: 2, Sum: 5]
      [Scan RS (ms): Min: 0.0, Avg: 0.0, Max: 0.0, Diff: 0.0, Sum: 0.1]
      [Code Root Scanning (ms): Min: 0.0, Avg: 0.0, Max: 0.0, Diff: 0.0, Sum: 0.0]
      [Object Copy (ms): Min: 0.0, Avg: 0.0, Max: 0.2, Diff: 0.2, Sum: 0.8]
      [Termination (ms): Min: 0.0, Avg: 3.5, Max: 4.6, Diff: 4.6, Sum: 63.5]
         [Termination Attempts: Min: 1, Avg: 1.0, Max: 1, Diff: 0, Sum: 18]
      [GC Worker Other (ms): Min: 0.0, Avg: 0.0, Max: 0.0, Diff: 0.0, Sum: 0.1]
      [GC Worker Total (ms): Min: 0.0, Avg: 3.6, Max: 4.9, Diff: 4.9, Sum: 64.9]
      [GC Worker End (ms): Min: 15724.6, Avg: 15724.7, Max: 15725.0, Diff: 0.4]
   [Code Root Fixup: 0.0 ms]
   [Code Root Purge: 0.0 ms]
   [Clear CT: 1.3 ms]
   [Other: 6.1 ms]
      [Choose CSet: 0.0 ms]
      [Ref Proc: 5.6 ms]
      [Ref Enq: 0.0 ms]
      [Redirty Cards: 0.5 ms]
      [Humongous Register: 0.0 ms]
      [Humongous Reclaim: 0.0 ms]
      [Free CSet: 0.0 ms]
   [Eden: 2048.0K(2048.0K)->0.0B(6144.0K) Survivors: 1024.0K->1024.0K Heap: 44140.6K(65536.0K)->42209.6K(65536.0K)]
 [Times: user=0.13 sys=0.01, real=0.02 secs] 
2026-06-17T09:48:53.533+0800: 15.734: [GC pause (G1 Humongous Allocation) (young) (initial-mark), 0.0101387 secs]
   [Parallel Time: 5.9 ms, GC Workers: 18]
      [GC Worker Start (ms): Min: 15734.3, Avg: 15734.6, Max: 15734.7, Diff: 0.4]
      [Ext Root Scanning (ms): Min: 0.0, Avg: 1.3, Max: 4.7, Diff: 4.7, Sum: 22.8]
      [Update RS (ms): Min: 0.0, Avg: 0.0, Max: 0.1, Diff: 0.1, Sum: 0.1]
         [Processed Buffers: Min: 0, Avg: 0.3, Max: 4, Diff: 4, Sum: 5]
      [Scan RS (ms): Min: 0.0, Avg: 0.0, Max: 0.0, Diff: 0.0, Sum: 0.0]
      [Code Root Scanning (ms): Min: 0.0, Avg: 0.0, Max: 0.0, Diff: 0.0, Sum: 0.0]
      [Object Copy (ms): Min: 0.0, Avg: 0.0, Max: 0.1, Diff: 0.1, Sum: 0.2]
      [Termination (ms): Min: 0.0, Avg: 3.7, Max: 4.7, Diff: 4.7, Sum: 66.1]
         [Termination Attempts: Min: 1, Avg: 1.0, Max: 1, Diff: 0, Sum: 18]
      [GC Worker Other (ms): Min: 0.0, Avg: 0.0, Max: 0.0, Diff: 0.0, Sum: 0.1]
      [GC Worker Total (ms): Min: 4.7, Avg: 5.0, Max: 5.3, Diff: 0.6, Sum: 89.3]
      [GC Worker End (ms): Min: 15739.4, Avg: 15739.5, Max: 15739.8, Diff: 0.4]
   [Code Root Fixup: 0.0 ms]
   [Code Root Purge: 0.0 ms]
   [Clear CT: 1.0 ms]
   [Other: 3.2 ms]
      [Choose CSet: 0.0 ms]
      [Ref Proc: 2.4 ms]
      [Ref Enq: 0.0 ms]
      [Redirty Cards: 0.8 ms]
      [Humongous Register: 0.0 ms]
      [Humongous Reclaim: 0.0 ms]
      [Free CSet: 0.0 ms]
   [Eden: 1024.0K(6144.0K)->0.0B(5120.0K) Survivors: 1024.0K->1024.0K Heap: 43049.2K(65536.0K)->43061.0K(65536.0K)]
 [Times: user=0.08 sys=0.01, real=0.01 secs] 
2026-06-17T09:48:53.544+0800: 15.746: [GC concurrent-root-region-scan-start]
2026-06-17T09:48:53.544+0800: 15.746: [GC concurrent-root-region-scan-end, 0.0001819 secs]
2026-06-17T09:48:53.544+0800: 15.746: [GC concurrent-mark-start]
2026-06-17T09:48:53.545+0800: 15.746: [GC concurrent-mark-end, 0.0005002 secs]
2026-06-17T09:48:53.545+0800: 15.746: [GC remark 2026-06-17T09:48:53.546+0800: 15.747: [Finalize Marking, 0.0031223 secs] 2026-06-17T09:48:53.549+0800: 15.751: [GC ref-proc, 0.0007531 secs] 2026-06-17T09:48:53.551+0800: 15.752: [Unloading, 0.0014906 secs], 0.0081080 secs]
 [Times: user=0.02 sys=0.00, real=0.01 secs] 
2026-06-17T09:48:53.554+0800: 15.755: [GC cleanup 44316K->42157K(65536K), 0.0026870 secs]
 [Times: user=0.00 sys=0.00, real=0.00 secs] 
2026-06-17T09:48:53.558+0800: 15.759: [GC concurrent-cleanup-start]
2026-06-17T09:48:53.558+0800: 15.759: [GC concurrent-cleanup-end, 0.0000078 secs]
2026-06-17T09:48:53.568+0800: 15.770: [GC pause (G1 Evacuation Pause) (young), 0.0142600 secs]
   [Parallel Time: 9.2 ms, GC Workers: 18]
      [GC Worker Start (ms): Min: 15769.8, Avg: 15771.5, Max: 15776.9, Diff: 7.2]
      [Ext Root Scanning (ms): Min: 0.0, Avg: 0.0, Max: 0.1, Diff: 0.1, Sum: 0.4]
      [Update RS (ms): Min: 0.0, Avg: 0.0, Max: 0.0, Diff: 0.0, Sum: 0.0]
         [Processed Buffers: Min: 0, Avg: 0.2, Max: 2, Diff: 2, Sum: 3]
      [Scan RS (ms): Min: 0.0, Avg: 0.0, Max: 0.0, Diff: 0.0, Sum: 0.0]
      [Code Root Scanning (ms): Min: 0.0, Avg: 0.0, Max: 0.0, Diff: 0.0, Sum: 0.0]
      [Object Copy (ms): Min: 0.0, Avg: 0.0, Max: 0.1, Diff: 0.1, Sum: 0.2]
      [Termination (ms): Min: 0.0, Avg: 5.6, Max: 7.4, Diff: 7.4, Sum: 101.1]
         [Termination Attempts: Min: 1, Avg: 1.0, Max: 1, Diff: 0, Sum: 18]
      [GC Worker Other (ms): Min: 0.0, Avg: 0.0, Max: 0.0, Diff: 0.0, Sum: 0.2]
      [GC Worker Total (ms): Min: 0.0, Avg: 5.7, Max: 7.5, Diff: 7.5, Sum: 101.9]
      [GC Worker End (ms): Min: 15776.9, Avg: 15777.2, Max: 15777.6, Diff: 0.7]
   [Code Root Fixup: 0.0 ms]
   [Code Root Purge: 0.0 ms]
   [Clear CT: 0.5 ms]
   [Other: 4.5 ms]
      [Choose CSet: 0.0 ms]
      [Ref Proc: 3.9 ms]
      [Ref Enq: 0.0 ms]
      [Redirty Cards: 0.6 ms]
      [Humongous Register: 0.0 ms]
      [Humongous Reclaim: 0.0 ms]
      [Free CSet: 0.0 ms]
   [Eden: 5120.0K(5120.0K)->0.0B(2048.0K) Survivors: 1024.0K->1024.0K Heap: 47277.5K(65536.0K)->42921.7K(65536.0K)]
 [Times: user=0.13 sys=0.01, real=0.02 secs] 
2026-06-17T09:48:53.584+0800: 15.785: [GC pause (G1 Evacuation Pause) (mixed), 0.0103845 secs]
   [Parallel Time: 3.2 ms, GC Workers: 18]
      [GC Worker Start (ms): Min: 15785.1, Avg: 15786.1, Max: 15787.0, Diff: 1.8]
      [Ext Root Scanning (ms): Min: 0.0, Avg: 0.0, Max: 0.1, Diff: 0.1, Sum: 0.3]
      [Update RS (ms): Min: 0.0, Avg: 0.0, Max: 0.0, Diff: 0.0, Sum: 0.0]
         [Processed Buffers: Min: 0, Avg: 0.1, Max: 1, Diff: 1, Sum: 2]
      [Scan RS (ms): Min: 0.0, Avg: 0.0, Max: 0.0, Diff: 0.0, Sum: 0.0]
      [Code Root Scanning (ms): Min: 0.0, Avg: 0.0, Max: 0.0, Diff: 0.0, Sum: 0.0]
      [Object Copy (ms): Min: 0.0, Avg: 0.0, Max: 0.2, Diff: 0.2, Sum: 0.5]
      [Termination (ms): Min: 0.0, Avg: 1.0, Max: 2.2, Diff: 2.2, Sum: 18.4]
         [Termination Attempts: Min: 1, Avg: 1.0, Max: 1, Diff: 0, Sum: 18]
      [GC Worker Other (ms): Min: 0.0, Avg: 0.0, Max: 0.0, Diff: 0.0, Sum: 0.1]
      [GC Worker Total (ms): Min: 0.0, Avg: 1.1, Max: 2.4, Diff: 2.4, Sum: 19.3]
      [GC Worker End (ms): Min: 15787.0, Avg: 15787.1, Max: 15787.6, Diff: 0.6]
   [Code Root Fixup: 0.0 ms]
   [Code Root Purge: 0.0 ms]
   [Clear CT: 1.1 ms]
   [Other: 6.1 ms]
      [Choose CSet: 0.0 ms]
      [Ref Proc: 5.6 ms]
      [Ref Enq: 0.0 ms]
      [Redirty Cards: 0.5 ms]
      [Humongous Register: 0.0 ms]
      [Humongous Reclaim: 0.0 ms]
      [Free CSet: 0.0 ms]
   [Eden: 2048.0K(2048.0K)->0.0B(2048.0K) Survivors: 1024.0K->1024.0K Heap: 44969.7K(65536.0K)->38944.7K(65536.0K)]
 [Times: user=0.08 sys=0.00, real=0.01 secs] 
2026-06-17T09:48:53.595+0800: 15.796: [GC pause (G1 Evacuation Pause) (mixed), 0.0112919 secs]
   [Parallel Time: 6.6 ms, GC Workers: 18]
      [GC Worker Start (ms): Min: 15796.3, Avg: 15798.0, Max: 15802.3, Diff: 5.9]
      [Ext Root Scanning (ms): Min: 0.0, Avg: 0.0, Max: 0.1, Diff: 0.1, Sum: 0.3]
      [Update RS (ms): Min: 0.0, Avg: 0.0, Max: 0.0, Diff: 0.0, Sum: 0.0]
         [Processed Buffers: Min: 0, Avg: 0.3, Max: 3, Diff: 3, Sum: 5]
      [Scan RS (ms): Min: 0.0, Avg: 0.0, Max: 0.0, Diff: 0.0, Sum: 0.0]
      [Code Root Scanning (ms): Min: 0.0, Avg: 0.0, Max: 0.0, Diff: 0.0, Sum: 0.0]
      [Object Copy (ms): Min: 0.0, Avg: 0.0, Max: 0.2, Diff: 0.2, Sum: 0.8]
      [Termination (ms): Min: 0.0, Avg: 4.3, Max: 5.8, Diff: 5.8, Sum: 77.3]
         [Termination Attempts: Min: 1, Avg: 1.0, Max: 1, Diff: 0, Sum: 18]
      [GC Worker Other (ms): Min: 0.0, Avg: 0.0, Max: 0.0, Diff: 0.0, Sum: 0.1]
      [GC Worker Total (ms): Min: 0.0, Avg: 4.4, Max: 6.1, Diff: 6.0, Sum: 78.5]
      [GC Worker End (ms): Min: 15802.3, Avg: 15802.4, Max: 15802.6, Diff: 0.3]
   [Code Root Fixup: 0.0 ms]
   [Code Root Purge: 0.0 ms]
   [Clear CT: 1.1 ms]
   [Other: 3.5 ms]
      [Choose CSet: 0.0 ms]
      [Ref Proc: 2.7 ms]
      [Ref Enq: 0.0 ms]
      [Redirty Cards: 0.8 ms]
      [Humongous Register: 0.0 ms]
      [Humongous Reclaim: 0.0 ms]
      [Free CSet: 0.0 ms]
   [Eden: 2048.0K(2048.0K)->0.0B(8192.0K) Survivors: 1024.0K->1024.0K Heap: 40992.7K(65536.0K)->39955.7K(65536.0K)]
 [Times: user=0.11 sys=0.00, real=0.01 secs] 
2026-06-17T09:48:53.639+0800: 15.840: [GC pause (G1 Evacuation Pause) (young), 0.0181895 secs]
   [Parallel Time: 10.6 ms, GC Workers: 18]
      [GC Worker Start (ms): Min: 15840.1, Avg: 15842.7, Max: 15849.0, Diff: 8.9]
      [Ext Root Scanning (ms): Min: 0.0, Avg: 0.1, Max: 0.4, Diff: 0.4, Sum: 1.1]
      [Update RS (ms): Min: 0.0, Avg: 0.0, Max: 0.0, Diff: 0.0, Sum: 0.1]
         [Processed Buffers: Min: 0, Avg: 0.2, Max: 1, Diff: 1, Sum: 4]
      [Scan RS (ms): Min: 0.0, Avg: 0.0, Max: 0.0, Diff: 0.0, Sum: 0.0]
      [Code Root Scanning (ms): Min: 0.0, Avg: 0.0, Max: 0.0, Diff: 0.0, Sum: 0.0]
      [Object Copy (ms): Min: 0.0, Avg: 0.0, Max: 0.1, Diff: 0.1, Sum: 0.4]
      [Termination (ms): Min: 0.0, Avg: 6.5, Max: 8.9, Diff: 8.9, Sum: 116.1]
         [Termination Attempts: Min: 1, Avg: 1.0, Max: 1, Diff: 0, Sum: 18]
      [GC Worker Other (ms): Min: 0.0, Avg: 0.0, Max: 0.0, Diff: 0.0, Sum: 0.2]
      [GC Worker Total (ms): Min: 0.0, Avg: 6.6, Max: 9.3, Diff: 9.3, Sum: 118.0]
      [GC Worker End (ms): Min: 15849.0, Avg: 15849.3, Max: 15849.8, Diff: 0.8]
   [Code Root Fixup: 0.0 ms]
   [Code Root Purge: 0.0 ms]
   [Clear CT: 1.6 ms]
   [Other: 6.0 ms]
      [Choose CSet: 0.0 ms]
      [Ref Proc: 5.0 ms]
      [Ref Enq: 0.0 ms]
      [Redirty Cards: 0.9 ms]
      [Humongous Register: 0.0 ms]
      [Humongous Reclaim: 0.0 ms]
      [Free CSet: 0.0 ms]
   [Eden: 8192.0K(8192.0K)->0.0B(8192.0K) Survivors: 1024.0K->2048.0K Heap: 48147.7K(65536.0K)->40841.8K(65536.0K)]
 [Times: user=0.18 sys=0.01, real=0.02 secs] 
2026-06-17T09:48:53.669+0800: 15.870: [GC pause (G1 Evacuation Pause) (young) (initial-mark), 0.0210712 secs]
   [Parallel Time: 13.7 ms, GC Workers: 18]
      [GC Worker Start (ms): Min: 15870.0, Avg: 15870.9, Max: 15871.4, Diff: 1.4]
      [Ext Root Scanning (ms): Min: 0.0, Avg: 3.0, Max: 9.9, Diff: 9.8, Sum: 54.7]
      [Update RS (ms): Min: 0.0, Avg: 0.0, Max: 0.0, Diff: 0.0, Sum: 0.1]
         [Processed Buffers: Min: 0, Avg: 0.1, Max: 2, Diff: 2, Sum: 2]
      [Scan RS (ms): Min: 0.0, Avg: 0.0, Max: 0.0, Diff: 0.0, Sum: 0.0]
      [Code Root Scanning (ms): Min: 0.0, Avg: 0.0, Max: 0.0, Diff: 0.0, Sum: 0.0]
      [Object Copy (ms): Min: 0.0, Avg: 0.1, Max: 0.6, Diff: 0.6, Sum: 1.9]
      [Termination (ms): Min: 0.0, Avg: 7.5, Max: 9.9, Diff: 9.9, Sum: 134.4]
         [Termination Attempts: Min: 1, Avg: 1.0, Max: 1, Diff: 0, Sum: 18]
      [GC Worker Other (ms): Min: 0.0, Avg: 0.0, Max: 0.0, Diff: 0.0, Sum: 0.2]
      [GC Worker Total (ms): Min: 9.9, Avg: 10.6, Max: 11.9, Diff: 2.0, Sum: 191.4]
      [GC Worker End (ms): Min: 15881.3, Avg: 15881.5, Max: 15882.0, Diff: 0.7]
   [Code Root Fixup: 0.0 ms]
   [Code Root Purge: 0.0 ms]
   [Clear CT: 0.8 ms]
   [Other: 6.6 ms]
      [Choose CSet: 0.0 ms]
      [Ref Proc: 5.8 ms]
      [Ref Enq: 0.0 ms]
      [Redirty Cards: 0.7 ms]
      [Humongous Register: 0.0 ms]
      [Humongous Reclaim: 0.0 ms]
      [Free CSet: 0.0 ms]
   [Eden: 8192.0K(8192.0K)->0.0B(4096.0K) Survivors: 2048.0K->2048.0K Heap: 49033.8K(65536.0K)->45873.7K(65536.0K)]
 [Times: user=0.18 sys=0.00, real=0.02 secs] 
2026-06-17T09:48:53.691+0800: 15.892: [GC concurrent-root-region-scan-start]
2026-06-17T09:48:53.691+0800: 15.893: [GC concurrent-root-region-scan-end, 0.0003027 secs]
2026-06-17T09:48:53.691+0800: 15.893: [GC concurrent-mark-start]
2026-06-17T09:48:53.692+0800: 15.893: [GC concurrent-mark-end, 0.0005944 secs]
2026-06-17T09:48:53.692+0800: 15.893: [GC remark 2026-06-17T09:48:53.693+0800: 15.894: [Finalize Marking, 0.0087111 secs] 2026-06-17T09:48:53.702+0800: 15.903: [GC ref-proc, 0.0006217 secs] 2026-06-17T09:48:53.703+0800: 15.904: [Unloading, 0.0019729 secs], 0.0143804 secs]
 [Times: user=0.09 sys=0.00, real=0.01 secs] 
2026-06-17T09:48:53.708+0800: 15.909: [GC cleanup 47861K->40693K(65536K), 0.0027637 secs]
 [Times: user=0.00 sys=0.01, real=0.01 secs] 
2026-06-17T09:48:53.712+0800: 15.913: [GC concurrent-cleanup-start]
2026-06-17T09:48:53.712+0800: 15.913: [GC concurrent-cleanup-end, 0.0000086 secs]
2026-06-17T09:48:53.723+0800: 15.924: [GC pause (G1 Evacuation Pause) (young), 0.0146108 secs]
   [Parallel Time: 10.1 ms, GC Workers: 18]
      [GC Worker Start (ms): Min: 15923.8, Avg: 15926.0, Max: 15932.2, Diff: 8.4]
      [Ext Root Scanning (ms): Min: 0.0, Avg: 0.0, Max: 0.1, Diff: 0.1, Sum: 0.4]
      [Update RS (ms): Min: 0.0, Avg: 0.0, Max: 0.0, Diff: 0.0, Sum: 0.0]
         [Processed Buffers: Min: 0, Avg: 0.2, Max: 1, Diff: 1, Sum: 3]
      [Scan RS (ms): Min: 0.0, Avg: 0.0, Max: 0.0, Diff: 0.0, Sum: 0.0]
      [Code Root Scanning (ms): Min: 0.0, Avg: 0.0, Max: 0.0, Diff: 0.0, Sum: 0.0]
      [Object Copy (ms): Min: 0.0, Avg: 0.0, Max: 0.1, Diff: 0.1, Sum: 0.2]
      [Termination (ms): Min: 0.0, Avg: 6.4, Max: 8.7, Diff: 8.7, Sum: 115.1]
         [Termination Attempts: Min: 1, Avg: 1.0, Max: 1, Diff: 0, Sum: 18]
      [GC Worker Other (ms): Min: 0.0, Avg: 0.0, Max: 0.0, Diff: 0.0, Sum: 0.1]
      [GC Worker Total (ms): Min: 0.0, Avg: 6.4, Max: 8.9, Diff: 8.8, Sum: 115.9]
      [GC Worker End (ms): Min: 15932.2, Avg: 15932.4, Max: 15932.9, Diff: 0.7]
   [Code Root Fixup: 0.0 ms]
   [Code Root Purge: 0.0 ms]
   [Clear CT: 0.8 ms]
   [Other: 3.7 ms]
      [Choose CSet: 0.0 ms]
      [Ref Proc: 3.1 ms]
      [Ref Enq: 0.0 ms]
      [Redirty Cards: 0.5 ms]
      [Humongous Register: 0.0 ms]
      [Humongous Reclaim: 0.0 ms]
      [Free CSet: 0.0 ms]
   [Eden: 4096.0K(4096.0K)->0.0B(2048.0K) Survivors: 2048.0K->1024.0K Heap: 42801.7K(65536.0K)->38674.7K(65536.0K)]
 [Times: user=0.14 sys=0.00, real=0.01 secs] 
2026-06-17T09:48:53.738+0800: 15.939: [GC pause (G1 Evacuation Pause) (mixed), 0.0098786 secs]
   [Parallel Time: 4.3 ms, GC Workers: 18]
      [GC Worker Start (ms): Min: 15939.5, Avg: 15940.4, Max: 15943.1, Diff: 3.5]
      [Ext Root Scanning (ms): Min: 0.0, Avg: 0.0, Max: 0.2, Diff: 0.2, Sum: 0.3]
      [Update RS (ms): Min: 0.0, Avg: 0.0, Max: 0.0, Diff: 0.0, Sum: 0.0]
         [Processed Buffers: Min: 0, Avg: 0.2, Max: 1, Diff: 1, Sum: 3]
      [Scan RS (ms): Min: 0.0, Avg: 0.0, Max: 0.0, Diff: 0.0, Sum: 0.0]
      [Code Root Scanning (ms): Min: 0.0, Avg: 0.0, Max: 0.0, Diff: 0.0, Sum: 0.0]
      [Object Copy (ms): Min: 0.0, Avg: 0.0, Max: 0.2, Diff: 0.2, Sum: 0.8]
      [Termination (ms): Min: 0.0, Avg: 2.7, Max: 3.5, Diff: 3.5, Sum: 48.8]
         [Termination Attempts: Min: 1, Avg: 1.0, Max: 1, Diff: 0, Sum: 18]
      [GC Worker Other (ms): Min: 0.0, Avg: 0.0, Max: 0.0, Diff: 0.0, Sum: 0.1]
      [GC Worker Total (ms): Min: 0.0, Avg: 2.8, Max: 3.7, Diff: 3.7, Sum: 50.2]
      [GC Worker End (ms): Min: 15943.1, Avg: 15943.2, Max: 15943.4, Diff: 0.3]
   [Code Root Fixup: 0.0 ms]
   [Code Root Purge: 0.0 ms]
   [Clear CT: 1.0 ms]
   [Other: 4.5 ms]
      [Choose CSet: 0.0 ms]
      [Ref Proc: 3.8 ms]
      [Ref Enq: 0.0 ms]
      [Redirty Cards: 0.7 ms]
      [Humongous Register: 0.0 ms]
      [Humongous Reclaim: 0.0 ms]
      [Free CSet: 0.0 ms]
   [Eden: 2048.0K(2048.0K)->0.0B(2048.0K) Survivors: 1024.0K->1024.0K Heap: 40722.7K(65536.0K)->38085.7K(65536.0K)]
 [Times: user=0.08 sys=0.01, real=0.01 secs] 
2026-06-17T09:48:53.750+0800: 15.951: [GC pause (G1 Evacuation Pause) (mixed), 0.0097382 secs]
   [Parallel Time: 5.8 ms, GC Workers: 18]
      [GC Worker Start (ms): Min: 15950.9, Avg: 15952.4, Max: 15955.9, Diff: 5.0]
      [Ext Root Scanning (ms): Min: 0.0, Avg: 0.0, Max: 0.2, Diff: 0.2, Sum: 0.3]
      [Update RS (ms): Min: 0.0, Avg: 0.0, Max: 0.0, Diff: 0.0, Sum: 0.0]
         [Processed Buffers: Min: 0, Avg: 0.2, Max: 2, Diff: 2, Sum: 4]
      [Scan RS (ms): Min: 0.0, Avg: 0.0, Max: 0.0, Diff: 0.0, Sum: 0.1]
      [Code Root Scanning (ms): Min: 0.0, Avg: 0.0, Max: 0.0, Diff: 0.0, Sum: 0.0]
      [Object Copy (ms): Min: 0.0, Avg: 0.0, Max: 0.2, Diff: 0.2, Sum: 0.5]
      [Termination (ms): Min: 0.0, Avg: 3.5, Max: 4.8, Diff: 4.8, Sum: 62.3]
         [Termination Attempts: Min: 1, Avg: 1.0, Max: 1, Diff: 0, Sum: 18]
      [GC Worker Other (ms): Min: 0.0, Avg: 0.0, Max: 0.0, Diff: 0.0, Sum: 0.1]
      [GC Worker Total (ms): Min: 0.0, Avg: 3.5, Max: 5.2, Diff: 5.1, Sum: 63.4]
      [GC Worker End (ms): Min: 15955.9, Avg: 15956.0, Max: 15956.1, Diff: 0.2]
   [Code Root Fixup: 0.0 ms]
   [Code Root Purge: 0.0 ms]
   [Clear CT: 1.0 ms]
   [Other: 3.0 ms]
      [Choose CSet: 0.0 ms]
      [Ref Proc: 2.1 ms]
      [Ref Enq: 0.0 ms]
      [Redirty Cards: 0.8 ms]
      [Humongous Register: 0.0 ms]
      [Humongous Reclaim: 0.0 ms]
      [Free CSet: 0.0 ms]
   [Eden: 2048.0K(2048.0K)->0.0B(12288.0K) Survivors: 1024.0K->1024.0K Heap: 40133.7K(65536.0K)->34541.7K(65536.0K)]
 [Times: user=0.07 sys=0.00, real=0.01 secs] 
2026-06-17T09:48:53.792+0800: 15.993: [GC pause (G1 Evacuation Pause) (young), 0.0164877 secs]
   [Parallel Time: 8.0 ms, GC Workers: 18]
      [GC Worker Start (ms): Min: 15993.8, Avg: 15995.7, Max: 15999.6, Diff: 5.8]
      [Ext Root Scanning (ms): Min: 0.0, Avg: 0.1, Max: 0.5, Diff: 0.5, Sum: 1.1]
      [Update RS (ms): Min: 0.0, Avg: 0.0, Max: 0.4, Diff: 0.4, Sum: 0.6]
         [Processed Buffers: Min: 0, Avg: 0.3, Max: 2, Diff: 2, Sum: 5]
      [Scan RS (ms): Min: 0.0, Avg: 0.0, Max: 0.0, Diff: 0.0, Sum: 0.1]
      [Code Root Scanning (ms): Min: 0.0, Avg: 0.0, Max: 0.0, Diff: 0.0, Sum: 0.0]
      [Object Copy (ms): Min: 0.0, Avg: 0.0, Max: 0.2, Diff: 0.2, Sum: 0.5]
      [Termination (ms): Min: 0.0, Avg: 4.1, Max: 5.3, Diff: 5.3, Sum: 73.0]
         [Termination Attempts: Min: 1, Avg: 1.0, Max: 1, Diff: 0, Sum: 18]
      [GC Worker Other (ms): Min: 0.0, Avg: 0.0, Max: 0.0, Diff: 0.0, Sum: 0.2]
      [GC Worker Total (ms): Min: 0.0, Avg: 4.2, Max: 6.2, Diff: 6.2, Sum: 75.4]
      [GC Worker End (ms): Min: 15999.6, Avg: 15999.9, Max: 16000.3, Diff: 0.6]
   [Code Root Fixup: 0.0 ms]
   [Code Root Purge: 0.0 ms]
   [Clear CT: 1.3 ms]
   [Other: 7.1 ms]
      [Choose CSet: 0.0 ms]
      [Ref Proc: 6.1 ms]
      [Ref Enq: 0.0 ms]
      [Redirty Cards: 1.0 ms]
      [Humongous Register: 0.0 ms]
      [Humongous Reclaim: 0.0 ms]
      [Free CSet: 0.0 ms]
   [Eden: 12288.0K(12288.0K)->0.0B(11264.0K) Survivors: 1024.0K->2048.0K Heap: 46829.7K(65536.0K)->36172.7K(65536.0K)]
 [Times: user=0.13 sys=0.01, real=0.01 secs] 
2026-06-17T09:48:53.843+0800: 16.044: [GC pause (G1 Evacuation Pause) (young) (initial-mark), 0.0232180 secs]
   [Parallel Time: 14.4 ms, GC Workers: 18]
      [GC Worker Start (ms): Min: 16044.4, Avg: 16045.9, Max: 16047.2, Diff: 2.8]
      [Ext Root Scanning (ms): Min: 0.0, Avg: 3.3, Max: 8.0, Diff: 8.0, Sum: 59.9]
      [Update RS (ms): Min: 0.0, Avg: 0.0, Max: 0.0, Diff: 0.0, Sum: 0.1]
         [Processed Buffers: Min: 0, Avg: 0.1, Max: 2, Diff: 2, Sum: 2]
      [Scan RS (ms): Min: 0.0, Avg: 0.0, Max: 0.0, Diff: 0.0, Sum: 0.0]
      [Code Root Scanning (ms): Min: 0.0, Avg: 0.0, Max: 0.0, Diff: 0.0, Sum: 0.0]
      [Object Copy (ms): Min: 0.0, Avg: 0.1, Max: 0.6, Diff: 0.6, Sum: 1.5]
      [Termination (ms): Min: 0.0, Avg: 6.0, Max: 7.7, Diff: 7.7, Sum: 108.6]
         [Termination Attempts: Min: 1, Avg: 1.0, Max: 1, Diff: 0, Sum: 18]
      [GC Worker Other (ms): Min: 0.0, Avg: 0.0, Max: 0.0, Diff: 0.0, Sum: 0.3]
      [GC Worker Total (ms): Min: 8.0, Avg: 9.5, Max: 11.0, Diff: 3.0, Sum: 170.4]
      [GC Worker End (ms): Min: 16055.1, Avg: 16055.4, Max: 16055.9, Diff: 0.7]
   [Code Root Fixup: 0.0 ms]
   [Code Root Purge: 0.0 ms]
   [Clear CT: 2.0 ms]
   [Other: 6.8 ms]
      [Choose CSet: 0.0 ms]
      [Ref Proc: 5.8 ms]
      [Ref Enq: 0.0 ms]
      [Redirty Cards: 0.9 ms]
      [Humongous Register: 0.0 ms]
      [Humongous Reclaim: 0.0 ms]
      [Free CSet: 0.0 ms]
   [Eden: 11264.0K(11264.0K)->0.0B(8192.0K) Survivors: 2048.0K->2048.0K Heap: 47436.7K(65536.0K)->40397.7K(65536.0K)]
 [Times: user=0.15 sys=0.00, real=0.02 secs] 
2026-06-17T09:48:53.867+0800: 16.068: [GC concurrent-root-region-scan-start]
2026-06-17T09:48:53.868+0800: 16.069: [GC concurrent-root-region-scan-end, 0.0003482 secs]
2026-06-17T09:48:53.868+0800: 16.069: [GC concurrent-mark-start]
2026-06-17T09:48:53.868+0800: 16.069: [GC concurrent-mark-end, 0.0005310 secs]
2026-06-17T09:48:53.868+0800: 16.069: [GC remark 2026-06-17T09:48:53.869+0800: 16.070: [Finalize Marking, 0.0090119 secs] 2026-06-17T09:48:53.878+0800: 16.079: [GC ref-proc, 0.0006046 secs] 2026-06-17T09:48:53.879+0800: 16.080: [Unloading, 0.0018697 secs], 0.0138938 secs]
 [Times: user=0.10 sys=0.00, real=0.02 secs] 
2026-06-17T09:48:53.883+0800: 16.085: [GC cleanup 45131K->43083K(65536K), 0.0027675 secs]
 [Times: user=0.01 sys=0.00, real=0.00 secs] 
2026-06-17T09:48:53.887+0800: 16.089: [GC concurrent-cleanup-start]
2026-06-17T09:48:53.887+0800: 16.089: [GC concurrent-cleanup-end, 0.0000056 secs]
2026-06-17T09:48:53.898+0800: 16.099: [GC pause (G1 Evacuation Pause) (young), 0.0160131 secs]
   [Parallel Time: 9.7 ms, GC Workers: 18]
      [GC Worker Start (ms): Min: 16099.1, Avg: 16100.6, Max: 16105.8, Diff: 6.7]
      [Ext Root Scanning (ms): Min: 0.0, Avg: 0.0, Max: 0.2, Diff: 0.2, Sum: 0.5]
      [Update RS (ms): Min: 0.0, Avg: 0.0, Max: 0.0, Diff: 0.0, Sum: 0.0]
         [Processed Buffers: Min: 0, Avg: 0.2, Max: 1, Diff: 1, Sum: 3]
      [Scan RS (ms): Min: 0.0, Avg: 0.0, Max: 0.0, Diff: 0.0, Sum: 0.0]
      [Code Root Scanning (ms): Min: 0.0, Avg: 0.0, Max: 0.0, Diff: 0.0, Sum: 0.0]
      [Object Copy (ms): Min: 0.0, Avg: 0.0, Max: 0.2, Diff: 0.2, Sum: 0.7]
      [Termination (ms): Min: 0.0, Avg: 5.3, Max: 6.7, Diff: 6.7, Sum: 96.1]
         [Termination Attempts: Min: 1, Avg: 1.0, Max: 1, Diff: 0, Sum: 18]
      [GC Worker Other (ms): Min: 0.0, Avg: 0.0, Max: 0.0, Diff: 0.0, Sum: 0.2]
      [GC Worker Total (ms): Min: 0.0, Avg: 5.4, Max: 6.9, Diff: 6.9, Sum: 97.6]
      [GC Worker End (ms): Min: 16105.8, Avg: 16106.0, Max: 16106.4, Diff: 0.6]
   [Code Root Fixup: 0.0 ms]
   [Code Root Purge: 0.0 ms]
   [Clear CT: 1.6 ms]
   [Other: 4.7 ms]
      [Choose CSet: 0.0 ms]
      [Ref Proc: 4.1 ms]
      [Ref Enq: 0.0 ms]
      [Redirty Cards: 0.6 ms]
      [Humongous Register: 0.0 ms]
      [Humongous Reclaim: 0.0 ms]
      [Free CSet: 0.0 ms]
   [Eden: 8192.0K(8192.0K)->0.0B(1024.0K) Survivors: 2048.0K->2048.0K Heap: 46541.7K(65536.0K)->41294.7K(65536.0K)]
 [Times: user=0.13 sys=0.00, real=0.02 secs] 
2026-06-17T09:48:53.915+0800: 16.116: [GC pause (G1 Evacuation Pause) (mixed), 0.0112801 secs]
   [Parallel Time: 3.5 ms, GC Workers: 18]
      [GC Worker Start (ms): Min: 16116.1, Avg: 16117.0, Max: 16117.9, Diff: 1.8]
      [Ext Root Scanning (ms): Min: 0.0, Avg: 0.0, Max: 0.1, Diff: 0.1, Sum: 0.3]
      [Update RS (ms): Min: 0.0, Avg: 0.0, Max: 0.0, Diff: 0.0, Sum: 0.0]
         [Processed Buffers: Min: 0, Avg: 0.2, Max: 2, Diff: 2, Sum: 3]
      [Scan RS (ms): Min: 0.0, Avg: 0.0, Max: 0.0, Diff: 0.0, Sum: 0.1]
      [Code Root Scanning (ms): Min: 0.0, Avg: 0.0, Max: 0.0, Diff: 0.0, Sum: 0.0]
      [Object Copy (ms): Min: 0.0, Avg: 0.1, Max: 0.3, Diff: 0.3, Sum: 1.0]
      [Termination (ms): Min: 0.0, Avg: 1.1, Max: 1.9, Diff: 1.9, Sum: 19.8]
         [Termination Attempts: Min: 1, Avg: 1.0, Max: 1, Diff: 0, Sum: 18]
      [GC Worker Other (ms): Min: 0.0, Avg: 0.0, Max: 0.0, Diff: 0.0, Sum: 0.1]
      [GC Worker Total (ms): Min: 0.0, Avg: 1.2, Max: 2.3, Diff: 2.3, Sum: 21.3]
      [GC Worker End (ms): Min: 16117.9, Avg: 16118.2, Max: 16118.4, Diff: 0.5]
   [Code Root Fixup: 0.0 ms]
   [Code Root Purge: 0.0 ms]
   [Clear CT: 0.8 ms]
   [Other: 7.0 ms]
      [Choose CSet: 0.0 ms]
      [Ref Proc: 6.5 ms]
      [Ref Enq: 0.0 ms]
      [Redirty Cards: 0.5 ms]
      [Humongous Register: 0.0 ms]
      [Humongous Reclaim: 0.0 ms]
      [Free CSet: 0.0 ms]
   [Eden: 1024.0K(1024.0K)->0.0B(9216.0K) Survivors: 2048.0K->1024.0K Heap: 42318.7K(65536.0K)->39673.1K(65536.0K)]
 [Times: user=0.08 sys=0.00, real=0.01 secs] 
2026-06-17T09:48:53.938+0800: 16.139: [GC pause (G1 Humongous Allocation) (young) (initial-mark), 0.0095160 secs]
   [Parallel Time: 5.2 ms, GC Workers: 18]
      [GC Worker Start (ms): Min: 16139.2, Avg: 16139.6, Max: 16139.9, Diff: 0.7]
      [Ext Root Scanning (ms): Min: 0.0, Avg: 1.4, Max: 2.6, Diff: 2.6, Sum: 24.7]
      [Update RS (ms): Min: 0.0, Avg: 0.0, Max: 0.1, Diff: 0.1, Sum: 0.2]
         [Processed Buffers: Min: 0, Avg: 0.3, Max: 4, Diff: 4, Sum: 5]
      [Scan RS (ms): Min: 0.0, Avg: 0.0, Max: 0.0, Diff: 0.0, Sum: 0.0]
      [Code Root Scanning (ms): Min: 0.0, Avg: 0.0, Max: 0.0, Diff: 0.0, Sum: 0.0]
      [Object Copy (ms): Min: 0.0, Avg: 0.0, Max: 0.1, Diff: 0.1, Sum: 0.6]
      [Termination (ms): Min: 0.0, Avg: 1.6, Max: 2.5, Diff: 2.5, Sum: 28.7]
         [Termination Attempts: Min: 1, Avg: 1.1, Max: 2, Diff: 1, Sum: 19]
      [GC Worker Other (ms): Min: 0.0, Avg: 0.0, Max: 0.0, Diff: 0.0, Sum: 0.2]
      [GC Worker Total (ms): Min: 2.6, Avg: 3.0, Max: 3.5, Diff: 0.9, Sum: 54.4]
      [GC Worker End (ms): Min: 16142.4, Avg: 16142.6, Max: 16142.9, Diff: 0.5]
   [Code Root Fixup: 0.0 ms]
   [Code Root Purge: 0.0 ms]
   [Clear CT: 1.0 ms]
   [Other: 3.3 ms]
      [Choose CSet: 0.0 ms]
      [Ref Proc: 2.7 ms]
      [Ref Enq: 0.0 ms]
      [Redirty Cards: 0.6 ms]
      [Humongous Register: 0.0 ms]
      [Humongous Reclaim: 0.0 ms]
      [Free CSet: 0.0 ms]
   [Eden: 7168.0K(9216.0K)->0.0B(6144.0K) Survivors: 1024.0K->2048.0K Heap: 46637.1K(65536.0K)->43044.7K(65536.0K)]
 [Times: user=0.05 sys=0.01, real=0.01 secs] 
2026-06-17T09:48:53.948+0800: 16.149: [GC concurrent-root-region-scan-start]
2026-06-17T09:48:53.949+0800: 16.150: [GC concurrent-root-region-scan-end, 0.0004857 secs]
2026-06-17T09:48:53.949+0800: 16.150: [GC concurrent-mark-start]
2026-06-17T09:48:53.949+0800: 16.150: [GC concurrent-mark-end, 0.0003398 secs]
2026-06-17T09:48:53.949+0800: 16.150: [GC remark 2026-06-17T09:48:53.950+0800: 16.151: [Finalize Marking, 0.0026158 secs] 2026-06-17T09:48:53.953+0800: 16.154: [GC ref-proc, 0.0007418 secs] 2026-06-17T09:48:53.954+0800: 16.155: [Unloading, 0.0016232 secs], 0.0074505 secs]
 [Times: user=0.01 sys=0.01, real=0.01 secs] 
2026-06-17T09:48:53.958+0800: 16.159: [GC cleanup 44406K->43382K(65536K), 0.0026072 secs]
 [Times: user=0.00 sys=0.00, real=0.00 secs] 
2026-06-17T09:48:53.961+0800: 16.162: [GC concurrent-cleanup-start]
2026-06-17T09:48:53.961+0800: 16.162: [GC concurrent-cleanup-end, 0.0000053 secs]
2026-06-17T09:48:53.972+0800: 16.173: [GC pause (G1 Evacuation Pause) (young), 0.0086967 secs]
   [Parallel Time: 4.3 ms, GC Workers: 18]
      [GC Worker Start (ms): Min: 16173.0, Avg: 16174.4, Max: 16176.0, Diff: 3.0]
      [Ext Root Scanning (ms): Min: 0.0, Avg: 0.0, Max: 0.2, Diff: 0.2, Sum: 0.4]
      [Update RS (ms): Min: 0.0, Avg: 0.0, Max: 0.0, Diff: 0.0, Sum: 0.0]
         [Processed Buffers: Min: 0, Avg: 0.2, Max: 1, Diff: 1, Sum: 3]
      [Scan RS (ms): Min: 0.0, Avg: 0.0, Max: 0.0, Diff: 0.0, Sum: 0.0]
      [Code Root Scanning (ms): Min: 0.0, Avg: 0.0, Max: 0.0, Diff: 0.0, Sum: 0.0]
      [Object Copy (ms): Min: 0.0, Avg: 0.0, Max: 0.1, Diff: 0.1, Sum: 0.5]
      [Termination (ms): Min: 0.0, Avg: 1.8, Max: 3.3, Diff: 3.3, Sum: 32.5]
         [Termination Attempts: Min: 1, Avg: 1.0, Max: 1, Diff: 0, Sum: 18]
      [GC Worker Other (ms): Min: 0.0, Avg: 0.0, Max: 0.0, Diff: 0.0, Sum: 0.2]
      [GC Worker Total (ms): Min: 0.0, Avg: 1.9, Max: 3.6, Diff: 3.6, Sum: 33.6]
      [GC Worker End (ms): Min: 16176.0, Avg: 16176.2, Max: 16176.7, Diff: 0.7]
   [Code Root Fixup: 0.0 ms]
   [Code Root Purge: 0.0 ms]
   [Clear CT: 0.7 ms]
   [Other: 3.8 ms]
      [Choose CSet: 0.0 ms]
      [Ref Proc: 2.9 ms]
      [Ref Enq: 0.0 ms]
      [Redirty Cards: 0.9 ms]
      [Humongous Register: 0.0 ms]
      [Humongous Reclaim: 0.0 ms]
      [Free CSet: 0.0 ms]
   [Eden: 6144.0K(6144.0K)->0.0B(2048.0K) Survivors: 2048.0K->1024.0K Heap: 49409.7K(65536.0K)->38639.6K(65536.0K)]
 [Times: user=0.05 sys=0.00, real=0.00 secs] 
2026-06-17T09:48:53.993+0800: 16.194: [GC pause (G1 Evacuation Pause) (mixed), 0.0101420 secs]
   [Parallel Time: 4.6 ms, GC Workers: 18]
      [GC Worker Start (ms): Min: 16194.3, Avg: 16195.5, Max: 16197.1, Diff: 2.7]
      [Ext Root Scanning (ms): Min: 0.0, Avg: 0.0, Max: 0.2, Diff: 0.2, Sum: 0.4]
      [Update RS (ms): Min: 0.0, Avg: 0.0, Max: 0.0, Diff: 0.0, Sum: 0.0]
         [Processed Buffers: Min: 0, Avg: 0.1, Max: 1, Diff: 1, Sum: 2]
      [Scan RS (ms): Min: 0.0, Avg: 0.0, Max: 0.0, Diff: 0.0, Sum: 0.1]
      [Code Root Scanning (ms): Min: 0.0, Avg: 0.0, Max: 0.0, Diff: 0.0, Sum: 0.0]
      [Object Copy (ms): Min: 0.0, Avg: 0.0, Max: 0.2, Diff: 0.2, Sum: 0.7]
      [Termination (ms): Min: 0.0, Avg: 1.6, Max: 2.7, Diff: 2.7, Sum: 28.9]
         [Termination Attempts: Min: 1, Avg: 1.0, Max: 1, Diff: 0, Sum: 18]
      [GC Worker Other (ms): Min: 0.0, Avg: 0.0, Max: 0.0, Diff: 0.0, Sum: 0.2]
      [GC Worker Total (ms): Min: 0.0, Avg: 1.7, Max: 2.8, Diff: 2.8, Sum: 30.3]
      [GC Worker End (ms): Min: 16197.1, Avg: 16197.2, Max: 16197.7, Diff: 0.6]
   [Code Root Fixup: 0.0 ms]
   [Code Root Purge: 0.0 ms]
   [Clear CT: 1.1 ms]
   [Other: 4.5 ms]
      [Choose CSet: 0.0 ms]
      [Ref Proc: 3.8 ms]
      [Ref Enq: 0.0 ms]
      [Redirty Cards: 0.7 ms]
      [Humongous Register: 0.0 ms]
      [Humongous Reclaim: 0.0 ms]
      [Free CSet: 0.0 ms]
   [Eden: 2048.0K(2048.0K)->0.0B(2048.0K) Survivors: 1024.0K->1024.0K Heap: 40687.6K(65536.0K)->35418.6K(65536.0K)]
 [Times: user=0.06 sys=0.00, real=0.01 secs] 
2026-06-17T09:48:54.004+0800: 16.205: [GC pause (G1 Evacuation Pause) (mixed), 0.0072876 secs]
   [Parallel Time: 3.0 ms, GC Workers: 18]
      [GC Worker Start (ms): Min: 16205.3, Avg: 16206.1, Max: 16206.9, Diff: 1.6]
      [Ext Root Scanning (ms): Min: 0.0, Avg: 0.0, Max: 0.1, Diff: 0.1, Sum: 0.3]
      [Update RS (ms): Min: 0.0, Avg: 0.0, Max: 0.0, Diff: 0.0, Sum: 0.1]
         [Processed Buffers: Min: 0, Avg: 0.3, Max: 3, Diff: 3, Sum: 5]
      [Scan RS (ms): Min: 0.0, Avg: 0.0, Max: 0.0, Diff: 0.0, Sum: 0.0]
      [Code Root Scanning (ms): Min: 0.0, Avg: 0.0, Max: 0.0, Diff: 0.0, Sum: 0.0]
      [Object Copy (ms): Min: 0.0, Avg: 0.0, Max: 0.1, Diff: 0.1, Sum: 0.4]
      [Termination (ms): Min: 0.0, Avg: 1.0, Max: 1.6, Diff: 1.6, Sum: 17.9]
         [Termination Attempts: Min: 1, Avg: 1.0, Max: 1, Diff: 0, Sum: 18]
      [GC Worker Other (ms): Min: 0.0, Avg: 0.0, Max: 0.0, Diff: 0.0, Sum: 0.1]
      [GC Worker Total (ms): Min: 0.0, Avg: 1.0, Max: 1.8, Diff: 1.8, Sum: 18.9]
      [GC Worker End (ms): Min: 16206.9, Avg: 16207.1, Max: 16207.5, Diff: 0.6]
   [Code Root Fixup: 0.0 ms]
   [Code Root Purge: 0.0 ms]
   [Clear CT: 0.5 ms]
   [Other: 3.8 ms]
      [Choose CSet: 0.0 ms]
      [Ref Proc: 3.2 ms]
      [Ref Enq: 0.0 ms]
      [Redirty Cards: 0.6 ms]
      [Humongous Register: 0.0 ms]
      [Humongous Reclaim: 0.0 ms]
      [Free CSet: 0.0 ms]
   [Eden: 2048.0K(2048.0K)->0.0B(11264.0K) Survivors: 1024.0K->1024.0K Heap: 37466.6K(65536.0K)->37323.6K(65536.0K)]
 [Times: user=0.03 sys=0.01, real=0.01 secs] 
2026-06-17T09:48:54.044+0800: 16.246: [GC pause (G1 Evacuation Pause) (young), 0.0157294 secs]
   [Parallel Time: 8.8 ms, GC Workers: 18]
      [GC Worker Start (ms): Min: 16245.9, Avg: 16248.0, Max: 16254.0, Diff: 8.1]
      [Ext Root Scanning (ms): Min: 0.0, Avg: 0.1, Max: 0.5, Diff: 0.5, Sum: 1.2]
      [Update RS (ms): Min: 0.0, Avg: 0.0, Max: 0.1, Diff: 0.1, Sum: 0.2]
         [Processed Buffers: Min: 0, Avg: 0.2, Max: 2, Diff: 2, Sum: 4]
      [Scan RS (ms): Min: 0.0, Avg: 0.0, Max: 0.0, Diff: 0.0, Sum: 0.0]
      [Code Root Scanning (ms): Min: 0.0, Avg: 0.0, Max: 0.0, Diff: 0.0, Sum: 0.0]
      [Object Copy (ms): Min: 0.0, Avg: 0.1, Max: 0.4, Diff: 0.4, Sum: 1.6]
      [Termination (ms): Min: 0.0, Avg: 5.9, Max: 7.2, Diff: 7.2, Sum: 105.6]
         [Termination Attempts: Min: 1, Avg: 1.0, Max: 1, Diff: 0, Sum: 18]
      [GC Worker Other (ms): Min: 0.0, Avg: 0.0, Max: 0.1, Diff: 0.1, Sum: 0.2]
      [GC Worker Total (ms): Min: 0.0, Avg: 6.0, Max: 8.2, Diff: 8.2, Sum: 108.8]
      [GC Worker End (ms): Min: 16254.0, Avg: 16254.1, Max: 16254.1, Diff: 0.1]
   [Code Root Fixup: 0.0 ms]
   [Code Root Purge: 0.0 ms]
   [Clear CT: 1.7 ms]
   [Other: 5.3 ms]
      [Choose CSet: 0.0 ms]
      [Ref Proc: 4.2 ms]
      [Ref Enq: 0.0 ms]
      [Redirty Cards: 1.0 ms]
      [Humongous Register: 0.0 ms]
      [Humongous Reclaim: 0.0 ms]
      [Free CSet: 0.0 ms]
   [Eden: 11264.0K(11264.0K)->0.0B(9216.0K) Survivors: 1024.0K->2048.0K Heap: 48587.6K(65536.0K)->41623.6K(65536.0K)]
 [Times: user=0.14 sys=0.01, real=0.01 secs] 
2026-06-17T09:48:54.083+0800: 16.284: [GC pause (G1 Evacuation Pause) (young) (initial-mark), 0.0170403 secs]
   [Parallel Time: 12.7 ms, GC Workers: 18]
      [GC Worker Start (ms): Min: 16284.3, Avg: 16285.4, Max: 16286.4, Diff: 2.1]
      [Ext Root Scanning (ms): Min: 0.0, Avg: 2.9, Max: 8.9, Diff: 8.9, Sum: 52.8]
      [Update RS (ms): Min: 0.0, Avg: 0.0, Max: 0.0, Diff: 0.0, Sum: 0.1]
         [Processed Buffers: Min: 0, Avg: 0.2, Max: 4, Diff: 4, Sum: 4]
      [Scan RS (ms): Min: 0.0, Avg: 0.0, Max: 0.0, Diff: 0.0, Sum: 0.0]
      [Code Root Scanning (ms): Min: 0.0, Avg: 0.0, Max: 0.0, Diff: 0.0, Sum: 0.0]
      [Object Copy (ms): Min: 0.0, Avg: 0.1, Max: 0.4, Diff: 0.4, Sum: 1.1]
      [Termination (ms): Min: 0.0, Avg: 7.0, Max: 8.7, Diff: 8.7, Sum: 126.7]
         [Termination Attempts: Min: 1, Avg: 1.2, Max: 3, Diff: 2, Sum: 22]
      [GC Worker Other (ms): Min: 0.0, Avg: 0.0, Max: 0.0, Diff: 0.0, Sum: 0.2]
      [GC Worker Total (ms): Min: 8.9, Avg: 10.0, Max: 11.2, Diff: 2.3, Sum: 180.9]
      [GC Worker End (ms): Min: 16295.2, Avg: 16295.4, Max: 16295.7, Diff: 0.5]
   [Code Root Fixup: 0.0 ms]
   [Code Root Purge: 0.0 ms]
   [Clear CT: 0.9 ms]
   [Other: 3.5 ms]
      [Choose CSet: 0.0 ms]
      [Ref Proc: 2.6 ms]
      [Ref Enq: 0.0 ms]
      [Redirty Cards: 0.8 ms]
      [Humongous Register: 0.0 ms]
      [Humongous Reclaim: 0.0 ms]
      [Free CSet: 0.0 ms]
   [Eden: 9216.0K(9216.0K)->0.0B(6144.0K) Survivors: 2048.0K->2048.0K Heap: 50839.6K(65536.0K)->44856.6K(65536.0K)]
 [Times: user=0.13 sys=0.01, real=0.01 secs] 
2026-06-17T09:48:54.101+0800: 16.302: [GC concurrent-root-region-scan-start]
2026-06-17T09:48:54.101+0800: 16.302: [GC concurrent-root-region-scan-end, 0.0002963 secs]
2026-06-17T09:48:54.101+0800: 16.302: [GC concurrent-mark-start]
2026-06-17T09:48:54.102+0800: 16.303: [GC concurrent-mark-end, 0.0005145 secs]
2026-06-17T09:48:54.102+0800: 16.303: [GC remark 2026-06-17T09:48:54.102+0800: 16.304: [Finalize Marking, 0.0039836 secs] 2026-06-17T09:48:54.107+0800: 16.308: [GC ref-proc, 0.0007508 secs] 2026-06-17T09:48:54.108+0800: 16.309: [Unloading, 0.0015345 secs], 0.0088706 secs]
 [Times: user=0.03 sys=0.01, real=0.02 secs] 
2026-06-17T09:48:54.112+0800: 16.313: [GC cleanup 47534K->42414K(65536K), 0.0028872 secs]
 [Times: user=0.00 sys=0.00, real=0.00 secs] 
2026-06-17T09:48:54.116+0800: 16.317: [GC concurrent-cleanup-start]
2026-06-17T09:48:54.116+0800: 16.317: [GC concurrent-cleanup-end, 0.0000070 secs]
2026-06-17T09:48:54.116+0800: 16.317: [GC pause (G1 Evacuation Pause) (young), 0.0167890 secs]
   [Parallel Time: 10.0 ms, GC Workers: 18]
      [GC Worker Start (ms): Min: 16317.4, Avg: 16318.9, Max: 16326.2, Diff: 8.8]
      [Ext Root Scanning (ms): Min: 0.0, Avg: 0.0, Max: 0.1, Diff: 0.1, Sum: 0.3]
      [Update RS (ms): Min: 0.0, Avg: 0.0, Max: 0.0, Diff: 0.0, Sum: 0.0]
         [Processed Buffers: Min: 0, Avg: 0.2, Max: 1, Diff: 1, Sum: 3]
      [Scan RS (ms): Min: 0.0, Avg: 0.0, Max: 0.0, Diff: 0.0, Sum: 0.0]
      [Code Root Scanning (ms): Min: 0.0, Avg: 0.0, Max: 0.0, Diff: 0.0, Sum: 0.0]
      [Object Copy (ms): Min: 0.0, Avg: 0.0, Max: 0.1, Diff: 0.1, Sum: 0.4]
      [Termination (ms): Min: 0.0, Avg: 7.4, Max: 8.8, Diff: 8.8, Sum: 132.5]
         [Termination Attempts: Min: 1, Avg: 1.1, Max: 2, Diff: 1, Sum: 19]
      [GC Worker Other (ms): Min: 0.0, Avg: 0.0, Max: 0.0, Diff: 0.0, Sum: 0.1]
      [GC Worker Total (ms): Min: 0.0, Avg: 7.4, Max: 9.1, Diff: 9.1, Sum: 133.3]
      [GC Worker End (ms): Min: 16326.2, Avg: 16326.3, Max: 16326.5, Diff: 0.3]
   [Code Root Fixup: 0.0 ms]
   [Code Root Purge: 0.0 ms]
   [Clear CT: 1.0 ms]
   [Other: 5.7 ms]
      [Choose CSet: 0.0 ms]
      [Ref Proc: 5.0 ms]
      [Ref Enq: 0.0 ms]
      [Redirty Cards: 0.7 ms]
      [Humongous Register: 0.0 ms]
      [Humongous Reclaim: 0.0 ms]
      [Free CSet: 0.0 ms]
   [Eden: 6144.0K(6144.0K)->0.0B(2048.0K) Survivors: 2048.0K->1024.0K Heap: 45880.6K(65536.0K)->40125.7K(65536.0K)]
 [Times: user=0.21 sys=0.01, real=0.02 secs] 
2026-06-17T09:48:54.144+0800: 16.345: [GC pause (G1 Evacuation Pause) (mixed), 0.0133630 secs]
   [Parallel Time: 7.3 ms, GC Workers: 18]
      [GC Worker Start (ms): Min: 16345.5, Avg: 16346.8, Max: 16350.6, Diff: 5.1]
      [Ext Root Scanning (ms): Min: 0.0, Avg: 0.0, Max: 0.1, Diff: 0.1, Sum: 0.3]
      [Update RS (ms): Min: 0.0, Avg: 0.0, Max: 0.0, Diff: 0.0, Sum: 0.0]
         [Processed Buffers: Min: 0, Avg: 0.2, Max: 2, Diff: 2, Sum: 3]
      [Scan RS (ms): Min: 0.0, Avg: 0.0, Max: 0.0, Diff: 0.0, Sum: 0.0]
      [Code Root Scanning (ms): Min: 0.0, Avg: 0.0, Max: 0.0, Diff: 0.0, Sum: 0.0]
      [Object Copy (ms): Min: 0.0, Avg: 0.0, Max: 0.2, Diff: 0.2, Sum: 0.6]
      [Termination (ms): Min: 0.0, Avg: 4.0, Max: 5.2, Diff: 5.2, Sum: 71.2]
         [Termination Attempts: Min: 1, Avg: 1.0, Max: 1, Diff: 0, Sum: 18]
      [GC Worker Other (ms): Min: 0.0, Avg: 0.0, Max: 0.0, Diff: 0.0, Sum: 0.2]
      [GC Worker Total (ms): Min: 0.0, Avg: 4.0, Max: 5.2, Diff: 5.2, Sum: 72.3]
      [GC Worker End (ms): Min: 16350.7, Avg: 16350.8, Max: 16351.3, Diff: 0.6]
   [Code Root Fixup: 0.0 ms]
   [Code Root Purge: 0.0 ms]
   [Clear CT: 1.4 ms]
   [Other: 4.7 ms]
      [Choose CSet: 0.0 ms]
      [Ref Proc: 4.0 ms]
      [Ref Enq: 0.0 ms]
      [Redirty Cards: 0.6 ms]
      [Humongous Register: 0.0 ms]
      [Humongous Reclaim: 0.0 ms]
      [Free CSet: 0.0 ms]
   [Eden: 2048.0K(2048.0K)->0.0B(2048.0K) Survivors: 1024.0K->1024.0K Heap: 42173.7K(65536.0K)->37449.6K(65536.0K)]
 [Times: user=0.10 sys=0.00, real=0.01 secs] 
2026-06-17T09:48:54.159+0800: 16.360: [GC pause (G1 Evacuation Pause) (mixed), 0.0095069 secs]
   [Parallel Time: 2.2 ms, GC Workers: 18]
      [GC Worker Start (ms): Min: 16360.2, Avg: 16361.1, Max: 16361.8, Diff: 1.6]
      [Ext Root Scanning (ms): Min: 0.0, Avg: 0.0, Max: 0.1, Diff: 0.1, Sum: 0.3]
      [Update RS (ms): Min: 0.0, Avg: 0.0, Max: 0.0, Diff: 0.0, Sum: 0.0]
         [Processed Buffers: Min: 0, Avg: 0.2, Max: 2, Diff: 2, Sum: 4]
      [Scan RS (ms): Min: 0.0, Avg: 0.0, Max: 0.0, Diff: 0.0, Sum: 0.0]
      [Code Root Scanning (ms): Min: 0.0, Avg: 0.0, Max: 0.0, Diff: 0.0, Sum: 0.0]
      [Object Copy (ms): Min: 0.0, Avg: 0.0, Max: 0.2, Diff: 0.2, Sum: 0.8]
      [Termination (ms): Min: 0.0, Avg: 0.7, Max: 1.4, Diff: 1.4, Sum: 12.7]
         [Termination Attempts: Min: 1, Avg: 1.0, Max: 1, Diff: 0, Sum: 18]
      [GC Worker Other (ms): Min: 0.0, Avg: 0.0, Max: 0.0, Diff: 0.0, Sum: 0.1]
      [GC Worker Total (ms): Min: 0.0, Avg: 0.8, Max: 1.8, Diff: 1.8, Sum: 14.0]
      [GC Worker End (ms): Min: 16361.8, Avg: 16361.8, Max: 16362.0, Diff: 0.2]
   [Code Root Fixup: 0.0 ms]
   [Code Root Purge: 0.0 ms]
   [Clear CT: 0.8 ms]
   [Other: 6.5 ms]
      [Choose CSet: 0.0 ms]
      [Ref Proc: 5.9 ms]
      [Ref Enq: 0.0 ms]
      [Redirty Cards: 0.5 ms]
      [Humongous Register: 0.0 ms]
      [Humongous Reclaim: 0.0 ms]
      [Free CSet: 0.0 ms]
   [Eden: 2048.0K(2048.0K)->0.0B(2048.0K) Survivors: 1024.0K->1024.0K Heap: 39497.6K(65536.0K)->36185.6K(65536.0K)]
 [Times: user=0.08 sys=0.01, real=0.01 secs] 
2026-06-17T09:48:54.180+0800: 16.381: [GC pause (G1 Evacuation Pause) (mixed), 0.0171039 secs]
   [Parallel Time: 10.4 ms, GC Workers: 18]
      [GC Worker Start (ms): Min: 16381.0, Avg: 16382.6, Max: 16389.3, Diff: 8.3]
      [Ext Root Scanning (ms): Min: 0.0, Avg: 0.0, Max: 0.2, Diff: 0.2, Sum: 0.4]
      [Update RS (ms): Min: 0.0, Avg: 0.0, Max: 0.0, Diff: 0.0, Sum: 0.0]
         [Processed Buffers: Min: 0, Avg: 0.2, Max: 1, Diff: 1, Sum: 3]
      [Scan RS (ms): Min: 0.0, Avg: 0.0, Max: 0.0, Diff: 0.0, Sum: 0.1]
      [Code Root Scanning (ms): Min: 0.0, Avg: 0.0, Max: 0.0, Diff: 0.0, Sum: 0.0]
      [Object Copy (ms): Min: 0.0, Avg: 0.0, Max: 0.2, Diff: 0.2, Sum: 0.6]
      [Termination (ms): Min: 0.0, Avg: 6.9, Max: 8.6, Diff: 8.6, Sum: 123.9]
         [Termination Attempts: Min: 1, Avg: 1.0, Max: 1, Diff: 0, Sum: 18]
      [GC Worker Other (ms): Min: 0.0, Avg: 0.0, Max: 0.0, Diff: 0.0, Sum: 0.2]
      [GC Worker Total (ms): Min: 0.0, Avg: 7.0, Max: 9.0, Diff: 9.0, Sum: 125.3]
      [GC Worker End (ms): Min: 16389.3, Avg: 16389.6, Max: 16390.0, Diff: 0.6]
   [Code Root Fixup: 0.0 ms]
   [Code Root Purge: 0.0 ms]
   [Clear CT: 1.0 ms]
   [Other: 5.7 ms]
      [Choose CSet: 0.0 ms]
      [Ref Proc: 5.0 ms]
      [Ref Enq: 0.0 ms]
      [Redirty Cards: 0.6 ms]
      [Humongous Register: 0.0 ms]
      [Humongous Reclaim: 0.0 ms]
      [Free CSet: 0.0 ms]
   [Eden: 2048.0K(2048.0K)->0.0B(13312.0K) Survivors: 1024.0K->1024.0K Heap: 38233.6K(65536.0K)->34589.6K(65536.0K)]
 [Times: user=0.17 sys=0.00, real=0.02 secs] 
2026-06-17T09:48:54.230+0800: 16.431: [GC pause (G1 Evacuation Pause) (young), 0.0351554 secs]
   [Parallel Time: 26.7 ms, GC Workers: 18]
      [GC Worker Start (ms): Min: 16431.3, Avg: 16442.0, Max: 16456.2, Diff: 24.9]
      [Ext Root Scanning (ms): Min: 0.0, Avg: 0.1, Max: 0.6, Diff: 0.6, Sum: 1.2]
      [Update RS (ms): Min: 0.0, Avg: 0.0, Max: 0.3, Diff: 0.3, Sum: 0.5]
         [Processed Buffers: Min: 0, Avg: 0.3, Max: 2, Diff: 2, Sum: 5]
      [Scan RS (ms): Min: 0.0, Avg: 0.0, Max: 0.0, Diff: 0.0, Sum: 0.0]
      [Code Root Scanning (ms): Min: 0.0, Avg: 0.0, Max: 0.0, Diff: 0.0, Sum: 0.0]
      [Object Copy (ms): Min: 0.0, Avg: 0.1, Max: 0.4, Diff: 0.4, Sum: 1.4]
      [Termination (ms): Min: 0.0, Avg: 14.2, Max: 24.1, Diff: 24.1, Sum: 256.3]
         [Termination Attempts: Min: 1, Avg: 1.0, Max: 1, Diff: 0, Sum: 18]
      [GC Worker Other (ms): Min: 0.0, Avg: 0.0, Max: 0.0, Diff: 0.0, Sum: 0.1]
      [GC Worker Total (ms): Min: 0.0, Avg: 14.4, Max: 25.0, Diff: 25.0, Sum: 259.6]
      [GC Worker End (ms): Min: 16456.2, Avg: 16456.4, Max: 16456.6, Diff: 0.3]
   [Code Root Fixup: 0.0 ms]
   [Code Root Purge: 0.0 ms]
   [Clear CT: 1.4 ms]
   [Other: 7.1 ms]
      [Choose CSet: 0.0 ms]
      [Ref Proc: 6.4 ms]
      [Ref Enq: 0.0 ms]
      [Redirty Cards: 0.6 ms]
      [Humongous Register: 0.0 ms]
      [Humongous Reclaim: 0.0 ms]
      [Free CSet: 0.0 ms]
   [Eden: 13312.0K(13312.0K)->0.0B(11264.0K) Survivors: 1024.0K->2048.0K Heap: 47901.6K(65536.0K)->38379.6K(65536.0K)]
 [Times: user=0.33 sys=0.01, real=0.04 secs] 
2026-06-17T09:48:54.291+0800: 16.492: [GC pause (G1 Evacuation Pause) (young) (initial-mark), 0.0150282 secs]
   [Parallel Time: 9.9 ms, GC Workers: 18]
      [GC Worker Start (ms): Min: 16492.2, Avg: 16492.9, Max: 16493.5, Diff: 1.2]
      [Ext Root Scanning (ms): Min: 0.0, Avg: 2.2, Max: 7.8, Diff: 7.8, Sum: 40.2]
      [Update RS (ms): Min: 0.0, Avg: 0.0, Max: 0.0, Diff: 0.0, Sum: 0.0]
         [Processed Buffers: Min: 0, Avg: 0.2, Max: 3, Diff: 3, Sum: 3]
      [Scan RS (ms): Min: 0.0, Avg: 0.0, Max: 0.0, Diff: 0.0, Sum: 0.0]
      [Code Root Scanning (ms): Min: 0.0, Avg: 0.0, Max: 0.0, Diff: 0.0, Sum: 0.0]
      [Object Copy (ms): Min: 0.0, Avg: 0.1, Max: 0.3, Diff: 0.3, Sum: 1.0]
      [Termination (ms): Min: 0.0, Avg: 6.0, Max: 7.5, Diff: 7.5, Sum: 108.4]
         [Termination Attempts: Min: 1, Avg: 1.0, Max: 1, Diff: 0, Sum: 18]
      [GC Worker Other (ms): Min: 0.0, Avg: 0.0, Max: 0.0, Diff: 0.0, Sum: 0.1]
      [GC Worker Total (ms): Min: 7.7, Avg: 8.3, Max: 9.1, Diff: 1.4, Sum: 149.8]
      [GC Worker End (ms): Min: 16501.2, Avg: 16501.2, Max: 16501.3, Diff: 0.2]
   [Code Root Fixup: 0.0 ms]
   [Code Root Purge: 0.0 ms]
   [Clear CT: 0.9 ms]
   [Other: 4.2 ms]
      [Choose CSet: 0.0 ms]
      [Ref Proc: 3.6 ms]
      [Ref Enq: 0.0 ms]
      [Redirty Cards: 0.5 ms]
      [Humongous Register: 0.0 ms]
      [Humongous Reclaim: 0.0 ms]
      [Free CSet: 0.0 ms]
   [Eden: 11264.0K(11264.0K)->0.0B(6144.0K) Survivors: 2048.0K->2048.0K Heap: 49643.6K(65536.0K)->43629.6K(65536.0K)]
 [Times: user=0.14 sys=0.00, real=0.01 secs] 
2026-06-17T09:48:54.307+0800: 16.508: [GC concurrent-root-region-scan-start]
2026-06-17T09:48:54.307+0800: 16.508: [GC concurrent-root-region-scan-end, 0.0001878 secs]
2026-06-17T09:48:54.307+0800: 16.508: [GC concurrent-mark-start]
2026-06-17T09:48:54.308+0800: 16.509: [GC concurrent-mark-end, 0.0005969 secs]
2026-06-17T09:48:54.308+0800: 16.509: [GC remark 2026-06-17T09:48:54.308+0800: 16.509: [Finalize Marking, 0.0050631 secs] 2026-06-17T09:48:54.313+0800: 16.515: [GC ref-proc, 0.0004442 secs] 2026-06-17T09:48:54.314+0800: 16.515: [Unloading, 0.0016426 secs], 0.0090670 secs]
 [Times: user=0.05 sys=0.00, real=0.01 secs] 
2026-06-17T09:48:54.318+0800: 16.519: [GC cleanup 44623K->35407K(65536K), 0.0030407 secs]
 [Times: user=0.00 sys=0.00, real=0.00 secs] 
2026-06-17T09:48:54.322+0800: 16.523: [GC concurrent-cleanup-start]
2026-06-17T09:48:54.322+0800: 16.523: [GC concurrent-cleanup-end, 0.0000093 secs]
2026-06-17T09:48:54.333+0800: 16.534: [GC pause (G1 Evacuation Pause) (young), 0.0177264 secs]
   [Parallel Time: 9.9 ms, GC Workers: 18]
      [GC Worker Start (ms): Min: 16534.0, Avg: 16536.0, Max: 16542.1, Diff: 8.1]
      [Ext Root Scanning (ms): Min: 0.0, Avg: 0.0, Max: 0.2, Diff: 0.2, Sum: 0.5]
      [Update RS (ms): Min: 0.0, Avg: 0.0, Max: 0.0, Diff: 0.0, Sum: 0.0]
         [Processed Buffers: Min: 0, Avg: 0.2, Max: 2, Diff: 2, Sum: 4]
      [Scan RS (ms): Min: 0.0, Avg: 0.0, Max: 0.0, Diff: 0.0, Sum: 0.0]
      [Code Root Scanning (ms): Min: 0.0, Avg: 0.0, Max: 0.0, Diff: 0.0, Sum: 0.0]
      [Object Copy (ms): Min: 0.0, Avg: 0.0, Max: 0.1, Diff: 0.1, Sum: 0.6]
      [Termination (ms): Min: 0.0, Avg: 6.2, Max: 8.4, Diff: 8.4, Sum: 112.2]
         [Termination Attempts: Min: 1, Avg: 1.0, Max: 1, Diff: 0, Sum: 18]
      [GC Worker Other (ms): Min: 0.0, Avg: 0.0, Max: 0.0, Diff: 0.0, Sum: 0.2]
      [GC Worker Total (ms): Min: 0.0, Avg: 6.3, Max: 8.6, Diff: 8.6, Sum: 113.5]
      [GC Worker End (ms): Min: 16542.1, Avg: 16542.3, Max: 16542.8, Diff: 0.7]
   [Code Root Fixup: 0.0 ms]
   [Code Root Purge: 0.0 ms]
   [Clear CT: 2.0 ms]
   [Other: 5.8 ms]
      [Choose CSet: 0.0 ms]
      [Ref Proc: 4.8 ms]
      [Ref Enq: 0.0 ms]
      [Redirty Cards: 0.9 ms]
      [Humongous Register: 0.0 ms]
      [Humongous Reclaim: 0.0 ms]
      [Free CSet: 0.0 ms]
   [Eden: 6144.0K(6144.0K)->0.0B(2048.0K) Survivors: 2048.0K->1024.0K Heap: 41777.6K(65536.0K)->38062.6K(65536.0K)]
 [Times: user=0.15 sys=0.01, real=0.02 secs] 
2026-06-17T09:48:54.352+0800: 16.553: [GC pause (G1 Evacuation Pause) (mixed), 0.0112893 secs]
   [Parallel Time: 6.5 ms, GC Workers: 18]
      [GC Worker Start (ms): Min: 16553.3, Avg: 16554.7, Max: 16558.5, Diff: 5.1]
      [Ext Root Scanning (ms): Min: 0.0, Avg: 0.0, Max: 0.2, Diff: 0.2, Sum: 0.4]
      [Update RS (ms): Min: 0.0, Avg: 0.0, Max: 0.0, Diff: 0.0, Sum: 0.0]
         [Processed Buffers: Min: 0, Avg: 0.2, Max: 1, Diff: 1, Sum: 3]
      [Scan RS (ms): Min: 0.0, Avg: 0.0, Max: 0.0, Diff: 0.0, Sum: 0.0]
      [Code Root Scanning (ms): Min: 0.0, Avg: 0.0, Max: 0.0, Diff: 0.0, Sum: 0.0]
      [Object Copy (ms): Min: 0.0, Avg: 0.0, Max: 0.2, Diff: 0.2, Sum: 0.7]
      [Termination (ms): Min: 0.0, Avg: 3.9, Max: 5.1, Diff: 5.1, Sum: 69.7]
         [Termination Attempts: Min: 1, Avg: 1.0, Max: 1, Diff: 0, Sum: 18]
      [GC Worker Other (ms): Min: 0.0, Avg: 0.0, Max: 0.0, Diff: 0.0, Sum: 0.1]
      [GC Worker Total (ms): Min: 0.0, Avg: 3.9, Max: 5.4, Diff: 5.4, Sum: 70.9]
      [GC Worker End (ms): Min: 16558.5, Avg: 16558.6, Max: 16558.8, Diff: 0.4]
   [Code Root Fixup: 0.0 ms]
   [Code Root Purge: 0.0 ms]
   [Clear CT: 1.5 ms]
   [Other: 3.3 ms]
      [Choose CSet: 0.0 ms]
      [Ref Proc: 2.3 ms]
      [Ref Enq: 0.0 ms]
      [Redirty Cards: 0.9 ms]
      [Humongous Register: 0.0 ms]
      [Humongous Reclaim: 0.0 ms]
      [Free CSet: 0.0 ms]
   [Eden: 2048.0K(2048.0K)->0.0B(2048.0K) Survivors: 1024.0K->1024.0K Heap: 40110.6K(65536.0K)->34384.7K(65536.0K)]
 [Times: user=0.08 sys=0.01, real=0.01 secs] 
2026-06-17T09:48:54.375+0800: 16.576: [GC pause (G1 Evacuation Pause) (mixed), 0.0143669 secs]
   [Parallel Time: 7.7 ms, GC Workers: 18]
      [GC Worker Start (ms): Min: 16576.3, Avg: 16577.5, Max: 16583.3, Diff: 7.0]
      [Ext Root Scanning (ms): Min: 0.0, Avg: 0.0, Max: 0.2, Diff: 0.2, Sum: 0.6]
      [Update RS (ms): Min: 0.0, Avg: 0.0, Max: 0.0, Diff: 0.0, Sum: 0.0]
         [Processed Buffers: Min: 0, Avg: 0.3, Max: 2, Diff: 2, Sum: 5]
      [Scan RS (ms): Min: 0.0, Avg: 0.0, Max: 0.0, Diff: 0.0, Sum: 0.1]
      [Code Root Scanning (ms): Min: 0.0, Avg: 0.0, Max: 0.0, Diff: 0.0, Sum: 0.0]
      [Object Copy (ms): Min: 0.0, Avg: 0.1, Max: 0.2, Diff: 0.2, Sum: 1.0]
      [Termination (ms): Min: 0.0, Avg: 5.8, Max: 6.8, Diff: 6.8, Sum: 103.7]
         [Termination Attempts: Min: 1, Avg: 1.0, Max: 1, Diff: 0, Sum: 18]
      [GC Worker Other (ms): Min: 0.0, Avg: 0.0, Max: 0.0, Diff: 0.0, Sum: 0.1]
      [GC Worker Total (ms): Min: 0.0, Avg: 5.9, Max: 7.1, Diff: 7.0, Sum: 105.5]
      [GC Worker End (ms): Min: 16583.3, Avg: 16583.4, Max: 16583.5, Diff: 0.2]
   [Code Root Fixup: 0.0 ms]
   [Code Root Purge: 0.0 ms]
   [Clear CT: 1.9 ms]
   [Other: 4.7 ms]
      [Choose CSet: 0.0 ms]
      [Ref Proc: 4.1 ms]
      [Ref Enq: 0.0 ms]
      [Redirty Cards: 0.5 ms]
      [Humongous Register: 0.0 ms]
      [Humongous Reclaim: 0.0 ms]
      [Free CSet: 0.0 ms]
   [Eden: 2048.0K(2048.0K)->0.0B(14336.0K) Survivors: 1024.0K->1024.0K Heap: 36432.7K(65536.0K)->31987.6K(65536.0K)]
 [Times: user=0.14 sys=0.00, real=0.01 secs] 
2026-06-17T09:48:54.423+0800: 16.624: [GC pause (G1 Evacuation Pause) (young), 0.0160530 secs]
   [Parallel Time: 7.9 ms, GC Workers: 18]
      [GC Worker Start (ms): Min: 16624.4, Avg: 16626.3, Max: 16630.0, Diff: 5.6]
      [Ext Root Scanning (ms): Min: 0.0, Avg: 0.1, Max: 0.6, Diff: 0.6, Sum: 1.4]
      [Update RS (ms): Min: 0.0, Avg: 0.0, Max: 0.3, Diff: 0.3, Sum: 0.7]
         [Processed Buffers: Min: 0, Avg: 0.4, Max: 3, Diff: 3, Sum: 8]
      [Scan RS (ms): Min: 0.0, Avg: 0.0, Max: 0.0, Diff: 0.0, Sum: 0.1]
      [Code Root Scanning (ms): Min: 0.0, Avg: 0.0, Max: 0.0, Diff: 0.0, Sum: 0.0]
      [Object Copy (ms): Min: 0.0, Avg: 0.1, Max: 0.3, Diff: 0.3, Sum: 1.4]
      [Termination (ms): Min: 0.0, Avg: 3.6, Max: 4.9, Diff: 4.9, Sum: 64.5]
         [Termination Attempts: Min: 1, Avg: 1.0, Max: 1, Diff: 0, Sum: 18]
      [GC Worker Other (ms): Min: 0.0, Avg: 0.0, Max: 0.0, Diff: 0.0, Sum: 0.2]
      [GC Worker Total (ms): Min: 0.0, Avg: 3.8, Max: 5.8, Diff: 5.8, Sum: 68.3]
      [GC Worker End (ms): Min: 16630.0, Avg: 16630.1, Max: 16630.3, Diff: 0.3]
   [Code Root Fixup: 0.0 ms]
   [Code Root Purge: 0.0 ms]
   [Clear CT: 1.5 ms]
   [Other: 6.7 ms]
      [Choose CSet: 0.0 ms]
      [Ref Proc: 5.6 ms]
      [Ref Enq: 0.0 ms]
      [Redirty Cards: 1.0 ms]
      [Humongous Register: 0.0 ms]
      [Humongous Reclaim: 0.0 ms]
      [Free CSet: 0.0 ms]
   [Eden: 14336.0K(14336.0K)->0.0B(11264.0K) Survivors: 1024.0K->2048.0K Heap: 46323.6K(65536.0K)->35959.6K(65536.0K)]
 [Times: user=0.11 sys=0.01, real=0.01 secs] 
2026-06-17T09:48:54.473+0800: 16.674: [GC pause (G1 Evacuation Pause) (young) (initial-mark), 0.0195588 secs]
   [Parallel Time: 11.5 ms, GC Workers: 18]
      [GC Worker Start (ms): Min: 16674.2, Avg: 16675.5, Max: 16676.4, Diff: 2.2]
      [Ext Root Scanning (ms): Min: 0.0, Avg: 2.7, Max: 7.6, Diff: 7.5, Sum: 48.7]
      [Update RS (ms): Min: 0.0, Avg: 0.0, Max: 0.0, Diff: 0.0, Sum: 0.1]
         [Processed Buffers: Min: 0, Avg: 0.1, Max: 2, Diff: 2, Sum: 2]
      [Scan RS (ms): Min: 0.0, Avg: 0.0, Max: 0.0, Diff: 0.0, Sum: 0.0]
      [Code Root Scanning (ms): Min: 0.0, Avg: 0.0, Max: 0.0, Diff: 0.0, Sum: 0.0]
      [Object Copy (ms): Min: 0.0, Avg: 0.0, Max: 0.5, Diff: 0.5, Sum: 0.9]
      [Termination (ms): Min: 0.0, Avg: 5.7, Max: 7.0, Diff: 7.0, Sum: 103.3]
         [Termination Attempts: Min: 1, Avg: 1.0, Max: 1, Diff: 0, Sum: 18]
      [GC Worker Other (ms): Min: 0.0, Avg: 0.0, Max: 0.0, Diff: 0.0, Sum: 0.1]
      [GC Worker Total (ms): Min: 7.5, Avg: 8.5, Max: 9.8, Diff: 2.3, Sum: 153.1]
      [GC Worker End (ms): Min: 16683.9, Avg: 16684.0, Max: 16684.1, Diff: 0.2]
   [Code Root Fixup: 0.0 ms]
   [Code Root Purge: 0.0 ms]
   [Clear CT: 3.0 ms]
   [Other: 5.1 ms]
      [Choose CSet: 0.0 ms]
      [Ref Proc: 4.1 ms]
      [Ref Enq: 0.0 ms]
      [Redirty Cards: 0.9 ms]
      [Humongous Register: 0.0 ms]
      [Humongous Reclaim: 0.0 ms]
      [Free CSet: 0.0 ms]
   [Eden: 11264.0K(11264.0K)->0.0B(10240.0K) Survivors: 2048.0K->2048.0K Heap: 47223.6K(65536.0K)->38303.6K(65536.0K)]
 [Times: user=0.14 sys=0.00, real=0.02 secs] 
2026-06-17T09:48:54.493+0800: 16.694: [GC concurrent-root-region-scan-start]
2026-06-17T09:48:54.494+0800: 16.695: [GC concurrent-root-region-scan-end, 0.0003735 secs]
2026-06-17T09:48:54.494+0800: 16.695: [GC concurrent-mark-start]
2026-06-17T09:48:54.494+0800: 16.695: [GC concurrent-mark-end, 0.0005680 secs]
2026-06-17T09:48:54.494+0800: 16.696: [GC remark 2026-06-17T09:48:54.495+0800: 16.696: [Finalize Marking, 0.0087725 secs] 2026-06-17T09:48:54.504+0800: 16.705: [GC ref-proc, 0.0005318 secs] 2026-06-17T09:48:54.505+0800: 16.706: [Unloading, 0.0017737 secs], 0.0133836 secs]
 [Times: user=0.09 sys=0.01, real=0.01 secs] 
2026-06-17T09:48:54.509+0800: 16.710: [GC cleanup 41286K->37190K(65536K), 0.0026460 secs]
 [Times: user=0.00 sys=0.00, real=0.01 secs] 
2026-06-17T09:48:54.513+0800: 16.714: [GC concurrent-cleanup-start]
2026-06-17T09:48:54.513+0800: 16.714: [GC concurrent-cleanup-end, 0.0000077 secs]
2026-06-17T09:48:54.523+0800: 16.725: [GC pause (G1 Evacuation Pause) (young), 0.0172933 secs]
   [Parallel Time: 11.2 ms, GC Workers: 18]
      [GC Worker Start (ms): Min: 16724.6, Avg: 16726.3, Max: 16733.1, Diff: 8.5]
      [Ext Root Scanning (ms): Min: 0.0, Avg: 0.0, Max: 0.2, Diff: 0.2, Sum: 0.6]
      [Update RS (ms): Min: 0.0, Avg: 0.0, Max: 0.0, Diff: 0.0, Sum: 0.0]
         [Processed Buffers: Min: 0, Avg: 0.2, Max: 1, Diff: 1, Sum: 3]
      [Scan RS (ms): Min: 0.0, Avg: 0.0, Max: 0.0, Diff: 0.0, Sum: 0.0]
      [Code Root Scanning (ms): Min: 0.0, Avg: 0.0, Max: 0.0, Diff: 0.0, Sum: 0.0]
      [Object Copy (ms): Min: 0.0, Avg: 0.0, Max: 0.1, Diff: 0.1, Sum: 0.4]
      [Termination (ms): Min: 0.0, Avg: 7.0, Max: 8.9, Diff: 8.9, Sum: 126.8]
         [Termination Attempts: Min: 1, Avg: 1.0, Max: 1, Diff: 0, Sum: 18]
      [GC Worker Other (ms): Min: 0.0, Avg: 0.0, Max: 0.0, Diff: 0.0, Sum: 0.2]
      [GC Worker Total (ms): Min: 0.0, Avg: 7.1, Max: 9.2, Diff: 9.2, Sum: 128.0]
      [GC Worker End (ms): Min: 16733.1, Avg: 16733.4, Max: 16733.9, Diff: 0.8]
   [Code Root Fixup: 0.0 ms]
   [Code Root Purge: 0.0 ms]
   [Clear CT: 1.2 ms]
   [Other: 4.8 ms]
      [Choose CSet: 0.0 ms]
      [Ref Proc: 4.1 ms]
      [Ref Enq: 0.0 ms]
      [Redirty Cards: 0.7 ms]
      [Humongous Register: 0.0 ms]
      [Humongous Reclaim: 0.0 ms]
      [Free CSet: 0.0 ms]
   [Eden: 10240.0K(10240.0K)->0.0B(1024.0K) Survivors: 2048.0K->2048.0K Heap: 44447.6K(65536.0K)->34945.6K(65536.0K)]
 [Times: user=0.16 sys=0.01, real=0.01 secs] 
2026-06-17T09:48:54.552+0800: 16.753: [GC pause (G1 Evacuation Pause) (mixed), 0.0162879 secs]
   [Parallel Time: 9.3 ms, GC Workers: 18]
      [GC Worker Start (ms): Min: 16753.3, Avg: 16755.0, Max: 16759.8, Diff: 6.4]
      [Ext Root Scanning (ms): Min: 0.0, Avg: 0.0, Max: 0.3, Diff: 0.3, Sum: 0.7]
      [Update RS (ms): Min: 0.0, Avg: 0.0, Max: 0.0, Diff: 0.0, Sum: 0.0]
         [Processed Buffers: Min: 0, Avg: 0.1, Max: 1, Diff: 1, Sum: 2]
      [Scan RS (ms): Min: 0.0, Avg: 0.0, Max: 0.0, Diff: 0.0, Sum: 0.1]
      [Code Root Scanning (ms): Min: 0.0, Avg: 0.0, Max: 0.0, Diff: 0.0, Sum: 0.0]
      [Object Copy (ms): Min: 0.0, Avg: 0.1, Max: 0.3, Diff: 0.3, Sum: 1.2]
      [Termination (ms): Min: 0.0, Avg: 4.9, Max: 6.3, Diff: 6.3, Sum: 88.4]
         [Termination Attempts: Min: 1, Avg: 1.0, Max: 1, Diff: 0, Sum: 18]
      [GC Worker Other (ms): Min: 0.0, Avg: 0.0, Max: 0.0, Diff: 0.0, Sum: 0.2]
      [GC Worker Total (ms): Min: 0.0, Avg: 5.0, Max: 6.9, Diff: 6.9, Sum: 90.6]
      [GC Worker End (ms): Min: 16759.8, Avg: 16760.0, Max: 16760.5, Diff: 0.8]
   [Code Root Fixup: 0.0 ms]
   [Code Root Purge: 0.0 ms]
   [Clear CT: 1.2 ms]
   [Other: 5.8 ms]
      [Choose CSet: 0.0 ms]
      [Ref Proc: 5.1 ms]
      [Ref Enq: 0.0 ms]
      [Redirty Cards: 0.6 ms]
      [Humongous Register: 0.0 ms]
      [Humongous Reclaim: 0.0 ms]
      [Free CSet: 0.0 ms]
   [Eden: 1024.0K(1024.0K)->0.0B(2048.0K) Survivors: 2048.0K->1024.0K Heap: 35969.6K(65536.0K)->34401.3K(65536.0K)]
 [Times: user=0.12 sys=0.01, real=0.01 secs] 
2026-06-17T09:48:54.569+0800: 16.771: [GC pause (G1 Evacuation Pause) (mixed), 0.0079275 secs]
   [Parallel Time: 3.6 ms, GC Workers: 18]
      [GC Worker Start (ms): Min: 16770.7, Avg: 16771.7, Max: 16772.8, Diff: 2.0]
      [Ext Root Scanning (ms): Min: 0.0, Avg: 0.0, Max: 0.1, Diff: 0.1, Sum: 0.3]
      [Update RS (ms): Min: 0.0, Avg: 0.0, Max: 0.0, Diff: 0.0, Sum: 0.0]
         [Processed Buffers: Min: 0, Avg: 0.3, Max: 2, Diff: 2, Sum: 5]
      [Scan RS (ms): Min: 0.0, Avg: 0.0, Max: 0.0, Diff: 0.0, Sum: 0.0]
      [Code Root Scanning (ms): Min: 0.0, Avg: 0.0, Max: 0.0, Diff: 0.0, Sum: 0.0]
      [Object Copy (ms): Min: 0.0, Avg: 0.0, Max: 0.2, Diff: 0.2, Sum: 0.7]
      [Termination (ms): Min: 0.0, Avg: 1.3, Max: 2.1, Diff: 2.1, Sum: 22.8]
         [Termination Attempts: Min: 1, Avg: 1.0, Max: 1, Diff: 0, Sum: 18]
      [GC Worker Other (ms): Min: 0.0, Avg: 0.0, Max: 0.0, Diff: 0.0, Sum: 0.1]
      [GC Worker Total (ms): Min: 0.0, Avg: 1.3, Max: 2.4, Diff: 2.4, Sum: 24.0]
      [GC Worker End (ms): Min: 16772.8, Avg: 16773.0, Max: 16773.4, Diff: 0.7]
   [Code Root Fixup: 0.0 ms]
   [Code Root Purge: 0.0 ms]
   [Clear CT: 0.8 ms]
   [Other: 3.5 ms]
      [Choose CSet: 0.0 ms]
      [Ref Proc: 2.9 ms]
      [Ref Enq: 0.0 ms]
      [Redirty Cards: 0.5 ms]
      [Humongous Register: 0.0 ms]
      [Humongous Reclaim: 0.0 ms]
      [Free CSet: 0.0 ms]
   [Eden: 2048.0K(2048.0K)->0.0B(13312.0K) Survivors: 1024.0K->1024.0K Heap: 36449.3K(65536.0K)->35034.6K(65536.0K)]
 [Times: user=0.05 sys=0.00, real=0.01 secs] 
2026-06-17T09:48:54.621+0800: 16.823: [GC pause (G1 Evacuation Pause) (young), 0.0244703 secs]
   [Parallel Time: 18.7 ms, GC Workers: 18]
      [GC Worker Start (ms): Min: 16822.8, Avg: 16828.6, Max: 16840.6, Diff: 17.8]
      [Ext Root Scanning (ms): Min: 0.0, Avg: 0.1, Max: 0.5, Diff: 0.5, Sum: 1.2]
      [Update RS (ms): Min: 0.0, Avg: 0.0, Max: 0.1, Diff: 0.1, Sum: 0.2]
         [Processed Buffers: Min: 0, Avg: 0.3, Max: 2, Diff: 2, Sum: 5]
      [Scan RS (ms): Min: 0.0, Avg: 0.0, Max: 0.0, Diff: 0.0, Sum: 0.1]
      [Code Root Scanning (ms): Min: 0.0, Avg: 0.0, Max: 0.0, Diff: 0.0, Sum: 0.0]
      [Object Copy (ms): Min: 0.0, Avg: 0.1, Max: 0.3, Diff: 0.3, Sum: 1.0]
      [Termination (ms): Min: 0.0, Avg: 12.0, Max: 17.2, Diff: 17.2, Sum: 216.3]
         [Termination Attempts: Min: 1, Avg: 1.0, Max: 1, Diff: 0, Sum: 18]
      [GC Worker Other (ms): Min: 0.0, Avg: 0.0, Max: 0.0, Diff: 0.0, Sum: 0.2]
      [GC Worker Total (ms): Min: 0.0, Avg: 12.2, Max: 18.0, Diff: 17.9, Sum: 218.9]
      [GC Worker End (ms): Min: 16840.6, Avg: 16840.7, Max: 16840.8, Diff: 0.2]
   [Code Root Fixup: 0.0 ms]
   [Code Root Purge: 0.0 ms]
   [Clear CT: 1.3 ms]
   [Other: 4.5 ms]
      [Choose CSet: 0.0 ms]
      [Ref Proc: 3.9 ms]
      [Ref Enq: 0.0 ms]
      [Redirty Cards: 0.6 ms]
      [Humongous Register: 0.0 ms]
      [Humongous Reclaim: 0.0 ms]
      [Free CSet: 0.0 ms]
   [Eden: 13312.0K(13312.0K)->0.0B(11264.0K) Survivors: 1024.0K->2048.0K Heap: 48346.6K(65536.0K)->37879.6K(65536.0K)]
 [Times: user=0.25 sys=0.00, real=0.03 secs] 
2026-06-17T09:48:54.668+0800: 16.870: [GC pause (G1 Evacuation Pause) (young) (initial-mark), 0.0138453 secs]
   [Parallel Time: 9.8 ms, GC Workers: 18]
      [GC Worker Start (ms): Min: 16869.7, Avg: 16870.3, Max: 16870.7, Diff: 1.0]
      [Ext Root Scanning (ms): Min: 0.0, Avg: 2.9, Max: 8.0, Diff: 8.0, Sum: 52.7]
      [Update RS (ms): Min: 0.0, Avg: 0.0, Max: 0.0, Diff: 0.0, Sum: 0.0]
         [Processed Buffers: Min: 0, Avg: 0.2, Max: 3, Diff: 3, Sum: 3]
      [Scan RS (ms): Min: 0.0, Avg: 0.0, Max: 0.0, Diff: 0.0, Sum: 0.0]
      [Code Root Scanning (ms): Min: 0.0, Avg: 0.0, Max: 0.0, Diff: 0.0, Sum: 0.0]
      [Object Copy (ms): Min: 0.0, Avg: 0.1, Max: 0.3, Diff: 0.3, Sum: 1.0]
      [Termination (ms): Min: 0.0, Avg: 5.5, Max: 7.8, Diff: 7.8, Sum: 98.8]
         [Termination Attempts: Min: 1, Avg: 1.1, Max: 2, Diff: 1, Sum: 19]
      [GC Worker Other (ms): Min: 0.0, Avg: 0.0, Max: 0.0, Diff: 0.0, Sum: 0.1]
      [GC Worker Total (ms): Min: 8.0, Avg: 8.5, Max: 9.0, Diff: 1.0, Sum: 152.7]
      [GC Worker End (ms): Min: 16878.7, Avg: 16878.7, Max: 16878.8, Diff: 0.2]
   [Code Root Fixup: 0.0 ms]
   [Code Root Purge: 0.0 ms]
   [Clear CT: 1.4 ms]
   [Other: 2.7 ms]
      [Choose CSet: 0.0 ms]
      [Ref Proc: 2.1 ms]
      [Ref Enq: 0.0 ms]
      [Redirty Cards: 0.6 ms]
      [Humongous Register: 0.0 ms]
      [Humongous Reclaim: 0.0 ms]
      [Free CSet: 0.0 ms]
   [Eden: 11264.0K(11264.0K)->0.0B(6144.0K) Survivors: 2048.0K->2048.0K Heap: 49143.6K(65536.0K)->42139.6K(65536.0K)]
 [Times: user=0.12 sys=0.01, real=0.02 secs] 
2026-06-17T09:48:54.683+0800: 16.885: [GC concurrent-root-region-scan-start]
2026-06-17T09:48:54.684+0800: 16.885: [GC concurrent-root-region-scan-end, 0.0005036 secs]
2026-06-17T09:48:54.684+0800: 16.885: [GC concurrent-mark-start]
2026-06-17T09:48:54.684+0800: 16.885: [GC concurrent-mark-end, 0.0003163 secs]
2026-06-17T09:48:54.684+0800: 16.886: [GC remark 2026-06-17T09:48:54.685+0800: 16.886: [Finalize Marking, 0.0036040 secs] 2026-06-17T09:48:54.689+0800: 16.890: [GC ref-proc, 0.0006092 secs] 2026-06-17T09:48:54.690+0800: 16.891: [Unloading, 0.0014934 secs], 0.0082702 secs]
 [Times: user=0.02 sys=0.00, real=0.01 secs] 
2026-06-17T09:48:54.693+0800: 16.895: [GC cleanup 44724K->37556K(65536K), 0.0028475 secs]
 [Times: user=0.00 sys=0.00, real=0.00 secs] 
2026-06-17T09:48:54.697+0800: 16.898: [GC concurrent-cleanup-start]
2026-06-17T09:48:54.697+0800: 16.898: [GC concurrent-cleanup-end, 0.0000090 secs]
2026-06-17T09:48:54.708+0800: 16.909: [GC pause (G1 Evacuation Pause) (young), 0.0146614 secs]
   [Parallel Time: 9.9 ms, GC Workers: 18]
      [GC Worker Start (ms): Min: 16909.1, Avg: 16911.3, Max: 16918.2, Diff: 9.1]
      [Ext Root Scanning (ms): Min: 0.0, Avg: 0.0, Max: 0.3, Diff: 0.3, Sum: 0.5]
      [Update RS (ms): Min: 0.0, Avg: 0.0, Max: 0.0, Diff: 0.0, Sum: 0.0]
         [Processed Buffers: Min: 0, Avg: 0.2, Max: 4, Diff: 4, Sum: 4]
      [Scan RS (ms): Min: 0.0, Avg: 0.0, Max: 0.0, Diff: 0.0, Sum: 0.0]
      [Code Root Scanning (ms): Min: 0.0, Avg: 0.0, Max: 0.0, Diff: 0.0, Sum: 0.0]
      [Object Copy (ms): Min: 0.0, Avg: 0.0, Max: 0.2, Diff: 0.2, Sum: 0.6]
      [Termination (ms): Min: 0.0, Avg: 6.8, Max: 8.9, Diff: 8.9, Sum: 122.8]
         [Termination Attempts: Min: 1, Avg: 1.0, Max: 1, Diff: 0, Sum: 18]
      [GC Worker Other (ms): Min: 0.0, Avg: 0.0, Max: 0.0, Diff: 0.0, Sum: 0.1]
      [GC Worker Total (ms): Min: 0.0, Avg: 6.9, Max: 9.2, Diff: 9.1, Sum: 124.1]
      [GC Worker End (ms): Min: 16918.2, Avg: 16918.2, Max: 16918.3, Diff: 0.2]
   [Code Root Fixup: 0.0 ms]
   [Code Root Purge: 0.0 ms]
   [Clear CT: 0.6 ms]
   [Other: 4.2 ms]
      [Choose CSet: 0.0 ms]
      [Ref Proc: 3.6 ms]
      [Ref Enq: 0.0 ms]
      [Redirty Cards: 0.5 ms]
      [Humongous Register: 0.0 ms]
      [Humongous Reclaim: 0.0 ms]
      [Free CSet: 0.0 ms]
   [Eden: 6144.0K(6144.0K)->0.0B(2048.0K) Survivors: 2048.0K->1024.0K Heap: 41974.6K(65536.0K)->38915.6K(65536.0K)]
 [Times: user=0.16 sys=0.00, real=0.02 secs] 
2026-06-17T09:48:54.724+0800: 16.925: [GC pause (G1 Evacuation Pause) (mixed), 0.0133775 secs]
   [Parallel Time: 3.8 ms, GC Workers: 18]
      [GC Worker Start (ms): Min: 16925.0, Avg: 16925.9, Max: 16927.8, Diff: 2.8]
      [Ext Root Scanning (ms): Min: 0.0, Avg: 0.0, Max: 0.1, Diff: 0.1, Sum: 0.3]
      [Update RS (ms): Min: 0.0, Avg: 0.0, Max: 0.0, Diff: 0.0, Sum: 0.0]
         [Processed Buffers: Min: 0, Avg: 0.3, Max: 3, Diff: 3, Sum: 5]
      [Scan RS (ms): Min: 0.0, Avg: 0.0, Max: 0.0, Diff: 0.0, Sum: 0.0]
      [Code Root Scanning (ms): Min: 0.0, Avg: 0.0, Max: 0.0, Diff: 0.0, Sum: 0.0]
      [Object Copy (ms): Min: 0.0, Avg: 0.0, Max: 0.2, Diff: 0.2, Sum: 0.8]
      [Termination (ms): Min: 0.0, Avg: 2.0, Max: 2.7, Diff: 2.7, Sum: 36.5]
         [Termination Attempts: Min: 1, Avg: 1.0, Max: 1, Diff: 0, Sum: 18]
      [GC Worker Other (ms): Min: 0.0, Avg: 0.0, Max: 0.0, Diff: 0.0, Sum: 0.1]
      [GC Worker Total (ms): Min: 0.0, Avg: 2.1, Max: 3.1, Diff: 3.0, Sum: 37.7]
      [GC Worker End (ms): Min: 16927.8, Avg: 16928.0, Max: 16928.3, Diff: 0.5]
   [Code Root Fixup: 0.0 ms]
   [Code Root Purge: 0.0 ms]
   [Clear CT: 1.3 ms]
   [Other: 8.3 ms]
      [Choose CSet: 0.0 ms]
      [Ref Proc: 7.7 ms]
      [Ref Enq: 0.0 ms]
      [Redirty Cards: 0.5 ms]
      [Humongous Register: 0.0 ms]
      [Humongous Reclaim: 0.0 ms]
      [Free CSet: 0.0 ms]
   [Eden: 2048.0K(2048.0K)->0.0B(2048.0K) Survivors: 1024.0K->1024.0K Heap: 40963.6K(65536.0K)->37188.6K(65536.0K)]
 [Times: user=0.14 sys=0.00, real=0.01 secs] 
2026-06-17T09:48:54.739+0800: 16.940: [GC pause (G1 Evacuation Pause) (mixed), 0.0063424 secs]
   [Parallel Time: 2.2 ms, GC Workers: 18]
      [GC Worker Start (ms): Min: 16939.9, Avg: 16940.8, Max: 16941.7, Diff: 1.8]
      [Ext Root Scanning (ms): Min: 0.0, Avg: 0.0, Max: 0.2, Diff: 0.2, Sum: 0.5]
      [Update RS (ms): Min: 0.0, Avg: 0.0, Max: 0.0, Diff: 0.0, Sum: 0.0]
         [Processed Buffers: Min: 0, Avg: 0.3, Max: 2, Diff: 2, Sum: 5]
      [Scan RS (ms): Min: 0.0, Avg: 0.0, Max: 0.0, Diff: 0.0, Sum: 0.1]
      [Code Root Scanning (ms): Min: 0.0, Avg: 0.0, Max: 0.0, Diff: 0.0, Sum: 0.0]
      [Object Copy (ms): Min: 0.0, Avg: 0.1, Max: 0.2, Diff: 0.2, Sum: 1.1]
      [Termination (ms): Min: 0.0, Avg: 1.0, Max: 1.7, Diff: 1.7, Sum: 17.4]
         [Termination Attempts: Min: 1, Avg: 1.0, Max: 1, Diff: 0, Sum: 18]
      [GC Worker Other (ms): Min: 0.0, Avg: 0.0, Max: 0.0, Diff: 0.0, Sum: 0.1]
      [GC Worker Total (ms): Min: 0.0, Avg: 1.1, Max: 2.0, Diff: 2.0, Sum: 19.1]
      [GC Worker End (ms): Min: 16941.7, Avg: 16941.8, Max: 16942.0, Diff: 0.3]
   [Code Root Fixup: 0.0 ms]
   [Code Root Purge: 0.0 ms]
   [Clear CT: 0.9 ms]
   [Other: 3.3 ms]
      [Choose CSet: 0.0 ms]
      [Ref Proc: 2.3 ms]
      [Ref Enq: 0.0 ms]
      [Redirty Cards: 1.0 ms]
      [Humongous Register: 0.0 ms]
      [Humongous Reclaim: 0.0 ms]
      [Free CSet: 0.0 ms]
   [Eden: 2048.0K(2048.0K)->0.0B(2048.0K) Survivors: 1024.0K->1024.0K Heap: 39236.6K(65536.0K)->36244.6K(65536.0K)]
 [Times: user=0.04 sys=0.00, real=0.01 secs] 
2026-06-17T09:48:54.757+0800: 16.958: [GC pause (G1 Evacuation Pause) (mixed), 0.0147090 secs]
   [Parallel Time: 9.1 ms, GC Workers: 18]
      [GC Worker Start (ms): Min: 16958.0, Avg: 16959.8, Max: 16966.2, Diff: 8.2]
      [Ext Root Scanning (ms): Min: 0.0, Avg: 0.0, Max: 0.1, Diff: 0.1, Sum: 0.5]
      [Update RS (ms): Min: 0.0, Avg: 0.0, Max: 0.0, Diff: 0.0, Sum: 0.2]
         [Processed Buffers: Min: 0, Avg: 0.4, Max: 2, Diff: 2, Sum: 7]
      [Scan RS (ms): Min: 0.0, Avg: 0.0, Max: 0.0, Diff: 0.0, Sum: 0.1]
      [Code Root Scanning (ms): Min: 0.0, Avg: 0.0, Max: 0.0, Diff: 0.0, Sum: 0.0]
      [Object Copy (ms): Min: 0.0, Avg: 0.0, Max: 0.1, Diff: 0.1, Sum: 0.4]
      [Termination (ms): Min: 0.0, Avg: 6.4, Max: 8.5, Diff: 8.5, Sum: 116.1]
         [Termination Attempts: Min: 1, Avg: 1.1, Max: 2, Diff: 1, Sum: 19]
      [GC Worker Other (ms): Min: 0.0, Avg: 0.0, Max: 0.0, Diff: 0.0, Sum: 0.1]
      [GC Worker Total (ms): Min: 0.0, Avg: 6.5, Max: 8.6, Diff: 8.6, Sum: 117.4]
      [GC Worker End (ms): Min: 16966.2, Avg: 16966.3, Max: 16966.7, Diff: 0.5]
   [Code Root Fixup: 0.0 ms]
   [Code Root Purge: 0.0 ms]
   [Clear CT: 0.8 ms]
   [Other: 4.8 ms]
      [Choose CSet: 0.0 ms]
      [Ref Proc: 4.2 ms]
      [Ref Enq: 0.0 ms]
      [Redirty Cards: 0.5 ms]
      [Humongous Register: 0.0 ms]
      [Humongous Reclaim: 0.0 ms]
      [Free CSet: 0.0 ms]
   [Eden: 2048.0K(2048.0K)->0.0B(9216.0K) Survivors: 1024.0K->1024.0K Heap: 38292.6K(65536.0K)->37357.1K(65536.0K)]
 [Times: user=0.15 sys=0.01, real=0.02 secs] 
2026-06-17T09:48:54.794+0800: 16.995: [GC pause (G1 Evacuation Pause) (young), 0.0178782 secs]
   [Parallel Time: 10.8 ms, GC Workers: 18]
      [GC Worker Start (ms): Min: 16995.1, Avg: 16996.9, Max: 17004.5, Diff: 9.4]
      [Ext Root Scanning (ms): Min: 0.0, Avg: 0.0, Max: 0.3, Diff: 0.3, Sum: 0.7]
      [Update RS (ms): Min: 0.0, Avg: 0.0, Max: 0.1, Diff: 0.1, Sum: 0.3]
         [Processed Buffers: Min: 0, Avg: 0.3, Max: 2, Diff: 2, Sum: 6]
      [Scan RS (ms): Min: 0.0, Avg: 0.0, Max: 0.0, Diff: 0.0, Sum: 0.0]
      [Code Root Scanning (ms): Min: 0.0, Avg: 0.0, Max: 0.0, Diff: 0.0, Sum: 0.0]
      [Object Copy (ms): Min: 0.0, Avg: 0.0, Max: 0.1, Diff: 0.1, Sum: 0.6]
      [Termination (ms): Min: 0.0, Avg: 8.0, Max: 9.7, Diff: 9.7, Sum: 143.5]
         [Termination Attempts: Min: 1, Avg: 1.0, Max: 1, Diff: 0, Sum: 18]
      [GC Worker Other (ms): Min: 0.0, Avg: 0.0, Max: 0.0, Diff: 0.0, Sum: 0.2]
      [GC Worker Total (ms): Min: 0.0, Avg: 8.1, Max: 10.1, Diff: 10.1, Sum: 145.3]
      [GC Worker End (ms): Min: 17004.6, Avg: 17005.0, Max: 17005.5, Diff: 0.9]
   [Code Root Fixup: 0.0 ms]
   [Code Root Purge: 0.0 ms]
   [Clear CT: 1.1 ms]
   [Other: 6.0 ms]
      [Choose CSet: 0.0 ms]
      [Ref Proc: 5.1 ms]
      [Ref Enq: 0.0 ms]
      [Redirty Cards: 0.8 ms]
      [Humongous Register: 0.0 ms]
      [Humongous Reclaim: 0.0 ms]
      [Free CSet: 0.0 ms]
   [Eden: 9216.0K(9216.0K)->0.0B(8192.0K) Survivors: 1024.0K->2048.0K Heap: 46573.1K(65536.0K)->39873.6K(65536.0K)]
 [Times: user=0.18 sys=0.01, real=0.02 secs] 
2026-06-17T09:48:54.834+0800: 17.035: [GC pause (G1 Evacuation Pause) (young) (initial-mark), 0.0171743 secs]
   [Parallel Time: 9.6 ms, GC Workers: 18]
      [GC Worker Start (ms): Min: 17035.0, Avg: 17036.0, Max: 17036.7, Diff: 1.7]
      [Ext Root Scanning (ms): Min: 0.0, Avg: 2.4, Max: 5.9, Diff: 5.9, Sum: 43.5]
      [Update RS (ms): Min: 0.0, Avg: 0.0, Max: 0.0, Diff: 0.0, Sum: 0.1]
         [Processed Buffers: Min: 0, Avg: 0.2, Max: 3, Diff: 3, Sum: 3]
      [Scan RS (ms): Min: 0.0, Avg: 0.0, Max: 0.0, Diff: 0.0, Sum: 0.0]
      [Code Root Scanning (ms): Min: 0.0, Avg: 0.0, Max: 0.0, Diff: 0.0, Sum: 0.0]
      [Object Copy (ms): Min: 0.0, Avg: 0.1, Max: 0.2, Diff: 0.2, Sum: 1.2]
      [Termination (ms): Min: 0.0, Avg: 4.3, Max: 6.2, Diff: 6.2, Sum: 77.7]
         [Termination Attempts: Min: 1, Avg: 1.1, Max: 2, Diff: 1, Sum: 20]
      [GC Worker Other (ms): Min: 0.0, Avg: 0.0, Max: 0.0, Diff: 0.0, Sum: 0.2]
      [GC Worker Total (ms): Min: 5.9, Avg: 6.8, Max: 7.8, Diff: 1.9, Sum: 122.7]
      [GC Worker End (ms): Min: 17042.6, Avg: 17042.8, Max: 17043.3, Diff: 0.7]
   [Code Root Fixup: 0.0 ms]
   [Code Root Purge: 0.0 ms]
   [Clear CT: 2.3 ms]
   [Other: 5.3 ms]
      [Choose CSet: 0.0 ms]
      [Ref Proc: 4.2 ms]
      [Ref Enq: 0.0 ms]
      [Redirty Cards: 1.0 ms]
      [Humongous Register: 0.0 ms]
      [Humongous Reclaim: 0.0 ms]
      [Free CSet: 0.0 ms]
   [Eden: 8192.0K(8192.0K)->0.0B(6144.0K) Survivors: 2048.0K->2048.0K Heap: 48065.6K(65536.0K)->42084.6K(65536.0K)]
 [Times: user=0.11 sys=0.01, real=0.02 secs] 
2026-06-17T09:48:54.852+0800: 17.053: [GC concurrent-root-region-scan-start]
2026-06-17T09:48:54.852+0800: 17.054: [GC concurrent-root-region-scan-end, 0.0003478 secs]
2026-06-17T09:48:54.852+0800: 17.054: [GC concurrent-mark-start]
2026-06-17T09:48:54.853+0800: 17.054: [GC concurrent-mark-end, 0.0006674 secs]
2026-06-17T09:48:54.853+0800: 17.055: [GC remark 2026-06-17T09:48:54.854+0800: 17.055: [Finalize Marking, 0.0065295 secs] 2026-06-17T09:48:54.861+0800: 17.062: [GC ref-proc, 0.0006812 secs] 2026-06-17T09:48:54.862+0800: 17.063: [Unloading, 0.0017249 secs], 0.0117749 secs]
 [Times: user=0.07 sys=0.00, real=0.01 secs] 
2026-06-17T09:48:54.866+0800: 17.067: [GC cleanup 45080K->42008K(65536K), 0.0025096 secs]
 [Times: user=0.00 sys=0.00, real=0.00 secs] 
2026-06-17T09:48:54.870+0800: 17.071: [GC concurrent-cleanup-start]
2026-06-17T09:48:54.870+0800: 17.071: [GC concurrent-cleanup-end, 0.0000061 secs]
2026-06-17T09:48:54.870+0800: 17.071: [GC pause (G1 Evacuation Pause) (young), 0.0133302 secs]
   [Parallel Time: 9.0 ms, GC Workers: 18]
      [GC Worker Start (ms): Min: 17071.4, Avg: 17072.9, Max: 17079.2, Diff: 7.8]
      [Ext Root Scanning (ms): Min: 0.0, Avg: 0.0, Max: 0.1, Diff: 0.1, Sum: 0.3]
      [Update RS (ms): Min: 0.0, Avg: 0.0, Max: 0.0, Diff: 0.0, Sum: 0.0]
         [Processed Buffers: Min: 0, Avg: 0.2, Max: 1, Diff: 1, Sum: 3]
      [Scan RS (ms): Min: 0.0, Avg: 0.0, Max: 0.0, Diff: 0.0, Sum: 0.0]
      [Code Root Scanning (ms): Min: 0.0, Avg: 0.0, Max: 0.0, Diff: 0.0, Sum: 0.0]
      [Object Copy (ms): Min: 0.0, Avg: 0.0, Max: 0.1, Diff: 0.1, Sum: 0.4]
      [Termination (ms): Min: 0.0, Avg: 6.5, Max: 7.7, Diff: 7.7, Sum: 116.2]
         [Termination Attempts: Min: 1, Avg: 1.1, Max: 2, Diff: 1, Sum: 19]
      [GC Worker Other (ms): Min: 0.0, Avg: 0.0, Max: 0.0, Diff: 0.0, Sum: 0.1]
      [GC Worker Total (ms): Min: 0.0, Avg: 6.5, Max: 7.9, Diff: 7.9, Sum: 117.1]
      [GC Worker End (ms): Min: 17079.2, Avg: 17079.4, Max: 17079.6, Diff: 0.4]
   [Code Root Fixup: 0.0 ms]
   [Code Root Purge: 0.0 ms]
   [Clear CT: 0.9 ms]
   [Other: 3.5 ms]
      [Choose CSet: 0.0 ms]
      [Ref Proc: 2.9 ms]
      [Ref Enq: 0.0 ms]
      [Redirty Cards: 0.5 ms]
      [Humongous Register: 0.0 ms]
      [Humongous Reclaim: 0.0 ms]
      [Free CSet: 0.0 ms]
   [Eden: 6144.0K(6144.0K)->0.0B(2048.0K) Survivors: 2048.0K->1024.0K Heap: 45156.6K(65536.0K)->39974.7K(65536.0K)]
 [Times: user=0.13 sys=0.01, real=0.02 secs] 
2026-06-17T09:48:54.895+0800: 17.096: [GC pause (G1 Evacuation Pause) (mixed), 0.0129339 secs]
   [Parallel Time: 8.1 ms, GC Workers: 18]
      [GC Worker Start (ms): Min: 17096.2, Avg: 17097.6, Max: 17102.3, Diff: 6.1]
      [Ext Root Scanning (ms): Min: 0.0, Avg: 0.0, Max: 0.1, Diff: 0.1, Sum: 0.4]
      [Update RS (ms): Min: 0.0, Avg: 0.0, Max: 0.0, Diff: 0.0, Sum: 0.0]
         [Processed Buffers: Min: 0, Avg: 0.1, Max: 1, Diff: 1, Sum: 2]
      [Scan RS (ms): Min: 0.0, Avg: 0.0, Max: 0.0, Diff: 0.0, Sum: 0.0]
      [Code Root Scanning (ms): Min: 0.0, Avg: 0.0, Max: 0.0, Diff: 0.0, Sum: 0.0]
      [Object Copy (ms): Min: 0.0, Avg: 0.0, Max: 0.2, Diff: 0.2, Sum: 0.8]
      [Termination (ms): Min: 0.0, Avg: 4.8, Max: 6.1, Diff: 6.1, Sum: 86.8]
         [Termination Attempts: Min: 1, Avg: 1.0, Max: 1, Diff: 0, Sum: 18]
      [GC Worker Other (ms): Min: 0.0, Avg: 0.0, Max: 0.0, Diff: 0.0, Sum: 0.2]
      [GC Worker Total (ms): Min: 0.0, Avg: 4.9, Max: 6.4, Diff: 6.4, Sum: 88.1]
      [GC Worker End (ms): Min: 17102.4, Avg: 17102.5, Max: 17102.9, Diff: 0.5]
   [Code Root Fixup: 0.0 ms]
   [Code Root Purge: 0.0 ms]
   [Clear CT: 0.6 ms]
   [Other: 4.2 ms]
      [Choose CSet: 0.0 ms]
      [Ref Proc: 3.7 ms]
      [Ref Enq: 0.0 ms]
      [Redirty Cards: 0.5 ms]
      [Humongous Register: 0.0 ms]
      [Humongous Reclaim: 0.0 ms]
      [Free CSet: 0.0 ms]
   [Eden: 2048.0K(2048.0K)->0.0B(2048.0K) Survivors: 1024.0K->1024.0K Heap: 42022.7K(65536.0K)->38104.6K(65536.0K)]
 [Times: user=0.12 sys=0.01, real=0.01 secs] 
2026-06-17T09:48:54.909+0800: 17.111: [GC pause (G1 Evacuation Pause) (mixed), 0.0076374 secs]
   [Parallel Time: 2.9 ms, GC Workers: 18]
      [GC Worker Start (ms): Min: 17110.6, Avg: 17111.5, Max: 17112.4, Diff: 1.9]
      [Ext Root Scanning (ms): Min: 0.0, Avg: 0.0, Max: 0.1, Diff: 0.1, Sum: 0.3]
      [Update RS (ms): Min: 0.0, Avg: 0.0, Max: 0.0, Diff: 0.0, Sum: 0.0]
         [Processed Buffers: Min: 0, Avg: 0.2, Max: 2, Diff: 2, Sum: 4]
      [Scan RS (ms): Min: 0.0, Avg: 0.0, Max: 0.0, Diff: 0.0, Sum: 0.1]
      [Code Root Scanning (ms): Min: 0.0, Avg: 0.0, Max: 0.0, Diff: 0.0, Sum: 0.0]
      [Object Copy (ms): Min: 0.0, Avg: 0.1, Max: 0.3, Diff: 0.3, Sum: 1.0]
      [Termination (ms): Min: 0.0, Avg: 1.0, Max: 1.6, Diff: 1.6, Sum: 17.7]
         [Termination Attempts: Min: 1, Avg: 1.0, Max: 1, Diff: 0, Sum: 18]
      [GC Worker Other (ms): Min: 0.0, Avg: 0.0, Max: 0.0, Diff: 0.0, Sum: 0.1]
      [GC Worker Total (ms): Min: 0.0, Avg: 1.1, Max: 2.0, Diff: 2.0, Sum: 19.1]
      [GC Worker End (ms): Min: 17112.4, Avg: 17112.5, Max: 17112.7, Diff: 0.3]
   [Code Root Fixup: 0.0 ms]
   [Code Root Purge: 0.0 ms]
   [Clear CT: 1.1 ms]
   [Other: 3.6 ms]
      [Choose CSet: 0.0 ms]
      [Ref Proc: 2.9 ms]
      [Ref Enq: 0.0 ms]
      [Redirty Cards: 0.7 ms]
      [Humongous Register: 0.0 ms]
      [Humongous Reclaim: 0.0 ms]
      [Free CSet: 0.0 ms]
   [Eden: 2048.0K(2048.0K)->0.0B(10240.0K) Survivors: 1024.0K->1024.0K Heap: 40152.6K(65536.0K)->37527.6K(65536.0K)]
 [Times: user=0.04 sys=0.00, real=0.01 secs] 
2026-06-17T09:48:54.950+0800: 17.151: [GC pause (G1 Evacuation Pause) (young), 0.0293005 secs]
   [Parallel Time: 21.0 ms, GC Workers: 18]
      [GC Worker Start (ms): Min: 17151.2, Avg: 17157.6, Max: 17169.6, Diff: 18.4]
      [Ext Root Scanning (ms): Min: 0.0, Avg: 0.1, Max: 0.6, Diff: 0.6, Sum: 1.3]
      [Update RS (ms): Min: 0.0, Avg: 0.0, Max: 0.2, Diff: 0.2, Sum: 0.5]
         [Processed Buffers: Min: 0, Avg: 0.3, Max: 2, Diff: 2, Sum: 5]
      [Scan RS (ms): Min: 0.0, Avg: 0.0, Max: 0.0, Diff: 0.0, Sum: 0.0]
      [Code Root Scanning (ms): Min: 0.0, Avg: 0.0, Max: 0.0, Diff: 0.0, Sum: 0.0]
      [Object Copy (ms): Min: 0.0, Avg: 0.1, Max: 0.3, Diff: 0.3, Sum: 1.1]
      [Termination (ms): Min: 0.0, Avg: 12.4, Max: 18.1, Diff: 18.1, Sum: 222.4]
         [Termination Attempts: Min: 1, Avg: 1.1, Max: 2, Diff: 1, Sum: 19]
      [GC Worker Other (ms): Min: 0.0, Avg: 0.0, Max: 0.0, Diff: 0.0, Sum: 0.2]
      [GC Worker Total (ms): Min: 0.0, Avg: 12.5, Max: 18.6, Diff: 18.5, Sum: 225.5]
      [GC Worker End (ms): Min: 17169.7, Avg: 17170.2, Max: 17170.8, Diff: 1.1]
   [Code Root Fixup: 0.0 ms]
   [Code Root Purge: 0.0 ms]
   [Clear CT: 0.9 ms]
   [Other: 7.4 ms]
      [Choose CSet: 0.0 ms]
      [Ref Proc: 6.6 ms]
      [Ref Enq: 0.0 ms]
      [Redirty Cards: 0.7 ms]
      [Humongous Register: 0.0 ms]
      [Humongous Reclaim: 0.0 ms]
      [Free CSet: 0.0 ms]
   [Eden: 10240.0K(10240.0K)->0.0B(8192.0K) Survivors: 1024.0K->2048.0K Heap: 47767.6K(65536.0K)->41196.6K(65536.0K)]
 [Times: user=0.27 sys=0.01, real=0.03 secs] 
2026-06-17T09:48:55.002+0800: 17.203: [GC pause (G1 Evacuation Pause) (young) (initial-mark), 0.0221280 secs]
   [Parallel Time: 16.2 ms, GC Workers: 18]
      [GC Worker Start (ms): Min: 17203.0, Avg: 17204.1, Max: 17204.8, Diff: 1.8]
      [Ext Root Scanning (ms): Min: 0.0, Avg: 5.7, Max: 13.6, Diff: 13.6, Sum: 102.5]
      [Update RS (ms): Min: 0.0, Avg: 0.0, Max: 0.0, Diff: 0.0, Sum: 0.1]
         [Processed Buffers: Min: 0, Avg: 0.2, Max: 3, Diff: 3, Sum: 3]
      [Scan RS (ms): Min: 0.0, Avg: 0.0, Max: 0.0, Diff: 0.0, Sum: 0.0]
      [Code Root Scanning (ms): Min: 0.0, Avg: 0.0, Max: 0.0, Diff: 0.0, Sum: 0.0]
      [Object Copy (ms): Min: 0.0, Avg: 0.0, Max: 0.2, Diff: 0.2, Sum: 0.6]
      [Termination (ms): Min: 0.0, Avg: 8.5, Max: 13.3, Diff: 13.3, Sum: 152.9]
         [Termination Attempts: Min: 1, Avg: 1.1, Max: 2, Diff: 1, Sum: 19]
      [GC Worker Other (ms): Min: 0.0, Avg: 0.0, Max: 0.0, Diff: 0.0, Sum: 0.1]
      [GC Worker Total (ms): Min: 13.4, Avg: 14.2, Max: 15.3, Diff: 1.9, Sum: 256.2]
      [GC Worker End (ms): Min: 17218.2, Avg: 17218.3, Max: 17218.5, Diff: 0.3]
   [Code Root Fixup: 0.0 ms]
   [Code Root Purge: 0.0 ms]
   [Clear CT: 0.8 ms]
   [Other: 5.1 ms]
      [Choose CSet: 0.0 ms]
      [Ref Proc: 4.4 ms]
      [Ref Enq: 0.0 ms]
      [Redirty Cards: 0.6 ms]
      [Humongous Register: 0.0 ms]
      [Humongous Reclaim: 0.0 ms]
      [Free CSet: 0.0 ms]
   [Eden: 8192.0K(8192.0K)->0.0B(7168.0K) Survivors: 2048.0K->2048.0K Heap: 49388.6K(65536.0K)->42207.7K(65536.0K)]
 [Times: user=0.19 sys=0.01, real=0.03 secs] 
2026-06-17T09:48:55.025+0800: 17.226: [GC concurrent-root-region-scan-start]
2026-06-17T09:48:55.025+0800: 17.226: [GC concurrent-root-region-scan-end, 0.0002835 secs]
2026-06-17T09:48:55.025+0800: 17.226: [GC concurrent-mark-start]
2026-06-17T09:48:55.025+0800: 17.227: [GC concurrent-mark-end, 0.0004294 secs]
2026-06-17T09:48:55.025+0800: 17.227: [GC remark 2026-06-17T09:48:55.026+0800: 17.227: [Finalize Marking, 0.0080438 secs] 2026-06-17T09:48:55.035+0800: 17.236: [GC ref-proc, 0.0005511 secs] 2026-06-17T09:48:55.036+0800: 17.237: [Unloading, 0.0016127 secs], 0.0132596 secs]
 [Times: user=0.08 sys=0.00, real=0.01 secs] 
2026-06-17T09:48:55.040+0800: 17.241: [GC cleanup 47872K->42752K(65536K), 0.0029683 secs]
 [Times: user=0.00 sys=0.00, real=0.01 secs] 
2026-06-17T09:48:55.044+0800: 17.245: [GC concurrent-cleanup-start]
2026-06-17T09:48:55.044+0800: 17.245: [GC concurrent-cleanup-end, 0.0000075 secs]
2026-06-17T09:48:55.044+0800: 17.246: [GC pause (G1 Evacuation Pause) (young), 0.0121609 secs]
   [Parallel Time: 8.0 ms, GC Workers: 18]
      [GC Worker Start (ms): Min: 17245.6, Avg: 17247.3, Max: 17252.8, Diff: 7.2]
      [Ext Root Scanning (ms): Min: 0.0, Avg: 0.0, Max: 0.1, Diff: 0.1, Sum: 0.3]
      [Update RS (ms): Min: 0.0, Avg: 0.0, Max: 0.0, Diff: 0.0, Sum: 0.0]
         [Processed Buffers: Min: 0, Avg: 0.2, Max: 1, Diff: 1, Sum: 3]
      [Scan RS (ms): Min: 0.0, Avg: 0.0, Max: 0.0, Diff: 0.0, Sum: 0.0]
      [Code Root Scanning (ms): Min: 0.0, Avg: 0.0, Max: 0.0, Diff: 0.0, Sum: 0.0]
      [Object Copy (ms): Min: 0.0, Avg: 0.0, Max: 0.1, Diff: 0.1, Sum: 0.6]
      [Termination (ms): Min: 0.0, Avg: 5.5, Max: 7.2, Diff: 7.2, Sum: 99.5]
         [Termination Attempts: Min: 1, Avg: 1.0, Max: 1, Diff: 0, Sum: 18]
      [GC Worker Other (ms): Min: 0.0, Avg: 0.0, Max: 0.0, Diff: 0.0, Sum: 0.1]
      [GC Worker Total (ms): Min: 0.0, Avg: 5.6, Max: 7.3, Diff: 7.3, Sum: 100.5]
      [GC Worker End (ms): Min: 17252.8, Avg: 17252.9, Max: 17253.1, Diff: 0.3]
   [Code Root Fixup: 0.0 ms]
   [Code Root Purge: 0.0 ms]
   [Clear CT: 0.8 ms]
   [Other: 3.3 ms]
      [Choose CSet: 0.0 ms]
      [Ref Proc: 2.6 ms]
      [Ref Enq: 0.0 ms]
      [Redirty Cards: 0.7 ms]
      [Humongous Register: 0.0 ms]
      [Humongous Reclaim: 0.0 ms]
      [Free CSet: 0.0 ms]
   [Eden: 7168.0K(7168.0K)->0.0B(1024.0K) Survivors: 2048.0K->2048.0K Heap: 44255.7K(65536.0K)->40423.6K(65536.0K)]
 [Times: user=0.12 sys=0.00, real=0.01 secs] 
2026-06-17T09:48:55.068+0800: 17.269: [GC pause (G1 Evacuation Pause) (mixed), 0.0167101 secs]
   [Parallel Time: 10.9 ms, GC Workers: 18]
      [GC Worker Start (ms): Min: 17269.1, Avg: 17271.1, Max: 17278.2, Diff: 9.2]
      [Ext Root Scanning (ms): Min: 0.0, Avg: 0.0, Max: 0.2, Diff: 0.2, Sum: 0.4]
      [Update RS (ms): Min: 0.0, Avg: 0.0, Max: 0.0, Diff: 0.0, Sum: 0.0]
         [Processed Buffers: Min: 0, Avg: 0.1, Max: 1, Diff: 1, Sum: 2]
      [Scan RS (ms): Min: 0.0, Avg: 0.0, Max: 0.0, Diff: 0.0, Sum: 0.0]
      [Code Root Scanning (ms): Min: 0.0, Avg: 0.0, Max: 0.0, Diff: 0.0, Sum: 0.0]
      [Object Copy (ms): Min: 0.0, Avg: 0.0, Max: 0.2, Diff: 0.2, Sum: 0.6]
      [Termination (ms): Min: 0.0, Avg: 7.2, Max: 9.1, Diff: 9.1, Sum: 130.3]
         [Termination Attempts: Min: 1, Avg: 1.0, Max: 1, Diff: 0, Sum: 18]
      [GC Worker Other (ms): Min: 0.0, Avg: 0.0, Max: 0.0, Diff: 0.0, Sum: 0.1]
      [GC Worker Total (ms): Min: 0.0, Avg: 7.3, Max: 9.3, Diff: 9.3, Sum: 131.4]
      [GC Worker End (ms): Min: 17278.3, Avg: 17278.4, Max: 17278.6, Diff: 0.4]
   [Code Root Fixup: 0.0 ms]
   [Code Root Purge: 0.0 ms]
   [Clear CT: 1.0 ms]
   [Other: 4.8 ms]
      [Choose CSet: 0.0 ms]
      [Ref Proc: 4.1 ms]
      [Ref Enq: 0.0 ms]
      [Redirty Cards: 0.6 ms]
      [Humongous Register: 0.0 ms]
      [Humongous Reclaim: 0.0 ms]
      [Free CSet: 0.0 ms]
   [Eden: 1024.0K(1024.0K)->0.0B(2048.0K) Survivors: 2048.0K->1024.0K Heap: 41447.6K(65536.0K)->36028.2K(65536.0K)]
 [Times: user=0.16 sys=0.01, real=0.02 secs] 
2026-06-17T09:48:55.086+0800: 17.287: [GC pause (G1 Evacuation Pause) (mixed), 0.0135056 secs]
   [Parallel Time: 7.4 ms, GC Workers: 18]
      [GC Worker Start (ms): Min: 17287.0, Avg: 17288.0, Max: 17293.2, Diff: 6.2]
      [Ext Root Scanning (ms): Min: 0.0, Avg: 0.0, Max: 0.2, Diff: 0.2, Sum: 0.4]
      [Update RS (ms): Min: 0.0, Avg: 0.0, Max: 0.0, Diff: 0.0, Sum: 0.0]
         [Processed Buffers: Min: 0, Avg: 0.2, Max: 2, Diff: 2, Sum: 4]
      [Scan RS (ms): Min: 0.0, Avg: 0.0, Max: 0.0, Diff: 0.0, Sum: 0.0]
      [Code Root Scanning (ms): Min: 0.0, Avg: 0.0, Max: 0.0, Diff: 0.0, Sum: 0.0]
      [Object Copy (ms): Min: 0.0, Avg: 0.1, Max: 0.2, Diff: 0.2, Sum: 1.0]
      [Termination (ms): Min: 0.0, Avg: 5.2, Max: 6.1, Diff: 6.1, Sum: 93.9]
         [Termination Attempts: Min: 1, Avg: 1.0, Max: 1, Diff: 0, Sum: 18]
      [GC Worker Other (ms): Min: 0.0, Avg: 0.0, Max: 0.0, Diff: 0.0, Sum: 0.1]
      [GC Worker Total (ms): Min: 0.0, Avg: 5.3, Max: 6.3, Diff: 6.3, Sum: 95.5]
      [GC Worker End (ms): Min: 17293.2, Avg: 17293.3, Max: 17293.5, Diff: 0.3]
   [Code Root Fixup: 0.0 ms]
   [Code Root Purge: 0.0 ms]
   [Clear CT: 0.9 ms]
   [Other: 5.2 ms]
      [Choose CSet: 0.0 ms]
      [Ref Proc: 4.6 ms]
      [Ref Enq: 0.0 ms]
      [Redirty Cards: 0.5 ms]
      [Humongous Register: 0.0 ms]
      [Humongous Reclaim: 0.0 ms]
      [Free CSet: 0.0 ms]
   [Eden: 2048.0K(2048.0K)->0.0B(2048.0K) Survivors: 1024.0K->1024.0K Heap: 38076.2K(65536.0K)->34847.6K(65536.0K)]
 [Times: user=0.14 sys=0.01, real=0.01 secs] 
2026-06-17T09:48:55.111+0800: 17.312: [GC pause (G1 Evacuation Pause) (mixed), 0.0151012 secs]
   [Parallel Time: 8.6 ms, GC Workers: 18]
      [GC Worker Start (ms): Min: 17312.4, Avg: 17314.4, Max: 17319.8, Diff: 7.4]
      [Ext Root Scanning (ms): Min: 0.0, Avg: 0.0, Max: 0.2, Diff: 0.2, Sum: 0.4]
      [Update RS (ms): Min: 0.0, Avg: 0.0, Max: 0.0, Diff: 0.0, Sum: 0.0]
         [Processed Buffers: Min: 0, Avg: 0.3, Max: 2, Diff: 2, Sum: 5]
      [Scan RS (ms): Min: 0.0, Avg: 0.0, Max: 0.0, Diff: 0.0, Sum: 0.1]
      [Code Root Scanning (ms): Min: 0.0, Avg: 0.0, Max: 0.0, Diff: 0.0, Sum: 0.0]
      [Object Copy (ms): Min: 0.0, Avg: 0.0, Max: 0.1, Diff: 0.1, Sum: 0.4]
      [Termination (ms): Min: 0.0, Avg: 5.5, Max: 7.5, Diff: 7.5, Sum: 98.3]
         [Termination Attempts: Min: 1, Avg: 1.0, Max: 1, Diff: 0, Sum: 18]
      [GC Worker Other (ms): Min: 0.0, Avg: 0.0, Max: 0.0, Diff: 0.0, Sum: 0.1]
      [GC Worker Total (ms): Min: 0.0, Avg: 5.5, Max: 7.7, Diff: 7.7, Sum: 99.4]
      [GC Worker End (ms): Min: 17319.8, Avg: 17319.9, Max: 17320.2, Diff: 0.4]
   [Code Root Fixup: 0.0 ms]
   [Code Root Purge: 0.0 ms]
   [Clear CT: 1.6 ms]
   [Other: 4.9 ms]
      [Choose CSet: 0.0 ms]
      [Ref Proc: 4.3 ms]
      [Ref Enq: 0.0 ms]
      [Redirty Cards: 0.5 ms]
      [Humongous Register: 0.0 ms]
      [Humongous Reclaim: 0.0 ms]
      [Free CSet: 0.0 ms]
   [Eden: 2048.0K(2048.0K)->0.0B(14336.0K) Survivors: 1024.0K->1024.0K Heap: 36895.6K(65536.0K)->31492.6K(65536.0K)]
 [Times: user=0.15 sys=0.00, real=0.01 secs] 
2026-06-17T09:48:55.127+0800: 17.329: [GC pause (G1 Humongous Allocation) (young) (initial-mark), 0.0104360 secs]
   [Parallel Time: 6.3 ms, GC Workers: 18]
      [GC Worker Start (ms): Min: 17328.8, Avg: 17329.1, Max: 17329.2, Diff: 0.4]
      [Ext Root Scanning (ms): Min: 0.0, Avg: 1.2, Max: 5.4, Diff: 5.3, Sum: 22.1]
      [Update RS (ms): Min: 0.0, Avg: 0.0, Max: 0.1, Diff: 0.1, Sum: 0.2]
         [Processed Buffers: Min: 0, Avg: 0.3, Max: 3, Diff: 3, Sum: 5]
      [Scan RS (ms): Min: 0.0, Avg: 0.0, Max: 0.0, Diff: 0.0, Sum: 0.0]
      [Code Root Scanning (ms): Min: 0.0, Avg: 0.0, Max: 0.0, Diff: 0.0, Sum: 0.0]
      [Object Copy (ms): Min: 0.0, Avg: 0.0, Max: 0.1, Diff: 0.1, Sum: 0.2]
      [Termination (ms): Min: 0.0, Avg: 4.3, Max: 5.3, Diff: 5.3, Sum: 77.6]
         [Termination Attempts: Min: 1, Avg: 1.0, Max: 1, Diff: 0, Sum: 18]
      [GC Worker Other (ms): Min: 0.0, Avg: 0.0, Max: 0.0, Diff: 0.0, Sum: 0.1]
      [GC Worker Total (ms): Min: 5.4, Avg: 5.6, Max: 5.8, Diff: 0.4, Sum: 100.2]
      [GC Worker End (ms): Min: 17334.6, Avg: 17334.6, Max: 17334.7, Diff: 0.2]
   [Code Root Fixup: 0.0 ms]
   [Code Root Purge: 0.0 ms]
   [Clear CT: 1.0 ms]
   [Other: 3.1 ms]
      [Choose CSet: 0.0 ms]
      [Ref Proc: 2.4 ms]
      [Ref Enq: 0.0 ms]
      [Redirty Cards: 0.6 ms]
      [Humongous Register: 0.0 ms]
      [Humongous Reclaim: 0.0 ms]
      [Free CSet: 0.0 ms]
   [Eden: 5120.0K(14336.0K)->0.0B(14336.0K) Survivors: 1024.0K->2048.0K Heap: 36454.7K(65536.0K)->32914.1K(65536.0K)]
 [Times: user=0.10 sys=0.00, real=0.01 secs] 
2026-06-17T09:48:55.139+0800: 17.340: [GC concurrent-root-region-scan-start]
2026-06-17T09:48:55.139+0800: 17.341: [GC concurrent-root-region-scan-end, 0.0003063 secs]
2026-06-17T09:48:55.139+0800: 17.341: [GC concurrent-mark-start]
2026-06-17T09:48:55.140+0800: 17.341: [GC concurrent-mark-end, 0.0003425 secs]
2026-06-17T09:48:55.140+0800: 17.341: [GC remark 2026-06-17T09:48:55.140+0800: 17.342: [Finalize Marking, 0.0040570 secs] 2026-06-17T09:48:55.145+0800: 17.346: [GC ref-proc, 0.0005186 secs] 2026-06-17T09:48:55.146+0800: 17.347: [Unloading, 0.0016152 secs], 0.0088597 secs]
 [Times: user=0.04 sys=0.00, real=0.01 secs] 
2026-06-17T09:48:55.150+0800: 17.351: [GC cleanup 35100K->34076K(65536K), 0.0029241 secs]
 [Times: user=0.00 sys=0.00, real=0.01 secs] 
2026-06-17T09:48:55.154+0800: 17.355: [GC concurrent-cleanup-start]
2026-06-17T09:48:55.154+0800: 17.355: [GC concurrent-cleanup-end, 0.0000083 secs]
2026-06-17T09:48:55.185+0800: 17.387: [GC pause (G1 Evacuation Pause) (young), 0.0121696 secs]
   [Parallel Time: 4.1 ms, GC Workers: 18]
      [GC Worker Start (ms): Min: 17386.7, Avg: 17388.0, Max: 17389.6, Diff: 2.8]
      [Ext Root Scanning (ms): Min: 0.0, Avg: 0.0, Max: 0.3, Diff: 0.3, Sum: 0.8]
      [Update RS (ms): Min: 0.0, Avg: 0.0, Max: 0.0, Diff: 0.0, Sum: 0.0]
         [Processed Buffers: Min: 0, Avg: 0.1, Max: 1, Diff: 1, Sum: 2]
      [Scan RS (ms): Min: 0.0, Avg: 0.0, Max: 0.0, Diff: 0.0, Sum: 0.0]
      [Code Root Scanning (ms): Min: 0.0, Avg: 0.0, Max: 0.0, Diff: 0.0, Sum: 0.0]
      [Object Copy (ms): Min: 0.0, Avg: 0.1, Max: 0.3, Diff: 0.3, Sum: 1.1]
      [Termination (ms): Min: 0.0, Avg: 1.6, Max: 2.8, Diff: 2.8, Sum: 28.9]
         [Termination Attempts: Min: 1, Avg: 1.1, Max: 2, Diff: 1, Sum: 19]
      [GC Worker Other (ms): Min: 0.0, Avg: 0.0, Max: 0.0, Diff: 0.0, Sum: 0.2]
      [GC Worker Total (ms): Min: 0.0, Avg: 1.7, Max: 3.0, Diff: 3.0, Sum: 31.1]
      [GC Worker End (ms): Min: 17389.6, Avg: 17389.8, Max: 17390.1, Diff: 0.6]
   [Code Root Fixup: 0.0 ms]
   [Code Root Purge: 0.0 ms]
   [Clear CT: 1.1 ms]
   [Other: 7.0 ms]
      [Choose CSet: 0.0 ms]
      [Ref Proc: 5.8 ms]
      [Ref Enq: 0.0 ms]
      [Redirty Cards: 1.1 ms]
      [Humongous Register: 0.0 ms]
      [Humongous Reclaim: 0.0 ms]
      [Free CSet: 0.0 ms]
   [Eden: 14336.0K(14336.0K)->0.0B(2048.0K) Survivors: 2048.0K->2048.0K Heap: 47421.1K(65536.0K)->37421.6K(65536.0K)]
 [Times: user=0.08 sys=0.01, real=0.01 secs] 
2026-06-17T09:48:55.209+0800: 17.410: [GC pause (G1 Evacuation Pause) (mixed), 0.0126159 secs]
   [Parallel Time: 8.3 ms, GC Workers: 18]
      [GC Worker Start (ms): Min: 17410.5, Avg: 17412.1, Max: 17417.0, Diff: 6.6]
      [Ext Root Scanning (ms): Min: 0.0, Avg: 0.0, Max: 0.2, Diff: 0.2, Sum: 0.4]
      [Update RS (ms): Min: 0.0, Avg: 0.0, Max: 0.0, Diff: 0.0, Sum: 0.0]
         [Processed Buffers: Min: 0, Avg: 0.2, Max: 1, Diff: 1, Sum: 3]
      [Scan RS (ms): Min: 0.0, Avg: 0.0, Max: 0.0, Diff: 0.0, Sum: 0.0]
      [Code Root Scanning (ms): Min: 0.0, Avg: 0.0, Max: 0.0, Diff: 0.0, Sum: 0.0]
      [Object Copy (ms): Min: 0.0, Avg: 0.0, Max: 0.1, Diff: 0.1, Sum: 0.5]
      [Termination (ms): Min: 0.0, Avg: 5.0, Max: 6.5, Diff: 6.5, Sum: 89.6]
         [Termination Attempts: Min: 1, Avg: 1.0, Max: 1, Diff: 0, Sum: 18]
      [GC Worker Other (ms): Min: 0.0, Avg: 0.0, Max: 0.0, Diff: 0.0, Sum: 0.2]
      [GC Worker Total (ms): Min: 0.0, Avg: 5.0, Max: 6.7, Diff: 6.7, Sum: 90.7]
      [GC Worker End (ms): Min: 17417.1, Avg: 17417.2, Max: 17417.5, Diff: 0.4]
   [Code Root Fixup: 0.0 ms]
   [Code Root Purge: 0.0 ms]
   [Clear CT: 0.7 ms]
   [Other: 3.6 ms]
      [Choose CSet: 0.0 ms]
      [Ref Proc: 3.0 ms]
      [Ref Enq: 0.0 ms]
      [Redirty Cards: 0.5 ms]
      [Humongous Register: 0.0 ms]
      [Humongous Reclaim: 0.0 ms]
      [Free CSet: 0.0 ms]
   [Eden: 2048.0K(2048.0K)->0.0B(12288.0K) Survivors: 2048.0K->1024.0K Heap: 39469.6K(65536.0K)->35438.4K(65536.0K)]
 [Times: user=0.11 sys=0.01, real=0.01 secs] 
2026-06-17T09:48:55.254+0800: 17.456: [GC pause (G1 Evacuation Pause) (young), 0.0155342 secs]
   [Parallel Time: 9.4 ms, GC Workers: 18]
      [GC Worker Start (ms): Min: 17455.8, Avg: 17457.7, Max: 17463.2, Diff: 7.5]
      [Ext Root Scanning (ms): Min: 0.0, Avg: 0.1, Max: 0.5, Diff: 0.5, Sum: 1.2]
      [Update RS (ms): Min: 0.0, Avg: 0.0, Max: 0.0, Diff: 0.0, Sum: 0.1]
         [Processed Buffers: Min: 0, Avg: 0.2, Max: 2, Diff: 2, Sum: 4]
      [Scan RS (ms): Min: 0.0, Avg: 0.0, Max: 0.0, Diff: 0.0, Sum: 0.0]
      [Code Root Scanning (ms): Min: 0.0, Avg: 0.0, Max: 0.0, Diff: 0.0, Sum: 0.0]
      [Object Copy (ms): Min: 0.0, Avg: 0.0, Max: 0.1, Diff: 0.1, Sum: 0.6]
      [Termination (ms): Min: 0.0, Avg: 5.6, Max: 7.1, Diff: 7.1, Sum: 101.1]
         [Termination Attempts: Min: 1, Avg: 1.0, Max: 1, Diff: 0, Sum: 18]
      [GC Worker Other (ms): Min: 0.0, Avg: 0.0, Max: 0.0, Diff: 0.0, Sum: 0.2]
      [GC Worker Total (ms): Min: 0.0, Avg: 5.7, Max: 7.6, Diff: 7.5, Sum: 103.2]
      [GC Worker End (ms): Min: 17463.3, Avg: 17463.5, Max: 17464.0, Diff: 0.7]
   [Code Root Fixup: 0.0 ms]
   [Code Root Purge: 0.0 ms]
   [Clear CT: 1.1 ms]
   [Other: 5.0 ms]
      [Choose CSet: 0.0 ms]
      [Ref Proc: 4.1 ms]
      [Ref Enq: 0.0 ms]
      [Redirty Cards: 0.8 ms]
      [Humongous Register: 0.0 ms]
      [Humongous Reclaim: 0.0 ms]
      [Free CSet: 0.0 ms]
   [Eden: 12288.0K(12288.0K)->0.0B(10240.0K) Survivors: 1024.0K->2048.0K Heap: 47726.4K(65536.0K)->37356.6K(65536.0K)]
 [Times: user=0.13 sys=0.00, real=0.02 secs] 
2026-06-17T09:48:55.292+0800: 17.494: [GC pause (G1 Evacuation Pause) (young) (initial-mark), 0.0206237 secs]
   [Parallel Time: 12.2 ms, GC Workers: 18]
      [GC Worker Start (ms): Min: 17493.9, Avg: 17495.2, Max: 17496.3, Diff: 2.4]
      [Ext Root Scanning (ms): Min: 0.0, Avg: 3.7, Max: 7.4, Diff: 7.4, Sum: 67.2]
      [Update RS (ms): Min: 0.0, Avg: 0.0, Max: 0.0, Diff: 0.0, Sum: 0.1]
         [Processed Buffers: Min: 0, Avg: 0.1, Max: 2, Diff: 2, Sum: 2]
      [Scan RS (ms): Min: 0.0, Avg: 0.0, Max: 0.0, Diff: 0.0, Sum: 0.1]
      [Code Root Scanning (ms): Min: 0.0, Avg: 0.0, Max: 0.0, Diff: 0.0, Sum: 0.0]
      [Object Copy (ms): Min: 0.0, Avg: 0.1, Max: 0.5, Diff: 0.5, Sum: 1.0]
      [Termination (ms): Min: 0.0, Avg: 4.8, Max: 7.0, Diff: 7.0, Sum: 85.8]
         [Termination Attempts: Min: 1, Avg: 1.0, Max: 1, Diff: 0, Sum: 18]
      [GC Worker Other (ms): Min: 0.0, Avg: 0.0, Max: 0.0, Diff: 0.0, Sum: 0.2]
      [GC Worker Total (ms): Min: 7.4, Avg: 8.6, Max: 9.7, Diff: 2.3, Sum: 154.4]
      [GC Worker End (ms): Min: 17503.5, Avg: 17503.7, Max: 17504.2, Diff: 0.6]
   [Code Root Fixup: 0.0 ms]
   [Code Root Purge: 0.0 ms]
   [Clear CT: 2.5 ms]
   [Other: 5.9 ms]
      [Choose CSet: 0.0 ms]
      [Ref Proc: 5.1 ms]
      [Ref Enq: 0.0 ms]
      [Redirty Cards: 0.7 ms]
      [Humongous Register: 0.0 ms]
      [Humongous Reclaim: 0.0 ms]
      [Free CSet: 0.0 ms]
   [Eden: 10240.0K(10240.0K)->0.0B(8192.0K) Survivors: 2048.0K->2048.0K Heap: 47596.6K(65536.0K)->40285.6K(65536.0K)]
 [Times: user=0.13 sys=0.01, real=0.02 secs] 
2026-06-17T09:48:55.314+0800: 17.516: [GC concurrent-root-region-scan-start]
2026-06-17T09:48:55.315+0800: 17.516: [GC concurrent-root-region-scan-end, 0.0003343 secs]
2026-06-17T09:48:55.315+0800: 17.516: [GC concurrent-mark-start]
2026-06-17T09:48:55.315+0800: 17.516: [GC concurrent-mark-end, 0.0005098 secs]
2026-06-17T09:48:55.315+0800: 17.517: [GC remark 2026-06-17T09:48:55.316+0800: 17.517: [Finalize Marking, 0.0091431 secs] 2026-06-17T09:48:55.326+0800: 17.527: [GC ref-proc, 0.0006644 secs] 2026-06-17T09:48:55.327+0800: 17.528: [Unloading, 0.0016455 secs], 0.0142748 secs]
 [Times: user=0.10 sys=0.00, real=0.01 secs] 
2026-06-17T09:48:55.331+0800: 17.532: [GC cleanup 44312K->37144K(65536K), 0.0026609 secs]
 [Times: user=0.00 sys=0.00, real=0.00 secs] 
2026-06-17T09:48:55.334+0800: 17.535: [GC concurrent-cleanup-start]
2026-06-17T09:48:55.334+0800: 17.535: [GC concurrent-cleanup-end, 0.0000109 secs]
2026-06-17T09:48:55.345+0800: 17.546: [GC pause (G1 Evacuation Pause) (young), 0.0077422 secs]
   [Parallel Time: 3.6 ms, GC Workers: 18]
      [GC Worker Start (ms): Min: 17546.0, Avg: 17547.1, Max: 17548.3, Diff: 2.2]
      [Ext Root Scanning (ms): Min: 0.0, Avg: 0.0, Max: 0.2, Diff: 0.2, Sum: 0.5]
      [Update RS (ms): Min: 0.0, Avg: 0.0, Max: 0.0, Diff: 0.0, Sum: 0.0]
         [Processed Buffers: Min: 0, Avg: 0.2, Max: 1, Diff: 1, Sum: 3]
      [Scan RS (ms): Min: 0.0, Avg: 0.0, Max: 0.0, Diff: 0.0, Sum: 0.0]
      [Code Root Scanning (ms): Min: 0.0, Avg: 0.0, Max: 0.0, Diff: 0.0, Sum: 0.0]
      [Object Copy (ms): Min: 0.0, Avg: 0.0, Max: 0.2, Diff: 0.2, Sum: 0.7]
      [Termination (ms): Min: 0.0, Avg: 1.3, Max: 2.4, Diff: 2.4, Sum: 23.5]
         [Termination Attempts: Min: 1, Avg: 1.0, Max: 1, Diff: 0, Sum: 18]
      [GC Worker Other (ms): Min: 0.0, Avg: 0.0, Max: 0.0, Diff: 0.0, Sum: 0.2]
      [GC Worker Total (ms): Min: 0.0, Avg: 1.4, Max: 2.8, Diff: 2.8, Sum: 24.9]
      [GC Worker End (ms): Min: 17548.3, Avg: 17548.5, Max: 17548.8, Diff: 0.5]
   [Code Root Fixup: 0.0 ms]
   [Code Root Purge: 0.0 ms]
   [Clear CT: 1.8 ms]
   [Other: 2.3 ms]
      [Choose CSet: 0.0 ms]
      [Ref Proc: 1.6 ms]
      [Ref Enq: 0.0 ms]
      [Redirty Cards: 0.6 ms]
      [Humongous Register: 0.0 ms]
      [Humongous Reclaim: 0.0 ms]
      [Free CSet: 0.0 ms]
   [Eden: 8192.0K(8192.0K)->0.0B(1024.0K) Survivors: 2048.0K->2048.0K Heap: 41309.6K(65536.0K)->35794.6K(65536.0K)]
 [Times: user=0.04 sys=0.00, real=0.01 secs] 
2026-06-17T09:48:55.354+0800: 17.555: [GC pause (G1 Evacuation Pause) (mixed), 0.0061380 secs]
   [Parallel Time: 2.7 ms, GC Workers: 18]
      [GC Worker Start (ms): Min: 17555.2, Avg: 17555.9, Max: 17556.6, Diff: 1.4]
      [Ext Root Scanning (ms): Min: 0.0, Avg: 0.0, Max: 0.2, Diff: 0.1, Sum: 0.3]
      [Update RS (ms): Min: 0.0, Avg: 0.0, Max: 0.0, Diff: 0.0, Sum: 0.0]
         [Processed Buffers: Min: 0, Avg: 0.1, Max: 1, Diff: 1, Sum: 2]
      [Scan RS (ms): Min: 0.0, Avg: 0.0, Max: 0.0, Diff: 0.0, Sum: 0.0]
      [Code Root Scanning (ms): Min: 0.0, Avg: 0.0, Max: 0.0, Diff: 0.0, Sum: 0.0]
      [Object Copy (ms): Min: 0.0, Avg: 0.1, Max: 0.3, Diff: 0.3, Sum: 1.3]
      [Termination (ms): Min: 0.0, Avg: 0.7, Max: 1.2, Diff: 1.2, Sum: 13.4]
         [Termination Attempts: Min: 1, Avg: 1.0, Max: 1, Diff: 0, Sum: 18]
      [GC Worker Other (ms): Min: 0.0, Avg: 0.0, Max: 0.0, Diff: 0.0, Sum: 0.1]
      [GC Worker Total (ms): Min: 0.0, Avg: 0.8, Max: 1.7, Diff: 1.7, Sum: 15.2]
      [GC Worker End (ms): Min: 17556.6, Avg: 17556.7, Max: 17557.0, Diff: 0.4]
   [Code Root Fixup: 0.0 ms]
   [Code Root Purge: 0.0 ms]
   [Clear CT: 1.3 ms]
   [Other: 2.2 ms]
      [Choose CSet: 0.0 ms]
      [Ref Proc: 1.6 ms]
      [Ref Enq: 0.0 ms]
      [Redirty Cards: 0.5 ms]
      [Humongous Register: 0.0 ms]
      [Humongous Reclaim: 0.0 ms]
      [Free CSet: 0.0 ms]
   [Eden: 1024.0K(1024.0K)->0.0B(2048.0K) Survivors: 2048.0K->1024.0K Heap: 36818.6K(65536.0K)->34125.1K(65536.0K)]
 [Times: user=0.02 sys=0.00, real=0.00 secs] 
2026-06-17T09:48:55.361+0800: 17.562: [GC pause (G1 Evacuation Pause) (mixed), 0.0068531 secs]
   [Parallel Time: 2.7 ms, GC Workers: 18]
      [GC Worker Start (ms): Min: 17562.4, Avg: 17563.3, Max: 17564.3, Diff: 1.9]
      [Ext Root Scanning (ms): Min: 0.0, Avg: 0.0, Max: 0.1, Diff: 0.1, Sum: 0.3]
      [Update RS (ms): Min: 0.0, Avg: 0.0, Max: 0.0, Diff: 0.0, Sum: 0.0]
         [Processed Buffers: Min: 0, Avg: 0.3, Max: 2, Diff: 2, Sum: 5]
      [Scan RS (ms): Min: 0.0, Avg: 0.0, Max: 0.0, Diff: 0.0, Sum: 0.1]
      [Code Root Scanning (ms): Min: 0.0, Avg: 0.0, Max: 0.0, Diff: 0.0, Sum: 0.0]
      [Object Copy (ms): Min: 0.0, Avg: 0.0, Max: 0.2, Diff: 0.2, Sum: 0.8]
      [Termination (ms): Min: 0.0, Avg: 1.0, Max: 1.6, Diff: 1.6, Sum: 18.0]
         [Termination Attempts: Min: 1, Avg: 1.0, Max: 1, Diff: 0, Sum: 18]
      [GC Worker Other (ms): Min: 0.0, Avg: 0.0, Max: 0.0, Diff: 0.0, Sum: 0.1]
      [GC Worker Total (ms): Min: 0.0, Avg: 1.1, Max: 2.0, Diff: 2.0, Sum: 19.2]
      [GC Worker End (ms): Min: 17564.3, Avg: 17564.4, Max: 17564.6, Diff: 0.3]
   [Code Root Fixup: 0.0 ms]
   [Code Root Purge: 0.0 ms]
   [Clear CT: 1.1 ms]
   [Other: 3.1 ms]
      [Choose CSet: 0.0 ms]
      [Ref Proc: 2.3 ms]
      [Ref Enq: 0.0 ms]
      [Redirty Cards: 0.8 ms]
      [Humongous Register: 0.0 ms]
      [Humongous Reclaim: 0.0 ms]
      [Free CSet: 0.0 ms]
   [Eden: 2048.0K(2048.0K)->0.0B(14336.0K) Survivors: 1024.0K->1024.0K Heap: 36173.1K(65536.0K)->33495.6K(65536.0K)]
 [Times: user=0.04 sys=0.01, real=0.01 secs] 
2026-06-17T09:48:55.411+0800: 17.613: [GC pause (G1 Evacuation Pause) (young), 0.0130836 secs]
   [Parallel Time: 5.4 ms, GC Workers: 18]
      [GC Worker Start (ms): Min: 17612.8, Avg: 17614.3, Max: 17615.8, Diff: 3.0]
      [Ext Root Scanning (ms): Min: 0.0, Avg: 0.1, Max: 0.5, Diff: 0.5, Sum: 1.2]
      [Update RS (ms): Min: 0.0, Avg: 0.0, Max: 0.2, Diff: 0.2, Sum: 0.4]
         [Processed Buffers: Min: 0, Avg: 0.3, Max: 2, Diff: 2, Sum: 5]
      [Scan RS (ms): Min: 0.0, Avg: 0.0, Max: 0.0, Diff: 0.0, Sum: 0.0]
      [Code Root Scanning (ms): Min: 0.0, Avg: 0.0, Max: 0.0, Diff: 0.0, Sum: 0.0]
      [Object Copy (ms): Min: 0.0, Avg: 0.1, Max: 0.3, Diff: 0.3, Sum: 1.0]
      [Termination (ms): Min: 0.0, Avg: 1.6, Max: 2.8, Diff: 2.8, Sum: 28.4]
         [Termination Attempts: Min: 1, Avg: 1.0, Max: 1, Diff: 0, Sum: 18]
      [GC Worker Other (ms): Min: 0.0, Avg: 0.0, Max: 0.0, Diff: 0.0, Sum: 0.2]
      [GC Worker Total (ms): Min: 0.0, Avg: 1.7, Max: 3.6, Diff: 3.5, Sum: 31.2]
      [GC Worker End (ms): Min: 17615.8, Avg: 17616.1, Max: 17616.4, Diff: 0.6]
   [Code Root Fixup: 0.0 ms]
   [Code Root Purge: 0.0 ms]
   [Clear CT: 2.1 ms]
   [Other: 5.6 ms]
      [Choose CSet: 0.0 ms]
      [Ref Proc: 4.4 ms]
      [Ref Enq: 0.0 ms]
      [Redirty Cards: 1.2 ms]
      [Humongous Register: 0.0 ms]
      [Humongous Reclaim: 0.0 ms]
      [Free CSet: 0.0 ms]
   [Eden: 14336.0K(14336.0K)->0.0B(11264.0K) Survivors: 1024.0K->2048.0K Heap: 47831.6K(65536.0K)->37457.6K(65536.0K)]
 [Times: user=0.06 sys=0.00, real=0.01 secs] 
2026-06-17T09:48:55.436+0800: 17.637: [GC pause (G1 Humongous Allocation) (young) (initial-mark), 0.0185833 secs]
   [Parallel Time: 10.0 ms, GC Workers: 18]
      [GC Worker Start (ms): Min: 17637.6, Avg: 17638.2, Max: 17638.6, Diff: 1.0]
      [Ext Root Scanning (ms): Min: 0.0, Avg: 2.6, Max: 7.7, Diff: 7.7, Sum: 46.3]
      [Update RS (ms): Min: 0.0, Avg: 0.0, Max: 0.0, Diff: 0.0, Sum: 0.1]
         [Processed Buffers: Min: 0, Avg: 0.2, Max: 3, Diff: 3, Sum: 3]
      [Scan RS (ms): Min: 0.0, Avg: 0.0, Max: 0.0, Diff: 0.0, Sum: 0.0]
      [Code Root Scanning (ms): Min: 0.0, Avg: 0.0, Max: 0.0, Diff: 0.0, Sum: 0.0]
      [Object Copy (ms): Min: 0.0, Avg: 0.0, Max: 0.1, Diff: 0.1, Sum: 0.2]
      [Termination (ms): Min: 0.0, Avg: 5.6, Max: 7.7, Diff: 7.7, Sum: 101.5]
         [Termination Attempts: Min: 1, Avg: 1.0, Max: 1, Diff: 0, Sum: 18]
      [GC Worker Other (ms): Min: 0.0, Avg: 0.0, Max: 0.0, Diff: 0.0, Sum: 0.2]
      [GC Worker Total (ms): Min: 7.7, Avg: 8.2, Max: 8.8, Diff: 1.1, Sum: 148.4]
      [GC Worker End (ms): Min: 17646.3, Avg: 17646.4, Max: 17646.8, Diff: 0.5]
   [Code Root Fixup: 0.0 ms]
   [Code Root Purge: 0.0 ms]
   [Clear CT: 1.1 ms]
   [Other: 7.4 ms]
      [Choose CSet: 0.0 ms]
      [Ref Proc: 6.6 ms]
      [Ref Enq: 0.0 ms]
      [Redirty Cards: 0.8 ms]
      [Humongous Register: 0.0 ms]
      [Humongous Reclaim: 0.0 ms]
      [Free CSet: 0.0 ms]
   [Eden: 6144.0K(11264.0K)->0.0B(12288.0K) Survivors: 2048.0K->0.0B Heap: 43037.8K(65536.0K)->36532.6K(65536.0K)]
 [Times: user=0.16 sys=0.01, real=0.02 secs] 
2026-06-17T09:48:55.456+0800: 17.657: [GC concurrent-root-region-scan-start]
2026-06-17T09:48:55.456+0800: 17.657: [GC concurrent-root-region-scan-end, 0.0000066 secs]
2026-06-17T09:48:55.456+0800: 17.657: [GC concurrent-mark-start]
2026-06-17T09:48:55.456+0800: 17.657: [GC concurrent-mark-end, 0.0003534 secs]
2026-06-17T09:48:55.456+0800: 17.657: [GC remark 2026-06-17T09:48:55.456+0800: 17.658: [Finalize Marking, 0.0066143 secs] 2026-06-17T09:48:55.464+0800: 17.665: [GC ref-proc, 0.0007063 secs] 2026-06-17T09:48:55.465+0800: 17.666: [Unloading, 0.0018940 secs], 0.0119195 secs]
 [Times: user=0.07 sys=0.01, real=0.01 secs] 
2026-06-17T09:48:55.469+0800: 17.670: [GC cleanup 38435K->37411K(65536K), 0.0028303 secs]
 [Times: user=0.00 sys=0.00, real=0.01 secs] 
2026-06-17T09:48:55.473+0800: 17.674: [GC concurrent-cleanup-start]
2026-06-17T09:48:55.473+0800: 17.674: [GC concurrent-cleanup-end, 0.0000066 secs]
2026-06-17T09:48:55.495+0800: 17.696: [GC pause (G1 Evacuation Pause) (young), 0.0174570 secs]
   [Parallel Time: 9.7 ms, GC Workers: 18]
      [GC Worker Start (ms): Min: 17696.3, Avg: 17698.4, Max: 17703.9, Diff: 7.6]
      [Ext Root Scanning (ms): Min: 0.0, Avg: 0.1, Max: 0.5, Diff: 0.5, Sum: 1.1]
      [Update RS (ms): Min: 0.0, Avg: 0.0, Max: 0.0, Diff: 0.0, Sum: 0.1]
         [Processed Buffers: Min: 0, Avg: 0.2, Max: 1, Diff: 1, Sum: 3]
      [Scan RS (ms): Min: 0.0, Avg: 0.0, Max: 0.0, Diff: 0.0, Sum: 0.0]
      [Code Root Scanning (ms): Min: 0.0, Avg: 0.0, Max: 0.0, Diff: 0.0, Sum: 0.0]
      [Object Copy (ms): Min: 0.0, Avg: 0.1, Max: 0.3, Diff: 0.3, Sum: 1.1]
      [Termination (ms): Min: 0.0, Avg: 5.7, Max: 7.7, Diff: 7.7, Sum: 103.2]
         [Termination Attempts: Min: 1, Avg: 1.0, Max: 1, Diff: 0, Sum: 18]
      [GC Worker Other (ms): Min: 0.0, Avg: 0.0, Max: 0.0, Diff: 0.0, Sum: 0.2]
      [GC Worker Total (ms): Min: 0.0, Avg: 5.9, Max: 8.3, Diff: 8.3, Sum: 105.8]
      [GC Worker End (ms): Min: 17704.0, Avg: 17704.3, Max: 17704.8, Diff: 0.8]
   [Code Root Fixup: 0.0 ms]
   [Code Root Purge: 0.0 ms]
   [Clear CT: 1.7 ms]
   [Other: 6.0 ms]
      [Choose CSet: 0.0 ms]
      [Ref Proc: 5.1 ms]
      [Ref Enq: 0.0 ms]
      [Redirty Cards: 0.8 ms]
      [Humongous Register: 0.0 ms]
      [Humongous Reclaim: 0.0 ms]
      [Free CSet: 0.0 ms]
   [Eden: 12288.0K(12288.0K)->0.0B(1024.0K) Survivors: 0.0B->2048.0K Heap: 48706.7K(65536.0K)->42101.7K(65536.0K)]
 [Times: user=0.15 sys=0.01, real=0.02 secs] 
2026-06-17T09:48:55.524+0800: 17.725: [GC pause (G1 Evacuation Pause) (mixed), 0.0138394 secs]
   [Parallel Time: 5.8 ms, GC Workers: 18]
      [GC Worker Start (ms): Min: 17725.3, Avg: 17726.8, Max: 17728.7, Diff: 3.4]
      [Ext Root Scanning (ms): Min: 0.0, Avg: 0.0, Max: 0.4, Diff: 0.4, Sum: 0.8]
      [Update RS (ms): Min: 0.0, Avg: 0.0, Max: 0.0, Diff: 0.0, Sum: 0.0]
         [Processed Buffers: Min: 0, Avg: 0.1, Max: 1, Diff: 1, Sum: 2]
      [Scan RS (ms): Min: 0.0, Avg: 0.0, Max: 0.0, Diff: 0.0, Sum: 0.1]
      [Code Root Scanning (ms): Min: 0.0, Avg: 0.0, Max: 0.0, Diff: 0.0, Sum: 0.0]
      [Object Copy (ms): Min: 0.0, Avg: 0.1, Max: 0.3, Diff: 0.3, Sum: 1.0]
      [Termination (ms): Min: 0.0, Avg: 2.0, Max: 3.3, Diff: 3.3, Sum: 36.5]
         [Termination Attempts: Min: 1, Avg: 1.0, Max: 1, Diff: 0, Sum: 18]
      [GC Worker Other (ms): Min: 0.0, Avg: 0.0, Max: 0.0, Diff: 0.0, Sum: 0.2]
      [GC Worker Total (ms): Min: 0.0, Avg: 2.2, Max: 4.0, Diff: 3.9, Sum: 38.8]
      [GC Worker End (ms): Min: 17728.8, Avg: 17729.0, Max: 17729.2, Diff: 0.5]
   [Code Root Fixup: 0.0 ms]
   [Code Root Purge: 0.0 ms]
   [Clear CT: 1.5 ms]
   [Other: 6.6 ms]
      [Choose CSet: 0.0 ms]
      [Ref Proc: 5.8 ms]
      [Ref Enq: 0.0 ms]
      [Redirty Cards: 0.7 ms]
      [Humongous Register: 0.0 ms]
      [Humongous Reclaim: 0.0 ms]
      [Free CSet: 0.0 ms]
   [Eden: 1024.0K(1024.0K)->0.0B(2048.0K) Survivors: 2048.0K->1024.0K Heap: 43125.7K(65536.0K)->38798.9K(65536.0K)]
 [Times: user=0.09 sys=0.00, real=0.01 secs] 
2026-06-17T09:48:55.539+0800: 17.740: [GC pause (G1 Evacuation Pause) (mixed), 0.0086993 secs]
   [Parallel Time: 4.0 ms, GC Workers: 18]
      [GC Worker Start (ms): Min: 17740.3, Avg: 17741.3, Max: 17742.5, Diff: 2.2]
      [Ext Root Scanning (ms): Min: 0.0, Avg: 0.0, Max: 0.2, Diff: 0.2, Sum: 0.4]
      [Update RS (ms): Min: 0.0, Avg: 0.0, Max: 0.0, Diff: 0.0, Sum: 0.0]
         [Processed Buffers: Min: 0, Avg: 0.3, Max: 3, Diff: 3, Sum: 5]
      [Scan RS (ms): Min: 0.0, Avg: 0.0, Max: 0.0, Diff: 0.0, Sum: 0.0]
      [Code Root Scanning (ms): Min: 0.0, Avg: 0.0, Max: 0.0, Diff: 0.0, Sum: 0.0]
      [Object Copy (ms): Min: 0.0, Avg: 0.1, Max: 0.3, Diff: 0.3, Sum: 1.1]
      [Termination (ms): Min: 0.0, Avg: 1.3, Max: 2.1, Diff: 2.1, Sum: 23.3]
         [Termination Attempts: Min: 1, Avg: 1.0, Max: 1, Diff: 0, Sum: 18]
      [GC Worker Other (ms): Min: 0.0, Avg: 0.0, Max: 0.0, Diff: 0.0, Sum: 0.1]
      [GC Worker Total (ms): Min: 0.0, Avg: 1.4, Max: 2.4, Diff: 2.4, Sum: 25.0]
      [GC Worker End (ms): Min: 17742.5, Avg: 17742.7, Max: 17743.2, Diff: 0.7]
   [Code Root Fixup: 0.0 ms]
   [Code Root Purge: 0.0 ms]
   [Clear CT: 1.0 ms]
   [Other: 3.7 ms]
      [Choose CSet: 0.0 ms]
      [Ref Proc: 3.2 ms]
      [Ref Enq: 0.0 ms]
      [Redirty Cards: 0.5 ms]
      [Humongous Register: 0.0 ms]
      [Humongous Reclaim: 0.0 ms]
      [Free CSet: 0.0 ms]
   [Eden: 2048.0K(2048.0K)->0.0B(2048.0K) Survivors: 1024.0K->1024.0K Heap: 40846.9K(65536.0K)->40100.7K(65536.0K)]
 [Times: user=0.05 sys=0.00, real=0.01 secs] 
2026-06-17T09:48:55.549+0800: 17.750: [GC pause (G1 Evacuation Pause) (mixed), 0.0074409 secs]
   [Parallel Time: 3.1 ms, GC Workers: 18]
      [GC Worker Start (ms): Min: 17750.3, Avg: 17751.4, Max: 17752.5, Diff: 2.2]
      [Ext Root Scanning (ms): Min: 0.0, Avg: 0.0, Max: 0.1, Diff: 0.1, Sum: 0.3]
      [Update RS (ms): Min: 0.0, Avg: 0.0, Max: 0.0, Diff: 0.0, Sum: 0.0]
         [Processed Buffers: Min: 0, Avg: 0.3, Max: 3, Diff: 3, Sum: 5]
      [Scan RS (ms): Min: 0.0, Avg: 0.0, Max: 0.0, Diff: 0.0, Sum: 0.1]
      [Code Root Scanning (ms): Min: 0.0, Avg: 0.0, Max: 0.0, Diff: 0.0, Sum: 0.0]
      [Object Copy (ms): Min: 0.0, Avg: 0.0, Max: 0.1, Diff: 0.1, Sum: 0.3]
      [Termination (ms): Min: 0.0, Avg: 1.2, Max: 2.1, Diff: 2.1, Sum: 21.7]
         [Termination Attempts: Min: 1, Avg: 1.0, Max: 1, Diff: 0, Sum: 18]
      [GC Worker Other (ms): Min: 0.0, Avg: 0.0, Max: 0.0, Diff: 0.0, Sum: 0.1]
      [GC Worker Total (ms): Min: 0.0, Avg: 1.3, Max: 2.4, Diff: 2.4, Sum: 22.6]
      [GC Worker End (ms): Min: 17752.5, Avg: 17752.6, Max: 17752.9, Diff: 0.4]
   [Code Root Fixup: 0.0 ms]
   [Code Root Purge: 0.0 ms]
   [Clear CT: 0.9 ms]
   [Other: 3.5 ms]
      [Choose CSet: 0.0 ms]
      [Ref Proc: 3.0 ms]
      [Ref Enq: 0.0 ms]
      [Redirty Cards: 0.5 ms]
      [Humongous Register: 0.0 ms]
      [Humongous Reclaim: 0.0 ms]
      [Free CSet: 0.0 ms]
   [Eden: 2048.0K(2048.0K)->0.0B(7168.0K) Survivors: 1024.0K->1024.0K Heap: 42148.7K(65536.0K)->41668.7K(65536.0K)]
 [Times: user=0.04 sys=0.00, real=0.01 secs] 
2026-06-17T09:48:55.579+0800: 17.780: [GC pause (G1 Evacuation Pause) (young), 0.0124088 secs]
   [Parallel Time: 5.8 ms, GC Workers: 18]
      [GC Worker Start (ms): Min: 17779.9, Avg: 17781.6, Max: 17783.3, Diff: 3.3]
      [Ext Root Scanning (ms): Min: 0.0, Avg: 0.0, Max: 0.4, Diff: 0.4, Sum: 0.8]
      [Update RS (ms): Min: 0.0, Avg: 0.0, Max: 0.1, Diff: 0.1, Sum: 0.2]
         [Processed Buffers: Min: 0, Avg: 0.2, Max: 2, Diff: 2, Sum: 4]
      [Scan RS (ms): Min: 0.0, Avg: 0.0, Max: 0.0, Diff: 0.0, Sum: 0.0]
      [Code Root Scanning (ms): Min: 0.0, Avg: 0.0, Max: 0.0, Diff: 0.0, Sum: 0.0]
      [Object Copy (ms): Min: 0.0, Avg: 0.0, Max: 0.2, Diff: 0.2, Sum: 0.7]
      [Termination (ms): Min: 0.0, Avg: 1.8, Max: 3.3, Diff: 3.3, Sum: 32.5]
         [Termination Attempts: Min: 1, Avg: 1.0, Max: 1, Diff: 0, Sum: 18]
      [GC Worker Other (ms): Min: 0.0, Avg: 0.0, Max: 0.0, Diff: 0.0, Sum: 0.2]
      [GC Worker Total (ms): Min: 0.0, Avg: 1.9, Max: 3.9, Diff: 3.9, Sum: 34.4]
      [GC Worker End (ms): Min: 17783.3, Avg: 17783.5, Max: 17783.9, Diff: 0.6]
   [Code Root Fixup: 0.0 ms]
   [Code Root Purge: 0.0 ms]
   [Clear CT: 1.5 ms]
   [Other: 5.1 ms]
      [Choose CSet: 0.0 ms]
      [Ref Proc: 4.2 ms]
      [Ref Enq: 0.0 ms]
      [Redirty Cards: 0.8 ms]
      [Humongous Register: 0.0 ms]
      [Humongous Reclaim: 0.0 ms]
      [Free CSet: 0.0 ms]
   [Eden: 7168.0K(7168.0K)->0.0B(4096.0K) Survivors: 1024.0K->1024.0K Heap: 48836.7K(65536.0K)->45102.7K(65536.0K)]
 [Times: user=0.06 sys=0.02, real=0.02 secs] 
2026-06-17T09:48:55.603+0800: 17.804: [GC pause (G1 Evacuation Pause) (young) (initial-mark), 0.0117352 secs]
   [Parallel Time: 5.7 ms, GC Workers: 18]
      [GC Worker Start (ms): Min: 17804.2, Avg: 17805.0, Max: 17805.4, Diff: 1.2]
      [Ext Root Scanning (ms): Min: 0.0, Avg: 1.7, Max: 2.6, Diff: 2.5, Sum: 29.7]
      [Update RS (ms): Min: 0.0, Avg: 0.0, Max: 0.0, Diff: 0.0, Sum: 0.1]
         [Processed Buffers: Min: 0, Avg: 0.2, Max: 3, Diff: 3, Sum: 3]
      [Scan RS (ms): Min: 0.0, Avg: 0.0, Max: 0.0, Diff: 0.0, Sum: 0.0]
      [Code Root Scanning (ms): Min: 0.0, Avg: 0.0, Max: 0.0, Diff: 0.0, Sum: 0.0]
      [Object Copy (ms): Min: 0.0, Avg: 0.1, Max: 0.3, Diff: 0.3, Sum: 0.9]
      [Termination (ms): Min: 0.0, Avg: 1.5, Max: 2.7, Diff: 2.7, Sum: 27.2]
         [Termination Attempts: Min: 1, Avg: 1.2, Max: 3, Diff: 2, Sum: 22]
      [GC Worker Other (ms): Min: 0.0, Avg: 0.0, Max: 0.0, Diff: 0.0, Sum: 0.2]
      [GC Worker Total (ms): Min: 2.6, Avg: 3.2, Max: 4.2, Diff: 1.7, Sum: 58.1]
      [GC Worker End (ms): Min: 17808.0, Avg: 17808.2, Max: 17808.6, Diff: 0.6]
   [Code Root Fixup: 0.0 ms]
   [Code Root Purge: 0.0 ms]
   [Clear CT: 1.0 ms]
   [Other: 5.0 ms]
      [Choose CSet: 0.0 ms]
      [Ref Proc: 4.1 ms]
      [Ref Enq: 0.0 ms]
      [Redirty Cards: 0.8 ms]
      [Humongous Register: 0.0 ms]
      [Humongous Reclaim: 0.0 ms]
      [Free CSet: 0.0 ms]
   [Eden: 4096.0K(4096.0K)->0.0B(2048.0K) Survivors: 1024.0K->1024.0K Heap: 49198.7K(65536.0K)->47543.7K(65536.0K)]
 [Times: user=0.06 sys=0.00, real=0.01 secs] 
2026-06-17T09:48:55.616+0800: 17.817: [GC concurrent-root-region-scan-start]
2026-06-17T09:48:55.616+0800: 17.817: [GC pause (G1 Evacuation Pause) (young)2026-06-17T09:48:55.616+0800: 17.817: [GC concurrent-root-region-scan-end, 0.0003532 secs]
2026-06-17T09:48:55.616+0800: 17.817: [GC concurrent-mark-start]
, 0.0077583 secs]
   [Root Region Scan Waiting: 0.1 ms]
   [Parallel Time: 2.0 ms, GC Workers: 18]
      [GC Worker Start (ms): Min: 17817.4, Avg: 17818.1, Max: 17818.8, Diff: 1.4]
      [Ext Root Scanning (ms): Min: 0.0, Avg: 0.0, Max: 0.2, Diff: 0.2, Sum: 0.5]
      [Update RS (ms): Min: 0.0, Avg: 0.0, Max: 0.0, Diff: 0.0, Sum: 0.0]
         [Processed Buffers: Min: 0, Avg: 0.2, Max: 1, Diff: 1, Sum: 3]
      [Scan RS (ms): Min: 0.0, Avg: 0.0, Max: 0.0, Diff: 0.0, Sum: 0.0]
      [Code Root Scanning (ms): Min: 0.0, Avg: 0.0, Max: 0.0, Diff: 0.0, Sum: 0.0]
      [Object Copy (ms): Min: 0.0, Avg: 0.0, Max: 0.0, Diff: 0.0, Sum: 0.1]
      [Termination (ms): Min: 0.0, Avg: 0.7, Max: 1.2, Diff: 1.2, Sum: 12.0]
         [Termination Attempts: Min: 1, Avg: 1.1, Max: 2, Diff: 1, Sum: 20]
      [GC Worker Other (ms): Min: 0.0, Avg: 0.0, Max: 0.0, Diff: 0.0, Sum: 0.1]
      [GC Worker Total (ms): Min: 0.0, Avg: 0.7, Max: 1.4, Diff: 1.4, Sum: 12.7]
      [GC Worker End (ms): Min: 17818.8, Avg: 17818.9, Max: 17818.9, Diff: 0.1]
   [Code Root Fixup: 0.0 ms]
   [Code Root Purge: 0.0 ms]
   [Clear CT: 0.9 ms]
   [Other: 4.8 ms]
      [Choose CSet: 0.0 ms]
      [Ref Proc: 4.0 ms]
      [Ref Enq: 0.0 ms]
      [Redirty Cards: 0.8 ms]
      [Humongous Register: 0.0 ms]
      [Humongous Reclaim: 0.0 ms]
      [Free CSet: 0.0 ms]
   [Eden: 2048.0K(2048.0K)->0.0B(2048.0K) Survivors: 1024.0K->1024.0K Heap: 49591.7K(65536.0K)->47888.2K(65536.0K)]
 [Times: user=0.04 sys=0.00, real=0.01 secs] 
2026-06-17T09:48:55.625+0800: 17.827: [GC concurrent-mark-end, 0.0091389 secs]
2026-06-17T09:48:55.625+0800: 17.827: [GC remark 2026-06-17T09:48:55.626+0800: 17.827: [Finalize Marking, 0.0040466 secs] 2026-06-17T09:48:55.631+0800: 17.832: [GC ref-proc, 0.0005627 secs] 2026-06-17T09:48:55.631+0800: 17.833: [Unloading, 0.0014391 secs], 0.0088009 secs]
 [Times: user=0.03 sys=0.00, real=0.01 secs] 
2026-06-17T09:48:55.635+0800: 17.837: [GC pause (G1 Evacuation Pause) (young), 0.0058851 secs]
   [Parallel Time: 2.3 ms, GC Workers: 18]
      [GC Worker Start (ms): Min: 17836.6, Avg: 17837.4, Max: 17838.1, Diff: 1.5]
      [Ext Root Scanning (ms): Min: 0.0, Avg: 0.0, Max: 0.1, Diff: 0.1, Sum: 0.3]
      [Update RS (ms): Min: 0.0, Avg: 0.0, Max: 0.0, Diff: 0.0, Sum: 0.0]
         [Processed Buffers: Min: 0, Avg: 0.1, Max: 1, Diff: 1, Sum: 2]
      [Scan RS (ms): Min: 0.0, Avg: 0.0, Max: 0.0, Diff: 0.0, Sum: 0.0]
      [Code Root Scanning (ms): Min: 0.0, Avg: 0.0, Max: 0.0, Diff: 0.0, Sum: 0.0]
      [Object Copy (ms): Min: 0.0, Avg: 0.0, Max: 0.1, Diff: 0.1, Sum: 0.3]
      [Termination (ms): Min: 0.0, Avg: 0.8, Max: 1.3, Diff: 1.3, Sum: 13.9]
         [Termination Attempts: Min: 1, Avg: 1.0, Max: 1, Diff: 0, Sum: 18]
      [GC Worker Other (ms): Min: 0.0, Avg: 0.0, Max: 0.0, Diff: 0.0, Sum: 0.1]
      [GC Worker Total (ms): Min: 0.0, Avg: 0.8, Max: 1.6, Diff: 1.5, Sum: 14.6]
      [GC Worker End (ms): Min: 17838.1, Avg: 17838.2, Max: 17838.3, Diff: 0.1]
   [Code Root Fixup: 0.0 ms]
   [Code Root Purge: 0.0 ms]
   [Clear CT: 0.8 ms]
   [Other: 2.8 ms]
      [Choose CSet: 0.0 ms]
      [Ref Proc: 2.2 ms]
      [Ref Enq: 0.0 ms]
      [Redirty Cards: 0.5 ms]
      [Humongous Register: 0.0 ms]
      [Humongous Reclaim: 0.0 ms]
      [Free CSet: 0.0 ms]
   [Eden: 2048.0K(2048.0K)->0.0B(2048.0K) Survivors: 1024.0K->1024.0K Heap: 49936.2K(65536.0K)->49738.7K(65536.0K)]
 [Times: user=0.03 sys=0.00, real=0.00 secs] 
2026-06-17T09:48:55.642+0800: 17.844: [GC cleanup 50755K->47683K(65536K), 0.0024252 secs]
 [Times: user=0.00 sys=0.00, real=0.01 secs] 
2026-06-17T09:48:55.646+0800: 17.847: [GC concurrent-cleanup-start]
2026-06-17T09:48:55.646+0800: 17.847: [GC concurrent-cleanup-end, 0.0000063 secs]
2026-06-17T09:48:55.656+0800: 17.857: [GC pause (G1 Evacuation Pause) (young), 0.0094395 secs]
   [Parallel Time: 4.7 ms, GC Workers: 18]
      [GC Worker Start (ms): Min: 17857.1, Avg: 17858.5, Max: 17860.1, Diff: 2.9]
      [Ext Root Scanning (ms): Min: 0.0, Avg: 0.0, Max: 0.1, Diff: 0.1, Sum: 0.4]
      [Update RS (ms): Min: 0.0, Avg: 0.0, Max: 0.0, Diff: 0.0, Sum: 0.0]
         [Processed Buffers: Min: 0, Avg: 0.1, Max: 1, Diff: 1, Sum: 2]
      [Scan RS (ms): Min: 0.0, Avg: 0.0, Max: 0.0, Diff: 0.0, Sum: 0.0]
      [Code Root Scanning (ms): Min: 0.0, Avg: 0.0, Max: 0.0, Diff: 0.0, Sum: 0.0]
      [Object Copy (ms): Min: 0.0, Avg: 0.0, Max: 0.0, Diff: 0.0, Sum: 0.1]
      [Termination (ms): Min: 0.0, Avg: 1.7, Max: 3.2, Diff: 3.2, Sum: 31.1]
         [Termination Attempts: Min: 1, Avg: 1.0, Max: 1, Diff: 0, Sum: 18]
      [GC Worker Other (ms): Min: 0.0, Avg: 0.0, Max: 0.0, Diff: 0.0, Sum: 0.2]
      [GC Worker Total (ms): Min: 0.0, Avg: 1.8, Max: 3.2, Diff: 3.2, Sum: 31.8]
      [GC Worker End (ms): Min: 17860.1, Avg: 17860.2, Max: 17860.7, Diff: 0.6]
   [Code Root Fixup: 0.0 ms]
   [Code Root Purge: 0.0 ms]
   [Clear CT: 0.7 ms]
   [Other: 4.0 ms]
      [Choose CSet: 0.0 ms]
      [Ref Proc: 3.4 ms]
      [Ref Enq: 0.0 ms]
      [Redirty Cards: 0.5 ms]
      [Humongous Register: 0.0 ms]
      [Humongous Reclaim: 0.0 ms]
      [Free CSet: 0.0 ms]
   [Eden: 2048.0K(2048.0K)->0.0B(2048.0K) Survivors: 1024.0K->1024.0K Heap: 48714.7K(65536.0K)->46459.7K(65536.0K)]
 [Times: user=0.06 sys=0.01, real=0.01 secs] 
2026-06-17T09:48:55.666+0800: 17.867: [GC pause (G1 Evacuation Pause) (mixed), 0.0078114 secs]
   [Parallel Time: 2.9 ms, GC Workers: 18]
      [GC Worker Start (ms): Min: 17867.5, Avg: 17868.4, Max: 17869.4, Diff: 1.9]
      [Ext Root Scanning (ms): Min: 0.0, Avg: 0.0, Max: 0.1, Diff: 0.1, Sum: 0.3]
      [Update RS (ms): Min: 0.0, Avg: 0.0, Max: 0.0, Diff: 0.0, Sum: 0.0]
         [Processed Buffers: Min: 0, Avg: 0.2, Max: 2, Diff: 2, Sum: 3]
      [Scan RS (ms): Min: 0.0, Avg: 0.0, Max: 0.0, Diff: 0.0, Sum: 0.0]
      [Code Root Scanning (ms): Min: 0.0, Avg: 0.0, Max: 0.0, Diff: 0.0, Sum: 0.0]
      [Object Copy (ms): Min: 0.0, Avg: 0.0, Max: 0.2, Diff: 0.2, Sum: 0.6]
      [Termination (ms): Min: 0.0, Avg: 1.1, Max: 1.7, Diff: 1.7, Sum: 19.4]
         [Termination Attempts: Min: 1, Avg: 1.0, Max: 1, Diff: 0, Sum: 18]
      [GC Worker Other (ms): Min: 0.0, Avg: 0.0, Max: 0.0, Diff: 0.0, Sum: 0.1]
      [GC Worker Total (ms): Min: 0.0, Avg: 1.1, Max: 2.1, Diff: 2.1, Sum: 20.4]
      [GC Worker End (ms): Min: 17869.4, Avg: 17869.5, Max: 17869.6, Diff: 0.3]
   [Code Root Fixup: 0.0 ms]
   [Code Root Purge: 0.0 ms]
   [Clear CT: 1.5 ms]
   [Other: 3.4 ms]
      [Choose CSet: 0.0 ms]
      [Ref Proc: 2.8 ms]
      [Ref Enq: 0.0 ms]
      [Redirty Cards: 0.5 ms]
      [Humongous Register: 0.0 ms]
      [Humongous Reclaim: 0.0 ms]
      [Free CSet: 0.0 ms]
   [Eden: 2048.0K(2048.0K)->0.0B(2048.0K) Survivors: 1024.0K->1024.0K Heap: 48507.7K(65536.0K)->43646.7K(65536.0K)]
 [Times: user=0.04 sys=0.00, real=0.01 secs] 
2026-06-17T09:48:55.685+0800: 17.887: [GC pause (G1 Evacuation Pause) (mixed), 0.0084385 secs]
   [Parallel Time: 4.3 ms, GC Workers: 18]
      [GC Worker Start (ms): Min: 17886.8, Avg: 17888.0, Max: 17889.4, Diff: 2.7]
      [Ext Root Scanning (ms): Min: 0.0, Avg: 0.0, Max: 0.2, Diff: 0.2, Sum: 0.4]
      [Update RS (ms): Min: 0.0, Avg: 0.0, Max: 0.0, Diff: 0.0, Sum: 0.1]
         [Processed Buffers: Min: 0, Avg: 0.2, Max: 2, Diff: 2, Sum: 4]
      [Scan RS (ms): Min: 0.0, Avg: 0.0, Max: 0.0, Diff: 0.0, Sum: 0.1]
      [Code Root Scanning (ms): Min: 0.0, Avg: 0.0, Max: 0.0, Diff: 0.0, Sum: 0.0]
      [Object Copy (ms): Min: 0.0, Avg: 0.0, Max: 0.2, Diff: 0.2, Sum: 0.6]
      [Termination (ms): Min: 0.0, Avg: 1.6, Max: 2.6, Diff: 2.6, Sum: 28.2]
         [Termination Attempts: Min: 1, Avg: 1.0, Max: 1, Diff: 0, Sum: 18]
      [GC Worker Other (ms): Min: 0.0, Avg: 0.0, Max: 0.0, Diff: 0.0, Sum: 0.2]
      [GC Worker Total (ms): Min: 0.0, Avg: 1.6, Max: 2.9, Diff: 2.9, Sum: 29.5]
      [GC Worker End (ms): Min: 17889.4, Avg: 17889.6, Max: 17889.9, Diff: 0.5]
   [Code Root Fixup: 0.0 ms]
   [Code Root Purge: 0.0 ms]
   [Clear CT: 0.9 ms]
   [Other: 3.3 ms]
      [Choose CSet: 0.0 ms]
      [Ref Proc: 2.7 ms]
      [Ref Enq: 0.0 ms]
      [Redirty Cards: 0.6 ms]
      [Humongous Register: 0.0 ms]
      [Humongous Reclaim: 0.0 ms]
      [Free CSet: 0.0 ms]
   [Eden: 2048.0K(2048.0K)->0.0B(7168.0K) Survivors: 1024.0K->1024.0K Heap: 45694.7K(65536.0K)->41048.2K(65536.0K)]
 [Times: user=0.05 sys=0.00, real=0.01 secs] 
2026-06-17T09:48:55.705+0800: 17.907: [GC pause (G1 Evacuation Pause) (young), 0.0129816 secs]
   [Parallel Time: 6.3 ms, GC Workers: 18]
      [GC Worker Start (ms): Min: 17906.7, Avg: 17908.2, Max: 17910.3, Diff: 3.6]
      [Ext Root Scanning (ms): Min: 0.0, Avg: 0.0, Max: 0.2, Diff: 0.2, Sum: 0.6]
      [Update RS (ms): Min: 0.0, Avg: 0.0, Max: 0.0, Diff: 0.0, Sum: 0.1]
         [Processed Buffers: Min: 0, Avg: 0.2, Max: 2, Diff: 2, Sum: 4]
      [Scan RS (ms): Min: 0.0, Avg: 0.0, Max: 0.0, Diff: 0.0, Sum: 0.0]
      [Code Root Scanning (ms): Min: 0.0, Avg: 0.0, Max: 0.0, Diff: 0.0, Sum: 0.0]
      [Object Copy (ms): Min: 0.0, Avg: 0.0, Max: 0.1, Diff: 0.1, Sum: 0.5]
      [Termination (ms): Min: 0.0, Avg: 2.2, Max: 3.4, Diff: 3.4, Sum: 40.2]
         [Termination Attempts: Min: 1, Avg: 1.0, Max: 1, Diff: 0, Sum: 18]
      [GC Worker Other (ms): Min: 0.0, Avg: 0.0, Max: 0.0, Diff: 0.0, Sum: 0.2]
      [GC Worker Total (ms): Min: 0.0, Avg: 2.3, Max: 3.6, Diff: 3.6, Sum: 41.7]
      [GC Worker End (ms): Min: 17910.4, Avg: 17910.5, Max: 17911.1, Diff: 0.7]
   [Code Root Fixup: 0.0 ms]
   [Code Root Purge: 0.0 ms]
   [Clear CT: 1.1 ms]
   [Other: 5.6 ms]
      [Choose CSet: 0.0 ms]
      [Ref Proc: 4.8 ms]
      [Ref Enq: 0.0 ms]
      [Redirty Cards: 0.7 ms]
      [Humongous Register: 0.0 ms]
      [Humongous Reclaim: 0.0 ms]
      [Free CSet: 0.0 ms]
   [Eden: 7168.0K(7168.0K)->0.0B(5120.0K) Survivors: 1024.0K->1024.0K Heap: 48216.2K(65536.0K)->44153.7K(65536.0K)]
 [Times: user=0.09 sys=0.00, real=0.01 secs] 
2026-06-17T09:48:55.730+0800: 17.932: [GC pause (G1 Evacuation Pause) (young) (initial-mark), 0.0132601 secs]
   [Parallel Time: 6.6 ms, GC Workers: 18]
      [GC Worker Start (ms): Min: 17931.9, Avg: 17932.8, Max: 17933.4, Diff: 1.6]
      [Ext Root Scanning (ms): Min: 0.0, Avg: 2.0, Max: 3.1, Diff: 3.1, Sum: 36.7]
      [Update RS (ms): Min: 0.0, Avg: 0.0, Max: 0.0, Diff: 0.0, Sum: 0.0]
         [Processed Buffers: Min: 0, Avg: 0.1, Max: 2, Diff: 2, Sum: 2]
      [Scan RS (ms): Min: 0.0, Avg: 0.0, Max: 0.0, Diff: 0.0, Sum: 0.0]
      [Code Root Scanning (ms): Min: 0.0, Avg: 0.0, Max: 0.0, Diff: 0.0, Sum: 0.0]
      [Object Copy (ms): Min: 0.0, Avg: 0.0, Max: 0.2, Diff: 0.2, Sum: 0.5]
      [Termination (ms): Min: 0.0, Avg: 1.8, Max: 3.4, Diff: 3.4, Sum: 32.8]
         [Termination Attempts: Min: 1, Avg: 1.1, Max: 2, Diff: 1, Sum: 20]
      [GC Worker Other (ms): Min: 0.0, Avg: 0.0, Max: 0.0, Diff: 0.0, Sum: 0.2]
      [GC Worker Total (ms): Min: 3.1, Avg: 3.9, Max: 5.1, Diff: 2.0, Sum: 70.4]
      [GC Worker End (ms): Min: 17936.5, Avg: 17936.7, Max: 17937.1, Diff: 0.6]
   [Code Root Fixup: 0.0 ms]
   [Code Root Purge: 0.0 ms]
   [Clear CT: 1.7 ms]
   [Other: 4.9 ms]
      [Choose CSet: 0.0 ms]
      [Ref Proc: 4.1 ms]
      [Ref Enq: 0.0 ms]
      [Redirty Cards: 0.8 ms]
      [Humongous Register: 0.0 ms]
      [Humongous Reclaim: 0.0 ms]
      [Free CSet: 0.0 ms]
   [Eden: 5120.0K(5120.0K)->0.0B(3072.0K) Survivors: 1024.0K->1024.0K Heap: 49273.7K(65536.0K)->46754.7K(65536.0K)]
 [Times: user=0.06 sys=0.00, real=0.01 secs] 
2026-06-17T09:48:55.745+0800: 17.946: [GC concurrent-root-region-scan-start]
2026-06-17T09:48:55.745+0800: 17.947: [GC concurrent-root-region-scan-end, 0.0002774 secs]
2026-06-17T09:48:55.745+0800: 17.947: [GC concurrent-mark-start]
2026-06-17T09:48:55.746+0800: 17.947: [GC concurrent-mark-end, 0.0004783 secs]
2026-06-17T09:48:55.746+0800: 17.947: [GC remark 2026-06-17T09:48:55.746+0800: 17.948: [Finalize Marking, 0.0025317 secs] 2026-06-17T09:48:55.750+0800: 17.951: [GC ref-proc, 0.0005895 secs] 2026-06-17T09:48:55.751+0800: 17.952: [Unloading, 0.0015379 secs], 0.0074849 secs]
 [Times: user=0.02 sys=0.01, real=0.01 secs] 
2026-06-17T09:48:55.755+0800: 17.956: [GC cleanup 47837K->41693K(65536K), 0.0027875 secs]
 [Times: user=0.00 sys=0.00, real=0.00 secs] 
2026-06-17T09:48:55.759+0800: 17.960: [GC concurrent-cleanup-start]
2026-06-17T09:48:55.759+0800: 17.960: [GC concurrent-cleanup-end, 0.0000079 secs]
2026-06-17T09:48:55.759+0800: 17.960: [GC pause (G1 Evacuation Pause) (young), 0.0110807 secs]
   [Parallel Time: 6.9 ms, GC Workers: 18]
      [GC Worker Start (ms): Min: 17960.2, Avg: 17961.2, Max: 17965.8, Diff: 5.6]
      [Ext Root Scanning (ms): Min: 0.0, Avg: 0.0, Max: 0.2, Diff: 0.2, Sum: 0.3]
      [Update RS (ms): Min: 0.0, Avg: 0.0, Max: 0.0, Diff: 0.0, Sum: 0.0]
         [Processed Buffers: Min: 0, Avg: 0.1, Max: 1, Diff: 1, Sum: 2]
      [Scan RS (ms): Min: 0.0, Avg: 0.0, Max: 0.0, Diff: 0.0, Sum: 0.0]
      [Code Root Scanning (ms): Min: 0.0, Avg: 0.0, Max: 0.0, Diff: 0.0, Sum: 0.0]
      [Object Copy (ms): Min: 0.0, Avg: 0.0, Max: 0.1, Diff: 0.1, Sum: 0.2]
      [Termination (ms): Min: 0.0, Avg: 4.6, Max: 5.8, Diff: 5.8, Sum: 83.2]
         [Termination Attempts: Min: 1, Avg: 1.0, Max: 1, Diff: 0, Sum: 18]
      [GC Worker Other (ms): Min: 0.0, Avg: 0.0, Max: 0.0, Diff: 0.0, Sum: 0.1]
      [GC Worker Total (ms): Min: 0.0, Avg: 4.7, Max: 5.9, Diff: 5.9, Sum: 83.9]
      [GC Worker End (ms): Min: 17965.8, Avg: 17965.9, Max: 17966.1, Diff: 0.4]
   [Code Root Fixup: 0.0 ms]
   [Code Root Purge: 0.0 ms]
   [Clear CT: 1.2 ms]
   [Other: 3.0 ms]
      [Choose CSet: 0.0 ms]
      [Ref Proc: 2.5 ms]
      [Ref Enq: 0.0 ms]
      [Redirty Cards: 0.5 ms]
      [Humongous Register: 0.0 ms]
      [Humongous Reclaim: 0.0 ms]
      [Free CSet: 0.0 ms]
   [Eden: 3072.0K(3072.0K)->0.0B(2048.0K) Survivors: 1024.0K->1024.0K Heap: 43682.7K(65536.0K)->41607.7K(65536.0K)]
 [Times: user=0.11 sys=0.00, real=0.01 secs] 
2026-06-17T09:48:55.771+0800: 17.972: [GC pause (G1 Evacuation Pause) (mixed), 0.0088139 secs]
   [Parallel Time: 4.5 ms, GC Workers: 18]
      [GC Worker Start (ms): Min: 17972.4, Avg: 17973.5, Max: 17976.4, Diff: 3.9]
      [Ext Root Scanning (ms): Min: 0.0, Avg: 0.0, Max: 0.1, Diff: 0.1, Sum: 0.3]
      [Update RS (ms): Min: 0.0, Avg: 0.0, Max: 0.0, Diff: 0.0, Sum: 0.0]
         [Processed Buffers: Min: 0, Avg: 0.1, Max: 1, Diff: 1, Sum: 2]
      [Scan RS (ms): Min: 0.0, Avg: 0.0, Max: 0.0, Diff: 0.0, Sum: 0.0]
      [Code Root Scanning (ms): Min: 0.0, Avg: 0.0, Max: 0.0, Diff: 0.0, Sum: 0.0]
      [Object Copy (ms): Min: 0.0, Avg: 0.0, Max: 0.1, Diff: 0.1, Sum: 0.3]
      [Termination (ms): Min: 0.0, Avg: 2.9, Max: 3.8, Diff: 3.8, Sum: 53.0]
         [Termination Attempts: Min: 1, Avg: 1.0, Max: 1, Diff: 0, Sum: 18]
      [GC Worker Other (ms): Min: 0.0, Avg: 0.0, Max: 0.0, Diff: 0.0, Sum: 0.1]
      [GC Worker Total (ms): Min: 0.0, Avg: 3.0, Max: 4.0, Diff: 4.0, Sum: 53.7]
      [GC Worker End (ms): Min: 17976.4, Avg: 17976.5, Max: 17976.6, Diff: 0.3]
   [Code Root Fixup: 0.0 ms]
   [Code Root Purge: 0.0 ms]
   [Clear CT: 0.9 ms]
   [Other: 3.4 ms]
      [Choose CSet: 0.0 ms]
      [Ref Proc: 2.6 ms]
      [Ref Enq: 0.0 ms]
      [Redirty Cards: 0.7 ms]
      [Humongous Register: 0.0 ms]
      [Humongous Reclaim: 0.0 ms]
      [Free CSet: 0.0 ms]
   [Eden: 2048.0K(2048.0K)->0.0B(2048.0K) Survivors: 1024.0K->1024.0K Heap: 43655.7K(65536.0K)->36506.7K(65536.0K)]
 [Times: user=0.07 sys=0.00, real=0.00 secs] 
2026-06-17T09:48:55.791+0800: 17.992: [GC pause (G1 Evacuation Pause) (mixed), 0.0122622 secs]
   [Parallel Time: 8.1 ms, GC Workers: 18]
      [GC Worker Start (ms): Min: 17992.5, Avg: 17994.2, Max: 17999.2, Diff: 6.7]
      [Ext Root Scanning (ms): Min: 0.0, Avg: 0.0, Max: 0.2, Diff: 0.1, Sum: 0.3]
      [Update RS (ms): Min: 0.0, Avg: 0.0, Max: 0.0, Diff: 0.0, Sum: 0.0]
         [Processed Buffers: Min: 0, Avg: 0.2, Max: 3, Diff: 3, Sum: 4]
      [Scan RS (ms): Min: 0.0, Avg: 0.0, Max: 0.0, Diff: 0.0, Sum: 0.0]
      [Code Root Scanning (ms): Min: 0.0, Avg: 0.0, Max: 0.0, Diff: 0.0, Sum: 0.0]
      [Object Copy (ms): Min: 0.0, Avg: 0.0, Max: 0.3, Diff: 0.3, Sum: 0.8]
      [Termination (ms): Min: 0.0, Avg: 5.0, Max: 6.4, Diff: 6.4, Sum: 90.9]
         [Termination Attempts: Min: 1, Avg: 1.0, Max: 1, Diff: 0, Sum: 18]
      [GC Worker Other (ms): Min: 0.0, Avg: 0.0, Max: 0.0, Diff: 0.0, Sum: 0.1]
      [GC Worker Total (ms): Min: 0.0, Avg: 5.1, Max: 6.8, Diff: 6.8, Sum: 92.2]
      [GC Worker End (ms): Min: 17999.2, Avg: 17999.3, Max: 17999.5, Diff: 0.3]
   [Code Root Fixup: 0.0 ms]
   [Code Root Purge: 0.0 ms]
   [Clear CT: 1.2 ms]
   [Other: 3.0 ms]
      [Choose CSet: 0.0 ms]
      [Ref Proc: 2.4 ms]
      [Ref Enq: 0.0 ms]
      [Redirty Cards: 0.6 ms]
      [Humongous Register: 0.0 ms]
      [Humongous Reclaim: 0.0 ms]
      [Free CSet: 0.0 ms]
   [Eden: 2048.0K(2048.0K)->0.0B(2048.0K) Survivors: 1024.0K->1024.0K Heap: 38554.7K(65536.0K)->36229.7K(65536.0K)]
 [Times: user=0.10 sys=0.01, real=0.01 secs] 
2026-06-17T09:48:55.805+0800: 18.006: [GC pause (G1 Evacuation Pause) (mixed), 0.0056060 secs]
   [Parallel Time: 2.1 ms, GC Workers: 18]
      [GC Worker Start (ms): Min: 18005.8, Avg: 18006.6, Max: 18007.3, Diff: 1.5]
      [Ext Root Scanning (ms): Min: 0.0, Avg: 0.0, Max: 0.1, Diff: 0.1, Sum: 0.3]
      [Update RS (ms): Min: 0.0, Avg: 0.0, Max: 0.0, Diff: 0.0, Sum: 0.0]
         [Processed Buffers: Min: 0, Avg: 0.2, Max: 2, Diff: 2, Sum: 4]
      [Scan RS (ms): Min: 0.0, Avg: 0.0, Max: 0.0, Diff: 0.0, Sum: 0.1]
      [Code Root Scanning (ms): Min: 0.0, Avg: 0.0, Max: 0.0, Diff: 0.0, Sum: 0.0]
      [Object Copy (ms): Min: 0.0, Avg: 0.1, Max: 0.3, Diff: 0.3, Sum: 0.9]
      [Termination (ms): Min: 0.0, Avg: 0.6, Max: 1.1, Diff: 1.1, Sum: 11.6]
         [Termination Attempts: Min: 1, Avg: 1.0, Max: 1, Diff: 0, Sum: 18]
      [GC Worker Other (ms): Min: 0.0, Avg: 0.0, Max: 0.0, Diff: 0.0, Sum: 0.1]
      [GC Worker Total (ms): Min: 0.0, Avg: 0.7, Max: 1.5, Diff: 1.5, Sum: 13.0]
      [GC Worker End (ms): Min: 18007.3, Avg: 18007.3, Max: 18007.4, Diff: 0.1]
   [Code Root Fixup: 0.0 ms]
   [Code Root Purge: 0.0 ms]
   [Clear CT: 0.7 ms]
   [Other: 2.7 ms]
      [Choose CSet: 0.0 ms]
      [Ref Proc: 2.2 ms]
      [Ref Enq: 0.0 ms]
      [Redirty Cards: 0.5 ms]
      [Humongous Register: 0.0 ms]
      [Humongous Reclaim: 0.0 ms]
      [Free CSet: 0.0 ms]
   [Eden: 2048.0K(2048.0K)->0.0B(12288.0K) Survivors: 1024.0K->1024.0K Heap: 38277.7K(65536.0K)->36151.7K(65536.0K)]
 [Times: user=0.02 sys=0.00, real=0.01 secs] 
2026-06-17T09:48:55.842+0800: 18.044: [GC pause (G1 Evacuation Pause) (young), 0.0265978 secs]
   [Parallel Time: 20.3 ms, GC Workers: 18]
      [GC Worker Start (ms): Min: 18044.0, Avg: 18053.3, Max: 18063.4, Diff: 19.4]
      [Ext Root Scanning (ms): Min: 0.0, Avg: 0.0, Max: 0.3, Diff: 0.3, Sum: 0.6]
      [Update RS (ms): Min: 0.0, Avg: 0.0, Max: 0.1, Diff: 0.1, Sum: 0.3]
         [Processed Buffers: Min: 0, Avg: 0.2, Max: 2, Diff: 2, Sum: 4]
      [Scan RS (ms): Min: 0.0, Avg: 0.0, Max: 0.0, Diff: 0.0, Sum: 0.0]
      [Code Root Scanning (ms): Min: 0.0, Avg: 0.0, Max: 0.0, Diff: 0.0, Sum: 0.0]
      [Object Copy (ms): Min: 0.0, Avg: 0.1, Max: 0.5, Diff: 0.5, Sum: 1.7]
      [Termination (ms): Min: 0.0, Avg: 10.1, Max: 18.8, Diff: 18.8, Sum: 181.5]
         [Termination Attempts: Min: 1, Avg: 1.0, Max: 1, Diff: 0, Sum: 18]
      [GC Worker Other (ms): Min: 0.0, Avg: 0.0, Max: 0.0, Diff: 0.0, Sum: 0.1]
      [GC Worker Total (ms): Min: 0.0, Avg: 10.2, Max: 19.5, Diff: 19.5, Sum: 184.1]
      [GC Worker End (ms): Min: 18063.4, Avg: 18063.5, Max: 18063.8, Diff: 0.4]
   [Code Root Fixup: 0.0 ms]
   [Code Root Purge: 0.0 ms]
   [Clear CT: 1.5 ms]
   [Other: 4.8 ms]
      [Choose CSet: 0.0 ms]
      [Ref Proc: 4.0 ms]
      [Ref Enq: 0.0 ms]
      [Redirty Cards: 0.6 ms]
      [Humongous Register: 0.0 ms]
      [Humongous Reclaim: 0.0 ms]
      [Free CSet: 0.0 ms]
   [Eden: 12288.0K(12288.0K)->0.0B(7168.0K) Survivors: 1024.0K->2048.0K Heap: 48439.7K(65536.0K)->41297.7K(65536.0K)]
 [Times: user=0.21 sys=0.00, real=0.03 secs] 
2026-06-17T09:48:55.870+0800: 18.071: [GC pause (G1 Humongous Allocation) (young) (initial-mark), 0.0298654 secs]
   [Parallel Time: 19.5 ms, GC Workers: 18]
      [GC Worker Start (ms): Min: 18071.1, Avg: 18071.3, Max: 18071.5, Diff: 0.4]
      [Ext Root Scanning (ms): Min: 0.0, Avg: 6.6, Max: 17.9, Diff: 17.9, Sum: 118.4]
      [Update RS (ms): Min: 0.0, Avg: 0.0, Max: 0.0, Diff: 0.0, Sum: 0.0]
         [Processed Buffers: Min: 0, Avg: 0.2, Max: 3, Diff: 3, Sum: 3]
      [Scan RS (ms): Min: 0.0, Avg: 0.0, Max: 0.0, Diff: 0.0, Sum: 0.0]
      [Code Root Scanning (ms): Min: 0.0, Avg: 0.0, Max: 0.0, Diff: 0.0, Sum: 0.0]
      [Object Copy (ms): Min: 0.0, Avg: 0.0, Max: 0.1, Diff: 0.1, Sum: 0.2]
      [Termination (ms): Min: 0.0, Avg: 11.5, Max: 17.9, Diff: 17.9, Sum: 207.4]
         [Termination Attempts: Min: 1, Avg: 1.0, Max: 1, Diff: 0, Sum: 18]
      [GC Worker Other (ms): Min: 0.0, Avg: 0.0, Max: 0.0, Diff: 0.0, Sum: 0.0]
      [GC Worker Total (ms): Min: 17.9, Avg: 18.1, Max: 18.4, Diff: 0.5, Sum: 326.1]
      [GC Worker End (ms): Min: 18089.3, Avg: 18089.5, Max: 18089.7, Diff: 0.4]
   [Code Root Fixup: 0.0 ms]
   [Code Root Purge: 0.0 ms]
   [Clear CT: 1.1 ms]
   [Other: 9.2 ms]
      [Choose CSet: 0.0 ms]
      [Ref Proc: 8.6 ms]
      [Ref Enq: 0.0 ms]
      [Redirty Cards: 0.6 ms]
      [Humongous Register: 0.0 ms]
      [Humongous Reclaim: 0.0 ms]
      [Free CSet: 0.0 ms]
   [Eden: 2048.0K(7168.0K)->0.0B(9216.0K) Survivors: 2048.0K->0.0B Heap: 42615.8K(65536.0K)->40707.7K(65536.0K)]
 [Times: user=0.30 sys=0.01, real=0.03 secs] 
2026-06-17T09:48:55.900+0800: 18.101: [GC concurrent-root-region-scan-start]
2026-06-17T09:48:55.900+0800: 18.101: [GC concurrent-root-region-scan-end, 0.0000074 secs]
2026-06-17T09:48:55.900+0800: 18.101: [GC concurrent-mark-start]
2026-06-17T09:48:55.900+0800: 18.102: [GC concurrent-mark-end, 0.0003585 secs]
2026-06-17T09:48:55.901+0800: 18.102: [GC remark 2026-06-17T09:48:55.901+0800: 18.102: [Finalize Marking, 0.0050448 secs] 2026-06-17T09:48:55.906+0800: 18.108: [GC ref-proc, 0.0006207 secs] 2026-06-17T09:48:55.907+0800: 18.109: [Unloading, 0.0016330 secs], 0.0096906 secs]
 [Times: user=0.06 sys=0.00, real=0.02 secs] 
2026-06-17T09:48:55.911+0800: 18.113: [GC cleanup 42511K->39439K(65536K), 0.0027831 secs]
 [Times: user=0.00 sys=0.00, real=0.00 secs] 
2026-06-17T09:48:55.915+0800: 18.116: [GC concurrent-cleanup-start]
2026-06-17T09:48:55.915+0800: 18.116: [GC concurrent-cleanup-end, 0.0000068 secs]
2026-06-17T09:48:55.926+0800: 18.127: [GC pause (G1 Evacuation Pause) (young), 0.0166791 secs]
   [Parallel Time: 10.0 ms, GC Workers: 18]
      [GC Worker Start (ms): Min: 18127.0, Avg: 18129.7, Max: 18135.2, Diff: 8.2]
      [Ext Root Scanning (ms): Min: 0.0, Avg: 0.0, Max: 0.1, Diff: 0.1, Sum: 0.4]
      [Update RS (ms): Min: 0.0, Avg: 0.0, Max: 0.0, Diff: 0.0, Sum: 0.0]
         [Processed Buffers: Min: 0, Avg: 0.2, Max: 1, Diff: 1, Sum: 3]
      [Scan RS (ms): Min: 0.0, Avg: 0.0, Max: 0.0, Diff: 0.0, Sum: 0.0]
      [Code Root Scanning (ms): Min: 0.0, Avg: 0.0, Max: 0.0, Diff: 0.0, Sum: 0.0]
      [Object Copy (ms): Min: 0.0, Avg: 0.0, Max: 0.1, Diff: 0.1, Sum: 0.2]
      [Termination (ms): Min: 0.0, Avg: 5.7, Max: 8.3, Diff: 8.3, Sum: 102.2]
         [Termination Attempts: Min: 1, Avg: 1.1, Max: 2, Diff: 1, Sum: 19]
      [GC Worker Other (ms): Min: 0.0, Avg: 0.0, Max: 0.0, Diff: 0.0, Sum: 0.1]
      [GC Worker Total (ms): Min: 0.0, Avg: 5.7, Max: 8.5, Diff: 8.5, Sum: 102.9]
      [GC Worker End (ms): Min: 18135.2, Avg: 18135.4, Max: 18135.8, Diff: 0.5]
   [Code Root Fixup: 0.0 ms]
   [Code Root Purge: 0.0 ms]
   [Clear CT: 1.4 ms]
   [Other: 5.3 ms]
      [Choose CSet: 0.0 ms]
      [Ref Proc: 4.7 ms]
      [Ref Enq: 0.0 ms]
      [Redirty Cards: 0.5 ms]
      [Humongous Register: 0.0 ms]
      [Humongous Reclaim: 0.0 ms]
      [Free CSet: 0.0 ms]
   [Eden: 9216.0K(9216.0K)->0.0B(2048.0K) Survivors: 0.0B->2048.0K Heap: 47633.7K(65536.0K)->35009.6K(65536.0K)]
 [Times: user=0.15 sys=0.00, real=0.02 secs] 
2026-06-17T09:48:55.954+0800: 18.155: [GC pause (G1 Evacuation Pause) (mixed), 0.0168944 secs]
   [Parallel Time: 10.5 ms, GC Workers: 18]
      [GC Worker Start (ms): Min: 18155.1, Avg: 18157.5, Max: 18163.2, Diff: 8.1]
      [Ext Root Scanning (ms): Min: 0.0, Avg: 0.0, Max: 0.1, Diff: 0.1, Sum: 0.3]
      [Update RS (ms): Min: 0.0, Avg: 0.0, Max: 0.0, Diff: 0.0, Sum: 0.0]
         [Processed Buffers: Min: 0, Avg: 0.1, Max: 1, Diff: 1, Sum: 2]
      [Scan RS (ms): Min: 0.0, Avg: 0.0, Max: 0.0, Diff: 0.0, Sum: 0.0]
      [Code Root Scanning (ms): Min: 0.0, Avg: 0.0, Max: 0.0, Diff: 0.0, Sum: 0.0]
      [Object Copy (ms): Min: 0.0, Avg: 0.1, Max: 0.3, Diff: 0.3, Sum: 1.0]
      [Termination (ms): Min: 0.0, Avg: 5.9, Max: 8.3, Diff: 8.3, Sum: 106.0]
         [Termination Attempts: Min: 1, Avg: 1.0, Max: 1, Diff: 0, Sum: 18]
      [GC Worker Other (ms): Min: 0.0, Avg: 0.0, Max: 0.1, Diff: 0.0, Sum: 0.2]
      [GC Worker Total (ms): Min: 0.0, Avg: 6.0, Max: 8.7, Diff: 8.6, Sum: 107.5]
      [GC Worker End (ms): Min: 18163.2, Avg: 18163.4, Max: 18163.8, Diff: 0.6]
   [Code Root Fixup: 0.0 ms]
   [Code Root Purge: 0.0 ms]
   [Clear CT: 1.1 ms]
   [Other: 5.2 ms]
      [Choose CSet: 0.0 ms]
      [Ref Proc: 4.6 ms]
      [Ref Enq: 0.0 ms]
      [Redirty Cards: 0.6 ms]
      [Humongous Register: 0.0 ms]
      [Humongous Reclaim: 0.0 ms]
      [Free CSet: 0.0 ms]
   [Eden: 2048.0K(2048.0K)->0.0B(2048.0K) Survivors: 2048.0K->1024.0K Heap: 37057.6K(65536.0K)->33601.6K(65536.0K)]
 [Times: user=0.14 sys=0.00, real=0.02 secs] 
2026-06-17T09:48:55.982+0800: 18.183: [GC pause (G1 Evacuation Pause) (mixed), 0.0158017 secs]
   [Parallel Time: 9.2 ms, GC Workers: 18]
      [GC Worker Start (ms): Min: 18183.3, Avg: 18185.6, Max: 18190.4, Diff: 7.1]
      [Ext Root Scanning (ms): Min: 0.0, Avg: 0.0, Max: 0.2, Diff: 0.2, Sum: 0.6]
      [Update RS (ms): Min: 0.0, Avg: 0.0, Max: 0.0, Diff: 0.0, Sum: 0.0]
         [Processed Buffers: Min: 0, Avg: 0.2, Max: 2, Diff: 2, Sum: 4]
      [Scan RS (ms): Min: 0.0, Avg: 0.0, Max: 0.0, Diff: 0.0, Sum: 0.0]
      [Code Root Scanning (ms): Min: 0.0, Avg: 0.0, Max: 0.0, Diff: 0.0, Sum: 0.0]
      [Object Copy (ms): Min: 0.0, Avg: 0.0, Max: 0.1, Diff: 0.1, Sum: 0.4]
      [Termination (ms): Min: 0.0, Avg: 5.0, Max: 7.2, Diff: 7.2, Sum: 89.8]
         [Termination Attempts: Min: 1, Avg: 1.0, Max: 1, Diff: 0, Sum: 18]
      [GC Worker Other (ms): Min: 0.0, Avg: 0.0, Max: 0.0, Diff: 0.0, Sum: 0.2]
      [GC Worker Total (ms): Min: 0.0, Avg: 5.1, Max: 7.5, Diff: 7.5, Sum: 91.0]
      [GC Worker End (ms): Min: 18190.4, Avg: 18190.6, Max: 18191.0, Diff: 0.6]
   [Code Root Fixup: 0.0 ms]
   [Code Root Purge: 0.0 ms]
   [Clear CT: 1.0 ms]
   [Other: 5.6 ms]
      [Choose CSet: 0.0 ms]
      [Ref Proc: 5.0 ms]
      [Ref Enq: 0.0 ms]
      [Redirty Cards: 0.5 ms]
      [Humongous Register: 0.0 ms]
      [Humongous Reclaim: 0.0 ms]
      [Free CSet: 0.0 ms]
   [Eden: 2048.0K(2048.0K)->0.0B(15360.0K) Survivors: 1024.0K->1024.0K Heap: 35649.6K(65536.0K)->33620.2K(65536.0K)]
 [Times: user=0.11 sys=0.02, real=0.02 secs] 
2026-06-17T09:48:56.031+0800: 18.233: [GC pause (G1 Evacuation Pause) (young), 0.0218041 secs]
   [Parallel Time: 12.8 ms, GC Workers: 18]
      [GC Worker Start (ms): Min: 18233.1, Avg: 18236.2, Max: 18242.7, Diff: 9.7]
      [Ext Root Scanning (ms): Min: 0.0, Avg: 0.1, Max: 0.6, Diff: 0.6, Sum: 1.2]
      [Update RS (ms): Min: 0.0, Avg: 0.0, Max: 0.0, Diff: 0.0, Sum: 0.1]
         [Processed Buffers: Min: 0, Avg: 0.2, Max: 2, Diff: 2, Sum: 4]
      [Scan RS (ms): Min: 0.0, Avg: 0.0, Max: 0.0, Diff: 0.0, Sum: 0.1]
      [Code Root Scanning (ms): Min: 0.0, Avg: 0.0, Max: 0.0, Diff: 0.0, Sum: 0.0]
      [Object Copy (ms): Min: 0.0, Avg: 0.1, Max: 0.4, Diff: 0.4, Sum: 1.7]
      [Termination (ms): Min: 0.0, Avg: 6.6, Max: 9.1, Diff: 9.1, Sum: 118.6]
         [Termination Attempts: Min: 1, Avg: 1.0, Max: 1, Diff: 0, Sum: 18]
      [GC Worker Other (ms): Min: 0.0, Avg: 0.0, Max: 0.0, Diff: 0.0, Sum: 0.3]
      [GC Worker Total (ms): Min: 0.0, Avg: 6.8, Max: 10.1, Diff: 10.0, Sum: 121.9]
      [GC Worker End (ms): Min: 18242.8, Avg: 18243.0, Max: 18243.4, Diff: 0.7]
   [Code Root Fixup: 0.0 ms]
   [Code Root Purge: 0.0 ms]
   [Clear CT: 2.7 ms]
   [Other: 6.3 ms]
      [Choose CSet: 0.0 ms]
      [Ref Proc: 5.3 ms]
      [Ref Enq: 0.0 ms]
      [Redirty Cards: 0.9 ms]
      [Humongous Register: 0.0 ms]
      [Humongous Reclaim: 0.0 ms]
      [Free CSet: 0.0 ms]
   [Eden: 15360.0K(15360.0K)->0.0B(12288.0K) Survivors: 1024.0K->2048.0K Heap: 48980.2K(65536.0K)->38220.6K(65536.0K)]
 [Times: user=0.17 sys=0.01, real=0.02 secs] 
2026-06-17T09:48:56.087+0800: 18.288: [GC pause (G1 Evacuation Pause) (young) (initial-mark), 0.0196479 secs]
   [Parallel Time: 11.6 ms, GC Workers: 18]
      [GC Worker Start (ms): Min: 18288.4, Avg: 18290.1, Max: 18291.6, Diff: 3.2]
      [Ext Root Scanning (ms): Min: 0.1, Avg: 3.3, Max: 5.8, Diff: 5.8, Sum: 58.8]
      [Update RS (ms): Min: 0.0, Avg: 0.0, Max: 0.1, Diff: 0.1, Sum: 0.1]
         [Processed Buffers: Min: 0, Avg: 0.1, Max: 2, Diff: 2, Sum: 2]
      [Scan RS (ms): Min: 0.0, Avg: 0.0, Max: 0.0, Diff: 0.0, Sum: 0.0]
      [Code Root Scanning (ms): Min: 0.0, Avg: 0.0, Max: 0.0, Diff: 0.0, Sum: 0.0]
      [Object Copy (ms): Min: 0.0, Avg: 0.1, Max: 0.5, Diff: 0.5, Sum: 1.3]
      [Termination (ms): Min: 0.0, Avg: 4.0, Max: 5.6, Diff: 5.6, Sum: 71.7]
         [Termination Attempts: Min: 1, Avg: 1.0, Max: 1, Diff: 0, Sum: 18]
      [GC Worker Other (ms): Min: 0.0, Avg: 0.0, Max: 0.0, Diff: 0.0, Sum: 0.2]
      [GC Worker Total (ms): Min: 5.8, Avg: 7.3, Max: 9.3, Diff: 3.5, Sum: 132.2]
      [GC Worker End (ms): Min: 18297.2, Avg: 18297.4, Max: 18297.8, Diff: 0.6]
   [Code Root Fixup: 0.0 ms]
   [Code Root Purge: 0.0 ms]
   [Clear CT: 2.3 ms]
   [Other: 5.8 ms]
      [Choose CSet: 0.0 ms]
      [Ref Proc: 4.8 ms]
      [Ref Enq: 0.0 ms]
      [Redirty Cards: 0.9 ms]
      [Humongous Register: 0.0 ms]
      [Humongous Reclaim: 0.0 ms]
      [Free CSet: 0.0 ms]
   [Eden: 12288.0K(12288.0K)->0.0B(8192.0K) Survivors: 2048.0K->2048.0K Heap: 50508.6K(65536.0K)->41925.6K(65536.0K)]
 [Times: user=0.11 sys=0.00, real=0.02 secs] 
2026-06-17T09:48:56.108+0800: 18.309: [GC concurrent-root-region-scan-start]
2026-06-17T09:48:56.108+0800: 18.309: [GC concurrent-root-region-scan-end, 0.0003180 secs]
2026-06-17T09:48:56.108+0800: 18.309: [GC concurrent-mark-start]
2026-06-17T09:48:56.108+0800: 18.310: [GC concurrent-mark-end, 0.0005169 secs]
2026-06-17T09:48:56.108+0800: 18.310: [GC remark 2026-06-17T09:48:56.109+0800: 18.310: [Finalize Marking, 0.0063456 secs] 2026-06-17T09:48:56.116+0800: 18.317: [GC ref-proc, 0.0006725 secs] 2026-06-17T09:48:56.117+0800: 18.318: [Unloading, 0.0018419 secs], 0.0116721 secs]
 [Times: user=0.06 sys=0.01, real=0.01 secs] 
2026-06-17T09:48:56.121+0800: 18.323: [GC cleanup 44993K->37825K(65536K), 0.0027172 secs]
 [Times: user=0.00 sys=0.00, real=0.01 secs] 
2026-06-17T09:48:56.126+0800: 18.327: [GC concurrent-cleanup-start]
2026-06-17T09:48:56.126+0800: 18.327: [GC concurrent-cleanup-end, 0.0000084 secs]
2026-06-17T09:48:56.136+0800: 18.337: [GC pause (G1 Evacuation Pause) (young), 0.0163587 secs]
   [Parallel Time: 7.9 ms, GC Workers: 18]
      [GC Worker Start (ms): Min: 18337.4, Avg: 18339.0, Max: 18343.3, Diff: 5.9]
      [Ext Root Scanning (ms): Min: 0.0, Avg: 0.0, Max: 0.2, Diff: 0.2, Sum: 0.6]
      [Update RS (ms): Min: 0.0, Avg: 0.0, Max: 0.0, Diff: 0.0, Sum: 0.0]
         [Processed Buffers: Min: 0, Avg: 0.2, Max: 1, Diff: 1, Sum: 3]
      [Scan RS (ms): Min: 0.0, Avg: 0.0, Max: 0.0, Diff: 0.0, Sum: 0.0]
      [Code Root Scanning (ms): Min: 0.0, Avg: 0.0, Max: 0.0, Diff: 0.0, Sum: 0.0]
      [Object Copy (ms): Min: 0.0, Avg: 0.0, Max: 0.2, Diff: 0.2, Sum: 0.7]
      [Termination (ms): Min: 0.0, Avg: 4.4, Max: 5.7, Diff: 5.7, Sum: 79.4]
         [Termination Attempts: Min: 1, Avg: 1.0, Max: 1, Diff: 0, Sum: 18]
      [GC Worker Other (ms): Min: 0.0, Avg: 0.0, Max: 0.0, Diff: 0.0, Sum: 0.2]
      [GC Worker Total (ms): Min: 0.0, Avg: 4.5, Max: 6.1, Diff: 6.1, Sum: 81.0]
      [GC Worker End (ms): Min: 18343.3, Avg: 18343.5, Max: 18344.1, Diff: 0.7]
   [Code Root Fixup: 0.0 ms]
   [Code Root Purge: 0.0 ms]
   [Clear CT: 1.2 ms]
   [Other: 7.3 ms]
      [Choose CSet: 0.0 ms]
      [Ref Proc: 6.6 ms]
      [Ref Enq: 0.0 ms]
      [Redirty Cards: 0.6 ms]
      [Humongous Register: 0.0 ms]
      [Humongous Reclaim: 0.0 ms]
      [Free CSet: 0.0 ms]
   [Eden: 8192.0K(8192.0K)->0.0B(1024.0K) Survivors: 2048.0K->2048.0K Heap: 42949.6K(65536.0K)->37579.6K(65536.0K)]
 [Times: user=0.15 sys=0.01, real=0.02 secs] 
2026-06-17T09:48:56.154+0800: 18.355: [GC pause (G1 Evacuation Pause) (mixed), 0.0057475 secs]
   [Parallel Time: 1.8 ms, GC Workers: 18]
      [GC Worker Start (ms): Min: 18355.1, Avg: 18355.9, Max: 18356.5, Diff: 1.4]
      [Ext Root Scanning (ms): Min: 0.0, Avg: 0.0, Max: 0.1, Diff: 0.1, Sum: 0.3]
      [Update RS (ms): Min: 0.0, Avg: 0.0, Max: 0.0, Diff: 0.0, Sum: 0.0]
         [Processed Buffers: Min: 0, Avg: 0.1, Max: 1, Diff: 1, Sum: 2]
      [Scan RS (ms): Min: 0.0, Avg: 0.0, Max: 0.0, Diff: 0.0, Sum: 0.0]
      [Code Root Scanning (ms): Min: 0.0, Avg: 0.0, Max: 0.0, Diff: 0.0, Sum: 0.0]
      [Object Copy (ms): Min: 0.0, Avg: 0.0, Max: 0.2, Diff: 0.2, Sum: 0.6]
      [Termination (ms): Min: 0.0, Avg: 0.6, Max: 1.1, Diff: 1.1, Sum: 11.2]
         [Termination Attempts: Min: 1, Avg: 1.0, Max: 1, Diff: 0, Sum: 18]
      [GC Worker Other (ms): Min: 0.0, Avg: 0.0, Max: 0.0, Diff: 0.0, Sum: 0.1]
      [GC Worker Total (ms): Min: 0.0, Avg: 0.7, Max: 1.4, Diff: 1.4, Sum: 12.2]
      [GC Worker End (ms): Min: 18356.5, Avg: 18356.5, Max: 18356.6, Diff: 0.1]
   [Code Root Fixup: 0.0 ms]
   [Code Root Purge: 0.0 ms]
   [Clear CT: 1.1 ms]
   [Other: 2.8 ms]
      [Choose CSet: 0.0 ms]
      [Ref Proc: 2.2 ms]
      [Ref Enq: 0.0 ms]
      [Redirty Cards: 0.5 ms]
      [Humongous Register: 0.0 ms]
      [Humongous Reclaim: 0.0 ms]
      [Free CSet: 0.0 ms]
   [Eden: 1024.0K(1024.0K)->0.0B(2048.0K) Survivors: 2048.0K->1024.0K Heap: 38603.6K(65536.0K)->33537.1K(65536.0K)]
 [Times: user=0.02 sys=0.00, real=0.00 secs] 
2026-06-17T09:48:56.171+0800: 18.372: [GC pause (G1 Evacuation Pause) (mixed), 0.0154892 secs]
   [Parallel Time: 10.1 ms, GC Workers: 18]
      [GC Worker Start (ms): Min: 18372.4, Avg: 18373.9, Max: 18380.1, Diff: 7.8]
      [Ext Root Scanning (ms): Min: 0.0, Avg: 0.0, Max: 0.2, Diff: 0.2, Sum: 0.5]
      [Update RS (ms): Min: 0.0, Avg: 0.0, Max: 0.0, Diff: 0.0, Sum: 0.0]
         [Processed Buffers: Min: 0, Avg: 0.2, Max: 2, Diff: 2, Sum: 4]
      [Scan RS (ms): Min: 0.0, Avg: 0.0, Max: 0.0, Diff: 0.0, Sum: 0.1]
      [Code Root Scanning (ms): Min: 0.0, Avg: 0.0, Max: 0.0, Diff: 0.0, Sum: 0.0]
      [Object Copy (ms): Min: 0.0, Avg: 0.1, Max: 0.3, Diff: 0.3, Sum: 1.3]
      [Termination (ms): Min: 0.0, Avg: 6.4, Max: 8.0, Diff: 8.0, Sum: 115.3]
         [Termination Attempts: Min: 1, Avg: 1.0, Max: 1, Diff: 0, Sum: 18]
      [GC Worker Other (ms): Min: 0.0, Avg: 0.0, Max: 0.0, Diff: 0.0, Sum: 0.2]
      [GC Worker Total (ms): Min: 0.0, Avg: 6.5, Max: 8.2, Diff: 8.2, Sum: 117.4]
      [GC Worker End (ms): Min: 18380.2, Avg: 18380.5, Max: 18380.9, Diff: 0.7]
   [Code Root Fixup: 0.0 ms]
   [Code Root Purge: 0.0 ms]
   [Clear CT: 1.3 ms]
   [Other: 4.2 ms]
      [Choose CSet: 0.0 ms]
      [Ref Proc: 3.5 ms]
      [Ref Enq: 0.0 ms]
      [Redirty Cards: 0.6 ms]
      [Humongous Register: 0.0 ms]
      [Humongous Reclaim: 0.0 ms]
      [Free CSet: 0.0 ms]
   [Eden: 2048.0K(2048.0K)->0.0B(2048.0K) Survivors: 1024.0K->1024.0K Heap: 35585.1K(65536.0K)->33967.6K(65536.0K)]
 [Times: user=0.15 sys=0.01, real=0.01 secs] 
2026-06-17T09:48:56.188+0800: 18.389: [GC pause (G1 Evacuation Pause) (mixed), 0.0061227 secs]
   [Parallel Time: 2.2 ms, GC Workers: 18]
      [GC Worker Start (ms): Min: 18389.4, Avg: 18390.2, Max: 18390.9, Diff: 1.6]
      [Ext Root Scanning (ms): Min: 0.0, Avg: 0.0, Max: 0.1, Diff: 0.1, Sum: 0.3]
      [Update RS (ms): Min: 0.0, Avg: 0.0, Max: 0.0, Diff: 0.0, Sum: 0.0]
         [Processed Buffers: Min: 0, Avg: 0.3, Max: 3, Diff: 3, Sum: 5]
      [Scan RS (ms): Min: 0.0, Avg: 0.0, Max: 0.0, Diff: 0.0, Sum: 0.1]
      [Code Root Scanning (ms): Min: 0.0, Avg: 0.0, Max: 0.0, Diff: 0.0, Sum: 0.0]
      [Object Copy (ms): Min: 0.0, Avg: 0.0, Max: 0.1, Diff: 0.1, Sum: 0.4]
      [Termination (ms): Min: 0.0, Avg: 0.8, Max: 1.7, Diff: 1.7, Sum: 14.1]
         [Termination Attempts: Min: 1, Avg: 1.0, Max: 1, Diff: 0, Sum: 18]
      [GC Worker Other (ms): Min: 0.0, Avg: 0.0, Max: 0.0, Diff: 0.0, Sum: 0.1]
      [GC Worker Total (ms): Min: 0.0, Avg: 0.8, Max: 2.0, Diff: 2.0, Sum: 15.0]
      [GC Worker End (ms): Min: 18390.9, Avg: 18391.1, Max: 18391.3, Diff: 0.4]
   [Code Root Fixup: 0.0 ms]
   [Code Root Purge: 0.0 ms]
   [Clear CT: 1.1 ms]
   [Other: 2.9 ms]
      [Choose CSet: 0.0 ms]
      [Ref Proc: 2.3 ms]
      [Ref Enq: 0.0 ms]
      [Redirty Cards: 0.5 ms]
      [Humongous Register: 0.0 ms]
      [Humongous Reclaim: 0.0 ms]
      [Free CSet: 0.0 ms]
   [Eden: 2048.0K(2048.0K)->0.0B(15360.0K) Survivors: 1024.0K->1024.0K Heap: 36015.6K(65536.0K)->34530.6K(65536.0K)]
 [Times: user=0.03 sys=0.00, real=0.01 secs] 
2026-06-17T09:48:56.239+0800: 18.440: [GC pause (G1 Evacuation Pause) (young), 0.0482637 secs]
   [Parallel Time: 41.0 ms, GC Workers: 18]
      [GC Worker Start (ms): Min: 18440.2, Avg: 18459.1, Max: 18480.0, Diff: 39.7]
      [Ext Root Scanning (ms): Min: 0.0, Avg: 0.1, Max: 0.7, Diff: 0.7, Sum: 1.4]
      [Update RS (ms): Min: 0.0, Avg: 0.0, Max: 0.2, Diff: 0.2, Sum: 0.5]
         [Processed Buffers: Min: 0, Avg: 0.2, Max: 2, Diff: 2, Sum: 4]
      [Scan RS (ms): Min: 0.0, Avg: 0.0, Max: 0.0, Diff: 0.0, Sum: 0.0]
      [Code Root Scanning (ms): Min: 0.0, Avg: 0.0, Max: 0.0, Diff: 0.0, Sum: 0.0]
      [Object Copy (ms): Min: 0.0, Avg: 0.1, Max: 0.6, Diff: 0.6, Sum: 1.7]
      [Termination (ms): Min: 0.0, Avg: 20.8, Max: 38.6, Diff: 38.6, Sum: 373.8]
         [Termination Attempts: Min: 1, Avg: 1.0, Max: 1, Diff: 0, Sum: 18]
      [GC Worker Other (ms): Min: 0.0, Avg: 0.0, Max: 0.0, Diff: 0.0, Sum: 0.1]
      [GC Worker Total (ms): Min: 0.0, Avg: 21.0, Max: 40.0, Diff: 40.0, Sum: 377.4]
      [GC Worker End (ms): Min: 18480.0, Avg: 18480.1, Max: 18480.3, Diff: 0.3]
   [Code Root Fixup: 0.0 ms]
   [Code Root Purge: 0.0 ms]
   [Clear CT: 1.1 ms]
   [Other: 6.2 ms]
      [Choose CSet: 0.0 ms]
      [Ref Proc: 5.4 ms]
      [Ref Enq: 0.0 ms]
      [Redirty Cards: 0.6 ms]
      [Humongous Register: 0.0 ms]
      [Humongous Reclaim: 0.0 ms]
      [Free CSet: 0.0 ms]
   [Eden: 15360.0K(15360.0K)->0.0B(10240.0K) Survivors: 1024.0K->2048.0K Heap: 49890.6K(65536.0K)->39798.6K(65536.0K)]
 [Times: user=0.43 sys=0.00, real=0.05 secs] 
2026-06-17T09:48:56.288+0800: 18.489: [GC pause (G1 Humongous Allocation) (young) (initial-mark), 0.0225361 secs]
   [Parallel Time: 14.5 ms, GC Workers: 18]
      [GC Worker Start (ms): Min: 18488.9, Avg: 18489.1, Max: 18489.3, Diff: 0.4]
      [Ext Root Scanning (ms): Min: 0.0, Avg: 5.1, Max: 13.2, Diff: 13.2, Sum: 92.1]
      [Update RS (ms): Min: 0.0, Avg: 0.0, Max: 0.0, Diff: 0.0, Sum: 0.0]
         [Processed Buffers: Min: 0, Avg: 0.2, Max: 3, Diff: 3, Sum: 3]
      [Scan RS (ms): Min: 0.0, Avg: 0.0, Max: 0.0, Diff: 0.0, Sum: 0.0]
      [Code Root Scanning (ms): Min: 0.0, Avg: 0.0, Max: 0.0, Diff: 0.0, Sum: 0.0]
      [Object Copy (ms): Min: 0.0, Avg: 0.0, Max: 0.2, Diff: 0.2, Sum: 0.4]
      [Termination (ms): Min: 0.0, Avg: 8.2, Max: 13.1, Diff: 13.1, Sum: 147.7]
         [Termination Attempts: Min: 1, Avg: 1.0, Max: 1, Diff: 0, Sum: 18]
      [GC Worker Other (ms): Min: 0.0, Avg: 0.0, Max: 0.0, Diff: 0.0, Sum: 0.0]
      [GC Worker Total (ms): Min: 13.2, Avg: 13.3, Max: 13.6, Diff: 0.5, Sum: 240.2]
      [GC Worker End (ms): Min: 18502.4, Avg: 18502.5, Max: 18502.6, Diff: 0.2]
   [Code Root Fixup: 0.0 ms]
   [Code Root Purge: 0.0 ms]
   [Clear CT: 1.1 ms]
   [Other: 7.0 ms]
      [Choose CSet: 0.0 ms]
      [Ref Proc: 6.4 ms]
      [Ref Enq: 0.0 ms]
      [Redirty Cards: 0.5 ms]
      [Humongous Register: 0.0 ms]
      [Humongous Reclaim: 0.0 ms]
      [Free CSet: 0.0 ms]
   [Eden: 4096.0K(10240.0K)->0.0B(9216.0K) Survivors: 2048.0K->2048.0K Heap: 43689.7K(65536.0K)->41260.6K(65536.0K)]
 [Times: user=0.22 sys=0.00, real=0.03 secs] 
2026-06-17T09:48:56.311+0800: 18.513: [GC concurrent-root-region-scan-start]
2026-06-17T09:48:56.312+0800: 18.513: [GC concurrent-root-region-scan-end, 0.0002293 secs]
2026-06-17T09:48:56.312+0800: 18.513: [GC concurrent-mark-start]
2026-06-17T09:48:56.312+0800: 18.513: [GC concurrent-mark-end, 0.0004449 secs]
2026-06-17T09:48:56.312+0800: 18.513: [GC remark 2026-06-17T09:48:56.312+0800: 18.514: [Finalize Marking, 0.0070392 secs] 2026-06-17T09:48:56.320+0800: 18.521: [GC ref-proc, 0.0005425 secs] 2026-06-17T09:48:56.321+0800: 18.522: [Unloading, 0.0017668 secs], 0.0116002 secs]
 [Times: user=0.08 sys=0.00, real=0.01 secs] 
2026-06-17T09:48:56.325+0800: 18.526: [GC cleanup 43471K->43014K(65536K), 0.0027656 secs]
 [Times: user=0.00 sys=0.00, real=0.00 secs] 
2026-06-17T09:48:56.329+0800: 18.530: [GC concurrent-cleanup-start]
2026-06-17T09:48:56.329+0800: 18.530: [GC concurrent-cleanup-end, 0.0000059 secs]
2026-06-17T09:48:56.350+0800: 18.551: [GC pause (G1 Evacuation Pause) (young), 0.0135832 secs]
   [Parallel Time: 9.3 ms, GC Workers: 18]
      [GC Worker Start (ms): Min: 18550.8, Avg: 18552.9, Max: 18559.3, Diff: 8.4]
      [Ext Root Scanning (ms): Min: 0.0, Avg: 0.0, Max: 0.2, Diff: 0.2, Sum: 0.5]
      [Update RS (ms): Min: 0.0, Avg: 0.0, Max: 0.0, Diff: 0.0, Sum: 0.0]
         [Processed Buffers: Min: 0, Avg: 0.2, Max: 1, Diff: 1, Sum: 3]
      [Scan RS (ms): Min: 0.0, Avg: 0.0, Max: 0.0, Diff: 0.0, Sum: 0.0]
      [Code Root Scanning (ms): Min: 0.0, Avg: 0.0, Max: 0.0, Diff: 0.0, Sum: 0.0]
      [Object Copy (ms): Min: 0.0, Avg: 0.0, Max: 0.1, Diff: 0.1, Sum: 0.5]
      [Termination (ms): Min: 0.0, Avg: 6.4, Max: 8.4, Diff: 8.4, Sum: 114.6]
         [Termination Attempts: Min: 1, Avg: 1.0, Max: 1, Diff: 0, Sum: 18]
      [GC Worker Other (ms): Min: 0.0, Avg: 0.0, Max: 0.0, Diff: 0.0, Sum: 0.1]
      [GC Worker Total (ms): Min: 0.0, Avg: 6.4, Max: 8.6, Diff: 8.6, Sum: 115.8]
      [GC Worker End (ms): Min: 18559.3, Avg: 18559.4, Max: 18559.5, Diff: 0.3]
   [Code Root Fixup: 0.0 ms]
   [Code Root Purge: 0.0 ms]
   [Clear CT: 0.6 ms]
   [Other: 3.7 ms]
      [Choose CSet: 0.0 ms]
      [Ref Proc: 2.7 ms]
      [Ref Enq: 0.0 ms]
      [Redirty Cards: 0.9 ms]
      [Humongous Register: 0.0 ms]
      [Humongous Reclaim: 0.0 ms]
      [Free CSet: 0.0 ms]
   [Eden: 9216.0K(9216.0K)->0.0B(3072.0K) Survivors: 2048.0K->2048.0K Heap: 51210.2K(65536.0K)->44553.6K(65536.0K)]
 [Times: user=0.13 sys=0.01, real=0.02 secs] 
2026-06-17T09:48:56.364+0800: 18.566: [GC pause (G1 Evacuation Pause) (mixed), 0.0083598 secs]
   [Parallel Time: 3.5 ms, GC Workers: 18]
      [GC Worker Start (ms): Min: 18565.8, Avg: 18566.8, Max: 18568.9, Diff: 3.1]
      [Ext Root Scanning (ms): Min: 0.0, Avg: 0.0, Max: 0.1, Diff: 0.1, Sum: 0.3]
      [Update RS (ms): Min: 0.0, Avg: 0.0, Max: 0.0, Diff: 0.0, Sum: 0.0]
         [Processed Buffers: Min: 0, Avg: 0.1, Max: 1, Diff: 1, Sum: 2]
      [Scan RS (ms): Min: 0.0, Avg: 0.0, Max: 0.0, Diff: 0.0, Sum: 0.0]
      [Code Root Scanning (ms): Min: 0.0, Avg: 0.0, Max: 0.0, Diff: 0.0, Sum: 0.0]
      [Object Copy (ms): Min: 0.0, Avg: 0.0, Max: 0.1, Diff: 0.1, Sum: 0.4]
      [Termination (ms): Min: 0.0, Avg: 2.1, Max: 3.1, Diff: 3.1, Sum: 38.2]
         [Termination Attempts: Min: 1, Avg: 1.0, Max: 1, Diff: 0, Sum: 18]
      [GC Worker Other (ms): Min: 0.0, Avg: 0.0, Max: 0.0, Diff: 0.0, Sum: 0.1]
      [GC Worker Total (ms): Min: 0.0, Avg: 2.2, Max: 3.4, Diff: 3.3, Sum: 39.1]
      [GC Worker End (ms): Min: 18568.9, Avg: 18569.0, Max: 18569.2, Diff: 0.2]
   [Code Root Fixup: 0.0 ms]
   [Code Root Purge: 0.0 ms]
   [Clear CT: 0.6 ms]
   [Other: 4.2 ms]
      [Choose CSet: 0.0 ms]
      [Ref Proc: 3.6 ms]
      [Ref Enq: 0.0 ms]
      [Redirty Cards: 0.6 ms]
      [Humongous Register: 0.0 ms]
      [Humongous Reclaim: 0.0 ms]
      [Free CSet: 0.0 ms]
   [Eden: 3072.0K(3072.0K)->0.0B(3072.0K) Survivors: 2048.0K->1024.0K Heap: 47625.6K(65536.0K)->38914.6K(65536.0K)]
 [Times: user=0.08 sys=0.00, real=0.01 secs] 
2026-06-17T09:48:56.385+0800: 18.586: [GC pause (G1 Evacuation Pause) (mixed), 0.0127927 secs]
   [Parallel Time: 9.1 ms, GC Workers: 18]
      [GC Worker Start (ms): Min: 18586.2, Avg: 18587.8, Max: 18593.8, Diff: 7.6]
      [Ext Root Scanning (ms): Min: 0.0, Avg: 0.0, Max: 0.2, Diff: 0.2, Sum: 0.3]
      [Update RS (ms): Min: 0.0, Avg: 0.0, Max: 0.0, Diff: 0.0, Sum: 0.0]
         [Processed Buffers: Min: 0, Avg: 0.2, Max: 2, Diff: 2, Sum: 4]
      [Scan RS (ms): Min: 0.0, Avg: 0.0, Max: 0.0, Diff: 0.0, Sum: 0.0]
      [Code Root Scanning (ms): Min: 0.0, Avg: 0.0, Max: 0.0, Diff: 0.0, Sum: 0.0]
      [Object Copy (ms): Min: 0.0, Avg: 0.1, Max: 0.3, Diff: 0.3, Sum: 1.0]
      [Termination (ms): Min: 0.0, Avg: 6.0, Max: 7.3, Diff: 7.3, Sum: 108.2]
         [Termination Attempts: Min: 1, Avg: 1.0, Max: 1, Diff: 0, Sum: 18]
      [GC Worker Other (ms): Min: 0.0, Avg: 0.0, Max: 0.0, Diff: 0.0, Sum: 0.1]
      [GC Worker Total (ms): Min: 0.0, Avg: 6.1, Max: 7.7, Diff: 7.7, Sum: 109.7]
      [GC Worker End (ms): Min: 18593.8, Avg: 18593.9, Max: 18594.1, Diff: 0.3]
   [Code Root Fixup: 0.0 ms]
   [Code Root Purge: 0.0 ms]
   [Clear CT: 0.9 ms]
   [Other: 2.8 ms]
      [Choose CSet: 0.0 ms]
      [Ref Proc: 1.8 ms]
      [Ref Enq: 0.0 ms]
      [Redirty Cards: 1.0 ms]
      [Humongous Register: 0.0 ms]
      [Humongous Reclaim: 0.0 ms]
      [Free CSet: 0.0 ms]
   [Eden: 3072.0K(3072.0K)->0.0B(2048.0K) Survivors: 1024.0K->1024.0K Heap: 41986.6K(65536.0K)->38681.6K(65536.0K)]
 [Times: user=0.13 sys=0.00, real=0.01 secs] 
2026-06-17T09:48:56.409+0800: 18.610: [GC pause (G1 Evacuation Pause) (mixed), 0.0081448 secs]
   [Parallel Time: 3.7 ms, GC Workers: 18]
      [GC Worker Start (ms): Min: 18610.3, Avg: 18611.3, Max: 18612.3, Diff: 2.1]
      [Ext Root Scanning (ms): Min: 0.0, Avg: 0.0, Max: 0.2, Diff: 0.2, Sum: 0.4]
      [Update RS (ms): Min: 0.0, Avg: 0.0, Max: 0.0, Diff: 0.0, Sum: 0.0]
         [Processed Buffers: Min: 0, Avg: 0.2, Max: 2, Diff: 2, Sum: 4]
      [Scan RS (ms): Min: 0.0, Avg: 0.0, Max: 0.0, Diff: 0.0, Sum: 0.1]
      [Code Root Scanning (ms): Min: 0.0, Avg: 0.0, Max: 0.0, Diff: 0.0, Sum: 0.0]
      [Object Copy (ms): Min: 0.0, Avg: 0.0, Max: 0.2, Diff: 0.2, Sum: 0.8]
      [Termination (ms): Min: 0.0, Avg: 1.3, Max: 2.3, Diff: 2.3, Sum: 22.5]
         [Termination Attempts: Min: 1, Avg: 1.1, Max: 2, Diff: 1, Sum: 19]
      [GC Worker Other (ms): Min: 0.0, Avg: 0.0, Max: 0.0, Diff: 0.0, Sum: 0.1]
      [GC Worker Total (ms): Min: 0.0, Avg: 1.3, Max: 2.5, Diff: 2.5, Sum: 24.0]
      [GC Worker End (ms): Min: 18612.4, Avg: 18612.6, Max: 18613.0, Diff: 0.6]
   [Code Root Fixup: 0.0 ms]
   [Code Root Purge: 0.0 ms]
   [Clear CT: 1.1 ms]
   [Other: 3.3 ms]
      [Choose CSet: 0.0 ms]
      [Ref Proc: 2.7 ms]
      [Ref Enq: 0.0 ms]
      [Redirty Cards: 0.5 ms]
      [Humongous Register: 0.0 ms]
      [Humongous Reclaim: 0.0 ms]
      [Free CSet: 0.0 ms]
   [Eden: 2048.0K(2048.0K)->0.0B(12288.0K) Survivors: 1024.0K->1024.0K Heap: 40729.6K(65536.0K)->37426.3K(65536.0K)]
 [Times: user=0.04 sys=0.01, real=0.01 secs] 
2026-06-17T09:48:56.450+0800: 18.651: [GC pause (G1 Evacuation Pause) (young), 0.0135330 secs]
   [Parallel Time: 5.6 ms, GC Workers: 18]
      [GC Worker Start (ms): Min: 18651.4, Avg: 18653.0, Max: 18654.6, Diff: 3.2]
      [Ext Root Scanning (ms): Min: 0.0, Avg: 0.1, Max: 0.6, Diff: 0.5, Sum: 1.3]
      [Update RS (ms): Min: 0.0, Avg: 0.0, Max: 0.3, Diff: 0.3, Sum: 0.6]
         [Processed Buffers: Min: 0, Avg: 0.3, Max: 3, Diff: 3, Sum: 6]
      [Scan RS (ms): Min: 0.0, Avg: 0.0, Max: 0.0, Diff: 0.0, Sum: 0.1]
      [Code Root Scanning (ms): Min: 0.0, Avg: 0.0, Max: 0.0, Diff: 0.0, Sum: 0.0]
      [Object Copy (ms): Min: 0.0, Avg: 0.0, Max: 0.2, Diff: 0.2, Sum: 0.6]
      [Termination (ms): Min: 0.0, Avg: 1.6, Max: 2.9, Diff: 2.9, Sum: 29.2]
         [Termination Attempts: Min: 1, Avg: 1.2, Max: 2, Diff: 1, Sum: 22]
      [GC Worker Other (ms): Min: 0.0, Avg: 0.0, Max: 0.0, Diff: 0.0, Sum: 0.2]
      [GC Worker Total (ms): Min: 0.0, Avg: 1.8, Max: 3.4, Diff: 3.4, Sum: 31.9]
      [GC Worker End (ms): Min: 18654.7, Avg: 18654.8, Max: 18655.0, Diff: 0.4]
   [Code Root Fixup: 0.0 ms]
   [Code Root Purge: 0.0 ms]
   [Clear CT: 1.8 ms]
   [Other: 6.2 ms]
      [Choose CSet: 0.0 ms]
      [Ref Proc: 5.0 ms]
      [Ref Enq: 0.0 ms]
      [Redirty Cards: 1.1 ms]
      [Humongous Register: 0.0 ms]
      [Humongous Reclaim: 0.0 ms]
      [Free CSet: 0.0 ms]
   [Eden: 12288.0K(12288.0K)->0.0B(10240.0K) Survivors: 1024.0K->2048.0K Heap: 49714.3K(65536.0K)->39386.6K(65536.0K)]
 [Times: user=0.06 sys=0.01, real=0.02 secs] 
2026-06-17T09:48:56.487+0800: 18.688: [GC pause (G1 Evacuation Pause) (young) (initial-mark), 0.0155582 secs]
   [Parallel Time: 8.6 ms, GC Workers: 18]
      [GC Worker Start (ms): Min: 18688.3, Avg: 18689.5, Max: 18690.5, Diff: 2.2]
      [Ext Root Scanning (ms): Min: 0.0, Avg: 2.4, Max: 2.9, Diff: 2.8, Sum: 43.4]
      [Update RS (ms): Min: 0.0, Avg: 0.0, Max: 0.0, Diff: 0.0, Sum: 0.1]
         [Processed Buffers: Min: 0, Avg: 0.1, Max: 2, Diff: 2, Sum: 2]
      [Scan RS (ms): Min: 0.0, Avg: 0.0, Max: 0.0, Diff: 0.0, Sum: 0.0]
      [Code Root Scanning (ms): Min: 0.0, Avg: 0.0, Max: 0.0, Diff: 0.0, Sum: 0.0]
      [Object Copy (ms): Min: 0.0, Avg: 0.1, Max: 0.4, Diff: 0.4, Sum: 1.0]
      [Termination (ms): Min: 0.0, Avg: 1.3, Max: 2.3, Diff: 2.3, Sum: 24.2]
         [Termination Attempts: Min: 1, Avg: 1.2, Max: 2, Diff: 1, Sum: 21]
      [GC Worker Other (ms): Min: 0.0, Avg: 0.0, Max: 0.0, Diff: 0.0, Sum: 0.2]
      [GC Worker Total (ms): Min: 2.8, Avg: 3.8, Max: 4.9, Diff: 2.1, Sum: 68.9]
      [GC Worker End (ms): Min: 18693.2, Avg: 18693.3, Max: 18693.8, Diff: 0.6]
   [Code Root Fixup: 0.0 ms]
   [Code Root Purge: 0.0 ms]
   [Clear CT: 1.8 ms]
   [Other: 5.1 ms]
      [Choose CSet: 0.0 ms]
      [Ref Proc: 4.0 ms]
      [Ref Enq: 0.0 ms]
      [Redirty Cards: 1.0 ms]
      [Humongous Register: 0.0 ms]
      [Humongous Reclaim: 0.0 ms]
      [Free CSet: 0.0 ms]
   [Eden: 10240.0K(10240.0K)->0.0B(7168.0K) Survivors: 2048.0K->2048.0K Heap: 49626.6K(65536.0K)->42512.6K(65536.0K)]
 [Times: user=0.06 sys=0.01, real=0.02 secs] 
2026-06-17T09:48:56.504+0800: 18.705: [GC concurrent-root-region-scan-start]
2026-06-17T09:48:56.504+0800: 18.705: [GC concurrent-root-region-scan-end, 0.0003156 secs]
2026-06-17T09:48:56.504+0800: 18.705: [GC concurrent-mark-start]
2026-06-17T09:48:56.504+0800: 18.706: [GC concurrent-mark-end, 0.0005267 secs]
2026-06-17T09:48:56.505+0800: 18.706: [GC remark 2026-06-17T09:48:56.505+0800: 18.706: [Finalize Marking, 0.0086363 secs] 2026-06-17T09:48:56.515+0800: 18.716: [GC ref-proc, 0.0006856 secs] 2026-06-17T09:48:56.516+0800: 18.717: [Unloading, 0.0017095 secs], 0.0141752 secs]
 [Times: user=0.10 sys=0.00, real=0.01 secs] 
2026-06-17T09:48:56.520+0800: 18.721: [GC cleanup 45984K->38816K(65536K), 0.0030301 secs]
 [Times: user=0.00 sys=0.00, real=0.01 secs] 
2026-06-17T09:48:56.524+0800: 18.726: [GC concurrent-cleanup-start]
2026-06-17T09:48:56.524+0800: 18.726: [GC concurrent-cleanup-end, 0.0000091 secs]
2026-06-17T09:48:56.535+0800: 18.736: [GC pause (G1 Evacuation Pause) (young), 0.0168891 secs]
   [Parallel Time: 11.8 ms, GC Workers: 18]
      [GC Worker Start (ms): Min: 18736.1, Avg: 18738.0, Max: 18745.7, Diff: 9.5]
      [Ext Root Scanning (ms): Min: 0.0, Avg: 0.0, Max: 0.1, Diff: 0.1, Sum: 0.4]
      [Update RS (ms): Min: 0.0, Avg: 0.0, Max: 0.0, Diff: 0.0, Sum: 0.0]
         [Processed Buffers: Min: 0, Avg: 0.2, Max: 2, Diff: 2, Sum: 4]
      [Scan RS (ms): Min: 0.0, Avg: 0.0, Max: 0.0, Diff: 0.0, Sum: 0.0]
      [Code Root Scanning (ms): Min: 0.0, Avg: 0.0, Max: 0.0, Diff: 0.0, Sum: 0.0]
      [Object Copy (ms): Min: 0.0, Avg: 0.0, Max: 0.2, Diff: 0.2, Sum: 0.8]
      [Termination (ms): Min: 0.0, Avg: 7.7, Max: 9.5, Diff: 9.5, Sum: 138.6]
         [Termination Attempts: Min: 1, Avg: 1.0, Max: 1, Diff: 0, Sum: 18]
      [GC Worker Other (ms): Min: 0.0, Avg: 0.0, Max: 0.0, Diff: 0.0, Sum: 0.2]
      [GC Worker Total (ms): Min: 0.0, Avg: 7.8, Max: 9.9, Diff: 9.9, Sum: 139.9]
      [GC Worker End (ms): Min: 18745.7, Avg: 18745.8, Max: 18746.1, Diff: 0.5]
   [Code Root Fixup: 0.0 ms]
   [Code Root Purge: 0.0 ms]
   [Clear CT: 1.4 ms]
   [Other: 3.7 ms]
      [Choose CSet: 0.0 ms]
      [Ref Proc: 3.0 ms]
      [Ref Enq: 0.0 ms]
      [Redirty Cards: 0.6 ms]
      [Humongous Register: 0.0 ms]
      [Humongous Reclaim: 0.0 ms]
      [Free CSet: 0.0 ms]
   [Eden: 7168.0K(7168.0K)->0.0B(1024.0K) Survivors: 2048.0K->2048.0K Heap: 42512.6K(65536.0K)->39038.6K(65536.0K)]
 [Times: user=0.16 sys=0.01, real=0.02 secs] 
2026-06-17T09:48:56.553+0800: 18.754: [GC pause (G1 Evacuation Pause) (mixed), 0.0104944 secs]
   [Parallel Time: 2.2 ms, GC Workers: 18]
      [GC Worker Start (ms): Min: 18754.3, Avg: 18755.2, Max: 18755.9, Diff: 1.6]
      [Ext Root Scanning (ms): Min: 0.0, Avg: 0.0, Max: 0.1, Diff: 0.1, Sum: 0.3]
      [Update RS (ms): Min: 0.0, Avg: 0.0, Max: 0.0, Diff: 0.0, Sum: 0.0]
         [Processed Buffers: Min: 0, Avg: 0.2, Max: 2, Diff: 2, Sum: 3]
      [Scan RS (ms): Min: 0.0, Avg: 0.0, Max: 0.0, Diff: 0.0, Sum: 0.0]
      [Code Root Scanning (ms): Min: 0.0, Avg: 0.0, Max: 0.0, Diff: 0.0, Sum: 0.0]
      [Object Copy (ms): Min: 0.0, Avg: 0.1, Max: 0.3, Diff: 0.3, Sum: 0.9]
      [Termination (ms): Min: 0.0, Avg: 0.8, Max: 1.4, Diff: 1.4, Sum: 13.8]
         [Termination Attempts: Min: 1, Avg: 1.0, Max: 1, Diff: 0, Sum: 18]
      [GC Worker Other (ms): Min: 0.0, Avg: 0.0, Max: 0.0, Diff: 0.0, Sum: 0.1]
      [GC Worker Total (ms): Min: 0.0, Avg: 0.8, Max: 1.7, Diff: 1.7, Sum: 15.1]
      [GC Worker End (ms): Min: 18755.9, Avg: 18756.0, Max: 18756.2, Diff: 0.3]
   [Code Root Fixup: 0.0 ms]
   [Code Root Purge: 0.0 ms]
   [Clear CT: 0.6 ms]
   [Other: 7.7 ms]
      [Choose CSet: 0.0 ms]
      [Ref Proc: 7.1 ms]
      [Ref Enq: 0.0 ms]
      [Redirty Cards: 0.5 ms]
      [Humongous Register: 0.0 ms]
      [Humongous Reclaim: 0.0 ms]
      [Free CSet: 0.0 ms]
   [Eden: 1024.0K(1024.0K)->0.0B(2048.0K) Survivors: 2048.0K->1024.0K Heap: 40062.6K(65536.0K)->37512.0K(65536.0K)]
 [Times: user=0.10 sys=0.00, real=0.01 secs] 
2026-06-17T09:48:56.564+0800: 18.766: [GC pause (G1 Evacuation Pause) (mixed), 0.0083124 secs]
   [Parallel Time: 3.9 ms, GC Workers: 18]
      [GC Worker Start (ms): Min: 18765.7, Avg: 18766.9, Max: 18768.9, Diff: 3.2]
      [Ext Root Scanning (ms): Min: 0.0, Avg: 0.0, Max: 0.2, Diff: 0.1, Sum: 0.3]
      [Update RS (ms): Min: 0.0, Avg: 0.0, Max: 0.0, Diff: 0.0, Sum: 0.0]
         [Processed Buffers: Min: 0, Avg: 0.3, Max: 2, Diff: 2, Sum: 6]
      [Scan RS (ms): Min: 0.0, Avg: 0.0, Max: 0.0, Diff: 0.0, Sum: 0.1]
      [Code Root Scanning (ms): Min: 0.0, Avg: 0.0, Max: 0.0, Diff: 0.0, Sum: 0.0]
      [Object Copy (ms): Min: 0.0, Avg: 0.0, Max: 0.2, Diff: 0.2, Sum: 0.6]
      [Termination (ms): Min: 0.0, Avg: 2.0, Max: 2.9, Diff: 2.9, Sum: 36.0]
         [Termination Attempts: Min: 1, Avg: 1.1, Max: 2, Diff: 1, Sum: 19]
      [GC Worker Other (ms): Min: 0.0, Avg: 0.0, Max: 0.0, Diff: 0.0, Sum: 0.1]
      [GC Worker Total (ms): Min: 0.0, Avg: 2.1, Max: 3.2, Diff: 3.2, Sum: 37.0]
      [GC Worker End (ms): Min: 18768.9, Avg: 18768.9, Max: 18769.1, Diff: 0.2]
   [Code Root Fixup: 0.0 ms]
   [Code Root Purge: 0.0 ms]
   [Clear CT: 0.9 ms]
   [Other: 3.5 ms]
      [Choose CSet: 0.0 ms]
      [Ref Proc: 2.7 ms]
      [Ref Enq: 0.0 ms]
      [Redirty Cards: 0.8 ms]
      [Humongous Register: 0.0 ms]
      [Humongous Reclaim: 0.0 ms]
      [Free CSet: 0.0 ms]
   [Eden: 2048.0K(2048.0K)->0.0B(10240.0K) Survivors: 1024.0K->1024.0K Heap: 39560.0K(65536.0K)->36245.6K(65536.0K)]
 [Times: user=0.07 sys=0.00, real=0.01 secs] 
2026-06-17T09:48:56.605+0800: 18.806: [GC pause (G1 Evacuation Pause) (young), 0.0173766 secs]
   [Parallel Time: 9.0 ms, GC Workers: 18]
      [GC Worker Start (ms): Min: 18806.5, Avg: 18808.6, Max: 18813.6, Diff: 7.1]
      [Ext Root Scanning (ms): Min: 0.0, Avg: 0.0, Max: 0.4, Diff: 0.4, Sum: 0.8]
      [Update RS (ms): Min: 0.0, Avg: 0.0, Max: 0.2, Diff: 0.2, Sum: 0.5]
         [Processed Buffers: Min: 0, Avg: 0.2, Max: 1, Diff: 1, Sum: 4]
      [Scan RS (ms): Min: 0.0, Avg: 0.0, Max: 0.0, Diff: 0.0, Sum: 0.0]
      [Code Root Scanning (ms): Min: 0.0, Avg: 0.0, Max: 0.0, Diff: 0.0, Sum: 0.0]
      [Object Copy (ms): Min: 0.0, Avg: 0.1, Max: 0.3, Diff: 0.3, Sum: 0.9]
      [Termination (ms): Min: 0.0, Avg: 5.1, Max: 6.9, Diff: 6.9, Sum: 91.2]
         [Termination Attempts: Min: 1, Avg: 1.0, Max: 1, Diff: 0, Sum: 18]
      [GC Worker Other (ms): Min: 0.0, Avg: 0.0, Max: 0.0, Diff: 0.0, Sum: 0.2]
      [GC Worker Total (ms): Min: 0.0, Avg: 5.2, Max: 7.5, Diff: 7.4, Sum: 93.8]
      [GC Worker End (ms): Min: 18813.6, Avg: 18813.8, Max: 18814.6, Diff: 1.0]
   [Code Root Fixup: 0.0 ms]
   [Code Root Purge: 0.0 ms]
   [Clear CT: 1.8 ms]
   [Other: 6.5 ms]
      [Choose CSet: 0.0 ms]
      [Ref Proc: 5.3 ms]
      [Ref Enq: 0.0 ms]
      [Redirty Cards: 1.2 ms]
      [Humongous Register: 0.0 ms]
      [Humongous Reclaim: 0.0 ms]
      [Free CSet: 0.0 ms]
   [Eden: 10240.0K(10240.0K)->0.0B(9216.0K) Survivors: 1024.0K->2048.0K Heap: 46485.6K(65536.0K)->39117.6K(65536.0K)]
 [Times: user=0.12 sys=0.01, real=0.02 secs] 
2026-06-17T09:48:56.645+0800: 18.846: [GC pause (G1 Evacuation Pause) (young) (initial-mark), 0.0175362 secs]
   [Parallel Time: 10.0 ms, GC Workers: 18]
      [GC Worker Start (ms): Min: 18846.5, Avg: 18847.6, Max: 18848.6, Diff: 2.1]
      [Ext Root Scanning (ms): Min: 0.0, Avg: 2.8, Max: 5.7, Diff: 5.7, Sum: 49.7]
      [Update RS (ms): Min: 0.0, Avg: 0.0, Max: 0.0, Diff: 0.0, Sum: 0.1]
         [Processed Buffers: Min: 0, Avg: 0.2, Max: 4, Diff: 4, Sum: 4]
      [Scan RS (ms): Min: 0.0, Avg: 0.0, Max: 0.0, Diff: 0.0, Sum: 0.0]
      [Code Root Scanning (ms): Min: 0.0, Avg: 0.0, Max: 0.0, Diff: 0.0, Sum: 0.0]
      [Object Copy (ms): Min: 0.0, Avg: 0.1, Max: 0.4, Diff: 0.4, Sum: 1.1]
      [Termination (ms): Min: 0.0, Avg: 3.9, Max: 5.8, Diff: 5.8, Sum: 70.5]
         [Termination Attempts: Min: 1, Avg: 1.0, Max: 1, Diff: 0, Sum: 18]
      [GC Worker Other (ms): Min: 0.0, Avg: 0.0, Max: 0.0, Diff: 0.0, Sum: 0.2]
      [GC Worker Total (ms): Min: 5.6, Avg: 6.8, Max: 8.4, Diff: 2.8, Sum: 121.7]
      [GC Worker End (ms): Min: 18854.1, Avg: 18854.4, Max: 18855.1, Diff: 1.0]
   [Code Root Fixup: 0.0 ms]
   [Code Root Purge: 0.0 ms]
   [Clear CT: 1.8 ms]
   [Other: 5.7 ms]
      [Choose CSet: 0.0 ms]
      [Ref Proc: 4.8 ms]
      [Ref Enq: 0.0 ms]
      [Redirty Cards: 0.8 ms]
      [Humongous Register: 0.0 ms]
      [Humongous Reclaim: 0.0 ms]
      [Free CSet: 0.0 ms]
   [Eden: 9216.0K(9216.0K)->0.0B(7168.0K) Survivors: 2048.0K->2048.0K Heap: 48333.6K(65536.0K)->42812.6K(65536.0K)]
 [Times: user=0.10 sys=0.01, real=0.02 secs] 
2026-06-17T09:48:56.664+0800: 18.865: [GC concurrent-root-region-scan-start]
2026-06-17T09:48:56.664+0800: 18.865: [GC concurrent-root-region-scan-end, 0.0003203 secs]
2026-06-17T09:48:56.664+0800: 18.865: [GC concurrent-mark-start]
2026-06-17T09:48:56.665+0800: 18.866: [GC concurrent-mark-end, 0.0005538 secs]
2026-06-17T09:48:56.665+0800: 18.866: [GC remark 2026-06-17T09:48:56.666+0800: 18.867: [Finalize Marking, 0.0074988 secs] 2026-06-17T09:48:56.674+0800: 18.875: [GC ref-proc, 0.0007620 secs] 2026-06-17T09:48:56.675+0800: 18.877: [Unloading, 0.0016290 secs], 0.0133534 secs]
 [Times: user=0.09 sys=0.00, real=0.01 secs] 
2026-06-17T09:48:56.680+0800: 18.881: [GC cleanup 47072K->44000K(65536K), 0.0025829 secs]
 [Times: user=0.00 sys=0.00, real=0.01 secs] 
2026-06-17T09:48:56.684+0800: 18.885: [GC concurrent-cleanup-start]
2026-06-17T09:48:56.684+0800: 18.885: [GC concurrent-cleanup-end, 0.0000071 secs]
2026-06-17T09:48:56.684+0800: 18.885: [GC pause (G1 Evacuation Pause) (young), 0.0133992 secs]
   [Parallel Time: 9.0 ms, GC Workers: 18]
      [GC Worker Start (ms): Min: 18885.1, Avg: 18886.4, Max: 18893.0, Diff: 7.9]
      [Ext Root Scanning (ms): Min: 0.0, Avg: 0.0, Max: 0.1, Diff: 0.1, Sum: 0.2]
      [Update RS (ms): Min: 0.0, Avg: 0.0, Max: 0.0, Diff: 0.0, Sum: 0.0]
         [Processed Buffers: Min: 0, Avg: 0.2, Max: 3, Diff: 3, Sum: 4]
      [Scan RS (ms): Min: 0.0, Avg: 0.0, Max: 0.0, Diff: 0.0, Sum: 0.0]
      [Code Root Scanning (ms): Min: 0.0, Avg: 0.0, Max: 0.0, Diff: 0.0, Sum: 0.0]
      [Object Copy (ms): Min: 0.0, Avg: 0.0, Max: 0.1, Diff: 0.1, Sum: 0.3]
      [Termination (ms): Min: 0.0, Avg: 6.8, Max: 7.9, Diff: 7.9, Sum: 121.7]
         [Termination Attempts: Min: 1, Avg: 1.1, Max: 2, Diff: 1, Sum: 19]
      [GC Worker Other (ms): Min: 0.0, Avg: 0.0, Max: 0.0, Diff: 0.0, Sum: 0.1]
      [GC Worker Total (ms): Min: 0.0, Avg: 6.8, Max: 8.0, Diff: 8.0, Sum: 122.3]
      [GC Worker End (ms): Min: 18893.1, Avg: 18893.1, Max: 18893.4, Diff: 0.3]
   [Code Root Fixup: 0.0 ms]
   [Code Root Purge: 0.0 ms]
   [Clear CT: 1.0 ms]
   [Other: 3.4 ms]
      [Choose CSet: 0.0 ms]
      [Ref Proc: 2.6 ms]
      [Ref Enq: 0.0 ms]
      [Redirty Cards: 0.7 ms]
      [Humongous Register: 0.0 ms]
      [Humongous Reclaim: 0.0 ms]
      [Free CSet: 0.0 ms]
   [Eden: 7168.0K(7168.0K)->0.0B(2048.0K) Survivors: 2048.0K->2048.0K Heap: 48101.6K(65536.0K)->42194.7K(65536.0K)]
 [Times: user=0.14 sys=0.00, real=0.01 secs] 
2026-06-17T09:48:56.708+0800: 18.910: [GC pause (G1 Evacuation Pause) (mixed), 0.0132339 secs]
   [Parallel Time: 7.9 ms, GC Workers: 18]
      [GC Worker Start (ms): Min: 18909.7, Avg: 18911.3, Max: 18915.5, Diff: 5.7]
      [Ext Root Scanning (ms): Min: 0.0, Avg: 0.0, Max: 0.2, Diff: 0.2, Sum: 0.4]
      [Update RS (ms): Min: 0.0, Avg: 0.0, Max: 0.0, Diff: 0.0, Sum: 0.0]
         [Processed Buffers: Min: 0, Avg: 0.2, Max: 1, Diff: 1, Sum: 3]
      [Scan RS (ms): Min: 0.0, Avg: 0.0, Max: 0.0, Diff: 0.0, Sum: 0.0]
      [Code Root Scanning (ms): Min: 0.0, Avg: 0.0, Max: 0.0, Diff: 0.0, Sum: 0.0]
      [Object Copy (ms): Min: 0.0, Avg: 0.0, Max: 0.2, Diff: 0.2, Sum: 0.8]
      [Termination (ms): Min: 0.0, Avg: 4.4, Max: 5.9, Diff: 5.9, Sum: 79.5]
         [Termination Attempts: Min: 1, Avg: 1.0, Max: 1, Diff: 0, Sum: 18]
      [GC Worker Other (ms): Min: 0.0, Avg: 0.0, Max: 0.0, Diff: 0.0, Sum: 0.2]
      [GC Worker Total (ms): Min: 0.0, Avg: 4.5, Max: 6.2, Diff: 6.2, Sum: 80.9]
      [GC Worker End (ms): Min: 18915.5, Avg: 18915.8, Max: 18916.1, Diff: 0.6]
   [Code Root Fixup: 0.0 ms]
   [Code Root Purge: 0.0 ms]
   [Clear CT: 1.0 ms]
   [Other: 4.4 ms]
      [Choose CSet: 0.0 ms]
      [Ref Proc: 3.8 ms]
      [Ref Enq: 0.0 ms]
      [Redirty Cards: 0.5 ms]
      [Humongous Register: 0.0 ms]
      [Humongous Reclaim: 0.0 ms]
      [Free CSet: 0.0 ms]
   [Eden: 2048.0K(2048.0K)->0.0B(2048.0K) Survivors: 2048.0K->1024.0K Heap: 44242.7K(65536.0K)->39704.6K(65536.0K)]
 [Times: user=0.11 sys=0.00, real=0.01 secs] 
2026-06-17T09:48:56.733+0800: 18.934: [GC pause (G1 Evacuation Pause) (mixed), 0.0166395 secs]
   [Parallel Time: 10.5 ms, GC Workers: 18]
      [GC Worker Start (ms): Min: 18934.4, Avg: 18936.4, Max: 18942.7, Diff: 8.4]
      [Ext Root Scanning (ms): Min: 0.0, Avg: 0.0, Max: 0.2, Diff: 0.2, Sum: 0.6]
      [Update RS (ms): Min: 0.0, Avg: 0.0, Max: 0.0, Diff: 0.0, Sum: 0.0]
         [Processed Buffers: Min: 0, Avg: 0.3, Max: 3, Diff: 3, Sum: 6]
      [Scan RS (ms): Min: 0.0, Avg: 0.0, Max: 0.1, Diff: 0.1, Sum: 0.1]
      [Code Root Scanning (ms): Min: 0.0, Avg: 0.0, Max: 0.0, Diff: 0.0, Sum: 0.0]
      [Object Copy (ms): Min: 0.0, Avg: 0.0, Max: 0.2, Diff: 0.2, Sum: 0.8]
      [Termination (ms): Min: 0.0, Avg: 6.5, Max: 8.7, Diff: 8.7, Sum: 117.7]
         [Termination Attempts: Min: 1, Avg: 1.0, Max: 1, Diff: 0, Sum: 18]
      [GC Worker Other (ms): Min: 0.0, Avg: 0.0, Max: 0.0, Diff: 0.0, Sum: 0.2]
      [GC Worker Total (ms): Min: 0.0, Avg: 6.6, Max: 9.0, Diff: 9.0, Sum: 119.6]
      [GC Worker End (ms): Min: 18942.8, Avg: 18943.0, Max: 18943.5, Diff: 0.7]
   [Code Root Fixup: 0.0 ms]
   [Code Root Purge: 0.0 ms]
   [Clear CT: 1.0 ms]
   [Other: 5.1 ms]
      [Choose CSet: 0.0 ms]
      [Ref Proc: 4.4 ms]
      [Ref Enq: 0.0 ms]
      [Redirty Cards: 0.6 ms]
      [Humongous Register: 0.0 ms]
      [Humongous Reclaim: 0.0 ms]
      [Free CSet: 0.0 ms]
   [Eden: 2048.0K(2048.0K)->0.0B(10240.0K) Survivors: 1024.0K->1024.0K Heap: 41752.6K(65536.0K)->36644.1K(65536.0K)]
 [Times: user=0.14 sys=0.01, real=0.01 secs] 
2026-06-17T09:48:56.772+0800: 18.974: [GC pause (G1 Evacuation Pause) (young), 0.0249465 secs]
   [Parallel Time: 13.5 ms, GC Workers: 18]
      [GC Worker Start (ms): Min: 18973.9, Avg: 18977.9, Max: 18984.5, Diff: 10.6]
      [Ext Root Scanning (ms): Min: 0.0, Avg: 0.1, Max: 0.5, Diff: 0.5, Sum: 1.2]
      [Update RS (ms): Min: 0.0, Avg: 0.0, Max: 0.2, Diff: 0.2, Sum: 0.5]
         [Processed Buffers: Min: 0, Avg: 0.3, Max: 2, Diff: 2, Sum: 5]
      [Scan RS (ms): Min: 0.0, Avg: 0.0, Max: 0.0, Diff: 0.0, Sum: 0.0]
      [Code Root Scanning (ms): Min: 0.0, Avg: 0.0, Max: 0.0, Diff: 0.0, Sum: 0.0]
      [Object Copy (ms): Min: 0.0, Avg: 0.0, Max: 0.2, Diff: 0.2, Sum: 0.5]
      [Termination (ms): Min: 0.0, Avg: 7.0, Max: 10.9, Diff: 10.9, Sum: 126.0]
         [Termination Attempts: Min: 1, Avg: 1.0, Max: 1, Diff: 0, Sum: 18]
      [GC Worker Other (ms): Min: 0.0, Avg: 0.0, Max: 0.0, Diff: 0.0, Sum: 0.2]
      [GC Worker Total (ms): Min: 0.0, Avg: 7.1, Max: 11.4, Diff: 11.4, Sum: 128.4]
      [GC Worker End (ms): Min: 18984.5, Avg: 18985.1, Max: 18985.6, Diff: 1.0]
   [Code Root Fixup: 0.0 ms]
   [Code Root Purge: 0.0 ms]
   [Clear CT: 1.6 ms]
   [Other: 9.9 ms]
      [Choose CSet: 0.0 ms]
      [Ref Proc: 9.0 ms]
      [Ref Enq: 0.0 ms]
      [Redirty Cards: 0.8 ms]
      [Humongous Register: 0.0 ms]
      [Humongous Reclaim: 0.0 ms]
      [Free CSet: 0.0 ms]
   [Eden: 10240.0K(10240.0K)->0.0B(10240.0K) Survivors: 1024.0K->2048.0K Heap: 46884.1K(65536.0K)->39232.1K(65536.0K)]
 [Times: user=0.21 sys=0.00, real=0.02 secs] 
2026-06-17T09:48:56.820+0800: 19.022: [GC pause (G1 Evacuation Pause) (young) (initial-mark), 0.0231606 secs]
   [Parallel Time: 15.1 ms, GC Workers: 18]
      [GC Worker Start (ms): Min: 19022.0, Avg: 19023.1, Max: 19023.9, Diff: 2.0]
      [Ext Root Scanning (ms): Min: 0.0, Avg: 4.1, Max: 10.4, Diff: 10.3, Sum: 74.3]
      [Update RS (ms): Min: 0.0, Avg: 0.0, Max: 0.0, Diff: 0.0, Sum: 0.1]
         [Processed Buffers: Min: 0, Avg: 0.2, Max: 3, Diff: 3, Sum: 3]
      [Scan RS (ms): Min: 0.0, Avg: 0.0, Max: 0.0, Diff: 0.0, Sum: 0.1]
      [Code Root Scanning (ms): Min: 0.0, Avg: 0.0, Max: 0.0, Diff: 0.0, Sum: 0.0]
      [Object Copy (ms): Min: 0.0, Avg: 0.0, Max: 0.2, Diff: 0.2, Sum: 0.4]
      [Termination (ms): Min: 0.0, Avg: 7.2, Max: 10.6, Diff: 10.6, Sum: 129.6]
         [Termination Attempts: Min: 1, Avg: 1.0, Max: 1, Diff: 0, Sum: 18]
      [GC Worker Other (ms): Min: 0.0, Avg: 0.0, Max: 0.0, Diff: 0.0, Sum: 0.3]
      [GC Worker Total (ms): Min: 10.3, Avg: 11.4, Max: 12.8, Diff: 2.5, Sum: 204.8]
      [GC Worker End (ms): Min: 19034.1, Avg: 19034.4, Max: 19035.0, Diff: 0.9]
   [Code Root Fixup: 0.0 ms]
   [Code Root Purge: 0.0 ms]
   [Clear CT: 1.6 ms]
   [Other: 6.5 ms]
      [Choose CSet: 0.0 ms]
      [Ref Proc: 5.6 ms]
      [Ref Enq: 0.0 ms]
      [Redirty Cards: 0.8 ms]
      [Humongous Register: 0.0 ms]
      [Humongous Reclaim: 0.0 ms]
      [Free CSet: 0.0 ms]
   [Eden: 10240.0K(10240.0K)->0.0B(9216.0K) Survivors: 2048.0K->1024.0K Heap: 49472.1K(65536.0K)->38972.7K(65536.0K)]
 [Times: user=0.17 sys=0.02, real=0.03 secs] 
2026-06-17T09:48:56.845+0800: 19.046: [GC concurrent-root-region-scan-start]
2026-06-17T09:48:56.845+0800: 19.046: [GC concurrent-root-region-scan-end, 0.0003055 secs]
2026-06-17T09:48:56.845+0800: 19.046: [GC concurrent-mark-start]
2026-06-17T09:48:56.846+0800: 19.047: [GC concurrent-mark-end, 0.0005820 secs]
2026-06-17T09:48:56.846+0800: 19.047: [GC remark 2026-06-17T09:48:56.846+0800: 19.048: [Finalize Marking, 0.0107367 secs] 2026-06-17T09:48:56.858+0800: 19.059: [GC ref-proc, 0.0005727 secs] 2026-06-17T09:48:56.859+0800: 19.060: [Unloading, 0.0015542 secs], 0.0153218 secs]
 [Times: user=0.12 sys=0.00, real=0.01 secs] 
2026-06-17T09:48:56.862+0800: 19.064: [GC cleanup 41993K->36873K(65536K), 0.0025395 secs]
 [Times: user=0.00 sys=0.00, real=0.01 secs] 
2026-06-17T09:48:56.866+0800: 19.067: [GC concurrent-cleanup-start]
2026-06-17T09:48:56.866+0800: 19.067: [GC concurrent-cleanup-end, 0.0000100 secs]
2026-06-17T09:48:56.887+0800: 19.088: [GC pause (G1 Evacuation Pause) (young), 0.0189764 secs]
   [Parallel Time: 10.9 ms, GC Workers: 18]
      [GC Worker Start (ms): Min: 19088.1, Avg: 19090.3, Max: 19096.4, Diff: 8.4]
      [Ext Root Scanning (ms): Min: 0.0, Avg: 0.0, Max: 0.4, Diff: 0.4, Sum: 0.9]
      [Update RS (ms): Min: 0.0, Avg: 0.0, Max: 0.0, Diff: 0.0, Sum: 0.1]
         [Processed Buffers: Min: 0, Avg: 0.2, Max: 1, Diff: 1, Sum: 3]
      [Scan RS (ms): Min: 0.0, Avg: 0.0, Max: 0.0, Diff: 0.0, Sum: 0.0]
      [Code Root Scanning (ms): Min: 0.0, Avg: 0.0, Max: 0.0, Diff: 0.0, Sum: 0.0]
      [Object Copy (ms): Min: 0.0, Avg: 0.0, Max: 0.1, Diff: 0.1, Sum: 0.5]
      [Termination (ms): Min: 0.0, Avg: 6.4, Max: 8.7, Diff: 8.7, Sum: 115.5]
         [Termination Attempts: Min: 1, Avg: 1.0, Max: 1, Diff: 0, Sum: 18]
      [GC Worker Other (ms): Min: 0.0, Avg: 0.0, Max: 0.0, Diff: 0.0, Sum: 0.2]
      [GC Worker Total (ms): Min: 0.0, Avg: 6.5, Max: 9.1, Diff: 9.1, Sum: 117.3]
      [GC Worker End (ms): Min: 19096.5, Avg: 19096.8, Max: 19097.3, Diff: 0.8]
   [Code Root Fixup: 0.0 ms]
   [Code Root Purge: 0.0 ms]
   [Clear CT: 1.2 ms]
   [Other: 6.9 ms]
      [Choose CSet: 0.0 ms]
      [Ref Proc: 5.9 ms]
      [Ref Enq: 0.0 ms]
      [Redirty Cards: 0.9 ms]
      [Humongous Register: 0.0 ms]
      [Humongous Reclaim: 0.0 ms]
      [Free CSet: 0.0 ms]
   [Eden: 9216.0K(9216.0K)->0.0B(1024.0K) Survivors: 1024.0K->2048.0K Heap: 43068.7K(65536.0K)->36167.1K(65536.0K)]
 [Times: user=0.16 sys=0.00, real=0.02 secs] 
2026-06-17T09:48:56.907+0800: 19.108: [GC pause (G1 Evacuation Pause) (mixed), 0.0178278 secs]
   [Parallel Time: 9.3 ms, GC Workers: 18]
      [GC Worker Start (ms): Min: 19108.5, Avg: 19109.8, Max: 19115.9, Diff: 7.4]
      [Ext Root Scanning (ms): Min: 0.0, Avg: 0.0, Max: 0.2, Diff: 0.2, Sum: 0.5]
      [Update RS (ms): Min: 0.0, Avg: 0.0, Max: 0.0, Diff: 0.0, Sum: 0.0]
         [Processed Buffers: Min: 0, Avg: 0.2, Max: 1, Diff: 1, Sum: 3]
      [Scan RS (ms): Min: 0.0, Avg: 0.0, Max: 0.0, Diff: 0.0, Sum: 0.0]
      [Code Root Scanning (ms): Min: 0.0, Avg: 0.0, Max: 0.0, Diff: 0.0, Sum: 0.0]
      [Object Copy (ms): Min: 0.0, Avg: 0.1, Max: 0.3, Diff: 0.3, Sum: 1.0]
      [Termination (ms): Min: 0.0, Avg: 6.3, Max: 7.7, Diff: 7.7, Sum: 114.1]
         [Termination Attempts: Min: 1, Avg: 1.0, Max: 1, Diff: 0, Sum: 18]
      [GC Worker Other (ms): Min: 0.0, Avg: 0.0, Max: 0.0, Diff: 0.0, Sum: 0.2]
      [GC Worker Total (ms): Min: 0.0, Avg: 6.4, Max: 8.1, Diff: 8.1, Sum: 115.8]
      [GC Worker End (ms): Min: 19115.9, Avg: 19116.2, Max: 19116.8, Diff: 0.9]
   [Code Root Fixup: 0.0 ms]
   [Code Root Purge: 0.0 ms]
   [Clear CT: 1.0 ms]
   [Other: 7.5 ms]
      [Choose CSet: 0.0 ms]
      [Ref Proc: 6.7 ms]
      [Ref Enq: 0.0 ms]
      [Redirty Cards: 0.8 ms]
      [Humongous Register: 0.0 ms]
      [Humongous Reclaim: 0.0 ms]
      [Free CSet: 0.0 ms]
   [Eden: 1024.0K(1024.0K)->0.0B(2048.0K) Survivors: 2048.0K->1024.0K Heap: 37191.1K(65536.0K)->34419.0K(65536.0K)]
 [Times: user=0.17 sys=0.01, real=0.02 secs] 
2026-06-17T09:48:56.926+0800: 19.127: [GC pause (G1 Evacuation Pause) (mixed), 0.0071433 secs]
   [Parallel Time: 2.5 ms, GC Workers: 18]
      [GC Worker Start (ms): Min: 19127.5, Avg: 19128.2, Max: 19129.1, Diff: 1.6]
      [Ext Root Scanning (ms): Min: 0.0, Avg: 0.0, Max: 0.2, Diff: 0.2, Sum: 0.5]
      [Update RS (ms): Min: 0.0, Avg: 0.0, Max: 0.0, Diff: 0.0, Sum: 0.1]
         [Processed Buffers: Min: 0, Avg: 0.3, Max: 3, Diff: 3, Sum: 6]
      [Scan RS (ms): Min: 0.0, Avg: 0.0, Max: 0.0, Diff: 0.0, Sum: 0.1]
      [Code Root Scanning (ms): Min: 0.0, Avg: 0.0, Max: 0.0, Diff: 0.0, Sum: 0.0]
      [Object Copy (ms): Min: 0.0, Avg: 0.1, Max: 0.3, Diff: 0.3, Sum: 1.4]
      [Termination (ms): Min: 0.0, Avg: 0.9, Max: 1.6, Diff: 1.6, Sum: 16.2]
         [Termination Attempts: Min: 1, Avg: 1.0, Max: 1, Diff: 0, Sum: 18]
      [GC Worker Other (ms): Min: 0.0, Avg: 0.0, Max: 0.0, Diff: 0.0, Sum: 0.1]
      [GC Worker Total (ms): Min: 0.0, Avg: 1.0, Max: 2.0, Diff: 2.0, Sum: 18.3]
      [GC Worker End (ms): Min: 19129.1, Avg: 19129.2, Max: 19129.5, Diff: 0.4]
   [Code Root Fixup: 0.0 ms]
   [Code Root Purge: 0.0 ms]
   [Clear CT: 1.3 ms]
   [Other: 3.4 ms]
      [Choose CSet: 0.0 ms]
      [Ref Proc: 2.8 ms]
      [Ref Enq: 0.0 ms]
      [Redirty Cards: 0.6 ms]
      [Humongous Register: 0.0 ms]
      [Humongous Reclaim: 0.0 ms]
      [Free CSet: 0.0 ms]
   [Eden: 2048.0K(2048.0K)->0.0B(2048.0K) Survivors: 1024.0K->1024.0K Heap: 36467.0K(65536.0K)->34287.6K(65536.0K)]
 [Times: user=0.04 sys=0.00, real=0.01 secs] 
2026-06-17T09:48:56.945+0800: 19.146: [GC pause (G1 Evacuation Pause) (mixed), 0.0119404 secs]
   [Parallel Time: 7.6 ms, GC Workers: 18]
      [GC Worker Start (ms): Min: 19145.9, Avg: 19147.3, Max: 19152.5, Diff: 6.6]
      [Ext Root Scanning (ms): Min: 0.0, Avg: 0.0, Max: 0.2, Diff: 0.2, Sum: 0.4]
      [Update RS (ms): Min: 0.0, Avg: 0.0, Max: 0.0, Diff: 0.0, Sum: 0.1]
         [Processed Buffers: Min: 0, Avg: 0.3, Max: 3, Diff: 3, Sum: 6]
      [Scan RS (ms): Min: 0.0, Avg: 0.0, Max: 0.0, Diff: 0.0, Sum: 0.1]
      [Code Root Scanning (ms): Min: 0.0, Avg: 0.0, Max: 0.0, Diff: 0.0, Sum: 0.0]
      [Object Copy (ms): Min: 0.0, Avg: 0.0, Max: 0.1, Diff: 0.1, Sum: 0.6]
      [Termination (ms): Min: 0.0, Avg: 5.2, Max: 6.5, Diff: 6.5, Sum: 93.7]
         [Termination Attempts: Min: 1, Avg: 1.0, Max: 1, Diff: 0, Sum: 18]
      [GC Worker Other (ms): Min: 0.0, Avg: 0.0, Max: 0.0, Diff: 0.0, Sum: 0.1]
      [GC Worker Total (ms): Min: 0.0, Avg: 5.3, Max: 6.8, Diff: 6.8, Sum: 95.0]
      [GC Worker End (ms): Min: 19152.5, Avg: 19152.6, Max: 19152.7, Diff: 0.2]
   [Code Root Fixup: 0.0 ms]
   [Code Root Purge: 0.0 ms]
   [Clear CT: 1.4 ms]
   [Other: 2.9 ms]
      [Choose CSet: 0.0 ms]
      [Ref Proc: 2.1 ms]
      [Ref Enq: 0.0 ms]
      [Redirty Cards: 0.8 ms]
      [Humongous Register: 0.0 ms]
      [Humongous Reclaim: 0.0 ms]
      [Free CSet: 0.0 ms]
   [Eden: 2048.0K(2048.0K)->0.0B(11264.0K) Survivors: 1024.0K->1024.0K Heap: 36335.6K(65536.0K)->35539.6K(65536.0K)]
 [Times: user=0.11 sys=0.00, real=0.01 secs] 
2026-06-17T09:48:56.978+0800: 19.180: [GC pause (G1 Evacuation Pause) (young), 0.0066959 secs]
   [Parallel Time: 3.3 ms, GC Workers: 18]
      [GC Worker Start (ms): Min: 19179.8, Avg: 19180.7, Max: 19182.2, Diff: 2.5]
      [Ext Root Scanning (ms): Min: 0.0, Avg: 0.0, Max: 0.2, Diff: 0.2, Sum: 0.4]
      [Update RS (ms): Min: 0.0, Avg: 0.0, Max: 0.1, Diff: 0.1, Sum: 0.2]
         [Processed Buffers: Min: 0, Avg: 0.3, Max: 2, Diff: 2, Sum: 5]
      [Scan RS (ms): Min: 0.0, Avg: 0.0, Max: 0.0, Diff: 0.0, Sum: 0.0]
      [Code Root Scanning (ms): Min: 0.0, Avg: 0.0, Max: 0.0, Diff: 0.0, Sum: 0.0]
      [Object Copy (ms): Min: 0.0, Avg: 0.0, Max: 0.1, Diff: 0.1, Sum: 0.2]
      [Termination (ms): Min: 0.0, Avg: 1.6, Max: 2.3, Diff: 2.3, Sum: 28.0]
         [Termination Attempts: Min: 1, Avg: 1.0, Max: 1, Diff: 0, Sum: 18]
      [GC Worker Other (ms): Min: 0.0, Avg: 0.0, Max: 0.0, Diff: 0.0, Sum: 0.1]
      [GC Worker Total (ms): Min: 0.0, Avg: 1.6, Max: 2.6, Diff: 2.6, Sum: 28.9]
      [GC Worker End (ms): Min: 19182.2, Avg: 19182.3, Max: 19182.4, Diff: 0.2]
   [Code Root Fixup: 0.0 ms]
   [Code Root Purge: 0.0 ms]
   [Clear CT: 0.8 ms]
   [Other: 2.7 ms]
      [Choose CSet: 0.0 ms]
      [Ref Proc: 1.8 ms]
      [Ref Enq: 0.0 ms]
      [Redirty Cards: 0.8 ms]
      [Humongous Register: 0.0 ms]
      [Humongous Reclaim: 0.0 ms]
      [Free CSet: 0.0 ms]
   [Eden: 11264.0K(11264.0K)->0.0B(11264.0K) Survivors: 1024.0K->2048.0K Heap: 46803.6K(65536.0K)->36394.7K(65536.0K)]
 [Times: user=0.04 sys=0.01, real=0.01 secs] 
2026-06-17T09:48:57.017+0800: 19.218: [GC pause (G1 Evacuation Pause) (young) (initial-mark), 0.0084374 secs]
   [Parallel Time: 4.1 ms, GC Workers: 18]
      [GC Worker Start (ms): Min: 19218.5, Avg: 19218.8, Max: 19219.2, Diff: 0.7]
      [Ext Root Scanning (ms): Min: 0.0, Avg: 1.3, Max: 2.9, Diff: 2.9, Sum: 22.6]
      [Update RS (ms): Min: 0.0, Avg: 0.0, Max: 0.0, Diff: 0.0, Sum: 0.0]
         [Processed Buffers: Min: 0, Avg: 0.1, Max: 2, Diff: 2, Sum: 2]
      [Scan RS (ms): Min: 0.0, Avg: 0.0, Max: 0.0, Diff: 0.0, Sum: 0.0]
      [Code Root Scanning (ms): Min: 0.0, Avg: 0.0, Max: 0.0, Diff: 0.0, Sum: 0.0]
      [Object Copy (ms): Min: 0.0, Avg: 0.0, Max: 0.2, Diff: 0.2, Sum: 0.8]
      [Termination (ms): Min: 0.0, Avg: 2.0, Max: 2.7, Diff: 2.7, Sum: 35.2]
         [Termination Attempts: Min: 1, Avg: 1.0, Max: 1, Diff: 0, Sum: 18]
      [GC Worker Other (ms): Min: 0.0, Avg: 0.0, Max: 0.0, Diff: 0.0, Sum: 0.1]
      [GC Worker Total (ms): Min: 2.9, Avg: 3.3, Max: 3.6, Diff: 0.7, Sum: 58.7]
      [GC Worker End (ms): Min: 19222.1, Avg: 19222.1, Max: 19222.2, Diff: 0.1]
   [Code Root Fixup: 0.0 ms]
   [Code Root Purge: 0.0 ms]
   [Clear CT: 0.6 ms]
   [Other: 3.7 ms]
      [Choose CSet: 0.0 ms]
      [Ref Proc: 3.1 ms]
      [Ref Enq: 0.0 ms]
      [Redirty Cards: 0.6 ms]
      [Humongous Register: 0.0 ms]
      [Humongous Reclaim: 0.0 ms]
      [Free CSet: 0.0 ms]
   [Eden: 11264.0K(11264.0K)->0.0B(8192.0K) Survivors: 2048.0K->2048.0K Heap: 47658.7K(65536.0K)->40529.6K(65536.0K)]
 [Times: user=0.07 sys=0.00, real=0.01 secs] 
2026-06-17T09:48:57.027+0800: 19.228: [GC concurrent-root-region-scan-start]
2026-06-17T09:48:57.027+0800: 19.228: [GC concurrent-root-region-scan-end, 0.0003033 secs]
2026-06-17T09:48:57.027+0800: 19.228: [GC concurrent-mark-start]
2026-06-17T09:48:57.028+0800: 19.229: [GC concurrent-mark-end, 0.0006386 secs]
2026-06-17T09:48:57.028+0800: 19.229: [GC remark 2026-06-17T09:48:57.028+0800: 19.229: [Finalize Marking, 0.0023353 secs] 2026-06-17T09:48:57.031+0800: 19.232: [GC ref-proc, 0.0003117 secs] 2026-06-17T09:48:57.031+0800: 19.233: [Unloading, 0.0014185 secs], 0.0061205 secs]
 [Times: user=0.02 sys=0.01, real=0.01 secs] 
2026-06-17T09:48:57.035+0800: 19.236: [GC cleanup 42706K->41682K(65536K), 0.0031599 secs]
 [Times: user=0.00 sys=0.00, real=0.00 secs] 
2026-06-17T09:48:57.038+0800: 19.240: [GC concurrent-cleanup-start]
2026-06-17T09:48:57.038+0800: 19.240: [GC concurrent-cleanup-end, 0.0000092 secs]
2026-06-17T09:48:57.049+0800: 19.250: [GC pause (G1 Evacuation Pause) (young), 0.0144236 secs]
   [Parallel Time: 10.6 ms, GC Workers: 18]
      [GC Worker Start (ms): Min: 19250.4, Avg: 19251.8, Max: 19260.0, Diff: 9.6]
      [Ext Root Scanning (ms): Min: 0.0, Avg: 0.0, Max: 0.2, Diff: 0.2, Sum: 0.4]
      [Update RS (ms): Min: 0.0, Avg: 0.0, Max: 0.0, Diff: 0.0, Sum: 0.0]
         [Processed Buffers: Min: 0, Avg: 0.2, Max: 1, Diff: 1, Sum: 3]
      [Scan RS (ms): Min: 0.0, Avg: 0.0, Max: 0.0, Diff: 0.0, Sum: 0.0]
      [Code Root Scanning (ms): Min: 0.0, Avg: 0.0, Max: 0.0, Diff: 0.0, Sum: 0.0]
      [Object Copy (ms): Min: 0.0, Avg: 0.0, Max: 0.2, Diff: 0.2, Sum: 0.8]
      [Termination (ms): Min: 0.0, Avg: 8.2, Max: 9.3, Diff: 9.3, Sum: 148.3]
         [Termination Attempts: Min: 1, Avg: 1.0, Max: 1, Diff: 0, Sum: 18]
      [GC Worker Other (ms): Min: 0.0, Avg: 0.0, Max: 0.0, Diff: 0.0, Sum: 0.1]
      [GC Worker Total (ms): Min: 0.0, Avg: 8.3, Max: 9.7, Diff: 9.7, Sum: 149.6]
      [GC Worker End (ms): Min: 19260.0, Avg: 19260.1, Max: 19260.2, Diff: 0.2]
   [Code Root Fixup: 0.0 ms]
   [Code Root Purge: 0.0 ms]
   [Clear CT: 0.9 ms]
   [Other: 2.9 ms]
      [Choose CSet: 0.0 ms]
      [Ref Proc: 2.1 ms]
      [Ref Enq: 0.0 ms]
      [Redirty Cards: 0.7 ms]
      [Humongous Register: 0.0 ms]
      [Humongous Reclaim: 0.0 ms]
      [Free CSet: 0.0 ms]
   [Eden: 8192.0K(8192.0K)->0.0B(1024.0K) Survivors: 2048.0K->2048.0K Heap: 48804.6K(65536.0K)->44618.6K(65536.0K)]
 [Times: user=0.17 sys=0.00, real=0.02 secs] 
2026-06-17T09:48:57.065+0800: 19.266: [GC pause (G1 Evacuation Pause) (mixed), 0.0063385 secs]
   [Parallel Time: 1.9 ms, GC Workers: 18]
      [GC Worker Start (ms): Min: 19265.9, Avg: 19266.5, Max: 19267.1, Diff: 1.3]
      [Ext Root Scanning (ms): Min: 0.0, Avg: 0.0, Max: 0.2, Diff: 0.2, Sum: 0.4]
      [Update RS (ms): Min: 0.0, Avg: 0.0, Max: 0.0, Diff: 0.0, Sum: 0.0]
         [Processed Buffers: Min: 0, Avg: 0.2, Max: 1, Diff: 1, Sum: 3]
      [Scan RS (ms): Min: 0.0, Avg: 0.0, Max: 0.0, Diff: 0.0, Sum: 0.0]
      [Code Root Scanning (ms): Min: 0.0, Avg: 0.0, Max: 0.0, Diff: 0.0, Sum: 0.0]
      [Object Copy (ms): Min: 0.0, Avg: 0.1, Max: 0.2, Diff: 0.2, Sum: 1.0]
      [Termination (ms): Min: 0.0, Avg: 0.6, Max: 1.1, Diff: 1.1, Sum: 11.2]
         [Termination Attempts: Min: 1, Avg: 1.0, Max: 1, Diff: 0, Sum: 18]
      [GC Worker Other (ms): Min: 0.0, Avg: 0.0, Max: 0.0, Diff: 0.0, Sum: 0.1]
      [GC Worker Total (ms): Min: 0.0, Avg: 0.7, Max: 1.4, Diff: 1.4, Sum: 12.7]
      [GC Worker End (ms): Min: 19267.1, Avg: 19267.2, Max: 19267.3, Diff: 0.2]
   [Code Root Fixup: 0.0 ms]
   [Code Root Purge: 0.0 ms]
   [Clear CT: 0.8 ms]
   [Other: 3.6 ms]
      [Choose CSet: 0.0 ms]
      [Ref Proc: 2.9 ms]
      [Ref Enq: 0.0 ms]
      [Redirty Cards: 0.7 ms]
      [Humongous Register: 0.0 ms]
      [Humongous Reclaim: 0.0 ms]
      [Free CSet: 0.0 ms]
   [Eden: 1024.0K(1024.0K)->0.0B(2048.0K) Survivors: 2048.0K->1024.0K Heap: 45642.6K(65536.0K)->43014.1K(65536.0K)]
 [Times: user=0.04 sys=0.00, real=0.01 secs] 
2026-06-17T09:48:57.082+0800: 19.283: [GC pause (G1 Evacuation Pause) (mixed), 0.0119354 secs]
   [Parallel Time: 2.2 ms, GC Workers: 18]
      [GC Worker Start (ms): Min: 19283.3, Avg: 19284.2, Max: 19284.9, Diff: 1.5]
      [Ext Root Scanning (ms): Min: 0.0, Avg: 0.0, Max: 0.2, Diff: 0.2, Sum: 0.3]
      [Update RS (ms): Min: 0.0, Avg: 0.0, Max: 0.0, Diff: 0.0, Sum: 0.0]
         [Processed Buffers: Min: 0, Avg: 0.3, Max: 4, Diff: 4, Sum: 6]
      [Scan RS (ms): Min: 0.0, Avg: 0.0, Max: 0.0, Diff: 0.0, Sum: 0.0]
      [Code Root Scanning (ms): Min: 0.0, Avg: 0.0, Max: 0.0, Diff: 0.0, Sum: 0.0]
      [Object Copy (ms): Min: 0.0, Avg: 0.0, Max: 0.3, Diff: 0.3, Sum: 0.8]
      [Termination (ms): Min: 0.0, Avg: 0.6, Max: 1.3, Diff: 1.3, Sum: 11.6]
         [Termination Attempts: Min: 1, Avg: 1.0, Max: 1, Diff: 0, Sum: 18]
      [GC Worker Other (ms): Min: 0.0, Avg: 0.0, Max: 0.0, Diff: 0.0, Sum: 0.1]
      [GC Worker Total (ms): Min: 0.0, Avg: 0.7, Max: 1.6, Diff: 1.6, Sum: 12.8]
      [GC Worker End (ms): Min: 19284.9, Avg: 19284.9, Max: 19285.1, Diff: 0.2]
   [Code Root Fixup: 0.0 ms]
   [Code Root Purge: 0.0 ms]
   [Clear CT: 0.6 ms]
   [Other: 9.1 ms]
      [Choose CSet: 0.0 ms]
      [Ref Proc: 8.5 ms]
      [Ref Enq: 0.0 ms]
      [Redirty Cards: 0.5 ms]
      [Humongous Register: 0.0 ms]
      [Humongous Reclaim: 0.0 ms]
      [Free CSet: 0.0 ms]
   [Eden: 2048.0K(2048.0K)->0.0B(5120.0K) Survivors: 1024.0K->1024.0K Heap: 45062.1K(65536.0K)->43887.6K(65536.0K)]
 [Times: user=0.14 sys=0.00, real=0.02 secs] 
2026-06-17T09:48:57.106+0800: 19.307: [GC pause (G1 Evacuation Pause) (young), 0.0070542 secs]
   [Parallel Time: 4.1 ms, GC Workers: 18]
      [GC Worker Start (ms): Min: 19307.1, Avg: 19308.1, Max: 19310.6, Diff: 3.5]
      [Ext Root Scanning (ms): Min: 0.0, Avg: 0.0, Max: 0.2, Diff: 0.1, Sum: 0.2]
      [Update RS (ms): Min: 0.0, Avg: 0.0, Max: 0.0, Diff: 0.0, Sum: 0.1]
         [Processed Buffers: Min: 0, Avg: 0.2, Max: 3, Diff: 3, Sum: 4]
      [Scan RS (ms): Min: 0.0, Avg: 0.0, Max: 0.0, Diff: 0.0, Sum: 0.0]
      [Code Root Scanning (ms): Min: 0.0, Avg: 0.0, Max: 0.0, Diff: 0.0, Sum: 0.0]
      [Object Copy (ms): Min: 0.0, Avg: 0.0, Max: 0.2, Diff: 0.2, Sum: 0.4]
      [Termination (ms): Min: 0.0, Avg: 2.5, Max: 3.3, Diff: 3.3, Sum: 44.7]
         [Termination Attempts: Min: 1, Avg: 1.0, Max: 1, Diff: 0, Sum: 18]
      [GC Worker Other (ms): Min: 0.0, Avg: 0.0, Max: 0.0, Diff: 0.0, Sum: 0.1]
      [GC Worker Total (ms): Min: 0.0, Avg: 2.5, Max: 3.6, Diff: 3.6, Sum: 45.5]
      [GC Worker End (ms): Min: 19310.6, Avg: 19310.7, Max: 19310.8, Diff: 0.2]
   [Code Root Fixup: 0.0 ms]
   [Code Root Purge: 0.0 ms]
   [Clear CT: 0.7 ms]
   [Other: 2.3 ms]
      [Choose CSet: 0.0 ms]
      [Ref Proc: 1.7 ms]
      [Ref Enq: 0.0 ms]
      [Redirty Cards: 0.6 ms]
      [Humongous Register: 0.0 ms]
      [Humongous Reclaim: 0.0 ms]
      [Free CSet: 0.0 ms]
   [Eden: 5120.0K(5120.0K)->0.0B(3072.0K) Survivors: 1024.0K->1024.0K Heap: 49007.6K(65536.0K)->46384.6K(65536.0K)]
 [Times: user=0.06 sys=0.01, real=0.01 secs] 
2026-06-17T09:48:57.124+0800: 19.326: [GC pause (G1 Evacuation Pause) (young) (initial-mark), 0.0111822 secs]
   [Parallel Time: 8.5 ms, GC Workers: 18]
      [GC Worker Start (ms): Min: 19325.6, Avg: 19326.0, Max: 19326.3, Diff: 0.7]
      [Ext Root Scanning (ms): Min: 0.0, Avg: 1.6, Max: 7.1, Diff: 7.1, Sum: 28.2]
      [Update RS (ms): Min: 0.0, Avg: 0.0, Max: 0.0, Diff: 0.0, Sum: 0.0]
         [Processed Buffers: Min: 0, Avg: 0.1, Max: 2, Diff: 2, Sum: 2]
      [Scan RS (ms): Min: 0.0, Avg: 0.0, Max: 0.0, Diff: 0.0, Sum: 0.0]
      [Code Root Scanning (ms): Min: 0.0, Avg: 0.0, Max: 0.0, Diff: 0.0, Sum: 0.0]
      [Object Copy (ms): Min: 0.0, Avg: 0.0, Max: 0.1, Diff: 0.1, Sum: 0.2]
      [Termination (ms): Min: 0.0, Avg: 5.8, Max: 7.1, Diff: 7.1, Sum: 105.1]
         [Termination Attempts: Min: 1, Avg: 1.1, Max: 2, Diff: 1, Sum: 20]
      [GC Worker Other (ms): Min: 0.0, Avg: 0.0, Max: 0.0, Diff: 0.0, Sum: 0.1]
      [GC Worker Total (ms): Min: 7.1, Avg: 7.4, Max: 7.9, Diff: 0.8, Sum: 133.6]
      [GC Worker End (ms): Min: 19333.4, Avg: 19333.4, Max: 19333.7, Diff: 0.3]
   [Code Root Fixup: 0.0 ms]
   [Code Root Purge: 0.0 ms]
   [Clear CT: 0.6 ms]
   [Other: 2.1 ms]
      [Choose CSet: 0.0 ms]
      [Ref Proc: 1.5 ms]
      [Ref Enq: 0.0 ms]
      [Redirty Cards: 0.5 ms]
      [Humongous Register: 0.0 ms]
      [Humongous Reclaim: 0.0 ms]
      [Free CSet: 0.0 ms]
   [Eden: 3072.0K(3072.0K)->0.0B(2048.0K) Survivors: 1024.0K->1024.0K Heap: 49456.6K(65536.0K)->46934.4K(65536.0K)]
 [Times: user=0.12 sys=0.00, real=0.01 secs] 
2026-06-17T09:48:57.137+0800: 19.338: [GC concurrent-root-region-scan-start]
2026-06-17T09:48:57.137+0800: 19.338: [GC pause (G1 Evacuation Pause) (young)2026-06-17T09:48:57.137+0800: 19.339: [GC concurrent-root-region-scan-end, 0.0003612 secs]
2026-06-17T09:48:57.137+0800: 19.339: [GC concurrent-mark-start]
, 0.0065846 secs]
   [Root Region Scan Waiting: 0.2 ms]
   [Parallel Time: 1.5 ms, GC Workers: 18]
      [GC Worker Start (ms): Min: 19338.6, Avg: 19339.1, Max: 19339.7, Diff: 1.1]
      [Ext Root Scanning (ms): Min: 0.0, Avg: 0.0, Max: 0.2, Diff: 0.2, Sum: 0.4]
      [Update RS (ms): Min: 0.0, Avg: 0.0, Max: 0.0, Diff: 0.0, Sum: 0.0]
         [Processed Buffers: Min: 0, Avg: 0.1, Max: 1, Diff: 1, Sum: 2]
      [Scan RS (ms): Min: 0.0, Avg: 0.0, Max: 0.0, Diff: 0.0, Sum: 0.0]
      [Code Root Scanning (ms): Min: 0.0, Avg: 0.0, Max: 0.0, Diff: 0.0, Sum: 0.0]
      [Object Copy (ms): Min: 0.0, Avg: 0.0, Max: 0.1, Diff: 0.1, Sum: 0.4]
      [Termination (ms): Min: 0.0, Avg: 0.6, Max: 1.1, Diff: 1.1, Sum: 11.4]
         [Termination Attempts: Min: 1, Avg: 1.1, Max: 2, Diff: 1, Sum: 20]
      [GC Worker Other (ms): Min: 0.0, Avg: 0.0, Max: 0.0, Diff: 0.0, Sum: 0.1]
      [GC Worker Total (ms): Min: 0.0, Avg: 0.7, Max: 1.3, Diff: 1.3, Sum: 12.3]
      [GC Worker End (ms): Min: 19339.7, Avg: 19339.8, Max: 19339.9, Diff: 0.2]
   [Code Root Fixup: 0.0 ms]
   [Code Root Purge: 0.0 ms]
   [Clear CT: 0.8 ms]
   [Other: 4.1 ms]
      [Choose CSet: 0.0 ms]
      [Ref Proc: 3.2 ms]
      [Ref Enq: 0.0 ms]
      [Redirty Cards: 0.8 ms]
      [Humongous Register: 0.0 ms]
      [Humongous Reclaim: 0.0 ms]
      [Free CSet: 0.0 ms]
   [Eden: 2048.0K(2048.0K)->0.0B(2048.0K) Survivors: 1024.0K->1024.0K Heap: 48982.4K(65536.0K)->48963.6K(65536.0K)]
 [Times: user=0.05 sys=0.00, real=0.01 secs] 
2026-06-17T09:48:57.145+0800: 19.346: [GC concurrent-mark-end, 0.0078263 secs]
2026-06-17T09:48:57.145+0800: 19.346: [GC remark 2026-06-17T09:48:57.146+0800: 19.347: [Finalize Marking, 0.0052985 secs] 2026-06-17T09:48:57.151+0800: 19.353: [GC ref-proc, 0.0005723 secs] 2026-06-17T09:48:57.152+0800: 19.354: [Unloading, 0.0020297 secs], 0.0105278 secs]
 [Times: user=0.06 sys=0.01, real=0.01 secs] 
2026-06-17T09:48:57.157+0800: 19.358: [GC cleanup 50423K->43255K(65536K), 0.0033617 secs]
 [Times: user=0.00 sys=0.00, real=0.00 secs] 
2026-06-17T09:48:57.161+0800: 19.363: [GC concurrent-cleanup-start]
2026-06-17T09:48:57.161+0800: 19.363: [GC concurrent-cleanup-end, 0.0000138 secs]
2026-06-17T09:48:57.162+0800: 19.363: [GC pause (G1 Evacuation Pause) (young), 0.0061463 secs]
   [Parallel Time: 2.1 ms, GC Workers: 18]
      [GC Worker Start (ms): Min: 19362.9, Avg: 19363.6, Max: 19364.4, Diff: 1.5]
      [Ext Root Scanning (ms): Min: 0.0, Avg: 0.0, Max: 0.2, Diff: 0.2, Sum: 0.5]
      [Update RS (ms): Min: 0.0, Avg: 0.0, Max: 0.0, Diff: 0.0, Sum: 0.0]
         [Processed Buffers: Min: 0, Avg: 0.2, Max: 1, Diff: 1, Sum: 3]
      [Scan RS (ms): Min: 0.0, Avg: 0.0, Max: 0.0, Diff: 0.0, Sum: 0.0]
      [Code Root Scanning (ms): Min: 0.0, Avg: 0.0, Max: 0.0, Diff: 0.0, Sum: 0.0]
      [Object Copy (ms): Min: 0.0, Avg: 0.0, Max: 0.1, Diff: 0.1, Sum: 0.5]
      [Termination (ms): Min: 0.0, Avg: 0.9, Max: 1.4, Diff: 1.4, Sum: 15.5]
         [Termination Attempts: Min: 1, Avg: 1.1, Max: 2, Diff: 1, Sum: 19]
      [GC Worker Other (ms): Min: 0.0, Avg: 0.0, Max: 0.0, Diff: 0.0, Sum: 0.1]
      [GC Worker Total (ms): Min: 0.0, Avg: 0.9, Max: 1.7, Diff: 1.7, Sum: 16.5]
      [GC Worker End (ms): Min: 19364.4, Avg: 19364.5, Max: 19364.6, Diff: 0.2]
   [Code Root Fixup: 0.0 ms]
   [Code Root Purge: 0.0 ms]
   [Clear CT: 0.7 ms]
   [Other: 3.4 ms]
      [Choose CSet: 0.0 ms]
      [Ref Proc: 2.7 ms]
      [Ref Enq: 0.0 ms]
      [Redirty Cards: 0.7 ms]
      [Humongous Register: 0.0 ms]
      [Humongous Reclaim: 0.0 ms]
      [Free CSet: 0.0 ms]
   [Eden: 2048.0K(2048.0K)->0.0B(2048.0K) Survivors: 1024.0K->1024.0K Heap: 43843.6K(65536.0K)->43887.6K(65536.0K)]
 [Times: user=0.04 sys=0.01, real=0.01 secs] 
2026-06-17T09:48:57.169+0800: 19.370: [GC pause (G1 Evacuation Pause) (mixed), 0.0060796 secs]
   [Parallel Time: 2.8 ms, GC Workers: 18]
      [GC Worker Start (ms): Min: 19370.0, Avg: 19370.6, Max: 19372.2, Diff: 2.2]
      [Ext Root Scanning (ms): Min: 0.0, Avg: 0.0, Max: 0.2, Diff: 0.2, Sum: 0.7]
      [Update RS (ms): Min: 0.0, Avg: 0.0, Max: 0.0, Diff: 0.0, Sum: 0.0]
         [Processed Buffers: Min: 0, Avg: 0.2, Max: 1, Diff: 1, Sum: 3]
      [Scan RS (ms): Min: 0.0, Avg: 0.0, Max: 0.0, Diff: 0.0, Sum: 0.0]
      [Code Root Scanning (ms): Min: 0.0, Avg: 0.0, Max: 0.0, Diff: 0.0, Sum: 0.0]
      [Object Copy (ms): Min: 0.0, Avg: 0.0, Max: 0.1, Diff: 0.1, Sum: 0.7]
      [Termination (ms): Min: 0.0, Avg: 1.6, Max: 2.1, Diff: 2.1, Sum: 29.1]
         [Termination Attempts: Min: 1, Avg: 1.0, Max: 1, Diff: 0, Sum: 18]
      [GC Worker Other (ms): Min: 0.0, Avg: 0.0, Max: 0.0, Diff: 0.0, Sum: 0.1]
      [GC Worker Total (ms): Min: 0.0, Avg: 1.7, Max: 2.4, Diff: 2.4, Sum: 30.6]
      [GC Worker End (ms): Min: 19372.2, Avg: 19372.3, Max: 19372.4, Diff: 0.2]
   [Code Root Fixup: 0.0 ms]
   [Code Root Purge: 0.0 ms]
   [Clear CT: 0.7 ms]
   [Other: 2.5 ms]
      [Choose CSet: 0.0 ms]
      [Ref Proc: 1.6 ms]
      [Ref Enq: 0.0 ms]
      [Redirty Cards: 0.9 ms]
      [Humongous Register: 0.0 ms]
      [Humongous Reclaim: 0.0 ms]
      [Free CSet: 0.0 ms]
   [Eden: 2048.0K(2048.0K)->0.0B(2048.0K) Survivors: 1024.0K->1024.0K Heap: 45935.6K(65536.0K)->40980.6K(65536.0K)]
 [Times: user=0.04 sys=0.00, real=0.01 secs] 
2026-06-17T09:48:57.176+0800: 19.377: [GC pause (G1 Evacuation Pause) (mixed), 0.0044298 secs]
   [Parallel Time: 1.6 ms, GC Workers: 18]
      [GC Worker Start (ms): Min: 19377.2, Avg: 19377.9, Max: 19378.4, Diff: 1.2]
      [Ext Root Scanning (ms): Min: 0.0, Avg: 0.0, Max: 0.2, Diff: 0.2, Sum: 0.3]
      [Update RS (ms): Min: 0.0, Avg: 0.0, Max: 0.0, Diff: 0.0, Sum: 0.0]
         [Processed Buffers: Min: 0, Avg: 0.4, Max: 3, Diff: 3, Sum: 7]
      [Scan RS (ms): Min: 0.0, Avg: 0.0, Max: 0.0, Diff: 0.0, Sum: 0.0]
      [Code Root Scanning (ms): Min: 0.0, Avg: 0.0, Max: 0.0, Diff: 0.0, Sum: 0.0]
      [Object Copy (ms): Min: 0.0, Avg: 0.0, Max: 0.2, Diff: 0.2, Sum: 0.8]
      [Termination (ms): Min: 0.0, Avg: 0.5, Max: 1.0, Diff: 1.0, Sum: 9.5]
         [Termination Attempts: Min: 1, Avg: 1.0, Max: 1, Diff: 0, Sum: 18]
      [GC Worker Other (ms): Min: 0.0, Avg: 0.0, Max: 0.0, Diff: 0.0, Sum: 0.1]
      [GC Worker Total (ms): Min: 0.0, Avg: 0.6, Max: 1.3, Diff: 1.3, Sum: 10.8]
      [GC Worker End (ms): Min: 19378.4, Avg: 19378.5, Max: 19378.6, Diff: 0.2]
   [Code Root Fixup: 0.0 ms]
   [Code Root Purge: 0.0 ms]
   [Clear CT: 0.7 ms]
   [Other: 2.1 ms]
      [Choose CSet: 0.0 ms]
      [Ref Proc: 1.5 ms]
      [Ref Enq: 0.0 ms]
      [Redirty Cards: 0.6 ms]
      [Humongous Register: 0.0 ms]
      [Humongous Reclaim: 0.0 ms]
      [Free CSet: 0.0 ms]
   [Eden: 2048.0K(2048.0K)->0.0B(2048.0K) Survivors: 1024.0K->1024.0K Heap: 43028.6K(65536.0K)->40067.6K(65536.0K)]
 [Times: user=0.03 sys=0.00, real=0.00 secs] 
2026-06-17T09:48:57.192+0800: 19.393: [GC pause (G1 Evacuation Pause) (mixed), 0.0071330 secs]
   [Parallel Time: 4.0 ms, GC Workers: 18]
      [GC Worker Start (ms): Min: 19392.9, Avg: 19393.7, Max: 19396.4, Diff: 3.5]
      [Ext Root Scanning (ms): Min: 0.0, Avg: 0.0, Max: 0.2, Diff: 0.2, Sum: 0.4]
      [Update RS (ms): Min: 0.0, Avg: 0.0, Max: 0.0, Diff: 0.0, Sum: 0.0]
         [Processed Buffers: Min: 0, Avg: 0.2, Max: 2, Diff: 2, Sum: 4]
      [Scan RS (ms): Min: 0.0, Avg: 0.0, Max: 0.0, Diff: 0.0, Sum: 0.1]
      [Code Root Scanning (ms): Min: 0.0, Avg: 0.0, Max: 0.0, Diff: 0.0, Sum: 0.0]
      [Object Copy (ms): Min: 0.0, Avg: 0.1, Max: 0.2, Diff: 0.2, Sum: 1.0]
      [Termination (ms): Min: 0.0, Avg: 2.6, Max: 3.2, Diff: 3.2, Sum: 46.5]
         [Termination Attempts: Min: 1, Avg: 1.0, Max: 1, Diff: 0, Sum: 18]
      [GC Worker Other (ms): Min: 0.0, Avg: 0.0, Max: 0.0, Diff: 0.0, Sum: 0.1]
      [GC Worker Total (ms): Min: 0.0, Avg: 2.7, Max: 3.6, Diff: 3.6, Sum: 48.2]
      [GC Worker End (ms): Min: 19396.4, Avg: 19396.4, Max: 19396.5, Diff: 0.1]
   [Code Root Fixup: 0.0 ms]
   [Code Root Purge: 0.0 ms]
   [Clear CT: 0.8 ms]
   [Other: 2.3 ms]
      [Choose CSet: 0.0 ms]
      [Ref Proc: 1.6 ms]
      [Ref Enq: 0.0 ms]
      [Redirty Cards: 0.6 ms]
      [Humongous Register: 0.0 ms]
      [Humongous Reclaim: 0.0 ms]
      [Free CSet: 0.0 ms]
   [Eden: 2048.0K(2048.0K)->0.0B(7168.0K) Survivors: 1024.0K->1024.0K Heap: 42115.6K(65536.0K)->39187.6K(65536.0K)]
 [Times: user=0.06 sys=0.00, real=0.00 secs] 
2026-06-17T09:48:57.220+0800: 19.422: [GC pause (G1 Evacuation Pause) (young), 0.0060524 secs]
   [Parallel Time: 2.4 ms, GC Workers: 18]
      [GC Worker Start (ms): Min: 19421.8, Avg: 19422.8, Max: 19423.7, Diff: 1.8]
      [Ext Root Scanning (ms): Min: 0.0, Avg: 0.0, Max: 0.2, Diff: 0.2, Sum: 0.4]
      [Update RS (ms): Min: 0.0, Avg: 0.0, Max: 0.1, Diff: 0.1, Sum: 0.2]
         [Processed Buffers: Min: 0, Avg: 0.3, Max: 2, Diff: 2, Sum: 5]
      [Scan RS (ms): Min: 0.0, Avg: 0.0, Max: 0.0, Diff: 0.0, Sum: 0.0]
      [Code Root Scanning (ms): Min: 0.0, Avg: 0.0, Max: 0.0, Diff: 0.0, Sum: 0.0]
      [Object Copy (ms): Min: 0.0, Avg: 0.0, Max: 0.1, Diff: 0.1, Sum: 0.3]
      [Termination (ms): Min: 0.0, Avg: 0.8, Max: 1.6, Diff: 1.6, Sum: 14.8]
         [Termination Attempts: Min: 1, Avg: 1.0, Max: 1, Diff: 0, Sum: 18]
      [GC Worker Other (ms): Min: 0.0, Avg: 0.0, Max: 0.0, Diff: 0.0, Sum: 0.1]
      [GC Worker Total (ms): Min: 0.0, Avg: 0.9, Max: 1.9, Diff: 1.9, Sum: 15.8]
      [GC Worker End (ms): Min: 19423.7, Avg: 19423.7, Max: 19423.9, Diff: 0.2]
   [Code Root Fixup: 0.0 ms]
   [Code Root Purge: 0.0 ms]
   [Clear CT: 0.8 ms]
   [Other: 2.8 ms]
      [Choose CSet: 0.0 ms]
      [Ref Proc: 1.9 ms]
      [Ref Enq: 0.0 ms]
      [Redirty Cards: 0.9 ms]
      [Humongous Register: 0.0 ms]
      [Humongous Reclaim: 0.0 ms]
      [Free CSet: 0.0 ms]
   [Eden: 7168.0K(7168.0K)->0.0B(7168.0K) Survivors: 1024.0K->1024.0K Heap: 46355.6K(65536.0K)->40337.6K(65536.0K)]
 [Times: user=0.03 sys=0.00, real=0.01 secs] 
2026-06-17T09:48:57.238+0800: 19.439: [GC pause (G1 Evacuation Pause) (young) (initial-mark), 0.0071463 secs]
   [Parallel Time: 2.9 ms, GC Workers: 18]
      [GC Worker Start (ms): Min: 19439.5, Avg: 19439.9, Max: 19440.1, Diff: 0.6]
      [Ext Root Scanning (ms): Min: 0.0, Avg: 1.2, Max: 1.7, Diff: 1.7, Sum: 21.2]
      [Update RS (ms): Min: 0.0, Avg: 0.0, Max: 0.0, Diff: 0.0, Sum: 0.0]
         [Processed Buffers: Min: 0, Avg: 0.2, Max: 3, Diff: 3, Sum: 3]
      [Scan RS (ms): Min: 0.0, Avg: 0.0, Max: 0.0, Diff: 0.0, Sum: 0.0]
      [Code Root Scanning (ms): Min: 0.0, Avg: 0.0, Max: 0.0, Diff: 0.0, Sum: 0.0]
      [Object Copy (ms): Min: 0.0, Avg: 0.0, Max: 0.3, Diff: 0.3, Sum: 0.5]
      [Termination (ms): Min: 0.0, Avg: 0.8, Max: 1.6, Diff: 1.6, Sum: 14.2]
         [Termination Attempts: Min: 1, Avg: 1.0, Max: 1, Diff: 0, Sum: 18]
      [GC Worker Other (ms): Min: 0.0, Avg: 0.0, Max: 0.0, Diff: 0.0, Sum: 0.1]
      [GC Worker Total (ms): Min: 1.7, Avg: 2.0, Max: 2.5, Diff: 0.8, Sum: 36.1]
      [GC Worker End (ms): Min: 19441.8, Avg: 19441.9, Max: 19442.0, Diff: 0.2]
   [Code Root Fixup: 0.0 ms]
   [Code Root Purge: 0.0 ms]
   [Clear CT: 0.9 ms]
   [Other: 3.4 ms]
      [Choose CSet: 0.0 ms]
      [Ref Proc: 2.4 ms]
      [Ref Enq: 0.0 ms]
      [Redirty Cards: 0.8 ms]
      [Humongous Register: 0.0 ms]
      [Humongous Reclaim: 0.0 ms]
      [Free CSet: 0.0 ms]
   [Eden: 7168.0K(7168.0K)->0.0B(4096.0K) Survivors: 1024.0K->1024.0K Heap: 47505.6K(65536.0K)->44323.6K(65536.0K)]
 [Times: user=0.05 sys=0.00, real=0.01 secs] 
2026-06-17T09:48:57.246+0800: 19.447: [GC concurrent-root-region-scan-start]
2026-06-17T09:48:57.246+0800: 19.448: [GC concurrent-root-region-scan-end, 0.0003202 secs]
2026-06-17T09:48:57.246+0800: 19.448: [GC concurrent-mark-start]
2026-06-17T09:48:57.247+0800: 19.448: [GC concurrent-mark-end, 0.0003211 secs]
2026-06-17T09:48:57.247+0800: 19.448: [GC remark 2026-06-17T09:48:57.247+0800: 19.448: [Finalize Marking, 0.0021964 secs] 2026-06-17T09:48:57.250+0800: 19.451: [GC ref-proc, 0.0004413 secs] 2026-06-17T09:48:57.251+0800: 19.452: [Unloading, 0.0015992 secs], 0.0064113 secs]
 [Times: user=0.01 sys=0.00, real=0.01 secs] 
2026-06-17T09:48:57.254+0800: 19.455: [GC cleanup 44901K->40805K(65536K), 0.0025429 secs]
 [Times: user=0.00 sys=0.00, real=0.00 secs] 
2026-06-17T09:48:57.257+0800: 19.459: [GC concurrent-cleanup-start]
2026-06-17T09:48:57.257+0800: 19.459: [GC concurrent-cleanup-end, 0.0000086 secs]
2026-06-17T09:48:57.268+0800: 19.469: [GC pause (G1 Evacuation Pause) (young), 0.0060313 secs]
   [Parallel Time: 2.4 ms, GC Workers: 18]
      [GC Worker Start (ms): Min: 19469.1, Avg: 19470.0, Max: 19470.8, Diff: 1.7]
      [Ext Root Scanning (ms): Min: 0.0, Avg: 0.0, Max: 0.1, Diff: 0.1, Sum: 0.2]
      [Update RS (ms): Min: 0.0, Avg: 0.0, Max: 0.0, Diff: 0.0, Sum: 0.0]
         [Processed Buffers: Min: 0, Avg: 0.2, Max: 2, Diff: 2, Sum: 3]
      [Scan RS (ms): Min: 0.0, Avg: 0.0, Max: 0.0, Diff: 0.0, Sum: 0.0]
      [Code Root Scanning (ms): Min: 0.0, Avg: 0.0, Max: 0.0, Diff: 0.0, Sum: 0.0]
      [Object Copy (ms): Min: 0.0, Avg: 0.0, Max: 0.1, Diff: 0.1, Sum: 0.2]
      [Termination (ms): Min: 0.0, Avg: 0.9, Max: 1.7, Diff: 1.7, Sum: 15.8]
         [Termination Attempts: Min: 1, Avg: 1.0, Max: 1, Diff: 0, Sum: 18]
      [GC Worker Other (ms): Min: 0.0, Avg: 0.0, Max: 0.0, Diff: 0.0, Sum: 0.1]
      [GC Worker Total (ms): Min: 0.0, Avg: 0.9, Max: 1.9, Diff: 1.9, Sum: 16.3]
      [GC Worker End (ms): Min: 19470.8, Avg: 19470.9, Max: 19471.0, Diff: 0.2]
   [Code Root Fixup: 0.0 ms]
   [Code Root Purge: 0.0 ms]
   [Clear CT: 0.8 ms]
   [Other: 2.8 ms]
      [Choose CSet: 0.0 ms]
      [Ref Proc: 1.9 ms]
      [Ref Enq: 0.0 ms]
      [Redirty Cards: 0.9 ms]
      [Humongous Register: 0.0 ms]
      [Humongous Reclaim: 0.0 ms]
      [Free CSet: 0.0 ms]
   [Eden: 4096.0K(4096.0K)->0.0B(2048.0K) Survivors: 1024.0K->1024.0K Heap: 44323.6K(65536.0K)->40959.3K(65536.0K)]
 [Times: user=0.03 sys=0.00, real=0.01 secs] 
2026-06-17T09:48:57.275+0800: 19.476: [GC pause (G1 Evacuation Pause) (mixed), 0.0048491 secs]
   [Parallel Time: 2.0 ms, GC Workers: 18]
      [GC Worker Start (ms): Min: 19476.3, Avg: 19477.1, Max: 19477.9, Diff: 1.6]
      [Ext Root Scanning (ms): Min: 0.0, Avg: 0.0, Max: 0.2, Diff: 0.2, Sum: 0.4]
      [Update RS (ms): Min: 0.0, Avg: 0.0, Max: 0.0, Diff: 0.0, Sum: 0.0]
         [Processed Buffers: Min: 0, Avg: 0.2, Max: 1, Diff: 1, Sum: 3]
      [Scan RS (ms): Min: 0.0, Avg: 0.0, Max: 0.0, Diff: 0.0, Sum: 0.1]
      [Code Root Scanning (ms): Min: 0.0, Avg: 0.0, Max: 0.0, Diff: 0.0, Sum: 0.0]
      [Object Copy (ms): Min: 0.0, Avg: 0.0, Max: 0.2, Diff: 0.2, Sum: 0.8]
      [Termination (ms): Min: 0.0, Avg: 0.7, Max: 1.2, Diff: 1.2, Sum: 12.4]
         [Termination Attempts: Min: 1, Avg: 1.0, Max: 1, Diff: 0, Sum: 18]
      [GC Worker Other (ms): Min: 0.0, Avg: 0.0, Max: 0.0, Diff: 0.0, Sum: 0.1]
      [GC Worker Total (ms): Min: 0.0, Avg: 0.8, Max: 1.6, Diff: 1.6, Sum: 13.8]
      [GC Worker End (ms): Min: 19477.9, Avg: 19477.9, Max: 19477.9, Diff: 0.1]
   [Code Root Fixup: 0.0 ms]
   [Code Root Purge: 0.0 ms]
   [Clear CT: 0.5 ms]
   [Other: 2.4 ms]
      [Choose CSet: 0.0 ms]
      [Ref Proc: 1.8 ms]
      [Ref Enq: 0.0 ms]
      [Redirty Cards: 0.5 ms]
      [Humongous Register: 0.0 ms]
      [Humongous Reclaim: 0.0 ms]
      [Free CSet: 0.0 ms]
   [Eden: 2048.0K(2048.0K)->0.0B(2048.0K) Survivors: 1024.0K->1024.0K Heap: 43007.3K(65536.0K)->39951.6K(65536.0K)]
 [Times: user=0.03 sys=0.01, real=0.00 secs] 
2026-06-17T09:48:57.281+0800: 19.482: [GC pause (G1 Evacuation Pause) (mixed), 0.0096009 secs]
   [Parallel Time: 2.1 ms, GC Workers: 18]
      [GC Worker Start (ms): Min: 19482.5, Avg: 19483.3, Max: 19484.0, Diff: 1.5]
      [Ext Root Scanning (ms): Min: 0.0, Avg: 0.0, Max: 0.1, Diff: 0.1, Sum: 0.3]
      [Update RS (ms): Min: 0.0, Avg: 0.0, Max: 0.0, Diff: 0.0, Sum: 0.0]
         [Processed Buffers: Min: 0, Avg: 0.3, Max: 2, Diff: 2, Sum: 5]
      [Scan RS (ms): Min: 0.0, Avg: 0.0, Max: 0.0, Diff: 0.0, Sum: 0.0]
      [Code Root Scanning (ms): Min: 0.0, Avg: 0.0, Max: 0.0, Diff: 0.0, Sum: 0.0]
      [Object Copy (ms): Min: 0.0, Avg: 0.1, Max: 0.3, Diff: 0.3, Sum: 1.1]
      [Termination (ms): Min: 0.0, Avg: 0.7, Max: 1.2, Diff: 1.2, Sum: 12.1]
         [Termination Attempts: Min: 1, Avg: 1.0, Max: 1, Diff: 0, Sum: 18]
      [GC Worker Other (ms): Min: 0.0, Avg: 0.0, Max: 0.0, Diff: 0.0, Sum: 0.1]
      [GC Worker Total (ms): Min: 0.0, Avg: 0.8, Max: 1.6, Diff: 1.6, Sum: 13.6]
      [GC Worker End (ms): Min: 19484.0, Avg: 19484.1, Max: 19484.2, Diff: 0.1]
   [Code Root Fixup: 0.0 ms]
   [Code Root Purge: 0.0 ms]
   [Clear CT: 0.6 ms]
   [Other: 6.9 ms]
      [Choose CSet: 0.0 ms]
      [Ref Proc: 6.3 ms]
      [Ref Enq: 0.0 ms]
      [Redirty Cards: 0.6 ms]
      [Humongous Register: 0.0 ms]
      [Humongous Reclaim: 0.0 ms]
      [Free CSet: 0.0 ms]
   [Eden: 2048.0K(2048.0K)->0.0B(2048.0K) Survivors: 1024.0K->1024.0K Heap: 41999.6K(65536.0K)->40593.6K(65536.0K)]
 [Times: user=0.10 sys=0.00, real=0.02 secs] 
2026-06-17T09:48:57.302+0800: 19.503: [GC pause (G1 Evacuation Pause) (mixed), 0.0158866 secs]
   [Parallel Time: 10.8 ms, GC Workers: 18]
      [GC Worker Start (ms): Min: 19503.5, Avg: 19504.9, Max: 19512.7, Diff: 9.2]
      [Ext Root Scanning (ms): Min: 0.0, Avg: 0.0, Max: 0.2, Diff: 0.1, Sum: 0.4]
      [Update RS (ms): Min: 0.0, Avg: 0.0, Max: 0.0, Diff: 0.0, Sum: 0.0]
         [Processed Buffers: Min: 0, Avg: 0.3, Max: 2, Diff: 2, Sum: 6]
      [Scan RS (ms): Min: 0.0, Avg: 0.0, Max: 0.0, Diff: 0.0, Sum: 0.1]
      [Code Root Scanning (ms): Min: 0.0, Avg: 0.0, Max: 0.0, Diff: 0.0, Sum: 0.0]
      [Object Copy (ms): Min: 0.0, Avg: 0.0, Max: 0.2, Diff: 0.2, Sum: 0.5]
      [Termination (ms): Min: 0.0, Avg: 7.9, Max: 9.2, Diff: 9.2, Sum: 141.7]
         [Termination Attempts: Min: 1, Avg: 1.0, Max: 1, Diff: 0, Sum: 18]
      [GC Worker Other (ms): Min: 0.0, Avg: 0.0, Max: 0.0, Diff: 0.0, Sum: 0.1]
      [GC Worker Total (ms): Min: 0.0, Avg: 7.9, Max: 9.5, Diff: 9.5, Sum: 142.8]
      [GC Worker End (ms): Min: 19512.7, Avg: 19512.8, Max: 19513.0, Diff: 0.3]
   [Code Root Fixup: 0.0 ms]
   [Code Root Purge: 0.0 ms]
   [Clear CT: 1.0 ms]
   [Other: 4.1 ms]
      [Choose CSet: 0.0 ms]
      [Ref Proc: 3.5 ms]
      [Ref Enq: 0.0 ms]
      [Redirty Cards: 0.6 ms]
      [Humongous Register: 0.0 ms]
      [Humongous Reclaim: 0.0 ms]
      [Free CSet: 0.0 ms]
   [Eden: 2048.0K(2048.0K)->0.0B(6144.0K) Survivors: 1024.0K->1024.0K Heap: 42641.6K(65536.0K)->40997.6K(65536.0K)]
 [Times: user=0.17 sys=0.00, real=0.02 secs] 
2026-06-17T09:48:57.330+0800: 19.531: [GC pause (G1 Evacuation Pause) (young), 0.0147964 secs]
   [Parallel Time: 4.4 ms, GC Workers: 18]
      [GC Worker Start (ms): Min: 19531.1, Avg: 19532.3, Max: 19533.7, Diff: 2.6]
      [Ext Root Scanning (ms): Min: 0.0, Avg: 0.0, Max: 0.2, Diff: 0.2, Sum: 0.4]
      [Update RS (ms): Min: 0.0, Avg: 0.0, Max: 0.1, Diff: 0.1, Sum: 0.2]
         [Processed Buffers: Min: 0, Avg: 0.2, Max: 2, Diff: 2, Sum: 4]
      [Scan RS (ms): Min: 0.0, Avg: 0.0, Max: 0.0, Diff: 0.0, Sum: 0.0]
      [Code Root Scanning (ms): Min: 0.0, Avg: 0.0, Max: 0.0, Diff: 0.0, Sum: 0.0]
      [Object Copy (ms): Min: 0.0, Avg: 0.0, Max: 0.1, Diff: 0.1, Sum: 0.4]
      [Termination (ms): Min: 0.0, Avg: 1.5, Max: 2.6, Diff: 2.6, Sum: 27.5]
         [Termination Attempts: Min: 1, Avg: 1.0, Max: 1, Diff: 0, Sum: 18]
      [GC Worker Other (ms): Min: 0.0, Avg: 0.0, Max: 0.0, Diff: 0.0, Sum: 0.2]
      [GC Worker Total (ms): Min: 0.0, Avg: 1.6, Max: 2.6, Diff: 2.6, Sum: 28.7]
      [GC Worker End (ms): Min: 19533.7, Avg: 19533.9, Max: 19534.3, Diff: 0.6]
   [Code Root Fixup: 0.0 ms]
   [Code Root Purge: 0.0 ms]
   [Clear CT: 2.1 ms]
   [Other: 8.3 ms]
      [Choose CSet: 0.0 ms]
      [Ref Proc: 6.6 ms]
      [Ref Enq: 0.0 ms]
      [Redirty Cards: 1.6 ms]
      [Humongous Register: 0.0 ms]
      [Humongous Reclaim: 0.0 ms]
      [Free CSet: 0.0 ms]
   [Eden: 6144.0K(6144.0K)->0.0B(5120.0K) Survivors: 1024.0K->1024.0K Heap: 47141.6K(65536.0K)->43258.6K(65536.0K)]
 [Times: user=0.11 sys=0.01, real=0.02 secs] 
2026-06-17T09:48:57.357+0800: 19.558: [GC pause (G1 Evacuation Pause) (young) (initial-mark), 0.0105803 secs]
   [Parallel Time: 7.0 ms, GC Workers: 18]
      [GC Worker Start (ms): Min: 19558.0, Avg: 19558.4, Max: 19558.7, Diff: 0.7]
      [Ext Root Scanning (ms): Min: 0.0, Avg: 1.6, Max: 5.4, Diff: 5.4, Sum: 29.1]
      [Update RS (ms): Min: 0.0, Avg: 0.0, Max: 0.0, Diff: 0.0, Sum: 0.0]
         [Processed Buffers: Min: 0, Avg: 0.2, Max: 3, Diff: 3, Sum: 3]
      [Scan RS (ms): Min: 0.0, Avg: 0.0, Max: 0.0, Diff: 0.0, Sum: 0.0]
      [Code Root Scanning (ms): Min: 0.0, Avg: 0.0, Max: 0.0, Diff: 0.0, Sum: 0.0]
      [Object Copy (ms): Min: 0.0, Avg: 0.0, Max: 0.0, Diff: 0.0, Sum: 0.1]
      [Termination (ms): Min: 0.0, Avg: 4.2, Max: 5.5, Diff: 5.5, Sum: 75.1]
         [Termination Attempts: Min: 1, Avg: 1.1, Max: 2, Diff: 1, Sum: 19]
      [GC Worker Other (ms): Min: 0.0, Avg: 0.0, Max: 0.0, Diff: 0.0, Sum: 0.1]
      [GC Worker Total (ms): Min: 5.4, Avg: 5.8, Max: 6.3, Diff: 0.8, Sum: 104.5]
      [GC Worker End (ms): Min: 19564.1, Avg: 19564.2, Max: 19564.3, Diff: 0.2]
   [Code Root Fixup: 0.0 ms]
   [Code Root Purge: 0.0 ms]
   [Clear CT: 0.7 ms]
   [Other: 2.9 ms]
      [Choose CSet: 0.0 ms]
      [Ref Proc: 2.2 ms]
      [Ref Enq: 0.0 ms]
      [Redirty Cards: 0.6 ms]
      [Humongous Register: 0.0 ms]
      [Humongous Reclaim: 0.0 ms]
      [Free CSet: 0.0 ms]
   [Eden: 5120.0K(5120.0K)->0.0B(5120.0K) Survivors: 1024.0K->1024.0K Heap: 48378.6K(65536.0K)->42923.7K(65536.0K)]
 [Times: user=0.09 sys=0.00, real=0.01 secs] 
2026-06-17T09:48:57.368+0800: 19.570: [GC concurrent-root-region-scan-start]
2026-06-17T09:48:57.369+0800: 19.570: [GC concurrent-root-region-scan-end, 0.0003352 secs]
2026-06-17T09:48:57.369+0800: 19.570: [GC concurrent-mark-start]
2026-06-17T09:48:57.369+0800: 19.570: [GC concurrent-mark-end, 0.0003810 secs]
2026-06-17T09:48:57.369+0800: 19.571: [GC remark 2026-06-17T09:48:57.370+0800: 19.571: [Finalize Marking, 0.0033870 secs] 2026-06-17T09:48:57.374+0800: 19.575: [GC ref-proc, 0.0005442 secs] 2026-06-17T09:48:57.375+0800: 19.576: [Unloading, 0.0019002 secs], 0.0084810 secs]
 [Times: user=0.03 sys=0.00, real=0.01 secs] 
2026-06-17T09:48:57.379+0800: 19.580: [GC cleanup 44410K->41573K(65536K), 0.0035078 secs]
 [Times: user=0.00 sys=0.00, real=0.01 secs] 
2026-06-17T09:48:57.383+0800: 19.584: [GC concurrent-cleanup-start]
2026-06-17T09:48:57.383+0800: 19.584: [GC concurrent-cleanup-end, 0.0000135 secs]
2026-06-17T09:48:57.394+0800: 19.595: [GC pause (G1 Evacuation Pause) (young), 0.0063803 secs]
   [Parallel Time: 2.2 ms, GC Workers: 18]
      [GC Worker Start (ms): Min: 19594.9, Avg: 19595.4, Max: 19596.2, Diff: 1.3]
      [Ext Root Scanning (ms): Min: 0.0, Avg: 0.0, Max: 0.2, Diff: 0.2, Sum: 0.6]
      [Update RS (ms): Min: 0.0, Avg: 0.0, Max: 0.0, Diff: 0.0, Sum: 0.0]
         [Processed Buffers: Min: 0, Avg: 0.1, Max: 1, Diff: 1, Sum: 2]
      [Scan RS (ms): Min: 0.0, Avg: 0.0, Max: 0.0, Diff: 0.0, Sum: 0.0]
      [Code Root Scanning (ms): Min: 0.0, Avg: 0.0, Max: 0.0, Diff: 0.0, Sum: 0.0]
      [Object Copy (ms): Min: 0.0, Avg: 0.0, Max: 0.1, Diff: 0.1, Sum: 0.3]
      [Termination (ms): Min: 0.0, Avg: 0.7, Max: 1.1, Diff: 1.1, Sum: 13.1]
         [Termination Attempts: Min: 1, Avg: 1.3, Max: 3, Diff: 2, Sum: 24]
      [GC Worker Other (ms): Min: 0.0, Avg: 0.0, Max: 0.0, Diff: 0.0, Sum: 0.1]
      [GC Worker Total (ms): Min: 0.0, Avg: 0.8, Max: 1.3, Diff: 1.3, Sum: 14.2]
      [GC Worker End (ms): Min: 19596.2, Avg: 19596.2, Max: 19596.4, Diff: 0.2]
   [Code Root Fixup: 0.0 ms]
   [Code Root Purge: 0.0 ms]
   [Clear CT: 0.8 ms]
   [Other: 3.4 ms]
      [Choose CSet: 0.0 ms]
      [Ref Proc: 2.7 ms]
      [Ref Enq: 0.0 ms]
      [Redirty Cards: 0.6 ms]
      [Humongous Register: 0.0 ms]
      [Humongous Reclaim: 0.0 ms]
      [Free CSet: 0.0 ms]
   [Eden: 5120.0K(5120.0K)->0.0B(2048.0K) Survivors: 1024.0K->1024.0K Heap: 45206.2K(65536.0K)->41590.6K(65536.0K)]
 [Times: user=0.03 sys=0.00, real=0.00 secs] 
2026-06-17T09:48:57.401+0800: 19.602: [GC pause (G1 Evacuation Pause) (mixed), 0.0056828 secs]
   [Parallel Time: 2.0 ms, GC Workers: 18]
      [GC Worker Start (ms): Min: 19602.5, Avg: 19603.4, Max: 19604.1, Diff: 1.6]
      [Ext Root Scanning (ms): Min: 0.0, Avg: 0.0, Max: 0.2, Diff: 0.2, Sum: 0.4]
      [Update RS (ms): Min: 0.0, Avg: 0.0, Max: 0.0, Diff: 0.0, Sum: 0.0]
         [Processed Buffers: Min: 0, Avg: 0.2, Max: 1, Diff: 1, Sum: 3]
      [Scan RS (ms): Min: 0.0, Avg: 0.0, Max: 0.0, Diff: 0.0, Sum: 0.0]
      [Code Root Scanning (ms): Min: 0.0, Avg: 0.0, Max: 0.0, Diff: 0.0, Sum: 0.0]
      [Object Copy (ms): Min: 0.0, Avg: 0.0, Max: 0.2, Diff: 0.2, Sum: 0.7]
      [Termination (ms): Min: 0.0, Avg: 0.7, Max: 1.3, Diff: 1.3, Sum: 11.8]
         [Termination Attempts: Min: 1, Avg: 1.0, Max: 1, Diff: 0, Sum: 18]
      [GC Worker Other (ms): Min: 0.0, Avg: 0.0, Max: 0.0, Diff: 0.0, Sum: 0.1]
      [GC Worker Total (ms): Min: 0.0, Avg: 0.7, Max: 1.6, Diff: 1.6, Sum: 13.0]
      [GC Worker End (ms): Min: 19604.1, Avg: 19604.1, Max: 19604.3, Diff: 0.2]
   [Code Root Fixup: 0.0 ms]
   [Code Root Purge: 0.0 ms]
   [Clear CT: 1.1 ms]
   [Other: 2.6 ms]
      [Choose CSet: 0.0 ms]
      [Ref Proc: 1.7 ms]
      [Ref Enq: 0.0 ms]
      [Redirty Cards: 0.8 ms]
      [Humongous Register: 0.0 ms]
      [Humongous Reclaim: 0.0 ms]
      [Free CSet: 0.0 ms]
   [Eden: 2048.0K(2048.0K)->0.0B(2048.0K) Survivors: 1024.0K->1024.0K Heap: 43638.6K(65536.0K)->38991.6K(65536.0K)]
 [Times: user=0.02 sys=0.01, real=0.01 secs] 
2026-06-17T09:48:57.418+0800: 19.619: [GC pause (G1 Evacuation Pause) (mixed), 0.0121906 secs]
   [Parallel Time: 3.4 ms, GC Workers: 18]
      [GC Worker Start (ms): Min: 19619.4, Avg: 19620.5, Max: 19621.8, Diff: 2.4]
      [Ext Root Scanning (ms): Min: 0.0, Avg: 0.0, Max: 0.2, Diff: 0.2, Sum: 0.3]
      [Update RS (ms): Min: 0.0, Avg: 0.0, Max: 0.0, Diff: 0.0, Sum: 0.0]
         [Processed Buffers: Min: 0, Avg: 0.3, Max: 3, Diff: 3, Sum: 5]
      [Scan RS (ms): Min: 0.0, Avg: 0.0, Max: 0.0, Diff: 0.0, Sum: 0.0]
      [Code Root Scanning (ms): Min: 0.0, Avg: 0.0, Max: 0.0, Diff: 0.0, Sum: 0.0]
      [Object Copy (ms): Min: 0.0, Avg: 0.1, Max: 0.3, Diff: 0.3, Sum: 1.3]
      [Termination (ms): Min: 0.0, Avg: 1.2, Max: 2.0, Diff: 2.0, Sum: 22.0]
         [Termination Attempts: Min: 1, Avg: 1.0, Max: 1, Diff: 0, Sum: 18]
      [GC Worker Other (ms): Min: 0.0, Avg: 0.0, Max: 0.0, Diff: 0.0, Sum: 0.1]
      [GC Worker Total (ms): Min: 0.0, Avg: 1.3, Max: 2.5, Diff: 2.5, Sum: 23.7]
      [GC Worker End (ms): Min: 19621.8, Avg: 19621.8, Max: 19621.9, Diff: 0.2]
   [Code Root Fixup: 0.0 ms]
   [Code Root Purge: 0.0 ms]
   [Clear CT: 0.8 ms]
   [Other: 8.0 ms]
      [Choose CSet: 0.0 ms]
      [Ref Proc: 7.0 ms]
      [Ref Enq: 0.0 ms]
      [Redirty Cards: 0.9 ms]
      [Humongous Register: 0.0 ms]
      [Humongous Reclaim: 0.0 ms]
      [Free CSet: 0.0 ms]
   [Eden: 2048.0K(2048.0K)->0.0B(7168.0K) Survivors: 1024.0K->1024.0K Heap: 41039.6K(65536.0K)->40145.6K(65536.0K)]
 [Times: user=0.12 sys=0.00, real=0.02 secs] 
2026-06-17T09:48:57.432+0800: 19.633: [GC pause (G1 Humongous Allocation) (young) (initial-mark), 0.0070625 secs]
   [Parallel Time: 3.2 ms, GC Workers: 18]
      [GC Worker Start (ms): Min: 19632.9, Avg: 19633.3, Max: 19633.6, Diff: 0.6]
      [Ext Root Scanning (ms): Min: 0.0, Avg: 0.9, Max: 2.0, Diff: 2.0, Sum: 16.3]
      [Update RS (ms): Min: 0.0, Avg: 0.0, Max: 0.0, Diff: 0.0, Sum: 0.0]
         [Processed Buffers: Min: 0, Avg: 0.3, Max: 5, Diff: 5, Sum: 5]
      [Scan RS (ms): Min: 0.0, Avg: 0.0, Max: 0.0, Diff: 0.0, Sum: 0.0]
      [Code Root Scanning (ms): Min: 0.0, Avg: 0.0, Max: 0.0, Diff: 0.0, Sum: 0.0]
      [Object Copy (ms): Min: 0.0, Avg: 0.0, Max: 0.1, Diff: 0.1, Sum: 0.3]
      [Termination (ms): Min: 0.0, Avg: 1.4, Max: 2.0, Diff: 2.0, Sum: 25.8]
         [Termination Attempts: Min: 1, Avg: 1.0, Max: 1, Diff: 0, Sum: 18]
      [GC Worker Other (ms): Min: 0.0, Avg: 0.0, Max: 0.0, Diff: 0.0, Sum: 0.1]
      [GC Worker Total (ms): Min: 2.1, Avg: 2.4, Max: 2.8, Diff: 0.8, Sum: 42.4]
      [GC Worker End (ms): Min: 19635.6, Avg: 19635.6, Max: 19635.7, Diff: 0.2]
   [Code Root Fixup: 0.0 ms]
   [Code Root Purge: 0.0 ms]
   [Clear CT: 1.4 ms]
   [Other: 2.4 ms]
      [Choose CSet: 0.0 ms]
      [Ref Proc: 1.5 ms]
      [Ref Enq: 0.0 ms]
      [Redirty Cards: 0.9 ms]
      [Humongous Register: 0.0 ms]
      [Humongous Reclaim: 0.0 ms]
      [Free CSet: 0.0 ms]
   [Eden: 5120.0K(7168.0K)->0.0B(7168.0K) Survivors: 1024.0K->1024.0K Heap: 44940.7K(65536.0K)->41258.6K(65536.0K)]
 [Times: user=0.04 sys=0.00, real=0.00 secs] 
2026-06-17T09:48:57.440+0800: 19.641: [GC concurrent-root-region-scan-start]
2026-06-17T09:48:57.440+0800: 19.641: [GC concurrent-root-region-scan-end, 0.0003184 secs]
2026-06-17T09:48:57.440+0800: 19.641: [GC concurrent-mark-start]
2026-06-17T09:48:57.440+0800: 19.642: [GC concurrent-mark-end, 0.0002523 secs]
2026-06-17T09:48:57.440+0800: 19.642: [GC remark 2026-06-17T09:48:57.441+0800: 19.642: [Finalize Marking, 0.0047199 secs] 2026-06-17T09:48:57.446+0800: 19.647: [GC ref-proc, 0.0005973 secs] 2026-06-17T09:48:57.447+0800: 19.648: [Unloading, 0.0017219 secs], 0.0093020 secs]
 [Times: user=0.07 sys=0.00, real=0.01 secs] 
2026-06-17T09:48:57.451+0800: 19.652: [GC cleanup 43284K->38164K(65536K), 0.0026023 secs]
 [Times: user=0.00 sys=0.00, real=0.00 secs] 
2026-06-17T09:48:57.454+0800: 19.655: [GC concurrent-cleanup-start]
2026-06-17T09:48:57.454+0800: 19.655: [GC concurrent-cleanup-end, 0.0000123 secs]
2026-06-17T09:48:57.475+0800: 19.676: [GC pause (G1 Evacuation Pause) (young), 0.0073730 secs]
   [Parallel Time: 3.7 ms, GC Workers: 18]
      [GC Worker Start (ms): Min: 19676.0, Avg: 19677.1, Max: 19678.3, Diff: 2.3]
      [Ext Root Scanning (ms): Min: 0.0, Avg: 0.0, Max: 0.2, Diff: 0.2, Sum: 0.4]
      [Update RS (ms): Min: 0.0, Avg: 0.0, Max: 0.0, Diff: 0.0, Sum: 0.0]
         [Processed Buffers: Min: 0, Avg: 0.2, Max: 1, Diff: 1, Sum: 3]
      [Scan RS (ms): Min: 0.0, Avg: 0.0, Max: 0.0, Diff: 0.0, Sum: 0.0]
      [Code Root Scanning (ms): Min: 0.0, Avg: 0.0, Max: 0.0, Diff: 0.0, Sum: 0.0]
      [Object Copy (ms): Min: 0.0, Avg: 0.0, Max: 0.0, Diff: 0.0, Sum: 0.2]
      [Termination (ms): Min: 0.0, Avg: 1.3, Max: 2.4, Diff: 2.4, Sum: 23.8]
         [Termination Attempts: Min: 1, Avg: 1.1, Max: 2, Diff: 1, Sum: 19]
      [GC Worker Other (ms): Min: 0.0, Avg: 0.0, Max: 0.0, Diff: 0.0, Sum: 0.1]
      [GC Worker Total (ms): Min: 0.0, Avg: 1.4, Max: 2.5, Diff: 2.5, Sum: 24.5]
      [GC Worker End (ms): Min: 19678.3, Avg: 19678.5, Max: 19678.8, Diff: 0.5]
   [Code Root Fixup: 0.0 ms]
   [Code Root Purge: 0.0 ms]
   [Clear CT: 1.3 ms]
   [Other: 2.4 ms]
      [Choose CSet: 0.0 ms]
      [Ref Proc: 1.8 ms]
      [Ref Enq: 0.0 ms]
      [Redirty Cards: 0.5 ms]
      [Humongous Register: 0.0 ms]
      [Humongous Reclaim: 0.0 ms]
      [Free CSet: 0.0 ms]
   [Eden: 7168.0K(7168.0K)->0.0B(2048.0K) Survivors: 1024.0K->1024.0K Heap: 44329.7K(65536.0K)->37164.7K(65536.0K)]
 [Times: user=0.03 sys=0.01, real=0.01 secs] 
2026-06-17T09:48:57.484+0800: 19.685: [GC pause (G1 Evacuation Pause) (mixed), 0.0067702 secs]
   [Parallel Time: 1.9 ms, GC Workers: 18]
      [GC Worker Start (ms): Min: 19684.8, Avg: 19685.5, Max: 19686.1, Diff: 1.3]
      [Ext Root Scanning (ms): Min: 0.0, Avg: 0.0, Max: 0.1, Diff: 0.1, Sum: 0.3]
      [Update RS (ms): Min: 0.0, Avg: 0.0, Max: 0.0, Diff: 0.0, Sum: 0.0]
         [Processed Buffers: Min: 0, Avg: 0.2, Max: 2, Diff: 2, Sum: 3]
      [Scan RS (ms): Min: 0.0, Avg: 0.0, Max: 0.0, Diff: 0.0, Sum: 0.0]
      [Code Root Scanning (ms): Min: 0.0, Avg: 0.0, Max: 0.0, Diff: 0.0, Sum: 0.0]
      [Object Copy (ms): Min: 0.0, Avg: 0.0, Max: 0.2, Diff: 0.2, Sum: 0.6]
      [Termination (ms): Min: 0.0, Avg: 0.6, Max: 1.0, Diff: 1.0, Sum: 10.4]
         [Termination Attempts: Min: 1, Avg: 1.0, Max: 1, Diff: 0, Sum: 18]
      [GC Worker Other (ms): Min: 0.0, Avg: 0.0, Max: 0.0, Diff: 0.0, Sum: 0.1]
      [GC Worker Total (ms): Min: 0.0, Avg: 0.6, Max: 1.4, Diff: 1.3, Sum: 11.3]
      [GC Worker End (ms): Min: 19686.1, Avg: 19686.1, Max: 19686.2, Diff: 0.1]
   [Code Root Fixup: 0.0 ms]
   [Code Root Purge: 0.0 ms]
   [Clear CT: 1.0 ms]
   [Other: 3.8 ms]
      [Choose CSet: 0.0 ms]
      [Ref Proc: 3.1 ms]
      [Ref Enq: 0.0 ms]
      [Redirty Cards: 0.6 ms]
      [Humongous Register: 0.0 ms]
      [Humongous Reclaim: 0.0 ms]
      [Free CSet: 0.0 ms]
   [Eden: 2048.0K(2048.0K)->0.0B(2048.0K) Survivors: 1024.0K->1024.0K Heap: 39212.7K(65536.0K)->34771.7K(65536.0K)]
 [Times: user=0.04 sys=0.00, real=0.01 secs] 
2026-06-17T09:48:57.491+0800: 19.693: [GC pause (G1 Evacuation Pause) (mixed), 0.0059352 secs]
   [Parallel Time: 2.3 ms, GC Workers: 18]
      [GC Worker Start (ms): Min: 19692.8, Avg: 19693.5, Max: 19694.2, Diff: 1.5]
      [Ext Root Scanning (ms): Min: 0.0, Avg: 0.0, Max: 0.2, Diff: 0.2, Sum: 0.3]
      [Update RS (ms): Min: 0.0, Avg: 0.0, Max: 0.0, Diff: 0.0, Sum: 0.0]
         [Processed Buffers: Min: 0, Avg: 0.2, Max: 2, Diff: 2, Sum: 4]
      [Scan RS (ms): Min: 0.0, Avg: 0.0, Max: 0.0, Diff: 0.0, Sum: 0.0]
      [Code Root Scanning (ms): Min: 0.0, Avg: 0.0, Max: 0.0, Diff: 0.0, Sum: 0.0]
      [Object Copy (ms): Min: 0.0, Avg: 0.0, Max: 0.2, Diff: 0.2, Sum: 0.6]
      [Termination (ms): Min: 0.0, Avg: 0.8, Max: 1.4, Diff: 1.4, Sum: 14.6]
         [Termination Attempts: Min: 1, Avg: 1.0, Max: 1, Diff: 0, Sum: 18]
      [GC Worker Other (ms): Min: 0.0, Avg: 0.0, Max: 0.0, Diff: 0.0, Sum: 0.1]
      [GC Worker Total (ms): Min: 0.0, Avg: 0.9, Max: 1.7, Diff: 1.7, Sum: 15.7]
      [GC Worker End (ms): Min: 19694.3, Avg: 19694.4, Max: 19694.6, Diff: 0.3]
   [Code Root Fixup: 0.0 ms]
   [Code Root Purge: 0.0 ms]
   [Clear CT: 0.8 ms]
   [Other: 2.9 ms]
      [Choose CSet: 0.0 ms]
      [Ref Proc: 1.7 ms]
      [Ref Enq: 0.0 ms]
      [Redirty Cards: 1.1 ms]
      [Humongous Register: 0.0 ms]
      [Humongous Reclaim: 0.0 ms]
      [Free CSet: 0.0 ms]
   [Eden: 2048.0K(2048.0K)->0.0B(2048.0K) Survivors: 1024.0K->1024.0K Heap: 36819.7K(65536.0K)->31510.7K(65536.0K)]
 [Times: user=0.03 sys=0.00, real=0.00 secs] 
2026-06-17T09:48:57.509+0800: 19.710: [GC pause (G1 Evacuation Pause) (mixed), 0.0085575 secs]
   [Parallel Time: 3.8 ms, GC Workers: 18]
      [GC Worker Start (ms): Min: 19709.9, Avg: 19711.1, Max: 19712.4, Diff: 2.5]
      [Ext Root Scanning (ms): Min: 0.0, Avg: 0.0, Max: 0.2, Diff: 0.2, Sum: 0.4]
      [Update RS (ms): Min: 0.0, Avg: 0.0, Max: 0.0, Diff: 0.0, Sum: 0.0]
         [Processed Buffers: Min: 0, Avg: 0.2, Max: 2, Diff: 2, Sum: 4]
      [Scan RS (ms): Min: 0.0, Avg: 0.0, Max: 0.0, Diff: 0.0, Sum: 0.1]
      [Code Root Scanning (ms): Min: 0.0, Avg: 0.0, Max: 0.0, Diff: 0.0, Sum: 0.0]
      [Object Copy (ms): Min: 0.0, Avg: 0.0, Max: 0.1, Diff: 0.1, Sum: 0.4]
      [Termination (ms): Min: 0.0, Avg: 1.4, Max: 2.4, Diff: 2.4, Sum: 25.4]
         [Termination Attempts: Min: 1, Avg: 1.0, Max: 1, Diff: 0, Sum: 18]
      [GC Worker Other (ms): Min: 0.0, Avg: 0.0, Max: 0.0, Diff: 0.0, Sum: 0.1]
      [GC Worker Total (ms): Min: 0.0, Avg: 1.5, Max: 2.6, Diff: 2.6, Sum: 26.6]
      [GC Worker End (ms): Min: 19712.4, Avg: 19712.6, Max: 19713.0, Diff: 0.6]
   [Code Root Fixup: 0.0 ms]
   [Code Root Purge: 0.0 ms]
   [Clear CT: 0.8 ms]
   [Other: 3.9 ms]
      [Choose CSet: 0.0 ms]
      [Ref Proc: 3.4 ms]
      [Ref Enq: 0.0 ms]
      [Redirty Cards: 0.5 ms]
      [Humongous Register: 0.0 ms]
      [Humongous Reclaim: 0.0 ms]
      [Free CSet: 0.0 ms]
   [Eden: 2048.0K(2048.0K)->0.0B(14336.0K) Survivors: 1024.0K->1024.0K Heap: 33558.7K(65536.0K)->31564.7K(65536.0K)]
 [Times: user=0.05 sys=0.00, real=0.01 secs] 
2026-06-17T09:48:57.550+0800: 19.752: [GC pause (G1 Evacuation Pause) (young), 0.0174147 secs]
   [Parallel Time: 4.2 ms, GC Workers: 18]
      [GC Worker Start (ms): Min: 19751.7, Avg: 19753.0, Max: 19754.3, Diff: 2.7]
      [Ext Root Scanning (ms): Min: 0.0, Avg: 0.1, Max: 0.5, Diff: 0.5, Sum: 1.2]
      [Update RS (ms): Min: 0.0, Avg: 0.0, Max: 0.3, Diff: 0.3, Sum: 0.5]
         [Processed Buffers: Min: 0, Avg: 0.3, Max: 2, Diff: 2, Sum: 5]
      [Scan RS (ms): Min: 0.0, Avg: 0.0, Max: 0.0, Diff: 0.0, Sum: 0.0]
      [Code Root Scanning (ms): Min: 0.0, Avg: 0.0, Max: 0.0, Diff: 0.0, Sum: 0.0]
      [Object Copy (ms): Min: 0.0, Avg: 0.0, Max: 0.2, Diff: 0.2, Sum: 0.9]
      [Termination (ms): Min: 0.0, Avg: 1.3, Max: 2.0, Diff: 2.0, Sum: 23.0]
         [Termination Attempts: Min: 1, Avg: 1.0, Max: 1, Diff: 0, Sum: 18]
      [GC Worker Other (ms): Min: 0.0, Avg: 0.0, Max: 0.0, Diff: 0.0, Sum: 0.2]
      [GC Worker Total (ms): Min: 0.0, Avg: 1.4, Max: 2.8, Diff: 2.8, Sum: 25.8]
      [GC Worker End (ms): Min: 19754.3, Avg: 19754.4, Max: 19754.6, Diff: 0.2]
   [Code Root Fixup: 0.0 ms]
   [Code Root Purge: 0.0 ms]
   [Clear CT: 2.0 ms]
   [Other: 11.2 ms]
      [Choose CSet: 0.0 ms]
      [Ref Proc: 10.2 ms]
      [Ref Enq: 0.0 ms]
      [Redirty Cards: 1.0 ms]
      [Humongous Register: 0.0 ms]
      [Humongous Reclaim: 0.0 ms]
      [Free CSet: 0.0 ms]
   [Eden: 14336.0K(14336.0K)->0.0B(12288.0K) Survivors: 1024.0K->2048.0K Heap: 45900.7K(65536.0K)->35050.7K(65536.0K)]
 [Times: user=0.13 sys=0.01, real=0.02 secs] 
2026-06-17T09:48:57.601+0800: 19.802: [GC pause (G1 Evacuation Pause) (young) (initial-mark), 0.0179098 secs]
   [Parallel Time: 11.5 ms, GC Workers: 18]
      [GC Worker Start (ms): Min: 19802.6, Avg: 19803.7, Max: 19804.6, Diff: 2.1]
      [Ext Root Scanning (ms): Min: 0.0, Avg: 3.2, Max: 8.7, Diff: 8.7, Sum: 57.3]
      [Update RS (ms): Min: 0.0, Avg: 0.0, Max: 0.0, Diff: 0.0, Sum: 0.1]
         [Processed Buffers: Min: 0, Avg: 0.2, Max: 3, Diff: 3, Sum: 3]
      [Scan RS (ms): Min: 0.0, Avg: 0.0, Max: 0.0, Diff: 0.0, Sum: 0.0]
      [Code Root Scanning (ms): Min: 0.0, Avg: 0.0, Max: 0.0, Diff: 0.0, Sum: 0.0]
      [Object Copy (ms): Min: 0.0, Avg: 0.1, Max: 0.4, Diff: 0.4, Sum: 0.9]
      [Termination (ms): Min: 0.0, Avg: 6.3, Max: 8.1, Diff: 8.1, Sum: 113.2]
         [Termination Attempts: Min: 1, Avg: 1.0, Max: 1, Diff: 0, Sum: 18]
      [GC Worker Other (ms): Min: 0.0, Avg: 0.0, Max: 0.0, Diff: 0.0, Sum: 0.2]
      [GC Worker Total (ms): Min: 8.5, Avg: 9.5, Max: 10.6, Diff: 2.1, Sum: 171.7]
      [GC Worker End (ms): Min: 19813.2, Avg: 19813.2, Max: 19813.3, Diff: 0.1]
   [Code Root Fixup: 0.0 ms]
   [Code Root Purge: 0.0 ms]
   [Clear CT: 1.5 ms]
   [Other: 4.9 ms]
      [Choose CSet: 0.0 ms]
      [Ref Proc: 4.0 ms]
      [Ref Enq: 0.0 ms]
      [Redirty Cards: 0.8 ms]
      [Humongous Register: 0.0 ms]
      [Humongous Reclaim: 0.0 ms]
      [Free CSet: 0.0 ms]
   [Eden: 12288.0K(12288.0K)->0.0B(9216.0K) Survivors: 2048.0K->2048.0K Heap: 47338.7K(65536.0K)->37601.7K(65536.0K)]
 [Times: user=0.14 sys=0.00, real=0.02 secs] 
2026-06-17T09:48:57.620+0800: 19.822: [GC concurrent-root-region-scan-start]
2026-06-17T09:48:57.621+0800: 19.822: [GC concurrent-root-region-scan-end, 0.0002888 secs]
2026-06-17T09:48:57.621+0800: 19.822: [GC concurrent-mark-start]
2026-06-17T09:48:57.621+0800: 19.822: [GC concurrent-mark-end, 0.0004654 secs]
2026-06-17T09:48:57.621+0800: 19.822: [GC remark 2026-06-17T09:48:57.622+0800: 19.823: [Finalize Marking, 0.0062948 secs] 2026-06-17T09:48:57.629+0800: 19.830: [GC ref-proc, 0.0006927 secs] 2026-06-17T09:48:57.630+0800: 19.832: [Unloading, 0.0016960 secs], 0.0121086 secs]
 [Times: user=0.06 sys=0.00, real=0.02 secs] 
2026-06-17T09:48:57.635+0800: 19.836: [GC cleanup 41494K->41494K(65536K), 0.0029311 secs]
 [Times: user=0.00 sys=0.00, real=0.00 secs] 
2026-06-17T09:48:57.649+0800: 19.851: [GC pause (G1 Evacuation Pause) (young), 0.0145268 secs]
   [Parallel Time: 9.6 ms, GC Workers: 18]
      [GC Worker Start (ms): Min: 19850.7, Avg: 19852.5, Max: 19858.2, Diff: 7.5]
      [Ext Root Scanning (ms): Min: 0.0, Avg: 0.0, Max: 0.2, Diff: 0.2, Sum: 0.5]
      [Update RS (ms): Min: 0.0, Avg: 0.0, Max: 0.0, Diff: 0.0, Sum: 0.0]
         [Processed Buffers: Min: 0, Avg: 0.3, Max: 2, Diff: 2, Sum: 5]
      [Scan RS (ms): Min: 0.0, Avg: 0.0, Max: 0.0, Diff: 0.0, Sum: 0.0]
      [Code Root Scanning (ms): Min: 0.0, Avg: 0.0, Max: 0.0, Diff: 0.0, Sum: 0.0]
      [Object Copy (ms): Min: 0.0, Avg: 0.0, Max: 0.2, Diff: 0.2, Sum: 0.6]
      [Termination (ms): Min: 0.0, Avg: 5.9, Max: 7.8, Diff: 7.8, Sum: 106.3]
         [Termination Attempts: Min: 1, Avg: 1.0, Max: 1, Diff: 0, Sum: 18]
      [GC Worker Other (ms): Min: 0.0, Avg: 0.0, Max: 0.0, Diff: 0.0, Sum: 0.2]
      [GC Worker Total (ms): Min: 0.0, Avg: 6.0, Max: 8.1, Diff: 8.1, Sum: 107.7]
      [GC Worker End (ms): Min: 19858.2, Avg: 19858.5, Max: 19858.9, Diff: 0.7]
   [Code Root Fixup: 0.0 ms]
   [Code Root Purge: 0.0 ms]
   [Clear CT: 1.0 ms]
   [Other: 3.9 ms]
      [Choose CSet: 0.0 ms]
      [Ref Proc: 3.3 ms]
      [Ref Enq: 0.0 ms]
      [Redirty Cards: 0.5 ms]
      [Humongous Register: 0.0 ms]
      [Humongous Reclaim: 0.0 ms]
      [Free CSet: 0.0 ms]
   [Eden: 9216.0K(9216.0K)->0.0B(1024.0K) Survivors: 2048.0K->2048.0K Heap: 46817.7K(65536.0K)->39981.7K(65536.0K)]
 [Times: user=0.14 sys=0.01, real=0.02 secs] 
2026-06-17T09:48:57.665+0800: 19.867: [GC pause (G1 Evacuation Pause) (mixed), 0.0140098 secs]
   [Parallel Time: 9.1 ms, GC Workers: 18]
      [GC Worker Start (ms): Min: 19866.7, Avg: 19868.4, Max: 19874.1, Diff: 7.5]
      [Ext Root Scanning (ms): Min: 0.0, Avg: 0.0, Max: 0.2, Diff: 0.2, Sum: 0.4]
      [Update RS (ms): Min: 0.0, Avg: 0.0, Max: 0.0, Diff: 0.0, Sum: 0.0]
         [Processed Buffers: Min: 0, Avg: 0.2, Max: 2, Diff: 2, Sum: 3]
      [Scan RS (ms): Min: 0.0, Avg: 0.0, Max: 0.0, Diff: 0.0, Sum: 0.0]
      [Code Root Scanning (ms): Min: 0.0, Avg: 0.0, Max: 0.0, Diff: 0.0, Sum: 0.0]
      [Object Copy (ms): Min: 0.0, Avg: 0.0, Max: 0.2, Diff: 0.2, Sum: 0.7]
      [Termination (ms): Min: 0.0, Avg: 5.8, Max: 7.4, Diff: 7.4, Sum: 103.5]
         [Termination Attempts: Min: 1, Avg: 1.0, Max: 1, Diff: 0, Sum: 18]
      [GC Worker Other (ms): Min: 0.0, Avg: 0.0, Max: 0.0, Diff: 0.0, Sum: 0.1]
      [GC Worker Total (ms): Min: 0.0, Avg: 5.8, Max: 7.5, Diff: 7.5, Sum: 104.8]
      [GC Worker End (ms): Min: 19874.1, Avg: 19874.3, Max: 19874.6, Diff: 0.4]
   [Code Root Fixup: 0.0 ms]
   [Code Root Purge: 0.0 ms]
   [Clear CT: 1.0 ms]
   [Other: 3.9 ms]
      [Choose CSet: 0.0 ms]
      [Ref Proc: 3.0 ms]
      [Ref Enq: 0.0 ms]
      [Redirty Cards: 0.8 ms]
      [Humongous Register: 0.0 ms]
      [Humongous Reclaim: 0.0 ms]
      [Free CSet: 0.0 ms]
   [Eden: 1024.0K(1024.0K)->0.0B(2048.0K) Survivors: 2048.0K->1024.0K Heap: 41005.7K(65536.0K)->36279.7K(65536.0K)]
 [Times: user=0.12 sys=0.00, real=0.01 secs] 
2026-06-17T09:48:57.681+0800: 19.882: [GC pause (G1 Evacuation Pause) (mixed), 0.0083777 secs]
   [Parallel Time: 4.0 ms, GC Workers: 18]
      [GC Worker Start (ms): Min: 19882.0, Avg: 19883.0, Max: 19885.4, Diff: 3.5]
      [Ext Root Scanning (ms): Min: 0.0, Avg: 0.0, Max: 0.2, Diff: 0.2, Sum: 0.4]
      [Update RS (ms): Min: 0.0, Avg: 0.0, Max: 0.0, Diff: 0.0, Sum: 0.0]
         [Processed Buffers: Min: 0, Avg: 0.2, Max: 2, Diff: 2, Sum: 4]
      [Scan RS (ms): Min: 0.0, Avg: 0.0, Max: 0.0, Diff: 0.0, Sum: 0.0]
      [Code Root Scanning (ms): Min: 0.0, Avg: 0.0, Max: 0.0, Diff: 0.0, Sum: 0.0]
      [Object Copy (ms): Min: 0.0, Avg: 0.0, Max: 0.1, Diff: 0.1, Sum: 0.3]
      [Termination (ms): Min: 0.0, Avg: 2.5, Max: 3.4, Diff: 3.4, Sum: 44.7]
         [Termination Attempts: Min: 1, Avg: 1.0, Max: 1, Diff: 0, Sum: 18]
      [GC Worker Other (ms): Min: 0.0, Avg: 0.0, Max: 0.0, Diff: 0.0, Sum: 0.1]
      [GC Worker Total (ms): Min: 0.0, Avg: 2.5, Max: 3.7, Diff: 3.6, Sum: 45.5]
      [GC Worker End (ms): Min: 19885.4, Avg: 19885.6, Max: 19885.7, Diff: 0.3]
   [Code Root Fixup: 0.0 ms]
   [Code Root Purge: 0.0 ms]
   [Clear CT: 1.0 ms]
   [Other: 3.3 ms]
      [Choose CSet: 0.0 ms]
      [Ref Proc: 2.8 ms]
      [Ref Enq: 0.0 ms]
      [Redirty Cards: 0.5 ms]
      [Humongous Register: 0.0 ms]
      [Humongous Reclaim: 0.0 ms]
      [Free CSet: 0.0 ms]
   [Eden: 2048.0K(2048.0K)->0.0B(10240.0K) Survivors: 1024.0K->1024.0K Heap: 38327.7K(65536.0K)->38143.7K(65536.0K)]
 [Times: user=0.07 sys=0.00, real=0.01 secs] 
2026-06-17T09:48:57.722+0800: 19.923: [GC pause (G1 Evacuation Pause) (young), 0.0192707 secs]
   [Parallel Time: 10.9 ms, GC Workers: 18]
      [GC Worker Start (ms): Min: 19923.2, Avg: 19925.6, Max: 19931.2, Diff: 8.0]
      [Ext Root Scanning (ms): Min: 0.0, Avg: 0.1, Max: 0.6, Diff: 0.6, Sum: 1.4]
      [Update RS (ms): Min: 0.0, Avg: 0.0, Max: 0.0, Diff: 0.0, Sum: 0.1]
         [Processed Buffers: Min: 0, Avg: 0.2, Max: 2, Diff: 2, Sum: 4]
      [Scan RS (ms): Min: 0.0, Avg: 0.0, Max: 0.0, Diff: 0.0, Sum: 0.0]
      [Code Root Scanning (ms): Min: 0.0, Avg: 0.0, Max: 0.0, Diff: 0.0, Sum: 0.0]
      [Object Copy (ms): Min: 0.0, Avg: 0.1, Max: 0.3, Diff: 0.3, Sum: 1.1]
      [Termination (ms): Min: 0.0, Avg: 5.8, Max: 7.8, Diff: 7.8, Sum: 104.6]
         [Termination Attempts: Min: 1, Avg: 1.1, Max: 2, Diff: 1, Sum: 19]
      [GC Worker Other (ms): Min: 0.0, Avg: 0.0, Max: 0.1, Diff: 0.1, Sum: 0.3]
      [GC Worker Total (ms): Min: 0.0, Avg: 6.0, Max: 8.6, Diff: 8.6, Sum: 107.5]
      [GC Worker End (ms): Min: 19931.2, Avg: 19931.5, Max: 19932.0, Diff: 0.8]
   [Code Root Fixup: 0.0 ms]
   [Code Root Purge: 0.0 ms]
   [Clear CT: 2.0 ms]
   [Other: 6.3 ms]
      [Choose CSet: 0.0 ms]
      [Ref Proc: 5.4 ms]
      [Ref Enq: 0.0 ms]
      [Redirty Cards: 0.8 ms]
      [Humongous Register: 0.0 ms]
      [Humongous Reclaim: 0.0 ms]
      [Free CSet: 0.0 ms]
   [Eden: 10240.0K(10240.0K)->0.0B(7168.0K) Survivors: 1024.0K->2048.0K Heap: 48383.7K(65536.0K)->40906.7K(65536.0K)]
 [Times: user=0.14 sys=0.01, real=0.02 secs] 
2026-06-17T09:48:57.764+0800: 19.965: [GC pause (G1 Evacuation Pause) (young) (initial-mark), 0.0263296 secs]
   [Parallel Time: 19.5 ms, GC Workers: 18]
      [GC Worker Start (ms): Min: 19965.3, Avg: 19966.5, Max: 19967.5, Diff: 2.1]
      [Ext Root Scanning (ms): Min: 0.0, Avg: 7.4, Max: 15.0, Diff: 15.0, Sum: 134.1]
      [Update RS (ms): Min: 0.0, Avg: 0.0, Max: 0.0, Diff: 0.0, Sum: 0.1]
         [Processed Buffers: Min: 0, Avg: 0.2, Max: 3, Diff: 3, Sum: 3]
      [Scan RS (ms): Min: 0.0, Avg: 0.0, Max: 0.0, Diff: 0.0, Sum: 0.0]
      [Code Root Scanning (ms): Min: 0.0, Avg: 0.0, Max: 0.0, Diff: 0.0, Sum: 0.0]
      [Object Copy (ms): Min: 0.0, Avg: 0.0, Max: 0.4, Diff: 0.4, Sum: 0.8]
      [Termination (ms): Min: 0.0, Avg: 8.4, Max: 14.9, Diff: 14.9, Sum: 151.7]
         [Termination Attempts: Min: 1, Avg: 1.0, Max: 1, Diff: 0, Sum: 18]
      [GC Worker Other (ms): Min: 0.0, Avg: 0.0, Max: 0.0, Diff: 0.0, Sum: 0.2]
      [GC Worker Total (ms): Min: 14.7, Avg: 15.9, Max: 17.6, Diff: 2.9, Sum: 286.9]
      [GC Worker End (ms): Min: 19982.1, Avg: 19982.5, Max: 19983.1, Diff: 1.0]
   [Code Root Fixup: 0.0 ms]
   [Code Root Purge: 0.0 ms]
   [Clear CT: 1.1 ms]
   [Other: 5.8 ms]
      [Choose CSet: 0.0 ms]
      [Ref Proc: 4.9 ms]
      [Ref Enq: 0.0 ms]
      [Redirty Cards: 0.7 ms]
      [Humongous Register: 0.0 ms]
      [Humongous Reclaim: 0.0 ms]
      [Free CSet: 0.0 ms]
   [Eden: 7168.0K(7168.0K)->0.0B(5120.0K) Survivors: 2048.0K->2048.0K Heap: 48074.7K(65536.0K)->42846.7K(65536.0K)]
 [Times: user=0.20 sys=0.00, real=0.03 secs] 
2026-06-17T09:48:57.793+0800: 19.994: [GC concurrent-root-region-scan-start]
2026-06-17T09:48:57.793+0800: 19.995: [GC concurrent-root-region-scan-end, 0.0003849 secs]
2026-06-17T09:48:57.793+0800: 19.995: [GC concurrent-mark-start]
2026-06-17T09:48:57.794+0800: 19.995: [GC concurrent-mark-end, 0.0004900 secs]
2026-06-17T09:48:57.794+0800: 19.995: [GC remark 2026-06-17T09:48:57.795+0800: 19.996: [Finalize Marking, 0.0069799 secs] 2026-06-17T09:48:57.802+0800: 20.003: [GC ref-proc, 0.0007282 secs] 2026-06-17T09:48:57.803+0800: 20.004: [Unloading, 0.0018162 secs], 0.0119222 secs]
 [Times: user=0.06 sys=0.00, real=0.01 secs] 
2026-06-17T09:48:57.807+0800: 20.009: [GC cleanup 48067K->38851K(65536K), 0.0027590 secs]
 [Times: user=0.00 sys=0.00, real=0.01 secs] 
2026-06-17T09:48:57.811+0800: 20.012: [GC concurrent-cleanup-start]
2026-06-17T09:48:57.811+0800: 20.012: [GC concurrent-cleanup-end, 0.0000105 secs]
2026-06-17T09:48:57.811+0800: 20.013: [GC pause (G1 Evacuation Pause) (young), 0.0145645 secs]
   [Parallel Time: 9.5 ms, GC Workers: 18]
      [GC Worker Start (ms): Min: 20012.6, Avg: 20014.7, Max: 20021.3, Diff: 8.7]
      [Ext Root Scanning (ms): Min: 0.0, Avg: 0.0, Max: 0.1, Diff: 0.1, Sum: 0.3]
      [Update RS (ms): Min: 0.0, Avg: 0.0, Max: 0.0, Diff: 0.0, Sum: 0.0]
         [Processed Buffers: Min: 0, Avg: 0.2, Max: 2, Diff: 2, Sum: 4]
      [Scan RS (ms): Min: 0.0, Avg: 0.0, Max: 0.0, Diff: 0.0, Sum: 0.0]
      [Code Root Scanning (ms): Min: 0.0, Avg: 0.0, Max: 0.0, Diff: 0.0, Sum: 0.0]
      [Object Copy (ms): Min: 0.0, Avg: 0.1, Max: 0.2, Diff: 0.2, Sum: 0.9]
      [Termination (ms): Min: 0.0, Avg: 6.7, Max: 8.6, Diff: 8.6, Sum: 120.0]
         [Termination Attempts: Min: 1, Avg: 1.0, Max: 1, Diff: 0, Sum: 18]
      [GC Worker Other (ms): Min: 0.0, Avg: 0.0, Max: 0.0, Diff: 0.0, Sum: 0.1]
      [GC Worker Total (ms): Min: 0.0, Avg: 6.7, Max: 8.8, Diff: 8.8, Sum: 121.4]
      [GC Worker End (ms): Min: 20021.3, Avg: 20021.5, Max: 20021.7, Diff: 0.4]
   [Code Root Fixup: 0.0 ms]
   [Code Root Purge: 0.0 ms]
   [Clear CT: 1.0 ms]
   [Other: 4.0 ms]
      [Choose CSet: 0.0 ms]
      [Ref Proc: 3.3 ms]
      [Ref Enq: 0.0 ms]
      [Redirty Cards: 0.6 ms]
      [Humongous Register: 0.0 ms]
      [Humongous Reclaim: 0.0 ms]
      [Free CSet: 0.0 ms]
   [Eden: 5120.0K(5120.0K)->0.0B(2048.0K) Survivors: 2048.0K->1024.0K Heap: 39882.7K(65536.0K)->34351.6K(65536.0K)]
 [Times: user=0.15 sys=0.00, real=0.01 secs] 
2026-06-17T09:48:57.827+0800: 20.028: [GC pause (G1 Evacuation Pause) (mixed), 0.0067825 secs]
   [Parallel Time: 3.4 ms, GC Workers: 18]
      [GC Worker Start (ms): Min: 20028.4, Avg: 20029.5, Max: 20031.1, Diff: 2.6]
      [Ext Root Scanning (ms): Min: 0.0, Avg: 0.0, Max: 0.1, Diff: 0.1, Sum: 0.3]
      [Update RS (ms): Min: 0.0, Avg: 0.0, Max: 0.0, Diff: 0.0, Sum: 0.0]
         [Processed Buffers: Min: 0, Avg: 0.2, Max: 2, Diff: 2, Sum: 4]
      [Scan RS (ms): Min: 0.0, Avg: 0.0, Max: 0.0, Diff: 0.0, Sum: 0.0]
      [Code Root Scanning (ms): Min: 0.0, Avg: 0.0, Max: 0.0, Diff: 0.0, Sum: 0.0]
      [Object Copy (ms): Min: 0.0, Avg: 0.0, Max: 0.2, Diff: 0.2, Sum: 0.7]
      [Termination (ms): Min: 0.0, Avg: 1.6, Max: 2.5, Diff: 2.5, Sum: 28.6]
         [Termination Attempts: Min: 1, Avg: 1.0, Max: 1, Diff: 0, Sum: 18]
      [GC Worker Other (ms): Min: 0.0, Avg: 0.0, Max: 0.0, Diff: 0.0, Sum: 0.1]
      [GC Worker Total (ms): Min: 0.0, Avg: 1.7, Max: 2.8, Diff: 2.7, Sum: 29.7]
      [GC Worker End (ms): Min: 20031.1, Avg: 20031.2, Max: 20031.3, Diff: 0.3]
   [Code Root Fixup: 0.0 ms]
   [Code Root Purge: 0.0 ms]
   [Clear CT: 0.8 ms]
   [Other: 2.6 ms]
      [Choose CSet: 0.0 ms]
      [Ref Proc: 1.9 ms]
      [Ref Enq: 0.0 ms]
      [Redirty Cards: 0.7 ms]
      [Humongous Register: 0.0 ms]
      [Humongous Reclaim: 0.0 ms]
      [Free CSet: 0.0 ms]
   [Eden: 2048.0K(2048.0K)->0.0B(2048.0K) Survivors: 1024.0K->1024.0K Heap: 36399.6K(65536.0K)->31543.6K(65536.0K)]
 [Times: user=0.05 sys=0.00, real=0.01 secs] 
2026-06-17T09:48:57.845+0800: 20.047: [GC pause (G1 Evacuation Pause) (mixed), 0.0151837 secs]
   [Parallel Time: 10.5 ms, GC Workers: 18]
      [GC Worker Start (ms): Min: 20046.8, Avg: 20049.2, Max: 20055.8, Diff: 9.0]
      [Ext Root Scanning (ms): Min: 0.0, Avg: 0.0, Max: 0.2, Diff: 0.2, Sum: 0.4]
      [Update RS (ms): Min: 0.0, Avg: 0.0, Max: 0.0, Diff: 0.0, Sum: 0.0]
         [Processed Buffers: Min: 0, Avg: 0.3, Max: 3, Diff: 3, Sum: 6]
      [Scan RS (ms): Min: 0.0, Avg: 0.0, Max: 0.0, Diff: 0.0, Sum: 0.1]
      [Code Root Scanning (ms): Min: 0.0, Avg: 0.0, Max: 0.0, Diff: 0.0, Sum: 0.0]
      [Object Copy (ms): Min: 0.0, Avg: 0.0, Max: 0.2, Diff: 0.2, Sum: 0.5]
      [Termination (ms): Min: 0.0, Avg: 6.8, Max: 9.1, Diff: 9.1, Sum: 121.7]
         [Termination Attempts: Min: 1, Avg: 1.0, Max: 1, Diff: 0, Sum: 18]
      [GC Worker Other (ms): Min: 0.0, Avg: 0.0, Max: 0.0, Diff: 0.0, Sum: 0.2]
      [GC Worker Total (ms): Min: 0.0, Avg: 6.8, Max: 9.4, Diff: 9.4, Sum: 122.9]
      [GC Worker End (ms): Min: 20055.8, Avg: 20056.0, Max: 20056.4, Diff: 0.5]
   [Code Root Fixup: 0.0 ms]
   [Code Root Purge: 0.0 ms]
   [Clear CT: 1.1 ms]
   [Other: 3.6 ms]
      [Choose CSet: 0.0 ms]
      [Ref Proc: 2.9 ms]
      [Ref Enq: 0.0 ms]
      [Redirty Cards: 0.6 ms]
      [Humongous Register: 0.0 ms]
      [Humongous Reclaim: 0.0 ms]
      [Free CSet: 0.0 ms]
   [Eden: 2048.0K(2048.0K)->0.0B(13312.0K) Survivors: 1024.0K->1024.0K Heap: 33591.6K(65536.0K)->31875.6K(65536.0K)]
 [Times: user=0.14 sys=0.01, real=0.01 secs] 
2026-06-17T09:48:57.894+0800: 20.095: [GC pause (G1 Evacuation Pause) (young), 0.0170989 secs]
   [Parallel Time: 11.1 ms, GC Workers: 18]
      [GC Worker Start (ms): Min: 20095.4, Avg: 20098.0, Max: 20104.2, Diff: 8.9]
      [Ext Root Scanning (ms): Min: 0.0, Avg: 0.1, Max: 0.6, Diff: 0.6, Sum: 1.7]
      [Update RS (ms): Min: 0.0, Avg: 0.0, Max: 0.4, Diff: 0.4, Sum: 0.7]
         [Processed Buffers: Min: 0, Avg: 0.2, Max: 1, Diff: 1, Sum: 4]
      [Scan RS (ms): Min: 0.0, Avg: 0.0, Max: 0.0, Diff: 0.0, Sum: 0.1]
      [Code Root Scanning (ms): Min: 0.0, Avg: 0.0, Max: 0.0, Diff: 0.0, Sum: 0.0]
      [Object Copy (ms): Min: 0.0, Avg: 0.1, Max: 0.3, Diff: 0.3, Sum: 1.0]
      [Termination (ms): Min: 0.0, Avg: 6.4, Max: 8.6, Diff: 8.6, Sum: 114.3]
         [Termination Attempts: Min: 1, Avg: 1.0, Max: 1, Diff: 0, Sum: 18]
      [GC Worker Other (ms): Min: 0.0, Avg: 0.0, Max: 0.0, Diff: 0.0, Sum: 0.3]
      [GC Worker Total (ms): Min: 0.0, Avg: 6.6, Max: 9.3, Diff: 9.3, Sum: 118.0]
      [GC Worker End (ms): Min: 20104.3, Avg: 20104.6, Max: 20105.2, Diff: 0.9]
   [Code Root Fixup: 0.0 ms]
   [Code Root Purge: 0.0 ms]
   [Clear CT: 2.3 ms]
   [Other: 3.8 ms]
      [Choose CSet: 0.0 ms]
      [Ref Proc: 2.7 ms]
      [Ref Enq: 0.0 ms]
      [Redirty Cards: 1.0 ms]
      [Humongous Register: 0.0 ms]
      [Humongous Reclaim: 0.0 ms]
      [Free CSet: 0.0 ms]
   [Eden: 13312.0K(13312.0K)->0.0B(12288.0K) Survivors: 1024.0K->2048.0K Heap: 45187.6K(65536.0K)->34939.6K(65536.0K)]
 [Times: user=0.14 sys=0.00, real=0.02 secs] 
2026-06-17T09:48:57.946+0800: 20.147: [GC pause (G1 Evacuation Pause) (young) (initial-mark), 0.0358177 secs]
   [Parallel Time: 30.4 ms, GC Workers: 18]
      [GC Worker Start (ms): Min: 20147.5, Avg: 20148.7, Max: 20149.6, Diff: 2.1]
      [Ext Root Scanning (ms): Min: 0.0, Avg: 13.3, Max: 27.5, Diff: 27.5, Sum: 238.9]
      [Update RS (ms): Min: 0.0, Avg: 0.0, Max: 0.0, Diff: 0.0, Sum: 0.0]
         [Processed Buffers: Min: 0, Avg: 0.2, Max: 3, Diff: 3, Sum: 3]
      [Scan RS (ms): Min: 0.0, Avg: 0.0, Max: 0.0, Diff: 0.0, Sum: 0.0]
      [Code Root Scanning (ms): Min: 0.0, Avg: 0.0, Max: 0.0, Diff: 0.0, Sum: 0.0]
      [Object Copy (ms): Min: 0.0, Avg: 0.0, Max: 0.3, Diff: 0.3, Sum: 0.7]
      [Termination (ms): Min: 0.0, Avg: 15.1, Max: 27.2, Diff: 27.2, Sum: 272.5]
         [Termination Attempts: Min: 1, Avg: 1.0, Max: 1, Diff: 0, Sum: 18]
      [GC Worker Other (ms): Min: 0.0, Avg: 0.0, Max: 0.0, Diff: 0.0, Sum: 0.1]
      [GC Worker Total (ms): Min: 27.5, Avg: 28.5, Max: 29.8, Diff: 2.3, Sum: 512.3]
      [GC Worker End (ms): Min: 20177.0, Avg: 20177.2, Max: 20177.4, Diff: 0.4]
   [Code Root Fixup: 0.0 ms]
   [Code Root Purge: 0.0 ms]
   [Clear CT: 1.9 ms]
   [Other: 3.5 ms]
      [Choose CSet: 0.0 ms]
      [Ref Proc: 2.7 ms]
      [Ref Enq: 0.0 ms]
      [Redirty Cards: 0.7 ms]
      [Humongous Register: 0.0 ms]
      [Humongous Reclaim: 0.0 ms]
      [Free CSet: 0.0 ms]
   [Eden: 12288.0K(12288.0K)->0.0B(11264.0K) Survivors: 2048.0K->2048.0K Heap: 47227.6K(65536.0K)->36728.6K(65536.0K)]
 [Times: user=0.30 sys=0.00, real=0.04 secs] 
2026-06-17T09:48:57.983+0800: 20.184: [GC concurrent-root-region-scan-start]
2026-06-17T09:48:57.983+0800: 20.184: [GC concurrent-root-region-scan-end, 0.0002856 secs]
2026-06-17T09:48:57.983+0800: 20.184: [GC concurrent-mark-start]
2026-06-17T09:48:57.983+0800: 20.185: [GC concurrent-mark-end, 0.0004095 secs]
2026-06-17T09:48:57.983+0800: 20.185: [GC remark 2026-06-17T09:48:57.984+0800: 20.185: [Finalize Marking, 0.0155011 secs] 2026-06-17T09:48:57.999+0800: 20.201: [GC ref-proc, 0.0003785 secs] 2026-06-17T09:48:58.000+0800: 20.201: [Unloading, 0.0018052 secs], 0.0196545 secs]
 [Times: user=0.17 sys=0.01, real=0.02 secs] 
2026-06-17T09:48:58.005+0800: 20.206: [GC cleanup 40819K->38771K(65536K), 0.0026659 secs]
 [Times: user=0.00 sys=0.00, real=0.00 secs] 
2026-06-17T09:48:58.008+0800: 20.210: [GC concurrent-cleanup-start]
2026-06-17T09:48:58.008+0800: 20.210: [GC concurrent-cleanup-end, 0.0000075 secs]
2026-06-17T09:48:58.019+0800: 20.220: [GC pause (G1 Evacuation Pause) (young), 0.0177980 secs]
   [Parallel Time: 11.2 ms, GC Workers: 18]
      [GC Worker Start (ms): Min: 20220.3, Avg: 20224.2, Max: 20230.8, Diff: 10.5]
      [Ext Root Scanning (ms): Min: 0.0, Avg: 0.0, Max: 0.1, Diff: 0.1, Sum: 0.3]
      [Update RS (ms): Min: 0.0, Avg: 0.0, Max: 0.0, Diff: 0.0, Sum: 0.0]
         [Processed Buffers: Min: 0, Avg: 0.3, Max: 2, Diff: 2, Sum: 5]
      [Scan RS (ms): Min: 0.0, Avg: 0.0, Max: 0.0, Diff: 0.0, Sum: 0.0]
      [Code Root Scanning (ms): Min: 0.0, Avg: 0.0, Max: 0.0, Diff: 0.0, Sum: 0.0]
      [Object Copy (ms): Min: 0.0, Avg: 0.0, Max: 0.2, Diff: 0.2, Sum: 0.8]
      [Termination (ms): Min: 0.0, Avg: 6.6, Max: 10.5, Diff: 10.5, Sum: 119.3]
         [Termination Attempts: Min: 1, Avg: 1.0, Max: 1, Diff: 0, Sum: 18]
      [GC Worker Other (ms): Min: 0.0, Avg: 0.0, Max: 0.0, Diff: 0.0, Sum: 0.1]
      [GC Worker Total (ms): Min: 0.0, Avg: 6.7, Max: 10.6, Diff: 10.6, Sum: 120.7]
      [GC Worker End (ms): Min: 20230.8, Avg: 20230.9, Max: 20231.3, Diff: 0.5]
   [Code Root Fixup: 0.0 ms]
   [Code Root Purge: 0.0 ms]
   [Clear CT: 1.7 ms]
   [Other: 4.9 ms]
      [Choose CSet: 0.0 ms]
      [Ref Proc: 4.3 ms]
      [Ref Enq: 0.0 ms]
      [Redirty Cards: 0.5 ms]
      [Humongous Register: 0.0 ms]
      [Humongous Reclaim: 0.0 ms]
      [Free CSet: 0.0 ms]
   [Eden: 11264.0K(11264.0K)->0.0B(1024.0K) Survivors: 2048.0K->2048.0K Heap: 45944.6K(65536.0K)->38597.6K(65536.0K)]
 [Times: user=0.15 sys=0.01, real=0.02 secs] 
2026-06-17T09:48:58.038+0800: 20.239: [GC pause (G1 Evacuation Pause) (mixed), 0.0165571 secs]
   [Parallel Time: 9.6 ms, GC Workers: 18]
      [GC Worker Start (ms): Min: 20239.5, Avg: 20242.2, Max: 20248.1, Diff: 8.7]
      [Ext Root Scanning (ms): Min: 0.0, Avg: 0.0, Max: 0.1, Diff: 0.1, Sum: 0.3]
      [Update RS (ms): Min: 0.0, Avg: 0.0, Max: 0.0, Diff: 0.0, Sum: 0.0]
         [Processed Buffers: Min: 0, Avg: 0.3, Max: 2, Diff: 2, Sum: 5]
      [Scan RS (ms): Min: 0.0, Avg: 0.0, Max: 0.0, Diff: 0.0, Sum: 0.0]
      [Code Root Scanning (ms): Min: 0.0, Avg: 0.0, Max: 0.0, Diff: 0.0, Sum: 0.0]
      [Object Copy (ms): Min: 0.0, Avg: 0.1, Max: 0.3, Diff: 0.3, Sum: 1.0]
      [Termination (ms): Min: 0.0, Avg: 6.0, Max: 8.4, Diff: 8.4, Sum: 108.1]
         [Termination Attempts: Min: 1, Avg: 1.0, Max: 1, Diff: 0, Sum: 18]
      [GC Worker Other (ms): Min: 0.0, Avg: 0.0, Max: 0.0, Diff: 0.0, Sum: 0.1]
      [GC Worker Total (ms): Min: 0.0, Avg: 6.1, Max: 8.8, Diff: 8.8, Sum: 109.6]
      [GC Worker End (ms): Min: 20248.2, Avg: 20248.3, Max: 20248.4, Diff: 0.2]
   [Code Root Fixup: 0.0 ms]
   [Code Root Purge: 0.0 ms]
   [Clear CT: 0.8 ms]
   [Other: 6.2 ms]
      [Choose CSet: 0.0 ms]
      [Ref Proc: 5.6 ms]
      [Ref Enq: 0.0 ms]
      [Redirty Cards: 0.5 ms]
      [Humongous Register: 0.0 ms]
      [Humongous Reclaim: 0.0 ms]
      [Free CSet: 0.0 ms]
   [Eden: 1024.0K(1024.0K)->0.0B(2048.0K) Survivors: 2048.0K->1024.0K Heap: 39621.6K(65536.0K)->37472.7K(65536.0K)]
 [Times: user=0.17 sys=0.00, real=0.02 secs] 
2026-06-17T09:48:58.066+0800: 20.267: [GC pause (G1 Evacuation Pause) (mixed), 0.0148894 secs]
   [Parallel Time: 9.4 ms, GC Workers: 18]
      [GC Worker Start (ms): Min: 20267.5, Avg: 20270.1, Max: 20276.0, Diff: 8.5]
      [Ext Root Scanning (ms): Min: 0.0, Avg: 0.0, Max: 0.2, Diff: 0.2, Sum: 0.4]
      [Update RS (ms): Min: 0.0, Avg: 0.0, Max: 0.0, Diff: 0.0, Sum: 0.0]
         [Processed Buffers: Min: 0, Avg: 0.3, Max: 2, Diff: 2, Sum: 5]
      [Scan RS (ms): Min: 0.0, Avg: 0.0, Max: 0.0, Diff: 0.0, Sum: 0.0]
      [Code Root Scanning (ms): Min: 0.0, Avg: 0.0, Max: 0.0, Diff: 0.0, Sum: 0.0]
      [Object Copy (ms): Min: 0.0, Avg: 0.0, Max: 0.2, Diff: 0.2, Sum: 0.5]
      [Termination (ms): Min: 0.0, Avg: 6.1, Max: 8.5, Diff: 8.5, Sum: 109.0]
         [Termination Attempts: Min: 1, Avg: 1.0, Max: 1, Diff: 0, Sum: 18]
      [GC Worker Other (ms): Min: 0.0, Avg: 0.0, Max: 0.0, Diff: 0.0, Sum: 0.1]
      [GC Worker Total (ms): Min: 0.0, Avg: 6.1, Max: 8.8, Diff: 8.8, Sum: 110.1]
      [GC Worker End (ms): Min: 20276.0, Avg: 20276.2, Max: 20276.7, Diff: 0.6]
   [Code Root Fixup: 0.0 ms]
   [Code Root Purge: 0.0 ms]
   [Clear CT: 0.6 ms]
   [Other: 4.9 ms]
      [Choose CSet: 0.0 ms]
      [Ref Proc: 4.4 ms]
      [Ref Enq: 0.0 ms]
      [Redirty Cards: 0.5 ms]
      [Humongous Register: 0.0 ms]
      [Humongous Reclaim: 0.0 ms]
      [Free CSet: 0.0 ms]
   [Eden: 2048.0K(2048.0K)->0.0B(10240.0K) Survivors: 1024.0K->1024.0K Heap: 39520.7K(65536.0K)->38893.6K(65536.0K)]
 [Times: user=0.15 sys=0.00, real=0.01 secs] 
2026-06-17T09:48:58.103+0800: 20.304: [GC pause (G1 Evacuation Pause) (young), 0.0155335 secs]
   [Parallel Time: 8.8 ms, GC Workers: 18]
      [GC Worker Start (ms): Min: 20304.5, Avg: 20306.6, Max: 20312.9, Diff: 8.4]
      [Ext Root Scanning (ms): Min: 0.0, Avg: 0.0, Max: 0.3, Diff: 0.3, Sum: 0.8]
      [Update RS (ms): Min: 0.0, Avg: 0.0, Max: 0.0, Diff: 0.0, Sum: 0.1]
         [Processed Buffers: Min: 0, Avg: 0.2, Max: 2, Diff: 2, Sum: 4]
      [Scan RS (ms): Min: 0.0, Avg: 0.0, Max: 0.0, Diff: 0.0, Sum: 0.0]
      [Code Root Scanning (ms): Min: 0.0, Avg: 0.0, Max: 0.0, Diff: 0.0, Sum: 0.0]
      [Object Copy (ms): Min: 0.0, Avg: 0.0, Max: 0.1, Diff: 0.1, Sum: 0.2]
      [Termination (ms): Min: 0.0, Avg: 6.3, Max: 8.1, Diff: 8.1, Sum: 114.1]
         [Termination Attempts: Min: 1, Avg: 1.1, Max: 2, Diff: 1, Sum: 19]
      [GC Worker Other (ms): Min: 0.0, Avg: 0.0, Max: 0.0, Diff: 0.0, Sum: 0.1]
      [GC Worker Total (ms): Min: 0.0, Avg: 6.4, Max: 8.5, Diff: 8.5, Sum: 115.3]
      [GC Worker End (ms): Min: 20313.0, Avg: 20313.0, Max: 20313.1, Diff: 0.1]
   [Code Root Fixup: 0.0 ms]
   [Code Root Purge: 0.0 ms]
   [Clear CT: 1.0 ms]
   [Other: 5.7 ms]
      [Choose CSet: 0.0 ms]
      [Ref Proc: 4.9 ms]
      [Ref Enq: 0.0 ms]
      [Redirty Cards: 0.7 ms]
      [Humongous Register: 0.0 ms]
      [Humongous Reclaim: 0.0 ms]
      [Free CSet: 0.0 ms]
   [Eden: 10240.0K(10240.0K)->0.0B(9216.0K) Survivors: 1024.0K->2048.0K Heap: 49133.6K(65536.0K)->39430.6K(65536.0K)]
 [Times: user=0.16 sys=0.00, real=0.01 secs] 
2026-06-17T09:48:58.152+0800: 20.353: [GC pause (G1 Evacuation Pause) (young) (initial-mark), 0.0207589 secs]
   [Parallel Time: 12.5 ms, GC Workers: 18]
      [GC Worker Start (ms): Min: 20353.7, Avg: 20355.3, Max: 20356.8, Diff: 3.0]
      [Ext Root Scanning (ms): Min: 0.0, Avg: 3.4, Max: 7.4, Diff: 7.3, Sum: 61.5]
      [Update RS (ms): Min: 0.0, Avg: 0.0, Max: 0.0, Diff: 0.0, Sum: 0.1]
         [Processed Buffers: Min: 0, Avg: 0.2, Max: 4, Diff: 4, Sum: 4]
      [Scan RS (ms): Min: 0.0, Avg: 0.0, Max: 0.0, Diff: 0.0, Sum: 0.0]
      [Code Root Scanning (ms): Min: 0.0, Avg: 0.0, Max: 0.0, Diff: 0.0, Sum: 0.0]
      [Object Copy (ms): Min: 0.0, Avg: 0.0, Max: 0.4, Diff: 0.3, Sum: 0.7]
      [Termination (ms): Min: 0.0, Avg: 5.4, Max: 7.1, Diff: 7.1, Sum: 97.3]
         [Termination Attempts: Min: 1, Avg: 1.1, Max: 2, Diff: 1, Sum: 20]
      [GC Worker Other (ms): Min: 0.0, Avg: 0.0, Max: 0.0, Diff: 0.0, Sum: 0.2]
      [GC Worker Total (ms): Min: 7.3, Avg: 8.9, Max: 10.4, Diff: 3.1, Sum: 160.0]
      [GC Worker End (ms): Min: 20364.0, Avg: 20364.2, Max: 20364.6, Diff: 0.6]
   [Code Root Fixup: 0.0 ms]
   [Code Root Purge: 0.0 ms]
   [Clear CT: 3.2 ms]
   [Other: 5.1 ms]
      [Choose CSet: 0.0 ms]
      [Ref Proc: 4.2 ms]
      [Ref Enq: 0.0 ms]
      [Redirty Cards: 0.8 ms]
      [Humongous Register: 0.0 ms]
      [Humongous Reclaim: 0.0 ms]
      [Free CSet: 0.0 ms]
   [Eden: 9216.0K(9216.0K)->0.0B(9216.0K) Survivors: 2048.0K->2048.0K Heap: 48646.6K(65536.0K)->40997.0K(65536.0K)]
 [Times: user=0.13 sys=0.01, real=0.02 secs] 
2026-06-17T09:48:58.174+0800: 20.375: [GC concurrent-root-region-scan-start]
2026-06-17T09:48:58.175+0800: 20.376: [GC concurrent-root-region-scan-end, 0.0003472 secs]
2026-06-17T09:48:58.175+0800: 20.376: [GC concurrent-mark-start]
2026-06-17T09:48:58.175+0800: 20.376: [GC concurrent-mark-end, 0.0005023 secs]
2026-06-17T09:48:58.175+0800: 20.376: [GC remark 2026-06-17T09:48:58.176+0800: 20.377: [Finalize Marking, 0.0091216 secs] 2026-06-17T09:48:58.185+0800: 20.387: [GC ref-proc, 0.0006262 secs] 2026-06-17T09:48:58.186+0800: 20.388: [Unloading, 0.0014183 secs], 0.0134312 secs]
 [Times: user=0.10 sys=0.00, real=0.01 secs] 
2026-06-17T09:48:58.189+0800: 20.391: [GC cleanup 46078K->38910K(65536K), 0.0024806 secs]
 [Times: user=0.00 sys=0.00, real=0.01 secs] 
2026-06-17T09:48:58.193+0800: 20.394: [GC concurrent-cleanup-start]
2026-06-17T09:48:58.193+0800: 20.394: [GC concurrent-cleanup-end, 0.0000077 secs]
2026-06-17T09:48:58.204+0800: 20.405: [GC pause (G1 Evacuation Pause) (young), 0.0149285 secs]
   [Parallel Time: 8.3 ms, GC Workers: 18]
      [GC Worker Start (ms): Min: 20404.9, Avg: 20406.5, Max: 20411.5, Diff: 6.6]
      [Ext Root Scanning (ms): Min: 0.0, Avg: 0.0, Max: 0.2, Diff: 0.2, Sum: 0.5]
      [Update RS (ms): Min: 0.0, Avg: 0.0, Max: 0.0, Diff: 0.0, Sum: 0.0]
         [Processed Buffers: Min: 0, Avg: 0.2, Max: 2, Diff: 2, Sum: 4]
      [Scan RS (ms): Min: 0.0, Avg: 0.0, Max: 0.0, Diff: 0.0, Sum: 0.0]
      [Code Root Scanning (ms): Min: 0.0, Avg: 0.0, Max: 0.0, Diff: 0.0, Sum: 0.0]
      [Object Copy (ms): Min: 0.0, Avg: 0.0, Max: 0.2, Diff: 0.2, Sum: 0.6]
      [Termination (ms): Min: 0.0, Avg: 5.1, Max: 6.5, Diff: 6.5, Sum: 91.4]
         [Termination Attempts: Min: 1, Avg: 1.0, Max: 1, Diff: 0, Sum: 18]
      [GC Worker Other (ms): Min: 0.0, Avg: 0.0, Max: 0.0, Diff: 0.0, Sum: 0.2]
      [GC Worker Total (ms): Min: 0.0, Avg: 5.1, Max: 6.8, Diff: 6.8, Sum: 92.7]
      [GC Worker End (ms): Min: 20411.5, Avg: 20411.7, Max: 20412.1, Diff: 0.6]
   [Code Root Fixup: 0.0 ms]
   [Code Root Purge: 0.0 ms]
   [Clear CT: 1.1 ms]
   [Other: 5.6 ms]
      [Choose CSet: 0.0 ms]
      [Ref Proc: 5.0 ms]
      [Ref Enq: 0.0 ms]
      [Redirty Cards: 0.5 ms]
      [Humongous Register: 0.0 ms]
      [Humongous Reclaim: 0.0 ms]
      [Free CSet: 0.0 ms]
   [Eden: 9216.0K(9216.0K)->0.0B(1024.0K) Survivors: 2048.0K->2048.0K Heap: 44551.0K(65536.0K)->37884.6K(65536.0K)]
 [Times: user=0.13 sys=0.00, real=0.01 secs] 
2026-06-17T09:48:58.219+0800: 20.421: [GC pause (G1 Evacuation Pause) (mixed), 0.0089324 secs]
   [Parallel Time: 4.6 ms, GC Workers: 18]
      [GC Worker Start (ms): Min: 20420.7, Avg: 20421.7, Max: 20423.7, Diff: 3.0]
      [Ext Root Scanning (ms): Min: 0.0, Avg: 0.0, Max: 0.1, Diff: 0.1, Sum: 0.3]
      [Update RS (ms): Min: 0.0, Avg: 0.0, Max: 0.0, Diff: 0.0, Sum: 0.0]
         [Processed Buffers: Min: 0, Avg: 0.2, Max: 2, Diff: 2, Sum: 4]
      [Scan RS (ms): Min: 0.0, Avg: 0.0, Max: 0.0, Diff: 0.0, Sum: 0.0]
      [Code Root Scanning (ms): Min: 0.0, Avg: 0.0, Max: 0.0, Diff: 0.0, Sum: 0.0]
      [Object Copy (ms): Min: 0.0, Avg: 0.0, Max: 0.2, Diff: 0.2, Sum: 0.7]
      [Termination (ms): Min: 0.0, Avg: 2.3, Max: 3.5, Diff: 3.5, Sum: 41.3]
         [Termination Attempts: Min: 1, Avg: 1.0, Max: 1, Diff: 0, Sum: 18]
      [GC Worker Other (ms): Min: 0.0, Avg: 0.0, Max: 0.1, Diff: 0.1, Sum: 0.2]
      [GC Worker Total (ms): Min: 0.1, Avg: 2.4, Max: 3.6, Diff: 3.5, Sum: 42.5]
      [GC Worker End (ms): Min: 20423.8, Avg: 20424.0, Max: 20424.5, Diff: 0.7]
   [Code Root Fixup: 0.0 ms]
   [Code Root Purge: 0.0 ms]
   [Clear CT: 0.7 ms]
   [Other: 3.6 ms]
      [Choose CSet: 0.0 ms]
      [Ref Proc: 3.1 ms]
      [Ref Enq: 0.0 ms]
      [Redirty Cards: 0.5 ms]
      [Humongous Register: 0.0 ms]
      [Humongous Reclaim: 0.0 ms]
      [Free CSet: 0.0 ms]
   [Eden: 1024.0K(1024.0K)->0.0B(2048.0K) Survivors: 2048.0K->1024.0K Heap: 38908.6K(65536.0K)->34577.0K(65536.0K)]
 [Times: user=0.06 sys=0.00, real=0.01 secs] 
2026-06-17T09:48:58.240+0800: 20.441: [GC pause (G1 Evacuation Pause) (mixed), 0.0159274 secs]
   [Parallel Time: 9.7 ms, GC Workers: 18]
      [GC Worker Start (ms): Min: 20440.8, Avg: 20442.8, Max: 20449.3, Diff: 8.5]
      [Ext Root Scanning (ms): Min: 0.0, Avg: 0.0, Max: 0.2, Diff: 0.2, Sum: 0.5]
      [Update RS (ms): Min: 0.0, Avg: 0.0, Max: 0.0, Diff: 0.0, Sum: 0.0]
         [Processed Buffers: Min: 0, Avg: 0.3, Max: 3, Diff: 3, Sum: 5]
      [Scan RS (ms): Min: 0.0, Avg: 0.0, Max: 0.0, Diff: 0.0, Sum: 0.0]
      [Code Root Scanning (ms): Min: 0.0, Avg: 0.0, Max: 0.0, Diff: 0.0, Sum: 0.0]
      [Object Copy (ms): Min: 0.0, Avg: 0.1, Max: 0.3, Diff: 0.3, Sum: 1.1]
      [Termination (ms): Min: 0.0, Avg: 6.7, Max: 8.8, Diff: 8.8, Sum: 120.9]
         [Termination Attempts: Min: 1, Avg: 1.0, Max: 1, Diff: 0, Sum: 18]
      [GC Worker Other (ms): Min: 0.0, Avg: 0.0, Max: 0.0, Diff: 0.0, Sum: 0.2]
      [GC Worker Total (ms): Min: 0.0, Avg: 6.8, Max: 9.2, Diff: 9.2, Sum: 122.8]
      [GC Worker End (ms): Min: 20449.3, Avg: 20449.6, Max: 20450.3, Diff: 1.0]
   [Code Root Fixup: 0.0 ms]
   [Code Root Purge: 0.0 ms]
   [Clear CT: 1.0 ms]
   [Other: 5.2 ms]
      [Choose CSet: 0.0 ms]
      [Ref Proc: 4.6 ms]
      [Ref Enq: 0.0 ms]
      [Redirty Cards: 0.5 ms]
      [Humongous Register: 0.0 ms]
      [Humongous Reclaim: 0.0 ms]
      [Free CSet: 0.0 ms]
   [Eden: 2048.0K(2048.0K)->0.0B(2048.0K) Survivors: 1024.0K->1024.0K Heap: 36625.0K(65536.0K)->34123.6K(65536.0K)]
 [Times: user=0.16 sys=0.00, real=0.02 secs] 
2026-06-17T09:48:58.257+0800: 20.458: [GC pause (G1 Evacuation Pause) (mixed), 0.0129468 secs]
   [Parallel Time: 3.1 ms, GC Workers: 18]
      [GC Worker Start (ms): Min: 20458.0, Avg: 20458.9, Max: 20460.0, Diff: 2.0]
      [Ext Root Scanning (ms): Min: 0.0, Avg: 0.0, Max: 0.1, Diff: 0.1, Sum: 0.3]
      [Update RS (ms): Min: 0.0, Avg: 0.0, Max: 0.0, Diff: 0.0, Sum: 0.0]
         [Processed Buffers: Min: 0, Avg: 0.3, Max: 2, Diff: 2, Sum: 5]
      [Scan RS (ms): Min: 0.0, Avg: 0.0, Max: 0.0, Diff: 0.0, Sum: 0.1]
      [Code Root Scanning (ms): Min: 0.0, Avg: 0.0, Max: 0.0, Diff: 0.0, Sum: 0.0]
      [Object Copy (ms): Min: 0.0, Avg: 0.0, Max: 0.1, Diff: 0.1, Sum: 0.4]
      [Termination (ms): Min: 0.0, Avg: 1.2, Max: 2.0, Diff: 2.0, Sum: 21.7]
         [Termination Attempts: Min: 1, Avg: 1.0, Max: 1, Diff: 0, Sum: 18]
      [GC Worker Other (ms): Min: 0.0, Avg: 0.0, Max: 0.0, Diff: 0.0, Sum: 0.1]
      [GC Worker Total (ms): Min: 0.0, Avg: 1.3, Max: 2.3, Diff: 2.3, Sum: 22.7]
      [GC Worker End (ms): Min: 20460.0, Avg: 20460.1, Max: 20460.2, Diff: 0.2]
   [Code Root Fixup: 0.0 ms]
   [Code Root Purge: 0.0 ms]
   [Clear CT: 0.7 ms]
   [Other: 9.1 ms]
      [Choose CSet: 0.0 ms]
      [Ref Proc: 8.5 ms]
      [Ref Enq: 0.0 ms]
      [Redirty Cards: 0.5 ms]
      [Humongous Register: 0.0 ms]
      [Humongous Reclaim: 0.0 ms]
      [Free CSet: 0.0 ms]
   [Eden: 2048.0K(2048.0K)->0.0B(13312.0K) Survivors: 1024.0K->1024.0K Heap: 36171.6K(65536.0K)->34421.6K(65536.0K)]
 [Times: user=0.12 sys=0.00, real=0.01 secs] 
2026-06-17T09:48:58.303+0800: 20.504: [GC pause (G1 Evacuation Pause) (young), 0.0179896 secs]
   [Parallel Time: 10.2 ms, GC Workers: 18]
      [GC Worker Start (ms): Min: 20504.0, Avg: 20505.9, Max: 20511.1, Diff: 7.0]
      [Ext Root Scanning (ms): Min: 0.0, Avg: 0.1, Max: 0.5, Diff: 0.5, Sum: 1.2]
      [Update RS (ms): Min: 0.0, Avg: 0.0, Max: 0.2, Diff: 0.2, Sum: 0.4]
         [Processed Buffers: Min: 0, Avg: 0.2, Max: 1, Diff: 1, Sum: 4]
      [Scan RS (ms): Min: 0.0, Avg: 0.0, Max: 0.0, Diff: 0.0, Sum: 0.0]
      [Code Root Scanning (ms): Min: 0.0, Avg: 0.0, Max: 0.0, Diff: 0.0, Sum: 0.0]
      [Object Copy (ms): Min: 0.0, Avg: 0.0, Max: 0.2, Diff: 0.2, Sum: 0.8]
      [Termination (ms): Min: 0.0, Avg: 5.3, Max: 7.0, Diff: 7.0, Sum: 94.7]
         [Termination Attempts: Min: 1, Avg: 1.2, Max: 2, Diff: 1, Sum: 22]
      [GC Worker Other (ms): Min: 0.0, Avg: 0.0, Max: 0.0, Diff: 0.0, Sum: 0.2]
      [GC Worker Total (ms): Min: 0.0, Avg: 5.4, Max: 7.5, Diff: 7.5, Sum: 97.4]
      [GC Worker End (ms): Min: 20511.1, Avg: 20511.3, Max: 20511.9, Diff: 0.9]
   [Code Root Fixup: 0.0 ms]
   [Code Root Purge: 0.0 ms]
   [Clear CT: 1.9 ms]
   [Other: 5.9 ms]
      [Choose CSet: 0.0 ms]
      [Ref Proc: 4.9 ms]
      [Ref Enq: 0.0 ms]
      [Redirty Cards: 1.0 ms]
      [Humongous Register: 0.0 ms]
      [Humongous Reclaim: 0.0 ms]
      [Free CSet: 0.0 ms]
   [Eden: 13312.0K(13312.0K)->0.0B(11264.0K) Survivors: 1024.0K->2048.0K Heap: 47733.6K(65536.0K)->37209.6K(65536.0K)]
 [Times: user=0.13 sys=0.00, real=0.01 secs] 
2026-06-17T09:48:58.354+0800: 20.555: [GC pause (G1 Evacuation Pause) (young) (initial-mark), 0.0139591 secs]
   [Parallel Time: 6.5 ms, GC Workers: 18]
      [GC Worker Start (ms): Min: 20555.4, Avg: 20556.2, Max: 20556.8, Diff: 1.4]
      [Ext Root Scanning (ms): Min: 0.0, Avg: 1.9, Max: 3.4, Diff: 3.4, Sum: 33.7]
      [Update RS (ms): Min: 0.0, Avg: 0.0, Max: 0.0, Diff: 0.0, Sum: 0.0]
         [Processed Buffers: Min: 0, Avg: 0.1, Max: 2, Diff: 2, Sum: 2]
      [Scan RS (ms): Min: 0.0, Avg: 0.0, Max: 0.0, Diff: 0.0, Sum: 0.0]
      [Code Root Scanning (ms): Min: 0.0, Avg: 0.0, Max: 0.0, Diff: 0.0, Sum: 0.0]
      [Object Copy (ms): Min: 0.0, Avg: 0.1, Max: 0.4, Diff: 0.4, Sum: 1.2]
      [Termination (ms): Min: 0.0, Avg: 2.2, Max: 3.4, Diff: 3.4, Sum: 39.4]
         [Termination Attempts: Min: 1, Avg: 1.0, Max: 1, Diff: 0, Sum: 18]
      [GC Worker Other (ms): Min: 0.0, Avg: 0.0, Max: 0.0, Diff: 0.0, Sum: 0.2]
      [GC Worker Total (ms): Min: 3.4, Avg: 4.1, Max: 5.2, Diff: 1.8, Sum: 74.6]
      [GC Worker End (ms): Min: 20560.2, Avg: 20560.3, Max: 20560.7, Diff: 0.5]
   [Code Root Fixup: 0.0 ms]
   [Code Root Purge: 0.0 ms]
   [Clear CT: 1.6 ms]
   [Other: 5.9 ms]
      [Choose CSet: 0.0 ms]
      [Ref Proc: 4.8 ms]
      [Ref Enq: 0.0 ms]
      [Redirty Cards: 1.0 ms]
      [Humongous Register: 0.0 ms]
      [Humongous Reclaim: 0.0 ms]
      [Free CSet: 0.0 ms]
   [Eden: 11264.0K(11264.0K)->0.0B(8192.0K) Survivors: 2048.0K->2048.0K Heap: 48473.6K(65536.0K)->42035.6K(65536.0K)]
 [Times: user=0.09 sys=0.01, real=0.01 secs] 
2026-06-17T09:48:58.369+0800: 20.571: [GC concurrent-root-region-scan-start]
2026-06-17T09:48:58.369+0800: 20.571: [GC concurrent-root-region-scan-end, 0.0002346 secs]
2026-06-17T09:48:58.369+0800: 20.571: [GC concurrent-mark-start]
2026-06-17T09:48:58.370+0800: 20.571: [GC concurrent-mark-end, 0.0002482 secs]
2026-06-17T09:48:58.370+0800: 20.571: [GC remark 2026-06-17T09:48:58.370+0800: 20.572: [Finalize Marking, 0.0032575 secs] 2026-06-17T09:48:58.374+0800: 20.576: [GC ref-proc, 0.0005944 secs] 2026-06-17T09:48:58.375+0800: 20.577: [Unloading, 0.0015959 secs], 0.0082300 secs]
 [Times: user=0.02 sys=0.00, real=0.01 secs] 
2026-06-17T09:48:58.379+0800: 20.580: [GC cleanup 45311K->44287K(65536K), 0.0028199 secs]
 [Times: user=0.00 sys=0.00, real=0.00 secs] 
2026-06-17T09:48:58.383+0800: 20.584: [GC concurrent-cleanup-start]
2026-06-17T09:48:58.383+0800: 20.584: [GC concurrent-cleanup-end, 0.0000067 secs]
2026-06-17T09:48:58.393+0800: 20.595: [GC pause (G1 Evacuation Pause) (young), 0.0162713 secs]
   [Parallel Time: 9.6 ms, GC Workers: 18]
      [GC Worker Start (ms): Min: 20594.8, Avg: 20596.3, Max: 20603.2, Diff: 8.5]
      [Ext Root Scanning (ms): Min: 0.0, Avg: 0.0, Max: 0.2, Diff: 0.2, Sum: 0.5]
      [Update RS (ms): Min: 0.0, Avg: 0.0, Max: 0.0, Diff: 0.0, Sum: 0.0]
         [Processed Buffers: Min: 0, Avg: 0.1, Max: 1, Diff: 1, Sum: 2]
      [Scan RS (ms): Min: 0.0, Avg: 0.0, Max: 0.0, Diff: 0.0, Sum: 0.0]
      [Code Root Scanning (ms): Min: 0.0, Avg: 0.0, Max: 0.0, Diff: 0.0, Sum: 0.0]
      [Object Copy (ms): Min: 0.0, Avg: 0.0, Max: 0.2, Diff: 0.2, Sum: 0.7]
      [Termination (ms): Min: 0.0, Avg: 7.1, Max: 8.9, Diff: 8.9, Sum: 128.0]
         [Termination Attempts: Min: 1, Avg: 1.0, Max: 1, Diff: 0, Sum: 18]
      [GC Worker Other (ms): Min: 0.0, Avg: 0.0, Max: 0.0, Diff: 0.0, Sum: 0.2]
      [GC Worker Total (ms): Min: 0.0, Avg: 7.2, Max: 9.3, Diff: 9.3, Sum: 129.4]
      [GC Worker End (ms): Min: 20603.3, Avg: 20603.5, Max: 20604.1, Diff: 0.8]
   [Code Root Fixup: 0.0 ms]
   [Code Root Purge: 0.0 ms]
   [Clear CT: 1.1 ms]
   [Other: 5.5 ms]
      [Choose CSet: 0.0 ms]
      [Ref Proc: 4.8 ms]
      [Ref Enq: 0.0 ms]
      [Redirty Cards: 0.6 ms]
      [Humongous Register: 0.0 ms]
      [Humongous Reclaim: 0.0 ms]
      [Free CSet: 0.0 ms]
   [Eden: 8192.0K(8192.0K)->0.0B(1024.0K) Survivors: 2048.0K->2048.0K Heap: 49203.6K(65536.0K)->44958.6K(65536.0K)]
 [Times: user=0.16 sys=0.01, real=0.01 secs] 
2026-06-17T09:48:58.411+0800: 20.612: [GC pause (G1 Evacuation Pause) (mixed), 0.0104057 secs]
   [Parallel Time: 3.0 ms, GC Workers: 18]
      [GC Worker Start (ms): Min: 20612.1, Avg: 20612.9, Max: 20613.7, Diff: 1.6]
      [Ext Root Scanning (ms): Min: 0.0, Avg: 0.0, Max: 0.1, Diff: 0.1, Sum: 0.3]
      [Update RS (ms): Min: 0.0, Avg: 0.0, Max: 0.0, Diff: 0.0, Sum: 0.0]
         [Processed Buffers: Min: 0, Avg: 0.2, Max: 1, Diff: 1, Sum: 3]
      [Scan RS (ms): Min: 0.0, Avg: 0.0, Max: 0.0, Diff: 0.0, Sum: 0.0]
      [Code Root Scanning (ms): Min: 0.0, Avg: 0.0, Max: 0.0, Diff: 0.0, Sum: 0.0]
      [Object Copy (ms): Min: 0.0, Avg: 0.0, Max: 0.2, Diff: 0.2, Sum: 0.7]
      [Termination (ms): Min: 0.0, Avg: 1.0, Max: 1.8, Diff: 1.8, Sum: 17.8]
         [Termination Attempts: Min: 1, Avg: 1.0, Max: 1, Diff: 0, Sum: 18]
      [GC Worker Other (ms): Min: 0.0, Avg: 0.0, Max: 0.0, Diff: 0.0, Sum: 0.1]
      [GC Worker Total (ms): Min: 0.0, Avg: 1.1, Max: 1.8, Diff: 1.8, Sum: 19.0]
      [GC Worker End (ms): Min: 20613.7, Avg: 20613.9, Max: 20614.4, Diff: 0.6]
   [Code Root Fixup: 0.0 ms]
   [Code Root Purge: 0.0 ms]
   [Clear CT: 0.5 ms]
   [Other: 6.9 ms]
      [Choose CSet: 0.0 ms]
      [Ref Proc: 6.3 ms]
      [Ref Enq: 0.0 ms]
      [Redirty Cards: 0.5 ms]
      [Humongous Register: 0.0 ms]
      [Humongous Reclaim: 0.0 ms]
      [Free CSet: 0.0 ms]
   [Eden: 1024.0K(1024.0K)->0.0B(2048.0K) Survivors: 2048.0K->1024.0K Heap: 45982.6K(65536.0K)->41285.1K(65536.0K)]
 [Times: user=0.10 sys=0.00, real=0.00 secs] 
2026-06-17T09:48:58.433+0800: 20.634: [GC pause (G1 Evacuation Pause) (mixed), 0.0129692 secs]
   [Parallel Time: 8.9 ms, GC Workers: 18]
      [GC Worker Start (ms): Min: 20634.2, Avg: 20635.8, Max: 20640.8, Diff: 6.7]
      [Ext Root Scanning (ms): Min: 0.0, Avg: 0.0, Max: 0.2, Diff: 0.2, Sum: 0.5]
      [Update RS (ms): Min: 0.0, Avg: 0.0, Max: 0.0, Diff: 0.0, Sum: 0.1]
         [Processed Buffers: Min: 0, Avg: 0.2, Max: 2, Diff: 2, Sum: 4]
      [Scan RS (ms): Min: 0.0, Avg: 0.0, Max: 0.0, Diff: 0.0, Sum: 0.1]
      [Code Root Scanning (ms): Min: 0.0, Avg: 0.0, Max: 0.0, Diff: 0.0, Sum: 0.0]
      [Object Copy (ms): Min: 0.0, Avg: 0.1, Max: 0.3, Diff: 0.3, Sum: 1.2]
      [Termination (ms): Min: 0.0, Avg: 5.3, Max: 6.8, Diff: 6.8, Sum: 95.2]
         [Termination Attempts: Min: 1, Avg: 1.0, Max: 1, Diff: 0, Sum: 18]
      [GC Worker Other (ms): Min: 0.0, Avg: 0.0, Max: 0.0, Diff: 0.0, Sum: 0.2]
      [GC Worker Total (ms): Min: 0.0, Avg: 5.4, Max: 7.1, Diff: 7.0, Sum: 97.2]
      [GC Worker End (ms): Min: 20640.9, Avg: 20641.2, Max: 20641.7, Diff: 0.8]
   [Code Root Fixup: 0.0 ms]
   [Code Root Purge: 0.0 ms]
   [Clear CT: 1.4 ms]
   [Other: 2.7 ms]
      [Choose CSet: 0.0 ms]
      [Ref Proc: 1.8 ms]
      [Ref Enq: 0.0 ms]
      [Redirty Cards: 0.8 ms]
      [Humongous Register: 0.0 ms]
      [Humongous Reclaim: 0.0 ms]
      [Free CSet: 0.0 ms]
   [Eden: 2048.0K(2048.0K)->0.0B(8192.0K) Survivors: 1024.0K->1024.0K Heap: 43333.1K(65536.0K)->41635.6K(65536.0K)]
 [Times: user=0.10 sys=0.01, real=0.01 secs] 
2026-06-17T09:48:58.468+0800: 20.670: [GC pause (G1 Evacuation Pause) (young), 0.0130273 secs]
   [Parallel Time: 5.4 ms, GC Workers: 18]
      [GC Worker Start (ms): Min: 20669.9, Avg: 20671.4, Max: 20672.8, Diff: 2.9]
      [Ext Root Scanning (ms): Min: 0.0, Avg: 0.1, Max: 0.5, Diff: 0.4, Sum: 1.0]
      [Update RS (ms): Min: 0.0, Avg: 0.0, Max: 0.1, Diff: 0.1, Sum: 0.2]
         [Processed Buffers: Min: 0, Avg: 0.3, Max: 3, Diff: 3, Sum: 5]
      [Scan RS (ms): Min: 0.0, Avg: 0.0, Max: 0.0, Diff: 0.0, Sum: 0.0]
      [Code Root Scanning (ms): Min: 0.0, Avg: 0.0, Max: 0.0, Diff: 0.0, Sum: 0.0]
      [Object Copy (ms): Min: 0.0, Avg: 0.0, Max: 0.2, Diff: 0.2, Sum: 0.5]
      [Termination (ms): Min: 0.0, Avg: 1.6, Max: 2.8, Diff: 2.8, Sum: 28.2]
         [Termination Attempts: Min: 1, Avg: 1.0, Max: 1, Diff: 0, Sum: 18]
      [GC Worker Other (ms): Min: 0.0, Avg: 0.0, Max: 0.0, Diff: 0.0, Sum: 0.2]
      [GC Worker Total (ms): Min: 0.0, Avg: 1.7, Max: 3.5, Diff: 3.4, Sum: 30.2]
      [GC Worker End (ms): Min: 20672.8, Avg: 20673.0, Max: 20673.4, Diff: 0.6]
   [Code Root Fixup: 0.0 ms]
   [Code Root Purge: 0.0 ms]
   [Clear CT: 1.6 ms]
   [Other: 6.1 ms]
      [Choose CSet: 0.0 ms]
      [Ref Proc: 5.0 ms]
      [Ref Enq: 0.0 ms]
      [Redirty Cards: 1.0 ms]
      [Humongous Register: 0.0 ms]
      [Humongous Reclaim: 0.0 ms]
      [Free CSet: 0.0 ms]
   [Eden: 8192.0K(8192.0K)->0.0B(6144.0K) Survivors: 1024.0K->2048.0K Heap: 49827.6K(65536.0K)->43373.6K(65536.0K)]
 [Times: user=0.07 sys=0.00, real=0.01 secs] 
2026-06-17T09:48:58.493+0800: 20.695: [GC pause (G1 Evacuation Pause) (young) (initial-mark), 0.0151605 secs]
   [Parallel Time: 8.6 ms, GC Workers: 18]
      [GC Worker Start (ms): Min: 20694.6, Avg: 20695.1, Max: 20695.5, Diff: 0.8]
      [Ext Root Scanning (ms): Min: 0.0, Avg: 1.7, Max: 5.3, Diff: 5.3, Sum: 30.4]
      [Update RS (ms): Min: 0.0, Avg: 0.0, Max: 0.0, Diff: 0.0, Sum: 0.0]
         [Processed Buffers: Min: 0, Avg: 0.2, Max: 3, Diff: 3, Sum: 3]
      [Scan RS (ms): Min: 0.0, Avg: 0.0, Max: 0.0, Diff: 0.0, Sum: 0.0]
      [Code Root Scanning (ms): Min: 0.0, Avg: 0.0, Max: 0.0, Diff: 0.0, Sum: 0.0]
      [Object Copy (ms): Min: 0.0, Avg: 0.0, Max: 0.1, Diff: 0.1, Sum: 0.2]
      [Termination (ms): Min: 0.0, Avg: 4.1, Max: 5.5, Diff: 5.5, Sum: 73.2]
         [Termination Attempts: Min: 1, Avg: 1.0, Max: 1, Diff: 0, Sum: 18]
      [GC Worker Other (ms): Min: 0.0, Avg: 0.0, Max: 0.0, Diff: 0.0, Sum: 0.2]
      [GC Worker Total (ms): Min: 5.4, Avg: 5.8, Max: 6.5, Diff: 1.1, Sum: 104.0]
      [GC Worker End (ms): Min: 20700.8, Avg: 20700.9, Max: 20701.5, Diff: 0.7]
   [Code Root Fixup: 0.0 ms]
   [Code Root Purge: 0.0 ms]
   [Clear CT: 1.7 ms]
   [Other: 4.9 ms]
      [Choose CSet: 0.0 ms]
      [Ref Proc: 3.7 ms]
      [Ref Enq: 0.0 ms]
      [Redirty Cards: 1.0 ms]
      [Humongous Register: 0.0 ms]
      [Humongous Reclaim: 0.0 ms]
      [Free CSet: 0.0 ms]
   [Eden: 6144.0K(6144.0K)->0.0B(7168.0K) Survivors: 2048.0K->1024.0K Heap: 49517.6K(65536.0K)->42540.6K(65536.0K)]
 [Times: user=0.10 sys=0.01, real=0.01 secs] 
2026-06-17T09:48:58.510+0800: 20.711: [GC concurrent-root-region-scan-start]
2026-06-17T09:48:58.510+0800: 20.711: [GC concurrent-root-region-scan-end, 0.0002933 secs]
2026-06-17T09:48:58.510+0800: 20.711: [GC concurrent-mark-start]
2026-06-17T09:48:58.511+0800: 20.712: [GC concurrent-mark-end, 0.0005143 secs]
2026-06-17T09:48:58.511+0800: 20.712: [GC remark 2026-06-17T09:48:58.511+0800: 20.713: [Finalize Marking, 0.0038644 secs] 2026-06-17T09:48:58.516+0800: 20.717: [GC ref-proc, 0.0004637 secs] 2026-06-17T09:48:58.517+0800: 20.718: [Unloading, 0.0017000 secs], 0.0088280 secs]
 [Times: user=0.02 sys=0.00, real=0.00 secs] 
2026-06-17T09:48:58.521+0800: 20.722: [GC cleanup 45590K->37398K(65536K), 0.0028177 secs]
 [Times: user=0.00 sys=0.00, real=0.01 secs] 
2026-06-17T09:48:58.525+0800: 20.726: [GC concurrent-cleanup-start]
2026-06-17T09:48:58.525+0800: 20.726: [GC concurrent-cleanup-end, 0.0000099 secs]
2026-06-17T09:48:58.535+0800: 20.736: [GC pause (G1 Evacuation Pause) (young), 0.0080324 secs]
   [Parallel Time: 3.7 ms, GC Workers: 18]
      [GC Worker Start (ms): Min: 20736.5, Avg: 20737.6, Max: 20738.8, Diff: 2.4]
      [Ext Root Scanning (ms): Min: 0.0, Avg: 0.0, Max: 0.1, Diff: 0.1, Sum: 0.3]
      [Update RS (ms): Min: 0.0, Avg: 0.0, Max: 0.0, Diff: 0.0, Sum: 0.0]
         [Processed Buffers: Min: 0, Avg: 0.2, Max: 2, Diff: 2, Sum: 3]
      [Scan RS (ms): Min: 0.0, Avg: 0.0, Max: 0.0, Diff: 0.0, Sum: 0.0]
      [Code Root Scanning (ms): Min: 0.0, Avg: 0.0, Max: 0.0, Diff: 0.0, Sum: 0.0]
      [Object Copy (ms): Min: 0.0, Avg: 0.0, Max: 0.2, Diff: 0.2, Sum: 0.5]
      [Termination (ms): Min: 0.0, Avg: 1.3, Max: 2.2, Diff: 2.2, Sum: 23.6]
         [Termination Attempts: Min: 1, Avg: 1.1, Max: 2, Diff: 1, Sum: 19]
      [GC Worker Other (ms): Min: 0.0, Avg: 0.0, Max: 0.0, Diff: 0.0, Sum: 0.1]
      [GC Worker Total (ms): Min: 0.0, Avg: 1.4, Max: 2.4, Diff: 2.4, Sum: 24.6]
      [GC Worker End (ms): Min: 20738.9, Avg: 20739.0, Max: 20739.3, Diff: 0.5]
   [Code Root Fixup: 0.0 ms]
   [Code Root Purge: 0.0 ms]
   [Clear CT: 0.8 ms]
   [Other: 3.5 ms]
      [Choose CSet: 0.0 ms]
      [Ref Proc: 2.9 ms]
      [Ref Enq: 0.0 ms]
      [Redirty Cards: 0.6 ms]
      [Humongous Register: 0.0 ms]
      [Humongous Reclaim: 0.0 ms]
      [Free CSet: 0.0 ms]
   [Eden: 7168.0K(7168.0K)->0.0B(2048.0K) Survivors: 1024.0K->1024.0K Heap: 41516.6K(65536.0K)->38486.6K(65536.0K)]
 [Times: user=0.04 sys=0.01, real=0.01 secs] 
2026-06-17T09:48:58.555+0800: 20.756: [GC pause (G1 Evacuation Pause) (mixed), 0.0170713 secs]
   [Parallel Time: 11.1 ms, GC Workers: 18]
      [GC Worker Start (ms): Min: 20756.0, Avg: 20758.1, Max: 20766.0, Diff: 10.0]
      [Ext Root Scanning (ms): Min: 0.0, Avg: 0.0, Max: 0.2, Diff: 0.2, Sum: 0.5]
      [Update RS (ms): Min: 0.0, Avg: 0.0, Max: 0.0, Diff: 0.0, Sum: 0.0]
         [Processed Buffers: Min: 0, Avg: 0.1, Max: 1, Diff: 1, Sum: 2]
      [Scan RS (ms): Min: 0.0, Avg: 0.0, Max: 0.0, Diff: 0.0, Sum: 0.1]
      [Code Root Scanning (ms): Min: 0.0, Avg: 0.0, Max: 0.0, Diff: 0.0, Sum: 0.0]
      [Object Copy (ms): Min: 0.0, Avg: 0.0, Max: 0.2, Diff: 0.2, Sum: 0.5]
      [Termination (ms): Min: 0.0, Avg: 7.9, Max: 10.3, Diff: 10.3, Sum: 142.8]
         [Termination Attempts: Min: 1, Avg: 1.0, Max: 1, Diff: 0, Sum: 18]
      [GC Worker Other (ms): Min: 0.0, Avg: 0.0, Max: 0.0, Diff: 0.0, Sum: 0.2]
      [GC Worker Total (ms): Min: 0.0, Avg: 8.0, Max: 10.6, Diff: 10.6, Sum: 144.1]
      [GC Worker End (ms): Min: 20766.0, Avg: 20766.2, Max: 20766.6, Diff: 0.6]
   [Code Root Fixup: 0.0 ms]
   [Code Root Purge: 0.0 ms]
   [Clear CT: 1.0 ms]
   [Other: 4.9 ms]
      [Choose CSet: 0.0 ms]
      [Ref Proc: 4.3 ms]
      [Ref Enq: 0.0 ms]
      [Redirty Cards: 0.5 ms]
      [Humongous Register: 0.0 ms]
      [Humongous Reclaim: 0.0 ms]
      [Free CSet: 0.0 ms]
   [Eden: 2048.0K(2048.0K)->0.0B(2048.0K) Survivors: 1024.0K->1024.0K Heap: 40534.6K(65536.0K)->34383.2K(65536.0K)]
 [Times: user=0.17 sys=0.01, real=0.02 secs] 
2026-06-17T09:48:58.573+0800: 20.774: [GC pause (G1 Evacuation Pause) (mixed), 0.0111184 secs]
   [Parallel Time: 3.7 ms, GC Workers: 18]
      [GC Worker Start (ms): Min: 20774.3, Avg: 20775.3, Max: 20776.5, Diff: 2.2]
      [Ext Root Scanning (ms): Min: 0.0, Avg: 0.0, Max: 0.1, Diff: 0.1, Sum: 0.3]
      [Update RS (ms): Min: 0.0, Avg: 0.0, Max: 0.0, Diff: 0.0, Sum: 0.0]
         [Processed Buffers: Min: 0, Avg: 0.2, Max: 2, Diff: 2, Sum: 4]
      [Scan RS (ms): Min: 0.0, Avg: 0.0, Max: 0.0, Diff: 0.0, Sum: 0.0]
      [Code Root Scanning (ms): Min: 0.0, Avg: 0.0, Max: 0.0, Diff: 0.0, Sum: 0.0]
      [Object Copy (ms): Min: 0.0, Avg: 0.0, Max: 0.2, Diff: 0.2, Sum: 0.9]
      [Termination (ms): Min: 0.0, Avg: 1.3, Max: 2.2, Diff: 2.2, Sum: 24.3]
         [Termination Attempts: Min: 1, Avg: 1.0, Max: 1, Diff: 0, Sum: 18]
      [GC Worker Other (ms): Min: 0.0, Avg: 0.0, Max: 0.0, Diff: 0.0, Sum: 0.1]
      [GC Worker Total (ms): Min: 0.0, Avg: 1.4, Max: 2.6, Diff: 2.6, Sum: 25.6]
      [GC Worker End (ms): Min: 20776.5, Avg: 20776.7, Max: 20777.0, Diff: 0.4]
   [Code Root Fixup: 0.0 ms]
   [Code Root Purge: 0.0 ms]
   [Clear CT: 0.6 ms]
   [Other: 6.8 ms]
      [Choose CSet: 0.0 ms]
      [Ref Proc: 6.2 ms]
      [Ref Enq: 0.0 ms]
      [Redirty Cards: 0.6 ms]
      [Humongous Register: 0.0 ms]
      [Humongous Reclaim: 0.0 ms]
      [Free CSet: 0.0 ms]
   [Eden: 2048.0K(2048.0K)->0.0B(2048.0K) Survivors: 1024.0K->1024.0K Heap: 36431.2K(65536.0K)->33815.6K(65536.0K)]
 [Times: user=0.09 sys=0.01, real=0.01 secs] 
2026-06-17T09:48:58.586+0800: 20.787: [GC pause (G1 Evacuation Pause) (mixed), 0.0085615 secs]
   [Parallel Time: 2.6 ms, GC Workers: 18]
      [GC Worker Start (ms): Min: 20786.8, Avg: 20787.7, Max: 20788.6, Diff: 1.7]
      [Ext Root Scanning (ms): Min: 0.0, Avg: 0.0, Max: 0.1, Diff: 0.1, Sum: 0.3]
      [Update RS (ms): Min: 0.0, Avg: 0.0, Max: 0.0, Diff: 0.0, Sum: 0.0]
         [Processed Buffers: Min: 0, Avg: 0.2, Max: 2, Diff: 2, Sum: 4]
      [Scan RS (ms): Min: 0.0, Avg: 0.0, Max: 0.0, Diff: 0.0, Sum: 0.1]
      [Code Root Scanning (ms): Min: 0.0, Avg: 0.0, Max: 0.0, Diff: 0.0, Sum: 0.0]
      [Object Copy (ms): Min: 0.0, Avg: 0.0, Max: 0.2, Diff: 0.2, Sum: 0.6]
      [Termination (ms): Min: 0.0, Avg: 0.9, Max: 1.6, Diff: 1.6, Sum: 17.0]
         [Termination Attempts: Min: 1, Avg: 1.0, Max: 1, Diff: 0, Sum: 18]
      [GC Worker Other (ms): Min: 0.0, Avg: 0.0, Max: 0.0, Diff: 0.0, Sum: 0.1]
      [GC Worker Total (ms): Min: 0.0, Avg: 1.0, Max: 1.8, Diff: 1.8, Sum: 18.0]
      [GC Worker End (ms): Min: 20788.6, Avg: 20788.7, Max: 20788.9, Diff: 0.3]
   [Code Root Fixup: 0.0 ms]
   [Code Root Purge: 0.0 ms]
   [Clear CT: 1.0 ms]
   [Other: 4.9 ms]
      [Choose CSet: 0.0 ms]
      [Ref Proc: 4.4 ms]
      [Ref Enq: 0.0 ms]
      [Redirty Cards: 0.5 ms]
      [Humongous Register: 0.0 ms]
      [Humongous Reclaim: 0.0 ms]
      [Free CSet: 0.0 ms]
   [Eden: 2048.0K(2048.0K)->0.0B(14336.0K) Survivors: 1024.0K->1024.0K Heap: 35863.6K(65536.0K)->31976.7K(65536.0K)]
 [Times: user=0.07 sys=0.00, real=0.01 secs] 
2026-06-17T09:48:58.595+0800: 20.797: [GC pause (G1 Humongous Allocation) (young) (initial-mark), 0.0075262 secs]
   [Parallel Time: 2.3 ms, GC Workers: 18]
      [GC Worker Start (ms): Min: 20796.6, Avg: 20796.9, Max: 20797.0, Diff: 0.4]
      [Ext Root Scanning (ms): Min: 0.0, Avg: 1.0, Max: 1.6, Diff: 1.6, Sum: 17.9]
      [Update RS (ms): Min: 0.0, Avg: 0.0, Max: 0.1, Diff: 0.1, Sum: 0.1]
         [Processed Buffers: Min: 0, Avg: 0.2, Max: 2, Diff: 2, Sum: 4]
      [Scan RS (ms): Min: 0.0, Avg: 0.0, Max: 0.0, Diff: 0.0, Sum: 0.0]
      [Code Root Scanning (ms): Min: 0.0, Avg: 0.0, Max: 0.0, Diff: 0.0, Sum: 0.0]
      [Object Copy (ms): Min: 0.0, Avg: 0.0, Max: 0.1, Diff: 0.1, Sum: 0.2]
      [Termination (ms): Min: 0.0, Avg: 0.8, Max: 1.6, Diff: 1.6, Sum: 13.9]
         [Termination Attempts: Min: 1, Avg: 1.1, Max: 2, Diff: 1, Sum: 19]
      [GC Worker Other (ms): Min: 0.0, Avg: 0.0, Max: 0.0, Diff: 0.0, Sum: 0.1]
      [GC Worker Total (ms): Min: 1.6, Avg: 1.8, Max: 2.1, Diff: 0.5, Sum: 32.1]
      [GC Worker End (ms): Min: 20798.6, Avg: 20798.7, Max: 20798.8, Diff: 0.2]
   [Code Root Fixup: 0.0 ms]
   [Code Root Purge: 0.0 ms]
   [Clear CT: 0.9 ms]
   [Other: 4.4 ms]
      [Choose CSet: 0.0 ms]
      [Ref Proc: 3.5 ms]
      [Ref Enq: 0.0 ms]
      [Redirty Cards: 0.8 ms]
      [Humongous Register: 0.0 ms]
      [Humongous Reclaim: 0.0 ms]
      [Free CSet: 0.0 ms]
   [Eden: 1024.0K(14336.0K)->0.0B(11264.0K) Survivors: 1024.0K->2048.0K Heap: 32963.7K(65536.0K)->33199.1K(65536.0K)]
 [Times: user=0.05 sys=0.00, real=0.01 secs] 
2026-06-17T09:48:58.604+0800: 20.806: [GC concurrent-root-region-scan-start]
2026-06-17T09:48:58.605+0800: 20.806: [GC concurrent-root-region-scan-end, 0.0002234 secs]
2026-06-17T09:48:58.605+0800: 20.806: [GC concurrent-mark-start]
2026-06-17T09:48:58.605+0800: 20.806: [GC concurrent-mark-end, 0.0006131 secs]
2026-06-17T09:48:58.605+0800: 20.807: [GC remark 2026-06-17T09:48:58.606+0800: 20.807: [Finalize Marking, 0.0056153 secs] 2026-06-17T09:48:58.612+0800: 20.813: [GC ref-proc, 0.0007031 secs] 2026-06-17T09:48:58.613+0800: 20.814: [Unloading, 0.0016112 secs], 0.0106248 secs]
 [Times: user=0.06 sys=0.00, real=0.01 secs] 
2026-06-17T09:48:58.617+0800: 20.818: [GC cleanup 35041K->35041K(65536K), 0.0027885 secs]
 [Times: user=0.00 sys=0.01, real=0.00 secs] 
2026-06-17T09:48:58.642+0800: 20.844: [GC pause (G1 Evacuation Pause) (young), 0.0186624 secs]
   [Parallel Time: 11.3 ms, GC Workers: 18]
      [GC Worker Start (ms): Min: 20843.8, Avg: 20845.6, Max: 20853.1, Diff: 9.3]
      [Ext Root Scanning (ms): Min: 0.0, Avg: 0.0, Max: 0.2, Diff: 0.2, Sum: 0.5]
      [Update RS (ms): Min: 0.0, Avg: 0.0, Max: 0.0, Diff: 0.0, Sum: 0.0]
         [Processed Buffers: Min: 0, Avg: 0.1, Max: 1, Diff: 1, Sum: 2]
      [Scan RS (ms): Min: 0.0, Avg: 0.0, Max: 0.0, Diff: 0.0, Sum: 0.0]
      [Code Root Scanning (ms): Min: 0.0, Avg: 0.0, Max: 0.0, Diff: 0.0, Sum: 0.0]
      [Object Copy (ms): Min: 0.0, Avg: 0.0, Max: 0.1, Diff: 0.1, Sum: 0.5]
      [Termination (ms): Min: 0.0, Avg: 7.8, Max: 9.5, Diff: 9.5, Sum: 139.6]
         [Termination Attempts: Min: 1, Avg: 1.1, Max: 2, Diff: 1, Sum: 19]
      [GC Worker Other (ms): Min: 0.0, Avg: 0.0, Max: 0.0, Diff: 0.0, Sum: 0.2]
      [GC Worker Total (ms): Min: 0.0, Avg: 7.8, Max: 9.7, Diff: 9.6, Sum: 140.8]
      [GC Worker End (ms): Min: 20853.2, Avg: 20853.4, Max: 20853.7, Diff: 0.5]
   [Code Root Fixup: 0.0 ms]
   [Code Root Purge: 0.0 ms]
   [Clear CT: 1.9 ms]
   [Other: 5.4 ms]
      [Choose CSet: 0.0 ms]
      [Ref Proc: 4.9 ms]
      [Ref Enq: 0.0 ms]
      [Redirty Cards: 0.5 ms]
      [Humongous Register: 0.0 ms]
      [Humongous Reclaim: 0.0 ms]
      [Free CSet: 0.0 ms]
   [Eden: 11264.0K(11264.0K)->0.0B(1024.0K) Survivors: 2048.0K->2048.0K Heap: 45389.1K(65536.0K)->35608.6K(65536.0K)]
 [Times: user=0.17 sys=0.01, real=0.01 secs] 
2026-06-17T09:48:58.673+0800: 20.874: [GC pause (G1 Evacuation Pause) (mixed), 0.0148024 secs]
   [Parallel Time: 8.8 ms, GC Workers: 18]
      [GC Worker Start (ms): Min: 20874.0, Avg: 20875.7, Max: 20880.7, Diff: 6.7]
      [Ext Root Scanning (ms): Min: 0.0, Avg: 0.0, Max: 0.2, Diff: 0.2, Sum: 0.6]
      [Update RS (ms): Min: 0.0, Avg: 0.0, Max: 0.0, Diff: 0.0, Sum: 0.0]
         [Processed Buffers: Min: 0, Avg: 0.1, Max: 1, Diff: 1, Sum: 2]
      [Scan RS (ms): Min: 0.0, Avg: 0.0, Max: 0.0, Diff: 0.0, Sum: 0.1]
      [Code Root Scanning (ms): Min: 0.0, Avg: 0.0, Max: 0.0, Diff: 0.0, Sum: 0.0]
      [Object Copy (ms): Min: 0.0, Avg: 0.1, Max: 0.3, Diff: 0.3, Sum: 1.1]
      [Termination (ms): Min: 0.0, Avg: 5.1, Max: 6.5, Diff: 6.5, Sum: 91.1]
         [Termination Attempts: Min: 1, Avg: 1.0, Max: 1, Diff: 0, Sum: 18]
      [GC Worker Other (ms): Min: 0.0, Avg: 0.0, Max: 0.0, Diff: 0.0, Sum: 0.2]
      [GC Worker Total (ms): Min: 0.0, Avg: 5.2, Max: 6.8, Diff: 6.8, Sum: 93.1]
      [GC Worker End (ms): Min: 20880.7, Avg: 20880.9, Max: 20881.3, Diff: 0.6]
   [Code Root Fixup: 0.0 ms]
   [Code Root Purge: 0.0 ms]
   [Clear CT: 1.0 ms]
   [Other: 5.1 ms]
      [Choose CSet: 0.0 ms]
      [Ref Proc: 4.5 ms]
      [Ref Enq: 0.0 ms]
      [Redirty Cards: 0.6 ms]
      [Humongous Register: 0.0 ms]
      [Humongous Reclaim: 0.0 ms]
      [Free CSet: 0.0 ms]
   [Eden: 1024.0K(1024.0K)->0.0B(2048.0K) Survivors: 2048.0K->1024.0K Heap: 36632.6K(65536.0K)->33979.4K(65536.0K)]
 [Times: user=0.13 sys=0.00, real=0.01 secs] 
2026-06-17T09:48:58.689+0800: 20.890: [GC pause (G1 Evacuation Pause) (mixed), 0.0116831 secs]
   [Parallel Time: 3.8 ms, GC Workers: 18]
      [GC Worker Start (ms): Min: 20890.0, Avg: 20891.0, Max: 20892.5, Diff: 2.6]
      [Ext Root Scanning (ms): Min: 0.0, Avg: 0.0, Max: 0.1, Diff: 0.1, Sum: 0.4]
      [Update RS (ms): Min: 0.0, Avg: 0.0, Max: 0.0, Diff: 0.0, Sum: 0.0]
         [Processed Buffers: Min: 0, Avg: 0.3, Max: 2, Diff: 2, Sum: 5]
      [Scan RS (ms): Min: 0.0, Avg: 0.0, Max: 0.0, Diff: 0.0, Sum: 0.0]
      [Code Root Scanning (ms): Min: 0.0, Avg: 0.0, Max: 0.0, Diff: 0.0, Sum: 0.0]
      [Object Copy (ms): Min: 0.0, Avg: 0.0, Max: 0.2, Diff: 0.2, Sum: 0.6]
      [Termination (ms): Min: 0.0, Avg: 1.8, Max: 2.8, Diff: 2.8, Sum: 31.6]
         [Termination Attempts: Min: 1, Avg: 1.0, Max: 1, Diff: 0, Sum: 18]
      [GC Worker Other (ms): Min: 0.0, Avg: 0.0, Max: 0.0, Diff: 0.0, Sum: 0.1]
      [GC Worker Total (ms): Min: 0.1, Avg: 1.8, Max: 3.1, Diff: 3.0, Sum: 32.8]
      [GC Worker End (ms): Min: 20892.6, Avg: 20892.8, Max: 20893.1, Diff: 0.5]
   [Code Root Fixup: 0.0 ms]
   [Code Root Purge: 0.0 ms]
   [Clear CT: 0.8 ms]
   [Other: 7.0 ms]
      [Choose CSet: 0.0 ms]
      [Ref Proc: 6.4 ms]
      [Ref Enq: 0.0 ms]
      [Redirty Cards: 0.5 ms]
      [Humongous Register: 0.0 ms]
      [Humongous Reclaim: 0.0 ms]
      [Free CSet: 0.0 ms]
   [Eden: 2048.0K(2048.0K)->0.0B(10240.0K) Survivors: 1024.0K->1024.0K Heap: 36027.4K(65536.0K)->35639.6K(65536.0K)]
 [Times: user=0.10 sys=0.00, real=0.01 secs] 
2026-06-17T09:48:58.723+0800: 20.924: [GC pause (G1 Evacuation Pause) (young), 0.0126150 secs]
   [Parallel Time: 6.0 ms, GC Workers: 18]
      [GC Worker Start (ms): Min: 20924.5, Avg: 20926.1, Max: 20928.5, Diff: 4.0]
      [Ext Root Scanning (ms): Min: 0.0, Avg: 0.1, Max: 0.4, Diff: 0.4, Sum: 1.0]
      [Update RS (ms): Min: 0.0, Avg: 0.0, Max: 0.0, Diff: 0.0, Sum: 0.1]
         [Processed Buffers: Min: 0, Avg: 0.3, Max: 2, Diff: 2, Sum: 5]
      [Scan RS (ms): Min: 0.0, Avg: 0.0, Max: 0.0, Diff: 0.0, Sum: 0.0]
      [Code Root Scanning (ms): Min: 0.0, Avg: 0.0, Max: 0.0, Diff: 0.0, Sum: 0.0]
      [Object Copy (ms): Min: 0.0, Avg: 0.0, Max: 0.2, Diff: 0.2, Sum: 0.8]
      [Termination (ms): Min: 0.0, Avg: 2.5, Max: 3.9, Diff: 3.9, Sum: 45.1]
         [Termination Attempts: Min: 1, Avg: 1.0, Max: 1, Diff: 0, Sum: 18]
      [GC Worker Other (ms): Min: 0.0, Avg: 0.0, Max: 0.0, Diff: 0.0, Sum: 0.2]
      [GC Worker Total (ms): Min: 0.0, Avg: 2.6, Max: 4.5, Diff: 4.5, Sum: 47.3]
      [GC Worker End (ms): Min: 20928.5, Avg: 20928.7, Max: 20929.1, Diff: 0.5]
   [Code Root Fixup: 0.0 ms]
   [Code Root Purge: 0.0 ms]
   [Clear CT: 1.2 ms]
   [Other: 5.4 ms]
      [Choose CSet: 0.0 ms]
      [Ref Proc: 4.5 ms]
      [Ref Enq: 0.0 ms]
      [Redirty Cards: 0.8 ms]
      [Humongous Register: 0.0 ms]
      [Humongous Reclaim: 0.0 ms]
      [Free CSet: 0.0 ms]
   [Eden: 10240.0K(10240.0K)->0.0B(9216.0K) Survivors: 1024.0K->2048.0K Heap: 45879.6K(65536.0K)->38396.6K(65536.0K)]
 [Times: user=0.08 sys=0.01, real=0.01 secs] 
2026-06-17T09:48:58.769+0800: 20.971: [GC pause (G1 Evacuation Pause) (young) (initial-mark), 0.0166075 secs]
   [Parallel Time: 8.6 ms, GC Workers: 18]
      [GC Worker Start (ms): Min: 20971.1, Avg: 20972.5, Max: 20973.6, Diff: 2.5]
      [Ext Root Scanning (ms): Min: 0.0, Avg: 2.7, Max: 3.4, Diff: 3.4, Sum: 49.5]
      [Update RS (ms): Min: 0.0, Avg: 0.0, Max: 0.0, Diff: 0.0, Sum: 0.1]
         [Processed Buffers: Min: 0, Avg: 0.2, Max: 3, Diff: 3, Sum: 3]
      [Scan RS (ms): Min: 0.0, Avg: 0.0, Max: 0.0, Diff: 0.0, Sum: 0.0]
      [Code Root Scanning (ms): Min: 0.0, Avg: 0.0, Max: 0.0, Diff: 0.0, Sum: 0.0]
      [Object Copy (ms): Min: 0.0, Avg: 0.0, Max: 0.4, Diff: 0.4, Sum: 0.8]
      [Termination (ms): Min: 0.0, Avg: 1.9, Max: 3.4, Diff: 3.4, Sum: 33.6]
         [Termination Attempts: Min: 1, Avg: 1.0, Max: 1, Diff: 0, Sum: 18]
      [GC Worker Other (ms): Min: 0.0, Avg: 0.0, Max: 0.0, Diff: 0.0, Sum: 0.2]
      [GC Worker Total (ms): Min: 3.4, Avg: 4.7, Max: 6.2, Diff: 2.8, Sum: 84.2]
      [GC Worker End (ms): Min: 20977.0, Avg: 20977.1, Max: 20977.5, Diff: 0.6]
   [Code Root Fixup: 0.0 ms]
   [Code Root Purge: 0.0 ms]
   [Clear CT: 1.6 ms]
   [Other: 6.4 ms]
      [Choose CSet: 0.0 ms]
      [Ref Proc: 5.4 ms]
      [Ref Enq: 0.0 ms]
      [Redirty Cards: 0.8 ms]
      [Humongous Register: 0.0 ms]
      [Humongous Reclaim: 0.0 ms]
      [Free CSet: 0.0 ms]
   [Eden: 9216.0K(9216.0K)->0.0B(9216.0K) Survivors: 2048.0K->2048.0K Heap: 47612.6K(65536.0K)->40147.9K(65536.0K)]
 [Times: user=0.07 sys=0.01, real=0.02 secs] 
2026-06-17T09:48:58.787+0800: 20.989: [GC concurrent-root-region-scan-start]
2026-06-17T09:48:58.788+0800: 20.989: [GC concurrent-root-region-scan-end, 0.0003833 secs]
2026-06-17T09:48:58.788+0800: 20.989: [GC concurrent-mark-start]
2026-06-17T09:48:58.788+0800: 20.990: [GC concurrent-mark-end, 0.0005798 secs]
2026-06-17T09:48:58.789+0800: 20.990: [GC remark 2026-06-17T09:48:58.789+0800: 20.990: [Finalize Marking, 0.0044861 secs] 2026-06-17T09:48:58.794+0800: 20.996: [GC ref-proc, 0.0005956 secs] 2026-06-17T09:48:58.795+0800: 20.997: [Unloading, 0.0016959 secs], 0.0096376 secs]
 [Times: user=0.04 sys=0.00, real=0.01 secs] 
2026-06-17T09:48:58.799+0800: 21.000: [GC cleanup 45891K->41795K(65536K), 0.0025678 secs]
 [Times: user=0.00 sys=0.00, real=0.00 secs] 
2026-06-17T09:48:58.803+0800: 21.004: [GC concurrent-cleanup-start]
2026-06-17T09:48:58.803+0800: 21.004: [GC concurrent-cleanup-end, 0.0000074 secs]
2026-06-17T09:48:58.813+0800: 21.015: [GC pause (G1 Evacuation Pause) (young), 0.0206864 secs]
   [Parallel Time: 11.9 ms, GC Workers: 18]
      [GC Worker Start (ms): Min: 21014.8, Avg: 21018.5, Max: 21025.0, Diff: 10.2]
      [Ext Root Scanning (ms): Min: 0.0, Avg: 0.0, Max: 0.2, Diff: 0.2, Sum: 0.5]
      [Update RS (ms): Min: 0.0, Avg: 0.0, Max: 0.0, Diff: 0.0, Sum: 0.0]
         [Processed Buffers: Min: 0, Avg: 0.2, Max: 1, Diff: 1, Sum: 3]
      [Scan RS (ms): Min: 0.0, Avg: 0.0, Max: 0.0, Diff: 0.0, Sum: 0.0]
      [Code Root Scanning (ms): Min: 0.0, Avg: 0.0, Max: 0.0, Diff: 0.0, Sum: 0.0]
      [Object Copy (ms): Min: 0.0, Avg: 0.0, Max: 0.1, Diff: 0.1, Sum: 0.5]
      [Termination (ms): Min: 0.0, Avg: 6.9, Max: 10.7, Diff: 10.7, Sum: 123.6]
         [Termination Attempts: Min: 1, Avg: 1.0, Max: 1, Diff: 0, Sum: 18]
      [GC Worker Other (ms): Min: 0.0, Avg: 0.0, Max: 0.0, Diff: 0.0, Sum: 0.2]
      [GC Worker Total (ms): Min: 0.0, Avg: 6.9, Max: 11.0, Diff: 10.9, Sum: 124.9]
      [GC Worker End (ms): Min: 21025.0, Avg: 21025.4, Max: 21025.9, Diff: 0.8]
   [Code Root Fixup: 0.0 ms]
   [Code Root Purge: 0.0 ms]
   [Clear CT: 1.7 ms]
   [Other: 7.1 ms]
      [Choose CSet: 0.0 ms]
      [Ref Proc: 6.5 ms]
      [Ref Enq: 0.0 ms]
      [Redirty Cards: 0.6 ms]
      [Humongous Register: 0.0 ms]
      [Humongous Reclaim: 0.0 ms]
      [Free CSet: 0.0 ms]
   [Eden: 9216.0K(9216.0K)->0.0B(1024.0K) Survivors: 2048.0K->2048.0K Heap: 45267.9K(65536.0K)->38263.6K(65536.0K)]
 [Times: user=0.18 sys=0.01, real=0.02 secs] 
2026-06-17T09:48:58.835+0800: 21.036: [GC pause (G1 Evacuation Pause) (mixed), 0.0141497 secs]
   [Parallel Time: 9.3 ms, GC Workers: 18]
      [GC Worker Start (ms): Min: 21036.4, Avg: 21038.7, Max: 21044.3, Diff: 7.9]
      [Ext Root Scanning (ms): Min: 0.0, Avg: 0.0, Max: 0.1, Diff: 0.1, Sum: 0.4]
      [Update RS (ms): Min: 0.0, Avg: 0.0, Max: 0.0, Diff: 0.0, Sum: 0.0]
         [Processed Buffers: Min: 0, Avg: 0.2, Max: 1, Diff: 1, Sum: 3]
      [Scan RS (ms): Min: 0.0, Avg: 0.0, Max: 0.0, Diff: 0.0, Sum: 0.0]
      [Code Root Scanning (ms): Min: 0.0, Avg: 0.0, Max: 0.0, Diff: 0.0, Sum: 0.0]
      [Object Copy (ms): Min: 0.0, Avg: 0.0, Max: 0.2, Diff: 0.2, Sum: 0.7]
      [Termination (ms): Min: 0.0, Avg: 5.7, Max: 8.0, Diff: 8.0, Sum: 103.1]
         [Termination Attempts: Min: 1, Avg: 1.0, Max: 1, Diff: 0, Sum: 18]
      [GC Worker Other (ms): Min: 0.0, Avg: 0.0, Max: 0.0, Diff: 0.0, Sum: 0.1]
      [GC Worker Total (ms): Min: 0.0, Avg: 5.8, Max: 8.2, Diff: 8.2, Sum: 104.3]
      [GC Worker End (ms): Min: 21044.3, Avg: 21044.5, Max: 21044.7, Diff: 0.4]
   [Code Root Fixup: 0.0 ms]
   [Code Root Purge: 0.0 ms]
   [Clear CT: 0.9 ms]
   [Other: 4.0 ms]
      [Choose CSet: 0.0 ms]
      [Ref Proc: 3.3 ms]
      [Ref Enq: 0.0 ms]
      [Redirty Cards: 0.6 ms]
      [Humongous Register: 0.0 ms]
      [Humongous Reclaim: 0.0 ms]
      [Free CSet: 0.0 ms]
   [Eden: 1024.0K(1024.0K)->0.0B(2048.0K) Survivors: 2048.0K->1024.0K Heap: 39287.6K(65536.0K)->34648.1K(65536.0K)]
 [Times: user=0.13 sys=0.00, real=0.01 secs] 
2026-06-17T09:48:58.861+0800: 21.062: [GC pause (G1 Evacuation Pause) (mixed), 0.0168441 secs]
   [Parallel Time: 11.8 ms, GC Workers: 18]
      [GC Worker Start (ms): Min: 21061.9, Avg: 21065.0, Max: 21071.6, Diff: 9.7]
      [Ext Root Scanning (ms): Min: 0.0, Avg: 0.0, Max: 0.2, Diff: 0.2, Sum: 0.5]
      [Update RS (ms): Min: 0.0, Avg: 0.0, Max: 0.0, Diff: 0.0, Sum: 0.0]
         [Processed Buffers: Min: 0, Avg: 0.3, Max: 3, Diff: 3, Sum: 6]
      [Scan RS (ms): Min: 0.0, Avg: 0.0, Max: 0.0, Diff: 0.0, Sum: 0.1]
      [Code Root Scanning (ms): Min: 0.0, Avg: 0.0, Max: 0.0, Diff: 0.0, Sum: 0.0]
      [Object Copy (ms): Min: 0.0, Avg: 0.1, Max: 0.3, Diff: 0.3, Sum: 1.0]
      [Termination (ms): Min: 0.0, Avg: 6.9, Max: 9.9, Diff: 9.9, Sum: 124.3]
         [Termination Attempts: Min: 1, Avg: 1.0, Max: 1, Diff: 0, Sum: 18]
      [GC Worker Other (ms): Min: 0.0, Avg: 0.0, Max: 0.0, Diff: 0.0, Sum: 0.2]
      [GC Worker Total (ms): Min: 0.0, Avg: 7.0, Max: 10.2, Diff: 10.2, Sum: 126.1]
      [GC Worker End (ms): Min: 21071.6, Avg: 21072.0, Max: 21072.3, Diff: 0.7]
   [Code Root Fixup: 0.0 ms]
   [Code Root Purge: 0.0 ms]
   [Clear CT: 0.7 ms]
   [Other: 4.3 ms]
      [Choose CSet: 0.0 ms]
      [Ref Proc: 3.7 ms]
      [Ref Enq: 0.0 ms]
      [Redirty Cards: 0.5 ms]
      [Humongous Register: 0.0 ms]
      [Humongous Reclaim: 0.0 ms]
      [Free CSet: 0.0 ms]
   [Eden: 2048.0K(2048.0K)->0.0B(2048.0K) Survivors: 1024.0K->1024.0K Heap: 36696.1K(65536.0K)->33564.6K(65536.0K)]
 [Times: user=0.15 sys=0.00, real=0.02 secs] 
2026-06-17T09:48:58.879+0800: 21.080: [GC pause (G1 Evacuation Pause) (mixed), 0.0133422 secs]
   [Parallel Time: 6.6 ms, GC Workers: 18]
      [GC Worker Start (ms): Min: 21080.0, Avg: 21081.4, Max: 21085.5, Diff: 5.5]
      [Ext Root Scanning (ms): Min: 0.0, Avg: 0.0, Max: 0.2, Diff: 0.2, Sum: 0.3]
      [Update RS (ms): Min: 0.0, Avg: 0.0, Max: 0.0, Diff: 0.0, Sum: 0.0]
         [Processed Buffers: Min: 0, Avg: 0.2, Max: 2, Diff: 2, Sum: 4]
      [Scan RS (ms): Min: 0.0, Avg: 0.0, Max: 0.0, Diff: 0.0, Sum: 0.1]
      [Code Root Scanning (ms): Min: 0.0, Avg: 0.0, Max: 0.0, Diff: 0.0, Sum: 0.0]
      [Object Copy (ms): Min: 0.0, Avg: 0.0, Max: 0.2, Diff: 0.2, Sum: 0.7]
      [Termination (ms): Min: 0.0, Avg: 4.2, Max: 5.6, Diff: 5.6, Sum: 76.4]
         [Termination Attempts: Min: 1, Avg: 1.0, Max: 1, Diff: 0, Sum: 18]
      [GC Worker Other (ms): Min: 0.0, Avg: 0.0, Max: 0.0, Diff: 0.0, Sum: 0.1]
      [GC Worker Total (ms): Min: 0.0, Avg: 4.3, Max: 6.0, Diff: 6.0, Sum: 77.6]
      [GC Worker End (ms): Min: 21085.5, Avg: 21085.7, Max: 21086.0, Diff: 0.4]
   [Code Root Fixup: 0.0 ms]
   [Code Root Purge: 0.0 ms]
   [Clear CT: 1.1 ms]
   [Other: 5.6 ms]
      [Choose CSet: 0.0 ms]
      [Ref Proc: 4.9 ms]
      [Ref Enq: 0.0 ms]
      [Redirty Cards: 0.6 ms]
      [Humongous Register: 0.0 ms]
      [Humongous Reclaim: 0.0 ms]
      [Free CSet: 0.0 ms]
   [Eden: 2048.0K(2048.0K)->0.0B(13312.0K) Survivors: 1024.0K->1024.0K Heap: 35612.6K(65536.0K)->33102.6K(65536.0K)]
 [Times: user=0.13 sys=0.01, real=0.02 secs] 
2026-06-17T09:48:58.925+0800: 21.126: [GC pause (G1 Evacuation Pause) (young), 0.0186359 secs]
   [Parallel Time: 13.5 ms, GC Workers: 18]
      [GC Worker Start (ms): Min: 21126.7, Avg: 21129.8, Max: 21138.0, Diff: 11.3]
      [Ext Root Scanning (ms): Min: 0.0, Avg: 0.1, Max: 0.5, Diff: 0.5, Sum: 1.2]
      [Update RS (ms): Min: 0.0, Avg: 0.0, Max: 0.3, Diff: 0.3, Sum: 0.5]
         [Processed Buffers: Min: 0, Avg: 0.3, Max: 2, Diff: 2, Sum: 5]
      [Scan RS (ms): Min: 0.0, Avg: 0.0, Max: 0.0, Diff: 0.0, Sum: 0.1]
      [Code Root Scanning (ms): Min: 0.0, Avg: 0.0, Max: 0.0, Diff: 0.0, Sum: 0.0]
      [Object Copy (ms): Min: 0.0, Avg: 0.1, Max: 0.3, Diff: 0.3, Sum: 0.9]
      [Termination (ms): Min: 0.0, Avg: 8.2, Max: 11.0, Diff: 11.0, Sum: 147.8]
         [Termination Attempts: Min: 1, Avg: 1.0, Max: 1, Diff: 0, Sum: 18]
      [GC Worker Other (ms): Min: 0.0, Avg: 0.0, Max: 0.0, Diff: 0.0, Sum: 0.2]
      [GC Worker Total (ms): Min: 0.0, Avg: 8.4, Max: 11.4, Diff: 11.4, Sum: 150.7]
      [GC Worker End (ms): Min: 21138.0, Avg: 21138.2, Max: 21138.7, Diff: 0.7]
   [Code Root Fixup: 0.0 ms]
   [Code Root Purge: 0.0 ms]
   [Clear CT: 0.7 ms]
   [Other: 4.4 ms]
      [Choose CSet: 0.0 ms]
      [Ref Proc: 3.7 ms]
      [Ref Enq: 0.0 ms]
      [Redirty Cards: 0.7 ms]
      [Humongous Register: 0.0 ms]
      [Humongous Reclaim: 0.0 ms]
      [Free CSet: 0.0 ms]
   [Eden: 13312.0K(13312.0K)->0.0B(11264.0K) Survivors: 1024.0K->2048.0K Heap: 46414.6K(65536.0K)->35743.6K(65536.0K)]
 [Times: user=0.18 sys=0.00, real=0.02 secs] 
2026-06-17T09:48:58.967+0800: 21.168: [GC pause (G1 Humongous Allocation) (young) (initial-mark), 0.0192783 secs]
   [Parallel Time: 10.7 ms, GC Workers: 18]
      [GC Worker Start (ms): Min: 21168.2, Avg: 21169.3, Max: 21170.2, Diff: 2.0]
      [Ext Root Scanning (ms): Min: 0.0, Avg: 3.2, Max: 6.2, Diff: 6.1, Sum: 57.4]
      [Update RS (ms): Min: 0.0, Avg: 0.0, Max: 0.0, Diff: 0.0, Sum: 0.1]
         [Processed Buffers: Min: 0, Avg: 0.2, Max: 4, Diff: 4, Sum: 4]
      [Scan RS (ms): Min: 0.0, Avg: 0.0, Max: 0.0, Diff: 0.0, Sum: 0.0]
      [Code Root Scanning (ms): Min: 0.0, Avg: 0.0, Max: 0.0, Diff: 0.0, Sum: 0.0]
      [Object Copy (ms): Min: 0.0, Avg: 0.0, Max: 0.4, Diff: 0.4, Sum: 0.8]
      [Termination (ms): Min: 0.0, Avg: 3.8, Max: 5.6, Diff: 5.6, Sum: 68.3]
         [Termination Attempts: Min: 1, Avg: 1.0, Max: 1, Diff: 0, Sum: 18]
      [GC Worker Other (ms): Min: 0.0, Avg: 0.0, Max: 0.0, Diff: 0.0, Sum: 0.3]
      [GC Worker Total (ms): Min: 6.1, Avg: 7.0, Max: 8.1, Diff: 2.0, Sum: 126.9]
      [GC Worker End (ms): Min: 21176.1, Avg: 21176.3, Max: 21176.6, Diff: 0.5]
   [Code Root Fixup: 0.0 ms]
   [Code Root Purge: 0.0 ms]
   [Clear CT: 1.9 ms]
   [Other: 6.7 ms]
      [Choose CSet: 0.0 ms]
      [Ref Proc: 5.7 ms]
      [Ref Enq: 0.0 ms]
      [Redirty Cards: 0.9 ms]
      [Humongous Register: 0.0 ms]
      [Humongous Reclaim: 0.0 ms]
      [Free CSet: 0.0 ms]
   [Eden: 9216.0K(11264.0K)->0.0B(10240.0K) Survivors: 2048.0K->2048.0K Heap: 44781.0K(65536.0K)->37738.7K(65536.0K)]
 [Times: user=0.10 sys=0.01, real=0.02 secs] 
2026-06-17T09:48:58.987+0800: 21.188: [GC concurrent-root-region-scan-start]
2026-06-17T09:48:58.988+0800: 21.189: [GC concurrent-root-region-scan-end, 0.0003918 secs]
2026-06-17T09:48:58.988+0800: 21.189: [GC concurrent-mark-start]
2026-06-17T09:48:58.988+0800: 21.189: [GC concurrent-mark-end, 0.0005449 secs]
2026-06-17T09:48:58.988+0800: 21.189: [GC remark 2026-06-17T09:48:58.989+0800: 21.190: [Finalize Marking, 0.0095297 secs] 2026-06-17T09:48:58.999+0800: 21.200: [GC ref-proc, 0.0006623 secs] 2026-06-17T09:48:59.000+0800: 21.201: [Unloading, 0.0022775 secs], 0.0156049 secs]
 [Times: user=0.11 sys=0.00, real=0.02 secs] 
2026-06-17T09:48:59.005+0800: 21.206: [GC cleanup 40897K->38849K(65536K), 0.0027030 secs]
 [Times: user=0.00 sys=0.00, real=0.00 secs] 
2026-06-17T09:48:59.009+0800: 21.210: [GC concurrent-cleanup-start]
2026-06-17T09:48:59.009+0800: 21.210: [GC concurrent-cleanup-end, 0.0000063 secs]
2026-06-17T09:48:59.030+0800: 21.231: [GC pause (G1 Evacuation Pause) (young), 0.0166086 secs]
   [Parallel Time: 9.6 ms, GC Workers: 18]
      [GC Worker Start (ms): Min: 21231.3, Avg: 21233.2, Max: 21238.7, Diff: 7.3]
      [Ext Root Scanning (ms): Min: 0.0, Avg: 0.0, Max: 0.3, Diff: 0.3, Sum: 0.8]
      [Update RS (ms): Min: 0.0, Avg: 0.0, Max: 0.1, Diff: 0.1, Sum: 0.1]
         [Processed Buffers: Min: 0, Avg: 0.2, Max: 1, Diff: 1, Sum: 3]
      [Scan RS (ms): Min: 0.0, Avg: 0.0, Max: 0.0, Diff: 0.0, Sum: 0.0]
      [Code Root Scanning (ms): Min: 0.0, Avg: 0.0, Max: 0.0, Diff: 0.0, Sum: 0.0]
      [Object Copy (ms): Min: 0.0, Avg: 0.1, Max: 0.3, Diff: 0.3, Sum: 1.1]
      [Termination (ms): Min: 0.0, Avg: 5.7, Max: 7.5, Diff: 7.5, Sum: 102.0]
         [Termination Attempts: Min: 1, Avg: 1.1, Max: 2, Diff: 1, Sum: 19]
      [GC Worker Other (ms): Min: 0.0, Avg: 0.0, Max: 0.0, Diff: 0.0, Sum: 0.2]
      [GC Worker Total (ms): Min: 0.0, Avg: 5.8, Max: 8.0, Diff: 8.0, Sum: 104.3]
      [GC Worker End (ms): Min: 21238.7, Avg: 21239.0, Max: 21239.5, Diff: 0.8]
   [Code Root Fixup: 0.0 ms]
   [Code Root Purge: 0.0 ms]
   [Clear CT: 1.3 ms]
   [Other: 5.7 ms]
      [Choose CSet: 0.0 ms]
      [Ref Proc: 4.8 ms]
      [Ref Enq: 0.0 ms]
      [Redirty Cards: 0.8 ms]
      [Humongous Register: 0.0 ms]
      [Humongous Reclaim: 0.0 ms]
      [Free CSet: 0.0 ms]
   [Eden: 10240.0K(10240.0K)->0.0B(1024.0K) Survivors: 2048.0K->2048.0K Heap: 47064.7K(65536.0K)->40473.6K(65536.0K)]
 [Times: user=0.14 sys=0.01, real=0.02 secs] 
2026-06-17T09:48:59.048+0800: 21.249: [GC pause (G1 Evacuation Pause) (mixed), 0.0096922 secs]
   [Parallel Time: 4.4 ms, GC Workers: 18]
      [GC Worker Start (ms): Min: 21249.0, Avg: 21249.7, Max: 21251.9, Diff: 2.9]
      [Ext Root Scanning (ms): Min: 0.0, Avg: 0.0, Max: 0.2, Diff: 0.2, Sum: 0.4]
      [Update RS (ms): Min: 0.0, Avg: 0.0, Max: 0.0, Diff: 0.0, Sum: 0.0]
         [Processed Buffers: Min: 0, Avg: 0.2, Max: 2, Diff: 2, Sum: 3]
      [Scan RS (ms): Min: 0.0, Avg: 0.0, Max: 0.0, Diff: 0.0, Sum: 0.0]
      [Code Root Scanning (ms): Min: 0.0, Avg: 0.0, Max: 0.0, Diff: 0.0, Sum: 0.0]
      [Object Copy (ms): Min: 0.0, Avg: 0.1, Max: 0.3, Diff: 0.3, Sum: 1.1]
      [Termination (ms): Min: 0.0, Avg: 2.3, Max: 3.0, Diff: 3.0, Sum: 41.4]
         [Termination Attempts: Min: 1, Avg: 1.0, Max: 1, Diff: 0, Sum: 18]
      [GC Worker Other (ms): Min: 0.0, Avg: 0.0, Max: 0.0, Diff: 0.0, Sum: 0.2]
      [GC Worker Total (ms): Min: 0.0, Avg: 2.4, Max: 3.5, Diff: 3.4, Sum: 43.1]
      [GC Worker End (ms): Min: 21251.9, Avg: 21252.1, Max: 21252.5, Diff: 0.6]
   [Code Root Fixup: 0.0 ms]
   [Code Root Purge: 0.0 ms]
   [Clear CT: 0.6 ms]
   [Other: 4.7 ms]
      [Choose CSet: 0.0 ms]
      [Ref Proc: 4.1 ms]
      [Ref Enq: 0.0 ms]
      [Redirty Cards: 0.5 ms]
      [Humongous Register: 0.0 ms]
      [Humongous Reclaim: 0.0 ms]
      [Free CSet: 0.0 ms]
   [Eden: 1024.0K(1024.0K)->0.0B(2048.0K) Survivors: 2048.0K->1024.0K Heap: 41497.6K(65536.0K)->38041.1K(65536.0K)]
 [Times: user=0.08 sys=0.00, real=0.01 secs] 
2026-06-17T09:48:59.069+0800: 21.270: [GC pause (G1 Evacuation Pause) (mixed), 0.0155967 secs]
   [Parallel Time: 8.2 ms, GC Workers: 18]
      [GC Worker Start (ms): Min: 21270.3, Avg: 21272.2, Max: 21276.9, Diff: 6.6]
      [Ext Root Scanning (ms): Min: 0.0, Avg: 0.0, Max: 0.2, Diff: 0.2, Sum: 0.6]
      [Update RS (ms): Min: 0.0, Avg: 0.0, Max: 0.0, Diff: 0.0, Sum: 0.1]
         [Processed Buffers: Min: 0, Avg: 0.3, Max: 3, Diff: 3, Sum: 6]
      [Scan RS (ms): Min: 0.0, Avg: 0.0, Max: 0.0, Diff: 0.0, Sum: 0.1]
      [Code Root Scanning (ms): Min: 0.0, Avg: 0.0, Max: 0.0, Diff: 0.0, Sum: 0.0]
      [Object Copy (ms): Min: 0.0, Avg: 0.1, Max: 0.3, Diff: 0.3, Sum: 1.4]
      [Termination (ms): Min: 0.0, Avg: 4.9, Max: 6.7, Diff: 6.7, Sum: 87.4]
         [Termination Attempts: Min: 1, Avg: 1.0, Max: 1, Diff: 0, Sum: 18]
      [GC Worker Other (ms): Min: 0.0, Avg: 0.0, Max: 0.0, Diff: 0.0, Sum: 0.2]
      [GC Worker Total (ms): Min: 0.0, Avg: 5.0, Max: 6.9, Diff: 6.9, Sum: 89.7]
      [GC Worker End (ms): Min: 21276.9, Avg: 21277.2, Max: 21277.8, Diff: 0.9]
   [Code Root Fixup: 0.0 ms]
   [Code Root Purge: 0.0 ms]
   [Clear CT: 1.1 ms]
   [Other: 6.3 ms]
      [Choose CSet: 0.0 ms]
      [Ref Proc: 5.6 ms]
      [Ref Enq: 0.0 ms]
      [Redirty Cards: 0.6 ms]
      [Humongous Register: 0.0 ms]
      [Humongous Reclaim: 0.0 ms]
      [Free CSet: 0.0 ms]
   [Eden: 2048.0K(2048.0K)->0.0B(9216.0K) Survivors: 1024.0K->1024.0K Heap: 40089.1K(65536.0K)->38213.6K(65536.0K)]
 [Times: user=0.14 sys=0.00, real=0.02 secs] 
2026-06-17T09:48:59.107+0800: 21.308: [GC pause (G1 Evacuation Pause) (young), 0.0176971 secs]
   [Parallel Time: 10.3 ms, GC Workers: 18]
      [GC Worker Start (ms): Min: 21308.1, Avg: 21310.0, Max: 21316.0, Diff: 7.9]
      [Ext Root Scanning (ms): Min: 0.0, Avg: 0.1, Max: 0.4, Diff: 0.4, Sum: 1.0]
      [Update RS (ms): Min: 0.0, Avg: 0.0, Max: 0.1, Diff: 0.1, Sum: 0.3]
         [Processed Buffers: Min: 0, Avg: 0.3, Max: 3, Diff: 3, Sum: 6]
      [Scan RS (ms): Min: 0.0, Avg: 0.0, Max: 0.0, Diff: 0.0, Sum: 0.0]
      [Code Root Scanning (ms): Min: 0.0, Avg: 0.0, Max: 0.0, Diff: 0.0, Sum: 0.0]
      [Object Copy (ms): Min: 0.0, Avg: 0.0, Max: 0.2, Diff: 0.2, Sum: 0.7]
      [Termination (ms): Min: 0.0, Avg: 6.1, Max: 7.8, Diff: 7.8, Sum: 109.0]
         [Termination Attempts: Min: 1, Avg: 1.0, Max: 1, Diff: 0, Sum: 18]
      [GC Worker Other (ms): Min: 0.0, Avg: 0.0, Max: 0.0, Diff: 0.0, Sum: 0.2]
      [GC Worker Total (ms): Min: 0.0, Avg: 6.2, Max: 8.4, Diff: 8.4, Sum: 111.3]
      [GC Worker End (ms): Min: 21316.0, Avg: 21316.2, Max: 21316.9, Diff: 0.9]
   [Code Root Fixup: 0.0 ms]
   [Code Root Purge: 0.0 ms]
   [Clear CT: 1.7 ms]
   [Other: 5.7 ms]
      [Choose CSet: 0.0 ms]
      [Ref Proc: 4.7 ms]
      [Ref Enq: 0.0 ms]
      [Redirty Cards: 0.9 ms]
      [Humongous Register: 0.0 ms]
      [Humongous Reclaim: 0.0 ms]
      [Free CSet: 0.0 ms]
   [Eden: 9216.0K(9216.0K)->0.0B(7168.0K) Survivors: 1024.0K->2048.0K Heap: 47429.6K(65536.0K)->40805.6K(65536.0K)]
 [Times: user=0.14 sys=0.01, real=0.02 secs] 
2026-06-17T09:48:59.136+0800: 21.338: [GC pause (G1 Evacuation Pause) (young) (initial-mark), 0.0168881 secs]
   [Parallel Time: 11.6 ms, GC Workers: 18]
      [GC Worker Start (ms): Min: 21337.6, Avg: 21338.5, Max: 21339.0, Diff: 1.4]
      [Ext Root Scanning (ms): Min: 0.0, Avg: 2.4, Max: 8.1, Diff: 8.1, Sum: 42.6]
      [Update RS (ms): Min: 0.0, Avg: 0.0, Max: 0.0, Diff: 0.0, Sum: 0.0]
         [Processed Buffers: Min: 0, Avg: 0.1, Max: 2, Diff: 2, Sum: 2]
      [Scan RS (ms): Min: 0.0, Avg: 0.0, Max: 0.0, Diff: 0.0, Sum: 0.0]
      [Code Root Scanning (ms): Min: 0.0, Avg: 0.0, Max: 0.0, Diff: 0.0, Sum: 0.0]
      [Object Copy (ms): Min: 0.0, Avg: 0.0, Max: 0.2, Diff: 0.2, Sum: 0.4]
      [Termination (ms): Min: 0.0, Avg: 6.4, Max: 8.2, Diff: 8.2, Sum: 116.0]
         [Termination Attempts: Min: 1, Avg: 1.0, Max: 1, Diff: 0, Sum: 18]
      [GC Worker Other (ms): Min: 0.0, Avg: 0.0, Max: 0.1, Diff: 0.1, Sum: 0.3]
      [GC Worker Total (ms): Min: 8.2, Avg: 8.8, Max: 9.8, Diff: 1.7, Sum: 159.3]
      [GC Worker End (ms): Min: 21347.1, Avg: 21347.3, Max: 21348.0, Diff: 0.9]
   [Code Root Fixup: 0.0 ms]
   [Code Root Purge: 0.0 ms]
   [Clear CT: 0.8 ms]
   [Other: 4.5 ms]
      [Choose CSet: 0.0 ms]
      [Ref Proc: 3.7 ms]
      [Ref Enq: 0.0 ms]
      [Redirty Cards: 0.7 ms]
      [Humongous Register: 0.0 ms]
      [Humongous Reclaim: 0.0 ms]
      [Free CSet: 0.0 ms]
   [Eden: 7168.0K(7168.0K)->0.0B(8192.0K) Survivors: 2048.0K->2048.0K Heap: 47973.6K(65536.0K)->40722.2K(65536.0K)]
 [Times: user=0.14 sys=0.01, real=0.02 secs] 
2026-06-17T09:48:59.154+0800: 21.355: [GC concurrent-root-region-scan-start]
2026-06-17T09:48:59.154+0800: 21.356: [GC concurrent-root-region-scan-end, 0.0002474 secs]
2026-06-17T09:48:59.154+0800: 21.356: [GC concurrent-mark-start]
2026-06-17T09:48:59.155+0800: 21.356: [GC concurrent-mark-end, 0.0003158 secs]
2026-06-17T09:48:59.155+0800: 21.356: [GC remark 2026-06-17T09:48:59.155+0800: 21.357: [Finalize Marking, 0.0039083 secs] 2026-06-17T09:48:59.160+0800: 21.361: [GC ref-proc, 0.0006833 secs] 2026-06-17T09:48:59.161+0800: 21.362: [Unloading, 0.0022405 secs], 0.0091849 secs]
 [Times: user=0.02 sys=0.01, real=0.01 secs] 
2026-06-17T09:48:59.165+0800: 21.366: [GC cleanup 43762K->38642K(65536K), 0.0025029 secs]
 [Times: user=0.00 sys=0.00, real=0.00 secs] 
2026-06-17T09:48:59.169+0800: 21.370: [GC concurrent-cleanup-start]
2026-06-17T09:48:59.169+0800: 21.370: [GC concurrent-cleanup-end, 0.0000101 secs]
2026-06-17T09:48:59.179+0800: 21.380: [GC pause (G1 Evacuation Pause) (young), 0.0147309 secs]
   [Parallel Time: 9.4 ms, GC Workers: 18]
      [GC Worker Start (ms): Min: 21380.4, Avg: 21382.1, Max: 21387.9, Diff: 7.5]
      [Ext Root Scanning (ms): Min: 0.0, Avg: 0.0, Max: 0.2, Diff: 0.2, Sum: 0.5]
      [Update RS (ms): Min: 0.0, Avg: 0.0, Max: 0.0, Diff: 0.0, Sum: 0.0]
         [Processed Buffers: Min: 0, Avg: 0.1, Max: 1, Diff: 1, Sum: 2]
      [Scan RS (ms): Min: 0.0, Avg: 0.0, Max: 0.0, Diff: 0.0, Sum: 0.0]
      [Code Root Scanning (ms): Min: 0.0, Avg: 0.0, Max: 0.0, Diff: 0.0, Sum: 0.0]
      [Object Copy (ms): Min: 0.0, Avg: 0.0, Max: 0.2, Diff: 0.2, Sum: 0.8]
      [Termination (ms): Min: 0.0, Avg: 6.0, Max: 8.1, Diff: 8.1, Sum: 108.9]
         [Termination Attempts: Min: 1, Avg: 1.0, Max: 1, Diff: 0, Sum: 18]
      [GC Worker Other (ms): Min: 0.0, Avg: 0.0, Max: 0.0, Diff: 0.0, Sum: 0.2]
      [GC Worker Total (ms): Min: 0.0, Avg: 6.1, Max: 8.4, Diff: 8.4, Sum: 110.4]
      [GC Worker End (ms): Min: 21388.0, Avg: 21388.2, Max: 21389.0, Diff: 1.0]
   [Code Root Fixup: 0.0 ms]
   [Code Root Purge: 0.0 ms]
   [Clear CT: 1.5 ms]
   [Other: 3.8 ms]
      [Choose CSet: 0.0 ms]
      [Ref Proc: 3.2 ms]
      [Ref Enq: 0.0 ms]
      [Redirty Cards: 0.5 ms]
      [Humongous Register: 0.0 ms]
      [Humongous Reclaim: 0.0 ms]
      [Free CSet: 0.0 ms]
   [Eden: 8192.0K(8192.0K)->0.0B(1024.0K) Survivors: 2048.0K->2048.0K Heap: 43794.2K(65536.0K)->40282.6K(65536.0K)]
 [Times: user=0.13 sys=0.00, real=0.02 secs] 
2026-06-17T09:48:59.205+0800: 21.406: [GC pause (G1 Evacuation Pause) (mixed), 0.0121246 secs]
   [Parallel Time: 6.9 ms, GC Workers: 18]
      [GC Worker Start (ms): Min: 21406.5, Avg: 21407.8, Max: 21411.4, Diff: 4.9]
      [Ext Root Scanning (ms): Min: 0.0, Avg: 0.0, Max: 0.2, Diff: 0.2, Sum: 0.4]
      [Update RS (ms): Min: 0.0, Avg: 0.0, Max: 0.0, Diff: 0.0, Sum: 0.0]
         [Processed Buffers: Min: 0, Avg: 0.2, Max: 1, Diff: 1, Sum: 3]
      [Scan RS (ms): Min: 0.0, Avg: 0.0, Max: 0.0, Diff: 0.0, Sum: 0.1]
      [Code Root Scanning (ms): Min: 0.0, Avg: 0.0, Max: 0.0, Diff: 0.0, Sum: 0.0]
      [Object Copy (ms): Min: 0.0, Avg: 0.0, Max: 0.1, Diff: 0.1, Sum: 0.4]
      [Termination (ms): Min: 0.0, Avg: 3.7, Max: 4.9, Diff: 4.9, Sum: 66.7]
         [Termination Attempts: Min: 1, Avg: 1.0, Max: 1, Diff: 0, Sum: 18]
      [GC Worker Other (ms): Min: 0.0, Avg: 0.0, Max: 0.0, Diff: 0.0, Sum: 0.2]
      [GC Worker Total (ms): Min: 0.0, Avg: 3.8, Max: 5.0, Diff: 5.0, Sum: 67.8]
      [GC Worker End (ms): Min: 21411.4, Avg: 21411.6, Max: 21411.9, Diff: 0.5]
   [Code Root Fixup: 0.0 ms]
   [Code Root Purge: 0.0 ms]
   [Clear CT: 0.9 ms]
   [Other: 4.3 ms]
      [Choose CSet: 0.0 ms]
      [Ref Proc: 3.6 ms]
      [Ref Enq: 0.0 ms]
      [Redirty Cards: 0.6 ms]
      [Humongous Register: 0.0 ms]
      [Humongous Reclaim: 0.0 ms]
      [Free CSet: 0.0 ms]
   [Eden: 1024.0K(1024.0K)->0.0B(2048.0K) Survivors: 2048.0K->1024.0K Heap: 41306.6K(65536.0K)->34670.4K(65536.0K)]
 [Times: user=0.10 sys=0.01, real=0.01 secs] 
2026-06-17T09:48:59.219+0800: 21.420: [GC pause (G1 Evacuation Pause) (mixed), 0.0078512 secs]
   [Parallel Time: 2.8 ms, GC Workers: 18]
      [GC Worker Start (ms): Min: 21419.8, Avg: 21420.8, Max: 21421.8, Diff: 2.0]
      [Ext Root Scanning (ms): Min: 0.0, Avg: 0.0, Max: 0.1, Diff: 0.1, Sum: 0.3]
      [Update RS (ms): Min: 0.0, Avg: 0.0, Max: 0.0, Diff: 0.0, Sum: 0.0]
         [Processed Buffers: Min: 0, Avg: 0.2, Max: 2, Diff: 2, Sum: 4]
      [Scan RS (ms): Min: 0.0, Avg: 0.0, Max: 0.0, Diff: 0.0, Sum: 0.0]
      [Code Root Scanning (ms): Min: 0.0, Avg: 0.0, Max: 0.0, Diff: 0.0, Sum: 0.0]
      [Object Copy (ms): Min: 0.0, Avg: 0.1, Max: 0.3, Diff: 0.3, Sum: 1.0]
      [Termination (ms): Min: 0.0, Avg: 1.0, Max: 1.7, Diff: 1.7, Sum: 18.6]
         [Termination Attempts: Min: 1, Avg: 1.0, Max: 1, Diff: 0, Sum: 18]
      [GC Worker Other (ms): Min: 0.0, Avg: 0.0, Max: 0.0, Diff: 0.0, Sum: 0.1]
      [GC Worker Total (ms): Min: 0.0, Avg: 1.1, Max: 2.1, Diff: 2.1, Sum: 20.1]
      [GC Worker End (ms): Min: 21421.8, Avg: 21421.9, Max: 21422.1, Diff: 0.3]
   [Code Root Fixup: 0.0 ms]
   [Code Root Purge: 0.0 ms]
   [Clear CT: 1.0 ms]
   [Other: 4.1 ms]
      [Choose CSet: 0.0 ms]
      [Ref Proc: 3.5 ms]
      [Ref Enq: 0.0 ms]
      [Redirty Cards: 0.5 ms]
      [Humongous Register: 0.0 ms]
      [Humongous Reclaim: 0.0 ms]
      [Free CSet: 0.0 ms]
   [Eden: 2048.0K(2048.0K)->0.0B(2048.0K) Survivors: 1024.0K->1024.0K Heap: 36718.4K(65536.0K)->34878.6K(65536.0K)]
 [Times: user=0.05 sys=0.00, real=0.01 secs] 
2026-06-17T09:48:59.228+0800: 21.429: [GC pause (G1 Evacuation Pause) (mixed), 0.0094136 secs]
   [Parallel Time: 3.0 ms, GC Workers: 18]
      [GC Worker Start (ms): Min: 21429.0, Avg: 21430.0, Max: 21431.2, Diff: 2.2]
      [Ext Root Scanning (ms): Min: 0.0, Avg: 0.0, Max: 0.1, Diff: 0.1, Sum: 0.3]
      [Update RS (ms): Min: 0.0, Avg: 0.0, Max: 0.0, Diff: 0.0, Sum: 0.0]
         [Processed Buffers: Min: 0, Avg: 0.3, Max: 2, Diff: 2, Sum: 5]
      [Scan RS (ms): Min: 0.0, Avg: 0.0, Max: 0.0, Diff: 0.0, Sum: 0.1]
      [Code Root Scanning (ms): Min: 0.0, Avg: 0.0, Max: 0.0, Diff: 0.0, Sum: 0.0]
      [Object Copy (ms): Min: 0.0, Avg: 0.0, Max: 0.2, Diff: 0.2, Sum: 0.6]
      [Termination (ms): Min: 0.0, Avg: 1.3, Max: 2.0, Diff: 2.0, Sum: 23.5]
         [Termination Attempts: Min: 1, Avg: 1.2, Max: 2, Diff: 1, Sum: 21]
      [GC Worker Other (ms): Min: 0.0, Avg: 0.0, Max: 0.1, Diff: 0.1, Sum: 0.1]
      [GC Worker Total (ms): Min: 0.0, Avg: 1.4, Max: 2.3, Diff: 2.3, Sum: 24.6]
      [GC Worker End (ms): Min: 21431.2, Avg: 21431.3, Max: 21431.5, Diff: 0.2]
   [Code Root Fixup: 0.0 ms]
   [Code Root Purge: 0.0 ms]
   [Clear CT: 0.7 ms]
   [Other: 5.8 ms]
      [Choose CSet: 0.0 ms]
      [Ref Proc: 5.2 ms]
      [Ref Enq: 0.0 ms]
      [Redirty Cards: 0.5 ms]
      [Humongous Register: 0.0 ms]
      [Humongous Reclaim: 0.0 ms]
      [Free CSet: 0.0 ms]
   [Eden: 2048.0K(2048.0K)->0.0B(11264.0K) Survivors: 1024.0K->1024.0K Heap: 36926.6K(65536.0K)->35206.6K(65536.0K)]
 [Times: user=0.08 sys=0.00, real=0.01 secs] 
2026-06-17T09:48:59.270+0800: 21.471: [GC pause (G1 Evacuation Pause) (young), 0.0137194 secs]
   [Parallel Time: 5.5 ms, GC Workers: 18]
      [GC Worker Start (ms): Min: 21471.7, Avg: 21473.4, Max: 21475.1, Diff: 3.4]
      [Ext Root Scanning (ms): Min: 0.0, Avg: 0.1, Max: 0.6, Diff: 0.5, Sum: 1.3]
      [Update RS (ms): Min: 0.0, Avg: 0.0, Max: 0.2, Diff: 0.2, Sum: 0.6]
         [Processed Buffers: Min: 0, Avg: 0.3, Max: 2, Diff: 2, Sum: 5]
      [Scan RS (ms): Min: 0.0, Avg: 0.0, Max: 0.0, Diff: 0.0, Sum: 0.1]
      [Code Root Scanning (ms): Min: 0.0, Avg: 0.0, Max: 0.0, Diff: 0.0, Sum: 0.0]
      [Object Copy (ms): Min: 0.0, Avg: 0.0, Max: 0.1, Diff: 0.1, Sum: 0.4]
      [Termination (ms): Min: 0.0, Avg: 1.7, Max: 2.9, Diff: 2.9, Sum: 31.3]
         [Termination Attempts: Min: 1, Avg: 1.0, Max: 1, Diff: 0, Sum: 18]
      [GC Worker Other (ms): Min: 0.0, Avg: 0.0, Max: 0.0, Diff: 0.0, Sum: 0.2]
      [GC Worker Total (ms): Min: 0.0, Avg: 1.9, Max: 3.7, Diff: 3.7, Sum: 33.8]
      [GC Worker End (ms): Min: 21475.1, Avg: 21475.2, Max: 21475.5, Diff: 0.4]
   [Code Root Fixup: 0.0 ms]
   [Code Root Purge: 0.0 ms]
   [Clear CT: 1.6 ms]
   [Other: 6.6 ms]
      [Choose CSet: 0.0 ms]
      [Ref Proc: 5.4 ms]
      [Ref Enq: 0.0 ms]
      [Redirty Cards: 1.1 ms]
      [Humongous Register: 0.0 ms]
      [Humongous Reclaim: 0.0 ms]
      [Free CSet: 0.0 ms]
   [Eden: 11264.0K(11264.0K)->0.0B(11264.0K) Survivors: 1024.0K->2048.0K Heap: 46470.6K(65536.0K)->35930.9K(65536.0K)]
 [Times: user=0.08 sys=0.01, real=0.02 secs] 
2026-06-17T09:48:59.317+0800: 21.519: [GC pause (G1 Evacuation Pause) (young) (initial-mark), 0.0214274 secs]
   [Parallel Time: 13.9 ms, GC Workers: 18]
      [GC Worker Start (ms): Min: 21518.9, Avg: 21520.0, Max: 21521.0, Diff: 2.1]
      [Ext Root Scanning (ms): Min: 0.0, Avg: 3.0, Max: 9.3, Diff: 9.2, Sum: 54.5]
      [Update RS (ms): Min: 0.0, Avg: 0.0, Max: 0.0, Diff: 0.0, Sum: 0.1]
         [Processed Buffers: Min: 0, Avg: 0.1, Max: 2, Diff: 2, Sum: 2]
      [Scan RS (ms): Min: 0.0, Avg: 0.0, Max: 0.0, Diff: 0.0, Sum: 0.0]
      [Code Root Scanning (ms): Min: 0.0, Avg: 0.0, Max: 0.0, Diff: 0.0, Sum: 0.0]
      [Object Copy (ms): Min: 0.0, Avg: 0.1, Max: 0.5, Diff: 0.5, Sum: 1.4]
      [Termination (ms): Min: 0.0, Avg: 7.5, Max: 9.6, Diff: 9.6, Sum: 134.9]
         [Termination Attempts: Min: 1, Avg: 1.3, Max: 3, Diff: 2, Sum: 23]
      [GC Worker Other (ms): Min: 0.0, Avg: 0.0, Max: 0.0, Diff: 0.0, Sum: 0.2]
      [GC Worker Total (ms): Min: 9.3, Avg: 10.6, Max: 12.0, Diff: 2.7, Sum: 191.1]
      [GC Worker End (ms): Min: 21530.2, Avg: 21530.6, Max: 21531.1, Diff: 0.9]
   [Code Root Fixup: 0.0 ms]
   [Code Root Purge: 0.0 ms]
   [Clear CT: 3.2 ms]
   [Other: 4.4 ms]
      [Choose CSet: 0.0 ms]
      [Ref Proc: 2.9 ms]
      [Ref Enq: 0.0 ms]
      [Redirty Cards: 1.3 ms]
      [Humongous Register: 0.0 ms]
      [Humongous Reclaim: 0.0 ms]
      [Free CSet: 0.0 ms]
   [Eden: 11264.0K(11264.0K)->0.0B(8192.0K) Survivors: 2048.0K->2048.0K Heap: 47194.9K(65536.0K)->39855.6K(65536.0K)]
 [Times: user=0.16 sys=0.01, real=0.02 secs] 
2026-06-17T09:48:59.340+0800: 21.541: [GC concurrent-root-region-scan-start]
2026-06-17T09:48:59.341+0800: 21.542: [GC concurrent-root-region-scan-end, 0.0003809 secs]
2026-06-17T09:48:59.341+0800: 21.542: [GC concurrent-mark-start]
2026-06-17T09:48:59.341+0800: 21.542: [GC concurrent-mark-end, 0.0005984 secs]
2026-06-17T09:48:59.341+0800: 21.543: [GC remark 2026-06-17T09:48:59.342+0800: 21.543: [Finalize Marking, 0.0143142 secs] 2026-06-17T09:48:59.357+0800: 21.558: [GC ref-proc, 0.0008302 secs] 2026-06-17T09:48:59.358+0800: 21.560: [Unloading, 0.0023665 secs], 0.0215733 secs]
 [Times: user=0.13 sys=0.01, real=0.03 secs] 
2026-06-17T09:48:59.364+0800: 21.565: [GC cleanup 43942K->42918K(65536K), 0.0030775 secs]
 [Times: user=0.00 sys=0.00, real=0.00 secs] 
2026-06-17T09:48:59.368+0800: 21.570: [GC concurrent-cleanup-start]
2026-06-17T09:48:59.369+0800: 21.570: [GC concurrent-cleanup-end, 0.0000082 secs]
2026-06-17T09:48:59.379+0800: 21.581: [GC pause (G1 Evacuation Pause) (young), 0.0181765 secs]
   [Parallel Time: 11.4 ms, GC Workers: 18]
      [GC Worker Start (ms): Min: 21580.6, Avg: 21583.5, Max: 21590.1, Diff: 9.5]
      [Ext Root Scanning (ms): Min: 0.0, Avg: 0.0, Max: 0.2, Diff: 0.2, Sum: 0.6]
      [Update RS (ms): Min: 0.0, Avg: 0.0, Max: 0.0, Diff: 0.0, Sum: 0.0]
         [Processed Buffers: Min: 0, Avg: 0.2, Max: 1, Diff: 1, Sum: 3]
      [Scan RS (ms): Min: 0.0, Avg: 0.0, Max: 0.0, Diff: 0.0, Sum: 0.0]
      [Code Root Scanning (ms): Min: 0.0, Avg: 0.0, Max: 0.0, Diff: 0.0, Sum: 0.0]
      [Object Copy (ms): Min: 0.0, Avg: 0.0, Max: 0.2, Diff: 0.2, Sum: 0.8]
      [Termination (ms): Min: 0.0, Avg: 6.8, Max: 9.6, Diff: 9.6, Sum: 122.3]
         [Termination Attempts: Min: 1, Avg: 1.0, Max: 1, Diff: 0, Sum: 18]
      [GC Worker Other (ms): Min: 0.0, Avg: 0.0, Max: 0.0, Diff: 0.0, Sum: 0.2]
      [GC Worker Total (ms): Min: 0.0, Avg: 6.9, Max: 9.9, Diff: 9.9, Sum: 124.0]
      [GC Worker End (ms): Min: 21590.1, Avg: 21590.4, Max: 21591.0, Diff: 0.8]
   [Code Root Fixup: 0.0 ms]
   [Code Root Purge: 0.0 ms]
   [Clear CT: 1.0 ms]
   [Other: 5.8 ms]
      [Choose CSet: 0.0 ms]
      [Ref Proc: 5.2 ms]
      [Ref Enq: 0.0 ms]
      [Redirty Cards: 0.5 ms]
      [Humongous Register: 0.0 ms]
      [Humongous Reclaim: 0.0 ms]
      [Free CSet: 0.0 ms]
   [Eden: 8192.0K(8192.0K)->0.0B(1024.0K) Survivors: 2048.0K->2048.0K Heap: 48207.7K(65536.0K)->44488.7K(65536.0K)]
 [Times: user=0.18 sys=0.00, real=0.02 secs] 
2026-06-17T09:48:59.399+0800: 21.600: [GC pause (G1 Evacuation Pause) (mixed), 0.0140011 secs]
   [Parallel Time: 8.2 ms, GC Workers: 18]
      [GC Worker Start (ms): Min: 21599.8, Avg: 21601.6, Max: 21607.0, Diff: 7.2]
      [Ext Root Scanning (ms): Min: 0.0, Avg: 0.0, Max: 0.1, Diff: 0.1, Sum: 0.3]
      [Update RS (ms): Min: 0.0, Avg: 0.0, Max: 0.0, Diff: 0.0, Sum: 0.0]
         [Processed Buffers: Min: 0, Avg: 0.2, Max: 2, Diff: 2, Sum: 3]
      [Scan RS (ms): Min: 0.0, Avg: 0.0, Max: 0.0, Diff: 0.0, Sum: 0.0]
      [Code Root Scanning (ms): Min: 0.0, Avg: 0.0, Max: 0.0, Diff: 0.0, Sum: 0.0]
      [Object Copy (ms): Min: 0.0, Avg: 0.1, Max: 0.3, Diff: 0.3, Sum: 1.0]
      [Termination (ms): Min: 0.0, Avg: 5.6, Max: 7.2, Diff: 7.2, Sum: 100.0]
         [Termination Attempts: Min: 1, Avg: 1.0, Max: 1, Diff: 0, Sum: 18]
      [GC Worker Other (ms): Min: 0.0, Avg: 0.0, Max: 0.0, Diff: 0.0, Sum: 0.1]
      [GC Worker Total (ms): Min: 0.0, Avg: 5.6, Max: 7.4, Diff: 7.4, Sum: 101.5]
      [GC Worker End (ms): Min: 21607.0, Avg: 21607.2, Max: 21607.4, Diff: 0.4]
   [Code Root Fixup: 0.0 ms]
   [Code Root Purge: 0.0 ms]
   [Clear CT: 0.9 ms]
   [Other: 5.0 ms]
      [Choose CSet: 0.0 ms]
      [Ref Proc: 4.4 ms]
      [Ref Enq: 0.0 ms]
      [Redirty Cards: 0.5 ms]
      [Humongous Register: 0.0 ms]
      [Humongous Reclaim: 0.0 ms]
      [Free CSet: 0.0 ms]
   [Eden: 1024.0K(1024.0K)->0.0B(2048.0K) Survivors: 2048.0K->1024.0K Heap: 45512.7K(65536.0K)->43200.1K(65536.0K)]
 [Times: user=0.12 sys=0.01, real=0.02 secs] 
2026-06-17T09:48:59.424+0800: 21.625: [GC pause (G1 Evacuation Pause) (mixed), 0.0137456 secs]
   [Parallel Time: 7.5 ms, GC Workers: 18]
      [GC Worker Start (ms): Min: 21625.1, Avg: 21626.7, Max: 21632.1, Diff: 7.0]
      [Ext Root Scanning (ms): Min: 0.0, Avg: 0.0, Max: 0.2, Diff: 0.2, Sum: 0.5]
      [Update RS (ms): Min: 0.0, Avg: 0.0, Max: 0.0, Diff: 0.0, Sum: 0.0]
         [Processed Buffers: Min: 0, Avg: 0.3, Max: 2, Diff: 2, Sum: 5]
      [Scan RS (ms): Min: 0.0, Avg: 0.0, Max: 0.0, Diff: 0.0, Sum: 0.1]
      [Code Root Scanning (ms): Min: 0.0, Avg: 0.0, Max: 0.0, Diff: 0.0, Sum: 0.0]
      [Object Copy (ms): Min: 0.0, Avg: 0.1, Max: 0.3, Diff: 0.3, Sum: 1.1]
      [Termination (ms): Min: 0.0, Avg: 5.4, Max: 6.7, Diff: 6.7, Sum: 96.8]
         [Termination Attempts: Min: 1, Avg: 1.0, Max: 1, Diff: 0, Sum: 18]
      [GC Worker Other (ms): Min: 0.0, Avg: 0.0, Max: 0.0, Diff: 0.0, Sum: 0.1]
      [GC Worker Total (ms): Min: 0.0, Avg: 5.5, Max: 7.2, Diff: 7.2, Sum: 98.6]
      [GC Worker End (ms): Min: 21632.1, Avg: 21632.2, Max: 21632.3, Diff: 0.2]
   [Code Root Fixup: 0.0 ms]
   [Code Root Purge: 0.0 ms]
   [Clear CT: 1.9 ms]
   [Other: 4.3 ms]
      [Choose CSet: 0.0 ms]
      [Ref Proc: 3.7 ms]
      [Ref Enq: 0.0 ms]
      [Redirty Cards: 0.5 ms]
      [Humongous Register: 0.0 ms]
      [Humongous Reclaim: 0.0 ms]
      [Free CSet: 0.0 ms]
   [Eden: 2048.0K(2048.0K)->0.0B(2048.0K) Survivors: 1024.0K->1024.0K Heap: 45248.1K(65536.0K)->42812.7K(65536.0K)]
 [Times: user=0.13 sys=0.01, real=0.01 secs] 
2026-06-17T09:48:59.439+0800: 21.640: [GC pause (G1 Evacuation Pause) (mixed), 0.0116702 secs]
   [Parallel Time: 4.8 ms, GC Workers: 18]
      [GC Worker Start (ms): Min: 21640.3, Avg: 21641.6, Max: 21643.9, Diff: 3.6]
      [Ext Root Scanning (ms): Min: 0.0, Avg: 0.0, Max: 0.1, Diff: 0.1, Sum: 0.3]
      [Update RS (ms): Min: 0.0, Avg: 0.0, Max: 0.0, Diff: 0.0, Sum: 0.1]
         [Processed Buffers: Min: 0, Avg: 0.2, Max: 2, Diff: 2, Sum: 4]
      [Scan RS (ms): Min: 0.0, Avg: 0.0, Max: 0.0, Diff: 0.0, Sum: 0.0]
      [Code Root Scanning (ms): Min: 0.0, Avg: 0.0, Max: 0.0, Diff: 0.0, Sum: 0.0]
      [Object Copy (ms): Min: 0.0, Avg: 0.0, Max: 0.1, Diff: 0.1, Sum: 0.3]
      [Termination (ms): Min: 0.0, Avg: 2.4, Max: 3.7, Diff: 3.7, Sum: 43.3]
         [Termination Attempts: Min: 1, Avg: 1.0, Max: 1, Diff: 0, Sum: 18]
      [GC Worker Other (ms): Min: 0.0, Avg: 0.0, Max: 0.0, Diff: 0.0, Sum: 0.1]
      [GC Worker Total (ms): Min: 0.0, Avg: 2.5, Max: 4.0, Diff: 3.9, Sum: 44.1]
      [GC Worker End (ms): Min: 21643.9, Avg: 21644.0, Max: 21644.3, Diff: 0.4]
   [Code Root Fixup: 0.0 ms]
   [Code Root Purge: 0.0 ms]
   [Clear CT: 1.1 ms]
   [Other: 5.8 ms]
      [Choose CSet: 0.0 ms]
      [Ref Proc: 5.2 ms]
      [Ref Enq: 0.0 ms]
      [Redirty Cards: 0.6 ms]
      [Humongous Register: 0.0 ms]
      [Humongous Reclaim: 0.0 ms]
      [Free CSet: 0.0 ms]
   [Eden: 2048.0K(2048.0K)->0.0B(5120.0K) Survivors: 1024.0K->1024.0K Heap: 44860.7K(65536.0K)->42270.7K(65536.0K)]
 [Times: user=0.10 sys=0.00, real=0.02 secs] 
2026-06-17T09:48:59.463+0800: 21.664: [GC pause (G1 Evacuation Pause) (young), 0.0163113 secs]
   [Parallel Time: 10.4 ms, GC Workers: 18]
      [GC Worker Start (ms): Min: 21664.0, Avg: 21666.0, Max: 21672.5, Diff: 8.5]
      [Ext Root Scanning (ms): Min: 0.0, Avg: 0.0, Max: 0.2, Diff: 0.2, Sum: 0.5]
      [Update RS (ms): Min: 0.0, Avg: 0.0, Max: 0.0, Diff: 0.0, Sum: 0.1]
         [Processed Buffers: Min: 0, Avg: 0.2, Max: 2, Diff: 2, Sum: 4]
      [Scan RS (ms): Min: 0.0, Avg: 0.0, Max: 0.0, Diff: 0.0, Sum: 0.0]
      [Code Root Scanning (ms): Min: 0.0, Avg: 0.0, Max: 0.0, Diff: 0.0, Sum: 0.0]
      [Object Copy (ms): Min: 0.0, Avg: 0.0, Max: 0.2, Diff: 0.2, Sum: 0.7]
      [Termination (ms): Min: 0.0, Avg: 6.7, Max: 8.9, Diff: 8.9, Sum: 120.6]
         [Termination Attempts: Min: 1, Avg: 1.0, Max: 1, Diff: 0, Sum: 18]
      [GC Worker Other (ms): Min: 0.0, Avg: 0.0, Max: 0.0, Diff: 0.0, Sum: 0.2]
      [GC Worker Total (ms): Min: 0.0, Avg: 6.8, Max: 9.1, Diff: 9.1, Sum: 122.1]
      [GC Worker End (ms): Min: 21672.5, Avg: 21672.8, Max: 21673.3, Diff: 0.8]
   [Code Root Fixup: 0.0 ms]
   [Code Root Purge: 0.0 ms]
   [Clear CT: 0.5 ms]
   [Other: 5.3 ms]
      [Choose CSet: 0.0 ms]
      [Ref Proc: 4.7 ms]
      [Ref Enq: 0.0 ms]
      [Redirty Cards: 0.6 ms]
      [Humongous Register: 0.0 ms]
      [Humongous Reclaim: 0.0 ms]
      [Free CSet: 0.0 ms]
   [Eden: 5120.0K(5120.0K)->0.0B(2048.0K) Survivors: 1024.0K->1024.0K Heap: 47390.7K(65536.0K)->47154.7K(65536.0K)]
 [Times: user=0.17 sys=0.00, real=0.01 secs] 
2026-06-17T09:48:59.491+0800: 21.692: [GC pause (G1 Evacuation Pause) (young) (initial-mark), 0.0147390 secs]
   [Parallel Time: 9.3 ms, GC Workers: 18]
      [GC Worker Start (ms): Min: 21692.1, Avg: 21692.5, Max: 21692.8, Diff: 0.8]
      [Ext Root Scanning (ms): Min: 0.0, Avg: 2.1, Max: 6.3, Diff: 6.3, Sum: 37.0]
      [Update RS (ms): Min: 0.0, Avg: 0.0, Max: 0.0, Diff: 0.0, Sum: 0.0]
         [Processed Buffers: Min: 0, Avg: 0.1, Max: 2, Diff: 2, Sum: 2]
      [Scan RS (ms): Min: 0.0, Avg: 0.0, Max: 0.0, Diff: 0.0, Sum: 0.0]
      [Code Root Scanning (ms): Min: 0.0, Avg: 0.0, Max: 0.0, Diff: 0.0, Sum: 0.0]
      [Object Copy (ms): Min: 0.0, Avg: 0.0, Max: 0.1, Diff: 0.1, Sum: 0.3]
      [Termination (ms): Min: 0.0, Avg: 4.7, Max: 6.9, Diff: 6.9, Sum: 85.2]
         [Termination Attempts: Min: 1, Avg: 1.1, Max: 2, Diff: 1, Sum: 20]
      [GC Worker Other (ms): Min: 0.0, Avg: 0.0, Max: 0.1, Diff: 0.0, Sum: 0.2]
      [GC Worker Total (ms): Min: 6.3, Avg: 6.8, Max: 7.9, Diff: 1.6, Sum: 122.8]
      [GC Worker End (ms): Min: 21699.1, Avg: 21699.3, Max: 21699.9, Diff: 0.9]
   [Code Root Fixup: 0.0 ms]
   [Code Root Purge: 0.0 ms]
   [Clear CT: 1.2 ms]
   [Other: 4.3 ms]
      [Choose CSet: 0.0 ms]
      [Ref Proc: 3.6 ms]
      [Ref Enq: 0.0 ms]
      [Redirty Cards: 0.6 ms]
      [Humongous Register: 0.0 ms]
      [Humongous Reclaim: 0.0 ms]
      [Free CSet: 0.0 ms]
   [Eden: 2048.0K(2048.0K)->0.0B(2048.0K) Survivors: 1024.0K->1024.0K Heap: 49202.7K(65536.0K)->48114.7K(65536.0K)]
 [Times: user=0.12 sys=0.00, real=0.01 secs] 
2026-06-17T09:48:59.507+0800: 21.708: [GC concurrent-root-region-scan-start]
2026-06-17T09:48:59.507+0800: 21.708: [GC concurrent-root-region-scan-end, 0.0002695 secs]
2026-06-17T09:48:59.507+0800: 21.708: [GC concurrent-mark-start]
2026-06-17T09:48:59.508+0800: 21.709: [GC concurrent-mark-end, 0.0005925 secs]
2026-06-17T09:48:59.508+0800: 21.709: [GC remark 2026-06-17T09:48:59.508+0800: 21.710: [Finalize Marking, 0.0046766 secs] 2026-06-17T09:48:59.513+0800: 21.715: [GC ref-proc, 0.0005787 secs] 2026-06-17T09:48:59.514+0800: 21.716: [Unloading, 0.0014419 secs], 0.0091304 secs]
 [Times: user=0.05 sys=0.00, real=0.01 secs] 
2026-06-17T09:48:59.518+0800: 21.720: [GC pause (G1 Evacuation Pause) (young), 0.0120536 secs]
   [Parallel Time: 7.6 ms, GC Workers: 18]
      [GC Worker Start (ms): Min: 21719.6, Avg: 21720.7, Max: 21726.1, Diff: 6.5]
      [Ext Root Scanning (ms): Min: 0.0, Avg: 0.0, Max: 0.1, Diff: 0.1, Sum: 0.3]
      [Update RS (ms): Min: 0.0, Avg: 0.0, Max: 0.0, Diff: 0.0, Sum: 0.0]
         [Processed Buffers: Min: 0, Avg: 0.1, Max: 1, Diff: 1, Sum: 2]
      [Scan RS (ms): Min: 0.0, Avg: 0.0, Max: 0.0, Diff: 0.0, Sum: 0.0]
      [Code Root Scanning (ms): Min: 0.0, Avg: 0.0, Max: 0.0, Diff: 0.0, Sum: 0.0]
      [Object Copy (ms): Min: 0.0, Avg: 0.0, Max: 0.0, Diff: 0.0, Sum: 0.0]
      [Termination (ms): Min: 0.0, Avg: 5.5, Max: 6.8, Diff: 6.8, Sum: 99.1]
         [Termination Attempts: Min: 1, Avg: 1.0, Max: 1, Diff: 0, Sum: 18]
      [GC Worker Other (ms): Min: 0.0, Avg: 0.0, Max: 0.0, Diff: 0.0, Sum: 0.1]
      [GC Worker Total (ms): Min: 0.0, Avg: 5.5, Max: 6.9, Diff: 6.9, Sum: 99.7]
      [GC Worker End (ms): Min: 21726.1, Avg: 21726.2, Max: 21726.5, Diff: 0.4]
   [Code Root Fixup: 0.0 ms]
   [Code Root Purge: 0.0 ms]
   [Clear CT: 1.5 ms]
   [Other: 3.0 ms]
      [Choose CSet: 0.0 ms]
      [Ref Proc: 2.1 ms]
      [Ref Enq: 0.0 ms]
      [Redirty Cards: 0.8 ms]
      [Humongous Register: 0.0 ms]
      [Humongous Reclaim: 0.0 ms]
      [Free CSet: 0.0 ms]
   [Eden: 2048.0K(2048.0K)->0.0B(2048.0K) Survivors: 1024.0K->1024.0K Heap: 50162.7K(65536.0K)->47128.7K(65536.0K)]
 [Times: user=0.11 sys=0.00, real=0.02 secs] 
2026-06-17T09:48:59.532+0800: 21.733: [GC cleanup 47621K->36357K(65536K), 0.0028133 secs]
 [Times: user=0.00 sys=0.00, real=0.00 secs] 
2026-06-17T09:48:59.535+0800: 21.737: [GC concurrent-cleanup-start]
2026-06-17T09:48:59.535+0800: 21.737: [GC concurrent-cleanup-end, 0.0000105 secs]
2026-06-17T09:48:59.535+0800: 21.737: [GC pause (G1 Evacuation Pause) (young), 0.0071702 secs]
   [Parallel Time: 2.4 ms, GC Workers: 18]
      [GC Worker Start (ms): Min: 21736.7, Avg: 21737.6, Max: 21738.4, Diff: 1.7]
      [Ext Root Scanning (ms): Min: 0.0, Avg: 0.0, Max: 0.1, Diff: 0.1, Sum: 0.3]
      [Update RS (ms): Min: 0.0, Avg: 0.0, Max: 0.0, Diff: 0.0, Sum: 0.0]
         [Processed Buffers: Min: 0, Avg: 0.1, Max: 1, Diff: 1, Sum: 2]
      [Scan RS (ms): Min: 0.0, Avg: 0.0, Max: 0.0, Diff: 0.0, Sum: 0.0]
      [Code Root Scanning (ms): Min: 0.0, Avg: 0.0, Max: 0.0, Diff: 0.0, Sum: 0.0]
      [Object Copy (ms): Min: 0.0, Avg: 0.0, Max: 0.1, Diff: 0.1, Sum: 0.3]
      [Termination (ms): Min: 0.0, Avg: 0.9, Max: 1.7, Diff: 1.7, Sum: 16.1]
         [Termination Attempts: Min: 1, Avg: 1.0, Max: 1, Diff: 0, Sum: 18]
      [GC Worker Other (ms): Min: 0.0, Avg: 0.0, Max: 0.0, Diff: 0.0, Sum: 0.1]
      [GC Worker Total (ms): Min: 0.0, Avg: 0.9, Max: 1.9, Diff: 1.9, Sum: 16.8]
      [GC Worker End (ms): Min: 21738.5, Avg: 21738.5, Max: 21738.7, Diff: 0.2]
   [Code Root Fixup: 0.0 ms]
   [Code Root Purge: 0.0 ms]
   [Clear CT: 0.8 ms]
   [Other: 4.0 ms]
      [Choose CSet: 0.0 ms]
      [Ref Proc: 3.2 ms]
      [Ref Enq: 0.0 ms]
      [Redirty Cards: 0.8 ms]
      [Humongous Register: 0.0 ms]
      [Humongous Reclaim: 0.0 ms]
      [Free CSet: 0.0 ms]
   [Eden: 2048.0K(2048.0K)->0.0B(2048.0K) Survivors: 1024.0K->1024.0K Heap: 37912.7K(65536.0K)->37904.7K(65536.0K)]
 [Times: user=0.05 sys=0.00, real=0.01 secs] 
2026-06-17T09:48:59.544+0800: 21.745: [GC pause (G1 Evacuation Pause) (mixed), 0.0064214 secs]
   [Parallel Time: 2.6 ms, GC Workers: 18]
      [GC Worker Start (ms): Min: 21744.9, Avg: 21745.7, Max: 21747.1, Diff: 2.2]
      [Ext Root Scanning (ms): Min: 0.0, Avg: 0.0, Max: 0.1, Diff: 0.1, Sum: 0.3]
      [Update RS (ms): Min: 0.0, Avg: 0.0, Max: 0.0, Diff: 0.0, Sum: 0.0]
         [Processed Buffers: Min: 0, Avg: 0.1, Max: 1, Diff: 1, Sum: 2]
      [Scan RS (ms): Min: 0.0, Avg: 0.0, Max: 0.0, Diff: 0.0, Sum: 0.0]
      [Code Root Scanning (ms): Min: 0.0, Avg: 0.0, Max: 0.0, Diff: 0.0, Sum: 0.0]
      [Object Copy (ms): Min: 0.0, Avg: 0.0, Max: 0.1, Diff: 0.1, Sum: 0.3]
      [Termination (ms): Min: 0.0, Avg: 1.4, Max: 2.2, Diff: 2.2, Sum: 25.2]
         [Termination Attempts: Min: 1, Avg: 1.0, Max: 1, Diff: 0, Sum: 18]
      [GC Worker Other (ms): Min: 0.0, Avg: 0.0, Max: 0.0, Diff: 0.0, Sum: 0.1]
      [GC Worker Total (ms): Min: 0.0, Avg: 1.4, Max: 2.3, Diff: 2.3, Sum: 25.9]
      [GC Worker End (ms): Min: 21747.1, Avg: 21747.2, Max: 21747.3, Diff: 0.3]
   [Code Root Fixup: 0.0 ms]
   [Code Root Purge: 0.0 ms]
   [Clear CT: 0.7 ms]
   [Other: 3.2 ms]
      [Choose CSet: 0.0 ms]
      [Ref Proc: 2.5 ms]
      [Ref Enq: 0.0 ms]
      [Redirty Cards: 0.6 ms]
      [Humongous Register: 0.0 ms]
      [Humongous Reclaim: 0.0 ms]
      [Free CSet: 0.0 ms]
   [Eden: 2048.0K(2048.0K)->0.0B(2048.0K) Survivors: 1024.0K->1024.0K Heap: 39952.7K(65536.0K)->32858.7K(65536.0K)]
 [Times: user=0.05 sys=0.00, real=0.01 secs] 
2026-06-17T09:48:59.561+0800: 21.763: [GC pause (G1 Evacuation Pause) (mixed), 0.0134111 secs]
   [Parallel Time: 9.1 ms, GC Workers: 18]
      [GC Worker Start (ms): Min: 21762.8, Avg: 21764.3, Max: 21770.9, Diff: 8.2]
      [Ext Root Scanning (ms): Min: 0.0, Avg: 0.0, Max: 0.1, Diff: 0.1, Sum: 0.3]
      [Update RS (ms): Min: 0.0, Avg: 0.0, Max: 0.0, Diff: 0.0, Sum: 0.0]
         [Processed Buffers: Min: 0, Avg: 0.2, Max: 2, Diff: 2, Sum: 4]
      [Scan RS (ms): Min: 0.0, Avg: 0.0, Max: 0.0, Diff: 0.0, Sum: 0.0]
      [Code Root Scanning (ms): Min: 0.0, Avg: 0.0, Max: 0.0, Diff: 0.0, Sum: 0.0]
      [Object Copy (ms): Min: 0.0, Avg: 0.1, Max: 0.3, Diff: 0.3, Sum: 0.9]
      [Termination (ms): Min: 0.0, Avg: 6.7, Max: 8.0, Diff: 8.0, Sum: 120.5]
         [Termination Attempts: Min: 1, Avg: 1.0, Max: 1, Diff: 0, Sum: 18]
      [GC Worker Other (ms): Min: 0.0, Avg: 0.0, Max: 0.0, Diff: 0.0, Sum: 0.1]
      [GC Worker Total (ms): Min: 0.0, Avg: 6.8, Max: 8.4, Diff: 8.3, Sum: 122.0]
      [GC Worker End (ms): Min: 21770.9, Avg: 21771.1, Max: 21771.3, Diff: 0.4]
   [Code Root Fixup: 0.0 ms]
   [Code Root Purge: 0.0 ms]
   [Clear CT: 0.7 ms]
   [Other: 3.6 ms]
      [Choose CSet: 0.0 ms]
      [Ref Proc: 2.9 ms]
      [Ref Enq: 0.0 ms]
      [Redirty Cards: 0.6 ms]
      [Humongous Register: 0.0 ms]
      [Humongous Reclaim: 0.0 ms]
      [Free CSet: 0.0 ms]
   [Eden: 2048.0K(2048.0K)->0.0B(2048.0K) Survivors: 1024.0K->1024.0K Heap: 34906.7K(65536.0K)->34011.7K(65536.0K)]
 [Times: user=0.13 sys=0.02, real=0.02 secs] 
2026-06-17T09:48:59.576+0800: 21.778: [GC pause (G1 Evacuation Pause) (mixed), 0.0105416 secs]
   [Parallel Time: 3.6 ms, GC Workers: 18]
      [GC Worker Start (ms): Min: 21777.6, Avg: 21778.6, Max: 21780.4, Diff: 2.9]
      [Ext Root Scanning (ms): Min: 0.0, Avg: 0.0, Max: 0.1, Diff: 0.1, Sum: 0.3]
      [Update RS (ms): Min: 0.0, Avg: 0.0, Max: 0.0, Diff: 0.0, Sum: 0.0]
         [Processed Buffers: Min: 0, Avg: 0.3, Max: 4, Diff: 4, Sum: 5]
      [Scan RS (ms): Min: 0.0, Avg: 0.0, Max: 0.0, Diff: 0.0, Sum: 0.1]
      [Code Root Scanning (ms): Min: 0.0, Avg: 0.0, Max: 0.0, Diff: 0.0, Sum: 0.0]
      [Object Copy (ms): Min: 0.0, Avg: 0.1, Max: 0.3, Diff: 0.3, Sum: 0.9]
      [Termination (ms): Min: 0.0, Avg: 1.9, Max: 2.7, Diff: 2.7, Sum: 33.7]
         [Termination Attempts: Min: 1, Avg: 1.3, Max: 3, Diff: 2, Sum: 23]
      [GC Worker Other (ms): Min: 0.0, Avg: 0.0, Max: 0.0, Diff: 0.0, Sum: 0.1]
      [GC Worker Total (ms): Min: 0.0, Avg: 2.0, Max: 3.0, Diff: 3.0, Sum: 35.1]
      [GC Worker End (ms): Min: 21780.4, Avg: 21780.5, Max: 21780.6, Diff: 0.2]
   [Code Root Fixup: 0.0 ms]
   [Code Root Purge: 0.0 ms]
   [Clear CT: 0.8 ms]
   [Other: 6.1 ms]
      [Choose CSet: 0.0 ms]
      [Ref Proc: 5.4 ms]
      [Ref Enq: 0.0 ms]
      [Redirty Cards: 0.7 ms]
      [Humongous Register: 0.0 ms]
      [Humongous Reclaim: 0.0 ms]
      [Free CSet: 0.0 ms]
   [Eden: 2048.0K(2048.0K)->0.0B(10240.0K) Survivors: 1024.0K->1024.0K Heap: 36059.7K(65536.0K)->33252.7K(65536.0K)]
 [Times: user=0.10 sys=0.01, real=0.01 secs] 
2026-06-17T09:48:59.619+0800: 21.821: [GC pause (G1 Evacuation Pause) (young), 0.0211215 secs]
   [Parallel Time: 12.7 ms, GC Workers: 18]
      [GC Worker Start (ms): Min: 21820.9, Avg: 21823.3, Max: 21831.6, Diff: 10.7]
      [Ext Root Scanning (ms): Min: 0.0, Avg: 0.1, Max: 0.4, Diff: 0.4, Sum: 0.9]
      [Update RS (ms): Min: 0.0, Avg: 0.0, Max: 0.2, Diff: 0.2, Sum: 0.6]
         [Processed Buffers: Min: 0, Avg: 0.3, Max: 3, Diff: 3, Sum: 6]
      [Scan RS (ms): Min: 0.0, Avg: 0.0, Max: 0.0, Diff: 0.0, Sum: 0.0]
      [Code Root Scanning (ms): Min: 0.0, Avg: 0.0, Max: 0.0, Diff: 0.0, Sum: 0.0]
      [Object Copy (ms): Min: 0.0, Avg: 0.1, Max: 0.3, Diff: 0.3, Sum: 1.0]
      [Termination (ms): Min: 0.0, Avg: 8.5, Max: 10.8, Diff: 10.8, Sum: 153.5]
         [Termination Attempts: Min: 1, Avg: 1.0, Max: 1, Diff: 0, Sum: 18]
      [GC Worker Other (ms): Min: 0.0, Avg: 0.0, Max: 0.1, Diff: 0.0, Sum: 0.3]
      [GC Worker Total (ms): Min: 0.0, Avg: 8.7, Max: 11.2, Diff: 11.2, Sum: 156.3]
      [GC Worker End (ms): Min: 21831.6, Avg: 21832.0, Max: 21832.8, Diff: 1.1]
   [Code Root Fixup: 0.0 ms]
   [Code Root Purge: 0.0 ms]
   [Clear CT: 1.2 ms]
   [Other: 7.2 ms]
      [Choose CSet: 0.0 ms]
      [Ref Proc: 6.1 ms]
      [Ref Enq: 0.0 ms]
      [Redirty Cards: 1.1 ms]
      [Humongous Register: 0.0 ms]
      [Humongous Reclaim: 0.0 ms]
      [Free CSet: 0.0 ms]
   [Eden: 10240.0K(10240.0K)->0.0B(9216.0K) Survivors: 1024.0K->2048.0K Heap: 43492.7K(65536.0K)->36404.7K(65536.0K)]
 [Times: user=0.21 sys=0.00, real=0.02 secs] 
2026-06-17T09:48:59.663+0800: 21.865: [GC pause (G1 Evacuation Pause) (young) (initial-mark), 0.0197584 secs]
   [Parallel Time: 12.4 ms, GC Workers: 18]
      [GC Worker Start (ms): Min: 21864.7, Avg: 21865.5, Max: 21866.1, Diff: 1.3]
      [Ext Root Scanning (ms): Min: 0.0, Avg: 3.0, Max: 8.6, Diff: 8.6, Sum: 54.2]
      [Update RS (ms): Min: 0.0, Avg: 0.0, Max: 0.1, Diff: 0.0, Sum: 0.1]
         [Processed Buffers: Min: 0, Avg: 0.3, Max: 5, Diff: 5, Sum: 5]
      [Scan RS (ms): Min: 0.0, Avg: 0.0, Max: 0.0, Diff: 0.0, Sum: 0.0]
      [Code Root Scanning (ms): Min: 0.0, Avg: 0.0, Max: 0.0, Diff: 0.0, Sum: 0.0]
      [Object Copy (ms): Min: 0.0, Avg: 0.0, Max: 0.3, Diff: 0.3, Sum: 0.9]
      [Termination (ms): Min: 0.0, Avg: 6.4, Max: 9.0, Diff: 9.0, Sum: 115.1]
         [Termination Attempts: Min: 1, Avg: 1.0, Max: 1, Diff: 0, Sum: 18]
      [GC Worker Other (ms): Min: 0.0, Avg: 0.0, Max: 0.0, Diff: 0.0, Sum: 0.2]
      [GC Worker Total (ms): Min: 8.6, Avg: 9.5, Max: 10.3, Diff: 1.7, Sum: 170.6]
      [GC Worker End (ms): Min: 21874.6, Avg: 21875.0, Max: 21875.6, Diff: 0.9]
   [Code Root Fixup: 0.0 ms]
   [Code Root Purge: 0.0 ms]
   [Clear CT: 0.9 ms]
   [Other: 6.5 ms]
      [Choose CSet: 0.0 ms]
      [Ref Proc: 5.5 ms]
      [Ref Enq: 0.0 ms]
      [Redirty Cards: 0.9 ms]
      [Humongous Register: 0.0 ms]
      [Humongous Reclaim: 0.0 ms]
      [Free CSet: 0.0 ms]
   [Eden: 9216.0K(9216.0K)->0.0B(8192.0K) Survivors: 2048.0K->2048.0K Heap: 45620.7K(65536.0K)->38203.7K(65536.0K)]
 [Times: user=0.16 sys=0.01, real=0.02 secs] 
2026-06-17T09:48:59.684+0800: 21.885: [GC concurrent-root-region-scan-start]
2026-06-17T09:48:59.685+0800: 21.886: [GC concurrent-root-region-scan-end, 0.0004150 secs]
2026-06-17T09:48:59.685+0800: 21.886: [GC concurrent-mark-start]
2026-06-17T09:48:59.685+0800: 21.886: [GC concurrent-mark-end, 0.0004940 secs]
2026-06-17T09:48:59.685+0800: 21.886: [GC remark 2026-06-17T09:48:59.686+0800: 21.887: [Finalize Marking, 0.0081485 secs] 2026-06-17T09:48:59.695+0800: 21.896: [GC ref-proc, 0.0007410 secs] 2026-06-17T09:48:59.696+0800: 21.897: [Unloading, 0.0019913 secs], 0.0139092 secs]
 [Times: user=0.09 sys=0.01, real=0.01 secs] 
2026-06-17T09:48:59.700+0800: 21.902: [GC cleanup 43283K->42259K(65536K), 0.0029935 secs]
 [Times: user=0.00 sys=0.00, real=0.01 secs] 
2026-06-17T09:48:59.705+0800: 21.906: [GC concurrent-cleanup-start]
2026-06-17T09:48:59.705+0800: 21.906: [GC concurrent-cleanup-end, 0.0000083 secs]
2026-06-17T09:48:59.715+0800: 21.916: [GC pause (G1 Evacuation Pause) (young), 0.0205942 secs]
   [Parallel Time: 11.8 ms, GC Workers: 18]
      [GC Worker Start (ms): Min: 21916.6, Avg: 21919.2, Max: 21925.7, Diff: 9.2]
      [Ext Root Scanning (ms): Min: 0.0, Avg: 0.0, Max: 0.2, Diff: 0.2, Sum: 0.7]
      [Update RS (ms): Min: 0.0, Avg: 0.0, Max: 0.0, Diff: 0.0, Sum: 0.1]
         [Processed Buffers: Min: 0, Avg: 0.2, Max: 2, Diff: 2, Sum: 4]
      [Scan RS (ms): Min: 0.0, Avg: 0.0, Max: 0.0, Diff: 0.0, Sum: 0.0]
      [Code Root Scanning (ms): Min: 0.0, Avg: 0.0, Max: 0.0, Diff: 0.0, Sum: 0.0]
      [Object Copy (ms): Min: 0.0, Avg: 0.0, Max: 0.1, Diff: 0.1, Sum: 0.5]
      [Termination (ms): Min: 0.0, Avg: 6.9, Max: 9.8, Diff: 9.8, Sum: 123.8]
         [Termination Attempts: Min: 1, Avg: 1.0, Max: 1, Diff: 0, Sum: 18]
      [GC Worker Other (ms): Min: 0.0, Avg: 0.0, Max: 0.0, Diff: 0.0, Sum: 0.3]
      [GC Worker Total (ms): Min: 0.0, Avg: 7.0, Max: 9.8, Diff: 9.8, Sum: 125.3]
      [GC Worker End (ms): Min: 21925.8, Avg: 21926.2, Max: 21927.1, Diff: 1.3]
   [Code Root Fixup: 0.0 ms]
   [Code Root Purge: 0.0 ms]
   [Clear CT: 1.3 ms]
   [Other: 7.5 ms]
      [Choose CSet: 0.0 ms]
      [Ref Proc: 6.9 ms]
      [Ref Enq: 0.0 ms]
      [Redirty Cards: 0.5 ms]
      [Humongous Register: 0.0 ms]
      [Humongous Reclaim: 0.0 ms]
      [Free CSet: 0.0 ms]
   [Eden: 8192.0K(8192.0K)->0.0B(1024.0K) Survivors: 2048.0K->2048.0K Heap: 45371.7K(65536.0K)->38543.7K(65536.0K)]
 [Times: user=0.20 sys=0.01, real=0.02 secs] 
2026-06-17T09:48:59.737+0800: 21.938: [GC pause (G1 Evacuation Pause) (mixed), 0.0117058 secs]
   [Parallel Time: 6.2 ms, GC Workers: 18]
      [GC Worker Start (ms): Min: 21938.5, Avg: 21940.0, Max: 21943.6, Diff: 5.1]
      [Ext Root Scanning (ms): Min: 0.0, Avg: 0.0, Max: 0.2, Diff: 0.2, Sum: 0.4]
      [Update RS (ms): Min: 0.0, Avg: 0.0, Max: 0.0, Diff: 0.0, Sum: 0.0]
         [Processed Buffers: Min: 0, Avg: 0.2, Max: 1, Diff: 1, Sum: 3]
      [Scan RS (ms): Min: 0.0, Avg: 0.0, Max: 0.0, Diff: 0.0, Sum: 0.0]
      [Code Root Scanning (ms): Min: 0.0, Avg: 0.0, Max: 0.0, Diff: 0.0, Sum: 0.0]
      [Object Copy (ms): Min: 0.0, Avg: 0.1, Max: 0.3, Diff: 0.3, Sum: 1.1]
      [Termination (ms): Min: 0.0, Avg: 3.7, Max: 5.2, Diff: 5.2, Sum: 67.0]
         [Termination Attempts: Min: 1, Avg: 1.0, Max: 1, Diff: 0, Sum: 18]
      [GC Worker Other (ms): Min: 0.0, Avg: 0.0, Max: 0.0, Diff: 0.0, Sum: 0.1]
      [GC Worker Total (ms): Min: 0.0, Avg: 3.8, Max: 5.6, Diff: 5.6, Sum: 68.7]
      [GC Worker End (ms): Min: 21943.7, Avg: 21943.8, Max: 21944.1, Diff: 0.5]
   [Code Root Fixup: 0.0 ms]
   [Code Root Purge: 0.0 ms]
   [Clear CT: 1.2 ms]
   [Other: 4.2 ms]
      [Choose CSet: 0.0 ms]
      [Ref Proc: 3.6 ms]
      [Ref Enq: 0.0 ms]
      [Redirty Cards: 0.5 ms]
      [Humongous Register: 0.0 ms]
      [Humongous Reclaim: 0.0 ms]
      [Free CSet: 0.0 ms]
   [Eden: 1024.0K(1024.0K)->0.0B(2048.0K) Survivors: 2048.0K->1024.0K Heap: 39567.7K(65536.0K)->37447.1K(65536.0K)]
 [Times: user=0.10 sys=0.00, real=0.01 secs] 
2026-06-17T09:48:59.760+0800: 21.962: [GC pause (G1 Evacuation Pause) (mixed), 0.0101841 secs]
   [Parallel Time: 4.4 ms, GC Workers: 18]
      [GC Worker Start (ms): Min: 21961.8, Avg: 21963.1, Max: 21964.6, Diff: 2.9]
      [Ext Root Scanning (ms): Min: 0.0, Avg: 0.0, Max: 0.2, Diff: 0.2, Sum: 0.5]
      [Update RS (ms): Min: 0.0, Avg: 0.0, Max: 0.0, Diff: 0.0, Sum: 0.1]
         [Processed Buffers: Min: 0, Avg: 0.3, Max: 3, Diff: 3, Sum: 6]
      [Scan RS (ms): Min: 0.0, Avg: 0.0, Max: 0.0, Diff: 0.0, Sum: 0.1]
      [Code Root Scanning (ms): Min: 0.0, Avg: 0.0, Max: 0.0, Diff: 0.0, Sum: 0.0]
      [Object Copy (ms): Min: 0.0, Avg: 0.1, Max: 0.3, Diff: 0.3, Sum: 1.3]
      [Termination (ms): Min: 0.0, Avg: 1.6, Max: 2.5, Diff: 2.5, Sum: 28.1]
         [Termination Attempts: Min: 1, Avg: 1.0, Max: 1, Diff: 0, Sum: 18]
      [GC Worker Other (ms): Min: 0.0, Avg: 0.0, Max: 0.0, Diff: 0.0, Sum: 0.2]
      [GC Worker Total (ms): Min: 0.0, Avg: 1.7, Max: 3.0, Diff: 3.0, Sum: 30.3]
      [GC Worker End (ms): Min: 21964.7, Avg: 21964.8, Max: 21964.9, Diff: 0.3]
   [Code Root Fixup: 0.0 ms]
   [Code Root Purge: 0.0 ms]
   [Clear CT: 0.8 ms]
   [Other: 4.9 ms]
      [Choose CSet: 0.0 ms]
      [Ref Proc: 4.3 ms]
      [Ref Enq: 0.0 ms]
      [Redirty Cards: 0.6 ms]
      [Humongous Register: 0.0 ms]
      [Humongous Reclaim: 0.0 ms]
      [Free CSet: 0.0 ms]
   [Eden: 2048.0K(2048.0K)->0.0B(8192.0K) Survivors: 1024.0K->1024.0K Heap: 39495.1K(65536.0K)->37869.7K(65536.0K)]
 [Times: user=0.07 sys=0.00, real=0.02 secs] 
2026-06-17T09:48:59.782+0800: 21.984: [GC pause (G1 Evacuation Pause) (young), 0.0096956 secs]
   [Parallel Time: 4.5 ms, GC Workers: 18]
      [GC Worker Start (ms): Min: 21983.6, Avg: 21984.8, Max: 21986.2, Diff: 2.6]
      [Ext Root Scanning (ms): Min: 0.0, Avg: 0.0, Max: 0.3, Diff: 0.3, Sum: 0.7]
      [Update RS (ms): Min: 0.0, Avg: 0.0, Max: 0.1, Diff: 0.1, Sum: 0.2]
         [Processed Buffers: Min: 0, Avg: 0.3, Max: 3, Diff: 3, Sum: 6]
      [Scan RS (ms): Min: 0.0, Avg: 0.0, Max: 0.0, Diff: 0.0, Sum: 0.0]
      [Code Root Scanning (ms): Min: 0.0, Avg: 0.0, Max: 0.0, Diff: 0.0, Sum: 0.0]
      [Object Copy (ms): Min: 0.0, Avg: 0.1, Max: 0.2, Diff: 0.2, Sum: 0.9]
      [Termination (ms): Min: 0.0, Avg: 1.5, Max: 2.6, Diff: 2.6, Sum: 27.3]
         [Termination Attempts: Min: 1, Avg: 1.0, Max: 1, Diff: 0, Sum: 18]
      [GC Worker Other (ms): Min: 0.0, Avg: 0.0, Max: 0.0, Diff: 0.0, Sum: 0.2]
      [GC Worker Total (ms): Min: 0.0, Avg: 1.6, Max: 3.0, Diff: 3.0, Sum: 29.3]
      [GC Worker End (ms): Min: 21986.3, Avg: 21986.5, Max: 21986.8, Diff: 0.6]
   [Code Root Fixup: 0.0 ms]
   [Code Root Purge: 0.0 ms]
   [Clear CT: 1.1 ms]
   [Other: 4.1 ms]
      [Choose CSet: 0.0 ms]
      [Ref Proc: 3.4 ms]
      [Ref Enq: 0.0 ms]
      [Redirty Cards: 0.7 ms]
      [Humongous Register: 0.0 ms]
      [Humongous Reclaim: 0.0 ms]
      [Free CSet: 0.0 ms]
   [Eden: 8192.0K(8192.0K)->0.0B(5120.0K) Survivors: 1024.0K->2048.0K Heap: 46061.7K(65536.0K)->42544.7K(65536.0K)]
 [Times: user=0.05 sys=0.01, real=0.02 secs] 
2026-06-17T09:48:59.814+0800: 22.015: [GC pause (G1 Evacuation Pause) (young) (initial-mark), 0.0125495 secs]
   [Parallel Time: 5.6 ms, GC Workers: 18]
      [GC Worker Start (ms): Min: 22015.4, Avg: 22016.1, Max: 22016.6, Diff: 1.2]
      [Ext Root Scanning (ms): Min: 0.0, Avg: 1.8, Max: 3.0, Diff: 2.9, Sum: 31.7]
      [Update RS (ms): Min: 0.0, Avg: 0.0, Max: 0.0, Diff: 0.0, Sum: 0.1]
         [Processed Buffers: Min: 0, Avg: 0.2, Max: 4, Diff: 4, Sum: 4]
      [Scan RS (ms): Min: 0.0, Avg: 0.0, Max: 0.0, Diff: 0.0, Sum: 0.0]
      [Code Root Scanning (ms): Min: 0.0, Avg: 0.0, Max: 0.0, Diff: 0.0, Sum: 0.0]
      [Object Copy (ms): Min: 0.0, Avg: 0.0, Max: 0.2, Diff: 0.2, Sum: 0.5]
      [Termination (ms): Min: 0.0, Avg: 1.9, Max: 3.2, Diff: 3.2, Sum: 33.7]
         [Termination Attempts: Min: 1, Avg: 1.0, Max: 1, Diff: 0, Sum: 18]
      [GC Worker Other (ms): Min: 0.0, Avg: 0.0, Max: 0.0, Diff: 0.0, Sum: 0.2]
      [GC Worker Total (ms): Min: 3.0, Avg: 3.7, Max: 4.6, Diff: 1.6, Sum: 66.2]
      [GC Worker End (ms): Min: 22019.5, Avg: 22019.8, Max: 22020.1, Diff: 0.6]
   [Code Root Fixup: 0.0 ms]
   [Code Root Purge: 0.0 ms]
   [Clear CT: 1.0 ms]
   [Other: 6.0 ms]
      [Choose CSet: 0.0 ms]
      [Ref Proc: 5.0 ms]
      [Ref Enq: 0.0 ms]
      [Redirty Cards: 0.9 ms]
      [Humongous Register: 0.0 ms]
      [Humongous Reclaim: 0.0 ms]
      [Free CSet: 0.0 ms]
   [Eden: 5120.0K(5120.0K)->0.0B(4096.0K) Survivors: 2048.0K->1024.0K Heap: 47664.7K(65536.0K)->43681.7K(65536.0K)]
 [Times: user=0.09 sys=0.00, real=0.01 secs] 
2026-06-17T09:48:59.828+0800: 22.029: [GC concurrent-root-region-scan-start]
2026-06-17T09:48:59.828+0800: 22.029: [GC pause (G1 Evacuation Pause) (young)2026-06-17T09:48:59.828+0800: 22.029: [GC concurrent-root-region-scan-end, 0.0003581 secs]
2026-06-17T09:48:59.828+0800: 22.029: [GC concurrent-mark-start]
, 0.0094933 secs]
   [Root Region Scan Waiting: 0.0 ms]
   [Parallel Time: 2.6 ms, GC Workers: 18]
      [GC Worker Start (ms): Min: 22029.5, Avg: 22030.1, Max: 22031.0, Diff: 1.5]
      [Ext Root Scanning (ms): Min: 0.0, Avg: 0.0, Max: 0.2, Diff: 0.2, Sum: 0.6]
      [Update RS (ms): Min: 0.0, Avg: 0.0, Max: 0.0, Diff: 0.0, Sum: 0.0]
         [Processed Buffers: Min: 0, Avg: 0.2, Max: 1, Diff: 1, Sum: 3]
      [Scan RS (ms): Min: 0.0, Avg: 0.0, Max: 0.0, Diff: 0.0, Sum: 0.0]
      [Code Root Scanning (ms): Min: 0.0, Avg: 0.0, Max: 0.0, Diff: 0.0, Sum: 0.0]
      [Object Copy (ms): Min: 0.0, Avg: 0.0, Max: 0.1, Diff: 0.0, Sum: 0.2]
      [Termination (ms): Min: 0.0, Avg: 1.2, Max: 2.0, Diff: 2.0, Sum: 21.0]
         [Termination Attempts: Min: 1, Avg: 1.1, Max: 2, Diff: 1, Sum: 19]
      [GC Worker Other (ms): Min: 0.0, Avg: 0.0, Max: 0.0, Diff: 0.0, Sum: 0.1]
      [GC Worker Total (ms): Min: 0.0, Avg: 1.2, Max: 2.2, Diff: 2.2, Sum: 22.0]
      [GC Worker End (ms): Min: 22031.0, Avg: 22031.4, Max: 22031.8, Diff: 0.8]
   [Code Root Fixup: 0.0 ms]
   [Code Root Purge: 0.0 ms]
   [Clear CT: 1.3 ms]
   [Other: 5.6 ms]
      [Choose CSet: 0.0 ms]
      [Ref Proc: 4.8 ms]
      [Ref Enq: 0.0 ms]
      [Redirty Cards: 0.8 ms]
      [Humongous Register: 0.0 ms]
      [Humongous Reclaim: 0.0 ms]
      [Free CSet: 0.0 ms]
   [Eden: 4096.0K(4096.0K)->0.0B(4096.0K) Survivors: 1024.0K->1024.0K Heap: 47777.7K(65536.0K)->44630.7K(65536.0K)]
 [Times: user=0.05 sys=0.01, real=0.01 secs] 
2026-06-17T09:48:59.839+0800: 22.041: [GC concurrent-mark-end, 0.0112745 secs]
2026-06-17T09:48:59.840+0800: 22.041: [GC remark 2026-06-17T09:48:59.840+0800: 22.042: [Finalize Marking, 0.0056364 secs] 2026-06-17T09:48:59.847+0800: 22.048: [GC ref-proc, 0.0005750 secs] 2026-06-17T09:48:59.848+0800: 22.049: [Unloading, 0.0018564 secs], 0.0109676 secs]
 [Times: user=0.05 sys=0.00, real=0.02 secs] 
2026-06-17T09:48:59.852+0800: 22.053: [GC cleanup 47954K->45906K(65536K), 0.0028717 secs]
 [Times: user=0.00 sys=0.00, real=0.00 secs] 
2026-06-17T09:48:59.855+0800: 22.057: [GC concurrent-cleanup-start]
2026-06-17T09:48:59.855+0800: 22.057: [GC concurrent-cleanup-end, 0.0000079 secs]
2026-06-17T09:48:59.866+0800: 22.067: [GC pause (G1 Evacuation Pause) (young), 0.0151399 secs]
   [Parallel Time: 8.3 ms, GC Workers: 18]
      [GC Worker Start (ms): Min: 22067.1, Avg: 22068.5, Max: 22072.7, Diff: 5.7]
      [Ext Root Scanning (ms): Min: 0.0, Avg: 0.0, Max: 0.2, Diff: 0.2, Sum: 0.4]
      [Update RS (ms): Min: 0.0, Avg: 0.0, Max: 0.0, Diff: 0.0, Sum: 0.0]
         [Processed Buffers: Min: 0, Avg: 0.1, Max: 1, Diff: 1, Sum: 2]
      [Scan RS (ms): Min: 0.0, Avg: 0.0, Max: 0.0, Diff: 0.0, Sum: 0.0]
      [Code Root Scanning (ms): Min: 0.0, Avg: 0.0, Max: 0.0, Diff: 0.0, Sum: 0.0]
      [Object Copy (ms): Min: 0.0, Avg: 0.0, Max: 0.1, Diff: 0.1, Sum: 0.2]
      [Termination (ms): Min: 0.0, Avg: 4.4, Max: 6.1, Diff: 6.1, Sum: 80.0]
         [Termination Attempts: Min: 1, Avg: 1.2, Max: 4, Diff: 3, Sum: 22]
      [GC Worker Other (ms): Min: 0.0, Avg: 0.0, Max: 0.0, Diff: 0.0, Sum: 0.2]
      [GC Worker Total (ms): Min: 0.0, Avg: 4.5, Max: 6.2, Diff: 6.1, Sum: 81.0]
      [GC Worker End (ms): Min: 22072.8, Avg: 22073.0, Max: 22073.5, Diff: 0.7]
   [Code Root Fixup: 0.0 ms]
   [Code Root Purge: 0.0 ms]
   [Clear CT: 1.1 ms]
   [Other: 5.7 ms]
      [Choose CSet: 0.0 ms]
      [Ref Proc: 5.1 ms]
      [Ref Enq: 0.0 ms]
      [Redirty Cards: 0.5 ms]
      [Humongous Register: 0.0 ms]
      [Humongous Reclaim: 0.0 ms]
      [Free CSet: 0.0 ms]
   [Eden: 4096.0K(4096.0K)->0.0B(2048.0K) Survivors: 1024.0K->1024.0K Heap: 47966.7K(65536.0K)->39472.7K(65536.0K)]
 [Times: user=0.13 sys=0.00, real=0.01 secs] 
2026-06-17T09:48:59.882+0800: 22.084: [GC pause (G1 Evacuation Pause) (mixed), 0.0080546 secs]
   [Parallel Time: 3.7 ms, GC Workers: 18]
      [GC Worker Start (ms): Min: 22083.6, Avg: 22084.5, Max: 22085.5, Diff: 1.8]
      [Ext Root Scanning (ms): Min: 0.0, Avg: 0.0, Max: 0.2, Diff: 0.2, Sum: 0.4]
      [Update RS (ms): Min: 0.0, Avg: 0.0, Max: 0.0, Diff: 0.0, Sum: 0.0]
         [Processed Buffers: Min: 0, Avg: 0.2, Max: 2, Diff: 2, Sum: 4]
      [Scan RS (ms): Min: 0.0, Avg: 0.0, Max: 0.0, Diff: 0.0, Sum: 0.0]
      [Code Root Scanning (ms): Min: 0.0, Avg: 0.0, Max: 0.0, Diff: 0.0, Sum: 0.0]
      [Object Copy (ms): Min: 0.0, Avg: 0.0, Max: 0.1, Diff: 0.1, Sum: 0.6]
      [Termination (ms): Min: 0.0, Avg: 1.1, Max: 1.9, Diff: 1.9, Sum: 20.4]
         [Termination Attempts: Min: 1, Avg: 1.0, Max: 1, Diff: 0, Sum: 18]
      [GC Worker Other (ms): Min: 0.0, Avg: 0.0, Max: 0.0, Diff: 0.0, Sum: 0.1]
      [GC Worker Total (ms): Min: 0.0, Avg: 1.2, Max: 2.1, Diff: 2.1, Sum: 21.6]
      [GC Worker End (ms): Min: 22085.5, Avg: 22085.7, Max: 22086.0, Diff: 0.5]
   [Code Root Fixup: 0.0 ms]
   [Code Root Purge: 0.0 ms]
   [Clear CT: 0.8 ms]
   [Other: 3.5 ms]
      [Choose CSet: 0.0 ms]
      [Ref Proc: 2.7 ms]
      [Ref Enq: 0.0 ms]
      [Redirty Cards: 0.7 ms]
      [Humongous Register: 0.0 ms]
      [Humongous Reclaim: 0.0 ms]
      [Free CSet: 0.0 ms]
   [Eden: 2048.0K(2048.0K)->0.0B(2048.0K) Survivors: 1024.0K->1024.0K Heap: 41520.7K(65536.0K)->36606.6K(65536.0K)]
 [Times: user=0.04 sys=0.00, real=0.02 secs] 
2026-06-17T09:48:59.902+0800: 22.103: [GC pause (G1 Evacuation Pause) (mixed), 0.0161491 secs]
   [Parallel Time: 9.0 ms, GC Workers: 18]
      [GC Worker Start (ms): Min: 22103.1, Avg: 22104.5, Max: 22109.9, Diff: 6.8]
      [Ext Root Scanning (ms): Min: 0.0, Avg: 0.0, Max: 0.2, Diff: 0.2, Sum: 0.6]
      [Update RS (ms): Min: 0.0, Avg: 0.0, Max: 0.0, Diff: 0.0, Sum: 0.1]
         [Processed Buffers: Min: 0, Avg: 0.3, Max: 3, Diff: 3, Sum: 6]
      [Scan RS (ms): Min: 0.0, Avg: 0.0, Max: 0.0, Diff: 0.0, Sum: 0.1]
      [Code Root Scanning (ms): Min: 0.0, Avg: 0.0, Max: 0.0, Diff: 0.0, Sum: 0.0]
      [Object Copy (ms): Min: 0.0, Avg: 0.1, Max: 0.2, Diff: 0.2, Sum: 1.0]
      [Termination (ms): Min: 0.0, Avg: 5.6, Max: 7.1, Diff: 7.1, Sum: 101.1]
         [Termination Attempts: Min: 1, Avg: 1.0, Max: 1, Diff: 0, Sum: 18]
      [GC Worker Other (ms): Min: 0.0, Avg: 0.0, Max: 0.0, Diff: 0.0, Sum: 0.2]
      [GC Worker Total (ms): Min: 0.0, Avg: 5.7, Max: 7.5, Diff: 7.5, Sum: 103.0]
      [GC Worker End (ms): Min: 22109.9, Avg: 22110.2, Max: 22110.7, Diff: 0.8]
   [Code Root Fixup: 0.0 ms]
   [Code Root Purge: 0.0 ms]
   [Clear CT: 1.1 ms]
   [Other: 6.0 ms]
      [Choose CSet: 0.0 ms]
      [Ref Proc: 5.2 ms]
      [Ref Enq: 0.0 ms]
      [Redirty Cards: 0.7 ms]
      [Humongous Register: 0.0 ms]
      [Humongous Reclaim: 0.0 ms]
      [Free CSet: 0.0 ms]
   [Eden: 2048.0K(2048.0K)->0.0B(10240.0K) Survivors: 1024.0K->1024.0K Heap: 38654.6K(65536.0K)->37053.6K(65536.0K)]
 [Times: user=0.14 sys=0.01, real=0.02 secs] 
2026-06-17T09:48:59.941+0800: 22.142: [GC pause (G1 Evacuation Pause) (young), 0.0149612 secs]
   [Parallel Time: 7.1 ms, GC Workers: 18]
      [GC Worker Start (ms): Min: 22142.2, Avg: 22143.8, Max: 22147.3, Diff: 5.1]
      [Ext Root Scanning (ms): Min: 0.0, Avg: 0.1, Max: 0.5, Diff: 0.5, Sum: 1.1]
      [Update RS (ms): Min: 0.0, Avg: 0.0, Max: 0.1, Diff: 0.1, Sum: 0.2]
         [Processed Buffers: Min: 0, Avg: 0.3, Max: 3, Diff: 3, Sum: 5]
      [Scan RS (ms): Min: 0.0, Avg: 0.0, Max: 0.0, Diff: 0.0, Sum: 0.0]
      [Code Root Scanning (ms): Min: 0.0, Avg: 0.0, Max: 0.0, Diff: 0.0, Sum: 0.0]
      [Object Copy (ms): Min: 0.0, Avg: 0.0, Max: 0.2, Diff: 0.2, Sum: 0.8]
      [Termination (ms): Min: 0.0, Avg: 3.6, Max: 5.1, Diff: 5.1, Sum: 65.4]
         [Termination Attempts: Min: 1, Avg: 1.0, Max: 1, Diff: 0, Sum: 18]
      [GC Worker Other (ms): Min: 0.0, Avg: 0.0, Max: 0.0, Diff: 0.0, Sum: 0.2]
      [GC Worker Total (ms): Min: 0.0, Avg: 3.8, Max: 5.8, Diff: 5.8, Sum: 67.6]
      [GC Worker End (ms): Min: 22147.3, Avg: 22147.5, Max: 22148.0, Diff: 0.7]
   [Code Root Fixup: 0.0 ms]
   [Code Root Purge: 0.0 ms]
   [Clear CT: 1.5 ms]
   [Other: 6.4 ms]
      [Choose CSet: 0.0 ms]
      [Ref Proc: 5.6 ms]
      [Ref Enq: 0.0 ms]
      [Redirty Cards: 0.7 ms]
      [Humongous Register: 0.0 ms]
      [Humongous Reclaim: 0.0 ms]
      [Free CSet: 0.0 ms]
   [Eden: 10240.0K(10240.0K)->0.0B(9216.0K) Survivors: 1024.0K->2048.0K Heap: 47293.6K(65536.0K)->39786.6K(65536.0K)]
 [Times: user=0.11 sys=0.01, real=0.02 secs] 
2026-06-17T09:48:59.978+0800: 22.180: [GC pause (G1 Evacuation Pause) (young) (initial-mark), 0.0337995 secs]
   [Parallel Time: 23.1 ms, GC Workers: 18]
      [GC Worker Start (ms): Min: 22179.9, Avg: 22181.1, Max: 22182.2, Diff: 2.3]
      [Ext Root Scanning (ms): Min: 0.0, Avg: 6.0, Max: 18.4, Diff: 18.4, Sum: 108.4]
      [Update RS (ms): Min: 0.0, Avg: 0.0, Max: 0.0, Diff: 0.0, Sum: 0.1]
         [Processed Buffers: Min: 0, Avg: 0.2, Max: 4, Diff: 4, Sum: 4]
      [Scan RS (ms): Min: 0.0, Avg: 0.0, Max: 0.0, Diff: 0.0, Sum: 0.0]
      [Code Root Scanning (ms): Min: 0.0, Avg: 0.0, Max: 0.0, Diff: 0.0, Sum: 0.0]
      [Object Copy (ms): Min: 0.0, Avg: 0.0, Max: 0.4, Diff: 0.4, Sum: 0.9]
      [Termination (ms): Min: 0.0, Avg: 13.8, Max: 18.7, Diff: 18.7, Sum: 248.5]
         [Termination Attempts: Min: 1, Avg: 1.0, Max: 1, Diff: 0, Sum: 18]
      [GC Worker Other (ms): Min: 0.0, Avg: 0.0, Max: 0.0, Diff: 0.0, Sum: 0.2]
      [GC Worker Total (ms): Min: 18.3, Avg: 19.9, Max: 21.4, Diff: 3.1, Sum: 358.1]
      [GC Worker End (ms): Min: 22200.5, Avg: 22201.0, Max: 22201.6, Diff: 1.2]
   [Code Root Fixup: 0.0 ms]
   [Code Root Purge: 0.0 ms]
   [Clear CT: 1.2 ms]
   [Other: 9.4 ms]
      [Choose CSet: 0.0 ms]
      [Ref Proc: 8.0 ms]
      [Ref Enq: 0.0 ms]
      [Redirty Cards: 1.2 ms]
      [Humongous Register: 0.0 ms]
      [Humongous Reclaim: 0.0 ms]
      [Free CSet: 0.0 ms]
   [Eden: 9216.0K(9216.0K)->0.0B(7168.0K) Survivors: 2048.0K->2048.0K Heap: 49002.6K(65536.0K)->42104.6K(65536.0K)]
 [Times: user=0.33 sys=0.00, real=0.04 secs] 
2026-06-17T09:49:00.014+0800: 22.215: [GC concurrent-root-region-scan-start]
2026-06-17T09:49:00.014+0800: 22.216: [GC concurrent-root-region-scan-end, 0.0003696 secs]
2026-06-17T09:49:00.014+0800: 22.216: [GC concurrent-mark-start]
2026-06-17T09:49:00.015+0800: 22.216: [GC concurrent-mark-end, 0.0003076 secs]
2026-06-17T09:49:00.015+0800: 22.216: [GC remark 2026-06-17T09:49:00.016+0800: 22.217: [Finalize Marking, 0.0053851 secs] 2026-06-17T09:49:00.022+0800: 22.223: [GC ref-proc, 0.0005091 secs] 2026-06-17T09:49:00.023+0800: 22.224: [Unloading, 0.0016347 secs], 0.0104571 secs]
 [Times: user=0.04 sys=0.00, real=0.01 secs] 
2026-06-17T09:49:00.027+0800: 22.228: [GC cleanup 46182K->41062K(65536K), 0.0030750 secs]
 [Times: user=0.00 sys=0.00, real=0.01 secs] 
2026-06-17T09:49:00.031+0800: 22.233: [GC concurrent-cleanup-start]
2026-06-17T09:49:00.031+0800: 22.233: [GC concurrent-cleanup-end, 0.0000137 secs]
2026-06-17T09:49:00.042+0800: 22.243: [GC pause (G1 Evacuation Pause) (young), 0.0162786 secs]
   [Parallel Time: 10.5 ms, GC Workers: 18]
      [GC Worker Start (ms): Min: 22243.0, Avg: 22244.9, Max: 22251.3, Diff: 8.3]
      [Ext Root Scanning (ms): Min: 0.0, Avg: 0.0, Max: 0.2, Diff: 0.2, Sum: 0.6]
      [Update RS (ms): Min: 0.0, Avg: 0.0, Max: 0.0, Diff: 0.0, Sum: 0.1]
         [Processed Buffers: Min: 0, Avg: 0.3, Max: 2, Diff: 2, Sum: 5]
      [Scan RS (ms): Min: 0.0, Avg: 0.0, Max: 0.0, Diff: 0.0, Sum: 0.0]
      [Code Root Scanning (ms): Min: 0.0, Avg: 0.0, Max: 0.0, Diff: 0.0, Sum: 0.0]
      [Object Copy (ms): Min: 0.0, Avg: 0.1, Max: 0.2, Diff: 0.2, Sum: 0.9]
      [Termination (ms): Min: 0.0, Avg: 6.6, Max: 8.4, Diff: 8.4, Sum: 118.0]
         [Termination Attempts: Min: 1, Avg: 1.0, Max: 1, Diff: 0, Sum: 18]
      [GC Worker Other (ms): Min: 0.0, Avg: 0.0, Max: 0.0, Diff: 0.0, Sum: 0.2]
      [GC Worker Total (ms): Min: 0.0, Avg: 6.7, Max: 8.6, Diff: 8.6, Sum: 119.8]
      [GC Worker End (ms): Min: 22251.3, Avg: 22251.6, Max: 22252.3, Diff: 0.9]
   [Code Root Fixup: 0.0 ms]
   [Code Root Purge: 0.0 ms]
   [Clear CT: 1.2 ms]
   [Other: 4.5 ms]
      [Choose CSet: 0.0 ms]
      [Ref Proc: 3.9 ms]
      [Ref Enq: 0.0 ms]
      [Redirty Cards: 0.6 ms]
      [Humongous Register: 0.0 ms]
      [Humongous Reclaim: 0.0 ms]
      [Free CSet: 0.0 ms]
   [Eden: 7168.0K(7168.0K)->0.0B(1024.0K) Survivors: 2048.0K->2048.0K Heap: 44152.6K(65536.0K)->40307.6K(65536.0K)]
 [Times: user=0.14 sys=0.01, real=0.02 secs] 
2026-06-17T09:49:00.059+0800: 22.261: [GC pause (G1 Evacuation Pause) (mixed), 0.0114594 secs]
   [Parallel Time: 4.4 ms, GC Workers: 18]
      [GC Worker Start (ms): Min: 22260.7, Avg: 22261.7, Max: 22263.7, Diff: 3.0]
      [Ext Root Scanning (ms): Min: 0.0, Avg: 0.0, Max: 0.2, Diff: 0.2, Sum: 0.4]
      [Update RS (ms): Min: 0.0, Avg: 0.0, Max: 0.0, Diff: 0.0, Sum: 0.0]
         [Processed Buffers: Min: 0, Avg: 0.2, Max: 2, Diff: 2, Sum: 4]
      [Scan RS (ms): Min: 0.0, Avg: 0.0, Max: 0.0, Diff: 0.0, Sum: 0.0]
      [Code Root Scanning (ms): Min: 0.0, Avg: 0.0, Max: 0.0, Diff: 0.0, Sum: 0.0]
      [Object Copy (ms): Min: 0.0, Avg: 0.0, Max: 0.2, Diff: 0.2, Sum: 0.8]
      [Termination (ms): Min: 0.0, Avg: 2.2, Max: 3.0, Diff: 3.0, Sum: 38.9]
         [Termination Attempts: Min: 1, Avg: 1.0, Max: 1, Diff: 0, Sum: 18]
      [GC Worker Other (ms): Min: 0.0, Avg: 0.0, Max: 0.1, Diff: 0.0, Sum: 0.2]
      [GC Worker Total (ms): Min: 0.1, Avg: 2.2, Max: 3.2, Diff: 3.1, Sum: 40.3]
      [GC Worker End (ms): Min: 22263.7, Avg: 22263.9, Max: 22264.2, Diff: 0.5]
   [Code Root Fixup: 0.0 ms]
   [Code Root Purge: 0.0 ms]
   [Clear CT: 1.4 ms]
   [Other: 5.7 ms]
      [Choose CSet: 0.0 ms]
      [Ref Proc: 5.0 ms]
      [Ref Enq: 0.0 ms]
      [Redirty Cards: 0.6 ms]
      [Humongous Register: 0.0 ms]
      [Humongous Reclaim: 0.0 ms]
      [Free CSet: 0.0 ms]
   [Eden: 1024.0K(1024.0K)->0.0B(2048.0K) Survivors: 2048.0K->1024.0K Heap: 41331.6K(65536.0K)->37444.1K(65536.0K)]
 [Times: user=0.11 sys=0.00, real=0.02 secs] 
2026-06-17T09:49:00.072+0800: 22.273: [GC pause (G1 Evacuation Pause) (mixed), 0.0068574 secs]
   [Parallel Time: 2.5 ms, GC Workers: 18]
      [GC Worker Start (ms): Min: 22273.3, Avg: 22274.2, Max: 22275.0, Diff: 1.7]
      [Ext Root Scanning (ms): Min: 0.0, Avg: 0.0, Max: 0.1, Diff: 0.1, Sum: 0.3]
      [Update RS (ms): Min: 0.0, Avg: 0.0, Max: 0.0, Diff: 0.0, Sum: 0.0]
         [Processed Buffers: Min: 0, Avg: 0.3, Max: 2, Diff: 2, Sum: 5]
      [Scan RS (ms): Min: 0.0, Avg: 0.0, Max: 0.0, Diff: 0.0, Sum: 0.0]
      [Code Root Scanning (ms): Min: 0.0, Avg: 0.0, Max: 0.0, Diff: 0.0, Sum: 0.0]
      [Object Copy (ms): Min: 0.0, Avg: 0.1, Max: 0.2, Diff: 0.2, Sum: 0.9]
      [Termination (ms): Min: 0.0, Avg: 0.8, Max: 1.5, Diff: 1.5, Sum: 14.5]
         [Termination Attempts: Min: 1, Avg: 1.1, Max: 2, Diff: 1, Sum: 19]
      [GC Worker Other (ms): Min: 0.0, Avg: 0.0, Max: 0.0, Diff: 0.0, Sum: 0.1]
      [GC Worker Total (ms): Min: 0.0, Avg: 0.9, Max: 1.7, Diff: 1.7, Sum: 15.9]
      [GC Worker End (ms): Min: 22275.1, Avg: 22275.1, Max: 22275.3, Diff: 0.2]
   [Code Root Fixup: 0.0 ms]
   [Code Root Purge: 0.0 ms]
   [Clear CT: 1.0 ms]
   [Other: 3.4 ms]
      [Choose CSet: 0.0 ms]
      [Ref Proc: 2.6 ms]
      [Ref Enq: 0.0 ms]
      [Redirty Cards: 0.7 ms]
      [Humongous Register: 0.0 ms]
      [Humongous Reclaim: 0.0 ms]
      [Free CSet: 0.0 ms]
   [Eden: 2048.0K(2048.0K)->0.0B(2048.0K) Survivors: 1024.0K->1024.0K Heap: 39492.1K(65536.0K)->36665.6K(65536.0K)]
 [Times: user=0.03 sys=0.01, real=0.00 secs] 
2026-06-17T09:49:00.090+0800: 22.292: [GC pause (G1 Evacuation Pause) (mixed), 0.0159616 secs]
   [Parallel Time: 11.6 ms, GC Workers: 18]
      [GC Worker Start (ms): Min: 22291.6, Avg: 22293.0, Max: 22300.8, Diff: 9.2]
      [Ext Root Scanning (ms): Min: 0.0, Avg: 0.0, Max: 0.2, Diff: 0.2, Sum: 0.5]
      [Update RS (ms): Min: 0.0, Avg: 0.0, Max: 0.0, Diff: 0.0, Sum: 0.1]
         [Processed Buffers: Min: 0, Avg: 0.2, Max: 1, Diff: 1, Sum: 4]
      [Scan RS (ms): Min: 0.0, Avg: 0.0, Max: 0.0, Diff: 0.0, Sum: 0.1]
      [Code Root Scanning (ms): Min: 0.0, Avg: 0.0, Max: 0.0, Diff: 0.0, Sum: 0.0]
      [Object Copy (ms): Min: 0.0, Avg: 0.0, Max: 0.1, Diff: 0.1, Sum: 0.6]
      [Termination (ms): Min: 0.0, Avg: 7.9, Max: 9.1, Diff: 9.1, Sum: 141.6]
         [Termination Attempts: Min: 1, Avg: 1.0, Max: 1, Diff: 0, Sum: 18]
      [GC Worker Other (ms): Min: 0.0, Avg: 0.0, Max: 0.0, Diff: 0.0, Sum: 0.2]
      [GC Worker Total (ms): Min: 0.0, Avg: 7.9, Max: 9.5, Diff: 9.4, Sum: 143.1]
      [GC Worker End (ms): Min: 22300.8, Avg: 22300.9, Max: 22301.3, Diff: 0.5]
   [Code Root Fixup: 0.0 ms]
   [Code Root Purge: 0.0 ms]
   [Clear CT: 2.2 ms]
   [Other: 2.2 ms]
      [Choose CSet: 0.0 ms]
      [Ref Proc: 1.6 ms]
      [Ref Enq: 0.0 ms]
      [Redirty Cards: 0.5 ms]
      [Humongous Register: 0.0 ms]
      [Humongous Reclaim: 0.0 ms]
      [Free CSet: 0.0 ms]
   [Eden: 2048.0K(2048.0K)->0.0B(9216.0K) Survivors: 1024.0K->1024.0K Heap: 38713.6K(65536.0K)->36998.6K(65536.0K)]
 [Times: user=0.16 sys=0.00, real=0.02 secs] 
2026-06-17T09:49:00.128+0800: 22.330: [GC pause (G1 Evacuation Pause) (young), 0.0156636 secs]
   [Parallel Time: 9.3 ms, GC Workers: 18]
      [GC Worker Start (ms): Min: 22329.7, Avg: 22331.5, Max: 22337.8, Diff: 8.1]
      [Ext Root Scanning (ms): Min: 0.0, Avg: 0.0, Max: 0.3, Diff: 0.3, Sum: 0.6]
      [Update RS (ms): Min: 0.0, Avg: 0.0, Max: 0.1, Diff: 0.1, Sum: 0.2]
         [Processed Buffers: Min: 0, Avg: 0.3, Max: 2, Diff: 2, Sum: 6]
      [Scan RS (ms): Min: 0.0, Avg: 0.0, Max: 0.0, Diff: 0.0, Sum: 0.0]
      [Code Root Scanning (ms): Min: 0.0, Avg: 0.0, Max: 0.0, Diff: 0.0, Sum: 0.0]
      [Object Copy (ms): Min: 0.0, Avg: 0.0, Max: 0.1, Diff: 0.1, Sum: 0.5]
      [Termination (ms): Min: 0.0, Avg: 6.6, Max: 8.5, Diff: 8.5, Sum: 118.8]
         [Termination Attempts: Min: 1, Avg: 1.0, Max: 1, Diff: 0, Sum: 18]
      [GC Worker Other (ms): Min: 0.0, Avg: 0.0, Max: 0.0, Diff: 0.0, Sum: 0.2]
      [GC Worker Total (ms): Min: 0.0, Avg: 6.7, Max: 8.6, Diff: 8.5, Sum: 120.4]
      [GC Worker End (ms): Min: 22337.8, Avg: 22338.1, Max: 22338.6, Diff: 0.8]
   [Code Root Fixup: 0.0 ms]
   [Code Root Purge: 0.0 ms]
   [Clear CT: 1.4 ms]
   [Other: 5.0 ms]
      [Choose CSet: 0.0 ms]
      [Ref Proc: 4.3 ms]
      [Ref Enq: 0.0 ms]
      [Redirty Cards: 0.6 ms]
      [Humongous Register: 0.0 ms]
      [Humongous Reclaim: 0.0 ms]
      [Free CSet: 0.0 ms]
   [Eden: 9216.0K(9216.0K)->0.0B(9216.0K) Survivors: 1024.0K->2048.0K Heap: 46214.6K(65536.0K)->39048.6K(65536.0K)]
 [Times: user=0.14 sys=0.01, real=0.02 secs] 
2026-06-17T09:49:00.166+0800: 22.368: [GC pause (G1 Evacuation Pause) (young) (initial-mark), 0.0179852 secs]
   [Parallel Time: 11.3 ms, GC Workers: 18]
      [GC Worker Start (ms): Min: 22367.8, Avg: 22368.9, Max: 22369.8, Diff: 2.0]
      [Ext Root Scanning (ms): Min: 0.0, Avg: 2.7, Max: 7.1, Diff: 7.0, Sum: 48.4]
      [Update RS (ms): Min: 0.0, Avg: 0.0, Max: 0.0, Diff: 0.0, Sum: 0.1]
         [Processed Buffers: Min: 0, Avg: 0.2, Max: 4, Diff: 4, Sum: 4]
      [Scan RS (ms): Min: 0.0, Avg: 0.0, Max: 0.0, Diff: 0.0, Sum: 0.0]
      [Code Root Scanning (ms): Min: 0.0, Avg: 0.0, Max: 0.0, Diff: 0.0, Sum: 0.0]
      [Object Copy (ms): Min: 0.0, Avg: 0.1, Max: 0.5, Diff: 0.5, Sum: 1.2]
      [Termination (ms): Min: 0.0, Avg: 5.4, Max: 7.1, Diff: 7.1, Sum: 97.3]
         [Termination Attempts: Min: 1, Avg: 1.2, Max: 2, Diff: 1, Sum: 21]
      [GC Worker Other (ms): Min: 0.0, Avg: 0.0, Max: 0.0, Diff: 0.0, Sum: 0.2]
      [GC Worker Total (ms): Min: 7.1, Avg: 8.2, Max: 9.4, Diff: 2.3, Sum: 147.2]
      [GC Worker End (ms): Min: 22376.8, Avg: 22377.0, Max: 22377.6, Diff: 0.9]
   [Code Root Fixup: 0.0 ms]
   [Code Root Purge: 0.0 ms]
   [Clear CT: 1.7 ms]
   [Other: 5.0 ms]
      [Choose CSet: 0.0 ms]
      [Ref Proc: 4.2 ms]
      [Ref Enq: 0.0 ms]
      [Redirty Cards: 0.8 ms]
      [Humongous Register: 0.0 ms]
      [Humongous Reclaim: 0.0 ms]
      [Free CSet: 0.0 ms]
   [Eden: 9216.0K(9216.0K)->0.0B(6144.0K) Survivors: 2048.0K->2048.0K Heap: 48264.6K(65536.0K)->42198.6K(65536.0K)]
 [Times: user=0.13 sys=0.00, real=0.02 secs] 
2026-06-17T09:49:00.185+0800: 22.387: [GC concurrent-root-region-scan-start]
2026-06-17T09:49:00.186+0800: 22.387: [GC concurrent-root-region-scan-end, 0.0002145 secs]
2026-06-17T09:49:00.186+0800: 22.387: [GC concurrent-mark-start]
2026-06-17T09:49:00.186+0800: 22.387: [GC concurrent-mark-end, 0.0004867 secs]
2026-06-17T09:49:00.186+0800: 22.387: [GC remark 2026-06-17T09:49:00.187+0800: 22.388: [Finalize Marking, 0.0026236 secs] 2026-06-17T09:49:00.190+0800: 22.391: [GC ref-proc, 0.0006271 secs] 2026-06-17T09:49:00.191+0800: 22.392: [Unloading, 0.0018487 secs], 0.0076733 secs]
 [Times: user=0.02 sys=0.00, real=0.01 secs] 
2026-06-17T09:49:00.195+0800: 22.396: [GC cleanup 42448K->40400K(65536K), 0.0027757 secs]
 [Times: user=0.00 sys=0.00, real=0.00 secs] 
2026-06-17T09:49:00.199+0800: 22.400: [GC concurrent-cleanup-start]
2026-06-17T09:49:00.199+0800: 22.400: [GC concurrent-cleanup-end, 0.0000066 secs]
2026-06-17T09:49:00.209+0800: 22.411: [GC pause (G1 Evacuation Pause) (young), 0.0145517 secs]
   [Parallel Time: 7.9 ms, GC Workers: 18]
      [GC Worker Start (ms): Min: 22410.8, Avg: 22412.6, Max: 22417.2, Diff: 6.4]
      [Ext Root Scanning (ms): Min: 0.0, Avg: 0.0, Max: 0.2, Diff: 0.2, Sum: 0.6]
      [Update RS (ms): Min: 0.0, Avg: 0.0, Max: 0.0, Diff: 0.0, Sum: 0.0]
         [Processed Buffers: Min: 0, Avg: 0.2, Max: 2, Diff: 2, Sum: 4]
      [Scan RS (ms): Min: 0.0, Avg: 0.0, Max: 0.0, Diff: 0.0, Sum: 0.0]
      [Code Root Scanning (ms): Min: 0.0, Avg: 0.0, Max: 0.0, Diff: 0.0, Sum: 0.0]
      [Object Copy (ms): Min: 0.0, Avg: 0.0, Max: 0.2, Diff: 0.2, Sum: 0.6]
      [Termination (ms): Min: 0.0, Avg: 4.7, Max: 6.5, Diff: 6.5, Sum: 85.3]
         [Termination Attempts: Min: 1, Avg: 1.0, Max: 1, Diff: 0, Sum: 18]
      [GC Worker Other (ms): Min: 0.0, Avg: 0.0, Max: 0.0, Diff: 0.0, Sum: 0.2]
      [GC Worker Total (ms): Min: 0.0, Avg: 4.8, Max: 6.6, Diff: 6.5, Sum: 86.8]
      [GC Worker End (ms): Min: 22417.2, Avg: 22417.4, Max: 22418.0, Diff: 0.8]
   [Code Root Fixup: 0.0 ms]
   [Code Root Purge: 0.0 ms]
   [Clear CT: 1.2 ms]
   [Other: 5.4 ms]
      [Choose CSet: 0.0 ms]
      [Ref Proc: 4.6 ms]
      [Ref Enq: 0.0 ms]
      [Redirty Cards: 0.8 ms]
      [Humongous Register: 0.0 ms]
      [Humongous Reclaim: 0.0 ms]
      [Free CSet: 0.0 ms]
   [Eden: 6144.0K(6144.0K)->0.0B(2048.0K) Survivors: 2048.0K->1024.0K Heap: 46294.6K(65536.0K)->42217.6K(65536.0K)]
 [Times: user=0.13 sys=0.00, real=0.02 secs] 
2026-06-17T09:49:00.225+0800: 22.426: [GC pause (G1 Evacuation Pause) (mixed), 0.0131165 secs]
   [Parallel Time: 4.8 ms, GC Workers: 18]
      [GC Worker Start (ms): Min: 22426.5, Avg: 22427.4, Max: 22429.7, Diff: 3.2]
      [Ext Root Scanning (ms): Min: 0.0, Avg: 0.0, Max: 0.1, Diff: 0.1, Sum: 0.3]
      [Update RS (ms): Min: 0.0, Avg: 0.0, Max: 0.0, Diff: 0.0, Sum: 0.0]
         [Processed Buffers: Min: 0, Avg: 0.2, Max: 2, Diff: 2, Sum: 4]
      [Scan RS (ms): Min: 0.0, Avg: 0.0, Max: 0.0, Diff: 0.0, Sum: 0.0]
      [Code Root Scanning (ms): Min: 0.0, Avg: 0.0, Max: 0.0, Diff: 0.0, Sum: 0.0]
      [Object Copy (ms): Min: 0.0, Avg: 0.0, Max: 0.2, Diff: 0.2, Sum: 0.7]
      [Termination (ms): Min: 0.0, Avg: 2.4, Max: 3.4, Diff: 3.4, Sum: 42.3]
         [Termination Attempts: Min: 1, Avg: 1.0, Max: 1, Diff: 0, Sum: 18]
      [GC Worker Other (ms): Min: 0.0, Avg: 0.0, Max: 0.0, Diff: 0.0, Sum: 0.1]
      [GC Worker Total (ms): Min: 0.0, Avg: 2.4, Max: 3.6, Diff: 3.6, Sum: 43.5]
      [GC Worker End (ms): Min: 22429.7, Avg: 22429.8, Max: 22430.2, Diff: 0.5]
   [Code Root Fixup: 0.0 ms]
   [Code Root Purge: 0.0 ms]
   [Clear CT: 1.6 ms]
   [Other: 6.7 ms]
      [Choose CSet: 0.0 ms]
      [Ref Proc: 6.1 ms]
      [Ref Enq: 0.0 ms]
      [Redirty Cards: 0.5 ms]
      [Humongous Register: 0.0 ms]
      [Humongous Reclaim: 0.0 ms]
      [Free CSet: 0.0 ms]
   [Eden: 2048.0K(2048.0K)->0.0B(2048.0K) Survivors: 1024.0K->1024.0K Heap: 44265.6K(65536.0K)->39716.6K(65536.0K)]
 [Times: user=0.13 sys=0.01, real=0.01 secs] 
2026-06-17T09:49:00.250+0800: 22.451: [GC pause (G1 Evacuation Pause) (mixed), 0.0188148 secs]
   [Parallel Time: 11.6 ms, GC Workers: 18]
      [GC Worker Start (ms): Min: 22451.2, Avg: 22453.1, Max: 22459.3, Diff: 8.1]
      [Ext Root Scanning (ms): Min: 0.0, Avg: 0.0, Max: 0.2, Diff: 0.2, Sum: 0.5]
      [Update RS (ms): Min: 0.0, Avg: 0.0, Max: 0.0, Diff: 0.0, Sum: 0.1]
         [Processed Buffers: Min: 0, Avg: 0.3, Max: 3, Diff: 3, Sum: 6]
      [Scan RS (ms): Min: 0.0, Avg: 0.0, Max: 0.0, Diff: 0.0, Sum: 0.1]
      [Code Root Scanning (ms): Min: 0.0, Avg: 0.0, Max: 0.0, Diff: 0.0, Sum: 0.0]
      [Object Copy (ms): Min: 0.0, Avg: 0.1, Max: 0.3, Diff: 0.3, Sum: 1.2]
      [Termination (ms): Min: 0.0, Avg: 6.5, Max: 8.6, Diff: 8.6, Sum: 117.1]
         [Termination Attempts: Min: 1, Avg: 1.0, Max: 1, Diff: 0, Sum: 18]
      [GC Worker Other (ms): Min: 0.0, Avg: 0.0, Max: 0.0, Diff: 0.0, Sum: 0.2]
      [GC Worker Total (ms): Min: 0.0, Avg: 6.6, Max: 9.0, Diff: 8.9, Sum: 119.2]
      [GC Worker End (ms): Min: 22459.4, Avg: 22459.7, Max: 22460.4, Diff: 1.0]
   [Code Root Fixup: 0.0 ms]
   [Code Root Purge: 0.0 ms]
   [Clear CT: 1.4 ms]
   [Other: 5.7 ms]
      [Choose CSet: 0.0 ms]
      [Ref Proc: 5.1 ms]
      [Ref Enq: 0.0 ms]
      [Redirty Cards: 0.6 ms]
      [Humongous Register: 0.0 ms]
      [Humongous Reclaim: 0.0 ms]
      [Free CSet: 0.0 ms]
   [Eden: 2048.0K(2048.0K)->0.0B(8192.0K) Survivors: 1024.0K->1024.0K Heap: 41764.6K(65536.0K)->40524.6K(65536.0K)]
 [Times: user=0.15 sys=0.00, real=0.02 secs] 
2026-06-17T09:49:00.270+0800: 22.471: [GC pause (G1 Humongous Allocation) (young) (initial-mark), 0.0133324 secs]
   [Parallel Time: 9.0 ms, GC Workers: 18]
      [GC Worker Start (ms): Min: 22471.0, Avg: 22471.3, Max: 22471.4, Diff: 0.4]
      [Ext Root Scanning (ms): Min: 0.0, Avg: 1.5, Max: 7.1, Diff: 7.1, Sum: 26.7]
      [Update RS (ms): Min: 0.0, Avg: 0.0, Max: 0.0, Diff: 0.0, Sum: 0.1]
         [Processed Buffers: Min: 0, Avg: 0.3, Max: 3, Diff: 3, Sum: 5]
      [Scan RS (ms): Min: 0.0, Avg: 0.0, Max: 0.0, Diff: 0.0, Sum: 0.0]
      [Code Root Scanning (ms): Min: 0.0, Avg: 0.0, Max: 0.0, Diff: 0.0, Sum: 0.0]
      [Object Copy (ms): Min: 0.0, Avg: 0.0, Max: 0.1, Diff: 0.1, Sum: 0.1]
      [Termination (ms): Min: 0.0, Avg: 5.9, Max: 7.2, Diff: 7.2, Sum: 105.7]
         [Termination Attempts: Min: 1, Avg: 1.0, Max: 1, Diff: 0, Sum: 18]
      [GC Worker Other (ms): Min: 0.0, Avg: 0.0, Max: 0.0, Diff: 0.0, Sum: 0.1]
      [GC Worker Total (ms): Min: 7.1, Avg: 7.4, Max: 7.8, Diff: 0.7, Sum: 132.8]
      [GC Worker End (ms): Min: 22478.5, Avg: 22478.7, Max: 22479.0, Diff: 0.5]
   [Code Root Fixup: 0.0 ms]
   [Code Root Purge: 0.0 ms]
   [Clear CT: 0.9 ms]
   [Other: 3.5 ms]
      [Choose CSet: 0.0 ms]
      [Ref Proc: 2.9 ms]
      [Ref Enq: 0.0 ms]
      [Redirty Cards: 0.5 ms]
      [Humongous Register: 0.0 ms]
      [Humongous Reclaim: 0.0 ms]
      [Free CSet: 0.0 ms]
   [Eden: 3072.0K(8192.0K)->0.0B(9216.0K) Survivors: 1024.0K->1024.0K Heap: 43281.9K(65536.0K)->40390.0K(65536.0K)]
 [Times: user=0.12 sys=0.00, real=0.02 secs] 
2026-06-17T09:49:00.284+0800: 22.485: [GC concurrent-root-region-scan-start]
2026-06-17T09:49:00.284+0800: 22.485: [GC concurrent-root-region-scan-end, 0.0002299 secs]
2026-06-17T09:49:00.284+0800: 22.485: [GC concurrent-mark-start]
2026-06-17T09:49:00.285+0800: 22.486: [GC concurrent-mark-end, 0.0004089 secs]
2026-06-17T09:49:00.285+0800: 22.486: [GC remark 2026-06-17T09:49:00.285+0800: 22.487: [Finalize Marking, 0.0031158 secs] 2026-06-17T09:49:00.289+0800: 22.490: [GC ref-proc, 0.0007094 secs] 2026-06-17T09:49:00.290+0800: 22.491: [Unloading, 0.0015571 secs], 0.0081994 secs]
 [Times: user=0.03 sys=0.00, real=0.01 secs] 
2026-06-17T09:49:00.294+0800: 22.495: [GC cleanup 42477K->32675K(65536K), 0.0027749 secs]
 [Times: user=0.00 sys=0.00, real=0.00 secs] 
2026-06-17T09:49:00.298+0800: 22.500: [GC concurrent-cleanup-start]
2026-06-17T09:49:00.298+0800: 22.500: [GC concurrent-cleanup-end, 0.0000085 secs]
2026-06-17T09:49:00.319+0800: 22.521: [GC pause (G1 Evacuation Pause) (young), 0.0253811 secs]
   [Parallel Time: 14.3 ms, GC Workers: 18]
      [GC Worker Start (ms): Min: 22520.7, Avg: 22524.8, Max: 22531.8, Diff: 11.1]
      [Ext Root Scanning (ms): Min: 0.0, Avg: 0.0, Max: 0.3, Diff: 0.3, Sum: 0.8]
      [Update RS (ms): Min: 0.0, Avg: 0.0, Max: 0.0, Diff: 0.0, Sum: 0.1]
         [Processed Buffers: Min: 0, Avg: 0.2, Max: 2, Diff: 2, Sum: 3]
      [Scan RS (ms): Min: 0.0, Avg: 0.0, Max: 0.0, Diff: 0.0, Sum: 0.0]
      [Code Root Scanning (ms): Min: 0.0, Avg: 0.0, Max: 0.0, Diff: 0.0, Sum: 0.0]
      [Object Copy (ms): Min: 0.0, Avg: 0.0, Max: 0.1, Diff: 0.1, Sum: 0.4]
      [Termination (ms): Min: 0.0, Avg: 7.5, Max: 11.8, Diff: 11.8, Sum: 135.1]
         [Termination Attempts: Min: 1, Avg: 1.0, Max: 1, Diff: 0, Sum: 18]
      [GC Worker Other (ms): Min: 0.0, Avg: 0.0, Max: 0.0, Diff: 0.0, Sum: 0.2]
      [GC Worker Total (ms): Min: 0.0, Avg: 7.6, Max: 12.2, Diff: 12.1, Sum: 136.7]
      [GC Worker End (ms): Min: 22531.8, Avg: 22532.3, Max: 22533.0, Diff: 1.1]
   [Code Root Fixup: 0.0 ms]
   [Code Root Purge: 0.0 ms]
   [Clear CT: 2.7 ms]
   [Other: 8.4 ms]
      [Choose CSet: 0.0 ms]
      [Ref Proc: 7.4 ms]
      [Ref Enq: 0.0 ms]
      [Redirty Cards: 0.9 ms]
      [Humongous Register: 0.0 ms]
      [Humongous Reclaim: 0.0 ms]
      [Free CSet: 0.0 ms]
   [Eden: 9216.0K(9216.0K)->0.0B(2048.0K) Survivors: 1024.0K->2048.0K Heap: 41057.5K(65536.0K)->33264.6K(65536.0K)]
 [Times: user=0.23 sys=0.01, real=0.03 secs] 
2026-06-17T09:49:00.346+0800: 22.547: [GC pause (G1 Evacuation Pause) (mixed), 0.0123322 secs]
   [Parallel Time: 7.0 ms, GC Workers: 18]
      [GC Worker Start (ms): Min: 22547.3, Avg: 22548.5, Max: 22552.5, Diff: 5.2]
      [Ext Root Scanning (ms): Min: 0.0, Avg: 0.0, Max: 0.2, Diff: 0.2, Sum: 0.4]
      [Update RS (ms): Min: 0.0, Avg: 0.0, Max: 0.0, Diff: 0.0, Sum: 0.0]
         [Processed Buffers: Min: 0, Avg: 0.2, Max: 1, Diff: 1, Sum: 3]
      [Scan RS (ms): Min: 0.0, Avg: 0.0, Max: 0.0, Diff: 0.0, Sum: 0.0]
      [Code Root Scanning (ms): Min: 0.0, Avg: 0.0, Max: 0.0, Diff: 0.0, Sum: 0.0]
      [Object Copy (ms): Min: 0.0, Avg: 0.1, Max: 0.3, Diff: 0.3, Sum: 1.4]
      [Termination (ms): Min: 0.0, Avg: 4.1, Max: 5.1, Diff: 5.1, Sum: 73.4]
         [Termination Attempts: Min: 1, Avg: 1.0, Max: 1, Diff: 0, Sum: 18]
      [GC Worker Other (ms): Min: 0.0, Avg: 0.0, Max: 0.0, Diff: 0.0, Sum: 0.1]
      [GC Worker Total (ms): Min: 0.0, Avg: 4.2, Max: 5.6, Diff: 5.6, Sum: 75.4]
      [GC Worker End (ms): Min: 22552.6, Avg: 22552.7, Max: 22552.9, Diff: 0.4]
   [Code Root Fixup: 0.0 ms]
   [Code Root Purge: 0.0 ms]
   [Clear CT: 1.7 ms]
   [Other: 3.7 ms]
      [Choose CSet: 0.0 ms]
      [Ref Proc: 2.7 ms]
      [Ref Enq: 0.0 ms]
      [Redirty Cards: 0.9 ms]
      [Humongous Register: 0.0 ms]
      [Humongous Reclaim: 0.0 ms]
      [Free CSet: 0.0 ms]
   [Eden: 2048.0K(2048.0K)->0.0B(2048.0K) Survivors: 2048.0K->1024.0K Heap: 35312.6K(65536.0K)->31565.6K(65536.0K)]
 [Times: user=0.09 sys=0.00, real=0.01 secs] 
2026-06-17T09:49:00.370+0800: 22.571: [GC pause (G1 Evacuation Pause) (mixed), 0.0181850 secs]
   [Parallel Time: 12.3 ms, GC Workers: 18]
      [GC Worker Start (ms): Min: 22571.3, Avg: 22573.4, Max: 22581.2, Diff: 9.9]
      [Ext Root Scanning (ms): Min: 0.0, Avg: 0.0, Max: 0.2, Diff: 0.2, Sum: 0.5]
      [Update RS (ms): Min: 0.0, Avg: 0.0, Max: 0.0, Diff: 0.0, Sum: 0.1]
         [Processed Buffers: Min: 0, Avg: 0.4, Max: 3, Diff: 3, Sum: 7]
      [Scan RS (ms): Min: 0.0, Avg: 0.0, Max: 0.0, Diff: 0.0, Sum: 0.1]
      [Code Root Scanning (ms): Min: 0.0, Avg: 0.0, Max: 0.0, Diff: 0.0, Sum: 0.0]
      [Object Copy (ms): Min: 0.0, Avg: 0.0, Max: 0.2, Diff: 0.2, Sum: 0.8]
      [Termination (ms): Min: 0.0, Avg: 8.0, Max: 9.9, Diff: 9.9, Sum: 143.8]
         [Termination Attempts: Min: 1, Avg: 1.0, Max: 1, Diff: 0, Sum: 18]
      [GC Worker Other (ms): Min: 0.0, Avg: 0.0, Max: 0.0, Diff: 0.0, Sum: 0.2]
      [GC Worker Total (ms): Min: 0.0, Avg: 8.1, Max: 10.0, Diff: 10.0, Sum: 145.5]
      [GC Worker End (ms): Min: 22581.3, Avg: 22581.4, Max: 22581.9, Diff: 0.7]
   [Code Root Fixup: 0.0 ms]
   [Code Root Purge: 0.0 ms]
   [Clear CT: 1.6 ms]
   [Other: 4.3 ms]
      [Choose CSet: 0.0 ms]
      [Ref Proc: 3.8 ms]
      [Ref Enq: 0.0 ms]
      [Redirty Cards: 0.5 ms]
      [Humongous Register: 0.0 ms]
      [Humongous Reclaim: 0.0 ms]
      [Free CSet: 0.0 ms]
   [Eden: 2048.0K(2048.0K)->0.0B(16384.0K) Survivors: 1024.0K->1024.0K Heap: 33613.6K(65536.0K)->30551.6K(65536.0K)]
 [Times: user=0.19 sys=0.00, real=0.02 secs] 
2026-06-17T09:49:00.421+0800: 22.623: [GC pause (G1 Evacuation Pause) (young), 0.0178188 secs]
   [Parallel Time: 10.1 ms, GC Workers: 18]
      [GC Worker Start (ms): Min: 22622.8, Avg: 22624.8, Max: 22630.8, Diff: 8.0]
      [Ext Root Scanning (ms): Min: 0.0, Avg: 0.1, Max: 0.5, Diff: 0.5, Sum: 1.3]
      [Update RS (ms): Min: 0.0, Avg: 0.0, Max: 0.2, Diff: 0.2, Sum: 0.5]
         [Processed Buffers: Min: 0, Avg: 0.2, Max: 1, Diff: 1, Sum: 4]
      [Scan RS (ms): Min: 0.0, Avg: 0.0, Max: 0.0, Diff: 0.0, Sum: 0.1]
      [Code Root Scanning (ms): Min: 0.0, Avg: 0.0, Max: 0.0, Diff: 0.0, Sum: 0.0]
      [Object Copy (ms): Min: 0.0, Avg: 0.0, Max: 0.4, Diff: 0.4, Sum: 0.9]
      [Termination (ms): Min: 0.0, Avg: 6.1, Max: 8.0, Diff: 8.0, Sum: 110.4]
         [Termination Attempts: Min: 1, Avg: 1.0, Max: 1, Diff: 0, Sum: 18]
      [GC Worker Other (ms): Min: 0.0, Avg: 0.0, Max: 0.0, Diff: 0.0, Sum: 0.2]
      [GC Worker Total (ms): Min: 0.0, Avg: 6.3, Max: 8.4, Diff: 8.4, Sum: 113.4]
      [GC Worker End (ms): Min: 22630.8, Avg: 22631.1, Max: 22632.0, Diff: 1.2]
   [Code Root Fixup: 0.0 ms]
   [Code Root Purge: 0.0 ms]
   [Clear CT: 1.9 ms]
   [Other: 5.8 ms]
      [Choose CSet: 0.0 ms]
      [Ref Proc: 4.7 ms]
      [Ref Enq: 0.0 ms]
      [Redirty Cards: 1.0 ms]
      [Humongous Register: 0.0 ms]
      [Humongous Reclaim: 0.0 ms]
      [Free CSet: 0.0 ms]
   [Eden: 16384.0K(16384.0K)->0.0B(15360.0K) Survivors: 1024.0K->3072.0K Heap: 46935.6K(65536.0K)->32761.1K(65536.0K)]
 [Times: user=0.16 sys=0.01, real=0.02 secs] 
2026-06-17T09:49:00.484+0800: 22.685: [GC pause (G1 Evacuation Pause) (young) (initial-mark), 0.0265088 secs]
   [Parallel Time: 15.7 ms, GC Workers: 18]
      [GC Worker Start (ms): Min: 22685.1, Avg: 22686.0, Max: 22686.7, Diff: 1.6]
      [Ext Root Scanning (ms): Min: 0.0, Avg: 6.1, Max: 11.9, Diff: 11.8, Sum: 110.5]
      [Update RS (ms): Min: 0.0, Avg: 0.0, Max: 0.0, Diff: 0.0, Sum: 0.1]
         [Processed Buffers: Min: 0, Avg: 0.2, Max: 4, Diff: 4, Sum: 4]
      [Scan RS (ms): Min: 0.0, Avg: 0.0, Max: 0.0, Diff: 0.0, Sum: 0.1]
      [Code Root Scanning (ms): Min: 0.0, Avg: 0.0, Max: 0.0, Diff: 0.0, Sum: 0.0]
      [Object Copy (ms): Min: 0.0, Avg: 0.1, Max: 0.5, Diff: 0.5, Sum: 1.8]
      [Termination (ms): Min: 0.0, Avg: 6.6, Max: 12.3, Diff: 12.3, Sum: 119.1]
         [Termination Attempts: Min: 1, Avg: 1.1, Max: 2, Diff: 1, Sum: 20]
      [GC Worker Other (ms): Min: 0.0, Avg: 0.0, Max: 0.0, Diff: 0.0, Sum: 0.2]
      [GC Worker Total (ms): Min: 11.9, Avg: 12.9, Max: 14.7, Diff: 2.8, Sum: 231.7]
      [GC Worker End (ms): Min: 22698.5, Avg: 22698.9, Max: 22699.9, Diff: 1.3]
   [Code Root Fixup: 0.0 ms]
   [Code Root Purge: 0.0 ms]
   [Clear CT: 0.7 ms]
   [Other: 10.1 ms]
      [Choose CSet: 0.0 ms]
      [Ref Proc: 9.0 ms]
      [Ref Enq: 0.0 ms]
      [Redirty Cards: 0.9 ms]
      [Humongous Register: 0.0 ms]
      [Humongous Reclaim: 0.0 ms]
      [Free CSet: 0.0 ms]
   [Eden: 15360.0K(15360.0K)->0.0B(11264.0K) Survivors: 3072.0K->3072.0K Heap: 48121.1K(65536.0K)->37793.6K(65536.0K)]
 [Times: user=0.23 sys=0.00, real=0.03 secs] 
2026-06-17T09:49:00.511+0800: 22.712: [GC concurrent-root-region-scan-start]
2026-06-17T09:49:00.511+0800: 22.712: [GC concurrent-root-region-scan-end, 0.0002787 secs]
2026-06-17T09:49:00.511+0800: 22.712: [GC concurrent-mark-start]
2026-06-17T09:49:00.512+0800: 22.713: [GC concurrent-mark-end, 0.0004972 secs]
2026-06-17T09:49:00.512+0800: 22.713: [GC remark 2026-06-17T09:49:00.512+0800: 22.713: [Finalize Marking, 0.0098858 secs] 2026-06-17T09:49:00.522+0800: 22.724: [GC ref-proc, 0.0006563 secs] 2026-06-17T09:49:00.524+0800: 22.725: [Unloading, 0.0018528 secs], 0.0148961 secs]
 [Times: user=0.10 sys=0.00, real=0.01 secs] 
2026-06-17T09:49:00.528+0800: 22.729: [GC cleanup 40865K->39841K(65536K), 0.0031639 secs]
 [Times: user=0.00 sys=0.00, real=0.01 secs] 
2026-06-17T09:49:00.532+0800: 22.733: [GC concurrent-cleanup-start]
2026-06-17T09:49:00.532+0800: 22.733: [GC concurrent-cleanup-end, 0.0000072 secs]
2026-06-17T09:49:00.543+0800: 22.744: [GC pause (G1 Evacuation Pause) (young), 0.0145282 secs]
   [Parallel Time: 8.9 ms, GC Workers: 18]
      [GC Worker Start (ms): Min: 22744.1, Avg: 22746.1, Max: 22751.4, Diff: 7.3]
      [Ext Root Scanning (ms): Min: 0.0, Avg: 0.0, Max: 0.2, Diff: 0.2, Sum: 0.4]
      [Update RS (ms): Min: 0.0, Avg: 0.0, Max: 0.0, Diff: 0.0, Sum: 0.0]
         [Processed Buffers: Min: 0, Avg: 0.3, Max: 2, Diff: 2, Sum: 5]
      [Scan RS (ms): Min: 0.0, Avg: 0.0, Max: 0.0, Diff: 0.0, Sum: 0.0]
      [Code Root Scanning (ms): Min: 0.0, Avg: 0.0, Max: 0.0, Diff: 0.0, Sum: 0.0]
      [Object Copy (ms): Min: 0.0, Avg: 0.0, Max: 0.2, Diff: 0.2, Sum: 0.6]
      [Termination (ms): Min: 0.0, Avg: 5.5, Max: 7.4, Diff: 7.4, Sum: 98.3]
         [Termination Attempts: Min: 1, Avg: 1.0, Max: 1, Diff: 0, Sum: 18]
      [GC Worker Other (ms): Min: 0.0, Avg: 0.0, Max: 0.0, Diff: 0.0, Sum: 0.2]
      [GC Worker Total (ms): Min: 0.0, Avg: 5.5, Max: 7.7, Diff: 7.7, Sum: 99.5]
      [GC Worker End (ms): Min: 22751.4, Avg: 22751.6, Max: 22751.9, Diff: 0.4]
   [Code Root Fixup: 0.0 ms]
   [Code Root Purge: 0.0 ms]
   [Clear CT: 1.2 ms]
   [Other: 4.5 ms]
      [Choose CSet: 0.0 ms]
      [Ref Proc: 3.8 ms]
      [Ref Enq: 0.0 ms]
      [Redirty Cards: 0.5 ms]
      [Humongous Register: 0.0 ms]
      [Humongous Reclaim: 0.0 ms]
      [Free CSet: 0.0 ms]
   [Eden: 11264.0K(11264.0K)->0.0B(1024.0K) Survivors: 3072.0K->2048.0K Heap: 48033.6K(65536.0K)->38703.7K(65536.0K)]
 [Times: user=0.14 sys=0.00, real=0.01 secs] 
2026-06-17T09:49:00.569+0800: 22.770: [GC pause (G1 Evacuation Pause) (mixed), 0.0113024 secs]
   [Parallel Time: 6.3 ms, GC Workers: 18]
      [GC Worker Start (ms): Min: 22770.2, Avg: 22771.7, Max: 22774.8, Diff: 4.6]
      [Ext Root Scanning (ms): Min: 0.0, Avg: 0.0, Max: 0.2, Diff: 0.2, Sum: 0.6]
      [Update RS (ms): Min: 0.0, Avg: 0.0, Max: 0.0, Diff: 0.0, Sum: 0.0]
         [Processed Buffers: Min: 0, Avg: 0.2, Max: 2, Diff: 2, Sum: 4]
      [Scan RS (ms): Min: 0.0, Avg: 0.0, Max: 0.0, Diff: 0.0, Sum: 0.1]
      [Code Root Scanning (ms): Min: 0.0, Avg: 0.0, Max: 0.0, Diff: 0.0, Sum: 0.0]
      [Object Copy (ms): Min: 0.0, Avg: 0.1, Max: 0.2, Diff: 0.2, Sum: 1.0]
      [Termination (ms): Min: 0.0, Avg: 3.3, Max: 4.7, Diff: 4.7, Sum: 58.6]
         [Termination Attempts: Min: 1, Avg: 1.0, Max: 1, Diff: 0, Sum: 18]
      [GC Worker Other (ms): Min: 0.0, Avg: 0.0, Max: 0.0, Diff: 0.0, Sum: 0.2]
      [GC Worker Total (ms): Min: 0.0, Avg: 3.4, Max: 5.2, Diff: 5.1, Sum: 60.5]
      [GC Worker End (ms): Min: 22774.8, Avg: 22775.1, Max: 22775.6, Diff: 0.8]
   [Code Root Fixup: 0.0 ms]
   [Code Root Purge: 0.0 ms]
   [Clear CT: 1.3 ms]
   [Other: 3.7 ms]
      [Choose CSet: 0.0 ms]
      [Ref Proc: 3.1 ms]
      [Ref Enq: 0.0 ms]
      [Redirty Cards: 0.5 ms]
      [Humongous Register: 0.0 ms]
      [Humongous Reclaim: 0.0 ms]
      [Free CSet: 0.0 ms]
   [Eden: 1024.0K(1024.0K)->0.0B(12288.0K) Survivors: 2048.0K->1024.0K Heap: 39727.7K(65536.0K)->36285.4K(65536.0K)]
 [Times: user=0.08 sys=0.01, real=0.01 secs] 
2026-06-17T09:49:00.603+0800: 22.804: [GC pause (G1 Evacuation Pause) (young), 0.0165373 secs]
   [Parallel Time: 9.1 ms, GC Workers: 18]
      [GC Worker Start (ms): Min: 22804.3, Avg: 22806.4, Max: 22810.8, Diff: 6.5]
      [Ext Root Scanning (ms): Min: 0.0, Avg: 0.1, Max: 0.5, Diff: 0.5, Sum: 1.2]
      [Update RS (ms): Min: 0.0, Avg: 0.0, Max: 0.2, Diff: 0.2, Sum: 0.4]
         [Processed Buffers: Min: 0, Avg: 0.3, Max: 2, Diff: 2, Sum: 5]
      [Scan RS (ms): Min: 0.0, Avg: 0.0, Max: 0.0, Diff: 0.0, Sum: 0.0]
      [Code Root Scanning (ms): Min: 0.0, Avg: 0.0, Max: 0.0, Diff: 0.0, Sum: 0.0]
      [Object Copy (ms): Min: 0.0, Avg: 0.0, Max: 0.1, Diff: 0.1, Sum: 0.4]
      [Termination (ms): Min: 0.0, Avg: 4.5, Max: 6.2, Diff: 6.2, Sum: 81.9]
         [Termination Attempts: Min: 1, Avg: 1.0, Max: 1, Diff: 0, Sum: 18]
      [GC Worker Other (ms): Min: 0.0, Avg: 0.0, Max: 0.0, Diff: 0.0, Sum: 0.2]
      [GC Worker Total (ms): Min: 0.0, Avg: 4.7, Max: 6.6, Diff: 6.6, Sum: 84.2]
      [GC Worker End (ms): Min: 22810.8, Avg: 22811.0, Max: 22811.6, Diff: 0.8]
   [Code Root Fixup: 0.0 ms]
   [Code Root Purge: 0.0 ms]
   [Clear CT: 1.1 ms]
   [Other: 6.4 ms]
      [Choose CSet: 0.0 ms]
      [Ref Proc: 5.3 ms]
      [Ref Enq: 0.0 ms]
      [Redirty Cards: 1.0 ms]
      [Humongous Register: 0.0 ms]
      [Humongous Reclaim: 0.0 ms]
      [Free CSet: 0.0 ms]
   [Eden: 12288.0K(12288.0K)->0.0B(11264.0K) Survivors: 1024.0K->2048.0K Heap: 48573.4K(65536.0K)->37223.7K(65536.0K)]
 [Times: user=0.11 sys=0.01, real=0.01 secs] 
2026-06-17T09:49:00.631+0800: 22.833: [GC pause (G1 Humongous Allocation) (young) (initial-mark), 0.0161122 secs]
   [Parallel Time: 8.7 ms, GC Workers: 18]
      [GC Worker Start (ms): Min: 22832.8, Avg: 22833.4, Max: 22833.8, Diff: 0.9]
      [Ext Root Scanning (ms): Min: 0.0, Avg: 2.2, Max: 5.9, Diff: 5.9, Sum: 38.9]
      [Update RS (ms): Min: 0.0, Avg: 0.0, Max: 0.0, Diff: 0.0, Sum: 0.1]
         [Processed Buffers: Min: 0, Avg: 0.2, Max: 4, Diff: 4, Sum: 4]
      [Scan RS (ms): Min: 0.0, Avg: 0.0, Max: 0.0, Diff: 0.0, Sum: 0.0]
      [Code Root Scanning (ms): Min: 0.0, Avg: 0.0, Max: 0.0, Diff: 0.0, Sum: 0.0]
      [Object Copy (ms): Min: 0.0, Avg: 0.0, Max: 0.2, Diff: 0.2, Sum: 0.4]
      [Termination (ms): Min: 0.0, Avg: 4.3, Max: 6.0, Diff: 6.0, Sum: 78.3]
         [Termination Attempts: Min: 1, Avg: 1.0, Max: 1, Diff: 0, Sum: 18]
      [GC Worker Other (ms): Min: 0.0, Avg: 0.0, Max: 0.0, Diff: 0.0, Sum: 0.2]
      [GC Worker Total (ms): Min: 5.9, Avg: 6.5, Max: 7.2, Diff: 1.2, Sum: 117.9]
      [GC Worker End (ms): Min: 22839.6, Avg: 22839.9, Max: 22840.5, Diff: 0.8]
   [Code Root Fixup: 0.0 ms]
   [Code Root Purge: 0.0 ms]
   [Clear CT: 0.8 ms]
   [Other: 6.7 ms]
      [Choose CSet: 0.0 ms]
      [Ref Proc: 5.8 ms]
      [Ref Enq: 0.0 ms]
      [Redirty Cards: 0.7 ms]
      [Humongous Register: 0.0 ms]
      [Humongous Reclaim: 0.0 ms]
      [Free CSet: 0.0 ms]
   [Eden: 4096.0K(11264.0K)->0.0B(10240.0K) Survivors: 2048.0K->1024.0K Heap: 41103.0K(65536.0K)->37915.6K(65536.0K)]
 [Times: user=0.12 sys=0.02, real=0.01 secs] 
2026-06-17T09:49:00.649+0800: 22.850: [GC concurrent-root-region-scan-start]
2026-06-17T09:49:00.649+0800: 22.850: [GC concurrent-root-region-scan-end, 0.0002665 secs]
2026-06-17T09:49:00.649+0800: 22.850: [GC concurrent-mark-start]
2026-06-17T09:49:00.650+0800: 22.851: [GC concurrent-mark-end, 0.0005017 secs]
2026-06-17T09:49:00.650+0800: 22.851: [GC remark 2026-06-17T09:49:00.650+0800: 22.852: [Finalize Marking, 0.0053979 secs] 2026-06-17T09:49:00.656+0800: 22.858: [GC ref-proc, 0.0007510 secs] 2026-06-17T09:49:00.658+0800: 22.859: [Unloading, 0.0020608 secs], 0.0111157 secs]
 [Times: user=0.04 sys=0.00, real=0.01 secs] 
2026-06-17T09:49:00.662+0800: 22.864: [GC cleanup 40049K->35953K(65536K), 0.0027289 secs]
 [Times: user=0.01 sys=0.00, real=0.01 secs] 
2026-06-17T09:49:00.666+0800: 22.867: [GC concurrent-cleanup-start]
2026-06-17T09:49:00.666+0800: 22.867: [GC concurrent-cleanup-end, 0.0000074 secs]
2026-06-17T09:49:00.687+0800: 22.888: [GC pause (G1 Evacuation Pause) (young), 0.0156406 secs]
   [Parallel Time: 8.8 ms, GC Workers: 18]
      [GC Worker Start (ms): Min: 22888.6, Avg: 22890.4, Max: 22895.3, Diff: 6.7]
      [Ext Root Scanning (ms): Min: 0.0, Avg: 0.1, Max: 0.4, Diff: 0.4, Sum: 0.9]
      [Update RS (ms): Min: 0.0, Avg: 0.0, Max: 0.0, Diff: 0.0, Sum: 0.1]
         [Processed Buffers: Min: 0, Avg: 0.2, Max: 2, Diff: 2, Sum: 4]
      [Scan RS (ms): Min: 0.0, Avg: 0.0, Max: 0.0, Diff: 0.0, Sum: 0.0]
      [Code Root Scanning (ms): Min: 0.0, Avg: 0.0, Max: 0.0, Diff: 0.0, Sum: 0.0]
      [Object Copy (ms): Min: 0.0, Avg: 0.0, Max: 0.1, Diff: 0.1, Sum: 0.6]
      [Termination (ms): Min: 0.0, Avg: 5.0, Max: 6.9, Diff: 6.9, Sum: 90.6]
         [Termination Attempts: Min: 1, Avg: 1.0, Max: 1, Diff: 0, Sum: 18]
      [GC Worker Other (ms): Min: 0.0, Avg: 0.0, Max: 0.0, Diff: 0.0, Sum: 0.2]
      [GC Worker Total (ms): Min: 0.0, Avg: 5.1, Max: 7.1, Diff: 7.1, Sum: 92.5]
      [GC Worker End (ms): Min: 22895.3, Avg: 22895.5, Max: 22896.0, Diff: 0.7]
   [Code Root Fixup: 0.0 ms]
   [Code Root Purge: 0.0 ms]
   [Clear CT: 1.1 ms]
   [Other: 5.8 ms]
      [Choose CSet: 0.0 ms]
      [Ref Proc: 4.7 ms]
      [Ref Enq: 0.0 ms]
      [Redirty Cards: 1.0 ms]
      [Humongous Register: 0.0 ms]
      [Humongous Reclaim: 0.0 ms]
      [Free CSet: 0.0 ms]
   [Eden: 10240.0K(10240.0K)->0.0B(1024.0K) Survivors: 1024.0K->2048.0K Heap: 45198.6K(65536.0K)->37762.6K(65536.0K)]
 [Times: user=0.12 sys=0.00, real=0.02 secs] 
2026-06-17T09:49:00.704+0800: 22.905: [GC pause (G1 Evacuation Pause) (mixed), 0.0087037 secs]
   [Parallel Time: 4.0 ms, GC Workers: 18]
      [GC Worker Start (ms): Min: 22905.4, Avg: 22906.4, Max: 22907.7, Diff: 2.3]
      [Ext Root Scanning (ms): Min: 0.0, Avg: 0.0, Max: 0.2, Diff: 0.2, Sum: 0.4]
      [Update RS (ms): Min: 0.0, Avg: 0.0, Max: 0.0, Diff: 0.0, Sum: 0.0]
         [Processed Buffers: Min: 0, Avg: 0.2, Max: 2, Diff: 2, Sum: 4]
      [Scan RS (ms): Min: 0.0, Avg: 0.0, Max: 0.0, Diff: 0.0, Sum: 0.0]
      [Code Root Scanning (ms): Min: 0.0, Avg: 0.0, Max: 0.0, Diff: 0.0, Sum: 0.0]
      [Object Copy (ms): Min: 0.0, Avg: 0.0, Max: 0.2, Diff: 0.2, Sum: 0.8]
      [Termination (ms): Min: 0.0, Avg: 1.4, Max: 2.2, Diff: 2.2, Sum: 24.4]
         [Termination Attempts: Min: 1, Avg: 1.0, Max: 1, Diff: 0, Sum: 18]
      [GC Worker Other (ms): Min: 0.0, Avg: 0.0, Max: 0.1, Diff: 0.1, Sum: 0.2]
      [GC Worker Total (ms): Min: 0.1, Avg: 1.4, Max: 2.4, Diff: 2.3, Sum: 25.9]
      [GC Worker End (ms): Min: 22907.7, Avg: 22907.9, Max: 22908.3, Diff: 0.5]
   [Code Root Fixup: 0.0 ms]
   [Code Root Purge: 0.0 ms]
   [Clear CT: 0.8 ms]
   [Other: 3.9 ms]
      [Choose CSet: 0.0 ms]
      [Ref Proc: 3.3 ms]
      [Ref Enq: 0.0 ms]
      [Redirty Cards: 0.5 ms]
      [Humongous Register: 0.0 ms]
      [Humongous Reclaim: 0.0 ms]
      [Free CSet: 0.0 ms]
   [Eden: 1024.0K(1024.0K)->0.0B(2048.0K) Survivors: 2048.0K->1024.0K Heap: 38786.6K(65536.0K)->34301.0K(65536.0K)]
 [Times: user=0.05 sys=0.00, real=0.01 secs] 
2026-06-17T09:49:00.724+0800: 22.926: [GC pause (G1 Evacuation Pause) (mixed), 0.0115751 secs]
   [Parallel Time: 5.2 ms, GC Workers: 18]
      [GC Worker Start (ms): Min: 22925.8, Avg: 22927.3, Max: 22929.0, Diff: 3.3]
      [Ext Root Scanning (ms): Min: 0.0, Avg: 0.0, Max: 0.3, Diff: 0.3, Sum: 0.7]
      [Update RS (ms): Min: 0.0, Avg: 0.0, Max: 0.0, Diff: 0.0, Sum: 0.1]
         [Processed Buffers: Min: 0, Avg: 0.3, Max: 2, Diff: 2, Sum: 6]
      [Scan RS (ms): Min: 0.0, Avg: 0.0, Max: 0.0, Diff: 0.0, Sum: 0.1]
      [Code Root Scanning (ms): Min: 0.0, Avg: 0.0, Max: 0.0, Diff: 0.0, Sum: 0.0]
      [Object Copy (ms): Min: 0.0, Avg: 0.1, Max: 0.3, Diff: 0.3, Sum: 1.4]
      [Termination (ms): Min: 0.0, Avg: 2.0, Max: 3.5, Diff: 3.5, Sum: 36.6]
         [Termination Attempts: Min: 1, Avg: 1.0, Max: 1, Diff: 0, Sum: 18]
      [GC Worker Other (ms): Min: 0.0, Avg: 0.0, Max: 0.1, Diff: 0.1, Sum: 0.4]
      [GC Worker Total (ms): Min: 0.1, Avg: 2.2, Max: 3.9, Diff: 3.8, Sum: 39.2]
      [GC Worker End (ms): Min: 22929.1, Avg: 22929.4, Max: 22929.9, Diff: 0.8]
   [Code Root Fixup: 0.0 ms]
   [Code Root Purge: 0.0 ms]
   [Clear CT: 1.0 ms]
   [Other: 5.3 ms]
      [Choose CSet: 0.0 ms]
      [Ref Proc: 4.5 ms]
      [Ref Enq: 0.0 ms]
      [Redirty Cards: 0.7 ms]
      [Humongous Register: 0.0 ms]
      [Humongous Reclaim: 0.0 ms]
      [Free CSet: 0.0 ms]
   [Eden: 2048.0K(2048.0K)->0.0B(2048.0K) Survivors: 1024.0K->1024.0K Heap: 36349.0K(65536.0K)->34202.6K(65536.0K)]
 [Times: user=0.07 sys=0.01, real=0.01 secs] 
2026-06-17T09:49:00.737+0800: 22.938: [GC pause (G1 Evacuation Pause) (mixed), 0.0083296 secs]
   [Parallel Time: 2.9 ms, GC Workers: 18]
      [GC Worker Start (ms): Min: 22938.5, Avg: 22939.3, Max: 22939.9, Diff: 1.4]
      [Ext Root Scanning (ms): Min: 0.0, Avg: 0.0, Max: 0.1, Diff: 0.1, Sum: 0.3]
      [Update RS (ms): Min: 0.0, Avg: 0.0, Max: 0.0, Diff: 0.0, Sum: 0.0]
         [Processed Buffers: Min: 0, Avg: 0.3, Max: 3, Diff: 3, Sum: 6]
      [Scan RS (ms): Min: 0.0, Avg: 0.0, Max: 0.0, Diff: 0.0, Sum: 0.1]
      [Code Root Scanning (ms): Min: 0.0, Avg: 0.0, Max: 0.0, Diff: 0.0, Sum: 0.0]
      [Object Copy (ms): Min: 0.0, Avg: 0.0, Max: 0.1, Diff: 0.1, Sum: 0.5]
      [Termination (ms): Min: 0.0, Avg: 0.7, Max: 1.7, Diff: 1.7, Sum: 13.5]
         [Termination Attempts: Min: 1, Avg: 1.0, Max: 1, Diff: 0, Sum: 18]
      [GC Worker Other (ms): Min: 0.0, Avg: 0.0, Max: 0.1, Diff: 0.1, Sum: 0.2]
      [GC Worker Total (ms): Min: 0.0, Avg: 0.8, Max: 1.8, Diff: 1.7, Sum: 14.5]
      [GC Worker End (ms): Min: 22939.9, Avg: 22940.1, Max: 22940.6, Diff: 0.7]
   [Code Root Fixup: 0.0 ms]
   [Code Root Purge: 0.0 ms]
   [Clear CT: 0.9 ms]
   [Other: 4.6 ms]
      [Choose CSet: 0.0 ms]
      [Ref Proc: 4.0 ms]
      [Ref Enq: 0.0 ms]
      [Redirty Cards: 0.5 ms]
      [Humongous Register: 0.0 ms]
      [Humongous Reclaim: 0.0 ms]
      [Free CSet: 0.0 ms]
   [Eden: 2048.0K(2048.0K)->0.0B(12288.0K) Survivors: 1024.0K->1024.0K Heap: 36250.6K(65536.0K)->34835.6K(65536.0K)]
 [Times: user=0.05 sys=0.00, real=0.01 secs] 
2026-06-17T09:49:00.779+0800: 22.980: [GC pause (G1 Evacuation Pause) (young), 0.0160892 secs]
   [Parallel Time: 6.4 ms, GC Workers: 18]
      [GC Worker Start (ms): Min: 22980.5, Avg: 22982.4, Max: 22984.2, Diff: 3.7]
      [Ext Root Scanning (ms): Min: 0.0, Avg: 0.1, Max: 0.7, Diff: 0.7, Sum: 1.9]
      [Update RS (ms): Min: 0.0, Avg: 0.0, Max: 0.2, Diff: 0.2, Sum: 0.5]
         [Processed Buffers: Min: 0, Avg: 0.3, Max: 2, Diff: 2, Sum: 5]
      [Scan RS (ms): Min: 0.0, Avg: 0.0, Max: 0.0, Diff: 0.0, Sum: 0.1]
      [Code Root Scanning (ms): Min: 0.0, Avg: 0.0, Max: 0.0, Diff: 0.0, Sum: 0.0]
      [Object Copy (ms): Min: 0.0, Avg: 0.1, Max: 0.5, Diff: 0.5, Sum: 2.5]
      [Termination (ms): Min: 0.0, Avg: 1.6, Max: 2.5, Diff: 2.5, Sum: 29.0]
         [Termination Attempts: Min: 1, Avg: 1.0, Max: 1, Diff: 0, Sum: 18]
      [GC Worker Other (ms): Min: 0.0, Avg: 0.0, Max: 0.0, Diff: 0.0, Sum: 0.2]
      [GC Worker Total (ms): Min: 0.0, Avg: 1.9, Max: 3.8, Diff: 3.7, Sum: 34.1]
      [GC Worker End (ms): Min: 22984.3, Avg: 22984.3, Max: 22984.6, Diff: 0.3]
   [Code Root Fixup: 0.0 ms]
   [Code Root Purge: 0.0 ms]
   [Clear CT: 2.5 ms]
   [Other: 7.2 ms]
      [Choose CSet: 0.0 ms]
      [Ref Proc: 5.8 ms]
      [Ref Enq: 0.0 ms]
      [Redirty Cards: 1.2 ms]
      [Humongous Register: 0.0 ms]
      [Humongous Reclaim: 0.0 ms]
      [Free CSet: 0.0 ms]
   [Eden: 12288.0K(12288.0K)->0.0B(8192.0K) Survivors: 1024.0K->2048.0K Heap: 47123.6K(65536.0K)->39738.6K(65536.0K)]
 [Times: user=0.07 sys=0.00, real=0.02 secs] 
2026-06-17T09:49:00.808+0800: 23.009: [GC pause (G1 Evacuation Pause) (young) (initial-mark), 0.0176966 secs]
   [Parallel Time: 10.5 ms, GC Workers: 18]
      [GC Worker Start (ms): Min: 23009.2, Avg: 23010.2, Max: 23011.1, Diff: 1.9]
      [Ext Root Scanning (ms): Min: 0.0, Avg: 2.8, Max: 6.2, Diff: 6.1, Sum: 50.9]
      [Update RS (ms): Min: 0.0, Avg: 0.0, Max: 0.0, Diff: 0.0, Sum: 0.1]
         [Processed Buffers: Min: 0, Avg: 0.3, Max: 5, Diff: 5, Sum: 5]
      [Scan RS (ms): Min: 0.0, Avg: 0.0, Max: 0.0, Diff: 0.0, Sum: 0.0]
      [Code Root Scanning (ms): Min: 0.0, Avg: 0.0, Max: 0.0, Diff: 0.0, Sum: 0.0]
      [Object Copy (ms): Min: 0.0, Avg: 0.0, Max: 0.2, Diff: 0.2, Sum: 0.4]
      [Termination (ms): Min: 0.0, Avg: 4.3, Max: 6.4, Diff: 6.4, Sum: 77.9]
         [Termination Attempts: Min: 1, Avg: 1.1, Max: 2, Diff: 1, Sum: 20]
      [GC Worker Other (ms): Min: 0.0, Avg: 0.0, Max: 0.0, Diff: 0.0, Sum: 0.2]
      [GC Worker Total (ms): Min: 6.2, Avg: 7.2, Max: 8.5, Diff: 2.3, Sum: 129.5]
      [GC Worker End (ms): Min: 23017.2, Avg: 23017.4, Max: 23018.0, Diff: 0.8]
   [Code Root Fixup: 0.0 ms]
   [Code Root Purge: 0.0 ms]
   [Clear CT: 1.3 ms]
   [Other: 5.8 ms]
      [Choose CSet: 0.0 ms]
      [Ref Proc: 4.5 ms]
      [Ref Enq: 0.0 ms]
      [Redirty Cards: 1.3 ms]
      [Humongous Register: 0.0 ms]
      [Humongous Reclaim: 0.0 ms]
      [Free CSet: 0.0 ms]
   [Eden: 8192.0K(8192.0K)->0.0B(7168.0K) Survivors: 2048.0K->2048.0K Heap: 47930.6K(65536.0K)->40068.7K(65536.0K)]
 [Times: user=0.11 sys=0.01, real=0.02 secs] 
2026-06-17T09:49:00.827+0800: 23.028: [GC concurrent-root-region-scan-start]
2026-06-17T09:49:00.827+0800: 23.029: [GC concurrent-root-region-scan-end, 0.0003237 secs]
2026-06-17T09:49:00.827+0800: 23.029: [GC concurrent-mark-start]
2026-06-17T09:49:00.828+0800: 23.029: [GC concurrent-mark-end, 0.0006021 secs]
2026-06-17T09:49:00.828+0800: 23.029: [GC remark 2026-06-17T09:49:00.829+0800: 23.030: [Finalize Marking, 0.0104032 secs] 2026-06-17T09:49:00.840+0800: 23.041: [GC ref-proc, 0.0006277 secs] 2026-06-17T09:49:00.841+0800: 23.042: [Unloading, 0.0016556 secs], 0.0154245 secs]
 [Times: user=0.12 sys=0.02, real=0.02 secs] 
2026-06-17T09:49:00.844+0800: 23.046: [GC cleanup 41854K->38782K(65536K), 0.0025429 secs]
 [Times: user=0.00 sys=0.00, real=0.00 secs] 
2026-06-17T09:49:00.848+0800: 23.049: [GC concurrent-cleanup-start]
2026-06-17T09:49:00.848+0800: 23.049: [GC concurrent-cleanup-end, 0.0000079 secs]
2026-06-17T09:49:00.858+0800: 23.060: [GC pause (G1 Evacuation Pause) (young), 0.0176319 secs]
   [Parallel Time: 11.3 ms, GC Workers: 18]
      [GC Worker Start (ms): Min: 23059.8, Avg: 23062.0, Max: 23069.1, Diff: 9.2]
      [Ext Root Scanning (ms): Min: 0.0, Avg: 0.0, Max: 0.2, Diff: 0.2, Sum: 0.5]
      [Update RS (ms): Min: 0.0, Avg: 0.0, Max: 0.0, Diff: 0.0, Sum: 0.0]
         [Processed Buffers: Min: 0, Avg: 0.2, Max: 1, Diff: 1, Sum: 3]
      [Scan RS (ms): Min: 0.0, Avg: 0.0, Max: 0.0, Diff: 0.0, Sum: 0.0]
      [Code Root Scanning (ms): Min: 0.0, Avg: 0.0, Max: 0.0, Diff: 0.0, Sum: 0.0]
      [Object Copy (ms): Min: 0.0, Avg: 0.0, Max: 0.2, Diff: 0.2, Sum: 0.7]
      [Termination (ms): Min: 0.0, Avg: 7.3, Max: 9.4, Diff: 9.4, Sum: 131.0]
         [Termination Attempts: Min: 1, Avg: 1.0, Max: 1, Diff: 0, Sum: 18]
      [GC Worker Other (ms): Min: 0.0, Avg: 0.0, Max: 0.0, Diff: 0.0, Sum: 0.2]
      [GC Worker Total (ms): Min: 0.0, Avg: 7.4, Max: 9.8, Diff: 9.8, Sum: 132.4]
      [GC Worker End (ms): Min: 23069.1, Avg: 23069.3, Max: 23069.6, Diff: 0.5]
   [Code Root Fixup: 0.0 ms]
   [Code Root Purge: 0.0 ms]
   [Clear CT: 0.9 ms]
   [Other: 5.4 ms]
      [Choose CSet: 0.0 ms]
      [Ref Proc: 4.8 ms]
      [Ref Enq: 0.0 ms]
      [Redirty Cards: 0.5 ms]
      [Humongous Register: 0.0 ms]
      [Humongous Reclaim: 0.0 ms]
      [Free CSet: 0.0 ms]
   [Eden: 7168.0K(7168.0K)->0.0B(1024.0K) Survivors: 2048.0K->2048.0K Heap: 44164.7K(65536.0K)->40406.6K(65536.0K)]
 [Times: user=0.17 sys=0.00, real=0.02 secs] 
2026-06-17T09:49:00.888+0800: 23.089: [GC pause (G1 Evacuation Pause) (mixed), 0.0190628 secs]
   [Parallel Time: 11.1 ms, GC Workers: 18]
      [GC Worker Start (ms): Min: 23088.9, Avg: 23091.0, Max: 23097.1, Diff: 8.2]
      [Ext Root Scanning (ms): Min: 0.0, Avg: 0.0, Max: 0.3, Diff: 0.3, Sum: 0.7]
      [Update RS (ms): Min: 0.0, Avg: 0.0, Max: 0.0, Diff: 0.0, Sum: 0.0]
         [Processed Buffers: Min: 0, Avg: 0.2, Max: 1, Diff: 1, Sum: 3]
      [Scan RS (ms): Min: 0.0, Avg: 0.0, Max: 0.0, Diff: 0.0, Sum: 0.1]
      [Code Root Scanning (ms): Min: 0.0, Avg: 0.0, Max: 0.0, Diff: 0.0, Sum: 0.0]
      [Object Copy (ms): Min: 0.0, Avg: 0.0, Max: 0.2, Diff: 0.2, Sum: 0.7]
      [Termination (ms): Min: 0.0, Avg: 6.3, Max: 8.6, Diff: 8.6, Sum: 114.2]
         [Termination Attempts: Min: 1, Avg: 1.0, Max: 1, Diff: 0, Sum: 18]
      [GC Worker Other (ms): Min: 0.0, Avg: 0.0, Max: 0.0, Diff: 0.0, Sum: 0.2]
      [GC Worker Total (ms): Min: 0.0, Avg: 6.4, Max: 9.0, Diff: 9.0, Sum: 116.0]
      [GC Worker End (ms): Min: 23097.1, Avg: 23097.4, Max: 23098.0, Diff: 0.9]
   [Code Root Fixup: 0.0 ms]
   [Code Root Purge: 0.0 ms]
   [Clear CT: 1.6 ms]
   [Other: 6.3 ms]
      [Choose CSet: 0.0 ms]
      [Ref Proc: 5.6 ms]
      [Ref Enq: 0.0 ms]
      [Redirty Cards: 0.6 ms]
      [Humongous Register: 0.0 ms]
      [Humongous Reclaim: 0.0 ms]
      [Free CSet: 0.0 ms]
   [Eden: 1024.0K(1024.0K)->0.0B(2048.0K) Survivors: 2048.0K->1024.0K Heap: 41430.6K(65536.0K)->35921.8K(65536.0K)]
 [Times: user=0.17 sys=0.00, real=0.02 secs] 
2026-06-17T09:49:00.908+0800: 23.109: [GC pause (G1 Evacuation Pause) (mixed), 0.0142874 secs]
   [Parallel Time: 7.4 ms, GC Workers: 18]
      [GC Worker Start (ms): Min: 23109.3, Avg: 23110.6, Max: 23115.8, Diff: 6.5]
      [Ext Root Scanning (ms): Min: 0.0, Avg: 0.0, Max: 0.2, Diff: 0.2, Sum: 0.4]
      [Update RS (ms): Min: 0.0, Avg: 0.0, Max: 0.0, Diff: 0.0, Sum: 0.0]
         [Processed Buffers: Min: 0, Avg: 0.3, Max: 3, Diff: 3, Sum: 6]
      [Scan RS (ms): Min: 0.0, Avg: 0.0, Max: 0.0, Diff: 0.0, Sum: 0.1]
      [Code Root Scanning (ms): Min: 0.0, Avg: 0.0, Max: 0.0, Diff: 0.0, Sum: 0.0]
      [Object Copy (ms): Min: 0.0, Avg: 0.0, Max: 0.2, Diff: 0.2, Sum: 0.7]
      [Termination (ms): Min: 0.0, Avg: 5.3, Max: 6.3, Diff: 6.3, Sum: 95.8]
         [Termination Attempts: Min: 1, Avg: 1.1, Max: 2, Diff: 1, Sum: 20]
      [GC Worker Other (ms): Min: 0.0, Avg: 0.0, Max: 0.0, Diff: 0.0, Sum: 0.1]
      [GC Worker Total (ms): Min: 0.0, Avg: 5.4, Max: 6.7, Diff: 6.7, Sum: 97.2]
      [GC Worker End (ms): Min: 23115.8, Avg: 23116.0, Max: 23116.2, Diff: 0.4]
   [Code Root Fixup: 0.0 ms]
   [Code Root Purge: 0.0 ms]
   [Clear CT: 1.6 ms]
   [Other: 5.2 ms]
      [Choose CSet: 0.0 ms]
      [Ref Proc: 4.6 ms]
      [Ref Enq: 0.0 ms]
      [Redirty Cards: 0.6 ms]
      [Humongous Register: 0.0 ms]
      [Humongous Reclaim: 0.0 ms]
      [Free CSet: 0.0 ms]
   [Eden: 2048.0K(2048.0K)->0.0B(10240.0K) Survivors: 1024.0K->1024.0K Heap: 37969.8K(65536.0K)->36590.6K(65536.0K)]
 [Times: user=0.13 sys=0.00, real=0.02 secs] 
2026-06-17T09:49:00.955+0800: 23.157: [GC pause (G1 Evacuation Pause) (young), 0.0201122 secs]
   [Parallel Time: 10.6 ms, GC Workers: 18]
      [GC Worker Start (ms): Min: 23156.9, Avg: 23158.8, Max: 23163.6, Diff: 6.7]
      [Ext Root Scanning (ms): Min: 0.0, Avg: 0.1, Max: 0.6, Diff: 0.5, Sum: 1.3]
      [Update RS (ms): Min: 0.0, Avg: 0.0, Max: 0.2, Diff: 0.2, Sum: 0.6]
         [Processed Buffers: Min: 0, Avg: 0.3, Max: 3, Diff: 3, Sum: 6]
      [Scan RS (ms): Min: 0.0, Avg: 0.0, Max: 0.0, Diff: 0.0, Sum: 0.1]
      [Code Root Scanning (ms): Min: 0.0, Avg: 0.0, Max: 0.0, Diff: 0.0, Sum: 0.0]
      [Object Copy (ms): Min: 0.0, Avg: 0.0, Max: 0.2, Diff: 0.2, Sum: 0.6]
      [Termination (ms): Min: 0.0, Avg: 4.9, Max: 6.5, Diff: 6.5, Sum: 88.8]
         [Termination Attempts: Min: 1, Avg: 1.0, Max: 1, Diff: 0, Sum: 18]
      [GC Worker Other (ms): Min: 0.0, Avg: 0.0, Max: 0.0, Diff: 0.0, Sum: 0.2]
      [GC Worker Total (ms): Min: 0.0, Avg: 5.1, Max: 7.3, Diff: 7.3, Sum: 91.4]
      [GC Worker End (ms): Min: 23163.6, Avg: 23163.8, Max: 23164.5, Diff: 0.8]
   [Code Root Fixup: 0.0 ms]
   [Code Root Purge: 0.0 ms]
   [Clear CT: 2.1 ms]
   [Other: 7.4 ms]
      [Choose CSet: 0.0 ms]
      [Ref Proc: 6.2 ms]
      [Ref Enq: 0.0 ms]
      [Redirty Cards: 1.1 ms]
      [Humongous Register: 0.0 ms]
      [Humongous Reclaim: 0.0 ms]
      [Free CSet: 0.0 ms]
   [Eden: 10240.0K(10240.0K)->0.0B(9216.0K) Survivors: 1024.0K->2048.0K Heap: 46830.6K(65536.0K)->38414.6K(65536.0K)]
 [Times: user=0.13 sys=0.01, real=0.02 secs] 
2026-06-17T09:49:00.999+0800: 23.200: [GC pause (G1 Evacuation Pause) (young) (initial-mark), 0.0186869 secs]
   [Parallel Time: 11.3 ms, GC Workers: 18]
      [GC Worker Start (ms): Min: 23200.6, Avg: 23202.1, Max: 23205.0, Diff: 4.4]
      [Ext Root Scanning (ms): Min: 0.0, Avg: 4.4, Max: 6.2, Diff: 6.2, Sum: 78.8]
      [Update RS (ms): Min: 0.0, Avg: 0.0, Max: 0.0, Diff: 0.0, Sum: 0.1]
         [Processed Buffers: Min: 0, Avg: 0.1, Max: 2, Diff: 2, Sum: 2]
      [Scan RS (ms): Min: 0.0, Avg: 0.0, Max: 0.0, Diff: 0.0, Sum: 0.0]
      [Code Root Scanning (ms): Min: 0.0, Avg: 0.0, Max: 0.0, Diff: 0.0, Sum: 0.0]
      [Object Copy (ms): Min: 0.0, Avg: 0.0, Max: 0.3, Diff: 0.3, Sum: 0.7]
      [Termination (ms): Min: 0.0, Avg: 3.0, Max: 4.4, Diff: 4.4, Sum: 54.5]
         [Termination Attempts: Min: 1, Avg: 1.1, Max: 2, Diff: 1, Sum: 19]
      [GC Worker Other (ms): Min: 0.0, Avg: 0.0, Max: 0.0, Diff: 0.0, Sum: 0.3]
      [GC Worker Total (ms): Min: 4.8, Avg: 7.5, Max: 9.0, Diff: 4.2, Sum: 134.5]
      [GC Worker End (ms): Min: 23209.4, Avg: 23209.5, Max: 23210.1, Diff: 0.7]
   [Code Root Fixup: 0.0 ms]
   [Code Root Purge: 0.0 ms]
   [Clear CT: 1.6 ms]
   [Other: 5.8 ms]
      [Choose CSet: 0.0 ms]
      [Ref Proc: 4.6 ms]
      [Ref Enq: 0.0 ms]
      [Redirty Cards: 1.0 ms]
      [Humongous Register: 0.0 ms]
      [Humongous Reclaim: 0.0 ms]
      [Free CSet: 0.0 ms]
   [Eden: 9216.0K(9216.0K)->0.0B(8192.0K) Survivors: 2048.0K->2048.0K Heap: 47630.6K(65536.0K)->40041.6K(65536.0K)]
 [Times: user=0.08 sys=0.01, real=0.02 secs] 
2026-06-17T09:49:01.019+0800: 23.220: [GC concurrent-root-region-scan-start]
2026-06-17T09:49:01.019+0800: 23.220: [GC concurrent-root-region-scan-end, 0.0003079 secs]
2026-06-17T09:49:01.019+0800: 23.220: [GC concurrent-mark-start]
2026-06-17T09:49:01.020+0800: 23.221: [GC concurrent-mark-end, 0.0005074 secs]
2026-06-17T09:49:01.020+0800: 23.221: [GC remark 2026-06-17T09:49:01.020+0800: 23.222: [Finalize Marking, 0.0098792 secs] 2026-06-17T09:49:01.031+0800: 23.232: [GC ref-proc, 0.0008772 secs] 2026-06-17T09:49:01.033+0800: 23.234: [Unloading, 0.0019520 secs], 0.0158156 secs]
 [Times: user=0.11 sys=0.01, real=0.02 secs] 
2026-06-17T09:49:01.037+0800: 23.238: [GC cleanup 44092K->41020K(65536K), 0.0027135 secs]
 [Times: user=0.00 sys=0.00, real=0.00 secs] 
2026-06-17T09:49:01.041+0800: 23.242: [GC concurrent-cleanup-start]
2026-06-17T09:49:01.041+0800: 23.242: [GC concurrent-cleanup-end, 0.0000070 secs]
2026-06-17T09:49:01.051+0800: 23.252: [GC pause (G1 Evacuation Pause) (young), 0.0117018 secs]
   [Parallel Time: 5.4 ms, GC Workers: 18]
      [GC Worker Start (ms): Min: 23252.5, Avg: 23253.9, Max: 23257.3, Diff: 4.8]
      [Ext Root Scanning (ms): Min: 0.0, Avg: 0.0, Max: 0.2, Diff: 0.2, Sum: 0.6]
      [Update RS (ms): Min: 0.0, Avg: 0.0, Max: 0.0, Diff: 0.0, Sum: 0.0]
         [Processed Buffers: Min: 0, Avg: 0.2, Max: 1, Diff: 1, Sum: 3]
      [Scan RS (ms): Min: 0.0, Avg: 0.0, Max: 0.0, Diff: 0.0, Sum: 0.0]
      [Code Root Scanning (ms): Min: 0.0, Avg: 0.0, Max: 0.0, Diff: 0.0, Sum: 0.0]
      [Object Copy (ms): Min: 0.0, Avg: 0.0, Max: 0.1, Diff: 0.1, Sum: 0.5]
      [Termination (ms): Min: 0.0, Avg: 3.5, Max: 4.8, Diff: 4.8, Sum: 62.9]
         [Termination Attempts: Min: 1, Avg: 1.0, Max: 1, Diff: 0, Sum: 18]
      [GC Worker Other (ms): Min: 0.0, Avg: 0.0, Max: 0.0, Diff: 0.0, Sum: 0.2]
      [GC Worker Total (ms): Min: 0.0, Avg: 3.6, Max: 5.1, Diff: 5.1, Sum: 64.3]
      [GC Worker End (ms): Min: 23257.3, Avg: 23257.5, Max: 23257.8, Diff: 0.4]
   [Code Root Fixup: 0.0 ms]
   [Code Root Purge: 0.0 ms]
   [Clear CT: 1.2 ms]
   [Other: 5.2 ms]
      [Choose CSet: 0.0 ms]
      [Ref Proc: 4.5 ms]
      [Ref Enq: 0.0 ms]
      [Redirty Cards: 0.7 ms]
      [Humongous Register: 0.0 ms]
      [Humongous Reclaim: 0.0 ms]
      [Free CSet: 0.0 ms]
   [Eden: 8192.0K(8192.0K)->0.0B(1024.0K) Survivors: 2048.0K->2048.0K Heap: 45977.6K(65536.0K)->39491.7K(65536.0K)]
 [Times: user=0.10 sys=0.00, real=0.01 secs] 
2026-06-17T09:49:01.064+0800: 23.265: [GC pause (G1 Evacuation Pause) (mixed), 0.0085107 secs]
   [Parallel Time: 3.1 ms, GC Workers: 18]
      [GC Worker Start (ms): Min: 23265.4, Avg: 23266.4, Max: 23267.4, Diff: 2.0]
      [Ext Root Scanning (ms): Min: 0.0, Avg: 0.0, Max: 0.1, Diff: 0.1, Sum: 0.3]
      [Update RS (ms): Min: 0.0, Avg: 0.0, Max: 0.0, Diff: 0.0, Sum: 0.0]
         [Processed Buffers: Min: 0, Avg: 0.2, Max: 1, Diff: 1, Sum: 3]
      [Scan RS (ms): Min: 0.0, Avg: 0.0, Max: 0.0, Diff: 0.0, Sum: 0.1]
      [Code Root Scanning (ms): Min: 0.0, Avg: 0.0, Max: 0.0, Diff: 0.0, Sum: 0.0]
      [Object Copy (ms): Min: 0.0, Avg: 0.0, Max: 0.2, Diff: 0.2, Sum: 0.5]
      [Termination (ms): Min: 0.0, Avg: 1.2, Max: 2.3, Diff: 2.3, Sum: 21.1]
         [Termination Attempts: Min: 1, Avg: 1.0, Max: 1, Diff: 0, Sum: 18]
      [GC Worker Other (ms): Min: 0.0, Avg: 0.0, Max: 0.0, Diff: 0.0, Sum: 0.1]
      [GC Worker Total (ms): Min: 0.0, Avg: 1.2, Max: 2.3, Diff: 2.3, Sum: 22.1]
      [GC Worker End (ms): Min: 23267.4, Avg: 23267.6, Max: 23268.0, Diff: 0.6]
   [Code Root Fixup: 0.0 ms]
   [Code Root Purge: 0.0 ms]
   [Clear CT: 0.7 ms]
   [Other: 4.7 ms]
      [Choose CSet: 0.0 ms]
      [Ref Proc: 4.1 ms]
      [Ref Enq: 0.0 ms]
      [Redirty Cards: 0.5 ms]
      [Humongous Register: 0.0 ms]
      [Humongous Reclaim: 0.0 ms]
      [Free CSet: 0.0 ms]
   [Eden: 1024.0K(1024.0K)->0.0B(2048.0K) Survivors: 2048.0K->1024.0K Heap: 40515.7K(65536.0K)->35186.1K(65536.0K)]
 [Times: user=0.05 sys=0.01, real=0.01 secs] 
2026-06-17T09:49:01.074+0800: 23.275: [GC pause (G1 Evacuation Pause) (mixed), 0.0073510 secs]
   [Parallel Time: 2.6 ms, GC Workers: 18]
      [GC Worker Start (ms): Min: 23275.2, Avg: 23276.0, Max: 23276.8, Diff: 1.6]
      [Ext Root Scanning (ms): Min: 0.0, Avg: 0.0, Max: 0.1, Diff: 0.1, Sum: 0.4]
      [Update RS (ms): Min: 0.0, Avg: 0.0, Max: 0.0, Diff: 0.0, Sum: 0.0]
         [Processed Buffers: Min: 0, Avg: 0.2, Max: 2, Diff: 2, Sum: 4]
      [Scan RS (ms): Min: 0.0, Avg: 0.0, Max: 0.0, Diff: 0.0, Sum: 0.0]
      [Code Root Scanning (ms): Min: 0.0, Avg: 0.0, Max: 0.0, Diff: 0.0, Sum: 0.0]
      [Object Copy (ms): Min: 0.0, Avg: 0.1, Max: 0.2, Diff: 0.2, Sum: 1.0]
      [Termination (ms): Min: 0.0, Avg: 0.8, Max: 1.4, Diff: 1.4, Sum: 14.4]
         [Termination Attempts: Min: 1, Avg: 1.0, Max: 1, Diff: 0, Sum: 18]
      [GC Worker Other (ms): Min: 0.0, Avg: 0.0, Max: 0.0, Diff: 0.0, Sum: 0.1]
      [GC Worker Total (ms): Min: 0.0, Avg: 0.9, Max: 1.8, Diff: 1.7, Sum: 15.9]
      [GC Worker End (ms): Min: 23276.8, Avg: 23276.9, Max: 23277.0, Diff: 0.3]
   [Code Root Fixup: 0.0 ms]
   [Code Root Purge: 0.0 ms]
   [Clear CT: 0.9 ms]
   [Other: 3.9 ms]
      [Choose CSet: 0.0 ms]
      [Ref Proc: 3.4 ms]
      [Ref Enq: 0.0 ms]
      [Redirty Cards: 0.5 ms]
      [Humongous Register: 0.0 ms]
      [Humongous Reclaim: 0.0 ms]
      [Free CSet: 0.0 ms]
   [Eden: 2048.0K(2048.0K)->0.0B(2048.0K) Survivors: 1024.0K->1024.0K Heap: 37234.1K(65536.0K)->34981.6K(65536.0K)]
 [Times: user=0.05 sys=0.00, real=0.00 secs] 
2026-06-17T09:49:01.093+0800: 23.294: [GC pause (G1 Evacuation Pause) (mixed), 0.0113760 secs]
   [Parallel Time: 5.3 ms, GC Workers: 18]
      [GC Worker Start (ms): Min: 23294.3, Avg: 23295.7, Max: 23297.9, Diff: 3.6]
      [Ext Root Scanning (ms): Min: 0.0, Avg: 0.0, Max: 0.2, Diff: 0.2, Sum: 0.5]
      [Update RS (ms): Min: 0.0, Avg: 0.0, Max: 0.0, Diff: 0.0, Sum: 0.1]
         [Processed Buffers: Min: 0, Avg: 0.3, Max: 2, Diff: 2, Sum: 5]
      [Scan RS (ms): Min: 0.0, Avg: 0.0, Max: 0.0, Diff: 0.0, Sum: 0.1]
      [Code Root Scanning (ms): Min: 0.0, Avg: 0.0, Max: 0.0, Diff: 0.0, Sum: 0.0]
      [Object Copy (ms): Min: 0.0, Avg: 0.0, Max: 0.1, Diff: 0.1, Sum: 0.5]
      [Termination (ms): Min: 0.0, Avg: 2.4, Max: 4.0, Diff: 4.0, Sum: 43.4]
         [Termination Attempts: Min: 1, Avg: 1.0, Max: 1, Diff: 0, Sum: 18]
      [GC Worker Other (ms): Min: 0.0, Avg: 0.0, Max: 0.0, Diff: 0.0, Sum: 0.2]
      [GC Worker Total (ms): Min: 0.0, Avg: 2.5, Max: 4.4, Diff: 4.3, Sum: 44.8]
      [GC Worker End (ms): Min: 23297.9, Avg: 23298.2, Max: 23298.7, Diff: 0.8]
   [Code Root Fixup: 0.0 ms]
   [Code Root Purge: 0.0 ms]
   [Clear CT: 0.8 ms]
   [Other: 5.2 ms]
      [Choose CSet: 0.0 ms]
      [Ref Proc: 4.5 ms]
      [Ref Enq: 0.0 ms]
      [Redirty Cards: 0.7 ms]
      [Humongous Register: 0.0 ms]
      [Humongous Reclaim: 0.0 ms]
      [Free CSet: 0.0 ms]
   [Eden: 2048.0K(2048.0K)->0.0B(11264.0K) Survivors: 1024.0K->1024.0K Heap: 37029.6K(65536.0K)->35639.6K(65536.0K)]
 [Times: user=0.07 sys=0.01, real=0.01 secs] 
2026-06-17T09:49:01.138+0800: 23.339: [GC pause (G1 Evacuation Pause) (young), 0.0184373 secs]
   [Parallel Time: 10.1 ms, GC Workers: 18]
      [GC Worker Start (ms): Min: 23339.1, Avg: 23340.9, Max: 23346.3, Diff: 7.1]
      [Ext Root Scanning (ms): Min: 0.0, Avg: 0.0, Max: 0.5, Diff: 0.5, Sum: 0.9]
      [Update RS (ms): Min: 0.0, Avg: 0.0, Max: 0.2, Diff: 0.2, Sum: 0.4]
         [Processed Buffers: Min: 0, Avg: 0.2, Max: 2, Diff: 2, Sum: 4]
      [Scan RS (ms): Min: 0.0, Avg: 0.0, Max: 0.0, Diff: 0.0, Sum: 0.0]
      [Code Root Scanning (ms): Min: 0.0, Avg: 0.0, Max: 0.0, Diff: 0.0, Sum: 0.0]
      [Object Copy (ms): Min: 0.0, Avg: 0.0, Max: 0.2, Diff: 0.2, Sum: 0.5]
      [Termination (ms): Min: 0.0, Avg: 5.4, Max: 7.1, Diff: 7.1, Sum: 97.8]
         [Termination Attempts: Min: 1, Avg: 1.0, Max: 1, Diff: 0, Sum: 18]
      [GC Worker Other (ms): Min: 0.0, Avg: 0.0, Max: 0.0, Diff: 0.0, Sum: 0.2]
      [GC Worker Total (ms): Min: 0.0, Avg: 5.6, Max: 7.6, Diff: 7.6, Sum: 99.9]
      [GC Worker End (ms): Min: 23346.3, Avg: 23346.5, Max: 23347.0, Diff: 0.7]
   [Code Root Fixup: 0.0 ms]
   [Code Root Purge: 0.0 ms]
   [Clear CT: 1.6 ms]
   [Other: 6.8 ms]
      [Choose CSet: 0.0 ms]
      [Ref Proc: 5.8 ms]
      [Ref Enq: 0.0 ms]
      [Redirty Cards: 0.8 ms]
      [Humongous Register: 0.0 ms]
      [Humongous Reclaim: 0.0 ms]
      [Free CSet: 0.0 ms]
   [Eden: 11264.0K(11264.0K)->0.0B(10240.0K) Survivors: 1024.0K->2048.0K Heap: 46903.6K(65536.0K)->37233.6K(65536.0K)]
 [Times: user=0.13 sys=0.01, real=0.02 secs] 
2026-06-17T09:49:01.179+0800: 23.380: [GC pause (G1 Evacuation Pause) (young) (initial-mark), 0.0257242 secs]
   [Parallel Time: 17.0 ms, GC Workers: 18]
      [GC Worker Start (ms): Min: 23380.5, Avg: 23381.4, Max: 23382.2, Diff: 1.6]
      [Ext Root Scanning (ms): Min: 0.0, Avg: 4.9, Max: 13.2, Diff: 13.2, Sum: 87.8]
      [Update RS (ms): Min: 0.0, Avg: 0.0, Max: 0.0, Diff: 0.0, Sum: 0.1]
         [Processed Buffers: Min: 0, Avg: 0.2, Max: 3, Diff: 3, Sum: 3]
      [Scan RS (ms): Min: 0.0, Avg: 0.0, Max: 0.0, Diff: 0.0, Sum: 0.0]
      [Code Root Scanning (ms): Min: 0.0, Avg: 0.0, Max: 0.0, Diff: 0.0, Sum: 0.0]
      [Object Copy (ms): Min: 0.0, Avg: 0.0, Max: 0.3, Diff: 0.3, Sum: 0.9]
      [Termination (ms): Min: 0.0, Avg: 9.5, Max: 13.8, Diff: 13.8, Sum: 170.3]
         [Termination Attempts: Min: 1, Avg: 1.0, Max: 1, Diff: 0, Sum: 18]
      [GC Worker Other (ms): Min: 0.0, Avg: 0.0, Max: 0.0, Diff: 0.0, Sum: 0.2]
      [GC Worker Total (ms): Min: 13.2, Avg: 14.4, Max: 15.6, Diff: 2.4, Sum: 259.2]
      [GC Worker End (ms): Min: 23395.3, Avg: 23395.8, Max: 23396.6, Diff: 1.3]
   [Code Root Fixup: 0.0 ms]
   [Code Root Purge: 0.0 ms]
   [Clear CT: 1.1 ms]
   [Other: 7.5 ms]
      [Choose CSet: 0.0 ms]
      [Ref Proc: 6.5 ms]
      [Ref Enq: 0.0 ms]
      [Redirty Cards: 0.9 ms]
      [Humongous Register: 0.0 ms]
      [Humongous Reclaim: 0.0 ms]
      [Free CSet: 0.0 ms]
   [Eden: 10240.0K(10240.0K)->0.0B(7168.0K) Survivors: 2048.0K->2048.0K Heap: 47473.6K(65536.0K)->40507.6K(65536.0K)]
 [Times: user=0.22 sys=0.02, real=0.03 secs] 
2026-06-17T09:49:01.206+0800: 23.407: [GC concurrent-root-region-scan-start]
2026-06-17T09:49:01.206+0800: 23.407: [GC concurrent-root-region-scan-end, 0.0003284 secs]
2026-06-17T09:49:01.206+0800: 23.407: [GC concurrent-mark-start]
2026-06-17T09:49:01.207+0800: 23.408: [GC concurrent-mark-end, 0.0006074 secs]
2026-06-17T09:49:01.207+0800: 23.408: [GC remark 2026-06-17T09:49:01.207+0800: 23.408: [Finalize Marking, 0.0100169 secs] 2026-06-17T09:49:01.218+0800: 23.419: [GC ref-proc, 0.0006772 secs] 2026-06-17T09:49:01.219+0800: 23.420: [Unloading, 0.0019308 secs], 0.0152281 secs]
 [Times: user=0.09 sys=0.00, real=0.02 secs] 
2026-06-17T09:49:01.223+0800: 23.425: [GC cleanup 43548K->41500K(65536K), 0.0026341 secs]
 [Times: user=0.00 sys=0.00, real=0.00 secs] 
2026-06-17T09:49:01.227+0800: 23.429: [GC concurrent-cleanup-start]
2026-06-17T09:49:01.227+0800: 23.429: [GC concurrent-cleanup-end, 0.0000060 secs]
2026-06-17T09:49:01.238+0800: 23.439: [GC pause (G1 Evacuation Pause) (young), 0.0152595 secs]
   [Parallel Time: 10.0 ms, GC Workers: 18]
      [GC Worker Start (ms): Min: 23439.1, Avg: 23441.5, Max: 23447.8, Diff: 8.7]
      [Ext Root Scanning (ms): Min: 0.0, Avg: 0.0, Max: 0.2, Diff: 0.2, Sum: 0.4]
      [Update RS (ms): Min: 0.0, Avg: 0.0, Max: 0.0, Diff: 0.0, Sum: 0.0]
         [Processed Buffers: Min: 0, Avg: 0.2, Max: 1, Diff: 1, Sum: 3]
      [Scan RS (ms): Min: 0.0, Avg: 0.0, Max: 0.0, Diff: 0.0, Sum: 0.0]
      [Code Root Scanning (ms): Min: 0.0, Avg: 0.0, Max: 0.0, Diff: 0.0, Sum: 0.0]
      [Object Copy (ms): Min: 0.0, Avg: 0.0, Max: 0.1, Diff: 0.1, Sum: 0.4]
      [Termination (ms): Min: 0.0, Avg: 6.5, Max: 9.0, Diff: 9.0, Sum: 117.7]
         [Termination Attempts: Min: 1, Avg: 1.0, Max: 1, Diff: 0, Sum: 18]
      [GC Worker Other (ms): Min: 0.0, Avg: 0.0, Max: 0.0, Diff: 0.0, Sum: 0.2]
      [GC Worker Total (ms): Min: 0.0, Avg: 6.6, Max: 9.3, Diff: 9.3, Sum: 118.7]
      [GC Worker End (ms): Min: 23447.8, Avg: 23448.1, Max: 23448.8, Diff: 1.0]
   [Code Root Fixup: 0.0 ms]
   [Code Root Purge: 0.0 ms]
   [Clear CT: 0.7 ms]
   [Other: 4.5 ms]
      [Choose CSet: 0.0 ms]
      [Ref Proc: 4.0 ms]
      [Ref Enq: 0.0 ms]
      [Redirty Cards: 0.5 ms]
      [Humongous Register: 0.0 ms]
      [Humongous Reclaim: 0.0 ms]
      [Free CSet: 0.0 ms]
   [Eden: 7168.0K(7168.0K)->0.0B(1024.0K) Survivors: 2048.0K->2048.0K Heap: 45627.6K(65536.0K)->39459.8K(65536.0K)]
 [Times: user=0.15 sys=0.00, real=0.02 secs] 
2026-06-17T09:49:01.254+0800: 23.455: [GC pause (G1 Evacuation Pause) (mixed), 0.0127308 secs]
   [Parallel Time: 3.0 ms, GC Workers: 18]
      [GC Worker Start (ms): Min: 23455.4, Avg: 23456.2, Max: 23457.1, Diff: 1.7]
      [Ext Root Scanning (ms): Min: 0.0, Avg: 0.0, Max: 0.1, Diff: 0.1, Sum: 0.3]
      [Update RS (ms): Min: 0.0, Avg: 0.0, Max: 0.0, Diff: 0.0, Sum: 0.0]
         [Processed Buffers: Min: 0, Avg: 0.1, Max: 1, Diff: 1, Sum: 2]
      [Scan RS (ms): Min: 0.0, Avg: 0.0, Max: 0.0, Diff: 0.0, Sum: 0.0]
      [Code Root Scanning (ms): Min: 0.0, Avg: 0.0, Max: 0.0, Diff: 0.0, Sum: 0.0]
      [Object Copy (ms): Min: 0.0, Avg: 0.1, Max: 0.3, Diff: 0.3, Sum: 1.0]
      [Termination (ms): Min: 0.0, Avg: 1.0, Max: 1.8, Diff: 1.8, Sum: 17.3]
         [Termination Attempts: Min: 1, Avg: 1.0, Max: 1, Diff: 0, Sum: 18]
      [GC Worker Other (ms): Min: 0.0, Avg: 0.0, Max: 0.0, Diff: 0.0, Sum: 0.1]
      [GC Worker Total (ms): Min: 0.0, Avg: 1.0, Max: 2.1, Diff: 2.1, Sum: 18.8]
      [GC Worker End (ms): Min: 23457.1, Avg: 23457.3, Max: 23457.5, Diff: 0.5]
   [Code Root Fixup: 0.0 ms]
   [Code Root Purge: 0.0 ms]
   [Clear CT: 1.6 ms]
   [Other: 8.1 ms]
      [Choose CSet: 0.0 ms]
      [Ref Proc: 7.5 ms]
      [Ref Enq: 0.0 ms]
      [Redirty Cards: 0.5 ms]
      [Humongous Register: 0.0 ms]
      [Humongous Reclaim: 0.0 ms]
      [Free CSet: 0.0 ms]
   [Eden: 1024.0K(1024.0K)->0.0B(10240.0K) Survivors: 2048.0K->1024.0K Heap: 40483.8K(65536.0K)->37845.1K(65536.0K)]
 [Times: user=0.12 sys=0.01, real=0.01 secs] 
2026-06-17T09:49:01.289+0800: 23.490: [GC pause (G1 Evacuation Pause) (young), 0.0178979 secs]
   [Parallel Time: 11.3 ms, GC Workers: 18]
      [GC Worker Start (ms): Min: 23490.6, Avg: 23493.4, Max: 23500.0, Diff: 9.4]
      [Ext Root Scanning (ms): Min: 0.0, Avg: 0.0, Max: 0.3, Diff: 0.3, Sum: 0.7]
      [Update RS (ms): Min: 0.0, Avg: 0.0, Max: 0.1, Diff: 0.1, Sum: 0.1]
         [Processed Buffers: Min: 0, Avg: 0.2, Max: 2, Diff: 2, Sum: 4]
      [Scan RS (ms): Min: 0.0, Avg: 0.0, Max: 0.0, Diff: 0.0, Sum: 0.0]
      [Code Root Scanning (ms): Min: 0.0, Avg: 0.0, Max: 0.0, Diff: 0.0, Sum: 0.0]
      [Object Copy (ms): Min: 0.0, Avg: 0.1, Max: 0.3, Diff: 0.3, Sum: 1.3]
      [Termination (ms): Min: 0.0, Avg: 6.7, Max: 9.6, Diff: 9.6, Sum: 121.5]
         [Termination Attempts: Min: 1, Avg: 1.0, Max: 1, Diff: 0, Sum: 18]
      [GC Worker Other (ms): Min: 0.0, Avg: 0.0, Max: 0.0, Diff: 0.0, Sum: 0.2]
      [GC Worker Total (ms): Min: 0.0, Avg: 6.9, Max: 10.2, Diff: 10.2, Sum: 123.8]
      [GC Worker End (ms): Min: 23500.1, Avg: 23500.3, Max: 23500.9, Diff: 0.8]
   [Code Root Fixup: 0.0 ms]
   [Code Root Purge: 0.0 ms]
   [Clear CT: 0.8 ms]
   [Other: 5.8 ms]
      [Choose CSet: 0.0 ms]
      [Ref Proc: 5.0 ms]
      [Ref Enq: 0.0 ms]
      [Redirty Cards: 0.7 ms]
      [Humongous Register: 0.0 ms]
      [Humongous Reclaim: 0.0 ms]
      [Free CSet: 0.0 ms]
   [Eden: 10240.0K(10240.0K)->0.0B(4096.0K) Survivors: 1024.0K->2048.0K Heap: 48085.1K(65536.0K)->44670.6K(65536.0K)]
 [Times: user=0.17 sys=0.00, real=0.02 secs] 
2026-06-17T09:49:01.319+0800: 23.520: [GC pause (G1 Evacuation Pause) (young) (initial-mark), 0.0170031 secs]
   [Parallel Time: 10.6 ms, GC Workers: 18]
      [GC Worker Start (ms): Min: 23520.3, Avg: 23520.9, Max: 23521.4, Diff: 1.1]
      [Ext Root Scanning (ms): Min: 0.0, Avg: 2.4, Max: 7.1, Diff: 7.1, Sum: 42.9]
      [Update RS (ms): Min: 0.0, Avg: 0.0, Max: 0.0, Diff: 0.0, Sum: 0.1]
         [Processed Buffers: Min: 0, Avg: 0.2, Max: 3, Diff: 3, Sum: 3]
      [Scan RS (ms): Min: 0.0, Avg: 0.0, Max: 0.0, Diff: 0.0, Sum: 0.0]
      [Code Root Scanning (ms): Min: 0.0, Avg: 0.0, Max: 0.0, Diff: 0.0, Sum: 0.0]
      [Object Copy (ms): Min: 0.0, Avg: 0.0, Max: 0.1, Diff: 0.1, Sum: 0.2]
      [Termination (ms): Min: 0.0, Avg: 5.3, Max: 7.2, Diff: 7.2, Sum: 95.9]
         [Termination Attempts: Min: 1, Avg: 1.0, Max: 1, Diff: 0, Sum: 18]
      [GC Worker Other (ms): Min: 0.0, Avg: 0.0, Max: 0.0, Diff: 0.0, Sum: 0.2]
      [GC Worker Total (ms): Min: 7.1, Avg: 7.7, Max: 8.6, Diff: 1.4, Sum: 139.3]
      [GC Worker End (ms): Min: 23528.5, Avg: 23528.7, Max: 23529.0, Diff: 0.6]
   [Code Root Fixup: 0.0 ms]
   [Code Root Purge: 0.0 ms]
   [Clear CT: 1.0 ms]
   [Other: 5.4 ms]
      [Choose CSet: 0.0 ms]
      [Ref Proc: 4.6 ms]
      [Ref Enq: 0.0 ms]
      [Redirty Cards: 0.7 ms]
      [Humongous Register: 0.0 ms]
      [Humongous Reclaim: 0.0 ms]
      [Free CSet: 0.0 ms]
   [Eden: 4096.0K(4096.0K)->0.0B(4096.0K) Survivors: 2048.0K->1024.0K Heap: 48766.6K(65536.0K)->43760.7K(65536.0K)]
 [Times: user=0.14 sys=0.01, real=0.02 secs] 
2026-06-17T09:49:01.337+0800: 23.538: [GC concurrent-root-region-scan-start]
2026-06-17T09:49:01.338+0800: 23.539: [GC concurrent-root-region-scan-end, 0.0002766 secs]
2026-06-17T09:49:01.338+0800: 23.539: [GC concurrent-mark-start]
2026-06-17T09:49:01.338+0800: 23.540: [GC concurrent-mark-end, 0.0008423 secs]
2026-06-17T09:49:01.338+0800: 23.540: [GC remark 2026-06-17T09:49:01.339+0800: 23.540: [Finalize Marking, 0.0078084 secs] 2026-06-17T09:49:01.347+0800: 23.548: [GC ref-proc, 0.0005059 secs] 2026-06-17T09:49:01.348+0800: 23.549: [Unloading, 0.0016589 secs], 0.0125895 secs]
 [Times: user=0.08 sys=0.00, real=0.02 secs] 
2026-06-17T09:49:01.352+0800: 23.554: [GC cleanup 47856K->42736K(65536K), 0.0031682 secs]
 [Times: user=0.00 sys=0.00, real=0.00 secs] 
2026-06-17T09:49:01.357+0800: 23.558: [GC concurrent-cleanup-start]
2026-06-17T09:49:01.357+0800: 23.558: [GC concurrent-cleanup-end, 0.0000101 secs]
2026-06-17T09:49:01.357+0800: 23.558: [GC pause (G1 Evacuation Pause) (young), 0.0114475 secs]
   [Parallel Time: 7.6 ms, GC Workers: 18]
      [GC Worker Start (ms): Min: 23558.1, Avg: 23559.5, Max: 23565.1, Diff: 7.0]
      [Ext Root Scanning (ms): Min: 0.0, Avg: 0.0, Max: 0.2, Diff: 0.2, Sum: 0.5]
      [Update RS (ms): Min: 0.0, Avg: 0.0, Max: 0.0, Diff: 0.0, Sum: 0.0]
         [Processed Buffers: Min: 0, Avg: 0.1, Max: 1, Diff: 1, Sum: 2]
      [Scan RS (ms): Min: 0.0, Avg: 0.0, Max: 0.0, Diff: 0.0, Sum: 0.0]
      [Code Root Scanning (ms): Min: 0.0, Avg: 0.0, Max: 0.0, Diff: 0.0, Sum: 0.0]
      [Object Copy (ms): Min: 0.0, Avg: 0.0, Max: 0.1, Diff: 0.1, Sum: 0.5]
      [Termination (ms): Min: 0.0, Avg: 5.7, Max: 6.9, Diff: 6.9, Sum: 102.6]
         [Termination Attempts: Min: 1, Avg: 1.1, Max: 2, Diff: 1, Sum: 19]
      [GC Worker Other (ms): Min: 0.0, Avg: 0.0, Max: 0.0, Diff: 0.0, Sum: 0.1]
      [GC Worker Total (ms): Min: 0.0, Avg: 5.8, Max: 7.2, Diff: 7.2, Sum: 103.7]
      [GC Worker End (ms): Min: 23565.1, Avg: 23565.2, Max: 23565.3, Diff: 0.2]
   [Code Root Fixup: 0.0 ms]
   [Code Root Purge: 0.0 ms]
   [Clear CT: 0.8 ms]
   [Other: 3.0 ms]
      [Choose CSet: 0.0 ms]
      [Ref Proc: 2.4 ms]
      [Ref Enq: 0.0 ms]
      [Redirty Cards: 0.6 ms]
      [Humongous Register: 0.0 ms]
      [Humongous Reclaim: 0.0 ms]
      [Free CSet: 0.0 ms]
   [Eden: 4096.0K(4096.0K)->0.0B(2048.0K) Survivors: 1024.0K->1024.0K Heap: 42736.7K(65536.0K)->43010.6K(65536.0K)]
 [Times: user=0.13 sys=0.00, real=0.01 secs] 
2026-06-17T09:49:01.380+0800: 23.581: [GC pause (G1 Evacuation Pause) (mixed), 0.0152540 secs]
   [Parallel Time: 10.0 ms, GC Workers: 18]
      [GC Worker Start (ms): Min: 23581.1, Avg: 23583.0, Max: 23590.0, Diff: 8.9]
      [Ext Root Scanning (ms): Min: 0.0, Avg: 0.0, Max: 0.1, Diff: 0.1, Sum: 0.2]
      [Update RS (ms): Min: 0.0, Avg: 0.0, Max: 0.0, Diff: 0.0, Sum: 0.0]
         [Processed Buffers: Min: 0, Avg: 0.1, Max: 1, Diff: 1, Sum: 2]
      [Scan RS (ms): Min: 0.0, Avg: 0.0, Max: 0.0, Diff: 0.0, Sum: 0.0]
      [Code Root Scanning (ms): Min: 0.0, Avg: 0.0, Max: 0.0, Diff: 0.0, Sum: 0.0]
      [Object Copy (ms): Min: 0.0, Avg: 0.0, Max: 0.1, Diff: 0.1, Sum: 0.4]
      [Termination (ms): Min: 0.0, Avg: 7.2, Max: 8.9, Diff: 8.9, Sum: 128.9]
         [Termination Attempts: Min: 1, Avg: 1.0, Max: 1, Diff: 0, Sum: 18]
      [GC Worker Other (ms): Min: 0.0, Avg: 0.0, Max: 0.1, Diff: 0.1, Sum: 0.2]
      [GC Worker Total (ms): Min: 0.0, Avg: 7.2, Max: 9.2, Diff: 9.1, Sum: 129.7]
      [GC Worker End (ms): Min: 23590.0, Avg: 23590.2, Max: 23590.3, Diff: 0.3]
   [Code Root Fixup: 0.0 ms]
   [Code Root Purge: 0.0 ms]
   [Clear CT: 1.2 ms]
   [Other: 4.1 ms]
      [Choose CSet: 0.0 ms]
      [Ref Proc: 3.4 ms]
      [Ref Enq: 0.0 ms]
      [Redirty Cards: 0.6 ms]
      [Humongous Register: 0.0 ms]
      [Humongous Reclaim: 0.0 ms]
      [Free CSet: 0.0 ms]
   [Eden: 2048.0K(2048.0K)->0.0B(2048.0K) Survivors: 1024.0K->1024.0K Heap: 45058.6K(65536.0K)->37600.7K(65536.0K)]
 [Times: user=0.15 sys=0.00, real=0.02 secs] 
2026-06-17T09:49:01.396+0800: 23.598: [GC pause (G1 Evacuation Pause) (mixed), 0.0099329 secs]
   [Parallel Time: 1.9 ms, GC Workers: 18]
      [GC Worker Start (ms): Min: 23597.8, Avg: 23598.6, Max: 23599.2, Diff: 1.4]
      [Ext Root Scanning (ms): Min: 0.0, Avg: 0.0, Max: 0.1, Diff: 0.1, Sum: 0.3]
      [Update RS (ms): Min: 0.0, Avg: 0.0, Max: 0.0, Diff: 0.0, Sum: 0.0]
         [Processed Buffers: Min: 0, Avg: 0.2, Max: 3, Diff: 3, Sum: 4]
      [Scan RS (ms): Min: 0.0, Avg: 0.0, Max: 0.0, Diff: 0.0, Sum: 0.0]
      [Code Root Scanning (ms): Min: 0.0, Avg: 0.0, Max: 0.0, Diff: 0.0, Sum: 0.0]
      [Object Copy (ms): Min: 0.0, Avg: 0.0, Max: 0.2, Diff: 0.2, Sum: 0.5]
      [Termination (ms): Min: 0.0, Avg: 0.6, Max: 1.3, Diff: 1.3, Sum: 11.3]
         [Termination Attempts: Min: 1, Avg: 1.0, Max: 1, Diff: 0, Sum: 18]
      [GC Worker Other (ms): Min: 0.0, Avg: 0.0, Max: 0.0, Diff: 0.0, Sum: 0.1]
      [GC Worker Total (ms): Min: 0.0, Avg: 0.7, Max: 1.5, Diff: 1.5, Sum: 12.2]
      [GC Worker End (ms): Min: 23599.2, Avg: 23599.3, Max: 23599.5, Diff: 0.3]
   [Code Root Fixup: 0.0 ms]
   [Code Root Purge: 0.0 ms]
   [Clear CT: 1.1 ms]
   [Other: 7.0 ms]
      [Choose CSet: 0.0 ms]
      [Ref Proc: 6.2 ms]
      [Ref Enq: 0.0 ms]
      [Redirty Cards: 0.7 ms]
      [Humongous Register: 0.0 ms]
      [Humongous Reclaim: 0.0 ms]
      [Free CSet: 0.0 ms]
   [Eden: 2048.0K(2048.0K)->0.0B(2048.0K) Survivors: 1024.0K->1024.0K Heap: 39648.7K(65536.0K)->34504.6K(65536.0K)]
 [Times: user=0.09 sys=0.00, real=0.01 secs] 
2026-06-17T09:49:01.418+0800: 23.619: [GC pause (G1 Evacuation Pause) (mixed), 0.0136783 secs]
   [Parallel Time: 9.2 ms, GC Workers: 18]
      [GC Worker Start (ms): Min: 23619.4, Avg: 23621.1, Max: 23626.5, Diff: 7.1]
      [Ext Root Scanning (ms): Min: 0.0, Avg: 0.0, Max: 0.2, Diff: 0.2, Sum: 0.4]
      [Update RS (ms): Min: 0.0, Avg: 0.0, Max: 0.0, Diff: 0.0, Sum: 0.0]
         [Processed Buffers: Min: 0, Avg: 0.2, Max: 1, Diff: 1, Sum: 3]
      [Scan RS (ms): Min: 0.0, Avg: 0.0, Max: 0.0, Diff: 0.0, Sum: 0.1]
      [Code Root Scanning (ms): Min: 0.0, Avg: 0.0, Max: 0.0, Diff: 0.0, Sum: 0.0]
      [Object Copy (ms): Min: 0.0, Avg: 0.0, Max: 0.1, Diff: 0.1, Sum: 0.5]
      [Termination (ms): Min: 0.0, Avg: 5.5, Max: 7.4, Diff: 7.4, Sum: 98.9]
         [Termination Attempts: Min: 1, Avg: 1.1, Max: 2, Diff: 1, Sum: 20]
      [GC Worker Other (ms): Min: 0.0, Avg: 0.0, Max: 0.0, Diff: 0.0, Sum: 0.2]
      [GC Worker Total (ms): Min: 0.0, Avg: 5.6, Max: 7.7, Diff: 7.7, Sum: 100.2]
      [GC Worker End (ms): Min: 23626.5, Avg: 23626.7, Max: 23627.1, Diff: 0.6]
   [Code Root Fixup: 0.0 ms]
   [Code Root Purge: 0.0 ms]
   [Clear CT: 0.5 ms]
   [Other: 4.0 ms]
      [Choose CSet: 0.0 ms]
      [Ref Proc: 3.5 ms]
      [Ref Enq: 0.0 ms]
      [Redirty Cards: 0.5 ms]
      [Humongous Register: 0.0 ms]
      [Humongous Reclaim: 0.0 ms]
      [Free CSet: 0.0 ms]
   [Eden: 2048.0K(2048.0K)->0.0B(12288.0K) Survivors: 1024.0K->1024.0K Heap: 36552.6K(65536.0K)->30896.1K(65536.0K)]
 [Times: user=0.12 sys=0.01, real=0.02 secs] 
2026-06-17T09:49:01.454+0800: 23.655: [GC pause (G1 Humongous Allocation) (young) (initial-mark), 0.0172068 secs]
   [Parallel Time: 11.2 ms, GC Workers: 18]
      [GC Worker Start (ms): Min: 23655.3, Avg: 23656.3, Max: 23657.1, Diff: 1.7]
      [Ext Root Scanning (ms): Min: 0.0, Avg: 2.9, Max: 7.4, Diff: 7.4, Sum: 52.3]
      [Update RS (ms): Min: 0.0, Avg: 0.0, Max: 0.2, Diff: 0.2, Sum: 0.3]
         [Processed Buffers: Min: 0, Avg: 0.3, Max: 4, Diff: 4, Sum: 5]
      [Scan RS (ms): Min: 0.0, Avg: 0.0, Max: 0.0, Diff: 0.0, Sum: 0.0]
      [Code Root Scanning (ms): Min: 0.0, Avg: 0.0, Max: 0.0, Diff: 0.0, Sum: 0.0]
      [Object Copy (ms): Min: 0.0, Avg: 0.0, Max: 0.2, Diff: 0.2, Sum: 0.3]
      [Termination (ms): Min: 0.0, Avg: 5.4, Max: 7.7, Diff: 7.7, Sum: 97.8]
         [Termination Attempts: Min: 1, Avg: 1.0, Max: 1, Diff: 0, Sum: 18]
      [GC Worker Other (ms): Min: 0.0, Avg: 0.0, Max: 0.1, Diff: 0.0, Sum: 0.3]
      [GC Worker Total (ms): Min: 7.4, Avg: 8.4, Max: 9.8, Diff: 2.4, Sum: 151.1]
      [GC Worker End (ms): Min: 23664.4, Avg: 23664.6, Max: 23665.2, Diff: 0.7]
   [Code Root Fixup: 0.0 ms]
   [Code Root Purge: 0.0 ms]
   [Clear CT: 1.6 ms]
   [Other: 4.4 ms]
      [Choose CSet: 0.0 ms]
      [Ref Proc: 3.5 ms]
      [Ref Enq: 0.0 ms]
      [Redirty Cards: 0.8 ms]
      [Humongous Register: 0.0 ms]
      [Humongous Reclaim: 0.0 ms]
      [Free CSet: 0.0 ms]
   [Eden: 12288.0K(12288.0K)->0.0B(12288.0K) Survivors: 1024.0K->2048.0K Heap: 42186.1K(65536.0K)->31847.7K(65536.0K)]
 [Times: user=0.13 sys=0.01, real=0.02 secs] 
2026-06-17T09:49:01.472+0800: 23.674: [GC concurrent-root-region-scan-start]
2026-06-17T09:49:01.473+0800: 23.674: [GC concurrent-root-region-scan-end, 0.0002831 secs]
2026-06-17T09:49:01.473+0800: 23.674: [GC concurrent-mark-start]
2026-06-17T09:49:01.473+0800: 23.674: [GC concurrent-mark-end, 0.0005605 secs]
2026-06-17T09:49:01.473+0800: 23.675: [GC remark 2026-06-17T09:49:01.474+0800: 23.675: [Finalize Marking, 0.0067927 secs] 2026-06-17T09:49:01.481+0800: 23.682: [GC ref-proc, 0.0003467 secs] 2026-06-17T09:49:01.482+0800: 23.683: [Unloading, 0.0016132 secs], 0.0113628 secs]
 [Times: user=0.07 sys=0.00, real=0.01 secs] 
2026-06-17T09:49:01.486+0800: 23.687: [GC cleanup 34186K->34186K(65536K), 0.0025909 secs]
 [Times: user=0.00 sys=0.00, real=0.00 secs] 
2026-06-17T09:49:01.511+0800: 23.712: [GC pause (G1 Evacuation Pause) (young), 0.0168200 secs]
   [Parallel Time: 9.8 ms, GC Workers: 18]
      [GC Worker Start (ms): Min: 23712.4, Avg: 23714.3, Max: 23720.6, Diff: 8.2]
      [Ext Root Scanning (ms): Min: 0.0, Avg: 0.0, Max: 0.3, Diff: 0.3, Sum: 0.8]
      [Update RS (ms): Min: 0.0, Avg: 0.0, Max: 0.0, Diff: 0.0, Sum: 0.1]
         [Processed Buffers: Min: 0, Avg: 0.2, Max: 1, Diff: 1, Sum: 3]
      [Scan RS (ms): Min: 0.0, Avg: 0.0, Max: 0.0, Diff: 0.0, Sum: 0.0]
      [Code Root Scanning (ms): Min: 0.0, Avg: 0.0, Max: 0.0, Diff: 0.0, Sum: 0.0]
      [Object Copy (ms): Min: 0.0, Avg: 0.1, Max: 0.3, Diff: 0.3, Sum: 1.3]
      [Termination (ms): Min: 0.0, Avg: 6.6, Max: 8.3, Diff: 8.3, Sum: 118.0]
         [Termination Attempts: Min: 1, Avg: 1.0, Max: 1, Diff: 0, Sum: 18]
      [GC Worker Other (ms): Min: 0.0, Avg: 0.0, Max: 0.0, Diff: 0.0, Sum: 0.2]
      [GC Worker Total (ms): Min: 0.0, Avg: 6.7, Max: 9.0, Diff: 9.0, Sum: 120.4]
      [GC Worker End (ms): Min: 23720.6, Avg: 23721.0, Max: 23721.4, Diff: 0.7]
   [Code Root Fixup: 0.0 ms]
   [Code Root Purge: 0.0 ms]
   [Clear CT: 1.2 ms]
   [Other: 5.9 ms]
      [Choose CSet: 0.0 ms]
      [Ref Proc: 5.1 ms]
      [Ref Enq: 0.0 ms]
      [Redirty Cards: 0.7 ms]
      [Humongous Register: 0.0 ms]
      [Humongous Reclaim: 0.0 ms]
      [Free CSet: 0.0 ms]
   [Eden: 12288.0K(12288.0K)->0.0B(1024.0K) Survivors: 2048.0K->2048.0K Heap: 45471.7K(65536.0K)->38249.7K(65536.0K)]
 [Times: user=0.16 sys=0.00, real=0.01 secs] 
2026-06-17T09:49:01.539+0800: 23.741: [GC pause (G1 Evacuation Pause) (mixed), 0.0111798 secs]
   [Parallel Time: 6.5 ms, GC Workers: 18]
      [GC Worker Start (ms): Min: 23740.7, Avg: 23742.1, Max: 23745.0, Diff: 4.4]
      [Ext Root Scanning (ms): Min: 0.0, Avg: 0.0, Max: 0.2, Diff: 0.2, Sum: 0.7]
      [Update RS (ms): Min: 0.0, Avg: 0.0, Max: 0.0, Diff: 0.0, Sum: 0.0]
         [Processed Buffers: Min: 0, Avg: 0.2, Max: 3, Diff: 3, Sum: 4]
      [Scan RS (ms): Min: 0.0, Avg: 0.0, Max: 0.1, Diff: 0.1, Sum: 0.1]
      [Code Root Scanning (ms): Min: 0.0, Avg: 0.0, Max: 0.0, Diff: 0.0, Sum: 0.0]
      [Object Copy (ms): Min: 0.0, Avg: 0.0, Max: 0.2, Diff: 0.2, Sum: 0.7]
      [Termination (ms): Min: 0.0, Avg: 3.1, Max: 4.5, Diff: 4.5, Sum: 55.2]
         [Termination Attempts: Min: 1, Avg: 1.2, Max: 2, Diff: 1, Sum: 21]
      [GC Worker Other (ms): Min: 0.0, Avg: 0.0, Max: 0.0, Diff: 0.0, Sum: 0.2]
      [GC Worker Total (ms): Min: 0.0, Avg: 3.2, Max: 4.5, Diff: 4.5, Sum: 56.9]
      [GC Worker End (ms): Min: 23745.0, Avg: 23745.2, Max: 23745.9, Diff: 0.8]
   [Code Root Fixup: 0.0 ms]
   [Code Root Purge: 0.0 ms]
   [Clear CT: 0.7 ms]
   [Other: 4.0 ms]
      [Choose CSet: 0.0 ms]
      [Ref Proc: 3.3 ms]
      [Ref Enq: 0.0 ms]
      [Redirty Cards: 0.6 ms]
      [Humongous Register: 0.0 ms]
      [Humongous Reclaim: 0.0 ms]
      [Free CSet: 0.0 ms]
   [Eden: 1024.0K(1024.0K)->0.0B(9216.0K) Survivors: 2048.0K->1024.0K Heap: 39273.7K(65536.0K)->35160.0K(65536.0K)]
 [Times: user=0.07 sys=0.00, real=0.02 secs] 
2026-06-17T09:49:01.573+0800: 23.774: [GC pause (G1 Evacuation Pause) (young), 0.0199573 secs]
   [Parallel Time: 12.0 ms, GC Workers: 18]
      [GC Worker Start (ms): Min: 23774.1, Avg: 23776.0, Max: 23782.8, Diff: 8.7]
      [Ext Root Scanning (ms): Min: 0.0, Avg: 0.1, Max: 0.4, Diff: 0.4, Sum: 1.0]
      [Update RS (ms): Min: 0.0, Avg: 0.0, Max: 0.2, Diff: 0.2, Sum: 0.5]
         [Processed Buffers: Min: 0, Avg: 0.3, Max: 2, Diff: 2, Sum: 5]
      [Scan RS (ms): Min: 0.0, Avg: 0.0, Max: 0.0, Diff: 0.0, Sum: 0.0]
      [Code Root Scanning (ms): Min: 0.0, Avg: 0.0, Max: 0.0, Diff: 0.0, Sum: 0.0]
      [Object Copy (ms): Min: 0.0, Avg: 0.0, Max: 0.2, Diff: 0.2, Sum: 0.6]
      [Termination (ms): Min: 0.0, Avg: 7.0, Max: 8.7, Diff: 8.7, Sum: 125.6]
         [Termination Attempts: Min: 1, Avg: 1.0, Max: 1, Diff: 0, Sum: 18]
      [GC Worker Other (ms): Min: 0.0, Avg: 0.0, Max: 0.0, Diff: 0.0, Sum: 0.2]
      [GC Worker Total (ms): Min: 0.0, Avg: 7.1, Max: 9.2, Diff: 9.2, Sum: 128.0]
      [GC Worker End (ms): Min: 23782.8, Avg: 23783.1, Max: 23783.7, Diff: 0.9]
   [Code Root Fixup: 0.0 ms]
   [Code Root Purge: 0.0 ms]
   [Clear CT: 1.6 ms]
   [Other: 6.4 ms]
      [Choose CSet: 0.0 ms]
      [Ref Proc: 5.5 ms]
      [Ref Enq: 0.0 ms]
      [Redirty Cards: 0.8 ms]
      [Humongous Register: 0.0 ms]
      [Humongous Reclaim: 0.0 ms]
      [Free CSet: 0.0 ms]
   [Eden: 9216.0K(9216.0K)->0.0B(8192.0K) Survivors: 1024.0K->2048.0K Heap: 44376.0K(65536.0K)->38123.7K(65536.0K)]
 [Times: user=0.16 sys=0.00, real=0.02 secs] 
2026-06-17T09:49:01.605+0800: 23.806: [GC pause (G1 Evacuation Pause) (young) (initial-mark), 0.0183092 secs]
   [Parallel Time: 9.8 ms, GC Workers: 18]
      [GC Worker Start (ms): Min: 23806.5, Avg: 23807.4, Max: 23808.1, Diff: 1.6]
      [Ext Root Scanning (ms): Min: 0.0, Avg: 2.3, Max: 5.7, Diff: 5.7, Sum: 41.5]
      [Update RS (ms): Min: 0.0, Avg: 0.0, Max: 0.0, Diff: 0.0, Sum: 0.0]
         [Processed Buffers: Min: 0, Avg: 0.1, Max: 2, Diff: 2, Sum: 2]
      [Scan RS (ms): Min: 0.0, Avg: 0.0, Max: 0.0, Diff: 0.0, Sum: 0.0]
      [Code Root Scanning (ms): Min: 0.0, Avg: 0.0, Max: 0.0, Diff: 0.0, Sum: 0.0]
      [Object Copy (ms): Min: 0.0, Avg: 0.0, Max: 0.2, Diff: 0.2, Sum: 0.5]
      [Termination (ms): Min: 0.0, Avg: 4.2, Max: 5.9, Diff: 5.9, Sum: 76.0]
         [Termination Attempts: Min: 1, Avg: 1.0, Max: 1, Diff: 0, Sum: 18]
      [GC Worker Other (ms): Min: 0.0, Avg: 0.0, Max: 0.0, Diff: 0.0, Sum: 0.2]
      [GC Worker Total (ms): Min: 5.7, Avg: 6.6, Max: 7.6, Diff: 1.8, Sum: 118.2]
      [GC Worker End (ms): Min: 23813.7, Avg: 23814.0, Max: 23814.7, Diff: 1.0]
   [Code Root Fixup: 0.0 ms]
   [Code Root Purge: 0.0 ms]
   [Clear CT: 2.3 ms]
   [Other: 6.3 ms]
      [Choose CSet: 0.0 ms]
      [Ref Proc: 5.5 ms]
      [Ref Enq: 0.0 ms]
      [Redirty Cards: 0.7 ms]
      [Humongous Register: 0.0 ms]
      [Humongous Reclaim: 0.0 ms]
      [Free CSet: 0.0 ms]
   [Eden: 8192.0K(8192.0K)->0.0B(8192.0K) Survivors: 2048.0K->2048.0K Heap: 46315.7K(65536.0K)->38992.7K(65536.0K)]
 [Times: user=0.13 sys=0.01, real=0.02 secs] 
2026-06-17T09:49:01.624+0800: 23.826: [GC concurrent-root-region-scan-start]
2026-06-17T09:49:01.625+0800: 23.826: [GC concurrent-root-region-scan-end, 0.0002112 secs]
2026-06-17T09:49:01.625+0800: 23.826: [GC concurrent-mark-start]
2026-06-17T09:49:01.625+0800: 23.826: [GC concurrent-mark-end, 0.0004640 secs]
2026-06-17T09:49:01.625+0800: 23.827: [GC remark 2026-06-17T09:49:01.626+0800: 23.827: [Finalize Marking, 0.0079821 secs] 2026-06-17T09:49:01.634+0800: 23.836: [GC ref-proc, 0.0004838 secs] 2026-06-17T09:49:01.635+0800: 23.837: [Unloading, 0.0015394 secs], 0.0127400 secs]
 [Times: user=0.09 sys=0.00, real=0.01 secs] 
2026-06-17T09:49:01.639+0800: 23.840: [GC cleanup 40860K->40860K(65536K), 0.0029121 secs]
 [Times: user=0.00 sys=0.00, real=0.01 secs] 
2026-06-17T09:49:01.664+0800: 23.865: [GC pause (G1 Evacuation Pause) (young), 0.0123579 secs]
   [Parallel Time: 5.1 ms, GC Workers: 18]
      [GC Worker Start (ms): Min: 23865.5, Avg: 23867.0, Max: 23868.7, Diff: 3.3]
      [Ext Root Scanning (ms): Min: 0.0, Avg: 0.0, Max: 0.2, Diff: 0.2, Sum: 0.5]
      [Update RS (ms): Min: 0.0, Avg: 0.0, Max: 0.0, Diff: 0.0, Sum: 0.0]
         [Processed Buffers: Min: 0, Avg: 0.1, Max: 1, Diff: 1, Sum: 2]
      [Scan RS (ms): Min: 0.0, Avg: 0.0, Max: 0.0, Diff: 0.0, Sum: 0.0]
      [Code Root Scanning (ms): Min: 0.0, Avg: 0.0, Max: 0.0, Diff: 0.0, Sum: 0.0]
      [Object Copy (ms): Min: 0.0, Avg: 0.0, Max: 0.1, Diff: 0.1, Sum: 0.4]
      [Termination (ms): Min: 0.0, Avg: 2.0, Max: 3.5, Diff: 3.5, Sum: 35.2]
         [Termination Attempts: Min: 1, Avg: 1.1, Max: 2, Diff: 1, Sum: 19]
      [GC Worker Other (ms): Min: 0.0, Avg: 0.0, Max: 0.0, Diff: 0.0, Sum: 0.2]
      [GC Worker Total (ms): Min: 0.0, Avg: 2.0, Max: 3.9, Diff: 3.9, Sum: 36.4]
      [GC Worker End (ms): Min: 23868.8, Avg: 23869.0, Max: 23869.4, Diff: 0.7]
   [Code Root Fixup: 0.0 ms]
   [Code Root Purge: 0.0 ms]
   [Clear CT: 1.5 ms]
   [Other: 5.7 ms]
      [Choose CSet: 0.0 ms]
      [Ref Proc: 4.8 ms]
      [Ref Enq: 0.0 ms]
      [Redirty Cards: 0.9 ms]
      [Humongous Register: 0.0 ms]
      [Humongous Reclaim: 0.0 ms]
      [Free CSet: 0.0 ms]
   [Eden: 8192.0K(8192.0K)->0.0B(1024.0K) Survivors: 2048.0K->2048.0K Heap: 47184.7K(65536.0K)->40423.7K(65536.0K)]
 [Times: user=0.06 sys=0.00, real=0.01 secs] 
2026-06-17T09:49:01.678+0800: 23.879: [GC pause (G1 Evacuation Pause) (mixed), 0.0085683 secs]
   [Parallel Time: 3.8 ms, GC Workers: 18]
      [GC Worker Start (ms): Min: 23879.2, Avg: 23880.2, Max: 23881.4, Diff: 2.2]
      [Ext Root Scanning (ms): Min: 0.0, Avg: 0.0, Max: 0.2, Diff: 0.2, Sum: 0.5]
      [Update RS (ms): Min: 0.0, Avg: 0.0, Max: 0.0, Diff: 0.0, Sum: 0.0]
         [Processed Buffers: Min: 0, Avg: 0.2, Max: 1, Diff: 1, Sum: 3]
      [Scan RS (ms): Min: 0.0, Avg: 0.0, Max: 0.0, Diff: 0.0, Sum: 0.1]
      [Code Root Scanning (ms): Min: 0.0, Avg: 0.0, Max: 0.0, Diff: 0.0, Sum: 0.0]
      [Object Copy (ms): Min: 0.0, Avg: 0.0, Max: 0.2, Diff: 0.2, Sum: 0.7]
      [Termination (ms): Min: 0.0, Avg: 1.3, Max: 2.4, Diff: 2.4, Sum: 23.2]
         [Termination Attempts: Min: 1, Avg: 1.0, Max: 1, Diff: 0, Sum: 18]
      [GC Worker Other (ms): Min: 0.0, Avg: 0.0, Max: 0.1, Diff: 0.1, Sum: 0.2]
      [GC Worker Total (ms): Min: 0.0, Avg: 1.4, Max: 2.4, Diff: 2.4, Sum: 24.7]
      [GC Worker End (ms): Min: 23881.4, Avg: 23881.6, Max: 23882.0, Diff: 0.6]
   [Code Root Fixup: 0.0 ms]
   [Code Root Purge: 0.0 ms]
   [Clear CT: 1.8 ms]
   [Other: 3.0 ms]
      [Choose CSet: 0.0 ms]
      [Ref Proc: 2.3 ms]
      [Ref Enq: 0.0 ms]
      [Redirty Cards: 0.6 ms]
      [Humongous Register: 0.0 ms]
      [Humongous Reclaim: 0.0 ms]
      [Free CSet: 0.0 ms]
   [Eden: 1024.0K(1024.0K)->0.0B(8192.0K) Survivors: 2048.0K->1024.0K Heap: 41447.7K(65536.0K)->38986.1K(65536.0K)]
 [Times: user=0.04 sys=0.00, real=0.01 secs] 
2026-06-17T09:49:01.698+0800: 23.899: [GC pause (G1 Evacuation Pause) (young), 0.0091911 secs]
   [Parallel Time: 4.5 ms, GC Workers: 18]
      [GC Worker Start (ms): Min: 23899.6, Avg: 23901.0, Max: 23902.6, Diff: 3.0]
      [Ext Root Scanning (ms): Min: 0.0, Avg: 0.0, Max: 0.2, Diff: 0.2, Sum: 0.5]
      [Update RS (ms): Min: 0.0, Avg: 0.0, Max: 0.1, Diff: 0.1, Sum: 0.2]
         [Processed Buffers: Min: 0, Avg: 0.3, Max: 2, Diff: 2, Sum: 5]
      [Scan RS (ms): Min: 0.0, Avg: 0.0, Max: 0.0, Diff: 0.0, Sum: 0.0]
      [Code Root Scanning (ms): Min: 0.0, Avg: 0.0, Max: 0.0, Diff: 0.0, Sum: 0.0]
      [Object Copy (ms): Min: 0.0, Avg: 0.1, Max: 0.3, Diff: 0.3, Sum: 1.4]
      [Termination (ms): Min: 0.0, Avg: 1.7, Max: 2.8, Diff: 2.8, Sum: 29.9]
         [Termination Attempts: Min: 1, Avg: 1.0, Max: 1, Diff: 0, Sum: 18]
      [GC Worker Other (ms): Min: 0.0, Avg: 0.0, Max: 0.0, Diff: 0.0, Sum: 0.2]
      [GC Worker Total (ms): Min: 0.0, Avg: 1.8, Max: 3.1, Diff: 3.0, Sum: 32.2]
      [GC Worker End (ms): Min: 23902.6, Avg: 23902.8, Max: 23903.2, Diff: 0.6]
   [Code Root Fixup: 0.0 ms]
   [Code Root Purge: 0.0 ms]
   [Clear CT: 1.4 ms]
   [Other: 3.3 ms]
      [Choose CSet: 0.0 ms]
      [Ref Proc: 2.7 ms]
      [Ref Enq: 0.0 ms]
      [Redirty Cards: 0.6 ms]
      [Humongous Register: 0.0 ms]
      [Humongous Reclaim: 0.0 ms]
      [Free CSet: 0.0 ms]
   [Eden: 8192.0K(8192.0K)->0.0B(2048.0K) Survivors: 1024.0K->2048.0K Heap: 47178.1K(65536.0K)->47520.7K(65536.0K)]
 [Times: user=0.04 sys=0.00, real=0.01 secs] 
2026-06-17T09:49:01.719+0800: 23.920: [GC pause (G1 Evacuation Pause) (young) (initial-mark), 0.0205204 secs]
   [Parallel Time: 14.2 ms, GC Workers: 18]
      [GC Worker Start (ms): Min: 23920.2, Avg: 23920.7, Max: 23921.0, Diff: 0.8]
      [Ext Root Scanning (ms): Min: 0.0, Avg: 2.6, Max: 10.9, Diff: 10.8, Sum: 47.7]
      [Update RS (ms): Min: 0.0, Avg: 0.0, Max: 0.0, Diff: 0.0, Sum: 0.0]
         [Processed Buffers: Min: 0, Avg: 0.2, Max: 4, Diff: 4, Sum: 4]
      [Scan RS (ms): Min: 0.0, Avg: 0.0, Max: 0.0, Diff: 0.0, Sum: 0.0]
      [Code Root Scanning (ms): Min: 0.0, Avg: 0.0, Max: 0.0, Diff: 0.0, Sum: 0.0]
      [Object Copy (ms): Min: 0.0, Avg: 0.0, Max: 0.1, Diff: 0.1, Sum: 0.5]
      [Termination (ms): Min: 0.0, Avg: 8.7, Max: 11.4, Diff: 11.4, Sum: 157.4]
         [Termination Attempts: Min: 1, Avg: 1.2, Max: 3, Diff: 2, Sum: 22]
      [GC Worker Other (ms): Min: 0.0, Avg: 0.0, Max: 0.0, Diff: 0.0, Sum: 0.2]
      [GC Worker Total (ms): Min: 10.9, Avg: 11.4, Max: 12.3, Diff: 1.4, Sum: 205.9]
      [GC Worker End (ms): Min: 23931.8, Avg: 23932.1, Max: 23932.8, Diff: 1.0]
   [Code Root Fixup: 0.0 ms]
   [Code Root Purge: 0.0 ms]
   [Clear CT: 1.1 ms]
   [Other: 5.2 ms]
      [Choose CSet: 0.0 ms]
      [Ref Proc: 4.4 ms]
      [Ref Enq: 0.0 ms]
      [Redirty Cards: 0.7 ms]
      [Humongous Register: 0.0 ms]
      [Humongous Reclaim: 0.0 ms]
      [Free CSet: 0.0 ms]
   [Eden: 2048.0K(2048.0K)->0.0B(2048.0K) Survivors: 2048.0K->1024.0K Heap: 49568.7K(65536.0K)->49132.7K(65536.0K)]
 [Times: user=0.19 sys=0.01, real=0.02 secs] 
2026-06-17T09:49:01.741+0800: 23.942: [GC concurrent-root-region-scan-start]
2026-06-17T09:49:01.741+0800: 23.942: [GC concurrent-root-region-scan-end, 0.0002298 secs]
2026-06-17T09:49:01.741+0800: 23.942: [GC concurrent-mark-start]
2026-06-17T09:49:01.741+0800: 23.943: [GC concurrent-mark-end, 0.0005798 secs]
2026-06-17T09:49:01.741+0800: 23.943: [GC remark 2026-06-17T09:49:01.742+0800: 23.943: [Finalize Marking, 0.0095028 secs] 2026-06-17T09:49:01.752+0800: 23.953: [GC ref-proc, 0.0008289 secs] 2026-06-17T09:49:01.753+0800: 23.955: [Unloading, 0.0020849 secs], 0.0151363 secs]
 [Times: user=0.11 sys=0.00, real=0.02 secs] 
2026-06-17T09:49:01.758+0800: 23.959: [GC pause (G1 Evacuation Pause) (young), 0.0069730 secs]
   [Parallel Time: 3.1 ms, GC Workers: 18]
      [GC Worker Start (ms): Min: 23959.3, Avg: 23960.3, Max: 23961.3, Diff: 2.0]
      [Ext Root Scanning (ms): Min: 0.0, Avg: 0.0, Max: 0.1, Diff: 0.1, Sum: 0.3]
      [Update RS (ms): Min: 0.0, Avg: 0.0, Max: 0.0, Diff: 0.0, Sum: 0.0]
         [Processed Buffers: Min: 0, Avg: 0.2, Max: 2, Diff: 2, Sum: 3]
      [Scan RS (ms): Min: 0.0, Avg: 0.0, Max: 0.0, Diff: 0.0, Sum: 0.0]
      [Code Root Scanning (ms): Min: 0.0, Avg: 0.0, Max: 0.0, Diff: 0.0, Sum: 0.0]
      [Object Copy (ms): Min: 0.0, Avg: 0.0, Max: 0.0, Diff: 0.0, Sum: 0.1]
      [Termination (ms): Min: 0.0, Avg: 1.1, Max: 2.1, Diff: 2.1, Sum: 20.6]
         [Termination Attempts: Min: 1, Avg: 1.0, Max: 1, Diff: 0, Sum: 18]
      [GC Worker Other (ms): Min: 0.0, Avg: 0.0, Max: 0.0, Diff: 0.0, Sum: 0.1]
      [GC Worker Total (ms): Min: 0.0, Avg: 1.2, Max: 2.2, Diff: 2.2, Sum: 21.2]
      [GC Worker End (ms): Min: 23961.3, Avg: 23961.4, Max: 23961.7, Diff: 0.3]
   [Code Root Fixup: 0.0 ms]
   [Code Root Purge: 0.0 ms]
   [Clear CT: 1.1 ms]
   [Other: 2.8 ms]
      [Choose CSet: 0.0 ms]
      [Ref Proc: 2.1 ms]
      [Ref Enq: 0.0 ms]
      [Redirty Cards: 0.6 ms]
      [Humongous Register: 0.0 ms]
      [Humongous Reclaim: 0.0 ms]
      [Free CSet: 0.0 ms]
   [Eden: 2048.0K(2048.0K)->0.0B(2048.0K) Survivors: 1024.0K->1024.0K Heap: 51180.7K(65536.0K)->48555.8K(65536.0K)]
 [Times: user=0.04 sys=0.00, real=0.01 secs] 
2026-06-17T09:49:01.766+0800: 23.967: [GC cleanup 50553K->42361K(65536K), 0.0026917 secs]
 [Times: user=0.01 sys=0.00, real=0.00 secs] 
2026-06-17T09:49:01.770+0800: 23.971: [GC concurrent-cleanup-start]
2026-06-17T09:49:01.770+0800: 23.971: [GC concurrent-cleanup-end, 0.0000113 secs]
2026-06-17T09:49:01.770+0800: 23.971: [GC pause (G1 Evacuation Pause) (young), 0.0109106 secs]
   [Parallel Time: 7.0 ms, GC Workers: 18]
      [GC Worker Start (ms): Min: 23971.2, Avg: 23972.8, Max: 23977.9, Diff: 6.7]
      [Ext Root Scanning (ms): Min: 0.0, Avg: 0.0, Max: 0.1, Diff: 0.1, Sum: 0.3]
      [Update RS (ms): Min: 0.0, Avg: 0.0, Max: 0.0, Diff: 0.0, Sum: 0.0]
         [Processed Buffers: Min: 0, Avg: 0.1, Max: 1, Diff: 1, Sum: 2]
      [Scan RS (ms): Min: 0.0, Avg: 0.0, Max: 0.0, Diff: 0.0, Sum: 0.0]
      [Code Root Scanning (ms): Min: 0.0, Avg: 0.0, Max: 0.0, Diff: 0.0, Sum: 0.0]
      [Object Copy (ms): Min: 0.0, Avg: 0.0, Max: 0.1, Diff: 0.1, Sum: 0.3]
      [Termination (ms): Min: 0.0, Avg: 5.1, Max: 6.7, Diff: 6.7, Sum: 92.6]
         [Termination Attempts: Min: 1, Avg: 1.0, Max: 1, Diff: 0, Sum: 18]
      [GC Worker Other (ms): Min: 0.0, Avg: 0.0, Max: 0.0, Diff: 0.0, Sum: 0.1]
      [GC Worker Total (ms): Min: 0.0, Avg: 5.2, Max: 6.8, Diff: 6.8, Sum: 93.4]
      [GC Worker End (ms): Min: 23977.9, Avg: 23978.0, Max: 23978.1, Diff: 0.2]
   [Code Root Fixup: 0.0 ms]
   [Code Root Purge: 0.0 ms]
   [Clear CT: 1.0 ms]
   [Other: 2.9 ms]
      [Choose CSet: 0.0 ms]
      [Ref Proc: 2.1 ms]
      [Ref Enq: 0.0 ms]
      [Redirty Cards: 0.8 ms]
      [Humongous Register: 0.0 ms]
      [Humongous Reclaim: 0.0 ms]
      [Free CSet: 0.0 ms]
   [Eden: 2048.0K(2048.0K)->0.0B(2048.0K) Survivors: 1024.0K->1024.0K Heap: 42411.8K(65536.0K)->42458.7K(65536.0K)]
 [Times: user=0.11 sys=0.00, real=0.01 secs] 
2026-06-17T09:49:01.782+0800: 23.983: [GC pause (G1 Evacuation Pause) (mixed), 0.0090402 secs]
   [Parallel Time: 5.5 ms, GC Workers: 18]
      [GC Worker Start (ms): Min: 23983.4, Avg: 23984.3, Max: 23988.4, Diff: 5.0]
      [Ext Root Scanning (ms): Min: 0.0, Avg: 0.0, Max: 0.2, Diff: 0.1, Sum: 0.3]
      [Update RS (ms): Min: 0.0, Avg: 0.0, Max: 0.0, Diff: 0.0, Sum: 0.0]
         [Processed Buffers: Min: 0, Avg: 0.1, Max: 1, Diff: 1, Sum: 2]
      [Scan RS (ms): Min: 0.0, Avg: 0.0, Max: 0.0, Diff: 0.0, Sum: 0.0]
      [Code Root Scanning (ms): Min: 0.0, Avg: 0.0, Max: 0.0, Diff: 0.0, Sum: 0.0]
      [Object Copy (ms): Min: 0.0, Avg: 0.0, Max: 0.1, Diff: 0.1, Sum: 0.4]
      [Termination (ms): Min: 0.0, Avg: 4.2, Max: 4.9, Diff: 4.9, Sum: 75.1]
         [Termination Attempts: Min: 1, Avg: 1.0, Max: 1, Diff: 0, Sum: 18]
      [GC Worker Other (ms): Min: 0.0, Avg: 0.0, Max: 0.0, Diff: 0.0, Sum: 0.1]
      [GC Worker Total (ms): Min: 0.0, Avg: 4.2, Max: 5.1, Diff: 5.1, Sum: 75.9]
      [GC Worker End (ms): Min: 23988.4, Avg: 23988.5, Max: 23988.6, Diff: 0.2]
   [Code Root Fixup: 0.0 ms]
   [Code Root Purge: 0.0 ms]
   [Clear CT: 0.8 ms]
   [Other: 2.8 ms]
      [Choose CSet: 0.1 ms]
      [Ref Proc: 2.0 ms]
      [Ref Enq: 0.0 ms]
      [Redirty Cards: 0.7 ms]
      [Humongous Register: 0.0 ms]
      [Humongous Reclaim: 0.0 ms]
      [Free CSet: 0.0 ms]
   [Eden: 2048.0K(2048.0K)->0.0B(2048.0K) Survivors: 1024.0K->1024.0K Heap: 44506.7K(65536.0K)->36969.8K(65536.0K)]
 [Times: user=0.09 sys=0.01, real=0.02 secs] 
2026-06-17T09:49:01.803+0800: 24.004: [GC pause (G1 Evacuation Pause) (mixed), 0.0167998 secs]
   [Parallel Time: 11.7 ms, GC Workers: 18]
      [GC Worker Start (ms): Min: 24003.8, Avg: 24005.9, Max: 24013.3, Diff: 9.5]
      [Ext Root Scanning (ms): Min: 0.0, Avg: 0.0, Max: 0.1, Diff: 0.1, Sum: 0.4]
      [Update RS (ms): Min: 0.0, Avg: 0.0, Max: 0.0, Diff: 0.0, Sum: 0.0]
         [Processed Buffers: Min: 0, Avg: 0.2, Max: 3, Diff: 3, Sum: 4]
      [Scan RS (ms): Min: 0.0, Avg: 0.0, Max: 0.0, Diff: 0.0, Sum: 0.0]
      [Code Root Scanning (ms): Min: 0.0, Avg: 0.0, Max: 0.0, Diff: 0.0, Sum: 0.0]
      [Object Copy (ms): Min: 0.0, Avg: 0.1, Max: 0.3, Diff: 0.3, Sum: 1.1]
      [Termination (ms): Min: 0.0, Avg: 7.5, Max: 9.4, Diff: 9.4, Sum: 134.7]
         [Termination Attempts: Min: 1, Avg: 1.0, Max: 1, Diff: 0, Sum: 18]
      [GC Worker Other (ms): Min: 0.0, Avg: 0.0, Max: 0.0, Diff: 0.0, Sum: 0.2]
      [GC Worker Total (ms): Min: 0.0, Avg: 7.6, Max: 9.9, Diff: 9.9, Sum: 136.4]
      [GC Worker End (ms): Min: 24013.3, Avg: 24013.5, Max: 24013.7, Diff: 0.4]
   [Code Root Fixup: 0.0 ms]
   [Code Root Purge: 0.0 ms]
   [Clear CT: 1.8 ms]
   [Other: 3.3 ms]
      [Choose CSet: 0.0 ms]
      [Ref Proc: 2.8 ms]
      [Ref Enq: 0.0 ms]
      [Redirty Cards: 0.5 ms]
      [Humongous Register: 0.0 ms]
      [Humongous Reclaim: 0.0 ms]
      [Free CSet: 0.0 ms]
   [Eden: 2048.0K(2048.0K)->0.0B(2048.0K) Survivors: 1024.0K->1024.0K Heap: 39017.8K(65536.0K)->37861.7K(65536.0K)]
 [Times: user=0.16 sys=0.00, real=0.01 secs] 
2026-06-17T09:49:01.821+0800: 24.022: [GC pause (G1 Evacuation Pause) (mixed), 0.0079373 secs]
   [Parallel Time: 2.6 ms, GC Workers: 18]
      [GC Worker Start (ms): Min: 24022.1, Avg: 24023.1, Max: 24024.1, Diff: 2.0]
      [Ext Root Scanning (ms): Min: 0.0, Avg: 0.0, Max: 0.2, Diff: 0.2, Sum: 0.4]
      [Update RS (ms): Min: 0.0, Avg: 0.0, Max: 0.0, Diff: 0.0, Sum: 0.0]
         [Processed Buffers: Min: 0, Avg: 0.3, Max: 2, Diff: 2, Sum: 5]
      [Scan RS (ms): Min: 0.0, Avg: 0.0, Max: 0.0, Diff: 0.0, Sum: 0.1]
      [Code Root Scanning (ms): Min: 0.0, Avg: 0.0, Max: 0.0, Diff: 0.0, Sum: 0.0]
      [Object Copy (ms): Min: 0.0, Avg: 0.0, Max: 0.1, Diff: 0.1, Sum: 0.4]
      [Termination (ms): Min: 0.0, Avg: 1.1, Max: 2.1, Diff: 2.1, Sum: 20.5]
         [Termination Attempts: Min: 1, Avg: 1.0, Max: 1, Diff: 0, Sum: 18]
      [GC Worker Other (ms): Min: 0.0, Avg: 0.0, Max: 0.0, Diff: 0.0, Sum: 0.1]
      [GC Worker Total (ms): Min: 0.0, Avg: 1.2, Max: 2.4, Diff: 2.4, Sum: 21.5]
      [GC Worker End (ms): Min: 24024.1, Avg: 24024.2, Max: 24024.6, Diff: 0.4]
   [Code Root Fixup: 0.0 ms]
   [Code Root Purge: 0.0 ms]
   [Clear CT: 1.1 ms]
   [Other: 4.2 ms]
      [Choose CSet: 0.0 ms]
      [Ref Proc: 3.6 ms]
      [Ref Enq: 0.0 ms]
      [Redirty Cards: 0.5 ms]
      [Humongous Register: 0.0 ms]
      [Humongous Reclaim: 0.0 ms]
      [Free CSet: 0.0 ms]
   [Eden: 2048.0K(2048.0K)->0.0B(6144.0K) Survivors: 1024.0K->1024.0K Heap: 39909.7K(65536.0K)->38275.7K(65536.0K)]
 [Times: user=0.06 sys=0.00, real=0.01 secs] 
2026-06-17T09:49:01.851+0800: 24.052: [GC pause (G1 Evacuation Pause) (young), 0.0166179 secs]
   [Parallel Time: 10.1 ms, GC Workers: 18]
      [GC Worker Start (ms): Min: 24052.0, Avg: 24054.2, Max: 24060.3, Diff: 8.3]
      [Ext Root Scanning (ms): Min: 0.0, Avg: 0.0, Max: 0.4, Diff: 0.4, Sum: 0.8]
      [Update RS (ms): Min: 0.0, Avg: 0.0, Max: 0.1, Diff: 0.1, Sum: 0.3]
         [Processed Buffers: Min: 0, Avg: 0.2, Max: 2, Diff: 2, Sum: 4]
      [Scan RS (ms): Min: 0.0, Avg: 0.0, Max: 0.0, Diff: 0.0, Sum: 0.0]
      [Code Root Scanning (ms): Min: 0.0, Avg: 0.0, Max: 0.0, Diff: 0.0, Sum: 0.0]
      [Object Copy (ms): Min: 0.0, Avg: 0.0, Max: 0.2, Diff: 0.2, Sum: 0.7]
      [Termination (ms): Min: 0.0, Avg: 6.3, Max: 8.5, Diff: 8.5, Sum: 113.0]
         [Termination Attempts: Min: 1, Avg: 1.0, Max: 1, Diff: 0, Sum: 18]
      [GC Worker Other (ms): Min: 0.0, Avg: 0.0, Max: 0.0, Diff: 0.0, Sum: 0.2]
      [GC Worker Total (ms): Min: 0.0, Avg: 6.4, Max: 8.8, Diff: 8.8, Sum: 115.0]
      [GC Worker End (ms): Min: 24060.3, Avg: 24060.6, Max: 24061.1, Diff: 0.8]
   [Code Root Fixup: 0.0 ms]
   [Code Root Purge: 0.0 ms]
   [Clear CT: 1.2 ms]
   [Other: 5.3 ms]
      [Choose CSet: 0.0 ms]
      [Ref Proc: 4.5 ms]
      [Ref Enq: 0.0 ms]
      [Redirty Cards: 0.8 ms]
      [Humongous Register: 0.0 ms]
      [Humongous Reclaim: 0.0 ms]
      [Free CSet: 0.0 ms]
   [Eden: 6144.0K(6144.0K)->0.0B(5120.0K) Survivors: 1024.0K->1024.0K Heap: 44419.7K(65536.0K)->40963.7K(65536.0K)]
 [Times: user=0.16 sys=0.00, real=0.01 secs] 
2026-06-17T09:49:01.879+0800: 24.080: [GC pause (G1 Evacuation Pause) (young) (initial-mark), 0.0161235 secs]
   [Parallel Time: 10.4 ms, GC Workers: 18]
      [GC Worker Start (ms): Min: 24080.2, Avg: 24080.7, Max: 24081.1, Diff: 0.9]
      [Ext Root Scanning (ms): Min: 0.0, Avg: 2.1, Max: 7.2, Diff: 7.2, Sum: 37.9]
      [Update RS (ms): Min: 0.0, Avg: 0.0, Max: 0.0, Diff: 0.0, Sum: 0.0]
         [Processed Buffers: Min: 0, Avg: 0.2, Max: 3, Diff: 3, Sum: 3]
      [Scan RS (ms): Min: 0.0, Avg: 0.0, Max: 0.0, Diff: 0.0, Sum: 0.0]
      [Code Root Scanning (ms): Min: 0.0, Avg: 0.0, Max: 0.0, Diff: 0.0, Sum: 0.0]
      [Object Copy (ms): Min: 0.0, Avg: 0.0, Max: 0.3, Diff: 0.3, Sum: 0.7]
      [Termination (ms): Min: 0.0, Avg: 5.7, Max: 7.5, Diff: 7.5, Sum: 101.8]
         [Termination Attempts: Min: 1, Avg: 1.1, Max: 3, Diff: 2, Sum: 20]
      [GC Worker Other (ms): Min: 0.0, Avg: 0.0, Max: 0.0, Diff: 0.0, Sum: 0.2]
      [GC Worker Total (ms): Min: 7.2, Avg: 7.8, Max: 8.7, Diff: 1.5, Sum: 140.6]
      [GC Worker End (ms): Min: 24088.3, Avg: 24088.6, Max: 24088.9, Diff: 0.6]
   [Code Root Fixup: 0.0 ms]
   [Code Root Purge: 0.0 ms]
   [Clear CT: 0.8 ms]
   [Other: 4.9 ms]
      [Choose CSet: 0.0 ms]
      [Ref Proc: 4.2 ms]
      [Ref Enq: 0.0 ms]
      [Redirty Cards: 0.7 ms]
      [Humongous Register: 0.0 ms]
      [Humongous Reclaim: 0.0 ms]
      [Free CSet: 0.0 ms]
   [Eden: 5120.0K(5120.0K)->0.0B(3072.0K) Survivors: 1024.0K->1024.0K Heap: 46083.7K(65536.0K)->44075.7K(65536.0K)]
 [Times: user=0.13 sys=0.00, real=0.02 secs] 
2026-06-17T09:49:01.896+0800: 24.097: [GC concurrent-root-region-scan-start]
2026-06-17T09:49:01.896+0800: 24.098: [GC concurrent-root-region-scan-end, 0.0002834 secs]
2026-06-17T09:49:01.896+0800: 24.098: [GC concurrent-mark-start]
2026-06-17T09:49:01.897+0800: 24.098: [GC concurrent-mark-end, 0.0002806 secs]
2026-06-17T09:49:01.897+0800: 24.098: [GC remark 2026-06-17T09:49:01.897+0800: 24.098: [Finalize Marking, 0.0097666 secs] 2026-06-17T09:49:01.908+0800: 24.109: [GC ref-proc, 0.0009205 secs] 2026-06-17T09:49:01.909+0800: 24.111: [Unloading, 0.0023943 secs], 0.0164136 secs]
 [Times: user=0.12 sys=0.01, real=0.02 secs] 
2026-06-17T09:49:01.915+0800: 24.116: [GC pause (G1 Evacuation Pause) (young), 0.0085974 secs]
   [Parallel Time: 3.5 ms, GC Workers: 18]
      [GC Worker Start (ms): Min: 24115.9, Avg: 24116.8, Max: 24118.1, Diff: 2.2]
      [Ext Root Scanning (ms): Min: 0.0, Avg: 0.0, Max: 0.1, Diff: 0.1, Sum: 0.3]
      [Update RS (ms): Min: 0.0, Avg: 0.0, Max: 0.0, Diff: 0.0, Sum: 0.0]
         [Processed Buffers: Min: 0, Avg: 0.2, Max: 2, Diff: 2, Sum: 4]
      [Scan RS (ms): Min: 0.0, Avg: 0.0, Max: 0.0, Diff: 0.0, Sum: 0.0]
      [Code Root Scanning (ms): Min: 0.0, Avg: 0.0, Max: 0.0, Diff: 0.0, Sum: 0.0]
      [Object Copy (ms): Min: 0.0, Avg: 0.0, Max: 0.1, Diff: 0.1, Sum: 0.4]
      [Termination (ms): Min: 0.0, Avg: 1.5, Max: 2.3, Diff: 2.3, Sum: 26.3]
         [Termination Attempts: Min: 1, Avg: 1.0, Max: 1, Diff: 0, Sum: 18]
      [GC Worker Other (ms): Min: 0.0, Avg: 0.0, Max: 0.0, Diff: 0.0, Sum: 0.1]
      [GC Worker Total (ms): Min: 0.0, Avg: 1.5, Max: 2.5, Diff: 2.5, Sum: 27.2]
      [GC Worker End (ms): Min: 24118.1, Avg: 24118.3, Max: 24118.5, Diff: 0.4]
   [Code Root Fixup: 0.0 ms]
   [Code Root Purge: 0.0 ms]
   [Clear CT: 1.4 ms]
   [Other: 3.7 ms]
      [Choose CSet: 0.0 ms]
      [Ref Proc: 3.1 ms]
      [Ref Enq: 0.0 ms]
      [Redirty Cards: 0.5 ms]
      [Humongous Register: 0.0 ms]
      [Humongous Reclaim: 0.0 ms]
      [Free CSet: 0.0 ms]
   [Eden: 3072.0K(3072.0K)->0.0B(6144.0K) Survivors: 1024.0K->1024.0K Heap: 48270.7K(65536.0K)->42069.6K(65536.0K)]
 [Times: user=0.05 sys=0.00, real=0.01 secs] 
2026-06-17T09:49:01.924+0800: 24.126: [GC cleanup 42609K->36465K(65536K), 0.0029336 secs]
 [Times: user=0.00 sys=0.00, real=0.00 secs] 
2026-06-17T09:49:01.929+0800: 24.130: [GC concurrent-cleanup-start]
2026-06-17T09:49:01.929+0800: 24.130: [GC concurrent-cleanup-end, 0.0000111 secs]
2026-06-17T09:49:01.939+0800: 24.141: [GC pause (G1 Evacuation Pause) (young), 0.0184263 secs]
   [Parallel Time: 12.1 ms, GC Workers: 18]
      [GC Worker Start (ms): Min: 24140.8, Avg: 24142.6, Max: 24150.4, Diff: 9.6]
      [Ext Root Scanning (ms): Min: 0.0, Avg: 0.0, Max: 0.2, Diff: 0.2, Sum: 0.5]
      [Update RS (ms): Min: 0.0, Avg: 0.0, Max: 0.1, Diff: 0.1, Sum: 0.1]
         [Processed Buffers: Min: 0, Avg: 0.2, Max: 1, Diff: 1, Sum: 3]
      [Scan RS (ms): Min: 0.0, Avg: 0.0, Max: 0.0, Diff: 0.0, Sum: 0.0]
      [Code Root Scanning (ms): Min: 0.0, Avg: 0.0, Max: 0.0, Diff: 0.0, Sum: 0.0]
      [Object Copy (ms): Min: 0.0, Avg: 0.0, Max: 0.1, Diff: 0.1, Sum: 0.5]
      [Termination (ms): Min: 0.0, Avg: 7.8, Max: 9.5, Diff: 9.5, Sum: 140.8]
         [Termination Attempts: Min: 1, Avg: 1.0, Max: 1, Diff: 0, Sum: 18]
      [GC Worker Other (ms): Min: 0.0, Avg: 0.0, Max: 0.0, Diff: 0.0, Sum: 0.2]
      [GC Worker Total (ms): Min: 0.0, Avg: 7.9, Max: 9.7, Diff: 9.7, Sum: 142.1]
      [GC Worker End (ms): Min: 24150.4, Avg: 24150.5, Max: 24150.9, Diff: 0.5]
   [Code Root Fixup: 0.0 ms]
   [Code Root Purge: 0.0 ms]
   [Clear CT: 0.7 ms]
   [Other: 5.5 ms]
      [Choose CSet: 0.0 ms]
      [Ref Proc: 4.9 ms]
      [Ref Enq: 0.0 ms]
      [Redirty Cards: 0.6 ms]
      [Humongous Register: 0.0 ms]
      [Humongous Reclaim: 0.0 ms]
      [Free CSet: 0.0 ms]
   [Eden: 6144.0K(6144.0K)->0.0B(2048.0K) Survivors: 1024.0K->1024.0K Heap: 42069.6K(65536.0K)->38286.6K(65536.0K)]
 [Times: user=0.18 sys=0.01, real=0.02 secs] 
2026-06-17T09:49:01.959+0800: 24.160: [GC pause (G1 Evacuation Pause) (mixed), 0.0116324 secs]
   [Parallel Time: 7.2 ms, GC Workers: 18]
      [GC Worker Start (ms): Min: 24160.2, Avg: 24161.7, Max: 24166.1, Diff: 5.9]
      [Ext Root Scanning (ms): Min: 0.0, Avg: 0.0, Max: 0.2, Diff: 0.2, Sum: 0.4]
      [Update RS (ms): Min: 0.0, Avg: 0.0, Max: 0.0, Diff: 0.0, Sum: 0.0]
         [Processed Buffers: Min: 0, Avg: 0.2, Max: 1, Diff: 1, Sum: 3]
      [Scan RS (ms): Min: 0.0, Avg: 0.0, Max: 0.0, Diff: 0.0, Sum: 0.0]
      [Code Root Scanning (ms): Min: 0.0, Avg: 0.0, Max: 0.0, Diff: 0.0, Sum: 0.0]
      [Object Copy (ms): Min: 0.0, Avg: 0.0, Max: 0.1, Diff: 0.1, Sum: 0.4]
      [Termination (ms): Min: 0.0, Avg: 4.6, Max: 6.0, Diff: 6.0, Sum: 81.9]
         [Termination Attempts: Min: 1, Avg: 1.0, Max: 1, Diff: 0, Sum: 18]
      [GC Worker Other (ms): Min: 0.0, Avg: 0.0, Max: 0.0, Diff: 0.0, Sum: 0.1]
      [GC Worker Total (ms): Min: 0.0, Avg: 4.6, Max: 6.3, Diff: 6.2, Sum: 82.9]
      [GC Worker End (ms): Min: 24166.1, Avg: 24166.3, Max: 24166.5, Diff: 0.4]
   [Code Root Fixup: 0.0 ms]
   [Code Root Purge: 0.0 ms]
   [Clear CT: 1.0 ms]
   [Other: 3.4 ms]
      [Choose CSet: 0.0 ms]
      [Ref Proc: 2.8 ms]
      [Ref Enq: 0.0 ms]
      [Redirty Cards: 0.6 ms]
      [Humongous Register: 0.0 ms]
      [Humongous Reclaim: 0.0 ms]
      [Free CSet: 0.0 ms]
   [Eden: 2048.0K(2048.0K)->0.0B(9216.0K) Survivors: 1024.0K->1024.0K Heap: 40334.6K(65536.0K)->37089.7K(65536.0K)]
 [Times: user=0.10 sys=0.01, real=0.02 secs] 
2026-06-17T09:49:02.004+0800: 24.205: [GC pause (G1 Evacuation Pause) (young), 0.0133155 secs]
   [Parallel Time: 9.5 ms, GC Workers: 18]
      [GC Worker Start (ms): Min: 24205.0, Avg: 24207.1, Max: 24213.8, Diff: 8.8]
      [Ext Root Scanning (ms): Min: 0.0, Avg: 0.1, Max: 0.4, Diff: 0.4, Sum: 1.0]
      [Update RS (ms): Min: 0.0, Avg: 0.0, Max: 0.0, Diff: 0.0, Sum: 0.1]
         [Processed Buffers: Min: 0, Avg: 0.3, Max: 2, Diff: 2, Sum: 5]
      [Scan RS (ms): Min: 0.0, Avg: 0.0, Max: 0.0, Diff: 0.0, Sum: 0.0]
      [Code Root Scanning (ms): Min: 0.0, Avg: 0.0, Max: 0.0, Diff: 0.0, Sum: 0.0]
      [Object Copy (ms): Min: 0.0, Avg: 0.0, Max: 0.1, Diff: 0.1, Sum: 0.5]
      [Termination (ms): Min: 0.0, Avg: 6.7, Max: 8.3, Diff: 8.3, Sum: 120.7]
         [Termination Attempts: Min: 1, Avg: 1.0, Max: 1, Diff: 0, Sum: 18]
      [GC Worker Other (ms): Min: 0.0, Avg: 0.0, Max: 0.0, Diff: 0.0, Sum: 0.1]
      [GC Worker Total (ms): Min: 0.0, Avg: 6.8, Max: 8.9, Diff: 8.9, Sum: 122.5]
      [GC Worker End (ms): Min: 24213.8, Avg: 24213.9, Max: 24214.1, Diff: 0.3]
   [Code Root Fixup: 0.0 ms]
   [Code Root Purge: 0.0 ms]
   [Clear CT: 0.9 ms]
   [Other: 2.9 ms]
      [Choose CSet: 0.0 ms]
      [Ref Proc: 2.1 ms]
      [Ref Enq: 0.0 ms]
      [Redirty Cards: 0.7 ms]
      [Humongous Register: 0.0 ms]
      [Humongous Reclaim: 0.0 ms]
      [Free CSet: 0.0 ms]
   [Eden: 9216.0K(9216.0K)->0.0B(9216.0K) Survivors: 1024.0K->2048.0K Heap: 46305.7K(65536.0K)->39034.6K(65536.0K)]
 [Times: user=0.13 sys=0.01, real=0.01 secs] 
2026-06-17T09:49:02.040+0800: 24.241: [GC pause (G1 Evacuation Pause) (young) (initial-mark), 0.0168969 secs]
   [Parallel Time: 11.0 ms, GC Workers: 18]
      [GC Worker Start (ms): Min: 24241.2, Avg: 24242.5, Max: 24243.6, Diff: 2.4]
      [Ext Root Scanning (ms): Min: 0.0, Avg: 3.2, Max: 7.2, Diff: 7.2, Sum: 58.0]
      [Update RS (ms): Min: 0.0, Avg: 0.0, Max: 0.1, Diff: 0.1, Sum: 0.1]
         [Processed Buffers: Min: 0, Avg: 0.1, Max: 2, Diff: 2, Sum: 2]
      [Scan RS (ms): Min: 0.0, Avg: 0.0, Max: 0.0, Diff: 0.0, Sum: 0.0]
      [Code Root Scanning (ms): Min: 0.0, Avg: 0.0, Max: 0.0, Diff: 0.0, Sum: 0.0]
      [Object Copy (ms): Min: 0.0, Avg: 0.0, Max: 0.3, Diff: 0.3, Sum: 0.8]
      [Termination (ms): Min: 0.0, Avg: 5.1, Max: 7.0, Diff: 7.0, Sum: 91.7]
         [Termination Attempts: Min: 1, Avg: 1.0, Max: 1, Diff: 0, Sum: 18]
      [GC Worker Other (ms): Min: 0.0, Avg: 0.0, Max: 0.0, Diff: 0.0, Sum: 0.2]
      [GC Worker Total (ms): Min: 7.2, Avg: 8.4, Max: 9.7, Diff: 2.5, Sum: 150.8]
      [GC Worker End (ms): Min: 24250.8, Avg: 24250.9, Max: 24251.1, Diff: 0.4]
   [Code Root Fixup: 0.0 ms]
   [Code Root Purge: 0.0 ms]
   [Clear CT: 1.4 ms]
   [Other: 4.5 ms]
      [Choose CSet: 0.0 ms]
      [Ref Proc: 3.8 ms]
      [Ref Enq: 0.0 ms]
      [Redirty Cards: 0.6 ms]
      [Humongous Register: 0.0 ms]
      [Humongous Reclaim: 0.0 ms]
      [Free CSet: 0.0 ms]
   [Eden: 9216.0K(9216.0K)->0.0B(8192.0K) Survivors: 2048.0K->2048.0K Heap: 48250.6K(65536.0K)->40803.6K(65536.0K)]
 [Times: user=0.12 sys=0.01, real=0.02 secs] 
2026-06-17T09:49:02.058+0800: 24.259: [GC concurrent-root-region-scan-start]
2026-06-17T09:49:02.058+0800: 24.260: [GC concurrent-root-region-scan-end, 0.0002920 secs]
2026-06-17T09:49:02.058+0800: 24.260: [GC concurrent-mark-start]
2026-06-17T09:49:02.059+0800: 24.260: [GC concurrent-mark-end, 0.0004990 secs]
2026-06-17T09:49:02.059+0800: 24.260: [GC remark 2026-06-17T09:49:02.060+0800: 24.261: [Finalize Marking, 0.0017531 secs] 2026-06-17T09:49:02.062+0800: 24.263: [GC ref-proc, 0.0007207 secs] 2026-06-17T09:49:02.063+0800: 24.264: [Unloading, 0.0014626 secs], 0.0065565 secs]
 [Times: user=0.01 sys=0.00, real=0.01 secs] 
2026-06-17T09:49:02.066+0800: 24.268: [GC cleanup 43868K->34652K(65536K), 0.0026652 secs]
 [Times: user=0.00 sys=0.00, real=0.00 secs] 
2026-06-17T09:49:02.070+0800: 24.271: [GC concurrent-cleanup-start]
2026-06-17T09:49:02.070+0800: 24.271: [GC concurrent-cleanup-end, 0.0000103 secs]
2026-06-17T09:49:02.070+0800: 24.272: [GC pause (G1 Evacuation Pause) (young), 0.0140695 secs]
   [Parallel Time: 8.6 ms, GC Workers: 18]
      [GC Worker Start (ms): Min: 24271.8, Avg: 24273.4, Max: 24279.2, Diff: 7.4]
      [Ext Root Scanning (ms): Min: 0.0, Avg: 0.0, Max: 0.1, Diff: 0.1, Sum: 0.4]
      [Update RS (ms): Min: 0.0, Avg: 0.0, Max: 0.0, Diff: 0.0, Sum: 0.0]
         [Processed Buffers: Min: 0, Avg: 0.2, Max: 1, Diff: 1, Sum: 3]
      [Scan RS (ms): Min: 0.0, Avg: 0.0, Max: 0.0, Diff: 0.0, Sum: 0.0]
      [Code Root Scanning (ms): Min: 0.0, Avg: 0.0, Max: 0.0, Diff: 0.0, Sum: 0.0]
      [Object Copy (ms): Min: 0.0, Avg: 0.0, Max: 0.1, Diff: 0.1, Sum: 0.4]
      [Termination (ms): Min: 0.0, Avg: 5.8, Max: 7.5, Diff: 7.5, Sum: 104.9]
         [Termination Attempts: Min: 1, Avg: 1.0, Max: 1, Diff: 0, Sum: 18]
      [GC Worker Other (ms): Min: 0.0, Avg: 0.0, Max: 0.0, Diff: 0.0, Sum: 0.1]
      [GC Worker Total (ms): Min: 0.0, Avg: 5.9, Max: 7.7, Diff: 7.6, Sum: 105.9]
      [GC Worker End (ms): Min: 24279.2, Avg: 24279.3, Max: 24279.6, Diff: 0.4]
   [Code Root Fixup: 0.0 ms]
   [Code Root Purge: 0.0 ms]
   [Clear CT: 0.9 ms]
   [Other: 4.6 ms]
      [Choose CSet: 0.0 ms]
      [Ref Proc: 4.1 ms]
      [Ref Enq: 0.0 ms]
      [Redirty Cards: 0.5 ms]
      [Humongous Register: 0.0 ms]
      [Humongous Reclaim: 0.0 ms]
      [Free CSet: 0.0 ms]
   [Eden: 8192.0K(8192.0K)->0.0B(2048.0K) Survivors: 2048.0K->2048.0K Heap: 39779.6K(65536.0K)->33158.6K(65536.0K)]
 [Times: user=0.14 sys=0.01, real=0.01 secs] 
2026-06-17T09:49:02.096+0800: 24.297: [GC pause (G1 Evacuation Pause) (mixed), 0.0136936 secs]
   [Parallel Time: 8.9 ms, GC Workers: 18]
      [GC Worker Start (ms): Min: 24297.3, Avg: 24299.2, Max: 24304.3, Diff: 7.0]
      [Ext Root Scanning (ms): Min: 0.0, Avg: 0.0, Max: 0.2, Diff: 0.2, Sum: 0.4]
      [Update RS (ms): Min: 0.0, Avg: 0.0, Max: 0.0, Diff: 0.0, Sum: 0.0]
         [Processed Buffers: Min: 0, Avg: 0.1, Max: 1, Diff: 1, Sum: 2]
      [Scan RS (ms): Min: 0.0, Avg: 0.0, Max: 0.0, Diff: 0.0, Sum: 0.1]
      [Code Root Scanning (ms): Min: 0.0, Avg: 0.0, Max: 0.0, Diff: 0.0, Sum: 0.0]
      [Object Copy (ms): Min: 0.0, Avg: 0.0, Max: 0.3, Diff: 0.3, Sum: 0.9]
      [Termination (ms): Min: 0.0, Avg: 5.3, Max: 7.4, Diff: 7.4, Sum: 95.1]
         [Termination Attempts: Min: 1, Avg: 1.0, Max: 1, Diff: 0, Sum: 18]
      [GC Worker Other (ms): Min: 0.0, Avg: 0.0, Max: 0.0, Diff: 0.0, Sum: 0.2]
      [GC Worker Total (ms): Min: 0.0, Avg: 5.4, Max: 7.8, Diff: 7.8, Sum: 96.7]
      [GC Worker End (ms): Min: 24304.4, Avg: 24304.6, Max: 24305.1, Diff: 0.7]
   [Code Root Fixup: 0.0 ms]
   [Code Root Purge: 0.0 ms]
   [Clear CT: 0.8 ms]
   [Other: 4.0 ms]
      [Choose CSet: 0.0 ms]
      [Ref Proc: 3.4 ms]
      [Ref Enq: 0.0 ms]
      [Redirty Cards: 0.5 ms]
      [Humongous Register: 0.0 ms]
      [Humongous Reclaim: 0.0 ms]
      [Free CSet: 0.0 ms]
   [Eden: 2048.0K(2048.0K)->0.0B(2048.0K) Survivors: 2048.0K->1024.0K Heap: 35206.6K(65536.0K)->31000.6K(65536.0K)]
 [Times: user=0.12 sys=0.01, real=0.01 secs] 
2026-06-17T09:49:02.121+0800: 24.322: [GC pause (G1 Evacuation Pause) (mixed), 0.0148261 secs]
   [Parallel Time: 8.3 ms, GC Workers: 18]
      [GC Worker Start (ms): Min: 24322.6, Avg: 24324.3, Max: 24327.8, Diff: 5.2]
      [Ext Root Scanning (ms): Min: 0.0, Avg: 0.0, Max: 0.2, Diff: 0.2, Sum: 0.5]
      [Update RS (ms): Min: 0.0, Avg: 0.0, Max: 0.0, Diff: 0.0, Sum: 0.1]
         [Processed Buffers: Min: 0, Avg: 0.3, Max: 3, Diff: 3, Sum: 5]
      [Scan RS (ms): Min: 0.0, Avg: 0.0, Max: 0.0, Diff: 0.0, Sum: 0.1]
      [Code Root Scanning (ms): Min: 0.0, Avg: 0.0, Max: 0.0, Diff: 0.0, Sum: 0.0]
      [Object Copy (ms): Min: 0.0, Avg: 0.0, Max: 0.1, Diff: 0.1, Sum: 0.4]
      [Termination (ms): Min: 0.0, Avg: 3.8, Max: 5.5, Diff: 5.5, Sum: 69.1]
         [Termination Attempts: Min: 1, Avg: 1.0, Max: 1, Diff: 0, Sum: 18]
      [GC Worker Other (ms): Min: 0.0, Avg: 0.0, Max: 0.0, Diff: 0.0, Sum: 0.2]
      [GC Worker Total (ms): Min: 0.0, Avg: 3.9, Max: 5.8, Diff: 5.8, Sum: 70.4]
      [GC Worker End (ms): Min: 24327.8, Avg: 24328.2, Max: 24328.7, Diff: 0.9]
   [Code Root Fixup: 0.0 ms]
   [Code Root Purge: 0.0 ms]
   [Clear CT: 1.7 ms]
   [Other: 4.9 ms]
      [Choose CSet: 0.0 ms]
      [Ref Proc: 4.1 ms]
      [Ref Enq: 0.0 ms]
      [Redirty Cards: 0.7 ms]
      [Humongous Register: 0.0 ms]
      [Humongous Reclaim: 0.0 ms]
      [Free CSet: 0.0 ms]
   [Eden: 2048.0K(2048.0K)->0.0B(16384.0K) Survivors: 1024.0K->1024.0K Heap: 33048.6K(65536.0K)->28049.8K(65536.0K)]
 [Times: user=0.10 sys=0.00, real=0.02 secs] 
2026-06-17T09:49:02.180+0800: 24.381: [GC pause (G1 Evacuation Pause) (young), 0.0152090 secs]
   [Parallel Time: 7.7 ms, GC Workers: 18]
      [GC Worker Start (ms): Min: 24381.4, Avg: 24383.0, Max: 24387.1, Diff: 5.7]
      [Ext Root Scanning (ms): Min: 0.0, Avg: 0.1, Max: 0.5, Diff: 0.5, Sum: 1.2]
      [Update RS (ms): Min: 0.0, Avg: 0.0, Max: 0.2, Diff: 0.2, Sum: 0.3]
         [Processed Buffers: Min: 0, Avg: 0.2, Max: 1, Diff: 1, Sum: 4]
      [Scan RS (ms): Min: 0.0, Avg: 0.0, Max: 0.0, Diff: 0.0, Sum: 0.1]
      [Code Root Scanning (ms): Min: 0.0, Avg: 0.0, Max: 0.0, Diff: 0.0, Sum: 0.0]
      [Object Copy (ms): Min: 0.0, Avg: 0.0, Max: 0.2, Diff: 0.2, Sum: 0.6]
      [Termination (ms): Min: 0.0, Avg: 4.2, Max: 5.5, Diff: 5.5, Sum: 75.5]
         [Termination Attempts: Min: 1, Avg: 1.0, Max: 1, Diff: 0, Sum: 18]
      [GC Worker Other (ms): Min: 0.0, Avg: 0.0, Max: 0.0, Diff: 0.0, Sum: 0.2]
      [GC Worker Total (ms): Min: 0.0, Avg: 4.3, Max: 6.2, Diff: 6.1, Sum: 77.8]
      [GC Worker End (ms): Min: 24387.1, Avg: 24387.3, Max: 24387.7, Diff: 0.5]
   [Code Root Fixup: 0.0 ms]
   [Code Root Purge: 0.0 ms]
   [Clear CT: 1.6 ms]
   [Other: 6.0 ms]
      [Choose CSet: 0.0 ms]
      [Ref Proc: 5.0 ms]
      [Ref Enq: 0.0 ms]
      [Redirty Cards: 0.9 ms]
      [Humongous Register: 0.0 ms]
      [Humongous Reclaim: 0.0 ms]
      [Free CSet: 0.0 ms]
   [Eden: 16384.0K(16384.0K)->0.0B(16384.0K) Survivors: 1024.0K->3072.0K Heap: 44433.8K(65536.0K)->30425.6K(65536.0K)]
 [Times: user=0.12 sys=0.01, real=0.02 secs] 
2026-06-17T09:49:02.228+0800: 24.430: [GC pause (G1 Evacuation Pause) (young) (initial-mark), 0.0192148 secs]
   [Parallel Time: 10.1 ms, GC Workers: 18]
      [GC Worker Start (ms): Min: 24429.9, Avg: 24431.0, Max: 24431.7, Diff: 1.8]
      [Ext Root Scanning (ms): Min: 0.0, Avg: 2.1, Max: 6.6, Diff: 6.6, Sum: 37.5]
      [Update RS (ms): Min: 0.0, Avg: 0.0, Max: 0.0, Diff: 0.0, Sum: 0.0]
         [Processed Buffers: Min: 0, Avg: 0.1, Max: 2, Diff: 2, Sum: 2]
      [Scan RS (ms): Min: 0.0, Avg: 0.0, Max: 0.0, Diff: 0.0, Sum: 0.0]
      [Code Root Scanning (ms): Min: 0.0, Avg: 0.0, Max: 0.0, Diff: 0.0, Sum: 0.0]
      [Object Copy (ms): Min: 0.0, Avg: 0.0, Max: 0.3, Diff: 0.3, Sum: 0.6]
      [Termination (ms): Min: 0.0, Avg: 5.3, Max: 6.4, Diff: 6.4, Sum: 95.1]
         [Termination Attempts: Min: 1, Avg: 1.0, Max: 1, Diff: 0, Sum: 18]
      [GC Worker Other (ms): Min: 0.0, Avg: 0.0, Max: 0.0, Diff: 0.0, Sum: 0.2]
      [GC Worker Total (ms): Min: 6.6, Avg: 7.4, Max: 8.6, Diff: 2.0, Sum: 133.4]
      [GC Worker End (ms): Min: 24438.2, Avg: 24438.4, Max: 24438.8, Diff: 0.6]
   [Code Root Fixup: 0.0 ms]
   [Code Root Purge: 0.0 ms]
   [Clear CT: 1.5 ms]
   [Other: 7.7 ms]
      [Choose CSet: 0.0 ms]
      [Ref Proc: 6.6 ms]
      [Ref Enq: 0.0 ms]
      [Redirty Cards: 0.9 ms]
      [Humongous Register: 0.0 ms]
      [Humongous Reclaim: 0.0 ms]
      [Free CSet: 0.0 ms]
   [Eden: 16384.0K(16384.0K)->0.0B(14336.0K) Survivors: 3072.0K->3072.0K Heap: 46809.6K(65536.0K)->32657.7K(65536.0K)]
 [Times: user=0.16 sys=0.01, real=0.02 secs] 
2026-06-17T09:49:02.249+0800: 24.450: [GC concurrent-root-region-scan-start]
2026-06-17T09:49:02.249+0800: 24.450: [GC concurrent-root-region-scan-end, 0.0003107 secs]
2026-06-17T09:49:02.249+0800: 24.450: [GC concurrent-mark-start]
2026-06-17T09:49:02.250+0800: 24.451: [GC concurrent-mark-end, 0.0006124 secs]
2026-06-17T09:49:02.250+0800: 24.451: [GC remark 2026-06-17T09:49:02.250+0800: 24.451: [Finalize Marking, 0.0080293 secs] 2026-06-17T09:49:02.259+0800: 24.460: [GC ref-proc, 0.0007438 secs] 2026-06-17T09:49:02.260+0800: 24.461: [Unloading, 0.0018056 secs], 0.0132555 secs]
 [Times: user=0.08 sys=0.00, real=0.02 secs] 
2026-06-17T09:49:02.265+0800: 24.466: [GC cleanup 36740K->36740K(65536K), 0.0031670 secs]
 [Times: user=0.00 sys=0.00, real=0.00 secs] 
2026-06-17T09:49:02.301+0800: 24.503: [GC pause (G1 Evacuation Pause) (young), 0.0169140 secs]
   [Parallel Time: 8.0 ms, GC Workers: 18]
      [GC Worker Start (ms): Min: 24502.9, Avg: 24504.9, Max: 24508.2, Diff: 5.3]
      [Ext Root Scanning (ms): Min: 0.0, Avg: 0.1, Max: 0.5, Diff: 0.5, Sum: 1.0]
      [Update RS (ms): Min: 0.0, Avg: 0.0, Max: 0.0, Diff: 0.0, Sum: 0.1]
         [Processed Buffers: Min: 0, Avg: 0.2, Max: 1, Diff: 1, Sum: 3]
      [Scan RS (ms): Min: 0.0, Avg: 0.0, Max: 0.0, Diff: 0.0, Sum: 0.1]
      [Code Root Scanning (ms): Min: 0.0, Avg: 0.0, Max: 0.0, Diff: 0.0, Sum: 0.0]
      [Object Copy (ms): Min: 0.0, Avg: 0.1, Max: 0.5, Diff: 0.5, Sum: 2.1]
      [Termination (ms): Min: 0.0, Avg: 3.3, Max: 4.4, Diff: 4.4, Sum: 58.8]
         [Termination Attempts: Min: 1, Avg: 1.0, Max: 1, Diff: 0, Sum: 18]
      [GC Worker Other (ms): Min: 0.0, Avg: 0.0, Max: 0.1, Diff: 0.1, Sum: 0.3]
      [GC Worker Total (ms): Min: 0.0, Avg: 3.5, Max: 5.5, Diff: 5.5, Sum: 62.3]
      [GC Worker End (ms): Min: 24508.3, Avg: 24508.4, Max: 24508.9, Diff: 0.6]
   [Code Root Fixup: 0.0 ms]
   [Code Root Purge: 0.0 ms]
   [Clear CT: 2.3 ms]
   [Other: 6.7 ms]
      [Choose CSet: 0.0 ms]
      [Ref Proc: 5.4 ms]
      [Ref Enq: 0.0 ms]
      [Redirty Cards: 1.1 ms]
      [Humongous Register: 0.0 ms]
      [Humongous Reclaim: 0.0 ms]
      [Free CSet: 0.0 ms]
   [Eden: 14336.0K(14336.0K)->0.0B(1024.0K) Survivors: 3072.0K->3072.0K Heap: 48387.7K(65536.0K)->38987.6K(65536.0K)]
 [Times: user=0.10 sys=0.01, real=0.02 secs] 
2026-06-17T09:49:02.320+0800: 24.521: [GC pause (G1 Evacuation Pause) (mixed), 0.0094731 secs]
   [Parallel Time: 2.6 ms, GC Workers: 18]
      [GC Worker Start (ms): Min: 24520.9, Avg: 24521.8, Max: 24522.9, Diff: 1.9]
      [Ext Root Scanning (ms): Min: 0.0, Avg: 0.0, Max: 0.2, Diff: 0.2, Sum: 0.6]
      [Update RS (ms): Min: 0.0, Avg: 0.0, Max: 0.0, Diff: 0.0, Sum: 0.0]
         [Processed Buffers: Min: 0, Avg: 0.2, Max: 2, Diff: 2, Sum: 4]
      [Scan RS (ms): Min: 0.0, Avg: 0.0, Max: 0.0, Diff: 0.0, Sum: 0.0]
      [Code Root Scanning (ms): Min: 0.0, Avg: 0.0, Max: 0.0, Diff: 0.0, Sum: 0.0]
      [Object Copy (ms): Min: 0.0, Avg: 0.1, Max: 0.2, Diff: 0.2, Sum: 1.1]
      [Termination (ms): Min: 0.0, Avg: 1.2, Max: 1.9, Diff: 1.9, Sum: 21.5]
         [Termination Attempts: Min: 1, Avg: 1.0, Max: 1, Diff: 0, Sum: 18]
      [GC Worker Other (ms): Min: 0.0, Avg: 0.0, Max: 0.0, Diff: 0.0, Sum: 0.2]
      [GC Worker Total (ms): Min: 0.0, Avg: 1.3, Max: 2.3, Diff: 2.3, Sum: 23.4]
      [GC Worker End (ms): Min: 24522.9, Avg: 24523.1, Max: 24523.3, Diff: 0.4]
   [Code Root Fixup: 0.0 ms]
   [Code Root Purge: 0.0 ms]
   [Clear CT: 0.7 ms]
   [Other: 6.1 ms]
      [Choose CSet: 0.0 ms]
      [Ref Proc: 5.4 ms]
      [Ref Enq: 0.0 ms]
      [Redirty Cards: 0.6 ms]
      [Humongous Register: 0.0 ms]
      [Humongous Reclaim: 0.0 ms]
      [Free CSet: 0.0 ms]
   [Eden: 1024.0K(1024.0K)->0.0B(11264.0K) Survivors: 3072.0K->1024.0K Heap: 40011.6K(65536.0K)->36277.0K(65536.0K)]
 [Times: user=0.07 sys=0.01, real=0.01 secs] 
2026-06-17T09:49:02.351+0800: 24.552: [GC pause (G1 Evacuation Pause) (young), 0.0144118 secs]
   [Parallel Time: 9.3 ms, GC Workers: 18]
      [GC Worker Start (ms): Min: 24552.5, Avg: 24553.7, Max: 24559.6, Diff: 7.1]
      [Ext Root Scanning (ms): Min: 0.0, Avg: 0.0, Max: 0.2, Diff: 0.2, Sum: 0.5]
      [Update RS (ms): Min: 0.0, Avg: 0.0, Max: 0.0, Diff: 0.0, Sum: 0.1]
         [Processed Buffers: Min: 0, Avg: 0.3, Max: 2, Diff: 2, Sum: 6]
      [Scan RS (ms): Min: 0.0, Avg: 0.0, Max: 0.0, Diff: 0.0, Sum: 0.0]
      [Code Root Scanning (ms): Min: 0.0, Avg: 0.0, Max: 0.0, Diff: 0.0, Sum: 0.0]
      [Object Copy (ms): Min: 0.0, Avg: 0.0, Max: 0.2, Diff: 0.2, Sum: 0.8]
      [Termination (ms): Min: 0.0, Avg: 6.1, Max: 7.1, Diff: 7.1, Sum: 108.9]
         [Termination Attempts: Min: 1, Avg: 1.0, Max: 1, Diff: 0, Sum: 18]
      [GC Worker Other (ms): Min: 0.0, Avg: 0.0, Max: 0.0, Diff: 0.0, Sum: 0.2]
      [GC Worker Total (ms): Min: 0.0, Avg: 6.1, Max: 7.3, Diff: 7.3, Sum: 110.6]
      [GC Worker End (ms): Min: 24559.6, Avg: 24559.9, Max: 24560.1, Diff: 0.5]
   [Code Root Fixup: 0.0 ms]
   [Code Root Purge: 0.0 ms]
   [Clear CT: 1.7 ms]
   [Other: 3.4 ms]
      [Choose CSet: 0.0 ms]
      [Ref Proc: 2.4 ms]
      [Ref Enq: 0.0 ms]
      [Redirty Cards: 0.9 ms]
      [Humongous Register: 0.0 ms]
      [Humongous Reclaim: 0.0 ms]
      [Free CSet: 0.0 ms]
   [Eden: 11264.0K(11264.0K)->0.0B(9216.0K) Survivors: 1024.0K->2048.0K Heap: 47541.0K(65536.0K)->39835.6K(65536.0K)]
 [Times: user=0.12 sys=0.00, real=0.01 secs] 
2026-06-17T09:49:02.399+0800: 24.600: [GC pause (G1 Evacuation Pause) (young) (initial-mark), 0.0191376 secs]
   [Parallel Time: 11.6 ms, GC Workers: 18]
      [GC Worker Start (ms): Min: 24600.3, Avg: 24601.6, Max: 24602.8, Diff: 2.5]
      [Ext Root Scanning (ms): Min: 0.0, Avg: 3.0, Max: 6.8, Diff: 6.7, Sum: 54.6]
      [Update RS (ms): Min: 0.0, Avg: 0.0, Max: 0.0, Diff: 0.0, Sum: 0.1]
         [Processed Buffers: Min: 0, Avg: 0.2, Max: 3, Diff: 3, Sum: 3]
      [Scan RS (ms): Min: 0.0, Avg: 0.0, Max: 0.0, Diff: 0.0, Sum: 0.0]
      [Code Root Scanning (ms): Min: 0.0, Avg: 0.0, Max: 0.0, Diff: 0.0, Sum: 0.0]
      [Object Copy (ms): Min: 0.0, Avg: 0.0, Max: 0.4, Diff: 0.4, Sum: 0.8]
      [Termination (ms): Min: 0.0, Avg: 4.9, Max: 6.3, Diff: 6.3, Sum: 87.4]
         [Termination Attempts: Min: 1, Avg: 1.0, Max: 1, Diff: 0, Sum: 18]
      [GC Worker Other (ms): Min: 0.0, Avg: 0.0, Max: 0.0, Diff: 0.0, Sum: 0.2]
      [GC Worker Total (ms): Min: 6.7, Avg: 8.0, Max: 9.8, Diff: 3.1, Sum: 143.1]
      [GC Worker End (ms): Min: 24609.4, Avg: 24609.6, Max: 24610.1, Diff: 0.6]
   [Code Root Fixup: 0.0 ms]
   [Code Root Purge: 0.0 ms]
   [Clear CT: 1.7 ms]
   [Other: 5.9 ms]
      [Choose CSet: 0.0 ms]
      [Ref Proc: 4.7 ms]
      [Ref Enq: 0.0 ms]
      [Redirty Cards: 1.0 ms]
      [Humongous Register: 0.0 ms]
      [Humongous Reclaim: 0.0 ms]
      [Free CSet: 0.0 ms]
   [Eden: 9216.0K(9216.0K)->0.0B(8192.0K) Survivors: 2048.0K->2048.0K Heap: 49051.6K(65536.0K)->41598.9K(65536.0K)]
 [Times: user=0.13 sys=0.01, real=0.02 secs] 
2026-06-17T09:49:02.419+0800: 24.621: [GC concurrent-root-region-scan-start]
2026-06-17T09:49:02.420+0800: 24.621: [GC concurrent-root-region-scan-end, 0.0003265 secs]
2026-06-17T09:49:02.420+0800: 24.621: [GC concurrent-mark-start]
2026-06-17T09:49:02.420+0800: 24.622: [GC concurrent-mark-end, 0.0004968 secs]
2026-06-17T09:49:02.420+0800: 24.622: [GC remark 2026-06-17T09:49:02.421+0800: 24.622: [Finalize Marking, 0.0062469 secs] 2026-06-17T09:49:02.428+0800: 24.629: [GC ref-proc, 0.0008955 secs] 2026-06-17T09:49:02.430+0800: 24.631: [Unloading, 0.0017517 secs], 0.0120419 secs]
 [Times: user=0.07 sys=0.00, real=0.02 secs] 
2026-06-17T09:49:02.434+0800: 24.635: [GC cleanup 47667K->41523K(65536K), 0.0027971 secs]
 [Times: user=0.00 sys=0.00, real=0.00 secs] 
2026-06-17T09:49:02.438+0800: 24.639: [GC concurrent-cleanup-start]
2026-06-17T09:49:02.438+0800: 24.639: [GC concurrent-cleanup-end, 0.0000088 secs]
2026-06-17T09:49:02.438+0800: 24.639: [GC pause (G1 Evacuation Pause) (young), 0.0104464 secs]
   [Parallel Time: 6.3 ms, GC Workers: 18]
      [GC Worker Start (ms): Min: 24639.0, Avg: 24640.1, Max: 24644.1, Diff: 5.1]
      [Ext Root Scanning (ms): Min: 0.0, Avg: 0.0, Max: 0.1, Diff: 0.1, Sum: 0.4]
      [Update RS (ms): Min: 0.0, Avg: 0.0, Max: 0.0, Diff: 0.0, Sum: 0.0]
         [Processed Buffers: Min: 0, Avg: 0.2, Max: 1, Diff: 1, Sum: 3]
      [Scan RS (ms): Min: 0.0, Avg: 0.0, Max: 0.0, Diff: 0.0, Sum: 0.0]
      [Code Root Scanning (ms): Min: 0.0, Avg: 0.0, Max: 0.0, Diff: 0.0, Sum: 0.0]
      [Object Copy (ms): Min: 0.0, Avg: 0.0, Max: 0.2, Diff: 0.2, Sum: 0.8]
      [Termination (ms): Min: 0.0, Avg: 4.0, Max: 5.1, Diff: 5.1, Sum: 72.7]
         [Termination Attempts: Min: 1, Avg: 1.0, Max: 1, Diff: 0, Sum: 18]
      [GC Worker Other (ms): Min: 0.0, Avg: 0.0, Max: 0.0, Diff: 0.0, Sum: 0.2]
      [GC Worker Total (ms): Min: 0.0, Avg: 4.1, Max: 5.3, Diff: 5.3, Sum: 74.1]
      [GC Worker End (ms): Min: 24644.1, Avg: 24644.3, Max: 24644.5, Diff: 0.4]
   [Code Root Fixup: 0.0 ms]
   [Code Root Purge: 0.0 ms]
   [Clear CT: 1.2 ms]
   [Other: 3.0 ms]
      [Choose CSet: 0.0 ms]
      [Ref Proc: 2.4 ms]
      [Ref Enq: 0.0 ms]
      [Redirty Cards: 0.5 ms]
      [Humongous Register: 0.0 ms]
      [Humongous Reclaim: 0.0 ms]
      [Free CSet: 0.0 ms]
   [Eden: 8192.0K(8192.0K)->0.0B(1024.0K) Survivors: 2048.0K->2048.0K Heap: 43646.9K(65536.0K)->40414.6K(65536.0K)]
 [Times: user=0.10 sys=0.00, real=0.01 secs] 
2026-06-17T09:49:02.459+0800: 24.661: [GC pause (G1 Evacuation Pause) (mixed), 0.0154724 secs]
   [Parallel Time: 9.8 ms, GC Workers: 18]
      [GC Worker Start (ms): Min: 24660.6, Avg: 24662.0, Max: 24668.3, Diff: 7.7]
      [Ext Root Scanning (ms): Min: 0.0, Avg: 0.0, Max: 0.2, Diff: 0.2, Sum: 0.6]
      [Update RS (ms): Min: 0.0, Avg: 0.0, Max: 0.0, Diff: 0.0, Sum: 0.0]
         [Processed Buffers: Min: 0, Avg: 0.2, Max: 1, Diff: 1, Sum: 3]
      [Scan RS (ms): Min: 0.0, Avg: 0.0, Max: 0.0, Diff: 0.0, Sum: 0.1]
      [Code Root Scanning (ms): Min: 0.0, Avg: 0.0, Max: 0.0, Diff: 0.0, Sum: 0.0]
      [Object Copy (ms): Min: 0.0, Avg: 0.0, Max: 0.1, Diff: 0.1, Sum: 0.6]
      [Termination (ms): Min: 0.0, Avg: 6.4, Max: 7.9, Diff: 7.9, Sum: 115.4]
         [Termination Attempts: Min: 1, Avg: 1.0, Max: 1, Diff: 0, Sum: 18]
      [GC Worker Other (ms): Min: 0.0, Avg: 0.0, Max: 0.0, Diff: 0.0, Sum: 0.2]
      [GC Worker Total (ms): Min: 0.0, Avg: 6.5, Max: 8.2, Diff: 8.1, Sum: 116.9]
      [GC Worker End (ms): Min: 24668.3, Avg: 24668.5, Max: 24669.1, Diff: 0.8]
   [Code Root Fixup: 0.0 ms]
   [Code Root Purge: 0.0 ms]
   [Clear CT: 1.2 ms]
   [Other: 4.5 ms]
      [Choose CSet: 0.0 ms]
      [Ref Proc: 3.8 ms]
      [Ref Enq: 0.0 ms]
      [Redirty Cards: 0.6 ms]
      [Humongous Register: 0.0 ms]
      [Humongous Reclaim: 0.0 ms]
      [Free CSet: 0.0 ms]
   [Eden: 1024.0K(1024.0K)->0.0B(2048.0K) Survivors: 2048.0K->1024.0K Heap: 41438.6K(65536.0K)->36391.3K(65536.0K)]
 [Times: user=0.15 sys=0.00, real=0.02 secs] 
2026-06-17T09:49:02.476+0800: 24.677: [GC pause (G1 Evacuation Pause) (mixed), 0.0101094 secs]
   [Parallel Time: 4.1 ms, GC Workers: 18]
      [GC Worker Start (ms): Min: 24677.5, Avg: 24678.7, Max: 24680.1, Diff: 2.6]
      [Ext Root Scanning (ms): Min: 0.0, Avg: 0.0, Max: 0.1, Diff: 0.1, Sum: 0.4]
      [Update RS (ms): Min: 0.0, Avg: 0.0, Max: 0.0, Diff: 0.0, Sum: 0.0]
         [Processed Buffers: Min: 0, Avg: 0.3, Max: 2, Diff: 2, Sum: 5]
      [Scan RS (ms): Min: 0.0, Avg: 0.0, Max: 0.0, Diff: 0.0, Sum: 0.1]
      [Code Root Scanning (ms): Min: 0.0, Avg: 0.0, Max: 0.0, Diff: 0.0, Sum: 0.0]
      [Object Copy (ms): Min: 0.0, Avg: 0.0, Max: 0.2, Diff: 0.2, Sum: 0.6]
      [Termination (ms): Min: 0.0, Avg: 1.4, Max: 2.4, Diff: 2.4, Sum: 25.2]
         [Termination Attempts: Min: 1, Avg: 1.0, Max: 1, Diff: 0, Sum: 18]
      [GC Worker Other (ms): Min: 0.0, Avg: 0.0, Max: 0.0, Diff: 0.0, Sum: 0.1]
      [GC Worker Total (ms): Min: 0.0, Avg: 1.5, Max: 2.7, Diff: 2.7, Sum: 26.5]
      [GC Worker End (ms): Min: 24680.1, Avg: 24680.2, Max: 24680.4, Diff: 0.3]
   [Code Root Fixup: 0.0 ms]
   [Code Root Purge: 0.0 ms]
   [Clear CT: 0.8 ms]
   [Other: 5.2 ms]
      [Choose CSet: 0.0 ms]
      [Ref Proc: 4.6 ms]
      [Ref Enq: 0.0 ms]
      [Redirty Cards: 0.5 ms]
      [Humongous Register: 0.0 ms]
      [Humongous Reclaim: 0.0 ms]
      [Free CSet: 0.0 ms]
   [Eden: 2048.0K(2048.0K)->0.0B(12288.0K) Survivors: 1024.0K->1024.0K Heap: 38439.3K(65536.0K)->34917.6K(65536.0K)]
 [Times: user=0.07 sys=0.00, real=0.01 secs] 
2026-06-17T09:49:02.520+0800: 24.721: [GC pause (G1 Evacuation Pause) (young), 0.0198320 secs]
   [Parallel Time: 9.6 ms, GC Workers: 18]
      [GC Worker Start (ms): Min: 24721.3, Avg: 24723.1, Max: 24727.9, Diff: 6.6]
      [Ext Root Scanning (ms): Min: 0.0, Avg: 0.1, Max: 0.6, Diff: 0.6, Sum: 1.4]
      [Update RS (ms): Min: 0.0, Avg: 0.0, Max: 0.3, Diff: 0.3, Sum: 0.6]
         [Processed Buffers: Min: 0, Avg: 0.3, Max: 3, Diff: 3, Sum: 6]
      [Scan RS (ms): Min: 0.0, Avg: 0.0, Max: 0.0, Diff: 0.0, Sum: 0.1]
      [Code Root Scanning (ms): Min: 0.0, Avg: 0.0, Max: 0.0, Diff: 0.0, Sum: 0.0]
      [Object Copy (ms): Min: 0.0, Avg: 0.1, Max: 0.5, Diff: 0.4, Sum: 1.7]
      [Termination (ms): Min: 0.0, Avg: 4.8, Max: 6.3, Diff: 6.3, Sum: 85.6]
         [Termination Attempts: Min: 1, Avg: 1.0, Max: 1, Diff: 0, Sum: 18]
      [GC Worker Other (ms): Min: 0.0, Avg: 0.0, Max: 0.0, Diff: 0.0, Sum: 0.2]
      [GC Worker Total (ms): Min: 0.0, Avg: 5.0, Max: 7.5, Diff: 7.4, Sum: 89.6]
      [GC Worker End (ms): Min: 24727.9, Avg: 24728.1, Max: 24728.7, Diff: 0.8]
   [Code Root Fixup: 0.0 ms]
   [Code Root Purge: 0.0 ms]
   [Clear CT: 3.0 ms]
   [Other: 7.3 ms]
      [Choose CSet: 0.0 ms]
      [Ref Proc: 5.1 ms]
      [Ref Enq: 0.0 ms]
      [Redirty Cards: 2.0 ms]
      [Humongous Register: 0.0 ms]
      [Humongous Reclaim: 0.0 ms]
      [Free CSet: 0.0 ms]
   [Eden: 12288.0K(12288.0K)->0.0B(7168.0K) Survivors: 1024.0K->2048.0K Heap: 47205.6K(65536.0K)->40144.6K(65536.0K)]
 [Times: user=0.13 sys=0.00, real=0.02 secs] 
2026-06-17T09:49:02.562+0800: 24.764: [GC pause (G1 Evacuation Pause) (young) (initial-mark), 0.0237109 secs]
   [Parallel Time: 15.7 ms, GC Workers: 18]
      [GC Worker Start (ms): Min: 24764.1, Avg: 24765.5, Max: 24766.5, Diff: 2.4]
      [Ext Root Scanning (ms): Min: 0.0, Avg: 5.9, Max: 10.9, Diff: 10.8, Sum: 105.7]
      [Update RS (ms): Min: 0.0, Avg: 0.0, Max: 0.0, Diff: 0.0, Sum: 0.1]
         [Processed Buffers: Min: 0, Avg: 0.2, Max: 4, Diff: 4, Sum: 4]
      [Scan RS (ms): Min: 0.0, Avg: 0.0, Max: 0.0, Diff: 0.0, Sum: 0.0]
      [Code Root Scanning (ms): Min: 0.0, Avg: 0.0, Max: 0.0, Diff: 0.0, Sum: 0.0]
      [Object Copy (ms): Min: 0.0, Avg: 0.0, Max: 0.4, Diff: 0.4, Sum: 0.7]
      [Termination (ms): Min: 0.0, Avg: 6.2, Max: 10.8, Diff: 10.8, Sum: 111.1]
         [Termination Attempts: Min: 1, Avg: 1.0, Max: 1, Diff: 0, Sum: 18]
      [GC Worker Other (ms): Min: 0.0, Avg: 0.0, Max: 0.1, Diff: 0.1, Sum: 0.3]
      [GC Worker Total (ms): Min: 10.8, Avg: 12.1, Max: 13.6, Diff: 2.8, Sum: 217.9]
      [GC Worker End (ms): Min: 24777.2, Avg: 24777.6, Max: 24778.1, Diff: 0.9]
   [Code Root Fixup: 0.0 ms]
   [Code Root Purge: 0.0 ms]
   [Clear CT: 1.5 ms]
   [Other: 6.6 ms]
      [Choose CSet: 0.0 ms]
      [Ref Proc: 5.4 ms]
      [Ref Enq: 0.0 ms]
      [Redirty Cards: 0.9 ms]
      [Humongous Register: 0.0 ms]
      [Humongous Reclaim: 0.0 ms]
      [Free CSet: 0.0 ms]
   [Eden: 7168.0K(7168.0K)->0.0B(7168.0K) Survivors: 2048.0K->2048.0K Heap: 47312.6K(65536.0K)->41730.6K(65536.0K)]
 [Times: user=0.16 sys=0.01, real=0.03 secs] 
2026-06-17T09:49:02.587+0800: 24.789: [GC concurrent-root-region-scan-start]
2026-06-17T09:49:02.588+0800: 24.789: [GC concurrent-root-region-scan-end, 0.0003191 secs]
2026-06-17T09:49:02.588+0800: 24.789: [GC concurrent-mark-start]
2026-06-17T09:49:02.588+0800: 24.789: [GC concurrent-mark-end, 0.0003648 secs]
2026-06-17T09:49:02.588+0800: 24.789: [GC remark 2026-06-17T09:49:02.589+0800: 24.790: [Finalize Marking, 0.0091106 secs] 2026-06-17T09:49:02.598+0800: 24.800: [GC ref-proc, 0.0010076 secs] 2026-06-17T09:49:02.600+0800: 24.802: [Unloading, 0.0024408 secs], 0.0159632 secs]
 [Times: user=0.07 sys=0.01, real=0.02 secs] 
2026-06-17T09:49:02.605+0800: 24.807: [GC cleanup 45776K->41680K(65536K), 0.0026248 secs]
 [Times: user=0.00 sys=0.00, real=0.00 secs] 
2026-06-17T09:49:02.609+0800: 24.810: [GC concurrent-cleanup-start]
2026-06-17T09:49:02.609+0800: 24.810: [GC concurrent-cleanup-end, 0.0000083 secs]
2026-06-17T09:49:02.619+0800: 24.820: [GC pause (G1 Evacuation Pause) (young), 0.0204820 secs]
   [Parallel Time: 13.2 ms, GC Workers: 18]
      [GC Worker Start (ms): Min: 24820.5, Avg: 24824.1, Max: 24830.7, Diff: 10.2]
      [Ext Root Scanning (ms): Min: 0.0, Avg: 0.0, Max: 0.2, Diff: 0.2, Sum: 0.3]
      [Update RS (ms): Min: 0.0, Avg: 0.0, Max: 0.0, Diff: 0.0, Sum: 0.0]
         [Processed Buffers: Min: 0, Avg: 0.2, Max: 1, Diff: 1, Sum: 3]
      [Scan RS (ms): Min: 0.0, Avg: 0.0, Max: 0.0, Diff: 0.0, Sum: 0.0]
      [Code Root Scanning (ms): Min: 0.0, Avg: 0.0, Max: 0.0, Diff: 0.0, Sum: 0.0]
      [Object Copy (ms): Min: 0.0, Avg: 0.0, Max: 0.1, Diff: 0.1, Sum: 0.3]
      [Termination (ms): Min: 0.0, Avg: 6.9, Max: 10.3, Diff: 10.3, Sum: 124.6]
         [Termination Attempts: Min: 1, Avg: 1.0, Max: 1, Diff: 0, Sum: 18]
      [GC Worker Other (ms): Min: 0.0, Avg: 0.0, Max: 0.0, Diff: 0.0, Sum: 0.2]
      [GC Worker Total (ms): Min: 0.0, Avg: 7.0, Max: 10.5, Diff: 10.5, Sum: 125.5]
      [GC Worker End (ms): Min: 24830.8, Avg: 24831.0, Max: 24831.5, Diff: 0.8]
   [Code Root Fixup: 0.0 ms]
   [Code Root Purge: 0.0 ms]
   [Clear CT: 1.1 ms]
   [Other: 6.2 ms]
      [Choose CSet: 0.0 ms]
      [Ref Proc: 5.7 ms]
      [Ref Enq: 0.0 ms]
      [Redirty Cards: 0.5 ms]
      [Humongous Register: 0.0 ms]
      [Humongous Reclaim: 0.0 ms]
      [Free CSet: 0.0 ms]
   [Eden: 7168.0K(7168.0K)->0.0B(2048.0K) Survivors: 2048.0K->1024.0K Heap: 45858.6K(65536.0K)->38880.8K(65536.0K)]
 [Times: user=0.18 sys=0.00, real=0.02 secs] 
2026-06-17T09:49:02.641+0800: 24.842: [GC pause (G1 Evacuation Pause) (mixed), 0.0149398 secs]
   [Parallel Time: 8.7 ms, GC Workers: 18]
      [GC Worker Start (ms): Min: 24842.4, Avg: 24844.1, Max: 24848.9, Diff: 6.5]
      [Ext Root Scanning (ms): Min: 0.0, Avg: 0.0, Max: 0.1, Diff: 0.1, Sum: 0.4]
      [Update RS (ms): Min: 0.0, Avg: 0.0, Max: 0.0, Diff: 0.0, Sum: 0.0]
         [Processed Buffers: Min: 0, Avg: 0.2, Max: 1, Diff: 1, Sum: 3]
      [Scan RS (ms): Min: 0.0, Avg: 0.0, Max: 0.0, Diff: 0.0, Sum: 0.0]
      [Code Root Scanning (ms): Min: 0.0, Avg: 0.0, Max: 0.0, Diff: 0.0, Sum: 0.0]
      [Object Copy (ms): Min: 0.0, Avg: 0.0, Max: 0.2, Diff: 0.2, Sum: 0.8]
      [Termination (ms): Min: 0.0, Avg: 4.9, Max: 6.6, Diff: 6.6, Sum: 87.6]
         [Termination Attempts: Min: 1, Avg: 1.1, Max: 2, Diff: 1, Sum: 19]
      [GC Worker Other (ms): Min: 0.0, Avg: 0.0, Max: 0.0, Diff: 0.0, Sum: 0.2]
      [GC Worker Total (ms): Min: 0.0, Avg: 4.9, Max: 6.8, Diff: 6.7, Sum: 89.0]
      [GC Worker End (ms): Min: 24848.9, Avg: 24849.1, Max: 24849.3, Diff: 0.4]
   [Code Root Fixup: 0.0 ms]
   [Code Root Purge: 0.0 ms]
   [Clear CT: 1.3 ms]
   [Other: 5.0 ms]
      [Choose CSet: 0.0 ms]
      [Ref Proc: 4.1 ms]
      [Ref Enq: 0.0 ms]
      [Redirty Cards: 0.8 ms]
      [Humongous Register: 0.0 ms]
      [Humongous Reclaim: 0.0 ms]
      [Free CSet: 0.0 ms]
   [Eden: 2048.0K(2048.0K)->0.0B(2048.0K) Survivors: 1024.0K->1024.0K Heap: 40928.8K(65536.0K)->37834.6K(65536.0K)]
 [Times: user=0.11 sys=0.02, real=0.02 secs] 
2026-06-17T09:49:02.657+0800: 24.858: [GC pause (G1 Evacuation Pause) (mixed), 0.0113120 secs]
   [Parallel Time: 4.8 ms, GC Workers: 18]
      [GC Worker Start (ms): Min: 24858.2, Avg: 24859.5, Max: 24862.0, Diff: 3.8]
      [Ext Root Scanning (ms): Min: 0.0, Avg: 0.0, Max: 0.2, Diff: 0.1, Sum: 0.2]
      [Update RS (ms): Min: 0.0, Avg: 0.0, Max: 0.0, Diff: 0.0, Sum: 0.0]
         [Processed Buffers: Min: 0, Avg: 0.3, Max: 4, Diff: 4, Sum: 5]
      [Scan RS (ms): Min: 0.0, Avg: 0.0, Max: 0.0, Diff: 0.0, Sum: 0.0]
      [Code Root Scanning (ms): Min: 0.0, Avg: 0.0, Max: 0.0, Diff: 0.0, Sum: 0.0]
      [Object Copy (ms): Min: 0.0, Avg: 0.0, Max: 0.1, Diff: 0.1, Sum: 0.3]
      [Termination (ms): Min: 0.0, Avg: 2.6, Max: 3.8, Diff: 3.8, Sum: 46.0]
         [Termination Attempts: Min: 1, Avg: 1.0, Max: 1, Diff: 0, Sum: 18]
      [GC Worker Other (ms): Min: 0.0, Avg: 0.0, Max: 0.0, Diff: 0.0, Sum: 0.1]
      [GC Worker Total (ms): Min: 0.0, Avg: 2.6, Max: 3.9, Diff: 3.9, Sum: 46.7]
      [GC Worker End (ms): Min: 24862.0, Avg: 24862.1, Max: 24862.3, Diff: 0.3]
   [Code Root Fixup: 0.0 ms]
   [Code Root Purge: 0.0 ms]
   [Clear CT: 1.1 ms]
   [Other: 5.4 ms]
      [Choose CSet: 0.0 ms]
      [Ref Proc: 4.8 ms]
      [Ref Enq: 0.0 ms]
      [Redirty Cards: 0.5 ms]
      [Humongous Register: 0.0 ms]
      [Humongous Reclaim: 0.0 ms]
      [Free CSet: 0.0 ms]
   [Eden: 2048.0K(2048.0K)->0.0B(11264.0K) Survivors: 1024.0K->1024.0K Heap: 39882.6K(65536.0K)->36527.7K(65536.0K)]
 [Times: user=0.10 sys=0.00, real=0.01 secs] 
2026-06-17T09:49:02.700+0800: 24.902: [GC pause (G1 Evacuation Pause) (young), 0.0128258 secs]
   [Parallel Time: 5.8 ms, GC Workers: 18]
      [GC Worker Start (ms): Min: 24901.8, Avg: 24903.6, Max: 24905.5, Diff: 3.7]
      [Ext Root Scanning (ms): Min: 0.0, Avg: 0.1, Max: 0.4, Diff: 0.4, Sum: 1.0]
      [Update RS (ms): Min: 0.0, Avg: 0.0, Max: 0.0, Diff: 0.0, Sum: 0.1]
         [Processed Buffers: Min: 0, Avg: 0.2, Max: 1, Diff: 1, Sum: 3]
      [Scan RS (ms): Min: 0.0, Avg: 0.0, Max: 0.0, Diff: 0.0, Sum: 0.0]
      [Code Root Scanning (ms): Min: 0.0, Avg: 0.0, Max: 0.0, Diff: 0.0, Sum: 0.0]
      [Object Copy (ms): Min: 0.0, Avg: 0.1, Max: 0.3, Diff: 0.3, Sum: 1.0]
      [Termination (ms): Min: 0.0, Avg: 2.0, Max: 3.4, Diff: 3.4, Sum: 35.8]
         [Termination Attempts: Min: 1, Avg: 1.0, Max: 1, Diff: 0, Sum: 18]
      [GC Worker Other (ms): Min: 0.0, Avg: 0.0, Max: 0.0, Diff: 0.0, Sum: 0.2]
      [GC Worker Total (ms): Min: 0.0, Avg: 2.1, Max: 4.1, Diff: 4.1, Sum: 38.2]
      [GC Worker End (ms): Min: 24905.5, Avg: 24905.7, Max: 24906.2, Diff: 0.6]
   [Code Root Fixup: 0.0 ms]
   [Code Root Purge: 0.0 ms]
   [Clear CT: 1.4 ms]
   [Other: 5.6 ms]
      [Choose CSet: 0.0 ms]
      [Ref Proc: 4.9 ms]
      [Ref Enq: 0.0 ms]
      [Redirty Cards: 0.6 ms]
      [Humongous Register: 0.0 ms]
      [Humongous Reclaim: 0.0 ms]
      [Free CSet: 0.0 ms]
   [Eden: 11264.0K(11264.0K)->0.0B(7168.0K) Survivors: 1024.0K->2048.0K Heap: 47791.7K(65536.0K)->41322.6K(65536.0K)]
 [Times: user=0.08 sys=0.01, real=0.02 secs] 
2026-06-17T09:49:02.725+0800: 24.927: [GC pause (G1 Evacuation Pause) (young) (initial-mark), 0.0137867 secs]
   [Parallel Time: 7.2 ms, GC Workers: 18]
      [GC Worker Start (ms): Min: 24926.7, Avg: 24927.3, Max: 24927.8, Diff: 1.1]
      [Ext Root Scanning (ms): Min: 0.0, Avg: 1.7, Max: 3.7, Diff: 3.7, Sum: 30.7]
      [Update RS (ms): Min: 0.0, Avg: 0.0, Max: 0.0, Diff: 0.0, Sum: 0.0]
         [Processed Buffers: Min: 0, Avg: 0.1, Max: 2, Diff: 2, Sum: 2]
      [Scan RS (ms): Min: 0.0, Avg: 0.0, Max: 0.0, Diff: 0.0, Sum: 0.0]
      [Code Root Scanning (ms): Min: 0.0, Avg: 0.0, Max: 0.0, Diff: 0.0, Sum: 0.0]
      [Object Copy (ms): Min: 0.0, Avg: 0.1, Max: 0.5, Diff: 0.5, Sum: 1.5]
      [Termination (ms): Min: 0.0, Avg: 2.5, Max: 3.5, Diff: 3.5, Sum: 44.3]
         [Termination Attempts: Min: 1, Avg: 1.0, Max: 1, Diff: 0, Sum: 18]
      [GC Worker Other (ms): Min: 0.0, Avg: 0.0, Max: 0.4, Diff: 0.4, Sum: 0.8]
      [GC Worker Total (ms): Min: 3.7, Avg: 4.3, Max: 5.2, Diff: 1.5, Sum: 77.3]
      [GC Worker End (ms): Min: 24931.4, Avg: 24931.6, Max: 24932.1, Diff: 0.7]
   [Code Root Fixup: 0.0 ms]
   [Code Root Purge: 0.0 ms]
   [Clear CT: 1.3 ms]
   [Other: 5.3 ms]
      [Choose CSet: 0.0 ms]
      [Ref Proc: 4.0 ms]
      [Ref Enq: 0.0 ms]
      [Redirty Cards: 1.2 ms]
      [Humongous Register: 0.0 ms]
      [Humongous Reclaim: 0.0 ms]
      [Free CSet: 0.0 ms]
   [Eden: 7168.0K(7168.0K)->0.0B(2048.0K) Survivors: 2048.0K->2048.0K Heap: 48490.6K(65536.0K)->46816.6K(65536.0K)]
 [Times: user=0.08 sys=0.01, real=0.01 secs] 
2026-06-17T09:49:02.740+0800: 24.941: [GC concurrent-root-region-scan-start]
2026-06-17T09:49:02.740+0800: 24.941: [GC concurrent-root-region-scan-end, 0.0002807 secs]
2026-06-17T09:49:02.740+0800: 24.941: [GC concurrent-mark-start]
2026-06-17T09:49:02.741+0800: 24.942: [GC concurrent-mark-end, 0.0004993 secs]
2026-06-17T09:49:02.741+0800: 24.942: [GC remark 2026-06-17T09:49:02.741+0800: 24.942: [Finalize Marking, 0.0042860 secs] 2026-06-17T09:49:02.746+0800: 24.947: [GC ref-proc, 0.0003423 secs] 2026-06-17T09:49:02.747+0800: 24.948: [Unloading, 0.0016022 secs], 0.0082956 secs]
 [Times: user=0.02 sys=0.00, real=0.01 secs] 
2026-06-17T09:49:02.750+0800: 24.951: [GC cleanup 47824K->40656K(65536K), 0.0026801 secs]
 [Times: user=0.00 sys=0.00, real=0.01 secs] 
2026-06-17T09:49:02.754+0800: 24.955: [GC concurrent-cleanup-start]
2026-06-17T09:49:02.754+0800: 24.955: [GC concurrent-cleanup-end, 0.0000098 secs]
2026-06-17T09:49:02.754+0800: 24.955: [GC pause (G1 Evacuation Pause) (young), 0.0102520 secs]
   [Parallel Time: 4.2 ms, GC Workers: 18]
      [GC Worker Start (ms): Min: 24955.5, Avg: 24956.5, Max: 24958.5, Diff: 3.0]
      [Ext Root Scanning (ms): Min: 0.0, Avg: 0.0, Max: 0.1, Diff: 0.1, Sum: 0.4]
      [Update RS (ms): Min: 0.0, Avg: 0.0, Max: 0.0, Diff: 0.0, Sum: 0.0]
         [Processed Buffers: Min: 0, Avg: 0.2, Max: 2, Diff: 2, Sum: 3]
      [Scan RS (ms): Min: 0.0, Avg: 0.0, Max: 0.0, Diff: 0.0, Sum: 0.0]
      [Code Root Scanning (ms): Min: 0.0, Avg: 0.0, Max: 0.0, Diff: 0.0, Sum: 0.0]
      [Object Copy (ms): Min: 0.0, Avg: 0.0, Max: 0.1, Diff: 0.1, Sum: 0.5]
      [Termination (ms): Min: 0.0, Avg: 2.0, Max: 2.9, Diff: 2.9, Sum: 35.8]
         [Termination Attempts: Min: 1, Avg: 1.0, Max: 1, Diff: 0, Sum: 18]
      [GC Worker Other (ms): Min: 0.0, Avg: 0.0, Max: 0.0, Diff: 0.0, Sum: 0.1]
      [GC Worker Total (ms): Min: 0.0, Avg: 2.0, Max: 3.0, Diff: 3.0, Sum: 36.8]
      [GC Worker End (ms): Min: 24958.5, Avg: 24958.6, Max: 24958.9, Diff: 0.4]
   [Code Root Fixup: 0.0 ms]
   [Code Root Purge: 0.0 ms]
   [Clear CT: 1.8 ms]
   [Other: 4.3 ms]
      [Choose CSet: 0.0 ms]
      [Ref Proc: 3.2 ms]
      [Ref Enq: 0.0 ms]
      [Redirty Cards: 1.1 ms]
      [Humongous Register: 0.0 ms]
      [Humongous Reclaim: 0.0 ms]
      [Free CSet: 0.0 ms]
   [Eden: 2048.0K(2048.0K)->0.0B(2048.0K) Survivors: 2048.0K->1024.0K Heap: 41696.6K(65536.0K)->41432.6K(65536.0K)]
 [Times: user=0.05 sys=0.01, real=0.01 secs] 
2026-06-17T09:49:02.775+0800: 24.977: [GC pause (G1 Evacuation Pause) (mixed), 0.0116609 secs]
   [Parallel Time: 5.8 ms, GC Workers: 18]
      [GC Worker Start (ms): Min: 24976.8, Avg: 24978.1, Max: 24980.7, Diff: 3.9]
      [Ext Root Scanning (ms): Min: 0.0, Avg: 0.0, Max: 0.2, Diff: 0.2, Sum: 0.4]
      [Update RS (ms): Min: 0.0, Avg: 0.0, Max: 0.0, Diff: 0.0, Sum: 0.0]
         [Processed Buffers: Min: 0, Avg: 0.2, Max: 2, Diff: 2, Sum: 3]
      [Scan RS (ms): Min: 0.0, Avg: 0.0, Max: 0.0, Diff: 0.0, Sum: 0.0]
      [Code Root Scanning (ms): Min: 0.0, Avg: 0.0, Max: 0.0, Diff: 0.0, Sum: 0.0]
      [Object Copy (ms): Min: 0.0, Avg: 0.0, Max: 0.2, Diff: 0.2, Sum: 0.6]
      [Termination (ms): Min: 0.0, Avg: 2.7, Max: 4.0, Diff: 4.0, Sum: 47.8]
         [Termination Attempts: Min: 1, Avg: 1.0, Max: 1, Diff: 0, Sum: 18]
      [GC Worker Other (ms): Min: 0.0, Avg: 0.0, Max: 0.0, Diff: 0.0, Sum: 0.2]
      [GC Worker Total (ms): Min: 0.0, Avg: 2.7, Max: 4.0, Diff: 4.0, Sum: 49.0]
      [GC Worker End (ms): Min: 24980.7, Avg: 24980.9, Max: 24981.3, Diff: 0.6]
   [Code Root Fixup: 0.0 ms]
   [Code Root Purge: 0.0 ms]
   [Clear CT: 0.9 ms]
   [Other: 4.9 ms]
      [Choose CSet: 0.0 ms]
      [Ref Proc: 4.2 ms]
      [Ref Enq: 0.0 ms]
      [Redirty Cards: 0.6 ms]
      [Humongous Register: 0.0 ms]
      [Humongous Reclaim: 0.0 ms]
      [Free CSet: 0.0 ms]
   [Eden: 2048.0K(2048.0K)->0.0B(2048.0K) Survivors: 1024.0K->1024.0K Heap: 43480.6K(65536.0K)->38080.9K(65536.0K)]
 [Times: user=0.09 sys=0.01, real=0.01 secs] 
2026-06-17T09:49:02.788+0800: 24.990: [GC pause (G1 Evacuation Pause) (mixed), 0.0078157 secs]
   [Parallel Time: 3.3 ms, GC Workers: 18]
      [GC Worker Start (ms): Min: 24989.8, Avg: 24990.9, Max: 24992.3, Diff: 2.5]
      [Ext Root Scanning (ms): Min: 0.0, Avg: 0.0, Max: 0.2, Diff: 0.2, Sum: 0.4]
      [Update RS (ms): Min: 0.0, Avg: 0.0, Max: 0.0, Diff: 0.0, Sum: 0.0]
         [Processed Buffers: Min: 0, Avg: 0.2, Max: 2, Diff: 2, Sum: 4]
      [Scan RS (ms): Min: 0.0, Avg: 0.0, Max: 0.0, Diff: 0.0, Sum: 0.0]
      [Code Root Scanning (ms): Min: 0.0, Avg: 0.0, Max: 0.0, Diff: 0.0, Sum: 0.0]
      [Object Copy (ms): Min: 0.0, Avg: 0.1, Max: 0.3, Diff: 0.3, Sum: 1.0]
      [Termination (ms): Min: 0.0, Avg: 1.6, Max: 2.5, Diff: 2.5, Sum: 28.4]
         [Termination Attempts: Min: 1, Avg: 1.0, Max: 1, Diff: 0, Sum: 18]
      [GC Worker Other (ms): Min: 0.0, Avg: 0.0, Max: 0.0, Diff: 0.0, Sum: 0.2]
      [GC Worker Total (ms): Min: 0.0, Avg: 1.7, Max: 3.0, Diff: 2.9, Sum: 30.1]
      [GC Worker End (ms): Min: 24992.3, Avg: 24992.5, Max: 24992.9, Diff: 0.6]
   [Code Root Fixup: 0.0 ms]
   [Code Root Purge: 0.0 ms]
   [Clear CT: 1.2 ms]
   [Other: 3.3 ms]
      [Choose CSet: 0.0 ms]
      [Ref Proc: 2.7 ms]
      [Ref Enq: 0.0 ms]
      [Redirty Cards: 0.5 ms]
      [Humongous Register: 0.0 ms]
      [Humongous Reclaim: 0.0 ms]
      [Free CSet: 0.0 ms]
   [Eden: 2048.0K(2048.0K)->0.0B(2048.0K) Survivors: 1024.0K->1024.0K Heap: 40128.9K(65536.0K)->38255.6K(65536.0K)]
 [Times: user=0.04 sys=0.00, real=0.01 secs] 
2026-06-17T09:49:02.797+0800: 24.998: [GC pause (G1 Evacuation Pause) (mixed), 0.0072938 secs]
   [Parallel Time: 3.1 ms, GC Workers: 18]
      [GC Worker Start (ms): Min: 24998.5, Avg: 24999.4, Max: 25000.6, Diff: 2.1]
      [Ext Root Scanning (ms): Min: 0.0, Avg: 0.0, Max: 0.2, Diff: 0.1, Sum: 0.4]
      [Update RS (ms): Min: 0.0, Avg: 0.0, Max: 0.0, Diff: 0.0, Sum: 0.0]
         [Processed Buffers: Min: 0, Avg: 0.2, Max: 2, Diff: 2, Sum: 4]
      [Scan RS (ms): Min: 0.0, Avg: 0.0, Max: 0.0, Diff: 0.0, Sum: 0.0]
      [Code Root Scanning (ms): Min: 0.0, Avg: 0.0, Max: 0.0, Diff: 0.0, Sum: 0.0]
      [Object Copy (ms): Min: 0.0, Avg: 0.0, Max: 0.0, Diff: 0.0, Sum: 0.1]
      [Termination (ms): Min: 0.0, Avg: 1.4, Max: 2.1, Diff: 2.1, Sum: 24.6]
         [Termination Attempts: Min: 1, Avg: 1.0, Max: 1, Diff: 0, Sum: 18]
      [GC Worker Other (ms): Min: 0.0, Avg: 0.0, Max: 0.0, Diff: 0.0, Sum: 0.1]
      [GC Worker Total (ms): Min: 0.0, Avg: 1.4, Max: 2.3, Diff: 2.3, Sum: 25.3]
      [GC Worker End (ms): Min: 25000.6, Avg: 25000.8, Max: 25001.0, Diff: 0.4]
   [Code Root Fixup: 0.0 ms]
   [Code Root Purge: 0.0 ms]
   [Clear CT: 1.2 ms]
   [Other: 3.0 ms]
      [Choose CSet: 0.0 ms]
      [Ref Proc: 2.4 ms]
      [Ref Enq: 0.0 ms]
      [Redirty Cards: 0.5 ms]
      [Humongous Register: 0.0 ms]
      [Humongous Reclaim: 0.0 ms]
      [Free CSet: 0.0 ms]
   [Eden: 2048.0K(2048.0K)->0.0B(9216.0K) Survivors: 1024.0K->1024.0K Heap: 40303.6K(65536.0K)->35857.2K(65536.0K)]
 [Times: user=0.05 sys=0.00, real=0.01 secs] 
2026-06-17T09:49:02.837+0800: 25.038: [GC pause (G1 Evacuation Pause) (young), 0.0376427 secs]
   [Parallel Time: 30.0 ms, GC Workers: 18]
      [GC Worker Start (ms): Min: 25038.7, Avg: 25054.9, Max: 25067.7, Diff: 29.0]
      [Ext Root Scanning (ms): Min: 0.0, Avg: 0.1, Max: 0.4, Diff: 0.4, Sum: 0.9]
      [Update RS (ms): Min: 0.0, Avg: 0.0, Max: 0.1, Diff: 0.1, Sum: 0.2]
         [Processed Buffers: Min: 0, Avg: 0.2, Max: 2, Diff: 2, Sum: 4]
      [Scan RS (ms): Min: 0.0, Avg: 0.0, Max: 0.0, Diff: 0.0, Sum: 0.0]
      [Code Root Scanning (ms): Min: 0.0, Avg: 0.0, Max: 0.0, Diff: 0.0, Sum: 0.0]
      [Object Copy (ms): Min: 0.0, Avg: 0.0, Max: 0.3, Diff: 0.3, Sum: 0.6]
      [Termination (ms): Min: 0.0, Avg: 12.9, Max: 28.5, Diff: 28.5, Sum: 231.3]
         [Termination Attempts: Min: 1, Avg: 1.0, Max: 1, Diff: 0, Sum: 18]
      [GC Worker Other (ms): Min: 0.0, Avg: 0.0, Max: 0.0, Diff: 0.0, Sum: 0.1]
      [GC Worker Total (ms): Min: 0.0, Avg: 13.0, Max: 29.2, Diff: 29.2, Sum: 233.2]
      [GC Worker End (ms): Min: 25067.7, Avg: 25067.8, Max: 25068.1, Diff: 0.4]
   [Code Root Fixup: 0.0 ms]
   [Code Root Purge: 0.0 ms]
   [Clear CT: 1.0 ms]
   [Other: 6.7 ms]
      [Choose CSet: 0.0 ms]
      [Ref Proc: 6.0 ms]
      [Ref Enq: 0.0 ms]
      [Redirty Cards: 0.6 ms]
      [Humongous Register: 0.0 ms]
      [Humongous Reclaim: 0.0 ms]
      [Free CSet: 0.0 ms]
   [Eden: 9216.0K(9216.0K)->0.0B(8192.0K) Survivors: 1024.0K->2048.0K Heap: 45073.2K(65536.0K)->38298.6K(65536.0K)]
 [Times: user=0.27 sys=0.01, real=0.04 secs] 
2026-06-17T09:49:02.904+0800: 25.105: [GC pause (G1 Evacuation Pause) (young) (initial-mark), 0.0156351 secs]
   [Parallel Time: 11.4 ms, GC Workers: 18]
      [GC Worker Start (ms): Min: 25105.0, Avg: 25105.4, Max: 25105.7, Diff: 0.6]
      [Ext Root Scanning (ms): Min: 0.0, Avg: 4.4, Max: 10.3, Diff: 10.3, Sum: 80.0]
      [Update RS (ms): Min: 0.0, Avg: 0.0, Max: 0.0, Diff: 0.0, Sum: 0.0]
         [Processed Buffers: Min: 0, Avg: 0.1, Max: 2, Diff: 2, Sum: 2]
      [Scan RS (ms): Min: 0.0, Avg: 0.0, Max: 0.0, Diff: 0.0, Sum: 0.0]
      [Code Root Scanning (ms): Min: 0.0, Avg: 0.0, Max: 0.0, Diff: 0.0, Sum: 0.0]
      [Object Copy (ms): Min: 0.0, Avg: 0.0, Max: 0.2, Diff: 0.2, Sum: 0.5]
      [Termination (ms): Min: 0.0, Avg: 6.1, Max: 10.2, Diff: 10.2, Sum: 109.9]
         [Termination Attempts: Min: 1, Avg: 1.0, Max: 1, Diff: 0, Sum: 18]
      [GC Worker Other (ms): Min: 0.0, Avg: 0.0, Max: 0.0, Diff: 0.0, Sum: 0.1]
      [GC Worker Total (ms): Min: 10.2, Avg: 10.6, Max: 11.0, Diff: 0.8, Sum: 190.4]
      [GC Worker End (ms): Min: 25115.9, Avg: 25116.0, Max: 25116.2, Diff: 0.3]
   [Code Root Fixup: 0.0 ms]
   [Code Root Purge: 0.0 ms]
   [Clear CT: 1.1 ms]
   [Other: 3.1 ms]
      [Choose CSet: 0.0 ms]
      [Ref Proc: 2.6 ms]
      [Ref Enq: 0.0 ms]
      [Redirty Cards: 0.5 ms]
      [Humongous Register: 0.0 ms]
      [Humongous Reclaim: 0.0 ms]
      [Free CSet: 0.0 ms]
   [Eden: 8192.0K(8192.0K)->0.0B(7168.0K) Survivors: 2048.0K->2048.0K Heap: 46490.6K(65536.0K)->40571.6K(65536.0K)]
 [Times: user=0.13 sys=0.00, real=0.01 secs] 
2026-06-17T09:49:02.921+0800: 25.122: [GC concurrent-root-region-scan-start]
2026-06-17T09:49:02.921+0800: 25.123: [GC concurrent-root-region-scan-end, 0.0002779 secs]
2026-06-17T09:49:02.921+0800: 25.123: [GC concurrent-mark-start]
2026-06-17T09:49:02.922+0800: 25.123: [GC concurrent-mark-end, 0.0003230 secs]
2026-06-17T09:49:02.922+0800: 25.123: [GC remark 2026-06-17T09:49:02.922+0800: 25.123: [Finalize Marking, 0.0153828 secs] 2026-06-17T09:49:02.938+0800: 25.139: [GC ref-proc, 0.0005911 secs] 2026-06-17T09:49:02.939+0800: 25.141: [Unloading, 0.0017026 secs], 0.0203110 secs]
 [Times: user=0.19 sys=0.00, real=0.03 secs] 
2026-06-17T09:49:02.943+0800: 25.144: [GC cleanup 43450K->40378K(65536K), 0.0028575 secs]
 [Times: user=0.00 sys=0.00, real=0.00 secs] 
2026-06-17T09:49:02.947+0800: 25.148: [GC concurrent-cleanup-start]
2026-06-17T09:49:02.947+0800: 25.148: [GC concurrent-cleanup-end, 0.0000065 secs]
2026-06-17T09:49:02.958+0800: 25.159: [GC pause (G1 Evacuation Pause) (young), 0.0264863 secs]
   [Parallel Time: 17.7 ms, GC Workers: 18]
      [GC Worker Start (ms): Min: 25158.9, Avg: 25164.1, Max: 25175.0, Diff: 16.2]
      [Ext Root Scanning (ms): Min: 0.0, Avg: 0.0, Max: 0.2, Diff: 0.2, Sum: 0.4]
      [Update RS (ms): Min: 0.0, Avg: 0.0, Max: 0.0, Diff: 0.0, Sum: 0.0]
         [Processed Buffers: Min: 0, Avg: 0.2, Max: 1, Diff: 1, Sum: 3]
      [Scan RS (ms): Min: 0.0, Avg: 0.0, Max: 0.0, Diff: 0.0, Sum: 0.0]
      [Code Root Scanning (ms): Min: 0.0, Avg: 0.0, Max: 0.0, Diff: 0.0, Sum: 0.0]
      [Object Copy (ms): Min: 0.0, Avg: 0.0, Max: 0.1, Diff: 0.1, Sum: 0.3]
      [Termination (ms): Min: 0.0, Avg: 11.3, Max: 16.6, Diff: 16.6, Sum: 202.9]
         [Termination Attempts: Min: 1, Avg: 1.1, Max: 2, Diff: 1, Sum: 19]
      [GC Worker Other (ms): Min: 0.0, Avg: 0.0, Max: 0.0, Diff: 0.0, Sum: 0.1]
      [GC Worker Total (ms): Min: 0.0, Avg: 11.3, Max: 16.8, Diff: 16.8, Sum: 203.7]
      [GC Worker End (ms): Min: 25175.0, Avg: 25175.4, Max: 25176.0, Diff: 0.9]
   [Code Root Fixup: 0.0 ms]
   [Code Root Purge: 0.0 ms]
   [Clear CT: 1.0 ms]
   [Other: 7.9 ms]
      [Choose CSet: 0.0 ms]
      [Ref Proc: 7.3 ms]
      [Ref Enq: 0.0 ms]
      [Redirty Cards: 0.5 ms]
      [Humongous Register: 0.0 ms]
      [Humongous Reclaim: 0.0 ms]
      [Free CSet: 0.0 ms]
   [Eden: 7168.0K(7168.0K)->0.0B(2048.0K) Survivors: 2048.0K->1024.0K Heap: 44667.6K(65536.0K)->37180.7K(65536.0K)]
 [Times: user=0.27 sys=0.01, real=0.03 secs] 
2026-06-17T09:49:02.996+0800: 25.197: [GC pause (G1 Evacuation Pause) (mixed), 0.0149865 secs]
   [Parallel Time: 9.0 ms, GC Workers: 18]
      [GC Worker Start (ms): Min: 25197.0, Avg: 25200.4, Max: 25205.8, Diff: 8.8]
      [Ext Root Scanning (ms): Min: 0.0, Avg: 0.0, Max: 0.2, Diff: 0.2, Sum: 0.5]
      [Update RS (ms): Min: 0.0, Avg: 0.0, Max: 0.0, Diff: 0.0, Sum: 0.0]
         [Processed Buffers: Min: 0, Avg: 0.1, Max: 1, Diff: 1, Sum: 2]
      [Scan RS (ms): Min: 0.0, Avg: 0.0, Max: 0.0, Diff: 0.0, Sum: 0.0]
      [Code Root Scanning (ms): Min: 0.0, Avg: 0.0, Max: 0.0, Diff: 0.0, Sum: 0.0]
      [Object Copy (ms): Min: 0.0, Avg: 0.0, Max: 0.3, Diff: 0.3, Sum: 0.9]
      [Termination (ms): Min: 0.0, Avg: 5.3, Max: 8.4, Diff: 8.4, Sum: 95.9]
         [Termination Attempts: Min: 1, Avg: 1.0, Max: 1, Diff: 0, Sum: 18]
      [GC Worker Other (ms): Min: 0.0, Avg: 0.0, Max: 0.0, Diff: 0.0, Sum: 0.1]
      [GC Worker Total (ms): Min: 0.0, Avg: 5.4, Max: 8.8, Diff: 8.8, Sum: 97.5]
      [GC Worker End (ms): Min: 25205.8, Avg: 25205.8, Max: 25205.9, Diff: 0.2]
   [Code Root Fixup: 0.0 ms]
   [Code Root Purge: 0.0 ms]
   [Clear CT: 1.5 ms]
   [Other: 4.5 ms]
      [Choose CSet: 0.0 ms]
      [Ref Proc: 3.8 ms]
      [Ref Enq: 0.0 ms]
      [Redirty Cards: 0.6 ms]
      [Humongous Register: 0.0 ms]
      [Humongous Reclaim: 0.0 ms]
      [Free CSet: 0.0 ms]
   [Eden: 2048.0K(2048.0K)->0.0B(2048.0K) Survivors: 1024.0K->1024.0K Heap: 39228.7K(65536.0K)->36410.6K(65536.0K)]
 [Times: user=0.12 sys=0.01, real=0.02 secs] 
2026-06-17T09:49:03.012+0800: 25.213: [GC pause (G1 Evacuation Pause) (mixed), 0.0079865 secs]
   [Parallel Time: 4.6 ms, GC Workers: 18]
      [GC Worker Start (ms): Min: 25213.1, Avg: 25214.3, Max: 25216.6, Diff: 3.5]
      [Ext Root Scanning (ms): Min: 0.0, Avg: 0.0, Max: 0.2, Diff: 0.2, Sum: 0.4]
      [Update RS (ms): Min: 0.0, Avg: 0.0, Max: 0.0, Diff: 0.0, Sum: 0.0]
         [Processed Buffers: Min: 0, Avg: 0.2, Max: 2, Diff: 2, Sum: 4]
      [Scan RS (ms): Min: 0.0, Avg: 0.0, Max: 0.0, Diff: 0.0, Sum: 0.1]
      [Code Root Scanning (ms): Min: 0.0, Avg: 0.0, Max: 0.0, Diff: 0.0, Sum: 0.0]
      [Object Copy (ms): Min: 0.0, Avg: 0.1, Max: 0.3, Diff: 0.3, Sum: 1.1]
      [Termination (ms): Min: 0.0, Avg: 2.4, Max: 3.5, Diff: 3.5, Sum: 43.8]
         [Termination Attempts: Min: 1, Avg: 1.1, Max: 2, Diff: 1, Sum: 20]
      [GC Worker Other (ms): Min: 0.0, Avg: 0.0, Max: 0.0, Diff: 0.0, Sum: 0.1]
      [GC Worker Total (ms): Min: 0.0, Avg: 2.5, Max: 4.0, Diff: 4.0, Sum: 45.6]
      [GC Worker End (ms): Min: 25216.7, Avg: 25216.9, Max: 25217.2, Diff: 0.5]
   [Code Root Fixup: 0.0 ms]
   [Code Root Purge: 0.0 ms]
   [Clear CT: 0.7 ms]
   [Other: 2.7 ms]
      [Choose CSet: 0.0 ms]
      [Ref Proc: 2.1 ms]
      [Ref Enq: 0.0 ms]
      [Redirty Cards: 0.5 ms]
      [Humongous Register: 0.0 ms]
      [Humongous Reclaim: 0.0 ms]
      [Free CSet: 0.0 ms]
   [Eden: 2048.0K(2048.0K)->0.0B(9216.0K) Survivors: 1024.0K->1024.0K Heap: 38458.6K(65536.0K)->37467.1K(65536.0K)]
 [Times: user=0.06 sys=0.01, real=0.00 secs] 
2026-06-17T09:49:03.042+0800: 25.244: [GC pause (G1 Evacuation Pause) (young), 0.0177972 secs]
   [Parallel Time: 11.2 ms, GC Workers: 18]
      [GC Worker Start (ms): Min: 25243.7, Avg: 25245.8, Max: 25252.8, Diff: 9.1]
      [Ext Root Scanning (ms): Min: 0.0, Avg: 0.1, Max: 0.5, Diff: 0.4, Sum: 1.1]
      [Update RS (ms): Min: 0.0, Avg: 0.0, Max: 0.1, Diff: 0.1, Sum: 0.4]
         [Processed Buffers: Min: 0, Avg: 0.3, Max: 2, Diff: 2, Sum: 6]
      [Scan RS (ms): Min: 0.0, Avg: 0.0, Max: 0.0, Diff: 0.0, Sum: 0.0]
      [Code Root Scanning (ms): Min: 0.0, Avg: 0.0, Max: 0.0, Diff: 0.0, Sum: 0.0]
      [Object Copy (ms): Min: 0.0, Avg: 0.0, Max: 0.3, Diff: 0.3, Sum: 0.8]
      [Termination (ms): Min: 0.0, Avg: 7.1, Max: 9.0, Diff: 9.0, Sum: 127.6]
         [Termination Attempts: Min: 1, Avg: 1.0, Max: 1, Diff: 0, Sum: 18]
      [GC Worker Other (ms): Min: 0.0, Avg: 0.0, Max: 0.2, Diff: 0.2, Sum: 0.4]
      [GC Worker Total (ms): Min: 0.0, Avg: 7.2, Max: 9.8, Diff: 9.8, Sum: 130.3]
      [GC Worker End (ms): Min: 25252.8, Avg: 25253.0, Max: 25253.6, Diff: 0.8]
   [Code Root Fixup: 0.0 ms]
   [Code Root Purge: 0.0 ms]
   [Clear CT: 1.1 ms]
   [Other: 5.5 ms]
      [Choose CSet: 0.0 ms]
      [Ref Proc: 4.6 ms]
      [Ref Enq: 0.0 ms]
      [Redirty Cards: 0.9 ms]
      [Humongous Register: 0.0 ms]
      [Humongous Reclaim: 0.0 ms]
      [Free CSet: 0.0 ms]
   [Eden: 9216.0K(9216.0K)->0.0B(8192.0K) Survivors: 1024.0K->2048.0K Heap: 46683.1K(65536.0K)->39520.6K(65536.0K)]
 [Times: user=0.17 sys=0.00, real=0.02 secs] 
2026-06-17T09:49:03.072+0800: 25.273: [GC pause (G1 Humongous Allocation) (young) (initial-mark), 0.0171502 secs]
   [Parallel Time: 10.4 ms, GC Workers: 18]
      [GC Worker Start (ms): Min: 25273.5, Avg: 25274.0, Max: 25274.5, Diff: 1.0]
      [Ext Root Scanning (ms): Min: 0.0, Avg: 2.3, Max: 7.1, Diff: 7.1, Sum: 41.1]
      [Update RS (ms): Min: 0.0, Avg: 0.0, Max: 0.0, Diff: 0.0, Sum: 0.0]
         [Processed Buffers: Min: 0, Avg: 0.2, Max: 3, Diff: 3, Sum: 3]
      [Scan RS (ms): Min: 0.0, Avg: 0.0, Max: 0.0, Diff: 0.0, Sum: 0.0]
      [Code Root Scanning (ms): Min: 0.0, Avg: 0.0, Max: 0.0, Diff: 0.0, Sum: 0.0]
      [Object Copy (ms): Min: 0.0, Avg: 0.0, Max: 0.2, Diff: 0.2, Sum: 0.5]
      [Termination (ms): Min: 0.0, Avg: 5.3, Max: 7.3, Diff: 7.3, Sum: 95.1]
         [Termination Attempts: Min: 1, Avg: 1.0, Max: 1, Diff: 0, Sum: 18]
      [GC Worker Other (ms): Min: 0.0, Avg: 0.0, Max: 0.0, Diff: 0.0, Sum: 0.2]
      [GC Worker Total (ms): Min: 7.1, Avg: 7.6, Max: 8.6, Diff: 1.5, Sum: 137.0]
      [GC Worker End (ms): Min: 25281.4, Avg: 25281.6, Max: 25282.1, Diff: 0.7]
   [Code Root Fixup: 0.0 ms]
   [Code Root Purge: 0.0 ms]
   [Clear CT: 1.3 ms]
   [Other: 5.4 ms]
      [Choose CSet: 0.0 ms]
      [Ref Proc: 4.7 ms]
      [Ref Enq: 0.0 ms]
      [Redirty Cards: 0.7 ms]
      [Humongous Register: 0.0 ms]
      [Humongous Reclaim: 0.0 ms]
      [Free CSet: 0.0 ms]
   [Eden: 5120.0K(8192.0K)->0.0B(6144.0K) Survivors: 2048.0K->2048.0K Heap: 44640.6K(65536.0K)->40641.6K(65536.0K)]
 [Times: user=0.13 sys=0.01, real=0.01 secs] 
2026-06-17T09:49:03.090+0800: 25.291: [GC concurrent-root-region-scan-start]
2026-06-17T09:49:03.090+0800: 25.292: [GC concurrent-root-region-scan-end, 0.0002439 secs]
2026-06-17T09:49:03.090+0800: 25.292: [GC concurrent-mark-start]
2026-06-17T09:49:03.091+0800: 25.292: [GC concurrent-mark-end, 0.0003105 secs]
2026-06-17T09:49:03.091+0800: 25.292: [GC remark 2026-06-17T09:49:03.091+0800: 25.293: [Finalize Marking, 0.0088626 secs] 2026-06-17T09:49:03.101+0800: 25.302: [GC ref-proc, 0.0006923 secs] 2026-06-17T09:49:03.102+0800: 25.303: [Unloading, 0.0016047 secs], 0.0139135 secs]
 [Times: user=0.10 sys=0.00, real=0.01 secs] 
2026-06-17T09:49:03.106+0800: 25.307: [GC cleanup 42862K->36718K(65536K), 0.0027807 secs]
 [Times: user=0.00 sys=0.00, real=0.00 secs] 
2026-06-17T09:49:03.110+0800: 25.311: [GC concurrent-cleanup-start]
2026-06-17T09:49:03.110+0800: 25.311: [GC concurrent-cleanup-end, 0.0000075 secs]
2026-06-17T09:49:03.120+0800: 25.322: [GC pause (G1 Evacuation Pause) (young), 0.0152600 secs]
   [Parallel Time: 9.6 ms, GC Workers: 18]
      [GC Worker Start (ms): Min: 25321.8, Avg: 25323.6, Max: 25329.5, Diff: 7.7]
      [Ext Root Scanning (ms): Min: 0.0, Avg: 0.0, Max: 0.2, Diff: 0.2, Sum: 0.6]
      [Update RS (ms): Min: 0.0, Avg: 0.0, Max: 0.0, Diff: 0.0, Sum: 0.0]
         [Processed Buffers: Min: 0, Avg: 0.2, Max: 1, Diff: 1, Sum: 3]
      [Scan RS (ms): Min: 0.0, Avg: 0.0, Max: 0.0, Diff: 0.0, Sum: 0.0]
      [Code Root Scanning (ms): Min: 0.0, Avg: 0.0, Max: 0.0, Diff: 0.0, Sum: 0.0]
      [Object Copy (ms): Min: 0.0, Avg: 0.0, Max: 0.2, Diff: 0.2, Sum: 0.6]
      [Termination (ms): Min: 0.0, Avg: 6.1, Max: 8.1, Diff: 8.1, Sum: 110.3]
         [Termination Attempts: Min: 1, Avg: 1.0, Max: 1, Diff: 0, Sum: 18]
      [GC Worker Other (ms): Min: 0.0, Avg: 0.0, Max: 0.0, Diff: 0.0, Sum: 0.2]
      [GC Worker Total (ms): Min: 0.0, Avg: 6.2, Max: 8.4, Diff: 8.4, Sum: 111.8]
      [GC Worker End (ms): Min: 25329.5, Avg: 25329.8, Max: 25330.2, Diff: 0.8]
   [Code Root Fixup: 0.0 ms]
   [Code Root Purge: 0.0 ms]
   [Clear CT: 0.7 ms]
   [Other: 5.0 ms]
      [Choose CSet: 0.0 ms]
      [Ref Proc: 4.2 ms]
      [Ref Enq: 0.0 ms]
      [Redirty Cards: 0.7 ms]
      [Humongous Register: 0.0 ms]
      [Humongous Reclaim: 0.0 ms]
      [Free CSet: 0.0 ms]
   [Eden: 6144.0K(6144.0K)->0.0B(2048.0K) Survivors: 2048.0K->1024.0K Heap: 41855.7K(65536.0K)->38375.6K(65536.0K)]
 [Times: user=0.15 sys=0.01, real=0.02 secs] 
2026-06-17T09:49:03.137+0800: 25.338: [GC pause (G1 Evacuation Pause) (mixed), 0.0074763 secs]
   [Parallel Time: 1.8 ms, GC Workers: 18]
      [GC Worker Start (ms): Min: 25338.4, Avg: 25339.3, Max: 25339.9, Diff: 1.4]
      [Ext Root Scanning (ms): Min: 0.0, Avg: 0.0, Max: 0.1, Diff: 0.1, Sum: 0.3]
      [Update RS (ms): Min: 0.0, Avg: 0.0, Max: 0.0, Diff: 0.0, Sum: 0.0]
         [Processed Buffers: Min: 0, Avg: 0.2, Max: 1, Diff: 1, Sum: 3]
      [Scan RS (ms): Min: 0.0, Avg: 0.0, Max: 0.0, Diff: 0.0, Sum: 0.0]
      [Code Root Scanning (ms): Min: 0.0, Avg: 0.0, Max: 0.0, Diff: 0.0, Sum: 0.0]
      [Object Copy (ms): Min: 0.0, Avg: 0.0, Max: 0.1, Diff: 0.1, Sum: 0.4]
      [Termination (ms): Min: 0.0, Avg: 0.6, Max: 1.2, Diff: 1.2, Sum: 10.0]
         [Termination Attempts: Min: 1, Avg: 1.0, Max: 1, Diff: 0, Sum: 18]
      [GC Worker Other (ms): Min: 0.0, Avg: 0.0, Max: 0.0, Diff: 0.0, Sum: 0.1]
      [GC Worker Total (ms): Min: 0.0, Avg: 0.6, Max: 1.5, Diff: 1.5, Sum: 10.7]
      [GC Worker End (ms): Min: 25339.9, Avg: 25339.9, Max: 25340.0, Diff: 0.1]
   [Code Root Fixup: 0.0 ms]
   [Code Root Purge: 0.0 ms]
   [Clear CT: 1.0 ms]
   [Other: 4.6 ms]
      [Choose CSet: 0.0 ms]
      [Ref Proc: 4.0 ms]
      [Ref Enq: 0.0 ms]
      [Redirty Cards: 0.6 ms]
      [Humongous Register: 0.0 ms]
      [Humongous Reclaim: 0.0 ms]
      [Free CSet: 0.0 ms]
   [Eden: 2048.0K(2048.0K)->0.0B(2048.0K) Survivors: 1024.0K->1024.0K Heap: 40423.6K(65536.0K)->33427.7K(65536.0K)]
 [Times: user=0.03 sys=0.01, real=0.01 secs] 
2026-06-17T09:49:03.156+0800: 25.358: [GC pause (G1 Evacuation Pause) (mixed), 0.0149735 secs]
   [Parallel Time: 7.9 ms, GC Workers: 18]
      [GC Worker Start (ms): Min: 25358.0, Avg: 25359.7, Max: 25363.8, Diff: 5.8]
      [Ext Root Scanning (ms): Min: 0.0, Avg: 0.0, Max: 0.5, Diff: 0.5, Sum: 0.8]
      [Update RS (ms): Min: 0.0, Avg: 0.0, Max: 0.0, Diff: 0.0, Sum: 0.0]
         [Processed Buffers: Min: 0, Avg: 0.2, Max: 2, Diff: 2, Sum: 4]
      [Scan RS (ms): Min: 0.0, Avg: 0.0, Max: 0.0, Diff: 0.0, Sum: 0.1]
      [Code Root Scanning (ms): Min: 0.0, Avg: 0.0, Max: 0.0, Diff: 0.0, Sum: 0.0]
      [Object Copy (ms): Min: 0.0, Avg: 0.1, Max: 0.3, Diff: 0.3, Sum: 1.2]
      [Termination (ms): Min: 0.0, Avg: 4.2, Max: 5.9, Diff: 5.9, Sum: 76.3]
         [Termination Attempts: Min: 1, Avg: 1.0, Max: 1, Diff: 0, Sum: 18]
      [GC Worker Other (ms): Min: 0.0, Avg: 0.0, Max: 0.1, Diff: 0.0, Sum: 0.3]
      [GC Worker Total (ms): Min: 0.0, Avg: 4.4, Max: 6.5, Diff: 6.5, Sum: 78.7]
      [GC Worker End (ms): Min: 25363.8, Avg: 25364.1, Max: 25364.6, Diff: 0.8]
   [Code Root Fixup: 0.0 ms]
   [Code Root Purge: 0.0 ms]
   [Clear CT: 3.0 ms]
   [Other: 4.1 ms]
      [Choose CSet: 0.0 ms]
      [Ref Proc: 3.2 ms]
      [Ref Enq: 0.0 ms]
      [Redirty Cards: 0.7 ms]
      [Humongous Register: 0.0 ms]
      [Humongous Reclaim: 0.0 ms]
      [Free CSet: 0.0 ms]
   [Eden: 2048.0K(2048.0K)->0.0B(2048.0K) Survivors: 1024.0K->1024.0K Heap: 35475.7K(65536.0K)->33331.6K(65536.0K)]
 [Times: user=0.11 sys=0.01, real=0.02 secs] 
2026-06-17T09:49:03.173+0800: 25.374: [GC pause (G1 Evacuation Pause) (mixed), 0.0102972 secs]
   [Parallel Time: 3.6 ms, GC Workers: 18]
      [GC Worker Start (ms): Min: 25374.4, Avg: 25375.6, Max: 25376.9, Diff: 2.5]
      [Ext Root Scanning (ms): Min: 0.0, Avg: 0.0, Max: 0.2, Diff: 0.2, Sum: 0.4]
      [Update RS (ms): Min: 0.0, Avg: 0.0, Max: 0.0, Diff: 0.0, Sum: 0.1]
         [Processed Buffers: Min: 0, Avg: 0.3, Max: 2, Diff: 2, Sum: 5]
      [Scan RS (ms): Min: 0.0, Avg: 0.0, Max: 0.0, Diff: 0.0, Sum: 0.1]
      [Code Root Scanning (ms): Min: 0.0, Avg: 0.0, Max: 0.0, Diff: 0.0, Sum: 0.0]
      [Object Copy (ms): Min: 0.0, Avg: 0.0, Max: 0.1, Diff: 0.1, Sum: 0.5]
      [Termination (ms): Min: 0.0, Avg: 1.4, Max: 2.5, Diff: 2.5, Sum: 25.3]
         [Termination Attempts: Min: 1, Avg: 1.0, Max: 1, Diff: 0, Sum: 18]
      [GC Worker Other (ms): Min: 0.0, Avg: 0.0, Max: 0.1, Diff: 0.1, Sum: 0.2]
      [GC Worker Total (ms): Min: 0.0, Avg: 1.5, Max: 2.7, Diff: 2.7, Sum: 26.6]
      [GC Worker End (ms): Min: 25376.9, Avg: 25377.1, Max: 25377.4, Diff: 0.5]
   [Code Root Fixup: 0.0 ms]
   [Code Root Purge: 0.0 ms]
   [Clear CT: 1.7 ms]
   [Other: 5.0 ms]
      [Choose CSet: 0.0 ms]
      [Ref Proc: 4.3 ms]
      [Ref Enq: 0.0 ms]
      [Redirty Cards: 0.6 ms]
      [Humongous Register: 0.0 ms]
      [Humongous Reclaim: 0.0 ms]
      [Free CSet: 0.0 ms]
   [Eden: 2048.0K(2048.0K)->0.0B(11264.0K) Survivors: 1024.0K->1024.0K Heap: 35379.6K(65536.0K)->32760.6K(65536.0K)]
 [Times: user=0.07 sys=0.00, real=0.01 secs] 
2026-06-17T09:49:03.216+0800: 25.417: [GC pause (G1 Evacuation Pause) (young), 0.0127123 secs]
   [Parallel Time: 7.6 ms, GC Workers: 18]
      [GC Worker Start (ms): Min: 25417.0, Avg: 25418.4, Max: 25422.7, Diff: 5.7]
      [Ext Root Scanning (ms): Min: 0.0, Avg: 0.0, Max: 0.2, Diff: 0.2, Sum: 0.5]
      [Update RS (ms): Min: 0.0, Avg: 0.0, Max: 0.1, Diff: 0.1, Sum: 0.2]
         [Processed Buffers: Min: 0, Avg: 0.3, Max: 3, Diff: 3, Sum: 5]
      [Scan RS (ms): Min: 0.0, Avg: 0.0, Max: 0.0, Diff: 0.0, Sum: 0.0]
      [Code Root Scanning (ms): Min: 0.0, Avg: 0.0, Max: 0.0, Diff: 0.0, Sum: 0.0]
      [Object Copy (ms): Min: 0.0, Avg: 0.0, Max: 0.2, Diff: 0.2, Sum: 0.7]
      [Termination (ms): Min: 0.0, Avg: 4.5, Max: 6.2, Diff: 6.2, Sum: 80.5]
         [Termination Attempts: Min: 1, Avg: 1.0, Max: 1, Diff: 0, Sum: 18]
      [GC Worker Other (ms): Min: 0.0, Avg: 0.0, Max: 0.0, Diff: 0.0, Sum: 0.2]
      [GC Worker Total (ms): Min: 0.0, Avg: 4.6, Max: 6.2, Diff: 6.1, Sum: 82.0]
      [GC Worker End (ms): Min: 25422.7, Avg: 25423.0, Max: 25423.6, Diff: 0.8]
   [Code Root Fixup: 0.0 ms]
   [Code Root Purge: 0.0 ms]
   [Clear CT: 1.1 ms]
   [Other: 4.0 ms]
      [Choose CSet: 0.0 ms]
      [Ref Proc: 3.5 ms]
      [Ref Enq: 0.0 ms]
      [Redirty Cards: 0.5 ms]
      [Humongous Register: 0.0 ms]
      [Humongous Reclaim: 0.0 ms]
      [Free CSet: 0.0 ms]
   [Eden: 11264.0K(11264.0K)->0.0B(9216.0K) Survivors: 1024.0K->2048.0K Heap: 44024.6K(65536.0K)->36734.6K(65536.0K)]
 [Times: user=0.11 sys=0.00, real=0.01 secs] 
2026-06-17T09:49:03.251+0800: 25.452: [GC pause (G1 Evacuation Pause) (young) (initial-mark), 0.0187930 secs]
   [Parallel Time: 11.8 ms, GC Workers: 18]
      [GC Worker Start (ms): Min: 25452.3, Avg: 25453.1, Max: 25453.7, Diff: 1.4]
      [Ext Root Scanning (ms): Min: 0.0, Avg: 2.3, Max: 7.6, Diff: 7.6, Sum: 41.2]
      [Update RS (ms): Min: 0.0, Avg: 0.0, Max: 0.0, Diff: 0.0, Sum: 0.1]
         [Processed Buffers: Min: 0, Avg: 0.2, Max: 3, Diff: 3, Sum: 3]
      [Scan RS (ms): Min: 0.0, Avg: 0.0, Max: 0.0, Diff: 0.0, Sum: 0.0]
      [Code Root Scanning (ms): Min: 0.0, Avg: 0.0, Max: 0.0, Diff: 0.0, Sum: 0.0]
      [Object Copy (ms): Min: 0.0, Avg: 0.0, Max: 0.3, Diff: 0.3, Sum: 0.8]
      [Termination (ms): Min: 0.0, Avg: 6.2, Max: 8.0, Diff: 8.0, Sum: 111.1]
         [Termination Attempts: Min: 1, Avg: 1.2, Max: 2, Diff: 1, Sum: 21]
      [GC Worker Other (ms): Min: 0.0, Avg: 0.0, Max: 0.0, Diff: 0.0, Sum: 0.2]
      [GC Worker Total (ms): Min: 7.6, Avg: 8.5, Max: 9.7, Diff: 2.1, Sum: 153.4]
      [GC Worker End (ms): Min: 25461.3, Avg: 25461.7, Max: 25462.2, Diff: 0.8]
   [Code Root Fixup: 0.0 ms]
   [Code Root Purge: 0.0 ms]
   [Clear CT: 1.4 ms]
   [Other: 5.6 ms]
      [Choose CSet: 0.0 ms]
      [Ref Proc: 4.8 ms]
      [Ref Enq: 0.0 ms]
      [Redirty Cards: 0.7 ms]
      [Humongous Register: 0.0 ms]
      [Humongous Reclaim: 0.0 ms]
      [Free CSet: 0.0 ms]
   [Eden: 9216.0K(9216.0K)->0.0B(8192.0K) Survivors: 2048.0K->2048.0K Heap: 45950.6K(65536.0K)->38708.6K(65536.0K)]
 [Times: user=0.15 sys=0.01, real=0.01 secs] 
2026-06-17T09:49:03.271+0800: 25.472: [GC concurrent-root-region-scan-start]
2026-06-17T09:49:03.271+0800: 25.472: [GC concurrent-root-region-scan-end, 0.0003191 secs]
2026-06-17T09:49:03.271+0800: 25.472: [GC concurrent-mark-start]
2026-06-17T09:49:03.272+0800: 25.473: [GC concurrent-mark-end, 0.0003637 secs]
2026-06-17T09:49:03.272+0800: 25.473: [GC remark 2026-06-17T09:49:03.272+0800: 25.473: [Finalize Marking, 0.0092922 secs] 2026-06-17T09:49:03.282+0800: 25.483: [GC ref-proc, 0.0006303 secs] 2026-06-17T09:49:03.283+0800: 25.484: [Unloading, 0.0015155 secs], 0.0141191 secs]
 [Times: user=0.12 sys=0.00, real=0.01 secs] 
2026-06-17T09:49:03.287+0800: 25.488: [GC cleanup 43190K->42166K(65536K), 0.0026268 secs]
 [Times: user=0.00 sys=0.00, real=0.00 secs] 
2026-06-17T09:49:03.291+0800: 25.492: [GC concurrent-cleanup-start]
2026-06-17T09:49:03.291+0800: 25.492: [GC concurrent-cleanup-end, 0.0000055 secs]
2026-06-17T09:49:03.301+0800: 25.502: [GC pause (G1 Evacuation Pause) (young), 0.0101999 secs]
   [Parallel Time: 6.4 ms, GC Workers: 18]
      [GC Worker Start (ms): Min: 25502.6, Avg: 25503.9, Max: 25507.5, Diff: 5.0]
      [Ext Root Scanning (ms): Min: 0.0, Avg: 0.0, Max: 0.2, Diff: 0.2, Sum: 0.4]
      [Update RS (ms): Min: 0.0, Avg: 0.0, Max: 0.0, Diff: 0.0, Sum: 0.0]
         [Processed Buffers: Min: 0, Avg: 0.2, Max: 1, Diff: 1, Sum: 3]
      [Scan RS (ms): Min: 0.0, Avg: 0.0, Max: 0.0, Diff: 0.0, Sum: 0.0]
      [Code Root Scanning (ms): Min: 0.0, Avg: 0.0, Max: 0.0, Diff: 0.0, Sum: 0.0]
      [Object Copy (ms): Min: 0.0, Avg: 0.0, Max: 0.1, Diff: 0.1, Sum: 0.5]
      [Termination (ms): Min: 0.0, Avg: 3.8, Max: 5.1, Diff: 5.1, Sum: 69.1]
         [Termination Attempts: Min: 1, Avg: 1.0, Max: 1, Diff: 0, Sum: 18]
      [GC Worker Other (ms): Min: 0.0, Avg: 0.0, Max: 0.1, Diff: 0.1, Sum: 0.2]
      [GC Worker Total (ms): Min: 0.0, Avg: 3.9, Max: 5.1, Diff: 5.1, Sum: 70.3]
      [GC Worker End (ms): Min: 25507.6, Avg: 25507.8, Max: 25508.2, Diff: 0.7]
   [Code Root Fixup: 0.0 ms]
   [Code Root Purge: 0.0 ms]
   [Clear CT: 0.6 ms]
   [Other: 3.2 ms]
      [Choose CSet: 0.0 ms]
      [Ref Proc: 2.7 ms]
      [Ref Enq: 0.0 ms]
      [Redirty Cards: 0.5 ms]
      [Humongous Register: 0.0 ms]
      [Humongous Reclaim: 0.0 ms]
      [Free CSet: 0.0 ms]
   [Eden: 8192.0K(8192.0K)->0.0B(1024.0K) Survivors: 2048.0K->2048.0K Heap: 45876.6K(65536.0K)->39571.6K(65536.0K)]
 [Times: user=0.08 sys=0.01, real=0.02 secs] 
2026-06-17T09:49:03.313+0800: 25.514: [GC pause (G1 Evacuation Pause) (mixed), 0.0088379 secs]
   [Parallel Time: 4.3 ms, GC Workers: 18]
      [GC Worker Start (ms): Min: 25514.2, Avg: 25515.4, Max: 25517.1, Diff: 2.9]
      [Ext Root Scanning (ms): Min: 0.0, Avg: 0.0, Max: 0.1, Diff: 0.1, Sum: 0.3]
      [Update RS (ms): Min: 0.0, Avg: 0.0, Max: 0.0, Diff: 0.0, Sum: 0.0]
         [Processed Buffers: Min: 0, Avg: 0.1, Max: 1, Diff: 1, Sum: 2]
      [Scan RS (ms): Min: 0.0, Avg: 0.0, Max: 0.0, Diff: 0.0, Sum: 0.0]
      [Code Root Scanning (ms): Min: 0.0, Avg: 0.0, Max: 0.0, Diff: 0.0, Sum: 0.0]
      [Object Copy (ms): Min: 0.0, Avg: 0.0, Max: 0.2, Diff: 0.2, Sum: 0.8]
      [Termination (ms): Min: 0.0, Avg: 1.9, Max: 3.0, Diff: 3.0, Sum: 33.3]
         [Termination Attempts: Min: 1, Avg: 1.0, Max: 1, Diff: 0, Sum: 18]
      [GC Worker Other (ms): Min: 0.0, Avg: 0.0, Max: 0.1, Diff: 0.1, Sum: 0.2]
      [GC Worker Total (ms): Min: 0.0, Avg: 1.9, Max: 3.4, Diff: 3.4, Sum: 34.7]
      [GC Worker End (ms): Min: 25517.1, Avg: 25517.4, Max: 25517.6, Diff: 0.5]
   [Code Root Fixup: 0.0 ms]
   [Code Root Purge: 0.0 ms]
   [Clear CT: 1.0 ms]
   [Other: 3.5 ms]
      [Choose CSet: 0.0 ms]
      [Ref Proc: 3.0 ms]
      [Ref Enq: 0.0 ms]
      [Redirty Cards: 0.5 ms]
      [Humongous Register: 0.0 ms]
      [Humongous Reclaim: 0.0 ms]
      [Free CSet: 0.0 ms]
   [Eden: 1024.0K(1024.0K)->0.0B(2048.0K) Survivors: 2048.0K->1024.0K Heap: 40595.6K(65536.0K)->36218.1K(65536.0K)]
 [Times: user=0.06 sys=0.00, real=0.00 secs] 
2026-06-17T09:49:03.333+0800: 25.534: [GC pause (G1 Evacuation Pause) (mixed), 0.0164080 secs]
   [Parallel Time: 9.5 ms, GC Workers: 18]
      [GC Worker Start (ms): Min: 25534.2, Avg: 25535.7, Max: 25542.5, Diff: 8.3]
      [Ext Root Scanning (ms): Min: 0.0, Avg: 0.0, Max: 0.2, Diff: 0.2, Sum: 0.5]
      [Update RS (ms): Min: 0.0, Avg: 0.0, Max: 0.0, Diff: 0.0, Sum: 0.0]
         [Processed Buffers: Min: 0, Avg: 0.3, Max: 2, Diff: 2, Sum: 5]
      [Scan RS (ms): Min: 0.0, Avg: 0.0, Max: 0.0, Diff: 0.0, Sum: 0.0]
      [Code Root Scanning (ms): Min: 0.0, Avg: 0.0, Max: 0.0, Diff: 0.0, Sum: 0.0]
      [Object Copy (ms): Min: 0.0, Avg: 0.0, Max: 0.2, Diff: 0.2, Sum: 0.6]
      [Termination (ms): Min: 0.0, Avg: 7.0, Max: 8.5, Diff: 8.5, Sum: 126.5]
         [Termination Attempts: Min: 1, Avg: 1.0, Max: 1, Diff: 0, Sum: 18]
      [GC Worker Other (ms): Min: 0.0, Avg: 0.0, Max: 0.0, Diff: 0.0, Sum: 0.2]
      [GC Worker Total (ms): Min: 0.0, Avg: 7.1, Max: 8.9, Diff: 8.9, Sum: 127.9]
      [GC Worker End (ms): Min: 25542.5, Avg: 25542.8, Max: 25543.2, Diff: 0.7]
   [Code Root Fixup: 0.0 ms]
   [Code Root Purge: 0.0 ms]
   [Clear CT: 1.5 ms]
   [Other: 5.4 ms]
      [Choose CSet: 0.0 ms]
      [Ref Proc: 4.4 ms]
      [Ref Enq: 0.0 ms]
      [Redirty Cards: 0.9 ms]
      [Humongous Register: 0.0 ms]
      [Humongous Reclaim: 0.0 ms]
      [Free CSet: 0.0 ms]
   [Eden: 2048.0K(2048.0K)->0.0B(8192.0K) Survivors: 1024.0K->1024.0K Heap: 38266.1K(65536.0K)->37635.6K(65536.0K)]
 [Times: user=0.15 sys=0.01, real=0.01 secs] 
2026-06-17T09:49:03.372+0800: 25.573: [GC pause (G1 Evacuation Pause) (young), 0.0129691 secs]
   [Parallel Time: 6.9 ms, GC Workers: 18]
      [GC Worker Start (ms): Min: 25573.0, Avg: 25574.9, Max: 25577.7, Diff: 4.7]
      [Ext Root Scanning (ms): Min: 0.0, Avg: 0.1, Max: 0.7, Diff: 0.7, Sum: 1.4]
      [Update RS (ms): Min: 0.0, Avg: 0.0, Max: 0.0, Diff: 0.0, Sum: 0.1]
         [Processed Buffers: Min: 0, Avg: 0.2, Max: 2, Diff: 2, Sum: 4]
      [Scan RS (ms): Min: 0.0, Avg: 0.0, Max: 0.0, Diff: 0.0, Sum: 0.0]
      [Code Root Scanning (ms): Min: 0.0, Avg: 0.0, Max: 0.0, Diff: 0.0, Sum: 0.0]
      [Object Copy (ms): Min: 0.0, Avg: 0.0, Max: 0.1, Diff: 0.1, Sum: 0.5]
      [Termination (ms): Min: 0.0, Avg: 2.9, Max: 4.5, Diff: 4.5, Sum: 52.3]
         [Termination Attempts: Min: 1, Avg: 1.0, Max: 1, Diff: 0, Sum: 18]
      [GC Worker Other (ms): Min: 0.0, Avg: 0.0, Max: 0.0, Diff: 0.0, Sum: 0.2]
      [GC Worker Total (ms): Min: 0.0, Avg: 3.0, Max: 5.3, Diff: 5.3, Sum: 54.6]
      [GC Worker End (ms): Min: 25577.7, Avg: 25577.9, Max: 25578.4, Diff: 0.7]
   [Code Root Fixup: 0.0 ms]
   [Code Root Purge: 0.0 ms]
   [Clear CT: 1.1 ms]
   [Other: 5.0 ms]
      [Choose CSet: 0.0 ms]
      [Ref Proc: 4.0 ms]
      [Ref Enq: 0.0 ms]
      [Redirty Cards: 1.0 ms]
      [Humongous Register: 0.0 ms]
      [Humongous Reclaim: 0.0 ms]
      [Free CSet: 0.0 ms]
   [Eden: 8192.0K(8192.0K)->0.0B(7168.0K) Survivors: 1024.0K->2048.0K Heap: 45827.6K(65536.0K)->39915.6K(65536.0K)]
 [Times: user=0.07 sys=0.01, real=0.01 secs] 
2026-06-17T09:49:03.397+0800: 25.598: [GC pause (G1 Evacuation Pause) (young) (initial-mark), 0.0171349 secs]
   [Parallel Time: 10.9 ms, GC Workers: 18]
      [GC Worker Start (ms): Min: 25598.4, Avg: 25599.1, Max: 25599.5, Diff: 1.1]
      [Ext Root Scanning (ms): Min: 0.0, Avg: 2.1, Max: 7.8, Diff: 7.8, Sum: 38.0]
      [Update RS (ms): Min: 0.0, Avg: 0.0, Max: 0.0, Diff: 0.0, Sum: 0.0]
         [Processed Buffers: Min: 0, Avg: 0.2, Max: 3, Diff: 3, Sum: 3]
      [Scan RS (ms): Min: 0.0, Avg: 0.0, Max: 0.0, Diff: 0.0, Sum: 0.0]
      [Code Root Scanning (ms): Min: 0.0, Avg: 0.0, Max: 0.0, Diff: 0.0, Sum: 0.0]
      [Object Copy (ms): Min: 0.0, Avg: 0.0, Max: 0.1, Diff: 0.1, Sum: 0.3]
      [Termination (ms): Min: 0.0, Avg: 6.4, Max: 8.1, Diff: 8.1, Sum: 115.1]
         [Termination Attempts: Min: 1, Avg: 1.1, Max: 2, Diff: 1, Sum: 19]
      [GC Worker Other (ms): Min: 0.0, Avg: 0.0, Max: 0.0, Diff: 0.0, Sum: 0.2]
      [GC Worker Total (ms): Min: 7.9, Avg: 8.5, Max: 9.6, Diff: 1.8, Sum: 153.7]
      [GC Worker End (ms): Min: 25607.3, Avg: 25607.6, Max: 25608.2, Diff: 0.9]
   [Code Root Fixup: 0.0 ms]
   [Code Root Purge: 0.0 ms]
   [Clear CT: 0.9 ms]
   [Other: 5.4 ms]
      [Choose CSet: 0.0 ms]
      [Ref Proc: 4.6 ms]
      [Ref Enq: 0.0 ms]
      [Redirty Cards: 0.7 ms]
      [Humongous Register: 0.0 ms]
      [Humongous Reclaim: 0.0 ms]
      [Free CSet: 0.0 ms]
   [Eden: 7168.0K(7168.0K)->0.0B(7168.0K) Survivors: 2048.0K->1024.0K Heap: 47083.6K(65536.0K)->39422.7K(65536.0K)]
 [Times: user=0.16 sys=0.00, real=0.02 secs] 
2026-06-17T09:49:03.415+0800: 25.616: [GC concurrent-root-region-scan-start]
2026-06-17T09:49:03.415+0800: 25.617: [GC concurrent-root-region-scan-end, 0.0002886 secs]
2026-06-17T09:49:03.415+0800: 25.617: [GC concurrent-mark-start]
2026-06-17T09:49:03.416+0800: 25.617: [GC concurrent-mark-end, 0.0006500 secs]
2026-06-17T09:49:03.416+0800: 25.617: [GC remark 2026-06-17T09:49:03.417+0800: 25.618: [Finalize Marking, 0.0036421 secs] 2026-06-17T09:49:03.421+0800: 25.622: [GC ref-proc, 0.0003621 secs] 2026-06-17T09:49:03.421+0800: 25.623: [Unloading, 0.0015177 secs], 0.0078513 secs]
 [Times: user=0.02 sys=0.00, real=0.01 secs] 
2026-06-17T09:49:03.425+0800: 25.626: [GC cleanup 40633K->39609K(65536K), 0.0028303 secs]
 [Times: user=0.01 sys=0.00, real=0.00 secs] 
2026-06-17T09:49:03.429+0800: 25.631: [GC concurrent-cleanup-start]
2026-06-17T09:49:03.429+0800: 25.631: [GC concurrent-cleanup-end, 0.0000064 secs]
2026-06-17T09:49:03.440+0800: 25.641: [GC pause (G1 Evacuation Pause) (young), 0.0134975 secs]
   [Parallel Time: 8.8 ms, GC Workers: 18]
      [GC Worker Start (ms): Min: 25641.3, Avg: 25643.2, Max: 25649.0, Diff: 7.7]
      [Ext Root Scanning (ms): Min: 0.0, Avg: 0.0, Max: 0.2, Diff: 0.2, Sum: 0.3]
      [Update RS (ms): Min: 0.0, Avg: 0.0, Max: 0.0, Diff: 0.0, Sum: 0.0]
         [Processed Buffers: Min: 0, Avg: 0.1, Max: 1, Diff: 1, Sum: 2]
      [Scan RS (ms): Min: 0.0, Avg: 0.0, Max: 0.0, Diff: 0.0, Sum: 0.0]
      [Code Root Scanning (ms): Min: 0.0, Avg: 0.0, Max: 0.0, Diff: 0.0, Sum: 0.0]
      [Object Copy (ms): Min: 0.0, Avg: 0.0, Max: 0.2, Diff: 0.2, Sum: 0.5]
      [Termination (ms): Min: 0.0, Avg: 5.9, Max: 7.7, Diff: 7.7, Sum: 106.1]
         [Termination Attempts: Min: 1, Avg: 1.0, Max: 1, Diff: 0, Sum: 18]
      [GC Worker Other (ms): Min: 0.0, Avg: 0.0, Max: 0.0, Diff: 0.0, Sum: 0.1]
      [GC Worker Total (ms): Min: 0.0, Avg: 5.9, Max: 7.9, Diff: 7.9, Sum: 107.1]
      [GC Worker End (ms): Min: 25649.0, Avg: 25649.1, Max: 25649.4, Diff: 0.4]
   [Code Root Fixup: 0.0 ms]
   [Code Root Purge: 0.0 ms]
   [Clear CT: 1.2 ms]
   [Other: 3.6 ms]
      [Choose CSet: 0.0 ms]
      [Ref Proc: 2.6 ms]
      [Ref Enq: 0.0 ms]
      [Redirty Cards: 0.9 ms]
      [Humongous Register: 0.0 ms]
      [Humongous Reclaim: 0.0 ms]
      [Free CSet: 0.0 ms]
   [Eden: 7168.0K(7168.0K)->0.0B(2048.0K) Survivors: 1024.0K->1024.0K Heap: 45566.7K(65536.0K)->42168.6K(65536.0K)]
 [Times: user=0.13 sys=0.00, real=0.02 secs] 
2026-06-17T09:49:03.465+0800: 25.666: [GC pause (G1 Evacuation Pause) (mixed), 0.0103817 secs]
   [Parallel Time: 7.0 ms, GC Workers: 18]
      [GC Worker Start (ms): Min: 25666.3, Avg: 25667.2, Max: 25672.6, Diff: 6.2]
      [Ext Root Scanning (ms): Min: 0.0, Avg: 0.0, Max: 0.1, Diff: 0.1, Sum: 0.2]
      [Update RS (ms): Min: 0.0, Avg: 0.0, Max: 0.0, Diff: 0.0, Sum: 0.0]
         [Processed Buffers: Min: 0, Avg: 0.1, Max: 1, Diff: 1, Sum: 2]
      [Scan RS (ms): Min: 0.0, Avg: 0.0, Max: 0.0, Diff: 0.0, Sum: 0.0]
      [Code Root Scanning (ms): Min: 0.0, Avg: 0.0, Max: 0.0, Diff: 0.0, Sum: 0.0]
      [Object Copy (ms): Min: 0.0, Avg: 0.0, Max: 0.2, Diff: 0.2, Sum: 0.5]
      [Termination (ms): Min: 0.0, Avg: 5.4, Max: 6.1, Diff: 6.1, Sum: 96.6]
         [Termination Attempts: Min: 1, Avg: 1.0, Max: 1, Diff: 0, Sum: 18]
      [GC Worker Other (ms): Min: 0.0, Avg: 0.0, Max: 0.0, Diff: 0.0, Sum: 0.1]
      [GC Worker Total (ms): Min: 0.0, Avg: 5.4, Max: 6.3, Diff: 6.3, Sum: 97.4]
      [GC Worker End (ms): Min: 25672.6, Avg: 25672.6, Max: 25672.8, Diff: 0.2]
   [Code Root Fixup: 0.0 ms]
   [Code Root Purge: 0.0 ms]
   [Clear CT: 1.4 ms]
   [Other: 1.9 ms]
      [Choose CSet: 0.0 ms]
      [Ref Proc: 1.1 ms]
      [Ref Enq: 0.0 ms]
      [Redirty Cards: 0.7 ms]
      [Humongous Register: 0.0 ms]
      [Humongous Reclaim: 0.0 ms]
      [Free CSet: 0.0 ms]
   [Eden: 2048.0K(2048.0K)->0.0B(8192.0K) Survivors: 1024.0K->1024.0K Heap: 44216.6K(65536.0K)->38959.4K(65536.0K)]
 [Times: user=0.10 sys=0.00, real=0.01 secs] 
2026-06-17T09:49:03.477+0800: 25.678: [GC pause (G1 Humongous Allocation) (young) (initial-mark), 0.0054532 secs]
   [Parallel Time: 2.5 ms, GC Workers: 18]
      [GC Worker Start (ms): Min: 25678.1, Avg: 25678.4, Max: 25678.6, Diff: 0.6]
      [Ext Root Scanning (ms): Min: 0.0, Avg: 0.9, Max: 1.4, Diff: 1.4, Sum: 16.8]
      [Update RS (ms): Min: 0.0, Avg: 0.0, Max: 0.0, Diff: 0.0, Sum: 0.0]
         [Processed Buffers: Min: 0, Avg: 0.2, Max: 4, Diff: 4, Sum: 4]
      [Scan RS (ms): Min: 0.0, Avg: 0.0, Max: 0.0, Diff: 0.0, Sum: 0.0]
      [Code Root Scanning (ms): Min: 0.0, Avg: 0.0, Max: 0.0, Diff: 0.0, Sum: 0.0]
      [Object Copy (ms): Min: 0.0, Avg: 0.0, Max: 0.1, Diff: 0.1, Sum: 0.3]
      [Termination (ms): Min: 0.0, Avg: 0.7, Max: 1.4, Diff: 1.4, Sum: 12.5]
         [Termination Attempts: Min: 1, Avg: 1.1, Max: 2, Diff: 1, Sum: 19]
      [GC Worker Other (ms): Min: 0.0, Avg: 0.0, Max: 0.0, Diff: 0.0, Sum: 0.1]
      [GC Worker Total (ms): Min: 1.4, Avg: 1.7, Max: 1.9, Diff: 0.6, Sum: 29.7]
      [GC Worker End (ms): Min: 25680.0, Avg: 25680.0, Max: 25680.2, Diff: 0.2]
   [Code Root Fixup: 0.0 ms]
   [Code Root Purge: 0.0 ms]
   [Clear CT: 0.6 ms]
   [Other: 2.4 ms]
      [Choose CSet: 0.0 ms]
      [Ref Proc: 1.8 ms]
      [Ref Enq: 0.0 ms]
      [Redirty Cards: 0.6 ms]
      [Humongous Register: 0.0 ms]
      [Humongous Reclaim: 0.0 ms]
      [Free CSet: 0.0 ms]
   [Eden: 6144.0K(8192.0K)->0.0B(6144.0K) Survivors: 1024.0K->2048.0K Heap: 44236.4K(65536.0K)->40626.6K(65536.0K)]
 [Times: user=0.04 sys=0.00, real=0.01 secs] 
2026-06-17T09:49:03.483+0800: 25.684: [GC concurrent-root-region-scan-start]
2026-06-17T09:49:03.483+0800: 25.685: [GC concurrent-root-region-scan-end, 0.0002530 secs]
2026-06-17T09:49:03.483+0800: 25.685: [GC concurrent-mark-start]
2026-06-17T09:49:03.484+0800: 25.685: [GC concurrent-mark-end, 0.0002645 secs]
2026-06-17T09:49:03.484+0800: 25.685: [GC remark 2026-06-17T09:49:03.484+0800: 25.686: [Finalize Marking, 0.0072818 secs] 2026-06-17T09:49:03.492+0800: 25.693: [GC ref-proc, 0.0006566 secs] 2026-06-17T09:49:03.493+0800: 25.695: [Unloading, 0.0014485 secs], 0.0120683 secs]
 [Times: user=0.10 sys=0.00, real=0.01 secs] 
2026-06-17T09:49:03.497+0800: 25.698: [GC cleanup 42598K->38502K(65536K), 0.0028681 secs]
 [Times: user=0.00 sys=0.00, real=0.00 secs] 
2026-06-17T09:49:03.501+0800: 25.702: [GC concurrent-cleanup-start]
2026-06-17T09:49:03.501+0800: 25.702: [GC concurrent-cleanup-end, 0.0000063 secs]
2026-06-17T09:49:03.512+0800: 25.713: [GC pause (G1 Evacuation Pause) (young), 0.0117986 secs]
   [Parallel Time: 7.3 ms, GC Workers: 18]
      [GC Worker Start (ms): Min: 25712.9, Avg: 25714.4, Max: 25719.1, Diff: 6.2]
      [Ext Root Scanning (ms): Min: 0.0, Avg: 0.0, Max: 0.1, Diff: 0.1, Sum: 0.3]
      [Update RS (ms): Min: 0.0, Avg: 0.0, Max: 0.0, Diff: 0.0, Sum: 0.0]
         [Processed Buffers: Min: 0, Avg: 0.1, Max: 1, Diff: 1, Sum: 2]
      [Scan RS (ms): Min: 0.0, Avg: 0.0, Max: 0.0, Diff: 0.0, Sum: 0.0]
      [Code Root Scanning (ms): Min: 0.0, Avg: 0.0, Max: 0.0, Diff: 0.0, Sum: 0.0]
      [Object Copy (ms): Min: 0.0, Avg: 0.0, Max: 0.2, Diff: 0.2, Sum: 0.5]
      [Termination (ms): Min: 0.0, Avg: 4.8, Max: 6.0, Diff: 6.0, Sum: 86.0]
         [Termination Attempts: Min: 1, Avg: 1.0, Max: 1, Diff: 0, Sum: 18]
      [GC Worker Other (ms): Min: 0.0, Avg: 0.0, Max: 0.0, Diff: 0.0, Sum: 0.1]
      [GC Worker Total (ms): Min: 0.0, Avg: 4.8, Max: 6.3, Diff: 6.3, Sum: 87.0]
      [GC Worker End (ms): Min: 25719.1, Avg: 25719.2, Max: 25719.4, Diff: 0.3]
   [Code Root Fixup: 0.0 ms]
   [Code Root Purge: 0.0 ms]
   [Clear CT: 1.5 ms]
   [Other: 2.9 ms]
      [Choose CSet: 0.0 ms]
      [Ref Proc: 2.3 ms]
      [Ref Enq: 0.0 ms]
      [Redirty Cards: 0.6 ms]
      [Humongous Register: 0.0 ms]
      [Humongous Reclaim: 0.0 ms]
      [Free CSet: 0.0 ms]
   [Eden: 6144.0K(6144.0K)->0.0B(2048.0K) Survivors: 2048.0K->1024.0K Heap: 43632.7K(65536.0K)->40002.7K(65536.0K)]
 [Times: user=0.11 sys=0.01, real=0.01 secs] 
2026-06-17T09:49:03.535+0800: 25.736: [GC pause (G1 Evacuation Pause) (mixed), 0.0129437 secs]
   [Parallel Time: 8.3 ms, GC Workers: 18]
      [GC Worker Start (ms): Min: 25736.0, Avg: 25737.4, Max: 25743.2, Diff: 7.2]
      [Ext Root Scanning (ms): Min: 0.0, Avg: 0.0, Max: 0.1, Diff: 0.1, Sum: 0.3]
      [Update RS (ms): Min: 0.0, Avg: 0.0, Max: 0.0, Diff: 0.0, Sum: 0.0]
         [Processed Buffers: Min: 0, Avg: 0.2, Max: 1, Diff: 1, Sum: 3]
      [Scan RS (ms): Min: 0.0, Avg: 0.0, Max: 0.0, Diff: 0.0, Sum: 0.0]
      [Code Root Scanning (ms): Min: 0.0, Avg: 0.0, Max: 0.0, Diff: 0.0, Sum: 0.0]
      [Object Copy (ms): Min: 0.0, Avg: 0.0, Max: 0.1, Diff: 0.1, Sum: 0.5]
      [Termination (ms): Min: 0.0, Avg: 5.8, Max: 7.2, Diff: 7.2, Sum: 104.2]
         [Termination Attempts: Min: 1, Avg: 1.0, Max: 1, Diff: 0, Sum: 18]
      [GC Worker Other (ms): Min: 0.0, Avg: 0.0, Max: 0.0, Diff: 0.0, Sum: 0.1]
      [GC Worker Total (ms): Min: 0.0, Avg: 5.8, Max: 7.4, Diff: 7.4, Sum: 105.2]
      [GC Worker End (ms): Min: 25743.2, Avg: 25743.3, Max: 25743.5, Diff: 0.4]
   [Code Root Fixup: 0.0 ms]
   [Code Root Purge: 0.0 ms]
   [Clear CT: 0.8 ms]
   [Other: 3.9 ms]
      [Choose CSet: 0.0 ms]
      [Ref Proc: 3.3 ms]
      [Ref Enq: 0.0 ms]
      [Redirty Cards: 0.5 ms]
      [Humongous Register: 0.0 ms]
      [Humongous Reclaim: 0.0 ms]
      [Free CSet: 0.0 ms]
   [Eden: 2048.0K(2048.0K)->0.0B(2048.0K) Survivors: 1024.0K->1024.0K Heap: 42050.7K(65536.0K)->35737.4K(65536.0K)]
 [Times: user=0.12 sys=0.01, real=0.01 secs] 
2026-06-17T09:49:03.549+0800: 25.750: [GC pause (G1 Evacuation Pause) (mixed), 0.0080132 secs]
   [Parallel Time: 3.0 ms, GC Workers: 18]
      [GC Worker Start (ms): Min: 25750.4, Avg: 25751.5, Max: 25752.5, Diff: 2.0]
      [Ext Root Scanning (ms): Min: 0.0, Avg: 0.0, Max: 0.1, Diff: 0.1, Sum: 0.3]
      [Update RS (ms): Min: 0.0, Avg: 0.0, Max: 0.0, Diff: 0.0, Sum: 0.0]
         [Processed Buffers: Min: 0, Avg: 0.2, Max: 2, Diff: 2, Sum: 4]
      [Scan RS (ms): Min: 0.0, Avg: 0.0, Max: 0.0, Diff: 0.0, Sum: 0.1]
      [Code Root Scanning (ms): Min: 0.0, Avg: 0.0, Max: 0.0, Diff: 0.0, Sum: 0.0]
      [Object Copy (ms): Min: 0.0, Avg: 0.0, Max: 0.2, Diff: 0.2, Sum: 0.8]
      [Termination (ms): Min: 0.0, Avg: 1.0, Max: 1.9, Diff: 1.9, Sum: 18.5]
         [Termination Attempts: Min: 1, Avg: 1.0, Max: 1, Diff: 0, Sum: 18]
      [GC Worker Other (ms): Min: 0.0, Avg: 0.0, Max: 0.0, Diff: 0.0, Sum: 0.1]
      [GC Worker Total (ms): Min: 0.0, Avg: 1.1, Max: 2.2, Diff: 2.2, Sum: 19.8]
      [GC Worker End (ms): Min: 25752.5, Avg: 25752.6, Max: 25752.7, Diff: 0.2]
   [Code Root Fixup: 0.0 ms]
   [Code Root Purge: 0.0 ms]
   [Clear CT: 1.0 ms]
   [Other: 3.9 ms]
      [Choose CSet: 0.0 ms]
      [Ref Proc: 2.9 ms]
      [Ref Enq: 0.0 ms]
      [Redirty Cards: 1.0 ms]
      [Humongous Register: 0.0 ms]
      [Humongous Reclaim: 0.0 ms]
      [Free CSet: 0.0 ms]
   [Eden: 2048.0K(2048.0K)->0.0B(11264.0K) Survivors: 1024.0K->1024.0K Heap: 37785.4K(65536.0K)->34140.7K(65536.0K)]
 [Times: user=0.03 sys=0.01, real=0.01 secs] 
2026-06-17T09:49:03.590+0800: 25.791: [GC pause (G1 Evacuation Pause) (young), 0.0285329 secs]
   [Parallel Time: 20.2 ms, GC Workers: 18]
      [GC Worker Start (ms): Min: 25791.5, Avg: 25797.9, Max: 25808.9, Diff: 17.4]
      [Ext Root Scanning (ms): Min: 0.0, Avg: 0.1, Max: 0.6, Diff: 0.6, Sum: 1.4]
      [Update RS (ms): Min: 0.0, Avg: 0.0, Max: 0.2, Diff: 0.2, Sum: 0.4]
         [Processed Buffers: Min: 0, Avg: 0.3, Max: 2, Diff: 2, Sum: 5]
      [Scan RS (ms): Min: 0.0, Avg: 0.0, Max: 0.0, Diff: 0.0, Sum: 0.1]
      [Code Root Scanning (ms): Min: 0.0, Avg: 0.0, Max: 0.0, Diff: 0.0, Sum: 0.0]
      [Object Copy (ms): Min: 0.0, Avg: 0.1, Max: 0.3, Diff: 0.3, Sum: 1.2]
      [Termination (ms): Min: 0.0, Avg: 11.4, Max: 17.7, Diff: 17.7, Sum: 205.1]
         [Termination Attempts: Min: 1, Avg: 1.0, Max: 1, Diff: 0, Sum: 18]
      [GC Worker Other (ms): Min: 0.0, Avg: 0.0, Max: 0.0, Diff: 0.0, Sum: 0.3]
      [GC Worker Total (ms): Min: 0.0, Avg: 11.6, Max: 18.4, Diff: 18.3, Sum: 208.4]
      [GC Worker End (ms): Min: 25808.9, Avg: 25809.4, Max: 25810.4, Diff: 1.4]
   [Code Root Fixup: 0.0 ms]
   [Code Root Purge: 0.0 ms]
   [Clear CT: 1.2 ms]
   [Other: 7.1 ms]
      [Choose CSet: 0.0 ms]
      [Ref Proc: 6.1 ms]
      [Ref Enq: 0.0 ms]
      [Redirty Cards: 0.9 ms]
      [Humongous Register: 0.0 ms]
      [Humongous Reclaim: 0.0 ms]
      [Free CSet: 0.0 ms]
   [Eden: 11264.0K(11264.0K)->0.0B(9216.0K) Survivors: 1024.0K->2048.0K Heap: 45404.7K(65536.0K)->37659.7K(65536.0K)]
 [Times: user=0.26 sys=0.01, real=0.03 secs] 
2026-06-17T09:49:03.641+0800: 25.843: [GC pause (G1 Evacuation Pause) (young) (initial-mark), 0.0131763 secs]
   [Parallel Time: 4.7 ms, GC Workers: 18]
      [GC Worker Start (ms): Min: 25842.8, Avg: 25843.4, Max: 25844.0, Diff: 1.2]
      [Ext Root Scanning (ms): Min: 0.0, Avg: 1.8, Max: 2.7, Diff: 2.7, Sum: 31.8]
      [Update RS (ms): Min: 0.0, Avg: 0.0, Max: 0.0, Diff: 0.0, Sum: 0.0]
         [Processed Buffers: Min: 0, Avg: 0.2, Max: 3, Diff: 3, Sum: 3]
      [Scan RS (ms): Min: 0.0, Avg: 0.0, Max: 0.0, Diff: 0.0, Sum: 0.0]
      [Code Root Scanning (ms): Min: 0.0, Avg: 0.0, Max: 0.0, Diff: 0.0, Sum: 0.0]
      [Object Copy (ms): Min: 0.0, Avg: 0.0, Max: 0.3, Diff: 0.3, Sum: 0.7]
      [Termination (ms): Min: 0.0, Avg: 1.4, Max: 2.4, Diff: 2.4, Sum: 24.9]
         [Termination Attempts: Min: 1, Avg: 1.0, Max: 1, Diff: 0, Sum: 18]
      [GC Worker Other (ms): Min: 0.0, Avg: 0.0, Max: 0.0, Diff: 0.0, Sum: 0.1]
      [GC Worker Total (ms): Min: 2.6, Avg: 3.2, Max: 3.9, Diff: 1.2, Sum: 57.4]
      [GC Worker End (ms): Min: 25846.6, Avg: 25846.6, Max: 25846.7, Diff: 0.2]
   [Code Root Fixup: 0.0 ms]
   [Code Root Purge: 0.0 ms]
   [Clear CT: 2.1 ms]
   [Other: 6.4 ms]
      [Choose CSet: 0.0 ms]
      [Ref Proc: 5.0 ms]
      [Ref Enq: 0.0 ms]
      [Redirty Cards: 1.3 ms]
      [Humongous Register: 0.0 ms]
      [Humongous Reclaim: 0.0 ms]
      [Free CSet: 0.0 ms]
   [Eden: 9216.0K(9216.0K)->0.0B(7168.0K) Survivors: 2048.0K->2048.0K Heap: 46875.7K(65536.0K)->39784.7K(65536.0K)]
 [Times: user=0.09 sys=0.00, real=0.02 secs] 
2026-06-17T09:49:03.656+0800: 25.857: [GC concurrent-root-region-scan-start]
2026-06-17T09:49:03.656+0800: 25.857: [GC concurrent-root-region-scan-end, 0.0003848 secs]
2026-06-17T09:49:03.656+0800: 25.857: [GC concurrent-mark-start]
2026-06-17T09:49:03.657+0800: 25.858: [GC concurrent-mark-end, 0.0003790 secs]
2026-06-17T09:49:03.657+0800: 25.858: [GC remark 2026-06-17T09:49:03.657+0800: 25.858: [Finalize Marking, 0.0066914 secs] 2026-06-17T09:49:03.665+0800: 25.866: [GC ref-proc, 0.0006868 secs] 2026-06-17T09:49:03.666+0800: 25.867: [Unloading, 0.0016022 secs], 0.0119055 secs]
 [Times: user=0.07 sys=0.00, real=0.01 secs] 
2026-06-17T09:49:03.670+0800: 25.871: [GC cleanup 43436K->42412K(65536K), 0.0031106 secs]
 [Times: user=0.00 sys=0.00, real=0.01 secs] 
2026-06-17T09:49:03.675+0800: 25.876: [GC concurrent-cleanup-start]
2026-06-17T09:49:03.675+0800: 25.876: [GC concurrent-cleanup-end, 0.0000068 secs]
2026-06-17T09:49:03.675+0800: 25.876: [GC pause (G1 Evacuation Pause) (young), 0.0053695 secs]
   [Parallel Time: 2.3 ms, GC Workers: 18]
      [GC Worker Start (ms): Min: 25876.1, Avg: 25877.1, Max: 25878.1, Diff: 2.0]
      [Ext Root Scanning (ms): Min: 0.0, Avg: 0.0, Max: 0.1, Diff: 0.1, Sum: 0.3]
      [Update RS (ms): Min: 0.0, Avg: 0.0, Max: 0.0, Diff: 0.0, Sum: 0.0]
         [Processed Buffers: Min: 0, Avg: 0.2, Max: 2, Diff: 2, Sum: 3]
      [Scan RS (ms): Min: 0.0, Avg: 0.0, Max: 0.0, Diff: 0.0, Sum: 0.0]
      [Code Root Scanning (ms): Min: 0.0, Avg: 0.0, Max: 0.0, Diff: 0.0, Sum: 0.0]
      [Object Copy (ms): Min: 0.0, Avg: 0.0, Max: 0.1, Diff: 0.1, Sum: 0.4]
      [Termination (ms): Min: 0.0, Avg: 1.0, Max: 1.9, Diff: 1.9, Sum: 17.8]
         [Termination Attempts: Min: 1, Avg: 1.0, Max: 1, Diff: 0, Sum: 18]
      [GC Worker Other (ms): Min: 0.0, Avg: 0.0, Max: 0.0, Diff: 0.0, Sum: 0.1]
      [GC Worker Total (ms): Min: 0.0, Avg: 1.0, Max: 2.1, Diff: 2.1, Sum: 18.7]
      [GC Worker End (ms): Min: 25878.1, Avg: 25878.2, Max: 25878.3, Diff: 0.1]
   [Code Root Fixup: 0.0 ms]
   [Code Root Purge: 0.0 ms]
   [Clear CT: 0.6 ms]
   [Other: 2.5 ms]
      [Choose CSet: 0.0 ms]
      [Ref Proc: 1.9 ms]
      [Ref Enq: 0.0 ms]
      [Redirty Cards: 0.5 ms]
      [Humongous Register: 0.0 ms]
      [Humongous Reclaim: 0.0 ms]
      [Free CSet: 0.0 ms]
   [Eden: 7168.0K(7168.0K)->0.0B(2048.0K) Survivors: 2048.0K->1024.0K Heap: 45928.7K(65536.0K)->39952.7K(65536.0K)]
 [Times: user=0.04 sys=0.00, real=0.00 secs] 
2026-06-17T09:49:03.692+0800: 25.893: [GC pause (G1 Evacuation Pause) (mixed), 0.0112524 secs]
   [Parallel Time: 6.8 ms, GC Workers: 18]
      [GC Worker Start (ms): Min: 25893.3, Avg: 25894.6, Max: 25898.5, Diff: 5.2]
      [Ext Root Scanning (ms): Min: 0.0, Avg: 0.0, Max: 0.2, Diff: 0.2, Sum: 0.4]
      [Update RS (ms): Min: 0.0, Avg: 0.0, Max: 0.0, Diff: 0.0, Sum: 0.0]
         [Processed Buffers: Min: 0, Avg: 0.1, Max: 1, Diff: 1, Sum: 2]
      [Scan RS (ms): Min: 0.0, Avg: 0.0, Max: 0.0, Diff: 0.0, Sum: 0.0]
      [Code Root Scanning (ms): Min: 0.0, Avg: 0.0, Max: 0.0, Diff: 0.0, Sum: 0.0]
      [Object Copy (ms): Min: 0.0, Avg: 0.0, Max: 0.2, Diff: 0.2, Sum: 0.8]
      [Termination (ms): Min: 0.0, Avg: 4.0, Max: 5.2, Diff: 5.2, Sum: 71.4]
         [Termination Attempts: Min: 1, Avg: 1.0, Max: 1, Diff: 0, Sum: 18]
      [GC Worker Other (ms): Min: 0.0, Avg: 0.0, Max: 0.0, Diff: 0.0, Sum: 0.1]
      [GC Worker Total (ms): Min: 0.0, Avg: 4.0, Max: 5.5, Diff: 5.4, Sum: 72.8]
      [GC Worker End (ms): Min: 25898.5, Avg: 25898.6, Max: 25898.9, Diff: 0.4]
   [Code Root Fixup: 0.0 ms]
   [Code Root Purge: 0.0 ms]
   [Clear CT: 0.7 ms]
   [Other: 3.7 ms]
      [Choose CSet: 0.0 ms]
      [Ref Proc: 3.1 ms]
      [Ref Enq: 0.0 ms]
      [Redirty Cards: 0.6 ms]
      [Humongous Register: 0.0 ms]
      [Humongous Reclaim: 0.0 ms]
      [Free CSet: 0.0 ms]
   [Eden: 2048.0K(2048.0K)->0.0B(2048.0K) Survivors: 1024.0K->1024.0K Heap: 42000.7K(65536.0K)->38684.7K(65536.0K)]
 [Times: user=0.09 sys=0.01, real=0.01 secs] 
2026-06-17T09:49:03.705+0800: 25.906: [GC pause (G1 Evacuation Pause) (mixed), 0.0066986 secs]
   [Parallel Time: 2.6 ms, GC Workers: 18]
      [GC Worker Start (ms): Min: 25906.1, Avg: 25907.0, Max: 25907.9, Diff: 1.8]
      [Ext Root Scanning (ms): Min: 0.0, Avg: 0.0, Max: 0.1, Diff: 0.1, Sum: 0.3]
      [Update RS (ms): Min: 0.0, Avg: 0.0, Max: 0.0, Diff: 0.0, Sum: 0.0]
         [Processed Buffers: Min: 0, Avg: 0.3, Max: 2, Diff: 2, Sum: 5]
      [Scan RS (ms): Min: 0.0, Avg: 0.0, Max: 0.0, Diff: 0.0, Sum: 0.0]
      [Code Root Scanning (ms): Min: 0.0, Avg: 0.0, Max: 0.0, Diff: 0.0, Sum: 0.0]
      [Object Copy (ms): Min: 0.0, Avg: 0.0, Max: 0.2, Diff: 0.2, Sum: 0.8]
      [Termination (ms): Min: 0.0, Avg: 0.9, Max: 1.6, Diff: 1.6, Sum: 16.0]
         [Termination Attempts: Min: 1, Avg: 1.0, Max: 1, Diff: 0, Sum: 18]
      [GC Worker Other (ms): Min: 0.0, Avg: 0.0, Max: 0.0, Diff: 0.0, Sum: 0.1]
      [GC Worker Total (ms): Min: 0.0, Avg: 1.0, Max: 2.0, Diff: 2.0, Sum: 17.2]
      [GC Worker End (ms): Min: 25907.9, Avg: 25908.0, Max: 25908.1, Diff: 0.3]
   [Code Root Fixup: 0.0 ms]
   [Code Root Purge: 0.0 ms]
   [Clear CT: 1.1 ms]
   [Other: 3.0 ms]
      [Choose CSet: 0.0 ms]
      [Ref Proc: 2.3 ms]
      [Ref Enq: 0.0 ms]
      [Redirty Cards: 0.6 ms]
      [Humongous Register: 0.0 ms]
      [Humongous Reclaim: 0.0 ms]
      [Free CSet: 0.0 ms]
   [Eden: 2048.0K(2048.0K)->0.0B(7168.0K) Survivors: 1024.0K->1024.0K Heap: 40732.7K(65536.0K)->40023.7K(65536.0K)]
 [Times: user=0.03 sys=0.00, real=0.01 secs] 
2026-06-17T09:49:03.734+0800: 25.935: [GC pause (G1 Evacuation Pause) (young), 0.0148752 secs]
   [Parallel Time: 8.4 ms, GC Workers: 18]
      [GC Worker Start (ms): Min: 25935.2, Avg: 25936.7, Max: 25941.2, Diff: 6.0]
      [Ext Root Scanning (ms): Min: 0.0, Avg: 0.0, Max: 0.3, Diff: 0.3, Sum: 0.7]
      [Update RS (ms): Min: 0.0, Avg: 0.0, Max: 0.0, Diff: 0.0, Sum: 0.1]
         [Processed Buffers: Min: 0, Avg: 0.2, Max: 2, Diff: 2, Sum: 4]
      [Scan RS (ms): Min: 0.0, Avg: 0.0, Max: 0.0, Diff: 0.0, Sum: 0.0]
      [Code Root Scanning (ms): Min: 0.0, Avg: 0.0, Max: 0.0, Diff: 0.0, Sum: 0.0]
      [Object Copy (ms): Min: 0.0, Avg: 0.0, Max: 0.2, Diff: 0.2, Sum: 0.8]
      [Termination (ms): Min: 0.0, Avg: 4.6, Max: 5.7, Diff: 5.7, Sum: 81.9]
         [Termination Attempts: Min: 1, Avg: 1.0, Max: 1, Diff: 0, Sum: 18]
      [GC Worker Other (ms): Min: 0.0, Avg: 0.0, Max: 0.0, Diff: 0.0, Sum: 0.2]
      [GC Worker Total (ms): Min: 0.0, Avg: 4.7, Max: 6.0, Diff: 6.0, Sum: 83.7]
      [GC Worker End (ms): Min: 25941.2, Avg: 25941.4, Max: 25941.9, Diff: 0.7]
   [Code Root Fixup: 0.0 ms]
   [Code Root Purge: 0.0 ms]
   [Clear CT: 1.1 ms]
   [Other: 5.3 ms]
      [Choose CSet: 0.0 ms]
      [Ref Proc: 4.6 ms]
      [Ref Enq: 0.0 ms]
      [Redirty Cards: 0.7 ms]
      [Humongous Register: 0.0 ms]
      [Humongous Reclaim: 0.0 ms]
      [Free CSet: 0.0 ms]
   [Eden: 7168.0K(7168.0K)->0.0B(4096.0K) Survivors: 1024.0K->1024.0K Heap: 47191.7K(65536.0K)->43364.7K(65536.0K)]
 [Times: user=0.12 sys=0.01, real=0.01 secs] 
2026-06-17T09:49:03.760+0800: 25.962: [GC pause (G1 Evacuation Pause) (young) (initial-mark), 0.0125069 secs]
   [Parallel Time: 6.2 ms, GC Workers: 18]
      [GC Worker Start (ms): Min: 25961.8, Avg: 25962.5, Max: 25963.1, Diff: 1.3]
      [Ext Root Scanning (ms): Min: 0.0, Avg: 1.9, Max: 2.7, Diff: 2.7, Sum: 34.0]
      [Update RS (ms): Min: 0.0, Avg: 0.0, Max: 0.0, Diff: 0.0, Sum: 0.0]
         [Processed Buffers: Min: 0, Avg: 0.2, Max: 3, Diff: 3, Sum: 3]
      [Scan RS (ms): Min: 0.0, Avg: 0.0, Max: 0.0, Diff: 0.0, Sum: 0.0]
      [Code Root Scanning (ms): Min: 0.0, Avg: 0.0, Max: 0.0, Diff: 0.0, Sum: 0.0]
      [Object Copy (ms): Min: 0.0, Avg: 0.0, Max: 0.3, Diff: 0.2, Sum: 0.4]
      [Termination (ms): Min: 0.0, Avg: 1.6, Max: 3.0, Diff: 3.0, Sum: 28.0]
         [Termination Attempts: Min: 1, Avg: 1.0, Max: 1, Diff: 0, Sum: 18]
      [GC Worker Other (ms): Min: 0.0, Avg: 0.0, Max: 0.0, Diff: 0.0, Sum: 0.2]
      [GC Worker Total (ms): Min: 2.7, Avg: 3.5, Max: 4.4, Diff: 1.7, Sum: 62.7]
      [GC Worker End (ms): Min: 25965.8, Avg: 25966.0, Max: 25966.5, Diff: 0.7]
   [Code Root Fixup: 0.0 ms]
   [Code Root Purge: 0.0 ms]
   [Clear CT: 1.1 ms]
   [Other: 5.2 ms]
      [Choose CSet: 0.0 ms]
      [Ref Proc: 4.5 ms]
      [Ref Enq: 0.0 ms]
      [Redirty Cards: 0.6 ms]
      [Humongous Register: 0.0 ms]
      [Humongous Reclaim: 0.0 ms]
      [Free CSet: 0.0 ms]
   [Eden: 4096.0K(4096.0K)->0.0B(2048.0K) Survivors: 1024.0K->1024.0K Heap: 47460.7K(65536.0K)->45498.7K(65536.0K)]
 [Times: user=0.06 sys=0.00, real=0.02 secs] 
2026-06-17T09:49:03.774+0800: 25.976: [GC concurrent-root-region-scan-start]
2026-06-17T09:49:03.775+0800: 25.976: [GC pause (G1 Evacuation Pause) (young)2026-06-17T09:49:03.775+0800: 25.976: [GC concurrent-root-region-scan-end, 0.0003807 secs]
2026-06-17T09:49:03.775+0800: 25.976: [GC concurrent-mark-start]
, 0.0075521 secs]
   [Root Region Scan Waiting: 0.1 ms]
   [Parallel Time: 2.3 ms, GC Workers: 18]
      [GC Worker Start (ms): Min: 25975.9, Avg: 25976.4, Max: 25977.0, Diff: 1.0]
      [Ext Root Scanning (ms): Min: 0.0, Avg: 0.0, Max: 0.2, Diff: 0.2, Sum: 0.5]
      [Update RS (ms): Min: 0.0, Avg: 0.0, Max: 0.0, Diff: 0.0, Sum: 0.0]
         [Processed Buffers: Min: 0, Avg: 0.2, Max: 1, Diff: 1, Sum: 3]
      [Scan RS (ms): Min: 0.0, Avg: 0.0, Max: 0.0, Diff: 0.0, Sum: 0.0]
      [Code Root Scanning (ms): Min: 0.0, Avg: 0.0, Max: 0.0, Diff: 0.0, Sum: 0.0]
      [Object Copy (ms): Min: 0.0, Avg: 0.0, Max: 0.1, Diff: 0.1, Sum: 0.4]
      [Termination (ms): Min: 0.0, Avg: 0.6, Max: 1.1, Diff: 1.1, Sum: 11.5]
         [Termination Attempts: Min: 1, Avg: 1.2, Max: 2, Diff: 1, Sum: 21]
      [GC Worker Other (ms): Min: 0.0, Avg: 0.0, Max: 0.0, Diff: 0.0, Sum: 0.1]
      [GC Worker Total (ms): Min: 0.0, Avg: 0.7, Max: 1.3, Diff: 1.3, Sum: 12.5]
      [GC Worker End (ms): Min: 25977.0, Avg: 25977.1, Max: 25977.3, Diff: 0.3]
   [Code Root Fixup: 0.0 ms]
   [Code Root Purge: 0.0 ms]
   [Clear CT: 0.6 ms]
   [Other: 4.5 ms]
      [Choose CSet: 0.0 ms]
      [Ref Proc: 3.9 ms]
      [Ref Enq: 0.0 ms]
      [Redirty Cards: 0.5 ms]
      [Humongous Register: 0.0 ms]
      [Humongous Reclaim: 0.0 ms]
      [Free CSet: 0.0 ms]
   [Eden: 2048.0K(2048.0K)->0.0B(2048.0K) Survivors: 1024.0K->1024.0K Heap: 47546.7K(65536.0K)->47712.7K(65536.0K)]
 [Times: user=0.04 sys=0.01, real=0.01 secs] 
2026-06-17T09:49:03.784+0800: 25.985: [GC concurrent-mark-end, 0.0090257 secs]
2026-06-17T09:49:03.784+0800: 25.985: [GC remark 2026-06-17T09:49:03.784+0800: 25.986: [Finalize Marking, 0.0030963 secs] 2026-06-17T09:49:03.788+0800: 25.989: [GC ref-proc, 0.0008169 secs] 2026-06-17T09:49:03.789+0800: 25.990: [Unloading, 0.0016962 secs], 0.0081429 secs]
 [Times: user=0.02 sys=0.00, real=0.01 secs] 
2026-06-17T09:49:03.793+0800: 25.994: [GC cleanup 48913K->39697K(65536K), 0.0026950 secs]
 [Times: user=0.00 sys=0.00, real=0.00 secs] 
2026-06-17T09:49:03.797+0800: 25.998: [GC concurrent-cleanup-start]
2026-06-17T09:49:03.797+0800: 25.998: [GC concurrent-cleanup-end, 0.0000101 secs]
2026-06-17T09:49:03.797+0800: 25.998: [GC pause (G1 Evacuation Pause) (young), 0.0065229 secs]
   [Parallel Time: 2.9 ms, GC Workers: 18]
      [GC Worker Start (ms): Min: 25998.5, Avg: 25999.4, Max: 26000.6, Diff: 2.1]
      [Ext Root Scanning (ms): Min: 0.0, Avg: 0.0, Max: 0.1, Diff: 0.1, Sum: 0.4]
      [Update RS (ms): Min: 0.0, Avg: 0.0, Max: 0.0, Diff: 0.0, Sum: 0.0]
         [Processed Buffers: Min: 0, Avg: 0.2, Max: 1, Diff: 1, Sum: 3]
      [Scan RS (ms): Min: 0.0, Avg: 0.0, Max: 0.0, Diff: 0.0, Sum: 0.0]
      [Code Root Scanning (ms): Min: 0.0, Avg: 0.0, Max: 0.0, Diff: 0.0, Sum: 0.0]
      [Object Copy (ms): Min: 0.0, Avg: 0.0, Max: 0.1, Diff: 0.1, Sum: 0.4]
      [Termination (ms): Min: 0.0, Avg: 1.2, Max: 2.1, Diff: 2.1, Sum: 22.5]
         [Termination Attempts: Min: 1, Avg: 1.0, Max: 1, Diff: 0, Sum: 18]
      [GC Worker Other (ms): Min: 0.0, Avg: 0.0, Max: 0.0, Diff: 0.0, Sum: 0.1]
      [GC Worker Total (ms): Min: 0.0, Avg: 1.3, Max: 2.4, Diff: 2.4, Sum: 23.4]
      [GC Worker End (ms): Min: 26000.6, Avg: 26000.7, Max: 26000.9, Diff: 0.3]
   [Code Root Fixup: 0.0 ms]
   [Code Root Purge: 0.0 ms]
   [Clear CT: 0.9 ms]
   [Other: 2.6 ms]
      [Choose CSet: 0.0 ms]
      [Ref Proc: 2.0 ms]
      [Ref Enq: 0.0 ms]
      [Redirty Cards: 0.6 ms]
      [Humongous Register: 0.0 ms]
      [Humongous Reclaim: 0.0 ms]
      [Free CSet: 0.0 ms]
   [Eden: 2048.0K(2048.0K)->0.0B(2048.0K) Survivors: 1024.0K->1024.0K Heap: 40544.7K(65536.0K)->40596.7K(65536.0K)]
 [Times: user=0.04 sys=0.01, real=0.01 secs] 
2026-06-17T09:49:03.805+0800: 26.006: [GC pause (G1 Evacuation Pause) (mixed), 0.0074550 secs]
   [Parallel Time: 2.3 ms, GC Workers: 18]
      [GC Worker Start (ms): Min: 26006.2, Avg: 26007.1, Max: 26007.9, Diff: 1.7]
      [Ext Root Scanning (ms): Min: 0.0, Avg: 0.0, Max: 0.1, Diff: 0.1, Sum: 0.4]
      [Update RS (ms): Min: 0.0, Avg: 0.0, Max: 0.0, Diff: 0.0, Sum: 0.0]
         [Processed Buffers: Min: 0, Avg: 0.2, Max: 1, Diff: 1, Sum: 3]
      [Scan RS (ms): Min: 0.0, Avg: 0.0, Max: 0.0, Diff: 0.0, Sum: 0.0]
      [Code Root Scanning (ms): Min: 0.0, Avg: 0.0, Max: 0.0, Diff: 0.0, Sum: 0.0]
      [Object Copy (ms): Min: 0.0, Avg: 0.0, Max: 0.2, Diff: 0.2, Sum: 0.7]
      [Termination (ms): Min: 0.0, Avg: 0.8, Max: 1.5, Diff: 1.5, Sum: 15.3]
         [Termination Attempts: Min: 1, Avg: 1.0, Max: 1, Diff: 0, Sum: 18]
      [GC Worker Other (ms): Min: 0.0, Avg: 0.0, Max: 0.0, Diff: 0.0, Sum: 0.1]
      [GC Worker Total (ms): Min: 0.0, Avg: 0.9, Max: 1.9, Diff: 1.9, Sum: 16.5]
      [GC Worker End (ms): Min: 26007.9, Avg: 26008.0, Max: 26008.1, Diff: 0.2]
   [Code Root Fixup: 0.0 ms]
   [Code Root Purge: 0.0 ms]
   [Clear CT: 0.9 ms]
   [Other: 4.2 ms]
      [Choose CSet: 0.0 ms]
      [Ref Proc: 3.5 ms]
      [Ref Enq: 0.0 ms]
      [Redirty Cards: 0.7 ms]
      [Humongous Register: 0.0 ms]
      [Humongous Reclaim: 0.0 ms]
      [Free CSet: 0.0 ms]
   [Eden: 2048.0K(2048.0K)->0.0B(2048.0K) Survivors: 1024.0K->1024.0K Heap: 42644.7K(65536.0K)->38198.7K(65536.0K)]
 [Times: user=0.05 sys=0.00, real=0.01 secs] 
2026-06-17T09:49:03.824+0800: 26.025: [GC pause (G1 Evacuation Pause) (mixed), 0.0081803 secs]
   [Parallel Time: 2.9 ms, GC Workers: 18]
      [GC Worker Start (ms): Min: 26025.1, Avg: 26026.1, Max: 26027.1, Diff: 2.0]
      [Ext Root Scanning (ms): Min: 0.0, Avg: 0.0, Max: 0.1, Diff: 0.1, Sum: 0.3]
      [Update RS (ms): Min: 0.0, Avg: 0.0, Max: 0.0, Diff: 0.0, Sum: 0.0]
         [Processed Buffers: Min: 0, Avg: 0.3, Max: 2, Diff: 2, Sum: 5]
      [Scan RS (ms): Min: 0.0, Avg: 0.0, Max: 0.0, Diff: 0.0, Sum: 0.0]
      [Code Root Scanning (ms): Min: 0.0, Avg: 0.0, Max: 0.0, Diff: 0.0, Sum: 0.0]
      [Object Copy (ms): Min: 0.0, Avg: 0.1, Max: 0.3, Diff: 0.3, Sum: 1.1]
      [Termination (ms): Min: 0.0, Avg: 1.2, Max: 2.1, Diff: 2.1, Sum: 20.8]
         [Termination Attempts: Min: 1, Avg: 1.0, Max: 1, Diff: 0, Sum: 18]
      [GC Worker Other (ms): Min: 0.0, Avg: 0.0, Max: 0.0, Diff: 0.0, Sum: 0.1]
      [GC Worker Total (ms): Min: 0.0, Avg: 1.2, Max: 2.5, Diff: 2.5, Sum: 22.4]
      [GC Worker End (ms): Min: 26027.1, Avg: 26027.3, Max: 26027.6, Diff: 0.5]
   [Code Root Fixup: 0.0 ms]
   [Code Root Purge: 0.0 ms]
   [Clear CT: 0.8 ms]
   [Other: 4.5 ms]
      [Choose CSet: 0.0 ms]
      [Ref Proc: 4.0 ms]
      [Ref Enq: 0.0 ms]
      [Redirty Cards: 0.5 ms]
      [Humongous Register: 0.0 ms]
      [Humongous Reclaim: 0.0 ms]
      [Free CSet: 0.0 ms]
   [Eden: 2048.0K(2048.0K)->0.0B(2048.0K) Survivors: 1024.0K->1024.0K Heap: 40246.7K(65536.0K)->38617.7K(65536.0K)]
 [Times: user=0.04 sys=0.01, real=0.01 secs] 
2026-06-17T09:49:03.833+0800: 26.034: [GC pause (G1 Evacuation Pause) (mixed), 0.0073445 secs]
   [Parallel Time: 3.0 ms, GC Workers: 18]
      [GC Worker Start (ms): Min: 26034.5, Avg: 26035.4, Max: 26036.7, Diff: 2.2]
      [Ext Root Scanning (ms): Min: 0.0, Avg: 0.0, Max: 0.1, Diff: 0.1, Sum: 0.3]
      [Update RS (ms): Min: 0.0, Avg: 0.0, Max: 0.0, Diff: 0.0, Sum: 0.0]
         [Processed Buffers: Min: 0, Avg: 0.2, Max: 2, Diff: 2, Sum: 4]
      [Scan RS (ms): Min: 0.0, Avg: 0.0, Max: 0.0, Diff: 0.0, Sum: 0.0]
      [Code Root Scanning (ms): Min: 0.0, Avg: 0.0, Max: 0.0, Diff: 0.0, Sum: 0.0]
      [Object Copy (ms): Min: 0.0, Avg: 0.0, Max: 0.2, Diff: 0.2, Sum: 0.5]
      [Termination (ms): Min: 0.0, Avg: 1.3, Max: 2.1, Diff: 2.1, Sum: 23.8]
         [Termination Attempts: Min: 1, Avg: 1.0, Max: 1, Diff: 0, Sum: 18]
      [GC Worker Other (ms): Min: 0.0, Avg: 0.0, Max: 0.0, Diff: 0.0, Sum: 0.1]
      [GC Worker Total (ms): Min: 0.0, Avg: 1.4, Max: 2.4, Diff: 2.4, Sum: 24.8]
      [GC Worker End (ms): Min: 26036.7, Avg: 26036.8, Max: 26037.0, Diff: 0.3]
   [Code Root Fixup: 0.0 ms]
   [Code Root Purge: 0.0 ms]
   [Clear CT: 1.0 ms]
   [Other: 3.3 ms]
      [Choose CSet: 0.0 ms]
      [Ref Proc: 2.8 ms]
      [Ref Enq: 0.0 ms]
      [Redirty Cards: 0.5 ms]
      [Humongous Register: 0.0 ms]
      [Humongous Reclaim: 0.0 ms]
      [Free CSet: 0.0 ms]
   [Eden: 2048.0K(2048.0K)->0.0B(7168.0K) Survivors: 1024.0K->1024.0K Heap: 40665.7K(65536.0K)->38689.7K(65536.0K)]
 [Times: user=0.05 sys=0.00, real=0.00 secs] 
2026-06-17T09:49:03.863+0800: 26.064: [GC pause (G1 Evacuation Pause) (young), 0.0151754 secs]
   [Parallel Time: 8.6 ms, GC Workers: 18]
      [GC Worker Start (ms): Min: 26064.2, Avg: 26066.1, Max: 26070.5, Diff: 6.4]
      [Ext Root Scanning (ms): Min: 0.0, Avg: 0.0, Max: 0.3, Diff: 0.3, Sum: 0.8]
      [Update RS (ms): Min: 0.0, Avg: 0.0, Max: 0.3, Diff: 0.3, Sum: 0.4]
         [Processed Buffers: Min: 0, Avg: 0.2, Max: 2, Diff: 2, Sum: 4]
      [Scan RS (ms): Min: 0.0, Avg: 0.0, Max: 0.0, Diff: 0.0, Sum: 0.0]
      [Code Root Scanning (ms): Min: 0.0, Avg: 0.0, Max: 0.0, Diff: 0.0, Sum: 0.0]
      [Object Copy (ms): Min: 0.0, Avg: 0.1, Max: 0.3, Diff: 0.3, Sum: 0.9]
      [Termination (ms): Min: 0.0, Avg: 4.5, Max: 6.2, Diff: 6.2, Sum: 80.4]
         [Termination Attempts: Min: 1, Avg: 1.0, Max: 1, Diff: 0, Sum: 18]
      [GC Worker Other (ms): Min: 0.0, Avg: 0.0, Max: 0.0, Diff: 0.0, Sum: 0.2]
      [GC Worker Total (ms): Min: 0.0, Avg: 4.6, Max: 6.5, Diff: 6.4, Sum: 82.7]
      [GC Worker End (ms): Min: 26070.6, Avg: 26070.7, Max: 26071.1, Diff: 0.6]
   [Code Root Fixup: 0.0 ms]
   [Code Root Purge: 0.0 ms]
   [Clear CT: 1.5 ms]
   [Other: 5.0 ms]
      [Choose CSet: 0.0 ms]
      [Ref Proc: 4.2 ms]
      [Ref Enq: 0.0 ms]
      [Redirty Cards: 0.8 ms]
      [Humongous Register: 0.0 ms]
      [Humongous Reclaim: 0.0 ms]
      [Free CSet: 0.0 ms]
   [Eden: 7168.0K(7168.0K)->0.0B(4096.0K) Survivors: 1024.0K->1024.0K Heap: 45857.7K(65536.0K)->42604.7K(65536.0K)]
 [Times: user=0.11 sys=0.01, real=0.01 secs] 
2026-06-17T09:49:03.879+0800: 26.080: [GC pause (G1 Humongous Allocation) (young) (initial-mark), 0.0137195 secs]
   [Parallel Time: 4.1 ms, GC Workers: 18]
      [GC Worker Start (ms): Min: 26080.5, Avg: 26080.7, Max: 26080.9, Diff: 0.5]
      [Ext Root Scanning (ms): Min: 0.0, Avg: 1.0, Max: 2.1, Diff: 2.1, Sum: 17.7]
      [Update RS (ms): Min: 0.0, Avg: 0.0, Max: 0.0, Diff: 0.0, Sum: 0.0]
         [Processed Buffers: Min: 0, Avg: 0.2, Max: 3, Diff: 3, Sum: 3]
      [Scan RS (ms): Min: 0.0, Avg: 0.0, Max: 0.0, Diff: 0.0, Sum: 0.0]
      [Code Root Scanning (ms): Min: 0.0, Avg: 0.0, Max: 0.0, Diff: 0.0, Sum: 0.0]
      [Object Copy (ms): Min: 0.0, Avg: 0.0, Max: 0.0, Diff: 0.0, Sum: 0.1]
      [Termination (ms): Min: 0.0, Avg: 1.6, Max: 2.6, Diff: 2.6, Sum: 28.2]
         [Termination Attempts: Min: 1, Avg: 1.0, Max: 1, Diff: 0, Sum: 18]
      [GC Worker Other (ms): Min: 0.0, Avg: 0.0, Max: 0.0, Diff: 0.0, Sum: 0.1]
      [GC Worker Total (ms): Min: 2.1, Avg: 2.6, Max: 3.2, Diff: 1.0, Sum: 46.2]
      [GC Worker End (ms): Min: 26083.0, Avg: 26083.3, Max: 26083.6, Diff: 0.6]
   [Code Root Fixup: 0.0 ms]
   [Code Root Purge: 0.0 ms]
   [Clear CT: 0.8 ms]
   [Other: 8.9 ms]
      [Choose CSet: 0.0 ms]
      [Ref Proc: 8.4 ms]
      [Ref Enq: 0.0 ms]
      [Redirty Cards: 0.5 ms]
      [Humongous Register: 0.0 ms]
      [Humongous Reclaim: 0.0 ms]
      [Free CSet: 0.0 ms]
   [Eden: 2048.0K(4096.0K)->0.0B(5120.0K) Survivors: 1024.0K->0.0B Heap: 44032.9K(65536.0K)->42078.2K(65536.0K)]
 [Times: user=0.13 sys=0.01, real=0.02 secs] 
2026-06-17T09:49:03.894+0800: 26.095: [GC concurrent-root-region-scan-start]
2026-06-17T09:49:03.894+0800: 26.095: [GC concurrent-root-region-scan-end, 0.0000053 secs]
2026-06-17T09:49:03.894+0800: 26.095: [GC concurrent-mark-start]
2026-06-17T09:49:03.895+0800: 26.096: [GC concurrent-mark-end, 0.0004728 secs]
2026-06-17T09:49:03.895+0800: 26.096: [GC remark 2026-06-17T09:49:03.895+0800: 26.097: [Finalize Marking, 0.0039820 secs] 2026-06-17T09:49:03.900+0800: 26.101: [GC ref-proc, 0.0006323 secs] 2026-06-17T09:49:03.901+0800: 26.102: [Unloading, 0.0016957 secs], 0.0092062 secs]
 [Times: user=0.03 sys=0.01, real=0.01 secs] 
2026-06-17T09:49:03.905+0800: 26.107: [GC cleanup 44881K->41809K(65536K), 0.0028102 secs]
 [Times: user=0.00 sys=0.00, real=0.00 secs] 
2026-06-17T09:49:03.910+0800: 26.111: [GC concurrent-cleanup-start]
2026-06-17T09:49:03.910+0800: 26.111: [GC concurrent-cleanup-end, 0.0000068 secs]
2026-06-17T09:49:03.910+0800: 26.111: [GC pause (G1 Evacuation Pause) (young), 0.0120248 secs]
   [Parallel Time: 6.2 ms, GC Workers: 18]
      [GC Worker Start (ms): Min: 26111.1, Avg: 26112.3, Max: 26116.4, Diff: 5.3]
      [Ext Root Scanning (ms): Min: 0.0, Avg: 0.0, Max: 0.1, Diff: 0.1, Sum: 0.3]
      [Update RS (ms): Min: 0.0, Avg: 0.0, Max: 0.0, Diff: 0.0, Sum: 0.0]
         [Processed Buffers: Min: 0, Avg: 0.1, Max: 1, Diff: 1, Sum: 2]
      [Scan RS (ms): Min: 0.0, Avg: 0.0, Max: 0.0, Diff: 0.0, Sum: 0.0]
      [Code Root Scanning (ms): Min: 0.0, Avg: 0.0, Max: 0.0, Diff: 0.0, Sum: 0.0]
      [Object Copy (ms): Min: 0.0, Avg: 0.0, Max: 0.1, Diff: 0.0, Sum: 0.1]
      [Termination (ms): Min: 0.0, Avg: 4.2, Max: 5.3, Diff: 5.3, Sum: 75.1]
         [Termination Attempts: Min: 1, Avg: 1.0, Max: 1, Diff: 0, Sum: 18]
      [GC Worker Other (ms): Min: 0.0, Avg: 0.0, Max: 0.0, Diff: 0.0, Sum: 0.1]
      [GC Worker Total (ms): Min: 0.0, Avg: 4.2, Max: 5.5, Diff: 5.5, Sum: 75.7]
      [GC Worker End (ms): Min: 26116.4, Avg: 26116.5, Max: 26116.7, Diff: 0.3]
   [Code Root Fixup: 0.0 ms]
   [Code Root Purge: 0.0 ms]
   [Clear CT: 1.1 ms]
   [Other: 4.7 ms]
      [Choose CSet: 0.0 ms]
      [Ref Proc: 3.7 ms]
      [Ref Enq: 0.0 ms]
      [Redirty Cards: 0.9 ms]
      [Humongous Register: 0.0 ms]
      [Humongous Reclaim: 0.0 ms]
      [Free CSet: 0.0 ms]
   [Eden: 5120.0K(5120.0K)->0.0B(2048.0K) Survivors: 0.0B->1024.0K Heap: 45416.2K(65536.0K)->36038.6K(65536.0K)]
 [Times: user=0.11 sys=0.00, real=0.02 secs] 
2026-06-17T09:49:03.933+0800: 26.135: [GC pause (G1 Evacuation Pause) (mixed), 0.0174113 secs]
   [Parallel Time: 10.3 ms, GC Workers: 18]
      [GC Worker Start (ms): Min: 26134.7, Avg: 26136.5, Max: 26143.8, Diff: 9.1]
      [Ext Root Scanning (ms): Min: 0.0, Avg: 0.0, Max: 0.2, Diff: 0.2, Sum: 0.5]
      [Update RS (ms): Min: 0.0, Avg: 0.0, Max: 0.0, Diff: 0.0, Sum: 0.0]
         [Processed Buffers: Min: 0, Avg: 0.1, Max: 1, Diff: 1, Sum: 2]
      [Scan RS (ms): Min: 0.0, Avg: 0.0, Max: 0.0, Diff: 0.0, Sum: 0.1]
      [Code Root Scanning (ms): Min: 0.0, Avg: 0.0, Max: 0.0, Diff: 0.0, Sum: 0.0]
      [Object Copy (ms): Min: 0.0, Avg: 0.0, Max: 0.1, Diff: 0.1, Sum: 0.6]
      [Termination (ms): Min: 0.0, Avg: 7.5, Max: 9.4, Diff: 9.4, Sum: 135.2]
         [Termination Attempts: Min: 1, Avg: 1.0, Max: 1, Diff: 0, Sum: 18]
      [GC Worker Other (ms): Min: 0.0, Avg: 0.0, Max: 0.0, Diff: 0.0, Sum: 0.2]
      [GC Worker Total (ms): Min: 0.0, Avg: 7.6, Max: 9.7, Diff: 9.7, Sum: 136.5]
      [GC Worker End (ms): Min: 26143.8, Avg: 26144.0, Max: 26144.4, Diff: 0.6]
   [Code Root Fixup: 0.0 ms]
   [Code Root Purge: 0.0 ms]
   [Clear CT: 1.3 ms]
   [Other: 5.8 ms]
      [Choose CSet: 0.0 ms]
      [Ref Proc: 5.2 ms]
      [Ref Enq: 0.0 ms]
      [Redirty Cards: 0.6 ms]
      [Humongous Register: 0.0 ms]
      [Humongous Reclaim: 0.0 ms]
      [Free CSet: 0.0 ms]
   [Eden: 2048.0K(2048.0K)->0.0B(2048.0K) Survivors: 1024.0K->1024.0K Heap: 38086.6K(65536.0K)->33555.6K(65536.0K)]
 [Times: user=0.18 sys=0.00, real=0.02 secs] 
2026-06-17T09:49:03.952+0800: 26.153: [GC pause (G1 Evacuation Pause) (mixed), 0.0104235 secs]
   [Parallel Time: 2.3 ms, GC Workers: 18]
      [GC Worker Start (ms): Min: 26153.5, Avg: 26154.3, Max: 26155.1, Diff: 1.6]
      [Ext Root Scanning (ms): Min: 0.0, Avg: 0.0, Max: 0.1, Diff: 0.1, Sum: 0.3]
      [Update RS (ms): Min: 0.0, Avg: 0.0, Max: 0.0, Diff: 0.0, Sum: 0.0]
         [Processed Buffers: Min: 0, Avg: 0.3, Max: 3, Diff: 3, Sum: 5]
      [Scan RS (ms): Min: 0.0, Avg: 0.0, Max: 0.0, Diff: 0.0, Sum: 0.0]
      [Code Root Scanning (ms): Min: 0.0, Avg: 0.0, Max: 0.0, Diff: 0.0, Sum: 0.0]
      [Object Copy (ms): Min: 0.0, Avg: 0.0, Max: 0.2, Diff: 0.2, Sum: 0.9]
      [Termination (ms): Min: 0.0, Avg: 0.7, Max: 1.2, Diff: 1.2, Sum: 12.2]
         [Termination Attempts: Min: 1, Avg: 1.0, Max: 1, Diff: 0, Sum: 18]
      [GC Worker Other (ms): Min: 0.0, Avg: 0.0, Max: 0.0, Diff: 0.0, Sum: 0.1]
      [GC Worker Total (ms): Min: 0.0, Avg: 0.7, Max: 1.6, Diff: 1.6, Sum: 13.5]
      [GC Worker End (ms): Min: 26155.1, Avg: 26155.1, Max: 26155.2, Diff: 0.1]
   [Code Root Fixup: 0.0 ms]
   [Code Root Purge: 0.0 ms]
   [Clear CT: 0.5 ms]
   [Other: 7.6 ms]
      [Choose CSet: 0.0 ms]
      [Ref Proc: 6.9 ms]
      [Ref Enq: 0.0 ms]
      [Redirty Cards: 0.6 ms]
      [Humongous Register: 0.0 ms]
      [Humongous Reclaim: 0.0 ms]
      [Free CSet: 0.0 ms]
   [Eden: 2048.0K(2048.0K)->0.0B(2048.0K) Survivors: 1024.0K->1024.0K Heap: 35603.6K(65536.0K)->33581.6K(65536.0K)]
 [Times: user=0.09 sys=0.00, real=0.01 secs] 
2026-06-17T09:49:03.974+0800: 26.175: [GC pause (G1 Evacuation Pause) (mixed), 0.0169681 secs]
   [Parallel Time: 10.1 ms, GC Workers: 18]
      [GC Worker Start (ms): Min: 26175.6, Avg: 26177.3, Max: 26183.5, Diff: 7.9]
      [Ext Root Scanning (ms): Min: 0.0, Avg: 0.0, Max: 0.2, Diff: 0.2, Sum: 0.5]
      [Update RS (ms): Min: 0.0, Avg: 0.0, Max: 0.0, Diff: 0.0, Sum: 0.0]
         [Processed Buffers: Min: 0, Avg: 0.2, Max: 1, Diff: 1, Sum: 4]
      [Scan RS (ms): Min: 0.0, Avg: 0.0, Max: 0.1, Diff: 0.1, Sum: 0.2]
      [Code Root Scanning (ms): Min: 0.0, Avg: 0.0, Max: 0.0, Diff: 0.0, Sum: 0.0]
      [Object Copy (ms): Min: 0.0, Avg: 0.0, Max: 0.2, Diff: 0.1, Sum: 0.8]
      [Termination (ms): Min: 0.0, Avg: 6.5, Max: 8.6, Diff: 8.6, Sum: 117.3]
         [Termination Attempts: Min: 1, Avg: 1.1, Max: 2, Diff: 1, Sum: 19]
      [GC Worker Other (ms): Min: 0.0, Avg: 0.0, Max: 0.0, Diff: 0.0, Sum: 0.2]
      [GC Worker Total (ms): Min: 0.1, Avg: 6.6, Max: 8.6, Diff: 8.6, Sum: 119.0]
      [GC Worker End (ms): Min: 26183.6, Avg: 26183.9, Max: 26184.6, Diff: 1.0]
   [Code Root Fixup: 0.0 ms]
   [Code Root Purge: 0.0 ms]
   [Clear CT: 1.0 ms]
   [Other: 5.8 ms]
      [Choose CSet: 0.0 ms]
      [Ref Proc: 5.3 ms]
      [Ref Enq: 0.0 ms]
      [Redirty Cards: 0.5 ms]
      [Humongous Register: 0.0 ms]
      [Humongous Reclaim: 0.0 ms]
      [Free CSet: 0.0 ms]
   [Eden: 2048.0K(2048.0K)->0.0B(13312.0K) Survivors: 1024.0K->1024.0K Heap: 35629.6K(65536.0K)->33382.6K(65536.0K)]
 [Times: user=0.14 sys=0.02, real=0.02 secs] 
2026-06-17T09:49:04.025+0800: 26.226: [GC pause (G1 Evacuation Pause) (young), 0.0169939 secs]
   [Parallel Time: 9.1 ms, GC Workers: 18]
      [GC Worker Start (ms): Min: 26226.0, Avg: 26228.1, Max: 26232.9, Diff: 6.9]
      [Ext Root Scanning (ms): Min: 0.0, Avg: 0.1, Max: 0.6, Diff: 0.5, Sum: 1.2]
      [Update RS (ms): Min: 0.0, Avg: 0.0, Max: 0.1, Diff: 0.1, Sum: 0.4]
         [Processed Buffers: Min: 0, Avg: 0.4, Max: 3, Diff: 3, Sum: 8]
      [Scan RS (ms): Min: 0.0, Avg: 0.0, Max: 0.0, Diff: 0.0, Sum: 0.1]
      [Code Root Scanning (ms): Min: 0.0, Avg: 0.0, Max: 0.0, Diff: 0.0, Sum: 0.0]
      [Object Copy (ms): Min: 0.0, Avg: 0.1, Max: 0.2, Diff: 0.2, Sum: 1.0]
      [Termination (ms): Min: 0.0, Avg: 4.9, Max: 6.8, Diff: 6.8, Sum: 87.5]
         [Termination Attempts: Min: 1, Avg: 1.0, Max: 1, Diff: 0, Sum: 18]
      [GC Worker Other (ms): Min: 0.0, Avg: 0.0, Max: 0.0, Diff: 0.0, Sum: 0.2]
      [GC Worker Total (ms): Min: 0.0, Avg: 5.0, Max: 7.1, Diff: 7.0, Sum: 90.5]
      [GC Worker End (ms): Min: 26232.9, Avg: 26233.1, Max: 26233.7, Diff: 0.8]
   [Code Root Fixup: 0.0 ms]
   [Code Root Purge: 0.0 ms]
   [Clear CT: 1.9 ms]
   [Other: 6.0 ms]
      [Choose CSet: 0.0 ms]
      [Ref Proc: 4.8 ms]
      [Ref Enq: 0.0 ms]
      [Redirty Cards: 1.1 ms]
      [Humongous Register: 0.0 ms]
      [Humongous Reclaim: 0.0 ms]
      [Free CSet: 0.0 ms]
   [Eden: 13312.0K(13312.0K)->0.0B(10240.0K) Survivors: 1024.0K->2048.0K Heap: 46694.6K(65536.0K)->36781.6K(65536.0K)]
 [Times: user=0.12 sys=0.01, real=0.01 secs] 
2026-06-17T09:49:04.065+0800: 26.266: [GC pause (G1 Evacuation Pause) (young) (initial-mark), 0.0209478 secs]
   [Parallel Time: 12.8 ms, GC Workers: 18]
      [GC Worker Start (ms): Min: 26266.4, Avg: 26267.7, Max: 26268.9, Diff: 2.5]
      [Ext Root Scanning (ms): Min: 0.0, Avg: 3.5, Max: 8.6, Diff: 8.5, Sum: 62.3]
      [Update RS (ms): Min: 0.0, Avg: 0.0, Max: 0.0, Diff: 0.0, Sum: 0.1]
         [Processed Buffers: Min: 0, Avg: 0.2, Max: 3, Diff: 3, Sum: 3]
      [Scan RS (ms): Min: 0.0, Avg: 0.0, Max: 0.0, Diff: 0.0, Sum: 0.0]
      [Code Root Scanning (ms): Min: 0.0, Avg: 0.0, Max: 0.0, Diff: 0.0, Sum: 0.0]
      [Object Copy (ms): Min: 0.0, Avg: 0.1, Max: 0.4, Diff: 0.4, Sum: 1.4]
      [Termination (ms): Min: 0.0, Avg: 6.4, Max: 8.7, Diff: 8.7, Sum: 114.3]
         [Termination Attempts: Min: 1, Avg: 1.2, Max: 2, Diff: 1, Sum: 22]
      [GC Worker Other (ms): Min: 0.0, Avg: 0.0, Max: 0.0, Diff: 0.0, Sum: 0.2]
      [GC Worker Total (ms): Min: 8.6, Avg: 9.9, Max: 11.6, Diff: 3.0, Sum: 178.3]
      [GC Worker End (ms): Min: 26277.4, Avg: 26277.7, Max: 26278.1, Diff: 0.7]
   [Code Root Fixup: 0.0 ms]
   [Code Root Purge: 0.0 ms]
   [Clear CT: 2.9 ms]
   [Other: 5.3 ms]
      [Choose CSet: 0.0 ms]
      [Ref Proc: 4.2 ms]
      [Ref Enq: 0.0 ms]
      [Redirty Cards: 0.9 ms]
      [Humongous Register: 0.0 ms]
      [Humongous Reclaim: 0.0 ms]
      [Free CSet: 0.0 ms]
   [Eden: 10240.0K(10240.0K)->0.0B(7168.0K) Survivors: 2048.0K->2048.0K Heap: 47021.6K(65536.0K)->41279.6K(65536.0K)]
 [Times: user=0.16 sys=0.01, real=0.02 secs] 
2026-06-17T09:49:04.087+0800: 26.288: [GC concurrent-root-region-scan-start]
2026-06-17T09:49:04.087+0800: 26.289: [GC concurrent-root-region-scan-end, 0.0002844 secs]
2026-06-17T09:49:04.087+0800: 26.289: [GC concurrent-mark-start]
2026-06-17T09:49:04.088+0800: 26.289: [GC concurrent-mark-end, 0.0004508 secs]
2026-06-17T09:49:04.088+0800: 26.289: [GC remark 2026-06-17T09:49:04.089+0800: 26.290: [Finalize Marking, 0.0039756 secs] 2026-06-17T09:49:04.093+0800: 26.294: [GC ref-proc, 0.0004513 secs] 2026-06-17T09:49:04.094+0800: 26.295: [Unloading, 0.0018677 secs], 0.0087778 secs]
 [Times: user=0.03 sys=0.00, real=0.01 secs] 
2026-06-17T09:49:04.098+0800: 26.299: [GC cleanup 42702K->41678K(65536K), 0.0025378 secs]
 [Times: user=0.00 sys=0.00, real=0.00 secs] 
2026-06-17T09:49:04.101+0800: 26.302: [GC concurrent-cleanup-start]
2026-06-17T09:49:04.101+0800: 26.302: [GC concurrent-cleanup-end, 0.0000061 secs]
2026-06-17T09:49:04.112+0800: 26.313: [GC pause (G1 Evacuation Pause) (young), 0.0122371 secs]
   [Parallel Time: 7.8 ms, GC Workers: 18]
      [GC Worker Start (ms): Min: 26313.1, Avg: 26315.0, Max: 26319.0, Diff: 5.9]
      [Ext Root Scanning (ms): Min: 0.0, Avg: 0.0, Max: 0.2, Diff: 0.2, Sum: 0.6]
      [Update RS (ms): Min: 0.0, Avg: 0.0, Max: 0.0, Diff: 0.0, Sum: 0.0]
         [Processed Buffers: Min: 0, Avg: 0.2, Max: 1, Diff: 1, Sum: 3]
      [Scan RS (ms): Min: 0.0, Avg: 0.0, Max: 0.0, Diff: 0.0, Sum: 0.0]
      [Code Root Scanning (ms): Min: 0.0, Avg: 0.0, Max: 0.0, Diff: 0.0, Sum: 0.0]
      [Object Copy (ms): Min: 0.0, Avg: 0.0, Max: 0.1, Diff: 0.1, Sum: 0.3]
      [Termination (ms): Min: 0.0, Avg: 4.3, Max: 6.4, Diff: 6.4, Sum: 77.0]
         [Termination Attempts: Min: 1, Avg: 1.1, Max: 2, Diff: 1, Sum: 19]
      [GC Worker Other (ms): Min: 0.0, Avg: 0.0, Max: 0.0, Diff: 0.0, Sum: 0.2]
      [GC Worker Total (ms): Min: 0.0, Avg: 4.3, Max: 6.7, Diff: 6.7, Sum: 78.2]
      [GC Worker End (ms): Min: 26319.1, Avg: 26319.4, Max: 26319.9, Diff: 0.8]
   [Code Root Fixup: 0.0 ms]
   [Code Root Purge: 0.0 ms]
   [Clear CT: 1.7 ms]
   [Other: 2.7 ms]
      [Choose CSet: 0.0 ms]
      [Ref Proc: 2.1 ms]
      [Ref Enq: 0.0 ms]
      [Redirty Cards: 0.5 ms]
      [Humongous Register: 0.0 ms]
      [Humongous Reclaim: 0.0 ms]
      [Free CSet: 0.0 ms]
   [Eden: 7168.0K(7168.0K)->0.0B(2048.0K) Survivors: 2048.0K->1024.0K Heap: 47423.6K(65536.0K)->40508.6K(65536.0K)]
 [Times: user=0.09 sys=0.01, real=0.01 secs] 
2026-06-17T09:49:04.135+0800: 26.337: [GC pause (G1 Evacuation Pause) (mixed), 0.0170142 secs]
   [Parallel Time: 11.1 ms, GC Workers: 18]
      [GC Worker Start (ms): Min: 26336.8, Avg: 26338.7, Max: 26346.1, Diff: 9.3]
      [Ext Root Scanning (ms): Min: 0.0, Avg: 0.0, Max: 0.3, Diff: 0.3, Sum: 0.7]
      [Update RS (ms): Min: 0.0, Avg: 0.0, Max: 0.0, Diff: 0.0, Sum: 0.0]
         [Processed Buffers: Min: 0, Avg: 0.2, Max: 1, Diff: 1, Sum: 3]
      [Scan RS (ms): Min: 0.0, Avg: 0.0, Max: 0.0, Diff: 0.0, Sum: 0.1]
      [Code Root Scanning (ms): Min: 0.0, Avg: 0.0, Max: 0.0, Diff: 0.0, Sum: 0.0]
      [Object Copy (ms): Min: 0.0, Avg: 0.1, Max: 0.2, Diff: 0.2, Sum: 1.0]
      [Termination (ms): Min: 0.0, Avg: 7.7, Max: 9.5, Diff: 9.5, Sum: 138.6]
         [Termination Attempts: Min: 1, Avg: 1.0, Max: 1, Diff: 0, Sum: 18]
      [GC Worker Other (ms): Min: 0.0, Avg: 0.0, Max: 0.0, Diff: 0.0, Sum: 0.2]
      [GC Worker Total (ms): Min: 0.0, Avg: 7.8, Max: 10.0, Diff: 10.0, Sum: 140.5]
      [GC Worker End (ms): Min: 26346.1, Avg: 26346.5, Max: 26347.2, Diff: 1.1]
   [Code Root Fixup: 0.0 ms]
   [Code Root Purge: 0.0 ms]
   [Clear CT: 1.0 ms]
   [Other: 4.9 ms]
      [Choose CSet: 0.0 ms]
      [Ref Proc: 4.0 ms]
      [Ref Enq: 0.0 ms]
      [Redirty Cards: 0.8 ms]
      [Humongous Register: 0.0 ms]
      [Humongous Reclaim: 0.0 ms]
      [Free CSet: 0.0 ms]
   [Eden: 2048.0K(2048.0K)->0.0B(2048.0K) Survivors: 1024.0K->1024.0K Heap: 42556.6K(65536.0K)->39281.6K(65536.0K)]
 [Times: user=0.17 sys=0.01, real=0.02 secs] 
2026-06-17T09:49:04.154+0800: 26.355: [GC pause (G1 Evacuation Pause) (mixed), 0.0096838 secs]
   [Parallel Time: 2.6 ms, GC Workers: 18]
      [GC Worker Start (ms): Min: 26354.8, Avg: 26355.7, Max: 26356.6, Diff: 1.7]
      [Ext Root Scanning (ms): Min: 0.0, Avg: 0.0, Max: 0.1, Diff: 0.1, Sum: 0.3]
      [Update RS (ms): Min: 0.0, Avg: 0.0, Max: 0.0, Diff: 0.0, Sum: 0.0]
         [Processed Buffers: Min: 0, Avg: 0.2, Max: 2, Diff: 2, Sum: 4]
      [Scan RS (ms): Min: 0.0, Avg: 0.0, Max: 0.0, Diff: 0.0, Sum: 0.0]
      [Code Root Scanning (ms): Min: 0.0, Avg: 0.0, Max: 0.0, Diff: 0.0, Sum: 0.0]
      [Object Copy (ms): Min: 0.0, Avg: 0.0, Max: 0.2, Diff: 0.2, Sum: 0.7]
      [Termination (ms): Min: 0.0, Avg: 1.0, Max: 1.9, Diff: 1.9, Sum: 18.0]
         [Termination Attempts: Min: 1, Avg: 1.0, Max: 1, Diff: 0, Sum: 18]
      [GC Worker Other (ms): Min: 0.0, Avg: 0.0, Max: 0.0, Diff: 0.0, Sum: 0.1]
      [GC Worker Total (ms): Min: 0.0, Avg: 1.1, Max: 2.3, Diff: 2.3, Sum: 19.2]
      [GC Worker End (ms): Min: 26356.6, Avg: 26356.8, Max: 26357.1, Diff: 0.5]
   [Code Root Fixup: 0.0 ms]
   [Code Root Purge: 0.0 ms]
   [Clear CT: 1.4 ms]
   [Other: 5.7 ms]
      [Choose CSet: 0.0 ms]
      [Ref Proc: 5.0 ms]
      [Ref Enq: 0.0 ms]
      [Redirty Cards: 0.6 ms]
      [Humongous Register: 0.0 ms]
      [Humongous Reclaim: 0.0 ms]
      [Free CSet: 0.0 ms]
   [Eden: 2048.0K(2048.0K)->0.0B(2048.0K) Survivors: 1024.0K->1024.0K Heap: 41329.6K(65536.0K)->37681.6K(65536.0K)]
 [Times: user=0.07 sys=0.00, real=0.01 secs] 
2026-06-17T09:49:04.175+0800: 26.376: [GC pause (G1 Evacuation Pause) (mixed), 0.0149536 secs]
   [Parallel Time: 9.2 ms, GC Workers: 18]
      [GC Worker Start (ms): Min: 26376.1, Avg: 26377.8, Max: 26383.3, Diff: 7.2]
      [Ext Root Scanning (ms): Min: 0.0, Avg: 0.0, Max: 0.2, Diff: 0.2, Sum: 0.5]
      [Update RS (ms): Min: 0.0, Avg: 0.0, Max: 0.0, Diff: 0.0, Sum: 0.1]
         [Processed Buffers: Min: 0, Avg: 0.3, Max: 3, Diff: 3, Sum: 5]
      [Scan RS (ms): Min: 0.0, Avg: 0.0, Max: 0.0, Diff: 0.0, Sum: 0.0]
      [Code Root Scanning (ms): Min: 0.0, Avg: 0.0, Max: 0.0, Diff: 0.0, Sum: 0.0]
      [Object Copy (ms): Min: 0.0, Avg: 0.0, Max: 0.1, Diff: 0.1, Sum: 0.5]
      [Termination (ms): Min: 0.0, Avg: 5.8, Max: 7.6, Diff: 7.6, Sum: 103.9]
         [Termination Attempts: Min: 1, Avg: 1.0, Max: 1, Diff: 0, Sum: 18]
      [GC Worker Other (ms): Min: 0.0, Avg: 0.0, Max: 0.0, Diff: 0.0, Sum: 0.2]
      [GC Worker Total (ms): Min: 0.0, Avg: 5.9, Max: 7.9, Diff: 7.9, Sum: 105.3]
      [GC Worker End (ms): Min: 26383.3, Avg: 26383.6, Max: 26384.2, Diff: 0.8]
   [Code Root Fixup: 0.0 ms]
   [Code Root Purge: 0.0 ms]
   [Clear CT: 1.4 ms]
   [Other: 4.4 ms]
      [Choose CSet: 0.0 ms]
      [Ref Proc: 3.7 ms]
      [Ref Enq: 0.0 ms]
      [Redirty Cards: 0.6 ms]
      [Humongous Register: 0.0 ms]
      [Humongous Reclaim: 0.0 ms]
      [Free CSet: 0.0 ms]
   [Eden: 2048.0K(2048.0K)->0.0B(9216.0K) Survivors: 1024.0K->1024.0K Heap: 39729.6K(65536.0K)->39536.6K(65536.0K)]
 [Times: user=0.13 sys=0.00, real=0.01 secs] 
2026-06-17T09:49:04.212+0800: 26.413: [GC pause (G1 Evacuation Pause) (young), 0.0182486 secs]
   [Parallel Time: 10.7 ms, GC Workers: 18]
      [GC Worker Start (ms): Min: 26413.2, Avg: 26416.9, Max: 26422.1, Diff: 8.8]
      [Ext Root Scanning (ms): Min: 0.0, Avg: 0.1, Max: 0.4, Diff: 0.4, Sum: 1.1]
      [Update RS (ms): Min: 0.0, Avg: 0.0, Max: 0.0, Diff: 0.0, Sum: 0.1]
         [Processed Buffers: Min: 0, Avg: 0.2, Max: 2, Diff: 2, Sum: 4]
      [Scan RS (ms): Min: 0.0, Avg: 0.0, Max: 0.0, Diff: 0.0, Sum: 0.1]
      [Code Root Scanning (ms): Min: 0.0, Avg: 0.0, Max: 0.0, Diff: 0.0, Sum: 0.0]
      [Object Copy (ms): Min: 0.0, Avg: 0.1, Max: 0.3, Diff: 0.3, Sum: 1.0]
      [Termination (ms): Min: 0.0, Avg: 5.5, Max: 9.2, Diff: 9.2, Sum: 99.2]
         [Termination Attempts: Min: 1, Avg: 1.0, Max: 1, Diff: 0, Sum: 18]
      [GC Worker Other (ms): Min: 0.0, Avg: 0.0, Max: 0.0, Diff: 0.0, Sum: 0.2]
      [GC Worker Total (ms): Min: 0.0, Avg: 5.6, Max: 9.4, Diff: 9.3, Sum: 101.7]
      [GC Worker End (ms): Min: 26422.1, Avg: 26422.5, Max: 26423.1, Diff: 1.0]
   [Code Root Fixup: 0.0 ms]
   [Code Root Purge: 0.0 ms]
   [Clear CT: 1.8 ms]
   [Other: 5.8 ms]
      [Choose CSet: 0.0 ms]
      [Ref Proc: 4.9 ms]
      [Ref Enq: 0.0 ms]
      [Redirty Cards: 0.8 ms]
      [Humongous Register: 0.0 ms]
      [Humongous Reclaim: 0.0 ms]
      [Free CSet: 0.0 ms]
   [Eden: 9216.0K(9216.0K)->0.0B(6144.0K) Survivors: 1024.0K->2048.0K Heap: 48752.6K(65536.0K)->43180.6K(65536.0K)]
 [Times: user=0.13 sys=0.01, real=0.02 secs] 
2026-06-17T09:49:04.252+0800: 26.454: [GC pause (G1 Evacuation Pause) (young) (initial-mark), 0.0145396 secs]
   [Parallel Time: 8.5 ms, GC Workers: 18]
      [GC Worker Start (ms): Min: 26453.7, Avg: 26454.4, Max: 26455.1, Diff: 1.4]
      [Ext Root Scanning (ms): Min: 0.0, Avg: 2.7, Max: 5.8, Diff: 5.8, Sum: 48.4]
      [Update RS (ms): Min: 0.0, Avg: 0.0, Max: 0.0, Diff: 0.0, Sum: 0.1]
         [Processed Buffers: Min: 0, Avg: 0.2, Max: 4, Diff: 4, Sum: 4]
      [Scan RS (ms): Min: 0.0, Avg: 0.0, Max: 0.0, Diff: 0.0, Sum: 0.0]
      [Code Root Scanning (ms): Min: 0.0, Avg: 0.0, Max: 0.0, Diff: 0.0, Sum: 0.0]
      [Object Copy (ms): Min: 0.0, Avg: 0.0, Max: 0.2, Diff: 0.2, Sum: 0.4]
      [Termination (ms): Min: 0.0, Avg: 3.8, Max: 5.6, Diff: 5.6, Sum: 67.9]
         [Termination Attempts: Min: 1, Avg: 1.0, Max: 1, Diff: 0, Sum: 18]
      [GC Worker Other (ms): Min: 0.0, Avg: 0.0, Max: 0.0, Diff: 0.0, Sum: 0.1]
      [GC Worker Total (ms): Min: 5.8, Avg: 6.5, Max: 7.3, Diff: 1.6, Sum: 117.0]
      [GC Worker End (ms): Min: 26460.8, Avg: 26460.9, Max: 26461.2, Diff: 0.3]
   [Code Root Fixup: 0.0 ms]
   [Code Root Purge: 0.0 ms]
   [Clear CT: 1.5 ms]
   [Other: 4.5 ms]
      [Choose CSet: 0.0 ms]
      [Ref Proc: 2.8 ms]
      [Ref Enq: 0.0 ms]
      [Redirty Cards: 1.6 ms]
      [Humongous Register: 0.0 ms]
      [Humongous Reclaim: 0.0 ms]
      [Free CSet: 0.0 ms]
   [Eden: 6144.0K(6144.0K)->0.0B(6144.0K) Survivors: 2048.0K->1024.0K Heap: 49324.6K(65536.0K)->43143.9K(65536.0K)]
 [Times: user=0.09 sys=0.00, real=0.01 secs] 
2026-06-17T09:49:04.268+0800: 26.469: [GC concurrent-root-region-scan-start]
2026-06-17T09:49:04.268+0800: 26.470: [GC concurrent-root-region-scan-end, 0.0002806 secs]
2026-06-17T09:49:04.268+0800: 26.470: [GC concurrent-mark-start]
2026-06-17T09:49:04.269+0800: 26.470: [GC concurrent-mark-end, 0.0002821 secs]
2026-06-17T09:49:04.269+0800: 26.470: [GC remark 2026-06-17T09:49:04.269+0800: 26.471: [Finalize Marking, 0.0053556 secs] 2026-06-17T09:49:04.275+0800: 26.476: [GC ref-proc, 0.0005882 secs] 2026-06-17T09:49:04.276+0800: 26.477: [Unloading, 0.0025711 secs], 0.0112780 secs]
 [Times: user=0.05 sys=0.01, real=0.01 secs] 
2026-06-17T09:49:04.281+0800: 26.482: [GC cleanup 49116K->40254K(65536K), 0.0035294 secs]
 [Times: user=0.00 sys=0.00, real=0.01 secs] 
2026-06-17T09:49:04.286+0800: 26.487: [GC concurrent-cleanup-start]
2026-06-17T09:49:04.286+0800: 26.487: [GC concurrent-cleanup-end, 0.0000147 secs]
2026-06-17T09:49:04.286+0800: 26.487: [GC pause (G1 Evacuation Pause) (young), 0.0112683 secs]
   [Parallel Time: 7.0 ms, GC Workers: 18]
      [GC Worker Start (ms): Min: 26487.1, Avg: 26488.5, Max: 26493.5, Diff: 6.4]
      [Ext Root Scanning (ms): Min: 0.0, Avg: 0.0, Max: 0.2, Diff: 0.2, Sum: 0.8]
      [Update RS (ms): Min: 0.0, Avg: 0.0, Max: 0.0, Diff: 0.0, Sum: 0.0]
         [Processed Buffers: Min: 0, Avg: 0.1, Max: 1, Diff: 1, Sum: 2]
      [Scan RS (ms): Min: 0.0, Avg: 0.0, Max: 0.0, Diff: 0.0, Sum: 0.0]
      [Code Root Scanning (ms): Min: 0.0, Avg: 0.0, Max: 0.0, Diff: 0.0, Sum: 0.0]
      [Object Copy (ms): Min: 0.0, Avg: 0.0, Max: 0.2, Diff: 0.2, Sum: 0.8]
      [Termination (ms): Min: 0.0, Avg: 5.0, Max: 6.3, Diff: 6.3, Sum: 89.8]
         [Termination Attempts: Min: 1, Avg: 1.1, Max: 2, Diff: 1, Sum: 20]
      [GC Worker Other (ms): Min: 0.0, Avg: 0.0, Max: 0.0, Diff: 0.0, Sum: 0.1]
      [GC Worker Total (ms): Min: 0.0, Avg: 5.1, Max: 6.5, Diff: 6.5, Sum: 91.6]
      [GC Worker End (ms): Min: 26493.5, Avg: 26493.6, Max: 26493.6, Diff: 0.1]
   [Code Root Fixup: 0.0 ms]
   [Code Root Purge: 0.0 ms]
   [Clear CT: 1.7 ms]
   [Other: 2.6 ms]
      [Choose CSet: 0.0 ms]
      [Ref Proc: 1.8 ms]
      [Ref Enq: 0.0 ms]
      [Redirty Cards: 0.7 ms]
      [Humongous Register: 0.0 ms]
      [Humongous Reclaim: 0.0 ms]
      [Free CSet: 0.0 ms]
   [Eden: 6144.0K(6144.0K)->0.0B(2048.0K) Survivors: 1024.0K->1024.0K Heap: 40426.4K(65536.0K)->37105.6K(65536.0K)]
 [Times: user=0.10 sys=0.01, real=0.01 secs] 
2026-06-17T09:49:04.298+0800: 26.500: [GC pause (G1 Evacuation Pause) (mixed), 0.0076460 secs]
   [Parallel Time: 3.7 ms, GC Workers: 18]
      [GC Worker Start (ms): Min: 26499.6, Avg: 26500.5, Max: 26502.5, Diff: 2.9]
      [Ext Root Scanning (ms): Min: 0.0, Avg: 0.0, Max: 0.2, Diff: 0.2, Sum: 0.4]
      [Update RS (ms): Min: 0.0, Avg: 0.0, Max: 0.0, Diff: 0.0, Sum: 0.0]
         [Processed Buffers: Min: 0, Avg: 0.1, Max: 1, Diff: 1, Sum: 2]
      [Scan RS (ms): Min: 0.0, Avg: 0.0, Max: 0.0, Diff: 0.0, Sum: 0.0]
      [Code Root Scanning (ms): Min: 0.0, Avg: 0.0, Max: 0.0, Diff: 0.0, Sum: 0.0]
      [Object Copy (ms): Min: 0.0, Avg: 0.1, Max: 0.2, Diff: 0.2, Sum: 0.9]
      [Termination (ms): Min: 0.0, Avg: 1.9, Max: 2.6, Diff: 2.6, Sum: 35.0]
         [Termination Attempts: Min: 1, Avg: 1.0, Max: 1, Diff: 0, Sum: 18]
      [GC Worker Other (ms): Min: 0.0, Avg: 0.0, Max: 0.0, Diff: 0.0, Sum: 0.1]
      [GC Worker Total (ms): Min: 0.0, Avg: 2.0, Max: 3.0, Diff: 3.0, Sum: 36.5]
      [GC Worker End (ms): Min: 26502.5, Avg: 26502.6, Max: 26502.7, Diff: 0.2]
   [Code Root Fixup: 0.0 ms]
   [Code Root Purge: 0.0 ms]
   [Clear CT: 0.7 ms]
   [Other: 3.2 ms]
      [Choose CSet: 0.0 ms]
      [Ref Proc: 2.5 ms]
      [Ref Enq: 0.0 ms]
      [Redirty Cards: 0.6 ms]
      [Humongous Register: 0.0 ms]
      [Humongous Reclaim: 0.0 ms]
      [Free CSet: 0.0 ms]
   [Eden: 2048.0K(2048.0K)->0.0B(2048.0K) Survivors: 1024.0K->1024.0K Heap: 39153.6K(65536.0K)->35901.6K(65536.0K)]
 [Times: user=0.06 sys=0.00, real=0.01 secs] 
2026-06-17T09:49:04.318+0800: 26.519: [GC pause (G1 Evacuation Pause) (mixed), 0.0118174 secs]
   [Parallel Time: 5.3 ms, GC Workers: 18]
      [GC Worker Start (ms): Min: 26518.9, Avg: 26519.8, Max: 26523.6, Diff: 4.6]
      [Ext Root Scanning (ms): Min: 0.0, Avg: 0.0, Max: 0.2, Diff: 0.2, Sum: 0.6]
      [Update RS (ms): Min: 0.0, Avg: 0.0, Max: 0.0, Diff: 0.0, Sum: 0.1]
         [Processed Buffers: Min: 0, Avg: 0.3, Max: 2, Diff: 2, Sum: 6]
      [Scan RS (ms): Min: 0.0, Avg: 0.0, Max: 0.0, Diff: 0.0, Sum: 0.0]
      [Code Root Scanning (ms): Min: 0.0, Avg: 0.0, Max: 0.0, Diff: 0.0, Sum: 0.0]
      [Object Copy (ms): Min: 0.0, Avg: 0.1, Max: 0.2, Diff: 0.2, Sum: 1.4]
      [Termination (ms): Min: 0.0, Avg: 3.7, Max: 4.4, Diff: 4.4, Sum: 66.1]
         [Termination Attempts: Min: 1, Avg: 1.0, Max: 1, Diff: 0, Sum: 18]
      [GC Worker Other (ms): Min: 0.0, Avg: 0.0, Max: 0.0, Diff: 0.0, Sum: 0.1]
      [GC Worker Total (ms): Min: 0.0, Avg: 3.8, Max: 4.8, Diff: 4.8, Sum: 68.3]
      [GC Worker End (ms): Min: 26523.6, Avg: 26523.6, Max: 26523.8, Diff: 0.2]
   [Code Root Fixup: 0.0 ms]
   [Code Root Purge: 0.0 ms]
   [Clear CT: 2.5 ms]
   [Other: 4.1 ms]
      [Choose CSet: 0.0 ms]
      [Ref Proc: 3.3 ms]
      [Ref Enq: 0.0 ms]
      [Redirty Cards: 0.7 ms]
      [Humongous Register: 0.0 ms]
      [Humongous Reclaim: 0.0 ms]
      [Free CSet: 0.0 ms]
   [Eden: 2048.0K(2048.0K)->0.0B(2048.0K) Survivors: 1024.0K->1024.0K Heap: 38855.6K(65536.0K)->36826.6K(65536.0K)]
 [Times: user=0.10 sys=0.02, real=0.01 secs] 
2026-06-17T09:49:04.341+0800: 26.542: [GC pause (G1 Evacuation Pause) (mixed), 0.0060090 secs]
   [Parallel Time: 2.1 ms, GC Workers: 18]
      [GC Worker Start (ms): Min: 26542.5, Avg: 26543.2, Max: 26543.9, Diff: 1.5]
      [Ext Root Scanning (ms): Min: 0.0, Avg: 0.0, Max: 0.2, Diff: 0.2, Sum: 0.6]
      [Update RS (ms): Min: 0.0, Avg: 0.0, Max: 0.0, Diff: 0.0, Sum: 0.0]
         [Processed Buffers: Min: 0, Avg: 0.3, Max: 2, Diff: 2, Sum: 5]
      [Scan RS (ms): Min: 0.0, Avg: 0.0, Max: 0.0, Diff: 0.0, Sum: 0.1]
      [Code Root Scanning (ms): Min: 0.0, Avg: 0.0, Max: 0.0, Diff: 0.0, Sum: 0.0]
      [Object Copy (ms): Min: 0.0, Avg: 0.0, Max: 0.1, Diff: 0.1, Sum: 0.5]
      [Termination (ms): Min: 0.0, Avg: 0.7, Max: 1.2, Diff: 1.2, Sum: 13.0]
         [Termination Attempts: Min: 1, Avg: 1.3, Max: 3, Diff: 2, Sum: 23]
      [GC Worker Other (ms): Min: 0.0, Avg: 0.0, Max: 0.0, Diff: 0.0, Sum: 0.1]
      [GC Worker Total (ms): Min: 0.0, Avg: 0.8, Max: 1.5, Diff: 1.5, Sum: 14.3]
      [GC Worker End (ms): Min: 26544.0, Avg: 26544.0, Max: 26544.1, Diff: 0.2]
   [Code Root Fixup: 0.0 ms]
   [Code Root Purge: 0.0 ms]
   [Clear CT: 1.1 ms]
   [Other: 2.9 ms]
      [Choose CSet: 0.0 ms]
      [Ref Proc: 1.8 ms]
      [Ref Enq: 0.0 ms]
      [Redirty Cards: 0.9 ms]
      [Humongous Register: 0.0 ms]
      [Humongous Reclaim: 0.0 ms]
      [Free CSet: 0.0 ms]
   [Eden: 2048.0K(2048.0K)->0.0B(16384.0K) Survivors: 1024.0K->1024.0K Heap: 38874.6K(65536.0K)->32023.8K(65536.0K)]
 [Times: user=0.02 sys=0.00, real=0.01 secs] 
2026-06-17T09:49:04.380+0800: 26.582: [GC pause (G1 Evacuation Pause) (young), 0.0062957 secs]
   [Parallel Time: 2.0 ms, GC Workers: 18]
      [GC Worker Start (ms): Min: 26581.7, Avg: 26582.6, Max: 26583.3, Diff: 1.5]
      [Ext Root Scanning (ms): Min: 0.0, Avg: 0.0, Max: 0.2, Diff: 0.2, Sum: 0.4]
      [Update RS (ms): Min: 0.0, Avg: 0.0, Max: 0.1, Diff: 0.1, Sum: 0.3]
         [Processed Buffers: Min: 0, Avg: 0.4, Max: 3, Diff: 3, Sum: 7]
      [Scan RS (ms): Min: 0.0, Avg: 0.0, Max: 0.0, Diff: 0.0, Sum: 0.0]
      [Code Root Scanning (ms): Min: 0.0, Avg: 0.0, Max: 0.0, Diff: 0.0, Sum: 0.0]
      [Object Copy (ms): Min: 0.0, Avg: 0.0, Max: 0.1, Diff: 0.1, Sum: 0.3]
      [Termination (ms): Min: 0.0, Avg: 0.7, Max: 1.4, Diff: 1.4, Sum: 13.2]
         [Termination Attempts: Min: 1, Avg: 1.0, Max: 1, Diff: 0, Sum: 18]
      [GC Worker Other (ms): Min: 0.0, Avg: 0.0, Max: 0.0, Diff: 0.0, Sum: 0.1]
      [GC Worker Total (ms): Min: 0.0, Avg: 0.8, Max: 1.6, Diff: 1.6, Sum: 14.2]
      [GC Worker End (ms): Min: 26583.3, Avg: 26583.4, Max: 26583.5, Diff: 0.2]
   [Code Root Fixup: 0.0 ms]
   [Code Root Purge: 0.0 ms]
   [Clear CT: 0.8 ms]
   [Other: 3.5 ms]
      [Choose CSet: 0.0 ms]
      [Ref Proc: 2.5 ms]
      [Ref Enq: 0.0 ms]
      [Redirty Cards: 0.9 ms]
      [Humongous Register: 0.0 ms]
      [Humongous Reclaim: 0.0 ms]
      [Free CSet: 0.0 ms]
   [Eden: 16384.0K(16384.0K)->0.0B(14336.0K) Survivors: 1024.0K->3072.0K Heap: 48407.8K(65536.0K)->33589.6K(65536.0K)]
 [Times: user=0.04 sys=0.01, real=0.01 secs] 
2026-06-17T09:49:04.419+0800: 26.620: [GC pause (G1 Evacuation Pause) (young) (initial-mark), 0.0076480 secs]
   [Parallel Time: 2.7 ms, GC Workers: 18]
      [GC Worker Start (ms): Min: 26620.6, Avg: 26621.0, Max: 26621.3, Diff: 0.7]
      [Ext Root Scanning (ms): Min: 0.0, Avg: 1.1, Max: 1.5, Diff: 1.5, Sum: 20.3]
      [Update RS (ms): Min: 0.0, Avg: 0.0, Max: 0.0, Diff: 0.0, Sum: 0.0]
         [Processed Buffers: Min: 0, Avg: 0.1, Max: 2, Diff: 2, Sum: 2]
      [Scan RS (ms): Min: 0.0, Avg: 0.0, Max: 0.0, Diff: 0.0, Sum: 0.0]
      [Code Root Scanning (ms): Min: 0.0, Avg: 0.0, Max: 0.0, Diff: 0.0, Sum: 0.0]
      [Object Copy (ms): Min: 0.0, Avg: 0.0, Max: 0.3, Diff: 0.3, Sum: 0.7]
      [Termination (ms): Min: 0.0, Avg: 0.6, Max: 1.2, Diff: 1.2, Sum: 11.2]
         [Termination Attempts: Min: 1, Avg: 1.0, Max: 1, Diff: 0, Sum: 18]
      [GC Worker Other (ms): Min: 0.0, Avg: 0.0, Max: 0.0, Diff: 0.0, Sum: 0.1]
      [GC Worker Total (ms): Min: 1.5, Avg: 1.8, Max: 2.2, Diff: 0.7, Sum: 32.3]
      [GC Worker End (ms): Min: 26622.7, Avg: 26622.8, Max: 26622.8, Diff: 0.1]
   [Code Root Fixup: 0.0 ms]
   [Code Root Purge: 0.0 ms]
   [Clear CT: 0.6 ms]
   [Other: 4.3 ms]
      [Choose CSet: 0.0 ms]
      [Ref Proc: 3.6 ms]
      [Ref Enq: 0.0 ms]
      [Redirty Cards: 0.7 ms]
      [Humongous Register: 0.0 ms]
      [Humongous Reclaim: 0.0 ms]
      [Free CSet: 0.0 ms]
   [Eden: 14336.0K(14336.0K)->0.0B(12288.0K) Survivors: 3072.0K->3072.0K Heap: 47925.6K(65536.0K)->37508.6K(65536.0K)]
 [Times: user=0.06 sys=0.00, real=0.01 secs] 
2026-06-17T09:49:04.428+0800: 26.629: [GC concurrent-root-region-scan-start]
2026-06-17T09:49:04.428+0800: 26.629: [GC concurrent-root-region-scan-end, 0.0003012 secs]
2026-06-17T09:49:04.428+0800: 26.629: [GC concurrent-mark-start]
2026-06-17T09:49:04.429+0800: 26.630: [GC concurrent-mark-end, 0.0003383 secs]
2026-06-17T09:49:04.429+0800: 26.630: [GC remark 2026-06-17T09:49:04.429+0800: 26.630: [Finalize Marking, 0.0023349 secs] 2026-06-17T09:49:04.432+0800: 26.633: [GC ref-proc, 0.0005471 secs] 2026-06-17T09:49:04.433+0800: 26.634: [Unloading, 0.0017880 secs], 0.0071477 secs]
 [Times: user=0.01 sys=0.00, real=0.01 secs] 
2026-06-17T09:49:04.437+0800: 26.638: [GC cleanup 38007K->36983K(65536K), 0.0033790 secs]
 [Times: user=0.00 sys=0.00, real=0.00 secs] 
2026-06-17T09:49:04.441+0800: 26.642: [GC concurrent-cleanup-start]
2026-06-17T09:49:04.441+0800: 26.642: [GC concurrent-cleanup-end, 0.0000120 secs]
2026-06-17T09:49:04.462+0800: 26.663: [GC pause (G1 Evacuation Pause) (young), 0.0122741 secs]
   [Parallel Time: 8.4 ms, GC Workers: 18]
      [GC Worker Start (ms): Min: 26663.4, Avg: 26666.9, Max: 26671.6, Diff: 8.1]
      [Ext Root Scanning (ms): Min: 0.0, Avg: 0.0, Max: 0.2, Diff: 0.2, Sum: 0.3]
      [Update RS (ms): Min: 0.0, Avg: 0.0, Max: 0.0, Diff: 0.0, Sum: 0.0]
         [Processed Buffers: Min: 0, Avg: 0.2, Max: 2, Diff: 2, Sum: 3]
      [Scan RS (ms): Min: 0.0, Avg: 0.0, Max: 0.0, Diff: 0.0, Sum: 0.0]
      [Code Root Scanning (ms): Min: 0.0, Avg: 0.0, Max: 0.0, Diff: 0.0, Sum: 0.0]
      [Object Copy (ms): Min: 0.0, Avg: 0.0, Max: 0.2, Diff: 0.2, Sum: 0.5]
      [Termination (ms): Min: 0.0, Avg: 4.7, Max: 7.9, Diff: 7.9, Sum: 84.2]
         [Termination Attempts: Min: 1, Avg: 1.0, Max: 1, Diff: 0, Sum: 18]
      [GC Worker Other (ms): Min: 0.0, Avg: 0.0, Max: 0.0, Diff: 0.0, Sum: 0.1]
      [GC Worker Total (ms): Min: 0.0, Avg: 4.7, Max: 8.2, Diff: 8.2, Sum: 85.1]
      [GC Worker End (ms): Min: 26671.6, Avg: 26671.6, Max: 26671.7, Diff: 0.2]
   [Code Root Fixup: 0.0 ms]
   [Code Root Purge: 0.0 ms]
   [Clear CT: 0.8 ms]
   [Other: 3.0 ms]
      [Choose CSet: 0.0 ms]
      [Ref Proc: 2.4 ms]
      [Ref Enq: 0.0 ms]
      [Redirty Cards: 0.5 ms]
      [Humongous Register: 0.0 ms]
      [Humongous Reclaim: 0.0 ms]
      [Free CSet: 0.0 ms]
   [Eden: 12288.0K(12288.0K)->0.0B(1024.0K) Survivors: 3072.0K->2048.0K Heap: 48772.6K(65536.0K)->37662.6K(65536.0K)]
 [Times: user=0.11 sys=0.01, real=0.02 secs] 
2026-06-17T09:49:04.475+0800: 26.677: [GC pause (G1 Evacuation Pause) (mixed), 0.0093541 secs]
   [Parallel Time: 4.5 ms, GC Workers: 18]
      [GC Worker Start (ms): Min: 26676.8, Avg: 26678.7, Max: 26680.7, Diff: 4.0]
      [Ext Root Scanning (ms): Min: 0.0, Avg: 0.0, Max: 0.2, Diff: 0.2, Sum: 0.3]
      [Update RS (ms): Min: 0.0, Avg: 0.0, Max: 0.0, Diff: 0.0, Sum: 0.0]
         [Processed Buffers: Min: 0, Avg: 0.2, Max: 1, Diff: 1, Sum: 3]
      [Scan RS (ms): Min: 0.0, Avg: 0.0, Max: 0.0, Diff: 0.0, Sum: 0.0]
      [Code Root Scanning (ms): Min: 0.0, Avg: 0.0, Max: 0.0, Diff: 0.0, Sum: 0.0]
      [Object Copy (ms): Min: 0.0, Avg: 0.0, Max: 0.2, Diff: 0.2, Sum: 0.9]
      [Termination (ms): Min: 0.0, Avg: 2.1, Max: 3.7, Diff: 3.7, Sum: 37.0]
         [Termination Attempts: Min: 1, Avg: 1.0, Max: 1, Diff: 0, Sum: 18]
      [GC Worker Other (ms): Min: 0.0, Avg: 0.0, Max: 0.0, Diff: 0.0, Sum: 0.1]
      [GC Worker Total (ms): Min: 0.0, Avg: 2.1, Max: 4.0, Diff: 4.0, Sum: 38.4]
      [GC Worker End (ms): Min: 26680.7, Avg: 26680.8, Max: 26680.9, Diff: 0.1]
   [Code Root Fixup: 0.0 ms]
   [Code Root Purge: 0.0 ms]
   [Clear CT: 1.1 ms]
   [Other: 3.8 ms]
      [Choose CSet: 0.0 ms]
      [Ref Proc: 3.0 ms]
      [Ref Enq: 0.0 ms]
      [Redirty Cards: 0.7 ms]
      [Humongous Register: 0.0 ms]
      [Humongous Reclaim: 0.0 ms]
      [Free CSet: 0.0 ms]
   [Eden: 1024.0K(1024.0K)->0.0B(2048.0K) Survivors: 2048.0K->1024.0K Heap: 38686.6K(65536.0K)->35784.7K(65536.0K)]
 [Times: user=0.07 sys=0.00, real=0.01 secs] 
2026-06-17T09:49:04.496+0800: 26.698: [GC pause (G1 Evacuation Pause) (mixed), 0.0120157 secs]
   [Parallel Time: 7.9 ms, GC Workers: 18]
      [GC Worker Start (ms): Min: 26697.7, Avg: 26699.5, Max: 26704.9, Diff: 7.1]
      [Ext Root Scanning (ms): Min: 0.0, Avg: 0.0, Max: 0.2, Diff: 0.2, Sum: 0.4]
      [Update RS (ms): Min: 0.0, Avg: 0.0, Max: 0.0, Diff: 0.0, Sum: 0.0]
         [Processed Buffers: Min: 0, Avg: 0.3, Max: 3, Diff: 3, Sum: 6]
      [Scan RS (ms): Min: 0.0, Avg: 0.0, Max: 0.0, Diff: 0.0, Sum: 0.0]
      [Code Root Scanning (ms): Min: 0.0, Avg: 0.0, Max: 0.0, Diff: 0.0, Sum: 0.0]
      [Object Copy (ms): Min: 0.0, Avg: 0.1, Max: 0.2, Diff: 0.2, Sum: 0.9]
      [Termination (ms): Min: 0.0, Avg: 5.4, Max: 7.0, Diff: 7.0, Sum: 96.5]
         [Termination Attempts: Min: 1, Avg: 1.0, Max: 1, Diff: 0, Sum: 18]
      [GC Worker Other (ms): Min: 0.0, Avg: 0.0, Max: 0.0, Diff: 0.0, Sum: 0.1]
      [GC Worker Total (ms): Min: 0.0, Avg: 5.4, Max: 7.3, Diff: 7.3, Sum: 98.0]
      [GC Worker End (ms): Min: 26704.9, Avg: 26704.9, Max: 26705.1, Diff: 0.2]
   [Code Root Fixup: 0.0 ms]
   [Code Root Purge: 0.0 ms]
   [Clear CT: 1.3 ms]
   [Other: 2.8 ms]
      [Choose CSet: 0.0 ms]
      [Ref Proc: 1.9 ms]
      [Ref Enq: 0.0 ms]
      [Redirty Cards: 0.8 ms]
      [Humongous Register: 0.0 ms]
      [Humongous Reclaim: 0.0 ms]
      [Free CSet: 0.0 ms]
   [Eden: 2048.0K(2048.0K)->0.0B(12288.0K) Survivors: 1024.0K->1024.0K Heap: 37832.7K(65536.0K)->36978.6K(65536.0K)]
 [Times: user=0.12 sys=0.00, real=0.01 secs] 
2026-06-17T09:49:04.541+0800: 26.742: [GC pause (G1 Evacuation Pause) (young), 0.0054547 secs]
   [Parallel Time: 2.6 ms, GC Workers: 18]
      [GC Worker Start (ms): Min: 26742.0, Avg: 26743.1, Max: 26744.1, Diff: 2.1]
      [Ext Root Scanning (ms): Min: 0.0, Avg: 0.0, Max: 0.2, Diff: 0.2, Sum: 0.4]
      [Update RS (ms): Min: 0.0, Avg: 0.0, Max: 0.0, Diff: 0.0, Sum: 0.0]
         [Processed Buffers: Min: 0, Avg: 0.3, Max: 2, Diff: 2, Sum: 5]
      [Scan RS (ms): Min: 0.0, Avg: 0.0, Max: 0.0, Diff: 0.0, Sum: 0.0]
      [Code Root Scanning (ms): Min: 0.0, Avg: 0.0, Max: 0.0, Diff: 0.0, Sum: 0.0]
      [Object Copy (ms): Min: 0.0, Avg: 0.0, Max: 0.1, Diff: 0.1, Sum: 0.4]
      [Termination (ms): Min: 0.0, Avg: 1.1, Max: 1.9, Diff: 1.9, Sum: 18.9]
         [Termination Attempts: Min: 1, Avg: 1.1, Max: 2, Diff: 1, Sum: 19]
      [GC Worker Other (ms): Min: 0.0, Avg: 0.0, Max: 0.0, Diff: 0.0, Sum: 0.1]
      [GC Worker Total (ms): Min: 0.0, Avg: 1.1, Max: 2.2, Diff: 2.2, Sum: 19.8]
      [GC Worker End (ms): Min: 26744.1, Avg: 26744.2, Max: 26744.3, Diff: 0.2]
   [Code Root Fixup: 0.0 ms]
   [Code Root Purge: 0.0 ms]
   [Clear CT: 0.6 ms]
   [Other: 2.2 ms]
      [Choose CSet: 0.0 ms]
      [Ref Proc: 1.7 ms]
      [Ref Enq: 0.0 ms]
      [Redirty Cards: 0.5 ms]
      [Humongous Register: 0.0 ms]
      [Humongous Reclaim: 0.0 ms]
      [Free CSet: 0.0 ms]
   [Eden: 12288.0K(12288.0K)->0.0B(11264.0K) Survivors: 1024.0K->2048.0K Heap: 49266.6K(65536.0K)->38885.6K(65536.0K)]
 [Times: user=0.03 sys=0.00, real=0.01 secs] 
2026-06-17T09:49:04.568+0800: 26.769: [GC pause (G1 Evacuation Pause) (young) (initial-mark), 0.0071503 secs]
   [Parallel Time: 3.3 ms, GC Workers: 18]
      [GC Worker Start (ms): Min: 26769.6, Avg: 26770.0, Max: 26770.3, Diff: 0.7]
      [Ext Root Scanning (ms): Min: 0.0, Avg: 1.2, Max: 1.8, Diff: 1.8, Sum: 21.3]
      [Update RS (ms): Min: 0.0, Avg: 0.0, Max: 0.0, Diff: 0.0, Sum: 0.0]
         [Processed Buffers: Min: 0, Avg: 0.1, Max: 2, Diff: 2, Sum: 2]
      [Scan RS (ms): Min: 0.0, Avg: 0.0, Max: 0.0, Diff: 0.0, Sum: 0.0]
      [Code Root Scanning (ms): Min: 0.0, Avg: 0.0, Max: 0.0, Diff: 0.0, Sum: 0.0]
      [Object Copy (ms): Min: 0.0, Avg: 0.0, Max: 0.1, Diff: 0.1, Sum: 0.3]
      [Termination (ms): Min: 0.0, Avg: 0.9, Max: 1.8, Diff: 1.8, Sum: 16.2]
         [Termination Attempts: Min: 1, Avg: 1.1, Max: 2, Diff: 1, Sum: 19]
      [GC Worker Other (ms): Min: 0.0, Avg: 0.0, Max: 0.0, Diff: 0.0, Sum: 0.1]
      [GC Worker Total (ms): Min: 1.8, Avg: 2.1, Max: 2.6, Diff: 0.8, Sum: 38.0]
      [GC Worker End (ms): Min: 26772.1, Avg: 26772.1, Max: 26772.3, Diff: 0.3]
   [Code Root Fixup: 0.0 ms]
   [Code Root Purge: 0.0 ms]
   [Clear CT: 0.9 ms]
   [Other: 3.0 ms]
      [Choose CSet: 0.0 ms]
      [Ref Proc: 2.1 ms]
      [Ref Enq: 0.0 ms]
      [Redirty Cards: 0.8 ms]
      [Humongous Register: 0.0 ms]
      [Humongous Reclaim: 0.0 ms]
      [Free CSet: 0.0 ms]
   [Eden: 11264.0K(11264.0K)->0.0B(10240.0K) Survivors: 2048.0K->2048.0K Heap: 50149.6K(65536.0K)->40085.7K(65536.0K)]
 [Times: user=0.03 sys=0.01, real=0.01 secs] 
2026-06-17T09:49:04.576+0800: 26.778: [GC concurrent-root-region-scan-start]
2026-06-17T09:49:04.577+0800: 26.778: [GC concurrent-root-region-scan-end, 0.0002722 secs]
2026-06-17T09:49:04.577+0800: 26.778: [GC concurrent-mark-start]
2026-06-17T09:49:04.577+0800: 26.778: [GC concurrent-mark-end, 0.0003628 secs]
2026-06-17T09:49:04.577+0800: 26.778: [GC remark 2026-06-17T09:49:04.578+0800: 26.779: [Finalize Marking, 0.0073295 secs] 2026-06-17T09:49:04.585+0800: 26.787: [GC ref-proc, 0.0005171 secs] 2026-06-17T09:49:04.587+0800: 26.788: [Unloading, 0.0018114 secs], 0.0126384 secs]
 [Times: user=0.09 sys=0.00, real=0.01 secs] 
2026-06-17T09:49:04.591+0800: 26.792: [GC cleanup 44115K->42067K(65536K), 0.0035076 secs]
 [Times: user=0.01 sys=0.00, real=0.00 secs] 
2026-06-17T09:49:04.595+0800: 26.797: [GC concurrent-cleanup-start]
2026-06-17T09:49:04.595+0800: 26.797: [GC concurrent-cleanup-end, 0.0000097 secs]
2026-06-17T09:49:04.616+0800: 26.818: [GC pause (G1 Evacuation Pause) (young), 0.0086304 secs]
   [Parallel Time: 3.0 ms, GC Workers: 18]
      [GC Worker Start (ms): Min: 26817.6, Avg: 26818.5, Max: 26819.3, Diff: 1.7]
      [Ext Root Scanning (ms): Min: 0.0, Avg: 0.0, Max: 0.2, Diff: 0.2, Sum: 0.3]
      [Update RS (ms): Min: 0.0, Avg: 0.0, Max: 0.0, Diff: 0.0, Sum: 0.0]
         [Processed Buffers: Min: 0, Avg: 0.1, Max: 1, Diff: 1, Sum: 2]
      [Scan RS (ms): Min: 0.0, Avg: 0.0, Max: 0.0, Diff: 0.0, Sum: 0.0]
      [Code Root Scanning (ms): Min: 0.0, Avg: 0.0, Max: 0.0, Diff: 0.0, Sum: 0.0]
      [Object Copy (ms): Min: 0.0, Avg: 0.0, Max: 0.2, Diff: 0.2, Sum: 0.7]
      [Termination (ms): Min: 0.0, Avg: 1.0, Max: 1.8, Diff: 1.8, Sum: 17.3]
         [Termination Attempts: Min: 1, Avg: 1.0, Max: 1, Diff: 0, Sum: 18]
      [GC Worker Other (ms): Min: 0.0, Avg: 0.0, Max: 0.0, Diff: 0.0, Sum: 0.1]
      [GC Worker Total (ms): Min: 0.0, Avg: 1.0, Max: 2.1, Diff: 2.1, Sum: 18.5]
      [GC Worker End (ms): Min: 26819.3, Avg: 26819.5, Max: 26819.9, Diff: 0.5]
   [Code Root Fixup: 0.0 ms]
   [Code Root Purge: 0.0 ms]
   [Clear CT: 1.0 ms]
   [Other: 4.6 ms]
      [Choose CSet: 0.0 ms]
      [Ref Proc: 3.8 ms]
      [Ref Enq: 0.0 ms]
      [Redirty Cards: 0.8 ms]
      [Humongous Register: 0.0 ms]
      [Humongous Reclaim: 0.0 ms]
      [Free CSet: 0.0 ms]
   [Eden: 10240.0K(10240.0K)->0.0B(1024.0K) Survivors: 2048.0K->2048.0K Heap: 49440.7K(65536.0K)->43053.6K(65536.0K)]
 [Times: user=0.03 sys=0.01, real=0.01 secs] 
2026-06-17T09:49:04.626+0800: 26.828: [GC pause (G1 Evacuation Pause) (mixed), 0.0099444 secs]
   [Parallel Time: 5.5 ms, GC Workers: 18]
      [GC Worker Start (ms): Min: 26827.6, Avg: 26828.8, Max: 26832.3, Diff: 4.7]
      [Ext Root Scanning (ms): Min: 0.0, Avg: 0.0, Max: 0.2, Diff: 0.2, Sum: 0.5]
      [Update RS (ms): Min: 0.0, Avg: 0.0, Max: 0.0, Diff: 0.0, Sum: 0.0]
         [Processed Buffers: Min: 0, Avg: 0.1, Max: 1, Diff: 1, Sum: 2]
      [Scan RS (ms): Min: 0.0, Avg: 0.0, Max: 0.0, Diff: 0.0, Sum: 0.0]
      [Code Root Scanning (ms): Min: 0.0, Avg: 0.0, Max: 0.0, Diff: 0.0, Sum: 0.0]
      [Object Copy (ms): Min: 0.0, Avg: 0.0, Max: 0.1, Diff: 0.1, Sum: 0.6]
      [Termination (ms): Min: 0.0, Avg: 3.6, Max: 4.5, Diff: 4.5, Sum: 64.1]
         [Termination Attempts: Min: 1, Avg: 1.0, Max: 1, Diff: 0, Sum: 18]
      [GC Worker Other (ms): Min: 0.0, Avg: 0.0, Max: 0.0, Diff: 0.0, Sum: 0.1]
      [GC Worker Total (ms): Min: 0.0, Avg: 3.6, Max: 4.8, Diff: 4.8, Sum: 65.4]
      [GC Worker End (ms): Min: 26832.3, Avg: 26832.4, Max: 26832.5, Diff: 0.3]
   [Code Root Fixup: 0.0 ms]
   [Code Root Purge: 0.0 ms]
   [Clear CT: 1.1 ms]
   [Other: 3.4 ms]
      [Choose CSet: 0.0 ms]
      [Ref Proc: 2.7 ms]
      [Ref Enq: 0.0 ms]
      [Redirty Cards: 0.7 ms]
      [Humongous Register: 0.0 ms]
      [Humongous Reclaim: 0.0 ms]
      [Free CSet: 0.0 ms]
   [Eden: 1024.0K(1024.0K)->0.0B(2048.0K) Survivors: 2048.0K->1024.0K Heap: 44077.6K(65536.0K)->37961.7K(65536.0K)]
 [Times: user=0.09 sys=0.01, real=0.01 secs] 
2026-06-17T09:49:04.647+0800: 26.849: [GC pause (G1 Evacuation Pause) (mixed), 0.0082311 secs]
   [Parallel Time: 4.3 ms, GC Workers: 18]
      [GC Worker Start (ms): Min: 26848.8, Avg: 26850.0, Max: 26851.3, Diff: 2.5]
      [Ext Root Scanning (ms): Min: 0.0, Avg: 0.0, Max: 0.2, Diff: 0.2, Sum: 0.4]
      [Update RS (ms): Min: 0.0, Avg: 0.0, Max: 0.0, Diff: 0.0, Sum: 0.0]
         [Processed Buffers: Min: 0, Avg: 0.3, Max: 3, Diff: 3, Sum: 5]
      [Scan RS (ms): Min: 0.0, Avg: 0.0, Max: 0.0, Diff: 0.0, Sum: 0.0]
      [Code Root Scanning (ms): Min: 0.0, Avg: 0.0, Max: 0.0, Diff: 0.0, Sum: 0.0]
      [Object Copy (ms): Min: 0.0, Avg: 0.0, Max: 0.2, Diff: 0.2, Sum: 0.8]
      [Termination (ms): Min: 0.0, Avg: 1.5, Max: 2.6, Diff: 2.6, Sum: 27.0]
         [Termination Attempts: Min: 1, Avg: 1.0, Max: 1, Diff: 0, Sum: 18]
      [GC Worker Other (ms): Min: 0.0, Avg: 0.0, Max: 0.1, Diff: 0.0, Sum: 0.2]
      [GC Worker Total (ms): Min: 0.0, Avg: 1.6, Max: 3.0, Diff: 3.0, Sum: 28.4]
      [GC Worker End (ms): Min: 26851.3, Avg: 26851.6, Max: 26852.0, Diff: 0.6]
   [Code Root Fixup: 0.0 ms]
   [Code Root Purge: 0.0 ms]
   [Clear CT: 0.8 ms]
   [Other: 3.1 ms]
      [Choose CSet: 0.0 ms]
      [Ref Proc: 2.6 ms]
      [Ref Enq: 0.0 ms]
      [Redirty Cards: 0.5 ms]
      [Humongous Register: 0.0 ms]
      [Humongous Reclaim: 0.0 ms]
      [Free CSet: 0.0 ms]
   [Eden: 2048.0K(2048.0K)->0.0B(2048.0K) Survivors: 1024.0K->1024.0K Heap: 40009.7K(65536.0K)->36669.6K(65536.0K)]
 [Times: user=0.04 sys=0.00, real=0.01 secs] 
2026-06-17T09:49:04.657+0800: 26.858: [GC pause (G1 Evacuation Pause) (mixed), 0.0115350 secs]
   [Parallel Time: 4.4 ms, GC Workers: 18]
      [GC Worker Start (ms): Min: 26858.3, Avg: 26859.4, Max: 26861.6, Diff: 3.2]
      [Ext Root Scanning (ms): Min: 0.0, Avg: 0.0, Max: 0.1, Diff: 0.1, Sum: 0.3]
      [Update RS (ms): Min: 0.0, Avg: 0.0, Max: 0.0, Diff: 0.0, Sum: 0.0]
         [Processed Buffers: Min: 0, Avg: 0.3, Max: 2, Diff: 2, Sum: 5]
      [Scan RS (ms): Min: 0.0, Avg: 0.0, Max: 0.0, Diff: 0.0, Sum: 0.1]
      [Code Root Scanning (ms): Min: 0.0, Avg: 0.0, Max: 0.0, Diff: 0.0, Sum: 0.0]
      [Object Copy (ms): Min: 0.0, Avg: 0.0, Max: 0.2, Diff: 0.2, Sum: 0.7]
      [Termination (ms): Min: 0.0, Avg: 2.3, Max: 3.0, Diff: 3.0, Sum: 40.7]
         [Termination Attempts: Min: 1, Avg: 1.0, Max: 1, Diff: 0, Sum: 18]
      [GC Worker Other (ms): Min: 0.0, Avg: 0.0, Max: 0.0, Diff: 0.0, Sum: 0.1]
      [GC Worker Total (ms): Min: 0.0, Avg: 2.3, Max: 3.3, Diff: 3.3, Sum: 41.9]
      [GC Worker End (ms): Min: 26861.6, Avg: 26861.7, Max: 26862.0, Diff: 0.4]
   [Code Root Fixup: 0.0 ms]
   [Code Root Purge: 0.0 ms]
   [Clear CT: 0.6 ms]
   [Other: 6.5 ms]
      [Choose CSet: 0.0 ms]
      [Ref Proc: 5.9 ms]
      [Ref Enq: 0.0 ms]
      [Redirty Cards: 0.5 ms]
      [Humongous Register: 0.0 ms]
      [Humongous Reclaim: 0.0 ms]
      [Free CSet: 0.0 ms]
   [Eden: 2048.0K(2048.0K)->0.0B(12288.0K) Survivors: 1024.0K->1024.0K Heap: 38717.6K(65536.0K)->36324.6K(65536.0K)]
 [Times: user=0.10 sys=0.01, real=0.01 secs] 
2026-06-17T09:49:04.701+0800: 26.902: [GC pause (G1 Evacuation Pause) (young), 0.0091596 secs]
   [Parallel Time: 2.4 ms, GC Workers: 18]
      [GC Worker Start (ms): Min: 26902.5, Avg: 26903.5, Max: 26904.2, Diff: 1.7]
      [Ext Root Scanning (ms): Min: 0.0, Avg: 0.0, Max: 0.2, Diff: 0.2, Sum: 0.4]
      [Update RS (ms): Min: 0.0, Avg: 0.0, Max: 0.1, Diff: 0.1, Sum: 0.2]
         [Processed Buffers: Min: 0, Avg: 0.3, Max: 2, Diff: 2, Sum: 5]
      [Scan RS (ms): Min: 0.0, Avg: 0.0, Max: 0.0, Diff: 0.0, Sum: 0.0]
      [Code Root Scanning (ms): Min: 0.0, Avg: 0.0, Max: 0.0, Diff: 0.0, Sum: 0.0]
      [Object Copy (ms): Min: 0.0, Avg: 0.0, Max: 0.2, Diff: 0.2, Sum: 0.9]
      [Termination (ms): Min: 0.0, Avg: 0.7, Max: 1.3, Diff: 1.3, Sum: 11.8]
         [Termination Attempts: Min: 1, Avg: 1.0, Max: 1, Diff: 0, Sum: 18]
      [GC Worker Other (ms): Min: 0.0, Avg: 0.0, Max: 0.0, Diff: 0.0, Sum: 0.1]
      [GC Worker Total (ms): Min: 0.0, Avg: 0.7, Max: 1.7, Diff: 1.7, Sum: 13.3]
      [GC Worker End (ms): Min: 26904.2, Avg: 26904.2, Max: 26904.3, Diff: 0.1]
   [Code Root Fixup: 0.0 ms]
   [Code Root Purge: 0.0 ms]
   [Clear CT: 0.8 ms]
   [Other: 6.0 ms]
      [Choose CSet: 0.0 ms]
      [Ref Proc: 5.4 ms]
      [Ref Enq: 0.0 ms]
      [Redirty Cards: 0.5 ms]
      [Humongous Register: 0.0 ms]
      [Humongous Reclaim: 0.0 ms]
      [Free CSet: 0.0 ms]
   [Eden: 12288.0K(12288.0K)->0.0B(7168.0K) Survivors: 1024.0K->2048.0K Heap: 48612.6K(65536.0K)->41745.6K(65536.0K)]
 [Times: user=0.08 sys=0.00, real=0.02 secs] 
2026-06-17T09:49:04.732+0800: 26.934: [GC pause (G1 Evacuation Pause) (young) (initial-mark), 0.0104430 secs]
   [Parallel Time: 2.9 ms, GC Workers: 18]
      [GC Worker Start (ms): Min: 26933.7, Avg: 26934.1, Max: 26934.4, Diff: 0.7]
      [Ext Root Scanning (ms): Min: 0.0, Avg: 1.3, Max: 1.8, Diff: 1.8, Sum: 23.0]
      [Update RS (ms): Min: 0.0, Avg: 0.0, Max: 0.0, Diff: 0.0, Sum: 0.0]
         [Processed Buffers: Min: 0, Avg: 0.2, Max: 2, Diff: 2, Sum: 3]
      [Scan RS (ms): Min: 0.0, Avg: 0.0, Max: 0.0, Diff: 0.0, Sum: 0.0]
      [Code Root Scanning (ms): Min: 0.0, Avg: 0.0, Max: 0.0, Diff: 0.0, Sum: 0.0]
      [Object Copy (ms): Min: 0.0, Avg: 0.0, Max: 0.2, Diff: 0.2, Sum: 0.5]
      [Termination (ms): Min: 0.0, Avg: 0.7, Max: 1.6, Diff: 1.6, Sum: 13.5]
         [Termination Attempts: Min: 1, Avg: 1.0, Max: 1, Diff: 0, Sum: 18]
      [GC Worker Other (ms): Min: 0.0, Avg: 0.0, Max: 0.0, Diff: 0.0, Sum: 0.1]
      [GC Worker Total (ms): Min: 1.8, Avg: 2.1, Max: 2.5, Diff: 0.7, Sum: 37.1]
      [GC Worker End (ms): Min: 26936.1, Avg: 26936.2, Max: 26936.2, Diff: 0.1]
   [Code Root Fixup: 0.0 ms]
   [Code Root Purge: 0.0 ms]
   [Clear CT: 1.1 ms]
   [Other: 6.4 ms]
      [Choose CSet: 0.0 ms]
      [Ref Proc: 5.4 ms]
      [Ref Enq: 0.0 ms]
      [Redirty Cards: 0.8 ms]
      [Humongous Register: 0.0 ms]
      [Humongous Reclaim: 0.0 ms]
      [Free CSet: 0.0 ms]
   [Eden: 7168.0K(7168.0K)->0.0B(6144.0K) Survivors: 2048.0K->2048.0K Heap: 48913.6K(65536.0K)->43274.9K(65536.0K)]
 [Times: user=0.09 sys=0.01, real=0.01 secs] 
2026-06-17T09:49:04.744+0800: 26.945: [GC concurrent-root-region-scan-start]
2026-06-17T09:49:04.744+0800: 26.945: [GC concurrent-root-region-scan-end, 0.0003019 secs]
2026-06-17T09:49:04.744+0800: 26.945: [GC concurrent-mark-start]
2026-06-17T09:49:04.744+0800: 26.946: [GC concurrent-mark-end, 0.0002864 secs]
2026-06-17T09:49:04.745+0800: 26.946: [GC remark 2026-06-17T09:49:04.745+0800: 26.946: [Finalize Marking, 0.0027261 secs] 2026-06-17T09:49:04.748+0800: 26.949: [GC ref-proc, 0.0005520 secs] 2026-06-17T09:49:04.749+0800: 26.950: [Unloading, 0.0016891 secs], 0.0075456 secs]
 [Times: user=0.02 sys=0.00, real=0.01 secs] 
2026-06-17T09:49:04.753+0800: 26.954: [GC cleanup 47156K->43060K(65536K), 0.0029197 secs]
 [Times: user=0.00 sys=0.00, real=0.00 secs] 
2026-06-17T09:49:04.757+0800: 26.958: [GC concurrent-cleanup-start]
2026-06-17T09:49:04.757+0800: 26.958: [GC concurrent-cleanup-end, 0.0000095 secs]
2026-06-17T09:49:04.757+0800: 26.958: [GC pause (G1 Evacuation Pause) (young), 0.0100681 secs]
   [Parallel Time: 7.3 ms, GC Workers: 18]
      [GC Worker Start (ms): Min: 26958.2, Avg: 26959.2, Max: 26964.9, Diff: 6.7]
      [Ext Root Scanning (ms): Min: 0.0, Avg: 0.0, Max: 0.2, Diff: 0.2, Sum: 0.4]
      [Update RS (ms): Min: 0.0, Avg: 0.0, Max: 0.0, Diff: 0.0, Sum: 0.0]
         [Processed Buffers: Min: 0, Avg: 0.2, Max: 2, Diff: 2, Sum: 3]
      [Scan RS (ms): Min: 0.0, Avg: 0.0, Max: 0.0, Diff: 0.0, Sum: 0.0]
      [Code Root Scanning (ms): Min: 0.0, Avg: 0.0, Max: 0.0, Diff: 0.0, Sum: 0.0]
      [Object Copy (ms): Min: 0.0, Avg: 0.0, Max: 0.1, Diff: 0.1, Sum: 0.6]
      [Termination (ms): Min: 0.0, Avg: 5.7, Max: 6.6, Diff: 6.6, Sum: 101.8]
         [Termination Attempts: Min: 1, Avg: 1.1, Max: 2, Diff: 1, Sum: 19]
      [GC Worker Other (ms): Min: 0.0, Avg: 0.0, Max: 0.0, Diff: 0.0, Sum: 0.1]
      [GC Worker Total (ms): Min: 0.0, Avg: 5.7, Max: 6.9, Diff: 6.9, Sum: 102.9]
      [GC Worker End (ms): Min: 26964.9, Avg: 26964.9, Max: 26965.1, Diff: 0.2]
   [Code Root Fixup: 0.0 ms]
   [Code Root Purge: 0.0 ms]
   [Clear CT: 0.7 ms]
   [Other: 2.1 ms]
      [Choose CSet: 0.0 ms]
      [Ref Proc: 1.4 ms]
      [Ref Enq: 0.0 ms]
      [Redirty Cards: 0.6 ms]
      [Humongous Register: 0.0 ms]
      [Humongous Reclaim: 0.0 ms]
      [Free CSet: 0.0 ms]
   [Eden: 6144.0K(6144.0K)->0.0B(2048.0K) Survivors: 2048.0K->1024.0K Heap: 45322.9K(65536.0K)->42418.6K(65536.0K)]
 [Times: user=0.12 sys=0.00, real=0.01 secs] 
2026-06-17T09:49:04.778+0800: 26.979: [GC pause (G1 Evacuation Pause) (mixed), 0.0062993 secs]
   [Parallel Time: 2.3 ms, GC Workers: 18]
      [GC Worker Start (ms): Min: 26979.5, Avg: 26980.3, Max: 26981.0, Diff: 1.5]
      [Ext Root Scanning (ms): Min: 0.0, Avg: 0.0, Max: 0.2, Diff: 0.2, Sum: 0.3]
      [Update RS (ms): Min: 0.0, Avg: 0.0, Max: 0.0, Diff: 0.0, Sum: 0.1]
         [Processed Buffers: Min: 0, Avg: 0.1, Max: 1, Diff: 1, Sum: 2]
      [Scan RS (ms): Min: 0.0, Avg: 0.0, Max: 0.0, Diff: 0.0, Sum: 0.0]
      [Code Root Scanning (ms): Min: 0.0, Avg: 0.0, Max: 0.0, Diff: 0.0, Sum: 0.0]
      [Object Copy (ms): Min: 0.0, Avg: 0.0, Max: 0.2, Diff: 0.2, Sum: 0.5]
      [Termination (ms): Min: 0.0, Avg: 0.7, Max: 1.3, Diff: 1.3, Sum: 12.8]
         [Termination Attempts: Min: 1, Avg: 1.0, Max: 1, Diff: 0, Sum: 18]
      [GC Worker Other (ms): Min: 0.0, Avg: 0.0, Max: 0.0, Diff: 0.0, Sum: 0.1]
      [GC Worker Total (ms): Min: 0.0, Avg: 0.8, Max: 1.6, Diff: 1.6, Sum: 13.9]
      [GC Worker End (ms): Min: 26981.0, Avg: 26981.1, Max: 26981.3, Diff: 0.2]
   [Code Root Fixup: 0.0 ms]
   [Code Root Purge: 0.0 ms]
   [Clear CT: 1.1 ms]
   [Other: 2.9 ms]
      [Choose CSet: 0.0 ms]
      [Ref Proc: 2.3 ms]
      [Ref Enq: 0.0 ms]
      [Redirty Cards: 0.6 ms]
      [Humongous Register: 0.0 ms]
      [Humongous Reclaim: 0.0 ms]
      [Free CSet: 0.0 ms]
   [Eden: 2048.0K(2048.0K)->0.0B(2048.0K) Survivors: 1024.0K->1024.0K Heap: 44466.6K(65536.0K)->37936.3K(65536.0K)]
 [Times: user=0.03 sys=0.00, real=0.01 secs] 
2026-06-17T09:49:04.786+0800: 26.987: [GC pause (G1 Evacuation Pause) (mixed), 0.0057964 secs]
   [Parallel Time: 2.0 ms, GC Workers: 18]
      [GC Worker Start (ms): Min: 26987.0, Avg: 26987.9, Max: 26988.6, Diff: 1.6]
      [Ext Root Scanning (ms): Min: 0.0, Avg: 0.0, Max: 0.1, Diff: 0.1, Sum: 0.3]
      [Update RS (ms): Min: 0.0, Avg: 0.0, Max: 0.0, Diff: 0.0, Sum: 0.0]
         [Processed Buffers: Min: 0, Avg: 0.2, Max: 3, Diff: 3, Sum: 4]
      [Scan RS (ms): Min: 0.0, Avg: 0.0, Max: 0.0, Diff: 0.0, Sum: 0.0]
      [Code Root Scanning (ms): Min: 0.0, Avg: 0.0, Max: 0.0, Diff: 0.0, Sum: 0.0]
      [Object Copy (ms): Min: 0.0, Avg: 0.0, Max: 0.2, Diff: 0.2, Sum: 0.7]
      [Termination (ms): Min: 0.0, Avg: 0.7, Max: 1.5, Diff: 1.5, Sum: 13.4]
         [Termination Attempts: Min: 1, Avg: 1.0, Max: 1, Diff: 0, Sum: 18]
      [GC Worker Other (ms): Min: 0.0, Avg: 0.0, Max: 0.0, Diff: 0.0, Sum: 0.1]
      [GC Worker Total (ms): Min: 0.0, Avg: 0.8, Max: 1.8, Diff: 1.8, Sum: 14.4]
      [GC Worker End (ms): Min: 26988.6, Avg: 26988.7, Max: 26988.8, Diff: 0.2]
   [Code Root Fixup: 0.0 ms]
   [Code Root Purge: 0.0 ms]
   [Clear CT: 1.1 ms]
   [Other: 2.7 ms]
      [Choose CSet: 0.0 ms]
      [Ref Proc: 2.1 ms]
      [Ref Enq: 0.0 ms]
      [Redirty Cards: 0.6 ms]
      [Humongous Register: 0.0 ms]
      [Humongous Reclaim: 0.0 ms]
      [Free CSet: 0.0 ms]
   [Eden: 2048.0K(2048.0K)->0.0B(2048.0K) Survivors: 1024.0K->1024.0K Heap: 39984.3K(65536.0K)->35637.6K(65536.0K)]
 [Times: user=0.03 sys=0.00, real=0.01 secs] 
2026-06-17T09:49:04.803+0800: 27.004: [GC pause (G1 Evacuation Pause) (mixed), 0.0088190 secs]
   [Parallel Time: 4.5 ms, GC Workers: 18]
      [GC Worker Start (ms): Min: 27004.2, Avg: 27005.3, Max: 27006.9, Diff: 2.7]
      [Ext Root Scanning (ms): Min: 0.0, Avg: 0.0, Max: 0.1, Diff: 0.1, Sum: 0.3]
      [Update RS (ms): Min: 0.0, Avg: 0.0, Max: 0.0, Diff: 0.0, Sum: 0.0]
         [Processed Buffers: Min: 0, Avg: 0.2, Max: 2, Diff: 2, Sum: 4]
      [Scan RS (ms): Min: 0.0, Avg: 0.0, Max: 0.0, Diff: 0.0, Sum: 0.1]
      [Code Root Scanning (ms): Min: 0.0, Avg: 0.0, Max: 0.0, Diff: 0.0, Sum: 0.0]
      [Object Copy (ms): Min: 0.0, Avg: 0.1, Max: 0.3, Diff: 0.3, Sum: 0.9]
      [Termination (ms): Min: 0.0, Avg: 1.7, Max: 2.8, Diff: 2.8, Sum: 30.9]
         [Termination Attempts: Min: 1, Avg: 1.0, Max: 1, Diff: 0, Sum: 18]
      [GC Worker Other (ms): Min: 0.0, Avg: 0.0, Max: 0.0, Diff: 0.0, Sum: 0.1]
      [GC Worker Total (ms): Min: 0.0, Avg: 1.8, Max: 3.0, Diff: 3.0, Sum: 32.4]
      [GC Worker End (ms): Min: 27007.0, Avg: 27007.1, Max: 27007.4, Diff: 0.4]
   [Code Root Fixup: 0.0 ms]
   [Code Root Purge: 0.0 ms]
   [Clear CT: 0.9 ms]
   [Other: 3.4 ms]
      [Choose CSet: 0.0 ms]
      [Ref Proc: 2.8 ms]
      [Ref Enq: 0.0 ms]
      [Redirty Cards: 0.5 ms]
      [Humongous Register: 0.0 ms]
      [Humongous Reclaim: 0.0 ms]
      [Free CSet: 0.0 ms]
   [Eden: 2048.0K(2048.0K)->0.0B(12288.0K) Survivors: 1024.0K->1024.0K Heap: 37685.6K(65536.0K)->35038.6K(65536.0K)]
 [Times: user=0.04 sys=0.01, real=0.01 secs] 
2026-06-17T09:49:04.844+0800: 27.046: [GC pause (G1 Evacuation Pause) (young), 0.0169731 secs]
   [Parallel Time: 9.6 ms, GC Workers: 18]
      [GC Worker Start (ms): Min: 27045.8, Avg: 27048.0, Max: 27053.0, Diff: 7.1]
      [Ext Root Scanning (ms): Min: 0.0, Avg: 0.0, Max: 0.4, Diff: 0.4, Sum: 0.8]
      [Update RS (ms): Min: 0.0, Avg: 0.0, Max: 0.2, Diff: 0.2, Sum: 0.3]
         [Processed Buffers: Min: 0, Avg: 0.2, Max: 2, Diff: 2, Sum: 4]
      [Scan RS (ms): Min: 0.0, Avg: 0.0, Max: 0.0, Diff: 0.0, Sum: 0.0]
      [Code Root Scanning (ms): Min: 0.0, Avg: 0.0, Max: 0.0, Diff: 0.0, Sum: 0.0]
      [Object Copy (ms): Min: 0.0, Avg: 0.0, Max: 0.2, Diff: 0.2, Sum: 0.7]
      [Termination (ms): Min: 0.0, Avg: 5.1, Max: 6.9, Diff: 6.9, Sum: 91.5]
         [Termination Attempts: Min: 1, Avg: 1.0, Max: 1, Diff: 0, Sum: 18]
      [GC Worker Other (ms): Min: 0.0, Avg: 0.0, Max: 0.0, Diff: 0.0, Sum: 0.2]
      [GC Worker Total (ms): Min: 0.0, Avg: 5.2, Max: 7.5, Diff: 7.5, Sum: 93.7]
      [GC Worker End (ms): Min: 27053.0, Avg: 27053.2, Max: 27053.5, Diff: 0.5]
   [Code Root Fixup: 0.0 ms]
   [Code Root Purge: 0.0 ms]
   [Clear CT: 2.3 ms]
   [Other: 5.0 ms]
      [Choose CSet: 0.0 ms]
      [Ref Proc: 3.9 ms]
      [Ref Enq: 0.0 ms]
      [Redirty Cards: 1.0 ms]
      [Humongous Register: 0.0 ms]
      [Humongous Reclaim: 0.0 ms]
      [Free CSet: 0.0 ms]
   [Eden: 12288.0K(12288.0K)->0.0B(11264.0K) Survivors: 1024.0K->2048.0K Heap: 47326.6K(65536.0K)->37577.6K(65536.0K)]
 [Times: user=0.13 sys=0.00, real=0.01 secs] 
2026-06-17T09:49:04.884+0800: 27.086: [GC pause (G1 Evacuation Pause) (young) (initial-mark), 0.0198652 secs]
   [Parallel Time: 11.5 ms, GC Workers: 18]
      [GC Worker Start (ms): Min: 27086.1, Avg: 27087.5, Max: 27088.5, Diff: 2.4]
      [Ext Root Scanning (ms): Min: 0.0, Avg: 3.0, Max: 6.5, Diff: 6.5, Sum: 54.7]
      [Update RS (ms): Min: 0.0, Avg: 0.0, Max: 0.0, Diff: 0.0, Sum: 0.1]
         [Processed Buffers: Min: 0, Avg: 0.2, Max: 3, Diff: 3, Sum: 3]
      [Scan RS (ms): Min: 0.0, Avg: 0.0, Max: 0.0, Diff: 0.0, Sum: 0.0]
      [Code Root Scanning (ms): Min: 0.0, Avg: 0.0, Max: 0.0, Diff: 0.0, Sum: 0.0]
      [Object Copy (ms): Min: 0.0, Avg: 0.1, Max: 0.6, Diff: 0.6, Sum: 1.4]
      [Termination (ms): Min: 0.0, Avg: 4.3, Max: 6.0, Diff: 6.0, Sum: 78.2]
         [Termination Attempts: Min: 1, Avg: 1.0, Max: 1, Diff: 0, Sum: 18]
      [GC Worker Other (ms): Min: 0.0, Avg: 0.1, Max: 0.4, Diff: 0.4, Sum: 1.4]
      [GC Worker Total (ms): Min: 6.5, Avg: 7.5, Max: 8.9, Diff: 2.5, Sum: 135.8]
      [GC Worker End (ms): Min: 27094.8, Avg: 27095.0, Max: 27095.2, Diff: 0.4]
   [Code Root Fixup: 0.0 ms]
   [Code Root Purge: 0.0 ms]
   [Clear CT: 1.6 ms]
   [Other: 6.8 ms]
      [Choose CSet: 0.0 ms]
      [Ref Proc: 5.8 ms]
      [Ref Enq: 0.0 ms]
      [Redirty Cards: 0.9 ms]
      [Humongous Register: 0.0 ms]
      [Humongous Reclaim: 0.0 ms]
      [Free CSet: 0.0 ms]
   [Eden: 11264.0K(11264.0K)->0.0B(6144.0K) Survivors: 2048.0K->2048.0K Heap: 48841.6K(65536.0K)->41919.6K(65536.0K)]
 [Times: user=0.14 sys=0.01, real=0.02 secs] 
2026-06-17T09:49:04.905+0800: 27.107: [GC concurrent-root-region-scan-start]
2026-06-17T09:49:04.906+0800: 27.107: [GC concurrent-root-region-scan-end, 0.0002597 secs]
2026-06-17T09:49:04.906+0800: 27.107: [GC concurrent-mark-start]
2026-06-17T09:49:04.906+0800: 27.107: [GC concurrent-mark-end, 0.0005453 secs]
2026-06-17T09:49:04.906+0800: 27.107: [GC remark 2026-06-17T09:49:04.907+0800: 27.108: [Finalize Marking, 0.0040146 secs] 2026-06-17T09:49:04.911+0800: 27.113: [GC ref-proc, 0.0007148 secs] 2026-06-17T09:49:04.913+0800: 27.114: [Unloading, 0.0019674 secs], 0.0098311 secs]
 [Times: user=0.03 sys=0.01, real=0.01 secs] 
2026-06-17T09:49:04.917+0800: 27.119: [GC cleanup 44977K->44977K(65536K), 0.0030063 secs]
 [Times: user=0.00 sys=0.00, real=0.00 secs] 
2026-06-17T09:49:04.933+0800: 27.134: [GC pause (G1 Evacuation Pause) (young), 0.0165665 secs]
   [Parallel Time: 10.8 ms, GC Workers: 18]
      [GC Worker Start (ms): Min: 27133.8, Avg: 27135.9, Max: 27142.9, Diff: 9.0]
      [Ext Root Scanning (ms): Min: 0.0, Avg: 0.0, Max: 0.2, Diff: 0.2, Sum: 0.6]
      [Update RS (ms): Min: 0.0, Avg: 0.0, Max: 0.0, Diff: 0.0, Sum: 0.0]
         [Processed Buffers: Min: 0, Avg: 0.2, Max: 1, Diff: 1, Sum: 3]
      [Scan RS (ms): Min: 0.0, Avg: 0.0, Max: 0.0, Diff: 0.0, Sum: 0.0]
      [Code Root Scanning (ms): Min: 0.0, Avg: 0.0, Max: 0.0, Diff: 0.0, Sum: 0.0]
      [Object Copy (ms): Min: 0.0, Avg: 0.0, Max: 0.1, Diff: 0.1, Sum: 0.5]
      [Termination (ms): Min: 0.0, Avg: 7.1, Max: 9.2, Diff: 9.2, Sum: 128.0]
         [Termination Attempts: Min: 1, Avg: 1.0, Max: 1, Diff: 0, Sum: 18]
      [GC Worker Other (ms): Min: 0.0, Avg: 0.0, Max: 0.0, Diff: 0.0, Sum: 0.2]
      [GC Worker Total (ms): Min: 0.0, Avg: 7.2, Max: 9.6, Diff: 9.5, Sum: 129.4]
      [GC Worker End (ms): Min: 27142.9, Avg: 27143.1, Max: 27143.5, Diff: 0.6]
   [Code Root Fixup: 0.0 ms]
   [Code Root Purge: 0.0 ms]
   [Clear CT: 1.1 ms]
   [Other: 4.7 ms]
      [Choose CSet: 0.0 ms]
      [Ref Proc: 4.0 ms]
      [Ref Enq: 0.0 ms]
      [Redirty Cards: 0.7 ms]
      [Humongous Register: 0.0 ms]
      [Humongous Reclaim: 0.0 ms]
      [Free CSet: 0.0 ms]
   [Eden: 6144.0K(6144.0K)->0.0B(2048.0K) Survivors: 2048.0K->1024.0K Heap: 49416.6K(65536.0K)->44780.6K(65536.0K)]
 [Times: user=0.15 sys=0.01, real=0.01 secs] 
2026-06-17T09:49:04.950+0800: 27.151: [GC pause (G1 Evacuation Pause) (mixed), 0.0112989 secs]
   [Parallel Time: 5.4 ms, GC Workers: 18]
      [GC Worker Start (ms): Min: 27151.5, Avg: 27152.2, Max: 27155.4, Diff: 3.9]
      [Ext Root Scanning (ms): Min: 0.0, Avg: 0.0, Max: 0.2, Diff: 0.2, Sum: 0.5]
      [Update RS (ms): Min: 0.0, Avg: 0.0, Max: 0.0, Diff: 0.0, Sum: 0.0]
         [Processed Buffers: Min: 0, Avg: 0.2, Max: 1, Diff: 1, Sum: 3]
      [Scan RS (ms): Min: 0.0, Avg: 0.0, Max: 0.0, Diff: 0.0, Sum: 0.0]
      [Code Root Scanning (ms): Min: 0.0, Avg: 0.0, Max: 0.0, Diff: 0.0, Sum: 0.0]
      [Object Copy (ms): Min: 0.0, Avg: 0.0, Max: 0.1, Diff: 0.1, Sum: 0.7]
      [Termination (ms): Min: 0.0, Avg: 3.3, Max: 3.8, Diff: 3.8, Sum: 59.1]
         [Termination Attempts: Min: 1, Avg: 1.0, Max: 1, Diff: 0, Sum: 18]
      [GC Worker Other (ms): Min: 0.0, Avg: 0.0, Max: 0.1, Diff: 0.0, Sum: 0.2]
      [GC Worker Total (ms): Min: 0.0, Avg: 3.4, Max: 4.0, Diff: 4.0, Sum: 60.5]
      [GC Worker End (ms): Min: 27155.4, Avg: 27155.6, Max: 27155.8, Diff: 0.4]
   [Code Root Fixup: 0.0 ms]
   [Code Root Purge: 0.0 ms]
   [Clear CT: 1.0 ms]
   [Other: 4.9 ms]
      [Choose CSet: 0.0 ms]
      [Ref Proc: 4.4 ms]
      [Ref Enq: 0.0 ms]
      [Redirty Cards: 0.5 ms]
      [Humongous Register: 0.0 ms]
      [Humongous Reclaim: 0.0 ms]
      [Free CSet: 0.0 ms]
   [Eden: 2048.0K(2048.0K)->0.0B(2048.0K) Survivors: 1024.0K->1024.0K Heap: 46828.6K(65536.0K)->41727.6K(65536.0K)]
 [Times: user=0.11 sys=0.00, real=0.01 secs] 
2026-06-17T09:49:04.973+0800: 27.174: [GC pause (G1 Evacuation Pause) (mixed), 0.0126802 secs]
   [Parallel Time: 7.0 ms, GC Workers: 18]
      [GC Worker Start (ms): Min: 27173.9, Avg: 27175.4, Max: 27179.0, Diff: 5.0]
      [Ext Root Scanning (ms): Min: 0.0, Avg: 0.0, Max: 0.2, Diff: 0.2, Sum: 0.5]
      [Update RS (ms): Min: 0.0, Avg: 0.0, Max: 0.0, Diff: 0.0, Sum: 0.1]
         [Processed Buffers: Min: 0, Avg: 0.4, Max: 4, Diff: 4, Sum: 7]
      [Scan RS (ms): Min: 0.0, Avg: 0.0, Max: 0.0, Diff: 0.0, Sum: 0.1]
      [Code Root Scanning (ms): Min: 0.0, Avg: 0.0, Max: 0.0, Diff: 0.0, Sum: 0.0]
      [Object Copy (ms): Min: 0.0, Avg: 0.0, Max: 0.2, Diff: 0.2, Sum: 0.8]
      [Termination (ms): Min: 0.0, Avg: 3.8, Max: 5.2, Diff: 5.2, Sum: 68.3]
         [Termination Attempts: Min: 1, Avg: 1.0, Max: 1, Diff: 0, Sum: 18]
      [GC Worker Other (ms): Min: 0.0, Avg: 0.0, Max: 0.0, Diff: 0.0, Sum: 0.2]
      [GC Worker Total (ms): Min: 0.0, Avg: 3.9, Max: 5.6, Diff: 5.6, Sum: 69.9]
      [GC Worker End (ms): Min: 27179.0, Avg: 27179.3, Max: 27179.8, Diff: 0.8]
   [Code Root Fixup: 0.0 ms]
   [Code Root Purge: 0.0 ms]
   [Clear CT: 1.0 ms]
   [Other: 4.6 ms]
      [Choose CSet: 0.0 ms]
      [Ref Proc: 3.8 ms]
      [Ref Enq: 0.0 ms]
      [Redirty Cards: 0.8 ms]
      [Humongous Register: 0.0 ms]
      [Humongous Reclaim: 0.0 ms]
      [Free CSet: 0.0 ms]
   [Eden: 2048.0K(2048.0K)->0.0B(6144.0K) Survivors: 1024.0K->1024.0K Heap: 43775.6K(65536.0K)->41485.6K(65536.0K)]
 [Times: user=0.09 sys=0.01, real=0.01 secs] 
2026-06-17T09:49:04.997+0800: 27.199: [GC pause (G1 Evacuation Pause) (young), 0.0147674 secs]
   [Parallel Time: 7.5 ms, GC Workers: 18]
      [GC Worker Start (ms): Min: 27198.8, Avg: 27200.3, Max: 27204.3, Diff: 5.5]
      [Ext Root Scanning (ms): Min: 0.0, Avg: 0.0, Max: 0.4, Diff: 0.4, Sum: 0.9]
      [Update RS (ms): Min: 0.0, Avg: 0.0, Max: 0.1, Diff: 0.1, Sum: 0.1]
         [Processed Buffers: Min: 0, Avg: 0.3, Max: 2, Diff: 2, Sum: 5]
      [Scan RS (ms): Min: 0.0, Avg: 0.0, Max: 0.0, Diff: 0.0, Sum: 0.0]
      [Code Root Scanning (ms): Min: 0.0, Avg: 0.0, Max: 0.0, Diff: 0.0, Sum: 0.0]
      [Object Copy (ms): Min: 0.0, Avg: 0.0, Max: 0.2, Diff: 0.2, Sum: 0.9]
      [Termination (ms): Min: 0.0, Avg: 4.0, Max: 5.2, Diff: 5.2, Sum: 72.7]
         [Termination Attempts: Min: 1, Avg: 1.0, Max: 1, Diff: 0, Sum: 18]
      [GC Worker Other (ms): Min: 0.0, Avg: 0.0, Max: 0.0, Diff: 0.0, Sum: 0.2]
      [GC Worker Total (ms): Min: 0.0, Avg: 4.2, Max: 5.7, Diff: 5.6, Sum: 74.8]
      [GC Worker End (ms): Min: 27204.3, Avg: 27204.5, Max: 27204.7, Diff: 0.4]
   [Code Root Fixup: 0.0 ms]
   [Code Root Purge: 0.0 ms]
   [Clear CT: 1.7 ms]
   [Other: 5.5 ms]
      [Choose CSet: 0.0 ms]
      [Ref Proc: 4.7 ms]
      [Ref Enq: 0.0 ms]
      [Redirty Cards: 0.7 ms]
      [Humongous Register: 0.0 ms]
      [Humongous Reclaim: 0.0 ms]
      [Free CSet: 0.0 ms]
   [Eden: 6144.0K(6144.0K)->0.0B(3072.0K) Survivors: 1024.0K->1024.0K Heap: 47629.6K(65536.0K)->44644.6K(65536.0K)]
 [Times: user=0.10 sys=0.01, real=0.02 secs] 
2026-06-17T09:49:05.024+0800: 27.225: [GC pause (G1 Evacuation Pause) (young) (initial-mark), 0.0142253 secs]
   [Parallel Time: 8.2 ms, GC Workers: 18]
      [GC Worker Start (ms): Min: 27225.1, Avg: 27225.7, Max: 27226.1, Diff: 0.9]
      [Ext Root Scanning (ms): Min: 0.0, Avg: 1.9, Max: 4.9, Diff: 4.9, Sum: 34.3]
      [Update RS (ms): Min: 0.0, Avg: 0.0, Max: 0.0, Diff: 0.0, Sum: 0.0]
         [Processed Buffers: Min: 0, Avg: 0.2, Max: 3, Diff: 3, Sum: 3]
      [Scan RS (ms): Min: 0.0, Avg: 0.0, Max: 0.0, Diff: 0.0, Sum: 0.0]
      [Code Root Scanning (ms): Min: 0.0, Avg: 0.0, Max: 0.0, Diff: 0.0, Sum: 0.0]
      [Object Copy (ms): Min: 0.0, Avg: 0.0, Max: 0.2, Diff: 0.2, Sum: 0.5]
      [Termination (ms): Min: 0.0, Avg: 3.6, Max: 5.3, Diff: 5.3, Sum: 64.5]
         [Termination Attempts: Min: 1, Avg: 1.2, Max: 2, Diff: 1, Sum: 21]
      [GC Worker Other (ms): Min: 0.0, Avg: 0.0, Max: 0.1, Diff: 0.1, Sum: 0.3]
      [GC Worker Total (ms): Min: 4.9, Avg: 5.5, Max: 6.2, Diff: 1.3, Sum: 99.6]
      [GC Worker End (ms): Min: 27230.9, Avg: 27231.2, Max: 27231.6, Diff: 0.7]
   [Code Root Fixup: 0.0 ms]
   [Code Root Purge: 0.0 ms]
   [Clear CT: 1.1 ms]
   [Other: 5.0 ms]
      [Choose CSet: 0.0 ms]
      [Ref Proc: 4.1 ms]
      [Ref Enq: 0.0 ms]
      [Redirty Cards: 0.8 ms]
      [Humongous Register: 0.0 ms]
      [Humongous Reclaim: 0.0 ms]
      [Free CSet: 0.0 ms]
   [Eden: 3072.0K(3072.0K)->0.0B(2048.0K) Survivors: 1024.0K->1024.0K Heap: 47716.6K(65536.0K)->46726.6K(65536.0K)]
 [Times: user=0.10 sys=0.00, real=0.01 secs] 
2026-06-17T09:49:05.039+0800: 27.240: [GC concurrent-root-region-scan-start]
2026-06-17T09:49:05.039+0800: 27.240: [GC pause (G1 Evacuation Pause) (young)2026-06-17T09:49:05.039+0800: 27.241: [GC concurrent-root-region-scan-end, 0.0003163 secs]
2026-06-17T09:49:05.039+0800: 27.241: [GC concurrent-mark-start]
, 0.0071859 secs]
   [Root Region Scan Waiting: 0.2 ms]
   [Parallel Time: 2.1 ms, GC Workers: 18]
      [GC Worker Start (ms): Min: 27240.6, Avg: 27241.3, Max: 27242.0, Diff: 1.4]
      [Ext Root Scanning (ms): Min: 0.0, Avg: 0.0, Max: 0.2, Diff: 0.2, Sum: 0.4]
      [Update RS (ms): Min: 0.0, Avg: 0.0, Max: 0.0, Diff: 0.0, Sum: 0.0]
         [Processed Buffers: Min: 0, Avg: 0.2, Max: 1, Diff: 1, Sum: 3]
      [Scan RS (ms): Min: 0.0, Avg: 0.0, Max: 0.0, Diff: 0.0, Sum: 0.0]
      [Code Root Scanning (ms): Min: 0.0, Avg: 0.0, Max: 0.0, Diff: 0.0, Sum: 0.0]
      [Object Copy (ms): Min: 0.0, Avg: 0.0, Max: 0.1, Diff: 0.1, Sum: 0.3]
      [Termination (ms): Min: 0.0, Avg: 0.7, Max: 1.4, Diff: 1.4, Sum: 13.5]
         [Termination Attempts: Min: 1, Avg: 1.1, Max: 2, Diff: 1, Sum: 19]
      [GC Worker Other (ms): Min: 0.0, Avg: 0.0, Max: 0.0, Diff: 0.0, Sum: 0.1]
      [GC Worker Total (ms): Min: 0.0, Avg: 0.8, Max: 1.5, Diff: 1.5, Sum: 14.3]
      [GC Worker End (ms): Min: 27242.0, Avg: 27242.1, Max: 27242.2, Diff: 0.2]
   [Code Root Fixup: 0.0 ms]
   [Code Root Purge: 0.0 ms]
   [Clear CT: 0.8 ms]
   [Other: 4.2 ms]
      [Choose CSet: 0.0 ms]
      [Ref Proc: 3.6 ms]
      [Ref Enq: 0.0 ms]
      [Redirty Cards: 0.5 ms]
      [Humongous Register: 0.0 ms]
      [Humongous Reclaim: 0.0 ms]
      [Free CSet: 0.0 ms]
   [Eden: 2048.0K(2048.0K)->0.0B(2048.0K) Survivors: 1024.0K->1024.0K Heap: 48774.6K(65536.0K)->48950.6K(65536.0K)]
 [Times: user=0.05 sys=0.00, real=0.01 secs] 
2026-06-17T09:49:05.048+0800: 27.249: [GC concurrent-mark-end, 0.0082645 secs]
2026-06-17T09:49:05.048+0800: 27.249: [GC remark 2026-06-17T09:49:05.048+0800: 27.249: [Finalize Marking, 0.0048282 secs] 2026-06-17T09:49:05.053+0800: 27.255: [GC ref-proc, 0.0004251 secs] 2026-06-17T09:49:05.054+0800: 27.255: [Unloading, 0.0014243 secs], 0.0089630 secs]
 [Times: user=0.05 sys=0.00, real=0.01 secs] 
2026-06-17T09:49:05.058+0800: 27.259: [GC cleanup 50986K->39722K(65536K), 0.0030153 secs]
 [Times: user=0.00 sys=0.00, real=0.00 secs] 
2026-06-17T09:49:05.062+0800: 27.263: [GC concurrent-cleanup-start]
2026-06-17T09:49:05.062+0800: 27.263: [GC concurrent-cleanup-end, 0.0000119 secs]
2026-06-17T09:49:05.062+0800: 27.263: [GC pause (G1 Evacuation Pause) (young), 0.0067814 secs]
   [Parallel Time: 2.0 ms, GC Workers: 18]
      [GC Worker Start (ms): Min: 27263.1, Avg: 27263.9, Max: 27264.6, Diff: 1.5]
      [Ext Root Scanning (ms): Min: 0.0, Avg: 0.0, Max: 0.1, Diff: 0.1, Sum: 0.3]
      [Update RS (ms): Min: 0.0, Avg: 0.0, Max: 0.0, Diff: 0.0, Sum: 0.0]
         [Processed Buffers: Min: 0, Avg: 0.2, Max: 1, Diff: 1, Sum: 3]
      [Scan RS (ms): Min: 0.0, Avg: 0.0, Max: 0.0, Diff: 0.0, Sum: 0.0]
      [Code Root Scanning (ms): Min: 0.0, Avg: 0.0, Max: 0.0, Diff: 0.0, Sum: 0.0]
      [Object Copy (ms): Min: 0.0, Avg: 0.0, Max: 0.1, Diff: 0.1, Sum: 0.4]
      [Termination (ms): Min: 0.0, Avg: 0.7, Max: 1.5, Diff: 1.5, Sum: 13.1]
         [Termination Attempts: Min: 1, Avg: 1.0, Max: 1, Diff: 0, Sum: 18]
      [GC Worker Other (ms): Min: 0.0, Avg: 0.0, Max: 0.0, Diff: 0.0, Sum: 0.1]
      [GC Worker Total (ms): Min: 0.0, Avg: 0.8, Max: 1.7, Diff: 1.7, Sum: 13.9]
      [GC Worker End (ms): Min: 27264.6, Avg: 27264.7, Max: 27264.9, Diff: 0.2]
   [Code Root Fixup: 0.0 ms]
   [Code Root Purge: 0.0 ms]
   [Clear CT: 0.9 ms]
   [Other: 3.9 ms]
      [Choose CSet: 0.0 ms]
      [Ref Proc: 3.4 ms]
      [Ref Enq: 0.0 ms]
      [Redirty Cards: 0.5 ms]
      [Humongous Register: 0.0 ms]
      [Humongous Reclaim: 0.0 ms]
      [Free CSet: 0.0 ms]
   [Eden: 2048.0K(2048.0K)->0.0B(2048.0K) Survivors: 1024.0K->1024.0K Heap: 39734.6K(65536.0K)->39704.6K(65536.0K)]
 [Times: user=0.05 sys=0.00, real=0.01 secs] 
2026-06-17T09:49:05.070+0800: 27.271: [GC pause (G1 Evacuation Pause) (mixed), 0.0069187 secs]
   [Parallel Time: 2.3 ms, GC Workers: 18]
      [GC Worker Start (ms): Min: 27271.4, Avg: 27272.2, Max: 27273.1, Diff: 1.7]
      [Ext Root Scanning (ms): Min: 0.0, Avg: 0.0, Max: 0.2, Diff: 0.2, Sum: 0.3]
      [Update RS (ms): Min: 0.0, Avg: 0.0, Max: 0.0, Diff: 0.0, Sum: 0.0]
         [Processed Buffers: Min: 0, Avg: 0.2, Max: 1, Diff: 1, Sum: 3]
      [Scan RS (ms): Min: 0.0, Avg: 0.0, Max: 0.0, Diff: 0.0, Sum: 0.0]
      [Code Root Scanning (ms): Min: 0.0, Avg: 0.0, Max: 0.0, Diff: 0.0, Sum: 0.0]
      [Object Copy (ms): Min: 0.0, Avg: 0.0, Max: 0.2, Diff: 0.2, Sum: 0.8]
      [Termination (ms): Min: 0.0, Avg: 0.8, Max: 1.5, Diff: 1.5, Sum: 15.2]
         [Termination Attempts: Min: 1, Avg: 1.0, Max: 1, Diff: 0, Sum: 18]
      [GC Worker Other (ms): Min: 0.0, Avg: 0.0, Max: 0.0, Diff: 0.0, Sum: 0.1]
      [GC Worker Total (ms): Min: 0.0, Avg: 0.9, Max: 1.9, Diff: 1.9, Sum: 16.4]
      [GC Worker End (ms): Min: 27273.1, Avg: 27273.2, Max: 27273.3, Diff: 0.2]
   [Code Root Fixup: 0.0 ms]
   [Code Root Purge: 0.0 ms]
   [Clear CT: 0.7 ms]
   [Other: 3.9 ms]
      [Choose CSet: 0.0 ms]
      [Ref Proc: 3.3 ms]
      [Ref Enq: 0.0 ms]
      [Redirty Cards: 0.5 ms]
      [Humongous Register: 0.0 ms]
      [Humongous Reclaim: 0.0 ms]
      [Free CSet: 0.0 ms]
   [Eden: 2048.0K(2048.0K)->0.0B(2048.0K) Survivors: 1024.0K->1024.0K Heap: 41752.6K(65536.0K)->38073.6K(65536.0K)]
 [Times: user=0.06 sys=0.00, real=0.01 secs] 
2026-06-17T09:49:05.088+0800: 27.290: [GC pause (G1 Evacuation Pause) (mixed), 0.0114155 secs]
   [Parallel Time: 7.1 ms, GC Workers: 18]
      [GC Worker Start (ms): Min: 27289.8, Avg: 27291.2, Max: 27295.2, Diff: 5.4]
      [Ext Root Scanning (ms): Min: 0.0, Avg: 0.0, Max: 0.1, Diff: 0.1, Sum: 0.4]
      [Update RS (ms): Min: 0.0, Avg: 0.0, Max: 0.0, Diff: 0.0, Sum: 0.0]
         [Processed Buffers: Min: 0, Avg: 0.2, Max: 2, Diff: 2, Sum: 4]
      [Scan RS (ms): Min: 0.0, Avg: 0.0, Max: 0.0, Diff: 0.0, Sum: 0.1]
      [Code Root Scanning (ms): Min: 0.0, Avg: 0.0, Max: 0.0, Diff: 0.0, Sum: 0.0]
      [Object Copy (ms): Min: 0.0, Avg: 0.0, Max: 0.2, Diff: 0.2, Sum: 0.8]
      [Termination (ms): Min: 0.0, Avg: 4.1, Max: 5.4, Diff: 5.4, Sum: 73.9]
         [Termination Attempts: Min: 1, Avg: 1.0, Max: 1, Diff: 0, Sum: 18]
      [GC Worker Other (ms): Min: 0.0, Avg: 0.0, Max: 0.0, Diff: 0.0, Sum: 0.1]
      [GC Worker Total (ms): Min: 0.0, Avg: 4.2, Max: 5.8, Diff: 5.8, Sum: 75.3]
      [GC Worker End (ms): Min: 27295.2, Avg: 27295.3, Max: 27295.6, Diff: 0.4]
   [Code Root Fixup: 0.0 ms]
   [Code Root Purge: 0.0 ms]
   [Clear CT: 1.3 ms]
   [Other: 3.0 ms]
      [Choose CSet: 0.0 ms]
      [Ref Proc: 2.4 ms]
      [Ref Enq: 0.0 ms]
      [Redirty Cards: 0.5 ms]
      [Humongous Register: 0.0 ms]
      [Humongous Reclaim: 0.0 ms]
      [Free CSet: 0.0 ms]
   [Eden: 2048.0K(2048.0K)->0.0B(2048.0K) Survivors: 1024.0K->1024.0K Heap: 40121.6K(65536.0K)->36938.6K(65536.0K)]
 [Times: user=0.09 sys=0.01, real=0.01 secs] 
2026-06-17T09:49:05.101+0800: 27.302: [GC pause (G1 Evacuation Pause) (mixed), 0.0063191 secs]
   [Parallel Time: 2.8 ms, GC Workers: 18]
      [GC Worker Start (ms): Min: 27302.5, Avg: 27303.4, Max: 27304.4, Diff: 1.9]
      [Ext Root Scanning (ms): Min: 0.0, Avg: 0.0, Max: 0.1, Diff: 0.1, Sum: 0.3]
      [Update RS (ms): Min: 0.0, Avg: 0.0, Max: 0.0, Diff: 0.0, Sum: 0.1]
         [Processed Buffers: Min: 0, Avg: 0.2, Max: 2, Diff: 2, Sum: 4]
      [Scan RS (ms): Min: 0.0, Avg: 0.0, Max: 0.0, Diff: 0.0, Sum: 0.1]
      [Code Root Scanning (ms): Min: 0.0, Avg: 0.0, Max: 0.0, Diff: 0.0, Sum: 0.0]
      [Object Copy (ms): Min: 0.0, Avg: 0.0, Max: 0.1, Diff: 0.1, Sum: 0.2]
      [Termination (ms): Min: 0.0, Avg: 1.1, Max: 2.0, Diff: 2.0, Sum: 20.1]
         [Termination Attempts: Min: 1, Avg: 1.0, Max: 1, Diff: 0, Sum: 18]
      [GC Worker Other (ms): Min: 0.0, Avg: 0.0, Max: 0.0, Diff: 0.0, Sum: 0.1]
      [GC Worker Total (ms): Min: 0.0, Avg: 1.2, Max: 2.3, Diff: 2.2, Sum: 20.9]
      [GC Worker End (ms): Min: 27304.4, Avg: 27304.5, Max: 27304.8, Diff: 0.4]
   [Code Root Fixup: 0.0 ms]
   [Code Root Purge: 0.0 ms]
   [Clear CT: 0.5 ms]
   [Other: 2.9 ms]
      [Choose CSet: 0.0 ms]
      [Ref Proc: 1.7 ms]
      [Ref Enq: 0.0 ms]
      [Redirty Cards: 1.1 ms]
      [Humongous Register: 0.0 ms]
      [Humongous Reclaim: 0.0 ms]
      [Free CSet: 0.0 ms]
   [Eden: 2048.0K(2048.0K)->0.0B(8192.0K) Survivors: 1024.0K->1024.0K Heap: 38986.6K(65536.0K)->35183.7K(65536.0K)]
 [Times: user=0.03 sys=0.01, real=0.01 secs] 
2026-06-17T09:49:05.129+0800: 27.331: [GC pause (G1 Evacuation Pause) (young), 0.0111165 secs]
   [Parallel Time: 7.9 ms, GC Workers: 18]
      [GC Worker Start (ms): Min: 27330.8, Avg: 27332.2, Max: 27338.2, Diff: 7.4]
      [Ext Root Scanning (ms): Min: 0.0, Avg: 0.0, Max: 0.2, Diff: 0.2, Sum: 0.2]
      [Update RS (ms): Min: 0.0, Avg: 0.0, Max: 0.1, Diff: 0.1, Sum: 0.1]
         [Processed Buffers: Min: 0, Avg: 0.3, Max: 4, Diff: 4, Sum: 5]
      [Scan RS (ms): Min: 0.0, Avg: 0.0, Max: 0.0, Diff: 0.0, Sum: 0.0]
      [Code Root Scanning (ms): Min: 0.0, Avg: 0.0, Max: 0.0, Diff: 0.0, Sum: 0.0]
      [Object Copy (ms): Min: 0.0, Avg: 0.0, Max: 0.2, Diff: 0.2, Sum: 0.6]
      [Termination (ms): Min: 0.0, Avg: 6.0, Max: 7.1, Diff: 7.1, Sum: 107.9]
         [Termination Attempts: Min: 1, Avg: 1.0, Max: 1, Diff: 0, Sum: 18]
      [GC Worker Other (ms): Min: 0.0, Avg: 0.0, Max: 0.0, Diff: 0.0, Sum: 0.1]
      [GC Worker Total (ms): Min: 0.0, Avg: 6.1, Max: 7.4, Diff: 7.4, Sum: 108.9]
      [GC Worker End (ms): Min: 27338.2, Avg: 27338.3, Max: 27338.3, Diff: 0.1]
   [Code Root Fixup: 0.0 ms]
   [Code Root Purge: 0.0 ms]
   [Clear CT: 0.7 ms]
   [Other: 2.5 ms]
      [Choose CSet: 0.0 ms]
      [Ref Proc: 1.9 ms]
      [Ref Enq: 0.0 ms]
      [Redirty Cards: 0.5 ms]
      [Humongous Register: 0.0 ms]
      [Humongous Reclaim: 0.0 ms]
      [Free CSet: 0.0 ms]
   [Eden: 8192.0K(8192.0K)->0.0B(7168.0K) Survivors: 1024.0K->2048.0K Heap: 43375.7K(65536.0K)->40065.6K(65536.0K)]
 [Times: user=0.13 sys=0.00, real=0.01 secs] 
2026-06-17T09:49:05.163+0800: 27.364: [GC pause (G1 Evacuation Pause) (young) (initial-mark), 0.0168650 secs]
   [Parallel Time: 10.9 ms, GC Workers: 18]
      [GC Worker Start (ms): Min: 27364.0, Avg: 27364.4, Max: 27364.6, Diff: 0.6]
      [Ext Root Scanning (ms): Min: 0.0, Avg: 1.8, Max: 8.6, Diff: 8.6, Sum: 32.5]
      [Update RS (ms): Min: 0.0, Avg: 0.0, Max: 0.0, Diff: 0.0, Sum: 0.0]
         [Processed Buffers: Min: 0, Avg: 0.1, Max: 2, Diff: 2, Sum: 2]
      [Scan RS (ms): Min: 0.0, Avg: 0.0, Max: 0.0, Diff: 0.0, Sum: 0.0]
      [Code Root Scanning (ms): Min: 0.0, Avg: 0.0, Max: 0.0, Diff: 0.0, Sum: 0.0]
      [Object Copy (ms): Min: 0.0, Avg: 0.0, Max: 0.2, Diff: 0.2, Sum: 0.5]
      [Termination (ms): Min: 0.0, Avg: 7.1, Max: 8.9, Diff: 8.9, Sum: 127.9]
         [Termination Attempts: Min: 1, Avg: 1.0, Max: 1, Diff: 0, Sum: 18]
      [GC Worker Other (ms): Min: 0.0, Avg: 0.0, Max: 0.2, Diff: 0.2, Sum: 0.3]
      [GC Worker Total (ms): Min: 8.6, Avg: 9.0, Max: 9.7, Diff: 1.1, Sum: 161.2]
      [GC Worker End (ms): Min: 27373.2, Avg: 27373.3, Max: 27373.7, Diff: 0.5]
   [Code Root Fixup: 0.0 ms]
   [Code Root Purge: 0.0 ms]
   [Clear CT: 0.7 ms]
   [Other: 5.3 ms]
      [Choose CSet: 0.0 ms]
      [Ref Proc: 4.7 ms]
      [Ref Enq: 0.0 ms]
      [Redirty Cards: 0.5 ms]
      [Humongous Register: 0.0 ms]
      [Humongous Reclaim: 0.0 ms]
      [Free CSet: 0.0 ms]
   [Eden: 7168.0K(7168.0K)->0.0B(6144.0K) Survivors: 2048.0K->2048.0K Heap: 47233.6K(65536.0K)->42048.6K(65536.0K)]
 [Times: user=0.17 sys=0.00, real=0.01 secs] 
2026-06-17T09:49:05.181+0800: 27.382: [GC concurrent-root-region-scan-start]
2026-06-17T09:49:05.181+0800: 27.383: [GC concurrent-root-region-scan-end, 0.0003098 secs]
2026-06-17T09:49:05.181+0800: 27.383: [GC concurrent-mark-start]
2026-06-17T09:49:05.182+0800: 27.383: [GC concurrent-mark-end, 0.0005857 secs]
2026-06-17T09:49:05.182+0800: 27.383: [GC remark 2026-06-17T09:49:05.183+0800: 27.384: [Finalize Marking, 0.0073377 secs] 2026-06-17T09:49:05.190+0800: 27.392: [GC ref-proc, 0.0006081 secs] 2026-06-17T09:49:05.191+0800: 27.393: [Unloading, 0.0016239 secs], 0.0120615 secs]
 [Times: user=0.08 sys=0.00, real=0.02 secs] 
2026-06-17T09:49:05.195+0800: 27.396: [GC cleanup 46078K->44030K(65536K), 0.0028756 secs]
 [Times: user=0.00 sys=0.00, real=0.00 secs] 
2026-06-17T09:49:05.199+0800: 27.401: [GC concurrent-cleanup-start]
2026-06-17T09:49:05.199+0800: 27.401: [GC concurrent-cleanup-end, 0.0000096 secs]
2026-06-17T09:49:05.210+0800: 27.411: [GC pause (G1 Evacuation Pause) (young), 0.0128871 secs]
   [Parallel Time: 4.5 ms, GC Workers: 18]
      [GC Worker Start (ms): Min: 27411.0, Avg: 27412.2, Max: 27413.8, Diff: 2.8]
      [Ext Root Scanning (ms): Min: 0.0, Avg: 0.0, Max: 0.1, Diff: 0.1, Sum: 0.3]
      [Update RS (ms): Min: 0.0, Avg: 0.0, Max: 0.0, Diff: 0.0, Sum: 0.0]
         [Processed Buffers: Min: 0, Avg: 0.2, Max: 2, Diff: 2, Sum: 3]
      [Scan RS (ms): Min: 0.0, Avg: 0.0, Max: 0.0, Diff: 0.0, Sum: 0.0]
      [Code Root Scanning (ms): Min: 0.0, Avg: 0.0, Max: 0.0, Diff: 0.0, Sum: 0.0]
      [Object Copy (ms): Min: 0.0, Avg: 0.0, Max: 0.1, Diff: 0.1, Sum: 0.3]
      [Termination (ms): Min: 0.0, Avg: 1.8, Max: 2.9, Diff: 2.9, Sum: 31.5]
         [Termination Attempts: Min: 1, Avg: 1.1, Max: 2, Diff: 1, Sum: 19]
      [GC Worker Other (ms): Min: 0.0, Avg: 0.0, Max: 0.0, Diff: 0.0, Sum: 0.2]
      [GC Worker Total (ms): Min: 0.0, Avg: 1.8, Max: 3.1, Diff: 3.1, Sum: 32.3]
      [GC Worker End (ms): Min: 27413.8, Avg: 27414.0, Max: 27414.4, Diff: 0.5]
   [Code Root Fixup: 0.0 ms]
   [Code Root Purge: 0.0 ms]
   [Clear CT: 0.7 ms]
   [Other: 7.6 ms]
      [Choose CSet: 0.0 ms]
      [Ref Proc: 7.0 ms]
      [Ref Enq: 0.0 ms]
      [Redirty Cards: 0.6 ms]
      [Humongous Register: 0.0 ms]
      [Humongous Reclaim: 0.0 ms]
      [Free CSet: 0.0 ms]
   [Eden: 6144.0K(6144.0K)->0.0B(2048.0K) Survivors: 2048.0K->1024.0K Heap: 46144.6K(65536.0K)->40042.7K(65536.0K)]
 [Times: user=0.11 sys=0.01, real=0.02 secs] 
2026-06-17T09:49:05.224+0800: 27.425: [GC pause (G1 Evacuation Pause) (mixed), 0.0080744 secs]
   [Parallel Time: 4.0 ms, GC Workers: 18]
      [GC Worker Start (ms): Min: 27425.0, Avg: 27426.0, Max: 27428.1, Diff: 3.1]
      [Ext Root Scanning (ms): Min: 0.0, Avg: 0.0, Max: 0.1, Diff: 0.1, Sum: 0.3]
      [Update RS (ms): Min: 0.0, Avg: 0.0, Max: 0.0, Diff: 0.0, Sum: 0.0]
         [Processed Buffers: Min: 0, Avg: 0.2, Max: 2, Diff: 2, Sum: 3]
      [Scan RS (ms): Min: 0.0, Avg: 0.0, Max: 0.0, Diff: 0.0, Sum: 0.0]
      [Code Root Scanning (ms): Min: 0.0, Avg: 0.0, Max: 0.0, Diff: 0.0, Sum: 0.0]
      [Object Copy (ms): Min: 0.0, Avg: 0.0, Max: 0.2, Diff: 0.2, Sum: 0.6]
      [Termination (ms): Min: 0.0, Avg: 2.2, Max: 3.1, Diff: 3.1, Sum: 39.9]
         [Termination Attempts: Min: 1, Avg: 1.0, Max: 1, Diff: 0, Sum: 18]
      [GC Worker Other (ms): Min: 0.0, Avg: 0.0, Max: 0.0, Diff: 0.0, Sum: 0.1]
      [GC Worker Total (ms): Min: 0.0, Avg: 2.3, Max: 3.4, Diff: 3.4, Sum: 40.9]
      [GC Worker End (ms): Min: 27428.1, Avg: 27428.2, Max: 27428.4, Diff: 0.3]
   [Code Root Fixup: 0.0 ms]
   [Code Root Purge: 0.0 ms]
   [Clear CT: 0.7 ms]
   [Other: 3.3 ms]
      [Choose CSet: 0.0 ms]
      [Ref Proc: 2.7 ms]
      [Ref Enq: 0.0 ms]
      [Redirty Cards: 0.6 ms]
      [Humongous Register: 0.0 ms]
      [Humongous Reclaim: 0.0 ms]
      [Free CSet: 0.0 ms]
   [Eden: 2048.0K(2048.0K)->0.0B(2048.0K) Survivors: 1024.0K->1024.0K Heap: 42090.7K(65536.0K)->37355.6K(65536.0K)]
 [Times: user=0.06 sys=0.00, real=0.01 secs] 
2026-06-17T09:49:05.233+0800: 27.434: [GC pause (G1 Evacuation Pause) (mixed), 0.0062111 secs]
   [Parallel Time: 2.3 ms, GC Workers: 18]
      [GC Worker Start (ms): Min: 27434.1, Avg: 27435.0, Max: 27435.7, Diff: 1.5]
      [Ext Root Scanning (ms): Min: 0.0, Avg: 0.0, Max: 0.1, Diff: 0.1, Sum: 0.3]
      [Update RS (ms): Min: 0.0, Avg: 0.0, Max: 0.0, Diff: 0.0, Sum: 0.1]
         [Processed Buffers: Min: 0, Avg: 0.2, Max: 2, Diff: 2, Sum: 3]
      [Scan RS (ms): Min: 0.0, Avg: 0.0, Max: 0.0, Diff: 0.0, Sum: 0.1]
      [Code Root Scanning (ms): Min: 0.0, Avg: 0.0, Max: 0.0, Diff: 0.0, Sum: 0.0]
      [Object Copy (ms): Min: 0.0, Avg: 0.0, Max: 0.2, Diff: 0.2, Sum: 0.5]
      [Termination (ms): Min: 0.0, Avg: 0.8, Max: 1.4, Diff: 1.4, Sum: 13.8]
         [Termination Attempts: Min: 1, Avg: 1.0, Max: 1, Diff: 0, Sum: 18]
      [GC Worker Other (ms): Min: 0.0, Avg: 0.0, Max: 0.0, Diff: 0.0, Sum: 0.1]
      [GC Worker Total (ms): Min: 0.0, Avg: 0.8, Max: 1.6, Diff: 1.6, Sum: 14.8]
      [GC Worker End (ms): Min: 27435.7, Avg: 27435.8, Max: 27436.2, Diff: 0.5]
   [Code Root Fixup: 0.0 ms]
   [Code Root Purge: 0.0 ms]
   [Clear CT: 1.1 ms]
   [Other: 2.8 ms]
      [Choose CSet: 0.0 ms]
      [Ref Proc: 2.2 ms]
      [Ref Enq: 0.0 ms]
      [Redirty Cards: 0.5 ms]
      [Humongous Register: 0.0 ms]
      [Humongous Reclaim: 0.0 ms]
      [Free CSet: 0.0 ms]
   [Eden: 2048.0K(2048.0K)->0.0B(2048.0K) Survivors: 1024.0K->1024.0K Heap: 39403.6K(65536.0K)->33705.7K(65536.0K)]
 [Times: user=0.03 sys=0.01, real=0.00 secs] 
2026-06-17T09:49:05.250+0800: 27.452: [GC pause (G1 Evacuation Pause) (mixed), 0.0106528 secs]
   [Parallel Time: 4.7 ms, GC Workers: 18]
      [GC Worker Start (ms): Min: 27451.8, Avg: 27453.0, Max: 27454.4, Diff: 2.6]
      [Ext Root Scanning (ms): Min: 0.0, Avg: 0.0, Max: 0.2, Diff: 0.2, Sum: 0.4]
      [Update RS (ms): Min: 0.0, Avg: 0.0, Max: 0.0, Diff: 0.0, Sum: 0.1]
         [Processed Buffers: Min: 0, Avg: 0.3, Max: 2, Diff: 2, Sum: 5]
      [Scan RS (ms): Min: 0.0, Avg: 0.0, Max: 0.1, Diff: 0.1, Sum: 0.1]
      [Code Root Scanning (ms): Min: 0.0, Avg: 0.0, Max: 0.0, Diff: 0.0, Sum: 0.0]
      [Object Copy (ms): Min: 0.0, Avg: 0.0, Max: 0.2, Diff: 0.2, Sum: 0.6]
      [Termination (ms): Min: 0.0, Avg: 1.6, Max: 2.7, Diff: 2.7, Sum: 28.0]
         [Termination Attempts: Min: 1, Avg: 1.2, Max: 4, Diff: 3, Sum: 22]
      [GC Worker Other (ms): Min: 0.0, Avg: 0.0, Max: 0.0, Diff: 0.0, Sum: 0.2]
      [GC Worker Total (ms): Min: 0.0, Avg: 1.6, Max: 3.1, Diff: 3.0, Sum: 29.4]
      [GC Worker End (ms): Min: 27454.4, Avg: 27454.6, Max: 27455.0, Diff: 0.6]
   [Code Root Fixup: 0.0 ms]
   [Code Root Purge: 0.0 ms]
   [Clear CT: 1.3 ms]
   [Other: 4.7 ms]
      [Choose CSet: 0.0 ms]
      [Ref Proc: 3.8 ms]
      [Ref Enq: 0.0 ms]
      [Redirty Cards: 0.7 ms]
      [Humongous Register: 0.0 ms]
      [Humongous Reclaim: 0.0 ms]
      [Free CSet: 0.0 ms]
   [Eden: 2048.0K(2048.0K)->0.0B(11264.0K) Survivors: 1024.0K->1024.0K Heap: 35753.7K(65536.0K)->34597.6K(65536.0K)]
 [Times: user=0.06 sys=0.00, real=0.00 secs] 
2026-06-17T09:49:05.284+0800: 27.485: [GC pause (G1 Evacuation Pause) (young), 0.0078011 secs]
   [Parallel Time: 3.7 ms, GC Workers: 18]
      [GC Worker Start (ms): Min: 27485.2, Avg: 27486.4, Max: 27487.6, Diff: 2.4]
      [Ext Root Scanning (ms): Min: 0.0, Avg: 0.0, Max: 0.2, Diff: 0.2, Sum: 0.4]
      [Update RS (ms): Min: 0.0, Avg: 0.0, Max: 0.1, Diff: 0.1, Sum: 0.2]
         [Processed Buffers: Min: 0, Avg: 0.3, Max: 3, Diff: 3, Sum: 5]
      [Scan RS (ms): Min: 0.0, Avg: 0.0, Max: 0.0, Diff: 0.0, Sum: 0.0]
      [Code Root Scanning (ms): Min: 0.0, Avg: 0.0, Max: 0.0, Diff: 0.0, Sum: 0.0]
      [Object Copy (ms): Min: 0.0, Avg: 0.0, Max: 0.1, Diff: 0.1, Sum: 0.2]
      [Termination (ms): Min: 0.0, Avg: 1.4, Max: 2.6, Diff: 2.6, Sum: 24.8]
         [Termination Attempts: Min: 1, Avg: 1.0, Max: 1, Diff: 0, Sum: 18]
      [GC Worker Other (ms): Min: 0.0, Avg: 0.0, Max: 0.0, Diff: 0.0, Sum: 0.1]
      [GC Worker Total (ms): Min: 0.0, Avg: 1.4, Max: 2.9, Diff: 2.9, Sum: 25.8]
      [GC Worker End (ms): Min: 27487.6, Avg: 27487.8, Max: 27488.1, Diff: 0.5]
   [Code Root Fixup: 0.0 ms]
   [Code Root Purge: 0.0 ms]
   [Clear CT: 0.6 ms]
   [Other: 3.5 ms]
      [Choose CSet: 0.0 ms]
      [Ref Proc: 2.9 ms]
      [Ref Enq: 0.0 ms]
      [Redirty Cards: 0.5 ms]
      [Humongous Register: 0.0 ms]
      [Humongous Reclaim: 0.0 ms]
      [Free CSet: 0.0 ms]
   [Eden: 11264.0K(11264.0K)->0.0B(11264.0K) Survivors: 1024.0K->2048.0K Heap: 45861.6K(65536.0K)->34998.7K(65536.0K)]
 [Times: user=0.04 sys=0.01, real=0.01 secs] 
2026-06-17T09:49:05.304+0800: 27.505: [GC pause (G1 Humongous Allocation) (young) (initial-mark), 0.0091789 secs]
   [Parallel Time: 5.0 ms, GC Workers: 18]
      [GC Worker Start (ms): Min: 27504.9, Avg: 27505.3, Max: 27505.5, Diff: 0.6]
      [Ext Root Scanning (ms): Min: 0.0, Avg: 1.5, Max: 2.8, Diff: 2.8, Sum: 27.8]
      [Update RS (ms): Min: 0.0, Avg: 0.0, Max: 0.0, Diff: 0.0, Sum: 0.0]
         [Processed Buffers: Min: 0, Avg: 0.1, Max: 2, Diff: 2, Sum: 2]
      [Scan RS (ms): Min: 0.0, Avg: 0.0, Max: 0.0, Diff: 0.0, Sum: 0.0]
      [Code Root Scanning (ms): Min: 0.0, Avg: 0.0, Max: 0.0, Diff: 0.0, Sum: 0.0]
      [Object Copy (ms): Min: 0.0, Avg: 0.0, Max: 0.1, Diff: 0.1, Sum: 0.3]
      [Termination (ms): Min: 0.0, Avg: 1.7, Max: 3.0, Diff: 3.0, Sum: 30.5]
         [Termination Attempts: Min: 1, Avg: 1.0, Max: 1, Diff: 0, Sum: 18]
      [GC Worker Other (ms): Min: 0.0, Avg: 0.0, Max: 0.0, Diff: 0.0, Sum: 0.1]
      [GC Worker Total (ms): Min: 2.9, Avg: 3.3, Max: 3.9, Diff: 1.0, Sum: 58.9]
      [GC Worker End (ms): Min: 27508.4, Avg: 27508.6, Max: 27509.1, Diff: 0.7]
   [Code Root Fixup: 0.0 ms]
   [Code Root Purge: 0.0 ms]
   [Clear CT: 0.6 ms]
   [Other: 3.5 ms]
      [Choose CSet: 0.0 ms]
      [Ref Proc: 2.9 ms]
      [Ref Enq: 0.0 ms]
      [Redirty Cards: 0.5 ms]
      [Humongous Register: 0.0 ms]
      [Humongous Reclaim: 0.0 ms]
      [Free CSet: 0.0 ms]
   [Eden: 5120.0K(11264.0K)->0.0B(10240.0K) Survivors: 2048.0K->2048.0K Heap: 39934.7K(65536.0K)->36478.6K(65536.0K)]
 [Times: user=0.05 sys=0.00, real=0.01 secs] 
2026-06-17T09:49:05.314+0800: 27.515: [GC concurrent-root-region-scan-start]
2026-06-17T09:49:05.314+0800: 27.516: [GC concurrent-root-region-scan-end, 0.0002788 secs]
2026-06-17T09:49:05.314+0800: 27.516: [GC concurrent-mark-start]
2026-06-17T09:49:05.315+0800: 27.516: [GC concurrent-mark-end, 0.0003945 secs]
2026-06-17T09:49:05.315+0800: 27.516: [GC remark 2026-06-17T09:49:05.315+0800: 27.517: [Finalize Marking, 0.0045394 secs] 2026-06-17T09:49:05.321+0800: 27.522: [GC ref-proc, 0.0006060 secs] 2026-06-17T09:49:05.322+0800: 27.523: [Unloading, 0.0016920 secs], 0.0098903 secs]
 [Times: user=0.03 sys=0.00, real=0.01 secs] 
2026-06-17T09:49:05.326+0800: 27.527: [GC cleanup 40041K->40041K(65536K), 0.0025663 secs]
 [Times: user=0.00 sys=0.00, real=0.00 secs] 
2026-06-17T09:49:05.350+0800: 27.552: [GC pause (G1 Evacuation Pause) (young), 0.0149426 secs]
   [Parallel Time: 10.8 ms, GC Workers: 18]
      [GC Worker Start (ms): Min: 27551.7, Avg: 27553.8, Max: 27561.3, Diff: 9.6]
      [Ext Root Scanning (ms): Min: 0.0, Avg: 0.0, Max: 0.2, Diff: 0.2, Sum: 0.4]
      [Update RS (ms): Min: 0.0, Avg: 0.0, Max: 0.0, Diff: 0.0, Sum: 0.0]
         [Processed Buffers: Min: 0, Avg: 0.2, Max: 1, Diff: 1, Sum: 3]
      [Scan RS (ms): Min: 0.0, Avg: 0.0, Max: 0.0, Diff: 0.0, Sum: 0.0]
      [Code Root Scanning (ms): Min: 0.0, Avg: 0.0, Max: 0.0, Diff: 0.0, Sum: 0.0]
      [Object Copy (ms): Min: 0.0, Avg: 0.1, Max: 0.2, Diff: 0.2, Sum: 0.9]
      [Termination (ms): Min: 0.0, Avg: 7.5, Max: 9.4, Diff: 9.4, Sum: 135.6]
         [Termination Attempts: Min: 1, Avg: 1.0, Max: 1, Diff: 0, Sum: 18]
      [GC Worker Other (ms): Min: 0.0, Avg: 0.0, Max: 0.0, Diff: 0.0, Sum: 0.1]
      [GC Worker Total (ms): Min: 0.0, Avg: 7.6, Max: 9.7, Diff: 9.7, Sum: 137.1]
      [GC Worker End (ms): Min: 27561.3, Avg: 27561.4, Max: 27561.5, Diff: 0.2]
   [Code Root Fixup: 0.0 ms]
   [Code Root Purge: 0.0 ms]
   [Clear CT: 1.5 ms]
   [Other: 2.7 ms]
      [Choose CSet: 0.0 ms]
      [Ref Proc: 1.9 ms]
      [Ref Enq: 0.0 ms]
      [Redirty Cards: 0.7 ms]
      [Humongous Register: 0.0 ms]
      [Humongous Reclaim: 0.0 ms]
      [Free CSet: 0.0 ms]
   [Eden: 10240.0K(10240.0K)->0.0B(1024.0K) Survivors: 2048.0K->2048.0K Heap: 48239.7K(65536.0K)->41537.7K(65536.0K)]
 [Times: user=0.14 sys=0.00, real=0.02 secs] 
2026-06-17T09:49:05.367+0800: 27.568: [GC pause (G1 Evacuation Pause) (mixed), 0.0135607 secs]
   [Parallel Time: 3.4 ms, GC Workers: 18]
      [GC Worker Start (ms): Min: 27567.8, Avg: 27568.8, Max: 27570.5, Diff: 2.7]
      [Ext Root Scanning (ms): Min: 0.0, Avg: 0.0, Max: 0.1, Diff: 0.1, Sum: 0.3]
      [Update RS (ms): Min: 0.0, Avg: 0.0, Max: 0.0, Diff: 0.0, Sum: 0.0]
         [Processed Buffers: Min: 0, Avg: 0.2, Max: 1, Diff: 1, Sum: 3]
      [Scan RS (ms): Min: 0.0, Avg: 0.0, Max: 0.0, Diff: 0.0, Sum: 0.0]
      [Code Root Scanning (ms): Min: 0.0, Avg: 0.0, Max: 0.0, Diff: 0.0, Sum: 0.0]
      [Object Copy (ms): Min: 0.0, Avg: 0.0, Max: 0.2, Diff: 0.2, Sum: 0.7]
      [Termination (ms): Min: 0.0, Avg: 1.7, Max: 2.4, Diff: 2.4, Sum: 30.0]
         [Termination Attempts: Min: 1, Avg: 1.0, Max: 1, Diff: 0, Sum: 18]
      [GC Worker Other (ms): Min: 0.0, Avg: 0.0, Max: 0.0, Diff: 0.0, Sum: 0.1]
      [GC Worker Total (ms): Min: 0.0, Avg: 1.7, Max: 2.8, Diff: 2.8, Sum: 31.2]
      [GC Worker End (ms): Min: 27570.5, Avg: 27570.5, Max: 27570.7, Diff: 0.2]
   [Code Root Fixup: 0.0 ms]
   [Code Root Purge: 0.0 ms]
   [Clear CT: 1.3 ms]
   [Other: 8.8 ms]
      [Choose CSet: 0.0 ms]
      [Ref Proc: 8.0 ms]
      [Ref Enq: 0.0 ms]
      [Redirty Cards: 0.8 ms]
      [Humongous Register: 0.0 ms]
      [Humongous Reclaim: 0.0 ms]
      [Free CSet: 0.0 ms]
   [Eden: 1024.0K(1024.0K)->0.0B(7168.0K) Survivors: 2048.0K->1024.0K Heap: 42561.7K(65536.0K)->40086.1K(65536.0K)]
 [Times: user=0.14 sys=0.00, real=0.01 secs] 
2026-06-17T09:49:05.402+0800: 27.603: [GC pause (G1 Evacuation Pause) (young), 0.0159239 secs]
   [Parallel Time: 10.1 ms, GC Workers: 18]
      [GC Worker Start (ms): Min: 27603.3, Avg: 27605.1, Max: 27610.6, Diff: 7.3]
      [Ext Root Scanning (ms): Min: 0.0, Avg: 0.0, Max: 0.3, Diff: 0.3, Sum: 0.6]
      [Update RS (ms): Min: 0.0, Avg: 0.0, Max: 0.0, Diff: 0.0, Sum: 0.1]
         [Processed Buffers: Min: 0, Avg: 0.3, Max: 3, Diff: 3, Sum: 5]
      [Scan RS (ms): Min: 0.0, Avg: 0.0, Max: 0.0, Diff: 0.0, Sum: 0.0]
      [Code Root Scanning (ms): Min: 0.0, Avg: 0.0, Max: 0.0, Diff: 0.0, Sum: 0.0]
      [Object Copy (ms): Min: 0.0, Avg: 0.0, Max: 0.2, Diff: 0.2, Sum: 0.9]
      [Termination (ms): Min: 0.0, Avg: 5.7, Max: 7.6, Diff: 7.6, Sum: 103.3]
         [Termination Attempts: Min: 1, Avg: 1.0, Max: 1, Diff: 0, Sum: 18]
      [GC Worker Other (ms): Min: 0.0, Avg: 0.0, Max: 0.0, Diff: 0.0, Sum: 0.2]
      [GC Worker Total (ms): Min: 0.0, Avg: 5.8, Max: 7.9, Diff: 7.9, Sum: 105.1]
      [GC Worker End (ms): Min: 27610.7, Avg: 27611.0, Max: 27611.5, Diff: 0.9]
   [Code Root Fixup: 0.0 ms]
   [Code Root Purge: 0.0 ms]
   [Clear CT: 1.2 ms]
   [Other: 4.6 ms]
      [Choose CSet: 0.0 ms]
      [Ref Proc: 4.0 ms]
      [Ref Enq: 0.0 ms]
      [Redirty Cards: 0.6 ms]
      [Humongous Register: 0.0 ms]
      [Humongous Reclaim: 0.0 ms]
      [Free CSet: 0.0 ms]
   [Eden: 7168.0K(7168.0K)->0.0B(4096.0K) Survivors: 1024.0K->1024.0K Heap: 47254.1K(65536.0K)->43819.7K(65536.0K)]
 [Times: user=0.12 sys=0.01, real=0.02 secs] 
2026-06-17T09:49:05.430+0800: 27.631: [GC pause (G1 Evacuation Pause) (young) (initial-mark), 0.0195735 secs]
   [Parallel Time: 11.3 ms, GC Workers: 18]
      [GC Worker Start (ms): Min: 27631.0, Avg: 27631.5, Max: 27631.8, Diff: 0.8]
      [Ext Root Scanning (ms): Min: 0.0, Avg: 2.2, Max: 7.7, Diff: 7.7, Sum: 39.0]
      [Update RS (ms): Min: 0.0, Avg: 0.0, Max: 0.0, Diff: 0.0, Sum: 0.0]
         [Processed Buffers: Min: 0, Avg: 0.2, Max: 3, Diff: 3, Sum: 3]
      [Scan RS (ms): Min: 0.0, Avg: 0.0, Max: 0.0, Diff: 0.0, Sum: 0.0]
      [Code Root Scanning (ms): Min: 0.0, Avg: 0.0, Max: 0.0, Diff: 0.0, Sum: 0.0]
      [Object Copy (ms): Min: 0.0, Avg: 0.0, Max: 0.1, Diff: 0.1, Sum: 0.4]
      [Termination (ms): Min: 0.0, Avg: 6.0, Max: 8.1, Diff: 8.1, Sum: 108.7]
         [Termination Attempts: Min: 1, Avg: 1.1, Max: 2, Diff: 1, Sum: 19]
      [GC Worker Other (ms): Min: 0.0, Avg: 0.0, Max: 0.0, Diff: 0.0, Sum: 0.2]
      [GC Worker Total (ms): Min: 7.7, Avg: 8.2, Max: 8.9, Diff: 1.2, Sum: 148.4]
      [GC Worker End (ms): Min: 27639.5, Avg: 27639.7, Max: 27640.5, Diff: 1.0]
   [Code Root Fixup: 0.0 ms]
   [Code Root Purge: 0.0 ms]
   [Clear CT: 1.5 ms]
   [Other: 6.8 ms]
      [Choose CSet: 0.0 ms]
      [Ref Proc: 6.0 ms]
      [Ref Enq: 0.0 ms]
      [Redirty Cards: 0.7 ms]
      [Humongous Register: 0.0 ms]
      [Humongous Reclaim: 0.0 ms]
      [Free CSet: 0.0 ms]
   [Eden: 4096.0K(4096.0K)->0.0B(2048.0K) Survivors: 1024.0K->1024.0K Heap: 47915.7K(65536.0K)->45875.7K(65536.0K)]
 [Times: user=0.16 sys=0.01, real=0.02 secs] 
2026-06-17T09:49:05.450+0800: 27.652: [GC concurrent-root-region-scan-start]
2026-06-17T09:49:05.451+0800: 27.652: [GC pause (G1 Evacuation Pause) (young)2026-06-17T09:49:05.451+0800: 27.652: [GC concurrent-root-region-scan-end, 0.0002615 secs]
2026-06-17T09:49:05.451+0800: 27.652: [GC concurrent-mark-start]
, 0.0109750 secs]
   [Root Region Scan Waiting: 0.1 ms]
   [Parallel Time: 6.3 ms, GC Workers: 18]
      [GC Worker Start (ms): Min: 27652.0, Avg: 27652.9, Max: 27656.9, Diff: 4.8]
      [Ext Root Scanning (ms): Min: 0.0, Avg: 0.0, Max: 0.2, Diff: 0.2, Sum: 0.4]
      [Update RS (ms): Min: 0.0, Avg: 0.0, Max: 0.0, Diff: 0.0, Sum: 0.0]
         [Processed Buffers: Min: 0, Avg: 0.2, Max: 1, Diff: 1, Sum: 4]
      [Scan RS (ms): Min: 0.0, Avg: 0.0, Max: 0.0, Diff: 0.0, Sum: 0.0]
      [Code Root Scanning (ms): Min: 0.0, Avg: 0.0, Max: 0.0, Diff: 0.0, Sum: 0.0]
      [Object Copy (ms): Min: 0.0, Avg: 0.0, Max: 0.1, Diff: 0.1, Sum: 0.3]
      [Termination (ms): Min: 0.0, Avg: 4.1, Max: 4.9, Diff: 4.9, Sum: 74.2]
         [Termination Attempts: Min: 1, Avg: 1.0, Max: 1, Diff: 0, Sum: 18]
      [GC Worker Other (ms): Min: 0.0, Avg: 0.0, Max: 0.0, Diff: 0.0, Sum: 0.1]
      [GC Worker Total (ms): Min: 0.0, Avg: 4.2, Max: 4.9, Diff: 4.9, Sum: 75.2]
      [GC Worker End (ms): Min: 27656.9, Avg: 27657.0, Max: 27657.4, Diff: 0.5]
   [Code Root Fixup: 0.0 ms]
   [Code Root Purge: 0.0 ms]
   [Clear CT: 0.6 ms]
   [Other: 3.9 ms]
      [Choose CSet: 0.0 ms]
      [Ref Proc: 3.4 ms]
      [Ref Enq: 0.0 ms]
      [Redirty Cards: 0.5 ms]
      [Humongous Register: 0.0 ms]
      [Humongous Reclaim: 0.0 ms]
      [Free CSet: 0.0 ms]
   [Eden: 2048.0K(2048.0K)->0.0B(2048.0K) Survivors: 1024.0K->1024.0K Heap: 47923.7K(65536.0K)->48217.7K(65536.0K)]
 [Times: user=0.11 sys=0.00, real=0.00 secs] 
2026-06-17T09:49:05.463+0800: 27.665: [GC concurrent-mark-end, 0.0126189 secs]
2026-06-17T09:49:05.463+0800: 27.665: [GC remark 2026-06-17T09:49:05.464+0800: 27.665: [Finalize Marking, 0.0047923 secs] 2026-06-17T09:49:05.469+0800: 27.671: [GC ref-proc, 0.0005802 secs] 2026-06-17T09:49:05.471+0800: 27.672: [Unloading, 0.0018010 secs], 0.0104370 secs]
 [Times: user=0.04 sys=0.00, real=0.01 secs] 
2026-06-17T09:49:05.475+0800: 27.676: [GC pause (G1 Evacuation Pause) (young), 0.0105142 secs]
   [Parallel Time: 6.7 ms, GC Workers: 18]
      [GC Worker Start (ms): Min: 27676.1, Avg: 27677.4, Max: 27682.3, Diff: 6.2]
      [Ext Root Scanning (ms): Min: 0.0, Avg: 0.0, Max: 0.1, Diff: 0.1, Sum: 0.3]
      [Update RS (ms): Min: 0.0, Avg: 0.0, Max: 0.0, Diff: 0.0, Sum: 0.0]
         [Processed Buffers: Min: 0, Avg: 0.2, Max: 1, Diff: 1, Sum: 3]
      [Scan RS (ms): Min: 0.0, Avg: 0.0, Max: 0.0, Diff: 0.0, Sum: 0.0]
      [Code Root Scanning (ms): Min: 0.0, Avg: 0.0, Max: 0.0, Diff: 0.0, Sum: 0.0]
      [Object Copy (ms): Min: 0.0, Avg: 0.0, Max: 0.1, Diff: 0.1, Sum: 0.4]
      [Termination (ms): Min: 0.0, Avg: 5.1, Max: 6.3, Diff: 6.3, Sum: 91.1]
         [Termination Attempts: Min: 1, Avg: 1.0, Max: 1, Diff: 0, Sum: 18]
      [GC Worker Other (ms): Min: 0.0, Avg: 0.0, Max: 0.0, Diff: 0.0, Sum: 0.1]
      [GC Worker Total (ms): Min: 0.0, Avg: 5.1, Max: 6.5, Diff: 6.5, Sum: 91.9]
      [GC Worker End (ms): Min: 27682.4, Avg: 27682.5, Max: 27682.6, Diff: 0.3]
   [Code Root Fixup: 0.0 ms]
   [Code Root Purge: 0.0 ms]
   [Clear CT: 0.9 ms]
   [Other: 2.9 ms]
      [Choose CSet: 0.0 ms]
      [Ref Proc: 2.3 ms]
      [Ref Enq: 0.0 ms]
      [Redirty Cards: 0.6 ms]
      [Humongous Register: 0.0 ms]
      [Humongous Reclaim: 0.0 ms]
      [Free CSet: 0.0 ms]
   [Eden: 2048.0K(2048.0K)->0.0B(2048.0K) Survivors: 1024.0K->1024.0K Heap: 50265.7K(65536.0K)->50260.7K(65536.0K)]
 [Times: user=0.11 sys=0.00, real=0.01 secs] 
2026-06-17T09:49:05.486+0800: 27.688: [GC cleanup 51048K->44904K(65536K), 0.0025907 secs]
 [Times: user=0.01 sys=0.00, real=0.00 secs] 
2026-06-17T09:49:05.490+0800: 27.691: [GC concurrent-cleanup-start]
2026-06-17T09:49:05.490+0800: 27.691: [GC concurrent-cleanup-end, 0.0000086 secs]
2026-06-17T09:49:05.490+0800: 27.692: [GC pause (G1 Evacuation Pause) (young), 0.0102835 secs]
   [Parallel Time: 3.7 ms, GC Workers: 18]
      [GC Worker Start (ms): Min: 27691.6, Avg: 27692.6, Max: 27694.8, Diff: 3.2]
      [Ext Root Scanning (ms): Min: 0.0, Avg: 0.0, Max: 0.1, Diff: 0.1, Sum: 0.3]
      [Update RS (ms): Min: 0.0, Avg: 0.0, Max: 0.0, Diff: 0.0, Sum: 0.0]
         [Processed Buffers: Min: 0, Avg: 0.2, Max: 1, Diff: 1, Sum: 3]
      [Scan RS (ms): Min: 0.0, Avg: 0.0, Max: 0.0, Diff: 0.0, Sum: 0.0]
      [Code Root Scanning (ms): Min: 0.0, Avg: 0.0, Max: 0.0, Diff: 0.0, Sum: 0.0]
      [Object Copy (ms): Min: 0.0, Avg: 0.0, Max: 0.1, Diff: 0.1, Sum: 0.4]
      [Termination (ms): Min: 0.0, Avg: 2.3, Max: 3.1, Diff: 3.1, Sum: 40.8]
         [Termination Attempts: Min: 1, Avg: 1.0, Max: 1, Diff: 0, Sum: 18]
      [GC Worker Other (ms): Min: 0.0, Avg: 0.0, Max: 0.0, Diff: 0.0, Sum: 0.1]
      [GC Worker Total (ms): Min: 0.0, Avg: 2.3, Max: 3.3, Diff: 3.3, Sum: 41.7]
      [GC Worker End (ms): Min: 27694.8, Avg: 27694.9, Max: 27695.1, Diff: 0.3]
   [Code Root Fixup: 0.0 ms]
   [Code Root Purge: 0.0 ms]
   [Clear CT: 0.7 ms]
   [Other: 5.9 ms]
      [Choose CSet: 0.0 ms]
      [Ref Proc: 5.3 ms]
      [Ref Enq: 0.0 ms]
      [Redirty Cards: 0.6 ms]
      [Humongous Register: 0.0 ms]
      [Humongous Reclaim: 0.0 ms]
      [Free CSet: 0.0 ms]
   [Eden: 2048.0K(2048.0K)->0.0B(2048.0K) Survivors: 1024.0K->1024.0K Heap: 46164.7K(65536.0K)->46201.7K(65536.0K)]
 [Times: user=0.11 sys=0.00, real=0.01 secs] 
2026-06-17T09:49:05.512+0800: 27.713: [GC pause (G1 Evacuation Pause) (mixed), 0.0130268 secs]
   [Parallel Time: 9.4 ms, GC Workers: 18]
      [GC Worker Start (ms): Min: 27713.4, Avg: 27715.3, Max: 27721.7, Diff: 8.2]
      [Ext Root Scanning (ms): Min: 0.0, Avg: 0.0, Max: 0.1, Diff: 0.1, Sum: 0.4]
      [Update RS (ms): Min: 0.0, Avg: 0.0, Max: 0.0, Diff: 0.0, Sum: 0.0]
         [Processed Buffers: Min: 0, Avg: 0.2, Max: 2, Diff: 2, Sum: 4]
      [Scan RS (ms): Min: 0.0, Avg: 0.0, Max: 0.0, Diff: 0.0, Sum: 0.0]
      [Code Root Scanning (ms): Min: 0.0, Avg: 0.0, Max: 0.0, Diff: 0.0, Sum: 0.0]
      [Object Copy (ms): Min: 0.0, Avg: 0.0, Max: 0.2, Diff: 0.2, Sum: 0.7]
      [Termination (ms): Min: 0.0, Avg: 6.5, Max: 8.2, Diff: 8.2, Sum: 116.8]
         [Termination Attempts: Min: 1, Avg: 1.0, Max: 1, Diff: 0, Sum: 18]
      [GC Worker Other (ms): Min: 0.0, Avg: 0.0, Max: 0.0, Diff: 0.0, Sum: 0.2]
      [GC Worker Total (ms): Min: 0.0, Avg: 6.6, Max: 8.4, Diff: 8.4, Sum: 118.1]
      [GC Worker End (ms): Min: 27721.7, Avg: 27721.8, Max: 27722.0, Diff: 0.3]
   [Code Root Fixup: 0.0 ms]
   [Code Root Purge: 0.0 ms]
   [Clear CT: 1.1 ms]
   [Other: 2.5 ms]
      [Choose CSet: 0.0 ms]
      [Ref Proc: 2.0 ms]
      [Ref Enq: 0.0 ms]
      [Redirty Cards: 0.5 ms]
      [Humongous Register: 0.0 ms]
      [Humongous Reclaim: 0.0 ms]
      [Free CSet: 0.0 ms]
   [Eden: 2048.0K(2048.0K)->0.0B(2048.0K) Survivors: 1024.0K->1024.0K Heap: 48249.7K(65536.0K)->43930.7K(65536.0K)]
 [Times: user=0.13 sys=0.01, real=0.01 secs] 
2026-06-17T09:49:05.527+0800: 27.728: [GC pause (G1 Evacuation Pause) (mixed), 0.0080712 secs]
   [Parallel Time: 2.6 ms, GC Workers: 18]
      [GC Worker Start (ms): Min: 27727.8, Avg: 27728.8, Max: 27729.9, Diff: 2.1]
      [Ext Root Scanning (ms): Min: 0.0, Avg: 0.0, Max: 0.1, Diff: 0.1, Sum: 0.3]
      [Update RS (ms): Min: 0.0, Avg: 0.0, Max: 0.0, Diff: 0.0, Sum: 0.0]
         [Processed Buffers: Min: 0, Avg: 0.2, Max: 2, Diff: 2, Sum: 4]
      [Scan RS (ms): Min: 0.0, Avg: 0.0, Max: 0.0, Diff: 0.0, Sum: 0.1]
      [Code Root Scanning (ms): Min: 0.0, Avg: 0.0, Max: 0.0, Diff: 0.0, Sum: 0.0]
      [Object Copy (ms): Min: 0.0, Avg: 0.1, Max: 0.3, Diff: 0.3, Sum: 1.0]
      [Termination (ms): Min: 0.0, Avg: 1.2, Max: 1.8, Diff: 1.8, Sum: 22.1]
         [Termination Attempts: Min: 1, Avg: 1.0, Max: 1, Diff: 0, Sum: 18]
      [GC Worker Other (ms): Min: 0.0, Avg: 0.0, Max: 0.0, Diff: 0.0, Sum: 0.1]
      [GC Worker Total (ms): Min: 0.0, Avg: 1.3, Max: 2.2, Diff: 2.2, Sum: 23.6]
      [GC Worker End (ms): Min: 27730.0, Avg: 27730.1, Max: 27730.3, Diff: 0.3]
   [Code Root Fixup: 0.0 ms]
   [Code Root Purge: 0.0 ms]
   [Clear CT: 1.4 ms]
   [Other: 4.1 ms]
      [Choose CSet: 0.0 ms]
      [Ref Proc: 3.4 ms]
      [Ref Enq: 0.0 ms]
      [Redirty Cards: 0.6 ms]
      [Humongous Register: 0.0 ms]
      [Humongous Reclaim: 0.0 ms]
      [Free CSet: 0.0 ms]
   [Eden: 2048.0K(2048.0K)->0.0B(2048.0K) Survivors: 1024.0K->1024.0K Heap: 45978.7K(65536.0K)->43793.7K(65536.0K)]
 [Times: user=0.06 sys=0.00, real=0.01 secs] 
2026-06-17T09:49:05.546+0800: 27.747: [GC pause (G1 Evacuation Pause) (mixed), 0.0139608 secs]
   [Parallel Time: 10.2 ms, GC Workers: 18]
      [GC Worker Start (ms): Min: 27747.1, Avg: 27749.0, Max: 27755.9, Diff: 8.9]
      [Ext Root Scanning (ms): Min: 0.0, Avg: 0.0, Max: 0.2, Diff: 0.2, Sum: 0.4]
      [Update RS (ms): Min: 0.0, Avg: 0.0, Max: 0.0, Diff: 0.0, Sum: 0.1]
         [Processed Buffers: Min: 0, Avg: 0.3, Max: 3, Diff: 3, Sum: 5]
      [Scan RS (ms): Min: 0.0, Avg: 0.0, Max: 0.0, Diff: 0.0, Sum: 0.1]
      [Code Root Scanning (ms): Min: 0.0, Avg: 0.0, Max: 0.0, Diff: 0.0, Sum: 0.0]
      [Object Copy (ms): Min: 0.0, Avg: 0.0, Max: 0.2, Diff: 0.2, Sum: 0.6]
      [Termination (ms): Min: 0.0, Avg: 7.2, Max: 9.2, Diff: 9.2, Sum: 129.8]
         [Termination Attempts: Min: 1, Avg: 1.0, Max: 1, Diff: 0, Sum: 18]
      [GC Worker Other (ms): Min: 0.0, Avg: 0.0, Max: 0.0, Diff: 0.0, Sum: 0.2]
      [GC Worker Total (ms): Min: 0.0, Avg: 7.3, Max: 9.4, Diff: 9.4, Sum: 131.1]
      [GC Worker End (ms): Min: 27755.9, Avg: 27756.2, Max: 27756.6, Diff: 0.7]
   [Code Root Fixup: 0.0 ms]
   [Code Root Purge: 0.0 ms]
   [Clear CT: 0.9 ms]
   [Other: 2.8 ms]
      [Choose CSet: 0.0 ms]
      [Ref Proc: 2.2 ms]
      [Ref Enq: 0.0 ms]
      [Redirty Cards: 0.6 ms]
      [Humongous Register: 0.0 ms]
      [Humongous Reclaim: 0.0 ms]
      [Free CSet: 0.0 ms]
   [Eden: 2048.0K(2048.0K)->0.0B(4096.0K) Survivors: 1024.0K->1024.0K Heap: 45841.7K(65536.0K)->43530.7K(65536.0K)]
 [Times: user=0.15 sys=0.00, real=0.01 secs] 
2026-06-17T09:49:05.571+0800: 27.772: [GC pause (G1 Evacuation Pause) (young), 0.0146128 secs]
   [Parallel Time: 10.1 ms, GC Workers: 18]
      [GC Worker Start (ms): Min: 27772.0, Avg: 27774.2, Max: 27780.3, Diff: 8.3]
      [Ext Root Scanning (ms): Min: 0.0, Avg: 0.0, Max: 0.2, Diff: 0.2, Sum: 0.6]
      [Update RS (ms): Min: 0.0, Avg: 0.0, Max: 0.1, Diff: 0.1, Sum: 0.2]
         [Processed Buffers: Min: 0, Avg: 0.3, Max: 2, Diff: 2, Sum: 5]
      [Scan RS (ms): Min: 0.0, Avg: 0.0, Max: 0.0, Diff: 0.0, Sum: 0.0]
      [Code Root Scanning (ms): Min: 0.0, Avg: 0.0, Max: 0.0, Diff: 0.0, Sum: 0.0]
      [Object Copy (ms): Min: 0.0, Avg: 0.0, Max: 0.1, Diff: 0.1, Sum: 0.3]
      [Termination (ms): Min: 0.0, Avg: 6.3, Max: 8.8, Diff: 8.8, Sum: 113.6]
         [Termination Attempts: Min: 1, Avg: 1.0, Max: 1, Diff: 0, Sum: 18]
      [GC Worker Other (ms): Min: 0.0, Avg: 0.0, Max: 0.0, Diff: 0.0, Sum: 0.2]
      [GC Worker Total (ms): Min: 0.0, Avg: 6.4, Max: 9.2, Diff: 9.2, Sum: 115.0]
      [GC Worker End (ms): Min: 27780.4, Avg: 27780.5, Max: 27781.2, Diff: 0.9]
   [Code Root Fixup: 0.0 ms]
   [Code Root Purge: 0.0 ms]
   [Clear CT: 1.1 ms]
   [Other: 3.4 ms]
      [Choose CSet: 0.0 ms]
      [Ref Proc: 2.8 ms]
      [Ref Enq: 0.0 ms]
      [Redirty Cards: 0.5 ms]
      [Humongous Register: 0.0 ms]
      [Humongous Reclaim: 0.0 ms]
      [Free CSet: 0.0 ms]
   [Eden: 4096.0K(4096.0K)->0.0B(4096.0K) Survivors: 1024.0K->1024.0K Heap: 47626.7K(65536.0K)->44403.5K(65536.0K)]
 [Times: user=0.13 sys=0.01, real=0.01 secs] 
2026-06-17T09:49:05.597+0800: 27.798: [GC pause (G1 Evacuation Pause) (young) (initial-mark), 0.0140223 secs]
   [Parallel Time: 8.5 ms, GC Workers: 18]
      [GC Worker Start (ms): Min: 27798.5, Avg: 27799.0, Max: 27799.3, Diff: 0.7]
      [Ext Root Scanning (ms): Min: 0.0, Avg: 2.0, Max: 6.2, Diff: 6.2, Sum: 36.3]
      [Update RS (ms): Min: 0.0, Avg: 0.0, Max: 0.0, Diff: 0.0, Sum: 0.0]
         [Processed Buffers: Min: 0, Avg: 0.1, Max: 2, Diff: 2, Sum: 2]
      [Scan RS (ms): Min: 0.0, Avg: 0.0, Max: 0.0, Diff: 0.0, Sum: 0.0]
      [Code Root Scanning (ms): Min: 0.0, Avg: 0.0, Max: 0.0, Diff: 0.0, Sum: 0.0]
      [Object Copy (ms): Min: 0.0, Avg: 0.0, Max: 0.1, Diff: 0.1, Sum: 0.3]
      [Termination (ms): Min: 0.0, Avg: 4.7, Max: 6.5, Diff: 6.5, Sum: 84.7]
         [Termination Attempts: Min: 1, Avg: 1.1, Max: 2, Diff: 1, Sum: 19]
      [GC Worker Other (ms): Min: 0.0, Avg: 0.0, Max: 0.0, Diff: 0.0, Sum: 0.2]
      [GC Worker Total (ms): Min: 6.2, Avg: 6.8, Max: 7.4, Diff: 1.2, Sum: 121.6]
      [GC Worker End (ms): Min: 27805.5, Avg: 27805.7, Max: 27806.3, Diff: 0.8]
   [Code Root Fixup: 0.0 ms]
   [Code Root Purge: 0.0 ms]
   [Clear CT: 0.9 ms]
   [Other: 4.6 ms]
      [Choose CSet: 0.0 ms]
      [Ref Proc: 3.8 ms]
      [Ref Enq: 0.0 ms]
      [Redirty Cards: 0.7 ms]
      [Humongous Register: 0.0 ms]
      [Humongous Reclaim: 0.0 ms]
      [Free CSet: 0.0 ms]
   [Eden: 4096.0K(4096.0K)->0.0B(3072.0K) Survivors: 1024.0K->1024.0K Heap: 48499.5K(65536.0K)->45339.7K(65536.0K)]
 [Times: user=0.12 sys=0.00, real=0.02 secs] 
2026-06-17T09:49:05.613+0800: 27.814: [GC concurrent-root-region-scan-start]
2026-06-17T09:49:05.613+0800: 27.814: [GC pause (G1 Evacuation Pause) (young)2026-06-17T09:49:05.613+0800: 27.814: [GC concurrent-root-region-scan-end, 0.0002622 secs]
2026-06-17T09:49:05.613+0800: 27.814: [GC concurrent-mark-start]
, 0.0076809 secs]
   [Root Region Scan Waiting: 0.0 ms]
   [Parallel Time: 2.7 ms, GC Workers: 18]
      [GC Worker Start (ms): Min: 27814.1, Avg: 27814.9, Max: 27816.1, Diff: 2.0]
      [Ext Root Scanning (ms): Min: 0.0, Avg: 0.0, Max: 0.1, Diff: 0.1, Sum: 0.2]
      [Update RS (ms): Min: 0.0, Avg: 0.0, Max: 0.0, Diff: 0.0, Sum: 0.0]
         [Processed Buffers: Min: 0, Avg: 0.1, Max: 1, Diff: 1, Sum: 2]
      [Scan RS (ms): Min: 0.0, Avg: 0.0, Max: 0.0, Diff: 0.0, Sum: 0.0]
      [Code Root Scanning (ms): Min: 0.0, Avg: 0.0, Max: 0.0, Diff: 0.0, Sum: 0.0]
      [Object Copy (ms): Min: 0.0, Avg: 0.0, Max: 0.0, Diff: 0.0, Sum: 0.1]
      [Termination (ms): Min: 0.0, Avg: 1.3, Max: 2.2, Diff: 2.2, Sum: 24.1]
         [Termination Attempts: Min: 1, Avg: 1.1, Max: 2, Diff: 1, Sum: 20]
      [GC Worker Other (ms): Min: 0.0, Avg: 0.0, Max: 0.1, Diff: 0.1, Sum: 0.2]
      [GC Worker Total (ms): Min: 0.0, Avg: 1.4, Max: 2.3, Diff: 2.2, Sum: 24.7]
      [GC Worker End (ms): Min: 27816.1, Avg: 27816.3, Max: 27816.6, Diff: 0.5]
   [Code Root Fixup: 0.0 ms]
   [Code Root Purge: 0.0 ms]
   [Clear CT: 1.0 ms]
   [Other: 4.0 ms]
      [Choose CSet: 0.0 ms]
      [Ref Proc: 3.3 ms]
      [Ref Enq: 0.0 ms]
      [Redirty Cards: 0.6 ms]
      [Humongous Register: 0.0 ms]
      [Humongous Reclaim: 0.0 ms]
      [Free CSet: 0.0 ms]
   [Eden: 3072.0K(3072.0K)->0.0B(3072.0K) Survivors: 1024.0K->1024.0K Heap: 48411.7K(65536.0K)->45653.2K(65536.0K)]
 [Times: user=0.05 sys=0.01, real=0.00 secs] 
2026-06-17T09:49:05.622+0800: 27.823: [GC concurrent-mark-end, 0.0090237 secs]
2026-06-17T09:49:05.622+0800: 27.823: [GC remark 2026-06-17T09:49:05.623+0800: 27.824: [Finalize Marking, 0.0054363 secs] 2026-06-17T09:49:05.629+0800: 27.830: [GC ref-proc, 0.0004821 secs] 2026-06-17T09:49:05.629+0800: 27.831: [Unloading, 0.0015737 secs], 0.0100204 secs]
 [Times: user=0.05 sys=0.00, real=0.02 secs] 
2026-06-17T09:49:05.633+0800: 27.834: [GC cleanup 47656K->41512K(65536K), 0.0025859 secs]
 [Times: user=0.00 sys=0.00, real=0.00 secs] 
2026-06-17T09:49:05.637+0800: 27.838: [GC concurrent-cleanup-start]
2026-06-17T09:49:05.637+0800: 27.838: [GC concurrent-cleanup-end, 0.0000081 secs]
2026-06-17T09:49:05.637+0800: 27.838: [GC pause (G1 Evacuation Pause) (young), 0.0116629 secs]
   [Parallel Time: 5.2 ms, GC Workers: 18]
      [GC Worker Start (ms): Min: 27838.0, Avg: 27839.1, Max: 27842.1, Diff: 4.1]
      [Ext Root Scanning (ms): Min: 0.0, Avg: 0.0, Max: 0.1, Diff: 0.1, Sum: 0.3]
      [Update RS (ms): Min: 0.0, Avg: 0.0, Max: 0.0, Diff: 0.0, Sum: 0.0]
         [Processed Buffers: Min: 0, Avg: 0.1, Max: 1, Diff: 1, Sum: 2]
      [Scan RS (ms): Min: 0.0, Avg: 0.0, Max: 0.0, Diff: 0.0, Sum: 0.0]
      [Code Root Scanning (ms): Min: 0.0, Avg: 0.0, Max: 0.0, Diff: 0.0, Sum: 0.0]
      [Object Copy (ms): Min: 0.0, Avg: 0.0, Max: 0.1, Diff: 0.1, Sum: 0.4]
      [Termination (ms): Min: 0.0, Avg: 3.1, Max: 4.0, Diff: 4.0, Sum: 55.3]
         [Termination Attempts: Min: 1, Avg: 1.0, Max: 1, Diff: 0, Sum: 18]
      [GC Worker Other (ms): Min: 0.0, Avg: 0.0, Max: 0.0, Diff: 0.0, Sum: 0.1]
      [GC Worker Total (ms): Min: 0.0, Avg: 3.1, Max: 4.3, Diff: 4.3, Sum: 56.2]
      [GC Worker End (ms): Min: 27842.1, Avg: 27842.2, Max: 27842.3, Diff: 0.3]
   [Code Root Fixup: 0.0 ms]
   [Code Root Purge: 0.0 ms]
   [Clear CT: 1.0 ms]
   [Other: 5.5 ms]
      [Choose CSet: 0.0 ms]
      [Ref Proc: 5.0 ms]
      [Ref Enq: 0.0 ms]
      [Redirty Cards: 0.5 ms]
      [Humongous Register: 0.0 ms]
      [Humongous Reclaim: 0.0 ms]
      [Free CSet: 0.0 ms]
   [Eden: 3072.0K(3072.0K)->0.0B(2048.0K) Survivors: 1024.0K->1024.0K Heap: 42581.2K(65536.0K)->42717.7K(65536.0K)]
 [Times: user=0.12 sys=0.01, real=0.01 secs] 
2026-06-17T09:49:05.660+0800: 27.861: [GC pause (G1 Evacuation Pause) (mixed), 0.0142989 secs]
   [Parallel Time: 7.6 ms, GC Workers: 18]
      [GC Worker Start (ms): Min: 27861.2, Avg: 27862.7, Max: 27867.1, Diff: 5.9]
      [Ext Root Scanning (ms): Min: 0.0, Avg: 0.0, Max: 0.1, Diff: 0.1, Sum: 0.4]
      [Update RS (ms): Min: 0.0, Avg: 0.0, Max: 0.0, Diff: 0.0, Sum: 0.0]
         [Processed Buffers: Min: 0, Avg: 0.1, Max: 1, Diff: 1, Sum: 2]
      [Scan RS (ms): Min: 0.0, Avg: 0.0, Max: 0.0, Diff: 0.0, Sum: 0.0]
      [Code Root Scanning (ms): Min: 0.0, Avg: 0.0, Max: 0.0, Diff: 0.0, Sum: 0.0]
      [Object Copy (ms): Min: 0.0, Avg: 0.0, Max: 0.1, Diff: 0.1, Sum: 0.5]
      [Termination (ms): Min: 0.0, Avg: 4.5, Max: 5.8, Diff: 5.8, Sum: 81.0]
         [Termination Attempts: Min: 1, Avg: 1.0, Max: 1, Diff: 0, Sum: 18]
      [GC Worker Other (ms): Min: 0.0, Avg: 0.0, Max: 0.0, Diff: 0.0, Sum: 0.2]
      [GC Worker Total (ms): Min: 0.0, Avg: 4.6, Max: 6.0, Diff: 6.0, Sum: 82.1]
      [GC Worker End (ms): Min: 27867.1, Avg: 27867.3, Max: 27867.6, Diff: 0.5]
   [Code Root Fixup: 0.0 ms]
   [Code Root Purge: 0.0 ms]
   [Clear CT: 1.0 ms]
   [Other: 5.7 ms]
      [Choose CSet: 0.0 ms]
      [Ref Proc: 4.7 ms]
      [Ref Enq: 0.0 ms]
      [Redirty Cards: 0.9 ms]
      [Humongous Register: 0.0 ms]
      [Humongous Reclaim: 0.0 ms]
      [Free CSet: 0.0 ms]
   [Eden: 2048.0K(2048.0K)->0.0B(2048.0K) Survivors: 1024.0K->1024.0K Heap: 44765.7K(65536.0K)->38787.2K(65536.0K)]
 [Times: user=0.12 sys=0.01, real=0.02 secs] 
2026-06-17T09:49:05.676+0800: 27.877: [GC pause (G1 Evacuation Pause) (mixed), 0.0091730 secs]
   [Parallel Time: 3.1 ms, GC Workers: 18]
      [GC Worker Start (ms): Min: 27876.9, Avg: 27878.0, Max: 27879.0, Diff: 2.1]
      [Ext Root Scanning (ms): Min: 0.0, Avg: 0.0, Max: 0.1, Diff: 0.1, Sum: 0.3]
      [Update RS (ms): Min: 0.0, Avg: 0.0, Max: 0.0, Diff: 0.0, Sum: 0.0]
         [Processed Buffers: Min: 0, Avg: 0.3, Max: 3, Diff: 3, Sum: 5]
      [Scan RS (ms): Min: 0.0, Avg: 0.0, Max: 0.0, Diff: 0.0, Sum: 0.1]
      [Code Root Scanning (ms): Min: 0.0, Avg: 0.0, Max: 0.0, Diff: 0.0, Sum: 0.0]
      [Object Copy (ms): Min: 0.0, Avg: 0.1, Max: 0.3, Diff: 0.3, Sum: 0.9]
      [Termination (ms): Min: 0.0, Avg: 1.1, Max: 2.1, Diff: 2.1, Sum: 20.3]
         [Termination Attempts: Min: 1, Avg: 1.0, Max: 1, Diff: 0, Sum: 18]
      [GC Worker Other (ms): Min: 0.0, Avg: 0.0, Max: 0.0, Diff: 0.0, Sum: 0.1]
      [GC Worker Total (ms): Min: 0.0, Avg: 1.2, Max: 2.4, Diff: 2.3, Sum: 21.7]
      [GC Worker End (ms): Min: 27879.0, Avg: 27879.2, Max: 27879.4, Diff: 0.4]
   [Code Root Fixup: 0.0 ms]
   [Code Root Purge: 0.0 ms]
   [Clear CT: 1.0 ms]
   [Other: 5.1 ms]
      [Choose CSet: 0.0 ms]
      [Ref Proc: 4.5 ms]
      [Ref Enq: 0.0 ms]
      [Redirty Cards: 0.5 ms]
      [Humongous Register: 0.0 ms]
      [Humongous Reclaim: 0.0 ms]
      [Free CSet: 0.0 ms]
   [Eden: 2048.0K(2048.0K)->0.0B(7168.0K) Survivors: 1024.0K->1024.0K Heap: 40835.2K(65536.0K)->39609.7K(65536.0K)]
 [Times: user=0.07 sys=0.00, real=0.01 secs] 
2026-06-17T09:49:05.707+0800: 27.908: [GC pause (G1 Evacuation Pause) (young), 0.0153502 secs]
   [Parallel Time: 9.8 ms, GC Workers: 18]
      [GC Worker Start (ms): Min: 27908.0, Avg: 27910.0, Max: 27915.8, Diff: 7.8]
      [Ext Root Scanning (ms): Min: 0.0, Avg: 0.0, Max: 0.3, Diff: 0.3, Sum: 0.7]
      [Update RS (ms): Min: 0.0, Avg: 0.0, Max: 0.1, Diff: 0.1, Sum: 0.2]
         [Processed Buffers: Min: 0, Avg: 0.3, Max: 2, Diff: 2, Sum: 5]
      [Scan RS (ms): Min: 0.0, Avg: 0.0, Max: 0.0, Diff: 0.0, Sum: 0.0]
      [Code Root Scanning (ms): Min: 0.0, Avg: 0.0, Max: 0.0, Diff: 0.0, Sum: 0.0]
      [Object Copy (ms): Min: 0.0, Avg: 0.0, Max: 0.1, Diff: 0.1, Sum: 0.3]
      [Termination (ms): Min: 0.0, Avg: 6.0, Max: 8.3, Diff: 8.3, Sum: 108.0]
         [Termination Attempts: Min: 1, Avg: 1.0, Max: 1, Diff: 0, Sum: 18]
      [GC Worker Other (ms): Min: 0.0, Avg: 0.0, Max: 0.0, Diff: 0.0, Sum: 0.2]
      [GC Worker Total (ms): Min: 0.0, Avg: 6.1, Max: 8.6, Diff: 8.6, Sum: 109.5]
      [GC Worker End (ms): Min: 27915.8, Avg: 27916.1, Max: 27916.7, Diff: 0.8]
   [Code Root Fixup: 0.0 ms]
   [Code Root Purge: 0.0 ms]
   [Clear CT: 0.7 ms]
   [Other: 4.8 ms]
      [Choose CSet: 0.0 ms]
      [Ref Proc: 4.1 ms]
      [Ref Enq: 0.0 ms]
      [Redirty Cards: 0.7 ms]
      [Humongous Register: 0.0 ms]
      [Humongous Reclaim: 0.0 ms]
      [Free CSet: 0.0 ms]
   [Eden: 7168.0K(7168.0K)->0.0B(6144.0K) Survivors: 1024.0K->1024.0K Heap: 46777.7K(65536.0K)->41112.7K(65536.0K)]
 [Times: user=0.14 sys=0.01, real=0.02 secs] 
2026-06-17T09:49:05.734+0800: 27.935: [GC pause (G1 Evacuation Pause) (young) (initial-mark), 0.0178276 secs]
   [Parallel Time: 12.0 ms, GC Workers: 18]
      [GC Worker Start (ms): Min: 27935.4, Avg: 27935.9, Max: 27936.3, Diff: 0.9]
      [Ext Root Scanning (ms): Min: 0.0, Avg: 2.3, Max: 8.6, Diff: 8.6, Sum: 42.0]
      [Update RS (ms): Min: 0.0, Avg: 0.0, Max: 0.0, Diff: 0.0, Sum: 0.0]
         [Processed Buffers: Min: 0, Avg: 0.1, Max: 2, Diff: 2, Sum: 2]
      [Scan RS (ms): Min: 0.0, Avg: 0.0, Max: 0.0, Diff: 0.0, Sum: 0.0]
      [Code Root Scanning (ms): Min: 0.0, Avg: 0.0, Max: 0.0, Diff: 0.0, Sum: 0.0]
      [Object Copy (ms): Min: 0.0, Avg: 0.0, Max: 0.2, Diff: 0.2, Sum: 0.5]
      [Termination (ms): Min: 0.0, Avg: 6.9, Max: 8.9, Diff: 8.9, Sum: 123.3]
         [Termination Attempts: Min: 1, Avg: 1.1, Max: 2, Diff: 1, Sum: 20]
      [GC Worker Other (ms): Min: 0.0, Avg: 0.0, Max: 0.0, Diff: 0.0, Sum: 0.2]
      [GC Worker Total (ms): Min: 8.6, Avg: 9.2, Max: 10.0, Diff: 1.4, Sum: 166.1]
      [GC Worker End (ms): Min: 27944.9, Avg: 27945.1, Max: 27945.7, Diff: 0.8]
   [Code Root Fixup: 0.0 ms]
   [Code Root Purge: 0.0 ms]
   [Clear CT: 1.2 ms]
   [Other: 4.6 ms]
      [Choose CSet: 0.0 ms]
      [Ref Proc: 3.9 ms]
      [Ref Enq: 0.0 ms]
      [Redirty Cards: 0.6 ms]
      [Humongous Register: 0.0 ms]
      [Humongous Reclaim: 0.0 ms]
      [Free CSet: 0.0 ms]
   [Eden: 6144.0K(6144.0K)->0.0B(4096.0K) Survivors: 1024.0K->1024.0K Heap: 47256.7K(65536.0K)->43644.7K(65536.0K)]
 [Times: user=0.16 sys=0.01, real=0.02 secs] 
2026-06-17T09:49:05.753+0800: 27.954: [GC concurrent-root-region-scan-start]
2026-06-17T09:49:05.753+0800: 27.955: [GC concurrent-root-region-scan-end, 0.0002222 secs]
2026-06-17T09:49:05.753+0800: 27.955: [GC concurrent-mark-start]
2026-06-17T09:49:05.754+0800: 27.955: [GC concurrent-mark-end, 0.0006202 secs]
2026-06-17T09:49:05.754+0800: 27.955: [GC remark 2026-06-17T09:49:05.754+0800: 27.956: [Finalize Marking, 0.0082104 secs] 2026-06-17T09:49:05.763+0800: 27.964: [GC ref-proc, 0.0005083 secs] 2026-06-17T09:49:05.764+0800: 27.965: [Unloading, 0.0018298 secs], 0.0131480 secs]
 [Times: user=0.10 sys=0.00, real=0.01 secs] 
2026-06-17T09:49:05.768+0800: 27.970: [GC cleanup 45665K->44641K(65536K), 0.0029345 secs]
 [Times: user=0.00 sys=0.00, real=0.01 secs] 
2026-06-17T09:49:05.773+0800: 27.974: [GC concurrent-cleanup-start]
2026-06-17T09:49:05.773+0800: 27.974: [GC concurrent-cleanup-end, 0.0000095 secs]
2026-06-17T09:49:05.773+0800: 27.974: [GC pause (G1 Evacuation Pause) (young), 0.0108106 secs]
   [Parallel Time: 7.3 ms, GC Workers: 18]
      [GC Worker Start (ms): Min: 27974.1, Avg: 27975.9, Max: 27980.7, Diff: 6.6]
      [Ext Root Scanning (ms): Min: 0.0, Avg: 0.0, Max: 0.1, Diff: 0.1, Sum: 0.4]
      [Update RS (ms): Min: 0.0, Avg: 0.0, Max: 0.0, Diff: 0.0, Sum: 0.0]
         [Processed Buffers: Min: 0, Avg: 0.1, Max: 1, Diff: 1, Sum: 2]
      [Scan RS (ms): Min: 0.0, Avg: 0.0, Max: 0.0, Diff: 0.0, Sum: 0.0]
      [Code Root Scanning (ms): Min: 0.0, Avg: 0.0, Max: 0.0, Diff: 0.0, Sum: 0.0]
      [Object Copy (ms): Min: 0.0, Avg: 0.0, Max: 0.1, Diff: 0.1, Sum: 0.4]
      [Termination (ms): Min: 0.0, Avg: 4.9, Max: 6.5, Diff: 6.5, Sum: 88.5]
         [Termination Attempts: Min: 1, Avg: 1.0, Max: 1, Diff: 0, Sum: 18]
      [GC Worker Other (ms): Min: 0.0, Avg: 0.0, Max: 0.0, Diff: 0.0, Sum: 0.1]
      [GC Worker Total (ms): Min: 0.0, Avg: 5.0, Max: 6.8, Diff: 6.8, Sum: 89.4]
      [GC Worker End (ms): Min: 27980.7, Avg: 27980.9, Max: 27981.0, Diff: 0.3]
   [Code Root Fixup: 0.0 ms]
   [Code Root Purge: 0.0 ms]
   [Clear CT: 1.0 ms]
   [Other: 2.5 ms]
      [Choose CSet: 0.0 ms]
      [Ref Proc: 1.9 ms]
      [Ref Enq: 0.0 ms]
      [Redirty Cards: 0.5 ms]
      [Humongous Register: 0.0 ms]
      [Humongous Reclaim: 0.0 ms]
      [Free CSet: 0.0 ms]
   [Eden: 4096.0K(4096.0K)->0.0B(2048.0K) Survivors: 1024.0K->1024.0K Heap: 46716.7K(65536.0K)->44721.7K(65536.0K)]
 [Times: user=0.10 sys=0.00, real=0.01 secs] 
2026-06-17T09:49:05.785+0800: 27.986: [GC pause (G1 Evacuation Pause) (mixed), 0.0072131 secs]
   [Parallel Time: 2.1 ms, GC Workers: 18]
      [GC Worker Start (ms): Min: 27986.2, Avg: 27987.1, Max: 27987.8, Diff: 1.5]
      [Ext Root Scanning (ms): Min: 0.0, Avg: 0.0, Max: 0.2, Diff: 0.1, Sum: 0.3]
      [Update RS (ms): Min: 0.0, Avg: 0.0, Max: 0.0, Diff: 0.0, Sum: 0.0]
         [Processed Buffers: Min: 0, Avg: 0.1, Max: 1, Diff: 1, Sum: 2]
      [Scan RS (ms): Min: 0.0, Avg: 0.0, Max: 0.0, Diff: 0.0, Sum: 0.0]
      [Code Root Scanning (ms): Min: 0.0, Avg: 0.0, Max: 0.0, Diff: 0.0, Sum: 0.0]
      [Object Copy (ms): Min: 0.0, Avg: 0.0, Max: 0.2, Diff: 0.2, Sum: 0.7]
      [Termination (ms): Min: 0.0, Avg: 0.6, Max: 1.2, Diff: 1.2, Sum: 11.6]
         [Termination Attempts: Min: 1, Avg: 1.0, Max: 1, Diff: 0, Sum: 18]
      [GC Worker Other (ms): Min: 0.0, Avg: 0.0, Max: 0.0, Diff: 0.0, Sum: 0.1]
      [GC Worker Total (ms): Min: 0.0, Avg: 0.7, Max: 1.6, Diff: 1.6, Sum: 12.7]
      [GC Worker End (ms): Min: 27987.8, Avg: 27987.8, Max: 27987.9, Diff: 0.1]
   [Code Root Fixup: 0.0 ms]
   [Code Root Purge: 0.0 ms]
   [Clear CT: 0.8 ms]
   [Other: 4.3 ms]
      [Choose CSet: 0.0 ms]
      [Ref Proc: 3.6 ms]
      [Ref Enq: 0.0 ms]
      [Redirty Cards: 0.7 ms]
      [Humongous Register: 0.0 ms]
      [Humongous Reclaim: 0.0 ms]
      [Free CSet: 0.0 ms]
   [Eden: 2048.0K(2048.0K)->0.0B(2048.0K) Survivors: 1024.0K->1024.0K Heap: 46769.7K(65536.0K)->43079.7K(65536.0K)]
 [Times: user=0.05 sys=0.01, real=0.01 secs] 
2026-06-17T09:49:05.804+0800: 28.005: [GC pause (G1 Evacuation Pause) (mixed), 0.0112355 secs]
   [Parallel Time: 6.6 ms, GC Workers: 18]
      [GC Worker Start (ms): Min: 28004.9, Avg: 28006.2, Max: 28009.8, Diff: 5.0]
      [Ext Root Scanning (ms): Min: 0.0, Avg: 0.0, Max: 0.1, Diff: 0.1, Sum: 0.4]
      [Update RS (ms): Min: 0.0, Avg: 0.0, Max: 0.0, Diff: 0.0, Sum: 0.0]
         [Processed Buffers: Min: 0, Avg: 0.3, Max: 2, Diff: 2, Sum: 5]
      [Scan RS (ms): Min: 0.0, Avg: 0.0, Max: 0.0, Diff: 0.0, Sum: 0.0]
      [Code Root Scanning (ms): Min: 0.0, Avg: 0.0, Max: 0.0, Diff: 0.0, Sum: 0.0]
      [Object Copy (ms): Min: 0.0, Avg: 0.0, Max: 0.2, Diff: 0.2, Sum: 0.6]
      [Termination (ms): Min: 0.0, Avg: 3.8, Max: 5.1, Diff: 5.1, Sum: 68.2]
         [Termination Attempts: Min: 1, Avg: 1.0, Max: 1, Diff: 0, Sum: 18]
      [GC Worker Other (ms): Min: 0.0, Avg: 0.0, Max: 0.0, Diff: 0.0, Sum: 0.2]
      [GC Worker Total (ms): Min: 0.0, Avg: 3.9, Max: 5.4, Diff: 5.4, Sum: 69.4]
      [GC Worker End (ms): Min: 28009.9, Avg: 28010.1, Max: 28010.4, Diff: 0.5]
   [Code Root Fixup: 0.0 ms]
   [Code Root Purge: 0.0 ms]
   [Clear CT: 0.7 ms]
   [Other: 3.9 ms]
      [Choose CSet: 0.0 ms]
      [Ref Proc: 3.3 ms]
      [Ref Enq: 0.0 ms]
      [Redirty Cards: 0.6 ms]
      [Humongous Register: 0.0 ms]
      [Humongous Reclaim: 0.0 ms]
      [Free CSet: 0.0 ms]
   [Eden: 2048.0K(2048.0K)->0.0B(9216.0K) Survivors: 1024.0K->1024.0K Heap: 46060.7K(65536.0K)->40387.6K(65536.0K)]
 [Times: user=0.09 sys=0.00, real=0.01 secs] 
2026-06-17T09:49:05.837+0800: 28.038: [GC pause (G1 Evacuation Pause) (young), 0.0151889 secs]
   [Parallel Time: 7.9 ms, GC Workers: 18]
      [GC Worker Start (ms): Min: 28038.4, Avg: 28039.9, Max: 28044.0, Diff: 5.7]
      [Ext Root Scanning (ms): Min: 0.0, Avg: 0.1, Max: 0.4, Diff: 0.4, Sum: 1.1]
      [Update RS (ms): Min: 0.0, Avg: 0.0, Max: 0.0, Diff: 0.0, Sum: 0.1]
         [Processed Buffers: Min: 0, Avg: 0.2, Max: 1, Diff: 1, Sum: 3]
      [Scan RS (ms): Min: 0.0, Avg: 0.0, Max: 0.0, Diff: 0.0, Sum: 0.0]
      [Code Root Scanning (ms): Min: 0.0, Avg: 0.0, Max: 0.0, Diff: 0.0, Sum: 0.0]
      [Object Copy (ms): Min: 0.0, Avg: 0.0, Max: 0.1, Diff: 0.1, Sum: 0.2]
      [Termination (ms): Min: 0.0, Avg: 4.4, Max: 6.0, Diff: 6.0, Sum: 79.4]
         [Termination Attempts: Min: 1, Avg: 1.0, Max: 1, Diff: 0, Sum: 18]
      [GC Worker Other (ms): Min: 0.0, Avg: 0.0, Max: 0.0, Diff: 0.0, Sum: 0.2]
      [GC Worker Total (ms): Min: 0.0, Avg: 4.5, Max: 6.3, Diff: 6.2, Sum: 81.0]
      [GC Worker End (ms): Min: 28044.1, Avg: 28044.4, Max: 28044.8, Diff: 0.7]
   [Code Root Fixup: 0.0 ms]
   [Code Root Purge: 0.0 ms]
   [Clear CT: 1.2 ms]
   [Other: 6.0 ms]
      [Choose CSet: 0.0 ms]
      [Ref Proc: 4.9 ms]
      [Ref Enq: 0.0 ms]
      [Redirty Cards: 1.0 ms]
      [Humongous Register: 0.0 ms]
      [Humongous Reclaim: 0.0 ms]
      [Free CSet: 0.0 ms]
   [Eden: 9216.0K(9216.0K)->0.0B(10240.0K) Survivors: 1024.0K->1024.0K Heap: 49603.6K(65536.0K)->39891.6K(65536.0K)]
 [Times: user=0.13 sys=0.00, real=0.02 secs] 
2026-06-17T09:49:05.885+0800: 28.087: [GC pause (G1 Evacuation Pause) (young) (initial-mark), 0.0188952 secs]
   [Parallel Time: 7.2 ms, GC Workers: 18]
      [GC Worker Start (ms): Min: 28086.8, Avg: 28088.0, Max: 28088.9, Diff: 2.1]
      [Ext Root Scanning (ms): Min: 0.0, Avg: 2.6, Max: 3.2, Diff: 3.2, Sum: 46.2]
      [Update RS (ms): Min: 0.0, Avg: 0.0, Max: 0.0, Diff: 0.0, Sum: 0.1]
         [Processed Buffers: Min: 0, Avg: 0.2, Max: 3, Diff: 3, Sum: 3]
      [Scan RS (ms): Min: 0.0, Avg: 0.0, Max: 0.0, Diff: 0.0, Sum: 0.0]
      [Code Root Scanning (ms): Min: 0.0, Avg: 0.0, Max: 0.0, Diff: 0.0, Sum: 0.0]
      [Object Copy (ms): Min: 0.0, Avg: 0.0, Max: 0.3, Diff: 0.3, Sum: 0.8]
      [Termination (ms): Min: 0.0, Avg: 1.5, Max: 3.0, Diff: 3.0, Sum: 27.0]
         [Termination Attempts: Min: 1, Avg: 1.1, Max: 2, Diff: 1, Sum: 19]
      [GC Worker Other (ms): Min: 0.0, Avg: 0.0, Max: 0.0, Diff: 0.0, Sum: 0.2]
      [GC Worker Total (ms): Min: 3.2, Avg: 4.1, Max: 5.3, Diff: 2.1, Sum: 74.4]
      [GC Worker End (ms): Min: 28092.0, Avg: 28092.1, Max: 28092.3, Diff: 0.3]
   [Code Root Fixup: 0.0 ms]
   [Code Root Purge: 0.0 ms]
   [Clear CT: 2.4 ms]
   [Other: 9.3 ms]
      [Choose CSet: 0.0 ms]
      [Ref Proc: 8.3 ms]
      [Ref Enq: 0.0 ms]
      [Redirty Cards: 0.9 ms]
      [Humongous Register: 0.0 ms]
      [Humongous Reclaim: 0.0 ms]
      [Free CSet: 0.0 ms]
   [Eden: 10240.0K(10240.0K)->0.0B(8192.0K) Survivors: 1024.0K->2048.0K Heap: 50131.6K(65536.0K)->43377.6K(65536.0K)]
 [Times: user=0.10 sys=0.03, real=0.02 secs] 
2026-06-17T09:49:05.906+0800: 28.107: [GC concurrent-root-region-scan-start]
2026-06-17T09:49:05.906+0800: 28.107: [GC concurrent-root-region-scan-end, 0.0003831 secs]
2026-06-17T09:49:05.906+0800: 28.107: [GC concurrent-mark-start]
2026-06-17T09:49:05.907+0800: 28.108: [GC concurrent-mark-end, 0.0005660 secs]
2026-06-17T09:49:05.907+0800: 28.108: [GC remark 2026-06-17T09:49:05.907+0800: 28.108: [Finalize Marking, 0.0035237 secs] 2026-06-17T09:49:05.911+0800: 28.112: [GC ref-proc, 0.0005473 secs] 2026-06-17T09:49:05.912+0800: 28.113: [Unloading, 0.0018354 secs], 0.0083393 secs]
 [Times: user=0.02 sys=0.01, real=0.01 secs] 
2026-06-17T09:49:05.916+0800: 28.117: [GC cleanup 48429K->43309K(65536K), 0.0026419 secs]
 [Times: user=0.00 sys=0.00, real=0.00 secs] 
2026-06-17T09:49:05.920+0800: 28.121: [GC concurrent-cleanup-start]
2026-06-17T09:49:05.920+0800: 28.121: [GC concurrent-cleanup-end, 0.0000092 secs]
2026-06-17T09:49:05.920+0800: 28.121: [GC pause (G1 Evacuation Pause) (young), 0.0056974 secs]
   [Parallel Time: 1.3 ms, GC Workers: 18]
      [GC Worker Start (ms): Min: 28121.1, Avg: 28121.7, Max: 28122.2, Diff: 1.1]
      [Ext Root Scanning (ms): Min: 0.0, Avg: 0.0, Max: 0.1, Diff: 0.1, Sum: 0.4]
      [Update RS (ms): Min: 0.0, Avg: 0.0, Max: 0.0, Diff: 0.0, Sum: 0.1]
         [Processed Buffers: Min: 0, Avg: 0.3, Max: 1, Diff: 1, Sum: 5]
      [Scan RS (ms): Min: 0.0, Avg: 0.0, Max: 0.0, Diff: 0.0, Sum: 0.0]
      [Code Root Scanning (ms): Min: 0.0, Avg: 0.0, Max: 0.0, Diff: 0.0, Sum: 0.0]
      [Object Copy (ms): Min: 0.0, Avg: 0.1, Max: 0.3, Diff: 0.3, Sum: 1.5]
      [Termination (ms): Min: 0.0, Avg: 0.5, Max: 0.7, Diff: 0.7, Sum: 8.2]
         [Termination Attempts: Min: 1, Avg: 1.0, Max: 1, Diff: 0, Sum: 18]
      [GC Worker Other (ms): Min: 0.0, Avg: 0.0, Max: 0.0, Diff: 0.0, Sum: 0.1]
      [GC Worker Total (ms): Min: 0.0, Avg: 0.6, Max: 1.1, Diff: 1.1, Sum: 10.3]
      [GC Worker End (ms): Min: 28122.2, Avg: 28122.2, Max: 28122.3, Diff: 0.1]
   [Code Root Fixup: 0.0 ms]
   [Code Root Purge: 0.0 ms]
   [Clear CT: 0.7 ms]
   [Other: 3.6 ms]
      [Choose CSet: 0.0 ms]
      [Ref Proc: 3.1 ms]
      [Ref Enq: 0.0 ms]
      [Redirty Cards: 0.5 ms]
      [Humongous Register: 0.0 ms]
      [Humongous Reclaim: 0.0 ms]
      [Free CSet: 0.0 ms]
   [Eden: 8192.0K(8192.0K)->0.0B(2048.0K) Survivors: 2048.0K->2048.0K Heap: 46449.6K(65536.0K)->46896.6K(65536.0K)]
 [Times: user=0.03 sys=0.00, real=0.01 secs] 
2026-06-17T09:49:05.937+0800: 28.138: [GC pause (G1 Evacuation Pause) (mixed), 0.0114346 secs]
   [Parallel Time: 7.2 ms, GC Workers: 18]
      [GC Worker Start (ms): Min: 28138.2, Avg: 28139.3, Max: 28143.4, Diff: 5.2]
      [Ext Root Scanning (ms): Min: 0.0, Avg: 0.0, Max: 0.2, Diff: 0.2, Sum: 0.4]
      [Update RS (ms): Min: 0.0, Avg: 0.0, Max: 0.0, Diff: 0.0, Sum: 0.0]
         [Processed Buffers: Min: 0, Avg: 0.3, Max: 2, Diff: 2, Sum: 5]
      [Scan RS (ms): Min: 0.0, Avg: 0.0, Max: 0.0, Diff: 0.0, Sum: 0.0]
      [Code Root Scanning (ms): Min: 0.0, Avg: 0.0, Max: 0.0, Diff: 0.0, Sum: 0.0]
      [Object Copy (ms): Min: 0.0, Avg: 0.0, Max: 0.2, Diff: 0.2, Sum: 0.7]
      [Termination (ms): Min: 0.0, Avg: 4.4, Max: 5.6, Diff: 5.6, Sum: 79.1]
         [Termination Attempts: Min: 1, Avg: 1.0, Max: 1, Diff: 0, Sum: 18]
      [GC Worker Other (ms): Min: 0.0, Avg: 0.0, Max: 0.0, Diff: 0.0, Sum: 0.2]
      [GC Worker Total (ms): Min: 0.0, Avg: 4.5, Max: 6.0, Diff: 6.0, Sum: 80.5]
      [GC Worker End (ms): Min: 28143.4, Avg: 28143.8, Max: 28144.2, Diff: 0.8]
   [Code Root Fixup: 0.0 ms]
   [Code Root Purge: 0.0 ms]
   [Clear CT: 1.6 ms]
   [Other: 2.6 ms]
      [Choose CSet: 0.0 ms]
      [Ref Proc: 2.0 ms]
      [Ref Enq: 0.0 ms]
      [Redirty Cards: 0.6 ms]
      [Humongous Register: 0.0 ms]
      [Humongous Reclaim: 0.0 ms]
      [Free CSet: 0.0 ms]
   [Eden: 2048.0K(2048.0K)->0.0B(2048.0K) Survivors: 2048.0K->1024.0K Heap: 48944.6K(65536.0K)->43279.6K(65536.0K)]
 [Times: user=0.09 sys=0.01, real=0.01 secs] 
2026-06-17T09:49:05.950+0800: 28.151: [GC pause (G1 Evacuation Pause) (mixed), 0.0069307 secs]
   [Parallel Time: 2.5 ms, GC Workers: 18]
      [GC Worker Start (ms): Min: 28150.9, Avg: 28151.6, Max: 28152.2, Diff: 1.3]
      [Ext Root Scanning (ms): Min: 0.0, Avg: 0.0, Max: 0.1, Diff: 0.1, Sum: 0.3]
      [Update RS (ms): Min: 0.0, Avg: 0.0, Max: 0.0, Diff: 0.0, Sum: 0.0]
         [Processed Buffers: Min: 0, Avg: 0.3, Max: 3, Diff: 3, Sum: 5]
      [Scan RS (ms): Min: 0.0, Avg: 0.0, Max: 0.0, Diff: 0.0, Sum: 0.0]
      [Code Root Scanning (ms): Min: 0.0, Avg: 0.0, Max: 0.0, Diff: 0.0, Sum: 0.0]
      [Object Copy (ms): Min: 0.0, Avg: 0.1, Max: 0.3, Diff: 0.3, Sum: 1.0]
      [Termination (ms): Min: 0.0, Avg: 0.6, Max: 1.0, Diff: 1.0, Sum: 10.0]
         [Termination Attempts: Min: 1, Avg: 1.0, Max: 1, Diff: 0, Sum: 18]
      [GC Worker Other (ms): Min: 0.0, Avg: 0.0, Max: 0.0, Diff: 0.0, Sum: 0.1]
      [GC Worker Total (ms): Min: 0.0, Avg: 0.6, Max: 1.3, Diff: 1.3, Sum: 11.5]
      [GC Worker End (ms): Min: 28152.2, Avg: 28152.2, Max: 28152.5, Diff: 0.3]
   [Code Root Fixup: 0.0 ms]
   [Code Root Purge: 0.0 ms]
   [Clear CT: 0.8 ms]
   [Other: 3.6 ms]
      [Choose CSet: 0.0 ms]
      [Ref Proc: 2.9 ms]
      [Ref Enq: 0.0 ms]
      [Redirty Cards: 0.7 ms]
      [Humongous Register: 0.0 ms]
      [Humongous Reclaim: 0.0 ms]
      [Free CSet: 0.0 ms]
   [Eden: 2048.0K(2048.0K)->0.0B(2048.0K) Survivors: 1024.0K->1024.0K Heap: 45327.6K(65536.0K)->42401.6K(65536.0K)]
 [Times: user=0.03 sys=0.00, real=0.01 secs] 
2026-06-17T09:49:05.968+0800: 28.169: [GC pause (G1 Evacuation Pause) (mixed), 0.0096309 secs]
   [Parallel Time: 4.5 ms, GC Workers: 18]
      [GC Worker Start (ms): Min: 28169.2, Avg: 28170.5, Max: 28172.0, Diff: 2.8]
      [Ext Root Scanning (ms): Min: 0.0, Avg: 0.0, Max: 0.2, Diff: 0.2, Sum: 0.5]
      [Update RS (ms): Min: 0.0, Avg: 0.0, Max: 0.0, Diff: 0.0, Sum: 0.0]
         [Processed Buffers: Min: 0, Avg: 0.3, Max: 2, Diff: 2, Sum: 5]
      [Scan RS (ms): Min: 0.0, Avg: 0.0, Max: 0.0, Diff: 0.0, Sum: 0.1]
      [Code Root Scanning (ms): Min: 0.0, Avg: 0.0, Max: 0.0, Diff: 0.0, Sum: 0.0]
      [Object Copy (ms): Min: 0.0, Avg: 0.1, Max: 0.3, Diff: 0.3, Sum: 1.1]
      [Termination (ms): Min: 0.0, Avg: 1.8, Max: 3.1, Diff: 3.1, Sum: 32.4]
         [Termination Attempts: Min: 1, Avg: 1.0, Max: 1, Diff: 0, Sum: 18]
      [GC Worker Other (ms): Min: 0.0, Avg: 0.0, Max: 0.0, Diff: 0.0, Sum: 0.2]
      [GC Worker Total (ms): Min: 0.0, Avg: 1.9, Max: 3.6, Diff: 3.5, Sum: 34.3]
      [GC Worker End (ms): Min: 28172.1, Avg: 28172.4, Max: 28172.9, Diff: 0.8]
   [Code Root Fixup: 0.0 ms]
   [Code Root Purge: 0.0 ms]
   [Clear CT: 1.1 ms]
   [Other: 4.1 ms]
      [Choose CSet: 0.0 ms]
      [Ref Proc: 3.2 ms]
      [Ref Enq: 0.0 ms]
      [Redirty Cards: 0.8 ms]
      [Humongous Register: 0.0 ms]
      [Humongous Reclaim: 0.0 ms]
      [Free CSet: 0.0 ms]
   [Eden: 2048.0K(2048.0K)->0.0B(2048.0K) Survivors: 1024.0K->1024.0K Heap: 44449.6K(65536.0K)->41634.6K(65536.0K)]
 [Times: user=0.05 sys=0.00, real=0.01 secs] 
2026-06-17T09:49:05.979+0800: 28.180: [GC pause (G1 Evacuation Pause) (mixed), 0.0074005 secs]
   [Parallel Time: 3.7 ms, GC Workers: 18]
      [GC Worker Start (ms): Min: 28180.1, Avg: 28181.0, Max: 28182.1, Diff: 2.0]
      [Ext Root Scanning (ms): Min: 0.0, Avg: 0.0, Max: 0.1, Diff: 0.1, Sum: 0.3]
      [Update RS (ms): Min: 0.0, Avg: 0.0, Max: 0.0, Diff: 0.0, Sum: 0.1]
         [Processed Buffers: Min: 0, Avg: 0.2, Max: 2, Diff: 2, Sum: 4]
      [Scan RS (ms): Min: 0.0, Avg: 0.0, Max: 0.0, Diff: 0.0, Sum: 0.1]
      [Code Root Scanning (ms): Min: 0.0, Avg: 0.0, Max: 0.0, Diff: 0.0, Sum: 0.0]
      [Object Copy (ms): Min: 0.0, Avg: 0.0, Max: 0.1, Diff: 0.1, Sum: 0.1]
      [Termination (ms): Min: 0.0, Avg: 1.2, Max: 2.4, Diff: 2.4, Sum: 22.3]
         [Termination Attempts: Min: 1, Avg: 1.2, Max: 3, Diff: 2, Sum: 21]
      [GC Worker Other (ms): Min: 0.0, Avg: 0.0, Max: 0.0, Diff: 0.0, Sum: 0.1]
      [GC Worker Total (ms): Min: 0.0, Avg: 1.3, Max: 2.6, Diff: 2.6, Sum: 23.0]
      [GC Worker End (ms): Min: 28182.1, Avg: 28182.3, Max: 28182.7, Diff: 0.6]
   [Code Root Fixup: 0.0 ms]
   [Code Root Purge: 0.0 ms]
   [Clear CT: 1.0 ms]
   [Other: 2.6 ms]
      [Choose CSet: 0.0 ms]
      [Ref Proc: 2.1 ms]
      [Ref Enq: 0.0 ms]
      [Redirty Cards: 0.5 ms]
      [Humongous Register: 0.0 ms]
      [Humongous Reclaim: 0.0 ms]
      [Free CSet: 0.0 ms]
   [Eden: 2048.0K(2048.0K)->0.0B(8192.0K) Survivors: 1024.0K->1024.0K Heap: 43682.6K(65536.0K)->39813.6K(65536.0K)]
 [Times: user=0.04 sys=0.01, real=0.01 secs] 
2026-06-17T09:49:06.008+0800: 28.209: [GC pause (G1 Evacuation Pause) (young), 0.0182623 secs]
   [Parallel Time: 11.7 ms, GC Workers: 18]
      [GC Worker Start (ms): Min: 28209.5, Avg: 28211.7, Max: 28219.8, Diff: 10.4]
      [Ext Root Scanning (ms): Min: 0.0, Avg: 0.0, Max: 0.4, Diff: 0.4, Sum: 0.9]
      [Update RS (ms): Min: 0.0, Avg: 0.0, Max: 0.1, Diff: 0.1, Sum: 0.3]
         [Processed Buffers: Min: 0, Avg: 0.3, Max: 2, Diff: 2, Sum: 5]
      [Scan RS (ms): Min: 0.0, Avg: 0.0, Max: 0.0, Diff: 0.0, Sum: 0.0]
      [Code Root Scanning (ms): Min: 0.0, Avg: 0.0, Max: 0.0, Diff: 0.0, Sum: 0.0]
      [Object Copy (ms): Min: 0.0, Avg: 0.0, Max: 0.2, Diff: 0.2, Sum: 0.9]
      [Termination (ms): Min: 0.0, Avg: 8.1, Max: 9.9, Diff: 9.9, Sum: 145.2]
         [Termination Attempts: Min: 1, Avg: 1.0, Max: 1, Diff: 0, Sum: 18]
      [GC Worker Other (ms): Min: 0.0, Avg: 0.0, Max: 0.0, Diff: 0.0, Sum: 0.1]
      [GC Worker Total (ms): Min: 0.0, Avg: 8.2, Max: 10.4, Diff: 10.4, Sum: 147.4]
      [GC Worker End (ms): Min: 28219.8, Avg: 28219.9, Max: 28220.0, Diff: 0.2]
   [Code Root Fixup: 0.0 ms]
   [Code Root Purge: 0.0 ms]
   [Clear CT: 1.3 ms]
   [Other: 5.3 ms]
      [Choose CSet: 0.0 ms]
      [Ref Proc: 4.5 ms]
      [Ref Enq: 0.0 ms]
      [Redirty Cards: 0.7 ms]
      [Humongous Register: 0.0 ms]
      [Humongous Reclaim: 0.0 ms]
      [Free CSet: 0.0 ms]
   [Eden: 8192.0K(8192.0K)->0.0B(6144.0K) Survivors: 1024.0K->2048.0K Heap: 48005.6K(65536.0K)->44636.6K(65536.0K)]
 [Times: user=0.18 sys=0.00, real=0.02 secs] 
2026-06-17T09:49:06.038+0800: 28.240: [GC pause (G1 Evacuation Pause) (young) (initial-mark), 0.0227430 secs]
   [Parallel Time: 13.5 ms, GC Workers: 18]
      [GC Worker Start (ms): Min: 28239.6, Avg: 28240.3, Max: 28240.8, Diff: 1.2]
      [Ext Root Scanning (ms): Min: 0.0, Avg: 2.6, Max: 9.7, Diff: 9.7, Sum: 46.4]
      [Update RS (ms): Min: 0.0, Avg: 0.0, Max: 0.0, Diff: 0.0, Sum: 0.0]
         [Processed Buffers: Min: 0, Avg: 0.1, Max: 2, Diff: 2, Sum: 2]
      [Scan RS (ms): Min: 0.0, Avg: 0.0, Max: 0.0, Diff: 0.0, Sum: 0.0]
      [Code Root Scanning (ms): Min: 0.0, Avg: 0.0, Max: 0.0, Diff: 0.0, Sum: 0.0]
      [Object Copy (ms): Min: 0.0, Avg: 0.0, Max: 0.2, Diff: 0.2, Sum: 0.5]
      [Termination (ms): Min: 0.0, Avg: 7.8, Max: 9.9, Diff: 9.9, Sum: 140.6]
         [Termination Attempts: Min: 1, Avg: 1.0, Max: 1, Diff: 0, Sum: 18]
      [GC Worker Other (ms): Min: 0.0, Avg: 0.0, Max: 0.0, Diff: 0.0, Sum: 0.2]
      [GC Worker Total (ms): Min: 9.7, Avg: 10.4, Max: 11.2, Diff: 1.5, Sum: 187.7]
      [GC Worker End (ms): Min: 28250.5, Avg: 28250.8, Max: 28251.2, Diff: 0.7]
   [Code Root Fixup: 0.0 ms]
   [Code Root Purge: 0.0 ms]
   [Clear CT: 1.8 ms]
   [Other: 7.5 ms]
      [Choose CSet: 0.0 ms]
      [Ref Proc: 6.8 ms]
      [Ref Enq: 0.0 ms]
      [Redirty Cards: 0.6 ms]
      [Humongous Register: 0.0 ms]
      [Humongous Reclaim: 0.0 ms]
      [Free CSet: 0.0 ms]
   [Eden: 6144.0K(6144.0K)->0.0B(5120.0K) Survivors: 2048.0K->1024.0K Heap: 50780.6K(65536.0K)->45692.6K(65536.0K)]
 [Times: user=0.21 sys=0.01, real=0.02 secs] 
2026-06-17T09:49:06.062+0800: 28.264: [GC concurrent-root-region-scan-start]
2026-06-17T09:49:06.062+0800: 28.264: [GC concurrent-root-region-scan-end, 0.0002220 secs]
2026-06-17T09:49:06.062+0800: 28.264: [GC concurrent-mark-start]
2026-06-17T09:49:06.063+0800: 28.264: [GC concurrent-mark-end, 0.0002590 secs]
2026-06-17T09:49:06.063+0800: 28.264: [GC remark 2026-06-17T09:49:06.064+0800: 28.265: [Finalize Marking, 0.0080597 secs] 2026-06-17T09:49:06.072+0800: 28.273: [GC ref-proc, 0.0005151 secs] 2026-06-17T09:49:06.073+0800: 28.274: [Unloading, 0.0013774 secs], 0.0124315 secs]
 [Times: user=0.08 sys=0.00, real=0.01 secs] 
2026-06-17T09:49:06.076+0800: 28.277: [GC cleanup 46689K->44641K(65536K), 0.0029922 secs]
 [Times: user=0.00 sys=0.00, real=0.00 secs] 
2026-06-17T09:49:06.081+0800: 28.282: [GC concurrent-cleanup-start]
2026-06-17T09:49:06.081+0800: 28.282: [GC concurrent-cleanup-end, 0.0000122 secs]
2026-06-17T09:49:06.091+0800: 28.292: [GC pause (G1 Evacuation Pause) (young), 0.0179109 secs]
   [Parallel Time: 10.2 ms, GC Workers: 18]
      [GC Worker Start (ms): Min: 28292.6, Avg: 28294.7, Max: 28300.5, Diff: 7.9]
      [Ext Root Scanning (ms): Min: 0.0, Avg: 0.0, Max: 0.2, Diff: 0.2, Sum: 0.5]
      [Update RS (ms): Min: 0.0, Avg: 0.0, Max: 0.0, Diff: 0.0, Sum: 0.0]
         [Processed Buffers: Min: 0, Avg: 0.1, Max: 1, Diff: 1, Sum: 2]
      [Scan RS (ms): Min: 0.0, Avg: 0.0, Max: 0.0, Diff: 0.0, Sum: 0.0]
      [Code Root Scanning (ms): Min: 0.0, Avg: 0.0, Max: 0.0, Diff: 0.0, Sum: 0.0]
      [Object Copy (ms): Min: 0.0, Avg: 0.0, Max: 0.1, Diff: 0.1, Sum: 0.4]
      [Termination (ms): Min: 0.0, Avg: 6.0, Max: 8.4, Diff: 8.4, Sum: 108.0]
         [Termination Attempts: Min: 1, Avg: 1.0, Max: 1, Diff: 0, Sum: 18]
      [GC Worker Other (ms): Min: 0.0, Avg: 0.0, Max: 0.0, Diff: 0.0, Sum: 0.2]
      [GC Worker Total (ms): Min: 0.0, Avg: 6.1, Max: 8.4, Diff: 8.4, Sum: 109.2]
      [GC Worker End (ms): Min: 28300.5, Avg: 28300.8, Max: 28301.6, Diff: 1.1]
   [Code Root Fixup: 0.0 ms]
   [Code Root Purge: 0.0 ms]
   [Clear CT: 1.2 ms]
   [Other: 6.4 ms]
      [Choose CSet: 0.0 ms]
      [Ref Proc: 5.7 ms]
      [Ref Enq: 0.0 ms]
      [Redirty Cards: 0.6 ms]
      [Humongous Register: 0.0 ms]
      [Humongous Reclaim: 0.0 ms]
      [Free CSet: 0.0 ms]
   [Eden: 5120.0K(5120.0K)->0.0B(2048.0K) Survivors: 1024.0K->1024.0K Heap: 48764.6K(65536.0K)->45368.6K(65536.0K)]
 [Times: user=0.16 sys=0.01, real=0.01 secs] 
2026-06-17T09:49:06.120+0800: 28.322: [GC pause (G1 Evacuation Pause) (mixed), 0.0147211 secs]
   [Parallel Time: 8.0 ms, GC Workers: 18]
      [GC Worker Start (ms): Min: 28321.9, Avg: 28323.5, Max: 28327.7, Diff: 5.8]
      [Ext Root Scanning (ms): Min: 0.0, Avg: 0.1, Max: 0.3, Diff: 0.3, Sum: 1.0]
      [Update RS (ms): Min: 0.0, Avg: 0.0, Max: 0.0, Diff: 0.0, Sum: 0.0]
         [Processed Buffers: Min: 0, Avg: 0.1, Max: 1, Diff: 1, Sum: 2]
      [Scan RS (ms): Min: 0.0, Avg: 0.0, Max: 0.0, Diff: 0.0, Sum: 0.1]
      [Code Root Scanning (ms): Min: 0.0, Avg: 0.0, Max: 0.0, Diff: 0.0, Sum: 0.0]
      [Object Copy (ms): Min: 0.0, Avg: 0.0, Max: 0.1, Diff: 0.1, Sum: 0.4]
      [Termination (ms): Min: 0.0, Avg: 4.5, Max: 6.2, Diff: 6.2, Sum: 81.0]
         [Termination Attempts: Min: 1, Avg: 1.0, Max: 1, Diff: 0, Sum: 18]
      [GC Worker Other (ms): Min: 0.0, Avg: 0.0, Max: 0.0, Diff: 0.0, Sum: 0.2]
      [GC Worker Total (ms): Min: 0.1, Avg: 4.6, Max: 6.5, Diff: 6.4, Sum: 82.8]
      [GC Worker End (ms): Min: 28327.8, Avg: 28328.1, Max: 28328.4, Diff: 0.6]
   [Code Root Fixup: 0.0 ms]
   [Code Root Purge: 0.0 ms]
   [Clear CT: 1.7 ms]
   [Other: 5.0 ms]
      [Choose CSet: 0.0 ms]
      [Ref Proc: 4.3 ms]
      [Ref Enq: 0.0 ms]
      [Redirty Cards: 0.7 ms]
      [Humongous Register: 0.0 ms]
      [Humongous Reclaim: 0.0 ms]
      [Free CSet: 0.0 ms]
   [Eden: 2048.0K(2048.0K)->0.0B(2048.0K) Survivors: 1024.0K->1024.0K Heap: 47416.6K(65536.0K)->39230.0K(65536.0K)]
 [Times: user=0.11 sys=0.00, real=0.02 secs] 
2026-06-17T09:49:06.137+0800: 28.338: [GC pause (G1 Evacuation Pause) (mixed), 0.0111147 secs]
   [Parallel Time: 4.4 ms, GC Workers: 18]
      [GC Worker Start (ms): Min: 28337.8, Avg: 28339.1, Max: 28340.6, Diff: 2.8]
      [Ext Root Scanning (ms): Min: 0.0, Avg: 0.0, Max: 0.1, Diff: 0.1, Sum: 0.4]
      [Update RS (ms): Min: 0.0, Avg: 0.0, Max: 0.0, Diff: 0.0, Sum: 0.0]
         [Processed Buffers: Min: 0, Avg: 0.3, Max: 3, Diff: 3, Sum: 6]
      [Scan RS (ms): Min: 0.0, Avg: 0.0, Max: 0.0, Diff: 0.0, Sum: 0.0]
      [Code Root Scanning (ms): Min: 0.0, Avg: 0.0, Max: 0.0, Diff: 0.0, Sum: 0.0]
      [Object Copy (ms): Min: 0.0, Avg: 0.0, Max: 0.2, Diff: 0.2, Sum: 0.7]
      [Termination (ms): Min: 0.0, Avg: 1.7, Max: 3.0, Diff: 3.0, Sum: 30.1]
         [Termination Attempts: Min: 1, Avg: 1.0, Max: 1, Diff: 0, Sum: 18]
      [GC Worker Other (ms): Min: 0.0, Avg: 0.0, Max: 0.0, Diff: 0.0, Sum: 0.2]
      [GC Worker Total (ms): Min: 0.0, Avg: 1.7, Max: 3.2, Diff: 3.2, Sum: 31.5]
      [GC Worker End (ms): Min: 28340.6, Avg: 28340.8, Max: 28341.2, Diff: 0.5]
   [Code Root Fixup: 0.0 ms]
   [Code Root Purge: 0.0 ms]
   [Clear CT: 0.5 ms]
   [Other: 6.2 ms]
      [Choose CSet: 0.0 ms]
      [Ref Proc: 5.6 ms]
      [Ref Enq: 0.0 ms]
      [Redirty Cards: 0.5 ms]
      [Humongous Register: 0.0 ms]
      [Humongous Reclaim: 0.0 ms]
      [Free CSet: 0.0 ms]
   [Eden: 2048.0K(2048.0K)->0.0B(2048.0K) Survivors: 1024.0K->1024.0K Heap: 41278.0K(65536.0K)->37992.6K(65536.0K)]
 [Times: user=0.09 sys=0.00, real=0.01 secs] 
2026-06-17T09:49:06.149+0800: 28.350: [GC pause (G1 Evacuation Pause) (mixed), 0.0056150 secs]
   [Parallel Time: 2.1 ms, GC Workers: 18]
      [GC Worker Start (ms): Min: 28350.1, Avg: 28350.9, Max: 28351.7, Diff: 1.6]
      [Ext Root Scanning (ms): Min: 0.0, Avg: 0.0, Max: 0.1, Diff: 0.1, Sum: 0.3]
      [Update RS (ms): Min: 0.0, Avg: 0.0, Max: 0.0, Diff: 0.0, Sum: 0.0]
         [Processed Buffers: Min: 0, Avg: 0.3, Max: 3, Diff: 3, Sum: 6]
      [Scan RS (ms): Min: 0.0, Avg: 0.0, Max: 0.0, Diff: 0.0, Sum: 0.0]
      [Code Root Scanning (ms): Min: 0.0, Avg: 0.0, Max: 0.0, Diff: 0.0, Sum: 0.0]
      [Object Copy (ms): Min: 0.0, Avg: 0.0, Max: 0.2, Diff: 0.2, Sum: 0.7]
      [Termination (ms): Min: 0.0, Avg: 0.8, Max: 1.4, Diff: 1.4, Sum: 14.0]
         [Termination Attempts: Min: 1, Avg: 1.0, Max: 1, Diff: 0, Sum: 18]
      [GC Worker Other (ms): Min: 0.0, Avg: 0.0, Max: 0.0, Diff: 0.0, Sum: 0.1]
      [GC Worker Total (ms): Min: 0.0, Avg: 0.8, Max: 1.8, Diff: 1.7, Sum: 15.1]
      [GC Worker End (ms): Min: 28351.7, Avg: 28351.8, Max: 28351.9, Diff: 0.1]
   [Code Root Fixup: 0.0 ms]
   [Code Root Purge: 0.0 ms]
   [Clear CT: 0.8 ms]
   [Other: 2.7 ms]
      [Choose CSet: 0.0 ms]
      [Ref Proc: 2.1 ms]
      [Ref Enq: 0.0 ms]
      [Redirty Cards: 0.6 ms]
      [Humongous Register: 0.0 ms]
      [Humongous Reclaim: 0.0 ms]
      [Free CSet: 0.0 ms]
   [Eden: 2048.0K(2048.0K)->0.0B(2048.0K) Survivors: 1024.0K->1024.0K Heap: 40040.6K(65536.0K)->35601.7K(65536.0K)]
 [Times: user=0.03 sys=0.00, real=0.01 secs] 
2026-06-17T09:49:06.166+0800: 28.367: [GC pause (G1 Evacuation Pause) (mixed), 0.0151207 secs]
   [Parallel Time: 10.4 ms, GC Workers: 18]
      [GC Worker Start (ms): Min: 28366.9, Avg: 28368.5, Max: 28375.2, Diff: 8.3]
      [Ext Root Scanning (ms): Min: 0.0, Avg: 0.0, Max: 0.2, Diff: 0.2, Sum: 0.5]
      [Update RS (ms): Min: 0.0, Avg: 0.0, Max: 0.0, Diff: 0.0, Sum: 0.0]
         [Processed Buffers: Min: 0, Avg: 0.3, Max: 2, Diff: 2, Sum: 5]
      [Scan RS (ms): Min: 0.0, Avg: 0.0, Max: 0.0, Diff: 0.0, Sum: 0.1]
      [Code Root Scanning (ms): Min: 0.0, Avg: 0.0, Max: 0.0, Diff: 0.0, Sum: 0.0]
      [Object Copy (ms): Min: 0.0, Avg: 0.0, Max: 0.2, Diff: 0.2, Sum: 0.5]
      [Termination (ms): Min: 0.0, Avg: 6.8, Max: 8.5, Diff: 8.5, Sum: 122.7]
         [Termination Attempts: Min: 1, Avg: 1.0, Max: 1, Diff: 0, Sum: 18]
      [GC Worker Other (ms): Min: 0.0, Avg: 0.0, Max: 0.4, Diff: 0.4, Sum: 0.6]
      [GC Worker Total (ms): Min: 0.0, Avg: 6.9, Max: 8.8, Diff: 8.8, Sum: 124.4]
      [GC Worker End (ms): Min: 28375.2, Avg: 28375.4, Max: 28375.7, Diff: 0.5]
   [Code Root Fixup: 0.0 ms]
   [Code Root Purge: 0.0 ms]
   [Clear CT: 0.7 ms]
   [Other: 4.0 ms]
      [Choose CSet: 0.0 ms]
      [Ref Proc: 3.3 ms]
      [Ref Enq: 0.0 ms]
      [Redirty Cards: 0.6 ms]
      [Humongous Register: 0.0 ms]
      [Humongous Reclaim: 0.0 ms]
      [Free CSet: 0.0 ms]
   [Eden: 2048.0K(2048.0K)->0.0B(12288.0K) Survivors: 1024.0K->1024.0K Heap: 37649.7K(65536.0K)->35637.6K(65536.0K)]
 [Times: user=0.14 sys=0.01, real=0.01 secs] 
2026-06-17T09:49:06.192+0800: 28.394: [GC pause (G1 Humongous Allocation) (young) (initial-mark), 0.0132847 secs]
   [Parallel Time: 6.5 ms, GC Workers: 18]
      [GC Worker Start (ms): Min: 28393.8, Avg: 28394.2, Max: 28394.4, Diff: 0.7]
      [Ext Root Scanning (ms): Min: 0.0, Avg: 1.7, Max: 4.3, Diff: 4.2, Sum: 29.9]
      [Update RS (ms): Min: 0.0, Avg: 0.0, Max: 0.1, Diff: 0.1, Sum: 0.2]
         [Processed Buffers: Min: 0, Avg: 0.3, Max: 4, Diff: 4, Sum: 5]
      [Scan RS (ms): Min: 0.0, Avg: 0.0, Max: 0.0, Diff: 0.0, Sum: 0.0]
      [Code Root Scanning (ms): Min: 0.0, Avg: 0.0, Max: 0.0, Diff: 0.0, Sum: 0.0]
      [Object Copy (ms): Min: 0.0, Avg: 0.0, Max: 0.1, Diff: 0.1, Sum: 0.2]
      [Termination (ms): Min: 0.0, Avg: 3.1, Max: 4.6, Diff: 4.6, Sum: 55.1]
         [Termination Attempts: Min: 1, Avg: 1.0, Max: 1, Diff: 0, Sum: 18]
      [GC Worker Other (ms): Min: 0.0, Avg: 0.0, Max: 0.0, Diff: 0.0, Sum: 0.2]
      [GC Worker Total (ms): Min: 4.3, Avg: 4.8, Max: 5.5, Diff: 1.2, Sum: 85.6]
      [GC Worker End (ms): Min: 28398.7, Avg: 28398.9, Max: 28399.5, Diff: 0.8]
   [Code Root Fixup: 0.0 ms]
   [Code Root Purge: 0.0 ms]
   [Clear CT: 0.9 ms]
   [Other: 5.9 ms]
      [Choose CSet: 0.0 ms]
      [Ref Proc: 5.4 ms]
      [Ref Enq: 0.0 ms]
      [Redirty Cards: 0.5 ms]
      [Humongous Register: 0.0 ms]
      [Humongous Reclaim: 0.0 ms]
      [Free CSet: 0.0 ms]
   [Eden: 6144.0K(12288.0K)->0.0B(13312.0K) Survivors: 1024.0K->1024.0K Heap: 41751.1K(65536.0K)->35629.7K(65536.0K)]
 [Times: user=0.11 sys=0.00, real=0.01 secs] 
2026-06-17T09:49:06.207+0800: 28.409: [GC concurrent-root-region-scan-start]
2026-06-17T09:49:06.208+0800: 28.409: [GC concurrent-root-region-scan-end, 0.0002591 secs]
2026-06-17T09:49:06.208+0800: 28.409: [GC concurrent-mark-start]
2026-06-17T09:49:06.208+0800: 28.409: [GC concurrent-mark-end, 0.0004675 secs]
2026-06-17T09:49:06.208+0800: 28.409: [GC remark 2026-06-17T09:49:06.209+0800: 28.410: [Finalize Marking, 0.0031457 secs] 2026-06-17T09:49:06.213+0800: 28.414: [GC ref-proc, 0.0006728 secs] 2026-06-17T09:49:06.214+0800: 28.415: [Unloading, 0.0012537 secs], 0.0079949 secs]
 [Times: user=0.01 sys=0.00, real=0.01 secs] 
2026-06-17T09:49:06.217+0800: 28.418: [GC cleanup 36729K->31609K(65536K), 0.0024977 secs]
 [Times: user=0.00 sys=0.00, real=0.00 secs] 
2026-06-17T09:49:06.221+0800: 28.422: [GC concurrent-cleanup-start]
2026-06-17T09:49:06.221+0800: 28.422: [GC concurrent-cleanup-end, 0.0000075 secs]
2026-06-17T09:49:06.252+0800: 28.454: [GC pause (G1 Evacuation Pause) (young), 0.0453222 secs]
   [Parallel Time: 38.6 ms, GC Workers: 18]
      [GC Worker Start (ms): Min: 28453.9, Avg: 28473.5, Max: 28491.2, Diff: 37.4]
      [Ext Root Scanning (ms): Min: 0.0, Avg: 0.0, Max: 0.5, Diff: 0.5, Sum: 0.7]
      [Update RS (ms): Min: 0.0, Avg: 0.0, Max: 0.0, Diff: 0.0, Sum: 0.0]
         [Processed Buffers: Min: 0, Avg: 0.1, Max: 1, Diff: 1, Sum: 2]
      [Scan RS (ms): Min: 0.0, Avg: 0.0, Max: 0.0, Diff: 0.0, Sum: 0.0]
      [Code Root Scanning (ms): Min: 0.0, Avg: 0.0, Max: 0.0, Diff: 0.0, Sum: 0.0]
      [Object Copy (ms): Min: 0.0, Avg: 0.1, Max: 0.5, Diff: 0.5, Sum: 1.0]
      [Termination (ms): Min: 0.0, Avg: 17.8, Max: 36.6, Diff: 36.6, Sum: 320.1]
         [Termination Attempts: Min: 1, Avg: 1.0, Max: 1, Diff: 0, Sum: 18]
      [GC Worker Other (ms): Min: 0.0, Avg: 0.0, Max: 0.0, Diff: 0.0, Sum: 0.1]
      [GC Worker Total (ms): Min: 0.0, Avg: 17.9, Max: 37.6, Diff: 37.5, Sum: 322.0]
      [GC Worker End (ms): Min: 28491.3, Avg: 28491.4, Max: 28491.6, Diff: 0.4]
   [Code Root Fixup: 0.0 ms]
   [Code Root Purge: 0.0 ms]
   [Clear CT: 0.7 ms]
   [Other: 6.0 ms]
      [Choose CSet: 0.0 ms]
      [Ref Proc: 5.4 ms]
      [Ref Enq: 0.0 ms]
      [Redirty Cards: 0.5 ms]
      [Humongous Register: 0.0 ms]
      [Humongous Reclaim: 0.0 ms]
      [Free CSet: 0.0 ms]
   [Eden: 13312.0K(13312.0K)->0.0B(1024.0K) Survivors: 1024.0K->2048.0K Heap: 44921.7K(65536.0K)->34462.6K(65536.0K)]
 [Times: user=0.37 sys=0.00, real=0.04 secs] 
2026-06-17T09:49:06.302+0800: 28.503: [GC pause (G1 Evacuation Pause) (mixed), 0.0206289 secs]
   [Parallel Time: 14.1 ms, GC Workers: 18]
      [GC Worker Start (ms): Min: 28503.0, Avg: 28508.7, Max: 28515.8, Diff: 12.9]
      [Ext Root Scanning (ms): Min: 0.0, Avg: 0.0, Max: 0.2, Diff: 0.2, Sum: 0.5]
      [Update RS (ms): Min: 0.0, Avg: 0.0, Max: 0.0, Diff: 0.0, Sum: 0.0]
         [Processed Buffers: Min: 0, Avg: 0.1, Max: 1, Diff: 1, Sum: 2]
      [Scan RS (ms): Min: 0.0, Avg: 0.0, Max: 0.0, Diff: 0.0, Sum: 0.0]
      [Code Root Scanning (ms): Min: 0.0, Avg: 0.0, Max: 0.0, Diff: 0.0, Sum: 0.0]
      [Object Copy (ms): Min: 0.0, Avg: 0.1, Max: 0.9, Diff: 0.9, Sum: 1.7]
      [Termination (ms): Min: 0.0, Avg: 7.1, Max: 12.7, Diff: 12.7, Sum: 128.6]
         [Termination Attempts: Min: 1, Avg: 1.0, Max: 1, Diff: 0, Sum: 18]
      [GC Worker Other (ms): Min: 0.0, Avg: 0.0, Max: 0.0, Diff: 0.0, Sum: 0.1]
      [GC Worker Total (ms): Min: 0.0, Avg: 7.3, Max: 13.0, Diff: 13.0, Sum: 130.9]
      [GC Worker End (ms): Min: 28515.8, Avg: 28515.9, Max: 28516.1, Diff: 0.2]
   [Code Root Fixup: 0.0 ms]
   [Code Root Purge: 0.0 ms]
   [Clear CT: 0.6 ms]
   [Other: 6.0 ms]
      [Choose CSet: 0.0 ms]
      [Ref Proc: 5.5 ms]
      [Ref Enq: 0.0 ms]
      [Redirty Cards: 0.5 ms]
      [Humongous Register: 0.0 ms]
      [Humongous Reclaim: 0.0 ms]
      [Free CSet: 0.0 ms]
   [Eden: 1024.0K(1024.0K)->0.0B(2048.0K) Survivors: 2048.0K->1024.0K Heap: 35486.6K(65536.0K)->32432.1K(65536.0K)]
 [Times: user=0.18 sys=0.00, real=0.03 secs] 
2026-06-17T09:49:06.324+0800: 28.525: [GC pause (G1 Evacuation Pause) (mixed), 0.0125140 secs]
   [Parallel Time: 6.0 ms, GC Workers: 18]
      [GC Worker Start (ms): Min: 28524.9, Avg: 28527.1, Max: 28530.4, Diff: 5.5]
      [Ext Root Scanning (ms): Min: 0.0, Avg: 0.0, Max: 0.2, Diff: 0.1, Sum: 0.3]
      [Update RS (ms): Min: 0.0, Avg: 0.0, Max: 0.0, Diff: 0.0, Sum: 0.0]
         [Processed Buffers: Min: 0, Avg: 0.3, Max: 3, Diff: 3, Sum: 6]
      [Scan RS (ms): Min: 0.0, Avg: 0.0, Max: 0.0, Diff: 0.0, Sum: 0.0]
      [Code Root Scanning (ms): Min: 0.0, Avg: 0.0, Max: 0.0, Diff: 0.0, Sum: 0.0]
      [Object Copy (ms): Min: 0.0, Avg: 0.1, Max: 0.3, Diff: 0.3, Sum: 0.9]
      [Termination (ms): Min: 0.0, Avg: 3.3, Max: 5.3, Diff: 5.3, Sum: 59.9]
         [Termination Attempts: Min: 1, Avg: 1.0, Max: 1, Diff: 0, Sum: 18]
      [GC Worker Other (ms): Min: 0.0, Avg: 0.0, Max: 0.0, Diff: 0.0, Sum: 0.1]
      [GC Worker Total (ms): Min: 0.0, Avg: 3.4, Max: 5.7, Diff: 5.7, Sum: 61.3]
      [GC Worker End (ms): Min: 28530.4, Avg: 28530.5, Max: 28530.6, Diff: 0.2]
   [Code Root Fixup: 0.0 ms]
   [Code Root Purge: 0.0 ms]
   [Clear CT: 0.5 ms]
   [Other: 6.0 ms]
      [Choose CSet: 0.0 ms]
      [Ref Proc: 5.4 ms]
      [Ref Enq: 0.0 ms]
      [Redirty Cards: 0.5 ms]
      [Humongous Register: 0.0 ms]
      [Humongous Reclaim: 0.0 ms]
      [Free CSet: 0.0 ms]
   [Eden: 2048.0K(2048.0K)->0.0B(2048.0K) Survivors: 1024.0K->1024.0K Heap: 34480.1K(65536.0K)->31906.6K(65536.0K)]
 [Times: user=0.13 sys=0.00, real=0.01 secs] 
2026-06-17T09:49:06.348+0800: 28.549: [GC pause (G1 Evacuation Pause) (mixed), 0.0110301 secs]
   [Parallel Time: 8.1 ms, GC Workers: 18]
      [GC Worker Start (ms): Min: 28549.0, Avg: 28550.4, Max: 28556.1, Diff: 7.2]
      [Ext Root Scanning (ms): Min: 0.0, Avg: 0.0, Max: 0.2, Diff: 0.2, Sum: 0.5]
      [Update RS (ms): Min: 0.0, Avg: 0.0, Max: 0.0, Diff: 0.0, Sum: 0.1]
         [Processed Buffers: Min: 0, Avg: 0.3, Max: 2, Diff: 2, Sum: 5]
      [Scan RS (ms): Min: 0.0, Avg: 0.0, Max: 0.1, Diff: 0.1, Sum: 0.1]
      [Code Root Scanning (ms): Min: 0.0, Avg: 0.0, Max: 0.0, Diff: 0.0, Sum: 0.0]
      [Object Copy (ms): Min: 0.0, Avg: 0.0, Max: 0.1, Diff: 0.1, Sum: 0.5]
      [Termination (ms): Min: 0.0, Avg: 5.7, Max: 7.0, Diff: 7.0, Sum: 102.9]
         [Termination Attempts: Min: 1, Avg: 1.1, Max: 2, Diff: 1, Sum: 19]
      [GC Worker Other (ms): Min: 0.0, Avg: 0.0, Max: 0.0, Diff: 0.0, Sum: 0.1]
      [GC Worker Total (ms): Min: 0.0, Avg: 5.8, Max: 7.3, Diff: 7.3, Sum: 104.1]
      [GC Worker End (ms): Min: 28556.2, Avg: 28556.2, Max: 28556.3, Diff: 0.2]
   [Code Root Fixup: 0.0 ms]
   [Code Root Purge: 0.0 ms]
   [Clear CT: 0.6 ms]
   [Other: 2.3 ms]
      [Choose CSet: 0.0 ms]
      [Ref Proc: 1.7 ms]
      [Ref Enq: 0.0 ms]
      [Redirty Cards: 0.6 ms]
      [Humongous Register: 0.0 ms]
      [Humongous Reclaim: 0.0 ms]
      [Free CSet: 0.0 ms]
   [Eden: 2048.0K(2048.0K)->0.0B(14336.0K) Survivors: 1024.0K->1024.0K Heap: 33954.6K(65536.0K)->32985.6K(65536.0K)]
 [Times: user=0.11 sys=0.00, real=0.01 secs] 
2026-06-17T09:49:06.391+0800: 28.593: [GC pause (G1 Evacuation Pause) (young), 0.0185488 secs]
   [Parallel Time: 10.9 ms, GC Workers: 18]
      [GC Worker Start (ms): Min: 28592.6, Avg: 28594.7, Max: 28600.7, Diff: 8.1]
      [Ext Root Scanning (ms): Min: 0.0, Avg: 0.0, Max: 0.3, Diff: 0.3, Sum: 0.5]
      [Update RS (ms): Min: 0.0, Avg: 0.0, Max: 0.1, Diff: 0.1, Sum: 0.3]
         [Processed Buffers: Min: 0, Avg: 0.4, Max: 3, Diff: 3, Sum: 7]
      [Scan RS (ms): Min: 0.0, Avg: 0.0, Max: 0.0, Diff: 0.0, Sum: 0.0]
      [Code Root Scanning (ms): Min: 0.0, Avg: 0.0, Max: 0.0, Diff: 0.0, Sum: 0.0]
      [Object Copy (ms): Min: 0.0, Avg: 0.1, Max: 0.4, Diff: 0.4, Sum: 1.5]
      [Termination (ms): Min: 0.0, Avg: 6.2, Max: 8.1, Diff: 8.1, Sum: 112.2]
         [Termination Attempts: Min: 1, Avg: 1.0, Max: 1, Diff: 0, Sum: 18]
      [GC Worker Other (ms): Min: 0.0, Avg: 0.0, Max: 0.0, Diff: 0.0, Sum: 0.2]
      [GC Worker Total (ms): Min: 0.0, Avg: 6.4, Max: 8.8, Diff: 8.8, Sum: 114.7]
      [GC Worker End (ms): Min: 28600.7, Avg: 28601.1, Max: 28601.5, Diff: 0.7]
   [Code Root Fixup: 0.0 ms]
   [Code Root Purge: 0.0 ms]
   [Clear CT: 1.6 ms]
   [Other: 6.1 ms]
      [Choose CSet: 0.0 ms]
      [Ref Proc: 5.3 ms]
      [Ref Enq: 0.0 ms]
      [Redirty Cards: 0.7 ms]
      [Humongous Register: 0.0 ms]
      [Humongous Reclaim: 0.0 ms]
      [Free CSet: 0.0 ms]
   [Eden: 14336.0K(14336.0K)->0.0B(8192.0K) Survivors: 1024.0K->2048.0K Heap: 47321.6K(65536.0K)->40247.6K(65536.0K)]
 [Times: user=0.14 sys=0.01, real=0.02 secs] 
2026-06-17T09:49:06.432+0800: 28.634: [GC pause (G1 Evacuation Pause) (young) (initial-mark), 0.0193557 secs]
   [Parallel Time: 10.7 ms, GC Workers: 18]
      [GC Worker Start (ms): Min: 28633.9, Avg: 28634.9, Max: 28635.9, Diff: 2.0]
      [Ext Root Scanning (ms): Min: 0.0, Avg: 3.0, Max: 7.7, Diff: 7.7, Sum: 54.8]
      [Update RS (ms): Min: 0.0, Avg: 0.0, Max: 0.0, Diff: 0.0, Sum: 0.1]
         [Processed Buffers: Min: 0, Avg: 0.3, Max: 5, Diff: 5, Sum: 5]
      [Scan RS (ms): Min: 0.0, Avg: 0.0, Max: 0.0, Diff: 0.0, Sum: 0.0]
      [Code Root Scanning (ms): Min: 0.0, Avg: 0.0, Max: 0.0, Diff: 0.0, Sum: 0.0]
      [Object Copy (ms): Min: 0.0, Avg: 0.0, Max: 0.4, Diff: 0.4, Sum: 0.7]
      [Termination (ms): Min: 0.0, Avg: 5.8, Max: 7.9, Diff: 7.9, Sum: 104.3]
         [Termination Attempts: Min: 1, Avg: 1.0, Max: 1, Diff: 0, Sum: 18]
      [GC Worker Other (ms): Min: 0.0, Avg: 0.0, Max: 0.0, Diff: 0.0, Sum: 0.2]
      [GC Worker Total (ms): Min: 7.8, Avg: 8.9, Max: 10.4, Diff: 2.7, Sum: 160.1]
      [GC Worker End (ms): Min: 28643.5, Avg: 28643.8, Max: 28644.4, Diff: 0.8]
   [Code Root Fixup: 0.0 ms]
   [Code Root Purge: 0.0 ms]
   [Clear CT: 2.5 ms]
   [Other: 6.2 ms]
      [Choose CSet: 0.0 ms]
      [Ref Proc: 5.3 ms]
      [Ref Enq: 0.0 ms]
      [Redirty Cards: 0.9 ms]
      [Humongous Register: 0.0 ms]
      [Humongous Reclaim: 0.0 ms]
      [Free CSet: 0.0 ms]
   [Eden: 8192.0K(8192.0K)->0.0B(7168.0K) Survivors: 2048.0K->2048.0K Heap: 48439.6K(65536.0K)->41597.7K(65536.0K)]
 [Times: user=0.14 sys=0.01, real=0.02 secs] 
2026-06-17T09:49:06.453+0800: 28.654: [GC concurrent-root-region-scan-start]
2026-06-17T09:49:06.453+0800: 28.654: [GC concurrent-root-region-scan-end, 0.0003120 secs]
2026-06-17T09:49:06.453+0800: 28.654: [GC concurrent-mark-start]
2026-06-17T09:49:06.453+0800: 28.654: [GC concurrent-mark-end, 0.0003070 secs]
2026-06-17T09:49:06.453+0800: 28.655: [GC remark 2026-06-17T09:49:06.454+0800: 28.655: [Finalize Marking, 0.0089519 secs] 2026-06-17T09:49:06.463+0800: 28.664: [GC ref-proc, 0.0008047 secs] 2026-06-17T09:49:06.465+0800: 28.666: [Unloading, 0.0022287 secs], 0.0145375 secs]
 [Times: user=0.10 sys=0.00, real=0.01 secs] 
2026-06-17T09:49:06.469+0800: 28.670: [GC cleanup 44635K->42417K(65536K), 0.0028805 secs]
 [Times: user=0.00 sys=0.00, real=0.01 secs] 
2026-06-17T09:49:06.473+0800: 28.674: [GC concurrent-cleanup-start]
2026-06-17T09:49:06.473+0800: 28.674: [GC concurrent-cleanup-end, 0.0000080 secs]
2026-06-17T09:49:06.484+0800: 28.685: [GC pause (G1 Evacuation Pause) (young), 0.0162199 secs]
   [Parallel Time: 9.7 ms, GC Workers: 18]
      [GC Worker Start (ms): Min: 28684.9, Avg: 28686.4, Max: 28692.0, Diff: 7.0]
      [Ext Root Scanning (ms): Min: 0.0, Avg: 0.0, Max: 0.2, Diff: 0.2, Sum: 0.5]
      [Update RS (ms): Min: 0.0, Avg: 0.0, Max: 0.0, Diff: 0.0, Sum: 0.0]
         [Processed Buffers: Min: 0, Avg: 0.2, Max: 1, Diff: 1, Sum: 3]
      [Scan RS (ms): Min: 0.0, Avg: 0.0, Max: 0.0, Diff: 0.0, Sum: 0.0]
      [Code Root Scanning (ms): Min: 0.0, Avg: 0.0, Max: 0.0, Diff: 0.0, Sum: 0.0]
      [Object Copy (ms): Min: 0.0, Avg: 0.0, Max: 0.1, Diff: 0.1, Sum: 0.5]
      [Termination (ms): Min: 0.0, Avg: 5.7, Max: 7.5, Diff: 7.5, Sum: 103.2]
         [Termination Attempts: Min: 1, Avg: 1.0, Max: 1, Diff: 0, Sum: 18]
      [GC Worker Other (ms): Min: 0.0, Avg: 0.0, Max: 0.0, Diff: 0.0, Sum: 0.2]
      [GC Worker Total (ms): Min: 0.0, Avg: 5.8, Max: 7.5, Diff: 7.5, Sum: 104.5]
      [GC Worker End (ms): Min: 28692.0, Avg: 28692.2, Max: 28692.8, Diff: 0.8]
   [Code Root Fixup: 0.0 ms]
   [Code Root Purge: 0.0 ms]
   [Clear CT: 0.9 ms]
   [Other: 5.6 ms]
      [Choose CSet: 0.0 ms]
      [Ref Proc: 4.9 ms]
      [Ref Enq: 0.0 ms]
      [Redirty Cards: 0.6 ms]
      [Humongous Register: 0.0 ms]
      [Humongous Reclaim: 0.0 ms]
      [Free CSet: 0.0 ms]
   [Eden: 7168.0K(7168.0K)->0.0B(1024.0K) Survivors: 2048.0K->2048.0K Heap: 46548.2K(65536.0K)->41601.6K(65536.0K)]
 [Times: user=0.15 sys=0.00, real=0.01 secs] 
2026-06-17T09:49:06.501+0800: 28.702: [GC pause (G1 Evacuation Pause) (mixed), 0.0114466 secs]
   [Parallel Time: 3.6 ms, GC Workers: 18]
      [GC Worker Start (ms): Min: 28702.3, Avg: 28703.1, Max: 28703.8, Diff: 1.5]
      [Ext Root Scanning (ms): Min: 0.0, Avg: 0.0, Max: 0.1, Diff: 0.1, Sum: 0.3]
      [Update RS (ms): Min: 0.0, Avg: 0.0, Max: 0.0, Diff: 0.0, Sum: 0.1]
         [Processed Buffers: Min: 0, Avg: 0.1, Max: 1, Diff: 1, Sum: 2]
      [Scan RS (ms): Min: 0.0, Avg: 0.0, Max: 0.0, Diff: 0.0, Sum: 0.1]
      [Code Root Scanning (ms): Min: 0.0, Avg: 0.0, Max: 0.0, Diff: 0.0, Sum: 0.0]
      [Object Copy (ms): Min: 0.0, Avg: 0.0, Max: 0.2, Diff: 0.2, Sum: 0.8]
      [Termination (ms): Min: 0.0, Avg: 0.9, Max: 1.8, Diff: 1.8, Sum: 15.9]
         [Termination Attempts: Min: 1, Avg: 1.0, Max: 1, Diff: 0, Sum: 18]
      [GC Worker Other (ms): Min: 0.0, Avg: 0.0, Max: 0.0, Diff: 0.0, Sum: 0.1]
      [GC Worker Total (ms): Min: 0.0, Avg: 1.0, Max: 1.8, Diff: 1.8, Sum: 17.2]
      [GC Worker End (ms): Min: 28703.9, Avg: 28704.0, Max: 28704.6, Diff: 0.7]
   [Code Root Fixup: 0.0 ms]
   [Code Root Purge: 0.0 ms]
   [Clear CT: 0.8 ms]
   [Other: 7.1 ms]
      [Choose CSet: 0.0 ms]
      [Ref Proc: 6.5 ms]
      [Ref Enq: 0.0 ms]
      [Redirty Cards: 0.5 ms]
      [Humongous Register: 0.0 ms]
      [Humongous Reclaim: 0.0 ms]
      [Free CSet: 0.0 ms]
   [Eden: 1024.0K(1024.0K)->0.0B(2048.0K) Survivors: 2048.0K->1024.0K Heap: 42625.6K(65536.0K)->39169.1K(65536.0K)]
 [Times: user=0.09 sys=0.01, real=0.02 secs] 
2026-06-17T09:49:06.524+0800: 28.725: [GC pause (G1 Evacuation Pause) (mixed), 0.0154810 secs]
   [Parallel Time: 9.3 ms, GC Workers: 18]
      [GC Worker Start (ms): Min: 28725.2, Avg: 28726.9, Max: 28731.7, Diff: 6.5]
      [Ext Root Scanning (ms): Min: 0.0, Avg: 0.0, Max: 0.2, Diff: 0.2, Sum: 0.6]
      [Update RS (ms): Min: 0.0, Avg: 0.0, Max: 0.0, Diff: 0.0, Sum: 0.0]
         [Processed Buffers: Min: 0, Avg: 0.3, Max: 3, Diff: 3, Sum: 5]
      [Scan RS (ms): Min: 0.0, Avg: 0.0, Max: 0.0, Diff: 0.0, Sum: 0.1]
      [Code Root Scanning (ms): Min: 0.0, Avg: 0.0, Max: 0.0, Diff: 0.0, Sum: 0.0]
      [Object Copy (ms): Min: 0.0, Avg: 0.1, Max: 0.3, Diff: 0.3, Sum: 1.2]
      [Termination (ms): Min: 0.0, Avg: 4.9, Max: 6.7, Diff: 6.7, Sum: 88.3]
         [Termination Attempts: Min: 1, Avg: 1.1, Max: 2, Diff: 1, Sum: 19]
      [GC Worker Other (ms): Min: 0.0, Avg: 0.0, Max: 0.1, Diff: 0.0, Sum: 0.3]
      [GC Worker Total (ms): Min: 0.1, Avg: 5.0, Max: 6.9, Diff: 6.8, Sum: 90.4]
      [GC Worker End (ms): Min: 28731.7, Avg: 28732.0, Max: 28732.7, Diff: 0.9]
   [Code Root Fixup: 0.0 ms]
   [Code Root Purge: 0.0 ms]
   [Clear CT: 0.8 ms]
   [Other: 5.4 ms]
      [Choose CSet: 0.0 ms]
      [Ref Proc: 4.8 ms]
      [Ref Enq: 0.0 ms]
      [Redirty Cards: 0.6 ms]
      [Humongous Register: 0.0 ms]
      [Humongous Reclaim: 0.0 ms]
      [Free CSet: 0.0 ms]
   [Eden: 2048.0K(2048.0K)->0.0B(2048.0K) Survivors: 1024.0K->1024.0K Heap: 41217.1K(65536.0K)->38495.6K(65536.0K)]
 [Times: user=0.13 sys=0.00, real=0.01 secs] 
2026-06-17T09:49:06.541+0800: 28.742: [GC pause (G1 Evacuation Pause) (mixed), 0.0134762 secs]
   [Parallel Time: 3.6 ms, GC Workers: 18]
      [GC Worker Start (ms): Min: 28742.0, Avg: 28743.1, Max: 28744.4, Diff: 2.4]
      [Ext Root Scanning (ms): Min: 0.0, Avg: 0.0, Max: 0.1, Diff: 0.1, Sum: 0.4]
      [Update RS (ms): Min: 0.0, Avg: 0.0, Max: 0.0, Diff: 0.0, Sum: 0.1]
         [Processed Buffers: Min: 0, Avg: 0.3, Max: 3, Diff: 3, Sum: 6]
      [Scan RS (ms): Min: 0.0, Avg: 0.0, Max: 0.0, Diff: 0.0, Sum: 0.1]
      [Code Root Scanning (ms): Min: 0.0, Avg: 0.0, Max: 0.0, Diff: 0.0, Sum: 0.0]
      [Object Copy (ms): Min: 0.0, Avg: 0.0, Max: 0.2, Diff: 0.2, Sum: 0.6]
      [Termination (ms): Min: 0.0, Avg: 1.4, Max: 2.5, Diff: 2.5, Sum: 25.5]
         [Termination Attempts: Min: 1, Avg: 1.0, Max: 1, Diff: 0, Sum: 18]
      [GC Worker Other (ms): Min: 0.0, Avg: 0.0, Max: 0.0, Diff: 0.0, Sum: 0.1]
      [GC Worker Total (ms): Min: 0.0, Avg: 1.5, Max: 2.7, Diff: 2.7, Sum: 26.8]
      [GC Worker End (ms): Min: 28744.4, Avg: 28744.6, Max: 28745.3, Diff: 0.9]
   [Code Root Fixup: 0.0 ms]
   [Code Root Purge: 0.0 ms]
   [Clear CT: 0.7 ms]
   [Other: 9.2 ms]
      [Choose CSet: 0.0 ms]
      [Ref Proc: 8.6 ms]
      [Ref Enq: 0.0 ms]
      [Redirty Cards: 0.5 ms]
      [Humongous Register: 0.0 ms]
      [Humongous Reclaim: 0.0 ms]
      [Free CSet: 0.0 ms]
   [Eden: 2048.0K(2048.0K)->0.0B(9216.0K) Survivors: 1024.0K->1024.0K Heap: 40543.6K(65536.0K)->38832.6K(65536.0K)]
 [Times: user=0.14 sys=0.00, real=0.02 secs] 
2026-06-17T09:49:06.577+0800: 28.778: [GC pause (G1 Evacuation Pause) (young), 0.0124313 secs]
   [Parallel Time: 5.7 ms, GC Workers: 18]
      [GC Worker Start (ms): Min: 28778.1, Avg: 28779.7, Max: 28781.6, Diff: 3.5]
      [Ext Root Scanning (ms): Min: 0.0, Avg: 0.1, Max: 0.4, Diff: 0.4, Sum: 1.0]
      [Update RS (ms): Min: 0.0, Avg: 0.0, Max: 0.2, Diff: 0.2, Sum: 0.3]
         [Processed Buffers: Min: 0, Avg: 0.3, Max: 2, Diff: 2, Sum: 5]
      [Scan RS (ms): Min: 0.0, Avg: 0.0, Max: 0.0, Diff: 0.0, Sum: 0.0]
      [Code Root Scanning (ms): Min: 0.0, Avg: 0.0, Max: 0.0, Diff: 0.0, Sum: 0.0]
      [Object Copy (ms): Min: 0.0, Avg: 0.1, Max: 0.4, Diff: 0.4, Sum: 1.6]
      [Termination (ms): Min: 0.0, Avg: 1.9, Max: 2.9, Diff: 2.9, Sum: 33.5]
         [Termination Attempts: Min: 1, Avg: 1.0, Max: 1, Diff: 0, Sum: 18]
      [GC Worker Other (ms): Min: 0.0, Avg: 0.0, Max: 0.0, Diff: 0.0, Sum: 0.2]
      [GC Worker Total (ms): Min: 0.0, Avg: 2.0, Max: 3.8, Diff: 3.8, Sum: 36.7]
      [GC Worker End (ms): Min: 28781.6, Avg: 28781.7, Max: 28782.0, Diff: 0.5]
   [Code Root Fixup: 0.0 ms]
   [Code Root Purge: 0.0 ms]
   [Clear CT: 0.9 ms]
   [Other: 5.9 ms]
      [Choose CSet: 0.0 ms]
      [Ref Proc: 4.9 ms]
      [Ref Enq: 0.0 ms]
      [Redirty Cards: 0.9 ms]
      [Humongous Register: 0.0 ms]
      [Humongous Reclaim: 0.0 ms]
      [Free CSet: 0.0 ms]
   [Eden: 9216.0K(9216.0K)->0.0B(5120.0K) Survivors: 1024.0K->2048.0K Heap: 48048.6K(65536.0K)->44517.6K(65536.0K)]
 [Times: user=0.08 sys=0.01, real=0.01 secs] 
2026-06-17T09:49:06.601+0800: 28.802: [GC pause (G1 Evacuation Pause) (young) (initial-mark), 0.0186588 secs]
   [Parallel Time: 11.1 ms, GC Workers: 18]
      [GC Worker Start (ms): Min: 28802.6, Avg: 28803.4, Max: 28803.9, Diff: 1.3]
      [Ext Root Scanning (ms): Min: 0.0, Avg: 2.2, Max: 6.8, Diff: 6.8, Sum: 39.6]
      [Update RS (ms): Min: 0.0, Avg: 0.0, Max: 0.0, Diff: 0.0, Sum: 0.1]
         [Processed Buffers: Min: 0, Avg: 0.2, Max: 4, Diff: 4, Sum: 4]
      [Scan RS (ms): Min: 0.0, Avg: 0.0, Max: 0.0, Diff: 0.0, Sum: 0.0]
      [Code Root Scanning (ms): Min: 0.0, Avg: 0.0, Max: 0.0, Diff: 0.0, Sum: 0.0]
      [Object Copy (ms): Min: 0.0, Avg: 0.0, Max: 0.1, Diff: 0.1, Sum: 0.3]
      [Termination (ms): Min: 0.0, Avg: 5.3, Max: 7.0, Diff: 7.0, Sum: 94.8]
         [Termination Attempts: Min: 1, Avg: 1.1, Max: 2, Diff: 1, Sum: 20]
      [GC Worker Other (ms): Min: 0.0, Avg: 0.0, Max: 0.0, Diff: 0.0, Sum: 0.2]
      [GC Worker Total (ms): Min: 6.8, Avg: 7.5, Max: 8.5, Diff: 1.7, Sum: 135.0]
      [GC Worker End (ms): Min: 28810.7, Avg: 28810.9, Max: 28811.4, Diff: 0.7]
   [Code Root Fixup: 0.0 ms]
   [Code Root Purge: 0.0 ms]
   [Clear CT: 1.8 ms]
   [Other: 5.8 ms]
      [Choose CSet: 0.0 ms]
      [Ref Proc: 5.1 ms]
      [Ref Enq: 0.0 ms]
      [Redirty Cards: 0.7 ms]
      [Humongous Register: 0.0 ms]
      [Humongous Reclaim: 0.0 ms]
      [Free CSet: 0.0 ms]
   [Eden: 5120.0K(5120.0K)->0.0B(6144.0K) Survivors: 2048.0K->1024.0K Heap: 49637.6K(65536.0K)->44052.7K(65536.0K)]
 [Times: user=0.14 sys=0.00, real=0.02 secs] 
2026-06-17T09:49:06.621+0800: 28.822: [GC concurrent-root-region-scan-start]
2026-06-17T09:49:06.621+0800: 28.823: [GC concurrent-root-region-scan-end, 0.0002555 secs]
2026-06-17T09:49:06.621+0800: 28.823: [GC concurrent-mark-start]
2026-06-17T09:49:06.622+0800: 28.823: [GC concurrent-mark-end, 0.0004387 secs]
2026-06-17T09:49:06.622+0800: 28.823: [GC remark 2026-06-17T09:49:06.622+0800: 28.824: [Finalize Marking, 0.0059888 secs] 2026-06-17T09:49:06.629+0800: 28.830: [GC ref-proc, 0.0005333 secs] 2026-06-17T09:49:06.630+0800: 28.831: [Unloading, 0.0016660 secs], 0.0109177 secs]
 [Times: user=0.06 sys=0.00, real=0.02 secs] 
2026-06-17T09:49:06.634+0800: 28.835: [GC cleanup 46803K->38611K(65536K), 0.0028282 secs]
 [Times: user=0.00 sys=0.00, real=0.00 secs] 
2026-06-17T09:49:06.638+0800: 28.839: [GC concurrent-cleanup-start]
2026-06-17T09:49:06.638+0800: 28.839: [GC concurrent-cleanup-end, 0.0000144 secs]
2026-06-17T09:49:06.648+0800: 28.849: [GC pause (G1 Evacuation Pause) (young), 0.0114691 secs]
   [Parallel Time: 6.6 ms, GC Workers: 18]
      [GC Worker Start (ms): Min: 28849.6, Avg: 28851.0, Max: 28854.4, Diff: 4.8]
      [Ext Root Scanning (ms): Min: 0.0, Avg: 0.0, Max: 0.2, Diff: 0.2, Sum: 0.5]
      [Update RS (ms): Min: 0.0, Avg: 0.0, Max: 0.0, Diff: 0.0, Sum: 0.0]
         [Processed Buffers: Min: 0, Avg: 0.2, Max: 1, Diff: 1, Sum: 3]
      [Scan RS (ms): Min: 0.0, Avg: 0.0, Max: 0.0, Diff: 0.0, Sum: 0.0]
      [Code Root Scanning (ms): Min: 0.0, Avg: 0.0, Max: 0.0, Diff: 0.0, Sum: 0.0]
      [Object Copy (ms): Min: 0.0, Avg: 0.0, Max: 0.1, Diff: 0.1, Sum: 0.5]
      [Termination (ms): Min: 0.0, Avg: 3.6, Max: 5.1, Diff: 5.1, Sum: 64.3]
         [Termination Attempts: Min: 1, Avg: 1.1, Max: 2, Diff: 1, Sum: 19]
      [GC Worker Other (ms): Min: 0.0, Avg: 0.0, Max: 0.0, Diff: 0.0, Sum: 0.2]
      [GC Worker Total (ms): Min: 0.0, Avg: 3.6, Max: 5.4, Diff: 5.4, Sum: 65.5]
      [GC Worker End (ms): Min: 28854.4, Avg: 28854.6, Max: 28855.1, Diff: 0.6]
   [Code Root Fixup: 0.0 ms]
   [Code Root Purge: 0.0 ms]
   [Clear CT: 0.8 ms]
   [Other: 4.0 ms]
      [Choose CSet: 0.0 ms]
      [Ref Proc: 3.3 ms]
      [Ref Enq: 0.0 ms]
      [Redirty Cards: 0.7 ms]
      [Humongous Register: 0.0 ms]
      [Humongous Reclaim: 0.0 ms]
      [Free CSet: 0.0 ms]
   [Eden: 6144.0K(6144.0K)->0.0B(2048.0K) Survivors: 1024.0K->1024.0K Heap: 43074.7K(65536.0K)->39497.6K(65536.0K)]
 [Times: user=0.08 sys=0.02, real=0.01 secs] 
2026-06-17T09:49:06.661+0800: 28.862: [GC pause (G1 Evacuation Pause) (mixed), 0.0076866 secs]
   [Parallel Time: 3.5 ms, GC Workers: 18]
      [GC Worker Start (ms): Min: 28862.3, Avg: 28863.6, Max: 28865.1, Diff: 2.8]
      [Ext Root Scanning (ms): Min: 0.0, Avg: 0.0, Max: 0.2, Diff: 0.2, Sum: 0.4]
      [Update RS (ms): Min: 0.0, Avg: 0.0, Max: 0.0, Diff: 0.0, Sum: 0.0]
         [Processed Buffers: Min: 0, Avg: 0.1, Max: 1, Diff: 1, Sum: 2]
      [Scan RS (ms): Min: 0.0, Avg: 0.0, Max: 0.0, Diff: 0.0, Sum: 0.0]
      [Code Root Scanning (ms): Min: 0.0, Avg: 0.0, Max: 0.0, Diff: 0.0, Sum: 0.0]
      [Object Copy (ms): Min: 0.0, Avg: 0.0, Max: 0.2, Diff: 0.2, Sum: 0.8]
      [Termination (ms): Min: 0.0, Avg: 1.6, Max: 2.6, Diff: 2.6, Sum: 28.5]
         [Termination Attempts: Min: 1, Avg: 1.0, Max: 1, Diff: 0, Sum: 18]
      [GC Worker Other (ms): Min: 0.0, Avg: 0.0, Max: 0.0, Diff: 0.0, Sum: 0.1]
      [GC Worker Total (ms): Min: 0.0, Avg: 1.7, Max: 3.0, Diff: 2.9, Sum: 29.9]
      [GC Worker End (ms): Min: 28865.1, Avg: 28865.2, Max: 28865.4, Diff: 0.3]
   [Code Root Fixup: 0.0 ms]
   [Code Root Purge: 0.0 ms]
   [Clear CT: 0.7 ms]
   [Other: 3.5 ms]
      [Choose CSet: 0.0 ms]
      [Ref Proc: 2.9 ms]
      [Ref Enq: 0.0 ms]
      [Redirty Cards: 0.5 ms]
      [Humongous Register: 0.0 ms]
      [Humongous Reclaim: 0.0 ms]
      [Free CSet: 0.0 ms]
   [Eden: 2048.0K(2048.0K)->0.0B(2048.0K) Survivors: 1024.0K->1024.0K Heap: 41545.6K(65536.0K)->37396.6K(65536.0K)]
 [Times: user=0.05 sys=0.00, real=0.01 secs] 
2026-06-17T09:49:06.680+0800: 28.881: [GC pause (G1 Evacuation Pause) (mixed), 0.0114167 secs]
   [Parallel Time: 4.6 ms, GC Workers: 18]
      [GC Worker Start (ms): Min: 28881.4, Avg: 28882.7, Max: 28885.0, Diff: 3.6]
      [Ext Root Scanning (ms): Min: 0.0, Avg: 0.0, Max: 0.2, Diff: 0.2, Sum: 0.5]
      [Update RS (ms): Min: 0.0, Avg: 0.0, Max: 0.0, Diff: 0.0, Sum: 0.0]
         [Processed Buffers: Min: 0, Avg: 0.2, Max: 2, Diff: 2, Sum: 4]
      [Scan RS (ms): Min: 0.0, Avg: 0.0, Max: 0.0, Diff: 0.0, Sum: 0.1]
      [Code Root Scanning (ms): Min: 0.0, Avg: 0.0, Max: 0.0, Diff: 0.0, Sum: 0.0]
      [Object Copy (ms): Min: 0.0, Avg: 0.0, Max: 0.2, Diff: 0.2, Sum: 0.9]
      [Termination (ms): Min: 0.0, Avg: 2.5, Max: 3.6, Diff: 3.6, Sum: 44.2]
         [Termination Attempts: Min: 1, Avg: 1.0, Max: 1, Diff: 0, Sum: 18]
      [GC Worker Other (ms): Min: 0.0, Avg: 0.0, Max: 0.0, Diff: 0.0, Sum: 0.2]
      [GC Worker Total (ms): Min: 0.0, Avg: 2.5, Max: 4.0, Diff: 3.9, Sum: 45.8]
      [GC Worker End (ms): Min: 28885.0, Avg: 28885.2, Max: 28885.5, Diff: 0.5]
   [Code Root Fixup: 0.0 ms]
   [Code Root Purge: 0.0 ms]
   [Clear CT: 1.0 ms]
   [Other: 5.8 ms]
      [Choose CSet: 0.0 ms]
      [Ref Proc: 5.1 ms]
      [Ref Enq: 0.0 ms]
      [Redirty Cards: 0.7 ms]
      [Humongous Register: 0.0 ms]
      [Humongous Reclaim: 0.0 ms]
      [Free CSet: 0.0 ms]
   [Eden: 2048.0K(2048.0K)->0.0B(2048.0K) Survivors: 1024.0K->1024.0K Heap: 39444.6K(65536.0K)->35927.6K(65536.0K)]
 [Times: user=0.08 sys=0.00, real=0.02 secs] 
2026-06-17T09:49:06.693+0800: 28.894: [GC pause (G1 Evacuation Pause) (mixed), 0.0076460 secs]
   [Parallel Time: 2.7 ms, GC Workers: 18]
      [GC Worker Start (ms): Min: 28894.2, Avg: 28895.0, Max: 28895.6, Diff: 1.4]
      [Ext Root Scanning (ms): Min: 0.0, Avg: 0.0, Max: 0.1, Diff: 0.1, Sum: 0.3]
      [Update RS (ms): Min: 0.0, Avg: 0.0, Max: 0.0, Diff: 0.0, Sum: 0.0]
         [Processed Buffers: Min: 0, Avg: 0.2, Max: 2, Diff: 2, Sum: 4]
      [Scan RS (ms): Min: 0.0, Avg: 0.0, Max: 0.0, Diff: 0.0, Sum: 0.1]
      [Code Root Scanning (ms): Min: 0.0, Avg: 0.0, Max: 0.0, Diff: 0.0, Sum: 0.0]
      [Object Copy (ms): Min: 0.0, Avg: 0.0, Max: 0.2, Diff: 0.2, Sum: 0.6]
      [Termination (ms): Min: 0.0, Avg: 0.6, Max: 1.2, Diff: 1.2, Sum: 11.1]
         [Termination Attempts: Min: 1, Avg: 1.0, Max: 1, Diff: 0, Sum: 18]
      [GC Worker Other (ms): Min: 0.0, Avg: 0.0, Max: 0.0, Diff: 0.0, Sum: 0.1]
      [GC Worker Total (ms): Min: 0.0, Avg: 0.7, Max: 1.5, Diff: 1.5, Sum: 12.2]
      [GC Worker End (ms): Min: 28895.6, Avg: 28895.7, Max: 28895.7, Diff: 0.1]
   [Code Root Fixup: 0.0 ms]
   [Code Root Purge: 0.0 ms]
   [Clear CT: 1.2 ms]
   [Other: 3.7 ms]
      [Choose CSet: 0.0 ms]
      [Ref Proc: 3.1 ms]
      [Ref Enq: 0.0 ms]
      [Redirty Cards: 0.6 ms]
      [Humongous Register: 0.0 ms]
      [Humongous Reclaim: 0.0 ms]
      [Free CSet: 0.0 ms]
   [Eden: 2048.0K(2048.0K)->0.0B(12288.0K) Survivors: 1024.0K->1024.0K Heap: 37975.6K(65536.0K)->32617.7K(65536.0K)]
 [Times: user=0.03 sys=0.01, real=0.00 secs] 
2026-06-17T09:49:06.733+0800: 28.935: [GC pause (G1 Evacuation Pause) (young), 0.0293565 secs]
   [Parallel Time: 20.8 ms, GC Workers: 18]
      [GC Worker Start (ms): Min: 28934.9, Avg: 28944.2, Max: 28954.2, Diff: 19.3]
      [Ext Root Scanning (ms): Min: 0.0, Avg: 0.1, Max: 0.5, Diff: 0.5, Sum: 1.1]
      [Update RS (ms): Min: 0.0, Avg: 0.0, Max: 0.2, Diff: 0.2, Sum: 0.3]
         [Processed Buffers: Min: 0, Avg: 0.2, Max: 2, Diff: 2, Sum: 4]
      [Scan RS (ms): Min: 0.0, Avg: 0.0, Max: 0.0, Diff: 0.0, Sum: 0.0]
      [Code Root Scanning (ms): Min: 0.0, Avg: 0.0, Max: 0.0, Diff: 0.0, Sum: 0.0]
      [Object Copy (ms): Min: 0.0, Avg: 0.0, Max: 0.3, Diff: 0.3, Sum: 0.7]
      [Termination (ms): Min: 0.0, Avg: 10.0, Max: 18.9, Diff: 18.9, Sum: 180.7]
         [Termination Attempts: Min: 1, Avg: 1.0, Max: 1, Diff: 0, Sum: 18]
      [GC Worker Other (ms): Min: 0.0, Avg: 0.0, Max: 0.0, Diff: 0.0, Sum: 0.1]
      [GC Worker Total (ms): Min: 0.0, Avg: 10.2, Max: 19.7, Diff: 19.7, Sum: 182.9]
      [GC Worker End (ms): Min: 28954.2, Avg: 28954.4, Max: 28954.7, Diff: 0.5]
   [Code Root Fixup: 0.0 ms]
   [Code Root Purge: 0.0 ms]
   [Clear CT: 1.0 ms]
   [Other: 7.5 ms]
      [Choose CSet: 0.0 ms]
      [Ref Proc: 6.7 ms]
      [Ref Enq: 0.0 ms]
      [Redirty Cards: 0.7 ms]
      [Humongous Register: 0.0 ms]
      [Humongous Reclaim: 0.0 ms]
      [Free CSet: 0.0 ms]
   [Eden: 12288.0K(12288.0K)->0.0B(12288.0K) Survivors: 1024.0K->2048.0K Heap: 44905.7K(65536.0K)->34162.7K(65536.0K)]
 [Times: user=0.24 sys=0.01, real=0.03 secs] 
2026-06-17T09:49:06.796+0800: 28.997: [GC pause (G1 Evacuation Pause) (young) (initial-mark), 0.0180717 secs]
   [Parallel Time: 11.7 ms, GC Workers: 18]
      [GC Worker Start (ms): Min: 28997.0, Avg: 28998.0, Max: 28998.9, Diff: 1.9]
      [Ext Root Scanning (ms): Min: 0.0, Avg: 3.3, Max: 9.1, Diff: 9.1, Sum: 60.2]
      [Update RS (ms): Min: 0.0, Avg: 0.0, Max: 0.0, Diff: 0.0, Sum: 0.0]
         [Processed Buffers: Min: 0, Avg: 0.1, Max: 2, Diff: 2, Sum: 2]
      [Scan RS (ms): Min: 0.0, Avg: 0.0, Max: 0.0, Diff: 0.0, Sum: 0.0]
      [Code Root Scanning (ms): Min: 0.0, Avg: 0.0, Max: 0.0, Diff: 0.0, Sum: 0.0]
      [Object Copy (ms): Min: 0.0, Avg: 0.0, Max: 0.3, Diff: 0.3, Sum: 0.7]
      [Termination (ms): Min: 0.0, Avg: 6.5, Max: 8.8, Diff: 8.8, Sum: 117.1]
         [Termination Attempts: Min: 1, Avg: 1.0, Max: 1, Diff: 0, Sum: 18]
      [GC Worker Other (ms): Min: 0.0, Avg: 0.0, Max: 0.0, Diff: 0.0, Sum: 0.1]
      [GC Worker Total (ms): Min: 9.1, Avg: 9.9, Max: 11.0, Diff: 2.0, Sum: 178.3]
      [GC Worker End (ms): Min: 29007.9, Avg: 29007.9, Max: 29008.0, Diff: 0.2]
   [Code Root Fixup: 0.0 ms]
   [Code Root Purge: 0.0 ms]
   [Clear CT: 1.3 ms]
   [Other: 5.1 ms]
      [Choose CSet: 0.0 ms]
      [Ref Proc: 4.2 ms]
      [Ref Enq: 0.0 ms]
      [Redirty Cards: 0.7 ms]
      [Humongous Register: 0.0 ms]
      [Humongous Reclaim: 0.0 ms]
      [Free CSet: 0.0 ms]
   [Eden: 12288.0K(12288.0K)->0.0B(11264.0K) Survivors: 2048.0K->2048.0K Heap: 46450.7K(65536.0K)->36688.6K(65536.0K)]
 [Times: user=0.14 sys=0.01, real=0.02 secs] 
2026-06-17T09:49:06.815+0800: 29.016: [GC concurrent-root-region-scan-start]
2026-06-17T09:49:06.815+0800: 29.016: [GC concurrent-root-region-scan-end, 0.0002602 secs]
2026-06-17T09:49:06.815+0800: 29.016: [GC concurrent-mark-start]
2026-06-17T09:49:06.815+0800: 29.017: [GC concurrent-mark-end, 0.0004824 secs]
2026-06-17T09:49:06.816+0800: 29.017: [GC remark 2026-06-17T09:49:06.816+0800: 29.017: [Finalize Marking, 0.0109290 secs] 2026-06-17T09:49:06.828+0800: 29.029: [GC ref-proc, 0.0009477 secs] 2026-06-17T09:49:06.830+0800: 29.031: [Unloading, 0.0019189 secs], 0.0172419 secs]
 [Times: user=0.12 sys=0.00, real=0.02 secs] 
2026-06-17T09:49:06.834+0800: 29.035: [GC cleanup 39470K->38446K(65536K), 0.0027779 secs]
 [Times: user=0.00 sys=0.00, real=0.00 secs] 
2026-06-17T09:49:06.838+0800: 29.039: [GC concurrent-cleanup-start]
2026-06-17T09:49:06.838+0800: 29.039: [GC concurrent-cleanup-end, 0.0000061 secs]
2026-06-17T09:49:06.859+0800: 29.061: [GC pause (G1 Evacuation Pause) (young), 0.0153340 secs]
   [Parallel Time: 9.4 ms, GC Workers: 18]
      [GC Worker Start (ms): Min: 29060.7, Avg: 29062.4, Max: 29068.3, Diff: 7.5]
      [Ext Root Scanning (ms): Min: 0.0, Avg: 0.1, Max: 0.4, Diff: 0.4, Sum: 0.9]
      [Update RS (ms): Min: 0.0, Avg: 0.0, Max: 0.0, Diff: 0.0, Sum: 0.1]
         [Processed Buffers: Min: 0, Avg: 0.2, Max: 2, Diff: 2, Sum: 4]
      [Scan RS (ms): Min: 0.0, Avg: 0.0, Max: 0.0, Diff: 0.0, Sum: 0.0]
      [Code Root Scanning (ms): Min: 0.0, Avg: 0.0, Max: 0.0, Diff: 0.0, Sum: 0.0]
      [Object Copy (ms): Min: 0.0, Avg: 0.1, Max: 0.3, Diff: 0.3, Sum: 1.3]
      [Termination (ms): Min: 0.0, Avg: 6.0, Max: 7.4, Diff: 7.4, Sum: 108.0]
         [Termination Attempts: Min: 1, Avg: 1.0, Max: 1, Diff: 0, Sum: 18]
      [GC Worker Other (ms): Min: 0.0, Avg: 0.0, Max: 0.2, Diff: 0.2, Sum: 0.4]
      [GC Worker Total (ms): Min: 0.0, Avg: 6.1, Max: 8.1, Diff: 8.1, Sum: 110.7]
      [GC Worker End (ms): Min: 29068.3, Avg: 29068.5, Max: 29068.8, Diff: 0.6]
   [Code Root Fixup: 0.0 ms]
   [Code Root Purge: 0.0 ms]
   [Clear CT: 1.1 ms]
   [Other: 4.8 ms]
      [Choose CSet: 0.0 ms]
      [Ref Proc: 4.0 ms]
      [Ref Enq: 0.0 ms]
      [Redirty Cards: 0.7 ms]
      [Humongous Register: 0.0 ms]
      [Humongous Reclaim: 0.0 ms]
      [Free CSet: 0.0 ms]
   [Eden: 11264.0K(11264.0K)->0.0B(1024.0K) Survivors: 2048.0K->2048.0K Heap: 46928.6K(65536.0K)->39833.6K(65536.0K)]
 [Times: user=0.13 sys=0.01, real=0.02 secs] 
2026-06-17T09:49:06.876+0800: 29.077: [GC pause (G1 Evacuation Pause) (mixed), 0.0099791 secs]
   [Parallel Time: 4.2 ms, GC Workers: 18]
      [GC Worker Start (ms): Min: 29077.5, Avg: 29078.5, Max: 29080.2, Diff: 2.7]
      [Ext Root Scanning (ms): Min: 0.0, Avg: 0.0, Max: 0.2, Diff: 0.2, Sum: 0.4]
      [Update RS (ms): Min: 0.0, Avg: 0.0, Max: 0.0, Diff: 0.0, Sum: 0.0]
         [Processed Buffers: Min: 0, Avg: 0.2, Max: 2, Diff: 2, Sum: 4]
      [Scan RS (ms): Min: 0.0, Avg: 0.0, Max: 0.0, Diff: 0.0, Sum: 0.0]
      [Code Root Scanning (ms): Min: 0.0, Avg: 0.0, Max: 0.0, Diff: 0.0, Sum: 0.0]
      [Object Copy (ms): Min: 0.0, Avg: 0.0, Max: 0.2, Diff: 0.2, Sum: 0.7]
      [Termination (ms): Min: 0.0, Avg: 1.9, Max: 2.9, Diff: 2.9, Sum: 34.2]
         [Termination Attempts: Min: 1, Avg: 1.0, Max: 1, Diff: 0, Sum: 18]
      [GC Worker Other (ms): Min: 0.0, Avg: 0.0, Max: 0.0, Diff: 0.0, Sum: 0.1]
      [GC Worker Total (ms): Min: 0.0, Avg: 2.0, Max: 3.3, Diff: 3.2, Sum: 35.6]
      [GC Worker End (ms): Min: 29080.3, Avg: 29080.5, Max: 29080.8, Diff: 0.5]
   [Code Root Fixup: 0.0 ms]
   [Code Root Purge: 0.0 ms]
   [Clear CT: 0.9 ms]
   [Other: 4.9 ms]
      [Choose CSet: 0.0 ms]
      [Ref Proc: 4.4 ms]
      [Ref Enq: 0.0 ms]
      [Redirty Cards: 0.5 ms]
      [Humongous Register: 0.0 ms]
      [Humongous Reclaim: 0.0 ms]
      [Free CSet: 0.0 ms]
   [Eden: 1024.0K(1024.0K)->0.0B(2048.0K) Survivors: 2048.0K->1024.0K Heap: 40857.6K(65536.0K)->36550.7K(65536.0K)]
 [Times: user=0.07 sys=0.00, real=0.01 secs] 
2026-06-17T09:49:06.887+0800: 29.089: [GC pause (G1 Evacuation Pause) (mixed), 0.0090111 secs]
   [Parallel Time: 4.4 ms, GC Workers: 18]
      [GC Worker Start (ms): Min: 29088.8, Avg: 29090.0, Max: 29092.0, Diff: 3.2]
      [Ext Root Scanning (ms): Min: 0.0, Avg: 0.0, Max: 0.1, Diff: 0.1, Sum: 0.4]
      [Update RS (ms): Min: 0.0, Avg: 0.0, Max: 0.0, Diff: 0.0, Sum: 0.0]
         [Processed Buffers: Min: 0, Avg: 0.3, Max: 2, Diff: 2, Sum: 5]
      [Scan RS (ms): Min: 0.0, Avg: 0.0, Max: 0.0, Diff: 0.0, Sum: 0.0]
      [Code Root Scanning (ms): Min: 0.0, Avg: 0.0, Max: 0.0, Diff: 0.0, Sum: 0.0]
      [Object Copy (ms): Min: 0.0, Avg: 0.0, Max: 0.2, Diff: 0.2, Sum: 0.8]
      [Termination (ms): Min: 0.0, Avg: 2.0, Max: 3.1, Diff: 3.1, Sum: 36.1]
         [Termination Attempts: Min: 1, Avg: 1.0, Max: 1, Diff: 0, Sum: 18]
      [GC Worker Other (ms): Min: 0.0, Avg: 0.0, Max: 0.0, Diff: 0.0, Sum: 0.1]
      [GC Worker Total (ms): Min: 0.0, Avg: 2.1, Max: 3.3, Diff: 3.3, Sum: 37.6]
      [GC Worker End (ms): Min: 29092.0, Avg: 29092.1, Max: 29092.3, Diff: 0.3]
   [Code Root Fixup: 0.0 ms]
   [Code Root Purge: 0.0 ms]
   [Clear CT: 1.2 ms]
   [Other: 3.4 ms]
      [Choose CSet: 0.0 ms]
      [Ref Proc: 2.7 ms]
      [Ref Enq: 0.0 ms]
      [Redirty Cards: 0.6 ms]
      [Humongous Register: 0.0 ms]
      [Humongous Reclaim: 0.0 ms]
      [Free CSet: 0.0 ms]
   [Eden: 2048.0K(2048.0K)->0.0B(11264.0K) Survivors: 1024.0K->1024.0K Heap: 38598.7K(65536.0K)->36946.6K(65536.0K)]
 [Times: user=0.05 sys=0.00, real=0.01 secs] 
2026-06-17T09:49:06.929+0800: 29.130: [GC pause (G1 Evacuation Pause) (young), 0.0144410 secs]
   [Parallel Time: 8.0 ms, GC Workers: 18]
      [GC Worker Start (ms): Min: 29130.6, Avg: 29132.4, Max: 29136.8, Diff: 6.3]
      [Ext Root Scanning (ms): Min: 0.0, Avg: 0.0, Max: 0.3, Diff: 0.2, Sum: 0.6]
      [Update RS (ms): Min: 0.0, Avg: 0.0, Max: 0.1, Diff: 0.1, Sum: 0.1]
         [Processed Buffers: Min: 0, Avg: 0.2, Max: 2, Diff: 2, Sum: 4]
      [Scan RS (ms): Min: 0.0, Avg: 0.0, Max: 0.0, Diff: 0.0, Sum: 0.0]
      [Code Root Scanning (ms): Min: 0.0, Avg: 0.0, Max: 0.0, Diff: 0.0, Sum: 0.0]
      [Object Copy (ms): Min: 0.0, Avg: 0.0, Max: 0.1, Diff: 0.1, Sum: 0.3]
      [Termination (ms): Min: 0.0, Avg: 4.6, Max: 6.5, Diff: 6.5, Sum: 82.8]
         [Termination Attempts: Min: 1, Avg: 1.0, Max: 1, Diff: 0, Sum: 18]
      [GC Worker Other (ms): Min: 0.0, Avg: 0.0, Max: 0.0, Diff: 0.0, Sum: 0.2]
      [GC Worker Total (ms): Min: 0.0, Avg: 4.7, Max: 6.6, Diff: 6.6, Sum: 83.9]
      [GC Worker End (ms): Min: 29136.9, Avg: 29137.0, Max: 29137.4, Diff: 0.6]
   [Code Root Fixup: 0.0 ms]
   [Code Root Purge: 0.0 ms]
   [Clear CT: 1.4 ms]
   [Other: 5.1 ms]
      [Choose CSet: 0.0 ms]
      [Ref Proc: 3.7 ms]
      [Ref Enq: 0.0 ms]
      [Redirty Cards: 1.3 ms]
      [Humongous Register: 0.0 ms]
      [Humongous Reclaim: 0.0 ms]
      [Free CSet: 0.0 ms]
   [Eden: 11264.0K(11264.0K)->0.0B(11264.0K) Survivors: 1024.0K->2048.0K Heap: 48210.6K(65536.0K)->37709.7K(65536.0K)]
 [Times: user=0.12 sys=0.01, real=0.02 secs] 
2026-06-17T09:49:06.976+0800: 29.178: [GC pause (G1 Evacuation Pause) (young) (initial-mark), 0.0065577 secs]
   [Parallel Time: 2.8 ms, GC Workers: 18]
      [GC Worker Start (ms): Min: 29177.8, Avg: 29178.2, Max: 29178.5, Diff: 0.8]
      [Ext Root Scanning (ms): Min: 0.0, Avg: 0.9, Max: 1.4, Diff: 1.4, Sum: 16.6]
      [Update RS (ms): Min: 0.0, Avg: 0.0, Max: 0.0, Diff: 0.0, Sum: 0.0]
         [Processed Buffers: Min: 0, Avg: 0.1, Max: 2, Diff: 2, Sum: 2]
      [Scan RS (ms): Min: 0.0, Avg: 0.0, Max: 0.0, Diff: 0.0, Sum: 0.0]
      [Code Root Scanning (ms): Min: 0.0, Avg: 0.0, Max: 0.0, Diff: 0.0, Sum: 0.0]
      [Object Copy (ms): Min: 0.0, Avg: 0.0, Max: 0.2, Diff: 0.2, Sum: 0.7]
      [Termination (ms): Min: 0.0, Avg: 0.8, Max: 1.2, Diff: 1.2, Sum: 14.7]
         [Termination Attempts: Min: 1, Avg: 1.0, Max: 1, Diff: 0, Sum: 18]
      [GC Worker Other (ms): Min: 0.0, Avg: 0.0, Max: 0.0, Diff: 0.0, Sum: 0.1]
      [GC Worker Total (ms): Min: 1.4, Avg: 1.8, Max: 2.2, Diff: 0.8, Sum: 32.1]
      [GC Worker End (ms): Min: 29180.0, Avg: 29180.0, Max: 29180.1, Diff: 0.1]
   [Code Root Fixup: 0.0 ms]
   [Code Root Purge: 0.0 ms]
   [Clear CT: 0.9 ms]
   [Other: 2.8 ms]
      [Choose CSet: 0.0 ms]
      [Ref Proc: 1.9 ms]
      [Ref Enq: 0.0 ms]
      [Redirty Cards: 0.8 ms]
      [Humongous Register: 0.0 ms]
      [Humongous Reclaim: 0.0 ms]
      [Free CSet: 0.0 ms]
   [Eden: 11264.0K(11264.0K)->0.0B(8192.0K) Survivors: 2048.0K->2048.0K Heap: 48973.7K(65536.0K)->41323.6K(65536.0K)]
 [Times: user=0.03 sys=0.00, real=0.01 secs] 
2026-06-17T09:49:06.984+0800: 29.185: [GC concurrent-root-region-scan-start]
2026-06-17T09:49:06.984+0800: 29.186: [GC concurrent-root-region-scan-end, 0.0004105 secs]
2026-06-17T09:49:06.984+0800: 29.186: [GC concurrent-mark-start]
2026-06-17T09:49:06.985+0800: 29.186: [GC concurrent-mark-end, 0.0002335 secs]
2026-06-17T09:49:06.985+0800: 29.186: [GC remark 2026-06-17T09:49:06.985+0800: 29.186: [Finalize Marking, 0.0019459 secs] 2026-06-17T09:49:06.987+0800: 29.189: [GC ref-proc, 0.0004554 secs] 2026-06-17T09:49:06.988+0800: 29.189: [Unloading, 0.0016095 secs], 0.0061264 secs]
 [Times: user=0.01 sys=0.00, real=0.01 secs] 
2026-06-17T09:49:06.992+0800: 29.193: [GC cleanup 46070K->42998K(65536K), 0.0033417 secs]
 [Times: user=0.00 sys=0.01, real=0.00 secs] 
2026-06-17T09:49:06.996+0800: 29.197: [GC concurrent-cleanup-start]
2026-06-17T09:49:06.996+0800: 29.197: [GC concurrent-cleanup-end, 0.0000100 secs]
2026-06-17T09:49:07.006+0800: 29.208: [GC pause (G1 Evacuation Pause) (young), 0.0058313 secs]
   [Parallel Time: 2.4 ms, GC Workers: 18]
      [GC Worker Start (ms): Min: 29207.7, Avg: 29208.7, Max: 29209.5, Diff: 1.8]
      [Ext Root Scanning (ms): Min: 0.0, Avg: 0.0, Max: 0.2, Diff: 0.2, Sum: 0.3]
      [Update RS (ms): Min: 0.0, Avg: 0.0, Max: 0.0, Diff: 0.0, Sum: 0.0]
         [Processed Buffers: Min: 0, Avg: 0.2, Max: 2, Diff: 2, Sum: 3]
      [Scan RS (ms): Min: 0.0, Avg: 0.0, Max: 0.0, Diff: 0.0, Sum: 0.0]
      [Code Root Scanning (ms): Min: 0.0, Avg: 0.0, Max: 0.0, Diff: 0.0, Sum: 0.0]
      [Object Copy (ms): Min: 0.0, Avg: 0.0, Max: 0.2, Diff: 0.2, Sum: 0.7]
      [Termination (ms): Min: 0.0, Avg: 0.8, Max: 1.6, Diff: 1.6, Sum: 14.8]
         [Termination Attempts: Min: 1, Avg: 1.0, Max: 1, Diff: 0, Sum: 18]
      [GC Worker Other (ms): Min: 0.0, Avg: 0.0, Max: 0.0, Diff: 0.0, Sum: 0.1]
      [GC Worker Total (ms): Min: 0.0, Avg: 0.9, Max: 1.9, Diff: 1.9, Sum: 15.9]
      [GC Worker End (ms): Min: 29209.6, Avg: 29209.6, Max: 29209.7, Diff: 0.2]
   [Code Root Fixup: 0.0 ms]
   [Code Root Purge: 0.0 ms]
   [Clear CT: 0.7 ms]
   [Other: 2.7 ms]
      [Choose CSet: 0.0 ms]
      [Ref Proc: 1.9 ms]
      [Ref Enq: 0.0 ms]
      [Redirty Cards: 0.8 ms]
      [Humongous Register: 0.0 ms]
      [Humongous Reclaim: 0.0 ms]
      [Free CSet: 0.0 ms]
   [Eden: 8192.0K(8192.0K)->0.0B(1024.0K) Survivors: 2048.0K->2048.0K Heap: 47825.6K(65536.0K)->42993.6K(65536.0K)]
 [Times: user=0.02 sys=0.01, real=0.01 secs] 
2026-06-17T09:49:07.014+0800: 29.215: [GC pause (G1 Evacuation Pause) (mixed), 0.0046918 secs]
   [Parallel Time: 2.0 ms, GC Workers: 18]
      [GC Worker Start (ms): Min: 29214.8, Avg: 29215.6, Max: 29216.2, Diff: 1.4]
      [Ext Root Scanning (ms): Min: 0.0, Avg: 0.0, Max: 0.1, Diff: 0.1, Sum: 0.2]
      [Update RS (ms): Min: 0.0, Avg: 0.0, Max: 0.0, Diff: 0.0, Sum: 0.0]
         [Processed Buffers: Min: 0, Avg: 0.2, Max: 2, Diff: 2, Sum: 4]
      [Scan RS (ms): Min: 0.0, Avg: 0.0, Max: 0.0, Diff: 0.0, Sum: 0.0]
      [Code Root Scanning (ms): Min: 0.0, Avg: 0.0, Max: 0.0, Diff: 0.0, Sum: 0.0]
      [Object Copy (ms): Min: 0.0, Avg: 0.0, Max: 0.2, Diff: 0.2, Sum: 0.7]
      [Termination (ms): Min: 0.0, Avg: 0.6, Max: 1.1, Diff: 1.1, Sum: 10.2]
         [Termination Attempts: Min: 1, Avg: 1.0, Max: 1, Diff: 0, Sum: 18]
      [GC Worker Other (ms): Min: 0.0, Avg: 0.0, Max: 0.0, Diff: 0.0, Sum: 0.1]
      [GC Worker Total (ms): Min: 0.0, Avg: 0.6, Max: 1.5, Diff: 1.4, Sum: 11.3]
      [GC Worker End (ms): Min: 29216.2, Avg: 29216.3, Max: 29216.4, Diff: 0.2]
   [Code Root Fixup: 0.0 ms]
   [Code Root Purge: 0.0 ms]
   [Clear CT: 0.6 ms]
   [Other: 2.1 ms]
      [Choose CSet: 0.0 ms]
      [Ref Proc: 1.5 ms]
      [Ref Enq: 0.0 ms]
      [Redirty Cards: 0.6 ms]
      [Humongous Register: 0.0 ms]
      [Humongous Reclaim: 0.0 ms]
      [Free CSet: 0.0 ms]
   [Eden: 1024.0K(1024.0K)->0.0B(2048.0K) Survivors: 2048.0K->1024.0K Heap: 44017.6K(65536.0K)->39652.0K(65536.0K)]
 [Times: user=0.02 sys=0.00, real=0.00 secs] 
2026-06-17T09:49:07.029+0800: 29.230: [GC pause (G1 Evacuation Pause) (mixed), 0.0100184 secs]
   [Parallel Time: 2.5 ms, GC Workers: 18]
      [GC Worker Start (ms): Min: 29230.5, Avg: 29231.4, Max: 29232.3, Diff: 1.8]
      [Ext Root Scanning (ms): Min: 0.0, Avg: 0.0, Max: 0.2, Diff: 0.2, Sum: 0.4]
      [Update RS (ms): Min: 0.0, Avg: 0.0, Max: 0.0, Diff: 0.0, Sum: 0.0]
         [Processed Buffers: Min: 0, Avg: 0.2, Max: 2, Diff: 2, Sum: 4]
      [Scan RS (ms): Min: 0.0, Avg: 0.0, Max: 0.0, Diff: 0.0, Sum: 0.0]
      [Code Root Scanning (ms): Min: 0.0, Avg: 0.0, Max: 0.0, Diff: 0.0, Sum: 0.0]
      [Object Copy (ms): Min: 0.0, Avg: 0.1, Max: 0.2, Diff: 0.2, Sum: 1.0]
      [Termination (ms): Min: 0.0, Avg: 0.9, Max: 1.6, Diff: 1.6, Sum: 16.9]
         [Termination Attempts: Min: 1, Avg: 1.0, Max: 1, Diff: 0, Sum: 18]
      [GC Worker Other (ms): Min: 0.0, Avg: 0.0, Max: 0.0, Diff: 0.0, Sum: 0.1]
      [GC Worker Total (ms): Min: 0.0, Avg: 1.0, Max: 1.9, Diff: 1.9, Sum: 18.5]
      [GC Worker End (ms): Min: 29232.3, Avg: 29232.4, Max: 29232.5, Diff: 0.2]
   [Code Root Fixup: 0.0 ms]
   [Code Root Purge: 0.0 ms]
   [Clear CT: 1.2 ms]
   [Other: 6.4 ms]
      [Choose CSet: 0.0 ms]
      [Ref Proc: 5.8 ms]
      [Ref Enq: 0.0 ms]
      [Redirty Cards: 0.5 ms]
      [Humongous Register: 0.0 ms]
      [Humongous Reclaim: 0.0 ms]
      [Free CSet: 0.0 ms]
   [Eden: 2048.0K(2048.0K)->0.0B(2048.0K) Survivors: 1024.0K->1024.0K Heap: 41700.0K(65536.0K)->38593.6K(65536.0K)]
 [Times: user=0.11 sys=0.00, real=0.01 secs] 
2026-06-17T09:49:07.040+0800: 29.242: [GC pause (G1 Evacuation Pause) (mixed), 0.0053466 secs]
   [Parallel Time: 1.5 ms, GC Workers: 18]
      [GC Worker Start (ms): Min: 29241.7, Avg: 29242.3, Max: 29242.9, Diff: 1.2]
      [Ext Root Scanning (ms): Min: 0.0, Avg: 0.0, Max: 0.3, Diff: 0.3, Sum: 0.5]
      [Update RS (ms): Min: 0.0, Avg: 0.0, Max: 0.0, Diff: 0.0, Sum: 0.1]
         [Processed Buffers: Min: 0, Avg: 0.3, Max: 4, Diff: 4, Sum: 6]
      [Scan RS (ms): Min: 0.0, Avg: 0.0, Max: 0.0, Diff: 0.0, Sum: 0.1]
      [Code Root Scanning (ms): Min: 0.0, Avg: 0.0, Max: 0.0, Diff: 0.0, Sum: 0.0]
      [Object Copy (ms): Min: 0.0, Avg: 0.0, Max: 0.1, Diff: 0.1, Sum: 0.5]
      [Termination (ms): Min: 0.0, Avg: 0.6, Max: 0.9, Diff: 0.9, Sum: 10.6]
         [Termination Attempts: Min: 1, Avg: 1.3, Max: 4, Diff: 3, Sum: 24]
      [GC Worker Other (ms): Min: 0.0, Avg: 0.0, Max: 0.0, Diff: 0.0, Sum: 0.1]
      [GC Worker Total (ms): Min: 0.0, Avg: 0.7, Max: 1.3, Diff: 1.3, Sum: 11.8]
      [GC Worker End (ms): Min: 29242.9, Avg: 29243.0, Max: 29243.1, Diff: 0.2]
   [Code Root Fixup: 0.0 ms]
   [Code Root Purge: 0.0 ms]
   [Clear CT: 1.0 ms]
   [Other: 2.8 ms]
      [Choose CSet: 0.0 ms]
      [Ref Proc: 1.8 ms]
      [Ref Enq: 0.0 ms]
      [Redirty Cards: 0.8 ms]
      [Humongous Register: 0.0 ms]
      [Humongous Reclaim: 0.0 ms]
      [Free CSet: 0.0 ms]
   [Eden: 2048.0K(2048.0K)->0.0B(9216.0K) Survivors: 1024.0K->1024.0K Heap: 40641.6K(65536.0K)->38650.6K(65536.0K)]
 [Times: user=0.02 sys=0.01, real=0.01 secs] 
2026-06-17T09:49:07.078+0800: 29.279: [GC pause (G1 Evacuation Pause) (young), 0.0119386 secs]
   [Parallel Time: 8.2 ms, GC Workers: 18]
      [GC Worker Start (ms): Min: 29279.4, Avg: 29280.6, Max: 29287.0, Diff: 7.6]
      [Ext Root Scanning (ms): Min: 0.0, Avg: 0.0, Max: 0.2, Diff: 0.2, Sum: 0.4]
      [Update RS (ms): Min: 0.0, Avg: 0.0, Max: 0.1, Diff: 0.1, Sum: 0.3]
         [Processed Buffers: Min: 0, Avg: 0.3, Max: 2, Diff: 2, Sum: 5]
      [Scan RS (ms): Min: 0.0, Avg: 0.0, Max: 0.0, Diff: 0.0, Sum: 0.0]
      [Code Root Scanning (ms): Min: 0.0, Avg: 0.0, Max: 0.0, Diff: 0.0, Sum: 0.0]
      [Object Copy (ms): Min: 0.0, Avg: 0.0, Max: 0.2, Diff: 0.1, Sum: 0.5]
      [Termination (ms): Min: 0.0, Avg: 6.3, Max: 7.4, Diff: 7.4, Sum: 114.1]
         [Termination Attempts: Min: 1, Avg: 1.0, Max: 1, Diff: 0, Sum: 18]
      [GC Worker Other (ms): Min: 0.0, Avg: 0.0, Max: 0.0, Diff: 0.0, Sum: 0.1]
      [GC Worker Total (ms): Min: 0.0, Avg: 6.4, Max: 7.6, Diff: 7.6, Sum: 115.4]
      [GC Worker End (ms): Min: 29287.0, Avg: 29287.0, Max: 29287.1, Diff: 0.2]
   [Code Root Fixup: 0.0 ms]
   [Code Root Purge: 0.0 ms]
   [Clear CT: 0.9 ms]
   [Other: 2.9 ms]
      [Choose CSet: 0.0 ms]
      [Ref Proc: 2.0 ms]
      [Ref Enq: 0.0 ms]
      [Redirty Cards: 0.9 ms]
      [Humongous Register: 0.0 ms]
      [Humongous Reclaim: 0.0 ms]
      [Free CSet: 0.0 ms]
   [Eden: 9216.0K(9216.0K)->0.0B(7168.0K) Survivors: 1024.0K->2048.0K Heap: 47866.6K(65536.0K)->41241.6K(65536.0K)]
 [Times: user=0.13 sys=0.00, real=0.02 secs] 
2026-06-17T09:49:07.102+0800: 29.303: [GC pause (G1 Evacuation Pause) (young) (initial-mark), 0.0070802 secs]
   [Parallel Time: 3.4 ms, GC Workers: 18]
      [GC Worker Start (ms): Min: 29303.1, Avg: 29303.6, Max: 29304.0, Diff: 0.9]
      [Ext Root Scanning (ms): Min: 0.0, Avg: 1.2, Max: 1.7, Diff: 1.7, Sum: 22.4]
      [Update RS (ms): Min: 0.0, Avg: 0.0, Max: 0.0, Diff: 0.0, Sum: 0.0]
         [Processed Buffers: Min: 0, Avg: 0.2, Max: 3, Diff: 3, Sum: 3]
      [Scan RS (ms): Min: 0.0, Avg: 0.0, Max: 0.0, Diff: 0.0, Sum: 0.0]
      [Code Root Scanning (ms): Min: 0.0, Avg: 0.0, Max: 0.0, Diff: 0.0, Sum: 0.0]
      [Object Copy (ms): Min: 0.0, Avg: 0.0, Max: 0.2, Diff: 0.2, Sum: 0.7]
      [Termination (ms): Min: 0.0, Avg: 0.7, Max: 1.4, Diff: 1.4, Sum: 13.0]
         [Termination Attempts: Min: 1, Avg: 1.0, Max: 1, Diff: 0, Sum: 18]
      [GC Worker Other (ms): Min: 0.0, Avg: 0.0, Max: 0.0, Diff: 0.0, Sum: 0.1]
      [GC Worker Total (ms): Min: 1.6, Avg: 2.0, Max: 2.5, Diff: 0.9, Sum: 36.3]
      [GC Worker End (ms): Min: 29305.6, Avg: 29305.6, Max: 29305.7, Diff: 0.1]
   [Code Root Fixup: 0.0 ms]
   [Code Root Purge: 0.0 ms]
   [Clear CT: 1.3 ms]
   [Other: 2.4 ms]
      [Choose CSet: 0.0 ms]
      [Ref Proc: 1.7 ms]
      [Ref Enq: 0.0 ms]
      [Redirty Cards: 0.6 ms]
      [Humongous Register: 0.0 ms]
      [Humongous Reclaim: 0.0 ms]
      [Free CSet: 0.0 ms]
   [Eden: 7168.0K(7168.0K)->0.0B(4096.0K) Survivors: 2048.0K->2048.0K Heap: 48409.6K(65536.0K)->45032.6K(65536.0K)]
 [Times: user=0.02 sys=0.00, real=0.01 secs] 
2026-06-17T09:49:07.110+0800: 29.311: [GC concurrent-root-region-scan-start]
2026-06-17T09:49:07.110+0800: 29.312: [GC concurrent-root-region-scan-end, 0.0003386 secs]
2026-06-17T09:49:07.110+0800: 29.312: [GC concurrent-mark-start]
2026-06-17T09:49:07.111+0800: 29.312: [GC concurrent-mark-end, 0.0004170 secs]
2026-06-17T09:49:07.111+0800: 29.312: [GC remark 2026-06-17T09:49:07.111+0800: 29.313: [Finalize Marking, 0.0024513 secs] 2026-06-17T09:49:07.114+0800: 29.316: [GC ref-proc, 0.0005209 secs] 2026-06-17T09:49:07.116+0800: 29.317: [Unloading, 0.0018786 secs], 0.0077577 secs]
 [Times: user=0.02 sys=0.00, real=0.00 secs] 
2026-06-17T09:49:07.120+0800: 29.321: [GC cleanup 47325K->45277K(65536K), 0.0028879 secs]
 [Times: user=0.00 sys=0.00, real=0.01 secs] 
2026-06-17T09:49:07.124+0800: 29.325: [GC concurrent-cleanup-start]
2026-06-17T09:49:07.124+0800: 29.325: [GC concurrent-cleanup-end, 0.0000121 secs]
2026-06-17T09:49:07.124+0800: 29.325: [GC pause (G1 Evacuation Pause) (young), 0.0137388 secs]
   [Parallel Time: 9.4 ms, GC Workers: 18]
      [GC Worker Start (ms): Min: 29325.0, Avg: 29326.5, Max: 29333.8, Diff: 8.8]
      [Ext Root Scanning (ms): Min: 0.0, Avg: 0.0, Max: 0.2, Diff: 0.2, Sum: 0.4]
      [Update RS (ms): Min: 0.0, Avg: 0.0, Max: 0.0, Diff: 0.0, Sum: 0.0]
         [Processed Buffers: Min: 0, Avg: 0.2, Max: 1, Diff: 1, Sum: 3]
      [Scan RS (ms): Min: 0.0, Avg: 0.0, Max: 0.0, Diff: 0.0, Sum: 0.0]
      [Code Root Scanning (ms): Min: 0.0, Avg: 0.0, Max: 0.0, Diff: 0.0, Sum: 0.0]
      [Object Copy (ms): Min: 0.0, Avg: 0.0, Max: 0.1, Diff: 0.1, Sum: 0.4]
      [Termination (ms): Min: 0.0, Avg: 7.2, Max: 8.6, Diff: 8.6, Sum: 130.3]
         [Termination Attempts: Min: 1, Avg: 1.1, Max: 2, Diff: 1, Sum: 19]
      [GC Worker Other (ms): Min: 0.0, Avg: 0.0, Max: 0.0, Diff: 0.0, Sum: 0.1]
      [GC Worker Total (ms): Min: 0.0, Avg: 7.3, Max: 8.9, Diff: 8.9, Sum: 131.2]
      [GC Worker End (ms): Min: 29333.8, Avg: 29333.8, Max: 29333.9, Diff: 0.2]
   [Code Root Fixup: 0.0 ms]
   [Code Root Purge: 0.0 ms]
   [Clear CT: 0.6 ms]
   [Other: 3.7 ms]
      [Choose CSet: 0.0 ms]
      [Ref Proc: 3.1 ms]
      [Ref Enq: 0.0 ms]
      [Redirty Cards: 0.5 ms]
      [Humongous Register: 0.0 ms]
      [Humongous Reclaim: 0.0 ms]
      [Free CSet: 0.0 ms]
   [Eden: 4096.0K(4096.0K)->0.0B(2048.0K) Survivors: 2048.0K->1024.0K Heap: 47080.6K(65536.0K)->44606.6K(65536.0K)]
 [Times: user=0.16 sys=0.00, real=0.01 secs] 
2026-06-17T09:49:07.149+0800: 29.350: [GC pause (G1 Evacuation Pause) (mixed), 0.0140677 secs]
   [Parallel Time: 10.0 ms, GC Workers: 18]
      [GC Worker Start (ms): Min: 29350.4, Avg: 29352.5, Max: 29359.4, Diff: 9.0]
      [Ext Root Scanning (ms): Min: 0.0, Avg: 0.0, Max: 0.2, Diff: 0.2, Sum: 0.3]
      [Update RS (ms): Min: 0.0, Avg: 0.0, Max: 0.0, Diff: 0.0, Sum: 0.0]
         [Processed Buffers: Min: 0, Avg: 0.1, Max: 1, Diff: 1, Sum: 2]
      [Scan RS (ms): Min: 0.0, Avg: 0.0, Max: 0.0, Diff: 0.0, Sum: 0.0]
      [Code Root Scanning (ms): Min: 0.0, Avg: 0.0, Max: 0.0, Diff: 0.0, Sum: 0.0]
      [Object Copy (ms): Min: 0.0, Avg: 0.0, Max: 0.2, Diff: 0.2, Sum: 0.4]
      [Termination (ms): Min: 0.0, Avg: 6.9, Max: 8.8, Diff: 8.8, Sum: 123.9]
         [Termination Attempts: Min: 1, Avg: 1.0, Max: 1, Diff: 0, Sum: 18]
      [GC Worker Other (ms): Min: 0.0, Avg: 0.0, Max: 0.0, Diff: 0.0, Sum: 0.1]
      [GC Worker Total (ms): Min: 0.0, Avg: 6.9, Max: 9.2, Diff: 9.1, Sum: 124.8]
      [GC Worker End (ms): Min: 29359.4, Avg: 29359.5, Max: 29359.6, Diff: 0.2]
   [Code Root Fixup: 0.0 ms]
   [Code Root Purge: 0.0 ms]
   [Clear CT: 0.9 ms]
   [Other: 3.2 ms]
      [Choose CSet: 0.0 ms]
      [Ref Proc: 2.0 ms]
      [Ref Enq: 0.0 ms]
      [Redirty Cards: 1.1 ms]
      [Humongous Register: 0.0 ms]
      [Humongous Reclaim: 0.0 ms]
      [Free CSet: 0.0 ms]
   [Eden: 2048.0K(2048.0K)->0.0B(2048.0K) Survivors: 1024.0K->1024.0K Heap: 46654.6K(65536.0K)->39472.9K(65536.0K)]
 [Times: user=0.14 sys=0.01, real=0.02 secs] 
2026-06-17T09:49:07.164+0800: 29.366: [GC pause (G1 Evacuation Pause) (mixed), 0.0057227 secs]
   [Parallel Time: 2.1 ms, GC Workers: 18]
      [GC Worker Start (ms): Min: 29365.8, Avg: 29366.7, Max: 29367.4, Diff: 1.6]
      [Ext Root Scanning (ms): Min: 0.0, Avg: 0.0, Max: 0.2, Diff: 0.2, Sum: 0.3]
      [Update RS (ms): Min: 0.0, Avg: 0.0, Max: 0.0, Diff: 0.0, Sum: 0.0]
         [Processed Buffers: Min: 0, Avg: 0.2, Max: 1, Diff: 1, Sum: 3]
      [Scan RS (ms): Min: 0.0, Avg: 0.0, Max: 0.0, Diff: 0.0, Sum: 0.1]
      [Code Root Scanning (ms): Min: 0.0, Avg: 0.0, Max: 0.0, Diff: 0.0, Sum: 0.0]
      [Object Copy (ms): Min: 0.0, Avg: 0.1, Max: 0.3, Diff: 0.3, Sum: 1.1]
      [Termination (ms): Min: 0.0, Avg: 0.6, Max: 1.1, Diff: 1.1, Sum: 11.3]
         [Termination Attempts: Min: 1, Avg: 1.0, Max: 1, Diff: 0, Sum: 18]
      [GC Worker Other (ms): Min: 0.0, Avg: 0.0, Max: 0.0, Diff: 0.0, Sum: 0.1]
      [GC Worker Total (ms): Min: 0.0, Avg: 0.7, Max: 1.6, Diff: 1.6, Sum: 13.0]
      [GC Worker End (ms): Min: 29367.4, Avg: 29367.4, Max: 29367.5, Diff: 0.1]
   [Code Root Fixup: 0.0 ms]
   [Code Root Purge: 0.0 ms]
   [Clear CT: 1.1 ms]
   [Other: 2.5 ms]
      [Choose CSet: 0.0 ms]
      [Ref Proc: 1.7 ms]
      [Ref Enq: 0.0 ms]
      [Redirty Cards: 0.8 ms]
      [Humongous Register: 0.0 ms]
      [Humongous Reclaim: 0.0 ms]
      [Free CSet: 0.0 ms]
   [Eden: 2048.0K(2048.0K)->0.0B(2048.0K) Survivors: 1024.0K->1024.0K Heap: 41520.9K(65536.0K)->40092.6K(65536.0K)]
 [Times: user=0.02 sys=0.00, real=0.01 secs] 
2026-06-17T09:49:07.171+0800: 29.373: [GC pause (G1 Evacuation Pause) (mixed), 0.0097298 secs]
   [Parallel Time: 6.4 ms, GC Workers: 18]
      [GC Worker Start (ms): Min: 29372.6, Avg: 29373.9, Max: 29378.8, Diff: 6.3]
      [Ext Root Scanning (ms): Min: 0.0, Avg: 0.0, Max: 0.2, Diff: 0.2, Sum: 0.4]
      [Update RS (ms): Min: 0.0, Avg: 0.0, Max: 0.0, Diff: 0.0, Sum: 0.0]
         [Processed Buffers: Min: 0, Avg: 0.2, Max: 2, Diff: 2, Sum: 4]
      [Scan RS (ms): Min: 0.0, Avg: 0.0, Max: 0.0, Diff: 0.0, Sum: 0.1]
      [Code Root Scanning (ms): Min: 0.0, Avg: 0.0, Max: 0.0, Diff: 0.0, Sum: 0.0]
      [Object Copy (ms): Min: 0.0, Avg: 0.0, Max: 0.2, Diff: 0.2, Sum: 0.5]
      [Termination (ms): Min: 0.0, Avg: 4.9, Max: 5.9, Diff: 5.9, Sum: 87.7]
         [Termination Attempts: Min: 1, Avg: 1.1, Max: 2, Diff: 1, Sum: 19]
      [GC Worker Other (ms): Min: 0.0, Avg: 0.0, Max: 0.0, Diff: 0.0, Sum: 0.1]
      [GC Worker Total (ms): Min: 0.0, Avg: 4.9, Max: 6.3, Diff: 6.3, Sum: 88.9]
      [GC Worker End (ms): Min: 29378.8, Avg: 29378.9, Max: 29378.9, Diff: 0.1]
   [Code Root Fixup: 0.0 ms]
   [Code Root Purge: 0.0 ms]
   [Clear CT: 0.9 ms]
   [Other: 2.4 ms]
      [Choose CSet: 0.0 ms]
      [Ref Proc: 1.6 ms]
      [Ref Enq: 0.0 ms]
      [Redirty Cards: 0.8 ms]
      [Humongous Register: 0.0 ms]
      [Humongous Reclaim: 0.0 ms]
      [Free CSet: 0.0 ms]
   [Eden: 2048.0K(2048.0K)->0.0B(9216.0K) Survivors: 1024.0K->1024.0K Heap: 42140.6K(65536.0K)->38517.8K(65536.0K)]
 [Times: user=0.10 sys=0.00, real=0.00 secs] 
2026-06-17T09:49:07.213+0800: 29.415: [GC pause (G1 Evacuation Pause) (young), 0.0142866 secs]
   [Parallel Time: 10.0 ms, GC Workers: 18]
      [GC Worker Start (ms): Min: 29414.8, Avg: 29416.3, Max: 29423.8, Diff: 9.1]
      [Ext Root Scanning (ms): Min: 0.0, Avg: 0.0, Max: 0.2, Diff: 0.2, Sum: 0.4]
      [Update RS (ms): Min: 0.0, Avg: 0.0, Max: 0.1, Diff: 0.1, Sum: 0.2]
         [Processed Buffers: Min: 0, Avg: 0.3, Max: 3, Diff: 3, Sum: 5]
      [Scan RS (ms): Min: 0.0, Avg: 0.0, Max: 0.0, Diff: 0.0, Sum: 0.0]
      [Code Root Scanning (ms): Min: 0.0, Avg: 0.0, Max: 0.0, Diff: 0.0, Sum: 0.0]
      [Object Copy (ms): Min: 0.0, Avg: 0.0, Max: 0.1, Diff: 0.1, Sum: 0.4]
      [Termination (ms): Min: 0.0, Avg: 7.6, Max: 8.9, Diff: 8.9, Sum: 137.6]
         [Termination Attempts: Min: 1, Avg: 1.0, Max: 1, Diff: 0, Sum: 18]
      [GC Worker Other (ms): Min: 0.0, Avg: 0.0, Max: 0.0, Diff: 0.0, Sum: 0.1]
      [GC Worker Total (ms): Min: 0.0, Avg: 7.7, Max: 9.2, Diff: 9.2, Sum: 138.8]
      [GC Worker End (ms): Min: 29423.8, Avg: 29424.0, Max: 29424.2, Diff: 0.3]
   [Code Root Fixup: 0.0 ms]
   [Code Root Purge: 0.0 ms]
   [Clear CT: 1.0 ms]
   [Other: 3.3 ms]
      [Choose CSet: 0.0 ms]
      [Ref Proc: 2.6 ms]
      [Ref Enq: 0.0 ms]
      [Redirty Cards: 0.7 ms]
      [Humongous Register: 0.0 ms]
      [Humongous Reclaim: 0.0 ms]
      [Free CSet: 0.0 ms]
   [Eden: 9216.0K(9216.0K)->0.0B(8192.0K) Survivors: 1024.0K->2048.0K Heap: 47733.8K(65536.0K)->41373.6K(65536.0K)]
 [Times: user=0.16 sys=0.01, real=0.01 secs] 
2026-06-17T09:49:07.250+0800: 29.451: [GC pause (G1 Evacuation Pause) (young) (initial-mark), 0.0089959 secs]
   [Parallel Time: 3.6 ms, GC Workers: 18]
      [GC Worker Start (ms): Min: 29451.0, Avg: 29451.4, Max: 29451.8, Diff: 0.8]
      [Ext Root Scanning (ms): Min: 0.0, Avg: 1.2, Max: 2.3, Diff: 2.3, Sum: 22.2]
      [Update RS (ms): Min: 0.0, Avg: 0.0, Max: 0.0, Diff: 0.0, Sum: 0.0]
         [Processed Buffers: Min: 0, Avg: 0.1, Max: 2, Diff: 2, Sum: 2]
      [Scan RS (ms): Min: 0.0, Avg: 0.0, Max: 0.0, Diff: 0.0, Sum: 0.0]
      [Code Root Scanning (ms): Min: 0.0, Avg: 0.0, Max: 0.0, Diff: 0.0, Sum: 0.0]
      [Object Copy (ms): Min: 0.0, Avg: 0.0, Max: 0.2, Diff: 0.2, Sum: 0.4]
      [Termination (ms): Min: 0.0, Avg: 1.4, Max: 2.2, Diff: 2.2, Sum: 26.1]
         [Termination Attempts: Min: 1, Avg: 1.0, Max: 1, Diff: 0, Sum: 18]
      [GC Worker Other (ms): Min: 0.0, Avg: 0.0, Max: 0.0, Diff: 0.0, Sum: 0.1]
      [GC Worker Total (ms): Min: 2.3, Avg: 2.7, Max: 3.1, Diff: 0.8, Sum: 48.8]
      [GC Worker End (ms): Min: 29454.1, Avg: 29454.1, Max: 29454.2, Diff: 0.1]
   [Code Root Fixup: 0.0 ms]
   [Code Root Purge: 0.0 ms]
   [Clear CT: 1.0 ms]
   [Other: 4.4 ms]
      [Choose CSet: 0.0 ms]
      [Ref Proc: 3.6 ms]
      [Ref Enq: 0.0 ms]
      [Redirty Cards: 0.8 ms]
      [Humongous Register: 0.0 ms]
      [Humongous Reclaim: 0.0 ms]
      [Free CSet: 0.0 ms]
   [Eden: 8192.0K(8192.0K)->0.0B(6144.0K) Survivors: 2048.0K->2048.0K Heap: 49565.6K(65536.0K)->42816.6K(65536.0K)]
 [Times: user=0.07 sys=0.00, real=0.01 secs] 
2026-06-17T09:49:07.260+0800: 29.461: [GC concurrent-root-region-scan-start]
2026-06-17T09:49:07.260+0800: 29.461: [GC concurrent-root-region-scan-end, 0.0003060 secs]
2026-06-17T09:49:07.260+0800: 29.461: [GC concurrent-mark-start]
2026-06-17T09:49:07.261+0800: 29.462: [GC concurrent-mark-end, 0.0004117 secs]
2026-06-17T09:49:07.261+0800: 29.462: [GC remark 2026-06-17T09:49:07.261+0800: 29.463: [Finalize Marking, 0.0025338 secs] 2026-06-17T09:49:07.264+0800: 29.466: [GC ref-proc, 0.0004727 secs] 2026-06-17T09:49:07.265+0800: 29.466: [Unloading, 0.0017446 secs], 0.0072047 secs]
 [Times: user=0.01 sys=0.00, real=0.01 secs] 
2026-06-17T09:49:07.269+0800: 29.470: [GC cleanup 45945K->41849K(65536K), 0.0031127 secs]
 [Times: user=0.00 sys=0.01, real=0.01 secs] 
2026-06-17T09:49:07.273+0800: 29.474: [GC concurrent-cleanup-start]
2026-06-17T09:49:07.273+0800: 29.474: [GC concurrent-cleanup-end, 0.0000093 secs]
2026-06-17T09:49:07.273+0800: 29.475: [GC pause (G1 Evacuation Pause) (young), 0.0082638 secs]
   [Parallel Time: 4.2 ms, GC Workers: 18]
      [GC Worker Start (ms): Min: 29474.7, Avg: 29475.7, Max: 29478.0, Diff: 3.4]
      [Ext Root Scanning (ms): Min: 0.0, Avg: 0.0, Max: 0.1, Diff: 0.1, Sum: 0.3]
      [Update RS (ms): Min: 0.0, Avg: 0.0, Max: 0.0, Diff: 0.0, Sum: 0.0]
         [Processed Buffers: Min: 0, Avg: 0.2, Max: 1, Diff: 1, Sum: 3]
      [Scan RS (ms): Min: 0.0, Avg: 0.0, Max: 0.0, Diff: 0.0, Sum: 0.0]
      [Code Root Scanning (ms): Min: 0.0, Avg: 0.0, Max: 0.0, Diff: 0.0, Sum: 0.0]
      [Object Copy (ms): Min: 0.0, Avg: 0.0, Max: 0.2, Diff: 0.2, Sum: 0.6]
      [Termination (ms): Min: 0.0, Avg: 2.3, Max: 3.3, Diff: 3.3, Sum: 41.9]
         [Termination Attempts: Min: 1, Avg: 1.0, Max: 1, Diff: 0, Sum: 18]
      [GC Worker Other (ms): Min: 0.0, Avg: 0.0, Max: 0.0, Diff: 0.0, Sum: 0.1]
      [GC Worker Total (ms): Min: 0.0, Avg: 2.4, Max: 3.6, Diff: 3.5, Sum: 43.0]
      [GC Worker End (ms): Min: 29478.0, Avg: 29478.1, Max: 29478.4, Diff: 0.4]
   [Code Root Fixup: 0.0 ms]
   [Code Root Purge: 0.0 ms]
   [Clear CT: 0.8 ms]
   [Other: 3.2 ms]
      [Choose CSet: 0.0 ms]
      [Ref Proc: 2.4 ms]
      [Ref Enq: 0.0 ms]
      [Redirty Cards: 0.7 ms]
      [Humongous Register: 0.0 ms]
      [Humongous Reclaim: 0.0 ms]
      [Free CSet: 0.0 ms]
   [Eden: 6144.0K(6144.0K)->0.0B(2048.0K) Survivors: 2048.0K->1024.0K Heap: 44864.6K(65536.0K)->41339.6K(65536.0K)]
 [Times: user=0.07 sys=0.00, real=0.00 secs] 
2026-06-17T09:49:07.283+0800: 29.484: [GC pause (G1 Evacuation Pause) (mixed), 0.0057679 secs]
   [Parallel Time: 2.7 ms, GC Workers: 18]
      [GC Worker Start (ms): Min: 29484.0, Avg: 29484.8, Max: 29486.2, Diff: 2.2]
      [Ext Root Scanning (ms): Min: 0.0, Avg: 0.0, Max: 0.1, Diff: 0.1, Sum: 0.2]
      [Update RS (ms): Min: 0.0, Avg: 0.0, Max: 0.0, Diff: 0.0, Sum: 0.0]
         [Processed Buffers: Min: 0, Avg: 0.2, Max: 2, Diff: 2, Sum: 3]
      [Scan RS (ms): Min: 0.0, Avg: 0.0, Max: 0.0, Diff: 0.0, Sum: 0.0]
      [Code Root Scanning (ms): Min: 0.0, Avg: 0.0, Max: 0.0, Diff: 0.0, Sum: 0.0]
      [Object Copy (ms): Min: 0.0, Avg: 0.0, Max: 0.1, Diff: 0.1, Sum: 0.5]
      [Termination (ms): Min: 0.0, Avg: 1.5, Max: 2.1, Diff: 2.1, Sum: 26.4]
         [Termination Attempts: Min: 1, Avg: 1.0, Max: 1, Diff: 0, Sum: 18]
      [GC Worker Other (ms): Min: 0.0, Avg: 0.0, Max: 0.0, Diff: 0.0, Sum: 0.1]
      [GC Worker Total (ms): Min: 0.0, Avg: 1.5, Max: 2.3, Diff: 2.3, Sum: 27.2]
      [GC Worker End (ms): Min: 29486.2, Avg: 29486.3, Max: 29486.4, Diff: 0.2]
   [Code Root Fixup: 0.0 ms]
   [Code Root Purge: 0.0 ms]
   [Clear CT: 0.6 ms]
   [Other: 2.5 ms]
      [Choose CSet: 0.0 ms]
      [Ref Proc: 1.8 ms]
      [Ref Enq: 0.0 ms]
      [Redirty Cards: 0.6 ms]
      [Humongous Register: 0.0 ms]
      [Humongous Reclaim: 0.0 ms]
      [Free CSet: 0.0 ms]
   [Eden: 2048.0K(2048.0K)->0.0B(2048.0K) Survivors: 1024.0K->1024.0K Heap: 43387.6K(65536.0K)->37297.6K(65536.0K)]
 [Times: user=0.04 sys=0.00, real=0.00 secs] 
2026-06-17T09:49:07.300+0800: 29.501: [GC pause (G1 Evacuation Pause) (mixed), 0.0073406 secs]
   [Parallel Time: 2.9 ms, GC Workers: 18]
      [GC Worker Start (ms): Min: 29501.2, Avg: 29502.2, Max: 29503.4, Diff: 2.2]
      [Ext Root Scanning (ms): Min: 0.0, Avg: 0.0, Max: 0.2, Diff: 0.2, Sum: 0.4]
      [Update RS (ms): Min: 0.0, Avg: 0.0, Max: 0.0, Diff: 0.0, Sum: 0.0]
         [Processed Buffers: Min: 0, Avg: 0.2, Max: 2, Diff: 2, Sum: 4]
      [Scan RS (ms): Min: 0.0, Avg: 0.0, Max: 0.0, Diff: 0.0, Sum: 0.1]
      [Code Root Scanning (ms): Min: 0.0, Avg: 0.0, Max: 0.0, Diff: 0.0, Sum: 0.0]
      [Object Copy (ms): Min: 0.0, Avg: 0.0, Max: 0.2, Diff: 0.2, Sum: 0.8]
      [Termination (ms): Min: 0.0, Avg: 1.2, Max: 2.2, Diff: 2.2, Sum: 22.4]
         [Termination Attempts: Min: 1, Avg: 1.0, Max: 1, Diff: 0, Sum: 18]
      [GC Worker Other (ms): Min: 0.0, Avg: 0.0, Max: 0.0, Diff: 0.0, Sum: 0.1]
      [GC Worker Total (ms): Min: 0.0, Avg: 1.3, Max: 2.6, Diff: 2.5, Sum: 23.8]
      [GC Worker End (ms): Min: 29503.4, Avg: 29503.5, Max: 29503.8, Diff: 0.4]
   [Code Root Fixup: 0.0 ms]
   [Code Root Purge: 0.0 ms]
   [Clear CT: 1.2 ms]
   [Other: 3.2 ms]
      [Choose CSet: 0.0 ms]
      [Ref Proc: 2.6 ms]
      [Ref Enq: 0.0 ms]
      [Redirty Cards: 0.6 ms]
      [Humongous Register: 0.0 ms]
      [Humongous Reclaim: 0.0 ms]
      [Free CSet: 0.0 ms]
   [Eden: 2048.0K(2048.0K)->0.0B(2048.0K) Survivors: 1024.0K->1024.0K Heap: 39345.6K(65536.0K)->35502.6K(65536.0K)]
 [Times: user=0.04 sys=0.01, real=0.01 secs] 
2026-06-17T09:49:07.308+0800: 29.510: [GC pause (G1 Evacuation Pause) (mixed), 0.0069086 secs]
   [Parallel Time: 2.4 ms, GC Workers: 18]
      [GC Worker Start (ms): Min: 29509.7, Avg: 29510.6, Max: 29511.4, Diff: 1.7]
      [Ext Root Scanning (ms): Min: 0.0, Avg: 0.0, Max: 0.1, Diff: 0.1, Sum: 0.3]
      [Update RS (ms): Min: 0.0, Avg: 0.0, Max: 0.0, Diff: 0.0, Sum: 0.1]
         [Processed Buffers: Min: 0, Avg: 0.2, Max: 2, Diff: 2, Sum: 4]
      [Scan RS (ms): Min: 0.0, Avg: 0.0, Max: 0.0, Diff: 0.0, Sum: 0.0]
      [Code Root Scanning (ms): Min: 0.0, Avg: 0.0, Max: 0.0, Diff: 0.0, Sum: 0.0]
      [Object Copy (ms): Min: 0.0, Avg: 0.0, Max: 0.1, Diff: 0.1, Sum: 0.4]
      [Termination (ms): Min: 0.0, Avg: 0.8, Max: 1.5, Diff: 1.5, Sum: 15.1]
         [Termination Attempts: Min: 1, Avg: 1.0, Max: 1, Diff: 0, Sum: 18]
      [GC Worker Other (ms): Min: 0.0, Avg: 0.0, Max: 0.0, Diff: 0.0, Sum: 0.1]
      [GC Worker Total (ms): Min: 0.0, Avg: 0.9, Max: 1.8, Diff: 1.8, Sum: 16.0]
      [GC Worker End (ms): Min: 29511.4, Avg: 29511.5, Max: 29511.6, Diff: 0.2]
   [Code Root Fixup: 0.0 ms]
   [Code Root Purge: 0.0 ms]
   [Clear CT: 0.9 ms]
   [Other: 3.6 ms]
      [Choose CSet: 0.0 ms]
      [Ref Proc: 2.9 ms]
      [Ref Enq: 0.0 ms]
      [Redirty Cards: 0.7 ms]
      [Humongous Register: 0.0 ms]
      [Humongous Reclaim: 0.0 ms]
      [Free CSet: 0.0 ms]
   [Eden: 2048.0K(2048.0K)->0.0B(11264.0K) Survivors: 1024.0K->1024.0K Heap: 37550.6K(65536.0K)->35647.6K(65536.0K)]
 [Times: user=0.04 sys=0.00, real=0.01 secs] 
2026-06-17T09:49:07.327+0800: 29.528: [GC pause (G1 Humongous Allocation) (young) (initial-mark), 0.0096870 secs]
   [Parallel Time: 4.2 ms, GC Workers: 18]
      [GC Worker Start (ms): Min: 29528.2, Avg: 29528.4, Max: 29528.6, Diff: 0.4]
      [Ext Root Scanning (ms): Min: 0.0, Avg: 1.2, Max: 2.1, Diff: 2.1, Sum: 20.9]
      [Update RS (ms): Min: 0.0, Avg: 0.0, Max: 0.1, Diff: 0.1, Sum: 0.1]
         [Processed Buffers: Min: 0, Avg: 0.3, Max: 4, Diff: 4, Sum: 5]
      [Scan RS (ms): Min: 0.0, Avg: 0.0, Max: 0.0, Diff: 0.0, Sum: 0.0]
      [Code Root Scanning (ms): Min: 0.0, Avg: 0.0, Max: 0.0, Diff: 0.0, Sum: 0.0]
      [Object Copy (ms): Min: 0.0, Avg: 0.0, Max: 0.1, Diff: 0.1, Sum: 0.2]
      [Termination (ms): Min: 0.0, Avg: 1.2, Max: 2.4, Diff: 2.4, Sum: 22.2]
         [Termination Attempts: Min: 1, Avg: 1.0, Max: 1, Diff: 0, Sum: 18]
      [GC Worker Other (ms): Min: 0.0, Avg: 0.0, Max: 0.0, Diff: 0.0, Sum: 0.1]
      [GC Worker Total (ms): Min: 2.1, Avg: 2.4, Max: 2.9, Diff: 0.8, Sum: 43.6]
      [GC Worker End (ms): Min: 29530.7, Avg: 29530.9, Max: 29531.2, Diff: 0.5]
   [Code Root Fixup: 0.0 ms]
   [Code Root Purge: 0.0 ms]
   [Clear CT: 0.7 ms]
   [Other: 4.8 ms]
      [Choose CSet: 0.0 ms]
      [Ref Proc: 4.2 ms]
      [Ref Enq: 0.0 ms]
      [Redirty Cards: 0.5 ms]
      [Humongous Register: 0.0 ms]
      [Humongous Reclaim: 0.0 ms]
      [Free CSet: 0.0 ms]
   [Eden: 4096.0K(11264.0K)->0.0B(11264.0K) Survivors: 1024.0K->2048.0K Heap: 39365.9K(65536.0K)->35818.7K(65536.0K)]
 [Times: user=0.06 sys=0.00, real=0.01 secs] 
2026-06-17T09:49:07.338+0800: 29.539: [GC concurrent-root-region-scan-start]
2026-06-17T09:49:07.338+0800: 29.539: [GC concurrent-root-region-scan-end, 0.0003227 secs]
2026-06-17T09:49:07.338+0800: 29.539: [GC concurrent-mark-start]
2026-06-17T09:49:07.338+0800: 29.540: [GC concurrent-mark-end, 0.0004436 secs]
2026-06-17T09:49:07.339+0800: 29.540: [GC remark 2026-06-17T09:49:07.339+0800: 29.540: [Finalize Marking, 0.0057139 secs] 2026-06-17T09:49:07.345+0800: 29.546: [GC ref-proc, 0.0007642 secs] 2026-06-17T09:49:07.346+0800: 29.548: [Unloading, 0.0019776 secs], 0.0115917 secs]
 [Times: user=0.06 sys=0.00, real=0.02 secs] 
2026-06-17T09:49:07.351+0800: 29.553: [GC cleanup 37915K->35513K(65536K), 0.0032052 secs]
 [Times: user=0.01 sys=0.00, real=0.00 secs] 
2026-06-17T09:49:07.355+0800: 29.557: [GC concurrent-cleanup-start]
2026-06-17T09:49:07.355+0800: 29.557: [GC concurrent-cleanup-end, 0.0000118 secs]
2026-06-17T09:49:07.376+0800: 29.578: [GC pause (G1 Evacuation Pause) (young), 0.0073256 secs]
   [Parallel Time: 3.0 ms, GC Workers: 18]
      [GC Worker Start (ms): Min: 29577.8, Avg: 29579.0, Max: 29579.9, Diff: 2.1]
      [Ext Root Scanning (ms): Min: 0.0, Avg: 0.0, Max: 0.1, Diff: 0.1, Sum: 0.2]
      [Update RS (ms): Min: 0.0, Avg: 0.0, Max: 0.0, Diff: 0.0, Sum: 0.0]
         [Processed Buffers: Min: 0, Avg: 0.2, Max: 2, Diff: 2, Sum: 3]
      [Scan RS (ms): Min: 0.0, Avg: 0.0, Max: 0.0, Diff: 0.0, Sum: 0.0]
      [Code Root Scanning (ms): Min: 0.0, Avg: 0.0, Max: 0.0, Diff: 0.0, Sum: 0.0]
      [Object Copy (ms): Min: 0.0, Avg: 0.0, Max: 0.2, Diff: 0.2, Sum: 0.6]
      [Termination (ms): Min: 0.0, Avg: 0.9, Max: 1.9, Diff: 1.9, Sum: 16.7]
         [Termination Attempts: Min: 1, Avg: 1.0, Max: 1, Diff: 0, Sum: 18]
      [GC Worker Other (ms): Min: 0.0, Avg: 0.0, Max: 0.0, Diff: 0.0, Sum: 0.1]
      [GC Worker Total (ms): Min: 0.0, Avg: 1.0, Max: 2.1, Diff: 2.1, Sum: 17.6]
      [GC Worker End (ms): Min: 29579.9, Avg: 29579.9, Max: 29580.1, Diff: 0.2]
   [Code Root Fixup: 0.0 ms]
   [Code Root Purge: 0.0 ms]
   [Clear CT: 1.2 ms]
   [Other: 3.1 ms]
      [Choose CSet: 0.0 ms]
      [Ref Proc: 2.2 ms]
      [Ref Enq: 0.0 ms]
      [Redirty Cards: 0.9 ms]
      [Humongous Register: 0.0 ms]
      [Humongous Reclaim: 0.0 ms]
      [Free CSet: 0.0 ms]
   [Eden: 11264.0K(11264.0K)->0.0B(1024.0K) Survivors: 2048.0K->2048.0K Heap: 45912.2K(65536.0K)->37777.7K(65536.0K)]
 [Times: user=0.03 sys=0.00, real=0.01 secs] 
2026-06-17T09:49:07.385+0800: 29.586: [GC pause (G1 Evacuation Pause) (mixed), 0.0084840 secs]
   [Parallel Time: 2.3 ms, GC Workers: 18]
      [GC Worker Start (ms): Min: 29586.0, Avg: 29586.8, Max: 29587.8, Diff: 1.7]
      [Ext Root Scanning (ms): Min: 0.0, Avg: 0.0, Max: 0.2, Diff: 0.2, Sum: 0.4]
      [Update RS (ms): Min: 0.0, Avg: 0.0, Max: 0.0, Diff: 0.0, Sum: 0.0]
         [Processed Buffers: Min: 0, Avg: 0.1, Max: 1, Diff: 1, Sum: 2]
      [Scan RS (ms): Min: 0.0, Avg: 0.0, Max: 0.0, Diff: 0.0, Sum: 0.1]
      [Code Root Scanning (ms): Min: 0.0, Avg: 0.0, Max: 0.0, Diff: 0.0, Sum: 0.0]
      [Object Copy (ms): Min: 0.0, Avg: 0.0, Max: 0.2, Diff: 0.2, Sum: 0.8]
      [Termination (ms): Min: 0.0, Avg: 0.9, Max: 1.5, Diff: 1.5, Sum: 16.3]
         [Termination Attempts: Min: 1, Avg: 1.0, Max: 1, Diff: 0, Sum: 18]
      [GC Worker Other (ms): Min: 0.0, Avg: 0.0, Max: 0.0, Diff: 0.0, Sum: 0.1]
      [GC Worker Total (ms): Min: 0.0, Avg: 1.0, Max: 1.9, Diff: 1.9, Sum: 17.8]
      [GC Worker End (ms): Min: 29587.8, Avg: 29587.8, Max: 29587.9, Diff: 0.2]
   [Code Root Fixup: 0.0 ms]
   [Code Root Purge: 0.0 ms]
   [Clear CT: 1.0 ms]
   [Other: 5.2 ms]
      [Choose CSet: 0.0 ms]
      [Ref Proc: 4.3 ms]
      [Ref Enq: 0.0 ms]
      [Redirty Cards: 0.8 ms]
      [Humongous Register: 0.0 ms]
      [Humongous Reclaim: 0.0 ms]
      [Free CSet: 0.0 ms]
   [Eden: 1024.0K(1024.0K)->0.0B(10240.0K) Survivors: 2048.0K->1024.0K Heap: 38801.7K(65536.0K)->36190.1K(65536.0K)]
 [Times: user=0.07 sys=0.00, real=0.01 secs] 
2026-06-17T09:49:07.426+0800: 29.627: [GC pause (G1 Evacuation Pause) (young), 0.0225230 secs]
   [Parallel Time: 14.9 ms, GC Workers: 18]
      [GC Worker Start (ms): Min: 29627.0, Avg: 29633.2, Max: 29641.3, Diff: 14.2]
      [Ext Root Scanning (ms): Min: 0.0, Avg: 0.0, Max: 0.2, Diff: 0.2, Sum: 0.5]
      [Update RS (ms): Min: 0.0, Avg: 0.0, Max: 0.1, Diff: 0.1, Sum: 0.3]
         [Processed Buffers: Min: 0, Avg: 0.3, Max: 1, Diff: 1, Sum: 5]
      [Scan RS (ms): Min: 0.0, Avg: 0.0, Max: 0.0, Diff: 0.0, Sum: 0.0]
      [Code Root Scanning (ms): Min: 0.0, Avg: 0.0, Max: 0.0, Diff: 0.0, Sum: 0.0]
      [Object Copy (ms): Min: 0.0, Avg: 0.0, Max: 0.1, Diff: 0.1, Sum: 0.5]
      [Termination (ms): Min: 0.0, Avg: 8.2, Max: 14.2, Diff: 14.2, Sum: 147.6]
         [Termination Attempts: Min: 1, Avg: 1.0, Max: 1, Diff: 0, Sum: 18]
      [GC Worker Other (ms): Min: 0.0, Avg: 0.0, Max: 0.0, Diff: 0.0, Sum: 0.1]
      [GC Worker Total (ms): Min: 0.0, Avg: 8.3, Max: 14.4, Diff: 14.4, Sum: 148.9]
      [GC Worker End (ms): Min: 29641.3, Avg: 29641.4, Max: 29641.6, Diff: 0.3]
   [Code Root Fixup: 0.0 ms]
   [Code Root Purge: 0.0 ms]
   [Clear CT: 0.6 ms]
   [Other: 6.9 ms]
      [Choose CSet: 0.0 ms]
      [Ref Proc: 6.4 ms]
      [Ref Enq: 0.0 ms]
      [Redirty Cards: 0.5 ms]
      [Humongous Register: 0.0 ms]
      [Humongous Reclaim: 0.0 ms]
      [Free CSet: 0.0 ms]
   [Eden: 10240.0K(10240.0K)->0.0B(8192.0K) Survivors: 1024.0K->2048.0K Heap: 46430.1K(65536.0K)->39244.7K(65536.0K)]
 [Times: user=0.23 sys=0.00, real=0.02 secs] 
2026-06-17T09:49:07.459+0800: 29.661: [GC pause (G1 Evacuation Pause) (young) (initial-mark), 0.0135732 secs]
   [Parallel Time: 10.4 ms, GC Workers: 18]
      [GC Worker Start (ms): Min: 29660.7, Avg: 29660.9, Max: 29661.1, Diff: 0.4]
      [Ext Root Scanning (ms): Min: 0.0, Avg: 2.4, Max: 9.3, Diff: 9.3, Sum: 43.2]
      [Update RS (ms): Min: 0.0, Avg: 0.0, Max: 0.0, Diff: 0.0, Sum: 0.0]
         [Processed Buffers: Min: 0, Avg: 0.2, Max: 3, Diff: 3, Sum: 3]
      [Scan RS (ms): Min: 0.0, Avg: 0.0, Max: 0.0, Diff: 0.0, Sum: 0.0]
      [Code Root Scanning (ms): Min: 0.0, Avg: 0.0, Max: 0.0, Diff: 0.0, Sum: 0.0]
      [Object Copy (ms): Min: 0.0, Avg: 0.0, Max: 0.2, Diff: 0.2, Sum: 0.4]
      [Termination (ms): Min: 0.0, Avg: 7.1, Max: 9.3, Diff: 9.3, Sum: 128.0]
         [Termination Attempts: Min: 1, Avg: 1.0, Max: 1, Diff: 0, Sum: 18]
      [GC Worker Other (ms): Min: 0.0, Avg: 0.0, Max: 0.0, Diff: 0.0, Sum: 0.1]
      [GC Worker Total (ms): Min: 9.3, Avg: 9.5, Max: 9.7, Diff: 0.4, Sum: 171.7]
      [GC Worker End (ms): Min: 29670.4, Avg: 29670.5, Max: 29670.6, Diff: 0.2]
   [Code Root Fixup: 0.0 ms]
   [Code Root Purge: 0.0 ms]
   [Clear CT: 0.7 ms]
   [Other: 2.5 ms]
      [Choose CSet: 0.0 ms]
      [Ref Proc: 1.8 ms]
      [Ref Enq: 0.0 ms]
      [Redirty Cards: 0.7 ms]
      [Humongous Register: 0.0 ms]
      [Humongous Reclaim: 0.0 ms]
      [Free CSet: 0.0 ms]
   [Eden: 8192.0K(8192.0K)->0.0B(6144.0K) Survivors: 2048.0K->2048.0K Heap: 47436.7K(65536.0K)->40308.7K(65536.0K)]
 [Times: user=0.15 sys=0.00, real=0.02 secs] 
2026-06-17T09:49:07.474+0800: 29.675: [GC concurrent-root-region-scan-start]
2026-06-17T09:49:07.474+0800: 29.676: [GC concurrent-root-region-scan-end, 0.0002457 secs]
2026-06-17T09:49:07.474+0800: 29.676: [GC concurrent-mark-start]
2026-06-17T09:49:07.475+0800: 29.676: [GC concurrent-mark-end, 0.0003876 secs]
2026-06-17T09:49:07.475+0800: 29.676: [GC remark 2026-06-17T09:49:07.475+0800: 29.676: [Finalize Marking, 0.0062945 secs] 2026-06-17T09:49:07.482+0800: 29.683: [GC ref-proc, 0.0004925 secs] 2026-06-17T09:49:07.483+0800: 29.684: [Unloading, 0.0013680 secs], 0.0103605 secs]
 [Times: user=0.07 sys=0.00, real=0.01 secs] 
2026-06-17T09:49:07.486+0800: 29.688: [GC cleanup 42946K->42705K(65536K), 0.0025626 secs]
 [Times: user=0.00 sys=0.00, real=0.00 secs] 
2026-06-17T09:49:07.490+0800: 29.691: [GC concurrent-cleanup-start]
2026-06-17T09:49:07.490+0800: 29.691: [GC concurrent-cleanup-end, 0.0000062 secs]
2026-06-17T09:49:07.500+0800: 29.702: [GC pause (G1 Evacuation Pause) (young), 0.0150627 secs]
   [Parallel Time: 9.9 ms, GC Workers: 18]
      [GC Worker Start (ms): Min: 29701.7, Avg: 29704.4, Max: 29710.1, Diff: 8.5]
      [Ext Root Scanning (ms): Min: 0.0, Avg: 0.0, Max: 0.1, Diff: 0.1, Sum: 0.4]
      [Update RS (ms): Min: 0.0, Avg: 0.0, Max: 0.0, Diff: 0.0, Sum: 0.0]
         [Processed Buffers: Min: 0, Avg: 0.1, Max: 1, Diff: 1, Sum: 2]
      [Scan RS (ms): Min: 0.0, Avg: 0.0, Max: 0.0, Diff: 0.0, Sum: 0.0]
      [Code Root Scanning (ms): Min: 0.0, Avg: 0.0, Max: 0.0, Diff: 0.0, Sum: 0.0]
      [Object Copy (ms): Min: 0.0, Avg: 0.0, Max: 0.2, Diff: 0.2, Sum: 0.5]
      [Termination (ms): Min: 0.0, Avg: 5.8, Max: 8.4, Diff: 8.4, Sum: 105.1]
         [Termination Attempts: Min: 1, Avg: 1.0, Max: 1, Diff: 0, Sum: 18]
      [GC Worker Other (ms): Min: 0.0, Avg: 0.0, Max: 0.0, Diff: 0.0, Sum: 0.2]
      [GC Worker Total (ms): Min: 0.0, Avg: 5.9, Max: 8.7, Diff: 8.7, Sum: 106.2]
      [GC Worker End (ms): Min: 29710.2, Avg: 29710.3, Max: 29710.5, Diff: 0.4]
   [Code Root Fixup: 0.0 ms]
   [Code Root Purge: 0.0 ms]
   [Clear CT: 0.6 ms]
   [Other: 4.6 ms]
      [Choose CSet: 0.0 ms]
      [Ref Proc: 4.0 ms]
      [Ref Enq: 0.0 ms]
      [Redirty Cards: 0.6 ms]
      [Humongous Register: 0.0 ms]
      [Humongous Reclaim: 0.0 ms]
      [Free CSet: 0.0 ms]
   [Eden: 6144.0K(6144.0K)->0.0B(2048.0K) Survivors: 2048.0K->1024.0K Heap: 46211.2K(65536.0K)->42604.7K(65536.0K)]
 [Times: user=0.14 sys=0.01, real=0.02 secs] 
2026-06-17T09:49:07.517+0800: 29.718: [GC pause (G1 Evacuation Pause) (mixed), 0.0132986 secs]
   [Parallel Time: 4.2 ms, GC Workers: 18]
      [GC Worker Start (ms): Min: 29718.2, Avg: 29719.5, Max: 29721.6, Diff: 3.4]
      [Ext Root Scanning (ms): Min: 0.0, Avg: 0.0, Max: 0.1, Diff: 0.1, Sum: 0.3]
      [Update RS (ms): Min: 0.0, Avg: 0.0, Max: 0.0, Diff: 0.0, Sum: 0.0]
         [Processed Buffers: Min: 0, Avg: 0.1, Max: 1, Diff: 1, Sum: 2]
      [Scan RS (ms): Min: 0.0, Avg: 0.0, Max: 0.0, Diff: 0.0, Sum: 0.0]
      [Code Root Scanning (ms): Min: 0.0, Avg: 0.0, Max: 0.0, Diff: 0.0, Sum: 0.0]
      [Object Copy (ms): Min: 0.0, Avg: 0.0, Max: 0.2, Diff: 0.2, Sum: 0.9]
      [Termination (ms): Min: 0.0, Avg: 2.1, Max: 3.1, Diff: 3.1, Sum: 38.1]
         [Termination Attempts: Min: 1, Avg: 1.0, Max: 1, Diff: 0, Sum: 18]
      [GC Worker Other (ms): Min: 0.0, Avg: 0.0, Max: 0.0, Diff: 0.0, Sum: 0.1]
      [GC Worker Total (ms): Min: 0.0, Avg: 2.2, Max: 3.5, Diff: 3.4, Sum: 39.4]
      [GC Worker End (ms): Min: 29721.6, Avg: 29721.7, Max: 29721.9, Diff: 0.3]
   [Code Root Fixup: 0.0 ms]
   [Code Root Purge: 0.0 ms]
   [Clear CT: 1.1 ms]
   [Other: 8.0 ms]
      [Choose CSet: 0.0 ms]
      [Ref Proc: 7.0 ms]
      [Ref Enq: 0.0 ms]
      [Redirty Cards: 0.9 ms]
      [Humongous Register: 0.0 ms]
      [Humongous Reclaim: 0.0 ms]
      [Free CSet: 0.0 ms]
   [Eden: 2048.0K(2048.0K)->0.0B(6144.0K) Survivors: 1024.0K->1024.0K Heap: 44652.7K(65536.0K)->41428.7K(65536.0K)]
 [Times: user=0.13 sys=0.01, real=0.02 secs] 
2026-06-17T09:49:07.542+0800: 29.743: [GC pause (G1 Evacuation Pause) (young), 0.0122709 secs]
   [Parallel Time: 8.5 ms, GC Workers: 18]
      [GC Worker Start (ms): Min: 29743.3, Avg: 29745.3, Max: 29750.3, Diff: 6.9]
      [Ext Root Scanning (ms): Min: 0.0, Avg: 0.0, Max: 0.2, Diff: 0.2, Sum: 0.4]
      [Update RS (ms): Min: 0.0, Avg: 0.0, Max: 0.0, Diff: 0.0, Sum: 0.1]
         [Processed Buffers: Min: 0, Avg: 0.2, Max: 2, Diff: 2, Sum: 4]
      [Scan RS (ms): Min: 0.0, Avg: 0.0, Max: 0.0, Diff: 0.0, Sum: 0.0]
      [Code Root Scanning (ms): Min: 0.0, Avg: 0.0, Max: 0.0, Diff: 0.0, Sum: 0.0]
      [Object Copy (ms): Min: 0.0, Avg: 0.0, Max: 0.1, Diff: 0.1, Sum: 0.4]
      [Termination (ms): Min: 0.0, Avg: 5.2, Max: 7.4, Diff: 7.4, Sum: 92.9]
         [Termination Attempts: Min: 1, Avg: 1.0, Max: 1, Diff: 0, Sum: 18]
      [GC Worker Other (ms): Min: 0.0, Avg: 0.0, Max: 0.1, Diff: 0.1, Sum: 0.3]
      [GC Worker Total (ms): Min: 0.0, Avg: 5.2, Max: 7.4, Diff: 7.4, Sum: 94.1]
      [GC Worker End (ms): Min: 29750.3, Avg: 29750.5, Max: 29751.0, Diff: 0.7]
   [Code Root Fixup: 0.0 ms]
   [Code Root Purge: 0.0 ms]
   [Clear CT: 0.8 ms]
   [Other: 3.0 ms]
      [Choose CSet: 0.0 ms]
      [Ref Proc: 2.2 ms]
      [Ref Enq: 0.0 ms]
      [Redirty Cards: 0.7 ms]
      [Humongous Register: 0.0 ms]
      [Humongous Reclaim: 0.0 ms]
      [Free CSet: 0.0 ms]
   [Eden: 6144.0K(6144.0K)->0.0B(4096.0K) Survivors: 1024.0K->1024.0K Heap: 47572.7K(65536.0K)->43894.7K(65536.0K)]
 [Times: user=0.10 sys=0.00, real=0.02 secs] 
2026-06-17T09:49:07.576+0800: 29.778: [GC pause (G1 Evacuation Pause) (young) (initial-mark), 0.0169548 secs]
   [Parallel Time: 10.4 ms, GC Workers: 18]
      [GC Worker Start (ms): Min: 29777.8, Avg: 29778.6, Max: 29779.0, Diff: 1.2]
      [Ext Root Scanning (ms): Min: 0.0, Avg: 3.1, Max: 7.0, Diff: 7.0, Sum: 56.6]
      [Update RS (ms): Min: 0.0, Avg: 0.0, Max: 0.0, Diff: 0.0, Sum: 0.1]
         [Processed Buffers: Min: 0, Avg: 0.2, Max: 3, Diff: 3, Sum: 3]
      [Scan RS (ms): Min: 0.0, Avg: 0.0, Max: 0.0, Diff: 0.0, Sum: 0.0]
      [Code Root Scanning (ms): Min: 0.0, Avg: 0.0, Max: 0.0, Diff: 0.0, Sum: 0.0]
      [Object Copy (ms): Min: 0.0, Avg: 0.0, Max: 0.1, Diff: 0.1, Sum: 0.4]
      [Termination (ms): Min: 0.0, Avg: 4.5, Max: 7.1, Diff: 7.1, Sum: 81.3]
         [Termination Attempts: Min: 1, Avg: 1.0, Max: 1, Diff: 0, Sum: 18]
      [GC Worker Other (ms): Min: 0.0, Avg: 0.0, Max: 0.1, Diff: 0.1, Sum: 0.3]
      [GC Worker Total (ms): Min: 7.0, Avg: 7.7, Max: 8.4, Diff: 1.4, Sum: 138.6]
      [GC Worker End (ms): Min: 29786.0, Avg: 29786.3, Max: 29786.8, Diff: 0.8]
   [Code Root Fixup: 0.0 ms]
   [Code Root Purge: 0.0 ms]
   [Clear CT: 1.2 ms]
   [Other: 5.4 ms]
      [Choose CSet: 0.0 ms]
      [Ref Proc: 4.5 ms]
      [Ref Enq: 0.0 ms]
      [Redirty Cards: 0.8 ms]
      [Humongous Register: 0.0 ms]
      [Humongous Reclaim: 0.0 ms]
      [Free CSet: 0.0 ms]
   [Eden: 4096.0K(4096.0K)->0.0B(4096.0K) Survivors: 1024.0K->1024.0K Heap: 47990.7K(65536.0K)->44503.8K(65536.0K)]
 [Times: user=0.12 sys=0.01, real=0.02 secs] 
2026-06-17T09:49:07.595+0800: 29.796: [GC concurrent-root-region-scan-start]
2026-06-17T09:49:07.595+0800: 29.796: [GC concurrent-root-region-scan-end, 0.0003196 secs]
2026-06-17T09:49:07.595+0800: 29.796: [GC concurrent-mark-start]
2026-06-17T09:49:07.595+0800: 29.797: [GC concurrent-mark-end, 0.0005039 secs]
2026-06-17T09:49:07.596+0800: 29.797: [GC remark 2026-06-17T09:49:07.596+0800: 29.797: [Finalize Marking, 0.0049295 secs] 2026-06-17T09:49:07.602+0800: 29.803: [GC ref-proc, 0.0006848 secs] 2026-06-17T09:49:07.603+0800: 29.804: [Unloading, 0.0015978 secs], 0.0098330 secs]
 [Times: user=0.05 sys=0.00, real=0.01 secs] 
2026-06-17T09:49:07.607+0800: 29.808: [GC pause (G1 Evacuation Pause) (young), 0.0079398 secs]
   [Parallel Time: 3.8 ms, GC Workers: 18]
      [GC Worker Start (ms): Min: 29807.9, Avg: 29808.7, Max: 29810.0, Diff: 2.1]
      [Ext Root Scanning (ms): Min: 0.0, Avg: 0.0, Max: 0.1, Diff: 0.1, Sum: 0.4]
      [Update RS (ms): Min: 0.0, Avg: 0.0, Max: 0.0, Diff: 0.0, Sum: 0.0]
         [Processed Buffers: Min: 0, Avg: 0.2, Max: 1, Diff: 1, Sum: 3]
      [Scan RS (ms): Min: 0.0, Avg: 0.0, Max: 0.0, Diff: 0.0, Sum: 0.0]
      [Code Root Scanning (ms): Min: 0.0, Avg: 0.0, Max: 0.0, Diff: 0.0, Sum: 0.0]
      [Object Copy (ms): Min: 0.0, Avg: 0.0, Max: 0.0, Diff: 0.0, Sum: 0.1]
      [Termination (ms): Min: 0.0, Avg: 1.4, Max: 2.3, Diff: 2.3, Sum: 25.5]
         [Termination Attempts: Min: 1, Avg: 1.0, Max: 1, Diff: 0, Sum: 18]
      [GC Worker Other (ms): Min: 0.0, Avg: 0.0, Max: 0.0, Diff: 0.0, Sum: 0.1]
      [GC Worker Total (ms): Min: 0.0, Avg: 1.5, Max: 2.3, Diff: 2.3, Sum: 26.2]
      [GC Worker End (ms): Min: 29810.0, Avg: 29810.1, Max: 29810.5, Diff: 0.5]
   [Code Root Fixup: 0.0 ms]
   [Code Root Purge: 0.0 ms]
   [Clear CT: 0.7 ms]
   [Other: 3.4 ms]
      [Choose CSet: 0.0 ms]
      [Ref Proc: 2.8 ms]
      [Ref Enq: 0.0 ms]
      [Redirty Cards: 0.6 ms]
      [Humongous Register: 0.0 ms]
      [Humongous Reclaim: 0.0 ms]
      [Free CSet: 0.0 ms]
   [Eden: 4096.0K(4096.0K)->0.0B(4096.0K) Survivors: 1024.0K->1024.0K Heap: 48599.8K(65536.0K)->45060.6K(65536.0K)]
 [Times: user=0.04 sys=0.01, real=0.01 secs] 
2026-06-17T09:49:07.616+0800: 29.817: [GC cleanup 45628K->40508K(65536K), 0.0027468 secs]
 [Times: user=0.00 sys=0.00, real=0.00 secs] 
2026-06-17T09:49:07.619+0800: 29.820: [GC concurrent-cleanup-start]
2026-06-17T09:49:07.619+0800: 29.820: [GC concurrent-cleanup-end, 0.0000193 secs]
2026-06-17T09:49:07.619+0800: 29.821: [GC pause (G1 Evacuation Pause) (young), 0.0099659 secs]
   [Parallel Time: 5.8 ms, GC Workers: 18]
      [GC Worker Start (ms): Min: 29820.7, Avg: 29821.8, Max: 29825.7, Diff: 5.0]
      [Ext Root Scanning (ms): Min: 0.0, Avg: 0.0, Max: 0.1, Diff: 0.1, Sum: 0.3]
      [Update RS (ms): Min: 0.0, Avg: 0.0, Max: 0.0, Diff: 0.0, Sum: 0.0]
         [Processed Buffers: Min: 0, Avg: 0.2, Max: 1, Diff: 1, Sum: 3]
      [Scan RS (ms): Min: 0.0, Avg: 0.0, Max: 0.0, Diff: 0.0, Sum: 0.0]
      [Code Root Scanning (ms): Min: 0.0, Avg: 0.0, Max: 0.0, Diff: 0.0, Sum: 0.0]
      [Object Copy (ms): Min: 0.0, Avg: 0.0, Max: 0.1, Diff: 0.1, Sum: 0.2]
      [Termination (ms): Min: 0.0, Avg: 4.1, Max: 5.2, Diff: 5.2, Sum: 73.3]
         [Termination Attempts: Min: 1, Avg: 1.0, Max: 1, Diff: 0, Sum: 18]
      [GC Worker Other (ms): Min: 0.0, Avg: 0.0, Max: 0.0, Diff: 0.0, Sum: 0.1]
      [GC Worker Total (ms): Min: 0.0, Avg: 4.1, Max: 5.3, Diff: 5.3, Sum: 73.9]
      [GC Worker End (ms): Min: 29825.8, Avg: 29825.9, Max: 29826.1, Diff: 0.4]
   [Code Root Fixup: 0.0 ms]
   [Code Root Purge: 0.0 ms]
   [Clear CT: 1.1 ms]
   [Other: 3.1 ms]
      [Choose CSet: 0.0 ms]
      [Ref Proc: 2.5 ms]
      [Ref Enq: 0.0 ms]
      [Redirty Cards: 0.5 ms]
      [Humongous Register: 0.0 ms]
      [Humongous Reclaim: 0.0 ms]
      [Free CSet: 0.0 ms]
   [Eden: 4096.0K(4096.0K)->0.0B(2048.0K) Survivors: 1024.0K->1024.0K Heap: 44036.6K(65536.0K)->40963.7K(65536.0K)]
 [Times: user=0.10 sys=0.00, real=0.01 secs] 
2026-06-17T09:49:07.641+0800: 29.842: [GC pause (G1 Evacuation Pause) (mixed), 0.0102193 secs]
   [Parallel Time: 4.3 ms, GC Workers: 18]
      [GC Worker Start (ms): Min: 29842.2, Avg: 29843.3, Max: 29844.8, Diff: 2.6]
      [Ext Root Scanning (ms): Min: 0.0, Avg: 0.0, Max: 0.2, Diff: 0.2, Sum: 0.5]
      [Update RS (ms): Min: 0.0, Avg: 0.0, Max: 0.0, Diff: 0.0, Sum: 0.0]
         [Processed Buffers: Min: 0, Avg: 0.1, Max: 1, Diff: 1, Sum: 2]
      [Scan RS (ms): Min: 0.0, Avg: 0.0, Max: 0.0, Diff: 0.0, Sum: 0.1]
      [Code Root Scanning (ms): Min: 0.0, Avg: 0.0, Max: 0.0, Diff: 0.0, Sum: 0.0]
      [Object Copy (ms): Min: 0.0, Avg: 0.0, Max: 0.1, Diff: 0.1, Sum: 0.7]
      [Termination (ms): Min: 0.0, Avg: 1.6, Max: 2.5, Diff: 2.5, Sum: 28.3]
         [Termination Attempts: Min: 1, Avg: 1.0, Max: 1, Diff: 0, Sum: 18]
      [GC Worker Other (ms): Min: 0.0, Avg: 0.0, Max: 0.0, Diff: 0.0, Sum: 0.2]
      [GC Worker Total (ms): Min: 0.0, Avg: 1.7, Max: 2.7, Diff: 2.7, Sum: 29.8]
      [GC Worker End (ms): Min: 29844.9, Avg: 29845.0, Max: 29845.5, Diff: 0.6]
   [Code Root Fixup: 0.0 ms]
   [Code Root Purge: 0.0 ms]
   [Clear CT: 0.7 ms]
   [Other: 5.2 ms]
      [Choose CSet: 0.0 ms]
      [Ref Proc: 4.6 ms]
      [Ref Enq: 0.0 ms]
      [Redirty Cards: 0.5 ms]
      [Humongous Register: 0.0 ms]
      [Humongous Reclaim: 0.0 ms]
      [Free CSet: 0.0 ms]
   [Eden: 2048.0K(2048.0K)->0.0B(2048.0K) Survivors: 1024.0K->1024.0K Heap: 43011.7K(65536.0K)->38639.7K(65536.0K)]
 [Times: user=0.07 sys=0.01, real=0.02 secs] 
2026-06-17T09:49:07.663+0800: 29.864: [GC pause (G1 Evacuation Pause) (mixed), 0.0109607 secs]
   [Parallel Time: 4.8 ms, GC Workers: 18]
      [GC Worker Start (ms): Min: 29863.9, Avg: 29865.2, Max: 29866.9, Diff: 3.0]
      [Ext Root Scanning (ms): Min: 0.0, Avg: 0.0, Max: 0.2, Diff: 0.2, Sum: 0.6]
      [Update RS (ms): Min: 0.0, Avg: 0.0, Max: 0.0, Diff: 0.0, Sum: 0.1]
         [Processed Buffers: Min: 0, Avg: 0.3, Max: 2, Diff: 2, Sum: 5]
      [Scan RS (ms): Min: 0.0, Avg: 0.0, Max: 0.0, Diff: 0.0, Sum: 0.1]
      [Code Root Scanning (ms): Min: 0.0, Avg: 0.0, Max: 0.0, Diff: 0.0, Sum: 0.0]
      [Object Copy (ms): Min: 0.0, Avg: 0.0, Max: 0.2, Diff: 0.2, Sum: 0.8]
      [Termination (ms): Min: 0.0, Avg: 1.7, Max: 2.8, Diff: 2.8, Sum: 31.0]
         [Termination Attempts: Min: 1, Avg: 1.0, Max: 1, Diff: 0, Sum: 18]
      [GC Worker Other (ms): Min: 0.0, Avg: 0.0, Max: 0.1, Diff: 0.1, Sum: 0.2]
      [GC Worker Total (ms): Min: 0.0, Avg: 1.8, Max: 3.2, Diff: 3.1, Sum: 32.6]
      [GC Worker End (ms): Min: 29866.9, Avg: 29867.0, Max: 29867.5, Diff: 0.6]
   [Code Root Fixup: 0.0 ms]
   [Code Root Purge: 0.0 ms]
   [Clear CT: 0.7 ms]
   [Other: 5.5 ms]
      [Choose CSet: 0.0 ms]
      [Ref Proc: 4.8 ms]
      [Ref Enq: 0.0 ms]
      [Redirty Cards: 0.6 ms]
      [Humongous Register: 0.0 ms]
      [Humongous Reclaim: 0.0 ms]
      [Free CSet: 0.0 ms]
   [Eden: 2048.0K(2048.0K)->0.0B(2048.0K) Survivors: 1024.0K->1024.0K Heap: 40687.7K(65536.0K)->35447.7K(65536.0K)]
 [Times: user=0.07 sys=0.00, real=0.01 secs] 
2026-06-17T09:49:07.675+0800: 29.876: [GC pause (G1 Evacuation Pause) (mixed), 0.0074781 secs]
   [Parallel Time: 3.5 ms, GC Workers: 18]
      [GC Worker Start (ms): Min: 29876.0, Avg: 29876.9, Max: 29877.7, Diff: 1.7]
      [Ext Root Scanning (ms): Min: 0.0, Avg: 0.0, Max: 0.1, Diff: 0.1, Sum: 0.3]
      [Update RS (ms): Min: 0.0, Avg: 0.0, Max: 0.0, Diff: 0.0, Sum: 0.0]
         [Processed Buffers: Min: 0, Avg: 0.3, Max: 3, Diff: 3, Sum: 5]
      [Scan RS (ms): Min: 0.0, Avg: 0.0, Max: 0.0, Diff: 0.0, Sum: 0.1]
      [Code Root Scanning (ms): Min: 0.0, Avg: 0.0, Max: 0.0, Diff: 0.0, Sum: 0.0]
      [Object Copy (ms): Min: 0.0, Avg: 0.0, Max: 0.2, Diff: 0.2, Sum: 0.8]
      [Termination (ms): Min: 0.0, Avg: 0.8, Max: 1.5, Diff: 1.5, Sum: 15.1]
         [Termination Attempts: Min: 1, Avg: 1.4, Max: 4, Diff: 3, Sum: 25]
      [GC Worker Other (ms): Min: 0.0, Avg: 0.0, Max: 0.0, Diff: 0.0, Sum: 0.1]
      [GC Worker Total (ms): Min: 0.0, Avg: 0.9, Max: 1.9, Diff: 1.9, Sum: 16.4]
      [GC Worker End (ms): Min: 29877.7, Avg: 29877.8, Max: 29878.2, Diff: 0.5]
   [Code Root Fixup: 0.0 ms]
   [Code Root Purge: 0.0 ms]
   [Clear CT: 0.9 ms]
   [Other: 3.1 ms]
      [Choose CSet: 0.0 ms]
      [Ref Proc: 2.5 ms]
      [Ref Enq: 0.0 ms]
      [Redirty Cards: 0.5 ms]
      [Humongous Register: 0.0 ms]
      [Humongous Reclaim: 0.0 ms]
      [Free CSet: 0.0 ms]
   [Eden: 2048.0K(2048.0K)->0.0B(11264.0K) Survivors: 1024.0K->1024.0K Heap: 37495.7K(65536.0K)->36061.7K(65536.0K)]
 [Times: user=0.04 sys=0.01, real=0.01 secs] 
2026-06-17T09:49:07.704+0800: 29.905: [GC pause (G1 Evacuation Pause) (young), 0.0136431 secs]
   [Parallel Time: 7.8 ms, GC Workers: 18]
      [GC Worker Start (ms): Min: 29905.6, Avg: 29907.1, Max: 29911.1, Diff: 5.5]
      [Ext Root Scanning (ms): Min: 0.0, Avg: 0.0, Max: 0.3, Diff: 0.3, Sum: 0.7]
      [Update RS (ms): Min: 0.0, Avg: 0.0, Max: 0.1, Diff: 0.1, Sum: 0.3]
         [Processed Buffers: Min: 0, Avg: 0.3, Max: 2, Diff: 2, Sum: 5]
      [Scan RS (ms): Min: 0.0, Avg: 0.0, Max: 0.0, Diff: 0.0, Sum: 0.0]
      [Code Root Scanning (ms): Min: 0.0, Avg: 0.0, Max: 0.0, Diff: 0.0, Sum: 0.0]
      [Object Copy (ms): Min: 0.0, Avg: 0.0, Max: 0.2, Diff: 0.2, Sum: 0.9]
      [Termination (ms): Min: 0.0, Avg: 4.0, Max: 5.4, Diff: 5.4, Sum: 72.7]
         [Termination Attempts: Min: 1, Avg: 1.0, Max: 1, Diff: 0, Sum: 18]
      [GC Worker Other (ms): Min: 0.0, Avg: 0.0, Max: 0.0, Diff: 0.0, Sum: 0.2]
      [GC Worker Total (ms): Min: 0.0, Avg: 4.2, Max: 5.8, Diff: 5.7, Sum: 74.7]
      [GC Worker End (ms): Min: 29911.1, Avg: 29911.3, Max: 29911.9, Diff: 0.7]
   [Code Root Fixup: 0.0 ms]
   [Code Root Purge: 0.0 ms]
   [Clear CT: 0.8 ms]
   [Other: 5.1 ms]
      [Choose CSet: 0.0 ms]
      [Ref Proc: 4.4 ms]
      [Ref Enq: 0.0 ms]
      [Redirty Cards: 0.6 ms]
      [Humongous Register: 0.0 ms]
      [Humongous Reclaim: 0.0 ms]
      [Free CSet: 0.0 ms]
   [Eden: 11264.0K(11264.0K)->0.0B(6144.0K) Survivors: 1024.0K->2048.0K Heap: 47325.7K(65536.0K)->40822.7K(65536.0K)]
 [Times: user=0.11 sys=0.00, real=0.01 secs] 
2026-06-17T09:49:07.719+0800: 29.920: [GC pause (G1 Humongous Allocation) (young) (initial-mark), 0.0082815 secs]
   [Parallel Time: 3.8 ms, GC Workers: 18]
      [GC Worker Start (ms): Min: 29920.5, Avg: 29920.8, Max: 29921.0, Diff: 0.5]
      [Ext Root Scanning (ms): Min: 0.0, Avg: 0.9, Max: 1.7, Diff: 1.7, Sum: 16.5]
      [Update RS (ms): Min: 0.0, Avg: 0.0, Max: 0.0, Diff: 0.0, Sum: 0.0]
         [Processed Buffers: Min: 0, Avg: 0.1, Max: 2, Diff: 2, Sum: 2]
      [Scan RS (ms): Min: 0.0, Avg: 0.0, Max: 0.0, Diff: 0.0, Sum: 0.0]
      [Code Root Scanning (ms): Min: 0.0, Avg: 0.0, Max: 0.0, Diff: 0.0, Sum: 0.0]
      [Object Copy (ms): Min: 0.0, Avg: 0.0, Max: 0.0, Diff: 0.0, Sum: 0.1]
      [Termination (ms): Min: 0.0, Avg: 1.1, Max: 1.9, Diff: 1.9, Sum: 20.0]
         [Termination Attempts: Min: 1, Avg: 1.0, Max: 1, Diff: 0, Sum: 18]
      [GC Worker Other (ms): Min: 0.0, Avg: 0.0, Max: 0.0, Diff: 0.0, Sum: 0.1]
      [GC Worker Total (ms): Min: 1.8, Avg: 2.0, Max: 2.4, Diff: 0.7, Sum: 36.8]
      [GC Worker End (ms): Min: 29922.7, Avg: 29922.8, Max: 29923.1, Diff: 0.3]
   [Code Root Fixup: 0.0 ms]
   [Code Root Purge: 0.0 ms]
   [Clear CT: 1.2 ms]
   [Other: 3.3 ms]
      [Choose CSet: 0.0 ms]
      [Ref Proc: 2.7 ms]
      [Ref Enq: 0.0 ms]
      [Redirty Cards: 0.5 ms]
      [Humongous Register: 0.0 ms]
      [Humongous Reclaim: 0.0 ms]
      [Free CSet: 0.0 ms]
   [Eden: 1024.0K(6144.0K)->0.0B(8192.0K) Survivors: 2048.0K->0.0B Heap: 41267.9K(65536.0K)->39591.2K(65536.0K)]
 [Times: user=0.04 sys=0.00, real=0.01 secs] 
2026-06-17T09:49:07.729+0800: 29.930: [GC concurrent-root-region-scan-start]
2026-06-17T09:49:07.729+0800: 29.930: [GC concurrent-root-region-scan-end, 0.0000066 secs]
2026-06-17T09:49:07.729+0800: 29.930: [GC concurrent-mark-start]
2026-06-17T09:49:07.729+0800: 29.931: [GC concurrent-mark-end, 0.0004552 secs]
2026-06-17T09:49:07.729+0800: 29.931: [GC remark 2026-06-17T09:49:07.730+0800: 29.931: [Finalize Marking, 0.0041698 secs] 2026-06-17T09:49:07.735+0800: 29.936: [GC ref-proc, 0.0006931 secs] 2026-06-17T09:49:07.736+0800: 29.937: [Unloading, 0.0016064 secs], 0.0094559 secs]
 [Times: user=0.03 sys=0.00, real=0.01 secs] 
2026-06-17T09:49:07.740+0800: 29.942: [GC cleanup 42461K->41437K(65536K), 0.0027051 secs]
 [Times: user=0.00 sys=0.00, real=0.01 secs] 
2026-06-17T09:49:07.744+0800: 29.945: [GC concurrent-cleanup-start]
2026-06-17T09:49:07.744+0800: 29.945: [GC concurrent-cleanup-end, 0.0000063 secs]
2026-06-17T09:49:07.755+0800: 29.956: [GC pause (G1 Evacuation Pause) (young), 0.0215116 secs]
   [Parallel Time: 12.7 ms, GC Workers: 18]
      [GC Worker Start (ms): Min: 29956.2, Avg: 29959.9, Max: 29966.9, Diff: 10.6]
      [Ext Root Scanning (ms): Min: 0.0, Avg: 0.1, Max: 0.4, Diff: 0.4, Sum: 1.0]
      [Update RS (ms): Min: 0.0, Avg: 0.0, Max: 0.0, Diff: 0.0, Sum: 0.0]
         [Processed Buffers: Min: 0, Avg: 0.1, Max: 1, Diff: 1, Sum: 2]
      [Scan RS (ms): Min: 0.0, Avg: 0.0, Max: 0.0, Diff: 0.0, Sum: 0.0]
      [Code Root Scanning (ms): Min: 0.0, Avg: 0.0, Max: 0.0, Diff: 0.0, Sum: 0.0]
      [Object Copy (ms): Min: 0.0, Avg: 0.0, Max: 0.0, Diff: 0.0, Sum: 0.1]
      [Termination (ms): Min: 0.0, Avg: 7.3, Max: 11.0, Diff: 11.0, Sum: 132.1]
         [Termination Attempts: Min: 1, Avg: 1.1, Max: 2, Diff: 1, Sum: 19]
      [GC Worker Other (ms): Min: 0.0, Avg: 0.0, Max: 0.0, Diff: 0.0, Sum: 0.2]
      [GC Worker Total (ms): Min: 0.0, Avg: 7.4, Max: 11.2, Diff: 11.1, Sum: 133.5]
      [GC Worker End (ms): Min: 29966.9, Avg: 29967.3, Max: 29967.7, Diff: 0.8]
   [Code Root Fixup: 0.0 ms]
   [Code Root Purge: 0.0 ms]
   [Clear CT: 0.6 ms]
   [Other: 8.2 ms]
      [Choose CSet: 0.0 ms]
      [Ref Proc: 7.6 ms]
      [Ref Enq: 0.0 ms]
      [Redirty Cards: 0.5 ms]
      [Humongous Register: 0.0 ms]
      [Humongous Reclaim: 0.0 ms]
      [Free CSet: 0.0 ms]
   [Eden: 8192.0K(8192.0K)->0.0B(2048.0K) Survivors: 0.0B->1024.0K Heap: 48220.2K(65536.0K)->34483.2K(65536.0K)]
 [Times: user=0.21 sys=0.01, real=0.02 secs] 
2026-06-17T09:49:07.788+0800: 29.989: [GC pause (G1 Evacuation Pause) (mixed), 0.0174713 secs]
   [Parallel Time: 11.3 ms, GC Workers: 18]
      [GC Worker Start (ms): Min: 29989.6, Avg: 29992.2, Max: 29998.4, Diff: 8.8]
      [Ext Root Scanning (ms): Min: 0.0, Avg: 0.0, Max: 0.3, Diff: 0.3, Sum: 0.7]
      [Update RS (ms): Min: 0.0, Avg: 0.0, Max: 0.0, Diff: 0.0, Sum: 0.0]
         [Processed Buffers: Min: 0, Avg: 0.1, Max: 1, Diff: 1, Sum: 2]
      [Scan RS (ms): Min: 0.0, Avg: 0.0, Max: 0.0, Diff: 0.0, Sum: 0.1]
      [Code Root Scanning (ms): Min: 0.0, Avg: 0.0, Max: 0.0, Diff: 0.0, Sum: 0.0]
      [Object Copy (ms): Min: 0.0, Avg: 0.1, Max: 0.3, Diff: 0.3, Sum: 1.1]
      [Termination (ms): Min: 0.0, Avg: 6.5, Max: 9.2, Diff: 9.2, Sum: 116.4]
         [Termination Attempts: Min: 1, Avg: 1.0, Max: 1, Diff: 0, Sum: 18]
      [GC Worker Other (ms): Min: 0.0, Avg: 0.0, Max: 0.0, Diff: 0.0, Sum: 0.2]
      [GC Worker Total (ms): Min: 0.0, Avg: 6.6, Max: 9.4, Diff: 9.4, Sum: 118.5]
      [GC Worker End (ms): Min: 29998.4, Avg: 29998.8, Max: 29999.4, Diff: 0.9]
   [Code Root Fixup: 0.0 ms]
   [Code Root Purge: 0.0 ms]
   [Clear CT: 0.8 ms]
   [Other: 5.3 ms]
      [Choose CSet: 0.0 ms]
      [Ref Proc: 4.6 ms]
      [Ref Enq: 0.0 ms]
      [Redirty Cards: 0.7 ms]
      [Humongous Register: 0.0 ms]
      [Humongous Reclaim: 0.0 ms]
      [Free CSet: 0.0 ms]
   [Eden: 2048.0K(2048.0K)->0.0B(2048.0K) Survivors: 1024.0K->1024.0K Heap: 36531.2K(65536.0K)->34067.6K(65536.0K)]
 [Times: user=0.15 sys=0.01, real=0.02 secs] 
2026-06-17T09:49:07.807+0800: 30.008: [GC pause (G1 Evacuation Pause) (mixed), 0.0126714 secs]
   [Parallel Time: 7.2 ms, GC Workers: 18]
      [GC Worker Start (ms): Min: 30008.1, Avg: 30009.9, Max: 30013.9, Diff: 5.9]
      [Ext Root Scanning (ms): Min: 0.0, Avg: 0.0, Max: 0.1, Diff: 0.1, Sum: 0.3]
      [Update RS (ms): Min: 0.0, Avg: 0.0, Max: 0.0, Diff: 0.0, Sum: 0.0]
         [Processed Buffers: Min: 0, Avg: 0.3, Max: 2, Diff: 2, Sum: 5]
      [Scan RS (ms): Min: 0.0, Avg: 0.0, Max: 0.0, Diff: 0.0, Sum: 0.0]
      [Code Root Scanning (ms): Min: 0.0, Avg: 0.0, Max: 0.0, Diff: 0.0, Sum: 0.0]
      [Object Copy (ms): Min: 0.0, Avg: 0.0, Max: 0.2, Diff: 0.2, Sum: 0.6]
      [Termination (ms): Min: 0.0, Avg: 4.2, Max: 5.8, Diff: 5.8, Sum: 75.1]
         [Termination Attempts: Min: 1, Avg: 1.0, Max: 1, Diff: 0, Sum: 18]
      [GC Worker Other (ms): Min: 0.0, Avg: 0.0, Max: 0.0, Diff: 0.0, Sum: 0.1]
      [GC Worker Total (ms): Min: 0.0, Avg: 4.2, Max: 5.9, Diff: 5.9, Sum: 76.2]
      [GC Worker End (ms): Min: 30014.0, Avg: 30014.1, Max: 30014.4, Diff: 0.4]
   [Code Root Fixup: 0.0 ms]
   [Code Root Purge: 0.0 ms]
   [Clear CT: 1.1 ms]
   [Other: 4.4 ms]
      [Choose CSet: 0.0 ms]
      [Ref Proc: 3.8 ms]
      [Ref Enq: 0.0 ms]
      [Redirty Cards: 0.6 ms]
      [Humongous Register: 0.0 ms]
      [Humongous Reclaim: 0.0 ms]
      [Free CSet: 0.0 ms]
   [Eden: 2048.0K(2048.0K)->0.0B(13312.0K) Survivors: 1024.0K->1024.0K Heap: 36115.6K(65536.0K)->35484.6K(65536.0K)]
 [Times: user=0.12 sys=0.00, real=0.01 secs] 
2026-06-17T09:49:07.863+0800: 30.064: [GC pause (G1 Evacuation Pause) (young), 0.0156249 secs]
   [Parallel Time: 8.1 ms, GC Workers: 18]
      [GC Worker Start (ms): Min: 30064.1, Avg: 30066.2, Max: 30070.2, Diff: 6.1]
      [Ext Root Scanning (ms): Min: 0.0, Avg: 0.1, Max: 0.5, Diff: 0.5, Sum: 1.2]
      [Update RS (ms): Min: 0.0, Avg: 0.0, Max: 0.1, Diff: 0.1, Sum: 0.2]
         [Processed Buffers: Min: 0, Avg: 0.3, Max: 2, Diff: 2, Sum: 5]
      [Scan RS (ms): Min: 0.0, Avg: 0.0, Max: 0.0, Diff: 0.0, Sum: 0.1]
      [Code Root Scanning (ms): Min: 0.0, Avg: 0.0, Max: 0.0, Diff: 0.0, Sum: 0.0]
      [Object Copy (ms): Min: 0.0, Avg: 0.1, Max: 0.2, Diff: 0.2, Sum: 1.0]
      [Termination (ms): Min: 0.0, Avg: 4.1, Max: 6.0, Diff: 6.0, Sum: 73.2]
         [Termination Attempts: Min: 1, Avg: 1.0, Max: 1, Diff: 0, Sum: 18]
      [GC Worker Other (ms): Min: 0.0, Avg: 0.0, Max: 0.0, Diff: 0.0, Sum: 0.2]
      [GC Worker Total (ms): Min: 0.0, Avg: 4.2, Max: 6.7, Diff: 6.7, Sum: 75.8]
      [GC Worker End (ms): Min: 30070.2, Avg: 30070.4, Max: 30070.9, Diff: 0.8]
   [Code Root Fixup: 0.0 ms]
   [Code Root Purge: 0.0 ms]
   [Clear CT: 1.5 ms]
   [Other: 6.0 ms]
      [Choose CSet: 0.0 ms]
      [Ref Proc: 4.6 ms]
      [Ref Enq: 0.0 ms]
      [Redirty Cards: 1.3 ms]
      [Humongous Register: 0.0 ms]
      [Humongous Reclaim: 0.0 ms]
      [Free CSet: 0.0 ms]
   [Eden: 13312.0K(13312.0K)->0.0B(11264.0K) Survivors: 1024.0K->2048.0K Heap: 48796.6K(65536.0K)->38851.6K(65536.0K)]
 [Times: user=0.10 sys=0.01, real=0.01 secs] 
2026-06-17T09:49:07.902+0800: 30.103: [GC pause (G1 Evacuation Pause) (young) (initial-mark), 0.0260305 secs]
   [Parallel Time: 16.8 ms, GC Workers: 18]
      [GC Worker Start (ms): Min: 30103.3, Avg: 30104.4, Max: 30105.2, Diff: 1.9]
      [Ext Root Scanning (ms): Min: 0.0, Avg: 4.3, Max: 12.0, Diff: 11.9, Sum: 76.8]
      [Update RS (ms): Min: 0.0, Avg: 0.0, Max: 0.0, Diff: 0.0, Sum: 0.1]
         [Processed Buffers: Min: 0, Avg: 0.2, Max: 3, Diff: 3, Sum: 3]
      [Scan RS (ms): Min: 0.0, Avg: 0.0, Max: 0.0, Diff: 0.0, Sum: 0.1]
      [Code Root Scanning (ms): Min: 0.0, Avg: 0.0, Max: 0.0, Diff: 0.0, Sum: 0.0]
      [Object Copy (ms): Min: 0.0, Avg: 0.1, Max: 0.5, Diff: 0.5, Sum: 1.5]
      [Termination (ms): Min: 0.0, Avg: 8.7, Max: 12.2, Diff: 12.2, Sum: 155.8]
         [Termination Attempts: Min: 1, Avg: 1.1, Max: 2, Diff: 1, Sum: 19]
      [GC Worker Other (ms): Min: 0.0, Avg: 0.0, Max: 0.1, Diff: 0.1, Sum: 0.3]
      [GC Worker Total (ms): Min: 12.0, Avg: 13.0, Max: 14.3, Diff: 2.3, Sum: 234.5]
      [GC Worker End (ms): Min: 30117.1, Avg: 30117.4, Max: 30118.0, Diff: 0.9]
   [Code Root Fixup: 0.0 ms]
   [Code Root Purge: 0.0 ms]
   [Clear CT: 1.8 ms]
   [Other: 7.4 ms]
      [Choose CSet: 0.0 ms]
      [Ref Proc: 6.6 ms]
      [Ref Enq: 0.0 ms]
      [Redirty Cards: 0.7 ms]
      [Humongous Register: 0.0 ms]
      [Humongous Reclaim: 0.0 ms]
      [Free CSet: 0.0 ms]
   [Eden: 11264.0K(11264.0K)->0.0B(7168.0K) Survivors: 2048.0K->2048.0K Heap: 50115.6K(65536.0K)->42841.6K(65536.0K)]
 [Times: user=0.22 sys=0.02, real=0.03 secs] 
2026-06-17T09:49:07.930+0800: 30.131: [GC concurrent-root-region-scan-start]
2026-06-17T09:49:07.931+0800: 30.132: [GC concurrent-root-region-scan-end, 0.0003812 secs]
2026-06-17T09:49:07.931+0800: 30.132: [GC concurrent-mark-start]
2026-06-17T09:49:07.931+0800: 30.132: [GC concurrent-mark-end, 0.0004039 secs]
2026-06-17T09:49:07.931+0800: 30.132: [GC remark 2026-06-17T09:49:07.932+0800: 30.133: [Finalize Marking, 0.0057386 secs] 2026-06-17T09:49:07.938+0800: 30.139: [GC ref-proc, 0.0005273 secs] 2026-06-17T09:49:07.939+0800: 30.140: [Unloading, 0.0014449 secs], 0.0103000 secs]
 [Times: user=0.05 sys=0.00, real=0.00 secs] 
2026-06-17T09:49:07.943+0800: 30.144: [GC cleanup 43582K->39486K(65536K), 0.0028883 secs]
 [Times: user=0.00 sys=0.00, real=0.00 secs] 
2026-06-17T09:49:07.947+0800: 30.148: [GC concurrent-cleanup-start]
2026-06-17T09:49:07.947+0800: 30.148: [GC concurrent-cleanup-end, 0.0000080 secs]
2026-06-17T09:49:07.963+0800: 30.165: [GC pause (G1 Evacuation Pause) (young), 0.0149000 secs]
   [Parallel Time: 8.9 ms, GC Workers: 18]
      [GC Worker Start (ms): Min: 30164.8, Avg: 30167.2, Max: 30173.1, Diff: 8.3]
      [Ext Root Scanning (ms): Min: 0.0, Avg: 0.0, Max: 0.3, Diff: 0.3, Sum: 0.8]
      [Update RS (ms): Min: 0.0, Avg: 0.0, Max: 0.0, Diff: 0.0, Sum: 0.1]
         [Processed Buffers: Min: 0, Avg: 0.2, Max: 1, Diff: 1, Sum: 3]
      [Scan RS (ms): Min: 0.0, Avg: 0.0, Max: 0.0, Diff: 0.0, Sum: 0.0]
      [Code Root Scanning (ms): Min: 0.0, Avg: 0.0, Max: 0.0, Diff: 0.0, Sum: 0.0]
      [Object Copy (ms): Min: 0.0, Avg: 0.0, Max: 0.2, Diff: 0.2, Sum: 0.8]
      [Termination (ms): Min: 0.0, Avg: 5.9, Max: 7.8, Diff: 7.8, Sum: 106.4]
         [Termination Attempts: Min: 1, Avg: 1.0, Max: 1, Diff: 0, Sum: 18]
      [GC Worker Other (ms): Min: 0.0, Avg: 0.0, Max: 0.0, Diff: 0.0, Sum: 0.1]
      [GC Worker Total (ms): Min: 0.0, Avg: 6.0, Max: 8.3, Diff: 8.3, Sum: 108.2]
      [GC Worker End (ms): Min: 30173.1, Avg: 30173.2, Max: 30173.3, Diff: 0.2]
   [Code Root Fixup: 0.0 ms]
   [Code Root Purge: 0.0 ms]
   [Clear CT: 1.2 ms]
   [Other: 4.8 ms]
      [Choose CSet: 0.0 ms]
      [Ref Proc: 4.1 ms]
      [Ref Enq: 0.0 ms]
      [Redirty Cards: 0.6 ms]
      [Humongous Register: 0.0 ms]
      [Humongous Reclaim: 0.0 ms]
      [Free CSet: 0.0 ms]
   [Eden: 7168.0K(7168.0K)->0.0B(1024.0K) Survivors: 2048.0K->2048.0K Heap: 45913.6K(65536.0K)->41115.6K(65536.0K)]
 [Times: user=0.14 sys=0.00, real=0.01 secs] 
2026-06-17T09:49:07.980+0800: 30.181: [GC pause (G1 Evacuation Pause) (mixed), 0.0134836 secs]
   [Parallel Time: 4.5 ms, GC Workers: 18]
      [GC Worker Start (ms): Min: 30181.0, Avg: 30182.2, Max: 30183.9, Diff: 2.9]
      [Ext Root Scanning (ms): Min: 0.0, Avg: 0.0, Max: 0.2, Diff: 0.2, Sum: 0.4]
      [Update RS (ms): Min: 0.0, Avg: 0.0, Max: 0.0, Diff: 0.0, Sum: 0.0]
         [Processed Buffers: Min: 0, Avg: 0.1, Max: 1, Diff: 1, Sum: 2]
      [Scan RS (ms): Min: 0.0, Avg: 0.0, Max: 0.0, Diff: 0.0, Sum: 0.0]
      [Code Root Scanning (ms): Min: 0.0, Avg: 0.0, Max: 0.0, Diff: 0.0, Sum: 0.0]
      [Object Copy (ms): Min: 0.0, Avg: 0.0, Max: 0.1, Diff: 0.1, Sum: 0.3]
      [Termination (ms): Min: 0.0, Avg: 2.0, Max: 3.4, Diff: 3.4, Sum: 35.8]
         [Termination Attempts: Min: 1, Avg: 1.0, Max: 1, Diff: 0, Sum: 18]
      [GC Worker Other (ms): Min: 0.0, Avg: 0.0, Max: 0.0, Diff: 0.0, Sum: 0.1]
      [GC Worker Total (ms): Min: 0.0, Avg: 2.0, Max: 3.7, Diff: 3.7, Sum: 36.7]
      [GC Worker End (ms): Min: 30184.0, Avg: 30184.3, Max: 30184.8, Diff: 0.8]
   [Code Root Fixup: 0.0 ms]
   [Code Root Purge: 0.0 ms]
   [Clear CT: 0.9 ms]
   [Other: 8.1 ms]
      [Choose CSet: 0.0 ms]
      [Ref Proc: 7.3 ms]
      [Ref Enq: 0.0 ms]
      [Redirty Cards: 0.7 ms]
      [Humongous Register: 0.0 ms]
      [Humongous Reclaim: 0.0 ms]
      [Free CSet: 0.0 ms]
   [Eden: 1024.0K(1024.0K)->0.0B(2048.0K) Survivors: 2048.0K->1024.0K Heap: 42139.6K(65536.0K)->34227.6K(65536.0K)]
 [Times: user=0.12 sys=0.01, real=0.02 secs] 
2026-06-17T09:49:07.995+0800: 30.196: [GC pause (G1 Evacuation Pause) (mixed), 0.0063109 secs]
   [Parallel Time: 3.4 ms, GC Workers: 18]
      [GC Worker Start (ms): Min: 30196.0, Avg: 30197.1, Max: 30198.3, Diff: 2.4]
      [Ext Root Scanning (ms): Min: 0.0, Avg: 0.0, Max: 0.1, Diff: 0.1, Sum: 0.4]
      [Update RS (ms): Min: 0.0, Avg: 0.0, Max: 0.0, Diff: 0.0, Sum: 0.0]
         [Processed Buffers: Min: 0, Avg: 0.2, Max: 1, Diff: 1, Sum: 3]
      [Scan RS (ms): Min: 0.0, Avg: 0.0, Max: 0.0, Diff: 0.0, Sum: 0.0]
      [Code Root Scanning (ms): Min: 0.0, Avg: 0.0, Max: 0.0, Diff: 0.0, Sum: 0.0]
      [Object Copy (ms): Min: 0.0, Avg: 0.0, Max: 0.2, Diff: 0.2, Sum: 0.7]
      [Termination (ms): Min: 0.0, Avg: 1.3, Max: 2.4, Diff: 2.4, Sum: 23.3]
         [Termination Attempts: Min: 1, Avg: 1.0, Max: 1, Diff: 0, Sum: 18]
      [GC Worker Other (ms): Min: 0.0, Avg: 0.0, Max: 0.0, Diff: 0.0, Sum: 0.1]
      [GC Worker Total (ms): Min: 0.0, Avg: 1.4, Max: 2.8, Diff: 2.8, Sum: 24.5]
      [GC Worker End (ms): Min: 30198.3, Avg: 30198.5, Max: 30198.7, Diff: 0.4]
   [Code Root Fixup: 0.0 ms]
   [Code Root Purge: 0.0 ms]
   [Clear CT: 1.1 ms]
   [Other: 1.8 ms]
      [Choose CSet: 0.0 ms]
      [Ref Proc: 1.2 ms]
      [Ref Enq: 0.0 ms]
      [Redirty Cards: 0.5 ms]
      [Humongous Register: 0.0 ms]
      [Humongous Reclaim: 0.0 ms]
      [Free CSet: 0.0 ms]
   [Eden: 2048.0K(2048.0K)->0.0B(2048.0K) Survivors: 1024.0K->1024.0K Heap: 36275.6K(65536.0K)->32435.6K(65536.0K)]
 [Times: user=0.04 sys=0.00, real=0.00 secs] 
2026-06-17T09:49:08.013+0800: 30.214: [GC pause (G1 Evacuation Pause) (mixed), 0.0151091 secs]
   [Parallel Time: 10.0 ms, GC Workers: 18]
      [GC Worker Start (ms): Min: 30213.8, Avg: 30216.0, Max: 30221.7, Diff: 7.9]
      [Ext Root Scanning (ms): Min: 0.0, Avg: 0.0, Max: 0.2, Diff: 0.2, Sum: 0.5]
      [Update RS (ms): Min: 0.0, Avg: 0.0, Max: 0.0, Diff: 0.0, Sum: 0.0]
         [Processed Buffers: Min: 0, Avg: 0.2, Max: 2, Diff: 2, Sum: 4]
      [Scan RS (ms): Min: 0.0, Avg: 0.0, Max: 0.0, Diff: 0.0, Sum: 0.1]
      [Code Root Scanning (ms): Min: 0.0, Avg: 0.0, Max: 0.0, Diff: 0.0, Sum: 0.0]
      [Object Copy (ms): Min: 0.0, Avg: 0.1, Max: 0.3, Diff: 0.3, Sum: 1.2]
      [Termination (ms): Min: 0.0, Avg: 5.9, Max: 8.0, Diff: 8.0, Sum: 106.2]
         [Termination Attempts: Min: 1, Avg: 1.1, Max: 2, Diff: 1, Sum: 20]
      [GC Worker Other (ms): Min: 0.0, Avg: 0.0, Max: 0.0, Diff: 0.0, Sum: 0.2]
      [GC Worker Total (ms): Min: 0.0, Avg: 6.0, Max: 8.3, Diff: 8.3, Sum: 108.2]
      [GC Worker End (ms): Min: 30221.8, Avg: 30222.0, Max: 30222.5, Diff: 0.7]
   [Code Root Fixup: 0.0 ms]
   [Code Root Purge: 0.0 ms]
   [Clear CT: 1.0 ms]
   [Other: 4.1 ms]
      [Choose CSet: 0.0 ms]
      [Ref Proc: 3.4 ms]
      [Ref Enq: 0.0 ms]
      [Redirty Cards: 0.6 ms]
      [Humongous Register: 0.0 ms]
      [Humongous Reclaim: 0.0 ms]
      [Free CSet: 0.0 ms]
   [Eden: 2048.0K(2048.0K)->0.0B(16384.0K) Survivors: 1024.0K->1024.0K Heap: 34483.6K(65536.0K)->32352.6K(65536.0K)]
 [Times: user=0.14 sys=0.00, real=0.01 secs] 
2026-06-17T09:49:08.072+0800: 30.273: [GC pause (G1 Evacuation Pause) (young), 0.0323465 secs]
   [Parallel Time: 25.6 ms, GC Workers: 18]
      [GC Worker Start (ms): Min: 30273.7, Avg: 30285.6, Max: 30297.4, Diff: 23.7]
      [Ext Root Scanning (ms): Min: 0.0, Avg: 0.1, Max: 0.6, Diff: 0.6, Sum: 1.3]
      [Update RS (ms): Min: 0.0, Avg: 0.0, Max: 0.3, Diff: 0.3, Sum: 0.7]
         [Processed Buffers: Min: 0, Avg: 0.3, Max: 3, Diff: 3, Sum: 6]
      [Scan RS (ms): Min: 0.0, Avg: 0.0, Max: 0.0, Diff: 0.0, Sum: 0.0]
      [Code Root Scanning (ms): Min: 0.0, Avg: 0.0, Max: 0.0, Diff: 0.0, Sum: 0.0]
      [Object Copy (ms): Min: 0.0, Avg: 0.1, Max: 0.3, Diff: 0.3, Sum: 1.1]
      [Termination (ms): Min: 0.0, Avg: 11.7, Max: 22.8, Diff: 22.8, Sum: 210.8]
         [Termination Attempts: Min: 1, Avg: 1.0, Max: 1, Diff: 0, Sum: 18]
      [GC Worker Other (ms): Min: 0.0, Avg: 0.0, Max: 0.0, Diff: 0.0, Sum: 0.1]
      [GC Worker Total (ms): Min: 0.0, Avg: 11.9, Max: 23.7, Diff: 23.7, Sum: 214.1]
      [GC Worker End (ms): Min: 30297.4, Avg: 30297.5, Max: 30297.7, Diff: 0.3]
   [Code Root Fixup: 0.0 ms]
   [Code Root Purge: 0.0 ms]
   [Clear CT: 0.5 ms]
   [Other: 6.3 ms]
      [Choose CSet: 0.0 ms]
      [Ref Proc: 5.7 ms]
      [Ref Enq: 0.0 ms]
      [Redirty Cards: 0.5 ms]
      [Humongous Register: 0.0 ms]
      [Humongous Reclaim: 0.0 ms]
      [Free CSet: 0.0 ms]
   [Eden: 16384.0K(16384.0K)->0.0B(12288.0K) Survivors: 1024.0K->3072.0K Heap: 48736.6K(65536.0K)->35954.6K(65536.0K)]
 [Times: user=0.26 sys=0.00, real=0.03 secs] 
2026-06-17T09:49:08.115+0800: 30.317: [GC pause (G1 Humongous Allocation) (young) (initial-mark), 0.0167594 secs]
   [Parallel Time: 12.8 ms, GC Workers: 18]
      [GC Worker Start (ms): Min: 30316.7, Avg: 30317.0, Max: 30317.2, Diff: 0.4]
      [Ext Root Scanning (ms): Min: 0.0, Avg: 5.3, Max: 12.0, Diff: 12.0, Sum: 95.1]
      [Update RS (ms): Min: 0.0, Avg: 0.0, Max: 0.0, Diff: 0.0, Sum: 0.0]
         [Processed Buffers: Min: 0, Avg: 0.2, Max: 3, Diff: 3, Sum: 3]
      [Scan RS (ms): Min: 0.0, Avg: 0.0, Max: 0.0, Diff: 0.0, Sum: 0.0]
      [Code Root Scanning (ms): Min: 0.0, Avg: 0.0, Max: 0.0, Diff: 0.0, Sum: 0.0]
      [Object Copy (ms): Min: 0.0, Avg: 0.0, Max: 0.2, Diff: 0.2, Sum: 0.4]
      [Termination (ms): Min: 0.0, Avg: 6.9, Max: 12.0, Diff: 12.0, Sum: 124.8]
         [Termination Attempts: Min: 1, Avg: 1.0, Max: 1, Diff: 0, Sum: 18]
      [GC Worker Other (ms): Min: 0.0, Avg: 0.0, Max: 0.0, Diff: 0.0, Sum: 0.1]
      [GC Worker Total (ms): Min: 12.0, Avg: 12.3, Max: 12.5, Diff: 0.4, Sum: 220.5]
      [GC Worker End (ms): Min: 30329.2, Avg: 30329.3, Max: 30329.4, Diff: 0.2]
   [Code Root Fixup: 0.0 ms]
   [Code Root Purge: 0.0 ms]
   [Clear CT: 0.7 ms]
   [Other: 3.3 ms]
      [Choose CSet: 0.0 ms]
      [Ref Proc: 2.7 ms]
      [Ref Enq: 0.0 ms]
      [Redirty Cards: 0.5 ms]
      [Humongous Register: 0.0 ms]
      [Humongous Reclaim: 0.0 ms]
      [Free CSet: 0.0 ms]
   [Eden: 8192.0K(12288.0K)->0.0B(13312.0K) Survivors: 3072.0K->2048.0K Heap: 43447.6K(65536.0K)->36673.7K(65536.0K)]
 [Times: user=0.15 sys=0.00, real=0.02 secs] 
2026-06-17T09:49:08.133+0800: 30.335: [GC concurrent-root-region-scan-start]
2026-06-17T09:49:08.134+0800: 30.335: [GC concurrent-root-region-scan-end, 0.0002253 secs]
2026-06-17T09:49:08.134+0800: 30.335: [GC concurrent-mark-start]
2026-06-17T09:49:08.134+0800: 30.335: [GC concurrent-mark-end, 0.0003894 secs]
2026-06-17T09:49:08.134+0800: 30.335: [GC remark 2026-06-17T09:49:08.135+0800: 30.336: [Finalize Marking, 0.0080902 secs] 2026-06-17T09:49:08.143+0800: 30.345: [GC ref-proc, 0.0006057 secs] 2026-06-17T09:49:08.145+0800: 30.346: [Unloading, 0.0016800 secs], 0.0131386 secs]
 [Times: user=0.07 sys=0.01, real=0.01 secs] 
2026-06-17T09:49:08.149+0800: 30.350: [GC cleanup 38481K->37457K(65536K), 0.0034488 secs]
 [Times: user=0.00 sys=0.00, real=0.01 secs] 
2026-06-17T09:49:08.153+0800: 30.354: [GC concurrent-cleanup-start]
2026-06-17T09:49:08.153+0800: 30.354: [GC concurrent-cleanup-end, 0.0000110 secs]
2026-06-17T09:49:08.185+0800: 30.386: [GC pause (G1 Evacuation Pause) (young), 0.0154767 secs]
   [Parallel Time: 9.5 ms, GC Workers: 18]
      [GC Worker Start (ms): Min: 30386.0, Avg: 30389.4, Max: 30395.0, Diff: 9.0]
      [Ext Root Scanning (ms): Min: 0.0, Avg: 0.0, Max: 0.3, Diff: 0.3, Sum: 0.8]
      [Update RS (ms): Min: 0.0, Avg: 0.0, Max: 0.0, Diff: 0.0, Sum: 0.1]
         [Processed Buffers: Min: 0, Avg: 0.2, Max: 1, Diff: 1, Sum: 3]
      [Scan RS (ms): Min: 0.0, Avg: 0.0, Max: 0.0, Diff: 0.0, Sum: 0.0]
      [Code Root Scanning (ms): Min: 0.0, Avg: 0.0, Max: 0.0, Diff: 0.0, Sum: 0.0]
      [Object Copy (ms): Min: 0.0, Avg: 0.0, Max: 0.2, Diff: 0.2, Sum: 0.8]
      [Termination (ms): Min: 0.0, Avg: 5.5, Max: 8.6, Diff: 8.6, Sum: 99.6]
         [Termination Attempts: Min: 1, Avg: 1.0, Max: 1, Diff: 0, Sum: 18]
      [GC Worker Other (ms): Min: 0.0, Avg: 0.0, Max: 0.1, Diff: 0.1, Sum: 0.2]
      [GC Worker Total (ms): Min: 0.0, Avg: 5.6, Max: 9.2, Diff: 9.2, Sum: 101.5]
      [GC Worker End (ms): Min: 30395.0, Avg: 30395.1, Max: 30395.2, Diff: 0.2]
   [Code Root Fixup: 0.0 ms]
   [Code Root Purge: 0.0 ms]
   [Clear CT: 0.6 ms]
   [Other: 5.3 ms]
      [Choose CSet: 0.0 ms]
      [Ref Proc: 4.4 ms]
      [Ref Enq: 0.0 ms]
      [Redirty Cards: 0.8 ms]
      [Humongous Register: 0.0 ms]
      [Humongous Reclaim: 0.0 ms]
      [Free CSet: 0.0 ms]
   [Eden: 13312.0K(13312.0K)->0.0B(1024.0K) Survivors: 2048.0K->2048.0K Heap: 49762.7K(65536.0K)->39849.6K(65536.0K)]
 [Times: user=0.14 sys=0.00, real=0.01 secs] 
2026-06-17T09:49:08.201+0800: 30.402: [GC pause (G1 Evacuation Pause) (mixed), 0.0148226 secs]
   [Parallel Time: 6.8 ms, GC Workers: 18]
      [GC Worker Start (ms): Min: 30402.5, Avg: 30404.0, Max: 30407.8, Diff: 5.3]
      [Ext Root Scanning (ms): Min: 0.0, Avg: 0.0, Max: 0.1, Diff: 0.1, Sum: 0.3]
      [Update RS (ms): Min: 0.0, Avg: 0.0, Max: 0.0, Diff: 0.0, Sum: 0.0]
         [Processed Buffers: Min: 0, Avg: 0.2, Max: 2, Diff: 2, Sum: 4]
      [Scan RS (ms): Min: 0.0, Avg: 0.0, Max: 0.0, Diff: 0.0, Sum: 0.0]
      [Code Root Scanning (ms): Min: 0.0, Avg: 0.0, Max: 0.0, Diff: 0.0, Sum: 0.0]
      [Object Copy (ms): Min: 0.0, Avg: 0.0, Max: 0.2, Diff: 0.2, Sum: 0.8]
      [Termination (ms): Min: 0.0, Avg: 4.0, Max: 5.5, Diff: 5.5, Sum: 71.4]
         [Termination Attempts: Min: 1, Avg: 1.0, Max: 1, Diff: 0, Sum: 18]
      [GC Worker Other (ms): Min: 0.0, Avg: 0.0, Max: 0.0, Diff: 0.0, Sum: 0.1]
      [GC Worker Total (ms): Min: 0.0, Avg: 4.0, Max: 5.5, Diff: 5.5, Sum: 72.6]
      [GC Worker End (ms): Min: 30407.8, Avg: 30408.1, Max: 30408.4, Diff: 0.7]
   [Code Root Fixup: 0.0 ms]
   [Code Root Purge: 0.0 ms]
   [Clear CT: 1.1 ms]
   [Other: 7.0 ms]
      [Choose CSet: 0.0 ms]
      [Ref Proc: 6.4 ms]
      [Ref Enq: 0.0 ms]
      [Redirty Cards: 0.5 ms]
      [Humongous Register: 0.0 ms]
      [Humongous Reclaim: 0.0 ms]
      [Free CSet: 0.0 ms]
   [Eden: 1024.0K(1024.0K)->0.0B(2048.0K) Survivors: 2048.0K->1024.0K Heap: 40873.6K(65536.0K)->37497.1K(65536.0K)]
 [Times: user=0.14 sys=0.01, real=0.02 secs] 
2026-06-17T09:49:08.227+0800: 30.429: [GC pause (G1 Evacuation Pause) (mixed), 0.0176943 secs]
   [Parallel Time: 11.4 ms, GC Workers: 18]
      [GC Worker Start (ms): Min: 30428.8, Avg: 30431.7, Max: 30438.1, Diff: 9.3]
      [Ext Root Scanning (ms): Min: 0.0, Avg: 0.0, Max: 0.2, Diff: 0.2, Sum: 0.4]
      [Update RS (ms): Min: 0.0, Avg: 0.0, Max: 0.0, Diff: 0.0, Sum: 0.0]
         [Processed Buffers: Min: 0, Avg: 0.3, Max: 2, Diff: 2, Sum: 6]
      [Scan RS (ms): Min: 0.0, Avg: 0.0, Max: 0.0, Diff: 0.0, Sum: 0.0]
      [Code Root Scanning (ms): Min: 0.0, Avg: 0.0, Max: 0.0, Diff: 0.0, Sum: 0.0]
      [Object Copy (ms): Min: 0.0, Avg: 0.0, Max: 0.2, Diff: 0.2, Sum: 0.7]
      [Termination (ms): Min: 0.0, Avg: 6.5, Max: 9.3, Diff: 9.3, Sum: 117.8]
         [Termination Attempts: Min: 1, Avg: 1.0, Max: 1, Diff: 0, Sum: 18]
      [GC Worker Other (ms): Min: 0.0, Avg: 0.0, Max: 0.0, Diff: 0.0, Sum: 0.2]
      [GC Worker Total (ms): Min: 0.0, Avg: 6.6, Max: 9.6, Diff: 9.6, Sum: 119.2]
      [GC Worker End (ms): Min: 30438.1, Avg: 30438.3, Max: 30438.5, Diff: 0.4]
   [Code Root Fixup: 0.0 ms]
   [Code Root Purge: 0.0 ms]
   [Clear CT: 0.5 ms]
   [Other: 5.8 ms]
      [Choose CSet: 0.0 ms]
      [Ref Proc: 5.2 ms]
      [Ref Enq: 0.0 ms]
      [Redirty Cards: 0.5 ms]
      [Humongous Register: 0.0 ms]
      [Humongous Reclaim: 0.0 ms]
      [Free CSet: 0.0 ms]
   [Eden: 2048.0K(2048.0K)->0.0B(10240.0K) Survivors: 1024.0K->1024.0K Heap: 39545.1K(65536.0K)->39403.6K(65536.0K)]
 [Times: user=0.17 sys=0.00, real=0.02 secs] 
2026-06-17T09:49:08.267+0800: 30.469: [GC pause (G1 Evacuation Pause) (young), 0.0144296 secs]
   [Parallel Time: 7.8 ms, GC Workers: 18]
      [GC Worker Start (ms): Min: 30468.9, Avg: 30470.7, Max: 30474.7, Diff: 5.8]
      [Ext Root Scanning (ms): Min: 0.0, Avg: 0.1, Max: 0.4, Diff: 0.4, Sum: 1.0]
      [Update RS (ms): Min: 0.0, Avg: 0.0, Max: 0.0, Diff: 0.0, Sum: 0.1]
         [Processed Buffers: Min: 0, Avg: 0.3, Max: 3, Diff: 3, Sum: 6]
      [Scan RS (ms): Min: 0.0, Avg: 0.0, Max: 0.0, Diff: 0.0, Sum: 0.0]
      [Code Root Scanning (ms): Min: 0.0, Avg: 0.0, Max: 0.0, Diff: 0.0, Sum: 0.0]
      [Object Copy (ms): Min: 0.0, Avg: 0.0, Max: 0.2, Diff: 0.2, Sum: 0.7]
      [Termination (ms): Min: 0.0, Avg: 4.2, Max: 6.1, Diff: 6.1, Sum: 75.8]
         [Termination Attempts: Min: 1, Avg: 1.0, Max: 1, Diff: 0, Sum: 18]
      [GC Worker Other (ms): Min: 0.0, Avg: 0.0, Max: 0.0, Diff: 0.0, Sum: 0.2]
      [GC Worker Total (ms): Min: 0.0, Avg: 4.3, Max: 6.3, Diff: 6.2, Sum: 77.9]
      [GC Worker End (ms): Min: 30474.7, Avg: 30475.0, Max: 30475.6, Diff: 0.8]
   [Code Root Fixup: 0.0 ms]
   [Code Root Purge: 0.0 ms]
   [Clear CT: 1.0 ms]
   [Other: 5.6 ms]
      [Choose CSet: 0.0 ms]
      [Ref Proc: 4.7 ms]
      [Ref Enq: 0.0 ms]
      [Redirty Cards: 0.8 ms]
      [Humongous Register: 0.0 ms]
      [Humongous Reclaim: 0.0 ms]
      [Free CSet: 0.0 ms]
   [Eden: 10240.0K(10240.0K)->0.0B(7168.0K) Survivors: 1024.0K->2048.0K Heap: 49643.6K(65536.0K)->42465.6K(65536.0K)]
 [Times: user=0.12 sys=0.01, real=0.02 secs] 
2026-06-17T09:49:08.304+0800: 30.505: [GC pause (G1 Evacuation Pause) (young) (initial-mark), 0.0178950 secs]
   [Parallel Time: 11.2 ms, GC Workers: 18]
      [GC Worker Start (ms): Min: 30505.6, Avg: 30506.6, Max: 30507.2, Diff: 1.6]
      [Ext Root Scanning (ms): Min: 0.0, Avg: 2.9, Max: 9.1, Diff: 9.1, Sum: 51.9]
      [Update RS (ms): Min: 0.0, Avg: 0.0, Max: 0.0, Diff: 0.0, Sum: 0.1]
         [Processed Buffers: Min: 0, Avg: 0.2, Max: 4, Diff: 4, Sum: 4]
      [Scan RS (ms): Min: 0.0, Avg: 0.0, Max: 0.0, Diff: 0.0, Sum: 0.0]
      [Code Root Scanning (ms): Min: 0.0, Avg: 0.0, Max: 0.0, Diff: 0.0, Sum: 0.0]
      [Object Copy (ms): Min: 0.0, Avg: 0.0, Max: 0.2, Diff: 0.2, Sum: 0.5]
      [Termination (ms): Min: 0.0, Avg: 6.8, Max: 8.9, Diff: 8.9, Sum: 122.6]
         [Termination Attempts: Min: 1, Avg: 1.0, Max: 1, Diff: 0, Sum: 18]
      [GC Worker Other (ms): Min: 0.0, Avg: 0.0, Max: 0.0, Diff: 0.0, Sum: 0.1]
      [GC Worker Total (ms): Min: 9.1, Avg: 9.7, Max: 10.8, Diff: 1.8, Sum: 175.3]
      [GC Worker End (ms): Min: 30516.3, Avg: 30516.3, Max: 30516.4, Diff: 0.2]
   [Code Root Fixup: 0.0 ms]
   [Code Root Purge: 0.0 ms]
   [Clear CT: 0.9 ms]
   [Other: 5.8 ms]
      [Choose CSet: 0.0 ms]
      [Ref Proc: 5.0 ms]
      [Ref Enq: 0.0 ms]
      [Redirty Cards: 0.7 ms]
      [Humongous Register: 0.0 ms]
      [Humongous Reclaim: 0.0 ms]
      [Free CSet: 0.0 ms]
   [Eden: 7168.0K(7168.0K)->0.0B(7168.0K) Survivors: 2048.0K->1024.0K Heap: 49633.6K(65536.0K)->42740.8K(65536.0K)]
 [Times: user=0.17 sys=0.00, real=0.02 secs] 
2026-06-17T09:49:08.323+0800: 30.524: [GC concurrent-root-region-scan-start]
2026-06-17T09:49:08.323+0800: 30.525: [GC concurrent-root-region-scan-end, 0.0003130 secs]
2026-06-17T09:49:08.323+0800: 30.525: [GC concurrent-mark-start]
2026-06-17T09:49:08.324+0800: 30.525: [GC concurrent-mark-end, 0.0003367 secs]
2026-06-17T09:49:08.324+0800: 30.525: [GC remark 2026-06-17T09:49:08.324+0800: 30.526: [Finalize Marking, 0.0040502 secs] 2026-06-17T09:49:08.329+0800: 30.530: [GC ref-proc, 0.0006368 secs] 2026-06-17T09:49:08.330+0800: 30.531: [Unloading, 0.0017731 secs], 0.0089382 secs]
 [Times: user=0.03 sys=0.00, real=0.01 secs] 
2026-06-17T09:49:08.334+0800: 30.535: [GC cleanup 49487K->43343K(65536K), 0.0028156 secs]
 [Times: user=0.00 sys=0.00, real=0.00 secs] 
2026-06-17T09:49:08.338+0800: 30.539: [GC concurrent-cleanup-start]
2026-06-17T09:49:08.338+0800: 30.539: [GC concurrent-cleanup-end, 0.0000091 secs]
2026-06-17T09:49:08.338+0800: 30.539: [GC pause (G1 Evacuation Pause) (young), 0.0114520 secs]
   [Parallel Time: 5.7 ms, GC Workers: 18]
      [GC Worker Start (ms): Min: 30539.2, Avg: 30540.5, Max: 30543.8, Diff: 4.6]
      [Ext Root Scanning (ms): Min: 0.0, Avg: 0.0, Max: 0.1, Diff: 0.1, Sum: 0.3]
      [Update RS (ms): Min: 0.0, Avg: 0.0, Max: 0.0, Diff: 0.0, Sum: 0.0]
         [Processed Buffers: Min: 0, Avg: 0.2, Max: 2, Diff: 2, Sum: 4]
      [Scan RS (ms): Min: 0.0, Avg: 0.0, Max: 0.0, Diff: 0.0, Sum: 0.0]
      [Code Root Scanning (ms): Min: 0.0, Avg: 0.0, Max: 0.0, Diff: 0.0, Sum: 0.0]
      [Object Copy (ms): Min: 0.0, Avg: 0.0, Max: 0.1, Diff: 0.1, Sum: 0.5]
      [Termination (ms): Min: 0.0, Avg: 3.4, Max: 4.7, Diff: 4.7, Sum: 60.7]
         [Termination Attempts: Min: 1, Avg: 1.0, Max: 1, Diff: 0, Sum: 18]
      [GC Worker Other (ms): Min: 0.0, Avg: 0.0, Max: 0.0, Diff: 0.0, Sum: 0.1]
      [GC Worker Total (ms): Min: 0.0, Avg: 3.4, Max: 5.0, Diff: 4.9, Sum: 61.6]
      [GC Worker End (ms): Min: 30543.8, Avg: 30544.0, Max: 30544.2, Diff: 0.4]
   [Code Root Fixup: 0.0 ms]
   [Code Root Purge: 0.0 ms]
   [Clear CT: 1.0 ms]
   [Other: 4.8 ms]
      [Choose CSet: 0.0 ms]
      [Ref Proc: 3.9 ms]
      [Ref Enq: 0.0 ms]
      [Redirty Cards: 0.8 ms]
      [Humongous Register: 0.0 ms]
      [Humongous Reclaim: 0.0 ms]
      [Free CSet: 0.0 ms]
   [Eden: 7168.0K(7168.0K)->0.0B(2048.0K) Survivors: 1024.0K->1024.0K Heap: 43764.8K(65536.0K)->40491.6K(65536.0K)]
 [Times: user=0.09 sys=0.01, real=0.01 secs] 
2026-06-17T09:49:08.361+0800: 30.562: [GC pause (G1 Evacuation Pause) (mixed), 0.0112266 secs]
   [Parallel Time: 7.7 ms, GC Workers: 18]
      [GC Worker Start (ms): Min: 30562.4, Avg: 30564.0, Max: 30569.3, Diff: 6.8]
      [Ext Root Scanning (ms): Min: 0.0, Avg: 0.0, Max: 0.2, Diff: 0.1, Sum: 0.4]
      [Update RS (ms): Min: 0.0, Avg: 0.0, Max: 0.1, Diff: 0.1, Sum: 0.1]
         [Processed Buffers: Min: 0, Avg: 0.2, Max: 1, Diff: 1, Sum: 3]
      [Scan RS (ms): Min: 0.0, Avg: 0.0, Max: 0.0, Diff: 0.0, Sum: 0.0]
      [Code Root Scanning (ms): Min: 0.0, Avg: 0.0, Max: 0.0, Diff: 0.0, Sum: 0.0]
      [Object Copy (ms): Min: 0.0, Avg: 0.0, Max: 0.2, Diff: 0.2, Sum: 0.6]
      [Termination (ms): Min: 0.0, Avg: 5.3, Max: 6.8, Diff: 6.8, Sum: 95.4]
         [Termination Attempts: Min: 1, Avg: 1.0, Max: 1, Diff: 0, Sum: 18]
      [GC Worker Other (ms): Min: 0.0, Avg: 0.0, Max: 0.0, Diff: 0.0, Sum: 0.1]
      [GC Worker Total (ms): Min: 0.0, Avg: 5.4, Max: 7.0, Diff: 6.9, Sum: 96.6]
      [GC Worker End (ms): Min: 30569.3, Avg: 30569.4, Max: 30569.5, Diff: 0.3]
   [Code Root Fixup: 0.0 ms]
   [Code Root Purge: 0.0 ms]
   [Clear CT: 1.1 ms]
   [Other: 2.4 ms]
      [Choose CSet: 0.0 ms]
      [Ref Proc: 1.8 ms]
      [Ref Enq: 0.0 ms]
      [Redirty Cards: 0.5 ms]
      [Humongous Register: 0.0 ms]
      [Humongous Reclaim: 0.0 ms]
      [Free CSet: 0.0 ms]
   [Eden: 2048.0K(2048.0K)->0.0B(2048.0K) Survivors: 1024.0K->1024.0K Heap: 42539.6K(65536.0K)->37095.1K(65536.0K)]
 [Times: user=0.11 sys=0.00, real=0.02 secs] 
2026-06-17T09:49:08.373+0800: 30.575: [GC pause (G1 Evacuation Pause) (mixed), 0.0072333 secs]
   [Parallel Time: 2.7 ms, GC Workers: 18]
      [GC Worker Start (ms): Min: 30574.7, Avg: 30575.6, Max: 30576.9, Diff: 2.2]
      [Ext Root Scanning (ms): Min: 0.0, Avg: 0.0, Max: 0.1, Diff: 0.1, Sum: 0.3]
      [Update RS (ms): Min: 0.0, Avg: 0.0, Max: 0.0, Diff: 0.0, Sum: 0.0]
         [Processed Buffers: Min: 0, Avg: 0.3, Max: 2, Diff: 2, Sum: 5]
      [Scan RS (ms): Min: 0.0, Avg: 0.0, Max: 0.0, Diff: 0.0, Sum: 0.0]
      [Code Root Scanning (ms): Min: 0.0, Avg: 0.0, Max: 0.0, Diff: 0.0, Sum: 0.0]
      [Object Copy (ms): Min: 0.0, Avg: 0.0, Max: 0.2, Diff: 0.2, Sum: 0.8]
      [Termination (ms): Min: 0.0, Avg: 1.3, Max: 2.0, Diff: 2.0, Sum: 24.1]
         [Termination Attempts: Min: 1, Avg: 1.0, Max: 1, Diff: 0, Sum: 18]
      [GC Worker Other (ms): Min: 0.0, Avg: 0.0, Max: 0.0, Diff: 0.0, Sum: 0.1]
      [GC Worker Total (ms): Min: 0.0, Avg: 1.4, Max: 2.4, Diff: 2.4, Sum: 25.4]
      [GC Worker End (ms): Min: 30576.9, Avg: 30577.0, Max: 30577.2, Diff: 0.2]
   [Code Root Fixup: 0.0 ms]
   [Code Root Purge: 0.0 ms]
   [Clear CT: 0.9 ms]
   [Other: 3.6 ms]
      [Choose CSet: 0.0 ms]
      [Ref Proc: 2.7 ms]
      [Ref Enq: 0.0 ms]
      [Redirty Cards: 0.8 ms]
      [Humongous Register: 0.0 ms]
      [Humongous Reclaim: 0.0 ms]
      [Free CSet: 0.0 ms]
   [Eden: 2048.0K(2048.0K)->0.0B(2048.0K) Survivors: 1024.0K->1024.0K Heap: 39143.1K(65536.0K)->36773.6K(65536.0K)]
 [Times: user=0.06 sys=0.00, real=0.00 secs] 
2026-06-17T09:49:08.392+0800: 30.593: [GC pause (G1 Evacuation Pause) (mixed), 0.0139736 secs]
   [Parallel Time: 8.9 ms, GC Workers: 18]
      [GC Worker Start (ms): Min: 30593.5, Avg: 30594.9, Max: 30600.8, Diff: 7.2]
      [Ext Root Scanning (ms): Min: 0.0, Avg: 0.0, Max: 0.2, Diff: 0.2, Sum: 0.8]
      [Update RS (ms): Min: 0.0, Avg: 0.0, Max: 0.0, Diff: 0.0, Sum: 0.1]
         [Processed Buffers: Min: 0, Avg: 0.3, Max: 2, Diff: 2, Sum: 6]
      [Scan RS (ms): Min: 0.0, Avg: 0.0, Max: 0.0, Diff: 0.0, Sum: 0.1]
      [Code Root Scanning (ms): Min: 0.0, Avg: 0.0, Max: 0.0, Diff: 0.0, Sum: 0.0]
      [Object Copy (ms): Min: 0.0, Avg: 0.0, Max: 0.1, Diff: 0.1, Sum: 0.5]
      [Termination (ms): Min: 0.0, Avg: 6.0, Max: 7.6, Diff: 7.6, Sum: 107.5]
         [Termination Attempts: Min: 1, Avg: 1.0, Max: 1, Diff: 0, Sum: 18]
      [GC Worker Other (ms): Min: 0.0, Avg: 0.0, Max: 0.0, Diff: 0.0, Sum: 0.2]
      [GC Worker Total (ms): Min: 0.0, Avg: 6.1, Max: 7.7, Diff: 7.7, Sum: 109.2]
      [GC Worker End (ms): Min: 30600.8, Avg: 30601.0, Max: 30601.4, Diff: 0.7]
   [Code Root Fixup: 0.0 ms]
   [Code Root Purge: 0.0 ms]
   [Clear CT: 1.4 ms]
   [Other: 3.7 ms]
      [Choose CSet: 0.0 ms]
      [Ref Proc: 3.1 ms]
      [Ref Enq: 0.0 ms]
      [Redirty Cards: 0.5 ms]
      [Humongous Register: 0.0 ms]
      [Humongous Reclaim: 0.0 ms]
      [Free CSet: 0.0 ms]
   [Eden: 2048.0K(2048.0K)->0.0B(16384.0K) Survivors: 1024.0K->1024.0K Heap: 38821.6K(65536.0K)->32984.8K(65536.0K)]
 [Times: user=0.13 sys=0.00, real=0.01 secs] 
2026-06-17T09:49:08.439+0800: 30.641: [GC pause (G1 Evacuation Pause) (young), 0.0178000 secs]
   [Parallel Time: 11.2 ms, GC Workers: 18]
      [GC Worker Start (ms): Min: 30640.8, Avg: 30643.2, Max: 30649.9, Diff: 9.1]
      [Ext Root Scanning (ms): Min: 0.0, Avg: 0.1, Max: 0.6, Diff: 0.5, Sum: 1.4]
      [Update RS (ms): Min: 0.0, Avg: 0.0, Max: 0.2, Diff: 0.2, Sum: 0.7]
         [Processed Buffers: Min: 0, Avg: 0.4, Max: 3, Diff: 3, Sum: 8]
      [Scan RS (ms): Min: 0.0, Avg: 0.0, Max: 0.0, Diff: 0.0, Sum: 0.1]
      [Code Root Scanning (ms): Min: 0.0, Avg: 0.0, Max: 0.0, Diff: 0.0, Sum: 0.0]
      [Object Copy (ms): Min: 0.0, Avg: 0.1, Max: 0.4, Diff: 0.4, Sum: 1.1]
      [Termination (ms): Min: 0.0, Avg: 6.9, Max: 8.9, Diff: 8.9, Sum: 123.6]
         [Termination Attempts: Min: 1, Avg: 1.0, Max: 1, Diff: 0, Sum: 18]
      [GC Worker Other (ms): Min: 0.0, Avg: 0.0, Max: 0.1, Diff: 0.1, Sum: 0.3]
      [GC Worker Total (ms): Min: 0.0, Avg: 7.1, Max: 9.5, Diff: 9.4, Sum: 127.2]
      [GC Worker End (ms): Min: 30649.9, Avg: 30650.3, Max: 30650.7, Diff: 0.8]
   [Code Root Fixup: 0.0 ms]
   [Code Root Purge: 0.0 ms]
   [Clear CT: 1.1 ms]
   [Other: 5.4 ms]
      [Choose CSet: 0.0 ms]
      [Ref Proc: 4.3 ms]
      [Ref Enq: 0.0 ms]
      [Redirty Cards: 1.0 ms]
      [Humongous Register: 0.0 ms]
      [Humongous Reclaim: 0.0 ms]
      [Free CSet: 0.0 ms]
   [Eden: 16384.0K(16384.0K)->0.0B(13312.0K) Survivors: 1024.0K->3072.0K Heap: 49368.8K(65536.0K)->35746.6K(65536.0K)]
 [Times: user=0.15 sys=0.01, real=0.02 secs] 
2026-06-17T09:49:08.480+0800: 30.681: [GC pause (G1 Humongous Allocation) (young) (initial-mark), 0.0252603 secs]
   [Parallel Time: 18.6 ms, GC Workers: 18]
      [GC Worker Start (ms): Min: 30681.8, Avg: 30683.1, Max: 30684.0, Diff: 2.2]
      [Ext Root Scanning (ms): Min: 0.0, Avg: 4.8, Max: 13.9, Diff: 13.9, Sum: 85.8]
      [Update RS (ms): Min: 0.0, Avg: 0.0, Max: 0.0, Diff: 0.0, Sum: 0.1]
         [Processed Buffers: Min: 0, Avg: 0.1, Max: 2, Diff: 2, Sum: 2]
      [Scan RS (ms): Min: 0.0, Avg: 0.0, Max: 0.0, Diff: 0.0, Sum: 0.0]
      [Code Root Scanning (ms): Min: 0.0, Avg: 0.0, Max: 0.0, Diff: 0.0, Sum: 0.0]
      [Object Copy (ms): Min: 0.0, Avg: 0.0, Max: 0.4, Diff: 0.4, Sum: 0.9]
      [Termination (ms): Min: 0.0, Avg: 10.4, Max: 14.2, Diff: 14.2, Sum: 187.6]
         [Termination Attempts: Min: 1, Avg: 1.0, Max: 1, Diff: 0, Sum: 18]
      [GC Worker Other (ms): Min: 0.0, Avg: 0.0, Max: 0.0, Diff: 0.0, Sum: 0.2]
      [GC Worker Total (ms): Min: 13.9, Avg: 15.3, Max: 16.7, Diff: 2.8, Sum: 274.6]
      [GC Worker End (ms): Min: 30697.8, Avg: 30698.3, Max: 30699.2, Diff: 1.3]
   [Code Root Fixup: 0.0 ms]
   [Code Root Purge: 0.0 ms]
   [Clear CT: 1.7 ms]
   [Other: 5.0 ms]
      [Choose CSet: 0.0 ms]
      [Ref Proc: 4.2 ms]
      [Ref Enq: 0.0 ms]
      [Redirty Cards: 0.7 ms]
      [Humongous Register: 0.0 ms]
      [Humongous Reclaim: 0.0 ms]
      [Free CSet: 0.0 ms]
   [Eden: 9216.0K(13312.0K)->0.0B(11264.0K) Survivors: 3072.0K->2048.0K Heap: 44365.8K(65536.0K)->37345.6K(65536.0K)]
 [Times: user=0.21 sys=0.00, real=0.03 secs] 
2026-06-17T09:49:08.507+0800: 30.708: [GC concurrent-root-region-scan-start]
2026-06-17T09:49:08.507+0800: 30.708: [GC concurrent-root-region-scan-end, 0.0002230 secs]
2026-06-17T09:49:08.507+0800: 30.708: [GC concurrent-mark-start]
2026-06-17T09:49:08.507+0800: 30.709: [GC concurrent-mark-end, 0.0006234 secs]
2026-06-17T09:49:08.508+0800: 30.709: [GC remark 2026-06-17T09:49:08.508+0800: 30.709: [Finalize Marking, 0.0098772 secs] 2026-06-17T09:49:08.519+0800: 30.720: [GC ref-proc, 0.0008320 secs] 2026-06-17T09:49:08.520+0800: 30.721: [Unloading, 0.0019096 secs], 0.0156609 secs]
 [Times: user=0.10 sys=0.00, real=0.02 secs] 
2026-06-17T09:49:08.525+0800: 30.726: [GC cleanup 39471K->39471K(65536K), 0.0027081 secs]
 [Times: user=0.00 sys=0.00, real=0.00 secs] 
2026-06-17T09:49:08.549+0800: 30.751: [GC pause (G1 Evacuation Pause) (young), 0.0223897 secs]
   [Parallel Time: 14.7 ms, GC Workers: 18]
      [GC Worker Start (ms): Min: 30750.8, Avg: 30754.6, Max: 30763.1, Diff: 12.4]
      [Ext Root Scanning (ms): Min: 0.0, Avg: 0.0, Max: 0.3, Diff: 0.3, Sum: 0.8]
      [Update RS (ms): Min: 0.0, Avg: 0.0, Max: 0.0, Diff: 0.0, Sum: 0.1]
         [Processed Buffers: Min: 0, Avg: 0.2, Max: 1, Diff: 1, Sum: 3]
      [Scan RS (ms): Min: 0.0, Avg: 0.0, Max: 0.0, Diff: 0.0, Sum: 0.0]
      [Code Root Scanning (ms): Min: 0.0, Avg: 0.0, Max: 0.0, Diff: 0.0, Sum: 0.0]
      [Object Copy (ms): Min: 0.0, Avg: 0.1, Max: 0.3, Diff: 0.3, Sum: 1.2]
      [Termination (ms): Min: 0.0, Avg: 9.3, Max: 13.3, Diff: 13.3, Sum: 166.7]
         [Termination Attempts: Min: 1, Avg: 1.0, Max: 1, Diff: 0, Sum: 18]
      [GC Worker Other (ms): Min: 0.0, Avg: 0.0, Max: 0.0, Diff: 0.0, Sum: 0.3]
      [GC Worker Total (ms): Min: 0.0, Avg: 9.4, Max: 13.9, Diff: 13.8, Sum: 169.0]
      [GC Worker End (ms): Min: 30763.2, Avg: 30764.0, Max: 30765.2, Diff: 2.0]
   [Code Root Fixup: 0.0 ms]
   [Code Root Purge: 0.0 ms]
   [Clear CT: 0.7 ms]
   [Other: 7.0 ms]
      [Choose CSet: 0.0 ms]
      [Ref Proc: 6.3 ms]
      [Ref Enq: 0.0 ms]
      [Redirty Cards: 0.7 ms]
      [Humongous Register: 0.0 ms]
      [Humongous Reclaim: 0.0 ms]
      [Free CSet: 0.0 ms]
   [Eden: 11264.0K(11264.0K)->0.0B(1024.0K) Survivors: 2048.0K->2048.0K Heap: 49720.6K(65536.0K)->43700.6K(65536.0K)]
 [Times: user=0.22 sys=0.01, real=0.03 secs] 
2026-06-17T09:49:08.573+0800: 30.774: [GC pause (G1 Evacuation Pause) (mixed), 0.0156457 secs]
   [Parallel Time: 10.8 ms, GC Workers: 18]
      [GC Worker Start (ms): Min: 30774.5, Avg: 30777.0, Max: 30783.3, Diff: 8.8]
      [Ext Root Scanning (ms): Min: 0.0, Avg: 0.0, Max: 0.1, Diff: 0.1, Sum: 0.4]
      [Update RS (ms): Min: 0.0, Avg: 0.0, Max: 0.0, Diff: 0.0, Sum: 0.0]
         [Processed Buffers: Min: 0, Avg: 0.2, Max: 1, Diff: 1, Sum: 3]
      [Scan RS (ms): Min: 0.0, Avg: 0.0, Max: 0.0, Diff: 0.0, Sum: 0.0]
      [Code Root Scanning (ms): Min: 0.0, Avg: 0.0, Max: 0.0, Diff: 0.0, Sum: 0.0]
      [Object Copy (ms): Min: 0.0, Avg: 0.0, Max: 0.2, Diff: 0.2, Sum: 0.9]
      [Termination (ms): Min: 0.0, Avg: 6.6, Max: 9.1, Diff: 9.1, Sum: 118.4]
         [Termination Attempts: Min: 1, Avg: 1.0, Max: 1, Diff: 0, Sum: 18]
      [GC Worker Other (ms): Min: 0.0, Avg: 0.0, Max: 0.1, Diff: 0.1, Sum: 0.2]
      [GC Worker Total (ms): Min: 0.0, Avg: 6.7, Max: 9.4, Diff: 9.3, Sum: 120.0]
      [GC Worker End (ms): Min: 30783.3, Avg: 30783.6, Max: 30784.0, Diff: 0.7]
   [Code Root Fixup: 0.0 ms]
   [Code Root Purge: 0.0 ms]
   [Clear CT: 1.1 ms]
   [Other: 3.8 ms]
      [Choose CSet: 0.0 ms]
      [Ref Proc: 3.1 ms]
      [Ref Enq: 0.0 ms]
      [Redirty Cards: 0.7 ms]
      [Humongous Register: 0.0 ms]
      [Humongous Reclaim: 0.0 ms]
      [Free CSet: 0.0 ms]
   [Eden: 1024.0K(1024.0K)->0.0B(2048.0K) Survivors: 2048.0K->1024.0K Heap: 44724.6K(65536.0K)->41426.1K(65536.0K)]
 [Times: user=0.15 sys=0.00, real=0.01 secs] 
2026-06-17T09:49:08.600+0800: 30.802: [GC pause (G1 Evacuation Pause) (mixed), 0.0158821 secs]
   [Parallel Time: 10.2 ms, GC Workers: 18]
      [GC Worker Start (ms): Min: 30801.8, Avg: 30804.1, Max: 30811.6, Diff: 9.8]
      [Ext Root Scanning (ms): Min: 0.0, Avg: 0.0, Max: 0.2, Diff: 0.2, Sum: 0.5]
      [Update RS (ms): Min: 0.0, Avg: 0.0, Max: 0.0, Diff: 0.0, Sum: 0.1]
         [Processed Buffers: Min: 0, Avg: 0.3, Max: 2, Diff: 2, Sum: 5]
      [Scan RS (ms): Min: 0.0, Avg: 0.0, Max: 0.0, Diff: 0.0, Sum: 0.0]
      [Code Root Scanning (ms): Min: 0.0, Avg: 0.0, Max: 0.0, Diff: 0.0, Sum: 0.0]
      [Object Copy (ms): Min: 0.0, Avg: 0.1, Max: 0.3, Diff: 0.3, Sum: 1.3]
      [Termination (ms): Min: 0.0, Avg: 7.5, Max: 9.5, Diff: 9.5, Sum: 134.5]
         [Termination Attempts: Min: 1, Avg: 1.0, Max: 1, Diff: 0, Sum: 18]
      [GC Worker Other (ms): Min: 0.0, Avg: 0.0, Max: 0.0, Diff: 0.0, Sum: 0.1]
      [GC Worker Total (ms): Min: 0.0, Avg: 7.6, Max: 9.9, Diff: 9.9, Sum: 136.5]
      [GC Worker End (ms): Min: 30811.6, Avg: 30811.6, Max: 30811.8, Diff: 0.2]
   [Code Root Fixup: 0.0 ms]
   [Code Root Purge: 0.0 ms]
   [Clear CT: 0.7 ms]
   [Other: 5.0 ms]
      [Choose CSet: 0.0 ms]
      [Ref Proc: 4.5 ms]
      [Ref Enq: 0.0 ms]
      [Redirty Cards: 0.5 ms]
      [Humongous Register: 0.0 ms]
      [Humongous Reclaim: 0.0 ms]
      [Free CSet: 0.0 ms]
   [Eden: 2048.0K(2048.0K)->0.0B(2048.0K) Survivors: 1024.0K->1024.0K Heap: 43474.1K(65536.0K)->41510.6K(65536.0K)]
 [Times: user=0.18 sys=0.00, real=0.02 secs] 
2026-06-17T09:49:08.618+0800: 30.819: [GC pause (G1 Evacuation Pause) (mixed), 0.0122566 secs]
   [Parallel Time: 8.1 ms, GC Workers: 18]
      [GC Worker Start (ms): Min: 30819.1, Avg: 30820.4, Max: 30825.9, Diff: 6.8]
      [Ext Root Scanning (ms): Min: 0.0, Avg: 0.0, Max: 0.1, Diff: 0.1, Sum: 0.3]
      [Update RS (ms): Min: 0.0, Avg: 0.0, Max: 0.0, Diff: 0.0, Sum: 0.0]
         [Processed Buffers: Min: 0, Avg: 0.3, Max: 3, Diff: 3, Sum: 5]
      [Scan RS (ms): Min: 0.0, Avg: 0.0, Max: 0.0, Diff: 0.0, Sum: 0.1]
      [Code Root Scanning (ms): Min: 0.0, Avg: 0.0, Max: 0.0, Diff: 0.0, Sum: 0.0]
      [Object Copy (ms): Min: 0.0, Avg: 0.0, Max: 0.1, Diff: 0.1, Sum: 0.2]
      [Termination (ms): Min: 0.0, Avg: 5.6, Max: 6.9, Diff: 6.9, Sum: 101.6]
         [Termination Attempts: Min: 1, Avg: 1.1, Max: 2, Diff: 1, Sum: 20]
      [GC Worker Other (ms): Min: 0.0, Avg: 0.0, Max: 0.0, Diff: 0.0, Sum: 0.1]
      [GC Worker Total (ms): Min: 0.0, Avg: 5.7, Max: 6.9, Diff: 6.9, Sum: 102.3]
      [GC Worker End (ms): Min: 30825.9, Avg: 30826.1, Max: 30826.3, Diff: 0.4]
   [Code Root Fixup: 0.0 ms]
   [Code Root Purge: 0.0 ms]
   [Clear CT: 0.8 ms]
   [Other: 3.4 ms]
      [Choose CSet: 0.0 ms]
      [Ref Proc: 2.8 ms]
      [Ref Enq: 0.0 ms]
      [Redirty Cards: 0.5 ms]
      [Humongous Register: 0.0 ms]
      [Humongous Reclaim: 0.0 ms]
      [Free CSet: 0.0 ms]
   [Eden: 2048.0K(2048.0K)->0.0B(8192.0K) Survivors: 1024.0K->1024.0K Heap: 43558.6K(65536.0K)->40203.7K(65536.0K)]
 [Times: user=0.12 sys=0.01, real=0.02 secs] 
2026-06-17T09:49:08.652+0800: 30.853: [GC pause (G1 Evacuation Pause) (young), 0.0149070 secs]
   [Parallel Time: 8.7 ms, GC Workers: 18]
      [GC Worker Start (ms): Min: 30853.4, Avg: 30855.6, Max: 30860.9, Diff: 7.5]
      [Ext Root Scanning (ms): Min: 0.0, Avg: 0.0, Max: 0.3, Diff: 0.3, Sum: 0.8]
      [Update RS (ms): Min: 0.0, Avg: 0.0, Max: 0.1, Diff: 0.1, Sum: 0.3]
         [Processed Buffers: Min: 0, Avg: 0.2, Max: 2, Diff: 2, Sum: 4]
      [Scan RS (ms): Min: 0.0, Avg: 0.0, Max: 0.0, Diff: 0.0, Sum: 0.0]
      [Code Root Scanning (ms): Min: 0.0, Avg: 0.0, Max: 0.0, Diff: 0.0, Sum: 0.0]
      [Object Copy (ms): Min: 0.0, Avg: 0.0, Max: 0.2, Diff: 0.2, Sum: 0.9]
      [Termination (ms): Min: 0.0, Avg: 5.5, Max: 7.8, Diff: 7.8, Sum: 99.0]
         [Termination Attempts: Min: 1, Avg: 1.0, Max: 1, Diff: 0, Sum: 18]
      [GC Worker Other (ms): Min: 0.0, Avg: 0.0, Max: 0.0, Diff: 0.0, Sum: 0.2]
      [GC Worker Total (ms): Min: 0.0, Avg: 5.6, Max: 8.3, Diff: 8.3, Sum: 101.2]
      [GC Worker End (ms): Min: 30861.0, Avg: 30861.2, Max: 30861.8, Diff: 0.9]
   [Code Root Fixup: 0.0 ms]
   [Code Root Purge: 0.0 ms]
   [Clear CT: 0.8 ms]
   [Other: 5.4 ms]
      [Choose CSet: 0.0 ms]
      [Ref Proc: 4.5 ms]
      [Ref Enq: 0.0 ms]
      [Redirty Cards: 0.8 ms]
      [Humongous Register: 0.0 ms]
      [Humongous Reclaim: 0.0 ms]
      [Free CSet: 0.0 ms]
   [Eden: 8192.0K(8192.0K)->0.0B(5120.0K) Survivors: 1024.0K->2048.0K Heap: 48395.7K(65536.0K)->44887.6K(65536.0K)]
 [Times: user=0.14 sys=0.00, real=0.01 secs] 
2026-06-17T09:49:08.679+0800: 30.880: [GC pause (G1 Evacuation Pause) (young) (initial-mark), 0.0194481 secs]
   [Parallel Time: 12.0 ms, GC Workers: 18]
      [GC Worker Start (ms): Min: 30880.4, Avg: 30881.0, Max: 30881.3, Diff: 1.0]
      [Ext Root Scanning (ms): Min: 0.0, Avg: 2.8, Max: 8.3, Diff: 8.3, Sum: 49.8]
      [Update RS (ms): Min: 0.0, Avg: 0.0, Max: 0.0, Diff: 0.0, Sum: 0.0]
         [Processed Buffers: Min: 0, Avg: 0.1, Max: 2, Diff: 2, Sum: 2]
      [Scan RS (ms): Min: 0.0, Avg: 0.0, Max: 0.0, Diff: 0.0, Sum: 0.0]
      [Code Root Scanning (ms): Min: 0.0, Avg: 0.0, Max: 0.0, Diff: 0.0, Sum: 0.0]
      [Object Copy (ms): Min: 0.0, Avg: 0.0, Max: 0.1, Diff: 0.1, Sum: 0.3]
      [Termination (ms): Min: 0.0, Avg: 6.1, Max: 8.5, Diff: 8.5, Sum: 110.7]
         [Termination Attempts: Min: 1, Avg: 1.1, Max: 2, Diff: 1, Sum: 19]
      [GC Worker Other (ms): Min: 0.0, Avg: 0.0, Max: 0.0, Diff: 0.0, Sum: 0.2]
      [GC Worker Total (ms): Min: 8.4, Avg: 8.9, Max: 9.7, Diff: 1.4, Sum: 161.1]
      [GC Worker End (ms): Min: 30889.7, Avg: 30889.9, Max: 30890.2, Diff: 0.6]
   [Code Root Fixup: 0.0 ms]
   [Code Root Purge: 0.0 ms]
   [Clear CT: 0.8 ms]
   [Other: 6.6 ms]
      [Choose CSet: 0.0 ms]
      [Ref Proc: 5.8 ms]
      [Ref Enq: 0.0 ms]
      [Redirty Cards: 0.7 ms]
      [Humongous Register: 0.0 ms]
      [Humongous Reclaim: 0.0 ms]
      [Free CSet: 0.0 ms]
   [Eden: 5120.0K(5120.0K)->0.0B(4096.0K) Survivors: 2048.0K->1024.0K Heap: 50007.6K(65536.0K)->44831.7K(65536.0K)]
 [Times: user=0.16 sys=0.00, real=0.02 secs] 
2026-06-17T09:49:08.700+0800: 30.901: [GC concurrent-root-region-scan-start]
2026-06-17T09:49:08.700+0800: 30.901: [GC concurrent-root-region-scan-end, 0.0003217 secs]
2026-06-17T09:49:08.700+0800: 30.901: [GC concurrent-mark-start]
2026-06-17T09:49:08.700+0800: 30.902: [GC concurrent-mark-end, 0.0002847 secs]
2026-06-17T09:49:08.701+0800: 30.902: [GC remark 2026-06-17T09:49:08.701+0800: 30.902: [Finalize Marking, 0.0057725 secs] 2026-06-17T09:49:08.707+0800: 30.909: [GC ref-proc, 0.0003563 secs] 2026-06-17T09:49:08.708+0800: 30.909: [Unloading, 0.0011842 secs], 0.0094191 secs]
 [Times: user=0.05 sys=0.01, real=0.01 secs] 
2026-06-17T09:49:08.711+0800: 30.912: [GC cleanup 47846K->43750K(65536K), 0.0023824 secs]
 [Times: user=0.00 sys=0.00, real=0.00 secs] 
2026-06-17T09:49:08.714+0800: 30.915: [GC concurrent-cleanup-start]
2026-06-17T09:49:08.714+0800: 30.915: [GC concurrent-cleanup-end, 0.0000088 secs]
2026-06-17T09:49:08.714+0800: 30.916: [GC pause (G1 Evacuation Pause) (young), 0.0062314 secs]
   [Parallel Time: 2.3 ms, GC Workers: 18]
      [GC Worker Start (ms): Min: 30915.6, Avg: 30916.3, Max: 30917.0, Diff: 1.4]
      [Ext Root Scanning (ms): Min: 0.0, Avg: 0.0, Max: 0.1, Diff: 0.1, Sum: 0.3]
      [Update RS (ms): Min: 0.0, Avg: 0.0, Max: 0.0, Diff: 0.0, Sum: 0.0]
         [Processed Buffers: Min: 0, Avg: 0.1, Max: 1, Diff: 1, Sum: 2]
      [Scan RS (ms): Min: 0.0, Avg: 0.0, Max: 0.0, Diff: 0.0, Sum: 0.0]
      [Code Root Scanning (ms): Min: 0.0, Avg: 0.0, Max: 0.0, Diff: 0.0, Sum: 0.0]
      [Object Copy (ms): Min: 0.0, Avg: 0.0, Max: 0.2, Diff: 0.2, Sum: 0.6]
      [Termination (ms): Min: 0.0, Avg: 0.7, Max: 1.2, Diff: 1.2, Sum: 12.7]
         [Termination Attempts: Min: 1, Avg: 1.0, Max: 1, Diff: 0, Sum: 18]
      [GC Worker Other (ms): Min: 0.0, Avg: 0.0, Max: 0.0, Diff: 0.0, Sum: 0.1]
      [GC Worker Total (ms): Min: 0.0, Avg: 0.8, Max: 1.5, Diff: 1.5, Sum: 13.7]
      [GC Worker End (ms): Min: 30917.0, Avg: 30917.0, Max: 30917.2, Diff: 0.2]
   [Code Root Fixup: 0.0 ms]
   [Code Root Purge: 0.0 ms]
   [Clear CT: 0.9 ms]
   [Other: 3.0 ms]
      [Choose CSet: 0.0 ms]
      [Ref Proc: 2.5 ms]
      [Ref Enq: 0.0 ms]
      [Redirty Cards: 0.5 ms]
      [Humongous Register: 0.0 ms]
      [Humongous Reclaim: 0.0 ms]
      [Free CSet: 0.0 ms]
   [Eden: 4096.0K(4096.0K)->0.0B(2048.0K) Survivors: 1024.0K->1024.0K Heap: 44831.7K(65536.0K)->44913.6K(65536.0K)]
 [Times: user=0.03 sys=0.00, real=0.00 secs] 
2026-06-17T09:49:08.732+0800: 30.933: [GC pause (G1 Evacuation Pause) (mixed), 0.0117311 secs]
   [Parallel Time: 7.8 ms, GC Workers: 18]
      [GC Worker Start (ms): Min: 30933.3, Avg: 30934.7, Max: 30939.2, Diff: 5.9]
      [Ext Root Scanning (ms): Min: 0.0, Avg: 0.0, Max: 0.2, Diff: 0.2, Sum: 0.4]
      [Update RS (ms): Min: 0.0, Avg: 0.0, Max: 0.0, Diff: 0.0, Sum: 0.0]
         [Processed Buffers: Min: 0, Avg: 0.1, Max: 1, Diff: 1, Sum: 2]
      [Scan RS (ms): Min: 0.0, Avg: 0.0, Max: 0.0, Diff: 0.0, Sum: 0.1]
      [Code Root Scanning (ms): Min: 0.0, Avg: 0.0, Max: 0.0, Diff: 0.0, Sum: 0.0]
      [Object Copy (ms): Min: 0.0, Avg: 0.0, Max: 0.1, Diff: 0.1, Sum: 0.4]
      [Termination (ms): Min: 0.0, Avg: 4.7, Max: 6.4, Diff: 6.4, Sum: 85.4]
         [Termination Attempts: Min: 1, Avg: 1.0, Max: 1, Diff: 0, Sum: 18]
      [GC Worker Other (ms): Min: 0.0, Avg: 0.0, Max: 0.1, Diff: 0.0, Sum: 0.2]
      [GC Worker Total (ms): Min: 0.0, Avg: 4.8, Max: 6.6, Diff: 6.6, Sum: 86.5]
      [GC Worker End (ms): Min: 30939.2, Avg: 30939.5, Max: 30940.0, Diff: 0.8]
   [Code Root Fixup: 0.0 ms]
   [Code Root Purge: 0.0 ms]
   [Clear CT: 0.9 ms]
   [Other: 3.1 ms]
      [Choose CSet: 0.0 ms]
      [Ref Proc: 2.5 ms]
      [Ref Enq: 0.0 ms]
      [Redirty Cards: 0.6 ms]
      [Humongous Register: 0.0 ms]
      [Humongous Reclaim: 0.0 ms]
      [Free CSet: 0.0 ms]
   [Eden: 2048.0K(2048.0K)->0.0B(2048.0K) Survivors: 1024.0K->1024.0K Heap: 46961.6K(65536.0K)->39747.1K(65536.0K)]
 [Times: user=0.11 sys=0.00, real=0.01 secs] 
2026-06-17T09:49:08.745+0800: 30.946: [GC pause (G1 Evacuation Pause) (mixed), 0.0073702 secs]
   [Parallel Time: 2.9 ms, GC Workers: 18]
      [GC Worker Start (ms): Min: 30946.4, Avg: 30947.3, Max: 30948.1, Diff: 1.7]
      [Ext Root Scanning (ms): Min: 0.0, Avg: 0.0, Max: 0.1, Diff: 0.1, Sum: 0.3]
      [Update RS (ms): Min: 0.0, Avg: 0.0, Max: 0.0, Diff: 0.0, Sum: 0.0]
         [Processed Buffers: Min: 0, Avg: 0.2, Max: 2, Diff: 2, Sum: 4]
      [Scan RS (ms): Min: 0.0, Avg: 0.0, Max: 0.0, Diff: 0.0, Sum: 0.0]
      [Code Root Scanning (ms): Min: 0.0, Avg: 0.0, Max: 0.0, Diff: 0.0, Sum: 0.0]
      [Object Copy (ms): Min: 0.0, Avg: 0.0, Max: 0.2, Diff: 0.2, Sum: 0.8]
      [Termination (ms): Min: 0.0, Avg: 1.0, Max: 1.7, Diff: 1.7, Sum: 17.1]
         [Termination Attempts: Min: 1, Avg: 1.0, Max: 1, Diff: 0, Sum: 18]
      [GC Worker Other (ms): Min: 0.0, Avg: 0.0, Max: 0.0, Diff: 0.0, Sum: 0.1]
      [GC Worker Total (ms): Min: 0.0, Avg: 1.0, Max: 2.1, Diff: 2.1, Sum: 18.4]
      [GC Worker End (ms): Min: 30948.1, Avg: 30948.3, Max: 30948.5, Diff: 0.4]
   [Code Root Fixup: 0.0 ms]
   [Code Root Purge: 0.0 ms]
   [Clear CT: 0.9 ms]
   [Other: 3.6 ms]
      [Choose CSet: 0.0 ms]
      [Ref Proc: 3.0 ms]
      [Ref Enq: 0.0 ms]
      [Redirty Cards: 0.5 ms]
      [Humongous Register: 0.0 ms]
      [Humongous Reclaim: 0.0 ms]
      [Free CSet: 0.0 ms]
   [Eden: 2048.0K(2048.0K)->0.0B(2048.0K) Survivors: 1024.0K->1024.0K Heap: 41795.1K(65536.0K)->37945.6K(65536.0K)]
 [Times: user=0.03 sys=0.00, real=0.01 secs] 
2026-06-17T09:49:08.764+0800: 30.965: [GC pause (G1 Evacuation Pause) (mixed), 0.0130198 secs]
   [Parallel Time: 9.4 ms, GC Workers: 18]
      [GC Worker Start (ms): Min: 30965.1, Avg: 30966.7, Max: 30972.4, Diff: 7.4]
      [Ext Root Scanning (ms): Min: 0.0, Avg: 0.0, Max: 0.2, Diff: 0.2, Sum: 0.5]
      [Update RS (ms): Min: 0.0, Avg: 0.0, Max: 0.0, Diff: 0.0, Sum: 0.1]
         [Processed Buffers: Min: 0, Avg: 0.2, Max: 2, Diff: 2, Sum: 4]
      [Scan RS (ms): Min: 0.0, Avg: 0.0, Max: 0.0, Diff: 0.0, Sum: 0.1]
      [Code Root Scanning (ms): Min: 0.0, Avg: 0.0, Max: 0.0, Diff: 0.0, Sum: 0.0]
      [Object Copy (ms): Min: 0.0, Avg: 0.1, Max: 0.3, Diff: 0.3, Sum: 1.2]
      [Termination (ms): Min: 0.0, Avg: 5.8, Max: 7.5, Diff: 7.5, Sum: 104.2]
         [Termination Attempts: Min: 1, Avg: 1.0, Max: 1, Diff: 0, Sum: 18]
      [GC Worker Other (ms): Min: 0.0, Avg: 0.0, Max: 0.0, Diff: 0.0, Sum: 0.2]
      [GC Worker Total (ms): Min: 0.0, Avg: 5.9, Max: 8.0, Diff: 8.0, Sum: 106.3]
      [GC Worker End (ms): Min: 30972.5, Avg: 30972.6, Max: 30973.1, Diff: 0.6]
   [Code Root Fixup: 0.0 ms]
   [Code Root Purge: 0.0 ms]
   [Clear CT: 0.7 ms]
   [Other: 3.0 ms]
      [Choose CSet: 0.0 ms]
      [Ref Proc: 1.9 ms]
      [Ref Enq: 0.0 ms]
      [Redirty Cards: 1.0 ms]
      [Humongous Register: 0.0 ms]
      [Humongous Reclaim: 0.0 ms]
      [Free CSet: 0.0 ms]
   [Eden: 2048.0K(2048.0K)->0.0B(2048.0K) Survivors: 1024.0K->1024.0K Heap: 39993.6K(65536.0K)->38069.6K(65536.0K)]
 [Times: user=0.13 sys=0.01, real=0.01 secs] 
2026-06-17T09:49:08.778+0800: 30.979: [GC pause (G1 Evacuation Pause) (mixed), 0.0061706 secs]
   [Parallel Time: 2.0 ms, GC Workers: 18]
      [GC Worker Start (ms): Min: 30979.4, Avg: 30980.0, Max: 30980.7, Diff: 1.3]
      [Ext Root Scanning (ms): Min: 0.0, Avg: 0.0, Max: 0.1, Diff: 0.1, Sum: 0.3]
      [Update RS (ms): Min: 0.0, Avg: 0.0, Max: 0.2, Diff: 0.2, Sum: 0.2]
         [Processed Buffers: Min: 0, Avg: 0.3, Max: 3, Diff: 3, Sum: 5]
      [Scan RS (ms): Min: 0.0, Avg: 0.0, Max: 0.0, Diff: 0.0, Sum: 0.1]
      [Code Root Scanning (ms): Min: 0.0, Avg: 0.0, Max: 0.0, Diff: 0.0, Sum: 0.0]
      [Object Copy (ms): Min: 0.0, Avg: 0.0, Max: 0.1, Diff: 0.1, Sum: 0.4]
      [Termination (ms): Min: 0.0, Avg: 0.7, Max: 1.1, Diff: 1.1, Sum: 13.5]
         [Termination Attempts: Min: 1, Avg: 1.5, Max: 4, Diff: 3, Sum: 27]
      [GC Worker Other (ms): Min: 0.0, Avg: 0.0, Max: 0.0, Diff: 0.0, Sum: 0.1]
      [GC Worker Total (ms): Min: 0.0, Avg: 0.8, Max: 1.4, Diff: 1.4, Sum: 14.5]
      [GC Worker End (ms): Min: 30980.7, Avg: 30980.8, Max: 30980.9, Diff: 0.2]
   [Code Root Fixup: 0.0 ms]
   [Code Root Purge: 0.0 ms]
   [Clear CT: 0.7 ms]
   [Other: 3.4 ms]
      [Choose CSet: 0.0 ms]
      [Ref Proc: 2.9 ms]
      [Ref Enq: 0.0 ms]
      [Redirty Cards: 0.5 ms]
      [Humongous Register: 0.0 ms]
      [Humongous Reclaim: 0.0 ms]
      [Free CSet: 0.0 ms]
   [Eden: 2048.0K(2048.0K)->0.0B(9216.0K) Survivors: 1024.0K->1024.0K Heap: 40117.6K(65536.0K)->36922.2K(65536.0K)]
 [Times: user=0.03 sys=0.00, real=0.01 secs] 
2026-06-17T09:49:08.817+0800: 31.018: [GC pause (G1 Evacuation Pause) (young), 0.0158948 secs]
   [Parallel Time: 10.1 ms, GC Workers: 18]
      [GC Worker Start (ms): Min: 31018.2, Avg: 31020.6, Max: 31026.3, Diff: 8.1]
      [Ext Root Scanning (ms): Min: 0.0, Avg: 0.0, Max: 0.3, Diff: 0.3, Sum: 0.6]
      [Update RS (ms): Min: 0.0, Avg: 0.0, Max: 0.1, Diff: 0.1, Sum: 0.3]
         [Processed Buffers: Min: 0, Avg: 0.3, Max: 3, Diff: 3, Sum: 6]
      [Scan RS (ms): Min: 0.0, Avg: 0.0, Max: 0.0, Diff: 0.0, Sum: 0.1]
      [Code Root Scanning (ms): Min: 0.0, Avg: 0.0, Max: 0.0, Diff: 0.0, Sum: 0.0]
      [Object Copy (ms): Min: 0.0, Avg: 0.0, Max: 0.2, Diff: 0.2, Sum: 0.5]
      [Termination (ms): Min: 0.0, Avg: 5.9, Max: 8.1, Diff: 8.1, Sum: 106.6]
         [Termination Attempts: Min: 1, Avg: 1.0, Max: 1, Diff: 0, Sum: 18]
      [GC Worker Other (ms): Min: 0.0, Avg: 0.0, Max: 0.0, Diff: 0.0, Sum: 0.2]
      [GC Worker Total (ms): Min: 0.1, Avg: 6.0, Max: 8.4, Diff: 8.3, Sum: 108.3]
      [GC Worker End (ms): Min: 31026.4, Avg: 31026.6, Max: 31027.0, Diff: 0.6]
   [Code Root Fixup: 0.0 ms]
   [Code Root Purge: 0.0 ms]
   [Clear CT: 1.0 ms]
   [Other: 4.8 ms]
      [Choose CSet: 0.0 ms]
      [Ref Proc: 4.1 ms]
      [Ref Enq: 0.0 ms]
      [Redirty Cards: 0.7 ms]
      [Humongous Register: 0.0 ms]
      [Humongous Reclaim: 0.0 ms]
      [Free CSet: 0.0 ms]
   [Eden: 9216.0K(9216.0K)->0.0B(8192.0K) Survivors: 1024.0K->2048.0K Heap: 46138.2K(65536.0K)->39398.6K(65536.0K)]
 [Times: user=0.13 sys=0.01, real=0.02 secs] 
2026-06-17T09:49:08.845+0800: 31.046: [GC pause (G1 Evacuation Pause) (young) (initial-mark), 0.0175598 secs]
   [Parallel Time: 12.1 ms, GC Workers: 18]
      [GC Worker Start (ms): Min: 31046.3, Avg: 31046.9, Max: 31047.3, Diff: 1.0]
      [Ext Root Scanning (ms): Min: 0.0, Avg: 2.5, Max: 9.0, Diff: 9.0, Sum: 45.5]
      [Update RS (ms): Min: 0.0, Avg: 0.0, Max: 0.0, Diff: 0.0, Sum: 0.0]
         [Processed Buffers: Min: 0, Avg: 0.1, Max: 2, Diff: 2, Sum: 2]
      [Scan RS (ms): Min: 0.0, Avg: 0.0, Max: 0.0, Diff: 0.0, Sum: 0.0]
      [Code Root Scanning (ms): Min: 0.0, Avg: 0.0, Max: 0.0, Diff: 0.0, Sum: 0.0]
      [Object Copy (ms): Min: 0.0, Avg: 0.1, Max: 0.5, Diff: 0.5, Sum: 1.3]
      [Termination (ms): Min: 0.0, Avg: 7.0, Max: 9.2, Diff: 9.2, Sum: 126.7]
         [Termination Attempts: Min: 1, Avg: 1.0, Max: 1, Diff: 0, Sum: 18]
      [GC Worker Other (ms): Min: 0.0, Avg: 0.0, Max: 0.0, Diff: 0.0, Sum: 0.2]
      [GC Worker Total (ms): Min: 9.0, Avg: 9.7, Max: 10.3, Diff: 1.3, Sum: 173.7]
      [GC Worker End (ms): Min: 31056.3, Avg: 31056.6, Max: 31057.2, Diff: 0.9]
   [Code Root Fixup: 0.0 ms]
   [Code Root Purge: 0.0 ms]
   [Clear CT: 0.9 ms]
   [Other: 4.6 ms]
      [Choose CSet: 0.0 ms]
      [Ref Proc: 3.9 ms]
      [Ref Enq: 0.0 ms]
      [Redirty Cards: 0.6 ms]
      [Humongous Register: 0.0 ms]
      [Humongous Reclaim: 0.0 ms]
      [Free CSet: 0.0 ms]
   [Eden: 8192.0K(8192.0K)->0.0B(4096.0K) Survivors: 2048.0K->2048.0K Heap: 47590.6K(65536.0K)->44143.6K(65536.0K)]
 [Times: user=0.16 sys=0.01, real=0.02 secs] 
2026-06-17T09:49:08.864+0800: 31.065: [GC concurrent-root-region-scan-start]
2026-06-17T09:49:08.864+0800: 31.065: [GC concurrent-root-region-scan-end, 0.0003111 secs]
2026-06-17T09:49:08.864+0800: 31.065: [GC concurrent-mark-start]
2026-06-17T09:49:08.864+0800: 31.066: [GC concurrent-mark-end, 0.0003024 secs]
2026-06-17T09:49:08.865+0800: 31.066: [GC remark 2026-06-17T09:49:08.865+0800: 31.066: [Finalize Marking, 0.0053876 secs] 2026-06-17T09:49:08.871+0800: 31.072: [GC ref-proc, 0.0007092 secs] 2026-06-17T09:49:08.872+0800: 31.073: [Unloading, 0.0015619 secs], 0.0104518 secs]
 [Times: user=0.05 sys=0.00, real=0.01 secs] 
2026-06-17T09:49:08.876+0800: 31.077: [GC cleanup 46756K->43684K(65536K), 0.0029340 secs]
 [Times: user=0.00 sys=0.00, real=0.00 secs] 
2026-06-17T09:49:08.880+0800: 31.082: [GC concurrent-cleanup-start]
2026-06-17T09:49:08.880+0800: 31.082: [GC concurrent-cleanup-end, 0.0000097 secs]
2026-06-17T09:49:08.881+0800: 31.082: [GC pause (G1 Evacuation Pause) (young), 0.0126613 secs]
   [Parallel Time: 8.3 ms, GC Workers: 18]
      [GC Worker Start (ms): Min: 31081.9, Avg: 31083.6, Max: 31089.1, Diff: 7.2]
      [Ext Root Scanning (ms): Min: 0.0, Avg: 0.0, Max: 0.1, Diff: 0.1, Sum: 0.4]
      [Update RS (ms): Min: 0.0, Avg: 0.0, Max: 0.0, Diff: 0.0, Sum: 0.0]
         [Processed Buffers: Min: 0, Avg: 0.2, Max: 1, Diff: 1, Sum: 3]
      [Scan RS (ms): Min: 0.0, Avg: 0.0, Max: 0.0, Diff: 0.0, Sum: 0.0]
      [Code Root Scanning (ms): Min: 0.0, Avg: 0.0, Max: 0.0, Diff: 0.0, Sum: 0.0]
      [Object Copy (ms): Min: 0.0, Avg: 0.0, Max: 0.1, Diff: 0.1, Sum: 0.5]
      [Termination (ms): Min: 0.0, Avg: 5.6, Max: 7.2, Diff: 7.2, Sum: 101.1]
         [Termination Attempts: Min: 1, Avg: 1.0, Max: 1, Diff: 0, Sum: 18]
      [GC Worker Other (ms): Min: 0.0, Avg: 0.0, Max: 0.0, Diff: 0.0, Sum: 0.1]
      [GC Worker Total (ms): Min: 0.0, Avg: 5.7, Max: 7.5, Diff: 7.5, Sum: 102.1]
      [GC Worker End (ms): Min: 31089.1, Avg: 31089.2, Max: 31089.4, Diff: 0.3]
   [Code Root Fixup: 0.0 ms]
   [Code Root Purge: 0.0 ms]
   [Clear CT: 1.0 ms]
   [Other: 3.4 ms]
      [Choose CSet: 0.0 ms]
      [Ref Proc: 2.5 ms]
      [Ref Enq: 0.0 ms]
      [Redirty Cards: 0.8 ms]
      [Humongous Register: 0.0 ms]
      [Humongous Reclaim: 0.0 ms]
      [Free CSet: 0.0 ms]
   [Eden: 4096.0K(4096.0K)->0.0B(2048.0K) Survivors: 2048.0K->1024.0K Heap: 45167.6K(65536.0K)->43271.6K(65536.0K)]
 [Times: user=0.12 sys=0.01, real=0.02 secs] 
2026-06-17T09:49:08.905+0800: 31.106: [GC pause (G1 Evacuation Pause) (mixed), 0.0174548 secs]
   [Parallel Time: 10.9 ms, GC Workers: 18]
      [GC Worker Start (ms): Min: 31106.3, Avg: 31108.9, Max: 31115.1, Diff: 8.8]
      [Ext Root Scanning (ms): Min: 0.0, Avg: 0.0, Max: 0.2, Diff: 0.2, Sum: 0.5]
      [Update RS (ms): Min: 0.0, Avg: 0.0, Max: 0.0, Diff: 0.0, Sum: 0.0]
         [Processed Buffers: Min: 0, Avg: 0.1, Max: 1, Diff: 1, Sum: 2]
      [Scan RS (ms): Min: 0.0, Avg: 0.0, Max: 0.0, Diff: 0.0, Sum: 0.1]
      [Code Root Scanning (ms): Min: 0.0, Avg: 0.0, Max: 0.0, Diff: 0.0, Sum: 0.0]
      [Object Copy (ms): Min: 0.0, Avg: 0.0, Max: 0.2, Diff: 0.2, Sum: 0.8]
      [Termination (ms): Min: 0.0, Avg: 6.3, Max: 8.6, Diff: 8.6, Sum: 112.6]
         [Termination Attempts: Min: 1, Avg: 1.0, Max: 1, Diff: 0, Sum: 18]
      [GC Worker Other (ms): Min: 0.0, Avg: 0.0, Max: 0.0, Diff: 0.0, Sum: 0.2]
      [GC Worker Total (ms): Min: 0.0, Avg: 6.3, Max: 8.9, Diff: 8.9, Sum: 114.2]
      [GC Worker End (ms): Min: 31115.1, Avg: 31115.3, Max: 31115.6, Diff: 0.5]
   [Code Root Fixup: 0.0 ms]
   [Code Root Purge: 0.0 ms]
   [Clear CT: 1.9 ms]
   [Other: 4.6 ms]
      [Choose CSet: 0.0 ms]
      [Ref Proc: 4.0 ms]
      [Ref Enq: 0.0 ms]
      [Redirty Cards: 0.5 ms]
      [Humongous Register: 0.0 ms]
      [Humongous Reclaim: 0.0 ms]
      [Free CSet: 0.0 ms]
   [Eden: 2048.0K(2048.0K)->0.0B(2048.0K) Survivors: 1024.0K->1024.0K Heap: 45319.6K(65536.0K)->40774.6K(65536.0K)]
 [Times: user=0.16 sys=0.00, real=0.02 secs] 
2026-06-17T09:49:08.924+0800: 31.125: [GC pause (G1 Evacuation Pause) (mixed), 0.0121997 secs]
   [Parallel Time: 6.2 ms, GC Workers: 18]
      [GC Worker Start (ms): Min: 31125.2, Avg: 31126.4, Max: 31130.3, Diff: 5.1]
      [Ext Root Scanning (ms): Min: 0.0, Avg: 0.0, Max: 0.2, Diff: 0.2, Sum: 0.4]
      [Update RS (ms): Min: 0.0, Avg: 0.0, Max: 0.0, Diff: 0.0, Sum: 0.0]
         [Processed Buffers: Min: 0, Avg: 0.2, Max: 2, Diff: 2, Sum: 4]
      [Scan RS (ms): Min: 0.0, Avg: 0.0, Max: 0.1, Diff: 0.1, Sum: 0.1]
      [Code Root Scanning (ms): Min: 0.0, Avg: 0.0, Max: 0.0, Diff: 0.0, Sum: 0.0]
      [Object Copy (ms): Min: 0.0, Avg: 0.0, Max: 0.1, Diff: 0.1, Sum: 0.4]
      [Termination (ms): Min: 0.0, Avg: 3.9, Max: 4.9, Diff: 4.9, Sum: 70.8]
         [Termination Attempts: Min: 1, Avg: 1.0, Max: 1, Diff: 0, Sum: 18]
      [GC Worker Other (ms): Min: 0.0, Avg: 0.0, Max: 0.0, Diff: 0.0, Sum: 0.1]
      [GC Worker Total (ms): Min: 0.0, Avg: 4.0, Max: 5.2, Diff: 5.2, Sum: 72.0]
      [GC Worker End (ms): Min: 31130.3, Avg: 31130.4, Max: 31130.7, Diff: 0.4]
   [Code Root Fixup: 0.0 ms]
   [Code Root Purge: 0.0 ms]
   [Clear CT: 0.9 ms]
   [Other: 5.1 ms]
      [Choose CSet: 0.0 ms]
      [Ref Proc: 4.5 ms]
      [Ref Enq: 0.0 ms]
      [Redirty Cards: 0.5 ms]
      [Humongous Register: 0.0 ms]
      [Humongous Reclaim: 0.0 ms]
      [Free CSet: 0.0 ms]
   [Eden: 2048.0K(2048.0K)->0.0B(8192.0K) Survivors: 1024.0K->1024.0K Heap: 42822.6K(65536.0K)->38180.7K(65536.0K)]
 [Times: user=0.12 sys=0.00, real=0.01 secs] 
2026-06-17T09:49:08.948+0800: 31.149: [GC pause (G1 Humongous Allocation) (young) (initial-mark), 0.0123170 secs]
   [Parallel Time: 7.9 ms, GC Workers: 18]
      [GC Worker Start (ms): Min: 31149.4, Avg: 31149.7, Max: 31150.0, Diff: 0.6]
      [Ext Root Scanning (ms): Min: 0.0, Avg: 1.7, Max: 5.2, Diff: 5.2, Sum: 31.3]
      [Update RS (ms): Min: 0.0, Avg: 0.0, Max: 0.1, Diff: 0.1, Sum: 0.2]
         [Processed Buffers: Min: 0, Avg: 0.3, Max: 4, Diff: 4, Sum: 6]
      [Scan RS (ms): Min: 0.0, Avg: 0.0, Max: 0.0, Diff: 0.0, Sum: 0.0]
      [Code Root Scanning (ms): Min: 0.0, Avg: 0.0, Max: 0.0, Diff: 0.0, Sum: 0.0]
      [Object Copy (ms): Min: 0.0, Avg: 0.0, Max: 0.1, Diff: 0.1, Sum: 0.3]
      [Termination (ms): Min: 0.0, Avg: 3.8, Max: 5.6, Diff: 5.6, Sum: 69.0]
         [Termination Attempts: Min: 1, Avg: 1.0, Max: 1, Diff: 0, Sum: 18]
      [GC Worker Other (ms): Min: 0.0, Avg: 0.0, Max: 0.0, Diff: 0.0, Sum: 0.2]
      [GC Worker Total (ms): Min: 5.2, Avg: 5.6, Max: 6.4, Diff: 1.3, Sum: 101.0]
      [GC Worker End (ms): Min: 31155.1, Avg: 31155.3, Max: 31155.8, Diff: 0.7]
   [Code Root Fixup: 0.0 ms]
   [Code Root Purge: 0.0 ms]
   [Clear CT: 1.2 ms]
   [Other: 3.3 ms]
      [Choose CSet: 0.0 ms]
      [Ref Proc: 2.7 ms]
      [Ref Enq: 0.0 ms]
      [Redirty Cards: 0.5 ms]
      [Humongous Register: 0.0 ms]
      [Humongous Reclaim: 0.0 ms]
      [Free CSet: 0.0 ms]
   [Eden: 6144.0K(8192.0K)->0.0B(7168.0K) Survivors: 1024.0K->2048.0K Heap: 44114.0K(65536.0K)->40387.1K(65536.0K)]
 [Times: user=0.08 sys=0.01, real=0.01 secs] 
2026-06-17T09:49:08.962+0800: 31.163: [GC concurrent-root-region-scan-start]
2026-06-17T09:49:08.962+0800: 31.163: [GC concurrent-root-region-scan-end, 0.0002431 secs]
2026-06-17T09:49:08.962+0800: 31.163: [GC concurrent-mark-start]
2026-06-17T09:49:08.962+0800: 31.163: [GC concurrent-mark-end, 0.0004456 secs]
2026-06-17T09:49:08.962+0800: 31.164: [GC remark 2026-06-17T09:49:08.963+0800: 31.164: [Finalize Marking, 0.0037321 secs] 2026-06-17T09:49:08.967+0800: 31.169: [GC ref-proc, 0.0006218 secs] 2026-06-17T09:49:08.968+0800: 31.170: [Unloading, 0.0014750 secs], 0.0084256 secs]
 [Times: user=0.02 sys=0.01, real=0.02 secs] 
2026-06-17T09:49:08.972+0800: 31.173: [GC cleanup 42252K->36108K(65536K), 0.0028782 secs]
 [Times: user=0.01 sys=0.00, real=0.00 secs] 
2026-06-17T09:49:08.976+0800: 31.177: [GC concurrent-cleanup-start]
2026-06-17T09:49:08.976+0800: 31.177: [GC concurrent-cleanup-end, 0.0000130 secs]
2026-06-17T09:49:08.987+0800: 31.188: [GC pause (G1 Evacuation Pause) (young), 0.0098197 secs]
   [Parallel Time: 6.3 ms, GC Workers: 18]
      [GC Worker Start (ms): Min: 31188.1, Avg: 31189.5, Max: 31192.8, Diff: 4.6]
      [Ext Root Scanning (ms): Min: 0.0, Avg: 0.0, Max: 0.2, Diff: 0.2, Sum: 0.5]
      [Update RS (ms): Min: 0.0, Avg: 0.0, Max: 0.0, Diff: 0.0, Sum: 0.0]
         [Processed Buffers: Min: 0, Avg: 0.1, Max: 1, Diff: 1, Sum: 2]
      [Scan RS (ms): Min: 0.0, Avg: 0.0, Max: 0.0, Diff: 0.0, Sum: 0.0]
      [Code Root Scanning (ms): Min: 0.0, Avg: 0.0, Max: 0.0, Diff: 0.0, Sum: 0.0]
      [Object Copy (ms): Min: 0.0, Avg: 0.0, Max: 0.2, Diff: 0.2, Sum: 0.7]
      [Termination (ms): Min: 0.0, Avg: 3.3, Max: 4.5, Diff: 4.5, Sum: 59.9]
         [Termination Attempts: Min: 1, Avg: 1.1, Max: 2, Diff: 1, Sum: 19]
      [GC Worker Other (ms): Min: 0.0, Avg: 0.0, Max: 0.0, Diff: 0.0, Sum: 0.2]
      [GC Worker Total (ms): Min: 0.0, Avg: 3.4, Max: 4.9, Diff: 4.8, Sum: 61.3]
      [GC Worker End (ms): Min: 31192.8, Avg: 31192.9, Max: 31193.2, Diff: 0.4]
   [Code Root Fixup: 0.0 ms]
   [Code Root Purge: 0.0 ms]
   [Clear CT: 0.9 ms]
   [Other: 2.6 ms]
      [Choose CSet: 0.0 ms]
      [Ref Proc: 2.0 ms]
      [Ref Enq: 0.0 ms]
      [Redirty Cards: 0.5 ms]
      [Humongous Register: 0.0 ms]
      [Humongous Reclaim: 0.0 ms]
      [Free CSet: 0.0 ms]
   [Eden: 7168.0K(7168.0K)->0.0B(1024.0K) Survivors: 2048.0K->2048.0K Heap: 42270.1K(65536.0K)->38431.6K(65536.0K)]
 [Times: user=0.08 sys=0.00, real=0.01 secs] 
2026-06-17T09:49:08.998+0800: 31.199: [GC pause (G1 Evacuation Pause) (mixed), 0.0082667 secs]
   [Parallel Time: 4.0 ms, GC Workers: 18]
      [GC Worker Start (ms): Min: 31199.2, Avg: 31200.1, Max: 31202.5, Diff: 3.2]
      [Ext Root Scanning (ms): Min: 0.0, Avg: 0.0, Max: 0.2, Diff: 0.2, Sum: 0.4]
      [Update RS (ms): Min: 0.0, Avg: 0.0, Max: 0.0, Diff: 0.0, Sum: 0.0]
         [Processed Buffers: Min: 0, Avg: 0.2, Max: 2, Diff: 2, Sum: 3]
      [Scan RS (ms): Min: 0.0, Avg: 0.0, Max: 0.0, Diff: 0.0, Sum: 0.0]
      [Code Root Scanning (ms): Min: 0.0, Avg: 0.0, Max: 0.0, Diff: 0.0, Sum: 0.0]
      [Object Copy (ms): Min: 0.0, Avg: 0.0, Max: 0.2, Diff: 0.2, Sum: 0.5]
      [Termination (ms): Min: 0.0, Avg: 2.4, Max: 3.0, Diff: 3.0, Sum: 43.1]
         [Termination Attempts: Min: 1, Avg: 1.0, Max: 1, Diff: 0, Sum: 18]
      [GC Worker Other (ms): Min: 0.0, Avg: 0.0, Max: 0.0, Diff: 0.0, Sum: 0.1]
      [GC Worker Total (ms): Min: 0.0, Avg: 2.5, Max: 3.4, Diff: 3.3, Sum: 44.2]
      [GC Worker End (ms): Min: 31202.5, Avg: 31202.6, Max: 31202.9, Diff: 0.4]
   [Code Root Fixup: 0.0 ms]
   [Code Root Purge: 0.0 ms]
   [Clear CT: 1.4 ms]
   [Other: 2.9 ms]
      [Choose CSet: 0.0 ms]
      [Ref Proc: 2.2 ms]
      [Ref Enq: 0.0 ms]
      [Redirty Cards: 0.6 ms]
      [Humongous Register: 0.0 ms]
      [Humongous Reclaim: 0.0 ms]
      [Free CSet: 0.0 ms]
   [Eden: 1024.0K(1024.0K)->0.0B(2048.0K) Survivors: 2048.0K->1024.0K Heap: 39455.6K(65536.0K)->33918.7K(65536.0K)]
 [Times: user=0.06 sys=0.00, real=0.01 secs] 
2026-06-17T09:49:09.018+0800: 31.219: [GC pause (G1 Evacuation Pause) (mixed), 0.0117027 secs]
   [Parallel Time: 6.8 ms, GC Workers: 18]
      [GC Worker Start (ms): Min: 31218.8, Avg: 31220.1, Max: 31224.2, Diff: 5.4]
      [Ext Root Scanning (ms): Min: 0.0, Avg: 0.0, Max: 0.2, Diff: 0.2, Sum: 0.4]
      [Update RS (ms): Min: 0.0, Avg: 0.0, Max: 0.0, Diff: 0.0, Sum: 0.0]
         [Processed Buffers: Min: 0, Avg: 0.3, Max: 3, Diff: 3, Sum: 5]
      [Scan RS (ms): Min: 0.0, Avg: 0.0, Max: 0.0, Diff: 0.0, Sum: 0.1]
      [Code Root Scanning (ms): Min: 0.0, Avg: 0.0, Max: 0.0, Diff: 0.0, Sum: 0.0]
      [Object Copy (ms): Min: 0.0, Avg: 0.1, Max: 0.3, Diff: 0.3, Sum: 0.9]
      [Termination (ms): Min: 0.0, Avg: 4.2, Max: 5.5, Diff: 5.5, Sum: 76.2]
         [Termination Attempts: Min: 1, Avg: 1.0, Max: 1, Diff: 0, Sum: 18]
      [GC Worker Other (ms): Min: 0.0, Avg: 0.1, Max: 0.3, Diff: 0.3, Sum: 1.1]
      [GC Worker Total (ms): Min: 0.0, Avg: 4.4, Max: 5.8, Diff: 5.8, Sum: 78.8]
      [GC Worker End (ms): Min: 31224.2, Avg: 31224.5, Max: 31224.8, Diff: 0.6]
   [Code Root Fixup: 0.0 ms]
   [Code Root Purge: 0.0 ms]
   [Clear CT: 0.9 ms]
   [Other: 4.0 ms]
      [Choose CSet: 0.0 ms]
      [Ref Proc: 3.4 ms]
      [Ref Enq: 0.0 ms]
      [Redirty Cards: 0.5 ms]
      [Humongous Register: 0.0 ms]
      [Humongous Reclaim: 0.0 ms]
      [Free CSet: 0.0 ms]
   [Eden: 2048.0K(2048.0K)->0.0B(2048.0K) Survivors: 1024.0K->1024.0K Heap: 35966.7K(65536.0K)->33435.6K(65536.0K)]
 [Times: user=0.10 sys=0.00, real=0.01 secs] 
2026-06-17T09:49:09.030+0800: 31.232: [GC pause (G1 Evacuation Pause) (mixed), 0.0074951 secs]
   [Parallel Time: 3.3 ms, GC Workers: 18]
      [GC Worker Start (ms): Min: 31231.8, Avg: 31232.5, Max: 31233.9, Diff: 2.1]
      [Ext Root Scanning (ms): Min: 0.0, Avg: 0.0, Max: 0.1, Diff: 0.1, Sum: 0.4]
      [Update RS (ms): Min: 0.0, Avg: 0.0, Max: 0.0, Diff: 0.0, Sum: 0.1]
         [Processed Buffers: Min: 0, Avg: 0.2, Max: 1, Diff: 1, Sum: 4]
      [Scan RS (ms): Min: 0.0, Avg: 0.0, Max: 0.0, Diff: 0.0, Sum: 0.1]
      [Code Root Scanning (ms): Min: 0.0, Avg: 0.0, Max: 0.0, Diff: 0.0, Sum: 0.0]
      [Object Copy (ms): Min: 0.0, Avg: 0.0, Max: 0.1, Diff: 0.1, Sum: 0.4]
      [Termination (ms): Min: 0.0, Avg: 1.4, Max: 2.1, Diff: 2.1, Sum: 25.6]
         [Termination Attempts: Min: 1, Avg: 1.0, Max: 1, Diff: 0, Sum: 18]
      [GC Worker Other (ms): Min: 0.0, Avg: 0.0, Max: 0.0, Diff: 0.0, Sum: 0.1]
      [GC Worker Total (ms): Min: 0.0, Avg: 1.5, Max: 2.4, Diff: 2.4, Sum: 26.7]
      [GC Worker End (ms): Min: 31233.9, Avg: 31234.0, Max: 31234.2, Diff: 0.3]
   [Code Root Fixup: 0.0 ms]
   [Code Root Purge: 0.0 ms]
   [Clear CT: 0.9 ms]
   [Other: 3.3 ms]
      [Choose CSet: 0.0 ms]
      [Ref Proc: 2.7 ms]
      [Ref Enq: 0.0 ms]
      [Redirty Cards: 0.5 ms]
      [Humongous Register: 0.0 ms]
      [Humongous Reclaim: 0.0 ms]
      [Free CSet: 0.0 ms]
   [Eden: 2048.0K(2048.0K)->0.0B(12288.0K) Survivors: 1024.0K->1024.0K Heap: 35483.6K(65536.0K)->33451.6K(65536.0K)]
 [Times: user=0.04 sys=0.01, real=0.00 secs] 
2026-06-17T09:49:09.071+0800: 31.272: [GC pause (G1 Evacuation Pause) (young), 0.0173457 secs]
   [Parallel Time: 4.5 ms, GC Workers: 18]
      [GC Worker Start (ms): Min: 31272.2, Avg: 31273.6, Max: 31275.0, Diff: 2.9]
      [Ext Root Scanning (ms): Min: 0.0, Avg: 0.1, Max: 0.5, Diff: 0.5, Sum: 1.0]
      [Update RS (ms): Min: 0.0, Avg: 0.0, Max: 0.2, Diff: 0.2, Sum: 0.5]
         [Processed Buffers: Min: 0, Avg: 0.3, Max: 2, Diff: 2, Sum: 5]
      [Scan RS (ms): Min: 0.0, Avg: 0.0, Max: 0.0, Diff: 0.0, Sum: 0.0]
      [Code Root Scanning (ms): Min: 0.0, Avg: 0.0, Max: 0.0, Diff: 0.0, Sum: 0.0]
      [Object Copy (ms): Min: 0.0, Avg: 0.1, Max: 0.4, Diff: 0.4, Sum: 1.4]
      [Termination (ms): Min: 0.0, Avg: 1.4, Max: 2.3, Diff: 2.3, Sum: 24.8]
         [Termination Attempts: Min: 1, Avg: 1.0, Max: 1, Diff: 0, Sum: 18]
      [GC Worker Other (ms): Min: 0.0, Avg: 0.0, Max: 0.0, Diff: 0.0, Sum: 0.2]
      [GC Worker Total (ms): Min: 0.0, Avg: 1.6, Max: 3.1, Diff: 3.1, Sum: 28.0]
      [GC Worker End (ms): Min: 31275.1, Avg: 31275.2, Max: 31275.5, Diff: 0.5]
   [Code Root Fixup: 0.0 ms]
   [Code Root Purge: 0.0 ms]
   [Clear CT: 1.2 ms]
   [Other: 11.6 ms]
      [Choose CSet: 0.0 ms]
      [Ref Proc: 10.6 ms]
      [Ref Enq: 0.0 ms]
      [Redirty Cards: 0.9 ms]
      [Humongous Register: 0.0 ms]
      [Humongous Reclaim: 0.0 ms]
      [Free CSet: 0.0 ms]
   [Eden: 12288.0K(12288.0K)->0.0B(8192.0K) Survivors: 1024.0K->2048.0K Heap: 45739.6K(65536.0K)->38881.6K(65536.0K)]
 [Times: user=0.14 sys=0.00, real=0.01 secs] 
2026-06-17T09:49:09.111+0800: 31.312: [GC pause (G1 Evacuation Pause) (young) (initial-mark), 0.0166312 secs]
   [Parallel Time: 9.5 ms, GC Workers: 18]
      [GC Worker Start (ms): Min: 31312.2, Avg: 31313.0, Max: 31313.5, Diff: 1.3]
      [Ext Root Scanning (ms): Min: 0.0, Avg: 2.1, Max: 6.0, Diff: 6.0, Sum: 38.2]
      [Update RS (ms): Min: 0.0, Avg: 0.0, Max: 0.0, Diff: 0.0, Sum: 0.1]
         [Processed Buffers: Min: 0, Avg: 0.2, Max: 4, Diff: 4, Sum: 4]
      [Scan RS (ms): Min: 0.0, Avg: 0.0, Max: 0.0, Diff: 0.0, Sum: 0.0]
      [Code Root Scanning (ms): Min: 0.0, Avg: 0.0, Max: 0.0, Diff: 0.0, Sum: 0.0]
      [Object Copy (ms): Min: 0.0, Avg: 0.0, Max: 0.2, Diff: 0.2, Sum: 0.7]
      [Termination (ms): Min: 0.0, Avg: 4.5, Max: 6.4, Diff: 6.4, Sum: 80.9]
         [Termination Attempts: Min: 1, Avg: 1.2, Max: 2, Diff: 1, Sum: 21]
      [GC Worker Other (ms): Min: 0.0, Avg: 0.0, Max: 0.0, Diff: 0.0, Sum: 0.2]
      [GC Worker Total (ms): Min: 6.0, Avg: 6.7, Max: 7.4, Diff: 1.4, Sum: 120.1]
      [GC Worker End (ms): Min: 31319.5, Avg: 31319.6, Max: 31320.2, Diff: 0.7]
   [Code Root Fixup: 0.0 ms]
   [Code Root Purge: 0.0 ms]
   [Clear CT: 1.3 ms]
   [Other: 5.9 ms]
      [Choose CSet: 0.0 ms]
      [Ref Proc: 4.8 ms]
      [Ref Enq: 0.0 ms]
      [Redirty Cards: 0.9 ms]
      [Humongous Register: 0.0 ms]
      [Humongous Reclaim: 0.0 ms]
      [Free CSet: 0.0 ms]
   [Eden: 8192.0K(8192.0K)->0.0B(7168.0K) Survivors: 2048.0K->2048.0K Heap: 47073.6K(65536.0K)->40505.6K(65536.0K)]
 [Times: user=0.12 sys=0.02, real=0.01 secs] 
2026-06-17T09:49:09.128+0800: 31.330: [GC concurrent-root-region-scan-start]
2026-06-17T09:49:09.129+0800: 31.330: [GC concurrent-root-region-scan-end, 0.0003325 secs]
2026-06-17T09:49:09.129+0800: 31.330: [GC concurrent-mark-start]
2026-06-17T09:49:09.129+0800: 31.330: [GC concurrent-mark-end, 0.0004969 secs]
2026-06-17T09:49:09.129+0800: 31.330: [GC remark 2026-06-17T09:49:09.130+0800: 31.331: [Finalize Marking, 0.0050801 secs] 2026-06-17T09:49:09.135+0800: 31.336: [GC ref-proc, 0.0003235 secs] 2026-06-17T09:49:09.136+0800: 31.337: [Unloading, 0.0015980 secs], 0.0093515 secs]
 [Times: user=0.03 sys=0.00, real=0.01 secs] 
2026-06-17T09:49:09.140+0800: 31.341: [GC cleanup 44072K->41000K(65536K), 0.0027202 secs]
 [Times: user=0.00 sys=0.00, real=0.01 secs] 
2026-06-17T09:49:09.144+0800: 31.345: [GC concurrent-cleanup-start]
2026-06-17T09:49:09.144+0800: 31.345: [GC concurrent-cleanup-end, 0.0000094 secs]
2026-06-17T09:49:09.154+0800: 31.355: [GC pause (G1 Evacuation Pause) (young), 0.0133351 secs]
   [Parallel Time: 8.7 ms, GC Workers: 18]
      [GC Worker Start (ms): Min: 31355.5, Avg: 31357.0, Max: 31362.0, Diff: 6.5]
      [Ext Root Scanning (ms): Min: 0.0, Avg: 0.0, Max: 0.2, Diff: 0.2, Sum: 0.5]
      [Update RS (ms): Min: 0.0, Avg: 0.0, Max: 0.0, Diff: 0.0, Sum: 0.0]
         [Processed Buffers: Min: 0, Avg: 0.2, Max: 1, Diff: 1, Sum: 3]
      [Scan RS (ms): Min: 0.0, Avg: 0.0, Max: 0.0, Diff: 0.0, Sum: 0.0]
      [Code Root Scanning (ms): Min: 0.0, Avg: 0.0, Max: 0.0, Diff: 0.0, Sum: 0.0]
      [Object Copy (ms): Min: 0.0, Avg: 0.0, Max: 0.2, Diff: 0.2, Sum: 0.5]
      [Termination (ms): Min: 0.0, Avg: 5.2, Max: 6.7, Diff: 6.7, Sum: 93.3]
         [Termination Attempts: Min: 1, Avg: 1.1, Max: 2, Diff: 1, Sum: 19]
      [GC Worker Other (ms): Min: 0.0, Avg: 0.0, Max: 0.0, Diff: 0.0, Sum: 0.2]
      [GC Worker Total (ms): Min: 0.0, Avg: 5.3, Max: 7.1, Diff: 7.0, Sum: 94.6]
      [GC Worker End (ms): Min: 31362.0, Avg: 31362.3, Max: 31362.6, Diff: 0.6]
   [Code Root Fixup: 0.0 ms]
   [Code Root Purge: 0.0 ms]
   [Clear CT: 2.0 ms]
   [Other: 2.6 ms]
      [Choose CSet: 0.0 ms]
      [Ref Proc: 1.8 ms]
      [Ref Enq: 0.0 ms]
      [Redirty Cards: 0.7 ms]
      [Humongous Register: 0.0 ms]
      [Humongous Reclaim: 0.0 ms]
      [Free CSet: 0.0 ms]
   [Eden: 7168.0K(7168.0K)->0.0B(1024.0K) Survivors: 2048.0K->2048.0K Heap: 44601.6K(65536.0K)->38973.6K(65536.0K)]
 [Times: user=0.10 sys=0.01, real=0.01 secs] 
2026-06-17T09:49:09.169+0800: 31.370: [GC pause (G1 Evacuation Pause) (mixed), 0.0108651 secs]
   [Parallel Time: 3.3 ms, GC Workers: 18]
      [GC Worker Start (ms): Min: 31370.1, Avg: 31371.1, Max: 31372.3, Diff: 2.2]
      [Ext Root Scanning (ms): Min: 0.0, Avg: 0.0, Max: 0.2, Diff: 0.2, Sum: 0.4]
      [Update RS (ms): Min: 0.0, Avg: 0.0, Max: 0.0, Diff: 0.0, Sum: 0.0]
         [Processed Buffers: Min: 0, Avg: 0.1, Max: 1, Diff: 1, Sum: 2]
      [Scan RS (ms): Min: 0.0, Avg: 0.0, Max: 0.0, Diff: 0.0, Sum: 0.0]
      [Code Root Scanning (ms): Min: 0.0, Avg: 0.0, Max: 0.0, Diff: 0.0, Sum: 0.0]
      [Object Copy (ms): Min: 0.0, Avg: 0.1, Max: 0.3, Diff: 0.3, Sum: 1.0]
      [Termination (ms): Min: 0.0, Avg: 1.3, Max: 2.0, Diff: 2.0, Sum: 22.9]
         [Termination Attempts: Min: 1, Avg: 1.0, Max: 1, Diff: 0, Sum: 18]
      [GC Worker Other (ms): Min: 0.0, Avg: 0.0, Max: 0.0, Diff: 0.0, Sum: 0.1]
      [GC Worker Total (ms): Min: 0.0, Avg: 1.4, Max: 2.4, Diff: 2.4, Sum: 24.4]
      [GC Worker End (ms): Min: 31372.3, Avg: 31372.5, Max: 31372.7, Diff: 0.4]
   [Code Root Fixup: 0.0 ms]
   [Code Root Purge: 0.0 ms]
   [Clear CT: 0.9 ms]
   [Other: 6.6 ms]
      [Choose CSet: 0.0 ms]
      [Ref Proc: 5.8 ms]
      [Ref Enq: 0.0 ms]
      [Redirty Cards: 0.7 ms]
      [Humongous Register: 0.0 ms]
      [Humongous Reclaim: 0.0 ms]
      [Free CSet: 0.0 ms]
   [Eden: 1024.0K(1024.0K)->0.0B(2048.0K) Survivors: 2048.0K->1024.0K Heap: 39997.6K(65536.0K)->37233.1K(65536.0K)]
 [Times: user=0.09 sys=0.00, real=0.01 secs] 
2026-06-17T09:49:09.191+0800: 31.392: [GC pause (G1 Evacuation Pause) (mixed), 0.0138741 secs]
   [Parallel Time: 8.5 ms, GC Workers: 18]
      [GC Worker Start (ms): Min: 31392.5, Avg: 31394.0, Max: 31399.8, Diff: 7.3]
      [Ext Root Scanning (ms): Min: 0.0, Avg: 0.0, Max: 0.2, Diff: 0.2, Sum: 0.5]
      [Update RS (ms): Min: 0.0, Avg: 0.0, Max: 0.1, Diff: 0.1, Sum: 0.1]
         [Processed Buffers: Min: 0, Avg: 0.2, Max: 2, Diff: 2, Sum: 4]
      [Scan RS (ms): Min: 0.0, Avg: 0.0, Max: 0.0, Diff: 0.0, Sum: 0.1]
      [Code Root Scanning (ms): Min: 0.0, Avg: 0.0, Max: 0.0, Diff: 0.0, Sum: 0.0]
      [Object Copy (ms): Min: 0.0, Avg: 0.1, Max: 0.2, Diff: 0.2, Sum: 1.0]
      [Termination (ms): Min: 0.0, Avg: 5.9, Max: 7.2, Diff: 7.2, Sum: 107.1]
         [Termination Attempts: Min: 1, Avg: 1.0, Max: 1, Diff: 0, Sum: 18]
      [GC Worker Other (ms): Min: 0.0, Avg: 0.0, Max: 0.0, Diff: 0.0, Sum: 0.2]
      [GC Worker Total (ms): Min: 0.0, Avg: 6.1, Max: 7.7, Diff: 7.6, Sum: 108.9]
      [GC Worker End (ms): Min: 31399.8, Avg: 31400.0, Max: 31400.2, Diff: 0.4]
   [Code Root Fixup: 0.0 ms]
   [Code Root Purge: 0.0 ms]
   [Clear CT: 1.1 ms]
   [Other: 4.3 ms]
      [Choose CSet: 0.0 ms]
      [Ref Proc: 3.6 ms]
      [Ref Enq: 0.0 ms]
      [Redirty Cards: 0.6 ms]
      [Humongous Register: 0.0 ms]
      [Humongous Reclaim: 0.0 ms]
      [Free CSet: 0.0 ms]
   [Eden: 2048.0K(2048.0K)->0.0B(8192.0K) Survivors: 1024.0K->1024.0K Heap: 39281.1K(65536.0K)->38147.6K(65536.0K)]
 [Times: user=0.12 sys=0.01, real=0.01 secs] 
2026-06-17T09:49:09.227+0800: 31.429: [GC pause (G1 Evacuation Pause) (young), 0.0158751 secs]
   [Parallel Time: 8.9 ms, GC Workers: 18]
      [GC Worker Start (ms): Min: 31428.7, Avg: 31430.9, Max: 31435.5, Diff: 6.8]
      [Ext Root Scanning (ms): Min: 0.0, Avg: 0.0, Max: 0.3, Diff: 0.3, Sum: 0.8]
      [Update RS (ms): Min: 0.0, Avg: 0.0, Max: 0.1, Diff: 0.1, Sum: 0.2]
         [Processed Buffers: Min: 0, Avg: 0.3, Max: 4, Diff: 4, Sum: 6]
      [Scan RS (ms): Min: 0.0, Avg: 0.0, Max: 0.0, Diff: 0.0, Sum: 0.0]
      [Code Root Scanning (ms): Min: 0.0, Avg: 0.0, Max: 0.0, Diff: 0.0, Sum: 0.0]
      [Object Copy (ms): Min: 0.0, Avg: 0.0, Max: 0.1, Diff: 0.1, Sum: 0.4]
      [Termination (ms): Min: 0.0, Avg: 4.8, Max: 6.6, Diff: 6.6, Sum: 85.9]
         [Termination Attempts: Min: 1, Avg: 1.0, Max: 1, Diff: 0, Sum: 18]
      [GC Worker Other (ms): Min: 0.0, Avg: 0.0, Max: 0.1, Diff: 0.0, Sum: 0.3]
      [GC Worker Total (ms): Min: 0.0, Avg: 4.9, Max: 7.1, Diff: 7.1, Sum: 87.5]
      [GC Worker End (ms): Min: 31435.5, Avg: 31435.7, Max: 31436.1, Diff: 0.5]
   [Code Root Fixup: 0.0 ms]
   [Code Root Purge: 0.0 ms]
   [Clear CT: 1.3 ms]
   [Other: 5.7 ms]
      [Choose CSet: 0.0 ms]
      [Ref Proc: 4.9 ms]
      [Ref Enq: 0.0 ms]
      [Redirty Cards: 0.8 ms]
      [Humongous Register: 0.0 ms]
      [Humongous Reclaim: 0.0 ms]
      [Free CSet: 0.0 ms]
   [Eden: 8192.0K(8192.0K)->0.0B(8192.0K) Survivors: 1024.0K->2048.0K Heap: 46339.6K(65536.0K)->38978.7K(65536.0K)]
 [Times: user=0.13 sys=0.00, real=0.02 secs] 
2026-06-17T09:49:09.255+0800: 31.457: [GC pause (G1 Evacuation Pause) (young) (initial-mark), 0.0159918 secs]
   [Parallel Time: 10.6 ms, GC Workers: 18]
      [GC Worker Start (ms): Min: 31456.8, Avg: 31457.4, Max: 31457.8, Diff: 1.0]
      [Ext Root Scanning (ms): Min: 0.0, Avg: 2.1, Max: 7.2, Diff: 7.2, Sum: 37.2]
      [Update RS (ms): Min: 0.0, Avg: 0.0, Max: 0.0, Diff: 0.0, Sum: 0.1]
         [Processed Buffers: Min: 0, Avg: 0.2, Max: 3, Diff: 3, Sum: 3]
      [Scan RS (ms): Min: 0.0, Avg: 0.0, Max: 0.0, Diff: 0.0, Sum: 0.0]
      [Code Root Scanning (ms): Min: 0.0, Avg: 0.0, Max: 0.0, Diff: 0.0, Sum: 0.0]
      [Object Copy (ms): Min: 0.0, Avg: 0.0, Max: 0.2, Diff: 0.2, Sum: 0.4]
      [Termination (ms): Min: 0.0, Avg: 5.7, Max: 7.9, Diff: 7.9, Sum: 103.1]
         [Termination Attempts: Min: 1, Avg: 1.1, Max: 2, Diff: 1, Sum: 20]
      [GC Worker Other (ms): Min: 0.0, Avg: 0.0, Max: 0.0, Diff: 0.0, Sum: 0.2]
      [GC Worker Total (ms): Min: 7.3, Avg: 7.8, Max: 9.0, Diff: 1.8, Sum: 141.0]
      [GC Worker End (ms): Min: 31465.0, Avg: 31465.2, Max: 31465.9, Diff: 0.9]
   [Code Root Fixup: 0.0 ms]
   [Code Root Purge: 0.0 ms]
   [Clear CT: 0.9 ms]
   [Other: 4.5 ms]
      [Choose CSet: 0.0 ms]
      [Ref Proc: 3.7 ms]
      [Ref Enq: 0.0 ms]
      [Redirty Cards: 0.7 ms]
      [Humongous Register: 0.0 ms]
      [Humongous Reclaim: 0.0 ms]
      [Free CSet: 0.0 ms]
   [Eden: 8192.0K(8192.0K)->0.0B(8192.0K) Survivors: 2048.0K->1024.0K Heap: 47170.7K(65536.0K)->39712.7K(65536.0K)]
 [Times: user=0.13 sys=0.01, real=0.02 secs] 
2026-06-17T09:49:09.273+0800: 31.474: [GC concurrent-root-region-scan-start]
2026-06-17T09:49:09.273+0800: 31.474: [GC concurrent-root-region-scan-end, 0.0002156 secs]
2026-06-17T09:49:09.273+0800: 31.474: [GC concurrent-mark-start]
2026-06-17T09:49:09.273+0800: 31.475: [GC concurrent-mark-end, 0.0006157 secs]
2026-06-17T09:49:09.273+0800: 31.475: [GC remark 2026-06-17T09:49:09.274+0800: 31.475: [Finalize Marking, 0.0035364 secs] 2026-06-17T09:49:09.278+0800: 31.479: [GC ref-proc, 0.0006523 secs] 2026-06-17T09:49:09.279+0800: 31.481: [Unloading, 0.0016168 secs], 0.0086380 secs]
 [Times: user=0.01 sys=0.01, real=0.01 secs] 
2026-06-17T09:49:09.283+0800: 31.485: [GC cleanup 41741K->39693K(65536K), 0.0026870 secs]
 [Times: user=0.01 sys=0.00, real=0.00 secs] 
2026-06-17T09:49:09.287+0800: 31.488: [GC concurrent-cleanup-start]
2026-06-17T09:49:09.287+0800: 31.489: [GC concurrent-cleanup-end, 0.0000053 secs]
2026-06-17T09:49:09.308+0800: 31.509: [GC pause (G1 Evacuation Pause) (young), 0.0151349 secs]
   [Parallel Time: 8.2 ms, GC Workers: 18]
      [GC Worker Start (ms): Min: 31509.5, Avg: 31511.1, Max: 31515.5, Diff: 6.0]
      [Ext Root Scanning (ms): Min: 0.0, Avg: 0.1, Max: 0.4, Diff: 0.4, Sum: 1.1]
      [Update RS (ms): Min: 0.0, Avg: 0.0, Max: 0.0, Diff: 0.0, Sum: 0.1]
         [Processed Buffers: Min: 0, Avg: 0.2, Max: 1, Diff: 1, Sum: 3]
      [Scan RS (ms): Min: 0.0, Avg: 0.0, Max: 0.0, Diff: 0.0, Sum: 0.0]
      [Code Root Scanning (ms): Min: 0.0, Avg: 0.0, Max: 0.0, Diff: 0.0, Sum: 0.0]
      [Object Copy (ms): Min: 0.0, Avg: 0.0, Max: 0.1, Diff: 0.1, Sum: 0.4]
      [Termination (ms): Min: 0.0, Avg: 4.6, Max: 6.3, Diff: 6.3, Sum: 82.4]
         [Termination Attempts: Min: 1, Avg: 1.2, Max: 3, Diff: 2, Sum: 22]
      [GC Worker Other (ms): Min: 0.0, Avg: 0.0, Max: 0.0, Diff: 0.0, Sum: 0.2]
      [GC Worker Total (ms): Min: 0.0, Avg: 4.7, Max: 6.7, Diff: 6.7, Sum: 84.2]
      [GC Worker End (ms): Min: 31515.6, Avg: 31515.8, Max: 31516.3, Diff: 0.7]
   [Code Root Fixup: 0.0 ms]
   [Code Root Purge: 0.0 ms]
   [Clear CT: 1.1 ms]
   [Other: 5.8 ms]
      [Choose CSet: 0.0 ms]
      [Ref Proc: 4.9 ms]
      [Ref Enq: 0.0 ms]
      [Redirty Cards: 0.9 ms]
      [Humongous Register: 0.0 ms]
      [Humongous Reclaim: 0.0 ms]
      [Free CSet: 0.0 ms]
   [Eden: 8192.0K(8192.0K)->0.0B(1024.0K) Survivors: 1024.0K->2048.0K Heap: 45856.7K(65536.0K)->39085.1K(65536.0K)]
 [Times: user=0.12 sys=0.00, real=0.02 secs] 
2026-06-17T09:49:09.325+0800: 31.526: [GC pause (G1 Evacuation Pause) (mixed), 0.0084554 secs]
   [Parallel Time: 3.4 ms, GC Workers: 18]
      [GC Worker Start (ms): Min: 31526.0, Avg: 31526.8, Max: 31527.5, Diff: 1.5]
      [Ext Root Scanning (ms): Min: 0.0, Avg: 0.0, Max: 0.2, Diff: 0.2, Sum: 0.4]
      [Update RS (ms): Min: 0.0, Avg: 0.0, Max: 0.0, Diff: 0.0, Sum: 0.0]
         [Processed Buffers: Min: 0, Avg: 0.1, Max: 1, Diff: 1, Sum: 2]
      [Scan RS (ms): Min: 0.0, Avg: 0.0, Max: 0.0, Diff: 0.0, Sum: 0.0]
      [Code Root Scanning (ms): Min: 0.0, Avg: 0.0, Max: 0.0, Diff: 0.0, Sum: 0.0]
      [Object Copy (ms): Min: 0.0, Avg: 0.1, Max: 0.3, Diff: 0.3, Sum: 1.1]
      [Termination (ms): Min: 0.0, Avg: 0.9, Max: 1.8, Diff: 1.8, Sum: 16.0]
         [Termination Attempts: Min: 1, Avg: 1.0, Max: 1, Diff: 0, Sum: 18]
      [GC Worker Other (ms): Min: 0.0, Avg: 0.0, Max: 0.0, Diff: 0.0, Sum: 0.1]
      [GC Worker Total (ms): Min: 0.0, Avg: 1.0, Max: 2.3, Diff: 2.3, Sum: 17.7]
      [GC Worker End (ms): Min: 31527.5, Avg: 31527.8, Max: 31528.3, Diff: 0.8]
   [Code Root Fixup: 0.0 ms]
   [Code Root Purge: 0.0 ms]
   [Clear CT: 0.5 ms]
   [Other: 4.5 ms]
      [Choose CSet: 0.0 ms]
      [Ref Proc: 4.0 ms]
      [Ref Enq: 0.0 ms]
      [Redirty Cards: 0.5 ms]
      [Humongous Register: 0.0 ms]
      [Humongous Reclaim: 0.0 ms]
      [Free CSet: 0.0 ms]
   [Eden: 1024.0K(1024.0K)->0.0B(2048.0K) Survivors: 2048.0K->1024.0K Heap: 40109.1K(65536.0K)->37845.1K(65536.0K)]
 [Times: user=0.05 sys=0.01, real=0.01 secs] 
2026-06-17T09:49:09.334+0800: 31.536: [GC pause (G1 Evacuation Pause) (mixed), 0.0114019 secs]
   [Parallel Time: 5.8 ms, GC Workers: 18]
      [GC Worker Start (ms): Min: 31535.8, Avg: 31536.8, Max: 31540.7, Diff: 4.9]
      [Ext Root Scanning (ms): Min: 0.0, Avg: 0.0, Max: 0.1, Diff: 0.1, Sum: 0.4]
      [Update RS (ms): Min: 0.0, Avg: 0.0, Max: 0.0, Diff: 0.0, Sum: 0.0]
         [Processed Buffers: Min: 0, Avg: 0.3, Max: 2, Diff: 2, Sum: 5]
      [Scan RS (ms): Min: 0.0, Avg: 0.0, Max: 0.0, Diff: 0.0, Sum: 0.1]
      [Code Root Scanning (ms): Min: 0.0, Avg: 0.0, Max: 0.0, Diff: 0.0, Sum: 0.0]
      [Object Copy (ms): Min: 0.0, Avg: 0.0, Max: 0.2, Diff: 0.2, Sum: 0.7]
      [Termination (ms): Min: 0.0, Avg: 3.9, Max: 5.0, Diff: 5.0, Sum: 70.4]
         [Termination Attempts: Min: 1, Avg: 1.0, Max: 1, Diff: 0, Sum: 18]
      [GC Worker Other (ms): Min: 0.0, Avg: 0.0, Max: 0.0, Diff: 0.0, Sum: 0.1]
      [GC Worker Total (ms): Min: 0.0, Avg: 4.0, Max: 5.3, Diff: 5.3, Sum: 71.7]
      [GC Worker End (ms): Min: 31540.7, Avg: 31540.8, Max: 31541.2, Diff: 0.5]
   [Code Root Fixup: 0.0 ms]
   [Code Root Purge: 0.0 ms]
   [Clear CT: 1.5 ms]
   [Other: 4.2 ms]
      [Choose CSet: 0.0 ms]
      [Ref Proc: 3.1 ms]
      [Ref Enq: 0.0 ms]
      [Redirty Cards: 1.0 ms]
      [Humongous Register: 0.0 ms]
      [Humongous Reclaim: 0.0 ms]
      [Free CSet: 0.0 ms]
   [Eden: 2048.0K(2048.0K)->0.0B(8192.0K) Survivors: 1024.0K->1024.0K Heap: 39893.1K(65536.0K)->39505.6K(65536.0K)]
 [Times: user=0.08 sys=0.01, real=0.01 secs] 
2026-06-17T09:49:09.347+0800: 31.549: [GC pause (G1 Humongous Allocation) (young) (initial-mark), 0.0065362 secs]
   [Parallel Time: 2.3 ms, GC Workers: 18]
      [GC Worker Start (ms): Min: 31548.6, Avg: 31548.9, Max: 31549.1, Diff: 0.5]
      [Ext Root Scanning (ms): Min: 0.0, Avg: 0.9, Max: 1.3, Diff: 1.3, Sum: 15.4]
      [Update RS (ms): Min: 0.0, Avg: 0.0, Max: 0.1, Diff: 0.1, Sum: 0.1]
         [Processed Buffers: Min: 0, Avg: 0.3, Max: 6, Diff: 6, Sum: 6]
      [Scan RS (ms): Min: 0.0, Avg: 0.0, Max: 0.0, Diff: 0.0, Sum: 0.0]
      [Code Root Scanning (ms): Min: 0.0, Avg: 0.0, Max: 0.0, Diff: 0.0, Sum: 0.0]
      [Object Copy (ms): Min: 0.0, Avg: 0.0, Max: 0.1, Diff: 0.1, Sum: 0.4]
      [Termination (ms): Min: 0.0, Avg: 0.6, Max: 1.1, Diff: 1.1, Sum: 11.5]
         [Termination Attempts: Min: 1, Avg: 1.0, Max: 1, Diff: 0, Sum: 18]
      [GC Worker Other (ms): Min: 0.0, Avg: 0.0, Max: 0.0, Diff: 0.0, Sum: 0.1]
      [GC Worker Total (ms): Min: 1.3, Avg: 1.5, Max: 1.8, Diff: 0.5, Sum: 27.4]
      [GC Worker End (ms): Min: 31550.4, Avg: 31550.4, Max: 31550.5, Diff: 0.2]
   [Code Root Fixup: 0.0 ms]
   [Code Root Purge: 0.0 ms]
   [Clear CT: 1.0 ms]
   [Other: 3.3 ms]
      [Choose CSet: 0.0 ms]
      [Ref Proc: 2.3 ms]
      [Ref Enq: 0.0 ms]
      [Redirty Cards: 0.9 ms]
      [Humongous Register: 0.0 ms]
      [Humongous Reclaim: 0.0 ms]
      [Free CSet: 0.0 ms]
   [Eden: 3072.0K(8192.0K)->0.0B(6144.0K) Survivors: 1024.0K->2048.0K Heap: 42088.7K(65536.0K)->41975.6K(65536.0K)]
 [Times: user=0.04 sys=0.00, real=0.01 secs] 
2026-06-17T09:49:09.355+0800: 31.556: [GC concurrent-root-region-scan-start]
2026-06-17T09:49:09.355+0800: 31.556: [GC concurrent-root-region-scan-end, 0.0002460 secs]
2026-06-17T09:49:09.355+0800: 31.556: [GC concurrent-mark-start]
2026-06-17T09:49:09.356+0800: 31.557: [GC concurrent-mark-end, 0.0004236 secs]
2026-06-17T09:49:09.356+0800: 31.557: [GC remark 2026-06-17T09:49:09.356+0800: 31.557: [Finalize Marking, 0.0059324 secs] 2026-06-17T09:49:09.363+0800: 31.564: [GC ref-proc, 0.0006800 secs] 2026-06-17T09:49:09.364+0800: 31.565: [Unloading, 0.0015284 secs], 0.0106174 secs]
 [Times: user=0.07 sys=0.00, real=0.01 secs] 
2026-06-17T09:49:09.368+0800: 31.569: [GC cleanup 44304K->38160K(65536K), 0.0028128 secs]
 [Times: user=0.00 sys=0.00, real=0.01 secs] 
2026-06-17T09:49:09.372+0800: 31.573: [GC concurrent-cleanup-start]
2026-06-17T09:49:09.372+0800: 31.573: [GC concurrent-cleanup-end, 0.0000085 secs]
2026-06-17T09:49:09.382+0800: 31.584: [GC pause (G1 Evacuation Pause) (young), 0.0114978 secs]
   [Parallel Time: 7.1 ms, GC Workers: 18]
      [GC Worker Start (ms): Min: 31583.8, Avg: 31585.2, Max: 31589.6, Diff: 5.8]
      [Ext Root Scanning (ms): Min: 0.0, Avg: 0.0, Max: 0.1, Diff: 0.1, Sum: 0.4]
      [Update RS (ms): Min: 0.0, Avg: 0.0, Max: 0.0, Diff: 0.0, Sum: 0.0]
         [Processed Buffers: Min: 0, Avg: 0.2, Max: 2, Diff: 2, Sum: 3]
      [Scan RS (ms): Min: 0.0, Avg: 0.0, Max: 0.0, Diff: 0.0, Sum: 0.0]
      [Code Root Scanning (ms): Min: 0.0, Avg: 0.0, Max: 0.0, Diff: 0.0, Sum: 0.0]
      [Object Copy (ms): Min: 0.0, Avg: 0.0, Max: 0.2, Diff: 0.2, Sum: 0.5]
      [Termination (ms): Min: 0.0, Avg: 4.4, Max: 5.7, Diff: 5.7, Sum: 79.6]
         [Termination Attempts: Min: 1, Avg: 1.0, Max: 1, Diff: 0, Sum: 18]
      [GC Worker Other (ms): Min: 0.0, Avg: 0.0, Max: 0.0, Diff: 0.0, Sum: 0.1]
      [GC Worker Total (ms): Min: 0.0, Avg: 4.5, Max: 5.9, Diff: 5.9, Sum: 80.6]
      [GC Worker End (ms): Min: 31589.6, Avg: 31589.7, Max: 31590.0, Diff: 0.4]
   [Code Root Fixup: 0.0 ms]
   [Code Root Purge: 0.0 ms]
   [Clear CT: 1.5 ms]
   [Other: 2.9 ms]
      [Choose CSet: 0.0 ms]
      [Ref Proc: 2.4 ms]
      [Ref Enq: 0.0 ms]
      [Redirty Cards: 0.5 ms]
      [Humongous Register: 0.0 ms]
      [Humongous Reclaim: 0.0 ms]
      [Free CSet: 0.0 ms]
   [Eden: 6144.0K(6144.0K)->0.0B(2048.0K) Survivors: 2048.0K->1024.0K Heap: 43292.7K(65536.0K)->39493.7K(65536.0K)]
 [Times: user=0.09 sys=0.01, real=0.01 secs] 
2026-06-17T09:49:09.406+0800: 31.607: [GC pause (G1 Evacuation Pause) (mixed), 0.0115428 secs]
   [Parallel Time: 6.7 ms, GC Workers: 18]
      [GC Worker Start (ms): Min: 31606.9, Avg: 31608.2, Max: 31611.8, Diff: 5.0]
      [Ext Root Scanning (ms): Min: 0.0, Avg: 0.0, Max: 0.1, Diff: 0.1, Sum: 0.3]
      [Update RS (ms): Min: 0.0, Avg: 0.0, Max: 0.0, Diff: 0.0, Sum: 0.0]
         [Processed Buffers: Min: 0, Avg: 0.1, Max: 1, Diff: 1, Sum: 2]
      [Scan RS (ms): Min: 0.0, Avg: 0.0, Max: 0.0, Diff: 0.0, Sum: 0.0]
      [Code Root Scanning (ms): Min: 0.0, Avg: 0.0, Max: 0.0, Diff: 0.0, Sum: 0.0]
      [Object Copy (ms): Min: 0.0, Avg: 0.0, Max: 0.2, Diff: 0.2, Sum: 0.6]
      [Termination (ms): Min: 0.0, Avg: 3.8, Max: 5.0, Diff: 5.0, Sum: 68.7]
         [Termination Attempts: Min: 1, Avg: 1.0, Max: 1, Diff: 0, Sum: 18]
      [GC Worker Other (ms): Min: 0.0, Avg: 0.0, Max: 0.0, Diff: 0.0, Sum: 0.1]
      [GC Worker Total (ms): Min: 0.0, Avg: 3.9, Max: 5.4, Diff: 5.3, Sum: 69.8]
      [GC Worker End (ms): Min: 31611.9, Avg: 31612.0, Max: 31612.3, Diff: 0.5]
   [Code Root Fixup: 0.0 ms]
   [Code Root Purge: 0.0 ms]
   [Clear CT: 1.0 ms]
   [Other: 3.8 ms]
      [Choose CSet: 0.0 ms]
      [Ref Proc: 3.3 ms]
      [Ref Enq: 0.0 ms]
      [Redirty Cards: 0.5 ms]
      [Humongous Register: 0.0 ms]
      [Humongous Reclaim: 0.0 ms]
      [Free CSet: 0.0 ms]
   [Eden: 2048.0K(2048.0K)->0.0B(2048.0K) Survivors: 1024.0K->1024.0K Heap: 41541.7K(65536.0K)->35797.7K(65536.0K)]
 [Times: user=0.10 sys=0.00, real=0.01 secs] 
2026-06-17T09:49:09.419+0800: 31.620: [GC pause (G1 Evacuation Pause) (mixed), 0.0082553 secs]
   [Parallel Time: 3.5 ms, GC Workers: 18]
      [GC Worker Start (ms): Min: 31620.0, Avg: 31620.9, Max: 31622.9, Diff: 2.9]
      [Ext Root Scanning (ms): Min: 0.0, Avg: 0.0, Max: 0.1, Diff: 0.1, Sum: 0.3]
      [Update RS (ms): Min: 0.0, Avg: 0.0, Max: 0.0, Diff: 0.0, Sum: 0.0]
         [Processed Buffers: Min: 0, Avg: 0.2, Max: 2, Diff: 2, Sum: 4]
      [Scan RS (ms): Min: 0.0, Avg: 0.0, Max: 0.0, Diff: 0.0, Sum: 0.1]
      [Code Root Scanning (ms): Min: 0.0, Avg: 0.0, Max: 0.0, Diff: 0.0, Sum: 0.0]
      [Object Copy (ms): Min: 0.0, Avg: 0.0, Max: 0.1, Diff: 0.1, Sum: 0.5]
      [Termination (ms): Min: 0.0, Avg: 2.1, Max: 2.9, Diff: 2.9, Sum: 37.0]
         [Termination Attempts: Min: 1, Avg: 1.1, Max: 2, Diff: 1, Sum: 20]
      [GC Worker Other (ms): Min: 0.0, Avg: 0.0, Max: 0.0, Diff: 0.0, Sum: 0.1]
      [GC Worker Total (ms): Min: 0.0, Avg: 2.1, Max: 3.3, Diff: 3.2, Sum: 38.0]
      [GC Worker End (ms): Min: 31622.9, Avg: 31623.0, Max: 31623.2, Diff: 0.3]
   [Code Root Fixup: 0.0 ms]
   [Code Root Purge: 0.0 ms]
   [Clear CT: 1.5 ms]
   [Other: 3.2 ms]
      [Choose CSet: 0.0 ms]
      [Ref Proc: 2.5 ms]
      [Ref Enq: 0.0 ms]
      [Redirty Cards: 0.7 ms]
      [Humongous Register: 0.0 ms]
      [Humongous Reclaim: 0.0 ms]
      [Free CSet: 0.0 ms]
   [Eden: 2048.0K(2048.0K)->0.0B(12288.0K) Survivors: 1024.0K->1024.0K Heap: 37845.7K(65536.0K)->32020.7K(65536.0K)]
 [Times: user=0.05 sys=0.01, real=0.01 secs] 
2026-06-17T09:49:09.460+0800: 31.661: [GC pause (G1 Evacuation Pause) (young), 0.0159636 secs]
   [Parallel Time: 9.8 ms, GC Workers: 18]
      [GC Worker Start (ms): Min: 31661.4, Avg: 31663.3, Max: 31668.8, Diff: 7.4]
      [Ext Root Scanning (ms): Min: 0.0, Avg: 0.1, Max: 0.5, Diff: 0.5, Sum: 1.0]
      [Update RS (ms): Min: 0.0, Avg: 0.0, Max: 0.2, Diff: 0.2, Sum: 0.5]
         [Processed Buffers: Min: 0, Avg: 0.3, Max: 2, Diff: 2, Sum: 6]
      [Scan RS (ms): Min: 0.0, Avg: 0.0, Max: 0.0, Diff: 0.0, Sum: 0.0]
      [Code Root Scanning (ms): Min: 0.0, Avg: 0.0, Max: 0.0, Diff: 0.0, Sum: 0.0]
      [Object Copy (ms): Min: 0.0, Avg: 0.1, Max: 0.3, Diff: 0.3, Sum: 1.2]
      [Termination (ms): Min: 0.0, Avg: 5.6, Max: 7.3, Diff: 7.3, Sum: 101.7]
         [Termination Attempts: Min: 1, Avg: 1.0, Max: 1, Diff: 0, Sum: 18]
      [GC Worker Other (ms): Min: 0.0, Avg: 0.0, Max: 0.0, Diff: 0.0, Sum: 0.2]
      [GC Worker Total (ms): Min: 0.0, Avg: 5.8, Max: 7.9, Diff: 7.9, Sum: 104.7]
      [GC Worker End (ms): Min: 31668.8, Avg: 31669.1, Max: 31669.6, Diff: 0.8]
   [Code Root Fixup: 0.0 ms]
   [Code Root Purge: 0.0 ms]
   [Clear CT: 1.3 ms]
   [Other: 4.9 ms]
      [Choose CSet: 0.0 ms]
      [Ref Proc: 3.9 ms]
      [Ref Enq: 0.0 ms]
      [Redirty Cards: 0.9 ms]
      [Humongous Register: 0.0 ms]
      [Humongous Reclaim: 0.0 ms]
      [Free CSet: 0.0 ms]
   [Eden: 12288.0K(12288.0K)->0.0B(9216.0K) Survivors: 1024.0K->2048.0K Heap: 44308.7K(65536.0K)->37241.7K(65536.0K)]
 [Times: user=0.14 sys=0.00, real=0.02 secs] 
2026-06-17T09:49:09.499+0800: 31.700: [GC pause (G1 Evacuation Pause) (young) (initial-mark), 0.0210915 secs]
   [Parallel Time: 13.1 ms, GC Workers: 18]
      [GC Worker Start (ms): Min: 31700.5, Avg: 31701.7, Max: 31702.4, Diff: 2.0]
      [Ext Root Scanning (ms): Min: 0.0, Avg: 3.0, Max: 8.3, Diff: 8.3, Sum: 53.7]
      [Update RS (ms): Min: 0.0, Avg: 0.0, Max: 0.0, Diff: 0.0, Sum: 0.1]
         [Processed Buffers: Min: 0, Avg: 0.1, Max: 2, Diff: 2, Sum: 2]
      [Scan RS (ms): Min: 0.0, Avg: 0.0, Max: 0.0, Diff: 0.0, Sum: 0.0]
      [Code Root Scanning (ms): Min: 0.0, Avg: 0.0, Max: 0.0, Diff: 0.0, Sum: 0.0]
      [Object Copy (ms): Min: 0.0, Avg: 0.1, Max: 0.5, Diff: 0.5, Sum: 1.6]
      [Termination (ms): Min: 0.0, Avg: 6.2, Max: 8.0, Diff: 8.0, Sum: 111.6]
         [Termination Attempts: Min: 1, Avg: 1.2, Max: 2, Diff: 1, Sum: 21]
      [GC Worker Other (ms): Min: 0.0, Avg: 0.0, Max: 0.0, Diff: 0.0, Sum: 0.2]
      [GC Worker Total (ms): Min: 8.4, Avg: 9.3, Max: 10.6, Diff: 2.2, Sum: 167.3]
      [GC Worker End (ms): Min: 31710.7, Avg: 31710.9, Max: 31711.3, Diff: 0.6]
   [Code Root Fixup: 0.0 ms]
   [Code Root Purge: 0.0 ms]
   [Clear CT: 1.6 ms]
   [Other: 6.4 ms]
      [Choose CSet: 0.0 ms]
      [Ref Proc: 5.4 ms]
      [Ref Enq: 0.0 ms]
      [Redirty Cards: 0.9 ms]
      [Humongous Register: 0.0 ms]
      [Humongous Reclaim: 0.0 ms]
      [Free CSet: 0.0 ms]
   [Eden: 9216.0K(9216.0K)->0.0B(6144.0K) Survivors: 2048.0K->2048.0K Heap: 46457.7K(65536.0K)->41917.7K(65536.0K)]
 [Times: user=0.16 sys=0.00, real=0.02 secs] 
2026-06-17T09:49:09.521+0800: 31.723: [GC concurrent-root-region-scan-start]
2026-06-17T09:49:09.522+0800: 31.723: [GC concurrent-root-region-scan-end, 0.0002625 secs]
2026-06-17T09:49:09.522+0800: 31.723: [GC concurrent-mark-start]
2026-06-17T09:49:09.522+0800: 31.723: [GC concurrent-mark-end, 0.0005048 secs]
2026-06-17T09:49:09.522+0800: 31.724: [GC remark 2026-06-17T09:49:09.523+0800: 31.724: [Finalize Marking, 0.0062701 secs] 2026-06-17T09:49:09.530+0800: 31.731: [GC ref-proc, 0.0004091 secs] 2026-06-17T09:49:09.531+0800: 31.732: [Unloading, 0.0017431 secs], 0.0113158 secs]
 [Times: user=0.05 sys=0.00, real=0.02 secs] 
2026-06-17T09:49:09.535+0800: 31.736: [GC cleanup 43654K->41606K(65536K), 0.0028742 secs]
 [Times: user=0.01 sys=0.00, real=0.00 secs] 
2026-06-17T09:49:09.539+0800: 31.740: [GC concurrent-cleanup-start]
2026-06-17T09:49:09.539+0800: 31.740: [GC concurrent-cleanup-end, 0.0000058 secs]
2026-06-17T09:49:09.550+0800: 31.751: [GC pause (G1 Evacuation Pause) (young), 0.0187154 secs]
   [Parallel Time: 12.9 ms, GC Workers: 18]
      [GC Worker Start (ms): Min: 31751.0, Avg: 31753.4, Max: 31761.3, Diff: 10.3]
      [Ext Root Scanning (ms): Min: 0.0, Avg: 0.0, Max: 0.2, Diff: 0.2, Sum: 0.3]
      [Update RS (ms): Min: 0.0, Avg: 0.0, Max: 0.0, Diff: 0.0, Sum: 0.0]
         [Processed Buffers: Min: 0, Avg: 0.2, Max: 4, Diff: 4, Sum: 4]
      [Scan RS (ms): Min: 0.0, Avg: 0.0, Max: 0.0, Diff: 0.0, Sum: 0.0]
      [Code Root Scanning (ms): Min: 0.0, Avg: 0.0, Max: 0.0, Diff: 0.0, Sum: 0.0]
      [Object Copy (ms): Min: 0.0, Avg: 0.0, Max: 0.4, Diff: 0.4, Sum: 0.7]
      [Termination (ms): Min: 0.0, Avg: 8.1, Max: 10.4, Diff: 10.4, Sum: 145.4]
         [Termination Attempts: Min: 1, Avg: 1.0, Max: 1, Diff: 0, Sum: 18]
      [GC Worker Other (ms): Min: 0.0, Avg: 0.0, Max: 0.0, Diff: 0.0, Sum: 0.2]
      [GC Worker Total (ms): Min: 0.0, Avg: 8.1, Max: 10.4, Diff: 10.4, Sum: 146.7]
      [GC Worker End (ms): Min: 31761.3, Avg: 31761.5, Max: 31762.1, Diff: 0.8]
   [Code Root Fixup: 0.0 ms]
   [Code Root Purge: 0.0 ms]
   [Clear CT: 1.0 ms]
   [Other: 4.8 ms]
      [Choose CSet: 0.0 ms]
      [Ref Proc: 4.0 ms]
      [Ref Enq: 0.0 ms]
      [Redirty Cards: 0.7 ms]
      [Humongous Register: 0.0 ms]
      [Humongous Reclaim: 0.0 ms]
      [Free CSet: 0.0 ms]
   [Eden: 6144.0K(6144.0K)->0.0B(2048.0K) Survivors: 2048.0K->1024.0K Heap: 46013.7K(65536.0K)->42628.7K(65536.0K)]
 [Times: user=0.18 sys=0.00, real=0.02 secs] 
2026-06-17T09:49:09.570+0800: 31.771: [GC pause (G1 Evacuation Pause) (mixed), 0.0112786 secs]
   [Parallel Time: 6.8 ms, GC Workers: 18]
      [GC Worker Start (ms): Min: 31771.1, Avg: 31772.3, Max: 31776.6, Diff: 5.5]
      [Ext Root Scanning (ms): Min: 0.0, Avg: 0.0, Max: 0.2, Diff: 0.1, Sum: 0.4]
      [Update RS (ms): Min: 0.0, Avg: 0.0, Max: 0.0, Diff: 0.0, Sum: 0.0]
         [Processed Buffers: Min: 0, Avg: 0.2, Max: 2, Diff: 2, Sum: 4]
      [Scan RS (ms): Min: 0.0, Avg: 0.0, Max: 0.0, Diff: 0.0, Sum: 0.0]
      [Code Root Scanning (ms): Min: 0.0, Avg: 0.0, Max: 0.0, Diff: 0.0, Sum: 0.0]
      [Object Copy (ms): Min: 0.0, Avg: 0.1, Max: 0.3, Diff: 0.2, Sum: 1.0]
      [Termination (ms): Min: 0.0, Avg: 4.3, Max: 5.3, Diff: 5.3, Sum: 77.6]
         [Termination Attempts: Min: 1, Avg: 1.0, Max: 1, Diff: 0, Sum: 18]
      [GC Worker Other (ms): Min: 0.0, Avg: 0.0, Max: 0.0, Diff: 0.0, Sum: 0.2]
      [GC Worker Total (ms): Min: 0.0, Avg: 4.4, Max: 5.7, Diff: 5.7, Sum: 79.2]
      [GC Worker End (ms): Min: 31776.6, Avg: 31776.7, Max: 31776.9, Diff: 0.3]
   [Code Root Fixup: 0.0 ms]
   [Code Root Purge: 0.0 ms]
   [Clear CT: 0.9 ms]
   [Other: 3.6 ms]
      [Choose CSet: 0.0 ms]
      [Ref Proc: 3.0 ms]
      [Ref Enq: 0.0 ms]
      [Redirty Cards: 0.5 ms]
      [Humongous Register: 0.0 ms]
      [Humongous Reclaim: 0.0 ms]
      [Free CSet: 0.0 ms]
   [Eden: 2048.0K(2048.0K)->0.0B(2048.0K) Survivors: 1024.0K->1024.0K Heap: 44676.7K(65536.0K)->42527.7K(65536.0K)]
 [Times: user=0.10 sys=0.00, real=0.01 secs] 
2026-06-17T09:49:09.593+0800: 31.794: [GC pause (G1 Evacuation Pause) (mixed), 0.0155763 secs]
   [Parallel Time: 10.2 ms, GC Workers: 18]
      [GC Worker Start (ms): Min: 31794.4, Avg: 31796.2, Max: 31802.0, Diff: 7.6]
      [Ext Root Scanning (ms): Min: 0.0, Avg: 0.0, Max: 0.2, Diff: 0.2, Sum: 0.6]
      [Update RS (ms): Min: 0.0, Avg: 0.0, Max: 0.0, Diff: 0.0, Sum: 0.1]
         [Processed Buffers: Min: 0, Avg: 0.3, Max: 3, Diff: 3, Sum: 5]
      [Scan RS (ms): Min: 0.0, Avg: 0.0, Max: 0.0, Diff: 0.0, Sum: 0.1]
      [Code Root Scanning (ms): Min: 0.0, Avg: 0.0, Max: 0.0, Diff: 0.0, Sum: 0.0]
      [Object Copy (ms): Min: 0.0, Avg: 0.0, Max: 0.1, Diff: 0.1, Sum: 0.5]
      [Termination (ms): Min: 0.0, Avg: 6.1, Max: 8.2, Diff: 8.2, Sum: 110.3]
         [Termination Attempts: Min: 1, Avg: 1.0, Max: 1, Diff: 0, Sum: 18]
      [GC Worker Other (ms): Min: 0.0, Avg: 0.0, Max: 0.0, Diff: 0.0, Sum: 0.2]
      [GC Worker Total (ms): Min: 0.0, Avg: 6.2, Max: 8.6, Diff: 8.6, Sum: 111.7]
      [GC Worker End (ms): Min: 31802.1, Avg: 31802.4, Max: 31803.0, Diff: 0.9]
   [Code Root Fixup: 0.0 ms]
   [Code Root Purge: 0.0 ms]
   [Clear CT: 0.7 ms]
   [Other: 4.6 ms]
      [Choose CSet: 0.0 ms]
      [Ref Proc: 4.0 ms]
      [Ref Enq: 0.0 ms]
      [Redirty Cards: 0.6 ms]
      [Humongous Register: 0.0 ms]
      [Humongous Reclaim: 0.0 ms]
      [Free CSet: 0.0 ms]
   [Eden: 2048.0K(2048.0K)->0.0B(4096.0K) Survivors: 1024.0K->1024.0K Heap: 44575.7K(65536.0K)->44243.7K(65536.0K)]
 [Times: user=0.14 sys=0.01, real=0.01 secs] 
2026-06-17T09:49:09.620+0800: 31.821: [GC pause (G1 Evacuation Pause) (young), 0.0138591 secs]
   [Parallel Time: 9.1 ms, GC Workers: 18]
      [GC Worker Start (ms): Min: 31821.6, Avg: 31823.5, Max: 31828.7, Diff: 7.2]
      [Ext Root Scanning (ms): Min: 0.0, Avg: 0.0, Max: 0.2, Diff: 0.2, Sum: 0.7]
      [Update RS (ms): Min: 0.0, Avg: 0.0, Max: 0.1, Diff: 0.1, Sum: 0.2]
         [Processed Buffers: Min: 0, Avg: 0.3, Max: 2, Diff: 2, Sum: 5]
      [Scan RS (ms): Min: 0.0, Avg: 0.0, Max: 0.0, Diff: 0.0, Sum: 0.0]
      [Code Root Scanning (ms): Min: 0.0, Avg: 0.0, Max: 0.0, Diff: 0.0, Sum: 0.0]
      [Object Copy (ms): Min: 0.0, Avg: 0.0, Max: 0.1, Diff: 0.1, Sum: 0.4]
      [Termination (ms): Min: 0.0, Avg: 5.5, Max: 8.4, Diff: 8.4, Sum: 98.5]
         [Termination Attempts: Min: 1, Avg: 1.0, Max: 1, Diff: 0, Sum: 18]
      [GC Worker Other (ms): Min: 0.0, Avg: 0.0, Max: 0.0, Diff: 0.0, Sum: 0.2]
      [GC Worker Total (ms): Min: 0.0, Avg: 5.6, Max: 8.5, Diff: 8.5, Sum: 99.9]
      [GC Worker End (ms): Min: 31828.8, Avg: 31829.1, Max: 31830.3, Diff: 1.5]
   [Code Root Fixup: 0.0 ms]
   [Code Root Purge: 0.0 ms]
   [Clear CT: 0.6 ms]
   [Other: 4.2 ms]
      [Choose CSet: 0.0 ms]
      [Ref Proc: 3.7 ms]
      [Ref Enq: 0.0 ms]
      [Redirty Cards: 0.5 ms]
      [Humongous Register: 0.0 ms]
      [Humongous Reclaim: 0.0 ms]
      [Free CSet: 0.0 ms]
   [Eden: 4096.0K(4096.0K)->0.0B(3072.0K) Survivors: 1024.0K->1024.0K Heap: 48339.7K(65536.0K)->45697.7K(65536.0K)]
 [Times: user=0.12 sys=0.00, real=0.02 secs] 
2026-06-17T09:49:09.635+0800: 31.837: [GC pause (G1 Evacuation Pause) (young) (initial-mark), 0.0077568 secs]
   [Parallel Time: 3.4 ms, GC Workers: 18]
      [GC Worker Start (ms): Min: 31836.8, Avg: 31837.0, Max: 31837.1, Diff: 0.4]
      [Ext Root Scanning (ms): Min: 0.0, Avg: 1.1, Max: 2.0, Diff: 2.0, Sum: 20.5]
      [Update RS (ms): Min: 0.0, Avg: 0.0, Max: 0.0, Diff: 0.0, Sum: 0.0]
         [Processed Buffers: Min: 0, Avg: 0.2, Max: 3, Diff: 3, Sum: 3]
      [Scan RS (ms): Min: 0.0, Avg: 0.0, Max: 0.0, Diff: 0.0, Sum: 0.0]
      [Code Root Scanning (ms): Min: 0.0, Avg: 0.0, Max: 0.0, Diff: 0.0, Sum: 0.0]
      [Object Copy (ms): Min: 0.0, Avg: 0.0, Max: 0.1, Diff: 0.1, Sum: 0.1]
      [Termination (ms): Min: 0.0, Avg: 1.1, Max: 2.2, Diff: 2.2, Sum: 20.6]
         [Termination Attempts: Min: 1, Avg: 1.1, Max: 2, Diff: 1, Sum: 19]
      [GC Worker Other (ms): Min: 0.0, Avg: 0.0, Max: 0.0, Diff: 0.0, Sum: 0.1]
      [GC Worker Total (ms): Min: 2.0, Avg: 2.3, Max: 2.7, Diff: 0.7, Sum: 41.3]
      [GC Worker End (ms): Min: 31839.1, Avg: 31839.3, Max: 31839.5, Diff: 0.4]
   [Code Root Fixup: 0.0 ms]
   [Code Root Purge: 0.0 ms]
   [Clear CT: 1.2 ms]
   [Other: 3.2 ms]
      [Choose CSet: 0.0 ms]
      [Ref Proc: 2.6 ms]
      [Ref Enq: 0.0 ms]
      [Redirty Cards: 0.5 ms]
      [Humongous Register: 0.0 ms]
      [Humongous Reclaim: 0.0 ms]
      [Free CSet: 0.0 ms]
   [Eden: 3072.0K(3072.0K)->0.0B(3072.0K) Survivors: 1024.0K->1024.0K Heap: 48769.7K(65536.0K)->45638.7K(65536.0K)]
 [Times: user=0.03 sys=0.01, real=0.01 secs] 
2026-06-17T09:49:09.645+0800: 31.846: [GC concurrent-root-region-scan-start]
2026-06-17T09:49:09.645+0800: 31.846: [GC concurrent-root-region-scan-end, 0.0002172 secs]
2026-06-17T09:49:09.645+0800: 31.846: [GC concurrent-mark-start]
2026-06-17T09:49:09.645+0800: 31.846: [GC concurrent-mark-end, 0.0004037 secs]
2026-06-17T09:49:09.645+0800: 31.847: [GC remark 2026-06-17T09:49:09.646+0800: 31.847: [Finalize Marking, 0.0061880 secs] 2026-06-17T09:49:09.653+0800: 31.854: [GC ref-proc, 0.0007394 secs] 2026-06-17T09:49:09.654+0800: 31.855: [Unloading, 0.0016936 secs], 0.0114906 secs]
 [Times: user=0.07 sys=0.00, real=0.01 secs] 
2026-06-17T09:49:09.658+0800: 31.859: [GC cleanup 47653K->42916K(65536K), 0.0028588 secs]
 [Times: user=0.00 sys=0.00, real=0.00 secs] 
2026-06-17T09:49:09.662+0800: 31.864: [GC concurrent-cleanup-start]
2026-06-17T09:49:09.662+0800: 31.864: [GC concurrent-cleanup-end, 0.0000074 secs]
2026-06-17T09:49:09.662+0800: 31.864: [GC pause (G1 Evacuation Pause) (young), 0.0134869 secs]
   [Parallel Time: 3.3 ms, GC Workers: 18]
      [GC Worker Start (ms): Min: 31863.7, Avg: 31864.7, Max: 31865.9, Diff: 2.2]
      [Ext Root Scanning (ms): Min: 0.0, Avg: 0.0, Max: 0.1, Diff: 0.1, Sum: 0.4]
      [Update RS (ms): Min: 0.0, Avg: 0.0, Max: 0.0, Diff: 0.0, Sum: 0.0]
         [Processed Buffers: Min: 0, Avg: 0.1, Max: 1, Diff: 1, Sum: 2]
      [Scan RS (ms): Min: 0.0, Avg: 0.0, Max: 0.0, Diff: 0.0, Sum: 0.0]
      [Code Root Scanning (ms): Min: 0.0, Avg: 0.0, Max: 0.0, Diff: 0.0, Sum: 0.0]
      [Object Copy (ms): Min: 0.0, Avg: 0.0, Max: 0.1, Diff: 0.1, Sum: 0.5]
      [Termination (ms): Min: 0.0, Avg: 1.3, Max: 2.4, Diff: 2.4, Sum: 22.9]
         [Termination Attempts: Min: 1, Avg: 1.0, Max: 1, Diff: 0, Sum: 18]
      [GC Worker Other (ms): Min: 0.0, Avg: 0.0, Max: 0.0, Diff: 0.0, Sum: 0.1]
      [GC Worker Total (ms): Min: 0.0, Avg: 1.3, Max: 2.6, Diff: 2.6, Sum: 23.9]
      [GC Worker End (ms): Min: 31865.9, Avg: 31866.0, Max: 31866.4, Diff: 0.5]
   [Code Root Fixup: 0.0 ms]
   [Code Root Purge: 0.0 ms]
   [Clear CT: 0.9 ms]
   [Other: 9.3 ms]
      [Choose CSet: 0.0 ms]
      [Ref Proc: 8.6 ms]
      [Ref Enq: 0.0 ms]
      [Redirty Cards: 0.7 ms]
      [Humongous Register: 0.0 ms]
      [Humongous Reclaim: 0.0 ms]
      [Free CSet: 0.0 ms]
   [Eden: 3072.0K(3072.0K)->0.0B(2048.0K) Survivors: 1024.0K->1024.0K Heap: 43974.2K(65536.0K)->43916.7K(65536.0K)]
 [Times: user=0.14 sys=0.01, real=0.02 secs] 
2026-06-17T09:49:09.687+0800: 31.889: [GC pause (G1 Evacuation Pause) (mixed), 0.0133592 secs]
   [Parallel Time: 7.8 ms, GC Workers: 18]
      [GC Worker Start (ms): Min: 31888.8, Avg: 31890.2, Max: 31894.4, Diff: 5.6]
      [Ext Root Scanning (ms): Min: 0.0, Avg: 0.0, Max: 0.1, Diff: 0.1, Sum: 0.4]
      [Update RS (ms): Min: 0.0, Avg: 0.0, Max: 0.0, Diff: 0.0, Sum: 0.0]
         [Processed Buffers: Min: 0, Avg: 0.1, Max: 1, Diff: 1, Sum: 2]
      [Scan RS (ms): Min: 0.0, Avg: 0.0, Max: 0.0, Diff: 0.0, Sum: 0.0]
      [Code Root Scanning (ms): Min: 0.0, Avg: 0.0, Max: 0.0, Diff: 0.0, Sum: 0.0]
      [Object Copy (ms): Min: 0.0, Avg: 0.0, Max: 0.2, Diff: 0.2, Sum: 0.5]
      [Termination (ms): Min: 0.0, Avg: 4.3, Max: 5.6, Diff: 5.6, Sum: 77.2]
         [Termination Attempts: Min: 1, Avg: 1.0, Max: 1, Diff: 0, Sum: 18]
      [GC Worker Other (ms): Min: 0.0, Avg: 0.0, Max: 0.0, Diff: 0.0, Sum: 0.2]
      [GC Worker Total (ms): Min: 0.0, Avg: 4.4, Max: 5.9, Diff: 5.8, Sum: 78.3]
      [GC Worker End (ms): Min: 31894.4, Avg: 31894.6, Max: 31895.0, Diff: 0.6]
   [Code Root Fixup: 0.0 ms]
   [Code Root Purge: 0.0 ms]
   [Clear CT: 0.7 ms]
   [Other: 4.9 ms]
      [Choose CSet: 0.0 ms]
      [Ref Proc: 4.1 ms]
      [Ref Enq: 0.0 ms]
      [Redirty Cards: 0.8 ms]
      [Humongous Register: 0.0 ms]
      [Humongous Reclaim: 0.0 ms]
      [Free CSet: 0.0 ms]
   [Eden: 2048.0K(2048.0K)->0.0B(2048.0K) Survivors: 1024.0K->1024.0K Heap: 45964.7K(65536.0K)->39964.2K(65536.0K)]
 [Times: user=0.11 sys=0.00, real=0.01 secs] 
2026-06-17T09:49:09.702+0800: 31.903: [GC pause (G1 Evacuation Pause) (mixed), 0.0074726 secs]
   [Parallel Time: 3.4 ms, GC Workers: 18]
      [GC Worker Start (ms): Min: 31903.4, Avg: 31904.6, Max: 31905.9, Diff: 2.5]
      [Ext Root Scanning (ms): Min: 0.0, Avg: 0.0, Max: 0.1, Diff: 0.1, Sum: 0.3]
      [Update RS (ms): Min: 0.0, Avg: 0.0, Max: 0.0, Diff: 0.0, Sum: 0.0]
         [Processed Buffers: Min: 0, Avg: 0.2, Max: 2, Diff: 2, Sum: 4]
      [Scan RS (ms): Min: 0.0, Avg: 0.0, Max: 0.0, Diff: 0.0, Sum: 0.1]
      [Code Root Scanning (ms): Min: 0.0, Avg: 0.0, Max: 0.0, Diff: 0.0, Sum: 0.0]
      [Object Copy (ms): Min: 0.0, Avg: 0.0, Max: 0.2, Diff: 0.2, Sum: 0.8]
      [Termination (ms): Min: 0.0, Avg: 1.3, Max: 2.3, Diff: 2.3, Sum: 24.0]
         [Termination Attempts: Min: 1, Avg: 1.0, Max: 1, Diff: 0, Sum: 18]
      [GC Worker Other (ms): Min: 0.0, Avg: 0.0, Max: 0.0, Diff: 0.0, Sum: 0.1]
      [GC Worker Total (ms): Min: 0.0, Avg: 1.4, Max: 2.7, Diff: 2.7, Sum: 25.3]
      [GC Worker End (ms): Min: 31905.9, Avg: 31906.0, Max: 31906.1, Diff: 0.2]
   [Code Root Fixup: 0.0 ms]
   [Code Root Purge: 0.0 ms]
   [Clear CT: 1.0 ms]
   [Other: 3.0 ms]
      [Choose CSet: 0.0 ms]
      [Ref Proc: 2.2 ms]
      [Ref Enq: 0.0 ms]
      [Redirty Cards: 0.7 ms]
      [Humongous Register: 0.0 ms]
      [Humongous Reclaim: 0.0 ms]
      [Free CSet: 0.0 ms]
   [Eden: 2048.0K(2048.0K)->0.0B(6144.0K) Survivors: 1024.0K->1024.0K Heap: 42012.2K(65536.0K)->41125.7K(65536.0K)]
 [Times: user=0.05 sys=0.00, real=0.01 secs] 
2026-06-17T09:49:09.721+0800: 31.923: [GC pause (G1 Evacuation Pause) (young), 0.0076494 secs]
   [Parallel Time: 3.2 ms, GC Workers: 18]
      [GC Worker Start (ms): Min: 31922.6, Avg: 31923.5, Max: 31924.4, Diff: 1.8]
      [Ext Root Scanning (ms): Min: 0.0, Avg: 0.0, Max: 0.2, Diff: 0.2, Sum: 0.4]
      [Update RS (ms): Min: 0.0, Avg: 0.0, Max: 0.1, Diff: 0.1, Sum: 0.1]
         [Processed Buffers: Min: 0, Avg: 0.2, Max: 2, Diff: 2, Sum: 4]
      [Scan RS (ms): Min: 0.0, Avg: 0.0, Max: 0.0, Diff: 0.0, Sum: 0.0]
      [Code Root Scanning (ms): Min: 0.0, Avg: 0.0, Max: 0.0, Diff: 0.0, Sum: 0.0]
      [Object Copy (ms): Min: 0.0, Avg: 0.0, Max: 0.1, Diff: 0.1, Sum: 0.1]
      [Termination (ms): Min: 0.0, Avg: 1.1, Max: 2.3, Diff: 2.3, Sum: 20.5]
         [Termination Attempts: Min: 1, Avg: 1.0, Max: 1, Diff: 0, Sum: 18]
      [GC Worker Other (ms): Min: 0.0, Avg: 0.0, Max: 0.0, Diff: 0.0, Sum: 0.1]
      [GC Worker Total (ms): Min: 0.0, Avg: 1.2, Max: 2.6, Diff: 2.5, Sum: 21.3]
      [GC Worker End (ms): Min: 31924.4, Avg: 31924.7, Max: 31925.2, Diff: 0.8]
   [Code Root Fixup: 0.0 ms]
   [Code Root Purge: 0.0 ms]
   [Clear CT: 0.7 ms]
   [Other: 3.7 ms]
      [Choose CSet: 0.0 ms]
      [Ref Proc: 3.1 ms]
      [Ref Enq: 0.0 ms]
      [Redirty Cards: 0.5 ms]
      [Humongous Register: 0.0 ms]
      [Humongous Reclaim: 0.0 ms]
      [Free CSet: 0.0 ms]
   [Eden: 6144.0K(6144.0K)->0.0B(6144.0K) Survivors: 1024.0K->1024.0K Heap: 47269.7K(65536.0K)->41711.2K(65536.0K)]
 [Times: user=0.04 sys=0.01, real=0.01 secs] 
2026-06-17T09:49:09.751+0800: 31.952: [GC pause (G1 Evacuation Pause) (young) (initial-mark), 0.0132805 secs]
   [Parallel Time: 5.8 ms, GC Workers: 18]
      [GC Worker Start (ms): Min: 31952.2, Avg: 31952.8, Max: 31953.3, Diff: 1.0]
      [Ext Root Scanning (ms): Min: 0.0, Avg: 1.8, Max: 2.8, Diff: 2.7, Sum: 32.5]
      [Update RS (ms): Min: 0.0, Avg: 0.0, Max: 0.0, Diff: 0.0, Sum: 0.0]
         [Processed Buffers: Min: 0, Avg: 0.1, Max: 2, Diff: 2, Sum: 2]
      [Scan RS (ms): Min: 0.0, Avg: 0.0, Max: 0.0, Diff: 0.0, Sum: 0.0]
      [Code Root Scanning (ms): Min: 0.0, Avg: 0.0, Max: 0.0, Diff: 0.0, Sum: 0.0]
      [Object Copy (ms): Min: 0.0, Avg: 0.0, Max: 0.2, Diff: 0.2, Sum: 0.5]
      [Termination (ms): Min: 0.0, Avg: 1.4, Max: 2.6, Diff: 2.6, Sum: 25.5]
         [Termination Attempts: Min: 1, Avg: 1.0, Max: 1, Diff: 0, Sum: 18]
      [GC Worker Other (ms): Min: 0.0, Avg: 0.0, Max: 0.1, Diff: 0.1, Sum: 0.2]
      [GC Worker Total (ms): Min: 2.8, Avg: 3.3, Max: 3.9, Diff: 1.1, Sum: 58.8]
      [GC Worker End (ms): Min: 31956.0, Avg: 31956.1, Max: 31956.4, Diff: 0.4]
   [Code Root Fixup: 0.0 ms]
   [Code Root Purge: 0.0 ms]
   [Clear CT: 2.0 ms]
   [Other: 5.4 ms]
      [Choose CSet: 0.0 ms]
      [Ref Proc: 4.5 ms]
      [Ref Enq: 0.0 ms]
      [Redirty Cards: 0.8 ms]
      [Humongous Register: 0.0 ms]
      [Humongous Reclaim: 0.0 ms]
      [Free CSet: 0.0 ms]
   [Eden: 6144.0K(6144.0K)->0.0B(4096.0K) Survivors: 1024.0K->1024.0K Heap: 47855.2K(65536.0K)->44343.7K(65536.0K)]
 [Times: user=0.05 sys=0.01, real=0.01 secs] 
2026-06-17T09:49:09.765+0800: 31.967: [GC concurrent-root-region-scan-start]
2026-06-17T09:49:09.766+0800: 31.967: [GC concurrent-root-region-scan-end, 0.0002969 secs]
2026-06-17T09:49:09.766+0800: 31.967: [GC concurrent-mark-start]
2026-06-17T09:49:09.766+0800: 31.968: [GC concurrent-mark-end, 0.0005976 secs]
2026-06-17T09:49:09.766+0800: 31.968: [GC remark 2026-06-17T09:49:09.767+0800: 31.968: [Finalize Marking, 0.0039384 secs] 2026-06-17T09:49:09.771+0800: 31.973: [GC ref-proc, 0.0006868 secs] 2026-06-17T09:49:09.773+0800: 31.974: [Unloading, 0.0017582 secs], 0.0090838 secs]
 [Times: user=0.03 sys=0.00, real=0.01 secs] 
2026-06-17T09:49:09.777+0800: 31.978: [GC cleanup 47575K->44503K(65536K), 0.0027367 secs]
 [Times: user=0.00 sys=0.00, real=0.00 secs] 
2026-06-17T09:49:09.780+0800: 31.982: [GC concurrent-cleanup-start]
2026-06-17T09:49:09.780+0800: 31.982: [GC concurrent-cleanup-end, 0.0000092 secs]
2026-06-17T09:49:09.781+0800: 31.982: [GC pause (G1 Evacuation Pause) (young), 0.0103522 secs]
   [Parallel Time: 3.4 ms, GC Workers: 18]
      [GC Worker Start (ms): Min: 31981.9, Avg: 31983.0, Max: 31984.1, Diff: 2.1]
      [Ext Root Scanning (ms): Min: 0.0, Avg: 0.0, Max: 0.1, Diff: 0.1, Sum: 0.3]
      [Update RS (ms): Min: 0.0, Avg: 0.0, Max: 0.0, Diff: 0.0, Sum: 0.0]
         [Processed Buffers: Min: 0, Avg: 0.1, Max: 1, Diff: 1, Sum: 2]
      [Scan RS (ms): Min: 0.0, Avg: 0.0, Max: 0.0, Diff: 0.0, Sum: 0.0]
      [Code Root Scanning (ms): Min: 0.0, Avg: 0.0, Max: 0.0, Diff: 0.0, Sum: 0.0]
      [Object Copy (ms): Min: 0.0, Avg: 0.0, Max: 0.1, Diff: 0.1, Sum: 0.4]
      [Termination (ms): Min: 0.0, Avg: 1.3, Max: 2.4, Diff: 2.4, Sum: 22.8]
         [Termination Attempts: Min: 1, Avg: 1.0, Max: 1, Diff: 0, Sum: 18]
      [GC Worker Other (ms): Min: 0.0, Avg: 0.0, Max: 0.0, Diff: 0.0, Sum: 0.1]
      [GC Worker Total (ms): Min: 0.0, Avg: 1.3, Max: 2.6, Diff: 2.6, Sum: 23.7]
      [GC Worker End (ms): Min: 31984.1, Avg: 31984.3, Max: 31984.6, Diff: 0.5]
   [Code Root Fixup: 0.0 ms]
   [Code Root Purge: 0.0 ms]
   [Clear CT: 0.8 ms]
   [Other: 6.2 ms]
      [Choose CSet: 0.0 ms]
      [Ref Proc: 5.6 ms]
      [Ref Enq: 0.0 ms]
      [Redirty Cards: 0.6 ms]
      [Humongous Register: 0.0 ms]
      [Humongous Reclaim: 0.0 ms]
      [Free CSet: 0.0 ms]
   [Eden: 4096.0K(4096.0K)->0.0B(2048.0K) Survivors: 1024.0K->1024.0K Heap: 46809.7K(65536.0K)->39275.6K(65536.0K)]
 [Times: user=0.09 sys=0.01, real=0.02 secs] 
2026-06-17T09:49:09.792+0800: 31.994: [GC pause (G1 Evacuation Pause) (mixed), 0.0069649 secs]
   [Parallel Time: 2.6 ms, GC Workers: 18]
      [GC Worker Start (ms): Min: 31993.7, Avg: 31994.6, Max: 31995.4, Diff: 1.7]
      [Ext Root Scanning (ms): Min: 0.0, Avg: 0.0, Max: 0.1, Diff: 0.1, Sum: 0.3]
      [Update RS (ms): Min: 0.0, Avg: 0.0, Max: 0.0, Diff: 0.0, Sum: 0.0]
         [Processed Buffers: Min: 0, Avg: 0.2, Max: 2, Diff: 2, Sum: 3]
      [Scan RS (ms): Min: 0.0, Avg: 0.0, Max: 0.0, Diff: 0.0, Sum: 0.0]
      [Code Root Scanning (ms): Min: 0.0, Avg: 0.0, Max: 0.0, Diff: 0.0, Sum: 0.0]
      [Object Copy (ms): Min: 0.0, Avg: 0.0, Max: 0.1, Diff: 0.1, Sum: 0.4]
      [Termination (ms): Min: 0.0, Avg: 0.9, Max: 1.9, Diff: 1.9, Sum: 16.4]
         [Termination Attempts: Min: 1, Avg: 1.0, Max: 1, Diff: 0, Sum: 18]
      [GC Worker Other (ms): Min: 0.0, Avg: 0.0, Max: 0.0, Diff: 0.0, Sum: 0.1]
      [GC Worker Total (ms): Min: 0.0, Avg: 1.0, Max: 2.1, Diff: 2.1, Sum: 17.2]
      [GC Worker End (ms): Min: 31995.4, Avg: 31995.5, Max: 31995.8, Diff: 0.4]
   [Code Root Fixup: 0.0 ms]
   [Code Root Purge: 0.0 ms]
   [Clear CT: 1.0 ms]
   [Other: 3.4 ms]
      [Choose CSet: 0.0 ms]
      [Ref Proc: 2.8 ms]
      [Ref Enq: 0.0 ms]
      [Redirty Cards: 0.6 ms]
      [Humongous Register: 0.0 ms]
      [Humongous Reclaim: 0.0 ms]
      [Free CSet: 0.0 ms]
   [Eden: 2048.0K(2048.0K)->0.0B(2048.0K) Survivors: 1024.0K->1024.0K Heap: 41323.6K(65536.0K)->35051.7K(65536.0K)]
 [Times: user=0.03 sys=0.01, real=0.00 secs] 
2026-06-17T09:49:09.811+0800: 32.012: [GC pause (G1 Evacuation Pause) (mixed), 0.0094438 secs]
   [Parallel Time: 4.6 ms, GC Workers: 18]
      [GC Worker Start (ms): Min: 32012.0, Avg: 32013.2, Max: 32014.7, Diff: 2.7]
      [Ext Root Scanning (ms): Min: 0.0, Avg: 0.0, Max: 0.2, Diff: 0.2, Sum: 0.4]
      [Update RS (ms): Min: 0.0, Avg: 0.0, Max: 0.0, Diff: 0.0, Sum: 0.0]
         [Processed Buffers: Min: 0, Avg: 0.2, Max: 2, Diff: 2, Sum: 4]
      [Scan RS (ms): Min: 0.0, Avg: 0.0, Max: 0.0, Diff: 0.0, Sum: 0.1]
      [Code Root Scanning (ms): Min: 0.0, Avg: 0.0, Max: 0.0, Diff: 0.0, Sum: 0.0]
      [Object Copy (ms): Min: 0.0, Avg: 0.0, Max: 0.2, Diff: 0.2, Sum: 0.8]
      [Termination (ms): Min: 0.0, Avg: 1.6, Max: 3.1, Diff: 3.1, Sum: 28.0]
         [Termination Attempts: Min: 1, Avg: 1.0, Max: 1, Diff: 0, Sum: 18]
      [GC Worker Other (ms): Min: 0.0, Avg: 0.0, Max: 0.0, Diff: 0.0, Sum: 0.2]
      [GC Worker Total (ms): Min: 0.0, Avg: 1.6, Max: 3.5, Diff: 3.4, Sum: 29.5]
      [GC Worker End (ms): Min: 32014.7, Avg: 32014.9, Max: 32015.5, Diff: 0.7]
   [Code Root Fixup: 0.0 ms]
   [Code Root Purge: 0.0 ms]
   [Clear CT: 0.8 ms]
   [Other: 4.1 ms]
      [Choose CSet: 0.0 ms]
      [Ref Proc: 3.5 ms]
      [Ref Enq: 0.0 ms]
      [Redirty Cards: 0.5 ms]
      [Humongous Register: 0.0 ms]
      [Humongous Reclaim: 0.0 ms]
      [Free CSet: 0.0 ms]
   [Eden: 2048.0K(2048.0K)->0.0B(2048.0K) Survivors: 1024.0K->1024.0K Heap: 37099.7K(65536.0K)->33410.6K(65536.0K)]
 [Times: user=0.05 sys=0.00, real=0.00 secs] 
2026-06-17T09:49:09.821+0800: 32.023: [GC pause (G1 Evacuation Pause) (mixed), 0.0094123 secs]
   [Parallel Time: 4.8 ms, GC Workers: 18]
      [GC Worker Start (ms): Min: 32022.7, Avg: 32023.7, Max: 32026.3, Diff: 3.6]
      [Ext Root Scanning (ms): Min: 0.0, Avg: 0.0, Max: 0.1, Diff: 0.1, Sum: 0.3]
      [Update RS (ms): Min: 0.0, Avg: 0.0, Max: 0.1, Diff: 0.1, Sum: 0.1]
         [Processed Buffers: Min: 0, Avg: 0.3, Max: 3, Diff: 3, Sum: 5]
      [Scan RS (ms): Min: 0.0, Avg: 0.0, Max: 0.0, Diff: 0.0, Sum: 0.0]
      [Code Root Scanning (ms): Min: 0.0, Avg: 0.0, Max: 0.0, Diff: 0.0, Sum: 0.0]
      [Object Copy (ms): Min: 0.0, Avg: 0.0, Max: 0.1, Diff: 0.1, Sum: 0.4]
      [Termination (ms): Min: 0.0, Avg: 2.7, Max: 3.6, Diff: 3.6, Sum: 49.0]
         [Termination Attempts: Min: 1, Avg: 1.0, Max: 1, Diff: 0, Sum: 18]
      [GC Worker Other (ms): Min: 0.0, Avg: 0.0, Max: 0.0, Diff: 0.0, Sum: 0.1]
      [GC Worker Total (ms): Min: 0.0, Avg: 2.8, Max: 3.8, Diff: 3.8, Sum: 49.9]
      [GC Worker End (ms): Min: 32026.3, Avg: 32026.5, Max: 32026.8, Diff: 0.5]
   [Code Root Fixup: 0.0 ms]
   [Code Root Purge: 0.0 ms]
   [Clear CT: 0.5 ms]
   [Other: 4.1 ms]
      [Choose CSet: 0.0 ms]
      [Ref Proc: 3.4 ms]
      [Ref Enq: 0.0 ms]
      [Redirty Cards: 0.6 ms]
      [Humongous Register: 0.0 ms]
      [Humongous Reclaim: 0.0 ms]
      [Free CSet: 0.0 ms]
   [Eden: 2048.0K(2048.0K)->0.0B(13312.0K) Survivors: 1024.0K->1024.0K Heap: 35458.6K(65536.0K)->34612.6K(65536.0K)]
 [Times: user=0.07 sys=0.01, real=0.02 secs] 
2026-06-17T09:49:09.864+0800: 32.065: [GC pause (G1 Evacuation Pause) (young), 0.0197468 secs]
   [Parallel Time: 12.3 ms, GC Workers: 18]
      [GC Worker Start (ms): Min: 32065.4, Avg: 32067.6, Max: 32074.9, Diff: 9.5]
      [Ext Root Scanning (ms): Min: 0.0, Avg: 0.1, Max: 0.4, Diff: 0.4, Sum: 0.9]
      [Update RS (ms): Min: 0.0, Avg: 0.0, Max: 0.1, Diff: 0.1, Sum: 0.2]
         [Processed Buffers: Min: 0, Avg: 0.3, Max: 3, Diff: 3, Sum: 5]
      [Scan RS (ms): Min: 0.0, Avg: 0.0, Max: 0.0, Diff: 0.0, Sum: 0.0]
      [Code Root Scanning (ms): Min: 0.0, Avg: 0.0, Max: 0.0, Diff: 0.0, Sum: 0.0]
      [Object Copy (ms): Min: 0.0, Avg: 0.1, Max: 0.3, Diff: 0.3, Sum: 1.4]
      [Termination (ms): Min: 0.0, Avg: 7.3, Max: 9.6, Diff: 9.6, Sum: 130.8]
         [Termination Attempts: Min: 1, Avg: 1.0, Max: 1, Diff: 0, Sum: 18]
      [GC Worker Other (ms): Min: 0.0, Avg: 0.0, Max: 0.0, Diff: 0.0, Sum: 0.2]
      [GC Worker Total (ms): Min: 0.0, Avg: 7.4, Max: 10.4, Diff: 10.3, Sum: 133.6]
      [GC Worker End (ms): Min: 32074.9, Avg: 32075.1, Max: 32075.8, Diff: 0.9]
   [Code Root Fixup: 0.0 ms]
   [Code Root Purge: 0.0 ms]
   [Clear CT: 1.8 ms]
   [Other: 5.7 ms]
      [Choose CSet: 0.0 ms]
      [Ref Proc: 4.7 ms]
      [Ref Enq: 0.0 ms]
      [Redirty Cards: 0.9 ms]
      [Humongous Register: 0.0 ms]
      [Humongous Reclaim: 0.0 ms]
      [Free CSet: 0.0 ms]
   [Eden: 13312.0K(13312.0K)->0.0B(8192.0K) Survivors: 1024.0K->2048.0K Heap: 47924.6K(65536.0K)->41371.6K(65536.0K)]
 [Times: user=0.18 sys=0.01, real=0.02 secs] 
2026-06-17T09:49:09.907+0800: 32.108: [GC pause (G1 Evacuation Pause) (young) (initial-mark), 0.0229680 secs]
   [Parallel Time: 14.4 ms, GC Workers: 18]
      [GC Worker Start (ms): Min: 32108.1, Avg: 32109.3, Max: 32110.2, Diff: 2.1]
      [Ext Root Scanning (ms): Min: 0.0, Avg: 3.8, Max: 9.7, Diff: 9.6, Sum: 69.1]
      [Update RS (ms): Min: 0.0, Avg: 0.0, Max: 0.1, Diff: 0.1, Sum: 0.1]
         [Processed Buffers: Min: 0, Avg: 0.2, Max: 4, Diff: 4, Sum: 4]
      [Scan RS (ms): Min: 0.0, Avg: 0.0, Max: 0.0, Diff: 0.0, Sum: 0.0]
      [Code Root Scanning (ms): Min: 0.0, Avg: 0.0, Max: 0.0, Diff: 0.0, Sum: 0.0]
      [Object Copy (ms): Min: 0.0, Avg: 0.0, Max: 0.2, Diff: 0.2, Sum: 0.4]
      [Termination (ms): Min: 0.0, Avg: 7.0, Max: 10.4, Diff: 10.4, Sum: 126.6]
         [Termination Attempts: Min: 1, Avg: 1.0, Max: 1, Diff: 0, Sum: 18]
      [GC Worker Other (ms): Min: 0.0, Avg: 0.0, Max: 0.0, Diff: 0.0, Sum: 0.3]
      [GC Worker Total (ms): Min: 9.7, Avg: 10.9, Max: 12.7, Diff: 3.0, Sum: 196.6]
      [GC Worker End (ms): Min: 32119.9, Avg: 32120.2, Max: 32121.0, Diff: 1.1]
   [Code Root Fixup: 0.0 ms]
   [Code Root Purge: 0.0 ms]
   [Clear CT: 1.6 ms]
   [Other: 7.0 ms]
      [Choose CSet: 0.0 ms]
      [Ref Proc: 6.1 ms]
      [Ref Enq: 0.0 ms]
      [Redirty Cards: 0.8 ms]
      [Humongous Register: 0.0 ms]
      [Humongous Reclaim: 0.0 ms]
      [Free CSet: 0.0 ms]
   [Eden: 8192.0K(8192.0K)->0.0B(8192.0K) Survivors: 2048.0K->1024.0K Heap: 49563.6K(65536.0K)->41295.6K(65536.0K)]
 [Times: user=0.18 sys=0.01, real=0.03 secs] 
2026-06-17T09:49:09.933+0800: 32.134: [GC concurrent-root-region-scan-start]
2026-06-17T09:49:09.933+0800: 32.135: [GC concurrent-root-region-scan-end, 0.0003050 secs]
2026-06-17T09:49:09.933+0800: 32.135: [GC concurrent-mark-start]
2026-06-17T09:49:09.934+0800: 32.135: [GC concurrent-mark-end, 0.0005537 secs]
2026-06-17T09:49:09.934+0800: 32.135: [GC remark 2026-06-17T09:49:09.935+0800: 32.136: [Finalize Marking, 0.0125737 secs] 2026-06-17T09:49:09.948+0800: 32.149: [GC ref-proc, 0.0005173 secs] 2026-06-17T09:49:09.949+0800: 32.150: [Unloading, 0.0020678 secs], 0.0183464 secs]
 [Times: user=0.13 sys=0.00, real=0.02 secs] 
2026-06-17T09:49:09.954+0800: 32.155: [GC cleanup 43839K->37695K(65536K), 0.0029179 secs]
 [Times: user=0.00 sys=0.00, real=0.00 secs] 
2026-06-17T09:49:09.958+0800: 32.159: [GC concurrent-cleanup-start]
2026-06-17T09:49:09.958+0800: 32.159: [GC concurrent-cleanup-end, 0.0000091 secs]
2026-06-17T09:49:09.969+0800: 32.170: [GC pause (G1 Evacuation Pause) (young), 0.0199675 secs]
   [Parallel Time: 12.6 ms, GC Workers: 18]
      [GC Worker Start (ms): Min: 32170.2, Avg: 32172.9, Max: 32179.8, Diff: 9.6]
      [Ext Root Scanning (ms): Min: 0.0, Avg: 0.0, Max: 0.3, Diff: 0.2, Sum: 0.7]
      [Update RS (ms): Min: 0.0, Avg: 0.0, Max: 0.0, Diff: 0.0, Sum: 0.0]
         [Processed Buffers: Min: 0, Avg: 0.2, Max: 1, Diff: 1, Sum: 4]
      [Scan RS (ms): Min: 0.0, Avg: 0.0, Max: 0.0, Diff: 0.0, Sum: 0.0]
      [Code Root Scanning (ms): Min: 0.0, Avg: 0.0, Max: 0.0, Diff: 0.0, Sum: 0.0]
      [Object Copy (ms): Min: 0.0, Avg: 0.0, Max: 0.2, Diff: 0.2, Sum: 0.9]
      [Termination (ms): Min: 0.0, Avg: 7.2, Max: 10.4, Diff: 10.4, Sum: 129.3]
         [Termination Attempts: Min: 1, Avg: 1.1, Max: 2, Diff: 1, Sum: 19]
      [GC Worker Other (ms): Min: 0.0, Avg: 0.0, Max: 0.0, Diff: 0.0, Sum: 0.3]
      [GC Worker Total (ms): Min: 0.0, Avg: 7.3, Max: 10.6, Diff: 10.6, Sum: 131.2]
      [GC Worker End (ms): Min: 32179.8, Avg: 32180.2, Max: 32181.1, Diff: 1.2]
   [Code Root Fixup: 0.0 ms]
   [Code Root Purge: 0.0 ms]
   [Clear CT: 1.5 ms]
   [Other: 5.9 ms]
      [Choose CSet: 0.0 ms]
      [Ref Proc: 5.0 ms]
      [Ref Enq: 0.0 ms]
      [Redirty Cards: 0.9 ms]
      [Humongous Register: 0.0 ms]
      [Humongous Reclaim: 0.0 ms]
      [Free CSet: 0.0 ms]
   [Eden: 8192.0K(8192.0K)->0.0B(1024.0K) Survivors: 1024.0K->2048.0K Heap: 43343.6K(65536.0K)->40168.6K(65536.0K)]
 [Times: user=0.17 sys=0.01, real=0.02 secs] 
2026-06-17T09:49:10.000+0800: 32.202: [GC pause (G1 Evacuation Pause) (mixed), 0.0149564 secs]
   [Parallel Time: 8.9 ms, GC Workers: 18]
      [GC Worker Start (ms): Min: 32201.7, Avg: 32203.6, Max: 32209.1, Diff: 7.5]
      [Ext Root Scanning (ms): Min: 0.0, Avg: 0.0, Max: 0.3, Diff: 0.3, Sum: 0.6]
      [Update RS (ms): Min: 0.0, Avg: 0.0, Max: 0.0, Diff: 0.0, Sum: 0.0]
         [Processed Buffers: Min: 0, Avg: 0.2, Max: 1, Diff: 1, Sum: 3]
      [Scan RS (ms): Min: 0.0, Avg: 0.0, Max: 0.0, Diff: 0.0, Sum: 0.0]
      [Code Root Scanning (ms): Min: 0.0, Avg: 0.0, Max: 0.0, Diff: 0.0, Sum: 0.0]
      [Object Copy (ms): Min: 0.0, Avg: 0.0, Max: 0.2, Diff: 0.2, Sum: 0.7]
      [Termination (ms): Min: 0.0, Avg: 5.7, Max: 7.9, Diff: 7.9, Sum: 101.8]
         [Termination Attempts: Min: 1, Avg: 1.0, Max: 1, Diff: 0, Sum: 18]
      [GC Worker Other (ms): Min: 0.0, Avg: 0.0, Max: 0.0, Diff: 0.0, Sum: 0.2]
      [GC Worker Total (ms): Min: 0.0, Avg: 5.7, Max: 8.1, Diff: 8.1, Sum: 103.5]
      [GC Worker End (ms): Min: 32209.1, Avg: 32209.4, Max: 32210.0, Diff: 0.9]
   [Code Root Fixup: 0.0 ms]
   [Code Root Purge: 0.0 ms]
   [Clear CT: 2.1 ms]
   [Other: 3.9 ms]
      [Choose CSet: 0.0 ms]
      [Ref Proc: 3.2 ms]
      [Ref Enq: 0.0 ms]
      [Redirty Cards: 0.6 ms]
      [Humongous Register: 0.0 ms]
      [Humongous Reclaim: 0.0 ms]
      [Free CSet: 0.0 ms]
   [Eden: 1024.0K(1024.0K)->0.0B(2048.0K) Survivors: 2048.0K->1024.0K Heap: 41192.6K(65536.0K)->36231.1K(65536.0K)]
 [Times: user=0.13 sys=0.00, real=0.02 secs] 
2026-06-17T09:49:10.016+0800: 32.218: [GC pause (G1 Evacuation Pause) (mixed), 0.0106709 secs]
   [Parallel Time: 4.5 ms, GC Workers: 18]
      [GC Worker Start (ms): Min: 32217.6, Avg: 32218.7, Max: 32220.9, Diff: 3.3]
      [Ext Root Scanning (ms): Min: 0.0, Avg: 0.0, Max: 0.1, Diff: 0.1, Sum: 0.2]
      [Update RS (ms): Min: 0.0, Avg: 0.0, Max: 0.0, Diff: 0.0, Sum: 0.0]
         [Processed Buffers: Min: 0, Avg: 0.3, Max: 4, Diff: 4, Sum: 6]
      [Scan RS (ms): Min: 0.0, Avg: 0.0, Max: 0.0, Diff: 0.0, Sum: 0.0]
      [Code Root Scanning (ms): Min: 0.0, Avg: 0.0, Max: 0.0, Diff: 0.0, Sum: 0.0]
      [Object Copy (ms): Min: 0.0, Avg: 0.0, Max: 0.2, Diff: 0.2, Sum: 0.6]
      [Termination (ms): Min: 0.0, Avg: 2.3, Max: 3.3, Diff: 3.3, Sum: 41.2]
         [Termination Attempts: Min: 1, Avg: 1.0, Max: 1, Diff: 0, Sum: 18]
      [GC Worker Other (ms): Min: 0.0, Avg: 0.0, Max: 0.0, Diff: 0.0, Sum: 0.1]
      [GC Worker Total (ms): Min: 0.0, Avg: 2.3, Max: 3.6, Diff: 3.6, Sum: 42.1]
      [GC Worker End (ms): Min: 32220.9, Avg: 32221.0, Max: 32221.3, Diff: 0.4]
   [Code Root Fixup: 0.0 ms]
   [Code Root Purge: 0.0 ms]
   [Clear CT: 1.6 ms]
   [Other: 4.6 ms]
      [Choose CSet: 0.0 ms]
      [Ref Proc: 4.1 ms]
      [Ref Enq: 0.0 ms]
      [Redirty Cards: 0.5 ms]
      [Humongous Register: 0.0 ms]
      [Humongous Reclaim: 0.0 ms]
      [Free CSet: 0.0 ms]
   [Eden: 2048.0K(2048.0K)->0.0B(11264.0K) Survivors: 1024.0K->1024.0K Heap: 38279.1K(65536.0K)->37543.6K(65536.0K)]
 [Times: user=0.08 sys=0.00, real=0.01 secs] 
2026-06-17T09:49:10.059+0800: 32.261: [GC pause (G1 Evacuation Pause) (young), 0.0144447 secs]
   [Parallel Time: 9.0 ms, GC Workers: 18]
      [GC Worker Start (ms): Min: 32260.9, Avg: 32263.0, Max: 32269.4, Diff: 8.5]
      [Ext Root Scanning (ms): Min: 0.0, Avg: 0.1, Max: 0.5, Diff: 0.5, Sum: 1.4]
      [Update RS (ms): Min: 0.0, Avg: 0.0, Max: 0.1, Diff: 0.1, Sum: 0.3]
         [Processed Buffers: Min: 0, Avg: 0.3, Max: 2, Diff: 2, Sum: 5]
      [Scan RS (ms): Min: 0.0, Avg: 0.0, Max: 0.0, Diff: 0.0, Sum: 0.1]
      [Code Root Scanning (ms): Min: 0.0, Avg: 0.0, Max: 0.0, Diff: 0.0, Sum: 0.0]
      [Object Copy (ms): Min: 0.0, Avg: 0.0, Max: 0.2, Diff: 0.2, Sum: 0.7]
      [Termination (ms): Min: 0.0, Avg: 6.3, Max: 7.9, Diff: 7.9, Sum: 112.7]
         [Termination Attempts: Min: 1, Avg: 1.0, Max: 1, Diff: 0, Sum: 18]
      [GC Worker Other (ms): Min: 0.0, Avg: 0.0, Max: 0.0, Diff: 0.0, Sum: 0.2]
      [GC Worker Total (ms): Min: 0.0, Avg: 6.4, Max: 8.6, Diff: 8.6, Sum: 115.3]
      [GC Worker End (ms): Min: 32269.4, Avg: 32269.4, Max: 32269.5, Diff: 0.2]
   [Code Root Fixup: 0.0 ms]
   [Code Root Purge: 0.0 ms]
   [Clear CT: 1.2 ms]
   [Other: 4.2 ms]
      [Choose CSet: 0.0 ms]
      [Ref Proc: 3.2 ms]
      [Ref Enq: 0.0 ms]
      [Redirty Cards: 0.9 ms]
      [Humongous Register: 0.0 ms]
      [Humongous Reclaim: 0.0 ms]
      [Free CSet: 0.0 ms]
   [Eden: 11264.0K(11264.0K)->0.0B(10240.0K) Survivors: 1024.0K->2048.0K Heap: 48807.6K(65536.0K)->39420.6K(65536.0K)]
 [Times: user=0.14 sys=0.01, real=0.02 secs] 
2026-06-17T09:49:10.096+0800: 32.298: [GC pause (G1 Evacuation Pause) (young) (initial-mark), 0.0208742 secs]
   [Parallel Time: 12.4 ms, GC Workers: 18]
      [GC Worker Start (ms): Min: 32298.0, Avg: 32299.0, Max: 32300.0, Diff: 2.0]
      [Ext Root Scanning (ms): Min: 0.0, Avg: 3.2, Max: 8.2, Diff: 8.2, Sum: 57.7]
      [Update RS (ms): Min: 0.0, Avg: 0.0, Max: 0.0, Diff: 0.0, Sum: 0.0]
         [Processed Buffers: Min: 0, Avg: 0.1, Max: 2, Diff: 2, Sum: 2]
      [Scan RS (ms): Min: 0.0, Avg: 0.0, Max: 0.0, Diff: 0.0, Sum: 0.0]
      [Code Root Scanning (ms): Min: 0.0, Avg: 0.0, Max: 0.0, Diff: 0.0, Sum: 0.0]
      [Object Copy (ms): Min: 0.0, Avg: 0.1, Max: 0.5, Diff: 0.5, Sum: 1.0]
      [Termination (ms): Min: 0.0, Avg: 6.1, Max: 8.5, Diff: 8.5, Sum: 110.4]
         [Termination Attempts: Min: 1, Avg: 1.0, Max: 1, Diff: 0, Sum: 18]
      [GC Worker Other (ms): Min: 0.0, Avg: 0.0, Max: 0.0, Diff: 0.0, Sum: 0.2]
      [GC Worker Total (ms): Min: 8.2, Avg: 9.4, Max: 10.7, Diff: 2.5, Sum: 169.4]
      [GC Worker End (ms): Min: 32308.1, Avg: 32308.4, Max: 32309.1, Diff: 1.0]
   [Code Root Fixup: 0.0 ms]
   [Code Root Purge: 0.0 ms]
   [Clear CT: 3.5 ms]
   [Other: 5.0 ms]
      [Choose CSet: 0.0 ms]
      [Ref Proc: 4.0 ms]
      [Ref Enq: 0.0 ms]
      [Redirty Cards: 0.8 ms]
      [Humongous Register: 0.0 ms]
      [Humongous Reclaim: 0.0 ms]
      [Free CSet: 0.0 ms]
   [Eden: 10240.0K(10240.0K)->0.0B(8192.0K) Survivors: 2048.0K->2048.0K Heap: 49660.6K(65536.0K)->42454.6K(65536.0K)]
 [Times: user=0.15 sys=0.00, real=0.02 secs] 
2026-06-17T09:49:10.119+0800: 32.320: [GC concurrent-root-region-scan-start]
2026-06-17T09:49:10.119+0800: 32.320: [GC concurrent-root-region-scan-end, 0.0003184 secs]
2026-06-17T09:49:10.119+0800: 32.320: [GC concurrent-mark-start]
2026-06-17T09:49:10.119+0800: 32.321: [GC concurrent-mark-end, 0.0005884 secs]
2026-06-17T09:49:10.120+0800: 32.321: [GC remark 2026-06-17T09:49:10.120+0800: 32.321: [Finalize Marking, 0.0098958 secs] 2026-06-17T09:49:10.130+0800: 32.332: [GC ref-proc, 0.0005658 secs] 2026-06-17T09:49:10.131+0800: 32.333: [Unloading, 0.0015957 secs], 0.0145220 secs]
 [Times: user=0.11 sys=0.01, real=0.02 secs] 
2026-06-17T09:49:10.135+0800: 32.337: [GC cleanup 45394K->38226K(65536K), 0.0029193 secs]
 [Times: user=0.00 sys=0.00, real=0.00 secs] 
2026-06-17T09:49:10.139+0800: 32.341: [GC concurrent-cleanup-start]
2026-06-17T09:49:10.139+0800: 32.341: [GC concurrent-cleanup-end, 0.0000080 secs]
2026-06-17T09:49:10.150+0800: 32.351: [GC pause (G1 Evacuation Pause) (young), 0.0138630 secs]
   [Parallel Time: 7.8 ms, GC Workers: 18]
      [GC Worker Start (ms): Min: 32351.2, Avg: 32352.9, Max: 32356.6, Diff: 5.4]
      [Ext Root Scanning (ms): Min: 0.0, Avg: 0.0, Max: 0.2, Diff: 0.2, Sum: 0.5]
      [Update RS (ms): Min: 0.0, Avg: 0.0, Max: 0.0, Diff: 0.0, Sum: 0.0]
         [Processed Buffers: Min: 0, Avg: 0.2, Max: 1, Diff: 1, Sum: 3]
      [Scan RS (ms): Min: 0.0, Avg: 0.0, Max: 0.0, Diff: 0.0, Sum: 0.0]
      [Code Root Scanning (ms): Min: 0.0, Avg: 0.0, Max: 0.0, Diff: 0.0, Sum: 0.0]
      [Object Copy (ms): Min: 0.0, Avg: 0.1, Max: 0.3, Diff: 0.3, Sum: 1.2]
      [Termination (ms): Min: 0.0, Avg: 3.8, Max: 5.7, Diff: 5.7, Sum: 68.7]
         [Termination Attempts: Min: 1, Avg: 1.0, Max: 1, Diff: 0, Sum: 18]
      [GC Worker Other (ms): Min: 0.0, Avg: 0.0, Max: 0.0, Diff: 0.0, Sum: 0.2]
      [GC Worker Total (ms): Min: 0.0, Avg: 3.9, Max: 5.9, Diff: 5.8, Sum: 70.7]
      [GC Worker End (ms): Min: 32356.6, Avg: 32356.8, Max: 32357.4, Diff: 0.8]
   [Code Root Fixup: 0.0 ms]
   [Code Root Purge: 0.0 ms]
   [Clear CT: 1.4 ms]
   [Other: 4.6 ms]
      [Choose CSet: 0.0 ms]
      [Ref Proc: 3.8 ms]
      [Ref Enq: 0.0 ms]
      [Redirty Cards: 0.7 ms]
      [Humongous Register: 0.0 ms]
      [Humongous Reclaim: 0.0 ms]
      [Free CSet: 0.0 ms]
   [Eden: 8192.0K(8192.0K)->0.0B(1024.0K) Survivors: 2048.0K->2048.0K Heap: 43478.6K(65536.0K)->40342.6K(65536.0K)]
 [Times: user=0.11 sys=0.00, real=0.02 secs] 
2026-06-17T09:49:10.165+0800: 32.366: [GC pause (G1 Evacuation Pause) (mixed), 0.0063646 secs]
   [Parallel Time: 3.3 ms, GC Workers: 18]
      [GC Worker Start (ms): Min: 32366.3, Avg: 32367.1, Max: 32368.1, Diff: 1.8]
      [Ext Root Scanning (ms): Min: 0.0, Avg: 0.0, Max: 0.2, Diff: 0.2, Sum: 0.4]
      [Update RS (ms): Min: 0.0, Avg: 0.0, Max: 0.0, Diff: 0.0, Sum: 0.0]
         [Processed Buffers: Min: 0, Avg: 0.2, Max: 1, Diff: 1, Sum: 4]
      [Scan RS (ms): Min: 0.0, Avg: 0.0, Max: 0.0, Diff: 0.0, Sum: 0.0]
      [Code Root Scanning (ms): Min: 0.0, Avg: 0.0, Max: 0.0, Diff: 0.0, Sum: 0.0]
      [Object Copy (ms): Min: 0.0, Avg: 0.1, Max: 0.2, Diff: 0.2, Sum: 1.0]
      [Termination (ms): Min: 0.0, Avg: 1.0, Max: 2.0, Diff: 2.0, Sum: 18.7]
         [Termination Attempts: Min: 1, Avg: 1.0, Max: 1, Diff: 0, Sum: 18]
      [GC Worker Other (ms): Min: 0.0, Avg: 0.0, Max: 0.0, Diff: 0.0, Sum: 0.1]
      [GC Worker Total (ms): Min: 0.0, Avg: 1.1, Max: 2.2, Diff: 2.2, Sum: 20.4]
      [GC Worker End (ms): Min: 32368.1, Avg: 32368.3, Max: 32368.7, Diff: 0.6]
   [Code Root Fixup: 0.0 ms]
   [Code Root Purge: 0.0 ms]
   [Clear CT: 1.1 ms]
   [Other: 2.0 ms]
      [Choose CSet: 0.0 ms]
      [Ref Proc: 1.4 ms]
      [Ref Enq: 0.0 ms]
      [Redirty Cards: 0.5 ms]
      [Humongous Register: 0.0 ms]
      [Humongous Reclaim: 0.0 ms]
      [Free CSet: 0.0 ms]
   [Eden: 1024.0K(1024.0K)->0.0B(2048.0K) Survivors: 2048.0K->1024.0K Heap: 41366.6K(65536.0K)->38424.0K(65536.0K)]
 [Times: user=0.03 sys=0.01, real=0.01 secs] 
2026-06-17T09:49:10.183+0800: 32.384: [GC pause (G1 Evacuation Pause) (mixed), 0.0136198 secs]
   [Parallel Time: 9.8 ms, GC Workers: 18]
      [GC Worker Start (ms): Min: 32384.3, Avg: 32386.2, Max: 32392.3, Diff: 8.0]
      [Ext Root Scanning (ms): Min: 0.0, Avg: 0.0, Max: 0.2, Diff: 0.2, Sum: 0.5]
      [Update RS (ms): Min: 0.0, Avg: 0.0, Max: 0.0, Diff: 0.0, Sum: 0.1]
         [Processed Buffers: Min: 0, Avg: 0.3, Max: 3, Diff: 3, Sum: 6]
      [Scan RS (ms): Min: 0.0, Avg: 0.0, Max: 0.0, Diff: 0.0, Sum: 0.1]
      [Code Root Scanning (ms): Min: 0.0, Avg: 0.0, Max: 0.0, Diff: 0.0, Sum: 0.0]
      [Object Copy (ms): Min: 0.0, Avg: 0.1, Max: 0.3, Diff: 0.3, Sum: 1.1]
      [Termination (ms): Min: 0.0, Avg: 6.1, Max: 7.8, Diff: 7.8, Sum: 110.4]
         [Termination Attempts: Min: 1, Avg: 1.0, Max: 1, Diff: 0, Sum: 18]
      [GC Worker Other (ms): Min: 0.0, Avg: 0.0, Max: 0.0, Diff: 0.0, Sum: 0.2]
      [GC Worker Total (ms): Min: 0.0, Avg: 6.2, Max: 8.3, Diff: 8.2, Sum: 112.5]
      [GC Worker End (ms): Min: 32392.3, Avg: 32392.5, Max: 32393.1, Diff: 0.8]
   [Code Root Fixup: 0.0 ms]
   [Code Root Purge: 0.0 ms]
   [Clear CT: 0.7 ms]
   [Other: 3.2 ms]
      [Choose CSet: 0.0 ms]
      [Ref Proc: 2.5 ms]
      [Ref Enq: 0.0 ms]
      [Redirty Cards: 0.6 ms]
      [Humongous Register: 0.0 ms]
      [Humongous Reclaim: 0.0 ms]
      [Free CSet: 0.0 ms]
   [Eden: 2048.0K(2048.0K)->0.0B(2048.0K) Survivors: 1024.0K->1024.0K Heap: 41597.0K(65536.0K)->38954.6K(65536.0K)]
 [Times: user=0.13 sys=0.00, real=0.01 secs] 
2026-06-17T09:49:10.198+0800: 32.400: [GC pause (G1 Evacuation Pause) (mixed), 0.0100342 secs]
   [Parallel Time: 4.8 ms, GC Workers: 18]
      [GC Worker Start (ms): Min: 32399.6, Avg: 32400.5, Max: 32402.6, Diff: 3.1]
      [Ext Root Scanning (ms): Min: 0.0, Avg: 0.0, Max: 0.3, Diff: 0.2, Sum: 0.6]
      [Update RS (ms): Min: 0.0, Avg: 0.0, Max: 0.1, Diff: 0.1, Sum: 0.1]
         [Processed Buffers: Min: 0, Avg: 0.3, Max: 2, Diff: 2, Sum: 5]
      [Scan RS (ms): Min: 0.0, Avg: 0.0, Max: 0.0, Diff: 0.0, Sum: 0.1]
      [Code Root Scanning (ms): Min: 0.0, Avg: 0.0, Max: 0.0, Diff: 0.0, Sum: 0.0]
      [Object Copy (ms): Min: 0.0, Avg: 0.0, Max: 0.1, Diff: 0.1, Sum: 0.5]
      [Termination (ms): Min: 0.0, Avg: 2.3, Max: 3.3, Diff: 3.3, Sum: 40.7]
         [Termination Attempts: Min: 1, Avg: 1.0, Max: 1, Diff: 0, Sum: 18]
      [GC Worker Other (ms): Min: 0.0, Avg: 0.0, Max: 0.0, Diff: 0.0, Sum: 0.2]
      [GC Worker Total (ms): Min: 0.0, Avg: 2.3, Max: 3.7, Diff: 3.7, Sum: 42.1]
      [GC Worker End (ms): Min: 32402.7, Avg: 32402.8, Max: 32403.3, Diff: 0.6]
   [Code Root Fixup: 0.0 ms]
   [Code Root Purge: 0.0 ms]
   [Clear CT: 1.0 ms]
   [Other: 4.3 ms]
      [Choose CSet: 0.0 ms]
      [Ref Proc: 3.7 ms]
      [Ref Enq: 0.0 ms]
      [Redirty Cards: 0.5 ms]
      [Humongous Register: 0.0 ms]
      [Humongous Reclaim: 0.0 ms]
      [Free CSet: 0.0 ms]
   [Eden: 2048.0K(2048.0K)->0.0B(8192.0K) Survivors: 1024.0K->1024.0K Heap: 41002.6K(65536.0K)->39350.6K(65536.0K)]
 [Times: user=0.06 sys=0.00, real=0.01 secs] 
2026-06-17T09:49:10.231+0800: 32.432: [GC pause (G1 Evacuation Pause) (young), 0.0172843 secs]
   [Parallel Time: 9.6 ms, GC Workers: 18]
      [GC Worker Start (ms): Min: 32432.1, Avg: 32434.1, Max: 32440.3, Diff: 8.2]
      [Ext Root Scanning (ms): Min: 0.0, Avg: 0.1, Max: 0.4, Diff: 0.4, Sum: 1.1]
      [Update RS (ms): Min: 0.0, Avg: 0.0, Max: 0.1, Diff: 0.1, Sum: 0.4]
         [Processed Buffers: Min: 0, Avg: 0.4, Max: 3, Diff: 3, Sum: 7]
      [Scan RS (ms): Min: 0.0, Avg: 0.0, Max: 0.0, Diff: 0.0, Sum: 0.0]
      [Code Root Scanning (ms): Min: 0.0, Avg: 0.0, Max: 0.0, Diff: 0.0, Sum: 0.0]
      [Object Copy (ms): Min: 0.0, Avg: 0.1, Max: 0.3, Diff: 0.3, Sum: 1.1]
      [Termination (ms): Min: 0.0, Avg: 6.3, Max: 8.3, Diff: 8.3, Sum: 114.0]
         [Termination Attempts: Min: 1, Avg: 1.0, Max: 1, Diff: 0, Sum: 18]
      [GC Worker Other (ms): Min: 0.0, Avg: 0.0, Max: 0.1, Diff: 0.1, Sum: 0.3]
      [GC Worker Total (ms): Min: 0.0, Avg: 6.5, Max: 8.8, Diff: 8.8, Sum: 116.9]
      [GC Worker End (ms): Min: 32440.3, Avg: 32440.6, Max: 32441.2, Diff: 0.9]
   [Code Root Fixup: 0.0 ms]
   [Code Root Purge: 0.0 ms]
   [Clear CT: 1.4 ms]
   [Other: 6.3 ms]
      [Choose CSet: 0.0 ms]
      [Ref Proc: 5.4 ms]
      [Ref Enq: 0.0 ms]
      [Redirty Cards: 0.9 ms]
      [Humongous Register: 0.0 ms]
      [Humongous Reclaim: 0.0 ms]
      [Free CSet: 0.0 ms]
   [Eden: 8192.0K(8192.0K)->0.0B(6144.0K) Survivors: 1024.0K->2048.0K Heap: 47542.6K(65536.0K)->43574.6K(65536.0K)]
 [Times: user=0.16 sys=0.00, real=0.01 secs] 
2026-06-17T09:49:10.260+0800: 32.461: [GC pause (G1 Evacuation Pause) (young) (initial-mark), 0.0166029 secs]
   [Parallel Time: 9.9 ms, GC Workers: 18]
      [GC Worker Start (ms): Min: 32461.2, Avg: 32461.8, Max: 32462.3, Diff: 1.1]
      [Ext Root Scanning (ms): Min: 0.0, Avg: 2.2, Max: 6.7, Diff: 6.7, Sum: 40.1]
      [Update RS (ms): Min: 0.0, Avg: 0.0, Max: 0.0, Diff: 0.0, Sum: 0.1]
         [Processed Buffers: Min: 0, Avg: 0.2, Max: 4, Diff: 4, Sum: 4]
      [Scan RS (ms): Min: 0.0, Avg: 0.0, Max: 0.0, Diff: 0.0, Sum: 0.0]
      [Code Root Scanning (ms): Min: 0.0, Avg: 0.0, Max: 0.0, Diff: 0.0, Sum: 0.0]
      [Object Copy (ms): Min: 0.0, Avg: 0.1, Max: 0.3, Diff: 0.3, Sum: 0.9]
      [Termination (ms): Min: 0.0, Avg: 5.0, Max: 6.6, Diff: 6.6, Sum: 90.0]
         [Termination Attempts: Min: 1, Avg: 1.2, Max: 2, Diff: 1, Sum: 21]
      [GC Worker Other (ms): Min: 0.0, Avg: 0.0, Max: 0.0, Diff: 0.0, Sum: 0.2]
      [GC Worker Total (ms): Min: 6.7, Avg: 7.3, Max: 8.0, Diff: 1.3, Sum: 131.3]
      [GC Worker End (ms): Min: 32468.9, Avg: 32469.1, Max: 32469.7, Diff: 0.7]
   [Code Root Fixup: 0.0 ms]
   [Code Root Purge: 0.0 ms]
   [Clear CT: 1.1 ms]
   [Other: 5.6 ms]
      [Choose CSet: 0.0 ms]
      [Ref Proc: 4.8 ms]
      [Ref Enq: 0.0 ms]
      [Redirty Cards: 0.7 ms]
      [Humongous Register: 0.0 ms]
      [Humongous Reclaim: 0.0 ms]
      [Free CSet: 0.0 ms]
   [Eden: 6144.0K(6144.0K)->0.0B(4096.0K) Survivors: 2048.0K->1024.0K Heap: 49718.6K(65536.0K)->46491.6K(65536.0K)]
 [Times: user=0.13 sys=0.01, real=0.02 secs] 
2026-06-17T09:49:10.277+0800: 32.479: [GC concurrent-root-region-scan-start]
2026-06-17T09:49:10.278+0800: 32.479: [GC concurrent-root-region-scan-end, 0.0002531 secs]
2026-06-17T09:49:10.278+0800: 32.479: [GC concurrent-mark-start]
2026-06-17T09:49:10.278+0800: 32.479: [GC concurrent-mark-end, 0.0004913 secs]
2026-06-17T09:49:10.278+0800: 32.480: [GC remark 2026-06-17T09:49:10.279+0800: 32.480: [Finalize Marking, 0.0113932 secs] 2026-06-17T09:49:10.291+0800: 32.492: [GC ref-proc, 0.0005776 secs] 2026-06-17T09:49:10.292+0800: 32.493: [Unloading, 0.0016203 secs], 0.0162729 secs]
 [Times: user=0.14 sys=0.00, real=0.02 secs] 
2026-06-17T09:49:10.296+0800: 32.497: [GC cleanup 47512K->45464K(65536K), 0.0029503 secs]
 [Times: user=0.01 sys=0.00, real=0.00 secs] 
2026-06-17T09:49:10.300+0800: 32.501: [GC concurrent-cleanup-start]
2026-06-17T09:49:10.300+0800: 32.501: [GC concurrent-cleanup-end, 0.0000071 secs]
2026-06-17T09:49:10.300+0800: 32.501: [GC pause (G1 Evacuation Pause) (young), 0.0099180 secs]
   [Parallel Time: 6.3 ms, GC Workers: 18]
      [GC Worker Start (ms): Min: 32501.4, Avg: 32502.9, Max: 32506.7, Diff: 5.3]
      [Ext Root Scanning (ms): Min: 0.0, Avg: 0.0, Max: 0.1, Diff: 0.1, Sum: 0.3]
      [Update RS (ms): Min: 0.0, Avg: 0.0, Max: 0.0, Diff: 0.0, Sum: 0.0]
         [Processed Buffers: Min: 0, Avg: 0.2, Max: 2, Diff: 2, Sum: 3]
      [Scan RS (ms): Min: 0.0, Avg: 0.0, Max: 0.0, Diff: 0.0, Sum: 0.0]
      [Code Root Scanning (ms): Min: 0.0, Avg: 0.0, Max: 0.0, Diff: 0.0, Sum: 0.0]
      [Object Copy (ms): Min: 0.0, Avg: 0.0, Max: 0.0, Diff: 0.0, Sum: 0.1]
      [Termination (ms): Min: 0.0, Avg: 4.0, Max: 5.5, Diff: 5.5, Sum: 71.4]
         [Termination Attempts: Min: 1, Avg: 1.1, Max: 2, Diff: 1, Sum: 19]
      [GC Worker Other (ms): Min: 0.0, Avg: 0.0, Max: 0.0, Diff: 0.0, Sum: 0.1]
      [GC Worker Total (ms): Min: 0.0, Avg: 4.0, Max: 5.6, Diff: 5.6, Sum: 71.9]
      [GC Worker End (ms): Min: 32506.7, Avg: 32506.9, Max: 32507.0, Diff: 0.3]
   [Code Root Fixup: 0.0 ms]
   [Code Root Purge: 0.0 ms]
   [Clear CT: 0.9 ms]
   [Other: 2.7 ms]
      [Choose CSet: 0.0 ms]
      [Ref Proc: 2.2 ms]
      [Ref Enq: 0.0 ms]
      [Redirty Cards: 0.5 ms]
      [Humongous Register: 0.0 ms]
      [Humongous Reclaim: 0.0 ms]
      [Free CSet: 0.0 ms]
   [Eden: 4096.0K(4096.0K)->0.0B(2048.0K) Survivors: 1024.0K->1024.0K Heap: 48539.6K(65536.0K)->43928.7K(65536.0K)]
 [Times: user=0.08 sys=0.00, real=0.02 secs] 
2026-06-17T09:49:10.321+0800: 32.523: [GC pause (G1 Evacuation Pause) (mixed), 0.0127450 secs]
   [Parallel Time: 9.3 ms, GC Workers: 18]
      [GC Worker Start (ms): Min: 32522.6, Avg: 32524.2, Max: 32529.9, Diff: 7.3]
      [Ext Root Scanning (ms): Min: 0.0, Avg: 0.0, Max: 0.2, Diff: 0.2, Sum: 0.4]
      [Update RS (ms): Min: 0.0, Avg: 0.0, Max: 0.0, Diff: 0.0, Sum: 0.0]
         [Processed Buffers: Min: 0, Avg: 0.1, Max: 1, Diff: 1, Sum: 2]
      [Scan RS (ms): Min: 0.0, Avg: 0.0, Max: 0.0, Diff: 0.0, Sum: 0.0]
      [Code Root Scanning (ms): Min: 0.0, Avg: 0.0, Max: 0.0, Diff: 0.0, Sum: 0.0]
      [Object Copy (ms): Min: 0.0, Avg: 0.0, Max: 0.2, Diff: 0.2, Sum: 0.6]
      [Termination (ms): Min: 0.0, Avg: 5.9, Max: 7.5, Diff: 7.5, Sum: 105.3]
         [Termination Attempts: Min: 1, Avg: 1.0, Max: 1, Diff: 0, Sum: 18]
      [GC Worker Other (ms): Min: 0.0, Avg: 0.0, Max: 0.0, Diff: 0.0, Sum: 0.2]
      [GC Worker Total (ms): Min: 0.0, Avg: 5.9, Max: 7.7, Diff: 7.6, Sum: 106.6]
      [GC Worker End (ms): Min: 32529.9, Avg: 32530.1, Max: 32530.7, Diff: 0.8]
   [Code Root Fixup: 0.0 ms]
   [Code Root Purge: 0.0 ms]
   [Clear CT: 1.0 ms]
   [Other: 2.4 ms]
      [Choose CSet: 0.0 ms]
      [Ref Proc: 1.9 ms]
      [Ref Enq: 0.0 ms]
      [Redirty Cards: 0.5 ms]
      [Humongous Register: 0.0 ms]
      [Humongous Reclaim: 0.0 ms]
      [Free CSet: 0.0 ms]
   [Eden: 2048.0K(2048.0K)->0.0B(2048.0K) Survivors: 1024.0K->1024.0K Heap: 45976.7K(65536.0K)->41470.6K(65536.0K)]
 [Times: user=0.12 sys=0.01, real=0.02 secs] 
2026-06-17T09:49:10.335+0800: 32.536: [GC pause (G1 Evacuation Pause) (mixed), 0.0084657 secs]
   [Parallel Time: 3.3 ms, GC Workers: 18]
      [GC Worker Start (ms): Min: 32536.5, Avg: 32537.4, Max: 32538.2, Diff: 1.6]
      [Ext Root Scanning (ms): Min: 0.0, Avg: 0.0, Max: 0.1, Diff: 0.1, Sum: 0.3]
      [Update RS (ms): Min: 0.0, Avg: 0.0, Max: 0.0, Diff: 0.0, Sum: 0.0]
         [Processed Buffers: Min: 0, Avg: 0.2, Max: 2, Diff: 2, Sum: 4]
      [Scan RS (ms): Min: 0.0, Avg: 0.0, Max: 0.0, Diff: 0.0, Sum: 0.0]
      [Code Root Scanning (ms): Min: 0.0, Avg: 0.0, Max: 0.0, Diff: 0.0, Sum: 0.0]
      [Object Copy (ms): Min: 0.0, Avg: 0.1, Max: 0.3, Diff: 0.3, Sum: 0.9]
      [Termination (ms): Min: 0.0, Avg: 0.9, Max: 2.0, Diff: 2.0, Sum: 15.5]
         [Termination Attempts: Min: 1, Avg: 1.0, Max: 1, Diff: 0, Sum: 18]
      [GC Worker Other (ms): Min: 0.0, Avg: 0.0, Max: 0.0, Diff: 0.0, Sum: 0.1]
      [GC Worker Total (ms): Min: 0.0, Avg: 0.9, Max: 2.1, Diff: 2.1, Sum: 16.9]
      [GC Worker End (ms): Min: 32538.2, Avg: 32538.3, Max: 32538.9, Diff: 0.7]
   [Code Root Fixup: 0.0 ms]
   [Code Root Purge: 0.0 ms]
   [Clear CT: 1.6 ms]
   [Other: 3.5 ms]
      [Choose CSet: 0.0 ms]
      [Ref Proc: 2.2 ms]
      [Ref Enq: 0.0 ms]
      [Redirty Cards: 1.3 ms]
      [Humongous Register: 0.0 ms]
      [Humongous Reclaim: 0.0 ms]
      [Free CSet: 0.0 ms]
   [Eden: 2048.0K(2048.0K)->0.0B(2048.0K) Survivors: 1024.0K->1024.0K Heap: 43518.6K(65536.0K)->41182.6K(65536.0K)]
 [Times: user=0.04 sys=0.00, real=0.01 secs] 
2026-06-17T09:49:10.355+0800: 32.557: [GC pause (G1 Evacuation Pause) (mixed), 0.0127596 secs]
   [Parallel Time: 8.3 ms, GC Workers: 18]
      [GC Worker Start (ms): Min: 32556.7, Avg: 32558.5, Max: 32564.2, Diff: 7.5]
      [Ext Root Scanning (ms): Min: 0.0, Avg: 0.0, Max: 0.2, Diff: 0.2, Sum: 0.4]
      [Update RS (ms): Min: 0.0, Avg: 0.0, Max: 0.0, Diff: 0.0, Sum: 0.1]
         [Processed Buffers: Min: 0, Avg: 0.2, Max: 2, Diff: 2, Sum: 4]
      [Scan RS (ms): Min: 0.0, Avg: 0.0, Max: 0.0, Diff: 0.0, Sum: 0.0]
      [Code Root Scanning (ms): Min: 0.0, Avg: 0.0, Max: 0.0, Diff: 0.0, Sum: 0.0]
      [Object Copy (ms): Min: 0.0, Avg: 0.1, Max: 0.3, Diff: 0.3, Sum: 1.2]
      [Termination (ms): Min: 0.0, Avg: 5.7, Max: 7.3, Diff: 7.3, Sum: 102.7]
         [Termination Attempts: Min: 1, Avg: 1.0, Max: 1, Diff: 0, Sum: 18]
      [GC Worker Other (ms): Min: 0.0, Avg: 0.0, Max: 0.0, Diff: 0.0, Sum: 0.1]
      [GC Worker Total (ms): Min: 0.0, Avg: 5.8, Max: 7.8, Diff: 7.8, Sum: 104.6]
      [GC Worker End (ms): Min: 32564.2, Avg: 32564.3, Max: 32564.6, Diff: 0.4]
   [Code Root Fixup: 0.0 ms]
   [Code Root Purge: 0.0 ms]
   [Clear CT: 1.0 ms]
   [Other: 3.4 ms]
      [Choose CSet: 0.0 ms]
      [Ref Proc: 2.6 ms]
      [Ref Enq: 0.0 ms]
      [Redirty Cards: 0.8 ms]
      [Humongous Register: 0.0 ms]
      [Humongous Reclaim: 0.0 ms]
      [Free CSet: 0.0 ms]
   [Eden: 2048.0K(2048.0K)->0.0B(2048.0K) Survivors: 1024.0K->1024.0K Heap: 43230.6K(65536.0K)->41703.6K(65536.0K)]
 [Times: user=0.13 sys=0.00, real=0.01 secs] 
2026-06-17T09:49:10.369+0800: 32.571: [GC pause (G1 Evacuation Pause) (mixed), 0.0070477 secs]
   [Parallel Time: 3.0 ms, GC Workers: 18]
      [GC Worker Start (ms): Min: 32570.8, Avg: 32571.8, Max: 32573.1, Diff: 2.4]
      [Ext Root Scanning (ms): Min: 0.0, Avg: 0.0, Max: 0.1, Diff: 0.1, Sum: 0.4]
      [Update RS (ms): Min: 0.0, Avg: 0.0, Max: 0.0, Diff: 0.0, Sum: 0.1]
         [Processed Buffers: Min: 0, Avg: 0.2, Max: 2, Diff: 2, Sum: 4]
      [Scan RS (ms): Min: 0.0, Avg: 0.0, Max: 0.0, Diff: 0.0, Sum: 0.1]
      [Code Root Scanning (ms): Min: 0.0, Avg: 0.0, Max: 0.0, Diff: 0.0, Sum: 0.0]
      [Object Copy (ms): Min: 0.0, Avg: 0.0, Max: 0.1, Diff: 0.1, Sum: 0.4]
      [Termination (ms): Min: 0.0, Avg: 1.3, Max: 2.2, Diff: 2.2, Sum: 23.7]
         [Termination Attempts: Min: 1, Avg: 1.0, Max: 1, Diff: 0, Sum: 18]
      [GC Worker Other (ms): Min: 0.0, Avg: 0.0, Max: 0.0, Diff: 0.0, Sum: 0.1]
      [GC Worker Total (ms): Min: 0.0, Avg: 1.4, Max: 2.5, Diff: 2.5, Sum: 24.7]
      [GC Worker End (ms): Min: 32573.1, Avg: 32573.2, Max: 32573.3, Diff: 0.2]
   [Code Root Fixup: 0.0 ms]
   [Code Root Purge: 0.0 ms]
   [Clear CT: 0.8 ms]
   [Other: 3.3 ms]
      [Choose CSet: 0.0 ms]
      [Ref Proc: 2.5 ms]
      [Ref Enq: 0.0 ms]
      [Redirty Cards: 0.7 ms]
      [Humongous Register: 0.0 ms]
      [Humongous Reclaim: 0.0 ms]
      [Free CSet: 0.0 ms]
   [Eden: 2048.0K(2048.0K)->0.0B(7168.0K) Survivors: 1024.0K->1024.0K Heap: 43751.6K(65536.0K)->42770.6K(65536.0K)]
 [Times: user=0.05 sys=0.00, real=0.01 secs] 
2026-06-17T09:49:10.398+0800: 32.600: [GC pause (G1 Evacuation Pause) (young), 0.0164721 secs]
   [Parallel Time: 10.5 ms, GC Workers: 18]
      [GC Worker Start (ms): Min: 32599.8, Avg: 32601.7, Max: 32608.5, Diff: 8.7]
      [Ext Root Scanning (ms): Min: 0.0, Avg: 0.0, Max: 0.3, Diff: 0.2, Sum: 0.6]
      [Update RS (ms): Min: 0.0, Avg: 0.0, Max: 0.1, Diff: 0.1, Sum: 0.1]
         [Processed Buffers: Min: 0, Avg: 0.3, Max: 2, Diff: 2, Sum: 5]
      [Scan RS (ms): Min: 0.0, Avg: 0.0, Max: 0.0, Diff: 0.0, Sum: 0.0]
      [Code Root Scanning (ms): Min: 0.0, Avg: 0.0, Max: 0.0, Diff: 0.0, Sum: 0.0]
      [Object Copy (ms): Min: 0.0, Avg: 0.0, Max: 0.2, Diff: 0.2, Sum: 0.6]
      [Termination (ms): Min: 0.0, Avg: 7.0, Max: 8.9, Diff: 8.9, Sum: 125.6]
         [Termination Attempts: Min: 1, Avg: 1.0, Max: 1, Diff: 0, Sum: 18]
      [GC Worker Other (ms): Min: 0.0, Avg: 0.0, Max: 0.2, Diff: 0.2, Sum: 0.4]
      [GC Worker Total (ms): Min: 0.0, Avg: 7.1, Max: 9.3, Diff: 9.3, Sum: 127.4]
      [GC Worker End (ms): Min: 32608.5, Avg: 32608.7, Max: 32609.1, Diff: 0.6]
   [Code Root Fixup: 0.0 ms]
   [Code Root Purge: 0.0 ms]
   [Clear CT: 1.0 ms]
   [Other: 5.0 ms]
      [Choose CSet: 0.0 ms]
      [Ref Proc: 4.2 ms]
      [Ref Enq: 0.0 ms]
      [Redirty Cards: 0.7 ms]
      [Humongous Register: 0.0 ms]
      [Humongous Reclaim: 0.0 ms]
      [Free CSet: 0.0 ms]
   [Eden: 7168.0K(7168.0K)->0.0B(5120.0K) Survivors: 1024.0K->1024.0K Heap: 49938.6K(65536.0K)->45837.6K(65536.0K)]
 [Times: user=0.17 sys=0.00, real=0.02 secs] 
2026-06-17T09:49:10.426+0800: 32.628: [GC pause (G1 Evacuation Pause) (young) (initial-mark), 0.0145769 secs]
   [Parallel Time: 9.5 ms, GC Workers: 18]
      [GC Worker Start (ms): Min: 32627.8, Avg: 32628.3, Max: 32628.6, Diff: 0.8]
      [Ext Root Scanning (ms): Min: 0.0, Avg: 2.2, Max: 6.6, Diff: 6.5, Sum: 39.8]
      [Update RS (ms): Min: 0.0, Avg: 0.0, Max: 0.0, Diff: 0.0, Sum: 0.0]
         [Processed Buffers: Min: 0, Avg: 0.2, Max: 3, Diff: 3, Sum: 3]
      [Scan RS (ms): Min: 0.0, Avg: 0.0, Max: 0.0, Diff: 0.0, Sum: 0.0]
      [Code Root Scanning (ms): Min: 0.0, Avg: 0.0, Max: 0.0, Diff: 0.0, Sum: 0.0]
      [Object Copy (ms): Min: 0.0, Avg: 0.0, Max: 0.2, Diff: 0.2, Sum: 0.4]
      [Termination (ms): Min: 0.0, Avg: 5.0, Max: 7.3, Diff: 7.3, Sum: 89.2]
         [Termination Attempts: Min: 1, Avg: 1.0, Max: 1, Diff: 0, Sum: 18]
      [GC Worker Other (ms): Min: 0.0, Avg: 0.0, Max: 0.0, Diff: 0.0, Sum: 0.2]
      [GC Worker Total (ms): Min: 6.6, Avg: 7.2, Max: 8.0, Diff: 1.5, Sum: 129.7]
      [GC Worker End (ms): Min: 32635.2, Avg: 32635.5, Max: 32636.2, Diff: 1.0]
   [Code Root Fixup: 0.0 ms]
   [Code Root Purge: 0.0 ms]
   [Clear CT: 1.3 ms]
   [Other: 3.7 ms]
      [Choose CSet: 0.0 ms]
      [Ref Proc: 3.0 ms]
      [Ref Enq: 0.0 ms]
      [Redirty Cards: 0.7 ms]
      [Humongous Register: 0.0 ms]
      [Humongous Reclaim: 0.0 ms]
      [Free CSet: 0.0 ms]
   [Eden: 5120.0K(5120.0K)->0.0B(3072.0K) Survivors: 1024.0K->1024.0K Heap: 50957.6K(65536.0K)->47658.6K(65536.0K)]
 [Times: user=0.11 sys=0.01, real=0.01 secs] 
2026-06-17T09:49:10.442+0800: 32.643: [GC concurrent-root-region-scan-start]
2026-06-17T09:49:10.442+0800: 32.643: [GC concurrent-root-region-scan-end, 0.0002360 secs]
2026-06-17T09:49:10.442+0800: 32.643: [GC concurrent-mark-start]
2026-06-17T09:49:10.443+0800: 32.644: [GC concurrent-mark-end, 0.0004837 secs]
2026-06-17T09:49:10.443+0800: 32.644: [GC remark 2026-06-17T09:49:10.443+0800: 32.644: [Finalize Marking, 0.0055325 secs] 2026-06-17T09:49:10.449+0800: 32.651: [GC ref-proc, 0.0006872 secs] 2026-06-17T09:49:10.451+0800: 32.652: [Unloading, 0.0015002 secs], 0.0103120 secs]
 [Times: user=0.05 sys=0.00, real=0.01 secs] 
2026-06-17T09:49:10.454+0800: 32.655: [GC cleanup 49701K->42533K(65536K), 0.0026677 secs]
 [Times: user=0.00 sys=0.00, real=0.00 secs] 
2026-06-17T09:49:10.458+0800: 32.659: [GC concurrent-cleanup-start]
2026-06-17T09:49:10.458+0800: 32.659: [GC concurrent-cleanup-end, 0.0000109 secs]
2026-06-17T09:49:10.458+0800: 32.659: [GC pause (G1 Evacuation Pause) (young), 0.0149859 secs]
   [Parallel Time: 8.5 ms, GC Workers: 18]
      [GC Worker Start (ms): Min: 32659.4, Avg: 32661.2, Max: 32667.1, Diff: 7.7]
      [Ext Root Scanning (ms): Min: 0.0, Avg: 0.0, Max: 0.2, Diff: 0.2, Sum: 0.4]
      [Update RS (ms): Min: 0.0, Avg: 0.0, Max: 0.0, Diff: 0.0, Sum: 0.0]
         [Processed Buffers: Min: 0, Avg: 0.1, Max: 1, Diff: 1, Sum: 2]
      [Scan RS (ms): Min: 0.0, Avg: 0.0, Max: 0.0, Diff: 0.0, Sum: 0.0]
      [Code Root Scanning (ms): Min: 0.0, Avg: 0.0, Max: 0.0, Diff: 0.0, Sum: 0.0]
      [Object Copy (ms): Min: 0.0, Avg: 0.0, Max: 0.1, Diff: 0.0, Sum: 0.2]
      [Termination (ms): Min: 0.0, Avg: 6.0, Max: 7.7, Diff: 7.7, Sum: 107.7]
         [Termination Attempts: Min: 1, Avg: 1.1, Max: 2, Diff: 1, Sum: 19]
      [GC Worker Other (ms): Min: 0.0, Avg: 0.0, Max: 0.0, Diff: 0.0, Sum: 0.1]
      [GC Worker Total (ms): Min: 0.0, Avg: 6.0, Max: 7.9, Diff: 7.9, Sum: 108.4]
      [GC Worker End (ms): Min: 32667.1, Avg: 32667.2, Max: 32667.4, Diff: 0.3]
   [Code Root Fixup: 0.0 ms]
   [Code Root Purge: 0.0 ms]
   [Clear CT: 1.0 ms]
   [Other: 5.4 ms]
      [Choose CSet: 0.0 ms]
      [Ref Proc: 4.8 ms]
      [Ref Enq: 0.0 ms]
      [Redirty Cards: 0.5 ms]
      [Humongous Register: 0.0 ms]
      [Humongous Reclaim: 0.0 ms]
      [Free CSet: 0.0 ms]
   [Eden: 3072.0K(3072.0K)->0.0B(2048.0K) Survivors: 1024.0K->1024.0K Heap: 43562.6K(65536.0K)->40697.1K(65536.0K)]
 [Times: user=0.16 sys=0.01, real=0.02 secs] 
2026-06-17T09:49:10.475+0800: 32.676: [GC pause (G1 Evacuation Pause) (mixed), 0.0103730 secs]
   [Parallel Time: 3.4 ms, GC Workers: 18]
      [GC Worker Start (ms): Min: 32675.9, Avg: 32676.9, Max: 32678.5, Diff: 2.6]
      [Ext Root Scanning (ms): Min: 0.0, Avg: 0.0, Max: 0.1, Diff: 0.1, Sum: 0.3]
      [Update RS (ms): Min: 0.0, Avg: 0.0, Max: 0.0, Diff: 0.0, Sum: 0.0]
         [Processed Buffers: Min: 0, Avg: 0.1, Max: 1, Diff: 1, Sum: 2]
      [Scan RS (ms): Min: 0.0, Avg: 0.0, Max: 0.0, Diff: 0.0, Sum: 0.0]
      [Code Root Scanning (ms): Min: 0.0, Avg: 0.0, Max: 0.0, Diff: 0.0, Sum: 0.0]
      [Object Copy (ms): Min: 0.0, Avg: 0.0, Max: 0.2, Diff: 0.2, Sum: 0.8]
      [Termination (ms): Min: 0.0, Avg: 1.6, Max: 2.4, Diff: 2.4, Sum: 29.1]
         [Termination Attempts: Min: 1, Avg: 1.0, Max: 1, Diff: 0, Sum: 18]
      [GC Worker Other (ms): Min: 0.0, Avg: 0.0, Max: 0.0, Diff: 0.0, Sum: 0.1]
      [GC Worker Total (ms): Min: 0.0, Avg: 1.7, Max: 2.8, Diff: 2.8, Sum: 30.4]
      [GC Worker End (ms): Min: 32678.5, Avg: 32678.6, Max: 32678.8, Diff: 0.2]
   [Code Root Fixup: 0.0 ms]
   [Code Root Purge: 0.0 ms]
   [Clear CT: 0.8 ms]
   [Other: 6.2 ms]
      [Choose CSet: 0.0 ms]
      [Ref Proc: 5.5 ms]
      [Ref Enq: 0.0 ms]
      [Redirty Cards: 0.7 ms]
      [Humongous Register: 0.0 ms]
      [Humongous Reclaim: 0.0 ms]
      [Free CSet: 0.0 ms]
   [Eden: 2048.0K(2048.0K)->0.0B(2048.0K) Survivors: 1024.0K->1024.0K Heap: 42745.1K(65536.0K)->38706.6K(65536.0K)]
 [Times: user=0.09 sys=0.00, real=0.01 secs] 
2026-06-17T09:49:10.486+0800: 32.687: [GC pause (G1 Evacuation Pause) (mixed), 0.0059648 secs]
   [Parallel Time: 2.6 ms, GC Workers: 18]
      [GC Worker Start (ms): Min: 32687.5, Avg: 32688.3, Max: 32689.5, Diff: 2.0]
      [Ext Root Scanning (ms): Min: 0.0, Avg: 0.0, Max: 0.1, Diff: 0.1, Sum: 0.3]
      [Update RS (ms): Min: 0.0, Avg: 0.0, Max: 0.0, Diff: 0.0, Sum: 0.0]
         [Processed Buffers: Min: 0, Avg: 0.2, Max: 2, Diff: 2, Sum: 4]
      [Scan RS (ms): Min: 0.0, Avg: 0.0, Max: 0.0, Diff: 0.0, Sum: 0.0]
      [Code Root Scanning (ms): Min: 0.0, Avg: 0.0, Max: 0.0, Diff: 0.0, Sum: 0.0]
      [Object Copy (ms): Min: 0.0, Avg: 0.0, Max: 0.2, Diff: 0.2, Sum: 0.7]
      [Termination (ms): Min: 0.0, Avg: 1.1, Max: 1.7, Diff: 1.7, Sum: 20.6]
         [Termination Attempts: Min: 1, Avg: 1.0, Max: 1, Diff: 0, Sum: 18]
      [GC Worker Other (ms): Min: 0.0, Avg: 0.0, Max: 0.0, Diff: 0.0, Sum: 0.1]
      [GC Worker Total (ms): Min: 0.0, Avg: 1.2, Max: 2.1, Diff: 2.1, Sum: 21.8]
      [GC Worker End (ms): Min: 32689.5, Avg: 32689.5, Max: 32689.7, Diff: 0.2]
   [Code Root Fixup: 0.0 ms]
   [Code Root Purge: 0.0 ms]
   [Clear CT: 0.6 ms]
   [Other: 2.7 ms]
      [Choose CSet: 0.0 ms]
      [Ref Proc: 1.9 ms]
      [Ref Enq: 0.0 ms]
      [Redirty Cards: 0.7 ms]
      [Humongous Register: 0.0 ms]
      [Humongous Reclaim: 0.0 ms]
      [Free CSet: 0.0 ms]
   [Eden: 2048.0K(2048.0K)->0.0B(2048.0K) Survivors: 1024.0K->1024.0K Heap: 40754.6K(65536.0K)->36686.6K(65536.0K)]
 [Times: user=0.04 sys=0.01, real=0.01 secs] 
2026-06-17T09:49:10.504+0800: 32.705: [GC pause (G1 Evacuation Pause) (mixed), 0.0130468 secs]
   [Parallel Time: 8.9 ms, GC Workers: 18]
      [GC Worker Start (ms): Min: 32704.8, Avg: 32706.8, Max: 32712.4, Diff: 7.6]
      [Ext Root Scanning (ms): Min: 0.0, Avg: 0.0, Max: 0.1, Diff: 0.1, Sum: 0.4]
      [Update RS (ms): Min: 0.0, Avg: 0.0, Max: 0.0, Diff: 0.0, Sum: 0.1]
         [Processed Buffers: Min: 0, Avg: 0.2, Max: 2, Diff: 2, Sum: 4]
      [Scan RS (ms): Min: 0.0, Avg: 0.0, Max: 0.0, Diff: 0.0, Sum: 0.1]
      [Code Root Scanning (ms): Min: 0.0, Avg: 0.0, Max: 0.0, Diff: 0.0, Sum: 0.0]
      [Object Copy (ms): Min: 0.0, Avg: 0.0, Max: 0.2, Diff: 0.2, Sum: 0.8]
      [Termination (ms): Min: 0.0, Avg: 5.6, Max: 7.5, Diff: 7.5, Sum: 101.4]
         [Termination Attempts: Min: 1, Avg: 1.0, Max: 1, Diff: 0, Sum: 18]
      [GC Worker Other (ms): Min: 0.0, Avg: 0.0, Max: 0.0, Diff: 0.0, Sum: 0.2]
      [GC Worker Total (ms): Min: 0.0, Avg: 5.7, Max: 7.7, Diff: 7.7, Sum: 102.8]
      [GC Worker End (ms): Min: 32712.4, Avg: 32712.5, Max: 32712.9, Diff: 0.4]
   [Code Root Fixup: 0.0 ms]
   [Code Root Purge: 0.0 ms]
   [Clear CT: 0.9 ms]
   [Other: 3.2 ms]
      [Choose CSet: 0.0 ms]
      [Ref Proc: 2.6 ms]
      [Ref Enq: 0.0 ms]
      [Redirty Cards: 0.5 ms]
      [Humongous Register: 0.0 ms]
      [Humongous Reclaim: 0.0 ms]
      [Free CSet: 0.0 ms]
   [Eden: 2048.0K(2048.0K)->0.0B(2048.0K) Survivors: 1024.0K->1024.0K Heap: 38734.6K(65536.0K)->35424.6K(65536.0K)]
 [Times: user=0.13 sys=0.00, real=0.01 secs] 
2026-06-17T09:49:10.528+0800: 32.729: [GC pause (G1 Evacuation Pause) (mixed), 0.0137727 secs]
   [Parallel Time: 8.2 ms, GC Workers: 18]
      [GC Worker Start (ms): Min: 32729.2, Avg: 32731.3, Max: 32735.3, Diff: 6.1]
      [Ext Root Scanning (ms): Min: 0.0, Avg: 0.0, Max: 0.2, Diff: 0.2, Sum: 0.5]
      [Update RS (ms): Min: 0.0, Avg: 0.0, Max: 0.0, Diff: 0.0, Sum: 0.1]
         [Processed Buffers: Min: 0, Avg: 0.3, Max: 2, Diff: 2, Sum: 5]
      [Scan RS (ms): Min: 0.0, Avg: 0.0, Max: 0.1, Diff: 0.1, Sum: 0.2]
      [Code Root Scanning (ms): Min: 0.0, Avg: 0.0, Max: 0.0, Diff: 0.0, Sum: 0.0]
      [Object Copy (ms): Min: 0.0, Avg: 0.0, Max: 0.1, Diff: 0.1, Sum: 0.3]
      [Termination (ms): Min: 0.0, Avg: 4.3, Max: 6.6, Diff: 6.6, Sum: 77.0]
         [Termination Attempts: Min: 1, Avg: 1.0, Max: 1, Diff: 0, Sum: 18]
      [GC Worker Other (ms): Min: 0.0, Avg: 0.0, Max: 0.0, Diff: 0.0, Sum: 0.2]
      [GC Worker Total (ms): Min: 0.0, Avg: 4.3, Max: 6.7, Diff: 6.6, Sum: 78.3]
      [GC Worker End (ms): Min: 32735.3, Avg: 32735.6, Max: 32736.2, Diff: 0.9]
   [Code Root Fixup: 0.0 ms]
   [Code Root Purge: 0.0 ms]
   [Clear CT: 0.8 ms]
   [Other: 4.8 ms]
      [Choose CSet: 0.0 ms]
      [Ref Proc: 4.2 ms]
      [Ref Enq: 0.0 ms]
      [Redirty Cards: 0.6 ms]
      [Humongous Register: 0.0 ms]
      [Humongous Reclaim: 0.0 ms]
      [Free CSet: 0.0 ms]
   [Eden: 2048.0K(2048.0K)->0.0B(14336.0K) Survivors: 1024.0K->1024.0K Heap: 37472.6K(65536.0K)->33206.2K(65536.0K)]
 [Times: user=0.12 sys=0.00, real=0.01 secs] 
2026-06-17T09:49:10.575+0800: 32.776: [GC pause (G1 Evacuation Pause) (young), 0.0135424 secs]
   [Parallel Time: 6.6 ms, GC Workers: 18]
      [GC Worker Start (ms): Min: 32776.1, Avg: 32777.6, Max: 32780.8, Diff: 4.7]
      [Ext Root Scanning (ms): Min: 0.0, Avg: 0.1, Max: 0.5, Diff: 0.5, Sum: 1.5]
      [Update RS (ms): Min: 0.0, Avg: 0.0, Max: 0.2, Diff: 0.2, Sum: 0.4]
         [Processed Buffers: Min: 0, Avg: 0.2, Max: 1, Diff: 1, Sum: 4]
      [Scan RS (ms): Min: 0.0, Avg: 0.0, Max: 0.0, Diff: 0.0, Sum: 0.1]
      [Code Root Scanning (ms): Min: 0.0, Avg: 0.0, Max: 0.0, Diff: 0.0, Sum: 0.0]
      [Object Copy (ms): Min: 0.0, Avg: 0.0, Max: 0.2, Diff: 0.2, Sum: 0.9]
      [Termination (ms): Min: 0.0, Avg: 3.1, Max: 4.1, Diff: 4.1, Sum: 56.0]
         [Termination Attempts: Min: 1, Avg: 1.0, Max: 1, Diff: 0, Sum: 18]
      [GC Worker Other (ms): Min: 0.0, Avg: 0.0, Max: 0.0, Diff: 0.0, Sum: 0.2]
      [GC Worker Total (ms): Min: 0.0, Avg: 3.3, Max: 4.7, Diff: 4.7, Sum: 59.0]
      [GC Worker End (ms): Min: 32780.8, Avg: 32780.9, Max: 32781.0, Diff: 0.3]
   [Code Root Fixup: 0.0 ms]
   [Code Root Purge: 0.0 ms]
   [Clear CT: 1.5 ms]
   [Other: 5.4 ms]
      [Choose CSet: 0.0 ms]
      [Ref Proc: 4.2 ms]
      [Ref Enq: 0.0 ms]
      [Redirty Cards: 1.1 ms]
      [Humongous Register: 0.0 ms]
      [Humongous Reclaim: 0.0 ms]
      [Free CSet: 0.0 ms]
   [Eden: 14336.0K(14336.0K)->0.0B(12288.0K) Survivors: 1024.0K->2048.0K Heap: 47542.2K(65536.0K)->36460.6K(65536.0K)]
 [Times: user=0.09 sys=0.01, real=0.01 secs] 
2026-06-17T09:49:10.600+0800: 32.802: [GC pause (G1 Humongous Allocation) (young) (initial-mark), 0.0149625 secs]
   [Parallel Time: 8.3 ms, GC Workers: 18]
      [GC Worker Start (ms): Min: 32801.9, Avg: 32802.8, Max: 32803.6, Diff: 1.7]
      [Ext Root Scanning (ms): Min: 0.0, Avg: 2.4, Max: 4.1, Diff: 4.1, Sum: 42.8]
      [Update RS (ms): Min: 0.0, Avg: 0.0, Max: 0.0, Diff: 0.0, Sum: 0.1]
         [Processed Buffers: Min: 0, Avg: 0.2, Max: 3, Diff: 3, Sum: 3]
      [Scan RS (ms): Min: 0.0, Avg: 0.0, Max: 0.0, Diff: 0.0, Sum: 0.0]
      [Code Root Scanning (ms): Min: 0.0, Avg: 0.0, Max: 0.0, Diff: 0.0, Sum: 0.0]
      [Object Copy (ms): Min: 0.0, Avg: 0.0, Max: 0.3, Diff: 0.3, Sum: 0.6]
      [Termination (ms): Min: 0.0, Avg: 2.6, Max: 4.0, Diff: 4.0, Sum: 47.5]
         [Termination Attempts: Min: 1, Avg: 1.0, Max: 1, Diff: 0, Sum: 18]
      [GC Worker Other (ms): Min: 0.0, Avg: 0.0, Max: 0.0, Diff: 0.0, Sum: 0.3]
      [GC Worker Total (ms): Min: 4.1, Avg: 5.1, Max: 6.2, Diff: 2.0, Sum: 91.2]
      [GC Worker End (ms): Min: 32807.7, Avg: 32807.9, Max: 32808.3, Diff: 0.6]
   [Code Root Fixup: 0.0 ms]
   [Code Root Purge: 0.0 ms]
   [Clear CT: 1.6 ms]
   [Other: 5.1 ms]
      [Choose CSet: 0.0 ms]
      [Ref Proc: 4.3 ms]
      [Ref Enq: 0.0 ms]
      [Redirty Cards: 0.8 ms]
      [Humongous Register: 0.0 ms]
      [Humongous Reclaim: 0.0 ms]
      [Free CSet: 0.0 ms]
   [Eden: 8192.0K(12288.0K)->0.0B(12288.0K) Survivors: 2048.0K->2048.0K Heap: 44400.7K(65536.0K)->37797.6K(65536.0K)]
 [Times: user=0.08 sys=0.00, real=0.02 secs] 
2026-06-17T09:49:10.616+0800: 32.818: [GC concurrent-root-region-scan-start]
2026-06-17T09:49:10.617+0800: 32.818: [GC concurrent-root-region-scan-end, 0.0002802 secs]
2026-06-17T09:49:10.617+0800: 32.818: [GC concurrent-mark-start]
2026-06-17T09:49:10.617+0800: 32.819: [GC concurrent-mark-end, 0.0005575 secs]
2026-06-17T09:49:10.617+0800: 32.819: [GC remark 2026-06-17T09:49:10.618+0800: 32.819: [Finalize Marking, 0.0034807 secs] 2026-06-17T09:49:10.622+0800: 32.823: [GC ref-proc, 0.0005627 secs] 2026-06-17T09:49:10.623+0800: 32.824: [Unloading, 0.0014510 secs], 0.0080600 secs]
 [Times: user=0.02 sys=0.00, real=0.01 secs] 
2026-06-17T09:49:10.627+0800: 32.828: [GC cleanup 38968K->38968K(65536K), 0.0028811 secs]
 [Times: user=0.00 sys=0.00, real=0.00 secs] 
2026-06-17T09:49:10.652+0800: 32.853: [GC pause (G1 Evacuation Pause) (young), 0.0124655 secs]
   [Parallel Time: 5.6 ms, GC Workers: 18]
      [GC Worker Start (ms): Min: 32853.0, Avg: 32854.6, Max: 32856.2, Diff: 3.1]
      [Ext Root Scanning (ms): Min: 0.0, Avg: 0.1, Max: 0.4, Diff: 0.4, Sum: 0.9]
      [Update RS (ms): Min: 0.0, Avg: 0.0, Max: 0.0, Diff: 0.0, Sum: 0.1]
         [Processed Buffers: Min: 0, Avg: 0.2, Max: 2, Diff: 2, Sum: 4]
      [Scan RS (ms): Min: 0.0, Avg: 0.0, Max: 0.0, Diff: 0.0, Sum: 0.0]
      [Code Root Scanning (ms): Min: 0.0, Avg: 0.0, Max: 0.0, Diff: 0.0, Sum: 0.0]
      [Object Copy (ms): Min: 0.0, Avg: 0.0, Max: 0.2, Diff: 0.2, Sum: 0.5]
      [Termination (ms): Min: 0.0, Avg: 1.7, Max: 3.3, Diff: 3.3, Sum: 30.5]
         [Termination Attempts: Min: 1, Avg: 1.1, Max: 2, Diff: 1, Sum: 19]
      [GC Worker Other (ms): Min: 0.0, Avg: 0.0, Max: 0.0, Diff: 0.0, Sum: 0.2]
      [GC Worker Total (ms): Min: 0.0, Avg: 1.8, Max: 3.7, Diff: 3.7, Sum: 32.3]
      [GC Worker End (ms): Min: 32856.2, Avg: 32856.4, Max: 32856.8, Diff: 0.6]
   [Code Root Fixup: 0.0 ms]
   [Code Root Purge: 0.0 ms]
   [Clear CT: 2.0 ms]
   [Other: 4.9 ms]
      [Choose CSet: 0.0 ms]
      [Ref Proc: 3.6 ms]
      [Ref Enq: 0.0 ms]
      [Redirty Cards: 1.1 ms]
      [Humongous Register: 0.0 ms]
      [Humongous Reclaim: 0.0 ms]
      [Free CSet: 0.0 ms]
   [Eden: 12288.0K(12288.0K)->0.0B(1024.0K) Survivors: 2048.0K->2048.0K Heap: 51256.6K(65536.0K)->39941.6K(65536.0K)]
 [Times: user=0.07 sys=0.01, real=0.01 secs] 
2026-06-17T09:49:10.676+0800: 32.877: [GC pause (G1 Evacuation Pause) (mixed), 0.0171709 secs]
   [Parallel Time: 9.9 ms, GC Workers: 18]
      [GC Worker Start (ms): Min: 32877.3, Avg: 32879.2, Max: 32884.4, Diff: 7.2]
      [Ext Root Scanning (ms): Min: 0.0, Avg: 0.1, Max: 0.4, Diff: 0.4, Sum: 1.0]
      [Update RS (ms): Min: 0.0, Avg: 0.0, Max: 0.0, Diff: 0.0, Sum: 0.1]
         [Processed Buffers: Min: 0, Avg: 0.2, Max: 1, Diff: 1, Sum: 3]
      [Scan RS (ms): Min: 0.0, Avg: 0.0, Max: 0.0, Diff: 0.0, Sum: 0.1]
      [Code Root Scanning (ms): Min: 0.0, Avg: 0.0, Max: 0.0, Diff: 0.0, Sum: 0.0]
      [Object Copy (ms): Min: 0.0, Avg: 0.1, Max: 0.3, Diff: 0.3, Sum: 1.2]
      [Termination (ms): Min: 0.0, Avg: 5.3, Max: 7.3, Diff: 7.3, Sum: 94.8]
         [Termination Attempts: Min: 1, Avg: 1.0, Max: 1, Diff: 0, Sum: 18]
      [GC Worker Other (ms): Min: 0.0, Avg: 0.0, Max: 0.0, Diff: 0.0, Sum: 0.2]
      [GC Worker Total (ms): Min: 0.0, Avg: 5.4, Max: 7.3, Diff: 7.3, Sum: 97.5]
      [GC Worker End (ms): Min: 32884.5, Avg: 32884.7, Max: 32885.6, Diff: 1.1]
   [Code Root Fixup: 0.0 ms]
   [Code Root Purge: 0.0 ms]
   [Clear CT: 1.5 ms]
   [Other: 5.8 ms]
      [Choose CSet: 0.0 ms]
      [Ref Proc: 4.9 ms]
      [Ref Enq: 0.0 ms]
      [Redirty Cards: 0.8 ms]
      [Humongous Register: 0.0 ms]
      [Humongous Reclaim: 0.0 ms]
      [Free CSet: 0.0 ms]
   [Eden: 1024.0K(1024.0K)->0.0B(2048.0K) Survivors: 2048.0K->1024.0K Heap: 40965.6K(65536.0K)->37939.8K(65536.0K)]
 [Times: user=0.13 sys=0.00, real=0.02 secs] 
2026-06-17T09:49:10.694+0800: 32.896: [GC pause (G1 Evacuation Pause) (mixed), 0.0145109 secs]
   [Parallel Time: 4.7 ms, GC Workers: 18]
      [GC Worker Start (ms): Min: 32895.7, Avg: 32896.7, Max: 32898.0, Diff: 2.3]
      [Ext Root Scanning (ms): Min: 0.0, Avg: 0.0, Max: 0.2, Diff: 0.2, Sum: 0.5]
      [Update RS (ms): Min: 0.0, Avg: 0.0, Max: 0.0, Diff: 0.0, Sum: 0.0]
         [Processed Buffers: Min: 0, Avg: 0.3, Max: 3, Diff: 3, Sum: 6]
      [Scan RS (ms): Min: 0.0, Avg: 0.0, Max: 0.0, Diff: 0.0, Sum: 0.0]
      [Code Root Scanning (ms): Min: 0.0, Avg: 0.0, Max: 0.0, Diff: 0.0, Sum: 0.0]
      [Object Copy (ms): Min: 0.0, Avg: 0.1, Max: 0.3, Diff: 0.3, Sum: 1.1]
      [Termination (ms): Min: 0.0, Avg: 1.5, Max: 2.2, Diff: 2.2, Sum: 26.5]
         [Termination Attempts: Min: 1, Avg: 1.0, Max: 1, Diff: 0, Sum: 18]
      [GC Worker Other (ms): Min: 0.0, Avg: 0.0, Max: 0.0, Diff: 0.0, Sum: 0.2]
      [GC Worker Total (ms): Min: 0.0, Avg: 1.6, Max: 2.5, Diff: 2.5, Sum: 28.3]
      [GC Worker End (ms): Min: 32898.0, Avg: 32898.2, Max: 32898.7, Diff: 0.6]
   [Code Root Fixup: 0.0 ms]
   [Code Root Purge: 0.0 ms]
   [Clear CT: 0.8 ms]
   [Other: 9.0 ms]
      [Choose CSet: 0.0 ms]
      [Ref Proc: 8.3 ms]
      [Ref Enq: 0.0 ms]
      [Redirty Cards: 0.6 ms]
      [Humongous Register: 0.0 ms]
      [Humongous Reclaim: 0.0 ms]
      [Free CSet: 0.0 ms]
   [Eden: 2048.0K(2048.0K)->0.0B(2048.0K) Survivors: 1024.0K->1024.0K Heap: 39987.8K(65536.0K)->38004.6K(65536.0K)]
 [Times: user=0.12 sys=0.00, real=0.01 secs] 
2026-06-17T09:49:10.720+0800: 32.922: [GC pause (G1 Evacuation Pause) (mixed), 0.0146465 secs]
   [Parallel Time: 9.6 ms, GC Workers: 18]
      [GC Worker Start (ms): Min: 32921.8, Avg: 32923.9, Max: 32929.3, Diff: 7.5]
      [Ext Root Scanning (ms): Min: 0.0, Avg: 0.0, Max: 0.3, Diff: 0.3, Sum: 0.8]
      [Update RS (ms): Min: 0.0, Avg: 0.0, Max: 0.0, Diff: 0.0, Sum: 0.1]
         [Processed Buffers: Min: 0, Avg: 0.3, Max: 2, Diff: 2, Sum: 6]
      [Scan RS (ms): Min: 0.0, Avg: 0.0, Max: 0.1, Diff: 0.1, Sum: 0.1]
      [Code Root Scanning (ms): Min: 0.0, Avg: 0.0, Max: 0.0, Diff: 0.0, Sum: 0.0]
      [Object Copy (ms): Min: 0.0, Avg: 0.0, Max: 0.2, Diff: 0.2, Sum: 0.8]
      [Termination (ms): Min: 0.0, Avg: 5.5, Max: 7.6, Diff: 7.6, Sum: 99.3]
         [Termination Attempts: Min: 1, Avg: 1.1, Max: 2, Diff: 1, Sum: 19]
      [GC Worker Other (ms): Min: 0.0, Avg: 0.0, Max: 0.0, Diff: 0.0, Sum: 0.2]
      [GC Worker Total (ms): Min: 0.0, Avg: 5.6, Max: 8.0, Diff: 8.0, Sum: 101.4]
      [GC Worker End (ms): Min: 32929.3, Avg: 32929.5, Max: 32930.0, Diff: 0.7]
   [Code Root Fixup: 0.0 ms]
   [Code Root Purge: 0.0 ms]
   [Clear CT: 1.1 ms]
   [Other: 3.9 ms]
      [Choose CSet: 0.0 ms]
      [Ref Proc: 3.0 ms]
      [Ref Enq: 0.0 ms]
      [Redirty Cards: 0.9 ms]
      [Humongous Register: 0.0 ms]
      [Humongous Reclaim: 0.0 ms]
      [Free CSet: 0.0 ms]
   [Eden: 2048.0K(2048.0K)->0.0B(10240.0K) Survivors: 1024.0K->1024.0K Heap: 40052.6K(65536.0K)->38854.6K(65536.0K)]
 [Times: user=0.12 sys=0.01, real=0.02 secs] 
2026-06-17T09:49:10.758+0800: 32.959: [GC pause (G1 Evacuation Pause) (young), 0.0123015 secs]
   [Parallel Time: 4.7 ms, GC Workers: 18]
      [GC Worker Start (ms): Min: 32959.4, Avg: 32960.9, Max: 32962.3, Diff: 2.9]
      [Ext Root Scanning (ms): Min: 0.0, Avg: 0.1, Max: 0.6, Diff: 0.6, Sum: 1.3]
      [Update RS (ms): Min: 0.0, Avg: 0.0, Max: 0.3, Diff: 0.3, Sum: 0.4]
         [Processed Buffers: Min: 0, Avg: 0.3, Max: 2, Diff: 2, Sum: 5]
      [Scan RS (ms): Min: 0.0, Avg: 0.0, Max: 0.0, Diff: 0.0, Sum: 0.0]
      [Code Root Scanning (ms): Min: 0.0, Avg: 0.0, Max: 0.0, Diff: 0.0, Sum: 0.0]
      [Object Copy (ms): Min: 0.0, Avg: 0.1, Max: 0.3, Diff: 0.3, Sum: 1.2]
      [Termination (ms): Min: 0.0, Avg: 1.4, Max: 2.3, Diff: 2.3, Sum: 25.1]
         [Termination Attempts: Min: 1, Avg: 1.0, Max: 1, Diff: 0, Sum: 18]
      [GC Worker Other (ms): Min: 0.0, Avg: 0.0, Max: 0.0, Diff: 0.0, Sum: 0.2]
      [GC Worker Total (ms): Min: 0.0, Avg: 1.6, Max: 3.1, Diff: 3.1, Sum: 28.1]
      [GC Worker End (ms): Min: 32962.3, Avg: 32962.5, Max: 32962.7, Diff: 0.4]
   [Code Root Fixup: 0.0 ms]
   [Code Root Purge: 0.0 ms]
   [Clear CT: 1.4 ms]
   [Other: 6.3 ms]
      [Choose CSet: 0.0 ms]
      [Ref Proc: 5.1 ms]
      [Ref Enq: 0.0 ms]
      [Redirty Cards: 1.1 ms]
      [Humongous Register: 0.0 ms]
      [Humongous Reclaim: 0.0 ms]
      [Free CSet: 0.0 ms]
   [Eden: 10240.0K(10240.0K)->0.0B(6144.0K) Survivors: 1024.0K->2048.0K Heap: 49094.6K(65536.0K)->42447.6K(65536.0K)]
 [Times: user=0.07 sys=0.01, real=0.02 secs] 
2026-06-17T09:49:10.793+0800: 32.994: [GC pause (G1 Evacuation Pause) (young) (initial-mark), 0.0211452 secs]
   [Parallel Time: 13.5 ms, GC Workers: 18]
      [GC Worker Start (ms): Min: 32994.3, Avg: 32995.6, Max: 32996.6, Diff: 2.3]
      [Ext Root Scanning (ms): Min: 0.0, Avg: 3.1, Max: 9.3, Diff: 9.2, Sum: 56.0]
      [Update RS (ms): Min: 0.0, Avg: 0.0, Max: 0.0, Diff: 0.0, Sum: 0.1]
         [Processed Buffers: Min: 0, Avg: 0.2, Max: 3, Diff: 3, Sum: 3]
      [Scan RS (ms): Min: 0.0, Avg: 0.0, Max: 0.0, Diff: 0.0, Sum: 0.0]
      [Code Root Scanning (ms): Min: 0.0, Avg: 0.0, Max: 0.0, Diff: 0.0, Sum: 0.0]
      [Object Copy (ms): Min: 0.0, Avg: 0.0, Max: 0.2, Diff: 0.2, Sum: 0.6]
      [Termination (ms): Min: 0.0, Avg: 7.2, Max: 9.1, Diff: 9.1, Sum: 130.2]
         [Termination Attempts: Min: 1, Avg: 1.1, Max: 2, Diff: 1, Sum: 19]
      [GC Worker Other (ms): Min: 0.0, Avg: 0.0, Max: 0.1, Diff: 0.1, Sum: 0.4]
      [GC Worker Total (ms): Min: 9.3, Avg: 10.4, Max: 11.8, Diff: 2.6, Sum: 187.2]
      [GC Worker End (ms): Min: 33005.8, Avg: 33006.0, Max: 33006.5, Diff: 0.7]
   [Code Root Fixup: 0.0 ms]
   [Code Root Purge: 0.0 ms]
   [Clear CT: 1.6 ms]
   [Other: 6.0 ms]
      [Choose CSet: 0.0 ms]
      [Ref Proc: 4.9 ms]
      [Ref Enq: 0.0 ms]
      [Redirty Cards: 1.0 ms]
      [Humongous Register: 0.0 ms]
      [Humongous Reclaim: 0.0 ms]
      [Free CSet: 0.0 ms]
   [Eden: 6144.0K(6144.0K)->0.0B(6144.0K) Survivors: 2048.0K->1024.0K Heap: 48591.6K(65536.0K)->43036.6K(65536.0K)]
 [Times: user=0.17 sys=0.00, real=0.02 secs] 
2026-06-17T09:49:10.815+0800: 33.017: [GC concurrent-root-region-scan-start]
2026-06-17T09:49:10.816+0800: 33.017: [GC concurrent-root-region-scan-end, 0.0003230 secs]
2026-06-17T09:49:10.816+0800: 33.017: [GC concurrent-mark-start]
2026-06-17T09:49:10.816+0800: 33.017: [GC concurrent-mark-end, 0.0004974 secs]
2026-06-17T09:49:10.816+0800: 33.017: [GC remark 2026-06-17T09:49:10.817+0800: 33.018: [Finalize Marking, 0.0086433 secs] 2026-06-17T09:49:10.826+0800: 33.028: [GC ref-proc, 0.0009751 secs] 2026-06-17T09:49:10.828+0800: 33.029: [Unloading, 0.0018404 secs], 0.0149257 secs]
 [Times: user=0.10 sys=0.00, real=0.02 secs] 
2026-06-17T09:49:10.833+0800: 33.034: [GC cleanup 49053K->40861K(65536K), 0.0031704 secs]
 [Times: user=0.00 sys=0.00, real=0.00 secs] 
2026-06-17T09:49:10.837+0800: 33.039: [GC concurrent-cleanup-start]
2026-06-17T09:49:10.837+0800: 33.039: [GC concurrent-cleanup-end, 0.0000098 secs]
2026-06-17T09:49:10.837+0800: 33.039: [GC pause (G1 Evacuation Pause) (young), 0.0128380 secs]
   [Parallel Time: 8.6 ms, GC Workers: 18]
      [GC Worker Start (ms): Min: 33038.6, Avg: 33040.0, Max: 33045.8, Diff: 7.2]
      [Ext Root Scanning (ms): Min: 0.0, Avg: 0.0, Max: 0.1, Diff: 0.1, Sum: 0.4]
      [Update RS (ms): Min: 0.0, Avg: 0.0, Max: 0.0, Diff: 0.0, Sum: 0.0]
         [Processed Buffers: Min: 0, Avg: 0.2, Max: 1, Diff: 1, Sum: 3]
      [Scan RS (ms): Min: 0.0, Avg: 0.0, Max: 0.0, Diff: 0.0, Sum: 0.0]
      [Code Root Scanning (ms): Min: 0.0, Avg: 0.0, Max: 0.0, Diff: 0.0, Sum: 0.0]
      [Object Copy (ms): Min: 0.0, Avg: 0.0, Max: 0.1, Diff: 0.1, Sum: 0.4]
      [Termination (ms): Min: 0.0, Avg: 5.9, Max: 7.2, Diff: 7.2, Sum: 106.3]
         [Termination Attempts: Min: 1, Avg: 1.0, Max: 1, Diff: 0, Sum: 18]
      [GC Worker Other (ms): Min: 0.0, Avg: 0.0, Max: 0.0, Diff: 0.0, Sum: 0.1]
      [GC Worker Total (ms): Min: 0.0, Avg: 6.0, Max: 7.5, Diff: 7.4, Sum: 107.4]
      [GC Worker End (ms): Min: 33045.9, Avg: 33046.0, Max: 33046.3, Diff: 0.4]
   [Code Root Fixup: 0.0 ms]
   [Code Root Purge: 0.0 ms]
   [Clear CT: 0.8 ms]
   [Other: 3.4 ms]
      [Choose CSet: 0.0 ms]
      [Ref Proc: 2.9 ms]
      [Ref Enq: 0.0 ms]
      [Redirty Cards: 0.5 ms]
      [Humongous Register: 0.0 ms]
      [Humongous Reclaim: 0.0 ms]
      [Free CSet: 0.0 ms]
   [Eden: 6144.0K(6144.0K)->0.0B(2048.0K) Survivors: 1024.0K->1024.0K Heap: 40988.6K(65536.0K)->37747.6K(65536.0K)]
 [Times: user=0.12 sys=0.01, real=0.02 secs] 
2026-06-17T09:49:10.862+0800: 33.063: [GC pause (G1 Evacuation Pause) (mixed), 0.0121681 secs]
   [Parallel Time: 5.6 ms, GC Workers: 18]
      [GC Worker Start (ms): Min: 33063.2, Avg: 33064.2, Max: 33066.4, Diff: 3.2]
      [Ext Root Scanning (ms): Min: 0.0, Avg: 0.0, Max: 0.2, Diff: 0.2, Sum: 0.6]
      [Update RS (ms): Min: 0.0, Avg: 0.0, Max: 0.0, Diff: 0.0, Sum: 0.0]
         [Processed Buffers: Min: 0, Avg: 0.2, Max: 1, Diff: 1, Sum: 3]
      [Scan RS (ms): Min: 0.0, Avg: 0.0, Max: 0.0, Diff: 0.0, Sum: 0.1]
      [Code Root Scanning (ms): Min: 0.0, Avg: 0.0, Max: 0.0, Diff: 0.0, Sum: 0.0]
      [Object Copy (ms): Min: 0.0, Avg: 0.0, Max: 0.2, Diff: 0.2, Sum: 0.7]
      [Termination (ms): Min: 0.0, Avg: 2.3, Max: 3.3, Diff: 3.3, Sum: 41.1]
         [Termination Attempts: Min: 1, Avg: 1.0, Max: 1, Diff: 0, Sum: 18]
      [GC Worker Other (ms): Min: 0.0, Avg: 0.0, Max: 0.0, Diff: 0.0, Sum: 0.2]
      [GC Worker Total (ms): Min: 0.0, Avg: 2.4, Max: 3.4, Diff: 3.4, Sum: 42.7]
      [GC Worker End (ms): Min: 33066.4, Avg: 33066.6, Max: 33067.0, Diff: 0.6]
   [Code Root Fixup: 0.0 ms]
   [Code Root Purge: 0.0 ms]
   [Clear CT: 1.8 ms]
   [Other: 4.8 ms]
      [Choose CSet: 0.0 ms]
      [Ref Proc: 3.9 ms]
      [Ref Enq: 0.0 ms]
      [Redirty Cards: 0.8 ms]
      [Humongous Register: 0.0 ms]
      [Humongous Reclaim: 0.0 ms]
      [Free CSet: 0.0 ms]
   [Eden: 2048.0K(2048.0K)->0.0B(2048.0K) Survivors: 1024.0K->1024.0K Heap: 39795.6K(65536.0K)->33976.2K(65536.0K)]
 [Times: user=0.08 sys=0.00, real=0.02 secs] 
2026-06-17T09:49:10.875+0800: 33.077: [GC pause (G1 Evacuation Pause) (mixed), 0.0073311 secs]
   [Parallel Time: 3.0 ms, GC Workers: 18]
      [GC Worker Start (ms): Min: 33076.7, Avg: 33077.6, Max: 33078.5, Diff: 1.9]
      [Ext Root Scanning (ms): Min: 0.0, Avg: 0.0, Max: 0.2, Diff: 0.2, Sum: 0.4]
      [Update RS (ms): Min: 0.0, Avg: 0.0, Max: 0.0, Diff: 0.0, Sum: 0.0]
         [Processed Buffers: Min: 0, Avg: 0.3, Max: 3, Diff: 3, Sum: 6]
      [Scan RS (ms): Min: 0.0, Avg: 0.0, Max: 0.0, Diff: 0.0, Sum: 0.1]
      [Code Root Scanning (ms): Min: 0.0, Avg: 0.0, Max: 0.0, Diff: 0.0, Sum: 0.0]
      [Object Copy (ms): Min: 0.0, Avg: 0.0, Max: 0.2, Diff: 0.2, Sum: 0.8]
      [Termination (ms): Min: 0.0, Avg: 1.0, Max: 1.6, Diff: 1.6, Sum: 17.4]
         [Termination Attempts: Min: 1, Avg: 1.1, Max: 2, Diff: 1, Sum: 19]
      [GC Worker Other (ms): Min: 0.0, Avg: 0.0, Max: 0.0, Diff: 0.0, Sum: 0.1]
      [GC Worker Total (ms): Min: 0.0, Avg: 1.1, Max: 2.0, Diff: 1.9, Sum: 18.9]
      [GC Worker End (ms): Min: 33078.6, Avg: 33078.6, Max: 33078.7, Diff: 0.2]
   [Code Root Fixup: 0.0 ms]
   [Code Root Purge: 0.0 ms]
   [Clear CT: 0.7 ms]
   [Other: 3.6 ms]
      [Choose CSet: 0.0 ms]
      [Ref Proc: 3.0 ms]
      [Ref Enq: 0.0 ms]
      [Redirty Cards: 0.6 ms]
      [Humongous Register: 0.0 ms]
      [Humongous Reclaim: 0.0 ms]
      [Free CSet: 0.0 ms]
   [Eden: 2048.0K(2048.0K)->0.0B(2048.0K) Survivors: 1024.0K->1024.0K Heap: 36024.2K(65536.0K)->32103.6K(65536.0K)]
 [Times: user=0.04 sys=0.01, real=0.01 secs] 
2026-06-17T09:49:10.894+0800: 33.095: [GC pause (G1 Evacuation Pause) (mixed), 0.0133147 secs]
   [Parallel Time: 8.5 ms, GC Workers: 18]
      [GC Worker Start (ms): Min: 33095.3, Avg: 33096.9, Max: 33101.7, Diff: 6.4]
      [Ext Root Scanning (ms): Min: 0.0, Avg: 0.0, Max: 0.2, Diff: 0.2, Sum: 0.4]
      [Update RS (ms): Min: 0.0, Avg: 0.0, Max: 0.1, Diff: 0.1, Sum: 0.2]
         [Processed Buffers: Min: 0, Avg: 0.4, Max: 3, Diff: 3, Sum: 7]
      [Scan RS (ms): Min: 0.0, Avg: 0.0, Max: 0.0, Diff: 0.0, Sum: 0.0]
      [Code Root Scanning (ms): Min: 0.0, Avg: 0.0, Max: 0.0, Diff: 0.0, Sum: 0.0]
      [Object Copy (ms): Min: 0.0, Avg: 0.0, Max: 0.1, Diff: 0.1, Sum: 0.2]
      [Termination (ms): Min: 0.0, Avg: 5.0, Max: 7.3, Diff: 7.3, Sum: 90.7]
         [Termination Attempts: Min: 1, Avg: 1.0, Max: 1, Diff: 0, Sum: 18]
      [GC Worker Other (ms): Min: 0.0, Avg: 0.0, Max: 0.0, Diff: 0.0, Sum: 0.2]
      [GC Worker Total (ms): Min: 0.0, Avg: 5.1, Max: 7.3, Diff: 7.3, Sum: 91.7]
      [GC Worker End (ms): Min: 33101.7, Avg: 33102.0, Max: 33102.9, Diff: 1.2]
   [Code Root Fixup: 0.0 ms]
   [Code Root Purge: 0.0 ms]
   [Clear CT: 1.3 ms]
   [Other: 3.5 ms]
      [Choose CSet: 0.0 ms]
      [Ref Proc: 2.9 ms]
      [Ref Enq: 0.0 ms]
      [Redirty Cards: 0.6 ms]
      [Humongous Register: 0.0 ms]
      [Humongous Reclaim: 0.0 ms]
      [Free CSet: 0.0 ms]
   [Eden: 2048.0K(2048.0K)->0.0B(17408.0K) Survivors: 1024.0K->1024.0K Heap: 34151.6K(65536.0K)->31115.5K(65536.0K)]
 [Times: user=0.11 sys=0.00, real=0.01 secs] 
2026-06-17T09:49:10.951+0800: 33.153: [GC pause (G1 Evacuation Pause) (young), 0.0366853 secs]
   [Parallel Time: 26.1 ms, GC Workers: 18]
      [GC Worker Start (ms): Min: 33152.9, Avg: 33164.0, Max: 33177.8, Diff: 24.9]
      [Ext Root Scanning (ms): Min: 0.0, Avg: 0.1, Max: 0.6, Diff: 0.6, Sum: 1.3]
      [Update RS (ms): Min: 0.0, Avg: 0.0, Max: 0.1, Diff: 0.1, Sum: 0.3]
         [Processed Buffers: Min: 0, Avg: 0.3, Max: 2, Diff: 2, Sum: 5]
      [Scan RS (ms): Min: 0.0, Avg: 0.0, Max: 0.0, Diff: 0.0, Sum: 0.0]
      [Code Root Scanning (ms): Min: 0.0, Avg: 0.0, Max: 0.0, Diff: 0.0, Sum: 0.0]
      [Object Copy (ms): Min: 0.0, Avg: 0.1, Max: 0.3, Diff: 0.3, Sum: 1.1]
      [Termination (ms): Min: 0.0, Avg: 13.8, Max: 24.1, Diff: 24.1, Sum: 247.5]
         [Termination Attempts: Min: 1, Avg: 1.0, Max: 1, Diff: 0, Sum: 18]
      [GC Worker Other (ms): Min: 0.0, Avg: 0.0, Max: 0.0, Diff: 0.0, Sum: 0.1]
      [GC Worker Total (ms): Min: 0.0, Avg: 13.9, Max: 25.1, Diff: 25.1, Sum: 250.3]
      [GC Worker End (ms): Min: 33177.8, Avg: 33178.0, Max: 33178.2, Diff: 0.4]
   [Code Root Fixup: 0.0 ms]
   [Code Root Purge: 0.0 ms]
   [Clear CT: 1.1 ms]
   [Other: 9.4 ms]
      [Choose CSet: 0.0 ms]
      [Ref Proc: 8.7 ms]
      [Ref Enq: 0.0 ms]
      [Redirty Cards: 0.6 ms]
      [Humongous Register: 0.0 ms]
      [Humongous Reclaim: 0.0 ms]
      [Free CSet: 0.0 ms]
   [Eden: 17408.0K(17408.0K)->0.0B(14336.0K) Survivors: 1024.0K->3072.0K Heap: 48523.5K(65536.0K)->34871.6K(65536.0K)]
 [Times: user=0.32 sys=0.01, real=0.03 secs] 
2026-06-17T09:49:11.003+0800: 33.204: [GC pause (G1 Humongous Allocation) (young) (initial-mark), 0.0156392 secs]
   [Parallel Time: 8.6 ms, GC Workers: 18]
      [GC Worker Start (ms): Min: 33204.4, Avg: 33204.8, Max: 33205.1, Diff: 0.6]
      [Ext Root Scanning (ms): Min: 0.0, Avg: 2.2, Max: 6.1, Diff: 6.1, Sum: 39.9]
      [Update RS (ms): Min: 0.0, Avg: 0.0, Max: 0.0, Diff: 0.0, Sum: 0.0]
         [Processed Buffers: Min: 0, Avg: 0.1, Max: 2, Diff: 2, Sum: 2]
      [Scan RS (ms): Min: 0.0, Avg: 0.0, Max: 0.0, Diff: 0.0, Sum: 0.0]
      [Code Root Scanning (ms): Min: 0.0, Avg: 0.0, Max: 0.0, Diff: 0.0, Sum: 0.0]
      [Object Copy (ms): Min: 0.0, Avg: 0.0, Max: 0.3, Diff: 0.3, Sum: 0.5]
      [Termination (ms): Min: 0.0, Avg: 4.2, Max: 5.9, Diff: 5.9, Sum: 75.5]
         [Termination Attempts: Min: 1, Avg: 1.0, Max: 1, Diff: 0, Sum: 18]
      [GC Worker Other (ms): Min: 0.0, Avg: 0.0, Max: 0.0, Diff: 0.0, Sum: 0.1]
      [GC Worker Total (ms): Min: 6.1, Avg: 6.5, Max: 6.8, Diff: 0.6, Sum: 116.2]
      [GC Worker End (ms): Min: 33211.2, Avg: 33211.2, Max: 33211.5, Diff: 0.3]
   [Code Root Fixup: 0.0 ms]
   [Code Root Purge: 0.0 ms]
   [Clear CT: 1.7 ms]
   [Other: 5.3 ms]
      [Choose CSet: 0.0 ms]
      [Ref Proc: 4.6 ms]
      [Ref Enq: 0.0 ms]
      [Redirty Cards: 0.6 ms]
      [Humongous Register: 0.0 ms]
      [Humongous Reclaim: 0.0 ms]
      [Free CSet: 0.0 ms]
   [Eden: 7168.0K(14336.0K)->0.0B(14336.0K) Survivors: 3072.0K->0.0B Heap: 41942.0K(65536.0K)->34339.6K(65536.0K)]
 [Times: user=0.12 sys=0.01, real=0.01 secs] 
2026-06-17T09:49:11.020+0800: 33.221: [GC concurrent-root-region-scan-start]
2026-06-17T09:49:11.020+0800: 33.221: [GC concurrent-root-region-scan-end, 0.0000075 secs]
2026-06-17T09:49:11.020+0800: 33.221: [GC concurrent-mark-start]
2026-06-17T09:49:11.021+0800: 33.222: [GC concurrent-mark-end, 0.0004718 secs]
2026-06-17T09:49:11.021+0800: 33.222: [GC remark 2026-06-17T09:49:11.021+0800: 33.223: [Finalize Marking, 0.0050488 secs] 2026-06-17T09:49:11.027+0800: 33.228: [GC ref-proc, 0.0007168 secs] 2026-06-17T09:49:11.028+0800: 33.230: [Unloading, 0.0014996 secs], 0.0102712 secs]
 [Times: user=0.04 sys=0.01, real=0.02 secs] 
2026-06-17T09:49:11.033+0800: 33.234: [GC cleanup 36752K->36752K(65536K), 0.0032094 secs]
 [Times: user=0.00 sys=0.00, real=0.00 secs] 
2026-06-17T09:49:11.069+0800: 33.270: [GC pause (G1 Evacuation Pause) (young), 0.0203694 secs]
   [Parallel Time: 12.2 ms, GC Workers: 18]
      [GC Worker Start (ms): Min: 33270.1, Avg: 33272.9, Max: 33280.5, Diff: 10.4]
      [Ext Root Scanning (ms): Min: 0.0, Avg: 0.1, Max: 0.4, Diff: 0.4, Sum: 1.0]
      [Update RS (ms): Min: 0.0, Avg: 0.0, Max: 0.0, Diff: 0.0, Sum: 0.1]
         [Processed Buffers: Min: 0, Avg: 0.2, Max: 1, Diff: 1, Sum: 3]
      [Scan RS (ms): Min: 0.0, Avg: 0.0, Max: 0.0, Diff: 0.0, Sum: 0.1]
      [Code Root Scanning (ms): Min: 0.0, Avg: 0.0, Max: 0.0, Diff: 0.0, Sum: 0.0]
      [Object Copy (ms): Min: 0.0, Avg: 0.0, Max: 0.2, Diff: 0.2, Sum: 0.7]
      [Termination (ms): Min: 0.0, Avg: 7.5, Max: 10.0, Diff: 10.0, Sum: 134.9]
         [Termination Attempts: Min: 1, Avg: 1.0, Max: 1, Diff: 0, Sum: 18]
      [GC Worker Other (ms): Min: 0.0, Avg: 0.0, Max: 0.0, Diff: 0.0, Sum: 0.1]
      [GC Worker Total (ms): Min: 0.0, Avg: 7.6, Max: 10.6, Diff: 10.6, Sum: 136.9]
      [GC Worker End (ms): Min: 33280.5, Avg: 33280.5, Max: 33280.7, Diff: 0.2]
   [Code Root Fixup: 0.0 ms]
   [Code Root Purge: 0.0 ms]
   [Clear CT: 1.5 ms]
   [Other: 6.7 ms]
      [Choose CSet: 0.0 ms]
      [Ref Proc: 5.8 ms]
      [Ref Enq: 0.0 ms]
      [Redirty Cards: 0.9 ms]
      [Humongous Register: 0.0 ms]
      [Humongous Reclaim: 0.0 ms]
      [Free CSet: 0.0 ms]
   [Eden: 14336.0K(14336.0K)->0.0B(1024.0K) Survivors: 0.0B->2048.0K Heap: 50078.6K(65536.0K)->39734.6K(65536.0K)]
 [Times: user=0.18 sys=0.00, real=0.02 secs] 
2026-06-17T09:49:11.090+0800: 33.292: [GC pause (G1 Evacuation Pause) (mixed), 0.0122341 secs]
   [Parallel Time: 8.1 ms, GC Workers: 18]
      [GC Worker Start (ms): Min: 33291.6, Avg: 33293.0, Max: 33298.0, Diff: 6.4]
      [Ext Root Scanning (ms): Min: 0.0, Avg: 0.0, Max: 0.1, Diff: 0.1, Sum: 0.3]
      [Update RS (ms): Min: 0.0, Avg: 0.0, Max: 0.0, Diff: 0.0, Sum: 0.0]
         [Processed Buffers: Min: 0, Avg: 0.1, Max: 1, Diff: 1, Sum: 2]
      [Scan RS (ms): Min: 0.0, Avg: 0.0, Max: 0.0, Diff: 0.0, Sum: 0.0]
      [Code Root Scanning (ms): Min: 0.0, Avg: 0.0, Max: 0.0, Diff: 0.0, Sum: 0.0]
      [Object Copy (ms): Min: 0.0, Avg: 0.1, Max: 0.2, Diff: 0.2, Sum: 1.1]
      [Termination (ms): Min: 0.0, Avg: 5.1, Max: 6.4, Diff: 6.4, Sum: 92.1]
         [Termination Attempts: Min: 1, Avg: 1.0, Max: 1, Diff: 0, Sum: 18]
      [GC Worker Other (ms): Min: 0.0, Avg: 0.0, Max: 0.0, Diff: 0.0, Sum: 0.1]
      [GC Worker Total (ms): Min: 0.0, Avg: 5.2, Max: 6.8, Diff: 6.7, Sum: 93.7]
      [GC Worker End (ms): Min: 33298.0, Avg: 33298.2, Max: 33298.4, Diff: 0.3]
   [Code Root Fixup: 0.0 ms]
   [Code Root Purge: 0.0 ms]
   [Clear CT: 0.8 ms]
   [Other: 3.4 ms]
      [Choose CSet: 0.0 ms]
      [Ref Proc: 2.8 ms]
      [Ref Enq: 0.0 ms]
      [Redirty Cards: 0.5 ms]
      [Humongous Register: 0.0 ms]
      [Humongous Reclaim: 0.0 ms]
      [Free CSet: 0.0 ms]
   [Eden: 1024.0K(1024.0K)->0.0B(2048.0K) Survivors: 2048.0K->1024.0K Heap: 40758.6K(65536.0K)->38401.1K(65536.0K)]
 [Times: user=0.11 sys=0.01, real=0.02 secs] 
2026-06-17T09:49:11.104+0800: 33.305: [GC pause (G1 Evacuation Pause) (mixed), 0.0118920 secs]
   [Parallel Time: 3.1 ms, GC Workers: 18]
      [GC Worker Start (ms): Min: 33305.0, Avg: 33306.0, Max: 33307.2, Diff: 2.2]
      [Ext Root Scanning (ms): Min: 0.0, Avg: 0.0, Max: 0.1, Diff: 0.1, Sum: 0.3]
      [Update RS (ms): Min: 0.0, Avg: 0.0, Max: 0.0, Diff: 0.0, Sum: 0.0]
         [Processed Buffers: Min: 0, Avg: 0.3, Max: 3, Diff: 3, Sum: 5]
      [Scan RS (ms): Min: 0.0, Avg: 0.0, Max: 0.0, Diff: 0.0, Sum: 0.0]
      [Code Root Scanning (ms): Min: 0.0, Avg: 0.0, Max: 0.0, Diff: 0.0, Sum: 0.0]
      [Object Copy (ms): Min: 0.0, Avg: 0.0, Max: 0.1, Diff: 0.1, Sum: 0.4]
      [Termination (ms): Min: 0.0, Avg: 1.3, Max: 2.2, Diff: 2.2, Sum: 22.6]
         [Termination Attempts: Min: 1, Avg: 1.0, Max: 1, Diff: 0, Sum: 18]
      [GC Worker Other (ms): Min: 0.0, Avg: 0.0, Max: 0.0, Diff: 0.0, Sum: 0.1]
      [GC Worker Total (ms): Min: 0.0, Avg: 1.3, Max: 2.5, Diff: 2.4, Sum: 23.5]
      [GC Worker End (ms): Min: 33307.2, Avg: 33307.3, Max: 33307.6, Diff: 0.4]
   [Code Root Fixup: 0.0 ms]
   [Code Root Purge: 0.0 ms]
   [Clear CT: 0.9 ms]
   [Other: 8.0 ms]
      [Choose CSet: 0.0 ms]
      [Ref Proc: 7.3 ms]
      [Ref Enq: 0.0 ms]
      [Redirty Cards: 0.7 ms]
      [Humongous Register: 0.0 ms]
      [Humongous Reclaim: 0.0 ms]
      [Free CSet: 0.0 ms]
   [Eden: 2048.0K(2048.0K)->0.0B(9216.0K) Survivors: 1024.0K->1024.0K Heap: 40449.1K(65536.0K)->39807.6K(65536.0K)]
 [Times: user=0.11 sys=0.01, real=0.01 secs] 
2026-06-17T09:49:11.148+0800: 33.349: [GC pause (G1 Evacuation Pause) (young), 0.0183320 secs]
   [Parallel Time: 11.4 ms, GC Workers: 18]
      [GC Worker Start (ms): Min: 33349.4, Avg: 33353.0, Max: 33358.1, Diff: 8.7]
      [Ext Root Scanning (ms): Min: 0.0, Avg: 0.0, Max: 0.3, Diff: 0.3, Sum: 0.7]
      [Update RS (ms): Min: 0.0, Avg: 0.0, Max: 0.0, Diff: 0.0, Sum: 0.1]
         [Processed Buffers: Min: 0, Avg: 0.2, Max: 1, Diff: 1, Sum: 3]
      [Scan RS (ms): Min: 0.0, Avg: 0.0, Max: 0.0, Diff: 0.0, Sum: 0.0]
      [Code Root Scanning (ms): Min: 0.0, Avg: 0.0, Max: 0.0, Diff: 0.0, Sum: 0.0]
      [Object Copy (ms): Min: 0.0, Avg: 0.0, Max: 0.1, Diff: 0.1, Sum: 0.5]
      [Termination (ms): Min: 0.0, Avg: 5.4, Max: 9.0, Diff: 9.0, Sum: 97.3]
         [Termination Attempts: Min: 1, Avg: 1.0, Max: 1, Diff: 0, Sum: 18]
      [GC Worker Other (ms): Min: 0.0, Avg: 0.0, Max: 0.0, Diff: 0.0, Sum: 0.2]
      [GC Worker Total (ms): Min: 0.0, Avg: 5.5, Max: 9.4, Diff: 9.4, Sum: 98.9]
      [GC Worker End (ms): Min: 33358.1, Avg: 33358.4, Max: 33358.9, Diff: 0.8]
   [Code Root Fixup: 0.0 ms]
   [Code Root Purge: 0.0 ms]
   [Clear CT: 0.9 ms]
   [Other: 6.0 ms]
      [Choose CSet: 0.0 ms]
      [Ref Proc: 5.1 ms]
      [Ref Enq: 0.0 ms]
      [Redirty Cards: 0.9 ms]
      [Humongous Register: 0.0 ms]
      [Humongous Reclaim: 0.0 ms]
      [Free CSet: 0.0 ms]
   [Eden: 9216.0K(9216.0K)->0.0B(7168.0K) Survivors: 1024.0K->2048.0K Heap: 49023.6K(65536.0K)->41959.6K(65536.0K)]
 [Times: user=0.15 sys=0.00, real=0.02 secs] 
2026-06-17T09:49:11.178+0800: 33.379: [GC pause (G1 Evacuation Pause) (young) (initial-mark), 0.0149843 secs]
   [Parallel Time: 8.4 ms, GC Workers: 18]
      [GC Worker Start (ms): Min: 33379.5, Avg: 33380.0, Max: 33380.4, Diff: 0.8]
      [Ext Root Scanning (ms): Min: 0.0, Avg: 1.8, Max: 5.9, Diff: 5.9, Sum: 32.1]
      [Update RS (ms): Min: 0.0, Avg: 0.0, Max: 0.0, Diff: 0.0, Sum: 0.0]
         [Processed Buffers: Min: 0, Avg: 0.1, Max: 2, Diff: 2, Sum: 2]
      [Scan RS (ms): Min: 0.0, Avg: 0.0, Max: 0.0, Diff: 0.0, Sum: 0.0]
      [Code Root Scanning (ms): Min: 0.0, Avg: 0.0, Max: 0.0, Diff: 0.0, Sum: 0.0]
      [Object Copy (ms): Min: 0.0, Avg: 0.1, Max: 0.3, Diff: 0.3, Sum: 1.0]
      [Termination (ms): Min: 0.0, Avg: 4.5, Max: 6.0, Diff: 6.0, Sum: 81.6]
         [Termination Attempts: Min: 1, Avg: 1.2, Max: 2, Diff: 1, Sum: 22]
      [GC Worker Other (ms): Min: 0.0, Avg: 0.0, Max: 0.0, Diff: 0.0, Sum: 0.2]
      [GC Worker Total (ms): Min: 5.9, Avg: 6.4, Max: 7.0, Diff: 1.1, Sum: 115.0]
      [GC Worker End (ms): Min: 33386.2, Avg: 33386.4, Max: 33386.9, Diff: 0.6]
   [Code Root Fixup: 0.0 ms]
   [Code Root Purge: 0.0 ms]
   [Clear CT: 1.7 ms]
   [Other: 5.0 ms]
      [Choose CSet: 0.0 ms]
      [Ref Proc: 4.3 ms]
      [Ref Enq: 0.0 ms]
      [Redirty Cards: 0.6 ms]
      [Humongous Register: 0.0 ms]
      [Humongous Reclaim: 0.0 ms]
      [Free CSet: 0.0 ms]
   [Eden: 7168.0K(7168.0K)->0.0B(3072.0K) Survivors: 2048.0K->2048.0K Heap: 49127.6K(65536.0K)->45969.6K(65536.0K)]
 [Times: user=0.12 sys=0.01, real=0.02 secs] 
2026-06-17T09:49:11.195+0800: 33.396: [GC concurrent-root-region-scan-start]
2026-06-17T09:49:11.195+0800: 33.396: [GC concurrent-root-region-scan-end, 0.0002529 secs]
2026-06-17T09:49:11.195+0800: 33.396: [GC concurrent-mark-start]
2026-06-17T09:49:11.195+0800: 33.396: [GC concurrent-mark-end, 0.0004166 secs]
2026-06-17T09:49:11.195+0800: 33.397: [GC remark 2026-06-17T09:49:11.196+0800: 33.397: [Finalize Marking, 0.0110198 secs] 2026-06-17T09:49:11.208+0800: 33.409: [GC ref-proc, 0.0006536 secs] 2026-06-17T09:49:11.209+0800: 33.410: [Unloading, 0.0023331 secs], 0.0167985 secs]
 [Times: user=0.12 sys=0.01, real=0.02 secs] 
2026-06-17T09:49:11.213+0800: 33.415: [GC cleanup 48964K->44868K(65536K), 0.0029025 secs]
 [Times: user=0.00 sys=0.00, real=0.00 secs] 
2026-06-17T09:49:11.217+0800: 33.419: [GC concurrent-cleanup-start]
2026-06-17T09:49:11.217+0800: 33.419: [GC concurrent-cleanup-end, 0.0000126 secs]
2026-06-17T09:49:11.217+0800: 33.419: [GC pause (G1 Evacuation Pause) (young), 0.0104966 secs]
   [Parallel Time: 5.5 ms, GC Workers: 18]
      [GC Worker Start (ms): Min: 33418.8, Avg: 33420.1, Max: 33423.5, Diff: 4.8]
      [Ext Root Scanning (ms): Min: 0.0, Avg: 0.0, Max: 0.1, Diff: 0.1, Sum: 0.3]
      [Update RS (ms): Min: 0.0, Avg: 0.0, Max: 0.0, Diff: 0.0, Sum: 0.1]
         [Processed Buffers: Min: 0, Avg: 0.2, Max: 2, Diff: 2, Sum: 4]
      [Scan RS (ms): Min: 0.0, Avg: 0.0, Max: 0.0, Diff: 0.0, Sum: 0.0]
      [Code Root Scanning (ms): Min: 0.0, Avg: 0.0, Max: 0.0, Diff: 0.0, Sum: 0.0]
      [Object Copy (ms): Min: 0.0, Avg: 0.0, Max: 0.2, Diff: 0.2, Sum: 0.7]
      [Termination (ms): Min: 0.0, Avg: 3.5, Max: 4.6, Diff: 4.6, Sum: 62.3]
         [Termination Attempts: Min: 1, Avg: 1.0, Max: 1, Diff: 0, Sum: 18]
      [GC Worker Other (ms): Min: 0.0, Avg: 0.0, Max: 0.0, Diff: 0.0, Sum: 0.1]
      [GC Worker Total (ms): Min: 0.0, Avg: 3.5, Max: 4.9, Diff: 4.9, Sum: 63.5]
      [GC Worker End (ms): Min: 33423.5, Avg: 33423.6, Max: 33423.7, Diff: 0.2]
   [Code Root Fixup: 0.0 ms]
   [Code Root Purge: 0.0 ms]
   [Clear CT: 1.0 ms]
   [Other: 4.0 ms]
      [Choose CSet: 0.0 ms]
      [Ref Proc: 3.3 ms]
      [Ref Enq: 0.0 ms]
      [Redirty Cards: 0.7 ms]
      [Humongous Register: 0.0 ms]
      [Humongous Reclaim: 0.0 ms]
      [Free CSet: 0.0 ms]
   [Eden: 3072.0K(3072.0K)->0.0B(2048.0K) Survivors: 2048.0K->1024.0K Heap: 44945.6K(65536.0K)->44936.6K(65536.0K)]
 [Times: user=0.11 sys=0.00, real=0.01 secs] 
2026-06-17T09:49:11.240+0800: 33.441: [GC pause (G1 Evacuation Pause) (mixed), 0.0125106 secs]
   [Parallel Time: 7.7 ms, GC Workers: 18]
      [GC Worker Start (ms): Min: 33441.1, Avg: 33442.4, Max: 33447.2, Diff: 6.0]
      [Ext Root Scanning (ms): Min: 0.0, Avg: 0.0, Max: 0.2, Diff: 0.2, Sum: 0.4]
      [Update RS (ms): Min: 0.0, Avg: 0.0, Max: 0.0, Diff: 0.0, Sum: 0.0]
         [Processed Buffers: Min: 0, Avg: 0.2, Max: 1, Diff: 1, Sum: 3]
      [Scan RS (ms): Min: 0.0, Avg: 0.0, Max: 0.0, Diff: 0.0, Sum: 0.0]
      [Code Root Scanning (ms): Min: 0.0, Avg: 0.0, Max: 0.0, Diff: 0.0, Sum: 0.0]
      [Object Copy (ms): Min: 0.0, Avg: 0.0, Max: 0.2, Diff: 0.2, Sum: 0.5]
      [Termination (ms): Min: 0.0, Avg: 4.9, Max: 5.9, Diff: 5.9, Sum: 87.6]
         [Termination Attempts: Min: 1, Avg: 1.0, Max: 1, Diff: 0, Sum: 18]
      [GC Worker Other (ms): Min: 0.0, Avg: 0.0, Max: 0.1, Diff: 0.1, Sum: 0.3]
      [GC Worker Total (ms): Min: 0.0, Avg: 4.9, Max: 6.2, Diff: 6.1, Sum: 88.9]
      [GC Worker End (ms): Min: 33447.2, Avg: 33447.3, Max: 33447.9, Diff: 0.7]
   [Code Root Fixup: 0.0 ms]
   [Code Root Purge: 0.0 ms]
   [Clear CT: 0.8 ms]
   [Other: 4.0 ms]
      [Choose CSet: 0.0 ms]
      [Ref Proc: 3.4 ms]
      [Ref Enq: 0.0 ms]
      [Redirty Cards: 0.5 ms]
      [Humongous Register: 0.0 ms]
      [Humongous Reclaim: 0.0 ms]
      [Free CSet: 0.0 ms]
   [Eden: 2048.0K(2048.0K)->0.0B(2048.0K) Survivors: 1024.0K->1024.0K Heap: 46984.6K(65536.0K)->40652.7K(65536.0K)]
 [Times: user=0.11 sys=0.01, real=0.02 secs] 
2026-06-17T09:49:11.254+0800: 33.455: [GC pause (G1 Evacuation Pause) (mixed), 0.0082898 secs]
   [Parallel Time: 4.3 ms, GC Workers: 18]
      [GC Worker Start (ms): Min: 33455.0, Avg: 33455.9, Max: 33458.5, Diff: 3.6]
      [Ext Root Scanning (ms): Min: 0.0, Avg: 0.0, Max: 0.2, Diff: 0.2, Sum: 0.4]
      [Update RS (ms): Min: 0.0, Avg: 0.0, Max: 0.0, Diff: 0.0, Sum: 0.0]
         [Processed Buffers: Min: 0, Avg: 0.2, Max: 2, Diff: 2, Sum: 4]
      [Scan RS (ms): Min: 0.0, Avg: 0.0, Max: 0.0, Diff: 0.0, Sum: 0.0]
      [Code Root Scanning (ms): Min: 0.0, Avg: 0.0, Max: 0.0, Diff: 0.0, Sum: 0.0]
      [Object Copy (ms): Min: 0.0, Avg: 0.0, Max: 0.2, Diff: 0.2, Sum: 0.7]
      [Termination (ms): Min: 0.0, Avg: 2.7, Max: 3.4, Diff: 3.4, Sum: 48.2]
         [Termination Attempts: Min: 1, Avg: 1.0, Max: 1, Diff: 0, Sum: 18]
      [GC Worker Other (ms): Min: 0.0, Avg: 0.0, Max: 0.0, Diff: 0.0, Sum: 0.1]
      [GC Worker Total (ms): Min: 0.0, Avg: 2.7, Max: 3.7, Diff: 3.7, Sum: 49.5]
      [GC Worker End (ms): Min: 33458.6, Avg: 33458.7, Max: 33458.8, Diff: 0.2]
   [Code Root Fixup: 0.0 ms]
   [Code Root Purge: 0.0 ms]
   [Clear CT: 0.9 ms]
   [Other: 3.2 ms]
      [Choose CSet: 0.0 ms]
      [Ref Proc: 2.4 ms]
      [Ref Enq: 0.0 ms]
      [Redirty Cards: 0.7 ms]
      [Humongous Register: 0.0 ms]
      [Humongous Reclaim: 0.0 ms]
      [Free CSet: 0.0 ms]
   [Eden: 2048.0K(2048.0K)->0.0B(2048.0K) Survivors: 1024.0K->1024.0K Heap: 42700.7K(65536.0K)->39755.6K(65536.0K)]
 [Times: user=0.06 sys=0.01, real=0.01 secs] 
2026-06-17T09:49:11.263+0800: 33.465: [GC pause (G1 Evacuation Pause) (mixed), 0.0097254 secs]
   [Parallel Time: 2.8 ms, GC Workers: 18]
      [GC Worker Start (ms): Min: 33464.7, Avg: 33465.6, Max: 33466.8, Diff: 2.1]
      [Ext Root Scanning (ms): Min: 0.0, Avg: 0.0, Max: 0.2, Diff: 0.2, Sum: 0.4]
      [Update RS (ms): Min: 0.0, Avg: 0.0, Max: 0.0, Diff: 0.0, Sum: 0.1]
         [Processed Buffers: Min: 0, Avg: 0.3, Max: 2, Diff: 2, Sum: 5]
      [Scan RS (ms): Min: 0.0, Avg: 0.0, Max: 0.0, Diff: 0.0, Sum: 0.1]
      [Code Root Scanning (ms): Min: 0.0, Avg: 0.0, Max: 0.0, Diff: 0.0, Sum: 0.0]
      [Object Copy (ms): Min: 0.0, Avg: 0.0, Max: 0.1, Diff: 0.1, Sum: 0.5]
      [Termination (ms): Min: 0.0, Avg: 1.2, Max: 1.8, Diff: 1.8, Sum: 20.7]
         [Termination Attempts: Min: 1, Avg: 1.1, Max: 2, Diff: 1, Sum: 19]
      [GC Worker Other (ms): Min: 0.0, Avg: 0.0, Max: 0.0, Diff: 0.0, Sum: 0.1]
      [GC Worker Total (ms): Min: 0.0, Avg: 1.2, Max: 2.1, Diff: 2.1, Sum: 21.8]
      [GC Worker End (ms): Min: 33466.8, Avg: 33466.9, Max: 33467.0, Diff: 0.2]
   [Code Root Fixup: 0.0 ms]
   [Code Root Purge: 0.0 ms]
   [Clear CT: 0.7 ms]
   [Other: 6.2 ms]
      [Choose CSet: 0.0 ms]
      [Ref Proc: 5.6 ms]
      [Ref Enq: 0.0 ms]
      [Redirty Cards: 0.6 ms]
      [Humongous Register: 0.0 ms]
      [Humongous Reclaim: 0.0 ms]
      [Free CSet: 0.0 ms]
   [Eden: 2048.0K(2048.0K)->0.0B(9216.0K) Survivors: 1024.0K->1024.0K Heap: 41803.6K(65536.0K)->36201.7K(65536.0K)]
 [Times: user=0.09 sys=0.00, real=0.01 secs] 
2026-06-17T09:49:11.306+0800: 33.507: [GC pause (G1 Evacuation Pause) (young), 0.0108780 secs]
   [Parallel Time: 4.2 ms, GC Workers: 18]
      [GC Worker Start (ms): Min: 33507.1, Avg: 33508.5, Max: 33509.9, Diff: 2.8]
      [Ext Root Scanning (ms): Min: 0.0, Avg: 0.0, Max: 0.3, Diff: 0.3, Sum: 0.8]
      [Update RS (ms): Min: 0.0, Avg: 0.0, Max: 0.2, Diff: 0.2, Sum: 0.4]
         [Processed Buffers: Min: 0, Avg: 0.3, Max: 2, Diff: 2, Sum: 5]
      [Scan RS (ms): Min: 0.0, Avg: 0.0, Max: 0.0, Diff: 0.0, Sum: 0.0]
      [Code Root Scanning (ms): Min: 0.0, Avg: 0.0, Max: 0.0, Diff: 0.0, Sum: 0.0]
      [Object Copy (ms): Min: 0.0, Avg: 0.0, Max: 0.2, Diff: 0.2, Sum: 0.5]
      [Termination (ms): Min: 0.0, Avg: 1.5, Max: 2.3, Diff: 2.3, Sum: 26.4]
         [Termination Attempts: Min: 1, Avg: 1.0, Max: 1, Diff: 0, Sum: 18]
      [GC Worker Other (ms): Min: 0.0, Avg: 0.0, Max: 0.0, Diff: 0.0, Sum: 0.2]
      [GC Worker Total (ms): Min: 0.0, Avg: 1.6, Max: 2.9, Diff: 2.9, Sum: 28.4]
      [GC Worker End (ms): Min: 33509.9, Avg: 33510.0, Max: 33510.2, Diff: 0.3]
   [Code Root Fixup: 0.0 ms]
   [Code Root Purge: 0.0 ms]
   [Clear CT: 1.2 ms]
   [Other: 5.4 ms]
      [Choose CSet: 0.0 ms]
      [Ref Proc: 4.7 ms]
      [Ref Enq: 0.0 ms]
      [Redirty Cards: 0.7 ms]
      [Humongous Register: 0.0 ms]
      [Humongous Reclaim: 0.0 ms]
      [Free CSet: 0.0 ms]
   [Eden: 9216.0K(9216.0K)->0.0B(8192.0K) Survivors: 1024.0K->2048.0K Heap: 45417.7K(65536.0K)->38513.6K(65536.0K)]
 [Times: user=0.06 sys=0.01, real=0.01 secs] 
2026-06-17T09:49:11.329+0800: 33.530: [GC pause (G1 Evacuation Pause) (young) (initial-mark), 0.0131808 secs]
   [Parallel Time: 7.1 ms, GC Workers: 18]
      [GC Worker Start (ms): Min: 33530.2, Avg: 33530.7, Max: 33531.0, Diff: 0.9]
      [Ext Root Scanning (ms): Min: 0.0, Avg: 1.6, Max: 4.3, Diff: 4.2, Sum: 28.4]
      [Update RS (ms): Min: 0.0, Avg: 0.0, Max: 0.0, Diff: 0.0, Sum: 0.0]
         [Processed Buffers: Min: 0, Avg: 0.1, Max: 2, Diff: 2, Sum: 2]
      [Scan RS (ms): Min: 0.0, Avg: 0.0, Max: 0.0, Diff: 0.0, Sum: 0.0]
      [Code Root Scanning (ms): Min: 0.0, Avg: 0.0, Max: 0.0, Diff: 0.0, Sum: 0.0]
      [Object Copy (ms): Min: 0.0, Avg: 0.1, Max: 0.3, Diff: 0.3, Sum: 1.0]
      [Termination (ms): Min: 0.0, Avg: 3.1, Max: 4.2, Diff: 4.2, Sum: 56.7]
         [Termination Attempts: Min: 1, Avg: 1.0, Max: 1, Diff: 0, Sum: 18]
      [GC Worker Other (ms): Min: 0.0, Avg: 0.0, Max: 0.0, Diff: 0.0, Sum: 0.2]
      [GC Worker Total (ms): Min: 4.3, Avg: 4.8, Max: 5.6, Diff: 1.3, Sum: 86.4]
      [GC Worker End (ms): Min: 33535.3, Avg: 33535.5, Max: 33535.8, Diff: 0.5]
   [Code Root Fixup: 0.0 ms]
   [Code Root Purge: 0.0 ms]
   [Clear CT: 0.8 ms]
   [Other: 5.3 ms]
      [Choose CSet: 0.0 ms]
      [Ref Proc: 4.5 ms]
      [Ref Enq: 0.0 ms]
      [Redirty Cards: 0.7 ms]
      [Humongous Register: 0.0 ms]
      [Humongous Reclaim: 0.0 ms]
      [Free CSet: 0.0 ms]
   [Eden: 8192.0K(8192.0K)->0.0B(5120.0K) Survivors: 2048.0K->2048.0K Heap: 46705.6K(65536.0K)->42859.6K(65536.0K)]
 [Times: user=0.10 sys=0.00, real=0.02 secs] 
2026-06-17T09:49:11.343+0800: 33.545: [GC concurrent-root-region-scan-start]
2026-06-17T09:49:11.344+0800: 33.545: [GC concurrent-root-region-scan-end, 0.0003026 secs]
2026-06-17T09:49:11.344+0800: 33.545: [GC concurrent-mark-start]
2026-06-17T09:49:11.344+0800: 33.545: [GC concurrent-mark-end, 0.0004530 secs]
2026-06-17T09:49:11.344+0800: 33.545: [GC remark 2026-06-17T09:49:11.345+0800: 33.546: [Finalize Marking, 0.0070998 secs] 2026-06-17T09:49:11.353+0800: 33.554: [GC ref-proc, 0.0006940 secs] 2026-06-17T09:49:11.354+0800: 33.555: [Unloading, 0.0026260 secs], 0.0134987 secs]
 [Times: user=0.06 sys=0.01, real=0.01 secs] 
2026-06-17T09:49:11.359+0800: 33.560: [GC cleanup 44604K->43580K(65536K), 0.0031369 secs]
 [Times: user=0.00 sys=0.00, real=0.01 secs] 
2026-06-17T09:49:11.363+0800: 33.565: [GC concurrent-cleanup-start]
2026-06-17T09:49:11.363+0800: 33.565: [GC concurrent-cleanup-end, 0.0000089 secs]
2026-06-17T09:49:11.374+0800: 33.575: [GC pause (G1 Evacuation Pause) (young), 0.0095592 secs]
   [Parallel Time: 4.6 ms, GC Workers: 18]
      [GC Worker Start (ms): Min: 33575.0, Avg: 33576.0, Max: 33578.1, Diff: 3.1]
      [Ext Root Scanning (ms): Min: 0.0, Avg: 0.0, Max: 0.2, Diff: 0.2, Sum: 0.5]
      [Update RS (ms): Min: 0.0, Avg: 0.0, Max: 0.0, Diff: 0.0, Sum: 0.0]
         [Processed Buffers: Min: 0, Avg: 0.2, Max: 1, Diff: 1, Sum: 3]
      [Scan RS (ms): Min: 0.0, Avg: 0.0, Max: 0.0, Diff: 0.0, Sum: 0.0]
      [Code Root Scanning (ms): Min: 0.0, Avg: 0.0, Max: 0.0, Diff: 0.0, Sum: 0.0]
      [Object Copy (ms): Min: 0.0, Avg: 0.0, Max: 0.1, Diff: 0.1, Sum: 0.3]
      [Termination (ms): Min: 0.0, Avg: 2.3, Max: 3.4, Diff: 3.4, Sum: 41.0]
         [Termination Attempts: Min: 1, Avg: 1.0, Max: 1, Diff: 0, Sum: 18]
      [GC Worker Other (ms): Min: 0.0, Avg: 0.0, Max: 0.0, Diff: 0.0, Sum: 0.1]
      [GC Worker Total (ms): Min: 0.0, Avg: 2.3, Max: 3.6, Diff: 3.6, Sum: 42.1]
      [GC Worker End (ms): Min: 33578.1, Avg: 33578.3, Max: 33578.7, Diff: 0.6]
   [Code Root Fixup: 0.0 ms]
   [Code Root Purge: 0.0 ms]
   [Clear CT: 1.3 ms]
   [Other: 3.7 ms]
      [Choose CSet: 0.0 ms]
      [Ref Proc: 3.1 ms]
      [Ref Enq: 0.0 ms]
      [Redirty Cards: 0.6 ms]
      [Humongous Register: 0.0 ms]
      [Humongous Reclaim: 0.0 ms]
      [Free CSet: 0.0 ms]
   [Eden: 5120.0K(5120.0K)->0.0B(2048.0K) Survivors: 2048.0K->1024.0K Heap: 46955.6K(65536.0K)->42632.1K(65536.0K)]
 [Times: user=0.06 sys=0.01, real=0.01 secs] 
2026-06-17T09:49:11.384+0800: 33.586: [GC pause (G1 Evacuation Pause) (mixed), 0.0078664 secs]
   [Parallel Time: 2.8 ms, GC Workers: 18]
      [GC Worker Start (ms): Min: 33585.7, Avg: 33586.3, Max: 33586.9, Diff: 1.1]
      [Ext Root Scanning (ms): Min: 0.0, Avg: 0.0, Max: 0.1, Diff: 0.1, Sum: 0.3]
      [Update RS (ms): Min: 0.0, Avg: 0.0, Max: 0.0, Diff: 0.0, Sum: 0.0]
         [Processed Buffers: Min: 0, Avg: 0.1, Max: 1, Diff: 1, Sum: 2]
      [Scan RS (ms): Min: 0.0, Avg: 0.0, Max: 0.0, Diff: 0.0, Sum: 0.0]
      [Code Root Scanning (ms): Min: 0.0, Avg: 0.0, Max: 0.0, Diff: 0.0, Sum: 0.0]
      [Object Copy (ms): Min: 0.0, Avg: 0.0, Max: 0.2, Diff: 0.2, Sum: 0.8]
      [Termination (ms): Min: 0.0, Avg: 0.6, Max: 1.4, Diff: 1.4, Sum: 11.1]
         [Termination Attempts: Min: 1, Avg: 1.0, Max: 1, Diff: 0, Sum: 18]
      [GC Worker Other (ms): Min: 0.0, Avg: 0.0, Max: 0.0, Diff: 0.0, Sum: 0.1]
      [GC Worker Total (ms): Min: 0.0, Avg: 0.7, Max: 1.5, Diff: 1.5, Sum: 12.4]
      [GC Worker End (ms): Min: 33586.9, Avg: 33587.0, Max: 33587.5, Diff: 0.7]
   [Code Root Fixup: 0.0 ms]
   [Code Root Purge: 0.0 ms]
   [Clear CT: 1.0 ms]
   [Other: 4.0 ms]
      [Choose CSet: 0.0 ms]
      [Ref Proc: 3.4 ms]
      [Ref Enq: 0.0 ms]
      [Redirty Cards: 0.6 ms]
      [Humongous Register: 0.0 ms]
      [Humongous Reclaim: 0.0 ms]
      [Free CSet: 0.0 ms]
   [Eden: 2048.0K(2048.0K)->0.0B(2048.0K) Survivors: 1024.0K->1024.0K Heap: 44680.1K(65536.0K)->40714.6K(65536.0K)]
 [Times: user=0.04 sys=0.01, real=0.01 secs] 
2026-06-17T09:49:11.393+0800: 33.595: [GC pause (G1 Evacuation Pause) (mixed), 0.0069184 secs]
   [Parallel Time: 2.8 ms, GC Workers: 18]
      [GC Worker Start (ms): Min: 33594.7, Avg: 33595.6, Max: 33596.6, Diff: 2.0]
      [Ext Root Scanning (ms): Min: 0.0, Avg: 0.0, Max: 0.2, Diff: 0.2, Sum: 0.3]
      [Update RS (ms): Min: 0.0, Avg: 0.0, Max: 0.0, Diff: 0.0, Sum: 0.0]
         [Processed Buffers: Min: 0, Avg: 0.2, Max: 2, Diff: 2, Sum: 4]
      [Scan RS (ms): Min: 0.0, Avg: 0.0, Max: 0.0, Diff: 0.0, Sum: 0.1]
      [Code Root Scanning (ms): Min: 0.0, Avg: 0.0, Max: 0.0, Diff: 0.0, Sum: 0.0]
      [Object Copy (ms): Min: 0.0, Avg: 0.1, Max: 0.3, Diff: 0.3, Sum: 0.9]
      [Termination (ms): Min: 0.0, Avg: 1.1, Max: 1.7, Diff: 1.7, Sum: 19.1]
         [Termination Attempts: Min: 1, Avg: 1.0, Max: 1, Diff: 0, Sum: 18]
      [GC Worker Other (ms): Min: 0.0, Avg: 0.0, Max: 0.0, Diff: 0.0, Sum: 0.1]
      [GC Worker Total (ms): Min: 0.0, Avg: 1.1, Max: 2.1, Diff: 2.0, Sum: 20.5]
      [GC Worker End (ms): Min: 33596.7, Avg: 33596.7, Max: 33597.0, Diff: 0.3]
   [Code Root Fixup: 0.0 ms]
   [Code Root Purge: 0.0 ms]
   [Clear CT: 1.0 ms]
   [Other: 3.2 ms]
      [Choose CSet: 0.0 ms]
      [Ref Proc: 2.6 ms]
      [Ref Enq: 0.0 ms]
      [Redirty Cards: 0.5 ms]
      [Humongous Register: 0.0 ms]
      [Humongous Reclaim: 0.0 ms]
      [Free CSet: 0.0 ms]
   [Eden: 2048.0K(2048.0K)->0.0B(7168.0K) Survivors: 1024.0K->1024.0K Heap: 42762.6K(65536.0K)->40830.6K(65536.0K)]
 [Times: user=0.03 sys=0.00, real=0.00 secs] 
2026-06-17T09:49:11.412+0800: 33.613: [GC pause (G1 Humongous Allocation) (young) (initial-mark), 0.0093024 secs]
   [Parallel Time: 4.6 ms, GC Workers: 18]
      [GC Worker Start (ms): Min: 33613.2, Avg: 33613.5, Max: 33613.7, Diff: 0.5]
      [Ext Root Scanning (ms): Min: 0.0, Avg: 1.3, Max: 2.4, Diff: 2.3, Sum: 24.2]
      [Update RS (ms): Min: 0.0, Avg: 0.0, Max: 0.1, Diff: 0.1, Sum: 0.2]
         [Processed Buffers: Min: 0, Avg: 0.2, Max: 3, Diff: 3, Sum: 4]
      [Scan RS (ms): Min: 0.0, Avg: 0.0, Max: 0.0, Diff: 0.0, Sum: 0.0]
      [Code Root Scanning (ms): Min: 0.0, Avg: 0.0, Max: 0.0, Diff: 0.0, Sum: 0.0]
      [Object Copy (ms): Min: 0.0, Avg: 0.0, Max: 0.1, Diff: 0.1, Sum: 0.2]
      [Termination (ms): Min: 0.0, Avg: 1.4, Max: 2.7, Diff: 2.7, Sum: 24.6]
         [Termination Attempts: Min: 1, Avg: 1.0, Max: 1, Diff: 0, Sum: 18]
      [GC Worker Other (ms): Min: 0.0, Avg: 0.0, Max: 0.0, Diff: 0.0, Sum: 0.1]
      [GC Worker Total (ms): Min: 2.4, Avg: 2.7, Max: 3.4, Diff: 1.0, Sum: 49.3]
      [GC Worker End (ms): Min: 33616.0, Avg: 33616.2, Max: 33616.6, Diff: 0.6]
   [Code Root Fixup: 0.0 ms]
   [Code Root Purge: 0.0 ms]
   [Clear CT: 0.6 ms]
   [Other: 4.0 ms]
      [Choose CSet: 0.0 ms]
      [Ref Proc: 3.5 ms]
      [Ref Enq: 0.0 ms]
      [Redirty Cards: 0.5 ms]
      [Humongous Register: 0.0 ms]
      [Humongous Reclaim: 0.0 ms]
      [Free CSet: 0.0 ms]
   [Eden: 5120.0K(7168.0K)->0.0B(6144.0K) Survivors: 1024.0K->1024.0K Heap: 45036.7K(65536.0K)->41849.7K(65536.0K)]
 [Times: user=0.05 sys=0.01, real=0.00 secs] 
2026-06-17T09:49:11.422+0800: 33.623: [GC concurrent-root-region-scan-start]
2026-06-17T09:49:11.422+0800: 33.623: [GC concurrent-root-region-scan-end, 0.0002329 secs]
2026-06-17T09:49:11.422+0800: 33.623: [GC concurrent-mark-start]
2026-06-17T09:49:11.423+0800: 33.624: [GC concurrent-mark-end, 0.0003285 secs]
2026-06-17T09:49:11.423+0800: 33.624: [GC remark 2026-06-17T09:49:11.423+0800: 33.624: [Finalize Marking, 0.0046046 secs] 2026-06-17T09:49:11.428+0800: 33.629: [GC ref-proc, 0.0005762 secs] 2026-06-17T09:49:11.429+0800: 33.630: [Unloading, 0.0017552 secs], 0.0095098 secs]
 [Times: user=0.04 sys=0.00, real=0.01 secs] 
2026-06-17T09:49:11.434+0800: 33.635: [GC cleanup 44070K->40998K(65536K), 0.0029341 secs]
 [Times: user=0.00 sys=0.00, real=0.00 secs] 
2026-06-17T09:49:11.437+0800: 33.639: [GC concurrent-cleanup-start]
2026-06-17T09:49:11.437+0800: 33.639: [GC concurrent-cleanup-end, 0.0000072 secs]
2026-06-17T09:49:11.448+0800: 33.649: [GC pause (G1 Evacuation Pause) (young), 0.0141744 secs]
   [Parallel Time: 4.0 ms, GC Workers: 18]
      [GC Worker Start (ms): Min: 33649.2, Avg: 33650.4, Max: 33651.8, Diff: 2.6]
      [Ext Root Scanning (ms): Min: 0.0, Avg: 0.0, Max: 0.2, Diff: 0.2, Sum: 0.5]
      [Update RS (ms): Min: 0.0, Avg: 0.0, Max: 0.0, Diff: 0.0, Sum: 0.0]
         [Processed Buffers: Min: 0, Avg: 0.1, Max: 1, Diff: 1, Sum: 2]
      [Scan RS (ms): Min: 0.0, Avg: 0.0, Max: 0.0, Diff: 0.0, Sum: 0.0]
      [Code Root Scanning (ms): Min: 0.0, Avg: 0.0, Max: 0.0, Diff: 0.0, Sum: 0.0]
      [Object Copy (ms): Min: 0.0, Avg: 0.0, Max: 0.1, Diff: 0.1, Sum: 0.4]
      [Termination (ms): Min: 0.0, Avg: 1.5, Max: 2.6, Diff: 2.6, Sum: 27.0]
         [Termination Attempts: Min: 1, Avg: 1.0, Max: 1, Diff: 0, Sum: 18]
      [GC Worker Other (ms): Min: 0.0, Avg: 0.0, Max: 0.0, Diff: 0.0, Sum: 0.2]
      [GC Worker Total (ms): Min: 0.0, Avg: 1.6, Max: 2.8, Diff: 2.8, Sum: 28.1]
      [GC Worker End (ms): Min: 33651.8, Avg: 33652.0, Max: 33652.3, Diff: 0.5]
   [Code Root Fixup: 0.0 ms]
   [Code Root Purge: 0.0 ms]
   [Clear CT: 0.9 ms]
   [Other: 9.3 ms]
      [Choose CSet: 0.0 ms]
      [Ref Proc: 8.5 ms]
      [Ref Enq: 0.0 ms]
      [Redirty Cards: 0.7 ms]
      [Humongous Register: 0.0 ms]
      [Humongous Reclaim: 0.0 ms]
      [Free CSet: 0.0 ms]
   [Eden: 6144.0K(6144.0K)->0.0B(2048.0K) Survivors: 1024.0K->1024.0K Heap: 46353.7K(65536.0K)->42974.7K(65536.0K)]
 [Times: user=0.14 sys=0.00, real=0.02 secs] 
2026-06-17T09:49:11.463+0800: 33.665: [GC pause (G1 Evacuation Pause) (mixed), 0.0086320 secs]
   [Parallel Time: 3.9 ms, GC Workers: 18]
      [GC Worker Start (ms): Min: 33664.7, Avg: 33665.6, Max: 33667.0, Diff: 2.4]
      [Ext Root Scanning (ms): Min: 0.0, Avg: 0.0, Max: 0.1, Diff: 0.1, Sum: 0.3]
      [Update RS (ms): Min: 0.0, Avg: 0.0, Max: 0.0, Diff: 0.0, Sum: 0.0]
         [Processed Buffers: Min: 0, Avg: 0.2, Max: 2, Diff: 2, Sum: 3]
      [Scan RS (ms): Min: 0.0, Avg: 0.0, Max: 0.0, Diff: 0.0, Sum: 0.0]
      [Code Root Scanning (ms): Min: 0.0, Avg: 0.0, Max: 0.0, Diff: 0.0, Sum: 0.0]
      [Object Copy (ms): Min: 0.0, Avg: 0.0, Max: 0.2, Diff: 0.2, Sum: 0.6]
      [Termination (ms): Min: 0.0, Avg: 1.6, Max: 2.5, Diff: 2.5, Sum: 28.8]
         [Termination Attempts: Min: 1, Avg: 1.0, Max: 1, Diff: 0, Sum: 18]
      [GC Worker Other (ms): Min: 0.0, Avg: 0.0, Max: 0.0, Diff: 0.0, Sum: 0.1]
      [GC Worker Total (ms): Min: 0.0, Avg: 1.7, Max: 2.9, Diff: 2.8, Sum: 29.9]
      [GC Worker End (ms): Min: 33667.1, Avg: 33667.3, Max: 33667.6, Diff: 0.5]
   [Code Root Fixup: 0.0 ms]
   [Code Root Purge: 0.0 ms]
   [Clear CT: 1.1 ms]
   [Other: 3.7 ms]
      [Choose CSet: 0.0 ms]
      [Ref Proc: 3.1 ms]
      [Ref Enq: 0.0 ms]
      [Redirty Cards: 0.6 ms]
      [Humongous Register: 0.0 ms]
      [Humongous Reclaim: 0.0 ms]
      [Free CSet: 0.0 ms]
   [Eden: 2048.0K(2048.0K)->0.0B(2048.0K) Survivors: 1024.0K->1024.0K Heap: 45022.7K(65536.0K)->40060.8K(65536.0K)]
 [Times: user=0.05 sys=0.01, real=0.01 secs] 
2026-06-17T09:49:11.484+0800: 33.685: [GC pause (G1 Evacuation Pause) (mixed), 0.0108632 secs]
   [Parallel Time: 5.3 ms, GC Workers: 18]
      [GC Worker Start (ms): Min: 33685.1, Avg: 33686.2, Max: 33688.3, Diff: 3.3]
      [Ext Root Scanning (ms): Min: 0.0, Avg: 0.0, Max: 0.3, Diff: 0.3, Sum: 0.6]
      [Update RS (ms): Min: 0.0, Avg: 0.0, Max: 0.0, Diff: 0.0, Sum: 0.0]
         [Processed Buffers: Min: 0, Avg: 0.3, Max: 3, Diff: 3, Sum: 5]
      [Scan RS (ms): Min: 0.0, Avg: 0.0, Max: 0.0, Diff: 0.0, Sum: 0.1]
      [Code Root Scanning (ms): Min: 0.0, Avg: 0.0, Max: 0.0, Diff: 0.0, Sum: 0.0]
      [Object Copy (ms): Min: 0.0, Avg: 0.0, Max: 0.2, Diff: 0.2, Sum: 0.7]
      [Termination (ms): Min: 0.0, Avg: 2.4, Max: 3.4, Diff: 3.4, Sum: 43.3]
         [Termination Attempts: Min: 1, Avg: 1.0, Max: 1, Diff: 0, Sum: 18]
      [GC Worker Other (ms): Min: 0.0, Avg: 0.0, Max: 0.0, Diff: 0.0, Sum: 0.2]
      [GC Worker Total (ms): Min: 0.0, Avg: 2.5, Max: 3.8, Diff: 3.8, Sum: 45.0]
      [GC Worker End (ms): Min: 33688.4, Avg: 33688.7, Max: 33689.2, Diff: 0.8]
   [Code Root Fixup: 0.0 ms]
   [Code Root Purge: 0.0 ms]
   [Clear CT: 1.2 ms]
   [Other: 4.4 ms]
      [Choose CSet: 0.0 ms]
      [Ref Proc: 3.7 ms]
      [Ref Enq: 0.0 ms]
      [Redirty Cards: 0.6 ms]
      [Humongous Register: 0.0 ms]
      [Humongous Reclaim: 0.0 ms]
      [Free CSet: 0.0 ms]
   [Eden: 2048.0K(2048.0K)->0.0B(5120.0K) Survivors: 1024.0K->1024.0K Heap: 42108.8K(65536.0K)->41955.7K(65536.0K)]
 [Times: user=0.07 sys=0.00, real=0.01 secs] 
2026-06-17T09:49:11.506+0800: 33.708: [GC pause (G1 Evacuation Pause) (young), 0.0151521 secs]
   [Parallel Time: 8.2 ms, GC Workers: 18]
      [GC Worker Start (ms): Min: 33707.7, Avg: 33709.2, Max: 33713.2, Diff: 5.4]
      [Ext Root Scanning (ms): Min: 0.0, Avg: 0.0, Max: 0.3, Diff: 0.3, Sum: 0.9]
      [Update RS (ms): Min: 0.0, Avg: 0.0, Max: 0.1, Diff: 0.1, Sum: 0.2]
         [Processed Buffers: Min: 0, Avg: 0.3, Max: 2, Diff: 2, Sum: 6]
      [Scan RS (ms): Min: 0.0, Avg: 0.0, Max: 0.0, Diff: 0.0, Sum: 0.0]
      [Code Root Scanning (ms): Min: 0.0, Avg: 0.0, Max: 0.0, Diff: 0.0, Sum: 0.0]
      [Object Copy (ms): Min: 0.0, Avg: 0.0, Max: 0.1, Diff: 0.1, Sum: 0.5]
      [Termination (ms): Min: 0.0, Avg: 4.2, Max: 5.9, Diff: 5.9, Sum: 75.7]
         [Termination Attempts: Min: 1, Avg: 1.0, Max: 1, Diff: 0, Sum: 18]
      [GC Worker Other (ms): Min: 0.0, Avg: 0.0, Max: 0.0, Diff: 0.0, Sum: 0.2]
      [GC Worker Total (ms): Min: 0.0, Avg: 4.3, Max: 6.1, Diff: 6.1, Sum: 77.6]
      [GC Worker End (ms): Min: 33713.2, Avg: 33713.5, Max: 33714.1, Diff: 0.9]
   [Code Root Fixup: 0.0 ms]
   [Code Root Purge: 0.0 ms]
   [Clear CT: 1.2 ms]
   [Other: 5.8 ms]
      [Choose CSet: 0.0 ms]
      [Ref Proc: 5.0 ms]
      [Ref Enq: 0.0 ms]
      [Redirty Cards: 0.7 ms]
      [Humongous Register: 0.0 ms]
      [Humongous Reclaim: 0.0 ms]
      [Free CSet: 0.0 ms]
   [Eden: 5120.0K(5120.0K)->0.0B(5120.0K) Survivors: 1024.0K->1024.0K Heap: 47075.7K(65536.0K)->43842.7K(65536.0K)]
 [Times: user=0.11 sys=0.01, real=0.01 secs] 
2026-06-17T09:49:11.533+0800: 33.734: [GC pause (G1 Evacuation Pause) (young) (initial-mark), 0.0087603 secs]
   [Parallel Time: 4.8 ms, GC Workers: 18]
      [GC Worker Start (ms): Min: 33734.5, Avg: 33734.9, Max: 33735.2, Diff: 0.7]
      [Ext Root Scanning (ms): Min: 0.0, Avg: 1.4, Max: 2.5, Diff: 2.5, Sum: 26.0]
      [Update RS (ms): Min: 0.0, Avg: 0.0, Max: 0.0, Diff: 0.0, Sum: 0.1]
         [Processed Buffers: Min: 0, Avg: 0.2, Max: 3, Diff: 3, Sum: 3]
      [Scan RS (ms): Min: 0.0, Avg: 0.0, Max: 0.0, Diff: 0.0, Sum: 0.0]
      [Code Root Scanning (ms): Min: 0.0, Avg: 0.0, Max: 0.0, Diff: 0.0, Sum: 0.0]
      [Object Copy (ms): Min: 0.0, Avg: 0.0, Max: 0.1, Diff: 0.1, Sum: 0.1]
      [Termination (ms): Min: 0.0, Avg: 1.6, Max: 2.9, Diff: 2.9, Sum: 28.5]
         [Termination Attempts: Min: 1, Avg: 1.0, Max: 1, Diff: 0, Sum: 18]
      [GC Worker Other (ms): Min: 0.0, Avg: 0.0, Max: 0.0, Diff: 0.0, Sum: 0.1]
      [GC Worker Total (ms): Min: 2.6, Avg: 3.0, Max: 3.5, Diff: 1.0, Sum: 54.8]
      [GC Worker End (ms): Min: 33737.7, Avg: 33738.0, Max: 33738.3, Diff: 0.6]
   [Code Root Fixup: 0.0 ms]
   [Code Root Purge: 0.0 ms]
   [Clear CT: 0.8 ms]
   [Other: 3.1 ms]
      [Choose CSet: 0.0 ms]
      [Ref Proc: 2.4 ms]
      [Ref Enq: 0.0 ms]
      [Redirty Cards: 0.6 ms]
      [Humongous Register: 0.0 ms]
      [Humongous Reclaim: 0.0 ms]
      [Free CSet: 0.0 ms]
   [Eden: 5120.0K(5120.0K)->0.0B(5120.0K) Survivors: 1024.0K->1024.0K Heap: 48962.7K(65536.0K)->43306.7K(65536.0K)]
 [Times: user=0.05 sys=0.00, real=0.00 secs] 
2026-06-17T09:49:11.543+0800: 33.744: [GC concurrent-root-region-scan-start]
2026-06-17T09:49:11.543+0800: 33.745: [GC concurrent-root-region-scan-end, 0.0002437 secs]
2026-06-17T09:49:11.543+0800: 33.745: [GC concurrent-mark-start]
2026-06-17T09:49:11.544+0800: 33.745: [GC concurrent-mark-end, 0.0004289 secs]
2026-06-17T09:49:11.544+0800: 33.745: [GC remark 2026-06-17T09:49:11.544+0800: 33.745: [Finalize Marking, 0.0034316 secs] 2026-06-17T09:49:11.548+0800: 33.750: [GC ref-proc, 0.0005361 secs] 2026-06-17T09:49:11.549+0800: 33.751: [Unloading, 0.0016525 secs], 0.0083864 secs]
 [Times: user=0.01 sys=0.01, real=0.01 secs] 
2026-06-17T09:49:11.553+0800: 33.755: [GC cleanup 46879K->40759K(65536K), 0.0029112 secs]
 [Times: user=0.00 sys=0.00, real=0.00 secs] 
2026-06-17T09:49:11.558+0800: 33.759: [GC concurrent-cleanup-start]
2026-06-17T09:49:11.558+0800: 33.759: [GC concurrent-cleanup-end, 0.0000077 secs]
2026-06-17T09:49:11.558+0800: 33.759: [GC pause (G1 Evacuation Pause) (young), 0.0079399 secs]
   [Parallel Time: 3.7 ms, GC Workers: 18]
      [GC Worker Start (ms): Min: 33759.0, Avg: 33760.1, Max: 33761.9, Diff: 2.9]
      [Ext Root Scanning (ms): Min: 0.0, Avg: 0.0, Max: 0.1, Diff: 0.1, Sum: 0.3]
      [Update RS (ms): Min: 0.0, Avg: 0.0, Max: 0.0, Diff: 0.0, Sum: 0.0]
         [Processed Buffers: Min: 0, Avg: 0.1, Max: 1, Diff: 1, Sum: 2]
      [Scan RS (ms): Min: 0.0, Avg: 0.0, Max: 0.0, Diff: 0.0, Sum: 0.0]
      [Code Root Scanning (ms): Min: 0.0, Avg: 0.0, Max: 0.0, Diff: 0.0, Sum: 0.0]
      [Object Copy (ms): Min: 0.0, Avg: 0.0, Max: 0.2, Diff: 0.2, Sum: 0.7]
      [Termination (ms): Min: 0.0, Avg: 1.9, Max: 2.9, Diff: 2.8, Sum: 33.7]
         [Termination Attempts: Min: 1, Avg: 1.0, Max: 1, Diff: 0, Sum: 18]
      [GC Worker Other (ms): Min: 0.0, Avg: 0.0, Max: 0.0, Diff: 0.0, Sum: 0.1]
      [GC Worker Total (ms): Min: 0.0, Avg: 1.9, Max: 3.0, Diff: 3.0, Sum: 34.8]
      [GC Worker End (ms): Min: 33762.0, Avg: 33762.1, Max: 33762.2, Diff: 0.2]
   [Code Root Fixup: 0.0 ms]
   [Code Root Purge: 0.0 ms]
   [Clear CT: 1.2 ms]
   [Other: 3.0 ms]
      [Choose CSet: 0.0 ms]
      [Ref Proc: 2.2 ms]
      [Ref Enq: 0.0 ms]
      [Redirty Cards: 0.8 ms]
      [Humongous Register: 0.0 ms]
      [Humongous Reclaim: 0.0 ms]
      [Free CSet: 0.0 ms]
   [Eden: 5120.0K(5120.0K)->0.0B(2048.0K) Survivors: 1024.0K->1024.0K Heap: 42306.2K(65536.0K)->42180.7K(65536.0K)]
 [Times: user=0.06 sys=0.00, real=0.01 secs] 
2026-06-17T09:49:11.577+0800: 33.778: [GC pause (G1 Evacuation Pause) (mixed), 0.0081757 secs]
   [Parallel Time: 4.1 ms, GC Workers: 18]
      [GC Worker Start (ms): Min: 33778.2, Avg: 33779.4, Max: 33780.9, Diff: 2.7]
      [Ext Root Scanning (ms): Min: 0.0, Avg: 0.0, Max: 0.1, Diff: 0.1, Sum: 0.4]
      [Update RS (ms): Min: 0.0, Avg: 0.0, Max: 0.0, Diff: 0.0, Sum: 0.0]
         [Processed Buffers: Min: 0, Avg: 0.1, Max: 1, Diff: 1, Sum: 2]
      [Scan RS (ms): Min: 0.0, Avg: 0.0, Max: 0.0, Diff: 0.0, Sum: 0.0]
      [Code Root Scanning (ms): Min: 0.0, Avg: 0.0, Max: 0.0, Diff: 0.0, Sum: 0.0]
      [Object Copy (ms): Min: 0.0, Avg: 0.0, Max: 0.2, Diff: 0.2, Sum: 0.8]
      [Termination (ms): Min: 0.0, Avg: 1.6, Max: 2.6, Diff: 2.6, Sum: 29.0]
         [Termination Attempts: Min: 1, Avg: 1.0, Max: 1, Diff: 0, Sum: 18]
      [GC Worker Other (ms): Min: 0.0, Avg: 0.0, Max: 0.0, Diff: 0.0, Sum: 0.1]
      [GC Worker Total (ms): Min: 0.0, Avg: 1.7, Max: 3.0, Diff: 3.0, Sum: 30.4]
      [GC Worker End (ms): Min: 33780.9, Avg: 33781.1, Max: 33781.4, Diff: 0.6]
   [Code Root Fixup: 0.0 ms]
   [Code Root Purge: 0.0 ms]
   [Clear CT: 1.1 ms]
   [Other: 3.0 ms]
      [Choose CSet: 0.0 ms]
      [Ref Proc: 2.4 ms]
      [Ref Enq: 0.0 ms]
      [Redirty Cards: 0.5 ms]
      [Humongous Register: 0.0 ms]
      [Humongous Reclaim: 0.0 ms]
      [Free CSet: 0.0 ms]
   [Eden: 2048.0K(2048.0K)->0.0B(2048.0K) Survivors: 1024.0K->1024.0K Heap: 44228.7K(65536.0K)->41039.7K(65536.0K)]
 [Times: user=0.05 sys=0.01, real=0.01 secs] 
2026-06-17T09:49:11.586+0800: 33.788: [GC pause (G1 Evacuation Pause) (mixed), 0.0067250 secs]
   [Parallel Time: 2.5 ms, GC Workers: 18]
      [GC Worker Start (ms): Min: 33787.6, Avg: 33788.3, Max: 33789.1, Diff: 1.4]
      [Ext Root Scanning (ms): Min: 0.0, Avg: 0.0, Max: 0.2, Diff: 0.2, Sum: 0.4]
      [Update RS (ms): Min: 0.0, Avg: 0.0, Max: 0.0, Diff: 0.0, Sum: 0.0]
         [Processed Buffers: Min: 0, Avg: 0.3, Max: 2, Diff: 2, Sum: 5]
      [Scan RS (ms): Min: 0.0, Avg: 0.0, Max: 0.0, Diff: 0.0, Sum: 0.1]
      [Code Root Scanning (ms): Min: 0.0, Avg: 0.0, Max: 0.0, Diff: 0.0, Sum: 0.0]
      [Object Copy (ms): Min: 0.0, Avg: 0.1, Max: 0.2, Diff: 0.2, Sum: 1.0]
      [Termination (ms): Min: 0.0, Avg: 0.8, Max: 1.4, Diff: 1.4, Sum: 15.2]
         [Termination Attempts: Min: 1, Avg: 1.0, Max: 1, Diff: 0, Sum: 18]
      [GC Worker Other (ms): Min: 0.0, Avg: 0.0, Max: 0.0, Diff: 0.0, Sum: 0.1]
      [GC Worker Total (ms): Min: 0.0, Avg: 0.9, Max: 1.7, Diff: 1.7, Sum: 16.7]
      [GC Worker End (ms): Min: 33789.1, Avg: 33789.2, Max: 33789.4, Diff: 0.3]
   [Code Root Fixup: 0.0 ms]
   [Code Root Purge: 0.0 ms]
   [Clear CT: 1.1 ms]
   [Other: 3.1 ms]
      [Choose CSet: 0.0 ms]
      [Ref Proc: 2.4 ms]
      [Ref Enq: 0.0 ms]
      [Redirty Cards: 0.6 ms]
      [Humongous Register: 0.0 ms]
      [Humongous Reclaim: 0.0 ms]
      [Free CSet: 0.0 ms]
   [Eden: 2048.0K(2048.0K)->0.0B(2048.0K) Survivors: 1024.0K->1024.0K Heap: 43087.7K(65536.0K)->39952.7K(65536.0K)]
 [Times: user=0.03 sys=0.00, real=0.01 secs] 
2026-06-17T09:49:11.604+0800: 33.805: [GC pause (G1 Evacuation Pause) (mixed), 0.0090817 secs]
   [Parallel Time: 4.0 ms, GC Workers: 18]
      [GC Worker Start (ms): Min: 33805.6, Avg: 33806.8, Max: 33808.3, Diff: 2.8]
      [Ext Root Scanning (ms): Min: 0.0, Avg: 0.0, Max: 0.2, Diff: 0.2, Sum: 0.5]
      [Update RS (ms): Min: 0.0, Avg: 0.0, Max: 0.0, Diff: 0.0, Sum: 0.1]
         [Processed Buffers: Min: 0, Avg: 0.3, Max: 3, Diff: 3, Sum: 6]
      [Scan RS (ms): Min: 0.0, Avg: 0.0, Max: 0.0, Diff: 0.0, Sum: 0.1]
      [Code Root Scanning (ms): Min: 0.0, Avg: 0.0, Max: 0.0, Diff: 0.0, Sum: 0.0]
      [Object Copy (ms): Min: 0.0, Avg: 0.0, Max: 0.1, Diff: 0.1, Sum: 0.5]
      [Termination (ms): Min: 0.0, Avg: 1.7, Max: 3.0, Diff: 3.0, Sum: 29.9]
         [Termination Attempts: Min: 1, Avg: 1.0, Max: 1, Diff: 0, Sum: 18]
      [GC Worker Other (ms): Min: 0.0, Avg: 0.0, Max: 0.0, Diff: 0.0, Sum: 0.2]
      [GC Worker Total (ms): Min: 0.0, Avg: 1.7, Max: 3.0, Diff: 3.0, Sum: 31.2]
      [GC Worker End (ms): Min: 33808.4, Avg: 33808.6, Max: 33809.0, Diff: 0.6]
   [Code Root Fixup: 0.0 ms]
   [Code Root Purge: 0.0 ms]
   [Clear CT: 0.9 ms]
   [Other: 4.2 ms]
      [Choose CSet: 0.0 ms]
      [Ref Proc: 3.5 ms]
      [Ref Enq: 0.0 ms]
      [Redirty Cards: 0.7 ms]
      [Humongous Register: 0.0 ms]
      [Humongous Reclaim: 0.0 ms]
      [Free CSet: 0.0 ms]
   [Eden: 2048.0K(2048.0K)->0.0B(7168.0K) Survivors: 1024.0K->1024.0K Heap: 42000.7K(65536.0K)->39509.7K(65536.0K)]
 [Times: user=0.05 sys=0.00, real=0.01 secs] 
2026-06-17T09:49:11.625+0800: 33.826: [GC pause (G1 Evacuation Pause) (young), 0.0190299 secs]
   [Parallel Time: 12.3 ms, GC Workers: 18]
      [GC Worker Start (ms): Min: 33826.2, Avg: 33828.6, Max: 33836.2, Diff: 10.0]
      [Ext Root Scanning (ms): Min: 0.0, Avg: 0.0, Max: 0.2, Diff: 0.2, Sum: 0.5]
      [Update RS (ms): Min: 0.0, Avg: 0.0, Max: 0.1, Diff: 0.1, Sum: 0.2]
         [Processed Buffers: Min: 0, Avg: 0.3, Max: 3, Diff: 3, Sum: 6]
      [Scan RS (ms): Min: 0.0, Avg: 0.0, Max: 0.0, Diff: 0.0, Sum: 0.0]
      [Code Root Scanning (ms): Min: 0.0, Avg: 0.0, Max: 0.0, Diff: 0.0, Sum: 0.0]
      [Object Copy (ms): Min: 0.0, Avg: 0.0, Max: 0.2, Diff: 0.2, Sum: 0.7]
      [Termination (ms): Min: 0.0, Avg: 7.9, Max: 10.2, Diff: 10.2, Sum: 142.8]
         [Termination Attempts: Min: 1, Avg: 1.0, Max: 1, Diff: 0, Sum: 18]
      [GC Worker Other (ms): Min: 0.0, Avg: 0.0, Max: 0.0, Diff: 0.0, Sum: 0.2]
      [GC Worker Total (ms): Min: 0.0, Avg: 8.0, Max: 10.6, Diff: 10.5, Sum: 144.6]
      [GC Worker End (ms): Min: 33836.3, Avg: 33836.6, Max: 33837.0, Diff: 0.8]
   [Code Root Fixup: 0.0 ms]
   [Code Root Purge: 0.0 ms]
   [Clear CT: 0.9 ms]
   [Other: 5.8 ms]
      [Choose CSet: 0.0 ms]
      [Ref Proc: 5.0 ms]
      [Ref Enq: 0.0 ms]
      [Redirty Cards: 0.7 ms]
      [Humongous Register: 0.0 ms]
      [Humongous Reclaim: 0.0 ms]
      [Free CSet: 0.0 ms]
   [Eden: 7168.0K(7168.0K)->0.0B(3072.0K) Survivors: 1024.0K->1024.0K Heap: 46677.7K(65536.0K)->44271.7K(65536.0K)]
 [Times: user=0.18 sys=0.00, real=0.02 secs] 
2026-06-17T09:49:11.656+0800: 33.857: [GC pause (G1 Evacuation Pause) (young) (initial-mark), 0.0182403 secs]
   [Parallel Time: 11.5 ms, GC Workers: 18]
      [GC Worker Start (ms): Min: 33857.3, Avg: 33858.0, Max: 33858.4, Diff: 1.1]
      [Ext Root Scanning (ms): Min: 0.0, Avg: 2.6, Max: 8.2, Diff: 8.2, Sum: 47.3]
      [Update RS (ms): Min: 0.0, Avg: 0.0, Max: 0.0, Diff: 0.0, Sum: 0.0]
         [Processed Buffers: Min: 0, Avg: 0.2, Max: 3, Diff: 3, Sum: 3]
      [Scan RS (ms): Min: 0.0, Avg: 0.0, Max: 0.0, Diff: 0.0, Sum: 0.0]
      [Code Root Scanning (ms): Min: 0.0, Avg: 0.0, Max: 0.0, Diff: 0.0, Sum: 0.0]
      [Object Copy (ms): Min: 0.0, Avg: 0.0, Max: 0.1, Diff: 0.1, Sum: 0.4]
      [Termination (ms): Min: 0.0, Avg: 6.2, Max: 8.7, Diff: 8.7, Sum: 110.9]
         [Termination Attempts: Min: 1, Avg: 1.1, Max: 2, Diff: 1, Sum: 20]
      [GC Worker Other (ms): Min: 0.0, Avg: 0.0, Max: 0.0, Diff: 0.0, Sum: 0.2]
      [GC Worker Total (ms): Min: 8.2, Avg: 8.8, Max: 10.1, Diff: 1.8, Sum: 158.9]
      [GC Worker End (ms): Min: 33866.6, Avg: 33866.8, Max: 33867.4, Diff: 0.8]
   [Code Root Fixup: 0.0 ms]
   [Code Root Purge: 0.0 ms]
   [Clear CT: 1.3 ms]
   [Other: 5.4 ms]
      [Choose CSet: 0.0 ms]
      [Ref Proc: 4.7 ms]
      [Ref Enq: 0.0 ms]
      [Redirty Cards: 0.7 ms]
      [Humongous Register: 0.0 ms]
      [Humongous Reclaim: 0.0 ms]
      [Free CSet: 0.0 ms]
   [Eden: 3072.0K(3072.0K)->0.0B(2048.0K) Survivors: 1024.0K->1024.0K Heap: 47343.7K(65536.0K)->46057.7K(65536.0K)]
 [Times: user=0.14 sys=0.01, real=0.02 secs] 
2026-06-17T09:49:11.676+0800: 33.877: [GC concurrent-root-region-scan-start]
2026-06-17T09:49:11.676+0800: 33.877: [GC concurrent-root-region-scan-end, 0.0002086 secs]
2026-06-17T09:49:11.676+0800: 33.877: [GC concurrent-mark-start]
2026-06-17T09:49:11.676+0800: 33.877: [GC concurrent-mark-end, 0.0004376 secs]
2026-06-17T09:49:11.676+0800: 33.878: [GC remark 2026-06-17T09:49:11.677+0800: 33.878: [Finalize Marking, 0.0098325 secs] 2026-06-17T09:49:11.687+0800: 33.889: [GC ref-proc, 0.0007845 secs] 2026-06-17T09:49:11.689+0800: 33.890: [Unloading, 0.0024544 secs], 0.0161447 secs]
 [Times: user=0.11 sys=0.01, real=0.02 secs] 
2026-06-17T09:49:11.694+0800: 33.895: [GC cleanup 47915K->43819K(65536K), 0.0027354 secs]
 [Times: user=0.00 sys=0.00, real=0.00 secs] 
2026-06-17T09:49:11.697+0800: 33.899: [GC concurrent-cleanup-start]
2026-06-17T09:49:11.697+0800: 33.899: [GC concurrent-cleanup-end, 0.0000062 secs]
2026-06-17T09:49:11.697+0800: 33.899: [GC pause (G1 Evacuation Pause) (young), 0.0127774 secs]
   [Parallel Time: 8.3 ms, GC Workers: 18]
      [GC Worker Start (ms): Min: 33898.8, Avg: 33900.2, Max: 33905.5, Diff: 6.7]
      [Ext Root Scanning (ms): Min: 0.0, Avg: 0.0, Max: 0.1, Diff: 0.1, Sum: 0.3]
      [Update RS (ms): Min: 0.0, Avg: 0.0, Max: 0.0, Diff: 0.0, Sum: 0.0]
         [Processed Buffers: Min: 0, Avg: 0.1, Max: 1, Diff: 1, Sum: 2]
      [Scan RS (ms): Min: 0.0, Avg: 0.0, Max: 0.0, Diff: 0.0, Sum: 0.0]
      [Code Root Scanning (ms): Min: 0.0, Avg: 0.0, Max: 0.0, Diff: 0.0, Sum: 0.0]
      [Object Copy (ms): Min: 0.0, Avg: 0.0, Max: 0.0, Diff: 0.0, Sum: 0.1]
      [Termination (ms): Min: 0.0, Avg: 5.4, Max: 6.9, Diff: 6.9, Sum: 97.3]
         [Termination Attempts: Min: 1, Avg: 1.0, Max: 1, Diff: 0, Sum: 18]
      [GC Worker Other (ms): Min: 0.0, Avg: 0.0, Max: 0.0, Diff: 0.0, Sum: 0.1]
      [GC Worker Total (ms): Min: 0.0, Avg: 5.4, Max: 7.1, Diff: 7.1, Sum: 97.9]
      [GC Worker End (ms): Min: 33905.5, Avg: 33905.6, Max: 33905.8, Diff: 0.3]
   [Code Root Fixup: 0.0 ms]
   [Code Root Purge: 0.0 ms]
   [Clear CT: 1.6 ms]
   [Other: 2.9 ms]
      [Choose CSet: 0.0 ms]
      [Ref Proc: 2.2 ms]
      [Ref Enq: 0.0 ms]
      [Redirty Cards: 0.7 ms]
      [Humongous Register: 0.0 ms]
      [Humongous Reclaim: 0.0 ms]
      [Free CSet: 0.0 ms]
   [Eden: 2048.0K(2048.0K)->0.0B(2048.0K) Survivors: 1024.0K->1024.0K Heap: 44009.7K(65536.0K)->41787.1K(65536.0K)]
 [Times: user=0.12 sys=0.01, real=0.02 secs] 
2026-06-17T09:49:11.712+0800: 33.913: [GC pause (G1 Evacuation Pause) (mixed), 0.0072532 secs]
   [Parallel Time: 3.2 ms, GC Workers: 18]
      [GC Worker Start (ms): Min: 33912.9, Avg: 33914.1, Max: 33915.2, Diff: 2.3]
      [Ext Root Scanning (ms): Min: 0.0, Avg: 0.0, Max: 0.1, Diff: 0.1, Sum: 0.3]
      [Update RS (ms): Min: 0.0, Avg: 0.0, Max: 0.0, Diff: 0.0, Sum: 0.0]
         [Processed Buffers: Min: 0, Avg: 0.1, Max: 1, Diff: 1, Sum: 2]
      [Scan RS (ms): Min: 0.0, Avg: 0.0, Max: 0.0, Diff: 0.0, Sum: 0.0]
      [Code Root Scanning (ms): Min: 0.0, Avg: 0.0, Max: 0.0, Diff: 0.0, Sum: 0.0]
      [Object Copy (ms): Min: 0.0, Avg: 0.0, Max: 0.2, Diff: 0.2, Sum: 0.8]
      [Termination (ms): Min: 0.0, Avg: 1.2, Max: 2.1, Diff: 2.1, Sum: 21.1]
         [Termination Attempts: Min: 1, Avg: 1.0, Max: 1, Diff: 0, Sum: 18]
      [GC Worker Other (ms): Min: 0.0, Avg: 0.0, Max: 0.0, Diff: 0.0, Sum: 0.1]
      [GC Worker Total (ms): Min: 0.0, Avg: 1.2, Max: 2.4, Diff: 2.4, Sum: 22.3]
      [GC Worker End (ms): Min: 33915.2, Avg: 33915.3, Max: 33915.5, Diff: 0.3]
   [Code Root Fixup: 0.0 ms]
   [Code Root Purge: 0.0 ms]
   [Clear CT: 1.1 ms]
   [Other: 2.9 ms]
      [Choose CSet: 0.0 ms]
      [Ref Proc: 2.1 ms]
      [Ref Enq: 0.0 ms]
      [Redirty Cards: 0.8 ms]
      [Humongous Register: 0.0 ms]
      [Humongous Reclaim: 0.0 ms]
      [Free CSet: 0.0 ms]
   [Eden: 2048.0K(2048.0K)->0.0B(2048.0K) Survivors: 1024.0K->1024.0K Heap: 43835.1K(65536.0K)->39591.7K(65536.0K)]
 [Times: user=0.03 sys=0.00, real=0.00 secs] 
2026-06-17T09:49:11.720+0800: 33.921: [GC pause (G1 Evacuation Pause) (mixed), 0.0092562 secs]
   [Parallel Time: 5.5 ms, GC Workers: 18]
      [GC Worker Start (ms): Min: 33921.3, Avg: 33922.4, Max: 33926.1, Diff: 4.8]
      [Ext Root Scanning (ms): Min: 0.0, Avg: 0.0, Max: 0.1, Diff: 0.1, Sum: 0.3]
      [Update RS (ms): Min: 0.0, Avg: 0.0, Max: 0.0, Diff: 0.0, Sum: 0.0]
         [Processed Buffers: Min: 0, Avg: 0.2, Max: 3, Diff: 3, Sum: 4]
      [Scan RS (ms): Min: 0.0, Avg: 0.0, Max: 0.0, Diff: 0.0, Sum: 0.1]
      [Code Root Scanning (ms): Min: 0.0, Avg: 0.0, Max: 0.0, Diff: 0.0, Sum: 0.0]
      [Object Copy (ms): Min: 0.0, Avg: 0.1, Max: 0.3, Diff: 0.3, Sum: 1.0]
      [Termination (ms): Min: 0.0, Avg: 3.7, Max: 4.5, Diff: 4.5, Sum: 65.7]
         [Termination Attempts: Min: 1, Avg: 1.3, Max: 3, Diff: 2, Sum: 23]
      [GC Worker Other (ms): Min: 0.0, Avg: 0.0, Max: 0.0, Diff: 0.0, Sum: 0.1]
      [GC Worker Total (ms): Min: 0.0, Avg: 3.7, Max: 4.9, Diff: 4.9, Sum: 67.1]
      [GC Worker End (ms): Min: 33926.1, Avg: 33926.2, Max: 33926.3, Diff: 0.2]
   [Code Root Fixup: 0.0 ms]
   [Code Root Purge: 0.0 ms]
   [Clear CT: 0.6 ms]
   [Other: 3.2 ms]
      [Choose CSet: 0.0 ms]
      [Ref Proc: 2.6 ms]
      [Ref Enq: 0.0 ms]
      [Redirty Cards: 0.6 ms]
      [Humongous Register: 0.0 ms]
      [Humongous Reclaim: 0.0 ms]
      [Free CSet: 0.0 ms]
   [Eden: 2048.0K(2048.0K)->0.0B(7168.0K) Survivors: 1024.0K->1024.0K Heap: 41639.7K(65536.0K)->39060.7K(65536.0K)]
 [Times: user=0.09 sys=0.00, real=0.01 secs] 
2026-06-17T09:49:11.751+0800: 33.952: [GC pause (G1 Evacuation Pause) (young), 0.0141893 secs]
   [Parallel Time: 6.3 ms, GC Workers: 18]
      [GC Worker Start (ms): Min: 33952.4, Avg: 33953.7, Max: 33957.0, Diff: 4.5]
      [Ext Root Scanning (ms): Min: 0.0, Avg: 0.0, Max: 0.2, Diff: 0.2, Sum: 0.5]
      [Update RS (ms): Min: 0.0, Avg: 0.0, Max: 0.1, Diff: 0.1, Sum: 0.2]
         [Processed Buffers: Min: 0, Avg: 0.3, Max: 2, Diff: 2, Sum: 6]
      [Scan RS (ms): Min: 0.0, Avg: 0.0, Max: 0.0, Diff: 0.0, Sum: 0.0]
      [Code Root Scanning (ms): Min: 0.0, Avg: 0.0, Max: 0.0, Diff: 0.0, Sum: 0.0]
      [Object Copy (ms): Min: 0.0, Avg: 0.0, Max: 0.2, Diff: 0.2, Sum: 0.6]
      [Termination (ms): Min: 0.0, Avg: 3.4, Max: 4.4, Diff: 4.4, Sum: 60.9]
         [Termination Attempts: Min: 1, Avg: 1.0, Max: 1, Diff: 0, Sum: 18]
      [GC Worker Other (ms): Min: 0.0, Avg: 0.0, Max: 0.0, Diff: 0.0, Sum: 0.2]
      [GC Worker Total (ms): Min: 0.0, Avg: 3.5, Max: 4.9, Diff: 4.8, Sum: 62.4]
      [GC Worker End (ms): Min: 33957.0, Avg: 33957.1, Max: 33957.5, Diff: 0.5]
   [Code Root Fixup: 0.0 ms]
   [Code Root Purge: 0.0 ms]
   [Clear CT: 0.6 ms]
   [Other: 7.3 ms]
      [Choose CSet: 0.0 ms]
      [Ref Proc: 6.7 ms]
      [Ref Enq: 0.0 ms]
      [Redirty Cards: 0.5 ms]
      [Humongous Register: 0.0 ms]
      [Humongous Reclaim: 0.0 ms]
      [Free CSet: 0.0 ms]
   [Eden: 7168.0K(7168.0K)->0.0B(4096.0K) Survivors: 1024.0K->1024.0K Heap: 46228.7K(65536.0K)->42951.7K(65536.0K)]
 [Times: user=0.14 sys=0.00, real=0.01 secs] 
2026-06-17T09:49:11.777+0800: 33.978: [GC pause (G1 Evacuation Pause) (young) (initial-mark), 0.0145134 secs]
   [Parallel Time: 9.3 ms, GC Workers: 18]
      [GC Worker Start (ms): Min: 33978.2, Avg: 33978.7, Max: 33979.1, Diff: 0.9]
      [Ext Root Scanning (ms): Min: 0.0, Avg: 1.8, Max: 6.5, Diff: 6.5, Sum: 32.3]
      [Update RS (ms): Min: 0.0, Avg: 0.0, Max: 0.0, Diff: 0.0, Sum: 0.0]
         [Processed Buffers: Min: 0, Avg: 0.1, Max: 2, Diff: 2, Sum: 2]
      [Scan RS (ms): Min: 0.0, Avg: 0.0, Max: 0.0, Diff: 0.0, Sum: 0.0]
      [Code Root Scanning (ms): Min: 0.0, Avg: 0.0, Max: 0.0, Diff: 0.0, Sum: 0.0]
      [Object Copy (ms): Min: 0.0, Avg: 0.0, Max: 0.1, Diff: 0.1, Sum: 0.2]
      [Termination (ms): Min: 0.0, Avg: 5.2, Max: 6.8, Diff: 6.8, Sum: 93.7]
         [Termination Attempts: Min: 1, Avg: 1.0, Max: 1, Diff: 0, Sum: 18]
      [GC Worker Other (ms): Min: 0.0, Avg: 0.0, Max: 0.0, Diff: 0.0, Sum: 0.2]
      [GC Worker Total (ms): Min: 6.5, Avg: 7.0, Max: 7.7, Diff: 1.2, Sum: 126.4]
      [GC Worker End (ms): Min: 33985.6, Avg: 33985.8, Max: 33986.3, Diff: 0.7]
   [Code Root Fixup: 0.0 ms]
   [Code Root Purge: 0.0 ms]
   [Clear CT: 1.5 ms]
   [Other: 3.7 ms]
      [Choose CSet: 0.0 ms]
      [Ref Proc: 3.0 ms]
      [Ref Enq: 0.0 ms]
      [Redirty Cards: 0.6 ms]
      [Humongous Register: 0.0 ms]
      [Humongous Reclaim: 0.0 ms]
      [Free CSet: 0.0 ms]
   [Eden: 4096.0K(4096.0K)->0.0B(5120.0K) Survivors: 1024.0K->1024.0K Heap: 47047.7K(65536.0K)->42756.2K(65536.0K)]
 [Times: user=0.12 sys=0.01, real=0.02 secs] 
2026-06-17T09:49:11.792+0800: 33.994: [GC concurrent-root-region-scan-start]
2026-06-17T09:49:11.793+0800: 33.994: [GC concurrent-root-region-scan-end, 0.0002361 secs]
2026-06-17T09:49:11.793+0800: 33.994: [GC concurrent-mark-start]
2026-06-17T09:49:11.793+0800: 33.995: [GC concurrent-mark-end, 0.0005813 secs]
2026-06-17T09:49:11.793+0800: 33.995: [GC remark 2026-06-17T09:49:11.794+0800: 33.995: [Finalize Marking, 0.0032195 secs] 2026-06-17T09:49:11.798+0800: 33.999: [GC ref-proc, 0.0004316 secs] 2026-06-17T09:49:11.798+0800: 34.000: [Unloading, 0.0013977 secs], 0.0075004 secs]
 [Times: user=0.03 sys=0.00, real=0.00 secs] 
2026-06-17T09:49:11.802+0800: 34.003: [GC cleanup 44239K->40143K(65536K), 0.0027200 secs]
 [Times: user=0.00 sys=0.00, real=0.01 secs] 
2026-06-17T09:49:11.806+0800: 34.007: [GC concurrent-cleanup-start]
2026-06-17T09:49:11.806+0800: 34.007: [GC concurrent-cleanup-end, 0.0000065 secs]
2026-06-17T09:49:11.817+0800: 34.018: [GC pause (G1 Evacuation Pause) (young), 0.0162321 secs]
   [Parallel Time: 11.0 ms, GC Workers: 18]
      [GC Worker Start (ms): Min: 34017.8, Avg: 34019.5, Max: 34026.7, Diff: 8.8]
      [Ext Root Scanning (ms): Min: 0.0, Avg: 0.0, Max: 0.2, Diff: 0.2, Sum: 0.5]
      [Update RS (ms): Min: 0.0, Avg: 0.0, Max: 0.0, Diff: 0.0, Sum: 0.0]
         [Processed Buffers: Min: 0, Avg: 0.2, Max: 1, Diff: 1, Sum: 3]
      [Scan RS (ms): Min: 0.0, Avg: 0.0, Max: 0.0, Diff: 0.0, Sum: 0.0]
      [Code Root Scanning (ms): Min: 0.0, Avg: 0.0, Max: 0.0, Diff: 0.0, Sum: 0.0]
      [Object Copy (ms): Min: 0.0, Avg: 0.0, Max: 0.1, Diff: 0.1, Sum: 0.3]
      [Termination (ms): Min: 0.0, Avg: 7.4, Max: 8.8, Diff: 8.8, Sum: 132.9]
         [Termination Attempts: Min: 1, Avg: 1.0, Max: 1, Diff: 0, Sum: 18]
      [GC Worker Other (ms): Min: 0.0, Avg: 0.0, Max: 0.0, Diff: 0.0, Sum: 0.2]
      [GC Worker Total (ms): Min: 0.0, Avg: 7.4, Max: 9.1, Diff: 9.0, Sum: 133.9]
      [GC Worker End (ms): Min: 34026.7, Avg: 34026.9, Max: 34027.4, Diff: 0.7]
   [Code Root Fixup: 0.0 ms]
   [Code Root Purge: 0.0 ms]
   [Clear CT: 1.5 ms]
   [Other: 3.7 ms]
      [Choose CSet: 0.0 ms]
      [Ref Proc: 3.1 ms]
      [Ref Enq: 0.0 ms]
      [Redirty Cards: 0.5 ms]
      [Humongous Register: 0.0 ms]
      [Humongous Reclaim: 0.0 ms]
      [Free CSet: 0.0 ms]
   [Eden: 5120.0K(5120.0K)->0.0B(2048.0K) Survivors: 1024.0K->1024.0K Heap: 43780.2K(65536.0K)->40163.7K(65536.0K)]
 [Times: user=0.16 sys=0.01, real=0.02 secs] 
2026-06-17T09:49:11.834+0800: 34.035: [GC pause (G1 Evacuation Pause) (mixed), 0.0082787 secs]
   [Parallel Time: 3.5 ms, GC Workers: 18]
      [GC Worker Start (ms): Min: 34035.1, Avg: 34035.9, Max: 34037.5, Diff: 2.4]
      [Ext Root Scanning (ms): Min: 0.0, Avg: 0.0, Max: 0.1, Diff: 0.1, Sum: 0.3]
      [Update RS (ms): Min: 0.0, Avg: 0.0, Max: 0.0, Diff: 0.0, Sum: 0.0]
         [Processed Buffers: Min: 0, Avg: 0.1, Max: 1, Diff: 1, Sum: 2]
      [Scan RS (ms): Min: 0.0, Avg: 0.0, Max: 0.0, Diff: 0.0, Sum: 0.0]
      [Code Root Scanning (ms): Min: 0.0, Avg: 0.0, Max: 0.0, Diff: 0.0, Sum: 0.0]
      [Object Copy (ms): Min: 0.0, Avg: 0.1, Max: 0.4, Diff: 0.4, Sum: 1.3]
      [Termination (ms): Min: 0.0, Avg: 1.6, Max: 2.2, Diff: 2.2, Sum: 29.2]
         [Termination Attempts: Min: 1, Avg: 1.0, Max: 1, Diff: 0, Sum: 18]
      [GC Worker Other (ms): Min: 0.0, Avg: 0.0, Max: 0.0, Diff: 0.0, Sum: 0.1]
      [GC Worker Total (ms): Min: 0.0, Avg: 1.7, Max: 2.7, Diff: 2.7, Sum: 30.9]
      [GC Worker End (ms): Min: 34037.5, Avg: 34037.7, Max: 34037.9, Diff: 0.4]
   [Code Root Fixup: 0.0 ms]
   [Code Root Purge: 0.0 ms]
   [Clear CT: 1.5 ms]
   [Other: 3.3 ms]
      [Choose CSet: 0.0 ms]
      [Ref Proc: 2.7 ms]
      [Ref Enq: 0.0 ms]
      [Redirty Cards: 0.5 ms]
      [Humongous Register: 0.0 ms]
      [Humongous Reclaim: 0.0 ms]
      [Free CSet: 0.0 ms]
   [Eden: 2048.0K(2048.0K)->0.0B(2048.0K) Survivors: 1024.0K->1024.0K Heap: 42211.7K(65536.0K)->40182.7K(65536.0K)]
 [Times: user=0.06 sys=0.00, real=0.01 secs] 
2026-06-17T09:49:11.854+0800: 34.055: [GC pause (G1 Evacuation Pause) (mixed), 0.0131924 secs]
   [Parallel Time: 7.9 ms, GC Workers: 18]
      [GC Worker Start (ms): Min: 34054.9, Avg: 34056.2, Max: 34060.9, Diff: 6.0]
      [Ext Root Scanning (ms): Min: 0.0, Avg: 0.0, Max: 0.2, Diff: 0.2, Sum: 0.5]
      [Update RS (ms): Min: 0.0, Avg: 0.0, Max: 0.0, Diff: 0.0, Sum: 0.1]
         [Processed Buffers: Min: 0, Avg: 0.3, Max: 2, Diff: 2, Sum: 5]
      [Scan RS (ms): Min: 0.0, Avg: 0.0, Max: 0.0, Diff: 0.0, Sum: 0.1]
      [Code Root Scanning (ms): Min: 0.0, Avg: 0.0, Max: 0.0, Diff: 0.0, Sum: 0.0]
      [Object Copy (ms): Min: 0.0, Avg: 0.0, Max: 0.1, Diff: 0.1, Sum: 0.4]
      [Termination (ms): Min: 0.0, Avg: 4.8, Max: 5.9, Diff: 5.9, Sum: 86.9]
         [Termination Attempts: Min: 1, Avg: 1.0, Max: 1, Diff: 0, Sum: 18]
      [GC Worker Other (ms): Min: 0.0, Avg: 0.0, Max: 0.0, Diff: 0.0, Sum: 0.2]
      [GC Worker Total (ms): Min: 0.0, Avg: 4.9, Max: 6.2, Diff: 6.1, Sum: 88.2]
      [GC Worker End (ms): Min: 34060.9, Avg: 34061.1, Max: 34061.7, Diff: 0.7]
   [Code Root Fixup: 0.0 ms]
   [Code Root Purge: 0.0 ms]
   [Clear CT: 0.8 ms]
   [Other: 4.5 ms]
      [Choose CSet: 0.0 ms]
      [Ref Proc: 3.8 ms]
      [Ref Enq: 0.0 ms]
      [Redirty Cards: 0.6 ms]
      [Humongous Register: 0.0 ms]
      [Humongous Reclaim: 0.0 ms]
      [Free CSet: 0.0 ms]
   [Eden: 2048.0K(2048.0K)->0.0B(6144.0K) Survivors: 1024.0K->1024.0K Heap: 42230.7K(65536.0K)->41195.7K(65536.0K)]
 [Times: user=0.11 sys=0.01, real=0.01 secs] 
2026-06-17T09:49:11.868+0800: 34.069: [GC pause (G1 Humongous Allocation) (young) (initial-mark), 0.0066939 secs]
   [Parallel Time: 2.6 ms, GC Workers: 18]
      [GC Worker Start (ms): Min: 34069.5, Avg: 34069.7, Max: 34069.9, Diff: 0.4]
      [Ext Root Scanning (ms): Min: 0.0, Avg: 1.0, Max: 1.7, Diff: 1.7, Sum: 18.9]
      [Update RS (ms): Min: 0.0, Avg: 0.0, Max: 0.0, Diff: 0.0, Sum: 0.1]
         [Processed Buffers: Min: 0, Avg: 0.2, Max: 2, Diff: 2, Sum: 3]
      [Scan RS (ms): Min: 0.0, Avg: 0.0, Max: 0.0, Diff: 0.0, Sum: 0.0]
      [Code Root Scanning (ms): Min: 0.0, Avg: 0.0, Max: 0.0, Diff: 0.0, Sum: 0.0]
      [Object Copy (ms): Min: 0.0, Avg: 0.0, Max: 0.1, Diff: 0.1, Sum: 0.2]
      [Termination (ms): Min: 0.0, Avg: 0.8, Max: 1.6, Diff: 1.6, Sum: 14.3]
         [Termination Attempts: Min: 1, Avg: 1.0, Max: 1, Diff: 0, Sum: 18]
      [GC Worker Other (ms): Min: 0.0, Avg: 0.0, Max: 0.0, Diff: 0.0, Sum: 0.1]
      [GC Worker Total (ms): Min: 1.7, Avg: 1.9, Max: 2.1, Diff: 0.4, Sum: 33.5]
      [GC Worker End (ms): Min: 34071.6, Avg: 34071.6, Max: 34071.7, Diff: 0.2]
   [Code Root Fixup: 0.0 ms]
   [Code Root Purge: 0.0 ms]
   [Clear CT: 0.8 ms]
   [Other: 3.3 ms]
      [Choose CSet: 0.0 ms]
      [Ref Proc: 2.7 ms]
      [Ref Enq: 0.0 ms]
      [Redirty Cards: 0.6 ms]
      [Humongous Register: 0.0 ms]
      [Humongous Reclaim: 0.0 ms]
      [Free CSet: 0.0 ms]
   [Eden: 6144.0K(6144.0K)->0.0B(5120.0K) Survivors: 1024.0K->1024.0K Heap: 46691.7K(65536.0K)->42799.7K(65536.0K)]
 [Times: user=0.03 sys=0.01, real=0.01 secs] 
2026-06-17T09:49:11.876+0800: 34.077: [GC concurrent-root-region-scan-start]
2026-06-17T09:49:11.876+0800: 34.078: [GC concurrent-root-region-scan-end, 0.0002174 secs]
2026-06-17T09:49:11.876+0800: 34.078: [GC concurrent-mark-start]
2026-06-17T09:49:11.877+0800: 34.078: [GC concurrent-mark-end, 0.0005770 secs]
2026-06-17T09:49:11.877+0800: 34.078: [GC remark 2026-06-17T09:49:11.878+0800: 34.079: [Finalize Marking, 0.0079576 secs] 2026-06-17T09:49:11.886+0800: 34.087: [GC ref-proc, 0.0006094 secs] 2026-06-17T09:49:11.887+0800: 34.088: [Unloading, 0.0018101 secs], 0.0130164 secs]
 [Times: user=0.10 sys=0.00, real=0.02 secs] 
2026-06-17T09:49:11.891+0800: 34.092: [GC cleanup 45239K->44215K(65536K), 0.0030035 secs]
 [Times: user=0.00 sys=0.00, real=0.00 secs] 
2026-06-17T09:49:11.895+0800: 34.096: [GC concurrent-cleanup-start]
2026-06-17T09:49:11.895+0800: 34.096: [GC concurrent-cleanup-end, 0.0000085 secs]
2026-06-17T09:49:11.906+0800: 34.107: [GC pause (G1 Evacuation Pause) (young), 0.0123325 secs]
   [Parallel Time: 8.7 ms, GC Workers: 18]
      [GC Worker Start (ms): Min: 34106.8, Avg: 34108.3, Max: 34113.6, Diff: 6.8]
      [Ext Root Scanning (ms): Min: 0.0, Avg: 0.0, Max: 0.2, Diff: 0.2, Sum: 0.4]
      [Update RS (ms): Min: 0.0, Avg: 0.0, Max: 0.0, Diff: 0.0, Sum: 0.0]
         [Processed Buffers: Min: 0, Avg: 0.2, Max: 2, Diff: 2, Sum: 3]
      [Scan RS (ms): Min: 0.0, Avg: 0.0, Max: 0.0, Diff: 0.0, Sum: 0.0]
      [Code Root Scanning (ms): Min: 0.0, Avg: 0.0, Max: 0.0, Diff: 0.0, Sum: 0.0]
      [Object Copy (ms): Min: 0.0, Avg: 0.0, Max: 0.1, Diff: 0.1, Sum: 0.3]
      [Termination (ms): Min: 0.0, Avg: 5.5, Max: 7.1, Diff: 7.1, Sum: 99.1]
         [Termination Attempts: Min: 1, Avg: 1.1, Max: 2, Diff: 1, Sum: 19]
      [GC Worker Other (ms): Min: 0.0, Avg: 0.0, Max: 0.0, Diff: 0.0, Sum: 0.2]
      [GC Worker Total (ms): Min: 0.0, Avg: 5.6, Max: 7.3, Diff: 7.2, Sum: 100.1]
      [GC Worker End (ms): Min: 34113.6, Avg: 34113.8, Max: 34114.3, Diff: 0.6]
   [Code Root Fixup: 0.0 ms]
   [Code Root Purge: 0.0 ms]
   [Clear CT: 1.2 ms]
   [Other: 2.5 ms]
      [Choose CSet: 0.0 ms]
      [Ref Proc: 1.7 ms]
      [Ref Enq: 0.0 ms]
      [Redirty Cards: 0.7 ms]
      [Humongous Register: 0.0 ms]
      [Humongous Reclaim: 0.0 ms]
      [Free CSet: 0.0 ms]
   [Eden: 5120.0K(5120.0K)->0.0B(2048.0K) Survivors: 1024.0K->1024.0K Heap: 48314.7K(65536.0K)->39055.6K(65536.0K)]
 [Times: user=0.12 sys=0.00, real=0.01 secs] 
2026-06-17T09:49:11.929+0800: 34.131: [GC pause (G1 Evacuation Pause) (mixed), 0.0133587 secs]
   [Parallel Time: 6.8 ms, GC Workers: 18]
      [GC Worker Start (ms): Min: 34130.6, Avg: 34132.2, Max: 34135.0, Diff: 4.3]
      [Ext Root Scanning (ms): Min: 0.0, Avg: 0.0, Max: 0.2, Diff: 0.2, Sum: 0.3]
      [Update RS (ms): Min: 0.0, Avg: 0.0, Max: 0.0, Diff: 0.0, Sum: 0.0]
         [Processed Buffers: Min: 0, Avg: 0.2, Max: 2, Diff: 2, Sum: 3]
      [Scan RS (ms): Min: 0.0, Avg: 0.0, Max: 0.0, Diff: 0.0, Sum: 0.1]
      [Code Root Scanning (ms): Min: 0.0, Avg: 0.0, Max: 0.0, Diff: 0.0, Sum: 0.0]
      [Object Copy (ms): Min: 0.0, Avg: 0.0, Max: 0.2, Diff: 0.2, Sum: 0.7]
      [Termination (ms): Min: 0.0, Avg: 3.1, Max: 4.8, Diff: 4.8, Sum: 55.8]
         [Termination Attempts: Min: 1, Avg: 1.0, Max: 1, Diff: 0, Sum: 18]
      [GC Worker Other (ms): Min: 0.0, Avg: 0.0, Max: 0.0, Diff: 0.0, Sum: 0.2]
      [GC Worker Total (ms): Min: 0.0, Avg: 3.2, Max: 5.0, Diff: 5.0, Sum: 57.3]
      [GC Worker End (ms): Min: 34135.0, Avg: 34135.3, Max: 34135.8, Diff: 0.8]
   [Code Root Fixup: 0.0 ms]
   [Code Root Purge: 0.0 ms]
   [Clear CT: 1.1 ms]
   [Other: 5.5 ms]
      [Choose CSet: 0.0 ms]
      [Ref Proc: 4.6 ms]
      [Ref Enq: 0.0 ms]
      [Redirty Cards: 0.8 ms]
      [Humongous Register: 0.0 ms]
      [Humongous Reclaim: 0.0 ms]
      [Free CSet: 0.0 ms]
   [Eden: 2048.0K(2048.0K)->0.0B(12288.0K) Survivors: 1024.0K->1024.0K Heap: 41103.6K(65536.0K)->35129.1K(65536.0K)]
 [Times: user=0.08 sys=0.01, real=0.02 secs] 
2026-06-17T09:49:11.976+0800: 34.177: [GC pause (G1 Evacuation Pause) (young), 0.0149709 secs]
   [Parallel Time: 9.6 ms, GC Workers: 18]
      [GC Worker Start (ms): Min: 34177.2, Avg: 34179.2, Max: 34185.3, Diff: 8.0]
      [Ext Root Scanning (ms): Min: 0.0, Avg: 0.0, Max: 0.4, Diff: 0.4, Sum: 0.9]
      [Update RS (ms): Min: 0.0, Avg: 0.0, Max: 0.1, Diff: 0.1, Sum: 0.3]
         [Processed Buffers: Min: 0, Avg: 0.2, Max: 2, Diff: 2, Sum: 4]
      [Scan RS (ms): Min: 0.0, Avg: 0.0, Max: 0.0, Diff: 0.0, Sum: 0.0]
      [Code Root Scanning (ms): Min: 0.0, Avg: 0.0, Max: 0.0, Diff: 0.0, Sum: 0.0]
      [Object Copy (ms): Min: 0.0, Avg: 0.0, Max: 0.2, Diff: 0.2, Sum: 0.5]
      [Termination (ms): Min: 0.0, Avg: 6.2, Max: 7.9, Diff: 7.9, Sum: 111.1]
         [Termination Attempts: Min: 1, Avg: 1.0, Max: 1, Diff: 0, Sum: 18]
      [GC Worker Other (ms): Min: 0.0, Avg: 0.0, Max: 0.0, Diff: 0.0, Sum: 0.2]
      [GC Worker Total (ms): Min: 0.0, Avg: 6.3, Max: 8.3, Diff: 8.3, Sum: 112.9]
      [GC Worker End (ms): Min: 34185.3, Avg: 34185.5, Max: 34185.9, Diff: 0.6]
   [Code Root Fixup: 0.0 ms]
   [Code Root Purge: 0.0 ms]
   [Clear CT: 0.7 ms]
   [Other: 4.6 ms]
      [Choose CSet: 0.0 ms]
      [Ref Proc: 3.9 ms]
      [Ref Enq: 0.0 ms]
      [Redirty Cards: 0.6 ms]
      [Humongous Register: 0.0 ms]
      [Humongous Reclaim: 0.0 ms]
      [Free CSet: 0.0 ms]
   [Eden: 12288.0K(12288.0K)->0.0B(12288.0K) Survivors: 1024.0K->2048.0K Heap: 47417.1K(65536.0K)->37513.1K(65536.0K)]
 [Times: user=0.14 sys=0.01, real=0.02 secs] 
2026-06-17T09:49:12.014+0800: 34.215: [GC pause (G1 Evacuation Pause) (young) (initial-mark), 0.0175107 secs]
   [Parallel Time: 9.4 ms, GC Workers: 18]
      [GC Worker Start (ms): Min: 34215.3, Avg: 34216.4, Max: 34217.2, Diff: 1.9]
      [Ext Root Scanning (ms): Min: 0.0, Avg: 2.6, Max: 5.0, Diff: 4.9, Sum: 45.9]
      [Update RS (ms): Min: 0.0, Avg: 0.0, Max: 0.0, Diff: 0.0, Sum: 0.1]
         [Processed Buffers: Min: 0, Avg: 0.1, Max: 2, Diff: 2, Sum: 2]
      [Scan RS (ms): Min: 0.0, Avg: 0.0, Max: 0.0, Diff: 0.0, Sum: 0.1]
      [Code Root Scanning (ms): Min: 0.0, Avg: 0.0, Max: 0.0, Diff: 0.0, Sum: 0.0]
      [Object Copy (ms): Min: 0.0, Avg: 0.1, Max: 0.6, Diff: 0.6, Sum: 1.4]
      [Termination (ms): Min: 0.0, Avg: 3.2, Max: 5.0, Diff: 5.0, Sum: 57.9]
         [Termination Attempts: Min: 1, Avg: 1.1, Max: 2, Diff: 1, Sum: 20]
      [GC Worker Other (ms): Min: 0.0, Avg: 0.0, Max: 0.0, Diff: 0.0, Sum: 0.2]
      [GC Worker Total (ms): Min: 5.0, Avg: 5.9, Max: 7.2, Diff: 2.2, Sum: 105.6]
      [GC Worker End (ms): Min: 34222.1, Avg: 34222.3, Max: 34222.6, Diff: 0.5]
   [Code Root Fixup: 0.0 ms]
   [Code Root Purge: 0.0 ms]
   [Clear CT: 1.7 ms]
   [Other: 6.4 ms]
      [Choose CSet: 0.0 ms]
      [Ref Proc: 5.2 ms]
      [Ref Enq: 0.0 ms]
      [Redirty Cards: 1.0 ms]
      [Humongous Register: 0.0 ms]
      [Humongous Reclaim: 0.0 ms]
      [Free CSet: 0.0 ms]
   [Eden: 12288.0K(12288.0K)->0.0B(7168.0K) Survivors: 2048.0K->2048.0K Heap: 49801.1K(65536.0K)->42535.6K(65536.0K)]
 [Times: user=0.10 sys=0.00, real=0.02 secs] 
2026-06-17T09:49:12.033+0800: 34.234: [GC concurrent-root-region-scan-start]
2026-06-17T09:49:12.033+0800: 34.234: [GC concurrent-root-region-scan-end, 0.0003232 secs]
2026-06-17T09:49:12.033+0800: 34.234: [GC concurrent-mark-start]
2026-06-17T09:49:12.034+0800: 34.235: [GC concurrent-mark-end, 0.0005971 secs]
2026-06-17T09:49:12.034+0800: 34.235: [GC remark 2026-06-17T09:49:12.034+0800: 34.236: [Finalize Marking, 0.0100804 secs] 2026-06-17T09:49:12.045+0800: 34.246: [GC ref-proc, 0.0006952 secs] 2026-06-17T09:49:12.046+0800: 34.248: [Unloading, 0.0021445 secs], 0.0160098 secs]
 [Times: user=0.12 sys=0.01, real=0.01 secs] 
2026-06-17T09:49:12.051+0800: 34.252: [GC cleanup 44484K->39364K(65536K), 0.0029069 secs]
 [Times: user=0.00 sys=0.00, real=0.00 secs] 
2026-06-17T09:49:12.055+0800: 34.256: [GC concurrent-cleanup-start]
2026-06-17T09:49:12.055+0800: 34.256: [GC concurrent-cleanup-end, 0.0000080 secs]
2026-06-17T09:49:12.065+0800: 34.267: [GC pause (G1 Evacuation Pause) (young), 0.0135557 secs]
   [Parallel Time: 8.6 ms, GC Workers: 18]
      [GC Worker Start (ms): Min: 34266.8, Avg: 34268.3, Max: 34273.8, Diff: 7.0]
      [Ext Root Scanning (ms): Min: 0.0, Avg: 0.0, Max: 0.2, Diff: 0.2, Sum: 0.6]
      [Update RS (ms): Min: 0.0, Avg: 0.0, Max: 0.0, Diff: 0.0, Sum: 0.0]
         [Processed Buffers: Min: 0, Avg: 0.2, Max: 1, Diff: 1, Sum: 3]
      [Scan RS (ms): Min: 0.0, Avg: 0.0, Max: 0.0, Diff: 0.0, Sum: 0.0]
      [Code Root Scanning (ms): Min: 0.0, Avg: 0.0, Max: 0.0, Diff: 0.0, Sum: 0.0]
      [Object Copy (ms): Min: 0.0, Avg: 0.0, Max: 0.2, Diff: 0.2, Sum: 0.8]
      [Termination (ms): Min: 0.0, Avg: 5.6, Max: 7.2, Diff: 7.2, Sum: 101.6]
         [Termination Attempts: Min: 1, Avg: 1.0, Max: 1, Diff: 0, Sum: 18]
      [GC Worker Other (ms): Min: 0.0, Avg: 0.0, Max: 0.2, Diff: 0.2, Sum: 0.3]
      [GC Worker Total (ms): Min: 0.0, Avg: 5.7, Max: 7.5, Diff: 7.4, Sum: 103.4]
      [GC Worker End (ms): Min: 34273.8, Avg: 34274.0, Max: 34274.5, Diff: 0.6]
   [Code Root Fixup: 0.0 ms]
   [Code Root Purge: 0.0 ms]
   [Clear CT: 0.9 ms]
   [Other: 4.1 ms]
      [Choose CSet: 0.0 ms]
      [Ref Proc: 3.4 ms]
      [Ref Enq: 0.0 ms]
      [Redirty Cards: 0.7 ms]
      [Humongous Register: 0.0 ms]
      [Humongous Reclaim: 0.0 ms]
      [Free CSet: 0.0 ms]
   [Eden: 7168.0K(7168.0K)->0.0B(1024.0K) Survivors: 2048.0K->2048.0K Heap: 44583.6K(65536.0K)->40759.6K(65536.0K)]
 [Times: user=0.13 sys=0.00, real=0.01 secs] 
2026-06-17T09:49:12.081+0800: 34.282: [GC pause (G1 Evacuation Pause) (mixed), 0.0085548 secs]
   [Parallel Time: 3.9 ms, GC Workers: 18]
      [GC Worker Start (ms): Min: 34281.9, Avg: 34282.9, Max: 34284.3, Diff: 2.4]
      [Ext Root Scanning (ms): Min: 0.0, Avg: 0.0, Max: 0.1, Diff: 0.1, Sum: 0.3]
      [Update RS (ms): Min: 0.0, Avg: 0.0, Max: 0.0, Diff: 0.0, Sum: 0.0]
         [Processed Buffers: Min: 0, Avg: 0.2, Max: 2, Diff: 2, Sum: 4]
      [Scan RS (ms): Min: 0.0, Avg: 0.0, Max: 0.0, Diff: 0.0, Sum: 0.0]
      [Code Root Scanning (ms): Min: 0.0, Avg: 0.0, Max: 0.0, Diff: 0.0, Sum: 0.0]
      [Object Copy (ms): Min: 0.0, Avg: 0.1, Max: 0.3, Diff: 0.3, Sum: 1.1]
      [Termination (ms): Min: 0.0, Avg: 1.5, Max: 2.5, Diff: 2.5, Sum: 26.8]
         [Termination Attempts: Min: 1, Avg: 1.0, Max: 1, Diff: 0, Sum: 18]
      [GC Worker Other (ms): Min: 0.0, Avg: 0.0, Max: 0.0, Diff: 0.0, Sum: 0.1]
      [GC Worker Total (ms): Min: 0.0, Avg: 1.6, Max: 2.7, Diff: 2.7, Sum: 28.4]
      [GC Worker End (ms): Min: 34284.3, Avg: 34284.5, Max: 34284.9, Diff: 0.6]
   [Code Root Fixup: 0.0 ms]
   [Code Root Purge: 0.0 ms]
   [Clear CT: 1.4 ms]
   [Other: 3.3 ms]
      [Choose CSet: 0.0 ms]
      [Ref Proc: 2.6 ms]
      [Ref Enq: 0.0 ms]
      [Redirty Cards: 0.6 ms]
      [Humongous Register: 0.0 ms]
      [Humongous Reclaim: 0.0 ms]
      [Free CSet: 0.0 ms]
   [Eden: 1024.0K(1024.0K)->0.0B(2048.0K) Survivors: 2048.0K->1024.0K Heap: 41783.6K(65536.0K)->38934.0K(65536.0K)]
 [Times: user=0.04 sys=0.00, real=0.01 secs] 
2026-06-17T09:49:12.101+0800: 34.302: [GC pause (G1 Evacuation Pause) (mixed), 0.0104160 secs]
   [Parallel Time: 4.9 ms, GC Workers: 18]
      [GC Worker Start (ms): Min: 34302.2, Avg: 34303.5, Max: 34305.0, Diff: 2.9]
      [Ext Root Scanning (ms): Min: 0.0, Avg: 0.0, Max: 0.2, Diff: 0.2, Sum: 0.6]
      [Update RS (ms): Min: 0.0, Avg: 0.0, Max: 0.0, Diff: 0.0, Sum: 0.1]
         [Processed Buffers: Min: 0, Avg: 0.3, Max: 2, Diff: 2, Sum: 5]
      [Scan RS (ms): Min: 0.0, Avg: 0.0, Max: 0.0, Diff: 0.0, Sum: 0.1]
      [Code Root Scanning (ms): Min: 0.0, Avg: 0.0, Max: 0.0, Diff: 0.0, Sum: 0.0]
      [Object Copy (ms): Min: 0.0, Avg: 0.0, Max: 0.2, Diff: 0.2, Sum: 0.7]
      [Termination (ms): Min: 0.0, Avg: 1.7, Max: 3.0, Diff: 3.0, Sum: 31.2]
         [Termination Attempts: Min: 1, Avg: 1.0, Max: 1, Diff: 0, Sum: 18]
      [GC Worker Other (ms): Min: 0.0, Avg: 0.0, Max: 0.0, Diff: 0.0, Sum: 0.2]
      [GC Worker Total (ms): Min: 0.0, Avg: 1.8, Max: 3.4, Diff: 3.4, Sum: 32.9]
      [GC Worker End (ms): Min: 34305.1, Avg: 34305.3, Max: 34305.7, Diff: 0.6]
   [Code Root Fixup: 0.0 ms]
   [Code Root Purge: 0.0 ms]
   [Clear CT: 0.9 ms]
   [Other: 4.7 ms]
      [Choose CSet: 0.0 ms]
      [Ref Proc: 4.0 ms]
      [Ref Enq: 0.0 ms]
      [Redirty Cards: 0.7 ms]
      [Humongous Register: 0.0 ms]
      [Humongous Reclaim: 0.0 ms]
      [Free CSet: 0.0 ms]
   [Eden: 2048.0K(2048.0K)->0.0B(10240.0K) Survivors: 1024.0K->1024.0K Heap: 40982.0K(65536.0K)->37548.6K(65536.0K)]
 [Times: user=0.06 sys=0.01, real=0.02 secs] 
2026-06-17T09:49:12.134+0800: 34.335: [GC pause (G1 Evacuation Pause) (young), 0.0210231 secs]
   [Parallel Time: 12.0 ms, GC Workers: 18]
      [GC Worker Start (ms): Min: 34335.1, Avg: 34337.4, Max: 34344.3, Diff: 9.2]
      [Ext Root Scanning (ms): Min: 0.0, Avg: 0.1, Max: 0.4, Diff: 0.4, Sum: 1.0]
      [Update RS (ms): Min: 0.0, Avg: 0.0, Max: 0.1, Diff: 0.1, Sum: 0.3]
         [Processed Buffers: Min: 0, Avg: 0.3, Max: 2, Diff: 2, Sum: 5]
      [Scan RS (ms): Min: 0.0, Avg: 0.0, Max: 0.0, Diff: 0.0, Sum: 0.0]
      [Code Root Scanning (ms): Min: 0.0, Avg: 0.0, Max: 0.0, Diff: 0.0, Sum: 0.0]
      [Object Copy (ms): Min: 0.0, Avg: 0.1, Max: 0.3, Diff: 0.2, Sum: 1.0]
      [Termination (ms): Min: 0.0, Avg: 7.2, Max: 9.6, Diff: 9.6, Sum: 130.3]
         [Termination Attempts: Min: 1, Avg: 1.0, Max: 1, Diff: 0, Sum: 18]
      [GC Worker Other (ms): Min: 0.0, Avg: 0.0, Max: 0.1, Diff: 0.1, Sum: 0.3]
      [GC Worker Total (ms): Min: 0.0, Avg: 7.4, Max: 9.8, Diff: 9.8, Sum: 133.1]
      [GC Worker End (ms): Min: 34344.3, Avg: 34344.8, Max: 34345.5, Diff: 1.2]
   [Code Root Fixup: 0.0 ms]
   [Code Root Purge: 0.0 ms]
   [Clear CT: 1.7 ms]
   [Other: 7.3 ms]
      [Choose CSet: 0.0 ms]
      [Ref Proc: 6.5 ms]
      [Ref Enq: 0.0 ms]
      [Redirty Cards: 0.7 ms]
      [Humongous Register: 0.0 ms]
      [Humongous Reclaim: 0.0 ms]
      [Free CSet: 0.0 ms]
   [Eden: 10240.0K(10240.0K)->0.0B(8192.0K) Survivors: 1024.0K->2048.0K Heap: 47788.6K(65536.0K)->40704.6K(65536.0K)]
 [Times: user=0.20 sys=0.00, real=0.02 secs] 
2026-06-17T09:49:12.177+0800: 34.379: [GC pause (G1 Evacuation Pause) (young) (initial-mark), 0.0247908 secs]
   [Parallel Time: 15.6 ms, GC Workers: 18]
      [GC Worker Start (ms): Min: 34378.9, Avg: 34380.2, Max: 34381.3, Diff: 2.4]
      [Ext Root Scanning (ms): Min: 0.0, Avg: 3.7, Max: 11.2, Diff: 11.1, Sum: 66.7]
      [Update RS (ms): Min: 0.0, Avg: 0.0, Max: 0.0, Diff: 0.0, Sum: 0.1]
         [Processed Buffers: Min: 0, Avg: 0.2, Max: 4, Diff: 4, Sum: 4]
      [Scan RS (ms): Min: 0.0, Avg: 0.0, Max: 0.0, Diff: 0.0, Sum: 0.0]
      [Code Root Scanning (ms): Min: 0.0, Avg: 0.0, Max: 0.0, Diff: 0.0, Sum: 0.0]
      [Object Copy (ms): Min: 0.0, Avg: 0.1, Max: 0.2, Diff: 0.2, Sum: 1.0]
      [Termination (ms): Min: 0.0, Avg: 8.6, Max: 11.3, Diff: 11.3, Sum: 155.3]
         [Termination Attempts: Min: 1, Avg: 1.1, Max: 2, Diff: 1, Sum: 20]
      [GC Worker Other (ms): Min: 0.0, Avg: 0.0, Max: 0.0, Diff: 0.0, Sum: 0.3]
      [GC Worker Total (ms): Min: 11.2, Avg: 12.4, Max: 13.8, Diff: 2.7, Sum: 223.4]
      [GC Worker End (ms): Min: 34392.3, Avg: 34392.6, Max: 34393.1, Diff: 0.8]
   [Code Root Fixup: 0.0 ms]
   [Code Root Purge: 0.0 ms]
   [Clear CT: 2.2 ms]
   [Other: 7.1 ms]
      [Choose CSet: 0.0 ms]
      [Ref Proc: 5.9 ms]
      [Ref Enq: 0.0 ms]
      [Redirty Cards: 1.1 ms]
      [Humongous Register: 0.0 ms]
      [Humongous Reclaim: 0.0 ms]
      [Free CSet: 0.0 ms]
   [Eden: 8192.0K(8192.0K)->0.0B(6144.0K) Survivors: 2048.0K->2048.0K Heap: 48896.6K(65536.0K)->43205.6K(65536.0K)]
 [Times: user=0.21 sys=0.01, real=0.03 secs] 
2026-06-17T09:49:12.204+0800: 34.405: [GC concurrent-root-region-scan-start]
2026-06-17T09:49:12.204+0800: 34.406: [GC concurrent-root-region-scan-end, 0.0004729 secs]
2026-06-17T09:49:12.204+0800: 34.406: [GC concurrent-mark-start]
2026-06-17T09:49:12.205+0800: 34.406: [GC concurrent-mark-end, 0.0005470 secs]
2026-06-17T09:49:12.205+0800: 34.406: [GC remark 2026-06-17T09:49:12.206+0800: 34.407: [Finalize Marking, 0.0098375 secs] 2026-06-17T09:49:12.216+0800: 34.418: [GC ref-proc, 0.0008464 secs] 2026-06-17T09:49:12.218+0800: 34.419: [Unloading, 0.0027227 secs], 0.0172312 secs]
 [Times: user=0.10 sys=0.00, real=0.02 secs] 
2026-06-17T09:49:12.224+0800: 34.425: [GC cleanup 47631K->44559K(65536K), 0.0028719 secs]
 [Times: user=0.00 sys=0.00, real=0.00 secs] 
2026-06-17T09:49:12.228+0800: 34.429: [GC concurrent-cleanup-start]
2026-06-17T09:49:12.228+0800: 34.429: [GC concurrent-cleanup-end, 0.0000072 secs]
2026-06-17T09:49:12.228+0800: 34.429: [GC pause (G1 Evacuation Pause) (young), 0.0109095 secs]
   [Parallel Time: 6.9 ms, GC Workers: 18]
      [GC Worker Start (ms): Min: 34429.1, Avg: 34430.4, Max: 34435.1, Diff: 5.9]
      [Ext Root Scanning (ms): Min: 0.0, Avg: 0.0, Max: 0.1, Diff: 0.1, Sum: 0.3]
      [Update RS (ms): Min: 0.0, Avg: 0.0, Max: 0.0, Diff: 0.0, Sum: 0.0]
         [Processed Buffers: Min: 0, Avg: 0.2, Max: 2, Diff: 2, Sum: 3]
      [Scan RS (ms): Min: 0.0, Avg: 0.0, Max: 0.0, Diff: 0.0, Sum: 0.0]
      [Code Root Scanning (ms): Min: 0.0, Avg: 0.0, Max: 0.0, Diff: 0.0, Sum: 0.0]
      [Object Copy (ms): Min: 0.0, Avg: 0.0, Max: 0.2, Diff: 0.2, Sum: 0.6]
      [Termination (ms): Min: 0.0, Avg: 4.8, Max: 6.0, Diff: 6.0, Sum: 86.2]
         [Termination Attempts: Min: 1, Avg: 1.0, Max: 1, Diff: 0, Sum: 18]
      [GC Worker Other (ms): Min: 0.0, Avg: 0.0, Max: 0.0, Diff: 0.0, Sum: 0.1]
      [GC Worker Total (ms): Min: 0.0, Avg: 4.9, Max: 6.2, Diff: 6.2, Sum: 87.3]
      [GC Worker End (ms): Min: 34435.1, Avg: 34435.2, Max: 34435.5, Diff: 0.4]
   [Code Root Fixup: 0.0 ms]
   [Code Root Purge: 0.0 ms]
